[0.002s][info][metaspace]  - commit_granule_bytes: 65536.
[0.003s][info][metaspace]  - commit_granule_words: 8192.
[0.003s][info][metaspace]  - virtual_space_node_default_size: 8388608.
[0.003s][info][metaspace]  - enlarge_chunks_in_place: 1.
[0.005s][info][gc,init  ] CardTable entry size: 512
[0.008s][info][gc       ] Using G1
[0.013s][info][gc,init  ] Version: 24-internal-adhoc.root.jdk (release)
[0.013s][info][gc,init  ] CPUs: 2 total, 2 available
[0.013s][info][gc,init  ] Memory: 3908M
[0.013s][info][gc,init  ] Large Page Support: Disabled
[0.013s][info][gc,init  ] NUMA Support: Disabled
[0.013s][info][gc,init  ] Compressed Oops: Enabled (32-bit)
[0.013s][info][gc,init  ] Heap Region Size: 1M
[0.013s][info][gc,init  ] Heap Min Capacity: 256M
[0.013s][info][gc,init  ] Heap Initial Capacity: 256M
[0.013s][info][gc,init  ] Heap Max Capacity: 978M
[0.013s][info][gc,init  ] Pre-touch: Disabled
[0.013s][info][gc,init  ] Parallel Workers: 2
[0.013s][info][gc,init  ] Concurrent Workers: 1
[0.013s][info][gc,init  ] Concurrent Refinement Workers: 2
[0.013s][info][gc,init  ] Periodic GC: Disabled
[0.035s][info][gc,metaspace] CDS archive(s) mapped at: [0x00007f92ae000000-0x00007f92aee7b000-0x00007f92aee7b000), size 15183872, SharedBaseAddress: 0x00007f92ae000000, ArchiveRelocationMode: 1.
[0.035s][info][gc,metaspace] Compressed class space mapped at: 0x00007f92af000000-0x00007f92ef000000, reserved size: 1073741824
[0.035s][info][gc,metaspace] UseCompressedClassPointers 1, UseCompactObjectHeaders 1
[0.035s][info][gc,metaspace] Narrow klass pointer bits 22, Max shift 10
[0.035s][info][gc,metaspace] Narrow klass base: 0x00007f92ae000000, Narrow klass shift: 10
[0.035s][info][gc,metaspace] Encoding Range: [0x00007f92ae000000 - 0x00007f93ae000000), (4294967296 bytes)
[0.035s][info][gc,metaspace] Klass Range:    [0x00007f92ae000000 - 0x00007f92ef000000), (1090519040 bytes)
[0.035s][info][gc,metaspace] Klass ID Range:  [1 - 1064960) (1064959)
[0.670s][info][gc,start    ] GC(0) Pause Young (Normal) (G1 Evacuation Pause)
[0.670s][info][gc,task     ] GC(0) Using 2 workers of 2 for evacuation
[0.675s][info][gc,phases   ] GC(0)   Pre Evacuate Collection Set: 0.19ms
[0.675s][info][gc,phases   ] GC(0)   Merge Heap Roots: 0.09ms
[0.675s][info][gc,phases   ] GC(0)   Evacuate Collection Set: 3.91ms
[0.675s][info][gc,phases   ] GC(0)   Post Evacuate Collection Set: 0.28ms
[0.675s][info][gc,phases   ] GC(0)   Other: 0.23ms
[0.675s][info][gc,heap     ] GC(0) Eden regions: 12->0(10)
[0.675s][info][gc,heap     ] GC(0) Survivor regions: 0->2(2)
[0.675s][info][gc,heap     ] GC(0) Old regions: 2->2
[0.675s][info][gc,heap     ] GC(0) Humongous regions: 0->0
[0.675s][info][gc,metaspace] GC(0) Metaspace: 2379K(2496K)->2379K(2496K) NonClass: 2053K(2112K)->2053K(2112K) Class: 325K(384K)->325K(384K)
[0.675s][info][gc          ] GC(0) Pause Young (Normal) (G1 Evacuation Pause) 13M->2M(258M) 4.932ms
[0.675s][info][gc,cpu      ] GC(0) User=0.01s Sys=0.00s Real=0.00s
[0.740s][info][gc,start    ] GC(1) Pause Young (Normal) (G1 Evacuation Pause)
[0.740s][info][gc,task     ] GC(1) Using 2 workers of 2 for evacuation
[0.743s][info][gc,phases   ] GC(1)   Pre Evacuate Collection Set: 0.14ms
[0.743s][info][gc,phases   ] GC(1)   Merge Heap Roots: 0.04ms
[0.743s][info][gc,phases   ] GC(1)   Evacuate Collection Set: 2.73ms
[0.743s][info][gc,phases   ] GC(1)   Post Evacuate Collection Set: 0.18ms
[0.743s][info][gc,phases   ] GC(1)   Other: 0.06ms
[0.743s][info][gc,heap     ] GC(1) Eden regions: 10->0(20)
[0.743s][info][gc,heap     ] GC(1) Survivor regions: 2->1(2)
[0.743s][info][gc,heap     ] GC(1) Old regions: 2->4
[0.743s][info][gc,heap     ] GC(1) Humongous regions: 0->0
[0.743s][info][gc,metaspace] GC(1) Metaspace: 2462K(2624K)->2462K(2624K) NonClass: 2135K(2240K)->2135K(2240K) Class: 327K(384K)->327K(384K)
[0.743s][info][gc          ] GC(1) Pause Young (Normal) (G1 Evacuation Pause) 12M->2M(258M) 3.308ms
[0.743s][info][gc,cpu      ] GC(1) User=0.00s Sys=0.00s Real=0.00s
[1.606s][info][gc,start    ] GC(2) Pause Young (Normal) (G1 Evacuation Pause)
[1.607s][info][gc,task     ] GC(2) Using 2 workers of 2 for evacuation
[1.609s][info][gc,phases   ] GC(2)   Pre Evacuate Collection Set: 0.13ms
[1.609s][info][gc,phases   ] GC(2)   Merge Heap Roots: 0.03ms
[1.609s][info][gc,phases   ] GC(2)   Evacuate Collection Set: 2.47ms
[1.609s][info][gc,phases   ] GC(2)   Post Evacuate Collection Set: 0.21ms
[1.609s][info][gc,phases   ] GC(2)   Other: 0.08ms
[1.609s][info][gc,heap     ] GC(2) Eden regions: 20->0(23)
[1.609s][info][gc,heap     ] GC(2) Survivor regions: 1->2(3)
[1.609s][info][gc,heap     ] GC(2) Old regions: 4->4
[1.609s][info][gc,heap     ] GC(2) Humongous regions: 0->0
[1.610s][info][gc,metaspace] GC(2) Metaspace: 4799K(4928K)->4799K(4928K) NonClass: 4152K(4224K)->4152K(4224K) Class: 646K(704K)->646K(704K)
[1.610s][info][gc          ] GC(2) Pause Young (Normal) (G1 Evacuation Pause) 22M->4M(258M) 3.071ms
[1.610s][info][gc,cpu      ] GC(2) User=0.00s Sys=0.00s Real=0.01s
[2.119s][info][gc,start    ] GC(3) Pause Young (Normal) (G1 Evacuation Pause)
[2.119s][info][gc,task     ] GC(3) Using 2 workers of 2 for evacuation
[2.126s][info][gc,phases   ] GC(3)   Pre Evacuate Collection Set: 0.16ms
[2.126s][info][gc,phases   ] GC(3)   Merge Heap Roots: 0.04ms
[2.126s][info][gc,phases   ] GC(3)   Evacuate Collection Set: 6.38ms
[2.126s][info][gc,phases   ] GC(3)   Post Evacuate Collection Set: 0.37ms
[2.126s][info][gc,phases   ] GC(3)   Other: 0.08ms
[2.126s][info][gc,heap     ] GC(3) Eden regions: 23->0(26)
[2.126s][info][gc,heap     ] GC(3) Survivor regions: 2->4(4)
[2.126s][info][gc,heap     ] GC(3) Old regions: 4->4
[2.126s][info][gc,heap     ] GC(3) Humongous regions: 0->0
[2.126s][info][gc,metaspace] GC(3) Metaspace: 8822K(9024K)->8822K(9024K) NonClass: 7611K(7680K)->7611K(7680K) Class: 1211K(1344K)->1211K(1344K)
[2.126s][info][gc          ] GC(3) Pause Young (Normal) (G1 Evacuation Pause) 27M->6M(258M) 7.221ms
[2.126s][info][gc,cpu      ] GC(3) User=0.01s Sys=0.00s Real=0.01s
[3.152s][info][gc,start    ] GC(4) Pause Young (Normal) (G1 Evacuation Pause)
[3.152s][info][gc,task     ] GC(4) Using 2 workers of 2 for evacuation
[3.163s][info][gc,phases   ] GC(4)   Pre Evacuate Collection Set: 0.13ms
[3.163s][info][gc,phases   ] GC(4)   Merge Heap Roots: 0.04ms
[3.163s][info][gc,phases   ] GC(4)   Evacuate Collection Set: 10.17ms
[3.163s][info][gc,phases   ] GC(4)   Post Evacuate Collection Set: 0.46ms
[3.163s][info][gc,phases   ] GC(4)   Other: 0.07ms
[3.163s][info][gc,heap     ] GC(4) Eden regions: 26->0(36)
[3.163s][info][gc,heap     ] GC(4) Survivor regions: 4->3(4)
[3.163s][info][gc,heap     ] GC(4) Old regions: 4->8
[3.163s][info][gc,heap     ] GC(4) Humongous regions: 0->0
[3.163s][info][gc,metaspace] GC(4) Metaspace: 16337K(16704K)->16337K(16704K) NonClass: 14219K(14400K)->14219K(14400K) Class: 2117K(2304K)->2117K(2304K)
[3.163s][info][gc          ] GC(4) Pause Young (Normal) (G1 Evacuation Pause) 32M->8M(258M) 11.039ms
[3.163s][info][gc,cpu      ] GC(4) User=0.01s Sys=0.01s Real=0.01s
[6.411s][info][metaspace   ] Arena @0x00007f932417b7c0 (non-class arena): commit failure (requested size: 2495)
[6.411s][info][metaspace   ] ChkMgr @0x00007f9324162700 (non-class-space): failed to commit 2495 words on chunk @0x00007f932479afb0, f, base 0x00007f92a5300000, level lv04.
[6.411s][info][metaspace   ] Arena @0x00007f932417b7c0 (non-class arena): failed to allocate new chunk for requested word size 2495.
[6.411s][info][metaspace   ] Arena @0x00007f932417b7c0 (non-class arena): allocation failed, returned null.
[6.411s][info][metaspace   ] Arena @0x00007f932417b7c0 (non-class arena): commit failure (requested size: 2495)
[6.411s][info][metaspace   ] ChkMgr @0x00007f9324162700 (non-class-space): failed to commit 2495 words on chunk @0x00007f932479afb0, f, base 0x00007f92a5300000, level lv04.
[6.411s][info][metaspace   ] Arena @0x00007f932417b7c0 (non-class arena): failed to allocate new chunk for requested word size 2495.
[6.411s][info][metaspace   ] Arena @0x00007f932417b7c0 (non-class arena): allocation failed, returned null.
[6.411s][info][metaspace   ] Arena @0x00007f932417b7c0 (non-class arena): commit failure (requested size: 2495)
[6.411s][info][metaspace   ] ChkMgr @0x00007f9324162700 (non-class-space): failed to commit 2495 words on chunk @0x00007f932479afb0, f, base 0x00007f92a5300000, level lv04.
[6.411s][info][metaspace   ] Arena @0x00007f932417b7c0 (non-class arena): failed to allocate new chunk for requested word size 2495.
[6.411s][info][metaspace   ] Arena @0x00007f932417b7c0 (non-class arena): allocation failed, returned null.
[6.411s][info][gc,start    ] GC(5) Pause Young (Concurrent Start) (Metadata GC Threshold)
[6.411s][info][gc,task     ] GC(5) Using 2 workers of 2 for evacuation
[6.417s][info][gc,phases   ] GC(5)   Pre Evacuate Collection Set: 0.17ms
[6.417s][info][gc,phases   ] GC(5)   Merge Heap Roots: 0.04ms
[6.417s][info][gc,phases   ] GC(5)   Evacuate Collection Set: 5.58ms
[6.417s][info][gc,phases   ] GC(5)   Post Evacuate Collection Set: 0.33ms
[6.417s][info][gc,phases   ] GC(5)   Other: 0.08ms
[6.417s][info][gc,heap     ] GC(5) Eden regions: 34->0(47)
[6.417s][info][gc,heap     ] GC(5) Survivor regions: 3->3(5)
[6.417s][info][gc,heap     ] GC(5) Old regions: 8->8
[6.417s][info][gc,heap     ] GC(5) Humongous regions: 0->0
[6.417s][info][gc,metaspace] GC(5) Metaspace: 21092K(21504K)->21092K(21504K) NonClass: 18603K(18816K)->18603K(18816K) Class: 2488K(2688K)->2488K(2688K)
[6.417s][info][gc          ] GC(5) Pause Young (Concurrent Start) (Metadata GC Threshold) 42M->9M(258M) 6.363ms
[6.417s][info][gc,cpu      ] GC(5) User=0.01s Sys=0.00s Real=0.00s
[6.417s][info][metaspace   ] CLMS @0x00007f932417b790 : GC threshold increased: 22020096->22347776.
[6.417s][info][gc          ] GC(6) Concurrent Mark Cycle
[6.417s][info][gc,marking  ] GC(6) Concurrent Scan Root Regions
[6.420s][info][gc,marking  ] GC(6) Concurrent Scan Root Regions 3.085ms
[6.420s][info][gc,marking  ] GC(6) Concurrent Mark
[6.420s][info][gc,marking  ] GC(6) Concurrent Mark From Roots
[6.420s][info][gc,task     ] GC(6) Using 1 workers of 1 for marking
[6.436s][info][gc,marking  ] GC(6) Concurrent Mark From Roots 15.591ms
[6.436s][info][gc,marking  ] GC(6) Concurrent Preclean
[6.436s][info][gc,marking  ] GC(6) Concurrent Preclean 0.040ms
[6.436s][info][gc,start    ] GC(6) Pause Remark
[6.440s][info][gc          ] GC(6) Pause Remark 10M->10M(256M) 3.393ms
[6.440s][info][gc,cpu      ] GC(6) User=0.00s Sys=0.00s Real=0.01s
[6.440s][info][gc,marking  ] GC(6) Concurrent Mark 19.561ms
[6.440s][info][gc,marking  ] GC(6) Concurrent Rebuild Remembered Sets and Scrub Regions
[6.444s][info][gc,marking  ] GC(6) Concurrent Rebuild Remembered Sets and Scrub Regions 3.916ms
[6.444s][info][gc,start    ] GC(6) Pause Cleanup
[6.444s][info][gc          ] GC(6) Pause Cleanup 10M->10M(256M) 0.041ms
[6.444s][info][gc,cpu      ] GC(6) User=0.01s Sys=0.00s Real=0.00s
[6.444s][info][gc,marking  ] GC(6) Concurrent Clear Claimed Marks
[6.444s][info][gc,marking  ] GC(6) Concurrent Clear Claimed Marks 0.020ms
[6.444s][info][gc,marking  ] GC(6) Concurrent Cleanup for Next Mark
[6.448s][info][gc,marking  ] GC(6) Concurrent Cleanup for Next Mark 3.698ms
[6.448s][info][gc          ] GC(6) Concurrent Mark Cycle 30.507ms
[7.177s][info][gc,start    ] GC(7) Pause Young (Prepare Mixed) (G1 Evacuation Pause)
[7.177s][info][gc,task     ] GC(7) Using 2 workers of 2 for evacuation
[7.187s][info][gc,phases   ] GC(7)   Pre Evacuate Collection Set: 0.15ms
[7.187s][info][gc,phases   ] GC(7)   Merge Heap Roots: 0.05ms
[7.187s][info][gc,phases   ] GC(7)   Evacuate Collection Set: 8.90ms
[7.187s][info][gc,phases   ] GC(7)   Post Evacuate Collection Set: 0.67ms
[7.187s][info][gc,phases   ] GC(7)   Other: 0.09ms
[7.187s][info][gc,heap     ] GC(7) Eden regions: 45->0(54)
[7.187s][info][gc,heap     ] GC(7) Survivor regions: 3->5(6)
[7.187s][info][gc,heap     ] GC(7) Old regions: 8->8
[7.187s][info][gc,heap     ] GC(7) Humongous regions: 0->0
[7.187s][info][gc,metaspace] GC(7) Metaspace: 23945K(24320K)->23945K(24320K) NonClass: 21154K(21376K)->21154K(21376K) Class: 2791K(2944K)->2791K(2944K)
[7.187s][info][gc          ] GC(7) Pause Young (Prepare Mixed) (G1 Evacuation Pause) 54M->11M(256M) 10.023ms
[7.187s][info][gc,cpu      ] GC(7) User=0.02s Sys=0.00s Real=0.01s
[7.730s][info][gc,start    ] GC(8) Pause Young (Mixed) (G1 Evacuation Pause)
[7.730s][info][gc,task     ] GC(8) Using 2 workers of 2 for evacuation
[7.741s][info][gc,phases   ] GC(8)   Pre Evacuate Collection Set: 0.20ms
[7.741s][info][gc,phases   ] GC(8)   Merge Heap Roots: 0.06ms
[7.741s][info][gc,phases   ] GC(8)   Evacuate Collection Set: 9.87ms
[7.741s][info][gc,phases   ] GC(8)   Post Evacuate Collection Set: 0.63ms
[7.741s][info][gc,phases   ] GC(8)   Other: 0.10ms
[7.741s][info][gc,heap     ] GC(8) Eden regions: 53->0(66)
[7.741s][info][gc,heap     ] GC(8) Survivor regions: 5->3(8)
[7.741s][info][gc,heap     ] GC(8) Old regions: 8->10
[7.741s][info][gc,heap     ] GC(8) Humongous regions: 0->0
[7.741s][info][gc,metaspace] GC(8) Metaspace: 24300K(24704K)->24300K(24704K) NonClass: 21494K(21696K)->21494K(21696K) Class: 2806K(3008K)->2806K(3008K)
[7.741s][info][gc          ] GC(8) Pause Young (Mixed) (G1 Evacuation Pause) 64M->11M(256M) 11.028ms
[7.741s][info][gc,cpu      ] GC(8) User=0.01s Sys=0.00s Real=0.01s
[8.386s][info][gc,start    ] GC(9) Pause Young (Normal) (G1 Evacuation Pause)
[8.387s][info][gc,task     ] GC(9) Using 2 workers of 2 for evacuation
[8.395s][info][gc,phases   ] GC(9)   Pre Evacuate Collection Set: 0.14ms
[8.395s][info][gc,phases   ] GC(9)   Merge Heap Roots: 0.04ms
[8.395s][info][gc,phases   ] GC(9)   Evacuate Collection Set: 7.47ms
[8.395s][info][gc,phases   ] GC(9)   Post Evacuate Collection Set: 0.40ms
[8.395s][info][gc,phases   ] GC(9)   Other: 0.07ms
[8.395s][info][gc,heap     ] GC(9) Eden regions: 68->0(79)
[8.395s][info][gc,heap     ] GC(9) Survivor regions: 3->5(9)
[8.395s][info][gc,heap     ] GC(9) Old regions: 10->10
[8.395s][info][gc,heap     ] GC(9) Humongous regions: 0->0
[8.395s][info][gc,metaspace] GC(9) Metaspace: 25770K(26176K)->25770K(26176K) NonClass: 22772K(22976K)->22772K(22976K) Class: 2997K(3200K)->2997K(3200K)
[8.395s][info][gc          ] GC(9) Pause Young (Normal) (G1 Evacuation Pause) 79M->13M(256M) 8.279ms
[8.395s][info][gc,cpu      ] GC(9) User=0.02s Sys=0.00s Real=0.01s
[9.042s][info][gc,start    ] GC(10) Pause Young (Normal) (G1 Evacuation Pause)
[9.042s][info][gc,task     ] GC(10) Using 2 workers of 2 for evacuation
[9.059s][info][gc,phases   ] GC(10)   Pre Evacuate Collection Set: 0.15ms
[9.059s][info][gc,phases   ] GC(10)   Merge Heap Roots: 0.05ms
[9.059s][info][gc,phases   ] GC(10)   Evacuate Collection Set: 15.85ms
[9.059s][info][gc,phases   ] GC(10)   Post Evacuate Collection Set: 0.46ms
[9.059s][info][gc,phases   ] GC(10)   Other: 0.10ms
[9.059s][info][gc,heap     ] GC(10) Eden regions: 81->0(92)
[9.059s][info][gc,heap     ] GC(10) Survivor regions: 5->9(11)
[9.059s][info][gc,heap     ] GC(10) Old regions: 10->10
[9.059s][info][gc,heap     ] GC(10) Humongous regions: 78->2
[9.059s][info][gc,metaspace] GC(10) Metaspace: 26056K(26432K)->26056K(26432K) NonClass: 23048K(23232K)->23048K(23232K) Class: 3008K(3200K)->3008K(3200K)
[9.059s][info][gc          ] GC(10) Pause Young (Normal) (G1 Evacuation Pause) 172M->19M(256M) 16.803ms
[9.059s][info][gc,cpu      ] GC(10) User=0.03s Sys=0.01s Real=0.01s
[9.733s][info][gc,start    ] GC(11) Pause Young (Normal) (G1 Evacuation Pause)
[9.733s][info][gc,task     ] GC(11) Using 2 workers of 2 for evacuation
[9.747s][info][gc,phases   ] GC(11)   Pre Evacuate Collection Set: 0.15ms
[9.747s][info][gc,phases   ] GC(11)   Merge Heap Roots: 0.05ms
[9.747s][info][gc,phases   ] GC(11)   Evacuate Collection Set: 12.77ms
[9.747s][info][gc,phases   ] GC(11)   Post Evacuate Collection Set: 0.43ms
[9.747s][info][gc,phases   ] GC(11)   Other: 0.11ms
[9.747s][info][gc,heap     ] GC(11) Eden regions: 93->0(112)
[9.747s][info][gc,heap     ] GC(11) Survivor regions: 9->7(13)
[9.747s][info][gc,heap     ] GC(11) Old regions: 10->11
[9.747s][info][gc,heap     ] GC(11) Humongous regions: 50->0
[9.747s][info][gc,metaspace] GC(11) Metaspace: 26341K(26752K)->26341K(26752K) NonClass: 23318K(23552K)->23318K(23552K) Class: 3022K(3200K)->3022K(3200K)
[9.747s][info][gc          ] GC(11) Pause Young (Normal) (G1 Evacuation Pause) 160M->17M(256M) 13.700ms
[9.747s][info][gc,cpu      ] GC(11) User=0.02s Sys=0.00s Real=0.01s
[11.536s][info][gc,start    ] GC(12) Pause Young (Normal) (G1 Evacuation Pause)
[11.536s][info][gc,task     ] GC(12) Using 2 workers of 2 for evacuation
[11.551s][info][gc,phases   ] GC(12)   Pre Evacuate Collection Set: 0.15ms
[11.551s][info][gc,phases   ] GC(12)   Merge Heap Roots: 0.06ms
[11.551s][info][gc,phases   ] GC(12)   Evacuate Collection Set: 13.59ms
[11.551s][info][gc,phases   ] GC(12)   Post Evacuate Collection Set: 0.45ms
[11.551s][info][gc,phases   ] GC(12)   Other: 0.10ms
[11.551s][info][gc,heap     ] GC(12) Eden regions: 113->0(135)
[11.551s][info][gc,heap     ] GC(12) Survivor regions: 7->10(15)
[11.551s][info][gc,heap     ] GC(12) Old regions: 11->11
[11.551s][info][gc,heap     ] GC(12) Humongous regions: 0->0
[11.551s][info][gc,metaspace] GC(12) Metaspace: 28381K(28864K)->28381K(28864K) NonClass: 25169K(25408K)->25169K(25408K) Class: 3211K(3456K)->3211K(3456K)
[11.551s][info][gc          ] GC(12) Pause Young (Normal) (G1 Evacuation Pause) 130M->20M(256M) 14.555ms
[11.551s][info][gc,cpu      ] GC(12) User=0.02s Sys=0.00s Real=0.02s
[12.923s][info][gc,start    ] GC(13) Pause Young (Normal) (G1 Evacuation Pause)
[12.923s][info][gc,task     ] GC(13) Using 2 workers of 2 for evacuation
[12.936s][info][gc,phases   ] GC(13)   Pre Evacuate Collection Set: 0.14ms
[12.936s][info][gc,phases   ] GC(13)   Merge Heap Roots: 0.06ms
[12.936s][info][gc,phases   ] GC(13)   Evacuate Collection Set: 11.94ms
[12.936s][info][gc,phases   ] GC(13)   Post Evacuate Collection Set: 0.40ms
[12.936s][info][gc,phases   ] GC(13)   Other: 0.14ms
[12.936s][info][gc,heap     ] GC(13) Eden regions: 135->0(145)
[12.936s][info][gc,heap     ] GC(13) Survivor regions: 10->8(19)
[12.936s][info][gc,heap     ] GC(13) Old regions: 11->11
[12.936s][info][gc,heap     ] GC(13) Humongous regions: 0->0
[12.936s][info][gc,metaspace] GC(13) Metaspace: 28548K(29056K)->28548K(29056K) NonClass: 25314K(25600K)->25314K(25600K) Class: 3233K(3456K)->3233K(3456K)
[12.936s][info][gc          ] GC(13) Pause Young (Normal) (G1 Evacuation Pause) 155M->18M(256M) 12.905ms
[12.936s][info][gc,cpu      ] GC(13) User=0.02s Sys=0.00s Real=0.01s
[14.296s][info][gc,start    ] GC(14) Pause Young (Normal) (G1 Evacuation Pause)
[14.296s][info][gc,task     ] GC(14) Using 2 workers of 2 for evacuation
[14.310s][info][gc,phases   ] GC(14)   Pre Evacuate Collection Set: 0.16ms
[14.310s][info][gc,phases   ] GC(14)   Merge Heap Roots: 0.05ms
[14.310s][info][gc,phases   ] GC(14)   Evacuate Collection Set: 12.73ms
[14.310s][info][gc,phases   ] GC(14)   Post Evacuate Collection Set: 0.40ms
[14.310s][info][gc,phases   ] GC(14)   Other: 0.10ms
[14.310s][info][gc,heap     ] GC(14) Eden regions: 145->0(145)
[14.310s][info][gc,heap     ] GC(14) Survivor regions: 8->8(20)
[14.310s][info][gc,heap     ] GC(14) Old regions: 11->11
[14.310s][info][gc,heap     ] GC(14) Humongous regions: 0->0
[14.310s][info][gc,metaspace] GC(14) Metaspace: 28558K(29056K)->28558K(29056K) NonClass: 25322K(25600K)->25322K(25600K) Class: 3235K(3456K)->3235K(3456K)
[14.310s][info][gc          ] GC(14) Pause Young (Normal) (G1 Evacuation Pause) 163M->17M(256M) 13.635ms
[14.310s][info][gc,cpu      ] GC(14) User=0.02s Sys=0.00s Real=0.02s
[15.407s][info][gc,start    ] GC(15) Pause Young (Normal) (G1 Evacuation Pause)
[15.407s][info][gc,task     ] GC(15) Using 2 workers of 2 for evacuation
[15.414s][info][gc,phases   ] GC(15)   Pre Evacuate Collection Set: 0.20ms
[15.414s][info][gc,phases   ] GC(15)   Merge Heap Roots: 0.06ms
[15.414s][info][gc,phases   ] GC(15)   Evacuate Collection Set: 5.85ms
[15.414s][info][gc,phases   ] GC(15)   Post Evacuate Collection Set: 0.37ms
[15.414s][info][gc,phases   ] GC(15)   Other: 0.11ms
[15.414s][info][gc,heap     ] GC(15) Eden regions: 145->0(147)
[15.414s][info][gc,heap     ] GC(15) Survivor regions: 8->6(20)
[15.414s][info][gc,heap     ] GC(15) Old regions: 11->11
[15.414s][info][gc,heap     ] GC(15) Humongous regions: 0->0
[15.414s][info][gc,metaspace] GC(15) Metaspace: 28572K(29056K)->28572K(29056K) NonClass: 25335K(25600K)->25335K(25600K) Class: 3237K(3456K)->3237K(3456K)
[15.414s][info][gc          ] GC(15) Pause Young (Normal) (G1 Evacuation Pause) 162M->16M(256M) 6.796ms
[15.414s][info][gc,cpu      ] GC(15) User=0.02s Sys=0.00s Real=0.01s
[16.617s][info][gc,start    ] GC(16) Pause Young (Normal) (G1 Evacuation Pause)
[16.617s][info][gc,task     ] GC(16) Using 2 workers of 2 for evacuation
[16.623s][info][gc,phases   ] GC(16)   Pre Evacuate Collection Set: 0.14ms
[16.623s][info][gc,phases   ] GC(16)   Merge Heap Roots: 0.07ms
[16.623s][info][gc,phases   ] GC(16)   Evacuate Collection Set: 5.96ms
[16.623s][info][gc,phases   ] GC(16)   Post Evacuate Collection Set: 0.45ms
[16.623s][info][gc,phases   ] GC(16)   Other: 0.07ms
[16.623s][info][gc,heap     ] GC(16) Eden regions: 147->0(147)
[16.623s][info][gc,heap     ] GC(16) Survivor regions: 6->6(20)
[16.623s][info][gc,heap     ] GC(16) Old regions: 11->11
[16.623s][info][gc,heap     ] GC(16) Humongous regions: 3->2
[16.623s][info][gc,metaspace] GC(16) Metaspace: 28600K(29120K)->28600K(29120K) NonClass: 25363K(25664K)->25363K(25664K) Class: 3237K(3456K)->3237K(3456K)
[16.623s][info][gc          ] GC(16) Pause Young (Normal) (G1 Evacuation Pause) 166M->18M(256M) 6.878ms
[16.623s][info][gc,cpu      ] GC(16) User=0.01s Sys=0.00s Real=0.01s
[17.100s][info][gc,start    ] GC(17) Pause Young (Normal) (G1 Evacuation Pause)
[17.100s][info][gc,task     ] GC(17) Using 2 workers of 2 for evacuation
[17.132s][info][gc,phases   ] GC(17)   Pre Evacuate Collection Set: 0.14ms
[17.132s][info][gc,phases   ] GC(17)   Merge Heap Roots: 0.07ms
[17.132s][info][gc,phases   ] GC(17)   Evacuate Collection Set: 31.00ms
[17.132s][info][gc,phases   ] GC(17)   Post Evacuate Collection Set: 0.50ms
[17.132s][info][gc,phases   ] GC(17)   Other: 0.07ms
[17.132s][info][gc,heap     ] GC(17) Eden regions: 147->0(133)
[17.132s][info][gc,heap     ] GC(17) Survivor regions: 6->20(20)
[17.132s][info][gc,heap     ] GC(17) Old regions: 11->14
[17.132s][info][gc,heap     ] GC(17) Humongous regions: 3->3
[17.132s][info][gc,metaspace] GC(17) Metaspace: 28653K(29120K)->28653K(29120K) NonClass: 25398K(25664K)->25398K(25664K) Class: 3254K(3456K)->3254K(3456K)
[17.132s][info][gc          ] GC(17) Pause Young (Normal) (G1 Evacuation Pause) 166M->36M(256M) 31.990ms
[17.132s][info][gc,cpu      ] GC(17) User=0.05s Sys=0.01s Real=0.03s
[17.136s][info][gc,start    ] GC(18) Pause Young (Normal) (G1 Evacuation Pause)
[17.136s][info][gc,task     ] GC(18) Using 2 workers of 2 for evacuation
[17.157s][info][gc,phases   ] GC(18)   Pre Evacuate Collection Set: 0.15ms
[17.157s][info][gc,phases   ] GC(18)   Merge Heap Roots: 0.14ms
[17.157s][info][gc,phases   ] GC(18)   Evacuate Collection Set: 20.35ms
[17.157s][info][gc,phases   ] GC(18)   Post Evacuate Collection Set: 0.33ms
[17.157s][info][gc,phases   ] GC(18)   Other: 0.06ms
[17.157s][info][gc,heap     ] GC(18) Eden regions: 1->0(152)
[17.157s][info][gc,heap     ] GC(18) Survivor regions: 20->1(3)
[17.157s][info][gc,heap     ] GC(18) Old regions: 14->35
[17.157s][info][gc,heap     ] GC(18) Humongous regions: 3->3
[17.157s][info][gc,metaspace] GC(18) Metaspace: 28653K(29120K)->28653K(29120K) NonClass: 25398K(25664K)->25398K(25664K) Class: 3254K(3456K)->3254K(3456K)
[17.157s][info][gc          ] GC(18) Pause Young (Normal) (G1 Evacuation Pause) 37M->37M(256M) 21.205ms
[17.157s][info][gc,cpu      ] GC(18) User=0.04s Sys=0.00s Real=0.02s
[17.706s][info][gc,start    ] GC(19) Pause Young (Normal) (G1 Evacuation Pause)
[17.707s][info][gc,task     ] GC(19) Using 2 workers of 2 for evacuation
[17.738s][info][gc,phases   ] GC(19)   Pre Evacuate Collection Set: 0.15ms
[17.738s][info][gc,phases   ] GC(19)   Merge Heap Roots: 0.08ms
[17.738s][info][gc,phases   ] GC(19)   Evacuate Collection Set: 30.72ms
[17.738s][info][gc,phases   ] GC(19)   Post Evacuate Collection Set: 0.57ms
[17.738s][info][gc,phases   ] GC(19)   Other: 0.08ms
[17.738s][info][gc,heap     ] GC(19) Eden regions: 152->0(134)
[17.738s][info][gc,heap     ] GC(19) Survivor regions: 1->19(20)
[17.738s][info][gc,heap     ] GC(19) Old regions: 35->35
[17.738s][info][gc,heap     ] GC(19) Humongous regions: 5->5
[17.738s][info][gc,metaspace] GC(19) Metaspace: 28706K(29184K)->28706K(29184K) NonClass: 25446K(25728K)->25446K(25728K) Class: 3260K(3456K)->3260K(3456K)
[17.738s][info][gc          ] GC(19) Pause Young (Normal) (G1 Evacuation Pause) 191M->57M(256M) 31.842ms
[17.738s][info][gc,cpu      ] GC(19) User=0.07s Sys=0.00s Real=0.03s
[18.139s][info][gc,start    ] GC(20) Pause Young (Normal) (G1 Evacuation Pause)
[18.139s][info][gc,task     ] GC(20) Using 2 workers of 2 for evacuation
[18.181s][info][gc,phases   ] GC(20)   Pre Evacuate Collection Set: 0.16ms
[18.181s][info][gc,phases   ] GC(20)   Merge Heap Roots: 0.10ms
[18.181s][info][gc,phases   ] GC(20)   Evacuate Collection Set: 41.81ms
[18.181s][info][gc,phases   ] GC(20)   Post Evacuate Collection Set: 0.40ms
[18.181s][info][gc,phases   ] GC(20)   Other: 0.07ms
[18.181s][info][gc,heap     ] GC(20) Eden regions: 134->0(137)
[18.181s][info][gc,heap     ] GC(20) Survivor regions: 19->16(20)
[18.181s][info][gc,heap     ] GC(20) Old regions: 35->54
[18.181s][info][gc,heap     ] GC(20) Humongous regions: 5->5
[18.181s][info][gc,metaspace] GC(20) Metaspace: 28710K(29184K)->28710K(29184K) NonClass: 25450K(25728K)->25450K(25728K) Class: 3260K(3456K)->3260K(3456K)
[18.181s][info][gc          ] GC(20) Pause Young (Normal) (G1 Evacuation Pause) 191M->73M(256M) 42.754ms
[18.181s][info][gc,cpu      ] GC(20) User=0.08s Sys=0.00s Real=0.05s
[18.601s][info][gc,start    ] GC(21) Pause Young (Normal) (G1 Evacuation Pause)
[18.601s][info][gc,task     ] GC(21) Using 2 workers of 2 for evacuation
[18.646s][info][gc,phases   ] GC(21)   Pre Evacuate Collection Set: 0.16ms
[18.646s][info][gc,phases   ] GC(21)   Merge Heap Roots: 0.12ms
[18.646s][info][gc,phases   ] GC(21)   Evacuate Collection Set: 41.47ms
[18.646s][info][gc,phases   ] GC(21)   Post Evacuate Collection Set: 3.39ms
[18.646s][info][gc,phases   ] GC(21)   Other: 0.07ms
[18.646s][info][gc,heap     ] GC(21) Eden regions: 137->0(283)
[18.646s][info][gc,heap     ] GC(21) Survivor regions: 16->16(20)
[18.646s][info][gc,heap     ] GC(21) Old regions: 54->70
[18.646s][info][gc,heap     ] GC(21) Humongous regions: 9->9
[18.646s][info][gc,metaspace] GC(21) Metaspace: 28710K(29184K)->28710K(29184K) NonClass: 25450K(25728K)->25450K(25728K) Class: 3260K(3456K)->3260K(3456K)
[18.646s][info][gc          ] GC(21) Pause Young (Normal) (G1 Evacuation Pause) 214M->93M(506M) 45.440ms
[18.646s][info][gc,cpu      ] GC(21) User=0.08s Sys=0.00s Real=0.04s
[20.945s][info][gc,start    ] GC(22) Pause Young (Normal) (G1 Evacuation Pause)
[20.945s][info][gc,task     ] GC(22) Using 2 workers of 2 for evacuation
[21.028s][info][gc,phases   ] GC(22)   Pre Evacuate Collection Set: 0.29ms
[21.028s][info][gc,phases   ] GC(22)   Merge Heap Roots: 0.19ms
[21.028s][info][gc,phases   ] GC(22)   Evacuate Collection Set: 82.42ms
[21.028s][info][gc,phases   ] GC(22)   Post Evacuate Collection Set: 0.62ms
[21.028s][info][gc,phases   ] GC(22)   Other: 0.17ms
[21.029s][info][gc,heap     ] GC(22) Eden regions: 257->0(223)
[21.029s][info][gc,heap     ] GC(22) Survivor regions: 16->35(35)
[21.029s][info][gc,heap     ] GC(22) Old regions: 70->80
[21.029s][info][gc,heap     ] GC(22) Humongous regions: 17->15
[21.029s][info][gc,metaspace] GC(22) Metaspace: 28756K(29184K)->28756K(29184K) NonClass: 25495K(25728K)->25495K(25728K) Class: 3260K(3456K)->3260K(3456K)
[21.029s][info][gc          ] GC(22) Pause Young (Normal) (G1 Evacuation Pause) 358M->129M(506M) 83.926ms
[21.029s][info][gc,cpu      ] GC(22) User=0.16s Sys=0.00s Real=0.08s
[21.958s][info][gc,start    ] GC(23) Pause Young (Normal) (G1 Evacuation Pause)
[21.958s][info][gc,task     ] GC(23) Using 2 workers of 2 for evacuation
[22.035s][info][gc,phases   ] GC(23)   Pre Evacuate Collection Set: 0.29ms
[22.035s][info][gc,phases   ] GC(23)   Merge Heap Roots: 0.29ms
[22.035s][info][gc,phases   ] GC(23)   Evacuate Collection Set: 75.77ms
[22.035s][info][gc,phases   ] GC(23)   Post Evacuate Collection Set: 0.55ms
[22.035s][info][gc,phases   ] GC(23)   Other: 0.11ms
[22.035s][info][gc,heap     ] GC(23) Eden regions: 191->0(232)
[22.035s][info][gc,heap     ] GC(23) Survivor regions: 35->25(29)
[22.035s][info][gc,heap     ] GC(23) Old regions: 80->115
[22.035s][info][gc,heap     ] GC(23) Humongous regions: 17->17
[22.035s][info][gc,metaspace] GC(23) Metaspace: 28805K(29312K)->28805K(29312K) NonClass: 25538K(25792K)->25538K(25792K) Class: 3267K(3520K)->3267K(3520K)
[22.035s][info][gc          ] GC(23) Pause Young (Normal) (G1 Evacuation Pause) 322M->155M(506M) 77.238ms
[22.035s][info][gc,cpu      ] GC(23) User=0.16s Sys=0.00s Real=0.08s
[22.703s][info][gc,start    ] GC(24) Pause Young (Normal) (G1 Evacuation Pause)
[22.703s][info][gc,task     ] GC(24) Using 2 workers of 2 for evacuation
[22.780s][info][gc,phases   ] GC(24)   Pre Evacuate Collection Set: 0.25ms
[22.780s][info][gc,phases   ] GC(24)   Merge Heap Roots: 0.14ms
[22.780s][info][gc,phases   ] GC(24)   Evacuate Collection Set: 75.96ms
[22.780s][info][gc,phases   ] GC(24)   Post Evacuate Collection Set: 0.69ms
[22.780s][info][gc,phases   ] GC(24)   Other: 0.10ms
[22.780s][info][gc,heap     ] GC(24) Eden regions: 232->0(223)
[22.780s][info][gc,heap     ] GC(24) Survivor regions: 25->28(33)
[22.780s][info][gc,heap     ] GC(24) Old regions: 115->140
[22.780s][info][gc,heap     ] GC(24) Humongous regions: 20->20
[22.780s][info][gc,metaspace] GC(24) Metaspace: 28805K(29312K)->28805K(29312K) NonClass: 25538K(25792K)->25538K(25792K) Class: 3267K(3520K)->3267K(3520K)
[22.780s][info][gc          ] GC(24) Pause Young (Normal) (G1 Evacuation Pause) 390M->186M(506M) 77.356ms
[22.780s][info][gc,cpu      ] GC(24) User=0.16s Sys=0.00s Real=0.08s
[23.415s][info][gc,start    ] GC(25) Pause Young (Normal) (G1 Evacuation Pause)
[23.415s][info][gc,task     ] GC(25) Using 2 workers of 2 for evacuation
[23.483s][info][gc,phases   ] GC(25)   Pre Evacuate Collection Set: 0.26ms
[23.483s][info][gc,phases   ] GC(25)   Merge Heap Roots: 0.21ms
[23.483s][info][gc,phases   ] GC(25)   Evacuate Collection Set: 67.04ms
[23.483s][info][gc,phases   ] GC(25)   Post Evacuate Collection Set: 0.53ms
[23.483s][info][gc,phases   ] GC(25)   Other: 0.09ms
[23.483s][info][gc,heap     ] GC(25) Eden regions: 223->0(209)
[23.483s][info][gc,heap     ] GC(25) Survivor regions: 28->26(32)
[23.483s][info][gc,heap     ] GC(25) Old regions: 140->168
[23.483s][info][gc,heap     ] GC(25) Humongous regions: 24->24
[23.483s][info][gc,metaspace] GC(25) Metaspace: 28807K(29312K)->28807K(29312K) NonClass: 25540K(25792K)->25540K(25792K) Class: 3267K(3520K)->3267K(3520K)
[23.483s][info][gc          ] GC(25) Pause Young (Normal) (G1 Evacuation Pause) 413M->216M(506M) 68.376ms
[23.483s][info][gc,cpu      ] GC(25) User=0.13s Sys=0.00s Real=0.07s
[25.077s][info][gc,start    ] GC(26) Pause Young (Normal) (G1 Evacuation Pause)
[25.077s][info][gc,task     ] GC(26) Using 2 workers of 2 for evacuation
[25.139s][info][gc,phases   ] GC(26)   Pre Evacuate Collection Set: 0.21ms
[25.139s][info][gc,phases   ] GC(26)   Merge Heap Roots: 0.16ms
[25.139s][info][gc,phases   ] GC(26)   Evacuate Collection Set: 60.26ms
[25.139s][info][gc,phases   ] GC(26)   Post Evacuate Collection Set: 0.56ms
[25.139s][info][gc,phases   ] GC(26)   Other: 0.09ms
[25.139s][info][gc,heap     ] GC(26) Eden regions: 209->0(199)
[25.139s][info][gc,heap     ] GC(26) Survivor regions: 26->16(30)
[25.139s][info][gc,heap     ] GC(26) Old regions: 168->193
[25.139s][info][gc,heap     ] GC(26) Humongous regions: 32->30
[25.139s][info][gc,metaspace] GC(26) Metaspace: 28840K(29312K)->28840K(29312K) NonClass: 25573K(25792K)->25573K(25792K) Class: 3267K(3520K)->3267K(3520K)
[25.139s][info][gc          ] GC(26) Pause Young (Normal) (G1 Evacuation Pause) 433M->238M(506M) 61.488ms
[25.139s][info][gc,cpu      ] GC(26) User=0.12s Sys=0.00s Real=0.06s
[26.112s][info][gc,start    ] GC(27) Pause Young (Normal) (G1 Evacuation Pause)
[26.112s][info][gc,task     ] GC(27) Using 2 workers of 2 for evacuation
[26.146s][info][gc,phases   ] GC(27)   Pre Evacuate Collection Set: 0.32ms
[26.146s][info][gc,phases   ] GC(27)   Merge Heap Roots: 0.18ms
[26.146s][info][gc,phases   ] GC(27)   Evacuate Collection Set: 33.32ms
[26.146s][info][gc,phases   ] GC(27)   Post Evacuate Collection Set: 0.43ms
[26.146s][info][gc,phases   ] GC(27)   Other: 0.13ms
[26.146s][info][gc,heap     ] GC(27) Eden regions: 199->0(198)
[26.146s][info][gc,heap     ] GC(27) Survivor regions: 16->10(27)
[26.146s][info][gc,heap     ] GC(27) Old regions: 193->209
[26.146s][info][gc,heap     ] GC(27) Humongous regions: 30->30
[26.146s][info][gc,metaspace] GC(27) Metaspace: 28859K(29312K)->28859K(29312K) NonClass: 25592K(25792K)->25592K(25792K) Class: 3267K(3520K)->3267K(3520K)
[26.146s][info][gc          ] GC(27) Pause Young (Normal) (G1 Evacuation Pause) 437M->248M(506M) 34.653ms
[26.146s][info][gc,cpu      ] GC(27) User=0.07s Sys=0.00s Real=0.03s
[27.366s][info][gc,start    ] GC(28) Pause Young (Concurrent Start) (G1 Evacuation Pause)
[27.366s][info][gc,task     ] GC(28) Using 2 workers of 2 for evacuation
[27.385s][info][gc,phases   ] GC(28)   Pre Evacuate Collection Set: 0.27ms
[27.385s][info][gc,phases   ] GC(28)   Merge Heap Roots: 0.05ms
[27.385s][info][gc,phases   ] GC(28)   Evacuate Collection Set: 17.47ms
[27.385s][info][gc,phases   ] GC(28)   Post Evacuate Collection Set: 0.40ms
[27.385s][info][gc,phases   ] GC(28)   Other: 0.08ms
[27.385s][info][gc,heap     ] GC(28) Eden regions: 198->0(201)
[27.385s][info][gc,heap     ] GC(28) Survivor regions: 10->15(26)
[27.385s][info][gc,heap     ] GC(28) Old regions: 209->209
[27.385s][info][gc,heap     ] GC(28) Humongous regions: 30->30
[27.385s][info][gc,metaspace] GC(28) Metaspace: 28868K(29376K)->28868K(29376K) NonClass: 25601K(25856K)->25601K(25856K) Class: 3267K(3520K)->3267K(3520K)
[27.385s][info][gc          ] GC(28) Pause Young (Concurrent Start) (G1 Evacuation Pause) 446M->253M(506M) 18.471ms
[27.385s][info][gc,cpu      ] GC(28) User=0.04s Sys=0.00s Real=0.02s
[27.385s][info][gc          ] GC(29) Concurrent Mark Cycle
[27.385s][info][gc,marking  ] GC(29) Concurrent Scan Root Regions
[27.406s][info][gc,marking  ] GC(29) Concurrent Scan Root Regions 21.392ms
[27.406s][info][gc,marking  ] GC(29) Concurrent Mark
[27.406s][info][gc,marking  ] GC(29) Concurrent Mark From Roots
[27.406s][info][gc,task     ] GC(29) Using 1 workers of 1 for marking
[27.465s][info][gc,marking  ] GC(29) Concurrent Mark From Roots 59.069ms
[27.465s][info][gc,marking  ] GC(29) Concurrent Preclean
[27.465s][info][gc,marking  ] GC(29) Concurrent Preclean 0.036ms
[27.466s][info][gc,start    ] GC(29) Pause Remark
[27.485s][info][gc          ] GC(29) Pause Remark 266M->81M(256M) 18.688ms
[27.485s][info][gc,cpu      ] GC(29) User=0.04s Sys=0.00s Real=0.02s
[27.485s][info][gc,marking  ] GC(29) Concurrent Mark 78.723ms
[27.485s][info][gc,marking  ] GC(29) Concurrent Rebuild Remembered Sets and Scrub Regions
[27.506s][info][gc,marking  ] GC(29) Concurrent Rebuild Remembered Sets and Scrub Regions 21.099ms
[27.507s][info][gc,start    ] GC(29) Pause Cleanup
[27.507s][info][gc          ] GC(29) Pause Cleanup 84M->84M(256M) 0.068ms
[27.507s][info][gc,cpu      ] GC(29) User=0.00s Sys=0.00s Real=0.00s
[27.507s][info][gc,marking  ] GC(29) Concurrent Clear Claimed Marks
[27.507s][info][gc,marking  ] GC(29) Concurrent Clear Claimed Marks 0.051ms
[27.507s][info][gc,marking  ] GC(29) Concurrent Cleanup for Next Mark
[27.509s][info][gc,marking  ] GC(29) Concurrent Cleanup for Next Mark 1.803ms
[27.509s][info][gc          ] GC(29) Concurrent Mark Cycle 124.410ms
[28.194s][info][gc,start    ] GC(30) Pause Young (Prepare Mixed) (G1 Evacuation Pause)
[28.194s][info][gc,task     ] GC(30) Using 2 workers of 2 for evacuation
[28.210s][info][gc,phases   ] GC(30)   Pre Evacuate Collection Set: 0.15ms
[28.210s][info][gc,phases   ] GC(30)   Merge Heap Roots: 0.06ms
[28.210s][info][gc,phases   ] GC(30)   Evacuate Collection Set: 14.78ms
[28.210s][info][gc,phases   ] GC(30)   Post Evacuate Collection Set: 0.35ms
[28.210s][info][gc,phases   ] GC(30)   Other: 0.07ms
[28.210s][info][gc,heap     ] GC(30) Eden regions: 138->0(143)
[28.210s][info][gc,heap     ] GC(30) Survivor regions: 15->10(20)
[28.210s][info][gc,heap     ] GC(30) Old regions: 54->59
[28.210s][info][gc,heap     ] GC(30) Humongous regions: 0->0
[28.210s][info][gc,metaspace] GC(30) Metaspace: 28871K(29376K)->28871K(29376K) NonClass: 25604K(25856K)->25604K(25856K) Class: 3267K(3520K)->3267K(3520K)
[28.210s][info][gc          ] GC(30) Pause Young (Prepare Mixed) (G1 Evacuation Pause) 206M->67M(256M) 15.642ms
[28.210s][info][gc,cpu      ] GC(30) User=0.02s Sys=0.01s Real=0.02s
[29.093s][info][gc,start    ] GC(31) Pause Young (Mixed) (G1 Evacuation Pause)
[29.093s][info][gc,task     ] GC(31) Using 2 workers of 2 for evacuation
[29.115s][info][gc,phases   ] GC(31)   Pre Evacuate Collection Set: 0.16ms
[29.115s][info][gc,phases   ] GC(31)   Merge Heap Roots: 0.09ms
[29.115s][info][gc,phases   ] GC(31)   Evacuate Collection Set: 21.57ms
[29.115s][info][gc,phases   ] GC(31)   Post Evacuate Collection Set: 0.41ms
[29.115s][info][gc,phases   ] GC(31)   Other: 0.07ms
[29.115s][info][gc,heap     ] GC(31) Eden regions: 143->0(133)
[29.115s][info][gc,heap     ] GC(31) Survivor regions: 10->20(20)
[29.115s][info][gc,heap     ] GC(31) Old regions: 59->52
[29.115s][info][gc,heap     ] GC(31) Humongous regions: 1->1
[29.115s][info][gc,metaspace] GC(31) Metaspace: 28871K(29376K)->28871K(29376K) NonClass: 25604K(25856K)->25604K(25856K) Class: 3267K(3520K)->3267K(3520K)
[29.115s][info][gc          ] GC(31) Pause Young (Mixed) (G1 Evacuation Pause) 211M->72M(256M) 22.518ms
[29.115s][info][gc,cpu      ] GC(31) User=0.04s Sys=0.00s Real=0.02s
[29.891s][info][gc,start    ] GC(32) Pause Young (Normal) (G1 Evacuation Pause)
[29.891s][info][gc,task     ] GC(32) Using 2 workers of 2 for evacuation
[29.923s][info][gc,phases   ] GC(32)   Pre Evacuate Collection Set: 0.20ms
[29.923s][info][gc,phases   ] GC(32)   Merge Heap Roots: 0.13ms
[29.923s][info][gc,phases   ] GC(32)   Evacuate Collection Set: 31.48ms
[29.923s][info][gc,phases   ] GC(32)   Post Evacuate Collection Set: 0.37ms
[29.923s][info][gc,phases   ] GC(32)   Other: 0.09ms
[29.923s][info][gc,heap     ] GC(32) Eden regions: 133->0(135)
[29.923s][info][gc,heap     ] GC(32) Survivor regions: 20->14(20)
[29.923s][info][gc,heap     ] GC(32) Old regions: 52->73
[29.923s][info][gc,heap     ] GC(32) Humongous regions: 1->1
[29.923s][info][gc,metaspace] GC(32) Metaspace: 28872K(29376K)->28872K(29376K) NonClass: 25605K(25856K)->25605K(25856K) Class: 3267K(3520K)->3267K(3520K)
[29.923s][info][gc          ] GC(32) Pause Young (Normal) (G1 Evacuation Pause) 205M->86M(256M) 32.463ms
[29.923s][info][gc,cpu      ] GC(32) User=0.06s Sys=0.00s Real=0.03s
[31.843s][info][gc,start    ] GC(33) Pause Young (Normal) (G1 Evacuation Pause)
[31.843s][info][gc,task     ] GC(33) Using 2 workers of 2 for evacuation
[31.872s][info][gc,phases   ] GC(33)   Pre Evacuate Collection Set: 0.17ms
[31.872s][info][gc,phases   ] GC(33)   Merge Heap Roots: 0.08ms
[31.872s][info][gc,phases   ] GC(33)   Evacuate Collection Set: 27.61ms
[31.872s][info][gc,phases   ] GC(33)   Post Evacuate Collection Set: 0.77ms
[31.872s][info][gc,phases   ] GC(33)   Other: 0.07ms
[31.872s][info][gc,heap     ] GC(33) Eden regions: 135->0(140)
[31.872s][info][gc,heap     ] GC(33) Survivor regions: 14->17(19)
[31.872s][info][gc,heap     ] GC(33) Old regions: 73->85
[31.872s][info][gc,heap     ] GC(33) Humongous regions: 5->3
[31.872s][info][gc,metaspace] GC(33) Metaspace: 32222K(32704K)->32222K(32704K) NonClass: 28653K(28928K)->28653K(28928K) Class: 3568K(3776K)->3568K(3776K)
[31.872s][info][gc          ] GC(33) Pause Young (Normal) (G1 Evacuation Pause) 225M->103M(285M) 28.939ms
[31.872s][info][gc,cpu      ] GC(33) User=0.06s Sys=0.00s Real=0.03s
[34.165s][info][gc,start    ] GC(34) Pause Young (Normal) (G1 Evacuation Pause)
[34.165s][info][gc,task     ] GC(34) Using 2 workers of 2 for evacuation
[34.180s][info][gc,phases   ] GC(34)   Pre Evacuate Collection Set: 0.16ms
[34.180s][info][gc,phases   ] GC(34)   Merge Heap Roots: 0.07ms
[34.180s][info][gc,phases   ] GC(34)   Evacuate Collection Set: 14.22ms
[34.181s][info][gc,phases   ] GC(34)   Post Evacuate Collection Set: 0.63ms
[34.181s][info][gc,phases   ] GC(34)   Other: 0.09ms
[34.181s][info][gc,heap     ] GC(34) Eden regions: 140->0(148)
[34.181s][info][gc,heap     ] GC(34) Survivor regions: 17->3(20)
[34.181s][info][gc,heap     ] GC(34) Old regions: 85->96
[34.181s][info][gc,heap     ] GC(34) Humongous regions: 19->3
[34.181s][info][gc,metaspace] GC(34) Metaspace: 33595K(33984K)->33595K(33984K) NonClass: 30011K(30208K)->30011K(30208K) Class: 3584K(3776K)->3584K(3776K)
[34.181s][info][gc          ] GC(34) Pause Young (Normal) (G1 Evacuation Pause) 259M->101M(285M) 15.384ms
[34.181s][info][gc,cpu      ] GC(34) User=0.03s Sys=0.00s Real=0.02s
[35.693s][info][gc,start    ] GC(35) Pause Young (Normal) (G1 Evacuation Pause)
[35.693s][info][gc,task     ] GC(35) Using 2 workers of 2 for evacuation
[35.706s][info][gc,phases   ] GC(35)   Pre Evacuate Collection Set: 0.14ms
[35.706s][info][gc,phases   ] GC(35)   Merge Heap Roots: 0.11ms
[35.706s][info][gc,phases   ] GC(35)   Evacuate Collection Set: 12.13ms
[35.706s][info][gc,phases   ] GC(35)   Post Evacuate Collection Set: 0.42ms
[35.706s][info][gc,phases   ] GC(35)   Other: 0.09ms
[35.706s][info][gc,heap     ] GC(35) Eden regions: 148->0(146)
[35.706s][info][gc,heap     ] GC(35) Survivor regions: 3->8(19)
[35.706s][info][gc,heap     ] GC(35) Old regions: 96->96
[35.706s][info][gc,heap     ] GC(35) Humongous regions: 7->3
[35.706s][info][gc,metaspace] GC(35) Metaspace: 33965K(34432K)->33965K(34432K) NonClass: 30379K(30656K)->30379K(30656K) Class: 3586K(3776K)->3586K(3776K)
[35.706s][info][gc          ] GC(35) Pause Young (Normal) (G1 Evacuation Pause) 253M->105M(285M) 13.072ms
[35.706s][info][gc,cpu      ] GC(35) User=0.03s Sys=0.00s Real=0.01s
[36.983s][info][gc,start    ] GC(36) Pause Young (Normal) (G1 Evacuation Pause)
[36.983s][info][gc,task     ] GC(36) Using 2 workers of 2 for evacuation
[37.005s][info][gc,phases   ] GC(36)   Pre Evacuate Collection Set: 0.17ms
[37.005s][info][gc,phases   ] GC(36)   Merge Heap Roots: 0.07ms
[37.005s][info][gc,phases   ] GC(36)   Evacuate Collection Set: 21.22ms
[37.005s][info][gc,phases   ] GC(36)   Post Evacuate Collection Set: 0.44ms
[37.005s][info][gc,phases   ] GC(36)   Other: 0.08ms
[37.005s][info][gc,heap     ] GC(36) Eden regions: 146->0(132)
[37.005s][info][gc,heap     ] GC(36) Survivor regions: 8->17(20)
[37.005s][info][gc,heap     ] GC(36) Old regions: 96->96
[37.005s][info][gc,heap     ] GC(36) Humongous regions: 11->3
[37.005s][info][gc,metaspace] GC(36) Metaspace: 34056K(34496K)->34056K(34496K) NonClass: 30468K(30720K)->30468K(30720K) Class: 3587K(3776K)->3587K(3776K)
[37.005s][info][gc          ] GC(36) Pause Young (Normal) (G1 Evacuation Pause) 259M->115M(285M) 22.192ms
[37.005s][info][gc,cpu      ] GC(36) User=0.05s Sys=0.00s Real=0.02s
[38.490s][info][gc,start    ] GC(37) Pause Young (Normal) (G1 Evacuation Pause)
[38.490s][info][gc,task     ] GC(37) Using 2 workers of 2 for evacuation
[38.500s][info][gc,phases   ] GC(37)   Pre Evacuate Collection Set: 0.19ms
[38.500s][info][gc,phases   ] GC(37)   Merge Heap Roots: 0.06ms
[38.500s][info][gc,phases   ] GC(37)   Evacuate Collection Set: 9.02ms
[38.500s][info][gc,phases   ] GC(37)   Post Evacuate Collection Set: 0.43ms
[38.500s][info][gc,phases   ] GC(37)   Other: 0.07ms
[38.500s][info][gc,heap     ] GC(37) Eden regions: 132->0(150)
[38.500s][info][gc,heap     ] GC(37) Survivor regions: 17->2(19)
[38.500s][info][gc,heap     ] GC(37) Old regions: 96->99
[38.500s][info][gc,heap     ] GC(37) Humongous regions: 5->3
[38.500s][info][gc,metaspace] GC(37) Metaspace: 34111K(34560K)->34111K(34560K) NonClass: 30523K(30784K)->30523K(30784K) Class: 3588K(3776K)->3588K(3776K)
[38.500s][info][gc          ] GC(37) Pause Young (Normal) (G1 Evacuation Pause) 249M->102M(285M) 9.960ms
[38.500s][info][gc,cpu      ] GC(37) User=0.02s Sys=0.00s Real=0.01s
[39.636s][info][gc,start    ] GC(38) Pause Young (Normal) (G1 Evacuation Pause)
[39.636s][info][gc,task     ] GC(38) Using 2 workers of 2 for evacuation
[39.641s][info][gc,phases   ] GC(38)   Pre Evacuate Collection Set: 0.16ms
[39.641s][info][gc,phases   ] GC(38)   Merge Heap Roots: 0.06ms
[39.641s][info][gc,phases   ] GC(38)   Evacuate Collection Set: 3.89ms
[39.641s][info][gc,phases   ] GC(38)   Post Evacuate Collection Set: 0.38ms
[39.641s][info][gc,phases   ] GC(38)   Other: 0.11ms
[39.641s][info][gc,heap     ] GC(38) Eden regions: 150->0(153)
[39.641s][info][gc,heap     ] GC(38) Survivor regions: 2->4(19)
[39.641s][info][gc,heap     ] GC(38) Old regions: 99->99
[39.641s][info][gc,heap     ] GC(38) Humongous regions: 17->3
[39.641s][info][gc,metaspace] GC(38) Metaspace: 34151K(34560K)->34151K(34560K) NonClass: 30563K(30784K)->30563K(30784K) Class: 3588K(3776K)->3588K(3776K)
[39.641s][info][gc          ] GC(38) Pause Young (Normal) (G1 Evacuation Pause) 266M->104M(285M) 4.801ms
[39.641s][info][gc,cpu      ] GC(38) User=0.00s Sys=0.00s Real=0.01s
[40.881s][info][gc,start    ] GC(39) Pause Young (Normal) (G1 Evacuation Pause)
[40.882s][info][gc,task     ] GC(39) Using 2 workers of 2 for evacuation
[40.890s][info][gc,phases   ] GC(39)   Pre Evacuate Collection Set: 0.16ms
[40.890s][info][gc,phases   ] GC(39)   Merge Heap Roots: 0.06ms
[40.890s][info][gc,phases   ] GC(39)   Evacuate Collection Set: 7.55ms
[40.890s][info][gc,phases   ] GC(39)   Post Evacuate Collection Set: 0.40ms
[40.890s][info][gc,phases   ] GC(39)   Other: 0.07ms
[40.890s][info][gc,heap     ] GC(39) Eden regions: 153->0(152)
[40.890s][info][gc,heap     ] GC(39) Survivor regions: 4->7(20)
[40.890s][info][gc,heap     ] GC(39) Old regions: 99->99
[40.890s][info][gc,heap     ] GC(39) Humongous regions: 15->3
[40.890s][info][gc,metaspace] GC(39) Metaspace: 34182K(34624K)->34182K(34624K) NonClass: 30593K(30848K)->30593K(30848K) Class: 3588K(3776K)->3588K(3776K)
[40.890s][info][gc          ] GC(39) Pause Young (Normal) (G1 Evacuation Pause) 269M->107M(285M) 8.434ms
[40.890s][info][gc,cpu      ] GC(39) User=0.02s Sys=0.00s Real=0.01s
[42.059s][info][gc,start    ] GC(40) Pause Young (Normal) (G1 Evacuation Pause)
[42.059s][info][gc,task     ] GC(40) Using 2 workers of 2 for evacuation
[42.079s][info][gc,phases   ] GC(40)   Pre Evacuate Collection Set: 0.17ms
[42.079s][info][gc,phases   ] GC(40)   Merge Heap Roots: 0.06ms
[42.079s][info][gc,phases   ] GC(40)   Evacuate Collection Set: 18.82ms
[42.079s][info][gc,phases   ] GC(40)   Post Evacuate Collection Set: 0.41ms
[42.079s][info][gc,phases   ] GC(40)   Other: 0.07ms
[42.079s][info][gc,heap     ] GC(40) Eden regions: 152->0(136)
[42.079s][info][gc,heap     ] GC(40) Survivor regions: 7->18(20)
[42.079s][info][gc,heap     ] GC(40) Old regions: 99->99
[42.079s][info][gc,heap     ] GC(40) Humongous regions: 13->3
[42.079s][info][gc,metaspace] GC(40) Metaspace: 34212K(34624K)->34212K(34624K) NonClass: 30623K(30848K)->30623K(30848K) Class: 3588K(3776K)->3588K(3776K)
[42.079s][info][gc          ] GC(40) Pause Young (Normal) (G1 Evacuation Pause) 269M->118M(289M) 19.746ms
[42.079s][info][gc,cpu      ] GC(40) User=0.03s Sys=0.00s Real=0.02s
[43.175s][info][gc,start    ] GC(41) Pause Young (Normal) (G1 Evacuation Pause)
[43.175s][info][gc,task     ] GC(41) Using 2 workers of 2 for evacuation
[43.220s][info][gc,phases   ] GC(41)   Pre Evacuate Collection Set: 0.17ms
[43.220s][info][gc,phases   ] GC(41)   Merge Heap Roots: 0.05ms
[43.220s][info][gc,phases   ] GC(41)   Evacuate Collection Set: 43.74ms
[43.220s][info][gc,phases   ] GC(41)   Post Evacuate Collection Set: 0.45ms
[43.220s][info][gc,phases   ] GC(41)   Other: 0.07ms
[43.220s][info][gc,heap     ] GC(41) Eden regions: 136->0(131)
[43.220s][info][gc,heap     ] GC(41) Survivor regions: 18->11(20)
[43.220s][info][gc,heap     ] GC(41) Old regions: 99->111
[43.220s][info][gc,heap     ] GC(41) Humongous regions: 3->3
[43.220s][info][gc,metaspace] GC(41) Metaspace: 34225K(34624K)->34225K(34624K) NonClass: 30637K(30848K)->30637K(30848K) Class: 3588K(3776K)->3588K(3776K)
[43.220s][info][gc          ] GC(41) Pause Young (Normal) (G1 Evacuation Pause) 254M->124M(289M) 44.702ms
[43.220s][info][gc,cpu      ] GC(41) User=0.05s Sys=0.00s Real=0.05s
[44.140s][info][gc,start    ] GC(42) Pause Young (Normal) (G1 Evacuation Pause)
[44.140s][info][gc,task     ] GC(42) Using 2 workers of 2 for evacuation
[44.215s][info][gc,phases   ] GC(42)   Pre Evacuate Collection Set: 0.17ms
[44.215s][info][gc,phases   ] GC(42)   Merge Heap Roots: 0.16ms
[44.215s][info][gc,phases   ] GC(42)   Evacuate Collection Set: 74.13ms
[44.215s][info][gc,phases   ] GC(42)   Post Evacuate Collection Set: 0.51ms
[44.215s][info][gc,phases   ] GC(42)   Other: 0.09ms
[44.215s][info][gc,heap     ] GC(42) Eden regions: 131->0(99)
[44.215s][info][gc,heap     ] GC(42) Survivor regions: 11->18(18)
[44.215s][info][gc,heap     ] GC(42) Old regions: 111->138
[44.215s][info][gc,heap     ] GC(42) Humongous regions: 5->3
[44.215s][info][gc,metaspace] GC(42) Metaspace: 34254K(34688K)->34254K(34688K) NonClass: 30665K(30912K)->30665K(30912K) Class: 3588K(3776K)->3588K(3776K)
[44.215s][info][gc          ] GC(42) Pause Young (Normal) (G1 Evacuation Pause) 257M->157M(303M) 75.311ms
[44.215s][info][gc,cpu      ] GC(42) User=0.14s Sys=0.01s Real=0.07s
[44.497s][info][gc,start    ] GC(43) Pause Young (Concurrent Start) (G1 Humongous Allocation)
[44.497s][info][gc,task     ] GC(43) Using 2 workers of 2 for evacuation
[44.544s][info][gc,phases   ] GC(43)   Pre Evacuate Collection Set: 1.02ms
[44.544s][info][gc,phases   ] GC(43)   Merge Heap Roots: 0.27ms
[44.544s][info][gc,phases   ] GC(43)   Evacuate Collection Set: 45.25ms
[44.544s][info][gc,phases   ] GC(43)   Post Evacuate Collection Set: 0.37ms
[44.544s][info][gc,phases   ] GC(43)   Other: 0.13ms
[44.544s][info][gc,heap     ] GC(43) Eden regions: 33->0(104)
[44.544s][info][gc,heap     ] GC(43) Survivor regions: 18->3(15)
[44.544s][info][gc,heap     ] GC(43) Old regions: 138->153
[44.544s][info][gc,heap     ] GC(43) Humongous regions: 3->1
[44.544s][info][gc,metaspace] GC(43) Metaspace: 34261K(34688K)->34261K(34688K) NonClass: 30673K(30912K)->30673K(30912K) Class: 3588K(3776K)->3588K(3776K)
[44.544s][info][gc          ] GC(43) Pause Young (Concurrent Start) (G1 Humongous Allocation) 190M->155M(303M) 47.240ms
[44.544s][info][gc          ] GC(44) Concurrent Mark Cycle
[44.544s][info][gc,marking  ] GC(44) Concurrent Scan Root Regions
[44.544s][info][gc,cpu      ] GC(43) User=0.05s Sys=0.00s Real=0.05s
[44.581s][info][gc,marking  ] GC(44) Concurrent Scan Root Regions 36.566ms
[44.581s][info][gc,marking  ] GC(44) Concurrent Mark
[44.581s][info][gc,marking  ] GC(44) Concurrent Mark From Roots
[44.581s][info][gc,task     ] GC(44) Using 1 workers of 1 for marking
[44.702s][info][gc,marking  ] GC(44) Concurrent Mark From Roots 120.837ms
[44.702s][info][gc,marking  ] GC(44) Concurrent Preclean
[44.702s][info][gc,marking  ] GC(44) Concurrent Preclean 0.038ms
[44.702s][info][gc,start    ] GC(44) Pause Remark
[44.729s][info][gc          ] GC(44) Pause Remark 175M->167M(303M) 27.353ms
[44.729s][info][gc,cpu      ] GC(44) User=0.05s Sys=0.00s Real=0.03s
[44.729s][info][gc,marking  ] GC(44) Concurrent Mark 148.462ms
[44.729s][info][gc,marking  ] GC(44) Concurrent Rebuild Remembered Sets and Scrub Regions
[44.814s][info][gc,marking  ] GC(44) Concurrent Rebuild Remembered Sets and Scrub Regions 84.434ms
[44.814s][info][gc,start    ] GC(44) Pause Cleanup
[44.814s][info][gc          ] GC(44) Pause Cleanup 176M->176M(303M) 0.089ms
[44.814s][info][gc,cpu      ] GC(44) User=0.00s Sys=0.00s Real=0.00s
[44.814s][info][gc,marking  ] GC(44) Concurrent Clear Claimed Marks
[44.814s][info][gc,marking  ] GC(44) Concurrent Clear Claimed Marks 0.038ms
[44.814s][info][gc,marking  ] GC(44) Concurrent Cleanup for Next Mark
[44.816s][info][gc,marking  ] GC(44) Concurrent Cleanup for Next Mark 1.606ms
[44.816s][info][gc          ] GC(44) Concurrent Mark Cycle 271.606ms
[45.360s][info][gc,start    ] GC(45) Pause Young (Prepare Mixed) (G1 Evacuation Pause)
[45.360s][info][gc,task     ] GC(45) Using 2 workers of 2 for evacuation
[45.366s][info][gc,phases   ] GC(45)   Pre Evacuate Collection Set: 0.18ms
[45.366s][info][gc,phases   ] GC(45)   Merge Heap Roots: 0.09ms
[45.366s][info][gc,phases   ] GC(45)   Evacuate Collection Set: 5.23ms
[45.366s][info][gc,phases   ] GC(45)   Post Evacuate Collection Set: 0.35ms
[45.366s][info][gc,phases   ] GC(45)   Other: 0.07ms
[45.366s][info][gc,heap     ] GC(45) Eden regions: 104->0(115)
[45.366s][info][gc,heap     ] GC(45) Survivor regions: 3->3(14)
[45.366s][info][gc,heap     ] GC(45) Old regions: 146->146
[45.366s][info][gc,heap     ] GC(45) Humongous regions: 6->2
[45.366s][info][gc,metaspace] GC(45) Metaspace: 34271K(34688K)->34271K(34688K) NonClass: 30683K(30912K)->30683K(30912K) Class: 3588K(3776K)->3588K(3776K)
[45.366s][info][gc          ] GC(45) Pause Young (Prepare Mixed) (G1 Evacuation Pause) 257M->149M(303M) 6.129ms
[45.366s][info][gc,cpu      ] GC(45) User=0.02s Sys=0.01s Real=0.00s
[46.348s][info][gc,start    ] GC(46) Pause Young (Mixed) (G1 Evacuation Pause)
[46.348s][info][gc,task     ] GC(46) Using 2 workers of 2 for evacuation
[46.358s][info][gc,phases   ] GC(46)   Pre Evacuate Collection Set: 0.17ms
[46.358s][info][gc,phases   ] GC(46)   Merge Heap Roots: 0.08ms
[46.358s][info][gc,phases   ] GC(46)   Evacuate Collection Set: 9.41ms
[46.358s][info][gc,phases   ] GC(46)   Post Evacuate Collection Set: 0.42ms
[46.358s][info][gc,phases   ] GC(46)   Other: 0.09ms
[46.358s][info][gc,heap     ] GC(46) Eden regions: 115->0(139)
[46.358s][info][gc,heap     ] GC(46) Survivor regions: 3->8(15)
[46.358s][info][gc,heap     ] GC(46) Old regions: 146->115
[46.358s][info][gc,heap     ] GC(46) Humongous regions: 8->2
[46.358s][info][gc,metaspace] GC(46) Metaspace: 34282K(34688K)->34282K(34688K) NonClass: 30694K(30912K)->30694K(30912K) Class: 3588K(3776K)->3588K(3776K)
[46.359s][info][gc          ] GC(46) Pause Young (Mixed) (G1 Evacuation Pause) 270M->123M(303M) 10.370ms
[46.359s][info][gc,cpu      ] GC(46) User=0.02s Sys=0.00s Real=0.01s
[47.341s][info][gc,start    ] GC(47) Pause Young (Mixed) (G1 Evacuation Pause)
[47.341s][info][gc,task     ] GC(47) Using 2 workers of 2 for evacuation
[47.358s][info][gc,phases   ] GC(47)   Pre Evacuate Collection Set: 0.18ms
[47.358s][info][gc,phases   ] GC(47)   Merge Heap Roots: 0.23ms
[47.358s][info][gc,phases   ] GC(47)   Evacuate Collection Set: 16.40ms
[47.358s][info][gc,phases   ] GC(47)   Post Evacuate Collection Set: 0.49ms
[47.358s][info][gc,phases   ] GC(47)   Other: 0.08ms
[47.358s][info][gc,heap     ] GC(47) Eden regions: 139->0(168)
[47.358s][info][gc,heap     ] GC(47) Survivor regions: 8->7(19)
[47.358s][info][gc,heap     ] GC(47) Old regions: 115->86
[47.358s][info][gc,heap     ] GC(47) Humongous regions: 6->2
[47.358s][info][gc,metaspace] GC(47) Metaspace: 34291K(34688K)->34291K(34688K) NonClass: 30703K(30912K)->30703K(30912K) Class: 3588K(3776K)->3588K(3776K)
[47.358s][info][gc          ] GC(47) Pause Young (Mixed) (G1 Evacuation Pause) 266M->94M(303M) 17.570ms
[47.358s][info][gc,cpu      ] GC(47) User=0.04s Sys=0.00s Real=0.01s
[48.298s][info][gc,start    ] GC(48) Pause Young (Mixed) (G1 Evacuation Pause)
[48.298s][info][gc,task     ] GC(48) Using 2 workers of 2 for evacuation
[48.324s][info][gc,phases   ] GC(48)   Pre Evacuate Collection Set: 0.22ms
[48.324s][info][gc,phases   ] GC(48)   Merge Heap Roots: 0.50ms
[48.324s][info][gc,phases   ] GC(48)   Evacuate Collection Set: 25.18ms
[48.324s][info][gc,phases   ] GC(48)   Post Evacuate Collection Set: 0.57ms
[48.324s][info][gc,phases   ] GC(48)   Other: 0.09ms
[48.325s][info][gc,heap     ] GC(48) Eden regions: 168->0(172)
[48.325s][info][gc,heap     ] GC(48) Survivor regions: 7->9(22)
[48.325s][info][gc,heap     ] GC(48) Old regions: 86->77
[48.325s][info][gc,heap     ] GC(48) Humongous regions: 10->2
[48.325s][info][gc,metaspace] GC(48) Metaspace: 34327K(34752K)->34327K(34752K) NonClass: 30739K(30976K)->30739K(30976K) Class: 3588K(3776K)->3588K(3776K)
[48.325s][info][gc          ] GC(48) Pause Young (Mixed) (G1 Evacuation Pause) 270M->87M(303M) 26.749ms
[48.325s][info][gc,cpu      ] GC(48) User=0.05s Sys=0.00s Real=0.03s
[48.905s][info][gc,start    ] GC(49) Pause Young (Concurrent Start) (G1 Humongous Allocation)
[48.905s][info][gc,task     ] GC(49) Using 2 workers of 2 for evacuation
[48.914s][info][gc,phases   ] GC(49)   Pre Evacuate Collection Set: 0.18ms
[48.914s][info][gc,phases   ] GC(49)   Merge Heap Roots: 0.08ms
[48.914s][info][gc,phases   ] GC(49)   Evacuate Collection Set: 8.96ms
[48.914s][info][gc,phases   ] GC(49)   Post Evacuate Collection Set: 0.45ms
[48.914s][info][gc,phases   ] GC(49)   Other: 0.10ms
[48.914s][info][gc,heap     ] GC(49) Eden regions: 88->0(175)
[48.914s][info][gc,heap     ] GC(49) Survivor regions: 9->6(23)
[48.914s][info][gc,heap     ] GC(49) Old regions: 77->77
[48.914s][info][gc,heap     ] GC(49) Humongous regions: 2->0
[48.914s][info][gc,metaspace] GC(49) Metaspace: 34336K(34752K)->34336K(34752K) NonClass: 30748K(30976K)->30748K(30976K) Class: 3588K(3776K)->3588K(3776K)
[48.914s][info][gc          ] GC(49) Pause Young (Concurrent Start) (G1 Humongous Allocation) 175M->82M(303M) 9.970ms
[48.915s][info][gc          ] GC(50) Concurrent Mark Cycle
[48.915s][info][gc,marking  ] GC(50) Concurrent Scan Root Regions
[48.916s][info][gc,cpu      ] GC(49) User=0.02s Sys=0.00s Real=0.01s
[48.925s][info][gc,marking  ] GC(50) Concurrent Scan Root Regions 10.967ms
[48.926s][info][gc,marking  ] GC(50) Concurrent Mark
[48.926s][info][gc,marking  ] GC(50) Concurrent Mark From Roots
[48.926s][info][gc,task     ] GC(50) Using 1 workers of 1 for marking
[49.053s][info][gc,marking  ] GC(50) Concurrent Mark From Roots 127.553ms
[49.053s][info][gc,marking  ] GC(50) Concurrent Preclean
[49.053s][info][gc,marking  ] GC(50) Concurrent Preclean 0.040ms
[49.053s][info][gc,start    ] GC(50) Pause Remark
[49.077s][info][gc          ] GC(50) Pause Remark 110M->103M(260M) 23.560ms
[49.077s][info][gc,cpu      ] GC(50) User=0.05s Sys=0.00s Real=0.02s
[49.078s][info][gc,marking  ] GC(50) Concurrent Mark 152.413ms
[49.078s][info][gc,marking  ] GC(50) Concurrent Rebuild Remembered Sets and Scrub Regions
[49.124s][info][gc,marking  ] GC(50) Concurrent Rebuild Remembered Sets and Scrub Regions 46.514ms
[49.125s][info][gc,start    ] GC(50) Pause Cleanup
[49.125s][info][gc          ] GC(50) Pause Cleanup 110M->110M(260M) 0.061ms
[49.125s][info][gc,cpu      ] GC(50) User=0.00s Sys=0.00s Real=0.00s
[49.127s][info][gc,marking  ] GC(50) Concurrent Clear Claimed Marks
[49.127s][info][gc,marking  ] GC(50) Concurrent Clear Claimed Marks 0.057ms
[49.127s][info][gc,marking  ] GC(50) Concurrent Cleanup for Next Mark
[49.128s][info][gc,marking  ] GC(50) Concurrent Cleanup for Next Mark 0.786ms
[49.128s][info][gc          ] GC(50) Concurrent Mark Cycle 213.443ms
[49.999s][info][gc,start    ] GC(51) Pause Young (Prepare Mixed) (G1 Evacuation Pause)
[50.000s][info][gc,task     ] GC(51) Using 2 workers of 2 for evacuation
[50.018s][info][gc,phases   ] GC(51)   Pre Evacuate Collection Set: 0.17ms
[50.018s][info][gc,phases   ] GC(51)   Merge Heap Roots: 0.09ms
[50.018s][info][gc,phases   ] GC(51)   Evacuate Collection Set: 17.93ms
[50.018s][info][gc,phases   ] GC(51)   Post Evacuate Collection Set: 0.45ms
[50.018s][info][gc,phases   ] GC(51)   Other: 0.08ms
[50.018s][info][gc,heap     ] GC(51) Eden regions: 150->0(147)
[50.018s][info][gc,heap     ] GC(51) Survivor regions: 6->9(20)
[50.018s][info][gc,heap     ] GC(51) Old regions: 70->70
[50.018s][info][gc,heap     ] GC(51) Humongous regions: 8->2
[50.018s][info][gc,metaspace] GC(51) Metaspace: 34354K(34752K)->34354K(34752K) NonClass: 30765K(30976K)->30765K(30976K) Class: 3588K(3776K)->3588K(3776K)
[50.018s][info][gc          ] GC(51) Pause Young (Prepare Mixed) (G1 Evacuation Pause) 233M->80M(260M) 18.918ms
[50.018s][info][gc,cpu      ] GC(51) User=0.02s Sys=0.00s Real=0.01s
[50.608s][info][gc,start    ] GC(52) Pause Young (Mixed) (G1 Evacuation Pause)
[50.608s][info][gc,task     ] GC(52) Using 2 workers of 2 for evacuation
[50.658s][info][gc,phases   ] GC(52)   Pre Evacuate Collection Set: 0.15ms
[50.658s][info][gc,phases   ] GC(52)   Merge Heap Roots: 0.12ms
[50.658s][info][gc,phases   ] GC(52)   Evacuate Collection Set: 49.69ms
[50.658s][info][gc,phases   ] GC(52)   Post Evacuate Collection Set: 0.55ms
[50.658s][info][gc,phases   ] GC(52)   Other: 0.07ms
[50.658s][info][gc,heap     ] GC(52) Eden regions: 147->0(133)
[50.658s][info][gc,heap     ] GC(52) Survivor regions: 9->20(20)
[50.658s][info][gc,heap     ] GC(52) Old regions: 70->71
[50.658s][info][gc,heap     ] GC(52) Humongous regions: 2->2
[50.658s][info][gc,metaspace] GC(52) Metaspace: 34355K(34752K)->34355K(34752K) NonClass: 30766K(30976K)->30766K(30976K) Class: 3588K(3776K)->3588K(3776K)
[50.658s][info][gc          ] GC(52) Pause Young (Mixed) (G1 Evacuation Pause) 227M->92M(271M) 50.795ms
[50.658s][info][gc,cpu      ] GC(52) User=0.09s Sys=0.01s Real=0.05s
[51.664s][info][gc,start    ] GC(53) Pause Young (Concurrent Start) (G1 Evacuation Pause)
[51.664s][info][gc,task     ] GC(53) Using 2 workers of 2 for evacuation
[51.732s][info][gc,phases   ] GC(53)   Pre Evacuate Collection Set: 0.19ms
[51.732s][info][gc,phases   ] GC(53)   Merge Heap Roots: 0.25ms
[51.732s][info][gc,phases   ] GC(53)   Evacuate Collection Set: 67.47ms
[51.732s][info][gc,phases   ] GC(53)   Post Evacuate Collection Set: 0.46ms
[51.732s][info][gc,phases   ] GC(53)   Other: 0.10ms
[51.732s][info][gc,heap     ] GC(53) Eden regions: 133->0(105)
[51.732s][info][gc,heap     ] GC(53) Survivor regions: 20->20(20)
[51.732s][info][gc,heap     ] GC(53) Old regions: 71->101
[51.732s][info][gc,heap     ] GC(53) Humongous regions: 2->2
[51.732s][info][gc,metaspace] GC(53) Metaspace: 34357K(34752K)->34357K(34752K) NonClass: 30769K(30976K)->30769K(30976K) Class: 3588K(3776K)->3588K(3776K)
[51.732s][info][gc          ] GC(53) Pause Young (Concurrent Start) (G1 Evacuation Pause) 225M->122M(276M) 68.676ms
[51.733s][info][gc,cpu      ] GC(53) User=0.13s Sys=0.00s Real=0.07s
[51.733s][info][gc          ] GC(54) Concurrent Mark Cycle
[51.733s][info][gc,marking  ] GC(54) Concurrent Scan Root Regions
[51.838s][info][gc,marking  ] GC(54) Concurrent Scan Root Regions 105.720ms
[51.838s][info][gc,marking  ] GC(54) Concurrent Mark
[51.838s][info][gc,marking  ] GC(54) Concurrent Mark From Roots
[51.838s][info][gc,task     ] GC(54) Using 1 workers of 1 for marking
[51.955s][info][gc,marking  ] GC(54) Concurrent Mark From Roots 117.003ms
[51.955s][info][gc,marking  ] GC(54) Concurrent Preclean
[51.955s][info][gc,marking  ] GC(54) Concurrent Preclean 0.038ms
[51.956s][info][gc,start    ] GC(54) Pause Remark
[51.972s][info][gc          ] GC(54) Pause Remark 135M->135M(276M) 16.570ms
[51.972s][info][gc,cpu      ] GC(54) User=0.03s Sys=0.00s Real=0.02s
[51.972s][info][gc,marking  ] GC(54) Concurrent Mark 133.900ms
[51.972s][info][gc,marking  ] GC(54) Concurrent Rebuild Remembered Sets and Scrub Regions
[52.059s][info][gc,marking  ] GC(54) Concurrent Rebuild Remembered Sets and Scrub Regions 87.171ms
[52.060s][info][gc,start    ] GC(54) Pause Cleanup
[52.060s][info][gc          ] GC(54) Pause Cleanup 142M->142M(276M) 0.053ms
[52.060s][info][gc,cpu      ] GC(54) User=0.00s Sys=0.00s Real=0.00s
[52.060s][info][gc,marking  ] GC(54) Concurrent Clear Claimed Marks
[52.060s][info][gc,marking  ] GC(54) Concurrent Clear Claimed Marks 0.036ms
[52.060s][info][gc,marking  ] GC(54) Concurrent Cleanup for Next Mark
[52.061s][info][gc,marking  ] GC(54) Concurrent Cleanup for Next Mark 0.898ms
[52.061s][info][gc          ] GC(54) Concurrent Mark Cycle 328.686ms
[52.816s][info][gc,start    ] GC(55) Pause Young (Prepare Mixed) (G1 Evacuation Pause)
[52.816s][info][gc,task     ] GC(55) Using 2 workers of 2 for evacuation
[52.887s][info][gc,phases   ] GC(55)   Pre Evacuate Collection Set: 0.20ms
[52.887s][info][gc,phases   ] GC(55)   Merge Heap Roots: 0.67ms
[52.887s][info][gc,phases   ] GC(55)   Evacuate Collection Set: 70.30ms
[52.887s][info][gc,phases   ] GC(55)   Post Evacuate Collection Set: 0.43ms
[52.887s][info][gc,phases   ] GC(55)   Other: 0.09ms
[52.887s][info][gc,heap     ] GC(55) Eden regions: 105->0(80)
[52.887s][info][gc,heap     ] GC(55) Survivor regions: 20->16(16)
[52.887s][info][gc,heap     ] GC(55) Old regions: 101->133
[52.887s][info][gc,heap     ] GC(55) Humongous regions: 2->2
[52.887s][info][gc,metaspace] GC(55) Metaspace: 34357K(34752K)->34357K(34752K) NonClass: 30769K(30976K)->30769K(30976K) Class: 3588K(3776K)->3588K(3776K)
[52.888s][info][gc          ] GC(55) Pause Young (Prepare Mixed) (G1 Evacuation Pause) 227M->150M(276M) 71.928ms
[52.888s][info][gc,cpu      ] GC(55) User=0.14s Sys=0.00s Real=0.07s
[53.399s][info][gc,start    ] GC(56) Pause Young (Mixed) (G1 Evacuation Pause)
[53.400s][info][gc,task     ] GC(56) Using 2 workers of 2 for evacuation
[53.452s][info][gc,phases   ] GC(56)   Pre Evacuate Collection Set: 0.19ms
[53.452s][info][gc,phases   ] GC(56)   Merge Heap Roots: 0.61ms
[53.452s][info][gc,phases   ] GC(56)   Evacuate Collection Set: 50.99ms
[53.452s][info][gc,phases   ] GC(56)   Post Evacuate Collection Set: 0.67ms
[53.452s][info][gc,phases   ] GC(56)   Other: 0.11ms
[53.452s][info][gc,heap     ] GC(56) Eden regions: 80->0(85)
[53.452s][info][gc,heap     ] GC(56) Survivor regions: 16->12(12)
[53.452s][info][gc,heap     ] GC(56) Old regions: 133->154
[53.452s][info][gc,heap     ] GC(56) Humongous regions: 4->2
[53.452s][info][gc,metaspace] GC(56) Metaspace: 34360K(34752K)->34360K(34752K) NonClass: 30772K(30976K)->30772K(30976K) Class: 3588K(3776K)->3588K(3776K)
[53.452s][info][gc          ] GC(56) Pause Young (Mixed) (G1 Evacuation Pause) 232M->167M(305M) 52.776ms
[53.452s][info][gc,cpu      ] GC(56) User=0.10s Sys=0.00s Real=0.05s
[53.941s][info][gc,start    ] GC(57) Pause Young (Concurrent Start) (G1 Humongous Allocation)
[53.941s][info][gc,task     ] GC(57) Using 2 workers of 2 for evacuation
[53.965s][info][gc,phases   ] GC(57)   Pre Evacuate Collection Set: 0.17ms
[53.966s][info][gc,phases   ] GC(57)   Merge Heap Roots: 0.14ms
[53.966s][info][gc,phases   ] GC(57)   Evacuate Collection Set: 23.80ms
[53.966s][info][gc,phases   ] GC(57)   Post Evacuate Collection Set: 0.30ms
[53.966s][info][gc,phases   ] GC(57)   Other: 0.15ms
[53.966s][info][gc,heap     ] GC(57) Eden regions: 73->0(90)
[53.966s][info][gc,heap     ] GC(57) Survivor regions: 12->6(13)
[53.966s][info][gc,heap     ] GC(57) Old regions: 154->162
[53.966s][info][gc,heap     ] GC(57) Humongous regions: 2->0
[53.966s][info][gc,metaspace] GC(57) Metaspace: 34363K(34752K)->34363K(34752K) NonClass: 30775K(30976K)->30775K(30976K) Class: 3588K(3776K)->3588K(3776K)
[53.966s][info][gc          ] GC(57) Pause Young (Concurrent Start) (G1 Humongous Allocation) 240M->167M(305M) 24.764ms
[53.966s][info][gc,cpu      ] GC(57) User=0.05s Sys=0.01s Real=0.02s
[53.966s][info][gc          ] GC(58) Concurrent Mark Cycle
[53.966s][info][gc,marking  ] GC(58) Concurrent Scan Root Regions
[53.992s][info][gc,marking  ] GC(58) Concurrent Scan Root Regions 26.659ms
[53.992s][info][gc,marking  ] GC(58) Concurrent Mark
[53.992s][info][gc,marking  ] GC(58) Concurrent Mark From Roots
[53.992s][info][gc,task     ] GC(58) Using 1 workers of 1 for marking
[54.230s][info][gc,marking  ] GC(58) Concurrent Mark From Roots 237.265ms
[54.230s][info][gc,marking  ] GC(58) Concurrent Preclean
[54.230s][info][gc,marking  ] GC(58) Concurrent Preclean 0.034ms
[54.230s][info][gc,start    ] GC(58) Pause Remark
[54.243s][info][gc          ] GC(58) Pause Remark 227M->227M(305M) 12.533ms
[54.243s][info][gc,cpu      ] GC(58) User=0.02s Sys=0.00s Real=0.01s
[54.245s][info][gc,marking  ] GC(58) Concurrent Mark 252.641ms
[54.245s][info][gc,marking  ] GC(58) Concurrent Rebuild Remembered Sets and Scrub Regions
[54.419s][info][gc,marking  ] GC(58) Concurrent Rebuild Remembered Sets and Scrub Regions 174.010ms
[54.419s][info][gc,start    ] GC(58) Pause Cleanup
[54.419s][info][gc          ] GC(58) Pause Cleanup 247M->247M(305M) 0.101ms
[54.419s][info][gc,cpu      ] GC(58) User=0.00s Sys=0.00s Real=0.00s
[54.420s][info][gc,marking  ] GC(58) Concurrent Clear Claimed Marks
[54.420s][info][gc,marking  ] GC(58) Concurrent Clear Claimed Marks 0.060ms
[54.420s][info][gc,marking  ] GC(58) Concurrent Cleanup for Next Mark
[54.424s][info][gc,marking  ] GC(58) Concurrent Cleanup for Next Mark 4.028ms
[54.424s][info][gc          ] GC(58) Concurrent Mark Cycle 458.478ms
[54.492s][info][gc,start    ] GC(59) Pause Young (Prepare Mixed) (G1 Evacuation Pause)
[54.492s][info][gc,task     ] GC(59) Using 2 workers of 2 for evacuation
[54.510s][info][gc,phases   ] GC(59)   Pre Evacuate Collection Set: 0.20ms
[54.510s][info][gc,phases   ] GC(59)   Merge Heap Roots: 0.10ms
[54.510s][info][gc,phases   ] GC(59)   Evacuate Collection Set: 17.48ms
[54.510s][info][gc,phases   ] GC(59)   Post Evacuate Collection Set: 0.42ms
[54.510s][info][gc,phases   ] GC(59)   Other: 0.13ms
[54.510s][info][gc,heap     ] GC(59) Eden regions: 90->0(85)
[54.510s][info][gc,heap     ] GC(59) Survivor regions: 6->12(12)
[54.510s][info][gc,heap     ] GC(59) Old regions: 162->165
[54.510s][info][gc,heap     ] GC(59) Humongous regions: 4->2
[54.510s][info][gc,metaspace] GC(59) Metaspace: 34365K(34752K)->34365K(34752K) NonClass: 30777K(30976K)->30777K(30976K) Class: 3588K(3776K)->3588K(3776K)
[54.511s][info][gc          ] GC(59) Pause Young (Prepare Mixed) (G1 Evacuation Pause) 261M->179M(305M) 18.518ms
[54.511s][info][gc,cpu      ] GC(59) User=0.03s Sys=0.00s Real=0.02s
[55.045s][info][gc,start    ] GC(60) Pause Young (Mixed) (G1 Evacuation Pause)
[55.045s][info][gc,task     ] GC(60) Using 2 workers of 2 for evacuation
[55.070s][info][gc,phases   ] GC(60)   Pre Evacuate Collection Set: 0.20ms
[55.070s][info][gc,phases   ] GC(60)   Merge Heap Roots: 0.30ms
[55.070s][info][gc,phases   ] GC(60)   Evacuate Collection Set: 23.80ms
[55.070s][info][gc,phases   ] GC(60)   Post Evacuate Collection Set: 0.43ms
[55.070s][info][gc,phases   ] GC(60)   Other: 0.09ms
[55.070s][info][gc,heap     ] GC(60) Eden regions: 85->0(105)
[55.070s][info][gc,heap     ] GC(60) Survivor regions: 12->8(13)
[55.070s][info][gc,heap     ] GC(60) Old regions: 165->147
[55.070s][info][gc,heap     ] GC(60) Humongous regions: 8->0
[55.070s][info][gc,metaspace] GC(60) Metaspace: 34449K(34880K)->34449K(34880K) NonClass: 30854K(31104K)->30854K(31104K) Class: 3595K(3776K)->3595K(3776K)
[55.070s][info][gc          ] GC(60) Pause Young (Mixed) (G1 Evacuation Pause) 270M->154M(305M) 25.023ms
[55.070s][info][gc,cpu      ] GC(60) User=0.05s Sys=0.00s Real=0.03s
[55.867s][info][gc,start    ] GC(61) Pause Young (Mixed) (G1 Evacuation Pause)
[55.867s][info][gc,task     ] GC(61) Using 2 workers of 2 for evacuation
[55.913s][info][gc,phases   ] GC(61)   Pre Evacuate Collection Set: 0.20ms
[55.913s][info][gc,phases   ] GC(61)   Merge Heap Roots: 0.36ms
[55.913s][info][gc,phases   ] GC(61)   Evacuate Collection Set: 44.84ms
[55.913s][info][gc,phases   ] GC(61)   Post Evacuate Collection Set: 0.46ms
[55.913s][info][gc,phases   ] GC(61)   Other: 0.10ms
[55.913s][info][gc,heap     ] GC(61) Eden regions: 105->0(85)
[55.913s][info][gc,heap     ] GC(61) Survivor regions: 8->15(15)
[55.913s][info][gc,heap     ] GC(61) Old regions: 147->148
[55.913s][info][gc,heap     ] GC(61) Humongous regions: 3->3
[55.913s][info][gc,metaspace] GC(61) Metaspace: 35128K(35584K)->35128K(35584K) NonClass: 31454K(31680K)->31454K(31680K) Class: 3674K(3904K)->3674K(3904K)
[55.913s][info][gc          ] GC(61) Pause Young (Mixed) (G1 Evacuation Pause) 262M->165M(310M) 46.177ms
[55.913s][info][gc,cpu      ] GC(61) User=0.09s Sys=0.01s Real=0.05s
[56.339s][info][gc,start    ] GC(62) Pause Young (Mixed) (G1 Evacuation Pause)
[56.339s][info][gc,task     ] GC(62) Using 2 workers of 2 for evacuation
[56.398s][info][gc,phases   ] GC(62)   Pre Evacuate Collection Set: 0.21ms
[56.398s][info][gc,phases   ] GC(62)   Merge Heap Roots: 0.97ms
[56.398s][info][gc,phases   ] GC(62)   Evacuate Collection Set: 56.86ms
[56.398s][info][gc,phases   ] GC(62)   Post Evacuate Collection Set: 0.57ms
[56.398s][info][gc,phases   ] GC(62)   Other: 0.10ms
[56.398s][info][gc,heap     ] GC(62) Eden regions: 85->0(92)
[56.398s][info][gc,heap     ] GC(62) Survivor regions: 15->13(13)
[56.398s][info][gc,heap     ] GC(62) Old regions: 148->143
[56.398s][info][gc,heap     ] GC(62) Humongous regions: 4->3
[56.398s][info][gc,metaspace] GC(62) Metaspace: 35284K(35776K)->35284K(35776K) NonClass: 31608K(31872K)->31608K(31872K) Class: 3676K(3904K)->3676K(3904K)
[56.398s][info][gc          ] GC(62) Pause Young (Mixed) (G1 Evacuation Pause) 251M->157M(310M) 58.926ms
[56.398s][info][gc,cpu      ] GC(62) User=0.12s Sys=0.00s Real=0.06s
[56.846s][info][gc,start    ] GC(63) Pause Young (Concurrent Start) (G1 Evacuation Pause)
[56.846s][info][gc,task     ] GC(63) Using 2 workers of 2 for evacuation
[56.859s][info][gc,phases   ] GC(63)   Pre Evacuate Collection Set: 0.17ms
[56.859s][info][gc,phases   ] GC(63)   Merge Heap Roots: 0.12ms
[56.859s][info][gc,phases   ] GC(63)   Evacuate Collection Set: 10.88ms
[56.859s][info][gc,phases   ] GC(63)   Post Evacuate Collection Set: 1.34ms
[56.859s][info][gc,phases   ] GC(63)   Other: 0.11ms
[56.859s][info][gc,heap     ] GC(63) Eden regions: 92->0(202)
[56.859s][info][gc,heap     ] GC(63) Survivor regions: 13->3(14)
[56.859s][info][gc,heap     ] GC(63) Old regions: 143->151
[56.859s][info][gc,heap     ] GC(63) Humongous regions: 3->3
[56.859s][info][gc,metaspace] GC(63) Metaspace: 35335K(35840K)->35335K(35840K) NonClass: 31659K(31936K)->31659K(31936K) Class: 3676K(3904K)->3676K(3904K)
[56.859s][info][gc          ] GC(63) Pause Young (Concurrent Start) (G1 Evacuation Pause) 249M->156M(430M) 12.848ms
[56.859s][info][gc,cpu      ] GC(63) User=0.02s Sys=0.00s Real=0.02s
[56.859s][info][gc          ] GC(64) Concurrent Mark Cycle
[56.859s][info][gc,marking  ] GC(64) Concurrent Scan Root Regions
[56.875s][info][gc,marking  ] GC(64) Concurrent Scan Root Regions 15.764ms
[56.875s][info][gc,marking  ] GC(64) Concurrent Mark
[56.875s][info][gc,marking  ] GC(64) Concurrent Mark From Roots
[56.875s][info][gc,task     ] GC(64) Using 1 workers of 1 for marking
[57.035s][info][gc,marking  ] GC(64) Concurrent Mark From Roots 159.514ms
[57.035s][info][gc,marking  ] GC(64) Concurrent Preclean
[57.035s][info][gc,marking  ] GC(64) Concurrent Preclean 0.051ms
[57.037s][info][gc,start    ] GC(64) Pause Remark
[57.050s][info][gc          ] GC(64) Pause Remark 180M->166M(430M) 13.434ms
[57.050s][info][gc,cpu      ] GC(64) User=0.02s Sys=0.00s Real=0.02s
[57.051s][info][gc,marking  ] GC(64) Concurrent Mark 175.454ms
[57.051s][info][gc,marking  ] GC(64) Concurrent Rebuild Remembered Sets and Scrub Regions
[57.114s][info][gc,marking  ] GC(64) Concurrent Rebuild Remembered Sets and Scrub Regions 62.983ms
[57.114s][info][gc,start    ] GC(64) Pause Cleanup
[57.114s][info][gc          ] GC(64) Pause Cleanup 172M->172M(430M) 0.071ms
[57.114s][info][gc,cpu      ] GC(64) User=0.00s Sys=0.00s Real=0.00s
[57.116s][info][gc,marking  ] GC(64) Concurrent Clear Claimed Marks
[57.116s][info][gc,marking  ] GC(64) Concurrent Clear Claimed Marks 0.070ms
[57.116s][info][gc,marking  ] GC(64) Concurrent Cleanup for Next Mark
[57.121s][info][gc,marking  ] GC(64) Concurrent Cleanup for Next Mark 4.576ms
[57.121s][info][gc          ] GC(64) Concurrent Mark Cycle 261.499ms
[57.992s][info][gc,start    ] GC(65) Pause Young (Prepare Mixed) (G1 Evacuation Pause)
[57.992s][info][gc,task     ] GC(65) Using 2 workers of 2 for evacuation
[58.014s][info][gc,phases   ] GC(65)   Pre Evacuate Collection Set: 0.24ms
[58.014s][info][gc,phases   ] GC(65)   Merge Heap Roots: 0.08ms
[58.014s][info][gc,phases   ] GC(65)   Evacuate Collection Set: 21.40ms
[58.014s][info][gc,phases   ] GC(65)   Post Evacuate Collection Set: 0.48ms
[58.014s][info][gc,phases   ] GC(65)   Other: 0.07ms
[58.014s][info][gc,heap     ] GC(65) Eden regions: 202->0(174)
[58.014s][info][gc,heap     ] GC(65) Survivor regions: 3->26(26)
[58.014s][info][gc,heap     ] GC(65) Old regions: 137->146
[58.014s][info][gc,heap     ] GC(65) Humongous regions: 5->3
[58.014s][info][gc,metaspace] GC(65) Metaspace: 35403K(35904K)->35403K(35904K) NonClass: 31726K(32000K)->31726K(32000K) Class: 3677K(3904K)->3677K(3904K)
[58.014s][info][gc          ] GC(65) Pause Young (Prepare Mixed) (G1 Evacuation Pause) 346M->174M(430M) 22.488ms
[58.014s][info][gc,cpu      ] GC(65) User=0.04s Sys=0.00s Real=0.02s
[58.796s][info][gc,start    ] GC(66) Pause Young (Mixed) (G1 Evacuation Pause)
[58.796s][info][gc,task     ] GC(66) Using 2 workers of 2 for evacuation
[58.872s][info][gc,phases   ] GC(66)   Pre Evacuate Collection Set: 0.25ms
[58.872s][info][gc,phases   ] GC(66)   Merge Heap Roots: 0.48ms
[58.872s][info][gc,phases   ] GC(66)   Evacuate Collection Set: 74.00ms
[58.872s][info][gc,phases   ] GC(66)   Post Evacuate Collection Set: 0.55ms
[58.872s][info][gc,phases   ] GC(66)   Other: 0.11ms
[58.872s][info][gc,heap     ] GC(66) Eden regions: 174->0(133)
[58.872s][info][gc,heap     ] GC(66) Survivor regions: 26->25(25)
[58.872s][info][gc,heap     ] GC(66) Old regions: 146->163
[58.872s][info][gc,heap     ] GC(66) Humongous regions: 3->3
[58.872s][info][gc,metaspace] GC(66) Metaspace: 35418K(35904K)->35418K(35904K) NonClass: 31741K(32000K)->31741K(32000K) Class: 3677K(3904K)->3677K(3904K)
[58.872s][info][gc          ] GC(66) Pause Young (Mixed) (G1 Evacuation Pause) 348M->191M(434M) 75.639ms
[58.872s][info][gc,cpu      ] GC(66) User=0.15s Sys=0.00s Real=0.08s
[59.466s][info][gc,start    ] GC(67) Pause Young (Mixed) (G1 Evacuation Pause)
[59.466s][info][gc,task     ] GC(67) Using 2 workers of 2 for evacuation
[59.519s][info][gc,phases   ] GC(67)   Pre Evacuate Collection Set: 0.25ms
[59.519s][info][gc,phases   ] GC(67)   Merge Heap Roots: 0.50ms
[59.519s][info][gc,phases   ] GC(67)   Evacuate Collection Set: 51.63ms
[59.519s][info][gc,phases   ] GC(67)   Post Evacuate Collection Set: 0.54ms
[59.519s][info][gc,phases   ] GC(67)   Other: 0.10ms
[59.519s][info][gc,heap     ] GC(67) Eden regions: 133->0(117)
[59.519s][info][gc,heap     ] GC(67) Survivor regions: 25->20(20)
[59.519s][info][gc,heap     ] GC(67) Old regions: 163->191
[59.519s][info][gc,heap     ] GC(67) Humongous regions: 4->4
[59.519s][info][gc,metaspace] GC(67) Metaspace: 35424K(35904K)->35424K(35904K) NonClass: 31746K(32000K)->31746K(32000K) Class: 3677K(3904K)->3677K(3904K)
[59.519s][info][gc          ] GC(67) Pause Young (Mixed) (G1 Evacuation Pause) 325M->215M(434M) 53.247ms
[59.519s][info][gc,cpu      ] GC(67) User=0.11s Sys=0.00s Real=0.05s
[59.968s][info][gc,start    ] GC(68) Pause Young (Concurrent Start) (G1 Evacuation Pause)
[59.968s][info][gc,task     ] GC(68) Using 2 workers of 2 for evacuation
[60.018s][info][gc,phases   ] GC(68)   Pre Evacuate Collection Set: 0.28ms
[60.018s][info][gc,phases   ] GC(68)   Merge Heap Roots: 0.22ms
[60.018s][info][gc,phases   ] GC(68)   Evacuate Collection Set: 48.79ms
[60.018s][info][gc,phases   ] GC(68)   Post Evacuate Collection Set: 0.49ms
[60.018s][info][gc,phases   ] GC(68)   Other: 0.10ms
[60.018s][info][gc,heap     ] GC(68) Eden regions: 117->0(75)
[60.018s][info][gc,heap     ] GC(68) Survivor regions: 20->18(18)
[60.018s][info][gc,heap     ] GC(68) Old regions: 191->252
[60.018s][info][gc,heap     ] GC(68) Humongous regions: 4->4
[60.018s][info][gc,metaspace] GC(68) Metaspace: 35429K(35904K)->35429K(35904K) NonClass: 31752K(32000K)->31752K(32000K) Class: 3677K(3904K)->3677K(3904K)
[60.018s][info][gc          ] GC(68) Pause Young (Concurrent Start) (G1 Evacuation Pause) 332M->274M(434M) 50.080ms
[60.018s][info][gc,cpu      ] GC(68) User=0.10s Sys=0.00s Real=0.05s
[60.018s][info][gc          ] GC(69) Concurrent Mark Cycle
[60.020s][info][gc,marking  ] GC(69) Concurrent Scan Root Regions
[60.070s][info][gc,marking  ] GC(69) Concurrent Scan Root Regions 49.847ms
[60.070s][info][gc,marking  ] GC(69) Concurrent Mark
[60.070s][info][gc,marking  ] GC(69) Concurrent Mark From Roots
[60.070s][info][gc,task     ] GC(69) Using 1 workers of 1 for marking
[60.287s][info][gc,marking  ] GC(69) Concurrent Mark From Roots 216.844ms
[60.287s][info][gc,marking  ] GC(69) Concurrent Preclean
[60.287s][info][gc,marking  ] GC(69) Concurrent Preclean 0.044ms
[60.287s][info][gc,start    ] GC(69) Pause Remark
[60.301s][info][gc          ] GC(69) Pause Remark 325M->249M(434M) 13.845ms
[60.301s][info][gc,cpu      ] GC(69) User=0.02s Sys=0.00s Real=0.02s
[60.301s][info][gc,marking  ] GC(69) Concurrent Mark 231.090ms
[60.301s][info][gc,marking  ] GC(69) Concurrent Rebuild Remembered Sets and Scrub Regions
[60.441s][info][gc,start    ] GC(70) Pause Young (Normal) (G1 Evacuation Pause)
[60.441s][info][gc,task     ] GC(70) Using 2 workers of 2 for evacuation
[60.482s][info][gc,phases   ] GC(70)   Pre Evacuate Collection Set: 0.22ms
[60.482s][info][gc,phases   ] GC(70)   Merge Heap Roots: 0.50ms
[60.482s][info][gc,phases   ] GC(70)   Evacuate Collection Set: 39.46ms
[60.482s][info][gc,phases   ] GC(70)   Post Evacuate Collection Set: 0.38ms
[60.482s][info][gc,phases   ] GC(70)   Other: 0.10ms
[60.482s][info][gc,heap     ] GC(70) Eden regions: 75->0(91)
[60.482s][info][gc,heap     ] GC(70) Survivor regions: 18->12(12)
[60.482s][info][gc,heap     ] GC(70) Old regions: 177->220
[60.482s][info][gc,heap     ] GC(70) Humongous regions: 4->4
[60.482s][info][gc,metaspace] GC(70) Metaspace: 35430K(35904K)->35430K(35904K) NonClass: 31753K(32000K)->31753K(32000K) Class: 3677K(3904K)->3677K(3904K)
[60.482s][info][gc          ] GC(70) Pause Young (Normal) (G1 Evacuation Pause) 274M->235M(434M) 40.964ms
[60.482s][info][gc,cpu      ] GC(70) User=0.08s Sys=0.00s Real=0.04s
[60.491s][info][gc,marking  ] GC(69) Concurrent Rebuild Remembered Sets and Scrub Regions 189.504ms
[60.491s][info][gc,start    ] GC(69) Pause Cleanup
[60.491s][info][gc          ] GC(69) Pause Cleanup 236M->236M(434M) 0.094ms
[60.491s][info][gc,cpu      ] GC(69) User=0.00s Sys=0.00s Real=0.00s
[60.491s][info][gc,marking  ] GC(69) Concurrent Clear Claimed Marks
[60.491s][info][gc,marking  ] GC(69) Concurrent Clear Claimed Marks 0.050ms
[60.491s][info][gc,marking  ] GC(69) Concurrent Cleanup for Next Mark
[60.492s][info][gc,marking  ] GC(69) Concurrent Cleanup for Next Mark 1.422ms
[60.492s][info][gc          ] GC(69) Concurrent Mark Cycle 474.034ms
[60.851s][info][gc,start    ] GC(71) Pause Young (Prepare Mixed) (G1 Evacuation Pause)
[60.851s][info][gc,task     ] GC(71) Using 2 workers of 2 for evacuation
[60.902s][info][gc,phases   ] GC(71)   Pre Evacuate Collection Set: 0.20ms
[60.902s][info][gc,phases   ] GC(71)   Merge Heap Roots: 0.24ms
[60.902s][info][gc,phases   ] GC(71)   Evacuate Collection Set: 50.39ms
[60.902s][info][gc,phases   ] GC(71)   Post Evacuate Collection Set: 0.43ms
[60.902s][info][gc,phases   ] GC(71)   Other: 0.09ms
[60.902s][info][gc,heap     ] GC(71) Eden regions: 91->0(58)
[60.902s][info][gc,heap     ] GC(71) Survivor regions: 12->13(13)
[60.902s][info][gc,heap     ] GC(71) Old regions: 220->275
[60.902s][info][gc,heap     ] GC(71) Humongous regions: 5->5
[60.902s][info][gc,metaspace] GC(71) Metaspace: 35433K(35904K)->35433K(35904K) NonClass: 31756K(32000K)->31756K(32000K) Class: 3677K(3904K)->3677K(3904K)
[60.902s][info][gc          ] GC(71) Pause Young (Prepare Mixed) (G1 Evacuation Pause) 327M->293M(434M) 51.587ms
[60.902s][info][gc,cpu      ] GC(71) User=0.10s Sys=0.00s Real=0.05s
[61.162s][info][gc,start    ] GC(72) Pause Young (Mixed) (G1 Evacuation Pause)
[61.162s][info][gc,task     ] GC(72) Using 2 workers of 2 for evacuation
[61.206s][info][gc,phases   ] GC(72)   Pre Evacuate Collection Set: 0.21ms
[61.206s][info][gc,phases   ] GC(72)   Merge Heap Roots: 0.35ms
[61.206s][info][gc,phases   ] GC(72)   Evacuate Collection Set: 43.27ms
[61.206s][info][gc,phases   ] GC(72)   Post Evacuate Collection Set: 0.39ms
[61.206s][info][gc,phases   ] GC(72)   Other: 0.09ms
[61.206s][info][gc,heap     ] GC(72) Eden regions: 58->0(52)
[61.206s][info][gc,heap     ] GC(72) Survivor regions: 13->9(9)
[61.206s][info][gc,heap     ] GC(72) Old regions: 275->291
[61.206s][info][gc,heap     ] GC(72) Humongous regions: 5->5
[61.206s][info][gc,metaspace] GC(72) Metaspace: 35433K(35904K)->35433K(35904K) NonClass: 31756K(32000K)->31756K(32000K) Class: 3677K(3904K)->3677K(3904K)
[61.206s][info][gc          ] GC(72) Pause Young (Mixed) (G1 Evacuation Pause) 351M->305M(434M) 44.576ms
[61.206s][info][gc,cpu      ] GC(72) User=0.08s Sys=0.01s Real=0.04s
[61.406s][info][gc,start    ] GC(73) Pause Young (Concurrent Start) (G1 Evacuation Pause)
[61.406s][info][gc,task     ] GC(73) Using 2 workers of 2 for evacuation
[61.440s][info][gc,phases   ] GC(73)   Pre Evacuate Collection Set: 0.24ms
[61.440s][info][gc,phases   ] GC(73)   Merge Heap Roots: 0.11ms
[61.440s][info][gc,phases   ] GC(73)   Evacuate Collection Set: 32.69ms
[61.440s][info][gc,phases   ] GC(73)   Post Evacuate Collection Set: 0.93ms
[61.440s][info][gc,phases   ] GC(73)   Other: 0.08ms
[61.440s][info][gc,heap     ] GC(73) Eden regions: 52->0(58)
[61.440s][info][gc,heap     ] GC(73) Survivor regions: 9->8(8)
[61.440s][info][gc,heap     ] GC(73) Old regions: 291->331
[61.440s][info][gc,heap     ] GC(73) Humongous regions: 5->5
[61.440s][info][gc,metaspace] GC(73) Metaspace: 35433K(35904K)->35433K(35904K) NonClass: 31756K(32000K)->31756K(32000K) Class: 3677K(3904K)->3677K(3904K)
[61.440s][info][gc          ] GC(73) Pause Young (Concurrent Start) (G1 Evacuation Pause) 357M->344M(494M) 34.288ms
[61.440s][info][gc          ] GC(74) Concurrent Mark Cycle
[61.440s][info][gc,marking  ] GC(74) Concurrent Scan Root Regions
[61.440s][info][gc,cpu      ] GC(73) User=0.06s Sys=0.00s Real=0.04s
[61.464s][info][gc,marking  ] GC(74) Concurrent Scan Root Regions 23.602ms
[61.464s][info][gc,marking  ] GC(74) Concurrent Mark
[61.464s][info][gc,marking  ] GC(74) Concurrent Mark From Roots
[61.464s][info][gc,task     ] GC(74) Using 1 workers of 1 for marking
[61.648s][info][gc,marking  ] GC(74) Concurrent Mark From Roots 183.652ms
[61.648s][info][gc,marking  ] GC(74) Concurrent Preclean
[61.648s][info][gc,marking  ] GC(74) Concurrent Preclean 0.061ms
[61.648s][info][gc,start    ] GC(74) Pause Remark
[61.662s][info][gc          ] GC(74) Pause Remark 370M->307M(494M) 13.520ms
[61.662s][info][gc,cpu      ] GC(74) User=0.02s Sys=0.00s Real=0.02s
[61.662s][info][gc,marking  ] GC(74) Concurrent Mark 197.518ms
[61.662s][info][gc,marking  ] GC(74) Concurrent Rebuild Remembered Sets and Scrub Regions
[61.787s][info][gc,marking  ] GC(74) Concurrent Rebuild Remembered Sets and Scrub Regions 124.904ms
[61.787s][info][gc,start    ] GC(74) Pause Cleanup
[61.787s][info][gc          ] GC(74) Pause Cleanup 317M->317M(494M) 0.120ms
[61.787s][info][gc,cpu      ] GC(74) User=0.00s Sys=0.00s Real=0.00s
[61.787s][info][gc,marking  ] GC(74) Concurrent Clear Claimed Marks
[61.787s][info][gc,marking  ] GC(74) Concurrent Clear Claimed Marks 0.039ms
[61.787s][info][gc,marking  ] GC(74) Concurrent Cleanup for Next Mark
[61.789s][info][gc,marking  ] GC(74) Concurrent Cleanup for Next Mark 2.097ms
[61.789s][info][gc          ] GC(74) Concurrent Mark Cycle 348.547ms
[61.922s][info][gc,start    ] GC(75) Pause Young (Prepare Mixed) (G1 Evacuation Pause)
[61.923s][info][gc,task     ] GC(75) Using 2 workers of 2 for evacuation
[61.960s][info][gc,phases   ] GC(75)   Pre Evacuate Collection Set: 0.21ms
[61.960s][info][gc,phases   ] GC(75)   Merge Heap Roots: 0.36ms
[61.960s][info][gc,phases   ] GC(75)   Evacuate Collection Set: 36.26ms
[61.960s][info][gc,phases   ] GC(75)   Post Evacuate Collection Set: 0.41ms
[61.960s][info][gc,phases   ] GC(75)   Other: 0.12ms
[61.960s][info][gc,heap     ] GC(75) Eden regions: 58->0(73)
[61.960s][info][gc,heap     ] GC(75) Survivor regions: 8->9(9)
[61.960s][info][gc,heap     ] GC(75) Old regions: 270->297
[61.960s][info][gc,heap     ] GC(75) Humongous regions: 4->4
[61.960s][info][gc,metaspace] GC(75) Metaspace: 35433K(35904K)->35433K(35904K) NonClass: 31756K(32000K)->31756K(32000K) Class: 3677K(3904K)->3677K(3904K)
[61.960s][info][gc          ] GC(75) Pause Young (Prepare Mixed) (G1 Evacuation Pause) 340M->310M(494M) 37.637ms
[61.960s][info][gc,cpu      ] GC(75) User=0.07s Sys=0.01s Real=0.04s
[62.248s][info][gc,start    ] GC(76) Pause Young (Mixed) (G1 Evacuation Pause)
[62.248s][info][gc,task     ] GC(76) Using 2 workers of 2 for evacuation
[62.294s][info][gc,phases   ] GC(76)   Pre Evacuate Collection Set: 0.21ms
[62.294s][info][gc,phases   ] GC(76)   Merge Heap Roots: 0.24ms
[62.294s][info][gc,phases   ] GC(76)   Evacuate Collection Set: 44.64ms
[62.294s][info][gc,phases   ] GC(76)   Post Evacuate Collection Set: 0.47ms
[62.294s][info][gc,phases   ] GC(76)   Other: 0.12ms
[62.294s][info][gc,heap     ] GC(76) Eden regions: 73->0(78)
[62.294s][info][gc,heap     ] GC(76) Survivor regions: 9->11(11)
[62.294s][info][gc,heap     ] GC(76) Old regions: 297->285
[62.294s][info][gc,heap     ] GC(76) Humongous regions: 4->4
[62.294s][info][gc,metaspace] GC(76) Metaspace: 35434K(35904K)->35434K(35904K) NonClass: 31757K(32000K)->31757K(32000K) Class: 3677K(3904K)->3677K(3904K)
[62.294s][info][gc          ] GC(76) Pause Young (Mixed) (G1 Evacuation Pause) 383M->300M(494M) 45.944ms
[62.294s][info][gc,cpu      ] GC(76) User=0.08s Sys=0.01s Real=0.05s
[62.606s][info][gc,start    ] GC(77) Pause Young (Mixed) (G1 Evacuation Pause)
[62.606s][info][gc,task     ] GC(77) Using 2 workers of 2 for evacuation
[62.637s][info][gc,phases   ] GC(77)   Pre Evacuate Collection Set: 0.28ms
[62.637s][info][gc,phases   ] GC(77)   Merge Heap Roots: 0.40ms
[62.637s][info][gc,phases   ] GC(77)   Evacuate Collection Set: 30.38ms
[62.637s][info][gc,phases   ] GC(77)   Post Evacuate Collection Set: 0.46ms
[62.637s][info][gc,phases   ] GC(77)   Other: 0.10ms
[62.637s][info][gc,heap     ] GC(77) Eden regions: 78->0(99)
[62.637s][info][gc,heap     ] GC(77) Survivor regions: 11->12(12)
[62.637s][info][gc,heap     ] GC(77) Old regions: 285->248
[62.637s][info][gc,heap     ] GC(77) Humongous regions: 5->5
[62.637s][info][gc,metaspace] GC(77) Metaspace: 35434K(35904K)->35434K(35904K) NonClass: 31757K(32000K)->31757K(32000K) Class: 3677K(3904K)->3677K(3904K)
[62.637s][info][gc          ] GC(77) Pause Young (Mixed) (G1 Evacuation Pause) 379M->265M(494M) 31.817ms
[62.637s][info][gc,cpu      ] GC(77) User=0.05s Sys=0.00s Real=0.03s
[63.028s][info][gc,start    ] GC(78) Pause Young (Mixed) (G1 Evacuation Pause)
[63.028s][info][gc,task     ] GC(78) Using 2 workers of 2 for evacuation
[63.058s][info][gc,phases   ] GC(78)   Pre Evacuate Collection Set: 0.27ms
[63.058s][info][gc,phases   ] GC(78)   Merge Heap Roots: 0.71ms
[63.058s][info][gc,phases   ] GC(78)   Evacuate Collection Set: 27.87ms
[63.058s][info][gc,phases   ] GC(78)   Post Evacuate Collection Set: 0.40ms
[63.058s][info][gc,phases   ] GC(78)   Other: 0.12ms
[63.058s][info][gc,heap     ] GC(78) Eden regions: 99->0(103)
[63.058s][info][gc,heap     ] GC(78) Survivor regions: 12->14(14)
[63.058s][info][gc,heap     ] GC(78) Old regions: 248->254
[63.058s][info][gc,heap     ] GC(78) Humongous regions: 5->5
[63.058s][info][gc,metaspace] GC(78) Metaspace: 35437K(35904K)->35437K(35904K) NonClass: 31760K(32000K)->31760K(32000K) Class: 3677K(3904K)->3677K(3904K)
[63.058s][info][gc          ] GC(78) Pause Young (Mixed) (G1 Evacuation Pause) 364M->272M(494M) 29.587ms
[63.058s][info][gc,cpu      ] GC(78) User=0.05s Sys=0.00s Real=0.03s
[63.430s][info][gc,start    ] GC(79) Pause Young (Concurrent Start) (G1 Humongous Allocation)
[63.430s][info][gc,task     ] GC(79) Using 2 workers of 2 for evacuation
[63.460s][info][gc,phases   ] GC(79)   Pre Evacuate Collection Set: 0.25ms
[63.460s][info][gc,phases   ] GC(79)   Merge Heap Roots: 0.08ms
[63.460s][info][gc,phases   ] GC(79)   Evacuate Collection Set: 28.98ms
[63.460s][info][gc,phases   ] GC(79)   Post Evacuate Collection Set: 0.44ms
[63.460s][info][gc,phases   ] GC(79)   Other: 0.12ms
[63.460s][info][gc,heap     ] GC(79) Eden regions: 93->0(89)
[63.460s][info][gc,heap     ] GC(79) Survivor regions: 14->15(15)
[63.460s][info][gc,heap     ] GC(79) Old regions: 254->286
[63.460s][info][gc,heap     ] GC(79) Humongous regions: 5->5
[63.460s][info][gc,metaspace] GC(79) Metaspace: 35444K(35904K)->35444K(35904K) NonClass: 31764K(32000K)->31764K(32000K) Class: 3680K(3904K)->3680K(3904K)
[63.460s][info][gc          ] GC(79) Pause Young (Concurrent Start) (G1 Humongous Allocation) 365M->305M(494M) 30.087ms
[63.460s][info][gc,cpu      ] GC(79) User=0.06s Sys=0.00s Real=0.03s
[63.460s][info][gc          ] GC(80) Concurrent Mark Cycle
[63.461s][info][gc,marking  ] GC(80) Concurrent Scan Root Regions
[63.498s][info][gc,marking  ] GC(80) Concurrent Scan Root Regions 36.969ms
[63.498s][info][gc,marking  ] GC(80) Concurrent Mark
[63.498s][info][gc,marking  ] GC(80) Concurrent Mark From Roots
[63.498s][info][gc,task     ] GC(80) Using 1 workers of 1 for marking
[63.669s][info][gc,marking  ] GC(80) Concurrent Mark From Roots 171.061ms
[63.669s][info][gc,marking  ] GC(80) Concurrent Preclean
[63.669s][info][gc,marking  ] GC(80) Concurrent Preclean 0.042ms
[63.669s][info][gc,start    ] GC(80) Pause Remark
[63.684s][info][gc          ] GC(80) Pause Remark 341M->220M(494M) 15.114ms
[63.685s][info][gc,cpu      ] GC(80) User=0.03s Sys=0.00s Real=0.01s
[63.687s][info][gc,marking  ] GC(80) Concurrent Mark 188.951ms
[63.687s][info][gc,marking  ] GC(80) Concurrent Rebuild Remembered Sets and Scrub Regions
[63.781s][info][gc,marking  ] GC(80) Concurrent Rebuild Remembered Sets and Scrub Regions 93.805ms
[63.781s][info][gc,start    ] GC(80) Pause Cleanup
[63.781s][info][gc          ] GC(80) Pause Cleanup 241M->241M(494M) 0.091ms
[63.781s][info][gc,cpu      ] GC(80) User=0.00s Sys=0.00s Real=0.00s
[63.781s][info][gc,marking  ] GC(80) Concurrent Clear Claimed Marks
[63.781s][info][gc,marking  ] GC(80) Concurrent Clear Claimed Marks 0.038ms
[63.781s][info][gc,marking  ] GC(80) Concurrent Cleanup for Next Mark
[63.783s][info][gc,marking  ] GC(80) Concurrent Cleanup for Next Mark 1.450ms
[63.783s][info][gc          ] GC(80) Concurrent Mark Cycle 322.533ms
[63.916s][info][gc,start    ] GC(81) Pause Young (Prepare Mixed) (G1 Evacuation Pause)
[63.916s][info][gc,task     ] GC(81) Using 2 workers of 2 for evacuation
[63.937s][info][gc,phases   ] GC(81)   Pre Evacuate Collection Set: 0.23ms
[63.937s][info][gc,phases   ] GC(81)   Merge Heap Roots: 0.26ms
[63.937s][info][gc,phases   ] GC(81)   Evacuate Collection Set: 20.03ms
[63.937s][info][gc,phases   ] GC(81)   Post Evacuate Collection Set: 0.40ms
[63.937s][info][gc,phases   ] GC(81)   Other: 0.10ms
[63.937s][info][gc,heap     ] GC(81) Eden regions: 89->0(149)
[63.937s][info][gc,heap     ] GC(81) Survivor regions: 15->12(13)
[63.937s][info][gc,heap     ] GC(81) Old regions: 168->171
[63.937s][info][gc,heap     ] GC(81) Humongous regions: 3->2
[63.937s][info][gc,metaspace] GC(81) Metaspace: 35446K(35904K)->35446K(35904K) NonClass: 31766K(32000K)->31766K(32000K) Class: 3680K(3904K)->3680K(3904K)
[63.937s][info][gc          ] GC(81) Pause Young (Prepare Mixed) (G1 Evacuation Pause) 274M->184M(494M) 21.254ms
[63.937s][info][gc,cpu      ] GC(81) User=0.05s Sys=0.01s Real=0.02s
[64.546s][info][gc,start    ] GC(82) Pause Young (Mixed) (G1 Evacuation Pause)
[64.546s][info][gc,task     ] GC(82) Using 2 workers of 2 for evacuation
[64.580s][info][gc,phases   ] GC(82)   Pre Evacuate Collection Set: 0.27ms
[64.580s][info][gc,phases   ] GC(82)   Merge Heap Roots: 0.23ms
[64.580s][info][gc,phases   ] GC(82)   Evacuate Collection Set: 31.78ms
[64.580s][info][gc,phases   ] GC(82)   Post Evacuate Collection Set: 1.43ms
[64.580s][info][gc,phases   ] GC(82)   Other: 0.09ms
[64.580s][info][gc,heap     ] GC(82) Eden regions: 149->0(222)
[64.580s][info][gc,heap     ] GC(82) Survivor regions: 12->5(21)
[64.580s][info][gc,heap     ] GC(82) Old regions: 171->132
[64.580s][info][gc,heap     ] GC(82) Humongous regions: 3->2
[64.580s][info][gc,metaspace] GC(82) Metaspace: 35455K(35904K)->35455K(35904K) NonClass: 31775K(32000K)->31775K(32000K) Class: 3680K(3904K)->3680K(3904K)
[64.580s][info][gc          ] GC(82) Pause Young (Mixed) (G1 Evacuation Pause) 334M->139M(580M) 34.005ms
[64.580s][info][gc,cpu      ] GC(82) User=0.04s Sys=0.00s Real=0.04s
[65.482s][info][gc,start    ] GC(83) Pause Young (Mixed) (G1 Evacuation Pause)
[65.482s][info][gc,task     ] GC(83) Using 2 workers of 2 for evacuation
[65.501s][info][gc,phases   ] GC(83)   Pre Evacuate Collection Set: 0.30ms
[65.501s][info][gc,phases   ] GC(83)   Merge Heap Roots: 0.09ms
[65.501s][info][gc,phases   ] GC(83)   Evacuate Collection Set: 17.95ms
[65.501s][info][gc,phases   ] GC(83)   Post Evacuate Collection Set: 0.52ms
[65.501s][info][gc,phases   ] GC(83)   Other: 0.09ms
[65.501s][info][gc,heap     ] GC(83) Eden regions: 222->0(228)
[65.501s][info][gc,heap     ] GC(83) Survivor regions: 5->27(29)
[65.501s][info][gc,heap     ] GC(83) Old regions: 132->123
[65.501s][info][gc,heap     ] GC(83) Humongous regions: 5->3
[65.501s][info][gc,metaspace] GC(83) Metaspace: 35457K(35904K)->35457K(35904K) NonClass: 31777K(32000K)->31777K(32000K) Class: 3680K(3904K)->3680K(3904K)
[65.501s][info][gc          ] GC(83) Pause Young (Mixed) (G1 Evacuation Pause) 364M->153M(580M) 19.173ms
[65.501s][info][gc,cpu      ] GC(83) User=0.04s Sys=0.00s Real=0.02s
[65.688s][info][gc,start    ] GC(84) Pause Young (Concurrent Start) (G1 Humongous Allocation)
[65.688s][info][gc,task     ] GC(84) Using 2 workers of 2 for evacuation
[65.699s][info][gc,phases   ] GC(84)   Pre Evacuate Collection Set: 0.26ms
[65.699s][info][gc,phases   ] GC(84)   Merge Heap Roots: 0.06ms
[65.699s][info][gc,phases   ] GC(84)   Evacuate Collection Set: 10.07ms
[65.699s][info][gc,phases   ] GC(84)   Post Evacuate Collection Set: 0.35ms
[65.699s][info][gc,phases   ] GC(84)   Other: 0.11ms
[65.699s][info][gc,heap     ] GC(84) Eden regions: 56->0(250)
[65.699s][info][gc,heap     ] GC(84) Survivor regions: 27->15(32)
[65.699s][info][gc,heap     ] GC(84) Old regions: 123->125
[65.699s][info][gc,heap     ] GC(84) Humongous regions: 3->2
[65.699s][info][gc,metaspace] GC(84) Metaspace: 35457K(35904K)->35457K(35904K) NonClass: 31777K(32000K)->31777K(32000K) Class: 3680K(3904K)->3680K(3904K)
[65.699s][info][gc          ] GC(84) Pause Young (Concurrent Start) (G1 Humongous Allocation) 208M->141M(580M) 11.042ms
[65.699s][info][gc          ] GC(85) Concurrent Mark Cycle
[65.699s][info][gc,marking  ] GC(85) Concurrent Scan Root Regions
[65.700s][info][gc,cpu      ] GC(84) User=0.02s Sys=0.00s Real=0.02s
[65.707s][info][gc,marking  ] GC(85) Concurrent Scan Root Regions 7.401ms
[65.707s][info][gc,marking  ] GC(85) Concurrent Mark
[65.707s][info][gc,marking  ] GC(85) Concurrent Mark From Roots
[65.707s][info][gc,task     ] GC(85) Using 1 workers of 1 for marking
[65.818s][info][gc,marking  ] GC(85) Concurrent Mark From Roots 111.052ms
[65.818s][info][gc,marking  ] GC(85) Concurrent Preclean
[65.818s][info][gc,marking  ] GC(85) Concurrent Preclean 0.043ms
[65.820s][info][gc,start    ] GC(85) Pause Remark
[65.834s][info][gc          ] GC(85) Pause Remark 168M->125M(334M) 13.340ms
[65.834s][info][gc,cpu      ] GC(85) User=0.02s Sys=0.00s Real=0.01s
[65.834s][info][gc,marking  ] GC(85) Concurrent Mark 126.807ms
[65.834s][info][gc,marking  ] GC(85) Concurrent Rebuild Remembered Sets and Scrub Regions
[65.891s][info][gc,marking  ] GC(85) Concurrent Rebuild Remembered Sets and Scrub Regions 57.125ms
[65.891s][info][gc,start    ] GC(85) Pause Cleanup
[65.891s][info][gc          ] GC(85) Pause Cleanup 139M->139M(334M) 0.055ms
[65.891s][info][gc,cpu      ] GC(85) User=0.00s Sys=0.00s Real=0.00s
[65.891s][info][gc,marking  ] GC(85) Concurrent Clear Claimed Marks
[65.891s][info][gc,marking  ] GC(85) Concurrent Clear Claimed Marks 0.052ms
[65.891s][info][gc,marking  ] GC(85) Concurrent Cleanup for Next Mark
[65.892s][info][gc,marking  ] GC(85) Concurrent Cleanup for Next Mark 1.294ms
[65.892s][info][gc          ] GC(85) Concurrent Mark Cycle 193.045ms
[66.430s][info][gc,start    ] GC(86) Pause Young (Prepare Mixed) (G1 Evacuation Pause)
[66.430s][info][gc,task     ] GC(86) Using 2 workers of 2 for evacuation
[66.448s][info][gc,phases   ] GC(86)   Pre Evacuate Collection Set: 0.15ms
[66.448s][info][gc,phases   ] GC(86)   Merge Heap Roots: 0.08ms
[66.448s][info][gc,phases   ] GC(86)   Evacuate Collection Set: 17.29ms
[66.448s][info][gc,phases   ] GC(86)   Post Evacuate Collection Set: 0.42ms
[66.448s][info][gc,phases   ] GC(86)   Other: 0.07ms
[66.448s][info][gc,heap     ] GC(86) Eden regions: 185->0(132)
[66.448s][info][gc,heap     ] GC(86) Survivor regions: 15->25(25)
[66.448s][info][gc,heap     ] GC(86) Old regions: 82->83
[66.448s][info][gc,heap     ] GC(86) Humongous regions: 5->3
[66.448s][info][gc,metaspace] GC(86) Metaspace: 35458K(35904K)->35458K(35904K) NonClass: 31778K(32000K)->31778K(32000K) Class: 3680K(3904K)->3680K(3904K)
[66.448s][info][gc          ] GC(86) Pause Young (Prepare Mixed) (G1 Evacuation Pause) 286M->109M(334M) 18.217ms
[66.448s][info][gc,cpu      ] GC(86) User=0.04s Sys=0.00s Real=0.01s
[66.961s][info][gc,start    ] GC(87) Pause Young (Mixed) (G1 Evacuation Pause)
[66.961s][info][gc,task     ] GC(87) Using 2 workers of 2 for evacuation
[66.981s][info][gc,phases   ] GC(87)   Pre Evacuate Collection Set: 0.17ms
[66.981s][info][gc,phases   ] GC(87)   Merge Heap Roots: 0.26ms
[66.982s][info][gc,phases   ] GC(87)   Evacuate Collection Set: 17.71ms
[66.982s][info][gc,phases   ] GC(87)   Post Evacuate Collection Set: 2.57ms
[66.982s][info][gc,phases   ] GC(87)   Other: 0.10ms
[66.982s][info][gc,heap     ] GC(87) Eden regions: 132->0(145)
[66.982s][info][gc,heap     ] GC(87) Survivor regions: 25->20(20)
[66.982s][info][gc,heap     ] GC(87) Old regions: 83->75
[66.982s][info][gc,heap     ] GC(87) Humongous regions: 5->2
[66.982s][info][gc,metaspace] GC(87) Metaspace: 35503K(35968K)->35503K(35968K) NonClass: 31818K(32064K)->31818K(32064K) Class: 3684K(3904K)->3684K(3904K)
[66.982s][info][gc          ] GC(87) Pause Young (Mixed) (G1 Evacuation Pause) 243M->96M(334M) 21.045ms
[66.982s][info][gc,cpu      ] GC(87) User=0.04s Sys=0.00s Real=0.02s
[67.447s][info][gc,start    ] GC(88) Pause Young (Concurrent Start) (G1 Evacuation Pause)
[67.447s][info][gc,task     ] GC(88) Using 2 workers of 2 for evacuation
[67.464s][info][gc,phases   ] GC(88)   Pre Evacuate Collection Set: 0.19ms
[67.464s][info][gc,phases   ] GC(88)   Merge Heap Roots: 0.07ms
[67.464s][info][gc,phases   ] GC(88)   Evacuate Collection Set: 15.73ms
[67.464s][info][gc,phases   ] GC(88)   Post Evacuate Collection Set: 0.60ms
[67.464s][info][gc,phases   ] GC(88)   Other: 0.09ms
[67.464s][info][gc,heap     ] GC(88) Eden regions: 145->0(156)
[67.464s][info][gc,heap     ] GC(88) Survivor regions: 20->3(21)
[67.464s][info][gc,heap     ] GC(88) Old regions: 75->95
[67.464s][info][gc,heap     ] GC(88) Humongous regions: 2->2
[67.464s][info][gc,metaspace] GC(88) Metaspace: 35505K(35968K)->35505K(35968K) NonClass: 31820K(32064K)->31820K(32064K) Class: 3684K(3904K)->3684K(3904K)
[67.464s][info][gc          ] GC(88) Pause Young (Concurrent Start) (G1 Evacuation Pause) 241M->98M(334M) 16.894ms
[67.464s][info][gc,cpu      ] GC(88) User=0.03s Sys=0.00s Real=0.02s
[67.464s][info][gc          ] GC(89) Concurrent Mark Cycle
[67.464s][info][gc,marking  ] GC(89) Concurrent Scan Root Regions
[67.480s][info][gc,marking  ] GC(89) Concurrent Scan Root Regions 15.657ms
[67.480s][info][gc,marking  ] GC(89) Concurrent Mark
[67.480s][info][gc,marking  ] GC(89) Concurrent Mark From Roots
[67.480s][info][gc,task     ] GC(89) Using 1 workers of 1 for marking
[67.633s][info][gc,marking  ] GC(89) Concurrent Mark From Roots 153.478ms
[67.633s][info][gc,marking  ] GC(89) Concurrent Preclean
[67.633s][info][gc,marking  ] GC(89) Concurrent Preclean 0.037ms
[67.633s][info][gc,start    ] GC(89) Pause Remark
[67.649s][info][gc          ] GC(89) Pause Remark 126M->126M(334M) 15.210ms
[67.649s][info][gc,cpu      ] GC(89) User=0.03s Sys=0.00s Real=0.01s
[67.651s][info][gc,marking  ] GC(89) Concurrent Mark 171.276ms
[67.651s][info][gc,marking  ] GC(89) Concurrent Rebuild Remembered Sets and Scrub Regions
[67.713s][info][gc,marking  ] GC(89) Concurrent Rebuild Remembered Sets and Scrub Regions 61.441ms
[67.713s][info][gc,start    ] GC(89) Pause Cleanup
[67.713s][info][gc          ] GC(89) Pause Cleanup 141M->141M(334M) 0.076ms
[67.713s][info][gc,cpu      ] GC(89) User=0.00s Sys=0.00s Real=0.00s
[67.713s][info][gc,marking  ] GC(89) Concurrent Clear Claimed Marks
[67.713s][info][gc,marking  ] GC(89) Concurrent Clear Claimed Marks 0.048ms
[67.713s][info][gc,marking  ] GC(89) Concurrent Cleanup for Next Mark
[67.714s][info][gc,marking  ] GC(89) Concurrent Cleanup for Next Mark 0.968ms
[67.714s][info][gc          ] GC(89) Concurrent Mark Cycle 249.864ms
[68.081s][info][gc,start    ] GC(90) Pause Young (Prepare Mixed) (G1 Evacuation Pause)
[68.081s][info][gc,task     ] GC(90) Using 2 workers of 2 for evacuation
[68.085s][info][gc,phases   ] GC(90)   Pre Evacuate Collection Set: 0.25ms
[68.085s][info][gc,phases   ] GC(90)   Merge Heap Roots: 0.12ms
[68.085s][info][gc,phases   ] GC(90)   Evacuate Collection Set: 2.54ms
[68.085s][info][gc,phases   ] GC(90)   Post Evacuate Collection Set: 0.37ms
[68.085s][info][gc,phases   ] GC(90)   Other: 0.09ms
[68.085s][info][gc,heap     ] GC(90) Eden regions: 156->0(168)
[68.085s][info][gc,heap     ] GC(90) Survivor regions: 3->2(20)
[68.085s][info][gc,heap     ] GC(90) Old regions: 95->95
[68.085s][info][gc,heap     ] GC(90) Humongous regions: 3->2
[68.085s][info][gc,metaspace] GC(90) Metaspace: 35509K(35968K)->35509K(35968K) NonClass: 31824K(32064K)->31824K(32064K) Class: 3684K(3904K)->3684K(3904K)
[68.085s][info][gc          ] GC(90) Pause Young (Prepare Mixed) (G1 Evacuation Pause) 255M->97M(334M) 3.588ms
[68.085s][info][gc,cpu      ] GC(90) User=0.01s Sys=0.00s Real=0.00s
[68.651s][info][gc,start    ] GC(91) Pause Young (Mixed) (G1 Evacuation Pause)
[68.651s][info][gc,task     ] GC(91) Using 2 workers of 2 for evacuation
[68.669s][info][gc,phases   ] GC(91)   Pre Evacuate Collection Set: 0.21ms
[68.669s][info][gc,phases   ] GC(91)   Merge Heap Roots: 0.32ms
[68.669s][info][gc,phases   ] GC(91)   Evacuate Collection Set: 16.12ms
[68.669s][info][gc,phases   ] GC(91)   Post Evacuate Collection Set: 0.47ms
[68.669s][info][gc,phases   ] GC(91)   Other: 0.09ms
[68.669s][info][gc,heap     ] GC(91) Eden regions: 168->0(189)
[68.669s][info][gc,heap     ] GC(91) Survivor regions: 2->4(22)
[68.669s][info][gc,heap     ] GC(91) Old regions: 95->78
[68.669s][info][gc,heap     ] GC(91) Humongous regions: 3->1
[68.669s][info][gc,metaspace] GC(91) Metaspace: 35898K(36352K)->35898K(36352K) NonClass: 32115K(32384K)->32115K(32384K) Class: 3783K(3968K)->3783K(3968K)
[68.669s][info][gc          ] GC(91) Pause Young (Mixed) (G1 Evacuation Pause) 266M->82M(334M) 17.420ms
[68.669s][info][gc,cpu      ] GC(91) User=0.03s Sys=0.00s Real=0.01s
[69.086s][info][gc,start    ] GC(92) Pause Young (Concurrent Start) (G1 Evacuation Pause)
[69.086s][info][gc,task     ] GC(92) Using 2 workers of 2 for evacuation
[69.091s][info][gc,phases   ] GC(92)   Pre Evacuate Collection Set: 0.19ms
[69.091s][info][gc,phases   ] GC(92)   Merge Heap Roots: 0.07ms
[69.091s][info][gc,phases   ] GC(92)   Evacuate Collection Set: 4.13ms
[69.091s][info][gc,phases   ] GC(92)   Post Evacuate Collection Set: 0.42ms
[69.091s][info][gc,phases   ] GC(92)   Other: 0.14ms
[69.091s][info][gc,heap     ] GC(92) Eden regions: 189->0(194)
[69.091s][info][gc,heap     ] GC(92) Survivor regions: 4->6(25)
[69.091s][info][gc,heap     ] GC(92) Old regions: 78->78
[69.091s][info][gc,heap     ] GC(92) Humongous regions: 1->1
[69.091s][info][gc,metaspace] GC(92) Metaspace: 35927K(36352K)->35927K(36352K) NonClass: 32143K(32384K)->32143K(32384K) Class: 3783K(3968K)->3783K(3968K)
[69.091s][info][gc          ] GC(92) Pause Young (Concurrent Start) (G1 Evacuation Pause) 271M->83M(334M) 5.139ms
[69.091s][info][gc,cpu      ] GC(92) User=0.01s Sys=0.00s Real=0.01s
[69.091s][info][gc          ] GC(93) Concurrent Mark Cycle
[69.091s][info][gc,marking  ] GC(93) Concurrent Scan Root Regions
[69.094s][info][gc,marking  ] GC(93) Concurrent Scan Root Regions 2.722ms
[69.094s][info][gc,marking  ] GC(93) Concurrent Mark
[69.094s][info][gc,marking  ] GC(93) Concurrent Mark From Roots
[69.094s][info][gc,task     ] GC(93) Using 1 workers of 1 for marking
[69.178s][info][gc,marking  ] GC(93) Concurrent Mark From Roots 84.561ms
[69.178s][info][gc,marking  ] GC(93) Concurrent Preclean
[69.178s][info][gc,marking  ] GC(93) Concurrent Preclean 0.045ms
[69.179s][info][gc,start    ] GC(93) Pause Remark
[69.191s][info][gc          ] GC(93) Pause Remark 125M->106M(256M) 12.290ms
[69.191s][info][gc,cpu      ] GC(93) User=0.02s Sys=0.00s Real=0.02s
[69.193s][info][gc,marking  ] GC(93) Concurrent Mark 99.391ms
[69.193s][info][gc,marking  ] GC(93) Concurrent Rebuild Remembered Sets and Scrub Regions
[69.229s][info][gc,marking  ] GC(93) Concurrent Rebuild Remembered Sets and Scrub Regions 35.384ms
[69.229s][info][gc,start    ] GC(93) Pause Cleanup
[69.229s][info][gc          ] GC(93) Pause Cleanup 124M->124M(256M) 0.046ms
[69.229s][info][gc,cpu      ] GC(93) User=0.00s Sys=0.00s Real=0.00s
[69.229s][info][gc,marking  ] GC(93) Concurrent Clear Claimed Marks
[69.229s][info][gc,marking  ] GC(93) Concurrent Clear Claimed Marks 0.037ms
[69.229s][info][gc,marking  ] GC(93) Concurrent Cleanup for Next Mark
[69.230s][info][gc,marking  ] GC(93) Concurrent Cleanup for Next Mark 0.836ms
[69.230s][info][gc          ] GC(93) Concurrent Mark Cycle 138.779ms
[69.405s][info][gc,start    ] GC(94) Pause Young (Prepare Mixed) (G1 Evacuation Pause)
[69.405s][info][gc,task     ] GC(94) Using 2 workers of 2 for evacuation
[69.409s][info][gc,phases   ] GC(94)   Pre Evacuate Collection Set: 0.14ms
[69.409s][info][gc,phases   ] GC(94)   Merge Heap Roots: 0.07ms
[69.409s][info][gc,phases   ] GC(94)   Evacuate Collection Set: 3.42ms
[69.409s][info][gc,phases   ] GC(94)   Post Evacuate Collection Set: 0.41ms
[69.409s][info][gc,phases   ] GC(94)   Other: 0.08ms
[69.409s][info][gc,heap     ] GC(94) Eden regions: 147->0(148)
[69.409s][info][gc,heap     ] GC(94) Survivor regions: 6->5(20)
[69.409s][info][gc,heap     ] GC(94) Old regions: 59->59
[69.409s][info][gc,heap     ] GC(94) Humongous regions: 1->1
[69.409s][info][gc,metaspace] GC(94) Metaspace: 35945K(36352K)->35945K(36352K) NonClass: 32162K(32384K)->32162K(32384K) Class: 3783K(3968K)->3783K(3968K)
[69.410s][info][gc          ] GC(94) Pause Young (Prepare Mixed) (G1 Evacuation Pause) 212M->64M(256M) 4.351ms
[69.410s][info][gc,cpu      ] GC(94) User=0.00s Sys=0.00s Real=0.01s
[70.191s][info][gc,start    ] GC(95) Pause Young (Mixed) (G1 Evacuation Pause)
[70.191s][info][gc,task     ] GC(95) Using 2 workers of 2 for evacuation
[70.212s][info][gc,phases   ] GC(95)   Pre Evacuate Collection Set: 0.28ms
[70.212s][info][gc,phases   ] GC(95)   Merge Heap Roots: 0.16ms
[70.212s][info][gc,phases   ] GC(95)   Evacuate Collection Set: 19.95ms
[70.212s][info][gc,phases   ] GC(95)   Post Evacuate Collection Set: 1.14ms
[70.212s][info][gc,phases   ] GC(95)   Other: 0.07ms
[70.212s][info][gc,heap     ] GC(95) Eden regions: 97->0(227)
[70.212s][info][gc,heap     ] GC(95) Survivor regions: 5->9(20)
[70.213s][info][gc,heap     ] GC(95) Old regions: 59->55
[70.213s][info][gc,heap     ] GC(95) Humongous regions: 223->3
[70.213s][info][gc,metaspace] GC(95) Metaspace: 36534K(36992K)->36534K(36992K) NonClass: 32686K(32896K)->32686K(32896K) Class: 3847K(4096K)->3847K(4096K)
[70.213s][info][gc          ] GC(95) Pause Young (Mixed) (G1 Evacuation Pause) 383M->65M(394M) 21.808ms
[70.213s][info][gc,cpu      ] GC(95) User=0.04s Sys=0.01s Real=0.02s
[70.217s][info][gc,start    ] GC(96) Pause Young (Concurrent Start) (G1 Humongous Allocation)
[70.217s][info][gc,task     ] GC(96) Using 2 workers of 2 for evacuation
[70.224s][info][gc,phases   ] GC(96)   Pre Evacuate Collection Set: 0.18ms
[70.224s][info][gc,phases   ] GC(96)   Merge Heap Roots: 0.04ms
[70.224s][info][gc,phases   ] GC(96)   Evacuate Collection Set: 6.33ms
[70.224s][info][gc,phases   ] GC(96)   Post Evacuate Collection Set: 0.30ms
[70.224s][info][gc,phases   ] GC(96)   Other: 0.10ms
[70.224s][info][gc,heap     ] GC(96) Eden regions: 1->0(227)
[70.224s][info][gc,heap     ] GC(96) Survivor regions: 9->9(30)
[70.224s][info][gc,heap     ] GC(96) Old regions: 55->55
[70.224s][info][gc,heap     ] GC(96) Humongous regions: 3->1
[70.224s][info][gc,metaspace] GC(96) Metaspace: 36534K(36992K)->36534K(36992K) NonClass: 32686K(32896K)->32686K(32896K) Class: 3847K(4096K)->3847K(4096K)
[70.224s][info][gc          ] GC(96) Pause Young (Concurrent Start) (G1 Humongous Allocation) 66M->63M(394M) 7.115ms
[70.225s][info][gc,cpu      ] GC(96) User=0.01s Sys=0.00s Real=0.01s
[70.225s][info][gc          ] GC(97) Concurrent Mark Cycle
[70.225s][info][gc,marking  ] GC(97) Concurrent Scan Root Regions
[70.237s][info][gc,marking  ] GC(97) Concurrent Scan Root Regions 12.731ms
[70.237s][info][gc,marking  ] GC(97) Concurrent Mark
[70.237s][info][gc,marking  ] GC(97) Concurrent Mark From Roots
[70.237s][info][gc,task     ] GC(97) Using 1 workers of 1 for marking
[70.330s][info][gc,marking  ] GC(97) Concurrent Mark From Roots 92.840ms
[70.330s][info][gc,marking  ] GC(97) Concurrent Preclean
[70.330s][info][gc,marking  ] GC(97) Concurrent Preclean 0.045ms
[70.331s][info][gc,start    ] GC(97) Pause Remark
[70.343s][info][gc          ] GC(97) Pause Remark 98M->98M(317M) 12.506ms
[70.343s][info][gc,cpu      ] GC(97) User=0.02s Sys=0.00s Real=0.01s
[70.347s][info][gc,marking  ] GC(97) Concurrent Mark 109.724ms
[70.347s][info][gc,marking  ] GC(97) Concurrent Rebuild Remembered Sets and Scrub Regions
[70.385s][info][gc,marking  ] GC(97) Concurrent Rebuild Remembered Sets and Scrub Regions 37.626ms
[70.385s][info][gc,start    ] GC(97) Pause Cleanup
[70.385s][info][gc          ] GC(97) Pause Cleanup 99M->99M(317M) 0.050ms
[70.385s][info][gc,cpu      ] GC(97) User=0.00s Sys=0.00s Real=0.00s
[70.385s][info][gc,marking  ] GC(97) Concurrent Clear Claimed Marks
[70.385s][info][gc,marking  ] GC(97) Concurrent Clear Claimed Marks 0.032ms
[70.385s][info][gc,marking  ] GC(97) Concurrent Cleanup for Next Mark
[70.387s][info][gc,marking  ] GC(97) Concurrent Cleanup for Next Mark 1.923ms
[70.387s][info][gc          ] GC(97) Concurrent Mark Cycle 162.434ms
[71.028s][info][gc,start    ] GC(98) Pause Young (Prepare Mixed) (G1 Evacuation Pause)
[71.028s][info][gc,task     ] GC(98) Using 2 workers of 2 for evacuation
[71.050s][info][gc,phases   ] GC(98)   Pre Evacuate Collection Set: 0.30ms
[71.050s][info][gc,phases   ] GC(98)   Merge Heap Roots: 0.06ms
[71.050s][info][gc,phases   ] GC(98)   Evacuate Collection Set: 20.79ms
[71.050s][info][gc,phases   ] GC(98)   Post Evacuate Collection Set: 1.10ms
[71.050s][info][gc,phases   ] GC(98)   Other: 0.10ms
[71.050s][info][gc,heap     ] GC(98) Eden regions: 52->0(251)
[71.050s][info][gc,heap     ] GC(98) Survivor regions: 9->12(31)
[71.050s][info][gc,heap     ] GC(98) Old regions: 55->55
[71.050s][info][gc,heap     ] GC(98) Humongous regions: 311->1
[71.050s][info][gc,metaspace] GC(98) Metaspace: 38135K(38592K)->38135K(38592K) NonClass: 34133K(34368K)->34133K(34368K) Class: 4002K(4224K)->4002K(4224K)
[71.050s][info][gc          ] GC(98) Pause Young (Prepare Mixed) (G1 Evacuation Pause) 425M->66M(439M) 22.568ms
[71.050s][info][gc,cpu      ] GC(98) User=0.04s Sys=0.01s Real=0.03s
[71.891s][info][gc,start    ] GC(99) Pause Young (Mixed) (G1 Evacuation Pause)
[71.891s][info][gc,task     ] GC(99) Using 2 workers of 2 for evacuation
[71.927s][info][gc,phases   ] GC(99)   Pre Evacuate Collection Set: 0.42ms
[71.927s][info][gc,phases   ] GC(99)   Merge Heap Roots: 0.16ms
[71.927s][info][gc,phases   ] GC(99)   Evacuate Collection Set: 34.30ms
[71.927s][info][gc,phases   ] GC(99)   Post Evacuate Collection Set: 0.89ms
[71.927s][info][gc,phases   ] GC(99)   Other: 0.10ms
[71.927s][info][gc,heap     ] GC(99) Eden regions: 69->0(304)
[71.927s][info][gc,heap     ] GC(99) Survivor regions: 12->21(38)
[71.927s][info][gc,heap     ] GC(99) Old regions: 55->52
[71.927s][info][gc,heap     ] GC(99) Humongous regions: 383->1
[71.927s][info][gc,metaspace] GC(99) Metaspace: 38305K(38784K)->38305K(38784K) NonClass: 34302K(34560K)->34302K(34560K) Class: 4002K(4224K)->4002K(4224K)
[71.927s][info][gc          ] GC(99) Pause Young (Mixed) (G1 Evacuation Pause) 517M->72M(542M) 36.098ms
[71.927s][info][gc,cpu      ] GC(99) User=0.05s Sys=0.02s Real=0.03s
[71.935s][info][gc,start    ] GC(100) Pause Young (Concurrent Start) (G1 Humongous Allocation)
[71.936s][info][gc,task     ] GC(100) Using 2 workers of 2 for evacuation
[71.956s][info][gc,phases   ] GC(100)   Pre Evacuate Collection Set: 0.23ms
[71.957s][info][gc,phases   ] GC(100)   Merge Heap Roots: 0.05ms
[71.957s][info][gc,phases   ] GC(100)   Evacuate Collection Set: 20.15ms
[71.957s][info][gc,phases   ] GC(100)   Post Evacuate Collection Set: 0.37ms
[71.957s][info][gc,phases   ] GC(100)   Other: 0.12ms
[71.957s][info][gc,heap     ] GC(100) Eden regions: 2->0(271)
[71.957s][info][gc,heap     ] GC(100) Survivor regions: 21->21(41)
[71.957s][info][gc,heap     ] GC(100) Old regions: 52->52
[71.957s][info][gc,heap     ] GC(100) Humongous regions: 1->1
[71.957s][info][gc,metaspace] GC(100) Metaspace: 38305K(38784K)->38305K(38784K) NonClass: 34302K(34560K)->34302K(34560K) Class: 4002K(4224K)->4002K(4224K)
[71.957s][info][gc          ] GC(100) Pause Young (Concurrent Start) (G1 Humongous Allocation) 74M->73M(542M) 21.139ms
[71.957s][info][gc,cpu      ] GC(100) User=0.04s Sys=0.00s Real=0.02s
[71.957s][info][gc          ] GC(101) Concurrent Mark Cycle
[71.961s][info][gc,marking  ] GC(101) Concurrent Scan Root Regions
[71.988s][info][gc,marking  ] GC(101) Concurrent Scan Root Regions 26.689ms
[71.988s][info][gc,marking  ] GC(101) Concurrent Mark
[71.988s][info][gc,marking  ] GC(101) Concurrent Mark From Roots
[71.988s][info][gc,task     ] GC(101) Using 1 workers of 1 for marking
[72.139s][info][gc,marking  ] GC(101) Concurrent Mark From Roots 151.331ms
[72.139s][info][gc,marking  ] GC(101) Concurrent Preclean
[72.139s][info][gc,marking  ] GC(101) Concurrent Preclean 0.058ms
[72.139s][info][gc,start    ] GC(101) Pause Remark
[72.154s][info][gc          ] GC(101) Pause Remark 160M->160M(494M) 14.301ms
[72.154s][info][gc,cpu      ] GC(101) User=0.03s Sys=0.00s Real=0.01s
[72.154s][info][gc,marking  ] GC(101) Concurrent Mark 166.029ms
[72.154s][info][gc,marking  ] GC(101) Concurrent Rebuild Remembered Sets and Scrub Regions
[72.195s][info][gc,marking  ] GC(101) Concurrent Rebuild Remembered Sets and Scrub Regions 40.903ms
[72.195s][info][gc,start    ] GC(101) Pause Cleanup
[72.195s][info][gc          ] GC(101) Pause Cleanup 180M->180M(494M) 0.059ms
[72.195s][info][gc,cpu      ] GC(101) User=0.00s Sys=0.00s Real=0.00s
[72.195s][info][gc,marking  ] GC(101) Concurrent Clear Claimed Marks
[72.195s][info][gc,marking  ] GC(101) Concurrent Clear Claimed Marks 0.039ms
[72.195s][info][gc,marking  ] GC(101) Concurrent Cleanup for Next Mark
[72.200s][info][gc,marking  ] GC(101) Concurrent Cleanup for Next Mark 5.302ms
[72.201s][info][gc          ] GC(101) Concurrent Mark Cycle 243.859ms
[72.819s][info][gc,start    ] GC(102) Pause Young (Prepare Mixed) (G1 Evacuation Pause)
[72.819s][info][gc,task     ] GC(102) Using 2 workers of 2 for evacuation
[72.869s][info][gc,phases   ] GC(102)   Pre Evacuate Collection Set: 0.26ms
[72.869s][info][gc,phases   ] GC(102)   Merge Heap Roots: 0.08ms
[72.869s][info][gc,phases   ] GC(102)   Evacuate Collection Set: 48.61ms
[72.869s][info][gc,phases   ] GC(102)   Post Evacuate Collection Set: 0.93ms
[72.869s][info][gc,phases   ] GC(102)   Other: 0.09ms
[72.869s][info][gc,heap     ] GC(102) Eden regions: 80->0(307)
[72.869s][info][gc,heap     ] GC(102) Survivor regions: 21->26(37)
[72.869s][info][gc,heap     ] GC(102) Old regions: 52->59
[72.869s][info][gc,heap     ] GC(102) Humongous regions: 393->3
[72.869s][info][gc,metaspace] GC(102) Metaspace: 38362K(38784K)->38362K(38784K) NonClass: 34360K(34560K)->34360K(34560K) Class: 4002K(4224K)->4002K(4224K)
[72.869s][info][gc          ] GC(102) Pause Young (Prepare Mixed) (G1 Evacuation Pause) 545M->87M(579M) 50.188ms
[72.869s][info][gc,cpu      ] GC(102) User=0.07s Sys=0.02s Real=0.05s
[75.054s][info][gc,start    ] GC(103) Pause Young (Mixed) (G1 Evacuation Pause)
[75.054s][info][gc,task     ] GC(103) Using 2 workers of 2 for evacuation
[75.096s][info][gc,phases   ] GC(103)   Pre Evacuate Collection Set: 0.30ms
[75.096s][info][gc,phases   ] GC(103)   Merge Heap Roots: 0.22ms
[75.096s][info][gc,phases   ] GC(103)   Evacuate Collection Set: 41.07ms
[75.097s][info][gc,phases   ] GC(103)   Post Evacuate Collection Set: 0.77ms
[75.097s][info][gc,phases   ] GC(103)   Other: 0.11ms
[75.097s][info][gc,heap     ] GC(103) Eden regions: 307->0(303)
[75.097s][info][gc,heap     ] GC(103) Survivor regions: 26->25(42)
[75.097s][info][gc,heap     ] GC(103) Old regions: 59->68
[75.097s][info][gc,heap     ] GC(103) Humongous regions: 81->1
[75.097s][info][gc,metaspace] GC(103) Metaspace: 39363K(39808K)->39363K(39808K) NonClass: 35235K(35456K)->35235K(35456K) Class: 4128K(4352K)->4128K(4352K)
[75.097s][info][gc          ] GC(103) Pause Young (Mixed) (G1 Evacuation Pause) 472M->92M(579M) 42.685ms
[75.097s][info][gc,cpu      ] GC(103) User=0.08s Sys=0.00s Real=0.04s
[75.976s][info][gc,start    ] GC(104) Pause Young (Concurrent Start) (G1 Evacuation Pause)
[75.976s][info][gc,task     ] GC(104) Using 2 workers of 2 for evacuation
[76.003s][info][gc,phases   ] GC(104)   Pre Evacuate Collection Set: 0.26ms
[76.003s][info][gc,phases   ] GC(104)   Merge Heap Roots: 0.15ms
[76.003s][info][gc,phases   ] GC(104)   Evacuate Collection Set: 25.48ms
[76.003s][info][gc,phases   ] GC(104)   Post Evacuate Collection Set: 0.56ms
[76.003s][info][gc,phases   ] GC(104)   Other: 0.10ms
[76.003s][info][gc,heap     ] GC(104) Eden regions: 303->0(333)
[76.003s][info][gc,heap     ] GC(104) Survivor regions: 25->11(41)
[76.003s][info][gc,heap     ] GC(104) Old regions: 68->82
[76.003s][info][gc,heap     ] GC(104) Humongous regions: 1->1
[76.003s][info][gc,metaspace] GC(104) Metaspace: 39406K(39872K)->39406K(39872K) NonClass: 35278K(35520K)->35278K(35520K) Class: 4128K(4352K)->4128K(4352K)
[76.003s][info][gc          ] GC(104) Pause Young (Concurrent Start) (G1 Evacuation Pause) 395M->92M(579M) 26.781ms
[76.003s][info][gc,cpu      ] GC(104) User=0.05s Sys=0.00s Real=0.03s
[76.003s][info][gc          ] GC(105) Concurrent Mark Cycle
[76.003s][info][gc,marking  ] GC(105) Concurrent Scan Root Regions
[76.039s][info][gc,marking  ] GC(105) Concurrent Scan Root Regions 35.472ms
[76.039s][info][gc,marking  ] GC(105) Concurrent Mark
[76.039s][info][gc,marking  ] GC(105) Concurrent Mark From Roots
[76.039s][info][gc,task     ] GC(105) Using 1 workers of 1 for marking
[76.177s][info][gc,marking  ] GC(105) Concurrent Mark From Roots 138.420ms
[76.177s][info][gc,marking  ] GC(105) Concurrent Preclean
[76.177s][info][gc,marking  ] GC(105) Concurrent Preclean 0.042ms
[76.177s][info][gc,start    ] GC(105) Pause Remark
[76.197s][info][gc          ] GC(105) Pause Remark 118M->116M(307M) 19.795ms
[76.197s][info][gc,cpu      ] GC(105) User=0.04s Sys=0.00s Real=0.02s
[76.197s][info][gc,marking  ] GC(105) Concurrent Mark 158.597ms
[76.197s][info][gc,marking  ] GC(105) Concurrent Rebuild Remembered Sets and Scrub Regions
[76.255s][info][gc,marking  ] GC(105) Concurrent Rebuild Remembered Sets and Scrub Regions 57.956ms
[76.255s][info][gc,start    ] GC(105) Pause Cleanup
[76.255s][info][gc          ] GC(105) Pause Cleanup 122M->122M(307M) 0.052ms
[76.255s][info][gc,cpu      ] GC(105) User=0.00s Sys=0.00s Real=0.00s
[76.255s][info][gc,marking  ] GC(105) Concurrent Clear Claimed Marks
[76.255s][info][gc,marking  ] GC(105) Concurrent Clear Claimed Marks 0.038ms
[76.255s][info][gc,marking  ] GC(105) Concurrent Cleanup for Next Mark
[76.257s][info][gc,marking  ] GC(105) Concurrent Cleanup for Next Mark 1.067ms
[76.257s][info][gc          ] GC(105) Concurrent Mark Cycle 253.554ms
[76.674s][info][gc,start    ] GC(106) Pause Young (Prepare Mixed) (G1 Evacuation Pause)
[76.674s][info][gc,task     ] GC(106) Using 2 workers of 2 for evacuation
[76.692s][info][gc,phases   ] GC(106)   Pre Evacuate Collection Set: 0.20ms
[76.692s][info][gc,phases   ] GC(106)   Merge Heap Roots: 0.10ms
[76.692s][info][gc,phases   ] GC(106)   Evacuate Collection Set: 16.30ms
[76.692s][info][gc,phases   ] GC(106)   Post Evacuate Collection Set: 0.72ms
[76.692s][info][gc,phases   ] GC(106)   Other: 0.07ms
[76.692s][info][gc,heap     ] GC(106) Eden regions: 173->0(160)
[76.692s][info][gc,heap     ] GC(106) Survivor regions: 11->13(23)
[76.692s][info][gc,heap     ] GC(106) Old regions: 80->80
[76.692s][info][gc,heap     ] GC(106) Humongous regions: 1->1
[76.692s][info][gc,metaspace] GC(106) Metaspace: 39420K(39872K)->39420K(39872K) NonClass: 35291K(35520K)->35291K(35520K) Class: 4129K(4352K)->4129K(4352K)
[76.692s][info][gc          ] GC(106) Pause Young (Prepare Mixed) (G1 Evacuation Pause) 263M->92M(307M) 17.625ms
[76.692s][info][gc,cpu      ] GC(106) User=0.03s Sys=0.00s Real=0.02s
[77.287s][info][gc,start    ] GC(107) Pause Young (Mixed) (G1 Evacuation Pause)
[77.287s][info][gc,task     ] GC(107) Using 2 workers of 2 for evacuation
[77.306s][info][gc,phases   ] GC(107)   Pre Evacuate Collection Set: 0.16ms
[77.306s][info][gc,phases   ] GC(107)   Merge Heap Roots: 0.19ms
[77.306s][info][gc,phases   ] GC(107)   Evacuate Collection Set: 17.43ms
[77.306s][info][gc,phases   ] GC(107)   Post Evacuate Collection Set: 0.64ms
[77.306s][info][gc,phases   ] GC(107)   Other: 0.08ms
[77.306s][info][gc,heap     ] GC(107) Eden regions: 160->0(169)
[77.306s][info][gc,heap     ] GC(107) Survivor regions: 13->4(22)
[77.306s][info][gc,heap     ] GC(107) Old regions: 80->86
[77.306s][info][gc,heap     ] GC(107) Humongous regions: 1->1
[77.306s][info][gc,metaspace] GC(107) Metaspace: 39954K(40448K)->39954K(40448K) NonClass: 35666K(35968K)->35666K(35968K) Class: 4288K(4480K)->4288K(4480K)
[77.306s][info][gc          ] GC(107) Pause Young (Mixed) (G1 Evacuation Pause) 252M->89M(307M) 18.742ms
[77.306s][info][gc,cpu      ] GC(107) User=0.03s Sys=0.00s Real=0.02s
[78.818s][info][gc,start    ] GC(108) Pause Young (Concurrent Start) (G1 Evacuation Pause)
[78.818s][info][gc,task     ] GC(108) Using 2 workers of 2 for evacuation
[78.825s][info][gc,phases   ] GC(108)   Pre Evacuate Collection Set: 0.19ms
[78.825s][info][gc,phases   ] GC(108)   Merge Heap Roots: 0.09ms
[78.825s][info][gc,phases   ] GC(108)   Evacuate Collection Set: 5.58ms
[78.825s][info][gc,phases   ] GC(108)   Post Evacuate Collection Set: 0.45ms
[78.825s][info][gc,phases   ] GC(108)   Other: 0.13ms
[78.825s][info][gc,heap     ] GC(108) Eden regions: 169->0(170)
[78.825s][info][gc,heap     ] GC(108) Survivor regions: 4->8(22)
[78.825s][info][gc,heap     ] GC(108) Old regions: 86->86
[78.825s][info][gc,heap     ] GC(108) Humongous regions: 1->1
[78.825s][info][gc,metaspace] GC(108) Metaspace: 40309K(40768K)->40309K(40768K) NonClass: 36015K(36288K)->36015K(36288K) Class: 4293K(4480K)->4293K(4480K)
[78.825s][info][gc          ] GC(108) Pause Young (Concurrent Start) (G1 Evacuation Pause) 258M->93M(307M) 6.660ms
[78.825s][info][gc,cpu      ] GC(108) User=0.02s Sys=0.00s Real=0.01s
[78.825s][info][gc          ] GC(109) Concurrent Mark Cycle
[78.825s][info][gc,marking  ] GC(109) Concurrent Scan Root Regions
[78.828s][info][gc,marking  ] GC(109) Concurrent Scan Root Regions 3.142ms
[78.828s][info][gc,marking  ] GC(109) Concurrent Mark
[78.828s][info][gc,marking  ] GC(109) Concurrent Mark From Roots
[78.828s][info][gc,task     ] GC(109) Using 1 workers of 1 for marking
[78.941s][info][gc,marking  ] GC(109) Concurrent Mark From Roots 112.835ms
[78.941s][info][gc,marking  ] GC(109) Concurrent Preclean
[78.941s][info][gc,marking  ] GC(109) Concurrent Preclean 0.039ms
[78.941s][info][gc,start    ] GC(109) Pause Remark
[78.959s][info][gc          ] GC(109) Pause Remark 101M->86M(267M) 17.474ms
[78.959s][info][gc,cpu      ] GC(109) User=0.03s Sys=0.00s Real=0.01s
[78.959s][info][gc,marking  ] GC(109) Concurrent Mark 130.780ms
[78.959s][info][gc,marking  ] GC(109) Concurrent Rebuild Remembered Sets and Scrub Regions
[79.003s][info][gc,marking  ] GC(109) Concurrent Rebuild Remembered Sets and Scrub Regions 43.824ms
[79.003s][info][gc,start    ] GC(109) Pause Cleanup
[79.003s][info][gc          ] GC(109) Pause Cleanup 89M->89M(267M) 0.058ms
[79.003s][info][gc,cpu      ] GC(109) User=0.00s Sys=0.00s Real=0.00s
[79.005s][info][gc,marking  ] GC(109) Concurrent Clear Claimed Marks
[79.005s][info][gc,marking  ] GC(109) Concurrent Clear Claimed Marks 0.056ms
[79.005s][info][gc,marking  ] GC(109) Concurrent Cleanup for Next Mark
[79.006s][info][gc,marking  ] GC(109) Concurrent Cleanup for Next Mark 0.808ms
[79.006s][info][gc          ] GC(109) Concurrent Mark Cycle 181.042ms
[79.779s][info][gc,start    ] GC(110) Pause Young (Prepare Mixed) (G1 Evacuation Pause)
[79.779s][info][gc,task     ] GC(110) Using 2 workers of 2 for evacuation
[79.786s][info][gc,phases   ] GC(110)   Pre Evacuate Collection Set: 0.16ms
[79.786s][info][gc,phases   ] GC(110)   Merge Heap Roots: 0.07ms
[79.786s][info][gc,phases   ] GC(110)   Evacuate Collection Set: 5.74ms
[79.786s][info][gc,phases   ] GC(110)   Post Evacuate Collection Set: 0.55ms
[79.786s][info][gc,phases   ] GC(110)   Other: 0.09ms
[79.786s][info][gc,heap     ] GC(110) Eden regions: 152->0(152)
[79.786s][info][gc,heap     ] GC(110) Survivor regions: 8->8(20)
[79.786s][info][gc,heap     ] GC(110) Old regions: 71->71
[79.786s][info][gc,heap     ] GC(110) Humongous regions: 1->1
[79.786s][info][gc,metaspace] GC(110) Metaspace: 40338K(40768K)->40338K(40768K) NonClass: 36044K(36288K)->36044K(36288K) Class: 4293K(4480K)->4293K(4480K)
[79.786s][info][gc          ] GC(110) Pause Young (Prepare Mixed) (G1 Evacuation Pause) 230M->79M(267M) 6.845ms
[79.786s][info][gc,cpu      ] GC(110) User=0.02s Sys=0.00s Real=0.00s
[81.394s][info][gc,start    ] GC(111) Pause Young (Mixed) (G1 Evacuation Pause)
[81.394s][info][gc,task     ] GC(111) Using 2 workers of 2 for evacuation
[81.403s][info][gc,phases   ] GC(111)   Pre Evacuate Collection Set: 0.15ms
[81.403s][info][gc,phases   ] GC(111)   Merge Heap Roots: 0.12ms
[81.403s][info][gc,phases   ] GC(111)   Evacuate Collection Set: 7.89ms
[81.403s][info][gc,phases   ] GC(111)   Post Evacuate Collection Set: 0.51ms
[81.403s][info][gc,phases   ] GC(111)   Other: 0.07ms
[81.403s][info][gc,heap     ] GC(111) Eden regions: 152->0(156)
[81.403s][info][gc,heap     ] GC(111) Survivor regions: 8->4(20)
[81.403s][info][gc,heap     ] GC(111) Old regions: 71->57
[81.403s][info][gc,heap     ] GC(111) Humongous regions: 3->1
[81.403s][info][gc,metaspace] GC(111) Metaspace: 40629K(41088K)->40629K(41088K) NonClass: 36315K(36544K)->36315K(36544K) Class: 4314K(4544K)->4314K(4544K)
[81.403s][info][gc          ] GC(111) Pause Young (Mixed) (G1 Evacuation Pause) 233M->60M(267M) 8.953ms
[81.403s][info][gc,cpu      ] GC(111) User=0.02s Sys=0.00s Real=0.01s
[81.524s][info][gc,start    ] GC(112) Pause Young (Concurrent Start) (G1 Humongous Allocation)
[81.524s][info][gc,task     ] GC(112) Using 2 workers of 2 for evacuation
[81.530s][info][gc,phases   ] GC(112)   Pre Evacuate Collection Set: 0.16ms
[81.530s][info][gc,phases   ] GC(112)   Merge Heap Roots: 0.06ms
[81.530s][info][gc,phases   ] GC(112)   Evacuate Collection Set: 5.28ms
[81.530s][info][gc,phases   ] GC(112)   Post Evacuate Collection Set: 0.33ms
[81.530s][info][gc,phases   ] GC(112)   Other: 0.11ms
[81.530s][info][gc,heap     ] GC(112) Eden regions: 4->0(156)
[81.530s][info][gc,heap     ] GC(112) Survivor regions: 4->4(20)
[81.530s][info][gc,heap     ] GC(112) Old regions: 57->57
[81.530s][info][gc,heap     ] GC(112) Humongous regions: 1->1
[81.530s][info][gc,metaspace] GC(112) Metaspace: 40635K(41088K)->40635K(41088K) NonClass: 36319K(36544K)->36319K(36544K) Class: 4315K(4544K)->4315K(4544K)
[81.530s][info][gc          ] GC(112) Pause Young (Concurrent Start) (G1 Humongous Allocation) 64M->60M(267M) 6.123ms
[81.531s][info][gc,cpu      ] GC(112) User=0.01s Sys=0.00s Real=0.01s
[81.531s][info][gc          ] GC(113) Concurrent Mark Cycle
[81.531s][info][gc,marking  ] GC(113) Concurrent Scan Root Regions
[81.536s][info][gc,marking  ] GC(113) Concurrent Scan Root Regions 5.010ms
[81.536s][info][gc,marking  ] GC(113) Concurrent Mark
[81.536s][info][gc,marking  ] GC(113) Concurrent Mark From Roots
[81.536s][info][gc,task     ] GC(113) Using 1 workers of 1 for marking
[81.660s][info][gc,marking  ] GC(113) Concurrent Mark From Roots 124.579ms
[81.660s][info][gc,marking  ] GC(113) Concurrent Preclean
[81.660s][info][gc,marking  ] GC(113) Concurrent Preclean 0.225ms
[81.661s][info][gc,start    ] GC(113) Pause Remark
[81.681s][info][gc          ] GC(113) Pause Remark 80M->79M(256M) 19.992ms
[81.681s][info][gc,cpu      ] GC(113) User=0.04s Sys=0.00s Real=0.02s
[81.684s][info][gc,marking  ] GC(113) Concurrent Mark 148.425ms
[81.684s][info][gc,marking  ] GC(113) Concurrent Rebuild Remembered Sets and Scrub Regions
[81.744s][info][gc,marking  ] GC(113) Concurrent Rebuild Remembered Sets and Scrub Regions 59.782ms
[81.744s][info][gc,start    ] GC(113) Pause Cleanup
[81.744s][info][gc          ] GC(113) Pause Cleanup 83M->83M(256M) 0.063ms
[81.744s][info][gc,cpu      ] GC(113) User=0.00s Sys=0.00s Real=0.00s
[81.744s][info][gc,marking  ] GC(113) Concurrent Clear Claimed Marks
[81.744s][info][gc,marking  ] GC(113) Concurrent Clear Claimed Marks 0.049ms
[81.744s][info][gc,marking  ] GC(113) Concurrent Cleanup for Next Mark
[81.747s][info][gc,marking  ] GC(113) Concurrent Cleanup for Next Mark 2.627ms
[81.747s][info][gc          ] GC(113) Concurrent Mark Cycle 216.408ms
[82.454s][info][gc,start    ] GC(114) Pause Young (Prepare Mixed) (G1 Evacuation Pause)
[82.454s][info][gc,task     ] GC(114) Using 2 workers of 2 for evacuation
[82.472s][info][gc,phases   ] GC(114)   Pre Evacuate Collection Set: 0.14ms
[82.472s][info][gc,phases   ] GC(114)   Merge Heap Roots: 0.09ms
[82.472s][info][gc,phases   ] GC(114)   Evacuate Collection Set: 16.75ms
[82.472s][info][gc,phases   ] GC(114)   Post Evacuate Collection Set: 0.51ms
[82.472s][info][gc,phases   ] GC(114)   Other: 0.09ms
[82.472s][info][gc,heap     ] GC(114) Eden regions: 149->0(137)
[82.472s][info][gc,heap     ] GC(114) Survivor regions: 4->16(20)
[82.472s][info][gc,heap     ] GC(114) Old regions: 56->56
[82.472s][info][gc,heap     ] GC(114) Humongous regions: 11->3
[82.472s][info][gc,metaspace] GC(114) Metaspace: 40880K(41344K)->40880K(41344K) NonClass: 36542K(36800K)->36542K(36800K) Class: 4338K(4544K)->4338K(4544K)
[82.472s][info][gc          ] GC(114) Pause Young (Prepare Mixed) (G1 Evacuation Pause) 218M->74M(256M) 17.789ms
[82.472s][info][gc,cpu      ] GC(114) User=0.03s Sys=0.00s Real=0.02s
[83.056s][info][gc,start    ] GC(115) Pause Young (Mixed) (G1 Evacuation Pause)
[83.056s][info][gc,task     ] GC(115) Using 2 workers of 2 for evacuation
[83.094s][info][gc,phases   ] GC(115)   Pre Evacuate Collection Set: 0.15ms
[83.094s][info][gc,phases   ] GC(115)   Merge Heap Roots: 0.21ms
[83.094s][info][gc,phases   ] GC(115)   Evacuate Collection Set: 37.01ms
[83.094s][info][gc,phases   ] GC(115)   Post Evacuate Collection Set: 0.53ms
[83.094s][info][gc,phases   ] GC(115)   Other: 0.09ms
[83.094s][info][gc,heap     ] GC(115) Eden regions: 137->0(138)
[83.094s][info][gc,heap     ] GC(115) Survivor regions: 16->15(20)
[83.094s][info][gc,heap     ] GC(115) Old regions: 56->59
[83.094s][info][gc,heap     ] GC(115) Humongous regions: 4->4
[83.094s][info][gc,metaspace] GC(115) Metaspace: 40897K(41344K)->40897K(41344K) NonClass: 36559K(36800K)->36559K(36800K) Class: 4338K(4544K)->4338K(4544K)
[83.094s][info][gc          ] GC(115) Pause Young (Mixed) (G1 Evacuation Pause) 212M->76M(256M) 38.202ms
[83.094s][info][gc,cpu      ] GC(115) User=0.07s Sys=0.01s Real=0.04s
[83.466s][info][gc,start    ] GC(116) Pause Young (Concurrent Start) (G1 Humongous Allocation)
[83.466s][info][gc,task     ] GC(116) Using 2 workers of 2 for evacuation
[83.494s][info][gc,phases   ] GC(116)   Pre Evacuate Collection Set: 0.22ms
[83.494s][info][gc,phases   ] GC(116)   Merge Heap Roots: 0.06ms
[83.494s][info][gc,phases   ] GC(116)   Evacuate Collection Set: 27.60ms
[83.494s][info][gc,phases   ] GC(116)   Post Evacuate Collection Set: 0.42ms
[83.494s][info][gc,phases   ] GC(116)   Other: 0.11ms
[83.494s][info][gc,heap     ] GC(116) Eden regions: 92->0(133)
[83.494s][info][gc,heap     ] GC(116) Survivor regions: 15->11(20)
[83.494s][info][gc,heap     ] GC(116) Old regions: 59->73
[83.494s][info][gc,heap     ] GC(116) Humongous regions: 4->4
[83.494s][info][gc,metaspace] GC(116) Metaspace: 40897K(41344K)->40897K(41344K) NonClass: 36559K(36800K)->36559K(36800K) Class: 4338K(4544K)->4338K(4544K)
[83.494s][info][gc          ] GC(116) Pause Young (Concurrent Start) (G1 Humongous Allocation) 168M->86M(256M) 28.616ms
[83.494s][info][gc          ] GC(117) Concurrent Mark Cycle
[83.494s][info][gc,marking  ] GC(117) Concurrent Scan Root Regions
[83.494s][info][gc,cpu      ] GC(116) User=0.05s Sys=0.00s Real=0.03s
[83.536s][info][gc,marking  ] GC(117) Concurrent Scan Root Regions 41.145ms
[83.536s][info][gc,marking  ] GC(117) Concurrent Mark
[83.536s][info][gc,marking  ] GC(117) Concurrent Mark From Roots
[83.536s][info][gc,task     ] GC(117) Using 1 workers of 1 for marking
[83.680s][info][gc,marking  ] GC(117) Concurrent Mark From Roots 144.467ms
[83.680s][info][gc,marking  ] GC(117) Concurrent Preclean
[83.680s][info][gc,marking  ] GC(117) Concurrent Preclean 0.078ms
[83.684s][info][gc,start    ] GC(117) Pause Remark
[83.703s][info][gc          ] GC(117) Pause Remark 117M->115M(256M) 18.983ms
[83.703s][info][gc,cpu      ] GC(117) User=0.03s Sys=0.00s Real=0.02s
[83.705s][info][gc,marking  ] GC(117) Concurrent Mark 169.474ms
[83.705s][info][gc,marking  ] GC(117) Concurrent Rebuild Remembered Sets and Scrub Regions
[83.803s][info][gc,marking  ] GC(117) Concurrent Rebuild Remembered Sets and Scrub Regions 97.595ms
[83.803s][info][gc,start    ] GC(117) Pause Cleanup
[83.803s][info][gc          ] GC(117) Pause Cleanup 139M->139M(256M) 0.076ms
[83.803s][info][gc,cpu      ] GC(117) User=0.00s Sys=0.00s Real=0.00s
[83.803s][info][gc,marking  ] GC(117) Concurrent Clear Claimed Marks
[83.803s][info][gc,marking  ] GC(117) Concurrent Clear Claimed Marks 0.066ms
[83.803s][info][gc,marking  ] GC(117) Concurrent Cleanup for Next Mark
[83.804s][info][gc,marking  ] GC(117) Concurrent Cleanup for Next Mark 0.738ms
[83.804s][info][gc          ] GC(117) Concurrent Mark Cycle 309.430ms
[84.085s][info][gc,start    ] GC(118) Pause Young (Prepare Mixed) (G1 Evacuation Pause)
[84.085s][info][gc,task     ] GC(118) Using 2 workers of 2 for evacuation
[84.127s][info][gc,phases   ] GC(118)   Pre Evacuate Collection Set: 1.07ms
[84.127s][info][gc,phases   ] GC(118)   Merge Heap Roots: 0.11ms
[84.127s][info][gc,phases   ] GC(118)   Evacuate Collection Set: 39.99ms
[84.127s][info][gc,phases   ] GC(118)   Post Evacuate Collection Set: 0.38ms
[84.127s][info][gc,phases   ] GC(118)   Other: 0.07ms
[84.127s][info][gc,heap     ] GC(118) Eden regions: 133->0(121)
[84.127s][info][gc,heap     ] GC(118) Survivor regions: 11->14(18)
[84.127s][info][gc,heap     ] GC(118) Old regions: 71->82
[84.127s][info][gc,heap     ] GC(118) Humongous regions: 6->6
[84.127s][info][gc,metaspace] GC(118) Metaspace: 40904K(41408K)->40904K(41408K) NonClass: 36565K(36864K)->36565K(36864K) Class: 4338K(4544K)->4338K(4544K)
[84.127s][info][gc          ] GC(118) Pause Young (Prepare Mixed) (G1 Evacuation Pause) 219M->101M(256M) 41.838ms
[84.127s][info][gc,cpu      ] GC(118) User=0.08s Sys=0.00s Real=0.04s
[84.516s][info][gc,start    ] GC(119) Pause Young (Mixed) (G1 Evacuation Pause)
[84.516s][info][gc,task     ] GC(119) Using 2 workers of 2 for evacuation
[84.548s][info][gc,phases   ] GC(119)   Pre Evacuate Collection Set: 0.22ms
[84.548s][info][gc,phases   ] GC(119)   Merge Heap Roots: 0.12ms
[84.548s][info][gc,phases   ] GC(119)   Evacuate Collection Set: 31.08ms
[84.548s][info][gc,phases   ] GC(119)   Post Evacuate Collection Set: 0.44ms
[84.548s][info][gc,phases   ] GC(119)   Other: 0.09ms
[84.548s][info][gc,heap     ] GC(119) Eden regions: 121->0(117)
[84.548s][info][gc,heap     ] GC(119) Survivor regions: 14->13(17)
[84.548s][info][gc,heap     ] GC(119) Old regions: 82->88
[84.548s][info][gc,heap     ] GC(119) Humongous regions: 6->6
[84.548s][info][gc,metaspace] GC(119) Metaspace: 40915K(41408K)->40915K(41408K) NonClass: 36577K(36864K)->36577K(36864K) Class: 4338K(4544K)->4338K(4544K)
[84.548s][info][gc          ] GC(119) Pause Young (Mixed) (G1 Evacuation Pause) 222M->106M(256M) 32.149ms
[84.548s][info][gc,cpu      ] GC(119) User=0.06s Sys=0.00s Real=0.03s
[84.745s][info][gc,start    ] GC(120) Pause Young (Concurrent Start) (G1 Humongous Allocation)
[84.745s][info][gc,task     ] GC(120) Using 2 workers of 2 for evacuation
[84.767s][info][gc,phases   ] GC(120)   Pre Evacuate Collection Set: 0.16ms
[84.767s][info][gc,phases   ] GC(120)   Merge Heap Roots: 0.07ms
[84.767s][info][gc,phases   ] GC(120)   Evacuate Collection Set: 21.35ms
[84.767s][info][gc,phases   ] GC(120)   Post Evacuate Collection Set: 0.36ms
[84.767s][info][gc,phases   ] GC(120)   Other: 0.10ms
[84.767s][info][gc,heap     ] GC(120) Eden regions: 43->0(115)
[84.767s][info][gc,heap     ] GC(120) Survivor regions: 13->5(17)
[84.767s][info][gc,heap     ] GC(120) Old regions: 88->101
[84.767s][info][gc,heap     ] GC(120) Humongous regions: 6->6
[84.767s][info][gc,metaspace] GC(120) Metaspace: 40916K(41408K)->40916K(41408K) NonClass: 36577K(36864K)->36577K(36864K) Class: 4338K(4544K)->4338K(4544K)
[84.767s][info][gc          ] GC(120) Pause Young (Concurrent Start) (G1 Humongous Allocation) 149M->111M(256M) 22.238ms
[84.767s][info][gc          ] GC(121) Concurrent Mark Cycle
[84.767s][info][gc,marking  ] GC(121) Concurrent Scan Root Regions
[84.767s][info][gc,cpu      ] GC(120) User=0.04s Sys=0.00s Real=0.02s
[84.800s][info][gc,marking  ] GC(121) Concurrent Scan Root Regions 32.199ms
[84.800s][info][gc,marking  ] GC(121) Concurrent Mark
[84.800s][info][gc,marking  ] GC(121) Concurrent Mark From Roots
[84.800s][info][gc,task     ] GC(121) Using 1 workers of 1 for marking
[85.119s][info][gc,marking  ] GC(121) Concurrent Mark From Roots 319.371ms
[85.119s][info][gc,marking  ] GC(121) Concurrent Preclean
[85.119s][info][gc,marking  ] GC(121) Concurrent Preclean 0.041ms
[85.119s][info][gc,start    ] GC(121) Pause Remark
[85.135s][info][gc          ] GC(121) Pause Remark 157M->156M(256M) 15.949ms
[85.135s][info][gc,cpu      ] GC(121) User=0.03s Sys=0.01s Real=0.01s
[85.139s][info][gc,marking  ] GC(121) Concurrent Mark 339.399ms
[85.139s][info][gc,marking  ] GC(121) Concurrent Rebuild Remembered Sets and Scrub Regions
[85.278s][info][gc,marking  ] GC(121) Concurrent Rebuild Remembered Sets and Scrub Regions 138.642ms
[85.279s][info][gc,start    ] GC(121) Pause Cleanup
[85.279s][info][gc          ] GC(121) Pause Cleanup 183M->183M(256M) 0.049ms
[85.279s][info][gc,cpu      ] GC(121) User=0.00s Sys=0.00s Real=0.00s
[85.281s][info][gc,marking  ] GC(121) Concurrent Clear Claimed Marks
[85.281s][info][gc,marking  ] GC(121) Concurrent Clear Claimed Marks 0.045ms
[85.281s][info][gc,marking  ] GC(121) Concurrent Cleanup for Next Mark
[85.284s][info][gc,marking  ] GC(121) Concurrent Cleanup for Next Mark 2.669ms
[85.284s][info][gc          ] GC(121) Concurrent Mark Cycle 516.390ms
[85.428s][info][gc,start    ] GC(122) Pause Young (Prepare Mixed) (G1 Evacuation Pause)
[85.428s][info][gc,task     ] GC(122) Using 2 workers of 2 for evacuation
[85.481s][info][gc,phases   ] GC(122)   Pre Evacuate Collection Set: 1.93ms
[85.481s][info][gc,phases   ] GC(122)   Merge Heap Roots: 0.87ms
[85.481s][info][gc,phases   ] GC(122)   Evacuate Collection Set: 50.35ms
[85.481s][info][gc,phases   ] GC(122)   Post Evacuate Collection Set: 0.44ms
[85.481s][info][gc,phases   ] GC(122)   Other: 0.07ms
[85.481s][info][gc,heap     ] GC(122) Eden regions: 115->0(99)
[85.481s][info][gc,heap     ] GC(122) Survivor regions: 5->15(15)
[85.481s][info][gc,heap     ] GC(122) Old regions: 101->104
[85.481s][info][gc,heap     ] GC(122) Humongous regions: 9->9
[85.481s][info][gc,metaspace] GC(122) Metaspace: 40922K(41408K)->40922K(41408K) NonClass: 36583K(36864K)->36583K(36864K) Class: 4338K(4544K)->4338K(4544K)
[85.481s][info][gc          ] GC(122) Pause Young (Prepare Mixed) (G1 Evacuation Pause) 229M->127M(256M) 53.857ms
[85.481s][info][gc,cpu      ] GC(122) User=0.06s Sys=0.00s Real=0.06s
[88.774s][info][gc,start    ] GC(123) Pause Young (Mixed) (G1 Evacuation Pause)
[88.774s][info][gc,task     ] GC(123) Using 2 workers of 2 for evacuation
[88.809s][info][gc,phases   ] GC(123)   Pre Evacuate Collection Set: 0.17ms
[88.809s][info][gc,phases   ] GC(123)   Merge Heap Roots: 0.18ms
[88.809s][info][gc,phases   ] GC(123)   Evacuate Collection Set: 32.98ms
[88.809s][info][gc,phases   ] GC(123)   Post Evacuate Collection Set: 1.49ms
[88.809s][info][gc,phases   ] GC(123)   Other: 0.08ms
[88.809s][info][gc,heap     ] GC(123) Eden regions: 99->0(228)
[88.809s][info][gc,heap     ] GC(123) Survivor regions: 15->6(15)
[88.809s][info][gc,heap     ] GC(123) Old regions: 104->116
[88.809s][info][gc,heap     ] GC(123) Humongous regions: 11->7
[88.809s][info][gc,metaspace] GC(123) Metaspace: 41058K(41536K)->41058K(41536K) NonClass: 36720K(36992K)->36720K(36992K) Class: 4338K(4544K)->4338K(4544K)
[88.809s][info][gc          ] GC(123) Pause Young (Mixed) (G1 Evacuation Pause) 228M->128M(401M) 35.072ms
[88.809s][info][gc,cpu      ] GC(123) User=0.07s Sys=0.00s Real=0.04s
[89.796s][info][gc,start    ] GC(124) Pause Young (Concurrent Start) (G1 Humongous Allocation)
[89.796s][info][gc,task     ] GC(124) Using 2 workers of 2 for evacuation
[89.809s][info][gc,phases   ] GC(124)   Pre Evacuate Collection Set: 0.23ms
[89.809s][info][gc,phases   ] GC(124)   Merge Heap Roots: 0.10ms
[89.809s][info][gc,phases   ] GC(124)   Evacuate Collection Set: 12.26ms
[89.809s][info][gc,phases   ] GC(124)   Post Evacuate Collection Set: 0.47ms
[89.809s][info][gc,phases   ] GC(124)   Other: 0.09ms
[89.809s][info][gc,heap     ] GC(124) Eden regions: 183->0(232)
[89.809s][info][gc,heap     ] GC(124) Survivor regions: 6->8(30)
[89.809s][info][gc,heap     ] GC(124) Old regions: 116->116
[89.809s][info][gc,heap     ] GC(124) Humongous regions: 7->7
[89.809s][info][gc,metaspace] GC(124) Metaspace: 41163K(41664K)->41163K(41664K) NonClass: 36825K(37120K)->36825K(37120K) Class: 4338K(4544K)->4338K(4544K)
[89.809s][info][gc          ] GC(124) Pause Young (Concurrent Start) (G1 Humongous Allocation) 310M->130M(401M) 13.345ms
[89.809s][info][gc          ] GC(125) Concurrent Mark Cycle
[89.809s][info][gc,marking  ] GC(125) Concurrent Scan Root Regions
[89.809s][info][gc,cpu      ] GC(124) User=0.03s Sys=0.00s Real=0.02s
[89.825s][info][gc,marking  ] GC(125) Concurrent Scan Root Regions 15.725ms
[89.825s][info][gc,marking  ] GC(125) Concurrent Mark
[89.825s][info][gc,marking  ] GC(125) Concurrent Mark From Roots
[89.825s][info][gc,task     ] GC(125) Using 1 workers of 1 for marking
[89.879s][info][gc,marking  ] GC(125) Concurrent Mark From Roots 53.674ms
[89.879s][info][gc,marking  ] GC(125) Concurrent Preclean
[89.879s][info][gc,marking  ] GC(125) Concurrent Preclean 0.054ms
[89.879s][info][gc,start    ] GC(125) Pause Remark
[89.895s][info][gc          ] GC(125) Pause Remark 157M->142M(394M) 15.769ms
[89.895s][info][gc,cpu      ] GC(125) User=0.03s Sys=0.00s Real=0.02s
[89.897s][info][gc,marking  ] GC(125) Concurrent Mark 71.978ms
[89.897s][info][gc,marking  ] GC(125) Concurrent Rebuild Remembered Sets and Scrub Regions
[89.922s][info][gc,marking  ] GC(125) Concurrent Rebuild Remembered Sets and Scrub Regions 24.589ms
[89.922s][info][gc,start    ] GC(125) Pause Cleanup
[89.922s][info][gc          ] GC(125) Pause Cleanup 152M->152M(394M) 0.092ms
[89.922s][info][gc,cpu      ] GC(125) User=0.00s Sys=0.00s Real=0.00s
[89.924s][info][gc,marking  ] GC(125) Concurrent Clear Claimed Marks
[89.924s][info][gc,marking  ] GC(125) Concurrent Clear Claimed Marks 0.057ms
[89.924s][info][gc,marking  ] GC(125) Concurrent Cleanup for Next Mark
[89.929s][info][gc,marking  ] GC(125) Concurrent Cleanup for Next Mark 4.647ms
[89.929s][info][gc          ] GC(125) Concurrent Mark Cycle 119.389ms
[90.475s][info][gc,start    ] GC(126) Pause Young (Prepare Mixed) (G1 Evacuation Pause)
[90.475s][info][gc,task     ] GC(126) Using 2 workers of 2 for evacuation
[90.510s][info][gc,phases   ] GC(126)   Pre Evacuate Collection Set: 0.21ms
[90.511s][info][gc,phases   ] GC(126)   Merge Heap Roots: 0.12ms
[90.511s][info][gc,phases   ] GC(126)   Evacuate Collection Set: 34.38ms
[90.511s][info][gc,phases   ] GC(126)   Post Evacuate Collection Set: 0.50ms
[90.511s][info][gc,phases   ] GC(126)   Other: 0.07ms
[90.511s][info][gc,heap     ] GC(126) Eden regions: 228->0(201)
[90.511s][info][gc,heap     ] GC(126) Survivor regions: 8->30(30)
[90.511s][info][gc,heap     ] GC(126) Old regions: 107->108
[90.511s][info][gc,heap     ] GC(126) Humongous regions: 4->4
[90.511s][info][gc,metaspace] GC(126) Metaspace: 41163K(41664K)->41163K(41664K) NonClass: 36825K(37120K)->36825K(37120K) Class: 4338K(4544K)->4338K(4544K)
[90.511s][info][gc          ] GC(126) Pause Young (Prepare Mixed) (G1 Evacuation Pause) 346M->141M(394M) 35.482ms
[90.511s][info][gc,cpu      ] GC(126) User=0.07s Sys=0.00s Real=0.04s
[91.036s][info][gc,start    ] GC(127) Pause Young (Mixed) (G1 Evacuation Pause)
[91.036s][info][gc,task     ] GC(127) Using 2 workers of 2 for evacuation
[91.096s][info][gc,phases   ] GC(127)   Pre Evacuate Collection Set: 0.22ms
[91.096s][info][gc,phases   ] GC(127)   Merge Heap Roots: 0.16ms
[91.096s][info][gc,phases   ] GC(127)   Evacuate Collection Set: 59.00ms
[91.096s][info][gc,phases   ] GC(127)   Post Evacuate Collection Set: 0.52ms
[91.096s][info][gc,phases   ] GC(127)   Other: 0.09ms
[91.096s][info][gc,heap     ] GC(127) Eden regions: 201->0(216)
[91.096s][info][gc,heap     ] GC(127) Survivor regions: 30->24(29)
[91.096s][info][gc,heap     ] GC(127) Old regions: 108->99
[91.096s][info][gc,heap     ] GC(127) Humongous regions: 6->6
[91.096s][info][gc,metaspace] GC(127) Metaspace: 41164K(41664K)->41164K(41664K) NonClass: 36825K(37120K)->36825K(37120K) Class: 4338K(4544K)->4338K(4544K)
[91.096s][info][gc          ] GC(127) Pause Young (Mixed) (G1 Evacuation Pause) 344M->128M(400M) 60.258ms
[91.096s][info][gc,cpu      ] GC(127) User=0.11s Sys=0.00s Real=0.06s
[91.696s][info][gc,start    ] GC(128) Pause Young (Mixed) (G1 Evacuation Pause)
[91.696s][info][gc,task     ] GC(128) Using 2 workers of 2 for evacuation
[91.759s][info][gc,phases   ] GC(128)   Pre Evacuate Collection Set: 0.21ms
[91.759s][info][gc,phases   ] GC(128)   Merge Heap Roots: 0.15ms
[91.759s][info][gc,phases   ] GC(128)   Evacuate Collection Set: 61.55ms
[91.759s][info][gc,phases   ] GC(128)   Post Evacuate Collection Set: 0.57ms
[91.759s][info][gc,phases   ] GC(128)   Other: 0.08ms
[91.759s][info][gc,heap     ] GC(128) Eden regions: 216->0(215)
[91.759s][info][gc,heap     ] GC(128) Survivor regions: 24->25(30)
[91.759s][info][gc,heap     ] GC(128) Old regions: 99->89
[91.759s][info][gc,heap     ] GC(128) Humongous regions: 10->10
[91.759s][info][gc,metaspace] GC(128) Metaspace: 41164K(41664K)->41164K(41664K) NonClass: 36825K(37120K)->36825K(37120K) Class: 4338K(4544K)->4338K(4544K)
[91.759s][info][gc          ] GC(128) Pause Young (Mixed) (G1 Evacuation Pause) 348M->123M(400M) 62.768ms
[91.759s][info][gc,cpu      ] GC(128) User=0.12s Sys=0.00s Real=0.06s
[91.997s][info][gc,start    ] GC(129) Pause Young (Concurrent Start) (G1 Humongous Allocation)
[91.997s][info][gc,task     ] GC(129) Using 2 workers of 2 for evacuation
[92.039s][info][gc,phases   ] GC(129)   Pre Evacuate Collection Set: 0.23ms
[92.039s][info][gc,phases   ] GC(129)   Merge Heap Roots: 0.10ms
[92.039s][info][gc,phases   ] GC(129)   Evacuate Collection Set: 41.08ms
[92.039s][info][gc,phases   ] GC(129)   Post Evacuate Collection Set: 0.37ms
[92.039s][info][gc,phases   ] GC(129)   Other: 0.14ms
[92.039s][info][gc,heap     ] GC(129) Eden regions: 37->0(201)
[92.039s][info][gc,heap     ] GC(129) Survivor regions: 25->13(30)
[92.039s][info][gc,heap     ] GC(129) Old regions: 89->114
[92.039s][info][gc,heap     ] GC(129) Humongous regions: 10->10
[92.039s][info][gc,metaspace] GC(129) Metaspace: 41164K(41664K)->41164K(41664K) NonClass: 36825K(37120K)->36825K(37120K) Class: 4338K(4544K)->4338K(4544K)
[92.039s][info][gc          ] GC(129) Pause Young (Concurrent Start) (G1 Humongous Allocation) 160M->136M(400M) 42.157ms
[92.039s][info][gc          ] GC(130) Concurrent Mark Cycle
[92.039s][info][gc,marking  ] GC(130) Concurrent Scan Root Regions
[92.040s][info][gc,cpu      ] GC(129) User=0.08s Sys=0.00s Real=0.05s
[92.084s][info][gc,marking  ] GC(130) Concurrent Scan Root Regions 45.058ms
[92.084s][info][gc,marking  ] GC(130) Concurrent Mark
[92.084s][info][gc,marking  ] GC(130) Concurrent Mark From Roots
[92.084s][info][gc,task     ] GC(130) Using 1 workers of 1 for marking
[92.189s][info][gc,marking  ] GC(130) Concurrent Mark From Roots 104.144ms
[92.189s][info][gc,marking  ] GC(130) Concurrent Preclean
[92.189s][info][gc,marking  ] GC(130) Concurrent Preclean 0.043ms
[92.189s][info][gc,start    ] GC(130) Pause Remark
[92.204s][info][gc          ] GC(130) Pause Remark 147M->142M(400M) 15.158ms
[92.204s][info][gc,cpu      ] GC(130) User=0.03s Sys=0.00s Real=0.02s
[92.204s][info][gc,marking  ] GC(130) Concurrent Mark 119.756ms
[92.204s][info][gc,marking  ] GC(130) Concurrent Rebuild Remembered Sets and Scrub Regions
[92.274s][info][gc,marking  ] GC(130) Concurrent Rebuild Remembered Sets and Scrub Regions 69.361ms
[92.274s][info][gc,start    ] GC(130) Pause Cleanup
[92.274s][info][gc          ] GC(130) Pause Cleanup 150M->150M(400M) 0.058ms
[92.274s][info][gc,cpu      ] GC(130) User=0.00s Sys=0.00s Real=0.00s
[92.274s][info][gc,marking  ] GC(130) Concurrent Clear Claimed Marks
[92.274s][info][gc,marking  ] GC(130) Concurrent Clear Claimed Marks 0.051ms
[92.274s][info][gc,marking  ] GC(130) Concurrent Cleanup for Next Mark
[92.275s][info][gc,marking  ] GC(130) Concurrent Cleanup for Next Mark 1.236ms
[92.275s][info][gc          ] GC(130) Concurrent Mark Cycle 235.910ms
[93.711s][info][gc,start    ] GC(131) Pause Young (Prepare Mixed) (G1 Evacuation Pause)
[93.711s][info][gc,task     ] GC(131) Using 2 workers of 2 for evacuation
[93.746s][info][gc,phases   ] GC(131)   Pre Evacuate Collection Set: 2.40ms
[93.746s][info][gc,phases   ] GC(131)   Merge Heap Roots: 0.20ms
[93.746s][info][gc,phases   ] GC(131)   Evacuate Collection Set: 31.45ms
[93.746s][info][gc,phases   ] GC(131)   Post Evacuate Collection Set: 0.72ms
[93.746s][info][gc,phases   ] GC(131)   Other: 0.09ms
[93.746s][info][gc,heap     ] GC(131) Eden regions: 201->0(200)
[93.746s][info][gc,heap     ] GC(131) Survivor regions: 13->16(27)
[93.746s][info][gc,heap     ] GC(131) Old regions: 112->112
[93.746s][info][gc,heap     ] GC(131) Humongous regions: 15->13
[93.746s][info][gc,metaspace] GC(131) Metaspace: 41170K(41664K)->41170K(41664K) NonClass: 36831K(37120K)->36831K(37120K) Class: 4338K(4544K)->4338K(4544K)
[93.746s][info][gc          ] GC(131) Pause Young (Prepare Mixed) (G1 Evacuation Pause) 340M->140M(400M) 35.099ms
[93.746s][info][gc,cpu      ] GC(131) User=0.06s Sys=0.00s Real=0.03s
[95.124s][info][gc,start    ] GC(132) Pause Young (Mixed) (G1 Evacuation Pause)
[95.124s][info][gc,task     ] GC(132) Using 2 workers of 2 for evacuation
[95.148s][info][gc,phases   ] GC(132)   Pre Evacuate Collection Set: 0.24ms
[95.149s][info][gc,phases   ] GC(132)   Merge Heap Roots: 0.18ms
[95.149s][info][gc,phases   ] GC(132)   Evacuate Collection Set: 23.64ms
[95.149s][info][gc,phases   ] GC(132)   Post Evacuate Collection Set: 0.47ms
[95.149s][info][gc,phases   ] GC(132)   Other: 0.11ms
[95.149s][info][gc,heap     ] GC(132) Eden regions: 200->0(213)
[95.149s][info][gc,heap     ] GC(132) Survivor regions: 16->12(27)
[95.149s][info][gc,heap     ] GC(132) Old regions: 112->112
[95.149s][info][gc,heap     ] GC(132) Humongous regions: 13->13
[95.149s][info][gc,metaspace] GC(132) Metaspace: 41171K(41664K)->41171K(41664K) NonClass: 36832K(37120K)->36832K(37120K) Class: 4338K(4544K)->4338K(4544K)
[95.149s][info][gc          ] GC(132) Pause Young (Mixed) (G1 Evacuation Pause) 340M->136M(400M) 24.853ms
[95.149s][info][gc,cpu      ] GC(132) User=0.05s Sys=0.00s Real=0.02s
[96.463s][info][gc,start    ] GC(133) Pause Young (Concurrent Start) (G1 Evacuation Pause)
[96.463s][info][gc,task     ] GC(133) Using 2 workers of 2 for evacuation
[96.485s][info][gc,phases   ] GC(133)   Pre Evacuate Collection Set: 0.21ms
[96.485s][info][gc,phases   ] GC(133)   Merge Heap Roots: 0.11ms
[96.485s][info][gc,phases   ] GC(133)   Evacuate Collection Set: 21.87ms
[96.485s][info][gc,phases   ] GC(133)   Post Evacuate Collection Set: 0.47ms
[96.485s][info][gc,phases   ] GC(133)   Other: 0.10ms
[96.485s][info][gc,heap     ] GC(133) Eden regions: 213->0(210)
[96.485s][info][gc,heap     ] GC(133) Survivor regions: 12->20(29)
[96.486s][info][gc,heap     ] GC(133) Old regions: 112->112
[96.486s][info][gc,heap     ] GC(133) Humongous regions: 13->13
[96.486s][info][gc,metaspace] GC(133) Metaspace: 41171K(41664K)->41171K(41664K) NonClass: 36832K(37120K)->36832K(37120K) Class: 4338K(4544K)->4338K(4544K)
[96.486s][info][gc          ] GC(133) Pause Young (Concurrent Start) (G1 Evacuation Pause) 349M->144M(400M) 22.964ms
[96.486s][info][gc,cpu      ] GC(133) User=0.04s Sys=0.00s Real=0.02s
[96.486s][info][gc          ] GC(134) Concurrent Mark Cycle
[96.486s][info][gc,marking  ] GC(134) Concurrent Scan Root Regions
[96.509s][info][gc,marking  ] GC(134) Concurrent Scan Root Regions 23.562ms
[96.509s][info][gc,marking  ] GC(134) Concurrent Mark
[96.509s][info][gc,marking  ] GC(134) Concurrent Mark From Roots
[96.509s][info][gc,task     ] GC(134) Using 1 workers of 1 for marking
[96.547s][info][gc,marking  ] GC(134) Concurrent Mark From Roots 37.461ms
[96.547s][info][gc,marking  ] GC(134) Concurrent Preclean
[96.547s][info][gc,marking  ] GC(134) Concurrent Preclean 0.035ms
[96.547s][info][gc,start    ] GC(134) Pause Remark
[96.562s][info][gc          ] GC(134) Pause Remark 154M->72M(256M) 14.619ms
[96.562s][info][gc,cpu      ] GC(134) User=0.03s Sys=0.00s Real=0.02s
[96.562s][info][gc,marking  ] GC(134) Concurrent Mark 52.513ms
[96.562s][info][gc,marking  ] GC(134) Concurrent Rebuild Remembered Sets and Scrub Regions
[96.586s][info][gc,marking  ] GC(134) Concurrent Rebuild Remembered Sets and Scrub Regions 24.274ms
[96.586s][info][gc,start    ] GC(134) Pause Cleanup
[96.586s][info][gc          ] GC(134) Pause Cleanup 75M->75M(256M) 0.044ms
[96.586s][info][gc,cpu      ] GC(134) User=0.00s Sys=0.00s Real=0.00s
[96.586s][info][gc,marking  ] GC(134) Concurrent Clear Claimed Marks
[96.586s][info][gc,marking  ] GC(134) Concurrent Clear Claimed Marks 0.039ms
[96.586s][info][gc,marking  ] GC(134) Concurrent Cleanup for Next Mark
[96.587s][info][gc,marking  ] GC(134) Concurrent Cleanup for Next Mark 0.749ms
[96.587s][info][gc          ] GC(134) Concurrent Mark Cycle 101.479ms
[97.382s][info][gc,start    ] GC(135) Pause Young (Prepare Mixed) (G1 Evacuation Pause)
[97.382s][info][gc,task     ] GC(135) Using 2 workers of 2 for evacuation
[97.387s][info][gc,phases   ] GC(135)   Pre Evacuate Collection Set: 0.16ms
[97.387s][info][gc,phases   ] GC(135)   Merge Heap Roots: 0.09ms
[97.387s][info][gc,phases   ] GC(135)   Evacuate Collection Set: 4.58ms
[97.387s][info][gc,phases   ] GC(135)   Post Evacuate Collection Set: 0.48ms
[97.387s][info][gc,phases   ] GC(135)   Other: 0.08ms
[97.387s][info][gc,heap     ] GC(135) Eden regions: 133->0(152)
[97.387s][info][gc,heap     ] GC(135) Survivor regions: 20->1(20)
[97.387s][info][gc,heap     ] GC(135) Old regions: 41->48
[97.387s][info][gc,heap     ] GC(135) Humongous regions: 2->1
[97.387s][info][gc,metaspace] GC(135) Metaspace: 41173K(41664K)->41173K(41664K) NonClass: 36835K(37120K)->36835K(37120K) Class: 4338K(4544K)->4338K(4544K)
[97.387s][info][gc          ] GC(135) Pause Young (Prepare Mixed) (G1 Evacuation Pause) 195M->49M(256M) 5.572ms
[97.387s][info][gc,cpu      ] GC(135) User=0.01s Sys=0.00s Real=0.00s
[98.283s][info][gc,start    ] GC(136) Pause Young (Mixed) (G1 Evacuation Pause)
[98.283s][info][gc,task     ] GC(136) Using 2 workers of 2 for evacuation
[98.303s][info][gc,phases   ] GC(136)   Pre Evacuate Collection Set: 0.24ms
[98.303s][info][gc,phases   ] GC(136)   Merge Heap Roots: 0.10ms
[98.303s][info][gc,phases   ] GC(136)   Evacuate Collection Set: 19.52ms
[98.303s][info][gc,phases   ] GC(136)   Post Evacuate Collection Set: 0.41ms
[98.303s][info][gc,phases   ] GC(136)   Other: 0.10ms
[98.303s][info][gc,heap     ] GC(136) Eden regions: 152->0(137)
[98.303s][info][gc,heap     ] GC(136) Survivor regions: 1->16(20)
[98.303s][info][gc,heap     ] GC(136) Old regions: 48->44
[98.303s][info][gc,heap     ] GC(136) Humongous regions: 1->1
[98.303s][info][gc,metaspace] GC(136) Metaspace: 41173K(41664K)->41173K(41664K) NonClass: 36835K(37120K)->36835K(37120K) Class: 4338K(4544K)->4338K(4544K)
[98.303s][info][gc          ] GC(136) Pause Young (Mixed) (G1 Evacuation Pause) 201M->60M(256M) 20.569ms
[98.303s][info][gc,cpu      ] GC(136) User=0.04s Sys=0.00s Real=0.02s
[98.823s][info][gc,start    ] GC(137) Pause Young (Concurrent Start) (G1 Humongous Allocation)
[98.823s][info][gc,task     ] GC(137) Using 2 workers of 2 for evacuation
[98.846s][info][gc,phases   ] GC(137)   Pre Evacuate Collection Set: 0.16ms
[98.846s][info][gc,phases   ] GC(137)   Merge Heap Roots: 0.08ms
[98.846s][info][gc,phases   ] GC(137)   Evacuate Collection Set: 22.36ms
[98.847s][info][gc,phases   ] GC(137)   Post Evacuate Collection Set: 0.37ms
[98.847s][info][gc,phases   ] GC(137)   Other: 0.10ms
[98.847s][info][gc,heap     ] GC(137) Eden regions: 82->0(142)
[98.847s][info][gc,heap     ] GC(137) Survivor regions: 16->11(20)
[98.847s][info][gc,heap     ] GC(137) Old regions: 44->59
[98.847s][info][gc,heap     ] GC(137) Humongous regions: 1->1
[98.847s][info][gc,metaspace] GC(137) Metaspace: 41178K(41664K)->41178K(41664K) NonClass: 36839K(37120K)->36839K(37120K) Class: 4338K(4544K)->4338K(4544K)
[98.847s][info][gc          ] GC(137) Pause Young (Concurrent Start) (G1 Humongous Allocation) 141M->70M(256M) 23.255ms
[98.847s][info][gc          ] GC(138) Concurrent Mark Cycle
[98.847s][info][gc,marking  ] GC(138) Concurrent Scan Root Regions
[98.848s][info][gc,cpu      ] GC(137) User=0.05s Sys=0.00s Real=0.02s
[98.887s][info][gc,marking  ] GC(138) Concurrent Scan Root Regions 40.207ms
[98.887s][info][gc,marking  ] GC(138) Concurrent Mark
[98.887s][info][gc,marking  ] GC(138) Concurrent Mark From Roots
[98.887s][info][gc,task     ] GC(138) Using 1 workers of 1 for marking
[98.937s][info][gc,marking  ] GC(138) Concurrent Mark From Roots 50.358ms
[98.937s][info][gc,marking  ] GC(138) Concurrent Preclean
[98.937s][info][gc,marking  ] GC(138) Concurrent Preclean 0.037ms
[98.938s][info][gc,start    ] GC(138) Pause Remark
[98.952s][info][gc          ] GC(138) Pause Remark 91M->91M(256M) 14.900ms
[98.952s][info][gc,cpu      ] GC(138) User=0.03s Sys=0.00s Real=0.02s
[98.953s][info][gc,marking  ] GC(138) Concurrent Mark 65.632ms
[98.953s][info][gc,marking  ] GC(138) Concurrent Rebuild Remembered Sets and Scrub Regions
[98.977s][info][gc,marking  ] GC(138) Concurrent Rebuild Remembered Sets and Scrub Regions 24.687ms
[98.977s][info][gc,start    ] GC(138) Pause Cleanup
[98.977s][info][gc          ] GC(138) Pause Cleanup 100M->100M(256M) 0.046ms
[98.977s][info][gc,cpu      ] GC(138) User=0.00s Sys=0.00s Real=0.00s
[98.977s][info][gc,marking  ] GC(138) Concurrent Clear Claimed Marks
[98.978s][info][gc,marking  ] GC(138) Concurrent Clear Claimed Marks 0.037ms
[98.978s][info][gc,marking  ] GC(138) Concurrent Cleanup for Next Mark
[98.978s][info][gc,marking  ] GC(138) Concurrent Cleanup for Next Mark 0.743ms
[98.978s][info][gc          ] GC(138) Concurrent Mark Cycle 131.671ms
[99.283s][info][gc,start    ] GC(139) Pause Young (Prepare Mixed) (G1 Evacuation Pause)
[99.283s][info][gc,task     ] GC(139) Using 2 workers of 2 for evacuation
[99.304s][info][gc,phases   ] GC(139)   Pre Evacuate Collection Set: 0.14ms
[99.304s][info][gc,phases   ] GC(139)   Merge Heap Roots: 0.09ms
[99.304s][info][gc,phases   ] GC(139)   Evacuate Collection Set: 20.92ms
[99.304s][info][gc,phases   ] GC(139)   Post Evacuate Collection Set: 0.41ms
[99.304s][info][gc,phases   ] GC(139)   Other: 0.08ms
[99.304s][info][gc,heap     ] GC(139) Eden regions: 142->0(134)
[99.304s][info][gc,heap     ] GC(139) Survivor regions: 11->18(20)
[99.304s][info][gc,heap     ] GC(139) Old regions: 59->62
[99.304s][info][gc,heap     ] GC(139) Humongous regions: 4->4
[99.304s][info][gc,metaspace] GC(139) Metaspace: 41178K(41664K)->41178K(41664K) NonClass: 36839K(37120K)->36839K(37120K) Class: 4338K(4544K)->4338K(4544K)
[99.304s][info][gc          ] GC(139) Pause Young (Prepare Mixed) (G1 Evacuation Pause) 215M->83M(256M) 21.856ms
[99.304s][info][gc,cpu      ] GC(139) User=0.04s Sys=0.00s Real=0.02s
[99.671s][info][gc,start    ] GC(140) Pause Young (Mixed) (G1 Evacuation Pause)
[99.671s][info][gc,task     ] GC(140) Using 2 workers of 2 for evacuation
[99.715s][info][gc,phases   ] GC(140)   Pre Evacuate Collection Set: 0.15ms
[99.715s][info][gc,phases   ] GC(140)   Merge Heap Roots: 0.15ms
[99.715s][info][gc,phases   ] GC(140)   Evacuate Collection Set: 42.47ms
[99.715s][info][gc,phases   ] GC(140)   Post Evacuate Collection Set: 0.61ms
[99.715s][info][gc,phases   ] GC(140)   Other: 0.07ms
[99.715s][info][gc,heap     ] GC(140) Eden regions: 134->0(128)
[99.715s][info][gc,heap     ] GC(140) Survivor regions: 18->17(19)
[99.715s][info][gc,heap     ] GC(140) Old regions: 62->68
[99.715s][info][gc,heap     ] GC(140) Humongous regions: 6->6
[99.715s][info][gc,metaspace] GC(140) Metaspace: 41178K(41664K)->41178K(41664K) NonClass: 36839K(37120K)->36839K(37120K) Class: 4338K(4544K)->4338K(4544K)
[99.715s][info][gc          ] GC(140) Pause Young (Mixed) (G1 Evacuation Pause) 219M->90M(257M) 43.685ms
[99.715s][info][gc,cpu      ] GC(140) User=0.08s Sys=0.00s Real=0.04s
[100.030s][info][gc,start    ] GC(141) Pause Young (Concurrent Start) (G1 Evacuation Pause)
[100.030s][info][gc,task     ] GC(141) Using 2 workers of 2 for evacuation
[100.066s][info][gc,phases   ] GC(141)   Pre Evacuate Collection Set: 0.16ms
[100.066s][info][gc,phases   ] GC(141)   Merge Heap Roots: 0.07ms
[100.066s][info][gc,phases   ] GC(141)   Evacuate Collection Set: 34.64ms
[100.066s][info][gc,phases   ] GC(141)   Post Evacuate Collection Set: 0.68ms
[100.066s][info][gc,phases   ] GC(141)   Other: 0.10ms
[100.066s][info][gc,heap     ] GC(141) Eden regions: 128->0(138)
[100.066s][info][gc,heap     ] GC(141) Survivor regions: 17->16(19)
[100.066s][info][gc,heap     ] GC(141) Old regions: 68->85
[100.066s][info][gc,heap     ] GC(141) Humongous regions: 6->6
[100.066s][info][gc,metaspace] GC(141) Metaspace: 41178K(41664K)->41178K(41664K) NonClass: 36839K(37120K)->36839K(37120K) Class: 4338K(4544K)->4338K(4544K)
[100.066s][info][gc          ] GC(141) Pause Young (Concurrent Start) (G1 Evacuation Pause) 218M->105M(286M) 35.918ms
[100.066s][info][gc,cpu      ] GC(141) User=0.07s Sys=0.00s Real=0.03s
[100.066s][info][gc          ] GC(142) Concurrent Mark Cycle
[100.066s][info][gc,marking  ] GC(142) Concurrent Scan Root Regions
[100.091s][info][gc,marking  ] GC(142) Concurrent Scan Root Regions 24.513ms
[100.091s][info][gc,marking  ] GC(142) Concurrent Mark
[100.091s][info][gc,marking  ] GC(142) Concurrent Mark From Roots
[100.091s][info][gc,task     ] GC(142) Using 1 workers of 1 for marking
[100.149s][info][gc,marking  ] GC(142) Concurrent Mark From Roots 58.071ms
[100.149s][info][gc,marking  ] GC(142) Concurrent Preclean
[100.149s][info][gc,marking  ] GC(142) Concurrent Preclean 0.039ms
[100.149s][info][gc,start    ] GC(142) Pause Remark
[100.164s][info][gc          ] GC(142) Pause Remark 132M->131M(286M) 14.905ms
[100.164s][info][gc,cpu      ] GC(142) User=0.03s Sys=0.00s Real=0.01s
[100.164s][info][gc,marking  ] GC(142) Concurrent Mark 73.244ms
[100.164s][info][gc,marking  ] GC(142) Concurrent Rebuild Remembered Sets and Scrub Regions
[100.204s][info][gc,marking  ] GC(142) Concurrent Rebuild Remembered Sets and Scrub Regions 39.660ms
[100.204s][info][gc,start    ] GC(142) Pause Cleanup
[100.204s][info][gc          ] GC(142) Pause Cleanup 143M->143M(286M) 0.055ms
[100.204s][info][gc,cpu      ] GC(142) User=0.00s Sys=0.00s Real=0.00s
[100.204s][info][gc,marking  ] GC(142) Concurrent Clear Claimed Marks
[100.204s][info][gc,marking  ] GC(142) Concurrent Clear Claimed Marks 0.040ms
[100.204s][info][gc,marking  ] GC(142) Concurrent Cleanup for Next Mark
[100.205s][info][gc,marking  ] GC(142) Concurrent Cleanup for Next Mark 1.192ms
[100.205s][info][gc          ] GC(142) Concurrent Mark Cycle 139.076ms
[100.510s][info][gc,start    ] GC(143) Pause Young (Prepare Mixed) (G1 Evacuation Pause)
[100.510s][info][gc,task     ] GC(143) Using 2 workers of 2 for evacuation
[100.551s][info][gc,phases   ] GC(143)   Pre Evacuate Collection Set: 0.16ms
[100.551s][info][gc,phases   ] GC(143)   Merge Heap Roots: 0.12ms
[100.551s][info][gc,phases   ] GC(143)   Evacuate Collection Set: 39.77ms
[100.551s][info][gc,phases   ] GC(143)   Post Evacuate Collection Set: 0.44ms
[100.551s][info][gc,phases   ] GC(143)   Other: 0.08ms
[100.551s][info][gc,heap     ] GC(143) Eden regions: 138->0(125)
[100.551s][info][gc,heap     ] GC(143) Survivor regions: 16->16(20)
[100.551s][info][gc,heap     ] GC(143) Old regions: 85->100
[100.551s][info][gc,heap     ] GC(143) Humongous regions: 9->9
[100.551s][info][gc,metaspace] GC(143) Metaspace: 41178K(41664K)->41178K(41664K) NonClass: 36839K(37120K)->36839K(37120K) Class: 4338K(4544K)->4338K(4544K)
[100.551s][info][gc          ] GC(143) Pause Young (Prepare Mixed) (G1 Evacuation Pause) 246M->124M(286M) 40.809ms
[100.551s][info][gc,cpu      ] GC(143) User=0.08s Sys=0.00s Real=0.04s
[100.896s][info][gc,start    ] GC(144) Pause Young (Mixed) (G1 Evacuation Pause)
[100.896s][info][gc,task     ] GC(144) Using 2 workers of 2 for evacuation
[100.951s][info][gc,phases   ] GC(144)   Pre Evacuate Collection Set: 0.19ms
[100.951s][info][gc,phases   ] GC(144)   Merge Heap Roots: 0.19ms
[100.951s][info][gc,phases   ] GC(144)   Evacuate Collection Set: 54.15ms
[100.951s][info][gc,phases   ] GC(144)   Post Evacuate Collection Set: 0.43ms
[100.951s][info][gc,phases   ] GC(144)   Other: 0.09ms
[100.951s][info][gc,heap     ] GC(144) Eden regions: 125->0(124)
[100.951s][info][gc,heap     ] GC(144) Survivor regions: 16->15(18)
[100.951s][info][gc,heap     ] GC(144) Old regions: 100->102
[100.951s][info][gc,heap     ] GC(144) Humongous regions: 9->9
[100.951s][info][gc,metaspace] GC(144) Metaspace: 41178K(41664K)->41178K(41664K) NonClass: 36839K(37120K)->36839K(37120K) Class: 4338K(4544K)->4338K(4544K)
[100.951s][info][gc          ] GC(144) Pause Young (Mixed) (G1 Evacuation Pause) 249M->125M(286M) 55.286ms
[100.951s][info][gc,cpu      ] GC(144) User=0.11s Sys=0.00s Real=0.06s
[101.116s][info][gc,start    ] GC(145) Pause Young (Concurrent Start) (G1 Humongous Allocation)
[101.116s][info][gc,task     ] GC(145) Using 2 workers of 2 for evacuation
[101.143s][info][gc,phases   ] GC(145)   Pre Evacuate Collection Set: 0.18ms
[101.143s][info][gc,phases   ] GC(145)   Merge Heap Roots: 0.09ms
[101.143s][info][gc,phases   ] GC(145)   Evacuate Collection Set: 26.36ms
[101.143s][info][gc,phases   ] GC(145)   Post Evacuate Collection Set: 0.30ms
[101.144s][info][gc,phases   ] GC(145)   Other: 0.18ms
[101.144s][info][gc,heap     ] GC(145) Eden regions: 15->0(107)
[101.144s][info][gc,heap     ] GC(145) Survivor regions: 15->11(18)
[101.144s][info][gc,heap     ] GC(145) Old regions: 102->116
[101.144s][info][gc,heap     ] GC(145) Humongous regions: 9->9
[101.144s][info][gc,metaspace] GC(145) Metaspace: 41178K(41664K)->41178K(41664K) NonClass: 36839K(37120K)->36839K(37120K) Class: 4338K(4544K)->4338K(4544K)
[101.144s][info][gc          ] GC(145) Pause Young (Concurrent Start) (G1 Humongous Allocation) 139M->135M(286M) 27.363ms
[101.144s][info][gc,cpu      ] GC(145) User=0.06s Sys=0.00s Real=0.03s
[101.144s][info][gc          ] GC(146) Concurrent Mark Cycle
[101.144s][info][gc,marking  ] GC(146) Concurrent Scan Root Regions
[101.222s][info][gc,marking  ] GC(146) Concurrent Scan Root Regions 78.388ms
[101.222s][info][gc,marking  ] GC(146) Concurrent Mark
[101.222s][info][gc,marking  ] GC(146) Concurrent Mark From Roots
[101.222s][info][gc,task     ] GC(146) Using 1 workers of 1 for marking
[101.422s][info][gc,marking  ] GC(146) Concurrent Mark From Roots 200.195ms
[101.422s][info][gc,marking  ] GC(146) Concurrent Preclean
[101.422s][info][gc,marking  ] GC(146) Concurrent Preclean 0.043ms
[101.423s][info][gc,start    ] GC(146) Pause Remark
[101.438s][info][gc          ] GC(146) Pause Remark 148M->146M(286M) 14.516ms
[101.438s][info][gc,cpu      ] GC(146) User=0.03s Sys=0.00s Real=0.01s
[101.438s][info][gc,marking  ] GC(146) Concurrent Mark 215.903ms
[101.438s][info][gc,marking  ] GC(146) Concurrent Rebuild Remembered Sets and Scrub Regions
[101.512s][info][gc,marking  ] GC(146) Concurrent Rebuild Remembered Sets and Scrub Regions 73.530ms
[101.512s][info][gc,start    ] GC(146) Pause Cleanup
[101.512s][info][gc          ] GC(146) Pause Cleanup 151M->151M(286M) 0.054ms
[101.512s][info][gc,cpu      ] GC(146) User=0.00s Sys=0.00s Real=0.00s
[101.512s][info][gc,marking  ] GC(146) Concurrent Clear Claimed Marks
[101.512s][info][gc,marking  ] GC(146) Concurrent Clear Claimed Marks 0.040ms
[101.512s][info][gc,marking  ] GC(146) Concurrent Cleanup for Next Mark
[101.513s][info][gc,marking  ] GC(146) Concurrent Cleanup for Next Mark 0.840ms
[101.513s][info][gc          ] GC(146) Concurrent Mark Cycle 369.478ms
[102.429s][info][gc,start    ] GC(147) Pause Young (Prepare Mixed) (G1 Evacuation Pause)
[102.429s][info][gc,task     ] GC(147) Using 2 workers of 2 for evacuation
[102.455s][info][gc,phases   ] GC(147)   Pre Evacuate Collection Set: 0.20ms
[102.456s][info][gc,phases   ] GC(147)   Merge Heap Roots: 0.13ms
[102.456s][info][gc,phases   ] GC(147)   Evacuate Collection Set: 25.94ms
[102.456s][info][gc,phases   ] GC(147)   Post Evacuate Collection Set: 0.40ms
[102.456s][info][gc,phases   ] GC(147)   Other: 0.10ms
[102.456s][info][gc,heap     ] GC(147) Eden regions: 107->0(95)
[102.456s][info][gc,heap     ] GC(147) Survivor regions: 11->15(15)
[102.456s][info][gc,heap     ] GC(147) Old regions: 116->122
[102.456s][info][gc,heap     ] GC(147) Humongous regions: 15->13
[102.456s][info][gc,metaspace] GC(147) Metaspace: 41182K(41664K)->41182K(41664K) NonClass: 36843K(37120K)->36843K(37120K) Class: 4338K(4544K)->4338K(4544K)
[102.456s][info][gc          ] GC(147) Pause Young (Prepare Mixed) (G1 Evacuation Pause) 248M->149M(286M) 26.986ms
[102.456s][info][gc,cpu      ] GC(147) User=0.05s Sys=0.00s Real=0.03s
[102.839s][info][gc,start    ] GC(148) Pause Young (Mixed) (G1 Evacuation Pause)
[102.839s][info][gc,task     ] GC(148) Using 2 workers of 2 for evacuation
[102.860s][info][gc,phases   ] GC(148)   Pre Evacuate Collection Set: 0.17ms
[102.860s][info][gc,phases   ] GC(148)   Merge Heap Roots: 0.13ms
[102.860s][info][gc,phases   ] GC(148)   Evacuate Collection Set: 20.00ms
[102.860s][info][gc,phases   ] GC(148)   Post Evacuate Collection Set: 0.49ms
[102.860s][info][gc,phases   ] GC(148)   Other: 0.09ms
[102.860s][info][gc,heap     ] GC(148) Eden regions: 95->0(96)
[102.860s][info][gc,heap     ] GC(148) Survivor regions: 15->5(14)
[102.860s][info][gc,heap     ] GC(148) Old regions: 122->134
[102.860s][info][gc,heap     ] GC(148) Humongous regions: 13->13
[102.860s][info][gc,metaspace] GC(148) Metaspace: 41187K(41664K)->41187K(41664K) NonClass: 36849K(37120K)->36849K(37120K) Class: 4338K(4544K)->4338K(4544K)
[102.860s][info][gc          ] GC(148) Pause Young (Mixed) (G1 Evacuation Pause) 244M->151M(286M) 21.089ms
[102.861s][info][gc,cpu      ] GC(148) User=0.04s Sys=0.00s Real=0.02s
[103.374s][info][gc,start    ] GC(149) Pause Young (Concurrent Start) (G1 Evacuation Pause)
[103.374s][info][gc,task     ] GC(149) Using 2 workers of 2 for evacuation
[103.387s][info][gc,phases   ] GC(149)   Pre Evacuate Collection Set: 0.19ms
[103.387s][info][gc,phases   ] GC(149)   Merge Heap Roots: 0.06ms
[103.387s][info][gc,phases   ] GC(149)   Evacuate Collection Set: 11.62ms
[103.387s][info][gc,phases   ] GC(149)   Post Evacuate Collection Set: 0.35ms
[103.387s][info][gc,phases   ] GC(149)   Other: 0.14ms
[103.387s][info][gc,heap     ] GC(149) Eden regions: 96->0(93)
[103.387s][info][gc,heap     ] GC(149) Survivor regions: 5->13(13)
[103.387s][info][gc,heap     ] GC(149) Old regions: 134->135
[103.387s][info][gc,heap     ] GC(149) Humongous regions: 13->13
[103.387s][info][gc,metaspace] GC(149) Metaspace: 41188K(41664K)->41188K(41664K) NonClass: 36850K(37120K)->36850K(37120K) Class: 4338K(4544K)->4338K(4544K)
[103.387s][info][gc          ] GC(149) Pause Young (Concurrent Start) (G1 Evacuation Pause) 247M->160M(286M) 12.571ms
[103.387s][info][gc          ] GC(150) Concurrent Mark Cycle
[103.387s][info][gc,marking  ] GC(150) Concurrent Scan Root Regions
[103.387s][info][gc,cpu      ] GC(149) User=0.02s Sys=0.00s Real=0.01s
[103.400s][info][gc,marking  ] GC(150) Concurrent Scan Root Regions 12.487ms
[103.400s][info][gc,marking  ] GC(150) Concurrent Mark
[103.400s][info][gc,marking  ] GC(150) Concurrent Mark From Roots
[103.400s][info][gc,task     ] GC(150) Using 1 workers of 1 for marking
[103.441s][info][gc,marking  ] GC(150) Concurrent Mark From Roots 41.687ms
[103.441s][info][gc,marking  ] GC(150) Concurrent Preclean
[103.441s][info][gc,marking  ] GC(150) Concurrent Preclean 0.033ms
[103.442s][info][gc,start    ] GC(150) Pause Remark
[103.456s][info][gc          ] GC(150) Pause Remark 168M->69M(256M) 14.281ms
[103.456s][info][gc,cpu      ] GC(150) User=0.03s Sys=0.01s Real=0.01s
[103.458s][info][gc,marking  ] GC(150) Concurrent Mark 58.435ms
[103.458s][info][gc,marking  ] GC(150) Concurrent Rebuild Remembered Sets and Scrub Regions
[103.481s][info][gc,marking  ] GC(150) Concurrent Rebuild Remembered Sets and Scrub Regions 22.480ms
[103.481s][info][gc,start    ] GC(150) Pause Cleanup
[103.481s][info][gc          ] GC(150) Pause Cleanup 73M->73M(256M) 0.043ms
[103.481s][info][gc,cpu      ] GC(150) User=0.00s Sys=0.00s Real=0.00s
[103.481s][info][gc,marking  ] GC(150) Concurrent Clear Claimed Marks
[103.481s][info][gc,marking  ] GC(150) Concurrent Clear Claimed Marks 0.039ms
[103.481s][info][gc,marking  ] GC(150) Concurrent Cleanup for Next Mark
[103.482s][info][gc,marking  ] GC(150) Concurrent Cleanup for Next Mark 0.762ms
[103.482s][info][gc          ] GC(150) Concurrent Mark Cycle 94.605ms
[103.980s][info][gc,start    ] GC(151) Pause Young (Prepare Mixed) (G1 Evacuation Pause)
[103.980s][info][gc,task     ] GC(151) Using 2 workers of 2 for evacuation
[103.994s][info][gc,phases   ] GC(151)   Pre Evacuate Collection Set: 0.17ms
[103.994s][info][gc,phases   ] GC(151)   Merge Heap Roots: 0.06ms
[103.994s][info][gc,phases   ] GC(151)   Evacuate Collection Set: 13.29ms
[103.994s][info][gc,phases   ] GC(151)   Post Evacuate Collection Set: 0.36ms
[103.994s][info][gc,phases   ] GC(151)   Other: 0.07ms
[103.994s][info][gc,heap     ] GC(151) Eden regions: 93->0(136)
[103.994s][info][gc,heap     ] GC(151) Survivor regions: 13->8(14)
[103.994s][info][gc,heap     ] GC(151) Old regions: 48->57
[103.994s][info][gc,heap     ] GC(151) Humongous regions: 1->1
[103.994s][info][gc,metaspace] GC(151) Metaspace: 41188K(41664K)->41188K(41664K) NonClass: 36850K(37120K)->36850K(37120K) Class: 4338K(4544K)->4338K(4544K)
[103.994s][info][gc          ] GC(151) Pause Young (Prepare Mixed) (G1 Evacuation Pause) 154M->64M(256M) 14.180ms
[103.994s][info][gc,cpu      ] GC(151) User=0.03s Sys=0.00s Real=0.01s
[104.832s][info][gc,start    ] GC(152) Pause Young (Mixed) (G1 Evacuation Pause)
[104.833s][info][gc,task     ] GC(152) Using 2 workers of 2 for evacuation
[104.856s][info][gc,phases   ] GC(152)   Pre Evacuate Collection Set: 0.16ms
[104.856s][info][gc,phases   ] GC(152)   Merge Heap Roots: 0.08ms
[104.856s][info][gc,phases   ] GC(152)   Evacuate Collection Set: 22.51ms
[104.856s][info][gc,phases   ] GC(152)   Post Evacuate Collection Set: 0.42ms
[104.856s][info][gc,phases   ] GC(152)   Other: 0.08ms
[104.856s][info][gc,heap     ] GC(152) Eden regions: 136->0(132)
[104.856s][info][gc,heap     ] GC(152) Survivor regions: 8->18(18)
[104.856s][info][gc,heap     ] GC(152) Old regions: 57->54
[104.856s][info][gc,heap     ] GC(152) Humongous regions: 1->1
[104.856s][info][gc,metaspace] GC(152) Metaspace: 41188K(41664K)->41188K(41664K) NonClass: 36850K(37120K)->36850K(37120K) Class: 4338K(4544K)->4338K(4544K)
[104.856s][info][gc          ] GC(152) Pause Young (Mixed) (G1 Evacuation Pause) 200M->71M(256M) 23.456ms
[104.856s][info][gc,cpu      ] GC(152) User=0.05s Sys=0.00s Real=0.02s
[105.677s][info][gc,start    ] GC(153) Pause Young (Concurrent Start) (G1 Evacuation Pause)
[105.677s][info][gc,task     ] GC(153) Using 2 workers of 2 for evacuation
[105.705s][info][gc,phases   ] GC(153)   Pre Evacuate Collection Set: 0.19ms
[105.705s][info][gc,phases   ] GC(153)   Merge Heap Roots: 0.09ms
[105.705s][info][gc,phases   ] GC(153)   Evacuate Collection Set: 27.50ms
[105.705s][info][gc,phases   ] GC(153)   Post Evacuate Collection Set: 0.41ms
[105.705s][info][gc,phases   ] GC(153)   Other: 0.10ms
[105.705s][info][gc,heap     ] GC(153) Eden regions: 132->0(127)
[105.705s][info][gc,heap     ] GC(153) Survivor regions: 18->12(19)
[105.705s][info][gc,heap     ] GC(153) Old regions: 54->72
[105.705s][info][gc,heap     ] GC(153) Humongous regions: 1->1
[105.705s][info][gc,metaspace] GC(153) Metaspace: 41188K(41664K)->41188K(41664K) NonClass: 36850K(37120K)->36850K(37120K) Class: 4338K(4544K)->4338K(4544K)
[105.705s][info][gc          ] GC(153) Pause Young (Concurrent Start) (G1 Evacuation Pause) 203M->83M(256M) 28.496ms
[105.705s][info][gc          ] GC(154) Concurrent Mark Cycle
[105.706s][info][gc,marking  ] GC(154) Concurrent Scan Root Regions
[105.707s][info][gc,cpu      ] GC(153) User=0.05s Sys=0.00s Real=0.03s
[105.728s][info][gc,marking  ] GC(154) Concurrent Scan Root Regions 22.360ms
[105.728s][info][gc,marking  ] GC(154) Concurrent Mark
[105.728s][info][gc,marking  ] GC(154) Concurrent Mark From Roots
[105.728s][info][gc,task     ] GC(154) Using 1 workers of 1 for marking
[105.770s][info][gc,marking  ] GC(154) Concurrent Mark From Roots 41.632ms
[105.770s][info][gc,marking  ] GC(154) Concurrent Preclean
[105.770s][info][gc,marking  ] GC(154) Concurrent Preclean 0.032ms
[105.770s][info][gc,start    ] GC(154) Pause Remark
[105.784s][info][gc          ] GC(154) Pause Remark 93M->93M(256M) 14.463ms
[105.784s][info][gc,cpu      ] GC(154) User=0.03s Sys=0.00s Real=0.01s
[105.784s][info][gc,marking  ] GC(154) Concurrent Mark 56.334ms
[105.784s][info][gc,marking  ] GC(154) Concurrent Rebuild Remembered Sets and Scrub Regions
[105.817s][info][gc,marking  ] GC(154) Concurrent Rebuild Remembered Sets and Scrub Regions 32.256ms
[105.817s][info][gc,start    ] GC(154) Pause Cleanup
[105.817s][info][gc          ] GC(154) Pause Cleanup 98M->98M(256M) 0.046ms
[105.817s][info][gc,cpu      ] GC(154) User=0.00s Sys=0.00s Real=0.00s
[105.817s][info][gc,marking  ] GC(154) Concurrent Clear Claimed Marks
[105.817s][info][gc,marking  ] GC(154) Concurrent Clear Claimed Marks 0.039ms
[105.817s][info][gc,marking  ] GC(154) Concurrent Cleanup for Next Mark
[105.818s][info][gc,marking  ] GC(154) Concurrent Cleanup for Next Mark 0.738ms
[105.818s][info][gc          ] GC(154) Concurrent Mark Cycle 112.063ms
[106.497s][info][gc,start    ] GC(155) Pause Young (Prepare Mixed) (G1 Evacuation Pause)
[106.497s][info][gc,task     ] GC(155) Using 2 workers of 2 for evacuation
[106.511s][info][gc,phases   ] GC(155)   Pre Evacuate Collection Set: 0.15ms
[106.511s][info][gc,phases   ] GC(155)   Merge Heap Roots: 0.10ms
[106.511s][info][gc,phases   ] GC(155)   Evacuate Collection Set: 13.63ms
[106.511s][info][gc,phases   ] GC(155)   Post Evacuate Collection Set: 0.40ms
[106.511s][info][gc,phases   ] GC(155)   Other: 0.08ms
[106.511s][info][gc,heap     ] GC(155) Eden regions: 127->0(126)
[106.511s][info][gc,heap     ] GC(155) Survivor regions: 12->14(18)
[106.511s][info][gc,heap     ] GC(155) Old regions: 71->72
[106.511s][info][gc,heap     ] GC(155) Humongous regions: 2->2
[106.511s][info][gc,metaspace] GC(155) Metaspace: 41188K(41664K)->41188K(41664K) NonClass: 36850K(37120K)->36850K(37120K) Class: 4338K(4544K)->4338K(4544K)
[106.511s][info][gc          ] GC(155) Pause Young (Prepare Mixed) (G1 Evacuation Pause) 211M->87M(256M) 14.557ms
[106.511s][info][gc,cpu      ] GC(155) User=0.03s Sys=0.00s Real=0.02s
[107.274s][info][gc,start    ] GC(156) Pause Young (Mixed) (G1 Evacuation Pause)
[107.274s][info][gc,task     ] GC(156) Using 2 workers of 2 for evacuation
[107.306s][info][gc,phases   ] GC(156)   Pre Evacuate Collection Set: 0.17ms
[107.306s][info][gc,phases   ] GC(156)   Merge Heap Roots: 0.18ms
[107.306s][info][gc,phases   ] GC(156)   Evacuate Collection Set: 30.96ms
[107.306s][info][gc,phases   ] GC(156)   Post Evacuate Collection Set: 0.51ms
[107.306s][info][gc,phases   ] GC(156)   Other: 0.07ms
[107.306s][info][gc,heap     ] GC(156) Eden regions: 126->0(127)
[107.306s][info][gc,heap     ] GC(156) Survivor regions: 14->13(18)
[107.306s][info][gc,heap     ] GC(156) Old regions: 72->74
[107.306s][info][gc,heap     ] GC(156) Humongous regions: 2->2
[107.306s][info][gc,metaspace] GC(156) Metaspace: 41189K(41664K)->41189K(41664K) NonClass: 36850K(37120K)->36850K(37120K) Class: 4338K(4544K)->4338K(4544K)
[107.306s][info][gc          ] GC(156) Pause Young (Mixed) (G1 Evacuation Pause) 213M->88M(256M) 32.115ms
[107.306s][info][gc,cpu      ] GC(156) User=0.06s Sys=0.00s Real=0.03s
[107.704s][info][gc,start    ] GC(157) Pause Young (Concurrent Start) (G1 Humongous Allocation)
[107.704s][info][gc,task     ] GC(157) Using 2 workers of 2 for evacuation
[107.724s][info][gc,phases   ] GC(157)   Pre Evacuate Collection Set: 0.17ms
[107.724s][info][gc,phases   ] GC(157)   Merge Heap Roots: 0.11ms
[107.724s][info][gc,phases   ] GC(157)   Evacuate Collection Set: 19.67ms
[107.724s][info][gc,phases   ] GC(157)   Post Evacuate Collection Set: 0.39ms
[107.724s][info][gc,phases   ] GC(157)   Other: 0.10ms
[107.724s][info][gc,heap     ] GC(157) Eden regions: 73->0(119)
[107.724s][info][gc,heap     ] GC(157) Survivor regions: 13->10(18)
[107.724s][info][gc,heap     ] GC(157) Old regions: 74->87
[107.724s][info][gc,heap     ] GC(157) Humongous regions: 2->2
[107.724s][info][gc,metaspace] GC(157) Metaspace: 41212K(41664K)->41212K(41664K) NonClass: 36873K(37120K)->36873K(37120K) Class: 4338K(4544K)->4338K(4544K)
[107.725s][info][gc          ] GC(157) Pause Young (Concurrent Start) (G1 Humongous Allocation) 160M->98M(256M) 20.667ms
[107.725s][info][gc          ] GC(158) Concurrent Mark Cycle
[107.725s][info][gc,marking  ] GC(158) Concurrent Scan Root Regions
[107.726s][info][gc,cpu      ] GC(157) User=0.04s Sys=0.00s Real=0.02s
[107.750s][info][gc,marking  ] GC(158) Concurrent Scan Root Regions 25.669ms
[107.750s][info][gc,marking  ] GC(158) Concurrent Mark
[107.750s][info][gc,marking  ] GC(158) Concurrent Mark From Roots
[107.750s][info][gc,task     ] GC(158) Using 1 workers of 1 for marking
[107.789s][info][gc,marking  ] GC(158) Concurrent Mark From Roots 39.013ms
[107.789s][info][gc,marking  ] GC(158) Concurrent Preclean
[107.789s][info][gc,marking  ] GC(158) Concurrent Preclean 0.034ms
[107.791s][info][gc,start    ] GC(158) Pause Remark
[107.808s][info][gc          ] GC(158) Pause Remark 105M->93M(256M) 16.426ms
[107.808s][info][gc,cpu      ] GC(158) User=0.03s Sys=0.00s Real=0.01s
[107.808s][info][gc,marking  ] GC(158) Concurrent Mark 57.368ms
[107.808s][info][gc,marking  ] GC(158) Concurrent Rebuild Remembered Sets and Scrub Regions
[107.833s][info][gc,marking  ] GC(158) Concurrent Rebuild Remembered Sets and Scrub Regions 25.126ms
[107.833s][info][gc,start    ] GC(158) Pause Cleanup
[107.833s][info][gc          ] GC(158) Pause Cleanup 93M->93M(256M) 0.056ms
[107.833s][info][gc,cpu      ] GC(158) User=0.00s Sys=0.00s Real=0.00s
[107.835s][info][gc,marking  ] GC(158) Concurrent Clear Claimed Marks
[107.835s][info][gc,marking  ] GC(158) Concurrent Clear Claimed Marks 0.059ms
[107.835s][info][gc,marking  ] GC(158) Concurrent Cleanup for Next Mark
[107.836s][info][gc,marking  ] GC(158) Concurrent Cleanup for Next Mark 1.273ms
[107.836s][info][gc          ] GC(158) Concurrent Mark Cycle 111.885ms
[108.867s][info][gc,start    ] GC(159) Pause Young (Prepare Mixed) (G1 Evacuation Pause)
[108.867s][info][gc,task     ] GC(159) Using 2 workers of 2 for evacuation
[108.874s][info][gc,phases   ] GC(159)   Pre Evacuate Collection Set: 0.16ms
[108.874s][info][gc,phases   ] GC(159)   Merge Heap Roots: 0.08ms
[108.874s][info][gc,phases   ] GC(159)   Evacuate Collection Set: 6.45ms
[108.874s][info][gc,phases   ] GC(159)   Post Evacuate Collection Set: 0.38ms
[108.874s][info][gc,phases   ] GC(159)   Other: 0.11ms
[108.874s][info][gc,heap     ] GC(159) Eden regions: 119->0(134)
[108.874s][info][gc,heap     ] GC(159) Survivor regions: 10->2(17)
[108.874s][info][gc,heap     ] GC(159) Old regions: 76->82
[108.874s][info][gc,heap     ] GC(159) Humongous regions: 13->3
[108.874s][info][gc,metaspace] GC(159) Metaspace: 41213K(41664K)->41213K(41664K) NonClass: 36874K(37120K)->36874K(37120K) Class: 4338K(4544K)->4338K(4544K)
[108.874s][info][gc          ] GC(159) Pause Young (Prepare Mixed) (G1 Evacuation Pause) 217M->87M(256M) 7.366ms
[108.874s][info][gc,cpu      ] GC(159) User=0.01s Sys=0.00s Real=0.01s
[109.779s][info][gc,start    ] GC(160) Pause Young (Mixed) (G1 Evacuation Pause)
[109.779s][info][gc,task     ] GC(160) Using 2 workers of 2 for evacuation
[109.797s][info][gc,phases   ] GC(160)   Pre Evacuate Collection Set: 0.18ms
[109.797s][info][gc,phases   ] GC(160)   Merge Heap Roots: 0.09ms
[109.797s][info][gc,phases   ] GC(160)   Evacuate Collection Set: 17.15ms
[109.797s][info][gc,phases   ] GC(160)   Post Evacuate Collection Set: 1.29ms
[109.797s][info][gc,phases   ] GC(160)   Other: 0.11ms
[109.798s][info][gc,heap     ] GC(160) Eden regions: 134->0(141)
[109.798s][info][gc,heap     ] GC(160) Survivor regions: 2->12(17)
[109.798s][info][gc,heap     ] GC(160) Old regions: 82->57
[109.798s][info][gc,heap     ] GC(160) Humongous regions: 12->3
[109.798s][info][gc,metaspace] GC(160) Metaspace: 41216K(41664K)->41216K(41664K) NonClass: 36878K(37120K)->36878K(37120K) Class: 4338K(4544K)->4338K(4544K)
[109.798s][info][gc          ] GC(160) Pause Young (Mixed) (G1 Evacuation Pause) 230M->71M(256M) 19.007ms
[109.798s][info][gc,cpu      ] GC(160) User=0.03s Sys=0.00s Real=0.02s
[110.889s][info][gc,start    ] GC(161) Pause Young (Mixed) (G1 Evacuation Pause)
[110.889s][info][gc,task     ] GC(161) Using 2 workers of 2 for evacuation
[110.904s][info][gc,phases   ] GC(161)   Pre Evacuate Collection Set: 0.17ms
[110.904s][info][gc,phases   ] GC(161)   Merge Heap Roots: 0.08ms
[110.904s][info][gc,phases   ] GC(161)   Evacuate Collection Set: 14.20ms
[110.904s][info][gc,phases   ] GC(161)   Post Evacuate Collection Set: 0.44ms
[110.904s][info][gc,phases   ] GC(161)   Other: 0.09ms
[110.904s][info][gc,heap     ] GC(161) Eden regions: 141->0(144)
[110.904s][info][gc,heap     ] GC(161) Survivor regions: 12->9(20)
[110.904s][info][gc,heap     ] GC(161) Old regions: 57->56
[110.904s][info][gc,heap     ] GC(161) Humongous regions: 10->3
[110.904s][info][gc,metaspace] GC(161) Metaspace: 41229K(41664K)->41229K(41664K) NonClass: 36891K(37120K)->36891K(37120K) Class: 4338K(4544K)->4338K(4544K)
[110.904s][info][gc          ] GC(161) Pause Young (Mixed) (G1 Evacuation Pause) 219M->67M(256M) 15.233ms
[110.904s][info][gc,cpu      ] GC(161) User=0.03s Sys=0.00s Real=0.02s
[111.028s][info][gc,start    ] GC(162) Pause Young (Concurrent Start) (G1 Humongous Allocation)
[111.028s][info][gc,task     ] GC(162) Using 2 workers of 2 for evacuation
[111.030s][info][gc,phases   ] GC(162)   Pre Evacuate Collection Set: 0.16ms
[111.030s][info][gc,phases   ] GC(162)   Merge Heap Roots: 0.06ms
[111.030s][info][gc,phases   ] GC(162)   Evacuate Collection Set: 1.53ms
[111.030s][info][gc,phases   ] GC(162)   Post Evacuate Collection Set: 0.28ms
[111.030s][info][gc,phases   ] GC(162)   Other: 0.10ms
[111.030s][info][gc,heap     ] GC(162) Eden regions: 17->0(151)
[111.030s][info][gc,heap     ] GC(162) Survivor regions: 9->2(20)
[111.030s][info][gc,heap     ] GC(162) Old regions: 56->56
[111.030s][info][gc,heap     ] GC(162) Humongous regions: 3->1
[111.030s][info][gc,metaspace] GC(162) Metaspace: 41230K(41664K)->41230K(41664K) NonClass: 36891K(37120K)->36891K(37120K) Class: 4338K(4544K)->4338K(4544K)
[111.030s][info][gc          ] GC(162) Pause Young (Concurrent Start) (G1 Humongous Allocation) 84M->58M(256M) 2.294ms
[111.030s][info][gc          ] GC(163) Concurrent Mark Cycle
[111.030s][info][gc,marking  ] GC(163) Concurrent Scan Root Regions
[111.032s][info][gc,cpu      ] GC(162) User=0.01s Sys=0.00s Real=0.01s
[111.036s][info][gc,marking  ] GC(163) Concurrent Scan Root Regions 6.220ms
[111.036s][info][gc,marking  ] GC(163) Concurrent Mark
[111.036s][info][gc,marking  ] GC(163) Concurrent Mark From Roots
[111.036s][info][gc,task     ] GC(163) Using 1 workers of 1 for marking
[111.110s][info][gc,marking  ] GC(163) Concurrent Mark From Roots 74.116ms
[111.110s][info][gc,marking  ] GC(163) Concurrent Preclean
[111.110s][info][gc,marking  ] GC(163) Concurrent Preclean 0.058ms
[111.110s][info][gc,start    ] GC(163) Pause Remark
[111.134s][info][gc          ] GC(163) Pause Remark 69M->69M(256M) 23.861ms
[111.134s][info][gc,cpu      ] GC(163) User=0.04s Sys=0.00s Real=0.02s
[111.134s][info][gc,marking  ] GC(163) Concurrent Mark 98.281ms
[111.134s][info][gc,marking  ] GC(163) Concurrent Rebuild Remembered Sets and Scrub Regions
[111.154s][info][gc,marking  ] GC(163) Concurrent Rebuild Remembered Sets and Scrub Regions 20.017ms
[111.155s][info][gc,start    ] GC(163) Pause Cleanup
[111.155s][info][gc          ] GC(163) Pause Cleanup 71M->71M(256M) 0.059ms
[111.155s][info][gc,cpu      ] GC(163) User=0.00s Sys=0.00s Real=0.00s
[111.155s][info][gc,marking  ] GC(163) Concurrent Clear Claimed Marks
[111.155s][info][gc,marking  ] GC(163) Concurrent Clear Claimed Marks 0.042ms
[111.155s][info][gc,marking  ] GC(163) Concurrent Cleanup for Next Mark
[111.156s][info][gc,marking  ] GC(163) Concurrent Cleanup for Next Mark 0.741ms
[111.156s][info][gc          ] GC(163) Concurrent Mark Cycle 125.849ms
[112.011s][info][gc,start    ] GC(164) Pause Young (Prepare Mixed) (G1 Evacuation Pause)
[112.011s][info][gc,task     ] GC(164) Using 2 workers of 2 for evacuation
[112.037s][info][gc,phases   ] GC(164)   Pre Evacuate Collection Set: 0.50ms
[112.037s][info][gc,phases   ] GC(164)   Merge Heap Roots: 0.08ms
[112.037s][info][gc,phases   ] GC(164)   Evacuate Collection Set: 25.07ms
[112.037s][info][gc,phases   ] GC(164)   Post Evacuate Collection Set: 0.44ms
[112.037s][info][gc,phases   ] GC(164)   Other: 0.09ms
[112.037s][info][gc,heap     ] GC(164) Eden regions: 151->0(133)
[112.037s][info][gc,heap     ] GC(164) Survivor regions: 2->20(20)
[112.037s][info][gc,heap     ] GC(164) Old regions: 56->57
[112.037s][info][gc,heap     ] GC(164) Humongous regions: 5->3
[112.037s][info][gc,metaspace] GC(164) Metaspace: 41231K(41664K)->41231K(41664K) NonClass: 36893K(37120K)->36893K(37120K) Class: 4338K(4544K)->4338K(4544K)
[112.037s][info][gc          ] GC(164) Pause Young (Prepare Mixed) (G1 Evacuation Pause) 213M->79M(256M) 26.414ms
[112.037s][info][gc,cpu      ] GC(164) User=0.04s Sys=0.00s Real=0.02s
[113.029s][info][gc,start    ] GC(165) Pause Young (Mixed) (G1 Evacuation Pause)
[113.029s][info][gc,task     ] GC(165) Using 2 workers of 2 for evacuation
[113.050s][info][gc,phases   ] GC(165)   Pre Evacuate Collection Set: 0.16ms
[113.050s][info][gc,phases   ] GC(165)   Merge Heap Roots: 0.08ms
[113.050s][info][gc,phases   ] GC(165)   Evacuate Collection Set: 19.85ms
[113.050s][info][gc,phases   ] GC(165)   Post Evacuate Collection Set: 0.52ms
[113.050s][info][gc,phases   ] GC(165)   Other: 0.11ms
[113.050s][info][gc,heap     ] GC(165) Eden regions: 133->0(147)
[113.050s][info][gc,heap     ] GC(165) Survivor regions: 20->6(20)
[113.050s][info][gc,heap     ] GC(165) Old regions: 57->55
[113.050s][info][gc,heap     ] GC(165) Humongous regions: 15->3
[113.050s][info][gc,metaspace] GC(165) Metaspace: 41244K(41664K)->41244K(41664K) NonClass: 36906K(37120K)->36906K(37120K) Class: 4338K(4544K)->4338K(4544K)
[113.050s][info][gc          ] GC(165) Pause Young (Mixed) (G1 Evacuation Pause) 224M->63M(256M) 20.919ms
[113.050s][info][gc,cpu      ] GC(165) User=0.04s Sys=0.00s Real=0.02s
[113.091s][info][gc,start    ] GC(166) Pause Young (Concurrent Start) (G1 Humongous Allocation)
[113.091s][info][gc,task     ] GC(166) Using 2 workers of 2 for evacuation
[113.099s][info][gc,phases   ] GC(166)   Pre Evacuate Collection Set: 0.19ms
[113.099s][info][gc,phases   ] GC(166)   Merge Heap Roots: 0.08ms
[113.099s][info][gc,phases   ] GC(166)   Evacuate Collection Set: 6.99ms
[113.099s][info][gc,phases   ] GC(166)   Post Evacuate Collection Set: 0.29ms
[113.099s][info][gc,phases   ] GC(166)   Other: 0.09ms
[113.099s][info][gc,heap     ] GC(166) Eden regions: 6->0(148)
[113.099s][info][gc,heap     ] GC(166) Survivor regions: 6->5(20)
[113.099s][info][gc,heap     ] GC(166) Old regions: 55->55
[113.099s][info][gc,heap     ] GC(166) Humongous regions: 3->1
[113.099s][info][gc,metaspace] GC(166) Metaspace: 41245K(41728K)->41245K(41728K) NonClass: 36906K(37184K)->36906K(37184K) Class: 4338K(4544K)->4338K(4544K)
[113.099s][info][gc          ] GC(166) Pause Young (Concurrent Start) (G1 Humongous Allocation) 69M->60M(256M) 7.822ms
[113.099s][info][gc,cpu      ] GC(166) User=0.01s Sys=0.00s Real=0.00s
[113.099s][info][gc          ] GC(167) Concurrent Mark Cycle
[113.099s][info][gc,marking  ] GC(167) Concurrent Scan Root Regions
[113.111s][info][gc,marking  ] GC(167) Concurrent Scan Root Regions 12.103ms
[113.111s][info][gc,marking  ] GC(167) Concurrent Mark
[113.111s][info][gc,marking  ] GC(167) Concurrent Mark From Roots
[113.111s][info][gc,task     ] GC(167) Using 1 workers of 1 for marking
[113.250s][info][gc,marking  ] GC(167) Concurrent Mark From Roots 139.010ms
[113.250s][info][gc,marking  ] GC(167) Concurrent Preclean
[113.250s][info][gc,marking  ] GC(167) Concurrent Preclean 0.043ms
[113.250s][info][gc,start    ] GC(167) Pause Remark
[113.274s][info][gc          ] GC(167) Pause Remark 88M->88M(256M) 23.198ms
[113.274s][info][gc,cpu      ] GC(167) User=0.05s Sys=0.00s Real=0.02s
[113.274s][info][gc,marking  ] GC(167) Concurrent Mark 162.656ms
[113.274s][info][gc,marking  ] GC(167) Concurrent Rebuild Remembered Sets and Scrub Regions
[113.331s][info][gc,marking  ] GC(167) Concurrent Rebuild Remembered Sets and Scrub Regions 57.705ms
[113.332s][info][gc,start    ] GC(167) Pause Cleanup
[113.332s][info][gc          ] GC(167) Pause Cleanup 96M->96M(256M) 0.061ms
[113.332s][info][gc,cpu      ] GC(167) User=0.00s Sys=0.00s Real=0.00s
[113.332s][info][gc,marking  ] GC(167) Concurrent Clear Claimed Marks
[113.332s][info][gc,marking  ] GC(167) Concurrent Clear Claimed Marks 0.046ms
[113.332s][info][gc,marking  ] GC(167) Concurrent Cleanup for Next Mark
[113.335s][info][gc,marking  ] GC(167) Concurrent Cleanup for Next Mark 2.789ms
[113.335s][info][gc          ] GC(167) Concurrent Mark Cycle 235.816ms
[113.878s][info][gc,start    ] GC(168) Pause Young (Prepare Mixed) (G1 Evacuation Pause)
[113.878s][info][gc,task     ] GC(168) Using 2 workers of 2 for evacuation
[113.906s][info][gc,phases   ] GC(168)   Pre Evacuate Collection Set: 0.20ms
[113.906s][info][gc,phases   ] GC(168)   Merge Heap Roots: 0.17ms
[113.906s][info][gc,phases   ] GC(168)   Evacuate Collection Set: 27.58ms
[113.906s][info][gc,phases   ] GC(168)   Post Evacuate Collection Set: 0.61ms
[113.906s][info][gc,phases   ] GC(168)   Other: 0.10ms
[113.906s][info][gc,heap     ] GC(168) Eden regions: 148->0(141)
[113.906s][info][gc,heap     ] GC(168) Survivor regions: 5->12(20)
[113.906s][info][gc,heap     ] GC(168) Old regions: 55->55
[113.906s][info][gc,heap     ] GC(168) Humongous regions: 13->3
[113.906s][info][gc,metaspace] GC(168) Metaspace: 41253K(41728K)->41253K(41728K) NonClass: 36915K(37184K)->36915K(37184K) Class: 4338K(4544K)->4338K(4544K)
[113.907s][info][gc          ] GC(168) Pause Young (Prepare Mixed) (G1 Evacuation Pause) 220M->69M(256M) 28.872ms
[113.907s][info][gc,cpu      ] GC(168) User=0.03s Sys=0.00s Real=0.03s
[114.859s][info][gc,start    ] GC(169) Pause Young (Mixed) (G1 Evacuation Pause)
[114.859s][info][gc,task     ] GC(169) Using 2 workers of 2 for evacuation
[114.881s][info][gc,phases   ] GC(169)   Pre Evacuate Collection Set: 0.18ms
[114.881s][info][gc,phases   ] GC(169)   Merge Heap Roots: 0.14ms
[114.881s][info][gc,phases   ] GC(169)   Evacuate Collection Set: 21.04ms
[114.881s][info][gc,phases   ] GC(169)   Post Evacuate Collection Set: 0.68ms
[114.881s][info][gc,phases   ] GC(169)   Other: 0.10ms
[114.881s][info][gc,heap     ] GC(169) Eden regions: 141->0(150)
[114.881s][info][gc,heap     ] GC(169) Survivor regions: 12->3(20)
[114.881s][info][gc,heap     ] GC(169) Old regions: 55->57
[114.881s][info][gc,heap     ] GC(169) Humongous regions: 15->3
[114.881s][info][gc,metaspace] GC(169) Metaspace: 41268K(41728K)->41268K(41728K) NonClass: 36930K(37184K)->36930K(37184K) Class: 4338K(4544K)->4338K(4544K)
[114.881s][info][gc          ] GC(169) Pause Young (Mixed) (G1 Evacuation Pause) 222M->62M(256M) 22.324ms
[114.881s][info][gc,cpu      ] GC(169) User=0.02s Sys=0.00s Real=0.02s
[114.919s][info][gc,start    ] GC(170) Pause Young (Concurrent Start) (G1 Humongous Allocation)
[114.919s][info][gc,task     ] GC(170) Using 2 workers of 2 for evacuation
[114.925s][info][gc,phases   ] GC(170)   Pre Evacuate Collection Set: 0.24ms
[114.925s][info][gc,phases   ] GC(170)   Merge Heap Roots: 0.05ms
[114.925s][info][gc,phases   ] GC(170)   Evacuate Collection Set: 4.66ms
[114.925s][info][gc,phases   ] GC(170)   Post Evacuate Collection Set: 0.36ms
[114.925s][info][gc,phases   ] GC(170)   Other: 1.07ms
[114.925s][info][gc,heap     ] GC(170) Eden regions: 6->0(150)
[114.925s][info][gc,heap     ] GC(170) Survivor regions: 3->3(20)
[114.925s][info][gc,heap     ] GC(170) Old regions: 57->57
[114.925s][info][gc,heap     ] GC(170) Humongous regions: 3->1
[114.925s][info][gc,metaspace] GC(170) Metaspace: 41268K(41728K)->41268K(41728K) NonClass: 36930K(37184K)->36930K(37184K) Class: 4338K(4544K)->4338K(4544K)
[114.925s][info][gc          ] GC(170) Pause Young (Concurrent Start) (G1 Humongous Allocation) 68M->60M(256M) 6.545ms
[114.925s][info][gc          ] GC(171) Concurrent Mark Cycle
[114.925s][info][gc,marking  ] GC(171) Concurrent Scan Root Regions
[114.927s][info][gc,cpu      ] GC(170) User=0.02s Sys=0.00s Real=0.01s
[114.933s][info][gc,marking  ] GC(171) Concurrent Scan Root Regions 7.871ms
[114.933s][info][gc,marking  ] GC(171) Concurrent Mark
[114.933s][info][gc,marking  ] GC(171) Concurrent Mark From Roots
[114.933s][info][gc,task     ] GC(171) Using 1 workers of 1 for marking
[115.000s][info][gc,marking  ] GC(171) Concurrent Mark From Roots 67.036ms
[115.000s][info][gc,marking  ] GC(171) Concurrent Preclean
[115.001s][info][gc,marking  ] GC(171) Concurrent Preclean 0.035ms
[115.001s][info][gc,start    ] GC(171) Pause Remark
[115.016s][info][gc          ] GC(171) Pause Remark 70M->67M(256M) 15.639ms
[115.016s][info][gc,cpu      ] GC(171) User=0.03s Sys=0.00s Real=0.01s
[115.016s][info][gc,marking  ] GC(171) Concurrent Mark 83.066ms
[115.016s][info][gc,marking  ] GC(171) Concurrent Rebuild Remembered Sets and Scrub Regions
[115.041s][info][gc,marking  ] GC(171) Concurrent Rebuild Remembered Sets and Scrub Regions 24.858ms
[115.041s][info][gc,start    ] GC(171) Pause Cleanup
[115.041s][info][gc          ] GC(171) Pause Cleanup 70M->70M(256M) 0.046ms
[115.041s][info][gc,cpu      ] GC(171) User=0.00s Sys=0.00s Real=0.00s
[115.042s][info][gc,marking  ] GC(171) Concurrent Clear Claimed Marks
[115.042s][info][gc,marking  ] GC(171) Concurrent Clear Claimed Marks 0.038ms
[115.042s][info][gc,marking  ] GC(171) Concurrent Cleanup for Next Mark
[115.042s][info][gc,marking  ] GC(171) Concurrent Cleanup for Next Mark 0.804ms
[115.042s][info][gc          ] GC(171) Concurrent Mark Cycle 116.909ms
[115.735s][info][gc,start    ] GC(172) Pause Young (Prepare Mixed) (G1 Evacuation Pause)
[115.735s][info][gc,task     ] GC(172) Using 2 workers of 2 for evacuation
[115.766s][info][gc,phases   ] GC(172)   Pre Evacuate Collection Set: 0.18ms
[115.766s][info][gc,phases   ] GC(172)   Merge Heap Roots: 0.07ms
[115.766s][info][gc,phases   ] GC(172)   Evacuate Collection Set: 30.50ms
[115.766s][info][gc,phases   ] GC(172)   Post Evacuate Collection Set: 0.68ms
[115.766s][info][gc,phases   ] GC(172)   Other: 0.10ms
[115.766s][info][gc,heap     ] GC(172) Eden regions: 150->0(133)
[115.766s][info][gc,heap     ] GC(172) Survivor regions: 3->20(20)
[115.766s][info][gc,heap     ] GC(172) Old regions: 54->59
[115.766s][info][gc,heap     ] GC(172) Humongous regions: 3->3
[115.766s][info][gc,metaspace] GC(172) Metaspace: 41278K(41728K)->41278K(41728K) NonClass: 36940K(37184K)->36940K(37184K) Class: 4338K(4544K)->4338K(4544K)
[115.766s][info][gc          ] GC(172) Pause Young (Prepare Mixed) (G1 Evacuation Pause) 209M->81M(256M) 31.739ms
[115.766s][info][gc,cpu      ] GC(172) User=0.06s Sys=0.00s Real=0.03s
[116.527s][info][gc,start    ] GC(173) Pause Young (Mixed) (G1 Evacuation Pause)
[116.527s][info][gc,task     ] GC(173) Using 2 workers of 2 for evacuation
[116.557s][info][gc,phases   ] GC(173)   Pre Evacuate Collection Set: 0.19ms
[116.557s][info][gc,phases   ] GC(173)   Merge Heap Roots: 0.35ms
[116.557s][info][gc,phases   ] GC(173)   Evacuate Collection Set: 28.83ms
[116.557s][info][gc,phases   ] GC(173)   Post Evacuate Collection Set: 0.49ms
[116.557s][info][gc,phases   ] GC(173)   Other: 0.15ms
[116.557s][info][gc,heap     ] GC(173) Eden regions: 133->0(142)
[116.557s][info][gc,heap     ] GC(173) Survivor regions: 20->11(20)
[116.557s][info][gc,heap     ] GC(173) Old regions: 59->59
[116.557s][info][gc,heap     ] GC(173) Humongous regions: 3->3
[116.557s][info][gc,metaspace] GC(173) Metaspace: 41281K(41728K)->41281K(41728K) NonClass: 36943K(37184K)->36943K(37184K) Class: 4338K(4544K)->4338K(4544K)
[116.557s][info][gc          ] GC(173) Pause Young (Mixed) (G1 Evacuation Pause) 214M->72M(256M) 30.225ms
[116.557s][info][gc,cpu      ] GC(173) User=0.06s Sys=0.00s Real=0.03s
[116.629s][info][gc,start    ] GC(174) Pause Young (Concurrent Start) (G1 Humongous Allocation)
[116.629s][info][gc,task     ] GC(174) Using 2 workers of 2 for evacuation
[116.646s][info][gc,phases   ] GC(174)   Pre Evacuate Collection Set: 0.15ms
[116.646s][info][gc,phases   ] GC(174)   Merge Heap Roots: 0.11ms
[116.646s][info][gc,phases   ] GC(174)   Evacuate Collection Set: 16.13ms
[116.646s][info][gc,phases   ] GC(174)   Post Evacuate Collection Set: 0.35ms
[116.646s][info][gc,phases   ] GC(174)   Other: 0.11ms
[116.646s][info][gc,heap     ] GC(174) Eden regions: 15->0(139)
[116.646s][info][gc,heap     ] GC(174) Survivor regions: 11->14(20)
[116.646s][info][gc,heap     ] GC(174) Old regions: 59->59
[116.646s][info][gc,heap     ] GC(174) Humongous regions: 3->1
[116.646s][info][gc,metaspace] GC(174) Metaspace: 41281K(41728K)->41281K(41728K) NonClass: 36943K(37184K)->36943K(37184K) Class: 4338K(4544K)->4338K(4544K)
[116.646s][info][gc          ] GC(174) Pause Young (Concurrent Start) (G1 Humongous Allocation) 87M->73M(256M) 17.119ms
[116.646s][info][gc,cpu      ] GC(174) User=0.03s Sys=0.00s Real=0.02s
[116.646s][info][gc          ] GC(175) Concurrent Mark Cycle
[116.648s][info][gc,marking  ] GC(175) Concurrent Scan Root Regions
[116.673s][info][gc,marking  ] GC(175) Concurrent Scan Root Regions 24.994ms
[116.673s][info][gc,marking  ] GC(175) Concurrent Mark
[116.673s][info][gc,marking  ] GC(175) Concurrent Mark From Roots
[116.673s][info][gc,task     ] GC(175) Using 1 workers of 1 for marking
[116.809s][info][gc,marking  ] GC(175) Concurrent Mark From Roots 135.952ms
[116.809s][info][gc,marking  ] GC(175) Concurrent Preclean
[116.809s][info][gc,marking  ] GC(175) Concurrent Preclean 0.033ms
[116.809s][info][gc,start    ] GC(175) Pause Remark
[116.825s][info][gc          ] GC(175) Pause Remark 112M->110M(256M) 15.630ms
[116.825s][info][gc,cpu      ] GC(175) User=0.03s Sys=0.00s Real=0.01s
[116.825s][info][gc,marking  ] GC(175) Concurrent Mark 151.935ms
[116.825s][info][gc,marking  ] GC(175) Concurrent Rebuild Remembered Sets and Scrub Regions
[116.882s][info][gc,marking  ] GC(175) Concurrent Rebuild Remembered Sets and Scrub Regions 57.045ms
[116.883s][info][gc,start    ] GC(175) Pause Cleanup
[116.883s][info][gc          ] GC(175) Pause Cleanup 119M->119M(256M) 0.071ms
[116.883s][info][gc,cpu      ] GC(175) User=0.00s Sys=0.00s Real=0.00s
[116.885s][info][gc,marking  ] GC(175) Concurrent Clear Claimed Marks
[116.885s][info][gc,marking  ] GC(175) Concurrent Clear Claimed Marks 0.062ms
[116.885s][info][gc,marking  ] GC(175) Concurrent Cleanup for Next Mark
[116.890s][info][gc,marking  ] GC(175) Concurrent Cleanup for Next Mark 4.690ms
[116.890s][info][gc          ] GC(175) Concurrent Mark Cycle 243.732ms
[117.426s][info][gc,start    ] GC(176) Pause Young (Prepare Mixed) (G1 Evacuation Pause)
[117.426s][info][gc,task     ] GC(176) Using 2 workers of 2 for evacuation
[117.450s][info][gc,phases   ] GC(176)   Pre Evacuate Collection Set: 0.14ms
[117.450s][info][gc,phases   ] GC(176)   Merge Heap Roots: 0.14ms
[117.450s][info][gc,phases   ] GC(176)   Evacuate Collection Set: 23.19ms
[117.450s][info][gc,phases   ] GC(176)   Post Evacuate Collection Set: 0.45ms
[117.450s][info][gc,phases   ] GC(176)   Other: 0.07ms
[117.450s][info][gc,heap     ] GC(176) Eden regions: 139->0(137)
[117.450s][info][gc,heap     ] GC(176) Survivor regions: 14->12(20)
[117.450s][info][gc,heap     ] GC(176) Old regions: 57->67
[117.450s][info][gc,heap     ] GC(176) Humongous regions: 5->3
[117.450s][info][gc,metaspace] GC(176) Metaspace: 41281K(41728K)->41281K(41728K) NonClass: 36943K(37184K)->36943K(37184K) Class: 4338K(4544K)->4338K(4544K)
[117.450s][info][gc          ] GC(176) Pause Young (Prepare Mixed) (G1 Evacuation Pause) 214M->81M(256M) 24.169ms
[117.450s][info][gc,cpu      ] GC(176) User=0.04s Sys=0.00s Real=0.03s
[118.041s][info][gc,start    ] GC(177) Pause Young (Mixed) (G1 Evacuation Pause)
[118.041s][info][gc,task     ] GC(177) Using 2 workers of 2 for evacuation
[118.057s][info][gc,phases   ] GC(177)   Pre Evacuate Collection Set: 0.16ms
[118.057s][info][gc,phases   ] GC(177)   Merge Heap Roots: 0.09ms
[118.057s][info][gc,phases   ] GC(177)   Evacuate Collection Set: 15.04ms
[118.057s][info][gc,phases   ] GC(177)   Post Evacuate Collection Set: 0.62ms
[118.057s][info][gc,phases   ] GC(177)   Other: 0.07ms
[118.057s][info][gc,heap     ] GC(177) Eden regions: 137->0(147)
[118.057s][info][gc,heap     ] GC(177) Survivor regions: 12->6(19)
[118.057s][info][gc,heap     ] GC(177) Old regions: 67->66
[118.057s][info][gc,heap     ] GC(177) Humongous regions: 13->3
[118.057s][info][gc,metaspace] GC(177) Metaspace: 41285K(41728K)->41285K(41728K) NonClass: 36947K(37184K)->36947K(37184K) Class: 4338K(4544K)->4338K(4544K)
[118.057s][info][gc          ] GC(177) Pause Young (Mixed) (G1 Evacuation Pause) 228M->74M(256M) 16.200ms
[118.057s][info][gc,cpu      ] GC(177) User=0.03s Sys=0.00s Real=0.01s
[118.163s][info][gc,start    ] GC(178) Pause Young (Concurrent Start) (G1 Humongous Allocation)
[118.163s][info][gc,task     ] GC(178) Using 2 workers of 2 for evacuation
[118.166s][info][gc,phases   ] GC(178)   Pre Evacuate Collection Set: 0.16ms
[118.166s][info][gc,phases   ] GC(178)   Merge Heap Roots: 0.04ms
[118.166s][info][gc,phases   ] GC(178)   Evacuate Collection Set: 2.25ms
[118.166s][info][gc,phases   ] GC(178)   Post Evacuate Collection Set: 0.31ms
[118.166s][info][gc,phases   ] GC(178)   Other: 0.09ms
[118.166s][info][gc,heap     ] GC(178) Eden regions: 20->0(150)
[118.166s][info][gc,heap     ] GC(178) Survivor regions: 6->3(20)
[118.166s][info][gc,heap     ] GC(178) Old regions: 66->66
[118.166s][info][gc,heap     ] GC(178) Humongous regions: 3->1
[118.166s][info][gc,metaspace] GC(178) Metaspace: 41286K(41728K)->41286K(41728K) NonClass: 36947K(37184K)->36947K(37184K) Class: 4338K(4544K)->4338K(4544K)
[118.166s][info][gc          ] GC(178) Pause Young (Concurrent Start) (G1 Humongous Allocation) 94M->69M(256M) 3.032ms
[118.166s][info][gc,cpu      ] GC(178) User=0.00s Sys=0.00s Real=0.00s
[118.166s][info][gc          ] GC(179) Concurrent Mark Cycle
[118.167s][info][gc,marking  ] GC(179) Concurrent Scan Root Regions
[118.172s][info][gc,marking  ] GC(179) Concurrent Scan Root Regions 5.805ms
[118.172s][info][gc,marking  ] GC(179) Concurrent Mark
[118.172s][info][gc,marking  ] GC(179) Concurrent Mark From Roots
[118.173s][info][gc,task     ] GC(179) Using 1 workers of 1 for marking
[118.241s][info][gc,marking  ] GC(179) Concurrent Mark From Roots 68.064ms
[118.241s][info][gc,marking  ] GC(179) Concurrent Preclean
[118.241s][info][gc,marking  ] GC(179) Concurrent Preclean 0.032ms
[118.241s][info][gc,start    ] GC(179) Pause Remark
[118.256s][info][gc          ] GC(179) Pause Remark 87M->81M(256M) 15.091ms
[118.256s][info][gc,cpu      ] GC(179) User=0.03s Sys=0.00s Real=0.01s
[118.256s][info][gc,marking  ] GC(179) Concurrent Mark 83.525ms
[118.256s][info][gc,marking  ] GC(179) Concurrent Rebuild Remembered Sets and Scrub Regions
[118.280s][info][gc,marking  ] GC(179) Concurrent Rebuild Remembered Sets and Scrub Regions 24.117ms
[118.280s][info][gc,start    ] GC(179) Pause Cleanup
[118.280s][info][gc          ] GC(179) Pause Cleanup 91M->91M(256M) 0.053ms
[118.280s][info][gc,cpu      ] GC(179) User=0.00s Sys=0.00s Real=0.00s
[118.280s][info][gc,marking  ] GC(179) Concurrent Clear Claimed Marks
[118.280s][info][gc,marking  ] GC(179) Concurrent Clear Claimed Marks 0.037ms
[118.280s][info][gc,marking  ] GC(179) Concurrent Cleanup for Next Mark
[118.283s][info][gc,marking  ] GC(179) Concurrent Cleanup for Next Mark 2.373ms
[118.283s][info][gc          ] GC(179) Concurrent Mark Cycle 116.453ms
[118.919s][info][gc,start    ] GC(180) Pause Young (Prepare Mixed) (G1 Evacuation Pause)
[118.919s][info][gc,task     ] GC(180) Using 2 workers of 2 for evacuation
[118.931s][info][gc,phases   ] GC(180)   Pre Evacuate Collection Set: 0.17ms
[118.931s][info][gc,phases   ] GC(180)   Merge Heap Roots: 0.06ms
[118.931s][info][gc,phases   ] GC(180)   Evacuate Collection Set: 10.95ms
[118.931s][info][gc,phases   ] GC(180)   Post Evacuate Collection Set: 0.41ms
[118.931s][info][gc,phases   ] GC(180)   Other: 0.09ms
[118.931s][info][gc,heap     ] GC(180) Eden regions: 150->0(143)
[118.931s][info][gc,heap     ] GC(180) Survivor regions: 3->10(20)
[118.931s][info][gc,heap     ] GC(180) Old regions: 60->60
[118.931s][info][gc,heap     ] GC(180) Humongous regions: 5->3
[118.931s][info][gc,metaspace] GC(180) Metaspace: 41288K(41728K)->41288K(41728K) NonClass: 36950K(37184K)->36950K(37184K) Class: 4338K(4544K)->4338K(4544K)
[118.931s][info][gc          ] GC(180) Pause Young (Prepare Mixed) (G1 Evacuation Pause) 217M->73M(256M) 11.860ms
[118.931s][info][gc,cpu      ] GC(180) User=0.02s Sys=0.00s Real=0.01s
[119.551s][info][gc,start    ] GC(181) Pause Young (Mixed) (G1 Evacuation Pause)
[119.551s][info][gc,task     ] GC(181) Using 2 workers of 2 for evacuation
[119.562s][info][gc,phases   ] GC(181)   Pre Evacuate Collection Set: 0.22ms
[119.562s][info][gc,phases   ] GC(181)   Merge Heap Roots: 0.20ms
[119.562s][info][gc,phases   ] GC(181)   Evacuate Collection Set: 9.95ms
[119.562s][info][gc,phases   ] GC(181)   Post Evacuate Collection Set: 0.46ms
[119.562s][info][gc,phases   ] GC(181)   Other: 0.08ms
[119.562s][info][gc,heap     ] GC(181) Eden regions: 143->0(146)
[119.562s][info][gc,heap     ] GC(181) Survivor regions: 10->7(20)
[119.562s][info][gc,heap     ] GC(181) Old regions: 60->46
[119.562s][info][gc,heap     ] GC(181) Humongous regions: 11->3
[119.562s][info][gc,metaspace] GC(181) Metaspace: 41293K(41792K)->41293K(41792K) NonClass: 36955K(37248K)->36955K(37248K) Class: 4338K(4544K)->4338K(4544K)
[119.562s][info][gc          ] GC(181) Pause Young (Mixed) (G1 Evacuation Pause) 224M->55M(256M) 11.100ms
[119.562s][info][gc,cpu      ] GC(181) User=0.02s Sys=0.00s Real=0.01s
[119.940s][info][gc,start    ] GC(182) Pause Young (Concurrent Start) (G1 Humongous Allocation)
[119.940s][info][gc,task     ] GC(182) Using 2 workers of 2 for evacuation
[119.945s][info][gc,phases   ] GC(182)   Pre Evacuate Collection Set: 0.17ms
[119.945s][info][gc,phases   ] GC(182)   Merge Heap Roots: 0.05ms
[119.945s][info][gc,phases   ] GC(182)   Evacuate Collection Set: 3.83ms
[119.945s][info][gc,phases   ] GC(182)   Post Evacuate Collection Set: 0.36ms
[119.945s][info][gc,phases   ] GC(182)   Other: 0.11ms
[119.945s][info][gc,heap     ] GC(182) Eden regions: 88->0(149)
[119.945s][info][gc,heap     ] GC(182) Survivor regions: 7->4(20)
[119.945s][info][gc,heap     ] GC(182) Old regions: 46->46
[119.945s][info][gc,heap     ] GC(182) Humongous regions: 3->1
[119.945s][info][gc,metaspace] GC(182) Metaspace: 41298K(41792K)->41298K(41792K) NonClass: 36960K(37248K)->36960K(37248K) Class: 4338K(4544K)->4338K(4544K)
[119.945s][info][gc          ] GC(182) Pause Young (Concurrent Start) (G1 Humongous Allocation) 142M->50M(256M) 4.688ms
[119.945s][info][gc,cpu      ] GC(182) User=0.01s Sys=0.00s Real=0.00s
[119.945s][info][gc          ] GC(183) Concurrent Mark Cycle
[119.945s][info][gc,marking  ] GC(183) Concurrent Scan Root Regions
[119.958s][info][gc,marking  ] GC(183) Concurrent Scan Root Regions 13.128ms
[119.958s][info][gc,marking  ] GC(183) Concurrent Mark
[119.958s][info][gc,marking  ] GC(183) Concurrent Mark From Roots
[119.958s][info][gc,task     ] GC(183) Using 1 workers of 1 for marking
[120.078s][info][gc,marking  ] GC(183) Concurrent Mark From Roots 119.948ms
[120.078s][info][gc,marking  ] GC(183) Concurrent Preclean
[120.078s][info][gc,marking  ] GC(183) Concurrent Preclean 0.038ms
[120.078s][info][gc,start    ] GC(183) Pause Remark
[120.093s][info][gc          ] GC(183) Pause Remark 81M->81M(256M) 15.168ms
[120.094s][info][gc,cpu      ] GC(183) User=0.03s Sys=0.00s Real=0.02s
[120.094s][info][gc,marking  ] GC(183) Concurrent Mark 136.283ms
[120.094s][info][gc,marking  ] GC(183) Concurrent Rebuild Remembered Sets and Scrub Regions
[120.139s][info][gc,marking  ] GC(183) Concurrent Rebuild Remembered Sets and Scrub Regions 44.239ms
[120.139s][info][gc,start    ] GC(183) Pause Cleanup
[120.139s][info][gc          ] GC(183) Pause Cleanup 88M->88M(256M) 0.042ms
[120.139s][info][gc,cpu      ] GC(183) User=0.00s Sys=0.00s Real=0.00s
[120.139s][info][gc,marking  ] GC(183) Concurrent Clear Claimed Marks
[120.139s][info][gc,marking  ] GC(183) Concurrent Clear Claimed Marks 0.037ms
[120.139s][info][gc,marking  ] GC(183) Concurrent Cleanup for Next Mark
[120.141s][info][gc,marking  ] GC(183) Concurrent Cleanup for Next Mark 1.954ms
[120.141s][info][gc          ] GC(183) Concurrent Mark Cycle 195.911ms
[120.726s][info][gc,start    ] GC(184) Pause Young (Prepare Mixed) (G1 Evacuation Pause)
[120.726s][info][gc,task     ] GC(184) Using 2 workers of 2 for evacuation
[120.739s][info][gc,phases   ] GC(184)   Pre Evacuate Collection Set: 0.18ms
[120.739s][info][gc,phases   ] GC(184)   Merge Heap Roots: 0.12ms
[120.739s][info][gc,phases   ] GC(184)   Evacuate Collection Set: 11.81ms
[120.739s][info][gc,phases   ] GC(184)   Post Evacuate Collection Set: 0.44ms
[120.739s][info][gc,phases   ] GC(184)   Other: 0.09ms
[120.739s][info][gc,heap     ] GC(184) Eden regions: 149->0(146)
[120.739s][info][gc,heap     ] GC(184) Survivor regions: 4->7(20)
[120.739s][info][gc,heap     ] GC(184) Old regions: 46->46
[120.739s][info][gc,heap     ] GC(184) Humongous regions: 9->3
[120.739s][info][gc,metaspace] GC(184) Metaspace: 41312K(41856K)->41312K(41856K) NonClass: 36974K(37312K)->36974K(37312K) Class: 4338K(4544K)->4338K(4544K)
[120.739s][info][gc          ] GC(184) Pause Young (Prepare Mixed) (G1 Evacuation Pause) 207M->55M(256M) 12.833ms
[120.739s][info][gc,cpu      ] GC(184) User=0.01s Sys=0.00s Real=0.01s
[121.192s][info][gc,start    ] GC(185) Pause Young (Mixed) (G1 Evacuation Pause)
[121.192s][info][gc,task     ] GC(185) Using 2 workers of 2 for evacuation
[121.236s][info][gc,phases   ] GC(185)   Pre Evacuate Collection Set: 0.16ms
[121.236s][info][gc,phases   ] GC(185)   Merge Heap Roots: 0.16ms
[121.236s][info][gc,phases   ] GC(185)   Evacuate Collection Set: 43.49ms
[121.236s][info][gc,phases   ] GC(185)   Post Evacuate Collection Set: 0.69ms
[121.236s][info][gc,phases   ] GC(185)   Other: 0.07ms
[121.236s][info][gc,heap     ] GC(185) Eden regions: 146->0(127)
[121.236s][info][gc,heap     ] GC(185) Survivor regions: 7->20(20)
[121.236s][info][gc,heap     ] GC(185) Old regions: 46->64
[121.236s][info][gc,heap     ] GC(185) Humongous regions: 3->3
[121.236s][info][gc,metaspace] GC(185) Metaspace: 41314K(41856K)->41314K(41856K) NonClass: 36976K(37312K)->36976K(37312K) Class: 4338K(4544K)->4338K(4544K)
[121.236s][info][gc          ] GC(185) Pause Young (Mixed) (G1 Evacuation Pause) 201M->86M(256M) 44.783ms
[121.237s][info][gc,cpu      ] GC(185) User=0.09s Sys=0.00s Real=0.04s
[121.880s][info][gc,start    ] GC(186) Pause Young (Concurrent Start) (G1 Evacuation Pause)
[121.880s][info][gc,task     ] GC(186) Using 2 workers of 2 for evacuation
[121.941s][info][gc,phases   ] GC(186)   Pre Evacuate Collection Set: 0.21ms
[121.941s][info][gc,phases   ] GC(186)   Merge Heap Roots: 0.25ms
[121.941s][info][gc,phases   ] GC(186)   Evacuate Collection Set: 60.28ms
[121.941s][info][gc,phases   ] GC(186)   Post Evacuate Collection Set: 0.48ms
[121.941s][info][gc,phases   ] GC(186)   Other: 0.10ms
[121.941s][info][gc,heap     ] GC(186) Eden regions: 127->0(103)
[121.941s][info][gc,heap     ] GC(186) Survivor regions: 20->19(19)
[121.941s][info][gc,heap     ] GC(186) Old regions: 64->90
[121.941s][info][gc,heap     ] GC(186) Humongous regions: 3->3
[121.941s][info][gc,metaspace] GC(186) Metaspace: 41314K(41856K)->41314K(41856K) NonClass: 36976K(37312K)->36976K(37312K) Class: 4338K(4544K)->4338K(4544K)
[121.941s][info][gc          ] GC(186) Pause Young (Concurrent Start) (G1 Evacuation Pause) 213M->112M(259M) 61.509ms
[121.941s][info][gc,cpu      ] GC(186) User=0.12s Sys=0.00s Real=0.06s
[121.941s][info][gc          ] GC(187) Concurrent Mark Cycle
[121.942s][info][gc,marking  ] GC(187) Concurrent Scan Root Regions
[122.020s][info][gc,marking  ] GC(187) Concurrent Scan Root Regions 77.453ms
[122.020s][info][gc,marking  ] GC(187) Concurrent Mark
[122.020s][info][gc,marking  ] GC(187) Concurrent Mark From Roots
[122.020s][info][gc,task     ] GC(187) Using 1 workers of 1 for marking
[122.195s][info][gc,marking  ] GC(187) Concurrent Mark From Roots 175.229ms
[122.195s][info][gc,marking  ] GC(187) Concurrent Preclean
[122.195s][info][gc,marking  ] GC(187) Concurrent Preclean 0.051ms
[122.196s][info][gc,start    ] GC(187) Pause Remark
[122.212s][info][gc          ] GC(187) Pause Remark 149M->149M(259M) 15.670ms
[122.212s][info][gc,cpu      ] GC(187) User=0.03s Sys=0.00s Real=0.02s
[122.214s][info][gc,marking  ] GC(187) Concurrent Mark 194.441ms
[122.214s][info][gc,marking  ] GC(187) Concurrent Rebuild Remembered Sets and Scrub Regions
[122.363s][info][gc,marking  ] GC(187) Concurrent Rebuild Remembered Sets and Scrub Regions 148.385ms
[122.363s][info][gc,start    ] GC(187) Pause Cleanup
[122.363s][info][gc          ] GC(187) Pause Cleanup 159M->159M(259M) 0.050ms
[122.363s][info][gc,cpu      ] GC(187) User=0.00s Sys=0.00s Real=0.00s
[122.363s][info][gc,marking  ] GC(187) Concurrent Clear Claimed Marks
[122.363s][info][gc,marking  ] GC(187) Concurrent Clear Claimed Marks 0.038ms
[122.363s][info][gc,marking  ] GC(187) Concurrent Cleanup for Next Mark
[122.364s][info][gc,marking  ] GC(187) Concurrent Cleanup for Next Mark 1.311ms
[122.364s][info][gc          ] GC(187) Concurrent Mark Cycle 422.898ms
[122.688s][info][gc,start    ] GC(188) Pause Young (Prepare Mixed) (G1 Evacuation Pause)
[122.688s][info][gc,task     ] GC(188) Using 2 workers of 2 for evacuation
[122.749s][info][gc,phases   ] GC(188)   Pre Evacuate Collection Set: 0.16ms
[122.749s][info][gc,phases   ] GC(188)   Merge Heap Roots: 0.40ms
[122.749s][info][gc,phases   ] GC(188)   Evacuate Collection Set: 59.99ms
[122.749s][info][gc,phases   ] GC(188)   Post Evacuate Collection Set: 0.44ms
[122.749s][info][gc,phases   ] GC(188)   Other: 0.11ms
[122.749s][info][gc,heap     ] GC(188) Eden regions: 103->0(80)
[122.749s][info][gc,heap     ] GC(188) Survivor regions: 19->16(16)
[122.749s][info][gc,heap     ] GC(188) Old regions: 90->121
[122.749s][info][gc,heap     ] GC(188) Humongous regions: 3->3
[122.749s][info][gc,metaspace] GC(188) Metaspace: 41314K(41856K)->41314K(41856K) NonClass: 36976K(37312K)->36976K(37312K) Class: 4338K(4544K)->4338K(4544K)
[122.749s][info][gc          ] GC(188) Pause Young (Prepare Mixed) (G1 Evacuation Pause) 215M->140M(262M) 61.298ms
[122.749s][info][gc,cpu      ] GC(188) User=0.12s Sys=0.00s Real=0.07s
[123.164s][info][gc,start    ] GC(189) Pause Young (Mixed) (G1 Evacuation Pause)
[123.164s][info][gc,task     ] GC(189) Using 2 workers of 2 for evacuation
[123.214s][info][gc,phases   ] GC(189)   Pre Evacuate Collection Set: 0.16ms
[123.215s][info][gc,phases   ] GC(189)   Merge Heap Roots: 0.30ms
[123.215s][info][gc,phases   ] GC(189)   Evacuate Collection Set: 49.93ms
[123.215s][info][gc,phases   ] GC(189)   Post Evacuate Collection Set: 0.44ms
[123.215s][info][gc,phases   ] GC(189)   Other: 0.09ms
[123.215s][info][gc,heap     ] GC(189) Eden regions: 80->0(64)
[123.215s][info][gc,heap     ] GC(189) Survivor regions: 16->12(12)
[123.215s][info][gc,heap     ] GC(189) Old regions: 121->144
[123.215s][info][gc,heap     ] GC(189) Humongous regions: 5->3
[123.215s][info][gc,metaspace] GC(189) Metaspace: 41332K(41856K)->41332K(41856K) NonClass: 36994K(37312K)->36994K(37312K) Class: 4338K(4544K)->4338K(4544K)
[123.215s][info][gc          ] GC(189) Pause Young (Mixed) (G1 Evacuation Pause) 222M->159M(262M) 51.110ms
[123.215s][info][gc,cpu      ] GC(189) User=0.10s Sys=0.00s Real=0.05s
[123.474s][info][gc,start    ] GC(190) Pause Young (Concurrent Start) (G1 Evacuation Pause)
[123.474s][info][gc,task     ] GC(190) Using 2 workers of 2 for evacuation
[123.497s][info][gc,phases   ] GC(190)   Pre Evacuate Collection Set: 0.16ms
[123.497s][info][gc,phases   ] GC(190)   Merge Heap Roots: 0.13ms
[123.497s][info][gc,phases   ] GC(190)   Evacuate Collection Set: 21.97ms
[123.497s][info][gc,phases   ] GC(190)   Post Evacuate Collection Set: 0.31ms
[123.497s][info][gc,phases   ] GC(190)   Other: 0.10ms
[123.497s][info][gc,heap     ] GC(190) Eden regions: 64->0(61)
[123.497s][info][gc,heap     ] GC(190) Survivor regions: 12->9(10)
[123.497s][info][gc,heap     ] GC(190) Old regions: 144->155
[123.497s][info][gc,heap     ] GC(190) Humongous regions: 3->3
[123.497s][info][gc,metaspace] GC(190) Metaspace: 41332K(41856K)->41332K(41856K) NonClass: 36994K(37312K)->36994K(37312K) Class: 4338K(4544K)->4338K(4544K)
[123.497s][info][gc          ] GC(190) Pause Young (Concurrent Start) (G1 Evacuation Pause) 223M->166M(262M) 22.857ms
[123.497s][info][gc,cpu      ] GC(190) User=0.04s Sys=0.01s Real=0.02s
[123.497s][info][gc          ] GC(191) Concurrent Mark Cycle
[123.497s][info][gc,marking  ] GC(191) Concurrent Scan Root Regions
[123.521s][info][gc,marking  ] GC(191) Concurrent Scan Root Regions 24.063ms
[123.521s][info][gc,marking  ] GC(191) Concurrent Mark
[123.521s][info][gc,marking  ] GC(191) Concurrent Mark From Roots
[123.521s][info][gc,task     ] GC(191) Using 1 workers of 1 for marking
[123.652s][info][gc,marking  ] GC(191) Concurrent Mark From Roots 130.667ms
[123.652s][info][gc,marking  ] GC(191) Concurrent Preclean
[123.652s][info][gc,marking  ] GC(191) Concurrent Preclean 0.046ms
[123.653s][info][gc,start    ] GC(191) Pause Remark
[123.673s][info][gc          ] GC(191) Pause Remark 182M->182M(279M) 19.188ms
[123.673s][info][gc,cpu      ] GC(191) User=0.03s Sys=0.00s Real=0.02s
[123.673s][info][gc,marking  ] GC(191) Concurrent Mark 151.570ms
[123.673s][info][gc,marking  ] GC(191) Concurrent Rebuild Remembered Sets and Scrub Regions
[123.766s][info][gc,marking  ] GC(191) Concurrent Rebuild Remembered Sets and Scrub Regions 92.925ms
[123.766s][info][gc,start    ] GC(191) Pause Cleanup
[123.766s][info][gc          ] GC(191) Pause Cleanup 202M->202M(279M) 0.085ms
[123.766s][info][gc,cpu      ] GC(191) User=0.00s Sys=0.00s Real=0.00s
[123.766s][info][gc,marking  ] GC(191) Concurrent Clear Claimed Marks
[123.766s][info][gc,marking  ] GC(191) Concurrent Clear Claimed Marks 0.041ms
[123.766s][info][gc,marking  ] GC(191) Concurrent Cleanup for Next Mark
[123.769s][info][gc,marking  ] GC(191) Concurrent Cleanup for Next Mark 2.514ms
[123.769s][info][gc          ] GC(191) Concurrent Mark Cycle 271.650ms
[123.853s][info][gc,start    ] GC(192) Pause Young (Prepare Mixed) (G1 Evacuation Pause)
[123.853s][info][gc,task     ] GC(192) Using 2 workers of 2 for evacuation
[123.871s][info][gc,phases   ] GC(192)   Pre Evacuate Collection Set: 0.24ms
[123.871s][info][gc,phases   ] GC(192)   Merge Heap Roots: 0.10ms
[123.871s][info][gc,phases   ] GC(192)   Evacuate Collection Set: 17.48ms
[123.871s][info][gc,phases   ] GC(192)   Post Evacuate Collection Set: 0.37ms
[123.871s][info][gc,phases   ] GC(192)   Other: 0.09ms
[123.871s][info][gc,heap     ] GC(192) Eden regions: 61->0(67)
[123.871s][info][gc,heap     ] GC(192) Survivor regions: 9->9(9)
[123.871s][info][gc,heap     ] GC(192) Old regions: 155->164
[123.871s][info][gc,heap     ] GC(192) Humongous regions: 7->3
[123.871s][info][gc,metaspace] GC(192) Metaspace: 41332K(41856K)->41332K(41856K) NonClass: 36994K(37312K)->36994K(37312K) Class: 4338K(4544K)->4338K(4544K)
[123.871s][info][gc          ] GC(192) Pause Young (Prepare Mixed) (G1 Evacuation Pause) 231M->175M(279M) 18.481ms
[123.871s][info][gc,cpu      ] GC(192) User=0.03s Sys=0.00s Real=0.02s
[124.193s][info][gc,start    ] GC(193) Pause Young (Mixed) (G1 Evacuation Pause)
[124.193s][info][gc,task     ] GC(193) Using 2 workers of 2 for evacuation
[124.207s][info][gc,phases   ] GC(193)   Pre Evacuate Collection Set: 0.18ms
[124.207s][info][gc,phases   ] GC(193)   Merge Heap Roots: 0.18ms
[124.207s][info][gc,phases   ] GC(193)   Evacuate Collection Set: 11.98ms
[124.207s][info][gc,phases   ] GC(193)   Post Evacuate Collection Set: 1.75ms
[124.207s][info][gc,phases   ] GC(193)   Other: 0.08ms
[124.208s][info][gc,heap     ] GC(193) Eden regions: 67->0(181)
[124.208s][info][gc,heap     ] GC(193) Survivor regions: 9->2(10)
[124.208s][info][gc,heap     ] GC(193) Old regions: 164->142
[124.208s][info][gc,heap     ] GC(193) Humongous regions: 7->3
[124.208s][info][gc,metaspace] GC(193) Metaspace: 41333K(41856K)->41333K(41856K) NonClass: 36995K(37312K)->36995K(37312K) Class: 4338K(4544K)->4338K(4544K)
[124.208s][info][gc          ] GC(193) Pause Young (Mixed) (G1 Evacuation Pause) 246M->146M(419M) 14.420ms
[124.208s][info][gc,cpu      ] GC(193) User=0.03s Sys=0.00s Real=0.01s
[125.023s][info][gc,start    ] GC(194) Pause Young (Mixed) (G1 Evacuation Pause)
[125.023s][info][gc,task     ] GC(194) Using 2 workers of 2 for evacuation
[125.080s][info][gc,phases   ] GC(194)   Pre Evacuate Collection Set: 0.24ms
[125.080s][info][gc,phases   ] GC(194)   Merge Heap Roots: 0.45ms
[125.080s][info][gc,phases   ] GC(194)   Evacuate Collection Set: 55.09ms
[125.080s][info][gc,phases   ] GC(194)   Post Evacuate Collection Set: 0.68ms
[125.080s][info][gc,phases   ] GC(194)   Other: 0.08ms
[125.080s][info][gc,heap     ] GC(194) Eden regions: 181->0(168)
[125.080s][info][gc,heap     ] GC(194) Survivor regions: 2->23(23)
[125.080s][info][gc,heap     ] GC(194) Old regions: 142->127
[125.080s][info][gc,heap     ] GC(194) Humongous regions: 8->4
[125.080s][info][gc,metaspace] GC(194) Metaspace: 41350K(41856K)->41350K(41856K) NonClass: 37012K(37312K)->37012K(37312K) Class: 4338K(4544K)->4338K(4544K)
[125.080s][info][gc          ] GC(194) Pause Young (Mixed) (G1 Evacuation Pause) 332M->154M(419M) 56.800ms
[125.080s][info][gc,cpu      ] GC(194) User=0.11s Sys=0.00s Real=0.06s
[125.782s][info][gc,start    ] GC(195) Pause Young (Mixed) (G1 Evacuation Pause)
[125.782s][info][gc,task     ] GC(195) Using 2 workers of 2 for evacuation
[125.830s][info][gc,phases   ] GC(195)   Pre Evacuate Collection Set: 0.23ms
[125.830s][info][gc,phases   ] GC(195)   Merge Heap Roots: 0.95ms
[125.830s][info][gc,phases   ] GC(195)   Evacuate Collection Set: 46.38ms
[125.830s][info][gc,phases   ] GC(195)   Post Evacuate Collection Set: 0.55ms
[125.830s][info][gc,phases   ] GC(195)   Other: 0.08ms
[125.830s][info][gc,heap     ] GC(195) Eden regions: 168->0(181)
[125.830s][info][gc,heap     ] GC(195) Survivor regions: 23->5(24)
[125.830s][info][gc,heap     ] GC(195) Old regions: 127->143
[125.830s][info][gc,heap     ] GC(195) Humongous regions: 5->4
[125.830s][info][gc,metaspace] GC(195) Metaspace: 41358K(41856K)->41358K(41856K) NonClass: 37020K(37312K)->37020K(37312K) Class: 4338K(4544K)->4338K(4544K)
[125.831s][info][gc          ] GC(195) Pause Young (Mixed) (G1 Evacuation Pause) 323M->151M(419M) 48.443ms
[125.831s][info][gc,cpu      ] GC(195) User=0.09s Sys=0.00s Real=0.05s
[126.517s][info][gc,start    ] GC(196) Pause Young (Normal) (G1 Evacuation Pause)
[126.517s][info][gc,task     ] GC(196) Using 2 workers of 2 for evacuation
[126.541s][info][gc,phases   ] GC(196)   Pre Evacuate Collection Set: 0.20ms
[126.541s][info][gc,phases   ] GC(196)   Merge Heap Roots: 0.11ms
[126.541s][info][gc,phases   ] GC(196)   Evacuate Collection Set: 22.58ms
[126.541s][info][gc,phases   ] GC(196)   Post Evacuate Collection Set: 0.50ms
[126.541s][info][gc,phases   ] GC(196)   Other: 0.07ms
[126.541s][info][gc,heap     ] GC(196) Eden regions: 181->0(154)
[126.541s][info][gc,heap     ] GC(196) Survivor regions: 5->24(24)
[126.541s][info][gc,heap     ] GC(196) Old regions: 143->153
[126.541s][info][gc,heap     ] GC(196) Humongous regions: 6->4
[126.541s][info][gc,metaspace] GC(196) Metaspace: 41360K(41856K)->41360K(41856K) NonClass: 37022K(37312K)->37022K(37312K) Class: 4338K(4544K)->4338K(4544K)
[126.541s][info][gc          ] GC(196) Pause Young (Normal) (G1 Evacuation Pause) 334M->181M(419M) 23.669ms
[126.541s][info][gc,cpu      ] GC(196) User=0.05s Sys=0.00s Real=0.03s
[127.188s][info][gc,start    ] GC(197) Pause Young (Normal) (G1 Evacuation Pause)
[127.188s][info][gc,task     ] GC(197) Using 2 workers of 2 for evacuation
[127.243s][info][gc,phases   ] GC(197)   Pre Evacuate Collection Set: 0.24ms
[127.243s][info][gc,phases   ] GC(197)   Merge Heap Roots: 0.17ms
[127.243s][info][gc,phases   ] GC(197)   Evacuate Collection Set: 53.56ms
[127.243s][info][gc,phases   ] GC(197)   Post Evacuate Collection Set: 0.59ms
[127.243s][info][gc,phases   ] GC(197)   Other: 0.10ms
[127.243s][info][gc,heap     ] GC(197) Eden regions: 154->0(108)
[127.243s][info][gc,heap     ] GC(197) Survivor regions: 24->23(23)
[127.243s][info][gc,heap     ] GC(197) Old regions: 153->192
[127.243s][info][gc,heap     ] GC(197) Humongous regions: 4->4
[127.243s][info][gc,metaspace] GC(197) Metaspace: 41361K(41856K)->41361K(41856K) NonClass: 37023K(37312K)->37023K(37312K) Class: 4338K(4544K)->4338K(4544K)
[127.243s][info][gc          ] GC(197) Pause Young (Normal) (G1 Evacuation Pause) 335M->218M(419M) 54.859ms
[127.243s][info][gc,cpu      ] GC(197) User=0.11s Sys=0.00s Real=0.06s
[127.410s][info][gc,start    ] GC(198) Pause Young (Concurrent Start) (G1 Humongous Allocation)
[127.410s][info][gc,task     ] GC(198) Using 2 workers of 2 for evacuation
[127.454s][info][gc,phases   ] GC(198)   Pre Evacuate Collection Set: 0.21ms
[127.454s][info][gc,phases   ] GC(198)   Merge Heap Roots: 0.35ms
[127.454s][info][gc,phases   ] GC(198)   Evacuate Collection Set: 43.04ms
[127.454s][info][gc,phases   ] GC(198)   Post Evacuate Collection Set: 0.38ms
[127.454s][info][gc,phases   ] GC(198)   Other: 0.12ms
[127.454s][info][gc,heap     ] GC(198) Eden regions: 48->0(73)
[127.454s][info][gc,heap     ] GC(198) Survivor regions: 23->17(17)
[127.454s][info][gc,heap     ] GC(198) Old regions: 192->228
[127.454s][info][gc,heap     ] GC(198) Humongous regions: 4->4
[127.454s][info][gc,metaspace] GC(198) Metaspace: 41361K(41856K)->41361K(41856K) NonClass: 37023K(37312K)->37023K(37312K) Class: 4338K(4544K)->4338K(4544K)
[127.455s][info][gc          ] GC(198) Pause Young (Concurrent Start) (G1 Humongous Allocation) 266M->249M(419M) 44.302ms
[127.455s][info][gc          ] GC(199) Concurrent Mark Cycle
[127.455s][info][gc,marking  ] GC(199) Concurrent Scan Root Regions
[127.455s][info][gc,cpu      ] GC(198) User=0.09s Sys=0.00s Real=0.04s
[127.478s][info][gc,marking  ] GC(199) Concurrent Scan Root Regions 23.569ms
[127.478s][info][gc,marking  ] GC(199) Concurrent Mark
[127.478s][info][gc,marking  ] GC(199) Concurrent Mark From Roots
[127.478s][info][gc,task     ] GC(199) Using 1 workers of 1 for marking
[127.577s][info][gc,marking  ] GC(199) Concurrent Mark From Roots 98.734ms
[127.577s][info][gc,marking  ] GC(199) Concurrent Preclean
[127.577s][info][gc,marking  ] GC(199) Concurrent Preclean 0.042ms
[127.577s][info][gc,start    ] GC(199) Pause Remark
[127.592s][info][gc          ] GC(199) Pause Remark 271M->238M(419M) 15.175ms
[127.592s][info][gc,cpu      ] GC(199) User=0.03s Sys=0.00s Real=0.02s
[127.594s][info][gc,marking  ] GC(199) Concurrent Mark 115.871ms
[127.594s][info][gc,marking  ] GC(199) Concurrent Rebuild Remembered Sets and Scrub Regions
[127.657s][info][gc,marking  ] GC(199) Concurrent Rebuild Remembered Sets and Scrub Regions 63.055ms
[127.657s][info][gc,start    ] GC(199) Pause Cleanup
[127.657s][info][gc          ] GC(199) Pause Cleanup 253M->253M(419M) 0.089ms
[127.657s][info][gc,cpu      ] GC(199) User=0.00s Sys=0.00s Real=0.00s
[127.657s][info][gc,marking  ] GC(199) Concurrent Clear Claimed Marks
[127.657s][info][gc,marking  ] GC(199) Concurrent Clear Claimed Marks 0.039ms
[127.657s][info][gc,marking  ] GC(199) Concurrent Cleanup for Next Mark
[127.660s][info][gc,marking  ] GC(199) Concurrent Cleanup for Next Mark 2.808ms
[127.660s][info][gc          ] GC(199) Concurrent Mark Cycle 205.756ms
[127.802s][info][gc,start    ] GC(200) Pause Young (Prepare Mixed) (G1 Evacuation Pause)
[127.802s][info][gc,task     ] GC(200) Using 2 workers of 2 for evacuation
[127.844s][info][gc,phases   ] GC(200)   Pre Evacuate Collection Set: 0.19ms
[127.844s][info][gc,phases   ] GC(200)   Merge Heap Roots: 0.24ms
[127.844s][info][gc,phases   ] GC(200)   Evacuate Collection Set: 41.30ms
[127.844s][info][gc,phases   ] GC(200)   Post Evacuate Collection Set: 0.40ms
[127.844s][info][gc,phases   ] GC(200)   Other: 0.09ms
[127.844s][info][gc,heap     ] GC(200) Eden regions: 73->0(70)
[127.844s][info][gc,heap     ] GC(200) Survivor regions: 17->12(12)
[127.845s][info][gc,heap     ] GC(200) Old regions: 196->239
[127.845s][info][gc,heap     ] GC(200) Humongous regions: 4->4
[127.845s][info][gc,metaspace] GC(200) Metaspace: 41362K(41856K)->41362K(41856K) NonClass: 37023K(37312K)->37023K(37312K) Class: 4338K(4544K)->4338K(4544K)
[127.845s][info][gc          ] GC(200) Pause Young (Prepare Mixed) (G1 Evacuation Pause) 290M->255M(419M) 42.428ms
[127.845s][info][gc,cpu      ] GC(200) User=0.09s Sys=0.00s Real=0.04s
[128.116s][info][gc,start    ] GC(201) Pause Young (Mixed) (G1 Evacuation Pause)
[128.116s][info][gc,task     ] GC(201) Using 2 workers of 2 for evacuation
[128.156s][info][gc,phases   ] GC(201)   Pre Evacuate Collection Set: 0.34ms
[128.156s][info][gc,phases   ] GC(201)   Merge Heap Roots: 0.26ms
[128.156s][info][gc,phases   ] GC(201)   Evacuate Collection Set: 39.04ms
[128.156s][info][gc,phases   ] GC(201)   Post Evacuate Collection Set: 0.53ms
[128.156s][info][gc,phases   ] GC(201)   Other: 0.12ms
[128.156s][info][gc,heap     ] GC(201) Eden regions: 70->0(76)
[128.156s][info][gc,heap     ] GC(201) Survivor regions: 12->11(11)
[128.156s][info][gc,heap     ] GC(201) Old regions: 239->229
[128.156s][info][gc,heap     ] GC(201) Humongous regions: 4->4
[128.156s][info][gc,metaspace] GC(201) Metaspace: 41362K(41856K)->41362K(41856K) NonClass: 37023K(37312K)->37023K(37312K) Class: 4338K(4544K)->4338K(4544K)
[128.156s][info][gc          ] GC(201) Pause Young (Mixed) (G1 Evacuation Pause) 325M->244M(419M) 40.590ms
[128.156s][info][gc,cpu      ] GC(201) User=0.08s Sys=0.00s Real=0.04s
[128.438s][info][gc,start    ] GC(202) Pause Young (Mixed) (G1 Evacuation Pause)
[128.438s][info][gc,task     ] GC(202) Using 2 workers of 2 for evacuation
[128.491s][info][gc,phases   ] GC(202)   Pre Evacuate Collection Set: 0.24ms
[128.491s][info][gc,phases   ] GC(202)   Merge Heap Roots: 0.41ms
[128.491s][info][gc,phases   ] GC(202)   Evacuate Collection Set: 51.70ms
[128.491s][info][gc,phases   ] GC(202)   Post Evacuate Collection Set: 0.50ms
[128.491s][info][gc,phases   ] GC(202)   Other: 0.07ms
[128.491s][info][gc,heap     ] GC(202) Eden regions: 76->0(72)
[128.491s][info][gc,heap     ] GC(202) Survivor regions: 11->11(11)
[128.491s][info][gc,heap     ] GC(202) Old regions: 229->233
[128.491s][info][gc,heap     ] GC(202) Humongous regions: 4->4
[128.491s][info][gc,metaspace] GC(202) Metaspace: 41362K(41856K)->41362K(41856K) NonClass: 37023K(37312K)->37023K(37312K) Class: 4338K(4544K)->4338K(4544K)
[128.491s][info][gc          ] GC(202) Pause Young (Mixed) (G1 Evacuation Pause) 320M->248M(419M) 53.133ms
[128.491s][info][gc,cpu      ] GC(202) User=0.11s Sys=0.00s Real=0.06s
[128.574s][info][gc,start    ] GC(203) Pause Young (Concurrent Start) (G1 Humongous Allocation)
[128.574s][info][gc,task     ] GC(203) Using 2 workers of 2 for evacuation
[128.602s][info][gc,phases   ] GC(203)   Pre Evacuate Collection Set: 0.23ms
[128.602s][info][gc,phases   ] GC(203)   Merge Heap Roots: 0.17ms
[128.602s][info][gc,phases   ] GC(203)   Evacuate Collection Set: 26.21ms
[128.602s][info][gc,phases   ] GC(203)   Post Evacuate Collection Set: 1.25ms
[128.602s][info][gc,phases   ] GC(203)   Other: 0.10ms
[128.602s][info][gc,heap     ] GC(203) Eden regions: 25->0(108)
[128.602s][info][gc,heap     ] GC(203) Survivor regions: 11->11(11)
[128.602s][info][gc,heap     ] GC(203) Old regions: 233->250
[128.602s][info][gc,heap     ] GC(203) Humongous regions: 4->4
[128.602s][info][gc,metaspace] GC(203) Metaspace: 41362K(41856K)->41362K(41856K) NonClass: 37023K(37312K)->37023K(37312K) Class: 4338K(4544K)->4338K(4544K)
[128.602s][info][gc          ] GC(203) Pause Young (Concurrent Start) (G1 Humongous Allocation) 272M->264M(531M) 28.161ms
[128.602s][info][gc,cpu      ] GC(203) User=0.06s Sys=0.00s Real=0.03s
[128.602s][info][gc          ] GC(204) Concurrent Undo Cycle
[128.602s][info][gc,marking  ] GC(204) Concurrent Clear Claimed Marks
[128.602s][info][gc,marking  ] GC(204) Concurrent Clear Claimed Marks 0.041ms
[128.602s][info][gc,marking  ] GC(204) Concurrent Cleanup for Next Mark
[128.603s][info][gc,marking  ] GC(204) Concurrent Cleanup for Next Mark 0.200ms
[128.603s][info][gc          ] GC(204) Concurrent Undo Cycle 0.325ms
[129.138s][info][gc,start    ] GC(205) Pause Young (Normal) (G1 Evacuation Pause)
[129.138s][info][gc,task     ] GC(205) Using 2 workers of 2 for evacuation
[129.209s][info][gc,phases   ] GC(205)   Pre Evacuate Collection Set: 0.29ms
[129.209s][info][gc,phases   ] GC(205)   Merge Heap Roots: 0.37ms
[129.209s][info][gc,phases   ] GC(205)   Evacuate Collection Set: 69.28ms
[129.209s][info][gc,phases   ] GC(205)   Post Evacuate Collection Set: 0.46ms
[129.209s][info][gc,phases   ] GC(205)   Other: 0.07ms
[129.209s][info][gc,heap     ] GC(205) Eden regions: 108->0(80)
[129.209s][info][gc,heap     ] GC(205) Survivor regions: 11->15(15)
[129.209s][info][gc,heap     ] GC(205) Old regions: 250->311
[129.209s][info][gc,heap     ] GC(205) Humongous regions: 5->5
[129.209s][info][gc,metaspace] GC(205) Metaspace: 41362K(41856K)->41362K(41856K) NonClass: 37023K(37312K)->37023K(37312K) Class: 4338K(4544K)->4338K(4544K)
[129.209s][info][gc          ] GC(205) Pause Young (Normal) (G1 Evacuation Pause) 373M->331M(531M) 70.733ms
[129.209s][info][gc,cpu      ] GC(205) User=0.12s Sys=0.02s Real=0.07s
[129.297s][info][gc,start    ] GC(206) Pause Young (Concurrent Start) (G1 Humongous Allocation)
[129.297s][info][gc,task     ] GC(206) Using 2 workers of 2 for evacuation
[129.331s][info][gc,phases   ] GC(206)   Pre Evacuate Collection Set: 0.25ms
[129.331s][info][gc,phases   ] GC(206)   Merge Heap Roots: 0.21ms
[129.331s][info][gc,phases   ] GC(206)   Evacuate Collection Set: 32.67ms
[129.331s][info][gc,phases   ] GC(206)   Post Evacuate Collection Set: 0.35ms
[129.331s][info][gc,phases   ] GC(206)   Other: 0.09ms
[129.331s][info][gc,heap     ] GC(206) Eden regions: 27->0(72)
[129.331s][info][gc,heap     ] GC(206) Survivor regions: 15->12(12)
[129.331s][info][gc,heap     ] GC(206) Old regions: 311->332
[129.331s][info][gc,heap     ] GC(206) Humongous regions: 5->5
[129.331s][info][gc,metaspace] GC(206) Metaspace: 41362K(41856K)->41362K(41856K) NonClass: 37024K(37312K)->37024K(37312K) Class: 4338K(4544K)->4338K(4544K)
[129.331s][info][gc          ] GC(206) Pause Young (Concurrent Start) (G1 Humongous Allocation) 357M->348M(531M) 33.781ms
[129.331s][info][gc,cpu      ] GC(206) User=0.07s Sys=0.00s Real=0.04s
[129.331s][info][gc          ] GC(207) Concurrent Mark Cycle
[129.331s][info][gc,marking  ] GC(207) Concurrent Scan Root Regions
[129.347s][info][gc,marking  ] GC(207) Concurrent Scan Root Regions 16.267ms
[129.347s][info][gc,marking  ] GC(207) Concurrent Mark
[129.347s][info][gc,marking  ] GC(207) Concurrent Mark From Roots
[129.347s][info][gc,task     ] GC(207) Using 1 workers of 1 for marking
[129.522s][info][gc,marking  ] GC(207) Concurrent Mark From Roots 174.723ms
[129.522s][info][gc,marking  ] GC(207) Concurrent Preclean
[129.522s][info][gc,marking  ] GC(207) Concurrent Preclean 0.041ms
[129.523s][info][gc,start    ] GC(207) Pause Remark
[129.539s][info][gc          ] GC(207) Pause Remark 390M->303M(531M) 15.517ms
[129.539s][info][gc,cpu      ] GC(207) User=0.03s Sys=0.00s Real=0.01s
[129.539s][info][gc,marking  ] GC(207) Concurrent Mark 191.531ms
[129.539s][info][gc,marking  ] GC(207) Concurrent Rebuild Remembered Sets and Scrub Regions
[129.629s][info][gc,marking  ] GC(207) Concurrent Rebuild Remembered Sets and Scrub Regions 89.634ms
[129.629s][info][gc,start    ] GC(207) Pause Cleanup
[129.629s][info][gc          ] GC(207) Pause Cleanup 324M->324M(531M) 0.106ms
[129.629s][info][gc,cpu      ] GC(207) User=0.00s Sys=0.00s Real=0.00s
[129.629s][info][gc,marking  ] GC(207) Concurrent Clear Claimed Marks
[129.629s][info][gc,marking  ] GC(207) Concurrent Clear Claimed Marks 0.047ms
[129.629s][info][gc,marking  ] GC(207) Concurrent Cleanup for Next Mark
[129.632s][info][gc,marking  ] GC(207) Concurrent Cleanup for Next Mark 3.250ms
[129.632s][info][gc          ] GC(207) Concurrent Mark Cycle 301.298ms
[129.670s][info][gc,start    ] GC(208) Pause Young (Prepare Mixed) (G1 Evacuation Pause)
[129.670s][info][gc,task     ] GC(208) Using 2 workers of 2 for evacuation
[129.713s][info][gc,phases   ] GC(208)   Pre Evacuate Collection Set: 0.30ms
[129.713s][info][gc,phases   ] GC(208)   Merge Heap Roots: 0.52ms
[129.713s][info][gc,phases   ] GC(208)   Evacuate Collection Set: 41.50ms
[129.713s][info][gc,phases   ] GC(208)   Post Evacuate Collection Set: 0.42ms
[129.713s][info][gc,phases   ] GC(208)   Other: 0.07ms
[129.713s][info][gc,heap     ] GC(208) Eden regions: 72->0(90)
[129.713s][info][gc,heap     ] GC(208) Survivor regions: 12->11(11)
[129.713s][info][gc,heap     ] GC(208) Old regions: 246->290
[129.713s][info][gc,heap     ] GC(208) Humongous regions: 5->5
[129.713s][info][gc,metaspace] GC(208) Metaspace: 41362K(41856K)->41362K(41856K) NonClass: 37024K(37312K)->37024K(37312K) Class: 4338K(4544K)->4338K(4544K)
[129.713s][info][gc          ] GC(208) Pause Young (Prepare Mixed) (G1 Evacuation Pause) 334M->306M(531M) 43.013ms
[129.713s][info][gc,cpu      ] GC(208) User=0.08s Sys=0.00s Real=0.04s
[130.056s][info][gc,start    ] GC(209) Pause Young (Mixed) (G1 Evacuation Pause)
[130.056s][info][gc,task     ] GC(209) Using 2 workers of 2 for evacuation
[130.110s][info][gc,phases   ] GC(209)   Pre Evacuate Collection Set: 0.26ms
[130.110s][info][gc,phases   ] GC(209)   Merge Heap Roots: 0.30ms
[130.110s][info][gc,phases   ] GC(209)   Evacuate Collection Set: 53.30ms
[130.110s][info][gc,phases   ] GC(209)   Post Evacuate Collection Set: 0.53ms
[130.110s][info][gc,phases   ] GC(209)   Other: 0.08ms
[130.110s][info][gc,heap     ] GC(209) Eden regions: 90->0(87)
[130.110s][info][gc,heap     ] GC(209) Survivor regions: 11->13(13)
[130.110s][info][gc,heap     ] GC(209) Old regions: 290->291
[130.110s][info][gc,heap     ] GC(209) Humongous regions: 6->6
[130.110s][info][gc,metaspace] GC(209) Metaspace: 41362K(41856K)->41362K(41856K) NonClass: 37024K(37312K)->37024K(37312K) Class: 4338K(4544K)->4338K(4544K)
[130.110s][info][gc          ] GC(209) Pause Young (Mixed) (G1 Evacuation Pause) 397M->310M(531M) 54.693ms
[130.110s][info][gc,cpu      ] GC(209) User=0.10s Sys=0.00s Real=0.06s
[130.447s][info][gc,start    ] GC(210) Pause Young (Mixed) (G1 Evacuation Pause)
[130.447s][info][gc,task     ] GC(210) Using 2 workers of 2 for evacuation
[130.506s][info][gc,phases   ] GC(210)   Pre Evacuate Collection Set: 0.23ms
[130.506s][info][gc,phases   ] GC(210)   Merge Heap Roots: 0.63ms
[130.506s][info][gc,phases   ] GC(210)   Evacuate Collection Set: 56.84ms
[130.506s][info][gc,phases   ] GC(210)   Post Evacuate Collection Set: 1.58ms
[130.506s][info][gc,phases   ] GC(210)   Other: 0.09ms
[130.506s][info][gc,heap     ] GC(210) Eden regions: 87->0(134)
[130.506s][info][gc,heap     ] GC(210) Survivor regions: 13->13(13)
[130.506s][info][gc,heap     ] GC(210) Old regions: 291->306
[130.507s][info][gc,heap     ] GC(210) Humongous regions: 6->6
[130.507s][info][gc,metaspace] GC(210) Metaspace: 41362K(41856K)->41362K(41856K) NonClass: 37024K(37312K)->37024K(37312K) Class: 4338K(4544K)->4338K(4544K)
[130.507s][info][gc          ] GC(210) Pause Young (Mixed) (G1 Evacuation Pause) 397M->325M(656M) 59.608ms
[130.507s][info][gc,cpu      ] GC(210) User=0.11s Sys=0.00s Real=0.06s
[131.111s][info][gc,start    ] GC(211) Pause Young (Normal) (G1 Evacuation Pause)
[131.111s][info][gc,task     ] GC(211) Using 2 workers of 2 for evacuation
[131.132s][info][gc,phases   ] GC(211)   Pre Evacuate Collection Set: 0.37ms
[131.132s][info][gc,phases   ] GC(211)   Merge Heap Roots: 0.10ms
[131.132s][info][gc,phases   ] GC(211)   Evacuate Collection Set: 19.23ms
[131.132s][info][gc,phases   ] GC(211)   Post Evacuate Collection Set: 0.44ms
[131.132s][info][gc,phases   ] GC(211)   Other: 0.11ms
[131.132s][info][gc,heap     ] GC(211) Eden regions: 134->0(141)
[131.132s][info][gc,heap     ] GC(211) Survivor regions: 13->16(19)
[131.132s][info][gc,heap     ] GC(211) Old regions: 306->313
[131.132s][info][gc,heap     ] GC(211) Humongous regions: 7->7
[131.132s][info][gc,metaspace] GC(211) Metaspace: 41362K(41856K)->41362K(41856K) NonClass: 37024K(37312K)->37024K(37312K) Class: 4338K(4544K)->4338K(4544K)
[131.132s][info][gc          ] GC(211) Pause Young (Normal) (G1 Evacuation Pause) 460M->335M(656M) 20.445ms
[131.132s][info][gc,cpu      ] GC(211) User=0.04s Sys=0.00s Real=0.02s
[131.664s][info][gc,start    ] GC(212) Pause Young (Concurrent Start) (G1 Humongous Allocation)
[131.664s][info][gc,task     ] GC(212) Using 2 workers of 2 for evacuation
[131.694s][info][gc,phases   ] GC(212)   Pre Evacuate Collection Set: 0.27ms
[131.694s][info][gc,phases   ] GC(212)   Merge Heap Roots: 0.13ms
[131.694s][info][gc,phases   ] GC(212)   Evacuate Collection Set: 28.75ms
[131.694s][info][gc,phases   ] GC(212)   Post Evacuate Collection Set: 0.42ms
[131.694s][info][gc,phases   ] GC(212)   Other: 0.17ms
[131.694s][info][gc,heap     ] GC(212) Eden regions: 140->0(136)
[131.694s][info][gc,heap     ] GC(212) Survivor regions: 16->20(20)
[131.694s][info][gc,heap     ] GC(212) Old regions: 313->336
[131.694s][info][gc,heap     ] GC(212) Humongous regions: 7->7
[131.694s][info][gc,metaspace] GC(212) Metaspace: 41362K(41856K)->41362K(41856K) NonClass: 37024K(37312K)->37024K(37312K) Class: 4338K(4544K)->4338K(4544K)
[131.694s][info][gc          ] GC(212) Pause Young (Concurrent Start) (G1 Humongous Allocation) 475M->363M(656M) 30.026ms
[131.694s][info][gc,cpu      ] GC(212) User=0.06s Sys=0.00s Real=0.03s
[131.694s][info][gc          ] GC(213) Concurrent Mark Cycle
[131.694s][info][gc,marking  ] GC(213) Concurrent Scan Root Regions
[131.715s][info][gc,marking  ] GC(213) Concurrent Scan Root Regions 20.785ms
[131.715s][info][gc,marking  ] GC(213) Concurrent Mark
[131.715s][info][gc,marking  ] GC(213) Concurrent Mark From Roots
[131.715s][info][gc,task     ] GC(213) Using 1 workers of 1 for marking
[131.799s][info][gc,marking  ] GC(213) Concurrent Mark From Roots 84.304ms
[131.799s][info][gc,marking  ] GC(213) Concurrent Preclean
[131.799s][info][gc,marking  ] GC(213) Concurrent Preclean 0.038ms
[131.800s][info][gc,start    ] GC(213) Pause Remark
[131.815s][info][gc          ] GC(213) Pause Remark 384M->218M(656M) 14.985ms
[131.815s][info][gc,cpu      ] GC(213) User=0.03s Sys=0.00s Real=0.01s
[131.815s][info][gc,marking  ] GC(213) Concurrent Mark 99.633ms
[131.815s][info][gc,marking  ] GC(213) Concurrent Rebuild Remembered Sets and Scrub Regions
[131.864s][info][gc,marking  ] GC(213) Concurrent Rebuild Remembered Sets and Scrub Regions 49.316ms
[131.864s][info][gc,start    ] GC(213) Pause Cleanup
[131.864s][info][gc          ] GC(213) Pause Cleanup 231M->231M(656M) 0.087ms
[131.864s][info][gc,cpu      ] GC(213) User=0.00s Sys=0.00s Real=0.00s
[131.864s][info][gc,marking  ] GC(213) Concurrent Clear Claimed Marks
[131.864s][info][gc,marking  ] GC(213) Concurrent Clear Claimed Marks 0.041ms
[131.864s][info][gc,marking  ] GC(213) Concurrent Cleanup for Next Mark
[131.868s][info][gc,marking  ] GC(213) Concurrent Cleanup for Next Mark 3.201ms
[131.868s][info][gc          ] GC(213) Concurrent Mark Cycle 173.529ms
[132.246s][info][gc,start    ] GC(214) Pause Young (Prepare Mixed) (G1 Evacuation Pause)
[132.246s][info][gc,task     ] GC(214) Using 2 workers of 2 for evacuation
[132.279s][info][gc,phases   ] GC(214)   Pre Evacuate Collection Set: 0.24ms
[132.280s][info][gc,phases   ] GC(214)   Merge Heap Roots: 0.22ms
[132.280s][info][gc,phases   ] GC(214)   Evacuate Collection Set: 32.05ms
[132.280s][info][gc,phases   ] GC(214)   Post Evacuate Collection Set: 0.47ms
[132.280s][info][gc,phases   ] GC(214)   Other: 0.09ms
[132.280s][info][gc,heap     ] GC(214) Eden regions: 136->0(208)
[132.280s][info][gc,heap     ] GC(214) Survivor regions: 20->20(20)
[132.280s][info][gc,heap     ] GC(214) Old regions: 173->195
[132.280s][info][gc,heap     ] GC(214) Humongous regions: 5->4
[132.280s][info][gc,metaspace] GC(214) Metaspace: 41367K(41856K)->41367K(41856K) NonClass: 37028K(37312K)->37028K(37312K) Class: 4338K(4544K)->4338K(4544K)
[132.280s][info][gc          ] GC(214) Pause Young (Prepare Mixed) (G1 Evacuation Pause) 334M->218M(656M) 33.317ms
[132.280s][info][gc,cpu      ] GC(214) User=0.07s Sys=0.00s Real=0.04s
[133.027s][info][gc,start    ] GC(215) Pause Young (Mixed) (G1 Evacuation Pause)
[133.027s][info][gc,task     ] GC(215) Using 2 workers of 2 for evacuation
[133.057s][info][gc,phases   ] GC(215)   Pre Evacuate Collection Set: 0.27ms
[133.057s][info][gc,phases   ] GC(215)   Merge Heap Roots: 0.28ms
[133.057s][info][gc,phases   ] GC(215)   Evacuate Collection Set: 28.47ms
[133.057s][info][gc,phases   ] GC(215)   Post Evacuate Collection Set: 0.60ms
[133.057s][info][gc,phases   ] GC(215)   Other: 0.13ms
[133.057s][info][gc,heap     ] GC(215) Eden regions: 208->0(251)
[133.057s][info][gc,heap     ] GC(215) Survivor regions: 20->16(29)
[133.057s][info][gc,heap     ] GC(215) Old regions: 195->147
[133.057s][info][gc,heap     ] GC(215) Humongous regions: 7->5
[133.057s][info][gc,metaspace] GC(215) Metaspace: 41371K(41856K)->41371K(41856K) NonClass: 37033K(37312K)->37033K(37312K) Class: 4338K(4544K)->4338K(4544K)
[133.057s][info][gc          ] GC(215) Pause Young (Mixed) (G1 Evacuation Pause) 429M->167M(656M) 30.000ms
[133.057s][info][gc,cpu      ] GC(215) User=0.05s Sys=0.00s Real=0.03s
[133.973s][info][gc,start    ] GC(216) Pause Young (Mixed) (G1 Evacuation Pause)
[133.973s][info][gc,task     ] GC(216) Using 2 workers of 2 for evacuation
[134.007s][info][gc,phases   ] GC(216)   Pre Evacuate Collection Set: 0.24ms
[134.007s][info][gc,phases   ] GC(216)   Merge Heap Roots: 0.16ms
[134.007s][info][gc,phases   ] GC(216)   Evacuate Collection Set: 32.36ms
[134.007s][info][gc,phases   ] GC(216)   Post Evacuate Collection Set: 0.57ms
[134.007s][info][gc,phases   ] GC(216)   Other: 0.08ms
[134.007s][info][gc,heap     ] GC(216) Eden regions: 251->0(250)
[134.007s][info][gc,heap     ] GC(216) Survivor regions: 16->34(34)
[134.007s][info][gc,heap     ] GC(216) Old regions: 147->157
[134.007s][info][gc,heap     ] GC(216) Humongous regions: 7->5
[134.007s][info][gc,metaspace] GC(216) Metaspace: 41371K(41856K)->41371K(41856K) NonClass: 37033K(37312K)->37033K(37312K) Class: 4338K(4544K)->4338K(4544K)
[134.007s][info][gc          ] GC(216) Pause Young (Mixed) (G1 Evacuation Pause) 420M->196M(656M) 33.632ms
[134.007s][info][gc,cpu      ] GC(216) User=0.06s Sys=0.00s Real=0.03s
[134.859s][info][gc,start    ] GC(217) Pause Young (Normal) (G1 Evacuation Pause)
[134.859s][info][gc,task     ] GC(217) Using 2 workers of 2 for evacuation
[134.919s][info][gc,phases   ] GC(217)   Pre Evacuate Collection Set: 0.22ms
[134.919s][info][gc,phases   ] GC(217)   Merge Heap Roots: 0.23ms
[134.919s][info][gc,phases   ] GC(217)   Evacuate Collection Set: 59.00ms
[134.919s][info][gc,phases   ] GC(217)   Post Evacuate Collection Set: 0.59ms
[134.919s][info][gc,phases   ] GC(217)   Other: 0.08ms
[134.919s][info][gc,heap     ] GC(217) Eden regions: 250->0(228)
[134.919s][info][gc,heap     ] GC(217) Survivor regions: 34->36(36)
[134.919s][info][gc,heap     ] GC(217) Old regions: 157->201
[134.919s][info][gc,heap     ] GC(217) Humongous regions: 9->7
[134.919s][info][gc,metaspace] GC(217) Metaspace: 41377K(41856K)->41377K(41856K) NonClass: 37038K(37312K)->37038K(37312K) Class: 4338K(4544K)->4338K(4544K)
[134.919s][info][gc          ] GC(217) Pause Young (Normal) (G1 Evacuation Pause) 450M->244M(656M) 60.324ms
[134.920s][info][gc,cpu      ] GC(217) User=0.12s Sys=0.00s Real=0.06s
[135.666s][info][gc,start    ] GC(218) Pause Young (Concurrent Start) (G1 Evacuation Pause)
[135.667s][info][gc,task     ] GC(218) Using 2 workers of 2 for evacuation
[135.694s][info][gc,phases   ] GC(218)   Pre Evacuate Collection Set: 0.25ms
[135.694s][info][gc,phases   ] GC(218)   Merge Heap Roots: 0.22ms
[135.694s][info][gc,phases   ] GC(218)   Evacuate Collection Set: 26.29ms
[135.694s][info][gc,phases   ] GC(218)   Post Evacuate Collection Set: 0.52ms
[135.694s][info][gc,phases   ] GC(218)   Other: 0.10ms
[135.694s][info][gc,heap     ] GC(218) Eden regions: 228->0(250)
[135.694s][info][gc,heap     ] GC(218) Survivor regions: 36->1(33)
[135.694s][info][gc,heap     ] GC(218) Old regions: 201->238
[135.694s][info][gc,heap     ] GC(218) Humongous regions: 7->7
[135.694s][info][gc,metaspace] GC(218) Metaspace: 41377K(41856K)->41377K(41856K) NonClass: 37038K(37312K)->37038K(37312K) Class: 4338K(4544K)->4338K(4544K)
[135.694s][info][gc          ] GC(218) Pause Young (Concurrent Start) (G1 Evacuation Pause) 472M->245M(656M) 27.600ms
[135.694s][info][gc,cpu      ] GC(218) User=0.05s Sys=0.00s Real=0.03s
[135.694s][info][gc          ] GC(219) Concurrent Mark Cycle
[135.694s][info][gc,marking  ] GC(219) Concurrent Scan Root Regions
[135.715s][info][gc,marking  ] GC(219) Concurrent Scan Root Regions 20.445ms
[135.715s][info][gc,marking  ] GC(219) Concurrent Mark
[135.715s][info][gc,marking  ] GC(219) Concurrent Mark From Roots
[135.715s][info][gc,task     ] GC(219) Using 1 workers of 1 for marking
[135.821s][info][gc,marking  ] GC(219) Concurrent Mark From Roots 105.934ms
[135.821s][info][gc,marking  ] GC(219) Concurrent Preclean
[135.821s][info][gc,marking  ] GC(219) Concurrent Preclean 0.045ms
[135.821s][info][gc,start    ] GC(219) Pause Remark
[135.836s][info][gc          ] GC(219) Pause Remark 280M->227M(647M) 15.245ms
[135.836s][info][gc,cpu      ] GC(219) User=0.03s Sys=0.00s Real=0.01s
[135.836s][info][gc,marking  ] GC(219) Concurrent Mark 121.595ms
[135.836s][info][gc,marking  ] GC(219) Concurrent Rebuild Remembered Sets and Scrub Regions
[135.899s][info][gc,marking  ] GC(219) Concurrent Rebuild Remembered Sets and Scrub Regions 62.996ms
[135.899s][info][gc,start    ] GC(219) Pause Cleanup
[135.900s][info][gc          ] GC(219) Pause Cleanup 246M->246M(647M) 0.074ms
[135.900s][info][gc,cpu      ] GC(219) User=0.00s Sys=0.00s Real=0.00s
[135.900s][info][gc,marking  ] GC(219) Concurrent Clear Claimed Marks
[135.900s][info][gc,marking  ] GC(219) Concurrent Clear Claimed Marks 0.037ms
[135.900s][info][gc,marking  ] GC(219) Concurrent Cleanup for Next Mark
[135.901s][info][gc,marking  ] GC(219) Concurrent Cleanup for Next Mark 1.874ms
[135.902s][info][gc          ] GC(219) Concurrent Mark Cycle 207.376ms
[136.518s][info][gc,start    ] GC(220) Pause Young (Prepare Mixed) (G1 Evacuation Pause)
[136.518s][info][gc,task     ] GC(220) Using 2 workers of 2 for evacuation
[136.523s][info][gc,phases   ] GC(220)   Pre Evacuate Collection Set: 0.24ms
[136.523s][info][gc,phases   ] GC(220)   Merge Heap Roots: 0.09ms
[136.523s][info][gc,phases   ] GC(220)   Evacuate Collection Set: 3.99ms
[136.523s][info][gc,phases   ] GC(220)   Post Evacuate Collection Set: 0.49ms
[136.523s][info][gc,phases   ] GC(220)   Other: 0.09ms
[136.523s][info][gc,heap     ] GC(220) Eden regions: 250->0(296)
[136.523s][info][gc,heap     ] GC(220) Survivor regions: 1->5(32)
[136.523s][info][gc,heap     ] GC(220) Old regions: 187->187
[136.523s][info][gc,heap     ] GC(220) Humongous regions: 6->3
[136.523s][info][gc,metaspace] GC(220) Metaspace: 41386K(41856K)->41386K(41856K) NonClass: 37048K(37312K)->37048K(37312K) Class: 4338K(4544K)->4338K(4544K)
[136.523s][info][gc          ] GC(220) Pause Young (Prepare Mixed) (G1 Evacuation Pause) 443M->194M(647M) 5.119ms
[136.523s][info][gc,cpu      ] GC(220) User=0.01s Sys=0.00s Real=0.01s
[137.081s][info][gc,start    ] GC(221) Pause Young (Mixed) (G1 Evacuation Pause)
[137.081s][info][gc,task     ] GC(221) Using 2 workers of 2 for evacuation
[137.095s][info][gc,phases   ] GC(221)   Pre Evacuate Collection Set: 0.24ms
[137.095s][info][gc,phases   ] GC(221)   Merge Heap Roots: 0.33ms
[137.095s][info][gc,phases   ] GC(221)   Evacuate Collection Set: 12.78ms
[137.095s][info][gc,phases   ] GC(221)   Post Evacuate Collection Set: 0.57ms
[137.095s][info][gc,phases   ] GC(221)   Other: 0.08ms
[137.095s][info][gc,heap     ] GC(221) Eden regions: 296->0(344)
[137.095s][info][gc,heap     ] GC(221) Survivor regions: 5->6(38)
[137.095s][info][gc,heap     ] GC(221) Old regions: 187->141
[137.095s][info][gc,heap     ] GC(221) Humongous regions: 3->3
[137.095s][info][gc,metaspace] GC(221) Metaspace: 41405K(41856K)->41405K(41856K) NonClass: 37067K(37312K)->37067K(37312K) Class: 4338K(4544K)->4338K(4544K)
[137.095s][info][gc          ] GC(221) Pause Young (Mixed) (G1 Evacuation Pause) 490M->149M(647M) 14.202ms
[137.095s][info][gc,cpu      ] GC(221) User=0.03s Sys=0.00s Real=0.01s
[137.150s][info][gc,start    ] GC(222) Pause Young (Concurrent Start) (G1 Humongous Allocation)
[137.150s][info][gc,task     ] GC(222) Using 2 workers of 2 for evacuation
[137.153s][info][gc,phases   ] GC(222)   Pre Evacuate Collection Set: 0.27ms
[137.154s][info][gc,phases   ] GC(222)   Merge Heap Roots: 0.04ms
[137.154s][info][gc,phases   ] GC(222)   Evacuate Collection Set: 2.95ms
[137.154s][info][gc,phases   ] GC(222)   Post Evacuate Collection Set: 0.30ms
[137.154s][info][gc,phases   ] GC(222)   Other: 0.08ms
[137.154s][info][gc,heap     ] GC(222) Eden regions: 28->0(367)
[137.154s][info][gc,heap     ] GC(222) Survivor regions: 6->4(44)
[137.154s][info][gc,heap     ] GC(222) Old regions: 141->141
[137.154s][info][gc,heap     ] GC(222) Humongous regions: 3->3
[137.154s][info][gc,metaspace] GC(222) Metaspace: 41405K(41856K)->41405K(41856K) NonClass: 37067K(37312K)->37067K(37312K) Class: 4338K(4544K)->4338K(4544K)
[137.154s][info][gc          ] GC(222) Pause Young (Concurrent Start) (G1 Humongous Allocation) 176M->147M(647M) 3.851ms
[137.154s][info][gc,cpu      ] GC(222) User=0.01s Sys=0.00s Real=0.00s
[137.154s][info][gc          ] GC(223) Concurrent Mark Cycle
[137.154s][info][gc,marking  ] GC(223) Concurrent Scan Root Regions
[137.158s][info][gc,marking  ] GC(223) Concurrent Scan Root Regions 4.212ms
[137.158s][info][gc,marking  ] GC(223) Concurrent Mark
[137.158s][info][gc,marking  ] GC(223) Concurrent Mark From Roots
[137.158s][info][gc,task     ] GC(223) Using 1 workers of 1 for marking
[137.245s][info][gc,marking  ] GC(223) Concurrent Mark From Roots 86.545ms
[137.245s][info][gc,marking  ] GC(223) Concurrent Preclean
[137.245s][info][gc,marking  ] GC(223) Concurrent Preclean 0.036ms
[137.245s][info][gc,start    ] GC(223) Pause Remark
[137.260s][info][gc          ] GC(223) Pause Remark 161M->97M(287M) 15.231ms
[137.260s][info][gc,cpu      ] GC(223) User=0.03s Sys=0.00s Real=0.02s
[137.260s][info][gc,marking  ] GC(223) Concurrent Mark 102.109ms
[137.260s][info][gc,marking  ] GC(223) Concurrent Rebuild Remembered Sets and Scrub Regions
[137.289s][info][gc,marking  ] GC(223) Concurrent Rebuild Remembered Sets and Scrub Regions 28.429ms
[137.289s][info][gc,start    ] GC(223) Pause Cleanup
[137.289s][info][gc          ] GC(223) Pause Cleanup 101M->101M(287M) 0.047ms
[137.289s][info][gc,cpu      ] GC(223) User=0.00s Sys=0.00s Real=0.00s
[137.289s][info][gc,marking  ] GC(223) Concurrent Clear Claimed Marks
[137.289s][info][gc,marking  ] GC(223) Concurrent Clear Claimed Marks 0.036ms
[137.289s][info][gc,marking  ] GC(223) Concurrent Cleanup for Next Mark
[137.290s][info][gc,marking  ] GC(223) Concurrent Cleanup for Next Mark 0.841ms
[137.290s][info][gc          ] GC(223) Concurrent Mark Cycle 136.003ms
[137.855s][info][gc,start    ] GC(224) Pause Young (Prepare Mixed) (G1 Evacuation Pause)
[137.855s][info][gc,task     ] GC(224) Using 2 workers of 2 for evacuation
[137.869s][info][gc,phases   ] GC(224)   Pre Evacuate Collection Set: 1.51ms
[137.869s][info][gc,phases   ] GC(224)   Merge Heap Roots: 0.09ms
[137.869s][info][gc,phases   ] GC(224)   Evacuate Collection Set: 11.72ms
[137.869s][info][gc,phases   ] GC(224)   Post Evacuate Collection Set: 1.02ms
[137.869s][info][gc,phases   ] GC(224)   Other: 0.07ms
[137.869s][info][gc,heap     ] GC(224) Eden regions: 81->0(250)
[137.869s][info][gc,heap     ] GC(224) Survivor regions: 4->9(30)
[137.869s][info][gc,heap     ] GC(224) Old regions: 79->79
[137.869s][info][gc,heap     ] GC(224) Humongous regions: 259->3
[137.869s][info][gc,metaspace] GC(224) Metaspace: 41446K(41920K)->41446K(41920K) NonClass: 37107K(37376K)->37107K(37376K) Class: 4338K(4544K)->4338K(4544K)
[137.869s][info][gc          ] GC(224) Pause Young (Prepare Mixed) (G1 Evacuation Pause) 422M->91M(432M) 14.614ms
[137.869s][info][gc,cpu      ] GC(224) User=0.02s Sys=0.01s Real=0.02s
[138.559s][info][gc,start    ] GC(225) Pause Young (Mixed) (G1 Evacuation Pause)
[138.559s][info][gc,task     ] GC(225) Using 2 workers of 2 for evacuation
[138.581s][info][gc,phases   ] GC(225)   Pre Evacuate Collection Set: 0.26ms
[138.581s][info][gc,phases   ] GC(225)   Merge Heap Roots: 0.07ms
[138.581s][info][gc,phases   ] GC(225)   Evacuate Collection Set: 19.56ms
[138.581s][info][gc,phases   ] GC(225)   Post Evacuate Collection Set: 1.32ms
[138.581s][info][gc,phases   ] GC(225)   Other: 0.09ms
[138.581s][info][gc,heap     ] GC(225) Eden regions: 67->0(329)
[138.581s][info][gc,heap     ] GC(225) Survivor regions: 9->15(35)
[138.581s][info][gc,heap     ] GC(225) Old regions: 79->71
[138.581s][info][gc,heap     ] GC(225) Humongous regions: 403->3
[138.581s][info][gc,metaspace] GC(225) Metaspace: 41448K(41920K)->41448K(41920K) NonClass: 37110K(37376K)->37110K(37376K) Class: 4338K(4544K)->4338K(4544K)
[138.581s][info][gc          ] GC(225) Pause Young (Mixed) (G1 Evacuation Pause) 557M->87M(574M) 21.547ms
[138.581s][info][gc,cpu      ] GC(225) User=0.04s Sys=0.01s Real=0.02s
[138.649s][info][gc,start    ] GC(226) Pause Young (Concurrent Start) (G1 Humongous Allocation)
[138.649s][info][gc,task     ] GC(226) Using 2 workers of 2 for evacuation
[138.663s][info][gc,phases   ] GC(226)   Pre Evacuate Collection Set: 0.25ms
[138.663s][info][gc,phases   ] GC(226)   Merge Heap Roots: 0.05ms
[138.663s][info][gc,phases   ] GC(226)   Evacuate Collection Set: 12.63ms
[138.663s][info][gc,phases   ] GC(226)   Post Evacuate Collection Set: 0.66ms
[138.663s][info][gc,phases   ] GC(226)   Other: 0.16ms
[138.663s][info][gc,heap     ] GC(226) Eden regions: 8->0(329)
[138.663s][info][gc,heap     ] GC(226) Survivor regions: 15->15(43)
[138.663s][info][gc,heap     ] GC(226) Old regions: 71->71
[138.663s][info][gc,heap     ] GC(226) Humongous regions: 51->1
[138.663s][info][gc,metaspace] GC(226) Metaspace: 41448K(41920K)->41448K(41920K) NonClass: 37110K(37376K)->37110K(37376K) Class: 4338K(4544K)->4338K(4544K)
[138.663s][info][gc          ] GC(226) Pause Young (Concurrent Start) (G1 Humongous Allocation) 142M->85M(574M) 13.971ms
[138.663s][info][gc,cpu      ] GC(226) User=0.02s Sys=0.01s Real=0.02s
[138.663s][info][gc          ] GC(227) Concurrent Undo Cycle
[138.663s][info][gc,marking  ] GC(227) Concurrent Clear Claimed Marks
[138.663s][info][gc,marking  ] GC(227) Concurrent Clear Claimed Marks 0.040ms
[138.663s][info][gc,marking  ] GC(227) Concurrent Cleanup for Next Mark
[138.663s][info][gc,marking  ] GC(227) Concurrent Cleanup for Next Mark 0.223ms
[138.663s][info][gc          ] GC(227) Concurrent Undo Cycle 0.354ms
[138.666s][info][gc,start    ] GC(228) Pause Young (Concurrent Start) (G1 Humongous Allocation)
[138.666s][info][gc,task     ] GC(228) Using 2 workers of 2 for evacuation
[138.679s][info][gc,phases   ] GC(228)   Pre Evacuate Collection Set: 0.21ms
[138.679s][info][gc,phases   ] GC(228)   Merge Heap Roots: 0.04ms
[138.679s][info][gc,phases   ] GC(228)   Evacuate Collection Set: 12.66ms
[138.679s][info][gc,phases   ] GC(228)   Post Evacuate Collection Set: 0.31ms
[138.679s][info][gc,phases   ] GC(228)   Other: 0.07ms
[138.679s][info][gc,heap     ] GC(228) Eden regions: 1->0(329)
[138.679s][info][gc,heap     ] GC(228) Survivor regions: 15->15(43)
[138.679s][info][gc,heap     ] GC(228) Old regions: 71->71
[138.679s][info][gc,heap     ] GC(228) Humongous regions: 3->1
[138.679s][info][gc,metaspace] GC(228) Metaspace: 41448K(41920K)->41448K(41920K) NonClass: 37110K(37376K)->37110K(37376K) Class: 4338K(4544K)->4338K(4544K)
[138.680s][info][gc          ] GC(228) Pause Young (Concurrent Start) (G1 Humongous Allocation) 88M->85M(574M) 13.446ms
[138.680s][info][gc,cpu      ] GC(228) User=0.02s Sys=0.00s Real=0.02s
[138.680s][info][gc          ] GC(229) Concurrent Mark Cycle
[138.680s][info][gc,marking  ] GC(229) Concurrent Scan Root Regions
[138.689s][info][gc,marking  ] GC(229) Concurrent Scan Root Regions 9.642ms
[138.689s][info][gc,marking  ] GC(229) Concurrent Mark
[138.689s][info][gc,marking  ] GC(229) Concurrent Mark From Roots
[138.689s][info][gc,task     ] GC(229) Using 1 workers of 1 for marking
[138.768s][info][gc,marking  ] GC(229) Concurrent Mark From Roots 79.049ms
[138.768s][info][gc,marking  ] GC(229) Concurrent Preclean
[138.768s][info][gc,marking  ] GC(229) Concurrent Preclean 0.036ms
[138.771s][info][gc,start    ] GC(229) Pause Remark
[138.787s][info][gc          ] GC(229) Pause Remark 135M->135M(430M) 16.308ms
[138.787s][info][gc,cpu      ] GC(229) User=0.03s Sys=0.00s Real=0.01s
[138.787s][info][gc,marking  ] GC(229) Concurrent Mark 97.778ms
[138.787s][info][gc,marking  ] GC(229) Concurrent Rebuild Remembered Sets and Scrub Regions
[138.820s][info][gc,marking  ] GC(229) Concurrent Rebuild Remembered Sets and Scrub Regions 32.899ms
[138.820s][info][gc,start    ] GC(229) Pause Cleanup
[138.820s][info][gc          ] GC(229) Pause Cleanup 143M->143M(430M) 0.053ms
[138.820s][info][gc,cpu      ] GC(229) User=0.00s Sys=0.00s Real=0.00s
[138.820s][info][gc,marking  ] GC(229) Concurrent Clear Claimed Marks
[138.820s][info][gc,marking  ] GC(229) Concurrent Clear Claimed Marks 0.040ms
[138.820s][info][gc,marking  ] GC(229) Concurrent Cleanup for Next Mark
[138.823s][info][gc,marking  ] GC(229) Concurrent Cleanup for Next Mark 2.621ms
[138.823s][info][gc          ] GC(229) Concurrent Mark Cycle 143.328ms
[139.436s][info][gc,start    ] GC(230) Pause Young (Prepare Mixed) (G1 Evacuation Pause)
[139.436s][info][gc,task     ] GC(230) Using 2 workers of 2 for evacuation
[139.478s][info][gc,phases   ] GC(230)   Pre Evacuate Collection Set: 0.47ms
[139.478s][info][gc,phases   ] GC(230)   Merge Heap Roots: 0.20ms
[139.478s][info][gc,phases   ] GC(230)   Evacuate Collection Set: 39.19ms
[139.478s][info][gc,phases   ] GC(230)   Post Evacuate Collection Set: 1.29ms
[139.478s][info][gc,phases   ] GC(230)   Other: 0.08ms
[139.478s][info][gc,heap     ] GC(230) Eden regions: 73->0(309)
[139.478s][info][gc,heap     ] GC(230) Survivor regions: 15->25(38)
[139.478s][info][gc,heap     ] GC(230) Old regions: 71->71
[139.478s][info][gc,heap     ] GC(230) Humongous regions: 373->1
[139.478s][info][gc,metaspace] GC(230) Metaspace: 41474K(41984K)->41474K(41984K) NonClass: 37136K(37440K)->37136K(37440K) Class: 4338K(4544K)->4338K(4544K)
[139.478s][info][gc          ] GC(230) Pause Young (Prepare Mixed) (G1 Evacuation Pause) 530M->96M(557M) 41.463ms
[139.478s][info][gc,cpu      ] GC(230) User=0.06s Sys=0.02s Real=0.04s
[140.368s][info][gc,start    ] GC(231) Pause Young (Mixed) (G1 Evacuation Pause)
[140.368s][info][gc,task     ] GC(231) Using 2 workers of 2 for evacuation
[140.388s][info][gc,phases   ] GC(231)   Pre Evacuate Collection Set: 0.34ms
[140.388s][info][gc,phases   ] GC(231)   Merge Heap Roots: 0.19ms
[140.388s][info][gc,phases   ] GC(231)   Evacuate Collection Set: 18.39ms
[140.388s][info][gc,phases   ] GC(231)   Post Evacuate Collection Set: 0.82ms
[140.388s][info][gc,phases   ] GC(231)   Other: 0.11ms
[140.388s][info][gc,heap     ] GC(231) Eden regions: 168->0(339)
[140.388s][info][gc,heap     ] GC(231) Survivor regions: 25->6(43)
[140.388s][info][gc,heap     ] GC(231) Old regions: 71->68
[140.388s][info][gc,heap     ] GC(231) Humongous regions: 301->1
[140.388s][info][gc,metaspace] GC(231) Metaspace: 41526K(41984K)->41526K(41984K) NonClass: 37188K(37440K)->37188K(37440K) Class: 4338K(4544K)->4338K(4544K)
[140.388s][info][gc          ] GC(231) Pause Young (Mixed) (G1 Evacuation Pause) 564M->73M(576M) 20.087ms
[140.388s][info][gc,cpu      ] GC(231) User=0.02s Sys=0.01s Real=0.02s
[140.467s][info][gc,start    ] GC(232) Pause Young (Concurrent Start) (G1 Humongous Allocation)
[140.467s][info][gc,task     ] GC(232) Using 2 workers of 2 for evacuation
[140.475s][info][gc,phases   ] GC(232)   Pre Evacuate Collection Set: 0.25ms
[140.475s][info][gc,phases   ] GC(232)   Merge Heap Roots: 0.06ms
[140.475s][info][gc,phases   ] GC(232)   Evacuate Collection Set: 6.63ms
[140.475s][info][gc,phases   ] GC(232)   Post Evacuate Collection Set: 0.36ms
[140.475s][info][gc,phases   ] GC(232)   Other: 0.08ms
[140.475s][info][gc,heap     ] GC(232) Eden regions: 22->0(338)
[140.475s][info][gc,heap     ] GC(232) Survivor regions: 6->7(44)
[140.475s][info][gc,heap     ] GC(232) Old regions: 68->68
[140.475s][info][gc,heap     ] GC(232) Humongous regions: 1->1
[140.475s][info][gc,metaspace] GC(232) Metaspace: 41535K(41984K)->41535K(41984K) NonClass: 37196K(37440K)->37196K(37440K) Class: 4338K(4544K)->4338K(4544K)
[140.475s][info][gc          ] GC(232) Pause Young (Concurrent Start) (G1 Humongous Allocation) 95M->74M(576M) 7.586ms
[140.475s][info][gc          ] GC(233) Concurrent Mark Cycle
[140.475s][info][gc,marking  ] GC(233) Concurrent Scan Root Regions
[140.475s][info][gc,cpu      ] GC(232) User=0.01s Sys=0.01s Real=0.01s
[140.484s][info][gc,marking  ] GC(233) Concurrent Scan Root Regions 8.987ms
[140.484s][info][gc,marking  ] GC(233) Concurrent Mark
[140.484s][info][gc,marking  ] GC(233) Concurrent Mark From Roots
[140.484s][info][gc,task     ] GC(233) Using 1 workers of 1 for marking
[140.575s][info][gc,marking  ] GC(233) Concurrent Mark From Roots 91.011ms
[140.575s][info][gc,marking  ] GC(233) Concurrent Preclean
[140.575s][info][gc,marking  ] GC(233) Concurrent Preclean 0.048ms
[140.577s][info][gc,start    ] GC(233) Pause Remark
[140.595s][info][gc          ] GC(233) Pause Remark 88M->84M(256M) 17.688ms
[140.595s][info][gc,cpu      ] GC(233) User=0.04s Sys=0.00s Real=0.02s
[140.595s][info][gc,marking  ] GC(233) Concurrent Mark 110.732ms
[140.595s][info][gc,marking  ] GC(233) Concurrent Rebuild Remembered Sets and Scrub Regions
[140.654s][info][gc,marking  ] GC(233) Concurrent Rebuild Remembered Sets and Scrub Regions 58.864ms
[140.654s][info][gc,start    ] GC(233) Pause Cleanup
[140.654s][info][gc          ] GC(233) Pause Cleanup 94M->94M(256M) 0.094ms
[140.654s][info][gc,cpu      ] GC(233) User=0.00s Sys=0.00s Real=0.00s
[140.654s][info][gc,marking  ] GC(233) Concurrent Clear Claimed Marks
[140.654s][info][gc,marking  ] GC(233) Concurrent Clear Claimed Marks 0.057ms
[140.654s][info][gc,marking  ] GC(233) Concurrent Cleanup for Next Mark
[140.655s][info][gc,marking  ] GC(233) Concurrent Cleanup for Next Mark 0.876ms
[140.655s][info][gc          ] GC(233) Concurrent Mark Cycle 179.970ms
[141.019s][info][gc,start    ] GC(234) Pause Young (Prepare Mixed) (G1 Evacuation Pause)
[141.019s][info][gc,task     ] GC(234) Using 2 workers of 2 for evacuation
[141.029s][info][gc,phases   ] GC(234)   Pre Evacuate Collection Set: 0.19ms
[141.029s][info][gc,phases   ] GC(234)   Merge Heap Roots: 0.09ms
[141.029s][info][gc,phases   ] GC(234)   Evacuate Collection Set: 8.22ms
[141.029s][info][gc,phases   ] GC(234)   Post Evacuate Collection Set: 1.01ms
[141.029s][info][gc,phases   ] GC(234)   Other: 0.28ms
[141.029s][info][gc,heap     ] GC(234) Eden regions: 146->0(145)
[141.029s][info][gc,heap     ] GC(234) Survivor regions: 7->8(20)
[141.029s][info][gc,heap     ] GC(234) Old regions: 64->64
[141.029s][info][gc,heap     ] GC(234) Humongous regions: 5->1
[141.029s][info][gc,metaspace] GC(234) Metaspace: 41542K(42048K)->41542K(42048K) NonClass: 37204K(37504K)->37204K(37504K) Class: 4338K(4544K)->4338K(4544K)
[141.029s][info][gc          ] GC(234) Pause Young (Prepare Mixed) (G1 Evacuation Pause) 220M->71M(256M) 10.109ms
[141.029s][info][gc,cpu      ] GC(234) User=0.01s Sys=0.00s Real=0.01s
[141.441s][info][gc,start    ] GC(235) Pause Young (Mixed) (G1 Evacuation Pause)
[141.441s][info][gc,task     ] GC(235) Using 2 workers of 2 for evacuation
[141.449s][info][gc,phases   ] GC(235)   Pre Evacuate Collection Set: 0.15ms
[141.449s][info][gc,phases   ] GC(235)   Merge Heap Roots: 0.08ms
[141.449s][info][gc,phases   ] GC(235)   Evacuate Collection Set: 7.63ms
[141.449s][info][gc,phases   ] GC(235)   Post Evacuate Collection Set: 0.43ms
[141.449s][info][gc,phases   ] GC(235)   Other: 0.07ms
[141.449s][info][gc,heap     ] GC(235) Eden regions: 145->0(144)
[141.449s][info][gc,heap     ] GC(235) Survivor regions: 8->9(20)
[141.449s][info][gc,heap     ] GC(235) Old regions: 64->59
[141.449s][info][gc,heap     ] GC(235) Humongous regions: 1->1
[141.449s][info][gc,metaspace] GC(235) Metaspace: 41543K(42048K)->41543K(42048K) NonClass: 37205K(37504K)->37205K(37504K) Class: 4338K(4544K)->4338K(4544K)
[141.449s][info][gc          ] GC(235) Pause Young (Mixed) (G1 Evacuation Pause) 216M->67M(256M) 8.572ms
[141.449s][info][gc,cpu      ] GC(235) User=0.02s Sys=0.00s Real=0.01s
[141.822s][info][gc,start    ] GC(236) Pause Young (Concurrent Start) (G1 Evacuation Pause)
[141.822s][info][gc,task     ] GC(236) Using 2 workers of 2 for evacuation
[141.829s][info][gc,phases   ] GC(236)   Pre Evacuate Collection Set: 0.18ms
[141.829s][info][gc,phases   ] GC(236)   Merge Heap Roots: 0.08ms
[141.829s][info][gc,phases   ] GC(236)   Evacuate Collection Set: 5.77ms
[141.829s][info][gc,phases   ] GC(236)   Post Evacuate Collection Set: 0.42ms
[141.829s][info][gc,phases   ] GC(236)   Other: 0.10ms
[141.829s][info][gc,heap     ] GC(236) Eden regions: 144->0(144)
[141.829s][info][gc,heap     ] GC(236) Survivor regions: 9->9(20)
[141.829s][info][gc,heap     ] GC(236) Old regions: 59->59
[141.829s][info][gc,heap     ] GC(236) Humongous regions: 1->1
[141.829s][info][gc,metaspace] GC(236) Metaspace: 41546K(42048K)->41546K(42048K) NonClass: 37207K(37504K)->37207K(37504K) Class: 4338K(4544K)->4338K(4544K)
[141.829s][info][gc          ] GC(236) Pause Young (Concurrent Start) (G1 Evacuation Pause) 211M->67M(256M) 6.792ms
[141.829s][info][gc,cpu      ] GC(236) User=0.02s Sys=0.00s Real=0.00s
[141.829s][info][gc          ] GC(237) Concurrent Mark Cycle
[141.831s][info][gc,marking  ] GC(237) Concurrent Scan Root Regions
[141.837s][info][gc,marking  ] GC(237) Concurrent Scan Root Regions 5.540ms
[141.837s][info][gc,marking  ] GC(237) Concurrent Mark
[141.837s][info][gc,marking  ] GC(237) Concurrent Mark From Roots
[141.837s][info][gc,task     ] GC(237) Using 1 workers of 1 for marking
[141.928s][info][gc,marking  ] GC(237) Concurrent Mark From Roots 91.208ms
[141.928s][info][gc,marking  ] GC(237) Concurrent Preclean
[141.928s][info][gc,marking  ] GC(237) Concurrent Preclean 0.044ms
[141.928s][info][gc,start    ] GC(237) Pause Remark
[141.944s][info][gc          ] GC(237) Pause Remark 97M->97M(256M) 15.243ms
[141.944s][info][gc,cpu      ] GC(237) User=0.03s Sys=0.00s Real=0.02s
[141.946s][info][gc,marking  ] GC(237) Concurrent Mark 109.277ms
[141.946s][info][gc,marking  ] GC(237) Concurrent Rebuild Remembered Sets and Scrub Regions
[142.000s][info][gc,marking  ] GC(237) Concurrent Rebuild Remembered Sets and Scrub Regions 53.407ms
[142.000s][info][gc,start    ] GC(237) Pause Cleanup
[142.000s][info][gc          ] GC(237) Pause Cleanup 113M->113M(256M) 0.050ms
[142.000s][info][gc,cpu      ] GC(237) User=0.00s Sys=0.00s Real=0.00s
[142.000s][info][gc,marking  ] GC(237) Concurrent Clear Claimed Marks
[142.000s][info][gc,marking  ] GC(237) Concurrent Clear Claimed Marks 0.039ms
[142.000s][info][gc,marking  ] GC(237) Concurrent Cleanup for Next Mark
[142.001s][info][gc,marking  ] GC(237) Concurrent Cleanup for Next Mark 0.749ms
[142.001s][info][gc          ] GC(237) Concurrent Mark Cycle 171.640ms
[142.255s][info][gc,start    ] GC(238) Pause Young (Prepare Mixed) (G1 Evacuation Pause)
[142.255s][info][gc,task     ] GC(238) Using 2 workers of 2 for evacuation
[142.269s][info][gc,phases   ] GC(238)   Pre Evacuate Collection Set: 1.07ms
[142.269s][info][gc,phases   ] GC(238)   Merge Heap Roots: 0.09ms
[142.269s][info][gc,phases   ] GC(238)   Evacuate Collection Set: 9.49ms
[142.269s][info][gc,phases   ] GC(238)   Post Evacuate Collection Set: 3.44ms
[142.269s][info][gc,phases   ] GC(238)   Other: 0.10ms
[142.269s][info][gc,heap     ] GC(238) Eden regions: 144->0(143)
[142.269s][info][gc,heap     ] GC(238) Survivor regions: 9->10(20)
[142.269s][info][gc,heap     ] GC(238) Old regions: 59->59
[142.269s][info][gc,heap     ] GC(238) Humongous regions: 1->1
[142.269s][info][gc,metaspace] GC(238) Metaspace: 41547K(42048K)->41547K(42048K) NonClass: 37209K(37504K)->37209K(37504K) Class: 4338K(4544K)->4338K(4544K)
[142.269s][info][gc          ] GC(238) Pause Young (Prepare Mixed) (G1 Evacuation Pause) 211M->68M(256M) 14.430ms
[142.269s][info][gc,cpu      ] GC(238) User=0.03s Sys=0.00s Real=0.02s
[142.628s][info][gc,start    ] GC(239) Pause Young (Mixed) (G1 Evacuation Pause)
[142.628s][info][gc,task     ] GC(239) Using 2 workers of 2 for evacuation
[142.646s][info][gc,phases   ] GC(239)   Pre Evacuate Collection Set: 0.16ms
[142.646s][info][gc,phases   ] GC(239)   Merge Heap Roots: 0.16ms
[142.646s][info][gc,phases   ] GC(239)   Evacuate Collection Set: 16.45ms
[142.646s][info][gc,phases   ] GC(239)   Post Evacuate Collection Set: 0.62ms
[142.646s][info][gc,phases   ] GC(239)   Other: 0.10ms
[142.646s][info][gc,heap     ] GC(239) Eden regions: 143->0(141)
[142.646s][info][gc,heap     ] GC(239) Survivor regions: 10->12(20)
[142.646s][info][gc,heap     ] GC(239) Old regions: 59->51
[142.646s][info][gc,heap     ] GC(239) Humongous regions: 1->1
[142.646s][info][gc,metaspace] GC(239) Metaspace: 41547K(42048K)->41547K(42048K) NonClass: 37209K(37504K)->37209K(37504K) Class: 4338K(4544K)->4338K(4544K)
[142.646s][info][gc          ] GC(239) Pause Young (Mixed) (G1 Evacuation Pause) 211M->62M(256M) 17.750ms
[142.646s][info][gc,cpu      ] GC(239) User=0.03s Sys=0.00s Real=0.02s
[143.184s][info][gc,start    ] GC(240) Pause Young (Concurrent Start) (G1 Evacuation Pause)
[143.184s][info][gc,task     ] GC(240) Using 2 workers of 2 for evacuation
[143.194s][info][gc,phases   ] GC(240)   Pre Evacuate Collection Set: 0.18ms
[143.194s][info][gc,phases   ] GC(240)   Merge Heap Roots: 0.07ms
[143.194s][info][gc,phases   ] GC(240)   Evacuate Collection Set: 9.08ms
[143.194s][info][gc,phases   ] GC(240)   Post Evacuate Collection Set: 0.43ms
[143.194s][info][gc,phases   ] GC(240)   Other: 0.13ms
[143.194s][info][gc,heap     ] GC(240) Eden regions: 141->0(143)
[143.194s][info][gc,heap     ] GC(240) Survivor regions: 12->10(20)
[143.194s][info][gc,heap     ] GC(240) Old regions: 51->52
[143.194s][info][gc,heap     ] GC(240) Humongous regions: 1->1
[143.194s][info][gc,metaspace] GC(240) Metaspace: 41553K(42048K)->41553K(42048K) NonClass: 37215K(37504K)->37215K(37504K) Class: 4338K(4544K)->4338K(4544K)
[143.194s][info][gc          ] GC(240) Pause Young (Concurrent Start) (G1 Evacuation Pause) 203M->62M(256M) 10.121ms
[143.194s][info][gc,cpu      ] GC(240) User=0.01s Sys=0.00s Real=0.01s
[143.194s][info][gc          ] GC(241) Concurrent Mark Cycle
[143.194s][info][gc,marking  ] GC(241) Concurrent Scan Root Regions
[143.203s][info][gc,marking  ] GC(241) Concurrent Scan Root Regions 8.131ms
[143.203s][info][gc,marking  ] GC(241) Concurrent Mark
[143.203s][info][gc,marking  ] GC(241) Concurrent Mark From Roots
[143.203s][info][gc,task     ] GC(241) Using 1 workers of 1 for marking
[143.357s][info][gc,marking  ] GC(241) Concurrent Mark From Roots 154.673ms
[143.357s][info][gc,marking  ] GC(241) Concurrent Preclean
[143.357s][info][gc,marking  ] GC(241) Concurrent Preclean 0.039ms
[143.358s][info][gc,start    ] GC(241) Pause Remark
[143.374s][info][gc          ] GC(241) Pause Remark 92M->92M(256M) 16.935ms
[143.374s][info][gc,cpu      ] GC(241) User=0.03s Sys=0.00s Real=0.02s
[143.375s][info][gc,marking  ] GC(241) Concurrent Mark 171.954ms
[143.375s][info][gc,marking  ] GC(241) Concurrent Rebuild Remembered Sets and Scrub Regions
[143.440s][info][gc,marking  ] GC(241) Concurrent Rebuild Remembered Sets and Scrub Regions 65.047ms
[143.441s][info][gc,start    ] GC(241) Pause Cleanup
[143.441s][info][gc          ] GC(241) Pause Cleanup 102M->102M(256M) 0.064ms
[143.441s][info][gc,cpu      ] GC(241) User=0.00s Sys=0.00s Real=0.00s
[143.441s][info][gc,marking  ] GC(241) Concurrent Clear Claimed Marks
[143.441s][info][gc,marking  ] GC(241) Concurrent Clear Claimed Marks 0.060ms
[143.441s][info][gc,marking  ] GC(241) Concurrent Cleanup for Next Mark
[143.444s][info][gc,marking  ] GC(241) Concurrent Cleanup for Next Mark 2.359ms
[143.444s][info][gc          ] GC(241) Concurrent Mark Cycle 249.457ms
[143.752s][info][gc,start    ] GC(242) Pause Young (Prepare Mixed) (G1 Evacuation Pause)
[143.752s][info][gc,task     ] GC(242) Using 2 workers of 2 for evacuation
[143.761s][info][gc,phases   ] GC(242)   Pre Evacuate Collection Set: 0.17ms
[143.762s][info][gc,phases   ] GC(242)   Merge Heap Roots: 0.07ms
[143.762s][info][gc,phases   ] GC(242)   Evacuate Collection Set: 8.37ms
[143.762s][info][gc,phases   ] GC(242)   Post Evacuate Collection Set: 0.63ms
[143.762s][info][gc,phases   ] GC(242)   Other: 0.09ms
[143.762s][info][gc,heap     ] GC(242) Eden regions: 143->0(140)
[143.762s][info][gc,heap     ] GC(242) Survivor regions: 10->13(20)
[143.762s][info][gc,heap     ] GC(242) Old regions: 52->52
[143.762s][info][gc,heap     ] GC(242) Humongous regions: 1->1
[143.762s][info][gc,metaspace] GC(242) Metaspace: 41554K(42048K)->41554K(42048K) NonClass: 37215K(37504K)->37215K(37504K) Class: 4338K(4544K)->4338K(4544K)
[143.762s][info][gc          ] GC(242) Pause Young (Prepare Mixed) (G1 Evacuation Pause) 205M->65M(256M) 9.551ms
[143.762s][info][gc,cpu      ] GC(242) User=0.01s Sys=0.00s Real=0.01s
[144.379s][info][gc,start    ] GC(243) Pause Young (Mixed) (G1 Evacuation Pause)
[144.379s][info][gc,task     ] GC(243) Using 2 workers of 2 for evacuation
[144.398s][info][gc,phases   ] GC(243)   Pre Evacuate Collection Set: 0.17ms
[144.398s][info][gc,phases   ] GC(243)   Merge Heap Roots: 0.26ms
[144.398s][info][gc,phases   ] GC(243)   Evacuate Collection Set: 17.60ms
[144.398s][info][gc,phases   ] GC(243)   Post Evacuate Collection Set: 0.49ms
[144.398s][info][gc,phases   ] GC(243)   Other: 0.09ms
[144.398s][info][gc,heap     ] GC(243) Eden regions: 140->0(149)
[144.398s][info][gc,heap     ] GC(243) Survivor regions: 13->4(20)
[144.398s][info][gc,heap     ] GC(243) Old regions: 52->52
[144.398s][info][gc,heap     ] GC(243) Humongous regions: 1->1
[144.398s][info][gc,metaspace] GC(243) Metaspace: 41573K(42048K)->41573K(42048K) NonClass: 37234K(37504K)->37234K(37504K) Class: 4338K(4544K)->4338K(4544K)
[144.398s][info][gc          ] GC(243) Pause Young (Mixed) (G1 Evacuation Pause) 205M->56M(256M) 18.832ms
[144.398s][info][gc,cpu      ] GC(243) User=0.04s Sys=0.00s Real=0.02s
[144.977s][info][gc,start    ] GC(244) Pause Young (Concurrent Start) (G1 Humongous Allocation)
[144.977s][info][gc,task     ] GC(244) Using 2 workers of 2 for evacuation
[144.982s][info][gc,phases   ] GC(244)   Pre Evacuate Collection Set: 0.19ms
[144.982s][info][gc,phases   ] GC(244)   Merge Heap Roots: 0.10ms
[144.982s][info][gc,phases   ] GC(244)   Evacuate Collection Set: 3.87ms
[144.982s][info][gc,phases   ] GC(244)   Post Evacuate Collection Set: 0.32ms
[144.982s][info][gc,phases   ] GC(244)   Other: 0.17ms
[144.982s][info][gc,heap     ] GC(244) Eden regions: 59->0(149)
[144.982s][info][gc,heap     ] GC(244) Survivor regions: 4->4(20)
[144.982s][info][gc,heap     ] GC(244) Old regions: 52->52
[144.982s][info][gc,heap     ] GC(244) Humongous regions: 1->1
[144.982s][info][gc,metaspace] GC(244) Metaspace: 41602K(42048K)->41602K(42048K) NonClass: 37264K(37504K)->37264K(37504K) Class: 4338K(4544K)->4338K(4544K)
[144.982s][info][gc          ] GC(244) Pause Young (Concurrent Start) (G1 Humongous Allocation) 114M->56M(256M) 4.836ms
[144.982s][info][gc,cpu      ] GC(244) User=0.01s Sys=0.00s Real=0.01s
[144.982s][info][gc          ] GC(245) Concurrent Mark Cycle
[144.982s][info][gc,marking  ] GC(245) Concurrent Scan Root Regions
[144.987s][info][gc,marking  ] GC(245) Concurrent Scan Root Regions 5.025ms
[144.987s][info][gc,marking  ] GC(245) Concurrent Mark
[144.987s][info][gc,marking  ] GC(245) Concurrent Mark From Roots
[144.987s][info][gc,task     ] GC(245) Using 1 workers of 1 for marking
[145.060s][info][gc,marking  ] GC(245) Concurrent Mark From Roots 72.886ms
[145.060s][info][gc,marking  ] GC(245) Concurrent Preclean
[145.060s][info][gc,marking  ] GC(245) Concurrent Preclean 0.265ms
[145.061s][info][gc,start    ] GC(245) Pause Remark
[145.079s][info][gc          ] GC(245) Pause Remark 64M->64M(256M) 17.639ms
[145.079s][info][gc,cpu      ] GC(245) User=0.03s Sys=0.00s Real=0.01s
[145.079s][info][gc,marking  ] GC(245) Concurrent Mark 91.878ms
[145.079s][info][gc,marking  ] GC(245) Concurrent Rebuild Remembered Sets and Scrub Regions
[145.133s][info][gc,marking  ] GC(245) Concurrent Rebuild Remembered Sets and Scrub Regions 53.777ms
[145.133s][info][gc,start    ] GC(245) Pause Cleanup
[145.133s][info][gc          ] GC(245) Pause Cleanup 71M->71M(256M) 0.064ms
[145.133s][info][gc,cpu      ] GC(245) User=0.00s Sys=0.00s Real=0.00s
[145.134s][info][gc,marking  ] GC(245) Concurrent Clear Claimed Marks
[145.134s][info][gc,marking  ] GC(245) Concurrent Clear Claimed Marks 0.049ms
[145.134s][info][gc,marking  ] GC(245) Concurrent Cleanup for Next Mark
[145.135s][info][gc,marking  ] GC(245) Concurrent Cleanup for Next Mark 0.787ms
[145.135s][info][gc          ] GC(245) Concurrent Mark Cycle 152.697ms
[146.023s][info][gc,start    ] GC(246) Pause Young (Prepare Mixed) (G1 Evacuation Pause)
[146.023s][info][gc,task     ] GC(246) Using 2 workers of 2 for evacuation
[146.042s][info][gc,phases   ] GC(246)   Pre Evacuate Collection Set: 0.18ms
[146.042s][info][gc,phases   ] GC(246)   Merge Heap Roots: 0.10ms
[146.042s][info][gc,phases   ] GC(246)   Evacuate Collection Set: 17.59ms
[146.042s][info][gc,phases   ] GC(246)   Post Evacuate Collection Set: 0.53ms
[146.042s][info][gc,phases   ] GC(246)   Other: 0.10ms
[146.042s][info][gc,heap     ] GC(246) Eden regions: 149->0(140)
[146.042s][info][gc,heap     ] GC(246) Survivor regions: 4->13(20)
[146.042s][info][gc,heap     ] GC(246) Old regions: 52->52
[146.042s][info][gc,heap     ] GC(246) Humongous regions: 13->3
[146.042s][info][gc,metaspace] GC(246) Metaspace: 41675K(42176K)->41675K(42176K) NonClass: 37336K(37632K)->37336K(37632K) Class: 4338K(4544K)->4338K(4544K)
[146.042s][info][gc          ] GC(246) Pause Young (Prepare Mixed) (G1 Evacuation Pause) 217M->67M(256M) 18.746ms
[146.042s][info][gc,cpu      ] GC(246) User=0.03s Sys=0.00s Real=0.02s
[146.391s][info][gc,start    ] GC(247) Pause Young (Mixed) (G1 Evacuation Pause)
[146.391s][info][gc,task     ] GC(247) Using 2 workers of 2 for evacuation
[146.426s][info][gc,phases   ] GC(247)   Pre Evacuate Collection Set: 0.16ms
[146.426s][info][gc,phases   ] GC(247)   Merge Heap Roots: 0.17ms
[146.426s][info][gc,phases   ] GC(247)   Evacuate Collection Set: 33.68ms
[146.426s][info][gc,phases   ] GC(247)   Post Evacuate Collection Set: 0.49ms
[146.426s][info][gc,phases   ] GC(247)   Other: 0.08ms
[146.426s][info][gc,heap     ] GC(247) Eden regions: 140->0(137)
[146.426s][info][gc,heap     ] GC(247) Survivor regions: 13->16(20)
[146.426s][info][gc,heap     ] GC(247) Old regions: 52->56
[146.426s][info][gc,heap     ] GC(247) Humongous regions: 4->4
[146.426s][info][gc,metaspace] GC(247) Metaspace: 41675K(42176K)->41675K(42176K) NonClass: 37336K(37632K)->37336K(37632K) Class: 4338K(4544K)->4338K(4544K)
[146.426s][info][gc          ] GC(247) Pause Young (Mixed) (G1 Evacuation Pause) 208M->75M(256M) 34.804ms
[146.426s][info][gc,cpu      ] GC(247) User=0.06s Sys=0.00s Real=0.03s
[146.684s][info][gc,start    ] GC(248) Pause Young (Concurrent Start) (G1 Humongous Allocation)
[146.684s][info][gc,task     ] GC(248) Using 2 workers of 2 for evacuation
[146.717s][info][gc,phases   ] GC(248)   Pre Evacuate Collection Set: 0.18ms
[146.717s][info][gc,phases   ] GC(248)   Merge Heap Roots: 0.07ms
[146.717s][info][gc,phases   ] GC(248)   Evacuate Collection Set: 32.20ms
[146.717s][info][gc,phases   ] GC(248)   Post Evacuate Collection Set: 0.53ms
[146.717s][info][gc,phases   ] GC(248)   Other: 0.10ms
[146.717s][info][gc,heap     ] GC(248) Eden regions: 108->0(135)
[146.717s][info][gc,heap     ] GC(248) Survivor regions: 16->12(20)
[146.717s][info][gc,heap     ] GC(248) Old regions: 56->72
[146.717s][info][gc,heap     ] GC(248) Humongous regions: 4->4
[146.717s][info][gc,metaspace] GC(248) Metaspace: 41675K(42176K)->41675K(42176K) NonClass: 37336K(37632K)->37336K(37632K) Class: 4338K(4544K)->4338K(4544K)
[146.717s][info][gc          ] GC(248) Pause Young (Concurrent Start) (G1 Humongous Allocation) 183M->87M(256M) 33.287ms
[146.717s][info][gc          ] GC(249) Concurrent Mark Cycle
[146.717s][info][gc,marking  ] GC(249) Concurrent Scan Root Regions
[146.718s][info][gc,cpu      ] GC(248) User=0.05s Sys=0.00s Real=0.03s
[146.758s][info][gc,marking  ] GC(249) Concurrent Scan Root Regions 40.040ms
[146.758s][info][gc,marking  ] GC(249) Concurrent Mark
[146.758s][info][gc,marking  ] GC(249) Concurrent Mark From Roots
[146.758s][info][gc,task     ] GC(249) Using 1 workers of 1 for marking
[146.842s][info][gc,marking  ] GC(249) Concurrent Mark From Roots 84.565ms
[146.842s][info][gc,marking  ] GC(249) Concurrent Preclean
[146.842s][info][gc,marking  ] GC(249) Concurrent Preclean 0.049ms
[146.842s][info][gc,start    ] GC(249) Pause Remark
[146.859s][info][gc          ] GC(249) Pause Remark 122M->121M(256M) 17.029ms
[146.859s][info][gc,cpu      ] GC(249) User=0.03s Sys=0.00s Real=0.02s
[146.860s][info][gc,marking  ] GC(249) Concurrent Mark 102.574ms
[146.860s][info][gc,marking  ] GC(249) Concurrent Rebuild Remembered Sets and Scrub Regions
[146.902s][info][gc,marking  ] GC(249) Concurrent Rebuild Remembered Sets and Scrub Regions 41.697ms
[146.902s][info][gc,start    ] GC(249) Pause Cleanup
[146.902s][info][gc          ] GC(249) Pause Cleanup 127M->127M(256M) 0.067ms
[146.902s][info][gc,cpu      ] GC(249) User=0.00s Sys=0.00s Real=0.00s
[146.902s][info][gc,marking  ] GC(249) Concurrent Clear Claimed Marks
[146.902s][info][gc,marking  ] GC(249) Concurrent Clear Claimed Marks 0.039ms
[146.902s][info][gc,marking  ] GC(249) Concurrent Cleanup for Next Mark
[146.903s][info][gc,marking  ] GC(249) Concurrent Cleanup for Next Mark 0.731ms
[146.903s][info][gc          ] GC(249) Concurrent Mark Cycle 185.495ms
[147.129s][info][gc,start    ] GC(250) Pause Young (Prepare Mixed) (G1 Evacuation Pause)
[147.129s][info][gc,task     ] GC(250) Using 2 workers of 2 for evacuation
[147.164s][info][gc,phases   ] GC(250)   Pre Evacuate Collection Set: 0.13ms
[147.164s][info][gc,phases   ] GC(250)   Merge Heap Roots: 0.75ms
[147.164s][info][gc,phases   ] GC(250)   Evacuate Collection Set: 33.64ms
[147.164s][info][gc,phases   ] GC(250)   Post Evacuate Collection Set: 0.50ms
[147.164s][info][gc,phases   ] GC(250)   Other: 0.09ms
[147.164s][info][gc,heap     ] GC(250) Eden regions: 135->0(120)
[147.164s][info][gc,heap     ] GC(250) Survivor regions: 12->15(19)
[147.164s][info][gc,heap     ] GC(250) Old regions: 71->83
[147.164s][info][gc,heap     ] GC(250) Humongous regions: 6->6
[147.164s][info][gc,metaspace] GC(250) Metaspace: 41675K(42176K)->41675K(42176K) NonClass: 37336K(37632K)->37336K(37632K) Class: 4338K(4544K)->4338K(4544K)
[147.164s][info][gc          ] GC(250) Pause Young (Prepare Mixed) (G1 Evacuation Pause) 223M->103M(256M) 35.332ms
[147.164s][info][gc,cpu      ] GC(250) User=0.06s Sys=0.00s Real=0.03s
[147.501s][info][gc,start    ] GC(251) Pause Young (Mixed) (G1 Evacuation Pause)
[147.501s][info][gc,task     ] GC(251) Using 2 workers of 2 for evacuation
[147.545s][info][gc,phases   ] GC(251)   Pre Evacuate Collection Set: 0.17ms
[147.545s][info][gc,phases   ] GC(251)   Merge Heap Roots: 0.15ms
[147.545s][info][gc,phases   ] GC(251)   Evacuate Collection Set: 43.05ms
[147.545s][info][gc,phases   ] GC(251)   Post Evacuate Collection Set: 0.48ms
[147.545s][info][gc,phases   ] GC(251)   Other: 0.07ms
[147.545s][info][gc,heap     ] GC(251) Eden regions: 120->0(113)
[147.545s][info][gc,heap     ] GC(251) Survivor regions: 15->16(17)
[147.545s][info][gc,heap     ] GC(251) Old regions: 83->88
[147.545s][info][gc,heap     ] GC(251) Humongous regions: 6->6
[147.545s][info][gc,metaspace] GC(251) Metaspace: 41676K(42176K)->41676K(42176K) NonClass: 37337K(37632K)->37337K(37632K) Class: 4338K(4544K)->4338K(4544K)
[147.545s][info][gc          ] GC(251) Pause Young (Mixed) (G1 Evacuation Pause) 223M->109M(256M) 44.147ms
[147.545s][info][gc,cpu      ] GC(251) User=0.09s Sys=0.00s Real=0.04s
[147.652s][info][gc,start    ] GC(252) Pause Young (Concurrent Start) (G1 Humongous Allocation)
[147.652s][info][gc,task     ] GC(252) Using 2 workers of 2 for evacuation
[147.673s][info][gc,phases   ] GC(252)   Pre Evacuate Collection Set: 0.28ms
[147.673s][info][gc,phases   ] GC(252)   Merge Heap Roots: 0.93ms
[147.673s][info][gc,phases   ] GC(252)   Evacuate Collection Set: 19.13ms
[147.673s][info][gc,phases   ] GC(252)   Post Evacuate Collection Set: 0.35ms
[147.673s][info][gc,phases   ] GC(252)   Other: 0.11ms
[147.673s][info][gc,heap     ] GC(252) Eden regions: 35->0(114)
[147.673s][info][gc,heap     ] GC(252) Survivor regions: 16->4(17)
[147.673s][info][gc,heap     ] GC(252) Old regions: 88->100
[147.673s][info][gc,heap     ] GC(252) Humongous regions: 6->6
[147.673s][info][gc,metaspace] GC(252) Metaspace: 41676K(42176K)->41676K(42176K) NonClass: 37338K(37632K)->37338K(37632K) Class: 4338K(4544K)->4338K(4544K)
[147.673s][info][gc          ] GC(252) Pause Young (Concurrent Start) (G1 Humongous Allocation) 144M->110M(256M) 20.992ms
[147.673s][info][gc,cpu      ] GC(252) User=0.03s Sys=0.00s Real=0.02s
[147.673s][info][gc          ] GC(253) Concurrent Mark Cycle
[147.673s][info][gc,marking  ] GC(253) Concurrent Scan Root Regions
[147.703s][info][gc,marking  ] GC(253) Concurrent Scan Root Regions 30.247ms
[147.703s][info][gc,marking  ] GC(253) Concurrent Mark
[147.703s][info][gc,marking  ] GC(253) Concurrent Mark From Roots
[147.703s][info][gc,task     ] GC(253) Using 1 workers of 1 for marking
[147.869s][info][gc,marking  ] GC(253) Concurrent Mark From Roots 165.934ms
[147.869s][info][gc,marking  ] GC(253) Concurrent Preclean
[147.869s][info][gc,marking  ] GC(253) Concurrent Preclean 0.041ms
[147.871s][info][gc,start    ] GC(253) Pause Remark
[147.893s][info][gc          ] GC(253) Pause Remark 152M->151M(256M) 22.385ms
[147.893s][info][gc,cpu      ] GC(253) User=0.04s Sys=0.00s Real=0.02s
[147.896s][info][gc,marking  ] GC(253) Concurrent Mark 192.935ms
[147.896s][info][gc,marking  ] GC(253) Concurrent Rebuild Remembered Sets and Scrub Regions
[148.052s][info][gc,marking  ] GC(253) Concurrent Rebuild Remembered Sets and Scrub Regions 155.625ms
[148.052s][info][gc,start    ] GC(253) Pause Cleanup
[148.052s][info][gc          ] GC(253) Pause Cleanup 186M->186M(256M) 0.058ms
[148.052s][info][gc,cpu      ] GC(253) User=0.00s Sys=0.00s Real=0.00s
[148.052s][info][gc,marking  ] GC(253) Concurrent Clear Claimed Marks
[148.052s][info][gc,marking  ] GC(253) Concurrent Clear Claimed Marks 0.042ms
[148.052s][info][gc,marking  ] GC(253) Concurrent Cleanup for Next Mark
[148.053s][info][gc,marking  ] GC(253) Concurrent Cleanup for Next Mark 0.766ms
[148.053s][info][gc          ] GC(253) Concurrent Mark Cycle 380.135ms
[148.150s][info][gc,start    ] GC(254) Pause Young (Prepare Mixed) (G1 Evacuation Pause)
[148.151s][info][gc,task     ] GC(254) Using 2 workers of 2 for evacuation
[148.173s][info][gc,phases   ] GC(254)   Pre Evacuate Collection Set: 0.14ms
[148.173s][info][gc,phases   ] GC(254)   Merge Heap Roots: 0.12ms
[148.173s][info][gc,phases   ] GC(254)   Evacuate Collection Set: 22.02ms
[148.173s][info][gc,phases   ] GC(254)   Post Evacuate Collection Set: 0.44ms
[148.173s][info][gc,phases   ] GC(254)   Other: 0.07ms
[148.173s][info][gc,heap     ] GC(254) Eden regions: 114->0(103)
[148.173s][info][gc,heap     ] GC(254) Survivor regions: 4->15(15)
[148.173s][info][gc,heap     ] GC(254) Old regions: 100->100
[148.173s][info][gc,heap     ] GC(254) Humongous regions: 9->9
[148.173s][info][gc,metaspace] GC(254) Metaspace: 41676K(42176K)->41676K(42176K) NonClass: 37338K(37632K)->37338K(37632K) Class: 4338K(4544K)->4338K(4544K)
[148.173s][info][gc          ] GC(254) Pause Young (Prepare Mixed) (G1 Evacuation Pause) 227M->124M(256M) 22.989ms
[148.174s][info][gc,cpu      ] GC(254) User=0.04s Sys=0.00s Real=0.02s
[150.282s][info][gc,start    ] GC(255) Pause Young (Mixed) (G1 Evacuation Pause)
[150.282s][info][gc,task     ] GC(255) Using 2 workers of 2 for evacuation
[150.346s][info][gc,phases   ] GC(255)   Pre Evacuate Collection Set: 0.15ms
[150.346s][info][gc,phases   ] GC(255)   Merge Heap Roots: 0.33ms
[150.346s][info][gc,phases   ] GC(255)   Evacuate Collection Set: 61.99ms
[150.346s][info][gc,phases   ] GC(255)   Post Evacuate Collection Set: 1.43ms
[150.346s][info][gc,phases   ] GC(255)   Other: 0.09ms
[150.346s][info][gc,heap     ] GC(255) Eden regions: 103->0(219)
[150.346s][info][gc,heap     ] GC(255) Survivor regions: 15->10(15)
[150.346s][info][gc,heap     ] GC(255) Old regions: 100->112
[150.346s][info][gc,heap     ] GC(255) Humongous regions: 17->15
[150.346s][info][gc,metaspace] GC(255) Metaspace: 41679K(42176K)->41679K(42176K) NonClass: 37341K(37632K)->37341K(37632K) Class: 4338K(4544K)->4338K(4544K)
[150.346s][info][gc          ] GC(255) Pause Young (Mixed) (G1 Evacuation Pause) 235M->136M(405M) 64.199ms
[150.346s][info][gc,cpu      ] GC(255) User=0.09s Sys=0.00s Real=0.06s
[152.881s][info][gc,start    ] GC(256) Pause Young (Normal) (G1 Evacuation Pause)
[152.882s][info][gc,task     ] GC(256) Using 2 workers of 2 for evacuation
[152.917s][info][gc,phases   ] GC(256)   Pre Evacuate Collection Set: 0.23ms
[152.918s][info][gc,phases   ] GC(256)   Merge Heap Roots: 0.21ms
[152.918s][info][gc,phases   ] GC(256)   Evacuate Collection Set: 34.69ms
[152.918s][info][gc,phases   ] GC(256)   Post Evacuate Collection Set: 0.74ms
[152.918s][info][gc,phases   ] GC(256)   Other: 0.12ms
[152.918s][info][gc,heap     ] GC(256) Eden regions: 219->0(223)
[152.918s][info][gc,heap     ] GC(256) Survivor regions: 10->13(29)
[152.918s][info][gc,heap     ] GC(256) Old regions: 112->112
[152.918s][info][gc,heap     ] GC(256) Humongous regions: 17->15
[152.918s][info][gc,metaspace] GC(256) Metaspace: 41736K(42176K)->41736K(42176K) NonClass: 37398K(37632K)->37398K(37632K) Class: 4338K(4544K)->4338K(4544K)
[152.918s][info][gc          ] GC(256) Pause Young (Normal) (G1 Evacuation Pause) 357M->140M(405M) 36.215ms
[152.918s][info][gc,cpu      ] GC(256) User=0.07s Sys=0.00s Real=0.03s
[154.060s][info][gc,start    ] GC(257) Pause Young (Normal) (G1 Evacuation Pause)
[154.060s][info][gc,task     ] GC(257) Using 2 workers of 2 for evacuation
[154.093s][info][gc,phases   ] GC(257)   Pre Evacuate Collection Set: 0.19ms
[154.094s][info][gc,phases   ] GC(257)   Merge Heap Roots: 0.18ms
[154.094s][info][gc,phases   ] GC(257)   Evacuate Collection Set: 31.97ms
[154.094s][info][gc,phases   ] GC(257)   Post Evacuate Collection Set: 0.56ms
[154.094s][info][gc,phases   ] GC(257)   Other: 0.11ms
[154.094s][info][gc,heap     ] GC(257) Eden regions: 223->0(217)
[154.094s][info][gc,heap     ] GC(257) Survivor regions: 13->20(30)
[154.094s][info][gc,heap     ] GC(257) Old regions: 112->112
[154.094s][info][gc,heap     ] GC(257) Humongous regions: 15->15
[154.094s][info][gc,metaspace] GC(257) Metaspace: 41737K(42176K)->41737K(42176K) NonClass: 37398K(37632K)->37398K(37632K) Class: 4338K(4544K)->4338K(4544K)
[154.094s][info][gc          ] GC(257) Pause Young (Normal) (G1 Evacuation Pause) 363M->147M(405M) 33.214ms
[154.094s][info][gc,cpu      ] GC(257) User=0.06s Sys=0.00s Real=0.03s
[155.435s][info][gc,start    ] GC(258) Pause Young (Concurrent Start) (G1 Evacuation Pause)
[155.435s][info][gc,task     ] GC(258) Using 2 workers of 2 for evacuation
[155.462s][info][gc,phases   ] GC(258)   Pre Evacuate Collection Set: 0.23ms
[155.462s][info][gc,phases   ] GC(258)   Merge Heap Roots: 0.17ms
[155.462s][info][gc,phases   ] GC(258)   Evacuate Collection Set: 25.64ms
[155.462s][info][gc,phases   ] GC(258)   Post Evacuate Collection Set: 0.49ms
[155.462s][info][gc,phases   ] GC(258)   Other: 0.11ms
[155.462s][info][gc,heap     ] GC(258) Eden regions: 217->0(229)
[155.462s][info][gc,heap     ] GC(258) Survivor regions: 20->8(30)
[155.462s][info][gc,heap     ] GC(258) Old regions: 112->122
[155.462s][info][gc,heap     ] GC(258) Humongous regions: 15->15
[155.462s][info][gc,metaspace] GC(258) Metaspace: 41738K(42176K)->41738K(42176K) NonClass: 37400K(37632K)->37400K(37632K) Class: 4338K(4544K)->4338K(4544K)
[155.462s][info][gc          ] GC(258) Pause Young (Concurrent Start) (G1 Evacuation Pause) 364M->145M(405M) 26.839ms
[155.462s][info][gc          ] GC(259) Concurrent Mark Cycle
[155.462s][info][gc,marking  ] GC(259) Concurrent Scan Root Regions
[155.462s][info][gc,cpu      ] GC(258) User=0.05s Sys=0.00s Real=0.03s
[155.495s][info][gc,marking  ] GC(259) Concurrent Scan Root Regions 33.313ms
[155.495s][info][gc,marking  ] GC(259) Concurrent Mark
[155.495s][info][gc,marking  ] GC(259) Concurrent Mark From Roots
[155.495s][info][gc,task     ] GC(259) Using 1 workers of 1 for marking
[155.528s][info][gc,marking  ] GC(259) Concurrent Mark From Roots 32.608ms
[155.528s][info][gc,marking  ] GC(259) Concurrent Preclean
[155.528s][info][gc,marking  ] GC(259) Concurrent Preclean 0.068ms
[155.528s][info][gc,start    ] GC(259) Pause Remark
[155.544s][info][gc          ] GC(259) Pause Remark 153M->123M(384M) 15.871ms
[155.544s][info][gc,cpu      ] GC(259) User=0.03s Sys=0.00s Real=0.02s
[155.544s][info][gc,marking  ] GC(259) Concurrent Mark 48.846ms
[155.544s][info][gc,marking  ] GC(259) Concurrent Rebuild Remembered Sets and Scrub Regions
[155.570s][info][gc,marking  ] GC(259) Concurrent Rebuild Remembered Sets and Scrub Regions 25.873ms
[155.570s][info][gc,start    ] GC(259) Pause Cleanup
[155.570s][info][gc          ] GC(259) Pause Cleanup 125M->125M(384M) 0.078ms
[155.570s][info][gc,cpu      ] GC(259) User=0.00s Sys=0.00s Real=0.00s
[155.570s][info][gc,marking  ] GC(259) Concurrent Clear Claimed Marks
[155.570s][info][gc,marking  ] GC(259) Concurrent Clear Claimed Marks 0.041ms
[155.570s][info][gc,marking  ] GC(259) Concurrent Cleanup for Next Mark
[155.573s][info][gc,marking  ] GC(259) Concurrent Cleanup for Next Mark 2.839ms
[155.573s][info][gc          ] GC(259) Concurrent Mark Cycle 111.330ms
[156.941s][info][gc,start    ] GC(260) Pause Young (Prepare Mixed) (G1 Evacuation Pause)
[156.941s][info][gc,task     ] GC(260) Using 2 workers of 2 for evacuation
[156.947s][info][gc,phases   ] GC(260)   Pre Evacuate Collection Set: 0.18ms
[156.947s][info][gc,phases   ] GC(260)   Merge Heap Roots: 0.10ms
[156.947s][info][gc,phases   ] GC(260)   Evacuate Collection Set: 5.55ms
[156.947s][info][gc,phases   ] GC(260)   Post Evacuate Collection Set: 0.46ms
[156.947s][info][gc,phases   ] GC(260)   Other: 0.07ms
[156.947s][info][gc,heap     ] GC(260) Eden regions: 222->0(224)
[156.947s][info][gc,heap     ] GC(260) Survivor regions: 8->6(29)
[156.947s][info][gc,heap     ] GC(260) Old regions: 106->106
[156.947s][info][gc,heap     ] GC(260) Humongous regions: 1->1
[156.947s][info][gc,metaspace] GC(260) Metaspace: 41738K(42176K)->41738K(42176K) NonClass: 37400K(37632K)->37400K(37632K) Class: 4338K(4544K)->4338K(4544K)
[156.947s][info][gc          ] GC(260) Pause Young (Prepare Mixed) (G1 Evacuation Pause) 337M->112M(384M) 6.542ms
[156.947s][info][gc,cpu      ] GC(260) User=0.01s Sys=0.00s Real=0.00s
[158.430s][info][gc,start    ] GC(261) Pause Young (Mixed) (G1 Evacuation Pause)
[158.430s][info][gc,task     ] GC(261) Using 2 workers of 2 for evacuation
[158.442s][info][gc,phases   ] GC(261)   Pre Evacuate Collection Set: 0.19ms
[158.442s][info][gc,phases   ] GC(261)   Merge Heap Roots: 0.19ms
[158.442s][info][gc,phases   ] GC(261)   Evacuate Collection Set: 10.79ms
[158.442s][info][gc,phases   ] GC(261)   Post Evacuate Collection Set: 0.51ms
[158.442s][info][gc,phases   ] GC(261)   Other: 0.11ms
[158.442s][info][gc,heap     ] GC(261) Eden regions: 224->0(220)
[158.442s][info][gc,heap     ] GC(261) Survivor regions: 6->10(29)
[158.442s][info][gc,heap     ] GC(261) Old regions: 106->68
[158.442s][info][gc,heap     ] GC(261) Humongous regions: 2->1
[158.442s][info][gc,metaspace] GC(261) Metaspace: 41738K(42176K)->41738K(42176K) NonClass: 37400K(37632K)->37400K(37632K) Class: 4338K(4544K)->4338K(4544K)
[158.442s][info][gc          ] GC(261) Pause Young (Mixed) (G1 Evacuation Pause) 337M->78M(384M) 12.036ms
[158.442s][info][gc,cpu      ] GC(261) User=0.03s Sys=0.00s Real=0.01s
[159.193s][info][gc,start    ] GC(262) Pause Young (Mixed) (G1 Evacuation Pause)
[159.194s][info][gc,task     ] GC(262) Using 2 workers of 2 for evacuation
[159.225s][info][gc,phases   ] GC(262)   Pre Evacuate Collection Set: 0.21ms
[159.225s][info][gc,phases   ] GC(262)   Merge Heap Roots: 0.30ms
[159.225s][info][gc,phases   ] GC(262)   Evacuate Collection Set: 30.62ms
[159.225s][info][gc,phases   ] GC(262)   Post Evacuate Collection Set: 0.56ms
[159.225s][info][gc,phases   ] GC(262)   Other: 0.08ms
[159.225s][info][gc,heap     ] GC(262) Eden regions: 220->0(204)
[159.225s][info][gc,heap     ] GC(262) Survivor regions: 10->26(29)
[159.225s][info][gc,heap     ] GC(262) Old regions: 68->47
[159.225s][info][gc,heap     ] GC(262) Humongous regions: 4->4
[159.225s][info][gc,metaspace] GC(262) Metaspace: 41738K(42176K)->41738K(42176K) NonClass: 37400K(37632K)->37400K(37632K) Class: 4338K(4544K)->4338K(4544K)
[159.225s][info][gc          ] GC(262) Pause Young (Mixed) (G1 Evacuation Pause) 301M->76M(384M) 31.987ms
[159.225s][info][gc,cpu      ] GC(262) User=0.07s Sys=0.00s Real=0.03s
[159.493s][info][gc,start    ] GC(263) Pause Young (Concurrent Start) (G1 Humongous Allocation)
[159.493s][info][gc,task     ] GC(263) Using 2 workers of 2 for evacuation
[159.530s][info][gc,phases   ] GC(263)   Pre Evacuate Collection Set: 0.22ms
[159.530s][info][gc,phases   ] GC(263)   Merge Heap Roots: 0.07ms
[159.530s][info][gc,phases   ] GC(263)   Evacuate Collection Set: 36.41ms
[159.530s][info][gc,phases   ] GC(263)   Post Evacuate Collection Set: 0.45ms
[159.530s][info][gc,phases   ] GC(263)   Other: 0.12ms
[159.531s][info][gc,heap     ] GC(263) Eden regions: 105->0(217)
[159.531s][info][gc,heap     ] GC(263) Survivor regions: 26->13(29)
[159.531s][info][gc,heap     ] GC(263) Old regions: 47->73
[159.531s][info][gc,heap     ] GC(263) Humongous regions: 4->4
[159.531s][info][gc,metaspace] GC(263) Metaspace: 41738K(42176K)->41738K(42176K) NonClass: 37400K(37632K)->37400K(37632K) Class: 4338K(4544K)->4338K(4544K)
[159.531s][info][gc          ] GC(263) Pause Young (Concurrent Start) (G1 Humongous Allocation) 181M->89M(384M) 37.568ms
[159.531s][info][gc,cpu      ] GC(263) User=0.08s Sys=0.01s Real=0.04s
[159.531s][info][gc          ] GC(264) Concurrent Mark Cycle
[159.531s][info][gc,marking  ] GC(264) Concurrent Scan Root Regions
[159.553s][info][gc,marking  ] GC(264) Concurrent Scan Root Regions 21.985ms
[159.553s][info][gc,marking  ] GC(264) Concurrent Mark
[159.553s][info][gc,marking  ] GC(264) Concurrent Mark From Roots
[159.553s][info][gc,task     ] GC(264) Using 1 workers of 1 for marking
[159.580s][info][gc,marking  ] GC(264) Concurrent Mark From Roots 27.091ms
[159.580s][info][gc,marking  ] GC(264) Concurrent Preclean
[159.580s][info][gc,marking  ] GC(264) Concurrent Preclean 0.035ms
[159.580s][info][gc,start    ] GC(264) Pause Remark
[159.597s][info][gc          ] GC(264) Pause Remark 103M->91M(267M) 16.912ms
[159.597s][info][gc,cpu      ] GC(264) User=0.03s Sys=0.00s Real=0.01s
[159.598s][info][gc,marking  ] GC(264) Concurrent Mark 45.411ms
[159.598s][info][gc,marking  ] GC(264) Concurrent Rebuild Remembered Sets and Scrub Regions
[159.629s][info][gc,marking  ] GC(264) Concurrent Rebuild Remembered Sets and Scrub Regions 31.198ms
[159.629s][info][gc,start    ] GC(264) Pause Cleanup
[159.629s][info][gc          ] GC(264) Pause Cleanup 103M->103M(267M) 0.045ms
[159.629s][info][gc,cpu      ] GC(264) User=0.00s Sys=0.00s Real=0.00s
[159.629s][info][gc,marking  ] GC(264) Concurrent Clear Claimed Marks
[159.630s][info][gc,marking  ] GC(264) Concurrent Clear Claimed Marks 0.038ms
[159.630s][info][gc,marking  ] GC(264) Concurrent Cleanup for Next Mark
[159.630s][info][gc,marking  ] GC(264) Concurrent Cleanup for Next Mark 0.802ms
[159.630s][info][gc          ] GC(264) Concurrent Mark Cycle 99.762ms
[159.936s][info][gc,start    ] GC(265) Pause Young (Prepare Mixed) (G1 Evacuation Pause)
[159.936s][info][gc,task     ] GC(265) Using 2 workers of 2 for evacuation
[159.971s][info][gc,phases   ] GC(265)   Pre Evacuate Collection Set: 0.15ms
[159.971s][info][gc,phases   ] GC(265)   Merge Heap Roots: 0.09ms
[159.971s][info][gc,phases   ] GC(265)   Evacuate Collection Set: 34.56ms
[159.971s][info][gc,phases   ] GC(265)   Post Evacuate Collection Set: 0.43ms
[159.971s][info][gc,phases   ] GC(265)   Other: 0.08ms
[159.971s][info][gc,heap     ] GC(265) Eden regions: 147->0(134)
[159.971s][info][gc,heap     ] GC(265) Survivor regions: 13->18(20)
[159.971s][info][gc,heap     ] GC(265) Old regions: 61->74
[159.971s][info][gc,heap     ] GC(265) Humongous regions: 6->6
[159.971s][info][gc,metaspace] GC(265) Metaspace: 41738K(42176K)->41738K(42176K) NonClass: 37400K(37632K)->37400K(37632K) Class: 4338K(4544K)->4338K(4544K)
[159.972s][info][gc          ] GC(265) Pause Young (Prepare Mixed) (G1 Evacuation Pause) 226M->97M(267M) 35.544ms
[159.972s][info][gc,cpu      ] GC(265) User=0.07s Sys=0.00s Real=0.04s
[160.353s][info][gc,start    ] GC(266) Pause Young (Mixed) (G1 Evacuation Pause)
[160.353s][info][gc,task     ] GC(266) Using 2 workers of 2 for evacuation
[160.396s][info][gc,phases   ] GC(266)   Pre Evacuate Collection Set: 0.15ms
[160.396s][info][gc,phases   ] GC(266)   Merge Heap Roots: 0.11ms
[160.396s][info][gc,phases   ] GC(266)   Evacuate Collection Set: 41.74ms
[160.396s][info][gc,phases   ] GC(266)   Post Evacuate Collection Set: 0.41ms
[160.396s][info][gc,phases   ] GC(266)   Other: 0.08ms
[160.396s][info][gc,heap     ] GC(266) Eden regions: 134->0(123)
[160.396s][info][gc,heap     ] GC(266) Survivor regions: 18->16(19)
[160.396s][info][gc,heap     ] GC(266) Old regions: 74->88
[160.396s][info][gc,heap     ] GC(266) Humongous regions: 10->10
[160.396s][info][gc,metaspace] GC(266) Metaspace: 41738K(42176K)->41738K(42176K) NonClass: 37400K(37632K)->37400K(37632K) Class: 4338K(4544K)->4338K(4544K)
[160.396s][info][gc          ] GC(266) Pause Young (Mixed) (G1 Evacuation Pause) 235M->112M(270M) 42.734ms
[160.396s][info][gc,cpu      ] GC(266) User=0.08s Sys=0.00s Real=0.04s
[160.722s][info][gc,start    ] GC(267) Pause Young (Concurrent Start) (G1 Evacuation Pause)
[160.722s][info][gc,task     ] GC(267) Using 2 workers of 2 for evacuation
[160.763s][info][gc,phases   ] GC(267)   Pre Evacuate Collection Set: 0.19ms
[160.763s][info][gc,phases   ] GC(267)   Merge Heap Roots: 0.11ms
[160.763s][info][gc,phases   ] GC(267)   Evacuate Collection Set: 39.52ms
[160.763s][info][gc,phases   ] GC(267)   Post Evacuate Collection Set: 0.44ms
[160.763s][info][gc,phases   ] GC(267)   Other: 0.14ms
[160.763s][info][gc,heap     ] GC(267) Eden regions: 123->0(111)
[160.763s][info][gc,heap     ] GC(267) Survivor regions: 16->15(18)
[160.763s][info][gc,heap     ] GC(267) Old regions: 88->103
[160.763s][info][gc,heap     ] GC(267) Humongous regions: 10->10
[160.763s][info][gc,metaspace] GC(267) Metaspace: 41738K(42176K)->41738K(42176K) NonClass: 37400K(37632K)->37400K(37632K) Class: 4338K(4544K)->4338K(4544K)
[160.763s][info][gc          ] GC(267) Pause Young (Concurrent Start) (G1 Evacuation Pause) 235M->127M(270M) 40.606ms
[160.763s][info][gc,cpu      ] GC(267) User=0.08s Sys=0.00s Real=0.04s
[160.763s][info][gc          ] GC(268) Concurrent Mark Cycle
[160.763s][info][gc,marking  ] GC(268) Concurrent Scan Root Regions
[160.794s][info][gc,marking  ] GC(268) Concurrent Scan Root Regions 30.711ms
[160.794s][info][gc,marking  ] GC(268) Concurrent Mark
[160.794s][info][gc,marking  ] GC(268) Concurrent Mark From Roots
[160.794s][info][gc,task     ] GC(268) Using 1 workers of 1 for marking
[160.899s][info][gc,marking  ] GC(268) Concurrent Mark From Roots 104.744ms
[160.899s][info][gc,marking  ] GC(268) Concurrent Preclean
[160.899s][info][gc,marking  ] GC(268) Concurrent Preclean 0.039ms
[160.899s][info][gc,start    ] GC(268) Pause Remark
[160.915s][info][gc          ] GC(268) Pause Remark 140M->137M(270M) 15.966ms
[160.915s][info][gc,cpu      ] GC(268) User=0.03s Sys=0.00s Real=0.02s
[160.915s][info][gc,marking  ] GC(268) Concurrent Mark 121.139ms
[160.915s][info][gc,marking  ] GC(268) Concurrent Rebuild Remembered Sets and Scrub Regions
[160.979s][info][gc,marking  ] GC(268) Concurrent Rebuild Remembered Sets and Scrub Regions 63.848ms
[160.979s][info][gc,start    ] GC(268) Pause Cleanup
[160.979s][info][gc          ] GC(268) Pause Cleanup 143M->143M(270M) 0.056ms
[160.979s][info][gc,cpu      ] GC(268) User=0.01s Sys=0.00s Real=0.00s
[160.979s][info][gc,marking  ] GC(268) Concurrent Clear Claimed Marks
[160.979s][info][gc,marking  ] GC(268) Concurrent Clear Claimed Marks 0.041ms
[160.979s][info][gc,marking  ] GC(268) Concurrent Cleanup for Next Mark
[160.980s][info][gc,marking  ] GC(268) Concurrent Cleanup for Next Mark 0.834ms
[160.980s][info][gc          ] GC(268) Concurrent Mark Cycle 217.141ms
[162.061s][info][gc,start    ] GC(269) Pause Young (Prepare Mixed) (G1 Evacuation Pause)
[162.061s][info][gc,task     ] GC(269) Using 2 workers of 2 for evacuation
[162.091s][info][gc,phases   ] GC(269)   Pre Evacuate Collection Set: 0.19ms
[162.091s][info][gc,phases   ] GC(269)   Merge Heap Roots: 0.14ms
[162.091s][info][gc,phases   ] GC(269)   Evacuate Collection Set: 29.65ms
[162.091s][info][gc,phases   ] GC(269)   Post Evacuate Collection Set: 0.43ms
[162.091s][info][gc,phases   ] GC(269)   Other: 0.08ms
[162.091s][info][gc,heap     ] GC(269) Eden regions: 111->0(108)
[162.092s][info][gc,heap     ] GC(269) Survivor regions: 15->5(16)
[162.092s][info][gc,heap     ] GC(269) Old regions: 103->117
[162.092s][info][gc,heap     ] GC(269) Humongous regions: 15->13
[162.092s][info][gc,metaspace] GC(269) Metaspace: 41738K(42176K)->41738K(42176K) NonClass: 37400K(37632K)->37400K(37632K) Class: 4338K(4544K)->4338K(4544K)
[162.092s][info][gc          ] GC(269) Pause Young (Prepare Mixed) (G1 Evacuation Pause) 243M->134M(270M) 30.707ms
[162.092s][info][gc,cpu      ] GC(269) User=0.06s Sys=0.00s Real=0.03s
[162.518s][info][gc,start    ] GC(270) Pause Young (Mixed) (G1 Evacuation Pause)
[162.518s][info][gc,task     ] GC(270) Using 2 workers of 2 for evacuation
[162.543s][info][gc,phases   ] GC(270)   Pre Evacuate Collection Set: 0.16ms
[162.543s][info][gc,phases   ] GC(270)   Merge Heap Roots: 0.20ms
[162.543s][info][gc,phases   ] GC(270)   Evacuate Collection Set: 24.45ms
[162.543s][info][gc,phases   ] GC(270)   Post Evacuate Collection Set: 0.43ms
[162.543s][info][gc,phases   ] GC(270)   Other: 0.10ms
[162.543s][info][gc,heap     ] GC(270) Eden regions: 108->0(104)
[162.543s][info][gc,heap     ] GC(270) Survivor regions: 5->14(15)
[162.543s][info][gc,heap     ] GC(270) Old regions: 117->111
[162.543s][info][gc,heap     ] GC(270) Humongous regions: 13->13
[162.543s][info][gc,metaspace] GC(270) Metaspace: 41738K(42176K)->41738K(42176K) NonClass: 37400K(37632K)->37400K(37632K) Class: 4338K(4544K)->4338K(4544K)
[162.543s][info][gc          ] GC(270) Pause Young (Mixed) (G1 Evacuation Pause) 242M->137M(270M) 25.549ms
[162.544s][info][gc,cpu      ] GC(270) User=0.05s Sys=0.00s Real=0.03s
[163.094s][info][gc,start    ] GC(271) Pause Young (Concurrent Start) (G1 Evacuation Pause)
[163.094s][info][gc,task     ] GC(271) Using 2 workers of 2 for evacuation
[163.112s][info][gc,phases   ] GC(271)   Pre Evacuate Collection Set: 0.22ms
[163.113s][info][gc,phases   ] GC(271)   Merge Heap Roots: 0.08ms
[163.113s][info][gc,phases   ] GC(271)   Evacuate Collection Set: 17.91ms
[163.113s][info][gc,phases   ] GC(271)   Post Evacuate Collection Set: 0.34ms
[163.113s][info][gc,phases   ] GC(271)   Other: 0.11ms
[163.113s][info][gc,heap     ] GC(271) Eden regions: 104->0(103)
[163.113s][info][gc,heap     ] GC(271) Survivor regions: 14->5(15)
[163.113s][info][gc,heap     ] GC(271) Old regions: 111->124
[163.113s][info][gc,heap     ] GC(271) Humongous regions: 13->13
[163.113s][info][gc,metaspace] GC(271) Metaspace: 41738K(42176K)->41738K(42176K) NonClass: 37400K(37632K)->37400K(37632K) Class: 4338K(4544K)->4338K(4544K)
[163.113s][info][gc          ] GC(271) Pause Young (Concurrent Start) (G1 Evacuation Pause) 241M->141M(270M) 18.844ms
[163.113s][info][gc,cpu      ] GC(271) User=0.04s Sys=0.00s Real=0.02s
[163.113s][info][gc          ] GC(272) Concurrent Mark Cycle
[163.113s][info][gc,marking  ] GC(272) Concurrent Scan Root Regions
[163.126s][info][gc,marking  ] GC(272) Concurrent Scan Root Regions 13.728ms
[163.127s][info][gc,marking  ] GC(272) Concurrent Mark
[163.127s][info][gc,marking  ] GC(272) Concurrent Mark From Roots
[163.127s][info][gc,task     ] GC(272) Using 1 workers of 1 for marking
[163.159s][info][gc,marking  ] GC(272) Concurrent Mark From Roots 32.378ms
[163.159s][info][gc,marking  ] GC(272) Concurrent Preclean
[163.159s][info][gc,marking  ] GC(272) Concurrent Preclean 0.031ms
[163.159s][info][gc,start    ] GC(272) Pause Remark
[163.174s][info][gc          ] GC(272) Pause Remark 149M->66M(256M) 15.319ms
[163.174s][info][gc,cpu      ] GC(272) User=0.03s Sys=0.00s Real=0.01s
[163.174s][info][gc,marking  ] GC(272) Concurrent Mark 47.979ms
[163.175s][info][gc,marking  ] GC(272) Concurrent Rebuild Remembered Sets and Scrub Regions
[163.194s][info][gc,marking  ] GC(272) Concurrent Rebuild Remembered Sets and Scrub Regions 19.699ms
[163.194s][info][gc,start    ] GC(272) Pause Cleanup
[163.194s][info][gc          ] GC(272) Pause Cleanup 69M->69M(256M) 0.038ms
[163.194s][info][gc,cpu      ] GC(272) User=0.00s Sys=0.00s Real=0.00s
[163.194s][info][gc,marking  ] GC(272) Concurrent Clear Claimed Marks
[163.194s][info][gc,marking  ] GC(272) Concurrent Clear Claimed Marks 0.035ms
[163.194s][info][gc,marking  ] GC(272) Concurrent Cleanup for Next Mark
[163.195s][info][gc,marking  ] GC(272) Concurrent Cleanup for Next Mark 0.732ms
[163.195s][info][gc          ] GC(272) Concurrent Mark Cycle 82.515ms
[163.773s][info][gc,start    ] GC(273) Pause Young (Prepare Mixed) (G1 Evacuation Pause)
[163.774s][info][gc,task     ] GC(273) Using 2 workers of 2 for evacuation
[163.787s][info][gc,phases   ] GC(273)   Pre Evacuate Collection Set: 0.15ms
[163.787s][info][gc,phases   ] GC(273)   Merge Heap Roots: 0.06ms
[163.787s][info][gc,phases   ] GC(273)   Evacuate Collection Set: 12.82ms
[163.787s][info][gc,phases   ] GC(273)   Post Evacuate Collection Set: 0.35ms
[163.787s][info][gc,phases   ] GC(273)   Other: 0.07ms
[163.787s][info][gc,heap     ] GC(273) Eden regions: 103->0(139)
[163.787s][info][gc,heap     ] GC(273) Survivor regions: 5->14(14)
[163.787s][info][gc,heap     ] GC(273) Old regions: 52->52
[163.787s][info][gc,heap     ] GC(273) Humongous regions: 1->1
[163.787s][info][gc,metaspace] GC(273) Metaspace: 41738K(42176K)->41738K(42176K) NonClass: 37400K(37632K)->37400K(37632K) Class: 4338K(4544K)->4338K(4544K)
[163.787s][info][gc          ] GC(273) Pause Young (Prepare Mixed) (G1 Evacuation Pause) 160M->66M(256M) 13.680ms
[163.787s][info][gc,cpu      ] GC(273) User=0.02s Sys=0.00s Real=0.01s
[164.638s][info][gc,start    ] GC(274) Pause Young (Mixed) (G1 Evacuation Pause)
[164.638s][info][gc,task     ] GC(274) Using 2 workers of 2 for evacuation
[164.667s][info][gc,phases   ] GC(274)   Pre Evacuate Collection Set: 0.20ms
[164.667s][info][gc,phases   ] GC(274)   Merge Heap Roots: 0.19ms
[164.667s][info][gc,phases   ] GC(274)   Evacuate Collection Set: 28.12ms
[164.667s][info][gc,phases   ] GC(274)   Post Evacuate Collection Set: 0.46ms
[164.667s][info][gc,phases   ] GC(274)   Other: 0.10ms
[164.667s][info][gc,heap     ] GC(274) Eden regions: 139->0(133)
[164.667s][info][gc,heap     ] GC(274) Survivor regions: 14->20(20)
[164.667s][info][gc,heap     ] GC(274) Old regions: 52->54
[164.667s][info][gc,heap     ] GC(274) Humongous regions: 1->1
[164.667s][info][gc,metaspace] GC(274) Metaspace: 41738K(42176K)->41738K(42176K) NonClass: 37400K(37632K)->37400K(37632K) Class: 4338K(4544K)->4338K(4544K)
[164.668s][info][gc          ] GC(274) Pause Young (Mixed) (G1 Evacuation Pause) 205M->74M(256M) 29.273ms
[164.668s][info][gc,cpu      ] GC(274) User=0.06s Sys=0.00s Real=0.03s
[165.488s][info][gc,start    ] GC(275) Pause Young (Concurrent Start) (G1 Evacuation Pause)
[165.488s][info][gc,task     ] GC(275) Using 2 workers of 2 for evacuation
[165.518s][info][gc,phases   ] GC(275)   Pre Evacuate Collection Set: 0.19ms
[165.518s][info][gc,phases   ] GC(275)   Merge Heap Roots: 0.13ms
[165.518s][info][gc,phases   ] GC(275)   Evacuate Collection Set: 29.66ms
[165.518s][info][gc,phases   ] GC(275)   Post Evacuate Collection Set: 0.41ms
[165.518s][info][gc,phases   ] GC(275)   Other: 0.16ms
[165.519s][info][gc,heap     ] GC(275) Eden regions: 133->0(135)
[165.519s][info][gc,heap     ] GC(275) Survivor regions: 20->12(20)
[165.519s][info][gc,heap     ] GC(275) Old regions: 54->75
[165.519s][info][gc,heap     ] GC(275) Humongous regions: 1->1
[165.519s][info][gc,metaspace] GC(275) Metaspace: 41738K(42176K)->41738K(42176K) NonClass: 37400K(37632K)->37400K(37632K) Class: 4338K(4544K)->4338K(4544K)
[165.519s][info][gc          ] GC(275) Pause Young (Concurrent Start) (G1 Evacuation Pause) 207M->86M(256M) 30.744ms
[165.519s][info][gc,cpu      ] GC(275) User=0.06s Sys=0.00s Real=0.03s
[165.519s][info][gc          ] GC(276) Concurrent Mark Cycle
[165.519s][info][gc,marking  ] GC(276) Concurrent Scan Root Regions
[165.557s][info][gc,marking  ] GC(276) Concurrent Scan Root Regions 38.843ms
[165.558s][info][gc,marking  ] GC(276) Concurrent Mark
[165.558s][info][gc,marking  ] GC(276) Concurrent Mark From Roots
[165.558s][info][gc,task     ] GC(276) Using 1 workers of 1 for marking
[165.598s][info][gc,marking  ] GC(276) Concurrent Mark From Roots 40.844ms
[165.598s][info][gc,marking  ] GC(276) Concurrent Preclean
[165.598s][info][gc,marking  ] GC(276) Concurrent Preclean 0.035ms
[165.599s][info][gc,start    ] GC(276) Pause Remark
[165.614s][info][gc          ] GC(276) Pause Remark 94M->87M(256M) 15.297ms
[165.614s][info][gc,cpu      ] GC(276) User=0.03s Sys=0.00s Real=0.02s
[165.614s][info][gc,marking  ] GC(276) Concurrent Mark 56.479ms
[165.614s][info][gc,marking  ] GC(276) Concurrent Rebuild Remembered Sets and Scrub Regions
[165.644s][info][gc,marking  ] GC(276) Concurrent Rebuild Remembered Sets and Scrub Regions 29.535ms
[165.644s][info][gc,start    ] GC(276) Pause Cleanup
[165.644s][info][gc          ] GC(276) Pause Cleanup 91M->91M(256M) 0.042ms
[165.644s][info][gc,cpu      ] GC(276) User=0.00s Sys=0.00s Real=0.00s
[165.644s][info][gc,marking  ] GC(276) Concurrent Clear Claimed Marks
[165.644s][info][gc,marking  ] GC(276) Concurrent Clear Claimed Marks 0.036ms
[165.644s][info][gc,marking  ] GC(276) Concurrent Cleanup for Next Mark
[165.645s][info][gc,marking  ] GC(276) Concurrent Cleanup for Next Mark 0.743ms
[165.645s][info][gc          ] GC(276) Concurrent Mark Cycle 125.951ms
[166.399s][info][gc,start    ] GC(277) Pause Young (Prepare Mixed) (G1 Evacuation Pause)
[166.399s][info][gc,task     ] GC(277) Using 2 workers of 2 for evacuation
[166.414s][info][gc,phases   ] GC(277)   Pre Evacuate Collection Set: 0.14ms
[166.414s][info][gc,phases   ] GC(277)   Merge Heap Roots: 0.08ms
[166.414s][info][gc,phases   ] GC(277)   Evacuate Collection Set: 14.89ms
[166.414s][info][gc,phases   ] GC(277)   Post Evacuate Collection Set: 0.50ms
[166.414s][info][gc,phases   ] GC(277)   Other: 0.08ms
[166.414s][info][gc,heap     ] GC(277) Eden regions: 135->0(134)
[166.414s][info][gc,heap     ] GC(277) Survivor regions: 12->15(19)
[166.414s][info][gc,heap     ] GC(277) Old regions: 68->70
[166.414s][info][gc,heap     ] GC(277) Humongous regions: 2->2
[166.414s][info][gc,metaspace] GC(277) Metaspace: 41738K(42176K)->41738K(42176K) NonClass: 37400K(37632K)->37400K(37632K) Class: 4338K(4544K)->4338K(4544K)
[166.414s][info][gc          ] GC(277) Pause Young (Prepare Mixed) (G1 Evacuation Pause) 215M->85M(256M) 15.881ms
[166.414s][info][gc,cpu      ] GC(277) User=0.03s Sys=0.00s Real=0.02s
[167.293s][info][gc,start    ] GC(278) Pause Young (Mixed) (G1 Evacuation Pause)
[167.293s][info][gc,task     ] GC(278) Using 2 workers of 2 for evacuation
[167.321s][info][gc,phases   ] GC(278)   Pre Evacuate Collection Set: 0.15ms
[167.321s][info][gc,phases   ] GC(278)   Merge Heap Roots: 0.13ms
[167.321s][info][gc,phases   ] GC(278)   Evacuate Collection Set: 27.03ms
[167.321s][info][gc,phases   ] GC(278)   Post Evacuate Collection Set: 0.45ms
[167.321s][info][gc,phases   ] GC(278)   Other: 0.07ms
[167.321s][info][gc,heap     ] GC(278) Eden regions: 134->0(133)
[167.321s][info][gc,heap     ] GC(278) Survivor regions: 15->12(19)
[167.321s][info][gc,heap     ] GC(278) Old regions: 70->75
[167.321s][info][gc,heap     ] GC(278) Humongous regions: 2->2
[167.321s][info][gc,metaspace] GC(278) Metaspace: 41738K(42176K)->41738K(42176K) NonClass: 37400K(37632K)->37400K(37632K) Class: 4338K(4544K)->4338K(4544K)
[167.321s][info][gc          ] GC(278) Pause Young (Mixed) (G1 Evacuation Pause) 219M->88M(256M) 28.045ms
[167.321s][info][gc,cpu      ] GC(278) User=0.06s Sys=0.00s Real=0.03s
[167.477s][info][gc,start    ] GC(279) Pause Young (Concurrent Start) (G1 Humongous Allocation)
[167.477s][info][gc,task     ] GC(279) Using 2 workers of 2 for evacuation
[167.492s][info][gc,phases   ] GC(279)   Pre Evacuate Collection Set: 0.18ms
[167.492s][info][gc,phases   ] GC(279)   Merge Heap Roots: 0.07ms
[167.492s][info][gc,phases   ] GC(279)   Evacuate Collection Set: 14.90ms
[167.492s][info][gc,phases   ] GC(279)   Post Evacuate Collection Set: 0.32ms
[167.492s][info][gc,phases   ] GC(279)   Other: 0.08ms
[167.492s][info][gc,heap     ] GC(279) Eden regions: 35->0(125)
[167.492s][info][gc,heap     ] GC(279) Survivor regions: 12->7(19)
[167.492s][info][gc,heap     ] GC(279) Old regions: 75->87
[167.492s][info][gc,heap     ] GC(279) Humongous regions: 2->2
[167.492s][info][gc,metaspace] GC(279) Metaspace: 41743K(42176K)->41743K(42176K) NonClass: 37405K(37632K)->37405K(37632K) Class: 4338K(4544K)->4338K(4544K)
[167.492s][info][gc          ] GC(279) Pause Young (Concurrent Start) (G1 Humongous Allocation) 122M->95M(256M) 15.724ms
[167.492s][info][gc,cpu      ] GC(279) User=0.03s Sys=0.00s Real=0.02s
[167.492s][info][gc          ] GC(280) Concurrent Mark Cycle
[167.492s][info][gc,marking  ] GC(280) Concurrent Scan Root Regions
[167.507s][info][gc,marking  ] GC(280) Concurrent Scan Root Regions 14.178ms
[167.507s][info][gc,marking  ] GC(280) Concurrent Mark
[167.507s][info][gc,marking  ] GC(280) Concurrent Mark From Roots
[167.507s][info][gc,task     ] GC(280) Using 1 workers of 1 for marking
[167.546s][info][gc,marking  ] GC(280) Concurrent Mark From Roots 39.235ms
[167.546s][info][gc,marking  ] GC(280) Concurrent Preclean
[167.546s][info][gc,marking  ] GC(280) Concurrent Preclean 0.033ms
[167.547s][info][gc,start    ] GC(280) Pause Remark
[167.564s][info][gc          ] GC(280) Pause Remark 103M->84M(256M) 17.173ms
[167.564s][info][gc,cpu      ] GC(280) User=0.03s Sys=0.00s Real=0.02s
[167.566s][info][gc,marking  ] GC(280) Concurrent Mark 59.217ms
[167.566s][info][gc,marking  ] GC(280) Concurrent Rebuild Remembered Sets and Scrub Regions
[167.610s][info][gc,marking  ] GC(280) Concurrent Rebuild Remembered Sets and Scrub Regions 43.976ms
[167.610s][info][gc,start    ] GC(280) Pause Cleanup
[167.610s][info][gc          ] GC(280) Pause Cleanup 91M->91M(256M) 0.067ms
[167.610s][info][gc,cpu      ] GC(280) User=0.00s Sys=0.00s Real=0.00s
[167.610s][info][gc,marking  ] GC(280) Concurrent Clear Claimed Marks
[167.610s][info][gc,marking  ] GC(280) Concurrent Clear Claimed Marks 0.038ms
[167.610s][info][gc,marking  ] GC(280) Concurrent Cleanup for Next Mark
[167.611s][info][gc,marking  ] GC(280) Concurrent Cleanup for Next Mark 0.729ms
[167.611s][info][gc          ] GC(280) Concurrent Mark Cycle 118.492ms
[168.111s][info][gc,start    ] GC(281) Pause Young (Prepare Mixed) (G1 Evacuation Pause)
[168.111s][info][gc,task     ] GC(281) Using 2 workers of 2 for evacuation
[168.117s][info][gc,phases   ] GC(281)   Pre Evacuate Collection Set: 0.14ms
[168.117s][info][gc,phases   ] GC(281)   Merge Heap Roots: 0.07ms
[168.117s][info][gc,phases   ] GC(281)   Evacuate Collection Set: 5.42ms
[168.117s][info][gc,phases   ] GC(281)   Post Evacuate Collection Set: 0.40ms
[168.117s][info][gc,phases   ] GC(281)   Other: 0.10ms
[168.117s][info][gc,heap     ] GC(281) Eden regions: 125->0(143)
[168.117s][info][gc,heap     ] GC(281) Survivor regions: 7->8(17)
[168.117s][info][gc,heap     ] GC(281) Old regions: 69->69
[168.117s][info][gc,heap     ] GC(281) Humongous regions: 13->3
[168.117s][info][gc,metaspace] GC(281) Metaspace: 41755K(42240K)->41755K(42240K) NonClass: 37416K(37696K)->37416K(37696K) Class: 4338K(4544K)->4338K(4544K)
[168.117s][info][gc          ] GC(281) Pause Young (Prepare Mixed) (G1 Evacuation Pause) 213M->79M(256M) 6.295ms
[168.117s][info][gc,cpu      ] GC(281) User=0.01s Sys=0.00s Real=0.00s
[168.728s][info][gc,start    ] GC(282) Pause Young (Mixed) (G1 Evacuation Pause)
[168.728s][info][gc,task     ] GC(282) Using 2 workers of 2 for evacuation
[168.745s][info][gc,phases   ] GC(282)   Pre Evacuate Collection Set: 0.17ms
[168.745s][info][gc,phases   ] GC(282)   Merge Heap Roots: 0.15ms
[168.745s][info][gc,phases   ] GC(282)   Evacuate Collection Set: 16.57ms
[168.745s][info][gc,phases   ] GC(282)   Post Evacuate Collection Set: 0.45ms
[168.745s][info][gc,phases   ] GC(282)   Other: 0.08ms
[168.745s][info][gc,heap     ] GC(282) Eden regions: 143->0(136)
[168.745s][info][gc,heap     ] GC(282) Survivor regions: 8->17(19)
[168.745s][info][gc,heap     ] GC(282) Old regions: 69->47
[168.745s][info][gc,heap     ] GC(282) Humongous regions: 12->3
[168.745s][info][gc,metaspace] GC(282) Metaspace: 41758K(42240K)->41758K(42240K) NonClass: 37419K(37696K)->37419K(37696K) Class: 4338K(4544K)->4338K(4544K)
[168.745s][info][gc          ] GC(282) Pause Young (Mixed) (G1 Evacuation Pause) 231M->66M(256M) 17.601ms
[168.745s][info][gc,cpu      ] GC(282) User=0.04s Sys=0.00s Real=0.02s
[168.810s][info][gc,start    ] GC(283) Pause Young (Concurrent Start) (G1 Humongous Allocation)
[168.810s][info][gc,task     ] GC(283) Using 2 workers of 2 for evacuation
[168.823s][info][gc,phases   ] GC(283)   Pre Evacuate Collection Set: 0.18ms
[168.823s][info][gc,phases   ] GC(283)   Merge Heap Roots: 0.06ms
[168.823s][info][gc,phases   ] GC(283)   Evacuate Collection Set: 13.01ms
[168.823s][info][gc,phases   ] GC(283)   Post Evacuate Collection Set: 0.31ms
[168.823s][info][gc,phases   ] GC(283)   Other: 0.08ms
[168.823s][info][gc,heap     ] GC(283) Eden regions: 15->0(141)
[168.823s][info][gc,heap     ] GC(283) Survivor regions: 17->12(20)
[168.823s][info][gc,heap     ] GC(283) Old regions: 47->53
[168.823s][info][gc,heap     ] GC(283) Humongous regions: 3->3
[168.823s][info][gc,metaspace] GC(283) Metaspace: 41758K(42240K)->41758K(42240K) NonClass: 37419K(37696K)->37419K(37696K) Class: 4338K(4544K)->4338K(4544K)
[168.823s][info][gc          ] GC(283) Pause Young (Concurrent Start) (G1 Humongous Allocation) 80M->67M(256M) 13.813ms
[168.824s][info][gc,cpu      ] GC(283) User=0.02s Sys=0.00s Real=0.01s
[168.824s][info][gc          ] GC(284) Concurrent Mark Cycle
[168.824s][info][gc,marking  ] GC(284) Concurrent Scan Root Regions
[168.853s][info][gc,marking  ] GC(284) Concurrent Scan Root Regions 29.813ms
[168.853s][info][gc,marking  ] GC(284) Concurrent Mark
[168.853s][info][gc,marking  ] GC(284) Concurrent Mark From Roots
[168.853s][info][gc,task     ] GC(284) Using 1 workers of 1 for marking
[168.904s][info][gc,marking  ] GC(284) Concurrent Mark From Roots 50.349ms
[168.904s][info][gc,marking  ] GC(284) Concurrent Preclean
[168.904s][info][gc,marking  ] GC(284) Concurrent Preclean 0.037ms
[168.904s][info][gc,start    ] GC(284) Pause Remark
[168.919s][info][gc          ] GC(284) Pause Remark 78M->78M(256M) 15.012ms
[168.919s][info][gc,cpu      ] GC(284) User=0.03s Sys=0.00s Real=0.01s
[168.919s][info][gc,marking  ] GC(284) Concurrent Mark 65.617ms
[168.919s][info][gc,marking  ] GC(284) Concurrent Rebuild Remembered Sets and Scrub Regions
[168.937s][info][gc,marking  ] GC(284) Concurrent Rebuild Remembered Sets and Scrub Regions 17.797ms
[168.937s][info][gc,start    ] GC(284) Pause Cleanup
[168.937s][info][gc          ] GC(284) Pause Cleanup 83M->83M(256M) 0.055ms
[168.937s][info][gc,cpu      ] GC(284) User=0.00s Sys=0.00s Real=0.00s
[168.937s][info][gc,marking  ] GC(284) Concurrent Clear Claimed Marks
[168.937s][info][gc,marking  ] GC(284) Concurrent Clear Claimed Marks 0.037ms
[168.937s][info][gc,marking  ] GC(284) Concurrent Cleanup for Next Mark
[168.938s][info][gc,marking  ] GC(284) Concurrent Cleanup for Next Mark 0.719ms
[168.938s][info][gc          ] GC(284) Concurrent Mark Cycle 114.380ms
[169.544s][info][gc,start    ] GC(285) Pause Young (Prepare Mixed) (G1 Evacuation Pause)
[169.544s][info][gc,task     ] GC(285) Using 2 workers of 2 for evacuation
[169.548s][info][gc,phases   ] GC(285)   Pre Evacuate Collection Set: 0.16ms
[169.548s][info][gc,phases   ] GC(285)   Merge Heap Roots: 0.06ms
[169.548s][info][gc,phases   ] GC(285)   Evacuate Collection Set: 2.69ms
[169.548s][info][gc,phases   ] GC(285)   Post Evacuate Collection Set: 0.39ms
[169.548s][info][gc,phases   ] GC(285)   Other: 0.07ms
[169.548s][info][gc,heap     ] GC(285) Eden regions: 141->0(150)
[169.548s][info][gc,heap     ] GC(285) Survivor regions: 12->3(20)
[169.548s][info][gc,heap     ] GC(285) Old regions: 53->54
[169.548s][info][gc,heap     ] GC(285) Humongous regions: 12->3
[169.548s][info][gc,metaspace] GC(285) Metaspace: 41760K(42240K)->41760K(42240K) NonClass: 37421K(37696K)->37421K(37696K) Class: 4338K(4544K)->4338K(4544K)
[169.548s][info][gc          ] GC(285) Pause Young (Prepare Mixed) (G1 Evacuation Pause) 217M->59M(256M) 3.543ms
[169.548s][info][gc,cpu      ] GC(285) User=0.00s Sys=0.00s Real=0.00s
[170.198s][info][gc,start    ] GC(286) Pause Young (Mixed) (G1 Evacuation Pause)
[170.198s][info][gc,task     ] GC(286) Using 2 workers of 2 for evacuation
[170.235s][info][gc,phases   ] GC(286)   Pre Evacuate Collection Set: 0.17ms
[170.235s][info][gc,phases   ] GC(286)   Merge Heap Roots: 0.07ms
[170.235s][info][gc,phases   ] GC(286)   Evacuate Collection Set: 36.11ms
[170.235s][info][gc,phases   ] GC(286)   Post Evacuate Collection Set: 0.45ms
[170.235s][info][gc,phases   ] GC(286)   Other: 0.07ms
[170.235s][info][gc,heap     ] GC(286) Eden regions: 150->0(133)
[170.235s][info][gc,heap     ] GC(286) Survivor regions: 3->20(20)
[170.235s][info][gc,heap     ] GC(286) Old regions: 54->43
[170.235s][info][gc,heap     ] GC(286) Humongous regions: 5->3
[170.235s][info][gc,metaspace] GC(286) Metaspace: 41764K(42240K)->41764K(42240K) NonClass: 37426K(37696K)->37426K(37696K) Class: 4338K(4544K)->4338K(4544K)
[170.235s][info][gc          ] GC(286) Pause Young (Mixed) (G1 Evacuation Pause) 211M->65M(256M) 37.064ms
[170.235s][info][gc,cpu      ] GC(286) User=0.05s Sys=0.00s Real=0.04s
[170.382s][info][gc,start    ] GC(287) Pause Young (Concurrent Start) (G1 Humongous Allocation)
[170.382s][info][gc,task     ] GC(287) Using 2 workers of 2 for evacuation
[170.385s][info][gc,phases   ] GC(287)   Pre Evacuate Collection Set: 0.18ms
[170.385s][info][gc,phases   ] GC(287)   Merge Heap Roots: 0.04ms
[170.385s][info][gc,phases   ] GC(287)   Evacuate Collection Set: 2.45ms
[170.385s][info][gc,phases   ] GC(287)   Post Evacuate Collection Set: 0.35ms
[170.385s][info][gc,phases   ] GC(287)   Other: 0.11ms
[170.385s][info][gc,heap     ] GC(287) Eden regions: 32->0(152)
[170.385s][info][gc,heap     ] GC(287) Survivor regions: 20->1(20)
[170.385s][info][gc,heap     ] GC(287) Old regions: 43->44
[170.385s][info][gc,heap     ] GC(287) Humongous regions: 3->1
[170.385s][info][gc,metaspace] GC(287) Metaspace: 41764K(42240K)->41764K(42240K) NonClass: 37426K(37696K)->37426K(37696K) Class: 4338K(4544K)->4338K(4544K)
[170.385s][info][gc          ] GC(287) Pause Young (Concurrent Start) (G1 Humongous Allocation) 97M->45M(256M) 3.334ms
[170.385s][info][gc,cpu      ] GC(287) User=0.01s Sys=0.00s Real=0.00s
[170.385s][info][gc          ] GC(288) Concurrent Mark Cycle
[170.385s][info][gc,marking  ] GC(288) Concurrent Scan Root Regions
[170.388s][info][gc,marking  ] GC(288) Concurrent Scan Root Regions 2.788ms
[170.388s][info][gc,marking  ] GC(288) Concurrent Mark
[170.388s][info][gc,marking  ] GC(288) Concurrent Mark From Roots
[170.388s][info][gc,task     ] GC(288) Using 1 workers of 1 for marking
[170.432s][info][gc,marking  ] GC(288) Concurrent Mark From Roots 44.359ms
[170.432s][info][gc,marking  ] GC(288) Concurrent Preclean
[170.432s][info][gc,marking  ] GC(288) Concurrent Preclean 0.033ms
[170.433s][info][gc,start    ] GC(288) Pause Remark
[170.448s][info][gc          ] GC(288) Pause Remark 60M->60M(256M) 15.720ms
[170.448s][info][gc,cpu      ] GC(288) User=0.03s Sys=0.00s Real=0.01s
[170.448s][info][gc,marking  ] GC(288) Concurrent Mark 60.374ms
[170.448s][info][gc,marking  ] GC(288) Concurrent Rebuild Remembered Sets and Scrub Regions
[170.468s][info][gc,marking  ] GC(288) Concurrent Rebuild Remembered Sets and Scrub Regions 19.738ms
[170.468s][info][gc,start    ] GC(288) Pause Cleanup
[170.468s][info][gc          ] GC(288) Pause Cleanup 64M->64M(256M) 0.043ms
[170.468s][info][gc,cpu      ] GC(288) User=0.00s Sys=0.00s Real=0.00s
[170.468s][info][gc,marking  ] GC(288) Concurrent Clear Claimed Marks
[170.468s][info][gc,marking  ] GC(288) Concurrent Clear Claimed Marks 0.036ms
[170.468s][info][gc,marking  ] GC(288) Concurrent Cleanup for Next Mark
[170.469s][info][gc,marking  ] GC(288) Concurrent Cleanup for Next Mark 0.742ms
[170.469s][info][gc          ] GC(288) Concurrent Mark Cycle 84.042ms
[171.233s][info][gc,start    ] GC(289) Pause Young (Prepare Mixed) (G1 Evacuation Pause)
[171.233s][info][gc,task     ] GC(289) Using 2 workers of 2 for evacuation
[171.236s][info][gc,phases   ] GC(289)   Pre Evacuate Collection Set: 0.15ms
[171.236s][info][gc,phases   ] GC(289)   Merge Heap Roots: 0.06ms
[171.236s][info][gc,phases   ] GC(289)   Evacuate Collection Set: 2.69ms
[171.236s][info][gc,phases   ] GC(289)   Post Evacuate Collection Set: 0.42ms
[171.236s][info][gc,phases   ] GC(289)   Other: 0.07ms
[171.236s][info][gc,heap     ] GC(289) Eden regions: 152->0(150)
[171.236s][info][gc,heap     ] GC(289) Survivor regions: 1->3(20)
[171.236s][info][gc,heap     ] GC(289) Old regions: 44->44
[171.236s][info][gc,heap     ] GC(289) Humongous regions: 17->3
[171.236s][info][gc,metaspace] GC(289) Metaspace: 41764K(42240K)->41764K(42240K) NonClass: 37426K(37696K)->37426K(37696K) Class: 4338K(4544K)->4338K(4544K)
[171.236s][info][gc          ] GC(289) Pause Young (Prepare Mixed) (G1 Evacuation Pause) 213M->49M(256M) 3.580ms
[171.236s][info][gc,cpu      ] GC(289) User=0.00s Sys=0.00s Real=0.00s
[171.869s][info][gc,start    ] GC(290) Pause Young (Mixed) (G1 Evacuation Pause)
[171.870s][info][gc,task     ] GC(290) Using 2 workers of 2 for evacuation
[171.895s][info][gc,phases   ] GC(290)   Pre Evacuate Collection Set: 0.17ms
[171.895s][info][gc,phases   ] GC(290)   Merge Heap Roots: 0.15ms
[171.895s][info][gc,phases   ] GC(290)   Evacuate Collection Set: 24.72ms
[171.895s][info][gc,phases   ] GC(290)   Post Evacuate Collection Set: 0.67ms
[171.895s][info][gc,phases   ] GC(290)   Other: 0.08ms
[171.895s][info][gc,heap     ] GC(290) Eden regions: 150->0(147)
[171.895s][info][gc,heap     ] GC(290) Survivor regions: 3->6(20)
[171.895s][info][gc,heap     ] GC(290) Old regions: 44->41
[171.895s][info][gc,heap     ] GC(290) Humongous regions: 15->3
[171.895s][info][gc,metaspace] GC(290) Metaspace: 41764K(42240K)->41764K(42240K) NonClass: 37426K(37696K)->37426K(37696K) Class: 4338K(4544K)->4338K(4544K)
[171.895s][info][gc          ] GC(290) Pause Young (Mixed) (G1 Evacuation Pause) 211M->49M(256M) 25.971ms
[171.895s][info][gc,cpu      ] GC(290) User=0.03s Sys=0.00s Real=0.02s
[171.938s][info][gc,start    ] GC(291) Pause Young (Concurrent Start) (G1 Humongous Allocation)
[171.938s][info][gc,task     ] GC(291) Using 2 workers of 2 for evacuation
[171.941s][info][gc,phases   ] GC(291)   Pre Evacuate Collection Set: 0.18ms
[171.941s][info][gc,phases   ] GC(291)   Merge Heap Roots: 0.04ms
[171.941s][info][gc,phases   ] GC(291)   Evacuate Collection Set: 2.30ms
[171.941s][info][gc,phases   ] GC(291)   Post Evacuate Collection Set: 0.25ms
[171.941s][info][gc,phases   ] GC(291)   Other: 0.08ms
[171.941s][info][gc,heap     ] GC(291) Eden regions: 7->0(151)
[171.941s][info][gc,heap     ] GC(291) Survivor regions: 6->2(20)
[171.941s][info][gc,heap     ] GC(291) Old regions: 41->41
[171.941s][info][gc,heap     ] GC(291) Humongous regions: 3->1
[171.941s][info][gc,metaspace] GC(291) Metaspace: 41764K(42240K)->41764K(42240K) NonClass: 37426K(37696K)->37426K(37696K) Class: 4338K(4544K)->4338K(4544K)
[171.941s][info][gc          ] GC(291) Pause Young (Concurrent Start) (G1 Humongous Allocation) 56M->43M(256M) 3.003ms
[171.941s][info][gc,cpu      ] GC(291) User=0.00s Sys=0.00s Real=0.01s
[171.941s][info][gc          ] GC(292) Concurrent Mark Cycle
[171.941s][info][gc,marking  ] GC(292) Concurrent Scan Root Regions
[171.944s][info][gc,marking  ] GC(292) Concurrent Scan Root Regions 2.822ms
[171.944s][info][gc,marking  ] GC(292) Concurrent Mark
[171.944s][info][gc,marking  ] GC(292) Concurrent Mark From Roots
[171.944s][info][gc,task     ] GC(292) Using 1 workers of 1 for marking
[171.993s][info][gc,marking  ] GC(292) Concurrent Mark From Roots 49.104ms
[171.993s][info][gc,marking  ] GC(292) Concurrent Preclean
[171.993s][info][gc,marking  ] GC(292) Concurrent Preclean 0.031ms
[171.993s][info][gc,start    ] GC(292) Pause Remark
[172.008s][info][gc          ] GC(292) Pause Remark 55M->55M(256M) 15.535ms
[172.009s][info][gc,cpu      ] GC(292) User=0.03s Sys=0.00s Real=0.01s
[172.009s][info][gc,marking  ] GC(292) Concurrent Mark 64.931ms
[172.009s][info][gc,marking  ] GC(292) Concurrent Rebuild Remembered Sets and Scrub Regions
[172.028s][info][gc,marking  ] GC(292) Concurrent Rebuild Remembered Sets and Scrub Regions 19.638ms
[172.028s][info][gc,start    ] GC(292) Pause Cleanup
[172.028s][info][gc          ] GC(292) Pause Cleanup 57M->57M(256M) 0.040ms
[172.028s][info][gc,cpu      ] GC(292) User=0.00s Sys=0.00s Real=0.00s
[172.028s][info][gc,marking  ] GC(292) Concurrent Clear Claimed Marks
[172.028s][info][gc,marking  ] GC(292) Concurrent Clear Claimed Marks 0.035ms
[172.028s][info][gc,marking  ] GC(292) Concurrent Cleanup for Next Mark
[172.029s][info][gc,marking  ] GC(292) Concurrent Cleanup for Next Mark 0.752ms
[172.029s][info][gc          ] GC(292) Concurrent Mark Cycle 88.487ms
[172.665s][info][gc,start    ] GC(293) Pause Young (Prepare Mixed) (G1 Evacuation Pause)
[172.666s][info][gc,task     ] GC(293) Using 2 workers of 2 for evacuation
[172.682s][info][gc,phases   ] GC(293)   Pre Evacuate Collection Set: 0.14ms
[172.682s][info][gc,phases   ] GC(293)   Merge Heap Roots: 0.07ms
[172.682s][info][gc,phases   ] GC(293)   Evacuate Collection Set: 15.66ms
[172.682s][info][gc,phases   ] GC(293)   Post Evacuate Collection Set: 0.42ms
[172.682s][info][gc,phases   ] GC(293)   Other: 0.09ms
[172.682s][info][gc,heap     ] GC(293) Eden regions: 151->0(133)
[172.682s][info][gc,heap     ] GC(293) Survivor regions: 2->20(20)
[172.682s][info][gc,heap     ] GC(293) Old regions: 41->41
[172.682s][info][gc,heap     ] GC(293) Humongous regions: 11->3
[172.682s][info][gc,metaspace] GC(293) Metaspace: 41764K(42240K)->41764K(42240K) NonClass: 37426K(37696K)->37426K(37696K) Class: 4338K(4544K)->4338K(4544K)
[172.682s][info][gc          ] GC(293) Pause Young (Prepare Mixed) (G1 Evacuation Pause) 204M->63M(256M) 16.589ms
[172.682s][info][gc,cpu      ] GC(293) User=0.03s Sys=0.00s Real=0.02s
[173.278s][info][gc,start    ] GC(294) Pause Young (Mixed) (G1 Evacuation Pause)
[173.279s][info][gc,task     ] GC(294) Using 2 workers of 2 for evacuation
[173.328s][info][gc,phases   ] GC(294)   Pre Evacuate Collection Set: 0.19ms
[173.328s][info][gc,phases   ] GC(294)   Merge Heap Roots: 0.12ms
[173.328s][info][gc,phases   ] GC(294)   Evacuate Collection Set: 48.24ms
[173.328s][info][gc,phases   ] GC(294)   Post Evacuate Collection Set: 1.01ms
[173.328s][info][gc,phases   ] GC(294)   Other: 0.13ms
[173.328s][info][gc,heap     ] GC(294) Eden regions: 133->0(142)
[173.328s][info][gc,heap     ] GC(294) Survivor regions: 20->11(20)
[173.328s][info][gc,heap     ] GC(294) Old regions: 41->51
[173.328s][info][gc,heap     ] GC(294) Humongous regions: 3->3
[173.328s][info][gc,metaspace] GC(294) Metaspace: 41765K(42240K)->41765K(42240K) NonClass: 37427K(37696K)->37427K(37696K) Class: 4338K(4544K)->4338K(4544K)
[173.328s][info][gc          ] GC(294) Pause Young (Mixed) (G1 Evacuation Pause) 196M->64M(256M) 49.901ms
[173.328s][info][gc,cpu      ] GC(294) User=0.06s Sys=0.00s Real=0.05s
[173.772s][info][gc,start    ] GC(295) Pause Young (Concurrent Start) (G1 Humongous Allocation)
[173.772s][info][gc,task     ] GC(295) Using 2 workers of 2 for evacuation
[173.815s][info][gc,phases   ] GC(295)   Pre Evacuate Collection Set: 0.14ms
[173.815s][info][gc,phases   ] GC(295)   Merge Heap Roots: 0.12ms
[173.815s][info][gc,phases   ] GC(295)   Evacuate Collection Set: 41.64ms
[173.815s][info][gc,phases   ] GC(295)   Post Evacuate Collection Set: 0.43ms
[173.815s][info][gc,phases   ] GC(295)   Other: 0.14ms
[173.815s][info][gc,heap     ] GC(295) Eden regions: 99->0(115)
[173.815s][info][gc,heap     ] GC(295) Survivor regions: 11->20(20)
[173.815s][info][gc,heap     ] GC(295) Old regions: 51->69
[173.815s][info][gc,heap     ] GC(295) Humongous regions: 3->1
[173.815s][info][gc,metaspace] GC(295) Metaspace: 41765K(42240K)->41765K(42240K) NonClass: 37427K(37696K)->37427K(37696K) Class: 4338K(4544K)->4338K(4544K)
[173.815s][info][gc          ] GC(295) Pause Young (Concurrent Start) (G1 Humongous Allocation) 163M->89M(256M) 42.646ms
[173.815s][info][gc,cpu      ] GC(295) User=0.09s Sys=0.00s Real=0.04s
[173.815s][info][gc          ] GC(296) Concurrent Mark Cycle
[173.815s][info][gc,marking  ] GC(296) Concurrent Scan Root Regions
[173.850s][info][gc,marking  ] GC(296) Concurrent Scan Root Regions 34.939ms
[173.850s][info][gc,marking  ] GC(296) Concurrent Mark
[173.850s][info][gc,marking  ] GC(296) Concurrent Mark From Roots
[173.850s][info][gc,task     ] GC(296) Using 1 workers of 1 for marking
[173.915s][info][gc,marking  ] GC(296) Concurrent Mark From Roots 65.185ms
[173.915s][info][gc,marking  ] GC(296) Concurrent Preclean
[173.915s][info][gc,marking  ] GC(296) Concurrent Preclean 0.033ms
[173.915s][info][gc,start    ] GC(296) Pause Remark
[173.931s][info][gc          ] GC(296) Pause Remark 117M->117M(256M) 15.630ms
[173.931s][info][gc,cpu      ] GC(296) User=0.03s Sys=0.00s Real=0.02s
[173.931s][info][gc,marking  ] GC(296) Concurrent Mark 81.142ms
[173.931s][info][gc,marking  ] GC(296) Concurrent Rebuild Remembered Sets and Scrub Regions
[173.977s][info][gc,marking  ] GC(296) Concurrent Rebuild Remembered Sets and Scrub Regions 46.353ms
[173.979s][info][gc,start    ] GC(296) Pause Cleanup
[173.979s][info][gc          ] GC(296) Pause Cleanup 124M->124M(256M) 0.050ms
[173.979s][info][gc,cpu      ] GC(296) User=0.00s Sys=0.00s Real=0.00s
[173.979s][info][gc,marking  ] GC(296) Concurrent Clear Claimed Marks
[173.979s][info][gc,marking  ] GC(296) Concurrent Clear Claimed Marks 0.040ms
[173.979s][info][gc,marking  ] GC(296) Concurrent Cleanup for Next Mark
[173.979s][info][gc,marking  ] GC(296) Concurrent Cleanup for Next Mark 0.766ms
[173.980s][info][gc          ] GC(296) Concurrent Mark Cycle 164.670ms
[174.363s][info][gc,start    ] GC(297) Pause Young (Prepare Mixed) (G1 Evacuation Pause)
[174.363s][info][gc,task     ] GC(297) Using 2 workers of 2 for evacuation
[174.403s][info][gc,phases   ] GC(297)   Pre Evacuate Collection Set: 0.14ms
[174.403s][info][gc,phases   ] GC(297)   Merge Heap Roots: 0.25ms
[174.403s][info][gc,phases   ] GC(297)   Evacuate Collection Set: 38.33ms
[174.403s][info][gc,phases   ] GC(297)   Post Evacuate Collection Set: 0.46ms
[174.403s][info][gc,phases   ] GC(297)   Other: 0.09ms
[174.403s][info][gc,heap     ] GC(297) Eden regions: 115->0(104)
[174.403s][info][gc,heap     ] GC(297) Survivor regions: 20->14(17)
[174.403s][info][gc,heap     ] GC(297) Old regions: 69->89
[174.403s][info][gc,heap     ] GC(297) Humongous regions: 5->3
[174.403s][info][gc,metaspace] GC(297) Metaspace: 41765K(42240K)->41765K(42240K) NonClass: 37427K(37696K)->37427K(37696K) Class: 4338K(4544K)->4338K(4544K)
[174.403s][info][gc          ] GC(297) Pause Young (Prepare Mixed) (G1 Evacuation Pause) 208M->105M(256M) 39.467ms
[174.403s][info][gc,cpu      ] GC(297) User=0.08s Sys=0.00s Real=0.04s
[174.801s][info][gc,start    ] GC(298) Pause Young (Mixed) (G1 Evacuation Pause)
[174.801s][info][gc,task     ] GC(298) Using 2 workers of 2 for evacuation
[174.818s][info][gc,phases   ] GC(298)   Pre Evacuate Collection Set: 0.15ms
[174.818s][info][gc,phases   ] GC(298)   Merge Heap Roots: 0.16ms
[174.818s][info][gc,phases   ] GC(298)   Evacuate Collection Set: 16.45ms
[174.818s][info][gc,phases   ] GC(298)   Post Evacuate Collection Set: 0.39ms
[174.818s][info][gc,phases   ] GC(298)   Other: 0.09ms
[174.818s][info][gc,heap     ] GC(298) Eden regions: 104->0(113)
[174.818s][info][gc,heap     ] GC(298) Survivor regions: 14->6(15)
[174.818s][info][gc,heap     ] GC(298) Old regions: 89->92
[174.818s][info][gc,heap     ] GC(298) Humongous regions: 11->3
[174.818s][info][gc,metaspace] GC(298) Metaspace: 41765K(42240K)->41765K(42240K) NonClass: 37427K(37696K)->37427K(37696K) Class: 4338K(4544K)->4338K(4544K)
[174.818s][info][gc          ] GC(298) Pause Young (Mixed) (G1 Evacuation Pause) 217M->100M(256M) 17.449ms
[174.818s][info][gc,cpu      ] GC(298) User=0.03s Sys=0.00s Real=0.01s
[174.951s][info][gc,start    ] GC(299) Pause Young (Concurrent Start) (G1 Humongous Allocation)
[174.951s][info][gc,task     ] GC(299) Using 2 workers of 2 for evacuation
[174.953s][info][gc,phases   ] GC(299)   Pre Evacuate Collection Set: 0.17ms
[174.953s][info][gc,phases   ] GC(299)   Merge Heap Roots: 0.05ms
[174.953s][info][gc,phases   ] GC(299)   Evacuate Collection Set: 1.35ms
[174.953s][info][gc,phases   ] GC(299)   Post Evacuate Collection Set: 0.65ms
[174.953s][info][gc,phases   ] GC(299)   Other: 0.13ms
[174.953s][info][gc,heap     ] GC(299) Eden regions: 29->0(162)
[174.953s][info][gc,heap     ] GC(299) Survivor regions: 6->2(15)
[174.953s][info][gc,heap     ] GC(299) Old regions: 92->92
[174.953s][info][gc,heap     ] GC(299) Humongous regions: 3->1
[174.953s][info][gc,metaspace] GC(299) Metaspace: 41765K(42240K)->41765K(42240K) NonClass: 37427K(37696K)->37427K(37696K) Class: 4338K(4544K)->4338K(4544K)
[174.953s][info][gc          ] GC(299) Pause Young (Concurrent Start) (G1 Humongous Allocation) 129M->94M(305M) 2.519ms
[174.953s][info][gc,cpu      ] GC(299) User=0.00s Sys=0.00s Real=0.00s
[174.953s][info][gc          ] GC(300) Concurrent Mark Cycle
[174.953s][info][gc,marking  ] GC(300) Concurrent Scan Root Regions
[174.955s][info][gc,marking  ] GC(300) Concurrent Scan Root Regions 1.365ms
[174.955s][info][gc,marking  ] GC(300) Concurrent Mark
[174.955s][info][gc,marking  ] GC(300) Concurrent Mark From Roots
[174.955s][info][gc,task     ] GC(300) Using 1 workers of 1 for marking
[175.013s][info][gc,marking  ] GC(300) Concurrent Mark From Roots 58.133ms
[175.013s][info][gc,marking  ] GC(300) Concurrent Preclean
[175.013s][info][gc,marking  ] GC(300) Concurrent Preclean 0.033ms
[175.013s][info][gc,start    ] GC(300) Pause Remark
[175.029s][info][gc          ] GC(300) Pause Remark 111M->92M(260M) 15.830ms
[175.029s][info][gc,cpu      ] GC(300) User=0.03s Sys=0.00s Real=0.01s
[175.029s][info][gc,marking  ] GC(300) Concurrent Mark 74.293ms
[175.029s][info][gc,marking  ] GC(300) Concurrent Rebuild Remembered Sets and Scrub Regions
[175.051s][info][gc,marking  ] GC(300) Concurrent Rebuild Remembered Sets and Scrub Regions 22.222ms
[175.051s][info][gc,start    ] GC(300) Pause Cleanup
[175.051s][info][gc          ] GC(300) Pause Cleanup 96M->96M(260M) 0.051ms
[175.051s][info][gc,cpu      ] GC(300) User=0.00s Sys=0.00s Real=0.00s
[175.051s][info][gc,marking  ] GC(300) Concurrent Clear Claimed Marks
[175.051s][info][gc,marking  ] GC(300) Concurrent Clear Claimed Marks 0.037ms
[175.051s][info][gc,marking  ] GC(300) Concurrent Cleanup for Next Mark
[175.052s][info][gc,marking  ] GC(300) Concurrent Cleanup for Next Mark 0.851ms
[175.052s][info][gc          ] GC(300) Concurrent Mark Cycle 99.121ms
[175.701s][info][gc,start    ] GC(301) Pause Young (Prepare Mixed) (G1 Evacuation Pause)
[175.701s][info][gc,task     ] GC(301) Using 2 workers of 2 for evacuation
[175.716s][info][gc,phases   ] GC(301)   Pre Evacuate Collection Set: 0.15ms
[175.716s][info][gc,phases   ] GC(301)   Merge Heap Roots: 0.06ms
[175.716s][info][gc,phases   ] GC(301)   Evacuate Collection Set: 14.87ms
[175.716s][info][gc,phases   ] GC(301)   Post Evacuate Collection Set: 0.45ms
[175.716s][info][gc,phases   ] GC(301)   Other: 0.07ms
[175.716s][info][gc,heap     ] GC(301) Eden regions: 154->0(130)
[175.716s][info][gc,heap     ] GC(301) Survivor regions: 2->14(20)
[175.716s][info][gc,heap     ] GC(301) Old regions: 73->73
[175.716s][info][gc,heap     ] GC(301) Humongous regions: 5->3
[175.716s][info][gc,metaspace] GC(301) Metaspace: 41765K(42240K)->41765K(42240K) NonClass: 37427K(37696K)->37427K(37696K) Class: 4338K(4544K)->4338K(4544K)
[175.716s][info][gc          ] GC(301) Pause Young (Prepare Mixed) (G1 Evacuation Pause) 233M->90M(260M) 15.785ms
[175.716s][info][gc,cpu      ] GC(301) User=0.03s Sys=0.00s Real=0.01s
[176.227s][info][gc,start    ] GC(302) Pause Young (Mixed) (G1 Evacuation Pause)
[176.227s][info][gc,task     ] GC(302) Using 2 workers of 2 for evacuation
[176.238s][info][gc,phases   ] GC(302)   Pre Evacuate Collection Set: 0.18ms
[176.238s][info][gc,phases   ] GC(302)   Merge Heap Roots: 0.12ms
[176.238s][info][gc,phases   ] GC(302)   Evacuate Collection Set: 9.94ms
[176.238s][info][gc,phases   ] GC(302)   Post Evacuate Collection Set: 0.56ms
[176.238s][info][gc,phases   ] GC(302)   Other: 0.08ms
[176.238s][info][gc,heap     ] GC(302) Eden regions: 130->0(151)
[176.238s][info][gc,heap     ] GC(302) Survivor regions: 14->5(18)
[176.238s][info][gc,heap     ] GC(302) Old regions: 73->50
[176.238s][info][gc,heap     ] GC(302) Humongous regions: 11->3
[176.238s][info][gc,metaspace] GC(302) Metaspace: 41765K(42240K)->41765K(42240K) NonClass: 37427K(37696K)->37427K(37696K) Class: 4338K(4544K)->4338K(4544K)
[176.238s][info][gc          ] GC(302) Pause Young (Mixed) (G1 Evacuation Pause) 228M->57M(260M) 11.046ms
[176.238s][info][gc,cpu      ] GC(302) User=0.02s Sys=0.00s Real=0.01s
[176.466s][info][gc,start    ] GC(303) Pause Young (Concurrent Start) (G1 Humongous Allocation)
[176.467s][info][gc,task     ] GC(303) Using 2 workers of 2 for evacuation
[176.469s][info][gc,phases   ] GC(303)   Pre Evacuate Collection Set: 0.17ms
[176.469s][info][gc,phases   ] GC(303)   Merge Heap Roots: 0.05ms
[176.469s][info][gc,phases   ] GC(303)   Evacuate Collection Set: 2.16ms
[176.469s][info][gc,phases   ] GC(303)   Post Evacuate Collection Set: 0.39ms
[176.469s][info][gc,phases   ] GC(303)   Other: 0.10ms
[176.469s][info][gc,heap     ] GC(303) Eden regions: 42->0(154)
[176.469s][info][gc,heap     ] GC(303) Survivor regions: 5->2(20)
[176.469s][info][gc,heap     ] GC(303) Old regions: 50->50
[176.469s][info][gc,heap     ] GC(303) Humongous regions: 3->1
[176.469s][info][gc,metaspace] GC(303) Metaspace: 41765K(42240K)->41765K(42240K) NonClass: 37427K(37696K)->37427K(37696K) Class: 4338K(4544K)->4338K(4544K)
[176.470s][info][gc          ] GC(303) Pause Young (Concurrent Start) (G1 Humongous Allocation) 99M->52M(260M) 3.043ms
[176.470s][info][gc,cpu      ] GC(303) User=0.00s Sys=0.00s Real=0.01s
[176.470s][info][gc          ] GC(304) Concurrent Mark Cycle
[176.470s][info][gc,marking  ] GC(304) Concurrent Scan Root Regions
[176.476s][info][gc,marking  ] GC(304) Concurrent Scan Root Regions 6.674ms
[176.476s][info][gc,marking  ] GC(304) Concurrent Mark
[176.476s][info][gc,marking  ] GC(304) Concurrent Mark From Roots
[176.476s][info][gc,task     ] GC(304) Using 1 workers of 1 for marking
[176.594s][info][gc,marking  ] GC(304) Concurrent Mark From Roots 117.361ms
[176.594s][info][gc,marking  ] GC(304) Concurrent Preclean
[176.594s][info][gc,marking  ] GC(304) Concurrent Preclean 0.036ms
[176.594s][info][gc,start    ] GC(304) Pause Remark
[176.615s][info][gc          ] GC(304) Pause Remark 82M->82M(256M) 20.618ms
[176.615s][info][gc,cpu      ] GC(304) User=0.04s Sys=0.00s Real=0.02s
[176.617s][info][gc,marking  ] GC(304) Concurrent Mark 140.628ms
[176.617s][info][gc,marking  ] GC(304) Concurrent Rebuild Remembered Sets and Scrub Regions
[176.668s][info][gc,marking  ] GC(304) Concurrent Rebuild Remembered Sets and Scrub Regions 50.473ms
[176.668s][info][gc,start    ] GC(304) Pause Cleanup
[176.668s][info][gc          ] GC(304) Pause Cleanup 90M->90M(256M) 0.046ms
[176.668s][info][gc,cpu      ] GC(304) User=0.00s Sys=0.00s Real=0.00s
[176.671s][info][gc,marking  ] GC(304) Concurrent Clear Claimed Marks
[176.671s][info][gc,marking  ] GC(304) Concurrent Clear Claimed Marks 0.081ms
[176.671s][info][gc,marking  ] GC(304) Concurrent Cleanup for Next Mark
[176.672s][info][gc,marking  ] GC(304) Concurrent Cleanup for Next Mark 0.755ms
[176.672s][info][gc          ] GC(304) Concurrent Mark Cycle 202.135ms
[177.256s][info][gc,start    ] GC(305) Pause Young (Prepare Mixed) (G1 Evacuation Pause)
[177.256s][info][gc,task     ] GC(305) Using 2 workers of 2 for evacuation
[177.268s][info][gc,phases   ] GC(305)   Pre Evacuate Collection Set: 0.20ms
[177.268s][info][gc,phases   ] GC(305)   Merge Heap Roots: 0.12ms
[177.268s][info][gc,phases   ] GC(305)   Evacuate Collection Set: 10.73ms
[177.268s][info][gc,phases   ] GC(305)   Post Evacuate Collection Set: 0.44ms
[177.268s][info][gc,phases   ] GC(305)   Other: 0.07ms
[177.268s][info][gc,heap     ] GC(305) Eden regions: 151->0(143)
[177.268s][info][gc,heap     ] GC(305) Survivor regions: 2->10(20)
[177.268s][info][gc,heap     ] GC(305) Old regions: 50->50
[177.268s][info][gc,heap     ] GC(305) Humongous regions: 5->3
[177.268s][info][gc,metaspace] GC(305) Metaspace: 41766K(42240K)->41766K(42240K) NonClass: 37427K(37696K)->37427K(37696K) Class: 4338K(4544K)->4338K(4544K)
[177.268s][info][gc          ] GC(305) Pause Young (Prepare Mixed) (G1 Evacuation Pause) 207M->62M(256M) 11.767ms
[177.268s][info][gc,cpu      ] GC(305) User=0.02s Sys=0.00s Real=0.01s
[177.872s][info][gc,start    ] GC(306) Pause Young (Mixed) (G1 Evacuation Pause)
[177.872s][info][gc,task     ] GC(306) Using 2 workers of 2 for evacuation
[177.892s][info][gc,phases   ] GC(306)   Pre Evacuate Collection Set: 0.16ms
[177.892s][info][gc,phases   ] GC(306)   Merge Heap Roots: 0.10ms
[177.892s][info][gc,phases   ] GC(306)   Evacuate Collection Set: 18.92ms
[177.892s][info][gc,phases   ] GC(306)   Post Evacuate Collection Set: 0.47ms
[177.892s][info][gc,phases   ] GC(306)   Other: 0.08ms
[177.892s][info][gc,heap     ] GC(306) Eden regions: 143->0(133)
[177.892s][info][gc,heap     ] GC(306) Survivor regions: 10->20(20)
[177.892s][info][gc,heap     ] GC(306) Old regions: 50->47
[177.892s][info][gc,heap     ] GC(306) Humongous regions: 9->3
[177.892s][info][gc,metaspace] GC(306) Metaspace: 41766K(42240K)->41766K(42240K) NonClass: 37427K(37696K)->37427K(37696K) Class: 4338K(4544K)->4338K(4544K)
[177.892s][info][gc          ] GC(306) Pause Young (Mixed) (G1 Evacuation Pause) 211M->69M(256M) 19.947ms
[177.892s][info][gc,cpu      ] GC(306) User=0.04s Sys=0.00s Real=0.02s
[178.311s][info][gc,start    ] GC(307) Pause Young (Concurrent Start) (G1 Evacuation Pause)
[178.311s][info][gc,task     ] GC(307) Using 2 workers of 2 for evacuation
[178.350s][info][gc,phases   ] GC(307)   Pre Evacuate Collection Set: 0.18ms
[178.350s][info][gc,phases   ] GC(307)   Merge Heap Roots: 0.08ms
[178.350s][info][gc,phases   ] GC(307)   Evacuate Collection Set: 38.49ms
[178.350s][info][gc,phases   ] GC(307)   Post Evacuate Collection Set: 0.51ms
[178.350s][info][gc,phases   ] GC(307)   Other: 0.08ms
[178.350s][info][gc,heap     ] GC(307) Eden regions: 133->0(121)
[178.350s][info][gc,heap     ] GC(307) Survivor regions: 20->20(20)
[178.350s][info][gc,heap     ] GC(307) Old regions: 47->67
[178.350s][info][gc,heap     ] GC(307) Humongous regions: 3->3
[178.350s][info][gc,metaspace] GC(307) Metaspace: 41766K(42240K)->41766K(42240K) NonClass: 37427K(37696K)->37427K(37696K) Class: 4338K(4544K)->4338K(4544K)
[178.350s][info][gc          ] GC(307) Pause Young (Concurrent Start) (G1 Evacuation Pause) 202M->89M(256M) 39.554ms
[178.350s][info][gc          ] GC(308) Concurrent Mark Cycle
[178.350s][info][gc,marking  ] GC(308) Concurrent Scan Root Regions
[178.351s][info][gc,cpu      ] GC(307) User=0.07s Sys=0.00s Real=0.04s
[178.386s][info][gc,marking  ] GC(308) Concurrent Scan Root Regions 36.220ms
[178.386s][info][gc,marking  ] GC(308) Concurrent Mark
[178.386s][info][gc,marking  ] GC(308) Concurrent Mark From Roots
[178.386s][info][gc,task     ] GC(308) Using 1 workers of 1 for marking
[178.489s][info][gc,marking  ] GC(308) Concurrent Mark From Roots 102.326ms
[178.489s][info][gc,marking  ] GC(308) Concurrent Preclean
[178.489s][info][gc,marking  ] GC(308) Concurrent Preclean 0.034ms
[178.489s][info][gc,start    ] GC(308) Pause Remark
[178.504s][info][gc          ] GC(308) Pause Remark 112M->112M(256M) 15.272ms
[178.504s][info][gc,cpu      ] GC(308) User=0.03s Sys=0.00s Real=0.02s
[178.504s][info][gc,marking  ] GC(308) Concurrent Mark 117.921ms
[178.504s][info][gc,marking  ] GC(308) Concurrent Rebuild Remembered Sets and Scrub Regions
[178.559s][info][gc,marking  ] GC(308) Concurrent Rebuild Remembered Sets and Scrub Regions 54.179ms
[178.559s][info][gc,start    ] GC(308) Pause Cleanup
[178.559s][info][gc          ] GC(308) Pause Cleanup 121M->121M(256M) 0.044ms
[178.559s][info][gc,cpu      ] GC(308) User=0.00s Sys=0.00s Real=0.00s
[178.559s][info][gc,marking  ] GC(308) Concurrent Clear Claimed Marks
[178.559s][info][gc,marking  ] GC(308) Concurrent Clear Claimed Marks 0.038ms
[178.559s][info][gc,marking  ] GC(308) Concurrent Cleanup for Next Mark
[178.560s][info][gc,marking  ] GC(308) Concurrent Cleanup for Next Mark 0.778ms
[178.560s][info][gc          ] GC(308) Concurrent Mark Cycle 209.467ms
[179.024s][info][gc,start    ] GC(309) Pause Young (Prepare Mixed) (G1 Evacuation Pause)
[179.024s][info][gc,task     ] GC(309) Using 2 workers of 2 for evacuation
[179.091s][info][gc,phases   ] GC(309)   Pre Evacuate Collection Set: 0.20ms
[179.091s][info][gc,phases   ] GC(309)   Merge Heap Roots: 0.46ms
[179.091s][info][gc,phases   ] GC(309)   Evacuate Collection Set: 65.83ms
[179.092s][info][gc,phases   ] GC(309)   Post Evacuate Collection Set: 0.48ms
[179.092s][info][gc,phases   ] GC(309)   Other: 0.09ms
[179.092s][info][gc,heap     ] GC(309) Eden regions: 121->0(90)
[179.092s][info][gc,heap     ] GC(309) Survivor regions: 20->18(18)
[179.092s][info][gc,heap     ] GC(309) Old regions: 67->102
[179.092s][info][gc,heap     ] GC(309) Humongous regions: 3->3
[179.092s][info][gc,metaspace] GC(309) Metaspace: 41766K(42240K)->41766K(42240K) NonClass: 37427K(37696K)->37427K(37696K) Class: 4338K(4544K)->4338K(4544K)
[179.092s][info][gc          ] GC(309) Pause Young (Prepare Mixed) (G1 Evacuation Pause) 210M->122M(264M) 67.268ms
[179.092s][info][gc,cpu      ] GC(309) User=0.13s Sys=0.01s Real=0.07s
[179.584s][info][gc,start    ] GC(310) Pause Young (Mixed) (G1 Evacuation Pause)
[179.584s][info][gc,task     ] GC(310) Using 2 workers of 2 for evacuation
[179.642s][info][gc,phases   ] GC(310)   Pre Evacuate Collection Set: 0.16ms
[179.642s][info][gc,phases   ] GC(310)   Merge Heap Roots: 0.29ms
[179.642s][info][gc,phases   ] GC(310)   Evacuate Collection Set: 56.91ms
[179.642s][info][gc,phases   ] GC(310)   Post Evacuate Collection Set: 0.45ms
[179.642s][info][gc,phases   ] GC(310)   Other: 0.09ms
[179.642s][info][gc,heap     ] GC(310) Eden regions: 90->0(72)
[179.642s][info][gc,heap     ] GC(310) Survivor regions: 18->14(14)
[179.642s][info][gc,heap     ] GC(310) Old regions: 102->129
[179.642s][info][gc,heap     ] GC(310) Humongous regions: 3->3
[179.642s][info][gc,metaspace] GC(310) Metaspace: 41766K(42240K)->41766K(42240K) NonClass: 37427K(37696K)->37427K(37696K) Class: 4338K(4544K)->4338K(4544K)
[179.642s][info][gc          ] GC(310) Pause Young (Mixed) (G1 Evacuation Pause) 212M->145M(264M) 58.091ms
[179.642s][info][gc,cpu      ] GC(310) User=0.11s Sys=0.00s Real=0.06s
[179.917s][info][gc,start    ] GC(311) Pause Young (Concurrent Start) (G1 Humongous Allocation)
[179.917s][info][gc,task     ] GC(311) Using 2 workers of 2 for evacuation
[179.953s][info][gc,phases   ] GC(311)   Pre Evacuate Collection Set: 0.16ms
[179.953s][info][gc,phases   ] GC(311)   Merge Heap Roots: 0.20ms
[179.953s][info][gc,phases   ] GC(311)   Evacuate Collection Set: 34.88ms
[179.953s][info][gc,phases   ] GC(311)   Post Evacuate Collection Set: 0.36ms
[179.953s][info][gc,phases   ] GC(311)   Other: 0.08ms
[179.953s][info][gc,heap     ] GC(311) Eden regions: 50->0(64)
[179.953s][info][gc,heap     ] GC(311) Survivor regions: 14->11(11)
[179.953s][info][gc,heap     ] GC(311) Old regions: 129->146
[179.953s][info][gc,heap     ] GC(311) Humongous regions: 3->1
[179.953s][info][gc,metaspace] GC(311) Metaspace: 41766K(42240K)->41766K(42240K) NonClass: 37428K(37696K)->37428K(37696K) Class: 4338K(4544K)->4338K(4544K)
[179.953s][info][gc          ] GC(311) Pause Young (Concurrent Start) (G1 Humongous Allocation) 195M->157M(264M) 35.875ms
[179.953s][info][gc          ] GC(312) Concurrent Mark Cycle
[179.953s][info][gc,marking  ] GC(312) Concurrent Scan Root Regions
[179.955s][info][gc,cpu      ] GC(311) User=0.08s Sys=0.01s Real=0.04s
[180.023s][info][gc,marking  ] GC(312) Concurrent Scan Root Regions 69.518ms
[180.023s][info][gc,marking  ] GC(312) Concurrent Mark
[180.023s][info][gc,marking  ] GC(312) Concurrent Mark From Roots
[180.023s][info][gc,task     ] GC(312) Using 1 workers of 1 for marking
[180.179s][info][gc,marking  ] GC(312) Concurrent Mark From Roots 156.101ms
[180.179s][info][gc,marking  ] GC(312) Concurrent Preclean
[180.179s][info][gc,marking  ] GC(312) Concurrent Preclean 0.033ms
[180.179s][info][gc,start    ] GC(312) Pause Remark
[180.194s][info][gc          ] GC(312) Pause Remark 204M->203M(265M) 15.354ms
[180.194s][info][gc,cpu      ] GC(312) User=0.02s Sys=0.01s Real=0.02s
[180.196s][info][gc,marking  ] GC(312) Concurrent Mark 173.431ms
[180.196s][info][gc,marking  ] GC(312) Concurrent Rebuild Remembered Sets and Scrub Regions
[180.284s][info][gc,marking  ] GC(312) Concurrent Rebuild Remembered Sets and Scrub Regions 87.474ms
[180.284s][info][gc,start    ] GC(312) Pause Cleanup
[180.284s][info][gc          ] GC(312) Pause Cleanup 216M->216M(265M) 0.075ms
[180.284s][info][gc,cpu      ] GC(312) User=0.00s Sys=0.00s Real=0.00s
[180.284s][info][gc,marking  ] GC(312) Concurrent Clear Claimed Marks
[180.284s][info][gc,marking  ] GC(312) Concurrent Clear Claimed Marks 0.055ms
[180.284s][info][gc,marking  ] GC(312) Concurrent Cleanup for Next Mark
[180.285s][info][gc,marking  ] GC(312) Concurrent Cleanup for Next Mark 0.834ms
[180.285s][info][gc          ] GC(312) Concurrent Mark Cycle 331.705ms
[180.311s][info][gc,start    ] GC(313) Pause Young (Prepare Mixed) (G1 Evacuation Pause)
[180.311s][info][gc,task     ] GC(313) Using 2 workers of 2 for evacuation
[180.335s][info][gc,phases   ] GC(313)   Pre Evacuate Collection Set: 0.19ms
[180.335s][info][gc,phases   ] GC(313)   Merge Heap Roots: 0.16ms
[180.335s][info][gc,phases   ] GC(313)   Evacuate Collection Set: 23.39ms
[180.335s][info][gc,phases   ] GC(313)   Post Evacuate Collection Set: 0.42ms
[180.335s][info][gc,phases   ] GC(313)   Other: 0.09ms
[180.335s][info][gc,heap     ] GC(313) Eden regions: 64->0(59)
[180.335s][info][gc,heap     ] GC(313) Survivor regions: 11->10(10)
[180.335s][info][gc,heap     ] GC(313) Old regions: 145->157
[180.335s][info][gc,heap     ] GC(313) Humongous regions: 3->3
[180.335s][info][gc,metaspace] GC(313) Metaspace: 41766K(42240K)->41766K(42240K) NonClass: 37428K(37696K)->37428K(37696K) Class: 4338K(4544K)->4338K(4544K)
[180.335s][info][gc          ] GC(313) Pause Young (Prepare Mixed) (G1 Evacuation Pause) 222M->169M(265M) 24.446ms
[180.335s][info][gc,cpu      ] GC(313) User=0.05s Sys=0.00s Real=0.02s
[180.641s][info][gc,start    ] GC(314) Pause Young (Mixed) (G1 Evacuation Pause)
[180.641s][info][gc,task     ] GC(314) Using 2 workers of 2 for evacuation
[180.666s][info][gc,phases   ] GC(314)   Pre Evacuate Collection Set: 0.16ms
[180.666s][info][gc,phases   ] GC(314)   Merge Heap Roots: 0.50ms
[180.666s][info][gc,phases   ] GC(314)   Evacuate Collection Set: 23.72ms
[180.666s][info][gc,phases   ] GC(314)   Post Evacuate Collection Set: 0.49ms
[180.666s][info][gc,phases   ] GC(314)   Other: 0.08ms
[180.667s][info][gc,heap     ] GC(314) Eden regions: 59->0(72)
[180.667s][info][gc,heap     ] GC(314) Survivor regions: 10->7(9)
[180.667s][info][gc,heap     ] GC(314) Old regions: 157->140
[180.667s][info][gc,heap     ] GC(314) Humongous regions: 7->3
[180.667s][info][gc,metaspace] GC(314) Metaspace: 41766K(42240K)->41766K(42240K) NonClass: 37428K(37696K)->37428K(37696K) Class: 4338K(4544K)->4338K(4544K)
[180.667s][info][gc          ] GC(314) Pause Young (Mixed) (G1 Evacuation Pause) 232M->148M(265M) 25.141ms
[180.667s][info][gc,cpu      ] GC(314) User=0.05s Sys=0.00s Real=0.02s
[180.928s][info][gc,start    ] GC(315) Pause Young (Mixed) (G1 Evacuation Pause)
[180.928s][info][gc,task     ] GC(315) Using 2 workers of 2 for evacuation
[180.972s][info][gc,phases   ] GC(315)   Pre Evacuate Collection Set: 0.20ms
[180.972s][info][gc,phases   ] GC(315)   Merge Heap Roots: 0.80ms
[180.972s][info][gc,phases   ] GC(315)   Evacuate Collection Set: 41.26ms
[180.972s][info][gc,phases   ] GC(315)   Post Evacuate Collection Set: 1.79ms
[180.972s][info][gc,phases   ] GC(315)   Other: 0.08ms
[180.972s][info][gc,heap     ] GC(315) Eden regions: 72->0(177)
[180.972s][info][gc,heap     ] GC(315) Survivor regions: 7->10(10)
[180.972s][info][gc,heap     ] GC(315) Old regions: 140->125
[180.972s][info][gc,heap     ] GC(315) Humongous regions: 3->3
[180.972s][info][gc,metaspace] GC(315) Metaspace: 41766K(42240K)->41766K(42240K) NonClass: 37428K(37696K)->37428K(37696K) Class: 4338K(4544K)->4338K(4544K)
[180.972s][info][gc          ] GC(315) Pause Young (Mixed) (G1 Evacuation Pause) 220M->137M(443M) 44.332ms
[180.972s][info][gc,cpu      ] GC(315) User=0.08s Sys=0.00s Real=0.05s
[181.744s][info][gc,start    ] GC(316) Pause Young (Mixed) (G1 Evacuation Pause)
[181.744s][info][gc,task     ] GC(316) Using 2 workers of 2 for evacuation
[181.820s][info][gc,phases   ] GC(316)   Pre Evacuate Collection Set: 0.21ms
[181.820s][info][gc,phases   ] GC(316)   Merge Heap Roots: 0.80ms
[181.820s][info][gc,phases   ] GC(316)   Evacuate Collection Set: 73.88ms
[181.820s][info][gc,phases   ] GC(316)   Post Evacuate Collection Set: 0.76ms
[181.820s][info][gc,phases   ] GC(316)   Other: 0.09ms
[181.820s][info][gc,heap     ] GC(316) Eden regions: 177->0(155)
[181.820s][info][gc,heap     ] GC(316) Survivor regions: 10->24(24)
[181.820s][info][gc,heap     ] GC(316) Old regions: 125->144
[181.820s][info][gc,heap     ] GC(316) Humongous regions: 12->4
[181.820s][info][gc,metaspace] GC(316) Metaspace: 41774K(42240K)->41774K(42240K) NonClass: 37435K(37696K)->37435K(37696K) Class: 4338K(4544K)->4338K(4544K)
[181.820s][info][gc          ] GC(316) Pause Young (Mixed) (G1 Evacuation Pause) 323M->171M(443M) 75.988ms
[181.820s][info][gc,cpu      ] GC(316) User=0.13s Sys=0.01s Real=0.08s
[182.371s][info][gc,start    ] GC(317) Pause Young (Normal) (G1 Evacuation Pause)
[182.371s][info][gc,task     ] GC(317) Using 2 workers of 2 for evacuation
[182.403s][info][gc,phases   ] GC(317)   Pre Evacuate Collection Set: 0.21ms
[182.403s][info][gc,phases   ] GC(317)   Merge Heap Roots: 0.17ms
[182.403s][info][gc,phases   ] GC(317)   Evacuate Collection Set: 30.76ms
[182.403s][info][gc,phases   ] GC(317)   Post Evacuate Collection Set: 0.47ms
[182.403s][info][gc,phases   ] GC(317)   Other: 0.08ms
[182.403s][info][gc,heap     ] GC(317) Eden regions: 155->0(152)
[182.403s][info][gc,heap     ] GC(317) Survivor regions: 24->20(23)
[182.403s][info][gc,heap     ] GC(317) Old regions: 144->164
[182.403s][info][gc,heap     ] GC(317) Humongous regions: 5->4
[182.403s][info][gc,metaspace] GC(317) Metaspace: 41774K(42240K)->41774K(42240K) NonClass: 37435K(37696K)->37435K(37696K) Class: 4338K(4544K)->4338K(4544K)
[182.403s][info][gc          ] GC(317) Pause Young (Normal) (G1 Evacuation Pause) 327M->187M(443M) 31.910ms
[182.403s][info][gc,cpu      ] GC(317) User=0.06s Sys=0.00s Real=0.03s
[182.932s][info][gc,start    ] GC(318) Pause Young (Normal) (G1 Evacuation Pause)
[182.932s][info][gc,task     ] GC(318) Using 2 workers of 2 for evacuation
[182.946s][info][gc,phases   ] GC(318)   Pre Evacuate Collection Set: 0.22ms
[182.946s][info][gc,phases   ] GC(318)   Merge Heap Roots: 0.15ms
[182.946s][info][gc,phases   ] GC(318)   Evacuate Collection Set: 13.32ms
[182.946s][info][gc,phases   ] GC(318)   Post Evacuate Collection Set: 0.45ms
[182.946s][info][gc,phases   ] GC(318)   Other: 0.08ms
[182.946s][info][gc,heap     ] GC(318) Eden regions: 152->0(162)
[182.946s][info][gc,heap     ] GC(318) Survivor regions: 20->8(22)
[182.946s][info][gc,heap     ] GC(318) Old regions: 164->176
[182.946s][info][gc,heap     ] GC(318) Humongous regions: 6->5
[182.946s][info][gc,metaspace] GC(318) Metaspace: 41774K(42240K)->41774K(42240K) NonClass: 37436K(37696K)->37436K(37696K) Class: 4338K(4544K)->4338K(4544K)
[182.946s][info][gc          ] GC(318) Pause Young (Normal) (G1 Evacuation Pause) 341M->188M(443M) 14.485ms
[182.946s][info][gc,cpu      ] GC(318) User=0.03s Sys=0.00s Real=0.01s
[183.502s][info][gc,start    ] GC(319) Pause Young (Concurrent Start) (G1 Evacuation Pause)
[183.502s][info][gc,task     ] GC(319) Using 2 workers of 2 for evacuation
[183.536s][info][gc,phases   ] GC(319)   Pre Evacuate Collection Set: 0.29ms
[183.536s][info][gc,phases   ] GC(319)   Merge Heap Roots: 0.09ms
[183.536s][info][gc,phases   ] GC(319)   Evacuate Collection Set: 32.94ms
[183.536s][info][gc,phases   ] GC(319)   Post Evacuate Collection Set: 0.54ms
[183.536s][info][gc,phases   ] GC(319)   Other: 0.10ms
[183.536s][info][gc,heap     ] GC(319) Eden regions: 162->0(118)
[183.536s][info][gc,heap     ] GC(319) Survivor regions: 8->22(22)
[183.536s][info][gc,heap     ] GC(319) Old regions: 176->206
[183.536s][info][gc,heap     ] GC(319) Humongous regions: 5->4
[183.536s][info][gc,metaspace] GC(319) Metaspace: 41780K(42240K)->41780K(42240K) NonClass: 37441K(37696K)->37441K(37696K) Class: 4338K(4544K)->4338K(4544K)
[183.536s][info][gc          ] GC(319) Pause Young (Concurrent Start) (G1 Evacuation Pause) 350M->231M(443M) 34.193ms
[183.536s][info][gc,cpu      ] GC(319) User=0.07s Sys=0.00s Real=0.03s
[183.536s][info][gc          ] GC(320) Concurrent Mark Cycle
[183.536s][info][gc,marking  ] GC(320) Concurrent Scan Root Regions
[183.560s][info][gc,marking  ] GC(320) Concurrent Scan Root Regions 24.059ms
[183.560s][info][gc,marking  ] GC(320) Concurrent Mark
[183.560s][info][gc,marking  ] GC(320) Concurrent Mark From Roots
[183.560s][info][gc,task     ] GC(320) Using 1 workers of 1 for marking
[183.635s][info][gc,marking  ] GC(320) Concurrent Mark From Roots 75.056ms
[183.635s][info][gc,marking  ] GC(320) Concurrent Preclean
[183.635s][info][gc,marking  ] GC(320) Concurrent Preclean 0.052ms
[183.635s][info][gc,start    ] GC(320) Pause Remark
[183.651s][info][gc          ] GC(320) Pause Remark 253M->203M(443M) 15.753ms
[183.651s][info][gc,cpu      ] GC(320) User=0.03s Sys=0.00s Real=0.02s
[183.651s][info][gc,marking  ] GC(320) Concurrent Mark 91.087ms
[183.651s][info][gc,marking  ] GC(320) Concurrent Rebuild Remembered Sets and Scrub Regions
[183.704s][info][gc,marking  ] GC(320) Concurrent Rebuild Remembered Sets and Scrub Regions 53.244ms
[183.705s][info][gc,start    ] GC(320) Pause Cleanup
[183.705s][info][gc          ] GC(320) Pause Cleanup 212M->212M(443M) 0.082ms
[183.705s][info][gc,cpu      ] GC(320) User=0.00s Sys=0.00s Real=0.00s
[183.705s][info][gc,marking  ] GC(320) Concurrent Clear Claimed Marks
[183.705s][info][gc,marking  ] GC(320) Concurrent Clear Claimed Marks 0.040ms
[183.705s][info][gc,marking  ] GC(320) Concurrent Cleanup for Next Mark
[183.708s][info][gc,marking  ] GC(320) Concurrent Cleanup for Next Mark 3.379ms
[183.708s][info][gc          ] GC(320) Concurrent Mark Cycle 172.270ms
[184.064s][info][gc,start    ] GC(321) Pause Young (Prepare Mixed) (G1 Evacuation Pause)
[184.064s][info][gc,task     ] GC(321) Using 2 workers of 2 for evacuation
[184.116s][info][gc,phases   ] GC(321)   Pre Evacuate Collection Set: 0.28ms
[184.116s][info][gc,phases   ] GC(321)   Merge Heap Roots: 0.41ms
[184.116s][info][gc,phases   ] GC(321)   Evacuate Collection Set: 50.68ms
[184.116s][info][gc,phases   ] GC(321)   Post Evacuate Collection Set: 0.52ms
[184.116s][info][gc,phases   ] GC(321)   Other: 0.08ms
[184.116s][info][gc,heap     ] GC(321) Eden regions: 118->0(107)
[184.116s][info][gc,heap     ] GC(321) Survivor regions: 22->18(18)
[184.116s][info][gc,heap     ] GC(321) Old regions: 157->206
[184.116s][info][gc,heap     ] GC(321) Humongous regions: 4->4
[184.116s][info][gc,metaspace] GC(321) Metaspace: 41780K(42240K)->41780K(42240K) NonClass: 37441K(37696K)->37441K(37696K) Class: 4338K(4544K)->4338K(4544K)
[184.117s][info][gc          ] GC(321) Pause Young (Prepare Mixed) (G1 Evacuation Pause) 300M->227M(443M) 52.182ms
[184.117s][info][gc,cpu      ] GC(321) User=0.10s Sys=0.00s Real=0.05s
[184.544s][info][gc,start    ] GC(322) Pause Young (Mixed) (G1 Evacuation Pause)
[184.544s][info][gc,task     ] GC(322) Using 2 workers of 2 for evacuation
[184.582s][info][gc,phases   ] GC(322)   Pre Evacuate Collection Set: 0.22ms
[184.582s][info][gc,phases   ] GC(322)   Merge Heap Roots: 0.33ms
[184.582s][info][gc,phases   ] GC(322)   Evacuate Collection Set: 36.79ms
[184.582s][info][gc,phases   ] GC(322)   Post Evacuate Collection Set: 0.45ms
[184.582s][info][gc,phases   ] GC(322)   Other: 0.08ms
[184.582s][info][gc,heap     ] GC(322) Eden regions: 107->0(122)
[184.582s][info][gc,heap     ] GC(322) Survivor regions: 18->16(16)
[184.582s][info][gc,heap     ] GC(322) Old regions: 206->188
[184.582s][info][gc,heap     ] GC(322) Humongous regions: 4->4
[184.582s][info][gc,metaspace] GC(322) Metaspace: 41781K(42240K)->41781K(42240K) NonClass: 37442K(37696K)->37442K(37696K) Class: 4338K(4544K)->4338K(4544K)
[184.582s][info][gc          ] GC(322) Pause Young (Mixed) (G1 Evacuation Pause) 334M->207M(443M) 38.093ms
[184.582s][info][gc,cpu      ] GC(322) User=0.07s Sys=0.01s Real=0.04s
[185.045s][info][gc,start    ] GC(323) Pause Young (Mixed) (G1 Evacuation Pause)
[185.045s][info][gc,task     ] GC(323) Using 2 workers of 2 for evacuation
[185.103s][info][gc,phases   ] GC(323)   Pre Evacuate Collection Set: 0.24ms
[185.103s][info][gc,phases   ] GC(323)   Merge Heap Roots: 0.21ms
[185.103s][info][gc,phases   ] GC(323)   Evacuate Collection Set: 56.69ms
[185.103s][info][gc,phases   ] GC(323)   Post Evacuate Collection Set: 0.97ms
[185.103s][info][gc,phases   ] GC(323)   Other: 0.09ms
[185.103s][info][gc,heap     ] GC(323) Eden regions: 122->0(116)
[185.103s][info][gc,heap     ] GC(323) Survivor regions: 16->18(18)
[185.103s][info][gc,heap     ] GC(323) Old regions: 188->233
[185.103s][info][gc,heap     ] GC(323) Humongous regions: 5->5
[185.103s][info][gc,metaspace] GC(323) Metaspace: 41781K(42240K)->41781K(42240K) NonClass: 37442K(37696K)->37442K(37696K) Class: 4338K(4544K)->4338K(4544K)
[185.104s][info][gc          ] GC(323) Pause Young (Mixed) (G1 Evacuation Pause) 330M->255M(500M) 58.431ms
[185.104s][info][gc,cpu      ] GC(323) User=0.11s Sys=0.00s Real=0.06s
[185.638s][info][gc,start    ] GC(324) Pause Young (Normal) (G1 Evacuation Pause)
[185.638s][info][gc,task     ] GC(324) Using 2 workers of 2 for evacuation
[185.703s][info][gc,phases   ] GC(324)   Pre Evacuate Collection Set: 0.23ms
[185.703s][info][gc,phases   ] GC(324)   Merge Heap Roots: 0.30ms
[185.703s][info][gc,phases   ] GC(324)   Evacuate Collection Set: 64.27ms
[185.703s][info][gc,phases   ] GC(324)   Post Evacuate Collection Set: 0.53ms
[185.703s][info][gc,phases   ] GC(324)   Other: 0.07ms
[185.703s][info][gc,heap     ] GC(324) Eden regions: 116->0(70)
[185.703s][info][gc,heap     ] GC(324) Survivor regions: 18->17(17)
[185.703s][info][gc,heap     ] GC(324) Old regions: 233->304
[185.703s][info][gc,heap     ] GC(324) Humongous regions: 5->5
[185.703s][info][gc,metaspace] GC(324) Metaspace: 41781K(42240K)->41781K(42240K) NonClass: 37442K(37696K)->37442K(37696K) Class: 4338K(4544K)->4338K(4544K)
[185.703s][info][gc          ] GC(324) Pause Young (Normal) (G1 Evacuation Pause) 371M->325M(500M) 65.610ms
[185.703s][info][gc,cpu      ] GC(324) User=0.13s Sys=0.00s Real=0.07s
[185.764s][info][gc,start    ] GC(325) Pause Young (Concurrent Start) (G1 Humongous Allocation)
[185.764s][info][gc,task     ] GC(325) Using 2 workers of 2 for evacuation
[185.789s][info][gc,phases   ] GC(325)   Pre Evacuate Collection Set: 0.25ms
[185.789s][info][gc,phases   ] GC(325)   Merge Heap Roots: 0.26ms
[185.789s][info][gc,phases   ] GC(325)   Evacuate Collection Set: 24.65ms
[185.789s][info][gc,phases   ] GC(325)   Post Evacuate Collection Set: 0.36ms
[185.789s][info][gc,phases   ] GC(325)   Other: 0.15ms
[185.789s][info][gc,heap     ] GC(325) Eden regions: 17->0(64)
[185.789s][info][gc,heap     ] GC(325) Survivor regions: 17->11(11)
[185.789s][info][gc,heap     ] GC(325) Old regions: 304->322
[185.789s][info][gc,heap     ] GC(325) Humongous regions: 5->5
[185.789s][info][gc,metaspace] GC(325) Metaspace: 41781K(42240K)->41781K(42240K) NonClass: 37442K(37696K)->37442K(37696K) Class: 4338K(4544K)->4338K(4544K)
[185.790s][info][gc          ] GC(325) Pause Young (Concurrent Start) (G1 Humongous Allocation) 342M->337M(500M) 25.868ms
[185.790s][info][gc,cpu      ] GC(325) User=0.05s Sys=0.00s Real=0.03s
[185.790s][info][gc          ] GC(326) Concurrent Mark Cycle
[185.790s][info][gc,marking  ] GC(326) Concurrent Scan Root Regions
[185.799s][info][gc,marking  ] GC(326) Concurrent Scan Root Regions 9.578ms
[185.799s][info][gc,marking  ] GC(326) Concurrent Mark
[185.799s][info][gc,marking  ] GC(326) Concurrent Mark From Roots
[185.799s][info][gc,task     ] GC(326) Using 1 workers of 1 for marking
[185.964s][info][gc,marking  ] GC(326) Concurrent Mark From Roots 164.457ms
[185.964s][info][gc,marking  ] GC(326) Concurrent Preclean
[185.964s][info][gc,marking  ] GC(326) Concurrent Preclean 0.068ms
[185.964s][info][gc,start    ] GC(326) Pause Remark
[185.980s][info][gc          ] GC(326) Pause Remark 375M->311M(500M) 15.941ms
[185.980s][info][gc,cpu      ] GC(326) User=0.03s Sys=0.00s Real=0.02s
[185.980s][info][gc,marking  ] GC(326) Concurrent Mark 180.760ms
[185.980s][info][gc,marking  ] GC(326) Concurrent Rebuild Remembered Sets and Scrub Regions
[186.081s][info][gc,marking  ] GC(326) Concurrent Rebuild Remembered Sets and Scrub Regions 100.952ms
[186.081s][info][gc,start    ] GC(326) Pause Cleanup
[186.081s][info][gc          ] GC(326) Pause Cleanup 333M->333M(500M) 0.093ms
[186.081s][info][gc,cpu      ] GC(326) User=0.00s Sys=0.00s Real=0.00s
[186.081s][info][gc,marking  ] GC(326) Concurrent Clear Claimed Marks
[186.081s][info][gc,marking  ] GC(326) Concurrent Clear Claimed Marks 0.039ms
[186.081s][info][gc,marking  ] GC(326) Concurrent Cleanup for Next Mark
[186.083s][info][gc,marking  ] GC(326) Concurrent Cleanup for Next Mark 2.064ms
[186.083s][info][gc          ] GC(326) Concurrent Mark Cycle 293.800ms
[186.102s][info][gc,start    ] GC(327) Pause Young (Prepare Mixed) (G1 Evacuation Pause)
[186.102s][info][gc,task     ] GC(327) Using 2 workers of 2 for evacuation
[186.139s][info][gc,phases   ] GC(327)   Pre Evacuate Collection Set: 0.19ms
[186.139s][info][gc,phases   ] GC(327)   Merge Heap Roots: 0.26ms
[186.139s][info][gc,phases   ] GC(327)   Evacuate Collection Set: 35.62ms
[186.139s][info][gc,phases   ] GC(327)   Post Evacuate Collection Set: 0.48ms
[186.139s][info][gc,phases   ] GC(327)   Other: 0.09ms
[186.139s][info][gc,heap     ] GC(327) Eden regions: 64->0(76)
[186.139s][info][gc,heap     ] GC(327) Survivor regions: 11->10(10)
[186.139s][info][gc,heap     ] GC(327) Old regions: 259->296
[186.139s][info][gc,heap     ] GC(327) Humongous regions: 5->5
[186.139s][info][gc,metaspace] GC(327) Metaspace: 41781K(42240K)->41781K(42240K) NonClass: 37442K(37696K)->37442K(37696K) Class: 4338K(4544K)->4338K(4544K)
[186.139s][info][gc          ] GC(327) Pause Young (Prepare Mixed) (G1 Evacuation Pause) 338M->310M(500M) 36.847ms
[186.139s][info][gc,cpu      ] GC(327) User=0.08s Sys=0.00s Real=0.03s
[186.422s][info][gc,start    ] GC(328) Pause Young (Mixed) (G1 Evacuation Pause)
[186.422s][info][gc,task     ] GC(328) Using 2 workers of 2 for evacuation
[186.477s][info][gc,phases   ] GC(328)   Pre Evacuate Collection Set: 0.33ms
[186.477s][info][gc,phases   ] GC(328)   Merge Heap Roots: 0.35ms
[186.477s][info][gc,phases   ] GC(328)   Evacuate Collection Set: 53.42ms
[186.477s][info][gc,phases   ] GC(328)   Post Evacuate Collection Set: 0.62ms
[186.477s][info][gc,phases   ] GC(328)   Other: 0.11ms
[186.477s][info][gc,heap     ] GC(328) Eden regions: 76->0(71)
[186.477s][info][gc,heap     ] GC(328) Survivor regions: 10->11(11)
[186.477s][info][gc,heap     ] GC(328) Old regions: 296->300
[186.477s][info][gc,heap     ] GC(328) Humongous regions: 6->6
[186.477s][info][gc,metaspace] GC(328) Metaspace: 41781K(42240K)->41781K(42240K) NonClass: 37442K(37696K)->37442K(37696K) Class: 4338K(4544K)->4338K(4544K)
[186.477s][info][gc          ] GC(328) Pause Young (Mixed) (G1 Evacuation Pause) 387M->316M(500M) 55.085ms
[186.477s][info][gc,cpu      ] GC(328) User=0.11s Sys=0.01s Real=0.05s
[186.776s][info][gc,start    ] GC(329) Pause Young (Mixed) (G1 Evacuation Pause)
[186.776s][info][gc,task     ] GC(329) Using 2 workers of 2 for evacuation
[186.840s][info][gc,phases   ] GC(329)   Pre Evacuate Collection Set: 0.30ms
[186.840s][info][gc,phases   ] GC(329)   Merge Heap Roots: 1.22ms
[186.840s][info][gc,phases   ] GC(329)   Evacuate Collection Set: 60.34ms
[186.840s][info][gc,phases   ] GC(329)   Post Evacuate Collection Set: 1.61ms
[186.840s][info][gc,phases   ] GC(329)   Other: 0.11ms
[186.840s][info][gc,heap     ] GC(329) Eden regions: 71->0(135)
[186.840s][info][gc,heap     ] GC(329) Survivor regions: 11->11(11)
[186.840s][info][gc,heap     ] GC(329) Old regions: 300->295
[186.840s][info][gc,heap     ] GC(329) Humongous regions: 6->6
[186.840s][info][gc,metaspace] GC(329) Metaspace: 41781K(42240K)->41781K(42240K) NonClass: 37442K(37696K)->37442K(37696K) Class: 4338K(4544K)->4338K(4544K)
[186.840s][info][gc          ] GC(329) Pause Young (Mixed) (G1 Evacuation Pause) 387M->311M(635M) 63.832ms
[186.840s][info][gc,cpu      ] GC(329) User=0.12s Sys=0.00s Real=0.07s
[187.462s][info][gc,start    ] GC(330) Pause Young (Mixed) (G1 Evacuation Pause)
[187.463s][info][gc,task     ] GC(330) Using 2 workers of 2 for evacuation
[187.536s][info][gc,phases   ] GC(330)   Pre Evacuate Collection Set: 0.24ms
[187.536s][info][gc,phases   ] GC(330)   Merge Heap Roots: 1.18ms
[187.536s][info][gc,phases   ] GC(330)   Evacuate Collection Set: 71.16ms
[187.536s][info][gc,phases   ] GC(330)   Post Evacuate Collection Set: 0.62ms
[187.536s][info][gc,phases   ] GC(330)   Other: 0.08ms
[187.536s][info][gc,heap     ] GC(330) Eden regions: 135->0(137)
[187.536s][info][gc,heap     ] GC(330) Survivor regions: 11->19(19)
[187.536s][info][gc,heap     ] GC(330) Old regions: 295->307
[187.536s][info][gc,heap     ] GC(330) Humongous regions: 7->6
[187.536s][info][gc,metaspace] GC(330) Metaspace: 41781K(42240K)->41781K(42240K) NonClass: 37442K(37696K)->37442K(37696K) Class: 4338K(4544K)->4338K(4544K)
[187.536s][info][gc          ] GC(330) Pause Young (Mixed) (G1 Evacuation Pause) 447M->331M(635M) 73.559ms
[187.536s][info][gc,cpu      ] GC(330) User=0.14s Sys=0.01s Real=0.07s
[188.057s][info][gc,start    ] GC(331) Pause Young (Normal) (G1 Evacuation Pause)
[188.057s][info][gc,task     ] GC(331) Using 2 workers of 2 for evacuation
[188.081s][info][gc,phases   ] GC(331)   Pre Evacuate Collection Set: 0.27ms
[188.081s][info][gc,phases   ] GC(331)   Merge Heap Roots: 0.13ms
[188.081s][info][gc,phases   ] GC(331)   Evacuate Collection Set: 23.44ms
[188.081s][info][gc,phases   ] GC(331)   Post Evacuate Collection Set: 0.45ms
[188.081s][info][gc,phases   ] GC(331)   Other: 0.08ms
[188.081s][info][gc,heap     ] GC(331) Eden regions: 137->0(140)
[188.081s][info][gc,heap     ] GC(331) Survivor regions: 19->19(20)
[188.081s][info][gc,heap     ] GC(331) Old regions: 307->326
[188.081s][info][gc,heap     ] GC(331) Humongous regions: 6->6
[188.081s][info][gc,metaspace] GC(331) Metaspace: 41783K(42240K)->41783K(42240K) NonClass: 37445K(37696K)->37445K(37696K) Class: 4338K(4544K)->4338K(4544K)
[188.081s][info][gc          ] GC(331) Pause Young (Normal) (G1 Evacuation Pause) 468M->350M(635M) 24.597ms
[188.081s][info][gc,cpu      ] GC(331) User=0.04s Sys=0.00s Real=0.03s
[188.242s][info][gc,start    ] GC(332) Pause Young (Concurrent Start) (G1 Humongous Allocation)
[188.242s][info][gc,task     ] GC(332) Using 2 workers of 2 for evacuation
[188.266s][info][gc,phases   ] GC(332)   Pre Evacuate Collection Set: 0.29ms
[188.266s][info][gc,phases   ] GC(332)   Merge Heap Roots: 0.06ms
[188.266s][info][gc,phases   ] GC(332)   Evacuate Collection Set: 23.46ms
[188.266s][info][gc,phases   ] GC(332)   Post Evacuate Collection Set: 0.40ms
[188.266s][info][gc,phases   ] GC(332)   Other: 0.19ms
[188.266s][info][gc,heap     ] GC(332) Eden regions: 40->0(138)
[188.266s][info][gc,heap     ] GC(332) Survivor regions: 19->20(20)
[188.266s][info][gc,heap     ] GC(332) Old regions: 326->339
[188.266s][info][gc,heap     ] GC(332) Humongous regions: 6->6
[188.266s][info][gc,metaspace] GC(332) Metaspace: 41783K(42240K)->41783K(42240K) NonClass: 37445K(37696K)->37445K(37696K) Class: 4338K(4544K)->4338K(4544K)
[188.266s][info][gc          ] GC(332) Pause Young (Concurrent Start) (G1 Humongous Allocation) 390M->364M(635M) 24.653ms
[188.266s][info][gc,cpu      ] GC(332) User=0.05s Sys=0.00s Real=0.02s
[188.266s][info][gc          ] GC(333) Concurrent Mark Cycle
[188.267s][info][gc,marking  ] GC(333) Concurrent Scan Root Regions
[188.284s][info][gc,marking  ] GC(333) Concurrent Scan Root Regions 17.019ms
[188.284s][info][gc,marking  ] GC(333) Concurrent Mark
[188.284s][info][gc,marking  ] GC(333) Concurrent Mark From Roots
[188.284s][info][gc,task     ] GC(333) Using 1 workers of 1 for marking
[188.371s][info][gc,marking  ] GC(333) Concurrent Mark From Roots 86.975ms
[188.371s][info][gc,marking  ] GC(333) Concurrent Preclean
[188.371s][info][gc,marking  ] GC(333) Concurrent Preclean 0.068ms
[188.371s][info][gc,start    ] GC(333) Pause Remark
[188.388s][info][gc          ] GC(333) Pause Remark 381M->166M(504M) 17.123ms
[188.388s][info][gc,cpu      ] GC(333) User=0.03s Sys=0.00s Real=0.01s
[188.388s][info][gc,marking  ] GC(333) Concurrent Mark 104.775ms
[188.388s][info][gc,marking  ] GC(333) Concurrent Rebuild Remembered Sets and Scrub Regions
[188.446s][info][gc,marking  ] GC(333) Concurrent Rebuild Remembered Sets and Scrub Regions 57.935ms
[188.447s][info][gc,start    ] GC(333) Pause Cleanup
[188.447s][info][gc          ] GC(333) Pause Cleanup 180M->180M(504M) 0.094ms
[188.447s][info][gc,cpu      ] GC(333) User=0.00s Sys=0.00s Real=0.00s
[188.447s][info][gc,marking  ] GC(333) Concurrent Clear Claimed Marks
[188.447s][info][gc,marking  ] GC(333) Concurrent Clear Claimed Marks 0.078ms
[188.447s][info][gc,marking  ] GC(333) Concurrent Cleanup for Next Mark
[188.449s][info][gc,marking  ] GC(333) Concurrent Cleanup for Next Mark 1.755ms
[188.449s][info][gc          ] GC(333) Concurrent Mark Cycle 182.084ms
[188.925s][info][gc,start    ] GC(334) Pause Young (Prepare Mixed) (G1 Evacuation Pause)
[188.925s][info][gc,task     ] GC(334) Using 2 workers of 2 for evacuation
[188.959s][info][gc,phases   ] GC(334)   Pre Evacuate Collection Set: 0.23ms
[188.959s][info][gc,phases   ] GC(334)   Merge Heap Roots: 0.23ms
[188.959s][info][gc,phases   ] GC(334)   Evacuate Collection Set: 33.31ms
[188.959s][info][gc,phases   ] GC(334)   Post Evacuate Collection Set: 0.49ms
[188.959s][info][gc,phases   ] GC(334)   Other: 0.08ms
[188.959s][info][gc,heap     ] GC(334) Eden regions: 138->0(173)
[188.959s][info][gc,heap     ] GC(334) Survivor regions: 20->20(20)
[188.959s][info][gc,heap     ] GC(334) Old regions: 127->149
[188.959s][info][gc,heap     ] GC(334) Humongous regions: 4->3
[188.959s][info][gc,metaspace] GC(334) Metaspace: 41783K(42240K)->41783K(42240K) NonClass: 37445K(37696K)->37445K(37696K) Class: 4338K(4544K)->4338K(4544K)
[188.959s][info][gc          ] GC(334) Pause Young (Prepare Mixed) (G1 Evacuation Pause) 288M->170M(504M) 34.588ms
[188.959s][info][gc,cpu      ] GC(334) User=0.07s Sys=0.00s Real=0.04s
[189.744s][info][gc,start    ] GC(335) Pause Young (Mixed) (G1 Evacuation Pause)
[189.744s][info][gc,task     ] GC(335) Using 2 workers of 2 for evacuation
[189.785s][info][gc,phases   ] GC(335)   Pre Evacuate Collection Set: 0.31ms
[189.785s][info][gc,phases   ] GC(335)   Merge Heap Roots: 0.33ms
[189.785s][info][gc,phases   ] GC(335)   Evacuate Collection Set: 39.67ms
[189.785s][info][gc,phases   ] GC(335)   Post Evacuate Collection Set: 0.56ms
[189.785s][info][gc,phases   ] GC(335)   Other: 0.11ms
[189.785s][info][gc,heap     ] GC(335) Eden regions: 173->0(187)
[189.785s][info][gc,heap     ] GC(335) Survivor regions: 20->25(25)
[189.785s][info][gc,heap     ] GC(335) Old regions: 149->134
[189.785s][info][gc,heap     ] GC(335) Humongous regions: 6->5
[189.785s][info][gc,metaspace] GC(335) Metaspace: 41783K(42240K)->41783K(42240K) NonClass: 37445K(37696K)->37445K(37696K) Class: 4338K(4544K)->4338K(4544K)
[189.785s][info][gc          ] GC(335) Pause Young (Mixed) (G1 Evacuation Pause) 346M->162M(504M) 41.224ms
[189.785s][info][gc,cpu      ] GC(335) User=0.08s Sys=0.00s Real=0.04s
[190.500s][info][gc,start    ] GC(336) Pause Young (Normal) (G1 Evacuation Pause)
[190.500s][info][gc,task     ] GC(336) Using 2 workers of 2 for evacuation
[190.522s][info][gc,phases   ] GC(336)   Pre Evacuate Collection Set: 0.32ms
[190.523s][info][gc,phases   ] GC(336)   Merge Heap Roots: 0.14ms
[190.523s][info][gc,phases   ] GC(336)   Evacuate Collection Set: 21.16ms
[190.523s][info][gc,phases   ] GC(336)   Post Evacuate Collection Set: 0.51ms
[190.523s][info][gc,phases   ] GC(336)   Other: 0.11ms
[190.523s][info][gc,heap     ] GC(336) Eden regions: 187->0(196)
[190.523s][info][gc,heap     ] GC(336) Survivor regions: 25->11(27)
[190.523s][info][gc,heap     ] GC(336) Old regions: 134->158
[190.523s][info][gc,heap     ] GC(336) Humongous regions: 6->5
[190.523s][info][gc,metaspace] GC(336) Metaspace: 41783K(42240K)->41783K(42240K) NonClass: 37445K(37696K)->37445K(37696K) Class: 4338K(4544K)->4338K(4544K)
[190.523s][info][gc          ] GC(336) Pause Young (Normal) (G1 Evacuation Pause) 350M->173M(504M) 22.484ms
[190.523s][info][gc,cpu      ] GC(336) User=0.04s Sys=0.00s Real=0.02s
[190.546s][info][gc,start    ] GC(337) Pause Young (Concurrent Start) (G1 Humongous Allocation)
[190.546s][info][gc,task     ] GC(337) Using 2 workers of 2 for evacuation
[190.556s][info][gc,phases   ] GC(337)   Pre Evacuate Collection Set: 0.23ms
[190.556s][info][gc,phases   ] GC(337)   Merge Heap Roots: 0.05ms
[190.556s][info][gc,phases   ] GC(337)   Evacuate Collection Set: 9.19ms
[190.556s][info][gc,phases   ] GC(337)   Post Evacuate Collection Set: 0.34ms
[190.556s][info][gc,phases   ] GC(337)   Other: 0.17ms
[190.556s][info][gc,heap     ] GC(337) Eden regions: 8->0(158)
[190.556s][info][gc,heap     ] GC(337) Survivor regions: 11->16(26)
[190.556s][info][gc,heap     ] GC(337) Old regions: 158->158
[190.556s][info][gc,heap     ] GC(337) Humongous regions: 5->5
[190.556s][info][gc,metaspace] GC(337) Metaspace: 41783K(42240K)->41783K(42240K) NonClass: 37445K(37696K)->37445K(37696K) Class: 4338K(4544K)->4338K(4544K)
[190.556s][info][gc          ] GC(337) Pause Young (Concurrent Start) (G1 Humongous Allocation) 180M->177M(504M) 10.244ms
[190.556s][info][gc,cpu      ] GC(337) User=0.02s Sys=0.00s Real=0.01s
[190.556s][info][gc          ] GC(338) Concurrent Mark Cycle
[190.556s][info][gc,marking  ] GC(338) Concurrent Scan Root Regions
[190.564s][info][gc,marking  ] GC(338) Concurrent Scan Root Regions 7.179ms
[190.564s][info][gc,marking  ] GC(338) Concurrent Mark
[190.564s][info][gc,marking  ] GC(338) Concurrent Mark From Roots
[190.564s][info][gc,task     ] GC(338) Using 1 workers of 1 for marking
[190.658s][info][gc,marking  ] GC(338) Concurrent Mark From Roots 94.253ms
[190.658s][info][gc,marking  ] GC(338) Concurrent Preclean
[190.658s][info][gc,marking  ] GC(338) Concurrent Preclean 0.087ms
[190.658s][info][gc,start    ] GC(338) Pause Remark
[190.674s][info][gc          ] GC(338) Pause Remark 199M->168M(497M) 15.791ms
[190.674s][info][gc,cpu      ] GC(338) User=0.03s Sys=0.00s Real=0.02s
[190.674s][info][gc,marking  ] GC(338) Concurrent Mark 110.477ms
[190.674s][info][gc,marking  ] GC(338) Concurrent Rebuild Remembered Sets and Scrub Regions
[190.715s][info][gc,marking  ] GC(338) Concurrent Rebuild Remembered Sets and Scrub Regions 40.606ms
[190.715s][info][gc,start    ] GC(338) Pause Cleanup
[190.715s][info][gc          ] GC(338) Pause Cleanup 177M->177M(497M) 0.087ms
[190.715s][info][gc,cpu      ] GC(338) User=0.00s Sys=0.00s Real=0.00s
[190.715s][info][gc,marking  ] GC(338) Concurrent Clear Claimed Marks
[190.715s][info][gc,marking  ] GC(338) Concurrent Clear Claimed Marks 0.040ms
[190.715s][info][gc,marking  ] GC(338) Concurrent Cleanup for Next Mark
[190.717s][info][gc,marking  ] GC(338) Concurrent Cleanup for Next Mark 1.513ms
[190.717s][info][gc          ] GC(338) Concurrent Mark Cycle 160.305ms
[191.235s][info][gc,start    ] GC(339) Pause Young (Prepare Mixed) (G1 Evacuation Pause)
[191.235s][info][gc,task     ] GC(339) Using 2 workers of 2 for evacuation
[191.254s][info][gc,phases   ] GC(339)   Pre Evacuate Collection Set: 0.21ms
[191.254s][info][gc,phases   ] GC(339)   Merge Heap Roots: 0.08ms
[191.254s][info][gc,phases   ] GC(339)   Evacuate Collection Set: 18.13ms
[191.254s][info][gc,phases   ] GC(339)   Post Evacuate Collection Set: 0.45ms
[191.254s][info][gc,phases   ] GC(339)   Other: 0.08ms
[191.254s][info][gc,heap     ] GC(339) Eden regions: 158->0(175)
[191.254s][info][gc,heap     ] GC(339) Survivor regions: 16->22(22)
[191.254s][info][gc,heap     ] GC(339) Old regions: 128->134
[191.254s][info][gc,heap     ] GC(339) Humongous regions: 7->5
[191.254s][info][gc,metaspace] GC(339) Metaspace: 41783K(42240K)->41783K(42240K) NonClass: 37445K(37696K)->37445K(37696K) Class: 4338K(4544K)->4338K(4544K)
[191.254s][info][gc          ] GC(339) Pause Young (Prepare Mixed) (G1 Evacuation Pause) 307M->159M(497M) 19.157ms
[191.254s][info][gc,cpu      ] GC(339) User=0.03s Sys=0.01s Real=0.02s
[191.835s][info][gc,start    ] GC(340) Pause Young (Mixed) (G1 Evacuation Pause)
[191.835s][info][gc,task     ] GC(340) Using 2 workers of 2 for evacuation
[191.866s][info][gc,phases   ] GC(340)   Pre Evacuate Collection Set: 0.35ms
[191.866s][info][gc,phases   ] GC(340)   Merge Heap Roots: 0.25ms
[191.866s][info][gc,phases   ] GC(340)   Evacuate Collection Set: 30.00ms
[191.866s][info][gc,phases   ] GC(340)   Post Evacuate Collection Set: 0.57ms
[191.866s][info][gc,phases   ] GC(340)   Other: 0.08ms
[191.866s][info][gc,heap     ] GC(340) Eden regions: 175->0(195)
[191.866s][info][gc,heap     ] GC(340) Survivor regions: 22->25(25)
[191.866s][info][gc,heap     ] GC(340) Old regions: 134->108
[191.866s][info][gc,heap     ] GC(340) Humongous regions: 7->5
[191.866s][info][gc,metaspace] GC(340) Metaspace: 41785K(42240K)->41785K(42240K) NonClass: 37447K(37696K)->37447K(37696K) Class: 4338K(4544K)->4338K(4544K)
[191.866s][info][gc          ] GC(340) Pause Young (Mixed) (G1 Evacuation Pause) 336M->137M(497M) 31.477ms
[191.866s][info][gc,cpu      ] GC(340) User=0.06s Sys=0.00s Real=0.03s
[192.474s][info][gc,start    ] GC(341) Pause Young (Normal) (G1 Evacuation Pause)
[192.474s][info][gc,task     ] GC(341) Using 2 workers of 2 for evacuation
[192.490s][info][gc,phases   ] GC(341)   Pre Evacuate Collection Set: 0.31ms
[192.490s][info][gc,phases   ] GC(341)   Merge Heap Roots: 0.12ms
[192.490s][info][gc,phases   ] GC(341)   Evacuate Collection Set: 14.69ms
[192.490s][info][gc,phases   ] GC(341)   Post Evacuate Collection Set: 0.46ms
[192.490s][info][gc,phases   ] GC(341)   Other: 0.08ms
[192.490s][info][gc,heap     ] GC(341) Eden regions: 195->0(214)
[192.490s][info][gc,heap     ] GC(341) Survivor regions: 25->1(28)
[192.490s][info][gc,heap     ] GC(341) Old regions: 108->134
[192.490s][info][gc,heap     ] GC(341) Humongous regions: 5->5
[192.490s][info][gc,metaspace] GC(341) Metaspace: 41785K(42240K)->41785K(42240K) NonClass: 37447K(37696K)->37447K(37696K) Class: 4338K(4544K)->4338K(4544K)
[192.490s][info][gc          ] GC(341) Pause Young (Normal) (G1 Evacuation Pause) 332M->139M(497M) 15.889ms
[192.490s][info][gc,cpu      ] GC(341) User=0.03s Sys=0.00s Real=0.02s
[193.165s][info][gc,start    ] GC(342) Pause Young (Normal) (G1 Evacuation Pause)
[193.165s][info][gc,task     ] GC(342) Using 2 workers of 2 for evacuation
[193.170s][info][gc,phases   ] GC(342)   Pre Evacuate Collection Set: 0.22ms
[193.170s][info][gc,phases   ] GC(342)   Merge Heap Roots: 0.08ms
[193.170s][info][gc,phases   ] GC(342)   Evacuate Collection Set: 3.88ms
[193.170s][info][gc,phases   ] GC(342)   Post Evacuate Collection Set: 0.46ms
[193.170s][info][gc,phases   ] GC(342)   Other: 0.09ms
[193.170s][info][gc,heap     ] GC(342) Eden regions: 214->0(231)
[193.170s][info][gc,heap     ] GC(342) Survivor regions: 1->5(27)
[193.170s][info][gc,heap     ] GC(342) Old regions: 134->134
[193.170s][info][gc,heap     ] GC(342) Humongous regions: 6->3
[193.170s][info][gc,metaspace] GC(342) Metaspace: 41788K(42240K)->41788K(42240K) NonClass: 37449K(37696K)->37449K(37696K) Class: 4338K(4544K)->4338K(4544K)
[193.170s][info][gc          ] GC(342) Pause Young (Normal) (G1 Evacuation Pause) 354M->140M(497M) 4.948ms
[193.170s][info][gc,cpu      ] GC(342) User=0.01s Sys=0.00s Real=0.01s
[193.591s][info][gc,start    ] GC(343) Pause Young (Normal) (G1 Evacuation Pause)
[193.591s][info][gc,task     ] GC(343) Using 2 workers of 2 for evacuation
[193.598s][info][gc,phases   ] GC(343)   Pre Evacuate Collection Set: 0.25ms
[193.598s][info][gc,phases   ] GC(343)   Merge Heap Roots: 0.06ms
[193.598s][info][gc,phases   ] GC(343)   Evacuate Collection Set: 5.42ms
[193.598s][info][gc,phases   ] GC(343)   Post Evacuate Collection Set: 0.45ms
[193.598s][info][gc,phases   ] GC(343)   Other: 0.08ms
[193.598s][info][gc,heap     ] GC(343) Eden regions: 231->0(244)
[193.598s][info][gc,heap     ] GC(343) Survivor regions: 5->5(30)
[193.598s][info][gc,heap     ] GC(343) Old regions: 134->134
[193.598s][info][gc,heap     ] GC(343) Humongous regions: 3->3
[193.598s][info][gc,metaspace] GC(343) Metaspace: 41791K(42240K)->41791K(42240K) NonClass: 37453K(37696K)->37453K(37696K) Class: 4338K(4544K)->4338K(4544K)
[193.598s][info][gc          ] GC(343) Pause Young (Normal) (G1 Evacuation Pause) 371M->141M(497M) 6.476ms
[193.598s][info][gc,cpu      ] GC(343) User=0.01s Sys=0.00s Real=0.00s
[193.909s][info][gc,start    ] GC(344) Pause Young (Concurrent Start) (G1 Humongous Allocation)
[193.909s][info][gc,task     ] GC(344) Using 2 workers of 2 for evacuation
[193.912s][info][gc,phases   ] GC(344)   Pre Evacuate Collection Set: 0.27ms
[193.913s][info][gc,phases   ] GC(344)   Merge Heap Roots: 0.08ms
[193.913s][info][gc,phases   ] GC(344)   Evacuate Collection Set: 2.95ms
[193.913s][info][gc,phases   ] GC(344)   Post Evacuate Collection Set: 0.42ms
[193.913s][info][gc,phases   ] GC(344)   Other: 0.09ms
[193.913s][info][gc,heap     ] GC(344) Eden regions: 168->0(258)
[193.913s][info][gc,heap     ] GC(344) Survivor regions: 5->4(32)
[193.913s][info][gc,heap     ] GC(344) Old regions: 134->134
[193.913s][info][gc,heap     ] GC(344) Humongous regions: 3->3
[193.913s][info][gc,metaspace] GC(344) Metaspace: 41791K(42240K)->41791K(42240K) NonClass: 37453K(37696K)->37453K(37696K) Class: 4338K(4544K)->4338K(4544K)
[193.913s][info][gc          ] GC(344) Pause Young (Concurrent Start) (G1 Humongous Allocation) 309M->139M(497M) 4.039ms
[193.913s][info][gc,cpu      ] GC(344) User=0.01s Sys=0.00s Real=0.01s
[193.913s][info][gc          ] GC(345) Concurrent Mark Cycle
[193.915s][info][gc,marking  ] GC(345) Concurrent Scan Root Regions
[193.917s][info][gc,marking  ] GC(345) Concurrent Scan Root Regions 1.951ms
[193.917s][info][gc,marking  ] GC(345) Concurrent Mark
[193.917s][info][gc,marking  ] GC(345) Concurrent Mark From Roots
[193.917s][info][gc,task     ] GC(345) Using 1 workers of 1 for marking
[193.987s][info][gc,marking  ] GC(345) Concurrent Mark From Roots 70.072ms
[193.987s][info][gc,marking  ] GC(345) Concurrent Preclean
[193.987s][info][gc,marking  ] GC(345) Concurrent Preclean 0.053ms
[193.987s][info][gc,start    ] GC(345) Pause Remark
[194.003s][info][gc          ] GC(345) Pause Remark 157M->102M(290M) 15.427ms
[194.003s][info][gc,cpu      ] GC(345) User=0.03s Sys=0.00s Real=0.02s
[194.003s][info][gc,marking  ] GC(345) Concurrent Mark 85.851ms
[194.003s][info][gc,marking  ] GC(345) Concurrent Rebuild Remembered Sets and Scrub Regions
[194.055s][info][gc,marking  ] GC(345) Concurrent Rebuild Remembered Sets and Scrub Regions 51.850ms
[194.055s][info][gc,start    ] GC(345) Pause Cleanup
[194.055s][info][gc          ] GC(345) Pause Cleanup 114M->114M(290M) 0.073ms
[194.055s][info][gc,cpu      ] GC(345) User=0.00s Sys=0.00s Real=0.00s
[194.055s][info][gc,marking  ] GC(345) Concurrent Clear Claimed Marks
[194.055s][info][gc,marking  ] GC(345) Concurrent Clear Claimed Marks 0.040ms
[194.055s][info][gc,marking  ] GC(345) Concurrent Cleanup for Next Mark
[194.056s][info][gc,marking  ] GC(345) Concurrent Cleanup for Next Mark 0.831ms
[194.056s][info][gc          ] GC(345) Concurrent Mark Cycle 143.356ms
[194.508s][info][gc,start    ] GC(346) Pause Young (Prepare Mixed) (G1 Evacuation Pause)
[194.508s][info][gc,task     ] GC(346) Using 2 workers of 2 for evacuation
[194.520s][info][gc,phases   ] GC(346)   Pre Evacuate Collection Set: 0.29ms
[194.520s][info][gc,phases   ] GC(346)   Merge Heap Roots: 0.08ms
[194.520s][info][gc,phases   ] GC(346)   Evacuate Collection Set: 10.51ms
[194.520s][info][gc,phases   ] GC(346)   Post Evacuate Collection Set: 1.03ms
[194.520s][info][gc,phases   ] GC(346)   Other: 0.10ms
[194.520s][info][gc,heap     ] GC(346) Eden regions: 77->0(235)
[194.520s][info][gc,heap     ] GC(346) Survivor regions: 4->8(28)
[194.520s][info][gc,heap     ] GC(346) Old regions: 80->80
[194.520s][info][gc,heap     ] GC(346) Humongous regions: 237->3
[194.520s][info][gc,metaspace] GC(346) Metaspace: 41820K(42304K)->41820K(42304K) NonClass: 37482K(37760K)->37482K(37760K) Class: 4338K(4544K)->4338K(4544K)
[194.520s][info][gc          ] GC(346) Pause Young (Prepare Mixed) (G1 Evacuation Pause) 397M->90M(406M) 12.236ms
[194.520s][info][gc,cpu      ] GC(346) User=0.01s Sys=0.00s Real=0.02s
[195.117s][info][gc,start    ] GC(347) Pause Young (Mixed) (G1 Evacuation Pause)
[195.117s][info][gc,task     ] GC(347) Using 2 workers of 2 for evacuation
[195.136s][info][gc,phases   ] GC(347)   Pre Evacuate Collection Set: 0.29ms
[195.136s][info][gc,phases   ] GC(347)   Merge Heap Roots: 0.09ms
[195.136s][info][gc,phases   ] GC(347)   Evacuate Collection Set: 17.51ms
[195.136s][info][gc,phases   ] GC(347)   Post Evacuate Collection Set: 1.19ms
[195.136s][info][gc,phases   ] GC(347)   Other: 0.12ms
[195.136s][info][gc,heap     ] GC(347) Eden regions: 59->0(305)
[195.137s][info][gc,heap     ] GC(347) Survivor regions: 8->12(31)
[195.137s][info][gc,heap     ] GC(347) Old regions: 80->63
[195.137s][info][gc,heap     ] GC(347) Humongous regions: 369->3
[195.137s][info][gc,metaspace] GC(347) Metaspace: 41820K(42304K)->41820K(42304K) NonClass: 37482K(37760K)->37482K(37760K) Class: 4338K(4544K)->4338K(4544K)
[195.137s][info][gc          ] GC(347) Pause Young (Mixed) (G1 Evacuation Pause) 515M->77M(529M) 19.435ms
[195.137s][info][gc,cpu      ] GC(347) User=0.03s Sys=0.01s Real=0.02s
[195.276s][info][gc,start    ] GC(348) Pause Young (Concurrent Start) (G1 Humongous Allocation)
[195.276s][info][gc,task     ] GC(348) Using 2 workers of 2 for evacuation
[195.290s][info][gc,phases   ] GC(348)   Pre Evacuate Collection Set: 0.27ms
[195.290s][info][gc,phases   ] GC(348)   Merge Heap Roots: 0.07ms
[195.290s][info][gc,phases   ] GC(348)   Evacuate Collection Set: 12.76ms
[195.290s][info][gc,phases   ] GC(348)   Post Evacuate Collection Set: 0.72ms
[195.290s][info][gc,phases   ] GC(348)   Other: 0.11ms
[195.290s][info][gc,heap     ] GC(348) Eden regions: 17->0(303)
[195.290s][info][gc,heap     ] GC(348) Survivor regions: 12->14(40)
[195.290s][info][gc,heap     ] GC(348) Old regions: 63->63
[195.290s][info][gc,heap     ] GC(348) Humongous regions: 95->1
[195.290s][info][gc,metaspace] GC(348) Metaspace: 41820K(42304K)->41820K(42304K) NonClass: 37482K(37760K)->37482K(37760K) Class: 4338K(4544K)->4338K(4544K)
[195.291s][info][gc          ] GC(348) Pause Young (Concurrent Start) (G1 Humongous Allocation) 186M->77M(529M) 14.150ms
[195.291s][info][gc          ] GC(349) Concurrent Undo Cycle
[195.291s][info][gc,marking  ] GC(349) Concurrent Clear Claimed Marks
[195.291s][info][gc,marking  ] GC(349) Concurrent Clear Claimed Marks 0.038ms
[195.291s][info][gc,marking  ] GC(349) Concurrent Cleanup for Next Mark
[195.291s][info][gc,cpu      ] GC(348) User=0.02s Sys=0.00s Real=0.02s
[195.291s][info][gc,marking  ] GC(349) Concurrent Cleanup for Next Mark 0.175ms
[195.291s][info][gc          ] GC(349) Concurrent Undo Cycle 0.260ms
[195.327s][info][gc,start    ] GC(350) Pause Young (Concurrent Start) (G1 Humongous Allocation)
[195.327s][info][gc,task     ] GC(350) Using 2 workers of 2 for evacuation
[195.340s][info][gc,phases   ] GC(350)   Pre Evacuate Collection Set: 0.30ms
[195.340s][info][gc,phases   ] GC(350)   Merge Heap Roots: 0.06ms
[195.340s][info][gc,phases   ] GC(350)   Evacuate Collection Set: 12.07ms
[195.340s][info][gc,phases   ] GC(350)   Post Evacuate Collection Set: 0.61ms
[195.340s][info][gc,phases   ] GC(350)   Other: 0.13ms
[195.340s][info][gc,heap     ] GC(350) Eden regions: 4->0(302)
[195.340s][info][gc,heap     ] GC(350) Survivor regions: 14->15(40)
[195.340s][info][gc,heap     ] GC(350) Old regions: 63->63
[195.340s][info][gc,heap     ] GC(350) Humongous regions: 25->1
[195.340s][info][gc,metaspace] GC(350) Metaspace: 41820K(42304K)->41820K(42304K) NonClass: 37482K(37760K)->37482K(37760K) Class: 4338K(4544K)->4338K(4544K)
[195.340s][info][gc          ] GC(350) Pause Young (Concurrent Start) (G1 Humongous Allocation) 105M->78M(529M) 13.419ms
[195.340s][info][gc          ] GC(351) Concurrent Undo Cycle
[195.340s][info][gc,marking  ] GC(351) Concurrent Clear Claimed Marks
[195.340s][info][gc,marking  ] GC(351) Concurrent Clear Claimed Marks 0.040ms
[195.340s][info][gc,marking  ] GC(351) Concurrent Cleanup for Next Mark
[195.340s][info][gc,cpu      ] GC(350) User=0.02s Sys=0.00s Real=0.02s
[195.340s][info][gc,marking  ] GC(351) Concurrent Cleanup for Next Mark 0.199ms
[195.340s][info][gc          ] GC(351) Concurrent Undo Cycle 0.285ms
[195.380s][info][gc,start    ] GC(352) Pause Young (Concurrent Start) (G1 Humongous Allocation)
[195.380s][info][gc,task     ] GC(352) Using 2 workers of 2 for evacuation
[195.393s][info][gc,phases   ] GC(352)   Pre Evacuate Collection Set: 0.26ms
[195.393s][info][gc,phases   ] GC(352)   Merge Heap Roots: 0.06ms
[195.393s][info][gc,phases   ] GC(352)   Evacuate Collection Set: 12.02ms
[195.393s][info][gc,phases   ] GC(352)   Post Evacuate Collection Set: 0.35ms
[195.393s][info][gc,phases   ] GC(352)   Other: 0.16ms
[195.393s][info][gc,heap     ] GC(352) Eden regions: 5->0(302)
[195.393s][info][gc,heap     ] GC(352) Survivor regions: 15->15(40)
[195.393s][info][gc,heap     ] GC(352) Old regions: 63->63
[195.393s][info][gc,heap     ] GC(352) Humongous regions: 29->1
[195.393s][info][gc,metaspace] GC(352) Metaspace: 41820K(42304K)->41820K(42304K) NonClass: 37482K(37760K)->37482K(37760K) Class: 4338K(4544K)->4338K(4544K)
[195.393s][info][gc          ] GC(352) Pause Young (Concurrent Start) (G1 Humongous Allocation) 110M->78M(529M) 13.113ms
[195.393s][info][gc,cpu      ] GC(352) User=0.03s Sys=0.00s Real=0.01s
[195.393s][info][gc          ] GC(353) Concurrent Undo Cycle
[195.393s][info][gc,marking  ] GC(353) Concurrent Clear Claimed Marks
[195.393s][info][gc,marking  ] GC(353) Concurrent Clear Claimed Marks 0.040ms
[195.393s][info][gc,marking  ] GC(353) Concurrent Cleanup for Next Mark
[195.393s][info][gc,marking  ] GC(353) Concurrent Cleanup for Next Mark 0.154ms
[195.393s][info][gc          ] GC(353) Concurrent Undo Cycle 0.270ms
[195.465s][info][gc,start    ] GC(354) Pause Young (Concurrent Start) (G1 Humongous Allocation)
[195.465s][info][gc,task     ] GC(354) Using 2 workers of 2 for evacuation
[195.481s][info][gc,phases   ] GC(354)   Pre Evacuate Collection Set: 0.27ms
[195.481s][info][gc,phases   ] GC(354)   Merge Heap Roots: 0.06ms
[195.481s][info][gc,phases   ] GC(354)   Evacuate Collection Set: 15.18ms
[195.481s][info][gc,phases   ] GC(354)   Post Evacuate Collection Set: 0.60ms
[195.482s][info][gc,phases   ] GC(354)   Other: 0.14ms
[195.482s][info][gc,heap     ] GC(354) Eden regions: 9->0(285)
[195.482s][info][gc,heap     ] GC(354) Survivor regions: 15->17(40)
[195.482s][info][gc,heap     ] GC(354) Old regions: 63->63
[195.482s][info][gc,heap     ] GC(354) Humongous regions: 31->1
[195.482s][info][gc,metaspace] GC(354) Metaspace: 41840K(42304K)->41840K(42304K) NonClass: 37500K(37760K)->37500K(37760K) Class: 4340K(4544K)->4340K(4544K)
[195.482s][info][gc          ] GC(354) Pause Young (Concurrent Start) (G1 Humongous Allocation) 116M->80M(529M) 16.494ms
[195.482s][info][gc,cpu      ] GC(354) User=0.03s Sys=0.00s Real=0.02s
[195.482s][info][gc          ] GC(355) Concurrent Undo Cycle
[195.482s][info][gc,marking  ] GC(355) Concurrent Clear Claimed Marks
[195.482s][info][gc,marking  ] GC(355) Concurrent Clear Claimed Marks 0.038ms
[195.482s][info][gc,marking  ] GC(355) Concurrent Cleanup for Next Mark
[195.482s][info][gc,marking  ] GC(355) Concurrent Cleanup for Next Mark 0.122ms
[195.482s][info][gc          ] GC(355) Concurrent Undo Cycle 0.205ms
[195.548s][info][gc,start    ] GC(356) Pause Young (Concurrent Start) (G1 Humongous Allocation)
[195.548s][info][gc,task     ] GC(356) Using 2 workers of 2 for evacuation
[195.563s][info][gc,phases   ] GC(356)   Pre Evacuate Collection Set: 0.28ms
[195.563s][info][gc,phases   ] GC(356)   Merge Heap Roots: 0.08ms
[195.563s][info][gc,phases   ] GC(356)   Evacuate Collection Set: 13.92ms
[195.563s][info][gc,phases   ] GC(356)   Post Evacuate Collection Set: 1.06ms
[195.563s][info][gc,phases   ] GC(356)   Other: 0.11ms
[195.563s][info][gc,heap     ] GC(356) Eden regions: 7->0(355)
[195.563s][info][gc,heap     ] GC(356) Survivor regions: 17->17(38)
[195.563s][info][gc,heap     ] GC(356) Old regions: 63->63
[195.563s][info][gc,heap     ] GC(356) Humongous regions: 49->1
[195.563s][info][gc,metaspace] GC(356) Metaspace: 41840K(42304K)->41840K(42304K) NonClass: 37500K(37760K)->37500K(37760K) Class: 4340K(4544K)->4340K(4544K)
[195.563s][info][gc          ] GC(356) Pause Young (Concurrent Start) (G1 Humongous Allocation) 135M->80M(621M) 15.660ms
[195.563s][info][gc,cpu      ] GC(356) User=0.03s Sys=0.00s Real=0.02s
[195.563s][info][gc          ] GC(357) Concurrent Undo Cycle
[195.563s][info][gc,marking  ] GC(357) Concurrent Clear Claimed Marks
[195.563s][info][gc,marking  ] GC(357) Concurrent Clear Claimed Marks 0.042ms
[195.563s][info][gc,marking  ] GC(357) Concurrent Cleanup for Next Mark
[195.564s][info][gc,marking  ] GC(357) Concurrent Cleanup for Next Mark 0.186ms
[195.564s][info][gc          ] GC(357) Concurrent Undo Cycle 0.333ms
[195.677s][info][gc,start    ] GC(358) Pause Young (Concurrent Start) (G1 Humongous Allocation)
[195.677s][info][gc,task     ] GC(358) Using 2 workers of 2 for evacuation
[195.702s][info][gc,phases   ] GC(358)   Pre Evacuate Collection Set: 0.27ms
[195.702s][info][gc,phases   ] GC(358)   Merge Heap Roots: 0.07ms
[195.702s][info][gc,phases   ] GC(358)   Evacuate Collection Set: 23.92ms
[195.702s][info][gc,phases   ] GC(358)   Post Evacuate Collection Set: 0.68ms
[195.702s][info][gc,phases   ] GC(358)   Other: 0.11ms
[195.702s][info][gc,heap     ] GC(358) Eden regions: 14->0(353)
[195.702s][info][gc,heap     ] GC(358) Survivor regions: 17->19(47)
[195.702s][info][gc,heap     ] GC(358) Old regions: 63->63
[195.702s][info][gc,heap     ] GC(358) Humongous regions: 71->1
[195.702s][info][gc,metaspace] GC(358) Metaspace: 41840K(42304K)->41840K(42304K) NonClass: 37500K(37760K)->37500K(37760K) Class: 4340K(4544K)->4340K(4544K)
[195.702s][info][gc          ] GC(358) Pause Young (Concurrent Start) (G1 Humongous Allocation) 163M->82M(621M) 25.260ms
[195.702s][info][gc,cpu      ] GC(358) User=0.04s Sys=0.01s Real=0.03s
[195.702s][info][gc          ] GC(359) Concurrent Undo Cycle
[195.702s][info][gc,marking  ] GC(359) Concurrent Clear Claimed Marks
[195.702s][info][gc,marking  ] GC(359) Concurrent Clear Claimed Marks 0.044ms
[195.702s][info][gc,marking  ] GC(359) Concurrent Cleanup for Next Mark
[195.702s][info][gc,marking  ] GC(359) Concurrent Cleanup for Next Mark 0.210ms
[195.702s][info][gc          ] GC(359) Concurrent Undo Cycle 0.353ms
[195.837s][info][gc,start    ] GC(360) Pause Young (Concurrent Start) (G1 Humongous Allocation)
[195.837s][info][gc,task     ] GC(360) Using 2 workers of 2 for evacuation
[195.865s][info][gc,phases   ] GC(360)   Pre Evacuate Collection Set: 0.26ms
[195.865s][info][gc,phases   ] GC(360)   Merge Heap Roots: 0.05ms
[195.865s][info][gc,phases   ] GC(360)   Evacuate Collection Set: 27.28ms
[195.865s][info][gc,phases   ] GC(360)   Post Evacuate Collection Set: 0.46ms
[195.865s][info][gc,phases   ] GC(360)   Other: 0.12ms
[195.865s][info][gc,heap     ] GC(360) Eden regions: 16->0(350)
[195.865s][info][gc,heap     ] GC(360) Survivor regions: 19->22(47)
[195.865s][info][gc,heap     ] GC(360) Old regions: 63->63
[195.865s][info][gc,heap     ] GC(360) Humongous regions: 73->1
[195.865s][info][gc,metaspace] GC(360) Metaspace: 41841K(42304K)->41841K(42304K) NonClass: 37501K(37760K)->37501K(37760K) Class: 4340K(4544K)->4340K(4544K)
[195.865s][info][gc          ] GC(360) Pause Young (Concurrent Start) (G1 Humongous Allocation) 170M->85M(621M) 28.391ms
[195.865s][info][gc,cpu      ] GC(360) User=0.04s Sys=0.02s Real=0.03s
[195.865s][info][gc          ] GC(361) Concurrent Undo Cycle
[195.865s][info][gc,marking  ] GC(361) Concurrent Clear Claimed Marks
[195.865s][info][gc,marking  ] GC(361) Concurrent Clear Claimed Marks 0.056ms
[195.865s][info][gc,marking  ] GC(361) Concurrent Cleanup for Next Mark
[195.865s][info][gc,marking  ] GC(361) Concurrent Cleanup for Next Mark 0.187ms
[195.865s][info][gc          ] GC(361) Concurrent Undo Cycle 0.329ms
[195.982s][info][gc,start    ] GC(362) Pause Young (Concurrent Start) (G1 Humongous Allocation)
[195.982s][info][gc,task     ] GC(362) Using 2 workers of 2 for evacuation
[196.005s][info][gc,phases   ] GC(362)   Pre Evacuate Collection Set: 0.32ms
[196.005s][info][gc,phases   ] GC(362)   Merge Heap Roots: 0.06ms
[196.005s][info][gc,phases   ] GC(362)   Evacuate Collection Set: 21.61ms
[196.005s][info][gc,phases   ] GC(362)   Post Evacuate Collection Set: 0.69ms
[196.005s][info][gc,phases   ] GC(362)   Other: 0.13ms
[196.005s][info][gc,heap     ] GC(362) Eden regions: 14->0(349)
[196.005s][info][gc,heap     ] GC(362) Survivor regions: 22->23(47)
[196.005s][info][gc,heap     ] GC(362) Old regions: 63->63
[196.005s][info][gc,heap     ] GC(362) Humongous regions: 77->1
[196.005s][info][gc,metaspace] GC(362) Metaspace: 41843K(42304K)->41843K(42304K) NonClass: 37503K(37760K)->37503K(37760K) Class: 4340K(4544K)->4340K(4544K)
[196.005s][info][gc          ] GC(362) Pause Young (Concurrent Start) (G1 Humongous Allocation) 174M->86M(621M) 23.048ms
[196.005s][info][gc,cpu      ] GC(362) User=0.05s Sys=0.00s Real=0.02s
[196.005s][info][gc          ] GC(363) Concurrent Undo Cycle
[196.005s][info][gc,marking  ] GC(363) Concurrent Clear Claimed Marks
[196.005s][info][gc,marking  ] GC(363) Concurrent Clear Claimed Marks 0.042ms
[196.005s][info][gc,marking  ] GC(363) Concurrent Cleanup for Next Mark
[196.006s][info][gc,marking  ] GC(363) Concurrent Cleanup for Next Mark 0.176ms
[196.006s][info][gc          ] GC(363) Concurrent Undo Cycle 0.305ms
[196.149s][info][gc,start    ] GC(364) Pause Young (Concurrent Start) (G1 Humongous Allocation)
[196.149s][info][gc,task     ] GC(364) Using 2 workers of 2 for evacuation
[196.179s][info][gc,phases   ] GC(364)   Pre Evacuate Collection Set: 0.29ms
[196.180s][info][gc,phases   ] GC(364)   Merge Heap Roots: 0.06ms
[196.180s][info][gc,phases   ] GC(364)   Evacuate Collection Set: 28.40ms
[196.180s][info][gc,phases   ] GC(364)   Post Evacuate Collection Set: 1.43ms
[196.180s][info][gc,phases   ] GC(364)   Other: 0.14ms
[196.180s][info][gc,heap     ] GC(364) Eden regions: 20->0(389)
[196.180s][info][gc,heap     ] GC(364) Survivor regions: 23->26(47)
[196.180s][info][gc,heap     ] GC(364) Old regions: 63->63
[196.180s][info][gc,heap     ] GC(364) Humongous regions: 79->1
[196.180s][info][gc,metaspace] GC(364) Metaspace: 41844K(42304K)->41844K(42304K) NonClass: 37504K(37760K)->37504K(37760K) Class: 4340K(4544K)->4340K(4544K)
[196.180s][info][gc          ] GC(364) Pause Young (Concurrent Start) (G1 Humongous Allocation) 184M->89M(693M) 30.570ms
[196.180s][info][gc,cpu      ] GC(364) User=0.05s Sys=0.01s Real=0.03s
[196.180s][info][gc          ] GC(365) Concurrent Undo Cycle
[196.180s][info][gc,marking  ] GC(365) Concurrent Clear Claimed Marks
[196.180s][info][gc,marking  ] GC(365) Concurrent Clear Claimed Marks 0.039ms
[196.180s][info][gc,marking  ] GC(365) Concurrent Cleanup for Next Mark
[196.180s][info][gc,marking  ] GC(365) Concurrent Cleanup for Next Mark 0.194ms
[196.180s][info][gc          ] GC(365) Concurrent Undo Cycle 0.282ms
[196.343s][info][gc,start    ] GC(366) Pause Young (Concurrent Start) (G1 Humongous Allocation)
[196.343s][info][gc,task     ] GC(366) Using 2 workers of 2 for evacuation
[196.382s][info][gc,phases   ] GC(366)   Pre Evacuate Collection Set: 0.31ms
[196.382s][info][gc,phases   ] GC(366)   Merge Heap Roots: 0.07ms
[196.382s][info][gc,phases   ] GC(366)   Evacuate Collection Set: 37.02ms
[196.382s][info][gc,phases   ] GC(366)   Post Evacuate Collection Set: 0.83ms
[196.382s][info][gc,phases   ] GC(366)   Other: 0.10ms
[196.382s][info][gc,heap     ] GC(366) Eden regions: 19->0(387)
[196.382s][info][gc,heap     ] GC(366) Survivor regions: 26->28(52)
[196.382s][info][gc,heap     ] GC(366) Old regions: 63->64
[196.382s][info][gc,heap     ] GC(366) Humongous regions: 107->1
[196.382s][info][gc,metaspace] GC(366) Metaspace: 41845K(42304K)->41845K(42304K) NonClass: 37504K(37760K)->37504K(37760K) Class: 4340K(4544K)->4340K(4544K)
[196.382s][info][gc          ] GC(366) Pause Young (Concurrent Start) (G1 Humongous Allocation) 214M->91M(693M) 38.560ms
[196.382s][info][gc,cpu      ] GC(366) User=0.05s Sys=0.02s Real=0.04s
[196.382s][info][gc          ] GC(367) Concurrent Undo Cycle
[196.382s][info][gc,marking  ] GC(367) Concurrent Clear Claimed Marks
[196.382s][info][gc,marking  ] GC(367) Concurrent Clear Claimed Marks 0.040ms
[196.382s][info][gc,marking  ] GC(367) Concurrent Cleanup for Next Mark
[196.382s][info][gc,marking  ] GC(367) Concurrent Cleanup for Next Mark 0.163ms
[196.382s][info][gc          ] GC(367) Concurrent Undo Cycle 0.261ms
[196.570s][info][gc,start    ] GC(368) Pause Young (Concurrent Start) (G1 Humongous Allocation)
[196.570s][info][gc,task     ] GC(368) Using 2 workers of 2 for evacuation
[196.620s][info][gc,phases   ] GC(368)   Pre Evacuate Collection Set: 0.35ms
[196.621s][info][gc,phases   ] GC(368)   Merge Heap Roots: 0.07ms
[196.621s][info][gc,phases   ] GC(368)   Evacuate Collection Set: 48.75ms
[196.621s][info][gc,phases   ] GC(368)   Post Evacuate Collection Set: 0.77ms
[196.621s][info][gc,phases   ] GC(368)   Other: 0.08ms
[196.621s][info][gc,heap     ] GC(368) Eden regions: 26->0(384)
[196.621s][info][gc,heap     ] GC(368) Survivor regions: 28->31(52)
[196.621s][info][gc,heap     ] GC(368) Old regions: 64->66
[196.621s][info][gc,heap     ] GC(368) Humongous regions: 109->1
[196.621s][info][gc,metaspace] GC(368) Metaspace: 41845K(42304K)->41845K(42304K) NonClass: 37504K(37760K)->37504K(37760K) Class: 4340K(4544K)->4340K(4544K)
[196.621s][info][gc          ] GC(368) Pause Young (Concurrent Start) (G1 Humongous Allocation) 225M->97M(693M) 50.255ms
[196.621s][info][gc,cpu      ] GC(368) User=0.08s Sys=0.02s Real=0.05s
[196.621s][info][gc          ] GC(369) Concurrent Undo Cycle
[196.623s][info][gc,marking  ] GC(369) Concurrent Clear Claimed Marks
[196.623s][info][gc,marking  ] GC(369) Concurrent Clear Claimed Marks 0.051ms
[196.623s][info][gc,marking  ] GC(369) Concurrent Cleanup for Next Mark
[196.623s][info][gc,marking  ] GC(369) Concurrent Cleanup for Next Mark 0.183ms
[196.623s][info][gc          ] GC(369) Concurrent Undo Cycle 2.691ms
[197.819s][info][gc,start    ] GC(370) Pause Young (Normal) (G1 Evacuation Pause)
[197.819s][info][gc,task     ] GC(370) Using 2 workers of 2 for evacuation
[197.829s][info][gc,phases   ] GC(370)   Pre Evacuate Collection Set: 0.26ms
[197.829s][info][gc,phases   ] GC(370)   Merge Heap Roots: 0.12ms
[197.829s][info][gc,phases   ] GC(370)   Evacuate Collection Set: 8.77ms
[197.829s][info][gc,phases   ] GC(370)   Post Evacuate Collection Set: 0.65ms
[197.829s][info][gc,phases   ] GC(370)   Other: 0.10ms
[197.829s][info][gc,heap     ] GC(370) Eden regions: 384->0(400)
[197.829s][info][gc,heap     ] GC(370) Survivor regions: 31->9(52)
[197.829s][info][gc,heap     ] GC(370) Old regions: 66->68
[197.829s][info][gc,heap     ] GC(370) Humongous regions: 51->1
[197.829s][info][gc,metaspace] GC(370) Metaspace: 41928K(42368K)->41928K(42368K) NonClass: 37588K(37824K)->37588K(37824K) Class: 4340K(4544K)->4340K(4544K)
[197.829s][info][gc          ] GC(370) Pause Young (Normal) (G1 Evacuation Pause) 531M->77M(693M) 10.107ms
[197.829s][info][gc,cpu      ] GC(370) User=0.02s Sys=0.00s Real=0.01s
[198.806s][info][gc,start    ] GC(371) Pause Young (Normal) (G1 Evacuation Pause)
[198.806s][info][gc,task     ] GC(371) Using 2 workers of 2 for evacuation
[198.814s][info][gc,phases   ] GC(371)   Pre Evacuate Collection Set: 0.25ms
[198.814s][info][gc,phases   ] GC(371)   Merge Heap Roots: 0.14ms
[198.814s][info][gc,phases   ] GC(371)   Evacuate Collection Set: 6.87ms
[198.814s][info][gc,phases   ] GC(371)   Post Evacuate Collection Set: 0.77ms
[198.814s][info][gc,phases   ] GC(371)   Other: 0.10ms
[198.814s][info][gc,heap     ] GC(371) Eden regions: 400->0(405)
[198.814s][info][gc,heap     ] GC(371) Survivor regions: 9->10(52)
[198.814s][info][gc,heap     ] GC(371) Old regions: 68->68
[198.814s][info][gc,heap     ] GC(371) Humongous regions: 1->1
[198.814s][info][gc,metaspace] GC(371) Metaspace: 41941K(42368K)->41941K(42368K) NonClass: 37600K(37824K)->37600K(37824K) Class: 4341K(4544K)->4341K(4544K)
[198.814s][info][gc          ] GC(371) Pause Young (Normal) (G1 Evacuation Pause) 477M->77M(693M) 8.353ms
[198.814s][info][gc,cpu      ] GC(371) User=0.01s Sys=0.00s Real=0.01s
[199.951s][info][gc,start    ] GC(372) Pause Young (Normal) (G1 Evacuation Pause)
[199.951s][info][gc,task     ] GC(372) Using 2 workers of 2 for evacuation
[199.960s][info][gc,phases   ] GC(372)   Pre Evacuate Collection Set: 0.22ms
[199.960s][info][gc,phases   ] GC(372)   Merge Heap Roots: 0.10ms
[199.960s][info][gc,phases   ] GC(372)   Evacuate Collection Set: 7.88ms
[199.960s][info][gc,phases   ] GC(372)   Post Evacuate Collection Set: 0.64ms
[199.960s][info][gc,phases   ] GC(372)   Other: 0.09ms
[199.960s][info][gc,heap     ] GC(372) Eden regions: 405->0(402)
[199.960s][info][gc,heap     ] GC(372) Survivor regions: 10->13(52)
[199.960s][info][gc,heap     ] GC(372) Old regions: 68->68
[199.960s][info][gc,heap     ] GC(372) Humongous regions: 1->1
[199.960s][info][gc,metaspace] GC(372) Metaspace: 41947K(42368K)->41947K(42368K) NonClass: 37605K(37824K)->37605K(37824K) Class: 4341K(4544K)->4341K(4544K)
[199.960s][info][gc          ] GC(372) Pause Young (Normal) (G1 Evacuation Pause) 482M->81M(693M) 9.191ms
[199.960s][info][gc,cpu      ] GC(372) User=0.02s Sys=0.00s Real=0.01s
[202.043s][info][gc,start    ] GC(373) Pause Young (Normal) (G1 Evacuation Pause)
[202.043s][info][gc,task     ] GC(373) Using 2 workers of 2 for evacuation
[202.073s][info][gc,phases   ] GC(373)   Pre Evacuate Collection Set: 0.27ms
[202.073s][info][gc,phases   ] GC(373)   Merge Heap Roots: 0.20ms
[202.073s][info][gc,phases   ] GC(373)   Evacuate Collection Set: 28.69ms
[202.073s][info][gc,phases   ] GC(373)   Post Evacuate Collection Set: 0.86ms
[202.073s][info][gc,phases   ] GC(373)   Other: 0.08ms
[202.073s][info][gc,heap     ] GC(373) Eden regions: 402->0(387)
[202.073s][info][gc,heap     ] GC(373) Survivor regions: 13->28(52)
[202.073s][info][gc,heap     ] GC(373) Old regions: 68->68
[202.073s][info][gc,heap     ] GC(373) Humongous regions: 14->4
[202.073s][info][gc,metaspace] GC(373) Metaspace: 42050K(42496K)->42050K(42496K) NonClass: 37709K(37952K)->37709K(37952K) Class: 4341K(4544K)->4341K(4544K)
[202.073s][info][gc          ] GC(373) Pause Young (Normal) (G1 Evacuation Pause) 496M->99M(693M) 30.311ms
[202.073s][info][gc,cpu      ] GC(373) User=0.06s Sys=0.00s Real=0.03s
[203.145s][info][gc,start    ] GC(374) Pause Young (Normal) (G1 Evacuation Pause)
[203.145s][info][gc,task     ] GC(374) Using 2 workers of 2 for evacuation
[203.222s][info][gc,phases   ] GC(374)   Pre Evacuate Collection Set: 0.37ms
[203.222s][info][gc,phases   ] GC(374)   Merge Heap Roots: 0.17ms
[203.223s][info][gc,phases   ] GC(374)   Evacuate Collection Set: 75.64ms
[203.223s][info][gc,phases   ] GC(374)   Post Evacuate Collection Set: 0.85ms
[203.223s][info][gc,phases   ] GC(374)   Other: 0.10ms
[203.223s][info][gc,heap     ] GC(374) Eden regions: 387->0(363)
[203.223s][info][gc,heap     ] GC(374) Survivor regions: 28->52(52)
[203.223s][info][gc,heap     ] GC(374) Old regions: 68->85
[203.223s][info][gc,heap     ] GC(374) Humongous regions: 6->6
[203.223s][info][gc,metaspace] GC(374) Metaspace: 42050K(42496K)->42050K(42496K) NonClass: 37709K(37952K)->37709K(37952K) Class: 4341K(4544K)->4341K(4544K)
[203.223s][info][gc          ] GC(374) Pause Young (Normal) (G1 Evacuation Pause) 488M->142M(693M) 77.343ms
[203.223s][info][gc,cpu      ] GC(374) User=0.15s Sys=0.00s Real=0.08s
[207.438s][info][gc,start    ] GC(375) Pause Young (Normal) (G1 Evacuation Pause)
[207.438s][info][gc,task     ] GC(375) Using 2 workers of 2 for evacuation
[207.533s][info][gc,phases   ] GC(375)   Pre Evacuate Collection Set: 0.26ms
[207.533s][info][gc,phases   ] GC(375)   Merge Heap Roots: 0.29ms
[207.533s][info][gc,phases   ] GC(375)   Evacuate Collection Set: 93.63ms
[207.533s][info][gc,phases   ] GC(375)   Post Evacuate Collection Set: 0.74ms
[207.533s][info][gc,phases   ] GC(375)   Other: 0.08ms
[207.533s][info][gc,heap     ] GC(375) Eden regions: 363->0(397)
[207.533s][info][gc,heap     ] GC(375) Survivor regions: 52->18(52)
[207.533s][info][gc,heap     ] GC(375) Old regions: 85->131
[207.533s][info][gc,heap     ] GC(375) Humongous regions: 21->16
[207.533s][info][gc,metaspace] GC(375) Metaspace: 42096K(42560K)->42096K(42560K) NonClass: 37754K(38016K)->37754K(38016K) Class: 4341K(4544K)->4341K(4544K)
[207.533s][info][gc          ] GC(375) Pause Young (Normal) (G1 Evacuation Pause) 520M->164M(693M) 95.250ms
[207.533s][info][gc,cpu      ] GC(375) User=0.19s Sys=0.00s Real=0.10s
[208.834s][info][gc,start    ] GC(376) Pause Young (Normal) (G1 Evacuation Pause)
[208.834s][info][gc,task     ] GC(376) Using 2 workers of 2 for evacuation
[208.896s][info][gc,phases   ] GC(376)   Pre Evacuate Collection Set: 0.25ms
[208.896s][info][gc,phases   ] GC(376)   Merge Heap Roots: 0.22ms
[208.896s][info][gc,phases   ] GC(376)   Evacuate Collection Set: 60.59ms
[208.896s][info][gc,phases   ] GC(376)   Post Evacuate Collection Set: 0.76ms
[208.896s][info][gc,phases   ] GC(376)   Other: 0.09ms
[208.896s][info][gc,heap     ] GC(376) Eden regions: 397->0(366)
[208.896s][info][gc,heap     ] GC(376) Survivor regions: 18->49(52)
[208.896s][info][gc,heap     ] GC(376) Old regions: 131->131
[208.896s][info][gc,heap     ] GC(376) Humongous regions: 19->19
[208.896s][info][gc,metaspace] GC(376) Metaspace: 42121K(42560K)->42121K(42560K) NonClass: 37780K(38016K)->37780K(38016K) Class: 4341K(4544K)->4341K(4544K)
[208.896s][info][gc          ] GC(376) Pause Young (Normal) (G1 Evacuation Pause) 564M->198M(693M) 62.169ms
[208.896s][info][gc,cpu      ] GC(376) User=0.12s Sys=0.00s Real=0.06s
[209.894s][info][gc,start    ] GC(377) Pause Young (Normal) (G1 Evacuation Pause)
[209.894s][info][gc,task     ] GC(377) Using 2 workers of 2 for evacuation
[210.012s][info][gc,phases   ] GC(377)   Pre Evacuate Collection Set: 0.24ms
[210.012s][info][gc,phases   ] GC(377)   Merge Heap Roots: 0.29ms
[210.012s][info][gc,phases   ] GC(377)   Evacuate Collection Set: 116.11ms
[210.012s][info][gc,phases   ] GC(377)   Post Evacuate Collection Set: 0.74ms
[210.012s][info][gc,phases   ] GC(377)   Other: 0.09ms
[210.012s][info][gc,heap     ] GC(377) Eden regions: 366->0(352)
[210.012s][info][gc,heap     ] GC(377) Survivor regions: 49->42(52)
[210.012s][info][gc,heap     ] GC(377) Old regions: 131->180
[210.012s][info][gc,heap     ] GC(377) Humongous regions: 25->25
[210.012s][info][gc,metaspace] GC(377) Metaspace: 42121K(42560K)->42121K(42560K) NonClass: 37780K(38016K)->37780K(38016K) Class: 4341K(4544K)->4341K(4544K)
[210.012s][info][gc          ] GC(377) Pause Young (Normal) (G1 Evacuation Pause) 570M->246M(693M) 117.685ms
[210.012s][info][gc,cpu      ] GC(377) User=0.24s Sys=0.00s Real=0.12s
[210.360s][info][gc,start    ] GC(378) Pause Young (Concurrent Start) (G1 Humongous Allocation)
[210.361s][info][gc,task     ] GC(378) Using 2 workers of 2 for evacuation
[210.429s][info][gc,phases   ] GC(378)   Pre Evacuate Collection Set: 0.27ms
[210.429s][info][gc,phases   ] GC(378)   Merge Heap Roots: 0.19ms
[210.429s][info][gc,phases   ] GC(378)   Evacuate Collection Set: 67.32ms
[210.429s][info][gc,phases   ] GC(378)   Post Evacuate Collection Set: 0.68ms
[210.429s][info][gc,phases   ] GC(378)   Other: 0.13ms
[210.429s][info][gc,heap     ] GC(378) Eden regions: 72->0(340)
[210.429s][info][gc,heap     ] GC(378) Survivor regions: 42->18(50)
[210.429s][info][gc,heap     ] GC(378) Old regions: 180->222
[210.429s][info][gc,heap     ] GC(378) Humongous regions: 25->25
[210.429s][info][gc,metaspace] GC(378) Metaspace: 42121K(42560K)->42121K(42560K) NonClass: 37780K(38016K)->37780K(38016K) Class: 4341K(4544K)->4341K(4544K)
[210.429s][info][gc          ] GC(378) Pause Young (Concurrent Start) (G1 Humongous Allocation) 318M->264M(705M) 68.830ms
[210.429s][info][gc,cpu      ] GC(378) User=0.14s Sys=0.01s Real=0.07s
[210.429s][info][gc          ] GC(379) Concurrent Mark Cycle
[210.430s][info][gc,marking  ] GC(379) Concurrent Scan Root Regions
[210.486s][info][gc,marking  ] GC(379) Concurrent Scan Root Regions 56.166ms
[210.486s][info][gc,marking  ] GC(379) Concurrent Mark
[210.486s][info][gc,marking  ] GC(379) Concurrent Mark From Roots
[210.486s][info][gc,task     ] GC(379) Using 1 workers of 1 for marking
[210.564s][info][gc,marking  ] GC(379) Concurrent Mark From Roots 78.077ms
[210.564s][info][gc,marking  ] GC(379) Concurrent Preclean
[210.564s][info][gc,marking  ] GC(379) Concurrent Preclean 0.310ms
[210.564s][info][gc,start    ] GC(379) Pause Remark
[210.584s][info][gc          ] GC(379) Pause Remark 273M->175M(564M) 19.338ms
[210.584s][info][gc,cpu      ] GC(379) User=0.03s Sys=0.00s Real=0.02s
[210.585s][info][gc,marking  ] GC(379) Concurrent Mark 98.765ms
[210.585s][info][gc,marking  ] GC(379) Concurrent Rebuild Remembered Sets and Scrub Regions
[210.660s][info][gc,marking  ] GC(379) Concurrent Rebuild Remembered Sets and Scrub Regions 75.260ms
[210.660s][info][gc,start    ] GC(379) Pause Cleanup
[210.660s][info][gc          ] GC(379) Pause Cleanup 179M->179M(564M) 0.081ms
[210.660s][info][gc,cpu      ] GC(379) User=0.00s Sys=0.00s Real=0.00s
[210.660s][info][gc,marking  ] GC(379) Concurrent Clear Claimed Marks
[210.660s][info][gc,marking  ] GC(379) Concurrent Clear Claimed Marks 0.042ms
[210.660s][info][gc,marking  ] GC(379) Concurrent Cleanup for Next Mark
[210.665s][info][gc,marking  ] GC(379) Concurrent Cleanup for Next Mark 4.535ms
[210.665s][info][gc          ] GC(379) Concurrent Mark Cycle 235.544ms
[212.879s][info][gc,start    ] GC(380) Pause Young (Prepare Mixed) (G1 Evacuation Pause)
[212.879s][info][gc,task     ] GC(380) Using 2 workers of 2 for evacuation
[212.909s][info][gc,phases   ] GC(380)   Pre Evacuate Collection Set: 0.26ms
[212.909s][info][gc,phases   ] GC(380)   Merge Heap Roots: 0.19ms
[212.909s][info][gc,phases   ] GC(380)   Evacuate Collection Set: 28.64ms
[212.909s][info][gc,phases   ] GC(380)   Post Evacuate Collection Set: 0.63ms
[212.909s][info][gc,phases   ] GC(380)   Other: 0.13ms
[212.909s][info][gc,heap     ] GC(380) Eden regions: 320->0(309)
[212.909s][info][gc,heap     ] GC(380) Survivor regions: 18->19(43)
[212.909s][info][gc,heap     ] GC(380) Old regions: 142->142
[212.909s][info][gc,heap     ] GC(380) Humongous regions: 15->13
[212.909s][info][gc,metaspace] GC(380) Metaspace: 42122K(42560K)->42122K(42560K) NonClass: 37780K(38016K)->37780K(38016K) Class: 4341K(4544K)->4341K(4544K)
[212.909s][info][gc          ] GC(380) Pause Young (Prepare Mixed) (G1 Evacuation Pause) 494M->173M(564M) 30.102ms
[212.909s][info][gc,cpu      ] GC(380) User=0.06s Sys=0.00s Real=0.03s
[214.809s][info][gc,start    ] GC(381) Pause Young (Mixed) (G1 Evacuation Pause)
[214.810s][info][gc,task     ] GC(381) Using 2 workers of 2 for evacuation
[214.852s][info][gc,phases   ] GC(381)   Pre Evacuate Collection Set: 0.37ms
[214.852s][info][gc,phases   ] GC(381)   Merge Heap Roots: 0.24ms
[214.852s][info][gc,phases   ] GC(381)   Evacuate Collection Set: 41.03ms
[214.852s][info][gc,phases   ] GC(381)   Post Evacuate Collection Set: 0.64ms
[214.852s][info][gc,phases   ] GC(381)   Other: 0.08ms
[214.852s][info][gc,heap     ] GC(381) Eden regions: 309->0(307)
[214.852s][info][gc,heap     ] GC(381) Survivor regions: 19->31(41)
[214.852s][info][gc,heap     ] GC(381) Old regions: 142->124
[214.852s][info][gc,heap     ] GC(381) Humongous regions: 13->13
[214.852s][info][gc,metaspace] GC(381) Metaspace: 42130K(42624K)->42130K(42624K) NonClass: 37788K(38080K)->37788K(38080K) Class: 4341K(4544K)->4341K(4544K)
[214.852s][info][gc          ] GC(381) Pause Young (Mixed) (G1 Evacuation Pause) 482M->167M(564M) 42.613ms
[214.852s][info][gc,cpu      ] GC(381) User=0.08s Sys=0.00s Real=0.04s
[215.350s][info][gc,start    ] GC(382) Pause Young (Concurrent Start) (G1 Humongous Allocation)
[215.350s][info][gc,task     ] GC(382) Using 2 workers of 2 for evacuation
[215.375s][info][gc,phases   ] GC(382)   Pre Evacuate Collection Set: 0.26ms
[215.375s][info][gc,phases   ] GC(382)   Merge Heap Roots: 0.15ms
[215.375s][info][gc,phases   ] GC(382)   Evacuate Collection Set: 23.63ms
[215.375s][info][gc,phases   ] GC(382)   Post Evacuate Collection Set: 0.41ms
[215.375s][info][gc,phases   ] GC(382)   Other: 0.10ms
[215.375s][info][gc,heap     ] GC(382) Eden regions: 71->0(337)
[215.375s][info][gc,heap     ] GC(382) Survivor regions: 31->1(43)
[215.375s][info][gc,heap     ] GC(382) Old regions: 124->141
[215.375s][info][gc,heap     ] GC(382) Humongous regions: 13->13
[215.375s][info][gc,metaspace] GC(382) Metaspace: 42130K(42624K)->42130K(42624K) NonClass: 37788K(38080K)->37788K(38080K) Class: 4341K(4544K)->4341K(4544K)
[215.375s][info][gc          ] GC(382) Pause Young (Concurrent Start) (G1 Humongous Allocation) 238M->154M(564M) 24.729ms
[215.375s][info][gc,cpu      ] GC(382) User=0.05s Sys=0.00s Real=0.02s
[215.375s][info][gc          ] GC(383) Concurrent Mark Cycle
[215.375s][info][gc,marking  ] GC(383) Concurrent Scan Root Regions
[215.388s][info][gc,marking  ] GC(383) Concurrent Scan Root Regions 12.432ms
[215.388s][info][gc,marking  ] GC(383) Concurrent Mark
[215.388s][info][gc,marking  ] GC(383) Concurrent Mark From Roots
[215.388s][info][gc,task     ] GC(383) Using 1 workers of 1 for marking
[215.422s][info][gc,marking  ] GC(383) Concurrent Mark From Roots 34.635ms
[215.422s][info][gc,marking  ] GC(383) Concurrent Preclean
[215.422s][info][gc,marking  ] GC(383) Concurrent Preclean 0.035ms
[215.423s][info][gc,start    ] GC(383) Pause Remark
[215.440s][info][gc          ] GC(383) Pause Remark 165M->128M(397M) 17.085ms
[215.440s][info][gc,cpu      ] GC(383) User=0.03s Sys=0.00s Real=0.02s
[215.440s][info][gc,marking  ] GC(383) Concurrent Mark 52.227ms
[215.440s][info][gc,marking  ] GC(383) Concurrent Rebuild Remembered Sets and Scrub Regions
[215.473s][info][gc,marking  ] GC(383) Concurrent Rebuild Remembered Sets and Scrub Regions 33.292ms
[215.473s][info][gc,start    ] GC(383) Pause Cleanup
[215.473s][info][gc          ] GC(383) Pause Cleanup 133M->133M(397M) 0.079ms
[215.473s][info][gc,cpu      ] GC(383) User=0.00s Sys=0.00s Real=0.00s
[215.473s][info][gc,marking  ] GC(383) Concurrent Clear Claimed Marks
[215.474s][info][gc,marking  ] GC(383) Concurrent Clear Claimed Marks 0.043ms
[215.474s][info][gc,marking  ] GC(383) Concurrent Cleanup for Next Mark
[215.475s][info][gc,marking  ] GC(383) Concurrent Cleanup for Next Mark 1.173ms
[215.475s][info][gc          ] GC(383) Concurrent Mark Cycle 99.674ms
[216.856s][info][gc,start    ] GC(384) Pause Young (Prepare Mixed) (G1 Evacuation Pause)
[216.856s][info][gc,task     ] GC(384) Using 2 workers of 2 for evacuation
[216.881s][info][gc,phases   ] GC(384)   Pre Evacuate Collection Set: 0.21ms
[216.881s][info][gc,phases   ] GC(384)   Merge Heap Roots: 0.10ms
[216.881s][info][gc,phases   ] GC(384)   Evacuate Collection Set: 24.19ms
[216.881s][info][gc,phases   ] GC(384)   Post Evacuate Collection Set: 0.50ms
[216.881s][info][gc,phases   ] GC(384)   Other: 0.08ms
[216.881s][info][gc,heap     ] GC(384) Eden regions: 237->0(211)
[216.881s][info][gc,heap     ] GC(384) Survivor regions: 1->23(30)
[216.881s][info][gc,heap     ] GC(384) Old regions: 116->116
[216.881s][info][gc,heap     ] GC(384) Humongous regions: 2->2
[216.881s][info][gc,metaspace] GC(384) Metaspace: 42130K(42624K)->42130K(42624K) NonClass: 37788K(38080K)->37788K(38080K) Class: 4341K(4544K)->4341K(4544K)
[216.881s][info][gc          ] GC(384) Pause Young (Prepare Mixed) (G1 Evacuation Pause) 355M->140M(397M) 25.322ms
[216.881s][info][gc,cpu      ] GC(384) User=0.05s Sys=0.00s Real=0.03s
[217.590s][info][gc,start    ] GC(385) Pause Young (Mixed) (G1 Evacuation Pause)
[217.590s][info][gc,task     ] GC(385) Using 2 workers of 2 for evacuation
[217.647s][info][gc,phases   ] GC(385)   Pre Evacuate Collection Set: 0.24ms
[217.647s][info][gc,phases   ] GC(385)   Merge Heap Roots: 0.32ms
[217.647s][info][gc,phases   ] GC(385)   Evacuate Collection Set: 55.66ms
[217.647s][info][gc,phases   ] GC(385)   Post Evacuate Collection Set: 0.61ms
[217.647s][info][gc,phases   ] GC(385)   Other: 0.11ms
[217.647s][info][gc,heap     ] GC(385) Eden regions: 211->0(215)
[217.647s][info][gc,heap     ] GC(385) Survivor regions: 23->29(30)
[217.647s][info][gc,heap     ] GC(385) Old regions: 116->99
[217.647s][info][gc,heap     ] GC(385) Humongous regions: 5->5
[217.647s][info][gc,metaspace] GC(385) Metaspace: 42130K(42624K)->42130K(42624K) NonClass: 37788K(38080K)->37788K(38080K) Class: 4341K(4544K)->4341K(4544K)
[217.647s][info][gc          ] GC(385) Pause Young (Mixed) (G1 Evacuation Pause) 354M->132M(407M) 57.202ms
[217.647s][info][gc,cpu      ] GC(385) User=0.10s Sys=0.00s Real=0.05s
[218.232s][info][gc,start    ] GC(386) Pause Young (Mixed) (G1 Evacuation Pause)
[218.232s][info][gc,task     ] GC(386) Using 2 workers of 2 for evacuation
[218.294s][info][gc,phases   ] GC(386)   Pre Evacuate Collection Set: 0.20ms
[218.294s][info][gc,phases   ] GC(386)   Merge Heap Roots: 0.38ms
[218.294s][info][gc,phases   ] GC(386)   Evacuate Collection Set: 60.57ms
[218.294s][info][gc,phases   ] GC(386)   Post Evacuate Collection Set: 0.56ms
[218.294s][info][gc,phases   ] GC(386)   Other: 0.08ms
[218.294s][info][gc,heap     ] GC(386) Eden regions: 215->0(203)
[218.294s][info][gc,heap     ] GC(386) Survivor regions: 29->26(31)
[218.294s][info][gc,heap     ] GC(386) Old regions: 99->113
[218.294s][info][gc,heap     ] GC(386) Humongous regions: 7->7
[218.294s][info][gc,metaspace] GC(386) Metaspace: 42130K(42624K)->42130K(42624K) NonClass: 37788K(38080K)->37788K(38080K) Class: 4341K(4544K)->4341K(4544K)
[218.294s][info][gc          ] GC(386) Pause Young (Mixed) (G1 Evacuation Pause) 349M->145M(407M) 62.056ms
[218.294s][info][gc,cpu      ] GC(386) User=0.12s Sys=0.00s Real=0.06s
[218.659s][info][gc,start    ] GC(387) Pause Young (Concurrent Start) (G1 Humongous Allocation)
[218.659s][info][gc,task     ] GC(387) Using 2 workers of 2 for evacuation
[218.705s][info][gc,phases   ] GC(387)   Pre Evacuate Collection Set: 0.26ms
[218.705s][info][gc,phases   ] GC(387)   Merge Heap Roots: 0.11ms
[218.705s][info][gc,phases   ] GC(387)   Evacuate Collection Set: 44.53ms
[218.705s][info][gc,phases   ] GC(387)   Post Evacuate Collection Set: 0.47ms
[218.705s][info][gc,phases   ] GC(387)   Other: 0.10ms
[218.705s][info][gc,heap     ] GC(387) Eden regions: 141->0(189)
[218.705s][info][gc,heap     ] GC(387) Survivor regions: 26->17(29)
[218.705s][info][gc,heap     ] GC(387) Old regions: 113->139
[218.705s][info][gc,heap     ] GC(387) Humongous regions: 7->7
[218.705s][info][gc,metaspace] GC(387) Metaspace: 42130K(42624K)->42130K(42624K) NonClass: 37788K(38080K)->37788K(38080K) Class: 4341K(4544K)->4341K(4544K)
[218.705s][info][gc          ] GC(387) Pause Young (Concurrent Start) (G1 Humongous Allocation) 286M->162M(407M) 45.691ms
[218.705s][info][gc,cpu      ] GC(387) User=0.09s Sys=0.00s Real=0.04s
[218.705s][info][gc          ] GC(388) Concurrent Mark Cycle
[218.705s][info][gc,marking  ] GC(388) Concurrent Scan Root Regions
[218.743s][info][gc,marking  ] GC(388) Concurrent Scan Root Regions 37.915ms
[218.743s][info][gc,marking  ] GC(388) Concurrent Mark
[218.743s][info][gc,marking  ] GC(388) Concurrent Mark From Roots
[218.743s][info][gc,task     ] GC(388) Using 1 workers of 1 for marking
[218.806s][info][gc,marking  ] GC(388) Concurrent Mark From Roots 62.365ms
[218.806s][info][gc,marking  ] GC(388) Concurrent Preclean
[218.806s][info][gc,marking  ] GC(388) Concurrent Preclean 0.038ms
[218.806s][info][gc,start    ] GC(388) Pause Remark
[218.826s][info][gc          ] GC(388) Pause Remark 188M->162M(407M) 20.527ms
[218.826s][info][gc,cpu      ] GC(388) User=0.04s Sys=0.00s Real=0.02s
[218.826s][info][gc,marking  ] GC(388) Concurrent Mark 83.314ms
[218.826s][info][gc,marking  ] GC(388) Concurrent Rebuild Remembered Sets and Scrub Regions
[218.884s][info][gc,marking  ] GC(388) Concurrent Rebuild Remembered Sets and Scrub Regions 57.822ms
[218.885s][info][gc,start    ] GC(388) Pause Cleanup
[218.885s][info][gc          ] GC(388) Pause Cleanup 186M->186M(407M) 0.076ms
[218.885s][info][gc,cpu      ] GC(388) User=0.00s Sys=0.00s Real=0.00s
[218.885s][info][gc,marking  ] GC(388) Concurrent Clear Claimed Marks
[218.885s][info][gc,marking  ] GC(388) Concurrent Clear Claimed Marks 0.046ms
[218.885s][info][gc,marking  ] GC(388) Concurrent Cleanup for Next Mark
[218.886s][info][gc,marking  ] GC(388) Concurrent Cleanup for Next Mark 1.373ms
[218.886s][info][gc          ] GC(388) Concurrent Mark Cycle 181.025ms
[220.199s][info][gc,start    ] GC(389) Pause Young (Prepare Mixed) (G1 Evacuation Pause)
[220.199s][info][gc,task     ] GC(389) Using 2 workers of 2 for evacuation
[220.258s][info][gc,phases   ] GC(389)   Pre Evacuate Collection Set: 0.22ms
[220.258s][info][gc,phases   ] GC(389)   Merge Heap Roots: 0.19ms
[220.258s][info][gc,phases   ] GC(389)   Evacuate Collection Set: 57.43ms
[220.258s][info][gc,phases   ] GC(389)   Post Evacuate Collection Set: 0.54ms
[220.258s][info][gc,phases   ] GC(389)   Other: 0.09ms
[220.258s][info][gc,heap     ] GC(389) Eden regions: 189->0(187)
[220.258s][info][gc,heap     ] GC(389) Survivor regions: 17->20(26)
[220.258s][info][gc,heap     ] GC(389) Old regions: 115->131
[220.258s][info][gc,heap     ] GC(389) Humongous regions: 17->15
[220.258s][info][gc,metaspace] GC(389) Metaspace: 42130K(42624K)->42130K(42624K) NonClass: 37788K(38080K)->37788K(38080K) Class: 4341K(4544K)->4341K(4544K)
[220.258s][info][gc          ] GC(389) Pause Young (Prepare Mixed) (G1 Evacuation Pause) 337M->166M(407M) 58.779ms
[220.258s][info][gc,cpu      ] GC(389) User=0.11s Sys=0.00s Real=0.06s
[221.068s][info][gc,start    ] GC(390) Pause Young (Mixed) (G1 Evacuation Pause)
[221.068s][info][gc,task     ] GC(390) Using 2 workers of 2 for evacuation
[221.108s][info][gc,phases   ] GC(390)   Pre Evacuate Collection Set: 0.23ms
[221.108s][info][gc,phases   ] GC(390)   Merge Heap Roots: 0.22ms
[221.108s][info][gc,phases   ] GC(390)   Evacuate Collection Set: 39.41ms
[221.108s][info][gc,phases   ] GC(390)   Post Evacuate Collection Set: 0.54ms
[221.108s][info][gc,phases   ] GC(390)   Other: 0.08ms
[221.108s][info][gc,heap     ] GC(390) Eden regions: 187->0(205)
[221.108s][info][gc,heap     ] GC(390) Survivor regions: 20->9(26)
[221.109s][info][gc,heap     ] GC(390) Old regions: 131->124
[221.109s][info][gc,heap     ] GC(390) Humongous regions: 15->15
[221.109s][info][gc,metaspace] GC(390) Metaspace: 42130K(42624K)->42130K(42624K) NonClass: 37788K(38080K)->37788K(38080K) Class: 4341K(4544K)->4341K(4544K)
[221.109s][info][gc          ] GC(390) Pause Young (Mixed) (G1 Evacuation Pause) 353M->148M(407M) 40.697ms
[221.109s][info][gc,cpu      ] GC(390) User=0.08s Sys=0.00s Real=0.04s
[222.307s][info][gc,start    ] GC(391) Pause Young (Concurrent Start) (G1 Evacuation Pause)
[222.307s][info][gc,task     ] GC(391) Using 2 workers of 2 for evacuation
[222.312s][info][gc,phases   ] GC(391)   Pre Evacuate Collection Set: 0.24ms
[222.312s][info][gc,phases   ] GC(391)   Merge Heap Roots: 0.07ms
[222.312s][info][gc,phases   ] GC(391)   Evacuate Collection Set: 4.34ms
[222.312s][info][gc,phases   ] GC(391)   Post Evacuate Collection Set: 0.44ms
[222.312s][info][gc,phases   ] GC(391)   Other: 0.09ms
[222.312s][info][gc,heap     ] GC(391) Eden regions: 205->0(216)
[222.312s][info][gc,heap     ] GC(391) Survivor regions: 9->7(27)
[222.312s][info][gc,heap     ] GC(391) Old regions: 124->124
[222.312s][info][gc,heap     ] GC(391) Humongous regions: 15->15
[222.312s][info][gc,metaspace] GC(391) Metaspace: 42130K(42624K)->42130K(42624K) NonClass: 37788K(38080K)->37788K(38080K) Class: 4341K(4544K)->4341K(4544K)
[222.312s][info][gc          ] GC(391) Pause Young (Concurrent Start) (G1 Evacuation Pause) 353M->145M(407M) 5.386ms
[222.312s][info][gc,cpu      ] GC(391) User=0.01s Sys=0.00s Real=0.01s
[222.312s][info][gc          ] GC(392) Concurrent Mark Cycle
[222.313s][info][gc,marking  ] GC(392) Concurrent Scan Root Regions
[222.318s][info][gc,marking  ] GC(392) Concurrent Scan Root Regions 5.931ms
[222.318s][info][gc,marking  ] GC(392) Concurrent Mark
[222.318s][info][gc,marking  ] GC(392) Concurrent Mark From Roots
[222.318s][info][gc,task     ] GC(392) Using 1 workers of 1 for marking
[222.355s][info][gc,marking  ] GC(392) Concurrent Mark From Roots 36.723ms
[222.356s][info][gc,marking  ] GC(392) Concurrent Preclean
[222.356s][info][gc,marking  ] GC(392) Concurrent Preclean 0.045ms
[222.356s][info][gc,start    ] GC(392) Pause Remark
[222.373s][info][gc          ] GC(392) Pause Remark 152M->58M(256M) 16.637ms
[222.373s][info][gc,cpu      ] GC(392) User=0.04s Sys=0.00s Real=0.02s
[222.373s][info][gc,marking  ] GC(392) Concurrent Mark 54.528ms
[222.373s][info][gc,marking  ] GC(392) Concurrent Rebuild Remembered Sets and Scrub Regions
[222.387s][info][gc,marking  ] GC(392) Concurrent Rebuild Remembered Sets and Scrub Regions 13.599ms
[222.387s][info][gc,start    ] GC(392) Pause Cleanup
[222.387s][info][gc          ] GC(392) Pause Cleanup 60M->60M(256M) 0.041ms
[222.387s][info][gc,cpu      ] GC(392) User=0.00s Sys=0.00s Real=0.00s
[222.387s][info][gc,marking  ] GC(392) Concurrent Clear Claimed Marks
[222.387s][info][gc,marking  ] GC(392) Concurrent Clear Claimed Marks 0.047ms
[222.387s][info][gc,marking  ] GC(392) Concurrent Cleanup for Next Mark
[222.388s][info][gc,marking  ] GC(392) Concurrent Cleanup for Next Mark 0.757ms
[222.388s][info][gc          ] GC(392) Concurrent Mark Cycle 75.171ms
[223.208s][info][gc,start    ] GC(393) Pause Young (Prepare Mixed) (G1 Evacuation Pause)
[223.208s][info][gc,task     ] GC(393) Using 2 workers of 2 for evacuation
[223.216s][info][gc,phases   ] GC(393)   Pre Evacuate Collection Set: 0.18ms
[223.216s][info][gc,phases   ] GC(393)   Merge Heap Roots: 0.07ms
[223.216s][info][gc,phases   ] GC(393)   Evacuate Collection Set: 7.89ms
[223.216s][info][gc,phases   ] GC(393)   Post Evacuate Collection Set: 0.40ms
[223.216s][info][gc,phases   ] GC(393)   Other: 0.07ms
[223.216s][info][gc,heap     ] GC(393) Eden regions: 146->0(143)
[223.216s][info][gc,heap     ] GC(393) Survivor regions: 7->10(20)
[223.216s][info][gc,heap     ] GC(393) Old regions: 44->44
[223.216s][info][gc,heap     ] GC(393) Humongous regions: 1->1
[223.216s][info][gc,metaspace] GC(393) Metaspace: 42130K(42624K)->42130K(42624K) NonClass: 37788K(38080K)->37788K(38080K) Class: 4341K(4544K)->4341K(4544K)
[223.216s][info][gc          ] GC(393) Pause Young (Prepare Mixed) (G1 Evacuation Pause) 197M->55M(256M) 8.797ms
[223.216s][info][gc,cpu      ] GC(393) User=0.02s Sys=0.00s Real=0.01s
[224.107s][info][gc,start    ] GC(394) Pause Young (Mixed) (G1 Evacuation Pause)
[224.107s][info][gc,task     ] GC(394) Using 2 workers of 2 for evacuation
[224.111s][info][gc,phases   ] GC(394)   Pre Evacuate Collection Set: 0.22ms
[224.111s][info][gc,phases   ] GC(394)   Merge Heap Roots: 0.08ms
[224.111s][info][gc,phases   ] GC(394)   Evacuate Collection Set: 3.39ms
[224.111s][info][gc,phases   ] GC(394)   Post Evacuate Collection Set: 0.39ms
[224.111s][info][gc,phases   ] GC(394)   Other: 0.07ms
[224.111s][info][gc,heap     ] GC(394) Eden regions: 143->0(147)
[224.111s][info][gc,heap     ] GC(394) Survivor regions: 10->6(20)
[224.111s][info][gc,heap     ] GC(394) Old regions: 44->40
[224.111s][info][gc,heap     ] GC(394) Humongous regions: 1->1
[224.111s][info][gc,metaspace] GC(394) Metaspace: 42130K(42624K)->42130K(42624K) NonClass: 37788K(38080K)->37788K(38080K) Class: 4341K(4544K)->4341K(4544K)
[224.111s][info][gc          ] GC(394) Pause Young (Mixed) (G1 Evacuation Pause) 198M->45M(256M) 4.346ms
[224.111s][info][gc,cpu      ] GC(394) User=0.01s Sys=0.00s Real=0.01s
[224.159s][info][gc,start    ] GC(395) Pause Young (Concurrent Start) (G1 Humongous Allocation)
[224.159s][info][gc,task     ] GC(395) Using 2 workers of 2 for evacuation
[224.163s][info][gc,phases   ] GC(395)   Pre Evacuate Collection Set: 0.15ms
[224.163s][info][gc,phases   ] GC(395)   Merge Heap Roots: 0.03ms
[224.163s][info][gc,phases   ] GC(395)   Evacuate Collection Set: 3.14ms
[224.163s][info][gc,phases   ] GC(395)   Post Evacuate Collection Set: 0.26ms
[224.163s][info][gc,phases   ] GC(395)   Other: 0.09ms
[224.163s][info][gc,heap     ] GC(395) Eden regions: 8->0(147)
[224.163s][info][gc,heap     ] GC(395) Survivor regions: 6->6(20)
[224.163s][info][gc,heap     ] GC(395) Old regions: 40->40
[224.163s][info][gc,heap     ] GC(395) Humongous regions: 1->1
[224.163s][info][gc,metaspace] GC(395) Metaspace: 42130K(42624K)->42130K(42624K) NonClass: 37789K(38080K)->37789K(38080K) Class: 4341K(4544K)->4341K(4544K)
[224.163s][info][gc          ] GC(395) Pause Young (Concurrent Start) (G1 Humongous Allocation) 52M->45M(256M) 3.857ms
[224.163s][info][gc,cpu      ] GC(395) User=0.01s Sys=0.00s Real=0.01s
[224.163s][info][gc          ] GC(396) Concurrent Mark Cycle
[224.163s][info][gc,marking  ] GC(396) Concurrent Scan Root Regions
[224.168s][info][gc,marking  ] GC(396) Concurrent Scan Root Regions 5.113ms
[224.168s][info][gc,marking  ] GC(396) Concurrent Mark
[224.168s][info][gc,marking  ] GC(396) Concurrent Mark From Roots
[224.168s][info][gc,task     ] GC(396) Using 1 workers of 1 for marking
[224.203s][info][gc,marking  ] GC(396) Concurrent Mark From Roots 34.945ms
[224.203s][info][gc,marking  ] GC(396) Concurrent Preclean
[224.203s][info][gc,marking  ] GC(396) Concurrent Preclean 0.033ms
[224.203s][info][gc,start    ] GC(396) Pause Remark
[224.219s][info][gc          ] GC(396) Pause Remark 54M->54M(256M) 15.813ms
[224.219s][info][gc,cpu      ] GC(396) User=0.03s Sys=0.00s Real=0.01s
[224.219s][info][gc,marking  ] GC(396) Concurrent Mark 51.120ms
[224.219s][info][gc,marking  ] GC(396) Concurrent Rebuild Remembered Sets and Scrub Regions
[224.234s][info][gc,marking  ] GC(396) Concurrent Rebuild Remembered Sets and Scrub Regions 15.069ms
[224.234s][info][gc,start    ] GC(396) Pause Cleanup
[224.234s][info][gc          ] GC(396) Pause Cleanup 56M->56M(256M) 0.039ms
[224.234s][info][gc,cpu      ] GC(396) User=0.00s Sys=0.00s Real=0.00s
[224.234s][info][gc,marking  ] GC(396) Concurrent Clear Claimed Marks
[224.234s][info][gc,marking  ] GC(396) Concurrent Clear Claimed Marks 0.039ms
[224.234s][info][gc,marking  ] GC(396) Concurrent Cleanup for Next Mark
[224.235s][info][gc,marking  ] GC(396) Concurrent Cleanup for Next Mark 0.737ms
[224.235s][info][gc          ] GC(396) Concurrent Mark Cycle 72.352ms
[225.087s][info][gc,start    ] GC(397) Pause Young (Prepare Mixed) (G1 Evacuation Pause)
[225.087s][info][gc,task     ] GC(397) Using 2 workers of 2 for evacuation
[225.091s][info][gc,phases   ] GC(397)   Pre Evacuate Collection Set: 0.15ms
[225.091s][info][gc,phases   ] GC(397)   Merge Heap Roots: 0.07ms
[225.091s][info][gc,phases   ] GC(397)   Evacuate Collection Set: 2.95ms
[225.091s][info][gc,phases   ] GC(397)   Post Evacuate Collection Set: 0.51ms
[225.091s][info][gc,phases   ] GC(397)   Other: 0.08ms
[225.091s][info][gc,heap     ] GC(397) Eden regions: 147->0(148)
[225.091s][info][gc,heap     ] GC(397) Survivor regions: 6->5(20)
[225.091s][info][gc,heap     ] GC(397) Old regions: 40->40
[225.091s][info][gc,heap     ] GC(397) Humongous regions: 2->1
[225.091s][info][gc,metaspace] GC(397) Metaspace: 42130K(42624K)->42130K(42624K) NonClass: 37789K(38080K)->37789K(38080K) Class: 4341K(4544K)->4341K(4544K)
[225.091s][info][gc          ] GC(397) Pause Young (Prepare Mixed) (G1 Evacuation Pause) 193M->45M(256M) 3.950ms
[225.091s][info][gc,cpu      ] GC(397) User=0.00s Sys=0.00s Real=0.01s
[225.981s][info][gc,start    ] GC(398) Pause Young (Mixed) (G1 Evacuation Pause)
[225.981s][info][gc,task     ] GC(398) Using 2 workers of 2 for evacuation
[225.995s][info][gc,phases   ] GC(398)   Pre Evacuate Collection Set: 0.15ms
[225.995s][info][gc,phases   ] GC(398)   Merge Heap Roots: 0.09ms
[225.995s][info][gc,phases   ] GC(398)   Evacuate Collection Set: 12.86ms
[225.995s][info][gc,phases   ] GC(398)   Post Evacuate Collection Set: 0.45ms
[225.995s][info][gc,phases   ] GC(398)   Other: 0.07ms
[225.995s][info][gc,heap     ] GC(398) Eden regions: 148->0(141)
[225.995s][info][gc,heap     ] GC(398) Survivor regions: 5->12(20)
[225.995s][info][gc,heap     ] GC(398) Old regions: 40->35
[225.995s][info][gc,heap     ] GC(398) Humongous regions: 5->3
[225.995s][info][gc,metaspace] GC(398) Metaspace: 42136K(42624K)->42136K(42624K) NonClass: 37795K(38080K)->37795K(38080K) Class: 4341K(4544K)->4341K(4544K)
[225.995s][info][gc          ] GC(398) Pause Young (Mixed) (G1 Evacuation Pause) 197M->48M(256M) 13.810ms
[225.995s][info][gc,cpu      ] GC(398) User=0.03s Sys=0.00s Real=0.01s
[226.183s][info][gc,start    ] GC(399) Pause Young (Concurrent Start) (G1 Humongous Allocation)
[226.183s][info][gc,task     ] GC(399) Using 2 workers of 2 for evacuation
[226.188s][info][gc,phases   ] GC(399)   Pre Evacuate Collection Set: 0.21ms
[226.188s][info][gc,phases   ] GC(399)   Merge Heap Roots: 0.05ms
[226.188s][info][gc,phases   ] GC(399)   Evacuate Collection Set: 4.55ms
[226.188s][info][gc,phases   ] GC(399)   Post Evacuate Collection Set: 0.31ms
[226.188s][info][gc,phases   ] GC(399)   Other: 0.10ms
[226.188s][info][gc,heap     ] GC(399) Eden regions: 38->0(152)
[226.188s][info][gc,heap     ] GC(399) Survivor regions: 12->1(20)
[226.188s][info][gc,heap     ] GC(399) Old regions: 35->40
[226.188s][info][gc,heap     ] GC(399) Humongous regions: 3->1
[226.188s][info][gc,metaspace] GC(399) Metaspace: 42138K(42624K)->42138K(42624K) NonClass: 37797K(38080K)->37797K(38080K) Class: 4341K(4544K)->4341K(4544K)
[226.188s][info][gc          ] GC(399) Pause Young (Concurrent Start) (G1 Humongous Allocation) 86M->41M(256M) 5.415ms
[226.188s][info][gc,cpu      ] GC(399) User=0.01s Sys=0.00s Real=0.00s
[226.188s][info][gc          ] GC(400) Concurrent Mark Cycle
[226.188s][info][gc,marking  ] GC(400) Concurrent Scan Root Regions
[226.198s][info][gc,marking  ] GC(400) Concurrent Scan Root Regions 9.515ms
[226.198s][info][gc,marking  ] GC(400) Concurrent Mark
[226.198s][info][gc,marking  ] GC(400) Concurrent Mark From Roots
[226.198s][info][gc,task     ] GC(400) Using 1 workers of 1 for marking
[226.239s][info][gc,marking  ] GC(400) Concurrent Mark From Roots 40.875ms
[226.239s][info][gc,marking  ] GC(400) Concurrent Preclean
[226.239s][info][gc,marking  ] GC(400) Concurrent Preclean 0.036ms
[226.239s][info][gc,start    ] GC(400) Pause Remark
[226.255s][info][gc          ] GC(400) Pause Remark 53M->53M(256M) 16.328ms
[226.255s][info][gc,cpu      ] GC(400) User=0.04s Sys=0.00s Real=0.02s
[226.256s][info][gc,marking  ] GC(400) Concurrent Mark 58.154ms
[226.256s][info][gc,marking  ] GC(400) Concurrent Rebuild Remembered Sets and Scrub Regions
[226.275s][info][gc,marking  ] GC(400) Concurrent Rebuild Remembered Sets and Scrub Regions 18.437ms
[226.275s][info][gc,start    ] GC(400) Pause Cleanup
[226.275s][info][gc          ] GC(400) Pause Cleanup 56M->56M(256M) 0.053ms
[226.275s][info][gc,cpu      ] GC(400) User=0.00s Sys=0.00s Real=0.00s
[226.275s][info][gc,marking  ] GC(400) Concurrent Clear Claimed Marks
[226.275s][info][gc,marking  ] GC(400) Concurrent Clear Claimed Marks 0.039ms
[226.275s][info][gc,marking  ] GC(400) Concurrent Cleanup for Next Mark
[226.276s][info][gc,marking  ] GC(400) Concurrent Cleanup for Next Mark 0.753ms
[226.276s][info][gc          ] GC(400) Concurrent Mark Cycle 87.308ms
[227.030s][info][gc,start    ] GC(401) Pause Young (Prepare Mixed) (G1 Evacuation Pause)
[227.030s][info][gc,task     ] GC(401) Using 2 workers of 2 for evacuation
[227.041s][info][gc,phases   ] GC(401)   Pre Evacuate Collection Set: 0.17ms
[227.041s][info][gc,phases   ] GC(401)   Merge Heap Roots: 0.07ms
[227.041s][info][gc,phases   ] GC(401)   Evacuate Collection Set: 10.21ms
[227.041s][info][gc,phases   ] GC(401)   Post Evacuate Collection Set: 0.43ms
[227.041s][info][gc,phases   ] GC(401)   Other: 0.09ms
[227.041s][info][gc,heap     ] GC(401) Eden regions: 152->0(141)
[227.041s][info][gc,heap     ] GC(401) Survivor regions: 1->12(20)
[227.041s][info][gc,heap     ] GC(401) Old regions: 40->40
[227.041s][info][gc,heap     ] GC(401) Humongous regions: 18->3
[227.041s][info][gc,metaspace] GC(401) Metaspace: 42147K(42624K)->42147K(42624K) NonClass: 37806K(38080K)->37806K(38080K) Class: 4341K(4544K)->4341K(4544K)
[227.041s][info][gc          ] GC(401) Pause Young (Prepare Mixed) (G1 Evacuation Pause) 210M->54M(256M) 11.165ms
[227.041s][info][gc,cpu      ] GC(401) User=0.02s Sys=0.00s Real=0.01s
[227.733s][info][gc,start    ] GC(402) Pause Young (Mixed) (G1 Evacuation Pause)
[227.733s][info][gc,task     ] GC(402) Using 2 workers of 2 for evacuation
[227.737s][info][gc,phases   ] GC(402)   Pre Evacuate Collection Set: 0.15ms
[227.737s][info][gc,phases   ] GC(402)   Merge Heap Roots: 0.07ms
[227.737s][info][gc,phases   ] GC(402)   Evacuate Collection Set: 3.22ms
[227.737s][info][gc,phases   ] GC(402)   Post Evacuate Collection Set: 0.41ms
[227.737s][info][gc,phases   ] GC(402)   Other: 0.07ms
[227.737s][info][gc,heap     ] GC(402) Eden regions: 141->0(151)
[227.737s][info][gc,heap     ] GC(402) Survivor regions: 12->2(20)
[227.737s][info][gc,heap     ] GC(402) Old regions: 40->39
[227.737s][info][gc,heap     ] GC(402) Humongous regions: 8->1
[227.737s][info][gc,metaspace] GC(402) Metaspace: 42147K(42624K)->42147K(42624K) NonClass: 37806K(38080K)->37806K(38080K) Class: 4341K(4544K)->4341K(4544K)
[227.737s][info][gc          ] GC(402) Pause Young (Mixed) (G1 Evacuation Pause) 200M->40M(256M) 4.085ms
[227.738s][info][gc,cpu      ] GC(402) User=0.00s Sys=0.00s Real=0.00s
[227.739s][info][gc,start    ] GC(403) Pause Young (Concurrent Start) (G1 Humongous Allocation)
[227.739s][info][gc,task     ] GC(403) Using 2 workers of 2 for evacuation
[227.741s][info][gc,phases   ] GC(403)   Pre Evacuate Collection Set: 0.14ms
[227.741s][info][gc,phases   ] GC(403)   Merge Heap Roots: 0.03ms
[227.741s][info][gc,phases   ] GC(403)   Evacuate Collection Set: 1.38ms
[227.741s][info][gc,phases   ] GC(403)   Post Evacuate Collection Set: 0.25ms
[227.741s][info][gc,phases   ] GC(403)   Other: 0.06ms
[227.741s][info][gc,heap     ] GC(403) Eden regions: 2->0(150)
[227.741s][info][gc,heap     ] GC(403) Survivor regions: 2->2(20)
[227.741s][info][gc,heap     ] GC(403) Old regions: 39->39
[227.741s][info][gc,heap     ] GC(403) Humongous regions: 1->1
[227.741s][info][gc,metaspace] GC(403) Metaspace: 42147K(42624K)->42147K(42624K) NonClass: 37806K(38080K)->37806K(38080K) Class: 4341K(4544K)->4341K(4544K)
[227.741s][info][gc          ] GC(403) Pause Young (Concurrent Start) (G1 Humongous Allocation) 42M->40M(256M) 2.012ms
[227.741s][info][gc,cpu      ] GC(403) User=0.00s Sys=0.00s Real=0.00s
[227.741s][info][gc          ] GC(404) Concurrent Mark Cycle
[227.741s][info][gc,marking  ] GC(404) Concurrent Scan Root Regions
[227.745s][info][gc,marking  ] GC(404) Concurrent Scan Root Regions 3.046ms
[227.745s][info][gc,marking  ] GC(404) Concurrent Mark
[227.745s][info][gc,marking  ] GC(404) Concurrent Mark From Roots
[227.745s][info][gc,task     ] GC(404) Using 1 workers of 1 for marking
[227.796s][info][gc,marking  ] GC(404) Concurrent Mark From Roots 51.768ms
[227.796s][info][gc,marking  ] GC(404) Concurrent Preclean
[227.796s][info][gc,marking  ] GC(404) Concurrent Preclean 0.034ms
[227.797s][info][gc,start    ] GC(404) Pause Remark
[227.813s][info][gc          ] GC(404) Pause Remark 52M->52M(256M) 16.029ms
[227.813s][info][gc,cpu      ] GC(404) User=0.03s Sys=0.00s Real=0.02s
[227.813s][info][gc,marking  ] GC(404) Concurrent Mark 68.103ms
[227.813s][info][gc,marking  ] GC(404) Concurrent Rebuild Remembered Sets and Scrub Regions
[227.831s][info][gc,marking  ] GC(404) Concurrent Rebuild Remembered Sets and Scrub Regions 18.520ms
[227.831s][info][gc,start    ] GC(404) Pause Cleanup
[227.831s][info][gc          ] GC(404) Pause Cleanup 58M->58M(256M) 0.039ms
[227.831s][info][gc,cpu      ] GC(404) User=0.00s Sys=0.00s Real=0.00s
[227.831s][info][gc,marking  ] GC(404) Concurrent Clear Claimed Marks
[227.831s][info][gc,marking  ] GC(404) Concurrent Clear Claimed Marks 0.036ms
[227.831s][info][gc,marking  ] GC(404) Concurrent Cleanup for Next Mark
[227.832s][info][gc,marking  ] GC(404) Concurrent Cleanup for Next Mark 0.745ms
[227.832s][info][gc          ] GC(404) Concurrent Mark Cycle 90.773ms
[228.323s][info][gc,start    ] GC(405) Pause Young (Prepare Mixed) (G1 Evacuation Pause)
[228.323s][info][gc,task     ] GC(405) Using 2 workers of 2 for evacuation
[228.342s][info][gc,phases   ] GC(405)   Pre Evacuate Collection Set: 0.15ms
[228.342s][info][gc,phases   ] GC(405)   Merge Heap Roots: 0.05ms
[228.342s][info][gc,phases   ] GC(405)   Evacuate Collection Set: 17.51ms
[228.342s][info][gc,phases   ] GC(405)   Post Evacuate Collection Set: 0.43ms
[228.342s][info][gc,phases   ] GC(405)   Other: 0.07ms
[228.342s][info][gc,heap     ] GC(405) Eden regions: 150->0(134)
[228.342s][info][gc,heap     ] GC(405) Survivor regions: 2->19(19)
[228.342s][info][gc,heap     ] GC(405) Old regions: 39->39
[228.342s][info][gc,heap     ] GC(405) Humongous regions: 7->3
[228.342s][info][gc,metaspace] GC(405) Metaspace: 42147K(42624K)->42147K(42624K) NonClass: 37806K(38080K)->37806K(38080K) Class: 4341K(4544K)->4341K(4544K)
[228.342s][info][gc          ] GC(405) Pause Young (Prepare Mixed) (G1 Evacuation Pause) 196M->59M(256M) 18.402ms
[228.342s][info][gc,cpu      ] GC(405) User=0.04s Sys=0.00s Real=0.02s
[228.949s][info][gc,start    ] GC(406) Pause Young (Mixed) (G1 Evacuation Pause)
[228.949s][info][gc,task     ] GC(406) Using 2 workers of 2 for evacuation
[228.968s][info][gc,phases   ] GC(406)   Pre Evacuate Collection Set: 0.16ms
[228.968s][info][gc,phases   ] GC(406)   Merge Heap Roots: 0.12ms
[228.968s][info][gc,phases   ] GC(406)   Evacuate Collection Set: 17.47ms
[228.968s][info][gc,phases   ] GC(406)   Post Evacuate Collection Set: 0.56ms
[228.968s][info][gc,phases   ] GC(406)   Other: 0.09ms
[228.968s][info][gc,heap     ] GC(406) Eden regions: 134->0(148)
[228.968s][info][gc,heap     ] GC(406) Survivor regions: 19->5(20)
[228.968s][info][gc,heap     ] GC(406) Old regions: 39->38
[228.968s][info][gc,heap     ] GC(406) Humongous regions: 9->3
[228.968s][info][gc,metaspace] GC(406) Metaspace: 42155K(42624K)->42155K(42624K) NonClass: 37814K(38080K)->37814K(38080K) Class: 4341K(4544K)->4341K(4544K)
[228.968s][info][gc          ] GC(406) Pause Young (Mixed) (G1 Evacuation Pause) 199M->44M(256M) 18.612ms
[228.968s][info][gc,cpu      ] GC(406) User=0.04s Sys=0.00s Real=0.01s
[229.000s][info][gc,start    ] GC(407) Pause Young (Concurrent Start) (G1 Humongous Allocation)
[229.000s][info][gc,task     ] GC(407) Using 2 workers of 2 for evacuation
[229.003s][info][gc,phases   ] GC(407)   Pre Evacuate Collection Set: 0.14ms
[229.003s][info][gc,phases   ] GC(407)   Merge Heap Roots: 0.06ms
[229.003s][info][gc,phases   ] GC(407)   Evacuate Collection Set: 2.87ms
[229.003s][info][gc,phases   ] GC(407)   Post Evacuate Collection Set: 0.28ms
[229.003s][info][gc,phases   ] GC(407)   Other: 0.10ms
[229.003s][info][gc,heap     ] GC(407) Eden regions: 7->0(151)
[229.003s][info][gc,heap     ] GC(407) Survivor regions: 5->2(20)
[229.003s][info][gc,heap     ] GC(407) Old regions: 38->38
[229.003s][info][gc,heap     ] GC(407) Humongous regions: 3->1
[229.003s][info][gc,metaspace] GC(407) Metaspace: 42158K(42624K)->42158K(42624K) NonClass: 37816K(38080K)->37816K(38080K) Class: 4341K(4544K)->4341K(4544K)
[229.003s][info][gc          ] GC(407) Pause Young (Concurrent Start) (G1 Humongous Allocation) 51M->39M(256M) 3.621ms
[229.004s][info][gc,cpu      ] GC(407) User=0.00s Sys=0.00s Real=0.00s
[229.004s][info][gc          ] GC(408) Concurrent Mark Cycle
[229.004s][info][gc,marking  ] GC(408) Concurrent Scan Root Regions
[229.007s][info][gc,marking  ] GC(408) Concurrent Scan Root Regions 3.480ms
[229.007s][info][gc,marking  ] GC(408) Concurrent Mark
[229.007s][info][gc,marking  ] GC(408) Concurrent Mark From Roots
[229.007s][info][gc,task     ] GC(408) Using 1 workers of 1 for marking
[229.067s][info][gc,marking  ] GC(408) Concurrent Mark From Roots 59.648ms
[229.067s][info][gc,marking  ] GC(408) Concurrent Preclean
[229.067s][info][gc,marking  ] GC(408) Concurrent Preclean 0.035ms
[229.067s][info][gc,start    ] GC(408) Pause Remark
[229.084s][info][gc          ] GC(408) Pause Remark 54M->54M(256M) 17.042ms
[229.084s][info][gc,cpu      ] GC(408) User=0.03s Sys=0.00s Real=0.02s
[229.084s][info][gc,marking  ] GC(408) Concurrent Mark 77.027ms
[229.084s][info][gc,marking  ] GC(408) Concurrent Rebuild Remembered Sets and Scrub Regions
[229.103s][info][gc,marking  ] GC(408) Concurrent Rebuild Remembered Sets and Scrub Regions 19.144ms
[229.103s][info][gc,start    ] GC(408) Pause Cleanup
[229.103s][info][gc          ] GC(408) Pause Cleanup 58M->58M(256M) 0.041ms
[229.103s][info][gc,cpu      ] GC(408) User=0.00s Sys=0.00s Real=0.00s
[229.103s][info][gc,marking  ] GC(408) Concurrent Clear Claimed Marks
[229.104s][info][gc,marking  ] GC(408) Concurrent Clear Claimed Marks 0.037ms
[229.104s][info][gc,marking  ] GC(408) Concurrent Cleanup for Next Mark
[229.104s][info][gc,marking  ] GC(408) Concurrent Cleanup for Next Mark 0.746ms
[229.104s][info][gc          ] GC(408) Concurrent Mark Cycle 100.754ms
[229.723s][info][gc,start    ] GC(409) Pause Young (Prepare Mixed) (G1 Evacuation Pause)
[229.723s][info][gc,task     ] GC(409) Using 2 workers of 2 for evacuation
[229.727s][info][gc,phases   ] GC(409)   Pre Evacuate Collection Set: 0.15ms
[229.727s][info][gc,phases   ] GC(409)   Merge Heap Roots: 0.07ms
[229.727s][info][gc,phases   ] GC(409)   Evacuate Collection Set: 3.10ms
[229.727s][info][gc,phases   ] GC(409)   Post Evacuate Collection Set: 0.43ms
[229.727s][info][gc,phases   ] GC(409)   Other: 0.07ms
[229.727s][info][gc,heap     ] GC(409) Eden regions: 151->0(150)
[229.727s][info][gc,heap     ] GC(409) Survivor regions: 2->3(20)
[229.727s][info][gc,heap     ] GC(409) Old regions: 38->38
[229.727s][info][gc,heap     ] GC(409) Humongous regions: 17->3
[229.727s][info][gc,metaspace] GC(409) Metaspace: 42158K(42624K)->42158K(42624K) NonClass: 37817K(38080K)->37817K(38080K) Class: 4341K(4544K)->4341K(4544K)
[229.727s][info][gc          ] GC(409) Pause Young (Prepare Mixed) (G1 Evacuation Pause) 206M->43M(256M) 4.017ms
[229.727s][info][gc,cpu      ] GC(409) User=0.01s Sys=0.00s Real=0.00s
[230.339s][info][gc,start    ] GC(410) Pause Young (Mixed) (G1 Evacuation Pause)
[230.340s][info][gc,task     ] GC(410) Using 2 workers of 2 for evacuation
[230.348s][info][gc,phases   ] GC(410)   Pre Evacuate Collection Set: 0.15ms
[230.348s][info][gc,phases   ] GC(410)   Merge Heap Roots: 0.09ms
[230.348s][info][gc,phases   ] GC(410)   Evacuate Collection Set: 7.25ms
[230.348s][info][gc,phases   ] GC(410)   Post Evacuate Collection Set: 0.58ms
[230.348s][info][gc,phases   ] GC(410)   Other: 0.07ms
[230.348s][info][gc,heap     ] GC(410) Eden regions: 150->0(150)
[230.348s][info][gc,heap     ] GC(410) Survivor regions: 3->3(20)
[230.348s][info][gc,heap     ] GC(410) Old regions: 38->36
[230.348s][info][gc,heap     ] GC(410) Humongous regions: 15->3
[230.348s][info][gc,metaspace] GC(410) Metaspace: 42159K(42624K)->42159K(42624K) NonClass: 37818K(38080K)->37818K(38080K) Class: 4341K(4544K)->4341K(4544K)
[230.348s][info][gc          ] GC(410) Pause Young (Mixed) (G1 Evacuation Pause) 205M->41M(256M) 8.323ms
[230.348s][info][gc,cpu      ] GC(410) User=0.02s Sys=0.00s Real=0.00s
[230.543s][info][gc,start    ] GC(411) Pause Young (Concurrent Start) (G1 Humongous Allocation)
[230.543s][info][gc,task     ] GC(411) Using 2 workers of 2 for evacuation
[230.547s][info][gc,phases   ] GC(411)   Pre Evacuate Collection Set: 0.16ms
[230.547s][info][gc,phases   ] GC(411)   Merge Heap Roots: 0.04ms
[230.547s][info][gc,phases   ] GC(411)   Evacuate Collection Set: 3.18ms
[230.547s][info][gc,phases   ] GC(411)   Post Evacuate Collection Set: 0.37ms
[230.547s][info][gc,phases   ] GC(411)   Other: 0.08ms
[230.547s][info][gc,heap     ] GC(411) Eden regions: 46->0(150)
[230.547s][info][gc,heap     ] GC(411) Survivor regions: 3->3(20)
[230.547s][info][gc,heap     ] GC(411) Old regions: 36->36
[230.547s][info][gc,heap     ] GC(411) Humongous regions: 3->1
[230.547s][info][gc,metaspace] GC(411) Metaspace: 42159K(42624K)->42159K(42624K) NonClass: 37818K(38080K)->37818K(38080K) Class: 4341K(4544K)->4341K(4544K)
[230.547s][info][gc          ] GC(411) Pause Young (Concurrent Start) (G1 Humongous Allocation) 86M->39M(256M) 3.999ms
[230.547s][info][gc,cpu      ] GC(411) User=0.01s Sys=0.00s Real=0.00s
[230.547s][info][gc          ] GC(412) Concurrent Mark Cycle
[230.547s][info][gc,marking  ] GC(412) Concurrent Scan Root Regions
[230.551s][info][gc,marking  ] GC(412) Concurrent Scan Root Regions 3.872ms
[230.551s][info][gc,marking  ] GC(412) Concurrent Mark
[230.551s][info][gc,marking  ] GC(412) Concurrent Mark From Roots
[230.551s][info][gc,task     ] GC(412) Using 1 workers of 1 for marking
[230.598s][info][gc,marking  ] GC(412) Concurrent Mark From Roots 47.038ms
[230.598s][info][gc,marking  ] GC(412) Concurrent Preclean
[230.598s][info][gc,marking  ] GC(412) Concurrent Preclean 0.033ms
[230.598s][info][gc,start    ] GC(412) Pause Remark
[230.614s][info][gc          ] GC(412) Pause Remark 47M->47M(256M) 15.878ms
[230.614s][info][gc,cpu      ] GC(412) User=0.03s Sys=0.00s Real=0.02s
[230.614s][info][gc,marking  ] GC(412) Concurrent Mark 63.210ms
[230.614s][info][gc,marking  ] GC(412) Concurrent Rebuild Remembered Sets and Scrub Regions
[230.634s][info][gc,marking  ] GC(412) Concurrent Rebuild Remembered Sets and Scrub Regions 19.339ms
[230.634s][info][gc,start    ] GC(412) Pause Cleanup
[230.634s][info][gc          ] GC(412) Pause Cleanup 47M->47M(256M) 0.048ms
[230.634s][info][gc,cpu      ] GC(412) User=0.00s Sys=0.00s Real=0.00s
[230.634s][info][gc,marking  ] GC(412) Concurrent Clear Claimed Marks
[230.634s][info][gc,marking  ] GC(412) Concurrent Clear Claimed Marks 0.058ms
[230.634s][info][gc,marking  ] GC(412) Concurrent Cleanup for Next Mark
[230.635s][info][gc,marking  ] GC(412) Concurrent Cleanup for Next Mark 0.728ms
[230.635s][info][gc          ] GC(412) Concurrent Mark Cycle 87.602ms
[231.261s][info][gc,start    ] GC(413) Pause Young (Prepare Mixed) (G1 Evacuation Pause)
[231.261s][info][gc,task     ] GC(413) Using 2 workers of 2 for evacuation
[231.285s][info][gc,phases   ] GC(413)   Pre Evacuate Collection Set: 0.32ms
[231.285s][info][gc,phases   ] GC(413)   Merge Heap Roots: 0.08ms
[231.285s][info][gc,phases   ] GC(413)   Evacuate Collection Set: 22.66ms
[231.285s][info][gc,phases   ] GC(413)   Post Evacuate Collection Set: 0.49ms
[231.285s][info][gc,phases   ] GC(413)   Other: 0.07ms
[231.285s][info][gc,heap     ] GC(413) Eden regions: 150->0(133)
[231.285s][info][gc,heap     ] GC(413) Survivor regions: 3->20(20)
[231.285s][info][gc,heap     ] GC(413) Old regions: 36->41
[231.285s][info][gc,heap     ] GC(413) Humongous regions: 5->3
[231.285s][info][gc,metaspace] GC(413) Metaspace: 42160K(42624K)->42160K(42624K) NonClass: 37819K(38080K)->37819K(38080K) Class: 4341K(4544K)->4341K(4544K)
[231.285s][info][gc          ] GC(413) Pause Young (Prepare Mixed) (G1 Evacuation Pause) 193M->63M(256M) 23.790ms
[231.285s][info][gc,cpu      ] GC(413) User=0.05s Sys=0.01s Real=0.02s
[231.917s][info][gc,start    ] GC(414) Pause Young (Mixed) (G1 Evacuation Pause)
[231.917s][info][gc,task     ] GC(414) Using 2 workers of 2 for evacuation
[231.968s][info][gc,phases   ] GC(414)   Pre Evacuate Collection Set: 0.19ms
[231.968s][info][gc,phases   ] GC(414)   Merge Heap Roots: 0.19ms
[231.968s][info][gc,phases   ] GC(414)   Evacuate Collection Set: 49.63ms
[231.968s][info][gc,phases   ] GC(414)   Post Evacuate Collection Set: 0.42ms
[231.968s][info][gc,phases   ] GC(414)   Other: 0.09ms
[231.968s][info][gc,heap     ] GC(414) Eden regions: 133->0(138)
[231.968s][info][gc,heap     ] GC(414) Survivor regions: 20->15(20)
[231.968s][info][gc,heap     ] GC(414) Old regions: 41->51
[231.968s][info][gc,heap     ] GC(414) Humongous regions: 3->3
[231.968s][info][gc,metaspace] GC(414) Metaspace: 42161K(42624K)->42161K(42624K) NonClass: 37820K(38080K)->37820K(38080K) Class: 4341K(4544K)->4341K(4544K)
[231.968s][info][gc          ] GC(414) Pause Young (Mixed) (G1 Evacuation Pause) 196M->68M(256M) 50.735ms
[231.968s][info][gc,cpu      ] GC(414) User=0.06s Sys=0.00s Real=0.05s
[232.067s][info][gc,start    ] GC(415) Pause Young (Concurrent Start) (G1 Humongous Allocation)
[232.067s][info][gc,task     ] GC(415) Using 2 workers of 2 for evacuation
[232.089s][info][gc,phases   ] GC(415)   Pre Evacuate Collection Set: 0.17ms
[232.089s][info][gc,phases   ] GC(415)   Merge Heap Roots: 0.10ms
[232.089s][info][gc,phases   ] GC(415)   Evacuate Collection Set: 21.39ms
[232.089s][info][gc,phases   ] GC(415)   Post Evacuate Collection Set: 0.32ms
[232.089s][info][gc,phases   ] GC(415)   Other: 0.08ms
[232.089s][info][gc,heap     ] GC(415) Eden regions: 23->0(145)
[232.089s][info][gc,heap     ] GC(415) Survivor regions: 15->6(20)
[232.089s][info][gc,heap     ] GC(415) Old regions: 51->65
[232.089s][info][gc,heap     ] GC(415) Humongous regions: 3->1
[232.089s][info][gc,metaspace] GC(415) Metaspace: 42161K(42624K)->42161K(42624K) NonClass: 37820K(38080K)->37820K(38080K) Class: 4341K(4544K)->4341K(4544K)
[232.089s][info][gc          ] GC(415) Pause Young (Concurrent Start) (G1 Humongous Allocation) 91M->71M(256M) 22.232ms
[232.089s][info][gc,cpu      ] GC(415) User=0.05s Sys=0.00s Real=0.03s
[232.090s][info][gc          ] GC(416) Concurrent Mark Cycle
[232.090s][info][gc,marking  ] GC(416) Concurrent Scan Root Regions
[232.108s][info][gc,marking  ] GC(416) Concurrent Scan Root Regions 18.943ms
[232.109s][info][gc,marking  ] GC(416) Concurrent Mark
[232.109s][info][gc,marking  ] GC(416) Concurrent Mark From Roots
[232.109s][info][gc,task     ] GC(416) Using 1 workers of 1 for marking
[232.177s][info][gc,marking  ] GC(416) Concurrent Mark From Roots 68.814ms
[232.177s][info][gc,marking  ] GC(416) Concurrent Preclean
[232.177s][info][gc,marking  ] GC(416) Concurrent Preclean 0.034ms
[232.178s][info][gc,start    ] GC(416) Pause Remark
[232.194s][info][gc          ] GC(416) Pause Remark 95M->95M(256M) 16.079ms
[232.194s][info][gc,cpu      ] GC(416) User=0.03s Sys=0.00s Real=0.02s
[232.196s][info][gc,marking  ] GC(416) Concurrent Mark 87.545ms
[232.196s][info][gc,marking  ] GC(416) Concurrent Rebuild Remembered Sets and Scrub Regions
[232.234s][info][gc,marking  ] GC(416) Concurrent Rebuild Remembered Sets and Scrub Regions 38.160ms
[232.234s][info][gc,start    ] GC(416) Pause Cleanup
[232.234s][info][gc          ] GC(416) Pause Cleanup 104M->104M(256M) 0.044ms
[232.234s][info][gc,cpu      ] GC(416) User=0.00s Sys=0.00s Real=0.00s
[232.234s][info][gc,marking  ] GC(416) Concurrent Clear Claimed Marks
[232.235s][info][gc,marking  ] GC(416) Concurrent Clear Claimed Marks 0.038ms
[232.235s][info][gc,marking  ] GC(416) Concurrent Cleanup for Next Mark
[232.235s][info][gc,marking  ] GC(416) Concurrent Cleanup for Next Mark 0.750ms
[232.235s][info][gc          ] GC(416) Concurrent Mark Cycle 145.770ms
[232.722s][info][gc,start    ] GC(417) Pause Young (Prepare Mixed) (G1 Evacuation Pause)
[232.722s][info][gc,task     ] GC(417) Using 2 workers of 2 for evacuation
[232.732s][info][gc,phases   ] GC(417)   Pre Evacuate Collection Set: 0.17ms
[232.732s][info][gc,phases   ] GC(417)   Merge Heap Roots: 0.10ms
[232.732s][info][gc,phases   ] GC(417)   Evacuate Collection Set: 8.89ms
[232.732s][info][gc,phases   ] GC(417)   Post Evacuate Collection Set: 0.45ms
[232.732s][info][gc,phases   ] GC(417)   Other: 0.07ms
[232.732s][info][gc,heap     ] GC(417) Eden regions: 145->0(145)
[232.732s][info][gc,heap     ] GC(417) Survivor regions: 6->8(19)
[232.732s][info][gc,heap     ] GC(417) Old regions: 65->65
[232.732s][info][gc,heap     ] GC(417) Humongous regions: 7->3
[232.732s][info][gc,metaspace] GC(417) Metaspace: 42161K(42624K)->42161K(42624K) NonClass: 37820K(38080K)->37820K(38080K) Class: 4341K(4544K)->4341K(4544K)
[232.732s][info][gc          ] GC(417) Pause Young (Prepare Mixed) (G1 Evacuation Pause) 222M->76M(256M) 9.847ms
[232.732s][info][gc,cpu      ] GC(417) User=0.02s Sys=0.00s Real=0.01s
[233.291s][info][gc,start    ] GC(418) Pause Young (Mixed) (G1 Evacuation Pause)
[233.291s][info][gc,task     ] GC(418) Using 2 workers of 2 for evacuation
[233.301s][info][gc,phases   ] GC(418)   Pre Evacuate Collection Set: 0.15ms
[233.301s][info][gc,phases   ] GC(418)   Merge Heap Roots: 0.10ms
[233.301s][info][gc,phases   ] GC(418)   Evacuate Collection Set: 9.42ms
[233.301s][info][gc,phases   ] GC(418)   Post Evacuate Collection Set: 0.42ms
[233.301s][info][gc,phases   ] GC(418)   Other: 0.07ms
[233.301s][info][gc,heap     ] GC(418) Eden regions: 145->0(146)
[233.301s][info][gc,heap     ] GC(418) Survivor regions: 8->7(20)
[233.302s][info][gc,heap     ] GC(418) Old regions: 65->64
[233.302s][info][gc,heap     ] GC(418) Humongous regions: 11->1
[233.302s][info][gc,metaspace] GC(418) Metaspace: 42162K(42624K)->42162K(42624K) NonClass: 37820K(38080K)->37820K(38080K) Class: 4341K(4544K)->4341K(4544K)
[233.302s][info][gc          ] GC(418) Pause Young (Mixed) (G1 Evacuation Pause) 229M->71M(256M) 10.332ms
[233.302s][info][gc,cpu      ] GC(418) User=0.01s Sys=0.01s Real=0.01s
[233.305s][info][gc,start    ] GC(419) Pause Young (Concurrent Start) (G1 Humongous Allocation)
[233.305s][info][gc,task     ] GC(419) Using 2 workers of 2 for evacuation
[233.313s][info][gc,phases   ] GC(419)   Pre Evacuate Collection Set: 0.15ms
[233.313s][info][gc,phases   ] GC(419)   Merge Heap Roots: 0.05ms
[233.313s][info][gc,phases   ] GC(419)   Evacuate Collection Set: 7.37ms
[233.313s][info][gc,phases   ] GC(419)   Post Evacuate Collection Set: 0.25ms
[233.313s][info][gc,phases   ] GC(419)   Other: 0.07ms
[233.313s][info][gc,heap     ] GC(419) Eden regions: 2->0(123)
[233.313s][info][gc,heap     ] GC(419) Survivor regions: 7->8(20)
[233.313s][info][gc,heap     ] GC(419) Old regions: 64->64
[233.313s][info][gc,heap     ] GC(419) Humongous regions: 1->1
[233.313s][info][gc,metaspace] GC(419) Metaspace: 42162K(42624K)->42162K(42624K) NonClass: 37820K(38080K)->37820K(38080K) Class: 4341K(4544K)->4341K(4544K)
[233.313s][info][gc          ] GC(419) Pause Young (Concurrent Start) (G1 Humongous Allocation) 73M->71M(256M) 8.055ms
[233.313s][info][gc,cpu      ] GC(419) User=0.01s Sys=0.00s Real=0.01s
[233.313s][info][gc          ] GC(420) Concurrent Mark Cycle
[233.313s][info][gc,marking  ] GC(420) Concurrent Scan Root Regions
[233.321s][info][gc,marking  ] GC(420) Concurrent Scan Root Regions 8.262ms
[233.321s][info][gc,marking  ] GC(420) Concurrent Mark
[233.321s][info][gc,marking  ] GC(420) Concurrent Mark From Roots
[233.321s][info][gc,task     ] GC(420) Using 1 workers of 1 for marking
[233.412s][info][gc,marking  ] GC(420) Concurrent Mark From Roots 91.228ms
[233.412s][info][gc,marking  ] GC(420) Concurrent Preclean
[233.412s][info][gc,marking  ] GC(420) Concurrent Preclean 0.033ms
[233.412s][info][gc,start    ] GC(420) Pause Remark
[233.428s][info][gc          ] GC(420) Pause Remark 100M->100M(256M) 15.766ms
[233.428s][info][gc,cpu      ] GC(420) User=0.03s Sys=0.00s Real=0.01s
[233.428s][info][gc,marking  ] GC(420) Concurrent Mark 107.297ms
[233.428s][info][gc,marking  ] GC(420) Concurrent Rebuild Remembered Sets and Scrub Regions
[233.459s][info][gc,marking  ] GC(420) Concurrent Rebuild Remembered Sets and Scrub Regions 31.080ms
[233.460s][info][gc,start    ] GC(420) Pause Cleanup
[233.460s][info][gc          ] GC(420) Pause Cleanup 107M->107M(256M) 0.042ms
[233.460s][info][gc,cpu      ] GC(420) User=0.00s Sys=0.00s Real=0.00s
[233.460s][info][gc,marking  ] GC(420) Concurrent Clear Claimed Marks
[233.460s][info][gc,marking  ] GC(420) Concurrent Clear Claimed Marks 0.037ms
[233.460s][info][gc,marking  ] GC(420) Concurrent Cleanup for Next Mark
[233.460s][info][gc,marking  ] GC(420) Concurrent Cleanup for Next Mark 0.733ms
[233.460s][info][gc          ] GC(420) Concurrent Mark Cycle 147.772ms
[233.891s][info][gc,start    ] GC(421) Pause Young (Prepare Mixed) (G1 Evacuation Pause)
[233.891s][info][gc,task     ] GC(421) Using 2 workers of 2 for evacuation
[233.902s][info][gc,phases   ] GC(421)   Pre Evacuate Collection Set: 0.23ms
[233.902s][info][gc,phases   ] GC(421)   Merge Heap Roots: 0.10ms
[233.902s][info][gc,phases   ] GC(421)   Evacuate Collection Set: 9.27ms
[233.902s][info][gc,phases   ] GC(421)   Post Evacuate Collection Set: 0.37ms
[233.902s][info][gc,phases   ] GC(421)   Other: 0.07ms
[233.902s][info][gc,heap     ] GC(421) Eden regions: 123->0(128)
[233.902s][info][gc,heap     ] GC(421) Survivor regions: 8->10(17)
[233.902s][info][gc,heap     ] GC(421) Old regions: 64->64
[233.902s][info][gc,heap     ] GC(421) Humongous regions: 5->3
[233.902s][info][gc,metaspace] GC(421) Metaspace: 42162K(42624K)->42162K(42624K) NonClass: 37820K(38080K)->37820K(38080K) Class: 4341K(4544K)->4341K(4544K)
[233.902s][info][gc          ] GC(421) Pause Young (Prepare Mixed) (G1 Evacuation Pause) 198M->75M(256M) 10.222ms
[233.902s][info][gc,cpu      ] GC(421) User=0.02s Sys=0.00s Real=0.01s
[234.377s][info][gc,start    ] GC(422) Pause Young (Mixed) (G1 Evacuation Pause)
[234.377s][info][gc,task     ] GC(422) Using 2 workers of 2 for evacuation
[234.392s][info][gc,phases   ] GC(422)   Pre Evacuate Collection Set: 0.14ms
[234.392s][info][gc,phases   ] GC(422)   Merge Heap Roots: 0.10ms
[234.392s][info][gc,phases   ] GC(422)   Evacuate Collection Set: 13.74ms
[234.392s][info][gc,phases   ] GC(422)   Post Evacuate Collection Set: 0.43ms
[234.392s][info][gc,phases   ] GC(422)   Other: 0.10ms
[234.392s][info][gc,heap     ] GC(422) Eden regions: 128->0(133)
[234.392s][info][gc,heap     ] GC(422) Survivor regions: 10->13(18)
[234.392s][info][gc,heap     ] GC(422) Old regions: 64->61
[234.392s][info][gc,heap     ] GC(422) Humongous regions: 9->3
[234.392s][info][gc,metaspace] GC(422) Metaspace: 42162K(42624K)->42162K(42624K) NonClass: 37821K(38080K)->37821K(38080K) Class: 4341K(4544K)->4341K(4544K)
[234.392s][info][gc          ] GC(422) Pause Young (Mixed) (G1 Evacuation Pause) 209M->75M(256M) 14.689ms
[234.392s][info][gc,cpu      ] GC(422) User=0.02s Sys=0.00s Real=0.02s
[234.508s][info][gc,start    ] GC(423) Pause Young (Concurrent Start) (G1 Humongous Allocation)
[234.508s][info][gc,task     ] GC(423) Using 2 workers of 2 for evacuation
[234.527s][info][gc,phases   ] GC(423)   Pre Evacuate Collection Set: 0.19ms
[234.527s][info][gc,phases   ] GC(423)   Merge Heap Roots: 0.07ms
[234.527s][info][gc,phases   ] GC(423)   Evacuate Collection Set: 18.36ms
[234.527s][info][gc,phases   ] GC(423)   Post Evacuate Collection Set: 0.31ms
[234.527s][info][gc,phases   ] GC(423)   Other: 0.10ms
[234.527s][info][gc,heap     ] GC(423) Eden regions: 29->0(145)
[234.527s][info][gc,heap     ] GC(423) Survivor regions: 13->4(19)
[234.527s][info][gc,heap     ] GC(423) Old regions: 61->65
[234.527s][info][gc,heap     ] GC(423) Humongous regions: 3->1
[234.527s][info][gc,metaspace] GC(423) Metaspace: 42162K(42624K)->42162K(42624K) NonClass: 37821K(38080K)->37821K(38080K) Class: 4341K(4544K)->4341K(4544K)
[234.527s][info][gc          ] GC(423) Pause Young (Concurrent Start) (G1 Humongous Allocation) 104M->69M(256M) 19.196ms
[234.527s][info][gc,cpu      ] GC(423) User=0.02s Sys=0.00s Real=0.02s
[234.527s][info][gc          ] GC(424) Concurrent Mark Cycle
[234.527s][info][gc,marking  ] GC(424) Concurrent Scan Root Regions
[234.537s][info][gc,marking  ] GC(424) Concurrent Scan Root Regions 9.212ms
[234.537s][info][gc,marking  ] GC(424) Concurrent Mark
[234.537s][info][gc,marking  ] GC(424) Concurrent Mark From Roots
[234.537s][info][gc,task     ] GC(424) Using 1 workers of 1 for marking
[234.633s][info][gc,marking  ] GC(424) Concurrent Mark From Roots 96.217ms
[234.633s][info][gc,marking  ] GC(424) Concurrent Preclean
[234.633s][info][gc,marking  ] GC(424) Concurrent Preclean 0.034ms
[234.633s][info][gc,start    ] GC(424) Pause Remark
[234.656s][info][gc          ] GC(424) Pause Remark 89M->89M(256M) 23.078ms
[234.656s][info][gc,cpu      ] GC(424) User=0.05s Sys=0.00s Real=0.02s
[234.656s][info][gc,marking  ] GC(424) Concurrent Mark 119.621ms
[234.656s][info][gc,marking  ] GC(424) Concurrent Rebuild Remembered Sets and Scrub Regions
[234.706s][info][gc,marking  ] GC(424) Concurrent Rebuild Remembered Sets and Scrub Regions 49.719ms
[234.706s][info][gc,start    ] GC(424) Pause Cleanup
[234.706s][info][gc          ] GC(424) Pause Cleanup 96M->96M(256M) 0.046ms
[234.706s][info][gc,cpu      ] GC(424) User=0.00s Sys=0.00s Real=0.00s
[234.708s][info][gc,marking  ] GC(424) Concurrent Clear Claimed Marks
[234.708s][info][gc,marking  ] GC(424) Concurrent Clear Claimed Marks 0.056ms
[234.708s][info][gc,marking  ] GC(424) Concurrent Cleanup for Next Mark
[234.709s][info][gc,marking  ] GC(424) Concurrent Cleanup for Next Mark 0.748ms
[234.709s][info][gc          ] GC(424) Concurrent Mark Cycle 181.468ms
[235.213s][info][gc,start    ] GC(425) Pause Young (Prepare Mixed) (G1 Evacuation Pause)
[235.213s][info][gc,task     ] GC(425) Using 2 workers of 2 for evacuation
[235.227s][info][gc,phases   ] GC(425)   Pre Evacuate Collection Set: 0.14ms
[235.227s][info][gc,phases   ] GC(425)   Merge Heap Roots: 0.07ms
[235.227s][info][gc,phases   ] GC(425)   Evacuate Collection Set: 12.36ms
[235.227s][info][gc,phases   ] GC(425)   Post Evacuate Collection Set: 0.43ms
[235.227s][info][gc,phases   ] GC(425)   Other: 0.08ms
[235.227s][info][gc,heap     ] GC(425) Eden regions: 145->0(139)
[235.227s][info][gc,heap     ] GC(425) Survivor regions: 4->12(19)
[235.227s][info][gc,heap     ] GC(425) Old regions: 65->65
[235.227s][info][gc,heap     ] GC(425) Humongous regions: 5->3
[235.227s][info][gc,metaspace] GC(425) Metaspace: 42162K(42624K)->42162K(42624K) NonClass: 37821K(38080K)->37821K(38080K) Class: 4341K(4544K)->4341K(4544K)
[235.227s][info][gc          ] GC(425) Pause Young (Prepare Mixed) (G1 Evacuation Pause) 218M->79M(256M) 13.259ms
[235.227s][info][gc,cpu      ] GC(425) User=0.02s Sys=0.00s Real=0.01s
[235.816s][info][gc,start    ] GC(426) Pause Young (Mixed) (G1 Evacuation Pause)
[235.816s][info][gc,task     ] GC(426) Using 2 workers of 2 for evacuation
[235.832s][info][gc,phases   ] GC(426)   Pre Evacuate Collection Set: 0.15ms
[235.832s][info][gc,phases   ] GC(426)   Merge Heap Roots: 0.09ms
[235.832s][info][gc,phases   ] GC(426)   Evacuate Collection Set: 15.52ms
[235.832s][info][gc,phases   ] GC(426)   Post Evacuate Collection Set: 0.46ms
[235.832s][info][gc,phases   ] GC(426)   Other: 0.08ms
[235.832s][info][gc,heap     ] GC(426) Eden regions: 139->0(133)
[235.832s][info][gc,heap     ] GC(426) Survivor regions: 12->16(19)
[235.832s][info][gc,heap     ] GC(426) Old regions: 65->65
[235.832s][info][gc,heap     ] GC(426) Humongous regions: 9->3
[235.832s][info][gc,metaspace] GC(426) Metaspace: 42162K(42624K)->42162K(42624K) NonClass: 37821K(38080K)->37821K(38080K) Class: 4341K(4544K)->4341K(4544K)
[235.832s][info][gc          ] GC(426) Pause Young (Mixed) (G1 Evacuation Pause) 224M->83M(256M) 16.513ms
[235.832s][info][gc,cpu      ] GC(426) User=0.03s Sys=0.00s Real=0.02s
[236.239s][info][gc,start    ] GC(427) Pause Young (Concurrent Start) (G1 Evacuation Pause)
[236.239s][info][gc,task     ] GC(427) Using 2 workers of 2 for evacuation
[236.277s][info][gc,phases   ] GC(427)   Pre Evacuate Collection Set: 0.31ms
[236.277s][info][gc,phases   ] GC(427)   Merge Heap Roots: 0.07ms
[236.277s][info][gc,phases   ] GC(427)   Evacuate Collection Set: 37.13ms
[236.277s][info][gc,phases   ] GC(427)   Post Evacuate Collection Set: 0.61ms
[236.277s][info][gc,phases   ] GC(427)   Other: 0.09ms
[236.277s][info][gc,heap     ] GC(427) Eden regions: 133->0(108)
[236.277s][info][gc,heap     ] GC(427) Survivor regions: 16->19(19)
[236.277s][info][gc,heap     ] GC(427) Old regions: 65->85
[236.277s][info][gc,heap     ] GC(427) Humongous regions: 3->3
[236.277s][info][gc,metaspace] GC(427) Metaspace: 42162K(42624K)->42162K(42624K) NonClass: 37821K(38080K)->37821K(38080K) Class: 4341K(4544K)->4341K(4544K)
[236.277s][info][gc          ] GC(427) Pause Young (Concurrent Start) (G1 Evacuation Pause) 216M->106M(256M) 38.420ms
[236.277s][info][gc,cpu      ] GC(427) User=0.08s Sys=0.00s Real=0.04s
[236.277s][info][gc          ] GC(428) Concurrent Mark Cycle
[236.277s][info][gc,marking  ] GC(428) Concurrent Scan Root Regions
[236.312s][info][gc,marking  ] GC(428) Concurrent Scan Root Regions 34.712ms
[236.312s][info][gc,marking  ] GC(428) Concurrent Mark
[236.312s][info][gc,marking  ] GC(428) Concurrent Mark From Roots
[236.312s][info][gc,task     ] GC(428) Using 1 workers of 1 for marking
[236.384s][info][gc,marking  ] GC(428) Concurrent Mark From Roots 72.264ms
[236.384s][info][gc,marking  ] GC(428) Concurrent Preclean
[236.384s][info][gc,marking  ] GC(428) Concurrent Preclean 0.033ms
[236.384s][info][gc,start    ] GC(428) Pause Remark
[236.400s][info][gc          ] GC(428) Pause Remark 125M->121M(256M) 15.984ms
[236.400s][info][gc,cpu      ] GC(428) User=0.04s Sys=0.00s Real=0.02s
[236.401s][info][gc,marking  ] GC(428) Concurrent Mark 88.555ms
[236.401s][info][gc,marking  ] GC(428) Concurrent Rebuild Remembered Sets and Scrub Regions
[236.461s][info][gc,marking  ] GC(428) Concurrent Rebuild Remembered Sets and Scrub Regions 60.538ms
[236.461s][info][gc,start    ] GC(428) Pause Cleanup
[236.461s][info][gc          ] GC(428) Pause Cleanup 132M->132M(256M) 0.054ms
[236.461s][info][gc,cpu      ] GC(428) User=0.00s Sys=0.00s Real=0.00s
[236.463s][info][gc,marking  ] GC(428) Concurrent Clear Claimed Marks
[236.463s][info][gc,marking  ] GC(428) Concurrent Clear Claimed Marks 0.053ms
[236.463s][info][gc,marking  ] GC(428) Concurrent Cleanup for Next Mark
[236.464s][info][gc,marking  ] GC(428) Concurrent Cleanup for Next Mark 1.357ms
[236.464s][info][gc          ] GC(428) Concurrent Mark Cycle 187.049ms
[236.873s][info][gc,start    ] GC(429) Pause Young (Prepare Mixed) (G1 Evacuation Pause)
[236.873s][info][gc,task     ] GC(429) Using 2 workers of 2 for evacuation
[236.957s][info][gc,phases   ] GC(429)   Pre Evacuate Collection Set: 0.20ms
[236.957s][info][gc,phases   ] GC(429)   Merge Heap Roots: 0.38ms
[236.957s][info][gc,phases   ] GC(429)   Evacuate Collection Set: 83.16ms
[236.957s][info][gc,phases   ] GC(429)   Post Evacuate Collection Set: 0.71ms
[236.957s][info][gc,phases   ] GC(429)   Other: 0.11ms
[236.957s][info][gc,heap     ] GC(429) Eden regions: 108->0(103)
[236.957s][info][gc,heap     ] GC(429) Survivor regions: 19->16(16)
[236.957s][info][gc,heap     ] GC(429) Old regions: 81->113
[236.957s][info][gc,heap     ] GC(429) Humongous regions: 3->3
[236.957s][info][gc,metaspace] GC(429) Metaspace: 42162K(42624K)->42162K(42624K) NonClass: 37821K(38080K)->37821K(38080K) Class: 4341K(4544K)->4341K(4544K)
[236.957s][info][gc          ] GC(429) Pause Young (Prepare Mixed) (G1 Evacuation Pause) 210M->132M(288M) 84.750ms
[236.957s][info][gc,cpu      ] GC(429) User=0.12s Sys=0.01s Real=0.08s
[237.528s][info][gc,start    ] GC(430) Pause Young (Mixed) (G1 Evacuation Pause)
[237.528s][info][gc,task     ] GC(430) Using 2 workers of 2 for evacuation
[237.586s][info][gc,phases   ] GC(430)   Pre Evacuate Collection Set: 0.15ms
[237.586s][info][gc,phases   ] GC(430)   Merge Heap Roots: 0.32ms
[237.586s][info][gc,phases   ] GC(430)   Evacuate Collection Set: 57.33ms
[237.586s][info][gc,phases   ] GC(430)   Post Evacuate Collection Set: 0.44ms
[237.586s][info][gc,phases   ] GC(430)   Other: 0.11ms
[237.586s][info][gc,heap     ] GC(430) Eden regions: 103->0(85)
[237.586s][info][gc,heap     ] GC(430) Survivor regions: 16->15(15)
[237.586s][info][gc,heap     ] GC(430) Old regions: 113->131
[237.586s][info][gc,heap     ] GC(430) Humongous regions: 3->3
[237.586s][info][gc,metaspace] GC(430) Metaspace: 42162K(42624K)->42162K(42624K) NonClass: 37821K(38080K)->37821K(38080K) Class: 4341K(4544K)->4341K(4544K)
[237.586s][info][gc          ] GC(430) Pause Young (Mixed) (G1 Evacuation Pause) 235M->149M(288M) 58.542ms
[237.586s][info][gc,cpu      ] GC(430) User=0.11s Sys=0.00s Real=0.06s
[237.935s][info][gc,start    ] GC(431) Pause Young (Concurrent Start) (G1 Humongous Allocation)
[237.935s][info][gc,task     ] GC(431) Using 2 workers of 2 for evacuation
[237.978s][info][gc,phases   ] GC(431)   Pre Evacuate Collection Set: 0.18ms
[237.978s][info][gc,phases   ] GC(431)   Merge Heap Roots: 0.23ms
[237.978s][info][gc,phases   ] GC(431)   Evacuate Collection Set: 41.25ms
[237.978s][info][gc,phases   ] GC(431)   Post Evacuate Collection Set: 0.36ms
[237.978s][info][gc,phases   ] GC(431)   Other: 0.08ms
[237.978s][info][gc,heap     ] GC(431) Eden regions: 62->0(73)
[237.978s][info][gc,heap     ] GC(431) Survivor regions: 15->13(13)
[237.978s][info][gc,heap     ] GC(431) Old regions: 131->151
[237.978s][info][gc,heap     ] GC(431) Humongous regions: 3->1
[237.978s][info][gc,metaspace] GC(431) Metaspace: 42162K(42624K)->42162K(42624K) NonClass: 37821K(38080K)->37821K(38080K) Class: 4341K(4544K)->4341K(4544K)
[237.978s][info][gc          ] GC(431) Pause Young (Concurrent Start) (G1 Humongous Allocation) 211M->165M(288M) 42.273ms
[237.978s][info][gc,cpu      ] GC(431) User=0.08s Sys=0.00s Real=0.04s
[237.978s][info][gc          ] GC(432) Concurrent Mark Cycle
[237.980s][info][gc,marking  ] GC(432) Concurrent Scan Root Regions
[238.025s][info][gc,marking  ] GC(432) Concurrent Scan Root Regions 44.546ms
[238.025s][info][gc,marking  ] GC(432) Concurrent Mark
[238.025s][info][gc,marking  ] GC(432) Concurrent Mark From Roots
[238.025s][info][gc,task     ] GC(432) Using 1 workers of 1 for marking
[238.153s][info][gc,marking  ] GC(432) Concurrent Mark From Roots 128.023ms
[238.153s][info][gc,marking  ] GC(432) Concurrent Preclean
[238.153s][info][gc,marking  ] GC(432) Concurrent Preclean 0.033ms
[238.153s][info][gc,start    ] GC(432) Pause Remark
[238.169s][info][gc          ] GC(432) Pause Remark 209M->209M(288M) 16.023ms
[238.169s][info][gc,cpu      ] GC(432) User=0.03s Sys=0.00s Real=0.02s
[238.170s][info][gc,marking  ] GC(432) Concurrent Mark 145.347ms
[238.170s][info][gc,marking  ] GC(432) Concurrent Rebuild Remembered Sets and Scrub Regions
[238.249s][info][gc,marking  ] GC(432) Concurrent Rebuild Remembered Sets and Scrub Regions 78.513ms
[238.249s][info][gc,start    ] GC(432) Pause Cleanup
[238.249s][info][gc          ] GC(432) Pause Cleanup 224M->224M(288M) 0.082ms
[238.249s][info][gc,cpu      ] GC(432) User=0.00s Sys=0.00s Real=0.00s
[238.249s][info][gc,marking  ] GC(432) Concurrent Clear Claimed Marks
[238.249s][info][gc,marking  ] GC(432) Concurrent Clear Claimed Marks 0.039ms
[238.249s][info][gc,marking  ] GC(432) Concurrent Cleanup for Next Mark
[238.250s][info][gc,marking  ] GC(432) Concurrent Cleanup for Next Mark 1.242ms
[238.250s][info][gc          ] GC(432) Concurrent Mark Cycle 272.494ms
[238.322s][info][gc,start    ] GC(433) Pause Young (Prepare Mixed) (G1 Evacuation Pause)
[238.322s][info][gc,task     ] GC(433) Using 2 workers of 2 for evacuation
[238.348s][info][gc,phases   ] GC(433)   Pre Evacuate Collection Set: 0.17ms
[238.348s][info][gc,phases   ] GC(433)   Merge Heap Roots: 0.18ms
[238.348s][info][gc,phases   ] GC(433)   Evacuate Collection Set: 25.41ms
[238.348s][info][gc,phases   ] GC(433)   Post Evacuate Collection Set: 0.41ms
[238.348s][info][gc,phases   ] GC(433)   Other: 0.07ms
[238.348s][info][gc,heap     ] GC(433) Eden regions: 73->0(67)
[238.348s][info][gc,heap     ] GC(433) Survivor regions: 13->11(11)
[238.348s][info][gc,heap     ] GC(433) Old regions: 151->165
[238.348s][info][gc,heap     ] GC(433) Humongous regions: 3->3
[238.348s][info][gc,metaspace] GC(433) Metaspace: 42162K(42624K)->42162K(42624K) NonClass: 37821K(38080K)->37821K(38080K) Class: 4341K(4544K)->4341K(4544K)
[238.348s][info][gc          ] GC(433) Pause Young (Prepare Mixed) (G1 Evacuation Pause) 240M->178M(288M) 26.425ms
[238.348s][info][gc,cpu      ] GC(433) User=0.06s Sys=0.00s Real=0.02s
[238.649s][info][gc,start    ] GC(434) Pause Young (Mixed) (G1 Evacuation Pause)
[238.649s][info][gc,task     ] GC(434) Using 2 workers of 2 for evacuation
[238.672s][info][gc,phases   ] GC(434)   Pre Evacuate Collection Set: 0.22ms
[238.672s][info][gc,phases   ] GC(434)   Merge Heap Roots: 0.20ms
[238.672s][info][gc,phases   ] GC(434)   Evacuate Collection Set: 21.67ms
[238.672s][info][gc,phases   ] GC(434)   Post Evacuate Collection Set: 0.47ms
[238.672s][info][gc,phases   ] GC(434)   Other: 0.07ms
[238.672s][info][gc,heap     ] GC(434) Eden regions: 67->0(82)
[238.672s][info][gc,heap     ] GC(434) Survivor regions: 11->9(10)
[238.672s][info][gc,heap     ] GC(434) Old regions: 165->146
[238.672s][info][gc,heap     ] GC(434) Humongous regions: 7->3
[238.672s][info][gc,metaspace] GC(434) Metaspace: 42164K(42624K)->42164K(42624K) NonClass: 37823K(38080K)->37823K(38080K) Class: 4341K(4544K)->4341K(4544K)
[238.672s][info][gc          ] GC(434) Pause Young (Mixed) (G1 Evacuation Pause) 249M->157M(288M) 22.821ms
[238.672s][info][gc,cpu      ] GC(434) User=0.05s Sys=0.00s Real=0.02s
[239.105s][info][gc,start    ] GC(435) Pause Young (Mixed) (G1 Evacuation Pause)
[239.105s][info][gc,task     ] GC(435) Using 2 workers of 2 for evacuation
[239.133s][info][gc,phases   ] GC(435)   Pre Evacuate Collection Set: 0.17ms
[239.133s][info][gc,phases   ] GC(435)   Merge Heap Roots: 0.44ms
[239.133s][info][gc,phases   ] GC(435)   Evacuate Collection Set: 25.77ms
[239.133s][info][gc,phases   ] GC(435)   Post Evacuate Collection Set: 1.43ms
[239.133s][info][gc,phases   ] GC(435)   Other: 0.07ms
[239.133s][info][gc,heap     ] GC(435) Eden regions: 82->0(173)
[239.133s][info][gc,heap     ] GC(435) Survivor regions: 9->3(12)
[239.133s][info][gc,heap     ] GC(435) Old regions: 146->131
[239.133s][info][gc,heap     ] GC(435) Humongous regions: 9->3
[239.133s][info][gc,metaspace] GC(435) Metaspace: 42164K(42624K)->42164K(42624K) NonClass: 37823K(38080K)->37823K(38080K) Class: 4341K(4544K)->4341K(4544K)
[239.133s][info][gc          ] GC(435) Pause Young (Mixed) (G1 Evacuation Pause) 245M->136M(426M) 28.081ms
[239.133s][info][gc,cpu      ] GC(435) User=0.06s Sys=0.00s Real=0.03s
[239.810s][info][gc,start    ] GC(436) Pause Young (Normal) (G1 Evacuation Pause)
[239.810s][info][gc,task     ] GC(436) Using 2 workers of 2 for evacuation
[239.838s][info][gc,phases   ] GC(436)   Pre Evacuate Collection Set: 0.20ms
[239.838s][info][gc,phases   ] GC(436)   Merge Heap Roots: 0.10ms
[239.838s][info][gc,phases   ] GC(436)   Evacuate Collection Set: 26.51ms
[239.838s][info][gc,phases   ] GC(436)   Post Evacuate Collection Set: 0.66ms
[239.838s][info][gc,phases   ] GC(436)   Other: 0.08ms
[239.838s][info][gc,heap     ] GC(436) Eden regions: 173->0(147)
[239.838s][info][gc,heap     ] GC(436) Survivor regions: 3->22(22)
[239.838s][info][gc,heap     ] GC(436) Old regions: 131->149
[239.838s][info][gc,heap     ] GC(436) Humongous regions: 6->4
[239.838s][info][gc,metaspace] GC(436) Metaspace: 42176K(42624K)->42176K(42624K) NonClass: 37835K(38080K)->37835K(38080K) Class: 4341K(4544K)->4341K(4544K)
[239.838s][info][gc          ] GC(436) Pause Young (Normal) (G1 Evacuation Pause) 312M->174M(426M) 27.805ms
[239.838s][info][gc,cpu      ] GC(436) User=0.05s Sys=0.00s Real=0.02s
[240.328s][info][gc,start    ] GC(437) Pause Young (Normal) (G1 Evacuation Pause)
[240.328s][info][gc,task     ] GC(437) Using 2 workers of 2 for evacuation
[240.348s][info][gc,phases   ] GC(437)   Pre Evacuate Collection Set: 0.19ms
[240.348s][info][gc,phases   ] GC(437)   Merge Heap Roots: 0.14ms
[240.348s][info][gc,phases   ] GC(437)   Evacuate Collection Set: 18.77ms
[240.348s][info][gc,phases   ] GC(437)   Post Evacuate Collection Set: 0.42ms
[240.348s][info][gc,phases   ] GC(437)   Other: 0.07ms
[240.348s][info][gc,heap     ] GC(437) Eden regions: 147->0(155)
[240.348s][info][gc,heap     ] GC(437) Survivor regions: 22->4(22)
[240.348s][info][gc,heap     ] GC(437) Old regions: 149->171
[240.348s][info][gc,heap     ] GC(437) Humongous regions: 5->4
[240.348s][info][gc,metaspace] GC(437) Metaspace: 42177K(42624K)->42177K(42624K) NonClass: 37836K(38080K)->37836K(38080K) Class: 4341K(4544K)->4341K(4544K)
[240.348s][info][gc          ] GC(437) Pause Young (Normal) (G1 Evacuation Pause) 322M->178M(426M) 19.809ms
[240.348s][info][gc,cpu      ] GC(437) User=0.04s Sys=0.00s Real=0.02s
[240.583s][info][gc,start    ] GC(438) Pause Young (Concurrent Start) (G1 Humongous Allocation)
[240.583s][info][gc,task     ] GC(438) Using 2 workers of 2 for evacuation
[240.605s][info][gc,phases   ] GC(438)   Pre Evacuate Collection Set: 0.23ms
[240.605s][info][gc,phases   ] GC(438)   Merge Heap Roots: 0.07ms
[240.605s][info][gc,phases   ] GC(438)   Evacuate Collection Set: 20.91ms
[240.605s][info][gc,phases   ] GC(438)   Post Evacuate Collection Set: 0.41ms
[240.605s][info][gc,phases   ] GC(438)   Other: 0.12ms
[240.605s][info][gc,heap     ] GC(438) Eden regions: 68->0(135)
[240.605s][info][gc,heap     ] GC(438) Survivor regions: 4->20(20)
[240.605s][info][gc,heap     ] GC(438) Old regions: 171->183
[240.605s][info][gc,heap     ] GC(438) Humongous regions: 4->4
[240.605s][info][gc,metaspace] GC(438) Metaspace: 42177K(42624K)->42177K(42624K) NonClass: 37836K(38080K)->37836K(38080K) Class: 4341K(4544K)->4341K(4544K)
[240.605s][info][gc          ] GC(438) Pause Young (Concurrent Start) (G1 Humongous Allocation) 246M->207M(426M) 21.945ms
[240.605s][info][gc,cpu      ] GC(438) User=0.04s Sys=0.00s Real=0.02s
[240.605s][info][gc          ] GC(439) Concurrent Mark Cycle
[240.605s][info][gc,marking  ] GC(439) Concurrent Scan Root Regions
[240.636s][info][gc,marking  ] GC(439) Concurrent Scan Root Regions 30.765ms
[240.636s][info][gc,marking  ] GC(439) Concurrent Mark
[240.636s][info][gc,marking  ] GC(439) Concurrent Mark From Roots
[240.636s][info][gc,task     ] GC(439) Using 1 workers of 1 for marking
[240.745s][info][gc,marking  ] GC(439) Concurrent Mark From Roots 108.653ms
[240.745s][info][gc,marking  ] GC(439) Concurrent Preclean
[240.745s][info][gc,marking  ] GC(439) Concurrent Preclean 0.045ms
[240.745s][info][gc,start    ] GC(439) Pause Remark
[240.761s][info][gc          ] GC(439) Pause Remark 235M->207M(426M) 15.972ms
[240.761s][info][gc,cpu      ] GC(439) User=0.03s Sys=0.00s Real=0.02s
[240.761s][info][gc,marking  ] GC(439) Concurrent Mark 124.996ms
[240.761s][info][gc,marking  ] GC(439) Concurrent Rebuild Remembered Sets and Scrub Regions
[240.815s][info][gc,marking  ] GC(439) Concurrent Rebuild Remembered Sets and Scrub Regions 53.417ms
[240.815s][info][gc,start    ] GC(439) Pause Cleanup
[240.815s][info][gc          ] GC(439) Pause Cleanup 222M->222M(426M) 0.077ms
[240.815s][info][gc,cpu      ] GC(439) User=0.00s Sys=0.00s Real=0.00s
[240.815s][info][gc,marking  ] GC(439) Concurrent Clear Claimed Marks
[240.815s][info][gc,marking  ] GC(439) Concurrent Clear Claimed Marks 0.040ms
[240.815s][info][gc,marking  ] GC(439) Concurrent Cleanup for Next Mark
[240.818s][info][gc,marking  ] GC(439) Concurrent Cleanup for Next Mark 2.704ms
[240.818s][info][gc          ] GC(439) Concurrent Mark Cycle 212.396ms
[241.131s][info][gc,start    ] GC(440) Pause Young (Prepare Mixed) (G1 Evacuation Pause)
[241.131s][info][gc,task     ] GC(440) Using 2 workers of 2 for evacuation
[241.174s][info][gc,phases   ] GC(440)   Pre Evacuate Collection Set: 0.20ms
[241.174s][info][gc,phases   ] GC(440)   Merge Heap Roots: 0.22ms
[241.174s][info][gc,phases   ] GC(440)   Evacuate Collection Set: 41.50ms
[241.174s][info][gc,phases   ] GC(440)   Post Evacuate Collection Set: 0.44ms
[241.174s][info][gc,phases   ] GC(440)   Other: 0.08ms
[241.174s][info][gc,heap     ] GC(440) Eden regions: 135->0(119)
[241.174s][info][gc,heap     ] GC(440) Survivor regions: 20->20(20)
[241.174s][info][gc,heap     ] GC(440) Old regions: 155->195
[241.174s][info][gc,heap     ] GC(440) Humongous regions: 6->5
[241.174s][info][gc,metaspace] GC(440) Metaspace: 42178K(42624K)->42178K(42624K) NonClass: 37837K(38080K)->37837K(38080K) Class: 4341K(4544K)->4341K(4544K)
[241.174s][info][gc          ] GC(440) Pause Young (Prepare Mixed) (G1 Evacuation Pause) 316M->220M(426M) 42.679ms
[241.174s][info][gc,cpu      ] GC(440) User=0.08s Sys=0.00s Real=0.04s
[241.599s][info][gc,start    ] GC(441) Pause Young (Mixed) (G1 Evacuation Pause)
[241.599s][info][gc,task     ] GC(441) Using 2 workers of 2 for evacuation
[241.656s][info][gc,phases   ] GC(441)   Pre Evacuate Collection Set: 0.24ms
[241.656s][info][gc,phases   ] GC(441)   Merge Heap Roots: 0.23ms
[241.656s][info][gc,phases   ] GC(441)   Evacuate Collection Set: 56.14ms
[241.656s][info][gc,phases   ] GC(441)   Post Evacuate Collection Set: 0.58ms
[241.656s][info][gc,phases   ] GC(441)   Other: 0.10ms
[241.656s][info][gc,heap     ] GC(441) Eden regions: 119->0(91)
[241.656s][info][gc,heap     ] GC(441) Survivor regions: 20->18(18)
[241.656s][info][gc,heap     ] GC(441) Old regions: 195->207
[241.656s][info][gc,heap     ] GC(441) Humongous regions: 5->5
[241.656s][info][gc,metaspace] GC(441) Metaspace: 42179K(42624K)->42179K(42624K) NonClass: 37838K(38080K)->37838K(38080K) Class: 4341K(4544K)->4341K(4544K)
[241.656s][info][gc          ] GC(441) Pause Young (Mixed) (G1 Evacuation Pause) 339M->230M(426M) 57.525ms
[241.656s][info][gc,cpu      ] GC(441) User=0.11s Sys=0.00s Real=0.06s
[242.013s][info][gc,start    ] GC(442) Pause Young (Mixed) (G1 Evacuation Pause)
[242.013s][info][gc,task     ] GC(442) Using 2 workers of 2 for evacuation
[242.070s][info][gc,phases   ] GC(442)   Pre Evacuate Collection Set: 0.23ms
[242.070s][info][gc,phases   ] GC(442)   Merge Heap Roots: 0.38ms
[242.070s][info][gc,phases   ] GC(442)   Evacuate Collection Set: 55.65ms
[242.070s][info][gc,phases   ] GC(442)   Post Evacuate Collection Set: 0.43ms
[242.070s][info][gc,phases   ] GC(442)   Other: 0.11ms
[242.070s][info][gc,heap     ] GC(442) Eden regions: 91->0(63)
[242.070s][info][gc,heap     ] GC(442) Survivor regions: 18->14(14)
[242.070s][info][gc,heap     ] GC(442) Old regions: 207->251
[242.070s][info][gc,heap     ] GC(442) Humongous regions: 6->6
[242.070s][info][gc,metaspace] GC(442) Metaspace: 42179K(42624K)->42179K(42624K) NonClass: 37838K(38080K)->37838K(38080K) Class: 4341K(4544K)->4341K(4544K)
[242.070s][info][gc          ] GC(442) Pause Young (Mixed) (G1 Evacuation Pause) 322M->270M(426M) 57.022ms
[242.070s][info][gc,cpu      ] GC(442) User=0.11s Sys=0.00s Real=0.06s
[242.316s][info][gc,start    ] GC(443) Pause Young (Concurrent Start) (G1 Evacuation Pause)
[242.317s][info][gc,task     ] GC(443) Using 2 workers of 2 for evacuation
[242.352s][info][gc,phases   ] GC(443)   Pre Evacuate Collection Set: 0.24ms
[242.352s][info][gc,phases   ] GC(443)   Merge Heap Roots: 0.23ms
[242.352s][info][gc,phases   ] GC(443)   Evacuate Collection Set: 34.11ms
[242.352s][info][gc,phases   ] GC(443)   Post Evacuate Collection Set: 0.39ms
[242.352s][info][gc,phases   ] GC(443)   Other: 0.10ms
[242.352s][info][gc,heap     ] GC(443) Eden regions: 63->0(52)
[242.352s][info][gc,heap     ] GC(443) Survivor regions: 14->10(10)
[242.352s][info][gc,heap     ] GC(443) Old regions: 251->285
[242.352s][info][gc,heap     ] GC(443) Humongous regions: 6->6
[242.352s][info][gc,metaspace] GC(443) Metaspace: 42180K(42624K)->42180K(42624K) NonClass: 37839K(38080K)->37839K(38080K) Class: 4341K(4544K)->4341K(4544K)
[242.352s][info][gc          ] GC(443) Pause Young (Concurrent Start) (G1 Evacuation Pause) 333M->300M(426M) 35.325ms
[242.352s][info][gc,cpu      ] GC(443) User=0.07s Sys=0.00s Real=0.04s
[242.352s][info][gc          ] GC(444) Concurrent Mark Cycle
[242.354s][info][gc,marking  ] GC(444) Concurrent Scan Root Regions
[242.391s][info][gc,marking  ] GC(444) Concurrent Scan Root Regions 36.359ms
[242.391s][info][gc,marking  ] GC(444) Concurrent Mark
[242.391s][info][gc,marking  ] GC(444) Concurrent Mark From Roots
[242.391s][info][gc,task     ] GC(444) Using 1 workers of 1 for marking
[242.522s][info][gc,marking  ] GC(444) Concurrent Mark From Roots 131.235ms
[242.522s][info][gc,marking  ] GC(444) Concurrent Preclean
[242.522s][info][gc,marking  ] GC(444) Concurrent Preclean 0.044ms
[242.522s][info][gc,start    ] GC(444) Pause Remark
[242.538s][info][gc          ] GC(444) Pause Remark 338M->289M(426M) 16.211ms
[242.538s][info][gc,cpu      ] GC(444) User=0.04s Sys=0.00s Real=0.01s
[242.538s][info][gc,marking  ] GC(444) Concurrent Mark 147.859ms
[242.538s][info][gc,marking  ] GC(444) Concurrent Rebuild Remembered Sets and Scrub Regions
[242.591s][info][gc,start    ] GC(445) Pause Young (Normal) (G1 Evacuation Pause)
[242.591s][info][gc,task     ] GC(445) Using 2 workers of 2 for evacuation
[242.622s][info][gc,phases   ] GC(445)   Pre Evacuate Collection Set: 0.19ms
[242.622s][info][gc,phases   ] GC(445)   Merge Heap Roots: 0.21ms
[242.622s][info][gc,phases   ] GC(445)   Evacuate Collection Set: 28.90ms
[242.622s][info][gc,phases   ] GC(445)   Post Evacuate Collection Set: 0.92ms
[242.622s][info][gc,phases   ] GC(445)   Other: 0.07ms
[242.622s][info][gc,heap     ] GC(445) Eden regions: 52->0(99)
[242.622s][info][gc,heap     ] GC(445) Survivor regions: 10->8(8)
[242.622s][info][gc,heap     ] GC(445) Old regions: 238->266
[242.622s][info][gc,heap     ] GC(445) Humongous regions: 4->4
[242.622s][info][gc,metaspace] GC(445) Metaspace: 42180K(42624K)->42180K(42624K) NonClass: 37839K(38080K)->37839K(38080K) Class: 4341K(4544K)->4341K(4544K)
[242.622s][info][gc          ] GC(445) Pause Young (Normal) (G1 Evacuation Pause) 303M->277M(496M) 30.523ms
[242.622s][info][gc,cpu      ] GC(445) User=0.06s Sys=0.00s Real=0.03s
[242.643s][info][gc,marking  ] GC(444) Concurrent Rebuild Remembered Sets and Scrub Regions 104.104ms
[242.643s][info][gc,start    ] GC(444) Pause Cleanup
[242.643s][info][gc          ] GC(444) Pause Cleanup 283M->283M(496M) 0.123ms
[242.643s][info][gc,cpu      ] GC(444) User=0.00s Sys=0.00s Real=0.00s
[242.643s][info][gc,marking  ] GC(444) Concurrent Clear Claimed Marks
[242.643s][info][gc,marking  ] GC(444) Concurrent Clear Claimed Marks 0.049ms
[242.643s][info][gc,marking  ] GC(444) Concurrent Cleanup for Next Mark
[242.645s][info][gc,marking  ] GC(444) Concurrent Cleanup for Next Mark 2.253ms
[242.645s][info][gc          ] GC(444) Concurrent Mark Cycle 293.422ms
[243.033s][info][gc,start    ] GC(446) Pause Young (Prepare Mixed) (G1 Evacuation Pause)
[243.033s][info][gc,task     ] GC(446) Using 2 workers of 2 for evacuation
[243.078s][info][gc,phases   ] GC(446)   Pre Evacuate Collection Set: 0.24ms
[243.078s][info][gc,phases   ] GC(446)   Merge Heap Roots: 0.16ms
[243.078s][info][gc,phases   ] GC(446)   Evacuate Collection Set: 43.95ms
[243.078s][info][gc,phases   ] GC(446)   Post Evacuate Collection Set: 0.44ms
[243.078s][info][gc,phases   ] GC(446)   Other: 0.11ms
[243.078s][info][gc,heap     ] GC(446) Eden regions: 99->0(66)
[243.078s][info][gc,heap     ] GC(446) Survivor regions: 8->14(14)
[243.078s][info][gc,heap     ] GC(446) Old regions: 266->314
[243.078s][info][gc,heap     ] GC(446) Humongous regions: 4->4
[243.078s][info][gc,metaspace] GC(446) Metaspace: 42181K(42624K)->42181K(42624K) NonClass: 37839K(38080K)->37839K(38080K) Class: 4342K(4544K)->4342K(4544K)
[243.078s][info][gc          ] GC(446) Pause Young (Prepare Mixed) (G1 Evacuation Pause) 376M->332M(496M) 45.133ms
[243.078s][info][gc,cpu      ] GC(446) User=0.09s Sys=0.00s Real=0.04s
[243.326s][info][gc,start    ] GC(447) Pause Young (Mixed) (G1 Evacuation Pause)
[243.326s][info][gc,task     ] GC(447) Using 2 workers of 2 for evacuation
[243.370s][info][gc,phases   ] GC(447)   Pre Evacuate Collection Set: 0.26ms
[243.370s][info][gc,phases   ] GC(447)   Merge Heap Roots: 0.32ms
[243.370s][info][gc,phases   ] GC(447)   Evacuate Collection Set: 42.13ms
[243.370s][info][gc,phases   ] GC(447)   Post Evacuate Collection Set: 0.48ms
[243.370s][info][gc,phases   ] GC(447)   Other: 0.08ms
[243.370s][info][gc,heap     ] GC(447) Eden regions: 66->0(73)
[243.370s][info][gc,heap     ] GC(447) Survivor regions: 14->10(10)
[243.370s][info][gc,heap     ] GC(447) Old regions: 314->306
[243.370s][info][gc,heap     ] GC(447) Humongous regions: 5->5
[243.370s][info][gc,metaspace] GC(447) Metaspace: 42181K(42624K)->42181K(42624K) NonClass: 37839K(38080K)->37839K(38080K) Class: 4342K(4544K)->4342K(4544K)
[243.370s][info][gc          ] GC(447) Pause Young (Mixed) (G1 Evacuation Pause) 399M->321M(496M) 43.485ms
[243.370s][info][gc,cpu      ] GC(447) User=0.09s Sys=0.00s Real=0.05s
[243.648s][info][gc,start    ] GC(448) Pause Young (Mixed) (G1 Evacuation Pause)
[243.648s][info][gc,task     ] GC(448) Using 2 workers of 2 for evacuation
[243.708s][info][gc,phases   ] GC(448)   Pre Evacuate Collection Set: 0.24ms
[243.708s][info][gc,phases   ] GC(448)   Merge Heap Roots: 0.49ms
[243.708s][info][gc,phases   ] GC(448)   Evacuate Collection Set: 57.99ms
[243.708s][info][gc,phases   ] GC(448)   Post Evacuate Collection Set: 0.46ms
[243.708s][info][gc,phases   ] GC(448)   Other: 0.10ms
[243.708s][info][gc,heap     ] GC(448) Eden regions: 73->0(67)
[243.708s][info][gc,heap     ] GC(448) Survivor regions: 10->11(11)
[243.708s][info][gc,heap     ] GC(448) Old regions: 306->311
[243.708s][info][gc,heap     ] GC(448) Humongous regions: 5->5
[243.708s][info][gc,metaspace] GC(448) Metaspace: 42183K(42624K)->42183K(42624K) NonClass: 37840K(38080K)->37840K(38080K) Class: 4342K(4544K)->4342K(4544K)
[243.708s][info][gc          ] GC(448) Pause Young (Mixed) (G1 Evacuation Pause) 394M->327M(496M) 59.532ms
[243.708s][info][gc,cpu      ] GC(448) User=0.11s Sys=0.00s Real=0.06s
[243.981s][info][gc,start    ] GC(449) Pause Young (Mixed) (G1 Evacuation Pause)
[243.981s][info][gc,task     ] GC(449) Using 2 workers of 2 for evacuation
[244.025s][info][gc,phases   ] GC(449)   Pre Evacuate Collection Set: 0.27ms
[244.025s][info][gc,phases   ] GC(449)   Merge Heap Roots: 0.59ms
[244.025s][info][gc,phases   ] GC(449)   Evacuate Collection Set: 42.60ms
[244.025s][info][gc,phases   ] GC(449)   Post Evacuate Collection Set: 0.41ms
[244.025s][info][gc,phases   ] GC(449)   Other: 0.09ms
[244.025s][info][gc,heap     ] GC(449) Eden regions: 67->0(53)
[244.025s][info][gc,heap     ] GC(449) Survivor regions: 11->10(10)
[244.025s][info][gc,heap     ] GC(449) Old regions: 311->347
[244.025s][info][gc,heap     ] GC(449) Humongous regions: 6->6
[244.025s][info][gc,metaspace] GC(449) Metaspace: 42183K(42624K)->42183K(42624K) NonClass: 37840K(38080K)->37840K(38080K) Class: 4342K(4544K)->4342K(4544K)
[244.025s][info][gc          ] GC(449) Pause Young (Mixed) (G1 Evacuation Pause) 395M->362M(496M) 44.156ms
[244.025s][info][gc,cpu      ] GC(449) User=0.09s Sys=0.00s Real=0.04s
[244.223s][info][gc,start    ] GC(450) Pause Young (Concurrent Start) (G1 Evacuation Pause)
[244.223s][info][gc,task     ] GC(450) Using 2 workers of 2 for evacuation
[244.262s][info][gc,phases   ] GC(450)   Pre Evacuate Collection Set: 0.26ms
[244.262s][info][gc,phases   ] GC(450)   Merge Heap Roots: 0.19ms
[244.262s][info][gc,phases   ] GC(450)   Evacuate Collection Set: 37.97ms
[244.262s][info][gc,phases   ] GC(450)   Post Evacuate Collection Set: 1.02ms
[244.262s][info][gc,phases   ] GC(450)   Other: 0.12ms
[244.262s][info][gc,heap     ] GC(450) Eden regions: 53->0(65)
[244.262s][info][gc,heap     ] GC(450) Survivor regions: 10->8(8)
[244.262s][info][gc,heap     ] GC(450) Old regions: 347->391
[244.262s][info][gc,heap     ] GC(450) Humongous regions: 6->6
[244.262s][info][gc,metaspace] GC(450) Metaspace: 42183K(42624K)->42183K(42624K) NonClass: 37840K(38080K)->37840K(38080K) Class: 4342K(4544K)->4342K(4544K)
[244.262s][info][gc          ] GC(450) Pause Young (Concurrent Start) (G1 Evacuation Pause) 415M->405M(577M) 39.770ms
[244.262s][info][gc          ] GC(451) Concurrent Mark Cycle
[244.262s][info][gc,marking  ] GC(451) Concurrent Scan Root Regions
[244.262s][info][gc,cpu      ] GC(450) User=0.08s Sys=0.00s Real=0.04s
[244.284s][info][gc,marking  ] GC(451) Concurrent Scan Root Regions 21.934ms
[244.284s][info][gc,marking  ] GC(451) Concurrent Mark
[244.284s][info][gc,marking  ] GC(451) Concurrent Mark From Roots
[244.284s][info][gc,task     ] GC(451) Using 1 workers of 1 for marking
[244.415s][info][gc,marking  ] GC(451) Concurrent Mark From Roots 130.795ms
[244.415s][info][gc,marking  ] GC(451) Concurrent Preclean
[244.415s][info][gc,marking  ] GC(451) Concurrent Preclean 0.044ms
[244.415s][info][gc,start    ] GC(451) Pause Remark
[244.432s][info][gc          ] GC(451) Pause Remark 437M->355M(577M) 16.135ms
[244.432s][info][gc,cpu      ] GC(451) User=0.03s Sys=0.00s Real=0.02s
[244.435s][info][gc,marking  ] GC(451) Concurrent Mark 150.687ms
[244.435s][info][gc,marking  ] GC(451) Concurrent Rebuild Remembered Sets and Scrub Regions
[244.524s][info][gc,marking  ] GC(451) Concurrent Rebuild Remembered Sets and Scrub Regions 88.793ms
[244.524s][info][gc,start    ] GC(451) Pause Cleanup
[244.524s][info][gc          ] GC(451) Pause Cleanup 372M->372M(577M) 0.156ms
[244.524s][info][gc,cpu      ] GC(451) User=0.00s Sys=0.00s Real=0.00s
[244.524s][info][gc,marking  ] GC(451) Concurrent Clear Claimed Marks
[244.524s][info][gc,marking  ] GC(451) Concurrent Clear Claimed Marks 0.042ms
[244.524s][info][gc,marking  ] GC(451) Concurrent Cleanup for Next Mark
[244.527s][info][gc,marking  ] GC(451) Concurrent Cleanup for Next Mark 2.589ms
[244.527s][info][gc          ] GC(451) Concurrent Mark Cycle 264.476ms
[244.618s][info][gc,start    ] GC(452) Pause Young (Prepare Mixed) (G1 Evacuation Pause)
[244.618s][info][gc,task     ] GC(452) Using 2 workers of 2 for evacuation
[244.658s][info][gc,phases   ] GC(452)   Pre Evacuate Collection Set: 0.24ms
[244.658s][info][gc,phases   ] GC(452)   Merge Heap Roots: 0.32ms
[244.658s][info][gc,phases   ] GC(452)   Evacuate Collection Set: 38.51ms
[244.658s][info][gc,phases   ] GC(452)   Post Evacuate Collection Set: 0.48ms
[244.658s][info][gc,phases   ] GC(452)   Other: 0.10ms
[244.658s][info][gc,heap     ] GC(452) Eden regions: 65->0(85)
[244.658s][info][gc,heap     ] GC(452) Survivor regions: 8->10(10)
[244.658s][info][gc,heap     ] GC(452) Old regions: 311->345
[244.658s][info][gc,heap     ] GC(452) Humongous regions: 5->5
[244.658s][info][gc,metaspace] GC(452) Metaspace: 42183K(42624K)->42183K(42624K) NonClass: 37840K(38080K)->37840K(38080K) Class: 4342K(4544K)->4342K(4544K)
[244.658s][info][gc          ] GC(452) Pause Young (Prepare Mixed) (G1 Evacuation Pause) 389M->360M(577M) 39.868ms
[244.658s][info][gc,cpu      ] GC(452) User=0.07s Sys=0.01s Real=0.04s
[244.987s][info][gc,start    ] GC(453) Pause Young (Mixed) (G1 Evacuation Pause)
[244.987s][info][gc,task     ] GC(453) Using 2 workers of 2 for evacuation
[245.034s][info][gc,phases   ] GC(453)   Pre Evacuate Collection Set: 0.27ms
[245.034s][info][gc,phases   ] GC(453)   Merge Heap Roots: 0.32ms
[245.034s][info][gc,phases   ] GC(453)   Evacuate Collection Set: 45.16ms
[245.034s][info][gc,phases   ] GC(453)   Post Evacuate Collection Set: 0.50ms
[245.034s][info][gc,phases   ] GC(453)   Other: 0.08ms
[245.034s][info][gc,heap     ] GC(453) Eden regions: 85->0(93)
[245.034s][info][gc,heap     ] GC(453) Survivor regions: 10->12(12)
[245.034s][info][gc,heap     ] GC(453) Old regions: 345->329
[245.034s][info][gc,heap     ] GC(453) Humongous regions: 5->5
[245.034s][info][gc,metaspace] GC(453) Metaspace: 42183K(42624K)->42183K(42624K) NonClass: 37840K(38080K)->37840K(38080K) Class: 4342K(4544K)->4342K(4544K)
[245.034s][info][gc          ] GC(453) Pause Young (Mixed) (G1 Evacuation Pause) 445M->346M(577M) 46.598ms
[245.034s][info][gc,cpu      ] GC(453) User=0.09s Sys=0.00s Real=0.05s
[245.375s][info][gc,start    ] GC(454) Pause Young (Mixed) (G1 Evacuation Pause)
[245.375s][info][gc,task     ] GC(454) Using 2 workers of 2 for evacuation
[245.398s][info][gc,phases   ] GC(454)   Pre Evacuate Collection Set: 0.40ms
[245.398s][info][gc,phases   ] GC(454)   Merge Heap Roots: 0.35ms
[245.398s][info][gc,phases   ] GC(454)   Evacuate Collection Set: 22.00ms
[245.398s][info][gc,phases   ] GC(454)   Post Evacuate Collection Set: 0.49ms
[245.398s][info][gc,phases   ] GC(454)   Other: 0.09ms
[245.398s][info][gc,heap     ] GC(454) Eden regions: 93->0(121)
[245.398s][info][gc,heap     ] GC(454) Survivor regions: 12->9(14)
[245.398s][info][gc,heap     ] GC(454) Old regions: 329->279
[245.398s][info][gc,heap     ] GC(454) Humongous regions: 6->6
[245.398s][info][gc,metaspace] GC(454) Metaspace: 42184K(42624K)->42184K(42624K) NonClass: 37842K(38080K)->37842K(38080K) Class: 4342K(4544K)->4342K(4544K)
[245.398s][info][gc          ] GC(454) Pause Young (Mixed) (G1 Evacuation Pause) 440M->293M(577M) 23.552ms
[245.398s][info][gc,cpu      ] GC(454) User=0.04s Sys=0.00s Real=0.02s
[245.832s][info][gc,start    ] GC(455) Pause Young (Mixed) (G1 Evacuation Pause)
[245.832s][info][gc,task     ] GC(455) Using 2 workers of 2 for evacuation
[245.863s][info][gc,phases   ] GC(455)   Pre Evacuate Collection Set: 0.26ms
[245.864s][info][gc,phases   ] GC(455)   Merge Heap Roots: 0.58ms
[245.864s][info][gc,phases   ] GC(455)   Evacuate Collection Set: 30.41ms
[245.864s][info][gc,phases   ] GC(455)   Post Evacuate Collection Set: 0.48ms
[245.864s][info][gc,phases   ] GC(455)   Other: 0.07ms
[245.864s][info][gc,heap     ] GC(455) Eden regions: 121->0(138)
[245.864s][info][gc,heap     ] GC(455) Survivor regions: 9->17(17)
[245.864s][info][gc,heap     ] GC(455) Old regions: 279->250
[245.864s][info][gc,heap     ] GC(455) Humongous regions: 6->6
[245.864s][info][gc,metaspace] GC(455) Metaspace: 42184K(42624K)->42184K(42624K) NonClass: 37842K(38080K)->37842K(38080K) Class: 4342K(4544K)->4342K(4544K)
[245.864s][info][gc          ] GC(455) Pause Young (Mixed) (G1 Evacuation Pause) 414M->272M(577M) 32.012ms
[245.864s][info][gc,cpu      ] GC(455) User=0.06s Sys=0.00s Real=0.03s
[246.380s][info][gc,start    ] GC(456) Pause Young (Normal) (G1 Evacuation Pause)
[246.380s][info][gc,task     ] GC(456) Using 2 workers of 2 for evacuation
[246.394s][info][gc,phases   ] GC(456)   Pre Evacuate Collection Set: 0.27ms
[246.394s][info][gc,phases   ] GC(456)   Merge Heap Roots: 0.10ms
[246.394s][info][gc,phases   ] GC(456)   Evacuate Collection Set: 12.93ms
[246.394s][info][gc,phases   ] GC(456)   Post Evacuate Collection Set: 0.41ms
[246.394s][info][gc,phases   ] GC(456)   Other: 0.07ms
[246.394s][info][gc,heap     ] GC(456) Eden regions: 138->0(148)
[246.394s][info][gc,heap     ] GC(456) Survivor regions: 17->10(20)
[246.394s][info][gc,heap     ] GC(456) Old regions: 250->262
[246.394s][info][gc,heap     ] GC(456) Humongous regions: 7->6
[246.394s][info][gc,metaspace] GC(456) Metaspace: 42184K(42624K)->42184K(42624K) NonClass: 37842K(38080K)->37842K(38080K) Class: 4342K(4544K)->4342K(4544K)
[246.394s][info][gc          ] GC(456) Pause Young (Normal) (G1 Evacuation Pause) 411M->277M(577M) 13.990ms
[246.394s][info][gc,cpu      ] GC(456) User=0.03s Sys=0.00s Real=0.01s
[246.587s][info][gc,start    ] GC(457) Pause Young (Concurrent Start) (G1 Humongous Allocation)
[246.587s][info][gc,task     ] GC(457) Using 2 workers of 2 for evacuation
[246.612s][info][gc,phases   ] GC(457)   Pre Evacuate Collection Set: 0.28ms
[246.612s][info][gc,phases   ] GC(457)   Merge Heap Roots: 0.06ms
[246.612s][info][gc,phases   ] GC(457)   Evacuate Collection Set: 23.81ms
[246.612s][info][gc,phases   ] GC(457)   Post Evacuate Collection Set: 0.41ms
[246.612s][info][gc,phases   ] GC(457)   Other: 0.11ms
[246.612s][info][gc,heap     ] GC(457) Eden regions: 54->0(131)
[246.612s][info][gc,heap     ] GC(457) Survivor regions: 10->20(20)
[246.612s][info][gc,heap     ] GC(457) Old regions: 262->281
[246.612s][info][gc,heap     ] GC(457) Humongous regions: 6->6
[246.612s][info][gc,metaspace] GC(457) Metaspace: 42184K(42624K)->42184K(42624K) NonClass: 37842K(38080K)->37842K(38080K) Class: 4342K(4544K)->4342K(4544K)
[246.612s][info][gc          ] GC(457) Pause Young (Concurrent Start) (G1 Humongous Allocation) 330M->307M(577M) 24.935ms
[246.612s][info][gc,cpu      ] GC(457) User=0.05s Sys=0.00s Real=0.03s
[246.612s][info][gc          ] GC(458) Concurrent Mark Cycle
[246.612s][info][gc,marking  ] GC(458) Concurrent Scan Root Regions
[246.631s][info][gc,marking  ] GC(458) Concurrent Scan Root Regions 18.805ms
[246.631s][info][gc,marking  ] GC(458) Concurrent Mark
[246.631s][info][gc,marking  ] GC(458) Concurrent Mark From Roots
[246.631s][info][gc,task     ] GC(458) Using 1 workers of 1 for marking
[246.716s][info][gc,marking  ] GC(458) Concurrent Mark From Roots 84.906ms
[246.716s][info][gc,marking  ] GC(458) Concurrent Preclean
[246.716s][info][gc,marking  ] GC(458) Concurrent Preclean 0.044ms
[246.716s][info][gc,start    ] GC(458) Pause Remark
[246.732s][info][gc          ] GC(458) Pause Remark 328M->183M(544M) 15.988ms
[246.732s][info][gc,cpu      ] GC(458) User=0.03s Sys=0.00s Real=0.02s
[246.732s][info][gc,marking  ] GC(458) Concurrent Mark 101.227ms
[246.732s][info][gc,marking  ] GC(458) Concurrent Rebuild Remembered Sets and Scrub Regions
[246.781s][info][gc,marking  ] GC(458) Concurrent Rebuild Remembered Sets and Scrub Regions 49.320ms
[246.781s][info][gc,start    ] GC(458) Pause Cleanup
[246.782s][info][gc          ] GC(458) Pause Cleanup 195M->195M(544M) 0.061ms
[246.782s][info][gc,cpu      ] GC(458) User=0.00s Sys=0.00s Real=0.00s
[246.782s][info][gc,marking  ] GC(458) Concurrent Clear Claimed Marks
[246.782s][info][gc,marking  ] GC(458) Concurrent Clear Claimed Marks 0.038ms
[246.782s][info][gc,marking  ] GC(458) Concurrent Cleanup for Next Mark
[246.783s][info][gc,marking  ] GC(458) Concurrent Cleanup for Next Mark 1.546ms
[246.783s][info][gc          ] GC(458) Concurrent Mark Cycle 171.321ms
[247.114s][info][gc,start    ] GC(459) Pause Young (Prepare Mixed) (G1 Evacuation Pause)
[247.114s][info][gc,task     ] GC(459) Using 2 workers of 2 for evacuation
[247.143s][info][gc,phases   ] GC(459)   Pre Evacuate Collection Set: 0.23ms
[247.143s][info][gc,phases   ] GC(459)   Merge Heap Roots: 0.28ms
[247.143s][info][gc,phases   ] GC(459)   Evacuate Collection Set: 28.43ms
[247.143s][info][gc,phases   ] GC(459)   Post Evacuate Collection Set: 0.48ms
[247.143s][info][gc,phases   ] GC(459)   Other: 0.07ms
[247.143s][info][gc,heap     ] GC(459) Eden regions: 131->0(178)
[247.143s][info][gc,heap     ] GC(459) Survivor regions: 20->18(19)
[247.143s][info][gc,heap     ] GC(459) Old regions: 139->160
[247.143s][info][gc,heap     ] GC(459) Humongous regions: 5->5
[247.143s][info][gc,metaspace] GC(459) Metaspace: 42184K(42624K)->42184K(42624K) NonClass: 37842K(38080K)->37842K(38080K) Class: 4342K(4544K)->4342K(4544K)
[247.143s][info][gc          ] GC(459) Pause Young (Prepare Mixed) (G1 Evacuation Pause) 295M->182M(544M) 29.706ms
[247.143s][info][gc,cpu      ] GC(459) User=0.05s Sys=0.00s Real=0.03s
[247.760s][info][gc,start    ] GC(460) Pause Young (Mixed) (G1 Evacuation Pause)
[247.760s][info][gc,task     ] GC(460) Using 2 workers of 2 for evacuation
[247.787s][info][gc,phases   ] GC(460)   Pre Evacuate Collection Set: 0.37ms
[247.787s][info][gc,phases   ] GC(460)   Merge Heap Roots: 0.20ms
[247.787s][info][gc,phases   ] GC(460)   Evacuate Collection Set: 25.76ms
[247.787s][info][gc,phases   ] GC(460)   Post Evacuate Collection Set: 0.47ms
[247.787s][info][gc,phases   ] GC(460)   Other: 0.08ms
[247.787s][info][gc,heap     ] GC(460) Eden regions: 178->0(194)
[247.787s][info][gc,heap     ] GC(460) Survivor regions: 18->25(25)
[247.787s][info][gc,heap     ] GC(460) Old regions: 160->133
[247.787s][info][gc,heap     ] GC(460) Humongous regions: 7->5
[247.787s][info][gc,metaspace] GC(460) Metaspace: 42184K(42624K)->42184K(42624K) NonClass: 37842K(38080K)->37842K(38080K) Class: 4342K(4544K)->4342K(4544K)
[247.787s][info][gc          ] GC(460) Pause Young (Mixed) (G1 Evacuation Pause) 362M->162M(544M) 27.146ms
[247.787s][info][gc,cpu      ] GC(460) User=0.05s Sys=0.00s Real=0.02s
[248.471s][info][gc,start    ] GC(461) Pause Young (Normal) (G1 Evacuation Pause)
[248.471s][info][gc,task     ] GC(461) Using 2 workers of 2 for evacuation
[248.496s][info][gc,phases   ] GC(461)   Pre Evacuate Collection Set: 0.24ms
[248.496s][info][gc,phases   ] GC(461)   Merge Heap Roots: 0.09ms
[248.496s][info][gc,phases   ] GC(461)   Evacuate Collection Set: 23.95ms
[248.496s][info][gc,phases   ] GC(461)   Post Evacuate Collection Set: 0.50ms
[248.496s][info][gc,phases   ] GC(461)   Other: 0.08ms
[248.496s][info][gc,heap     ] GC(461) Eden regions: 194->0(200)
[248.496s][info][gc,heap     ] GC(461) Survivor regions: 25->16(28)
[248.496s][info][gc,heap     ] GC(461) Old regions: 133->158
[248.496s][info][gc,heap     ] GC(461) Humongous regions: 7->5
[248.496s][info][gc,metaspace] GC(461) Metaspace: 42184K(42624K)->42184K(42624K) NonClass: 37842K(38080K)->37842K(38080K) Class: 4342K(4544K)->4342K(4544K)
[248.496s][info][gc          ] GC(461) Pause Young (Normal) (G1 Evacuation Pause) 358M->179M(544M) 25.073ms
[248.496s][info][gc,cpu      ] GC(461) User=0.05s Sys=0.00s Real=0.02s
[249.164s][info][gc,start    ] GC(462) Pause Young (Normal) (G1 Evacuation Pause)
[249.164s][info][gc,task     ] GC(462) Using 2 workers of 2 for evacuation
[249.178s][info][gc,phases   ] GC(462)   Pre Evacuate Collection Set: 0.26ms
[249.178s][info][gc,phases   ] GC(462)   Merge Heap Roots: 0.08ms
[249.178s][info][gc,phases   ] GC(462)   Evacuate Collection Set: 13.06ms
[249.178s][info][gc,phases   ] GC(462)   Post Evacuate Collection Set: 0.53ms
[249.178s][info][gc,phases   ] GC(462)   Other: 0.08ms
[249.178s][info][gc,heap     ] GC(462) Eden regions: 200->0(207)
[249.178s][info][gc,heap     ] GC(462) Survivor regions: 16->20(27)
[249.178s][info][gc,heap     ] GC(462) Old regions: 158->159
[249.178s][info][gc,heap     ] GC(462) Humongous regions: 8->5
[249.178s][info][gc,metaspace] GC(462) Metaspace: 42184K(42624K)->42184K(42624K) NonClass: 37842K(38080K)->37842K(38080K) Class: 4342K(4544K)->4342K(4544K)
[249.178s][info][gc          ] GC(462) Pause Young (Normal) (G1 Evacuation Pause) 382M->183M(544M) 14.238ms
[249.178s][info][gc,cpu      ] GC(462) User=0.02s Sys=0.00s Real=0.01s
[249.838s][info][gc,start    ] GC(463) Pause Young (Normal) (G1 Evacuation Pause)
[249.838s][info][gc,task     ] GC(463) Using 2 workers of 2 for evacuation
[249.850s][info][gc,phases   ] GC(463)   Pre Evacuate Collection Set: 0.24ms
[249.850s][info][gc,phases   ] GC(463)   Merge Heap Roots: 0.09ms
[249.850s][info][gc,phases   ] GC(463)   Evacuate Collection Set: 10.87ms
[249.850s][info][gc,phases   ] GC(463)   Post Evacuate Collection Set: 0.48ms
[249.850s][info][gc,phases   ] GC(463)   Other: 0.08ms
[249.850s][info][gc,heap     ] GC(463) Eden regions: 207->0(225)
[249.850s][info][gc,heap     ] GC(463) Survivor regions: 20->2(29)
[249.850s][info][gc,heap     ] GC(463) Old regions: 159->178
[249.850s][info][gc,heap     ] GC(463) Humongous regions: 5->5
[249.850s][info][gc,metaspace] GC(463) Metaspace: 42184K(42624K)->42184K(42624K) NonClass: 37842K(38080K)->37842K(38080K) Class: 4342K(4544K)->4342K(4544K)
[249.850s][info][gc          ] GC(463) Pause Young (Normal) (G1 Evacuation Pause) 390M->184M(544M) 11.963ms
[249.850s][info][gc,cpu      ] GC(463) User=0.02s Sys=0.00s Real=0.02s
[249.983s][info][gc,start    ] GC(464) Pause Young (Concurrent Start) (G1 Humongous Allocation)
[249.983s][info][gc,task     ] GC(464) Using 2 workers of 2 for evacuation
[249.984s][info][gc,phases   ] GC(464)   Pre Evacuate Collection Set: 0.26ms
[249.984s][info][gc,phases   ] GC(464)   Merge Heap Roots: 0.05ms
[249.984s][info][gc,phases   ] GC(464)   Evacuate Collection Set: 1.14ms
[249.984s][info][gc,phases   ] GC(464)   Post Evacuate Collection Set: 0.30ms
[249.984s][info][gc,phases   ] GC(464)   Other: 0.10ms
[249.985s][info][gc,heap     ] GC(464) Eden regions: 41->0(243)
[249.985s][info][gc,heap     ] GC(464) Survivor regions: 2->2(29)
[249.985s][info][gc,heap     ] GC(464) Old regions: 178->178
[249.985s][info][gc,heap     ] GC(464) Humongous regions: 5->5
[249.985s][info][gc,metaspace] GC(464) Metaspace: 42184K(42624K)->42184K(42624K) NonClass: 37842K(38080K)->37842K(38080K) Class: 4342K(4544K)->4342K(4544K)
[249.985s][info][gc          ] GC(464) Pause Young (Concurrent Start) (G1 Humongous Allocation) 225M->184M(544M) 2.047ms
[249.985s][info][gc          ] GC(465) Concurrent Mark Cycle
[249.985s][info][gc,marking  ] GC(465) Concurrent Scan Root Regions
[249.985s][info][gc,marking  ] GC(465) Concurrent Scan Root Regions 0.623ms
[249.985s][info][gc,marking  ] GC(465) Concurrent Mark
[249.985s][info][gc,marking  ] GC(465) Concurrent Mark From Roots
[249.985s][info][gc,task     ] GC(465) Using 1 workers of 1 for marking
[249.985s][info][gc,cpu      ] GC(464) User=0.00s Sys=0.00s Real=0.00s
[250.073s][info][gc,marking  ] GC(465) Concurrent Mark From Roots 87.821ms
[250.073s][info][gc,marking  ] GC(465) Concurrent Preclean
[250.073s][info][gc,marking  ] GC(465) Concurrent Preclean 0.047ms
[250.073s][info][gc,start    ] GC(465) Pause Remark
[250.090s][info][gc          ] GC(465) Pause Remark 209M->126M(344M) 16.320ms
[250.090s][info][gc,cpu      ] GC(465) User=0.03s Sys=0.00s Real=0.02s
[250.090s][info][gc,marking  ] GC(465) Concurrent Mark 104.502ms
[250.090s][info][gc,marking  ] GC(465) Concurrent Rebuild Remembered Sets and Scrub Regions
[250.123s][info][gc,marking  ] GC(465) Concurrent Rebuild Remembered Sets and Scrub Regions 33.229ms
[250.123s][info][gc,start    ] GC(465) Pause Cleanup
[250.123s][info][gc          ] GC(465) Pause Cleanup 136M->136M(344M) 0.059ms
[250.123s][info][gc,cpu      ] GC(465) User=0.00s Sys=0.00s Real=0.00s
[250.123s][info][gc,marking  ] GC(465) Concurrent Clear Claimed Marks
[250.123s][info][gc,marking  ] GC(465) Concurrent Clear Claimed Marks 0.039ms
[250.123s][info][gc,marking  ] GC(465) Concurrent Cleanup for Next Mark
[250.124s][info][gc,marking  ] GC(465) Concurrent Cleanup for Next Mark 0.994ms
[250.124s][info][gc          ] GC(465) Concurrent Mark Cycle 139.779ms
[250.628s][info][gc,start    ] GC(466) Pause Young (Prepare Mixed) (G1 Evacuation Pause)
[250.628s][info][gc,task     ] GC(466) Using 2 workers of 2 for evacuation
[250.633s][info][gc,phases   ] GC(466)   Pre Evacuate Collection Set: 0.18ms
[250.633s][info][gc,phases   ] GC(466)   Merge Heap Roots: 0.07ms
[250.633s][info][gc,phases   ] GC(466)   Evacuate Collection Set: 4.25ms
[250.633s][info][gc,phases   ] GC(466)   Post Evacuate Collection Set: 0.51ms
[250.634s][info][gc,phases   ] GC(466)   Other: 0.10ms
[250.634s][info][gc,heap     ] GC(466) Eden regions: 204->0(177)
[250.634s][info][gc,heap     ] GC(466) Survivor regions: 2->5(26)
[250.634s][info][gc,heap     ] GC(466) Old regions: 97->97
[250.634s][info][gc,heap     ] GC(466) Humongous regions: 4->1
[250.634s][info][gc,metaspace] GC(466) Metaspace: 42184K(42624K)->42184K(42624K) NonClass: 37842K(38080K)->37842K(38080K) Class: 4342K(4544K)->4342K(4544K)
[250.634s][info][gc          ] GC(466) Pause Young (Prepare Mixed) (G1 Evacuation Pause) 306M->102M(344M) 5.324ms
[250.634s][info][gc,cpu      ] GC(466) User=0.01s Sys=0.00s Real=0.01s
[250.972s][info][gc,start    ] GC(467) Pause Young (Mixed) (G1 Evacuation Pause)
[250.972s][info][gc,task     ] GC(467) Using 2 workers of 2 for evacuation
[250.979s][info][gc,phases   ] GC(467)   Pre Evacuate Collection Set: 0.21ms
[250.979s][info][gc,phases   ] GC(467)   Merge Heap Roots: 0.12ms
[250.979s][info][gc,phases   ] GC(467)   Evacuate Collection Set: 6.02ms
[250.979s][info][gc,phases   ] GC(467)   Post Evacuate Collection Set: 0.44ms
[250.979s][info][gc,phases   ] GC(467)   Other: 0.07ms
[250.979s][info][gc,heap     ] GC(467) Eden regions: 177->0(200)
[250.979s][info][gc,heap     ] GC(467) Survivor regions: 5->5(23)
[250.979s][info][gc,heap     ] GC(467) Old regions: 97->75
[250.979s][info][gc,heap     ] GC(467) Humongous regions: 1->1
[250.979s][info][gc,metaspace] GC(467) Metaspace: 42184K(42624K)->42184K(42624K) NonClass: 37842K(38080K)->37842K(38080K) Class: 4342K(4544K)->4342K(4544K)
[250.979s][info][gc          ] GC(467) Pause Young (Mixed) (G1 Evacuation Pause) 279M->80M(344M) 7.094ms
[250.979s][info][gc,cpu      ] GC(467) User=0.02s Sys=0.00s Real=0.00s
[251.313s][info][gc,start    ] GC(468) Pause Young (Concurrent Start) (G1 Humongous Allocation)
[251.314s][info][gc,task     ] GC(468) Using 2 workers of 2 for evacuation
[251.317s][info][gc,phases   ] GC(468)   Pre Evacuate Collection Set: 0.21ms
[251.317s][info][gc,phases   ] GC(468)   Merge Heap Roots: 0.06ms
[251.317s][info][gc,phases   ] GC(468)   Evacuate Collection Set: 2.78ms
[251.317s][info][gc,phases   ] GC(468)   Post Evacuate Collection Set: 0.47ms
[251.317s][info][gc,phases   ] GC(468)   Other: 0.10ms
[251.317s][info][gc,heap     ] GC(468) Eden regions: 175->0(202)
[251.317s][info][gc,heap     ] GC(468) Survivor regions: 5->4(26)
[251.317s][info][gc,heap     ] GC(468) Old regions: 75->75
[251.317s][info][gc,heap     ] GC(468) Humongous regions: 1->1
[251.317s][info][gc,metaspace] GC(468) Metaspace: 42184K(42624K)->42184K(42624K) NonClass: 37842K(38080K)->37842K(38080K) Class: 4342K(4544K)->4342K(4544K)
[251.317s][info][gc          ] GC(468) Pause Young (Concurrent Start) (G1 Humongous Allocation) 255M->79M(344M) 3.828ms
[251.317s][info][gc,cpu      ] GC(468) User=0.01s Sys=0.00s Real=0.00s
[251.317s][info][gc          ] GC(469) Concurrent Mark Cycle
[251.317s][info][gc,marking  ] GC(469) Concurrent Scan Root Regions
[251.319s][info][gc,marking  ] GC(469) Concurrent Scan Root Regions 1.945ms
[251.319s][info][gc,marking  ] GC(469) Concurrent Mark
[251.319s][info][gc,marking  ] GC(469) Concurrent Mark From Roots
[251.319s][info][gc,task     ] GC(469) Using 1 workers of 1 for marking
[251.392s][info][gc,marking  ] GC(469) Concurrent Mark From Roots 73.081ms
[251.392s][info][gc,marking  ] GC(469) Concurrent Preclean
[251.393s][info][gc,marking  ] GC(469) Concurrent Preclean 0.039ms
[251.393s][info][gc,start    ] GC(469) Pause Remark
[251.409s][info][gc          ] GC(469) Pause Remark 99M->94M(257M) 16.770ms
[251.410s][info][gc,cpu      ] GC(469) User=0.03s Sys=0.00s Real=0.02s
[251.413s][info][gc,marking  ] GC(469) Concurrent Mark 93.357ms
[251.413s][info][gc,marking  ] GC(469) Concurrent Rebuild Remembered Sets and Scrub Regions
[251.474s][info][gc,marking  ] GC(469) Concurrent Rebuild Remembered Sets and Scrub Regions 60.903ms
[251.474s][info][gc,start    ] GC(469) Pause Cleanup
[251.474s][info][gc          ] GC(469) Pause Cleanup 109M->109M(257M) 0.058ms
[251.474s][info][gc,cpu      ] GC(469) User=0.00s Sys=0.00s Real=0.00s
[251.476s][info][gc,marking  ] GC(469) Concurrent Clear Claimed Marks
[251.476s][info][gc,marking  ] GC(469) Concurrent Clear Claimed Marks 0.084ms
[251.476s][info][gc,marking  ] GC(469) Concurrent Cleanup for Next Mark
[251.479s][info][gc,marking  ] GC(469) Concurrent Cleanup for Next Mark 2.695ms
[251.479s][info][gc          ] GC(469) Concurrent Mark Cycle 161.600ms
[251.844s][info][gc,start    ] GC(470) Pause Young (Prepare Mixed) (G1 Evacuation Pause)
[251.844s][info][gc,task     ] GC(470) Using 2 workers of 2 for evacuation
[251.856s][info][gc,phases   ] GC(470)   Pre Evacuate Collection Set: 0.26ms
[251.856s][info][gc,phases   ] GC(470)   Merge Heap Roots: 0.10ms
[251.856s][info][gc,phases   ] GC(470)   Evacuate Collection Set: 10.73ms
[251.856s][info][gc,phases   ] GC(470)   Post Evacuate Collection Set: 0.69ms
[251.856s][info][gc,phases   ] GC(470)   Other: 0.07ms
[251.856s][info][gc,heap     ] GC(470) Eden regions: 72->0(206)
[251.856s][info][gc,heap     ] GC(470) Survivor regions: 4->8(26)
[251.856s][info][gc,heap     ] GC(470) Old regions: 70->70
[251.856s][info][gc,heap     ] GC(470) Humongous regions: 203->3
[251.856s][info][gc,metaspace] GC(470) Metaspace: 42185K(42624K)->42185K(42624K) NonClass: 37843K(38080K)->37843K(38080K) Class: 4342K(4544K)->4342K(4544K)
[251.856s][info][gc          ] GC(470) Pause Young (Prepare Mixed) (G1 Evacuation Pause) 348M->80M(357M) 12.151ms
[251.856s][info][gc,cpu      ] GC(470) User=0.02s Sys=0.01s Real=0.01s
[252.337s][info][gc,start    ] GC(471) Pause Young (Mixed) (G1 Evacuation Pause)
[252.337s][info][gc,task     ] GC(471) Using 2 workers of 2 for evacuation
[252.356s][info][gc,phases   ] GC(471)   Pre Evacuate Collection Set: 0.24ms
[252.356s][info][gc,phases   ] GC(471)   Merge Heap Roots: 0.12ms
[252.356s][info][gc,phases   ] GC(471)   Evacuate Collection Set: 17.70ms
[252.356s][info][gc,phases   ] GC(471)   Post Evacuate Collection Set: 1.01ms
[252.356s][info][gc,phases   ] GC(471)   Other: 0.07ms
[252.356s][info][gc,heap     ] GC(471) Eden regions: 48->0(257)
[252.356s][info][gc,heap     ] GC(471) Survivor regions: 8->11(29)
[252.356s][info][gc,heap     ] GC(471) Old regions: 70->57
[252.356s][info][gc,heap     ] GC(471) Humongous regions: 307->3
[252.356s][info][gc,metaspace] GC(471) Metaspace: 42185K(42624K)->42185K(42624K) NonClass: 37843K(38080K)->37843K(38080K) Class: 4342K(4544K)->4342K(4544K)
[252.356s][info][gc          ] GC(471) Pause Young (Mixed) (G1 Evacuation Pause) 432M->69M(447M) 19.363ms
[252.356s][info][gc,cpu      ] GC(471) User=0.03s Sys=0.01s Real=0.02s
[252.429s][info][gc,start    ] GC(472) Pause Young (Concurrent Start) (G1 Humongous Allocation)
[252.429s][info][gc,task     ] GC(472) Using 2 workers of 2 for evacuation
[252.441s][info][gc,phases   ] GC(472)   Pre Evacuate Collection Set: 0.24ms
[252.441s][info][gc,phases   ] GC(472)   Merge Heap Roots: 0.07ms
[252.441s][info][gc,phases   ] GC(472)   Evacuate Collection Set: 10.25ms
[252.441s][info][gc,phases   ] GC(472)   Post Evacuate Collection Set: 0.73ms
[252.441s][info][gc,phases   ] GC(472)   Other: 0.09ms
[252.441s][info][gc,heap     ] GC(472) Eden regions: 9->0(256)
[252.441s][info][gc,heap     ] GC(472) Survivor regions: 11->12(34)
[252.441s][info][gc,heap     ] GC(472) Old regions: 57->57
[252.441s][info][gc,heap     ] GC(472) Humongous regions: 49->1
[252.441s][info][gc,metaspace] GC(472) Metaspace: 42185K(42624K)->42185K(42624K) NonClass: 37843K(38080K)->37843K(38080K) Class: 4342K(4544K)->4342K(4544K)
[252.441s][info][gc          ] GC(472) Pause Young (Concurrent Start) (G1 Humongous Allocation) 124M->68M(447M) 11.582ms
[252.441s][info][gc,cpu      ] GC(472) User=0.02s Sys=0.01s Real=0.01s
[252.441s][info][gc          ] GC(473) Concurrent Undo Cycle
[252.441s][info][gc,marking  ] GC(473) Concurrent Clear Claimed Marks
[252.441s][info][gc,marking  ] GC(473) Concurrent Clear Claimed Marks 0.057ms
[252.441s][info][gc,marking  ] GC(473) Concurrent Cleanup for Next Mark
[252.442s][info][gc,marking  ] GC(473) Concurrent Cleanup for Next Mark 1.046ms
[252.442s][info][gc          ] GC(473) Concurrent Undo Cycle 1.190ms
[252.445s][info][gc,start    ] GC(474) Pause Young (Concurrent Start) (G1 Humongous Allocation)
[252.445s][info][gc,task     ] GC(474) Using 2 workers of 2 for evacuation
[252.456s][info][gc,phases   ] GC(474)   Pre Evacuate Collection Set: 0.22ms
[252.456s][info][gc,phases   ] GC(474)   Merge Heap Roots: 0.05ms
[252.456s][info][gc,phases   ] GC(474)   Evacuate Collection Set: 10.40ms
[252.456s][info][gc,phases   ] GC(474)   Post Evacuate Collection Set: 0.63ms
[252.456s][info][gc,phases   ] GC(474)   Other: 0.09ms
[252.456s][info][gc,heap     ] GC(474) Eden regions: 1->0(256)
[252.456s][info][gc,heap     ] GC(474) Survivor regions: 12->12(34)
[252.456s][info][gc,heap     ] GC(474) Old regions: 57->57
[252.456s][info][gc,heap     ] GC(474) Humongous regions: 3->1
[252.456s][info][gc,metaspace] GC(474) Metaspace: 42185K(42624K)->42185K(42624K) NonClass: 37843K(38080K)->37843K(38080K) Class: 4342K(4544K)->4342K(4544K)
[252.457s][info][gc          ] GC(474) Pause Young (Concurrent Start) (G1 Humongous Allocation) 71M->68M(447M) 11.586ms
[252.457s][info][gc,cpu      ] GC(474) User=0.02s Sys=0.00s Real=0.01s
[252.457s][info][gc          ] GC(475) Concurrent Mark Cycle
[252.457s][info][gc,marking  ] GC(475) Concurrent Scan Root Regions
[252.464s][info][gc,marking  ] GC(475) Concurrent Scan Root Regions 7.377ms
[252.464s][info][gc,marking  ] GC(475) Concurrent Mark
[252.464s][info][gc,marking  ] GC(475) Concurrent Mark From Roots
[252.464s][info][gc,task     ] GC(475) Using 1 workers of 1 for marking
[252.538s][info][gc,marking  ] GC(475) Concurrent Mark From Roots 73.787ms
[252.538s][info][gc,marking  ] GC(475) Concurrent Preclean
[252.538s][info][gc,marking  ] GC(475) Concurrent Preclean 0.043ms
[252.538s][info][gc,start    ] GC(475) Pause Remark
[252.555s][info][gc          ] GC(475) Pause Remark 133M->133M(420M) 16.491ms
[252.555s][info][gc,cpu      ] GC(475) User=0.03s Sys=0.00s Real=0.02s
[252.555s][info][gc,marking  ] GC(475) Concurrent Mark 90.637ms
[252.555s][info][gc,marking  ] GC(475) Concurrent Rebuild Remembered Sets and Scrub Regions
[252.584s][info][gc,marking  ] GC(475) Concurrent Rebuild Remembered Sets and Scrub Regions 28.873ms
[252.584s][info][gc,start    ] GC(475) Pause Cleanup
[252.584s][info][gc          ] GC(475) Pause Cleanup 150M->150M(420M) 0.059ms
[252.584s][info][gc,cpu      ] GC(475) User=0.00s Sys=0.00s Real=0.00s
[252.584s][info][gc,marking  ] GC(475) Concurrent Clear Claimed Marks
[252.584s][info][gc,marking  ] GC(475) Concurrent Clear Claimed Marks 0.041ms
[252.584s][info][gc,marking  ] GC(475) Concurrent Cleanup for Next Mark
[252.587s][info][gc,marking  ] GC(475) Concurrent Cleanup for Next Mark 2.870ms
[252.587s][info][gc          ] GC(475) Concurrent Mark Cycle 130.207ms
[253.070s][info][gc,start    ] GC(476) Pause Young (Prepare Mixed) (G1 Evacuation Pause)
[253.070s][info][gc,task     ] GC(476) Using 2 workers of 2 for evacuation
[253.098s][info][gc,phases   ] GC(476)   Pre Evacuate Collection Set: 0.28ms
[253.098s][info][gc,phases   ] GC(476)   Merge Heap Roots: 0.07ms
[253.098s][info][gc,phases   ] GC(476)   Evacuate Collection Set: 26.37ms
[253.098s][info][gc,phases   ] GC(476)   Post Evacuate Collection Set: 1.00ms
[253.098s][info][gc,phases   ] GC(476)   Other: 0.08ms
[253.098s][info][gc,heap     ] GC(476) Eden regions: 62->0(281)
[253.098s][info][gc,heap     ] GC(476) Survivor regions: 12->20(35)
[253.098s][info][gc,heap     ] GC(476) Old regions: 57->57
[253.098s][info][gc,heap     ] GC(476) Humongous regions: 351->1
[253.098s][info][gc,metaspace] GC(476) Metaspace: 42185K(42624K)->42185K(42624K) NonClass: 37843K(38080K)->37843K(38080K) Class: 4342K(4544K)->4342K(4544K)
[253.098s][info][gc          ] GC(476) Pause Young (Prepare Mixed) (G1 Evacuation Pause) 480M->76M(502M) 28.021ms
[253.098s][info][gc,cpu      ] GC(476) User=0.04s Sys=0.01s Real=0.02s
[253.831s][info][gc,start    ] GC(477) Pause Young (Mixed) (G1 Evacuation Pause)
[253.831s][info][gc,task     ] GC(477) Using 2 workers of 2 for evacuation
[253.882s][info][gc,phases   ] GC(477)   Pre Evacuate Collection Set: 0.66ms
[253.882s][info][gc,phases   ] GC(477)   Merge Heap Roots: 0.13ms
[253.882s][info][gc,phases   ] GC(477)   Evacuate Collection Set: 49.10ms
[253.882s][info][gc,phases   ] GC(477)   Post Evacuate Collection Set: 1.36ms
[253.882s][info][gc,phases   ] GC(477)   Other: 0.12ms
[253.882s][info][gc,heap     ] GC(477) Eden regions: 82->0(324)
[253.882s][info][gc,heap     ] GC(477) Survivor regions: 20->32(40)
[253.882s][info][gc,heap     ] GC(477) Old regions: 57->54
[253.882s][info][gc,heap     ] GC(477) Humongous regions: 401->1
[253.882s][info][gc,metaspace] GC(477) Metaspace: 42185K(42624K)->42185K(42624K) NonClass: 37843K(38080K)->37843K(38080K) Class: 4342K(4544K)->4342K(4544K)
[253.882s][info][gc          ] GC(477) Pause Young (Mixed) (G1 Evacuation Pause) 558M->85M(594M) 51.599ms
[253.882s][info][gc,cpu      ] GC(477) User=0.07s Sys=0.02s Real=0.05s
[254.874s][info][gc,start    ] GC(478) Pause Young (Normal) (G1 Evacuation Pause)
[254.874s][info][gc,task     ] GC(478) Using 2 workers of 2 for evacuation
[254.884s][info][gc,phases   ] GC(478)   Pre Evacuate Collection Set: 0.26ms
[254.884s][info][gc,phases   ] GC(478)   Merge Heap Roots: 0.09ms
[254.884s][info][gc,phases   ] GC(478)   Evacuate Collection Set: 9.07ms
[254.884s][info][gc,phases   ] GC(478)   Post Evacuate Collection Set: 0.64ms
[254.884s][info][gc,phases   ] GC(478)   Other: 0.10ms
[254.884s][info][gc,heap     ] GC(478) Eden regions: 324->0(347)
[254.884s][info][gc,heap     ] GC(478) Survivor regions: 32->9(45)
[254.884s][info][gc,heap     ] GC(478) Old regions: 54->57
[254.884s][info][gc,heap     ] GC(478) Humongous regions: 81->1
[254.884s][info][gc,metaspace] GC(478) Metaspace: 42214K(42688K)->42214K(42688K) NonClass: 37872K(38144K)->37872K(38144K) Class: 4342K(4544K)->4342K(4544K)
[254.884s][info][gc          ] GC(478) Pause Young (Normal) (G1 Evacuation Pause) 489M->65M(594M) 10.373ms
[254.884s][info][gc,cpu      ] GC(478) User=0.02s Sys=0.00s Real=0.01s
[255.748s][info][gc,start    ] GC(479) Pause Young (Normal) (G1 Evacuation Pause)
[255.748s][info][gc,task     ] GC(479) Using 2 workers of 2 for evacuation
[255.757s][info][gc,phases   ] GC(479)   Pre Evacuate Collection Set: 0.26ms
[255.757s][info][gc,phases   ] GC(479)   Merge Heap Roots: 0.10ms
[255.757s][info][gc,phases   ] GC(479)   Evacuate Collection Set: 7.70ms
[255.757s][info][gc,phases   ] GC(479)   Post Evacuate Collection Set: 0.63ms
[255.757s][info][gc,phases   ] GC(479)   Other: 0.11ms
[255.757s][info][gc,heap     ] GC(479) Eden regions: 347->0(345)
[255.757s][info][gc,heap     ] GC(479) Survivor regions: 9->11(45)
[255.757s][info][gc,heap     ] GC(479) Old regions: 57->57
[255.757s][info][gc,heap     ] GC(479) Humongous regions: 1->1
[255.757s][info][gc,metaspace] GC(479) Metaspace: 42229K(42688K)->42229K(42688K) NonClass: 37887K(38144K)->37887K(38144K) Class: 4342K(4544K)->4342K(4544K)
[255.757s][info][gc          ] GC(479) Pause Young (Normal) (G1 Evacuation Pause) 412M->67M(594M) 9.009ms
[255.757s][info][gc,cpu      ] GC(479) User=0.02s Sys=0.00s Real=0.01s
[256.684s][info][gc,start    ] GC(480) Pause Young (Normal) (G1 Evacuation Pause)
[256.684s][info][gc,task     ] GC(480) Using 2 workers of 2 for evacuation
[256.694s][info][gc,phases   ] GC(480)   Pre Evacuate Collection Set: 0.23ms
[256.694s][info][gc,phases   ] GC(480)   Merge Heap Roots: 0.10ms
[256.694s][info][gc,phases   ] GC(480)   Evacuate Collection Set: 8.39ms
[256.694s][info][gc,phases   ] GC(480)   Post Evacuate Collection Set: 1.10ms
[256.694s][info][gc,phases   ] GC(480)   Other: 0.08ms
[256.694s][info][gc,heap     ] GC(480) Eden regions: 345->0(346)
[256.694s][info][gc,heap     ] GC(480) Survivor regions: 11->10(45)
[256.694s][info][gc,heap     ] GC(480) Old regions: 57->57
[256.694s][info][gc,heap     ] GC(480) Humongous regions: 1->1
[256.694s][info][gc,metaspace] GC(480) Metaspace: 42289K(42752K)->42289K(42752K) NonClass: 37947K(38208K)->37947K(38208K) Class: 4342K(4544K)->4342K(4544K)
[256.694s][info][gc          ] GC(480) Pause Young (Normal) (G1 Evacuation Pause) 412M->66M(594M) 10.141ms
[256.694s][info][gc,cpu      ] GC(480) User=0.02s Sys=0.00s Real=0.01s
[258.260s][info][gc,start    ] GC(481) Pause Young (Normal) (G1 Evacuation Pause)
[258.260s][info][gc,task     ] GC(481) Using 2 workers of 2 for evacuation
[258.268s][info][gc,phases   ] GC(481)   Pre Evacuate Collection Set: 0.23ms
[258.268s][info][gc,phases   ] GC(481)   Merge Heap Roots: 0.11ms
[258.268s][info][gc,phases   ] GC(481)   Evacuate Collection Set: 6.39ms
[258.268s][info][gc,phases   ] GC(481)   Post Evacuate Collection Set: 0.77ms
[258.268s][info][gc,phases   ] GC(481)   Other: 0.11ms
[258.268s][info][gc,heap     ] GC(481) Eden regions: 346->0(350)
[258.268s][info][gc,heap     ] GC(481) Survivor regions: 10->6(45)
[258.268s][info][gc,heap     ] GC(481) Old regions: 57->57
[258.268s][info][gc,heap     ] GC(481) Humongous regions: 3->1
[258.268s][info][gc,metaspace] GC(481) Metaspace: 42454K(42880K)->42454K(42880K) NonClass: 38112K(38336K)->38112K(38336K) Class: 4342K(4544K)->4342K(4544K)
[258.268s][info][gc          ] GC(481) Pause Young (Normal) (G1 Evacuation Pause) 414M->62M(594M) 7.818ms
[258.268s][info][gc,cpu      ] GC(481) User=0.01s Sys=0.00s Real=0.00s
[259.533s][info][gc,start    ] GC(482) Pause Young (Normal) (G1 Evacuation Pause)
[259.533s][info][gc,task     ] GC(482) Using 2 workers of 2 for evacuation
[259.577s][info][gc,phases   ] GC(482)   Pre Evacuate Collection Set: 0.26ms
[259.577s][info][gc,phases   ] GC(482)   Merge Heap Roots: 0.13ms
[259.577s][info][gc,phases   ] GC(482)   Evacuate Collection Set: 42.73ms
[259.577s][info][gc,phases   ] GC(482)   Post Evacuate Collection Set: 0.77ms
[259.577s][info][gc,phases   ] GC(482)   Other: 0.11ms
[259.577s][info][gc,heap     ] GC(482) Eden regions: 350->0(316)
[259.577s][info][gc,heap     ] GC(482) Survivor regions: 6->40(45)
[259.577s][info][gc,heap     ] GC(482) Old regions: 57->57
[259.577s][info][gc,heap     ] GC(482) Humongous regions: 12->4
[259.577s][info][gc,metaspace] GC(482) Metaspace: 42480K(42880K)->42480K(42880K) NonClass: 38138K(38336K)->38138K(38336K) Class: 4342K(4544K)->4342K(4544K)
[259.577s][info][gc          ] GC(482) Pause Young (Normal) (G1 Evacuation Pause) 423M->99M(594M) 44.233ms
[259.577s][info][gc,cpu      ] GC(482) User=0.08s Sys=0.00s Real=0.04s
[260.366s][info][gc,start    ] GC(483) Pause Young (Normal) (G1 Evacuation Pause)
[260.366s][info][gc,task     ] GC(483) Using 2 workers of 2 for evacuation
[260.445s][info][gc,phases   ] GC(483)   Pre Evacuate Collection Set: 0.37ms
[260.445s][info][gc,phases   ] GC(483)   Merge Heap Roots: 0.15ms
[260.445s][info][gc,phases   ] GC(483)   Evacuate Collection Set: 78.00ms
[260.445s][info][gc,phases   ] GC(483)   Post Evacuate Collection Set: 0.68ms
[260.445s][info][gc,phases   ] GC(483)   Other: 0.10ms
[260.445s][info][gc,heap     ] GC(483) Eden regions: 316->0(321)
[260.445s][info][gc,heap     ] GC(483) Survivor regions: 40->35(45)
[260.445s][info][gc,heap     ] GC(483) Old regions: 57->97
[260.445s][info][gc,heap     ] GC(483) Humongous regions: 6->6
[260.445s][info][gc,metaspace] GC(483) Metaspace: 42480K(42880K)->42480K(42880K) NonClass: 38138K(38336K)->38138K(38336K) Class: 4342K(4544K)->4342K(4544K)
[260.445s][info][gc          ] GC(483) Pause Young (Normal) (G1 Evacuation Pause) 417M->135M(594M) 79.500ms
[260.445s][info][gc,cpu      ] GC(483) User=0.15s Sys=0.00s Real=0.08s
[264.413s][info][gc,start    ] GC(484) Pause Young (Normal) (G1 Evacuation Pause)
[264.413s][info][gc,task     ] GC(484) Using 2 workers of 2 for evacuation
[264.510s][info][gc,phases   ] GC(484)   Pre Evacuate Collection Set: 0.25ms
[264.510s][info][gc,phases   ] GC(484)   Merge Heap Roots: 0.24ms
[264.510s][info][gc,phases   ] GC(484)   Evacuate Collection Set: 95.72ms
[264.510s][info][gc,phases   ] GC(484)   Post Evacuate Collection Set: 0.64ms
[264.510s][info][gc,phases   ] GC(484)   Other: 0.11ms
[264.510s][info][gc,heap     ] GC(484) Eden regions: 321->0(334)
[264.510s][info][gc,heap     ] GC(484) Survivor regions: 35->22(45)
[264.510s][info][gc,heap     ] GC(484) Old regions: 97->132
[264.510s][info][gc,heap     ] GC(484) Humongous regions: 14->8
[264.510s][info][gc,metaspace] GC(484) Metaspace: 42502K(42944K)->42502K(42944K) NonClass: 38160K(38400K)->38160K(38400K) Class: 4342K(4544K)->4342K(4544K)
[264.510s][info][gc          ] GC(484) Pause Young (Normal) (G1 Evacuation Pause) (Evacuation Failure: Pinned) 464M->159M(594M) 97.197ms
[264.510s][info][gc,cpu      ] GC(484) User=0.19s Sys=0.00s Real=0.10s
[264.871s][info][gc,start    ] GC(485) Pause Young (Concurrent Start) (G1 Humongous Allocation)
[264.871s][info][gc,task     ] GC(485) Using 2 workers of 2 for evacuation
[264.896s][info][gc,phases   ] GC(485)   Pre Evacuate Collection Set: 0.27ms
[264.896s][info][gc,phases   ] GC(485)   Merge Heap Roots: 0.11ms
[264.896s][info][gc,phases   ] GC(485)   Evacuate Collection Set: 23.85ms
[264.896s][info][gc,phases   ] GC(485)   Post Evacuate Collection Set: 0.41ms
[264.896s][info][gc,phases   ] GC(485)   Other: 0.11ms
[264.896s][info][gc,heap     ] GC(485) Eden regions: 94->0(335)
[264.896s][info][gc,heap     ] GC(485) Survivor regions: 22->21(45)
[264.896s][info][gc,heap     ] GC(485) Old regions: 132->131
[264.896s][info][gc,heap     ] GC(485) Humongous regions: 8->8
[264.896s][info][gc,metaspace] GC(485) Metaspace: 42511K(42944K)->42511K(42944K) NonClass: 38169K(38400K)->38169K(38400K) Class: 4342K(4544K)->4342K(4544K)
[264.896s][info][gc          ] GC(485) Pause Young (Concurrent Start) (G1 Humongous Allocation) 253M->158M(594M) 24.963ms
[264.896s][info][gc,cpu      ] GC(485) User=0.05s Sys=0.00s Real=0.02s
[264.896s][info][gc          ] GC(486) Concurrent Mark Cycle
[264.896s][info][gc,marking  ] GC(486) Concurrent Scan Root Regions
[264.944s][info][gc,marking  ] GC(486) Concurrent Scan Root Regions 47.952ms
[264.944s][info][gc,marking  ] GC(486) Concurrent Mark
[264.944s][info][gc,marking  ] GC(486) Concurrent Mark From Roots
[264.944s][info][gc,task     ] GC(486) Using 1 workers of 1 for marking
[265.117s][info][gc,marking  ] GC(486) Concurrent Mark From Roots 173.321ms
[265.118s][info][gc,marking  ] GC(486) Concurrent Preclean
[265.118s][info][gc,marking  ] GC(486) Concurrent Preclean 0.208ms
[265.120s][info][gc,start    ] GC(486) Pause Remark
[265.144s][info][gc          ] GC(486) Pause Remark 202M->178M(460M) 23.961ms
[265.144s][info][gc,cpu      ] GC(486) User=0.05s Sys=0.00s Real=0.02s
[265.144s][info][gc,marking  ] GC(486) Concurrent Mark 199.831ms
[265.144s][info][gc,marking  ] GC(486) Concurrent Rebuild Remembered Sets and Scrub Regions
[265.212s][info][gc,marking  ] GC(486) Concurrent Rebuild Remembered Sets and Scrub Regions 68.400ms
[265.213s][info][gc,start    ] GC(486) Pause Cleanup
[265.213s][info][gc          ] GC(486) Pause Cleanup 191M->191M(460M) 0.061ms
[265.213s][info][gc,cpu      ] GC(486) User=0.00s Sys=0.00s Real=0.00s
[265.214s][info][gc,marking  ] GC(486) Concurrent Clear Claimed Marks
[265.214s][info][gc,marking  ] GC(486) Concurrent Clear Claimed Marks 0.077ms
[265.214s][info][gc,marking  ] GC(486) Concurrent Cleanup for Next Mark
[265.216s][info][gc,marking  ] GC(486) Concurrent Cleanup for Next Mark 1.935ms
[265.216s][info][gc          ] GC(486) Concurrent Mark Cycle 319.782ms
[265.788s][info][gc,start    ] GC(487) Pause Young (Prepare Mixed) (G1 Evacuation Pause)
[265.788s][info][gc,task     ] GC(487) Using 2 workers of 2 for evacuation
[265.828s][info][gc,phases   ] GC(487)   Pre Evacuate Collection Set: 0.21ms
[265.828s][info][gc,phases   ] GC(487)   Merge Heap Roots: 0.14ms
[265.828s][info][gc,phases   ] GC(487)   Evacuate Collection Set: 38.81ms
[265.828s][info][gc,phases   ] GC(487)   Post Evacuate Collection Set: 0.63ms
[265.828s][info][gc,phases   ] GC(487)   Other: 0.10ms
[265.828s][info][gc,heap     ] GC(487) Eden regions: 255->0(243)
[265.828s][info][gc,heap     ] GC(487) Survivor regions: 21->33(35)
[265.828s][info][gc,heap     ] GC(487) Old regions: 114->117
[265.828s][info][gc,heap     ] GC(487) Humongous regions: 4->4
[265.828s][info][gc,metaspace] GC(487) Metaspace: 42511K(42944K)->42511K(42944K) NonClass: 38169K(38400K)->38169K(38400K) Class: 4342K(4544K)->4342K(4544K)
[265.828s][info][gc          ] GC(487) Pause Young (Prepare Mixed) (G1 Evacuation Pause) 392M->152M(460M) 40.112ms
[265.828s][info][gc,cpu      ] GC(487) User=0.07s Sys=0.00s Real=0.04s
[266.466s][info][gc,start    ] GC(488) Pause Young (Mixed) (G1 Evacuation Pause)
[266.466s][info][gc,task     ] GC(488) Using 2 workers of 2 for evacuation
[266.539s][info][gc,phases   ] GC(488)   Pre Evacuate Collection Set: 0.26ms
[266.539s][info][gc,phases   ] GC(488)   Merge Heap Roots: 0.10ms
[266.539s][info][gc,phases   ] GC(488)   Evacuate Collection Set: 72.60ms
[266.539s][info][gc,phases   ] GC(488)   Post Evacuate Collection Set: 0.54ms
[266.539s][info][gc,phases   ] GC(488)   Other: 0.09ms
[266.540s][info][gc,heap     ] GC(488) Eden regions: 243->0(225)
[266.540s][info][gc,heap     ] GC(488) Survivor regions: 33->29(35)
[266.540s][info][gc,heap     ] GC(488) Old regions: 117->144
[266.540s][info][gc,heap     ] GC(488) Humongous regions: 6->6
[266.540s][info][gc,metaspace] GC(488) Metaspace: 42511K(42944K)->42511K(42944K) NonClass: 38169K(38400K)->38169K(38400K) Class: 4342K(4544K)->4342K(4544K)
[266.540s][info][gc          ] GC(488) Pause Young (Mixed) (G1 Evacuation Pause) 397M->176M(461M) 73.825ms
[266.540s][info][gc,cpu      ] GC(488) User=0.14s Sys=0.00s Real=0.08s
[266.610s][info][gc,start    ] GC(489) Pause Young (Concurrent Start) (G1 Humongous Allocation)
[266.610s][info][gc,task     ] GC(489) Using 2 workers of 2 for evacuation
[266.640s][info][gc,phases   ] GC(489)   Pre Evacuate Collection Set: 0.30ms
[266.640s][info][gc,phases   ] GC(489)   Merge Heap Roots: 0.08ms
[266.640s][info][gc,phases   ] GC(489)   Evacuate Collection Set: 29.08ms
[266.640s][info][gc,phases   ] GC(489)   Post Evacuate Collection Set: 0.34ms
[266.640s][info][gc,phases   ] GC(489)   Other: 0.15ms
[266.640s][info][gc,heap     ] GC(489) Eden regions: 26->0(221)
[266.640s][info][gc,heap     ] GC(489) Survivor regions: 29->4(32)
[266.640s][info][gc,heap     ] GC(489) Old regions: 144->172
[266.640s][info][gc,heap     ] GC(489) Humongous regions: 6->6
[266.640s][info][gc,metaspace] GC(489) Metaspace: 42511K(42944K)->42511K(42944K) NonClass: 38169K(38400K)->38169K(38400K) Class: 4342K(4544K)->4342K(4544K)
[266.640s][info][gc          ] GC(489) Pause Young (Concurrent Start) (G1 Humongous Allocation) 202M->179M(461M) 30.201ms
[266.640s][info][gc,cpu      ] GC(489) User=0.06s Sys=0.00s Real=0.03s
[266.640s][info][gc          ] GC(490) Concurrent Mark Cycle
[266.640s][info][gc,marking  ] GC(490) Concurrent Scan Root Regions
[266.670s][info][gc,marking  ] GC(490) Concurrent Scan Root Regions 29.676ms
[266.670s][info][gc,marking  ] GC(490) Concurrent Mark
[266.670s][info][gc,marking  ] GC(490) Concurrent Mark From Roots
[266.670s][info][gc,task     ] GC(490) Using 1 workers of 1 for marking
[266.747s][info][gc,marking  ] GC(490) Concurrent Mark From Roots 76.826ms
[266.747s][info][gc,marking  ] GC(490) Concurrent Preclean
[266.747s][info][gc,marking  ] GC(490) Concurrent Preclean 0.037ms
[266.747s][info][gc,start    ] GC(490) Pause Remark
[266.766s][info][gc          ] GC(490) Pause Remark 211M->145M(400M) 18.720ms
[266.766s][info][gc,cpu      ] GC(490) User=0.04s Sys=0.00s Real=0.02s
[266.766s][info][gc,marking  ] GC(490) Concurrent Mark 95.935ms
[266.766s][info][gc,marking  ] GC(490) Concurrent Rebuild Remembered Sets and Scrub Regions
[266.825s][info][gc,marking  ] GC(490) Concurrent Rebuild Remembered Sets and Scrub Regions 59.333ms
[266.825s][info][gc,start    ] GC(490) Pause Cleanup
[266.825s][info][gc          ] GC(490) Pause Cleanup 171M->171M(400M) 0.053ms
[266.825s][info][gc,cpu      ] GC(490) User=0.00s Sys=0.00s Real=0.00s
[266.825s][info][gc,marking  ] GC(490) Concurrent Clear Claimed Marks
[266.825s][info][gc,marking  ] GC(490) Concurrent Clear Claimed Marks 0.041ms
[266.825s][info][gc,marking  ] GC(490) Concurrent Cleanup for Next Mark
[266.826s][info][gc,marking  ] GC(490) Concurrent Cleanup for Next Mark 1.174ms
[266.826s][info][gc          ] GC(490) Concurrent Mark Cycle 186.611ms
[268.183s][info][gc,start    ] GC(491) Pause Young (Prepare Mixed) (G1 Evacuation Pause)
[268.183s][info][gc,task     ] GC(491) Using 2 workers of 2 for evacuation
[268.226s][info][gc,phases   ] GC(491)   Pre Evacuate Collection Set: 0.18ms
[268.226s][info][gc,phases   ] GC(491)   Merge Heap Roots: 0.19ms
[268.226s][info][gc,phases   ] GC(491)   Evacuate Collection Set: 42.37ms
[268.226s][info][gc,phases   ] GC(491)   Post Evacuate Collection Set: 0.52ms
[268.226s][info][gc,phases   ] GC(491)   Other: 0.08ms
[268.226s][info][gc,heap     ] GC(491) Eden regions: 221->0(199)
[268.226s][info][gc,heap     ] GC(491) Survivor regions: 4->26(29)
[268.226s][info][gc,heap     ] GC(491) Old regions: 107->107
[268.226s][info][gc,heap     ] GC(491) Humongous regions: 17->15
[268.226s][info][gc,metaspace] GC(491) Metaspace: 42511K(42944K)->42511K(42944K) NonClass: 38169K(38400K)->38169K(38400K) Class: 4342K(4544K)->4342K(4544K)
[268.226s][info][gc          ] GC(491) Pause Young (Prepare Mixed) (G1 Evacuation Pause) 346M->145M(400M) 43.541ms
[268.226s][info][gc,cpu      ] GC(491) User=0.09s Sys=0.00s Real=0.04s
[269.155s][info][gc,start    ] GC(492) Pause Young (Mixed) (G1 Evacuation Pause)
[269.155s][info][gc,task     ] GC(492) Using 2 workers of 2 for evacuation
[269.202s][info][gc,phases   ] GC(492)   Pre Evacuate Collection Set: 0.27ms
[269.202s][info][gc,phases   ] GC(492)   Merge Heap Roots: 0.20ms
[269.202s][info][gc,phases   ] GC(492)   Evacuate Collection Set: 46.04ms
[269.202s][info][gc,phases   ] GC(492)   Post Evacuate Collection Set: 0.52ms
[269.202s][info][gc,phases   ] GC(492)   Other: 0.10ms
[269.202s][info][gc,heap     ] GC(492) Eden regions: 199->0(199)
[269.202s][info][gc,heap     ] GC(492) Survivor regions: 26->12(29)
[269.202s][info][gc,heap     ] GC(492) Old regions: 107->123
[269.202s][info][gc,heap     ] GC(492) Humongous regions: 15->15
[269.202s][info][gc,metaspace] GC(492) Metaspace: 42511K(42944K)->42511K(42944K) NonClass: 38169K(38400K)->38169K(38400K) Class: 4342K(4544K)->4342K(4544K)
[269.202s][info][gc          ] GC(492) Pause Young (Mixed) (G1 Evacuation Pause) 344M->147M(400M) 47.324ms
[269.202s][info][gc,cpu      ] GC(492) User=0.09s Sys=0.00s Real=0.05s
[270.424s][info][gc,start    ] GC(493) Pause Young (Concurrent Start) (G1 Evacuation Pause)
[270.424s][info][gc,task     ] GC(493) Using 2 workers of 2 for evacuation
[270.452s][info][gc,phases   ] GC(493)   Pre Evacuate Collection Set: 0.20ms
[270.452s][info][gc,phases   ] GC(493)   Merge Heap Roots: 0.10ms
[270.452s][info][gc,phases   ] GC(493)   Evacuate Collection Set: 26.96ms
[270.452s][info][gc,phases   ] GC(493)   Post Evacuate Collection Set: 0.50ms
[270.452s][info][gc,phases   ] GC(493)   Other: 0.10ms
[270.452s][info][gc,heap     ] GC(493) Eden regions: 199->0(183)
[270.452s][info][gc,heap     ] GC(493) Survivor regions: 12->27(27)
[270.452s][info][gc,heap     ] GC(493) Old regions: 123->126
[270.452s][info][gc,heap     ] GC(493) Humongous regions: 15->15
[270.452s][info][gc,metaspace] GC(493) Metaspace: 42511K(42944K)->42511K(42944K) NonClass: 38169K(38400K)->38169K(38400K) Class: 4342K(4544K)->4342K(4544K)
[270.452s][info][gc          ] GC(493) Pause Young (Concurrent Start) (G1 Evacuation Pause) 346M->166M(400M) 28.073ms
[270.452s][info][gc,cpu      ] GC(493) User=0.06s Sys=0.00s Real=0.03s
[270.452s][info][gc          ] GC(494) Concurrent Mark Cycle
[270.452s][info][gc,marking  ] GC(494) Concurrent Scan Root Regions
[270.472s][info][gc,marking  ] GC(494) Concurrent Scan Root Regions 20.224ms
[270.473s][info][gc,marking  ] GC(494) Concurrent Mark
[270.473s][info][gc,marking  ] GC(494) Concurrent Mark From Roots
[270.473s][info][gc,task     ] GC(494) Using 1 workers of 1 for marking
[270.506s][info][gc,marking  ] GC(494) Concurrent Mark From Roots 33.313ms
[270.506s][info][gc,marking  ] GC(494) Concurrent Preclean
[270.506s][info][gc,marking  ] GC(494) Concurrent Preclean 0.033ms
[270.506s][info][gc,start    ] GC(494) Pause Remark
[270.523s][info][gc          ] GC(494) Pause Remark 174M->84M(260M) 16.603ms
[270.523s][info][gc,cpu      ] GC(494) User=0.04s Sys=0.00s Real=0.02s
[270.523s][info][gc,marking  ] GC(494) Concurrent Mark 50.284ms
[270.523s][info][gc,marking  ] GC(494) Concurrent Rebuild Remembered Sets and Scrub Regions
[270.539s][info][gc,marking  ] GC(494) Concurrent Rebuild Remembered Sets and Scrub Regions 16.256ms
[270.539s][info][gc,start    ] GC(494) Pause Cleanup
[270.539s][info][gc          ] GC(494) Pause Cleanup 87M->87M(260M) 0.046ms
[270.539s][info][gc,cpu      ] GC(494) User=0.00s Sys=0.00s Real=0.00s
[270.539s][info][gc,marking  ] GC(494) Concurrent Clear Claimed Marks
[270.539s][info][gc,marking  ] GC(494) Concurrent Clear Claimed Marks 0.039ms
[270.539s][info][gc,marking  ] GC(494) Concurrent Cleanup for Next Mark
[270.540s][info][gc,marking  ] GC(494) Concurrent Cleanup for Next Mark 0.769ms
[270.540s][info][gc          ] GC(494) Concurrent Mark Cycle 87.995ms
[271.244s][info][gc,start    ] GC(495) Pause Young (Prepare Mixed) (G1 Evacuation Pause)
[271.244s][info][gc,task     ] GC(495) Using 2 workers of 2 for evacuation
[271.267s][info][gc,phases   ] GC(495)   Pre Evacuate Collection Set: 0.17ms
[271.267s][info][gc,phases   ] GC(495)   Merge Heap Roots: 0.19ms
[271.267s][info][gc,phases   ] GC(495)   Evacuate Collection Set: 22.11ms
[271.267s][info][gc,phases   ] GC(495)   Post Evacuate Collection Set: 0.40ms
[271.267s][info][gc,phases   ] GC(495)   Other: 0.08ms
[271.267s][info][gc,heap     ] GC(495) Eden regions: 129->0(142)
[271.267s][info][gc,heap     ] GC(495) Survivor regions: 27->13(20)
[271.267s][info][gc,heap     ] GC(495) Old regions: 50->64
[271.267s][info][gc,heap     ] GC(495) Humongous regions: 1->1
[271.267s][info][gc,metaspace] GC(495) Metaspace: 42512K(42944K)->42512K(42944K) NonClass: 38169K(38400K)->38169K(38400K) Class: 4342K(4544K)->4342K(4544K)
[271.267s][info][gc          ] GC(495) Pause Young (Prepare Mixed) (G1 Evacuation Pause) 206M->76M(260M) 23.169ms
[271.267s][info][gc,cpu      ] GC(495) User=0.05s Sys=0.00s Real=0.02s
[272.180s][info][gc,start    ] GC(496) Pause Young (Mixed) (G1 Evacuation Pause)
[272.180s][info][gc,task     ] GC(496) Using 2 workers of 2 for evacuation
[272.205s][info][gc,phases   ] GC(496)   Pre Evacuate Collection Set: 0.23ms
[272.205s][info][gc,phases   ] GC(496)   Merge Heap Roots: 0.10ms
[272.205s][info][gc,phases   ] GC(496)   Evacuate Collection Set: 24.22ms
[272.205s][info][gc,phases   ] GC(496)   Post Evacuate Collection Set: 0.45ms
[272.205s][info][gc,phases   ] GC(496)   Other: 0.07ms
[272.205s][info][gc,heap     ] GC(496) Eden regions: 142->0(139)
[272.205s][info][gc,heap     ] GC(496) Survivor regions: 13->14(20)
[272.205s][info][gc,heap     ] GC(496) Old regions: 64->67
[272.205s][info][gc,heap     ] GC(496) Humongous regions: 2->2
[272.205s][info][gc,metaspace] GC(496) Metaspace: 42512K(42944K)->42512K(42944K) NonClass: 38169K(38400K)->38169K(38400K) Class: 4342K(4544K)->4342K(4544K)
[272.205s][info][gc          ] GC(496) Pause Young (Mixed) (G1 Evacuation Pause) 219M->82M(260M) 25.280ms
[272.205s][info][gc,cpu      ] GC(496) User=0.05s Sys=0.00s Real=0.02s
[273.090s][info][gc,start    ] GC(497) Pause Young (Concurrent Start) (G1 Evacuation Pause)
[273.090s][info][gc,task     ] GC(497) Using 2 workers of 2 for evacuation
[273.118s][info][gc,phases   ] GC(497)   Pre Evacuate Collection Set: 0.15ms
[273.118s][info][gc,phases   ] GC(497)   Merge Heap Roots: 0.09ms
[273.118s][info][gc,phases   ] GC(497)   Evacuate Collection Set: 27.15ms
[273.118s][info][gc,phases   ] GC(497)   Post Evacuate Collection Set: 0.42ms
[273.118s][info][gc,phases   ] GC(497)   Other: 0.12ms
[273.118s][info][gc,heap     ] GC(497) Eden regions: 139->0(129)
[273.118s][info][gc,heap     ] GC(497) Survivor regions: 14->13(20)
[273.118s][info][gc,heap     ] GC(497) Old regions: 67->81
[273.118s][info][gc,heap     ] GC(497) Humongous regions: 2->2
[273.118s][info][gc,metaspace] GC(497) Metaspace: 42512K(42944K)->42512K(42944K) NonClass: 38169K(38400K)->38169K(38400K) Class: 4342K(4544K)->4342K(4544K)
[273.118s][info][gc          ] GC(497) Pause Young (Concurrent Start) (G1 Evacuation Pause) 221M->95M(260M) 28.134ms
[273.118s][info][gc,cpu      ] GC(497) User=0.06s Sys=0.00s Real=0.02s
[273.118s][info][gc          ] GC(498) Concurrent Mark Cycle
[273.118s][info][gc,marking  ] GC(498) Concurrent Scan Root Regions
[273.149s][info][gc,marking  ] GC(498) Concurrent Scan Root Regions 30.939ms
[273.149s][info][gc,marking  ] GC(498) Concurrent Mark
[273.149s][info][gc,marking  ] GC(498) Concurrent Mark From Roots
[273.149s][info][gc,task     ] GC(498) Using 1 workers of 1 for marking
[273.196s][info][gc,marking  ] GC(498) Concurrent Mark From Roots 46.813ms
[273.196s][info][gc,marking  ] GC(498) Concurrent Preclean
[273.196s][info][gc,marking  ] GC(498) Concurrent Preclean 0.034ms
[273.196s][info][gc,start    ] GC(498) Pause Remark
[273.213s][info][gc          ] GC(498) Pause Remark 105M->99M(260M) 16.403ms
[273.213s][info][gc,cpu      ] GC(498) User=0.04s Sys=0.00s Real=0.02s
[273.213s][info][gc,marking  ] GC(498) Concurrent Mark 63.531ms
[273.213s][info][gc,marking  ] GC(498) Concurrent Rebuild Remembered Sets and Scrub Regions
[273.244s][info][gc,marking  ] GC(498) Concurrent Rebuild Remembered Sets and Scrub Regions 31.344ms
[273.245s][info][gc,start    ] GC(498) Pause Cleanup
[273.245s][info][gc          ] GC(498) Pause Cleanup 104M->104M(260M) 0.047ms
[273.245s][info][gc,cpu      ] GC(498) User=0.00s Sys=0.00s Real=0.00s
[273.245s][info][gc,marking  ] GC(498) Concurrent Clear Claimed Marks
[273.245s][info][gc,marking  ] GC(498) Concurrent Clear Claimed Marks 0.037ms
[273.245s][info][gc,marking  ] GC(498) Concurrent Cleanup for Next Mark
[273.245s][info][gc,marking  ] GC(498) Concurrent Cleanup for Next Mark 0.743ms
[273.245s][info][gc          ] GC(498) Concurrent Mark Cycle 126.952ms
[273.798s][info][gc,start    ] GC(499) Pause Young (Prepare Mixed) (G1 Evacuation Pause)
[273.798s][info][gc,task     ] GC(499) Using 2 workers of 2 for evacuation
[273.818s][info][gc,phases   ] GC(499)   Pre Evacuate Collection Set: 0.20ms
[273.818s][info][gc,phases   ] GC(499)   Merge Heap Roots: 0.09ms
[273.818s][info][gc,phases   ] GC(499)   Evacuate Collection Set: 18.44ms
[273.818s][info][gc,phases   ] GC(499)   Post Evacuate Collection Set: 0.43ms
[273.818s][info][gc,phases   ] GC(499)   Other: 0.09ms
[273.818s][info][gc,heap     ] GC(499) Eden regions: 129->0(123)
[273.818s][info][gc,heap     ] GC(499) Survivor regions: 13->17(18)
[273.818s][info][gc,heap     ] GC(499) Old regions: 75->78
[273.818s][info][gc,heap     ] GC(499) Humongous regions: 4->4
[273.818s][info][gc,metaspace] GC(499) Metaspace: 42512K(42944K)->42512K(42944K) NonClass: 38169K(38400K)->38169K(38400K) Class: 4342K(4544K)->4342K(4544K)
[273.818s][info][gc          ] GC(499) Pause Young (Prepare Mixed) (G1 Evacuation Pause) 220M->98M(260M) 19.465ms
[273.818s][info][gc,cpu      ] GC(499) User=0.04s Sys=0.00s Real=0.02s
[274.142s][info][gc,start    ] GC(500) Pause Young (Mixed) (G1 Evacuation Pause)
[274.142s][info][gc,task     ] GC(500) Using 2 workers of 2 for evacuation
[274.178s][info][gc,phases   ] GC(500)   Pre Evacuate Collection Set: 0.25ms
[274.178s][info][gc,phases   ] GC(500)   Merge Heap Roots: 0.22ms
[274.178s][info][gc,phases   ] GC(500)   Evacuate Collection Set: 34.88ms
[274.178s][info][gc,phases   ] GC(500)   Post Evacuate Collection Set: 0.48ms
[274.178s][info][gc,phases   ] GC(500)   Other: 0.08ms
[274.178s][info][gc,heap     ] GC(500) Eden regions: 123->0(124)
[274.178s][info][gc,heap     ] GC(500) Survivor regions: 17->16(18)
[274.178s][info][gc,heap     ] GC(500) Old regions: 78->76
[274.178s][info][gc,heap     ] GC(500) Humongous regions: 5->5
[274.178s][info][gc,metaspace] GC(500) Metaspace: 42512K(42944K)->42512K(42944K) NonClass: 38169K(38400K)->38169K(38400K) Class: 4342K(4544K)->4342K(4544K)
[274.178s][info][gc          ] GC(500) Pause Young (Mixed) (G1 Evacuation Pause) 222M->96M(260M) 36.124ms
[274.178s][info][gc,cpu      ] GC(500) User=0.07s Sys=0.00s Real=0.03s
[274.465s][info][gc,start    ] GC(501) Pause Young (Concurrent Start) (G1 Humongous Allocation)
[274.465s][info][gc,task     ] GC(501) Using 2 workers of 2 for evacuation
[274.494s][info][gc,phases   ] GC(501)   Pre Evacuate Collection Set: 0.17ms
[274.494s][info][gc,phases   ] GC(501)   Merge Heap Roots: 0.06ms
[274.494s][info][gc,phases   ] GC(501)   Evacuate Collection Set: 28.32ms
[274.494s][info][gc,phases   ] GC(501)   Post Evacuate Collection Set: 0.39ms
[274.494s][info][gc,phases   ] GC(501)   Other: 0.10ms
[274.494s][info][gc,heap     ] GC(501) Eden regions: 118->0(113)
[274.494s][info][gc,heap     ] GC(501) Survivor regions: 16->15(18)
[274.494s][info][gc,heap     ] GC(501) Old regions: 76->92
[274.494s][info][gc,heap     ] GC(501) Humongous regions: 5->5
[274.494s][info][gc,metaspace] GC(501) Metaspace: 42512K(42944K)->42512K(42944K) NonClass: 38169K(38400K)->38169K(38400K) Class: 4342K(4544K)->4342K(4544K)
[274.494s][info][gc          ] GC(501) Pause Young (Concurrent Start) (G1 Humongous Allocation) 214M->111M(260M) 29.261ms
[274.494s][info][gc,cpu      ] GC(501) User=0.05s Sys=0.00s Real=0.03s
[274.494s][info][gc          ] GC(502) Concurrent Mark Cycle
[274.494s][info][gc,marking  ] GC(502) Concurrent Scan Root Regions
[274.533s][info][gc,marking  ] GC(502) Concurrent Scan Root Regions 38.405ms
[274.533s][info][gc,marking  ] GC(502) Concurrent Mark
[274.533s][info][gc,marking  ] GC(502) Concurrent Mark From Roots
[274.533s][info][gc,task     ] GC(502) Using 1 workers of 1 for marking
[274.571s][info][gc,marking  ] GC(502) Concurrent Mark From Roots 38.411ms
[274.571s][info][gc,marking  ] GC(502) Concurrent Preclean
[274.571s][info][gc,marking  ] GC(502) Concurrent Preclean 0.034ms
[274.572s][info][gc,start    ] GC(502) Pause Remark
[274.590s][info][gc          ] GC(502) Pause Remark 131M->113M(260M) 17.965ms
[274.590s][info][gc,cpu      ] GC(502) User=0.03s Sys=0.00s Real=0.02s
[274.590s][info][gc,marking  ] GC(502) Concurrent Mark 56.711ms
[274.590s][info][gc,marking  ] GC(502) Concurrent Rebuild Remembered Sets and Scrub Regions
[274.621s][info][gc,marking  ] GC(502) Concurrent Rebuild Remembered Sets and Scrub Regions 31.829ms
[274.622s][info][gc,start    ] GC(502) Pause Cleanup
[274.622s][info][gc          ] GC(502) Pause Cleanup 126M->126M(260M) 0.055ms
[274.622s][info][gc,cpu      ] GC(502) User=0.00s Sys=0.00s Real=0.00s
[274.622s][info][gc,marking  ] GC(502) Concurrent Clear Claimed Marks
[274.622s][info][gc,marking  ] GC(502) Concurrent Clear Claimed Marks 0.038ms
[274.622s][info][gc,marking  ] GC(502) Concurrent Cleanup for Next Mark
[274.623s][info][gc,marking  ] GC(502) Concurrent Cleanup for Next Mark 0.752ms
[274.623s][info][gc          ] GC(502) Concurrent Mark Cycle 128.112ms
[274.819s][info][gc,start    ] GC(503) Pause Young (Prepare Mixed) (G1 Evacuation Pause)
[274.819s][info][gc,task     ] GC(503) Using 2 workers of 2 for evacuation
[274.850s][info][gc,phases   ] GC(503)   Pre Evacuate Collection Set: 0.17ms
[274.850s][info][gc,phases   ] GC(503)   Merge Heap Roots: 0.11ms
[274.850s][info][gc,phases   ] GC(503)   Evacuate Collection Set: 29.34ms
[274.850s][info][gc,phases   ] GC(503)   Post Evacuate Collection Set: 0.67ms
[274.850s][info][gc,phases   ] GC(503)   Other: 0.08ms
[274.850s][info][gc,heap     ] GC(503) Eden regions: 113->0(139)
[274.850s][info][gc,heap     ] GC(503) Survivor regions: 15->14(16)
[274.850s][info][gc,heap     ] GC(503) Old regions: 75->89
[274.850s][info][gc,heap     ] GC(503) Humongous regions: 6->6
[274.850s][info][gc,metaspace] GC(503) Metaspace: 42512K(42944K)->42512K(42944K) NonClass: 38169K(38400K)->38169K(38400K) Class: 4342K(4544K)->4342K(4544K)
[274.850s][info][gc          ] GC(503) Pause Young (Prepare Mixed) (G1 Evacuation Pause) 208M->108M(289M) 30.587ms
[274.850s][info][gc,cpu      ] GC(503) User=0.06s Sys=0.00s Real=0.03s
[275.214s][info][gc,start    ] GC(504) Pause Young (Mixed) (G1 Evacuation Pause)
[275.214s][info][gc,task     ] GC(504) Using 2 workers of 2 for evacuation
[275.249s][info][gc,phases   ] GC(504)   Pre Evacuate Collection Set: 0.25ms
[275.249s][info][gc,phases   ] GC(504)   Merge Heap Roots: 0.12ms
[275.249s][info][gc,phases   ] GC(504)   Evacuate Collection Set: 33.69ms
[275.249s][info][gc,phases   ] GC(504)   Post Evacuate Collection Set: 0.47ms
[275.249s][info][gc,phases   ] GC(504)   Other: 0.09ms
[275.249s][info][gc,heap     ] GC(504) Eden regions: 139->0(143)
[275.249s][info][gc,heap     ] GC(504) Survivor regions: 14->17(20)
[275.249s][info][gc,heap     ] GC(504) Old regions: 89->81
[275.249s][info][gc,heap     ] GC(504) Humongous regions: 6->6
[275.249s][info][gc,metaspace] GC(504) Metaspace: 42512K(42944K)->42512K(42944K) NonClass: 38169K(38400K)->38169K(38400K) Class: 4342K(4544K)->4342K(4544K)
[275.249s][info][gc          ] GC(504) Pause Young (Mixed) (G1 Evacuation Pause) 247M->103M(289M) 34.830ms
[275.249s][info][gc,cpu      ] GC(504) User=0.07s Sys=0.01s Real=0.04s
[275.277s][info][gc,start    ] GC(505) Pause Young (Concurrent Start) (G1 Humongous Allocation)
[275.277s][info][gc,task     ] GC(505) Using 2 workers of 2 for evacuation
[275.296s][info][gc,phases   ] GC(505)   Pre Evacuate Collection Set: 0.18ms
[275.296s][info][gc,phases   ] GC(505)   Merge Heap Roots: 0.09ms
[275.296s][info][gc,phases   ] GC(505)   Evacuate Collection Set: 18.11ms
[275.296s][info][gc,phases   ] GC(505)   Post Evacuate Collection Set: 0.30ms
[275.296s][info][gc,phases   ] GC(505)   Other: 0.09ms
[275.296s][info][gc,heap     ] GC(505) Eden regions: 11->0(141)
[275.296s][info][gc,heap     ] GC(505) Survivor regions: 17->2(20)
[275.296s][info][gc,heap     ] GC(505) Old regions: 81->97
[275.296s][info][gc,heap     ] GC(505) Humongous regions: 6->6
[275.296s][info][gc,metaspace] GC(505) Metaspace: 42512K(42944K)->42512K(42944K) NonClass: 38169K(38400K)->38169K(38400K) Class: 4342K(4544K)->4342K(4544K)
[275.296s][info][gc          ] GC(505) Pause Young (Concurrent Start) (G1 Humongous Allocation) 113M->104M(289M) 19.005ms
[275.296s][info][gc          ] GC(506) Concurrent Mark Cycle
[275.296s][info][gc,marking  ] GC(506) Concurrent Scan Root Regions
[275.298s][info][gc,cpu      ] GC(505) User=0.04s Sys=0.00s Real=0.02s
[275.312s][info][gc,marking  ] GC(506) Concurrent Scan Root Regions 16.166ms
[275.312s][info][gc,marking  ] GC(506) Concurrent Mark
[275.312s][info][gc,marking  ] GC(506) Concurrent Mark From Roots
[275.312s][info][gc,task     ] GC(506) Using 1 workers of 1 for marking
[275.411s][info][gc,marking  ] GC(506) Concurrent Mark From Roots 99.167ms
[275.411s][info][gc,marking  ] GC(506) Concurrent Preclean
[275.411s][info][gc,marking  ] GC(506) Concurrent Preclean 0.037ms
[275.411s][info][gc,start    ] GC(506) Pause Remark
[275.428s][info][gc          ] GC(506) Pause Remark 133M->132M(289M) 16.181ms
[275.428s][info][gc,cpu      ] GC(506) User=0.03s Sys=0.00s Real=0.01s
[275.428s][info][gc,marking  ] GC(506) Concurrent Mark 115.685ms
[275.428s][info][gc,marking  ] GC(506) Concurrent Rebuild Remembered Sets and Scrub Regions
[275.491s][info][gc,marking  ] GC(506) Concurrent Rebuild Remembered Sets and Scrub Regions 63.198ms
[275.491s][info][gc,start    ] GC(506) Pause Cleanup
[275.491s][info][gc          ] GC(506) Pause Cleanup 160M->160M(289M) 0.045ms
[275.491s][info][gc,cpu      ] GC(506) User=0.00s Sys=0.00s Real=0.00s
[275.491s][info][gc,marking  ] GC(506) Concurrent Clear Claimed Marks
[275.491s][info][gc,marking  ] GC(506) Concurrent Clear Claimed Marks 0.048ms
[275.491s][info][gc,marking  ] GC(506) Concurrent Cleanup for Next Mark
[275.492s][info][gc,marking  ] GC(506) Concurrent Cleanup for Next Mark 1.144ms
[275.492s][info][gc          ] GC(506) Concurrent Mark Cycle 196.515ms
[275.734s][info][gc,start    ] GC(507) Pause Young (Prepare Mixed) (G1 Evacuation Pause)
[275.734s][info][gc,task     ] GC(507) Using 2 workers of 2 for evacuation
[275.759s][info][gc,phases   ] GC(507)   Pre Evacuate Collection Set: 0.16ms
[275.759s][info][gc,phases   ] GC(507)   Merge Heap Roots: 0.13ms
[275.759s][info][gc,phases   ] GC(507)   Evacuate Collection Set: 24.84ms
[275.759s][info][gc,phases   ] GC(507)   Post Evacuate Collection Set: 0.43ms
[275.759s][info][gc,phases   ] GC(507)   Other: 0.09ms
[275.759s][info][gc,heap     ] GC(507) Eden regions: 141->0(126)
[275.759s][info][gc,heap     ] GC(507) Survivor regions: 2->18(18)
[275.759s][info][gc,heap     ] GC(507) Old regions: 97->97
[275.759s][info][gc,heap     ] GC(507) Humongous regions: 9->9
[275.759s][info][gc,metaspace] GC(507) Metaspace: 42512K(42944K)->42512K(42944K) NonClass: 38169K(38400K)->38169K(38400K) Class: 4342K(4544K)->4342K(4544K)
[275.759s][info][gc          ] GC(507) Pause Young (Prepare Mixed) (G1 Evacuation Pause) 248M->123M(289M) 25.871ms
[275.759s][info][gc,cpu      ] GC(507) User=0.05s Sys=0.00s Real=0.03s
[277.045s][info][gc,start    ] GC(508) Pause Young (Mixed) (G1 Evacuation Pause)
[277.045s][info][gc,task     ] GC(508) Using 2 workers of 2 for evacuation
[277.083s][info][gc,phases   ] GC(508)   Pre Evacuate Collection Set: 0.22ms
[277.083s][info][gc,phases   ] GC(508)   Merge Heap Roots: 0.17ms
[277.083s][info][gc,phases   ] GC(508)   Evacuate Collection Set: 36.71ms
[277.083s][info][gc,phases   ] GC(508)   Post Evacuate Collection Set: 0.42ms
[277.083s][info][gc,phases   ] GC(508)   Other: 0.08ms
[277.083s][info][gc,heap     ] GC(508) Eden regions: 126->0(121)
[277.083s][info][gc,heap     ] GC(508) Survivor regions: 18->7(18)
[277.083s][info][gc,heap     ] GC(508) Old regions: 97->111
[277.083s][info][gc,heap     ] GC(508) Humongous regions: 17->15
[277.083s][info][gc,metaspace] GC(508) Metaspace: 42512K(42944K)->42512K(42944K) NonClass: 38169K(38400K)->38169K(38400K) Class: 4342K(4544K)->4342K(4544K)
[277.083s][info][gc          ] GC(508) Pause Young (Mixed) (G1 Evacuation Pause) 257M->132M(289M) 37.828ms
[277.083s][info][gc,cpu      ] GC(508) User=0.08s Sys=0.00s Real=0.04s
[277.604s][info][gc,start    ] GC(509) Pause Young (Concurrent Start) (G1 Evacuation Pause)
[277.604s][info][gc,task     ] GC(509) Using 2 workers of 2 for evacuation
[277.619s][info][gc,phases   ] GC(509)   Pre Evacuate Collection Set: 0.18ms
[277.619s][info][gc,phases   ] GC(509)   Merge Heap Roots: 0.10ms
[277.619s][info][gc,phases   ] GC(509)   Evacuate Collection Set: 13.77ms
[277.619s][info][gc,phases   ] GC(509)   Post Evacuate Collection Set: 0.40ms
[277.619s][info][gc,phases   ] GC(509)   Other: 0.11ms
[277.619s][info][gc,heap     ] GC(509) Eden regions: 121->0(120)
[277.619s][info][gc,heap     ] GC(509) Survivor regions: 7->11(16)
[277.619s][info][gc,heap     ] GC(509) Old regions: 111->111
[277.619s][info][gc,heap     ] GC(509) Humongous regions: 15->15
[277.619s][info][gc,metaspace] GC(509) Metaspace: 42512K(42944K)->42512K(42944K) NonClass: 38169K(38400K)->38169K(38400K) Class: 4342K(4544K)->4342K(4544K)
[277.619s][info][gc          ] GC(509) Pause Young (Concurrent Start) (G1 Evacuation Pause) 253M->136M(289M) 14.762ms
[277.619s][info][gc,cpu      ] GC(509) User=0.03s Sys=0.00s Real=0.02s
[277.619s][info][gc          ] GC(510) Concurrent Mark Cycle
[277.619s][info][gc,marking  ] GC(510) Concurrent Scan Root Regions
[277.627s][info][gc,marking  ] GC(510) Concurrent Scan Root Regions 8.199ms
[277.627s][info][gc,marking  ] GC(510) Concurrent Mark
[277.627s][info][gc,marking  ] GC(510) Concurrent Mark From Roots
[277.627s][info][gc,task     ] GC(510) Using 1 workers of 1 for marking
[277.663s][info][gc,marking  ] GC(510) Concurrent Mark From Roots 35.642ms
[277.663s][info][gc,marking  ] GC(510) Concurrent Preclean
[277.663s][info][gc,marking  ] GC(510) Concurrent Preclean 0.031ms
[277.663s][info][gc,start    ] GC(510) Pause Remark
[277.680s][info][gc          ] GC(510) Pause Remark 142M->56M(256M) 16.303ms
[277.680s][info][gc,cpu      ] GC(510) User=0.03s Sys=0.00s Real=0.02s
[277.680s][info][gc,marking  ] GC(510) Concurrent Mark 52.251ms
[277.680s][info][gc,marking  ] GC(510) Concurrent Rebuild Remembered Sets and Scrub Regions
[277.693s][info][gc,marking  ] GC(510) Concurrent Rebuild Remembered Sets and Scrub Regions 13.400ms
[277.693s][info][gc,start    ] GC(510) Pause Cleanup
[277.693s][info][gc          ] GC(510) Pause Cleanup 58M->58M(256M) 0.039ms
[277.693s][info][gc,cpu      ] GC(510) User=0.00s Sys=0.00s Real=0.00s
[277.693s][info][gc,marking  ] GC(510) Concurrent Clear Claimed Marks
[277.693s][info][gc,marking  ] GC(510) Concurrent Clear Claimed Marks 0.035ms
[277.693s][info][gc,marking  ] GC(510) Concurrent Cleanup for Next Mark
[277.694s][info][gc,marking  ] GC(510) Concurrent Cleanup for Next Mark 0.741ms
[277.694s][info][gc          ] GC(510) Concurrent Mark Cycle 75.003ms
[278.280s][info][gc,start    ] GC(511) Pause Young (Prepare Mixed) (G1 Evacuation Pause)
[278.280s][info][gc,task     ] GC(511) Using 2 workers of 2 for evacuation
[278.285s][info][gc,phases   ] GC(511)   Pre Evacuate Collection Set: 0.14ms
[278.285s][info][gc,phases   ] GC(511)   Merge Heap Roots: 0.09ms
[278.285s][info][gc,phases   ] GC(511)   Evacuate Collection Set: 4.41ms
[278.285s][info][gc,phases   ] GC(511)   Post Evacuate Collection Set: 0.38ms
[278.285s][info][gc,phases   ] GC(511)   Other: 0.08ms
[278.285s][info][gc,heap     ] GC(511) Eden regions: 120->0(148)
[278.285s][info][gc,heap     ] GC(511) Survivor regions: 11->5(17)
[278.285s][info][gc,heap     ] GC(511) Old regions: 38->41
[278.285s][info][gc,heap     ] GC(511) Humongous regions: 1->1
[278.285s][info][gc,metaspace] GC(511) Metaspace: 42512K(42944K)->42512K(42944K) NonClass: 38169K(38400K)->38169K(38400K) Class: 4342K(4544K)->4342K(4544K)
[278.285s][info][gc          ] GC(511) Pause Young (Prepare Mixed) (G1 Evacuation Pause) 170M->46M(256M) 5.297ms
[278.285s][info][gc,cpu      ] GC(511) User=0.01s Sys=0.00s Real=0.00s
[279.175s][info][gc,start    ] GC(512) Pause Young (Mixed) (G1 Evacuation Pause)
[279.175s][info][gc,task     ] GC(512) Using 2 workers of 2 for evacuation
[279.196s][info][gc,phases   ] GC(512)   Pre Evacuate Collection Set: 0.18ms
[279.196s][info][gc,phases   ] GC(512)   Merge Heap Roots: 0.07ms
[279.196s][info][gc,phases   ] GC(512)   Evacuate Collection Set: 19.55ms
[279.196s][info][gc,phases   ] GC(512)   Post Evacuate Collection Set: 0.40ms
[279.196s][info][gc,phases   ] GC(512)   Other: 0.07ms
[279.196s][info][gc,heap     ] GC(512) Eden regions: 148->0(133)
[279.196s][info][gc,heap     ] GC(512) Survivor regions: 5->20(20)
[279.196s][info][gc,heap     ] GC(512) Old regions: 41->38
[279.196s][info][gc,heap     ] GC(512) Humongous regions: 1->1
[279.196s][info][gc,metaspace] GC(512) Metaspace: 42512K(42944K)->42512K(42944K) NonClass: 38169K(38400K)->38169K(38400K) Class: 4342K(4544K)->4342K(4544K)
[279.196s][info][gc          ] GC(512) Pause Young (Mixed) (G1 Evacuation Pause) 194M->58M(256M) 20.476ms
[279.196s][info][gc,cpu      ] GC(512) User=0.04s Sys=0.00s Real=0.02s
[279.949s][info][gc,start    ] GC(513) Pause Young (Concurrent Start) (G1 Evacuation Pause)
[279.949s][info][gc,task     ] GC(513) Using 2 workers of 2 for evacuation
[279.978s][info][gc,phases   ] GC(513)   Pre Evacuate Collection Set: 0.17ms
[279.978s][info][gc,phases   ] GC(513)   Merge Heap Roots: 0.07ms
[279.978s][info][gc,phases   ] GC(513)   Evacuate Collection Set: 28.69ms
[279.978s][info][gc,phases   ] GC(513)   Post Evacuate Collection Set: 0.43ms
[279.978s][info][gc,phases   ] GC(513)   Other: 0.10ms
[279.978s][info][gc,heap     ] GC(513) Eden regions: 133->0(139)
[279.978s][info][gc,heap     ] GC(513) Survivor regions: 20->14(20)
[279.978s][info][gc,heap     ] GC(513) Old regions: 38->58
[279.978s][info][gc,heap     ] GC(513) Humongous regions: 1->1
[279.978s][info][gc,metaspace] GC(513) Metaspace: 42512K(42944K)->42512K(42944K) NonClass: 38169K(38400K)->38169K(38400K) Class: 4342K(4544K)->4342K(4544K)
[279.978s][info][gc          ] GC(513) Pause Young (Concurrent Start) (G1 Evacuation Pause) 191M->72M(256M) 29.687ms
[279.978s][info][gc,cpu      ] GC(513) User=0.06s Sys=0.00s Real=0.03s
[279.978s][info][gc          ] GC(514) Concurrent Mark Cycle
[279.978s][info][gc,marking  ] GC(514) Concurrent Scan Root Regions
[280.003s][info][gc,marking  ] GC(514) Concurrent Scan Root Regions 24.332ms
[280.003s][info][gc,marking  ] GC(514) Concurrent Mark
[280.003s][info][gc,marking  ] GC(514) Concurrent Mark From Roots
[280.003s][info][gc,task     ] GC(514) Using 1 workers of 1 for marking
[280.039s][info][gc,marking  ] GC(514) Concurrent Mark From Roots 35.968ms
[280.039s][info][gc,marking  ] GC(514) Concurrent Preclean
[280.039s][info][gc,marking  ] GC(514) Concurrent Preclean 0.031ms
[280.039s][info][gc,start    ] GC(514) Pause Remark
[280.055s][info][gc          ] GC(514) Pause Remark 82M->82M(256M) 16.353ms
[280.055s][info][gc,cpu      ] GC(514) User=0.03s Sys=0.00s Real=0.02s
[280.055s][info][gc,marking  ] GC(514) Concurrent Mark 52.679ms
[280.055s][info][gc,marking  ] GC(514) Concurrent Rebuild Remembered Sets and Scrub Regions
[280.086s][info][gc,marking  ] GC(514) Concurrent Rebuild Remembered Sets and Scrub Regions 30.651ms
[280.086s][info][gc,start    ] GC(514) Pause Cleanup
[280.086s][info][gc          ] GC(514) Pause Cleanup 87M->87M(256M) 0.044ms
[280.086s][info][gc,cpu      ] GC(514) User=0.00s Sys=0.00s Real=0.00s
[280.086s][info][gc,marking  ] GC(514) Concurrent Clear Claimed Marks
[280.086s][info][gc,marking  ] GC(514) Concurrent Clear Claimed Marks 0.039ms
[280.086s][info][gc,marking  ] GC(514) Concurrent Cleanup for Next Mark
[280.087s][info][gc,marking  ] GC(514) Concurrent Cleanup for Next Mark 0.753ms
[280.087s][info][gc          ] GC(514) Concurrent Mark Cycle 108.911ms
[280.880s][info][gc,start    ] GC(515) Pause Young (Prepare Mixed) (G1 Evacuation Pause)
[280.881s][info][gc,task     ] GC(515) Using 2 workers of 2 for evacuation
[280.902s][info][gc,phases   ] GC(515)   Pre Evacuate Collection Set: 0.17ms
[280.902s][info][gc,phases   ] GC(515)   Merge Heap Roots: 0.08ms
[280.902s][info][gc,phases   ] GC(515)   Evacuate Collection Set: 20.69ms
[280.902s][info][gc,phases   ] GC(515)   Post Evacuate Collection Set: 0.39ms
[280.902s][info][gc,phases   ] GC(515)   Other: 0.08ms
[280.902s][info][gc,heap     ] GC(515) Eden regions: 139->0(137)
[280.902s][info][gc,heap     ] GC(515) Survivor regions: 14->14(20)
[280.902s][info][gc,heap     ] GC(515) Old regions: 58->68
[280.902s][info][gc,heap     ] GC(515) Humongous regions: 2->2
[280.902s][info][gc,metaspace] GC(515) Metaspace: 42512K(42944K)->42512K(42944K) NonClass: 38169K(38400K)->38169K(38400K) Class: 4342K(4544K)->4342K(4544K)
[280.902s][info][gc          ] GC(515) Pause Young (Prepare Mixed) (G1 Evacuation Pause) 212M->83M(256M) 21.663ms
[280.902s][info][gc,cpu      ] GC(515) User=0.04s Sys=0.00s Real=0.02s
[281.732s][info][gc,start    ] GC(516) Pause Young (Mixed) (G1 Evacuation Pause)
[281.732s][info][gc,task     ] GC(516) Using 2 workers of 2 for evacuation
[281.760s][info][gc,phases   ] GC(516)   Pre Evacuate Collection Set: 0.14ms
[281.760s][info][gc,phases   ] GC(516)   Merge Heap Roots: 0.13ms
[281.760s][info][gc,phases   ] GC(516)   Evacuate Collection Set: 27.81ms
[281.760s][info][gc,phases   ] GC(516)   Post Evacuate Collection Set: 0.44ms
[281.760s][info][gc,phases   ] GC(516)   Other: 0.08ms
[281.760s][info][gc,heap     ] GC(516) Eden regions: 137->0(128)
[281.760s][info][gc,heap     ] GC(516) Survivor regions: 14->14(19)
[281.760s][info][gc,heap     ] GC(516) Old regions: 68->78
[281.760s][info][gc,heap     ] GC(516) Humongous regions: 2->2
[281.760s][info][gc,metaspace] GC(516) Metaspace: 42512K(42944K)->42512K(42944K) NonClass: 38169K(38400K)->38169K(38400K) Class: 4342K(4544K)->4342K(4544K)
[281.760s][info][gc          ] GC(516) Pause Young (Mixed) (G1 Evacuation Pause) 220M->93M(256M) 28.843ms
[281.760s][info][gc,cpu      ] GC(516) User=0.05s Sys=0.00s Real=0.03s
[282.177s][info][gc,start    ] GC(517) Pause Young (Concurrent Start) (G1 Humongous Allocation)
[282.177s][info][gc,task     ] GC(517) Using 2 workers of 2 for evacuation
[282.198s][info][gc,phases   ] GC(517)   Pre Evacuate Collection Set: 0.18ms
[282.198s][info][gc,phases   ] GC(517)   Merge Heap Roots: 0.08ms
[282.198s][info][gc,phases   ] GC(517)   Evacuate Collection Set: 20.12ms
[282.198s][info][gc,phases   ] GC(517)   Post Evacuate Collection Set: 0.38ms
[282.198s][info][gc,phases   ] GC(517)   Other: 0.08ms
[282.198s][info][gc,heap     ] GC(517) Eden regions: 80->0(118)
[282.198s][info][gc,heap     ] GC(517) Survivor regions: 14->11(18)
[282.198s][info][gc,heap     ] GC(517) Old regions: 78->92
[282.198s][info][gc,heap     ] GC(517) Humongous regions: 2->2
[282.198s][info][gc,metaspace] GC(517) Metaspace: 42513K(42944K)->42513K(42944K) NonClass: 38170K(38400K)->38170K(38400K) Class: 4342K(4544K)->4342K(4544K)
[282.198s][info][gc          ] GC(517) Pause Young (Concurrent Start) (G1 Humongous Allocation) 172M->104M(256M) 21.038ms
[282.198s][info][gc          ] GC(518) Concurrent Mark Cycle
[282.198s][info][gc,marking  ] GC(518) Concurrent Scan Root Regions
[282.200s][info][gc,cpu      ] GC(517) User=0.05s Sys=0.00s Real=0.03s
[282.216s][info][gc,marking  ] GC(518) Concurrent Scan Root Regions 18.688ms
[282.217s][info][gc,marking  ] GC(518) Concurrent Mark
[282.217s][info][gc,marking  ] GC(518) Concurrent Mark From Roots
[282.217s][info][gc,task     ] GC(518) Using 1 workers of 1 for marking
[282.253s][info][gc,marking  ] GC(518) Concurrent Mark From Roots 36.725ms
[282.253s][info][gc,marking  ] GC(518) Concurrent Preclean
[282.253s][info][gc,marking  ] GC(518) Concurrent Preclean 0.031ms
[282.253s][info][gc,start    ] GC(518) Pause Remark
[282.270s][info][gc          ] GC(518) Pause Remark 111M->87M(256M) 16.237ms
[282.270s][info][gc,cpu      ] GC(518) User=0.03s Sys=0.00s Real=0.02s
[282.270s][info][gc,marking  ] GC(518) Concurrent Mark 53.326ms
[282.270s][info][gc,marking  ] GC(518) Concurrent Rebuild Remembered Sets and Scrub Regions
[282.293s][info][gc,marking  ] GC(518) Concurrent Rebuild Remembered Sets and Scrub Regions 23.043ms
[282.293s][info][gc,start    ] GC(518) Pause Cleanup
[282.293s][info][gc          ] GC(518) Pause Cleanup 87M->87M(256M) 0.071ms
[282.293s][info][gc,cpu      ] GC(518) User=0.00s Sys=0.00s Real=0.00s
[282.293s][info][gc,marking  ] GC(518) Concurrent Clear Claimed Marks
[282.293s][info][gc,marking  ] GC(518) Concurrent Clear Claimed Marks 0.043ms
[282.293s][info][gc,marking  ] GC(518) Concurrent Cleanup for Next Mark
[282.294s][info][gc,marking  ] GC(518) Concurrent Cleanup for Next Mark 0.750ms
[282.294s][info][gc          ] GC(518) Concurrent Mark Cycle 96.286ms
[282.826s][info][gc,start    ] GC(519) Pause Young (Prepare Mixed) (G1 Evacuation Pause)
[282.826s][info][gc,task     ] GC(519) Using 2 workers of 2 for evacuation
[282.832s][info][gc,phases   ] GC(519)   Pre Evacuate Collection Set: 0.14ms
[282.832s][info][gc,phases   ] GC(519)   Merge Heap Roots: 0.07ms
[282.832s][info][gc,phases   ] GC(519)   Evacuate Collection Set: 5.72ms
[282.832s][info][gc,phases   ] GC(519)   Post Evacuate Collection Set: 0.40ms
[282.832s][info][gc,phases   ] GC(519)   Other: 0.07ms
[282.832s][info][gc,heap     ] GC(519) Eden regions: 118->0(143)
[282.832s][info][gc,heap     ] GC(519) Survivor regions: 11->2(17)
[282.832s][info][gc,heap     ] GC(519) Old regions: 69->76
[282.832s][info][gc,heap     ] GC(519) Humongous regions: 13->3
[282.832s][info][gc,metaspace] GC(519) Metaspace: 42532K(42944K)->42532K(42944K) NonClass: 38190K(38400K)->38190K(38400K) Class: 4342K(4544K)->4342K(4544K)
[282.832s][info][gc          ] GC(519) Pause Young (Prepare Mixed) (G1 Evacuation Pause) 210M->80M(256M) 6.566ms
[282.832s][info][gc,cpu      ] GC(519) User=0.02s Sys=0.00s Real=0.01s
[283.447s][info][gc,start    ] GC(520) Pause Young (Mixed) (G1 Evacuation Pause)
[283.447s][info][gc,task     ] GC(520) Using 2 workers of 2 for evacuation
[283.459s][info][gc,phases   ] GC(520)   Pre Evacuate Collection Set: 0.18ms
[283.459s][info][gc,phases   ] GC(520)   Merge Heap Roots: 0.11ms
[283.459s][info][gc,phases   ] GC(520)   Evacuate Collection Set: 10.50ms
[283.459s][info][gc,phases   ] GC(520)   Post Evacuate Collection Set: 0.53ms
[283.459s][info][gc,phases   ] GC(520)   Other: 0.08ms
[283.459s][info][gc,heap     ] GC(520) Eden regions: 143->0(143)
[283.459s][info][gc,heap     ] GC(520) Survivor regions: 2->10(19)
[283.459s][info][gc,heap     ] GC(520) Old regions: 76->57
[283.459s][info][gc,heap     ] GC(520) Humongous regions: 12->3
[283.459s][info][gc,metaspace] GC(520) Metaspace: 42536K(42944K)->42536K(42944K) NonClass: 38194K(38400K)->38194K(38400K) Class: 4342K(4544K)->4342K(4544K)
[283.459s][info][gc          ] GC(520) Pause Young (Mixed) (G1 Evacuation Pause) 232M->69M(256M) 11.591ms
[283.459s][info][gc,cpu      ] GC(520) User=0.02s Sys=0.00s Real=0.01s
[283.526s][info][gc,start    ] GC(521) Pause Young (Concurrent Start) (G1 Humongous Allocation)
[283.526s][info][gc,task     ] GC(521) Using 2 workers of 2 for evacuation
[283.536s][info][gc,phases   ] GC(521)   Pre Evacuate Collection Set: 0.17ms
[283.536s][info][gc,phases   ] GC(521)   Merge Heap Roots: 0.04ms
[283.536s][info][gc,phases   ] GC(521)   Evacuate Collection Set: 9.33ms
[283.536s][info][gc,phases   ] GC(521)   Post Evacuate Collection Set: 0.30ms
[283.536s][info][gc,phases   ] GC(521)   Other: 0.07ms
[283.536s][info][gc,heap     ] GC(521) Eden regions: 17->0(142)
[283.536s][info][gc,heap     ] GC(521) Survivor regions: 10->11(20)
[283.536s][info][gc,heap     ] GC(521) Old regions: 57->57
[283.536s][info][gc,heap     ] GC(521) Humongous regions: 3->3
[283.536s][info][gc,metaspace] GC(521) Metaspace: 42536K(42944K)->42536K(42944K) NonClass: 38194K(38400K)->38194K(38400K) Class: 4342K(4544K)->4342K(4544K)
[283.536s][info][gc          ] GC(521) Pause Young (Concurrent Start) (G1 Humongous Allocation) 85M->70M(256M) 10.116ms
[283.536s][info][gc,cpu      ] GC(521) User=0.02s Sys=0.00s Real=0.01s
[283.536s][info][gc          ] GC(522) Concurrent Mark Cycle
[283.536s][info][gc,marking  ] GC(522) Concurrent Scan Root Regions
[283.552s][info][gc,marking  ] GC(522) Concurrent Scan Root Regions 15.305ms
[283.552s][info][gc,marking  ] GC(522) Concurrent Mark
[283.552s][info][gc,marking  ] GC(522) Concurrent Mark From Roots
[283.552s][info][gc,task     ] GC(522) Using 1 workers of 1 for marking
[283.602s][info][gc,marking  ] GC(522) Concurrent Mark From Roots 50.652ms
[283.603s][info][gc,marking  ] GC(522) Concurrent Preclean
[283.603s][info][gc,marking  ] GC(522) Concurrent Preclean 0.033ms
[283.603s][info][gc,start    ] GC(522) Pause Remark
[283.619s][info][gc          ] GC(522) Pause Remark 78M->78M(256M) 16.719ms
[283.620s][info][gc,cpu      ] GC(522) User=0.03s Sys=0.00s Real=0.02s
[283.620s][info][gc,marking  ] GC(522) Concurrent Mark 67.796ms
[283.620s][info][gc,marking  ] GC(522) Concurrent Rebuild Remembered Sets and Scrub Regions
[283.637s][info][gc,marking  ] GC(522) Concurrent Rebuild Remembered Sets and Scrub Regions 17.238ms
[283.638s][info][gc,start    ] GC(522) Pause Cleanup
[283.638s][info][gc          ] GC(522) Pause Cleanup 80M->80M(256M) 0.062ms
[283.638s][info][gc,cpu      ] GC(522) User=0.00s Sys=0.00s Real=0.00s
[283.640s][info][gc,marking  ] GC(522) Concurrent Clear Claimed Marks
[283.640s][info][gc,marking  ] GC(522) Concurrent Clear Claimed Marks 0.051ms
[283.640s][info][gc,marking  ] GC(522) Concurrent Cleanup for Next Mark
[283.641s][info][gc,marking  ] GC(522) Concurrent Cleanup for Next Mark 0.773ms
[283.641s][info][gc          ] GC(522) Concurrent Mark Cycle 104.493ms
[284.227s][info][gc,start    ] GC(523) Pause Young (Prepare Mixed) (G1 Evacuation Pause)
[284.227s][info][gc,task     ] GC(523) Using 2 workers of 2 for evacuation
[284.231s][info][gc,phases   ] GC(523)   Pre Evacuate Collection Set: 0.24ms
[284.231s][info][gc,phases   ] GC(523)   Merge Heap Roots: 0.08ms
[284.231s][info][gc,phases   ] GC(523)   Evacuate Collection Set: 3.71ms
[284.231s][info][gc,phases   ] GC(523)   Post Evacuate Collection Set: 0.43ms
[284.231s][info][gc,phases   ] GC(523)   Other: 0.07ms
[284.232s][info][gc,heap     ] GC(523) Eden regions: 142->0(149)
[284.232s][info][gc,heap     ] GC(523) Survivor regions: 11->4(20)
[284.232s][info][gc,heap     ] GC(523) Old regions: 57->58
[284.232s][info][gc,heap     ] GC(523) Humongous regions: 12->3
[284.232s][info][gc,metaspace] GC(523) Metaspace: 42536K(42944K)->42536K(42944K) NonClass: 38194K(38400K)->38194K(38400K) Class: 4342K(4544K)->4342K(4544K)
[284.232s][info][gc          ] GC(523) Pause Young (Prepare Mixed) (G1 Evacuation Pause) 221M->63M(256M) 4.706ms
[284.232s][info][gc,cpu      ] GC(523) User=0.01s Sys=0.00s Real=0.01s
[284.961s][info][gc,start    ] GC(524) Pause Young (Mixed) (G1 Evacuation Pause)
[284.961s][info][gc,task     ] GC(524) Using 2 workers of 2 for evacuation
[284.983s][info][gc,phases   ] GC(524)   Pre Evacuate Collection Set: 0.18ms
[284.983s][info][gc,phases   ] GC(524)   Merge Heap Roots: 0.07ms
[284.983s][info][gc,phases   ] GC(524)   Evacuate Collection Set: 21.42ms
[284.983s][info][gc,phases   ] GC(524)   Post Evacuate Collection Set: 0.49ms
[284.983s][info][gc,phases   ] GC(524)   Other: 0.08ms
[284.983s][info][gc,heap     ] GC(524) Eden regions: 149->0(133)
[284.983s][info][gc,heap     ] GC(524) Survivor regions: 4->20(20)
[284.983s][info][gc,heap     ] GC(524) Old regions: 58->41
[284.983s][info][gc,heap     ] GC(524) Humongous regions: 5->3
[284.983s][info][gc,metaspace] GC(524) Metaspace: 42536K(42944K)->42536K(42944K) NonClass: 38194K(38400K)->38194K(38400K) Class: 4342K(4544K)->4342K(4544K)
[284.983s][info][gc          ] GC(524) Pause Young (Mixed) (G1 Evacuation Pause) 214M->63M(256M) 22.436ms
[284.983s][info][gc,cpu      ] GC(524) User=0.05s Sys=0.00s Real=0.02s
[285.248s][info][gc,start    ] GC(525) Pause Young (Concurrent Start) (G1 Humongous Allocation)
[285.248s][info][gc,task     ] GC(525) Using 2 workers of 2 for evacuation
[285.251s][info][gc,phases   ] GC(525)   Pre Evacuate Collection Set: 0.18ms
[285.251s][info][gc,phases   ] GC(525)   Merge Heap Roots: 0.05ms
[285.251s][info][gc,phases   ] GC(525)   Evacuate Collection Set: 2.79ms
[285.251s][info][gc,phases   ] GC(525)   Post Evacuate Collection Set: 0.35ms
[285.251s][info][gc,phases   ] GC(525)   Other: 0.08ms
[285.251s][info][gc,heap     ] GC(525) Eden regions: 35->0(152)
[285.251s][info][gc,heap     ] GC(525) Survivor regions: 20->1(20)
[285.251s][info][gc,heap     ] GC(525) Old regions: 41->43
[285.251s][info][gc,heap     ] GC(525) Humongous regions: 3->1
[285.251s][info][gc,metaspace] GC(525) Metaspace: 42536K(42944K)->42536K(42944K) NonClass: 38194K(38400K)->38194K(38400K) Class: 4342K(4544K)->4342K(4544K)
[285.251s][info][gc          ] GC(525) Pause Young (Concurrent Start) (G1 Humongous Allocation) 98M->44M(256M) 3.651ms
[285.251s][info][gc,cpu      ] GC(525) User=0.01s Sys=0.00s Real=0.01s
[285.251s][info][gc          ] GC(526) Concurrent Mark Cycle
[285.251s][info][gc,marking  ] GC(526) Concurrent Scan Root Regions
[285.255s][info][gc,marking  ] GC(526) Concurrent Scan Root Regions 3.272ms
[285.255s][info][gc,marking  ] GC(526) Concurrent Mark
[285.255s][info][gc,marking  ] GC(526) Concurrent Mark From Roots
[285.255s][info][gc,task     ] GC(526) Using 1 workers of 1 for marking
[285.296s][info][gc,marking  ] GC(526) Concurrent Mark From Roots 41.712ms
[285.296s][info][gc,marking  ] GC(526) Concurrent Preclean
[285.296s][info][gc,marking  ] GC(526) Concurrent Preclean 0.032ms
[285.296s][info][gc,start    ] GC(526) Pause Remark
[285.313s][info][gc          ] GC(526) Pause Remark 58M->58M(256M) 16.594ms
[285.313s][info][gc,cpu      ] GC(526) User=0.03s Sys=0.00s Real=0.02s
[285.313s][info][gc,marking  ] GC(526) Concurrent Mark 58.602ms
[285.313s][info][gc,marking  ] GC(526) Concurrent Rebuild Remembered Sets and Scrub Regions
[285.333s][info][gc,marking  ] GC(526) Concurrent Rebuild Remembered Sets and Scrub Regions 19.376ms
[285.333s][info][gc,start    ] GC(526) Pause Cleanup
[285.333s][info][gc          ] GC(526) Pause Cleanup 61M->61M(256M) 0.043ms
[285.333s][info][gc,cpu      ] GC(526) User=0.00s Sys=0.00s Real=0.00s
[285.333s][info][gc,marking  ] GC(526) Concurrent Clear Claimed Marks
[285.333s][info][gc,marking  ] GC(526) Concurrent Clear Claimed Marks 0.036ms
[285.333s][info][gc,marking  ] GC(526) Concurrent Cleanup for Next Mark
[285.334s][info][gc,marking  ] GC(526) Concurrent Cleanup for Next Mark 0.731ms
[285.334s][info][gc          ] GC(526) Concurrent Mark Cycle 82.355ms
[285.855s][info][gc,start    ] GC(527) Pause Young (Prepare Mixed) (G1 Evacuation Pause)
[285.855s][info][gc,task     ] GC(527) Using 2 workers of 2 for evacuation
[285.859s][info][gc,phases   ] GC(527)   Pre Evacuate Collection Set: 0.15ms
[285.859s][info][gc,phases   ] GC(527)   Merge Heap Roots: 0.07ms
[285.859s][info][gc,phases   ] GC(527)   Evacuate Collection Set: 3.18ms
[285.859s][info][gc,phases   ] GC(527)   Post Evacuate Collection Set: 0.40ms
[285.859s][info][gc,phases   ] GC(527)   Other: 0.10ms
[285.859s][info][gc,heap     ] GC(527) Eden regions: 152->0(150)
[285.859s][info][gc,heap     ] GC(527) Survivor regions: 1->3(20)
[285.859s][info][gc,heap     ] GC(527) Old regions: 43->43
[285.859s][info][gc,heap     ] GC(527) Humongous regions: 17->3
[285.859s][info][gc,metaspace] GC(527) Metaspace: 42536K(42944K)->42536K(42944K) NonClass: 38194K(38400K)->38194K(38400K) Class: 4342K(4544K)->4342K(4544K)
[285.859s][info][gc          ] GC(527) Pause Young (Prepare Mixed) (G1 Evacuation Pause) 212M->48M(256M) 4.078ms
[285.859s][info][gc,cpu      ] GC(527) User=0.01s Sys=0.00s Real=0.01s
[286.457s][info][gc,start    ] GC(528) Pause Young (Mixed) (G1 Evacuation Pause)
[286.457s][info][gc,task     ] GC(528) Using 2 workers of 2 for evacuation
[286.466s][info][gc,phases   ] GC(528)   Pre Evacuate Collection Set: 0.20ms
[286.466s][info][gc,phases   ] GC(528)   Merge Heap Roots: 0.11ms
[286.466s][info][gc,phases   ] GC(528)   Evacuate Collection Set: 8.27ms
[286.466s][info][gc,phases   ] GC(528)   Post Evacuate Collection Set: 0.47ms
[286.466s][info][gc,phases   ] GC(528)   Other: 0.08ms
[286.466s][info][gc,heap     ] GC(528) Eden regions: 150->0(147)
[286.466s][info][gc,heap     ] GC(528) Survivor regions: 3->6(20)
[286.466s][info][gc,heap     ] GC(528) Old regions: 43->40
[286.466s][info][gc,heap     ] GC(528) Humongous regions: 15->3
[286.466s][info][gc,metaspace] GC(528) Metaspace: 42546K(42944K)->42546K(42944K) NonClass: 38202K(38400K)->38202K(38400K) Class: 4344K(4544K)->4344K(4544K)
[286.467s][info][gc          ] GC(528) Pause Young (Mixed) (G1 Evacuation Pause) 210M->48M(256M) 9.349ms
[286.467s][info][gc,cpu      ] GC(528) User=0.02s Sys=0.00s Real=0.01s
[286.489s][info][gc,start    ] GC(529) Pause Young (Concurrent Start) (G1 Humongous Allocation)
[286.489s][info][gc,task     ] GC(529) Using 2 workers of 2 for evacuation
[286.492s][info][gc,phases   ] GC(529)   Pre Evacuate Collection Set: 0.16ms
[286.492s][info][gc,phases   ] GC(529)   Merge Heap Roots: 0.04ms
[286.492s][info][gc,phases   ] GC(529)   Evacuate Collection Set: 2.33ms
[286.492s][info][gc,phases   ] GC(529)   Post Evacuate Collection Set: 0.29ms
[286.492s][info][gc,phases   ] GC(529)   Other: 0.08ms
[286.492s][info][gc,heap     ] GC(529) Eden regions: 5->0(150)
[286.492s][info][gc,heap     ] GC(529) Survivor regions: 6->3(20)
[286.492s][info][gc,heap     ] GC(529) Old regions: 40->40
[286.492s][info][gc,heap     ] GC(529) Humongous regions: 3->1
[286.492s][info][gc,metaspace] GC(529) Metaspace: 42546K(42944K)->42546K(42944K) NonClass: 38202K(38400K)->38202K(38400K) Class: 4344K(4544K)->4344K(4544K)
[286.492s][info][gc          ] GC(529) Pause Young (Concurrent Start) (G1 Humongous Allocation) 53M->42M(256M) 3.053ms
[286.492s][info][gc,cpu      ] GC(529) User=0.00s Sys=0.00s Real=0.01s
[286.492s][info][gc          ] GC(530) Concurrent Mark Cycle
[286.492s][info][gc,marking  ] GC(530) Concurrent Scan Root Regions
[286.495s][info][gc,marking  ] GC(530) Concurrent Scan Root Regions 2.808ms
[286.495s][info][gc,marking  ] GC(530) Concurrent Mark
[286.495s][info][gc,marking  ] GC(530) Concurrent Mark From Roots
[286.495s][info][gc,task     ] GC(530) Using 1 workers of 1 for marking
[286.542s][info][gc,marking  ] GC(530) Concurrent Mark From Roots 47.301ms
[286.542s][info][gc,marking  ] GC(530) Concurrent Preclean
[286.542s][info][gc,marking  ] GC(530) Concurrent Preclean 0.043ms
[286.542s][info][gc,start    ] GC(530) Pause Remark
[286.559s][info][gc          ] GC(530) Pause Remark 53M->53M(256M) 16.686ms
[286.559s][info][gc,cpu      ] GC(530) User=0.03s Sys=0.00s Real=0.01s
[286.561s][info][gc,marking  ] GC(530) Concurrent Mark 66.429ms
[286.561s][info][gc,marking  ] GC(530) Concurrent Rebuild Remembered Sets and Scrub Regions
[286.581s][info][gc,marking  ] GC(530) Concurrent Rebuild Remembered Sets and Scrub Regions 19.979ms
[286.581s][info][gc,start    ] GC(530) Pause Cleanup
[286.581s][info][gc          ] GC(530) Pause Cleanup 56M->56M(256M) 0.062ms
[286.581s][info][gc,cpu      ] GC(530) User=0.00s Sys=0.00s Real=0.00s
[286.581s][info][gc,marking  ] GC(530) Concurrent Clear Claimed Marks
[286.581s][info][gc,marking  ] GC(530) Concurrent Clear Claimed Marks 0.039ms
[286.581s][info][gc,marking  ] GC(530) Concurrent Cleanup for Next Mark
[286.582s][info][gc,marking  ] GC(530) Concurrent Cleanup for Next Mark 0.757ms
[286.582s][info][gc          ] GC(530) Concurrent Mark Cycle 90.380ms
[287.277s][info][gc,start    ] GC(531) Pause Young (Prepare Mixed) (G1 Evacuation Pause)
[287.277s][info][gc,task     ] GC(531) Using 2 workers of 2 for evacuation
[287.292s][info][gc,phases   ] GC(531)   Pre Evacuate Collection Set: 0.15ms
[287.292s][info][gc,phases   ] GC(531)   Merge Heap Roots: 0.07ms
[287.292s][info][gc,phases   ] GC(531)   Evacuate Collection Set: 13.96ms
[287.292s][info][gc,phases   ] GC(531)   Post Evacuate Collection Set: 0.43ms
[287.292s][info][gc,phases   ] GC(531)   Other: 0.08ms
[287.292s][info][gc,heap     ] GC(531) Eden regions: 150->0(135)
[287.292s][info][gc,heap     ] GC(531) Survivor regions: 3->18(20)
[287.292s][info][gc,heap     ] GC(531) Old regions: 40->40
[287.292s][info][gc,heap     ] GC(531) Humongous regions: 11->3
[287.292s][info][gc,metaspace] GC(531) Metaspace: 42546K(42944K)->42546K(42944K) NonClass: 38202K(38400K)->38202K(38400K) Class: 4344K(4544K)->4344K(4544K)
[287.292s][info][gc          ] GC(531) Pause Young (Prepare Mixed) (G1 Evacuation Pause) 202M->59M(256M) 14.929ms
[287.292s][info][gc,cpu      ] GC(531) User=0.03s Sys=0.00s Real=0.02s
[287.890s][info][gc,start    ] GC(532) Pause Young (Mixed) (G1 Evacuation Pause)
[287.890s][info][gc,task     ] GC(532) Using 2 workers of 2 for evacuation
[287.916s][info][gc,phases   ] GC(532)   Pre Evacuate Collection Set: 0.16ms
[287.916s][info][gc,phases   ] GC(532)   Merge Heap Roots: 0.10ms
[287.916s][info][gc,phases   ] GC(532)   Evacuate Collection Set: 25.27ms
[287.916s][info][gc,phases   ] GC(532)   Post Evacuate Collection Set: 0.46ms
[287.916s][info][gc,phases   ] GC(532)   Other: 0.08ms
[287.916s][info][gc,heap     ] GC(532) Eden regions: 135->0(140)
[287.916s][info][gc,heap     ] GC(532) Survivor regions: 18->13(20)
[287.916s][info][gc,heap     ] GC(532) Old regions: 40->49
[287.916s][info][gc,heap     ] GC(532) Humongous regions: 3->3
[287.916s][info][gc,metaspace] GC(532) Metaspace: 42546K(42944K)->42546K(42944K) NonClass: 38202K(38400K)->38202K(38400K) Class: 4344K(4544K)->4344K(4544K)
[287.916s][info][gc          ] GC(532) Pause Young (Mixed) (G1 Evacuation Pause) 194M->64M(256M) 26.268ms
[287.916s][info][gc,cpu      ] GC(532) User=0.05s Sys=0.00s Real=0.02s
[288.391s][info][gc,start    ] GC(533) Pause Young (Concurrent Start) (G1 Humongous Allocation)
[288.391s][info][gc,task     ] GC(533) Using 2 workers of 2 for evacuation
[288.436s][info][gc,phases   ] GC(533)   Pre Evacuate Collection Set: 0.17ms
[288.436s][info][gc,phases   ] GC(533)   Merge Heap Roots: 0.11ms
[288.436s][info][gc,phases   ] GC(533)   Evacuate Collection Set: 43.72ms
[288.436s][info][gc,phases   ] GC(533)   Post Evacuate Collection Set: 0.44ms
[288.436s][info][gc,phases   ] GC(533)   Other: 0.09ms
[288.436s][info][gc,heap     ] GC(533) Eden regions: 102->0(112)
[288.436s][info][gc,heap     ] GC(533) Survivor regions: 13->20(20)
[288.436s][info][gc,heap     ] GC(533) Old regions: 49->69
[288.436s][info][gc,heap     ] GC(533) Humongous regions: 3->1
[288.436s][info][gc,metaspace] GC(533) Metaspace: 42546K(42944K)->42546K(42944K) NonClass: 38202K(38400K)->38202K(38400K) Class: 4344K(4544K)->4344K(4544K)
[288.436s][info][gc          ] GC(533) Pause Young (Concurrent Start) (G1 Humongous Allocation) 166M->90M(256M) 44.731ms
[288.436s][info][gc,cpu      ] GC(533) User=0.08s Sys=0.00s Real=0.04s
[288.436s][info][gc          ] GC(534) Concurrent Mark Cycle
[288.436s][info][gc,marking  ] GC(534) Concurrent Scan Root Regions
[288.483s][info][gc,marking  ] GC(534) Concurrent Scan Root Regions 47.118ms
[288.483s][info][gc,marking  ] GC(534) Concurrent Mark
[288.483s][info][gc,marking  ] GC(534) Concurrent Mark From Roots
[288.483s][info][gc,task     ] GC(534) Using 1 workers of 1 for marking
[288.568s][info][gc,marking  ] GC(534) Concurrent Mark From Roots 84.879ms
[288.568s][info][gc,marking  ] GC(534) Concurrent Preclean
[288.568s][info][gc,marking  ] GC(534) Concurrent Preclean 0.036ms
[288.568s][info][gc,start    ] GC(534) Pause Remark
[288.584s][info][gc          ] GC(534) Pause Remark 128M->128M(256M) 16.154ms
[288.584s][info][gc,cpu      ] GC(534) User=0.03s Sys=0.00s Real=0.02s
[288.584s][info][gc,marking  ] GC(534) Concurrent Mark 101.515ms
[288.584s][info][gc,marking  ] GC(534) Concurrent Rebuild Remembered Sets and Scrub Regions
[288.657s][info][gc,marking  ] GC(534) Concurrent Rebuild Remembered Sets and Scrub Regions 72.164ms
[288.657s][info][gc,start    ] GC(534) Pause Cleanup
[288.657s][info][gc          ] GC(534) Pause Cleanup 144M->144M(256M) 0.043ms
[288.657s][info][gc,cpu      ] GC(534) User=0.00s Sys=0.00s Real=0.00s
[288.657s][info][gc,marking  ] GC(534) Concurrent Clear Claimed Marks
[288.657s][info][gc,marking  ] GC(534) Concurrent Clear Claimed Marks 0.041ms
[288.657s][info][gc,marking  ] GC(534) Concurrent Cleanup for Next Mark
[288.658s][info][gc,marking  ] GC(534) Concurrent Cleanup for Next Mark 0.756ms
[288.658s][info][gc          ] GC(534) Concurrent Mark Cycle 221.981ms
[288.906s][info][gc,start    ] GC(535) Pause Young (Prepare Mixed) (G1 Evacuation Pause)
[288.906s][info][gc,task     ] GC(535) Using 2 workers of 2 for evacuation
[288.947s][info][gc,phases   ] GC(535)   Pre Evacuate Collection Set: 0.16ms
[288.947s][info][gc,phases   ] GC(535)   Merge Heap Roots: 0.43ms
[288.947s][info][gc,phases   ] GC(535)   Evacuate Collection Set: 39.79ms
[288.947s][info][gc,phases   ] GC(535)   Post Evacuate Collection Set: 0.48ms
[288.947s][info][gc,phases   ] GC(535)   Other: 0.07ms
[288.947s][info][gc,heap     ] GC(535) Eden regions: 112->0(103)
[288.947s][info][gc,heap     ] GC(535) Survivor regions: 20->15(17)
[288.947s][info][gc,heap     ] GC(535) Old regions: 69->89
[288.947s][info][gc,heap     ] GC(535) Humongous regions: 5->3
[288.947s][info][gc,metaspace] GC(535) Metaspace: 42546K(42944K)->42546K(42944K) NonClass: 38202K(38400K)->38202K(38400K) Class: 4344K(4544K)->4344K(4544K)
[288.947s][info][gc          ] GC(535) Pause Young (Prepare Mixed) (G1 Evacuation Pause) 206M->106M(256M) 41.117ms
[288.947s][info][gc,cpu      ] GC(535) User=0.08s Sys=0.00s Real=0.04s
[289.338s][info][gc,start    ] GC(536) Pause Young (Mixed) (G1 Evacuation Pause)
[289.338s][info][gc,task     ] GC(536) Using 2 workers of 2 for evacuation
[289.360s][info][gc,phases   ] GC(536)   Pre Evacuate Collection Set: 0.19ms
[289.360s][info][gc,phases   ] GC(536)   Merge Heap Roots: 0.33ms
[289.360s][info][gc,phases   ] GC(536)   Evacuate Collection Set: 20.79ms
[289.360s][info][gc,phases   ] GC(536)   Post Evacuate Collection Set: 0.37ms
[289.360s][info][gc,phases   ] GC(536)   Other: 0.08ms
[289.360s][info][gc,heap     ] GC(536) Eden regions: 103->0(112)
[289.360s][info][gc,heap     ] GC(536) Survivor regions: 15->5(15)
[289.360s][info][gc,heap     ] GC(536) Old regions: 89->92
[289.360s][info][gc,heap     ] GC(536) Humongous regions: 11->3
[289.360s][info][gc,metaspace] GC(536) Metaspace: 42546K(42944K)->42546K(42944K) NonClass: 38202K(38400K)->38202K(38400K) Class: 4344K(4544K)->4344K(4544K)
[289.360s][info][gc          ] GC(536) Pause Young (Mixed) (G1 Evacuation Pause) 217M->99M(256M) 21.939ms
[289.360s][info][gc,cpu      ] GC(536) User=0.04s Sys=0.00s Real=0.03s
[289.508s][info][gc,start    ] GC(537) Pause Young (Concurrent Start) (G1 Humongous Allocation)
[289.508s][info][gc,task     ] GC(537) Using 2 workers of 2 for evacuation
[289.510s][info][gc,phases   ] GC(537)   Pre Evacuate Collection Set: 0.21ms
[289.510s][info][gc,phases   ] GC(537)   Merge Heap Roots: 0.05ms
[289.510s][info][gc,phases   ] GC(537)   Evacuate Collection Set: 1.44ms
[289.510s][info][gc,phases   ] GC(537)   Post Evacuate Collection Set: 0.29ms
[289.510s][info][gc,phases   ] GC(537)   Other: 0.08ms
[289.510s][info][gc,heap     ] GC(537) Eden regions: 33->0(121)
[289.510s][info][gc,heap     ] GC(537) Survivor regions: 5->2(15)
[289.510s][info][gc,heap     ] GC(537) Old regions: 92->92
[289.510s][info][gc,heap     ] GC(537) Humongous regions: 3->1
[289.510s][info][gc,metaspace] GC(537) Metaspace: 42547K(42944K)->42547K(42944K) NonClass: 38202K(38400K)->38202K(38400K) Class: 4344K(4544K)->4344K(4544K)
[289.510s][info][gc          ] GC(537) Pause Young (Concurrent Start) (G1 Humongous Allocation) 132M->94M(256M) 2.242ms
[289.510s][info][gc          ] GC(538) Concurrent Mark Cycle
[289.510s][info][gc,marking  ] GC(538) Concurrent Scan Root Regions
[289.512s][info][gc,marking  ] GC(538) Concurrent Scan Root Regions 1.356ms
[289.512s][info][gc,marking  ] GC(538) Concurrent Mark
[289.512s][info][gc,marking  ] GC(538) Concurrent Mark From Roots
[289.512s][info][gc,task     ] GC(538) Using 1 workers of 1 for marking
[289.512s][info][gc,cpu      ] GC(537) User=0.01s Sys=0.00s Real=0.01s
[289.571s][info][gc,marking  ] GC(538) Concurrent Mark From Roots 59.211ms
[289.571s][info][gc,marking  ] GC(538) Concurrent Preclean
[289.571s][info][gc,marking  ] GC(538) Concurrent Preclean 0.050ms
[289.571s][info][gc,start    ] GC(538) Pause Remark
[289.588s][info][gc          ] GC(538) Pause Remark 113M->83M(256M) 17.363ms
[289.588s][info][gc,cpu      ] GC(538) User=0.03s Sys=0.00s Real=0.01s
[289.588s][info][gc,marking  ] GC(538) Concurrent Mark 76.823ms
[289.588s][info][gc,marking  ] GC(538) Concurrent Rebuild Remembered Sets and Scrub Regions
[289.610s][info][gc,marking  ] GC(538) Concurrent Rebuild Remembered Sets and Scrub Regions 21.353ms
[289.610s][info][gc,start    ] GC(538) Pause Cleanup
[289.610s][info][gc          ] GC(538) Pause Cleanup 87M->87M(256M) 0.067ms
[289.610s][info][gc,cpu      ] GC(538) User=0.00s Sys=0.00s Real=0.00s
[289.610s][info][gc,marking  ] GC(538) Concurrent Clear Claimed Marks
[289.610s][info][gc,marking  ] GC(538) Concurrent Clear Claimed Marks 0.039ms
[289.610s][info][gc,marking  ] GC(538) Concurrent Cleanup for Next Mark
[289.611s][info][gc,marking  ] GC(538) Concurrent Cleanup for Next Mark 0.747ms
[289.611s][info][gc          ] GC(538) Concurrent Mark Cycle 100.684ms
[289.986s][info][gc,start    ] GC(539) Pause Young (Prepare Mixed) (G1 Evacuation Pause)
[289.986s][info][gc,task     ] GC(539) Using 2 workers of 2 for evacuation
[290.000s][info][gc,phases   ] GC(539)   Pre Evacuate Collection Set: 0.17ms
[290.000s][info][gc,phases   ] GC(539)   Merge Heap Roots: 0.07ms
[290.000s][info][gc,phases   ] GC(539)   Evacuate Collection Set: 12.56ms
[290.000s][info][gc,phases   ] GC(539)   Post Evacuate Collection Set: 0.37ms
[290.000s][info][gc,phases   ] GC(539)   Other: 0.07ms
[290.000s][info][gc,heap     ] GC(539) Eden regions: 121->0(132)
[290.000s][info][gc,heap     ] GC(539) Survivor regions: 2->13(16)
[290.000s][info][gc,heap     ] GC(539) Old regions: 62->62
[290.000s][info][gc,heap     ] GC(539) Humongous regions: 5->3
[290.000s][info][gc,metaspace] GC(539) Metaspace: 42547K(42944K)->42547K(42944K) NonClass: 38202K(38400K)->38202K(38400K) Class: 4344K(4544K)->4344K(4544K)
[290.000s][info][gc          ] GC(539) Pause Young (Prepare Mixed) (G1 Evacuation Pause) 189M->77M(256M) 13.400ms
[290.000s][info][gc,cpu      ] GC(539) User=0.03s Sys=0.00s Real=0.02s
[290.516s][info][gc,start    ] GC(540) Pause Young (Mixed) (G1 Evacuation Pause)
[290.516s][info][gc,task     ] GC(540) Using 2 workers of 2 for evacuation
[290.523s][info][gc,phases   ] GC(540)   Pre Evacuate Collection Set: 0.15ms
[290.523s][info][gc,phases   ] GC(540)   Merge Heap Roots: 0.08ms
[290.523s][info][gc,phases   ] GC(540)   Evacuate Collection Set: 6.43ms
[290.523s][info][gc,phases   ] GC(540)   Post Evacuate Collection Set: 0.40ms
[290.523s][info][gc,phases   ] GC(540)   Other: 0.07ms
[290.523s][info][gc,heap     ] GC(540) Eden regions: 132->0(148)
[290.523s][info][gc,heap     ] GC(540) Survivor regions: 13->5(19)
[290.523s][info][gc,heap     ] GC(540) Old regions: 62->48
[290.523s][info][gc,heap     ] GC(540) Humongous regions: 9->3
[290.523s][info][gc,metaspace] GC(540) Metaspace: 42547K(42944K)->42547K(42944K) NonClass: 38202K(38400K)->38202K(38400K) Class: 4344K(4544K)->4344K(4544K)
[290.523s][info][gc          ] GC(540) Pause Young (Mixed) (G1 Evacuation Pause) 215M->55M(256M) 7.307ms
[290.523s][info][gc,cpu      ] GC(540) User=0.01s Sys=0.00s Real=0.01s
[290.585s][info][gc,start    ] GC(541) Pause Young (Concurrent Start) (G1 Humongous Allocation)
[290.585s][info][gc,task     ] GC(541) Using 2 workers of 2 for evacuation
[290.595s][info][gc,phases   ] GC(541)   Pre Evacuate Collection Set: 0.16ms
[290.595s][info][gc,phases   ] GC(541)   Merge Heap Roots: 0.03ms
[290.595s][info][gc,phases   ] GC(541)   Evacuate Collection Set: 9.14ms
[290.595s][info][gc,phases   ] GC(541)   Post Evacuate Collection Set: 0.36ms
[290.595s][info][gc,phases   ] GC(541)   Other: 0.08ms
[290.595s][info][gc,heap     ] GC(541) Eden regions: 15->0(151)
[290.595s][info][gc,heap     ] GC(541) Survivor regions: 5->2(20)
[290.595s][info][gc,heap     ] GC(541) Old regions: 48->48
[290.595s][info][gc,heap     ] GC(541) Humongous regions: 3->1
[290.595s][info][gc,metaspace] GC(541) Metaspace: 42547K(42944K)->42547K(42944K) NonClass: 38202K(38400K)->38202K(38400K) Class: 4344K(4544K)->4344K(4544K)
[290.595s][info][gc          ] GC(541) Pause Young (Concurrent Start) (G1 Humongous Allocation) 70M->49M(256M) 9.956ms
[290.595s][info][gc,cpu      ] GC(541) User=0.01s Sys=0.00s Real=0.01s
[290.597s][info][gc          ] GC(542) Concurrent Mark Cycle
[290.597s][info][gc,marking  ] GC(542) Concurrent Scan Root Regions
[290.600s][info][gc,marking  ] GC(542) Concurrent Scan Root Regions 2.648ms
[290.600s][info][gc,marking  ] GC(542) Concurrent Mark
[290.600s][info][gc,marking  ] GC(542) Concurrent Mark From Roots
[290.600s][info][gc,task     ] GC(542) Using 1 workers of 1 for marking
[290.668s][info][gc,marking  ] GC(542) Concurrent Mark From Roots 68.649ms
[290.668s][info][gc,marking  ] GC(542) Concurrent Preclean
[290.668s][info][gc,marking  ] GC(542) Concurrent Preclean 0.036ms
[290.669s][info][gc,start    ] GC(542) Pause Remark
[290.685s][info][gc          ] GC(542) Pause Remark 68M->68M(256M) 16.525ms
[290.685s][info][gc,cpu      ] GC(542) User=0.03s Sys=0.00s Real=0.02s
[290.686s][info][gc,marking  ] GC(542) Concurrent Mark 86.337ms
[290.686s][info][gc,marking  ] GC(542) Concurrent Rebuild Remembered Sets and Scrub Regions
[290.708s][info][gc,marking  ] GC(542) Concurrent Rebuild Remembered Sets and Scrub Regions 21.695ms
[290.708s][info][gc,start    ] GC(542) Pause Cleanup
[290.708s][info][gc          ] GC(542) Pause Cleanup 73M->73M(256M) 0.075ms
[290.708s][info][gc,cpu      ] GC(542) User=0.00s Sys=0.00s Real=0.00s
[290.708s][info][gc,marking  ] GC(542) Concurrent Clear Claimed Marks
[290.708s][info][gc,marking  ] GC(542) Concurrent Clear Claimed Marks 0.042ms
[290.708s][info][gc,marking  ] GC(542) Concurrent Cleanup for Next Mark
[290.709s][info][gc,marking  ] GC(542) Concurrent Cleanup for Next Mark 0.742ms
[290.709s][info][gc          ] GC(542) Concurrent Mark Cycle 111.871ms
[291.189s][info][gc,start    ] GC(543) Pause Young (Prepare Mixed) (G1 Evacuation Pause)
[291.189s][info][gc,task     ] GC(543) Using 2 workers of 2 for evacuation
[291.203s][info][gc,phases   ] GC(543)   Pre Evacuate Collection Set: 0.15ms
[291.203s][info][gc,phases   ] GC(543)   Merge Heap Roots: 0.08ms
[291.203s][info][gc,phases   ] GC(543)   Evacuate Collection Set: 13.22ms
[291.203s][info][gc,phases   ] GC(543)   Post Evacuate Collection Set: 0.42ms
[291.203s][info][gc,phases   ] GC(543)   Other: 0.10ms
[291.203s][info][gc,heap     ] GC(543) Eden regions: 151->0(140)
[291.203s][info][gc,heap     ] GC(543) Survivor regions: 2->13(20)
[291.203s][info][gc,heap     ] GC(543) Old regions: 48->48
[291.203s][info][gc,heap     ] GC(543) Humongous regions: 5->3
[291.203s][info][gc,metaspace] GC(543) Metaspace: 42547K(42944K)->42547K(42944K) NonClass: 38202K(38400K)->38202K(38400K) Class: 4344K(4544K)->4344K(4544K)
[291.203s][info][gc          ] GC(543) Pause Young (Prepare Mixed) (G1 Evacuation Pause) 204M->63M(256M) 14.136ms
[291.203s][info][gc,cpu      ] GC(543) User=0.03s Sys=0.00s Real=0.01s
[291.855s][info][gc,start    ] GC(544) Pause Young (Mixed) (G1 Evacuation Pause)
[291.855s][info][gc,task     ] GC(544) Using 2 workers of 2 for evacuation
[291.862s][info][gc,phases   ] GC(544)   Pre Evacuate Collection Set: 1.29ms
[291.862s][info][gc,phases   ] GC(544)   Merge Heap Roots: 0.10ms
[291.862s][info][gc,phases   ] GC(544)   Evacuate Collection Set: 5.49ms
[291.862s][info][gc,phases   ] GC(544)   Post Evacuate Collection Set: 0.46ms
[291.862s][info][gc,phases   ] GC(544)   Other: 0.08ms
[291.863s][info][gc,heap     ] GC(544) Eden regions: 140->0(151)
[291.863s][info][gc,heap     ] GC(544) Survivor regions: 13->2(20)
[291.863s][info][gc,heap     ] GC(544) Old regions: 48->46
[291.863s][info][gc,heap     ] GC(544) Humongous regions: 9->3
[291.863s][info][gc,metaspace] GC(544) Metaspace: 42547K(42944K)->42547K(42944K) NonClass: 38202K(38400K)->38202K(38400K) Class: 4344K(4544K)->4344K(4544K)
[291.863s][info][gc          ] GC(544) Pause Young (Mixed) (G1 Evacuation Pause) 209M->50M(256M) 7.669ms
[291.863s][info][gc,cpu      ] GC(544) User=0.01s Sys=0.00s Real=0.01s
[291.930s][info][gc,start    ] GC(545) Pause Young (Concurrent Start) (G1 Humongous Allocation)
[291.930s][info][gc,task     ] GC(545) Using 2 workers of 2 for evacuation
[291.933s][info][gc,phases   ] GC(545)   Pre Evacuate Collection Set: 0.15ms
[291.933s][info][gc,phases   ] GC(545)   Merge Heap Roots: 0.03ms
[291.933s][info][gc,phases   ] GC(545)   Evacuate Collection Set: 2.66ms
[291.933s][info][gc,phases   ] GC(545)   Post Evacuate Collection Set: 0.28ms
[291.933s][info][gc,phases   ] GC(545)   Other: 0.08ms
[291.933s][info][gc,heap     ] GC(545) Eden regions: 20->0(150)
[291.933s][info][gc,heap     ] GC(545) Survivor regions: 2->3(20)
[291.933s][info][gc,heap     ] GC(545) Old regions: 46->46
[291.933s][info][gc,heap     ] GC(545) Humongous regions: 3->1
[291.933s][info][gc,metaspace] GC(545) Metaspace: 42547K(42944K)->42547K(42944K) NonClass: 38202K(38400K)->38202K(38400K) Class: 4344K(4544K)->4344K(4544K)
[291.933s][info][gc          ] GC(545) Pause Young (Concurrent Start) (G1 Humongous Allocation) 70M->48M(256M) 3.364ms
[291.933s][info][gc,cpu      ] GC(545) User=0.00s Sys=0.00s Real=0.00s
[291.933s][info][gc          ] GC(546) Concurrent Mark Cycle
[291.934s][info][gc,marking  ] GC(546) Concurrent Scan Root Regions
[291.936s][info][gc,marking  ] GC(546) Concurrent Scan Root Regions 2.341ms
[291.936s][info][gc,marking  ] GC(546) Concurrent Mark
[291.936s][info][gc,marking  ] GC(546) Concurrent Mark From Roots
[291.936s][info][gc,task     ] GC(546) Using 1 workers of 1 for marking
[292.005s][info][gc,marking  ] GC(546) Concurrent Mark From Roots 69.094ms
[292.005s][info][gc,marking  ] GC(546) Concurrent Preclean
[292.005s][info][gc,marking  ] GC(546) Concurrent Preclean 0.266ms
[292.005s][info][gc,start    ] GC(546) Pause Remark
[292.021s][info][gc          ] GC(546) Pause Remark 68M->68M(256M) 16.038ms
[292.022s][info][gc,cpu      ] GC(546) User=0.03s Sys=0.00s Real=0.02s
[292.022s][info][gc,marking  ] GC(546) Concurrent Mark 85.737ms
[292.022s][info][gc,marking  ] GC(546) Concurrent Rebuild Remembered Sets and Scrub Regions
[292.051s][info][gc,marking  ] GC(546) Concurrent Rebuild Remembered Sets and Scrub Regions 29.753ms
[292.052s][info][gc,start    ] GC(546) Pause Cleanup
[292.052s][info][gc          ] GC(546) Pause Cleanup 75M->75M(256M) 0.042ms
[292.052s][info][gc,cpu      ] GC(546) User=0.00s Sys=0.00s Real=0.00s
[292.052s][info][gc,marking  ] GC(546) Concurrent Clear Claimed Marks
[292.052s][info][gc,marking  ] GC(546) Concurrent Clear Claimed Marks 0.036ms
[292.052s][info][gc,marking  ] GC(546) Concurrent Cleanup for Next Mark
[292.053s][info][gc,marking  ] GC(546) Concurrent Cleanup for Next Mark 0.817ms
[292.053s][info][gc          ] GC(546) Concurrent Mark Cycle 119.102ms
[292.420s][info][gc,start    ] GC(547) Pause Young (Prepare Mixed) (G1 Evacuation Pause)
[292.420s][info][gc,task     ] GC(547) Using 2 workers of 2 for evacuation
[292.457s][info][gc,phases   ] GC(547)   Pre Evacuate Collection Set: 0.20ms
[292.457s][info][gc,phases   ] GC(547)   Merge Heap Roots: 0.11ms
[292.457s][info][gc,phases   ] GC(547)   Evacuate Collection Set: 35.90ms
[292.457s][info][gc,phases   ] GC(547)   Post Evacuate Collection Set: 0.51ms
[292.457s][info][gc,phases   ] GC(547)   Other: 0.07ms
[292.457s][info][gc,heap     ] GC(547) Eden regions: 150->0(126)
[292.457s][info][gc,heap     ] GC(547) Survivor regions: 3->20(20)
[292.457s][info][gc,heap     ] GC(547) Old regions: 46->63
[292.457s][info][gc,heap     ] GC(547) Humongous regions: 3->3
[292.457s][info][gc,metaspace] GC(547) Metaspace: 42547K(42944K)->42547K(42944K) NonClass: 38202K(38400K)->38202K(38400K) Class: 4344K(4544K)->4344K(4544K)
[292.457s][info][gc          ] GC(547) Pause Young (Prepare Mixed) (G1 Evacuation Pause) 200M->86M(256M) 36.981ms
[292.457s][info][gc,cpu      ] GC(547) User=0.07s Sys=0.00s Real=0.03s
[293.048s][info][gc,start    ] GC(548) Pause Young (Mixed) (G1 Evacuation Pause)
[293.048s][info][gc,task     ] GC(548) Using 2 workers of 2 for evacuation
[293.099s][info][gc,phases   ] GC(548)   Pre Evacuate Collection Set: 0.15ms
[293.099s][info][gc,phases   ] GC(548)   Merge Heap Roots: 0.28ms
[293.099s][info][gc,phases   ] GC(548)   Evacuate Collection Set: 49.78ms
[293.099s][info][gc,phases   ] GC(548)   Post Evacuate Collection Set: 0.47ms
[293.099s][info][gc,phases   ] GC(548)   Other: 0.08ms
[293.099s][info][gc,heap     ] GC(548) Eden regions: 126->0(114)
[293.099s][info][gc,heap     ] GC(548) Survivor regions: 20->19(19)
[293.099s][info][gc,heap     ] GC(548) Old regions: 63->76
[293.099s][info][gc,heap     ] GC(548) Humongous regions: 3->3
[293.099s][info][gc,metaspace] GC(548) Metaspace: 42547K(42944K)->42547K(42944K) NonClass: 38203K(38400K)->38203K(38400K) Class: 4344K(4544K)->4344K(4544K)
[293.099s][info][gc          ] GC(548) Pause Young (Mixed) (G1 Evacuation Pause) 212M->97M(256M) 50.975ms
[293.099s][info][gc,cpu      ] GC(548) User=0.10s Sys=0.00s Real=0.06s
[293.735s][info][gc,start    ] GC(549) Pause Young (Concurrent Start) (G1 Evacuation Pause)
[293.736s][info][gc,task     ] GC(549) Using 2 workers of 2 for evacuation
[293.795s][info][gc,phases   ] GC(549)   Pre Evacuate Collection Set: 0.19ms
[293.795s][info][gc,phases   ] GC(549)   Merge Heap Roots: 0.20ms
[293.795s][info][gc,phases   ] GC(549)   Evacuate Collection Set: 58.59ms
[293.795s][info][gc,phases   ] GC(549)   Post Evacuate Collection Set: 0.42ms
[293.795s][info][gc,phases   ] GC(549)   Other: 0.12ms
[293.795s][info][gc,heap     ] GC(549) Eden regions: 114->0(88)
[293.795s][info][gc,heap     ] GC(549) Survivor regions: 19->17(17)
[293.795s][info][gc,heap     ] GC(549) Old regions: 76->108
[293.795s][info][gc,heap     ] GC(549) Humongous regions: 3->3
[293.795s][info][gc,metaspace] GC(549) Metaspace: 42548K(42944K)->42548K(42944K) NonClass: 38204K(38400K)->38204K(38400K) Class: 4344K(4544K)->4344K(4544K)
[293.795s][info][gc          ] GC(549) Pause Young (Concurrent Start) (G1 Evacuation Pause) 211M->127M(261M) 59.722ms
[293.795s][info][gc,cpu      ] GC(549) User=0.11s Sys=0.00s Real=0.06s
[293.795s][info][gc          ] GC(550) Concurrent Mark Cycle
[293.795s][info][gc,marking  ] GC(550) Concurrent Scan Root Regions
[293.853s][info][gc,marking  ] GC(550) Concurrent Scan Root Regions 58.226ms
[293.854s][info][gc,marking  ] GC(550) Concurrent Mark
[293.854s][info][gc,marking  ] GC(550) Concurrent Mark From Roots
[293.854s][info][gc,task     ] GC(550) Using 1 workers of 1 for marking
[293.996s][info][gc,marking  ] GC(550) Concurrent Mark From Roots 142.128ms
[293.996s][info][gc,marking  ] GC(550) Concurrent Preclean
[293.996s][info][gc,marking  ] GC(550) Concurrent Preclean 0.038ms
[293.996s][info][gc,start    ] GC(550) Pause Remark
[294.012s][info][gc          ] GC(550) Pause Remark 161M->161M(261M) 15.906ms
[294.012s][info][gc,cpu      ] GC(550) User=0.04s Sys=0.00s Real=0.02s
[294.012s][info][gc,marking  ] GC(550) Concurrent Mark 158.348ms
[294.012s][info][gc,marking  ] GC(550) Concurrent Rebuild Remembered Sets and Scrub Regions
[294.110s][info][gc,marking  ] GC(550) Concurrent Rebuild Remembered Sets and Scrub Regions 97.856ms
[294.110s][info][gc,start    ] GC(550) Pause Cleanup
[294.110s][info][gc          ] GC(550) Pause Cleanup 181M->181M(261M) 0.047ms
[294.110s][info][gc,cpu      ] GC(550) User=0.00s Sys=0.00s Real=0.00s
[294.111s][info][gc,marking  ] GC(550) Concurrent Clear Claimed Marks
[294.111s][info][gc,marking  ] GC(550) Concurrent Clear Claimed Marks 0.048ms
[294.111s][info][gc,marking  ] GC(550) Concurrent Cleanup for Next Mark
[294.112s][info][gc,marking  ] GC(550) Concurrent Cleanup for Next Mark 0.850ms
[294.112s][info][gc          ] GC(550) Concurrent Mark Cycle 316.391ms
[294.229s][info][gc,start    ] GC(551) Pause Young (Prepare Mixed) (G1 Evacuation Pause)
[294.229s][info][gc,task     ] GC(551) Using 2 workers of 2 for evacuation
[294.275s][info][gc,phases   ] GC(551)   Pre Evacuate Collection Set: 0.16ms
[294.275s][info][gc,phases   ] GC(551)   Merge Heap Roots: 0.34ms
[294.275s][info][gc,phases   ] GC(551)   Evacuate Collection Set: 45.48ms
[294.275s][info][gc,phases   ] GC(551)   Post Evacuate Collection Set: 0.44ms
[294.276s][info][gc,phases   ] GC(551)   Other: 0.07ms
[294.276s][info][gc,heap     ] GC(551) Eden regions: 88->0(71)
[294.276s][info][gc,heap     ] GC(551) Survivor regions: 17->14(14)
[294.276s][info][gc,heap     ] GC(551) Old regions: 108->133
[294.276s][info][gc,heap     ] GC(551) Humongous regions: 5->3
[294.276s][info][gc,metaspace] GC(551) Metaspace: 42548K(42944K)->42548K(42944K) NonClass: 38204K(38400K)->38204K(38400K) Class: 4344K(4544K)->4344K(4544K)
[294.276s][info][gc          ] GC(551) Pause Young (Prepare Mixed) (G1 Evacuation Pause) 217M->149M(261M) 46.687ms
[294.276s][info][gc,cpu      ] GC(551) User=0.09s Sys=0.01s Real=0.05s
[294.600s][info][gc,start    ] GC(552) Pause Young (Mixed) (G1 Evacuation Pause)
[294.600s][info][gc,task     ] GC(552) Using 2 workers of 2 for evacuation
[294.637s][info][gc,phases   ] GC(552)   Pre Evacuate Collection Set: 0.15ms
[294.637s][info][gc,phases   ] GC(552)   Merge Heap Roots: 0.19ms
[294.637s][info][gc,phases   ] GC(552)   Evacuate Collection Set: 36.88ms
[294.637s][info][gc,phases   ] GC(552)   Post Evacuate Collection Set: 0.37ms
[294.637s][info][gc,phases   ] GC(552)   Other: 0.06ms
[294.637s][info][gc,heap     ] GC(552) Eden regions: 71->0(61)
[294.637s][info][gc,heap     ] GC(552) Survivor regions: 14->11(11)
[294.637s][info][gc,heap     ] GC(552) Old regions: 133->149
[294.637s][info][gc,heap     ] GC(552) Humongous regions: 5->3
[294.637s][info][gc,metaspace] GC(552) Metaspace: 42548K(42944K)->42548K(42944K) NonClass: 38204K(38400K)->38204K(38400K) Class: 4344K(4544K)->4344K(4544K)
[294.637s][info][gc          ] GC(552) Pause Young (Mixed) (G1 Evacuation Pause) 222M->163M(261M) 37.830ms
[294.637s][info][gc,cpu      ] GC(552) User=0.07s Sys=0.00s Real=0.03s
[294.673s][info][gc,start    ] GC(553) Pause Young (Concurrent Start) (G1 Humongous Allocation)
[294.673s][info][gc,task     ] GC(553) Using 2 workers of 2 for evacuation
[294.690s][info][gc,phases   ] GC(553)   Pre Evacuate Collection Set: 0.18ms
[294.690s][info][gc,phases   ] GC(553)   Merge Heap Roots: 0.13ms
[294.690s][info][gc,phases   ] GC(553)   Evacuate Collection Set: 15.01ms
[294.690s][info][gc,phases   ] GC(553)   Post Evacuate Collection Set: 1.39ms
[294.690s][info][gc,phases   ] GC(553)   Other: 0.15ms
[294.690s][info][gc,heap     ] GC(553) Eden regions: 10->0(167)
[294.690s][info][gc,heap     ] GC(553) Survivor regions: 11->2(9)
[294.690s][info][gc,heap     ] GC(553) Old regions: 149->160
[294.690s][info][gc,heap     ] GC(553) Humongous regions: 3->1
[294.690s][info][gc,metaspace] GC(553) Metaspace: 42548K(42944K)->42548K(42944K) NonClass: 38204K(38400K)->38204K(38400K) Class: 4344K(4544K)->4344K(4544K)
[294.690s][info][gc          ] GC(553) Pause Young (Concurrent Start) (G1 Humongous Allocation) 172M->163M(405M) 17.040ms
[294.690s][info][gc          ] GC(554) Concurrent Undo Cycle
[294.690s][info][gc,marking  ] GC(554) Concurrent Clear Claimed Marks
[294.690s][info][gc,marking  ] GC(554) Concurrent Clear Claimed Marks 0.058ms
[294.690s][info][gc,marking  ] GC(554) Concurrent Cleanup for Next Mark
[294.690s][info][gc,cpu      ] GC(553) User=0.03s Sys=0.00s Real=0.02s
[294.692s][info][gc,marking  ] GC(554) Concurrent Cleanup for Next Mark 1.521ms
[294.692s][info][gc          ] GC(554) Concurrent Undo Cycle 1.629ms
[295.082s][info][gc,start    ] GC(555) Pause Young (Concurrent Start) (G1 Humongous Allocation)
[295.082s][info][gc,task     ] GC(555) Using 2 workers of 2 for evacuation
[295.086s][info][gc,phases   ] GC(555)   Pre Evacuate Collection Set: 0.23ms
[295.086s][info][gc,phases   ] GC(555)   Merge Heap Roots: 0.06ms
[295.086s][info][gc,phases   ] GC(555)   Evacuate Collection Set: 2.67ms
[295.086s][info][gc,phases   ] GC(555)   Post Evacuate Collection Set: 0.43ms
[295.086s][info][gc,phases   ] GC(555)   Other: 0.13ms
[295.086s][info][gc,heap     ] GC(555) Eden regions: 85->0(179)
[295.086s][info][gc,heap     ] GC(555) Survivor regions: 2->2(22)
[295.086s][info][gc,heap     ] GC(555) Old regions: 160->160
[295.086s][info][gc,heap     ] GC(555) Humongous regions: 3->1
[295.086s][info][gc,metaspace] GC(555) Metaspace: 42548K(42944K)->42548K(42944K) NonClass: 38204K(38400K)->38204K(38400K) Class: 4344K(4544K)->4344K(4544K)
[295.086s][info][gc          ] GC(555) Pause Young (Concurrent Start) (G1 Humongous Allocation) 249M->162M(405M) 3.717ms
[295.086s][info][gc          ] GC(556) Concurrent Mark Cycle
[295.086s][info][gc,marking  ] GC(556) Concurrent Scan Root Regions
[295.086s][info][gc,cpu      ] GC(555) User=0.00s Sys=0.00s Real=0.00s
[295.089s][info][gc,marking  ] GC(556) Concurrent Scan Root Regions 3.354ms
[295.089s][info][gc,marking  ] GC(556) Concurrent Mark
[295.089s][info][gc,marking  ] GC(556) Concurrent Mark From Roots
[295.089s][info][gc,task     ] GC(556) Using 1 workers of 1 for marking
[295.160s][info][gc,marking  ] GC(556) Concurrent Mark From Roots 71.179ms
[295.160s][info][gc,marking  ] GC(556) Concurrent Preclean
[295.160s][info][gc,marking  ] GC(556) Concurrent Preclean 0.040ms
[295.161s][info][gc,start    ] GC(556) Pause Remark
[295.177s][info][gc          ] GC(556) Pause Remark 176M->147M(405M) 16.386ms
[295.177s][info][gc,cpu      ] GC(556) User=0.04s Sys=0.00s Real=0.01s
[295.177s][info][gc,marking  ] GC(556) Concurrent Mark 87.882ms
[295.177s][info][gc,marking  ] GC(556) Concurrent Rebuild Remembered Sets and Scrub Regions
[295.205s][info][gc,marking  ] GC(556) Concurrent Rebuild Remembered Sets and Scrub Regions 27.627ms
[295.205s][info][gc,start    ] GC(556) Pause Cleanup
[295.205s][info][gc          ] GC(556) Pause Cleanup 147M->147M(405M) 0.075ms
[295.205s][info][gc,cpu      ] GC(556) User=0.00s Sys=0.00s Real=0.00s
[295.205s][info][gc,marking  ] GC(556) Concurrent Clear Claimed Marks
[295.205s][info][gc,marking  ] GC(556) Concurrent Clear Claimed Marks 0.039ms
[295.205s][info][gc,marking  ] GC(556) Concurrent Cleanup for Next Mark
[295.208s][info][gc,marking  ] GC(556) Concurrent Cleanup for Next Mark 2.711ms
[295.208s][info][gc          ] GC(556) Concurrent Mark Cycle 121.983ms
[295.809s][info][gc,start    ] GC(557) Pause Young (Prepare Mixed) (G1 Evacuation Pause)
[295.809s][info][gc,task     ] GC(557) Using 2 workers of 2 for evacuation
[295.838s][info][gc,phases   ] GC(557)   Pre Evacuate Collection Set: 0.20ms
[295.838s][info][gc,phases   ] GC(557)   Merge Heap Roots: 0.09ms
[295.838s][info][gc,phases   ] GC(557)   Evacuate Collection Set: 28.13ms
[295.838s][info][gc,phases   ] GC(557)   Post Evacuate Collection Set: 0.51ms
[295.838s][info][gc,phases   ] GC(557)   Other: 0.09ms
[295.838s][info][gc,heap     ] GC(557) Eden regions: 179->0(152)
[295.838s][info][gc,heap     ] GC(557) Survivor regions: 2->23(23)
[295.839s][info][gc,heap     ] GC(557) Old regions: 131->150
[295.839s][info][gc,heap     ] GC(557) Humongous regions: 10->4
[295.839s][info][gc,metaspace] GC(557) Metaspace: 42552K(42944K)->42552K(42944K) NonClass: 38207K(38400K)->38207K(38400K) Class: 4344K(4544K)->4344K(4544K)
[295.839s][info][gc          ] GC(557) Pause Young (Prepare Mixed) (G1 Evacuation Pause) 321M->177M(405M) 29.237ms
[295.839s][info][gc,cpu      ] GC(557) User=0.06s Sys=0.00s Real=0.02s
[296.353s][info][gc,start    ] GC(558) Pause Young (Mixed) (G1 Evacuation Pause)
[296.353s][info][gc,task     ] GC(558) Using 2 workers of 2 for evacuation
[296.377s][info][gc,phases   ] GC(558)   Pre Evacuate Collection Set: 0.25ms
[296.377s][info][gc,phases   ] GC(558)   Merge Heap Roots: 0.18ms
[296.377s][info][gc,phases   ] GC(558)   Evacuate Collection Set: 23.33ms
[296.377s][info][gc,phases   ] GC(558)   Post Evacuate Collection Set: 0.50ms
[296.377s][info][gc,phases   ] GC(558)   Other: 0.07ms
[296.377s][info][gc,heap     ] GC(558) Eden regions: 152->0(186)
[296.377s][info][gc,heap     ] GC(558) Survivor regions: 23->8(22)
[296.377s][info][gc,heap     ] GC(558) Old regions: 150->132
[296.377s][info][gc,heap     ] GC(558) Humongous regions: 5->4
[296.377s][info][gc,metaspace] GC(558) Metaspace: 42552K(42944K)->42552K(42944K) NonClass: 38207K(38400K)->38207K(38400K) Class: 4344K(4544K)->4344K(4544K)
[296.377s][info][gc          ] GC(558) Pause Young (Mixed) (G1 Evacuation Pause) 330M->143M(405M) 24.546ms
[296.377s][info][gc,cpu      ] GC(558) User=0.05s Sys=0.00s Real=0.02s
[297.008s][info][gc,start    ] GC(559) Pause Young (Mixed) (G1 Evacuation Pause)
[297.008s][info][gc,task     ] GC(559) Using 2 workers of 2 for evacuation
[297.026s][info][gc,phases   ] GC(559)   Pre Evacuate Collection Set: 0.24ms
[297.026s][info][gc,phases   ] GC(559)   Merge Heap Roots: 0.20ms
[297.026s][info][gc,phases   ] GC(559)   Evacuate Collection Set: 17.46ms
[297.026s][info][gc,phases   ] GC(559)   Post Evacuate Collection Set: 0.49ms
[297.026s][info][gc,phases   ] GC(559)   Other: 0.09ms
[297.026s][info][gc,heap     ] GC(559) Eden regions: 186->0(201)
[297.026s][info][gc,heap     ] GC(559) Survivor regions: 8->21(25)
[297.026s][info][gc,heap     ] GC(559) Old regions: 132->104
[297.026s][info][gc,heap     ] GC(559) Humongous regions: 6->4
[297.026s][info][gc,metaspace] GC(559) Metaspace: 42552K(42944K)->42552K(42944K) NonClass: 38207K(38400K)->38207K(38400K) Class: 4344K(4544K)->4344K(4544K)
[297.026s][info][gc          ] GC(559) Pause Young (Mixed) (G1 Evacuation Pause) 331M->128M(405M) 18.661ms
[297.026s][info][gc,cpu      ] GC(559) User=0.04s Sys=0.00s Real=0.02s
[297.748s][info][gc,start    ] GC(560) Pause Young (Concurrent Start) (G1 Evacuation Pause)
[297.748s][info][gc,task     ] GC(560) Using 2 workers of 2 for evacuation
[297.774s][info][gc,phases   ] GC(560)   Pre Evacuate Collection Set: 0.19ms
[297.774s][info][gc,phases   ] GC(560)   Merge Heap Roots: 0.12ms
[297.774s][info][gc,phases   ] GC(560)   Evacuate Collection Set: 25.81ms
[297.774s][info][gc,phases   ] GC(560)   Post Evacuate Collection Set: 0.49ms
[297.774s][info][gc,phases   ] GC(560)   Other: 0.12ms
[297.774s][info][gc,heap     ] GC(560) Eden regions: 201->0(181)
[297.774s][info][gc,heap     ] GC(560) Survivor regions: 21->28(28)
[297.774s][info][gc,heap     ] GC(560) Old regions: 104->114
[297.774s][info][gc,heap     ] GC(560) Humongous regions: 4->4
[297.774s][info][gc,metaspace] GC(560) Metaspace: 42552K(42944K)->42552K(42944K) NonClass: 38207K(38400K)->38207K(38400K) Class: 4344K(4544K)->4344K(4544K)
[297.774s][info][gc          ] GC(560) Pause Young (Concurrent Start) (G1 Evacuation Pause) 329M->145M(405M) 26.938ms
[297.775s][info][gc,cpu      ] GC(560) User=0.05s Sys=0.00s Real=0.03s
[297.775s][info][gc          ] GC(561) Concurrent Mark Cycle
[297.775s][info][gc,marking  ] GC(561) Concurrent Scan Root Regions
[297.796s][info][gc,marking  ] GC(561) Concurrent Scan Root Regions 21.077ms
[297.796s][info][gc,marking  ] GC(561) Concurrent Mark
[297.796s][info][gc,marking  ] GC(561) Concurrent Mark From Roots
[297.796s][info][gc,task     ] GC(561) Using 1 workers of 1 for marking
[297.901s][info][gc,marking  ] GC(561) Concurrent Mark From Roots 105.647ms
[297.901s][info][gc,marking  ] GC(561) Concurrent Preclean
[297.901s][info][gc,marking  ] GC(561) Concurrent Preclean 0.057ms
[297.902s][info][gc,start    ] GC(561) Pause Remark
[297.919s][info][gc          ] GC(561) Pause Remark 174M->173M(405M) 17.120ms
[297.919s][info][gc,cpu      ] GC(561) User=0.03s Sys=0.00s Real=0.01s
[297.919s][info][gc,marking  ] GC(561) Concurrent Mark 123.150ms
[297.919s][info][gc,marking  ] GC(561) Concurrent Rebuild Remembered Sets and Scrub Regions
[297.965s][info][gc,marking  ] GC(561) Concurrent Rebuild Remembered Sets and Scrub Regions 46.500ms
[297.966s][info][gc,start    ] GC(561) Pause Cleanup
[297.966s][info][gc          ] GC(561) Pause Cleanup 184M->184M(405M) 0.054ms
[297.966s][info][gc,cpu      ] GC(561) User=0.00s Sys=0.00s Real=0.00s
[297.966s][info][gc,marking  ] GC(561) Concurrent Clear Claimed Marks
[297.966s][info][gc,marking  ] GC(561) Concurrent Clear Claimed Marks 0.038ms
[297.966s][info][gc,marking  ] GC(561) Concurrent Cleanup for Next Mark
[297.967s][info][gc,marking  ] GC(561) Concurrent Cleanup for Next Mark 1.168ms
[297.967s][info][gc          ] GC(561) Concurrent Mark Cycle 192.326ms
[298.488s][info][gc,start    ] GC(562) Pause Young (Prepare Mixed) (G1 Evacuation Pause)
[298.489s][info][gc,task     ] GC(562) Using 2 workers of 2 for evacuation
[298.518s][info][gc,phases   ] GC(562)   Pre Evacuate Collection Set: 0.20ms
[298.518s][info][gc,phases   ] GC(562)   Merge Heap Roots: 0.09ms
[298.518s][info][gc,phases   ] GC(562)   Evacuate Collection Set: 28.37ms
[298.518s][info][gc,phases   ] GC(562)   Post Evacuate Collection Set: 0.46ms
[298.518s][info][gc,phases   ] GC(562)   Other: 0.11ms
[298.518s][info][gc,heap     ] GC(562) Eden regions: 181->0(161)
[298.518s][info][gc,heap     ] GC(562) Survivor regions: 28->27(27)
[298.518s][info][gc,heap     ] GC(562) Old regions: 113->135
[298.518s][info][gc,heap     ] GC(562) Humongous regions: 5->5
[298.518s][info][gc,metaspace] GC(562) Metaspace: 42552K(42944K)->42552K(42944K) NonClass: 38208K(38400K)->38208K(38400K) Class: 4344K(4544K)->4344K(4544K)
[298.518s][info][gc          ] GC(562) Pause Young (Prepare Mixed) (G1 Evacuation Pause) 326M->167M(405M) 29.441ms
[298.518s][info][gc,cpu      ] GC(562) User=0.06s Sys=0.00s Real=0.03s
[299.114s][info][gc,start    ] GC(563) Pause Young (Mixed) (G1 Evacuation Pause)
[299.114s][info][gc,task     ] GC(563) Using 2 workers of 2 for evacuation
[299.142s][info][gc,phases   ] GC(563)   Pre Evacuate Collection Set: 0.24ms
[299.142s][info][gc,phases   ] GC(563)   Merge Heap Roots: 0.20ms
[299.142s][info][gc,phases   ] GC(563)   Evacuate Collection Set: 27.07ms
[299.142s][info][gc,phases   ] GC(563)   Post Evacuate Collection Set: 0.43ms
[299.142s][info][gc,phases   ] GC(563)   Other: 0.08ms
[299.142s][info][gc,heap     ] GC(563) Eden regions: 161->0(166)
[299.142s][info][gc,heap     ] GC(563) Survivor regions: 27->14(24)
[299.142s][info][gc,heap     ] GC(563) Old regions: 135->147
[299.142s][info][gc,heap     ] GC(563) Humongous regions: 6->5
[299.142s][info][gc,metaspace] GC(563) Metaspace: 42552K(42944K)->42552K(42944K) NonClass: 38208K(38400K)->38208K(38400K) Class: 4344K(4544K)->4344K(4544K)
[299.142s][info][gc          ] GC(563) Pause Young (Mixed) (G1 Evacuation Pause) 329M->166M(405M) 28.214ms
[299.142s][info][gc,cpu      ] GC(563) User=0.06s Sys=0.00s Real=0.03s
[299.336s][info][gc,start    ] GC(564) Pause Young (Concurrent Start) (G1 Humongous Allocation)
[299.336s][info][gc,task     ] GC(564) Using 2 workers of 2 for evacuation
[299.369s][info][gc,phases   ] GC(564)   Pre Evacuate Collection Set: 0.22ms
[299.369s][info][gc,phases   ] GC(564)   Merge Heap Roots: 0.06ms
[299.369s][info][gc,phases   ] GC(564)   Evacuate Collection Set: 31.99ms
[299.369s][info][gc,phases   ] GC(564)   Post Evacuate Collection Set: 0.39ms
[299.369s][info][gc,phases   ] GC(564)   Other: 0.09ms
[299.369s][info][gc,heap     ] GC(564) Eden regions: 57->0(96)
[299.369s][info][gc,heap     ] GC(564) Survivor regions: 14->23(23)
[299.369s][info][gc,heap     ] GC(564) Old regions: 147->176
[299.369s][info][gc,heap     ] GC(564) Humongous regions: 5->5
[299.369s][info][gc,metaspace] GC(564) Metaspace: 42552K(42944K)->42552K(42944K) NonClass: 38208K(38400K)->38208K(38400K) Class: 4344K(4544K)->4344K(4544K)
[299.369s][info][gc          ] GC(564) Pause Young (Concurrent Start) (G1 Humongous Allocation) 222M->203M(405M) 32.999ms
[299.369s][info][gc,cpu      ] GC(564) User=0.07s Sys=0.00s Real=0.04s
[299.369s][info][gc          ] GC(565) Concurrent Mark Cycle
[299.369s][info][gc,marking  ] GC(565) Concurrent Scan Root Regions
[299.391s][info][gc,marking  ] GC(565) Concurrent Scan Root Regions 21.401ms
[299.391s][info][gc,marking  ] GC(565) Concurrent Mark
[299.391s][info][gc,marking  ] GC(565) Concurrent Mark From Roots
[299.391s][info][gc,task     ] GC(565) Using 1 workers of 1 for marking
[299.472s][info][gc,marking  ] GC(565) Concurrent Mark From Roots 80.975ms
[299.472s][info][gc,marking  ] GC(565) Concurrent Preclean
[299.472s][info][gc,marking  ] GC(565) Concurrent Preclean 0.055ms
[299.472s][info][gc,start    ] GC(565) Pause Remark
[299.489s][info][gc          ] GC(565) Pause Remark 226M->181M(405M) 17.122ms
[299.489s][info][gc,cpu      ] GC(565) User=0.03s Sys=0.00s Real=0.01s
[299.489s][info][gc,marking  ] GC(565) Concurrent Mark 98.379ms
[299.489s][info][gc,marking  ] GC(565) Concurrent Rebuild Remembered Sets and Scrub Regions
[299.547s][info][gc,marking  ] GC(565) Concurrent Rebuild Remembered Sets and Scrub Regions 58.378ms
[299.548s][info][gc,start    ] GC(565) Pause Cleanup
[299.548s][info][gc          ] GC(565) Pause Cleanup 193M->193M(405M) 0.063ms
[299.548s][info][gc,cpu      ] GC(565) User=0.00s Sys=0.00s Real=0.00s
[299.548s][info][gc,marking  ] GC(565) Concurrent Clear Claimed Marks
[299.548s][info][gc,marking  ] GC(565) Concurrent Clear Claimed Marks 0.042ms
[299.548s][info][gc,marking  ] GC(565) Concurrent Cleanup for Next Mark
[299.549s][info][gc,marking  ] GC(565) Concurrent Cleanup for Next Mark 1.191ms
[299.549s][info][gc          ] GC(565) Concurrent Mark Cycle 179.779ms
[299.791s][info][gc,start    ] GC(566) Pause Young (Prepare Mixed) (G1 Evacuation Pause)
[299.791s][info][gc,task     ] GC(566) Using 2 workers of 2 for evacuation
[299.850s][info][gc,phases   ] GC(566)   Pre Evacuate Collection Set: 0.22ms
[299.850s][info][gc,phases   ] GC(566)   Merge Heap Roots: 0.26ms
[299.850s][info][gc,phases   ] GC(566)   Evacuate Collection Set: 57.73ms
[299.850s][info][gc,phases   ] GC(566)   Post Evacuate Collection Set: 0.47ms
[299.850s][info][gc,phases   ] GC(566)   Other: 0.08ms
[299.850s][info][gc,heap     ] GC(566) Eden regions: 96->0(79)
[299.850s][info][gc,heap     ] GC(566) Survivor regions: 23->15(15)
[299.850s][info][gc,heap     ] GC(566) Old regions: 133->201
[299.850s][info][gc,heap     ] GC(566) Humongous regions: 4->4
[299.850s][info][gc,metaspace] GC(566) Metaspace: 42552K(42944K)->42552K(42944K) NonClass: 38208K(38400K)->38208K(38400K) Class: 4344K(4544K)->4344K(4544K)
[299.850s][info][gc          ] GC(566) Pause Young (Prepare Mixed) (G1 Evacuation Pause) 255M->220M(405M) 58.997ms
[299.850s][info][gc,cpu      ] GC(566) User=0.12s Sys=0.00s Real=0.06s
[300.162s][info][gc,start    ] GC(567) Pause Young (Mixed) (G1 Evacuation Pause)
[300.162s][info][gc,task     ] GC(567) Using 2 workers of 2 for evacuation
[300.217s][info][gc,phases   ] GC(567)   Pre Evacuate Collection Set: 0.22ms
[300.217s][info][gc,phases   ] GC(567)   Merge Heap Roots: 0.41ms
[300.217s][info][gc,phases   ] GC(567)   Evacuate Collection Set: 53.24ms
[300.217s][info][gc,phases   ] GC(567)   Post Evacuate Collection Set: 0.50ms
[300.217s][info][gc,phases   ] GC(567)   Other: 0.07ms
[300.217s][info][gc,heap     ] GC(567) Eden regions: 79->0(74)
[300.217s][info][gc,heap     ] GC(567) Survivor regions: 15->12(12)
[300.217s][info][gc,heap     ] GC(567) Old regions: 201->213
[300.217s][info][gc,heap     ] GC(567) Humongous regions: 5->5
[300.217s][info][gc,metaspace] GC(567) Metaspace: 42552K(42944K)->42552K(42944K) NonClass: 38208K(38400K)->38208K(38400K) Class: 4344K(4544K)->4344K(4544K)
[300.217s][info][gc          ] GC(567) Pause Young (Mixed) (G1 Evacuation Pause) 300M->230M(405M) 54.673ms
[300.217s][info][gc,cpu      ] GC(567) User=0.10s Sys=0.00s Real=0.05s
[300.489s][info][gc,start    ] GC(568) Pause Young (Concurrent Start) (G1 Evacuation Pause)
[300.489s][info][gc,task     ] GC(568) Using 2 workers of 2 for evacuation
[300.533s][info][gc,phases   ] GC(568)   Pre Evacuate Collection Set: 0.23ms
[300.533s][info][gc,phases   ] GC(568)   Merge Heap Roots: 0.29ms
[300.533s][info][gc,phases   ] GC(568)   Evacuate Collection Set: 42.82ms
[300.533s][info][gc,phases   ] GC(568)   Post Evacuate Collection Set: 0.65ms
[300.533s][info][gc,phases   ] GC(568)   Other: 0.10ms
[300.533s][info][gc,heap     ] GC(568) Eden regions: 74->0(69)
[300.534s][info][gc,heap     ] GC(568) Survivor regions: 12->11(11)
[300.534s][info][gc,heap     ] GC(568) Old regions: 213->253
[300.534s][info][gc,heap     ] GC(568) Humongous regions: 5->5
[300.534s][info][gc,metaspace] GC(568) Metaspace: 42552K(42944K)->42552K(42944K) NonClass: 38208K(38400K)->38208K(38400K) Class: 4344K(4544K)->4344K(4544K)
[300.534s][info][gc          ] GC(568) Pause Young (Concurrent Start) (G1 Evacuation Pause) 304M->269M(434M) 44.312ms
[300.534s][info][gc          ] GC(569) Concurrent Mark Cycle
[300.534s][info][gc,marking  ] GC(569) Concurrent Scan Root Regions
[300.534s][info][gc,cpu      ] GC(568) User=0.09s Sys=0.00s Real=0.04s
[300.556s][info][gc,marking  ] GC(569) Concurrent Scan Root Regions 22.015ms
[300.556s][info][gc,marking  ] GC(569) Concurrent Mark
[300.556s][info][gc,marking  ] GC(569) Concurrent Mark From Roots
[300.556s][info][gc,task     ] GC(569) Using 1 workers of 1 for marking
[300.682s][info][gc,marking  ] GC(569) Concurrent Mark From Roots 126.608ms
[300.682s][info][gc,marking  ] GC(569) Concurrent Preclean
[300.682s][info][gc,marking  ] GC(569) Concurrent Preclean 0.045ms
[300.683s][info][gc,start    ] GC(569) Pause Remark
[300.699s][info][gc          ] GC(569) Pause Remark 301M->259M(434M) 16.229ms
[300.699s][info][gc,cpu      ] GC(569) User=0.03s Sys=0.00s Real=0.01s
[300.700s][info][gc,marking  ] GC(569) Concurrent Mark 144.624ms
[300.700s][info][gc,marking  ] GC(569) Concurrent Rebuild Remembered Sets and Scrub Regions
[300.799s][info][gc,marking  ] GC(569) Concurrent Rebuild Remembered Sets and Scrub Regions 98.867ms
[300.801s][info][gc,start    ] GC(569) Pause Cleanup
[300.801s][info][gc          ] GC(569) Pause Cleanup 266M->266M(434M) 0.086ms
[300.801s][info][gc,cpu      ] GC(569) User=0.00s Sys=0.00s Real=0.00s
[300.802s][info][gc,marking  ] GC(569) Concurrent Clear Claimed Marks
[300.802s][info][gc,marking  ] GC(569) Concurrent Clear Claimed Marks 0.042ms
[300.802s][info][gc,marking  ] GC(569) Concurrent Cleanup for Next Mark
[300.803s][info][gc,marking  ] GC(569) Concurrent Cleanup for Next Mark 1.650ms
[300.803s][info][gc          ] GC(569) Concurrent Mark Cycle 269.672ms
[300.956s][info][gc,start    ] GC(570) Pause Young (Prepare Mixed) (G1 Evacuation Pause)
[300.957s][info][gc,task     ] GC(570) Using 2 workers of 2 for evacuation
[300.976s][info][gc,phases   ] GC(570)   Pre Evacuate Collection Set: 0.24ms
[300.976s][info][gc,phases   ] GC(570)   Merge Heap Roots: 0.23ms
[300.977s][info][gc,phases   ] GC(570)   Evacuate Collection Set: 18.95ms
[300.977s][info][gc,phases   ] GC(570)   Post Evacuate Collection Set: 0.39ms
[300.977s][info][gc,phases   ] GC(570)   Other: 0.09ms
[300.977s][info][gc,heap     ] GC(570) Eden regions: 69->0(88)
[300.977s][info][gc,heap     ] GC(570) Survivor regions: 11->10(10)
[300.977s][info][gc,heap     ] GC(570) Old regions: 212->222
[300.977s][info][gc,heap     ] GC(570) Humongous regions: 5->5
[300.977s][info][gc,metaspace] GC(570) Metaspace: 42552K(42944K)->42552K(42944K) NonClass: 38208K(38400K)->38208K(38400K) Class: 4344K(4544K)->4344K(4544K)
[300.977s][info][gc          ] GC(570) Pause Young (Prepare Mixed) (G1 Evacuation Pause) 297M->237M(434M) 20.136ms
[300.977s][info][gc,cpu      ] GC(570) User=0.03s Sys=0.00s Real=0.02s
[301.301s][info][gc,start    ] GC(571) Pause Young (Mixed) (G1 Evacuation Pause)
[301.301s][info][gc,task     ] GC(571) Using 2 workers of 2 for evacuation
[301.320s][info][gc,phases   ] GC(571)   Pre Evacuate Collection Set: 0.22ms
[301.320s][info][gc,phases   ] GC(571)   Merge Heap Roots: 0.23ms
[301.320s][info][gc,phases   ] GC(571)   Evacuate Collection Set: 17.87ms
[301.320s][info][gc,phases   ] GC(571)   Post Evacuate Collection Set: 0.43ms
[301.320s][info][gc,phases   ] GC(571)   Other: 0.11ms
[301.320s][info][gc,heap     ] GC(571) Eden regions: 88->0(112)
[301.320s][info][gc,heap     ] GC(571) Survivor regions: 10->9(13)
[301.320s][info][gc,heap     ] GC(571) Old regions: 222->190
[301.320s][info][gc,heap     ] GC(571) Humongous regions: 5->5
[301.320s][info][gc,metaspace] GC(571) Metaspace: 42552K(42944K)->42552K(42944K) NonClass: 38208K(38400K)->38208K(38400K) Class: 4344K(4544K)->4344K(4544K)
[301.320s][info][gc          ] GC(571) Pause Young (Mixed) (G1 Evacuation Pause) 325M->203M(434M) 19.094ms
[301.320s][info][gc,cpu      ] GC(571) User=0.04s Sys=0.00s Real=0.02s
[301.731s][info][gc,start    ] GC(572) Pause Young (Mixed) (G1 Evacuation Pause)
[301.731s][info][gc,task     ] GC(572) Using 2 workers of 2 for evacuation
[301.761s][info][gc,phases   ] GC(572)   Pre Evacuate Collection Set: 0.27ms
[301.761s][info][gc,phases   ] GC(572)   Merge Heap Roots: 0.35ms
[301.761s][info][gc,phases   ] GC(572)   Evacuate Collection Set: 29.55ms
[301.761s][info][gc,phases   ] GC(572)   Post Evacuate Collection Set: 0.46ms
[301.761s][info][gc,phases   ] GC(572)   Other: 0.07ms
[301.761s][info][gc,heap     ] GC(572) Eden regions: 112->0(116)
[301.761s][info][gc,heap     ] GC(572) Survivor regions: 9->16(16)
[301.762s][info][gc,heap     ] GC(572) Old regions: 190->179
[301.762s][info][gc,heap     ] GC(572) Humongous regions: 5->5
[301.762s][info][gc,metaspace] GC(572) Metaspace: 42552K(42944K)->42552K(42944K) NonClass: 38208K(38400K)->38208K(38400K) Class: 4344K(4544K)->4344K(4544K)
[301.762s][info][gc          ] GC(572) Pause Young (Mixed) (G1 Evacuation Pause) 315M->199M(434M) 30.946ms
[301.762s][info][gc,cpu      ] GC(572) User=0.06s Sys=0.00s Real=0.03s
[301.779s][info][gc,start    ] GC(573) Pause Young (Concurrent Start) (G1 Humongous Allocation)
[301.779s][info][gc,task     ] GC(573) Using 2 workers of 2 for evacuation
[301.794s][info][gc,phases   ] GC(573)   Pre Evacuate Collection Set: 0.22ms
[301.794s][info][gc,phases   ] GC(573)   Merge Heap Roots: 0.14ms
[301.794s][info][gc,phases   ] GC(573)   Evacuate Collection Set: 14.96ms
[301.794s][info][gc,phases   ] GC(573)   Post Evacuate Collection Set: 0.30ms
[301.794s][info][gc,phases   ] GC(573)   Other: 0.11ms
[301.794s][info][gc,heap     ] GC(573) Eden regions: 5->0(97)
[301.794s][info][gc,heap     ] GC(573) Survivor regions: 16->5(17)
[301.794s][info][gc,heap     ] GC(573) Old regions: 179->195
[301.794s][info][gc,heap     ] GC(573) Humongous regions: 5->5
[301.794s][info][gc,metaspace] GC(573) Metaspace: 42552K(42944K)->42552K(42944K) NonClass: 38208K(38400K)->38208K(38400K) Class: 4344K(4544K)->4344K(4544K)
[301.794s][info][gc          ] GC(573) Pause Young (Concurrent Start) (G1 Humongous Allocation) 203M->204M(434M) 15.903ms
[301.794s][info][gc,cpu      ] GC(573) User=0.03s Sys=0.00s Real=0.02s
[301.795s][info][gc          ] GC(574) Concurrent Mark Cycle
[301.795s][info][gc,marking  ] GC(574) Concurrent Scan Root Regions
[301.804s][info][gc,marking  ] GC(574) Concurrent Scan Root Regions 9.047ms
[301.804s][info][gc,marking  ] GC(574) Concurrent Mark
[301.804s][info][gc,marking  ] GC(574) Concurrent Mark From Roots
[301.804s][info][gc,task     ] GC(574) Using 1 workers of 1 for marking
[301.899s][info][gc,marking  ] GC(574) Concurrent Mark From Roots 95.681ms
[301.899s][info][gc,marking  ] GC(574) Concurrent Preclean
[301.899s][info][gc,marking  ] GC(574) Concurrent Preclean 0.045ms
[301.900s][info][gc,start    ] GC(574) Pause Remark
[301.916s][info][gc          ] GC(574) Pause Remark 225M->151M(434M) 16.825ms
[301.916s][info][gc,cpu      ] GC(574) User=0.03s Sys=0.00s Real=0.01s
[301.917s][info][gc,marking  ] GC(574) Concurrent Mark 112.853ms
[301.917s][info][gc,marking  ] GC(574) Concurrent Rebuild Remembered Sets and Scrub Regions
[301.970s][info][gc,marking  ] GC(574) Concurrent Rebuild Remembered Sets and Scrub Regions 53.104ms
[301.970s][info][gc,start    ] GC(574) Pause Cleanup
[301.970s][info][gc          ] GC(574) Pause Cleanup 165M->165M(434M) 0.064ms
[301.970s][info][gc,cpu      ] GC(574) User=0.00s Sys=0.00s Real=0.00s
[301.970s][info][gc,marking  ] GC(574) Concurrent Clear Claimed Marks
[301.970s][info][gc,marking  ] GC(574) Concurrent Clear Claimed Marks 0.040ms
[301.970s][info][gc,marking  ] GC(574) Concurrent Cleanup for Next Mark
[301.971s][info][gc,marking  ] GC(574) Concurrent Cleanup for Next Mark 1.271ms
[301.971s][info][gc          ] GC(574) Concurrent Mark Cycle 176.694ms
[302.204s][info][gc,start    ] GC(575) Pause Young (Prepare Mixed) (G1 Evacuation Pause)
[302.204s][info][gc,task     ] GC(575) Using 2 workers of 2 for evacuation
[302.229s][info][gc,phases   ] GC(575)   Pre Evacuate Collection Set: 0.21ms
[302.229s][info][gc,phases   ] GC(575)   Merge Heap Roots: 0.27ms
[302.229s][info][gc,phases   ] GC(575)   Evacuate Collection Set: 23.70ms
[302.229s][info][gc,phases   ] GC(575)   Post Evacuate Collection Set: 0.44ms
[302.229s][info][gc,phases   ] GC(575)   Other: 0.07ms
[302.229s][info][gc,heap     ] GC(575) Eden regions: 97->0(131)
[302.229s][info][gc,heap     ] GC(575) Survivor regions: 5->13(13)
[302.229s][info][gc,heap     ] GC(575) Old regions: 123->131
[302.229s][info][gc,heap     ] GC(575) Humongous regions: 4->3
[302.229s][info][gc,metaspace] GC(575) Metaspace: 42553K(42944K)->42553K(42944K) NonClass: 38209K(38400K)->38209K(38400K) Class: 4344K(4544K)->4344K(4544K)
[302.229s][info][gc          ] GC(575) Pause Young (Prepare Mixed) (G1 Evacuation Pause) 228M->147M(434M) 24.898ms
[302.229s][info][gc,cpu      ] GC(575) User=0.05s Sys=0.00s Real=0.02s
[302.713s][info][gc,start    ] GC(576) Pause Young (Mixed) (G1 Evacuation Pause)
[302.714s][info][gc,task     ] GC(576) Using 2 workers of 2 for evacuation
[302.745s][info][gc,phases   ] GC(576)   Pre Evacuate Collection Set: 0.21ms
[302.745s][info][gc,phases   ] GC(576)   Merge Heap Roots: 0.29ms
[302.745s][info][gc,phases   ] GC(576)   Evacuate Collection Set: 30.44ms
[302.745s][info][gc,phases   ] GC(576)   Post Evacuate Collection Set: 0.51ms
[302.745s][info][gc,phases   ] GC(576)   Other: 0.09ms
[302.745s][info][gc,heap     ] GC(576) Eden regions: 131->0(142)
[302.745s][info][gc,heap     ] GC(576) Survivor regions: 13->18(18)
[302.745s][info][gc,heap     ] GC(576) Old regions: 131->118
[302.745s][info][gc,heap     ] GC(576) Humongous regions: 4->4
[302.745s][info][gc,metaspace] GC(576) Metaspace: 42553K(42944K)->42553K(42944K) NonClass: 38209K(38400K)->38209K(38400K) Class: 4344K(4544K)->4344K(4544K)
[302.745s][info][gc          ] GC(576) Pause Young (Mixed) (G1 Evacuation Pause) 279M->140M(434M) 31.741ms
[302.745s][info][gc,cpu      ] GC(576) User=0.06s Sys=0.00s Real=0.03s
[302.865s][info][gc,start    ] GC(577) Pause Young (Concurrent Start) (G1 Humongous Allocation)
[302.866s][info][gc,task     ] GC(577) Using 2 workers of 2 for evacuation
[302.880s][info][gc,phases   ] GC(577)   Pre Evacuate Collection Set: 0.21ms
[302.881s][info][gc,phases   ] GC(577)   Merge Heap Roots: 0.08ms
[302.881s][info][gc,phases   ] GC(577)   Evacuate Collection Set: 14.15ms
[302.881s][info][gc,phases   ] GC(577)   Post Evacuate Collection Set: 0.33ms
[302.881s][info][gc,phases   ] GC(577)   Other: 0.15ms
[302.881s][info][gc,heap     ] GC(577) Eden regions: 38->0(152)
[302.881s][info][gc,heap     ] GC(577) Survivor regions: 18->7(20)
[302.881s][info][gc,heap     ] GC(577) Old regions: 118->135
[302.881s][info][gc,heap     ] GC(577) Humongous regions: 4->4
[302.881s][info][gc,metaspace] GC(577) Metaspace: 42553K(42944K)->42553K(42944K) NonClass: 38209K(38400K)->38209K(38400K) Class: 4344K(4544K)->4344K(4544K)
[302.881s][info][gc          ] GC(577) Pause Young (Concurrent Start) (G1 Humongous Allocation) 177M->146M(434M) 15.137ms
[302.881s][info][gc,cpu      ] GC(577) User=0.03s Sys=0.00s Real=0.02s
[302.881s][info][gc          ] GC(578) Concurrent Mark Cycle
[302.881s][info][gc,marking  ] GC(578) Concurrent Scan Root Regions
[302.889s][info][gc,marking  ] GC(578) Concurrent Scan Root Regions 8.619ms
[302.889s][info][gc,marking  ] GC(578) Concurrent Mark
[302.889s][info][gc,marking  ] GC(578) Concurrent Mark From Roots
[302.889s][info][gc,task     ] GC(578) Using 1 workers of 1 for marking
[302.975s][info][gc,marking  ] GC(578) Concurrent Mark From Roots 85.359ms
[302.975s][info][gc,marking  ] GC(578) Concurrent Preclean
[302.975s][info][gc,marking  ] GC(578) Concurrent Preclean 0.037ms
[302.975s][info][gc,start    ] GC(578) Pause Remark
[302.991s][info][gc          ] GC(578) Pause Remark 172M->157M(434M) 16.240ms
[302.991s][info][gc,cpu      ] GC(578) User=0.03s Sys=0.00s Real=0.02s
[302.994s][info][gc,marking  ] GC(578) Concurrent Mark 104.896ms
[302.994s][info][gc,marking  ] GC(578) Concurrent Rebuild Remembered Sets and Scrub Regions
[303.075s][info][gc,marking  ] GC(578) Concurrent Rebuild Remembered Sets and Scrub Regions 80.967ms
[303.075s][info][gc,start    ] GC(578) Pause Cleanup
[303.075s][info][gc          ] GC(578) Pause Cleanup 181M->181M(434M) 0.058ms
[303.075s][info][gc,cpu      ] GC(578) User=0.00s Sys=0.00s Real=0.00s
[303.075s][info][gc,marking  ] GC(578) Concurrent Clear Claimed Marks
[303.076s][info][gc,marking  ] GC(578) Concurrent Clear Claimed Marks 0.071ms
[303.076s][info][gc,marking  ] GC(578) Concurrent Cleanup for Next Mark
[303.077s][info][gc,marking  ] GC(578) Concurrent Cleanup for Next Mark 1.248ms
[303.077s][info][gc          ] GC(578) Concurrent Mark Cycle 196.096ms
[303.444s][info][gc,start    ] GC(579) Pause Young (Prepare Mixed) (G1 Evacuation Pause)
[303.444s][info][gc,task     ] GC(579) Using 2 workers of 2 for evacuation
[303.472s][info][gc,phases   ] GC(579)   Pre Evacuate Collection Set: 0.22ms
[303.472s][info][gc,phases   ] GC(579)   Merge Heap Roots: 0.18ms
[303.472s][info][gc,phases   ] GC(579)   Evacuate Collection Set: 27.34ms
[303.472s][info][gc,phases   ] GC(579)   Post Evacuate Collection Set: 0.52ms
[303.472s][info][gc,phases   ] GC(579)   Other: 0.10ms
[303.472s][info][gc,heap     ] GC(579) Eden regions: 152->0(142)
[303.472s][info][gc,heap     ] GC(579) Survivor regions: 7->20(20)
[303.472s][info][gc,heap     ] GC(579) Old regions: 120->139
[303.472s][info][gc,heap     ] GC(579) Humongous regions: 7->5
[303.472s][info][gc,metaspace] GC(579) Metaspace: 42563K(43008K)->42563K(43008K) NonClass: 38217K(38464K)->38217K(38464K) Class: 4346K(4544K)->4346K(4544K)
[303.472s][info][gc          ] GC(579) Pause Young (Prepare Mixed) (G1 Evacuation Pause) 286M->164M(434M) 28.564ms
[303.472s][info][gc,cpu      ] GC(579) User=0.06s Sys=0.00s Real=0.03s
[304.003s][info][gc,start    ] GC(580) Pause Young (Mixed) (G1 Evacuation Pause)
[304.003s][info][gc,task     ] GC(580) Using 2 workers of 2 for evacuation
[304.044s][info][gc,phases   ] GC(580)   Pre Evacuate Collection Set: 0.30ms
[304.044s][info][gc,phases   ] GC(580)   Merge Heap Roots: 0.28ms
[304.044s][info][gc,phases   ] GC(580)   Evacuate Collection Set: 39.87ms
[304.044s][info][gc,phases   ] GC(580)   Post Evacuate Collection Set: 0.74ms
[304.044s][info][gc,phases   ] GC(580)   Other: 0.10ms
[304.044s][info][gc,heap     ] GC(580) Eden regions: 142->0(161)
[304.044s][info][gc,heap     ] GC(580) Survivor regions: 20->21(21)
[304.044s][info][gc,heap     ] GC(580) Old regions: 139->138
[304.044s][info][gc,heap     ] GC(580) Humongous regions: 6->5
[304.044s][info][gc,metaspace] GC(580) Metaspace: 42563K(43008K)->42563K(43008K) NonClass: 38217K(38464K)->38217K(38464K) Class: 4346K(4544K)->4346K(4544K)
[304.044s][info][gc          ] GC(580) Pause Young (Mixed) (G1 Evacuation Pause) 307M->164M(462M) 41.500ms
[304.044s][info][gc,cpu      ] GC(580) User=0.08s Sys=0.01s Real=0.04s
[304.290s][info][gc,start    ] GC(581) Pause Young (Concurrent Start) (G1 Humongous Allocation)
[304.291s][info][gc,task     ] GC(581) Using 2 workers of 2 for evacuation
[304.322s][info][gc,phases   ] GC(581)   Pre Evacuate Collection Set: 0.23ms
[304.322s][info][gc,phases   ] GC(581)   Merge Heap Roots: 0.18ms
[304.322s][info][gc,phases   ] GC(581)   Evacuate Collection Set: 30.03ms
[304.322s][info][gc,phases   ] GC(581)   Post Evacuate Collection Set: 0.43ms
[304.322s][info][gc,phases   ] GC(581)   Other: 0.14ms
[304.322s][info][gc,heap     ] GC(581) Eden regions: 63->0(145)
[304.322s][info][gc,heap     ] GC(581) Survivor regions: 21->23(23)
[304.322s][info][gc,heap     ] GC(581) Old regions: 138->151
[304.322s][info][gc,heap     ] GC(581) Humongous regions: 5->5
[304.322s][info][gc,metaspace] GC(581) Metaspace: 42563K(43008K)->42563K(43008K) NonClass: 38217K(38464K)->38217K(38464K) Class: 4346K(4544K)->4346K(4544K)
[304.322s][info][gc          ] GC(581) Pause Young (Concurrent Start) (G1 Humongous Allocation) 226M->179M(462M) 31.243ms
[304.322s][info][gc,cpu      ] GC(581) User=0.06s Sys=0.00s Real=0.03s
[304.322s][info][gc          ] GC(582) Concurrent Mark Cycle
[304.322s][info][gc,marking  ] GC(582) Concurrent Scan Root Regions
[304.340s][info][gc,marking  ] GC(582) Concurrent Scan Root Regions 17.665ms
[304.340s][info][gc,marking  ] GC(582) Concurrent Mark
[304.340s][info][gc,marking  ] GC(582) Concurrent Mark From Roots
[304.340s][info][gc,task     ] GC(582) Using 1 workers of 1 for marking
[304.446s][info][gc,marking  ] GC(582) Concurrent Mark From Roots 106.662ms
[304.446s][info][gc,marking  ] GC(582) Concurrent Preclean
[304.446s][info][gc,marking  ] GC(582) Concurrent Preclean 0.049ms
[304.446s][info][gc,start    ] GC(582) Pause Remark
[304.463s][info][gc          ] GC(582) Pause Remark 208M->185M(462M) 16.466ms
[304.463s][info][gc,cpu      ] GC(582) User=0.03s Sys=0.00s Real=0.02s
[304.463s][info][gc,marking  ] GC(582) Concurrent Mark 123.433ms
[304.463s][info][gc,marking  ] GC(582) Concurrent Rebuild Remembered Sets and Scrub Regions
[304.524s][info][gc,marking  ] GC(582) Concurrent Rebuild Remembered Sets and Scrub Regions 60.772ms
[304.524s][info][gc,start    ] GC(582) Pause Cleanup
[304.524s][info][gc          ] GC(582) Pause Cleanup 203M->203M(462M) 0.079ms
[304.524s][info][gc,cpu      ] GC(582) User=0.00s Sys=0.00s Real=0.00s
[304.524s][info][gc,marking  ] GC(582) Concurrent Clear Claimed Marks
[304.524s][info][gc,marking  ] GC(582) Concurrent Clear Claimed Marks 0.041ms
[304.524s][info][gc,marking  ] GC(582) Concurrent Cleanup for Next Mark
[304.526s][info][gc,marking  ] GC(582) Concurrent Cleanup for Next Mark 1.670ms
[304.526s][info][gc          ] GC(582) Concurrent Mark Cycle 204.081ms
[304.885s][info][gc,start    ] GC(583) Pause Young (Prepare Mixed) (G1 Evacuation Pause)
[304.885s][info][gc,task     ] GC(583) Using 2 workers of 2 for evacuation
[304.935s][info][gc,phases   ] GC(583)   Pre Evacuate Collection Set: 0.23ms
[304.935s][info][gc,phases   ] GC(583)   Merge Heap Roots: 0.27ms
[304.935s][info][gc,phases   ] GC(583)   Evacuate Collection Set: 49.12ms
[304.935s][info][gc,phases   ] GC(583)   Post Evacuate Collection Set: 0.51ms
[304.935s][info][gc,phases   ] GC(583)   Other: 0.10ms
[304.935s][info][gc,heap     ] GC(583) Eden regions: 145->0(135)
[304.935s][info][gc,heap     ] GC(583) Survivor regions: 23->21(21)
[304.935s][info][gc,heap     ] GC(583) Old regions: 129->175
[304.935s][info][gc,heap     ] GC(583) Humongous regions: 6->6
[304.935s][info][gc,metaspace] GC(583) Metaspace: 42563K(43008K)->42563K(43008K) NonClass: 38217K(38464K)->38217K(38464K) Class: 4346K(4544K)->4346K(4544K)
[304.935s][info][gc          ] GC(583) Pause Young (Prepare Mixed) (G1 Evacuation Pause) 303M->201M(462M) 50.476ms
[304.935s][info][gc,cpu      ] GC(583) User=0.10s Sys=0.00s Real=0.05s
[305.348s][info][gc,start    ] GC(584) Pause Young (Mixed) (G1 Evacuation Pause)
[305.348s][info][gc,task     ] GC(584) Using 2 workers of 2 for evacuation
[305.379s][info][gc,phases   ] GC(584)   Pre Evacuate Collection Set: 0.28ms
[305.380s][info][gc,phases   ] GC(584)   Merge Heap Roots: 0.36ms
[305.380s][info][gc,phases   ] GC(584)   Evacuate Collection Set: 30.27ms
[305.380s][info][gc,phases   ] GC(584)   Post Evacuate Collection Set: 0.47ms
[305.380s][info][gc,phases   ] GC(584)   Other: 0.09ms
[305.380s][info][gc,heap     ] GC(584) Eden regions: 135->0(154)
[305.380s][info][gc,heap     ] GC(584) Survivor regions: 21->8(20)
[305.380s][info][gc,heap     ] GC(584) Old regions: 175->172
[305.380s][info][gc,heap     ] GC(584) Humongous regions: 8->6
[305.380s][info][gc,metaspace] GC(584) Metaspace: 42565K(43008K)->42565K(43008K) NonClass: 38219K(38464K)->38219K(38464K) Class: 4346K(4544K)->4346K(4544K)
[305.380s][info][gc          ] GC(584) Pause Young (Mixed) (G1 Evacuation Pause) 338M->185M(462M) 31.688ms
[305.380s][info][gc,cpu      ] GC(584) User=0.06s Sys=0.00s Real=0.04s
[305.886s][info][gc,start    ] GC(585) Pause Young (Concurrent Start) (G1 Evacuation Pause)
[305.886s][info][gc,task     ] GC(585) Using 2 workers of 2 for evacuation
[305.892s][info][gc,phases   ] GC(585)   Pre Evacuate Collection Set: 0.24ms
[305.892s][info][gc,phases   ] GC(585)   Merge Heap Roots: 0.09ms
[305.892s][info][gc,phases   ] GC(585)   Evacuate Collection Set: 5.14ms
[305.892s][info][gc,phases   ] GC(585)   Post Evacuate Collection Set: 0.44ms
[305.892s][info][gc,phases   ] GC(585)   Other: 0.11ms
[305.892s][info][gc,heap     ] GC(585) Eden regions: 154->0(168)
[305.892s][info][gc,heap     ] GC(585) Survivor regions: 8->8(21)
[305.892s][info][gc,heap     ] GC(585) Old regions: 172->172
[305.892s][info][gc,heap     ] GC(585) Humongous regions: 6->6
[305.892s][info][gc,metaspace] GC(585) Metaspace: 42565K(43008K)->42565K(43008K) NonClass: 38219K(38464K)->38219K(38464K) Class: 4346K(4544K)->4346K(4544K)
[305.892s][info][gc          ] GC(585) Pause Young (Concurrent Start) (G1 Evacuation Pause) 339M->185M(462M) 6.265ms
[305.892s][info][gc          ] GC(586) Concurrent Mark Cycle
[305.892s][info][gc,marking  ] GC(586) Concurrent Scan Root Regions
[305.894s][info][gc,cpu      ] GC(585) User=0.01s Sys=0.00s Real=0.01s
[305.896s][info][gc,marking  ] GC(586) Concurrent Scan Root Regions 3.995ms
[305.896s][info][gc,marking  ] GC(586) Concurrent Mark
[305.896s][info][gc,marking  ] GC(586) Concurrent Mark From Roots
[305.896s][info][gc,task     ] GC(586) Using 1 workers of 1 for marking
[305.983s][info][gc,marking  ] GC(586) Concurrent Mark From Roots 87.201ms
[305.983s][info][gc,marking  ] GC(586) Concurrent Preclean
[305.983s][info][gc,marking  ] GC(586) Concurrent Preclean 0.036ms
[305.984s][info][gc,start    ] GC(586) Pause Remark
[306.000s][info][gc          ] GC(586) Pause Remark 208M->146M(414M) 16.411ms
[306.000s][info][gc,cpu      ] GC(586) User=0.03s Sys=0.00s Real=0.02s
[306.000s][info][gc,marking  ] GC(586) Concurrent Mark 103.973ms
[306.000s][info][gc,marking  ] GC(586) Concurrent Rebuild Remembered Sets and Scrub Regions
[306.036s][info][gc,marking  ] GC(586) Concurrent Rebuild Remembered Sets and Scrub Regions 36.145ms
[306.036s][info][gc,start    ] GC(586) Pause Cleanup
[306.037s][info][gc          ] GC(586) Pause Cleanup 156M->156M(414M) 0.071ms
[306.037s][info][gc,cpu      ] GC(586) User=0.00s Sys=0.00s Real=0.00s
[306.037s][info][gc,marking  ] GC(586) Concurrent Clear Claimed Marks
[306.037s][info][gc,marking  ] GC(586) Concurrent Clear Claimed Marks 0.039ms
[306.037s][info][gc,marking  ] GC(586) Concurrent Cleanup for Next Mark
[306.038s][info][gc,marking  ] GC(586) Concurrent Cleanup for Next Mark 1.201ms
[306.038s][info][gc          ] GC(586) Concurrent Mark Cycle 145.728ms
[306.445s][info][gc,start    ] GC(587) Pause Young (Prepare Mixed) (G1 Evacuation Pause)
[306.445s][info][gc,task     ] GC(587) Using 2 workers of 2 for evacuation
[306.450s][info][gc,phases   ] GC(587)   Pre Evacuate Collection Set: 0.19ms
[306.451s][info][gc,phases   ] GC(587)   Merge Heap Roots: 0.08ms
[306.451s][info][gc,phases   ] GC(587)   Evacuate Collection Set: 5.01ms
[306.451s][info][gc,phases   ] GC(587)   Post Evacuate Collection Set: 0.44ms
[306.451s][info][gc,phases   ] GC(587)   Other: 0.07ms
[306.451s][info][gc,heap     ] GC(587) Eden regions: 168->0(191)
[306.451s][info][gc,heap     ] GC(587) Survivor regions: 8->7(22)
[306.451s][info][gc,heap     ] GC(587) Old regions: 113->113
[306.451s][info][gc,heap     ] GC(587) Humongous regions: 4->3
[306.451s][info][gc,metaspace] GC(587) Metaspace: 42566K(43008K)->42566K(43008K) NonClass: 38220K(38464K)->38220K(38464K) Class: 4346K(4544K)->4346K(4544K)
[306.451s][info][gc          ] GC(587) Pause Young (Prepare Mixed) (G1 Evacuation Pause) 292M->122M(414M) 5.987ms
[306.451s][info][gc,cpu      ] GC(587) User=0.01s Sys=0.00s Real=0.01s
[306.868s][info][gc,start    ] GC(588) Pause Young (Mixed) (G1 Evacuation Pause)
[306.868s][info][gc,task     ] GC(588) Using 2 workers of 2 for evacuation
[306.878s][info][gc,phases   ] GC(588)   Pre Evacuate Collection Set: 0.19ms
[306.878s][info][gc,phases   ] GC(588)   Merge Heap Roots: 0.13ms
[306.878s][info][gc,phases   ] GC(588)   Evacuate Collection Set: 8.58ms
[306.878s][info][gc,phases   ] GC(588)   Post Evacuate Collection Set: 0.48ms
[306.878s][info][gc,phases   ] GC(588)   Other: 0.12ms
[306.878s][info][gc,heap     ] GC(588) Eden regions: 191->0(223)
[306.878s][info][gc,heap     ] GC(588) Survivor regions: 7->10(25)
[306.878s][info][gc,heap     ] GC(588) Old regions: 113->78
[306.878s][info][gc,heap     ] GC(588) Humongous regions: 3->1
[306.878s][info][gc,metaspace] GC(588) Metaspace: 42566K(43008K)->42566K(43008K) NonClass: 38220K(38464K)->38220K(38464K) Class: 4346K(4544K)->4346K(4544K)
[306.878s][info][gc          ] GC(588) Pause Young (Mixed) (G1 Evacuation Pause) 313M->87M(414M) 9.724ms
[306.878s][info][gc,cpu      ] GC(588) User=0.02s Sys=0.00s Real=0.01s
[307.290s][info][gc,start    ] GC(589) Pause Young (Concurrent Start) (G1 Evacuation Pause)
[307.290s][info][gc,task     ] GC(589) Using 2 workers of 2 for evacuation
[307.298s][info][gc,phases   ] GC(589)   Pre Evacuate Collection Set: 0.23ms
[307.298s][info][gc,phases   ] GC(589)   Merge Heap Roots: 0.07ms
[307.298s][info][gc,phases   ] GC(589)   Evacuate Collection Set: 7.06ms
[307.298s][info][gc,phases   ] GC(589)   Post Evacuate Collection Set: 0.53ms
[307.298s][info][gc,phases   ] GC(589)   Other: 0.09ms
[307.298s][info][gc,heap     ] GC(589) Eden regions: 223->0(236)
[307.298s][info][gc,heap     ] GC(589) Survivor regions: 10->10(30)
[307.298s][info][gc,heap     ] GC(589) Old regions: 78->78
[307.298s][info][gc,heap     ] GC(589) Humongous regions: 1->1
[307.298s][info][gc,metaspace] GC(589) Metaspace: 42566K(43008K)->42566K(43008K) NonClass: 38220K(38464K)->38220K(38464K) Class: 4346K(4544K)->4346K(4544K)
[307.298s][info][gc          ] GC(589) Pause Young (Concurrent Start) (G1 Evacuation Pause) 310M->87M(414M) 8.185ms
[307.299s][info][gc,cpu      ] GC(589) User=0.01s Sys=0.00s Real=0.00s
[307.299s][info][gc          ] GC(590) Concurrent Mark Cycle
[307.299s][info][gc,marking  ] GC(590) Concurrent Scan Root Regions
[307.304s][info][gc,marking  ] GC(590) Concurrent Scan Root Regions 5.324ms
[307.304s][info][gc,marking  ] GC(590) Concurrent Mark
[307.304s][info][gc,marking  ] GC(590) Concurrent Mark From Roots
[307.304s][info][gc,task     ] GC(590) Using 1 workers of 1 for marking
[307.413s][info][gc,marking  ] GC(590) Concurrent Mark From Roots 109.374ms
[307.413s][info][gc,marking  ] GC(590) Concurrent Preclean
[307.413s][info][gc,marking  ] GC(590) Concurrent Preclean 0.034ms
[307.414s][info][gc,start    ] GC(590) Pause Remark
[307.430s][info][gc          ] GC(590) Pause Remark 122M->119M(294M) 16.113ms
[307.430s][info][gc,cpu      ] GC(590) User=0.04s Sys=0.00s Real=0.02s
[307.430s][info][gc,marking  ] GC(590) Concurrent Mark 125.808ms
[307.430s][info][gc,marking  ] GC(590) Concurrent Rebuild Remembered Sets and Scrub Regions
[307.503s][info][gc,marking  ] GC(590) Concurrent Rebuild Remembered Sets and Scrub Regions 73.030ms
[307.503s][info][gc,start    ] GC(590) Pause Cleanup
[307.503s][info][gc          ] GC(590) Pause Cleanup 135M->135M(294M) 0.046ms
[307.503s][info][gc,cpu      ] GC(590) User=0.00s Sys=0.00s Real=0.00s
[307.503s][info][gc,marking  ] GC(590) Concurrent Clear Claimed Marks
[307.503s][info][gc,marking  ] GC(590) Concurrent Clear Claimed Marks 0.041ms
[307.503s][info][gc,marking  ] GC(590) Concurrent Cleanup for Next Mark
[307.504s][info][gc,marking  ] GC(590) Concurrent Cleanup for Next Mark 0.853ms
[307.504s][info][gc          ] GC(590) Concurrent Mark Cycle 205.401ms
[307.892s][info][gc,start    ] GC(591) Pause Young (Prepare Mixed) (G1 Evacuation Pause)
[307.892s][info][gc,task     ] GC(591) Using 2 workers of 2 for evacuation
[307.908s][info][gc,phases   ] GC(591)   Pre Evacuate Collection Set: 0.23ms
[307.908s][info][gc,phases   ] GC(591)   Merge Heap Roots: 0.07ms
[307.908s][info][gc,phases   ] GC(591)   Evacuate Collection Set: 14.81ms
[307.908s][info][gc,phases   ] GC(591)   Post Evacuate Collection Set: 0.93ms
[307.908s][info][gc,phases   ] GC(591)   Other: 0.08ms
[307.908s][info][gc,heap     ] GC(591) Eden regions: 86->0(234)
[307.908s][info][gc,heap     ] GC(591) Survivor regions: 10->12(29)
[307.908s][info][gc,heap     ] GC(591) Old regions: 75->75
[307.908s][info][gc,heap     ] GC(591) Humongous regions: 227->3
[307.908s][info][gc,metaspace] GC(591) Metaspace: 42568K(43008K)->42568K(43008K) NonClass: 38222K(38464K)->38222K(38464K) Class: 4346K(4544K)->4346K(4544K)
[307.908s][info][gc          ] GC(591) Pause Young (Prepare Mixed) (G1 Evacuation Pause) 396M->88M(410M) 16.323ms
[307.908s][info][gc,cpu      ] GC(591) User=0.02s Sys=0.00s Real=0.01s
[308.479s][info][gc,start    ] GC(592) Pause Young (Mixed) (G1 Evacuation Pause)
[308.479s][info][gc,task     ] GC(592) Using 2 workers of 2 for evacuation
[308.508s][info][gc,phases   ] GC(592)   Pre Evacuate Collection Set: 0.27ms
[308.508s][info][gc,phases   ] GC(592)   Merge Heap Roots: 0.18ms
[308.508s][info][gc,phases   ] GC(592)   Evacuate Collection Set: 27.46ms
[308.508s][info][gc,phases   ] GC(592)   Post Evacuate Collection Set: 1.26ms
[308.508s][info][gc,phases   ] GC(592)   Other: 0.07ms
[308.508s][info][gc,heap     ] GC(592) Eden regions: 56->0(291)
[308.508s][info][gc,heap     ] GC(592) Survivor regions: 12->15(32)
[308.508s][info][gc,heap     ] GC(592) Old regions: 75->68
[308.508s][info][gc,heap     ] GC(592) Humongous regions: 351->3
[308.508s][info][gc,metaspace] GC(592) Metaspace: 42568K(43008K)->42568K(43008K) NonClass: 38222K(38464K)->38222K(38464K) Class: 4346K(4544K)->4346K(4544K)
[308.508s][info][gc          ] GC(592) Pause Young (Mixed) (G1 Evacuation Pause) 492M->85M(510M) 29.474ms
[308.508s][info][gc,cpu      ] GC(592) User=0.04s Sys=0.01s Real=0.03s
[308.510s][info][gc,start    ] GC(593) Pause Young (Concurrent Start) (G1 Humongous Allocation)
[308.510s][info][gc,task     ] GC(593) Using 2 workers of 2 for evacuation
[308.524s][info][gc,phases   ] GC(593)   Pre Evacuate Collection Set: 0.22ms
[308.524s][info][gc,phases   ] GC(593)   Merge Heap Roots: 0.04ms
[308.524s][info][gc,phases   ] GC(593)   Evacuate Collection Set: 12.57ms
[308.524s][info][gc,phases   ] GC(593)   Post Evacuate Collection Set: 0.61ms
[308.524s][info][gc,phases   ] GC(593)   Other: 0.09ms
[308.524s][info][gc,heap     ] GC(593) Eden regions: 1->0(290)
[308.524s][info][gc,heap     ] GC(593) Survivor regions: 15->16(39)
[308.524s][info][gc,heap     ] GC(593) Old regions: 68->68
[308.524s][info][gc,heap     ] GC(593) Humongous regions: 3->1
[308.524s][info][gc,metaspace] GC(593) Metaspace: 42568K(43008K)->42568K(43008K) NonClass: 38222K(38464K)->38222K(38464K) Class: 4346K(4544K)->4346K(4544K)
[308.524s][info][gc          ] GC(593) Pause Young (Concurrent Start) (G1 Humongous Allocation) 86M->83M(510M) 13.709ms
[308.524s][info][gc          ] GC(594) Concurrent Mark Cycle
[308.524s][info][gc,marking  ] GC(594) Concurrent Scan Root Regions
[308.526s][info][gc,cpu      ] GC(593) User=0.03s Sys=0.00s Real=0.01s
[308.534s][info][gc,marking  ] GC(594) Concurrent Scan Root Regions 9.406ms
[308.534s][info][gc,marking  ] GC(594) Concurrent Mark
[308.534s][info][gc,marking  ] GC(594) Concurrent Mark From Roots
[308.534s][info][gc,task     ] GC(594) Using 1 workers of 1 for marking
[308.613s][info][gc,marking  ] GC(594) Concurrent Mark From Roots 79.099ms
[308.613s][info][gc,marking  ] GC(594) Concurrent Preclean
[308.613s][info][gc,marking  ] GC(594) Concurrent Preclean 0.050ms
[308.613s][info][gc,start    ] GC(594) Pause Remark
[308.629s][info][gc          ] GC(594) Pause Remark 147M->147M(464M) 16.446ms
[308.629s][info][gc,cpu      ] GC(594) User=0.03s Sys=0.00s Real=0.02s
[308.629s][info][gc,marking  ] GC(594) Concurrent Mark 95.902ms
[308.629s][info][gc,marking  ] GC(594) Concurrent Rebuild Remembered Sets and Scrub Regions
[308.664s][info][gc,marking  ] GC(594) Concurrent Rebuild Remembered Sets and Scrub Regions 34.159ms
[308.664s][info][gc,start    ] GC(594) Pause Cleanup
[308.664s][info][gc          ] GC(594) Pause Cleanup 167M->167M(464M) 0.059ms
[308.664s][info][gc,cpu      ] GC(594) User=0.00s Sys=0.00s Real=0.00s
[308.664s][info][gc,marking  ] GC(594) Concurrent Clear Claimed Marks
[308.664s][info][gc,marking  ] GC(594) Concurrent Clear Claimed Marks 0.042ms
[308.664s][info][gc,marking  ] GC(594) Concurrent Cleanup for Next Mark
[308.667s][info][gc,marking  ] GC(594) Concurrent Cleanup for Next Mark 3.059ms
[308.667s][info][gc          ] GC(594) Concurrent Mark Cycle 142.949ms
[309.240s][info][gc,start    ] GC(595) Pause Young (Prepare Mixed) (G1 Evacuation Pause)
[309.240s][info][gc,task     ] GC(595) Using 2 workers of 2 for evacuation
[309.276s][info][gc,phases   ] GC(595)   Pre Evacuate Collection Set: 0.27ms
[309.276s][info][gc,phases   ] GC(595)   Merge Heap Roots: 0.10ms
[309.276s][info][gc,phases   ] GC(595)   Evacuate Collection Set: 33.95ms
[309.276s][info][gc,phases   ] GC(595)   Post Evacuate Collection Set: 1.24ms
[309.276s][info][gc,phases   ] GC(595)   Other: 0.09ms
[309.276s][info][gc,heap     ] GC(595) Eden regions: 73->0(323)
[309.276s][info][gc,heap     ] GC(595) Survivor regions: 16->25(41)
[309.276s][info][gc,heap     ] GC(595) Old regions: 68->68
[309.276s][info][gc,heap     ] GC(595) Humongous regions: 399->1
[309.276s][info][gc,metaspace] GC(595) Metaspace: 42568K(43008K)->42568K(43008K) NonClass: 38222K(38464K)->38222K(38464K) Class: 4346K(4544K)->4346K(4544K)
[309.276s][info][gc          ] GC(595) Pause Young (Prepare Mixed) (G1 Evacuation Pause) 554M->93M(581M) 35.889ms
[309.276s][info][gc,cpu      ] GC(595) User=0.05s Sys=0.02s Real=0.03s
[310.076s][info][gc,start    ] GC(596) Pause Young (Mixed) (G1 Evacuation Pause)
[310.076s][info][gc,task     ] GC(596) Using 2 workers of 2 for evacuation
[310.092s][info][gc,phases   ] GC(596)   Pre Evacuate Collection Set: 0.27ms
[310.092s][info][gc,phases   ] GC(596)   Merge Heap Roots: 0.18ms
[310.092s][info][gc,phases   ] GC(596)   Evacuate Collection Set: 14.10ms
[310.092s][info][gc,phases   ] GC(596)   Post Evacuate Collection Set: 0.75ms
[310.092s][info][gc,phases   ] GC(596)   Other: 0.08ms
[310.092s][info][gc,heap     ] GC(596) Eden regions: 119->0(352)
[310.092s][info][gc,heap     ] GC(596) Survivor regions: 25->8(44)
[310.092s][info][gc,heap     ] GC(596) Old regions: 68->64
[310.092s][info][gc,heap     ] GC(596) Humongous regions: 379->1
[310.092s][info][gc,metaspace] GC(596) Metaspace: 42570K(43008K)->42570K(43008K) NonClass: 38224K(38464K)->38224K(38464K) Class: 4346K(4544K)->4346K(4544K)
[310.092s][info][gc          ] GC(596) Pause Young (Mixed) (G1 Evacuation Pause) 590M->72M(601M) 15.589ms
[310.092s][info][gc,cpu      ] GC(596) User=0.02s Sys=0.00s Real=0.02s
[310.097s][info][gc,start    ] GC(597) Pause Young (Concurrent Start) (G1 Humongous Allocation)
[310.097s][info][gc,task     ] GC(597) Using 2 workers of 2 for evacuation
[310.104s][info][gc,phases   ] GC(597)   Pre Evacuate Collection Set: 0.22ms
[310.104s][info][gc,phases   ] GC(597)   Merge Heap Roots: 0.05ms
[310.104s][info][gc,phases   ] GC(597)   Evacuate Collection Set: 6.36ms
[310.104s][info][gc,phases   ] GC(597)   Post Evacuate Collection Set: 0.31ms
[310.104s][info][gc,phases   ] GC(597)   Other: 0.13ms
[310.104s][info][gc,heap     ] GC(597) Eden regions: 2->0(351)
[310.104s][info][gc,heap     ] GC(597) Survivor regions: 8->9(45)
[310.104s][info][gc,heap     ] GC(597) Old regions: 64->64
[310.104s][info][gc,heap     ] GC(597) Humongous regions: 1->1
[310.104s][info][gc,metaspace] GC(597) Metaspace: 42570K(43008K)->42570K(43008K) NonClass: 38224K(38464K)->38224K(38464K) Class: 4346K(4544K)->4346K(4544K)
[310.104s][info][gc          ] GC(597) Pause Young (Concurrent Start) (G1 Humongous Allocation) 73M->72M(601M) 7.246ms
[310.104s][info][gc          ] GC(598) Concurrent Mark Cycle
[310.104s][info][gc,marking  ] GC(598) Concurrent Scan Root Regions
[310.105s][info][gc,cpu      ] GC(597) User=0.01s Sys=0.00s Real=0.01s
[310.109s][info][gc,marking  ] GC(598) Concurrent Scan Root Regions 4.292ms
[310.109s][info][gc,marking  ] GC(598) Concurrent Mark
[310.109s][info][gc,marking  ] GC(598) Concurrent Mark From Roots
[310.109s][info][gc,task     ] GC(598) Using 1 workers of 1 for marking
[310.178s][info][gc,marking  ] GC(598) Concurrent Mark From Roots 69.624ms
[310.178s][info][gc,marking  ] GC(598) Concurrent Preclean
[310.178s][info][gc,marking  ] GC(598) Concurrent Preclean 0.043ms
[310.178s][info][gc,start    ] GC(598) Pause Remark
[310.196s][info][gc          ] GC(598) Pause Remark 110M->99M(284M) 17.243ms
[310.196s][info][gc,cpu      ] GC(598) User=0.03s Sys=0.00s Real=0.02s
[310.196s][info][gc,marking  ] GC(598) Concurrent Mark 87.242ms
[310.196s][info][gc,marking  ] GC(598) Concurrent Rebuild Remembered Sets and Scrub Regions
[310.226s][info][gc,marking  ] GC(598) Concurrent Rebuild Remembered Sets and Scrub Regions 30.375ms
[310.226s][info][gc,start    ] GC(598) Pause Cleanup
[310.226s][info][gc          ] GC(598) Pause Cleanup 109M->109M(284M) 0.087ms
[310.226s][info][gc,cpu      ] GC(598) User=0.00s Sys=0.00s Real=0.00s
[310.227s][info][gc,marking  ] GC(598) Concurrent Clear Claimed Marks
[310.227s][info][gc,marking  ] GC(598) Concurrent Clear Claimed Marks 0.050ms
[310.227s][info][gc,marking  ] GC(598) Concurrent Cleanup for Next Mark
[310.228s][info][gc,marking  ] GC(598) Concurrent Cleanup for Next Mark 0.997ms
[310.228s][info][gc          ] GC(598) Concurrent Mark Cycle 123.404ms
[310.575s][info][gc,start    ] GC(599) Pause Young (Prepare Mixed) (G1 Evacuation Pause)
[310.575s][info][gc,task     ] GC(599) Using 2 workers of 2 for evacuation
[310.585s][info][gc,phases   ] GC(599)   Pre Evacuate Collection Set: 0.29ms
[310.585s][info][gc,phases   ] GC(599)   Merge Heap Roots: 0.09ms
[310.585s][info][gc,phases   ] GC(599)   Evacuate Collection Set: 8.21ms
[310.585s][info][gc,phases   ] GC(599)   Post Evacuate Collection Set: 0.79ms
[310.585s][info][gc,phases   ] GC(599)   Other: 0.14ms
[310.585s][info][gc,heap     ] GC(599) Eden regions: 161->0(159)
[310.585s][info][gc,heap     ] GC(599) Survivor regions: 9->11(22)
[310.585s][info][gc,heap     ] GC(599) Old regions: 53->53
[310.585s][info][gc,heap     ] GC(599) Humongous regions: 35->1
[310.585s][info][gc,metaspace] GC(599) Metaspace: 42663K(43072K)->42663K(43072K) NonClass: 38317K(38528K)->38317K(38528K) Class: 4346K(4544K)->4346K(4544K)
[310.585s][info][gc          ] GC(599) Pause Young (Prepare Mixed) (G1 Evacuation Pause) 256M->63M(284M) 9.712ms
[310.585s][info][gc,cpu      ] GC(599) User=0.02s Sys=0.00s Real=0.01s
[310.966s][info][gc,start    ] GC(600) Pause Young (Mixed) (G1 Evacuation Pause)
[310.966s][info][gc,task     ] GC(600) Using 2 workers of 2 for evacuation
[310.975s][info][gc,phases   ] GC(600)   Pre Evacuate Collection Set: 0.17ms
[310.975s][info][gc,phases   ] GC(600)   Merge Heap Roots: 0.09ms
[310.975s][info][gc,phases   ] GC(600)   Evacuate Collection Set: 8.12ms
[310.975s][info][gc,phases   ] GC(600)   Post Evacuate Collection Set: 0.76ms
[310.975s][info][gc,phases   ] GC(600)   Other: 0.07ms
[310.975s][info][gc,heap     ] GC(600) Eden regions: 159->0(161)
[310.975s][info][gc,heap     ] GC(600) Survivor regions: 11->9(22)
[310.975s][info][gc,heap     ] GC(600) Old regions: 53->50
[310.975s][info][gc,heap     ] GC(600) Humongous regions: 1->1
[310.975s][info][gc,metaspace] GC(600) Metaspace: 42665K(43072K)->42665K(43072K) NonClass: 38318K(38528K)->38318K(38528K) Class: 4346K(4544K)->4346K(4544K)
[310.976s][info][gc          ] GC(600) Pause Young (Mixed) (G1 Evacuation Pause) 222M->58M(284M) 9.405ms
[310.976s][info][gc,cpu      ] GC(600) User=0.02s Sys=0.00s Real=0.01s
[311.347s][info][gc,start    ] GC(601) Pause Young (Concurrent Start) (G1 Evacuation Pause)
[311.347s][info][gc,task     ] GC(601) Using 2 workers of 2 for evacuation
[311.356s][info][gc,phases   ] GC(601)   Pre Evacuate Collection Set: 0.15ms
[311.356s][info][gc,phases   ] GC(601)   Merge Heap Roots: 0.06ms
[311.356s][info][gc,phases   ] GC(601)   Evacuate Collection Set: 7.92ms
[311.356s][info][gc,phases   ] GC(601)   Post Evacuate Collection Set: 0.70ms
[311.356s][info][gc,phases   ] GC(601)   Other: 0.10ms
[311.356s][info][gc,heap     ] GC(601) Eden regions: 161->0(159)
[311.356s][info][gc,heap     ] GC(601) Survivor regions: 9->11(22)
[311.356s][info][gc,heap     ] GC(601) Old regions: 50->50
[311.356s][info][gc,heap     ] GC(601) Humongous regions: 1->1
[311.356s][info][gc,metaspace] GC(601) Metaspace: 42665K(43072K)->42665K(43072K) NonClass: 38318K(38528K)->38318K(38528K) Class: 4346K(4544K)->4346K(4544K)
[311.356s][info][gc          ] GC(601) Pause Young (Concurrent Start) (G1 Evacuation Pause) 219M->60M(284M) 9.114ms
[311.356s][info][gc          ] GC(602) Concurrent Mark Cycle
[311.356s][info][gc,marking  ] GC(602) Concurrent Scan Root Regions
[311.356s][info][gc,cpu      ] GC(601) User=0.02s Sys=0.00s Real=0.01s
[311.363s][info][gc,marking  ] GC(602) Concurrent Scan Root Regions 7.470ms
[311.363s][info][gc,marking  ] GC(602) Concurrent Mark
[311.363s][info][gc,marking  ] GC(602) Concurrent Mark From Roots
[311.363s][info][gc,task     ] GC(602) Using 1 workers of 1 for marking
[311.453s][info][gc,marking  ] GC(602) Concurrent Mark From Roots 89.453ms
[311.453s][info][gc,marking  ] GC(602) Concurrent Preclean
[311.453s][info][gc,marking  ] GC(602) Concurrent Preclean 0.051ms
[311.453s][info][gc,start    ] GC(602) Pause Remark
[311.469s][info][gc          ] GC(602) Pause Remark 86M->86M(256M) 16.308ms
[311.469s][info][gc,cpu      ] GC(602) User=0.03s Sys=0.00s Real=0.02s
[311.471s][info][gc,marking  ] GC(602) Concurrent Mark 107.798ms
[311.471s][info][gc,marking  ] GC(602) Concurrent Rebuild Remembered Sets and Scrub Regions
[311.505s][info][gc,marking  ] GC(602) Concurrent Rebuild Remembered Sets and Scrub Regions 33.849ms
[311.505s][info][gc,start    ] GC(602) Pause Cleanup
[311.505s][info][gc          ] GC(602) Pause Cleanup 95M->95M(256M) 0.043ms
[311.505s][info][gc,cpu      ] GC(602) User=0.00s Sys=0.00s Real=0.00s
[311.505s][info][gc,marking  ] GC(602) Concurrent Clear Claimed Marks
[311.505s][info][gc,marking  ] GC(602) Concurrent Clear Claimed Marks 0.038ms
[311.505s][info][gc,marking  ] GC(602) Concurrent Cleanup for Next Mark
[311.506s][info][gc,marking  ] GC(602) Concurrent Cleanup for Next Mark 0.725ms
[311.506s][info][gc          ] GC(602) Concurrent Mark Cycle 150.243ms
[311.755s][info][gc,start    ] GC(603) Pause Young (Prepare Mixed) (G1 Evacuation Pause)
[311.755s][info][gc,task     ] GC(603) Using 2 workers of 2 for evacuation
[311.764s][info][gc,phases   ] GC(603)   Pre Evacuate Collection Set: 0.16ms
[311.764s][info][gc,phases   ] GC(603)   Merge Heap Roots: 0.07ms
[311.764s][info][gc,phases   ] GC(603)   Evacuate Collection Set: 8.70ms
[311.764s][info][gc,phases   ] GC(603)   Post Evacuate Collection Set: 0.43ms
[311.764s][info][gc,phases   ] GC(603)   Other: 0.09ms
[311.764s][info][gc,heap     ] GC(603) Eden regions: 142->0(144)
[311.764s][info][gc,heap     ] GC(603) Survivor regions: 11->9(20)
[311.764s][info][gc,heap     ] GC(603) Old regions: 50->53
[311.764s][info][gc,heap     ] GC(603) Humongous regions: 1->1
[311.764s][info][gc,metaspace] GC(603) Metaspace: 42665K(43072K)->42665K(43072K) NonClass: 38319K(38528K)->38319K(38528K) Class: 4346K(4544K)->4346K(4544K)
[311.764s][info][gc          ] GC(603) Pause Young (Prepare Mixed) (G1 Evacuation Pause) 202M->61M(256M) 9.664ms
[311.764s][info][gc,cpu      ] GC(603) User=0.02s Sys=0.00s Real=0.01s
[312.101s][info][gc,start    ] GC(604) Pause Young (Mixed) (G1 Evacuation Pause)
[312.101s][info][gc,task     ] GC(604) Using 2 workers of 2 for evacuation
[312.113s][info][gc,phases   ] GC(604)   Pre Evacuate Collection Set: 0.16ms
[312.113s][info][gc,phases   ] GC(604)   Merge Heap Roots: 0.15ms
[312.113s][info][gc,phases   ] GC(604)   Evacuate Collection Set: 11.25ms
[312.113s][info][gc,phases   ] GC(604)   Post Evacuate Collection Set: 0.55ms
[312.113s][info][gc,phases   ] GC(604)   Other: 0.08ms
[312.113s][info][gc,heap     ] GC(604) Eden regions: 144->0(143)
[312.113s][info][gc,heap     ] GC(604) Survivor regions: 9->10(20)
[312.114s][info][gc,heap     ] GC(604) Old regions: 53->50
[312.114s][info][gc,heap     ] GC(604) Humongous regions: 1->1
[312.114s][info][gc,metaspace] GC(604) Metaspace: 42665K(43072K)->42665K(43072K) NonClass: 38319K(38528K)->38319K(38528K) Class: 4346K(4544K)->4346K(4544K)
[312.114s][info][gc          ] GC(604) Pause Young (Mixed) (G1 Evacuation Pause) 205M->59M(256M) 12.400ms
[312.114s][info][gc,cpu      ] GC(604) User=0.02s Sys=0.00s Real=0.01s
[312.489s][info][gc,start    ] GC(605) Pause Young (Concurrent Start) (G1 Evacuation Pause)
[312.489s][info][gc,task     ] GC(605) Using 2 workers of 2 for evacuation
[312.496s][info][gc,phases   ] GC(605)   Pre Evacuate Collection Set: 0.16ms
[312.496s][info][gc,phases   ] GC(605)   Merge Heap Roots: 0.07ms
[312.496s][info][gc,phases   ] GC(605)   Evacuate Collection Set: 5.98ms
[312.496s][info][gc,phases   ] GC(605)   Post Evacuate Collection Set: 0.42ms
[312.496s][info][gc,phases   ] GC(605)   Other: 0.12ms
[312.496s][info][gc,heap     ] GC(605) Eden regions: 143->0(143)
[312.496s][info][gc,heap     ] GC(605) Survivor regions: 10->10(20)
[312.496s][info][gc,heap     ] GC(605) Old regions: 50->50
[312.496s][info][gc,heap     ] GC(605) Humongous regions: 1->1
[312.496s][info][gc,metaspace] GC(605) Metaspace: 42666K(43072K)->42666K(43072K) NonClass: 38320K(38528K)->38320K(38528K) Class: 4346K(4544K)->4346K(4544K)
[312.496s][info][gc          ] GC(605) Pause Young (Concurrent Start) (G1 Evacuation Pause) 202M->59M(256M) 6.977ms
[312.496s][info][gc,cpu      ] GC(605) User=0.02s Sys=0.00s Real=0.01s
[312.496s][info][gc          ] GC(606) Concurrent Mark Cycle
[312.496s][info][gc,marking  ] GC(606) Concurrent Scan Root Regions
[312.504s][info][gc,marking  ] GC(606) Concurrent Scan Root Regions 8.309ms
[312.504s][info][gc,marking  ] GC(606) Concurrent Mark
[312.504s][info][gc,marking  ] GC(606) Concurrent Mark From Roots
[312.504s][info][gc,task     ] GC(606) Using 1 workers of 1 for marking
[312.648s][info][gc,marking  ] GC(606) Concurrent Mark From Roots 144.016ms
[312.648s][info][gc,marking  ] GC(606) Concurrent Preclean
[312.648s][info][gc,marking  ] GC(606) Concurrent Preclean 0.052ms
[312.650s][info][gc,start    ] GC(606) Pause Remark
[312.673s][info][gc          ] GC(606) Pause Remark 92M->92M(256M) 23.157ms
[312.673s][info][gc,cpu      ] GC(606) User=0.05s Sys=0.00s Real=0.02s
[312.673s][info][gc,marking  ] GC(606) Concurrent Mark 169.287ms
[312.673s][info][gc,marking  ] GC(606) Concurrent Rebuild Remembered Sets and Scrub Regions
[312.741s][info][gc,marking  ] GC(606) Concurrent Rebuild Remembered Sets and Scrub Regions 67.208ms
[312.741s][info][gc,start    ] GC(606) Pause Cleanup
[312.741s][info][gc          ] GC(606) Pause Cleanup 107M->107M(256M) 0.050ms
[312.741s][info][gc,cpu      ] GC(606) User=0.00s Sys=0.00s Real=0.00s
[312.742s][info][gc,marking  ] GC(606) Concurrent Clear Claimed Marks
[312.742s][info][gc,marking  ] GC(606) Concurrent Clear Claimed Marks 0.060ms
[312.742s][info][gc,marking  ] GC(606) Concurrent Cleanup for Next Mark
[312.745s][info][gc,marking  ] GC(606) Concurrent Cleanup for Next Mark 2.499ms
[312.745s][info][gc          ] GC(606) Concurrent Mark Cycle 249.154ms
[312.978s][info][gc,start    ] GC(607) Pause Young (Prepare Mixed) (G1 Evacuation Pause)
[312.978s][info][gc,task     ] GC(607) Using 2 workers of 2 for evacuation
[312.985s][info][gc,phases   ] GC(607)   Pre Evacuate Collection Set: 0.15ms
[312.985s][info][gc,phases   ] GC(607)   Merge Heap Roots: 0.08ms
[312.985s][info][gc,phases   ] GC(607)   Evacuate Collection Set: 6.05ms
[312.985s][info][gc,phases   ] GC(607)   Post Evacuate Collection Set: 0.46ms
[312.985s][info][gc,phases   ] GC(607)   Other: 0.08ms
[312.985s][info][gc,heap     ] GC(607) Eden regions: 143->0(143)
[312.985s][info][gc,heap     ] GC(607) Survivor regions: 10->10(20)
[312.985s][info][gc,heap     ] GC(607) Old regions: 50->50
[312.985s][info][gc,heap     ] GC(607) Humongous regions: 1->1
[312.985s][info][gc,metaspace] GC(607) Metaspace: 42714K(43136K)->42714K(43136K) NonClass: 38368K(38592K)->38368K(38592K) Class: 4346K(4544K)->4346K(4544K)
[312.985s][info][gc          ] GC(607) Pause Young (Prepare Mixed) (G1 Evacuation Pause) 202M->59M(256M) 7.011ms
[312.985s][info][gc,cpu      ] GC(607) User=0.01s Sys=0.00s Real=0.01s
[313.384s][info][gc,start    ] GC(608) Pause Young (Mixed) (G1 Evacuation Pause)
[313.384s][info][gc,task     ] GC(608) Using 2 workers of 2 for evacuation
[313.398s][info][gc,phases   ] GC(608)   Pre Evacuate Collection Set: 0.23ms
[313.398s][info][gc,phases   ] GC(608)   Merge Heap Roots: 0.17ms
[313.398s][info][gc,phases   ] GC(608)   Evacuate Collection Set: 12.30ms
[313.398s][info][gc,phases   ] GC(608)   Post Evacuate Collection Set: 0.68ms
[313.398s][info][gc,phases   ] GC(608)   Other: 0.08ms
[313.398s][info][gc,heap     ] GC(608) Eden regions: 143->0(138)
[313.398s][info][gc,heap     ] GC(608) Survivor regions: 10->15(20)
[313.398s][info][gc,heap     ] GC(608) Old regions: 50->48
[313.398s][info][gc,heap     ] GC(608) Humongous regions: 1->1
[313.398s][info][gc,metaspace] GC(608) Metaspace: 42715K(43136K)->42715K(43136K) NonClass: 38369K(38592K)->38369K(38592K) Class: 4346K(4544K)->4346K(4544K)
[313.398s][info][gc          ] GC(608) Pause Young (Mixed) (G1 Evacuation Pause) 202M->62M(256M) 13.706ms
[313.398s][info][gc,cpu      ] GC(608) User=0.02s Sys=0.00s Real=0.01s
[314.184s][info][gc,start    ] GC(609) Pause Young (Concurrent Start) (G1 Humongous Allocation)
[314.184s][info][gc,task     ] GC(609) Using 2 workers of 2 for evacuation
[314.190s][info][gc,phases   ] GC(609)   Pre Evacuate Collection Set: 0.16ms
[314.190s][info][gc,phases   ] GC(609)   Merge Heap Roots: 0.07ms
[314.190s][info][gc,phases   ] GC(609)   Evacuate Collection Set: 5.59ms
[314.190s][info][gc,phases   ] GC(609)   Post Evacuate Collection Set: 0.48ms
[314.190s][info][gc,phases   ] GC(609)   Other: 0.10ms
[314.190s][info][gc,heap     ] GC(609) Eden regions: 99->0(149)
[314.190s][info][gc,heap     ] GC(609) Survivor regions: 15->4(20)
[314.190s][info][gc,heap     ] GC(609) Old regions: 48->51
[314.190s][info][gc,heap     ] GC(609) Humongous regions: 1->1
[314.190s][info][gc,metaspace] GC(609) Metaspace: 42734K(43200K)->42734K(43200K) NonClass: 38388K(38656K)->38388K(38656K) Class: 4346K(4544K)->4346K(4544K)
[314.190s][info][gc          ] GC(609) Pause Young (Concurrent Start) (G1 Humongous Allocation) 160M->54M(256M) 6.591ms
[314.190s][info][gc          ] GC(610) Concurrent Mark Cycle
[314.190s][info][gc,marking  ] GC(610) Concurrent Scan Root Regions
[314.190s][info][gc,cpu      ] GC(609) User=0.01s Sys=0.00s Real=0.01s
[314.194s][info][gc,marking  ] GC(610) Concurrent Scan Root Regions 3.638ms
[314.194s][info][gc,marking  ] GC(610) Concurrent Mark
[314.194s][info][gc,marking  ] GC(610) Concurrent Mark From Roots
[314.194s][info][gc,task     ] GC(610) Using 1 workers of 1 for marking
[314.258s][info][gc,marking  ] GC(610) Concurrent Mark From Roots 63.904ms
[314.258s][info][gc,marking  ] GC(610) Concurrent Preclean
[314.258s][info][gc,marking  ] GC(610) Concurrent Preclean 0.172ms
[314.258s][info][gc,start    ] GC(610) Pause Remark
[314.275s][info][gc          ] GC(610) Pause Remark 64M->63M(256M) 16.815ms
[314.275s][info][gc,cpu      ] GC(610) User=0.03s Sys=0.00s Real=0.02s
[314.275s][info][gc,marking  ] GC(610) Concurrent Mark 81.466ms
[314.275s][info][gc,marking  ] GC(610) Concurrent Rebuild Remembered Sets and Scrub Regions
[314.305s][info][gc,marking  ] GC(610) Concurrent Rebuild Remembered Sets and Scrub Regions 29.282ms
[314.305s][info][gc,start    ] GC(610) Pause Cleanup
[314.305s][info][gc          ] GC(610) Pause Cleanup 64M->64M(256M) 0.039ms
[314.305s][info][gc,cpu      ] GC(610) User=0.00s Sys=0.00s Real=0.00s
[314.305s][info][gc,marking  ] GC(610) Concurrent Clear Claimed Marks
[314.305s][info][gc,marking  ] GC(610) Concurrent Clear Claimed Marks 0.034ms
[314.305s][info][gc,marking  ] GC(610) Concurrent Cleanup for Next Mark
[314.306s][info][gc,marking  ] GC(610) Concurrent Cleanup for Next Mark 0.761ms
[314.306s][info][gc          ] GC(610) Concurrent Mark Cycle 115.404ms
[315.074s][info][gc,start    ] GC(611) Pause Young (Prepare Mixed) (G1 Evacuation Pause)
[315.075s][info][gc,task     ] GC(611) Using 2 workers of 2 for evacuation
[315.087s][info][gc,phases   ] GC(611)   Pre Evacuate Collection Set: 0.15ms
[315.087s][info][gc,phases   ] GC(611)   Merge Heap Roots: 0.07ms
[315.087s][info][gc,phases   ] GC(611)   Evacuate Collection Set: 11.83ms
[315.087s][info][gc,phases   ] GC(611)   Post Evacuate Collection Set: 0.66ms
[315.087s][info][gc,phases   ] GC(611)   Other: 0.07ms
[315.087s][info][gc,heap     ] GC(611) Eden regions: 149->0(140)
[315.087s][info][gc,heap     ] GC(611) Survivor regions: 4->13(20)
[315.087s][info][gc,heap     ] GC(611) Old regions: 50->50
[315.087s][info][gc,heap     ] GC(611) Humongous regions: 13->3
[315.087s][info][gc,metaspace] GC(611) Metaspace: 42762K(43264K)->42762K(43264K) NonClass: 38414K(38720K)->38414K(38720K) Class: 4347K(4544K)->4347K(4544K)
[315.087s][info][gc          ] GC(611) Pause Young (Prepare Mixed) (G1 Evacuation Pause) 214M->64M(256M) 12.972ms
[315.087s][info][gc,cpu      ] GC(611) User=0.03s Sys=0.00s Real=0.01s
[315.424s][info][gc,start    ] GC(612) Pause Young (Mixed) (G1 Evacuation Pause)
[315.424s][info][gc,task     ] GC(612) Using 2 workers of 2 for evacuation
[315.459s][info][gc,phases   ] GC(612)   Pre Evacuate Collection Set: 0.14ms
[315.459s][info][gc,phases   ] GC(612)   Merge Heap Roots: 0.27ms
[315.459s][info][gc,phases   ] GC(612)   Evacuate Collection Set: 33.73ms
[315.459s][info][gc,phases   ] GC(612)   Post Evacuate Collection Set: 0.41ms
[315.459s][info][gc,phases   ] GC(612)   Other: 0.06ms
[315.459s][info][gc,heap     ] GC(612) Eden regions: 140->0(137)
[315.459s][info][gc,heap     ] GC(612) Survivor regions: 13->16(20)
[315.459s][info][gc,heap     ] GC(612) Old regions: 50->57
[315.459s][info][gc,heap     ] GC(612) Humongous regions: 4->4
[315.459s][info][gc,metaspace] GC(612) Metaspace: 42762K(43264K)->42762K(43264K) NonClass: 38414K(38720K)->38414K(38720K) Class: 4347K(4544K)->4347K(4544K)
[315.459s][info][gc          ] GC(612) Pause Young (Mixed) (G1 Evacuation Pause) 205M->76M(256M) 34.801ms
[315.459s][info][gc,cpu      ] GC(612) User=0.07s Sys=0.00s Real=0.03s
[315.710s][info][gc,start    ] GC(613) Pause Young (Concurrent Start) (G1 Humongous Allocation)
[315.710s][info][gc,task     ] GC(613) Using 2 workers of 2 for evacuation
[315.737s][info][gc,phases   ] GC(613)   Pre Evacuate Collection Set: 0.17ms
[315.737s][info][gc,phases   ] GC(613)   Merge Heap Roots: 0.08ms
[315.737s][info][gc,phases   ] GC(613)   Evacuate Collection Set: 25.57ms
[315.737s][info][gc,phases   ] GC(613)   Post Evacuate Collection Set: 0.41ms
[315.737s][info][gc,phases   ] GC(613)   Other: 0.12ms
[315.737s][info][gc,heap     ] GC(613) Eden regions: 109->0(132)
[315.737s][info][gc,heap     ] GC(613) Survivor regions: 16->13(20)
[315.737s][info][gc,heap     ] GC(613) Old regions: 57->73
[315.737s][info][gc,heap     ] GC(613) Humongous regions: 4->4
[315.737s][info][gc,metaspace] GC(613) Metaspace: 42762K(43264K)->42762K(43264K) NonClass: 38414K(38720K)->38414K(38720K) Class: 4347K(4544K)->4347K(4544K)
[315.737s][info][gc          ] GC(613) Pause Young (Concurrent Start) (G1 Humongous Allocation) 185M->89M(256M) 26.539ms
[315.737s][info][gc,cpu      ] GC(613) User=0.05s Sys=0.00s Real=0.02s
[315.737s][info][gc          ] GC(614) Concurrent Mark Cycle
[315.737s][info][gc,marking  ] GC(614) Concurrent Scan Root Regions
[315.777s][info][gc,marking  ] GC(614) Concurrent Scan Root Regions 40.341ms
[315.777s][info][gc,marking  ] GC(614) Concurrent Mark
[315.777s][info][gc,marking  ] GC(614) Concurrent Mark From Roots
[315.777s][info][gc,task     ] GC(614) Using 1 workers of 1 for marking
[315.898s][info][gc,marking  ] GC(614) Concurrent Mark From Roots 121.040ms
[315.898s][info][gc,marking  ] GC(614) Concurrent Preclean
[315.898s][info][gc,marking  ] GC(614) Concurrent Preclean 0.116ms
[315.898s][info][gc,start    ] GC(614) Pause Remark
[315.917s][info][gc          ] GC(614) Pause Remark 120M->117M(256M) 18.350ms
[315.917s][info][gc,cpu      ] GC(614) User=0.03s Sys=0.00s Real=0.02s
[315.917s][info][gc,marking  ] GC(614) Concurrent Mark 139.773ms
[315.917s][info][gc,marking  ] GC(614) Concurrent Rebuild Remembered Sets and Scrub Regions
[315.999s][info][gc,marking  ] GC(614) Concurrent Rebuild Remembered Sets and Scrub Regions 81.806ms
[316.000s][info][gc,start    ] GC(614) Pause Cleanup
[316.000s][info][gc          ] GC(614) Pause Cleanup 135M->135M(256M) 0.057ms
[316.000s][info][gc,cpu      ] GC(614) User=0.00s Sys=0.00s Real=0.00s
[316.000s][info][gc,marking  ] GC(614) Concurrent Clear Claimed Marks
[316.000s][info][gc,marking  ] GC(614) Concurrent Clear Claimed Marks 0.055ms
[316.000s][info][gc,marking  ] GC(614) Concurrent Cleanup for Next Mark
[316.003s][info][gc,marking  ] GC(614) Concurrent Cleanup for Next Mark 3.175ms
[316.003s][info][gc          ] GC(614) Concurrent Mark Cycle 266.453ms
[316.190s][info][gc,start    ] GC(615) Pause Young (Prepare Mixed) (G1 Evacuation Pause)
[316.190s][info][gc,task     ] GC(615) Using 2 workers of 2 for evacuation
[316.220s][info][gc,phases   ] GC(615)   Pre Evacuate Collection Set: 0.15ms
[316.220s][info][gc,phases   ] GC(615)   Merge Heap Roots: 0.71ms
[316.220s][info][gc,phases   ] GC(615)   Evacuate Collection Set: 28.72ms
[316.220s][info][gc,phases   ] GC(615)   Post Evacuate Collection Set: 0.40ms
[316.220s][info][gc,phases   ] GC(615)   Other: 0.08ms
[316.220s][info][gc,heap     ] GC(615) Eden regions: 132->0(121)
[316.220s][info][gc,heap     ] GC(615) Survivor regions: 13->14(19)
[316.220s][info][gc,heap     ] GC(615) Old regions: 70->82
[316.220s][info][gc,heap     ] GC(615) Humongous regions: 6->6
[316.220s][info][gc,metaspace] GC(615) Metaspace: 42762K(43264K)->42762K(43264K) NonClass: 38415K(38720K)->38415K(38720K) Class: 4347K(4544K)->4347K(4544K)
[316.220s][info][gc          ] GC(615) Pause Young (Prepare Mixed) (G1 Evacuation Pause) 220M->102M(256M) 30.231ms
[316.220s][info][gc,cpu      ] GC(615) User=0.05s Sys=0.00s Real=0.03s
[316.498s][info][gc,start    ] GC(616) Pause Young (Mixed) (G1 Evacuation Pause)
[316.498s][info][gc,task     ] GC(616) Using 2 workers of 2 for evacuation
[316.535s][info][gc,phases   ] GC(616)   Pre Evacuate Collection Set: 0.19ms
[316.535s][info][gc,phases   ] GC(616)   Merge Heap Roots: 0.17ms
[316.535s][info][gc,phases   ] GC(616)   Evacuate Collection Set: 35.31ms
[316.535s][info][gc,phases   ] GC(616)   Post Evacuate Collection Set: 0.43ms
[316.535s][info][gc,phases   ] GC(616)   Other: 0.10ms
[316.535s][info][gc,heap     ] GC(616) Eden regions: 121->0(117)
[316.535s][info][gc,heap     ] GC(616) Survivor regions: 14->14(17)
[316.535s][info][gc,heap     ] GC(616) Old regions: 82->86
[316.535s][info][gc,heap     ] GC(616) Humongous regions: 6->6
[316.535s][info][gc,metaspace] GC(616) Metaspace: 42762K(43264K)->42762K(43264K) NonClass: 38415K(38720K)->38415K(38720K) Class: 4347K(4544K)->4347K(4544K)
[316.535s][info][gc          ] GC(616) Pause Young (Mixed) (G1 Evacuation Pause) 223M->105M(256M) 36.387ms
[316.535s][info][gc,cpu      ] GC(616) User=0.06s Sys=0.00s Real=0.04s
[316.622s][info][gc,start    ] GC(617) Pause Young (Concurrent Start) (G1 Humongous Allocation)
[316.622s][info][gc,task     ] GC(617) Using 2 workers of 2 for evacuation
[316.642s][info][gc,phases   ] GC(617)   Pre Evacuate Collection Set: 0.21ms
[316.642s][info][gc,phases   ] GC(617)   Merge Heap Roots: 0.06ms
[316.642s][info][gc,phases   ] GC(617)   Evacuate Collection Set: 18.85ms
[316.642s][info][gc,phases   ] GC(617)   Post Evacuate Collection Set: 0.32ms
[316.642s][info][gc,phases   ] GC(617)   Other: 0.14ms
[316.642s][info][gc,heap     ] GC(617) Eden regions: 38->0(116)
[316.642s][info][gc,heap     ] GC(617) Survivor regions: 14->4(17)
[316.642s][info][gc,heap     ] GC(617) Old regions: 86->99
[316.642s][info][gc,heap     ] GC(617) Humongous regions: 6->6
[316.642s][info][gc,metaspace] GC(617) Metaspace: 42762K(43264K)->42762K(43264K) NonClass: 38415K(38720K)->38415K(38720K) Class: 4347K(4544K)->4347K(4544K)
[316.642s][info][gc          ] GC(617) Pause Young (Concurrent Start) (G1 Humongous Allocation) 143M->109M(256M) 19.775ms
[316.642s][info][gc,cpu      ] GC(617) User=0.04s Sys=0.00s Real=0.02s
[316.642s][info][gc          ] GC(618) Concurrent Mark Cycle
[316.642s][info][gc,marking  ] GC(618) Concurrent Scan Root Regions
[316.672s][info][gc,marking  ] GC(618) Concurrent Scan Root Regions 29.934ms
[316.672s][info][gc,marking  ] GC(618) Concurrent Mark
[316.672s][info][gc,marking  ] GC(618) Concurrent Mark From Roots
[316.672s][info][gc,task     ] GC(618) Using 1 workers of 1 for marking
[316.858s][info][gc,marking  ] GC(618) Concurrent Mark From Roots 185.987ms
[316.858s][info][gc,marking  ] GC(618) Concurrent Preclean
[316.858s][info][gc,marking  ] GC(618) Concurrent Preclean 0.044ms
[316.858s][info][gc,start    ] GC(618) Pause Remark
[316.878s][info][gc          ] GC(618) Pause Remark 152M->151M(256M) 19.777ms
[316.878s][info][gc,cpu      ] GC(618) User=0.04s Sys=0.00s Real=0.02s
[316.879s][info][gc,marking  ] GC(618) Concurrent Mark 206.993ms
[316.879s][info][gc,marking  ] GC(618) Concurrent Rebuild Remembered Sets and Scrub Regions
[317.036s][info][gc,marking  ] GC(618) Concurrent Rebuild Remembered Sets and Scrub Regions 157.023ms
[317.038s][info][gc,start    ] GC(618) Pause Cleanup
[317.038s][info][gc          ] GC(618) Pause Cleanup 188M->188M(256M) 0.055ms
[317.038s][info][gc,cpu      ] GC(618) User=0.00s Sys=0.00s Real=0.00s
[317.038s][info][gc,marking  ] GC(618) Concurrent Clear Claimed Marks
[317.038s][info][gc,marking  ] GC(618) Concurrent Clear Claimed Marks 0.061ms
[317.038s][info][gc,marking  ] GC(618) Concurrent Cleanup for Next Mark
[317.040s][info][gc,marking  ] GC(618) Concurrent Cleanup for Next Mark 1.647ms
[317.040s][info][gc          ] GC(618) Concurrent Mark Cycle 398.190ms
[317.173s][info][gc,start    ] GC(619) Pause Young (Prepare Mixed) (G1 Evacuation Pause)
[317.173s][info][gc,task     ] GC(619) Using 2 workers of 2 for evacuation
[317.197s][info][gc,phases   ] GC(619)   Pre Evacuate Collection Set: 0.14ms
[317.197s][info][gc,phases   ] GC(619)   Merge Heap Roots: 0.11ms
[317.197s][info][gc,phases   ] GC(619)   Evacuate Collection Set: 22.38ms
[317.197s][info][gc,phases   ] GC(619)   Post Evacuate Collection Set: 0.44ms
[317.197s][info][gc,phases   ] GC(619)   Other: 0.09ms
[317.197s][info][gc,heap     ] GC(619) Eden regions: 116->0(103)
[317.197s][info][gc,heap     ] GC(619) Survivor regions: 4->15(15)
[317.197s][info][gc,heap     ] GC(619) Old regions: 99->100
[317.197s][info][gc,heap     ] GC(619) Humongous regions: 10->9
[317.197s][info][gc,metaspace] GC(619) Metaspace: 42764K(43264K)->42764K(43264K) NonClass: 38417K(38720K)->38417K(38720K) Class: 4347K(4544K)->4347K(4544K)
[317.197s][info][gc          ] GC(619) Pause Young (Prepare Mixed) (G1 Evacuation Pause) 229M->123M(256M) 23.343ms
[317.197s][info][gc,cpu      ] GC(619) User=0.05s Sys=0.00s Real=0.02s
[320.253s][info][gc,start    ] GC(620) Pause Young (Mixed) (G1 Evacuation Pause)
[320.253s][info][gc,task     ] GC(620) Using 2 workers of 2 for evacuation
[320.285s][info][gc,phases   ] GC(620)   Pre Evacuate Collection Set: 0.19ms
[320.285s][info][gc,phases   ] GC(620)   Merge Heap Roots: 0.21ms
[320.285s][info][gc,phases   ] GC(620)   Evacuate Collection Set: 30.07ms
[320.285s][info][gc,phases   ] GC(620)   Post Evacuate Collection Set: 1.39ms
[320.285s][info][gc,phases   ] GC(620)   Other: 0.07ms
[320.285s][info][gc,heap     ] GC(620) Eden regions: 103->0(233)
[320.285s][info][gc,heap     ] GC(620) Survivor regions: 15->7(15)
[320.285s][info][gc,heap     ] GC(620) Old regions: 100->112
[320.285s][info][gc,heap     ] GC(620) Humongous regions: 12->7
[320.285s][info][gc,metaspace] GC(620) Metaspace: 42770K(43264K)->42770K(43264K) NonClass: 38423K(38720K)->38423K(38720K) Class: 4347K(4544K)->4347K(4544K)
[320.285s][info][gc          ] GC(620) Pause Young (Mixed) (G1 Evacuation Pause) 229M->126M(401M) 32.114ms
[320.285s][info][gc,cpu      ] GC(620) User=0.06s Sys=0.00s Real=0.03s
[321.011s][info][gc,start    ] GC(621) Pause Young (Concurrent Start) (G1 Humongous Allocation)
[321.011s][info][gc,task     ] GC(621) Using 2 workers of 2 for evacuation
[321.025s][info][gc,phases   ] GC(621)   Pre Evacuate Collection Set: 0.24ms
[321.025s][info][gc,phases   ] GC(621)   Merge Heap Roots: 0.11ms
[321.025s][info][gc,phases   ] GC(621)   Evacuate Collection Set: 12.87ms
[321.025s][info][gc,phases   ] GC(621)   Post Evacuate Collection Set: 0.47ms
[321.025s][info][gc,phases   ] GC(621)   Other: 0.12ms
[321.025s][info][gc,heap     ] GC(621) Eden regions: 181->0(231)
[321.025s][info][gc,heap     ] GC(621) Survivor regions: 7->9(30)
[321.025s][info][gc,heap     ] GC(621) Old regions: 112->112
[321.025s][info][gc,heap     ] GC(621) Humongous regions: 7->7
[321.025s][info][gc,metaspace] GC(621) Metaspace: 42780K(43264K)->42780K(43264K) NonClass: 38433K(38720K)->38433K(38720K) Class: 4347K(4544K)->4347K(4544K)
[321.025s][info][gc          ] GC(621) Pause Young (Concurrent Start) (G1 Humongous Allocation) 306M->128M(401M) 13.978ms
[321.025s][info][gc          ] GC(622) Concurrent Mark Cycle
[321.025s][info][gc,marking  ] GC(622) Concurrent Scan Root Regions
[321.025s][info][gc,cpu      ] GC(621) User=0.03s Sys=0.00s Real=0.01s
[321.034s][info][gc,marking  ] GC(622) Concurrent Scan Root Regions 8.961ms
[321.034s][info][gc,marking  ] GC(622) Concurrent Mark
[321.034s][info][gc,marking  ] GC(622) Concurrent Mark From Roots
[321.034s][info][gc,task     ] GC(622) Using 1 workers of 1 for marking
[321.065s][info][gc,marking  ] GC(622) Concurrent Mark From Roots 30.573ms
[321.065s][info][gc,marking  ] GC(622) Concurrent Preclean
[321.065s][info][gc,marking  ] GC(622) Concurrent Preclean 0.072ms
[321.065s][info][gc,start    ] GC(622) Pause Remark
[321.082s][info][gc          ] GC(622) Pause Remark 146M->129M(377M) 16.728ms
[321.082s][info][gc,cpu      ] GC(622) User=0.03s Sys=0.00s Real=0.02s
[321.082s][info][gc,marking  ] GC(622) Concurrent Mark 47.686ms
[321.082s][info][gc,marking  ] GC(622) Concurrent Rebuild Remembered Sets and Scrub Regions
[321.098s][info][gc,marking  ] GC(622) Concurrent Rebuild Remembered Sets and Scrub Regions 16.324ms
[321.099s][info][gc,start    ] GC(622) Pause Cleanup
[321.099s][info][gc          ] GC(622) Pause Cleanup 136M->136M(377M) 0.073ms
[321.099s][info][gc,cpu      ] GC(622) User=0.00s Sys=0.00s Real=0.00s
[321.099s][info][gc,marking  ] GC(622) Concurrent Clear Claimed Marks
[321.099s][info][gc,marking  ] GC(622) Concurrent Clear Claimed Marks 0.055ms
[321.099s][info][gc,marking  ] GC(622) Concurrent Cleanup for Next Mark
[321.102s][info][gc,marking  ] GC(622) Concurrent Cleanup for Next Mark 2.563ms
[321.102s][info][gc          ] GC(622) Concurrent Mark Cycle 76.688ms
[321.590s][info][gc,start    ] GC(623) Pause Young (Prepare Mixed) (G1 Evacuation Pause)
[321.590s][info][gc,task     ] GC(623) Using 2 workers of 2 for evacuation
[321.624s][info][gc,phases   ] GC(623)   Pre Evacuate Collection Set: 0.18ms
[321.624s][info][gc,phases   ] GC(623)   Merge Heap Roots: 0.12ms
[321.624s][info][gc,phases   ] GC(623)   Evacuate Collection Set: 33.26ms
[321.624s][info][gc,phases   ] GC(623)   Post Evacuate Collection Set: 0.47ms
[321.624s][info][gc,phases   ] GC(623)   Other: 0.07ms
[321.624s][info][gc,heap     ] GC(623) Eden regions: 217->0(193)
[321.624s][info][gc,heap     ] GC(623) Survivor regions: 9->29(29)
[321.624s][info][gc,heap     ] GC(623) Old regions: 101->102
[321.624s][info][gc,heap     ] GC(623) Humongous regions: 4->4
[321.624s][info][gc,metaspace] GC(623) Metaspace: 42780K(43264K)->42780K(43264K) NonClass: 38433K(38720K)->38433K(38720K) Class: 4347K(4544K)->4347K(4544K)
[321.624s][info][gc          ] GC(623) Pause Young (Prepare Mixed) (G1 Evacuation Pause) 331M->134M(377M) 34.306ms
[321.624s][info][gc,cpu      ] GC(623) User=0.07s Sys=0.00s Real=0.03s
[322.101s][info][gc,start    ] GC(624) Pause Young (Mixed) (G1 Evacuation Pause)
[322.102s][info][gc,task     ] GC(624) Using 2 workers of 2 for evacuation
[322.159s][info][gc,phases   ] GC(624)   Pre Evacuate Collection Set: 0.19ms
[322.159s][info][gc,phases   ] GC(624)   Merge Heap Roots: 0.10ms
[322.159s][info][gc,phases   ] GC(624)   Evacuate Collection Set: 56.36ms
[322.159s][info][gc,phases   ] GC(624)   Post Evacuate Collection Set: 0.51ms
[322.159s][info][gc,phases   ] GC(624)   Other: 0.10ms
[322.159s][info][gc,heap     ] GC(624) Eden regions: 193->0(206)
[322.159s][info][gc,heap     ] GC(624) Survivor regions: 29->23(28)
[322.159s][info][gc,heap     ] GC(624) Old regions: 102->94
[322.159s][info][gc,heap     ] GC(624) Humongous regions: 6->6
[322.159s][info][gc,metaspace] GC(624) Metaspace: 42780K(43264K)->42780K(43264K) NonClass: 38433K(38720K)->38433K(38720K) Class: 4347K(4544K)->4347K(4544K)
[322.159s][info][gc          ] GC(624) Pause Young (Mixed) (G1 Evacuation Pause) 329M->122M(383M) 57.467ms
[322.159s][info][gc,cpu      ] GC(624) User=0.11s Sys=0.01s Real=0.05s
[322.734s][info][gc,start    ] GC(625) Pause Young (Mixed) (G1 Evacuation Pause)
[322.734s][info][gc,task     ] GC(625) Using 2 workers of 2 for evacuation
[322.798s][info][gc,phases   ] GC(625)   Pre Evacuate Collection Set: 0.18ms
[322.798s][info][gc,phases   ] GC(625)   Merge Heap Roots: 0.18ms
[322.798s][info][gc,phases   ] GC(625)   Evacuate Collection Set: 62.20ms
[322.798s][info][gc,phases   ] GC(625)   Post Evacuate Collection Set: 0.53ms
[322.798s][info][gc,phases   ] GC(625)   Other: 0.11ms
[322.798s][info][gc,heap     ] GC(625) Eden regions: 206->0(205)
[322.798s][info][gc,heap     ] GC(625) Survivor regions: 23->24(29)
[322.798s][info][gc,heap     ] GC(625) Old regions: 94->89
[322.798s][info][gc,heap     ] GC(625) Humongous regions: 10->10
[322.798s][info][gc,metaspace] GC(625) Metaspace: 42780K(43264K)->42780K(43264K) NonClass: 38433K(38720K)->38433K(38720K) Class: 4347K(4544K)->4347K(4544K)
[322.798s][info][gc          ] GC(625) Pause Young (Mixed) (G1 Evacuation Pause) 332M->122M(383M) 63.458ms
[322.798s][info][gc,cpu      ] GC(625) User=0.12s Sys=0.00s Real=0.06s
[323.102s][info][gc,start    ] GC(626) Pause Young (Concurrent Start) (G1 Humongous Allocation)
[323.102s][info][gc,task     ] GC(626) Using 2 workers of 2 for evacuation
[323.148s][info][gc,phases   ] GC(626)   Pre Evacuate Collection Set: 0.23ms
[323.148s][info][gc,phases   ] GC(626)   Merge Heap Roots: 0.10ms
[323.148s][info][gc,phases   ] GC(626)   Evacuate Collection Set: 44.93ms
[323.148s][info][gc,phases   ] GC(626)   Post Evacuate Collection Set: 0.43ms
[323.148s][info][gc,phases   ] GC(626)   Other: 0.16ms
[323.148s][info][gc,heap     ] GC(626) Eden regions: 67->0(184)
[323.148s][info][gc,heap     ] GC(626) Survivor regions: 24->17(29)
[323.148s][info][gc,heap     ] GC(626) Old regions: 89->113
[323.148s][info][gc,heap     ] GC(626) Humongous regions: 10->10
[323.148s][info][gc,metaspace] GC(626) Metaspace: 42780K(43264K)->42780K(43264K) NonClass: 38433K(38720K)->38433K(38720K) Class: 4347K(4544K)->4347K(4544K)
[323.148s][info][gc          ] GC(626) Pause Young (Concurrent Start) (G1 Humongous Allocation) 188M->139M(383M) 46.090ms
[323.148s][info][gc,cpu      ] GC(626) User=0.09s Sys=0.00s Real=0.04s
[323.148s][info][gc          ] GC(627) Concurrent Mark Cycle
[323.148s][info][gc,marking  ] GC(627) Concurrent Scan Root Regions
[323.194s][info][gc,marking  ] GC(627) Concurrent Scan Root Regions 46.351ms
[323.194s][info][gc,marking  ] GC(627) Concurrent Mark
[323.194s][info][gc,marking  ] GC(627) Concurrent Mark From Roots
[323.194s][info][gc,task     ] GC(627) Using 1 workers of 1 for marking
[323.296s][info][gc,marking  ] GC(627) Concurrent Mark From Roots 101.981ms
[323.296s][info][gc,marking  ] GC(627) Concurrent Preclean
[323.296s][info][gc,marking  ] GC(627) Concurrent Preclean 0.041ms
[323.297s][info][gc,start    ] GC(627) Pause Remark
[323.314s][info][gc          ] GC(627) Pause Remark 149M->138M(383M) 17.524ms
[323.314s][info][gc,cpu      ] GC(627) User=0.04s Sys=0.00s Real=0.02s
[323.315s][info][gc,marking  ] GC(627) Concurrent Mark 120.816ms
[323.315s][info][gc,marking  ] GC(627) Concurrent Rebuild Remembered Sets and Scrub Regions
[323.383s][info][gc,marking  ] GC(627) Concurrent Rebuild Remembered Sets and Scrub Regions 67.466ms
[323.383s][info][gc,start    ] GC(627) Pause Cleanup
[323.383s][info][gc          ] GC(627) Pause Cleanup 146M->146M(383M) 0.059ms
[323.383s][info][gc,cpu      ] GC(627) User=0.00s Sys=0.00s Real=0.00s
[323.383s][info][gc,marking  ] GC(627) Concurrent Clear Claimed Marks
[323.383s][info][gc,marking  ] GC(627) Concurrent Clear Claimed Marks 0.040ms
[323.383s][info][gc,marking  ] GC(627) Concurrent Cleanup for Next Mark
[323.384s][info][gc,marking  ] GC(627) Concurrent Cleanup for Next Mark 1.226ms
[323.384s][info][gc          ] GC(627) Concurrent Mark Cycle 236.426ms
[324.577s][info][gc,start    ] GC(628) Pause Young (Prepare Mixed) (G1 Evacuation Pause)
[324.577s][info][gc,task     ] GC(628) Using 2 workers of 2 for evacuation
[324.606s][info][gc,phases   ] GC(628)   Pre Evacuate Collection Set: 0.19ms
[324.606s][info][gc,phases   ] GC(628)   Merge Heap Roots: 0.18ms
[324.606s][info][gc,phases   ] GC(628)   Evacuate Collection Set: 28.54ms
[324.606s][info][gc,phases   ] GC(628)   Post Evacuate Collection Set: 0.51ms
[324.606s][info][gc,phases   ] GC(628)   Other: 0.07ms
[324.606s][info][gc,heap     ] GC(628) Eden regions: 184->0(187)
[324.606s][info][gc,heap     ] GC(628) Survivor regions: 17->13(26)
[324.606s][info][gc,heap     ] GC(628) Old regions: 105->112
[324.606s][info][gc,heap     ] GC(628) Humongous regions: 15->13
[324.606s][info][gc,metaspace] GC(628) Metaspace: 42780K(43264K)->42780K(43264K) NonClass: 38433K(38720K)->38433K(38720K) Class: 4347K(4544K)->4347K(4544K)
[324.606s][info][gc          ] GC(628) Pause Young (Prepare Mixed) (G1 Evacuation Pause) 320M->137M(383M) 29.710ms
[324.606s][info][gc,cpu      ] GC(628) User=0.06s Sys=0.00s Real=0.03s
[325.665s][info][gc,start    ] GC(629) Pause Young (Mixed) (G1 Evacuation Pause)
[325.665s][info][gc,task     ] GC(629) Using 2 workers of 2 for evacuation
[325.682s][info][gc,phases   ] GC(629)   Pre Evacuate Collection Set: 0.19ms
[325.682s][info][gc,phases   ] GC(629)   Merge Heap Roots: 0.10ms
[325.682s][info][gc,phases   ] GC(629)   Evacuate Collection Set: 15.60ms
[325.682s][info][gc,phases   ] GC(629)   Post Evacuate Collection Set: 0.44ms
[325.682s][info][gc,phases   ] GC(629)   Other: 0.07ms
[325.682s][info][gc,heap     ] GC(629) Eden regions: 187->0(197)
[325.682s][info][gc,heap     ] GC(629) Survivor regions: 13->14(25)
[325.682s][info][gc,heap     ] GC(629) Old regions: 112->109
[325.682s][info][gc,heap     ] GC(629) Humongous regions: 13->13
[325.682s][info][gc,metaspace] GC(629) Metaspace: 42781K(43264K)->42781K(43264K) NonClass: 38433K(38720K)->38433K(38720K) Class: 4347K(4544K)->4347K(4544K)
[325.682s][info][gc          ] GC(629) Pause Young (Mixed) (G1 Evacuation Pause) 324M->135M(383M) 16.592ms
[325.682s][info][gc,cpu      ] GC(629) User=0.04s Sys=0.00s Real=0.02s
[326.843s][info][gc,start    ] GC(630) Pause Young (Concurrent Start) (G1 Evacuation Pause)
[326.843s][info][gc,task     ] GC(630) Using 2 workers of 2 for evacuation
[326.862s][info][gc,phases   ] GC(630)   Pre Evacuate Collection Set: 0.20ms
[326.862s][info][gc,phases   ] GC(630)   Merge Heap Roots: 0.10ms
[326.862s][info][gc,phases   ] GC(630)   Evacuate Collection Set: 18.37ms
[326.862s][info][gc,phases   ] GC(630)   Post Evacuate Collection Set: 0.47ms
[326.862s][info][gc,phases   ] GC(630)   Other: 0.11ms
[326.862s][info][gc,heap     ] GC(630) Eden regions: 197->0(200)
[326.862s][info][gc,heap     ] GC(630) Survivor regions: 14->17(27)
[326.862s][info][gc,heap     ] GC(630) Old regions: 109->109
[326.862s][info][gc,heap     ] GC(630) Humongous regions: 13->13
[326.862s][info][gc,metaspace] GC(630) Metaspace: 42781K(43264K)->42781K(43264K) NonClass: 38433K(38720K)->38433K(38720K) Class: 4347K(4544K)->4347K(4544K)
[326.863s][info][gc          ] GC(630) Pause Young (Concurrent Start) (G1 Evacuation Pause) 332M->138M(383M) 19.438ms
[326.863s][info][gc,cpu      ] GC(630) User=0.03s Sys=0.00s Real=0.02s
[326.863s][info][gc          ] GC(631) Concurrent Mark Cycle
[326.865s][info][gc,marking  ] GC(631) Concurrent Scan Root Regions
[326.877s][info][gc,marking  ] GC(631) Concurrent Scan Root Regions 11.893ms
[326.877s][info][gc,marking  ] GC(631) Concurrent Mark
[326.877s][info][gc,marking  ] GC(631) Concurrent Mark From Roots
[326.877s][info][gc,task     ] GC(631) Using 1 workers of 1 for marking
[326.907s][info][gc,marking  ] GC(631) Concurrent Mark From Roots 30.418ms
[326.907s][info][gc,marking  ] GC(631) Concurrent Preclean
[326.907s][info][gc,marking  ] GC(631) Concurrent Preclean 0.033ms
[326.908s][info][gc,start    ] GC(631) Pause Remark
[326.924s][info][gc          ] GC(631) Pause Remark 145M->61M(256M) 16.244ms
[326.924s][info][gc,cpu      ] GC(631) User=0.03s Sys=0.00s Real=0.02s
[326.924s][info][gc,marking  ] GC(631) Concurrent Mark 46.953ms
[326.924s][info][gc,marking  ] GC(631) Concurrent Rebuild Remembered Sets and Scrub Regions
[326.935s][info][gc,marking  ] GC(631) Concurrent Rebuild Remembered Sets and Scrub Regions 10.843ms
[326.935s][info][gc,start    ] GC(631) Pause Cleanup
[326.935s][info][gc          ] GC(631) Pause Cleanup 63M->63M(256M) 0.048ms
[326.935s][info][gc,cpu      ] GC(631) User=0.00s Sys=0.00s Real=0.00s
[326.935s][info][gc,marking  ] GC(631) Concurrent Clear Claimed Marks
[326.935s][info][gc,marking  ] GC(631) Concurrent Clear Claimed Marks 0.058ms
[326.935s][info][gc,marking  ] GC(631) Concurrent Cleanup for Next Mark
[326.936s][info][gc,marking  ] GC(631) Concurrent Cleanup for Next Mark 0.722ms
[326.936s][info][gc          ] GC(631) Concurrent Mark Cycle 73.257ms
[327.732s][info][gc,start    ] GC(632) Pause Young (Prepare Mixed) (G1 Evacuation Pause)
[327.732s][info][gc,task     ] GC(632) Using 2 workers of 2 for evacuation
[327.739s][info][gc,phases   ] GC(632)   Pre Evacuate Collection Set: 0.22ms
[327.739s][info][gc,phases   ] GC(632)   Merge Heap Roots: 0.14ms
[327.739s][info][gc,phases   ] GC(632)   Evacuate Collection Set: 6.09ms
[327.739s][info][gc,phases   ] GC(632)   Post Evacuate Collection Set: 0.43ms
[327.739s][info][gc,phases   ] GC(632)   Other: 0.07ms
[327.739s][info][gc,heap     ] GC(632) Eden regions: 136->0(151)
[327.739s][info][gc,heap     ] GC(632) Survivor regions: 17->2(20)
[327.739s][info][gc,heap     ] GC(632) Old regions: 37->45
[327.739s][info][gc,heap     ] GC(632) Humongous regions: 2->1
[327.739s][info][gc,metaspace] GC(632) Metaspace: 42781K(43264K)->42781K(43264K) NonClass: 38433K(38720K)->38433K(38720K) Class: 4347K(4544K)->4347K(4544K)
[327.739s][info][gc          ] GC(632) Pause Young (Prepare Mixed) (G1 Evacuation Pause) 191M->46M(256M) 7.113ms
[327.739s][info][gc,cpu      ] GC(632) User=0.01s Sys=0.00s Real=0.01s
[328.639s][info][gc,start    ] GC(633) Pause Young (Mixed) (G1 Evacuation Pause)
[328.639s][info][gc,task     ] GC(633) Using 2 workers of 2 for evacuation
[328.654s][info][gc,phases   ] GC(633)   Pre Evacuate Collection Set: 0.15ms
[328.654s][info][gc,phases   ] GC(633)   Merge Heap Roots: 0.07ms
[328.654s][info][gc,phases   ] GC(633)   Evacuate Collection Set: 13.54ms
[328.654s][info][gc,phases   ] GC(633)   Post Evacuate Collection Set: 0.40ms
[328.654s][info][gc,phases   ] GC(633)   Other: 0.08ms
[328.654s][info][gc,heap     ] GC(633) Eden regions: 151->0(139)
[328.654s][info][gc,heap     ] GC(633) Survivor regions: 2->14(20)
[328.654s][info][gc,heap     ] GC(633) Old regions: 45->41
[328.654s][info][gc,heap     ] GC(633) Humongous regions: 1->1
[328.654s][info][gc,metaspace] GC(633) Metaspace: 42781K(43264K)->42781K(43264K) NonClass: 38433K(38720K)->38433K(38720K) Class: 4347K(4544K)->4347K(4544K)
[328.654s][info][gc          ] GC(633) Pause Young (Mixed) (G1 Evacuation Pause) 197M->55M(256M) 14.426ms
[328.654s][info][gc,cpu      ] GC(633) User=0.03s Sys=0.00s Real=0.01s
[329.331s][info][gc,start    ] GC(634) Pause Young (Concurrent Start) (G1 Humongous Allocation)
[329.331s][info][gc,task     ] GC(634) Using 2 workers of 2 for evacuation
[329.357s][info][gc,phases   ] GC(634)   Pre Evacuate Collection Set: 0.17ms
[329.357s][info][gc,phases   ] GC(634)   Merge Heap Roots: 0.09ms
[329.357s][info][gc,phases   ] GC(634)   Evacuate Collection Set: 25.00ms
[329.357s][info][gc,phases   ] GC(634)   Post Evacuate Collection Set: 0.41ms
[329.357s][info][gc,phases   ] GC(634)   Other: 0.08ms
[329.357s][info][gc,heap     ] GC(634) Eden regions: 125->0(137)
[329.357s][info][gc,heap     ] GC(634) Survivor regions: 14->16(20)
[329.357s][info][gc,heap     ] GC(634) Old regions: 41->55
[329.357s][info][gc,heap     ] GC(634) Humongous regions: 1->1
[329.357s][info][gc,metaspace] GC(634) Metaspace: 42781K(43264K)->42781K(43264K) NonClass: 38434K(38720K)->38434K(38720K) Class: 4347K(4544K)->4347K(4544K)
[329.357s][info][gc          ] GC(634) Pause Young (Concurrent Start) (G1 Humongous Allocation) 179M->71M(256M) 25.927ms
[329.357s][info][gc,cpu      ] GC(634) User=0.05s Sys=0.00s Real=0.02s
[329.357s][info][gc          ] GC(635) Concurrent Mark Cycle
[329.359s][info][gc,marking  ] GC(635) Concurrent Scan Root Regions
[329.379s][info][gc,marking  ] GC(635) Concurrent Scan Root Regions 19.696ms
[329.379s][info][gc,marking  ] GC(635) Concurrent Mark
[329.379s][info][gc,marking  ] GC(635) Concurrent Mark From Roots
[329.379s][info][gc,task     ] GC(635) Using 1 workers of 1 for marking
[329.410s][info][gc,marking  ] GC(635) Concurrent Mark From Roots 31.316ms
[329.410s][info][gc,marking  ] GC(635) Concurrent Preclean
[329.410s][info][gc,marking  ] GC(635) Concurrent Preclean 0.034ms
[329.410s][info][gc,start    ] GC(635) Pause Remark
[329.427s][info][gc          ] GC(635) Pause Remark 95M->95M(256M) 16.409ms
[329.427s][info][gc,cpu      ] GC(635) User=0.04s Sys=0.00s Real=0.01s
[329.427s][info][gc,marking  ] GC(635) Concurrent Mark 48.072ms
[329.427s][info][gc,marking  ] GC(635) Concurrent Rebuild Remembered Sets and Scrub Regions
[329.450s][info][gc,marking  ] GC(635) Concurrent Rebuild Remembered Sets and Scrub Regions 22.688ms
[329.450s][info][gc,start    ] GC(635) Pause Cleanup
[329.450s][info][gc          ] GC(635) Pause Cleanup 103M->103M(256M) 0.040ms
[329.450s][info][gc,cpu      ] GC(635) User=0.00s Sys=0.00s Real=0.00s
[329.450s][info][gc,marking  ] GC(635) Concurrent Clear Claimed Marks
[329.450s][info][gc,marking  ] GC(635) Concurrent Clear Claimed Marks 0.034ms
[329.450s][info][gc,marking  ] GC(635) Concurrent Cleanup for Next Mark
[329.451s][info][gc,marking  ] GC(635) Concurrent Cleanup for Next Mark 0.728ms
[329.451s][info][gc          ] GC(635) Concurrent Mark Cycle 93.956ms
[329.718s][info][gc,start    ] GC(636) Pause Young (Prepare Mixed) (G1 Evacuation Pause)
[329.718s][info][gc,task     ] GC(636) Using 2 workers of 2 for evacuation
[329.739s][info][gc,phases   ] GC(636)   Pre Evacuate Collection Set: 0.15ms
[329.739s][info][gc,phases   ] GC(636)   Merge Heap Roots: 0.08ms
[329.739s][info][gc,phases   ] GC(636)   Evacuate Collection Set: 20.37ms
[329.739s][info][gc,phases   ] GC(636)   Post Evacuate Collection Set: 0.40ms
[329.739s][info][gc,phases   ] GC(636)   Other: 0.09ms
[329.739s][info][gc,heap     ] GC(636) Eden regions: 137->0(136)
[329.739s][info][gc,heap     ] GC(636) Survivor regions: 16->17(20)
[329.739s][info][gc,heap     ] GC(636) Old regions: 55->60
[329.739s][info][gc,heap     ] GC(636) Humongous regions: 4->4
[329.739s][info][gc,metaspace] GC(636) Metaspace: 42781K(43264K)->42781K(43264K) NonClass: 38434K(38720K)->38434K(38720K) Class: 4347K(4544K)->4347K(4544K)
[329.739s][info][gc          ] GC(636) Pause Young (Prepare Mixed) (G1 Evacuation Pause) 211M->80M(256M) 21.286ms
[329.739s][info][gc,cpu      ] GC(636) User=0.05s Sys=0.00s Real=0.02s
[330.084s][info][gc,start    ] GC(637) Pause Young (Mixed) (G1 Evacuation Pause)
[330.085s][info][gc,task     ] GC(637) Using 2 workers of 2 for evacuation
[330.127s][info][gc,phases   ] GC(637)   Pre Evacuate Collection Set: 0.16ms
[330.127s][info][gc,phases   ] GC(637)   Merge Heap Roots: 0.15ms
[330.127s][info][gc,phases   ] GC(637)   Evacuate Collection Set: 41.60ms
[330.127s][info][gc,phases   ] GC(637)   Post Evacuate Collection Set: 0.70ms
[330.127s][info][gc,phases   ] GC(637)   Other: 0.09ms
[330.127s][info][gc,heap     ] GC(637) Eden regions: 136->0(149)
[330.127s][info][gc,heap     ] GC(637) Survivor regions: 17->17(20)
[330.127s][info][gc,heap     ] GC(637) Old regions: 60->67
[330.127s][info][gc,heap     ] GC(637) Humongous regions: 6->6
[330.127s][info][gc,metaspace] GC(637) Metaspace: 42781K(43264K)->42781K(43264K) NonClass: 38434K(38720K)->38434K(38720K) Class: 4347K(4544K)->4347K(4544K)
[330.127s][info][gc          ] GC(637) Pause Young (Mixed) (G1 Evacuation Pause) 218M->89M(285M) 42.909ms
[330.127s][info][gc,cpu      ] GC(637) User=0.08s Sys=0.00s Real=0.04s
[330.500s][info][gc,start    ] GC(638) Pause Young (Concurrent Start) (G1 Evacuation Pause)
[330.500s][info][gc,task     ] GC(638) Using 2 workers of 2 for evacuation
[330.539s][info][gc,phases   ] GC(638)   Pre Evacuate Collection Set: 0.18ms
[330.539s][info][gc,phases   ] GC(638)   Merge Heap Roots: 0.10ms
[330.539s][info][gc,phases   ] GC(638)   Evacuate Collection Set: 37.98ms
[330.539s][info][gc,phases   ] GC(638)   Post Evacuate Collection Set: 0.43ms
[330.539s][info][gc,phases   ] GC(638)   Other: 0.10ms
[330.539s][info][gc,heap     ] GC(638) Eden regions: 149->0(136)
[330.539s][info][gc,heap     ] GC(638) Survivor regions: 17->18(21)
[330.539s][info][gc,heap     ] GC(638) Old regions: 67->84
[330.539s][info][gc,heap     ] GC(638) Humongous regions: 6->6
[330.539s][info][gc,metaspace] GC(638) Metaspace: 42781K(43264K)->42781K(43264K) NonClass: 38434K(38720K)->38434K(38720K) Class: 4347K(4544K)->4347K(4544K)
[330.539s][info][gc          ] GC(638) Pause Young (Concurrent Start) (G1 Evacuation Pause) 238M->108M(285M) 39.004ms
[330.539s][info][gc,cpu      ] GC(638) User=0.07s Sys=0.00s Real=0.03s
[330.539s][info][gc          ] GC(639) Concurrent Mark Cycle
[330.539s][info][gc,marking  ] GC(639) Concurrent Scan Root Regions
[330.565s][info][gc,marking  ] GC(639) Concurrent Scan Root Regions 25.724ms
[330.565s][info][gc,marking  ] GC(639) Concurrent Mark
[330.565s][info][gc,marking  ] GC(639) Concurrent Mark From Roots
[330.565s][info][gc,task     ] GC(639) Using 1 workers of 1 for marking
[330.621s][info][gc,marking  ] GC(639) Concurrent Mark From Roots 55.979ms
[330.621s][info][gc,marking  ] GC(639) Concurrent Preclean
[330.621s][info][gc,marking  ] GC(639) Concurrent Preclean 0.034ms
[330.621s][info][gc,start    ] GC(639) Pause Remark
[330.637s][info][gc          ] GC(639) Pause Remark 144M->139M(285M) 16.460ms
[330.637s][info][gc,cpu      ] GC(639) User=0.03s Sys=0.00s Real=0.01s
[330.637s][info][gc,marking  ] GC(639) Concurrent Mark 72.744ms
[330.637s][info][gc,marking  ] GC(639) Concurrent Rebuild Remembered Sets and Scrub Regions
[330.676s][info][gc,marking  ] GC(639) Concurrent Rebuild Remembered Sets and Scrub Regions 38.818ms
[330.676s][info][gc,start    ] GC(639) Pause Cleanup
[330.676s][info][gc          ] GC(639) Pause Cleanup 155M->155M(285M) 0.051ms
[330.676s][info][gc,cpu      ] GC(639) User=0.00s Sys=0.00s Real=0.00s
[330.676s][info][gc,marking  ] GC(639) Concurrent Clear Claimed Marks
[330.677s][info][gc,marking  ] GC(639) Concurrent Clear Claimed Marks 0.034ms
[330.677s][info][gc,marking  ] GC(639) Concurrent Cleanup for Next Mark
[330.678s][info][gc,marking  ] GC(639) Concurrent Cleanup for Next Mark 1.103ms
[330.678s][info][gc          ] GC(639) Concurrent Mark Cycle 138.799ms
[330.922s][info][gc,start    ] GC(640) Pause Young (Prepare Mixed) (G1 Evacuation Pause)
[330.922s][info][gc,task     ] GC(640) Using 2 workers of 2 for evacuation
[330.963s][info][gc,phases   ] GC(640)   Pre Evacuate Collection Set: 0.16ms
[330.963s][info][gc,phases   ] GC(640)   Merge Heap Roots: 0.13ms
[330.963s][info][gc,phases   ] GC(640)   Evacuate Collection Set: 39.57ms
[330.963s][info][gc,phases   ] GC(640)   Post Evacuate Collection Set: 0.42ms
[330.963s][info][gc,phases   ] GC(640)   Other: 0.08ms
[330.963s][info][gc,heap     ] GC(640) Eden regions: 136->0(125)
[330.963s][info][gc,heap     ] GC(640) Survivor regions: 18->16(20)
[330.963s][info][gc,heap     ] GC(640) Old regions: 80->98
[330.963s][info][gc,heap     ] GC(640) Humongous regions: 9->9
[330.963s][info][gc,metaspace] GC(640) Metaspace: 42781K(43264K)->42781K(43264K) NonClass: 38434K(38720K)->38434K(38720K) Class: 4347K(4544K)->4347K(4544K)
[330.963s][info][gc          ] GC(640) Pause Young (Prepare Mixed) (G1 Evacuation Pause) 243M->122M(285M) 40.557ms
[330.963s][info][gc,cpu      ] GC(640) User=0.08s Sys=0.00s Real=0.04s
[331.435s][info][gc,start    ] GC(641) Pause Young (Mixed) (G1 Evacuation Pause)
[331.435s][info][gc,task     ] GC(641) Using 2 workers of 2 for evacuation
[331.486s][info][gc,phases   ] GC(641)   Pre Evacuate Collection Set: 0.19ms
[331.486s][info][gc,phases   ] GC(641)   Merge Heap Roots: 0.14ms
[331.486s][info][gc,phases   ] GC(641)   Evacuate Collection Set: 49.70ms
[331.486s][info][gc,phases   ] GC(641)   Post Evacuate Collection Set: 0.46ms
[331.486s][info][gc,phases   ] GC(641)   Other: 0.08ms
[331.486s][info][gc,heap     ] GC(641) Eden regions: 125->0(110)
[331.486s][info][gc,heap     ] GC(641) Survivor regions: 16->18(18)
[331.486s][info][gc,heap     ] GC(641) Old regions: 98->108
[331.486s][info][gc,heap     ] GC(641) Humongous regions: 11->11
[331.486s][info][gc,metaspace] GC(641) Metaspace: 42781K(43264K)->42781K(43264K) NonClass: 38434K(38720K)->38434K(38720K) Class: 4347K(4544K)->4347K(4544K)
[331.486s][info][gc          ] GC(641) Pause Young (Mixed) (G1 Evacuation Pause) 249M->136M(289M) 50.800ms
[331.486s][info][gc,cpu      ] GC(641) User=0.10s Sys=0.00s Real=0.05s
[331.634s][info][gc,start    ] GC(642) Pause Young (Concurrent Start) (G1 Humongous Allocation)
[331.634s][info][gc,task     ] GC(642) Using 2 workers of 2 for evacuation
[331.667s][info][gc,phases   ] GC(642)   Pre Evacuate Collection Set: 0.20ms
[331.667s][info][gc,phases   ] GC(642)   Merge Heap Roots: 0.12ms
[331.667s][info][gc,phases   ] GC(642)   Evacuate Collection Set: 31.90ms
[331.667s][info][gc,phases   ] GC(642)   Post Evacuate Collection Set: 0.32ms
[331.667s][info][gc,phases   ] GC(642)   Other: 0.10ms
[331.667s][info][gc,heap     ] GC(642) Eden regions: 10->0(61)
[331.667s][info][gc,heap     ] GC(642) Survivor regions: 18->11(16)
[331.667s][info][gc,heap     ] GC(642) Old regions: 108->125
[331.667s][info][gc,heap     ] GC(642) Humongous regions: 11->11
[331.667s][info][gc,metaspace] GC(642) Metaspace: 42781K(43264K)->42781K(43264K) NonClass: 38434K(38720K)->38434K(38720K) Class: 4347K(4544K)->4347K(4544K)
[331.667s][info][gc          ] GC(642) Pause Young (Concurrent Start) (G1 Humongous Allocation) 146M->146M(289M) 32.890ms
[331.667s][info][gc,cpu      ] GC(642) User=0.06s Sys=0.00s Real=0.03s
[331.667s][info][gc          ] GC(643) Concurrent Mark Cycle
[331.667s][info][gc,marking  ] GC(643) Concurrent Scan Root Regions
[331.703s][info][gc,marking  ] GC(643) Concurrent Scan Root Regions 36.224ms
[331.704s][info][gc,marking  ] GC(643) Concurrent Mark
[331.704s][info][gc,marking  ] GC(643) Concurrent Mark From Roots
[331.704s][info][gc,task     ] GC(643) Using 1 workers of 1 for marking
[331.839s][info][gc,marking  ] GC(643) Concurrent Mark From Roots 135.145ms
[331.839s][info][gc,marking  ] GC(643) Concurrent Preclean
[331.839s][info][gc,marking  ] GC(643) Concurrent Preclean 0.041ms
[331.839s][info][gc,start    ] GC(643) Pause Remark
[331.856s][info][gc          ] GC(643) Pause Remark 159M->157M(289M) 17.418ms
[331.856s][info][gc,cpu      ] GC(643) User=0.04s Sys=0.00s Real=0.02s
[331.856s][info][gc,marking  ] GC(643) Concurrent Mark 152.960ms
[331.856s][info][gc,marking  ] GC(643) Concurrent Rebuild Remembered Sets and Scrub Regions
[331.945s][info][gc,marking  ] GC(643) Concurrent Rebuild Remembered Sets and Scrub Regions 88.728ms
[331.945s][info][gc,start    ] GC(643) Pause Cleanup
[331.945s][info][gc          ] GC(643) Pause Cleanup 160M->160M(289M) 0.047ms
[331.945s][info][gc,cpu      ] GC(643) User=0.00s Sys=0.00s Real=0.00s
[331.945s][info][gc,marking  ] GC(643) Concurrent Clear Claimed Marks
[331.945s][info][gc,marking  ] GC(643) Concurrent Clear Claimed Marks 0.049ms
[331.945s][info][gc,marking  ] GC(643) Concurrent Cleanup for Next Mark
[331.946s][info][gc,marking  ] GC(643) Concurrent Cleanup for Next Mark 0.850ms
[331.946s][info][gc          ] GC(643) Concurrent Mark Cycle 279.096ms
[332.485s][info][gc,start    ] GC(644) Pause Young (Prepare Mixed) (G1 Evacuation Pause)
[332.485s][info][gc,task     ] GC(644) Using 2 workers of 2 for evacuation
[332.512s][info][gc,phases   ] GC(644)   Pre Evacuate Collection Set: 0.17ms
[332.512s][info][gc,phases   ] GC(644)   Merge Heap Roots: 0.21ms
[332.512s][info][gc,phases   ] GC(644)   Evacuate Collection Set: 26.02ms
[332.512s][info][gc,phases   ] GC(644)   Post Evacuate Collection Set: 0.40ms
[332.512s][info][gc,phases   ] GC(644)   Other: 0.07ms
[332.512s][info][gc,heap     ] GC(644) Eden regions: 61->0(61)
[332.512s][info][gc,heap     ] GC(644) Survivor regions: 11->9(9)
[332.512s][info][gc,heap     ] GC(644) Old regions: 125->136
[332.512s][info][gc,heap     ] GC(644) Humongous regions: 15->13
[332.512s][info][gc,metaspace] GC(644) Metaspace: 42781K(43264K)->42781K(43264K) NonClass: 38434K(38720K)->38434K(38720K) Class: 4347K(4544K)->4347K(4544K)
[332.512s][info][gc          ] GC(644) Pause Young (Prepare Mixed) (G1 Evacuation Pause) 211M->157M(289M) 27.073ms
[332.512s][info][gc,cpu      ] GC(644) User=0.05s Sys=0.00s Real=0.03s
[332.715s][info][gc,start    ] GC(645) Pause Young (Mixed) (G1 Evacuation Pause)
[332.715s][info][gc,task     ] GC(645) Using 2 workers of 2 for evacuation
[332.730s][info][gc,phases   ] GC(645)   Pre Evacuate Collection Set: 0.16ms
[332.730s][info][gc,phases   ] GC(645)   Merge Heap Roots: 0.15ms
[332.730s][info][gc,phases   ] GC(645)   Evacuate Collection Set: 13.72ms
[332.730s][info][gc,phases   ] GC(645)   Post Evacuate Collection Set: 0.98ms
[332.730s][info][gc,phases   ] GC(645)   Other: 0.08ms
[332.730s][info][gc,heap     ] GC(645) Eden regions: 61->0(102)
[332.730s][info][gc,heap     ] GC(645) Survivor regions: 9->4(9)
[332.730s][info][gc,heap     ] GC(645) Old regions: 136->140
[332.730s][info][gc,heap     ] GC(645) Humongous regions: 13->13
[332.730s][info][gc,metaspace] GC(645) Metaspace: 42781K(43264K)->42781K(43264K) NonClass: 38434K(38720K)->38434K(38720K) Class: 4347K(4544K)->4347K(4544K)
[332.730s][info][gc          ] GC(645) Pause Young (Mixed) (G1 Evacuation Pause) 218M->156M(385M) 15.332ms
[332.730s][info][gc,cpu      ] GC(645) User=0.03s Sys=0.00s Real=0.02s
[333.258s][info][gc,start    ] GC(646) Pause Young (Normal) (G1 Evacuation Pause)
[333.258s][info][gc,task     ] GC(646) Using 2 workers of 2 for evacuation
[333.265s][info][gc,phases   ] GC(646)   Pre Evacuate Collection Set: 0.18ms
[333.265s][info][gc,phases   ] GC(646)   Merge Heap Roots: 0.05ms
[333.265s][info][gc,phases   ] GC(646)   Evacuate Collection Set: 5.61ms
[333.265s][info][gc,phases   ] GC(646)   Post Evacuate Collection Set: 0.37ms
[333.265s][info][gc,phases   ] GC(646)   Other: 0.07ms
[333.265s][info][gc,heap     ] GC(646) Eden regions: 102->0(111)
[333.265s][info][gc,heap     ] GC(646) Survivor regions: 4->7(14)
[333.265s][info][gc,heap     ] GC(646) Old regions: 140->140
[333.265s][info][gc,heap     ] GC(646) Humongous regions: 13->13
[333.265s][info][gc,metaspace] GC(646) Metaspace: 42781K(43264K)->42781K(43264K) NonClass: 38434K(38720K)->38434K(38720K) Class: 4347K(4544K)->4347K(4544K)
[333.265s][info][gc          ] GC(646) Pause Young (Normal) (G1 Evacuation Pause) 258M->159M(385M) 6.467ms
[333.265s][info][gc,cpu      ] GC(646) User=0.01s Sys=0.00s Real=0.01s
[333.800s][info][gc,start    ] GC(647) Pause Young (Normal) (G1 Evacuation Pause)
[333.800s][info][gc,task     ] GC(647) Using 2 workers of 2 for evacuation
[333.812s][info][gc,phases   ] GC(647)   Pre Evacuate Collection Set: 0.19ms
[333.812s][info][gc,phases   ] GC(647)   Merge Heap Roots: 0.07ms
[333.812s][info][gc,phases   ] GC(647)   Evacuate Collection Set: 11.37ms
[333.812s][info][gc,phases   ] GC(647)   Post Evacuate Collection Set: 0.36ms
[333.812s][info][gc,phases   ] GC(647)   Other: 0.07ms
[333.812s][info][gc,heap     ] GC(647) Eden regions: 111->0(118)
[333.812s][info][gc,heap     ] GC(647) Survivor regions: 7->14(15)
[333.812s][info][gc,heap     ] GC(647) Old regions: 140->140
[333.812s][info][gc,heap     ] GC(647) Humongous regions: 13->13
[333.812s][info][gc,metaspace] GC(647) Metaspace: 42781K(43264K)->42781K(43264K) NonClass: 38434K(38720K)->38434K(38720K) Class: 4347K(4544K)->4347K(4544K)
[333.812s][info][gc          ] GC(647) Pause Young (Normal) (G1 Evacuation Pause) 270M->166M(385M) 12.240ms
[333.812s][info][gc,cpu      ] GC(647) User=0.03s Sys=0.00s Real=0.01s
[334.547s][info][gc,start    ] GC(648) Pause Young (Concurrent Start) (G1 Evacuation Pause)
[334.547s][info][gc,task     ] GC(648) Using 2 workers of 2 for evacuation
[334.552s][info][gc,phases   ] GC(648)   Pre Evacuate Collection Set: 0.22ms
[334.552s][info][gc,phases   ] GC(648)   Merge Heap Roots: 0.06ms
[334.552s][info][gc,phases   ] GC(648)   Evacuate Collection Set: 4.22ms
[334.552s][info][gc,phases   ] GC(648)   Post Evacuate Collection Set: 0.36ms
[334.552s][info][gc,phases   ] GC(648)   Other: 0.10ms
[334.552s][info][gc,heap     ] GC(648) Eden regions: 118->0(132)
[334.552s][info][gc,heap     ] GC(648) Survivor regions: 14->2(17)
[334.552s][info][gc,heap     ] GC(648) Old regions: 140->146
[334.552s][info][gc,heap     ] GC(648) Humongous regions: 13->13
[334.552s][info][gc,metaspace] GC(648) Metaspace: 42781K(43264K)->42781K(43264K) NonClass: 38434K(38720K)->38434K(38720K) Class: 4347K(4544K)->4347K(4544K)
[334.552s][info][gc          ] GC(648) Pause Young (Concurrent Start) (G1 Evacuation Pause) 284M->159M(385M) 5.155ms
[334.553s][info][gc,cpu      ] GC(648) User=0.01s Sys=0.00s Real=0.01s
[334.553s][info][gc          ] GC(649) Concurrent Mark Cycle
[334.553s][info][gc,marking  ] GC(649) Concurrent Scan Root Regions
[334.561s][info][gc,marking  ] GC(649) Concurrent Scan Root Regions 8.126ms
[334.561s][info][gc,marking  ] GC(649) Concurrent Mark
[334.561s][info][gc,marking  ] GC(649) Concurrent Mark From Roots
[334.561s][info][gc,task     ] GC(649) Using 1 workers of 1 for marking
[334.595s][info][gc,marking  ] GC(649) Concurrent Mark From Roots 34.163ms
[334.595s][info][gc,marking  ] GC(649) Concurrent Preclean
[334.595s][info][gc,marking  ] GC(649) Concurrent Preclean 0.032ms
[334.595s][info][gc,start    ] GC(649) Pause Remark
[334.611s][info][gc          ] GC(649) Pause Remark 167M->56M(256M) 16.373ms
[334.611s][info][gc,cpu      ] GC(649) User=0.03s Sys=0.00s Real=0.02s
[334.612s][info][gc,marking  ] GC(649) Concurrent Mark 50.827ms
[334.612s][info][gc,marking  ] GC(649) Concurrent Rebuild Remembered Sets and Scrub Regions
[334.627s][info][gc,marking  ] GC(649) Concurrent Rebuild Remembered Sets and Scrub Regions 15.528ms
[334.627s][info][gc,start    ] GC(649) Pause Cleanup
[334.627s][info][gc          ] GC(649) Pause Cleanup 58M->58M(256M) 0.037ms
[334.627s][info][gc,cpu      ] GC(649) User=0.00s Sys=0.00s Real=0.00s
[334.627s][info][gc,marking  ] GC(649) Concurrent Clear Claimed Marks
[334.627s][info][gc,marking  ] GC(649) Concurrent Clear Claimed Marks 0.033ms
[334.627s][info][gc,marking  ] GC(649) Concurrent Cleanup for Next Mark
[334.628s][info][gc,marking  ] GC(649) Concurrent Cleanup for Next Mark 0.721ms
[334.628s][info][gc          ] GC(649) Concurrent Mark Cycle 75.563ms
[335.334s][info][gc,start    ] GC(650) Pause Young (Prepare Mixed) (G1 Evacuation Pause)
[335.334s][info][gc,task     ] GC(650) Using 2 workers of 2 for evacuation
[335.349s][info][gc,phases   ] GC(650)   Pre Evacuate Collection Set: 0.15ms
[335.349s][info][gc,phases   ] GC(650)   Merge Heap Roots: 0.06ms
[335.349s][info][gc,phases   ] GC(650)   Evacuate Collection Set: 13.80ms
[335.349s][info][gc,phases   ] GC(650)   Post Evacuate Collection Set: 0.39ms
[335.349s][info][gc,phases   ] GC(650)   Other: 0.08ms
[335.349s][info][gc,heap     ] GC(650) Eden regions: 132->0(121)
[335.349s][info][gc,heap     ] GC(650) Survivor regions: 2->15(17)
[335.349s][info][gc,heap     ] GC(650) Old regions: 47->47
[335.349s][info][gc,heap     ] GC(650) Humongous regions: 1->1
[335.349s][info][gc,metaspace] GC(650) Metaspace: 42781K(43264K)->42781K(43264K) NonClass: 38434K(38720K)->38434K(38720K) Class: 4347K(4544K)->4347K(4544K)
[335.349s][info][gc          ] GC(650) Pause Young (Prepare Mixed) (G1 Evacuation Pause) 180M->61M(256M) 14.685ms
[335.349s][info][gc,cpu      ] GC(650) User=0.03s Sys=0.00s Real=0.01s
[336.094s][info][gc,start    ] GC(651) Pause Young (Mixed) (G1 Evacuation Pause)
[336.094s][info][gc,task     ] GC(651) Using 2 workers of 2 for evacuation
[336.118s][info][gc,phases   ] GC(651)   Pre Evacuate Collection Set: 0.15ms
[336.118s][info][gc,phases   ] GC(651)   Merge Heap Roots: 0.08ms
[336.118s][info][gc,phases   ] GC(651)   Evacuate Collection Set: 23.06ms
[336.118s][info][gc,phases   ] GC(651)   Post Evacuate Collection Set: 0.38ms
[336.118s][info][gc,phases   ] GC(651)   Other: 0.07ms
[336.118s][info][gc,heap     ] GC(651) Eden regions: 121->0(122)
[336.118s][info][gc,heap     ] GC(651) Survivor regions: 15->12(17)
[336.118s][info][gc,heap     ] GC(651) Old regions: 47->57
[336.118s][info][gc,heap     ] GC(651) Humongous regions: 1->1
[336.118s][info][gc,metaspace] GC(651) Metaspace: 42781K(43264K)->42781K(43264K) NonClass: 38434K(38720K)->38434K(38720K) Class: 4347K(4544K)->4347K(4544K)
[336.118s][info][gc          ] GC(651) Pause Young (Mixed) (G1 Evacuation Pause) 182M->68M(256M) 23.947ms
[336.118s][info][gc,cpu      ] GC(651) User=0.05s Sys=0.00s Real=0.02s
[336.128s][info][gc,start    ] GC(652) Pause Young (Concurrent Start) (G1 Humongous Allocation)
[336.128s][info][gc,task     ] GC(652) Using 2 workers of 2 for evacuation
[336.138s][info][gc,phases   ] GC(652)   Pre Evacuate Collection Set: 0.14ms
[336.138s][info][gc,phases   ] GC(652)   Merge Heap Roots: 0.04ms
[336.138s][info][gc,phases   ] GC(652)   Evacuate Collection Set: 9.25ms
[336.138s][info][gc,phases   ] GC(652)   Post Evacuate Collection Set: 0.31ms
[336.138s][info][gc,phases   ] GC(652)   Other: 0.08ms
[336.138s][info][gc,heap     ] GC(652) Eden regions: 2->0(126)
[336.138s][info][gc,heap     ] GC(652) Survivor regions: 12->1(17)
[336.138s][info][gc,heap     ] GC(652) Old regions: 57->69
[336.138s][info][gc,heap     ] GC(652) Humongous regions: 1->1
[336.138s][info][gc,metaspace] GC(652) Metaspace: 42781K(43264K)->42781K(43264K) NonClass: 38434K(38720K)->38434K(38720K) Class: 4347K(4544K)->4347K(4544K)
[336.138s][info][gc          ] GC(652) Pause Young (Concurrent Start) (G1 Humongous Allocation) 70M->69M(256M) 9.975ms
[336.138s][info][gc          ] GC(653) Concurrent Mark Cycle
[336.138s][info][gc,marking  ] GC(653) Concurrent Scan Root Regions
[336.140s][info][gc,cpu      ] GC(652) User=0.02s Sys=0.00s Real=0.02s
[336.147s][info][gc,marking  ] GC(653) Concurrent Scan Root Regions 9.069ms
[336.147s][info][gc,marking  ] GC(653) Concurrent Mark
[336.147s][info][gc,marking  ] GC(653) Concurrent Mark From Roots
[336.147s][info][gc,task     ] GC(653) Using 1 workers of 1 for marking
[336.194s][info][gc,marking  ] GC(653) Concurrent Mark From Roots 47.133ms
[336.194s][info][gc,marking  ] GC(653) Concurrent Preclean
[336.194s][info][gc,marking  ] GC(653) Concurrent Preclean 0.033ms
[336.194s][info][gc,start    ] GC(653) Pause Remark
[336.211s][info][gc          ] GC(653) Pause Remark 80M->80M(256M) 16.584ms
[336.211s][info][gc,cpu      ] GC(653) User=0.03s Sys=0.00s Real=0.02s
[336.211s][info][gc,marking  ] GC(653) Concurrent Mark 64.038ms
[336.211s][info][gc,marking  ] GC(653) Concurrent Rebuild Remembered Sets and Scrub Regions
[336.243s][info][gc,marking  ] GC(653) Concurrent Rebuild Remembered Sets and Scrub Regions 32.023ms
[336.243s][info][gc,start    ] GC(653) Pause Cleanup
[336.243s][info][gc          ] GC(653) Pause Cleanup 86M->86M(256M) 0.042ms
[336.243s][info][gc,cpu      ] GC(653) User=0.00s Sys=0.00s Real=0.00s
[336.243s][info][gc,marking  ] GC(653) Concurrent Clear Claimed Marks
[336.243s][info][gc,marking  ] GC(653) Concurrent Clear Claimed Marks 0.036ms
[336.243s][info][gc,marking  ] GC(653) Concurrent Cleanup for Next Mark
[336.244s][info][gc,marking  ] GC(653) Concurrent Cleanup for Next Mark 0.719ms
[336.244s][info][gc          ] GC(653) Concurrent Mark Cycle 106.209ms
[336.902s][info][gc,start    ] GC(654) Pause Young (Prepare Mixed) (G1 Evacuation Pause)
[336.902s][info][gc,task     ] GC(654) Using 2 workers of 2 for evacuation
[336.915s][info][gc,phases   ] GC(654)   Pre Evacuate Collection Set: 0.15ms
[336.915s][info][gc,phases   ] GC(654)   Merge Heap Roots: 0.08ms
[336.915s][info][gc,phases   ] GC(654)   Evacuate Collection Set: 12.64ms
[336.916s][info][gc,phases   ] GC(654)   Post Evacuate Collection Set: 0.39ms
[336.916s][info][gc,phases   ] GC(654)   Other: 0.07ms
[336.916s][info][gc,heap     ] GC(654) Eden regions: 126->0(122)
[336.916s][info][gc,heap     ] GC(654) Survivor regions: 1->13(16)
[336.916s][info][gc,heap     ] GC(654) Old regions: 69->69
[336.916s][info][gc,heap     ] GC(654) Humongous regions: 2->2
[336.916s][info][gc,metaspace] GC(654) Metaspace: 42781K(43264K)->42781K(43264K) NonClass: 38434K(38720K)->38434K(38720K) Class: 4347K(4544K)->4347K(4544K)
[336.916s][info][gc          ] GC(654) Pause Young (Prepare Mixed) (G1 Evacuation Pause) 196M->82M(256M) 13.508ms
[336.916s][info][gc,cpu      ] GC(654) User=0.02s Sys=0.00s Real=0.01s
[337.616s][info][gc,start    ] GC(655) Pause Young (Mixed) (G1 Evacuation Pause)
[337.616s][info][gc,task     ] GC(655) Using 2 workers of 2 for evacuation
[337.646s][info][gc,phases   ] GC(655)   Pre Evacuate Collection Set: 0.16ms
[337.646s][info][gc,phases   ] GC(655)   Merge Heap Roots: 0.25ms
[337.646s][info][gc,phases   ] GC(655)   Evacuate Collection Set: 29.79ms
[337.647s][info][gc,phases   ] GC(655)   Post Evacuate Collection Set: 0.51ms
[337.647s][info][gc,phases   ] GC(655)   Other: 0.07ms
[337.647s][info][gc,heap     ] GC(655) Eden regions: 122->0(126)
[337.647s][info][gc,heap     ] GC(655) Survivor regions: 13->11(17)
[337.647s][info][gc,heap     ] GC(655) Old regions: 69->69
[337.647s][info][gc,heap     ] GC(655) Humongous regions: 2->2
[337.647s][info][gc,metaspace] GC(655) Metaspace: 42781K(43264K)->42781K(43264K) NonClass: 38434K(38720K)->38434K(38720K) Class: 4347K(4544K)->4347K(4544K)
[337.647s][info][gc          ] GC(655) Pause Young (Mixed) (G1 Evacuation Pause) 204M->82M(256M) 30.985ms
[337.647s][info][gc,cpu      ] GC(655) User=0.06s Sys=0.00s Real=0.03s
[337.713s][info][gc,start    ] GC(656) Pause Young (Concurrent Start) (G1 Humongous Allocation)
[337.713s][info][gc,task     ] GC(656) Using 2 workers of 2 for evacuation
[337.726s][info][gc,phases   ] GC(656)   Pre Evacuate Collection Set: 0.16ms
[337.726s][info][gc,phases   ] GC(656)   Merge Heap Roots: 0.05ms
[337.726s][info][gc,phases   ] GC(656)   Evacuate Collection Set: 12.60ms
[337.726s][info][gc,phases   ] GC(656)   Post Evacuate Collection Set: 0.33ms
[337.726s][info][gc,phases   ] GC(656)   Other: 0.10ms
[337.726s][info][gc,heap     ] GC(656) Eden regions: 19->0(125)
[337.726s][info][gc,heap     ] GC(656) Survivor regions: 11->6(18)
[337.726s][info][gc,heap     ] GC(656) Old regions: 69->79
[337.726s][info][gc,heap     ] GC(656) Humongous regions: 2->2
[337.726s][info][gc,metaspace] GC(656) Metaspace: 42784K(43264K)->42784K(43264K) NonClass: 38436K(38720K)->38436K(38720K) Class: 4347K(4544K)->4347K(4544K)
[337.726s][info][gc          ] GC(656) Pause Young (Concurrent Start) (G1 Humongous Allocation) 100M->86M(256M) 13.408ms
[337.726s][info][gc,cpu      ] GC(656) User=0.03s Sys=0.00s Real=0.01s
[337.728s][info][gc          ] GC(657) Concurrent Mark Cycle
[337.728s][info][gc,marking  ] GC(657) Concurrent Scan Root Regions
[337.749s][info][gc,marking  ] GC(657) Concurrent Scan Root Regions 21.155ms
[337.749s][info][gc,marking  ] GC(657) Concurrent Mark
[337.749s][info][gc,marking  ] GC(657) Concurrent Mark From Roots
[337.749s][info][gc,task     ] GC(657) Using 1 workers of 1 for marking
[337.790s][info][gc,marking  ] GC(657) Concurrent Mark From Roots 41.137ms
[337.790s][info][gc,marking  ] GC(657) Concurrent Preclean
[337.790s][info][gc,marking  ] GC(657) Concurrent Preclean 0.033ms
[337.791s][info][gc,start    ] GC(657) Pause Remark
[337.808s][info][gc          ] GC(657) Pause Remark 96M->85M(256M) 17.384ms
[337.808s][info][gc,cpu      ] GC(657) User=0.04s Sys=0.00s Real=0.01s
[337.808s][info][gc,marking  ] GC(657) Concurrent Mark 58.849ms
[337.808s][info][gc,marking  ] GC(657) Concurrent Rebuild Remembered Sets and Scrub Regions
[337.835s][info][gc,marking  ] GC(657) Concurrent Rebuild Remembered Sets and Scrub Regions 26.923ms
[337.835s][info][gc,start    ] GC(657) Pause Cleanup
[337.835s][info][gc          ] GC(657) Pause Cleanup 92M->92M(256M) 0.047ms
[337.835s][info][gc,cpu      ] GC(657) User=0.00s Sys=0.00s Real=0.00s
[337.835s][info][gc,marking  ] GC(657) Concurrent Clear Claimed Marks
[337.835s][info][gc,marking  ] GC(657) Concurrent Clear Claimed Marks 0.037ms
[337.835s][info][gc,marking  ] GC(657) Concurrent Cleanup for Next Mark
[337.836s][info][gc,marking  ] GC(657) Concurrent Cleanup for Next Mark 0.851ms
[337.836s][info][gc          ] GC(657) Concurrent Mark Cycle 108.165ms
[338.293s][info][gc,start    ] GC(658) Pause Young (Prepare Mixed) (G1 Evacuation Pause)
[338.293s][info][gc,task     ] GC(658) Using 2 workers of 2 for evacuation
[338.299s][info][gc,phases   ] GC(658)   Pre Evacuate Collection Set: 0.21ms
[338.299s][info][gc,phases   ] GC(658)   Merge Heap Roots: 0.07ms
[338.299s][info][gc,phases   ] GC(658)   Evacuate Collection Set: 4.85ms
[338.299s][info][gc,phases   ] GC(658)   Post Evacuate Collection Set: 0.39ms
[338.299s][info][gc,phases   ] GC(658)   Other: 0.08ms
[338.299s][info][gc,heap     ] GC(658) Eden regions: 125->0(136)
[338.299s][info][gc,heap     ] GC(658) Survivor regions: 6->7(17)
[338.299s][info][gc,heap     ] GC(658) Old regions: 69->69
[338.299s][info][gc,heap     ] GC(658) Humongous regions: 13->3
[338.299s][info][gc,metaspace] GC(658) Metaspace: 42784K(43264K)->42784K(43264K) NonClass: 38436K(38720K)->38436K(38720K) Class: 4347K(4544K)->4347K(4544K)
[338.299s][info][gc          ] GC(658) Pause Young (Prepare Mixed) (G1 Evacuation Pause) 212M->79M(256M) 5.786ms
[338.299s][info][gc,cpu      ] GC(658) User=0.01s Sys=0.00s Real=0.01s
[338.924s][info][gc,start    ] GC(659) Pause Young (Mixed) (G1 Evacuation Pause)
[338.924s][info][gc,task     ] GC(659) Using 2 workers of 2 for evacuation
[338.940s][info][gc,phases   ] GC(659)   Pre Evacuate Collection Set: 0.23ms
[338.940s][info][gc,phases   ] GC(659)   Merge Heap Roots: 0.16ms
[338.940s][info][gc,phases   ] GC(659)   Evacuate Collection Set: 14.55ms
[338.940s][info][gc,phases   ] GC(659)   Post Evacuate Collection Set: 0.71ms
[338.940s][info][gc,phases   ] GC(659)   Other: 0.11ms
[338.940s][info][gc,heap     ] GC(659) Eden regions: 136->0(156)
[338.940s][info][gc,heap     ] GC(659) Survivor regions: 7->15(18)
[338.940s][info][gc,heap     ] GC(659) Old regions: 69->46
[338.940s][info][gc,heap     ] GC(659) Humongous regions: 12->3
[338.940s][info][gc,metaspace] GC(659) Metaspace: 42784K(43264K)->42784K(43264K) NonClass: 38437K(38720K)->38437K(38720K) Class: 4347K(4544K)->4347K(4544K)
[338.940s][info][gc          ] GC(659) Pause Young (Mixed) (G1 Evacuation Pause) 224M->63M(285M) 15.955ms
[338.940s][info][gc,cpu      ] GC(659) User=0.03s Sys=0.00s Real=0.02s
[339.046s][info][gc,start    ] GC(660) Pause Young (Concurrent Start) (G1 Humongous Allocation)
[339.046s][info][gc,task     ] GC(660) Using 2 workers of 2 for evacuation
[339.064s][info][gc,phases   ] GC(660)   Pre Evacuate Collection Set: 0.21ms
[339.064s][info][gc,phases   ] GC(660)   Merge Heap Roots: 0.05ms
[339.064s][info][gc,phases   ] GC(660)   Evacuate Collection Set: 16.86ms
[339.064s][info][gc,phases   ] GC(660)   Post Evacuate Collection Set: 0.30ms
[339.064s][info][gc,phases   ] GC(660)   Other: 0.10ms
[339.064s][info][gc,heap     ] GC(660) Eden regions: 21->0(159)
[339.064s][info][gc,heap     ] GC(660) Survivor regions: 15->12(22)
[339.064s][info][gc,heap     ] GC(660) Old regions: 46->51
[339.064s][info][gc,heap     ] GC(660) Humongous regions: 3->3
[339.064s][info][gc,metaspace] GC(660) Metaspace: 42784K(43264K)->42784K(43264K) NonClass: 38437K(38720K)->38437K(38720K) Class: 4347K(4544K)->4347K(4544K)
[339.064s][info][gc          ] GC(660) Pause Young (Concurrent Start) (G1 Humongous Allocation) 83M->65M(285M) 17.698ms
[339.064s][info][gc,cpu      ] GC(660) User=0.03s Sys=0.01s Real=0.02s
[339.064s][info][gc          ] GC(661) Concurrent Mark Cycle
[339.064s][info][gc,marking  ] GC(661) Concurrent Scan Root Regions
[339.076s][info][gc,marking  ] GC(661) Concurrent Scan Root Regions 12.029ms
[339.076s][info][gc,marking  ] GC(661) Concurrent Mark
[339.076s][info][gc,marking  ] GC(661) Concurrent Mark From Roots
[339.076s][info][gc,task     ] GC(661) Using 1 workers of 1 for marking
[339.113s][info][gc,marking  ] GC(661) Concurrent Mark From Roots 37.163ms
[339.113s][info][gc,marking  ] GC(661) Concurrent Preclean
[339.113s][info][gc,marking  ] GC(661) Concurrent Preclean 0.042ms
[339.114s][info][gc,start    ] GC(661) Pause Remark
[339.130s][info][gc          ] GC(661) Pause Remark 73M->70M(256M) 16.554ms
[339.130s][info][gc,cpu      ] GC(661) User=0.03s Sys=0.00s Real=0.02s
[339.131s][info][gc,marking  ] GC(661) Concurrent Mark 54.941ms
[339.131s][info][gc,marking  ] GC(661) Concurrent Rebuild Remembered Sets and Scrub Regions
[339.148s][info][gc,marking  ] GC(661) Concurrent Rebuild Remembered Sets and Scrub Regions 17.114ms
[339.148s][info][gc,start    ] GC(661) Pause Cleanup
[339.148s][info][gc          ] GC(661) Pause Cleanup 72M->72M(256M) 0.039ms
[339.148s][info][gc,cpu      ] GC(661) User=0.00s Sys=0.00s Real=0.00s
[339.148s][info][gc,marking  ] GC(661) Concurrent Clear Claimed Marks
[339.148s][info][gc,marking  ] GC(661) Concurrent Clear Claimed Marks 0.061ms
[339.148s][info][gc,marking  ] GC(661) Concurrent Cleanup for Next Mark
[339.149s][info][gc,marking  ] GC(661) Concurrent Cleanup for Next Mark 0.870ms
[339.149s][info][gc          ] GC(661) Concurrent Mark Cycle 85.284ms
[339.812s][info][gc,start    ] GC(662) Pause Young (Prepare Mixed) (G1 Evacuation Pause)
[339.812s][info][gc,task     ] GC(662) Using 2 workers of 2 for evacuation
[339.820s][info][gc,phases   ] GC(662)   Pre Evacuate Collection Set: 0.22ms
[339.820s][info][gc,phases   ] GC(662)   Merge Heap Roots: 0.07ms
[339.820s][info][gc,phases   ] GC(662)   Evacuate Collection Set: 6.94ms
[339.820s][info][gc,phases   ] GC(662)   Post Evacuate Collection Set: 0.53ms
[339.820s][info][gc,phases   ] GC(662)   Other: 0.07ms
[339.820s][info][gc,heap     ] GC(662) Eden regions: 141->0(150)
[339.820s][info][gc,heap     ] GC(662) Survivor regions: 12->3(20)
[339.820s][info][gc,heap     ] GC(662) Old regions: 48->50
[339.820s][info][gc,heap     ] GC(662) Humongous regions: 12->3
[339.820s][info][gc,metaspace] GC(662) Metaspace: 42784K(43264K)->42784K(43264K) NonClass: 38437K(38720K)->38437K(38720K) Class: 4347K(4544K)->4347K(4544K)
[339.820s][info][gc          ] GC(662) Pause Young (Prepare Mixed) (G1 Evacuation Pause) 212M->55M(256M) 7.993ms
[339.820s][info][gc,cpu      ] GC(662) User=0.01s Sys=0.00s Real=0.01s
[340.440s][info][gc,start    ] GC(663) Pause Young (Mixed) (G1 Evacuation Pause)
[340.440s][info][gc,task     ] GC(663) Using 2 workers of 2 for evacuation
[340.462s][info][gc,phases   ] GC(663)   Pre Evacuate Collection Set: 0.16ms
[340.462s][info][gc,phases   ] GC(663)   Merge Heap Roots: 0.06ms
[340.462s][info][gc,phases   ] GC(663)   Evacuate Collection Set: 20.84ms
[340.462s][info][gc,phases   ] GC(663)   Post Evacuate Collection Set: 0.44ms
[340.462s][info][gc,phases   ] GC(663)   Other: 0.09ms
[340.462s][info][gc,heap     ] GC(663) Eden regions: 150->0(133)
[340.462s][info][gc,heap     ] GC(663) Survivor regions: 3->20(20)
[340.462s][info][gc,heap     ] GC(663) Old regions: 50->43
[340.462s][info][gc,heap     ] GC(663) Humongous regions: 5->3
[340.462s][info][gc,metaspace] GC(663) Metaspace: 42784K(43264K)->42784K(43264K) NonClass: 38437K(38720K)->38437K(38720K) Class: 4347K(4544K)->4347K(4544K)
[340.462s][info][gc          ] GC(663) Pause Young (Mixed) (G1 Evacuation Pause) 207M->65M(256M) 21.762ms
[340.462s][info][gc,cpu      ] GC(663) User=0.04s Sys=0.00s Real=0.02s
[340.625s][info][gc,start    ] GC(664) Pause Young (Concurrent Start) (G1 Humongous Allocation)
[340.625s][info][gc,task     ] GC(664) Using 2 workers of 2 for evacuation
[340.628s][info][gc,phases   ] GC(664)   Pre Evacuate Collection Set: 0.17ms
[340.628s][info][gc,phases   ] GC(664)   Merge Heap Roots: 0.04ms
[340.628s][info][gc,phases   ] GC(664)   Evacuate Collection Set: 2.57ms
[340.628s][info][gc,phases   ] GC(664)   Post Evacuate Collection Set: 0.36ms
[340.628s][info][gc,phases   ] GC(664)   Other: 0.10ms
[340.628s][info][gc,heap     ] GC(664) Eden regions: 36->0(152)
[340.628s][info][gc,heap     ] GC(664) Survivor regions: 20->1(20)
[340.628s][info][gc,heap     ] GC(664) Old regions: 43->45
[340.628s][info][gc,heap     ] GC(664) Humongous regions: 3->1
[340.628s][info][gc,metaspace] GC(664) Metaspace: 42784K(43264K)->42784K(43264K) NonClass: 38437K(38720K)->38437K(38720K) Class: 4347K(4544K)->4347K(4544K)
[340.628s][info][gc          ] GC(664) Pause Young (Concurrent Start) (G1 Humongous Allocation) 100M->46M(256M) 3.399ms
[340.628s][info][gc,cpu      ] GC(664) User=0.01s Sys=0.00s Real=0.00s
[340.628s][info][gc          ] GC(665) Concurrent Mark Cycle
[340.628s][info][gc,marking  ] GC(665) Concurrent Scan Root Regions
[340.634s][info][gc,marking  ] GC(665) Concurrent Scan Root Regions 6.035ms
[340.634s][info][gc,marking  ] GC(665) Concurrent Mark
[340.634s][info][gc,marking  ] GC(665) Concurrent Mark From Roots
[340.634s][info][gc,task     ] GC(665) Using 1 workers of 1 for marking
[340.688s][info][gc,marking  ] GC(665) Concurrent Mark From Roots 53.895ms
[340.688s][info][gc,marking  ] GC(665) Concurrent Preclean
[340.688s][info][gc,marking  ] GC(665) Concurrent Preclean 0.035ms
[340.689s][info][gc,start    ] GC(665) Pause Remark
[340.705s][info][gc          ] GC(665) Pause Remark 64M->64M(256M) 16.761ms
[340.705s][info][gc,cpu      ] GC(665) User=0.03s Sys=0.00s Real=0.02s
[340.705s][info][gc,marking  ] GC(665) Concurrent Mark 70.975ms
[340.705s][info][gc,marking  ] GC(665) Concurrent Rebuild Remembered Sets and Scrub Regions
[340.730s][info][gc,marking  ] GC(665) Concurrent Rebuild Remembered Sets and Scrub Regions 24.583ms
[340.730s][info][gc,start    ] GC(665) Pause Cleanup
[340.730s][info][gc          ] GC(665) Pause Cleanup 68M->68M(256M) 0.043ms
[340.730s][info][gc,cpu      ] GC(665) User=0.00s Sys=0.00s Real=0.00s
[340.730s][info][gc,marking  ] GC(665) Concurrent Clear Claimed Marks
[340.730s][info][gc,marking  ] GC(665) Concurrent Clear Claimed Marks 0.036ms
[340.730s][info][gc,marking  ] GC(665) Concurrent Cleanup for Next Mark
[340.731s][info][gc,marking  ] GC(665) Concurrent Cleanup for Next Mark 0.787ms
[340.732s][info][gc          ] GC(665) Concurrent Mark Cycle 103.279ms
[341.230s][info][gc,start    ] GC(666) Pause Young (Prepare Mixed) (G1 Evacuation Pause)
[341.230s][info][gc,task     ] GC(666) Using 2 workers of 2 for evacuation
[341.234s][info][gc,phases   ] GC(666)   Pre Evacuate Collection Set: 0.25ms
[341.234s][info][gc,phases   ] GC(666)   Merge Heap Roots: 0.12ms
[341.234s][info][gc,phases   ] GC(666)   Evacuate Collection Set: 2.79ms
[341.234s][info][gc,phases   ] GC(666)   Post Evacuate Collection Set: 0.40ms
[341.234s][info][gc,phases   ] GC(666)   Other: 0.07ms
[341.234s][info][gc,heap     ] GC(666) Eden regions: 152->0(150)
[341.234s][info][gc,heap     ] GC(666) Survivor regions: 1->3(20)
[341.234s][info][gc,heap     ] GC(666) Old regions: 45->45
[341.234s][info][gc,heap     ] GC(666) Humongous regions: 17->3
[341.234s][info][gc,metaspace] GC(666) Metaspace: 42784K(43264K)->42784K(43264K) NonClass: 38437K(38720K)->38437K(38720K) Class: 4347K(4544K)->4347K(4544K)
[341.234s][info][gc          ] GC(666) Pause Young (Prepare Mixed) (G1 Evacuation Pause) 214M->50M(256M) 3.796ms
[341.234s][info][gc,cpu      ] GC(666) User=0.01s Sys=0.00s Real=0.00s
[341.830s][info][gc,start    ] GC(667) Pause Young (Mixed) (G1 Evacuation Pause)
[341.830s][info][gc,task     ] GC(667) Using 2 workers of 2 for evacuation
[341.839s][info][gc,phases   ] GC(667)   Pre Evacuate Collection Set: 0.16ms
[341.839s][info][gc,phases   ] GC(667)   Merge Heap Roots: 0.09ms
[341.839s][info][gc,phases   ] GC(667)   Evacuate Collection Set: 8.09ms
[341.839s][info][gc,phases   ] GC(667)   Post Evacuate Collection Set: 0.43ms
[341.839s][info][gc,phases   ] GC(667)   Other: 0.07ms
[341.839s][info][gc,heap     ] GC(667) Eden regions: 150->0(147)
[341.839s][info][gc,heap     ] GC(667) Survivor regions: 3->6(20)
[341.839s][info][gc,heap     ] GC(667) Old regions: 45->42
[341.839s][info][gc,heap     ] GC(667) Humongous regions: 15->3
[341.839s][info][gc,metaspace] GC(667) Metaspace: 42784K(43264K)->42784K(43264K) NonClass: 38437K(38720K)->38437K(38720K) Class: 4347K(4544K)->4347K(4544K)
[341.839s][info][gc          ] GC(667) Pause Young (Mixed) (G1 Evacuation Pause) 212M->50M(256M) 9.019ms
[341.839s][info][gc,cpu      ] GC(667) User=0.02s Sys=0.00s Real=0.01s
[341.869s][info][gc,start    ] GC(668) Pause Young (Concurrent Start) (G1 Humongous Allocation)
[341.869s][info][gc,task     ] GC(668) Using 2 workers of 2 for evacuation
[341.873s][info][gc,phases   ] GC(668)   Pre Evacuate Collection Set: 0.16ms
[341.873s][info][gc,phases   ] GC(668)   Merge Heap Roots: 0.04ms
[341.873s][info][gc,phases   ] GC(668)   Evacuate Collection Set: 3.33ms
[341.873s][info][gc,phases   ] GC(668)   Post Evacuate Collection Set: 0.33ms
[341.873s][info][gc,phases   ] GC(668)   Other: 0.08ms
[341.873s][info][gc,heap     ] GC(668) Eden regions: 7->0(151)
[341.873s][info][gc,heap     ] GC(668) Survivor regions: 6->2(20)
[341.873s][info][gc,heap     ] GC(668) Old regions: 42->42
[341.873s][info][gc,heap     ] GC(668) Humongous regions: 3->1
[341.873s][info][gc,metaspace] GC(668) Metaspace: 42784K(43264K)->42784K(43264K) NonClass: 38437K(38720K)->38437K(38720K) Class: 4347K(4544K)->4347K(4544K)
[341.873s][info][gc          ] GC(668) Pause Young (Concurrent Start) (G1 Humongous Allocation) 57M->43M(256M) 4.111ms
[341.873s][info][gc,cpu      ] GC(668) User=0.01s Sys=0.00s Real=0.01s
[341.873s][info][gc          ] GC(669) Concurrent Mark Cycle
[341.875s][info][gc,marking  ] GC(669) Concurrent Scan Root Regions
[341.880s][info][gc,marking  ] GC(669) Concurrent Scan Root Regions 5.261ms
[341.880s][info][gc,marking  ] GC(669) Concurrent Mark
[341.880s][info][gc,marking  ] GC(669) Concurrent Mark From Roots
[341.880s][info][gc,task     ] GC(669) Using 1 workers of 1 for marking
[341.946s][info][gc,marking  ] GC(669) Concurrent Mark From Roots 65.185ms
[341.946s][info][gc,marking  ] GC(669) Concurrent Preclean
[341.946s][info][gc,marking  ] GC(669) Concurrent Preclean 0.035ms
[341.946s][info][gc,start    ] GC(669) Pause Remark
[341.964s][info][gc          ] GC(669) Pause Remark 58M->58M(256M) 17.794ms
[341.964s][info][gc,cpu      ] GC(669) User=0.03s Sys=0.00s Real=0.02s
[341.964s][info][gc,marking  ] GC(669) Concurrent Mark 83.333ms
[341.964s][info][gc,marking  ] GC(669) Concurrent Rebuild Remembered Sets and Scrub Regions
[341.986s][info][gc,marking  ] GC(669) Concurrent Rebuild Remembered Sets and Scrub Regions 22.166ms
[341.986s][info][gc,start    ] GC(669) Pause Cleanup
[341.986s][info][gc          ] GC(669) Pause Cleanup 63M->63M(256M) 0.043ms
[341.986s][info][gc,cpu      ] GC(669) User=0.00s Sys=0.00s Real=0.00s
[341.986s][info][gc,marking  ] GC(669) Concurrent Clear Claimed Marks
[341.986s][info][gc,marking  ] GC(669) Concurrent Clear Claimed Marks 0.040ms
[341.986s][info][gc,marking  ] GC(669) Concurrent Cleanup for Next Mark
[341.987s][info][gc,marking  ] GC(669) Concurrent Cleanup for Next Mark 0.744ms
[341.987s][info][gc          ] GC(669) Concurrent Mark Cycle 114.199ms
[342.581s][info][gc,start    ] GC(670) Pause Young (Prepare Mixed) (G1 Evacuation Pause)
[342.581s][info][gc,task     ] GC(670) Using 2 workers of 2 for evacuation
[342.597s][info][gc,phases   ] GC(670)   Pre Evacuate Collection Set: 0.21ms
[342.597s][info][gc,phases   ] GC(670)   Merge Heap Roots: 0.08ms
[342.597s][info][gc,phases   ] GC(670)   Evacuate Collection Set: 15.10ms
[342.597s][info][gc,phases   ] GC(670)   Post Evacuate Collection Set: 0.43ms
[342.597s][info][gc,phases   ] GC(670)   Other: 0.10ms
[342.597s][info][gc,heap     ] GC(670) Eden regions: 151->0(134)
[342.597s][info][gc,heap     ] GC(670) Survivor regions: 2->19(20)
[342.597s][info][gc,heap     ] GC(670) Old regions: 42->42
[342.597s][info][gc,heap     ] GC(670) Humongous regions: 11->3
[342.597s][info][gc,metaspace] GC(670) Metaspace: 42784K(43264K)->42784K(43264K) NonClass: 38437K(38720K)->38437K(38720K) Class: 4347K(4544K)->4347K(4544K)
[342.597s][info][gc          ] GC(670) Pause Young (Prepare Mixed) (G1 Evacuation Pause) 204M->63M(256M) 16.123ms
[342.597s][info][gc,cpu      ] GC(670) User=0.03s Sys=0.00s Real=0.01s
[343.196s][info][gc,start    ] GC(671) Pause Young (Mixed) (G1 Evacuation Pause)
[343.196s][info][gc,task     ] GC(671) Using 2 workers of 2 for evacuation
[343.223s][info][gc,phases   ] GC(671)   Pre Evacuate Collection Set: 0.15ms
[343.223s][info][gc,phases   ] GC(671)   Merge Heap Roots: 0.14ms
[343.223s][info][gc,phases   ] GC(671)   Evacuate Collection Set: 26.05ms
[343.223s][info][gc,phases   ] GC(671)   Post Evacuate Collection Set: 0.52ms
[343.223s][info][gc,phases   ] GC(671)   Other: 0.09ms
[343.223s][info][gc,heap     ] GC(671) Eden regions: 134->0(142)
[343.223s][info][gc,heap     ] GC(671) Survivor regions: 19->11(20)
[343.223s][info][gc,heap     ] GC(671) Old regions: 42->50
[343.223s][info][gc,heap     ] GC(671) Humongous regions: 3->3
[343.223s][info][gc,metaspace] GC(671) Metaspace: 42784K(43264K)->42784K(43264K) NonClass: 38437K(38720K)->38437K(38720K) Class: 4347K(4544K)->4347K(4544K)
[343.223s][info][gc          ] GC(671) Pause Young (Mixed) (G1 Evacuation Pause) 197M->63M(256M) 27.123ms
[343.223s][info][gc,cpu      ] GC(671) User=0.05s Sys=0.00s Real=0.03s
[343.678s][info][gc,start    ] GC(672) Pause Young (Concurrent Start) (G1 Humongous Allocation)
[343.678s][info][gc,task     ] GC(672) Using 2 workers of 2 for evacuation
[343.720s][info][gc,phases   ] GC(672)   Pre Evacuate Collection Set: 0.16ms
[343.720s][info][gc,phases   ] GC(672)   Merge Heap Roots: 0.10ms
[343.720s][info][gc,phases   ] GC(672)   Evacuate Collection Set: 41.92ms
[343.720s][info][gc,phases   ] GC(672)   Post Evacuate Collection Set: 0.44ms
[343.720s][info][gc,phases   ] GC(672)   Other: 0.09ms
[343.720s][info][gc,heap     ] GC(672) Eden regions: 98->0(111)
[343.720s][info][gc,heap     ] GC(672) Survivor regions: 11->20(20)
[343.720s][info][gc,heap     ] GC(672) Old regions: 50->68
[343.720s][info][gc,heap     ] GC(672) Humongous regions: 3->1
[343.720s][info][gc,metaspace] GC(672) Metaspace: 42784K(43264K)->42784K(43264K) NonClass: 38437K(38720K)->38437K(38720K) Class: 4347K(4544K)->4347K(4544K)
[343.720s][info][gc          ] GC(672) Pause Young (Concurrent Start) (G1 Humongous Allocation) 161M->88M(256M) 42.905ms
[343.720s][info][gc,cpu      ] GC(672) User=0.09s Sys=0.00s Real=0.05s
[343.721s][info][gc          ] GC(673) Concurrent Mark Cycle
[343.721s][info][gc,marking  ] GC(673) Concurrent Scan Root Regions
[343.788s][info][gc,marking  ] GC(673) Concurrent Scan Root Regions 67.908ms
[343.789s][info][gc,marking  ] GC(673) Concurrent Mark
[343.789s][info][gc,marking  ] GC(673) Concurrent Mark From Roots
[343.789s][info][gc,task     ] GC(673) Using 1 workers of 1 for marking
[343.853s][info][gc,marking  ] GC(673) Concurrent Mark From Roots 64.243ms
[343.853s][info][gc,marking  ] GC(673) Concurrent Preclean
[343.853s][info][gc,marking  ] GC(673) Concurrent Preclean 0.032ms
[343.853s][info][gc,start    ] GC(673) Pause Remark
[343.870s][info][gc          ] GC(673) Pause Remark 121M->121M(256M) 16.619ms
[343.870s][info][gc,cpu      ] GC(673) User=0.04s Sys=0.00s Real=0.02s
[343.870s][info][gc,marking  ] GC(673) Concurrent Mark 81.171ms
[343.870s][info][gc,marking  ] GC(673) Concurrent Rebuild Remembered Sets and Scrub Regions
[343.912s][info][gc,marking  ] GC(673) Concurrent Rebuild Remembered Sets and Scrub Regions 42.445ms
[343.912s][info][gc,start    ] GC(673) Pause Cleanup
[343.912s][info][gc          ] GC(673) Pause Cleanup 130M->130M(256M) 0.042ms
[343.912s][info][gc,cpu      ] GC(673) User=0.00s Sys=0.00s Real=0.00s
[343.912s][info][gc,marking  ] GC(673) Concurrent Clear Claimed Marks
[343.912s][info][gc,marking  ] GC(673) Concurrent Clear Claimed Marks 0.037ms
[343.912s][info][gc,marking  ] GC(673) Concurrent Cleanup for Next Mark
[343.913s][info][gc,marking  ] GC(673) Concurrent Cleanup for Next Mark 0.764ms
[343.913s][info][gc          ] GC(673) Concurrent Mark Cycle 192.667ms
[344.208s][info][gc,start    ] GC(674) Pause Young (Prepare Mixed) (G1 Evacuation Pause)
[344.208s][info][gc,task     ] GC(674) Using 2 workers of 2 for evacuation
[344.246s][info][gc,phases   ] GC(674)   Pre Evacuate Collection Set: 0.15ms
[344.246s][info][gc,phases   ] GC(674)   Merge Heap Roots: 0.28ms
[344.246s][info][gc,phases   ] GC(674)   Evacuate Collection Set: 36.49ms
[344.246s][info][gc,phases   ] GC(674)   Post Evacuate Collection Set: 0.43ms
[344.246s][info][gc,phases   ] GC(674)   Other: 0.07ms
[344.246s][info][gc,heap     ] GC(674) Eden regions: 111->0(103)
[344.246s][info][gc,heap     ] GC(674) Survivor regions: 20->15(17)
[344.246s][info][gc,heap     ] GC(674) Old regions: 68->88
[344.246s][info][gc,heap     ] GC(674) Humongous regions: 5->3
[344.246s][info][gc,metaspace] GC(674) Metaspace: 42784K(43264K)->42784K(43264K) NonClass: 38437K(38720K)->38437K(38720K) Class: 4347K(4544K)->4347K(4544K)
[344.246s][info][gc          ] GC(674) Pause Young (Prepare Mixed) (G1 Evacuation Pause) 203M->105M(256M) 37.594ms
[344.246s][info][gc,cpu      ] GC(674) User=0.08s Sys=0.00s Real=0.04s
[344.644s][info][gc,start    ] GC(675) Pause Young (Mixed) (G1 Evacuation Pause)
[344.644s][info][gc,task     ] GC(675) Using 2 workers of 2 for evacuation
[344.656s][info][gc,phases   ] GC(675)   Pre Evacuate Collection Set: 0.15ms
[344.656s][info][gc,phases   ] GC(675)   Merge Heap Roots: 0.09ms
[344.656s][info][gc,phases   ] GC(675)   Evacuate Collection Set: 11.70ms
[344.656s][info][gc,phases   ] GC(675)   Post Evacuate Collection Set: 0.38ms
[344.656s][info][gc,phases   ] GC(675)   Other: 0.09ms
[344.656s][info][gc,heap     ] GC(675) Eden regions: 103->0(111)
[344.656s][info][gc,heap     ] GC(675) Survivor regions: 15->5(15)
[344.656s][info][gc,heap     ] GC(675) Old regions: 88->91
[344.656s][info][gc,heap     ] GC(675) Humongous regions: 11->3
[344.656s][info][gc,metaspace] GC(675) Metaspace: 42784K(43264K)->42784K(43264K) NonClass: 38437K(38720K)->38437K(38720K) Class: 4347K(4544K)->4347K(4544K)
[344.656s][info][gc          ] GC(675) Pause Young (Mixed) (G1 Evacuation Pause) 216M->98M(256M) 12.602ms
[344.656s][info][gc,cpu      ] GC(675) User=0.02s Sys=0.00s Real=0.01s
[344.816s][info][gc,start    ] GC(676) Pause Young (Concurrent Start) (G1 Humongous Allocation)
[344.816s][info][gc,task     ] GC(676) Using 2 workers of 2 for evacuation
[344.818s][info][gc,phases   ] GC(676)   Pre Evacuate Collection Set: 0.17ms
[344.818s][info][gc,phases   ] GC(676)   Merge Heap Roots: 0.06ms
[344.818s][info][gc,phases   ] GC(676)   Evacuate Collection Set: 1.62ms
[344.818s][info][gc,phases   ] GC(676)   Post Evacuate Collection Set: 0.39ms
[344.818s][info][gc,phases   ] GC(676)   Other: 0.10ms
[344.818s][info][gc,heap     ] GC(676) Eden regions: 34->0(120)
[344.818s][info][gc,heap     ] GC(676) Survivor regions: 5->2(15)
[344.818s][info][gc,heap     ] GC(676) Old regions: 91->91
[344.818s][info][gc,heap     ] GC(676) Humongous regions: 3->1
[344.818s][info][gc,metaspace] GC(676) Metaspace: 42784K(43264K)->42784K(43264K) NonClass: 38437K(38720K)->38437K(38720K) Class: 4347K(4544K)->4347K(4544K)
[344.818s][info][gc          ] GC(676) Pause Young (Concurrent Start) (G1 Humongous Allocation) 132M->93M(256M) 2.492ms
[344.818s][info][gc,cpu      ] GC(676) User=0.00s Sys=0.00s Real=0.00s
[344.822s][info][gc          ] GC(677) Concurrent Mark Cycle
[344.822s][info][gc,marking  ] GC(677) Concurrent Scan Root Regions
[344.826s][info][gc,marking  ] GC(677) Concurrent Scan Root Regions 4.402ms
[344.826s][info][gc,marking  ] GC(677) Concurrent Mark
[344.826s][info][gc,marking  ] GC(677) Concurrent Mark From Roots
[344.826s][info][gc,task     ] GC(677) Using 1 workers of 1 for marking
[344.896s][info][gc,marking  ] GC(677) Concurrent Mark From Roots 69.649ms
[344.896s][info][gc,marking  ] GC(677) Concurrent Preclean
[344.896s][info][gc,marking  ] GC(677) Concurrent Preclean 0.043ms
[344.896s][info][gc,start    ] GC(677) Pause Remark
[344.914s][info][gc          ] GC(677) Pause Remark 113M->86M(256M) 17.528ms
[344.914s][info][gc,cpu      ] GC(677) User=0.03s Sys=0.00s Real=0.02s
[344.914s][info][gc,marking  ] GC(677) Concurrent Mark 87.747ms
[344.914s][info][gc,marking  ] GC(677) Concurrent Rebuild Remembered Sets and Scrub Regions
[344.936s][info][gc,marking  ] GC(677) Concurrent Rebuild Remembered Sets and Scrub Regions 21.791ms
[344.936s][info][gc,start    ] GC(677) Pause Cleanup
[344.936s][info][gc          ] GC(677) Pause Cleanup 90M->90M(256M) 0.047ms
[344.936s][info][gc,cpu      ] GC(677) User=0.00s Sys=0.00s Real=0.00s
[344.936s][info][gc,marking  ] GC(677) Concurrent Clear Claimed Marks
[344.936s][info][gc,marking  ] GC(677) Concurrent Clear Claimed Marks 0.038ms
[344.936s][info][gc,marking  ] GC(677) Concurrent Cleanup for Next Mark
[344.937s][info][gc,marking  ] GC(677) Concurrent Cleanup for Next Mark 0.745ms
[344.937s][info][gc          ] GC(677) Concurrent Mark Cycle 115.082ms
[345.328s][info][gc,start    ] GC(678) Pause Young (Prepare Mixed) (G1 Evacuation Pause)
[345.328s][info][gc,task     ] GC(678) Using 2 workers of 2 for evacuation
[345.347s][info][gc,phases   ] GC(678)   Pre Evacuate Collection Set: 0.17ms
[345.347s][info][gc,phases   ] GC(678)   Merge Heap Roots: 0.07ms
[345.347s][info][gc,phases   ] GC(678)   Evacuate Collection Set: 17.88ms
[345.347s][info][gc,phases   ] GC(678)   Post Evacuate Collection Set: 0.39ms
[345.347s][info][gc,phases   ] GC(678)   Other: 0.07ms
[345.347s][info][gc,heap     ] GC(678) Eden regions: 120->0(128)
[345.347s][info][gc,heap     ] GC(678) Survivor regions: 2->15(16)
[345.347s][info][gc,heap     ] GC(678) Old regions: 64->64
[345.347s][info][gc,heap     ] GC(678) Humongous regions: 5->3
[345.347s][info][gc,metaspace] GC(678) Metaspace: 42784K(43264K)->42784K(43264K) NonClass: 38437K(38720K)->38437K(38720K) Class: 4347K(4544K)->4347K(4544K)
[345.347s][info][gc          ] GC(678) Pause Young (Prepare Mixed) (G1 Evacuation Pause) 190M->81M(256M) 18.785ms
[345.347s][info][gc,cpu      ] GC(678) User=0.03s Sys=0.00s Real=0.02s
[345.905s][info][gc,start    ] GC(679) Pause Young (Mixed) (G1 Evacuation Pause)
[345.905s][info][gc,task     ] GC(679) Using 2 workers of 2 for evacuation
[345.911s][info][gc,phases   ] GC(679)   Pre Evacuate Collection Set: 0.18ms
[345.911s][info][gc,phases   ] GC(679)   Merge Heap Roots: 0.07ms
[345.911s][info][gc,phases   ] GC(679)   Evacuate Collection Set: 5.43ms
[345.911s][info][gc,phases   ] GC(679)   Post Evacuate Collection Set: 0.44ms
[345.911s][info][gc,phases   ] GC(679)   Other: 0.07ms
[345.911s][info][gc,heap     ] GC(679) Eden regions: 128->0(149)
[345.911s][info][gc,heap     ] GC(679) Survivor regions: 15->4(18)
[345.911s][info][gc,heap     ] GC(679) Old regions: 64->48
[345.911s][info][gc,heap     ] GC(679) Humongous regions: 9->3
[345.911s][info][gc,metaspace] GC(679) Metaspace: 42784K(43264K)->42784K(43264K) NonClass: 38437K(38720K)->38437K(38720K) Class: 4347K(4544K)->4347K(4544K)
[345.911s][info][gc          ] GC(679) Pause Young (Mixed) (G1 Evacuation Pause) 215M->54M(256M) 6.386ms
[345.911s][info][gc,cpu      ] GC(679) User=0.01s Sys=0.00s Real=0.01s
[346.002s][info][gc,start    ] GC(680) Pause Young (Concurrent Start) (G1 Humongous Allocation)
[346.002s][info][gc,task     ] GC(680) Using 2 workers of 2 for evacuation
[346.004s][info][gc,phases   ] GC(680)   Pre Evacuate Collection Set: 0.17ms
[346.004s][info][gc,phases   ] GC(680)   Merge Heap Roots: 0.04ms
[346.004s][info][gc,phases   ] GC(680)   Evacuate Collection Set: 1.46ms
[346.004s][info][gc,phases   ] GC(680)   Post Evacuate Collection Set: 0.31ms
[346.004s][info][gc,phases   ] GC(680)   Other: 0.08ms
[346.004s][info][gc,heap     ] GC(680) Eden regions: 23->0(151)
[346.004s][info][gc,heap     ] GC(680) Survivor regions: 4->2(20)
[346.004s][info][gc,heap     ] GC(680) Old regions: 48->48
[346.004s][info][gc,heap     ] GC(680) Humongous regions: 3->1
[346.004s][info][gc,metaspace] GC(680) Metaspace: 42784K(43264K)->42784K(43264K) NonClass: 38437K(38720K)->38437K(38720K) Class: 4347K(4544K)->4347K(4544K)
[346.004s][info][gc          ] GC(680) Pause Young (Concurrent Start) (G1 Humongous Allocation) 76M->49M(256M) 2.260ms
[346.004s][info][gc,cpu      ] GC(680) User=0.00s Sys=0.00s Real=0.00s
[346.004s][info][gc          ] GC(681) Concurrent Mark Cycle
[346.004s][info][gc,marking  ] GC(681) Concurrent Scan Root Regions
[346.006s][info][gc,marking  ] GC(681) Concurrent Scan Root Regions 1.571ms
[346.006s][info][gc,marking  ] GC(681) Concurrent Mark
[346.006s][info][gc,marking  ] GC(681) Concurrent Mark From Roots
[346.006s][info][gc,task     ] GC(681) Using 1 workers of 1 for marking
[346.069s][info][gc,marking  ] GC(681) Concurrent Mark From Roots 62.650ms
[346.069s][info][gc,marking  ] GC(681) Concurrent Preclean
[346.069s][info][gc,marking  ] GC(681) Concurrent Preclean 0.035ms
[346.069s][info][gc,start    ] GC(681) Pause Remark
[346.086s][info][gc          ] GC(681) Pause Remark 68M->68M(256M) 16.491ms
[346.086s][info][gc,cpu      ] GC(681) User=0.03s Sys=0.00s Real=0.01s
[346.086s][info][gc,marking  ] GC(681) Concurrent Mark 79.985ms
[346.086s][info][gc,marking  ] GC(681) Concurrent Rebuild Remembered Sets and Scrub Regions
[346.109s][info][gc,marking  ] GC(681) Concurrent Rebuild Remembered Sets and Scrub Regions 22.634ms
[346.109s][info][gc,start    ] GC(681) Pause Cleanup
[346.109s][info][gc          ] GC(681) Pause Cleanup 73M->73M(256M) 0.042ms
[346.109s][info][gc,cpu      ] GC(681) User=0.00s Sys=0.00s Real=0.00s
[346.109s][info][gc,marking  ] GC(681) Concurrent Clear Claimed Marks
[346.109s][info][gc,marking  ] GC(681) Concurrent Clear Claimed Marks 0.038ms
[346.109s][info][gc,marking  ] GC(681) Concurrent Cleanup for Next Mark
[346.110s][info][gc,marking  ] GC(681) Concurrent Cleanup for Next Mark 0.769ms
[346.110s][info][gc          ] GC(681) Concurrent Mark Cycle 105.390ms
[346.635s][info][gc,start    ] GC(682) Pause Young (Prepare Mixed) (G1 Evacuation Pause)
[346.635s][info][gc,task     ] GC(682) Using 2 workers of 2 for evacuation
[346.650s][info][gc,phases   ] GC(682)   Pre Evacuate Collection Set: 0.16ms
[346.650s][info][gc,phases   ] GC(682)   Merge Heap Roots: 0.07ms
[346.651s][info][gc,phases   ] GC(682)   Evacuate Collection Set: 14.28ms
[346.651s][info][gc,phases   ] GC(682)   Post Evacuate Collection Set: 0.47ms
[346.651s][info][gc,phases   ] GC(682)   Other: 0.07ms
[346.651s][info][gc,heap     ] GC(682) Eden regions: 151->0(140)
[346.651s][info][gc,heap     ] GC(682) Survivor regions: 2->13(20)
[346.651s][info][gc,heap     ] GC(682) Old regions: 48->48
[346.651s][info][gc,heap     ] GC(682) Humongous regions: 5->3
[346.651s][info][gc,metaspace] GC(682) Metaspace: 42784K(43264K)->42784K(43264K) NonClass: 38437K(38720K)->38437K(38720K) Class: 4347K(4544K)->4347K(4544K)
[346.651s][info][gc          ] GC(682) Pause Young (Prepare Mixed) (G1 Evacuation Pause) 204M->62M(256M) 15.253ms
[346.651s][info][gc,cpu      ] GC(682) User=0.03s Sys=0.00s Real=0.02s
[347.283s][info][gc,start    ] GC(683) Pause Young (Mixed) (G1 Evacuation Pause)
[347.283s][info][gc,task     ] GC(683) Using 2 workers of 2 for evacuation
[347.288s][info][gc,phases   ] GC(683)   Pre Evacuate Collection Set: 0.16ms
[347.288s][info][gc,phases   ] GC(683)   Merge Heap Roots: 0.06ms
[347.288s][info][gc,phases   ] GC(683)   Evacuate Collection Set: 4.33ms
[347.288s][info][gc,phases   ] GC(683)   Post Evacuate Collection Set: 0.42ms
[347.288s][info][gc,phases   ] GC(683)   Other: 0.09ms
[347.288s][info][gc,heap     ] GC(683) Eden regions: 140->0(150)
[347.288s][info][gc,heap     ] GC(683) Survivor regions: 13->3(20)
[347.288s][info][gc,heap     ] GC(683) Old regions: 48->46
[347.288s][info][gc,heap     ] GC(683) Humongous regions: 9->3
[347.288s][info][gc,metaspace] GC(683) Metaspace: 42784K(43264K)->42784K(43264K) NonClass: 38437K(38720K)->38437K(38720K) Class: 4347K(4544K)->4347K(4544K)
[347.288s][info][gc          ] GC(683) Pause Young (Mixed) (G1 Evacuation Pause) 208M->50M(256M) 5.255ms
[347.288s][info][gc,cpu      ] GC(683) User=0.01s Sys=0.00s Real=0.00s
[347.354s][info][gc,start    ] GC(684) Pause Young (Concurrent Start) (G1 Humongous Allocation)
[347.355s][info][gc,task     ] GC(684) Using 2 workers of 2 for evacuation
[347.358s][info][gc,phases   ] GC(684)   Pre Evacuate Collection Set: 0.18ms
[347.358s][info][gc,phases   ] GC(684)   Merge Heap Roots: 0.05ms
[347.358s][info][gc,phases   ] GC(684)   Evacuate Collection Set: 2.87ms
[347.358s][info][gc,phases   ] GC(684)   Post Evacuate Collection Set: 0.32ms
[347.358s][info][gc,phases   ] GC(684)   Other: 0.11ms
[347.358s][info][gc,heap     ] GC(684) Eden regions: 17->0(150)
[347.358s][info][gc,heap     ] GC(684) Survivor regions: 3->3(20)
[347.358s][info][gc,heap     ] GC(684) Old regions: 46->46
[347.358s][info][gc,heap     ] GC(684) Humongous regions: 3->1
[347.358s][info][gc,metaspace] GC(684) Metaspace: 42784K(43264K)->42784K(43264K) NonClass: 38437K(38720K)->38437K(38720K) Class: 4347K(4544K)->4347K(4544K)
[347.358s][info][gc          ] GC(684) Pause Young (Concurrent Start) (G1 Humongous Allocation) 67M->48M(256M) 3.704ms
[347.358s][info][gc,cpu      ] GC(684) User=0.00s Sys=0.00s Real=0.00s
[347.358s][info][gc          ] GC(685) Concurrent Mark Cycle
[347.358s][info][gc,marking  ] GC(685) Concurrent Scan Root Regions
[347.361s][info][gc,marking  ] GC(685) Concurrent Scan Root Regions 2.521ms
[347.361s][info][gc,marking  ] GC(685) Concurrent Mark
[347.361s][info][gc,marking  ] GC(685) Concurrent Mark From Roots
[347.361s][info][gc,task     ] GC(685) Using 1 workers of 1 for marking
[347.442s][info][gc,marking  ] GC(685) Concurrent Mark From Roots 81.504ms
[347.442s][info][gc,marking  ] GC(685) Concurrent Preclean
[347.442s][info][gc,marking  ] GC(685) Concurrent Preclean 0.034ms
[347.443s][info][gc,start    ] GC(685) Pause Remark
[347.460s][info][gc          ] GC(685) Pause Remark 72M->72M(256M) 17.589ms
[347.460s][info][gc,cpu      ] GC(685) User=0.04s Sys=0.01s Real=0.02s
[347.461s][info][gc,marking  ] GC(685) Concurrent Mark 100.335ms
[347.461s][info][gc,marking  ] GC(685) Concurrent Rebuild Remembered Sets and Scrub Regions
[347.497s][info][gc,marking  ] GC(685) Concurrent Rebuild Remembered Sets and Scrub Regions 35.608ms
[347.497s][info][gc,start    ] GC(685) Pause Cleanup
[347.497s][info][gc          ] GC(685) Pause Cleanup 80M->80M(256M) 0.049ms
[347.497s][info][gc,cpu      ] GC(685) User=0.00s Sys=0.00s Real=0.00s
[347.497s][info][gc,marking  ] GC(685) Concurrent Clear Claimed Marks
[347.497s][info][gc,marking  ] GC(685) Concurrent Clear Claimed Marks 0.042ms
[347.497s][info][gc,marking  ] GC(685) Concurrent Cleanup for Next Mark
[347.498s][info][gc,marking  ] GC(685) Concurrent Cleanup for Next Mark 0.868ms
[347.498s][info][gc          ] GC(685) Concurrent Mark Cycle 139.790ms
[347.871s][info][gc,start    ] GC(686) Pause Young (Prepare Mixed) (G1 Evacuation Pause)
[347.871s][info][gc,task     ] GC(686) Using 2 workers of 2 for evacuation
[347.908s][info][gc,phases   ] GC(686)   Pre Evacuate Collection Set: 0.14ms
[347.908s][info][gc,phases   ] GC(686)   Merge Heap Roots: 0.06ms
[347.908s][info][gc,phases   ] GC(686)   Evacuate Collection Set: 35.64ms
[347.908s][info][gc,phases   ] GC(686)   Post Evacuate Collection Set: 0.51ms
[347.908s][info][gc,phases   ] GC(686)   Other: 0.09ms
[347.908s][info][gc,heap     ] GC(686) Eden regions: 150->0(124)
[347.908s][info][gc,heap     ] GC(686) Survivor regions: 3->20(20)
[347.908s][info][gc,heap     ] GC(686) Old regions: 46->64
[347.908s][info][gc,heap     ] GC(686) Humongous regions: 3->3
[347.908s][info][gc,metaspace] GC(686) Metaspace: 42784K(43264K)->42784K(43264K) NonClass: 38437K(38720K)->38437K(38720K) Class: 4347K(4544K)->4347K(4544K)
[347.908s][info][gc          ] GC(686) Pause Young (Prepare Mixed) (G1 Evacuation Pause) 200M->86M(256M) 36.621ms
[347.908s][info][gc,cpu      ] GC(686) User=0.07s Sys=0.00s Real=0.03s
[348.534s][info][gc,start    ] GC(687) Pause Young (Mixed) (G1 Evacuation Pause)
[348.534s][info][gc,task     ] GC(687) Using 2 workers of 2 for evacuation
[348.593s][info][gc,phases   ] GC(687)   Pre Evacuate Collection Set: 0.18ms
[348.593s][info][gc,phases   ] GC(687)   Merge Heap Roots: 0.29ms
[348.593s][info][gc,phases   ] GC(687)   Evacuate Collection Set: 58.61ms
[348.593s][info][gc,phases   ] GC(687)   Post Evacuate Collection Set: 0.47ms
[348.593s][info][gc,phases   ] GC(687)   Other: 0.07ms
[348.593s][info][gc,heap     ] GC(687) Eden regions: 124->0(103)
[348.593s][info][gc,heap     ] GC(687) Survivor regions: 20->18(18)
[348.593s][info][gc,heap     ] GC(687) Old regions: 64->88
[348.593s][info][gc,heap     ] GC(687) Humongous regions: 3->3
[348.593s][info][gc,metaspace] GC(687) Metaspace: 42785K(43264K)->42785K(43264K) NonClass: 38437K(38720K)->38437K(38720K) Class: 4347K(4544K)->4347K(4544K)
[348.593s][info][gc          ] GC(687) Pause Young (Mixed) (G1 Evacuation Pause) 210M->108M(257M) 59.806ms
[348.593s][info][gc,cpu      ] GC(687) User=0.11s Sys=0.00s Real=0.06s
[349.141s][info][gc,start    ] GC(688) Pause Young (Concurrent Start) (G1 Evacuation Pause)
[349.141s][info][gc,task     ] GC(688) Using 2 workers of 2 for evacuation
[349.199s][info][gc,phases   ] GC(688)   Pre Evacuate Collection Set: 0.19ms
[349.199s][info][gc,phases   ] GC(688)   Merge Heap Roots: 0.26ms
[349.200s][info][gc,phases   ] GC(688)   Evacuate Collection Set: 57.38ms
[349.200s][info][gc,phases   ] GC(688)   Post Evacuate Collection Set: 0.46ms
[349.200s][info][gc,phases   ] GC(688)   Other: 0.10ms
[349.200s][info][gc,heap     ] GC(688) Eden regions: 103->0(78)
[349.200s][info][gc,heap     ] GC(688) Survivor regions: 18->16(16)
[349.200s][info][gc,heap     ] GC(688) Old regions: 88->119
[349.200s][info][gc,heap     ] GC(688) Humongous regions: 3->3
[349.200s][info][gc,metaspace] GC(688) Metaspace: 42785K(43264K)->42785K(43264K) NonClass: 38437K(38720K)->38437K(38720K) Class: 4347K(4544K)->4347K(4544K)
[349.200s][info][gc          ] GC(688) Pause Young (Concurrent Start) (G1 Evacuation Pause) 211M->137M(259M) 58.617ms
[349.200s][info][gc          ] GC(689) Concurrent Mark Cycle
[349.200s][info][gc,marking  ] GC(689) Concurrent Scan Root Regions
[349.202s][info][gc,cpu      ] GC(688) User=0.12s Sys=0.00s Real=0.06s
[349.262s][info][gc,marking  ] GC(689) Concurrent Scan Root Regions 61.914ms
[349.262s][info][gc,marking  ] GC(689) Concurrent Mark
[349.262s][info][gc,marking  ] GC(689) Concurrent Mark From Roots
[349.262s][info][gc,task     ] GC(689) Using 1 workers of 1 for marking
[349.407s][info][gc,marking  ] GC(689) Concurrent Mark From Roots 145.479ms
[349.407s][info][gc,marking  ] GC(689) Concurrent Preclean
[349.407s][info][gc,marking  ] GC(689) Concurrent Preclean 0.057ms
[349.407s][info][gc,start    ] GC(689) Pause Remark
[349.423s][info][gc          ] GC(689) Pause Remark 171M->171M(259M) 16.130ms
[349.424s][info][gc,cpu      ] GC(689) User=0.03s Sys=0.00s Real=0.02s
[349.425s][info][gc,marking  ] GC(689) Concurrent Mark 162.983ms
[349.425s][info][gc,marking  ] GC(689) Concurrent Rebuild Remembered Sets and Scrub Regions
[349.595s][info][gc,marking  ] GC(689) Concurrent Rebuild Remembered Sets and Scrub Regions 170.255ms
[349.595s][info][gc,start    ] GC(689) Pause Cleanup
[349.595s][info][gc          ] GC(689) Pause Cleanup 189M->189M(259M) 0.058ms
[349.595s][info][gc,cpu      ] GC(689) User=0.00s Sys=0.00s Real=0.00s
[349.595s][info][gc,marking  ] GC(689) Concurrent Clear Claimed Marks
[349.595s][info][gc,marking  ] GC(689) Concurrent Clear Claimed Marks 0.063ms
[349.595s][info][gc,marking  ] GC(689) Concurrent Cleanup for Next Mark
[349.596s][info][gc,marking  ] GC(689) Concurrent Cleanup for Next Mark 0.859ms
[349.596s][info][gc          ] GC(689) Concurrent Mark Cycle 396.641ms
[349.696s][info][gc,start    ] GC(690) Pause Young (Prepare Mixed) (G1 Evacuation Pause)
[349.696s][info][gc,task     ] GC(690) Using 2 workers of 2 for evacuation
[349.741s][info][gc,phases   ] GC(690)   Pre Evacuate Collection Set: 0.21ms
[349.741s][info][gc,phases   ] GC(690)   Merge Heap Roots: 0.33ms
[349.741s][info][gc,phases   ] GC(690)   Evacuate Collection Set: 43.38ms
[349.741s][info][gc,phases   ] GC(690)   Post Evacuate Collection Set: 0.42ms
[349.741s][info][gc,phases   ] GC(690)   Other: 0.06ms
[349.741s][info][gc,heap     ] GC(690) Eden regions: 78->0(61)
[349.741s][info][gc,heap     ] GC(690) Survivor regions: 16->12(12)
[349.741s][info][gc,heap     ] GC(690) Old regions: 119->145
[349.741s][info][gc,heap     ] GC(690) Humongous regions: 5->3
[349.741s][info][gc,metaspace] GC(690) Metaspace: 42785K(43264K)->42785K(43264K) NonClass: 38437K(38720K)->38437K(38720K) Class: 4347K(4544K)->4347K(4544K)
[349.741s][info][gc          ] GC(690) Pause Young (Prepare Mixed) (G1 Evacuation Pause) 217M->159M(259M) 44.585ms
[349.741s][info][gc,cpu      ] GC(690) User=0.08s Sys=0.00s Real=0.05s
[349.995s][info][gc,start    ] GC(691) Pause Young (Mixed) (G1 Evacuation Pause)
[349.995s][info][gc,task     ] GC(691) Using 2 workers of 2 for evacuation
[350.019s][info][gc,phases   ] GC(691)   Pre Evacuate Collection Set: 0.18ms
[350.019s][info][gc,phases   ] GC(691)   Merge Heap Roots: 0.15ms
[350.019s][info][gc,phases   ] GC(691)   Evacuate Collection Set: 23.45ms
[350.019s][info][gc,phases   ] GC(691)   Post Evacuate Collection Set: 0.34ms
[350.019s][info][gc,phases   ] GC(691)   Other: 0.06ms
[350.019s][info][gc,heap     ] GC(691) Eden regions: 61->0(62)
[350.019s][info][gc,heap     ] GC(691) Survivor regions: 12->9(10)
[350.019s][info][gc,heap     ] GC(691) Old regions: 145->150
[350.019s][info][gc,heap     ] GC(691) Humongous regions: 3->3
[350.019s][info][gc,metaspace] GC(691) Metaspace: 42785K(43264K)->42785K(43264K) NonClass: 38437K(38720K)->38437K(38720K) Class: 4347K(4544K)->4347K(4544K)
[350.019s][info][gc          ] GC(691) Pause Young (Mixed) (G1 Evacuation Pause) 220M->161M(259M) 24.363ms
[350.019s][info][gc,cpu      ] GC(691) User=0.05s Sys=0.00s Real=0.03s
[350.113s][info][gc,start    ] GC(692) Pause Young (Concurrent Start) (G1 Humongous Allocation)
[350.113s][info][gc,task     ] GC(692) Using 2 workers of 2 for evacuation
[350.130s][info][gc,phases   ] GC(692)   Pre Evacuate Collection Set: 0.17ms
[350.130s][info][gc,phases   ] GC(692)   Merge Heap Roots: 0.06ms
[350.130s][info][gc,phases   ] GC(692)   Evacuate Collection Set: 15.64ms
[350.130s][info][gc,phases   ] GC(692)   Post Evacuate Collection Set: 1.30ms
[350.130s][info][gc,phases   ] GC(692)   Other: 0.09ms
[350.130s][info][gc,heap     ] GC(692) Eden regions: 21->0(141)
[350.130s][info][gc,heap     ] GC(692) Survivor regions: 9->6(9)
[350.130s][info][gc,heap     ] GC(692) Old regions: 150->158
[350.130s][info][gc,heap     ] GC(692) Humongous regions: 3->1
[350.130s][info][gc,metaspace] GC(692) Metaspace: 42785K(43264K)->42785K(43264K) NonClass: 38437K(38720K)->38437K(38720K) Class: 4347K(4544K)->4347K(4544K)
[350.130s][info][gc          ] GC(692) Pause Young (Concurrent Start) (G1 Humongous Allocation) 182M->164M(403M) 17.475ms
[350.130s][info][gc,cpu      ] GC(692) User=0.03s Sys=0.00s Real=0.02s
[350.130s][info][gc          ] GC(693) Concurrent Mark Cycle
[350.130s][info][gc,marking  ] GC(693) Concurrent Scan Root Regions
[350.144s][info][gc,marking  ] GC(693) Concurrent Scan Root Regions 13.404ms
[350.144s][info][gc,marking  ] GC(693) Concurrent Mark
[350.144s][info][gc,marking  ] GC(693) Concurrent Mark From Roots
[350.144s][info][gc,task     ] GC(693) Using 1 workers of 1 for marking
[350.212s][info][gc,marking  ] GC(693) Concurrent Mark From Roots 68.073ms
[350.212s][info][gc,marking  ] GC(693) Concurrent Preclean
[350.212s][info][gc,marking  ] GC(693) Concurrent Preclean 0.045ms
[350.212s][info][gc,start    ] GC(693) Pause Remark
[350.228s][info][gc          ] GC(693) Pause Remark 184M->153M(403M) 16.435ms
[350.228s][info][gc,cpu      ] GC(693) User=0.03s Sys=0.00s Real=0.01s
[350.228s][info][gc,marking  ] GC(693) Concurrent Mark 84.866ms
[350.228s][info][gc,marking  ] GC(693) Concurrent Rebuild Remembered Sets and Scrub Regions
[350.263s][info][gc,marking  ] GC(693) Concurrent Rebuild Remembered Sets and Scrub Regions 34.247ms
[350.263s][info][gc,start    ] GC(693) Pause Cleanup
[350.263s][info][gc          ] GC(693) Pause Cleanup 157M->157M(403M) 0.068ms
[350.263s][info][gc,cpu      ] GC(693) User=0.00s Sys=0.00s Real=0.00s
[350.263s][info][gc,marking  ] GC(693) Concurrent Clear Claimed Marks
[350.263s][info][gc,marking  ] GC(693) Concurrent Clear Claimed Marks 0.039ms
[350.263s][info][gc,marking  ] GC(693) Concurrent Cleanup for Next Mark
[350.266s][info][gc,marking  ] GC(693) Concurrent Cleanup for Next Mark 2.718ms
[350.266s][info][gc          ] GC(693) Concurrent Mark Cycle 135.630ms
[350.912s][info][gc,start    ] GC(694) Pause Young (Prepare Mixed) (G1 Evacuation Pause)
[350.912s][info][gc,task     ] GC(694) Using 2 workers of 2 for evacuation
[350.925s][info][gc,phases   ] GC(694)   Pre Evacuate Collection Set: 0.19ms
[350.925s][info][gc,phases   ] GC(694)   Merge Heap Roots: 0.12ms
[350.925s][info][gc,phases   ] GC(694)   Evacuate Collection Set: 12.40ms
[350.925s][info][gc,phases   ] GC(694)   Post Evacuate Collection Set: 0.44ms
[350.925s][info][gc,phases   ] GC(694)   Other: 0.11ms
[350.925s][info][gc,heap     ] GC(694) Eden regions: 141->0(167)
[350.925s][info][gc,heap     ] GC(694) Survivor regions: 6->11(19)
[350.925s][info][gc,heap     ] GC(694) Old regions: 127->127
[350.925s][info][gc,heap     ] GC(694) Humongous regions: 11->3
[350.925s][info][gc,metaspace] GC(694) Metaspace: 42785K(43264K)->42785K(43264K) NonClass: 38437K(38720K)->38437K(38720K) Class: 4347K(4544K)->4347K(4544K)
[350.925s][info][gc          ] GC(694) Pause Young (Prepare Mixed) (G1 Evacuation Pause) 284M->140M(403M) 13.449ms
[350.925s][info][gc,cpu      ] GC(694) User=0.02s Sys=0.00s Real=0.01s
[351.475s][info][gc,start    ] GC(695) Pause Young (Mixed) (G1 Evacuation Pause)
[351.475s][info][gc,task     ] GC(695) Using 2 workers of 2 for evacuation
[351.492s][info][gc,phases   ] GC(695)   Pre Evacuate Collection Set: 0.30ms
[351.493s][info][gc,phases   ] GC(695)   Merge Heap Roots: 0.12ms
[351.493s][info][gc,phases   ] GC(695)   Evacuate Collection Set: 15.96ms
[351.493s][info][gc,phases   ] GC(695)   Post Evacuate Collection Set: 0.53ms
[351.493s][info][gc,phases   ] GC(695)   Other: 0.08ms
[351.493s][info][gc,heap     ] GC(695) Eden regions: 167->0(196)
[351.493s][info][gc,heap     ] GC(695) Survivor regions: 11->17(23)
[351.493s][info][gc,heap     ] GC(695) Old regions: 127->87
[351.493s][info][gc,heap     ] GC(695) Humongous regions: 6->3
[351.493s][info][gc,metaspace] GC(695) Metaspace: 42785K(43264K)->42785K(43264K) NonClass: 38437K(38720K)->38437K(38720K) Class: 4347K(4544K)->4347K(4544K)
[351.493s][info][gc          ] GC(695) Pause Young (Mixed) (G1 Evacuation Pause) 310M->106M(403M) 17.184ms
[351.493s][info][gc,cpu      ] GC(695) User=0.03s Sys=0.00s Real=0.02s
[352.167s][info][gc,start    ] GC(696) Pause Young (Mixed) (G1 Evacuation Pause)
[352.167s][info][gc,task     ] GC(696) Using 2 workers of 2 for evacuation
[352.198s][info][gc,phases   ] GC(696)   Pre Evacuate Collection Set: 0.28ms
[352.198s][info][gc,phases   ] GC(696)   Merge Heap Roots: 0.16ms
[352.198s][info][gc,phases   ] GC(696)   Evacuate Collection Set: 30.53ms
[352.198s][info][gc,phases   ] GC(696)   Post Evacuate Collection Set: 0.55ms
[352.198s][info][gc,phases   ] GC(696)   Other: 0.07ms
[352.198s][info][gc,heap     ] GC(696) Eden regions: 196->0(191)
[352.198s][info][gc,heap     ] GC(696) Survivor regions: 17->27(27)
[352.198s][info][gc,heap     ] GC(696) Old regions: 87->83
[352.198s][info][gc,heap     ] GC(696) Humongous regions: 4->3
[352.198s][info][gc,metaspace] GC(696) Metaspace: 42785K(43264K)->42785K(43264K) NonClass: 38438K(38720K)->38438K(38720K) Class: 4347K(4544K)->4347K(4544K)
[352.198s][info][gc          ] GC(696) Pause Young (Mixed) (G1 Evacuation Pause) 303M->112M(403M) 31.824ms
[352.198s][info][gc,cpu      ] GC(696) User=0.06s Sys=0.00s Real=0.03s
[352.235s][info][gc,start    ] GC(697) Pause Young (Concurrent Start) (G1 Humongous Allocation)
[352.235s][info][gc,task     ] GC(697) Using 2 workers of 2 for evacuation
[352.257s][info][gc,phases   ] GC(697)   Pre Evacuate Collection Set: 0.21ms
[352.258s][info][gc,phases   ] GC(697)   Merge Heap Roots: 0.09ms
[352.258s][info][gc,phases   ] GC(697)   Evacuate Collection Set: 21.87ms
[352.258s][info][gc,phases   ] GC(697)   Post Evacuate Collection Set: 0.34ms
[352.258s][info][gc,phases   ] GC(697)   Other: 0.11ms
[352.258s][info][gc,heap     ] GC(697) Eden regions: 10->0(145)
[352.258s][info][gc,heap     ] GC(697) Survivor regions: 27->6(28)
[352.258s][info][gc,heap     ] GC(697) Old regions: 83->110
[352.258s][info][gc,heap     ] GC(697) Humongous regions: 3->3
[352.258s][info][gc,metaspace] GC(697) Metaspace: 42785K(43264K)->42785K(43264K) NonClass: 38438K(38720K)->38438K(38720K) Class: 4347K(4544K)->4347K(4544K)
[352.258s][info][gc          ] GC(697) Pause Young (Concurrent Start) (G1 Humongous Allocation) 122M->118M(403M) 22.835ms
[352.258s][info][gc,cpu      ] GC(697) User=0.05s Sys=0.00s Real=0.02s
[352.258s][info][gc          ] GC(698) Concurrent Mark Cycle
[352.258s][info][gc,marking  ] GC(698) Concurrent Scan Root Regions
[352.273s][info][gc,marking  ] GC(698) Concurrent Scan Root Regions 15.435ms
[352.273s][info][gc,marking  ] GC(698) Concurrent Mark
[352.273s][info][gc,marking  ] GC(698) Concurrent Mark From Roots
[352.273s][info][gc,task     ] GC(698) Using 1 workers of 1 for marking
[352.350s][info][gc,marking  ] GC(698) Concurrent Mark From Roots 76.540ms
[352.350s][info][gc,marking  ] GC(698) Concurrent Preclean
[352.350s][info][gc,marking  ] GC(698) Concurrent Preclean 0.039ms
[352.350s][info][gc,start    ] GC(698) Pause Remark
[352.367s][info][gc          ] GC(698) Pause Remark 139M->135M(387M) 16.823ms
[352.367s][info][gc,cpu      ] GC(698) User=0.03s Sys=0.00s Real=0.01s
[352.367s][info][gc,marking  ] GC(698) Concurrent Mark 93.737ms
[352.367s][info][gc,marking  ] GC(698) Concurrent Rebuild Remembered Sets and Scrub Regions
[352.415s][info][gc,marking  ] GC(698) Concurrent Rebuild Remembered Sets and Scrub Regions 47.789ms
[352.415s][info][gc,start    ] GC(698) Pause Cleanup
[352.415s][info][gc          ] GC(698) Pause Cleanup 148M->148M(387M) 0.054ms
[352.415s][info][gc,cpu      ] GC(698) User=0.00s Sys=0.00s Real=0.00s
[352.415s][info][gc,marking  ] GC(698) Concurrent Clear Claimed Marks
[352.415s][info][gc,marking  ] GC(698) Concurrent Clear Claimed Marks 0.054ms
[352.415s][info][gc,marking  ] GC(698) Concurrent Cleanup for Next Mark
[352.416s][info][gc,marking  ] GC(698) Concurrent Cleanup for Next Mark 1.126ms
[352.416s][info][gc          ] GC(698) Concurrent Mark Cycle 158.601ms
[352.800s][info][gc,start    ] GC(699) Pause Young (Prepare Mixed) (G1 Evacuation Pause)
[352.800s][info][gc,task     ] GC(699) Using 2 workers of 2 for evacuation
[352.840s][info][gc,phases   ] GC(699)   Pre Evacuate Collection Set: 0.22ms
[352.840s][info][gc,phases   ] GC(699)   Merge Heap Roots: 0.22ms
[352.840s][info][gc,phases   ] GC(699)   Evacuate Collection Set: 39.21ms
[352.840s][info][gc,phases   ] GC(699)   Post Evacuate Collection Set: 0.51ms
[352.840s][info][gc,phases   ] GC(699)   Other: 0.07ms
[352.840s][info][gc,heap     ] GC(699) Eden regions: 145->0(109)
[352.840s][info][gc,heap     ] GC(699) Survivor regions: 6->19(19)
[352.840s][info][gc,heap     ] GC(699) Old regions: 106->142
[352.840s][info][gc,heap     ] GC(699) Humongous regions: 5->4
[352.840s][info][gc,metaspace] GC(699) Metaspace: 42785K(43264K)->42785K(43264K) NonClass: 38438K(38720K)->38438K(38720K) Class: 4347K(4544K)->4347K(4544K)
[352.840s][info][gc          ] GC(699) Pause Young (Prepare Mixed) (G1 Evacuation Pause) 261M->164M(387M) 40.456ms
[352.840s][info][gc,cpu      ] GC(699) User=0.08s Sys=0.01s Real=0.04s
[353.236s][info][gc,start    ] GC(700) Pause Young (Mixed) (G1 Evacuation Pause)
[353.236s][info][gc,task     ] GC(700) Using 2 workers of 2 for evacuation
[353.298s][info][gc,phases   ] GC(700)   Pre Evacuate Collection Set: 0.21ms
[353.298s][info][gc,phases   ] GC(700)   Merge Heap Roots: 0.29ms
[353.298s][info][gc,phases   ] GC(700)   Evacuate Collection Set: 60.66ms
[353.298s][info][gc,phases   ] GC(700)   Post Evacuate Collection Set: 0.50ms
[353.298s][info][gc,phases   ] GC(700)   Other: 0.08ms
[353.298s][info][gc,heap     ] GC(700) Eden regions: 109->0(75)
[353.298s][info][gc,heap     ] GC(700) Survivor regions: 19->16(16)
[353.298s][info][gc,heap     ] GC(700) Old regions: 142->185
[353.298s][info][gc,heap     ] GC(700) Humongous regions: 4->4
[353.298s][info][gc,metaspace] GC(700) Metaspace: 42785K(43264K)->42785K(43264K) NonClass: 38438K(38720K)->38438K(38720K) Class: 4347K(4544K)->4347K(4544K)
[353.298s][info][gc          ] GC(700) Pause Young (Mixed) (G1 Evacuation Pause) 273M->204M(387M) 61.983ms
[353.298s][info][gc,cpu      ] GC(700) User=0.12s Sys=0.00s Real=0.06s
[353.599s][info][gc,start    ] GC(701) Pause Young (Concurrent Start) (G1 Evacuation Pause)
[353.599s][info][gc,task     ] GC(701) Using 2 workers of 2 for evacuation
[353.649s][info][gc,phases   ] GC(701)   Pre Evacuate Collection Set: 0.23ms
[353.649s][info][gc,phases   ] GC(701)   Merge Heap Roots: 0.35ms
[353.649s][info][gc,phases   ] GC(701)   Evacuate Collection Set: 49.21ms
[353.649s][info][gc,phases   ] GC(701)   Post Evacuate Collection Set: 0.42ms
[353.649s][info][gc,phases   ] GC(701)   Other: 0.10ms
[353.649s][info][gc,heap     ] GC(701) Eden regions: 75->0(56)
[353.649s][info][gc,heap     ] GC(701) Survivor regions: 16->12(12)
[353.649s][info][gc,heap     ] GC(701) Old regions: 185->229
[353.649s][info][gc,heap     ] GC(701) Humongous regions: 4->4
[353.649s][info][gc,metaspace] GC(701) Metaspace: 42785K(43264K)->42785K(43264K) NonClass: 38438K(38720K)->38438K(38720K) Class: 4347K(4544K)->4347K(4544K)
[353.649s][info][gc          ] GC(701) Pause Young (Concurrent Start) (G1 Evacuation Pause) 279M->244M(387M) 50.537ms
[353.649s][info][gc          ] GC(702) Concurrent Mark Cycle
[353.649s][info][gc,marking  ] GC(702) Concurrent Scan Root Regions
[353.650s][info][gc,cpu      ] GC(701) User=0.10s Sys=0.00s Real=0.06s
[353.676s][info][gc,marking  ] GC(702) Concurrent Scan Root Regions 26.373ms
[353.676s][info][gc,marking  ] GC(702) Concurrent Mark
[353.676s][info][gc,marking  ] GC(702) Concurrent Mark From Roots
[353.676s][info][gc,task     ] GC(702) Using 1 workers of 1 for marking
[353.791s][info][gc,marking  ] GC(702) Concurrent Mark From Roots 115.113ms
[353.791s][info][gc,marking  ] GC(702) Concurrent Preclean
[353.791s][info][gc,marking  ] GC(702) Concurrent Preclean 0.046ms
[353.791s][info][gc,start    ] GC(702) Pause Remark
[353.808s][info][gc          ] GC(702) Pause Remark 273M->268M(402M) 16.883ms
[353.808s][info][gc,cpu      ] GC(702) User=0.04s Sys=0.00s Real=0.01s
[353.810s][info][gc,marking  ] GC(702) Concurrent Mark 134.502ms
[353.810s][info][gc,marking  ] GC(702) Concurrent Rebuild Remembered Sets and Scrub Regions
[353.897s][info][gc,marking  ] GC(702) Concurrent Rebuild Remembered Sets and Scrub Regions 86.829ms
[353.897s][info][gc,start    ] GC(702) Pause Cleanup
[353.897s][info][gc          ] GC(702) Pause Cleanup 285M->285M(402M) 0.095ms
[353.897s][info][gc,cpu      ] GC(702) User=0.00s Sys=0.00s Real=0.00s
[353.897s][info][gc,marking  ] GC(702) Concurrent Clear Claimed Marks
[353.897s][info][gc,marking  ] GC(702) Concurrent Clear Claimed Marks 0.041ms
[353.897s][info][gc,marking  ] GC(702) Concurrent Cleanup for Next Mark
[353.899s][info][gc,marking  ] GC(702) Concurrent Cleanup for Next Mark 1.376ms
[353.899s][info][gc          ] GC(702) Concurrent Mark Cycle 249.562ms
[353.939s][info][gc,start    ] GC(703) Pause Young (Prepare Mixed) (G1 Evacuation Pause)
[353.939s][info][gc,task     ] GC(703) Using 2 workers of 2 for evacuation
[353.975s][info][gc,phases   ] GC(703)   Pre Evacuate Collection Set: 0.25ms
[353.975s][info][gc,phases   ] GC(703)   Merge Heap Roots: 0.57ms
[353.975s][info][gc,phases   ] GC(703)   Evacuate Collection Set: 34.98ms
[353.975s][info][gc,phases   ] GC(703)   Post Evacuate Collection Set: 0.44ms
[353.975s][info][gc,phases   ] GC(703)   Other: 0.07ms
[353.975s][info][gc,heap     ] GC(703) Eden regions: 56->0(50)
[353.975s][info][gc,heap     ] GC(703) Survivor regions: 12->9(9)
[353.975s][info][gc,heap     ] GC(703) Old regions: 225->261
[353.975s][info][gc,heap     ] GC(703) Humongous regions: 4->4
[353.975s][info][gc,metaspace] GC(703) Metaspace: 42785K(43264K)->42785K(43264K) NonClass: 38438K(38720K)->38438K(38720K) Class: 4347K(4544K)->4347K(4544K)
[353.975s][info][gc          ] GC(703) Pause Young (Prepare Mixed) (G1 Evacuation Pause) 296M->273M(402M) 36.517ms
[353.975s][info][gc,cpu      ] GC(703) User=0.07s Sys=0.00s Real=0.04s
[354.151s][info][gc,start    ] GC(704) Pause Young (Mixed) (G1 Evacuation Pause)
[354.151s][info][gc,task     ] GC(704) Using 2 workers of 2 for evacuation
[354.177s][info][gc,phases   ] GC(704)   Pre Evacuate Collection Set: 0.31ms
[354.177s][info][gc,phases   ] GC(704)   Merge Heap Roots: 0.24ms
[354.177s][info][gc,phases   ] GC(704)   Evacuate Collection Set: 24.87ms
[354.177s][info][gc,phases   ] GC(704)   Post Evacuate Collection Set: 0.41ms
[354.177s][info][gc,phases   ] GC(704)   Other: 0.09ms
[354.177s][info][gc,heap     ] GC(704) Eden regions: 50->0(62)
[354.177s][info][gc,heap     ] GC(704) Survivor regions: 9->8(8)
[354.177s][info][gc,heap     ] GC(704) Old regions: 261->238
[354.177s][info][gc,heap     ] GC(704) Humongous regions: 4->4
[354.177s][info][gc,metaspace] GC(704) Metaspace: 42785K(43264K)->42785K(43264K) NonClass: 38438K(38720K)->38438K(38720K) Class: 4347K(4544K)->4347K(4544K)
[354.177s][info][gc          ] GC(704) Pause Young (Mixed) (G1 Evacuation Pause) 323M->249M(402M) 26.157ms
[354.177s][info][gc,cpu      ] GC(704) User=0.05s Sys=0.00s Real=0.02s
[354.393s][info][gc,start    ] GC(705) Pause Young (Mixed) (G1 Evacuation Pause)
[354.393s][info][gc,task     ] GC(705) Using 2 workers of 2 for evacuation
[354.431s][info][gc,phases   ] GC(705)   Pre Evacuate Collection Set: 0.28ms
[354.431s][info][gc,phases   ] GC(705)   Merge Heap Roots: 0.30ms
[354.431s][info][gc,phases   ] GC(705)   Evacuate Collection Set: 35.89ms
[354.431s][info][gc,phases   ] GC(705)   Post Evacuate Collection Set: 1.47ms
[354.431s][info][gc,phases   ] GC(705)   Other: 0.11ms
[354.431s][info][gc,heap     ] GC(705) Eden regions: 62->0(126)
[354.431s][info][gc,heap     ] GC(705) Survivor regions: 8->9(9)
[354.431s][info][gc,heap     ] GC(705) Old regions: 238->233
[354.431s][info][gc,heap     ] GC(705) Humongous regions: 4->4
[354.431s][info][gc,metaspace] GC(705) Metaspace: 42785K(43264K)->42785K(43264K) NonClass: 38438K(38720K)->38438K(38720K) Class: 4347K(4544K)->4347K(4544K)
[354.431s][info][gc          ] GC(705) Pause Young (Mixed) (G1 Evacuation Pause) 311M->245M(538M) 38.273ms
[354.431s][info][gc,cpu      ] GC(705) User=0.07s Sys=0.00s Real=0.04s
[354.999s][info][gc,start    ] GC(706) Pause Young (Mixed) (G1 Evacuation Pause)
[354.999s][info][gc,task     ] GC(706) Using 2 workers of 2 for evacuation
[355.067s][info][gc,phases   ] GC(706)   Pre Evacuate Collection Set: 0.29ms
[355.067s][info][gc,phases   ] GC(706)   Merge Heap Roots: 0.38ms
[355.067s][info][gc,phases   ] GC(706)   Evacuate Collection Set: 67.23ms
[355.067s][info][gc,phases   ] GC(706)   Post Evacuate Collection Set: 0.53ms
[355.067s][info][gc,phases   ] GC(706)   Other: 0.08ms
[355.067s][info][gc,heap     ] GC(706) Eden regions: 126->0(102)
[355.067s][info][gc,heap     ] GC(706) Survivor regions: 9->17(17)
[355.067s][info][gc,heap     ] GC(706) Old regions: 233->272
[355.067s][info][gc,heap     ] GC(706) Humongous regions: 5->5
[355.067s][info][gc,metaspace] GC(706) Metaspace: 42785K(43264K)->42785K(43264K) NonClass: 38438K(38720K)->38438K(38720K) Class: 4347K(4544K)->4347K(4544K)
[355.067s][info][gc          ] GC(706) Pause Young (Mixed) (G1 Evacuation Pause) 372M->293M(538M) 68.757ms
[355.067s][info][gc,cpu      ] GC(706) User=0.13s Sys=0.00s Real=0.07s
[355.403s][info][gc,start    ] GC(707) Pause Young (Concurrent Start) (G1 Humongous Allocation)
[355.403s][info][gc,task     ] GC(707) Using 2 workers of 2 for evacuation
[355.459s][info][gc,phases   ] GC(707)   Pre Evacuate Collection Set: 0.27ms
[355.459s][info][gc,phases   ] GC(707)   Merge Heap Roots: 0.27ms
[355.459s][info][gc,phases   ] GC(707)   Evacuate Collection Set: 54.53ms
[355.459s][info][gc,phases   ] GC(707)   Post Evacuate Collection Set: 0.44ms
[355.459s][info][gc,phases   ] GC(707)   Other: 0.11ms
[355.459s][info][gc,heap     ] GC(707) Eden regions: 89->0(76)
[355.459s][info][gc,heap     ] GC(707) Survivor regions: 17->15(15)
[355.459s][info][gc,heap     ] GC(707) Old regions: 272->330
[355.459s][info][gc,heap     ] GC(707) Humongous regions: 5->5
[355.459s][info][gc,metaspace] GC(707) Metaspace: 42785K(43264K)->42785K(43264K) NonClass: 38438K(38720K)->38438K(38720K) Class: 4347K(4544K)->4347K(4544K)
[355.459s][info][gc          ] GC(707) Pause Young (Concurrent Start) (G1 Humongous Allocation) 381M->349M(538M) 55.847ms
[355.459s][info][gc          ] GC(708) Concurrent Mark Cycle
[355.459s][info][gc,marking  ] GC(708) Concurrent Scan Root Regions
[355.459s][info][gc,cpu      ] GC(707) User=0.11s Sys=0.00s Real=0.06s
[355.490s][info][gc,marking  ] GC(708) Concurrent Scan Root Regions 30.706ms
[355.490s][info][gc,marking  ] GC(708) Concurrent Mark
[355.490s][info][gc,marking  ] GC(708) Concurrent Mark From Roots
[355.490s][info][gc,task     ] GC(708) Using 1 workers of 1 for marking
[355.617s][info][gc,marking  ] GC(708) Concurrent Mark From Roots 126.936ms
[355.617s][info][gc,marking  ] GC(708) Concurrent Preclean
[355.617s][info][gc,marking  ] GC(708) Concurrent Preclean 0.058ms
[355.617s][info][gc,start    ] GC(708) Pause Remark
[355.634s][info][gc          ] GC(708) Pause Remark 385M->286M(538M) 16.710ms
[355.634s][info][gc,cpu      ] GC(708) User=0.03s Sys=0.00s Real=0.02s
[355.634s][info][gc,marking  ] GC(708) Concurrent Mark 144.029ms
[355.634s][info][gc,marking  ] GC(708) Concurrent Rebuild Remembered Sets and Scrub Regions
[355.727s][info][gc,marking  ] GC(708) Concurrent Rebuild Remembered Sets and Scrub Regions 92.525ms
[355.727s][info][gc,start    ] GC(708) Pause Cleanup
[355.727s][info][gc          ] GC(708) Pause Cleanup 307M->307M(538M) 0.083ms
[355.727s][info][gc,cpu      ] GC(708) User=0.00s Sys=0.00s Real=0.00s
[355.727s][info][gc,marking  ] GC(708) Concurrent Clear Claimed Marks
[355.727s][info][gc,marking  ] GC(708) Concurrent Clear Claimed Marks 0.042ms
[355.727s][info][gc,marking  ] GC(708) Concurrent Cleanup for Next Mark
[355.730s][info][gc,marking  ] GC(708) Concurrent Cleanup for Next Mark 3.042ms
[355.730s][info][gc          ] GC(708) Concurrent Mark Cycle 270.688ms
[355.809s][info][gc,start    ] GC(709) Pause Young (Prepare Mixed) (G1 Evacuation Pause)
[355.809s][info][gc,task     ] GC(709) Using 2 workers of 2 for evacuation
[355.859s][info][gc,phases   ] GC(709)   Pre Evacuate Collection Set: 0.30ms
[355.859s][info][gc,phases   ] GC(709)   Merge Heap Roots: 0.78ms
[355.859s][info][gc,phases   ] GC(709)   Evacuate Collection Set: 48.08ms
[355.859s][info][gc,phases   ] GC(709)   Post Evacuate Collection Set: 0.44ms
[355.859s][info][gc,phases   ] GC(709)   Other: 0.07ms
[355.859s][info][gc,heap     ] GC(709) Eden regions: 76->0(97)
[355.859s][info][gc,heap     ] GC(709) Survivor regions: 15->12(12)
[355.859s][info][gc,heap     ] GC(709) Old regions: 232->282
[355.859s][info][gc,heap     ] GC(709) Humongous regions: 5->5
[355.859s][info][gc,metaspace] GC(709) Metaspace: 42785K(43264K)->42785K(43264K) NonClass: 38438K(38720K)->38438K(38720K) Class: 4347K(4544K)->4347K(4544K)
[355.859s][info][gc          ] GC(709) Pause Young (Prepare Mixed) (G1 Evacuation Pause) 327M->298M(538M) 49.884ms
[355.859s][info][gc,cpu      ] GC(709) User=0.09s Sys=0.00s Real=0.05s
[356.234s][info][gc,start    ] GC(710) Pause Young (Mixed) (G1 Evacuation Pause)
[356.234s][info][gc,task     ] GC(710) Using 2 workers of 2 for evacuation
[356.291s][info][gc,phases   ] GC(710)   Pre Evacuate Collection Set: 0.26ms
[356.291s][info][gc,phases   ] GC(710)   Merge Heap Roots: 0.32ms
[356.291s][info][gc,phases   ] GC(710)   Evacuate Collection Set: 55.97ms
[356.291s][info][gc,phases   ] GC(710)   Post Evacuate Collection Set: 0.56ms
[356.291s][info][gc,phases   ] GC(710)   Other: 0.11ms
[356.291s][info][gc,heap     ] GC(710) Eden regions: 97->0(93)
[356.291s][info][gc,heap     ] GC(710) Survivor regions: 12->14(14)
[356.291s][info][gc,heap     ] GC(710) Old regions: 282->286
[356.291s][info][gc,heap     ] GC(710) Humongous regions: 6->6
[356.291s][info][gc,metaspace] GC(710) Metaspace: 42785K(43264K)->42785K(43264K) NonClass: 38438K(38720K)->38438K(38720K) Class: 4347K(4544K)->4347K(4544K)
[356.291s][info][gc          ] GC(710) Pause Young (Mixed) (G1 Evacuation Pause) 396M->305M(538M) 57.450ms
[356.291s][info][gc,cpu      ] GC(710) User=0.12s Sys=0.00s Real=0.06s
[356.632s][info][gc,start    ] GC(711) Pause Young (Mixed) (G1 Evacuation Pause)
[356.632s][info][gc,task     ] GC(711) Using 2 workers of 2 for evacuation
[356.687s][info][gc,phases   ] GC(711)   Pre Evacuate Collection Set: 0.25ms
[356.687s][info][gc,phases   ] GC(711)   Merge Heap Roots: 0.59ms
[356.687s][info][gc,phases   ] GC(711)   Evacuate Collection Set: 52.12ms
[356.687s][info][gc,phases   ] GC(711)   Post Evacuate Collection Set: 1.08ms
[356.687s][info][gc,phases   ] GC(711)   Other: 0.08ms
[356.687s][info][gc,heap     ] GC(711) Eden regions: 93->0(118)
[356.687s][info][gc,heap     ] GC(711) Survivor regions: 14->14(14)
[356.687s][info][gc,heap     ] GC(711) Old regions: 286->322
[356.687s][info][gc,heap     ] GC(711) Humongous regions: 7->7
[356.687s][info][gc,metaspace] GC(711) Metaspace: 42785K(43264K)->42785K(43264K) NonClass: 38438K(38720K)->38438K(38720K) Class: 4347K(4544K)->4347K(4544K)
[356.687s][info][gc          ] GC(711) Pause Young (Mixed) (G1 Evacuation Pause) 399M->342M(626M) 54.323ms
[356.687s][info][gc,cpu      ] GC(711) User=0.10s Sys=0.01s Real=0.05s
[357.199s][info][gc,start    ] GC(712) Pause Young (Concurrent Start) (G1 Evacuation Pause)
[357.199s][info][gc,task     ] GC(712) Using 2 workers of 2 for evacuation
[357.214s][info][gc,phases   ] GC(712)   Pre Evacuate Collection Set: 0.29ms
[357.215s][info][gc,phases   ] GC(712)   Merge Heap Roots: 0.14ms
[357.215s][info][gc,phases   ] GC(712)   Evacuate Collection Set: 14.65ms
[357.215s][info][gc,phases   ] GC(712)   Post Evacuate Collection Set: 0.41ms
[357.215s][info][gc,phases   ] GC(712)   Other: 0.11ms
[357.215s][info][gc,heap     ] GC(712) Eden regions: 118->0(127)
[357.215s][info][gc,heap     ] GC(712) Survivor regions: 14->9(17)
[357.215s][info][gc,heap     ] GC(712) Old regions: 322->333
[357.215s][info][gc,heap     ] GC(712) Humongous regions: 7->7
[357.215s][info][gc,metaspace] GC(712) Metaspace: 42785K(43264K)->42785K(43264K) NonClass: 38438K(38720K)->38438K(38720K) Class: 4347K(4544K)->4347K(4544K)
[357.215s][info][gc          ] GC(712) Pause Young (Concurrent Start) (G1 Evacuation Pause) 460M->348M(626M) 15.829ms
[357.215s][info][gc          ] GC(713) Concurrent Mark Cycle
[357.215s][info][gc,marking  ] GC(713) Concurrent Scan Root Regions
[357.216s][info][gc,cpu      ] GC(712) User=0.03s Sys=0.00s Real=0.02s
[357.223s][info][gc,marking  ] GC(713) Concurrent Scan Root Regions 8.655ms
[357.223s][info][gc,marking  ] GC(713) Concurrent Mark
[357.223s][info][gc,marking  ] GC(713) Concurrent Mark From Roots
[357.223s][info][gc,task     ] GC(713) Using 1 workers of 1 for marking
[357.350s][info][gc,marking  ] GC(713) Concurrent Mark From Roots 126.309ms
[357.350s][info][gc,marking  ] GC(713) Concurrent Preclean
[357.350s][info][gc,marking  ] GC(713) Concurrent Preclean 0.045ms
[357.350s][info][gc,start    ] GC(713) Pause Remark
[357.367s][info][gc          ] GC(713) Pause Remark 381M->305M(626M) 17.328ms
[357.367s][info][gc,cpu      ] GC(713) User=0.03s Sys=0.00s Real=0.01s
[357.367s][info][gc,marking  ] GC(713) Concurrent Mark 144.044ms
[357.367s][info][gc,marking  ] GC(713) Concurrent Rebuild Remembered Sets and Scrub Regions
[357.435s][info][gc,marking  ] GC(713) Concurrent Rebuild Remembered Sets and Scrub Regions 67.653ms
[357.435s][info][gc,start    ] GC(713) Pause Cleanup
[357.435s][info][gc          ] GC(713) Pause Cleanup 321M->321M(626M) 0.131ms
[357.435s][info][gc,cpu      ] GC(713) User=0.00s Sys=0.00s Real=0.00s
[357.435s][info][gc,marking  ] GC(713) Concurrent Clear Claimed Marks
[357.435s][info][gc,marking  ] GC(713) Concurrent Clear Claimed Marks 0.043ms
[357.435s][info][gc,marking  ] GC(713) Concurrent Cleanup for Next Mark
[357.438s][info][gc,marking  ] GC(713) Concurrent Cleanup for Next Mark 2.938ms
[357.438s][info][gc          ] GC(713) Concurrent Mark Cycle 223.821ms
[357.742s][info][gc,start    ] GC(714) Pause Young (Prepare Mixed) (G1 Evacuation Pause)
[357.742s][info][gc,task     ] GC(714) Using 2 workers of 2 for evacuation
[357.761s][info][gc,phases   ] GC(714)   Pre Evacuate Collection Set: 0.23ms
[357.761s][info][gc,phases   ] GC(714)   Merge Heap Roots: 0.12ms
[357.761s][info][gc,phases   ] GC(714)   Evacuate Collection Set: 18.04ms
[357.761s][info][gc,phases   ] GC(714)   Post Evacuate Collection Set: 0.44ms
[357.761s][info][gc,phases   ] GC(714)   Other: 0.11ms
[357.761s][info][gc,heap     ] GC(714) Eden regions: 127->0(166)
[357.761s][info][gc,heap     ] GC(714) Survivor regions: 9->17(17)
[357.761s][info][gc,heap     ] GC(714) Old regions: 259->267
[357.761s][info][gc,heap     ] GC(714) Humongous regions: 5->5
[357.761s][info][gc,metaspace] GC(714) Metaspace: 42785K(43264K)->42785K(43264K) NonClass: 38438K(38720K)->38438K(38720K) Class: 4347K(4544K)->4347K(4544K)
[357.761s][info][gc          ] GC(714) Pause Young (Prepare Mixed) (G1 Evacuation Pause) 399M->288M(626M) 19.206ms
[357.761s][info][gc,cpu      ] GC(714) User=0.04s Sys=0.00s Real=0.02s
[358.422s][info][gc,start    ] GC(715) Pause Young (Mixed) (G1 Evacuation Pause)
[358.422s][info][gc,task     ] GC(715) Using 2 workers of 2 for evacuation
[358.460s][info][gc,phases   ] GC(715)   Pre Evacuate Collection Set: 0.30ms
[358.460s][info][gc,phases   ] GC(715)   Merge Heap Roots: 0.19ms
[358.460s][info][gc,phases   ] GC(715)   Evacuate Collection Set: 36.64ms
[358.460s][info][gc,phases   ] GC(715)   Post Evacuate Collection Set: 0.58ms
[358.460s][info][gc,phases   ] GC(715)   Other: 0.09ms
[358.460s][info][gc,heap     ] GC(715) Eden regions: 166->0(187)
[358.460s][info][gc,heap     ] GC(715) Survivor regions: 17->23(23)
[358.460s][info][gc,heap     ] GC(715) Old regions: 267->228
[358.460s][info][gc,heap     ] GC(715) Humongous regions: 7->6
[358.460s][info][gc,metaspace] GC(715) Metaspace: 42785K(43264K)->42785K(43264K) NonClass: 38438K(38720K)->38438K(38720K) Class: 4347K(4544K)->4347K(4544K)
[358.460s][info][gc          ] GC(715) Pause Young (Mixed) (G1 Evacuation Pause) 456M->256M(626M) 38.034ms
[358.460s][info][gc,cpu      ] GC(715) User=0.07s Sys=0.00s Real=0.04s
[359.135s][info][gc,start    ] GC(716) Pause Young (Mixed) (G1 Evacuation Pause)
[359.135s][info][gc,task     ] GC(716) Using 2 workers of 2 for evacuation
[359.170s][info][gc,phases   ] GC(716)   Pre Evacuate Collection Set: 0.38ms
[359.170s][info][gc,phases   ] GC(716)   Merge Heap Roots: 0.54ms
[359.170s][info][gc,phases   ] GC(716)   Evacuate Collection Set: 33.59ms
[359.170s][info][gc,phases   ] GC(716)   Post Evacuate Collection Set: 0.57ms
[359.170s][info][gc,phases   ] GC(716)   Other: 0.10ms
[359.170s][info][gc,heap     ] GC(716) Eden regions: 187->0(232)
[359.170s][info][gc,heap     ] GC(716) Survivor regions: 23->8(27)
[359.170s][info][gc,heap     ] GC(716) Old regions: 228->188
[359.170s][info][gc,heap     ] GC(716) Humongous regions: 8->6
[359.170s][info][gc,metaspace] GC(716) Metaspace: 42785K(43264K)->42785K(43264K) NonClass: 38438K(38720K)->38438K(38720K) Class: 4347K(4544K)->4347K(4544K)
[359.170s][info][gc          ] GC(716) Pause Young (Mixed) (G1 Evacuation Pause) 445M->201M(626M) 35.383ms
[359.170s][info][gc,cpu      ] GC(716) User=0.07s Sys=0.00s Real=0.04s
[360.028s][info][gc,start    ] GC(717) Pause Young (Mixed) (G1 Evacuation Pause)
[360.028s][info][gc,task     ] GC(717) Using 2 workers of 2 for evacuation
[360.060s][info][gc,phases   ] GC(717)   Pre Evacuate Collection Set: 0.23ms
[360.060s][info][gc,phases   ] GC(717)   Merge Heap Roots: 0.25ms
[360.060s][info][gc,phases   ] GC(717)   Evacuate Collection Set: 30.61ms
[360.060s][info][gc,phases   ] GC(717)   Post Evacuate Collection Set: 0.67ms
[360.060s][info][gc,phases   ] GC(717)   Other: 0.08ms
[360.060s][info][gc,heap     ] GC(717) Eden regions: 232->0(225)
[360.060s][info][gc,heap     ] GC(717) Survivor regions: 8->30(30)
[360.060s][info][gc,heap     ] GC(717) Old regions: 188->195
[360.060s][info][gc,heap     ] GC(717) Humongous regions: 8->6
[360.060s][info][gc,metaspace] GC(717) Metaspace: 42785K(43264K)->42785K(43264K) NonClass: 38438K(38720K)->38438K(38720K) Class: 4347K(4544K)->4347K(4544K)
[360.060s][info][gc          ] GC(717) Pause Young (Mixed) (G1 Evacuation Pause) 435M->230M(626M) 32.078ms
[360.060s][info][gc,cpu      ] GC(717) User=0.06s Sys=0.00s Real=0.04s
[360.222s][info][gc,start    ] GC(718) Pause Young (Concurrent Start) (G1 Humongous Allocation)
[360.222s][info][gc,task     ] GC(718) Using 2 workers of 2 for evacuation
[360.239s][info][gc,phases   ] GC(718)   Pre Evacuate Collection Set: 0.25ms
[360.239s][info][gc,phases   ] GC(718)   Merge Heap Roots: 0.09ms
[360.239s][info][gc,phases   ] GC(718)   Evacuate Collection Set: 15.48ms
[360.239s][info][gc,phases   ] GC(718)   Post Evacuate Collection Set: 0.40ms
[360.239s][info][gc,phases   ] GC(718)   Other: 0.16ms
[360.239s][info][gc,heap     ] GC(718) Eden regions: 46->0(246)
[360.239s][info][gc,heap     ] GC(718) Survivor regions: 30->13(32)
[360.239s][info][gc,heap     ] GC(718) Old regions: 195->205
[360.239s][info][gc,heap     ] GC(718) Humongous regions: 6->6
[360.239s][info][gc,metaspace] GC(718) Metaspace: 42785K(43264K)->42785K(43264K) NonClass: 38438K(38720K)->38438K(38720K) Class: 4347K(4544K)->4347K(4544K)
[360.239s][info][gc          ] GC(718) Pause Young (Concurrent Start) (G1 Humongous Allocation) 276M->223M(626M) 16.609ms
[360.239s][info][gc,cpu      ] GC(718) User=0.03s Sys=0.00s Real=0.01s
[360.239s][info][gc          ] GC(719) Concurrent Mark Cycle
[360.239s][info][gc,marking  ] GC(719) Concurrent Scan Root Regions
[360.248s][info][gc,marking  ] GC(719) Concurrent Scan Root Regions 9.219ms
[360.248s][info][gc,marking  ] GC(719) Concurrent Mark
[360.248s][info][gc,marking  ] GC(719) Concurrent Mark From Roots
[360.248s][info][gc,task     ] GC(719) Using 1 workers of 1 for marking
[360.332s][info][gc,marking  ] GC(719) Concurrent Mark From Roots 84.149ms
[360.332s][info][gc,marking  ] GC(719) Concurrent Preclean
[360.333s][info][gc,marking  ] GC(719) Concurrent Preclean 0.061ms
[360.333s][info][gc,start    ] GC(719) Pause Remark
[360.350s][info][gc          ] GC(719) Pause Remark 244M->148M(430M) 16.990ms
[360.350s][info][gc,cpu      ] GC(719) User=0.04s Sys=0.00s Real=0.02s
[360.350s][info][gc,marking  ] GC(719) Concurrent Mark 101.546ms
[360.350s][info][gc,marking  ] GC(719) Concurrent Rebuild Remembered Sets and Scrub Regions
[360.390s][info][gc,marking  ] GC(719) Concurrent Rebuild Remembered Sets and Scrub Regions 40.616ms
[360.391s][info][gc,start    ] GC(719) Pause Cleanup
[360.391s][info][gc          ] GC(719) Pause Cleanup 159M->159M(430M) 0.065ms
[360.391s][info][gc,cpu      ] GC(719) User=0.00s Sys=0.00s Real=0.00s
[360.391s][info][gc,marking  ] GC(719) Concurrent Clear Claimed Marks
[360.391s][info][gc,marking  ] GC(719) Concurrent Clear Claimed Marks 0.042ms
[360.391s][info][gc,marking  ] GC(719) Concurrent Cleanup for Next Mark
[360.392s][info][gc,marking  ] GC(719) Concurrent Cleanup for Next Mark 1.270ms
[360.392s][info][gc          ] GC(719) Concurrent Mark Cycle 153.191ms
[361.101s][info][gc,start    ] GC(720) Pause Young (Prepare Mixed) (G1 Evacuation Pause)
[361.101s][info][gc,task     ] GC(720) Using 2 workers of 2 for evacuation
[361.149s][info][gc,phases   ] GC(720)   Pre Evacuate Collection Set: 0.22ms
[361.149s][info][gc,phases   ] GC(720)   Merge Heap Roots: 0.14ms
[361.149s][info][gc,phases   ] GC(720)   Evacuate Collection Set: 47.31ms
[361.149s][info][gc,phases   ] GC(720)   Post Evacuate Collection Set: 0.58ms
[361.149s][info][gc,phases   ] GC(720)   Other: 0.08ms
[361.149s][info][gc,heap     ] GC(720) Eden regions: 245->0(162)
[361.149s][info][gc,heap     ] GC(720) Survivor regions: 13->33(33)
[361.149s][info][gc,heap     ] GC(720) Old regions: 112->141
[361.149s][info][gc,heap     ] GC(720) Humongous regions: 7->5
[361.149s][info][gc,metaspace] GC(720) Metaspace: 42785K(43264K)->42785K(43264K) NonClass: 38438K(38720K)->38438K(38720K) Class: 4347K(4544K)->4347K(4544K)
[361.149s][info][gc          ] GC(720) Pause Young (Prepare Mixed) (G1 Evacuation Pause) 376M->178M(439M) 48.552ms
[361.149s][info][gc,cpu      ] GC(720) User=0.09s Sys=0.01s Real=0.05s
[361.691s][info][gc,start    ] GC(721) Pause Young (Mixed) (G1 Evacuation Pause)
[361.691s][info][gc,task     ] GC(721) Using 2 workers of 2 for evacuation
[361.719s][info][gc,phases   ] GC(721)   Pre Evacuate Collection Set: 0.21ms
[361.719s][info][gc,phases   ] GC(721)   Merge Heap Roots: 0.25ms
[361.719s][info][gc,phases   ] GC(721)   Evacuate Collection Set: 27.39ms
[361.719s][info][gc,phases   ] GC(721)   Post Evacuate Collection Set: 0.51ms
[361.719s][info][gc,phases   ] GC(721)   Other: 0.08ms
[361.719s][info][gc,heap     ] GC(721) Eden regions: 162->0(186)
[361.719s][info][gc,heap     ] GC(721) Survivor regions: 33->3(25)
[361.719s][info][gc,heap     ] GC(721) Old regions: 141->153
[361.719s][info][gc,heap     ] GC(721) Humongous regions: 5->5
[361.719s][info][gc,metaspace] GC(721) Metaspace: 42785K(43264K)->42785K(43264K) NonClass: 38438K(38720K)->38438K(38720K) Class: 4347K(4544K)->4347K(4544K)
[361.719s][info][gc          ] GC(721) Pause Young (Mixed) (G1 Evacuation Pause) 340M->160M(439M) 28.667ms
[361.719s][info][gc,cpu      ] GC(721) User=0.06s Sys=0.00s Real=0.03s
[361.932s][info][gc,start    ] GC(722) Pause Young (Concurrent Start) (G1 Humongous Allocation)
[361.932s][info][gc,task     ] GC(722) Using 2 workers of 2 for evacuation
[361.935s][info][gc,phases   ] GC(722)   Pre Evacuate Collection Set: 0.28ms
[361.935s][info][gc,phases   ] GC(722)   Merge Heap Roots: 0.07ms
[361.935s][info][gc,phases   ] GC(722)   Evacuate Collection Set: 2.53ms
[361.935s][info][gc,phases   ] GC(722)   Post Evacuate Collection Set: 0.34ms
[361.935s][info][gc,phases   ] GC(722)   Other: 0.09ms
[361.935s][info][gc,heap     ] GC(722) Eden regions: 64->0(198)
[361.935s][info][gc,heap     ] GC(722) Survivor regions: 3->3(24)
[361.935s][info][gc,heap     ] GC(722) Old regions: 153->153
[361.935s][info][gc,heap     ] GC(722) Humongous regions: 5->5
[361.935s][info][gc,metaspace] GC(722) Metaspace: 42785K(43264K)->42785K(43264K) NonClass: 38438K(38720K)->38438K(38720K) Class: 4347K(4544K)->4347K(4544K)
[361.935s][info][gc          ] GC(722) Pause Young (Concurrent Start) (G1 Humongous Allocation) 224M->160M(439M) 3.534ms
[361.935s][info][gc,cpu      ] GC(722) User=0.00s Sys=0.00s Real=0.00s
[361.935s][info][gc          ] GC(723) Concurrent Mark Cycle
[361.935s][info][gc,marking  ] GC(723) Concurrent Scan Root Regions
[361.937s][info][gc,marking  ] GC(723) Concurrent Scan Root Regions 1.711ms
[361.937s][info][gc,marking  ] GC(723) Concurrent Mark
[361.937s][info][gc,marking  ] GC(723) Concurrent Mark From Roots
[361.937s][info][gc,task     ] GC(723) Using 1 workers of 1 for marking
[362.018s][info][gc,marking  ] GC(723) Concurrent Mark From Roots 81.199ms
[362.018s][info][gc,marking  ] GC(723) Concurrent Preclean
[362.018s][info][gc,marking  ] GC(723) Concurrent Preclean 0.061ms
[362.018s][info][gc,start    ] GC(723) Pause Remark
[362.035s][info][gc          ] GC(723) Pause Remark 184M->128M(354M) 17.059ms
[362.036s][info][gc,cpu      ] GC(723) User=0.03s Sys=0.00s Real=0.02s
[362.036s][info][gc,marking  ] GC(723) Concurrent Mark 98.648ms
[362.036s][info][gc,marking  ] GC(723) Concurrent Rebuild Remembered Sets and Scrub Regions
[362.069s][info][gc,marking  ] GC(723) Concurrent Rebuild Remembered Sets and Scrub Regions 33.272ms
[362.069s][info][gc,start    ] GC(723) Pause Cleanup
[362.069s][info][gc          ] GC(723) Pause Cleanup 137M->137M(354M) 0.065ms
[362.069s][info][gc,cpu      ] GC(723) User=0.00s Sys=0.00s Real=0.00s
[362.069s][info][gc,marking  ] GC(723) Concurrent Clear Claimed Marks
[362.069s][info][gc,marking  ] GC(723) Concurrent Clear Claimed Marks 0.041ms
[362.069s][info][gc,marking  ] GC(723) Concurrent Cleanup for Next Mark
[362.070s][info][gc,marking  ] GC(723) Concurrent Cleanup for Next Mark 1.134ms
[362.070s][info][gc          ] GC(723) Concurrent Mark Cycle 135.238ms
[362.565s][info][gc,start    ] GC(724) Pause Young (Prepare Mixed) (G1 Evacuation Pause)
[362.565s][info][gc,task     ] GC(724) Using 2 workers of 2 for evacuation
[362.570s][info][gc,phases   ] GC(724)   Pre Evacuate Collection Set: 0.21ms
[362.570s][info][gc,phases   ] GC(724)   Merge Heap Roots: 0.09ms
[362.570s][info][gc,phases   ] GC(724)   Evacuate Collection Set: 4.49ms
[362.570s][info][gc,phases   ] GC(724)   Post Evacuate Collection Set: 0.47ms
[362.570s][info][gc,phases   ] GC(724)   Other: 0.09ms
[362.570s][info][gc,heap     ] GC(724) Eden regions: 198->0(187)
[362.570s][info][gc,heap     ] GC(724) Survivor regions: 3->6(26)
[362.570s][info][gc,heap     ] GC(724) Old regions: 99->99
[362.570s][info][gc,heap     ] GC(724) Humongous regions: 4->1
[362.570s][info][gc,metaspace] GC(724) Metaspace: 42785K(43264K)->42785K(43264K) NonClass: 38438K(38720K)->38438K(38720K) Class: 4347K(4544K)->4347K(4544K)
[362.570s][info][gc          ] GC(724) Pause Young (Prepare Mixed) (G1 Evacuation Pause) 303M->104M(354M) 5.554ms
[362.570s][info][gc,cpu      ] GC(724) User=0.01s Sys=0.00s Real=0.01s
[362.930s][info][gc,start    ] GC(725) Pause Young (Mixed) (G1 Evacuation Pause)
[362.930s][info][gc,task     ] GC(725) Using 2 workers of 2 for evacuation
[362.936s][info][gc,phases   ] GC(725)   Pre Evacuate Collection Set: 0.19ms
[362.936s][info][gc,phases   ] GC(725)   Merge Heap Roots: 0.09ms
[362.936s][info][gc,phases   ] GC(725)   Evacuate Collection Set: 4.78ms
[362.936s][info][gc,phases   ] GC(725)   Post Evacuate Collection Set: 0.47ms
[362.936s][info][gc,phases   ] GC(725)   Other: 0.10ms
[362.936s][info][gc,heap     ] GC(725) Eden regions: 187->0(209)
[362.936s][info][gc,heap     ] GC(725) Survivor regions: 6->3(25)
[362.936s][info][gc,heap     ] GC(725) Old regions: 99->70
[362.936s][info][gc,heap     ] GC(725) Humongous regions: 1->1
[362.936s][info][gc,metaspace] GC(725) Metaspace: 42785K(43264K)->42785K(43264K) NonClass: 38438K(38720K)->38438K(38720K) Class: 4347K(4544K)->4347K(4544K)
[362.936s][info][gc          ] GC(725) Pause Young (Mixed) (G1 Evacuation Pause) 291M->73M(354M) 5.883ms
[362.936s][info][gc,cpu      ] GC(725) User=0.01s Sys=0.00s Real=0.00s
[363.256s][info][gc,start    ] GC(726) Pause Young (Concurrent Start) (G1 Humongous Allocation)
[363.256s][info][gc,task     ] GC(726) Using 2 workers of 2 for evacuation
[363.260s][info][gc,phases   ] GC(726)   Pre Evacuate Collection Set: 0.20ms
[363.260s][info][gc,phases   ] GC(726)   Merge Heap Roots: 0.05ms
[363.260s][info][gc,phases   ] GC(726)   Evacuate Collection Set: 2.54ms
[363.260s][info][gc,phases   ] GC(726)   Post Evacuate Collection Set: 0.41ms
[363.260s][info][gc,phases   ] GC(726)   Other: 0.12ms
[363.260s][info][gc,heap     ] GC(726) Eden regions: 171->0(208)
[363.260s][info][gc,heap     ] GC(726) Survivor regions: 3->4(27)
[363.260s][info][gc,heap     ] GC(726) Old regions: 70->70
[363.260s][info][gc,heap     ] GC(726) Humongous regions: 1->1
[363.260s][info][gc,metaspace] GC(726) Metaspace: 42785K(43264K)->42785K(43264K) NonClass: 38438K(38720K)->38438K(38720K) Class: 4347K(4544K)->4347K(4544K)
[363.260s][info][gc          ] GC(726) Pause Young (Concurrent Start) (G1 Humongous Allocation) 244M->74M(354M) 3.521ms
[363.260s][info][gc,cpu      ] GC(726) User=0.00s Sys=0.00s Real=0.01s
[363.260s][info][gc          ] GC(727) Concurrent Mark Cycle
[363.260s][info][gc,marking  ] GC(727) Concurrent Scan Root Regions
[363.262s][info][gc,marking  ] GC(727) Concurrent Scan Root Regions 1.802ms
[363.262s][info][gc,marking  ] GC(727) Concurrent Mark
[363.262s][info][gc,marking  ] GC(727) Concurrent Mark From Roots
[363.262s][info][gc,task     ] GC(727) Using 1 workers of 1 for marking
[363.337s][info][gc,marking  ] GC(727) Concurrent Mark From Roots 74.523ms
[363.337s][info][gc,marking  ] GC(727) Concurrent Preclean
[363.337s][info][gc,marking  ] GC(727) Concurrent Preclean 0.046ms
[363.337s][info][gc,start    ] GC(727) Pause Remark
[363.354s][info][gc          ] GC(727) Pause Remark 93M->87M(256M) 16.672ms
[363.354s][info][gc,cpu      ] GC(727) User=0.04s Sys=0.00s Real=0.02s
[363.354s][info][gc,marking  ] GC(727) Concurrent Mark 91.878ms
[363.354s][info][gc,marking  ] GC(727) Concurrent Rebuild Remembered Sets and Scrub Regions
[363.385s][info][gc,marking  ] GC(727) Concurrent Rebuild Remembered Sets and Scrub Regions 31.200ms
[363.385s][info][gc,start    ] GC(727) Pause Cleanup
[363.386s][info][gc          ] GC(727) Pause Cleanup 91M->91M(256M) 0.046ms
[363.386s][info][gc,cpu      ] GC(727) User=0.00s Sys=0.00s Real=0.00s
[363.386s][info][gc,marking  ] GC(727) Concurrent Clear Claimed Marks
[363.386s][info][gc,marking  ] GC(727) Concurrent Clear Claimed Marks 0.037ms
[363.386s][info][gc,marking  ] GC(727) Concurrent Cleanup for Next Mark
[363.386s][info][gc,marking  ] GC(727) Concurrent Cleanup for Next Mark 0.748ms
[363.386s][info][gc          ] GC(727) Concurrent Mark Cycle 126.385ms
[363.829s][info][gc,start    ] GC(728) Pause Young (Prepare Mixed) (G1 Evacuation Pause)
[363.829s][info][gc,task     ] GC(728) Using 2 workers of 2 for evacuation
[363.841s][info][gc,phases   ] GC(728)   Pre Evacuate Collection Set: 0.29ms
[363.842s][info][gc,phases   ] GC(728)   Merge Heap Roots: 0.08ms
[363.842s][info][gc,phases   ] GC(728)   Evacuate Collection Set: 10.75ms
[363.842s][info][gc,phases   ] GC(728)   Post Evacuate Collection Set: 0.97ms
[363.842s][info][gc,phases   ] GC(728)   Other: 0.10ms
[363.842s][info][gc,heap     ] GC(728) Eden regions: 73->0(208)
[363.842s][info][gc,heap     ] GC(728) Survivor regions: 4->8(25)
[363.842s][info][gc,heap     ] GC(728) Old regions: 64->64
[363.842s][info][gc,heap     ] GC(728) Humongous regions: 211->3
[363.842s][info][gc,metaspace] GC(728) Metaspace: 42785K(43264K)->42785K(43264K) NonClass: 38438K(38720K)->38438K(38720K) Class: 4347K(4544K)->4347K(4544K)
[363.842s][info][gc          ] GC(728) Pause Young (Prepare Mixed) (G1 Evacuation Pause) 350M->74M(360M) 12.423ms
[363.842s][info][gc,cpu      ] GC(728) User=0.02s Sys=0.01s Real=0.01s
[364.402s][info][gc,start    ] GC(729) Pause Young (Mixed) (G1 Evacuation Pause)
[364.403s][info][gc,task     ] GC(729) Using 2 workers of 2 for evacuation
[364.423s][info][gc,phases   ] GC(729)   Pre Evacuate Collection Set: 0.25ms
[364.423s][info][gc,phases   ] GC(729)   Merge Heap Roots: 0.14ms
[364.423s][info][gc,phases   ] GC(729)   Evacuate Collection Set: 18.51ms
[364.423s][info][gc,phases   ] GC(729)   Post Evacuate Collection Set: 1.07ms
[364.423s][info][gc,phases   ] GC(729)   Other: 0.08ms
[364.423s][info][gc,heap     ] GC(729) Eden regions: 53->0(273)
[364.423s][info][gc,heap     ] GC(729) Survivor regions: 8->11(30)
[364.423s][info][gc,heap     ] GC(729) Old regions: 64->57
[364.423s][info][gc,heap     ] GC(729) Humongous regions: 337->3
[364.423s][info][gc,metaspace] GC(729) Metaspace: 42785K(43264K)->42785K(43264K) NonClass: 38438K(38720K)->38438K(38720K) Class: 4347K(4544K)->4347K(4544K)
[364.423s][info][gc          ] GC(729) Pause Young (Mixed) (G1 Evacuation Pause) 461M->70M(474M) 20.258ms
[364.423s][info][gc,cpu      ] GC(729) User=0.04s Sys=0.01s Real=0.02s
[364.425s][info][gc,start    ] GC(730) Pause Young (Concurrent Start) (G1 Humongous Allocation)
[364.425s][info][gc,task     ] GC(730) Using 2 workers of 2 for evacuation
[364.435s][info][gc,phases   ] GC(730)   Pre Evacuate Collection Set: 0.20ms
[364.435s][info][gc,phases   ] GC(730)   Merge Heap Roots: 0.04ms
[364.435s][info][gc,phases   ] GC(730)   Evacuate Collection Set: 9.16ms
[364.435s][info][gc,phases   ] GC(730)   Post Evacuate Collection Set: 0.35ms
[364.435s][info][gc,phases   ] GC(730)   Other: 0.07ms
[364.435s][info][gc,heap     ] GC(730) Eden regions: 1->0(273)
[364.435s][info][gc,heap     ] GC(730) Survivor regions: 11->11(36)
[364.435s][info][gc,heap     ] GC(730) Old regions: 57->57
[364.435s][info][gc,heap     ] GC(730) Humongous regions: 3->1
[364.435s][info][gc,metaspace] GC(730) Metaspace: 42785K(43264K)->42785K(43264K) NonClass: 38438K(38720K)->38438K(38720K) Class: 4347K(4544K)->4347K(4544K)
[364.435s][info][gc          ] GC(730) Pause Young (Concurrent Start) (G1 Humongous Allocation) 71M->68M(474M) 9.986ms
[364.435s][info][gc,cpu      ] GC(730) User=0.02s Sys=0.00s Real=0.01s
[364.435s][info][gc          ] GC(731) Concurrent Mark Cycle
[364.435s][info][gc,marking  ] GC(731) Concurrent Scan Root Regions
[364.444s][info][gc,marking  ] GC(731) Concurrent Scan Root Regions 9.189ms
[364.444s][info][gc,marking  ] GC(731) Concurrent Mark
[364.444s][info][gc,marking  ] GC(731) Concurrent Mark From Roots
[364.444s][info][gc,task     ] GC(731) Using 1 workers of 1 for marking
[364.524s][info][gc,marking  ] GC(731) Concurrent Mark From Roots 80.418ms
[364.524s][info][gc,marking  ] GC(731) Concurrent Preclean
[364.525s][info][gc,marking  ] GC(731) Concurrent Preclean 0.063ms
[364.525s][info][gc,start    ] GC(731) Pause Remark
[364.542s][info][gc          ] GC(731) Pause Remark 131M->131M(410M) 16.990ms
[364.542s][info][gc,cpu      ] GC(731) User=0.03s Sys=0.00s Real=0.02s
[364.544s][info][gc,marking  ] GC(731) Concurrent Mark 100.071ms
[364.544s][info][gc,marking  ] GC(731) Concurrent Rebuild Remembered Sets and Scrub Regions
[364.575s][info][gc,marking  ] GC(731) Concurrent Rebuild Remembered Sets and Scrub Regions 30.425ms
[364.575s][info][gc,start    ] GC(731) Pause Cleanup
[364.575s][info][gc          ] GC(731) Pause Cleanup 151M->151M(410M) 0.057ms
[364.575s][info][gc,cpu      ] GC(731) User=0.00s Sys=0.00s Real=0.00s
[364.575s][info][gc,marking  ] GC(731) Concurrent Clear Claimed Marks
[364.575s][info][gc,marking  ] GC(731) Concurrent Clear Claimed Marks 0.041ms
[364.575s][info][gc,marking  ] GC(731) Concurrent Cleanup for Next Mark
[364.578s][info][gc,marking  ] GC(731) Concurrent Cleanup for Next Mark 2.677ms
[364.578s][info][gc          ] GC(731) Concurrent Mark Cycle 142.848ms
[365.091s][info][gc,start    ] GC(732) Pause Young (Prepare Mixed) (G1 Evacuation Pause)
[365.092s][info][gc,task     ] GC(732) Using 2 workers of 2 for evacuation
[365.119s][info][gc,phases   ] GC(732)   Pre Evacuate Collection Set: 0.26ms
[365.119s][info][gc,phases   ] GC(732)   Merge Heap Roots: 0.08ms
[365.119s][info][gc,phases   ] GC(732)   Evacuate Collection Set: 25.87ms
[365.119s][info][gc,phases   ] GC(732)   Post Evacuate Collection Set: 0.81ms
[365.119s][info][gc,phases   ] GC(732)   Other: 0.08ms
[365.119s][info][gc,heap     ] GC(732) Eden regions: 65->0(288)
[365.119s][info][gc,heap     ] GC(732) Survivor regions: 11->20(37)
[365.119s][info][gc,heap     ] GC(732) Old regions: 57->57
[365.119s][info][gc,heap     ] GC(732) Humongous regions: 361->1
[365.119s][info][gc,metaspace] GC(732) Metaspace: 42785K(43264K)->42785K(43264K) NonClass: 38438K(38720K)->38438K(38720K) Class: 4347K(4544K)->4347K(4544K)
[365.119s][info][gc          ] GC(732) Pause Young (Prepare Mixed) (G1 Evacuation Pause) 493M->77M(514M) 27.313ms
[365.119s][info][gc,cpu      ] GC(732) User=0.04s Sys=0.01s Real=0.02s
[365.832s][info][gc,start    ] GC(733) Pause Young (Mixed) (G1 Evacuation Pause)
[365.832s][info][gc,task     ] GC(733) Using 2 workers of 2 for evacuation
[365.885s][info][gc,phases   ] GC(733)   Pre Evacuate Collection Set: 0.28ms
[365.885s][info][gc,phases   ] GC(733)   Merge Heap Roots: 0.15ms
[365.885s][info][gc,phases   ] GC(733)   Evacuate Collection Set: 50.73ms
[365.885s][info][gc,phases   ] GC(733)   Post Evacuate Collection Set: 1.12ms
[365.885s][info][gc,phases   ] GC(733)   Other: 0.07ms
[365.885s][info][gc,heap     ] GC(733) Eden regions: 84->0(328)
[365.885s][info][gc,heap     ] GC(733) Survivor regions: 20->33(41)
[365.885s][info][gc,heap     ] GC(733) Old regions: 57->54
[365.885s][info][gc,heap     ] GC(733) Humongous regions: 407->3
[365.885s][info][gc,metaspace] GC(733) Metaspace: 42785K(43264K)->42785K(43264K) NonClass: 38438K(38720K)->38438K(38720K) Class: 4347K(4544K)->4347K(4544K)
[365.885s][info][gc          ] GC(733) Pause Young (Mixed) (G1 Evacuation Pause) 567M->88M(603M) 52.573ms
[365.885s][info][gc,cpu      ] GC(733) User=0.08s Sys=0.02s Real=0.05s
[365.917s][info][gc,start    ] GC(734) Pause Young (Concurrent Start) (G1 Humongous Allocation)
[365.917s][info][gc,task     ] GC(734) Using 2 workers of 2 for evacuation
[365.951s][info][gc,phases   ] GC(734)   Pre Evacuate Collection Set: 0.32ms
[365.951s][info][gc,phases   ] GC(734)   Merge Heap Roots: 0.09ms
[365.951s][info][gc,phases   ] GC(734)   Evacuate Collection Set: 32.46ms
[365.951s][info][gc,phases   ] GC(734)   Post Evacuate Collection Set: 0.43ms
[365.951s][info][gc,phases   ] GC(734)   Other: 0.14ms
[365.951s][info][gc,heap     ] GC(734) Eden regions: 4->0(338)
[365.951s][info][gc,heap     ] GC(734) Survivor regions: 33->23(46)
[365.951s][info][gc,heap     ] GC(734) Old regions: 54->64
[365.951s][info][gc,heap     ] GC(734) Humongous regions: 25->1
[365.951s][info][gc,metaspace] GC(734) Metaspace: 42785K(43264K)->42785K(43264K) NonClass: 38438K(38720K)->38438K(38720K) Class: 4347K(4544K)->4347K(4544K)
[365.951s][info][gc          ] GC(734) Pause Young (Concurrent Start) (G1 Humongous Allocation) 114M->86M(603M) 33.644ms
[365.951s][info][gc,cpu      ] GC(734) User=0.07s Sys=0.00s Real=0.04s
[365.951s][info][gc          ] GC(735) Concurrent Undo Cycle
[365.951s][info][gc,marking  ] GC(735) Concurrent Clear Claimed Marks
[365.951s][info][gc,marking  ] GC(735) Concurrent Clear Claimed Marks 0.041ms
[365.951s][info][gc,marking  ] GC(735) Concurrent Cleanup for Next Mark
[365.951s][info][gc,marking  ] GC(735) Concurrent Cleanup for Next Mark 0.229ms
[365.951s][info][gc          ] GC(735) Concurrent Undo Cycle 0.354ms
[365.964s][info][gc,start    ] GC(736) Pause Young (Concurrent Start) (G1 Humongous Allocation)
[365.964s][info][gc,task     ] GC(736) Using 2 workers of 2 for evacuation
[365.988s][info][gc,phases   ] GC(736)   Pre Evacuate Collection Set: 0.25ms
[365.988s][info][gc,phases   ] GC(736)   Merge Heap Roots: 0.07ms
[365.988s][info][gc,phases   ] GC(736)   Evacuate Collection Set: 23.24ms
[365.988s][info][gc,phases   ] GC(736)   Post Evacuate Collection Set: 0.38ms
[365.988s][info][gc,phases   ] GC(736)   Other: 0.11ms
[365.988s][info][gc,heap     ] GC(736) Eden regions: 2->0(331)
[365.988s][info][gc,heap     ] GC(736) Survivor regions: 23->24(46)
[365.988s][info][gc,heap     ] GC(736) Old regions: 64->64
[365.988s][info][gc,heap     ] GC(736) Humongous regions: 3->1
[365.988s][info][gc,metaspace] GC(736) Metaspace: 42785K(43264K)->42785K(43264K) NonClass: 38438K(38720K)->38438K(38720K) Class: 4347K(4544K)->4347K(4544K)
[365.988s][info][gc          ] GC(736) Pause Young (Concurrent Start) (G1 Humongous Allocation) 90M->87M(603M) 24.299ms
[365.988s][info][gc,cpu      ] GC(736) User=0.05s Sys=0.00s Real=0.02s
[365.988s][info][gc          ] GC(737) Concurrent Mark Cycle
[365.988s][info][gc,marking  ] GC(737) Concurrent Scan Root Regions
[366.007s][info][gc,marking  ] GC(737) Concurrent Scan Root Regions 19.011ms
[366.007s][info][gc,marking  ] GC(737) Concurrent Mark
[366.007s][info][gc,marking  ] GC(737) Concurrent Mark From Roots
[366.007s][info][gc,task     ] GC(737) Using 1 workers of 1 for marking
[366.105s][info][gc,marking  ] GC(737) Concurrent Mark From Roots 98.140ms
[366.105s][info][gc,marking  ] GC(737) Concurrent Preclean
[366.106s][info][gc,marking  ] GC(737) Concurrent Preclean 0.167ms
[366.106s][info][gc,start    ] GC(737) Pause Remark
[366.123s][info][gc          ] GC(737) Pause Remark 116M->116M(317M) 16.867ms
[366.123s][info][gc,cpu      ] GC(737) User=0.03s Sys=0.00s Real=0.02s
[366.123s][info][gc,marking  ] GC(737) Concurrent Mark 115.478ms
[366.123s][info][gc,marking  ] GC(737) Concurrent Rebuild Remembered Sets and Scrub Regions
[366.172s][info][gc,marking  ] GC(737) Concurrent Rebuild Remembered Sets and Scrub Regions 49.281ms
[366.172s][info][gc,start    ] GC(737) Pause Cleanup
[366.172s][info][gc          ] GC(737) Pause Cleanup 126M->126M(317M) 0.047ms
[366.172s][info][gc,cpu      ] GC(737) User=0.00s Sys=0.00s Real=0.00s
[366.172s][info][gc,marking  ] GC(737) Concurrent Clear Claimed Marks
[366.172s][info][gc,marking  ] GC(737) Concurrent Clear Claimed Marks 0.041ms
[366.172s][info][gc,marking  ] GC(737) Concurrent Cleanup for Next Mark
[366.174s][info][gc,marking  ] GC(737) Concurrent Cleanup for Next Mark 1.227ms
[366.174s][info][gc          ] GC(737) Concurrent Mark Cycle 185.489ms
[366.590s][info][gc,start    ] GC(738) Pause Young (Prepare Mixed) (G1 Evacuation Pause)
[366.590s][info][gc,task     ] GC(738) Using 2 workers of 2 for evacuation
[366.626s][info][gc,phases   ] GC(738)   Pre Evacuate Collection Set: 0.18ms
[366.626s][info][gc,phases   ] GC(738)   Merge Heap Roots: 0.14ms
[366.626s][info][gc,phases   ] GC(738)   Evacuate Collection Set: 35.06ms
[366.626s][info][gc,phases   ] GC(738)   Post Evacuate Collection Set: 0.57ms
[366.626s][info][gc,phases   ] GC(738)   Other: 0.10ms
[366.626s][info][gc,heap     ] GC(738) Eden regions: 166->0(163)
[366.626s][info][gc,heap     ] GC(738) Survivor regions: 24->9(24)
[366.626s][info][gc,heap     ] GC(738) Old regions: 64->86
[366.626s][info][gc,heap     ] GC(738) Humongous regions: 49->1
[366.626s][info][gc,metaspace] GC(738) Metaspace: 42828K(43328K)->42828K(43328K) NonClass: 38481K(38784K)->38481K(38784K) Class: 4347K(4544K)->4347K(4544K)
[366.626s][info][gc          ] GC(738) Pause Young (Prepare Mixed) (G1 Evacuation Pause) 301M->95M(334M) 36.283ms
[366.626s][info][gc,cpu      ] GC(738) User=0.06s Sys=0.01s Real=0.03s
[367.037s][info][gc,start    ] GC(739) Pause Young (Mixed) (G1 Evacuation Pause)
[367.037s][info][gc,task     ] GC(739) Using 2 workers of 2 for evacuation
[367.057s][info][gc,phases   ] GC(739)   Pre Evacuate Collection Set: 0.26ms
[367.057s][info][gc,phases   ] GC(739)   Merge Heap Roots: 0.29ms
[367.057s][info][gc,phases   ] GC(739)   Evacuate Collection Set: 18.38ms
[367.057s][info][gc,phases   ] GC(739)   Post Evacuate Collection Set: 0.60ms
[367.057s][info][gc,phases   ] GC(739)   Other: 0.11ms
[367.057s][info][gc,heap     ] GC(739) Eden regions: 163->0(173)
[367.057s][info][gc,heap     ] GC(739) Survivor regions: 9->11(22)
[367.057s][info][gc,heap     ] GC(739) Old regions: 86->83
[367.057s][info][gc,heap     ] GC(739) Humongous regions: 3->1
[367.057s][info][gc,metaspace] GC(739) Metaspace: 42828K(43328K)->42828K(43328K) NonClass: 38481K(38784K)->38481K(38784K) Class: 4347K(4544K)->4347K(4544K)
[367.057s][info][gc          ] GC(739) Pause Young (Mixed) (G1 Evacuation Pause) 260M->94M(334M) 19.880ms
[367.057s][info][gc,cpu      ] GC(739) User=0.04s Sys=0.00s Real=0.02s
[367.489s][info][gc,start    ] GC(740) Pause Young (Concurrent Start) (G1 Evacuation Pause)
[367.489s][info][gc,task     ] GC(740) Using 2 workers of 2 for evacuation
[367.500s][info][gc,phases   ] GC(740)   Pre Evacuate Collection Set: 0.20ms
[367.500s][info][gc,phases   ] GC(740)   Merge Heap Roots: 0.08ms
[367.500s][info][gc,phases   ] GC(740)   Evacuate Collection Set: 9.65ms
[367.500s][info][gc,phases   ] GC(740)   Post Evacuate Collection Set: 0.56ms
[367.500s][info][gc,phases   ] GC(740)   Other: 0.15ms
[367.500s][info][gc,heap     ] GC(740) Eden regions: 173->0(179)
[367.500s][info][gc,heap     ] GC(740) Survivor regions: 11->13(23)
[367.500s][info][gc,heap     ] GC(740) Old regions: 83->83
[367.500s][info][gc,heap     ] GC(740) Humongous regions: 1->1
[367.500s][info][gc,metaspace] GC(740) Metaspace: 42831K(43328K)->42831K(43328K) NonClass: 38484K(38784K)->38484K(38784K) Class: 4347K(4544K)->4347K(4544K)
[367.500s][info][gc          ] GC(740) Pause Young (Concurrent Start) (G1 Evacuation Pause) 267M->95M(334M) 10.880ms
[367.500s][info][gc,cpu      ] GC(740) User=0.02s Sys=0.00s Real=0.01s
[367.500s][info][gc          ] GC(741) Concurrent Mark Cycle
[367.500s][info][gc,marking  ] GC(741) Concurrent Scan Root Regions
[367.512s][info][gc,marking  ] GC(741) Concurrent Scan Root Regions 11.325ms
[367.512s][info][gc,marking  ] GC(741) Concurrent Mark
[367.512s][info][gc,marking  ] GC(741) Concurrent Mark From Roots
[367.512s][info][gc,task     ] GC(741) Using 1 workers of 1 for marking
[367.636s][info][gc,marking  ] GC(741) Concurrent Mark From Roots 123.894ms
[367.636s][info][gc,marking  ] GC(741) Concurrent Preclean
[367.636s][info][gc,marking  ] GC(741) Concurrent Preclean 0.176ms
[367.636s][info][gc,start    ] GC(741) Pause Remark
[367.653s][info][gc          ] GC(741) Pause Remark 146M->142M(310M) 16.871ms
[367.653s][info][gc,cpu      ] GC(741) User=0.03s Sys=0.00s Real=0.02s
[367.653s][info][gc,marking  ] GC(741) Concurrent Mark 141.280ms
[367.653s][info][gc,marking  ] GC(741) Concurrent Rebuild Remembered Sets and Scrub Regions
[367.704s][info][gc,marking  ] GC(741) Concurrent Rebuild Remembered Sets and Scrub Regions 51.436ms
[367.705s][info][gc,start    ] GC(741) Pause Cleanup
[367.705s][info][gc          ] GC(741) Pause Cleanup 161M->161M(310M) 0.053ms
[367.705s][info][gc,cpu      ] GC(741) User=0.00s Sys=0.00s Real=0.00s
[367.705s][info][gc,marking  ] GC(741) Concurrent Clear Claimed Marks
[367.705s][info][gc,marking  ] GC(741) Concurrent Clear Claimed Marks 0.042ms
[367.705s][info][gc,marking  ] GC(741) Concurrent Cleanup for Next Mark
[367.706s][info][gc,marking  ] GC(741) Concurrent Cleanup for Next Mark 0.989ms
[367.706s][info][gc          ] GC(741) Concurrent Mark Cycle 205.633ms
[367.966s][info][gc,start    ] GC(742) Pause Young (Prepare Mixed) (G1 Evacuation Pause)
[367.966s][info][gc,task     ] GC(742) Using 2 workers of 2 for evacuation
[367.977s][info][gc,phases   ] GC(742)   Pre Evacuate Collection Set: 0.29ms
[367.977s][info][gc,phases   ] GC(742)   Merge Heap Roots: 0.10ms
[367.977s][info][gc,phases   ] GC(742)   Evacuate Collection Set: 9.96ms
[367.977s][info][gc,phases   ] GC(742)   Post Evacuate Collection Set: 0.63ms
[367.977s][info][gc,phases   ] GC(742)   Other: 0.11ms
[367.977s][info][gc,heap     ] GC(742) Eden regions: 173->0(171)
[367.977s][info][gc,heap     ] GC(742) Survivor regions: 13->13(24)
[367.977s][info][gc,heap     ] GC(742) Old regions: 79->79
[367.977s][info][gc,heap     ] GC(742) Humongous regions: 1->1
[367.977s][info][gc,metaspace] GC(742) Metaspace: 42833K(43328K)->42833K(43328K) NonClass: 38486K(38784K)->38486K(38784K) Class: 4347K(4544K)->4347K(4544K)
[367.977s][info][gc          ] GC(742) Pause Young (Prepare Mixed) (G1 Evacuation Pause) 264M->92M(310M) 11.336ms
[367.977s][info][gc,cpu      ] GC(742) User=0.02s Sys=0.00s Real=0.01s
[368.396s][info][gc,start    ] GC(743) Pause Young (Mixed) (G1 Evacuation Pause)
[368.396s][info][gc,task     ] GC(743) Using 2 workers of 2 for evacuation
[368.407s][info][gc,phases   ] GC(743)   Pre Evacuate Collection Set: 0.19ms
[368.407s][info][gc,phases   ] GC(743)   Merge Heap Roots: 0.15ms
[368.407s][info][gc,phases   ] GC(743)   Evacuate Collection Set: 9.64ms
[368.407s][info][gc,phases   ] GC(743)   Post Evacuate Collection Set: 0.43ms
[368.407s][info][gc,phases   ] GC(743)   Other: 0.08ms
[368.407s][info][gc,heap     ] GC(743) Eden regions: 171->0(183)
[368.407s][info][gc,heap     ] GC(743) Survivor regions: 13->1(23)
[368.407s][info][gc,heap     ] GC(743) Old regions: 79->85
[368.407s][info][gc,heap     ] GC(743) Humongous regions: 1->1
[368.407s][info][gc,metaspace] GC(743) Metaspace: 42847K(43328K)->42847K(43328K) NonClass: 38500K(38784K)->38500K(38784K) Class: 4347K(4544K)->4347K(4544K)
[368.407s][info][gc          ] GC(743) Pause Young (Mixed) (G1 Evacuation Pause) 263M->86M(310M) 10.715ms
[368.407s][info][gc,cpu      ] GC(743) User=0.02s Sys=0.00s Real=0.01s
[368.924s][info][gc,start    ] GC(744) Pause Young (Concurrent Start) (G1 Evacuation Pause)
[368.924s][info][gc,task     ] GC(744) Using 2 workers of 2 for evacuation
[368.929s][info][gc,phases   ] GC(744)   Pre Evacuate Collection Set: 0.18ms
[368.929s][info][gc,phases   ] GC(744)   Merge Heap Roots: 0.08ms
[368.929s][info][gc,phases   ] GC(744)   Evacuate Collection Set: 3.90ms
[368.929s][info][gc,phases   ] GC(744)   Post Evacuate Collection Set: 0.42ms
[368.929s][info][gc,phases   ] GC(744)   Other: 0.09ms
[368.929s][info][gc,heap     ] GC(744) Eden regions: 183->0(180)
[368.929s][info][gc,heap     ] GC(744) Survivor regions: 1->6(23)
[368.929s][info][gc,heap     ] GC(744) Old regions: 85->85
[368.929s][info][gc,heap     ] GC(744) Humongous regions: 1->1
[368.929s][info][gc,metaspace] GC(744) Metaspace: 42851K(43328K)->42851K(43328K) NonClass: 38504K(38784K)->38504K(38784K) Class: 4347K(4544K)->4347K(4544K)
[368.929s][info][gc          ] GC(744) Pause Young (Concurrent Start) (G1 Evacuation Pause) 269M->90M(310M) 4.862ms
[368.929s][info][gc,cpu      ] GC(744) User=0.01s Sys=0.00s Real=0.00s
[368.929s][info][gc          ] GC(745) Concurrent Mark Cycle
[368.929s][info][gc,marking  ] GC(745) Concurrent Scan Root Regions
[368.933s][info][gc,marking  ] GC(745) Concurrent Scan Root Regions 4.370ms
[368.933s][info][gc,marking  ] GC(745) Concurrent Mark
[368.933s][info][gc,marking  ] GC(745) Concurrent Mark From Roots
[368.933s][info][gc,task     ] GC(745) Using 1 workers of 1 for marking
[369.009s][info][gc,marking  ] GC(745) Concurrent Mark From Roots 75.344ms
[369.009s][info][gc,marking  ] GC(745) Concurrent Preclean
[369.009s][info][gc,marking  ] GC(745) Concurrent Preclean 0.239ms
[369.009s][info][gc,start    ] GC(745) Pause Remark
[369.026s][info][gc          ] GC(745) Pause Remark 117M->107M(274M) 16.823ms
[369.026s][info][gc,cpu      ] GC(745) User=0.03s Sys=0.00s Real=0.01s
[369.028s][info][gc,marking  ] GC(745) Concurrent Mark 94.780ms
[369.028s][info][gc,marking  ] GC(745) Concurrent Rebuild Remembered Sets and Scrub Regions
[369.059s][info][gc,marking  ] GC(745) Concurrent Rebuild Remembered Sets and Scrub Regions 30.681ms
[369.059s][info][gc,start    ] GC(745) Pause Cleanup
[369.059s][info][gc          ] GC(745) Pause Cleanup 117M->117M(274M) 0.048ms
[369.059s][info][gc,cpu      ] GC(745) User=0.00s Sys=0.00s Real=0.00s
[369.059s][info][gc,marking  ] GC(745) Concurrent Clear Claimed Marks
[369.059s][info][gc,marking  ] GC(745) Concurrent Clear Claimed Marks 0.048ms
[369.059s][info][gc,marking  ] GC(745) Concurrent Cleanup for Next Mark
[369.060s][info][gc,marking  ] GC(745) Concurrent Cleanup for Next Mark 0.788ms
[369.060s][info][gc          ] GC(745) Concurrent Mark Cycle 131.034ms
[369.385s][info][gc,start    ] GC(746) Pause Young (Prepare Mixed) (G1 Evacuation Pause)
[369.385s][info][gc,task     ] GC(746) Using 2 workers of 2 for evacuation
[369.391s][info][gc,phases   ] GC(746)   Pre Evacuate Collection Set: 0.16ms
[369.391s][info][gc,phases   ] GC(746)   Merge Heap Roots: 0.08ms
[369.391s][info][gc,phases   ] GC(746)   Evacuate Collection Set: 5.03ms
[369.391s][info][gc,phases   ] GC(746)   Post Evacuate Collection Set: 0.41ms
[369.391s][info][gc,phases   ] GC(746)   Other: 0.10ms
[369.391s][info][gc,heap     ] GC(746) Eden regions: 158->0(155)
[369.391s][info][gc,heap     ] GC(746) Survivor regions: 6->9(21)
[369.391s][info][gc,heap     ] GC(746) Old regions: 75->75
[369.391s][info][gc,heap     ] GC(746) Humongous regions: 1->1
[369.391s][info][gc,metaspace] GC(746) Metaspace: 42854K(43328K)->42854K(43328K) NonClass: 38506K(38784K)->38506K(38784K) Class: 4347K(4544K)->4347K(4544K)
[369.391s][info][gc          ] GC(746) Pause Young (Prepare Mixed) (G1 Evacuation Pause) 238M->83M(274M) 6.023ms
[369.391s][info][gc,cpu      ] GC(746) User=0.01s Sys=0.00s Real=0.01s
[370.345s][info][gc,start    ] GC(747) Pause Young (Mixed) (G1 Evacuation Pause)
[370.345s][info][gc,task     ] GC(747) Using 2 workers of 2 for evacuation
[370.351s][info][gc,phases   ] GC(747)   Pre Evacuate Collection Set: 0.17ms
[370.351s][info][gc,phases   ] GC(747)   Merge Heap Roots: 0.12ms
[370.351s][info][gc,phases   ] GC(747)   Evacuate Collection Set: 5.30ms
[370.351s][info][gc,phases   ] GC(747)   Post Evacuate Collection Set: 0.55ms
[370.351s][info][gc,phases   ] GC(747)   Other: 0.10ms
[370.351s][info][gc,heap     ] GC(747) Eden regions: 155->0(161)
[370.351s][info][gc,heap     ] GC(747) Survivor regions: 9->3(21)
[370.351s][info][gc,heap     ] GC(747) Old regions: 75->59
[370.351s][info][gc,heap     ] GC(747) Humongous regions: 3->1
[370.351s][info][gc,metaspace] GC(747) Metaspace: 42864K(43328K)->42864K(43328K) NonClass: 38517K(38784K)->38517K(38784K) Class: 4347K(4544K)->4347K(4544K)
[370.351s][info][gc          ] GC(747) Pause Young (Mixed) (G1 Evacuation Pause) 240M->61M(274M) 6.438ms
[370.351s][info][gc,cpu      ] GC(747) User=0.01s Sys=0.00s Real=0.01s
[370.544s][info][gc,start    ] GC(748) Pause Young (Concurrent Start) (G1 Humongous Allocation)
[370.544s][info][gc,task     ] GC(748) Using 2 workers of 2 for evacuation
[370.548s][info][gc,phases   ] GC(748)   Pre Evacuate Collection Set: 0.15ms
[370.548s][info][gc,phases   ] GC(748)   Merge Heap Roots: 0.06ms
[370.548s][info][gc,phases   ] GC(748)   Evacuate Collection Set: 3.26ms
[370.548s][info][gc,phases   ] GC(748)   Post Evacuate Collection Set: 0.32ms
[370.548s][info][gc,phases   ] GC(748)   Other: 0.13ms
[370.548s][info][gc,heap     ] GC(748) Eden regions: 23->0(160)
[370.548s][info][gc,heap     ] GC(748) Survivor regions: 3->4(21)
[370.548s][info][gc,heap     ] GC(748) Old regions: 59->59
[370.548s][info][gc,heap     ] GC(748) Humongous regions: 1->1
[370.548s][info][gc,metaspace] GC(748) Metaspace: 42875K(43328K)->42875K(43328K) NonClass: 38527K(38784K)->38527K(38784K) Class: 4347K(4544K)->4347K(4544K)
[370.548s][info][gc          ] GC(748) Pause Young (Concurrent Start) (G1 Humongous Allocation) 83M->61M(274M) 4.092ms
[370.548s][info][gc          ] GC(749) Concurrent Mark Cycle
[370.548s][info][gc,marking  ] GC(749) Concurrent Scan Root Regions
[370.549s][info][gc,cpu      ] GC(748) User=0.01s Sys=0.00s Real=0.01s
[370.551s][info][gc,marking  ] GC(749) Concurrent Scan Root Regions 2.734ms
[370.551s][info][gc,marking  ] GC(749) Concurrent Mark
[370.551s][info][gc,marking  ] GC(749) Concurrent Mark From Roots
[370.551s][info][gc,task     ] GC(749) Using 1 workers of 1 for marking
[370.615s][info][gc,marking  ] GC(749) Concurrent Mark From Roots 63.971ms
[370.615s][info][gc,marking  ] GC(749) Concurrent Preclean
[370.615s][info][gc,marking  ] GC(749) Concurrent Preclean 0.253ms
[370.616s][info][gc,start    ] GC(749) Pause Remark
[370.634s][info][gc          ] GC(749) Pause Remark 85M->81M(256M) 18.014ms
[370.634s][info][gc,cpu      ] GC(749) User=0.04s Sys=0.00s Real=0.02s
[370.636s][info][gc,marking  ] GC(749) Concurrent Mark 84.736ms
[370.636s][info][gc,marking  ] GC(749) Concurrent Rebuild Remembered Sets and Scrub Regions
[370.666s][info][gc,marking  ] GC(749) Concurrent Rebuild Remembered Sets and Scrub Regions 30.520ms
[370.667s][info][gc,start    ] GC(749) Pause Cleanup
[370.667s][info][gc          ] GC(749) Pause Cleanup 86M->86M(256M) 0.051ms
[370.667s][info][gc,cpu      ] GC(749) User=0.00s Sys=0.00s Real=0.00s
[370.667s][info][gc,marking  ] GC(749) Concurrent Clear Claimed Marks
[370.667s][info][gc,marking  ] GC(749) Concurrent Clear Claimed Marks 0.037ms
[370.667s][info][gc,marking  ] GC(749) Concurrent Cleanup for Next Mark
[370.667s][info][gc,marking  ] GC(749) Concurrent Cleanup for Next Mark 0.765ms
[370.668s][info][gc          ] GC(749) Concurrent Mark Cycle 119.197ms
[371.240s][info][gc,start    ] GC(750) Pause Young (Prepare Mixed) (G1 Evacuation Pause)
[371.240s][info][gc,task     ] GC(750) Using 2 workers of 2 for evacuation
[371.257s][info][gc,phases   ] GC(750)   Pre Evacuate Collection Set: 0.15ms
[371.257s][info][gc,phases   ] GC(750)   Merge Heap Roots: 0.08ms
[371.257s][info][gc,phases   ] GC(750)   Evacuate Collection Set: 15.85ms
[371.257s][info][gc,phases   ] GC(750)   Post Evacuate Collection Set: 0.50ms
[371.257s][info][gc,phases   ] GC(750)   Other: 0.10ms
[371.257s][info][gc,heap     ] GC(750) Eden regions: 149->0(137)
[371.257s][info][gc,heap     ] GC(750) Survivor regions: 4->16(20)
[371.257s][info][gc,heap     ] GC(750) Old regions: 55->55
[371.257s][info][gc,heap     ] GC(750) Humongous regions: 11->3
[371.257s][info][gc,metaspace] GC(750) Metaspace: 42884K(43328K)->42884K(43328K) NonClass: 38536K(38784K)->38536K(38784K) Class: 4347K(4544K)->4347K(4544K)
[371.257s][info][gc          ] GC(750) Pause Young (Prepare Mixed) (G1 Evacuation Pause) 217M->72M(256M) 16.907ms
[371.257s][info][gc,cpu      ] GC(750) User=0.03s Sys=0.00s Real=0.01s
[371.597s][info][gc,start    ] GC(751) Pause Young (Mixed) (G1 Evacuation Pause)
[371.597s][info][gc,task     ] GC(751) Using 2 workers of 2 for evacuation
[371.630s][info][gc,phases   ] GC(751)   Pre Evacuate Collection Set: 0.18ms
[371.630s][info][gc,phases   ] GC(751)   Merge Heap Roots: 0.10ms
[371.630s][info][gc,phases   ] GC(751)   Evacuate Collection Set: 31.61ms
[371.630s][info][gc,phases   ] GC(751)   Post Evacuate Collection Set: 0.44ms
[371.630s][info][gc,phases   ] GC(751)   Other: 0.11ms
[371.630s][info][gc,heap     ] GC(751) Eden regions: 137->0(138)
[371.630s][info][gc,heap     ] GC(751) Survivor regions: 16->15(20)
[371.630s][info][gc,heap     ] GC(751) Old regions: 55->61
[371.630s][info][gc,heap     ] GC(751) Humongous regions: 4->4
[371.630s][info][gc,metaspace] GC(751) Metaspace: 42884K(43328K)->42884K(43328K) NonClass: 38536K(38784K)->38536K(38784K) Class: 4347K(4544K)->4347K(4544K)
[371.630s][info][gc          ] GC(751) Pause Young (Mixed) (G1 Evacuation Pause) 210M->78M(256M) 32.669ms
[371.630s][info][gc,cpu      ] GC(751) User=0.07s Sys=0.00s Real=0.04s
[371.848s][info][gc,start    ] GC(752) Pause Young (Concurrent Start) (G1 Humongous Allocation)
[371.848s][info][gc,task     ] GC(752) Using 2 workers of 2 for evacuation
[371.873s][info][gc,phases   ] GC(752)   Pre Evacuate Collection Set: 0.18ms
[371.873s][info][gc,phases   ] GC(752)   Merge Heap Roots: 0.11ms
[371.873s][info][gc,phases   ] GC(752)   Evacuate Collection Set: 24.11ms
[371.873s][info][gc,phases   ] GC(752)   Post Evacuate Collection Set: 0.41ms
[371.873s][info][gc,phases   ] GC(752)   Other: 0.13ms
[371.873s][info][gc,heap     ] GC(752) Eden regions: 85->0(133)
[371.873s][info][gc,heap     ] GC(752) Survivor regions: 15->10(20)
[371.873s][info][gc,heap     ] GC(752) Old regions: 61->76
[371.873s][info][gc,heap     ] GC(752) Humongous regions: 4->4
[371.873s][info][gc,metaspace] GC(752) Metaspace: 42884K(43328K)->42884K(43328K) NonClass: 38536K(38784K)->38536K(38784K) Class: 4347K(4544K)->4347K(4544K)
[371.873s][info][gc          ] GC(752) Pause Young (Concurrent Start) (G1 Humongous Allocation) 163M->88M(256M) 25.164ms
[371.873s][info][gc,cpu      ] GC(752) User=0.05s Sys=0.01s Real=0.03s
[371.873s][info][gc          ] GC(753) Concurrent Mark Cycle
[371.873s][info][gc,marking  ] GC(753) Concurrent Scan Root Regions
[371.914s][info][gc,marking  ] GC(753) Concurrent Scan Root Regions 41.099ms
[371.914s][info][gc,marking  ] GC(753) Concurrent Mark
[371.914s][info][gc,marking  ] GC(753) Concurrent Mark From Roots
[371.914s][info][gc,task     ] GC(753) Using 1 workers of 1 for marking
[371.987s][info][gc,marking  ] GC(753) Concurrent Mark From Roots 72.610ms
[371.987s][info][gc,marking  ] GC(753) Concurrent Preclean
[371.987s][info][gc,marking  ] GC(753) Concurrent Preclean 0.080ms
[371.987s][info][gc,start    ] GC(753) Pause Remark
[372.005s][info][gc          ] GC(753) Pause Remark 115M->113M(256M) 18.484ms
[372.005s][info][gc,cpu      ] GC(753) User=0.03s Sys=0.00s Real=0.02s
[372.008s][info][gc,marking  ] GC(753) Concurrent Mark 94.072ms
[372.008s][info][gc,marking  ] GC(753) Concurrent Rebuild Remembered Sets and Scrub Regions
[372.050s][info][gc,marking  ] GC(753) Concurrent Rebuild Remembered Sets and Scrub Regions 41.714ms
[372.050s][info][gc,start    ] GC(753) Pause Cleanup
[372.050s][info][gc          ] GC(753) Pause Cleanup 121M->121M(256M) 0.047ms
[372.050s][info][gc,cpu      ] GC(753) User=0.00s Sys=0.00s Real=0.00s
[372.050s][info][gc,marking  ] GC(753) Concurrent Clear Claimed Marks
[372.050s][info][gc,marking  ] GC(753) Concurrent Clear Claimed Marks 0.045ms
[372.050s][info][gc,marking  ] GC(753) Concurrent Cleanup for Next Mark
[372.051s][info][gc,marking  ] GC(753) Concurrent Cleanup for Next Mark 0.738ms
[372.051s][info][gc          ] GC(753) Concurrent Mark Cycle 178.092ms
[372.285s][info][gc,start    ] GC(754) Pause Young (Prepare Mixed) (G1 Evacuation Pause)
[372.285s][info][gc,task     ] GC(754) Using 2 workers of 2 for evacuation
[372.315s][info][gc,phases   ] GC(754)   Pre Evacuate Collection Set: 0.15ms
[372.315s][info][gc,phases   ] GC(754)   Merge Heap Roots: 0.10ms
[372.315s][info][gc,phases   ] GC(754)   Evacuate Collection Set: 29.14ms
[372.315s][info][gc,phases   ] GC(754)   Post Evacuate Collection Set: 0.44ms
[372.315s][info][gc,phases   ] GC(754)   Other: 0.11ms
[372.315s][info][gc,heap     ] GC(754) Eden regions: 133->0(119)
[372.315s][info][gc,heap     ] GC(754) Survivor regions: 10->15(18)
[372.315s][info][gc,heap     ] GC(754) Old regions: 74->84
[372.315s][info][gc,heap     ] GC(754) Humongous regions: 6->6
[372.315s][info][gc,metaspace] GC(754) Metaspace: 42884K(43328K)->42884K(43328K) NonClass: 38536K(38784K)->38536K(38784K) Class: 4347K(4544K)->4347K(4544K)
[372.315s][info][gc          ] GC(754) Pause Young (Prepare Mixed) (G1 Evacuation Pause) 221M->103M(256M) 30.156ms
[372.315s][info][gc,cpu      ] GC(754) User=0.06s Sys=0.00s Real=0.03s
[372.602s][info][gc,start    ] GC(755) Pause Young (Mixed) (G1 Evacuation Pause)
[372.602s][info][gc,task     ] GC(755) Using 2 workers of 2 for evacuation
[372.635s][info][gc,phases   ] GC(755)   Pre Evacuate Collection Set: 0.16ms
[372.635s][info][gc,phases   ] GC(755)   Merge Heap Roots: 0.13ms
[372.635s][info][gc,phases   ] GC(755)   Evacuate Collection Set: 31.91ms
[372.635s][info][gc,phases   ] GC(755)   Post Evacuate Collection Set: 0.50ms
[372.635s][info][gc,phases   ] GC(755)   Other: 0.09ms
[372.635s][info][gc,heap     ] GC(755) Eden regions: 119->0(117)
[372.635s][info][gc,heap     ] GC(755) Survivor regions: 15->13(17)
[372.635s][info][gc,heap     ] GC(755) Old regions: 84->88
[372.635s][info][gc,heap     ] GC(755) Humongous regions: 6->6
[372.635s][info][gc,metaspace] GC(755) Metaspace: 42884K(43328K)->42884K(43328K) NonClass: 38536K(38784K)->38536K(38784K) Class: 4347K(4544K)->4347K(4544K)
[372.635s][info][gc          ] GC(755) Pause Young (Mixed) (G1 Evacuation Pause) 222M->106M(256M) 33.007ms
[372.635s][info][gc,cpu      ] GC(755) User=0.07s Sys=0.00s Real=0.03s
[372.680s][info][gc,start    ] GC(756) Pause Young (Concurrent Start) (G1 Humongous Allocation)
[372.680s][info][gc,task     ] GC(756) Using 2 workers of 2 for evacuation
[372.700s][info][gc,phases   ] GC(756)   Pre Evacuate Collection Set: 0.17ms
[372.700s][info][gc,phases   ] GC(756)   Merge Heap Roots: 0.06ms
[372.700s][info][gc,phases   ] GC(756)   Evacuate Collection Set: 19.50ms
[372.700s][info][gc,phases   ] GC(756)   Post Evacuate Collection Set: 0.32ms
[372.700s][info][gc,phases   ] GC(756)   Other: 0.13ms
[372.700s][info][gc,heap     ] GC(756) Eden regions: 20->0(113)
[372.700s][info][gc,heap     ] GC(756) Survivor regions: 13->5(17)
[372.700s][info][gc,heap     ] GC(756) Old regions: 88->101
[372.700s][info][gc,heap     ] GC(756) Humongous regions: 6->6
[372.700s][info][gc,metaspace] GC(756) Metaspace: 42884K(43328K)->42884K(43328K) NonClass: 38536K(38784K)->38536K(38784K) Class: 4347K(4544K)->4347K(4544K)
[372.700s][info][gc          ] GC(756) Pause Young (Concurrent Start) (G1 Humongous Allocation) 126M->111M(256M) 20.406ms
[372.700s][info][gc,cpu      ] GC(756) User=0.04s Sys=0.00s Real=0.02s
[372.700s][info][gc          ] GC(757) Concurrent Mark Cycle
[372.700s][info][gc,marking  ] GC(757) Concurrent Scan Root Regions
[372.740s][info][gc,marking  ] GC(757) Concurrent Scan Root Regions 40.380ms
[372.740s][info][gc,marking  ] GC(757) Concurrent Mark
[372.740s][info][gc,marking  ] GC(757) Concurrent Mark From Roots
[372.740s][info][gc,task     ] GC(757) Using 1 workers of 1 for marking
[373.006s][info][gc,marking  ] GC(757) Concurrent Mark From Roots 265.592ms
[373.006s][info][gc,marking  ] GC(757) Concurrent Preclean
[373.006s][info][gc,marking  ] GC(757) Concurrent Preclean 0.048ms
[373.006s][info][gc,start    ] GC(757) Pause Remark
[373.024s][info][gc          ] GC(757) Pause Remark 187M->186M(256M) 17.289ms
[373.024s][info][gc,cpu      ] GC(757) User=0.04s Sys=0.00s Real=0.02s
[373.024s][info][gc,marking  ] GC(757) Concurrent Mark 283.219ms
[373.024s][info][gc,marking  ] GC(757) Concurrent Rebuild Remembered Sets and Scrub Regions
[373.126s][info][gc,start    ] GC(758) Pause Young (Normal) (G1 Evacuation Pause)
[373.126s][info][gc,task     ] GC(758) Using 2 workers of 2 for evacuation
[373.148s][info][gc,phases   ] GC(758)   Pre Evacuate Collection Set: 0.15ms
[373.148s][info][gc,phases   ] GC(758)   Merge Heap Roots: 0.12ms
[373.148s][info][gc,phases   ] GC(758)   Evacuate Collection Set: 20.34ms
[373.148s][info][gc,phases   ] GC(758)   Post Evacuate Collection Set: 1.11ms
[373.148s][info][gc,phases   ] GC(758)   Other: 0.07ms
[373.148s][info][gc,heap     ] GC(758) Eden regions: 113->0(181)
[373.148s][info][gc,heap     ] GC(758) Survivor regions: 5->14(15)
[373.148s][info][gc,heap     ] GC(758) Old regions: 101->101
[373.148s][info][gc,heap     ] GC(758) Humongous regions: 10->9
[373.148s][info][gc,metaspace] GC(758) Metaspace: 42885K(43328K)->42885K(43328K) NonClass: 38538K(38784K)->38538K(38784K) Class: 4347K(4544K)->4347K(4544K)
[373.148s][info][gc          ] GC(758) Pause Young (Normal) (G1 Evacuation Pause) 228M->122M(348M) 21.963ms
[373.148s][info][gc,cpu      ] GC(758) User=0.04s Sys=0.00s Real=0.02s
[373.203s][info][gc,marking  ] GC(757) Concurrent Rebuild Remembered Sets and Scrub Regions 179.020ms
[373.203s][info][gc,start    ] GC(757) Pause Cleanup
[373.203s][info][gc          ] GC(757) Pause Cleanup 136M->136M(348M) 0.044ms
[373.203s][info][gc,cpu      ] GC(757) User=0.00s Sys=0.00s Real=0.00s
[373.203s][info][gc,marking  ] GC(757) Concurrent Clear Claimed Marks
[373.203s][info][gc,marking  ] GC(757) Concurrent Clear Claimed Marks 0.053ms
[373.203s][info][gc,marking  ] GC(757) Concurrent Cleanup for Next Mark
[373.209s][info][gc,marking  ] GC(757) Concurrent Cleanup for Next Mark 6.025ms
[373.209s][info][gc          ] GC(757) Concurrent Mark Cycle 509.194ms
[376.723s][info][gc,start    ] GC(759) Pause Young (Prepare Mixed) (G1 Evacuation Pause)
[376.723s][info][gc,task     ] GC(759) Using 2 workers of 2 for evacuation
[376.754s][info][gc,phases   ] GC(759)   Pre Evacuate Collection Set: 0.20ms
[376.754s][info][gc,phases   ] GC(759)   Merge Heap Roots: 0.12ms
[376.754s][info][gc,phases   ] GC(759)   Evacuate Collection Set: 30.25ms
[376.754s][info][gc,phases   ] GC(759)   Post Evacuate Collection Set: 0.51ms
[376.754s][info][gc,phases   ] GC(759)   Other: 0.09ms
[376.754s][info][gc,heap     ] GC(759) Eden regions: 181->0(176)
[376.754s][info][gc,heap     ] GC(759) Survivor regions: 14->22(25)
[376.754s][info][gc,heap     ] GC(759) Old regions: 101->103
[376.754s][info][gc,heap     ] GC(759) Humongous regions: 11->7
[376.754s][info][gc,metaspace] GC(759) Metaspace: 42893K(43328K)->42893K(43328K) NonClass: 38546K(38784K)->38546K(38784K) Class: 4347K(4544K)->4347K(4544K)
[376.754s][info][gc          ] GC(759) Pause Young (Prepare Mixed) (G1 Evacuation Pause) 305M->131M(348M) 31.382ms
[376.754s][info][gc,cpu      ] GC(759) User=0.06s Sys=0.00s Real=0.03s
[377.281s][info][gc,start    ] GC(760) Pause Young (Mixed) (G1 Evacuation Pause)
[377.281s][info][gc,task     ] GC(760) Using 2 workers of 2 for evacuation
[377.318s][info][gc,phases   ] GC(760)   Pre Evacuate Collection Set: 0.26ms
[377.318s][info][gc,phases   ] GC(760)   Merge Heap Roots: 0.16ms
[377.318s][info][gc,phases   ] GC(760)   Evacuate Collection Set: 36.14ms
[377.318s][info][gc,phases   ] GC(760)   Post Evacuate Collection Set: 0.56ms
[377.318s][info][gc,phases   ] GC(760)   Other: 0.11ms
[377.318s][info][gc,heap     ] GC(760) Eden regions: 176->0(170)
[377.318s][info][gc,heap     ] GC(760) Survivor regions: 22->20(25)
[377.318s][info][gc,heap     ] GC(760) Old regions: 103->111
[377.318s][info][gc,heap     ] GC(760) Humongous regions: 9->9
[377.319s][info][gc,metaspace] GC(760) Metaspace: 42898K(43328K)->42898K(43328K) NonClass: 38550K(38784K)->38550K(38784K) Class: 4347K(4544K)->4347K(4544K)
[377.319s][info][gc          ] GC(760) Pause Young (Mixed) (G1 Evacuation Pause) 309M->139M(348M) 37.437ms
[377.319s][info][gc,cpu      ] GC(760) User=0.07s Sys=0.00s Real=0.03s
[377.464s][info][gc,start    ] GC(761) Pause Young (Concurrent Start) (G1 Humongous Allocation)
[377.464s][info][gc,task     ] GC(761) Using 2 workers of 2 for evacuation
[377.492s][info][gc,phases   ] GC(761)   Pre Evacuate Collection Set: 0.25ms
[377.492s][info][gc,phases   ] GC(761)   Merge Heap Roots: 0.10ms
[377.492s][info][gc,phases   ] GC(761)   Evacuate Collection Set: 27.36ms
[377.492s][info][gc,phases   ] GC(761)   Post Evacuate Collection Set: 0.38ms
[377.492s][info][gc,phases   ] GC(761)   Other: 0.12ms
[377.492s][info][gc,heap     ] GC(761) Eden regions: 56->0(160)
[377.492s][info][gc,heap     ] GC(761) Survivor regions: 20->17(24)
[377.492s][info][gc,heap     ] GC(761) Old regions: 111->122
[377.492s][info][gc,heap     ] GC(761) Humongous regions: 9->9
[377.492s][info][gc,metaspace] GC(761) Metaspace: 42898K(43328K)->42898K(43328K) NonClass: 38550K(38784K)->38550K(38784K) Class: 4347K(4544K)->4347K(4544K)
[377.492s][info][gc          ] GC(761) Pause Young (Concurrent Start) (G1 Humongous Allocation) 195M->146M(348M) 28.443ms
[377.492s][info][gc,cpu      ] GC(761) User=0.05s Sys=0.00s Real=0.03s
[377.492s][info][gc          ] GC(762) Concurrent Mark Cycle
[377.492s][info][gc,marking  ] GC(762) Concurrent Scan Root Regions
[377.514s][info][gc,marking  ] GC(762) Concurrent Scan Root Regions 21.421ms
[377.514s][info][gc,marking  ] GC(762) Concurrent Mark
[377.514s][info][gc,marking  ] GC(762) Concurrent Mark From Roots
[377.514s][info][gc,task     ] GC(762) Using 1 workers of 1 for marking
[377.546s][info][gc,marking  ] GC(762) Concurrent Mark From Roots 32.401ms
[377.546s][info][gc,marking  ] GC(762) Concurrent Preclean
[377.546s][info][gc,marking  ] GC(762) Concurrent Preclean 0.059ms
[377.547s][info][gc,start    ] GC(762) Pause Remark
[377.564s][info][gc          ] GC(762) Pause Remark 163M->148M(348M) 17.218ms
[377.564s][info][gc,cpu      ] GC(762) User=0.04s Sys=0.00s Real=0.02s
[377.564s][info][gc,marking  ] GC(762) Concurrent Mark 50.067ms
[377.564s][info][gc,marking  ] GC(762) Concurrent Rebuild Remembered Sets and Scrub Regions
[377.596s][info][gc,marking  ] GC(762) Concurrent Rebuild Remembered Sets and Scrub Regions 31.880ms
[377.596s][info][gc,start    ] GC(762) Pause Cleanup
[377.596s][info][gc          ] GC(762) Pause Cleanup 160M->160M(348M) 0.080ms
[377.596s][info][gc,cpu      ] GC(762) User=0.00s Sys=0.00s Real=0.00s
[377.596s][info][gc,marking  ] GC(762) Concurrent Clear Claimed Marks
[377.596s][info][gc,marking  ] GC(762) Concurrent Clear Claimed Marks 0.041ms
[377.596s][info][gc,marking  ] GC(762) Concurrent Cleanup for Next Mark
[377.597s][info][gc,marking  ] GC(762) Concurrent Cleanup for Next Mark 1.011ms
[377.597s][info][gc          ] GC(762) Concurrent Mark Cycle 105.014ms
[377.985s][info][gc,start    ] GC(763) Pause Young (Prepare Mixed) (G1 Evacuation Pause)
[377.986s][info][gc,task     ] GC(763) Using 2 workers of 2 for evacuation
[378.028s][info][gc,phases   ] GC(763)   Pre Evacuate Collection Set: 0.19ms
[378.028s][info][gc,phases   ] GC(763)   Merge Heap Roots: 0.11ms
[378.028s][info][gc,phases   ] GC(763)   Evacuate Collection Set: 41.85ms
[378.028s][info][gc,phases   ] GC(763)   Post Evacuate Collection Set: 0.48ms
[378.028s][info][gc,phases   ] GC(763)   Other: 0.08ms
[378.028s][info][gc,heap     ] GC(763) Eden regions: 160->0(153)
[378.028s][info][gc,heap     ] GC(763) Survivor regions: 17->23(23)
[378.028s][info][gc,heap     ] GC(763) Old regions: 113->125
[378.028s][info][gc,heap     ] GC(763) Humongous regions: 6->6
[378.028s][info][gc,metaspace] GC(763) Metaspace: 42898K(43328K)->42898K(43328K) NonClass: 38550K(38784K)->38550K(38784K) Class: 4347K(4544K)->4347K(4544K)
[378.028s][info][gc          ] GC(763) Pause Young (Prepare Mixed) (G1 Evacuation Pause) 294M->153M(348M) 42.963ms
[378.028s][info][gc,cpu      ] GC(763) User=0.09s Sys=0.00s Real=0.04s
[378.417s][info][gc,start    ] GC(764) Pause Young (Mixed) (G1 Evacuation Pause)
[378.417s][info][gc,task     ] GC(764) Using 2 workers of 2 for evacuation
[378.467s][info][gc,phases   ] GC(764)   Pre Evacuate Collection Set: 0.29ms
[378.467s][info][gc,phases   ] GC(764)   Merge Heap Roots: 0.23ms
[378.467s][info][gc,phases   ] GC(764)   Evacuate Collection Set: 48.95ms
[378.467s][info][gc,phases   ] GC(764)   Post Evacuate Collection Set: 0.52ms
[378.467s][info][gc,phases   ] GC(764)   Other: 0.09ms
[378.467s][info][gc,heap     ] GC(764) Eden regions: 153->0(166)
[378.467s][info][gc,heap     ] GC(764) Survivor regions: 23->18(22)
[378.467s][info][gc,heap     ] GC(764) Old regions: 125->113
[378.467s][info][gc,heap     ] GC(764) Humongous regions: 6->6
[378.467s][info][gc,metaspace] GC(764) Metaspace: 42898K(43328K)->42898K(43328K) NonClass: 38550K(38784K)->38550K(38784K) Class: 4347K(4544K)->4347K(4544K)
[378.467s][info][gc          ] GC(764) Pause Young (Mixed) (G1 Evacuation Pause) 306M->137M(348M) 50.329ms
[378.467s][info][gc,cpu      ] GC(764) User=0.10s Sys=0.00s Real=0.05s
[378.951s][info][gc,start    ] GC(765) Pause Young (Mixed) (G1 Evacuation Pause)
[378.951s][info][gc,task     ] GC(765) Using 2 workers of 2 for evacuation
[379.003s][info][gc,phases   ] GC(765)   Pre Evacuate Collection Set: 0.22ms
[379.003s][info][gc,phases   ] GC(765)   Merge Heap Roots: 0.41ms
[379.003s][info][gc,phases   ] GC(765)   Evacuate Collection Set: 51.18ms
[379.003s][info][gc,phases   ] GC(765)   Post Evacuate Collection Set: 0.57ms
[379.003s][info][gc,phases   ] GC(765)   Other: 0.08ms
[379.003s][info][gc,heap     ] GC(765) Eden regions: 166->0(174)
[379.003s][info][gc,heap     ] GC(765) Survivor regions: 18->19(23)
[379.003s][info][gc,heap     ] GC(765) Old regions: 113->97
[379.003s][info][gc,heap     ] GC(765) Humongous regions: 10->10
[379.003s][info][gc,metaspace] GC(765) Metaspace: 42898K(43328K)->42898K(43328K) NonClass: 38550K(38784K)->38550K(38784K) Class: 4347K(4544K)->4347K(4544K)
[379.003s][info][gc          ] GC(765) Pause Young (Mixed) (G1 Evacuation Pause) 307M->125M(348M) 52.666ms
[379.003s][info][gc,cpu      ] GC(765) User=0.10s Sys=0.01s Real=0.05s
[379.421s][info][gc,start    ] GC(766) Pause Young (Concurrent Start) (G1 Humongous Allocation)
[379.421s][info][gc,task     ] GC(766) Using 2 workers of 2 for evacuation
[379.479s][info][gc,phases   ] GC(766)   Pre Evacuate Collection Set: 0.21ms
[379.479s][info][gc,phases   ] GC(766)   Merge Heap Roots: 0.12ms
[379.479s][info][gc,phases   ] GC(766)   Evacuate Collection Set: 55.69ms
[379.479s][info][gc,phases   ] GC(766)   Post Evacuate Collection Set: 1.01ms
[379.479s][info][gc,phases   ] GC(766)   Other: 0.21ms
[379.479s][info][gc,heap     ] GC(766) Eden regions: 89->0(203)
[379.479s][info][gc,heap     ] GC(766) Survivor regions: 19->20(25)
[379.479s][info][gc,heap     ] GC(766) Old regions: 97->115
[379.479s][info][gc,heap     ] GC(766) Humongous regions: 10->10
[379.479s][info][gc,metaspace] GC(766) Metaspace: 42898K(43328K)->42898K(43328K) NonClass: 38550K(38784K)->38550K(38784K) Class: 4347K(4544K)->4347K(4544K)
[379.479s][info][gc          ] GC(766) Pause Young (Concurrent Start) (G1 Humongous Allocation) 214M->144M(413M) 57.466ms
[379.479s][info][gc,cpu      ] GC(766) User=0.11s Sys=0.01s Real=0.05s
[379.479s][info][gc          ] GC(767) Concurrent Mark Cycle
[379.479s][info][gc,marking  ] GC(767) Concurrent Scan Root Regions
[379.531s][info][gc,marking  ] GC(767) Concurrent Scan Root Regions 52.460ms
[379.532s][info][gc,marking  ] GC(767) Concurrent Mark
[379.532s][info][gc,marking  ] GC(767) Concurrent Mark From Roots
[379.532s][info][gc,task     ] GC(767) Using 1 workers of 1 for marking
[379.639s][info][gc,marking  ] GC(767) Concurrent Mark From Roots 107.596ms
[379.639s][info][gc,marking  ] GC(767) Concurrent Preclean
[379.639s][info][gc,marking  ] GC(767) Concurrent Preclean 0.042ms
[379.640s][info][gc,start    ] GC(767) Pause Remark
[379.658s][info][gc          ] GC(767) Pause Remark 156M->141M(413M) 17.581ms
[379.658s][info][gc,cpu      ] GC(767) User=0.04s Sys=0.00s Real=0.01s
[379.658s][info][gc,marking  ] GC(767) Concurrent Mark 126.326ms
[379.658s][info][gc,marking  ] GC(767) Concurrent Rebuild Remembered Sets and Scrub Regions
[379.725s][info][gc,marking  ] GC(767) Concurrent Rebuild Remembered Sets and Scrub Regions 67.255ms
[379.725s][info][gc,start    ] GC(767) Pause Cleanup
[379.725s][info][gc          ] GC(767) Pause Cleanup 148M->148M(413M) 0.063ms
[379.725s][info][gc,cpu      ] GC(767) User=0.00s Sys=0.00s Real=0.00s
[379.725s][info][gc,marking  ] GC(767) Concurrent Clear Claimed Marks
[379.725s][info][gc,marking  ] GC(767) Concurrent Clear Claimed Marks 0.041ms
[379.726s][info][gc,marking  ] GC(767) Concurrent Cleanup for Next Mark
[379.728s][info][gc,marking  ] GC(767) Concurrent Cleanup for Next Mark 1.998ms
[379.728s][info][gc          ] GC(767) Concurrent Mark Cycle 248.591ms
[381.161s][info][gc,start    ] GC(768) Pause Young (Prepare Mixed) (G1 Evacuation Pause)
[381.161s][info][gc,task     ] GC(768) Using 2 workers of 2 for evacuation
[381.194s][info][gc,phases   ] GC(768)   Pre Evacuate Collection Set: 0.21ms
[381.194s][info][gc,phases   ] GC(768)   Merge Heap Roots: 0.17ms
[381.194s][info][gc,phases   ] GC(768)   Evacuate Collection Set: 31.70ms
[381.194s][info][gc,phases   ] GC(768)   Post Evacuate Collection Set: 0.51ms
[381.194s][info][gc,phases   ] GC(768)   Other: 0.10ms
[381.194s][info][gc,heap     ] GC(768) Eden regions: 203->0(210)
[381.194s][info][gc,heap     ] GC(768) Survivor regions: 20->13(28)
[381.194s][info][gc,heap     ] GC(768) Old regions: 103->113
[381.194s][info][gc,heap     ] GC(768) Humongous regions: 15->13
[381.194s][info][gc,metaspace] GC(768) Metaspace: 42898K(43328K)->42898K(43328K) NonClass: 38550K(38784K)->38550K(38784K) Class: 4347K(4544K)->4347K(4544K)
[381.194s][info][gc          ] GC(768) Pause Young (Prepare Mixed) (G1 Evacuation Pause) 340M->139M(413M) 32.893ms
[381.194s][info][gc,cpu      ] GC(768) User=0.06s Sys=0.00s Real=0.03s
[382.452s][info][gc,start    ] GC(769) Pause Young (Mixed) (G1 Evacuation Pause)
[382.452s][info][gc,task     ] GC(769) Using 2 workers of 2 for evacuation
[382.468s][info][gc,phases   ] GC(769)   Pre Evacuate Collection Set: 0.20ms
[382.468s][info][gc,phases   ] GC(769)   Merge Heap Roots: 0.11ms
[382.468s][info][gc,phases   ] GC(769)   Evacuate Collection Set: 15.09ms
[382.468s][info][gc,phases   ] GC(769)   Post Evacuate Collection Set: 0.50ms
[382.469s][info][gc,phases   ] GC(769)   Other: 0.07ms
[382.469s][info][gc,heap     ] GC(769) Eden regions: 210->0(221)
[382.469s][info][gc,heap     ] GC(769) Survivor regions: 13->14(28)
[382.469s][info][gc,heap     ] GC(769) Old regions: 113->110
[382.469s][info][gc,heap     ] GC(769) Humongous regions: 13->13
[382.469s][info][gc,metaspace] GC(769) Metaspace: 42898K(43328K)->42898K(43328K) NonClass: 38550K(38784K)->38550K(38784K) Class: 4347K(4544K)->4347K(4544K)
[382.469s][info][gc          ] GC(769) Pause Young (Mixed) (G1 Evacuation Pause) 349M->136M(413M) 16.199ms
[382.469s][info][gc,cpu      ] GC(769) User=0.03s Sys=0.00s Real=0.01s
[383.849s][info][gc,start    ] GC(770) Pause Young (Concurrent Start) (G1 Evacuation Pause)
[383.849s][info][gc,task     ] GC(770) Using 2 workers of 2 for evacuation
[383.862s][info][gc,phases   ] GC(770)   Pre Evacuate Collection Set: 0.23ms
[383.862s][info][gc,phases   ] GC(770)   Merge Heap Roots: 0.10ms
[383.862s][info][gc,phases   ] GC(770)   Evacuate Collection Set: 12.60ms
[383.862s][info][gc,phases   ] GC(770)   Post Evacuate Collection Set: 0.49ms
[383.862s][info][gc,phases   ] GC(770)   Other: 0.12ms
[383.862s][info][gc,heap     ] GC(770) Eden regions: 221->0(234)
[383.862s][info][gc,heap     ] GC(770) Survivor regions: 14->11(30)
[383.862s][info][gc,heap     ] GC(770) Old regions: 110->110
[383.862s][info][gc,heap     ] GC(770) Humongous regions: 13->13
[383.862s][info][gc,metaspace] GC(770) Metaspace: 42898K(43328K)->42898K(43328K) NonClass: 38550K(38784K)->38550K(38784K) Class: 4347K(4544K)->4347K(4544K)
[383.862s][info][gc          ] GC(770) Pause Young (Concurrent Start) (G1 Evacuation Pause) 357M->133M(413M) 13.758ms
[383.862s][info][gc,cpu      ] GC(770) User=0.03s Sys=0.00s Real=0.02s
[383.862s][info][gc          ] GC(771) Concurrent Mark Cycle
[383.863s][info][gc,marking  ] GC(771) Concurrent Scan Root Regions
[383.874s][info][gc,marking  ] GC(771) Concurrent Scan Root Regions 10.930ms
[383.874s][info][gc,marking  ] GC(771) Concurrent Mark
[383.874s][info][gc,marking  ] GC(771) Concurrent Mark From Roots
[383.874s][info][gc,task     ] GC(771) Using 1 workers of 1 for marking
[383.907s][info][gc,marking  ] GC(771) Concurrent Mark From Roots 33.432ms
[383.908s][info][gc,marking  ] GC(771) Concurrent Preclean
[383.908s][info][gc,marking  ] GC(771) Concurrent Preclean 0.032ms
[383.908s][info][gc,start    ] GC(771) Pause Remark
[383.925s][info][gc          ] GC(771) Pause Remark 140M->57M(256M) 16.895ms
[383.925s][info][gc,cpu      ] GC(771) User=0.03s Sys=0.00s Real=0.02s
[383.925s][info][gc,marking  ] GC(771) Concurrent Mark 50.541ms
[383.925s][info][gc,marking  ] GC(771) Concurrent Rebuild Remembered Sets and Scrub Regions
[383.936s][info][gc,marking  ] GC(771) Concurrent Rebuild Remembered Sets and Scrub Regions 11.561ms
[383.936s][info][gc,start    ] GC(771) Pause Cleanup
[383.936s][info][gc          ] GC(771) Pause Cleanup 59M->59M(256M) 0.032ms
[383.936s][info][gc,cpu      ] GC(771) User=0.00s Sys=0.00s Real=0.00s
[383.936s][info][gc,marking  ] GC(771) Concurrent Clear Claimed Marks
[383.936s][info][gc,marking  ] GC(771) Concurrent Clear Claimed Marks 0.033ms
[383.936s][info][gc,marking  ] GC(771) Concurrent Cleanup for Next Mark
[383.937s][info][gc,marking  ] GC(771) Concurrent Cleanup for Next Mark 0.746ms
[383.937s][info][gc          ] GC(771) Concurrent Mark Cycle 74.646ms
[384.744s][info][gc,start    ] GC(772) Pause Young (Prepare Mixed) (G1 Evacuation Pause)
[384.744s][info][gc,task     ] GC(772) Using 2 workers of 2 for evacuation
[384.750s][info][gc,phases   ] GC(772)   Pre Evacuate Collection Set: 0.17ms
[384.750s][info][gc,phases   ] GC(772)   Merge Heap Roots: 0.09ms
[384.750s][info][gc,phases   ] GC(772)   Evacuate Collection Set: 5.61ms
[384.750s][info][gc,phases   ] GC(772)   Post Evacuate Collection Set: 0.43ms
[384.750s][info][gc,phases   ] GC(772)   Other: 0.07ms
[384.750s][info][gc,heap     ] GC(772) Eden regions: 142->0(151)
[384.750s][info][gc,heap     ] GC(772) Survivor regions: 11->2(20)
[384.750s][info][gc,heap     ] GC(772) Old regions: 39->47
[384.750s][info][gc,heap     ] GC(772) Humongous regions: 2->1
[384.750s][info][gc,metaspace] GC(772) Metaspace: 42898K(43328K)->42898K(43328K) NonClass: 38550K(38784K)->38550K(38784K) Class: 4347K(4544K)->4347K(4544K)
[384.750s][info][gc          ] GC(772) Pause Young (Prepare Mixed) (G1 Evacuation Pause) 193M->49M(256M) 6.575ms
[384.750s][info][gc,cpu      ] GC(772) User=0.01s Sys=0.00s Real=0.01s
[385.679s][info][gc,start    ] GC(773) Pause Young (Mixed) (G1 Evacuation Pause)
[385.679s][info][gc,task     ] GC(773) Using 2 workers of 2 for evacuation
[385.695s][info][gc,phases   ] GC(773)   Pre Evacuate Collection Set: 0.15ms
[385.695s][info][gc,phases   ] GC(773)   Merge Heap Roots: 0.06ms
[385.695s][info][gc,phases   ] GC(773)   Evacuate Collection Set: 15.49ms
[385.695s][info][gc,phases   ] GC(773)   Post Evacuate Collection Set: 0.38ms
[385.695s][info][gc,phases   ] GC(773)   Other: 0.07ms
[385.695s][info][gc,heap     ] GC(773) Eden regions: 151->0(138)
[385.695s][info][gc,heap     ] GC(773) Survivor regions: 2->15(20)
[385.695s][info][gc,heap     ] GC(773) Old regions: 47->43
[385.695s][info][gc,heap     ] GC(773) Humongous regions: 1->1
[385.695s][info][gc,metaspace] GC(773) Metaspace: 42898K(43328K)->42898K(43328K) NonClass: 38550K(38784K)->38550K(38784K) Class: 4347K(4544K)->4347K(4544K)
[385.695s][info][gc          ] GC(773) Pause Young (Mixed) (G1 Evacuation Pause) 200M->59M(256M) 16.355ms
[385.695s][info][gc,cpu      ] GC(773) User=0.03s Sys=0.00s Real=0.02s
[385.939s][info][gc,start    ] GC(774) Pause Young (Concurrent Start) (G1 Humongous Allocation)
[385.939s][info][gc,task     ] GC(774) Using 2 workers of 2 for evacuation
[385.960s][info][gc,phases   ] GC(774)   Pre Evacuate Collection Set: 0.17ms
[385.960s][info][gc,phases   ] GC(774)   Merge Heap Roots: 0.06ms
[385.960s][info][gc,phases   ] GC(774)   Evacuate Collection Set: 20.28ms
[385.960s][info][gc,phases   ] GC(774)   Post Evacuate Collection Set: 0.35ms
[385.960s][info][gc,phases   ] GC(774)   Other: 0.10ms
[385.960s][info][gc,heap     ] GC(774) Eden regions: 53->0(143)
[385.960s][info][gc,heap     ] GC(774) Survivor regions: 15->10(20)
[385.960s][info][gc,heap     ] GC(774) Old regions: 43->58
[385.960s][info][gc,heap     ] GC(774) Humongous regions: 1->1
[385.960s][info][gc,metaspace] GC(774) Metaspace: 42898K(43328K)->42898K(43328K) NonClass: 38550K(38784K)->38550K(38784K) Class: 4347K(4544K)->4347K(4544K)
[385.960s][info][gc          ] GC(774) Pause Young (Concurrent Start) (G1 Humongous Allocation) 111M->68M(256M) 21.163ms
[385.960s][info][gc,cpu      ] GC(774) User=0.04s Sys=0.00s Real=0.03s
[385.960s][info][gc          ] GC(775) Concurrent Mark Cycle
[385.960s][info][gc,marking  ] GC(775) Concurrent Scan Root Regions
[385.977s][info][gc,marking  ] GC(775) Concurrent Scan Root Regions 16.831ms
[385.977s][info][gc,marking  ] GC(775) Concurrent Mark
[385.977s][info][gc,marking  ] GC(775) Concurrent Mark From Roots
[385.977s][info][gc,task     ] GC(775) Using 1 workers of 1 for marking
[386.009s][info][gc,marking  ] GC(775) Concurrent Mark From Roots 32.199ms
[386.009s][info][gc,marking  ] GC(775) Concurrent Preclean
[386.009s][info][gc,marking  ] GC(775) Concurrent Preclean 0.037ms
[386.010s][info][gc,start    ] GC(775) Pause Remark
[386.027s][info][gc          ] GC(775) Pause Remark 90M->90M(256M) 17.126ms
[386.027s][info][gc,cpu      ] GC(775) User=0.04s Sys=0.00s Real=0.01s
[386.027s][info][gc,marking  ] GC(775) Concurrent Mark 49.670ms
[386.027s][info][gc,marking  ] GC(775) Concurrent Rebuild Remembered Sets and Scrub Regions
[386.050s][info][gc,marking  ] GC(775) Concurrent Rebuild Remembered Sets and Scrub Regions 23.270ms
[386.050s][info][gc,start    ] GC(775) Pause Cleanup
[386.050s][info][gc          ] GC(775) Pause Cleanup 97M->97M(256M) 0.047ms
[386.050s][info][gc,cpu      ] GC(775) User=0.00s Sys=0.00s Real=0.00s
[386.050s][info][gc,marking  ] GC(775) Concurrent Clear Claimed Marks
[386.050s][info][gc,marking  ] GC(775) Concurrent Clear Claimed Marks 0.038ms
[386.050s][info][gc,marking  ] GC(775) Concurrent Cleanup for Next Mark
[386.051s][info][gc,marking  ] GC(775) Concurrent Cleanup for Next Mark 0.775ms
[386.051s][info][gc          ] GC(775) Concurrent Mark Cycle 91.019ms
[386.350s][info][gc,start    ] GC(776) Pause Young (Prepare Mixed) (G1 Evacuation Pause)
[386.350s][info][gc,task     ] GC(776) Using 2 workers of 2 for evacuation
[386.373s][info][gc,phases   ] GC(776)   Pre Evacuate Collection Set: 0.15ms
[386.373s][info][gc,phases   ] GC(776)   Merge Heap Roots: 0.07ms
[386.373s][info][gc,phases   ] GC(776)   Evacuate Collection Set: 22.45ms
[386.373s][info][gc,phases   ] GC(776)   Post Evacuate Collection Set: 0.43ms
[386.373s][info][gc,phases   ] GC(776)   Other: 0.10ms
[386.373s][info][gc,heap     ] GC(776) Eden regions: 143->0(133)
[386.373s][info][gc,heap     ] GC(776) Survivor regions: 10->20(20)
[386.373s][info][gc,heap     ] GC(776) Old regions: 58->61
[386.373s][info][gc,heap     ] GC(776) Humongous regions: 4->4
[386.373s][info][gc,metaspace] GC(776) Metaspace: 42898K(43328K)->42898K(43328K) NonClass: 38550K(38784K)->38550K(38784K) Class: 4347K(4544K)->4347K(4544K)
[386.373s][info][gc          ] GC(776) Pause Young (Prepare Mixed) (G1 Evacuation Pause) 214M->84M(256M) 23.405ms
[386.373s][info][gc,cpu      ] GC(776) User=0.04s Sys=0.00s Real=0.02s
[386.716s][info][gc,start    ] GC(777) Pause Young (Mixed) (G1 Evacuation Pause)
[386.716s][info][gc,task     ] GC(777) Using 2 workers of 2 for evacuation
[386.757s][info][gc,phases   ] GC(777)   Pre Evacuate Collection Set: 0.21ms
[386.757s][info][gc,phases   ] GC(777)   Merge Heap Roots: 0.19ms
[386.757s][info][gc,phases   ] GC(777)   Evacuate Collection Set: 40.15ms
[386.757s][info][gc,phases   ] GC(777)   Post Evacuate Collection Set: 0.46ms
[386.757s][info][gc,phases   ] GC(777)   Other: 0.08ms
[386.757s][info][gc,heap     ] GC(777) Eden regions: 133->0(128)
[386.757s][info][gc,heap     ] GC(777) Survivor regions: 20->17(20)
[386.757s][info][gc,heap     ] GC(777) Old regions: 61->70
[386.757s][info][gc,heap     ] GC(777) Humongous regions: 6->6
[386.757s][info][gc,metaspace] GC(777) Metaspace: 42898K(43328K)->42898K(43328K) NonClass: 38550K(38784K)->38550K(38784K) Class: 4347K(4544K)->4347K(4544K)
[386.757s][info][gc          ] GC(777) Pause Young (Mixed) (G1 Evacuation Pause) 219M->92M(258M) 41.304ms
[386.757s][info][gc,cpu      ] GC(777) User=0.08s Sys=0.00s Real=0.04s
[387.057s][info][gc,start    ] GC(778) Pause Young (Concurrent Start) (G1 Evacuation Pause)
[387.057s][info][gc,task     ] GC(778) Using 2 workers of 2 for evacuation
[387.092s][info][gc,phases   ] GC(778)   Pre Evacuate Collection Set: 0.17ms
[387.092s][info][gc,phases   ] GC(778)   Merge Heap Roots: 0.09ms
[387.092s][info][gc,phases   ] GC(778)   Evacuate Collection Set: 34.39ms
[387.092s][info][gc,phases   ] GC(778)   Post Evacuate Collection Set: 0.41ms
[387.092s][info][gc,phases   ] GC(778)   Other: 0.11ms
[387.092s][info][gc,heap     ] GC(778) Eden regions: 128->0(115)
[387.092s][info][gc,heap     ] GC(778) Survivor regions: 17->16(19)
[387.092s][info][gc,heap     ] GC(778) Old regions: 70->87
[387.092s][info][gc,heap     ] GC(778) Humongous regions: 6->6
[387.092s][info][gc,metaspace] GC(778) Metaspace: 42898K(43328K)->42898K(43328K) NonClass: 38550K(38784K)->38550K(38784K) Class: 4347K(4544K)->4347K(4544K)
[387.092s][info][gc          ] GC(778) Pause Young (Concurrent Start) (G1 Evacuation Pause) 220M->108M(258M) 35.412ms
[387.092s][info][gc,cpu      ] GC(778) User=0.07s Sys=0.00s Real=0.04s
[387.092s][info][gc          ] GC(779) Concurrent Mark Cycle
[387.092s][info][gc,marking  ] GC(779) Concurrent Scan Root Regions
[387.117s][info][gc,marking  ] GC(779) Concurrent Scan Root Regions 24.347ms
[387.117s][info][gc,marking  ] GC(779) Concurrent Mark
[387.117s][info][gc,marking  ] GC(779) Concurrent Mark From Roots
[387.117s][info][gc,task     ] GC(779) Using 1 workers of 1 for marking
[387.179s][info][gc,marking  ] GC(779) Concurrent Mark From Roots 62.458ms
[387.179s][info][gc,marking  ] GC(779) Concurrent Preclean
[387.179s][info][gc,marking  ] GC(779) Concurrent Preclean 0.038ms
[387.180s][info][gc,start    ] GC(779) Pause Remark
[387.197s][info][gc          ] GC(779) Pause Remark 142M->130M(258M) 16.930ms
[387.197s][info][gc,cpu      ] GC(779) User=0.03s Sys=0.00s Real=0.01s
[387.197s][info][gc,marking  ] GC(779) Concurrent Mark 79.786ms
[387.197s][info][gc,marking  ] GC(779) Concurrent Rebuild Remembered Sets and Scrub Regions
[387.238s][info][gc,marking  ] GC(779) Concurrent Rebuild Remembered Sets and Scrub Regions 41.016ms
[387.238s][info][gc,start    ] GC(779) Pause Cleanup
[387.238s][info][gc          ] GC(779) Pause Cleanup 148M->148M(258M) 0.051ms
[387.238s][info][gc,cpu      ] GC(779) User=0.00s Sys=0.00s Real=0.00s
[387.238s][info][gc,marking  ] GC(779) Concurrent Clear Claimed Marks
[387.238s][info][gc,marking  ] GC(779) Concurrent Clear Claimed Marks 0.041ms
[387.238s][info][gc,marking  ] GC(779) Concurrent Cleanup for Next Mark
[387.239s][info][gc,marking  ] GC(779) Concurrent Cleanup for Next Mark 0.805ms
[387.239s][info][gc          ] GC(779) Concurrent Mark Cycle 146.377ms
[387.398s][info][gc,start    ] GC(780) Pause Young (Prepare Mixed) (G1 Evacuation Pause)
[387.398s][info][gc,task     ] GC(780) Using 2 workers of 2 for evacuation
[387.429s][info][gc,phases   ] GC(780)   Pre Evacuate Collection Set: 0.17ms
[387.429s][info][gc,phases   ] GC(780)   Merge Heap Roots: 0.08ms
[387.429s][info][gc,phases   ] GC(780)   Evacuate Collection Set: 30.11ms
[387.429s][info][gc,phases   ] GC(780)   Post Evacuate Collection Set: 0.41ms
[387.429s][info][gc,phases   ] GC(780)   Other: 0.08ms
[387.429s][info][gc,heap     ] GC(780) Eden regions: 115->0(114)
[387.429s][info][gc,heap     ] GC(780) Survivor regions: 16->14(17)
[387.429s][info][gc,heap     ] GC(780) Old regions: 76->91
[387.429s][info][gc,heap     ] GC(780) Humongous regions: 5->5
[387.429s][info][gc,metaspace] GC(780) Metaspace: 42898K(43328K)->42898K(43328K) NonClass: 38550K(38784K)->38550K(38784K) Class: 4347K(4544K)->4347K(4544K)
[387.429s][info][gc          ] GC(780) Pause Young (Prepare Mixed) (G1 Evacuation Pause) 211M->109M(258M) 31.061ms
[387.429s][info][gc,cpu      ] GC(780) User=0.06s Sys=0.00s Real=0.04s
[387.753s][info][gc,start    ] GC(781) Pause Young (Mixed) (G1 Evacuation Pause)
[387.753s][info][gc,task     ] GC(781) Using 2 workers of 2 for evacuation
[387.791s][info][gc,phases   ] GC(781)   Pre Evacuate Collection Set: 0.27ms
[387.791s][info][gc,phases   ] GC(781)   Merge Heap Roots: 0.16ms
[387.791s][info][gc,phases   ] GC(781)   Evacuate Collection Set: 37.57ms
[387.791s][info][gc,phases   ] GC(781)   Post Evacuate Collection Set: 0.43ms
[387.791s][info][gc,phases   ] GC(781)   Other: 0.07ms
[387.791s][info][gc,heap     ] GC(781) Eden regions: 114->0(107)
[387.791s][info][gc,heap     ] GC(781) Survivor regions: 14->14(16)
[387.791s][info][gc,heap     ] GC(781) Old regions: 91->97
[387.791s][info][gc,heap     ] GC(781) Humongous regions: 9->9
[387.791s][info][gc,metaspace] GC(781) Metaspace: 42898K(43328K)->42898K(43328K) NonClass: 38550K(38784K)->38550K(38784K) Class: 4347K(4544K)->4347K(4544K)
[387.791s][info][gc          ] GC(781) Pause Young (Mixed) (G1 Evacuation Pause) 227M->119M(258M) 38.702ms
[387.792s][info][gc,cpu      ] GC(781) User=0.07s Sys=0.00s Real=0.04s
[388.056s][info][gc,start    ] GC(782) Pause Young (Concurrent Start) (G1 Humongous Allocation)
[388.057s][info][gc,task     ] GC(782) Using 2 workers of 2 for evacuation
[388.090s][info][gc,phases   ] GC(782)   Pre Evacuate Collection Set: 0.17ms
[388.090s][info][gc,phases   ] GC(782)   Merge Heap Roots: 0.09ms
[388.090s][info][gc,phases   ] GC(782)   Evacuate Collection Set: 31.55ms
[388.090s][info][gc,phases   ] GC(782)   Post Evacuate Collection Set: 1.37ms
[388.090s][info][gc,phases   ] GC(782)   Other: 0.13ms
[388.090s][info][gc,heap     ] GC(782) Eden regions: 49->0(189)
[388.090s][info][gc,heap     ] GC(782) Survivor regions: 14->14(16)
[388.090s][info][gc,heap     ] GC(782) Old regions: 97->111
[388.090s][info][gc,heap     ] GC(782) Humongous regions: 9->9
[388.090s][info][gc,metaspace] GC(782) Metaspace: 42898K(43328K)->42898K(43328K) NonClass: 38550K(38784K)->38550K(38784K) Class: 4347K(4544K)->4347K(4544K)
[388.090s][info][gc          ] GC(782) Pause Young (Concurrent Start) (G1 Humongous Allocation) 168M->133M(391M) 33.601ms
[388.090s][info][gc,cpu      ] GC(782) User=0.06s Sys=0.00s Real=0.04s
[388.090s][info][gc          ] GC(783) Concurrent Mark Cycle
[388.090s][info][gc,marking  ] GC(783) Concurrent Scan Root Regions
[388.128s][info][gc,marking  ] GC(783) Concurrent Scan Root Regions 37.848ms
[388.128s][info][gc,marking  ] GC(783) Concurrent Mark
[388.128s][info][gc,marking  ] GC(783) Concurrent Mark From Roots
[388.128s][info][gc,task     ] GC(783) Using 1 workers of 1 for marking
[388.253s][info][gc,marking  ] GC(783) Concurrent Mark From Roots 124.807ms
[388.253s][info][gc,marking  ] GC(783) Concurrent Preclean
[388.253s][info][gc,marking  ] GC(783) Concurrent Preclean 0.048ms
[388.253s][info][gc,start    ] GC(783) Pause Remark
[388.270s][info][gc          ] GC(783) Pause Remark 145M->143M(391M) 17.267ms
[388.271s][info][gc,cpu      ] GC(783) User=0.03s Sys=0.00s Real=0.02s
[388.271s][info][gc,marking  ] GC(783) Concurrent Mark 142.450ms
[388.271s][info][gc,marking  ] GC(783) Concurrent Rebuild Remembered Sets and Scrub Regions
[388.342s][info][gc,marking  ] GC(783) Concurrent Rebuild Remembered Sets and Scrub Regions 71.740ms
[388.343s][info][gc,start    ] GC(783) Pause Cleanup
[388.343s][info][gc          ] GC(783) Pause Cleanup 150M->150M(391M) 0.060ms
[388.343s][info][gc,cpu      ] GC(783) User=0.00s Sys=0.00s Real=0.00s
[388.343s][info][gc,marking  ] GC(783) Concurrent Clear Claimed Marks
[388.343s][info][gc,marking  ] GC(783) Concurrent Clear Claimed Marks 0.042ms
[388.343s][info][gc,marking  ] GC(783) Concurrent Cleanup for Next Mark
[388.345s][info][gc,marking  ] GC(783) Concurrent Cleanup for Next Mark 2.621ms
[388.345s][info][gc          ] GC(783) Concurrent Mark Cycle 255.257ms
[389.653s][info][gc,start    ] GC(784) Pause Young (Prepare Mixed) (G1 Evacuation Pause)
[389.653s][info][gc,task     ] GC(784) Using 2 workers of 2 for evacuation
[389.680s][info][gc,phases   ] GC(784)   Pre Evacuate Collection Set: 0.22ms
[389.680s][info][gc,phases   ] GC(784)   Merge Heap Roots: 0.20ms
[389.680s][info][gc,phases   ] GC(784)   Evacuate Collection Set: 25.90ms
[389.680s][info][gc,phases   ] GC(784)   Post Evacuate Collection Set: 0.44ms
[389.680s][info][gc,phases   ] GC(784)   Other: 0.08ms
[389.680s][info][gc,heap     ] GC(784) Eden regions: 189->0(191)
[389.680s][info][gc,heap     ] GC(784) Survivor regions: 14->10(26)
[389.680s][info][gc,heap     ] GC(784) Old regions: 111->116
[389.680s][info][gc,heap     ] GC(784) Humongous regions: 15->13
[389.680s][info][gc,metaspace] GC(784) Metaspace: 42898K(43328K)->42898K(43328K) NonClass: 38550K(38784K)->38550K(38784K) Class: 4347K(4544K)->4347K(4544K)
[389.680s][info][gc          ] GC(784) Pause Young (Prepare Mixed) (G1 Evacuation Pause) 328M->138M(391M) 27.049ms
[389.680s][info][gc,cpu      ] GC(784) User=0.05s Sys=0.00s Real=0.03s
[390.777s][info][gc,start    ] GC(785) Pause Young (Mixed) (G1 Evacuation Pause)
[390.777s][info][gc,task     ] GC(785) Using 2 workers of 2 for evacuation
[390.792s][info][gc,phases   ] GC(785)   Pre Evacuate Collection Set: 0.22ms
[390.792s][info][gc,phases   ] GC(785)   Merge Heap Roots: 0.11ms
[390.792s][info][gc,phases   ] GC(785)   Evacuate Collection Set: 13.65ms
[390.792s][info][gc,phases   ] GC(785)   Post Evacuate Collection Set: 0.50ms
[390.792s][info][gc,phases   ] GC(785)   Other: 0.08ms
[390.792s][info][gc,heap     ] GC(785) Eden regions: 191->0(202)
[390.792s][info][gc,heap     ] GC(785) Survivor regions: 10->10(26)
[390.792s][info][gc,heap     ] GC(785) Old regions: 116->113
[390.792s][info][gc,heap     ] GC(785) Humongous regions: 13->13
[390.792s][info][gc,metaspace] GC(785) Metaspace: 42898K(43328K)->42898K(43328K) NonClass: 38550K(38784K)->38550K(38784K) Class: 4347K(4544K)->4347K(4544K)
[390.792s][info][gc          ] GC(785) Pause Young (Mixed) (G1 Evacuation Pause) 329M->135M(391M) 14.782ms
[390.792s][info][gc,cpu      ] GC(785) User=0.03s Sys=0.00s Real=0.02s
[391.990s][info][gc,start    ] GC(786) Pause Young (Concurrent Start) (G1 Evacuation Pause)
[391.990s][info][gc,task     ] GC(786) Using 2 workers of 2 for evacuation
[392.008s][info][gc,phases   ] GC(786)   Pre Evacuate Collection Set: 0.24ms
[392.008s][info][gc,phases   ] GC(786)   Merge Heap Roots: 0.16ms
[392.008s][info][gc,phases   ] GC(786)   Evacuate Collection Set: 17.16ms
[392.008s][info][gc,phases   ] GC(786)   Post Evacuate Collection Set: 0.75ms
[392.008s][info][gc,phases   ] GC(786)   Other: 0.14ms
[392.008s][info][gc,heap     ] GC(786) Eden regions: 202->0(206)
[392.008s][info][gc,heap     ] GC(786) Survivor regions: 10->13(27)
[392.008s][info][gc,heap     ] GC(786) Old regions: 113->113
[392.008s][info][gc,heap     ] GC(786) Humongous regions: 13->13
[392.008s][info][gc,metaspace] GC(786) Metaspace: 42898K(43328K)->42898K(43328K) NonClass: 38550K(38784K)->38550K(38784K) Class: 4347K(4544K)->4347K(4544K)
[392.008s][info][gc          ] GC(786) Pause Young (Concurrent Start) (G1 Evacuation Pause) 337M->139M(391M) 18.669ms
[392.008s][info][gc,cpu      ] GC(786) User=0.04s Sys=0.00s Real=0.01s
[392.008s][info][gc          ] GC(787) Concurrent Mark Cycle
[392.009s][info][gc,marking  ] GC(787) Concurrent Scan Root Regions
[392.018s][info][gc,marking  ] GC(787) Concurrent Scan Root Regions 9.961ms
[392.019s][info][gc,marking  ] GC(787) Concurrent Mark
[392.019s][info][gc,marking  ] GC(787) Concurrent Mark From Roots
[392.019s][info][gc,task     ] GC(787) Using 1 workers of 1 for marking
[392.054s][info][gc,marking  ] GC(787) Concurrent Mark From Roots 35.098ms
[392.054s][info][gc,marking  ] GC(787) Concurrent Preclean
[392.054s][info][gc,marking  ] GC(787) Concurrent Preclean 0.035ms
[392.054s][info][gc,start    ] GC(787) Pause Remark
[392.073s][info][gc          ] GC(787) Pause Remark 146M->60M(256M) 18.986ms
[392.073s][info][gc,cpu      ] GC(787) User=0.03s Sys=0.00s Real=0.02s
[392.073s][info][gc,marking  ] GC(787) Concurrent Mark 54.542ms
[392.073s][info][gc,marking  ] GC(787) Concurrent Rebuild Remembered Sets and Scrub Regions
[392.087s][info][gc,marking  ] GC(787) Concurrent Rebuild Remembered Sets and Scrub Regions 13.684ms
[392.087s][info][gc,start    ] GC(787) Pause Cleanup
[392.087s][info][gc          ] GC(787) Pause Cleanup 62M->62M(256M) 0.064ms
[392.087s][info][gc,cpu      ] GC(787) User=0.00s Sys=0.00s Real=0.00s
[392.087s][info][gc,marking  ] GC(787) Concurrent Clear Claimed Marks
[392.087s][info][gc,marking  ] GC(787) Concurrent Clear Claimed Marks 0.042ms
[392.087s][info][gc,marking  ] GC(787) Concurrent Cleanup for Next Mark
[392.088s][info][gc,marking  ] GC(787) Concurrent Cleanup for Next Mark 0.742ms
[392.088s][info][gc          ] GC(787) Concurrent Mark Cycle 79.523ms
[392.909s][info][gc,start    ] GC(788) Pause Young (Prepare Mixed) (G1 Evacuation Pause)
[392.909s][info][gc,task     ] GC(788) Using 2 workers of 2 for evacuation
[392.913s][info][gc,phases   ] GC(788)   Pre Evacuate Collection Set: 0.25ms
[392.913s][info][gc,phases   ] GC(788)   Merge Heap Roots: 0.10ms
[392.913s][info][gc,phases   ] GC(788)   Evacuate Collection Set: 3.49ms
[392.913s][info][gc,phases   ] GC(788)   Post Evacuate Collection Set: 0.44ms
[392.913s][info][gc,phases   ] GC(788)   Other: 0.11ms
[392.913s][info][gc,heap     ] GC(788) Eden regions: 140->0(151)
[392.913s][info][gc,heap     ] GC(788) Survivor regions: 13->2(20)
[392.913s][info][gc,heap     ] GC(788) Old regions: 39->44
[392.913s][info][gc,heap     ] GC(788) Humongous regions: 2->1
[392.913s][info][gc,metaspace] GC(788) Metaspace: 42898K(43328K)->42898K(43328K) NonClass: 38550K(38784K)->38550K(38784K) Class: 4347K(4544K)->4347K(4544K)
[392.913s][info][gc          ] GC(788) Pause Young (Prepare Mixed) (G1 Evacuation Pause) 194M->45M(256M) 4.613ms
[392.914s][info][gc,cpu      ] GC(788) User=0.01s Sys=0.00s Real=0.01s
[393.829s][info][gc,start    ] GC(789) Pause Young (Mixed) (G1 Evacuation Pause)
[393.829s][info][gc,task     ] GC(789) Using 2 workers of 2 for evacuation
[393.845s][info][gc,phases   ] GC(789)   Pre Evacuate Collection Set: 0.16ms
[393.845s][info][gc,phases   ] GC(789)   Merge Heap Roots: 0.08ms
[393.845s][info][gc,phases   ] GC(789)   Evacuate Collection Set: 15.24ms
[393.845s][info][gc,phases   ] GC(789)   Post Evacuate Collection Set: 0.40ms
[393.845s][info][gc,phases   ] GC(789)   Other: 0.11ms
[393.845s][info][gc,heap     ] GC(789) Eden regions: 151->0(138)
[393.845s][info][gc,heap     ] GC(789) Survivor regions: 2->15(20)
[393.845s][info][gc,heap     ] GC(789) Old regions: 44->40
[393.845s][info][gc,heap     ] GC(789) Humongous regions: 1->1
[393.845s][info][gc,metaspace] GC(789) Metaspace: 42898K(43328K)->42898K(43328K) NonClass: 38550K(38784K)->38550K(38784K) Class: 4347K(4544K)->4347K(4544K)
[393.845s][info][gc          ] GC(789) Pause Young (Mixed) (G1 Evacuation Pause) 196M->55M(256M) 16.250ms
[393.845s][info][gc,cpu      ] GC(789) User=0.04s Sys=0.00s Real=0.02s
[394.475s][info][gc,start    ] GC(790) Pause Young (Concurrent Start) (G1 Humongous Allocation)
[394.475s][info][gc,task     ] GC(790) Using 2 workers of 2 for evacuation
[394.513s][info][gc,phases   ] GC(790)   Pre Evacuate Collection Set: 0.18ms
[394.513s][info][gc,phases   ] GC(790)   Merge Heap Roots: 0.09ms
[394.513s][info][gc,phases   ] GC(790)   Evacuate Collection Set: 37.56ms
[394.513s][info][gc,phases   ] GC(790)   Post Evacuate Collection Set: 0.42ms
[394.513s][info][gc,phases   ] GC(790)   Other: 0.16ms
[394.513s][info][gc,heap     ] GC(790) Eden regions: 112->0(140)
[394.513s][info][gc,heap     ] GC(790) Survivor regions: 15->13(20)
[394.513s][info][gc,heap     ] GC(790) Old regions: 40->54
[394.513s][info][gc,heap     ] GC(790) Humongous regions: 1->1
[394.513s][info][gc,metaspace] GC(790) Metaspace: 42904K(43328K)->42904K(43328K) NonClass: 38557K(38784K)->38557K(38784K) Class: 4347K(4544K)->4347K(4544K)
[394.513s][info][gc          ] GC(790) Pause Young (Concurrent Start) (G1 Humongous Allocation) 167M->67M(256M) 38.618ms
[394.513s][info][gc,cpu      ] GC(790) User=0.05s Sys=0.00s Real=0.04s
[394.514s][info][gc          ] GC(791) Concurrent Mark Cycle
[394.514s][info][gc,marking  ] GC(791) Concurrent Scan Root Regions
[394.533s][info][gc,marking  ] GC(791) Concurrent Scan Root Regions 19.473ms
[394.533s][info][gc,marking  ] GC(791) Concurrent Mark
[394.533s][info][gc,marking  ] GC(791) Concurrent Mark From Roots
[394.533s][info][gc,task     ] GC(791) Using 1 workers of 1 for marking
[394.569s][info][gc,marking  ] GC(791) Concurrent Mark From Roots 36.262ms
[394.569s][info][gc,marking  ] GC(791) Concurrent Preclean
[394.569s][info][gc,marking  ] GC(791) Concurrent Preclean 0.034ms
[394.570s][info][gc,start    ] GC(791) Pause Remark
[394.586s][info][gc          ] GC(791) Pause Remark 80M->79M(256M) 16.941ms
[394.587s][info][gc,cpu      ] GC(791) User=0.03s Sys=0.00s Real=0.01s
[394.587s][info][gc,marking  ] GC(791) Concurrent Mark 53.532ms
[394.587s][info][gc,marking  ] GC(791) Concurrent Rebuild Remembered Sets and Scrub Regions
[394.611s][info][gc,marking  ] GC(791) Concurrent Rebuild Remembered Sets and Scrub Regions 24.308ms
[394.611s][info][gc,start    ] GC(791) Pause Cleanup
[394.611s][info][gc          ] GC(791) Pause Cleanup 83M->83M(256M) 0.052ms
[394.611s][info][gc,cpu      ] GC(791) User=0.00s Sys=0.00s Real=0.00s
[394.611s][info][gc,marking  ] GC(791) Concurrent Clear Claimed Marks
[394.611s][info][gc,marking  ] GC(791) Concurrent Clear Claimed Marks 0.044ms
[394.611s][info][gc,marking  ] GC(791) Concurrent Cleanup for Next Mark
[394.612s][info][gc,marking  ] GC(791) Concurrent Cleanup for Next Mark 0.776ms
[394.612s][info][gc          ] GC(791) Concurrent Mark Cycle 98.542ms
[395.277s][info][gc,start    ] GC(792) Pause Young (Prepare Mixed) (G1 Evacuation Pause)
[395.277s][info][gc,task     ] GC(792) Using 2 workers of 2 for evacuation
[395.284s][info][gc,phases   ] GC(792)   Pre Evacuate Collection Set: 0.15ms
[395.284s][info][gc,phases   ] GC(792)   Merge Heap Roots: 0.07ms
[395.284s][info][gc,phases   ] GC(792)   Evacuate Collection Set: 6.43ms
[395.284s][info][gc,phases   ] GC(792)   Post Evacuate Collection Set: 0.42ms
[395.284s][info][gc,phases   ] GC(792)   Other: 0.09ms
[395.284s][info][gc,heap     ] GC(792) Eden regions: 140->0(149)
[395.284s][info][gc,heap     ] GC(792) Survivor regions: 13->4(20)
[395.285s][info][gc,heap     ] GC(792) Old regions: 53->59
[395.285s][info][gc,heap     ] GC(792) Humongous regions: 15->3
[395.285s][info][gc,metaspace] GC(792) Metaspace: 42904K(43328K)->42904K(43328K) NonClass: 38557K(38784K)->38557K(38784K) Class: 4347K(4544K)->4347K(4544K)
[395.285s][info][gc          ] GC(792) Pause Young (Prepare Mixed) (G1 Evacuation Pause) 220M->65M(256M) 7.328ms
[395.285s][info][gc,cpu      ] GC(792) User=0.01s Sys=0.00s Real=0.01s
[395.996s][info][gc,start    ] GC(793) Pause Young (Mixed) (G1 Evacuation Pause)
[395.996s][info][gc,task     ] GC(793) Using 2 workers of 2 for evacuation
[396.000s][info][gc,phases   ] GC(793)   Pre Evacuate Collection Set: 0.15ms
[396.000s][info][gc,phases   ] GC(793)   Merge Heap Roots: 0.08ms
[396.000s][info][gc,phases   ] GC(793)   Evacuate Collection Set: 3.15ms
[396.000s][info][gc,phases   ] GC(793)   Post Evacuate Collection Set: 0.41ms
[396.000s][info][gc,phases   ] GC(793)   Other: 0.08ms
[396.000s][info][gc,heap     ] GC(793) Eden regions: 149->0(150)
[396.000s][info][gc,heap     ] GC(793) Survivor regions: 4->3(20)
[396.000s][info][gc,heap     ] GC(793) Old regions: 59->56
[396.000s][info][gc,heap     ] GC(793) Humongous regions: 13->3
[396.000s][info][gc,metaspace] GC(793) Metaspace: 42919K(43392K)->42919K(43392K) NonClass: 38572K(38848K)->38572K(38848K) Class: 4347K(4544K)->4347K(4544K)
[396.000s][info][gc          ] GC(793) Pause Young (Mixed) (G1 Evacuation Pause) 224M->61M(256M) 4.042ms
[396.000s][info][gc,cpu      ] GC(793) User=0.00s Sys=0.00s Real=0.01s
[396.196s][info][gc,start    ] GC(794) Pause Young (Concurrent Start) (G1 Humongous Allocation)
[396.196s][info][gc,task     ] GC(794) Using 2 workers of 2 for evacuation
[396.200s][info][gc,phases   ] GC(794)   Pre Evacuate Collection Set: 0.18ms
[396.200s][info][gc,phases   ] GC(794)   Merge Heap Roots: 0.04ms
[396.200s][info][gc,phases   ] GC(794)   Evacuate Collection Set: 2.57ms
[396.200s][info][gc,phases   ] GC(794)   Post Evacuate Collection Set: 0.35ms
[396.200s][info][gc,phases   ] GC(794)   Other: 0.10ms
[396.200s][info][gc,heap     ] GC(794) Eden regions: 47->0(150)
[396.200s][info][gc,heap     ] GC(794) Survivor regions: 3->3(20)
[396.200s][info][gc,heap     ] GC(794) Old regions: 56->56
[396.200s][info][gc,heap     ] GC(794) Humongous regions: 3->1
[396.200s][info][gc,metaspace] GC(794) Metaspace: 42919K(43392K)->42919K(43392K) NonClass: 38572K(38848K)->38572K(38848K) Class: 4347K(4544K)->4347K(4544K)
[396.200s][info][gc          ] GC(794) Pause Young (Concurrent Start) (G1 Humongous Allocation) 108M->58M(256M) 3.421ms
[396.200s][info][gc,cpu      ] GC(794) User=0.01s Sys=0.00s Real=0.01s
[396.200s][info][gc          ] GC(795) Concurrent Mark Cycle
[396.200s][info][gc,marking  ] GC(795) Concurrent Scan Root Regions
[396.202s][info][gc,marking  ] GC(795) Concurrent Scan Root Regions 2.537ms
[396.202s][info][gc,marking  ] GC(795) Concurrent Mark
[396.202s][info][gc,marking  ] GC(795) Concurrent Mark From Roots
[396.202s][info][gc,task     ] GC(795) Using 1 workers of 1 for marking
[396.248s][info][gc,marking  ] GC(795) Concurrent Mark From Roots 45.855ms
[396.250s][info][gc,marking  ] GC(795) Concurrent Preclean
[396.250s][info][gc,marking  ] GC(795) Concurrent Preclean 0.047ms
[396.250s][info][gc,start    ] GC(795) Pause Remark
[396.267s][info][gc          ] GC(795) Pause Remark 69M->68M(256M) 17.074ms
[396.267s][info][gc,cpu      ] GC(795) User=0.03s Sys=0.00s Real=0.01s
[396.267s][info][gc,marking  ] GC(795) Concurrent Mark 65.124ms
[396.267s][info][gc,marking  ] GC(795) Concurrent Rebuild Remembered Sets and Scrub Regions
[396.285s][info][gc,marking  ] GC(795) Concurrent Rebuild Remembered Sets and Scrub Regions 17.831ms
[396.285s][info][gc,start    ] GC(795) Pause Cleanup
[396.285s][info][gc          ] GC(795) Pause Cleanup 70M->70M(256M) 0.052ms
[396.285s][info][gc,cpu      ] GC(795) User=0.00s Sys=0.00s Real=0.00s
[396.286s][info][gc,marking  ] GC(795) Concurrent Clear Claimed Marks
[396.286s][info][gc,marking  ] GC(795) Concurrent Clear Claimed Marks 0.039ms
[396.286s][info][gc,marking  ] GC(795) Concurrent Cleanup for Next Mark
[396.286s][info][gc,marking  ] GC(795) Concurrent Cleanup for Next Mark 0.750ms
[396.286s][info][gc          ] GC(795) Concurrent Mark Cycle 86.638ms
[396.861s][info][gc,start    ] GC(796) Pause Young (Prepare Mixed) (G1 Evacuation Pause)
[396.861s][info][gc,task     ] GC(796) Using 2 workers of 2 for evacuation
[396.878s][info][gc,phases   ] GC(796)   Pre Evacuate Collection Set: 0.16ms
[396.878s][info][gc,phases   ] GC(796)   Merge Heap Roots: 0.06ms
[396.878s][info][gc,phases   ] GC(796)   Evacuate Collection Set: 17.02ms
[396.878s][info][gc,phases   ] GC(796)   Post Evacuate Collection Set: 0.50ms
[396.879s][info][gc,phases   ] GC(796)   Other: 0.08ms
[396.879s][info][gc,heap     ] GC(796) Eden regions: 150->0(134)
[396.879s][info][gc,heap     ] GC(796) Survivor regions: 3->19(20)
[396.879s][info][gc,heap     ] GC(796) Old regions: 55->55
[396.879s][info][gc,heap     ] GC(796) Humongous regions: 9->3
[396.879s][info][gc,metaspace] GC(796) Metaspace: 42920K(43392K)->42920K(43392K) NonClass: 38573K(38848K)->38573K(38848K) Class: 4347K(4544K)->4347K(4544K)
[396.879s][info][gc          ] GC(796) Pause Young (Prepare Mixed) (G1 Evacuation Pause) 215M->76M(256M) 18.024ms
[396.879s][info][gc,cpu      ] GC(796) User=0.04s Sys=0.00s Real=0.01s
[397.488s][info][gc,start    ] GC(797) Pause Young (Mixed) (G1 Evacuation Pause)
[397.488s][info][gc,task     ] GC(797) Using 2 workers of 2 for evacuation
[397.494s][info][gc,phases   ] GC(797)   Pre Evacuate Collection Set: 0.16ms
[397.495s][info][gc,phases   ] GC(797)   Merge Heap Roots: 0.11ms
[397.495s][info][gc,phases   ] GC(797)   Evacuate Collection Set: 5.79ms
[397.495s][info][gc,phases   ] GC(797)   Post Evacuate Collection Set: 0.50ms
[397.495s][info][gc,phases   ] GC(797)   Other: 0.07ms
[397.495s][info][gc,heap     ] GC(797) Eden regions: 134->0(151)
[397.495s][info][gc,heap     ] GC(797) Survivor regions: 19->2(20)
[397.495s][info][gc,heap     ] GC(797) Old regions: 55->42
[397.495s][info][gc,heap     ] GC(797) Humongous regions: 9->3
[397.495s][info][gc,metaspace] GC(797) Metaspace: 42921K(43392K)->42921K(43392K) NonClass: 38573K(38848K)->38573K(38848K) Class: 4347K(4544K)->4347K(4544K)
[397.495s][info][gc          ] GC(797) Pause Young (Mixed) (G1 Evacuation Pause) 216M->46M(256M) 6.806ms
[397.495s][info][gc,cpu      ] GC(797) User=0.02s Sys=0.00s Real=0.01s
[397.573s][info][gc,start    ] GC(798) Pause Young (Concurrent Start) (G1 Humongous Allocation)
[397.573s][info][gc,task     ] GC(798) Using 2 workers of 2 for evacuation
[397.575s][info][gc,phases   ] GC(798)   Pre Evacuate Collection Set: 0.19ms
[397.575s][info][gc,phases   ] GC(798)   Merge Heap Roots: 0.04ms
[397.575s][info][gc,phases   ] GC(798)   Evacuate Collection Set: 1.58ms
[397.575s][info][gc,phases   ] GC(798)   Post Evacuate Collection Set: 0.28ms
[397.575s][info][gc,phases   ] GC(798)   Other: 0.12ms
[397.575s][info][gc,heap     ] GC(798) Eden regions: 21->0(151)
[397.575s][info][gc,heap     ] GC(798) Survivor regions: 2->2(20)
[397.575s][info][gc,heap     ] GC(798) Old regions: 42->42
[397.575s][info][gc,heap     ] GC(798) Humongous regions: 3->1
[397.575s][info][gc,metaspace] GC(798) Metaspace: 42921K(43392K)->42921K(43392K) NonClass: 38573K(38848K)->38573K(38848K) Class: 4347K(4544K)->4347K(4544K)
[397.575s][info][gc          ] GC(798) Pause Young (Concurrent Start) (G1 Humongous Allocation) 67M->44M(256M) 2.374ms
[397.575s][info][gc,cpu      ] GC(798) User=0.00s Sys=0.00s Real=0.00s
[397.575s][info][gc          ] GC(799) Concurrent Mark Cycle
[397.575s][info][gc,marking  ] GC(799) Concurrent Scan Root Regions
[397.579s][info][gc,marking  ] GC(799) Concurrent Scan Root Regions 3.837ms
[397.579s][info][gc,marking  ] GC(799) Concurrent Mark
[397.579s][info][gc,marking  ] GC(799) Concurrent Mark From Roots
[397.579s][info][gc,task     ] GC(799) Using 1 workers of 1 for marking
[397.636s][info][gc,marking  ] GC(799) Concurrent Mark From Roots 56.449ms
[397.636s][info][gc,marking  ] GC(799) Concurrent Preclean
[397.636s][info][gc,marking  ] GC(799) Concurrent Preclean 0.034ms
[397.636s][info][gc,start    ] GC(799) Pause Remark
[397.653s][info][gc          ] GC(799) Pause Remark 61M->61M(256M) 17.176ms
[397.653s][info][gc,cpu      ] GC(799) User=0.03s Sys=0.00s Real=0.02s
[397.653s][info][gc,marking  ] GC(799) Concurrent Mark 73.976ms
[397.653s][info][gc,marking  ] GC(799) Concurrent Rebuild Remembered Sets and Scrub Regions
[397.674s][info][gc,marking  ] GC(799) Concurrent Rebuild Remembered Sets and Scrub Regions 20.659ms
[397.674s][info][gc,start    ] GC(799) Pause Cleanup
[397.674s][info][gc          ] GC(799) Pause Cleanup 65M->65M(256M) 0.045ms
[397.674s][info][gc,cpu      ] GC(799) User=0.00s Sys=0.00s Real=0.00s
[397.674s][info][gc,marking  ] GC(799) Concurrent Clear Claimed Marks
[397.674s][info][gc,marking  ] GC(799) Concurrent Clear Claimed Marks 0.049ms
[397.674s][info][gc,marking  ] GC(799) Concurrent Cleanup for Next Mark
[397.675s][info][gc,marking  ] GC(799) Concurrent Cleanup for Next Mark 0.736ms
[397.675s][info][gc          ] GC(799) Concurrent Mark Cycle 99.629ms
[398.166s][info][gc,start    ] GC(800) Pause Young (Prepare Mixed) (G1 Evacuation Pause)
[398.166s][info][gc,task     ] GC(800) Using 2 workers of 2 for evacuation
[398.170s][info][gc,phases   ] GC(800)   Pre Evacuate Collection Set: 0.16ms
[398.170s][info][gc,phases   ] GC(800)   Merge Heap Roots: 0.06ms
[398.170s][info][gc,phases   ] GC(800)   Evacuate Collection Set: 2.95ms
[398.170s][info][gc,phases   ] GC(800)   Post Evacuate Collection Set: 0.48ms
[398.170s][info][gc,phases   ] GC(800)   Other: 0.07ms
[398.170s][info][gc,heap     ] GC(800) Eden regions: 151->0(150)
[398.170s][info][gc,heap     ] GC(800) Survivor regions: 2->3(20)
[398.170s][info][gc,heap     ] GC(800) Old regions: 42->42
[398.170s][info][gc,heap     ] GC(800) Humongous regions: 17->3
[398.170s][info][gc,metaspace] GC(800) Metaspace: 42921K(43392K)->42921K(43392K) NonClass: 38573K(38848K)->38573K(38848K) Class: 4347K(4544K)->4347K(4544K)
[398.170s][info][gc          ] GC(800) Pause Young (Prepare Mixed) (G1 Evacuation Pause) 211M->47M(256M) 3.920ms
[398.170s][info][gc,cpu      ] GC(800) User=0.01s Sys=0.00s Real=0.01s
[398.786s][info][gc,start    ] GC(801) Pause Young (Mixed) (G1 Evacuation Pause)
[398.786s][info][gc,task     ] GC(801) Using 2 workers of 2 for evacuation
[398.796s][info][gc,phases   ] GC(801)   Pre Evacuate Collection Set: 0.15ms
[398.797s][info][gc,phases   ] GC(801)   Merge Heap Roots: 0.13ms
[398.797s][info][gc,phases   ] GC(801)   Evacuate Collection Set: 9.60ms
[398.797s][info][gc,phases   ] GC(801)   Post Evacuate Collection Set: 0.44ms
[398.797s][info][gc,phases   ] GC(801)   Other: 0.07ms
[398.797s][info][gc,heap     ] GC(801) Eden regions: 150->0(147)
[398.797s][info][gc,heap     ] GC(801) Survivor regions: 3->6(20)
[398.797s][info][gc,heap     ] GC(801) Old regions: 42->40
[398.797s][info][gc,heap     ] GC(801) Humongous regions: 13->3
[398.797s][info][gc,metaspace] GC(801) Metaspace: 42921K(43392K)->42921K(43392K) NonClass: 38574K(38848K)->38574K(38848K) Class: 4347K(4544K)->4347K(4544K)
[398.797s][info][gc          ] GC(801) Pause Young (Mixed) (G1 Evacuation Pause) 207M->47M(256M) 10.576ms
[398.797s][info][gc,cpu      ] GC(801) User=0.02s Sys=0.00s Real=0.01s
[398.805s][info][gc,start    ] GC(802) Pause Young (Concurrent Start) (G1 Humongous Allocation)
[398.805s][info][gc,task     ] GC(802) Using 2 workers of 2 for evacuation
[398.809s][info][gc,phases   ] GC(802)   Pre Evacuate Collection Set: 0.16ms
[398.809s][info][gc,phases   ] GC(802)   Merge Heap Roots: 0.03ms
[398.809s][info][gc,phases   ] GC(802)   Evacuate Collection Set: 2.98ms
[398.809s][info][gc,phases   ] GC(802)   Post Evacuate Collection Set: 0.25ms
[398.809s][info][gc,phases   ] GC(802)   Other: 0.07ms
[398.809s][info][gc,heap     ] GC(802) Eden regions: 3->0(150)
[398.809s][info][gc,heap     ] GC(802) Survivor regions: 6->3(20)
[398.809s][info][gc,heap     ] GC(802) Old regions: 40->40
[398.809s][info][gc,heap     ] GC(802) Humongous regions: 3->1
[398.809s][info][gc,metaspace] GC(802) Metaspace: 42921K(43392K)->42921K(43392K) NonClass: 38574K(38848K)->38574K(38848K) Class: 4347K(4544K)->4347K(4544K)
[398.809s][info][gc          ] GC(802) Pause Young (Concurrent Start) (G1 Humongous Allocation) 50M->42M(256M) 3.665ms
[398.809s][info][gc,cpu      ] GC(802) User=0.00s Sys=0.00s Real=0.00s
[398.809s][info][gc          ] GC(803) Concurrent Mark Cycle
[398.809s][info][gc,marking  ] GC(803) Concurrent Scan Root Regions
[398.812s][info][gc,marking  ] GC(803) Concurrent Scan Root Regions 3.593ms
[398.812s][info][gc,marking  ] GC(803) Concurrent Mark
[398.812s][info][gc,marking  ] GC(803) Concurrent Mark From Roots
[398.812s][info][gc,task     ] GC(803) Using 1 workers of 1 for marking
[398.866s][info][gc,marking  ] GC(803) Concurrent Mark From Roots 53.961ms
[398.866s][info][gc,marking  ] GC(803) Concurrent Preclean
[398.866s][info][gc,marking  ] GC(803) Concurrent Preclean 0.034ms
[398.867s][info][gc,start    ] GC(803) Pause Remark
[398.883s][info][gc          ] GC(803) Pause Remark 56M->56M(256M) 16.690ms
[398.883s][info][gc,cpu      ] GC(803) User=0.03s Sys=0.00s Real=0.02s
[398.883s][info][gc,marking  ] GC(803) Concurrent Mark 70.961ms
[398.883s][info][gc,marking  ] GC(803) Concurrent Rebuild Remembered Sets and Scrub Regions
[398.904s][info][gc,marking  ] GC(803) Concurrent Rebuild Remembered Sets and Scrub Regions 20.236ms
[398.904s][info][gc,start    ] GC(803) Pause Cleanup
[398.904s][info][gc          ] GC(803) Pause Cleanup 60M->60M(256M) 0.046ms
[398.904s][info][gc,cpu      ] GC(803) User=0.00s Sys=0.00s Real=0.00s
[398.904s][info][gc,marking  ] GC(803) Concurrent Clear Claimed Marks
[398.904s][info][gc,marking  ] GC(803) Concurrent Clear Claimed Marks 0.039ms
[398.904s][info][gc,marking  ] GC(803) Concurrent Cleanup for Next Mark
[398.905s][info][gc,marking  ] GC(803) Concurrent Cleanup for Next Mark 0.756ms
[398.905s][info][gc          ] GC(803) Concurrent Mark Cycle 95.937ms
[399.544s][info][gc,start    ] GC(804) Pause Young (Prepare Mixed) (G1 Evacuation Pause)
[399.544s][info][gc,task     ] GC(804) Using 2 workers of 2 for evacuation
[399.568s][info][gc,phases   ] GC(804)   Pre Evacuate Collection Set: 0.16ms
[399.568s][info][gc,phases   ] GC(804)   Merge Heap Roots: 0.08ms
[399.568s][info][gc,phases   ] GC(804)   Evacuate Collection Set: 23.05ms
[399.568s][info][gc,phases   ] GC(804)   Post Evacuate Collection Set: 0.47ms
[399.568s][info][gc,phases   ] GC(804)   Other: 0.07ms
[399.568s][info][gc,heap     ] GC(804) Eden regions: 150->0(133)
[399.568s][info][gc,heap     ] GC(804) Survivor regions: 3->20(20)
[399.568s][info][gc,heap     ] GC(804) Old regions: 40->46
[399.568s][info][gc,heap     ] GC(804) Humongous regions: 7->3
[399.568s][info][gc,metaspace] GC(804) Metaspace: 42921K(43392K)->42921K(43392K) NonClass: 38574K(38848K)->38574K(38848K) Class: 4347K(4544K)->4347K(4544K)
[399.568s][info][gc          ] GC(804) Pause Young (Prepare Mixed) (G1 Evacuation Pause) 198M->68M(256M) 24.016ms
[399.568s][info][gc,cpu      ] GC(804) User=0.05s Sys=0.00s Real=0.02s
[400.191s][info][gc,start    ] GC(805) Pause Young (Mixed) (G1 Evacuation Pause)
[400.191s][info][gc,task     ] GC(805) Using 2 workers of 2 for evacuation
[400.228s][info][gc,phases   ] GC(805)   Pre Evacuate Collection Set: 0.18ms
[400.228s][info][gc,phases   ] GC(805)   Merge Heap Roots: 0.13ms
[400.228s][info][gc,phases   ] GC(805)   Evacuate Collection Set: 35.78ms
[400.228s][info][gc,phases   ] GC(805)   Post Evacuate Collection Set: 0.45ms
[400.228s][info][gc,phases   ] GC(805)   Other: 0.07ms
[400.228s][info][gc,heap     ] GC(805) Eden regions: 133->0(132)
[400.228s][info][gc,heap     ] GC(805) Survivor regions: 20->20(20)
[400.228s][info][gc,heap     ] GC(805) Old regions: 46->55
[400.228s][info][gc,heap     ] GC(805) Humongous regions: 3->3
[400.228s][info][gc,metaspace] GC(805) Metaspace: 42921K(43392K)->42921K(43392K) NonClass: 38574K(38848K)->38574K(38848K) Class: 4347K(4544K)->4347K(4544K)
[400.228s][info][gc          ] GC(805) Pause Young (Mixed) (G1 Evacuation Pause) 201M->77M(256M) 36.838ms
[400.228s][info][gc,cpu      ] GC(805) User=0.07s Sys=0.00s Real=0.03s
[400.559s][info][gc,start    ] GC(806) Pause Young (Concurrent Start) (G1 Humongous Allocation)
[400.559s][info][gc,task     ] GC(806) Using 2 workers of 2 for evacuation
[400.601s][info][gc,phases   ] GC(806)   Pre Evacuate Collection Set: 0.17ms
[400.601s][info][gc,phases   ] GC(806)   Merge Heap Roots: 0.16ms
[400.601s][info][gc,phases   ] GC(806)   Evacuate Collection Set: 40.83ms
[400.601s][info][gc,phases   ] GC(806)   Post Evacuate Collection Set: 0.37ms
[400.601s][info][gc,phases   ] GC(806)   Other: 0.10ms
[400.601s][info][gc,heap     ] GC(806) Eden regions: 68->0(108)
[400.601s][info][gc,heap     ] GC(806) Survivor regions: 20->19(19)
[400.601s][info][gc,heap     ] GC(806) Old regions: 55->74
[400.601s][info][gc,heap     ] GC(806) Humongous regions: 3->1
[400.601s][info][gc,metaspace] GC(806) Metaspace: 42921K(43392K)->42921K(43392K) NonClass: 38574K(38848K)->38574K(38848K) Class: 4347K(4544K)->4347K(4544K)
[400.601s][info][gc          ] GC(806) Pause Young (Concurrent Start) (G1 Humongous Allocation) 145M->93M(256M) 41.800ms
[400.601s][info][gc,cpu      ] GC(806) User=0.08s Sys=0.00s Real=0.05s
[400.601s][info][gc          ] GC(807) Concurrent Mark Cycle
[400.601s][info][gc,marking  ] GC(807) Concurrent Scan Root Regions
[400.648s][info][gc,marking  ] GC(807) Concurrent Scan Root Regions 46.781ms
[400.648s][info][gc,marking  ] GC(807) Concurrent Mark
[400.648s][info][gc,marking  ] GC(807) Concurrent Mark From Roots
[400.648s][info][gc,task     ] GC(807) Using 1 workers of 1 for marking
[400.723s][info][gc,marking  ] GC(807) Concurrent Mark From Roots 75.495ms
[400.723s][info][gc,marking  ] GC(807) Concurrent Preclean
[400.723s][info][gc,marking  ] GC(807) Concurrent Preclean 0.034ms
[400.723s][info][gc,start    ] GC(807) Pause Remark
[400.740s][info][gc          ] GC(807) Pause Remark 123M->123M(256M) 16.735ms
[400.740s][info][gc,cpu      ] GC(807) User=0.03s Sys=0.00s Real=0.02s
[400.740s][info][gc,marking  ] GC(807) Concurrent Mark 92.540ms
[400.740s][info][gc,marking  ] GC(807) Concurrent Rebuild Remembered Sets and Scrub Regions
[400.787s][info][gc,marking  ] GC(807) Concurrent Rebuild Remembered Sets and Scrub Regions 47.058ms
[400.787s][info][gc,start    ] GC(807) Pause Cleanup
[400.787s][info][gc          ] GC(807) Pause Cleanup 133M->133M(256M) 0.045ms
[400.787s][info][gc,cpu      ] GC(807) User=0.00s Sys=0.00s Real=0.00s
[400.788s][info][gc,marking  ] GC(807) Concurrent Clear Claimed Marks
[400.788s][info][gc,marking  ] GC(807) Concurrent Clear Claimed Marks 0.038ms
[400.788s][info][gc,marking  ] GC(807) Concurrent Cleanup for Next Mark
[400.788s][info][gc,marking  ] GC(807) Concurrent Cleanup for Next Mark 0.756ms
[400.788s][info][gc          ] GC(807) Concurrent Mark Cycle 187.548ms
[401.087s][info][gc,start    ] GC(808) Pause Young (Prepare Mixed) (G1 Evacuation Pause)
[401.087s][info][gc,task     ] GC(808) Using 2 workers of 2 for evacuation
[401.117s][info][gc,phases   ] GC(808)   Pre Evacuate Collection Set: 0.15ms
[401.117s][info][gc,phases   ] GC(808)   Merge Heap Roots: 0.18ms
[401.117s][info][gc,phases   ] GC(808)   Evacuate Collection Set: 28.72ms
[401.117s][info][gc,phases   ] GC(808)   Post Evacuate Collection Set: 0.42ms
[401.117s][info][gc,phases   ] GC(808)   Other: 0.09ms
[401.117s][info][gc,heap     ] GC(808) Eden regions: 108->0(103)
[401.117s][info][gc,heap     ] GC(808) Survivor regions: 19->10(16)
[401.117s][info][gc,heap     ] GC(808) Old regions: 74->93
[401.117s][info][gc,heap     ] GC(808) Humongous regions: 5->3
[401.117s][info][gc,metaspace] GC(808) Metaspace: 42921K(43392K)->42921K(43392K) NonClass: 38574K(38848K)->38574K(38848K) Class: 4347K(4544K)->4347K(4544K)
[401.117s][info][gc          ] GC(808) Pause Young (Prepare Mixed) (G1 Evacuation Pause) 205M->105M(256M) 29.768ms
[401.117s][info][gc,cpu      ] GC(808) User=0.05s Sys=0.00s Real=0.03s
[401.504s][info][gc,start    ] GC(809) Pause Young (Mixed) (G1 Evacuation Pause)
[401.504s][info][gc,task     ] GC(809) Using 2 workers of 2 for evacuation
[401.514s][info][gc,phases   ] GC(809)   Pre Evacuate Collection Set: 0.15ms
[401.514s][info][gc,phases   ] GC(809)   Merge Heap Roots: 0.13ms
[401.514s][info][gc,phases   ] GC(809)   Evacuate Collection Set: 9.38ms
[401.514s][info][gc,phases   ] GC(809)   Post Evacuate Collection Set: 0.39ms
[401.514s][info][gc,phases   ] GC(809)   Other: 0.07ms
[401.514s][info][gc,heap     ] GC(809) Eden regions: 103->0(115)
[401.514s][info][gc,heap     ] GC(809) Survivor regions: 10->5(15)
[401.514s][info][gc,heap     ] GC(809) Old regions: 93->91
[401.514s][info][gc,heap     ] GC(809) Humongous regions: 11->3
[401.514s][info][gc,metaspace] GC(809) Metaspace: 42921K(43392K)->42921K(43392K) NonClass: 38574K(38848K)->38574K(38848K) Class: 4347K(4544K)->4347K(4544K)
[401.514s][info][gc          ] GC(809) Pause Young (Mixed) (G1 Evacuation Pause) 216M->98M(256M) 10.295ms
[401.514s][info][gc,cpu      ] GC(809) User=0.02s Sys=0.00s Real=0.01s
[401.691s][info][gc,start    ] GC(810) Pause Young (Concurrent Start) (G1 Humongous Allocation)
[401.691s][info][gc,task     ] GC(810) Using 2 workers of 2 for evacuation
[401.693s][info][gc,phases   ] GC(810)   Pre Evacuate Collection Set: 0.16ms
[401.693s][info][gc,phases   ] GC(810)   Merge Heap Roots: 0.03ms
[401.693s][info][gc,phases   ] GC(810)   Evacuate Collection Set: 1.42ms
[401.693s][info][gc,phases   ] GC(810)   Post Evacuate Collection Set: 0.30ms
[401.693s][info][gc,phases   ] GC(810)   Other: 0.08ms
[401.693s][info][gc,heap     ] GC(810) Eden regions: 37->0(126)
[401.693s][info][gc,heap     ] GC(810) Survivor regions: 5->2(15)
[401.693s][info][gc,heap     ] GC(810) Old regions: 91->91
[401.693s][info][gc,heap     ] GC(810) Humongous regions: 3->1
[401.693s][info][gc,metaspace] GC(810) Metaspace: 42922K(43392K)->42922K(43392K) NonClass: 38575K(38848K)->38575K(38848K) Class: 4347K(4544K)->4347K(4544K)
[401.693s][info][gc          ] GC(810) Pause Young (Concurrent Start) (G1 Humongous Allocation) 135M->93M(256M) 2.157ms
[401.693s][info][gc,cpu      ] GC(810) User=0.00s Sys=0.00s Real=0.00s
[401.693s][info][gc          ] GC(811) Concurrent Mark Cycle
[401.693s][info][gc,marking  ] GC(811) Concurrent Scan Root Regions
[401.694s][info][gc,marking  ] GC(811) Concurrent Scan Root Regions 1.474ms
[401.694s][info][gc,marking  ] GC(811) Concurrent Mark
[401.694s][info][gc,marking  ] GC(811) Concurrent Mark From Roots
[401.694s][info][gc,task     ] GC(811) Using 1 workers of 1 for marking
[401.755s][info][gc,marking  ] GC(811) Concurrent Mark From Roots 60.276ms
[401.755s][info][gc,marking  ] GC(811) Concurrent Preclean
[401.755s][info][gc,marking  ] GC(811) Concurrent Preclean 0.034ms
[401.755s][info][gc,start    ] GC(811) Pause Remark
[401.771s][info][gc          ] GC(811) Pause Remark 113M->100M(256M) 16.814ms
[401.772s][info][gc,cpu      ] GC(811) User=0.03s Sys=0.00s Real=0.02s
[401.772s][info][gc,marking  ] GC(811) Concurrent Mark 77.338ms
[401.772s][info][gc,marking  ] GC(811) Concurrent Rebuild Remembered Sets and Scrub Regions
[401.794s][info][gc,marking  ] GC(811) Concurrent Rebuild Remembered Sets and Scrub Regions 22.193ms
[401.794s][info][gc,start    ] GC(811) Pause Cleanup
[401.794s][info][gc          ] GC(811) Pause Cleanup 103M->103M(256M) 0.054ms
[401.794s][info][gc,cpu      ] GC(811) User=0.00s Sys=0.00s Real=0.00s
[401.794s][info][gc,marking  ] GC(811) Concurrent Clear Claimed Marks
[401.794s][info][gc,marking  ] GC(811) Concurrent Clear Claimed Marks 0.037ms
[401.794s][info][gc,marking  ] GC(811) Concurrent Cleanup for Next Mark
[401.795s][info][gc,marking  ] GC(811) Concurrent Cleanup for Next Mark 0.742ms
[401.795s][info][gc          ] GC(811) Concurrent Mark Cycle 102.055ms
[402.218s][info][gc,start    ] GC(812) Pause Young (Prepare Mixed) (G1 Evacuation Pause)
[402.218s][info][gc,task     ] GC(812) Using 2 workers of 2 for evacuation
[402.231s][info][gc,phases   ] GC(812)   Pre Evacuate Collection Set: 0.16ms
[402.231s][info][gc,phases   ] GC(812)   Merge Heap Roots: 0.06ms
[402.231s][info][gc,phases   ] GC(812)   Evacuate Collection Set: 12.79ms
[402.231s][info][gc,phases   ] GC(812)   Post Evacuate Collection Set: 0.41ms
[402.231s][info][gc,phases   ] GC(812)   Other: 0.07ms
[402.231s][info][gc,heap     ] GC(812) Eden regions: 126->0(127)
[402.231s][info][gc,heap     ] GC(812) Survivor regions: 2->12(16)
[402.231s][info][gc,heap     ] GC(812) Old regions: 78->78
[402.231s][info][gc,heap     ] GC(812) Humongous regions: 5->3
[402.231s][info][gc,metaspace] GC(812) Metaspace: 42922K(43392K)->42922K(43392K) NonClass: 38575K(38848K)->38575K(38848K) Class: 4347K(4544K)->4347K(4544K)
[402.232s][info][gc          ] GC(812) Pause Young (Prepare Mixed) (G1 Evacuation Pause) 210M->93M(256M) 13.694ms
[402.232s][info][gc,cpu      ] GC(812) User=0.03s Sys=0.00s Real=0.02s
[402.744s][info][gc,start    ] GC(813) Pause Young (Mixed) (G1 Evacuation Pause)
[402.744s][info][gc,task     ] GC(813) Using 2 workers of 2 for evacuation
[402.753s][info][gc,phases   ] GC(813)   Pre Evacuate Collection Set: 0.16ms
[402.753s][info][gc,phases   ] GC(813)   Merge Heap Roots: 0.08ms
[402.753s][info][gc,phases   ] GC(813)   Evacuate Collection Set: 7.59ms
[402.753s][info][gc,phases   ] GC(813)   Post Evacuate Collection Set: 0.39ms
[402.753s][info][gc,phases   ] GC(813)   Other: 0.08ms
[402.753s][info][gc,heap     ] GC(813) Eden regions: 127->0(147)
[402.753s][info][gc,heap     ] GC(813) Survivor regions: 12->6(18)
[402.753s][info][gc,heap     ] GC(813) Old regions: 78->54
[402.753s][info][gc,heap     ] GC(813) Humongous regions: 9->3
[402.753s][info][gc,metaspace] GC(813) Metaspace: 42922K(43392K)->42922K(43392K) NonClass: 38575K(38848K)->38575K(38848K) Class: 4347K(4544K)->4347K(4544K)
[402.753s][info][gc          ] GC(813) Pause Young (Mixed) (G1 Evacuation Pause) 226M->61M(256M) 8.478ms
[402.753s][info][gc,cpu      ] GC(813) User=0.02s Sys=0.00s Real=0.01s
[403.320s][info][gc,start    ] GC(814) Pause Young (Mixed) (G1 Evacuation Pause)
[403.321s][info][gc,task     ] GC(814) Using 2 workers of 2 for evacuation
[403.334s][info][gc,phases   ] GC(814)   Pre Evacuate Collection Set: 0.17ms
[403.334s][info][gc,phases   ] GC(814)   Merge Heap Roots: 0.10ms
[403.334s][info][gc,phases   ] GC(814)   Evacuate Collection Set: 12.50ms
[403.334s][info][gc,phases   ] GC(814)   Post Evacuate Collection Set: 0.43ms
[403.334s][info][gc,phases   ] GC(814)   Other: 0.08ms
[403.334s][info][gc,heap     ] GC(814) Eden regions: 147->0(142)
[403.334s][info][gc,heap     ] GC(814) Survivor regions: 6->11(20)
[403.334s][info][gc,heap     ] GC(814) Old regions: 54->47
[403.334s][info][gc,heap     ] GC(814) Humongous regions: 7->3
[403.334s][info][gc,metaspace] GC(814) Metaspace: 42922K(43392K)->42922K(43392K) NonClass: 38575K(38848K)->38575K(38848K) Class: 4347K(4544K)->4347K(4544K)
[403.334s][info][gc          ] GC(814) Pause Young (Mixed) (G1 Evacuation Pause) 212M->60M(256M) 13.456ms
[403.334s][info][gc,cpu      ] GC(814) User=0.02s Sys=0.00s Real=0.01s
[403.449s][info][gc,start    ] GC(815) Pause Young (Concurrent Start) (G1 Humongous Allocation)
[403.449s][info][gc,task     ] GC(815) Using 2 workers of 2 for evacuation
[403.452s][info][gc,phases   ] GC(815)   Pre Evacuate Collection Set: 0.16ms
[403.452s][info][gc,phases   ] GC(815)   Merge Heap Roots: 0.06ms
[403.452s][info][gc,phases   ] GC(815)   Evacuate Collection Set: 2.17ms
[403.452s][info][gc,phases   ] GC(815)   Post Evacuate Collection Set: 0.31ms
[403.452s][info][gc,phases   ] GC(815)   Other: 0.10ms
[403.452s][info][gc,heap     ] GC(815) Eden regions: 28->0(150)
[403.452s][info][gc,heap     ] GC(815) Survivor regions: 11->3(20)
[403.452s][info][gc,heap     ] GC(815) Old regions: 47->47
[403.452s][info][gc,heap     ] GC(815) Humongous regions: 3->1
[403.452s][info][gc,metaspace] GC(815) Metaspace: 42922K(43392K)->42922K(43392K) NonClass: 38575K(38848K)->38575K(38848K) Class: 4347K(4544K)->4347K(4544K)
[403.452s][info][gc          ] GC(815) Pause Young (Concurrent Start) (G1 Humongous Allocation) 88M->50M(256M) 2.955ms
[403.452s][info][gc,cpu      ] GC(815) User=0.00s Sys=0.00s Real=0.00s
[403.452s][info][gc          ] GC(816) Concurrent Mark Cycle
[403.452s][info][gc,marking  ] GC(816) Concurrent Scan Root Regions
[403.455s][info][gc,marking  ] GC(816) Concurrent Scan Root Regions 2.544ms
[403.455s][info][gc,marking  ] GC(816) Concurrent Mark
[403.455s][info][gc,marking  ] GC(816) Concurrent Mark From Roots
[403.455s][info][gc,task     ] GC(816) Using 1 workers of 1 for marking
[403.526s][info][gc,marking  ] GC(816) Concurrent Mark From Roots 70.901ms
[403.526s][info][gc,marking  ] GC(816) Concurrent Preclean
[403.526s][info][gc,marking  ] GC(816) Concurrent Preclean 0.034ms
[403.526s][info][gc,start    ] GC(816) Pause Remark
[403.543s][info][gc          ] GC(816) Pause Remark 72M->72M(256M) 16.736ms
[403.543s][info][gc,cpu      ] GC(816) User=0.03s Sys=0.00s Real=0.02s
[403.543s][info][gc,marking  ] GC(816) Concurrent Mark 88.056ms
[403.543s][info][gc,marking  ] GC(816) Concurrent Rebuild Remembered Sets and Scrub Regions
[403.567s][info][gc,marking  ] GC(816) Concurrent Rebuild Remembered Sets and Scrub Regions 23.731ms
[403.567s][info][gc,start    ] GC(816) Pause Cleanup
[403.567s][info][gc          ] GC(816) Pause Cleanup 79M->79M(256M) 0.041ms
[403.567s][info][gc,cpu      ] GC(816) User=0.00s Sys=0.00s Real=0.00s
[403.567s][info][gc,marking  ] GC(816) Concurrent Clear Claimed Marks
[403.567s][info][gc,marking  ] GC(816) Concurrent Clear Claimed Marks 0.037ms
[403.567s][info][gc,marking  ] GC(816) Concurrent Cleanup for Next Mark
[403.568s][info][gc,marking  ] GC(816) Concurrent Cleanup for Next Mark 0.737ms
[403.568s][info][gc          ] GC(816) Concurrent Mark Cycle 115.387ms
[404.140s][info][gc,start    ] GC(817) Pause Young (Prepare Mixed) (G1 Evacuation Pause)
[404.140s][info][gc,task     ] GC(817) Using 2 workers of 2 for evacuation
[404.146s][info][gc,phases   ] GC(817)   Pre Evacuate Collection Set: 0.17ms
[404.146s][info][gc,phases   ] GC(817)   Merge Heap Roots: 0.06ms
[404.146s][info][gc,phases   ] GC(817)   Evacuate Collection Set: 4.82ms
[404.146s][info][gc,phases   ] GC(817)   Post Evacuate Collection Set: 0.43ms
[404.146s][info][gc,phases   ] GC(817)   Other: 0.06ms
[404.146s][info][gc,heap     ] GC(817) Eden regions: 150->0(148)
[404.146s][info][gc,heap     ] GC(817) Survivor regions: 3->5(20)
[404.146s][info][gc,heap     ] GC(817) Old regions: 47->47
[404.146s][info][gc,heap     ] GC(817) Humongous regions: 9->3
[404.146s][info][gc,metaspace] GC(817) Metaspace: 42922K(43392K)->42922K(43392K) NonClass: 38575K(38848K)->38575K(38848K) Class: 4347K(4544K)->4347K(4544K)
[404.146s][info][gc          ] GC(817) Pause Young (Prepare Mixed) (G1 Evacuation Pause) 208M->54M(256M) 5.722ms
[404.146s][info][gc,cpu      ] GC(817) User=0.01s Sys=0.00s Real=0.00s
[404.584s][info][gc,start    ] GC(818) Pause Young (Mixed) (G1 Evacuation Pause)
[404.585s][info][gc,task     ] GC(818) Using 2 workers of 2 for evacuation
[404.627s][info][gc,phases   ] GC(818)   Pre Evacuate Collection Set: 0.15ms
[404.627s][info][gc,phases   ] GC(818)   Merge Heap Roots: 0.11ms
[404.627s][info][gc,phases   ] GC(818)   Evacuate Collection Set: 39.85ms
[404.627s][info][gc,phases   ] GC(818)   Post Evacuate Collection Set: 2.42ms
[404.627s][info][gc,phases   ] GC(818)   Other: 0.08ms
[404.627s][info][gc,heap     ] GC(818) Eden regions: 148->0(125)
[404.627s][info][gc,heap     ] GC(818) Survivor regions: 5->20(20)
[404.627s][info][gc,heap     ] GC(818) Old regions: 47->63
[404.627s][info][gc,heap     ] GC(818) Humongous regions: 3->3
[404.627s][info][gc,metaspace] GC(818) Metaspace: 42922K(43392K)->42922K(43392K) NonClass: 38575K(38848K)->38575K(38848K) Class: 4347K(4544K)->4347K(4544K)
[404.627s][info][gc          ] GC(818) Pause Young (Mixed) (G1 Evacuation Pause) 202M->85M(256M) 42.828ms
[404.627s][info][gc,cpu      ] GC(818) User=0.08s Sys=0.00s Real=0.04s
[405.251s][info][gc,start    ] GC(819) Pause Young (Concurrent Start) (G1 Evacuation Pause)
[405.251s][info][gc,task     ] GC(819) Using 2 workers of 2 for evacuation
[405.315s][info][gc,phases   ] GC(819)   Pre Evacuate Collection Set: 0.21ms
[405.315s][info][gc,phases   ] GC(819)   Merge Heap Roots: 0.22ms
[405.315s][info][gc,phases   ] GC(819)   Evacuate Collection Set: 62.40ms
[405.315s][info][gc,phases   ] GC(819)   Post Evacuate Collection Set: 0.49ms
[405.315s][info][gc,phases   ] GC(819)   Other: 0.09ms
[405.315s][info][gc,heap     ] GC(819) Eden regions: 125->0(99)
[405.315s][info][gc,heap     ] GC(819) Survivor regions: 20->19(19)
[405.315s][info][gc,heap     ] GC(819) Old regions: 63->92
[405.315s][info][gc,heap     ] GC(819) Humongous regions: 3->3
[405.315s][info][gc,metaspace] GC(819) Metaspace: 42922K(43392K)->42922K(43392K) NonClass: 38575K(38848K)->38575K(38848K) Class: 4347K(4544K)->4347K(4544K)
[405.315s][info][gc          ] GC(819) Pause Young (Concurrent Start) (G1 Evacuation Pause) 210M->113M(259M) 63.619ms
[405.315s][info][gc,cpu      ] GC(819) User=0.13s Sys=0.01s Real=0.06s
[405.315s][info][gc          ] GC(820) Concurrent Mark Cycle
[405.315s][info][gc,marking  ] GC(820) Concurrent Scan Root Regions
[405.390s][info][gc,marking  ] GC(820) Concurrent Scan Root Regions 75.236ms
[405.391s][info][gc,marking  ] GC(820) Concurrent Mark
[405.391s][info][gc,marking  ] GC(820) Concurrent Mark From Roots
[405.391s][info][gc,task     ] GC(820) Using 1 workers of 1 for marking
[405.565s][info][gc,marking  ] GC(820) Concurrent Mark From Roots 174.535ms
[405.565s][info][gc,marking  ] GC(820) Concurrent Preclean
[405.565s][info][gc,marking  ] GC(820) Concurrent Preclean 0.041ms
[405.565s][info][gc,start    ] GC(820) Pause Remark
[405.582s][info][gc          ] GC(820) Pause Remark 152M->152M(259M) 17.094ms
[405.582s][info][gc,cpu      ] GC(820) User=0.04s Sys=0.00s Real=0.02s
[405.583s][info][gc,marking  ] GC(820) Concurrent Mark 192.353ms
[405.583s][info][gc,marking  ] GC(820) Concurrent Rebuild Remembered Sets and Scrub Regions
[405.682s][info][gc,marking  ] GC(820) Concurrent Rebuild Remembered Sets and Scrub Regions 99.458ms
[405.682s][info][gc,start    ] GC(820) Pause Cleanup
[405.683s][info][gc          ] GC(820) Pause Cleanup 170M->170M(259M) 0.042ms
[405.683s][info][gc,cpu      ] GC(820) User=0.00s Sys=0.00s Real=0.00s
[405.683s][info][gc,marking  ] GC(820) Concurrent Clear Claimed Marks
[405.683s][info][gc,marking  ] GC(820) Concurrent Clear Claimed Marks 0.038ms
[405.683s][info][gc,marking  ] GC(820) Concurrent Cleanup for Next Mark
[405.683s][info][gc,marking  ] GC(820) Concurrent Cleanup for Next Mark 0.835ms
[405.683s][info][gc          ] GC(820) Concurrent Mark Cycle 368.649ms
[405.914s][info][gc,start    ] GC(821) Pause Young (Prepare Mixed) (G1 Evacuation Pause)
[405.914s][info][gc,task     ] GC(821) Using 2 workers of 2 for evacuation
[405.972s][info][gc,phases   ] GC(821)   Pre Evacuate Collection Set: 0.15ms
[405.972s][info][gc,phases   ] GC(821)   Merge Heap Roots: 0.43ms
[405.972s][info][gc,phases   ] GC(821)   Evacuate Collection Set: 57.42ms
[405.972s][info][gc,phases   ] GC(821)   Post Evacuate Collection Set: 0.45ms
[405.972s][info][gc,phases   ] GC(821)   Other: 0.08ms
[405.972s][info][gc,heap     ] GC(821) Eden regions: 99->0(74)
[405.972s][info][gc,heap     ] GC(821) Survivor regions: 19->15(15)
[405.972s][info][gc,heap     ] GC(821) Old regions: 92->123
[405.972s][info][gc,heap     ] GC(821) Humongous regions: 3->3
[405.972s][info][gc,metaspace] GC(821) Metaspace: 42922K(43392K)->42922K(43392K) NonClass: 38575K(38848K)->38575K(38848K) Class: 4347K(4544K)->4347K(4544K)
[405.972s][info][gc          ] GC(821) Pause Young (Prepare Mixed) (G1 Evacuation Pause) 212M->141M(259M) 58.734ms
[405.972s][info][gc,cpu      ] GC(821) User=0.12s Sys=0.00s Real=0.06s
[406.391s][info][gc,start    ] GC(822) Pause Young (Mixed) (G1 Evacuation Pause)
[406.391s][info][gc,task     ] GC(822) Using 2 workers of 2 for evacuation
[406.436s][info][gc,phases   ] GC(822)   Pre Evacuate Collection Set: 0.17ms
[406.436s][info][gc,phases   ] GC(822)   Merge Heap Roots: 0.24ms
[406.436s][info][gc,phases   ] GC(822)   Evacuate Collection Set: 44.34ms
[406.436s][info][gc,phases   ] GC(822)   Post Evacuate Collection Set: 0.42ms
[406.436s][info][gc,phases   ] GC(822)   Other: 0.08ms
[406.436s][info][gc,heap     ] GC(822) Eden regions: 74->0(59)
[406.436s][info][gc,heap     ] GC(822) Survivor regions: 15->12(12)
[406.436s][info][gc,heap     ] GC(822) Old regions: 123->146
[406.436s][info][gc,heap     ] GC(822) Humongous regions: 5->3
[406.436s][info][gc,metaspace] GC(822) Metaspace: 42922K(43392K)->42922K(43392K) NonClass: 38575K(38848K)->38575K(38848K) Class: 4347K(4544K)->4347K(4544K)
[406.436s][info][gc          ] GC(822) Pause Young (Mixed) (G1 Evacuation Pause) 217M->160M(259M) 45.466ms
[406.436s][info][gc,cpu      ] GC(822) User=0.09s Sys=0.00s Real=0.04s
[406.647s][info][gc,start    ] GC(823) Pause Young (Concurrent Start) (G1 Evacuation Pause)
[406.647s][info][gc,task     ] GC(823) Using 2 workers of 2 for evacuation
[406.670s][info][gc,phases   ] GC(823)   Pre Evacuate Collection Set: 0.20ms
[406.670s][info][gc,phases   ] GC(823)   Merge Heap Roots: 0.12ms
[406.670s][info][gc,phases   ] GC(823)   Evacuate Collection Set: 22.19ms
[406.670s][info][gc,phases   ] GC(823)   Post Evacuate Collection Set: 0.35ms
[406.670s][info][gc,phases   ] GC(823)   Other: 0.12ms
[406.670s][info][gc,heap     ] GC(823) Eden regions: 59->0(57)
[406.670s][info][gc,heap     ] GC(823) Survivor regions: 12->8(9)
[406.670s][info][gc,heap     ] GC(823) Old regions: 146->157
[406.670s][info][gc,heap     ] GC(823) Humongous regions: 3->3
[406.670s][info][gc,metaspace] GC(823) Metaspace: 42922K(43392K)->42922K(43392K) NonClass: 38575K(38848K)->38575K(38848K) Class: 4347K(4544K)->4347K(4544K)
[406.670s][info][gc          ] GC(823) Pause Young (Concurrent Start) (G1 Evacuation Pause) 219M->168M(259M) 23.151ms
[406.670s][info][gc,cpu      ] GC(823) User=0.05s Sys=0.00s Real=0.03s
[406.670s][info][gc          ] GC(824) Concurrent Mark Cycle
[406.671s][info][gc,marking  ] GC(824) Concurrent Scan Root Regions
[406.690s][info][gc,marking  ] GC(824) Concurrent Scan Root Regions 18.548ms
[406.690s][info][gc,marking  ] GC(824) Concurrent Mark
[406.690s][info][gc,marking  ] GC(824) Concurrent Mark From Roots
[406.690s][info][gc,task     ] GC(824) Using 1 workers of 1 for marking
[406.857s][info][gc,marking  ] GC(824) Concurrent Mark From Roots 167.679ms
[406.857s][info][gc,marking  ] GC(824) Concurrent Preclean
[406.858s][info][gc,marking  ] GC(824) Concurrent Preclean 0.039ms
[406.858s][info][gc,start    ] GC(824) Pause Remark
[406.874s][info][gc          ] GC(824) Pause Remark 204M->204M(284M) 16.874ms
[406.875s][info][gc,cpu      ] GC(824) User=0.03s Sys=0.01s Real=0.02s
[406.875s][info][gc,marking  ] GC(824) Concurrent Mark 184.841ms
[406.875s][info][gc,marking  ] GC(824) Concurrent Rebuild Remembered Sets and Scrub Regions
[406.959s][info][gc,marking  ] GC(824) Concurrent Rebuild Remembered Sets and Scrub Regions 84.500ms
[406.959s][info][gc,start    ] GC(824) Pause Cleanup
[406.959s][info][gc          ] GC(824) Pause Cleanup 220M->220M(284M) 0.080ms
[406.959s][info][gc,cpu      ] GC(824) User=0.00s Sys=0.00s Real=0.00s
[406.959s][info][gc,marking  ] GC(824) Concurrent Clear Claimed Marks
[406.959s][info][gc,marking  ] GC(824) Concurrent Clear Claimed Marks 0.039ms
[406.959s][info][gc,marking  ] GC(824) Concurrent Cleanup for Next Mark
[406.961s][info][gc,marking  ] GC(824) Concurrent Cleanup for Next Mark 1.106ms
[406.961s][info][gc          ] GC(824) Concurrent Mark Cycle 290.122ms
[407.021s][info][gc,start    ] GC(825) Pause Young (Prepare Mixed) (G1 Evacuation Pause)
[407.021s][info][gc,task     ] GC(825) Using 2 workers of 2 for evacuation
[407.040s][info][gc,phases   ] GC(825)   Pre Evacuate Collection Set: 0.22ms
[407.040s][info][gc,phases   ] GC(825)   Merge Heap Roots: 0.10ms
[407.040s][info][gc,phases   ] GC(825)   Evacuate Collection Set: 18.38ms
[407.040s][info][gc,phases   ] GC(825)   Post Evacuate Collection Set: 0.42ms
[407.040s][info][gc,phases   ] GC(825)   Other: 0.08ms
[407.040s][info][gc,heap     ] GC(825) Eden regions: 57->0(67)
[407.040s][info][gc,heap     ] GC(825) Survivor regions: 8->9(9)
[407.040s][info][gc,heap     ] GC(825) Old regions: 157->165
[407.040s][info][gc,heap     ] GC(825) Humongous regions: 7->3
[407.040s][info][gc,metaspace] GC(825) Metaspace: 42922K(43392K)->42922K(43392K) NonClass: 38575K(38848K)->38575K(38848K) Class: 4347K(4544K)->4347K(4544K)
[407.040s][info][gc          ] GC(825) Pause Young (Prepare Mixed) (G1 Evacuation Pause) 229M->176M(284M) 19.404ms
[407.040s][info][gc,cpu      ] GC(825) User=0.03s Sys=0.01s Real=0.02s
[407.293s][info][gc,start    ] GC(826) Pause Young (Mixed) (G1 Evacuation Pause)
[407.293s][info][gc,task     ] GC(826) Using 2 workers of 2 for evacuation
[407.317s][info][gc,phases   ] GC(826)   Pre Evacuate Collection Set: 0.19ms
[407.317s][info][gc,phases   ] GC(826)   Merge Heap Roots: 0.15ms
[407.317s][info][gc,phases   ] GC(826)   Evacuate Collection Set: 23.32ms
[407.317s][info][gc,phases   ] GC(826)   Post Evacuate Collection Set: 0.37ms
[407.317s][info][gc,phases   ] GC(826)   Other: 0.11ms
[407.317s][info][gc,heap     ] GC(826) Eden regions: 67->0(79)
[407.317s][info][gc,heap     ] GC(826) Survivor regions: 9->10(10)
[407.317s][info][gc,heap     ] GC(826) Old regions: 165->147
[407.317s][info][gc,heap     ] GC(826) Humongous regions: 3->3
[407.317s][info][gc,metaspace] GC(826) Metaspace: 42922K(43392K)->42922K(43392K) NonClass: 38575K(38848K)->38575K(38848K) Class: 4347K(4544K)->4347K(4544K)
[407.317s][info][gc          ] GC(826) Pause Young (Mixed) (G1 Evacuation Pause) 243M->159M(284M) 24.331ms
[407.317s][info][gc,cpu      ] GC(826) User=0.05s Sys=0.00s Real=0.02s
[407.600s][info][gc,start    ] GC(827) Pause Young (Mixed) (G1 Evacuation Pause)
[407.600s][info][gc,task     ] GC(827) Using 2 workers of 2 for evacuation
[407.627s][info][gc,phases   ] GC(827)   Pre Evacuate Collection Set: 0.18ms
[407.627s][info][gc,phases   ] GC(827)   Merge Heap Roots: 0.21ms
[407.627s][info][gc,phases   ] GC(827)   Evacuate Collection Set: 24.96ms
[407.627s][info][gc,phases   ] GC(827)   Post Evacuate Collection Set: 1.48ms
[407.627s][info][gc,phases   ] GC(827)   Other: 0.09ms
[407.627s][info][gc,heap     ] GC(827) Eden regions: 79->0(180)
[407.627s][info][gc,heap     ] GC(827) Survivor regions: 10->6(12)
[407.627s][info][gc,heap     ] GC(827) Old regions: 147->133
[407.627s][info][gc,heap     ] GC(827) Humongous regions: 9->1
[407.627s][info][gc,metaspace] GC(827) Metaspace: 42922K(43392K)->42922K(43392K) NonClass: 38575K(38848K)->38575K(38848K) Class: 4347K(4544K)->4347K(4544K)
[407.627s][info][gc          ] GC(827) Pause Young (Mixed) (G1 Evacuation Pause) 244M->139M(423M) 27.113ms
[407.627s][info][gc,cpu      ] GC(827) User=0.05s Sys=0.00s Real=0.02s
[408.318s][info][gc,start    ] GC(828) Pause Young (Mixed) (G1 Evacuation Pause)
[408.318s][info][gc,task     ] GC(828) Using 2 workers of 2 for evacuation
[408.355s][info][gc,phases   ] GC(828)   Pre Evacuate Collection Set: 0.25ms
[408.355s][info][gc,phases   ] GC(828)   Merge Heap Roots: 0.76ms
[408.355s][info][gc,phases   ] GC(828)   Evacuate Collection Set: 35.64ms
[408.355s][info][gc,phases   ] GC(828)   Post Evacuate Collection Set: 0.51ms
[408.355s][info][gc,phases   ] GC(828)   Other: 0.08ms
[408.355s][info][gc,heap     ] GC(828) Eden regions: 180->0(198)
[408.355s][info][gc,heap     ] GC(828) Survivor regions: 6->11(24)
[408.355s][info][gc,heap     ] GC(828) Old regions: 133->116
[408.355s][info][gc,heap     ] GC(828) Humongous regions: 5->3
[408.355s][info][gc,metaspace] GC(828) Metaspace: 42930K(43392K)->42930K(43392K) NonClass: 38583K(38848K)->38583K(38848K) Class: 4347K(4544K)->4347K(4544K)
[408.355s][info][gc          ] GC(828) Pause Young (Mixed) (G1 Evacuation Pause) 323M->129M(423M) 37.440ms
[408.355s][info][gc,cpu      ] GC(828) User=0.08s Sys=0.00s Real=0.04s
[409.024s][info][gc,start    ] GC(829) Pause Young (Normal) (G1 Evacuation Pause)
[409.024s][info][gc,task     ] GC(829) Using 2 workers of 2 for evacuation
[409.036s][info][gc,phases   ] GC(829)   Pre Evacuate Collection Set: 0.19ms
[409.036s][info][gc,phases   ] GC(829)   Merge Heap Roots: 0.10ms
[409.036s][info][gc,phases   ] GC(829)   Evacuate Collection Set: 11.58ms
[409.036s][info][gc,phases   ] GC(829)   Post Evacuate Collection Set: 0.49ms
[409.036s][info][gc,phases   ] GC(829)   Other: 0.10ms
[409.036s][info][gc,heap     ] GC(829) Eden regions: 198->0(207)
[409.036s][info][gc,heap     ] GC(829) Survivor regions: 11->14(27)
[409.036s][info][gc,heap     ] GC(829) Old regions: 116->116
[409.036s][info][gc,heap     ] GC(829) Humongous regions: 4->3
[409.036s][info][gc,metaspace] GC(829) Metaspace: 42930K(43392K)->42930K(43392K) NonClass: 38583K(38848K)->38583K(38848K) Class: 4347K(4544K)->4347K(4544K)
[409.036s][info][gc          ] GC(829) Pause Young (Normal) (G1 Evacuation Pause) 328M->132M(423M) 12.674ms
[409.036s][info][gc,cpu      ] GC(829) User=0.02s Sys=0.00s Real=0.01s
[409.120s][info][gc,start    ] GC(830) Pause Young (Concurrent Start) (G1 Humongous Allocation)
[409.121s][info][gc,task     ] GC(830) Using 2 workers of 2 for evacuation
[409.135s][info][gc,phases   ] GC(830)   Pre Evacuate Collection Set: 0.24ms
[409.135s][info][gc,phases   ] GC(830)   Merge Heap Roots: 0.07ms
[409.135s][info][gc,phases   ] GC(830)   Evacuate Collection Set: 13.40ms
[409.135s][info][gc,phases   ] GC(830)   Post Evacuate Collection Set: 0.39ms
[409.135s][info][gc,phases   ] GC(830)   Other: 0.09ms
[409.135s][info][gc,heap     ] GC(830) Eden regions: 25->0(220)
[409.135s][info][gc,heap     ] GC(830) Survivor regions: 14->13(28)
[409.135s][info][gc,heap     ] GC(830) Old regions: 116->116
[409.135s][info][gc,heap     ] GC(830) Humongous regions: 3->3
[409.135s][info][gc,metaspace] GC(830) Metaspace: 42930K(43392K)->42930K(43392K) NonClass: 38583K(38848K)->38583K(38848K) Class: 4347K(4544K)->4347K(4544K)
[409.135s][info][gc          ] GC(830) Pause Young (Concurrent Start) (G1 Humongous Allocation) 156M->131M(423M) 14.402ms
[409.135s][info][gc,cpu      ] GC(830) User=0.03s Sys=0.00s Real=0.01s
[409.135s][info][gc          ] GC(831) Concurrent Mark Cycle
[409.135s][info][gc,marking  ] GC(831) Concurrent Scan Root Regions
[409.147s][info][gc,marking  ] GC(831) Concurrent Scan Root Regions 12.022ms
[409.147s][info][gc,marking  ] GC(831) Concurrent Mark
[409.147s][info][gc,marking  ] GC(831) Concurrent Mark From Roots
[409.147s][info][gc,task     ] GC(831) Using 1 workers of 1 for marking
[409.225s][info][gc,marking  ] GC(831) Concurrent Mark From Roots 78.323ms
[409.225s][info][gc,marking  ] GC(831) Concurrent Preclean
[409.225s][info][gc,marking  ] GC(831) Concurrent Preclean 0.036ms
[409.226s][info][gc,start    ] GC(831) Pause Remark
[409.243s][info][gc          ] GC(831) Pause Remark 148M->142M(423M) 17.034ms
[409.243s][info][gc,cpu      ] GC(831) User=0.03s Sys=0.00s Real=0.02s
[409.243s][info][gc,marking  ] GC(831) Concurrent Mark 95.667ms
[409.243s][info][gc,marking  ] GC(831) Concurrent Rebuild Remembered Sets and Scrub Regions
[409.276s][info][gc,marking  ] GC(831) Concurrent Rebuild Remembered Sets and Scrub Regions 33.065ms
[409.276s][info][gc,start    ] GC(831) Pause Cleanup
[409.276s][info][gc          ] GC(831) Pause Cleanup 148M->148M(423M) 0.085ms
[409.276s][info][gc,cpu      ] GC(831) User=0.00s Sys=0.00s Real=0.00s
[409.276s][info][gc,marking  ] GC(831) Concurrent Clear Claimed Marks
[409.276s][info][gc,marking  ] GC(831) Concurrent Clear Claimed Marks 0.041ms
[409.276s][info][gc,marking  ] GC(831) Concurrent Cleanup for Next Mark
[409.279s][info][gc,marking  ] GC(831) Concurrent Cleanup for Next Mark 2.735ms
[409.279s][info][gc          ] GC(831) Concurrent Mark Cycle 144.007ms
[410.261s][info][gc,start    ] GC(832) Pause Young (Prepare Mixed) (G1 Evacuation Pause)
[410.261s][info][gc,task     ] GC(832) Using 2 workers of 2 for evacuation
[410.279s][info][gc,phases   ] GC(832)   Pre Evacuate Collection Set: 0.24ms
[410.279s][info][gc,phases   ] GC(832)   Merge Heap Roots: 0.12ms
[410.279s][info][gc,phases   ] GC(832)   Evacuate Collection Set: 17.09ms
[410.279s][info][gc,phases   ] GC(832)   Post Evacuate Collection Set: 0.49ms
[410.279s][info][gc,phases   ] GC(832)   Other: 0.08ms
[410.279s][info][gc,heap     ] GC(832) Eden regions: 220->0(227)
[410.279s][info][gc,heap     ] GC(832) Survivor regions: 13->18(30)
[410.279s][info][gc,heap     ] GC(832) Old regions: 110->110
[410.279s][info][gc,heap     ] GC(832) Humongous regions: 4->3
[410.279s][info][gc,metaspace] GC(832) Metaspace: 42930K(43392K)->42930K(43392K) NonClass: 38583K(38848K)->38583K(38848K) Class: 4347K(4544K)->4347K(4544K)
[410.279s][info][gc          ] GC(832) Pause Young (Prepare Mixed) (G1 Evacuation Pause) 346M->130M(423M) 18.247ms
[410.279s][info][gc,cpu      ] GC(832) User=0.03s Sys=0.00s Real=0.02s
[411.327s][info][gc,start    ] GC(833) Pause Young (Mixed) (G1 Evacuation Pause)
[411.327s][info][gc,task     ] GC(833) Using 2 workers of 2 for evacuation
[411.342s][info][gc,phases   ] GC(833)   Pre Evacuate Collection Set: 0.22ms
[411.343s][info][gc,phases   ] GC(833)   Merge Heap Roots: 0.15ms
[411.343s][info][gc,phases   ] GC(833)   Evacuate Collection Set: 14.11ms
[411.343s][info][gc,phases   ] GC(833)   Post Evacuate Collection Set: 0.57ms
[411.343s][info][gc,phases   ] GC(833)   Other: 0.08ms
[411.343s][info][gc,heap     ] GC(833) Eden regions: 227->0(240)
[411.343s][info][gc,heap     ] GC(833) Survivor regions: 18->13(31)
[411.343s][info][gc,heap     ] GC(833) Old regions: 110->70
[411.343s][info][gc,heap     ] GC(833) Humongous regions: 4->3
[411.343s][info][gc,metaspace] GC(833) Metaspace: 42930K(43392K)->42930K(43392K) NonClass: 38583K(38848K)->38583K(38848K) Class: 4347K(4544K)->4347K(4544K)
[411.343s][info][gc          ] GC(833) Pause Young (Mixed) (G1 Evacuation Pause) 358M->85M(423M) 15.336ms
[411.343s][info][gc,cpu      ] GC(833) User=0.03s Sys=0.00s Real=0.02s
[412.535s][info][gc,start    ] GC(834) Pause Young (Mixed) (G1 Evacuation Pause)
[412.535s][info][gc,task     ] GC(834) Using 2 workers of 2 for evacuation
[412.579s][info][gc,phases   ] GC(834)   Pre Evacuate Collection Set: 0.21ms
[412.579s][info][gc,phases   ] GC(834)   Merge Heap Roots: 0.11ms
[412.579s][info][gc,phases   ] GC(834)   Evacuate Collection Set: 43.54ms
[412.579s][info][gc,phases   ] GC(834)   Post Evacuate Collection Set: 0.70ms
[412.580s][info][gc,phases   ] GC(834)   Other: 0.08ms
[412.580s][info][gc,heap     ] GC(834) Eden regions: 240->0(204)
[412.580s][info][gc,heap     ] GC(834) Survivor regions: 13->32(32)
[412.580s][info][gc,heap     ] GC(834) Old regions: 70->95
[412.580s][info][gc,heap     ] GC(834) Humongous regions: 5->4
[412.580s][info][gc,metaspace] GC(834) Metaspace: 42930K(43392K)->42930K(43392K) NonClass: 38583K(38848K)->38583K(38848K) Class: 4347K(4544K)->4347K(4544K)
[412.580s][info][gc          ] GC(834) Pause Young (Mixed) (G1 Evacuation Pause) 327M->130M(423M) 44.846ms
[412.580s][info][gc,cpu      ] GC(834) User=0.09s Sys=0.00s Real=0.05s
[413.078s][info][gc,start    ] GC(835) Pause Young (Concurrent Start) (G1 Humongous Allocation)
[413.078s][info][gc,task     ] GC(835) Using 2 workers of 2 for evacuation
[413.152s][info][gc,phases   ] GC(835)   Pre Evacuate Collection Set: 0.23ms
[413.152s][info][gc,phases   ] GC(835)   Merge Heap Roots: 0.21ms
[413.152s][info][gc,phases   ] GC(835)   Evacuate Collection Set: 73.24ms
[413.153s][info][gc,phases   ] GC(835)   Post Evacuate Collection Set: 0.54ms
[413.153s][info][gc,phases   ] GC(835)   Other: 0.09ms
[413.153s][info][gc,heap     ] GC(835) Eden regions: 102->0(110)
[413.153s][info][gc,heap     ] GC(835) Survivor regions: 32->30(30)
[413.153s][info][gc,heap     ] GC(835) Old regions: 95->164
[413.153s][info][gc,heap     ] GC(835) Humongous regions: 4->4
[413.153s][info][gc,metaspace] GC(835) Metaspace: 42930K(43392K)->42930K(43392K) NonClass: 38583K(38848K)->38583K(38848K) Class: 4347K(4544K)->4347K(4544K)
[413.153s][info][gc          ] GC(835) Pause Young (Concurrent Start) (G1 Humongous Allocation) 232M->198M(423M) 74.518ms
[413.153s][info][gc          ] GC(836) Concurrent Mark Cycle
[413.153s][info][gc,marking  ] GC(836) Concurrent Scan Root Regions
[413.155s][info][gc,cpu      ] GC(835) User=0.15s Sys=0.00s Real=0.08s
[413.192s][info][gc,marking  ] GC(836) Concurrent Scan Root Regions 39.350ms
[413.192s][info][gc,marking  ] GC(836) Concurrent Mark
[413.192s][info][gc,marking  ] GC(836) Concurrent Mark From Roots
[413.192s][info][gc,task     ] GC(836) Using 1 workers of 1 for marking
[413.285s][info][gc,marking  ] GC(836) Concurrent Mark From Roots 92.806ms
[413.285s][info][gc,marking  ] GC(836) Concurrent Preclean
[413.285s][info][gc,marking  ] GC(836) Concurrent Preclean 0.038ms
[413.285s][info][gc,start    ] GC(836) Pause Remark
[413.304s][info][gc          ] GC(836) Pause Remark 219M->215M(423M) 18.910ms
[413.304s][info][gc,cpu      ] GC(836) User=0.03s Sys=0.00s Real=0.02s
[413.304s][info][gc,marking  ] GC(836) Concurrent Mark 112.091ms
[413.304s][info][gc,marking  ] GC(836) Concurrent Rebuild Remembered Sets and Scrub Regions
[413.378s][info][gc,marking  ] GC(836) Concurrent Rebuild Remembered Sets and Scrub Regions 74.001ms
[413.378s][info][gc,start    ] GC(836) Pause Cleanup
[413.378s][info][gc          ] GC(836) Pause Cleanup 226M->226M(423M) 0.056ms
[413.378s][info][gc,cpu      ] GC(836) User=0.00s Sys=0.00s Real=0.00s
[413.378s][info][gc,marking  ] GC(836) Concurrent Clear Claimed Marks
[413.378s][info][gc,marking  ] GC(836) Concurrent Clear Claimed Marks 0.041ms
[413.378s][info][gc,marking  ] GC(836) Concurrent Cleanup for Next Mark
[413.380s][info][gc,marking  ] GC(836) Concurrent Cleanup for Next Mark 1.231ms
[413.380s][info][gc          ] GC(836) Concurrent Mark Cycle 227.105ms
[413.776s][info][gc,start    ] GC(837) Pause Young (Prepare Mixed) (G1 Evacuation Pause)
[413.776s][info][gc,task     ] GC(837) Using 2 workers of 2 for evacuation
[413.844s][info][gc,phases   ] GC(837)   Pre Evacuate Collection Set: 0.20ms
[413.844s][info][gc,phases   ] GC(837)   Merge Heap Roots: 0.40ms
[413.844s][info][gc,phases   ] GC(837)   Evacuate Collection Set: 67.21ms
[413.844s][info][gc,phases   ] GC(837)   Post Evacuate Collection Set: 0.46ms
[413.844s][info][gc,phases   ] GC(837)   Other: 0.08ms
[413.844s][info][gc,heap     ] GC(837) Eden regions: 110->0(78)
[413.844s][info][gc,heap     ] GC(837) Survivor regions: 30->18(18)
[413.844s][info][gc,heap     ] GC(837) Old regions: 160->225
[413.844s][info][gc,heap     ] GC(837) Humongous regions: 5->5
[413.844s][info][gc,metaspace] GC(837) Metaspace: 42930K(43392K)->42930K(43392K) NonClass: 38583K(38848K)->38583K(38848K) Class: 4347K(4544K)->4347K(4544K)
[413.844s][info][gc          ] GC(837) Pause Young (Prepare Mixed) (G1 Evacuation Pause) 305M->247M(423M) 68.601ms
[413.844s][info][gc,cpu      ] GC(837) User=0.13s Sys=0.00s Real=0.07s
[414.212s][info][gc,start    ] GC(838) Pause Young (Mixed) (G1 Evacuation Pause)
[414.212s][info][gc,task     ] GC(838) Using 2 workers of 2 for evacuation
[414.238s][info][gc,phases   ] GC(838)   Pre Evacuate Collection Set: 0.21ms
[414.238s][info][gc,phases   ] GC(838)   Merge Heap Roots: 0.20ms
[414.238s][info][gc,phases   ] GC(838)   Evacuate Collection Set: 24.91ms
[414.238s][info][gc,phases   ] GC(838)   Post Evacuate Collection Set: 0.44ms
[414.238s][info][gc,phases   ] GC(838)   Other: 0.10ms
[414.238s][info][gc,heap     ] GC(838) Eden regions: 78->0(83)
[414.238s][info][gc,heap     ] GC(838) Survivor regions: 18->12(12)
[414.238s][info][gc,heap     ] GC(838) Old regions: 225->230
[414.238s][info][gc,heap     ] GC(838) Humongous regions: 6->6
[414.239s][info][gc,metaspace] GC(838) Metaspace: 42930K(43392K)->42930K(43392K) NonClass: 38583K(38848K)->38583K(38848K) Class: 4347K(4544K)->4347K(4544K)
[414.239s][info][gc          ] GC(838) Pause Young (Mixed) (G1 Evacuation Pause) 326M->248M(423M) 26.160ms
[414.239s][info][gc,cpu      ] GC(838) User=0.05s Sys=0.00s Real=0.02s
[414.639s][info][gc,start    ] GC(839) Pause Young (Concurrent Start) (G1 Evacuation Pause)
[414.639s][info][gc,task     ] GC(839) Using 2 workers of 2 for evacuation
[414.656s][info][gc,phases   ] GC(839)   Pre Evacuate Collection Set: 0.31ms
[414.656s][info][gc,phases   ] GC(839)   Merge Heap Roots: 0.11ms
[414.656s][info][gc,phases   ] GC(839)   Evacuate Collection Set: 16.76ms
[414.656s][info][gc,phases   ] GC(839)   Post Evacuate Collection Set: 0.39ms
[414.656s][info][gc,phases   ] GC(839)   Other: 0.09ms
[414.656s][info][gc,heap     ] GC(839) Eden regions: 83->0(83)
[414.656s][info][gc,heap     ] GC(839) Survivor regions: 12->12(12)
[414.656s][info][gc,heap     ] GC(839) Old regions: 230->242
[414.656s][info][gc,heap     ] GC(839) Humongous regions: 6->6
[414.657s][info][gc,metaspace] GC(839) Metaspace: 42930K(43392K)->42930K(43392K) NonClass: 38583K(38848K)->38583K(38848K) Class: 4347K(4544K)->4347K(4544K)
[414.657s][info][gc          ] GC(839) Pause Young (Concurrent Start) (G1 Evacuation Pause) 331M->259M(423M) 17.936ms
[414.657s][info][gc,cpu      ] GC(839) User=0.04s Sys=0.00s Real=0.02s
[414.657s][info][gc          ] GC(840) Concurrent Mark Cycle
[414.657s][info][gc,marking  ] GC(840) Concurrent Scan Root Regions
[414.665s][info][gc,marking  ] GC(840) Concurrent Scan Root Regions 8.334ms
[414.665s][info][gc,marking  ] GC(840) Concurrent Mark
[414.665s][info][gc,marking  ] GC(840) Concurrent Mark From Roots
[414.665s][info][gc,task     ] GC(840) Using 1 workers of 1 for marking
[414.748s][info][gc,marking  ] GC(840) Concurrent Mark From Roots 82.872ms
[414.748s][info][gc,marking  ] GC(840) Concurrent Preclean
[414.748s][info][gc,marking  ] GC(840) Concurrent Preclean 0.050ms
[414.748s][info][gc,start    ] GC(840) Pause Remark
[414.769s][info][gc          ] GC(840) Pause Remark 279M->191M(423M) 20.722ms
[414.769s][info][gc,cpu      ] GC(840) User=0.04s Sys=0.00s Real=0.02s
[414.769s][info][gc,marking  ] GC(840) Concurrent Mark 104.006ms
[414.769s][info][gc,marking  ] GC(840) Concurrent Rebuild Remembered Sets and Scrub Regions
[414.808s][info][gc,marking  ] GC(840) Concurrent Rebuild Remembered Sets and Scrub Regions 38.890ms
[414.808s][info][gc,start    ] GC(840) Pause Cleanup
[414.808s][info][gc          ] GC(840) Pause Cleanup 200M->200M(423M) 0.081ms
[414.808s][info][gc,cpu      ] GC(840) User=0.00s Sys=0.00s Real=0.00s
[414.808s][info][gc,marking  ] GC(840) Concurrent Clear Claimed Marks
[414.808s][info][gc,marking  ] GC(840) Concurrent Clear Claimed Marks 0.046ms
[414.808s][info][gc,marking  ] GC(840) Concurrent Cleanup for Next Mark
[414.810s][info][gc,marking  ] GC(840) Concurrent Cleanup for Next Mark 1.210ms
[414.810s][info][gc          ] GC(840) Concurrent Mark Cycle 152.965ms
[415.006s][info][gc,start    ] GC(841) Pause Young (Prepare Mixed) (G1 Evacuation Pause)
[415.007s][info][gc,task     ] GC(841) Using 2 workers of 2 for evacuation
[415.019s][info][gc,phases   ] GC(841)   Pre Evacuate Collection Set: 0.20ms
[415.019s][info][gc,phases   ] GC(841)   Merge Heap Roots: 0.08ms
[415.019s][info][gc,phases   ] GC(841)   Evacuate Collection Set: 11.97ms
[415.019s][info][gc,phases   ] GC(841)   Post Evacuate Collection Set: 0.39ms
[415.019s][info][gc,phases   ] GC(841)   Other: 0.07ms
[415.019s][info][gc,heap     ] GC(841) Eden regions: 83->0(121)
[415.019s][info][gc,heap     ] GC(841) Survivor regions: 12->9(12)
[415.019s][info][gc,heap     ] GC(841) Old regions: 156->168
[415.019s][info][gc,heap     ] GC(841) Humongous regions: 4->4
[415.019s][info][gc,metaspace] GC(841) Metaspace: 42930K(43392K)->42930K(43392K) NonClass: 38583K(38848K)->38583K(38848K) Class: 4347K(4544K)->4347K(4544K)
[415.019s][info][gc          ] GC(841) Pause Young (Prepare Mixed) (G1 Evacuation Pause) 254M->181M(423M) 12.937ms
[415.019s][info][gc,cpu      ] GC(841) User=0.02s Sys=0.00s Real=0.02s
[415.488s][info][gc,start    ] GC(842) Pause Young (Mixed) (G1 Evacuation Pause)
[415.488s][info][gc,task     ] GC(842) Using 2 workers of 2 for evacuation
[415.494s][info][gc,phases   ] GC(842)   Pre Evacuate Collection Set: 0.21ms
[415.494s][info][gc,phases   ] GC(842)   Merge Heap Roots: 0.12ms
[415.495s][info][gc,phases   ] GC(842)   Evacuate Collection Set: 5.34ms
[415.495s][info][gc,phases   ] GC(842)   Post Evacuate Collection Set: 0.43ms
[415.495s][info][gc,phases   ] GC(842)   Other: 0.07ms
[415.495s][info][gc,heap     ] GC(842) Eden regions: 121->0(149)
[415.495s][info][gc,heap     ] GC(842) Survivor regions: 9->6(17)
[415.495s][info][gc,heap     ] GC(842) Old regions: 168->126
[415.495s][info][gc,heap     ] GC(842) Humongous regions: 5->4
[415.495s][info][gc,metaspace] GC(842) Metaspace: 42930K(43392K)->42930K(43392K) NonClass: 38583K(38848K)->38583K(38848K) Class: 4347K(4544K)->4347K(4544K)
[415.495s][info][gc          ] GC(842) Pause Young (Mixed) (G1 Evacuation Pause) 303M->136M(423M) 6.385ms
[415.495s][info][gc,cpu      ] GC(842) User=0.01s Sys=0.00s Real=0.01s
[416.078s][info][gc,start    ] GC(843) Pause Young (Mixed) (G1 Evacuation Pause)
[416.078s][info][gc,task     ] GC(843) Using 2 workers of 2 for evacuation
[416.088s][info][gc,phases   ] GC(843)   Pre Evacuate Collection Set: 0.23ms
[416.088s][info][gc,phases   ] GC(843)   Merge Heap Roots: 0.21ms
[416.088s][info][gc,phases   ] GC(843)   Evacuate Collection Set: 9.27ms
[416.088s][info][gc,phases   ] GC(843)   Post Evacuate Collection Set: 0.44ms
[416.088s][info][gc,phases   ] GC(843)   Other: 0.08ms
[416.088s][info][gc,heap     ] GC(843) Eden regions: 149->0(170)
[416.088s][info][gc,heap     ] GC(843) Survivor regions: 6->10(20)
[416.088s][info][gc,heap     ] GC(843) Old regions: 126->96
[416.088s][info][gc,heap     ] GC(843) Humongous regions: 5->4
[416.088s][info][gc,metaspace] GC(843) Metaspace: 42930K(43392K)->42930K(43392K) NonClass: 38583K(38848K)->38583K(38848K) Class: 4347K(4544K)->4347K(4544K)
[416.088s][info][gc          ] GC(843) Pause Young (Mixed) (G1 Evacuation Pause) 286M->109M(423M) 10.428ms
[416.088s][info][gc,cpu      ] GC(843) User=0.02s Sys=0.00s Real=0.01s
[416.689s][info][gc,start    ] GC(844) Pause Young (Normal) (G1 Evacuation Pause)
[416.690s][info][gc,task     ] GC(844) Using 2 workers of 2 for evacuation
[416.717s][info][gc,phases   ] GC(844)   Pre Evacuate Collection Set: 0.21ms
[416.717s][info][gc,phases   ] GC(844)   Merge Heap Roots: 0.07ms
[416.717s][info][gc,phases   ] GC(844)   Evacuate Collection Set: 26.38ms
[416.717s][info][gc,phases   ] GC(844)   Post Evacuate Collection Set: 0.53ms
[416.717s][info][gc,phases   ] GC(844)   Other: 0.07ms
[416.717s][info][gc,heap     ] GC(844) Eden regions: 170->0(155)
[416.717s][info][gc,heap     ] GC(844) Survivor regions: 10->23(23)
[416.717s][info][gc,heap     ] GC(844) Old regions: 96->113
[416.717s][info][gc,heap     ] GC(844) Humongous regions: 6->4
[416.717s][info][gc,metaspace] GC(844) Metaspace: 42930K(43392K)->42930K(43392K) NonClass: 38583K(38848K)->38583K(38848K) Class: 4347K(4544K)->4347K(4544K)
[416.717s][info][gc          ] GC(844) Pause Young (Normal) (G1 Evacuation Pause) 281M->140M(423M) 27.468ms
[416.717s][info][gc,cpu      ] GC(844) User=0.06s Sys=0.00s Real=0.02s
[417.300s][info][gc,start    ] GC(845) Pause Young (Normal) (G1 Evacuation Pause)
[417.300s][info][gc,task     ] GC(845) Using 2 workers of 2 for evacuation
[417.344s][info][gc,phases   ] GC(845)   Pre Evacuate Collection Set: 0.20ms
[417.344s][info][gc,phases   ] GC(845)   Merge Heap Roots: 0.21ms
[417.344s][info][gc,phases   ] GC(845)   Evacuate Collection Set: 43.50ms
[417.344s][info][gc,phases   ] GC(845)   Post Evacuate Collection Set: 0.49ms
[417.344s][info][gc,phases   ] GC(845)   Other: 0.10ms
[417.344s][info][gc,heap     ] GC(845) Eden regions: 155->0(136)
[417.344s][info][gc,heap     ] GC(845) Survivor regions: 23->23(23)
[417.344s][info][gc,heap     ] GC(845) Old regions: 113->149
[417.344s][info][gc,heap     ] GC(845) Humongous regions: 6->5
[417.344s][info][gc,metaspace] GC(845) Metaspace: 42930K(43392K)->42930K(43392K) NonClass: 38583K(38848K)->38583K(38848K) Class: 4347K(4544K)->4347K(4544K)
[417.344s][info][gc          ] GC(845) Pause Young (Normal) (G1 Evacuation Pause) 297M->176M(423M) 44.719ms
[417.344s][info][gc,cpu      ] GC(845) User=0.08s Sys=0.00s Real=0.04s
[417.529s][info][gc,start    ] GC(846) Pause Young (Concurrent Start) (G1 Humongous Allocation)
[417.530s][info][gc,task     ] GC(846) Using 2 workers of 2 for evacuation
[417.554s][info][gc,phases   ] GC(846)   Pre Evacuate Collection Set: 0.22ms
[417.554s][info][gc,phases   ] GC(846)   Merge Heap Roots: 0.19ms
[417.554s][info][gc,phases   ] GC(846)   Evacuate Collection Set: 22.98ms
[417.554s][info][gc,phases   ] GC(846)   Post Evacuate Collection Set: 0.40ms
[417.554s][info][gc,phases   ] GC(846)   Other: 0.16ms
[417.554s][info][gc,heap     ] GC(846) Eden regions: 54->0(118)
[417.554s][info][gc,heap     ] GC(846) Survivor regions: 23->17(20)
[417.554s][info][gc,heap     ] GC(846) Old regions: 149->159
[417.554s][info][gc,heap     ] GC(846) Humongous regions: 5->5
[417.554s][info][gc,metaspace] GC(846) Metaspace: 42930K(43392K)->42930K(43392K) NonClass: 38583K(38848K)->38583K(38848K) Class: 4347K(4544K)->4347K(4544K)
[417.554s][info][gc          ] GC(846) Pause Young (Concurrent Start) (G1 Humongous Allocation) 230M->181M(423M) 24.188ms
[417.554s][info][gc,cpu      ] GC(846) User=0.05s Sys=0.00s Real=0.02s
[417.554s][info][gc          ] GC(847) Concurrent Mark Cycle
[417.554s][info][gc,marking  ] GC(847) Concurrent Scan Root Regions
[417.566s][info][gc,marking  ] GC(847) Concurrent Scan Root Regions 12.604ms
[417.566s][info][gc,marking  ] GC(847) Concurrent Mark
[417.566s][info][gc,marking  ] GC(847) Concurrent Mark From Roots
[417.566s][info][gc,task     ] GC(847) Using 1 workers of 1 for marking
[417.681s][info][gc,marking  ] GC(847) Concurrent Mark From Roots 114.284ms
[417.681s][info][gc,marking  ] GC(847) Concurrent Preclean
[417.681s][info][gc,marking  ] GC(847) Concurrent Preclean 0.059ms
[417.681s][info][gc,start    ] GC(847) Pause Remark
[417.698s][info][gc          ] GC(847) Pause Remark 210M->187M(423M) 17.064ms
[417.698s][info][gc,cpu      ] GC(847) User=0.03s Sys=0.00s Real=0.01s
[417.698s][info][gc,marking  ] GC(847) Concurrent Mark 131.778ms
[417.698s][info][gc,marking  ] GC(847) Concurrent Rebuild Remembered Sets and Scrub Regions
[417.756s][info][gc,marking  ] GC(847) Concurrent Rebuild Remembered Sets and Scrub Regions 57.813ms
[417.756s][info][gc,start    ] GC(847) Pause Cleanup
[417.756s][info][gc          ] GC(847) Pause Cleanup 204M->204M(423M) 0.065ms
[417.756s][info][gc,cpu      ] GC(847) User=0.00s Sys=0.00s Real=0.00s
[417.756s][info][gc,marking  ] GC(847) Concurrent Clear Claimed Marks
[417.756s][info][gc,marking  ] GC(847) Concurrent Clear Claimed Marks 0.041ms
[417.756s][info][gc,marking  ] GC(847) Concurrent Cleanup for Next Mark
[417.758s][info][gc,marking  ] GC(847) Concurrent Cleanup for Next Mark 1.221ms
[417.758s][info][gc          ] GC(847) Concurrent Mark Cycle 203.912ms
[418.019s][info][gc,start    ] GC(848) Pause Young (Prepare Mixed) (G1 Evacuation Pause)
[418.019s][info][gc,task     ] GC(848) Using 2 workers of 2 for evacuation
[418.057s][info][gc,phases   ] GC(848)   Pre Evacuate Collection Set: 0.22ms
[418.057s][info][gc,phases   ] GC(848)   Merge Heap Roots: 0.19ms
[418.057s][info][gc,phases   ] GC(848)   Evacuate Collection Set: 36.44ms
[418.057s][info][gc,phases   ] GC(848)   Post Evacuate Collection Set: 0.47ms
[418.057s][info][gc,phases   ] GC(848)   Other: 0.10ms
[418.057s][info][gc,heap     ] GC(848) Eden regions: 118->0(116)
[418.057s][info][gc,heap     ] GC(848) Survivor regions: 17->17(17)
[418.057s][info][gc,heap     ] GC(848) Old regions: 137->169
[418.057s][info][gc,heap     ] GC(848) Humongous regions: 6->6
[418.057s][info][gc,metaspace] GC(848) Metaspace: 42930K(43392K)->42930K(43392K) NonClass: 38583K(38848K)->38583K(38848K) Class: 4347K(4544K)->4347K(4544K)
[418.057s][info][gc          ] GC(848) Pause Young (Prepare Mixed) (G1 Evacuation Pause) 278M->191M(423M) 37.625ms
[418.057s][info][gc,cpu      ] GC(848) User=0.08s Sys=0.01s Real=0.03s
[418.414s][info][gc,start    ] GC(849) Pause Young (Mixed) (G1 Evacuation Pause)
[418.414s][info][gc,task     ] GC(849) Using 2 workers of 2 for evacuation
[418.449s][info][gc,phases   ] GC(849)   Pre Evacuate Collection Set: 0.24ms
[418.449s][info][gc,phases   ] GC(849)   Merge Heap Roots: 0.37ms
[418.449s][info][gc,phases   ] GC(849)   Evacuate Collection Set: 33.29ms
[418.449s][info][gc,phases   ] GC(849)   Post Evacuate Collection Set: 0.47ms
[418.449s][info][gc,phases   ] GC(849)   Other: 0.07ms
[418.449s][info][gc,heap     ] GC(849) Eden regions: 116->0(129)
[418.449s][info][gc,heap     ] GC(849) Survivor regions: 17->17(17)
[418.449s][info][gc,heap     ] GC(849) Old regions: 169->153
[418.449s][info][gc,heap     ] GC(849) Humongous regions: 8->6
[418.449s][info][gc,metaspace] GC(849) Metaspace: 42930K(43392K)->42930K(43392K) NonClass: 38583K(38848K)->38583K(38848K) Class: 4347K(4544K)->4347K(4544K)
[418.449s][info][gc          ] GC(849) Pause Young (Mixed) (G1 Evacuation Pause) 309M->176M(423M) 34.675ms
[418.449s][info][gc,cpu      ] GC(849) User=0.07s Sys=0.00s Real=0.03s
[418.858s][info][gc,start    ] GC(850) Pause Young (Normal) (G1 Evacuation Pause)
[418.858s][info][gc,task     ] GC(850) Using 2 workers of 2 for evacuation
[418.869s][info][gc,phases   ] GC(850)   Pre Evacuate Collection Set: 0.21ms
[418.869s][info][gc,phases   ] GC(850)   Merge Heap Roots: 0.06ms
[418.869s][info][gc,phases   ] GC(850)   Evacuate Collection Set: 10.86ms
[418.869s][info][gc,phases   ] GC(850)   Post Evacuate Collection Set: 0.45ms
[418.869s][info][gc,phases   ] GC(850)   Other: 0.08ms
[418.869s][info][gc,heap     ] GC(850) Eden regions: 129->0(140)
[418.869s][info][gc,heap     ] GC(850) Survivor regions: 17->2(19)
[418.869s][info][gc,heap     ] GC(850) Old regions: 153->171
[418.869s][info][gc,heap     ] GC(850) Humongous regions: 6->6
[418.869s][info][gc,metaspace] GC(850) Metaspace: 42930K(43392K)->42930K(43392K) NonClass: 38583K(38848K)->38583K(38848K) Class: 4347K(4544K)->4347K(4544K)
[418.869s][info][gc          ] GC(850) Pause Young (Normal) (G1 Evacuation Pause) 305M->178M(423M) 11.866ms
[418.869s][info][gc,cpu      ] GC(850) User=0.03s Sys=0.00s Real=0.02s
[419.221s][info][gc,start    ] GC(851) Pause Young (Concurrent Start) (G1 Humongous Allocation)
[419.221s][info][gc,task     ] GC(851) Using 2 workers of 2 for evacuation
[419.223s][info][gc,phases   ] GC(851)   Pre Evacuate Collection Set: 0.26ms
[419.223s][info][gc,phases   ] GC(851)   Merge Heap Roots: 0.06ms
[419.223s][info][gc,phases   ] GC(851)   Evacuate Collection Set: 1.52ms
[419.223s][info][gc,phases   ] GC(851)   Post Evacuate Collection Set: 0.36ms
[419.223s][info][gc,phases   ] GC(851)   Other: 0.10ms
[419.223s][info][gc,heap     ] GC(851) Eden regions: 108->0(152)
[419.223s][info][gc,heap     ] GC(851) Survivor regions: 2->2(18)
[419.223s][info][gc,heap     ] GC(851) Old regions: 171->171
[419.223s][info][gc,heap     ] GC(851) Humongous regions: 6->6
[419.223s][info][gc,metaspace] GC(851) Metaspace: 42930K(43392K)->42930K(43392K) NonClass: 38583K(38848K)->38583K(38848K) Class: 4347K(4544K)->4347K(4544K)
[419.223s][info][gc          ] GC(851) Pause Young (Concurrent Start) (G1 Humongous Allocation) 286M->177M(423M) 2.478ms
[419.223s][info][gc,cpu      ] GC(851) User=0.01s Sys=0.00s Real=0.00s
[419.223s][info][gc          ] GC(852) Concurrent Mark Cycle
[419.223s][info][gc,marking  ] GC(852) Concurrent Scan Root Regions
[419.224s][info][gc,marking  ] GC(852) Concurrent Scan Root Regions 0.860ms
[419.224s][info][gc,marking  ] GC(852) Concurrent Mark
[419.224s][info][gc,marking  ] GC(852) Concurrent Mark From Roots
[419.224s][info][gc,task     ] GC(852) Using 1 workers of 1 for marking
[419.305s][info][gc,marking  ] GC(852) Concurrent Mark From Roots 80.321ms
[419.305s][info][gc,marking  ] GC(852) Concurrent Preclean
[419.305s][info][gc,marking  ] GC(852) Concurrent Preclean 0.050ms
[419.305s][info][gc,start    ] GC(852) Pause Remark
[419.322s][info][gc          ] GC(852) Pause Remark 202M->116M(314M) 17.072ms
[419.322s][info][gc,cpu      ] GC(852) User=0.04s Sys=0.00s Real=0.02s
[419.324s][info][gc,marking  ] GC(852) Concurrent Mark 99.792ms
[419.324s][info][gc,marking  ] GC(852) Concurrent Rebuild Remembered Sets and Scrub Regions
[419.357s][info][gc,marking  ] GC(852) Concurrent Rebuild Remembered Sets and Scrub Regions 32.554ms
[419.357s][info][gc,start    ] GC(852) Pause Cleanup
[419.357s][info][gc          ] GC(852) Pause Cleanup 126M->126M(314M) 0.070ms
[419.357s][info][gc,cpu      ] GC(852) User=0.00s Sys=0.00s Real=0.00s
[419.359s][info][gc,marking  ] GC(852) Concurrent Clear Claimed Marks
[419.359s][info][gc,marking  ] GC(852) Concurrent Clear Claimed Marks 0.085ms
[419.359s][info][gc,marking  ] GC(852) Concurrent Cleanup for Next Mark
[419.360s][info][gc,marking  ] GC(852) Concurrent Cleanup for Next Mark 0.953ms
[419.360s][info][gc          ] GC(852) Concurrent Mark Cycle 136.828ms
[419.747s][info][gc,start    ] GC(853) Pause Young (Prepare Mixed) (G1 Evacuation Pause)
[419.747s][info][gc,task     ] GC(853) Using 2 workers of 2 for evacuation
[419.751s][info][gc,phases   ] GC(853)   Pre Evacuate Collection Set: 0.18ms
[419.751s][info][gc,phases   ] GC(853)   Merge Heap Roots: 0.07ms
[419.751s][info][gc,phases   ] GC(853)   Evacuate Collection Set: 2.79ms
[419.751s][info][gc,phases   ] GC(853)   Post Evacuate Collection Set: 0.39ms
[419.751s][info][gc,phases   ] GC(853)   Other: 0.07ms
[419.751s][info][gc,heap     ] GC(853) Eden regions: 152->0(149)
[419.751s][info][gc,heap     ] GC(853) Survivor regions: 2->3(20)
[419.751s][info][gc,heap     ] GC(853) Old regions: 88->88
[419.751s][info][gc,heap     ] GC(853) Humongous regions: 4->1
[419.751s][info][gc,metaspace] GC(853) Metaspace: 42930K(43392K)->42930K(43392K) NonClass: 38583K(38848K)->38583K(38848K) Class: 4347K(4544K)->4347K(4544K)
[419.751s][info][gc          ] GC(853) Pause Young (Prepare Mixed) (G1 Evacuation Pause) 244M->91M(314M) 3.684ms
[419.751s][info][gc,cpu      ] GC(853) User=0.00s Sys=0.00s Real=0.01s
[420.028s][info][gc,start    ] GC(854) Pause Young (Mixed) (G1 Evacuation Pause)
[420.028s][info][gc,task     ] GC(854) Using 2 workers of 2 for evacuation
[420.040s][info][gc,phases   ] GC(854)   Pre Evacuate Collection Set: 0.36ms
[420.040s][info][gc,phases   ] GC(854)   Merge Heap Roots: 0.11ms
[420.040s][info][gc,phases   ] GC(854)   Evacuate Collection Set: 10.86ms
[420.040s][info][gc,phases   ] GC(854)   Post Evacuate Collection Set: 0.47ms
[420.040s][info][gc,phases   ] GC(854)   Other: 0.08ms
[420.040s][info][gc,heap     ] GC(854) Eden regions: 149->0(166)
[420.040s][info][gc,heap     ] GC(854) Survivor regions: 3->5(19)
[420.040s][info][gc,heap     ] GC(854) Old regions: 88->70
[420.040s][info][gc,heap     ] GC(854) Humongous regions: 1->1
[420.040s][info][gc,metaspace] GC(854) Metaspace: 42930K(43392K)->42930K(43392K) NonClass: 38583K(38848K)->38583K(38848K) Class: 4347K(4544K)->4347K(4544K)
[420.040s][info][gc          ] GC(854) Pause Young (Mixed) (G1 Evacuation Pause) 240M->74M(314M) 12.091ms
[420.040s][info][gc,cpu      ] GC(854) User=0.02s Sys=0.00s Real=0.02s
[420.339s][info][gc,start    ] GC(855) Pause Young (Concurrent Start) (G1 Evacuation Pause)
[420.339s][info][gc,task     ] GC(855) Using 2 workers of 2 for evacuation
[420.343s][info][gc,phases   ] GC(855)   Pre Evacuate Collection Set: 0.23ms
[420.343s][info][gc,phases   ] GC(855)   Merge Heap Roots: 0.08ms
[420.343s][info][gc,phases   ] GC(855)   Evacuate Collection Set: 3.37ms
[420.343s][info][gc,phases   ] GC(855)   Post Evacuate Collection Set: 0.46ms
[420.343s][info][gc,phases   ] GC(855)   Other: 0.13ms
[420.343s][info][gc,heap     ] GC(855) Eden regions: 166->0(176)
[420.343s][info][gc,heap     ] GC(855) Survivor regions: 5->4(22)
[420.343s][info][gc,heap     ] GC(855) Old regions: 70->70
[420.343s][info][gc,heap     ] GC(855) Humongous regions: 1->1
[420.343s][info][gc,metaspace] GC(855) Metaspace: 42930K(43392K)->42930K(43392K) NonClass: 38583K(38848K)->38583K(38848K) Class: 4347K(4544K)->4347K(4544K)
[420.343s][info][gc          ] GC(855) Pause Young (Concurrent Start) (G1 Evacuation Pause) 240M->73M(314M) 4.462ms
[420.343s][info][gc          ] GC(856) Concurrent Mark Cycle
[420.343s][info][gc,marking  ] GC(856) Concurrent Scan Root Regions
[420.343s][info][gc,cpu      ] GC(855) User=0.01s Sys=0.00s Real=0.01s
[420.346s][info][gc,marking  ] GC(856) Concurrent Scan Root Regions 2.586ms
[420.346s][info][gc,marking  ] GC(856) Concurrent Mark
[420.346s][info][gc,marking  ] GC(856) Concurrent Mark From Roots
[420.346s][info][gc,task     ] GC(856) Using 1 workers of 1 for marking
[420.446s][info][gc,marking  ] GC(856) Concurrent Mark From Roots 99.637ms
[420.446s][info][gc,marking  ] GC(856) Concurrent Preclean
[420.446s][info][gc,marking  ] GC(856) Concurrent Preclean 0.040ms
[420.446s][info][gc,start    ] GC(856) Pause Remark
[420.463s][info][gc          ] GC(856) Pause Remark 131M->127M(256M) 16.881ms
[420.463s][info][gc,cpu      ] GC(856) User=0.03s Sys=0.00s Real=0.02s
[420.463s][info][gc,marking  ] GC(856) Concurrent Mark 116.855ms
[420.463s][info][gc,marking  ] GC(856) Concurrent Rebuild Remembered Sets and Scrub Regions
[420.493s][info][gc,marking  ] GC(856) Concurrent Rebuild Remembered Sets and Scrub Regions 29.767ms
[420.493s][info][gc,start    ] GC(856) Pause Cleanup
[420.493s][info][gc          ] GC(856) Pause Cleanup 143M->143M(256M) 0.049ms
[420.493s][info][gc,cpu      ] GC(856) User=0.00s Sys=0.00s Real=0.00s
[420.493s][info][gc,marking  ] GC(856) Concurrent Clear Claimed Marks
[420.494s][info][gc,marking  ] GC(856) Concurrent Clear Claimed Marks 0.044ms
[420.494s][info][gc,marking  ] GC(856) Concurrent Cleanup for Next Mark
[420.494s][info][gc,marking  ] GC(856) Concurrent Cleanup for Next Mark 0.749ms
[420.494s][info][gc          ] GC(856) Concurrent Mark Cycle 150.886ms
[420.857s][info][gc,start    ] GC(857) Pause Young (Prepare Mixed) (G1 Evacuation Pause)
[420.857s][info][gc,task     ] GC(857) Using 2 workers of 2 for evacuation
[420.868s][info][gc,phases   ] GC(857)   Pre Evacuate Collection Set: 0.20ms
[420.868s][info][gc,phases   ] GC(857)   Merge Heap Roots: 0.14ms
[420.868s][info][gc,phases   ] GC(857)   Evacuate Collection Set: 10.00ms
[420.868s][info][gc,phases   ] GC(857)   Post Evacuate Collection Set: 0.55ms
[420.868s][info][gc,phases   ] GC(857)   Other: 0.07ms
[420.868s][info][gc,heap     ] GC(857) Eden regions: 145->0(186)
[420.868s][info][gc,heap     ] GC(857) Survivor regions: 4->7(23)
[420.868s][info][gc,heap     ] GC(857) Old regions: 66->66
[420.868s][info][gc,heap     ] GC(857) Humongous regions: 101->3
[420.868s][info][gc,metaspace] GC(857) Metaspace: 42931K(43392K)->42931K(43392K) NonClass: 38583K(38848K)->38583K(38848K) Class: 4347K(4544K)->4347K(4544K)
[420.868s][info][gc          ] GC(857) Pause Young (Prepare Mixed) (G1 Evacuation Pause) 314M->75M(323M) 11.199ms
[420.868s][info][gc,cpu      ] GC(857) User=0.02s Sys=0.00s Real=0.01s
[421.381s][info][gc,start    ] GC(858) Pause Young (Mixed) (G1 Evacuation Pause)
[421.381s][info][gc,task     ] GC(858) Using 2 workers of 2 for evacuation
[421.397s][info][gc,phases   ] GC(858)   Pre Evacuate Collection Set: 0.28ms
[421.397s][info][gc,phases   ] GC(858)   Merge Heap Roots: 0.11ms
[421.397s][info][gc,phases   ] GC(858)   Evacuate Collection Set: 14.62ms
[421.397s][info][gc,phases   ] GC(858)   Post Evacuate Collection Set: 0.97ms
[421.397s][info][gc,phases   ] GC(858)   Other: 0.08ms
[421.397s][info][gc,heap     ] GC(858) Eden regions: 49->0(260)
[421.397s][info][gc,heap     ] GC(858) Survivor regions: 7->10(25)
[421.397s][info][gc,heap     ] GC(858) Old regions: 66->57
[421.397s][info][gc,heap     ] GC(858) Humongous regions: 317->3
[421.397s][info][gc,metaspace] GC(858) Metaspace: 42931K(43392K)->42931K(43392K) NonClass: 38583K(38848K)->38583K(38848K) Class: 4347K(4544K)->4347K(4544K)
[421.397s][info][gc          ] GC(858) Pause Young (Mixed) (G1 Evacuation Pause) 438M->69M(450M) 16.280ms
[421.397s][info][gc,cpu      ] GC(858) User=0.02s Sys=0.01s Real=0.01s
[421.518s][info][gc,start    ] GC(859) Pause Young (Concurrent Start) (G1 Humongous Allocation)
[421.518s][info][gc,task     ] GC(859) Using 2 workers of 2 for evacuation
[421.529s][info][gc,phases   ] GC(859)   Pre Evacuate Collection Set: 0.26ms
[421.529s][info][gc,phases   ] GC(859)   Merge Heap Roots: 0.05ms
[421.529s][info][gc,phases   ] GC(859)   Evacuate Collection Set: 9.59ms
[421.529s][info][gc,phases   ] GC(859)   Post Evacuate Collection Set: 0.35ms
[421.529s][info][gc,phases   ] GC(859)   Other: 0.09ms
[421.529s][info][gc,heap     ] GC(859) Eden regions: 15->0(259)
[421.529s][info][gc,heap     ] GC(859) Survivor regions: 10->11(34)
[421.529s][info][gc,heap     ] GC(859) Old regions: 57->57
[421.529s][info][gc,heap     ] GC(859) Humongous regions: 91->1
[421.529s][info][gc,metaspace] GC(859) Metaspace: 42931K(43392K)->42931K(43392K) NonClass: 38583K(38848K)->38583K(38848K) Class: 4347K(4544K)->4347K(4544K)
[421.529s][info][gc          ] GC(859) Pause Young (Concurrent Start) (G1 Humongous Allocation) 171M->68M(450M) 10.537ms
[421.529s][info][gc,cpu      ] GC(859) User=0.02s Sys=0.01s Real=0.01s
[421.529s][info][gc          ] GC(860) Concurrent Undo Cycle
[421.529s][info][gc,marking  ] GC(860) Concurrent Clear Claimed Marks
[421.529s][info][gc,marking  ] GC(860) Concurrent Clear Claimed Marks 0.048ms
[421.529s][info][gc,marking  ] GC(860) Concurrent Cleanup for Next Mark
[421.530s][info][gc,marking  ] GC(860) Concurrent Cleanup for Next Mark 0.975ms
[421.530s][info][gc          ] GC(860) Concurrent Undo Cycle 1.129ms
[421.551s][info][gc,start    ] GC(861) Pause Young (Concurrent Start) (G1 Humongous Allocation)
[421.551s][info][gc,task     ] GC(861) Using 2 workers of 2 for evacuation
[421.562s][info][gc,phases   ] GC(861)   Pre Evacuate Collection Set: 0.25ms
[421.562s][info][gc,phases   ] GC(861)   Merge Heap Roots: 0.06ms
[421.562s][info][gc,phases   ] GC(861)   Evacuate Collection Set: 9.17ms
[421.562s][info][gc,phases   ] GC(861)   Post Evacuate Collection Set: 0.58ms
[421.562s][info][gc,phases   ] GC(861)   Other: 0.09ms
[421.562s][info][gc,heap     ] GC(861) Eden regions: 3->0(259)
[421.562s][info][gc,heap     ] GC(861) Survivor regions: 11->11(34)
[421.562s][info][gc,heap     ] GC(861) Old regions: 57->57
[421.562s][info][gc,heap     ] GC(861) Humongous regions: 17->1
[421.562s][info][gc,metaspace] GC(861) Metaspace: 42931K(43392K)->42931K(43392K) NonClass: 38583K(38848K)->38583K(38848K) Class: 4347K(4544K)->4347K(4544K)
[421.562s][info][gc          ] GC(861) Pause Young (Concurrent Start) (G1 Humongous Allocation) 86M->68M(450M) 10.349ms
[421.562s][info][gc,cpu      ] GC(861) User=0.02s Sys=0.00s Real=0.01s
[421.562s][info][gc          ] GC(862) Concurrent Undo Cycle
[421.562s][info][gc,marking  ] GC(862) Concurrent Clear Claimed Marks
[421.562s][info][gc,marking  ] GC(862) Concurrent Clear Claimed Marks 0.038ms
[421.562s][info][gc,marking  ] GC(862) Concurrent Cleanup for Next Mark
[421.564s][info][gc,marking  ] GC(862) Concurrent Cleanup for Next Mark 2.371ms
[421.564s][info][gc          ] GC(862) Concurrent Undo Cycle 2.451ms
[421.597s][info][gc,start    ] GC(863) Pause Young (Concurrent Start) (G1 Humongous Allocation)
[421.597s][info][gc,task     ] GC(863) Using 2 workers of 2 for evacuation
[421.608s][info][gc,phases   ] GC(863)   Pre Evacuate Collection Set: 0.24ms
[421.608s][info][gc,phases   ] GC(863)   Merge Heap Roots: 0.05ms
[421.608s][info][gc,phases   ] GC(863)   Evacuate Collection Set: 9.60ms
[421.608s][info][gc,phases   ] GC(863)   Post Evacuate Collection Set: 0.57ms
[421.608s][info][gc,phases   ] GC(863)   Other: 0.10ms
[421.608s][info][gc,heap     ] GC(863) Eden regions: 4->0(258)
[421.608s][info][gc,heap     ] GC(863) Survivor regions: 11->12(34)
[421.608s][info][gc,heap     ] GC(863) Old regions: 57->57
[421.608s][info][gc,heap     ] GC(863) Humongous regions: 19->1
[421.608s][info][gc,metaspace] GC(863) Metaspace: 42931K(43392K)->42931K(43392K) NonClass: 38583K(38848K)->38583K(38848K) Class: 4347K(4544K)->4347K(4544K)
[421.608s][info][gc          ] GC(863) Pause Young (Concurrent Start) (G1 Humongous Allocation) 90M->68M(450M) 10.752ms
[421.608s][info][gc          ] GC(864) Concurrent Undo Cycle
[421.608s][info][gc,marking  ] GC(864) Concurrent Clear Claimed Marks
[421.608s][info][gc,marking  ] GC(864) Concurrent Clear Claimed Marks 0.036ms
[421.608s][info][gc,marking  ] GC(864) Concurrent Cleanup for Next Mark
[421.608s][info][gc,cpu      ] GC(863) User=0.02s Sys=0.00s Real=0.01s
[421.608s][info][gc,marking  ] GC(864) Concurrent Cleanup for Next Mark 0.198ms
[421.608s][info][gc          ] GC(864) Concurrent Undo Cycle 0.275ms
[421.649s][info][gc,start    ] GC(865) Pause Young (Concurrent Start) (G1 Humongous Allocation)
[421.649s][info][gc,task     ] GC(865) Using 2 workers of 2 for evacuation
[421.660s][info][gc,phases   ] GC(865)   Pre Evacuate Collection Set: 0.27ms
[421.660s][info][gc,phases   ] GC(865)   Merge Heap Roots: 0.06ms
[421.660s][info][gc,phases   ] GC(865)   Evacuate Collection Set: 10.13ms
[421.660s][info][gc,phases   ] GC(865)   Post Evacuate Collection Set: 0.33ms
[421.660s][info][gc,phases   ] GC(865)   Other: 0.11ms
[421.660s][info][gc,heap     ] GC(865) Eden regions: 5->0(258)
[421.660s][info][gc,heap     ] GC(865) Survivor regions: 12->12(34)
[421.660s][info][gc,heap     ] GC(865) Old regions: 57->57
[421.660s][info][gc,heap     ] GC(865) Humongous regions: 23->1
[421.660s][info][gc,metaspace] GC(865) Metaspace: 42931K(43392K)->42931K(43392K) NonClass: 38583K(38848K)->38583K(38848K) Class: 4347K(4544K)->4347K(4544K)
[421.660s][info][gc          ] GC(865) Pause Young (Concurrent Start) (G1 Humongous Allocation) 95M->69M(450M) 11.125ms
[421.660s][info][gc          ] GC(866) Concurrent Undo Cycle
[421.660s][info][gc,marking  ] GC(866) Concurrent Clear Claimed Marks
[421.660s][info][gc,marking  ] GC(866) Concurrent Clear Claimed Marks 0.039ms
[421.660s][info][gc,marking  ] GC(866) Concurrent Cleanup for Next Mark
[421.660s][info][gc,cpu      ] GC(865) User=0.02s Sys=0.00s Real=0.02s
[421.662s][info][gc,marking  ] GC(866) Concurrent Cleanup for Next Mark 2.070ms
[421.662s][info][gc          ] GC(866) Concurrent Undo Cycle 2.153ms
[421.699s][info][gc,start    ] GC(867) Pause Young (Concurrent Start) (G1 Humongous Allocation)
[421.699s][info][gc,task     ] GC(867) Using 2 workers of 2 for evacuation
[421.711s][info][gc,phases   ] GC(867)   Pre Evacuate Collection Set: 0.25ms
[421.711s][info][gc,phases   ] GC(867)   Merge Heap Roots: 0.05ms
[421.711s][info][gc,phases   ] GC(867)   Evacuate Collection Set: 10.30ms
[421.711s][info][gc,phases   ] GC(867)   Post Evacuate Collection Set: 1.31ms
[421.711s][info][gc,phases   ] GC(867)   Other: 0.15ms
[421.711s][info][gc,heap     ] GC(867) Eden regions: 4->0(329)
[421.711s][info][gc,heap     ] GC(867) Survivor regions: 12->13(34)
[421.711s][info][gc,heap     ] GC(867) Old regions: 57->57
[421.711s][info][gc,heap     ] GC(867) Humongous regions: 25->1
[421.711s][info][gc,metaspace] GC(867) Metaspace: 42931K(43392K)->42931K(43392K) NonClass: 38583K(38848K)->38583K(38848K) Class: 4347K(4544K)->4347K(4544K)
[421.711s][info][gc          ] GC(867) Pause Young (Concurrent Start) (G1 Humongous Allocation) 97M->69M(570M) 12.301ms
[421.711s][info][gc          ] GC(868) Concurrent Undo Cycle
[421.711s][info][gc,marking  ] GC(868) Concurrent Clear Claimed Marks
[421.711s][info][gc,marking  ] GC(868) Concurrent Clear Claimed Marks 0.039ms
[421.711s][info][gc,marking  ] GC(868) Concurrent Cleanup for Next Mark
[421.711s][info][gc,cpu      ] GC(867) User=0.03s Sys=0.01s Real=0.02s
[421.711s][info][gc,marking  ] GC(868) Concurrent Cleanup for Next Mark 0.193ms
[421.711s][info][gc          ] GC(868) Concurrent Undo Cycle 0.272ms
[421.824s][info][gc,start    ] GC(869) Pause Young (Concurrent Start) (G1 Humongous Allocation)
[421.824s][info][gc,task     ] GC(869) Using 2 workers of 2 for evacuation
[421.843s][info][gc,phases   ] GC(869)   Pre Evacuate Collection Set: 0.28ms
[421.843s][info][gc,phases   ] GC(869)   Merge Heap Roots: 0.04ms
[421.843s][info][gc,phases   ] GC(869)   Evacuate Collection Set: 18.33ms
[421.843s][info][gc,phases   ] GC(869)   Post Evacuate Collection Set: 0.41ms
[421.843s][info][gc,phases   ] GC(869)   Other: 0.12ms
[421.843s][info][gc,heap     ] GC(869) Eden regions: 14->0(327)
[421.843s][info][gc,heap     ] GC(869) Survivor regions: 13->15(43)
[421.843s][info][gc,heap     ] GC(869) Old regions: 57->57
[421.843s][info][gc,heap     ] GC(869) Humongous regions: 69->1
[421.843s][info][gc,metaspace] GC(869) Metaspace: 42931K(43392K)->42931K(43392K) NonClass: 38583K(38848K)->38583K(38848K) Class: 4347K(4544K)->4347K(4544K)
[421.843s][info][gc          ] GC(869) Pause Young (Concurrent Start) (G1 Humongous Allocation) 151M->71M(570M) 19.425ms
[421.843s][info][gc          ] GC(870) Concurrent Undo Cycle
[421.843s][info][gc,marking  ] GC(870) Concurrent Clear Claimed Marks
[421.844s][info][gc,marking  ] GC(870) Concurrent Clear Claimed Marks 0.038ms
[421.844s][info][gc,marking  ] GC(870) Concurrent Cleanup for Next Mark
[421.844s][info][gc,cpu      ] GC(869) User=0.02s Sys=0.02s Real=0.02s
[421.844s][info][gc,marking  ] GC(870) Concurrent Cleanup for Next Mark 0.224ms
[421.844s][info][gc          ] GC(870) Concurrent Undo Cycle 0.303ms
[421.938s][info][gc,start    ] GC(871) Pause Young (Concurrent Start) (G1 Humongous Allocation)
[421.938s][info][gc,task     ] GC(871) Using 2 workers of 2 for evacuation
[421.956s][info][gc,phases   ] GC(871)   Pre Evacuate Collection Set: 0.30ms
[421.957s][info][gc,phases   ] GC(871)   Merge Heap Roots: 0.05ms
[421.957s][info][gc,phases   ] GC(871)   Evacuate Collection Set: 17.10ms
[421.957s][info][gc,phases   ] GC(871)   Post Evacuate Collection Set: 0.65ms
[421.957s][info][gc,phases   ] GC(871)   Other: 0.12ms
[421.957s][info][gc,heap     ] GC(871) Eden regions: 11->0(327)
[421.957s][info][gc,heap     ] GC(871) Survivor regions: 15->15(43)
[421.957s][info][gc,heap     ] GC(871) Old regions: 57->57
[421.957s][info][gc,heap     ] GC(871) Humongous regions: 71->1
[421.957s][info][gc,metaspace] GC(871) Metaspace: 42931K(43392K)->42931K(43392K) NonClass: 38583K(38848K)->38583K(38848K) Class: 4347K(4544K)->4347K(4544K)
[421.957s][info][gc          ] GC(871) Pause Young (Concurrent Start) (G1 Humongous Allocation) 152M->71M(570M) 18.433ms
[421.957s][info][gc          ] GC(872) Concurrent Undo Cycle
[421.957s][info][gc,marking  ] GC(872) Concurrent Clear Claimed Marks
[421.957s][info][gc,marking  ] GC(872) Concurrent Clear Claimed Marks 0.038ms
[421.957s][info][gc,marking  ] GC(872) Concurrent Cleanup for Next Mark
[421.957s][info][gc,cpu      ] GC(871) User=0.03s Sys=0.01s Real=0.02s
[421.957s][info][gc,marking  ] GC(872) Concurrent Cleanup for Next Mark 0.178ms
[421.957s][info][gc          ] GC(872) Concurrent Undo Cycle 0.257ms
[422.077s][info][gc,start    ] GC(873) Pause Young (Concurrent Start) (G1 Humongous Allocation)
[422.077s][info][gc,task     ] GC(873) Using 2 workers of 2 for evacuation
[422.096s][info][gc,phases   ] GC(873)   Pre Evacuate Collection Set: 0.28ms
[422.096s][info][gc,phases   ] GC(873)   Merge Heap Roots: 0.07ms
[422.096s][info][gc,phases   ] GC(873)   Evacuate Collection Set: 17.66ms
[422.096s][info][gc,phases   ] GC(873)   Post Evacuate Collection Set: 0.63ms
[422.096s][info][gc,phases   ] GC(873)   Other: 0.10ms
[422.096s][info][gc,heap     ] GC(873) Eden regions: 15->0(325)
[422.096s][info][gc,heap     ] GC(873) Survivor regions: 15->17(43)
[422.096s][info][gc,heap     ] GC(873) Old regions: 57->57
[422.096s][info][gc,heap     ] GC(873) Humongous regions: 75->1
[422.096s][info][gc,metaspace] GC(873) Metaspace: 42931K(43392K)->42931K(43392K) NonClass: 38583K(38848K)->38583K(38848K) Class: 4347K(4544K)->4347K(4544K)
[422.096s][info][gc          ] GC(873) Pause Young (Concurrent Start) (G1 Humongous Allocation) 160M->74M(570M) 18.942ms
[422.096s][info][gc,cpu      ] GC(873) User=0.03s Sys=0.01s Real=0.02s
[422.096s][info][gc          ] GC(874) Concurrent Undo Cycle
[422.096s][info][gc,marking  ] GC(874) Concurrent Clear Claimed Marks
[422.096s][info][gc,marking  ] GC(874) Concurrent Clear Claimed Marks 0.040ms
[422.096s][info][gc,marking  ] GC(874) Concurrent Cleanup for Next Mark
[422.096s][info][gc,marking  ] GC(874) Concurrent Cleanup for Next Mark 0.203ms
[422.096s][info][gc          ] GC(874) Concurrent Undo Cycle 0.318ms
[422.213s][info][gc,start    ] GC(875) Pause Young (Concurrent Start) (G1 Humongous Allocation)
[422.213s][info][gc,task     ] GC(875) Using 2 workers of 2 for evacuation
[422.233s][info][gc,phases   ] GC(875)   Pre Evacuate Collection Set: 0.26ms
[422.233s][info][gc,phases   ] GC(875)   Merge Heap Roots: 0.06ms
[422.233s][info][gc,phases   ] GC(875)   Evacuate Collection Set: 17.83ms
[422.233s][info][gc,phases   ] GC(875)   Post Evacuate Collection Set: 1.05ms
[422.233s][info][gc,phases   ] GC(875)   Other: 0.14ms
[422.233s][info][gc,heap     ] GC(875) Eden regions: 14->0(372)
[422.233s][info][gc,heap     ] GC(875) Survivor regions: 17->19(43)
[422.233s][info][gc,heap     ] GC(875) Old regions: 57->57
[422.233s][info][gc,heap     ] GC(875) Humongous regions: 77->1
[422.233s][info][gc,metaspace] GC(875) Metaspace: 42931K(43392K)->42931K(43392K) NonClass: 38583K(38848K)->38583K(38848K) Class: 4347K(4544K)->4347K(4544K)
[422.233s][info][gc          ] GC(875) Pause Young (Concurrent Start) (G1 Humongous Allocation) 164M->75M(652M) 19.572ms
[422.233s][info][gc,cpu      ] GC(875) User=0.04s Sys=0.00s Real=0.02s
[422.233s][info][gc          ] GC(876) Concurrent Undo Cycle
[422.233s][info][gc,marking  ] GC(876) Concurrent Clear Claimed Marks
[422.233s][info][gc,marking  ] GC(876) Concurrent Clear Claimed Marks 0.040ms
[422.233s][info][gc,marking  ] GC(876) Concurrent Cleanup for Next Mark
[422.233s][info][gc,marking  ] GC(876) Concurrent Cleanup for Next Mark 0.209ms
[422.233s][info][gc          ] GC(876) Concurrent Undo Cycle 0.339ms
[422.411s][info][gc,start    ] GC(877) Pause Young (Concurrent Start) (G1 Humongous Allocation)
[422.412s][info][gc,task     ] GC(877) Using 2 workers of 2 for evacuation
[422.441s][info][gc,phases   ] GC(877)   Pre Evacuate Collection Set: 0.28ms
[422.441s][info][gc,phases   ] GC(877)   Merge Heap Roots: 0.06ms
[422.441s][info][gc,phases   ] GC(877)   Evacuate Collection Set: 28.35ms
[422.441s][info][gc,phases   ] GC(877)   Post Evacuate Collection Set: 0.67ms
[422.441s][info][gc,phases   ] GC(877)   Other: 0.12ms
[422.441s][info][gc,heap     ] GC(877) Eden regions: 22->0(369)
[422.441s][info][gc,heap     ] GC(877) Survivor regions: 19->22(49)
[422.441s][info][gc,heap     ] GC(877) Old regions: 57->57
[422.441s][info][gc,heap     ] GC(877) Humongous regions: 107->1
[422.441s][info][gc,metaspace] GC(877) Metaspace: 42931K(43392K)->42931K(43392K) NonClass: 38583K(38848K)->38583K(38848K) Class: 4347K(4544K)->4347K(4544K)
[422.441s][info][gc          ] GC(877) Pause Young (Concurrent Start) (G1 Humongous Allocation) 203M->79M(652M) 29.708ms
[422.441s][info][gc,cpu      ] GC(877) User=0.04s Sys=0.01s Real=0.03s
[422.441s][info][gc          ] GC(878) Concurrent Undo Cycle
[422.441s][info][gc,marking  ] GC(878) Concurrent Clear Claimed Marks
[422.441s][info][gc,marking  ] GC(878) Concurrent Clear Claimed Marks 0.041ms
[422.441s][info][gc,marking  ] GC(878) Concurrent Cleanup for Next Mark
[422.442s][info][gc,marking  ] GC(878) Concurrent Cleanup for Next Mark 0.155ms
[422.442s][info][gc          ] GC(878) Concurrent Undo Cycle 0.325ms
[422.620s][info][gc,start    ] GC(879) Pause Young (Concurrent Start) (G1 Humongous Allocation)
[422.620s][info][gc,task     ] GC(879) Using 2 workers of 2 for evacuation
[422.654s][info][gc,phases   ] GC(879)   Pre Evacuate Collection Set: 0.30ms
[422.654s][info][gc,phases   ] GC(879)   Merge Heap Roots: 0.06ms
[422.654s][info][gc,phases   ] GC(879)   Evacuate Collection Set: 33.29ms
[422.654s][info][gc,phases   ] GC(879)   Post Evacuate Collection Set: 0.61ms
[422.654s][info][gc,phases   ] GC(879)   Other: 0.15ms
[422.654s][info][gc,heap     ] GC(879) Eden regions: 23->0(367)
[422.654s][info][gc,heap     ] GC(879) Survivor regions: 22->24(49)
[422.654s][info][gc,heap     ] GC(879) Old regions: 57->58
[422.655s][info][gc,heap     ] GC(879) Humongous regions: 109->1
[422.655s][info][gc,metaspace] GC(879) Metaspace: 42931K(43392K)->42931K(43392K) NonClass: 38583K(38848K)->38583K(38848K) Class: 4347K(4544K)->4347K(4544K)
[422.655s][info][gc          ] GC(879) Pause Young (Concurrent Start) (G1 Humongous Allocation) 210M->82M(652M) 34.629ms
[422.655s][info][gc,cpu      ] GC(879) User=0.05s Sys=0.02s Real=0.03s
[422.655s][info][gc          ] GC(880) Concurrent Undo Cycle
[422.655s][info][gc,marking  ] GC(880) Concurrent Clear Claimed Marks
[422.655s][info][gc,marking  ] GC(880) Concurrent Clear Claimed Marks 0.044ms
[422.655s][info][gc,marking  ] GC(880) Concurrent Cleanup for Next Mark
[422.655s][info][gc,marking  ] GC(880) Concurrent Cleanup for Next Mark 0.159ms
[422.655s][info][gc          ] GC(880) Concurrent Undo Cycle 0.329ms
[422.833s][info][gc,start    ] GC(881) Pause Young (Concurrent Start) (G1 Humongous Allocation)
[422.833s][info][gc,task     ] GC(881) Using 2 workers of 2 for evacuation
[422.863s][info][gc,phases   ] GC(881)   Pre Evacuate Collection Set: 0.35ms
[422.863s][info][gc,phases   ] GC(881)   Merge Heap Roots: 0.07ms
[422.864s][info][gc,phases   ] GC(881)   Evacuate Collection Set: 28.75ms
[422.864s][info][gc,phases   ] GC(881)   Post Evacuate Collection Set: 0.76ms
[422.864s][info][gc,phases   ] GC(881)   Other: 0.17ms
[422.864s][info][gc,heap     ] GC(881) Eden regions: 23->0(364)
[422.864s][info][gc,heap     ] GC(881) Survivor regions: 24->27(49)
[422.864s][info][gc,heap     ] GC(881) Old regions: 58->59
[422.864s][info][gc,heap     ] GC(881) Humongous regions: 111->1
[422.864s][info][gc,metaspace] GC(881) Metaspace: 42931K(43392K)->42931K(43392K) NonClass: 38583K(38848K)->38583K(38848K) Class: 4347K(4544K)->4347K(4544K)
[422.864s][info][gc          ] GC(881) Pause Young (Concurrent Start) (G1 Humongous Allocation) 214M->85M(652M) 30.347ms
[422.864s][info][gc,cpu      ] GC(881) User=0.06s Sys=0.01s Real=0.03s
[422.864s][info][gc          ] GC(882) Concurrent Undo Cycle
[422.864s][info][gc,marking  ] GC(882) Concurrent Clear Claimed Marks
[422.864s][info][gc,marking  ] GC(882) Concurrent Clear Claimed Marks 0.038ms
[422.864s][info][gc,marking  ] GC(882) Concurrent Cleanup for Next Mark
[422.865s][info][gc,marking  ] GC(882) Concurrent Cleanup for Next Mark 1.318ms
[422.865s][info][gc          ] GC(882) Concurrent Undo Cycle 1.447ms
[423.046s][info][gc,start    ] GC(883) Pause Young (Concurrent Start) (G1 Humongous Allocation)
[423.046s][info][gc,task     ] GC(883) Using 2 workers of 2 for evacuation
[423.080s][info][gc,phases   ] GC(883)   Pre Evacuate Collection Set: 0.29ms
[423.080s][info][gc,phases   ] GC(883)   Merge Heap Roots: 0.08ms
[423.080s][info][gc,phases   ] GC(883)   Evacuate Collection Set: 32.12ms
[423.080s][info][gc,phases   ] GC(883)   Post Evacuate Collection Set: 1.01ms
[423.080s][info][gc,phases   ] GC(883)   Other: 0.10ms
[423.080s][info][gc,heap     ] GC(883) Eden regions: 24->0(400)
[423.080s][info][gc,heap     ] GC(883) Survivor regions: 27->27(49)
[423.080s][info][gc,heap     ] GC(883) Old regions: 59->63
[423.080s][info][gc,heap     ] GC(883) Humongous regions: 111->1
[423.080s][info][gc,metaspace] GC(883) Metaspace: 42931K(43392K)->42931K(43392K) NonClass: 38583K(38848K)->38583K(38848K) Class: 4347K(4544K)->4347K(4544K)
[423.080s][info][gc          ] GC(883) Pause Young (Concurrent Start) (G1 Humongous Allocation) 219M->90M(712M) 33.809ms
[423.080s][info][gc,cpu      ] GC(883) User=0.07s Sys=0.00s Real=0.04s
[423.080s][info][gc          ] GC(884) Concurrent Undo Cycle
[423.080s][info][gc,marking  ] GC(884) Concurrent Clear Claimed Marks
[423.080s][info][gc,marking  ] GC(884) Concurrent Clear Claimed Marks 0.056ms
[423.080s][info][gc,marking  ] GC(884) Concurrent Cleanup for Next Mark
[423.083s][info][gc,marking  ] GC(884) Concurrent Cleanup for Next Mark 2.999ms
[423.083s][info][gc          ] GC(884) Concurrent Undo Cycle 3.168ms
[424.380s][info][gc,start    ] GC(885) Pause Young (Normal) (G1 Evacuation Pause)
[424.380s][info][gc,task     ] GC(885) Using 2 workers of 2 for evacuation
[424.416s][info][gc,phases   ] GC(885)   Pre Evacuate Collection Set: 0.28ms
[424.416s][info][gc,phases   ] GC(885)   Merge Heap Roots: 0.15ms
[424.416s][info][gc,phases   ] GC(885)   Evacuate Collection Set: 34.91ms
[424.416s][info][gc,phases   ] GC(885)   Post Evacuate Collection Set: 0.73ms
[424.416s][info][gc,phases   ] GC(885)   Other: 0.09ms
[424.416s][info][gc,heap     ] GC(885) Eden regions: 400->0(390)
[424.416s][info][gc,heap     ] GC(885) Survivor regions: 27->37(54)
[424.416s][info][gc,heap     ] GC(885) Old regions: 63->63
[424.416s][info][gc,heap     ] GC(885) Humongous regions: 81->1
[424.416s][info][gc,metaspace] GC(885) Metaspace: 42935K(43392K)->42935K(43392K) NonClass: 38588K(38848K)->38588K(38848K) Class: 4347K(4544K)->4347K(4544K)
[424.416s][info][gc          ] GC(885) Pause Young (Normal) (G1 Evacuation Pause) 570M->100M(712M) 36.361ms
[424.416s][info][gc,cpu      ] GC(885) User=0.07s Sys=0.00s Real=0.03s
[425.352s][info][gc,start    ] GC(886) Pause Young (Normal) (G1 Evacuation Pause)
[425.352s][info][gc,task     ] GC(886) Using 2 workers of 2 for evacuation
[425.389s][info][gc,phases   ] GC(886)   Pre Evacuate Collection Set: 0.28ms
[425.389s][info][gc,phases   ] GC(886)   Merge Heap Roots: 0.13ms
[425.389s][info][gc,phases   ] GC(886)   Evacuate Collection Set: 35.34ms
[425.389s][info][gc,phases   ] GC(886)   Post Evacuate Collection Set: 0.87ms
[425.389s][info][gc,phases   ] GC(886)   Other: 0.13ms
[425.389s][info][gc,heap     ] GC(886) Eden regions: 390->0(400)
[425.389s][info][gc,heap     ] GC(886) Survivor regions: 37->27(54)
[425.389s][info][gc,heap     ] GC(886) Old regions: 63->75
[425.389s][info][gc,heap     ] GC(886) Humongous regions: 1->1
[425.389s][info][gc,metaspace] GC(886) Metaspace: 42971K(43392K)->42971K(43392K) NonClass: 38623K(38848K)->38623K(38848K) Class: 4347K(4544K)->4347K(4544K)
[425.389s][info][gc          ] GC(886) Pause Young (Normal) (G1 Evacuation Pause) 490M->102M(712M) 36.961ms
[425.389s][info][gc,cpu      ] GC(886) User=0.07s Sys=0.00s Real=0.03s
[426.437s][info][gc,start    ] GC(887) Pause Young (Normal) (G1 Evacuation Pause)
[426.437s][info][gc,task     ] GC(887) Using 2 workers of 2 for evacuation
[426.463s][info][gc,phases   ] GC(887)   Pre Evacuate Collection Set: 0.26ms
[426.463s][info][gc,phases   ] GC(887)   Merge Heap Roots: 0.15ms
[426.463s][info][gc,phases   ] GC(887)   Evacuate Collection Set: 25.13ms
[426.463s][info][gc,phases   ] GC(887)   Post Evacuate Collection Set: 0.87ms
[426.463s][info][gc,phases   ] GC(887)   Other: 0.12ms
[426.463s][info][gc,heap     ] GC(887) Eden regions: 400->0(396)
[426.463s][info][gc,heap     ] GC(887) Survivor regions: 27->31(54)
[426.463s][info][gc,heap     ] GC(887) Old regions: 75->75
[426.463s][info][gc,heap     ] GC(887) Humongous regions: 1->1
[426.463s][info][gc,metaspace] GC(887) Metaspace: 42974K(43392K)->42974K(43392K) NonClass: 38627K(38848K)->38627K(38848K) Class: 4347K(4544K)->4347K(4544K)
[426.463s][info][gc          ] GC(887) Pause Young (Normal) (G1 Evacuation Pause) 502M->106M(712M) 26.766ms
[426.463s][info][gc,cpu      ] GC(887) User=0.05s Sys=0.00s Real=0.03s
[428.372s][info][gc,start    ] GC(888) Pause Young (Normal) (G1 Evacuation Pause)
[428.372s][info][gc,task     ] GC(888) Using 2 workers of 2 for evacuation
[428.419s][info][gc,phases   ] GC(888)   Pre Evacuate Collection Set: 0.25ms
[428.419s][info][gc,phases   ] GC(888)   Merge Heap Roots: 0.17ms
[428.419s][info][gc,phases   ] GC(888)   Evacuate Collection Set: 44.94ms
[428.419s][info][gc,phases   ] GC(888)   Post Evacuate Collection Set: 0.91ms
[428.419s][info][gc,phases   ] GC(888)   Other: 0.10ms
[428.419s][info][gc,heap     ] GC(888) Eden regions: 396->0(389)
[428.419s][info][gc,heap     ] GC(888) Survivor regions: 31->38(54)
[428.419s][info][gc,heap     ] GC(888) Old regions: 75->82
[428.419s][info][gc,heap     ] GC(888) Humongous regions: 14->4
[428.419s][info][gc,metaspace] GC(888) Metaspace: 43009K(43456K)->43009K(43456K) NonClass: 38662K(38912K)->38662K(38912K) Class: 4347K(4544K)->4347K(4544K)
[428.419s][info][gc          ] GC(888) Pause Young (Normal) (G1 Evacuation Pause) 515M->123M(712M) 46.571ms
[428.419s][info][gc,cpu      ] GC(888) User=0.10s Sys=0.00s Real=0.04s
[429.410s][info][gc,start    ] GC(889) Pause Young (Normal) (G1 Evacuation Pause)
[429.410s][info][gc,task     ] GC(889) Using 2 workers of 2 for evacuation
[429.501s][info][gc,phases   ] GC(889)   Pre Evacuate Collection Set: 0.28ms
[429.501s][info][gc,phases   ] GC(889)   Merge Heap Roots: 0.19ms
[429.501s][info][gc,phases   ] GC(889)   Evacuate Collection Set: 89.74ms
[429.501s][info][gc,phases   ] GC(889)   Post Evacuate Collection Set: 0.80ms
[429.501s][info][gc,phases   ] GC(889)   Other: 0.10ms
[429.501s][info][gc,heap     ] GC(889) Eden regions: 389->0(373)
[429.501s][info][gc,heap     ] GC(889) Survivor regions: 38->54(54)
[429.501s][info][gc,heap     ] GC(889) Old regions: 82->108
[429.501s][info][gc,heap     ] GC(889) Humongous regions: 6->6
[429.501s][info][gc,metaspace] GC(889) Metaspace: 43009K(43456K)->43009K(43456K) NonClass: 38662K(38912K)->38662K(38912K) Class: 4347K(4544K)->4347K(4544K)
[429.501s][info][gc          ] GC(889) Pause Young (Normal) (G1 Evacuation Pause) 514M->167M(712M) 91.350ms
[429.501s][info][gc,cpu      ] GC(889) User=0.17s Sys=0.00s Real=0.09s
[433.712s][info][gc,start    ] GC(890) Pause Young (Normal) (G1 Evacuation Pause)
[433.712s][info][gc,task     ] GC(890) Using 2 workers of 2 for evacuation
[433.793s][info][gc,phases   ] GC(890)   Pre Evacuate Collection Set: 0.26ms
[433.793s][info][gc,phases   ] GC(890)   Merge Heap Roots: 0.37ms
[433.793s][info][gc,phases   ] GC(890)   Evacuate Collection Set: 79.28ms
[433.793s][info][gc,phases   ] GC(890)   Post Evacuate Collection Set: 0.73ms
[433.793s][info][gc,phases   ] GC(890)   Other: 0.08ms
[433.793s][info][gc,heap     ] GC(890) Eden regions: 373->0(408)
[433.793s][info][gc,heap     ] GC(890) Survivor regions: 54->19(54)
[433.793s][info][gc,heap     ] GC(890) Old regions: 108->153
[433.793s][info][gc,heap     ] GC(890) Humongous regions: 21->16
[433.793s][info][gc,metaspace] GC(890) Metaspace: 43016K(43456K)->43016K(43456K) NonClass: 38668K(38912K)->38668K(38912K) Class: 4347K(4544K)->4347K(4544K)
[433.793s][info][gc          ] GC(890) Pause Young (Normal) (G1 Evacuation Pause) 555M->187M(712M) 80.926ms
[433.793s][info][gc,cpu      ] GC(890) User=0.16s Sys=0.00s Real=0.08s
[435.579s][info][gc,start    ] GC(891) Pause Young (Normal) (G1 Evacuation Pause)
[435.579s][info][gc,task     ] GC(891) Using 2 workers of 2 for evacuation
[435.612s][info][gc,phases   ] GC(891)   Pre Evacuate Collection Set: 0.42ms
[435.612s][info][gc,phases   ] GC(891)   Merge Heap Roots: 0.24ms
[435.612s][info][gc,phases   ] GC(891)   Evacuate Collection Set: 30.61ms
[435.612s][info][gc,phases   ] GC(891)   Post Evacuate Collection Set: 0.77ms
[435.612s][info][gc,phases   ] GC(891)   Other: 0.08ms
[435.612s][info][gc,heap     ] GC(891) Eden regions: 408->0(402)
[435.612s][info][gc,heap     ] GC(891) Survivor regions: 19->25(54)
[435.612s][info][gc,heap     ] GC(891) Old regions: 153->153
[435.612s][info][gc,heap     ] GC(891) Humongous regions: 16->16
[435.612s][info][gc,metaspace] GC(891) Metaspace: 43019K(43456K)->43019K(43456K) NonClass: 38672K(38912K)->38672K(38912K) Class: 4347K(4544K)->4347K(4544K)
[435.612s][info][gc          ] GC(891) Pause Young (Normal) (G1 Evacuation Pause) 595M->193M(712M) 32.327ms
[435.612s][info][gc,cpu      ] GC(891) User=0.07s Sys=0.00s Real=0.03s
[438.100s][info][gc,start    ] GC(892) Pause Young (Normal) (G1 Evacuation Pause)
[438.100s][info][gc,task     ] GC(892) Using 2 workers of 2 for evacuation
[438.132s][info][gc,phases   ] GC(892)   Pre Evacuate Collection Set: 0.26ms
[438.132s][info][gc,phases   ] GC(892)   Merge Heap Roots: 0.23ms
[438.132s][info][gc,phases   ] GC(892)   Evacuate Collection Set: 30.86ms
[438.132s][info][gc,phases   ] GC(892)   Post Evacuate Collection Set: 0.69ms
[438.132s][info][gc,phases   ] GC(892)   Other: 0.08ms
[438.132s][info][gc,heap     ] GC(892) Eden regions: 402->0(403)
[438.132s][info][gc,heap     ] GC(892) Survivor regions: 25->24(54)
[438.132s][info][gc,heap     ] GC(892) Old regions: 153->153
[438.132s][info][gc,heap     ] GC(892) Humongous regions: 17->16
[438.132s][info][gc,metaspace] GC(892) Metaspace: 43019K(43456K)->43019K(43456K) NonClass: 38672K(38912K)->38672K(38912K) Class: 4347K(4544K)->4347K(4544K)
[438.133s][info][gc          ] GC(892) Pause Young (Normal) (G1 Evacuation Pause) 596M->192M(712M) 32.324ms
[438.133s][info][gc,cpu      ] GC(892) User=0.06s Sys=0.00s Real=0.03s
[439.963s][info][gc,start    ] GC(893) Pause Young (Normal) (G1 Evacuation Pause)
[439.963s][info][gc,task     ] GC(893) Using 2 workers of 2 for evacuation
[440.016s][info][gc,phases   ] GC(893)   Pre Evacuate Collection Set: 0.47ms
[440.017s][info][gc,phases   ] GC(893)   Merge Heap Roots: 0.24ms
[440.017s][info][gc,phases   ] GC(893)   Evacuate Collection Set: 51.93ms
[440.017s][info][gc,phases   ] GC(893)   Post Evacuate Collection Set: 0.76ms
[440.017s][info][gc,phases   ] GC(893)   Other: 0.11ms
[440.017s][info][gc,heap     ] GC(893) Eden regions: 403->0(385)
[440.017s][info][gc,heap     ] GC(893) Survivor regions: 24->42(54)
[440.017s][info][gc,heap     ] GC(893) Old regions: 153->153
[440.017s][info][gc,heap     ] GC(893) Humongous regions: 19->19
[440.017s][info][gc,metaspace] GC(893) Metaspace: 43019K(43456K)->43019K(43456K) NonClass: 38672K(38912K)->38672K(38912K) Class: 4347K(4544K)->4347K(4544K)
[440.017s][info][gc          ] GC(893) Pause Young (Normal) (G1 Evacuation Pause) 598M->213M(712M) 53.746ms
[440.017s][info][gc,cpu      ] GC(893) User=0.11s Sys=0.00s Real=0.05s
[441.073s][info][gc,start    ] GC(894) Pause Young (Normal) (G1 Evacuation Pause)
[441.073s][info][gc,task     ] GC(894) Using 2 workers of 2 for evacuation
[441.185s][info][gc,phases   ] GC(894)   Pre Evacuate Collection Set: 0.26ms
[441.185s][info][gc,phases   ] GC(894)   Merge Heap Roots: 0.35ms
[441.185s][info][gc,phases   ] GC(894)   Evacuate Collection Set: 110.68ms
[441.185s][info][gc,phases   ] GC(894)   Post Evacuate Collection Set: 0.86ms
[441.185s][info][gc,phases   ] GC(894)   Other: 0.10ms
[441.185s][info][gc,heap     ] GC(894) Eden regions: 385->0(356)
[441.185s][info][gc,heap     ] GC(894) Survivor regions: 42->54(54)
[441.185s][info][gc,heap     ] GC(894) Old regions: 153->186
[441.185s][info][gc,heap     ] GC(894) Humongous regions: 25->25
[441.185s][info][gc,metaspace] GC(894) Metaspace: 43019K(43456K)->43019K(43456K) NonClass: 38672K(38912K)->38672K(38912K) Class: 4347K(4544K)->4347K(4544K)
[441.185s][info][gc          ] GC(894) Pause Young (Normal) (G1 Evacuation Pause) 604M->264M(712M) 112.501ms
[441.185s][info][gc,cpu      ] GC(894) User=0.22s Sys=0.00s Real=0.11s
[441.678s][info][gc,start    ] GC(895) Pause Young (Concurrent Start) (G1 Humongous Allocation)
[441.678s][info][gc,task     ] GC(895) Using 2 workers of 2 for evacuation
[441.781s][info][gc,phases   ] GC(895)   Pre Evacuate Collection Set: 0.29ms
[441.781s][info][gc,phases   ] GC(895)   Merge Heap Roots: 0.39ms
[441.781s][info][gc,phases   ] GC(895)   Evacuate Collection Set: 101.55ms
[441.781s][info][gc,phases   ] GC(895)   Post Evacuate Collection Set: 0.54ms
[441.781s][info][gc,phases   ] GC(895)   Other: 0.12ms
[441.781s][info][gc,heap     ] GC(895) Eden regions: 139->0(332)
[441.781s][info][gc,heap     ] GC(895) Survivor regions: 54->25(52)
[441.781s][info][gc,heap     ] GC(895) Old regions: 186->240
[441.781s][info][gc,heap     ] GC(895) Humongous regions: 25->25
[441.781s][info][gc,metaspace] GC(895) Metaspace: 43019K(43456K)->43019K(43456K) NonClass: 38672K(38912K)->38672K(38912K) Class: 4347K(4544K)->4347K(4544K)
[441.781s][info][gc          ] GC(895) Pause Young (Concurrent Start) (G1 Humongous Allocation) 403M->288M(712M) 103.140ms
[441.781s][info][gc          ] GC(896) Concurrent Mark Cycle
[441.781s][info][gc,marking  ] GC(896) Concurrent Scan Root Regions
[441.782s][info][gc,cpu      ] GC(895) User=0.20s Sys=0.00s Real=0.11s
[441.827s][info][gc,marking  ] GC(896) Concurrent Scan Root Regions 45.453ms
[441.827s][info][gc,marking  ] GC(896) Concurrent Mark
[441.827s][info][gc,marking  ] GC(896) Concurrent Mark From Roots
[441.827s][info][gc,task     ] GC(896) Using 1 workers of 1 for marking
[441.899s][info][gc,marking  ] GC(896) Concurrent Mark From Roots 72.044ms
[441.899s][info][gc,marking  ] GC(896) Concurrent Preclean
[441.899s][info][gc,marking  ] GC(896) Concurrent Preclean 0.288ms
[441.900s][info][gc,start    ] GC(896) Pause Remark
[441.918s][info][gc          ] GC(896) Pause Remark 297M->174M(564M) 18.013ms
[441.918s][info][gc,cpu      ] GC(896) User=0.04s Sys=0.00s Real=0.01s
[441.918s][info][gc,marking  ] GC(896) Concurrent Mark 90.726ms
[441.918s][info][gc,marking  ] GC(896) Concurrent Rebuild Remembered Sets and Scrub Regions
[441.993s][info][gc,marking  ] GC(896) Concurrent Rebuild Remembered Sets and Scrub Regions 75.549ms
[441.993s][info][gc,start    ] GC(896) Pause Cleanup
[441.994s][info][gc          ] GC(896) Pause Cleanup 183M->183M(564M) 0.091ms
[441.994s][info][gc,cpu      ] GC(896) User=0.00s Sys=0.00s Real=0.00s
[441.994s][info][gc,marking  ] GC(896) Concurrent Clear Claimed Marks
[441.994s][info][gc,marking  ] GC(896) Concurrent Clear Claimed Marks 0.046ms
[441.994s][info][gc,marking  ] GC(896) Concurrent Cleanup for Next Mark
[441.999s][info][gc,marking  ] GC(896) Concurrent Cleanup for Next Mark 4.819ms
[441.999s][info][gc          ] GC(896) Concurrent Mark Cycle 217.166ms
[443.851s][info][gc,start    ] GC(897) Pause Young (Prepare Mixed) (G1 Evacuation Pause)
[443.851s][info][gc,task     ] GC(897) Using 2 workers of 2 for evacuation
[443.893s][info][gc,phases   ] GC(897)   Pre Evacuate Collection Set: 0.35ms
[443.893s][info][gc,phases   ] GC(897)   Merge Heap Roots: 0.23ms
[443.893s][info][gc,phases   ] GC(897)   Evacuate Collection Set: 40.95ms
[443.893s][info][gc,phases   ] GC(897)   Post Evacuate Collection Set: 0.63ms
[443.893s][info][gc,phases   ] GC(897)   Other: 0.09ms
[443.893s][info][gc,heap     ] GC(897) Eden regions: 313->0(305)
[443.893s][info][gc,heap     ] GC(897) Survivor regions: 25->18(43)
[443.893s][info][gc,heap     ] GC(897) Old regions: 135->150
[443.893s][info][gc,heap     ] GC(897) Humongous regions: 15->13
[443.894s][info][gc,metaspace] GC(897) Metaspace: 43019K(43456K)->43019K(43456K) NonClass: 38672K(38912K)->38672K(38912K) Class: 4347K(4544K)->4347K(4544K)
[443.894s][info][gc          ] GC(897) Pause Young (Prepare Mixed) (G1 Evacuation Pause) 486M->179M(564M) 42.491ms
[443.894s][info][gc,cpu      ] GC(897) User=0.08s Sys=0.00s Real=0.04s
[445.685s][info][gc,start    ] GC(898) Pause Young (Mixed) (G1 Evacuation Pause)
[445.685s][info][gc,task     ] GC(898) Using 2 workers of 2 for evacuation
[445.709s][info][gc,phases   ] GC(898)   Pre Evacuate Collection Set: 0.34ms
[445.709s][info][gc,phases   ] GC(898)   Merge Heap Roots: 0.23ms
[445.709s][info][gc,phases   ] GC(898)   Evacuate Collection Set: 22.20ms
[445.709s][info][gc,phases   ] GC(898)   Post Evacuate Collection Set: 0.63ms
[445.709s][info][gc,phases   ] GC(898)   Other: 0.09ms
[445.709s][info][gc,heap     ] GC(898) Eden regions: 305->0(319)
[445.709s][info][gc,heap     ] GC(898) Survivor regions: 18->19(41)
[445.709s][info][gc,heap     ] GC(898) Old regions: 150->135
[445.709s][info][gc,heap     ] GC(898) Humongous regions: 13->13
[445.709s][info][gc,metaspace] GC(898) Metaspace: 43019K(43456K)->43019K(43456K) NonClass: 38672K(38912K)->38672K(38912K) Class: 4347K(4544K)->4347K(4544K)
[445.709s][info][gc          ] GC(898) Pause Young (Mixed) (G1 Evacuation Pause) 484M->165M(564M) 23.717ms
[445.709s][info][gc,cpu      ] GC(898) User=0.05s Sys=0.00s Real=0.02s
[446.385s][info][gc,start    ] GC(899) Pause Young (Concurrent Start) (G1 Humongous Allocation)
[446.385s][info][gc,task     ] GC(899) Using 2 workers of 2 for evacuation
[446.398s][info][gc,phases   ] GC(899)   Pre Evacuate Collection Set: 0.30ms
[446.398s][info][gc,phases   ] GC(899)   Merge Heap Roots: 0.09ms
[446.398s][info][gc,phases   ] GC(899)   Evacuate Collection Set: 12.47ms
[446.398s][info][gc,phases   ] GC(899)   Post Evacuate Collection Set: 0.41ms
[446.398s][info][gc,phases   ] GC(899)   Other: 0.10ms
[446.398s][info][gc,heap     ] GC(899) Eden regions: 103->0(327)
[446.398s][info][gc,heap     ] GC(899) Survivor regions: 19->11(43)
[446.398s][info][gc,heap     ] GC(899) Old regions: 135->135
[446.398s][info][gc,heap     ] GC(899) Humongous regions: 13->13
[446.398s][info][gc,metaspace] GC(899) Metaspace: 43019K(43456K)->43019K(43456K) NonClass: 38672K(38912K)->38672K(38912K) Class: 4347K(4544K)->4347K(4544K)
[446.398s][info][gc          ] GC(899) Pause Young (Concurrent Start) (G1 Humongous Allocation) 268M->157M(564M) 13.545ms
[446.398s][info][gc,cpu      ] GC(899) User=0.03s Sys=0.00s Real=0.01s
[446.398s][info][gc          ] GC(900) Concurrent Mark Cycle
[446.398s][info][gc,marking  ] GC(900) Concurrent Scan Root Regions
[446.406s][info][gc,marking  ] GC(900) Concurrent Scan Root Regions 7.424ms
[446.406s][info][gc,marking  ] GC(900) Concurrent Mark
[446.406s][info][gc,marking  ] GC(900) Concurrent Mark From Roots
[446.406s][info][gc,task     ] GC(900) Using 1 workers of 1 for marking
[446.439s][info][gc,marking  ] GC(900) Concurrent Mark From Roots 33.144ms
[446.439s][info][gc,marking  ] GC(900) Concurrent Preclean
[446.439s][info][gc,marking  ] GC(900) Concurrent Preclean 0.078ms
[446.439s][info][gc,start    ] GC(900) Pause Remark
[446.456s][info][gc          ] GC(900) Pause Remark 166M->84M(257M) 17.281ms
[446.457s][info][gc,cpu      ] GC(900) User=0.03s Sys=0.00s Real=0.01s
[446.457s][info][gc,marking  ] GC(900) Concurrent Mark 50.792ms
[446.457s][info][gc,marking  ] GC(900) Concurrent Rebuild Remembered Sets and Scrub Regions
[446.469s][info][gc,marking  ] GC(900) Concurrent Rebuild Remembered Sets and Scrub Regions 12.907ms
[446.470s][info][gc,start    ] GC(900) Pause Cleanup
[446.470s][info][gc          ] GC(900) Pause Cleanup 86M->86M(257M) 0.045ms
[446.470s][info][gc,cpu      ] GC(900) User=0.00s Sys=0.00s Real=0.00s
[446.470s][info][gc,marking  ] GC(900) Concurrent Clear Claimed Marks
[446.470s][info][gc,marking  ] GC(900) Concurrent Clear Claimed Marks 0.039ms
[446.470s][info][gc,marking  ] GC(900) Concurrent Cleanup for Next Mark
[446.471s][info][gc,marking  ] GC(900) Concurrent Cleanup for Next Mark 0.745ms
[446.471s][info][gc          ] GC(900) Concurrent Mark Cycle 72.284ms
[447.270s][info][gc,start    ] GC(901) Pause Young (Prepare Mixed) (G1 Evacuation Pause)
[447.270s][info][gc,task     ] GC(901) Using 2 workers of 2 for evacuation
[447.276s][info][gc,phases   ] GC(901)   Pre Evacuate Collection Set: 0.16ms
[447.277s][info][gc,phases   ] GC(901)   Merge Heap Roots: 0.09ms
[447.277s][info][gc,phases   ] GC(901)   Evacuate Collection Set: 5.27ms
[447.277s][info][gc,phases   ] GC(901)   Post Evacuate Collection Set: 0.42ms
[447.277s][info][gc,phases   ] GC(901)   Other: 0.08ms
[447.277s][info][gc,heap     ] GC(901) Eden regions: 143->0(153)
[447.277s][info][gc,heap     ] GC(901) Survivor regions: 11->1(20)
[447.277s][info][gc,heap     ] GC(901) Old regions: 64->71
[447.277s][info][gc,heap     ] GC(901) Humongous regions: 2->1
[447.277s][info][gc,metaspace] GC(901) Metaspace: 43019K(43456K)->43019K(43456K) NonClass: 38672K(38912K)->38672K(38912K) Class: 4347K(4544K)->4347K(4544K)
[447.277s][info][gc          ] GC(901) Pause Young (Prepare Mixed) (G1 Evacuation Pause) 219M->72M(257M) 6.219ms
[447.277s][info][gc,cpu      ] GC(901) User=0.01s Sys=0.00s Real=0.00s
[448.053s][info][gc,start    ] GC(902) Pause Young (Mixed) (G1 Evacuation Pause)
[448.053s][info][gc,task     ] GC(902) Using 2 workers of 2 for evacuation
[448.072s][info][gc,phases   ] GC(902)   Pre Evacuate Collection Set: 0.17ms
[448.073s][info][gc,phases   ] GC(902)   Merge Heap Roots: 0.09ms
[448.073s][info][gc,phases   ] GC(902)   Evacuate Collection Set: 18.75ms
[448.073s][info][gc,phases   ] GC(902)   Post Evacuate Collection Set: 0.49ms
[448.073s][info][gc,phases   ] GC(902)   Other: 0.08ms
[448.073s][info][gc,heap     ] GC(902) Eden regions: 153->0(134)
[448.073s][info][gc,heap     ] GC(902) Survivor regions: 1->20(20)
[448.073s][info][gc,heap     ] GC(902) Old regions: 71->55
[448.073s][info][gc,heap     ] GC(902) Humongous regions: 5->3
[448.073s][info][gc,metaspace] GC(902) Metaspace: 43020K(43456K)->43020K(43456K) NonClass: 38672K(38912K)->38672K(38912K) Class: 4347K(4544K)->4347K(4544K)
[448.073s][info][gc          ] GC(902) Pause Young (Mixed) (G1 Evacuation Pause) 229M->77M(257M) 19.778ms
[448.073s][info][gc,cpu      ] GC(902) User=0.04s Sys=0.00s Real=0.02s
[448.238s][info][gc,start    ] GC(903) Pause Young (Concurrent Start) (G1 Humongous Allocation)
[448.238s][info][gc,task     ] GC(903) Using 2 workers of 2 for evacuation
[448.264s][info][gc,phases   ] GC(903)   Pre Evacuate Collection Set: 1.60ms
[448.264s][info][gc,phases   ] GC(903)   Merge Heap Roots: 0.06ms
[448.264s][info][gc,phases   ] GC(903)   Evacuate Collection Set: 23.83ms
[448.264s][info][gc,phases   ] GC(903)   Post Evacuate Collection Set: 0.45ms
[448.264s][info][gc,phases   ] GC(903)   Other: 0.11ms
[448.264s][info][gc,heap     ] GC(903) Eden regions: 36->0(153)
[448.264s][info][gc,heap     ] GC(903) Survivor regions: 20->1(20)
[448.264s][info][gc,heap     ] GC(903) Old regions: 55->69
[448.264s][info][gc,heap     ] GC(903) Humongous regions: 3->1
[448.264s][info][gc,metaspace] GC(903) Metaspace: 43021K(43456K)->43021K(43456K) NonClass: 38674K(38912K)->38674K(38912K) Class: 4347K(4544K)->4347K(4544K)
[448.264s][info][gc          ] GC(903) Pause Young (Concurrent Start) (G1 Humongous Allocation) 113M->70M(257M) 26.518ms
[448.264s][info][gc,cpu      ] GC(903) User=0.02s Sys=0.01s Real=0.03s
[448.264s][info][gc          ] GC(904) Concurrent Mark Cycle
[448.264s][info][gc,marking  ] GC(904) Concurrent Scan Root Regions
[448.285s][info][gc,marking  ] GC(904) Concurrent Scan Root Regions 20.454ms
[448.285s][info][gc,marking  ] GC(904) Concurrent Mark
[448.285s][info][gc,marking  ] GC(904) Concurrent Mark From Roots
[448.285s][info][gc,task     ] GC(904) Using 1 workers of 1 for marking
[448.326s][info][gc,marking  ] GC(904) Concurrent Mark From Roots 41.338ms
[448.326s][info][gc,marking  ] GC(904) Concurrent Preclean
[448.326s][info][gc,marking  ] GC(904) Concurrent Preclean 0.052ms
[448.327s][info][gc,start    ] GC(904) Pause Remark
[448.345s][info][gc          ] GC(904) Pause Remark 82M->81M(256M) 17.919ms
[448.345s][info][gc,cpu      ] GC(904) User=0.04s Sys=0.00s Real=0.02s
[448.345s][info][gc,marking  ] GC(904) Concurrent Mark 60.350ms
[448.345s][info][gc,marking  ] GC(904) Concurrent Rebuild Remembered Sets and Scrub Regions
[448.369s][info][gc,marking  ] GC(904) Concurrent Rebuild Remembered Sets and Scrub Regions 23.452ms
[448.369s][info][gc,start    ] GC(904) Pause Cleanup
[448.369s][info][gc          ] GC(904) Pause Cleanup 85M->85M(256M) 0.064ms
[448.369s][info][gc,cpu      ] GC(904) User=0.00s Sys=0.00s Real=0.00s
[448.371s][info][gc,marking  ] GC(904) Concurrent Clear Claimed Marks
[448.371s][info][gc,marking  ] GC(904) Concurrent Clear Claimed Marks 0.059ms
[448.371s][info][gc,marking  ] GC(904) Concurrent Cleanup for Next Mark
[448.372s][info][gc,marking  ] GC(904) Concurrent Cleanup for Next Mark 0.746ms
[448.372s][info][gc          ] GC(904) Concurrent Mark Cycle 107.593ms
[448.941s][info][gc,start    ] GC(905) Pause Young (Prepare Mixed) (G1 Evacuation Pause)
[448.941s][info][gc,task     ] GC(905) Using 2 workers of 2 for evacuation
[448.952s][info][gc,phases   ] GC(905)   Pre Evacuate Collection Set: 0.15ms
[448.952s][info][gc,phases   ] GC(905)   Merge Heap Roots: 0.08ms
[448.952s][info][gc,phases   ] GC(905)   Evacuate Collection Set: 10.61ms
[448.952s][info][gc,phases   ] GC(905)   Post Evacuate Collection Set: 0.45ms
[448.952s][info][gc,phases   ] GC(905)   Other: 0.07ms
[448.952s][info][gc,heap     ] GC(905) Eden regions: 152->0(141)
[448.952s][info][gc,heap     ] GC(905) Survivor regions: 1->12(20)
[448.952s][info][gc,heap     ] GC(905) Old regions: 68->68
[448.952s][info][gc,heap     ] GC(905) Humongous regions: 18->3
[448.952s][info][gc,metaspace] GC(905) Metaspace: 43021K(43456K)->43021K(43456K) NonClass: 38674K(38912K)->38674K(38912K) Class: 4347K(4544K)->4347K(4544K)
[448.952s][info][gc          ] GC(905) Pause Young (Prepare Mixed) (G1 Evacuation Pause) 238M->82M(256M) 11.552ms
[448.952s][info][gc,cpu      ] GC(905) User=0.02s Sys=0.00s Real=0.01s
[449.785s][info][gc,start    ] GC(906) Pause Young (Mixed) (G1 Evacuation Pause)
[449.785s][info][gc,task     ] GC(906) Using 2 workers of 2 for evacuation
[449.791s][info][gc,phases   ] GC(906)   Pre Evacuate Collection Set: 0.16ms
[449.791s][info][gc,phases   ] GC(906)   Merge Heap Roots: 0.08ms
[449.791s][info][gc,phases   ] GC(906)   Evacuate Collection Set: 5.68ms
[449.791s][info][gc,phases   ] GC(906)   Post Evacuate Collection Set: 0.46ms
[449.791s][info][gc,phases   ] GC(906)   Other: 0.09ms
[449.791s][info][gc,heap     ] GC(906) Eden regions: 141->0(148)
[449.791s][info][gc,heap     ] GC(906) Survivor regions: 12->5(20)
[449.791s][info][gc,heap     ] GC(906) Old regions: 68->50
[449.791s][info][gc,heap     ] GC(906) Humongous regions: 8->3
[449.791s][info][gc,metaspace] GC(906) Metaspace: 43021K(43456K)->43021K(43456K) NonClass: 38674K(38912K)->38674K(38912K) Class: 4347K(4544K)->4347K(4544K)
[449.791s][info][gc          ] GC(906) Pause Young (Mixed) (G1 Evacuation Pause) 228M->56M(256M) 6.653ms
[449.791s][info][gc,cpu      ] GC(906) User=0.01s Sys=0.00s Real=0.01s
[449.809s][info][gc,start    ] GC(907) Pause Young (Concurrent Start) (G1 Humongous Allocation)
[449.809s][info][gc,task     ] GC(907) Using 2 workers of 2 for evacuation
[449.811s][info][gc,phases   ] GC(907)   Pre Evacuate Collection Set: 0.15ms
[449.811s][info][gc,phases   ] GC(907)   Merge Heap Roots: 0.04ms
[449.811s][info][gc,phases   ] GC(907)   Evacuate Collection Set: 1.63ms
[449.811s][info][gc,phases   ] GC(907)   Post Evacuate Collection Set: 0.28ms
[449.811s][info][gc,phases   ] GC(907)   Other: 0.08ms
[449.811s][info][gc,heap     ] GC(907) Eden regions: 5->0(151)
[449.811s][info][gc,heap     ] GC(907) Survivor regions: 5->2(20)
[449.811s][info][gc,heap     ] GC(907) Old regions: 50->50
[449.812s][info][gc,heap     ] GC(907) Humongous regions: 3->1
[449.812s][info][gc,metaspace] GC(907) Metaspace: 43021K(43456K)->43021K(43456K) NonClass: 38674K(38912K)->38674K(38912K) Class: 4347K(4544K)->4347K(4544K)
[449.812s][info][gc          ] GC(907) Pause Young (Concurrent Start) (G1 Humongous Allocation) 61M->52M(256M) 2.348ms
[449.812s][info][gc,cpu      ] GC(907) User=0.01s Sys=0.00s Real=0.00s
[449.812s][info][gc          ] GC(908) Concurrent Mark Cycle
[449.812s][info][gc,marking  ] GC(908) Concurrent Scan Root Regions
[449.813s][info][gc,marking  ] GC(908) Concurrent Scan Root Regions 1.828ms
[449.813s][info][gc,marking  ] GC(908) Concurrent Mark
[449.813s][info][gc,marking  ] GC(908) Concurrent Mark From Roots
[449.813s][info][gc,task     ] GC(908) Using 1 workers of 1 for marking
[449.865s][info][gc,marking  ] GC(908) Concurrent Mark From Roots 51.490ms
[449.865s][info][gc,marking  ] GC(908) Concurrent Preclean
[449.865s][info][gc,marking  ] GC(908) Concurrent Preclean 0.037ms
[449.865s][info][gc,start    ] GC(908) Pause Remark
[449.882s][info][gc          ] GC(908) Pause Remark 65M->62M(256M) 16.985ms
[449.882s][info][gc,cpu      ] GC(908) User=0.04s Sys=0.00s Real=0.02s
[449.882s][info][gc,marking  ] GC(908) Concurrent Mark 68.735ms
[449.882s][info][gc,marking  ] GC(908) Concurrent Rebuild Remembered Sets and Scrub Regions
[449.901s][info][gc,marking  ] GC(908) Concurrent Rebuild Remembered Sets and Scrub Regions 19.260ms
[449.902s][info][gc,start    ] GC(908) Pause Cleanup
[449.902s][info][gc          ] GC(908) Pause Cleanup 67M->67M(256M) 0.046ms
[449.902s][info][gc,cpu      ] GC(908) User=0.00s Sys=0.00s Real=0.00s
[449.904s][info][gc,marking  ] GC(908) Concurrent Clear Claimed Marks
[449.904s][info][gc,marking  ] GC(908) Concurrent Clear Claimed Marks 0.058ms
[449.904s][info][gc,marking  ] GC(908) Concurrent Cleanup for Next Mark
[449.905s][info][gc,marking  ] GC(908) Concurrent Cleanup for Next Mark 0.835ms
[449.905s][info][gc          ] GC(908) Concurrent Mark Cycle 93.179ms
[450.430s][info][gc,start    ] GC(909) Pause Young (Prepare Mixed) (G1 Evacuation Pause)
[450.430s][info][gc,task     ] GC(909) Using 2 workers of 2 for evacuation
[450.450s][info][gc,phases   ] GC(909)   Pre Evacuate Collection Set: 0.17ms
[450.450s][info][gc,phases   ] GC(909)   Merge Heap Roots: 0.09ms
[450.450s][info][gc,phases   ] GC(909)   Evacuate Collection Set: 18.93ms
[450.450s][info][gc,phases   ] GC(909)   Post Evacuate Collection Set: 0.48ms
[450.450s][info][gc,phases   ] GC(909)   Other: 0.07ms
[450.450s][info][gc,heap     ] GC(909) Eden regions: 151->0(133)
[450.450s][info][gc,heap     ] GC(909) Survivor regions: 2->20(20)
[450.450s][info][gc,heap     ] GC(909) Old regions: 47->47
[450.450s][info][gc,heap     ] GC(909) Humongous regions: 7->3
[450.450s][info][gc,metaspace] GC(909) Metaspace: 43021K(43456K)->43021K(43456K) NonClass: 38674K(38912K)->38674K(38912K) Class: 4347K(4544K)->4347K(4544K)
[450.450s][info][gc          ] GC(909) Pause Young (Prepare Mixed) (G1 Evacuation Pause) 206M->69M(256M) 19.936ms
[450.450s][info][gc,cpu      ] GC(909) User=0.04s Sys=0.00s Real=0.02s
[451.047s][info][gc,start    ] GC(910) Pause Young (Mixed) (G1 Evacuation Pause)
[451.047s][info][gc,task     ] GC(910) Using 2 workers of 2 for evacuation
[451.055s][info][gc,phases   ] GC(910)   Pre Evacuate Collection Set: 0.16ms
[451.055s][info][gc,phases   ] GC(910)   Merge Heap Roots: 0.07ms
[451.055s][info][gc,phases   ] GC(910)   Evacuate Collection Set: 7.12ms
[451.055s][info][gc,phases   ] GC(910)   Post Evacuate Collection Set: 0.45ms
[451.055s][info][gc,phases   ] GC(910)   Other: 0.09ms
[451.055s][info][gc,heap     ] GC(910) Eden regions: 133->0(148)
[451.055s][info][gc,heap     ] GC(910) Survivor regions: 20->5(20)
[451.055s][info][gc,heap     ] GC(910) Old regions: 47->42
[451.055s][info][gc,heap     ] GC(910) Humongous regions: 9->3
[451.055s][info][gc,metaspace] GC(910) Metaspace: 43021K(43456K)->43021K(43456K) NonClass: 38674K(38912K)->38674K(38912K) Class: 4347K(4544K)->4347K(4544K)
[451.055s][info][gc          ] GC(910) Pause Young (Mixed) (G1 Evacuation Pause) 208M->49M(256M) 8.079ms
[451.055s][info][gc,cpu      ] GC(910) User=0.01s Sys=0.00s Real=0.01s
[451.060s][info][gc,start    ] GC(911) Pause Young (Concurrent Start) (G1 Humongous Allocation)
[451.060s][info][gc,task     ] GC(911) Using 2 workers of 2 for evacuation
[451.062s][info][gc,phases   ] GC(911)   Pre Evacuate Collection Set: 0.14ms
[451.062s][info][gc,phases   ] GC(911)   Merge Heap Roots: 0.03ms
[451.062s][info][gc,phases   ] GC(911)   Evacuate Collection Set: 1.45ms
[451.062s][info][gc,phases   ] GC(911)   Post Evacuate Collection Set: 0.24ms
[451.062s][info][gc,phases   ] GC(911)   Other: 0.09ms
[451.062s][info][gc,heap     ] GC(911) Eden regions: 2->0(151)
[451.062s][info][gc,heap     ] GC(911) Survivor regions: 5->2(20)
[451.062s][info][gc,heap     ] GC(911) Old regions: 42->42
[451.062s][info][gc,heap     ] GC(911) Humongous regions: 3->1
[451.062s][info][gc,metaspace] GC(911) Metaspace: 43021K(43456K)->43021K(43456K) NonClass: 38674K(38912K)->38674K(38912K) Class: 4347K(4544K)->4347K(4544K)
[451.063s][info][gc          ] GC(911) Pause Young (Concurrent Start) (G1 Humongous Allocation) 51M->44M(256M) 2.090ms
[451.063s][info][gc          ] GC(912) Concurrent Mark Cycle
[451.063s][info][gc,marking  ] GC(912) Concurrent Scan Root Regions
[451.063s][info][gc,cpu      ] GC(911) User=0.00s Sys=0.00s Real=0.00s
[451.064s][info][gc,marking  ] GC(912) Concurrent Scan Root Regions 1.685ms
[451.064s][info][gc,marking  ] GC(912) Concurrent Mark
[451.064s][info][gc,marking  ] GC(912) Concurrent Mark From Roots
[451.064s][info][gc,task     ] GC(912) Using 1 workers of 1 for marking
[451.113s][info][gc,marking  ] GC(912) Concurrent Mark From Roots 48.923ms
[451.113s][info][gc,marking  ] GC(912) Concurrent Preclean
[451.113s][info][gc,marking  ] GC(912) Concurrent Preclean 0.035ms
[451.113s][info][gc,start    ] GC(912) Pause Remark
[451.131s][info][gc          ] GC(912) Pause Remark 58M->58M(256M) 17.260ms
[451.131s][info][gc,cpu      ] GC(912) User=0.03s Sys=0.00s Real=0.02s
[451.131s][info][gc,marking  ] GC(912) Concurrent Mark 66.529ms
[451.131s][info][gc,marking  ] GC(912) Concurrent Rebuild Remembered Sets and Scrub Regions
[451.150s][info][gc,marking  ] GC(912) Concurrent Rebuild Remembered Sets and Scrub Regions 18.849ms
[451.150s][info][gc,start    ] GC(912) Pause Cleanup
[451.150s][info][gc          ] GC(912) Pause Cleanup 61M->61M(256M) 0.045ms
[451.150s][info][gc,cpu      ] GC(912) User=0.00s Sys=0.00s Real=0.00s
[451.150s][info][gc,marking  ] GC(912) Concurrent Clear Claimed Marks
[451.150s][info][gc,marking  ] GC(912) Concurrent Clear Claimed Marks 0.038ms
[451.150s][info][gc,marking  ] GC(912) Concurrent Cleanup for Next Mark
[451.151s][info][gc,marking  ] GC(912) Concurrent Cleanup for Next Mark 0.758ms
[451.151s][info][gc          ] GC(912) Concurrent Mark Cycle 88.161ms
[451.769s][info][gc,start    ] GC(913) Pause Young (Prepare Mixed) (G1 Evacuation Pause)
[451.769s][info][gc,task     ] GC(913) Using 2 workers of 2 for evacuation
[451.773s][info][gc,phases   ] GC(913)   Pre Evacuate Collection Set: 0.17ms
[451.773s][info][gc,phases   ] GC(913)   Merge Heap Roots: 0.06ms
[451.773s][info][gc,phases   ] GC(913)   Evacuate Collection Set: 3.38ms
[451.773s][info][gc,phases   ] GC(913)   Post Evacuate Collection Set: 0.52ms
[451.774s][info][gc,phases   ] GC(913)   Other: 0.09ms
[451.774s][info][gc,heap     ] GC(913) Eden regions: 151->0(149)
[451.774s][info][gc,heap     ] GC(913) Survivor regions: 2->4(20)
[451.774s][info][gc,heap     ] GC(913) Old regions: 42->42
[451.774s][info][gc,heap     ] GC(913) Humongous regions: 17->3
[451.774s][info][gc,metaspace] GC(913) Metaspace: 43021K(43456K)->43021K(43456K) NonClass: 38674K(38912K)->38674K(38912K) Class: 4347K(4544K)->4347K(4544K)
[451.774s][info][gc          ] GC(913) Pause Young (Prepare Mixed) (G1 Evacuation Pause) 211M->48M(256M) 4.399ms
[451.774s][info][gc,cpu      ] GC(913) User=0.01s Sys=0.00s Real=0.00s
[452.375s][info][gc,start    ] GC(914) Pause Young (Mixed) (G1 Evacuation Pause)
[452.375s][info][gc,task     ] GC(914) Using 2 workers of 2 for evacuation
[452.380s][info][gc,phases   ] GC(914)   Pre Evacuate Collection Set: 0.20ms
[452.380s][info][gc,phases   ] GC(914)   Merge Heap Roots: 0.09ms
[452.380s][info][gc,phases   ] GC(914)   Evacuate Collection Set: 4.26ms
[452.380s][info][gc,phases   ] GC(914)   Post Evacuate Collection Set: 0.40ms
[452.380s][info][gc,phases   ] GC(914)   Other: 0.09ms
[452.380s][info][gc,heap     ] GC(914) Eden regions: 149->0(150)
[452.380s][info][gc,heap     ] GC(914) Survivor regions: 4->3(20)
[452.380s][info][gc,heap     ] GC(914) Old regions: 42->40
[452.380s][info][gc,heap     ] GC(914) Humongous regions: 13->1
[452.380s][info][gc,metaspace] GC(914) Metaspace: 43021K(43456K)->43021K(43456K) NonClass: 38674K(38912K)->38674K(38912K) Class: 4347K(4544K)->4347K(4544K)
[452.380s][info][gc          ] GC(914) Pause Young (Mixed) (G1 Evacuation Pause) 207M->42M(256M) 5.213ms
[452.380s][info][gc,cpu      ] GC(914) User=0.01s Sys=0.00s Real=0.01s
[452.382s][info][gc,start    ] GC(915) Pause Young (Concurrent Start) (G1 Humongous Allocation)
[452.382s][info][gc,task     ] GC(915) Using 2 workers of 2 for evacuation
[452.386s][info][gc,phases   ] GC(915)   Pre Evacuate Collection Set: 0.15ms
[452.386s][info][gc,phases   ] GC(915)   Merge Heap Roots: 0.04ms
[452.386s][info][gc,phases   ] GC(915)   Evacuate Collection Set: 2.82ms
[452.386s][info][gc,phases   ] GC(915)   Post Evacuate Collection Set: 0.24ms
[452.386s][info][gc,phases   ] GC(915)   Other: 0.08ms
[452.386s][info][gc,heap     ] GC(915) Eden regions: 2->0(150)
[452.386s][info][gc,heap     ] GC(915) Survivor regions: 3->3(20)
[452.386s][info][gc,heap     ] GC(915) Old regions: 40->40
[452.386s][info][gc,heap     ] GC(915) Humongous regions: 1->1
[452.386s][info][gc,metaspace] GC(915) Metaspace: 43021K(43456K)->43021K(43456K) NonClass: 38674K(38912K)->38674K(38912K) Class: 4347K(4544K)->4347K(4544K)
[452.386s][info][gc          ] GC(915) Pause Young (Concurrent Start) (G1 Humongous Allocation) 44M->43M(256M) 3.477ms
[452.386s][info][gc,cpu      ] GC(915) User=0.01s Sys=0.00s Real=0.00s
[452.386s][info][gc          ] GC(916) Concurrent Mark Cycle
[452.386s][info][gc,marking  ] GC(916) Concurrent Scan Root Regions
[452.389s][info][gc,marking  ] GC(916) Concurrent Scan Root Regions 3.502ms
[452.389s][info][gc,marking  ] GC(916) Concurrent Mark
[452.389s][info][gc,marking  ] GC(916) Concurrent Mark From Roots
[452.389s][info][gc,task     ] GC(916) Using 1 workers of 1 for marking
[452.440s][info][gc,marking  ] GC(916) Concurrent Mark From Roots 50.971ms
[452.440s][info][gc,marking  ] GC(916) Concurrent Preclean
[452.441s][info][gc,marking  ] GC(916) Concurrent Preclean 0.035ms
[452.441s][info][gc,start    ] GC(916) Pause Remark
[452.458s][info][gc          ] GC(916) Pause Remark 58M->58M(256M) 16.831ms
[452.458s][info][gc,cpu      ] GC(916) User=0.04s Sys=0.00s Real=0.01s
[452.460s][info][gc,marking  ] GC(916) Concurrent Mark 70.615ms
[452.460s][info][gc,marking  ] GC(916) Concurrent Rebuild Remembered Sets and Scrub Regions
[452.480s][info][gc,marking  ] GC(916) Concurrent Rebuild Remembered Sets and Scrub Regions 19.891ms
[452.480s][info][gc,start    ] GC(916) Pause Cleanup
[452.480s][info][gc          ] GC(916) Pause Cleanup 62M->62M(256M) 0.043ms
[452.480s][info][gc,cpu      ] GC(916) User=0.00s Sys=0.00s Real=0.00s
[452.480s][info][gc,marking  ] GC(916) Concurrent Clear Claimed Marks
[452.480s][info][gc,marking  ] GC(916) Concurrent Clear Claimed Marks 0.047ms
[452.480s][info][gc,marking  ] GC(916) Concurrent Cleanup for Next Mark
[452.481s][info][gc,marking  ] GC(916) Concurrent Cleanup for Next Mark 0.754ms
[452.481s][info][gc          ] GC(916) Concurrent Mark Cycle 95.181ms
[452.968s][info][gc,start    ] GC(917) Pause Young (Prepare Mixed) (G1 Evacuation Pause)
[452.968s][info][gc,task     ] GC(917) Using 2 workers of 2 for evacuation
[452.992s][info][gc,phases   ] GC(917)   Pre Evacuate Collection Set: 0.16ms
[452.992s][info][gc,phases   ] GC(917)   Merge Heap Roots: 0.07ms
[452.992s][info][gc,phases   ] GC(917)   Evacuate Collection Set: 23.21ms
[452.992s][info][gc,phases   ] GC(917)   Post Evacuate Collection Set: 0.46ms
[452.992s][info][gc,phases   ] GC(917)   Other: 0.07ms
[452.992s][info][gc,heap     ] GC(917) Eden regions: 150->0(130)
[452.992s][info][gc,heap     ] GC(917) Survivor regions: 3->20(20)
[452.992s][info][gc,heap     ] GC(917) Old regions: 40->46
[452.992s][info][gc,heap     ] GC(917) Humongous regions: 7->3
[452.992s][info][gc,metaspace] GC(917) Metaspace: 43022K(43456K)->43022K(43456K) NonClass: 38675K(38912K)->38675K(38912K) Class: 4347K(4544K)->4347K(4544K)
[452.992s][info][gc          ] GC(917) Pause Young (Prepare Mixed) (G1 Evacuation Pause) 199M->68M(256M) 24.186ms
[452.992s][info][gc,cpu      ] GC(917) User=0.05s Sys=0.00s Real=0.03s
[453.606s][info][gc,start    ] GC(918) Pause Young (Mixed) (G1 Evacuation Pause)
[453.606s][info][gc,task     ] GC(918) Using 2 workers of 2 for evacuation
[453.637s][info][gc,phases   ] GC(918)   Pre Evacuate Collection Set: 0.15ms
[453.637s][info][gc,phases   ] GC(918)   Merge Heap Roots: 0.17ms
[453.637s][info][gc,phases   ] GC(918)   Evacuate Collection Set: 30.52ms
[453.637s][info][gc,phases   ] GC(918)   Post Evacuate Collection Set: 0.43ms
[453.637s][info][gc,phases   ] GC(918)   Other: 0.07ms
[453.637s][info][gc,heap     ] GC(918) Eden regions: 130->0(130)
[453.637s][info][gc,heap     ] GC(918) Survivor regions: 20->14(19)
[453.638s][info][gc,heap     ] GC(918) Old regions: 46->56
[453.638s][info][gc,heap     ] GC(918) Humongous regions: 3->3
[453.638s][info][gc,metaspace] GC(918) Metaspace: 43022K(43456K)->43022K(43456K) NonClass: 38675K(38912K)->38675K(38912K) Class: 4347K(4544K)->4347K(4544K)
[453.638s][info][gc          ] GC(918) Pause Young (Mixed) (G1 Evacuation Pause) 198M->72M(256M) 31.570ms
[453.638s][info][gc,cpu      ] GC(918) User=0.06s Sys=0.00s Real=0.03s
[453.970s][info][gc,start    ] GC(919) Pause Young (Concurrent Start) (G1 Humongous Allocation)
[453.970s][info][gc,task     ] GC(919) Using 2 workers of 2 for evacuation
[454.007s][info][gc,phases   ] GC(919)   Pre Evacuate Collection Set: 0.16ms
[454.007s][info][gc,phases   ] GC(919)   Merge Heap Roots: 0.13ms
[454.007s][info][gc,phases   ] GC(919)   Evacuate Collection Set: 35.49ms
[454.007s][info][gc,phases   ] GC(919)   Post Evacuate Collection Set: 0.37ms
[454.007s][info][gc,phases   ] GC(919)   Other: 0.09ms
[454.007s][info][gc,heap     ] GC(919) Eden regions: 71->0(109)
[454.007s][info][gc,heap     ] GC(919) Survivor regions: 14->18(18)
[454.007s][info][gc,heap     ] GC(919) Old regions: 56->71
[454.007s][info][gc,heap     ] GC(919) Humongous regions: 3->1
[454.007s][info][gc,metaspace] GC(919) Metaspace: 43022K(43456K)->43022K(43456K) NonClass: 38675K(38912K)->38675K(38912K) Class: 4347K(4544K)->4347K(4544K)
[454.007s][info][gc          ] GC(919) Pause Young (Concurrent Start) (G1 Humongous Allocation) 143M->90M(256M) 36.437ms
[454.007s][info][gc          ] GC(920) Concurrent Mark Cycle
[454.007s][info][gc,marking  ] GC(920) Concurrent Scan Root Regions
[454.009s][info][gc,cpu      ] GC(919) User=0.07s Sys=0.00s Real=0.04s
[454.046s][info][gc,marking  ] GC(920) Concurrent Scan Root Regions 39.304ms
[454.046s][info][gc,marking  ] GC(920) Concurrent Mark
[454.046s][info][gc,marking  ] GC(920) Concurrent Mark From Roots
[454.046s][info][gc,task     ] GC(920) Using 1 workers of 1 for marking
[454.119s][info][gc,marking  ] GC(920) Concurrent Mark From Roots 72.537ms
[454.119s][info][gc,marking  ] GC(920) Concurrent Preclean
[454.119s][info][gc,marking  ] GC(920) Concurrent Preclean 0.039ms
[454.119s][info][gc,start    ] GC(920) Pause Remark
[454.140s][info][gc          ] GC(920) Pause Remark 120M->119M(256M) 21.153ms
[454.140s][info][gc,cpu      ] GC(920) User=0.04s Sys=0.00s Real=0.03s
[454.140s][info][gc,marking  ] GC(920) Concurrent Mark 94.032ms
[454.140s][info][gc,marking  ] GC(920) Concurrent Rebuild Remembered Sets and Scrub Regions
[454.186s][info][gc,marking  ] GC(920) Concurrent Rebuild Remembered Sets and Scrub Regions 46.211ms
[454.191s][info][gc,start    ] GC(920) Pause Cleanup
[454.191s][info][gc          ] GC(920) Pause Cleanup 121M->121M(256M) 0.055ms
[454.191s][info][gc,cpu      ] GC(920) User=0.00s Sys=0.00s Real=0.00s
[454.191s][info][gc,marking  ] GC(920) Concurrent Clear Claimed Marks
[454.191s][info][gc,marking  ] GC(920) Concurrent Clear Claimed Marks 0.054ms
[454.191s][info][gc,marking  ] GC(920) Concurrent Cleanup for Next Mark
[454.194s][info][gc,marking  ] GC(920) Concurrent Cleanup for Next Mark 2.627ms
[454.194s][info][gc          ] GC(920) Concurrent Mark Cycle 187.215ms
[454.547s][info][gc,start    ] GC(921) Pause Young (Prepare Mixed) (G1 Evacuation Pause)
[454.547s][info][gc,task     ] GC(921) Using 2 workers of 2 for evacuation
[454.581s][info][gc,phases   ] GC(921)   Pre Evacuate Collection Set: 0.15ms
[454.581s][info][gc,phases   ] GC(921)   Merge Heap Roots: 0.23ms
[454.581s][info][gc,phases   ] GC(921)   Evacuate Collection Set: 33.06ms
[454.581s][info][gc,phases   ] GC(921)   Post Evacuate Collection Set: 0.45ms
[454.581s][info][gc,phases   ] GC(921)   Other: 0.09ms
[454.581s][info][gc,heap     ] GC(921) Eden regions: 109->0(99)
[454.581s][info][gc,heap     ] GC(921) Survivor regions: 18->15(16)
[454.581s][info][gc,heap     ] GC(921) Old regions: 70->89
[454.581s][info][gc,heap     ] GC(921) Humongous regions: 5->3
[454.581s][info][gc,metaspace] GC(921) Metaspace: 43022K(43456K)->43022K(43456K) NonClass: 38675K(38912K)->38675K(38912K) Class: 4347K(4544K)->4347K(4544K)
[454.581s][info][gc          ] GC(921) Pause Young (Prepare Mixed) (G1 Evacuation Pause) 202M->106M(256M) 34.161ms
[454.581s][info][gc,cpu      ] GC(921) User=0.07s Sys=0.00s Real=0.04s
[454.976s][info][gc,start    ] GC(922) Pause Young (Mixed) (G1 Evacuation Pause)
[454.976s][info][gc,task     ] GC(922) Using 2 workers of 2 for evacuation
[454.987s][info][gc,phases   ] GC(922)   Pre Evacuate Collection Set: 0.15ms
[454.987s][info][gc,phases   ] GC(922)   Merge Heap Roots: 0.10ms
[454.987s][info][gc,phases   ] GC(922)   Evacuate Collection Set: 10.83ms
[454.987s][info][gc,phases   ] GC(922)   Post Evacuate Collection Set: 0.41ms
[454.987s][info][gc,phases   ] GC(922)   Other: 0.08ms
[454.987s][info][gc,heap     ] GC(922) Eden regions: 99->0(114)
[454.987s][info][gc,heap     ] GC(922) Survivor regions: 15->4(15)
[454.987s][info][gc,heap     ] GC(922) Old regions: 89->90
[454.987s][info][gc,heap     ] GC(922) Humongous regions: 11->3
[454.987s][info][gc,metaspace] GC(922) Metaspace: 43022K(43456K)->43022K(43456K) NonClass: 38675K(38912K)->38675K(38912K) Class: 4347K(4544K)->4347K(4544K)
[454.987s][info][gc          ] GC(922) Pause Young (Mixed) (G1 Evacuation Pause) 213M->96M(256M) 11.763ms
[454.987s][info][gc,cpu      ] GC(922) User=0.02s Sys=0.01s Real=0.01s
[455.156s][info][gc,start    ] GC(923) Pause Young (Concurrent Start) (G1 Humongous Allocation)
[455.156s][info][gc,task     ] GC(923) Using 2 workers of 2 for evacuation
[455.158s][info][gc,phases   ] GC(923)   Pre Evacuate Collection Set: 0.18ms
[455.158s][info][gc,phases   ] GC(923)   Merge Heap Roots: 0.05ms
[455.158s][info][gc,phases   ] GC(923)   Evacuate Collection Set: 1.41ms
[455.158s][info][gc,phases   ] GC(923)   Post Evacuate Collection Set: 0.31ms
[455.158s][info][gc,phases   ] GC(923)   Other: 0.11ms
[455.158s][info][gc,heap     ] GC(923) Eden regions: 42->0(125)
[455.158s][info][gc,heap     ] GC(923) Survivor regions: 4->2(15)
[455.158s][info][gc,heap     ] GC(923) Old regions: 90->90
[455.158s][info][gc,heap     ] GC(923) Humongous regions: 3->1
[455.158s][info][gc,metaspace] GC(923) Metaspace: 43025K(43456K)->43025K(43456K) NonClass: 38677K(38912K)->38677K(38912K) Class: 4347K(4544K)->4347K(4544K)
[455.158s][info][gc          ] GC(923) Pause Young (Concurrent Start) (G1 Humongous Allocation) 138M->92M(256M) 2.248ms
[455.158s][info][gc          ] GC(924) Concurrent Mark Cycle
[455.158s][info][gc,marking  ] GC(924) Concurrent Scan Root Regions
[455.159s][info][gc,cpu      ] GC(923) User=0.01s Sys=0.00s Real=0.01s
[455.160s][info][gc,marking  ] GC(924) Concurrent Scan Root Regions 1.535ms
[455.160s][info][gc,marking  ] GC(924) Concurrent Mark
[455.160s][info][gc,marking  ] GC(924) Concurrent Mark From Roots
[455.160s][info][gc,task     ] GC(924) Using 1 workers of 1 for marking
[455.216s][info][gc,marking  ] GC(924) Concurrent Mark From Roots 56.417ms
[455.217s][info][gc,marking  ] GC(924) Concurrent Preclean
[455.217s][info][gc,marking  ] GC(924) Concurrent Preclean 0.036ms
[455.217s][info][gc,start    ] GC(924) Pause Remark
[455.234s][info][gc          ] GC(924) Pause Remark 111M->91M(256M) 17.056ms
[455.234s][info][gc,cpu      ] GC(924) User=0.04s Sys=0.00s Real=0.02s
[455.234s][info][gc,marking  ] GC(924) Concurrent Mark 73.830ms
[455.234s][info][gc,marking  ] GC(924) Concurrent Rebuild Remembered Sets and Scrub Regions
[455.256s][info][gc,marking  ] GC(924) Concurrent Rebuild Remembered Sets and Scrub Regions 22.088ms
[455.256s][info][gc,start    ] GC(924) Pause Cleanup
[455.256s][info][gc          ] GC(924) Pause Cleanup 95M->95M(256M) 0.055ms
[455.256s][info][gc,cpu      ] GC(924) User=0.00s Sys=0.00s Real=0.00s
[455.256s][info][gc,marking  ] GC(924) Concurrent Clear Claimed Marks
[455.256s][info][gc,marking  ] GC(924) Concurrent Clear Claimed Marks 0.038ms
[455.256s][info][gc,marking  ] GC(924) Concurrent Cleanup for Next Mark
[455.257s][info][gc,marking  ] GC(924) Concurrent Cleanup for Next Mark 0.750ms
[455.257s][info][gc          ] GC(924) Concurrent Mark Cycle 98.617ms
[455.685s][info][gc,start    ] GC(925) Pause Young (Prepare Mixed) (G1 Evacuation Pause)
[455.685s][info][gc,task     ] GC(925) Using 2 workers of 2 for evacuation
[455.710s][info][gc,phases   ] GC(925)   Pre Evacuate Collection Set: 0.17ms
[455.710s][info][gc,phases   ] GC(925)   Merge Heap Roots: 0.05ms
[455.710s][info][gc,phases   ] GC(925)   Evacuate Collection Set: 24.05ms
[455.710s][info][gc,phases   ] GC(925)   Post Evacuate Collection Set: 0.59ms
[455.710s][info][gc,phases   ] GC(925)   Other: 0.07ms
[455.710s][info][gc,heap     ] GC(925) Eden regions: 125->0(132)
[455.711s][info][gc,heap     ] GC(925) Survivor regions: 2->12(16)
[455.711s][info][gc,heap     ] GC(925) Old regions: 70->70
[455.711s][info][gc,heap     ] GC(925) Humongous regions: 5->3
[455.711s][info][gc,metaspace] GC(925) Metaspace: 43025K(43456K)->43025K(43456K) NonClass: 38678K(38912K)->38678K(38912K) Class: 4347K(4544K)->4347K(4544K)
[455.711s][info][gc          ] GC(925) Pause Young (Prepare Mixed) (G1 Evacuation Pause) 201M->84M(256M) 25.127ms
[455.711s][info][gc,cpu      ] GC(925) User=0.03s Sys=0.00s Real=0.03s
[456.242s][info][gc,start    ] GC(926) Pause Young (Mixed) (G1 Evacuation Pause)
[456.242s][info][gc,task     ] GC(926) Using 2 workers of 2 for evacuation
[456.251s][info][gc,phases   ] GC(926)   Pre Evacuate Collection Set: 0.17ms
[456.251s][info][gc,phases   ] GC(926)   Merge Heap Roots: 0.08ms
[456.251s][info][gc,phases   ] GC(926)   Evacuate Collection Set: 7.63ms
[456.251s][info][gc,phases   ] GC(926)   Post Evacuate Collection Set: 0.75ms
[456.251s][info][gc,phases   ] GC(926)   Other: 0.08ms
[456.251s][info][gc,heap     ] GC(926) Eden regions: 132->0(169)
[456.251s][info][gc,heap     ] GC(926) Survivor regions: 12->6(18)
[456.251s][info][gc,heap     ] GC(926) Old regions: 70->47
[456.251s][info][gc,heap     ] GC(926) Humongous regions: 9->3
[456.251s][info][gc,metaspace] GC(926) Metaspace: 43025K(43456K)->43025K(43456K) NonClass: 38678K(38912K)->38678K(38912K) Class: 4347K(4544K)->4347K(4544K)
[456.251s][info][gc          ] GC(926) Pause Young (Mixed) (G1 Evacuation Pause) 222M->55M(292M) 8.933ms
[456.251s][info][gc,cpu      ] GC(926) User=0.02s Sys=0.00s Real=0.01s
[456.951s][info][gc,start    ] GC(927) Pause Young (Normal) (G1 Evacuation Pause)
[456.951s][info][gc,task     ] GC(927) Using 2 workers of 2 for evacuation
[456.953s][info][gc,phases   ] GC(927)   Pre Evacuate Collection Set: 0.15ms
[456.953s][info][gc,phases   ] GC(927)   Merge Heap Roots: 0.07ms
[456.953s][info][gc,phases   ] GC(927)   Evacuate Collection Set: 1.96ms
[456.953s][info][gc,phases   ] GC(927)   Post Evacuate Collection Set: 0.44ms
[456.953s][info][gc,phases   ] GC(927)   Other: 0.11ms
[456.953s][info][gc,heap     ] GC(927) Eden regions: 169->0(173)
[456.953s][info][gc,heap     ] GC(927) Survivor regions: 6->2(22)
[456.953s][info][gc,heap     ] GC(927) Old regions: 47->47
[456.953s][info][gc,heap     ] GC(927) Humongous regions: 7->1
[456.954s][info][gc,metaspace] GC(927) Metaspace: 43025K(43456K)->43025K(43456K) NonClass: 38678K(38912K)->38678K(38912K) Class: 4347K(4544K)->4347K(4544K)
[456.954s][info][gc          ] GC(927) Pause Young (Normal) (G1 Evacuation Pause) 228M->49M(292M) 2.891ms
[456.954s][info][gc,cpu      ] GC(927) User=0.01s Sys=0.00s Real=0.00s
[457.344s][info][gc,start    ] GC(928) Pause Young (Concurrent Start) (G1 Humongous Allocation)
[457.344s][info][gc,task     ] GC(928) Using 2 workers of 2 for evacuation
[457.347s][info][gc,phases   ] GC(928)   Pre Evacuate Collection Set: 0.19ms
[457.347s][info][gc,phases   ] GC(928)   Merge Heap Roots: 0.05ms
[457.347s][info][gc,phases   ] GC(928)   Evacuate Collection Set: 2.51ms
[457.347s][info][gc,phases   ] GC(928)   Post Evacuate Collection Set: 0.32ms
[457.347s][info][gc,phases   ] GC(928)   Other: 0.13ms
[457.347s][info][gc,heap     ] GC(928) Eden regions: 89->0(172)
[457.347s][info][gc,heap     ] GC(928) Survivor regions: 2->3(22)
[457.347s][info][gc,heap     ] GC(928) Old regions: 47->47
[457.347s][info][gc,heap     ] GC(928) Humongous regions: 3->1
[457.347s][info][gc,metaspace] GC(928) Metaspace: 43025K(43456K)->43025K(43456K) NonClass: 38678K(38912K)->38678K(38912K) Class: 4347K(4544K)->4347K(4544K)
[457.347s][info][gc          ] GC(928) Pause Young (Concurrent Start) (G1 Humongous Allocation) 140M->49M(292M) 3.373ms
[457.347s][info][gc,cpu      ] GC(928) User=0.00s Sys=0.00s Real=0.00s
[457.347s][info][gc          ] GC(929) Concurrent Undo Cycle
[457.347s][info][gc,marking  ] GC(929) Concurrent Clear Claimed Marks
[457.347s][info][gc,marking  ] GC(929) Concurrent Clear Claimed Marks 0.031ms
[457.347s][info][gc,marking  ] GC(929) Concurrent Cleanup for Next Mark
[457.347s][info][gc,marking  ] GC(929) Concurrent Cleanup for Next Mark 0.211ms
[457.347s][info][gc          ] GC(929) Concurrent Undo Cycle 0.282ms
[457.601s][info][gc,start    ] GC(930) Pause Young (Concurrent Start) (G1 Humongous Allocation)
[457.601s][info][gc,task     ] GC(930) Using 2 workers of 2 for evacuation
[457.616s][info][gc,phases   ] GC(930)   Pre Evacuate Collection Set: 0.16ms
[457.616s][info][gc,phases   ] GC(930)   Merge Heap Roots: 0.09ms
[457.616s][info][gc,phases   ] GC(930)   Evacuate Collection Set: 13.79ms
[457.616s][info][gc,phases   ] GC(930)   Post Evacuate Collection Set: 0.45ms
[457.616s][info][gc,phases   ] GC(930)   Other: 0.13ms
[457.616s][info][gc,heap     ] GC(930) Eden regions: 62->0(171)
[457.616s][info][gc,heap     ] GC(930) Survivor regions: 3->4(22)
[457.616s][info][gc,heap     ] GC(930) Old regions: 47->47
[457.616s][info][gc,heap     ] GC(930) Humongous regions: 5->1
[457.616s][info][gc,metaspace] GC(930) Metaspace: 43025K(43456K)->43025K(43456K) NonClass: 38678K(38912K)->38678K(38912K) Class: 4347K(4544K)->4347K(4544K)
[457.616s][info][gc          ] GC(930) Pause Young (Concurrent Start) (G1 Humongous Allocation) 115M->51M(292M) 14.800ms
[457.616s][info][gc,cpu      ] GC(930) User=0.01s Sys=0.00s Real=0.01s
[457.616s][info][gc          ] GC(931) Concurrent Undo Cycle
[457.616s][info][gc,marking  ] GC(931) Concurrent Clear Claimed Marks
[457.616s][info][gc,marking  ] GC(931) Concurrent Clear Claimed Marks 0.061ms
[457.616s][info][gc,marking  ] GC(931) Concurrent Cleanup for Next Mark
[457.621s][info][gc,marking  ] GC(931) Concurrent Cleanup for Next Mark 5.000ms
[457.621s][info][gc          ] GC(931) Concurrent Undo Cycle 5.183ms
[458.183s][info][gc,start    ] GC(932) Pause Young (Normal) (G1 Evacuation Pause)
[458.183s][info][gc,task     ] GC(932) Using 2 workers of 2 for evacuation
[458.230s][info][gc,phases   ] GC(932)   Pre Evacuate Collection Set: 0.19ms
[458.230s][info][gc,phases   ] GC(932)   Merge Heap Roots: 0.06ms
[458.230s][info][gc,phases   ] GC(932)   Evacuate Collection Set: 45.89ms
[458.230s][info][gc,phases   ] GC(932)   Post Evacuate Collection Set: 0.56ms
[458.230s][info][gc,phases   ] GC(932)   Other: 0.08ms
[458.230s][info][gc,heap     ] GC(932) Eden regions: 171->0(153)
[458.230s][info][gc,heap     ] GC(932) Survivor regions: 4->22(22)
[458.230s][info][gc,heap     ] GC(932) Old regions: 47->65
[458.230s][info][gc,heap     ] GC(932) Humongous regions: 3->3
[458.230s][info][gc,metaspace] GC(932) Metaspace: 43025K(43456K)->43025K(43456K) NonClass: 38678K(38912K)->38678K(38912K) Class: 4347K(4544K)->4347K(4544K)
[458.230s][info][gc          ] GC(932) Pause Young (Normal) (G1 Evacuation Pause) 224M->89M(292M) 46.980ms
[458.230s][info][gc,cpu      ] GC(932) User=0.08s Sys=0.00s Real=0.05s
[459.016s][info][gc,start    ] GC(933) Pause Young (Concurrent Start) (G1 Evacuation Pause)
[459.016s][info][gc,task     ] GC(933) Using 2 workers of 2 for evacuation
[459.088s][info][gc,phases   ] GC(933)   Pre Evacuate Collection Set: 0.18ms
[459.088s][info][gc,phases   ] GC(933)   Merge Heap Roots: 0.25ms
[459.088s][info][gc,phases   ] GC(933)   Evacuate Collection Set: 70.80ms
[459.088s][info][gc,phases   ] GC(933)   Post Evacuate Collection Set: 0.51ms
[459.088s][info][gc,phases   ] GC(933)   Other: 0.11ms
[459.088s][info][gc,heap     ] GC(933) Eden regions: 153->0(122)
[459.088s][info][gc,heap     ] GC(933) Survivor regions: 22->22(22)
[459.088s][info][gc,heap     ] GC(933) Old regions: 65->98
[459.088s][info][gc,heap     ] GC(933) Humongous regions: 3->3
[459.088s][info][gc,metaspace] GC(933) Metaspace: 43025K(43456K)->43025K(43456K) NonClass: 38678K(38912K)->38678K(38912K) Class: 4347K(4544K)->4347K(4544K)
[459.088s][info][gc          ] GC(933) Pause Young (Concurrent Start) (G1 Evacuation Pause) 242M->123M(298M) 72.051ms
[459.088s][info][gc,cpu      ] GC(933) User=0.14s Sys=0.01s Real=0.07s
[459.088s][info][gc          ] GC(934) Concurrent Mark Cycle
[459.088s][info][gc,marking  ] GC(934) Concurrent Scan Root Regions
[459.197s][info][gc,marking  ] GC(934) Concurrent Scan Root Regions 108.952ms
[459.197s][info][gc,marking  ] GC(934) Concurrent Mark
[459.197s][info][gc,marking  ] GC(934) Concurrent Mark From Roots
[459.197s][info][gc,task     ] GC(934) Using 1 workers of 1 for marking
[459.326s][info][gc,marking  ] GC(934) Concurrent Mark From Roots 129.335ms
[459.326s][info][gc,marking  ] GC(934) Concurrent Preclean
[459.326s][info][gc,marking  ] GC(934) Concurrent Preclean 0.044ms
[459.326s][info][gc,start    ] GC(934) Pause Remark
[459.343s][info][gc          ] GC(934) Pause Remark 159M->159M(298M) 17.069ms
[459.343s][info][gc,cpu      ] GC(934) User=0.03s Sys=0.00s Real=0.02s
[459.344s][info][gc,marking  ] GC(934) Concurrent Mark 146.794ms
[459.344s][info][gc,marking  ] GC(934) Concurrent Rebuild Remembered Sets and Scrub Regions
[459.412s][info][gc,marking  ] GC(934) Concurrent Rebuild Remembered Sets and Scrub Regions 68.733ms
[459.412s][info][gc,start    ] GC(934) Pause Cleanup
[459.413s][info][gc          ] GC(934) Pause Cleanup 167M->167M(298M) 0.050ms
[459.413s][info][gc,cpu      ] GC(934) User=0.00s Sys=0.00s Real=0.00s
[459.413s][info][gc,marking  ] GC(934) Concurrent Clear Claimed Marks
[459.413s][info][gc,marking  ] GC(934) Concurrent Clear Claimed Marks 0.040ms
[459.413s][info][gc,marking  ] GC(934) Concurrent Cleanup for Next Mark
[459.414s][info][gc,marking  ] GC(934) Concurrent Cleanup for Next Mark 1.399ms
[459.414s][info][gc          ] GC(934) Concurrent Mark Cycle 326.332ms
[459.847s][info][gc,start    ] GC(935) Pause Young (Prepare Mixed) (G1 Evacuation Pause)
[459.847s][info][gc,task     ] GC(935) Using 2 workers of 2 for evacuation
[459.917s][info][gc,phases   ] GC(935)   Pre Evacuate Collection Set: 0.18ms
[459.917s][info][gc,phases   ] GC(935)   Merge Heap Roots: 0.71ms
[459.917s][info][gc,phases   ] GC(935)   Evacuate Collection Set: 68.65ms
[459.917s][info][gc,phases   ] GC(935)   Post Evacuate Collection Set: 0.51ms
[459.917s][info][gc,phases   ] GC(935)   Other: 0.07ms
[459.917s][info][gc,heap     ] GC(935) Eden regions: 122->0(94)
[459.917s][info][gc,heap     ] GC(935) Survivor regions: 22->18(18)
[459.917s][info][gc,heap     ] GC(935) Old regions: 98->136
[459.917s][info][gc,heap     ] GC(935) Humongous regions: 5->3
[459.917s][info][gc,metaspace] GC(935) Metaspace: 43025K(43456K)->43025K(43456K) NonClass: 38678K(38912K)->38678K(38912K) Class: 4347K(4544K)->4347K(4544K)
[459.917s][info][gc          ] GC(935) Pause Young (Prepare Mixed) (G1 Evacuation Pause) 247M->157M(303M) 70.360ms
[459.917s][info][gc,cpu      ] GC(935) User=0.13s Sys=0.00s Real=0.07s
[460.309s][info][gc,start    ] GC(936) Pause Young (Mixed) (G1 Evacuation Pause)
[460.309s][info][gc,task     ] GC(936) Using 2 workers of 2 for evacuation
[460.362s][info][gc,phases   ] GC(936)   Pre Evacuate Collection Set: 0.17ms
[460.362s][info][gc,phases   ] GC(936)   Merge Heap Roots: 0.24ms
[460.362s][info][gc,phases   ] GC(936)   Evacuate Collection Set: 51.64ms
[460.362s][info][gc,phases   ] GC(936)   Post Evacuate Collection Set: 0.63ms
[460.362s][info][gc,phases   ] GC(936)   Other: 0.07ms
[460.362s][info][gc,heap     ] GC(936) Eden regions: 94->0(80)
[460.362s][info][gc,heap     ] GC(936) Survivor regions: 18->14(14)
[460.362s][info][gc,heap     ] GC(936) Old regions: 136->158
[460.362s][info][gc,heap     ] GC(936) Humongous regions: 5->3
[460.362s][info][gc,metaspace] GC(936) Metaspace: 43025K(43456K)->43025K(43456K) NonClass: 38678K(38912K)->38678K(38912K) Class: 4347K(4544K)->4347K(4544K)
[460.362s][info][gc          ] GC(936) Pause Young (Mixed) (G1 Evacuation Pause) 253M->174M(303M) 52.966ms
[460.362s][info][gc,cpu      ] GC(936) User=0.10s Sys=0.00s Real=0.05s
[460.428s][info][gc,start    ] GC(937) Pause Young (Concurrent Start) (G1 Humongous Allocation)
[460.428s][info][gc,task     ] GC(937) Using 2 workers of 2 for evacuation
[460.451s][info][gc,phases   ] GC(937)   Pre Evacuate Collection Set: 0.19ms
[460.451s][info][gc,phases   ] GC(937)   Merge Heap Roots: 0.15ms
[460.451s][info][gc,phases   ] GC(937)   Evacuate Collection Set: 20.83ms
[460.451s][info][gc,phases   ] GC(937)   Post Evacuate Collection Set: 0.97ms
[460.451s][info][gc,phases   ] GC(937)   Other: 0.08ms
[460.451s][info][gc,heap     ] GC(937) Eden regions: 20->0(146)
[460.451s][info][gc,heap     ] GC(937) Survivor regions: 14->3(12)
[460.451s][info][gc,heap     ] GC(937) Old regions: 158->171
[460.451s][info][gc,heap     ] GC(937) Humongous regions: 3->1
[460.451s][info][gc,metaspace] GC(937) Metaspace: 43025K(43456K)->43025K(43456K) NonClass: 38678K(38912K)->38678K(38912K) Class: 4347K(4544K)->4347K(4544K)
[460.451s][info][gc          ] GC(937) Pause Young (Concurrent Start) (G1 Humongous Allocation) 194M->175M(390M) 22.403ms
[460.451s][info][gc,cpu      ] GC(937) User=0.04s Sys=0.00s Real=0.03s
[460.451s][info][gc          ] GC(938) Concurrent Undo Cycle
[460.451s][info][gc,marking  ] GC(938) Concurrent Clear Claimed Marks
[460.451s][info][gc,marking  ] GC(938) Concurrent Clear Claimed Marks 0.037ms
[460.451s][info][gc,marking  ] GC(938) Concurrent Cleanup for Next Mark
[460.453s][info][gc,marking  ] GC(938) Concurrent Cleanup for Next Mark 2.310ms
[460.453s][info][gc          ] GC(938) Concurrent Undo Cycle 2.409ms
[460.827s][info][gc,start    ] GC(939) Pause Young (Concurrent Start) (G1 Humongous Allocation)
[460.827s][info][gc,task     ] GC(939) Using 2 workers of 2 for evacuation
[460.831s][info][gc,phases   ] GC(939)   Pre Evacuate Collection Set: 0.23ms
[460.832s][info][gc,phases   ] GC(939)   Merge Heap Roots: 0.06ms
[460.832s][info][gc,phases   ] GC(939)   Evacuate Collection Set: 3.50ms
[460.832s][info][gc,phases   ] GC(939)   Post Evacuate Collection Set: 0.44ms
[460.832s][info][gc,phases   ] GC(939)   Other: 0.11ms
[460.832s][info][gc,heap     ] GC(939) Eden regions: 85->0(157)
[460.832s][info][gc,heap     ] GC(939) Survivor regions: 3->3(19)
[460.832s][info][gc,heap     ] GC(939) Old regions: 171->171
[460.832s][info][gc,heap     ] GC(939) Humongous regions: 3->1
[460.832s][info][gc,metaspace] GC(939) Metaspace: 43025K(43456K)->43025K(43456K) NonClass: 38678K(38912K)->38678K(38912K) Class: 4347K(4544K)->4347K(4544K)
[460.832s][info][gc          ] GC(939) Pause Young (Concurrent Start) (G1 Humongous Allocation) 261M->175M(390M) 4.528ms
[460.832s][info][gc,cpu      ] GC(939) User=0.00s Sys=0.00s Real=0.01s
[460.832s][info][gc          ] GC(940) Concurrent Mark Cycle
[460.832s][info][gc,marking  ] GC(940) Concurrent Scan Root Regions
[460.834s][info][gc,marking  ] GC(940) Concurrent Scan Root Regions 2.279ms
[460.834s][info][gc,marking  ] GC(940) Concurrent Mark
[460.834s][info][gc,marking  ] GC(940) Concurrent Mark From Roots
[460.834s][info][gc,task     ] GC(940) Using 1 workers of 1 for marking
[460.903s][info][gc,marking  ] GC(940) Concurrent Mark From Roots 68.842ms
[460.903s][info][gc,marking  ] GC(940) Concurrent Preclean
[460.903s][info][gc,marking  ] GC(940) Concurrent Preclean 0.049ms
[460.903s][info][gc,start    ] GC(940) Pause Remark
[460.920s][info][gc          ] GC(940) Pause Remark 182M->122M(390M) 17.182ms
[460.920s][info][gc,cpu      ] GC(940) User=0.04s Sys=0.01s Real=0.02s
[460.920s][info][gc,marking  ] GC(940) Concurrent Mark 86.361ms
[460.920s][info][gc,marking  ] GC(940) Concurrent Rebuild Remembered Sets and Scrub Regions
[460.949s][info][gc,marking  ] GC(940) Concurrent Rebuild Remembered Sets and Scrub Regions 29.110ms
[460.950s][info][gc,start    ] GC(940) Pause Cleanup
[460.950s][info][gc          ] GC(940) Pause Cleanup 122M->122M(390M) 0.081ms
[460.950s][info][gc,cpu      ] GC(940) User=0.00s Sys=0.00s Real=0.00s
[460.950s][info][gc,marking  ] GC(940) Concurrent Clear Claimed Marks
[460.950s][info][gc,marking  ] GC(940) Concurrent Clear Claimed Marks 0.047ms
[460.950s][info][gc,marking  ] GC(940) Concurrent Cleanup for Next Mark
[460.952s][info][gc,marking  ] GC(940) Concurrent Cleanup for Next Mark 2.207ms
[460.952s][info][gc          ] GC(940) Concurrent Mark Cycle 120.429ms
[461.445s][info][gc,start    ] GC(941) Pause Young (Prepare Mixed) (G1 Evacuation Pause)
[461.445s][info][gc,task     ] GC(941) Using 2 workers of 2 for evacuation
[461.481s][info][gc,phases   ] GC(941)   Pre Evacuate Collection Set: 0.22ms
[461.481s][info][gc,phases   ] GC(941)   Merge Heap Roots: 0.09ms
[461.481s][info][gc,phases   ] GC(941)   Evacuate Collection Set: 34.44ms
[461.481s][info][gc,phases   ] GC(941)   Post Evacuate Collection Set: 0.93ms
[461.481s][info][gc,phases   ] GC(941)   Other: 0.09ms
[461.481s][info][gc,heap     ] GC(941) Eden regions: 157->0(163)
[461.481s][info][gc,heap     ] GC(941) Survivor regions: 3->20(20)
[461.481s][info][gc,heap     ] GC(941) Old regions: 111->127
[461.481s][info][gc,heap     ] GC(941) Humongous regions: 10->4
[461.481s][info][gc,metaspace] GC(941) Metaspace: 43025K(43456K)->43025K(43456K) NonClass: 38678K(38912K)->38678K(38912K) Class: 4347K(4544K)->4347K(4544K)
[461.481s][info][gc          ] GC(941) Pause Young (Prepare Mixed) (G1 Evacuation Pause) 281M->150M(390M) 35.985ms
[461.481s][info][gc,cpu      ] GC(941) User=0.06s Sys=0.00s Real=0.04s
[462.069s][info][gc,start    ] GC(942) Pause Young (Mixed) (G1 Evacuation Pause)
[462.069s][info][gc,task     ] GC(942) Using 2 workers of 2 for evacuation
[462.108s][info][gc,phases   ] GC(942)   Pre Evacuate Collection Set: 0.19ms
[462.108s][info][gc,phases   ] GC(942)   Merge Heap Roots: 0.33ms
[462.108s][info][gc,phases   ] GC(942)   Evacuate Collection Set: 37.03ms
[462.108s][info][gc,phases   ] GC(942)   Post Evacuate Collection Set: 0.56ms
[462.108s][info][gc,phases   ] GC(942)   Other: 0.08ms
[462.108s][info][gc,heap     ] GC(942) Eden regions: 163->0(167)
[462.108s][info][gc,heap     ] GC(942) Survivor regions: 20->23(23)
[462.108s][info][gc,heap     ] GC(942) Old regions: 127->112
[462.108s][info][gc,heap     ] GC(942) Humongous regions: 5->4
[462.108s][info][gc,metaspace] GC(942) Metaspace: 43025K(43456K)->43025K(43456K) NonClass: 38678K(38912K)->38678K(38912K) Class: 4347K(4544K)->4347K(4544K)
[462.108s][info][gc          ] GC(942) Pause Young (Mixed) (G1 Evacuation Pause) 314M->139M(390M) 38.437ms
[462.108s][info][gc,cpu      ] GC(942) User=0.08s Sys=0.00s Real=0.03s
[462.698s][info][gc,start    ] GC(943) Pause Young (Mixed) (G1 Evacuation Pause)
[462.698s][info][gc,task     ] GC(943) Using 2 workers of 2 for evacuation
[462.717s][info][gc,phases   ] GC(943)   Pre Evacuate Collection Set: 0.24ms
[462.717s][info][gc,phases   ] GC(943)   Merge Heap Roots: 0.29ms
[462.717s][info][gc,phases   ] GC(943)   Evacuate Collection Set: 18.07ms
[462.717s][info][gc,phases   ] GC(943)   Post Evacuate Collection Set: 0.49ms
[462.717s][info][gc,phases   ] GC(943)   Other: 0.07ms
[462.717s][info][gc,heap     ] GC(943) Eden regions: 167->0(192)
[462.717s][info][gc,heap     ] GC(943) Survivor regions: 23->5(24)
[462.717s][info][gc,heap     ] GC(943) Old regions: 112->115
[462.717s][info][gc,heap     ] GC(943) Humongous regions: 6->4
[462.717s][info][gc,metaspace] GC(943) Metaspace: 43025K(43456K)->43025K(43456K) NonClass: 38678K(38912K)->38678K(38912K) Class: 4347K(4544K)->4347K(4544K)
[462.717s][info][gc          ] GC(943) Pause Young (Mixed) (G1 Evacuation Pause) 308M->123M(390M) 19.367ms
[462.717s][info][gc,cpu      ] GC(943) User=0.04s Sys=0.00s Real=0.02s
[463.402s][info][gc,start    ] GC(944) Pause Young (Concurrent Start) (G1 Evacuation Pause)
[463.402s][info][gc,task     ] GC(944) Using 2 workers of 2 for evacuation
[463.408s][info][gc,phases   ] GC(944)   Pre Evacuate Collection Set: 0.22ms
[463.408s][info][gc,phases   ] GC(944)   Merge Heap Roots: 0.08ms
[463.408s][info][gc,phases   ] GC(944)   Evacuate Collection Set: 4.67ms
[463.408s][info][gc,phases   ] GC(944)   Post Evacuate Collection Set: 0.44ms
[463.408s][info][gc,phases   ] GC(944)   Other: 0.10ms
[463.408s][info][gc,heap     ] GC(944) Eden regions: 192->0(204)
[463.408s][info][gc,heap     ] GC(944) Survivor regions: 5->5(25)
[463.408s][info][gc,heap     ] GC(944) Old regions: 115->115
[463.408s][info][gc,heap     ] GC(944) Humongous regions: 4->4
[463.408s][info][gc,metaspace] GC(944) Metaspace: 43026K(43456K)->43026K(43456K) NonClass: 38679K(38912K)->38679K(38912K) Class: 4347K(4544K)->4347K(4544K)
[463.408s][info][gc          ] GC(944) Pause Young (Concurrent Start) (G1 Evacuation Pause) 315M->123M(390M) 5.702ms
[463.408s][info][gc,cpu      ] GC(944) User=0.01s Sys=0.00s Real=0.00s
[463.408s][info][gc          ] GC(945) Concurrent Mark Cycle
[463.408s][info][gc,marking  ] GC(945) Concurrent Scan Root Regions
[463.412s][info][gc,marking  ] GC(945) Concurrent Scan Root Regions 3.597ms
[463.412s][info][gc,marking  ] GC(945) Concurrent Mark
[463.412s][info][gc,marking  ] GC(945) Concurrent Mark From Roots
[463.412s][info][gc,task     ] GC(945) Using 1 workers of 1 for marking
[463.487s][info][gc,marking  ] GC(945) Concurrent Mark From Roots 75.355ms
[463.487s][info][gc,marking  ] GC(945) Concurrent Preclean
[463.487s][info][gc,marking  ] GC(945) Concurrent Preclean 0.045ms
[463.487s][info][gc,start    ] GC(945) Pause Remark
[463.505s][info][gc          ] GC(945) Pause Remark 141M->114M(324M) 17.387ms
[463.505s][info][gc,cpu      ] GC(945) User=0.04s Sys=0.00s Real=0.02s
[463.505s][info][gc,marking  ] GC(945) Concurrent Mark 93.070ms
[463.505s][info][gc,marking  ] GC(945) Concurrent Rebuild Remembered Sets and Scrub Regions
[463.539s][info][gc,marking  ] GC(945) Concurrent Rebuild Remembered Sets and Scrub Regions 33.728ms
[463.539s][info][gc,start    ] GC(945) Pause Cleanup
[463.539s][info][gc          ] GC(945) Pause Cleanup 124M->124M(324M) 0.054ms
[463.539s][info][gc,cpu      ] GC(945) User=0.00s Sys=0.00s Real=0.00s
[463.539s][info][gc,marking  ] GC(945) Concurrent Clear Claimed Marks
[463.539s][info][gc,marking  ] GC(945) Concurrent Clear Claimed Marks 0.061ms
[463.539s][info][gc,marking  ] GC(945) Concurrent Cleanup for Next Mark
[463.540s][info][gc,marking  ] GC(945) Concurrent Cleanup for Next Mark 0.932ms
[463.540s][info][gc          ] GC(945) Concurrent Mark Cycle 131.795ms
[464.133s][info][gc,start    ] GC(946) Pause Young (Prepare Mixed) (G1 Evacuation Pause)
[464.133s][info][gc,task     ] GC(946) Using 2 workers of 2 for evacuation
[464.149s][info][gc,phases   ] GC(946)   Pre Evacuate Collection Set: 0.18ms
[464.149s][info][gc,phases   ] GC(946)   Merge Heap Roots: 0.09ms
[464.149s][info][gc,phases   ] GC(946)   Evacuate Collection Set: 15.00ms
[464.149s][info][gc,phases   ] GC(946)   Post Evacuate Collection Set: 0.47ms
[464.149s][info][gc,phases   ] GC(946)   Other: 0.08ms
[464.149s][info][gc,heap     ] GC(946) Eden regions: 189->0(153)
[464.149s][info][gc,heap     ] GC(946) Survivor regions: 5->24(25)
[464.149s][info][gc,heap     ] GC(946) Old regions: 89->89
[464.149s][info][gc,heap     ] GC(946) Humongous regions: 4->3
[464.149s][info][gc,metaspace] GC(946) Metaspace: 43026K(43456K)->43026K(43456K) NonClass: 38679K(38912K)->38679K(38912K) Class: 4347K(4544K)->4347K(4544K)
[464.149s][info][gc          ] GC(946) Pause Young (Prepare Mixed) (G1 Evacuation Pause) 286M->116M(324M) 16.034ms
[464.149s][info][gc,cpu      ] GC(946) User=0.03s Sys=0.01s Real=0.02s
[464.692s][info][gc,start    ] GC(947) Pause Young (Mixed) (G1 Evacuation Pause)
[464.692s][info][gc,task     ] GC(947) Using 2 workers of 2 for evacuation
[464.746s][info][gc,phases   ] GC(947)   Pre Evacuate Collection Set: 0.27ms
[464.746s][info][gc,phases   ] GC(947)   Merge Heap Roots: 0.18ms
[464.746s][info][gc,phases   ] GC(947)   Evacuate Collection Set: 53.01ms
[464.746s][info][gc,phases   ] GC(947)   Post Evacuate Collection Set: 0.51ms
[464.746s][info][gc,phases   ] GC(947)   Other: 0.08ms
[464.746s][info][gc,heap     ] GC(947) Eden regions: 153->0(112)
[464.746s][info][gc,heap     ] GC(947) Survivor regions: 24->23(23)
[464.746s][info][gc,heap     ] GC(947) Old regions: 89->106
[464.746s][info][gc,heap     ] GC(947) Humongous regions: 4->4
[464.746s][info][gc,metaspace] GC(947) Metaspace: 43026K(43456K)->43026K(43456K) NonClass: 38679K(38912K)->38679K(38912K) Class: 4347K(4544K)->4347K(4544K)
[464.746s][info][gc          ] GC(947) Pause Young (Mixed) (G1 Evacuation Pause) 270M->133M(337M) 54.283ms
[464.746s][info][gc,cpu      ] GC(947) User=0.10s Sys=0.01s Real=0.05s
[465.106s][info][gc,start    ] GC(948) Pause Young (Concurrent Start) (G1 Humongous Allocation)
[465.106s][info][gc,task     ] GC(948) Using 2 workers of 2 for evacuation
[465.167s][info][gc,phases   ] GC(948)   Pre Evacuate Collection Set: 0.21ms
[465.167s][info][gc,phases   ] GC(948)   Merge Heap Roots: 0.25ms
[465.167s][info][gc,phases   ] GC(948)   Evacuate Collection Set: 59.57ms
[465.167s][info][gc,phases   ] GC(948)   Post Evacuate Collection Set: 0.48ms
[465.167s][info][gc,phases   ] GC(948)   Other: 0.09ms
[465.167s][info][gc,heap     ] GC(948) Eden regions: 96->0(64)
[465.167s][info][gc,heap     ] GC(948) Survivor regions: 23->17(17)
[465.167s][info][gc,heap     ] GC(948) Old regions: 106->172
[465.167s][info][gc,heap     ] GC(948) Humongous regions: 4->4
[465.167s][info][gc,metaspace] GC(948) Metaspace: 43026K(43456K)->43026K(43456K) NonClass: 38679K(38912K)->38679K(38912K) Class: 4347K(4544K)->4347K(4544K)
[465.167s][info][gc          ] GC(948) Pause Young (Concurrent Start) (G1 Humongous Allocation) 228M->192M(337M) 60.822ms
[465.167s][info][gc,cpu      ] GC(948) User=0.12s Sys=0.01s Real=0.06s
[465.167s][info][gc          ] GC(949) Concurrent Mark Cycle
[465.167s][info][gc,marking  ] GC(949) Concurrent Scan Root Regions
[465.203s][info][gc,marking  ] GC(949) Concurrent Scan Root Regions 36.456ms
[465.203s][info][gc,marking  ] GC(949) Concurrent Mark
[465.203s][info][gc,marking  ] GC(949) Concurrent Mark From Roots
[465.203s][info][gc,task     ] GC(949) Using 1 workers of 1 for marking
[465.315s][info][gc,marking  ] GC(949) Concurrent Mark From Roots 111.671ms
[465.315s][info][gc,marking  ] GC(949) Concurrent Preclean
[465.315s][info][gc,marking  ] GC(949) Concurrent Preclean 0.047ms
[465.315s][info][gc,start    ] GC(949) Pause Remark
[465.333s][info][gc          ] GC(949) Pause Remark 226M->225M(337M) 17.212ms
[465.333s][info][gc,cpu      ] GC(949) User=0.03s Sys=0.00s Real=0.02s
[465.335s][info][gc,marking  ] GC(949) Concurrent Mark 131.661ms
[465.335s][info][gc,marking  ] GC(949) Concurrent Rebuild Remembered Sets and Scrub Regions
[465.423s][info][gc,marking  ] GC(949) Concurrent Rebuild Remembered Sets and Scrub Regions 88.259ms
[465.424s][info][gc,start    ] GC(949) Pause Cleanup
[465.424s][info][gc          ] GC(949) Pause Cleanup 245M->245M(337M) 0.056ms
[465.424s][info][gc,cpu      ] GC(949) User=0.00s Sys=0.00s Real=0.00s
[465.424s][info][gc,marking  ] GC(949) Concurrent Clear Claimed Marks
[465.424s][info][gc,marking  ] GC(949) Concurrent Clear Claimed Marks 0.041ms
[465.424s][info][gc,marking  ] GC(949) Concurrent Cleanup for Next Mark
[465.425s][info][gc,marking  ] GC(949) Concurrent Cleanup for Next Mark 1.024ms
[465.425s][info][gc          ] GC(949) Concurrent Mark Cycle 257.944ms
[465.470s][info][gc,start    ] GC(950) Pause Young (Prepare Mixed) (G1 Evacuation Pause)
[465.470s][info][gc,task     ] GC(950) Using 2 workers of 2 for evacuation
[465.515s][info][gc,phases   ] GC(950)   Pre Evacuate Collection Set: 0.16ms
[465.515s][info][gc,phases   ] GC(950)   Merge Heap Roots: 0.45ms
[465.515s][info][gc,phases   ] GC(950)   Evacuate Collection Set: 43.36ms
[465.515s][info][gc,phases   ] GC(950)   Post Evacuate Collection Set: 0.38ms
[465.515s][info][gc,phases   ] GC(950)   Other: 0.09ms
[465.515s][info][gc,heap     ] GC(950) Eden regions: 64->0(46)
[465.515s][info][gc,heap     ] GC(950) Survivor regions: 17->11(11)
[465.515s][info][gc,heap     ] GC(950) Old regions: 171->214
[465.515s][info][gc,heap     ] GC(950) Humongous regions: 5->5
[465.515s][info][gc,metaspace] GC(950) Metaspace: 43026K(43456K)->43026K(43456K) NonClass: 38679K(38912K)->38679K(38912K) Class: 4347K(4544K)->4347K(4544K)
[465.515s][info][gc          ] GC(950) Pause Young (Prepare Mixed) (G1 Evacuation Pause) 256M->229M(337M) 44.680ms
[465.515s][info][gc,cpu      ] GC(950) User=0.09s Sys=0.00s Real=0.04s
[465.680s][info][gc,start    ] GC(951) Pause Young (Mixed) (G1 Evacuation Pause)
[465.680s][info][gc,task     ] GC(951) Using 2 workers of 2 for evacuation
[465.726s][info][gc,phases   ] GC(951)   Pre Evacuate Collection Set: 0.20ms
[465.726s][info][gc,phases   ] GC(951)   Merge Heap Roots: 0.30ms
[465.726s][info][gc,phases   ] GC(951)   Evacuate Collection Set: 43.56ms
[465.726s][info][gc,phases   ] GC(951)   Post Evacuate Collection Set: 1.62ms
[465.726s][info][gc,phases   ] GC(951)   Other: 0.10ms
[465.726s][info][gc,heap     ] GC(951) Eden regions: 46->0(113)
[465.726s][info][gc,heap     ] GC(951) Survivor regions: 11->8(8)
[465.726s][info][gc,heap     ] GC(951) Old regions: 214->239
[465.726s][info][gc,heap     ] GC(951) Humongous regions: 5->5
[465.726s][info][gc,metaspace] GC(951) Metaspace: 43026K(43456K)->43026K(43456K) NonClass: 38679K(38912K)->38679K(38912K) Class: 4347K(4544K)->4347K(4544K)
[465.726s][info][gc          ] GC(951) Pause Young (Mixed) (G1 Evacuation Pause) 275M->251M(512M) 46.003ms
[465.726s][info][gc,cpu      ] GC(951) User=0.09s Sys=0.00s Real=0.04s
[466.270s][info][gc,start    ] GC(952) Pause Young (Normal) (G1 Evacuation Pause)
[466.270s][info][gc,task     ] GC(952) Using 2 workers of 2 for evacuation
[466.330s][info][gc,phases   ] GC(952)   Pre Evacuate Collection Set: 0.35ms
[466.330s][info][gc,phases   ] GC(952)   Merge Heap Roots: 0.25ms
[466.330s][info][gc,phases   ] GC(952)   Evacuate Collection Set: 58.02ms
[466.330s][info][gc,phases   ] GC(952)   Post Evacuate Collection Set: 0.59ms
[466.330s][info][gc,phases   ] GC(952)   Other: 0.08ms
[466.330s][info][gc,heap     ] GC(952) Eden regions: 113->0(86)
[466.330s][info][gc,heap     ] GC(952) Survivor regions: 8->16(16)
[466.330s][info][gc,heap     ] GC(952) Old regions: 239->288
[466.330s][info][gc,heap     ] GC(952) Humongous regions: 6->6
[466.330s][info][gc,metaspace] GC(952) Metaspace: 43026K(43456K)->43026K(43456K) NonClass: 38679K(38912K)->38679K(38912K) Class: 4347K(4544K)->4347K(4544K)
[466.330s][info][gc          ] GC(952) Pause Young (Normal) (G1 Evacuation Pause) 365M->310M(512M) 59.523ms
[466.330s][info][gc,cpu      ] GC(952) User=0.11s Sys=0.02s Real=0.06s
[466.454s][info][gc,start    ] GC(953) Pause Young (Concurrent Start) (G1 Humongous Allocation)
[466.454s][info][gc,task     ] GC(953) Using 2 workers of 2 for evacuation
[466.494s][info][gc,phases   ] GC(953)   Pre Evacuate Collection Set: 0.30ms
[466.494s][info][gc,phases   ] GC(953)   Merge Heap Roots: 0.40ms
[466.494s][info][gc,phases   ] GC(953)   Evacuate Collection Set: 39.04ms
[466.494s][info][gc,phases   ] GC(953)   Post Evacuate Collection Set: 0.37ms
[466.494s][info][gc,phases   ] GC(953)   Other: 0.10ms
[466.494s][info][gc,heap     ] GC(953) Eden regions: 36->0(76)
[466.494s][info][gc,heap     ] GC(953) Survivor regions: 16->13(13)
[466.494s][info][gc,heap     ] GC(953) Old regions: 288->314
[466.494s][info][gc,heap     ] GC(953) Humongous regions: 6->6
[466.494s][info][gc,metaspace] GC(953) Metaspace: 43026K(43456K)->43026K(43456K) NonClass: 38679K(38912K)->38679K(38912K) Class: 4347K(4544K)->4347K(4544K)
[466.494s][info][gc          ] GC(953) Pause Young (Concurrent Start) (G1 Humongous Allocation) 345M->333M(512M) 40.426ms
[466.494s][info][gc,cpu      ] GC(953) User=0.07s Sys=0.00s Real=0.04s
[466.494s][info][gc          ] GC(954) Concurrent Mark Cycle
[466.494s][info][gc,marking  ] GC(954) Concurrent Scan Root Regions
[466.509s][info][gc,marking  ] GC(954) Concurrent Scan Root Regions 14.807ms
[466.509s][info][gc,marking  ] GC(954) Concurrent Mark
[466.509s][info][gc,marking  ] GC(954) Concurrent Mark From Roots
[466.509s][info][gc,task     ] GC(954) Using 1 workers of 1 for marking
[466.647s][info][gc,marking  ] GC(954) Concurrent Mark From Roots 138.199ms
[466.648s][info][gc,marking  ] GC(954) Concurrent Preclean
[466.648s][info][gc,marking  ] GC(954) Concurrent Preclean 0.038ms
[466.648s][info][gc,start    ] GC(954) Pause Remark
[466.665s][info][gc          ] GC(954) Pause Remark 368M->273M(512M) 17.161ms
[466.665s][info][gc,cpu      ] GC(954) User=0.03s Sys=0.00s Real=0.02s
[466.665s][info][gc,marking  ] GC(954) Concurrent Mark 155.727ms
[466.665s][info][gc,marking  ] GC(954) Concurrent Rebuild Remembered Sets and Scrub Regions
[466.735s][info][gc,marking  ] GC(954) Concurrent Rebuild Remembered Sets and Scrub Regions 70.259ms
[466.735s][info][gc,start    ] GC(954) Pause Cleanup
[466.736s][info][gc          ] GC(954) Pause Cleanup 289M->289M(512M) 0.112ms
[466.736s][info][gc,cpu      ] GC(954) User=0.00s Sys=0.00s Real=0.00s
[466.736s][info][gc,marking  ] GC(954) Concurrent Clear Claimed Marks
[466.736s][info][gc,marking  ] GC(954) Concurrent Clear Claimed Marks 0.041ms
[466.736s][info][gc,marking  ] GC(954) Concurrent Cleanup for Next Mark
[466.739s][info][gc,marking  ] GC(954) Concurrent Cleanup for Next Mark 3.395ms
[466.739s][info][gc          ] GC(954) Concurrent Mark Cycle 244.716ms
[466.823s][info][gc,start    ] GC(955) Pause Young (Prepare Mixed) (G1 Evacuation Pause)
[466.823s][info][gc,task     ] GC(955) Using 2 workers of 2 for evacuation
[466.839s][info][gc,phases   ] GC(955)   Pre Evacuate Collection Set: 0.23ms
[466.839s][info][gc,phases   ] GC(955)   Merge Heap Roots: 0.13ms
[466.839s][info][gc,phases   ] GC(955)   Evacuate Collection Set: 15.73ms
[466.839s][info][gc,phases   ] GC(955)   Post Evacuate Collection Set: 0.38ms
[466.839s][info][gc,phases   ] GC(955)   Other: 0.08ms
[466.839s][info][gc,heap     ] GC(955) Eden regions: 76->0(118)
[466.839s][info][gc,heap     ] GC(955) Survivor regions: 13->12(12)
[466.839s][info][gc,heap     ] GC(955) Old regions: 221->232
[466.839s][info][gc,heap     ] GC(955) Humongous regions: 5->5
[466.839s][info][gc,metaspace] GC(955) Metaspace: 43026K(43456K)->43026K(43456K) NonClass: 38679K(38912K)->38679K(38912K) Class: 4347K(4544K)->4347K(4544K)
[466.839s][info][gc          ] GC(955) Pause Young (Prepare Mixed) (G1 Evacuation Pause) 315M->248M(512M) 16.763ms
[466.839s][info][gc,cpu      ] GC(955) User=0.04s Sys=0.00s Real=0.02s
[467.270s][info][gc,start    ] GC(956) Pause Young (Mixed) (G1 Evacuation Pause)
[467.270s][info][gc,task     ] GC(956) Using 2 workers of 2 for evacuation
[467.291s][info][gc,phases   ] GC(956)   Pre Evacuate Collection Set: 0.25ms
[467.291s][info][gc,phases   ] GC(956)   Merge Heap Roots: 0.16ms
[467.291s][info][gc,phases   ] GC(956)   Evacuate Collection Set: 19.76ms
[467.291s][info][gc,phases   ] GC(956)   Post Evacuate Collection Set: 0.51ms
[467.291s][info][gc,phases   ] GC(956)   Other: 0.10ms
[467.291s][info][gc,heap     ] GC(956) Eden regions: 118->0(145)
[467.291s][info][gc,heap     ] GC(956) Survivor regions: 12->13(17)
[467.291s][info][gc,heap     ] GC(956) Old regions: 232->191
[467.291s][info][gc,heap     ] GC(956) Humongous regions: 5->5
[467.291s][info][gc,metaspace] GC(956) Metaspace: 43026K(43456K)->43026K(43456K) NonClass: 38679K(38912K)->38679K(38912K) Class: 4347K(4544K)->4347K(4544K)
[467.291s][info][gc          ] GC(956) Pause Young (Mixed) (G1 Evacuation Pause) 366M->209M(512M) 21.004ms
[467.291s][info][gc,cpu      ] GC(956) User=0.04s Sys=0.00s Real=0.02s
[467.861s][info][gc,start    ] GC(957) Pause Young (Mixed) (G1 Evacuation Pause)
[467.861s][info][gc,task     ] GC(957) Using 2 workers of 2 for evacuation
[467.888s][info][gc,phases   ] GC(957)   Pre Evacuate Collection Set: 0.37ms
[467.888s][info][gc,phases   ] GC(957)   Merge Heap Roots: 0.41ms
[467.888s][info][gc,phases   ] GC(957)   Evacuate Collection Set: 24.80ms
[467.888s][info][gc,phases   ] GC(957)   Post Evacuate Collection Set: 0.49ms
[467.888s][info][gc,phases   ] GC(957)   Other: 0.07ms
[467.888s][info][gc,heap     ] GC(957) Eden regions: 145->0(164)
[467.888s][info][gc,heap     ] GC(957) Survivor regions: 13->12(20)
[467.888s][info][gc,heap     ] GC(957) Old regions: 191->172
[467.888s][info][gc,heap     ] GC(957) Humongous regions: 6->5
[467.888s][info][gc,metaspace] GC(957) Metaspace: 43026K(43456K)->43026K(43456K) NonClass: 38679K(38912K)->38679K(38912K) Class: 4347K(4544K)->4347K(4544K)
[467.888s][info][gc          ] GC(957) Pause Young (Mixed) (G1 Evacuation Pause) 355M->189M(512M) 26.358ms
[467.888s][info][gc,cpu      ] GC(957) User=0.04s Sys=0.01s Real=0.02s
[468.508s][info][gc,start    ] GC(958) Pause Young (Normal) (G1 Evacuation Pause)
[468.508s][info][gc,task     ] GC(958) Using 2 workers of 2 for evacuation
[468.517s][info][gc,phases   ] GC(958)   Pre Evacuate Collection Set: 0.21ms
[468.517s][info][gc,phases   ] GC(958)   Merge Heap Roots: 0.07ms
[468.517s][info][gc,phases   ] GC(958)   Evacuate Collection Set: 7.36ms
[468.517s][info][gc,phases   ] GC(958)   Post Evacuate Collection Set: 0.54ms
[468.517s][info][gc,phases   ] GC(958)   Other: 0.08ms
[468.517s][info][gc,heap     ] GC(958) Eden regions: 164->0(181)
[468.517s][info][gc,heap     ] GC(958) Survivor regions: 12->7(22)
[468.517s][info][gc,heap     ] GC(958) Old regions: 172->173
[468.517s][info][gc,heap     ] GC(958) Humongous regions: 6->5
[468.517s][info][gc,metaspace] GC(958) Metaspace: 43026K(43456K)->43026K(43456K) NonClass: 38679K(38912K)->38679K(38912K) Class: 4347K(4544K)->4347K(4544K)
[468.517s][info][gc          ] GC(958) Pause Young (Normal) (G1 Evacuation Pause) 354M->184M(512M) 8.463ms
[468.517s][info][gc,cpu      ] GC(958) User=0.01s Sys=0.00s Real=0.01s
[468.608s][info][gc,start    ] GC(959) Pause Young (Concurrent Start) (G1 Humongous Allocation)
[468.608s][info][gc,task     ] GC(959) Using 2 workers of 2 for evacuation
[468.614s][info][gc,phases   ] GC(959)   Pre Evacuate Collection Set: 0.25ms
[468.614s][info][gc,phases   ] GC(959)   Merge Heap Roots: 0.05ms
[468.614s][info][gc,phases   ] GC(959)   Evacuate Collection Set: 5.04ms
[468.614s][info][gc,phases   ] GC(959)   Post Evacuate Collection Set: 0.33ms
[468.614s][info][gc,phases   ] GC(959)   Other: 0.15ms
[468.614s][info][gc,heap     ] GC(959) Eden regions: 27->0(196)
[468.614s][info][gc,heap     ] GC(959) Survivor regions: 7->8(24)
[468.614s][info][gc,heap     ] GC(959) Old regions: 173->173
[468.614s][info][gc,heap     ] GC(959) Humongous regions: 5->5
[468.614s][info][gc,metaspace] GC(959) Metaspace: 43026K(43456K)->43026K(43456K) NonClass: 38679K(38912K)->38679K(38912K) Class: 4347K(4544K)->4347K(4544K)
[468.614s][info][gc          ] GC(959) Pause Young (Concurrent Start) (G1 Humongous Allocation) 211M->185M(512M) 6.055ms
[468.614s][info][gc,cpu      ] GC(959) User=0.01s Sys=0.01s Real=0.01s
[468.614s][info][gc          ] GC(960) Concurrent Mark Cycle
[468.614s][info][gc,marking  ] GC(960) Concurrent Scan Root Regions
[468.618s][info][gc,marking  ] GC(960) Concurrent Scan Root Regions 3.664ms
[468.618s][info][gc,marking  ] GC(960) Concurrent Mark
[468.618s][info][gc,marking  ] GC(960) Concurrent Mark From Roots
[468.618s][info][gc,task     ] GC(960) Using 1 workers of 1 for marking
[468.694s][info][gc,marking  ] GC(960) Concurrent Mark From Roots 75.593ms
[468.694s][info][gc,marking  ] GC(960) Concurrent Preclean
[468.694s][info][gc,marking  ] GC(960) Concurrent Preclean 0.039ms
[468.694s][info][gc,start    ] GC(960) Pause Remark
[468.711s][info][gc          ] GC(960) Pause Remark 206M->120M(337M) 17.124ms
[468.711s][info][gc,cpu      ] GC(960) User=0.04s Sys=0.00s Real=0.02s
[468.711s][info][gc,marking  ] GC(960) Concurrent Mark 93.077ms
[468.711s][info][gc,marking  ] GC(960) Concurrent Rebuild Remembered Sets and Scrub Regions
[468.741s][info][gc,marking  ] GC(960) Concurrent Rebuild Remembered Sets and Scrub Regions 29.974ms
[468.741s][info][gc,start    ] GC(960) Pause Cleanup
[468.741s][info][gc          ] GC(960) Pause Cleanup 128M->128M(337M) 0.063ms
[468.741s][info][gc,cpu      ] GC(960) User=0.00s Sys=0.00s Real=0.00s
[468.741s][info][gc,marking  ] GC(960) Concurrent Clear Claimed Marks
[468.741s][info][gc,marking  ] GC(960) Concurrent Clear Claimed Marks 0.039ms
[468.741s][info][gc,marking  ] GC(960) Concurrent Cleanup for Next Mark
[468.742s][info][gc,marking  ] GC(960) Concurrent Cleanup for Next Mark 0.969ms
[468.742s][info][gc          ] GC(960) Concurrent Mark Cycle 128.160ms
[469.352s][info][gc,start    ] GC(961) Pause Young (Prepare Mixed) (G1 Evacuation Pause)
[469.352s][info][gc,task     ] GC(961) Using 2 workers of 2 for evacuation
[469.358s][info][gc,phases   ] GC(961)   Pre Evacuate Collection Set: 0.19ms
[469.358s][info][gc,phases   ] GC(961)   Merge Heap Roots: 0.06ms
[469.358s][info][gc,phases   ] GC(961)   Evacuate Collection Set: 5.21ms
[469.358s][info][gc,phases   ] GC(961)   Post Evacuate Collection Set: 0.45ms
[469.358s][info][gc,phases   ] GC(961)   Other: 0.08ms
[469.358s][info][gc,heap     ] GC(961) Eden regions: 194->0(157)
[469.358s][info][gc,heap     ] GC(961) Survivor regions: 8->7(26)
[469.358s][info][gc,heap     ] GC(961) Old regions: 89->89
[469.358s][info][gc,heap     ] GC(961) Humongous regions: 6->3
[469.358s][info][gc,metaspace] GC(961) Metaspace: 43026K(43456K)->43026K(43456K) NonClass: 38679K(38912K)->38679K(38912K) Class: 4347K(4544K)->4347K(4544K)
[469.358s][info][gc          ] GC(961) Pause Young (Prepare Mixed) (G1 Evacuation Pause) 296M->99M(337M) 6.243ms
[469.358s][info][gc,cpu      ] GC(961) User=0.01s Sys=0.00s Real=0.00s
[469.927s][info][gc,start    ] GC(962) Pause Young (Mixed) (G1 Evacuation Pause)
[469.927s][info][gc,task     ] GC(962) Using 2 workers of 2 for evacuation
[469.946s][info][gc,phases   ] GC(962)   Pre Evacuate Collection Set: 0.19ms
[469.946s][info][gc,phases   ] GC(962)   Merge Heap Roots: 0.08ms
[469.946s][info][gc,phases   ] GC(962)   Evacuate Collection Set: 18.20ms
[469.946s][info][gc,phases   ] GC(962)   Post Evacuate Collection Set: 0.47ms
[469.946s][info][gc,phases   ] GC(962)   Other: 0.08ms
[469.946s][info][gc,heap     ] GC(962) Eden regions: 157->0(154)
[469.946s][info][gc,heap     ] GC(962) Survivor regions: 7->21(21)
[469.946s][info][gc,heap     ] GC(962) Old regions: 89->76
[469.946s][info][gc,heap     ] GC(962) Humongous regions: 4->3
[469.946s][info][gc,metaspace] GC(962) Metaspace: 43026K(43456K)->43026K(43456K) NonClass: 38679K(38912K)->38679K(38912K) Class: 4347K(4544K)->4347K(4544K)
[469.946s][info][gc          ] GC(962) Pause Young (Mixed) (G1 Evacuation Pause) 257M->99M(337M) 19.299ms
[469.946s][info][gc,cpu      ] GC(962) User=0.03s Sys=0.00s Real=0.02s
[469.957s][info][gc,start    ] GC(963) Pause Young (Concurrent Start) (G1 Humongous Allocation)
[469.957s][info][gc,task     ] GC(963) Using 2 workers of 2 for evacuation
[469.971s][info][gc,phases   ] GC(963)   Pre Evacuate Collection Set: 0.18ms
[469.971s][info][gc,phases   ] GC(963)   Merge Heap Roots: 0.08ms
[469.971s][info][gc,phases   ] GC(963)   Evacuate Collection Set: 13.22ms
[469.971s][info][gc,phases   ] GC(963)   Post Evacuate Collection Set: 0.34ms
[469.971s][info][gc,phases   ] GC(963)   Other: 0.08ms
[469.971s][info][gc,heap     ] GC(963) Eden regions: 4->0(163)
[469.971s][info][gc,heap     ] GC(963) Survivor regions: 21->1(22)
[469.971s][info][gc,heap     ] GC(963) Old regions: 76->96
[469.971s][info][gc,heap     ] GC(963) Humongous regions: 3->3
[469.971s][info][gc,metaspace] GC(963) Metaspace: 43026K(43456K)->43026K(43456K) NonClass: 38679K(38912K)->38679K(38912K) Class: 4347K(4544K)->4347K(4544K)
[469.971s][info][gc          ] GC(963) Pause Young (Concurrent Start) (G1 Humongous Allocation) 102M->100M(337M) 14.077ms
[469.971s][info][gc,cpu      ] GC(963) User=0.03s Sys=0.00s Real=0.02s
[469.971s][info][gc          ] GC(964) Concurrent Mark Cycle
[469.971s][info][gc,marking  ] GC(964) Concurrent Scan Root Regions
[469.980s][info][gc,marking  ] GC(964) Concurrent Scan Root Regions 8.367ms
[469.980s][info][gc,marking  ] GC(964) Concurrent Mark
[469.980s][info][gc,marking  ] GC(964) Concurrent Mark From Roots
[469.980s][info][gc,task     ] GC(964) Using 1 workers of 1 for marking
[470.063s][info][gc,marking  ] GC(964) Concurrent Mark From Roots 82.836ms
[470.063s][info][gc,marking  ] GC(964) Concurrent Preclean
[470.063s][info][gc,marking  ] GC(964) Concurrent Preclean 0.036ms
[470.063s][info][gc,start    ] GC(964) Pause Remark
[470.080s][info][gc          ] GC(964) Pause Remark 121M->121M(337M) 17.191ms
[470.080s][info][gc,cpu      ] GC(964) User=0.04s Sys=0.00s Real=0.02s
[470.080s][info][gc,marking  ] GC(964) Concurrent Mark 100.349ms
[470.080s][info][gc,marking  ] GC(964) Concurrent Rebuild Remembered Sets and Scrub Regions
[470.124s][info][gc,marking  ] GC(964) Concurrent Rebuild Remembered Sets and Scrub Regions 43.564ms
[470.124s][info][gc,start    ] GC(964) Pause Cleanup
[470.124s][info][gc          ] GC(964) Pause Cleanup 133M->133M(337M) 0.069ms
[470.124s][info][gc,cpu      ] GC(964) User=0.00s Sys=0.00s Real=0.00s
[470.124s][info][gc,marking  ] GC(964) Concurrent Clear Claimed Marks
[470.124s][info][gc,marking  ] GC(964) Concurrent Clear Claimed Marks 0.040ms
[470.124s][info][gc,marking  ] GC(964) Concurrent Cleanup for Next Mark
[470.125s][info][gc,marking  ] GC(964) Concurrent Cleanup for Next Mark 0.972ms
[470.125s][info][gc          ] GC(964) Concurrent Mark Cycle 153.659ms
[470.577s][info][gc,start    ] GC(965) Pause Young (Prepare Mixed) (G1 Evacuation Pause)
[470.577s][info][gc,task     ] GC(965) Using 2 workers of 2 for evacuation
[470.614s][info][gc,phases   ] GC(965)   Pre Evacuate Collection Set: 0.19ms
[470.614s][info][gc,phases   ] GC(965)   Merge Heap Roots: 0.13ms
[470.614s][info][gc,phases   ] GC(965)   Evacuate Collection Set: 35.88ms
[470.614s][info][gc,phases   ] GC(965)   Post Evacuate Collection Set: 0.53ms
[470.614s][info][gc,phases   ] GC(965)   Other: 0.08ms
[470.614s][info][gc,heap     ] GC(965) Eden regions: 163->0(118)
[470.614s][info][gc,heap     ] GC(965) Survivor regions: 1->21(21)
[470.614s][info][gc,heap     ] GC(965) Old regions: 96->126
[470.614s][info][gc,heap     ] GC(965) Humongous regions: 7->5
[470.614s][info][gc,metaspace] GC(965) Metaspace: 43026K(43456K)->43026K(43456K) NonClass: 38679K(38912K)->38679K(38912K) Class: 4347K(4544K)->4347K(4544K)
[470.614s][info][gc          ] GC(965) Pause Young (Prepare Mixed) (G1 Evacuation Pause) 267M->151M(337M) 37.045ms
[470.614s][info][gc,cpu      ] GC(965) User=0.07s Sys=0.00s Real=0.04s
[470.976s][info][gc,start    ] GC(966) Pause Young (Mixed) (G1 Evacuation Pause)
[470.976s][info][gc,task     ] GC(966) Using 2 workers of 2 for evacuation
[470.998s][info][gc,phases   ] GC(966)   Pre Evacuate Collection Set: 0.19ms
[470.998s][info][gc,phases   ] GC(966)   Merge Heap Roots: 0.29ms
[470.998s][info][gc,phases   ] GC(966)   Evacuate Collection Set: 21.08ms
[470.998s][info][gc,phases   ] GC(966)   Post Evacuate Collection Set: 0.39ms
[470.998s][info][gc,phases   ] GC(966)   Other: 0.07ms
[470.998s][info][gc,heap     ] GC(966) Eden regions: 118->0(130)
[470.998s][info][gc,heap     ] GC(966) Survivor regions: 21->2(18)
[470.998s][info][gc,heap     ] GC(966) Old regions: 126->138
[470.998s][info][gc,heap     ] GC(966) Humongous regions: 5->5
[470.998s][info][gc,metaspace] GC(966) Metaspace: 43026K(43456K)->43026K(43456K) NonClass: 38679K(38912K)->38679K(38912K) Class: 4347K(4544K)->4347K(4544K)
[470.998s][info][gc          ] GC(966) Pause Young (Mixed) (G1 Evacuation Pause) 269M->144M(337M) 22.235ms
[470.998s][info][gc,cpu      ] GC(966) User=0.04s Sys=0.00s Real=0.02s
[471.420s][info][gc,start    ] GC(967) Pause Young (Concurrent Start) (G1 Evacuation Pause)
[471.420s][info][gc,task     ] GC(967) Using 2 workers of 2 for evacuation
[471.423s][info][gc,phases   ] GC(967)   Pre Evacuate Collection Set: 0.21ms
[471.423s][info][gc,phases   ] GC(967)   Merge Heap Roots: 0.06ms
[471.423s][info][gc,phases   ] GC(967)   Evacuate Collection Set: 2.68ms
[471.423s][info][gc,phases   ] GC(967)   Post Evacuate Collection Set: 0.38ms
[471.423s][info][gc,phases   ] GC(967)   Other: 0.14ms
[471.423s][info][gc,heap     ] GC(967) Eden regions: 130->0(136)
[471.423s][info][gc,heap     ] GC(967) Survivor regions: 2->3(17)
[471.423s][info][gc,heap     ] GC(967) Old regions: 138->138
[471.423s][info][gc,heap     ] GC(967) Humongous regions: 5->5
[471.423s][info][gc,metaspace] GC(967) Metaspace: 43026K(43456K)->43026K(43456K) NonClass: 38679K(38912K)->38679K(38912K) Class: 4347K(4544K)->4347K(4544K)
[471.423s][info][gc          ] GC(967) Pause Young (Concurrent Start) (G1 Evacuation Pause) 274M->145M(337M) 3.648ms
[471.423s][info][gc,cpu      ] GC(967) User=0.00s Sys=0.01s Real=0.00s
[471.423s][info][gc          ] GC(968) Concurrent Mark Cycle
[471.423s][info][gc,marking  ] GC(968) Concurrent Scan Root Regions
[471.425s][info][gc,marking  ] GC(968) Concurrent Scan Root Regions 1.629ms
[471.425s][info][gc,marking  ] GC(968) Concurrent Mark
[471.425s][info][gc,marking  ] GC(968) Concurrent Mark From Roots
[471.425s][info][gc,task     ] GC(968) Using 1 workers of 1 for marking
[471.507s][info][gc,marking  ] GC(968) Concurrent Mark From Roots 82.284ms
[471.507s][info][gc,marking  ] GC(968) Concurrent Preclean
[471.507s][info][gc,marking  ] GC(968) Concurrent Preclean 0.044ms
[471.507s][info][gc,start    ] GC(968) Pause Remark
[471.525s][info][gc          ] GC(968) Pause Remark 169M->120M(324M) 17.691ms
[471.525s][info][gc,cpu      ] GC(968) User=0.04s Sys=0.00s Real=0.02s
[471.525s][info][gc,marking  ] GC(968) Concurrent Mark 100.231ms
[471.525s][info][gc,marking  ] GC(968) Concurrent Rebuild Remembered Sets and Scrub Regions
[471.562s][info][gc,marking  ] GC(968) Concurrent Rebuild Remembered Sets and Scrub Regions 37.136ms
[471.563s][info][gc,start    ] GC(968) Pause Cleanup
[471.563s][info][gc          ] GC(968) Pause Cleanup 129M->129M(324M) 0.059ms
[471.563s][info][gc,cpu      ] GC(968) User=0.00s Sys=0.00s Real=0.00s
[471.563s][info][gc,marking  ] GC(968) Concurrent Clear Claimed Marks
[471.563s][info][gc,marking  ] GC(968) Concurrent Clear Claimed Marks 0.038ms
[471.563s][info][gc,marking  ] GC(968) Concurrent Cleanup for Next Mark
[471.564s][info][gc,marking  ] GC(968) Concurrent Cleanup for Next Mark 0.969ms
[471.564s][info][gc          ] GC(968) Concurrent Mark Cycle 140.462ms
[471.874s][info][gc,start    ] GC(969) Pause Young (Prepare Mixed) (G1 Evacuation Pause)
[471.874s][info][gc,task     ] GC(969) Using 2 workers of 2 for evacuation
[471.877s][info][gc,phases   ] GC(969)   Pre Evacuate Collection Set: 0.18ms
[471.877s][info][gc,phases   ] GC(969)   Merge Heap Roots: 0.06ms
[471.877s][info][gc,phases   ] GC(969)   Evacuate Collection Set: 1.71ms
[471.877s][info][gc,phases   ] GC(969)   Post Evacuate Collection Set: 0.36ms
[471.877s][info][gc,phases   ] GC(969)   Other: 0.07ms
[471.877s][info][gc,heap     ] GC(969) Eden regions: 136->0(170)
[471.877s][info][gc,heap     ] GC(969) Survivor regions: 3->2(18)
[471.877s][info][gc,heap     ] GC(969) Old regions: 91->91
[471.877s][info][gc,heap     ] GC(969) Humongous regions: 4->3
[471.877s][info][gc,metaspace] GC(969) Metaspace: 43026K(43456K)->43026K(43456K) NonClass: 38679K(38912K)->38679K(38912K) Class: 4347K(4544K)->4347K(4544K)
[471.877s][info][gc          ] GC(969) Pause Young (Prepare Mixed) (G1 Evacuation Pause) 233M->95M(324M) 2.570ms
[471.877s][info][gc,cpu      ] GC(969) User=0.00s Sys=0.00s Real=0.00s
[472.325s][info][gc,start    ] GC(970) Pause Young (Mixed) (G1 Evacuation Pause)
[472.325s][info][gc,task     ] GC(970) Using 2 workers of 2 for evacuation
[472.334s][info][gc,phases   ] GC(970)   Pre Evacuate Collection Set: 0.19ms
[472.334s][info][gc,phases   ] GC(970)   Merge Heap Roots: 0.13ms
[472.334s][info][gc,phases   ] GC(970)   Evacuate Collection Set: 8.42ms
[472.334s][info][gc,phases   ] GC(970)   Post Evacuate Collection Set: 0.47ms
[472.334s][info][gc,phases   ] GC(970)   Other: 0.09ms
[472.334s][info][gc,heap     ] GC(970) Eden regions: 170->0(188)
[472.334s][info][gc,heap     ] GC(970) Survivor regions: 2->6(22)
[472.334s][info][gc,heap     ] GC(970) Old regions: 91->65
[472.334s][info][gc,heap     ] GC(970) Humongous regions: 3->1
[472.334s][info][gc,metaspace] GC(970) Metaspace: 43026K(43456K)->43026K(43456K) NonClass: 38679K(38912K)->38679K(38912K) Class: 4347K(4544K)->4347K(4544K)
[472.334s][info][gc          ] GC(970) Pause Young (Mixed) (G1 Evacuation Pause) 265M->71M(324M) 9.495ms
[472.334s][info][gc,cpu      ] GC(970) User=0.02s Sys=0.00s Real=0.01s
[472.675s][info][gc,start    ] GC(971) Pause Young (Concurrent Start) (G1 Evacuation Pause)
[472.675s][info][gc,task     ] GC(971) Using 2 workers of 2 for evacuation
[472.681s][info][gc,phases   ] GC(971)   Pre Evacuate Collection Set: 0.19ms
[472.681s][info][gc,phases   ] GC(971)   Merge Heap Roots: 0.08ms
[472.681s][info][gc,phases   ] GC(971)   Evacuate Collection Set: 4.73ms
[472.681s][info][gc,phases   ] GC(971)   Post Evacuate Collection Set: 0.55ms
[472.681s][info][gc,phases   ] GC(971)   Other: 0.09ms
[472.681s][info][gc,heap     ] GC(971) Eden regions: 188->0(188)
[472.681s][info][gc,heap     ] GC(971) Survivor regions: 6->6(25)
[472.681s][info][gc,heap     ] GC(971) Old regions: 65->65
[472.681s][info][gc,heap     ] GC(971) Humongous regions: 1->1
[472.681s][info][gc,metaspace] GC(971) Metaspace: 43026K(43456K)->43026K(43456K) NonClass: 38679K(38912K)->38679K(38912K) Class: 4347K(4544K)->4347K(4544K)
[472.681s][info][gc          ] GC(971) Pause Young (Concurrent Start) (G1 Evacuation Pause) 259M->71M(324M) 5.829ms
[472.681s][info][gc          ] GC(972) Concurrent Mark Cycle
[472.681s][info][gc,marking  ] GC(972) Concurrent Scan Root Regions
[472.682s][info][gc,cpu      ] GC(971) User=0.01s Sys=0.00s Real=0.01s
[472.684s][info][gc,marking  ] GC(972) Concurrent Scan Root Regions 2.957ms
[472.684s][info][gc,marking  ] GC(972) Concurrent Mark
[472.684s][info][gc,marking  ] GC(972) Concurrent Mark From Roots
[472.684s][info][gc,task     ] GC(972) Using 1 workers of 1 for marking
[472.759s][info][gc,marking  ] GC(972) Concurrent Mark From Roots 74.494ms
[472.759s][info][gc,marking  ] GC(972) Concurrent Preclean
[472.759s][info][gc,marking  ] GC(972) Concurrent Preclean 0.036ms
[472.759s][info][gc,start    ] GC(972) Pause Remark
[472.776s][info][gc          ] GC(972) Pause Remark 113M->109M(256M) 17.209ms
[472.776s][info][gc,cpu      ] GC(972) User=0.03s Sys=0.00s Real=0.02s
[472.776s][info][gc,marking  ] GC(972) Concurrent Mark 92.065ms
[472.776s][info][gc,marking  ] GC(972) Concurrent Rebuild Remembered Sets and Scrub Regions
[472.806s][info][gc,marking  ] GC(972) Concurrent Rebuild Remembered Sets and Scrub Regions 29.263ms
[472.806s][info][gc,start    ] GC(972) Pause Cleanup
[472.806s][info][gc          ] GC(972) Pause Cleanup 125M->125M(256M) 0.045ms
[472.806s][info][gc,cpu      ] GC(972) User=0.00s Sys=0.00s Real=0.00s
[472.806s][info][gc,marking  ] GC(972) Concurrent Clear Claimed Marks
[472.806s][info][gc,marking  ] GC(972) Concurrent Clear Claimed Marks 0.039ms
[472.806s][info][gc,marking  ] GC(972) Concurrent Cleanup for Next Mark
[472.807s][info][gc,marking  ] GC(972) Concurrent Cleanup for Next Mark 0.743ms
[472.807s][info][gc          ] GC(972) Concurrent Mark Cycle 125.414ms
[473.016s][info][gc,start    ] GC(973) Pause Young (Prepare Mixed) (G1 Evacuation Pause)
[473.017s][info][gc,task     ] GC(973) Using 2 workers of 2 for evacuation
[473.031s][info][gc,phases   ] GC(973)   Pre Evacuate Collection Set: 1.49ms
[473.031s][info][gc,phases   ] GC(973)   Merge Heap Roots: 0.10ms
[473.031s][info][gc,phases   ] GC(973)   Evacuate Collection Set: 12.01ms
[473.031s][info][gc,phases   ] GC(973)   Post Evacuate Collection Set: 0.69ms
[473.031s][info][gc,phases   ] GC(973)   Other: 0.09ms
[473.031s][info][gc,heap     ] GC(973) Eden regions: 147->0(140)
[473.031s][info][gc,heap     ] GC(973) Survivor regions: 6->13(20)
[473.031s][info][gc,heap     ] GC(973) Old regions: 61->61
[473.031s][info][gc,heap     ] GC(973) Humongous regions: 3->3
[473.031s][info][gc,metaspace] GC(973) Metaspace: 43026K(43456K)->43026K(43456K) NonClass: 38679K(38912K)->38679K(38912K) Class: 4347K(4544K)->4347K(4544K)
[473.031s][info][gc          ] GC(973) Pause Young (Prepare Mixed) (G1 Evacuation Pause) 216M->76M(256M) 14.628ms
[473.031s][info][gc,cpu      ] GC(973) User=0.03s Sys=0.00s Real=0.02s
[473.386s][info][gc,start    ] GC(974) Pause Young (Mixed) (G1 Evacuation Pause)
[473.386s][info][gc,task     ] GC(974) Using 2 workers of 2 for evacuation
[473.399s][info][gc,phases   ] GC(974)   Pre Evacuate Collection Set: 0.18ms
[473.399s][info][gc,phases   ] GC(974)   Merge Heap Roots: 0.08ms
[473.399s][info][gc,phases   ] GC(974)   Evacuate Collection Set: 11.57ms
[473.399s][info][gc,phases   ] GC(974)   Post Evacuate Collection Set: 0.76ms
[473.399s][info][gc,phases   ] GC(974)   Other: 0.09ms
[473.399s][info][gc,heap     ] GC(974) Eden regions: 45->0(188)
[473.399s][info][gc,heap     ] GC(974) Survivor regions: 13->5(20)
[473.399s][info][gc,heap     ] GC(974) Old regions: 61->60
[473.399s][info][gc,heap     ] GC(974) Humongous regions: 193->3
[473.399s][info][gc,metaspace] GC(974) Metaspace: 43026K(43456K)->43026K(43456K) NonClass: 38679K(38912K)->38679K(38912K) Class: 4347K(4544K)->4347K(4544K)
[473.399s][info][gc          ] GC(974) Pause Young (Mixed) (G1 Evacuation Pause) 311M->67M(322M) 12.927ms
[473.399s][info][gc,cpu      ] GC(974) User=0.02s Sys=0.00s Real=0.02s
[473.403s][info][gc,start    ] GC(975) Pause Young (Concurrent Start) (G1 Humongous Allocation)
[473.403s][info][gc,task     ] GC(975) Using 2 workers of 2 for evacuation
[473.408s][info][gc,phases   ] GC(975)   Pre Evacuate Collection Set: 0.21ms
[473.408s][info][gc,phases   ] GC(975)   Merge Heap Roots: 0.07ms
[473.408s][info][gc,phases   ] GC(975)   Evacuate Collection Set: 3.98ms
[473.408s][info][gc,phases   ] GC(975)   Post Evacuate Collection Set: 0.26ms
[473.408s][info][gc,phases   ] GC(975)   Other: 0.12ms
[473.408s][info][gc,heap     ] GC(975) Eden regions: 1->0(188)
[473.408s][info][gc,heap     ] GC(975) Survivor regions: 5->5(25)
[473.408s][info][gc,heap     ] GC(975) Old regions: 60->60
[473.408s][info][gc,heap     ] GC(975) Humongous regions: 3->1
[473.408s][info][gc,metaspace] GC(975) Metaspace: 43026K(43456K)->43026K(43456K) NonClass: 38679K(38912K)->38679K(38912K) Class: 4347K(4544K)->4347K(4544K)
[473.408s][info][gc          ] GC(975) Pause Young (Concurrent Start) (G1 Humongous Allocation) 68M->65M(322M) 4.792ms
[473.408s][info][gc,cpu      ] GC(975) User=0.01s Sys=0.01s Real=0.00s
[473.408s][info][gc          ] GC(976) Concurrent Mark Cycle
[473.408s][info][gc,marking  ] GC(976) Concurrent Scan Root Regions
[473.410s][info][gc,marking  ] GC(976) Concurrent Scan Root Regions 2.653ms
[473.411s][info][gc,marking  ] GC(976) Concurrent Mark
[473.411s][info][gc,marking  ] GC(976) Concurrent Mark From Roots
[473.411s][info][gc,task     ] GC(976) Using 1 workers of 1 for marking
[473.486s][info][gc,marking  ] GC(976) Concurrent Mark From Roots 75.104ms
[473.486s][info][gc,marking  ] GC(976) Concurrent Preclean
[473.486s][info][gc,marking  ] GC(976) Concurrent Preclean 0.097ms
[473.486s][info][gc,start    ] GC(976) Pause Remark
[473.503s][info][gc          ] GC(976) Pause Remark 129M->129M(322M) 17.518ms
[473.503s][info][gc,cpu      ] GC(976) User=0.03s Sys=0.00s Real=0.02s
[473.504s][info][gc,marking  ] GC(976) Concurrent Mark 93.025ms
[473.504s][info][gc,marking  ] GC(976) Concurrent Rebuild Remembered Sets and Scrub Regions
[473.538s][info][gc,marking  ] GC(976) Concurrent Rebuild Remembered Sets and Scrub Regions 34.774ms
[473.538s][info][gc,start    ] GC(976) Pause Cleanup
[473.538s][info][gc          ] GC(976) Pause Cleanup 151M->151M(322M) 0.053ms
[473.538s][info][gc,cpu      ] GC(976) User=0.00s Sys=0.00s Real=0.00s
[473.539s][info][gc,marking  ] GC(976) Concurrent Clear Claimed Marks
[473.539s][info][gc,marking  ] GC(976) Concurrent Clear Claimed Marks 0.040ms
[473.539s][info][gc,marking  ] GC(976) Concurrent Cleanup for Next Mark
[473.540s][info][gc,marking  ] GC(976) Concurrent Cleanup for Next Mark 1.564ms
[473.540s][info][gc          ] GC(976) Concurrent Mark Cycle 132.385ms
[473.931s][info][gc,start    ] GC(977) Pause Young (Prepare Mixed) (G1 Evacuation Pause)
[473.931s][info][gc,task     ] GC(977) Using 2 workers of 2 for evacuation
[473.942s][info][gc,phases   ] GC(977)   Pre Evacuate Collection Set: 0.27ms
[473.942s][info][gc,phases   ] GC(977)   Merge Heap Roots: 0.07ms
[473.942s][info][gc,phases   ] GC(977)   Evacuate Collection Set: 10.03ms
[473.942s][info][gc,phases   ] GC(977)   Post Evacuate Collection Set: 0.91ms
[473.942s][info][gc,phases   ] GC(977)   Other: 0.10ms
[473.942s][info][gc,heap     ] GC(977) Eden regions: 48->0(248)
[473.942s][info][gc,heap     ] GC(977) Survivor regions: 5->8(27)
[473.942s][info][gc,heap     ] GC(977) Old regions: 60->60
[473.942s][info][gc,heap     ] GC(977) Humongous regions: 307->3
[473.942s][info][gc,metaspace] GC(977) Metaspace: 43029K(43456K)->43029K(43456K) NonClass: 38681K(38912K)->38681K(38912K) Class: 4347K(4544K)->4347K(4544K)
[473.942s][info][gc          ] GC(977) Pause Young (Prepare Mixed) (G1 Evacuation Pause) 419M->70M(428M) 11.574ms
[473.942s][info][gc,cpu      ] GC(977) User=0.02s Sys=0.00s Real=0.01s
[474.564s][info][gc,start    ] GC(978) Pause Young (Mixed) (G1 Evacuation Pause)
[474.565s][info][gc,task     ] GC(978) Using 2 workers of 2 for evacuation
[474.594s][info][gc,phases   ] GC(978)   Pre Evacuate Collection Set: 0.37ms
[474.594s][info][gc,phases   ] GC(978)   Merge Heap Roots: 0.19ms
[474.594s][info][gc,phases   ] GC(978)   Evacuate Collection Set: 27.54ms
[474.594s][info][gc,phases   ] GC(978)   Post Evacuate Collection Set: 0.86ms
[474.594s][info][gc,phases   ] GC(978)   Other: 0.07ms
[474.594s][info][gc,heap     ] GC(978) Eden regions: 67->0(303)
[474.594s][info][gc,heap     ] GC(978) Survivor regions: 8->15(36)
[474.594s][info][gc,heap     ] GC(978) Old regions: 60->56
[474.594s][info][gc,heap     ] GC(978) Humongous regions: 379->3
[474.594s][info][gc,metaspace] GC(978) Metaspace: 43029K(43456K)->43029K(43456K) NonClass: 38681K(38912K)->38681K(38912K) Class: 4347K(4544K)->4347K(4544K)
[474.594s][info][gc          ] GC(978) Pause Young (Mixed) (G1 Evacuation Pause) 512M->73M(531M) 29.245ms
[474.594s][info][gc,cpu      ] GC(978) User=0.04s Sys=0.01s Real=0.03s
[474.596s][info][gc,start    ] GC(979) Pause Young (Concurrent Start) (G1 Humongous Allocation)
[474.596s][info][gc,task     ] GC(979) Using 2 workers of 2 for evacuation
[474.611s][info][gc,phases   ] GC(979)   Pre Evacuate Collection Set: 0.24ms
[474.611s][info][gc,phases   ] GC(979)   Merge Heap Roots: 0.05ms
[474.611s][info][gc,phases   ] GC(979)   Evacuate Collection Set: 13.79ms
[474.611s][info][gc,phases   ] GC(979)   Post Evacuate Collection Set: 0.31ms
[474.611s][info][gc,phases   ] GC(979)   Other: 0.13ms
[474.611s][info][gc,heap     ] GC(979) Eden regions: 1->0(303)
[474.611s][info][gc,heap     ] GC(979) Survivor regions: 15->15(40)
[474.611s][info][gc,heap     ] GC(979) Old regions: 56->56
[474.611s][info][gc,heap     ] GC(979) Humongous regions: 3->1
[474.611s][info][gc,metaspace] GC(979) Metaspace: 43029K(43456K)->43029K(43456K) NonClass: 38681K(38912K)->38681K(38912K) Class: 4347K(4544K)->4347K(4544K)
[474.611s][info][gc          ] GC(979) Pause Young (Concurrent Start) (G1 Humongous Allocation) 74M->71M(531M) 14.698ms
[474.611s][info][gc,cpu      ] GC(979) User=0.03s Sys=0.00s Real=0.02s
[474.611s][info][gc          ] GC(980) Concurrent Mark Cycle
[474.611s][info][gc,marking  ] GC(980) Concurrent Scan Root Regions
[474.621s][info][gc,marking  ] GC(980) Concurrent Scan Root Regions 10.146ms
[474.621s][info][gc,marking  ] GC(980) Concurrent Mark
[474.621s][info][gc,marking  ] GC(980) Concurrent Mark From Roots
[474.621s][info][gc,task     ] GC(980) Using 1 workers of 1 for marking
[474.697s][info][gc,marking  ] GC(980) Concurrent Mark From Roots 75.578ms
[474.697s][info][gc,marking  ] GC(980) Concurrent Preclean
[474.697s][info][gc,marking  ] GC(980) Concurrent Preclean 0.096ms
[474.697s][info][gc,start    ] GC(980) Pause Remark
[474.714s][info][gc          ] GC(980) Pause Remark 129M->129M(400M) 17.427ms
[474.714s][info][gc,cpu      ] GC(980) User=0.04s Sys=0.00s Real=0.02s
[474.714s][info][gc,marking  ] GC(980) Concurrent Mark 93.420ms
[474.714s][info][gc,marking  ] GC(980) Concurrent Rebuild Remembered Sets and Scrub Regions
[474.747s][info][gc,marking  ] GC(980) Concurrent Rebuild Remembered Sets and Scrub Regions 32.712ms
[474.747s][info][gc,start    ] GC(980) Pause Cleanup
[474.747s][info][gc          ] GC(980) Pause Cleanup 149M->149M(400M) 0.058ms
[474.747s][info][gc,cpu      ] GC(980) User=0.00s Sys=0.00s Real=0.00s
[474.747s][info][gc,marking  ] GC(980) Concurrent Clear Claimed Marks
[474.747s][info][gc,marking  ] GC(980) Concurrent Clear Claimed Marks 0.041ms
[474.747s][info][gc,marking  ] GC(980) Concurrent Cleanup for Next Mark
[474.749s][info][gc,marking  ] GC(980) Concurrent Cleanup for Next Mark 1.953ms
[474.749s][info][gc          ] GC(980) Concurrent Mark Cycle 138.717ms
[475.276s][info][gc,start    ] GC(981) Pause Young (Prepare Mixed) (G1 Evacuation Pause)
[475.276s][info][gc,task     ] GC(981) Using 2 workers of 2 for evacuation
[475.314s][info][gc,phases   ] GC(981)   Pre Evacuate Collection Set: 0.29ms
[475.314s][info][gc,phases   ] GC(981)   Merge Heap Roots: 0.08ms
[475.314s][info][gc,phases   ] GC(981)   Evacuate Collection Set: 36.14ms
[475.314s][info][gc,phases   ] GC(981)   Post Evacuate Collection Set: 1.00ms
[475.314s][info][gc,phases   ] GC(981)   Other: 0.07ms
[475.314s][info][gc,heap     ] GC(981) Eden regions: 70->0(287)
[475.314s][info][gc,heap     ] GC(981) Survivor regions: 15->25(35)
[475.314s][info][gc,heap     ] GC(981) Old regions: 56->56
[475.314s][info][gc,heap     ] GC(981) Humongous regions: 355->3
[475.314s][info][gc,metaspace] GC(981) Metaspace: 43031K(43456K)->43031K(43456K) NonClass: 38684K(38912K)->38684K(38912K) Class: 4347K(4544K)->4347K(4544K)
[475.314s][info][gc          ] GC(981) Pause Young (Prepare Mixed) (G1 Evacuation Pause) 495M->83M(521M) 37.777ms
[475.314s][info][gc,cpu      ] GC(981) User=0.05s Sys=0.02s Real=0.04s
[476.261s][info][gc,start    ] GC(982) Pause Young (Mixed) (G1 Evacuation Pause)
[476.261s][info][gc,task     ] GC(982) Using 2 workers of 2 for evacuation
[476.281s][info][gc,phases   ] GC(982)   Pre Evacuate Collection Set: 0.25ms
[476.281s][info][gc,phases   ] GC(982)   Merge Heap Roots: 0.16ms
[476.281s][info][gc,phases   ] GC(982)   Evacuate Collection Set: 18.14ms
[476.281s][info][gc,phases   ] GC(982)   Post Evacuate Collection Set: 0.79ms
[476.281s][info][gc,phases   ] GC(982)   Other: 0.08ms
[476.281s][info][gc,heap     ] GC(982) Eden regions: 281->0(311)
[476.281s][info][gc,heap     ] GC(982) Survivor regions: 25->10(39)
[476.281s][info][gc,heap     ] GC(982) Old regions: 56->55
[476.281s][info][gc,heap     ] GC(982) Humongous regions: 159->1
[476.281s][info][gc,metaspace] GC(982) Metaspace: 43032K(43456K)->43032K(43456K) NonClass: 38685K(38912K)->38685K(38912K) Class: 4347K(4544K)->4347K(4544K)
[476.281s][info][gc          ] GC(982) Pause Young (Mixed) (G1 Evacuation Pause) 520M->64M(535M) 19.631ms
[476.281s][info][gc,cpu      ] GC(982) User=0.03s Sys=0.00s Real=0.02s
[477.018s][info][gc,start    ] GC(983) Pause Young (Concurrent Start) (G1 Evacuation Pause)
[477.018s][info][gc,task     ] GC(983) Using 2 workers of 2 for evacuation
[477.025s][info][gc,phases   ] GC(983)   Pre Evacuate Collection Set: 0.26ms
[477.025s][info][gc,phases   ] GC(983)   Merge Heap Roots: 0.09ms
[477.025s][info][gc,phases   ] GC(983)   Evacuate Collection Set: 5.67ms
[477.025s][info][gc,phases   ] GC(983)   Post Evacuate Collection Set: 0.57ms
[477.025s][info][gc,phases   ] GC(983)   Other: 0.12ms
[477.025s][info][gc,heap     ] GC(983) Eden regions: 311->0(313)
[477.025s][info][gc,heap     ] GC(983) Survivor regions: 10->8(41)
[477.025s][info][gc,heap     ] GC(983) Old regions: 55->55
[477.025s][info][gc,heap     ] GC(983) Humongous regions: 1->1
[477.025s][info][gc,metaspace] GC(983) Metaspace: 43046K(43456K)->43046K(43456K) NonClass: 38698K(38912K)->38698K(38912K) Class: 4347K(4544K)->4347K(4544K)
[477.025s][info][gc          ] GC(983) Pause Young (Concurrent Start) (G1 Evacuation Pause) 375M->62M(535M) 6.933ms
[477.025s][info][gc,cpu      ] GC(983) User=0.01s Sys=0.00s Real=0.01s
[477.025s][info][gc          ] GC(984) Concurrent Mark Cycle
[477.025s][info][gc,marking  ] GC(984) Concurrent Scan Root Regions
[477.033s][info][gc,marking  ] GC(984) Concurrent Scan Root Regions 7.327ms
[477.033s][info][gc,marking  ] GC(984) Concurrent Mark
[477.033s][info][gc,marking  ] GC(984) Concurrent Mark From Roots
[477.033s][info][gc,task     ] GC(984) Using 1 workers of 1 for marking
[477.122s][info][gc,marking  ] GC(984) Concurrent Mark From Roots 89.242ms
[477.122s][info][gc,marking  ] GC(984) Concurrent Preclean
[477.122s][info][gc,marking  ] GC(984) Concurrent Preclean 0.097ms
[477.122s][info][gc,start    ] GC(984) Pause Remark
[477.140s][info][gc          ] GC(984) Pause Remark 90M->88M(256M) 17.485ms
[477.140s][info][gc,cpu      ] GC(984) User=0.04s Sys=0.00s Real=0.02s
[477.140s][info][gc,marking  ] GC(984) Concurrent Mark 107.129ms
[477.140s][info][gc,marking  ] GC(984) Concurrent Rebuild Remembered Sets and Scrub Regions
[477.169s][info][gc,marking  ] GC(984) Concurrent Rebuild Remembered Sets and Scrub Regions 29.710ms
[477.170s][info][gc,start    ] GC(984) Pause Cleanup
[477.170s][info][gc          ] GC(984) Pause Cleanup 96M->96M(256M) 0.046ms
[477.170s][info][gc,cpu      ] GC(984) User=0.00s Sys=0.00s Real=0.00s
[477.170s][info][gc,marking  ] GC(984) Concurrent Clear Claimed Marks
[477.170s][info][gc,marking  ] GC(984) Concurrent Clear Claimed Marks 0.038ms
[477.170s][info][gc,marking  ] GC(984) Concurrent Cleanup for Next Mark
[477.170s][info][gc,marking  ] GC(984) Concurrent Cleanup for Next Mark 0.783ms
[477.171s][info][gc          ] GC(984) Concurrent Mark Cycle 145.378ms
[477.454s][info][gc,start    ] GC(985) Pause Young (Prepare Mixed) (G1 Evacuation Pause)
[477.454s][info][gc,task     ] GC(985) Using 2 workers of 2 for evacuation
[477.461s][info][gc,phases   ] GC(985)   Pre Evacuate Collection Set: 0.27ms
[477.461s][info][gc,phases   ] GC(985)   Merge Heap Roots: 0.09ms
[477.461s][info][gc,phases   ] GC(985)   Evacuate Collection Set: 6.45ms
[477.461s][info][gc,phases   ] GC(985)   Post Evacuate Collection Set: 0.56ms
[477.461s][info][gc,phases   ] GC(985)   Other: 0.09ms
[477.461s][info][gc,heap     ] GC(985) Eden regions: 145->0(144)
[477.461s][info][gc,heap     ] GC(985) Survivor regions: 8->9(20)
[477.461s][info][gc,heap     ] GC(985) Old regions: 53->53
[477.461s][info][gc,heap     ] GC(985) Humongous regions: 1->1
[477.461s][info][gc,metaspace] GC(985) Metaspace: 43048K(43456K)->43048K(43456K) NonClass: 38701K(38912K)->38701K(38912K) Class: 4347K(4544K)->4347K(4544K)
[477.461s][info][gc          ] GC(985) Pause Young (Prepare Mixed) (G1 Evacuation Pause) 205M->61M(256M) 7.670ms
[477.461s][info][gc,cpu      ] GC(985) User=0.02s Sys=0.00s Real=0.01s
[477.797s][info][gc,start    ] GC(986) Pause Young (Mixed) (G1 Evacuation Pause)
[477.797s][info][gc,task     ] GC(986) Using 2 workers of 2 for evacuation
[477.807s][info][gc,phases   ] GC(986)   Pre Evacuate Collection Set: 0.15ms
[477.807s][info][gc,phases   ] GC(986)   Merge Heap Roots: 0.09ms
[477.807s][info][gc,phases   ] GC(986)   Evacuate Collection Set: 9.82ms
[477.807s][info][gc,phases   ] GC(986)   Post Evacuate Collection Set: 0.55ms
[477.807s][info][gc,phases   ] GC(986)   Other: 0.07ms
[477.807s][info][gc,heap     ] GC(986) Eden regions: 144->0(142)
[477.808s][info][gc,heap     ] GC(986) Survivor regions: 9->11(20)
[477.808s][info][gc,heap     ] GC(986) Old regions: 53->50
[477.808s][info][gc,heap     ] GC(986) Humongous regions: 1->1
[477.808s][info][gc,metaspace] GC(986) Metaspace: 43048K(43456K)->43048K(43456K) NonClass: 38701K(38912K)->38701K(38912K) Class: 4347K(4544K)->4347K(4544K)
[477.808s][info][gc          ] GC(986) Pause Young (Mixed) (G1 Evacuation Pause) 205M->60M(256M) 10.891ms
[477.808s][info][gc,cpu      ] GC(986) User=0.02s Sys=0.00s Real=0.01s
[478.216s][info][gc,start    ] GC(987) Pause Young (Concurrent Start) (G1 Evacuation Pause)
[478.216s][info][gc,task     ] GC(987) Using 2 workers of 2 for evacuation
[478.223s][info][gc,phases   ] GC(987)   Pre Evacuate Collection Set: 0.18ms
[478.224s][info][gc,phases   ] GC(987)   Merge Heap Roots: 0.08ms
[478.224s][info][gc,phases   ] GC(987)   Evacuate Collection Set: 6.20ms
[478.224s][info][gc,phases   ] GC(987)   Post Evacuate Collection Set: 0.48ms
[478.224s][info][gc,phases   ] GC(987)   Other: 0.09ms
[478.224s][info][gc,heap     ] GC(987) Eden regions: 142->0(143)
[478.224s][info][gc,heap     ] GC(987) Survivor regions: 11->10(20)
[478.224s][info][gc,heap     ] GC(987) Old regions: 50->51
[478.224s][info][gc,heap     ] GC(987) Humongous regions: 1->1
[478.224s][info][gc,metaspace] GC(987) Metaspace: 43049K(43456K)->43049K(43456K) NonClass: 38701K(38912K)->38701K(38912K) Class: 4348K(4544K)->4348K(4544K)
[478.224s][info][gc          ] GC(987) Pause Young (Concurrent Start) (G1 Evacuation Pause) 202M->60M(256M) 7.244ms
[478.224s][info][gc,cpu      ] GC(987) User=0.01s Sys=0.00s Real=0.01s
[478.224s][info][gc          ] GC(988) Concurrent Mark Cycle
[478.224s][info][gc,marking  ] GC(988) Concurrent Scan Root Regions
[478.228s][info][gc,marking  ] GC(988) Concurrent Scan Root Regions 4.167ms
[478.228s][info][gc,marking  ] GC(988) Concurrent Mark
[478.228s][info][gc,marking  ] GC(988) Concurrent Mark From Roots
[478.228s][info][gc,task     ] GC(988) Using 1 workers of 1 for marking
[478.308s][info][gc,marking  ] GC(988) Concurrent Mark From Roots 80.261ms
[478.308s][info][gc,marking  ] GC(988) Concurrent Preclean
[478.308s][info][gc,marking  ] GC(988) Concurrent Preclean 0.100ms
[478.309s][info][gc,start    ] GC(988) Pause Remark
[478.326s][info][gc          ] GC(988) Pause Remark 87M->87M(256M) 17.423ms
[478.326s][info][gc,cpu      ] GC(988) User=0.03s Sys=0.00s Real=0.02s
[478.326s][info][gc,marking  ] GC(988) Concurrent Mark 98.134ms
[478.326s][info][gc,marking  ] GC(988) Concurrent Rebuild Remembered Sets and Scrub Regions
[478.356s][info][gc,marking  ] GC(988) Concurrent Rebuild Remembered Sets and Scrub Regions 29.974ms
[478.356s][info][gc,start    ] GC(988) Pause Cleanup
[478.356s][info][gc          ] GC(988) Pause Cleanup 97M->97M(256M) 0.046ms
[478.356s][info][gc,cpu      ] GC(988) User=0.00s Sys=0.00s Real=0.00s
[478.356s][info][gc,marking  ] GC(988) Concurrent Clear Claimed Marks
[478.356s][info][gc,marking  ] GC(988) Concurrent Clear Claimed Marks 0.038ms
[478.356s][info][gc,marking  ] GC(988) Concurrent Cleanup for Next Mark
[478.357s][info][gc,marking  ] GC(988) Concurrent Cleanup for Next Mark 0.769ms
[478.357s][info][gc          ] GC(988) Concurrent Mark Cycle 133.433ms
[478.626s][info][gc,start    ] GC(989) Pause Young (Prepare Mixed) (G1 Evacuation Pause)
[478.626s][info][gc,task     ] GC(989) Using 2 workers of 2 for evacuation
[478.635s][info][gc,phases   ] GC(989)   Pre Evacuate Collection Set: 0.16ms
[478.635s][info][gc,phases   ] GC(989)   Merge Heap Roots: 0.08ms
[478.635s][info][gc,phases   ] GC(989)   Evacuate Collection Set: 7.74ms
[478.635s][info][gc,phases   ] GC(989)   Post Evacuate Collection Set: 0.64ms
[478.635s][info][gc,phases   ] GC(989)   Other: 0.14ms
[478.635s][info][gc,heap     ] GC(989) Eden regions: 143->0(140)
[478.635s][info][gc,heap     ] GC(989) Survivor regions: 10->13(20)
[478.635s][info][gc,heap     ] GC(989) Old regions: 51->51
[478.635s][info][gc,heap     ] GC(989) Humongous regions: 1->1
[478.635s][info][gc,metaspace] GC(989) Metaspace: 43050K(43456K)->43050K(43456K) NonClass: 38702K(38912K)->38702K(38912K) Class: 4348K(4544K)->4348K(4544K)
[478.635s][info][gc          ] GC(989) Pause Young (Prepare Mixed) (G1 Evacuation Pause) 203M->62M(256M) 8.982ms
[478.635s][info][gc,cpu      ] GC(989) User=0.01s Sys=0.00s Real=0.01s
[479.176s][info][gc,start    ] GC(990) Pause Young (Mixed) (G1 Evacuation Pause)
[479.176s][info][gc,task     ] GC(990) Using 2 workers of 2 for evacuation
[479.185s][info][gc,phases   ] GC(990)   Pre Evacuate Collection Set: 0.16ms
[479.186s][info][gc,phases   ] GC(990)   Merge Heap Roots: 0.13ms
[479.186s][info][gc,phases   ] GC(990)   Evacuate Collection Set: 8.90ms
[479.186s][info][gc,phases   ] GC(990)   Post Evacuate Collection Set: 0.54ms
[479.186s][info][gc,phases   ] GC(990)   Other: 0.07ms
[479.186s][info][gc,heap     ] GC(990) Eden regions: 140->0(148)
[479.186s][info][gc,heap     ] GC(990) Survivor regions: 13->5(20)
[479.186s][info][gc,heap     ] GC(990) Old regions: 51->50
[479.186s][info][gc,heap     ] GC(990) Humongous regions: 1->1
[479.186s][info][gc,metaspace] GC(990) Metaspace: 43050K(43456K)->43050K(43456K) NonClass: 38702K(38912K)->38702K(38912K) Class: 4348K(4544K)->4348K(4544K)
[479.186s][info][gc          ] GC(990) Pause Young (Mixed) (G1 Evacuation Pause) 202M->55M(256M) 9.979ms
[479.186s][info][gc,cpu      ] GC(990) User=0.01s Sys=0.00s Real=0.01s
[479.686s][info][gc,start    ] GC(991) Pause Young (Concurrent Start) (G1 Humongous Allocation)
[479.686s][info][gc,task     ] GC(991) Using 2 workers of 2 for evacuation
[479.690s][info][gc,phases   ] GC(991)   Pre Evacuate Collection Set: 0.19ms
[479.690s][info][gc,phases   ] GC(991)   Merge Heap Roots: 0.06ms
[479.690s][info][gc,phases   ] GC(991)   Evacuate Collection Set: 3.16ms
[479.690s][info][gc,phases   ] GC(991)   Post Evacuate Collection Set: 0.34ms
[479.690s][info][gc,phases   ] GC(991)   Other: 0.08ms
[479.690s][info][gc,heap     ] GC(991) Eden regions: 57->0(149)
[479.690s][info][gc,heap     ] GC(991) Survivor regions: 5->4(20)
[479.690s][info][gc,heap     ] GC(991) Old regions: 50->50
[479.690s][info][gc,heap     ] GC(991) Humongous regions: 1->1
[479.690s][info][gc,metaspace] GC(991) Metaspace: 43053K(43456K)->43053K(43456K) NonClass: 38705K(38912K)->38705K(38912K) Class: 4348K(4544K)->4348K(4544K)
[479.690s][info][gc          ] GC(991) Pause Young (Concurrent Start) (G1 Humongous Allocation) 112M->54M(256M) 3.995ms
[479.690s][info][gc,cpu      ] GC(991) User=0.01s Sys=0.00s Real=0.01s
[479.690s][info][gc          ] GC(992) Concurrent Mark Cycle
[479.690s][info][gc,marking  ] GC(992) Concurrent Scan Root Regions
[479.693s][info][gc,marking  ] GC(992) Concurrent Scan Root Regions 2.693ms
[479.693s][info][gc,marking  ] GC(992) Concurrent Mark
[479.693s][info][gc,marking  ] GC(992) Concurrent Mark From Roots
[479.693s][info][gc,task     ] GC(992) Using 1 workers of 1 for marking
[479.809s][info][gc,marking  ] GC(992) Concurrent Mark From Roots 116.091ms
[479.809s][info][gc,marking  ] GC(992) Concurrent Preclean
[479.809s][info][gc,marking  ] GC(992) Concurrent Preclean 0.270ms
[479.809s][info][gc,start    ] GC(992) Pause Remark
[479.836s][info][gc          ] GC(992) Pause Remark 70M->70M(256M) 26.947ms
[479.836s][info][gc,cpu      ] GC(992) User=0.04s Sys=0.00s Real=0.02s
[479.836s][info][gc,marking  ] GC(992) Concurrent Mark 143.675ms
[479.836s][info][gc,marking  ] GC(992) Concurrent Rebuild Remembered Sets and Scrub Regions
[479.877s][info][gc,marking  ] GC(992) Concurrent Rebuild Remembered Sets and Scrub Regions 40.300ms
[479.877s][info][gc,start    ] GC(992) Pause Cleanup
[479.877s][info][gc          ] GC(992) Pause Cleanup 76M->76M(256M) 0.043ms
[479.877s][info][gc,cpu      ] GC(992) User=0.00s Sys=0.00s Real=0.00s
[479.877s][info][gc,marking  ] GC(992) Concurrent Clear Claimed Marks
[479.877s][info][gc,marking  ] GC(992) Concurrent Clear Claimed Marks 0.036ms
[479.877s][info][gc,marking  ] GC(992) Concurrent Cleanup for Next Mark
[479.879s][info][gc,marking  ] GC(992) Concurrent Cleanup for Next Mark 2.126ms
[479.879s][info][gc          ] GC(992) Concurrent Mark Cycle 189.124ms
[480.624s][info][gc,start    ] GC(993) Pause Young (Prepare Mixed) (G1 Evacuation Pause)
[480.624s][info][gc,task     ] GC(993) Using 2 workers of 2 for evacuation
[480.639s][info][gc,phases   ] GC(993)   Pre Evacuate Collection Set: 0.17ms
[480.639s][info][gc,phases   ] GC(993)   Merge Heap Roots: 0.73ms
[480.639s][info][gc,phases   ] GC(993)   Evacuate Collection Set: 12.85ms
[480.639s][info][gc,phases   ] GC(993)   Post Evacuate Collection Set: 0.58ms
[480.639s][info][gc,phases   ] GC(993)   Other: 0.10ms
[480.639s][info][gc,heap     ] GC(993) Eden regions: 149->0(140)
[480.639s][info][gc,heap     ] GC(993) Survivor regions: 4->13(20)
[480.639s][info][gc,heap     ] GC(993) Old regions: 50->50
[480.639s][info][gc,heap     ] GC(993) Humongous regions: 13->3
[480.639s][info][gc,metaspace] GC(993) Metaspace: 43056K(43456K)->43056K(43456K) NonClass: 38708K(38912K)->38708K(38912K) Class: 4348K(4544K)->4348K(4544K)
[480.639s][info][gc          ] GC(993) Pause Young (Prepare Mixed) (G1 Evacuation Pause) 215M->65M(256M) 14.607ms
[480.639s][info][gc,cpu      ] GC(993) User=0.02s Sys=0.00s Real=0.01s
[480.998s][info][gc,start    ] GC(994) Pause Young (Mixed) (G1 Evacuation Pause)
[480.998s][info][gc,task     ] GC(994) Using 2 workers of 2 for evacuation
[481.034s][info][gc,phases   ] GC(994)   Pre Evacuate Collection Set: 0.19ms
[481.034s][info][gc,phases   ] GC(994)   Merge Heap Roots: 0.27ms
[481.034s][info][gc,phases   ] GC(994)   Evacuate Collection Set: 35.23ms
[481.034s][info][gc,phases   ] GC(994)   Post Evacuate Collection Set: 0.45ms
[481.034s][info][gc,phases   ] GC(994)   Other: 0.09ms
[481.034s][info][gc,heap     ] GC(994) Eden regions: 140->0(137)
[481.034s][info][gc,heap     ] GC(994) Survivor regions: 13->16(20)
[481.034s][info][gc,heap     ] GC(994) Old regions: 50->55
[481.034s][info][gc,heap     ] GC(994) Humongous regions: 4->4
[481.034s][info][gc,metaspace] GC(994) Metaspace: 43056K(43456K)->43056K(43456K) NonClass: 38708K(38912K)->38708K(38912K) Class: 4348K(4544K)->4348K(4544K)
[481.034s][info][gc          ] GC(994) Pause Young (Mixed) (G1 Evacuation Pause) 206M->74M(256M) 36.441ms
[481.034s][info][gc,cpu      ] GC(994) User=0.07s Sys=0.00s Real=0.04s
[481.284s][info][gc,start    ] GC(995) Pause Young (Concurrent Start) (G1 Humongous Allocation)
[481.284s][info][gc,task     ] GC(995) Using 2 workers of 2 for evacuation
[481.314s][info][gc,phases   ] GC(995)   Pre Evacuate Collection Set: 0.18ms
[481.314s][info][gc,phases   ] GC(995)   Merge Heap Roots: 0.10ms
[481.314s][info][gc,phases   ] GC(995)   Evacuate Collection Set: 28.64ms
[481.314s][info][gc,phases   ] GC(995)   Post Evacuate Collection Set: 0.42ms
[481.314s][info][gc,phases   ] GC(995)   Other: 0.10ms
[481.314s][info][gc,heap     ] GC(995) Eden regions: 104->0(135)
[481.314s][info][gc,heap     ] GC(995) Survivor regions: 16->13(20)
[481.314s][info][gc,heap     ] GC(995) Old regions: 55->70
[481.314s][info][gc,heap     ] GC(995) Humongous regions: 4->4
[481.314s][info][gc,metaspace] GC(995) Metaspace: 43056K(43456K)->43056K(43456K) NonClass: 38708K(38912K)->38708K(38912K) Class: 4348K(4544K)->4348K(4544K)
[481.314s][info][gc          ] GC(995) Pause Young (Concurrent Start) (G1 Humongous Allocation) 178M->86M(256M) 29.638ms
[481.314s][info][gc,cpu      ] GC(995) User=0.06s Sys=0.00s Real=0.03s
[481.314s][info][gc          ] GC(996) Concurrent Mark Cycle
[481.314s][info][gc,marking  ] GC(996) Concurrent Scan Root Regions
[481.353s][info][gc,marking  ] GC(996) Concurrent Scan Root Regions 39.193ms
[481.353s][info][gc,marking  ] GC(996) Concurrent Mark
[481.353s][info][gc,marking  ] GC(996) Concurrent Mark From Roots
[481.353s][info][gc,task     ] GC(996) Using 1 workers of 1 for marking
[481.479s][info][gc,marking  ] GC(996) Concurrent Mark From Roots 126.118ms
[481.479s][info][gc,marking  ] GC(996) Concurrent Preclean
[481.479s][info][gc,marking  ] GC(996) Concurrent Preclean 0.079ms
[481.479s][info][gc,start    ] GC(996) Pause Remark
[481.498s][info][gc          ] GC(996) Pause Remark 119M->119M(256M) 18.664ms
[481.498s][info][gc,cpu      ] GC(996) User=0.03s Sys=0.00s Real=0.01s
[481.498s][info][gc,marking  ] GC(996) Concurrent Mark 145.139ms
[481.498s][info][gc,marking  ] GC(996) Concurrent Rebuild Remembered Sets and Scrub Regions
[481.573s][info][gc,marking  ] GC(996) Concurrent Rebuild Remembered Sets and Scrub Regions 75.044ms
[481.574s][info][gc,start    ] GC(996) Pause Cleanup
[481.574s][info][gc          ] GC(996) Pause Cleanup 137M->137M(256M) 0.048ms
[481.574s][info][gc,cpu      ] GC(996) User=0.00s Sys=0.00s Real=0.00s
[481.574s][info][gc,marking  ] GC(996) Concurrent Clear Claimed Marks
[481.574s][info][gc,marking  ] GC(996) Concurrent Clear Claimed Marks 0.040ms
[481.574s][info][gc,marking  ] GC(996) Concurrent Cleanup for Next Mark
[481.574s][info][gc,marking  ] GC(996) Concurrent Cleanup for Next Mark 0.761ms
[481.574s][info][gc          ] GC(996) Concurrent Mark Cycle 260.625ms
[481.793s][info][gc,start    ] GC(997) Pause Young (Prepare Mixed) (G1 Evacuation Pause)
[481.793s][info][gc,task     ] GC(997) Using 2 workers of 2 for evacuation
[481.824s][info][gc,phases   ] GC(997)   Pre Evacuate Collection Set: 0.15ms
[481.824s][info][gc,phases   ] GC(997)   Merge Heap Roots: 0.10ms
[481.824s][info][gc,phases   ] GC(997)   Evacuate Collection Set: 30.36ms
[481.824s][info][gc,phases   ] GC(997)   Post Evacuate Collection Set: 0.43ms
[481.824s][info][gc,phases   ] GC(997)   Other: 0.09ms
[481.824s][info][gc,heap     ] GC(997) Eden regions: 135->0(121)
[481.824s][info][gc,heap     ] GC(997) Survivor regions: 13->15(19)
[481.824s][info][gc,heap     ] GC(997) Old regions: 70->82
[481.824s][info][gc,heap     ] GC(997) Humongous regions: 6->6
[481.824s][info][gc,metaspace] GC(997) Metaspace: 43056K(43456K)->43056K(43456K) NonClass: 38708K(38912K)->38708K(38912K) Class: 4348K(4544K)->4348K(4544K)
[481.824s][info][gc          ] GC(997) Pause Young (Prepare Mixed) (G1 Evacuation Pause) 223M->102M(256M) 31.311ms
[481.824s][info][gc,cpu      ] GC(997) User=0.06s Sys=0.00s Real=0.03s
[482.081s][info][gc,start    ] GC(998) Pause Young (Mixed) (G1 Evacuation Pause)
[482.081s][info][gc,task     ] GC(998) Using 2 workers of 2 for evacuation
[482.113s][info][gc,phases   ] GC(998)   Pre Evacuate Collection Set: 0.15ms
[482.113s][info][gc,phases   ] GC(998)   Merge Heap Roots: 0.12ms
[482.113s][info][gc,phases   ] GC(998)   Evacuate Collection Set: 30.47ms
[482.113s][info][gc,phases   ] GC(998)   Post Evacuate Collection Set: 0.48ms
[482.113s][info][gc,phases   ] GC(998)   Other: 0.07ms
[482.113s][info][gc,heap     ] GC(998) Eden regions: 121->0(118)
[482.113s][info][gc,heap     ] GC(998) Survivor regions: 15->13(17)
[482.113s][info][gc,heap     ] GC(998) Old regions: 82->87
[482.113s][info][gc,heap     ] GC(998) Humongous regions: 7->6
[482.113s][info][gc,metaspace] GC(998) Metaspace: 43056K(43456K)->43056K(43456K) NonClass: 38708K(38912K)->38708K(38912K) Class: 4348K(4544K)->4348K(4544K)
[482.113s][info][gc          ] GC(998) Pause Young (Mixed) (G1 Evacuation Pause) 224M->105M(256M) 31.479ms
[482.113s][info][gc,cpu      ] GC(998) User=0.06s Sys=0.00s Real=0.03s
[482.217s][info][gc,start    ] GC(999) Pause Young (Concurrent Start) (G1 Humongous Allocation)
[482.217s][info][gc,task     ] GC(999) Using 2 workers of 2 for evacuation
[482.240s][info][gc,phases   ] GC(999)   Pre Evacuate Collection Set: 0.18ms
[482.240s][info][gc,phases   ] GC(999)   Merge Heap Roots: 0.08ms
[482.240s][info][gc,phases   ] GC(999)   Evacuate Collection Set: 22.01ms
[482.240s][info][gc,phases   ] GC(999)   Post Evacuate Collection Set: 0.34ms
[482.240s][info][gc,phases   ] GC(999)   Other: 0.12ms
[482.240s][info][gc,heap     ] GC(999) Eden regions: 45->0(116)
[482.240s][info][gc,heap     ] GC(999) Survivor regions: 13->5(17)
[482.240s][info][gc,heap     ] GC(999) Old regions: 87->100
[482.240s][info][gc,heap     ] GC(999) Humongous regions: 6->6
[482.240s][info][gc,metaspace] GC(999) Metaspace: 43056K(43456K)->43056K(43456K) NonClass: 38708K(38912K)->38708K(38912K) Class: 4348K(4544K)->4348K(4544K)
[482.240s][info][gc          ] GC(999) Pause Young (Concurrent Start) (G1 Humongous Allocation) 150M->110M(256M) 22.959ms
[482.240s][info][gc,cpu      ] GC(999) User=0.04s Sys=0.00s Real=0.03s
[482.240s][info][gc          ] GC(1000) Concurrent Mark Cycle
[482.240s][info][gc,marking  ] GC(1000) Concurrent Scan Root Regions
[482.273s][info][gc,marking  ] GC(1000) Concurrent Scan Root Regions 33.206ms
[482.273s][info][gc,marking  ] GC(1000) Concurrent Mark
[482.274s][info][gc,marking  ] GC(1000) Concurrent Mark From Roots
[482.274s][info][gc,task     ] GC(1000) Using 1 workers of 1 for marking
[482.432s][info][gc,marking  ] GC(1000) Concurrent Mark From Roots 158.215ms
[482.432s][info][gc,marking  ] GC(1000) Concurrent Preclean
[482.432s][info][gc,marking  ] GC(1000) Concurrent Preclean 0.046ms
[482.432s][info][gc,start    ] GC(1000) Pause Remark
[482.450s][info][gc          ] GC(1000) Pause Remark 156M->155M(256M) 17.619ms
[482.450s][info][gc,cpu      ] GC(1000) User=0.04s Sys=0.00s Real=0.02s
[482.451s][info][gc,marking  ] GC(1000) Concurrent Mark 177.600ms
[482.451s][info][gc,marking  ] GC(1000) Concurrent Rebuild Remembered Sets and Scrub Regions
[482.527s][info][gc,marking  ] GC(1000) Concurrent Rebuild Remembered Sets and Scrub Regions 76.290ms
[482.528s][info][gc,start    ] GC(1000) Pause Cleanup
[482.528s][info][gc          ] GC(1000) Pause Cleanup 170M->170M(256M) 0.053ms
[482.528s][info][gc,cpu      ] GC(1000) User=0.00s Sys=0.00s Real=0.00s
[482.528s][info][gc,marking  ] GC(1000) Concurrent Clear Claimed Marks
[482.528s][info][gc,marking  ] GC(1000) Concurrent Clear Claimed Marks 0.041ms
[482.528s][info][gc,marking  ] GC(1000) Concurrent Cleanup for Next Mark
[482.529s][info][gc,marking  ] GC(1000) Concurrent Cleanup for Next Mark 0.802ms
[482.529s][info][gc          ] GC(1000) Concurrent Mark Cycle 288.397ms
[482.686s][info][gc,start    ] GC(1001) Pause Young (Prepare Mixed) (G1 Evacuation Pause)
[482.686s][info][gc,task     ] GC(1001) Using 2 workers of 2 for evacuation
[482.712s][info][gc,phases   ] GC(1001)   Pre Evacuate Collection Set: 0.16ms
[482.712s][info][gc,phases   ] GC(1001)   Merge Heap Roots: 0.12ms
[482.712s][info][gc,phases   ] GC(1001)   Evacuate Collection Set: 24.83ms
[482.712s][info][gc,phases   ] GC(1001)   Post Evacuate Collection Set: 0.45ms
[482.712s][info][gc,phases   ] GC(1001)   Other: 0.10ms
[482.712s][info][gc,heap     ] GC(1001) Eden regions: 116->0(99)
[482.712s][info][gc,heap     ] GC(1001) Survivor regions: 5->16(16)
[482.712s][info][gc,heap     ] GC(1001) Old regions: 100->102
[482.712s][info][gc,heap     ] GC(1001) Humongous regions: 9->9
[482.712s][info][gc,metaspace] GC(1001) Metaspace: 43056K(43456K)->43056K(43456K) NonClass: 38708K(38912K)->38708K(38912K) Class: 4348K(4544K)->4348K(4544K)
[482.712s][info][gc          ] GC(1001) Pause Young (Prepare Mixed) (G1 Evacuation Pause) (Evacuation Failure: Pinned) 229M->127M(256M) 25.859ms
[482.712s][info][gc,cpu      ] GC(1001) User=0.05s Sys=0.00s Real=0.03s
[485.644s][info][gc,start    ] GC(1002) Pause Young (Mixed) (G1 Evacuation Pause)
[485.644s][info][gc,task     ] GC(1002) Using 2 workers of 2 for evacuation
[485.676s][info][gc,phases   ] GC(1002)   Pre Evacuate Collection Set: 0.15ms
[485.676s][info][gc,phases   ] GC(1002)   Merge Heap Roots: 0.16ms
[485.676s][info][gc,phases   ] GC(1002)   Evacuate Collection Set: 29.89ms
[485.676s][info][gc,phases   ] GC(1002)   Post Evacuate Collection Set: 1.45ms
[485.676s][info][gc,phases   ] GC(1002)   Other: 0.08ms
[485.676s][info][gc,heap     ] GC(1002) Eden regions: 99->0(227)
[485.676s][info][gc,heap     ] GC(1002) Survivor regions: 16->6(15)
[485.676s][info][gc,heap     ] GC(1002) Old regions: 102->115
[485.676s][info][gc,heap     ] GC(1002) Humongous regions: 11->7
[485.676s][info][gc,metaspace] GC(1002) Metaspace: 43059K(43520K)->43059K(43520K) NonClass: 38711K(38976K)->38711K(38976K) Class: 4348K(4544K)->4348K(4544K)
[485.676s][info][gc          ] GC(1002) Pause Young (Mixed) (G1 Evacuation Pause) 227M->127M(398M) 31.920ms
[485.676s][info][gc,cpu      ] GC(1002) User=0.06s Sys=0.00s Real=0.03s
[486.269s][info][gc,start    ] GC(1003) Pause Young (Concurrent Start) (G1 Humongous Allocation)
[486.269s][info][gc,task     ] GC(1003) Using 2 workers of 2 for evacuation
[486.284s][info][gc,phases   ] GC(1003)   Pre Evacuate Collection Set: 0.22ms
[486.284s][info][gc,phases   ] GC(1003)   Merge Heap Roots: 0.10ms
[486.284s][info][gc,phases   ] GC(1003)   Evacuate Collection Set: 14.04ms
[486.284s][info][gc,phases   ] GC(1003)   Post Evacuate Collection Set: 0.44ms
[486.284s][info][gc,phases   ] GC(1003)   Other: 0.09ms
[486.284s][info][gc,heap     ] GC(1003) Eden regions: 164->0(230)
[486.284s][info][gc,heap     ] GC(1003) Survivor regions: 6->8(30)
[486.284s][info][gc,heap     ] GC(1003) Old regions: 115->115
[486.284s][info][gc,heap     ] GC(1003) Humongous regions: 7->7
[486.284s][info][gc,metaspace] GC(1003) Metaspace: 43059K(43520K)->43059K(43520K) NonClass: 38711K(38976K)->38711K(38976K) Class: 4348K(4544K)->4348K(4544K)
[486.284s][info][gc          ] GC(1003) Pause Young (Concurrent Start) (G1 Humongous Allocation) 290M->129M(398M) 15.063ms
[486.284s][info][gc          ] GC(1004) Concurrent Mark Cycle
[486.284s][info][gc,marking  ] GC(1004) Concurrent Scan Root Regions
[486.286s][info][gc,cpu      ] GC(1003) User=0.02s Sys=0.00s Real=0.02s
[486.291s][info][gc,marking  ] GC(1004) Concurrent Scan Root Regions 7.298ms
[486.291s][info][gc,marking  ] GC(1004) Concurrent Mark
[486.291s][info][gc,marking  ] GC(1004) Concurrent Mark From Roots
[486.291s][info][gc,task     ] GC(1004) Using 1 workers of 1 for marking
[486.319s][info][gc,marking  ] GC(1004) Concurrent Mark From Roots 27.223ms
[486.319s][info][gc,marking  ] GC(1004) Concurrent Preclean
[486.319s][info][gc,marking  ] GC(1004) Concurrent Preclean 0.055ms
[486.319s][info][gc,start    ] GC(1004) Pause Remark
[486.336s][info][gc          ] GC(1004) Pause Remark 143M->119M(360M) 17.382ms
[486.336s][info][gc,cpu      ] GC(1004) User=0.03s Sys=0.00s Real=0.02s
[486.336s][info][gc,marking  ] GC(1004) Concurrent Mark 44.989ms
[486.336s][info][gc,marking  ] GC(1004) Concurrent Rebuild Remembered Sets and Scrub Regions
[486.349s][info][gc,marking  ] GC(1004) Concurrent Rebuild Remembered Sets and Scrub Regions 12.177ms
[486.349s][info][gc,start    ] GC(1004) Pause Cleanup
[486.349s][info][gc          ] GC(1004) Pause Cleanup 124M->124M(360M) 0.063ms
[486.349s][info][gc,cpu      ] GC(1004) User=0.00s Sys=0.00s Real=0.00s
[486.349s][info][gc,marking  ] GC(1004) Concurrent Clear Claimed Marks
[486.349s][info][gc,marking  ] GC(1004) Concurrent Clear Claimed Marks 0.035ms
[486.349s][info][gc,marking  ] GC(1004) Concurrent Cleanup for Next Mark
[486.351s][info][gc,marking  ] GC(1004) Concurrent Cleanup for Next Mark 2.450ms
[486.351s][info][gc          ] GC(1004) Concurrent Mark Cycle 67.202ms
[486.843s][info][gc,start    ] GC(1005) Pause Young (Prepare Mixed) (G1 Evacuation Pause)
[486.843s][info][gc,task     ] GC(1005) Using 2 workers of 2 for evacuation
[486.875s][info][gc,phases   ] GC(1005)   Pre Evacuate Collection Set: 0.18ms
[486.875s][info][gc,phases   ] GC(1005)   Merge Heap Roots: 0.10ms
[486.875s][info][gc,phases   ] GC(1005)   Evacuate Collection Set: 31.27ms
[486.875s][info][gc,phases   ] GC(1005)   Post Evacuate Collection Set: 0.48ms
[486.875s][info][gc,phases   ] GC(1005)   Other: 0.08ms
[486.875s][info][gc,heap     ] GC(1005) Eden regions: 208->0(185)
[486.875s][info][gc,heap     ] GC(1005) Survivor regions: 8->27(27)
[486.875s][info][gc,heap     ] GC(1005) Old regions: 97->99
[486.875s][info][gc,heap     ] GC(1005) Humongous regions: 4->4
[486.875s][info][gc,metaspace] GC(1005) Metaspace: 43059K(43520K)->43059K(43520K) NonClass: 38711K(38976K)->38711K(38976K) Class: 4348K(4544K)->4348K(4544K)
[486.875s][info][gc          ] GC(1005) Pause Young (Prepare Mixed) (G1 Evacuation Pause) 316M->129M(360M) 32.345ms
[486.875s][info][gc,cpu      ] GC(1005) User=0.06s Sys=0.00s Real=0.03s
[487.370s][info][gc,start    ] GC(1006) Pause Young (Mixed) (G1 Evacuation Pause)
[487.370s][info][gc,task     ] GC(1006) Using 2 workers of 2 for evacuation
[487.426s][info][gc,phases   ] GC(1006)   Pre Evacuate Collection Set: 0.21ms
[487.426s][info][gc,phases   ] GC(1006)   Merge Heap Roots: 0.13ms
[487.426s][info][gc,phases   ] GC(1006)   Evacuate Collection Set: 54.79ms
[487.426s][info][gc,phases   ] GC(1006)   Post Evacuate Collection Set: 0.51ms
[487.426s][info][gc,phases   ] GC(1006)   Other: 0.10ms
[487.426s][info][gc,heap     ] GC(1006) Eden regions: 185->0(197)
[487.426s][info][gc,heap     ] GC(1006) Survivor regions: 27->22(27)
[487.426s][info][gc,heap     ] GC(1006) Old regions: 99->90
[487.426s][info][gc,heap     ] GC(1006) Humongous regions: 6->6
[487.426s][info][gc,metaspace] GC(1006) Metaspace: 43059K(43520K)->43059K(43520K) NonClass: 38711K(38976K)->38711K(38976K) Class: 4348K(4544K)->4348K(4544K)
[487.426s][info][gc          ] GC(1006) Pause Young (Mixed) (G1 Evacuation Pause) 316M->117M(366M) 55.974ms
[487.426s][info][gc,cpu      ] GC(1006) User=0.11s Sys=0.00s Real=0.05s
[487.956s][info][gc,start    ] GC(1007) Pause Young (Mixed) (G1 Evacuation Pause)
[487.956s][info][gc,task     ] GC(1007) Using 2 workers of 2 for evacuation
[488.012s][info][gc,phases   ] GC(1007)   Pre Evacuate Collection Set: 0.26ms
[488.012s][info][gc,phases   ] GC(1007)   Merge Heap Roots: 0.19ms
[488.012s][info][gc,phases   ] GC(1007)   Evacuate Collection Set: 55.03ms
[488.012s][info][gc,phases   ] GC(1007)   Post Evacuate Collection Set: 0.58ms
[488.012s][info][gc,phases   ] GC(1007)   Other: 0.07ms
[488.012s][info][gc,heap     ] GC(1007) Eden regions: 197->0(196)
[488.012s][info][gc,heap     ] GC(1007) Survivor regions: 22->23(28)
[488.012s][info][gc,heap     ] GC(1007) Old regions: 90->85
[488.012s][info][gc,heap     ] GC(1007) Humongous regions: 10->10
[488.012s][info][gc,metaspace] GC(1007) Metaspace: 43059K(43520K)->43059K(43520K) NonClass: 38711K(38976K)->38711K(38976K) Class: 4348K(4544K)->4348K(4544K)
[488.012s][info][gc          ] GC(1007) Pause Young (Mixed) (G1 Evacuation Pause) 318M->117M(366M) 56.346ms
[488.013s][info][gc,cpu      ] GC(1007) User=0.12s Sys=0.00s Real=0.06s
[488.383s][info][gc,start    ] GC(1008) Pause Young (Concurrent Start) (G1 Humongous Allocation)
[488.383s][info][gc,task     ] GC(1008) Using 2 workers of 2 for evacuation
[488.433s][info][gc,phases   ] GC(1008)   Pre Evacuate Collection Set: 0.23ms
[488.433s][info][gc,phases   ] GC(1008)   Merge Heap Roots: 0.12ms
[488.433s][info][gc,phases   ] GC(1008)   Evacuate Collection Set: 48.90ms
[488.433s][info][gc,phases   ] GC(1008)   Post Evacuate Collection Set: 0.49ms
[488.433s][info][gc,phases   ] GC(1008)   Other: 0.10ms
[488.433s][info][gc,heap     ] GC(1008) Eden regions: 93->0(173)
[488.433s][info][gc,heap     ] GC(1008) Survivor regions: 23->20(28)
[488.433s][info][gc,heap     ] GC(1008) Old regions: 85->107
[488.433s][info][gc,heap     ] GC(1008) Humongous regions: 10->10
[488.433s][info][gc,metaspace] GC(1008) Metaspace: 43059K(43520K)->43059K(43520K) NonClass: 38711K(38976K)->38711K(38976K) Class: 4348K(4544K)->4348K(4544K)
[488.433s][info][gc          ] GC(1008) Pause Young (Concurrent Start) (G1 Humongous Allocation) 209M->136M(366M) 50.073ms
[488.433s][info][gc,cpu      ] GC(1008) User=0.10s Sys=0.00s Real=0.05s
[488.433s][info][gc          ] GC(1009) Concurrent Mark Cycle
[488.434s][info][gc,marking  ] GC(1009) Concurrent Scan Root Regions
[488.482s][info][gc,marking  ] GC(1009) Concurrent Scan Root Regions 47.996ms
[488.482s][info][gc,marking  ] GC(1009) Concurrent Mark
[488.482s][info][gc,marking  ] GC(1009) Concurrent Mark From Roots
[488.482s][info][gc,task     ] GC(1009) Using 1 workers of 1 for marking
[488.581s][info][gc,marking  ] GC(1009) Concurrent Mark From Roots 99.668ms
[488.581s][info][gc,marking  ] GC(1009) Concurrent Preclean
[488.581s][info][gc,marking  ] GC(1009) Concurrent Preclean 0.040ms
[488.582s][info][gc,start    ] GC(1009) Pause Remark
[488.599s][info][gc          ] GC(1009) Pause Remark 148M->139M(366M) 17.745ms
[488.599s][info][gc,cpu      ] GC(1009) User=0.03s Sys=0.00s Real=0.02s
[488.599s][info][gc,marking  ] GC(1009) Concurrent Mark 117.787ms
[488.599s][info][gc,marking  ] GC(1009) Concurrent Rebuild Remembered Sets and Scrub Regions
[488.666s][info][gc,marking  ] GC(1009) Concurrent Rebuild Remembered Sets and Scrub Regions 66.419ms
[488.666s][info][gc,start    ] GC(1009) Pause Cleanup
[488.666s][info][gc          ] GC(1009) Pause Cleanup 146M->146M(366M) 0.057ms
[488.666s][info][gc,cpu      ] GC(1009) User=0.00s Sys=0.00s Real=0.00s
[488.666s][info][gc,marking  ] GC(1009) Concurrent Clear Claimed Marks
[488.666s][info][gc,marking  ] GC(1009) Concurrent Clear Claimed Marks 0.042ms
[488.666s][info][gc,marking  ] GC(1009) Concurrent Cleanup for Next Mark
[488.667s][info][gc,marking  ] GC(1009) Concurrent Cleanup for Next Mark 1.149ms
[488.667s][info][gc          ] GC(1009) Concurrent Mark Cycle 233.955ms
[489.799s][info][gc,start    ] GC(1010) Pause Young (Prepare Mixed) (G1 Evacuation Pause)
[489.799s][info][gc,task     ] GC(1010) Using 2 workers of 2 for evacuation
[489.832s][info][gc,phases   ] GC(1010)   Pre Evacuate Collection Set: 0.20ms
[489.832s][info][gc,phases   ] GC(1010)   Merge Heap Roots: 0.16ms
[489.832s][info][gc,phases   ] GC(1010)   Evacuate Collection Set: 32.07ms
[489.832s][info][gc,phases   ] GC(1010)   Post Evacuate Collection Set: 0.47ms
[489.832s][info][gc,phases   ] GC(1010)   Other: 0.10ms
[489.832s][info][gc,heap     ] GC(1010) Eden regions: 173->0(173)
[489.832s][info][gc,heap     ] GC(1010) Survivor regions: 20->14(25)
[489.832s][info][gc,heap     ] GC(1010) Old regions: 101->111
[489.832s][info][gc,heap     ] GC(1010) Humongous regions: 15->13
[489.832s][info][gc,metaspace] GC(1010) Metaspace: 43059K(43520K)->43059K(43520K) NonClass: 38711K(38976K)->38711K(38976K) Class: 4348K(4544K)->4348K(4544K)
[489.833s][info][gc          ] GC(1010) Pause Young (Prepare Mixed) (G1 Evacuation Pause) 308M->137M(366M) 34.316ms
[489.833s][info][gc,cpu      ] GC(1010) User=0.06s Sys=0.00s Real=0.04s
[490.815s][info][gc,start    ] GC(1011) Pause Young (Mixed) (G1 Evacuation Pause)
[490.815s][info][gc,task     ] GC(1011) Using 2 workers of 2 for evacuation
[490.829s][info][gc,phases   ] GC(1011)   Pre Evacuate Collection Set: 0.18ms
[490.829s][info][gc,phases   ] GC(1011)   Merge Heap Roots: 0.10ms
[490.829s][info][gc,phases   ] GC(1011)   Evacuate Collection Set: 12.66ms
[490.829s][info][gc,phases   ] GC(1011)   Post Evacuate Collection Set: 0.40ms
[490.829s][info][gc,phases   ] GC(1011)   Other: 0.11ms
[490.829s][info][gc,heap     ] GC(1011) Eden regions: 173->0(185)
[490.829s][info][gc,heap     ] GC(1011) Survivor regions: 14->1(24)
[490.829s][info][gc,heap     ] GC(1011) Old regions: 111->120
[490.829s][info][gc,heap     ] GC(1011) Humongous regions: 13->13
[490.829s][info][gc,metaspace] GC(1011) Metaspace: 43059K(43520K)->43059K(43520K) NonClass: 38711K(38976K)->38711K(38976K) Class: 4348K(4544K)->4348K(4544K)
[490.829s][info][gc          ] GC(1011) Pause Young (Mixed) (G1 Evacuation Pause) 310M->133M(366M) 13.629ms
[490.829s][info][gc,cpu      ] GC(1011) User=0.02s Sys=0.00s Real=0.01s
[491.971s][info][gc,start    ] GC(1012) Pause Young (Concurrent Start) (G1 Evacuation Pause)
[491.971s][info][gc,task     ] GC(1012) Using 2 workers of 2 for evacuation
[491.993s][info][gc,phases   ] GC(1012)   Pre Evacuate Collection Set: 0.22ms
[491.993s][info][gc,phases   ] GC(1012)   Merge Heap Roots: 0.08ms
[491.993s][info][gc,phases   ] GC(1012)   Evacuate Collection Set: 20.99ms
[491.993s][info][gc,phases   ] GC(1012)   Post Evacuate Collection Set: 0.41ms
[491.993s][info][gc,phases   ] GC(1012)   Other: 0.15ms
[491.993s][info][gc,heap     ] GC(1012) Eden regions: 185->0(166)
[491.993s][info][gc,heap     ] GC(1012) Survivor regions: 1->21(24)
[491.993s][info][gc,heap     ] GC(1012) Old regions: 120->120
[491.993s][info][gc,heap     ] GC(1012) Humongous regions: 13->13
[491.993s][info][gc,metaspace] GC(1012) Metaspace: 43059K(43520K)->43059K(43520K) NonClass: 38711K(38976K)->38711K(38976K) Class: 4348K(4544K)->4348K(4544K)
[491.993s][info][gc          ] GC(1012) Pause Young (Concurrent Start) (G1 Evacuation Pause) 318M->153M(366M) 22.085ms
[491.993s][info][gc          ] GC(1013) Concurrent Mark Cycle
[491.993s][info][gc,marking  ] GC(1013) Concurrent Scan Root Regions
[491.995s][info][gc,cpu      ] GC(1012) User=0.04s Sys=0.00s Real=0.02s
[492.007s][info][gc,marking  ] GC(1013) Concurrent Scan Root Regions 14.023ms
[492.007s][info][gc,marking  ] GC(1013) Concurrent Mark
[492.007s][info][gc,marking  ] GC(1013) Concurrent Mark From Roots
[492.007s][info][gc,task     ] GC(1013) Using 1 workers of 1 for marking
[492.047s][info][gc,marking  ] GC(1013) Concurrent Mark From Roots 39.951ms
[492.047s][info][gc,marking  ] GC(1013) Concurrent Preclean
[492.047s][info][gc,marking  ] GC(1013) Concurrent Preclean 0.033ms
[492.047s][info][gc,start    ] GC(1013) Pause Remark
[492.064s][info][gc          ] GC(1013) Pause Remark 162M->78M(256M) 17.173ms
[492.064s][info][gc,cpu      ] GC(1013) User=0.03s Sys=0.00s Real=0.02s
[492.064s][info][gc,marking  ] GC(1013) Concurrent Mark 57.425ms
[492.064s][info][gc,marking  ] GC(1013) Concurrent Rebuild Remembered Sets and Scrub Regions
[492.080s][info][gc,marking  ] GC(1013) Concurrent Rebuild Remembered Sets and Scrub Regions 15.176ms
[492.080s][info][gc,start    ] GC(1013) Pause Cleanup
[492.080s][info][gc          ] GC(1013) Pause Cleanup 80M->80M(256M) 0.039ms
[492.080s][info][gc,cpu      ] GC(1013) User=0.00s Sys=0.00s Real=0.00s
[492.080s][info][gc,marking  ] GC(1013) Concurrent Clear Claimed Marks
[492.080s][info][gc,marking  ] GC(1013) Concurrent Clear Claimed Marks 0.036ms
[492.080s][info][gc,marking  ] GC(1013) Concurrent Cleanup for Next Mark
[492.081s][info][gc,marking  ] GC(1013) Concurrent Cleanup for Next Mark 0.754ms
[492.081s][info][gc          ] GC(1013) Concurrent Mark Cycle 87.729ms
[492.825s][info][gc,start    ] GC(1014) Pause Young (Prepare Mixed) (G1 Evacuation Pause)
[492.826s][info][gc,task     ] GC(1014) Using 2 workers of 2 for evacuation
[492.842s][info][gc,phases   ] GC(1014)   Pre Evacuate Collection Set: 0.19ms
[492.842s][info][gc,phases   ] GC(1014)   Merge Heap Roots: 0.09ms
[492.842s][info][gc,phases   ] GC(1014)   Evacuate Collection Set: 15.59ms
[492.842s][info][gc,phases   ] GC(1014)   Post Evacuate Collection Set: 0.40ms
[492.842s][info][gc,phases   ] GC(1014)   Other: 0.07ms
[492.842s][info][gc,heap     ] GC(1014) Eden regions: 132->0(142)
[492.842s][info][gc,heap     ] GC(1014) Survivor regions: 21->11(20)
[492.842s][info][gc,heap     ] GC(1014) Old regions: 48->53
[492.842s][info][gc,heap     ] GC(1014) Humongous regions: 1->1
[492.842s][info][gc,metaspace] GC(1014) Metaspace: 43059K(43520K)->43059K(43520K) NonClass: 38711K(38976K)->38711K(38976K) Class: 4348K(4544K)->4348K(4544K)
[492.842s][info][gc          ] GC(1014) Pause Young (Prepare Mixed) (G1 Evacuation Pause) 201M->64M(256M) 16.525ms
[492.842s][info][gc,cpu      ] GC(1014) User=0.04s Sys=0.00s Real=0.02s
[493.734s][info][gc,start    ] GC(1015) Pause Young (Mixed) (G1 Evacuation Pause)
[493.734s][info][gc,task     ] GC(1015) Using 2 workers of 2 for evacuation
[493.757s][info][gc,phases   ] GC(1015)   Pre Evacuate Collection Set: 0.18ms
[493.757s][info][gc,phases   ] GC(1015)   Merge Heap Roots: 0.08ms
[493.757s][info][gc,phases   ] GC(1015)   Evacuate Collection Set: 22.67ms
[493.757s][info][gc,phases   ] GC(1015)   Post Evacuate Collection Set: 0.42ms
[493.757s][info][gc,phases   ] GC(1015)   Other: 0.08ms
[493.757s][info][gc,heap     ] GC(1015) Eden regions: 142->0(138)
[493.757s][info][gc,heap     ] GC(1015) Survivor regions: 11->15(20)
[493.757s][info][gc,heap     ] GC(1015) Old regions: 53->59
[493.757s][info][gc,heap     ] GC(1015) Humongous regions: 2->2
[493.757s][info][gc,metaspace] GC(1015) Metaspace: 43059K(43520K)->43059K(43520K) NonClass: 38711K(38976K)->38711K(38976K) Class: 4348K(4544K)->4348K(4544K)
[493.757s][info][gc          ] GC(1015) Pause Young (Mixed) (G1 Evacuation Pause) 207M->75M(256M) 23.642ms
[493.757s][info][gc,cpu      ] GC(1015) User=0.05s Sys=0.00s Real=0.02s
[494.602s][info][gc,start    ] GC(1016) Pause Young (Concurrent Start) (G1 Evacuation Pause)
[494.602s][info][gc,task     ] GC(1016) Using 2 workers of 2 for evacuation
[494.627s][info][gc,phases   ] GC(1016)   Pre Evacuate Collection Set: 0.17ms
[494.627s][info][gc,phases   ] GC(1016)   Merge Heap Roots: 0.07ms
[494.627s][info][gc,phases   ] GC(1016)   Evacuate Collection Set: 23.75ms
[494.627s][info][gc,phases   ] GC(1016)   Post Evacuate Collection Set: 0.41ms
[494.627s][info][gc,phases   ] GC(1016)   Other: 0.09ms
[494.627s][info][gc,heap     ] GC(1016) Eden regions: 138->0(133)
[494.627s][info][gc,heap     ] GC(1016) Survivor regions: 15->12(20)
[494.627s][info][gc,heap     ] GC(1016) Old regions: 59->74
[494.627s][info][gc,heap     ] GC(1016) Humongous regions: 2->2
[494.627s][info][gc,metaspace] GC(1016) Metaspace: 43059K(43520K)->43059K(43520K) NonClass: 38711K(38976K)->38711K(38976K) Class: 4348K(4544K)->4348K(4544K)
[494.627s][info][gc          ] GC(1016) Pause Young (Concurrent Start) (G1 Evacuation Pause) 213M->87M(256M) 24.712ms
[494.627s][info][gc,cpu      ] GC(1016) User=0.05s Sys=0.00s Real=0.02s
[494.627s][info][gc          ] GC(1017) Concurrent Mark Cycle
[494.627s][info][gc,marking  ] GC(1017) Concurrent Scan Root Regions
[494.647s][info][gc,marking  ] GC(1017) Concurrent Scan Root Regions 19.630ms
[494.647s][info][gc,marking  ] GC(1017) Concurrent Mark
[494.647s][info][gc,marking  ] GC(1017) Concurrent Mark From Roots
[494.647s][info][gc,task     ] GC(1017) Using 1 workers of 1 for marking
[494.684s][info][gc,marking  ] GC(1017) Concurrent Mark From Roots 37.165ms
[494.684s][info][gc,marking  ] GC(1017) Concurrent Preclean
[494.684s][info][gc,marking  ] GC(1017) Concurrent Preclean 0.051ms
[494.684s][info][gc,start    ] GC(1017) Pause Remark
[494.701s][info][gc          ] GC(1017) Pause Remark 94M->85M(256M) 17.024ms
[494.701s][info][gc,cpu      ] GC(1017) User=0.03s Sys=0.00s Real=0.02s
[494.701s][info][gc,marking  ] GC(1017) Concurrent Mark 54.507ms
[494.701s][info][gc,marking  ] GC(1017) Concurrent Rebuild Remembered Sets and Scrub Regions
[494.728s][info][gc,marking  ] GC(1017) Concurrent Rebuild Remembered Sets and Scrub Regions 26.705ms
[494.728s][info][gc,start    ] GC(1017) Pause Cleanup
[494.728s][info][gc          ] GC(1017) Pause Cleanup 88M->88M(256M) 0.048ms
[494.728s][info][gc,cpu      ] GC(1017) User=0.00s Sys=0.00s Real=0.00s
[494.728s][info][gc,marking  ] GC(1017) Concurrent Clear Claimed Marks
[494.728s][info][gc,marking  ] GC(1017) Concurrent Clear Claimed Marks 0.037ms
[494.728s][info][gc,marking  ] GC(1017) Concurrent Cleanup for Next Mark
[494.729s][info][gc,marking  ] GC(1017) Concurrent Cleanup for Next Mark 0.750ms
[494.729s][info][gc          ] GC(1017) Concurrent Mark Cycle 102.035ms
[495.044s][info][gc,start    ] GC(1018) Pause Young (Prepare Mixed) (G1 Evacuation Pause)
[495.044s][info][gc,task     ] GC(1018) Using 2 workers of 2 for evacuation
[495.067s][info][gc,phases   ] GC(1018)   Pre Evacuate Collection Set: 0.16ms
[495.067s][info][gc,phases   ] GC(1018)   Merge Heap Roots: 0.09ms
[495.067s][info][gc,phases   ] GC(1018)   Evacuate Collection Set: 21.47ms
[495.067s][info][gc,phases   ] GC(1018)   Post Evacuate Collection Set: 0.43ms
[495.067s][info][gc,phases   ] GC(1018)   Other: 0.10ms
[495.067s][info][gc,heap     ] GC(1018) Eden regions: 133->0(125)
[495.067s][info][gc,heap     ] GC(1018) Survivor regions: 12->19(19)
[495.067s][info][gc,heap     ] GC(1018) Old regions: 64->68
[495.067s][info][gc,heap     ] GC(1018) Humongous regions: 4->4
[495.067s][info][gc,metaspace] GC(1018) Metaspace: 43059K(43520K)->43059K(43520K) NonClass: 38711K(38976K)->38711K(38976K) Class: 4348K(4544K)->4348K(4544K)
[495.067s][info][gc          ] GC(1018) Pause Young (Prepare Mixed) (G1 Evacuation Pause) 212M->90M(256M) 22.526ms
[495.067s][info][gc,cpu      ] GC(1018) User=0.05s Sys=0.00s Real=0.02s
[495.381s][info][gc,start    ] GC(1019) Pause Young (Mixed) (G1 Evacuation Pause)
[495.381s][info][gc,task     ] GC(1019) Using 2 workers of 2 for evacuation
[495.420s][info][gc,phases   ] GC(1019)   Pre Evacuate Collection Set: 0.16ms
[495.420s][info][gc,phases   ] GC(1019)   Merge Heap Roots: 0.24ms
[495.420s][info][gc,phases   ] GC(1019)   Evacuate Collection Set: 37.37ms
[495.420s][info][gc,phases   ] GC(1019)   Post Evacuate Collection Set: 0.71ms
[495.420s][info][gc,phases   ] GC(1019)   Other: 0.07ms
[495.420s][info][gc,heap     ] GC(1019) Eden regions: 125->0(147)
[495.420s][info][gc,heap     ] GC(1019) Survivor regions: 19->16(18)
[495.420s][info][gc,heap     ] GC(1019) Old regions: 68->72
[495.420s][info][gc,heap     ] GC(1019) Humongous regions: 5->5
[495.420s][info][gc,metaspace] GC(1019) Metaspace: 43059K(43520K)->43059K(43520K) NonClass: 38711K(38976K)->38711K(38976K) Class: 4348K(4544K)->4348K(4544K)
[495.420s][info][gc          ] GC(1019) Pause Young (Mixed) (G1 Evacuation Pause) 216M->92M(285M) 38.798ms
[495.420s][info][gc,cpu      ] GC(1019) User=0.08s Sys=0.00s Real=0.04s
[495.543s][info][gc,start    ] GC(1020) Pause Young (Concurrent Start) (G1 Humongous Allocation)
[495.543s][info][gc,task     ] GC(1020) Using 2 workers of 2 for evacuation
[495.561s][info][gc,phases   ] GC(1020)   Pre Evacuate Collection Set: 0.17ms
[495.561s][info][gc,phases   ] GC(1020)   Merge Heap Roots: 0.05ms
[495.561s][info][gc,phases   ] GC(1020)   Evacuate Collection Set: 16.72ms
[495.561s][info][gc,phases   ] GC(1020)   Post Evacuate Collection Set: 0.33ms
[495.561s][info][gc,phases   ] GC(1020)   Other: 0.11ms
[495.561s][info][gc,heap     ] GC(1020) Eden regions: 40->0(143)
[495.561s][info][gc,heap     ] GC(1020) Survivor regions: 16->5(21)
[495.561s][info][gc,heap     ] GC(1020) Old regions: 72->88
[495.561s][info][gc,heap     ] GC(1020) Humongous regions: 5->5
[495.561s][info][gc,metaspace] GC(1020) Metaspace: 43059K(43520K)->43059K(43520K) NonClass: 38711K(38976K)->38711K(38976K) Class: 4348K(4544K)->4348K(4544K)
[495.561s][info][gc          ] GC(1020) Pause Young (Concurrent Start) (G1 Humongous Allocation) 132M->97M(285M) 17.570ms
[495.561s][info][gc,cpu      ] GC(1020) User=0.03s Sys=0.00s Real=0.02s
[495.561s][info][gc          ] GC(1021) Concurrent Mark Cycle
[495.561s][info][gc,marking  ] GC(1021) Concurrent Scan Root Regions
[495.576s][info][gc,marking  ] GC(1021) Concurrent Scan Root Regions 14.559ms
[495.576s][info][gc,marking  ] GC(1021) Concurrent Mark
[495.576s][info][gc,marking  ] GC(1021) Concurrent Mark From Roots
[495.576s][info][gc,task     ] GC(1021) Using 1 workers of 1 for marking
[495.627s][info][gc,marking  ] GC(1021) Concurrent Mark From Roots 51.033ms
[495.627s][info][gc,marking  ] GC(1021) Concurrent Preclean
[495.627s][info][gc,marking  ] GC(1021) Concurrent Preclean 0.035ms
[495.627s][info][gc,start    ] GC(1021) Pause Remark
[495.646s][info][gc          ] GC(1021) Pause Remark 118M->101M(277M) 18.691ms
[495.646s][info][gc,cpu      ] GC(1021) User=0.04s Sys=0.00s Real=0.02s
[495.647s][info][gc,marking  ] GC(1021) Concurrent Mark 71.862ms
[495.647s][info][gc,marking  ] GC(1021) Concurrent Rebuild Remembered Sets and Scrub Regions
[495.684s][info][gc,marking  ] GC(1021) Concurrent Rebuild Remembered Sets and Scrub Regions 36.832ms
[495.684s][info][gc,start    ] GC(1021) Pause Cleanup
[495.685s][info][gc          ] GC(1021) Pause Cleanup 116M->116M(277M) 0.040ms
[495.685s][info][gc,cpu      ] GC(1021) User=0.00s Sys=0.00s Real=0.00s
[495.685s][info][gc,marking  ] GC(1021) Concurrent Clear Claimed Marks
[495.685s][info][gc,marking  ] GC(1021) Concurrent Clear Claimed Marks 0.037ms
[495.685s][info][gc,marking  ] GC(1021) Concurrent Cleanup for Next Mark
[495.686s][info][gc,marking  ] GC(1021) Concurrent Cleanup for Next Mark 1.056ms
[495.686s][info][gc          ] GC(1021) Concurrent Mark Cycle 124.773ms
[495.944s][info][gc,start    ] GC(1022) Pause Young (Prepare Mixed) (G1 Evacuation Pause)
[495.944s][info][gc,task     ] GC(1022) Using 2 workers of 2 for evacuation
[495.970s][info][gc,phases   ] GC(1022)   Pre Evacuate Collection Set: 0.19ms
[495.970s][info][gc,phases   ] GC(1022)   Merge Heap Roots: 0.12ms
[495.970s][info][gc,phases   ] GC(1022)   Evacuate Collection Set: 25.54ms
[495.970s][info][gc,phases   ] GC(1022)   Post Evacuate Collection Set: 0.43ms
[495.970s][info][gc,phases   ] GC(1022)   Other: 0.07ms
[495.970s][info][gc,heap     ] GC(1022) Eden regions: 143->0(135)
[495.970s][info][gc,heap     ] GC(1022) Survivor regions: 5->19(19)
[495.970s][info][gc,heap     ] GC(1022) Old regions: 72->75
[495.970s][info][gc,heap     ] GC(1022) Humongous regions: 6->6
[495.970s][info][gc,metaspace] GC(1022) Metaspace: 43059K(43520K)->43059K(43520K) NonClass: 38711K(38976K)->38711K(38976K) Class: 4348K(4544K)->4348K(4544K)
[495.970s][info][gc          ] GC(1022) Pause Young (Prepare Mixed) (G1 Evacuation Pause) 225M->99M(277M) 26.545ms
[495.970s][info][gc,cpu      ] GC(1022) User=0.05s Sys=0.00s Real=0.03s
[496.355s][info][gc,start    ] GC(1023) Pause Young (Mixed) (G1 Evacuation Pause)
[496.355s][info][gc,task     ] GC(1023) Using 2 workers of 2 for evacuation
[496.405s][info][gc,phases   ] GC(1023)   Pre Evacuate Collection Set: 0.17ms
[496.405s][info][gc,phases   ] GC(1023)   Merge Heap Roots: 0.17ms
[496.405s][info][gc,phases   ] GC(1023)   Evacuate Collection Set: 49.13ms
[496.405s][info][gc,phases   ] GC(1023)   Post Evacuate Collection Set: 0.44ms
[496.405s][info][gc,phases   ] GC(1023)   Other: 0.10ms
[496.405s][info][gc,heap     ] GC(1023) Eden regions: 135->0(127)
[496.405s][info][gc,heap     ] GC(1023) Survivor regions: 19->16(20)
[496.405s][info][gc,heap     ] GC(1023) Old regions: 75->86
[496.405s][info][gc,heap     ] GC(1023) Humongous regions: 10->10
[496.405s][info][gc,metaspace] GC(1023) Metaspace: 43059K(43520K)->43059K(43520K) NonClass: 38711K(38976K)->38711K(38976K) Class: 4348K(4544K)->4348K(4544K)
[496.405s][info][gc          ] GC(1023) Pause Young (Mixed) (G1 Evacuation Pause) 238M->111M(277M) 50.242ms
[496.405s][info][gc,cpu      ] GC(1023) User=0.09s Sys=0.00s Real=0.05s
[496.736s][info][gc,start    ] GC(1024) Pause Young (Concurrent Start) (G1 Evacuation Pause)
[496.736s][info][gc,task     ] GC(1024) Using 2 workers of 2 for evacuation
[496.775s][info][gc,phases   ] GC(1024)   Pre Evacuate Collection Set: 0.18ms
[496.775s][info][gc,phases   ] GC(1024)   Merge Heap Roots: 0.13ms
[496.775s][info][gc,phases   ] GC(1024)   Evacuate Collection Set: 38.68ms
[496.775s][info][gc,phases   ] GC(1024)   Post Evacuate Collection Set: 0.45ms
[496.775s][info][gc,phases   ] GC(1024)   Other: 0.09ms
[496.775s][info][gc,heap     ] GC(1024) Eden regions: 127->0(115)
[496.775s][info][gc,heap     ] GC(1024) Survivor regions: 16->15(18)
[496.775s][info][gc,heap     ] GC(1024) Old regions: 86->102
[496.775s][info][gc,heap     ] GC(1024) Humongous regions: 10->10
[496.775s][info][gc,metaspace] GC(1024) Metaspace: 43059K(43520K)->43059K(43520K) NonClass: 38711K(38976K)->38711K(38976K) Class: 4348K(4544K)->4348K(4544K)
[496.775s][info][gc          ] GC(1024) Pause Young (Concurrent Start) (G1 Evacuation Pause) 238M->126M(277M) 39.743ms
[496.775s][info][gc          ] GC(1025) Concurrent Mark Cycle
[496.775s][info][gc,marking  ] GC(1025) Concurrent Scan Root Regions
[496.776s][info][gc,cpu      ] GC(1024) User=0.08s Sys=0.00s Real=0.04s
[496.806s][info][gc,marking  ] GC(1025) Concurrent Scan Root Regions 30.856ms
[496.806s][info][gc,marking  ] GC(1025) Concurrent Mark
[496.806s][info][gc,marking  ] GC(1025) Concurrent Mark From Roots
[496.806s][info][gc,task     ] GC(1025) Using 1 workers of 1 for marking
[496.916s][info][gc,marking  ] GC(1025) Concurrent Mark From Roots 109.980ms
[496.916s][info][gc,marking  ] GC(1025) Concurrent Preclean
[496.916s][info][gc,marking  ] GC(1025) Concurrent Preclean 0.041ms
[496.917s][info][gc,start    ] GC(1025) Pause Remark
[496.934s][info][gc          ] GC(1025) Pause Remark 140M->137M(277M) 17.222ms
[496.934s][info][gc,cpu      ] GC(1025) User=0.03s Sys=0.00s Real=0.02s
[496.934s][info][gc,marking  ] GC(1025) Concurrent Mark 127.610ms
[496.934s][info][gc,marking  ] GC(1025) Concurrent Rebuild Remembered Sets and Scrub Regions
[496.998s][info][gc,marking  ] GC(1025) Concurrent Rebuild Remembered Sets and Scrub Regions 63.868ms
[497.000s][info][gc,start    ] GC(1025) Pause Cleanup
[497.000s][info][gc          ] GC(1025) Pause Cleanup 143M->143M(277M) 0.064ms
[497.000s][info][gc,cpu      ] GC(1025) User=0.00s Sys=0.00s Real=0.00s
[497.000s][info][gc,marking  ] GC(1025) Concurrent Clear Claimed Marks
[497.000s][info][gc,marking  ] GC(1025) Concurrent Clear Claimed Marks 0.076ms
[497.000s][info][gc,marking  ] GC(1025) Concurrent Cleanup for Next Mark
[497.001s][info][gc,marking  ] GC(1025) Concurrent Cleanup for Next Mark 0.840ms
[497.001s][info][gc          ] GC(1025) Concurrent Mark Cycle 225.928ms
[498.024s][info][gc,start    ] GC(1026) Pause Young (Prepare Mixed) (G1 Evacuation Pause)
[498.024s][info][gc,task     ] GC(1026) Using 2 workers of 2 for evacuation
[498.055s][info][gc,phases   ] GC(1026)   Pre Evacuate Collection Set: 0.16ms
[498.055s][info][gc,phases   ] GC(1026)   Merge Heap Roots: 0.14ms
[498.055s][info][gc,phases   ] GC(1026)   Evacuate Collection Set: 29.61ms
[498.055s][info][gc,phases   ] GC(1026)   Post Evacuate Collection Set: 0.42ms
[498.055s][info][gc,phases   ] GC(1026)   Other: 0.07ms
[498.055s][info][gc,heap     ] GC(1026) Eden regions: 115->0(112)
[498.055s][info][gc,heap     ] GC(1026) Survivor regions: 15->5(17)
[498.055s][info][gc,heap     ] GC(1026) Old regions: 102->117
[498.055s][info][gc,heap     ] GC(1026) Humongous regions: 15->13
[498.055s][info][gc,metaspace] GC(1026) Metaspace: 43059K(43520K)->43059K(43520K) NonClass: 38711K(38976K)->38711K(38976K) Class: 4348K(4544K)->4348K(4544K)
[498.055s][info][gc          ] GC(1026) Pause Young (Prepare Mixed) (G1 Evacuation Pause) 246M->134M(277M) 30.583ms
[498.055s][info][gc,cpu      ] GC(1026) User=0.06s Sys=0.00s Real=0.03s
[498.483s][info][gc,start    ] GC(1027) Pause Young (Mixed) (G1 Evacuation Pause)
[498.483s][info][gc,task     ] GC(1027) Using 2 workers of 2 for evacuation
[498.509s][info][gc,phases   ] GC(1027)   Pre Evacuate Collection Set: 0.17ms
[498.509s][info][gc,phases   ] GC(1027)   Merge Heap Roots: 0.24ms
[498.509s][info][gc,phases   ] GC(1027)   Evacuate Collection Set: 24.91ms
[498.509s][info][gc,phases   ] GC(1027)   Post Evacuate Collection Set: 0.42ms
[498.509s][info][gc,phases   ] GC(1027)   Other: 0.06ms
[498.509s][info][gc,heap     ] GC(1027) Eden regions: 112->0(109)
[498.509s][info][gc,heap     ] GC(1027) Survivor regions: 5->12(15)
[498.509s][info][gc,heap     ] GC(1027) Old regions: 117->114
[498.509s][info][gc,heap     ] GC(1027) Humongous regions: 13->13
[498.509s][info][gc,metaspace] GC(1027) Metaspace: 43059K(43520K)->43059K(43520K) NonClass: 38711K(38976K)->38711K(38976K) Class: 4348K(4544K)->4348K(4544K)
[498.509s][info][gc          ] GC(1027) Pause Young (Mixed) (G1 Evacuation Pause) 246M->138M(277M) 26.011ms
[498.509s][info][gc,cpu      ] GC(1027) User=0.05s Sys=0.00s Real=0.03s
[499.065s][info][gc,start    ] GC(1028) Pause Young (Concurrent Start) (G1 Evacuation Pause)
[499.065s][info][gc,task     ] GC(1028) Using 2 workers of 2 for evacuation
[499.083s][info][gc,phases   ] GC(1028)   Pre Evacuate Collection Set: 0.21ms
[499.083s][info][gc,phases   ] GC(1028)   Merge Heap Roots: 0.09ms
[499.083s][info][gc,phases   ] GC(1028)   Evacuate Collection Set: 16.59ms
[499.083s][info][gc,phases   ] GC(1028)   Post Evacuate Collection Set: 1.06ms
[499.083s][info][gc,phases   ] GC(1028)   Other: 0.09ms
[499.083s][info][gc,heap     ] GC(1028) Eden regions: 109->0(186)
[499.083s][info][gc,heap     ] GC(1028) Survivor regions: 12->11(16)
[499.083s][info][gc,heap     ] GC(1028) Old regions: 114->119
[499.083s][info][gc,heap     ] GC(1028) Humongous regions: 13->13
[499.083s][info][gc,metaspace] GC(1028) Metaspace: 43059K(43520K)->43059K(43520K) NonClass: 38711K(38976K)->38711K(38976K) Class: 4348K(4544K)->4348K(4544K)
[499.083s][info][gc          ] GC(1028) Pause Young (Concurrent Start) (G1 Evacuation Pause) 247M->142M(368M) 18.280ms
[499.083s][info][gc,cpu      ] GC(1028) User=0.04s Sys=0.00s Real=0.02s
[499.083s][info][gc          ] GC(1029) Concurrent Mark Cycle
[499.083s][info][gc,marking  ] GC(1029) Concurrent Scan Root Regions
[499.094s][info][gc,marking  ] GC(1029) Concurrent Scan Root Regions 10.849ms
[499.094s][info][gc,marking  ] GC(1029) Concurrent Mark
[499.094s][info][gc,marking  ] GC(1029) Concurrent Mark From Roots
[499.094s][info][gc,task     ] GC(1029) Using 1 workers of 1 for marking
[499.130s][info][gc,marking  ] GC(1029) Concurrent Mark From Roots 35.419ms
[499.130s][info][gc,marking  ] GC(1029) Concurrent Preclean
[499.130s][info][gc,marking  ] GC(1029) Concurrent Preclean 0.034ms
[499.130s][info][gc,start    ] GC(1029) Pause Remark
[499.149s][info][gc          ] GC(1029) Pause Remark 150M->71M(256M) 19.004ms
[499.149s][info][gc,cpu      ] GC(1029) User=0.04s Sys=0.00s Real=0.02s
[499.149s][info][gc,marking  ] GC(1029) Concurrent Mark 54.763ms
[499.149s][info][gc,marking  ] GC(1029) Concurrent Rebuild Remembered Sets and Scrub Regions
[499.167s][info][gc,marking  ] GC(1029) Concurrent Rebuild Remembered Sets and Scrub Regions 17.840ms
[499.167s][info][gc,start    ] GC(1029) Pause Cleanup
[499.167s][info][gc          ] GC(1029) Pause Cleanup 74M->74M(256M) 0.049ms
[499.167s][info][gc,cpu      ] GC(1029) User=0.00s Sys=0.00s Real=0.00s
[499.167s][info][gc,marking  ] GC(1029) Concurrent Clear Claimed Marks
[499.167s][info][gc,marking  ] GC(1029) Concurrent Clear Claimed Marks 0.041ms
[499.167s][info][gc,marking  ] GC(1029) Concurrent Cleanup for Next Mark
[499.168s][info][gc,marking  ] GC(1029) Concurrent Cleanup for Next Mark 0.755ms
[499.168s][info][gc          ] GC(1029) Concurrent Mark Cycle 84.632ms
[499.989s][info][gc,start    ] GC(1030) Pause Young (Prepare Mixed) (G1 Evacuation Pause)
[499.989s][info][gc,task     ] GC(1030) Using 2 workers of 2 for evacuation
[500.012s][info][gc,phases   ] GC(1030)   Pre Evacuate Collection Set: 0.16ms
[500.012s][info][gc,phases   ] GC(1030)   Merge Heap Roots: 0.07ms
[500.012s][info][gc,phases   ] GC(1030)   Evacuate Collection Set: 22.30ms
[500.012s][info][gc,phases   ] GC(1030)   Post Evacuate Collection Set: 0.44ms
[500.012s][info][gc,phases   ] GC(1030)   Other: 0.08ms
[500.012s][info][gc,heap     ] GC(1030) Eden regions: 142->0(133)
[500.012s][info][gc,heap     ] GC(1030) Survivor regions: 11->20(20)
[500.012s][info][gc,heap     ] GC(1030) Old regions: 51->57
[500.012s][info][gc,heap     ] GC(1030) Humongous regions: 1->1
[500.012s][info][gc,metaspace] GC(1030) Metaspace: 43059K(43520K)->43059K(43520K) NonClass: 38711K(38976K)->38711K(38976K) Class: 4348K(4544K)->4348K(4544K)
[500.012s][info][gc          ] GC(1030) Pause Young (Prepare Mixed) (G1 Evacuation Pause) 204M->77M(256M) 23.240ms
[500.012s][info][gc,cpu      ] GC(1030) User=0.04s Sys=0.00s Real=0.02s
[500.770s][info][gc,start    ] GC(1031) Pause Young (Mixed) (G1 Evacuation Pause)
[500.770s][info][gc,task     ] GC(1031) Using 2 workers of 2 for evacuation
[500.799s][info][gc,phases   ] GC(1031)   Pre Evacuate Collection Set: 0.20ms
[500.799s][info][gc,phases   ] GC(1031)   Merge Heap Roots: 0.08ms
[500.799s][info][gc,phases   ] GC(1031)   Evacuate Collection Set: 28.65ms
[500.799s][info][gc,phases   ] GC(1031)   Post Evacuate Collection Set: 0.42ms
[500.799s][info][gc,phases   ] GC(1031)   Other: 0.08ms
[500.799s][info][gc,heap     ] GC(1031) Eden regions: 133->0(135)
[500.799s][info][gc,heap     ] GC(1031) Survivor regions: 20->14(20)
[500.799s][info][gc,heap     ] GC(1031) Old regions: 57->71
[500.799s][info][gc,heap     ] GC(1031) Humongous regions: 1->1
[500.799s][info][gc,metaspace] GC(1031) Metaspace: 43059K(43520K)->43059K(43520K) NonClass: 38711K(38976K)->38711K(38976K) Class: 4348K(4544K)->4348K(4544K)
[500.799s][info][gc          ] GC(1031) Pause Young (Mixed) (G1 Evacuation Pause) 210M->85M(256M) 29.643ms
[500.799s][info][gc,cpu      ] GC(1031) User=0.06s Sys=0.00s Real=0.03s
[501.564s][info][gc,start    ] GC(1032) Pause Young (Concurrent Start) (G1 Humongous Allocation)
[501.564s][info][gc,task     ] GC(1032) Using 2 workers of 2 for evacuation
[501.588s][info][gc,phases   ] GC(1032)   Pre Evacuate Collection Set: 0.19ms
[501.588s][info][gc,phases   ] GC(1032)   Merge Heap Roots: 0.07ms
[501.588s][info][gc,phases   ] GC(1032)   Evacuate Collection Set: 23.35ms
[501.588s][info][gc,phases   ] GC(1032)   Post Evacuate Collection Set: 0.41ms
[501.588s][info][gc,phases   ] GC(1032)   Other: 0.13ms
[501.588s][info][gc,heap     ] GC(1032) Eden regions: 124->0(124)
[501.588s][info][gc,heap     ] GC(1032) Survivor regions: 14->13(19)
[501.588s][info][gc,heap     ] GC(1032) Old regions: 71->84
[501.588s][info][gc,heap     ] GC(1032) Humongous regions: 1->1
[501.588s][info][gc,metaspace] GC(1032) Metaspace: 43059K(43520K)->43059K(43520K) NonClass: 38711K(38976K)->38711K(38976K) Class: 4348K(4544K)->4348K(4544K)
[501.588s][info][gc          ] GC(1032) Pause Young (Concurrent Start) (G1 Humongous Allocation) 208M->97M(256M) 24.347ms
[501.588s][info][gc,cpu      ] GC(1032) User=0.05s Sys=0.00s Real=0.02s
[501.588s][info][gc          ] GC(1033) Concurrent Mark Cycle
[501.588s][info][gc,marking  ] GC(1033) Concurrent Scan Root Regions
[501.607s][info][gc,marking  ] GC(1033) Concurrent Scan Root Regions 18.734ms
[501.607s][info][gc,marking  ] GC(1033) Concurrent Mark
[501.607s][info][gc,marking  ] GC(1033) Concurrent Mark From Roots
[501.607s][info][gc,task     ] GC(1033) Using 1 workers of 1 for marking
[501.649s][info][gc,marking  ] GC(1033) Concurrent Mark From Roots 41.945ms
[501.649s][info][gc,marking  ] GC(1033) Concurrent Preclean
[501.649s][info][gc,marking  ] GC(1033) Concurrent Preclean 0.034ms
[501.649s][info][gc,start    ] GC(1033) Pause Remark
[501.667s][info][gc          ] GC(1033) Pause Remark 109M->106M(256M) 17.262ms
[501.667s][info][gc,cpu      ] GC(1033) User=0.03s Sys=0.00s Real=0.01s
[501.667s][info][gc,marking  ] GC(1033) Concurrent Mark 59.535ms
[501.667s][info][gc,marking  ] GC(1033) Concurrent Rebuild Remembered Sets and Scrub Regions
[501.693s][info][gc,marking  ] GC(1033) Concurrent Rebuild Remembered Sets and Scrub Regions 26.187ms
[501.693s][info][gc,start    ] GC(1033) Pause Cleanup
[501.693s][info][gc          ] GC(1033) Pause Cleanup 110M->110M(256M) 0.063ms
[501.693s][info][gc,cpu      ] GC(1033) User=0.00s Sys=0.00s Real=0.00s
[501.693s][info][gc,marking  ] GC(1033) Concurrent Clear Claimed Marks
[501.693s][info][gc,marking  ] GC(1033) Concurrent Clear Claimed Marks 0.036ms
[501.693s][info][gc,marking  ] GC(1033) Concurrent Cleanup for Next Mark
[501.694s][info][gc,marking  ] GC(1033) Concurrent Cleanup for Next Mark 0.726ms
[501.694s][info][gc          ] GC(1033) Concurrent Mark Cycle 105.612ms
[502.347s][info][gc,start    ] GC(1034) Pause Young (Prepare Mixed) (G1 Evacuation Pause)
[502.347s][info][gc,task     ] GC(1034) Using 2 workers of 2 for evacuation
[502.361s][info][gc,phases   ] GC(1034)   Pre Evacuate Collection Set: 0.15ms
[502.361s][info][gc,phases   ] GC(1034)   Merge Heap Roots: 0.07ms
[502.361s][info][gc,phases   ] GC(1034)   Evacuate Collection Set: 12.75ms
[502.361s][info][gc,phases   ] GC(1034)   Post Evacuate Collection Set: 0.38ms
[502.361s][info][gc,phases   ] GC(1034)   Other: 0.07ms
[502.361s][info][gc,heap     ] GC(1034) Eden regions: 124->0(125)
[502.361s][info][gc,heap     ] GC(1034) Survivor regions: 13->13(18)
[502.361s][info][gc,heap     ] GC(1034) Old regions: 81->82
[502.361s][info][gc,heap     ] GC(1034) Humongous regions: 2->2
[502.361s][info][gc,metaspace] GC(1034) Metaspace: 43059K(43520K)->43059K(43520K) NonClass: 38711K(38976K)->38711K(38976K) Class: 4348K(4544K)->4348K(4544K)
[502.361s][info][gc          ] GC(1034) Pause Young (Prepare Mixed) (G1 Evacuation Pause) 219M->96M(256M) 13.623ms
[502.361s][info][gc,cpu      ] GC(1034) User=0.02s Sys=0.00s Real=0.02s
[503.078s][info][gc,start    ] GC(1035) Pause Young (Mixed) (G1 Evacuation Pause)
[503.078s][info][gc,task     ] GC(1035) Using 2 workers of 2 for evacuation
[503.102s][info][gc,phases   ] GC(1035)   Pre Evacuate Collection Set: 0.17ms
[503.102s][info][gc,phases   ] GC(1035)   Merge Heap Roots: 0.11ms
[503.102s][info][gc,phases   ] GC(1035)   Evacuate Collection Set: 22.44ms
[503.102s][info][gc,phases   ] GC(1035)   Post Evacuate Collection Set: 0.45ms
[503.102s][info][gc,phases   ] GC(1035)   Other: 0.09ms
[503.102s][info][gc,heap     ] GC(1035) Eden regions: 125->0(133)
[503.102s][info][gc,heap     ] GC(1035) Survivor regions: 13->11(18)
[503.102s][info][gc,heap     ] GC(1035) Old regions: 82->69
[503.102s][info][gc,heap     ] GC(1035) Humongous regions: 2->2
[503.102s][info][gc,metaspace] GC(1035) Metaspace: 43059K(43520K)->43059K(43520K) NonClass: 38711K(38976K)->38711K(38976K) Class: 4348K(4544K)->4348K(4544K)
[503.102s][info][gc          ] GC(1035) Pause Young (Mixed) (G1 Evacuation Pause) 221M->81M(256M) 23.441ms
[503.102s][info][gc,cpu      ] GC(1035) User=0.04s Sys=0.00s Real=0.03s
[503.638s][info][gc,start    ] GC(1036) Pause Young (Mixed) (G1 Evacuation Pause)
[503.638s][info][gc,task     ] GC(1036) Using 2 workers of 2 for evacuation
[503.664s][info][gc,phases   ] GC(1036)   Pre Evacuate Collection Set: 0.20ms
[503.664s][info][gc,phases   ] GC(1036)   Merge Heap Roots: 0.63ms
[503.664s][info][gc,phases   ] GC(1036)   Evacuate Collection Set: 24.50ms
[503.664s][info][gc,phases   ] GC(1036)   Post Evacuate Collection Set: 0.45ms
[503.664s][info][gc,phases   ] GC(1036)   Other: 0.11ms
[503.664s][info][gc,heap     ] GC(1036) Eden regions: 133->0(131)
[503.664s][info][gc,heap     ] GC(1036) Survivor regions: 11->8(18)
[503.664s][info][gc,heap     ] GC(1036) Old regions: 69->76
[503.664s][info][gc,heap     ] GC(1036) Humongous regions: 10->4
[503.664s][info][gc,metaspace] GC(1036) Metaspace: 43060K(43520K)->43060K(43520K) NonClass: 38712K(38976K)->38712K(38976K) Class: 4348K(4544K)->4348K(4544K)
[503.664s][info][gc          ] GC(1036) Pause Young (Mixed) (G1 Evacuation Pause) 222M->87M(256M) 26.099ms
[503.664s][info][gc,cpu      ] GC(1036) User=0.04s Sys=0.00s Real=0.03s
[503.671s][info][gc,start    ] GC(1037) Pause Young (Concurrent Start) (G1 Humongous Allocation)
[503.671s][info][gc,task     ] GC(1037) Using 2 workers of 2 for evacuation
[503.677s][info][gc,phases   ] GC(1037)   Pre Evacuate Collection Set: 0.16ms
[503.677s][info][gc,phases   ] GC(1037)   Merge Heap Roots: 0.07ms
[503.677s][info][gc,phases   ] GC(1037)   Evacuate Collection Set: 4.74ms
[503.677s][info][gc,phases   ] GC(1037)   Post Evacuate Collection Set: 0.27ms
[503.677s][info][gc,phases   ] GC(1037)   Other: 0.09ms
[503.677s][info][gc,heap     ] GC(1037) Eden regions: 1->0(133)
[503.677s][info][gc,heap     ] GC(1037) Survivor regions: 8->7(18)
[503.677s][info][gc,heap     ] GC(1037) Old regions: 76->76
[503.677s][info][gc,heap     ] GC(1037) Humongous regions: 4->2
[503.677s][info][gc,metaspace] GC(1037) Metaspace: 43060K(43520K)->43060K(43520K) NonClass: 38712K(38976K)->38712K(38976K) Class: 4348K(4544K)->4348K(4544K)
[503.677s][info][gc          ] GC(1037) Pause Young (Concurrent Start) (G1 Humongous Allocation) 88M->84M(256M) 5.485ms
[503.677s][info][gc,cpu      ] GC(1037) User=0.01s Sys=0.00s Real=0.00s
[503.677s][info][gc          ] GC(1038) Concurrent Mark Cycle
[503.677s][info][gc,marking  ] GC(1038) Concurrent Scan Root Regions
[503.686s][info][gc,marking  ] GC(1038) Concurrent Scan Root Regions 8.660ms
[503.686s][info][gc,marking  ] GC(1038) Concurrent Mark
[503.686s][info][gc,marking  ] GC(1038) Concurrent Mark From Roots
[503.686s][info][gc,task     ] GC(1038) Using 1 workers of 1 for marking
[503.726s][info][gc,marking  ] GC(1038) Concurrent Mark From Roots 39.904ms
[503.726s][info][gc,marking  ] GC(1038) Concurrent Preclean
[503.726s][info][gc,marking  ] GC(1038) Concurrent Preclean 0.035ms
[503.726s][info][gc,start    ] GC(1038) Pause Remark
[503.743s][info][gc          ] GC(1038) Pause Remark 90M->72M(256M) 16.923ms
[503.743s][info][gc,cpu      ] GC(1038) User=0.04s Sys=0.00s Real=0.02s
[503.743s][info][gc,marking  ] GC(1038) Concurrent Mark 57.059ms
[503.743s][info][gc,marking  ] GC(1038) Concurrent Rebuild Remembered Sets and Scrub Regions
[503.757s][info][gc,marking  ] GC(1038) Concurrent Rebuild Remembered Sets and Scrub Regions 14.190ms
[503.757s][info][gc,start    ] GC(1038) Pause Cleanup
[503.757s][info][gc          ] GC(1038) Pause Cleanup 72M->72M(256M) 0.089ms
[503.757s][info][gc,cpu      ] GC(1038) User=0.00s Sys=0.00s Real=0.00s
[503.757s][info][gc,marking  ] GC(1038) Concurrent Clear Claimed Marks
[503.757s][info][gc,marking  ] GC(1038) Concurrent Clear Claimed Marks 0.040ms
[503.757s][info][gc,marking  ] GC(1038) Concurrent Cleanup for Next Mark
[503.758s][info][gc,marking  ] GC(1038) Concurrent Cleanup for Next Mark 0.734ms
[503.758s][info][gc          ] GC(1038) Concurrent Mark Cycle 81.036ms
[504.336s][info][gc,start    ] GC(1039) Pause Young (Prepare Mixed) (G1 Evacuation Pause)
[504.336s][info][gc,task     ] GC(1039) Using 2 workers of 2 for evacuation
[504.349s][info][gc,phases   ] GC(1039)   Pre Evacuate Collection Set: 0.15ms
[504.349s][info][gc,phases   ] GC(1039)   Merge Heap Roots: 0.06ms
[504.349s][info][gc,phases   ] GC(1039)   Evacuate Collection Set: 12.08ms
[504.349s][info][gc,phases   ] GC(1039)   Post Evacuate Collection Set: 0.41ms
[504.349s][info][gc,phases   ] GC(1039)   Other: 0.09ms
[504.349s][info][gc,heap     ] GC(1039) Eden regions: 133->0(137)
[504.349s][info][gc,heap     ] GC(1039) Survivor regions: 7->16(18)
[504.349s][info][gc,heap     ] GC(1039) Old regions: 59->59
[504.349s][info][gc,heap     ] GC(1039) Humongous regions: 14->3
[504.349s][info][gc,metaspace] GC(1039) Metaspace: 43060K(43520K)->43060K(43520K) NonClass: 38712K(38976K)->38712K(38976K) Class: 4348K(4544K)->4348K(4544K)
[504.349s][info][gc          ] GC(1039) Pause Young (Prepare Mixed) (G1 Evacuation Pause) 212M->77M(256M) 12.960ms
[504.349s][info][gc,cpu      ] GC(1039) User=0.02s Sys=0.00s Real=0.01s
[504.928s][info][gc,start    ] GC(1040) Pause Young (Mixed) (G1 Evacuation Pause)
[504.928s][info][gc,task     ] GC(1040) Using 2 workers of 2 for evacuation
[504.940s][info][gc,phases   ] GC(1040)   Pre Evacuate Collection Set: 0.19ms
[504.940s][info][gc,phases   ] GC(1040)   Merge Heap Roots: 0.08ms
[504.940s][info][gc,phases   ] GC(1040)   Evacuate Collection Set: 11.04ms
[504.940s][info][gc,phases   ] GC(1040)   Post Evacuate Collection Set: 0.46ms
[504.940s][info][gc,phases   ] GC(1040)   Other: 0.07ms
[504.940s][info][gc,heap     ] GC(1040) Eden regions: 137->0(145)
[504.940s][info][gc,heap     ] GC(1040) Survivor regions: 16->8(20)
[504.940s][info][gc,heap     ] GC(1040) Old regions: 59->41
[504.940s][info][gc,heap     ] GC(1040) Humongous regions: 10->3
[504.940s][info][gc,metaspace] GC(1040) Metaspace: 43084K(43520K)->43084K(43520K) NonClass: 38736K(38976K)->38736K(38976K) Class: 4348K(4544K)->4348K(4544K)
[504.940s][info][gc          ] GC(1040) Pause Young (Mixed) (G1 Evacuation Pause) 221M->51M(256M) 12.022ms
[504.940s][info][gc,cpu      ] GC(1040) User=0.02s Sys=0.00s Real=0.02s
[505.072s][info][gc,start    ] GC(1041) Pause Young (Concurrent Start) (G1 Humongous Allocation)
[505.072s][info][gc,task     ] GC(1041) Using 2 workers of 2 for evacuation
[505.075s][info][gc,phases   ] GC(1041)   Pre Evacuate Collection Set: 0.17ms
[505.075s][info][gc,phases   ] GC(1041)   Merge Heap Roots: 0.04ms
[505.075s][info][gc,phases   ] GC(1041)   Evacuate Collection Set: 1.82ms
[505.075s][info][gc,phases   ] GC(1041)   Post Evacuate Collection Set: 0.30ms
[505.075s][info][gc,phases   ] GC(1041)   Other: 0.10ms
[505.075s][info][gc,heap     ] GC(1041) Eden regions: 33->0(151)
[505.075s][info][gc,heap     ] GC(1041) Survivor regions: 8->2(20)
[505.075s][info][gc,heap     ] GC(1041) Old regions: 41->41
[505.075s][info][gc,heap     ] GC(1041) Humongous regions: 3->1
[505.075s][info][gc,metaspace] GC(1041) Metaspace: 43084K(43520K)->43084K(43520K) NonClass: 38736K(38976K)->38736K(38976K) Class: 4348K(4544K)->4348K(4544K)
[505.075s][info][gc          ] GC(1041) Pause Young (Concurrent Start) (G1 Humongous Allocation) 84M->43M(256M) 2.596ms
[505.075s][info][gc,cpu      ] GC(1041) User=0.00s Sys=0.00s Real=0.00s
[505.075s][info][gc          ] GC(1042) Concurrent Mark Cycle
[505.075s][info][gc,marking  ] GC(1042) Concurrent Scan Root Regions
[505.078s][info][gc,marking  ] GC(1042) Concurrent Scan Root Regions 3.018ms
[505.078s][info][gc,marking  ] GC(1042) Concurrent Mark
[505.078s][info][gc,marking  ] GC(1042) Concurrent Mark From Roots
[505.078s][info][gc,task     ] GC(1042) Using 1 workers of 1 for marking
[505.129s][info][gc,marking  ] GC(1042) Concurrent Mark From Roots 50.742ms
[505.129s][info][gc,marking  ] GC(1042) Concurrent Preclean
[505.129s][info][gc,marking  ] GC(1042) Concurrent Preclean 0.038ms
[505.129s][info][gc,start    ] GC(1042) Pause Remark
[505.146s][info][gc          ] GC(1042) Pause Remark 59M->59M(256M) 17.031ms
[505.146s][info][gc,cpu      ] GC(1042) User=0.03s Sys=0.00s Real=0.02s
[505.146s][info][gc,marking  ] GC(1042) Concurrent Mark 68.010ms
[505.146s][info][gc,marking  ] GC(1042) Concurrent Rebuild Remembered Sets and Scrub Regions
[505.167s][info][gc,marking  ] GC(1042) Concurrent Rebuild Remembered Sets and Scrub Regions 20.844ms
[505.167s][info][gc,start    ] GC(1042) Pause Cleanup
[505.167s][info][gc          ] GC(1042) Pause Cleanup 65M->65M(256M) 0.043ms
[505.167s][info][gc,cpu      ] GC(1042) User=0.00s Sys=0.00s Real=0.00s
[505.167s][info][gc,marking  ] GC(1042) Concurrent Clear Claimed Marks
[505.167s][info][gc,marking  ] GC(1042) Concurrent Clear Claimed Marks 0.037ms
[505.167s][info][gc,marking  ] GC(1042) Concurrent Cleanup for Next Mark
[505.168s][info][gc,marking  ] GC(1042) Concurrent Cleanup for Next Mark 0.833ms
[505.168s][info][gc          ] GC(1042) Concurrent Mark Cycle 93.102ms
[505.737s][info][gc,start    ] GC(1043) Pause Young (Prepare Mixed) (G1 Evacuation Pause)
[505.737s][info][gc,task     ] GC(1043) Using 2 workers of 2 for evacuation
[505.774s][info][gc,phases   ] GC(1043)   Pre Evacuate Collection Set: 0.20ms
[505.774s][info][gc,phases   ] GC(1043)   Merge Heap Roots: 0.06ms
[505.774s][info][gc,phases   ] GC(1043)   Evacuate Collection Set: 36.10ms
[505.774s][info][gc,phases   ] GC(1043)   Post Evacuate Collection Set: 0.46ms
[505.774s][info][gc,phases   ] GC(1043)   Other: 0.07ms
[505.774s][info][gc,heap     ] GC(1043) Eden regions: 151->0(133)
[505.774s][info][gc,heap     ] GC(1043) Survivor regions: 2->20(20)
[505.774s][info][gc,heap     ] GC(1043) Old regions: 41->41
[505.774s][info][gc,heap     ] GC(1043) Humongous regions: 5->3
[505.774s][info][gc,metaspace] GC(1043) Metaspace: 43086K(43520K)->43086K(43520K) NonClass: 38738K(38976K)->38738K(38976K) Class: 4348K(4544K)->4348K(4544K)
[505.774s][info][gc          ] GC(1043) Pause Young (Prepare Mixed) (G1 Evacuation Pause) 198M->63M(256M) 37.066ms
[505.774s][info][gc,cpu      ] GC(1043) User=0.05s Sys=0.00s Real=0.04s
[506.288s][info][gc,start    ] GC(1044) Pause Young (Mixed) (G1 Evacuation Pause)
[506.288s][info][gc,task     ] GC(1044) Using 2 workers of 2 for evacuation
[506.296s][info][gc,phases   ] GC(1044)   Pre Evacuate Collection Set: 0.17ms
[506.296s][info][gc,phases   ] GC(1044)   Merge Heap Roots: 0.10ms
[506.296s][info][gc,phases   ] GC(1044)   Evacuate Collection Set: 6.40ms
[506.296s][info][gc,phases   ] GC(1044)   Post Evacuate Collection Set: 0.44ms
[506.296s][info][gc,phases   ] GC(1044)   Other: 0.07ms
[506.296s][info][gc,heap     ] GC(1044) Eden regions: 133->0(150)
[506.296s][info][gc,heap     ] GC(1044) Survivor regions: 20->3(20)
[506.296s][info][gc,heap     ] GC(1044) Old regions: 41->41
[506.296s][info][gc,heap     ] GC(1044) Humongous regions: 15->3
[506.296s][info][gc,metaspace] GC(1044) Metaspace: 43086K(43520K)->43086K(43520K) NonClass: 38738K(38976K)->38738K(38976K) Class: 4348K(4544K)->4348K(4544K)
[506.296s][info][gc          ] GC(1044) Pause Young (Mixed) (G1 Evacuation Pause) 208M->45M(256M) 7.359ms
[506.296s][info][gc,cpu      ] GC(1044) User=0.02s Sys=0.00s Real=0.01s
[506.321s][info][gc,start    ] GC(1045) Pause Young (Concurrent Start) (G1 Humongous Allocation)
[506.321s][info][gc,task     ] GC(1045) Using 2 workers of 2 for evacuation
[506.323s][info][gc,phases   ] GC(1045)   Pre Evacuate Collection Set: 0.14ms
[506.323s][info][gc,phases   ] GC(1045)   Merge Heap Roots: 0.03ms
[506.323s][info][gc,phases   ] GC(1045)   Evacuate Collection Set: 1.32ms
[506.323s][info][gc,phases   ] GC(1045)   Post Evacuate Collection Set: 0.27ms
[506.323s][info][gc,phases   ] GC(1045)   Other: 0.09ms
[506.323s][info][gc,heap     ] GC(1045) Eden regions: 8->0(151)
[506.323s][info][gc,heap     ] GC(1045) Survivor regions: 3->2(20)
[506.323s][info][gc,heap     ] GC(1045) Old regions: 41->41
[506.323s][info][gc,heap     ] GC(1045) Humongous regions: 3->1
[506.323s][info][gc,metaspace] GC(1045) Metaspace: 43086K(43520K)->43086K(43520K) NonClass: 38738K(38976K)->38738K(38976K) Class: 4348K(4544K)->4348K(4544K)
[506.323s][info][gc          ] GC(1045) Pause Young (Concurrent Start) (G1 Humongous Allocation) 53M->42M(256M) 2.017ms
[506.323s][info][gc,cpu      ] GC(1045) User=0.00s Sys=0.00s Real=0.00s
[506.323s][info][gc          ] GC(1046) Concurrent Mark Cycle
[506.323s][info][gc,marking  ] GC(1046) Concurrent Scan Root Regions
[506.324s][info][gc,marking  ] GC(1046) Concurrent Scan Root Regions 1.606ms
[506.324s][info][gc,marking  ] GC(1046) Concurrent Mark
[506.324s][info][gc,marking  ] GC(1046) Concurrent Mark From Roots
[506.324s][info][gc,task     ] GC(1046) Using 1 workers of 1 for marking
[506.374s][info][gc,marking  ] GC(1046) Concurrent Mark From Roots 49.421ms
[506.374s][info][gc,marking  ] GC(1046) Concurrent Preclean
[506.374s][info][gc,marking  ] GC(1046) Concurrent Preclean 0.034ms
[506.374s][info][gc,start    ] GC(1046) Pause Remark
[506.391s][info][gc          ] GC(1046) Pause Remark 57M->57M(256M) 16.956ms
[506.391s][info][gc,cpu      ] GC(1046) User=0.03s Sys=0.00s Real=0.02s
[506.391s][info][gc,marking  ] GC(1046) Concurrent Mark 66.752ms
[506.391s][info][gc,marking  ] GC(1046) Concurrent Rebuild Remembered Sets and Scrub Regions
[506.411s][info][gc,marking  ] GC(1046) Concurrent Rebuild Remembered Sets and Scrub Regions 19.817ms
[506.411s][info][gc,start    ] GC(1046) Pause Cleanup
[506.411s][info][gc          ] GC(1046) Pause Cleanup 61M->61M(256M) 0.043ms
[506.411s][info][gc,cpu      ] GC(1046) User=0.00s Sys=0.00s Real=0.00s
[506.411s][info][gc,marking  ] GC(1046) Concurrent Clear Claimed Marks
[506.411s][info][gc,marking  ] GC(1046) Concurrent Clear Claimed Marks 0.036ms
[506.411s][info][gc,marking  ] GC(1046) Concurrent Cleanup for Next Mark
[506.412s][info][gc,marking  ] GC(1046) Concurrent Cleanup for Next Mark 0.715ms
[506.412s][info][gc          ] GC(1046) Concurrent Mark Cycle 89.301ms
[506.936s][info][gc,start    ] GC(1047) Pause Young (Prepare Mixed) (G1 Evacuation Pause)
[506.936s][info][gc,task     ] GC(1047) Using 2 workers of 2 for evacuation
[506.944s][info][gc,phases   ] GC(1047)   Pre Evacuate Collection Set: 0.17ms
[506.944s][info][gc,phases   ] GC(1047)   Merge Heap Roots: 0.06ms
[506.944s][info][gc,phases   ] GC(1047)   Evacuate Collection Set: 7.34ms
[506.944s][info][gc,phases   ] GC(1047)   Post Evacuate Collection Set: 0.41ms
[506.944s][info][gc,phases   ] GC(1047)   Other: 0.07ms
[506.944s][info][gc,heap     ] GC(1047) Eden regions: 151->0(146)
[506.944s][info][gc,heap     ] GC(1047) Survivor regions: 2->7(20)
[506.944s][info][gc,heap     ] GC(1047) Old regions: 41->41
[506.944s][info][gc,heap     ] GC(1047) Humongous regions: 13->3
[506.944s][info][gc,metaspace] GC(1047) Metaspace: 43086K(43520K)->43086K(43520K) NonClass: 38738K(38976K)->38738K(38976K) Class: 4348K(4544K)->4348K(4544K)
[506.944s][info][gc          ] GC(1047) Pause Young (Prepare Mixed) (G1 Evacuation Pause) 205M->50M(256M) 8.226ms
[506.944s][info][gc,cpu      ] GC(1047) User=0.01s Sys=0.00s Real=0.01s
[507.648s][info][gc,start    ] GC(1048) Pause Young (Mixed) (G1 Evacuation Pause)
[507.648s][info][gc,task     ] GC(1048) Using 2 workers of 2 for evacuation
[507.661s][info][gc,phases   ] GC(1048)   Pre Evacuate Collection Set: 1.87ms
[507.661s][info][gc,phases   ] GC(1048)   Merge Heap Roots: 0.12ms
[507.661s][info][gc,phases   ] GC(1048)   Evacuate Collection Set: 10.17ms
[507.661s][info][gc,phases   ] GC(1048)   Post Evacuate Collection Set: 0.52ms
[507.661s][info][gc,phases   ] GC(1048)   Other: 0.09ms
[507.661s][info][gc,heap     ] GC(1048) Eden regions: 146->0(147)
[507.661s][info][gc,heap     ] GC(1048) Survivor regions: 7->6(20)
[507.661s][info][gc,heap     ] GC(1048) Old regions: 41->38
[507.661s][info][gc,heap     ] GC(1048) Humongous regions: 17->3
[507.661s][info][gc,metaspace] GC(1048) Metaspace: 43086K(43520K)->43086K(43520K) NonClass: 38738K(38976K)->38738K(38976K) Class: 4348K(4544K)->4348K(4544K)
[507.661s][info][gc          ] GC(1048) Pause Young (Mixed) (G1 Evacuation Pause) 210M->46M(256M) 12.961ms
[507.661s][info][gc,cpu      ] GC(1048) User=0.01s Sys=0.00s Real=0.02s
[508.246s][info][gc,start    ] GC(1049) Pause Young (Concurrent Start) (G1 Evacuation Pause)
[508.246s][info][gc,task     ] GC(1049) Using 2 workers of 2 for evacuation
[508.269s][info][gc,phases   ] GC(1049)   Pre Evacuate Collection Set: 0.17ms
[508.269s][info][gc,phases   ] GC(1049)   Merge Heap Roots: 0.07ms
[508.269s][info][gc,phases   ] GC(1049)   Evacuate Collection Set: 22.51ms
[508.269s][info][gc,phases   ] GC(1049)   Post Evacuate Collection Set: 0.49ms
[508.269s][info][gc,phases   ] GC(1049)   Other: 0.13ms
[508.269s][info][gc,heap     ] GC(1049) Eden regions: 147->0(133)
[508.269s][info][gc,heap     ] GC(1049) Survivor regions: 6->20(20)
[508.269s][info][gc,heap     ] GC(1049) Old regions: 38->43
[508.269s][info][gc,heap     ] GC(1049) Humongous regions: 3->3
[508.269s][info][gc,metaspace] GC(1049) Metaspace: 43086K(43520K)->43086K(43520K) NonClass: 38738K(38976K)->38738K(38976K) Class: 4348K(4544K)->4348K(4544K)
[508.269s][info][gc          ] GC(1049) Pause Young (Concurrent Start) (G1 Evacuation Pause) 193M->65M(256M) 23.579ms
[508.269s][info][gc,cpu      ] GC(1049) User=0.05s Sys=0.00s Real=0.03s
[508.269s][info][gc          ] GC(1050) Concurrent Mark Cycle
[508.269s][info][gc,marking  ] GC(1050) Concurrent Scan Root Regions
[508.310s][info][gc,marking  ] GC(1050) Concurrent Scan Root Regions 40.645ms
[508.310s][info][gc,marking  ] GC(1050) Concurrent Mark
[508.310s][info][gc,marking  ] GC(1050) Concurrent Mark From Roots
[508.310s][info][gc,task     ] GC(1050) Using 1 workers of 1 for marking
[508.383s][info][gc,marking  ] GC(1050) Concurrent Mark From Roots 73.214ms
[508.383s][info][gc,marking  ] GC(1050) Concurrent Preclean
[508.383s][info][gc,marking  ] GC(1050) Concurrent Preclean 0.033ms
[508.384s][info][gc,start    ] GC(1050) Pause Remark
[508.401s][info][gc          ] GC(1050) Pause Remark 84M->84M(256M) 17.108ms
[508.401s][info][gc,cpu      ] GC(1050) User=0.03s Sys=0.00s Real=0.02s
[508.401s][info][gc,marking  ] GC(1050) Concurrent Mark 90.661ms
[508.401s][info][gc,marking  ] GC(1050) Concurrent Rebuild Remembered Sets and Scrub Regions
[508.453s][info][gc,marking  ] GC(1050) Concurrent Rebuild Remembered Sets and Scrub Regions 51.721ms
[508.453s][info][gc,start    ] GC(1050) Pause Cleanup
[508.453s][info][gc          ] GC(1050) Pause Cleanup 90M->90M(256M) 0.068ms
[508.453s][info][gc,cpu      ] GC(1050) User=0.00s Sys=0.00s Real=0.00s
[508.453s][info][gc,marking  ] GC(1050) Concurrent Clear Claimed Marks
[508.453s][info][gc,marking  ] GC(1050) Concurrent Clear Claimed Marks 0.051ms
[508.453s][info][gc,marking  ] GC(1050) Concurrent Cleanup for Next Mark
[508.454s][info][gc,marking  ] GC(1050) Concurrent Cleanup for Next Mark 0.758ms
[508.454s][info][gc          ] GC(1050) Concurrent Mark Cycle 184.872ms
[508.965s][info][gc,start    ] GC(1051) Pause Young (Prepare Mixed) (G1 Evacuation Pause)
[508.966s][info][gc,task     ] GC(1051) Using 2 workers of 2 for evacuation
[508.990s][info][gc,phases   ] GC(1051)   Pre Evacuate Collection Set: 0.15ms
[508.990s][info][gc,phases   ] GC(1051)   Merge Heap Roots: 0.13ms
[508.990s][info][gc,phases   ] GC(1051)   Evacuate Collection Set: 23.91ms
[508.990s][info][gc,phases   ] GC(1051)   Post Evacuate Collection Set: 0.46ms
[508.990s][info][gc,phases   ] GC(1051)   Other: 0.09ms
[508.990s][info][gc,heap     ] GC(1051) Eden regions: 133->0(141)
[508.990s][info][gc,heap     ] GC(1051) Survivor regions: 20->12(20)
[508.990s][info][gc,heap     ] GC(1051) Old regions: 43->54
[508.990s][info][gc,heap     ] GC(1051) Humongous regions: 3->3
[508.990s][info][gc,metaspace] GC(1051) Metaspace: 43086K(43520K)->43086K(43520K) NonClass: 38738K(38976K)->38738K(38976K) Class: 4348K(4544K)->4348K(4544K)
[508.990s][info][gc          ] GC(1051) Pause Young (Prepare Mixed) (G1 Evacuation Pause) 198M->68M(256M) 24.951ms
[508.990s][info][gc,cpu      ] GC(1051) User=0.05s Sys=0.00s Real=0.03s
[509.524s][info][gc,start    ] GC(1052) Pause Young (Mixed) (G1 Evacuation Pause)
[509.524s][info][gc,task     ] GC(1052) Using 2 workers of 2 for evacuation
[509.569s][info][gc,phases   ] GC(1052)   Pre Evacuate Collection Set: 1.64ms
[509.569s][info][gc,phases   ] GC(1052)   Merge Heap Roots: 0.95ms
[509.569s][info][gc,phases   ] GC(1052)   Evacuate Collection Set: 41.79ms
[509.569s][info][gc,phases   ] GC(1052)   Post Evacuate Collection Set: 0.45ms
[509.569s][info][gc,phases   ] GC(1052)   Other: 0.08ms
[509.569s][info][gc,heap     ] GC(1052) Eden regions: 141->0(138)
[509.569s][info][gc,heap     ] GC(1052) Survivor regions: 12->13(20)
[509.569s][info][gc,heap     ] GC(1052) Old regions: 54->63
[509.569s][info][gc,heap     ] GC(1052) Humongous regions: 7->3
[509.569s][info][gc,metaspace] GC(1052) Metaspace: 43086K(43520K)->43086K(43520K) NonClass: 38738K(38976K)->38738K(38976K) Class: 4348K(4544K)->4348K(4544K)
[509.569s][info][gc          ] GC(1052) Pause Young (Mixed) (G1 Evacuation Pause) 213M->78M(256M) 45.228ms
[509.569s][info][gc,cpu      ] GC(1052) User=0.06s Sys=0.00s Real=0.04s
[509.631s][info][gc,start    ] GC(1053) Pause Young (Concurrent Start) (G1 Humongous Allocation)
[509.631s][info][gc,task     ] GC(1053) Using 2 workers of 2 for evacuation
[509.637s][info][gc,phases   ] GC(1053)   Pre Evacuate Collection Set: 0.16ms
[509.637s][info][gc,phases   ] GC(1053)   Merge Heap Roots: 0.05ms
[509.637s][info][gc,phases   ] GC(1053)   Evacuate Collection Set: 4.67ms
[509.637s][info][gc,phases   ] GC(1053)   Post Evacuate Collection Set: 0.30ms
[509.637s][info][gc,phases   ] GC(1053)   Other: 0.08ms
[509.637s][info][gc,heap     ] GC(1053) Eden regions: 15->0(152)
[509.637s][info][gc,heap     ] GC(1053) Survivor regions: 13->1(19)
[509.637s][info][gc,heap     ] GC(1053) Old regions: 63->67
[509.637s][info][gc,heap     ] GC(1053) Humongous regions: 3->1
[509.637s][info][gc,metaspace] GC(1053) Metaspace: 43086K(43520K)->43086K(43520K) NonClass: 38738K(38976K)->38738K(38976K) Class: 4348K(4544K)->4348K(4544K)
[509.637s][info][gc          ] GC(1053) Pause Young (Concurrent Start) (G1 Humongous Allocation) 93M->68M(256M) 5.426ms
[509.637s][info][gc,cpu      ] GC(1053) User=0.01s Sys=0.00s Real=0.00s
[509.637s][info][gc          ] GC(1054) Concurrent Mark Cycle
[509.637s][info][gc,marking  ] GC(1054) Concurrent Scan Root Regions
[509.642s][info][gc,marking  ] GC(1054) Concurrent Scan Root Regions 4.642ms
[509.642s][info][gc,marking  ] GC(1054) Concurrent Mark
[509.642s][info][gc,marking  ] GC(1054) Concurrent Mark From Roots
[509.642s][info][gc,task     ] GC(1054) Using 1 workers of 1 for marking
[509.724s][info][gc,marking  ] GC(1054) Concurrent Mark From Roots 82.593ms
[509.724s][info][gc,marking  ] GC(1054) Concurrent Preclean
[509.724s][info][gc,marking  ] GC(1054) Concurrent Preclean 0.034ms
[509.724s][info][gc,start    ] GC(1054) Pause Remark
[509.741s][info][gc          ] GC(1054) Pause Remark 88M->88M(256M) 17.080ms
[509.742s][info][gc,cpu      ] GC(1054) User=0.04s Sys=0.00s Real=0.02s
[509.744s][info][gc,marking  ] GC(1054) Concurrent Mark 102.496ms
[509.744s][info][gc,marking  ] GC(1054) Concurrent Rebuild Remembered Sets and Scrub Regions
[509.778s][info][gc,marking  ] GC(1054) Concurrent Rebuild Remembered Sets and Scrub Regions 34.078ms
[509.778s][info][gc,start    ] GC(1054) Pause Cleanup
[509.778s][info][gc          ] GC(1054) Pause Cleanup 93M->93M(256M) 0.042ms
[509.778s][info][gc,cpu      ] GC(1054) User=0.00s Sys=0.00s Real=0.00s
[509.778s][info][gc,marking  ] GC(1054) Concurrent Clear Claimed Marks
[509.778s][info][gc,marking  ] GC(1054) Concurrent Clear Claimed Marks 0.053ms
[509.778s][info][gc,marking  ] GC(1054) Concurrent Cleanup for Next Mark
[509.779s][info][gc,marking  ] GC(1054) Concurrent Cleanup for Next Mark 0.743ms
[509.779s][info][gc          ] GC(1054) Concurrent Mark Cycle 142.367ms
[510.279s][info][gc,start    ] GC(1055) Pause Young (Prepare Mixed) (G1 Evacuation Pause)
[510.279s][info][gc,task     ] GC(1055) Using 2 workers of 2 for evacuation
[510.282s][info][gc,phases   ] GC(1055)   Pre Evacuate Collection Set: 0.43ms
[510.282s][info][gc,phases   ] GC(1055)   Merge Heap Roots: 0.07ms
[510.282s][info][gc,phases   ] GC(1055)   Evacuate Collection Set: 1.58ms
[510.282s][info][gc,phases   ] GC(1055)   Post Evacuate Collection Set: 0.52ms
[510.282s][info][gc,phases   ] GC(1055)   Other: 0.11ms
[510.282s][info][gc,heap     ] GC(1055) Eden regions: 152->0(151)
[510.282s][info][gc,heap     ] GC(1055) Survivor regions: 1->2(20)
[510.282s][info][gc,heap     ] GC(1055) Old regions: 67->67
[510.282s][info][gc,heap     ] GC(1055) Humongous regions: 11->1
[510.282s][info][gc,metaspace] GC(1055) Metaspace: 43086K(43520K)->43086K(43520K) NonClass: 38738K(38976K)->38738K(38976K) Class: 4348K(4544K)->4348K(4544K)
[510.282s][info][gc          ] GC(1055) Pause Young (Prepare Mixed) (G1 Evacuation Pause) 230M->68M(256M) 2.861ms
[510.282s][info][gc,cpu      ] GC(1055) User=0.01s Sys=0.00s Real=0.00s
[510.908s][info][gc,start    ] GC(1056) Pause Young (Mixed) (G1 Evacuation Pause)
[510.908s][info][gc,task     ] GC(1056) Using 2 workers of 2 for evacuation
[510.919s][info][gc,phases   ] GC(1056)   Pre Evacuate Collection Set: 0.16ms
[510.919s][info][gc,phases   ] GC(1056)   Merge Heap Roots: 0.06ms
[510.919s][info][gc,phases   ] GC(1056)   Evacuate Collection Set: 9.79ms
[510.919s][info][gc,phases   ] GC(1056)   Post Evacuate Collection Set: 0.41ms
[510.919s][info][gc,phases   ] GC(1056)   Other: 0.09ms
[510.919s][info][gc,heap     ] GC(1056) Eden regions: 151->0(143)
[510.919s][info][gc,heap     ] GC(1056) Survivor regions: 2->10(20)
[510.919s][info][gc,heap     ] GC(1056) Old regions: 67->63
[510.919s][info][gc,heap     ] GC(1056) Humongous regions: 5->3
[510.919s][info][gc,metaspace] GC(1056) Metaspace: 43086K(43520K)->43086K(43520K) NonClass: 38738K(38976K)->38738K(38976K) Class: 4348K(4544K)->4348K(4544K)
[510.919s][info][gc          ] GC(1056) Pause Young (Mixed) (G1 Evacuation Pause) 223M->75M(256M) 10.675ms
[510.919s][info][gc,cpu      ] GC(1056) User=0.02s Sys=0.00s Real=0.01s
[510.990s][info][gc,start    ] GC(1057) Pause Young (Concurrent Start) (G1 Humongous Allocation)
[510.990s][info][gc,task     ] GC(1057) Using 2 workers of 2 for evacuation
[510.994s][info][gc,phases   ] GC(1057)   Pre Evacuate Collection Set: 0.15ms
[510.994s][info][gc,phases   ] GC(1057)   Merge Heap Roots: 0.04ms
[510.994s][info][gc,phases   ] GC(1057)   Evacuate Collection Set: 3.49ms
[510.994s][info][gc,phases   ] GC(1057)   Post Evacuate Collection Set: 0.38ms
[510.994s][info][gc,phases   ] GC(1057)   Other: 0.11ms
[510.994s][info][gc,heap     ] GC(1057) Eden regions: 17->0(151)
[510.994s][info][gc,heap     ] GC(1057) Survivor regions: 10->2(20)
[510.994s][info][gc,heap     ] GC(1057) Old regions: 63->63
[510.994s][info][gc,heap     ] GC(1057) Humongous regions: 3->1
[510.994s][info][gc,metaspace] GC(1057) Metaspace: 43086K(43520K)->43086K(43520K) NonClass: 38738K(38976K)->38738K(38976K) Class: 4348K(4544K)->4348K(4544K)
[510.994s][info][gc          ] GC(1057) Pause Young (Concurrent Start) (G1 Humongous Allocation) 92M->65M(256M) 4.352ms
[510.994s][info][gc,cpu      ] GC(1057) User=0.01s Sys=0.00s Real=0.00s
[511.002s][info][gc          ] GC(1058) Concurrent Mark Cycle
[511.002s][info][gc,marking  ] GC(1058) Concurrent Scan Root Regions
[511.014s][info][gc,marking  ] GC(1058) Concurrent Scan Root Regions 12.222ms
[511.014s][info][gc,marking  ] GC(1058) Concurrent Mark
[511.014s][info][gc,marking  ] GC(1058) Concurrent Mark From Roots
[511.014s][info][gc,task     ] GC(1058) Using 1 workers of 1 for marking
[511.070s][info][gc,marking  ] GC(1058) Concurrent Mark From Roots 56.244ms
[511.070s][info][gc,marking  ] GC(1058) Concurrent Preclean
[511.070s][info][gc,marking  ] GC(1058) Concurrent Preclean 0.035ms
[511.071s][info][gc,start    ] GC(1058) Pause Remark
[511.089s][info][gc          ] GC(1058) Pause Remark 84M->79M(256M) 18.470ms
[511.089s][info][gc,cpu      ] GC(1058) User=0.04s Sys=0.00s Real=0.02s
[511.089s][info][gc,marking  ] GC(1058) Concurrent Mark 75.086ms
[511.089s][info][gc,marking  ] GC(1058) Concurrent Rebuild Remembered Sets and Scrub Regions
[511.111s][info][gc,marking  ] GC(1058) Concurrent Rebuild Remembered Sets and Scrub Regions 21.710ms
[511.111s][info][gc,start    ] GC(1058) Pause Cleanup
[511.111s][info][gc          ] GC(1058) Pause Cleanup 82M->82M(256M) 0.044ms
[511.111s][info][gc,cpu      ] GC(1058) User=0.00s Sys=0.00s Real=0.00s
[511.111s][info][gc,marking  ] GC(1058) Concurrent Clear Claimed Marks
[511.111s][info][gc,marking  ] GC(1058) Concurrent Clear Claimed Marks 0.037ms
[511.111s][info][gc,marking  ] GC(1058) Concurrent Cleanup for Next Mark
[511.112s][info][gc,marking  ] GC(1058) Concurrent Cleanup for Next Mark 0.731ms
[511.112s][info][gc          ] GC(1058) Concurrent Mark Cycle 110.091ms
[511.577s][info][gc,start    ] GC(1059) Pause Young (Prepare Mixed) (G1 Evacuation Pause)
[511.577s][info][gc,task     ] GC(1059) Using 2 workers of 2 for evacuation
[511.604s][info][gc,phases   ] GC(1059)   Pre Evacuate Collection Set: 0.22ms
[511.604s][info][gc,phases   ] GC(1059)   Merge Heap Roots: 0.06ms
[511.604s][info][gc,phases   ] GC(1059)   Evacuate Collection Set: 26.14ms
[511.604s][info][gc,phases   ] GC(1059)   Post Evacuate Collection Set: 0.53ms
[511.604s][info][gc,phases   ] GC(1059)   Other: 0.07ms
[511.604s][info][gc,heap     ] GC(1059) Eden regions: 151->0(142)
[511.604s][info][gc,heap     ] GC(1059) Survivor regions: 2->11(20)
[511.604s][info][gc,heap     ] GC(1059) Old regions: 58->58
[511.604s][info][gc,heap     ] GC(1059) Humongous regions: 9->3
[511.604s][info][gc,metaspace] GC(1059) Metaspace: 43086K(43520K)->43086K(43520K) NonClass: 38738K(38976K)->38738K(38976K) Class: 4348K(4544K)->4348K(4544K)
[511.604s][info][gc          ] GC(1059) Pause Young (Prepare Mixed) (G1 Evacuation Pause) 219M->71M(256M) 27.195ms
[511.604s][info][gc,cpu      ] GC(1059) User=0.03s Sys=0.00s Real=0.03s
[512.205s][info][gc,start    ] GC(1060) Pause Young (Mixed) (G1 Evacuation Pause)
[512.205s][info][gc,task     ] GC(1060) Using 2 workers of 2 for evacuation
[512.219s][info][gc,phases   ] GC(1060)   Pre Evacuate Collection Set: 0.21ms
[512.219s][info][gc,phases   ] GC(1060)   Merge Heap Roots: 0.08ms
[512.219s][info][gc,phases   ] GC(1060)   Evacuate Collection Set: 13.63ms
[512.219s][info][gc,phases   ] GC(1060)   Post Evacuate Collection Set: 0.46ms
[512.219s][info][gc,phases   ] GC(1060)   Other: 0.10ms
[512.219s][info][gc,heap     ] GC(1060) Eden regions: 142->0(140)
[512.219s][info][gc,heap     ] GC(1060) Survivor regions: 11->13(20)
[512.219s][info][gc,heap     ] GC(1060) Old regions: 58->47
[512.220s][info][gc,heap     ] GC(1060) Humongous regions: 5->3
[512.220s][info][gc,metaspace] GC(1060) Metaspace: 43086K(43520K)->43086K(43520K) NonClass: 38738K(38976K)->38738K(38976K) Class: 4348K(4544K)->4348K(4544K)
[512.220s][info][gc          ] GC(1060) Pause Young (Mixed) (G1 Evacuation Pause) 215M->62M(256M) 14.663ms
[512.220s][info][gc,cpu      ] GC(1060) User=0.03s Sys=0.00s Real=0.02s
[512.252s][info][gc,start    ] GC(1061) Pause Young (Concurrent Start) (G1 Humongous Allocation)
[512.252s][info][gc,task     ] GC(1061) Using 2 workers of 2 for evacuation
[512.255s][info][gc,phases   ] GC(1061)   Pre Evacuate Collection Set: 0.16ms
[512.255s][info][gc,phases   ] GC(1061)   Merge Heap Roots: 0.03ms
[512.255s][info][gc,phases   ] GC(1061)   Evacuate Collection Set: 3.15ms
[512.255s][info][gc,phases   ] GC(1061)   Post Evacuate Collection Set: 0.28ms
[512.256s][info][gc,phases   ] GC(1061)   Other: 0.10ms
[512.256s][info][gc,heap     ] GC(1061) Eden regions: 7->0(152)
[512.256s][info][gc,heap     ] GC(1061) Survivor regions: 13->1(20)
[512.256s][info][gc,heap     ] GC(1061) Old regions: 47->50
[512.256s][info][gc,heap     ] GC(1061) Humongous regions: 3->1
[512.256s][info][gc,metaspace] GC(1061) Metaspace: 43086K(43520K)->43086K(43520K) NonClass: 38738K(38976K)->38738K(38976K) Class: 4348K(4544K)->4348K(4544K)
[512.256s][info][gc          ] GC(1061) Pause Young (Concurrent Start) (G1 Humongous Allocation) 69M->51M(256M) 3.899ms
[512.256s][info][gc,cpu      ] GC(1061) User=0.00s Sys=0.00s Real=0.00s
[512.256s][info][gc          ] GC(1062) Concurrent Mark Cycle
[512.256s][info][gc,marking  ] GC(1062) Concurrent Scan Root Regions
[512.260s][info][gc,marking  ] GC(1062) Concurrent Scan Root Regions 4.265ms
[512.260s][info][gc,marking  ] GC(1062) Concurrent Mark
[512.260s][info][gc,marking  ] GC(1062) Concurrent Mark From Roots
[512.260s][info][gc,task     ] GC(1062) Using 1 workers of 1 for marking
[512.320s][info][gc,marking  ] GC(1062) Concurrent Mark From Roots 60.443ms
[512.320s][info][gc,marking  ] GC(1062) Concurrent Preclean
[512.320s][info][gc,marking  ] GC(1062) Concurrent Preclean 0.034ms
[512.321s][info][gc,start    ] GC(1062) Pause Remark
[512.337s][info][gc          ] GC(1062) Pause Remark 69M->69M(256M) 16.842ms
[512.337s][info][gc,cpu      ] GC(1062) User=0.03s Sys=0.00s Real=0.01s
[512.338s][info][gc,marking  ] GC(1062) Concurrent Mark 77.608ms
[512.338s][info][gc,marking  ] GC(1062) Concurrent Rebuild Remembered Sets and Scrub Regions
[512.363s][info][gc,marking  ] GC(1062) Concurrent Rebuild Remembered Sets and Scrub Regions 25.845ms
[512.367s][info][gc,start    ] GC(1062) Pause Cleanup
[512.367s][info][gc          ] GC(1062) Pause Cleanup 73M->73M(256M) 0.054ms
[512.367s][info][gc,cpu      ] GC(1062) User=0.00s Sys=0.00s Real=0.00s
[512.367s][info][gc,marking  ] GC(1062) Concurrent Clear Claimed Marks
[512.367s][info][gc,marking  ] GC(1062) Concurrent Clear Claimed Marks 0.039ms
[512.367s][info][gc,marking  ] GC(1062) Concurrent Cleanup for Next Mark
[512.368s][info][gc,marking  ] GC(1062) Concurrent Cleanup for Next Mark 0.789ms
[512.368s][info][gc          ] GC(1062) Concurrent Mark Cycle 111.947ms
[512.815s][info][gc,start    ] GC(1063) Pause Young (Prepare Mixed) (G1 Evacuation Pause)
[512.815s][info][gc,task     ] GC(1063) Using 2 workers of 2 for evacuation
[512.836s][info][gc,phases   ] GC(1063)   Pre Evacuate Collection Set: 0.17ms
[512.836s][info][gc,phases   ] GC(1063)   Merge Heap Roots: 0.06ms
[512.836s][info][gc,phases   ] GC(1063)   Evacuate Collection Set: 20.26ms
[512.836s][info][gc,phases   ] GC(1063)   Post Evacuate Collection Set: 0.47ms
[512.836s][info][gc,phases   ] GC(1063)   Other: 0.07ms
[512.836s][info][gc,heap     ] GC(1063) Eden regions: 152->0(133)
[512.836s][info][gc,heap     ] GC(1063) Survivor regions: 1->20(20)
[512.836s][info][gc,heap     ] GC(1063) Old regions: 50->54
[512.836s][info][gc,heap     ] GC(1063) Humongous regions: 7->3
[512.836s][info][gc,metaspace] GC(1063) Metaspace: 43086K(43520K)->43086K(43520K) NonClass: 38738K(38976K)->38738K(38976K) Class: 4348K(4544K)->4348K(4544K)
[512.836s][info][gc          ] GC(1063) Pause Young (Prepare Mixed) (G1 Evacuation Pause) 209M->77M(256M) 21.236ms
[512.836s][info][gc,cpu      ] GC(1063) User=0.04s Sys=0.00s Real=0.02s
[513.371s][info][gc,start    ] GC(1064) Pause Young (Mixed) (G1 Evacuation Pause)
[513.371s][info][gc,task     ] GC(1064) Using 2 workers of 2 for evacuation
[513.415s][info][gc,phases   ] GC(1064)   Pre Evacuate Collection Set: 0.17ms
[513.415s][info][gc,phases   ] GC(1064)   Merge Heap Roots: 0.15ms
[513.415s][info][gc,phases   ] GC(1064)   Evacuate Collection Set: 42.99ms
[513.415s][info][gc,phases   ] GC(1064)   Post Evacuate Collection Set: 0.75ms
[513.415s][info][gc,phases   ] GC(1064)   Other: 0.07ms
[513.415s][info][gc,heap     ] GC(1064) Eden regions: 133->0(142)
[513.415s][info][gc,heap     ] GC(1064) Survivor regions: 20->20(20)
[513.415s][info][gc,heap     ] GC(1064) Old regions: 54->69
[513.415s][info][gc,heap     ] GC(1064) Humongous regions: 3->3
[513.415s][info][gc,metaspace] GC(1064) Metaspace: 43086K(43520K)->43086K(43520K) NonClass: 38738K(38976K)->38738K(38976K) Class: 4348K(4544K)->4348K(4544K)
[513.415s][info][gc          ] GC(1064) Pause Young (Mixed) (G1 Evacuation Pause) 210M->92M(286M) 44.337ms
[513.415s][info][gc,cpu      ] GC(1064) User=0.09s Sys=0.00s Real=0.04s
[514.177s][info][gc,start    ] GC(1065) Pause Young (Concurrent Start) (G1 Evacuation Pause)
[514.177s][info][gc,task     ] GC(1065) Using 2 workers of 2 for evacuation
[514.254s][info][gc,phases   ] GC(1065)   Pre Evacuate Collection Set: 0.19ms
[514.254s][info][gc,phases   ] GC(1065)   Merge Heap Roots: 0.22ms
[514.254s][info][gc,phases   ] GC(1065)   Evacuate Collection Set: 76.31ms
[514.254s][info][gc,phases   ] GC(1065)   Post Evacuate Collection Set: 0.51ms
[514.254s][info][gc,phases   ] GC(1065)   Other: 0.12ms
[514.254s][info][gc,heap     ] GC(1065) Eden regions: 142->0(106)
[514.254s][info][gc,heap     ] GC(1065) Survivor regions: 20->21(21)
[514.254s][info][gc,heap     ] GC(1065) Old regions: 69->106
[514.254s][info][gc,heap     ] GC(1065) Humongous regions: 3->3
[514.254s][info][gc,metaspace] GC(1065) Metaspace: 43086K(43520K)->43086K(43520K) NonClass: 38738K(38976K)->38738K(38976K) Class: 4348K(4544K)->4348K(4544K)
[514.254s][info][gc          ] GC(1065) Pause Young (Concurrent Start) (G1 Evacuation Pause) 234M->130M(292M) 77.528ms
[514.254s][info][gc          ] GC(1066) Concurrent Mark Cycle
[514.254s][info][gc,marking  ] GC(1066) Concurrent Scan Root Regions
[514.255s][info][gc,cpu      ] GC(1065) User=0.15s Sys=0.01s Real=0.08s
[514.365s][info][gc,marking  ] GC(1066) Concurrent Scan Root Regions 111.001ms
[514.365s][info][gc,marking  ] GC(1066) Concurrent Mark
[514.365s][info][gc,marking  ] GC(1066) Concurrent Mark From Roots
[514.365s][info][gc,task     ] GC(1066) Using 1 workers of 1 for marking
[514.460s][info][gc,marking  ] GC(1066) Concurrent Mark From Roots 94.458ms
[514.460s][info][gc,marking  ] GC(1066) Concurrent Preclean
[514.460s][info][gc,marking  ] GC(1066) Concurrent Preclean 0.044ms
[514.460s][info][gc,start    ] GC(1066) Pause Remark
[514.477s][info][gc          ] GC(1066) Pause Remark 158M->158M(292M) 17.069ms
[514.477s][info][gc,cpu      ] GC(1066) User=0.03s Sys=0.00s Real=0.01s
[514.477s][info][gc,marking  ] GC(1066) Concurrent Mark 111.879ms
[514.477s][info][gc,marking  ] GC(1066) Concurrent Rebuild Remembered Sets and Scrub Regions
[514.553s][info][gc,marking  ] GC(1066) Concurrent Rebuild Remembered Sets and Scrub Regions 75.534ms
[514.553s][info][gc,start    ] GC(1066) Pause Cleanup
[514.553s][info][gc          ] GC(1066) Pause Cleanup 168M->168M(292M) 0.048ms
[514.553s][info][gc,cpu      ] GC(1066) User=0.00s Sys=0.00s Real=0.00s
[514.553s][info][gc,marking  ] GC(1066) Concurrent Clear Claimed Marks
[514.553s][info][gc,marking  ] GC(1066) Concurrent Clear Claimed Marks 0.040ms
[514.553s][info][gc,marking  ] GC(1066) Concurrent Cleanup for Next Mark
[514.554s][info][gc,marking  ] GC(1066) Concurrent Cleanup for Next Mark 1.243ms
[514.554s][info][gc          ] GC(1066) Concurrent Mark Cycle 300.082ms
[514.845s][info][gc,start    ] GC(1067) Pause Young (Prepare Mixed) (G1 Evacuation Pause)
[514.845s][info][gc,task     ] GC(1067) Using 2 workers of 2 for evacuation
[514.906s][info][gc,phases   ] GC(1067)   Pre Evacuate Collection Set: 0.16ms
[514.906s][info][gc,phases   ] GC(1067)   Merge Heap Roots: 0.46ms
[514.906s][info][gc,phases   ] GC(1067)   Evacuate Collection Set: 60.20ms
[514.906s][info][gc,phases   ] GC(1067)   Post Evacuate Collection Set: 0.46ms
[514.906s][info][gc,phases   ] GC(1067)   Other: 0.08ms
[514.906s][info][gc,heap     ] GC(1067) Eden regions: 106->0(84)
[514.906s][info][gc,heap     ] GC(1067) Survivor regions: 21->16(16)
[514.906s][info][gc,heap     ] GC(1067) Old regions: 106->140
[514.906s][info][gc,heap     ] GC(1067) Humongous regions: 5->3
[514.906s][info][gc,metaspace] GC(1067) Metaspace: 43086K(43520K)->43086K(43520K) NonClass: 38738K(38976K)->38738K(38976K) Class: 4348K(4544K)->4348K(4544K)
[514.906s][info][gc          ] GC(1067) Pause Young (Prepare Mixed) (G1 Evacuation Pause) 238M->159M(292M) 61.580ms
[514.906s][info][gc,cpu      ] GC(1067) User=0.12s Sys=0.00s Real=0.06s
[515.292s][info][gc,start    ] GC(1068) Pause Young (Mixed) (G1 Evacuation Pause)
[515.292s][info][gc,task     ] GC(1068) Using 2 workers of 2 for evacuation
[515.338s][info][gc,phases   ] GC(1068)   Pre Evacuate Collection Set: 0.15ms
[515.338s][info][gc,phases   ] GC(1068)   Merge Heap Roots: 0.27ms
[515.338s][info][gc,phases   ] GC(1068)   Evacuate Collection Set: 44.84ms
[515.338s][info][gc,phases   ] GC(1068)   Post Evacuate Collection Set: 0.41ms
[515.338s][info][gc,phases   ] GC(1068)   Other: 0.11ms
[515.338s][info][gc,heap     ] GC(1068) Eden regions: 84->0(77)
[515.338s][info][gc,heap     ] GC(1068) Survivor regions: 16->13(13)
[515.338s][info][gc,heap     ] GC(1068) Old regions: 140->156
[515.338s][info][gc,heap     ] GC(1068) Humongous regions: 5->1
[515.338s][info][gc,metaspace] GC(1068) Metaspace: 43086K(43520K)->43086K(43520K) NonClass: 38738K(38976K)->38738K(38976K) Class: 4348K(4544K)->4348K(4544K)
[515.338s][info][gc          ] GC(1068) Pause Young (Mixed) (G1 Evacuation Pause) 245M->170M(292M) 45.985ms
[515.338s][info][gc,cpu      ] GC(1068) User=0.09s Sys=0.00s Real=0.04s
[515.341s][info][gc,start    ] GC(1069) Pause Young (Concurrent Start) (G1 Humongous Allocation)
[515.341s][info][gc,task     ] GC(1069) Using 2 workers of 2 for evacuation
[515.357s][info][gc,phases   ] GC(1069)   Pre Evacuate Collection Set: 0.16ms
[515.357s][info][gc,phases   ] GC(1069)   Merge Heap Roots: 0.10ms
[515.357s][info][gc,phases   ] GC(1069)   Evacuate Collection Set: 15.60ms
[515.357s][info][gc,phases   ] GC(1069)   Post Evacuate Collection Set: 0.26ms
[515.357s][info][gc,phases   ] GC(1069)   Other: 0.09ms
[515.357s][info][gc,heap     ] GC(1069) Eden regions: 2->0(76)
[515.357s][info][gc,heap     ] GC(1069) Survivor regions: 13->1(12)
[515.357s][info][gc,heap     ] GC(1069) Old regions: 156->170
[515.357s][info][gc,heap     ] GC(1069) Humongous regions: 1->1
[515.357s][info][gc,metaspace] GC(1069) Metaspace: 43086K(43520K)->43086K(43520K) NonClass: 38738K(38976K)->38738K(38976K) Class: 4348K(4544K)->4348K(4544K)
[515.357s][info][gc          ] GC(1069) Pause Young (Concurrent Start) (G1 Humongous Allocation) 171M->171M(292M) 16.370ms
[515.357s][info][gc,cpu      ] GC(1069) User=0.03s Sys=0.00s Real=0.01s
[515.357s][info][gc          ] GC(1070) Concurrent Mark Cycle
[515.357s][info][gc,marking  ] GC(1070) Concurrent Scan Root Regions
[515.373s][info][gc,marking  ] GC(1070) Concurrent Scan Root Regions 15.760ms
[515.373s][info][gc,marking  ] GC(1070) Concurrent Mark
[515.373s][info][gc,marking  ] GC(1070) Concurrent Mark From Roots
[515.373s][info][gc,task     ] GC(1070) Using 1 workers of 1 for marking
[515.461s][info][gc,marking  ] GC(1070) Concurrent Mark From Roots 87.542ms
[515.461s][info][gc,marking  ] GC(1070) Concurrent Preclean
[515.461s][info][gc,marking  ] GC(1070) Concurrent Preclean 0.035ms
[515.461s][info][gc,start    ] GC(1070) Pause Remark
[515.478s][info][gc          ] GC(1070) Pause Remark 205M->171M(292M) 17.077ms
[515.478s][info][gc,cpu      ] GC(1070) User=0.03s Sys=0.00s Real=0.01s
[515.478s][info][gc,marking  ] GC(1070) Concurrent Mark 104.965ms
[515.478s][info][gc,marking  ] GC(1070) Concurrent Rebuild Remembered Sets and Scrub Regions
[515.529s][info][gc,marking  ] GC(1070) Concurrent Rebuild Remembered Sets and Scrub Regions 51.462ms
[515.530s][info][gc,start    ] GC(1070) Pause Cleanup
[515.530s][info][gc          ] GC(1070) Pause Cleanup 180M->180M(292M) 0.067ms
[515.530s][info][gc,cpu      ] GC(1070) User=0.00s Sys=0.00s Real=0.00s
[515.530s][info][gc,marking  ] GC(1070) Concurrent Clear Claimed Marks
[515.530s][info][gc,marking  ] GC(1070) Concurrent Clear Claimed Marks 0.039ms
[515.530s][info][gc,marking  ] GC(1070) Concurrent Cleanup for Next Mark
[515.531s][info][gc,marking  ] GC(1070) Concurrent Cleanup for Next Mark 0.852ms
[515.531s][info][gc          ] GC(1070) Concurrent Mark Cycle 173.491ms
[515.675s][info][gc,start    ] GC(1071) Pause Young (Prepare Mixed) (G1 Evacuation Pause)
[515.675s][info][gc,task     ] GC(1071) Using 2 workers of 2 for evacuation
[515.686s][info][gc,phases   ] GC(1071)   Pre Evacuate Collection Set: 0.16ms
[515.686s][info][gc,phases   ] GC(1071)   Merge Heap Roots: 0.06ms
[515.686s][info][gc,phases   ] GC(1071)   Evacuate Collection Set: 10.95ms
[515.686s][info][gc,phases   ] GC(1071)   Post Evacuate Collection Set: 0.36ms
[515.686s][info][gc,phases   ] GC(1071)   Other: 0.09ms
[515.686s][info][gc,heap     ] GC(1071) Eden regions: 76->0(89)
[515.686s][info][gc,heap     ] GC(1071) Survivor regions: 1->10(10)
[515.686s][info][gc,heap     ] GC(1071) Old regions: 136->137
[515.686s][info][gc,heap     ] GC(1071) Humongous regions: 3->3
[515.686s][info][gc,metaspace] GC(1071) Metaspace: 43086K(43520K)->43086K(43520K) NonClass: 38738K(38976K)->38738K(38976K) Class: 4348K(4544K)->4348K(4544K)
[515.686s][info][gc          ] GC(1071) Pause Young (Prepare Mixed) (G1 Evacuation Pause) 215M->149M(292M) 11.824ms
[515.686s][info][gc,cpu      ] GC(1071) User=0.02s Sys=0.00s Real=0.01s
[515.973s][info][gc,start    ] GC(1072) Pause Young (Mixed) (G1 Evacuation Pause)
[515.973s][info][gc,task     ] GC(1072) Using 2 workers of 2 for evacuation
[515.988s][info][gc,phases   ] GC(1072)   Pre Evacuate Collection Set: 0.19ms
[515.988s][info][gc,phases   ] GC(1072)   Merge Heap Roots: 0.09ms
[515.989s][info][gc,phases   ] GC(1072)   Evacuate Collection Set: 13.81ms
[515.989s][info][gc,phases   ] GC(1072)   Post Evacuate Collection Set: 1.20ms
[515.989s][info][gc,phases   ] GC(1072)   Other: 0.08ms
[515.989s][info][gc,heap     ] GC(1072) Eden regions: 89->0(166)
[515.989s][info][gc,heap     ] GC(1072) Survivor regions: 10->7(13)
[515.989s][info][gc,heap     ] GC(1072) Old regions: 137->115
[515.989s][info][gc,heap     ] GC(1072) Humongous regions: 11->3
[515.989s][info][gc,metaspace] GC(1072) Metaspace: 43086K(43520K)->43086K(43520K) NonClass: 38738K(38976K)->38738K(38976K) Class: 4348K(4544K)->4348K(4544K)
[515.989s][info][gc          ] GC(1072) Pause Young (Mixed) (G1 Evacuation Pause) 246M->124M(402M) 15.553ms
[515.989s][info][gc,cpu      ] GC(1072) User=0.03s Sys=0.01s Real=0.01s
[516.619s][info][gc,start    ] GC(1073) Pause Young (Mixed) (G1 Evacuation Pause)
[516.619s][info][gc,task     ] GC(1073) Using 2 workers of 2 for evacuation
[516.644s][info][gc,phases   ] GC(1073)   Pre Evacuate Collection Set: 0.31ms
[516.644s][info][gc,phases   ] GC(1073)   Merge Heap Roots: 0.92ms
[516.644s][info][gc,phases   ] GC(1073)   Evacuate Collection Set: 23.59ms
[516.644s][info][gc,phases   ] GC(1073)   Post Evacuate Collection Set: 0.56ms
[516.644s][info][gc,phases   ] GC(1073)   Other: 0.08ms
[516.644s][info][gc,heap     ] GC(1073) Eden regions: 166->0(191)
[516.644s][info][gc,heap     ] GC(1073) Survivor regions: 7->12(22)
[516.644s][info][gc,heap     ] GC(1073) Old regions: 115->84
[516.644s][info][gc,heap     ] GC(1073) Humongous regions: 5->3
[516.644s][info][gc,metaspace] GC(1073) Metaspace: 43086K(43520K)->43086K(43520K) NonClass: 38738K(38976K)->38738K(38976K) Class: 4348K(4544K)->4348K(4544K)
[516.644s][info][gc          ] GC(1073) Pause Young (Mixed) (G1 Evacuation Pause) 292M->98M(402M) 25.657ms
[516.644s][info][gc,cpu      ] GC(1073) User=0.05s Sys=0.00s Real=0.03s
[517.172s][info][gc,start    ] GC(1074) Pause Young (Concurrent Start) (G1 Humongous Allocation)
[517.172s][info][gc,task     ] GC(1074) Using 2 workers of 2 for evacuation
[517.200s][info][gc,phases   ] GC(1074)   Pre Evacuate Collection Set: 0.24ms
[517.200s][info][gc,phases   ] GC(1074)   Merge Heap Roots: 0.09ms
[517.200s][info][gc,phases   ] GC(1074)   Evacuate Collection Set: 26.77ms
[517.200s][info][gc,phases   ] GC(1074)   Post Evacuate Collection Set: 0.53ms
[517.200s][info][gc,phases   ] GC(1074)   Other: 0.09ms
[517.200s][info][gc,heap     ] GC(1074) Eden regions: 162->0(171)
[517.200s][info][gc,heap     ] GC(1074) Survivor regions: 12->26(26)
[517.200s][info][gc,heap     ] GC(1074) Old regions: 84->99
[517.200s][info][gc,heap     ] GC(1074) Humongous regions: 3->3
[517.200s][info][gc,metaspace] GC(1074) Metaspace: 43086K(43520K)->43086K(43520K) NonClass: 38738K(38976K)->38738K(38976K) Class: 4348K(4544K)->4348K(4544K)
[517.200s][info][gc          ] GC(1074) Pause Young (Concurrent Start) (G1 Humongous Allocation) 259M->127M(402M) 27.939ms
[517.200s][info][gc,cpu      ] GC(1074) User=0.06s Sys=0.00s Real=0.03s
[517.200s][info][gc          ] GC(1075) Concurrent Mark Cycle
[517.200s][info][gc,marking  ] GC(1075) Concurrent Scan Root Regions
[517.221s][info][gc,marking  ] GC(1075) Concurrent Scan Root Regions 21.175ms
[517.221s][info][gc,marking  ] GC(1075) Concurrent Mark
[517.221s][info][gc,marking  ] GC(1075) Concurrent Mark From Roots
[517.221s][info][gc,task     ] GC(1075) Using 1 workers of 1 for marking
[517.301s][info][gc,marking  ] GC(1075) Concurrent Mark From Roots 80.213ms
[517.301s][info][gc,marking  ] GC(1075) Concurrent Preclean
[517.301s][info][gc,marking  ] GC(1075) Concurrent Preclean 0.036ms
[517.301s][info][gc,start    ] GC(1075) Pause Remark
[517.319s][info][gc          ] GC(1075) Pause Remark 150M->136M(384M) 17.230ms
[517.319s][info][gc,cpu      ] GC(1075) User=0.04s Sys=0.00s Real=0.01s
[517.319s][info][gc,marking  ] GC(1075) Concurrent Mark 97.808ms
[517.319s][info][gc,marking  ] GC(1075) Concurrent Rebuild Remembered Sets and Scrub Regions
[517.362s][info][gc,marking  ] GC(1075) Concurrent Rebuild Remembered Sets and Scrub Regions 43.117ms
[517.362s][info][gc,start    ] GC(1075) Pause Cleanup
[517.362s][info][gc          ] GC(1075) Pause Cleanup 148M->148M(384M) 0.049ms
[517.362s][info][gc,cpu      ] GC(1075) User=0.00s Sys=0.00s Real=0.00s
[517.362s][info][gc,marking  ] GC(1075) Concurrent Clear Claimed Marks
[517.362s][info][gc,marking  ] GC(1075) Concurrent Clear Claimed Marks 0.064ms
[517.362s][info][gc,marking  ] GC(1075) Concurrent Cleanup for Next Mark
[517.365s][info][gc,marking  ] GC(1075) Concurrent Cleanup for Next Mark 2.185ms
[517.365s][info][gc          ] GC(1075) Concurrent Mark Cycle 164.845ms
[517.831s][info][gc,start    ] GC(1076) Pause Young (Prepare Mixed) (G1 Evacuation Pause)
[517.831s][info][gc,task     ] GC(1076) Using 2 workers of 2 for evacuation
[517.858s][info][gc,phases   ] GC(1076)   Pre Evacuate Collection Set: 0.30ms
[517.858s][info][gc,phases   ] GC(1076)   Merge Heap Roots: 0.26ms
[517.858s][info][gc,phases   ] GC(1076)   Evacuate Collection Set: 25.92ms
[517.858s][info][gc,phases   ] GC(1076)   Post Evacuate Collection Set: 0.51ms
[517.858s][info][gc,phases   ] GC(1076)   Other: 0.07ms
[517.858s][info][gc,heap     ] GC(1076) Eden regions: 171->0(174)
[517.858s][info][gc,heap     ] GC(1076) Survivor regions: 26->10(25)
[517.858s][info][gc,heap     ] GC(1076) Old regions: 85->106
[517.858s][info][gc,heap     ] GC(1076) Humongous regions: 5->4
[517.858s][info][gc,metaspace] GC(1076) Metaspace: 43086K(43520K)->43086K(43520K) NonClass: 38738K(38976K)->38738K(38976K) Class: 4348K(4544K)->4348K(4544K)
[517.858s][info][gc          ] GC(1076) Pause Young (Prepare Mixed) (G1 Evacuation Pause) 286M->119M(384M) 27.292ms
[517.858s][info][gc,cpu      ] GC(1076) User=0.05s Sys=0.00s Real=0.02s
[518.512s][info][gc,start    ] GC(1077) Pause Young (Mixed) (G1 Evacuation Pause)
[518.512s][info][gc,task     ] GC(1077) Using 2 workers of 2 for evacuation
[518.547s][info][gc,phases   ] GC(1077)   Pre Evacuate Collection Set: 0.21ms
[518.547s][info][gc,phases   ] GC(1077)   Merge Heap Roots: 0.14ms
[518.547s][info][gc,phases   ] GC(1077)   Evacuate Collection Set: 33.82ms
[518.547s][info][gc,phases   ] GC(1077)   Post Evacuate Collection Set: 0.50ms
[518.547s][info][gc,phases   ] GC(1077)   Other: 0.07ms
[518.547s][info][gc,heap     ] GC(1077) Eden regions: 174->0(140)
[518.547s][info][gc,heap     ] GC(1077) Survivor regions: 10->23(23)
[518.547s][info][gc,heap     ] GC(1077) Old regions: 106->128
[518.547s][info][gc,heap     ] GC(1077) Humongous regions: 5->5
[518.547s][info][gc,metaspace] GC(1077) Metaspace: 43086K(43520K)->43086K(43520K) NonClass: 38738K(38976K)->38738K(38976K) Class: 4348K(4544K)->4348K(4544K)
[518.547s][info][gc          ] GC(1077) Pause Young (Mixed) (G1 Evacuation Pause) 294M->155M(384M) 34.948ms
[518.547s][info][gc,cpu      ] GC(1077) User=0.07s Sys=0.00s Real=0.03s
[519.056s][info][gc,start    ] GC(1078) Pause Young (Concurrent Start) (G1 Evacuation Pause)
[519.056s][info][gc,task     ] GC(1078) Using 2 workers of 2 for evacuation
[519.088s][info][gc,phases   ] GC(1078)   Pre Evacuate Collection Set: 0.23ms
[519.088s][info][gc,phases   ] GC(1078)   Merge Heap Roots: 0.22ms
[519.088s][info][gc,phases   ] GC(1078)   Evacuate Collection Set: 30.47ms
[519.088s][info][gc,phases   ] GC(1078)   Post Evacuate Collection Set: 0.47ms
[519.088s][info][gc,phases   ] GC(1078)   Other: 0.09ms
[519.088s][info][gc,heap     ] GC(1078) Eden regions: 140->0(136)
[519.088s][info][gc,heap     ] GC(1078) Survivor regions: 23->15(21)
[519.088s][info][gc,heap     ] GC(1078) Old regions: 128->151
[519.088s][info][gc,heap     ] GC(1078) Humongous regions: 5->5
[519.088s][info][gc,metaspace] GC(1078) Metaspace: 43086K(43520K)->43086K(43520K) NonClass: 38738K(38976K)->38738K(38976K) Class: 4348K(4544K)->4348K(4544K)
[519.088s][info][gc          ] GC(1078) Pause Young (Concurrent Start) (G1 Evacuation Pause) 295M->170M(384M) 31.704ms
[519.088s][info][gc,cpu      ] GC(1078) User=0.07s Sys=0.00s Real=0.03s
[519.088s][info][gc          ] GC(1079) Concurrent Mark Cycle
[519.088s][info][gc,marking  ] GC(1079) Concurrent Scan Root Regions
[519.107s][info][gc,marking  ] GC(1079) Concurrent Scan Root Regions 19.311ms
[519.107s][info][gc,marking  ] GC(1079) Concurrent Mark
[519.107s][info][gc,marking  ] GC(1079) Concurrent Mark From Roots
[519.107s][info][gc,task     ] GC(1079) Using 1 workers of 1 for marking
[519.231s][info][gc,marking  ] GC(1079) Concurrent Mark From Roots 123.229ms
[519.231s][info][gc,marking  ] GC(1079) Concurrent Preclean
[519.231s][info][gc,marking  ] GC(1079) Concurrent Preclean 0.044ms
[519.231s][info][gc,start    ] GC(1079) Pause Remark
[519.248s][info][gc          ] GC(1079) Pause Remark 206M->201M(384M) 17.235ms
[519.248s][info][gc,cpu      ] GC(1079) User=0.04s Sys=0.00s Real=0.01s
[519.249s][info][gc,marking  ] GC(1079) Concurrent Mark 141.687ms
[519.249s][info][gc,marking  ] GC(1079) Concurrent Rebuild Remembered Sets and Scrub Regions
[519.310s][info][gc,marking  ] GC(1079) Concurrent Rebuild Remembered Sets and Scrub Regions 60.452ms
[519.310s][info][gc,start    ] GC(1079) Pause Cleanup
[519.310s][info][gc          ] GC(1079) Pause Cleanup 217M->217M(384M) 0.054ms
[519.310s][info][gc,cpu      ] GC(1079) User=0.00s Sys=0.00s Real=0.00s
[519.310s][info][gc,marking  ] GC(1079) Concurrent Clear Claimed Marks
[519.310s][info][gc,marking  ] GC(1079) Concurrent Clear Claimed Marks 0.038ms
[519.310s][info][gc,marking  ] GC(1079) Concurrent Cleanup for Next Mark
[519.311s][info][gc,marking  ] GC(1079) Concurrent Cleanup for Next Mark 1.102ms
[519.311s][info][gc          ] GC(1079) Concurrent Mark Cycle 222.964ms
[519.618s][info][gc,start    ] GC(1080) Pause Young (Prepare Mixed) (G1 Evacuation Pause)
[519.618s][info][gc,task     ] GC(1080) Using 2 workers of 2 for evacuation
[519.666s][info][gc,phases   ] GC(1080)   Pre Evacuate Collection Set: 0.21ms
[519.666s][info][gc,phases   ] GC(1080)   Merge Heap Roots: 0.16ms
[519.666s][info][gc,phases   ] GC(1080)   Evacuate Collection Set: 46.59ms
[519.666s][info][gc,phases   ] GC(1080)   Post Evacuate Collection Set: 0.47ms
[519.666s][info][gc,phases   ] GC(1080)   Other: 0.08ms
[519.666s][info][gc,heap     ] GC(1080) Eden regions: 136->0(80)
[519.666s][info][gc,heap     ] GC(1080) Survivor regions: 15->19(19)
[519.666s][info][gc,heap     ] GC(1080) Old regions: 146->199
[519.666s][info][gc,heap     ] GC(1080) Humongous regions: 6->6
[519.666s][info][gc,metaspace] GC(1080) Metaspace: 43086K(43520K)->43086K(43520K) NonClass: 38738K(38976K)->38738K(38976K) Class: 4348K(4544K)->4348K(4544K)
[519.666s][info][gc          ] GC(1080) Pause Young (Prepare Mixed) (G1 Evacuation Pause) 302M->223M(384M) 47.731ms
[519.666s][info][gc,cpu      ] GC(1080) User=0.10s Sys=0.00s Real=0.05s
[519.969s][info][gc,start    ] GC(1081) Pause Young (Mixed) (G1 Evacuation Pause)
[519.969s][info][gc,task     ] GC(1081) Using 2 workers of 2 for evacuation
[520.030s][info][gc,phases   ] GC(1081)   Pre Evacuate Collection Set: 0.20ms
[520.030s][info][gc,phases   ] GC(1081)   Merge Heap Roots: 0.35ms
[520.030s][info][gc,phases   ] GC(1081)   Evacuate Collection Set: 59.73ms
[520.030s][info][gc,phases   ] GC(1081)   Post Evacuate Collection Set: 0.43ms
[520.030s][info][gc,phases   ] GC(1081)   Other: 0.07ms
[520.030s][info][gc,heap     ] GC(1081) Eden regions: 80->0(54)
[520.030s][info][gc,heap     ] GC(1081) Survivor regions: 19->13(13)
[520.030s][info][gc,heap     ] GC(1081) Old regions: 199->238
[520.030s][info][gc,heap     ] GC(1081) Humongous regions: 6->6
[520.030s][info][gc,metaspace] GC(1081) Metaspace: 43086K(43520K)->43086K(43520K) NonClass: 38738K(38976K)->38738K(38976K) Class: 4348K(4544K)->4348K(4544K)
[520.030s][info][gc          ] GC(1081) Pause Young (Mixed) (G1 Evacuation Pause) 303M->256M(384M) 61.050ms
[520.030s][info][gc,cpu      ] GC(1081) User=0.12s Sys=0.00s Real=0.06s
[520.068s][info][gc,start    ] GC(1082) Pause Young (Concurrent Start) (G1 Humongous Allocation)
[520.068s][info][gc,task     ] GC(1082) Using 2 workers of 2 for evacuation
[520.084s][info][gc,phases   ] GC(1082)   Pre Evacuate Collection Set: 0.21ms
[520.084s][info][gc,phases   ] GC(1082)   Merge Heap Roots: 0.16ms
[520.084s][info][gc,phases   ] GC(1082)   Evacuate Collection Set: 15.64ms
[520.084s][info][gc,phases   ] GC(1082)   Post Evacuate Collection Set: 0.31ms
[520.084s][info][gc,phases   ] GC(1082)   Other: 0.09ms
[520.084s][info][gc,heap     ] GC(1082) Eden regions: 11->0(49)
[520.084s][info][gc,heap     ] GC(1082) Survivor regions: 13->7(9)
[520.084s][info][gc,heap     ] GC(1082) Old regions: 238->251
[520.084s][info][gc,heap     ] GC(1082) Humongous regions: 6->6
[520.084s][info][gc,metaspace] GC(1082) Metaspace: 43086K(43520K)->43086K(43520K) NonClass: 38738K(38976K)->38738K(38976K) Class: 4348K(4544K)->4348K(4544K)
[520.084s][info][gc          ] GC(1082) Pause Young (Concurrent Start) (G1 Humongous Allocation) 267M->263M(384M) 16.615ms
[520.084s][info][gc          ] GC(1083) Concurrent Mark Cycle
[520.084s][info][gc,marking  ] GC(1083) Concurrent Scan Root Regions
[520.085s][info][gc,cpu      ] GC(1082) User=0.03s Sys=0.00s Real=0.02s
[520.091s][info][gc,marking  ] GC(1083) Concurrent Scan Root Regions 6.882ms
[520.091s][info][gc,marking  ] GC(1083) Concurrent Mark
[520.091s][info][gc,marking  ] GC(1083) Concurrent Mark From Roots
[520.091s][info][gc,task     ] GC(1083) Using 1 workers of 1 for marking
[520.265s][info][gc,marking  ] GC(1083) Concurrent Mark From Roots 173.392ms
[520.265s][info][gc,marking  ] GC(1083) Concurrent Preclean
[520.265s][info][gc,marking  ] GC(1083) Concurrent Preclean 0.050ms
[520.265s][info][gc,start    ] GC(1083) Pause Remark
[520.282s][info][gc          ] GC(1083) Pause Remark 303M->266M(384M) 17.140ms
[520.282s][info][gc,cpu      ] GC(1083) User=0.03s Sys=0.00s Real=0.02s
[520.282s][info][gc,marking  ] GC(1083) Concurrent Mark 191.161ms
[520.282s][info][gc,marking  ] GC(1083) Concurrent Rebuild Remembered Sets and Scrub Regions
[520.334s][info][gc,start    ] GC(1084) Pause Young (Normal) (G1 Evacuation Pause)
[520.334s][info][gc,task     ] GC(1084) Using 2 workers of 2 for evacuation
[520.361s][info][gc,phases   ] GC(1084)   Pre Evacuate Collection Set: 0.16ms
[520.361s][info][gc,phases   ] GC(1084)   Merge Heap Roots: 0.17ms
[520.361s][info][gc,phases   ] GC(1084)   Evacuate Collection Set: 25.70ms
[520.361s][info][gc,phases   ] GC(1084)   Post Evacuate Collection Set: 0.32ms
[520.361s][info][gc,phases   ] GC(1084)   Other: 0.08ms
[520.361s][info][gc,heap     ] GC(1084) Eden regions: 49->0(55)
[520.361s][info][gc,heap     ] GC(1084) Survivor regions: 7->7(7)
[520.361s][info][gc,heap     ] GC(1084) Old regions: 216->241
[520.361s][info][gc,heap     ] GC(1084) Humongous regions: 5->5
[520.361s][info][gc,metaspace] GC(1084) Metaspace: 43086K(43520K)->43086K(43520K) NonClass: 38738K(38976K)->38738K(38976K) Class: 4348K(4544K)->4348K(4544K)
[520.361s][info][gc          ] GC(1084) Pause Young (Normal) (G1 Evacuation Pause) 276M->253M(384M) 26.648ms
[520.361s][info][gc,cpu      ] GC(1084) User=0.05s Sys=0.00s Real=0.03s
[520.396s][info][gc,marking  ] GC(1083) Concurrent Rebuild Remembered Sets and Scrub Regions 113.252ms
[520.397s][info][gc,start    ] GC(1083) Pause Cleanup
[520.397s][info][gc          ] GC(1083) Pause Cleanup 262M->262M(384M) 0.099ms
[520.397s][info][gc,cpu      ] GC(1083) User=0.00s Sys=0.00s Real=0.00s
[520.397s][info][gc,marking  ] GC(1083) Concurrent Clear Claimed Marks
[520.397s][info][gc,marking  ] GC(1083) Concurrent Clear Claimed Marks 0.047ms
[520.397s][info][gc,marking  ] GC(1083) Concurrent Cleanup for Next Mark
[520.398s][info][gc,marking  ] GC(1083) Concurrent Cleanup for Next Mark 1.117ms
[520.398s][info][gc          ] GC(1083) Concurrent Mark Cycle 313.679ms
[520.557s][info][gc,start    ] GC(1085) Pause Young (Prepare Mixed) (G1 Evacuation Pause)
[520.557s][info][gc,task     ] GC(1085) Using 2 workers of 2 for evacuation
[520.594s][info][gc,phases   ] GC(1085)   Pre Evacuate Collection Set: 0.19ms
[520.594s][info][gc,phases   ] GC(1085)   Merge Heap Roots: 0.15ms
[520.594s][info][gc,phases   ] GC(1085)   Evacuate Collection Set: 36.21ms
[520.594s][info][gc,phases   ] GC(1085)   Post Evacuate Collection Set: 0.41ms
[520.594s][info][gc,phases   ] GC(1085)   Other: 0.09ms
[520.594s][info][gc,heap     ] GC(1085) Eden regions: 55->0(34)
[520.594s][info][gc,heap     ] GC(1085) Survivor regions: 7->8(8)
[520.594s][info][gc,heap     ] GC(1085) Old regions: 241->284
[520.594s][info][gc,heap     ] GC(1085) Humongous regions: 5->5
[520.594s][info][gc,metaspace] GC(1085) Metaspace: 43086K(43520K)->43086K(43520K) NonClass: 38738K(38976K)->38738K(38976K) Class: 4348K(4544K)->4348K(4544K)
[520.594s][info][gc          ] GC(1085) Pause Young (Prepare Mixed) (G1 Evacuation Pause) 307M->297M(384M) 37.281ms
[520.594s][info][gc,cpu      ] GC(1085) User=0.07s Sys=0.00s Real=0.04s
[520.720s][info][gc,start    ] GC(1086) Pause Young (Mixed) (G1 Evacuation Pause)
[520.720s][info][gc,task     ] GC(1086) Using 2 workers of 2 for evacuation
[520.747s][info][gc,phases   ] GC(1086)   Pre Evacuate Collection Set: 0.23ms
[520.747s][info][gc,phases   ] GC(1086)   Merge Heap Roots: 0.27ms
[520.747s][info][gc,phases   ] GC(1086)   Evacuate Collection Set: 25.65ms
[520.747s][info][gc,phases   ] GC(1086)   Post Evacuate Collection Set: 1.28ms
[520.747s][info][gc,phases   ] GC(1086)   Other: 0.07ms
[520.747s][info][gc,heap     ] GC(1086) Eden regions: 34->0(88)
[520.747s][info][gc,heap     ] GC(1086) Survivor regions: 8->6(6)
[520.747s][info][gc,heap     ] GC(1086) Old regions: 284->270
[520.747s][info][gc,heap     ] GC(1086) Humongous regions: 5->5
[520.747s][info][gc,metaspace] GC(1086) Metaspace: 43086K(43520K)->43086K(43520K) NonClass: 38738K(38976K)->38738K(38976K) Class: 4348K(4544K)->4348K(4544K)
[520.748s][info][gc          ] GC(1086) Pause Young (Mixed) (G1 Evacuation Pause) 331M->280M(503M) 27.717ms
[520.748s][info][gc,cpu      ] GC(1086) User=0.05s Sys=0.01s Real=0.02s
[521.161s][info][gc,start    ] GC(1087) Pause Young (Mixed) (G1 Evacuation Pause)
[521.161s][info][gc,task     ] GC(1087) Using 2 workers of 2 for evacuation
[521.229s][info][gc,phases   ] GC(1087)   Pre Evacuate Collection Set: 0.43ms
[521.229s][info][gc,phases   ] GC(1087)   Merge Heap Roots: 1.31ms
[521.229s][info][gc,phases   ] GC(1087)   Evacuate Collection Set: 65.39ms
[521.229s][info][gc,phases   ] GC(1087)   Post Evacuate Collection Set: 0.50ms
[521.229s][info][gc,phases   ] GC(1087)   Other: 0.07ms
[521.229s][info][gc,heap     ] GC(1087) Eden regions: 88->0(80)
[521.229s][info][gc,heap     ] GC(1087) Survivor regions: 6->12(12)
[521.229s][info][gc,heap     ] GC(1087) Old regions: 270->289
[521.229s][info][gc,heap     ] GC(1087) Humongous regions: 6->6
[521.229s][info][gc,metaspace] GC(1087) Metaspace: 43086K(43520K)->43086K(43520K) NonClass: 38738K(38976K)->38738K(38976K) Class: 4348K(4544K)->4348K(4544K)
[521.229s][info][gc          ] GC(1087) Pause Young (Mixed) (G1 Evacuation Pause) 369M->307M(503M) 67.945ms
[521.229s][info][gc,cpu      ] GC(1087) User=0.12s Sys=0.00s Real=0.07s
[521.342s][info][gc,start    ] GC(1088) Pause Young (Concurrent Start) (G1 Humongous Allocation)
[521.342s][info][gc,task     ] GC(1088) Using 2 workers of 2 for evacuation
[521.375s][info][gc,phases   ] GC(1088)   Pre Evacuate Collection Set: 0.28ms
[521.375s][info][gc,phases   ] GC(1088)   Merge Heap Roots: 0.30ms
[521.375s][info][gc,phases   ] GC(1088)   Evacuate Collection Set: 31.58ms
[521.375s][info][gc,phases   ] GC(1088)   Post Evacuate Collection Set: 0.34ms
[521.375s][info][gc,phases   ] GC(1088)   Other: 0.12ms
[521.375s][info][gc,heap     ] GC(1088) Eden regions: 33->0(73)
[521.375s][info][gc,heap     ] GC(1088) Survivor regions: 12->12(12)
[521.375s][info][gc,heap     ] GC(1088) Old regions: 289->310
[521.375s][info][gc,heap     ] GC(1088) Humongous regions: 6->6
[521.375s][info][gc,metaspace] GC(1088) Metaspace: 43086K(43520K)->43086K(43520K) NonClass: 38738K(38976K)->38738K(38976K) Class: 4348K(4544K)->4348K(4544K)
[521.375s][info][gc          ] GC(1088) Pause Young (Concurrent Start) (G1 Humongous Allocation) 339M->328M(503M) 32.845ms
[521.375s][info][gc,cpu      ] GC(1088) User=0.07s Sys=0.00s Real=0.03s
[521.375s][info][gc          ] GC(1089) Concurrent Mark Cycle
[521.375s][info][gc,marking  ] GC(1089) Concurrent Scan Root Regions
[521.391s][info][gc,marking  ] GC(1089) Concurrent Scan Root Regions 15.880ms
[521.391s][info][gc,marking  ] GC(1089) Concurrent Mark
[521.391s][info][gc,marking  ] GC(1089) Concurrent Mark From Roots
[521.391s][info][gc,task     ] GC(1089) Using 1 workers of 1 for marking
[521.530s][info][gc,marking  ] GC(1089) Concurrent Mark From Roots 139.211ms
[521.530s][info][gc,marking  ] GC(1089) Concurrent Preclean
[521.530s][info][gc,marking  ] GC(1089) Concurrent Preclean 0.050ms
[521.530s][info][gc,start    ] GC(1089) Pause Remark
[521.548s][info][gc          ] GC(1089) Pause Remark 364M->293M(503M) 18.056ms
[521.548s][info][gc,cpu      ] GC(1089) User=0.04s Sys=0.00s Real=0.01s
[521.548s][info][gc,marking  ] GC(1089) Concurrent Mark 157.658ms
[521.548s][info][gc,marking  ] GC(1089) Concurrent Rebuild Remembered Sets and Scrub Regions
[521.626s][info][gc,marking  ] GC(1089) Concurrent Rebuild Remembered Sets and Scrub Regions 77.966ms
[521.626s][info][gc,start    ] GC(1089) Pause Cleanup
[521.627s][info][gc          ] GC(1089) Pause Cleanup 311M->311M(503M) 0.097ms
[521.627s][info][gc,cpu      ] GC(1089) User=0.00s Sys=0.00s Real=0.00s
[521.627s][info][gc,marking  ] GC(1089) Concurrent Clear Claimed Marks
[521.627s][info][gc,marking  ] GC(1089) Concurrent Clear Claimed Marks 0.042ms
[521.627s][info][gc,marking  ] GC(1089) Concurrent Cleanup for Next Mark
[521.630s][info][gc,marking  ] GC(1089) Concurrent Cleanup for Next Mark 2.855ms
[521.630s][info][gc          ] GC(1089) Concurrent Mark Cycle 254.837ms
[521.694s][info][gc,start    ] GC(1090) Pause Young (Prepare Mixed) (G1 Evacuation Pause)
[521.694s][info][gc,task     ] GC(1090) Using 2 workers of 2 for evacuation
[521.710s][info][gc,phases   ] GC(1090)   Pre Evacuate Collection Set: 0.23ms
[521.710s][info][gc,phases   ] GC(1090)   Merge Heap Roots: 0.14ms
[521.710s][info][gc,phases   ] GC(1090)   Evacuate Collection Set: 15.07ms
[521.710s][info][gc,phases   ] GC(1090)   Post Evacuate Collection Set: 0.39ms
[521.710s][info][gc,phases   ] GC(1090)   Other: 0.08ms
[521.710s][info][gc,heap     ] GC(1090) Eden regions: 73->0(103)
[521.710s][info][gc,heap     ] GC(1090) Survivor regions: 12->11(11)
[521.710s][info][gc,heap     ] GC(1090) Old regions: 241->251
[521.710s][info][gc,heap     ] GC(1090) Humongous regions: 5->5
[521.710s][info][gc,metaspace] GC(1090) Metaspace: 43086K(43520K)->43086K(43520K) NonClass: 38738K(38976K)->38738K(38976K) Class: 4348K(4544K)->4348K(4544K)
[521.711s][info][gc          ] GC(1090) Pause Young (Prepare Mixed) (G1 Evacuation Pause) 331M->266M(503M) 16.107ms
[521.711s][info][gc,cpu      ] GC(1090) User=0.03s Sys=0.00s Real=0.02s
[522.095s][info][gc,start    ] GC(1091) Pause Young (Mixed) (G1 Evacuation Pause)
[522.095s][info][gc,task     ] GC(1091) Using 2 workers of 2 for evacuation
[522.118s][info][gc,phases   ] GC(1091)   Pre Evacuate Collection Set: 0.28ms
[522.118s][info][gc,phases   ] GC(1091)   Merge Heap Roots: 0.17ms
[522.118s][info][gc,phases   ] GC(1091)   Evacuate Collection Set: 21.86ms
[522.118s][info][gc,phases   ] GC(1091)   Post Evacuate Collection Set: 0.46ms
[522.118s][info][gc,phases   ] GC(1091)   Other: 0.08ms
[522.118s][info][gc,heap     ] GC(1091) Eden regions: 103->0(125)
[522.118s][info][gc,heap     ] GC(1091) Survivor regions: 11->15(15)
[522.118s][info][gc,heap     ] GC(1091) Old regions: 251->214
[522.118s][info][gc,heap     ] GC(1091) Humongous regions: 5->5
[522.118s][info][gc,metaspace] GC(1091) Metaspace: 43086K(43520K)->43086K(43520K) NonClass: 38738K(38976K)->38738K(38976K) Class: 4348K(4544K)->4348K(4544K)
[522.118s][info][gc          ] GC(1091) Pause Young (Mixed) (G1 Evacuation Pause) 369M->233M(503M) 23.074ms
[522.118s][info][gc,cpu      ] GC(1091) User=0.04s Sys=0.00s Real=0.02s
[522.598s][info][gc,start    ] GC(1092) Pause Young (Mixed) (G1 Evacuation Pause)
[522.598s][info][gc,task     ] GC(1092) Using 2 workers of 2 for evacuation
[522.626s][info][gc,phases   ] GC(1092)   Pre Evacuate Collection Set: 0.25ms
[522.626s][info][gc,phases   ] GC(1092)   Merge Heap Roots: 0.53ms
[522.626s][info][gc,phases   ] GC(1092)   Evacuate Collection Set: 26.04ms
[522.626s][info][gc,phases   ] GC(1092)   Post Evacuate Collection Set: 0.49ms
[522.626s][info][gc,phases   ] GC(1092)   Other: 0.08ms
[522.626s][info][gc,heap     ] GC(1092) Eden regions: 125->0(151)
[522.626s][info][gc,heap     ] GC(1092) Survivor regions: 15->7(18)
[522.626s][info][gc,heap     ] GC(1092) Old regions: 214->186
[522.626s][info][gc,heap     ] GC(1092) Humongous regions: 6->5
[522.626s][info][gc,metaspace] GC(1092) Metaspace: 43086K(43520K)->43086K(43520K) NonClass: 38738K(38976K)->38738K(38976K) Class: 4348K(4544K)->4348K(4544K)
[522.626s][info][gc          ] GC(1092) Pause Young (Mixed) (G1 Evacuation Pause) 359M->197M(503M) 27.604ms
[522.626s][info][gc,cpu      ] GC(1092) User=0.05s Sys=0.01s Real=0.03s
[522.998s][info][gc,start    ] GC(1093) Pause Young (Concurrent Start) (G1 Humongous Allocation)
[522.999s][info][gc,task     ] GC(1093) Using 2 workers of 2 for evacuation
[523.020s][info][gc,phases   ] GC(1093)   Pre Evacuate Collection Set: 0.24ms
[523.020s][info][gc,phases   ] GC(1093)   Merge Heap Roots: 0.05ms
[523.020s][info][gc,phases   ] GC(1093)   Evacuate Collection Set: 20.70ms
[523.020s][info][gc,phases   ] GC(1093)   Post Evacuate Collection Set: 0.54ms
[523.020s][info][gc,phases   ] GC(1093)   Other: 0.17ms
[523.020s][info][gc,heap     ] GC(1093) Eden regions: 104->0(144)
[523.020s][info][gc,heap     ] GC(1093) Survivor regions: 7->20(20)
[523.020s][info][gc,heap     ] GC(1093) Old regions: 186->198
[523.020s][info][gc,heap     ] GC(1093) Humongous regions: 5->5
[523.020s][info][gc,metaspace] GC(1093) Metaspace: 43086K(43520K)->43086K(43520K) NonClass: 38738K(38976K)->38738K(38976K) Class: 4348K(4544K)->4348K(4544K)
[523.020s][info][gc          ] GC(1093) Pause Young (Concurrent Start) (G1 Humongous Allocation) 300M->223M(503M) 21.931ms
[523.020s][info][gc,cpu      ] GC(1093) User=0.05s Sys=0.00s Real=0.03s
[523.020s][info][gc          ] GC(1094) Concurrent Mark Cycle
[523.021s][info][gc,marking  ] GC(1094) Concurrent Scan Root Regions
[523.034s][info][gc,marking  ] GC(1094) Concurrent Scan Root Regions 13.601ms
[523.034s][info][gc,marking  ] GC(1094) Concurrent Mark
[523.034s][info][gc,marking  ] GC(1094) Concurrent Mark From Roots
[523.034s][info][gc,task     ] GC(1094) Using 1 workers of 1 for marking
[523.111s][info][gc,marking  ] GC(1094) Concurrent Mark From Roots 76.450ms
[523.111s][info][gc,marking  ] GC(1094) Concurrent Preclean
[523.111s][info][gc,marking  ] GC(1094) Concurrent Preclean 0.048ms
[523.111s][info][gc,start    ] GC(1094) Pause Remark
[523.128s][info][gc          ] GC(1094) Pause Remark 242M->151M(444M) 17.087ms
[523.128s][info][gc,cpu      ] GC(1094) User=0.03s Sys=0.01s Real=0.01s
[523.132s][info][gc,marking  ] GC(1094) Concurrent Mark 97.838ms
[523.132s][info][gc,marking  ] GC(1094) Concurrent Rebuild Remembered Sets and Scrub Regions
[523.174s][info][gc,marking  ] GC(1094) Concurrent Rebuild Remembered Sets and Scrub Regions 41.831ms
[523.174s][info][gc,start    ] GC(1094) Pause Cleanup
[523.174s][info][gc          ] GC(1094) Pause Cleanup 161M->161M(444M) 0.103ms
[523.174s][info][gc,cpu      ] GC(1094) User=0.00s Sys=0.00s Real=0.00s
[523.174s][info][gc,marking  ] GC(1094) Concurrent Clear Claimed Marks
[523.174s][info][gc,marking  ] GC(1094) Concurrent Clear Claimed Marks 0.046ms
[523.174s][info][gc,marking  ] GC(1094) Concurrent Cleanup for Next Mark
[523.176s][info][gc,marking  ] GC(1094) Concurrent Cleanup for Next Mark 1.292ms
[523.176s][info][gc          ] GC(1094) Concurrent Mark Cycle 155.100ms
[523.572s][info][gc,start    ] GC(1095) Pause Young (Prepare Mixed) (G1 Evacuation Pause)
[523.572s][info][gc,task     ] GC(1095) Using 2 workers of 2 for evacuation
[523.600s][info][gc,phases   ] GC(1095)   Pre Evacuate Collection Set: 0.22ms
[523.600s][info][gc,phases   ] GC(1095)   Merge Heap Roots: 0.24ms
[523.600s][info][gc,phases   ] GC(1095)   Evacuate Collection Set: 26.62ms
[523.600s][info][gc,phases   ] GC(1095)   Post Evacuate Collection Set: 0.47ms
[523.600s][info][gc,phases   ] GC(1095)   Other: 0.08ms
[523.600s][info][gc,heap     ] GC(1095) Eden regions: 144->0(159)
[523.600s][info][gc,heap     ] GC(1095) Survivor regions: 20->17(21)
[523.600s][info][gc,heap     ] GC(1095) Old regions: 109->128
[523.600s][info][gc,heap     ] GC(1095) Humongous regions: 5->4
[523.600s][info][gc,metaspace] GC(1095) Metaspace: 43086K(43520K)->43086K(43520K) NonClass: 38738K(38976K)->38738K(38976K) Class: 4348K(4544K)->4348K(4544K)
[523.600s][info][gc          ] GC(1095) Pause Young (Prepare Mixed) (G1 Evacuation Pause) 278M->148M(444M) 27.850ms
[523.600s][info][gc,cpu      ] GC(1095) User=0.05s Sys=0.00s Real=0.03s
[524.156s][info][gc,start    ] GC(1096) Pause Young (Mixed) (G1 Evacuation Pause)
[524.156s][info][gc,task     ] GC(1096) Using 2 workers of 2 for evacuation
[524.184s][info][gc,phases   ] GC(1096)   Pre Evacuate Collection Set: 0.21ms
[524.184s][info][gc,phases   ] GC(1096)   Merge Heap Roots: 0.15ms
[524.184s][info][gc,phases   ] GC(1096)   Evacuate Collection Set: 27.13ms
[524.184s][info][gc,phases   ] GC(1096)   Post Evacuate Collection Set: 0.49ms
[524.184s][info][gc,phases   ] GC(1096)   Other: 0.10ms
[524.184s][info][gc,heap     ] GC(1096) Eden regions: 159->0(165)
[524.184s][info][gc,heap     ] GC(1096) Survivor regions: 17->22(22)
[524.184s][info][gc,heap     ] GC(1096) Old regions: 128->116
[524.184s][info][gc,heap     ] GC(1096) Humongous regions: 6->5
[524.184s][info][gc,metaspace] GC(1096) Metaspace: 43086K(43520K)->43086K(43520K) NonClass: 38738K(38976K)->38738K(38976K) Class: 4348K(4544K)->4348K(4544K)
[524.185s][info][gc          ] GC(1096) Pause Young (Mixed) (G1 Evacuation Pause) 309M->142M(444M) 28.298ms
[524.185s][info][gc,cpu      ] GC(1096) User=0.05s Sys=0.00s Real=0.03s
[524.391s][info][gc,start    ] GC(1097) Pause Young (Concurrent Start) (G1 Humongous Allocation)
[524.391s][info][gc,task     ] GC(1097) Using 2 workers of 2 for evacuation
[524.414s][info][gc,phases   ] GC(1097)   Pre Evacuate Collection Set: 0.26ms
[524.414s][info][gc,phases   ] GC(1097)   Merge Heap Roots: 0.09ms
[524.414s][info][gc,phases   ] GC(1097)   Evacuate Collection Set: 21.81ms
[524.414s][info][gc,phases   ] GC(1097)   Post Evacuate Collection Set: 0.39ms
[524.414s][info][gc,phases   ] GC(1097)   Other: 0.09ms
[524.414s][info][gc,heap     ] GC(1097) Eden regions: 63->0(156)
[524.414s][info][gc,heap     ] GC(1097) Survivor regions: 22->16(24)
[524.414s][info][gc,heap     ] GC(1097) Old regions: 116->136
[524.414s][info][gc,heap     ] GC(1097) Humongous regions: 5->5
[524.414s][info][gc,metaspace] GC(1097) Metaspace: 43086K(43520K)->43086K(43520K) NonClass: 38738K(38976K)->38738K(38976K) Class: 4348K(4544K)->4348K(4544K)
[524.414s][info][gc          ] GC(1097) Pause Young (Concurrent Start) (G1 Humongous Allocation) 205M->156M(444M) 22.844ms
[524.414s][info][gc,cpu      ] GC(1097) User=0.04s Sys=0.00s Real=0.02s
[524.414s][info][gc          ] GC(1098) Concurrent Mark Cycle
[524.414s][info][gc,marking  ] GC(1098) Concurrent Scan Root Regions
[524.428s][info][gc,marking  ] GC(1098) Concurrent Scan Root Regions 13.716ms
[524.428s][info][gc,marking  ] GC(1098) Concurrent Mark
[524.428s][info][gc,marking  ] GC(1098) Concurrent Mark From Roots
[524.428s][info][gc,task     ] GC(1098) Using 1 workers of 1 for marking
[524.512s][info][gc,marking  ] GC(1098) Concurrent Mark From Roots 83.938ms
[524.512s][info][gc,marking  ] GC(1098) Concurrent Preclean
[524.512s][info][gc,marking  ] GC(1098) Concurrent Preclean 0.054ms
[524.512s][info][gc,start    ] GC(1098) Pause Remark
[524.529s][info][gc          ] GC(1098) Pause Remark 178M->157M(444M) 16.953ms
[524.529s][info][gc,cpu      ] GC(1098) User=0.03s Sys=0.00s Real=0.01s
[524.529s][info][gc,marking  ] GC(1098) Concurrent Mark 101.257ms
[524.529s][info][gc,marking  ] GC(1098) Concurrent Rebuild Remembered Sets and Scrub Regions
[524.573s][info][gc,marking  ] GC(1098) Concurrent Rebuild Remembered Sets and Scrub Regions 43.517ms
[524.573s][info][gc,start    ] GC(1098) Pause Cleanup
[524.573s][info][gc          ] GC(1098) Pause Cleanup 168M->168M(444M) 0.058ms
[524.573s][info][gc,cpu      ] GC(1098) User=0.00s Sys=0.00s Real=0.00s
[524.573s][info][gc,marking  ] GC(1098) Concurrent Clear Claimed Marks
[524.573s][info][gc,marking  ] GC(1098) Concurrent Clear Claimed Marks 0.040ms
[524.573s][info][gc,marking  ] GC(1098) Concurrent Cleanup for Next Mark
[524.574s][info][gc,marking  ] GC(1098) Concurrent Cleanup for Next Mark 1.289ms
[524.574s][info][gc          ] GC(1098) Concurrent Mark Cycle 160.181ms
[525.010s][info][gc,start    ] GC(1099) Pause Young (Prepare Mixed) (G1 Evacuation Pause)
[525.010s][info][gc,task     ] GC(1099) Using 2 workers of 2 for evacuation
[525.030s][info][gc,phases   ] GC(1099)   Pre Evacuate Collection Set: 0.22ms
[525.030s][info][gc,phases   ] GC(1099)   Merge Heap Roots: 0.08ms
[525.030s][info][gc,phases   ] GC(1099)   Evacuate Collection Set: 19.05ms
[525.030s][info][gc,phases   ] GC(1099)   Post Evacuate Collection Set: 0.43ms
[525.030s][info][gc,phases   ] GC(1099)   Other: 0.10ms
[525.030s][info][gc,heap     ] GC(1099) Eden regions: 156->0(166)
[525.030s][info][gc,heap     ] GC(1099) Survivor regions: 16->22(22)
[525.030s][info][gc,heap     ] GC(1099) Old regions: 116->121
[525.030s][info][gc,heap     ] GC(1099) Humongous regions: 7->5
[525.030s][info][gc,metaspace] GC(1099) Metaspace: 43086K(43520K)->43086K(43520K) NonClass: 38738K(38976K)->38738K(38976K) Class: 4348K(4544K)->4348K(4544K)
[525.030s][info][gc          ] GC(1099) Pause Young (Prepare Mixed) (G1 Evacuation Pause) 294M->148M(444M) 20.087ms
[525.030s][info][gc,cpu      ] GC(1099) User=0.04s Sys=0.00s Real=0.02s
[525.573s][info][gc,start    ] GC(1100) Pause Young (Mixed) (G1 Evacuation Pause)
[525.573s][info][gc,task     ] GC(1100) Using 2 workers of 2 for evacuation
[525.605s][info][gc,phases   ] GC(1100)   Pre Evacuate Collection Set: 0.32ms
[525.605s][info][gc,phases   ] GC(1100)   Merge Heap Roots: 0.22ms
[525.605s][info][gc,phases   ] GC(1100)   Evacuate Collection Set: 30.90ms
[525.605s][info][gc,phases   ] GC(1100)   Post Evacuate Collection Set: 0.54ms
[525.605s][info][gc,phases   ] GC(1100)   Other: 0.08ms
[525.605s][info][gc,heap     ] GC(1100) Eden regions: 166->0(172)
[525.605s][info][gc,heap     ] GC(1100) Survivor regions: 22->24(24)
[525.605s][info][gc,heap     ] GC(1100) Old regions: 121->114
[525.605s][info][gc,heap     ] GC(1100) Humongous regions: 7->5
[525.605s][info][gc,metaspace] GC(1100) Metaspace: 43086K(43520K)->43086K(43520K) NonClass: 38738K(38976K)->38738K(38976K) Class: 4348K(4544K)->4348K(4544K)
[525.605s][info][gc          ] GC(1100) Pause Young (Mixed) (G1 Evacuation Pause) 316M->142M(444M) 32.266ms
[525.605s][info][gc,cpu      ] GC(1100) User=0.06s Sys=0.00s Real=0.03s
[526.148s][info][gc,start    ] GC(1101) Pause Young (Concurrent Start) (G1 Evacuation Pause)
[526.148s][info][gc,task     ] GC(1101) Using 2 workers of 2 for evacuation
[526.164s][info][gc,phases   ] GC(1101)   Pre Evacuate Collection Set: 0.24ms
[526.164s][info][gc,phases   ] GC(1101)   Merge Heap Roots: 0.09ms
[526.164s][info][gc,phases   ] GC(1101)   Evacuate Collection Set: 15.47ms
[526.164s][info][gc,phases   ] GC(1101)   Post Evacuate Collection Set: 0.48ms
[526.164s][info][gc,phases   ] GC(1101)   Other: 0.10ms
[526.164s][info][gc,heap     ] GC(1101) Eden regions: 172->0(186)
[526.164s][info][gc,heap     ] GC(1101) Survivor regions: 24->2(25)
[526.164s][info][gc,heap     ] GC(1101) Old regions: 114->138
[526.164s][info][gc,heap     ] GC(1101) Humongous regions: 5->5
[526.164s][info][gc,metaspace] GC(1101) Metaspace: 43086K(43520K)->43086K(43520K) NonClass: 38738K(38976K)->38738K(38976K) Class: 4348K(4544K)->4348K(4544K)
[526.165s][info][gc          ] GC(1101) Pause Young (Concurrent Start) (G1 Evacuation Pause) 314M->145M(444M) 16.613ms
[526.165s][info][gc,cpu      ] GC(1101) User=0.03s Sys=0.00s Real=0.02s
[526.165s][info][gc          ] GC(1102) Concurrent Mark Cycle
[526.165s][info][gc,marking  ] GC(1102) Concurrent Scan Root Regions
[526.175s][info][gc,marking  ] GC(1102) Concurrent Scan Root Regions 10.580ms
[526.175s][info][gc,marking  ] GC(1102) Concurrent Mark
[526.175s][info][gc,marking  ] GC(1102) Concurrent Mark From Roots
[526.175s][info][gc,task     ] GC(1102) Using 1 workers of 1 for marking
[526.268s][info][gc,marking  ] GC(1102) Concurrent Mark From Roots 92.745ms
[526.268s][info][gc,marking  ] GC(1102) Concurrent Preclean
[526.268s][info][gc,marking  ] GC(1102) Concurrent Preclean 0.052ms
[526.268s][info][gc,start    ] GC(1102) Pause Remark
[526.285s][info][gc          ] GC(1102) Pause Remark 173M->163M(444M) 17.163ms
[526.285s][info][gc,cpu      ] GC(1102) User=0.03s Sys=0.00s Real=0.02s
[526.285s][info][gc,marking  ] GC(1102) Concurrent Mark 110.257ms
[526.286s][info][gc,marking  ] GC(1102) Concurrent Rebuild Remembered Sets and Scrub Regions
[526.332s][info][gc,marking  ] GC(1102) Concurrent Rebuild Remembered Sets and Scrub Regions 46.165ms
[526.332s][info][gc,start    ] GC(1102) Pause Cleanup
[526.332s][info][gc          ] GC(1102) Pause Cleanup 177M->177M(444M) 0.061ms
[526.332s][info][gc,cpu      ] GC(1102) User=0.00s Sys=0.00s Real=0.00s
[526.332s][info][gc,marking  ] GC(1102) Concurrent Clear Claimed Marks
[526.332s][info][gc,marking  ] GC(1102) Concurrent Clear Claimed Marks 0.039ms
[526.332s][info][gc,marking  ] GC(1102) Concurrent Cleanup for Next Mark
[526.334s][info][gc,marking  ] GC(1102) Concurrent Cleanup for Next Mark 1.261ms
[526.334s][info][gc          ] GC(1102) Concurrent Mark Cycle 169.064ms
[526.769s][info][gc,start    ] GC(1103) Pause Young (Prepare Mixed) (G1 Evacuation Pause)
[526.769s][info][gc,task     ] GC(1103) Using 2 workers of 2 for evacuation
[526.772s][info][gc,phases   ] GC(1103)   Pre Evacuate Collection Set: 0.21ms
[526.772s][info][gc,phases   ] GC(1103)   Merge Heap Roots: 0.08ms
[526.772s][info][gc,phases   ] GC(1103)   Evacuate Collection Set: 2.03ms
[526.772s][info][gc,phases   ] GC(1103)   Post Evacuate Collection Set: 0.44ms
[526.772s][info][gc,phases   ] GC(1103)   Other: 0.08ms
[526.772s][info][gc,heap     ] GC(1103) Eden regions: 186->0(207)
[526.772s][info][gc,heap     ] GC(1103) Survivor regions: 2->3(24)
[526.772s][info][gc,heap     ] GC(1103) Old regions: 129->129
[526.772s][info][gc,heap     ] GC(1103) Humongous regions: 5->4
[526.772s][info][gc,metaspace] GC(1103) Metaspace: 43086K(43520K)->43086K(43520K) NonClass: 38738K(38976K)->38738K(38976K) Class: 4348K(4544K)->4348K(4544K)
[526.772s][info][gc          ] GC(1103) Pause Young (Prepare Mixed) (G1 Evacuation Pause) 322M->135M(444M) 3.036ms
[526.772s][info][gc,cpu      ] GC(1103) User=0.00s Sys=0.00s Real=0.00s
[527.264s][info][gc,start    ] GC(1104) Pause Young (Mixed) (G1 Evacuation Pause)
[527.264s][info][gc,task     ] GC(1104) Using 2 workers of 2 for evacuation
[527.271s][info][gc,phases   ] GC(1104)   Pre Evacuate Collection Set: 0.20ms
[527.271s][info][gc,phases   ] GC(1104)   Merge Heap Roots: 0.15ms
[527.271s][info][gc,phases   ] GC(1104)   Evacuate Collection Set: 5.94ms
[527.271s][info][gc,phases   ] GC(1104)   Post Evacuate Collection Set: 0.49ms
[527.271s][info][gc,phases   ] GC(1104)   Other: 0.08ms
[527.271s][info][gc,heap     ] GC(1104) Eden regions: 207->0(233)
[527.271s][info][gc,heap     ] GC(1104) Survivor regions: 3->6(27)
[527.271s][info][gc,heap     ] GC(1104) Old regions: 129->105
[527.271s][info][gc,heap     ] GC(1104) Humongous regions: 4->2
[527.271s][info][gc,metaspace] GC(1104) Metaspace: 43086K(43520K)->43086K(43520K) NonClass: 38738K(38976K)->38738K(38976K) Class: 4348K(4544K)->4348K(4544K)
[527.271s][info][gc          ] GC(1104) Pause Young (Mixed) (G1 Evacuation Pause) 342M->112M(444M) 7.071ms
[527.271s][info][gc,cpu      ] GC(1104) User=0.02s Sys=0.00s Real=0.01s
[527.699s][info][gc,start    ] GC(1105) Pause Young (Concurrent Start) (G1 Evacuation Pause)
[527.699s][info][gc,task     ] GC(1105) Using 2 workers of 2 for evacuation
[527.705s][info][gc,phases   ] GC(1105)   Pre Evacuate Collection Set: 0.24ms
[527.705s][info][gc,phases   ] GC(1105)   Merge Heap Roots: 0.07ms
[527.705s][info][gc,phases   ] GC(1105)   Evacuate Collection Set: 4.63ms
[527.705s][info][gc,phases   ] GC(1105)   Post Evacuate Collection Set: 0.44ms
[527.705s][info][gc,phases   ] GC(1105)   Other: 0.09ms
[527.705s][info][gc,heap     ] GC(1105) Eden regions: 233->0(245)
[527.705s][info][gc,heap     ] GC(1105) Survivor regions: 6->6(30)
[527.705s][info][gc,heap     ] GC(1105) Old regions: 105->105
[527.705s][info][gc,heap     ] GC(1105) Humongous regions: 2->2
[527.705s][info][gc,metaspace] GC(1105) Metaspace: 43086K(43520K)->43086K(43520K) NonClass: 38738K(38976K)->38738K(38976K) Class: 4348K(4544K)->4348K(4544K)
[527.705s][info][gc          ] GC(1105) Pause Young (Concurrent Start) (G1 Evacuation Pause) 345M->113M(444M) 5.659ms
[527.705s][info][gc,cpu      ] GC(1105) User=0.01s Sys=0.00s Real=0.00s
[527.705s][info][gc          ] GC(1106) Concurrent Mark Cycle
[527.705s][info][gc,marking  ] GC(1106) Concurrent Scan Root Regions
[527.708s][info][gc,marking  ] GC(1106) Concurrent Scan Root Regions 2.970ms
[527.708s][info][gc,marking  ] GC(1106) Concurrent Mark
[527.708s][info][gc,marking  ] GC(1106) Concurrent Mark From Roots
[527.708s][info][gc,task     ] GC(1106) Using 1 workers of 1 for marking
[527.811s][info][gc,marking  ] GC(1106) Concurrent Mark From Roots 102.994ms
[527.811s][info][gc,marking  ] GC(1106) Concurrent Preclean
[527.811s][info][gc,marking  ] GC(1106) Concurrent Preclean 0.049ms
[527.811s][info][gc,start    ] GC(1106) Pause Remark
[527.829s][info][gc          ] GC(1106) Pause Remark 152M->118M(270M) 17.832ms
[527.829s][info][gc,cpu      ] GC(1106) User=0.04s Sys=0.00s Real=0.01s
[527.829s][info][gc,marking  ] GC(1106) Concurrent Mark 121.070ms
[527.829s][info][gc,marking  ] GC(1106) Concurrent Rebuild Remembered Sets and Scrub Regions
[527.858s][info][gc,marking  ] GC(1106) Concurrent Rebuild Remembered Sets and Scrub Regions 29.181ms
[527.858s][info][gc,start    ] GC(1106) Pause Cleanup
[527.858s][info][gc          ] GC(1106) Pause Cleanup 127M->127M(270M) 0.053ms
[527.858s][info][gc,cpu      ] GC(1106) User=0.00s Sys=0.00s Real=0.00s
[527.858s][info][gc,marking  ] GC(1106) Concurrent Clear Claimed Marks
[527.858s][info][gc,marking  ] GC(1106) Concurrent Clear Claimed Marks 0.038ms
[527.858s][info][gc,marking  ] GC(1106) Concurrent Cleanup for Next Mark
[527.859s][info][gc,marking  ] GC(1106) Concurrent Cleanup for Next Mark 0.792ms
[527.859s][info][gc          ] GC(1106) Concurrent Mark Cycle 154.391ms
[528.234s][info][gc,start    ] GC(1107) Pause Young (Prepare Mixed) (G1 Evacuation Pause)
[528.234s][info][gc,task     ] GC(1107) Using 2 workers of 2 for evacuation
[528.246s][info][gc,phases   ] GC(1107)   Pre Evacuate Collection Set: 0.37ms
[528.246s][info][gc,phases   ] GC(1107)   Merge Heap Roots: 0.10ms
[528.246s][info][gc,phases   ] GC(1107)   Evacuate Collection Set: 10.76ms
[528.246s][info][gc,phases   ] GC(1107)   Post Evacuate Collection Set: 0.62ms
[528.246s][info][gc,phases   ] GC(1107)   Other: 0.08ms
[528.246s][info][gc,heap     ] GC(1107) Eden regions: 91->0(212)
[528.246s][info][gc,heap     ] GC(1107) Survivor regions: 6->8(27)
[528.246s][info][gc,heap     ] GC(1107) Old regions: 72->72
[528.246s][info][gc,heap     ] GC(1107) Humongous regions: 191->1
[528.246s][info][gc,metaspace] GC(1107) Metaspace: 43086K(43520K)->43086K(43520K) NonClass: 38738K(38976K)->38738K(38976K) Class: 4348K(4544K)->4348K(4544K)
[528.246s][info][gc          ] GC(1107) Pause Young (Prepare Mixed) (G1 Evacuation Pause) 360M->80M(368M) 12.188ms
[528.246s][info][gc,cpu      ] GC(1107) User=0.01s Sys=0.01s Real=0.01s
[528.757s][info][gc,start    ] GC(1108) Pause Young (Mixed) (G1 Evacuation Pause)
[528.758s][info][gc,task     ] GC(1108) Using 2 workers of 2 for evacuation
[528.773s][info][gc,phases   ] GC(1108)   Pre Evacuate Collection Set: 0.32ms
[528.773s][info][gc,phases   ] GC(1108)   Merge Heap Roots: 0.10ms
[528.773s][info][gc,phases   ] GC(1108)   Evacuate Collection Set: 14.42ms
[528.773s][info][gc,phases   ] GC(1108)   Post Evacuate Collection Set: 0.78ms
[528.773s][info][gc,phases   ] GC(1108)   Other: 0.07ms
[528.773s][info][gc,heap     ] GC(1108) Eden regions: 51->0(271)
[528.773s][info][gc,heap     ] GC(1108) Survivor regions: 8->11(29)
[528.773s][info][gc,heap     ] GC(1108) Old regions: 72->63
[528.773s][info][gc,heap     ] GC(1108) Humongous regions: 327->3
[528.773s][info][gc,metaspace] GC(1108) Metaspace: 43086K(43520K)->43086K(43520K) NonClass: 38738K(38976K)->38738K(38976K) Class: 4348K(4544K)->4348K(4544K)
[528.773s][info][gc          ] GC(1108) Pause Young (Mixed) (G1 Evacuation Pause) 457M->76M(470M) 15.896ms
[528.773s][info][gc,cpu      ] GC(1108) User=0.02s Sys=0.01s Real=0.02s
[528.775s][info][gc,start    ] GC(1109) Pause Young (Concurrent Start) (G1 Humongous Allocation)
[528.776s][info][gc,task     ] GC(1109) Using 2 workers of 2 for evacuation
[528.785s][info][gc,phases   ] GC(1109)   Pre Evacuate Collection Set: 0.21ms
[528.785s][info][gc,phases   ] GC(1109)   Merge Heap Roots: 0.04ms
[528.785s][info][gc,phases   ] GC(1109)   Evacuate Collection Set: 8.53ms
[528.785s][info][gc,phases   ] GC(1109)   Post Evacuate Collection Set: 0.28ms
[528.785s][info][gc,phases   ] GC(1109)   Other: 0.07ms
[528.785s][info][gc,heap     ] GC(1109) Eden regions: 1->0(271)
[528.785s][info][gc,heap     ] GC(1109) Survivor regions: 11->11(36)
[528.785s][info][gc,heap     ] GC(1109) Old regions: 63->63
[528.785s][info][gc,heap     ] GC(1109) Humongous regions: 3->1
[528.785s][info][gc,metaspace] GC(1109) Metaspace: 43086K(43520K)->43086K(43520K) NonClass: 38738K(38976K)->38738K(38976K) Class: 4348K(4544K)->4348K(4544K)
[528.785s][info][gc          ] GC(1109) Pause Young (Concurrent Start) (G1 Humongous Allocation) 76M->74M(470M) 9.289ms
[528.785s][info][gc,cpu      ] GC(1109) User=0.01s Sys=0.00s Real=0.01s
[528.785s][info][gc          ] GC(1110) Concurrent Mark Cycle
[528.785s][info][gc,marking  ] GC(1110) Concurrent Scan Root Regions
[528.791s][info][gc,marking  ] GC(1110) Concurrent Scan Root Regions 6.296ms
[528.791s][info][gc,marking  ] GC(1110) Concurrent Mark
[528.791s][info][gc,marking  ] GC(1110) Concurrent Mark From Roots
[528.791s][info][gc,task     ] GC(1110) Using 1 workers of 1 for marking
[528.864s][info][gc,marking  ] GC(1110) Concurrent Mark From Roots 72.316ms
[528.864s][info][gc,marking  ] GC(1110) Concurrent Preclean
[528.864s][info][gc,marking  ] GC(1110) Concurrent Preclean 0.050ms
[528.864s][info][gc,start    ] GC(1110) Pause Remark
[528.881s][info][gc          ] GC(1110) Pause Remark 129M->128M(400M) 17.381ms
[528.881s][info][gc,cpu      ] GC(1110) User=0.04s Sys=0.00s Real=0.02s
[528.881s][info][gc,marking  ] GC(1110) Concurrent Mark 90.039ms
[528.881s][info][gc,marking  ] GC(1110) Concurrent Rebuild Remembered Sets and Scrub Regions
[528.912s][info][gc,marking  ] GC(1110) Concurrent Rebuild Remembered Sets and Scrub Regions 30.673ms
[528.912s][info][gc,start    ] GC(1110) Pause Cleanup
[528.912s][info][gc          ] GC(1110) Pause Cleanup 149M->149M(400M) 0.053ms
[528.912s][info][gc,cpu      ] GC(1110) User=0.00s Sys=0.00s Real=0.00s
[528.912s][info][gc,marking  ] GC(1110) Concurrent Clear Claimed Marks
[528.912s][info][gc,marking  ] GC(1110) Concurrent Clear Claimed Marks 0.040ms
[528.912s][info][gc,marking  ] GC(1110) Concurrent Cleanup for Next Mark
[528.915s][info][gc,marking  ] GC(1110) Concurrent Cleanup for Next Mark 2.607ms
[528.915s][info][gc          ] GC(1110) Concurrent Mark Cycle 130.015ms
[529.448s][info][gc,start    ] GC(1111) Pause Young (Prepare Mixed) (G1 Evacuation Pause)
[529.448s][info][gc,task     ] GC(1111) Using 2 workers of 2 for evacuation
[529.487s][info][gc,phases   ] GC(1111)   Pre Evacuate Collection Set: 0.25ms
[529.487s][info][gc,phases   ] GC(1111)   Merge Heap Roots: 0.07ms
[529.487s][info][gc,phases   ] GC(1111)   Evacuate Collection Set: 37.77ms
[529.487s][info][gc,phases   ] GC(1111)   Post Evacuate Collection Set: 0.81ms
[529.487s][info][gc,phases   ] GC(1111)   Other: 0.08ms
[529.487s][info][gc,heap     ] GC(1111) Eden regions: 64->0(290)
[529.487s][info][gc,heap     ] GC(1111) Survivor regions: 11->19(37)
[529.487s][info][gc,heap     ] GC(1111) Old regions: 62->62
[529.487s][info][gc,heap     ] GC(1111) Humongous regions: 359->3
[529.487s][info][gc,metaspace] GC(1111) Metaspace: 43086K(43520K)->43086K(43520K) NonClass: 38738K(38976K)->38738K(38976K) Class: 4348K(4544K)->4348K(4544K)
[529.487s][info][gc          ] GC(1111) Pause Young (Prepare Mixed) (G1 Evacuation Pause) 495M->82M(515M) 39.210ms
[529.487s][info][gc,cpu      ] GC(1111) User=0.06s Sys=0.02s Real=0.04s
[530.230s][info][gc,start    ] GC(1112) Pause Young (Mixed) (G1 Evacuation Pause)
[530.230s][info][gc,task     ] GC(1112) Using 2 workers of 2 for evacuation
[530.282s][info][gc,phases   ] GC(1112)   Pre Evacuate Collection Set: 0.44ms
[530.282s][info][gc,phases   ] GC(1112)   Merge Heap Roots: 0.19ms
[530.282s][info][gc,phases   ] GC(1112)   Evacuate Collection Set: 49.65ms
[530.282s][info][gc,phases   ] GC(1112)   Post Evacuate Collection Set: 1.32ms
[530.282s][info][gc,phases   ] GC(1112)   Other: 0.10ms
[530.282s][info][gc,heap     ] GC(1112) Eden regions: 85->0(348)
[530.282s][info][gc,heap     ] GC(1112) Survivor regions: 19->30(43)
[530.282s][info][gc,heap     ] GC(1112) Old regions: 62->57
[530.282s][info][gc,heap     ] GC(1112) Humongous regions: 433->1
[530.282s][info][gc,metaspace] GC(1112) Metaspace: 43086K(43520K)->43086K(43520K) NonClass: 38738K(38976K)->38738K(38976K) Class: 4348K(4544K)->4348K(4544K)
[530.282s][info][gc          ] GC(1112) Pause Young (Mixed) (G1 Evacuation Pause) 597M->87M(630M) 51.938ms
[530.282s][info][gc,cpu      ] GC(1112) User=0.08s Sys=0.02s Real=0.05s
[530.300s][info][gc,start    ] GC(1113) Pause Young (Concurrent Start) (G1 Humongous Allocation)
[530.300s][info][gc,task     ] GC(1113) Using 2 workers of 2 for evacuation
[530.333s][info][gc,phases   ] GC(1113)   Pre Evacuate Collection Set: 0.32ms
[530.333s][info][gc,phases   ] GC(1113)   Merge Heap Roots: 0.09ms
[530.333s][info][gc,phases   ] GC(1113)   Evacuate Collection Set: 32.01ms
[530.333s][info][gc,phases   ] GC(1113)   Post Evacuate Collection Set: 0.38ms
[530.333s][info][gc,phases   ] GC(1113)   Other: 0.13ms
[530.333s][info][gc,heap     ] GC(1113) Eden regions: 5->0(336)
[530.333s][info][gc,heap     ] GC(1113) Survivor regions: 30->27(48)
[530.333s][info][gc,heap     ] GC(1113) Old regions: 57->63
[530.333s][info][gc,heap     ] GC(1113) Humongous regions: 1->1
[530.333s][info][gc,metaspace] GC(1113) Metaspace: 43086K(43520K)->43086K(43520K) NonClass: 38738K(38976K)->38738K(38976K) Class: 4348K(4544K)->4348K(4544K)
[530.333s][info][gc          ] GC(1113) Pause Young (Concurrent Start) (G1 Humongous Allocation) 91M->89M(630M) 33.151ms
[530.333s][info][gc,cpu      ] GC(1113) User=0.06s Sys=0.00s Real=0.03s
[530.333s][info][gc          ] GC(1114) Concurrent Mark Cycle
[530.333s][info][gc,marking  ] GC(1114) Concurrent Scan Root Regions
[530.355s][info][gc,marking  ] GC(1114) Concurrent Scan Root Regions 21.451ms
[530.355s][info][gc,marking  ] GC(1114) Concurrent Mark
[530.355s][info][gc,marking  ] GC(1114) Concurrent Mark From Roots
[530.355s][info][gc,task     ] GC(1114) Using 1 workers of 1 for marking
[530.430s][info][gc,marking  ] GC(1114) Concurrent Mark From Roots 75.137ms
[530.430s][info][gc,marking  ] GC(1114) Concurrent Preclean
[530.430s][info][gc,marking  ] GC(1114) Concurrent Preclean 0.044ms
[530.430s][info][gc,start    ] GC(1114) Pause Remark
[530.447s][info][gc          ] GC(1114) Pause Remark 141M->141M(424M) 17.176ms
[530.447s][info][gc,cpu      ] GC(1114) User=0.03s Sys=0.00s Real=0.01s
[530.447s][info][gc,marking  ] GC(1114) Concurrent Mark 92.648ms
[530.447s][info][gc,marking  ] GC(1114) Concurrent Rebuild Remembered Sets and Scrub Regions
[530.481s][info][gc,marking  ] GC(1114) Concurrent Rebuild Remembered Sets and Scrub Regions 33.386ms
[530.481s][info][gc,start    ] GC(1114) Pause Cleanup
[530.481s][info][gc          ] GC(1114) Pause Cleanup 147M->147M(424M) 0.047ms
[530.481s][info][gc,cpu      ] GC(1114) User=0.00s Sys=0.00s Real=0.00s
[530.481s][info][gc,marking  ] GC(1114) Concurrent Clear Claimed Marks
[530.481s][info][gc,marking  ] GC(1114) Concurrent Clear Claimed Marks 0.038ms
[530.481s][info][gc,marking  ] GC(1114) Concurrent Cleanup for Next Mark
[530.482s][info][gc,marking  ] GC(1114) Concurrent Cleanup for Next Mark 1.507ms
[530.482s][info][gc          ] GC(1114) Concurrent Mark Cycle 149.344ms
[531.118s][info][gc,start    ] GC(1115) Pause Young (Prepare Mixed) (G1 Evacuation Pause)
[531.118s][info][gc,task     ] GC(1115) Using 2 workers of 2 for evacuation
[531.159s][info][gc,phases   ] GC(1115)   Pre Evacuate Collection Set: 0.22ms
[531.159s][info][gc,phases   ] GC(1115)   Merge Heap Roots: 0.12ms
[531.159s][info][gc,phases   ] GC(1115)   Evacuate Collection Set: 39.35ms
[531.159s][info][gc,phases   ] GC(1115)   Post Evacuate Collection Set: 0.56ms
[531.159s][info][gc,phases   ] GC(1115)   Other: 0.08ms
[531.159s][info][gc,heap     ] GC(1115) Eden regions: 227->0(221)
[531.159s][info][gc,heap     ] GC(1115) Survivor regions: 27->27(32)
[531.159s][info][gc,heap     ] GC(1115) Old regions: 63->75
[531.159s][info][gc,heap     ] GC(1115) Humongous regions: 81->1
[531.159s][info][gc,metaspace] GC(1115) Metaspace: 43090K(43520K)->43090K(43520K) NonClass: 38742K(38976K)->38742K(38976K) Class: 4348K(4544K)->4348K(4544K)
[531.159s][info][gc          ] GC(1115) Pause Young (Prepare Mixed) (G1 Evacuation Pause) 396M->101M(437M) 40.548ms
[531.159s][info][gc,cpu      ] GC(1115) User=0.08s Sys=0.00s Real=0.04s
[531.686s][info][gc,start    ] GC(1116) Pause Young (Mixed) (G1 Evacuation Pause)
[531.686s][info][gc,task     ] GC(1116) Using 2 workers of 2 for evacuation
[531.711s][info][gc,phases   ] GC(1116)   Pre Evacuate Collection Set: 0.21ms
[531.711s][info][gc,phases   ] GC(1116)   Merge Heap Roots: 0.11ms
[531.711s][info][gc,phases   ] GC(1116)   Evacuate Collection Set: 24.12ms
[531.711s][info][gc,phases   ] GC(1116)   Post Evacuate Collection Set: 0.64ms
[531.711s][info][gc,phases   ] GC(1116)   Other: 0.09ms
[531.711s][info][gc,heap     ] GC(1116) Eden regions: 221->0(239)
[531.711s][info][gc,heap     ] GC(1116) Survivor regions: 27->14(31)
[531.711s][info][gc,heap     ] GC(1116) Old regions: 75->84
[531.711s][info][gc,heap     ] GC(1116) Humongous regions: 1->1
[531.711s][info][gc,metaspace] GC(1116) Metaspace: 43094K(43520K)->43094K(43520K) NonClass: 38746K(38976K)->38746K(38976K) Class: 4348K(4544K)->4348K(4544K)
[531.712s][info][gc          ] GC(1116) Pause Young (Mixed) (G1 Evacuation Pause) 322M->97M(437M) 25.360ms
[531.712s][info][gc,cpu      ] GC(1116) User=0.05s Sys=0.00s Real=0.03s
[532.300s][info][gc,start    ] GC(1117) Pause Young (Concurrent Start) (G1 Evacuation Pause)
[532.301s][info][gc,task     ] GC(1117) Using 2 workers of 2 for evacuation
[532.311s][info][gc,phases   ] GC(1117)   Pre Evacuate Collection Set: 0.21ms
[532.311s][info][gc,phases   ] GC(1117)   Merge Heap Roots: 0.10ms
[532.311s][info][gc,phases   ] GC(1117)   Evacuate Collection Set: 9.76ms
[532.311s][info][gc,phases   ] GC(1117)   Post Evacuate Collection Set: 0.64ms
[532.311s][info][gc,phases   ] GC(1117)   Other: 0.10ms
[532.311s][info][gc,heap     ] GC(1117) Eden regions: 239->0(249)
[532.311s][info][gc,heap     ] GC(1117) Survivor regions: 14->13(32)
[532.311s][info][gc,heap     ] GC(1117) Old regions: 84->84
[532.311s][info][gc,heap     ] GC(1117) Humongous regions: 1->1
[532.311s][info][gc,metaspace] GC(1117) Metaspace: 43097K(43520K)->43097K(43520K) NonClass: 38749K(38976K)->38749K(38976K) Class: 4348K(4544K)->4348K(4544K)
[532.311s][info][gc          ] GC(1117) Pause Young (Concurrent Start) (G1 Evacuation Pause) 336M->96M(437M) 11.028ms
[532.312s][info][gc          ] GC(1118) Concurrent Mark Cycle
[532.312s][info][gc,marking  ] GC(1118) Concurrent Scan Root Regions
[532.312s][info][gc,cpu      ] GC(1117) User=0.02s Sys=0.00s Real=0.01s
[532.329s][info][gc,marking  ] GC(1118) Concurrent Scan Root Regions 17.688ms
[532.329s][info][gc,marking  ] GC(1118) Concurrent Mark
[532.329s][info][gc,marking  ] GC(1118) Concurrent Mark From Roots
[532.329s][info][gc,task     ] GC(1118) Using 1 workers of 1 for marking
[532.458s][info][gc,marking  ] GC(1118) Concurrent Mark From Roots 128.324ms
[532.458s][info][gc,marking  ] GC(1118) Concurrent Preclean
[532.458s][info][gc,marking  ] GC(1118) Concurrent Preclean 0.045ms
[532.458s][info][gc,start    ] GC(1118) Pause Remark
[532.475s][info][gc          ] GC(1118) Pause Remark 146M->143M(317M) 17.507ms
[532.475s][info][gc,cpu      ] GC(1118) User=0.03s Sys=0.00s Real=0.02s
[532.475s][info][gc,marking  ] GC(1118) Concurrent Mark 146.183ms
[532.475s][info][gc,marking  ] GC(1118) Concurrent Rebuild Remembered Sets and Scrub Regions
[532.524s][info][gc,marking  ] GC(1118) Concurrent Rebuild Remembered Sets and Scrub Regions 48.458ms
[532.524s][info][gc,start    ] GC(1118) Pause Cleanup
[532.524s][info][gc          ] GC(1118) Pause Cleanup 162M->162M(317M) 0.057ms
[532.524s][info][gc,cpu      ] GC(1118) User=0.00s Sys=0.00s Real=0.00s
[532.524s][info][gc,marking  ] GC(1118) Concurrent Clear Claimed Marks
[532.524s][info][gc,marking  ] GC(1118) Concurrent Clear Claimed Marks 0.040ms
[532.524s][info][gc,marking  ] GC(1118) Concurrent Cleanup for Next Mark
[532.525s][info][gc,marking  ] GC(1118) Concurrent Cleanup for Next Mark 1.087ms
[532.525s][info][gc          ] GC(1118) Concurrent Mark Cycle 213.810ms
[532.783s][info][gc,start    ] GC(1119) Pause Young (Prepare Mixed) (G1 Evacuation Pause)
[532.783s][info][gc,task     ] GC(1119) Using 2 workers of 2 for evacuation
[532.797s][info][gc,phases   ] GC(1119)   Pre Evacuate Collection Set: 0.27ms
[532.797s][info][gc,phases   ] GC(1119)   Merge Heap Roots: 0.18ms
[532.797s][info][gc,phases   ] GC(1119)   Evacuate Collection Set: 12.99ms
[532.797s][info][gc,phases   ] GC(1119)   Post Evacuate Collection Set: 0.61ms
[532.797s][info][gc,phases   ] GC(1119)   Other: 0.09ms
[532.797s][info][gc,heap     ] GC(1119) Eden regions: 177->0(171)
[532.797s][info][gc,heap     ] GC(1119) Survivor regions: 13->14(24)
[532.797s][info][gc,heap     ] GC(1119) Old regions: 81->84
[532.797s][info][gc,heap     ] GC(1119) Humongous regions: 1->1
[532.797s][info][gc,metaspace] GC(1119) Metaspace: 43097K(43520K)->43097K(43520K) NonClass: 38749K(38976K)->38749K(38976K) Class: 4348K(4544K)->4348K(4544K)
[532.797s][info][gc          ] GC(1119) Pause Young (Prepare Mixed) (G1 Evacuation Pause) 270M->97M(317M) 14.349ms
[532.797s][info][gc,cpu      ] GC(1119) User=0.03s Sys=0.00s Real=0.01s
[533.282s][info][gc,start    ] GC(1120) Pause Young (Mixed) (G1 Evacuation Pause)
[533.282s][info][gc,task     ] GC(1120) Using 2 workers of 2 for evacuation
[533.293s][info][gc,phases   ] GC(1120)   Pre Evacuate Collection Set: 0.28ms
[533.293s][info][gc,phases   ] GC(1120)   Merge Heap Roots: 0.26ms
[533.293s][info][gc,phases   ] GC(1120)   Evacuate Collection Set: 10.44ms
[533.293s][info][gc,phases   ] GC(1120)   Post Evacuate Collection Set: 0.52ms
[533.293s][info][gc,phases   ] GC(1120)   Other: 0.07ms
[533.293s][info][gc,heap     ] GC(1120) Eden regions: 171->0(180)
[533.293s][info][gc,heap     ] GC(1120) Survivor regions: 14->5(24)
[533.293s][info][gc,heap     ] GC(1120) Old regions: 84->88
[533.293s][info][gc,heap     ] GC(1120) Humongous regions: 1->1
[533.293s][info][gc,metaspace] GC(1120) Metaspace: 43097K(43520K)->43097K(43520K) NonClass: 38749K(38976K)->38749K(38976K) Class: 4348K(4544K)->4348K(4544K)
[533.293s][info][gc          ] GC(1120) Pause Young (Mixed) (G1 Evacuation Pause) 268M->93M(317M) 11.806ms
[533.293s][info][gc,cpu      ] GC(1120) User=0.03s Sys=0.00s Real=0.01s
[533.761s][info][gc,start    ] GC(1121) Pause Young (Concurrent Start) (G1 Evacuation Pause)
[533.761s][info][gc,task     ] GC(1121) Using 2 workers of 2 for evacuation
[533.764s][info][gc,phases   ] GC(1121)   Pre Evacuate Collection Set: 0.19ms
[533.764s][info][gc,phases   ] GC(1121)   Merge Heap Roots: 0.07ms
[533.764s][info][gc,phases   ] GC(1121)   Evacuate Collection Set: 2.51ms
[533.764s][info][gc,phases   ] GC(1121)   Post Evacuate Collection Set: 0.51ms
[533.764s][info][gc,phases   ] GC(1121)   Other: 0.11ms
[533.764s][info][gc,heap     ] GC(1121) Eden regions: 180->0(185)
[533.764s][info][gc,heap     ] GC(1121) Survivor regions: 5->5(24)
[533.764s][info][gc,heap     ] GC(1121) Old regions: 88->88
[533.764s][info][gc,heap     ] GC(1121) Humongous regions: 1->1
[533.764s][info][gc,metaspace] GC(1121) Metaspace: 43104K(43520K)->43104K(43520K) NonClass: 38755K(38976K)->38755K(38976K) Class: 4348K(4544K)->4348K(4544K)
[533.764s][info][gc          ] GC(1121) Pause Young (Concurrent Start) (G1 Evacuation Pause) 273M->92M(317M) 3.580ms
[533.764s][info][gc,cpu      ] GC(1121) User=0.01s Sys=0.00s Real=0.00s
[533.764s][info][gc          ] GC(1122) Concurrent Mark Cycle
[533.764s][info][gc,marking  ] GC(1122) Concurrent Scan Root Regions
[533.765s][info][gc,marking  ] GC(1122) Concurrent Scan Root Regions 0.896ms
[533.765s][info][gc,marking  ] GC(1122) Concurrent Mark
[533.765s][info][gc,marking  ] GC(1122) Concurrent Mark From Roots
[533.765s][info][gc,task     ] GC(1122) Using 1 workers of 1 for marking
[533.845s][info][gc,marking  ] GC(1122) Concurrent Mark From Roots 79.407ms
[533.845s][info][gc,marking  ] GC(1122) Concurrent Preclean
[533.845s][info][gc,marking  ] GC(1122) Concurrent Preclean 0.081ms
[533.845s][info][gc,start    ] GC(1122) Pause Remark
[533.863s][info][gc          ] GC(1122) Pause Remark 119M->101M(256M) 17.748ms
[533.863s][info][gc,cpu      ] GC(1122) User=0.03s Sys=0.00s Real=0.02s
[533.865s][info][gc,marking  ] GC(1122) Concurrent Mark 99.708ms
[533.865s][info][gc,marking  ] GC(1122) Concurrent Rebuild Remembered Sets and Scrub Regions
[533.897s][info][gc,marking  ] GC(1122) Concurrent Rebuild Remembered Sets and Scrub Regions 31.822ms
[533.897s][info][gc,start    ] GC(1122) Pause Cleanup
[533.897s][info][gc          ] GC(1122) Pause Cleanup 109M->109M(256M) 0.059ms
[533.897s][info][gc,cpu      ] GC(1122) User=0.00s Sys=0.00s Real=0.00s
[533.897s][info][gc,marking  ] GC(1122) Concurrent Clear Claimed Marks
[533.897s][info][gc,marking  ] GC(1122) Concurrent Clear Claimed Marks 0.039ms
[533.897s][info][gc,marking  ] GC(1122) Concurrent Cleanup for Next Mark
[533.898s][info][gc,marking  ] GC(1122) Concurrent Cleanup for Next Mark 0.720ms
[533.898s][info][gc          ] GC(1122) Concurrent Mark Cycle 133.559ms
[534.740s][info][gc,start    ] GC(1123) Pause Young (Prepare Mixed) (G1 Evacuation Pause)
[534.740s][info][gc,task     ] GC(1123) Using 2 workers of 2 for evacuation
[534.748s][info][gc,phases   ] GC(1123)   Pre Evacuate Collection Set: 2.32ms
[534.748s][info][gc,phases   ] GC(1123)   Merge Heap Roots: 0.11ms
[534.748s][info][gc,phases   ] GC(1123)   Evacuate Collection Set: 5.33ms
[534.748s][info][gc,phases   ] GC(1123)   Post Evacuate Collection Set: 0.49ms
[534.748s][info][gc,phases   ] GC(1123)   Other: 0.08ms
[534.748s][info][gc,heap     ] GC(1123) Eden regions: 148->0(149)
[534.748s][info][gc,heap     ] GC(1123) Survivor regions: 5->4(20)
[534.748s][info][gc,heap     ] GC(1123) Old regions: 70->70
[534.748s][info][gc,heap     ] GC(1123) Humongous regions: 3->1
[534.748s][info][gc,metaspace] GC(1123) Metaspace: 43107K(43520K)->43107K(43520K) NonClass: 38759K(38976K)->38759K(38976K) Class: 4348K(4544K)->4348K(4544K)
[534.748s][info][gc          ] GC(1123) Pause Young (Prepare Mixed) (G1 Evacuation Pause) 224M->73M(256M) 8.525ms
[534.748s][info][gc,cpu      ] GC(1123) User=0.02s Sys=0.00s Real=0.00s
[535.501s][info][gc,start    ] GC(1124) Pause Young (Mixed) (G1 Evacuation Pause)
[535.501s][info][gc,task     ] GC(1124) Using 2 workers of 2 for evacuation
[535.520s][info][gc,phases   ] GC(1124)   Pre Evacuate Collection Set: 0.28ms
[535.520s][info][gc,phases   ] GC(1124)   Merge Heap Roots: 0.12ms
[535.520s][info][gc,phases   ] GC(1124)   Evacuate Collection Set: 17.75ms
[535.520s][info][gc,phases   ] GC(1124)   Post Evacuate Collection Set: 0.48ms
[535.520s][info][gc,phases   ] GC(1124)   Other: 0.08ms
[535.520s][info][gc,heap     ] GC(1124) Eden regions: 149->0(136)
[535.520s][info][gc,heap     ] GC(1124) Survivor regions: 4->17(20)
[535.520s][info][gc,heap     ] GC(1124) Old regions: 70->59
[535.520s][info][gc,heap     ] GC(1124) Humongous regions: 11->3
[535.520s][info][gc,metaspace] GC(1124) Metaspace: 43120K(43584K)->43120K(43584K) NonClass: 38772K(39040K)->38772K(39040K) Class: 4348K(4544K)->4348K(4544K)
[535.520s][info][gc          ] GC(1124) Pause Young (Mixed) (G1 Evacuation Pause) 232M->78M(256M) 18.899ms
[535.520s][info][gc,cpu      ] GC(1124) User=0.03s Sys=0.00s Real=0.02s
[535.679s][info][gc,start    ] GC(1125) Pause Young (Concurrent Start) (G1 Humongous Allocation)
[535.679s][info][gc,task     ] GC(1125) Using 2 workers of 2 for evacuation
[535.703s][info][gc,phases   ] GC(1125)   Pre Evacuate Collection Set: 0.17ms
[535.703s][info][gc,phases   ] GC(1125)   Merge Heap Roots: 0.06ms
[535.703s][info][gc,phases   ] GC(1125)   Evacuate Collection Set: 22.94ms
[535.703s][info][gc,phases   ] GC(1125)   Post Evacuate Collection Set: 0.36ms
[535.703s][info][gc,phases   ] GC(1125)   Other: 0.09ms
[535.703s][info][gc,heap     ] GC(1125) Eden regions: 69->0(136)
[535.703s][info][gc,heap     ] GC(1125) Survivor regions: 17->9(20)
[535.703s][info][gc,heap     ] GC(1125) Old regions: 59->76
[535.703s][info][gc,heap     ] GC(1125) Humongous regions: 3->3
[535.703s][info][gc,metaspace] GC(1125) Metaspace: 43120K(43584K)->43120K(43584K) NonClass: 38772K(39040K)->38772K(39040K) Class: 4348K(4544K)->4348K(4544K)
[535.703s][info][gc          ] GC(1125) Pause Young (Concurrent Start) (G1 Humongous Allocation) 147M->86M(256M) 23.824ms
[535.703s][info][gc,cpu      ] GC(1125) User=0.04s Sys=0.00s Real=0.02s
[535.703s][info][gc          ] GC(1126) Concurrent Mark Cycle
[535.703s][info][gc,marking  ] GC(1126) Concurrent Scan Root Regions
[535.742s][info][gc,marking  ] GC(1126) Concurrent Scan Root Regions 39.021ms
[535.742s][info][gc,marking  ] GC(1126) Concurrent Mark
[535.742s][info][gc,marking  ] GC(1126) Concurrent Mark From Roots
[535.742s][info][gc,task     ] GC(1126) Using 1 workers of 1 for marking
[535.849s][info][gc,marking  ] GC(1126) Concurrent Mark From Roots 106.878ms
[535.849s][info][gc,marking  ] GC(1126) Concurrent Preclean
[535.849s][info][gc,marking  ] GC(1126) Concurrent Preclean 0.235ms
[535.849s][info][gc,start    ] GC(1126) Pause Remark
[535.867s][info][gc          ] GC(1126) Pause Remark 126M->122M(256M) 17.871ms
[535.867s][info][gc,cpu      ] GC(1126) User=0.03s Sys=0.00s Real=0.01s
[535.867s][info][gc,marking  ] GC(1126) Concurrent Mark 125.269ms
[535.867s][info][gc,marking  ] GC(1126) Concurrent Rebuild Remembered Sets and Scrub Regions
[535.906s][info][gc,marking  ] GC(1126) Concurrent Rebuild Remembered Sets and Scrub Regions 38.565ms
[535.906s][info][gc,start    ] GC(1126) Pause Cleanup
[535.906s][info][gc          ] GC(1126) Pause Cleanup 129M->129M(256M) 0.051ms
[535.906s][info][gc,cpu      ] GC(1126) User=0.00s Sys=0.00s Real=0.00s
[535.906s][info][gc,marking  ] GC(1126) Concurrent Clear Claimed Marks
[535.906s][info][gc,marking  ] GC(1126) Concurrent Clear Claimed Marks 0.040ms
[535.906s][info][gc,marking  ] GC(1126) Concurrent Cleanup for Next Mark
[535.907s][info][gc,marking  ] GC(1126) Concurrent Cleanup for Next Mark 0.780ms
[535.907s][info][gc          ] GC(1126) Concurrent Mark Cycle 204.102ms
[536.115s][info][gc,start    ] GC(1127) Pause Young (Prepare Mixed) (G1 Evacuation Pause)
[536.115s][info][gc,task     ] GC(1127) Using 2 workers of 2 for evacuation
[536.140s][info][gc,phases   ] GC(1127)   Pre Evacuate Collection Set: 0.17ms
[536.140s][info][gc,phases   ] GC(1127)   Merge Heap Roots: 0.08ms
[536.140s][info][gc,phases   ] GC(1127)   Evacuate Collection Set: 23.84ms
[536.140s][info][gc,phases   ] GC(1127)   Post Evacuate Collection Set: 0.45ms
[536.140s][info][gc,phases   ] GC(1127)   Other: 0.08ms
[536.140s][info][gc,heap     ] GC(1127) Eden regions: 136->0(126)
[536.140s][info][gc,heap     ] GC(1127) Survivor regions: 9->19(19)
[536.140s][info][gc,heap     ] GC(1127) Old regions: 71->74
[536.140s][info][gc,heap     ] GC(1127) Humongous regions: 4->4
[536.140s][info][gc,metaspace] GC(1127) Metaspace: 43120K(43584K)->43120K(43584K) NonClass: 38772K(39040K)->38772K(39040K) Class: 4348K(4544K)->4348K(4544K)
[536.140s][info][gc          ] GC(1127) Pause Young (Prepare Mixed) (G1 Evacuation Pause) 219M->97M(256M) 24.852ms
[536.140s][info][gc,cpu      ] GC(1127) User=0.05s Sys=0.00s Real=0.03s
[536.454s][info][gc,start    ] GC(1128) Pause Young (Mixed) (G1 Evacuation Pause)
[536.454s][info][gc,task     ] GC(1128) Using 2 workers of 2 for evacuation
[536.499s][info][gc,phases   ] GC(1128)   Pre Evacuate Collection Set: 0.24ms
[536.499s][info][gc,phases   ] GC(1128)   Merge Heap Roots: 0.29ms
[536.499s][info][gc,phases   ] GC(1128)   Evacuate Collection Set: 43.97ms
[536.499s][info][gc,phases   ] GC(1128)   Post Evacuate Collection Set: 0.45ms
[536.499s][info][gc,phases   ] GC(1128)   Other: 0.10ms
[536.499s][info][gc,heap     ] GC(1128) Eden regions: 126->0(124)
[536.499s][info][gc,heap     ] GC(1128) Survivor regions: 19->14(19)
[536.499s][info][gc,heap     ] GC(1128) Old regions: 74->80
[536.499s][info][gc,heap     ] GC(1128) Humongous regions: 6->6
[536.499s][info][gc,metaspace] GC(1128) Metaspace: 43120K(43584K)->43120K(43584K) NonClass: 38772K(39040K)->38772K(39040K) Class: 4348K(4544K)->4348K(4544K)
[536.499s][info][gc          ] GC(1128) Pause Young (Mixed) (G1 Evacuation Pause) 225M->100M(259M) 45.279ms
[536.499s][info][gc,cpu      ] GC(1128) User=0.09s Sys=0.01s Real=0.05s
[536.776s][info][gc,start    ] GC(1129) Pause Young (Concurrent Start) (G1 Evacuation Pause)
[536.776s][info][gc,task     ] GC(1129) Using 2 workers of 2 for evacuation
[536.808s][info][gc,phases   ] GC(1129)   Pre Evacuate Collection Set: 0.18ms
[536.808s][info][gc,phases   ] GC(1129)   Merge Heap Roots: 0.13ms
[536.808s][info][gc,phases   ] GC(1129)   Evacuate Collection Set: 31.89ms
[536.808s][info][gc,phases   ] GC(1129)   Post Evacuate Collection Set: 0.47ms
[536.808s][info][gc,phases   ] GC(1129)   Other: 0.11ms
[536.808s][info][gc,heap     ] GC(1129) Eden regions: 124->0(113)
[536.808s][info][gc,heap     ] GC(1129) Survivor regions: 14->13(18)
[536.808s][info][gc,heap     ] GC(1129) Old regions: 80->95
[536.808s][info][gc,heap     ] GC(1129) Humongous regions: 6->6
[536.808s][info][gc,metaspace] GC(1129) Metaspace: 43120K(43584K)->43120K(43584K) NonClass: 38772K(39040K)->38772K(39040K) Class: 4348K(4544K)->4348K(4544K)
[536.809s][info][gc          ] GC(1129) Pause Young (Concurrent Start) (G1 Evacuation Pause) 224M->113M(259M) 32.989ms
[536.809s][info][gc,cpu      ] GC(1129) User=0.06s Sys=0.00s Real=0.03s
[536.809s][info][gc          ] GC(1130) Concurrent Mark Cycle
[536.809s][info][gc,marking  ] GC(1130) Concurrent Scan Root Regions
[536.857s][info][gc,marking  ] GC(1130) Concurrent Scan Root Regions 48.473ms
[536.857s][info][gc,marking  ] GC(1130) Concurrent Mark
[536.857s][info][gc,marking  ] GC(1130) Concurrent Mark From Roots
[536.857s][info][gc,task     ] GC(1130) Using 1 workers of 1 for marking
[537.026s][info][gc,marking  ] GC(1130) Concurrent Mark From Roots 169.226ms
[537.026s][info][gc,marking  ] GC(1130) Concurrent Preclean
[537.026s][info][gc,marking  ] GC(1130) Concurrent Preclean 0.102ms
[537.027s][info][gc,start    ] GC(1130) Pause Remark
[537.045s][info][gc          ] GC(1130) Pause Remark 165M->164M(259M) 18.021ms
[537.045s][info][gc,cpu      ] GC(1130) User=0.04s Sys=0.00s Real=0.02s
[537.045s][info][gc,marking  ] GC(1130) Concurrent Mark 187.677ms
[537.045s][info][gc,marking  ] GC(1130) Concurrent Rebuild Remembered Sets and Scrub Regions
[537.107s][info][gc,marking  ] GC(1130) Concurrent Rebuild Remembered Sets and Scrub Regions 62.200ms
[537.107s][info][gc,start    ] GC(1130) Pause Cleanup
[537.107s][info][gc          ] GC(1130) Pause Cleanup 177M->177M(259M) 0.051ms
[537.107s][info][gc,cpu      ] GC(1130) User=0.00s Sys=0.00s Real=0.00s
[537.107s][info][gc,marking  ] GC(1130) Concurrent Clear Claimed Marks
[537.107s][info][gc,marking  ] GC(1130) Concurrent Clear Claimed Marks 0.050ms
[537.107s][info][gc,marking  ] GC(1130) Concurrent Cleanup for Next Mark
[537.108s][info][gc,marking  ] GC(1130) Concurrent Cleanup for Next Mark 0.827ms
[537.108s][info][gc          ] GC(1130) Concurrent Mark Cycle 299.639ms
[537.300s][info][gc,start    ] GC(1131) Pause Young (Prepare Mixed) (G1 Evacuation Pause)
[537.300s][info][gc,task     ] GC(1131) Using 2 workers of 2 for evacuation
[537.335s][info][gc,phases   ] GC(1131)   Pre Evacuate Collection Set: 0.15ms
[537.335s][info][gc,phases   ] GC(1131)   Merge Heap Roots: 0.13ms
[537.335s][info][gc,phases   ] GC(1131)   Evacuate Collection Set: 33.55ms
[537.335s][info][gc,phases   ] GC(1131)   Post Evacuate Collection Set: 0.44ms
[537.335s][info][gc,phases   ] GC(1131)   Other: 0.07ms
[537.335s][info][gc,heap     ] GC(1131) Eden regions: 113->0(103)
[537.335s][info][gc,heap     ] GC(1131) Survivor regions: 13->11(16)
[537.335s][info][gc,heap     ] GC(1131) Old regions: 95->108
[537.335s][info][gc,heap     ] GC(1131) Humongous regions: 10->9
[537.335s][info][gc,metaspace] GC(1131) Metaspace: 43120K(43584K)->43120K(43584K) NonClass: 38772K(39040K)->38772K(39040K) Class: 4348K(4544K)->4348K(4544K)
[537.335s][info][gc          ] GC(1131) Pause Young (Prepare Mixed) (G1 Evacuation Pause) 230M->127M(259M) 34.548ms
[537.335s][info][gc,cpu      ] GC(1131) User=0.07s Sys=0.00s Real=0.03s
[537.575s][info][gc,start    ] GC(1132) Pause Young (Mixed) (G1 Evacuation Pause)
[537.575s][info][gc,task     ] GC(1132) Using 2 workers of 2 for evacuation
[537.630s][info][gc,phases   ] GC(1132)   Pre Evacuate Collection Set: 0.17ms
[537.630s][info][gc,phases   ] GC(1132)   Merge Heap Roots: 0.29ms
[537.630s][info][gc,phases   ] GC(1132)   Evacuate Collection Set: 52.49ms
[537.630s][info][gc,phases   ] GC(1132)   Post Evacuate Collection Set: 1.46ms
[537.630s][info][gc,phases   ] GC(1132)   Other: 0.08ms
[537.630s][info][gc,heap     ] GC(1132) Eden regions: 103->0(209)
[537.630s][info][gc,heap     ] GC(1132) Survivor regions: 11->12(15)
[537.630s][info][gc,heap     ] GC(1132) Old regions: 108->108
[537.630s][info][gc,heap     ] GC(1132) Humongous regions: 10->9
[537.630s][info][gc,metaspace] GC(1132) Metaspace: 43125K(43584K)->43125K(43584K) NonClass: 38777K(39040K)->38777K(39040K) Class: 4348K(4544K)->4348K(4544K)
[537.630s][info][gc          ] GC(1132) Pause Young (Mixed) (G1 Evacuation Pause) 231M->128M(386M) 54.693ms
[537.630s][info][gc,cpu      ] GC(1132) User=0.10s Sys=0.01s Real=0.06s
[540.406s][info][gc,start    ] GC(1133) Pause Young (Concurrent Start) (G1 Humongous Allocation)
[540.406s][info][gc,task     ] GC(1133) Using 2 workers of 2 for evacuation
[540.439s][info][gc,phases   ] GC(1133)   Pre Evacuate Collection Set: 0.24ms
[540.439s][info][gc,phases   ] GC(1133)   Merge Heap Roots: 0.10ms
[540.439s][info][gc,phases   ] GC(1133)   Evacuate Collection Set: 32.12ms
[540.439s][info][gc,phases   ] GC(1133)   Post Evacuate Collection Set: 0.37ms
[540.439s][info][gc,phases   ] GC(1133)   Other: 0.12ms
[540.439s][info][gc,heap     ] GC(1133) Eden regions: 30->0(208)
[540.439s][info][gc,heap     ] GC(1133) Survivor regions: 12->14(28)
[540.439s][info][gc,heap     ] GC(1133) Old regions: 108->108
[540.439s][info][gc,heap     ] GC(1133) Humongous regions: 9->7
[540.439s][info][gc,metaspace] GC(1133) Metaspace: 43127K(43584K)->43127K(43584K) NonClass: 38779K(39040K)->38779K(39040K) Class: 4348K(4544K)->4348K(4544K)
[540.439s][info][gc          ] GC(1133) Pause Young (Concurrent Start) (G1 Humongous Allocation) 158M->128M(386M) 33.183ms
[540.439s][info][gc          ] GC(1134) Concurrent Mark Cycle
[540.439s][info][gc,marking  ] GC(1134) Concurrent Scan Root Regions
[540.440s][info][gc,cpu      ] GC(1133) User=0.03s Sys=0.01s Real=0.04s
[540.468s][info][gc,marking  ] GC(1134) Concurrent Scan Root Regions 28.690ms
[540.468s][info][gc,marking  ] GC(1134) Concurrent Mark
[540.468s][info][gc,marking  ] GC(1134) Concurrent Mark From Roots
[540.468s][info][gc,task     ] GC(1134) Using 1 workers of 1 for marking
[540.635s][info][gc,marking  ] GC(1134) Concurrent Mark From Roots 167.248ms
[540.635s][info][gc,marking  ] GC(1134) Concurrent Preclean
[540.635s][info][gc,marking  ] GC(1134) Concurrent Preclean 0.075ms
[540.637s][info][gc,start    ] GC(1134) Pause Remark
[540.665s][info][gc          ] GC(1134) Pause Remark 170M->164M(386M) 28.199ms
[540.665s][info][gc,cpu      ] GC(1134) User=0.06s Sys=0.00s Real=0.03s
[540.666s][info][gc,marking  ] GC(1134) Concurrent Mark 198.359ms
[540.666s][info][gc,marking  ] GC(1134) Concurrent Rebuild Remembered Sets and Scrub Regions
[540.794s][info][gc,marking  ] GC(1134) Concurrent Rebuild Remembered Sets and Scrub Regions 127.550ms
[540.794s][info][gc,start    ] GC(1134) Pause Cleanup
[540.794s][info][gc          ] GC(1134) Pause Cleanup 188M->188M(386M) 0.071ms
[540.794s][info][gc,cpu      ] GC(1134) User=0.00s Sys=0.00s Real=0.00s
[540.794s][info][gc,marking  ] GC(1134) Concurrent Clear Claimed Marks
[540.794s][info][gc,marking  ] GC(1134) Concurrent Clear Claimed Marks 0.056ms
[540.794s][info][gc,marking  ] GC(1134) Concurrent Cleanup for Next Mark
[540.799s][info][gc,marking  ] GC(1134) Concurrent Cleanup for Next Mark 4.563ms
[540.799s][info][gc          ] GC(1134) Concurrent Mark Cycle 359.644ms
[541.314s][info][gc,start    ] GC(1135) Pause Young (Prepare Mixed) (G1 Evacuation Pause)
[541.314s][info][gc,task     ] GC(1135) Using 2 workers of 2 for evacuation
[541.320s][info][gc,phases   ] GC(1135)   Pre Evacuate Collection Set: 0.26ms
[541.320s][info][gc,phases   ] GC(1135)   Merge Heap Roots: 0.11ms
[541.320s][info][gc,phases   ] GC(1135)   Evacuate Collection Set: 4.57ms
[541.320s][info][gc,phases   ] GC(1135)   Post Evacuate Collection Set: 0.46ms
[541.320s][info][gc,phases   ] GC(1135)   Other: 0.08ms
[541.320s][info][gc,heap     ] GC(1135) Eden regions: 208->0(227)
[541.320s][info][gc,heap     ] GC(1135) Survivor regions: 14->4(28)
[541.320s][info][gc,heap     ] GC(1135) Old regions: 108->108
[541.320s][info][gc,heap     ] GC(1135) Humongous regions: 3->1
[541.320s][info][gc,metaspace] GC(1135) Metaspace: 43127K(43584K)->43127K(43584K) NonClass: 38779K(39040K)->38779K(39040K) Class: 4348K(4544K)->4348K(4544K)
[541.320s][info][gc          ] GC(1135) Pause Young (Prepare Mixed) (G1 Evacuation Pause) 332M->112M(386M) 5.682ms
[541.320s][info][gc,cpu      ] GC(1135) User=0.01s Sys=0.00s Real=0.01s
[541.885s][info][gc,start    ] GC(1136) Pause Young (Mixed) (G1 Evacuation Pause)
[541.885s][info][gc,task     ] GC(1136) Using 2 workers of 2 for evacuation
[541.921s][info][gc,phases   ] GC(1136)   Pre Evacuate Collection Set: 0.18ms
[541.921s][info][gc,phases   ] GC(1136)   Merge Heap Roots: 0.15ms
[541.921s][info][gc,phases   ] GC(1136)   Evacuate Collection Set: 35.01ms
[541.921s][info][gc,phases   ] GC(1136)   Post Evacuate Collection Set: 0.50ms
[541.921s][info][gc,phases   ] GC(1136)   Other: 0.08ms
[541.921s][info][gc,heap     ] GC(1136) Eden regions: 227->0(199)
[541.921s][info][gc,heap     ] GC(1136) Survivor regions: 4->29(29)
[541.921s][info][gc,heap     ] GC(1136) Old regions: 108->105
[541.921s][info][gc,heap     ] GC(1136) Humongous regions: 4->4
[541.921s][info][gc,metaspace] GC(1136) Metaspace: 43127K(43584K)->43127K(43584K) NonClass: 38779K(39040K)->38779K(39040K) Class: 4348K(4544K)->4348K(4544K)
[541.921s][info][gc          ] GC(1136) Pause Young (Mixed) (G1 Evacuation Pause) 342M->137M(386M) 36.136ms
[541.921s][info][gc,cpu      ] GC(1136) User=0.07s Sys=0.00s Real=0.04s
[542.060s][info][gc,start    ] GC(1137) Pause Young (Concurrent Start) (G1 Humongous Allocation)
[542.060s][info][gc,task     ] GC(1137) Using 2 workers of 2 for evacuation
[542.089s][info][gc,phases   ] GC(1137)   Pre Evacuate Collection Set: 0.22ms
[542.089s][info][gc,phases   ] GC(1137)   Merge Heap Roots: 0.06ms
[542.089s][info][gc,phases   ] GC(1137)   Evacuate Collection Set: 29.03ms
[542.089s][info][gc,phases   ] GC(1137)   Post Evacuate Collection Set: 0.39ms
[542.089s][info][gc,phases   ] GC(1137)   Other: 0.09ms
[542.089s][info][gc,heap     ] GC(1137) Eden regions: 56->0(189)
[542.089s][info][gc,heap     ] GC(1137) Survivor regions: 29->7(29)
[542.089s][info][gc,heap     ] GC(1137) Old regions: 105->134
[542.089s][info][gc,heap     ] GC(1137) Humongous regions: 4->4
[542.089s][info][gc,metaspace] GC(1137) Metaspace: 43127K(43584K)->43127K(43584K) NonClass: 38779K(39040K)->38779K(39040K) Class: 4348K(4544K)->4348K(4544K)
[542.090s][info][gc          ] GC(1137) Pause Young (Concurrent Start) (G1 Humongous Allocation) 193M->145M(386M) 29.995ms
[542.090s][info][gc,cpu      ] GC(1137) User=0.06s Sys=0.00s Real=0.03s
[542.090s][info][gc          ] GC(1138) Concurrent Mark Cycle
[542.090s][info][gc,marking  ] GC(1138) Concurrent Scan Root Regions
[542.115s][info][gc,marking  ] GC(1138) Concurrent Scan Root Regions 24.999ms
[542.115s][info][gc,marking  ] GC(1138) Concurrent Mark
[542.115s][info][gc,marking  ] GC(1138) Concurrent Mark From Roots
[542.115s][info][gc,task     ] GC(1138) Using 1 workers of 1 for marking
[542.146s][info][gc,marking  ] GC(1138) Concurrent Mark From Roots 31.792ms
[542.146s][info][gc,marking  ] GC(1138) Concurrent Preclean
[542.147s][info][gc,marking  ] GC(1138) Concurrent Preclean 0.056ms
[542.147s][info][gc,start    ] GC(1138) Pause Remark
[542.167s][info][gc          ] GC(1138) Pause Remark 159M->111M(330M) 20.041ms
[542.167s][info][gc,cpu      ] GC(1138) User=0.04s Sys=0.00s Real=0.02s
[542.167s][info][gc,marking  ] GC(1138) Concurrent Mark 52.252ms
[542.167s][info][gc,marking  ] GC(1138) Concurrent Rebuild Remembered Sets and Scrub Regions
[542.202s][info][gc,marking  ] GC(1138) Concurrent Rebuild Remembered Sets and Scrub Regions 34.590ms
[542.202s][info][gc,start    ] GC(1138) Pause Cleanup
[542.202s][info][gc          ] GC(1138) Pause Cleanup 121M->121M(330M) 0.050ms
[542.202s][info][gc,cpu      ] GC(1138) User=0.00s Sys=0.00s Real=0.00s
[542.202s][info][gc,marking  ] GC(1138) Concurrent Clear Claimed Marks
[542.202s][info][gc,marking  ] GC(1138) Concurrent Clear Claimed Marks 0.037ms
[542.202s][info][gc,marking  ] GC(1138) Concurrent Cleanup for Next Mark
[542.203s][info][gc,marking  ] GC(1138) Concurrent Cleanup for Next Mark 0.950ms
[542.203s][info][gc          ] GC(1138) Concurrent Mark Cycle 113.215ms
[542.596s][info][gc,start    ] GC(1139) Pause Young (Prepare Mixed) (G1 Evacuation Pause)
[542.596s][info][gc,task     ] GC(1139) Using 2 workers of 2 for evacuation
[542.631s][info][gc,phases   ] GC(1139)   Pre Evacuate Collection Set: 0.18ms
[542.631s][info][gc,phases   ] GC(1139)   Merge Heap Roots: 0.12ms
[542.631s][info][gc,phases   ] GC(1139)   Evacuate Collection Set: 34.95ms
[542.631s][info][gc,phases   ] GC(1139)   Post Evacuate Collection Set: 0.49ms
[542.631s][info][gc,phases   ] GC(1139)   Other: 0.08ms
[542.632s][info][gc,heap     ] GC(1139) Eden regions: 189->0(164)
[542.632s][info][gc,heap     ] GC(1139) Survivor regions: 7->25(25)
[542.632s][info][gc,heap     ] GC(1139) Old regions: 86->90
[542.632s][info][gc,heap     ] GC(1139) Humongous regions: 6->6
[542.632s][info][gc,metaspace] GC(1139) Metaspace: 43127K(43584K)->43127K(43584K) NonClass: 38779K(39040K)->38779K(39040K) Class: 4348K(4544K)->4348K(4544K)
[542.632s][info][gc          ] GC(1139) Pause Young (Prepare Mixed) (G1 Evacuation Pause) 288M->120M(330M) 36.058ms
[542.632s][info][gc,cpu      ] GC(1139) User=0.08s Sys=0.00s Real=0.04s
[543.094s][info][gc,start    ] GC(1140) Pause Young (Mixed) (G1 Evacuation Pause)
[543.094s][info][gc,task     ] GC(1140) Using 2 workers of 2 for evacuation
[543.153s][info][gc,phases   ] GC(1140)   Pre Evacuate Collection Set: 0.25ms
[543.153s][info][gc,phases   ] GC(1140)   Merge Heap Roots: 0.21ms
[543.153s][info][gc,phases   ] GC(1140)   Evacuate Collection Set: 57.29ms
[543.153s][info][gc,phases   ] GC(1140)   Post Evacuate Collection Set: 0.52ms
[543.153s][info][gc,phases   ] GC(1140)   Other: 0.12ms
[543.153s][info][gc,heap     ] GC(1140) Eden regions: 164->0(166)
[543.153s][info][gc,heap     ] GC(1140) Survivor regions: 25->19(24)
[543.153s][info][gc,heap     ] GC(1140) Old regions: 90->92
[543.153s][info][gc,heap     ] GC(1140) Humongous regions: 10->10
[543.153s][info][gc,metaspace] GC(1140) Metaspace: 43127K(43584K)->43127K(43584K) NonClass: 38779K(39040K)->38779K(39040K) Class: 4348K(4544K)->4348K(4544K)
[543.153s][info][gc          ] GC(1140) Pause Young (Mixed) (G1 Evacuation Pause) 288M->121M(333M) 58.606ms
[543.153s][info][gc,cpu      ] GC(1140) User=0.11s Sys=0.00s Real=0.06s
[543.479s][info][gc,start    ] GC(1141) Pause Young (Concurrent Start) (G1 Humongous Allocation)
[543.479s][info][gc,task     ] GC(1141) Using 2 workers of 2 for evacuation
[543.522s][info][gc,phases   ] GC(1141)   Pre Evacuate Collection Set: 0.22ms
[543.522s][info][gc,phases   ] GC(1141)   Merge Heap Roots: 0.11ms
[543.522s][info][gc,phases   ] GC(1141)   Evacuate Collection Set: 42.25ms
[543.522s][info][gc,phases   ] GC(1141)   Post Evacuate Collection Set: 0.44ms
[543.522s][info][gc,phases   ] GC(1141)   Other: 0.11ms
[543.522s][info][gc,heap     ] GC(1141) Eden regions: 68->0(145)
[543.522s][info][gc,heap     ] GC(1141) Survivor regions: 19->17(24)
[543.522s][info][gc,heap     ] GC(1141) Old regions: 92->111
[543.522s][info][gc,heap     ] GC(1141) Humongous regions: 10->10
[543.522s][info][gc,metaspace] GC(1141) Metaspace: 43127K(43584K)->43127K(43584K) NonClass: 38779K(39040K)->38779K(39040K) Class: 4348K(4544K)->4348K(4544K)
[543.522s][info][gc          ] GC(1141) Pause Young (Concurrent Start) (G1 Humongous Allocation) 188M->138M(333M) 43.346ms
[543.522s][info][gc,cpu      ] GC(1141) User=0.09s Sys=0.00s Real=0.05s
[543.522s][info][gc          ] GC(1142) Concurrent Mark Cycle
[543.522s][info][gc,marking  ] GC(1142) Concurrent Scan Root Regions
[543.565s][info][gc,marking  ] GC(1142) Concurrent Scan Root Regions 43.035ms
[543.565s][info][gc,marking  ] GC(1142) Concurrent Mark
[543.565s][info][gc,marking  ] GC(1142) Concurrent Mark From Roots
[543.565s][info][gc,task     ] GC(1142) Using 1 workers of 1 for marking
[543.676s][info][gc,marking  ] GC(1142) Concurrent Mark From Roots 111.306ms
[543.676s][info][gc,marking  ] GC(1142) Concurrent Preclean
[543.677s][info][gc,marking  ] GC(1142) Concurrent Preclean 0.042ms
[543.677s][info][gc,start    ] GC(1142) Pause Remark
[543.694s][info][gc          ] GC(1142) Pause Remark 148M->137M(333M) 17.767ms
[543.695s][info][gc,cpu      ] GC(1142) User=0.03s Sys=0.00s Real=0.02s
[543.695s][info][gc,marking  ] GC(1142) Concurrent Mark 129.445ms
[543.695s][info][gc,marking  ] GC(1142) Concurrent Rebuild Remembered Sets and Scrub Regions
[543.764s][info][gc,marking  ] GC(1142) Concurrent Rebuild Remembered Sets and Scrub Regions 68.966ms
[543.764s][info][gc,start    ] GC(1142) Pause Cleanup
[543.764s][info][gc          ] GC(1142) Pause Cleanup 144M->144M(333M) 0.057ms
[543.764s][info][gc,cpu      ] GC(1142) User=0.00s Sys=0.00s Real=0.00s
[543.764s][info][gc,marking  ] GC(1142) Concurrent Clear Claimed Marks
[543.764s][info][gc,marking  ] GC(1142) Concurrent Clear Claimed Marks 0.042ms
[543.764s][info][gc,marking  ] GC(1142) Concurrent Cleanup for Next Mark
[543.765s][info][gc,marking  ] GC(1142) Concurrent Cleanup for Next Mark 1.031ms
[543.765s][info][gc          ] GC(1142) Concurrent Mark Cycle 242.932ms
[544.817s][info][gc,start    ] GC(1143) Pause Young (Prepare Mixed) (G1 Evacuation Pause)
[544.817s][info][gc,task     ] GC(1143) Using 2 workers of 2 for evacuation
[544.846s][info][gc,phases   ] GC(1143)   Pre Evacuate Collection Set: 0.19ms
[544.846s][info][gc,phases   ] GC(1143)   Merge Heap Roots: 0.17ms
[544.846s][info][gc,phases   ] GC(1143)   Evacuate Collection Set: 28.32ms
[544.846s][info][gc,phases   ] GC(1143)   Post Evacuate Collection Set: 0.48ms
[544.846s][info][gc,phases   ] GC(1143)   Other: 0.08ms
[544.846s][info][gc,heap     ] GC(1143) Eden regions: 145->0(149)
[544.846s][info][gc,heap     ] GC(1143) Survivor regions: 17->12(21)
[544.847s][info][gc,heap     ] GC(1143) Old regions: 103->110
[544.847s][info][gc,heap     ] GC(1143) Humongous regions: 15->13
[544.847s][info][gc,metaspace] GC(1143) Metaspace: 43127K(43584K)->43127K(43584K) NonClass: 38779K(39040K)->38779K(39040K) Class: 4348K(4544K)->4348K(4544K)
[544.847s][info][gc          ] GC(1143) Pause Young (Prepare Mixed) (G1 Evacuation Pause) 280M->135M(333M) 29.451ms
[544.847s][info][gc,cpu      ] GC(1143) User=0.06s Sys=0.00s Real=0.03s
[545.661s][info][gc,start    ] GC(1144) Pause Young (Mixed) (G1 Evacuation Pause)
[545.661s][info][gc,task     ] GC(1144) Using 2 workers of 2 for evacuation
[545.681s][info][gc,phases   ] GC(1144)   Pre Evacuate Collection Set: 0.20ms
[545.681s][info][gc,phases   ] GC(1144)   Merge Heap Roots: 0.13ms
[545.681s][info][gc,phases   ] GC(1144)   Evacuate Collection Set: 19.40ms
[545.681s][info][gc,phases   ] GC(1144)   Post Evacuate Collection Set: 0.46ms
[545.681s][info][gc,phases   ] GC(1144)   Other: 0.11ms
[545.681s][info][gc,heap     ] GC(1144) Eden regions: 149->0(151)
[545.681s][info][gc,heap     ] GC(1144) Survivor regions: 12->7(21)
[545.681s][info][gc,heap     ] GC(1144) Old regions: 110->119
[545.681s][info][gc,heap     ] GC(1144) Humongous regions: 13->13
[545.681s][info][gc,metaspace] GC(1144) Metaspace: 43127K(43584K)->43127K(43584K) NonClass: 38779K(39040K)->38779K(39040K) Class: 4348K(4544K)->4348K(4544K)
[545.681s][info][gc          ] GC(1144) Pause Young (Mixed) (G1 Evacuation Pause) 284M->138M(333M) 20.499ms
[545.681s][info][gc,cpu      ] GC(1144) User=0.04s Sys=0.00s Real=0.02s
[546.639s][info][gc,start    ] GC(1145) Pause Young (Concurrent Start) (G1 Evacuation Pause)
[546.639s][info][gc,task     ] GC(1145) Using 2 workers of 2 for evacuation
[546.661s][info][gc,phases   ] GC(1145)   Pre Evacuate Collection Set: 0.21ms
[546.661s][info][gc,phases   ] GC(1145)   Merge Heap Roots: 0.07ms
[546.661s][info][gc,phases   ] GC(1145)   Evacuate Collection Set: 20.83ms
[546.661s][info][gc,phases   ] GC(1145)   Post Evacuate Collection Set: 0.42ms
[546.661s][info][gc,phases   ] GC(1145)   Other: 0.09ms
[546.661s][info][gc,heap     ] GC(1145) Eden regions: 151->0(138)
[546.661s][info][gc,heap     ] GC(1145) Survivor regions: 7->20(20)
[546.661s][info][gc,heap     ] GC(1145) Old regions: 119->121
[546.661s][info][gc,heap     ] GC(1145) Humongous regions: 13->13
[546.661s][info][gc,metaspace] GC(1145) Metaspace: 43127K(43584K)->43127K(43584K) NonClass: 38779K(39040K)->38779K(39040K) Class: 4348K(4544K)->4348K(4544K)
[546.661s][info][gc          ] GC(1145) Pause Young (Concurrent Start) (G1 Evacuation Pause) 289M->154M(333M) 21.830ms
[546.661s][info][gc          ] GC(1146) Concurrent Mark Cycle
[546.661s][info][gc,marking  ] GC(1146) Concurrent Scan Root Regions
[546.663s][info][gc,cpu      ] GC(1145) User=0.04s Sys=0.00s Real=0.03s
[546.675s][info][gc,marking  ] GC(1146) Concurrent Scan Root Regions 14.464ms
[546.675s][info][gc,marking  ] GC(1146) Concurrent Mark
[546.675s][info][gc,marking  ] GC(1146) Concurrent Mark From Roots
[546.675s][info][gc,task     ] GC(1146) Using 1 workers of 1 for marking
[546.714s][info][gc,marking  ] GC(1146) Concurrent Mark From Roots 38.373ms
[546.714s][info][gc,marking  ] GC(1146) Concurrent Preclean
[546.714s][info][gc,marking  ] GC(1146) Concurrent Preclean 0.033ms
[546.714s][info][gc,start    ] GC(1146) Pause Remark
[546.731s][info][gc          ] GC(1146) Pause Remark 161M->77M(256M) 17.523ms
[546.731s][info][gc,cpu      ] GC(1146) User=0.03s Sys=0.00s Real=0.02s
[546.731s][info][gc,marking  ] GC(1146) Concurrent Mark 56.101ms
[546.731s][info][gc,marking  ] GC(1146) Concurrent Rebuild Remembered Sets and Scrub Regions
[546.749s][info][gc,marking  ] GC(1146) Concurrent Rebuild Remembered Sets and Scrub Regions 17.432ms
[546.749s][info][gc,start    ] GC(1146) Pause Cleanup
[546.749s][info][gc          ] GC(1146) Pause Cleanup 80M->80M(256M) 0.039ms
[546.749s][info][gc,cpu      ] GC(1146) User=0.00s Sys=0.00s Real=0.00s
[546.749s][info][gc,marking  ] GC(1146) Concurrent Clear Claimed Marks
[546.749s][info][gc,marking  ] GC(1146) Concurrent Clear Claimed Marks 0.037ms
[546.749s][info][gc,marking  ] GC(1146) Concurrent Cleanup for Next Mark
[546.750s][info][gc,marking  ] GC(1146) Concurrent Cleanup for Next Mark 0.716ms
[546.750s][info][gc          ] GC(1146) Concurrent Mark Cycle 89.067ms
[547.496s][info][gc,start    ] GC(1147) Pause Young (Prepare Mixed) (G1 Evacuation Pause)
[547.496s][info][gc,task     ] GC(1147) Using 2 workers of 2 for evacuation
[547.515s][info][gc,phases   ] GC(1147)   Pre Evacuate Collection Set: 0.17ms
[547.515s][info][gc,phases   ] GC(1147)   Merge Heap Roots: 0.10ms
[547.515s][info][gc,phases   ] GC(1147)   Evacuate Collection Set: 17.35ms
[547.515s][info][gc,phases   ] GC(1147)   Post Evacuate Collection Set: 0.66ms
[547.515s][info][gc,phases   ] GC(1147)   Other: 0.07ms
[547.515s][info][gc,heap     ] GC(1147) Eden regions: 133->0(157)
[547.515s][info][gc,heap     ] GC(1147) Survivor regions: 20->14(20)
[547.515s][info][gc,heap     ] GC(1147) Old regions: 49->53
[547.515s][info][gc,heap     ] GC(1147) Humongous regions: 1->1
[547.515s][info][gc,metaspace] GC(1147) Metaspace: 43127K(43584K)->43127K(43584K) NonClass: 38779K(39040K)->38779K(39040K) Class: 4348K(4544K)->4348K(4544K)
[547.515s][info][gc          ] GC(1147) Pause Young (Prepare Mixed) (G1 Evacuation Pause) 203M->67M(285M) 18.556ms
[547.515s][info][gc,cpu      ] GC(1147) User=0.03s Sys=0.00s Real=0.02s
[548.539s][info][gc,start    ] GC(1148) Pause Young (Mixed) (G1 Evacuation Pause)
[548.539s][info][gc,task     ] GC(1148) Using 2 workers of 2 for evacuation
[548.566s][info][gc,phases   ] GC(1148)   Pre Evacuate Collection Set: 0.17ms
[548.566s][info][gc,phases   ] GC(1148)   Merge Heap Roots: 0.10ms
[548.566s][info][gc,phases   ] GC(1148)   Evacuate Collection Set: 26.40ms
[548.566s][info][gc,phases   ] GC(1148)   Post Evacuate Collection Set: 0.41ms
[548.566s][info][gc,phases   ] GC(1148)   Other: 0.07ms
[548.566s][info][gc,heap     ] GC(1148) Eden regions: 157->0(156)
[548.566s][info][gc,heap     ] GC(1148) Survivor regions: 14->15(22)
[548.566s][info][gc,heap     ] GC(1148) Old regions: 53->60
[548.566s][info][gc,heap     ] GC(1148) Humongous regions: 2->2
[548.566s][info][gc,metaspace] GC(1148) Metaspace: 43127K(43584K)->43127K(43584K) NonClass: 38779K(39040K)->38779K(39040K) Class: 4348K(4544K)->4348K(4544K)
[548.566s][info][gc          ] GC(1148) Pause Young (Mixed) (G1 Evacuation Pause) 225M->77M(285M) 27.388ms
[548.566s][info][gc,cpu      ] GC(1148) User=0.06s Sys=0.00s Real=0.03s
[549.559s][info][gc,start    ] GC(1149) Pause Young (Concurrent Start) (G1 Evacuation Pause)
[549.559s][info][gc,task     ] GC(1149) Using 2 workers of 2 for evacuation
[549.586s][info][gc,phases   ] GC(1149)   Pre Evacuate Collection Set: 0.21ms
[549.586s][info][gc,phases   ] GC(1149)   Merge Heap Roots: 0.08ms
[549.586s][info][gc,phases   ] GC(1149)   Evacuate Collection Set: 25.90ms
[549.586s][info][gc,phases   ] GC(1149)   Post Evacuate Collection Set: 0.41ms
[549.586s][info][gc,phases   ] GC(1149)   Other: 0.09ms
[549.586s][info][gc,heap     ] GC(1149) Eden regions: 156->0(153)
[549.586s][info][gc,heap     ] GC(1149) Survivor regions: 15->14(22)
[549.586s][info][gc,heap     ] GC(1149) Old regions: 60->75
[549.586s][info][gc,heap     ] GC(1149) Humongous regions: 2->2
[549.586s][info][gc,metaspace] GC(1149) Metaspace: 43127K(43584K)->43127K(43584K) NonClass: 38779K(39040K)->38779K(39040K) Class: 4348K(4544K)->4348K(4544K)
[549.586s][info][gc          ] GC(1149) Pause Young (Concurrent Start) (G1 Evacuation Pause) 233M->91M(285M) 26.888ms
[549.586s][info][gc,cpu      ] GC(1149) User=0.05s Sys=0.00s Real=0.02s
[549.586s][info][gc          ] GC(1150) Concurrent Mark Cycle
[549.586s][info][gc,marking  ] GC(1150) Concurrent Scan Root Regions
[549.610s][info][gc,marking  ] GC(1150) Concurrent Scan Root Regions 24.025ms
[549.610s][info][gc,marking  ] GC(1150) Concurrent Mark
[549.610s][info][gc,marking  ] GC(1150) Concurrent Mark From Roots
[549.610s][info][gc,task     ] GC(1150) Using 1 workers of 1 for marking
[549.655s][info][gc,marking  ] GC(1150) Concurrent Mark From Roots 44.974ms
[549.655s][info][gc,marking  ] GC(1150) Concurrent Preclean
[549.655s][info][gc,marking  ] GC(1150) Concurrent Preclean 0.034ms
[549.655s][info][gc,start    ] GC(1150) Pause Remark
[549.672s][info][gc          ] GC(1150) Pause Remark 101M->99M(285M) 17.115ms
[549.673s][info][gc,cpu      ] GC(1150) User=0.03s Sys=0.00s Real=0.02s
[549.673s][info][gc,marking  ] GC(1150) Concurrent Mark 62.396ms
[549.673s][info][gc,marking  ] GC(1150) Concurrent Rebuild Remembered Sets and Scrub Regions
[549.703s][info][gc,marking  ] GC(1150) Concurrent Rebuild Remembered Sets and Scrub Regions 30.660ms
[549.703s][info][gc,start    ] GC(1150) Pause Cleanup
[549.703s][info][gc          ] GC(1150) Pause Cleanup 104M->104M(285M) 0.046ms
[549.703s][info][gc,cpu      ] GC(1150) User=0.00s Sys=0.00s Real=0.00s
[549.703s][info][gc,marking  ] GC(1150) Concurrent Clear Claimed Marks
[549.704s][info][gc,marking  ] GC(1150) Concurrent Clear Claimed Marks 0.038ms
[549.704s][info][gc,marking  ] GC(1150) Concurrent Cleanup for Next Mark
[549.705s][info][gc,marking  ] GC(1150) Concurrent Cleanup for Next Mark 1.129ms
[549.705s][info][gc          ] GC(1150) Concurrent Mark Cycle 118.627ms
[550.266s][info][gc,start    ] GC(1151) Pause Young (Prepare Mixed) (G1 Evacuation Pause)
[550.266s][info][gc,task     ] GC(1151) Using 2 workers of 2 for evacuation
[550.290s][info][gc,phases   ] GC(1151)   Pre Evacuate Collection Set: 0.17ms
[550.290s][info][gc,phases   ] GC(1151)   Merge Heap Roots: 0.09ms
[550.290s][info][gc,phases   ] GC(1151)   Evacuate Collection Set: 23.59ms
[550.290s][info][gc,phases   ] GC(1151)   Post Evacuate Collection Set: 0.46ms
[550.290s][info][gc,phases   ] GC(1151)   Other: 0.10ms
[550.290s][info][gc,heap     ] GC(1151) Eden regions: 153->0(139)
[550.290s][info][gc,heap     ] GC(1151) Survivor regions: 14->21(21)
[550.290s][info][gc,heap     ] GC(1151) Old regions: 73->77
[550.290s][info][gc,heap     ] GC(1151) Humongous regions: 4->4
[550.290s][info][gc,metaspace] GC(1151) Metaspace: 43127K(43584K)->43127K(43584K) NonClass: 38779K(39040K)->38779K(39040K) Class: 4348K(4544K)->4348K(4544K)
[550.290s][info][gc          ] GC(1151) Pause Young (Prepare Mixed) (G1 Evacuation Pause) 244M->102M(285M) 24.624ms
[550.290s][info][gc,cpu      ] GC(1151) User=0.05s Sys=0.00s Real=0.03s
[550.649s][info][gc,start    ] GC(1152) Pause Young (Mixed) (G1 Evacuation Pause)
[550.649s][info][gc,task     ] GC(1152) Using 2 workers of 2 for evacuation
[550.687s][info][gc,phases   ] GC(1152)   Pre Evacuate Collection Set: 0.20ms
[550.687s][info][gc,phases   ] GC(1152)   Merge Heap Roots: 0.21ms
[550.687s][info][gc,phases   ] GC(1152)   Evacuate Collection Set: 36.55ms
[550.687s][info][gc,phases   ] GC(1152)   Post Evacuate Collection Set: 0.48ms
[550.687s][info][gc,phases   ] GC(1152)   Other: 0.08ms
[550.687s][info][gc,heap     ] GC(1152) Eden regions: 139->0(140)
[550.687s][info][gc,heap     ] GC(1152) Survivor regions: 21->17(20)
[550.687s][info][gc,heap     ] GC(1152) Old regions: 77->79
[550.687s][info][gc,heap     ] GC(1152) Humongous regions: 5->5
[550.687s][info][gc,metaspace] GC(1152) Metaspace: 43127K(43584K)->43127K(43584K) NonClass: 38779K(39040K)->38779K(39040K) Class: 4348K(4544K)->4348K(4544K)
[550.687s][info][gc          ] GC(1152) Pause Young (Mixed) (G1 Evacuation Pause) 242M->101M(285M) 37.722ms
[550.687s][info][gc,cpu      ] GC(1152) User=0.08s Sys=0.00s Real=0.04s
[550.837s][info][gc,start    ] GC(1153) Pause Young (Concurrent Start) (G1 Humongous Allocation)
[550.837s][info][gc,task     ] GC(1153) Using 2 workers of 2 for evacuation
[550.858s][info][gc,phases   ] GC(1153)   Pre Evacuate Collection Set: 0.19ms
[550.858s][info][gc,phases   ] GC(1153)   Merge Heap Roots: 0.08ms
[550.858s][info][gc,phases   ] GC(1153)   Evacuate Collection Set: 20.51ms
[550.858s][info][gc,phases   ] GC(1153)   Post Evacuate Collection Set: 0.34ms
[550.858s][info][gc,phases   ] GC(1153)   Other: 0.11ms
[550.858s][info][gc,heap     ] GC(1153) Eden regions: 58->0(134)
[550.858s][info][gc,heap     ] GC(1153) Survivor regions: 17->7(20)
[550.858s][info][gc,heap     ] GC(1153) Old regions: 79->96
[550.858s][info][gc,heap     ] GC(1153) Humongous regions: 5->5
[550.858s][info][gc,metaspace] GC(1153) Metaspace: 43127K(43584K)->43127K(43584K) NonClass: 38779K(39040K)->38779K(39040K) Class: 4348K(4544K)->4348K(4544K)
[550.858s][info][gc          ] GC(1153) Pause Young (Concurrent Start) (G1 Humongous Allocation) 158M->108M(285M) 21.455ms
[550.858s][info][gc,cpu      ] GC(1153) User=0.04s Sys=0.00s Real=0.02s
[550.858s][info][gc          ] GC(1154) Concurrent Mark Cycle
[550.858s][info][gc,marking  ] GC(1154) Concurrent Scan Root Regions
[550.875s][info][gc,marking  ] GC(1154) Concurrent Scan Root Regions 17.168ms
[550.875s][info][gc,marking  ] GC(1154) Concurrent Mark
[550.875s][info][gc,marking  ] GC(1154) Concurrent Mark From Roots
[550.875s][info][gc,task     ] GC(1154) Using 1 workers of 1 for marking
[550.922s][info][gc,marking  ] GC(1154) Concurrent Mark From Roots 46.641ms
[550.922s][info][gc,marking  ] GC(1154) Concurrent Preclean
[550.922s][info][gc,marking  ] GC(1154) Concurrent Preclean 0.036ms
[550.922s][info][gc,start    ] GC(1154) Pause Remark
[550.941s][info][gc          ] GC(1154) Pause Remark 129M->104M(284M) 18.479ms
[550.941s][info][gc,cpu      ] GC(1154) User=0.03s Sys=0.00s Real=0.02s
[550.943s][info][gc,marking  ] GC(1154) Concurrent Mark 67.717ms
[550.943s][info][gc,marking  ] GC(1154) Concurrent Rebuild Remembered Sets and Scrub Regions
[550.979s][info][gc,marking  ] GC(1154) Concurrent Rebuild Remembered Sets and Scrub Regions 36.033ms
[550.979s][info][gc,start    ] GC(1154) Pause Cleanup
[550.979s][info][gc          ] GC(1154) Pause Cleanup 118M->118M(284M) 0.054ms
[550.979s][info][gc,cpu      ] GC(1154) User=0.00s Sys=0.00s Real=0.00s
[550.979s][info][gc,marking  ] GC(1154) Concurrent Clear Claimed Marks
[550.979s][info][gc,marking  ] GC(1154) Concurrent Clear Claimed Marks 0.037ms
[550.979s][info][gc,marking  ] GC(1154) Concurrent Cleanup for Next Mark
[550.980s][info][gc,marking  ] GC(1154) Concurrent Cleanup for Next Mark 0.799ms
[550.980s][info][gc          ] GC(1154) Concurrent Mark Cycle 122.102ms
[551.223s][info][gc,start    ] GC(1155) Pause Young (Prepare Mixed) (G1 Evacuation Pause)
[551.224s][info][gc,task     ] GC(1155) Using 2 workers of 2 for evacuation
[551.252s][info][gc,phases   ] GC(1155)   Pre Evacuate Collection Set: 0.16ms
[551.252s][info][gc,phases   ] GC(1155)   Merge Heap Roots: 0.09ms
[551.252s][info][gc,phases   ] GC(1155)   Evacuate Collection Set: 27.61ms
[551.252s][info][gc,phases   ] GC(1155)   Post Evacuate Collection Set: 0.40ms
[551.252s][info][gc,phases   ] GC(1155)   Other: 0.07ms
[551.252s][info][gc,heap     ] GC(1155) Eden regions: 134->0(139)
[551.252s][info][gc,heap     ] GC(1155) Survivor regions: 7->18(18)
[551.252s][info][gc,heap     ] GC(1155) Old regions: 72->77
[551.252s][info][gc,heap     ] GC(1155) Humongous regions: 6->6
[551.252s][info][gc,metaspace] GC(1155) Metaspace: 43127K(43584K)->43127K(43584K) NonClass: 38779K(39040K)->38779K(39040K) Class: 4348K(4544K)->4348K(4544K)
[551.252s][info][gc          ] GC(1155) Pause Young (Prepare Mixed) (G1 Evacuation Pause) 219M->100M(284M) 28.531ms
[551.252s][info][gc,cpu      ] GC(1155) User=0.05s Sys=0.00s Real=0.03s
[551.657s][info][gc,start    ] GC(1156) Pause Young (Mixed) (G1 Evacuation Pause)
[551.657s][info][gc,task     ] GC(1156) Using 2 workers of 2 for evacuation
[551.705s][info][gc,phases   ] GC(1156)   Pre Evacuate Collection Set: 0.23ms
[551.705s][info][gc,phases   ] GC(1156)   Merge Heap Roots: 0.20ms
[551.705s][info][gc,phases   ] GC(1156)   Evacuate Collection Set: 46.90ms
[551.705s][info][gc,phases   ] GC(1156)   Post Evacuate Collection Set: 0.43ms
[551.705s][info][gc,phases   ] GC(1156)   Other: 0.08ms
[551.705s][info][gc,heap     ] GC(1156) Eden regions: 139->0(132)
[551.705s][info][gc,heap     ] GC(1156) Survivor regions: 18->16(20)
[551.705s][info][gc,heap     ] GC(1156) Old regions: 77->85
[551.705s][info][gc,heap     ] GC(1156) Humongous regions: 10->10
[551.705s][info][gc,metaspace] GC(1156) Metaspace: 43127K(43584K)->43127K(43584K) NonClass: 38779K(39040K)->38779K(39040K) Class: 4348K(4544K)->4348K(4544K)
[551.705s][info][gc          ] GC(1156) Pause Young (Mixed) (G1 Evacuation Pause) 243M->110M(284M) 48.081ms
[551.705s][info][gc,cpu      ] GC(1156) User=0.10s Sys=0.00s Real=0.05s
[552.060s][info][gc,start    ] GC(1157) Pause Young (Concurrent Start) (G1 Evacuation Pause)
[552.060s][info][gc,task     ] GC(1157) Using 2 workers of 2 for evacuation
[552.101s][info][gc,phases   ] GC(1157)   Pre Evacuate Collection Set: 0.18ms
[552.101s][info][gc,phases   ] GC(1157)   Merge Heap Roots: 0.12ms
[552.101s][info][gc,phases   ] GC(1157)   Evacuate Collection Set: 40.22ms
[552.101s][info][gc,phases   ] GC(1157)   Post Evacuate Collection Set: 0.44ms
[552.101s][info][gc,phases   ] GC(1157)   Other: 0.16ms
[552.101s][info][gc,heap     ] GC(1157) Eden regions: 132->0(120)
[552.101s][info][gc,heap     ] GC(1157) Survivor regions: 16->16(19)
[552.102s][info][gc,heap     ] GC(1157) Old regions: 85->101
[552.102s][info][gc,heap     ] GC(1157) Humongous regions: 10->10
[552.102s][info][gc,metaspace] GC(1157) Metaspace: 43127K(43584K)->43127K(43584K) NonClass: 38779K(39040K)->38779K(39040K) Class: 4348K(4544K)->4348K(4544K)
[552.102s][info][gc          ] GC(1157) Pause Young (Concurrent Start) (G1 Evacuation Pause) 242M->126M(284M) 41.312ms
[552.102s][info][gc,cpu      ] GC(1157) User=0.08s Sys=0.00s Real=0.04s
[552.102s][info][gc          ] GC(1158) Concurrent Mark Cycle
[552.102s][info][gc,marking  ] GC(1158) Concurrent Scan Root Regions
[552.132s][info][gc,marking  ] GC(1158) Concurrent Scan Root Regions 30.157ms
[552.132s][info][gc,marking  ] GC(1158) Concurrent Mark
[552.132s][info][gc,marking  ] GC(1158) Concurrent Mark From Roots
[552.132s][info][gc,task     ] GC(1158) Using 1 workers of 1 for marking
[552.237s][info][gc,marking  ] GC(1158) Concurrent Mark From Roots 105.546ms
[552.237s][info][gc,marking  ] GC(1158) Concurrent Preclean
[552.238s][info][gc,marking  ] GC(1158) Concurrent Preclean 0.042ms
[552.238s][info][gc,start    ] GC(1158) Pause Remark
[552.255s][info][gc          ] GC(1158) Pause Remark 139M->136M(284M) 17.525ms
[552.255s][info][gc,cpu      ] GC(1158) User=0.03s Sys=0.00s Real=0.02s
[552.257s][info][gc,marking  ] GC(1158) Concurrent Mark 125.193ms
[552.257s][info][gc,marking  ] GC(1158) Concurrent Rebuild Remembered Sets and Scrub Regions
[552.332s][info][gc,marking  ] GC(1158) Concurrent Rebuild Remembered Sets and Scrub Regions 74.479ms
[552.332s][info][gc,start    ] GC(1158) Pause Cleanup
[552.332s][info][gc          ] GC(1158) Pause Cleanup 143M->143M(284M) 0.048ms
[552.332s][info][gc,cpu      ] GC(1158) User=0.00s Sys=0.00s Real=0.00s
[552.332s][info][gc,marking  ] GC(1158) Concurrent Clear Claimed Marks
[552.332s][info][gc,marking  ] GC(1158) Concurrent Clear Claimed Marks 0.041ms
[552.332s][info][gc,marking  ] GC(1158) Concurrent Cleanup for Next Mark
[552.333s][info][gc,marking  ] GC(1158) Concurrent Cleanup for Next Mark 0.838ms
[552.333s][info][gc          ] GC(1158) Concurrent Mark Cycle 231.125ms
[553.397s][info][gc,start    ] GC(1159) Pause Young (Prepare Mixed) (G1 Evacuation Pause)
[553.397s][info][gc,task     ] GC(1159) Using 2 workers of 2 for evacuation
[553.429s][info][gc,phases   ] GC(1159)   Pre Evacuate Collection Set: 0.15ms
[553.429s][info][gc,phases   ] GC(1159)   Merge Heap Roots: 0.15ms
[553.429s][info][gc,phases   ] GC(1159)   Evacuate Collection Set: 31.04ms
[553.429s][info][gc,phases   ] GC(1159)   Post Evacuate Collection Set: 0.45ms
[553.429s][info][gc,phases   ] GC(1159)   Other: 0.07ms
[553.429s][info][gc,heap     ] GC(1159) Eden regions: 120->0(117)
[553.429s][info][gc,heap     ] GC(1159) Survivor regions: 16->6(17)
[553.429s][info][gc,heap     ] GC(1159) Old regions: 101->116
[553.429s][info][gc,heap     ] GC(1159) Humongous regions: 15->13
[553.429s][info][gc,metaspace] GC(1159) Metaspace: 43127K(43584K)->43127K(43584K) NonClass: 38779K(39040K)->38779K(39040K) Class: 4348K(4544K)->4348K(4544K)
[553.429s][info][gc          ] GC(1159) Pause Young (Prepare Mixed) (G1 Evacuation Pause) 251M->135M(284M) 32.080ms
[553.429s][info][gc,cpu      ] GC(1159) User=0.06s Sys=0.00s Real=0.03s
[553.928s][info][gc,start    ] GC(1160) Pause Young (Mixed) (G1 Evacuation Pause)
[553.928s][info][gc,task     ] GC(1160) Using 2 workers of 2 for evacuation
[553.974s][info][gc,phases   ] GC(1160)   Pre Evacuate Collection Set: 0.19ms
[553.974s][info][gc,phases   ] GC(1160)   Merge Heap Roots: 0.59ms
[553.974s][info][gc,phases   ] GC(1160)   Evacuate Collection Set: 44.44ms
[553.974s][info][gc,phases   ] GC(1160)   Post Evacuate Collection Set: 0.43ms
[553.974s][info][gc,phases   ] GC(1160)   Other: 0.09ms
[553.974s][info][gc,heap     ] GC(1160) Eden regions: 117->0(117)
[553.974s][info][gc,heap     ] GC(1160) Survivor regions: 6->11(16)
[553.974s][info][gc,heap     ] GC(1160) Old regions: 116->113
[553.974s][info][gc,heap     ] GC(1160) Humongous regions: 13->13
[553.974s][info][gc,metaspace] GC(1160) Metaspace: 43127K(43584K)->43127K(43584K) NonClass: 38779K(39040K)->38779K(39040K) Class: 4348K(4544K)->4348K(4544K)
[553.974s][info][gc          ] GC(1160) Pause Young (Mixed) (G1 Evacuation Pause) 252M->136M(284M) 45.926ms
[553.974s][info][gc,cpu      ] GC(1160) User=0.09s Sys=0.00s Real=0.05s
[554.569s][info][gc,start    ] GC(1161) Pause Young (Concurrent Start) (G1 Evacuation Pause)
[554.569s][info][gc,task     ] GC(1161) Using 2 workers of 2 for evacuation
[554.589s][info][gc,phases   ] GC(1161)   Pre Evacuate Collection Set: 0.21ms
[554.589s][info][gc,phases   ] GC(1161)   Merge Heap Roots: 0.14ms
[554.590s][info][gc,phases   ] GC(1161)   Evacuate Collection Set: 18.91ms
[554.590s][info][gc,phases   ] GC(1161)   Post Evacuate Collection Set: 1.12ms
[554.590s][info][gc,phases   ] GC(1161)   Other: 0.15ms
[554.590s][info][gc,heap     ] GC(1161) Eden regions: 117->0(196)
[554.590s][info][gc,heap     ] GC(1161) Survivor regions: 11->11(16)
[554.590s][info][gc,heap     ] GC(1161) Old regions: 113->118
[554.590s][info][gc,heap     ] GC(1161) Humongous regions: 13->13
[554.590s][info][gc,metaspace] GC(1161) Metaspace: 43127K(43584K)->43127K(43584K) NonClass: 38779K(39040K)->38779K(39040K) Class: 4348K(4544K)->4348K(4544K)
[554.590s][info][gc          ] GC(1161) Pause Young (Concurrent Start) (G1 Evacuation Pause) 253M->142M(379M) 20.732ms
[554.590s][info][gc          ] GC(1162) Concurrent Mark Cycle
[554.590s][info][gc,marking  ] GC(1162) Concurrent Scan Root Regions
[554.592s][info][gc,cpu      ] GC(1161) User=0.04s Sys=0.00s Real=0.03s
[554.602s][info][gc,marking  ] GC(1162) Concurrent Scan Root Regions 12.496ms
[554.602s][info][gc,marking  ] GC(1162) Concurrent Mark
[554.602s][info][gc,marking  ] GC(1162) Concurrent Mark From Roots
[554.602s][info][gc,task     ] GC(1162) Using 1 workers of 1 for marking
[554.638s][info][gc,marking  ] GC(1162) Concurrent Mark From Roots 35.685ms
[554.638s][info][gc,marking  ] GC(1162) Concurrent Preclean
[554.638s][info][gc,marking  ] GC(1162) Concurrent Preclean 0.038ms
[554.638s][info][gc,start    ] GC(1162) Pause Remark
[554.655s][info][gc          ] GC(1162) Pause Remark 149M->63M(256M) 17.405ms
[554.656s][info][gc,cpu      ] GC(1162) User=0.03s Sys=0.00s Real=0.02s
[554.656s][info][gc,marking  ] GC(1162) Concurrent Mark 53.485ms
[554.656s][info][gc,marking  ] GC(1162) Concurrent Rebuild Remembered Sets and Scrub Regions
[554.672s][info][gc,marking  ] GC(1162) Concurrent Rebuild Remembered Sets and Scrub Regions 16.785ms
[554.673s][info][gc,start    ] GC(1162) Pause Cleanup
[554.673s][info][gc          ] GC(1162) Pause Cleanup 66M->66M(256M) 0.043ms
[554.673s][info][gc,cpu      ] GC(1162) User=0.00s Sys=0.00s Real=0.00s
[554.674s][info][gc,marking  ] GC(1162) Concurrent Clear Claimed Marks
[554.674s][info][gc,marking  ] GC(1162) Concurrent Clear Claimed Marks 0.056ms
[554.674s][info][gc,marking  ] GC(1162) Concurrent Cleanup for Next Mark
[554.674s][info][gc,marking  ] GC(1162) Concurrent Cleanup for Next Mark 0.805ms
[554.674s][info][gc          ] GC(1162) Concurrent Mark Cycle 84.798ms
[555.515s][info][gc,start    ] GC(1163) Pause Young (Prepare Mixed) (G1 Evacuation Pause)
[555.515s][info][gc,task     ] GC(1163) Using 2 workers of 2 for evacuation
[555.540s][info][gc,phases   ] GC(1163)   Pre Evacuate Collection Set: 0.19ms
[555.540s][info][gc,phases   ] GC(1163)   Merge Heap Roots: 0.11ms
[555.540s][info][gc,phases   ] GC(1163)   Evacuate Collection Set: 24.66ms
[555.540s][info][gc,phases   ] GC(1163)   Post Evacuate Collection Set: 0.54ms
[555.540s][info][gc,phases   ] GC(1163)   Other: 0.07ms
[555.540s][info][gc,heap     ] GC(1163) Eden regions: 142->0(133)
[555.540s][info][gc,heap     ] GC(1163) Survivor regions: 11->20(20)
[555.540s][info][gc,heap     ] GC(1163) Old regions: 44->51
[555.540s][info][gc,heap     ] GC(1163) Humongous regions: 1->1
[555.540s][info][gc,metaspace] GC(1163) Metaspace: 43127K(43584K)->43127K(43584K) NonClass: 38779K(39040K)->38779K(39040K) Class: 4348K(4544K)->4348K(4544K)
[555.540s][info][gc          ] GC(1163) Pause Young (Prepare Mixed) (G1 Evacuation Pause) 198M->71M(256M) 25.788ms
[555.540s][info][gc,cpu      ] GC(1163) User=0.05s Sys=0.00s Real=0.03s
[556.313s][info][gc,start    ] GC(1164) Pause Young (Mixed) (G1 Evacuation Pause)
[556.313s][info][gc,task     ] GC(1164) Using 2 workers of 2 for evacuation
[556.346s][info][gc,phases   ] GC(1164)   Pre Evacuate Collection Set: 0.19ms
[556.346s][info][gc,phases   ] GC(1164)   Merge Heap Roots: 0.11ms
[556.346s][info][gc,phases   ] GC(1164)   Evacuate Collection Set: 31.52ms
[556.346s][info][gc,phases   ] GC(1164)   Post Evacuate Collection Set: 0.47ms
[556.346s][info][gc,phases   ] GC(1164)   Other: 0.07ms
[556.346s][info][gc,heap     ] GC(1164) Eden regions: 133->0(138)
[556.346s][info][gc,heap     ] GC(1164) Survivor regions: 20->14(20)
[556.346s][info][gc,heap     ] GC(1164) Old regions: 51->67
[556.346s][info][gc,heap     ] GC(1164) Humongous regions: 1->1
[556.346s][info][gc,metaspace] GC(1164) Metaspace: 43127K(43584K)->43127K(43584K) NonClass: 38779K(39040K)->38779K(39040K) Class: 4348K(4544K)->4348K(4544K)
[556.346s][info][gc          ] GC(1164) Pause Young (Mixed) (G1 Evacuation Pause) 204M->81M(256M) 32.613ms
[556.346s][info][gc,cpu      ] GC(1164) User=0.06s Sys=0.00s Real=0.03s
[557.038s][info][gc,start    ] GC(1165) Pause Young (Concurrent Start) (G1 Humongous Allocation)
[557.038s][info][gc,task     ] GC(1165) Using 2 workers of 2 for evacuation
[557.060s][info][gc,phases   ] GC(1165)   Pre Evacuate Collection Set: 0.17ms
[557.060s][info][gc,phases   ] GC(1165)   Merge Heap Roots: 0.06ms
[557.060s][info][gc,phases   ] GC(1165)   Evacuate Collection Set: 21.26ms
[557.060s][info][gc,phases   ] GC(1165)   Post Evacuate Collection Set: 0.40ms
[557.060s][info][gc,phases   ] GC(1165)   Other: 0.10ms
[557.060s][info][gc,heap     ] GC(1165) Eden regions: 106->0(130)
[557.060s][info][gc,heap     ] GC(1165) Survivor regions: 14->11(19)
[557.060s][info][gc,heap     ] GC(1165) Old regions: 67->80
[557.060s][info][gc,heap     ] GC(1165) Humongous regions: 1->1
[557.060s][info][gc,metaspace] GC(1165) Metaspace: 43127K(43584K)->43127K(43584K) NonClass: 38779K(39040K)->38779K(39040K) Class: 4348K(4544K)->4348K(4544K)
[557.060s][info][gc          ] GC(1165) Pause Young (Concurrent Start) (G1 Humongous Allocation) 187M->92M(256M) 22.182ms
[557.060s][info][gc,cpu      ] GC(1165) User=0.04s Sys=0.00s Real=0.03s
[557.060s][info][gc          ] GC(1166) Concurrent Mark Cycle
[557.061s][info][gc,marking  ] GC(1166) Concurrent Scan Root Regions
[557.076s][info][gc,marking  ] GC(1166) Concurrent Scan Root Regions 15.961ms
[557.077s][info][gc,marking  ] GC(1166) Concurrent Mark
[557.077s][info][gc,marking  ] GC(1166) Concurrent Mark From Roots
[557.077s][info][gc,task     ] GC(1166) Using 1 workers of 1 for marking
[557.118s][info][gc,marking  ] GC(1166) Concurrent Mark From Roots 41.622ms
[557.118s][info][gc,marking  ] GC(1166) Concurrent Preclean
[557.118s][info][gc,marking  ] GC(1166) Concurrent Preclean 0.062ms
[557.118s][info][gc,start    ] GC(1166) Pause Remark
[557.136s][info][gc          ] GC(1166) Pause Remark 104M->94M(256M) 17.380ms
[557.136s][info][gc,cpu      ] GC(1166) User=0.03s Sys=0.00s Real=0.02s
[557.136s][info][gc,marking  ] GC(1166) Concurrent Mark 59.360ms
[557.136s][info][gc,marking  ] GC(1166) Concurrent Rebuild Remembered Sets and Scrub Regions
[557.164s][info][gc,marking  ] GC(1166) Concurrent Rebuild Remembered Sets and Scrub Regions 27.776ms
[557.164s][info][gc,start    ] GC(1166) Pause Cleanup
[557.164s][info][gc          ] GC(1166) Pause Cleanup 98M->98M(256M) 0.047ms
[557.164s][info][gc,cpu      ] GC(1166) User=0.00s Sys=0.00s Real=0.00s
[557.164s][info][gc,marking  ] GC(1166) Concurrent Clear Claimed Marks
[557.164s][info][gc,marking  ] GC(1166) Concurrent Clear Claimed Marks 0.040ms
[557.164s][info][gc,marking  ] GC(1166) Concurrent Cleanup for Next Mark
[557.165s][info][gc,marking  ] GC(1166) Concurrent Cleanup for Next Mark 0.751ms
[557.165s][info][gc          ] GC(1166) Concurrent Mark Cycle 104.181ms
[557.865s][info][gc,start    ] GC(1167) Pause Young (Prepare Mixed) (G1 Evacuation Pause)
[557.865s][info][gc,task     ] GC(1167) Using 2 workers of 2 for evacuation
[557.880s][info][gc,phases   ] GC(1167)   Pre Evacuate Collection Set: 0.15ms
[557.880s][info][gc,phases   ] GC(1167)   Merge Heap Roots: 0.08ms
[557.880s][info][gc,phases   ] GC(1167)   Evacuate Collection Set: 14.32ms
[557.880s][info][gc,phases   ] GC(1167)   Post Evacuate Collection Set: 0.39ms
[557.880s][info][gc,phases   ] GC(1167)   Other: 0.08ms
[557.880s][info][gc,heap     ] GC(1167) Eden regions: 130->0(132)
[557.880s][info][gc,heap     ] GC(1167) Survivor regions: 11->13(18)
[557.880s][info][gc,heap     ] GC(1167) Old regions: 70->73
[557.880s][info][gc,heap     ] GC(1167) Humongous regions: 2->2
[557.880s][info][gc,metaspace] GC(1167) Metaspace: 43127K(43584K)->43127K(43584K) NonClass: 38779K(39040K)->38779K(39040K) Class: 4348K(4544K)->4348K(4544K)
[557.880s][info][gc          ] GC(1167) Pause Young (Prepare Mixed) (G1 Evacuation Pause) 213M->87M(256M) 15.251ms
[557.880s][info][gc,cpu      ] GC(1167) User=0.03s Sys=0.00s Real=0.02s
[558.608s][info][gc,start    ] GC(1168) Pause Young (Mixed) (G1 Evacuation Pause)
[558.608s][info][gc,task     ] GC(1168) Using 2 workers of 2 for evacuation
[558.636s][info][gc,phases   ] GC(1168)   Pre Evacuate Collection Set: 0.17ms
[558.637s][info][gc,phases   ] GC(1168)   Merge Heap Roots: 0.19ms
[558.637s][info][gc,phases   ] GC(1168)   Evacuate Collection Set: 27.21ms
[558.637s][info][gc,phases   ] GC(1168)   Post Evacuate Collection Set: 0.45ms
[558.637s][info][gc,phases   ] GC(1168)   Other: 0.08ms
[558.637s][info][gc,heap     ] GC(1168) Eden regions: 132->0(134)
[558.637s][info][gc,heap     ] GC(1168) Survivor regions: 13->14(19)
[558.637s][info][gc,heap     ] GC(1168) Old regions: 73->67
[558.637s][info][gc,heap     ] GC(1168) Humongous regions: 2->2
[558.637s][info][gc,metaspace] GC(1168) Metaspace: 43127K(43584K)->43127K(43584K) NonClass: 38779K(39040K)->38779K(39040K) Class: 4348K(4544K)->4348K(4544K)
[558.637s][info][gc          ] GC(1168) Pause Young (Mixed) (G1 Evacuation Pause) 219M->82M(256M) 28.297ms
[558.637s][info][gc,cpu      ] GC(1168) User=0.06s Sys=0.00s Real=0.03s
[558.669s][info][gc,start    ] GC(1169) Pause Young (Concurrent Start) (G1 Humongous Allocation)
[558.669s][info][gc,task     ] GC(1169) Using 2 workers of 2 for evacuation
[558.682s][info][gc,phases   ] GC(1169)   Pre Evacuate Collection Set: 0.17ms
[558.682s][info][gc,phases   ] GC(1169)   Merge Heap Roots: 0.06ms
[558.682s][info][gc,phases   ] GC(1169)   Evacuate Collection Set: 12.12ms
[558.682s][info][gc,phases   ] GC(1169)   Post Evacuate Collection Set: 0.30ms
[558.682s][info][gc,phases   ] GC(1169)   Other: 0.09ms
[558.682s][info][gc,heap     ] GC(1169) Eden regions: 5->0(78)
[558.682s][info][gc,heap     ] GC(1169) Survivor regions: 14->2(19)
[558.682s][info][gc,heap     ] GC(1169) Old regions: 67->81
[558.682s][info][gc,heap     ] GC(1169) Humongous regions: 2->2
[558.682s][info][gc,metaspace] GC(1169) Metaspace: 43127K(43584K)->43127K(43584K) NonClass: 38779K(39040K)->38779K(39040K) Class: 4348K(4544K)->4348K(4544K)
[558.682s][info][gc          ] GC(1169) Pause Young (Concurrent Start) (G1 Humongous Allocation) 86M->84M(256M) 12.946ms
[558.682s][info][gc,cpu      ] GC(1169) User=0.03s Sys=0.00s Real=0.01s
[558.682s][info][gc          ] GC(1170) Concurrent Mark Cycle
[558.684s][info][gc,marking  ] GC(1170) Concurrent Scan Root Regions
[558.697s][info][gc,marking  ] GC(1170) Concurrent Scan Root Regions 12.628ms
[558.697s][info][gc,marking  ] GC(1170) Concurrent Mark
[558.697s][info][gc,marking  ] GC(1170) Concurrent Mark From Roots
[558.697s][info][gc,task     ] GC(1170) Using 1 workers of 1 for marking
[558.736s][info][gc,marking  ] GC(1170) Concurrent Mark From Roots 39.248ms
[558.736s][info][gc,marking  ] GC(1170) Concurrent Preclean
[558.736s][info][gc,marking  ] GC(1170) Concurrent Preclean 0.035ms
[558.736s][info][gc,start    ] GC(1170) Pause Remark
[558.753s][info][gc          ] GC(1170) Pause Remark 98M->87M(256M) 17.269ms
[558.754s][info][gc,cpu      ] GC(1170) User=0.04s Sys=0.00s Real=0.02s
[558.754s][info][gc,marking  ] GC(1170) Concurrent Mark 56.776ms
[558.754s][info][gc,marking  ] GC(1170) Concurrent Rebuild Remembered Sets and Scrub Regions
[558.779s][info][gc,marking  ] GC(1170) Concurrent Rebuild Remembered Sets and Scrub Regions 25.193ms
[558.779s][info][gc,start    ] GC(1170) Pause Cleanup
[558.779s][info][gc          ] GC(1170) Pause Cleanup 92M->92M(256M) 0.053ms
[558.779s][info][gc,cpu      ] GC(1170) User=0.00s Sys=0.00s Real=0.00s
[558.779s][info][gc,marking  ] GC(1170) Concurrent Clear Claimed Marks
[558.779s][info][gc,marking  ] GC(1170) Concurrent Clear Claimed Marks 0.039ms
[558.779s][info][gc,marking  ] GC(1170) Concurrent Cleanup for Next Mark
[558.780s][info][gc,marking  ] GC(1170) Concurrent Cleanup for Next Mark 0.740ms
[558.780s][info][gc          ] GC(1170) Concurrent Mark Cycle 97.812ms
[559.067s][info][gc,start    ] GC(1171) Pause Young (Prepare Mixed) (G1 Evacuation Pause)
[559.067s][info][gc,task     ] GC(1171) Using 2 workers of 2 for evacuation
[559.071s][info][gc,phases   ] GC(1171)   Pre Evacuate Collection Set: 0.15ms
[559.071s][info][gc,phases   ] GC(1171)   Merge Heap Roots: 0.08ms
[559.071s][info][gc,phases   ] GC(1171)   Evacuate Collection Set: 4.12ms
[559.071s][info][gc,phases   ] GC(1171)   Post Evacuate Collection Set: 0.37ms
[559.071s][info][gc,phases   ] GC(1171)   Other: 0.10ms
[559.072s][info][gc,heap     ] GC(1171) Eden regions: 78->0(90)
[559.072s][info][gc,heap     ] GC(1171) Survivor regions: 2->5(10)
[559.072s][info][gc,heap     ] GC(1171) Old regions: 71->71
[559.072s][info][gc,heap     ] GC(1171) Humongous regions: 7->3
[559.072s][info][gc,metaspace] GC(1171) Metaspace: 43127K(43584K)->43127K(43584K) NonClass: 38779K(39040K)->38779K(39040K) Class: 4348K(4544K)->4348K(4544K)
[559.072s][info][gc          ] GC(1171) Pause Young (Prepare Mixed) (G1 Evacuation Pause) 157M->78M(256M) 4.995ms
[559.072s][info][gc,cpu      ] GC(1171) User=0.01s Sys=0.00s Real=0.01s
[559.419s][info][gc,start    ] GC(1172) Pause Young (Mixed) (G1 Evacuation Pause)
[559.419s][info][gc,task     ] GC(1172) Using 2 workers of 2 for evacuation
[559.424s][info][gc,phases   ] GC(1172)   Pre Evacuate Collection Set: 0.15ms
[559.424s][info][gc,phases   ] GC(1172)   Merge Heap Roots: 0.12ms
[559.424s][info][gc,phases   ] GC(1172)   Evacuate Collection Set: 4.36ms
[559.424s][info][gc,phases   ] GC(1172)   Post Evacuate Collection Set: 0.38ms
[559.424s][info][gc,phases   ] GC(1172)   Other: 0.07ms
[559.424s][info][gc,heap     ] GC(1172) Eden regions: 90->0(112)
[559.424s][info][gc,heap     ] GC(1172) Survivor regions: 5->3(12)
[559.424s][info][gc,heap     ] GC(1172) Old regions: 71->50
[559.424s][info][gc,heap     ] GC(1172) Humongous regions: 15->3
[559.424s][info][gc,metaspace] GC(1172) Metaspace: 43127K(43584K)->43127K(43584K) NonClass: 38779K(39040K)->38779K(39040K) Class: 4348K(4544K)->4348K(4544K)
[559.424s][info][gc          ] GC(1172) Pause Young (Mixed) (G1 Evacuation Pause) 180M->55M(256M) 5.288ms
[559.424s][info][gc,cpu      ] GC(1172) User=0.00s Sys=0.00s Real=0.01s
[559.456s][info][gc,start    ] GC(1173) Pause Young (Concurrent Start) (G1 Humongous Allocation)
[559.456s][info][gc,task     ] GC(1173) Using 2 workers of 2 for evacuation
[559.460s][info][gc,phases   ] GC(1173)   Pre Evacuate Collection Set: 0.16ms
[559.460s][info][gc,phases   ] GC(1173)   Merge Heap Roots: 0.05ms
[559.460s][info][gc,phases   ] GC(1173)   Evacuate Collection Set: 2.92ms
[559.460s][info][gc,phases   ] GC(1173)   Post Evacuate Collection Set: 0.28ms
[559.460s][info][gc,phases   ] GC(1173)   Other: 0.08ms
[559.460s][info][gc,heap     ] GC(1173) Eden regions: 10->0(122)
[559.460s][info][gc,heap     ] GC(1173) Survivor regions: 3->5(15)
[559.460s][info][gc,heap     ] GC(1173) Old regions: 50->50
[559.460s][info][gc,heap     ] GC(1173) Humongous regions: 3->1
[559.460s][info][gc,metaspace] GC(1173) Metaspace: 43127K(43584K)->43127K(43584K) NonClass: 38779K(39040K)->38779K(39040K) Class: 4348K(4544K)->4348K(4544K)
[559.460s][info][gc          ] GC(1173) Pause Young (Concurrent Start) (G1 Humongous Allocation) 65M->55M(256M) 3.663ms
[559.460s][info][gc,cpu      ] GC(1173) User=0.00s Sys=0.00s Real=0.01s
[559.460s][info][gc          ] GC(1174) Concurrent Mark Cycle
[559.460s][info][gc,marking  ] GC(1174) Concurrent Scan Root Regions
[559.462s][info][gc,marking  ] GC(1174) Concurrent Scan Root Regions 2.200ms
[559.462s][info][gc,marking  ] GC(1174) Concurrent Mark
[559.462s][info][gc,marking  ] GC(1174) Concurrent Mark From Roots
[559.462s][info][gc,task     ] GC(1174) Using 1 workers of 1 for marking
[559.507s][info][gc,marking  ] GC(1174) Concurrent Mark From Roots 44.384ms
[559.507s][info][gc,marking  ] GC(1174) Concurrent Preclean
[559.507s][info][gc,marking  ] GC(1174) Concurrent Preclean 0.042ms
[559.507s][info][gc,start    ] GC(1174) Pause Remark
[559.524s][info][gc          ] GC(1174) Pause Remark 64M->63M(256M) 17.225ms
[559.524s][info][gc,cpu      ] GC(1174) User=0.04s Sys=0.00s Real=0.02s
[559.524s][info][gc,marking  ] GC(1174) Concurrent Mark 62.035ms
[559.524s][info][gc,marking  ] GC(1174) Concurrent Rebuild Remembered Sets and Scrub Regions
[559.547s][info][gc,marking  ] GC(1174) Concurrent Rebuild Remembered Sets and Scrub Regions 22.512ms
[559.547s][info][gc,start    ] GC(1174) Pause Cleanup
[559.547s][info][gc          ] GC(1174) Pause Cleanup 68M->68M(256M) 0.049ms
[559.547s][info][gc,cpu      ] GC(1174) User=0.00s Sys=0.00s Real=0.00s
[559.549s][info][gc,marking  ] GC(1174) Concurrent Clear Claimed Marks
[559.549s][info][gc,marking  ] GC(1174) Concurrent Clear Claimed Marks 0.045ms
[559.549s][info][gc,marking  ] GC(1174) Concurrent Cleanup for Next Mark
[559.550s][info][gc,marking  ] GC(1174) Concurrent Cleanup for Next Mark 0.749ms
[559.550s][info][gc          ] GC(1174) Concurrent Mark Cycle 89.768ms
[560.081s][info][gc,start    ] GC(1175) Pause Young (Prepare Mixed) (G1 Evacuation Pause)
[560.081s][info][gc,task     ] GC(1175) Using 2 workers of 2 for evacuation
[560.086s][info][gc,phases   ] GC(1175)   Pre Evacuate Collection Set: 0.15ms
[560.086s][info][gc,phases   ] GC(1175)   Merge Heap Roots: 0.06ms
[560.086s][info][gc,phases   ] GC(1175)   Evacuate Collection Set: 4.54ms
[560.086s][info][gc,phases   ] GC(1175)   Post Evacuate Collection Set: 0.40ms
[560.086s][info][gc,phases   ] GC(1175)   Other: 0.08ms
[560.086s][info][gc,heap     ] GC(1175) Eden regions: 122->0(130)
[560.086s][info][gc,heap     ] GC(1175) Survivor regions: 5->6(16)
[560.086s][info][gc,heap     ] GC(1175) Old regions: 49->49
[560.086s][info][gc,heap     ] GC(1175) Humongous regions: 7->3
[560.086s][info][gc,metaspace] GC(1175) Metaspace: 43127K(43584K)->43127K(43584K) NonClass: 38779K(39040K)->38779K(39040K) Class: 4348K(4544K)->4348K(4544K)
[560.086s][info][gc          ] GC(1175) Pause Young (Prepare Mixed) (G1 Evacuation Pause) 182M->57M(256M) 5.431ms
[560.087s][info][gc,cpu      ] GC(1175) User=0.01s Sys=0.00s Real=0.00s
[560.614s][info][gc,start    ] GC(1176) Pause Young (Mixed) (G1 Evacuation Pause)
[560.615s][info][gc,task     ] GC(1176) Using 2 workers of 2 for evacuation
[560.623s][info][gc,phases   ] GC(1176)   Pre Evacuate Collection Set: 0.15ms
[560.623s][info][gc,phases   ] GC(1176)   Merge Heap Roots: 0.11ms
[560.623s][info][gc,phases   ] GC(1176)   Evacuate Collection Set: 8.11ms
[560.623s][info][gc,phases   ] GC(1176)   Post Evacuate Collection Set: 0.45ms
[560.624s][info][gc,phases   ] GC(1176)   Other: 0.09ms
[560.624s][info][gc,heap     ] GC(1176) Eden regions: 130->0(145)
[560.624s][info][gc,heap     ] GC(1176) Survivor regions: 6->4(17)
[560.624s][info][gc,heap     ] GC(1176) Old regions: 49->39
[560.624s][info][gc,heap     ] GC(1176) Humongous regions: 11->3
[560.624s][info][gc,metaspace] GC(1176) Metaspace: 43127K(43584K)->43127K(43584K) NonClass: 38779K(39040K)->38779K(39040K) Class: 4348K(4544K)->4348K(4544K)
[560.624s][info][gc          ] GC(1176) Pause Young (Mixed) (G1 Evacuation Pause) 195M->45M(256M) 9.095ms
[560.624s][info][gc,cpu      ] GC(1176) User=0.02s Sys=0.00s Real=0.01s
[561.250s][info][gc,start    ] GC(1177) Pause Young (Concurrent Start) (G1 Evacuation Pause)
[561.250s][info][gc,task     ] GC(1177) Using 2 workers of 2 for evacuation
[561.274s][info][gc,phases   ] GC(1177)   Pre Evacuate Collection Set: 0.17ms
[561.274s][info][gc,phases   ] GC(1177)   Merge Heap Roots: 0.07ms
[561.274s][info][gc,phases   ] GC(1177)   Evacuate Collection Set: 22.97ms
[561.274s][info][gc,phases   ] GC(1177)   Post Evacuate Collection Set: 0.44ms
[561.274s][info][gc,phases   ] GC(1177)   Other: 0.11ms
[561.274s][info][gc,heap     ] GC(1177) Eden regions: 145->0(134)
[561.274s][info][gc,heap     ] GC(1177) Survivor regions: 4->19(19)
[561.274s][info][gc,heap     ] GC(1177) Old regions: 39->40
[561.274s][info][gc,heap     ] GC(1177) Humongous regions: 3->3
[561.274s][info][gc,metaspace] GC(1177) Metaspace: 43127K(43584K)->43127K(43584K) NonClass: 38779K(39040K)->38779K(39040K) Class: 4348K(4544K)->4348K(4544K)
[561.274s][info][gc          ] GC(1177) Pause Young (Concurrent Start) (G1 Evacuation Pause) 190M->61M(256M) 23.972ms
[561.274s][info][gc          ] GC(1178) Concurrent Mark Cycle
[561.274s][info][gc,marking  ] GC(1178) Concurrent Scan Root Regions
[561.275s][info][gc,cpu      ] GC(1177) User=0.04s Sys=0.00s Real=0.02s
[561.297s][info][gc,marking  ] GC(1178) Concurrent Scan Root Regions 22.525ms
[561.297s][info][gc,marking  ] GC(1178) Concurrent Mark
[561.297s][info][gc,marking  ] GC(1178) Concurrent Mark From Roots
[561.297s][info][gc,task     ] GC(1178) Using 1 workers of 1 for marking
[561.362s][info][gc,marking  ] GC(1178) Concurrent Mark From Roots 65.169ms
[561.362s][info][gc,marking  ] GC(1178) Concurrent Preclean
[561.362s][info][gc,marking  ] GC(1178) Concurrent Preclean 0.039ms
[561.362s][info][gc,start    ] GC(1178) Pause Remark
[561.380s][info][gc          ] GC(1178) Pause Remark 75M->75M(256M) 17.155ms
[561.380s][info][gc,cpu      ] GC(1178) User=0.04s Sys=0.00s Real=0.02s
[561.381s][info][gc,marking  ] GC(1178) Concurrent Mark 84.283ms
[561.381s][info][gc,marking  ] GC(1178) Concurrent Rebuild Remembered Sets and Scrub Regions
[561.411s][info][gc,marking  ] GC(1178) Concurrent Rebuild Remembered Sets and Scrub Regions 29.289ms
[561.411s][info][gc,start    ] GC(1178) Pause Cleanup
[561.411s][info][gc          ] GC(1178) Pause Cleanup 80M->80M(256M) 0.056ms
[561.411s][info][gc,cpu      ] GC(1178) User=0.00s Sys=0.00s Real=0.00s
[561.411s][info][gc,marking  ] GC(1178) Concurrent Clear Claimed Marks
[561.411s][info][gc,marking  ] GC(1178) Concurrent Clear Claimed Marks 0.045ms
[561.411s][info][gc,marking  ] GC(1178) Concurrent Cleanup for Next Mark
[561.412s][info][gc,marking  ] GC(1178) Concurrent Cleanup for Next Mark 0.779ms
[561.412s][info][gc          ] GC(1178) Concurrent Mark Cycle 137.324ms
[561.833s][info][gc,start    ] GC(1179) Pause Young (Prepare Mixed) (G1 Evacuation Pause)
[561.833s][info][gc,task     ] GC(1179) Using 2 workers of 2 for evacuation
[561.853s][info][gc,phases   ] GC(1179)   Pre Evacuate Collection Set: 0.17ms
[561.853s][info][gc,phases   ] GC(1179)   Merge Heap Roots: 0.10ms
[561.853s][info][gc,phases   ] GC(1179)   Evacuate Collection Set: 19.73ms
[561.853s][info][gc,phases   ] GC(1179)   Post Evacuate Collection Set: 0.45ms
[561.854s][info][gc,phases   ] GC(1179)   Other: 0.09ms
[561.854s][info][gc,heap     ] GC(1179) Eden regions: 134->0(143)
[561.854s][info][gc,heap     ] GC(1179) Survivor regions: 19->5(20)
[561.854s][info][gc,heap     ] GC(1179) Old regions: 40->56
[561.854s][info][gc,heap     ] GC(1179) Humongous regions: 15->1
[561.854s][info][gc,metaspace] GC(1179) Metaspace: 43127K(43584K)->43127K(43584K) NonClass: 38779K(39040K)->38779K(39040K) Class: 4348K(4544K)->4348K(4544K)
[561.854s][info][gc          ] GC(1179) Pause Young (Prepare Mixed) (G1 Evacuation Pause) 207M->61M(256M) 20.745ms
[561.854s][info][gc,cpu      ] GC(1179) User=0.04s Sys=0.00s Real=0.02s
[562.367s][info][gc,start    ] GC(1180) Pause Young (Mixed) (G1 Evacuation Pause)
[562.368s][info][gc,task     ] GC(1180) Using 2 workers of 2 for evacuation
[562.383s][info][gc,phases   ] GC(1180)   Pre Evacuate Collection Set: 0.19ms
[562.383s][info][gc,phases   ] GC(1180)   Merge Heap Roots: 0.16ms
[562.383s][info][gc,phases   ] GC(1180)   Evacuate Collection Set: 14.40ms
[562.383s][info][gc,phases   ] GC(1180)   Post Evacuate Collection Set: 0.43ms
[562.383s][info][gc,phases   ] GC(1180)   Other: 0.08ms
[562.383s][info][gc,heap     ] GC(1180) Eden regions: 143->0(142)
[562.383s][info][gc,heap     ] GC(1180) Survivor regions: 5->11(19)
[562.383s][info][gc,heap     ] GC(1180) Old regions: 56->54
[562.383s][info][gc,heap     ] GC(1180) Humongous regions: 13->3
[562.383s][info][gc,metaspace] GC(1180) Metaspace: 43127K(43584K)->43127K(43584K) NonClass: 38779K(39040K)->38779K(39040K) Class: 4348K(4544K)->4348K(4544K)
[562.383s][info][gc          ] GC(1180) Pause Young (Mixed) (G1 Evacuation Pause) 216M->67M(256M) 15.447ms
[562.383s][info][gc,cpu      ] GC(1180) User=0.03s Sys=0.00s Real=0.02s
[562.537s][info][gc,start    ] GC(1181) Pause Young (Concurrent Start) (G1 Humongous Allocation)
[562.537s][info][gc,task     ] GC(1181) Using 2 workers of 2 for evacuation
[562.547s][info][gc,phases   ] GC(1181)   Pre Evacuate Collection Set: 0.22ms
[562.547s][info][gc,phases   ] GC(1181)   Merge Heap Roots: 0.10ms
[562.547s][info][gc,phases   ] GC(1181)   Evacuate Collection Set: 9.32ms
[562.547s][info][gc,phases   ] GC(1181)   Post Evacuate Collection Set: 0.34ms
[562.547s][info][gc,phases   ] GC(1181)   Other: 0.11ms
[562.547s][info][gc,heap     ] GC(1181) Eden regions: 33->0(151)
[562.547s][info][gc,heap     ] GC(1181) Survivor regions: 11->2(20)
[562.547s][info][gc,heap     ] GC(1181) Old regions: 54->58
[562.547s][info][gc,heap     ] GC(1181) Humongous regions: 3->1
[562.547s][info][gc,metaspace] GC(1181) Metaspace: 43127K(43584K)->43127K(43584K) NonClass: 38779K(39040K)->38779K(39040K) Class: 4348K(4544K)->4348K(4544K)
[562.547s][info][gc          ] GC(1181) Pause Young (Concurrent Start) (G1 Humongous Allocation) 99M->60M(256M) 10.277ms
[562.547s][info][gc          ] GC(1182) Concurrent Mark Cycle
[562.547s][info][gc,marking  ] GC(1182) Concurrent Scan Root Regions
[562.547s][info][gc,cpu      ] GC(1181) User=0.01s Sys=0.00s Real=0.01s
[562.555s][info][gc,marking  ] GC(1182) Concurrent Scan Root Regions 7.420ms
[562.555s][info][gc,marking  ] GC(1182) Concurrent Mark
[562.555s][info][gc,marking  ] GC(1182) Concurrent Mark From Roots
[562.555s][info][gc,task     ] GC(1182) Using 1 workers of 1 for marking
[562.637s][info][gc,marking  ] GC(1182) Concurrent Mark From Roots 82.274ms
[562.637s][info][gc,marking  ] GC(1182) Concurrent Preclean
[562.637s][info][gc,marking  ] GC(1182) Concurrent Preclean 0.038ms
[562.637s][info][gc,start    ] GC(1182) Pause Remark
[562.655s][info][gc          ] GC(1182) Pause Remark 83M->83M(256M) 18.072ms
[562.655s][info][gc,cpu      ] GC(1182) User=0.03s Sys=0.00s Real=0.02s
[562.657s][info][gc,marking  ] GC(1182) Concurrent Mark 102.518ms
[562.657s][info][gc,marking  ] GC(1182) Concurrent Rebuild Remembered Sets and Scrub Regions
[562.705s][info][gc,marking  ] GC(1182) Concurrent Rebuild Remembered Sets and Scrub Regions 47.493ms
[562.705s][info][gc,start    ] GC(1182) Pause Cleanup
[562.705s][info][gc          ] GC(1182) Pause Cleanup 94M->94M(256M) 0.061ms
[562.705s][info][gc,cpu      ] GC(1182) User=0.00s Sys=0.00s Real=0.00s
[562.705s][info][gc,marking  ] GC(1182) Concurrent Clear Claimed Marks
[562.705s][info][gc,marking  ] GC(1182) Concurrent Clear Claimed Marks 0.048ms
[562.705s][info][gc,marking  ] GC(1182) Concurrent Cleanup for Next Mark
[562.706s][info][gc,marking  ] GC(1182) Concurrent Cleanup for Next Mark 0.785ms
[562.706s][info][gc          ] GC(1182) Concurrent Mark Cycle 158.657ms
[563.199s][info][gc,start    ] GC(1183) Pause Young (Prepare Mixed) (G1 Evacuation Pause)
[563.199s][info][gc,task     ] GC(1183) Using 2 workers of 2 for evacuation
[563.208s][info][gc,phases   ] GC(1183)   Pre Evacuate Collection Set: 0.18ms
[563.208s][info][gc,phases   ] GC(1183)   Merge Heap Roots: 0.06ms
[563.208s][info][gc,phases   ] GC(1183)   Evacuate Collection Set: 8.13ms
[563.208s][info][gc,phases   ] GC(1183)   Post Evacuate Collection Set: 0.54ms
[563.208s][info][gc,phases   ] GC(1183)   Other: 0.08ms
[563.208s][info][gc,heap     ] GC(1183) Eden regions: 151->0(142)
[563.208s][info][gc,heap     ] GC(1183) Survivor regions: 2->11(20)
[563.208s][info][gc,heap     ] GC(1183) Old regions: 58->58
[563.208s][info][gc,heap     ] GC(1183) Humongous regions: 15->3
[563.208s][info][gc,metaspace] GC(1183) Metaspace: 43127K(43584K)->43127K(43584K) NonClass: 38779K(39040K)->38779K(39040K) Class: 4348K(4544K)->4348K(4544K)
[563.208s][info][gc          ] GC(1183) Pause Young (Prepare Mixed) (G1 Evacuation Pause) 225M->71M(256M) 9.188ms
[563.208s][info][gc,cpu      ] GC(1183) User=0.02s Sys=0.00s Real=0.00s
[563.795s][info][gc,start    ] GC(1184) Pause Young (Mixed) (G1 Evacuation Pause)
[563.795s][info][gc,task     ] GC(1184) Using 2 workers of 2 for evacuation
[563.820s][info][gc,phases   ] GC(1184)   Pre Evacuate Collection Set: 0.22ms
[563.821s][info][gc,phases   ] GC(1184)   Merge Heap Roots: 0.12ms
[563.821s][info][gc,phases   ] GC(1184)   Evacuate Collection Set: 24.56ms
[563.821s][info][gc,phases   ] GC(1184)   Post Evacuate Collection Set: 0.49ms
[563.821s][info][gc,phases   ] GC(1184)   Other: 0.13ms
[563.821s][info][gc,heap     ] GC(1184) Eden regions: 142->0(133)
[563.821s][info][gc,heap     ] GC(1184) Survivor regions: 11->20(20)
[563.821s][info][gc,heap     ] GC(1184) Old regions: 58->58
[563.821s][info][gc,heap     ] GC(1184) Humongous regions: 3->3
[563.821s][info][gc,metaspace] GC(1184) Metaspace: 43127K(43584K)->43127K(43584K) NonClass: 38779K(39040K)->38779K(39040K) Class: 4348K(4544K)->4348K(4544K)
[563.821s][info][gc          ] GC(1184) Pause Young (Mixed) (G1 Evacuation Pause) 213M->80M(256M) 25.699ms
[563.821s][info][gc,cpu      ] GC(1184) User=0.05s Sys=0.00s Real=0.03s
[564.423s][info][gc,start    ] GC(1185) Pause Young (Concurrent Start) (G1 Humongous Allocation)
[564.423s][info][gc,task     ] GC(1185) Using 2 workers of 2 for evacuation
[564.448s][info][gc,phases   ] GC(1185)   Pre Evacuate Collection Set: 0.16ms
[564.448s][info][gc,phases   ] GC(1185)   Merge Heap Roots: 0.09ms
[564.448s][info][gc,phases   ] GC(1185)   Evacuate Collection Set: 24.20ms
[564.448s][info][gc,phases   ] GC(1185)   Post Evacuate Collection Set: 0.48ms
[564.448s][info][gc,phases   ] GC(1185)   Other: 0.14ms
[564.448s][info][gc,heap     ] GC(1185) Eden regions: 126->0(138)
[564.449s][info][gc,heap     ] GC(1185) Survivor regions: 20->10(20)
[564.449s][info][gc,heap     ] GC(1185) Old regions: 58->66
[564.449s][info][gc,heap     ] GC(1185) Humongous regions: 3->1
[564.449s][info][gc,metaspace] GC(1185) Metaspace: 43127K(43584K)->43127K(43584K) NonClass: 38779K(39040K)->38779K(39040K) Class: 4348K(4544K)->4348K(4544K)
[564.449s][info][gc          ] GC(1185) Pause Young (Concurrent Start) (G1 Humongous Allocation) 206M->77M(256M) 25.286ms
[564.449s][info][gc,cpu      ] GC(1185) User=0.05s Sys=0.00s Real=0.02s
[564.449s][info][gc          ] GC(1186) Concurrent Mark Cycle
[564.449s][info][gc,marking  ] GC(1186) Concurrent Scan Root Regions
[564.481s][info][gc,marking  ] GC(1186) Concurrent Scan Root Regions 32.200ms
[564.481s][info][gc,marking  ] GC(1186) Concurrent Mark
[564.481s][info][gc,marking  ] GC(1186) Concurrent Mark From Roots
[564.481s][info][gc,task     ] GC(1186) Using 1 workers of 1 for marking
[564.544s][info][gc,marking  ] GC(1186) Concurrent Mark From Roots 63.031ms
[564.544s][info][gc,marking  ] GC(1186) Concurrent Preclean
[564.544s][info][gc,marking  ] GC(1186) Concurrent Preclean 0.037ms
[564.545s][info][gc,start    ] GC(1186) Pause Remark
[564.562s][info][gc          ] GC(1186) Pause Remark 98M->96M(256M) 17.010ms
[564.562s][info][gc,cpu      ] GC(1186) User=0.03s Sys=0.00s Real=0.02s
[564.562s][info][gc,marking  ] GC(1186) Concurrent Mark 80.742ms
[564.562s][info][gc,marking  ] GC(1186) Concurrent Rebuild Remembered Sets and Scrub Regions
[564.590s][info][gc,marking  ] GC(1186) Concurrent Rebuild Remembered Sets and Scrub Regions 28.287ms
[564.590s][info][gc,start    ] GC(1186) Pause Cleanup
[564.590s][info][gc          ] GC(1186) Pause Cleanup 101M->101M(256M) 0.051ms
[564.590s][info][gc,cpu      ] GC(1186) User=0.00s Sys=0.00s Real=0.00s
[564.590s][info][gc,marking  ] GC(1186) Concurrent Clear Claimed Marks
[564.590s][info][gc,marking  ] GC(1186) Concurrent Clear Claimed Marks 0.039ms
[564.590s][info][gc,marking  ] GC(1186) Concurrent Cleanup for Next Mark
[564.591s][info][gc,marking  ] GC(1186) Concurrent Cleanup for Next Mark 0.736ms
[564.591s][info][gc          ] GC(1186) Concurrent Mark Cycle 142.448ms
[565.047s][info][gc,start    ] GC(1187) Pause Young (Prepare Mixed) (G1 Evacuation Pause)
[565.047s][info][gc,task     ] GC(1187) Using 2 workers of 2 for evacuation
[565.068s][info][gc,phases   ] GC(1187)   Pre Evacuate Collection Set: 0.17ms
[565.068s][info][gc,phases   ] GC(1187)   Merge Heap Roots: 0.12ms
[565.068s][info][gc,phases   ] GC(1187)   Evacuate Collection Set: 20.17ms
[565.068s][info][gc,phases   ] GC(1187)   Post Evacuate Collection Set: 0.42ms
[565.068s][info][gc,phases   ] GC(1187)   Other: 0.11ms
[565.068s][info][gc,heap     ] GC(1187) Eden regions: 138->0(131)
[565.068s][info][gc,heap     ] GC(1187) Survivor regions: 10->10(19)
[565.068s][info][gc,heap     ] GC(1187) Old regions: 64->74
[565.068s][info][gc,heap     ] GC(1187) Humongous regions: 5->3
[565.068s][info][gc,metaspace] GC(1187) Metaspace: 43127K(43584K)->43127K(43584K) NonClass: 38779K(39040K)->38779K(39040K) Class: 4348K(4544K)->4348K(4544K)
[565.068s][info][gc          ] GC(1187) Pause Young (Prepare Mixed) (G1 Evacuation Pause) 217M->87M(256M) 21.173ms
[565.068s][info][gc,cpu      ] GC(1187) User=0.04s Sys=0.00s Real=0.02s
[565.558s][info][gc,start    ] GC(1188) Pause Young (Mixed) (G1 Evacuation Pause)
[565.558s][info][gc,task     ] GC(1188) Using 2 workers of 2 for evacuation
[565.566s][info][gc,phases   ] GC(1188)   Pre Evacuate Collection Set: 0.15ms
[565.566s][info][gc,phases   ] GC(1188)   Merge Heap Roots: 0.09ms
[565.567s][info][gc,phases   ] GC(1188)   Evacuate Collection Set: 7.42ms
[565.567s][info][gc,phases   ] GC(1188)   Post Evacuate Collection Set: 0.42ms
[565.567s][info][gc,phases   ] GC(1188)   Other: 0.10ms
[565.567s][info][gc,heap     ] GC(1188) Eden regions: 131->0(148)
[565.567s][info][gc,heap     ] GC(1188) Survivor regions: 10->5(18)
[565.567s][info][gc,heap     ] GC(1188) Old regions: 74->64
[565.567s][info][gc,heap     ] GC(1188) Humongous regions: 13->3
[565.567s][info][gc,metaspace] GC(1188) Metaspace: 43127K(43584K)->43127K(43584K) NonClass: 38779K(39040K)->38779K(39040K) Class: 4348K(4544K)->4348K(4544K)
[565.567s][info][gc          ] GC(1188) Pause Young (Mixed) (G1 Evacuation Pause) 228M->71M(256M) 8.354ms
[565.567s][info][gc,cpu      ] GC(1188) User=0.02s Sys=0.00s Real=0.01s
[565.662s][info][gc,start    ] GC(1189) Pause Young (Concurrent Start) (G1 Humongous Allocation)
[565.662s][info][gc,task     ] GC(1189) Using 2 workers of 2 for evacuation
[565.667s][info][gc,phases   ] GC(1189)   Pre Evacuate Collection Set: 0.18ms
[565.667s][info][gc,phases   ] GC(1189)   Merge Heap Roots: 0.04ms
[565.667s][info][gc,phases   ] GC(1189)   Evacuate Collection Set: 4.01ms
[565.667s][info][gc,phases   ] GC(1189)   Post Evacuate Collection Set: 0.38ms
[565.667s][info][gc,phases   ] GC(1189)   Other: 0.10ms
[565.667s][info][gc,heap     ] GC(1189) Eden regions: 26->0(151)
[565.667s][info][gc,heap     ] GC(1189) Survivor regions: 5->2(20)
[565.667s][info][gc,heap     ] GC(1189) Old regions: 64->64
[565.667s][info][gc,heap     ] GC(1189) Humongous regions: 3->1
[565.667s][info][gc,metaspace] GC(1189) Metaspace: 43127K(43584K)->43127K(43584K) NonClass: 38779K(39040K)->38779K(39040K) Class: 4348K(4544K)->4348K(4544K)
[565.667s][info][gc          ] GC(1189) Pause Young (Concurrent Start) (G1 Humongous Allocation) 97M->66M(256M) 4.886ms
[565.667s][info][gc,cpu      ] GC(1189) User=0.00s Sys=0.00s Real=0.00s
[565.667s][info][gc          ] GC(1190) Concurrent Mark Cycle
[565.667s][info][gc,marking  ] GC(1190) Concurrent Scan Root Regions
[565.669s][info][gc,marking  ] GC(1190) Concurrent Scan Root Regions 1.742ms
[565.669s][info][gc,marking  ] GC(1190) Concurrent Mark
[565.669s][info][gc,marking  ] GC(1190) Concurrent Mark From Roots
[565.669s][info][gc,task     ] GC(1190) Using 1 workers of 1 for marking
[565.769s][info][gc,marking  ] GC(1190) Concurrent Mark From Roots 100.482ms
[565.769s][info][gc,marking  ] GC(1190) Concurrent Preclean
[565.769s][info][gc,marking  ] GC(1190) Concurrent Preclean 0.040ms
[565.769s][info][gc,start    ] GC(1190) Pause Remark
[565.787s][info][gc          ] GC(1190) Pause Remark 86M->84M(256M) 17.558ms
[565.787s][info][gc,cpu      ] GC(1190) User=0.03s Sys=0.00s Real=0.01s
[565.789s][info][gc,marking  ] GC(1190) Concurrent Mark 120.495ms
[565.789s][info][gc,marking  ] GC(1190) Concurrent Rebuild Remembered Sets and Scrub Regions
[565.812s][info][gc,marking  ] GC(1190) Concurrent Rebuild Remembered Sets and Scrub Regions 23.095ms
[565.812s][info][gc,start    ] GC(1190) Pause Cleanup
[565.813s][info][gc          ] GC(1190) Pause Cleanup 93M->93M(256M) 0.064ms
[565.813s][info][gc,cpu      ] GC(1190) User=0.00s Sys=0.00s Real=0.00s
[565.813s][info][gc,marking  ] GC(1190) Concurrent Clear Claimed Marks
[565.813s][info][gc,marking  ] GC(1190) Concurrent Clear Claimed Marks 0.042ms
[565.813s][info][gc,marking  ] GC(1190) Concurrent Cleanup for Next Mark
[565.813s][info][gc,marking  ] GC(1190) Concurrent Cleanup for Next Mark 0.779ms
[565.813s][info][gc          ] GC(1190) Concurrent Mark Cycle 146.557ms
[566.349s][info][gc,start    ] GC(1191) Pause Young (Prepare Mixed) (G1 Evacuation Pause)
[566.349s][info][gc,task     ] GC(1191) Using 2 workers of 2 for evacuation
[566.359s][info][gc,phases   ] GC(1191)   Pre Evacuate Collection Set: 0.21ms
[566.359s][info][gc,phases   ] GC(1191)   Merge Heap Roots: 0.09ms
[566.359s][info][gc,phases   ] GC(1191)   Evacuate Collection Set: 9.12ms
[566.359s][info][gc,phases   ] GC(1191)   Post Evacuate Collection Set: 0.39ms
[566.359s][info][gc,phases   ] GC(1191)   Other: 0.09ms
[566.359s][info][gc,heap     ] GC(1191) Eden regions: 151->0(143)
[566.359s][info][gc,heap     ] GC(1191) Survivor regions: 2->10(20)
[566.359s][info][gc,heap     ] GC(1191) Old regions: 62->62
[566.359s][info][gc,heap     ] GC(1191) Humongous regions: 5->3
[566.359s][info][gc,metaspace] GC(1191) Metaspace: 43127K(43584K)->43127K(43584K) NonClass: 38779K(39040K)->38779K(39040K) Class: 4348K(4544K)->4348K(4544K)
[566.359s][info][gc          ] GC(1191) Pause Young (Prepare Mixed) (G1 Evacuation Pause) 219M->74M(256M) 10.075ms
[566.359s][info][gc,cpu      ] GC(1191) User=0.02s Sys=0.00s Real=0.01s
[566.885s][info][gc,start    ] GC(1192) Pause Young (Mixed) (G1 Evacuation Pause)
[566.885s][info][gc,task     ] GC(1192) Using 2 workers of 2 for evacuation
[566.894s][info][gc,phases   ] GC(1192)   Pre Evacuate Collection Set: 0.20ms
[566.894s][info][gc,phases   ] GC(1192)   Merge Heap Roots: 0.13ms
[566.894s][info][gc,phases   ] GC(1192)   Evacuate Collection Set: 8.45ms
[566.894s][info][gc,phases   ] GC(1192)   Post Evacuate Collection Set: 0.43ms
[566.894s][info][gc,phases   ] GC(1192)   Other: 0.07ms
[566.894s][info][gc,heap     ] GC(1192) Eden regions: 143->0(147)
[566.894s][info][gc,heap     ] GC(1192) Survivor regions: 10->6(20)
[566.894s][info][gc,heap     ] GC(1192) Old regions: 62->47
[566.894s][info][gc,heap     ] GC(1192) Humongous regions: 11->3
[566.894s][info][gc,metaspace] GC(1192) Metaspace: 43127K(43584K)->43127K(43584K) NonClass: 38779K(39040K)->38779K(39040K) Class: 4348K(4544K)->4348K(4544K)
[566.894s][info][gc          ] GC(1192) Pause Young (Mixed) (G1 Evacuation Pause) 225M->55M(256M) 9.481ms
[566.894s][info][gc,cpu      ] GC(1192) User=0.02s Sys=0.00s Real=0.01s
[567.259s][info][gc,start    ] GC(1193) Pause Young (Concurrent Start) (G1 Humongous Allocation)
[567.259s][info][gc,task     ] GC(1193) Using 2 workers of 2 for evacuation
[567.263s][info][gc,phases   ] GC(1193)   Pre Evacuate Collection Set: 0.16ms
[567.263s][info][gc,phases   ] GC(1193)   Merge Heap Roots: 0.06ms
[567.263s][info][gc,phases   ] GC(1193)   Evacuate Collection Set: 3.30ms
[567.263s][info][gc,phases   ] GC(1193)   Post Evacuate Collection Set: 0.35ms
[567.263s][info][gc,phases   ] GC(1193)   Other: 0.07ms
[567.263s][info][gc,heap     ] GC(1193) Eden regions: 90->0(149)
[567.263s][info][gc,heap     ] GC(1193) Survivor regions: 6->4(20)
[567.263s][info][gc,heap     ] GC(1193) Old regions: 47->47
[567.263s][info][gc,heap     ] GC(1193) Humongous regions: 3->1
[567.263s][info][gc,metaspace] GC(1193) Metaspace: 43127K(43584K)->43127K(43584K) NonClass: 38779K(39040K)->38779K(39040K) Class: 4348K(4544K)->4348K(4544K)
[567.263s][info][gc          ] GC(1193) Pause Young (Concurrent Start) (G1 Humongous Allocation) 144M->50M(256M) 4.110ms
[567.263s][info][gc,cpu      ] GC(1193) User=0.01s Sys=0.00s Real=0.01s
[567.263s][info][gc          ] GC(1194) Concurrent Mark Cycle
[567.263s][info][gc,marking  ] GC(1194) Concurrent Scan Root Regions
[567.269s][info][gc,marking  ] GC(1194) Concurrent Scan Root Regions 6.321ms
[567.269s][info][gc,marking  ] GC(1194) Concurrent Mark
[567.269s][info][gc,marking  ] GC(1194) Concurrent Mark From Roots
[567.269s][info][gc,task     ] GC(1194) Using 1 workers of 1 for marking
[567.338s][info][gc,marking  ] GC(1194) Concurrent Mark From Roots 69.119ms
[567.338s][info][gc,marking  ] GC(1194) Concurrent Preclean
[567.338s][info][gc,marking  ] GC(1194) Concurrent Preclean 0.036ms
[567.338s][info][gc,start    ] GC(1194) Pause Remark
[567.356s][info][gc          ] GC(1194) Pause Remark 73M->73M(256M) 17.413ms
[567.356s][info][gc,cpu      ] GC(1194) User=0.03s Sys=0.00s Real=0.02s
[567.356s][info][gc,marking  ] GC(1194) Concurrent Mark 86.772ms
[567.356s][info][gc,marking  ] GC(1194) Concurrent Rebuild Remembered Sets and Scrub Regions
[567.378s][info][gc,marking  ] GC(1194) Concurrent Rebuild Remembered Sets and Scrub Regions 21.995ms
[567.378s][info][gc,start    ] GC(1194) Pause Cleanup
[567.378s][info][gc          ] GC(1194) Pause Cleanup 79M->79M(256M) 0.060ms
[567.378s][info][gc,cpu      ] GC(1194) User=0.00s Sys=0.00s Real=0.00s
[567.378s][info][gc,marking  ] GC(1194) Concurrent Clear Claimed Marks
[567.378s][info][gc,marking  ] GC(1194) Concurrent Clear Claimed Marks 0.037ms
[567.378s][info][gc,marking  ] GC(1194) Concurrent Cleanup for Next Mark
[567.379s][info][gc,marking  ] GC(1194) Concurrent Cleanup for Next Mark 0.753ms
[567.379s][info][gc          ] GC(1194) Concurrent Mark Cycle 116.251ms
[567.906s][info][gc,start    ] GC(1195) Pause Young (Prepare Mixed) (G1 Evacuation Pause)
[567.906s][info][gc,task     ] GC(1195) Using 2 workers of 2 for evacuation
[567.912s][info][gc,phases   ] GC(1195)   Pre Evacuate Collection Set: 0.15ms
[567.912s][info][gc,phases   ] GC(1195)   Merge Heap Roots: 0.06ms
[567.912s][info][gc,phases   ] GC(1195)   Evacuate Collection Set: 4.85ms
[567.912s][info][gc,phases   ] GC(1195)   Post Evacuate Collection Set: 0.37ms
[567.912s][info][gc,phases   ] GC(1195)   Other: 0.07ms
[567.912s][info][gc,heap     ] GC(1195) Eden regions: 149->0(148)
[567.912s][info][gc,heap     ] GC(1195) Survivor regions: 4->5(20)
[567.912s][info][gc,heap     ] GC(1195) Old regions: 47->47
[567.912s][info][gc,heap     ] GC(1195) Humongous regions: 7->1
[567.912s][info][gc,metaspace] GC(1195) Metaspace: 43127K(43584K)->43127K(43584K) NonClass: 38779K(39040K)->38779K(39040K) Class: 4348K(4544K)->4348K(4544K)
[567.912s][info][gc          ] GC(1195) Pause Young (Prepare Mixed) (G1 Evacuation Pause) 205M->52M(256M) 5.690ms
[567.912s][info][gc,cpu      ] GC(1195) User=0.01s Sys=0.00s Real=0.01s
[568.350s][info][gc,start    ] GC(1196) Pause Young (Mixed) (G1 Evacuation Pause)
[568.350s][info][gc,task     ] GC(1196) Using 2 workers of 2 for evacuation
[568.390s][info][gc,phases   ] GC(1196)   Pre Evacuate Collection Set: 0.15ms
[568.390s][info][gc,phases   ] GC(1196)   Merge Heap Roots: 0.07ms
[568.390s][info][gc,phases   ] GC(1196)   Evacuate Collection Set: 39.00ms
[568.390s][info][gc,phases   ] GC(1196)   Post Evacuate Collection Set: 0.53ms
[568.390s][info][gc,phases   ] GC(1196)   Other: 0.08ms
[568.390s][info][gc,heap     ] GC(1196) Eden regions: 148->0(128)
[568.390s][info][gc,heap     ] GC(1196) Survivor regions: 5->20(20)
[568.390s][info][gc,heap     ] GC(1196) Old regions: 47->63
[568.390s][info][gc,heap     ] GC(1196) Humongous regions: 3->3
[568.390s][info][gc,metaspace] GC(1196) Metaspace: 43127K(43584K)->43127K(43584K) NonClass: 38779K(39040K)->38779K(39040K) Class: 4348K(4544K)->4348K(4544K)
[568.390s][info][gc          ] GC(1196) Pause Young (Mixed) (G1 Evacuation Pause) 202M->85M(256M) 40.024ms
[568.390s][info][gc,cpu      ] GC(1196) User=0.08s Sys=0.00s Real=0.04s
[569.033s][info][gc,start    ] GC(1197) Pause Young (Concurrent Start) (G1 Evacuation Pause)
[569.033s][info][gc,task     ] GC(1197) Using 2 workers of 2 for evacuation
[569.100s][info][gc,phases   ] GC(1197)   Pre Evacuate Collection Set: 0.18ms
[569.100s][info][gc,phases   ] GC(1197)   Merge Heap Roots: 0.23ms
[569.100s][info][gc,phases   ] GC(1197)   Evacuate Collection Set: 66.61ms
[569.100s][info][gc,phases   ] GC(1197)   Post Evacuate Collection Set: 0.48ms
[569.100s][info][gc,phases   ] GC(1197)   Other: 0.08ms
[569.100s][info][gc,heap     ] GC(1197) Eden regions: 128->0(101)
[569.100s][info][gc,heap     ] GC(1197) Survivor regions: 20->19(19)
[569.100s][info][gc,heap     ] GC(1197) Old regions: 63->94
[569.100s][info][gc,heap     ] GC(1197) Humongous regions: 3->3
[569.100s][info][gc,metaspace] GC(1197) Metaspace: 43127K(43584K)->43127K(43584K) NonClass: 38779K(39040K)->38779K(39040K) Class: 4348K(4544K)->4348K(4544K)
[569.100s][info][gc          ] GC(1197) Pause Young (Concurrent Start) (G1 Evacuation Pause) 213M->115M(264M) 67.768ms
[569.100s][info][gc,cpu      ] GC(1197) User=0.13s Sys=0.01s Real=0.07s
[569.100s][info][gc          ] GC(1198) Concurrent Mark Cycle
[569.100s][info][gc,marking  ] GC(1198) Concurrent Scan Root Regions
[569.167s][info][gc,marking  ] GC(1198) Concurrent Scan Root Regions 66.482ms
[569.167s][info][gc,marking  ] GC(1198) Concurrent Mark
[569.167s][info][gc,marking  ] GC(1198) Concurrent Mark From Roots
[569.167s][info][gc,task     ] GC(1198) Using 1 workers of 1 for marking
[569.301s][info][gc,marking  ] GC(1198) Concurrent Mark From Roots 133.745ms
[569.301s][info][gc,marking  ] GC(1198) Concurrent Preclean
[569.301s][info][gc,marking  ] GC(1198) Concurrent Preclean 0.058ms
[569.301s][info][gc,start    ] GC(1198) Pause Remark
[569.318s][info][gc          ] GC(1198) Pause Remark 149M->149M(264M) 17.454ms
[569.319s][info][gc,cpu      ] GC(1198) User=0.03s Sys=0.00s Real=0.01s
[569.321s][info][gc,marking  ] GC(1198) Concurrent Mark 154.251ms
[569.321s][info][gc,marking  ] GC(1198) Concurrent Rebuild Remembered Sets and Scrub Regions
[569.428s][info][gc,marking  ] GC(1198) Concurrent Rebuild Remembered Sets and Scrub Regions 106.995ms
[569.430s][info][gc,start    ] GC(1198) Pause Cleanup
[569.430s][info][gc          ] GC(1198) Pause Cleanup 167M->167M(264M) 0.078ms
[569.430s][info][gc,cpu      ] GC(1198) User=0.00s Sys=0.00s Real=0.00s
[569.430s][info][gc,marking  ] GC(1198) Concurrent Clear Claimed Marks
[569.430s][info][gc,marking  ] GC(1198) Concurrent Clear Claimed Marks 0.042ms
[569.430s][info][gc,marking  ] GC(1198) Concurrent Cleanup for Next Mark
[569.438s][info][gc,marking  ] GC(1198) Concurrent Cleanup for Next Mark 8.188ms
[569.438s][info][gc          ] GC(1198) Concurrent Mark Cycle 337.606ms
[569.712s][info][gc,start    ] GC(1199) Pause Young (Prepare Mixed) (G1 Evacuation Pause)
[569.712s][info][gc,task     ] GC(1199) Using 2 workers of 2 for evacuation
[569.771s][info][gc,phases   ] GC(1199)   Pre Evacuate Collection Set: 0.23ms
[569.771s][info][gc,phases   ] GC(1199)   Merge Heap Roots: 0.74ms
[569.771s][info][gc,phases   ] GC(1199)   Evacuate Collection Set: 57.76ms
[569.771s][info][gc,phases   ] GC(1199)   Post Evacuate Collection Set: 0.46ms
[569.771s][info][gc,phases   ] GC(1199)   Other: 0.07ms
[569.771s][info][gc,heap     ] GC(1199) Eden regions: 101->0(78)
[569.771s][info][gc,heap     ] GC(1199) Survivor regions: 19->15(15)
[569.771s][info][gc,heap     ] GC(1199) Old regions: 94->125
[569.771s][info][gc,heap     ] GC(1199) Humongous regions: 3->3
[569.771s][info][gc,metaspace] GC(1199) Metaspace: 43130K(43584K)->43130K(43584K) NonClass: 38782K(39040K)->38782K(39040K) Class: 4348K(4544K)->4348K(4544K)
[569.771s][info][gc          ] GC(1199) Pause Young (Prepare Mixed) (G1 Evacuation Pause) 216M->142M(264M) 59.472ms
[569.771s][info][gc,cpu      ] GC(1199) User=0.11s Sys=0.00s Real=0.06s
[570.145s][info][gc,start    ] GC(1200) Pause Young (Mixed) (G1 Evacuation Pause)
[570.145s][info][gc,task     ] GC(1200) Using 2 workers of 2 for evacuation
[570.195s][info][gc,phases   ] GC(1200)   Pre Evacuate Collection Set: 0.16ms
[570.195s][info][gc,phases   ] GC(1200)   Merge Heap Roots: 0.26ms
[570.195s][info][gc,phases   ] GC(1200)   Evacuate Collection Set: 48.29ms
[570.195s][info][gc,phases   ] GC(1200)   Post Evacuate Collection Set: 0.55ms
[570.195s][info][gc,phases   ] GC(1200)   Other: 0.07ms
[570.195s][info][gc,heap     ] GC(1200) Eden regions: 78->0(62)
[570.195s][info][gc,heap     ] GC(1200) Survivor regions: 15->12(12)
[570.195s][info][gc,heap     ] GC(1200) Old regions: 125->147
[570.195s][info][gc,heap     ] GC(1200) Humongous regions: 5->3
[570.195s][info][gc,metaspace] GC(1200) Metaspace: 43130K(43584K)->43130K(43584K) NonClass: 38782K(39040K)->38782K(39040K) Class: 4348K(4544K)->4348K(4544K)
[570.195s][info][gc          ] GC(1200) Pause Young (Mixed) (G1 Evacuation Pause) 222M->161M(264M) 49.507ms
[570.195s][info][gc,cpu      ] GC(1200) User=0.10s Sys=0.00s Real=0.05s
[570.443s][info][gc,start    ] GC(1201) Pause Young (Concurrent Start) (G1 Evacuation Pause)
[570.443s][info][gc,task     ] GC(1201) Using 2 workers of 2 for evacuation
[570.466s][info][gc,phases   ] GC(1201)   Pre Evacuate Collection Set: 0.19ms
[570.466s][info][gc,phases   ] GC(1201)   Merge Heap Roots: 0.11ms
[570.466s][info][gc,phases   ] GC(1201)   Evacuate Collection Set: 21.86ms
[570.466s][info][gc,phases   ] GC(1201)   Post Evacuate Collection Set: 0.37ms
[570.466s][info][gc,phases   ] GC(1201)   Other: 0.17ms
[570.466s][info][gc,heap     ] GC(1201) Eden regions: 62->0(60)
[570.466s][info][gc,heap     ] GC(1201) Survivor regions: 12->9(10)
[570.466s][info][gc,heap     ] GC(1201) Old regions: 147->157
[570.466s][info][gc,heap     ] GC(1201) Humongous regions: 3->3
[570.466s][info][gc,metaspace] GC(1201) Metaspace: 43130K(43584K)->43130K(43584K) NonClass: 38782K(39040K)->38782K(39040K) Class: 4348K(4544K)->4348K(4544K)
[570.466s][info][gc          ] GC(1201) Pause Young (Concurrent Start) (G1 Evacuation Pause) 223M->168M(264M) 22.880ms
[570.466s][info][gc          ] GC(1202) Concurrent Mark Cycle
[570.466s][info][gc,marking  ] GC(1202) Concurrent Scan Root Regions
[570.466s][info][gc,cpu      ] GC(1201) User=0.05s Sys=0.00s Real=0.02s
[570.489s][info][gc,marking  ] GC(1202) Concurrent Scan Root Regions 22.897ms
[570.489s][info][gc,marking  ] GC(1202) Concurrent Mark
[570.489s][info][gc,marking  ] GC(1202) Concurrent Mark From Roots
[570.489s][info][gc,task     ] GC(1202) Using 1 workers of 1 for marking
[570.639s][info][gc,marking  ] GC(1202) Concurrent Mark From Roots 149.457ms
[570.639s][info][gc,marking  ] GC(1202) Concurrent Preclean
[570.639s][info][gc,marking  ] GC(1202) Concurrent Preclean 0.036ms
[570.639s][info][gc,start    ] GC(1202) Pause Remark
[570.656s][info][gc          ] GC(1202) Pause Remark 205M->205M(285M) 17.503ms
[570.656s][info][gc,cpu      ] GC(1202) User=0.03s Sys=0.00s Real=0.02s
[570.657s][info][gc,marking  ] GC(1202) Concurrent Mark 167.290ms
[570.657s][info][gc,marking  ] GC(1202) Concurrent Rebuild Remembered Sets and Scrub Regions
[570.733s][info][gc,marking  ] GC(1202) Concurrent Rebuild Remembered Sets and Scrub Regions 76.792ms
[570.734s][info][gc,start    ] GC(1202) Pause Cleanup
[570.734s][info][gc          ] GC(1202) Pause Cleanup 218M->218M(285M) 0.083ms
[570.734s][info][gc,cpu      ] GC(1202) User=0.00s Sys=0.00s Real=0.00s
[570.734s][info][gc,marking  ] GC(1202) Concurrent Clear Claimed Marks
[570.734s][info][gc,marking  ] GC(1202) Concurrent Clear Claimed Marks 0.039ms
[570.734s][info][gc,marking  ] GC(1202) Concurrent Cleanup for Next Mark
[570.735s][info][gc,marking  ] GC(1202) Concurrent Cleanup for Next Mark 1.270ms
[570.735s][info][gc          ] GC(1202) Concurrent Mark Cycle 268.735ms
[570.775s][info][gc,start    ] GC(1203) Pause Young (Prepare Mixed) (G1 Evacuation Pause)
[570.775s][info][gc,task     ] GC(1203) Using 2 workers of 2 for evacuation
[570.794s][info][gc,phases   ] GC(1203)   Pre Evacuate Collection Set: 0.15ms
[570.794s][info][gc,phases   ] GC(1203)   Merge Heap Roots: 0.07ms
[570.794s][info][gc,phases   ] GC(1203)   Evacuate Collection Set: 18.20ms
[570.794s][info][gc,phases   ] GC(1203)   Post Evacuate Collection Set: 0.36ms
[570.794s][info][gc,phases   ] GC(1203)   Other: 0.08ms
[570.794s][info][gc,heap     ] GC(1203) Eden regions: 60->0(69)
[570.794s][info][gc,heap     ] GC(1203) Survivor regions: 9->9(9)
[570.794s][info][gc,heap     ] GC(1203) Old regions: 157->166
[570.794s][info][gc,heap     ] GC(1203) Humongous regions: 7->3
[570.794s][info][gc,metaspace] GC(1203) Metaspace: 43130K(43584K)->43130K(43584K) NonClass: 38782K(39040K)->38782K(39040K) Class: 4348K(4544K)->4348K(4544K)
[570.794s][info][gc          ] GC(1203) Pause Young (Prepare Mixed) (G1 Evacuation Pause) 232M->178M(285M) 19.037ms
[570.794s][info][gc,cpu      ] GC(1203) User=0.04s Sys=0.00s Real=0.02s
[571.084s][info][gc,start    ] GC(1204) Pause Young (Mixed) (G1 Evacuation Pause)
[571.084s][info][gc,task     ] GC(1204) Using 2 workers of 2 for evacuation
[571.105s][info][gc,phases   ] GC(1204)   Pre Evacuate Collection Set: 0.17ms
[571.105s][info][gc,phases   ] GC(1204)   Merge Heap Roots: 0.17ms
[571.105s][info][gc,phases   ] GC(1204)   Evacuate Collection Set: 19.00ms
[571.105s][info][gc,phases   ] GC(1204)   Post Evacuate Collection Set: 1.44ms
[571.105s][info][gc,phases   ] GC(1204)   Other: 0.08ms
[571.105s][info][gc,heap     ] GC(1204) Eden regions: 69->0(187)
[571.105s][info][gc,heap     ] GC(1204) Survivor regions: 9->8(10)
[571.105s][info][gc,heap     ] GC(1204) Old regions: 166->146
[571.105s][info][gc,heap     ] GC(1204) Humongous regions: 5->3
[571.105s][info][gc,metaspace] GC(1204) Metaspace: 43130K(43584K)->43130K(43584K) NonClass: 38782K(39040K)->38782K(39040K) Class: 4348K(4544K)->4348K(4544K)
[571.105s][info][gc          ] GC(1204) Pause Young (Mixed) (G1 Evacuation Pause) 249M->156M(434M) 21.039ms
[571.105s][info][gc,cpu      ] GC(1204) User=0.04s Sys=0.00s Real=0.02s
[571.805s][info][gc,start    ] GC(1205) Pause Young (Mixed) (G1 Evacuation Pause)
[571.805s][info][gc,task     ] GC(1205) Using 2 workers of 2 for evacuation
[571.856s][info][gc,phases   ] GC(1205)   Pre Evacuate Collection Set: 0.26ms
[571.856s][info][gc,phases   ] GC(1205)   Merge Heap Roots: 0.38ms
[571.856s][info][gc,phases   ] GC(1205)   Evacuate Collection Set: 49.43ms
[571.856s][info][gc,phases   ] GC(1205)   Post Evacuate Collection Set: 0.59ms
[571.856s][info][gc,phases   ] GC(1205)   Other: 0.08ms
[571.856s][info][gc,heap     ] GC(1205) Eden regions: 187->0(174)
[571.856s][info][gc,heap     ] GC(1205) Survivor regions: 8->25(25)
[571.856s][info][gc,heap     ] GC(1205) Old regions: 146->134
[571.856s][info][gc,heap     ] GC(1205) Humongous regions: 10->4
[571.856s][info][gc,metaspace] GC(1205) Metaspace: 43130K(43584K)->43130K(43584K) NonClass: 38782K(39040K)->38782K(39040K) Class: 4348K(4544K)->4348K(4544K)
[571.856s][info][gc          ] GC(1205) Pause Young (Mixed) (G1 Evacuation Pause) 350M->162M(434M) 50.971ms
[571.856s][info][gc,cpu      ] GC(1205) User=0.10s Sys=0.00s Real=0.05s
[572.433s][info][gc,start    ] GC(1206) Pause Young (Mixed) (G1 Evacuation Pause)
[572.433s][info][gc,task     ] GC(1206) Using 2 workers of 2 for evacuation
[572.474s][info][gc,phases   ] GC(1206)   Pre Evacuate Collection Set: 0.31ms
[572.474s][info][gc,phases   ] GC(1206)   Merge Heap Roots: 0.55ms
[572.474s][info][gc,phases   ] GC(1206)   Evacuate Collection Set: 38.96ms
[572.474s][info][gc,phases   ] GC(1206)   Post Evacuate Collection Set: 0.47ms
[572.474s][info][gc,phases   ] GC(1206)   Other: 0.07ms
[572.474s][info][gc,heap     ] GC(1206) Eden regions: 174->0(183)
[572.474s][info][gc,heap     ] GC(1206) Survivor regions: 25->10(25)
[572.474s][info][gc,heap     ] GC(1206) Old regions: 134->150
[572.474s][info][gc,heap     ] GC(1206) Humongous regions: 5->4
[572.474s][info][gc,metaspace] GC(1206) Metaspace: 43131K(43584K)->43131K(43584K) NonClass: 38783K(39040K)->38783K(39040K) Class: 4348K(4544K)->4348K(4544K)
[572.474s][info][gc          ] GC(1206) Pause Young (Mixed) (G1 Evacuation Pause) 337M->163M(434M) 40.573ms
[572.474s][info][gc,cpu      ] GC(1206) User=0.08s Sys=0.00s Real=0.04s
[572.617s][info][gc,start    ] GC(1207) Pause Young (Concurrent Start) (G1 Humongous Allocation)
[572.617s][info][gc,task     ] GC(1207) Using 2 workers of 2 for evacuation
[572.639s][info][gc,phases   ] GC(1207)   Pre Evacuate Collection Set: 0.24ms
[572.639s][info][gc,phases   ] GC(1207)   Merge Heap Roots: 0.07ms
[572.639s][info][gc,phases   ] GC(1207)   Evacuate Collection Set: 20.94ms
[572.639s][info][gc,phases   ] GC(1207)   Post Evacuate Collection Set: 0.37ms
[572.639s][info][gc,phases   ] GC(1207)   Other: 0.09ms
[572.639s][info][gc,heap     ] GC(1207) Eden regions: 43->0(121)
[572.639s][info][gc,heap     ] GC(1207) Survivor regions: 10->25(25)
[572.639s][info][gc,heap     ] GC(1207) Old regions: 150->158
[572.639s][info][gc,heap     ] GC(1207) Humongous regions: 4->4
[572.639s][info][gc,metaspace] GC(1207) Metaspace: 43131K(43584K)->43131K(43584K) NonClass: 38783K(39040K)->38783K(39040K) Class: 4348K(4544K)->4348K(4544K)
[572.639s][info][gc          ] GC(1207) Pause Young (Concurrent Start) (G1 Humongous Allocation) 206M->186M(434M) 21.949ms
[572.639s][info][gc,cpu      ] GC(1207) User=0.04s Sys=0.00s Real=0.03s
[572.639s][info][gc          ] GC(1208) Concurrent Mark Cycle
[572.639s][info][gc,marking  ] GC(1208) Concurrent Scan Root Regions
[572.654s][info][gc,marking  ] GC(1208) Concurrent Scan Root Regions 14.392ms
[572.654s][info][gc,marking  ] GC(1208) Concurrent Mark
[572.654s][info][gc,marking  ] GC(1208) Concurrent Mark From Roots
[572.654s][info][gc,task     ] GC(1208) Using 1 workers of 1 for marking
[572.756s][info][gc,marking  ] GC(1208) Concurrent Mark From Roots 102.631ms
[572.757s][info][gc,marking  ] GC(1208) Concurrent Preclean
[572.757s][info][gc,marking  ] GC(1208) Concurrent Preclean 0.047ms
[572.757s][info][gc,start    ] GC(1208) Pause Remark
[572.774s][info][gc          ] GC(1208) Pause Remark 215M->207M(434M) 17.288ms
[572.774s][info][gc,cpu      ] GC(1208) User=0.03s Sys=0.00s Real=0.02s
[572.774s][info][gc,marking  ] GC(1208) Concurrent Mark 120.189ms
[572.774s][info][gc,marking  ] GC(1208) Concurrent Rebuild Remembered Sets and Scrub Regions
[572.825s][info][gc,marking  ] GC(1208) Concurrent Rebuild Remembered Sets and Scrub Regions 50.712ms
[572.825s][info][gc,start    ] GC(1208) Pause Cleanup
[572.825s][info][gc          ] GC(1208) Pause Cleanup 222M->222M(434M) 0.066ms
[572.825s][info][gc,cpu      ] GC(1208) User=0.00s Sys=0.00s Real=0.00s
[572.825s][info][gc,marking  ] GC(1208) Concurrent Clear Claimed Marks
[572.825s][info][gc,marking  ] GC(1208) Concurrent Clear Claimed Marks 0.040ms
[572.825s][info][gc,marking  ] GC(1208) Concurrent Cleanup for Next Mark
[572.828s][info][gc,marking  ] GC(1208) Concurrent Cleanup for Next Mark 2.930ms
[572.828s][info][gc          ] GC(1208) Concurrent Mark Cycle 188.735ms
[573.089s][info][gc,start    ] GC(1209) Pause Young (Prepare Mixed) (G1 Evacuation Pause)
[573.089s][info][gc,task     ] GC(1209) Using 2 workers of 2 for evacuation
[573.121s][info][gc,phases   ] GC(1209)   Pre Evacuate Collection Set: 0.23ms
[573.121s][info][gc,phases   ] GC(1209)   Merge Heap Roots: 0.16ms
[573.121s][info][gc,phases   ] GC(1209)   Evacuate Collection Set: 31.11ms
[573.121s][info][gc,phases   ] GC(1209)   Post Evacuate Collection Set: 0.40ms
[573.121s][info][gc,phases   ] GC(1209)   Other: 0.08ms
[573.121s][info][gc,heap     ] GC(1209) Eden regions: 121->0(116)
[573.121s][info][gc,heap     ] GC(1209) Survivor regions: 25->19(19)
[573.121s][info][gc,heap     ] GC(1209) Old regions: 150->179
[573.121s][info][gc,heap     ] GC(1209) Humongous regions: 6->5
[573.121s][info][gc,metaspace] GC(1209) Metaspace: 43131K(43584K)->43131K(43584K) NonClass: 38783K(39040K)->38783K(39040K) Class: 4348K(4544K)->4348K(4544K)
[573.121s][info][gc          ] GC(1209) Pause Young (Prepare Mixed) (G1 Evacuation Pause) 301M->202M(434M) 32.217ms
[573.121s][info][gc,cpu      ] GC(1209) User=0.06s Sys=0.00s Real=0.04s
[573.525s][info][gc,start    ] GC(1210) Pause Young (Mixed) (G1 Evacuation Pause)
[573.525s][info][gc,task     ] GC(1210) Using 2 workers of 2 for evacuation
[573.585s][info][gc,phases   ] GC(1210)   Pre Evacuate Collection Set: 0.22ms
[573.585s][info][gc,phases   ] GC(1210)   Merge Heap Roots: 0.19ms
[573.585s][info][gc,phases   ] GC(1210)   Evacuate Collection Set: 58.62ms
[573.585s][info][gc,phases   ] GC(1210)   Post Evacuate Collection Set: 0.60ms
[573.585s][info][gc,phases   ] GC(1210)   Other: 0.08ms
[573.585s][info][gc,heap     ] GC(1210) Eden regions: 116->0(97)
[573.585s][info][gc,heap     ] GC(1210) Survivor regions: 19->17(17)
[573.585s][info][gc,heap     ] GC(1210) Old regions: 179->194
[573.585s][info][gc,heap     ] GC(1210) Humongous regions: 5->5
[573.585s][info][gc,metaspace] GC(1210) Metaspace: 43131K(43584K)->43131K(43584K) NonClass: 38783K(39040K)->38783K(39040K) Class: 4348K(4544K)->4348K(4544K)
[573.585s][info][gc          ] GC(1210) Pause Young (Mixed) (G1 Evacuation Pause) 318M->216M(434M) 59.941ms
[573.585s][info][gc,cpu      ] GC(1210) User=0.12s Sys=0.00s Real=0.06s
[573.965s][info][gc,start    ] GC(1211) Pause Young (Mixed) (G1 Evacuation Pause)
[573.965s][info][gc,task     ] GC(1211) Using 2 workers of 2 for evacuation
[574.027s][info][gc,phases   ] GC(1211)   Pre Evacuate Collection Set: 0.29ms
[574.027s][info][gc,phases   ] GC(1211)   Merge Heap Roots: 0.50ms
[574.027s][info][gc,phases   ] GC(1211)   Evacuate Collection Set: 61.47ms
[574.027s][info][gc,phases   ] GC(1211)   Post Evacuate Collection Set: 0.49ms
[574.027s][info][gc,phases   ] GC(1211)   Other: 0.07ms
[574.027s][info][gc,heap     ] GC(1211) Eden regions: 97->0(72)
[574.028s][info][gc,heap     ] GC(1211) Survivor regions: 17->15(15)
[574.028s][info][gc,heap     ] GC(1211) Old regions: 194->241
[574.028s][info][gc,heap     ] GC(1211) Humongous regions: 6->6
[574.028s][info][gc,metaspace] GC(1211) Metaspace: 43131K(43584K)->43131K(43584K) NonClass: 38783K(39040K)->38783K(39040K) Class: 4348K(4544K)->4348K(4544K)
[574.028s][info][gc          ] GC(1211) Pause Young (Mixed) (G1 Evacuation Pause) 314M->261M(434M) 63.050ms
[574.028s][info][gc,cpu      ] GC(1211) User=0.12s Sys=0.00s Real=0.06s
[574.314s][info][gc,start    ] GC(1212) Pause Young (Concurrent Start) (G1 Evacuation Pause)
[574.314s][info][gc,task     ] GC(1212) Using 2 workers of 2 for evacuation
[574.358s][info][gc,phases   ] GC(1212)   Pre Evacuate Collection Set: 0.23ms
[574.358s][info][gc,phases   ] GC(1212)   Merge Heap Roots: 0.27ms
[574.358s][info][gc,phases   ] GC(1212)   Evacuate Collection Set: 43.31ms
[574.358s][info][gc,phases   ] GC(1212)   Post Evacuate Collection Set: 0.45ms
[574.359s][info][gc,phases   ] GC(1212)   Other: 0.10ms
[574.359s][info][gc,heap     ] GC(1212) Eden regions: 72->0(54)
[574.359s][info][gc,heap     ] GC(1212) Survivor regions: 15->11(11)
[574.359s][info][gc,heap     ] GC(1212) Old regions: 241->283
[574.359s][info][gc,heap     ] GC(1212) Humongous regions: 6->6
[574.359s][info][gc,metaspace] GC(1212) Metaspace: 43131K(43584K)->43131K(43584K) NonClass: 38783K(39040K)->38783K(39040K) Class: 4348K(4544K)->4348K(4544K)
[574.359s][info][gc          ] GC(1212) Pause Young (Concurrent Start) (G1 Evacuation Pause) 333M->299M(434M) 44.603ms
[574.359s][info][gc          ] GC(1213) Concurrent Mark Cycle
[574.359s][info][gc,marking  ] GC(1213) Concurrent Scan Root Regions
[574.361s][info][gc,cpu      ] GC(1212) User=0.09s Sys=0.00s Real=0.05s
[574.382s][info][gc,marking  ] GC(1213) Concurrent Scan Root Regions 23.607ms
[574.382s][info][gc,marking  ] GC(1213) Concurrent Mark
[574.382s][info][gc,marking  ] GC(1213) Concurrent Mark From Roots
[574.382s][info][gc,task     ] GC(1213) Using 1 workers of 1 for marking
[574.506s][info][gc,marking  ] GC(1213) Concurrent Mark From Roots 123.884ms
[574.506s][info][gc,marking  ] GC(1213) Concurrent Preclean
[574.506s][info][gc,marking  ] GC(1213) Concurrent Preclean 0.040ms
[574.506s][info][gc,start    ] GC(1213) Pause Remark
[574.524s][info][gc          ] GC(1213) Pause Remark 335M->294M(434M) 17.385ms
[574.524s][info][gc,cpu      ] GC(1213) User=0.03s Sys=0.00s Real=0.02s
[574.526s][info][gc,marking  ] GC(1213) Concurrent Mark 143.756ms
[574.526s][info][gc,marking  ] GC(1213) Concurrent Rebuild Remembered Sets and Scrub Regions
[574.587s][info][gc,start    ] GC(1214) Pause Young (Normal) (G1 Evacuation Pause)
[574.587s][info][gc,task     ] GC(1214) Using 2 workers of 2 for evacuation
[574.617s][info][gc,phases   ] GC(1214)   Pre Evacuate Collection Set: 0.18ms
[574.617s][info][gc,phases   ] GC(1214)   Merge Heap Roots: 0.20ms
[574.617s][info][gc,phases   ] GC(1214)   Evacuate Collection Set: 27.92ms
[574.617s][info][gc,phases   ] GC(1214)   Post Evacuate Collection Set: 0.95ms
[574.617s][info][gc,phases   ] GC(1214)   Other: 0.11ms
[574.617s][info][gc,heap     ] GC(1214) Eden regions: 54->0(99)
[574.617s][info][gc,heap     ] GC(1214) Survivor regions: 11->9(9)
[574.617s][info][gc,heap     ] GC(1214) Old regions: 244->271
[574.617s][info][gc,heap     ] GC(1214) Humongous regions: 4->4
[574.617s][info][gc,metaspace] GC(1214) Metaspace: 43131K(43584K)->43131K(43584K) NonClass: 38783K(39040K)->38783K(39040K) Class: 4348K(4544K)->4348K(4544K)
[574.617s][info][gc          ] GC(1214) Pause Young (Normal) (G1 Evacuation Pause) 312M->284M(509M) 29.557ms
[574.617s][info][gc,cpu      ] GC(1214) User=0.06s Sys=0.00s Real=0.03s
[574.641s][info][gc,marking  ] GC(1213) Concurrent Rebuild Remembered Sets and Scrub Regions 114.508ms
[574.641s][info][gc,start    ] GC(1213) Pause Cleanup
[574.641s][info][gc          ] GC(1213) Pause Cleanup 290M->290M(509M) 0.093ms
[574.641s][info][gc,cpu      ] GC(1213) User=0.00s Sys=0.00s Real=0.00s
[574.641s][info][gc,marking  ] GC(1213) Concurrent Clear Claimed Marks
[574.641s][info][gc,marking  ] GC(1213) Concurrent Clear Claimed Marks 0.041ms
[574.641s][info][gc,marking  ] GC(1213) Concurrent Cleanup for Next Mark
[574.643s][info][gc,marking  ] GC(1213) Concurrent Cleanup for Next Mark 2.319ms
[574.643s][info][gc          ] GC(1213) Concurrent Mark Cycle 284.647ms
[575.035s][info][gc,start    ] GC(1215) Pause Young (Prepare Mixed) (G1 Evacuation Pause)
[575.035s][info][gc,task     ] GC(1215) Using 2 workers of 2 for evacuation
[575.081s][info][gc,phases   ] GC(1215)   Pre Evacuate Collection Set: 0.23ms
[575.081s][info][gc,phases   ] GC(1215)   Merge Heap Roots: 0.19ms
[575.081s][info][gc,phases   ] GC(1215)   Evacuate Collection Set: 44.78ms
[575.081s][info][gc,phases   ] GC(1215)   Post Evacuate Collection Set: 0.46ms
[575.081s][info][gc,phases   ] GC(1215)   Other: 0.11ms
[575.081s][info][gc,heap     ] GC(1215) Eden regions: 99->0(69)
[575.081s][info][gc,heap     ] GC(1215) Survivor regions: 9->14(14)
[575.081s][info][gc,heap     ] GC(1215) Old regions: 271->321
[575.081s][info][gc,heap     ] GC(1215) Humongous regions: 4->4
[575.081s][info][gc,metaspace] GC(1215) Metaspace: 43131K(43584K)->43131K(43584K) NonClass: 38783K(39040K)->38783K(39040K) Class: 4348K(4544K)->4348K(4544K)
[575.081s][info][gc          ] GC(1215) Pause Young (Prepare Mixed) (G1 Evacuation Pause) 383M->338M(509M) 46.008ms
[575.081s][info][gc,cpu      ] GC(1215) User=0.09s Sys=0.00s Real=0.05s
[575.341s][info][gc,start    ] GC(1216) Pause Young (Mixed) (G1 Evacuation Pause)
[575.342s][info][gc,task     ] GC(1216) Using 2 workers of 2 for evacuation
[575.387s][info][gc,phases   ] GC(1216)   Pre Evacuate Collection Set: 0.32ms
[575.388s][info][gc,phases   ] GC(1216)   Merge Heap Roots: 0.41ms
[575.388s][info][gc,phases   ] GC(1216)   Evacuate Collection Set: 44.59ms
[575.388s][info][gc,phases   ] GC(1216)   Post Evacuate Collection Set: 0.53ms
[575.388s][info][gc,phases   ] GC(1216)   Other: 0.07ms
[575.388s][info][gc,heap     ] GC(1216) Eden regions: 69->0(76)
[575.388s][info][gc,heap     ] GC(1216) Survivor regions: 14->11(11)
[575.388s][info][gc,heap     ] GC(1216) Old regions: 321->312
[575.388s][info][gc,heap     ] GC(1216) Humongous regions: 5->5
[575.388s][info][gc,metaspace] GC(1216) Metaspace: 43131K(43584K)->43131K(43584K) NonClass: 38783K(39040K)->38783K(39040K) Class: 4348K(4544K)->4348K(4544K)
[575.388s][info][gc          ] GC(1216) Pause Young (Mixed) (G1 Evacuation Pause) 408M->328M(509M) 46.141ms
[575.388s][info][gc,cpu      ] GC(1216) User=0.09s Sys=0.00s Real=0.04s
[575.672s][info][gc,start    ] GC(1217) Pause Young (Mixed) (G1 Evacuation Pause)
[575.672s][info][gc,task     ] GC(1217) Using 2 workers of 2 for evacuation
[575.738s][info][gc,phases   ] GC(1217)   Pre Evacuate Collection Set: 0.22ms
[575.738s][info][gc,phases   ] GC(1217)   Merge Heap Roots: 0.63ms
[575.738s][info][gc,phases   ] GC(1217)   Evacuate Collection Set: 64.98ms
[575.738s][info][gc,phases   ] GC(1217)   Post Evacuate Collection Set: 0.59ms
[575.738s][info][gc,phases   ] GC(1217)   Other: 0.09ms
[575.738s][info][gc,heap     ] GC(1217) Eden regions: 76->0(68)
[575.738s][info][gc,heap     ] GC(1217) Survivor regions: 11->11(11)
[575.738s][info][gc,heap     ] GC(1217) Old regions: 312->320
[575.738s][info][gc,heap     ] GC(1217) Humongous regions: 5->5
[575.738s][info][gc,metaspace] GC(1217) Metaspace: 43131K(43584K)->43131K(43584K) NonClass: 38783K(39040K)->38783K(39040K) Class: 4348K(4544K)->4348K(4544K)
[575.738s][info][gc          ] GC(1217) Pause Young (Mixed) (G1 Evacuation Pause) 404M->335M(509M) 66.727ms
[575.738s][info][gc,cpu      ] GC(1217) User=0.14s Sys=0.00s Real=0.06s
[576.007s][info][gc,start    ] GC(1218) Pause Young (Mixed) (G1 Evacuation Pause)
[576.007s][info][gc,task     ] GC(1218) Using 2 workers of 2 for evacuation
[576.061s][info][gc,phases   ] GC(1218)   Pre Evacuate Collection Set: 0.22ms
[576.061s][info][gc,phases   ] GC(1218)   Merge Heap Roots: 0.67ms
[576.061s][info][gc,phases   ] GC(1218)   Evacuate Collection Set: 53.28ms
[576.061s][info][gc,phases   ] GC(1218)   Post Evacuate Collection Set: 0.39ms
[576.061s][info][gc,phases   ] GC(1218)   Other: 0.07ms
[576.061s][info][gc,heap     ] GC(1218) Eden regions: 68->0(54)
[576.061s][info][gc,heap     ] GC(1218) Survivor regions: 11->10(10)
[576.061s][info][gc,heap     ] GC(1218) Old regions: 320->355
[576.061s][info][gc,heap     ] GC(1218) Humongous regions: 6->6
[576.062s][info][gc,metaspace] GC(1218) Metaspace: 43131K(43584K)->43131K(43584K) NonClass: 38783K(39040K)->38783K(39040K) Class: 4348K(4544K)->4348K(4544K)
[576.062s][info][gc          ] GC(1218) Pause Young (Mixed) (G1 Evacuation Pause) 404M->370M(509M) 54.847ms
[576.062s][info][gc,cpu      ] GC(1218) User=0.11s Sys=0.00s Real=0.06s
[576.248s][info][gc,start    ] GC(1219) Pause Young (Concurrent Start) (G1 Evacuation Pause)
[576.248s][info][gc,task     ] GC(1219) Using 2 workers of 2 for evacuation
[576.286s][info][gc,phases   ] GC(1219)   Pre Evacuate Collection Set: 0.28ms
[576.286s][info][gc,phases   ] GC(1219)   Merge Heap Roots: 0.13ms
[576.286s][info][gc,phases   ] GC(1219)   Evacuate Collection Set: 36.73ms
[576.286s][info][gc,phases   ] GC(1219)   Post Evacuate Collection Set: 1.09ms
[576.286s][info][gc,phases   ] GC(1219)   Other: 0.10ms
[576.286s][info][gc,heap     ] GC(1219) Eden regions: 54->0(72)
[576.286s][info][gc,heap     ] GC(1219) Survivor regions: 10->8(8)
[576.286s][info][gc,heap     ] GC(1219) Old regions: 355->399
[576.286s][info][gc,heap     ] GC(1219) Humongous regions: 6->6
[576.286s][info][gc,metaspace] GC(1219) Metaspace: 43131K(43584K)->43131K(43584K) NonClass: 38783K(39040K)->38783K(39040K) Class: 4348K(4544K)->4348K(4544K)
[576.286s][info][gc          ] GC(1219) Pause Young (Concurrent Start) (G1 Evacuation Pause) 424M->412M(602M) 38.558ms
[576.286s][info][gc,cpu      ] GC(1219) User=0.08s Sys=0.00s Real=0.04s
[576.286s][info][gc          ] GC(1220) Concurrent Mark Cycle
[576.286s][info][gc,marking  ] GC(1220) Concurrent Scan Root Regions
[576.309s][info][gc,marking  ] GC(1220) Concurrent Scan Root Regions 22.392ms
[576.309s][info][gc,marking  ] GC(1220) Concurrent Mark
[576.309s][info][gc,marking  ] GC(1220) Concurrent Mark From Roots
[576.309s][info][gc,task     ] GC(1220) Using 1 workers of 1 for marking
[576.427s][info][gc,marking  ] GC(1220) Concurrent Mark From Roots 118.485ms
[576.427s][info][gc,marking  ] GC(1220) Concurrent Preclean
[576.427s][info][gc,marking  ] GC(1220) Concurrent Preclean 0.095ms
[576.428s][info][gc,start    ] GC(1220) Pause Remark
[576.454s][info][metaspace   ] ChkMgr @0x00007f9324162700 (non-class-space): : reclaiming memory...
[576.454s][info][metaspace   ] ChkMgr @0x00007f9324162700 (non-class-space): nothing reclaimed.
[576.454s][info][metaspace   ] ChkMgr @0x00007f9324160810 (class-space): : reclaiming memory...
[576.454s][info][metaspace   ] ChkMgr @0x00007f9324160810 (class-space): nothing reclaimed.
[576.454s][info][gc          ] GC(1220) Pause Remark 443M->318M(602M) 25.807ms
[576.454s][info][gc,cpu      ] GC(1220) User=0.05s Sys=0.00s Real=0.03s
[576.456s][info][gc,marking  ] GC(1220) Concurrent Mark 147.208ms
[576.456s][info][gc,marking  ] GC(1220) Concurrent Rebuild Remembered Sets and Scrub Regions
[576.538s][info][gc,marking  ] GC(1220) Concurrent Rebuild Remembered Sets and Scrub Regions 82.115ms
[576.538s][info][gc,start    ] GC(1220) Pause Cleanup
[576.539s][info][gc          ] GC(1220) Pause Cleanup 332M->332M(602M) 0.137ms
[576.539s][info][gc,cpu      ] GC(1220) User=0.00s Sys=0.00s Real=0.00s
[576.539s][info][gc,marking  ] GC(1220) Concurrent Clear Claimed Marks
[576.539s][info][gc,marking  ] GC(1220) Concurrent Clear Claimed Marks 0.044ms
[576.539s][info][gc,marking  ] GC(1220) Concurrent Cleanup for Next Mark
[576.541s][info][gc,marking  ] GC(1220) Concurrent Cleanup for Next Mark 2.812ms
[576.542s][info][gc          ] GC(1220) Concurrent Mark Cycle 255.225ms
[576.689s][info][gc,start    ] GC(1221) Pause Young (Prepare Mixed) (G1 Evacuation Pause)
[576.689s][info][gc,task     ] GC(1221) Using 2 workers of 2 for evacuation
[576.733s][info][gc,phases   ] GC(1221)   Pre Evacuate Collection Set: 0.27ms
[576.733s][info][gc,phases   ] GC(1221)   Merge Heap Roots: 0.38ms
[576.733s][info][gc,phases   ] GC(1221)   Evacuate Collection Set: 42.80ms
[576.733s][info][gc,phases   ] GC(1221)   Post Evacuate Collection Set: 0.45ms
[576.733s][info][gc,phases   ] GC(1221)   Other: 0.08ms
[576.733s][info][gc,heap     ] GC(1221) Eden regions: 72->0(110)
[576.733s][info][gc,heap     ] GC(1221) Survivor regions: 8->10(10)
[576.733s][info][gc,heap     ] GC(1221) Old regions: 276->310
[576.733s][info][gc,heap     ] GC(1221) Humongous regions: 5->5
[576.733s][info][gc,metaspace] GC(1221) Metaspace: 43076K(43584K)->43076K(43584K) NonClass: 38728K(39040K)->38728K(39040K) Class: 4348K(4544K)->4348K(4544K)
[576.733s][info][gc          ] GC(1221) Pause Young (Prepare Mixed) (G1 Evacuation Pause) 360M->325M(602M) 44.241ms
[576.733s][info][gc,cpu      ] GC(1221) User=0.08s Sys=0.00s Real=0.05s
[577.148s][info][gc,start    ] GC(1222) Pause Young (Mixed) (G1 Evacuation Pause)
[577.148s][info][gc,task     ] GC(1222) Using 2 workers of 2 for evacuation
[577.189s][info][gc,phases   ] GC(1222)   Pre Evacuate Collection Set: 0.27ms
[577.189s][info][gc,phases   ] GC(1222)   Merge Heap Roots: 0.33ms
[577.189s][info][gc,phases   ] GC(1222)   Evacuate Collection Set: 39.13ms
[577.189s][info][gc,phases   ] GC(1222)   Post Evacuate Collection Set: 0.53ms
[577.189s][info][gc,phases   ] GC(1222)   Other: 0.10ms
[577.189s][info][gc,heap     ] GC(1222) Eden regions: 110->0(125)
[577.189s][info][gc,heap     ] GC(1222) Survivor regions: 10->15(15)
[577.189s][info][gc,heap     ] GC(1222) Old regions: 310->281
[577.189s][info][gc,heap     ] GC(1222) Humongous regions: 6->5
[577.189s][info][gc,metaspace] GC(1222) Metaspace: 43076K(43584K)->43076K(43584K) NonClass: 38728K(39040K)->38728K(39040K) Class: 4348K(4544K)->4348K(4544K)
[577.189s][info][gc          ] GC(1222) Pause Young (Mixed) (G1 Evacuation Pause) 436M->301M(602M) 40.583ms
[577.189s][info][gc,cpu      ] GC(1222) User=0.08s Sys=0.00s Real=0.04s
[577.632s][info][gc,start    ] GC(1223) Pause Young (Mixed) (G1 Evacuation Pause)
[577.632s][info][gc,task     ] GC(1223) Using 2 workers of 2 for evacuation
[577.660s][info][gc,phases   ] GC(1223)   Pre Evacuate Collection Set: 0.35ms
[577.660s][info][gc,phases   ] GC(1223)   Merge Heap Roots: 0.53ms
[577.660s][info][gc,phases   ] GC(1223)   Evacuate Collection Set: 26.64ms
[577.660s][info][gc,phases   ] GC(1223)   Post Evacuate Collection Set: 0.50ms
[577.660s][info][gc,phases   ] GC(1223)   Other: 0.07ms
[577.660s][info][gc,heap     ] GC(1223) Eden regions: 125->0(154)
[577.660s][info][gc,heap     ] GC(1223) Survivor regions: 15->11(18)
[577.660s][info][gc,heap     ] GC(1223) Old regions: 281->240
[577.660s][info][gc,heap     ] GC(1223) Humongous regions: 5->5
[577.660s][info][gc,metaspace] GC(1223) Metaspace: 43078K(43584K)->43078K(43584K) NonClass: 38729K(39040K)->38729K(39040K) Class: 4348K(4544K)->4348K(4544K)
[577.660s][info][gc          ] GC(1223) Pause Young (Mixed) (G1 Evacuation Pause) 426M->255M(602M) 28.299ms
[577.660s][info][gc,cpu      ] GC(1223) User=0.06s Sys=0.00s Real=0.03s
[578.235s][info][gc,start    ] GC(1224) Pause Young (Normal) (G1 Evacuation Pause)
[578.235s][info][gc,task     ] GC(1224) Using 2 workers of 2 for evacuation
[578.242s][info][gc,phases   ] GC(1224)   Pre Evacuate Collection Set: 0.26ms
[578.242s][info][gc,phases   ] GC(1224)   Merge Heap Roots: 0.09ms
[578.242s][info][gc,phases   ] GC(1224)   Evacuate Collection Set: 5.62ms
[578.242s][info][gc,phases   ] GC(1224)   Post Evacuate Collection Set: 0.44ms
[578.242s][info][gc,phases   ] GC(1224)   Other: 0.08ms
[578.242s][info][gc,heap     ] GC(1224) Eden regions: 154->0(173)
[578.242s][info][gc,heap     ] GC(1224) Survivor regions: 11->7(21)
[578.242s][info][gc,heap     ] GC(1224) Old regions: 240->240
[578.242s][info][gc,heap     ] GC(1224) Humongous regions: 6->5
[578.242s][info][gc,metaspace] GC(1224) Metaspace: 43078K(43584K)->43078K(43584K) NonClass: 38729K(39040K)->38729K(39040K) Class: 4348K(4544K)->4348K(4544K)
[578.242s][info][gc          ] GC(1224) Pause Young (Normal) (G1 Evacuation Pause) 410M->251M(602M) 6.685ms
[578.242s][info][gc,cpu      ] GC(1224) User=0.02s Sys=0.00s Real=0.01s
[578.565s][info][gc,start    ] GC(1225) Pause Young (Concurrent Start) (G1 Humongous Allocation)
[578.565s][info][gc,task     ] GC(1225) Using 2 workers of 2 for evacuation
[578.590s][info][gc,phases   ] GC(1225)   Pre Evacuate Collection Set: 0.27ms
[578.590s][info][gc,phases   ] GC(1225)   Merge Heap Roots: 0.11ms
[578.590s][info][gc,phases   ] GC(1225)   Evacuate Collection Set: 24.69ms
[578.590s][info][gc,phases   ] GC(1225)   Post Evacuate Collection Set: 0.45ms
[578.590s][info][gc,phases   ] GC(1225)   Other: 0.10ms
[578.590s][info][gc,heap     ] GC(1225) Eden regions: 87->0(165)
[578.590s][info][gc,heap     ] GC(1225) Survivor regions: 7->23(23)
[578.590s][info][gc,heap     ] GC(1225) Old regions: 240->255
[578.590s][info][gc,heap     ] GC(1225) Humongous regions: 5->5
[578.590s][info][gc,metaspace] GC(1225) Metaspace: 43078K(43584K)->43078K(43584K) NonClass: 38729K(39040K)->38729K(39040K) Class: 4348K(4544K)->4348K(4544K)
[578.590s][info][gc          ] GC(1225) Pause Young (Concurrent Start) (G1 Humongous Allocation) 338M->282M(602M) 25.874ms
[578.590s][info][gc,cpu      ] GC(1225) User=0.05s Sys=0.00s Real=0.03s
[578.591s][info][gc          ] GC(1226) Concurrent Mark Cycle
[578.591s][info][gc,marking  ] GC(1226) Concurrent Scan Root Regions
[578.607s][info][gc,marking  ] GC(1226) Concurrent Scan Root Regions 16.475ms
[578.607s][info][gc,marking  ] GC(1226) Concurrent Mark
[578.607s][info][gc,marking  ] GC(1226) Concurrent Mark From Roots
[578.607s][info][gc,task     ] GC(1226) Using 1 workers of 1 for marking
[578.687s][info][gc,marking  ] GC(1226) Concurrent Mark From Roots 80.189ms
[578.687s][info][gc,marking  ] GC(1226) Concurrent Preclean
[578.687s][info][gc,marking  ] GC(1226) Concurrent Preclean 0.042ms
[578.688s][info][gc,start    ] GC(1226) Pause Remark
[578.705s][info][gc          ] GC(1226) Pause Remark 303M->179M(534M) 17.317ms
[578.705s][info][gc,cpu      ] GC(1226) User=0.03s Sys=0.00s Real=0.02s
[578.707s][info][gc,marking  ] GC(1226) Concurrent Mark 99.953ms
[578.707s][info][gc,marking  ] GC(1226) Concurrent Rebuild Remembered Sets and Scrub Regions
[578.756s][info][gc,marking  ] GC(1226) Concurrent Rebuild Remembered Sets and Scrub Regions 48.452ms
[578.756s][info][gc,start    ] GC(1226) Pause Cleanup
[578.756s][info][gc          ] GC(1226) Pause Cleanup 191M->191M(534M) 0.076ms
[578.756s][info][gc,cpu      ] GC(1226) User=0.00s Sys=0.00s Real=0.00s
[578.756s][info][gc,marking  ] GC(1226) Concurrent Clear Claimed Marks
[578.756s][info][gc,marking  ] GC(1226) Concurrent Clear Claimed Marks 0.038ms
[578.756s][info][gc,marking  ] GC(1226) Concurrent Cleanup for Next Mark
[578.757s][info][gc,marking  ] GC(1226) Concurrent Cleanup for Next Mark 1.554ms
[578.757s][info][gc          ] GC(1226) Concurrent Mark Cycle 166.879ms
[579.216s][info][gc,start    ] GC(1227) Pause Young (Prepare Mixed) (G1 Evacuation Pause)
[579.216s][info][gc,task     ] GC(1227) Using 2 workers of 2 for evacuation
[579.252s][info][gc,phases   ] GC(1227)   Pre Evacuate Collection Set: 0.25ms
[579.252s][info][gc,phases   ] GC(1227)   Merge Heap Roots: 0.27ms
[579.252s][info][gc,phases   ] GC(1227)   Evacuate Collection Set: 34.65ms
[579.252s][info][gc,phases   ] GC(1227)   Post Evacuate Collection Set: 0.52ms
[579.252s][info][gc,phases   ] GC(1227)   Other: 0.08ms
[579.252s][info][gc,heap     ] GC(1227) Eden regions: 165->0(186)
[579.252s][info][gc,heap     ] GC(1227) Survivor regions: 23->24(24)
[579.252s][info][gc,heap     ] GC(1227) Old regions: 133->156
[579.252s][info][gc,heap     ] GC(1227) Humongous regions: 6->5
[579.252s][info][gc,metaspace] GC(1227) Metaspace: 43078K(43584K)->43078K(43584K) NonClass: 38729K(39040K)->38729K(39040K) Class: 4348K(4544K)->4348K(4544K)
[579.252s][info][gc          ] GC(1227) Pause Young (Prepare Mixed) (G1 Evacuation Pause) 326M->184M(534M) 35.990ms
[579.252s][info][gc,cpu      ] GC(1227) User=0.07s Sys=0.00s Real=0.04s
[579.909s][info][gc,start    ] GC(1228) Pause Young (Mixed) (G1 Evacuation Pause)
[579.909s][info][gc,task     ] GC(1228) Using 2 workers of 2 for evacuation
[579.932s][info][gc,phases   ] GC(1228)   Pre Evacuate Collection Set: 0.25ms
[579.932s][info][gc,phases   ] GC(1228)   Merge Heap Roots: 0.23ms
[579.932s][info][gc,phases   ] GC(1228)   Evacuate Collection Set: 22.37ms
[579.932s][info][gc,phases   ] GC(1228)   Post Evacuate Collection Set: 0.50ms
[579.932s][info][gc,phases   ] GC(1228)   Other: 0.08ms
[579.932s][info][gc,heap     ] GC(1228) Eden regions: 186->0(214)
[579.932s][info][gc,heap     ] GC(1228) Survivor regions: 24->9(27)
[579.932s][info][gc,heap     ] GC(1228) Old regions: 156->139
[579.932s][info][gc,heap     ] GC(1228) Humongous regions: 6->5
[579.932s][info][gc,metaspace] GC(1228) Metaspace: 43078K(43584K)->43078K(43584K) NonClass: 38729K(39040K)->38729K(39040K) Class: 4348K(4544K)->4348K(4544K)
[579.932s][info][gc          ] GC(1228) Pause Young (Mixed) (G1 Evacuation Pause) 371M->152M(534M) 23.682ms
[579.932s][info][gc,cpu      ] GC(1228) User=0.04s Sys=0.00s Real=0.03s
[579.980s][info][gc,start    ] GC(1229) Pause Young (Concurrent Start) (G1 Humongous Allocation)
[579.980s][info][gc,task     ] GC(1229) Using 2 workers of 2 for evacuation
[579.992s][info][gc,phases   ] GC(1229)   Pre Evacuate Collection Set: 0.23ms
[579.992s][info][gc,phases   ] GC(1229)   Merge Heap Roots: 0.05ms
[579.992s][info][gc,phases   ] GC(1229)   Evacuate Collection Set: 11.08ms
[579.992s][info][gc,phases   ] GC(1229)   Post Evacuate Collection Set: 0.33ms
[579.992s][info][gc,phases   ] GC(1229)   Other: 0.12ms
[579.992s][info][gc,heap     ] GC(1229) Eden regions: 15->0(170)
[579.992s][info][gc,heap     ] GC(1229) Survivor regions: 9->19(28)
[579.992s][info][gc,heap     ] GC(1229) Old regions: 139->139
[579.992s][info][gc,heap     ] GC(1229) Humongous regions: 5->5
[579.992s][info][gc,metaspace] GC(1229) Metaspace: 43078K(43584K)->43078K(43584K) NonClass: 38729K(39040K)->38729K(39040K) Class: 4348K(4544K)->4348K(4544K)
[579.992s][info][gc          ] GC(1229) Pause Young (Concurrent Start) (G1 Humongous Allocation) 167M->162M(534M) 12.028ms
[579.992s][info][gc,cpu      ] GC(1229) User=0.02s Sys=0.00s Real=0.01s
[579.992s][info][gc          ] GC(1230) Concurrent Mark Cycle
[579.992s][info][gc,marking  ] GC(1230) Concurrent Scan Root Regions
[580.001s][info][gc,marking  ] GC(1230) Concurrent Scan Root Regions 8.071ms
[580.001s][info][gc,marking  ] GC(1230) Concurrent Mark
[580.001s][info][gc,marking  ] GC(1230) Concurrent Mark From Roots
[580.001s][info][gc,task     ] GC(1230) Using 1 workers of 1 for marking
[580.088s][info][gc,marking  ] GC(1230) Concurrent Mark From Roots 86.959ms
[580.088s][info][gc,marking  ] GC(1230) Concurrent Preclean
[580.088s][info][gc,marking  ] GC(1230) Concurrent Preclean 0.049ms
[580.088s][info][gc,start    ] GC(1230) Pause Remark
[580.105s][info][gc          ] GC(1230) Pause Remark 183M->152M(440M) 17.641ms
[580.105s][info][gc,cpu      ] GC(1230) User=0.03s Sys=0.00s Real=0.02s
[580.108s][info][gc,marking  ] GC(1230) Concurrent Mark 107.479ms
[580.108s][info][gc,marking  ] GC(1230) Concurrent Rebuild Remembered Sets and Scrub Regions
[580.145s][info][gc,marking  ] GC(1230) Concurrent Rebuild Remembered Sets and Scrub Regions 36.546ms
[580.145s][info][gc,start    ] GC(1230) Pause Cleanup
[580.145s][info][gc          ] GC(1230) Pause Cleanup 162M->162M(440M) 0.060ms
[580.145s][info][gc,cpu      ] GC(1230) User=0.00s Sys=0.00s Real=0.00s
[580.145s][info][gc,marking  ] GC(1230) Concurrent Clear Claimed Marks
[580.145s][info][gc,marking  ] GC(1230) Concurrent Clear Claimed Marks 0.038ms
[580.145s][info][gc,marking  ] GC(1230) Concurrent Cleanup for Next Mark
[580.146s][info][gc,marking  ] GC(1230) Concurrent Cleanup for Next Mark 1.292ms
[580.146s][info][gc          ] GC(1230) Concurrent Mark Cycle 153.834ms
[580.643s][info][gc,start    ] GC(1231) Pause Young (Prepare Mixed) (G1 Evacuation Pause)
[580.643s][info][gc,task     ] GC(1231) Using 2 workers of 2 for evacuation
[580.663s][info][gc,phases   ] GC(1231)   Pre Evacuate Collection Set: 0.21ms
[580.663s][info][gc,phases   ] GC(1231)   Merge Heap Roots: 0.11ms
[580.663s][info][gc,phases   ] GC(1231)   Evacuate Collection Set: 19.36ms
[580.663s][info][gc,phases   ] GC(1231)   Post Evacuate Collection Set: 0.47ms
[580.663s][info][gc,phases   ] GC(1231)   Other: 0.08ms
[580.663s][info][gc,heap     ] GC(1231) Eden regions: 170->0(146)
[580.663s][info][gc,heap     ] GC(1231) Survivor regions: 19->24(24)
[580.663s][info][gc,heap     ] GC(1231) Old regions: 108->116
[580.663s][info][gc,heap     ] GC(1231) Humongous regions: 7->5
[580.663s][info][gc,metaspace] GC(1231) Metaspace: 43078K(43584K)->43078K(43584K) NonClass: 38729K(39040K)->38729K(39040K) Class: 4348K(4544K)->4348K(4544K)
[580.663s][info][gc          ] GC(1231) Pause Young (Prepare Mixed) (G1 Evacuation Pause) 303M->144M(440M) 20.456ms
[580.663s][info][gc,cpu      ] GC(1231) User=0.03s Sys=0.01s Real=0.02s
[581.153s][info][gc,start    ] GC(1232) Pause Young (Mixed) (G1 Evacuation Pause)
[581.153s][info][gc,task     ] GC(1232) Using 2 workers of 2 for evacuation
[581.182s][info][gc,phases   ] GC(1232)   Pre Evacuate Collection Set: 0.24ms
[581.182s][info][gc,phases   ] GC(1232)   Merge Heap Roots: 0.19ms
[581.182s][info][gc,phases   ] GC(1232)   Evacuate Collection Set: 27.58ms
[581.182s][info][gc,phases   ] GC(1232)   Post Evacuate Collection Set: 0.56ms
[581.182s][info][gc,phases   ] GC(1232)   Other: 0.10ms
[581.182s][info][gc,heap     ] GC(1232) Eden regions: 146->0(157)
[581.182s][info][gc,heap     ] GC(1232) Survivor regions: 24->22(22)
[581.182s][info][gc,heap     ] GC(1232) Old regions: 116->111
[581.182s][info][gc,heap     ] GC(1232) Humongous regions: 7->5
[581.182s][info][gc,metaspace] GC(1232) Metaspace: 43078K(43584K)->43078K(43584K) NonClass: 38729K(39040K)->38729K(39040K) Class: 4348K(4544K)->4348K(4544K)
[581.182s][info][gc          ] GC(1232) Pause Young (Mixed) (G1 Evacuation Pause) 292M->138M(440M) 28.896ms
[581.182s][info][gc,cpu      ] GC(1232) User=0.05s Sys=0.00s Real=0.03s
[581.666s][info][gc,start    ] GC(1233) Pause Young (Concurrent Start) (G1 Evacuation Pause)
[581.666s][info][gc,task     ] GC(1233) Using 2 workers of 2 for evacuation
[581.682s][info][gc,phases   ] GC(1233)   Pre Evacuate Collection Set: 0.23ms
[581.682s][info][gc,phases   ] GC(1233)   Merge Heap Roots: 0.11ms
[581.682s][info][gc,phases   ] GC(1233)   Evacuate Collection Set: 15.17ms
[581.682s][info][gc,phases   ] GC(1233)   Post Evacuate Collection Set: 0.46ms
[581.682s][info][gc,phases   ] GC(1233)   Other: 0.16ms
[581.682s][info][gc,heap     ] GC(1233) Eden regions: 157->0(173)
[581.682s][info][gc,heap     ] GC(1233) Survivor regions: 22->2(23)
[581.682s][info][gc,heap     ] GC(1233) Old regions: 111->133
[581.682s][info][gc,heap     ] GC(1233) Humongous regions: 5->5
[581.682s][info][gc,metaspace] GC(1233) Metaspace: 43078K(43584K)->43078K(43584K) NonClass: 38729K(39040K)->38729K(39040K) Class: 4348K(4544K)->4348K(4544K)
[581.682s][info][gc          ] GC(1233) Pause Young (Concurrent Start) (G1 Evacuation Pause) 295M->139M(440M) 16.344ms
[581.682s][info][gc,cpu      ] GC(1233) User=0.03s Sys=0.00s Real=0.02s
[581.682s][info][gc          ] GC(1234) Concurrent Mark Cycle
[581.682s][info][gc,marking  ] GC(1234) Concurrent Scan Root Regions
[581.693s][info][gc,marking  ] GC(1234) Concurrent Scan Root Regions 10.526ms
[581.693s][info][gc,marking  ] GC(1234) Concurrent Mark
[581.693s][info][gc,marking  ] GC(1234) Concurrent Mark From Roots
[581.693s][info][gc,task     ] GC(1234) Using 1 workers of 1 for marking
[581.786s][info][gc,marking  ] GC(1234) Concurrent Mark From Roots 93.006ms
[581.786s][info][gc,marking  ] GC(1234) Concurrent Preclean
[581.786s][info][gc,marking  ] GC(1234) Concurrent Preclean 0.043ms
[581.786s][info][gc,start    ] GC(1234) Pause Remark
[581.803s][info][gc          ] GC(1234) Pause Remark 166M->152M(420M) 17.468ms
[581.804s][info][gc,cpu      ] GC(1234) User=0.04s Sys=0.00s Real=0.02s
[581.804s][info][gc,marking  ] GC(1234) Concurrent Mark 110.853ms
[581.804s][info][gc,marking  ] GC(1234) Concurrent Rebuild Remembered Sets and Scrub Regions
[581.853s][info][gc,marking  ] GC(1234) Concurrent Rebuild Remembered Sets and Scrub Regions 49.756ms
[581.854s][info][gc,start    ] GC(1234) Pause Cleanup
[581.854s][info][gc          ] GC(1234) Pause Cleanup 167M->167M(420M) 0.060ms
[581.854s][info][gc,cpu      ] GC(1234) User=0.00s Sys=0.00s Real=0.00s
[581.854s][info][gc,marking  ] GC(1234) Concurrent Clear Claimed Marks
[581.854s][info][gc,marking  ] GC(1234) Concurrent Clear Claimed Marks 0.037ms
[581.854s][info][gc,marking  ] GC(1234) Concurrent Cleanup for Next Mark
[581.855s][info][gc,marking  ] GC(1234) Concurrent Cleanup for Next Mark 1.236ms
[581.855s][info][gc          ] GC(1234) Concurrent Mark Cycle 172.829ms
[582.268s][info][gc,start    ] GC(1235) Pause Young (Prepare Mixed) (G1 Evacuation Pause)
[582.268s][info][gc,task     ] GC(1235) Using 2 workers of 2 for evacuation
[582.271s][info][gc,phases   ] GC(1235)   Pre Evacuate Collection Set: 0.21ms
[582.271s][info][gc,phases   ] GC(1235)   Merge Heap Roots: 0.07ms
[582.271s][info][gc,phases   ] GC(1235)   Evacuate Collection Set: 1.86ms
[582.271s][info][gc,phases   ] GC(1235)   Post Evacuate Collection Set: 0.41ms
[582.271s][info][gc,phases   ] GC(1235)   Other: 0.08ms
[582.271s][info][gc,heap     ] GC(1235) Eden regions: 173->0(185)
[582.271s][info][gc,heap     ] GC(1235) Survivor regions: 2->2(22)
[582.271s][info][gc,heap     ] GC(1235) Old regions: 120->120
[582.271s][info][gc,heap     ] GC(1235) Humongous regions: 5->4
[582.271s][info][gc,metaspace] GC(1235) Metaspace: 43078K(43584K)->43078K(43584K) NonClass: 38729K(39040K)->38729K(39040K) Class: 4348K(4544K)->4348K(4544K)
[582.271s][info][gc          ] GC(1235) Pause Young (Prepare Mixed) (G1 Evacuation Pause) 299M->126M(420M) 2.866ms
[582.271s][info][gc,cpu      ] GC(1235) User=0.00s Sys=0.00s Real=0.01s
[582.759s][info][gc,start    ] GC(1236) Pause Young (Mixed) (G1 Evacuation Pause)
[582.759s][info][gc,task     ] GC(1236) Using 2 workers of 2 for evacuation
[582.771s][info][gc,phases   ] GC(1236)   Pre Evacuate Collection Set: 0.22ms
[582.771s][info][gc,phases   ] GC(1236)   Merge Heap Roots: 0.20ms
[582.771s][info][gc,phases   ] GC(1236)   Evacuate Collection Set: 10.31ms
[582.771s][info][gc,phases   ] GC(1236)   Post Evacuate Collection Set: 0.49ms
[582.771s][info][gc,phases   ] GC(1236)   Other: 0.08ms
[582.771s][info][gc,heap     ] GC(1236) Eden regions: 185->0(205)
[582.771s][info][gc,heap     ] GC(1236) Survivor regions: 2->5(24)
[582.771s][info][gc,heap     ] GC(1236) Old regions: 120->105
[582.771s][info][gc,heap     ] GC(1236) Humongous regions: 4->2
[582.771s][info][gc,metaspace] GC(1236) Metaspace: 43078K(43584K)->43078K(43584K) NonClass: 38729K(39040K)->38729K(39040K) Class: 4348K(4544K)->4348K(4544K)
[582.771s][info][gc          ] GC(1236) Pause Young (Mixed) (G1 Evacuation Pause) 311M->112M(420M) 11.500ms
[582.771s][info][gc,cpu      ] GC(1236) User=0.02s Sys=0.00s Real=0.01s
[583.151s][info][gc,start    ] GC(1237) Pause Young (Concurrent Start) (G1 Evacuation Pause)
[583.151s][info][gc,task     ] GC(1237) Using 2 workers of 2 for evacuation
[583.155s][info][gc,phases   ] GC(1237)   Pre Evacuate Collection Set: 0.21ms
[583.155s][info][gc,phases   ] GC(1237)   Merge Heap Roots: 0.07ms
[583.155s][info][gc,phases   ] GC(1237)   Evacuate Collection Set: 3.13ms
[583.155s][info][gc,phases   ] GC(1237)   Post Evacuate Collection Set: 0.46ms
[583.155s][info][gc,phases   ] GC(1237)   Other: 0.09ms
[583.155s][info][gc,heap     ] GC(1237) Eden regions: 205->0(219)
[583.155s][info][gc,heap     ] GC(1237) Survivor regions: 5->4(27)
[583.155s][info][gc,heap     ] GC(1237) Old regions: 105->105
[583.155s][info][gc,heap     ] GC(1237) Humongous regions: 2->2
[583.155s][info][gc,metaspace] GC(1237) Metaspace: 43078K(43584K)->43078K(43584K) NonClass: 38729K(39040K)->38729K(39040K) Class: 4348K(4544K)->4348K(4544K)
[583.155s][info][gc          ] GC(1237) Pause Young (Concurrent Start) (G1 Evacuation Pause) 317M->110M(420M) 4.153ms
[583.155s][info][gc,cpu      ] GC(1237) User=0.01s Sys=0.00s Real=0.00s
[583.155s][info][gc          ] GC(1238) Concurrent Mark Cycle
[583.155s][info][gc,marking  ] GC(1238) Concurrent Scan Root Regions
[583.157s][info][gc,marking  ] GC(1238) Concurrent Scan Root Regions 2.130ms
[583.157s][info][gc,marking  ] GC(1238) Concurrent Mark
[583.157s][info][gc,marking  ] GC(1238) Concurrent Mark From Roots
[583.157s][info][gc,task     ] GC(1238) Using 1 workers of 1 for marking
[583.230s][info][gc,marking  ] GC(1238) Concurrent Mark From Roots 72.609ms
[583.230s][info][gc,marking  ] GC(1238) Concurrent Preclean
[583.230s][info][gc,marking  ] GC(1238) Concurrent Preclean 0.041ms
[583.230s][info][gc,start    ] GC(1238) Pause Remark
[583.247s][info][gc          ] GC(1238) Pause Remark 152M->122M(270M) 17.652ms
[583.248s][info][gc,cpu      ] GC(1238) User=0.03s Sys=0.00s Real=0.01s
[583.249s][info][gc,marking  ] GC(1238) Concurrent Mark 92.226ms
[583.249s][info][gc,marking  ] GC(1238) Concurrent Rebuild Remembered Sets and Scrub Regions
[583.279s][info][gc,marking  ] GC(1238) Concurrent Rebuild Remembered Sets and Scrub Regions 30.320ms
[583.280s][info][gc,start    ] GC(1238) Pause Cleanup
[583.280s][info][gc          ] GC(1238) Pause Cleanup 139M->139M(270M) 0.073ms
[583.280s][info][gc,cpu      ] GC(1238) User=0.00s Sys=0.00s Real=0.00s
[583.280s][info][gc,marking  ] GC(1238) Concurrent Clear Claimed Marks
[583.280s][info][gc,marking  ] GC(1238) Concurrent Clear Claimed Marks 0.037ms
[583.280s][info][gc,marking  ] GC(1238) Concurrent Cleanup for Next Mark
[583.281s][info][gc,marking  ] GC(1238) Concurrent Cleanup for Next Mark 0.796ms
[583.281s][info][gc          ] GC(1238) Concurrent Mark Cycle 125.936ms
[583.754s][info][gc,start    ] GC(1239) Pause Young (Prepare Mixed) (G1 Evacuation Pause)
[583.754s][info][gc,task     ] GC(1239) Using 2 workers of 2 for evacuation
[583.765s][info][gc,phases   ] GC(1239)   Pre Evacuate Collection Set: 0.22ms
[583.765s][info][gc,phases   ] GC(1239)   Merge Heap Roots: 0.08ms
[583.765s][info][gc,phases   ] GC(1239)   Evacuate Collection Set: 9.68ms
[583.765s][info][gc,phases   ] GC(1239)   Post Evacuate Collection Set: 0.89ms
[583.765s][info][gc,phases   ] GC(1239)   Other: 0.08ms
[583.765s][info][gc,heap     ] GC(1239) Eden regions: 165->0(219)
[583.765s][info][gc,heap     ] GC(1239) Survivor regions: 4->8(27)
[583.765s][info][gc,heap     ] GC(1239) Old regions: 76->76
[583.765s][info][gc,heap     ] GC(1239) Humongous regions: 127->3
[583.765s][info][gc,metaspace] GC(1239) Metaspace: 43078K(43584K)->43078K(43584K) NonClass: 38729K(39040K)->38729K(39040K) Class: 4348K(4544K)->4348K(4544K)
[583.765s][info][gc          ] GC(1239) Pause Young (Prepare Mixed) (G1 Evacuation Pause) 371M->86M(380M) 11.158ms
[583.765s][info][gc,cpu      ] GC(1239) User=0.01s Sys=0.01s Real=0.01s
[584.336s][info][gc,start    ] GC(1240) Pause Young (Mixed) (G1 Evacuation Pause)
[584.336s][info][gc,task     ] GC(1240) Using 2 workers of 2 for evacuation
[584.356s][info][gc,phases   ] GC(1240)   Pre Evacuate Collection Set: 0.28ms
[584.356s][info][gc,phases   ] GC(1240)   Merge Heap Roots: 0.14ms
[584.356s][info][gc,phases   ] GC(1240)   Evacuate Collection Set: 18.69ms
[584.356s][info][gc,phases   ] GC(1240)   Post Evacuate Collection Set: 0.85ms
[584.356s][info][gc,phases   ] GC(1240)   Other: 0.08ms
[584.356s][info][gc,heap     ] GC(1240) Eden regions: 55->0(290)
[584.356s][info][gc,heap     ] GC(1240) Survivor regions: 8->11(29)
[584.356s][info][gc,heap     ] GC(1240) Old regions: 76->61
[584.356s][info][gc,heap     ] GC(1240) Humongous regions: 351->3
[584.356s][info][gc,metaspace] GC(1240) Metaspace: 43078K(43584K)->43078K(43584K) NonClass: 38729K(39040K)->38729K(39040K) Class: 4348K(4544K)->4348K(4544K)
[584.356s][info][gc          ] GC(1240) Pause Young (Mixed) (G1 Evacuation Pause) 489M->74M(503M) 20.290ms
[584.356s][info][gc,cpu      ] GC(1240) User=0.03s Sys=0.01s Real=0.02s
[584.403s][info][gc,start    ] GC(1241) Pause Young (Concurrent Start) (G1 Humongous Allocation)
[584.403s][info][gc,task     ] GC(1241) Using 2 workers of 2 for evacuation
[584.413s][info][gc,phases   ] GC(1241)   Pre Evacuate Collection Set: 0.28ms
[584.413s][info][gc,phases   ] GC(1241)   Merge Heap Roots: 0.05ms
[584.413s][info][gc,phases   ] GC(1241)   Evacuate Collection Set: 8.96ms
[584.413s][info][gc,phases   ] GC(1241)   Post Evacuate Collection Set: 0.38ms
[584.413s][info][gc,phases   ] GC(1241)   Other: 0.10ms
[584.413s][info][gc,heap     ] GC(1241) Eden regions: 5->0(290)
[584.413s][info][gc,heap     ] GC(1241) Survivor regions: 11->11(38)
[584.413s][info][gc,heap     ] GC(1241) Old regions: 61->61
[584.413s][info][gc,heap     ] GC(1241) Humongous regions: 35->1
[584.413s][info][gc,metaspace] GC(1241) Metaspace: 43078K(43584K)->43078K(43584K) NonClass: 38729K(39040K)->38729K(39040K) Class: 4348K(4544K)->4348K(4544K)
[584.413s][info][gc          ] GC(1241) Pause Young (Concurrent Start) (G1 Humongous Allocation) 111M->72M(503M) 9.978ms
[584.413s][info][gc          ] GC(1242) Concurrent Undo Cycle
[584.413s][info][gc,marking  ] GC(1242) Concurrent Clear Claimed Marks
[584.413s][info][gc,marking  ] GC(1242) Concurrent Clear Claimed Marks 0.036ms
[584.413s][info][gc,marking  ] GC(1242) Concurrent Cleanup for Next Mark
[584.413s][info][gc,cpu      ] GC(1241) User=0.02s Sys=0.00s Real=0.01s
[584.413s][info][gc,marking  ] GC(1242) Concurrent Cleanup for Next Mark 0.210ms
[584.413s][info][gc          ] GC(1242) Concurrent Undo Cycle 0.307ms
[584.419s][info][gc,start    ] GC(1243) Pause Young (Concurrent Start) (G1 Humongous Allocation)
[584.419s][info][gc,task     ] GC(1243) Using 2 workers of 2 for evacuation
[584.429s][info][gc,phases   ] GC(1243)   Pre Evacuate Collection Set: 0.21ms
[584.429s][info][gc,phases   ] GC(1243)   Merge Heap Roots: 0.05ms
[584.429s][info][gc,phases   ] GC(1243)   Evacuate Collection Set: 8.90ms
[584.429s][info][gc,phases   ] GC(1243)   Post Evacuate Collection Set: 0.59ms
[584.429s][info][gc,phases   ] GC(1243)   Other: 0.10ms
[584.429s][info][gc,heap     ] GC(1243) Eden regions: 1->0(290)
[584.429s][info][gc,heap     ] GC(1243) Survivor regions: 11->11(38)
[584.429s][info][gc,heap     ] GC(1243) Old regions: 61->61
[584.429s][info][gc,heap     ] GC(1243) Humongous regions: 3->1
[584.429s][info][gc,metaspace] GC(1243) Metaspace: 43078K(43584K)->43078K(43584K) NonClass: 38729K(39040K)->38729K(39040K) Class: 4348K(4544K)->4348K(4544K)
[584.429s][info][gc          ] GC(1243) Pause Young (Concurrent Start) (G1 Humongous Allocation) 75M->72M(503M) 10.012ms
[584.429s][info][gc          ] GC(1244) Concurrent Mark Cycle
[584.429s][info][gc,marking  ] GC(1244) Concurrent Scan Root Regions
[584.431s][info][gc,cpu      ] GC(1243) User=0.02s Sys=0.00s Real=0.02s
[584.435s][info][gc,marking  ] GC(1244) Concurrent Scan Root Regions 6.717ms
[584.435s][info][gc,marking  ] GC(1244) Concurrent Mark
[584.436s][info][gc,marking  ] GC(1244) Concurrent Mark From Roots
[584.436s][info][gc,task     ] GC(1244) Using 1 workers of 1 for marking
[584.507s][info][gc,marking  ] GC(1244) Concurrent Mark From Roots 71.028ms
[584.507s][info][gc,marking  ] GC(1244) Concurrent Preclean
[584.507s][info][gc,marking  ] GC(1244) Concurrent Preclean 0.040ms
[584.507s][info][gc,start    ] GC(1244) Pause Remark
[584.524s][info][gc          ] GC(1244) Pause Remark 127M->127M(397M) 17.315ms
[584.524s][info][gc,cpu      ] GC(1244) User=0.03s Sys=0.00s Real=0.02s
[584.524s][info][gc,marking  ] GC(1244) Concurrent Mark 88.678ms
[584.524s][info][gc,marking  ] GC(1244) Concurrent Rebuild Remembered Sets and Scrub Regions
[584.553s][info][gc,marking  ] GC(1244) Concurrent Rebuild Remembered Sets and Scrub Regions 28.664ms
[584.553s][info][gc,start    ] GC(1244) Pause Cleanup
[584.553s][info][gc          ] GC(1244) Pause Cleanup 146M->146M(397M) 0.062ms
[584.553s][info][gc,cpu      ] GC(1244) User=0.00s Sys=0.00s Real=0.00s
[584.553s][info][gc,marking  ] GC(1244) Concurrent Clear Claimed Marks
[584.553s][info][gc,marking  ] GC(1244) Concurrent Clear Claimed Marks 0.038ms
[584.553s][info][gc,marking  ] GC(1244) Concurrent Cleanup for Next Mark
[584.556s][info][gc,marking  ] GC(1244) Concurrent Cleanup for Next Mark 2.575ms
[584.556s][info][gc          ] GC(1244) Concurrent Mark Cycle 127.062ms
[585.067s][info][gc,start    ] GC(1245) Pause Young (Prepare Mixed) (G1 Evacuation Pause)
[585.067s][info][gc,task     ] GC(1245) Using 2 workers of 2 for evacuation
[585.093s][info][gc,phases   ] GC(1245)   Pre Evacuate Collection Set: 0.26ms
[585.093s][info][gc,phases   ] GC(1245)   Merge Heap Roots: 0.07ms
[585.093s][info][gc,phases   ] GC(1245)   Evacuate Collection Set: 24.72ms
[585.093s][info][gc,phases   ] GC(1245)   Post Evacuate Collection Set: 1.15ms
[585.093s][info][gc,phases   ] GC(1245)   Other: 0.07ms
[585.093s][info][gc,heap     ] GC(1245) Eden regions: 62->0(284)
[585.093s][info][gc,heap     ] GC(1245) Survivor regions: 11->19(35)
[585.093s][info][gc,heap     ] GC(1245) Old regions: 61->61
[585.093s][info][gc,heap     ] GC(1245) Humongous regions: 353->3
[585.093s][info][gc,metaspace] GC(1245) Metaspace: 43078K(43584K)->43078K(43584K) NonClass: 38730K(39040K)->38730K(39040K) Class: 4348K(4544K)->4348K(4544K)
[585.093s][info][gc          ] GC(1245) Pause Young (Prepare Mixed) (G1 Evacuation Pause) 486M->82M(506M) 26.494ms
[585.093s][info][gc,cpu      ] GC(1245) User=0.04s Sys=0.02s Real=0.03s
[585.837s][info][gc,start    ] GC(1246) Pause Young (Mixed) (G1 Evacuation Pause)
[585.837s][info][gc,task     ] GC(1246) Using 2 workers of 2 for evacuation
[585.883s][info][gc,phases   ] GC(1246)   Pre Evacuate Collection Set: 0.28ms
[585.883s][info][gc,phases   ] GC(1246)   Merge Heap Roots: 0.13ms
[585.883s][info][gc,phases   ] GC(1246)   Evacuate Collection Set: 44.21ms
[585.883s][info][gc,phases   ] GC(1246)   Post Evacuate Collection Set: 1.45ms
[585.883s][info][gc,phases   ] GC(1246)   Other: 0.10ms
[585.883s][info][gc,heap     ] GC(1246) Eden regions: 85->0(350)
[585.883s][info][gc,heap     ] GC(1246) Survivor regions: 19->30(43)
[585.883s][info][gc,heap     ] GC(1246) Old regions: 61->57
[585.883s][info][gc,heap     ] GC(1246) Humongous regions: 437->3
[585.883s][info][gc,metaspace] GC(1246) Metaspace: 43078K(43584K)->43078K(43584K) NonClass: 38730K(39040K)->38730K(39040K) Class: 4348K(4544K)->4348K(4544K)
[585.883s][info][gc          ] GC(1246) Pause Young (Mixed) (G1 Evacuation Pause) 601M->88M(634M) 46.372ms
[585.883s][info][gc,cpu      ] GC(1246) User=0.07s Sys=0.02s Real=0.05s
[586.937s][info][gc,start    ] GC(1247) Pause Young (Normal) (G1 Evacuation Pause)
[586.937s][info][gc,task     ] GC(1247) Using 2 workers of 2 for evacuation
[586.948s][info][gc,phases   ] GC(1247)   Pre Evacuate Collection Set: 0.26ms
[586.948s][info][gc,phases   ] GC(1247)   Merge Heap Roots: 0.10ms
[586.948s][info][gc,phases   ] GC(1247)   Evacuate Collection Set: 9.69ms
[586.948s][info][gc,phases   ] GC(1247)   Post Evacuate Collection Set: 0.66ms
[586.948s][info][gc,phases   ] GC(1247)   Other: 0.12ms
[586.948s][info][gc,heap     ] GC(1247) Eden regions: 350->0(371)
[586.948s][info][gc,heap     ] GC(1247) Survivor regions: 30->9(48)
[586.948s][info][gc,heap     ] GC(1247) Old regions: 57->59
[586.948s][info][gc,heap     ] GC(1247) Humongous regions: 93->1
[586.948s][info][gc,metaspace] GC(1247) Metaspace: 43082K(43584K)->43082K(43584K) NonClass: 38733K(39040K)->38733K(39040K) Class: 4348K(4544K)->4348K(4544K)
[586.948s][info][gc          ] GC(1247) Pause Young (Normal) (G1 Evacuation Pause) 528M->68M(634M) 11.039ms
[586.948s][info][gc,cpu      ] GC(1247) User=0.02s Sys=0.00s Real=0.01s
[587.880s][info][gc,start    ] GC(1248) Pause Young (Normal) (G1 Evacuation Pause)
[587.880s][info][gc,task     ] GC(1248) Using 2 workers of 2 for evacuation
[587.886s][info][gc,phases   ] GC(1248)   Pre Evacuate Collection Set: 0.26ms
[587.886s][info][gc,phases   ] GC(1248)   Merge Heap Roots: 0.10ms
[587.886s][info][gc,phases   ] GC(1248)   Evacuate Collection Set: 4.84ms
[587.886s][info][gc,phases   ] GC(1248)   Post Evacuate Collection Set: 0.59ms
[587.886s][info][gc,phases   ] GC(1248)   Other: 0.09ms
[587.886s][info][gc,heap     ] GC(1248) Eden regions: 371->0(372)
[587.886s][info][gc,heap     ] GC(1248) Survivor regions: 9->8(48)
[587.886s][info][gc,heap     ] GC(1248) Old regions: 59->59
[587.886s][info][gc,heap     ] GC(1248) Humongous regions: 1->1
[587.886s][info][gc,metaspace] GC(1248) Metaspace: 43087K(43584K)->43087K(43584K) NonClass: 38739K(39040K)->38739K(39040K) Class: 4348K(4544K)->4348K(4544K)
[587.886s][info][gc          ] GC(1248) Pause Young (Normal) (G1 Evacuation Pause) 439M->67M(634M) 6.080ms
[587.886s][info][gc,cpu      ] GC(1248) User=0.01s Sys=0.01s Real=0.00s
[588.843s][info][gc,start    ] GC(1249) Pause Young (Normal) (G1 Evacuation Pause)
[588.843s][info][gc,task     ] GC(1249) Using 2 workers of 2 for evacuation
[588.851s][info][gc,phases   ] GC(1249)   Pre Evacuate Collection Set: 0.25ms
[588.851s][info][gc,phases   ] GC(1249)   Merge Heap Roots: 0.11ms
[588.851s][info][gc,phases   ] GC(1249)   Evacuate Collection Set: 7.32ms
[588.851s][info][gc,phases   ] GC(1249)   Post Evacuate Collection Set: 0.60ms
[588.851s][info][gc,phases   ] GC(1249)   Other: 0.09ms
[588.851s][info][gc,heap     ] GC(1249) Eden regions: 372->0(368)
[588.851s][info][gc,heap     ] GC(1249) Survivor regions: 8->12(48)
[588.851s][info][gc,heap     ] GC(1249) Old regions: 59->59
[588.851s][info][gc,heap     ] GC(1249) Humongous regions: 1->1
[588.851s][info][gc,metaspace] GC(1249) Metaspace: 43107K(43584K)->43107K(43584K) NonClass: 38759K(39040K)->38759K(39040K) Class: 4348K(4544K)->4348K(4544K)
[588.851s][info][gc          ] GC(1249) Pause Young (Normal) (G1 Evacuation Pause) 439M->71M(634M) 8.613ms
[588.851s][info][gc,cpu      ] GC(1249) User=0.02s Sys=0.00s Real=0.01s
[590.659s][info][gc,start    ] GC(1250) Pause Young (Normal) (G1 Evacuation Pause)
[590.659s][info][gc,task     ] GC(1250) Using 2 workers of 2 for evacuation
[590.672s][info][gc,phases   ] GC(1250)   Pre Evacuate Collection Set: 0.25ms
[590.672s][info][gc,phases   ] GC(1250)   Merge Heap Roots: 0.12ms
[590.672s][info][gc,phases   ] GC(1250)   Evacuate Collection Set: 11.64ms
[590.672s][info][gc,phases   ] GC(1250)   Post Evacuate Collection Set: 0.83ms
[590.672s][info][gc,phases   ] GC(1250)   Other: 0.09ms
[590.672s][info][gc,heap     ] GC(1250) Eden regions: 368->0(367)
[590.672s][info][gc,heap     ] GC(1250) Survivor regions: 12->13(48)
[590.672s][info][gc,heap     ] GC(1250) Old regions: 59->59
[590.672s][info][gc,heap     ] GC(1250) Humongous regions: 11->1
[590.673s][info][gc,metaspace] GC(1250) Metaspace: 43118K(43584K)->43118K(43584K) NonClass: 38770K(39040K)->38770K(39040K) Class: 4348K(4544K)->4348K(4544K)
[590.673s][info][gc          ] GC(1250) Pause Young (Normal) (G1 Evacuation Pause) 449M->72M(634M) 13.111ms
[590.673s][info][gc,cpu      ] GC(1250) User=0.02s Sys=0.00s Real=0.01s
[591.634s][info][gc,start    ] GC(1251) Pause Young (Normal) (G1 Evacuation Pause)
[591.634s][info][gc,task     ] GC(1251) Using 2 workers of 2 for evacuation
[591.695s][info][gc,phases   ] GC(1251)   Pre Evacuate Collection Set: 0.24ms
[591.695s][info][gc,phases   ] GC(1251)   Merge Heap Roots: 0.14ms
[591.695s][info][gc,phases   ] GC(1251)   Evacuate Collection Set: 59.82ms
[591.695s][info][gc,phases   ] GC(1251)   Post Evacuate Collection Set: 0.76ms
[591.695s][info][gc,phases   ] GC(1251)   Other: 0.11ms
[591.695s][info][gc,heap     ] GC(1251) Eden regions: 367->0(332)
[591.695s][info][gc,heap     ] GC(1251) Survivor regions: 13->48(48)
[591.695s][info][gc,heap     ] GC(1251) Old regions: 59->64
[591.695s][info][gc,heap     ] GC(1251) Humongous regions: 6->6
[591.695s][info][gc,metaspace] GC(1251) Metaspace: 43118K(43584K)->43118K(43584K) NonClass: 38770K(39040K)->38770K(39040K) Class: 4348K(4544K)->4348K(4544K)
[591.695s][info][gc          ] GC(1251) Pause Young (Normal) (G1 Evacuation Pause) 444M->117M(634M) 61.282ms
[591.695s][info][gc,cpu      ] GC(1251) User=0.12s Sys=0.00s Real=0.06s
[592.505s][info][gc,start    ] GC(1252) Pause Young (Normal) (G1 Evacuation Pause)
[592.505s][info][gc,task     ] GC(1252) Using 2 workers of 2 for evacuation
[592.604s][info][gc,phases   ] GC(1252)   Pre Evacuate Collection Set: 0.25ms
[592.604s][info][gc,phases   ] GC(1252)   Merge Heap Roots: 0.23ms
[592.604s][info][gc,phases   ] GC(1252)   Evacuate Collection Set: 97.57ms
[592.604s][info][gc,phases   ] GC(1252)   Post Evacuate Collection Set: 0.69ms
[592.604s][info][gc,phases   ] GC(1252)   Other: 0.08ms
[592.604s][info][gc,heap     ] GC(1252) Eden regions: 332->0(346)
[592.604s][info][gc,heap     ] GC(1252) Survivor regions: 48->34(48)
[592.604s][info][gc,heap     ] GC(1252) Old regions: 64->112
[592.604s][info][gc,heap     ] GC(1252) Humongous regions: 11->10
[592.604s][info][gc,metaspace] GC(1252) Metaspace: 43119K(43584K)->43119K(43584K) NonClass: 38771K(39040K)->38771K(39040K) Class: 4348K(4544K)->4348K(4544K)
[592.604s][info][gc          ] GC(1252) Pause Young (Normal) (G1 Evacuation Pause) 454M->155M(634M) 99.058ms
[592.604s][info][gc,cpu      ] GC(1252) User=0.20s Sys=0.00s Real=0.10s
[592.651s][info][gc,start    ] GC(1253) Pause Young (Concurrent Start) (G1 Humongous Allocation)
[592.651s][info][gc,task     ] GC(1253) Using 2 workers of 2 for evacuation
[592.693s][info][gc,phases   ] GC(1253)   Pre Evacuate Collection Set: 0.27ms
[592.693s][info][gc,phases   ] GC(1253)   Merge Heap Roots: 0.10ms
[592.693s][info][gc,phases   ] GC(1253)   Evacuate Collection Set: 41.55ms
[592.693s][info][gc,phases   ] GC(1253)   Post Evacuate Collection Set: 0.36ms
[592.694s][info][gc,phases   ] GC(1253)   Other: 0.09ms
[592.694s][info][gc,heap     ] GC(1253) Eden regions: 24->0(373)
[592.694s][info][gc,heap     ] GC(1253) Survivor regions: 34->7(48)
[592.694s][info][gc,heap     ] GC(1253) Old regions: 112->146
[592.694s][info][gc,heap     ] GC(1253) Humongous regions: 10->10
[592.694s][info][gc,metaspace] GC(1253) Metaspace: 43119K(43584K)->43119K(43584K) NonClass: 38771K(39040K)->38771K(39040K) Class: 4348K(4544K)->4348K(4544K)
[592.694s][info][gc          ] GC(1253) Pause Young (Concurrent Start) (G1 Humongous Allocation) 179M->161M(634M) 42.602ms
[592.694s][info][gc          ] GC(1254) Concurrent Mark Cycle
[592.694s][info][gc,marking  ] GC(1254) Concurrent Scan Root Regions
[592.694s][info][gc,cpu      ] GC(1253) User=0.08s Sys=0.00s Real=0.04s
[592.769s][info][gc,marking  ] GC(1254) Concurrent Scan Root Regions 75.440ms
[592.769s][info][gc,marking  ] GC(1254) Concurrent Mark
[592.769s][info][gc,marking  ] GC(1254) Concurrent Mark From Roots
[592.769s][info][gc,task     ] GC(1254) Using 1 workers of 1 for marking
[592.912s][info][gc,marking  ] GC(1254) Concurrent Mark From Roots 143.215ms
[592.912s][info][gc,marking  ] GC(1254) Concurrent Preclean
[592.913s][info][gc,marking  ] GC(1254) Concurrent Preclean 0.199ms
[592.913s][info][gc,start    ] GC(1254) Pause Remark
[592.935s][info][gc          ] GC(1254) Pause Remark 184M->173M(510M) 22.599ms
[592.935s][info][gc,cpu      ] GC(1254) User=0.04s Sys=0.00s Real=0.02s
[592.936s][info][gc,marking  ] GC(1254) Concurrent Mark 166.998ms
[592.936s][info][gc,marking  ] GC(1254) Concurrent Rebuild Remembered Sets and Scrub Regions
[593.025s][info][gc,marking  ] GC(1254) Concurrent Rebuild Remembered Sets and Scrub Regions 89.150ms
[593.025s][info][gc,start    ] GC(1254) Pause Cleanup
[593.025s][info][gc          ] GC(1254) Pause Cleanup 173M->173M(510M) 0.053ms
[593.025s][info][gc,cpu      ] GC(1254) User=0.00s Sys=0.00s Real=0.00s
[593.025s][info][gc,marking  ] GC(1254) Concurrent Clear Claimed Marks
[593.025s][info][gc,marking  ] GC(1254) Concurrent Clear Claimed Marks 0.034ms
[593.025s][info][gc,marking  ] GC(1254) Concurrent Cleanup for Next Mark
[593.028s][info][gc,marking  ] GC(1254) Concurrent Cleanup for Next Mark 2.639ms
[593.028s][info][gc          ] GC(1254) Concurrent Mark Cycle 334.564ms
[596.530s][info][gc,start    ] GC(1255) Pause Young (Prepare Mixed) (G1 Evacuation Pause)
[596.530s][info][gc,task     ] GC(1255) Using 2 workers of 2 for evacuation
[596.549s][info][gc,phases   ] GC(1255)   Pre Evacuate Collection Set: 0.22ms
[596.549s][info][gc,phases   ] GC(1255)   Merge Heap Roots: 0.13ms
[596.549s][info][gc,phases   ] GC(1255)   Evacuate Collection Set: 18.00ms
[596.549s][info][gc,phases   ] GC(1255)   Post Evacuate Collection Set: 0.58ms
[596.549s][info][gc,phases   ] GC(1255)   Other: 0.08ms
[596.549s][info][gc,heap     ] GC(1255) Eden regions: 299->0(292)
[596.549s][info][gc,heap     ] GC(1255) Survivor regions: 7->14(39)
[596.549s][info][gc,heap     ] GC(1255) Old regions: 138->138
[596.549s][info][gc,heap     ] GC(1255) Humongous regions: 12->7
[596.549s][info][gc,metaspace] GC(1255) Metaspace: 43121K(43584K)->43121K(43584K) NonClass: 38773K(39040K)->38773K(39040K) Class: 4348K(4544K)->4348K(4544K)
[596.549s][info][gc          ] GC(1255) Pause Young (Prepare Mixed) (G1 Evacuation Pause) 454M->158M(510M) 19.213ms
[596.549s][info][gc,cpu      ] GC(1255) User=0.04s Sys=0.01s Real=0.02s
[597.330s][info][gc,start    ] GC(1256) Pause Young (Mixed) (G1 Evacuation Pause)
[597.330s][info][gc,task     ] GC(1256) Using 2 workers of 2 for evacuation
[597.392s][info][gc,phases   ] GC(1256)   Pre Evacuate Collection Set: 0.25ms
[597.392s][info][gc,phases   ] GC(1256)   Merge Heap Roots: 0.15ms
[597.392s][info][gc,phases   ] GC(1256)   Evacuate Collection Set: 60.86ms
[597.392s][info][gc,phases   ] GC(1256)   Post Evacuate Collection Set: 0.70ms
[597.392s][info][gc,phases   ] GC(1256)   Other: 0.08ms
[597.392s][info][gc,heap     ] GC(1256) Eden regions: 292->0(256)
[597.392s][info][gc,heap     ] GC(1256) Survivor regions: 14->39(39)
[597.392s][info][gc,heap     ] GC(1256) Old regions: 138->140
[597.392s][info][gc,heap     ] GC(1256) Humongous regions: 10->10
[597.392s][info][gc,metaspace] GC(1256) Metaspace: 43121K(43584K)->43121K(43584K) NonClass: 38773K(39040K)->38773K(39040K) Class: 4348K(4544K)->4348K(4544K)
[597.392s][info][gc          ] GC(1256) Pause Young (Mixed) (G1 Evacuation Pause) 453M->188M(510M) 62.329ms
[597.392s][info][gc,cpu      ] GC(1256) User=0.13s Sys=0.00s Real=0.06s
[597.867s][info][gc,start    ] GC(1257) Pause Young (Concurrent Start) (G1 Humongous Allocation)
[597.867s][info][gc,task     ] GC(1257) Using 2 workers of 2 for evacuation
[597.942s][info][gc,phases   ] GC(1257)   Pre Evacuate Collection Set: 0.26ms
[597.942s][info][gc,phases   ] GC(1257)   Merge Heap Roots: 0.24ms
[597.942s][info][gc,phases   ] GC(1257)   Evacuate Collection Set: 73.88ms
[597.942s][info][gc,phases   ] GC(1257)   Post Evacuate Collection Set: 0.49ms
[597.942s][info][gc,phases   ] GC(1257)   Other: 0.17ms
[597.942s][info][gc,heap     ] GC(1257) Eden regions: 190->0(236)
[597.942s][info][gc,heap     ] GC(1257) Survivor regions: 39->22(37)
[597.942s][info][gc,heap     ] GC(1257) Old regions: 140->180
[597.942s][info][gc,heap     ] GC(1257) Humongous regions: 10->10
[597.942s][info][gc,metaspace] GC(1257) Metaspace: 43121K(43584K)->43121K(43584K) NonClass: 38773K(39040K)->38773K(39040K) Class: 4348K(4544K)->4348K(4544K)
[597.942s][info][gc          ] GC(1257) Pause Young (Concurrent Start) (G1 Humongous Allocation) 378M->210M(510M) 75.285ms
[597.942s][info][gc,cpu      ] GC(1257) User=0.15s Sys=0.00s Real=0.08s
[597.942s][info][gc          ] GC(1258) Concurrent Mark Cycle
[597.942s][info][gc,marking  ] GC(1258) Concurrent Scan Root Regions
[597.978s][info][gc,marking  ] GC(1258) Concurrent Scan Root Regions 35.678ms
[597.978s][info][gc,marking  ] GC(1258) Concurrent Mark
[597.978s][info][gc,marking  ] GC(1258) Concurrent Mark From Roots
[597.978s][info][gc,task     ] GC(1258) Using 1 workers of 1 for marking
[598.029s][info][gc,marking  ] GC(1258) Concurrent Mark From Roots 51.249ms
[598.029s][info][gc,marking  ] GC(1258) Concurrent Preclean
[598.029s][info][gc,marking  ] GC(1258) Concurrent Preclean 0.073ms
[598.029s][info][gc,start    ] GC(1258) Pause Remark
[598.047s][info][gc          ] GC(1258) Pause Remark 224M->189M(510M) 18.124ms
[598.047s][info][gc,cpu      ] GC(1258) User=0.04s Sys=0.00s Real=0.01s
[598.047s][info][gc,marking  ] GC(1258) Concurrent Mark 69.757ms
[598.047s][info][gc,marking  ] GC(1258) Concurrent Rebuild Remembered Sets and Scrub Regions
[598.113s][info][gc,marking  ] GC(1258) Concurrent Rebuild Remembered Sets and Scrub Regions 65.679ms
[598.113s][info][gc,start    ] GC(1258) Pause Cleanup
[598.113s][info][gc          ] GC(1258) Pause Cleanup 215M->215M(510M) 0.083ms
[598.113s][info][gc,cpu      ] GC(1258) User=0.00s Sys=0.00s Real=0.00s
[598.113s][info][gc,marking  ] GC(1258) Concurrent Clear Claimed Marks
[598.113s][info][gc,marking  ] GC(1258) Concurrent Clear Claimed Marks 0.035ms
[598.113s][info][gc,marking  ] GC(1258) Concurrent Cleanup for Next Mark
[598.115s][info][gc,marking  ] GC(1258) Concurrent Cleanup for Next Mark 1.493ms
[598.115s][info][gc          ] GC(1258) Concurrent Mark Cycle 173.045ms
[599.495s][info][gc,start    ] GC(1259) Pause Young (Prepare Mixed) (G1 Evacuation Pause)
[599.495s][info][gc,task     ] GC(1259) Using 2 workers of 2 for evacuation
[599.560s][info][gc,phases   ] GC(1259)   Pre Evacuate Collection Set: 0.22ms
[599.560s][info][gc,phases   ] GC(1259)   Merge Heap Roots: 0.30ms
[599.560s][info][gc,phases   ] GC(1259)   Evacuate Collection Set: 63.66ms
[599.560s][info][gc,phases   ] GC(1259)   Post Evacuate Collection Set: 0.55ms
[599.560s][info][gc,phases   ] GC(1259)   Other: 0.08ms
[599.560s][info][gc,heap     ] GC(1259) Eden regions: 236->0(239)
[599.560s][info][gc,heap     ] GC(1259) Survivor regions: 22->22(33)
[599.560s][info][gc,heap     ] GC(1259) Old regions: 150->172
[599.560s][info][gc,heap     ] GC(1259) Humongous regions: 17->15
[599.560s][info][gc,metaspace] GC(1259) Metaspace: 43121K(43584K)->43121K(43584K) NonClass: 38773K(39040K)->38773K(39040K) Class: 4348K(4544K)->4348K(4544K)
[599.560s][info][gc          ] GC(1259) Pause Young (Prepare Mixed) (G1 Evacuation Pause) 424M->208M(510M) 65.075ms
[599.560s][info][gc,cpu      ] GC(1259) User=0.13s Sys=0.00s Real=0.07s
[600.769s][info][gc,start    ] GC(1260) Pause Young (Mixed) (G1 Evacuation Pause)
[600.769s][info][gc,task     ] GC(1260) Using 2 workers of 2 for evacuation
[600.807s][info][gc,phases   ] GC(1260)   Pre Evacuate Collection Set: 0.33ms
[600.807s][info][gc,phases   ] GC(1260)   Merge Heap Roots: 0.35ms
[600.807s][info][gc,phases   ] GC(1260)   Evacuate Collection Set: 37.31ms
[600.807s][info][gc,phases   ] GC(1260)   Post Evacuate Collection Set: 0.57ms
[600.807s][info][gc,phases   ] GC(1260)   Other: 0.10ms
[600.807s][info][gc,heap     ] GC(1260) Eden regions: 239->0(278)
[600.807s][info][gc,heap     ] GC(1260) Survivor regions: 22->8(33)
[600.807s][info][gc,heap     ] GC(1260) Old regions: 172->143
[600.807s][info][gc,heap     ] GC(1260) Humongous regions: 15->15
[600.807s][info][gc,metaspace] GC(1260) Metaspace: 43121K(43584K)->43121K(43584K) NonClass: 38773K(39040K)->38773K(39040K) Class: 4348K(4544K)->4348K(4544K)
[600.808s][info][gc          ] GC(1260) Pause Young (Mixed) (G1 Evacuation Pause) 447M->164M(510M) 38.865ms
[600.808s][info][gc,cpu      ] GC(1260) User=0.07s Sys=0.00s Real=0.04s
[602.518s][info][gc,start    ] GC(1261) Pause Young (Mixed) (G1 Evacuation Pause)
[602.519s][info][gc,task     ] GC(1261) Using 2 workers of 2 for evacuation
[602.555s][info][gc,phases   ] GC(1261)   Pre Evacuate Collection Set: 0.23ms
[602.555s][info][gc,phases   ] GC(1261)   Merge Heap Roots: 0.18ms
[602.555s][info][gc,phases   ] GC(1261)   Evacuate Collection Set: 35.09ms
[602.555s][info][gc,phases   ] GC(1261)   Post Evacuate Collection Set: 0.53ms
[602.555s][info][gc,phases   ] GC(1261)   Other: 0.09ms
[602.555s][info][gc,heap     ] GC(1261) Eden regions: 278->0(261)
[602.555s][info][gc,heap     ] GC(1261) Survivor regions: 8->36(36)
[602.555s][info][gc,heap     ] GC(1261) Old regions: 143->132
[602.555s][info][gc,heap     ] GC(1261) Humongous regions: 15->15
[602.555s][info][gc,metaspace] GC(1261) Metaspace: 43121K(43584K)->43121K(43584K) NonClass: 38773K(39040K)->38773K(39040K) Class: 4348K(4544K)->4348K(4544K)
[602.555s][info][gc          ] GC(1261) Pause Young (Mixed) (G1 Evacuation Pause) 442M->182M(510M) 36.342ms
[602.555s][info][gc,cpu      ] GC(1261) User=0.08s Sys=0.00s Real=0.04s
[603.267s][info][gc,start    ] GC(1262) Pause Young (Concurrent Start) (G1 Humongous Allocation)
[603.267s][info][gc,task     ] GC(1262) Using 2 workers of 2 for evacuation
[603.307s][info][gc,phases   ] GC(1262)   Pre Evacuate Collection Set: 0.34ms
[603.307s][info][gc,phases   ] GC(1262)   Merge Heap Roots: 0.09ms
[603.307s][info][gc,phases   ] GC(1262)   Evacuate Collection Set: 38.37ms
[603.307s][info][gc,phases   ] GC(1262)   Post Evacuate Collection Set: 0.44ms
[603.307s][info][gc,phases   ] GC(1262)   Other: 0.13ms
[603.307s][info][gc,heap     ] GC(1262) Eden regions: 107->0(255)
[603.307s][info][gc,heap     ] GC(1262) Survivor regions: 36->11(38)
[603.307s][info][gc,heap     ] GC(1262) Old regions: 132->167
[603.307s][info][gc,heap     ] GC(1262) Humongous regions: 15->15
[603.307s][info][gc,metaspace] GC(1262) Metaspace: 43121K(43584K)->43121K(43584K) NonClass: 38773K(39040K)->38773K(39040K) Class: 4348K(4544K)->4348K(4544K)
[603.307s][info][gc          ] GC(1262) Pause Young (Concurrent Start) (G1 Humongous Allocation) 289M->192M(510M) 39.579ms
[603.307s][info][gc,cpu      ] GC(1262) User=0.07s Sys=0.00s Real=0.04s
[603.307s][info][gc          ] GC(1263) Concurrent Mark Cycle
[603.307s][info][gc,marking  ] GC(1263) Concurrent Scan Root Regions
[603.335s][info][gc,marking  ] GC(1263) Concurrent Scan Root Regions 28.199ms
[603.335s][info][gc,marking  ] GC(1263) Concurrent Mark
[603.335s][info][gc,marking  ] GC(1263) Concurrent Mark From Roots
[603.335s][info][gc,task     ] GC(1263) Using 1 workers of 1 for marking
[603.367s][info][gc,marking  ] GC(1263) Concurrent Mark From Roots 31.305ms
[603.367s][info][gc,marking  ] GC(1263) Concurrent Preclean
[603.367s][info][gc,marking  ] GC(1263) Concurrent Preclean 0.033ms
[603.367s][info][gc,start    ] GC(1263) Pause Remark
[603.385s][info][gc          ] GC(1263) Pause Remark 204M->107M(324M) 17.798ms
[603.385s][info][gc,cpu      ] GC(1263) User=0.03s Sys=0.00s Real=0.02s
[603.385s][info][gc,marking  ] GC(1263) Concurrent Mark 49.456ms
[603.385s][info][gc,marking  ] GC(1263) Concurrent Rebuild Remembered Sets and Scrub Regions
[603.418s][info][gc,marking  ] GC(1263) Concurrent Rebuild Remembered Sets and Scrub Regions 33.612ms
[603.418s][info][gc,start    ] GC(1263) Pause Cleanup
[603.418s][info][gc          ] GC(1263) Pause Cleanup 113M->113M(324M) 0.044ms
[603.418s][info][gc,cpu      ] GC(1263) User=0.00s Sys=0.00s Real=0.00s
[603.418s][info][gc,marking  ] GC(1263) Concurrent Clear Claimed Marks
[603.418s][info][gc,marking  ] GC(1263) Concurrent Clear Claimed Marks 0.037ms
[603.418s][info][gc,marking  ] GC(1263) Concurrent Cleanup for Next Mark
[603.419s][info][gc,marking  ] GC(1263) Concurrent Cleanup for Next Mark 0.937ms
[603.419s][info][gc          ] GC(1263) Concurrent Mark Cycle 112.598ms
[604.462s][info][gc,start    ] GC(1264) Pause Young (Prepare Mixed) (G1 Evacuation Pause)
[604.462s][info][gc,task     ] GC(1264) Using 2 workers of 2 for evacuation
[604.483s][info][gc,phases   ] GC(1264)   Pre Evacuate Collection Set: 0.20ms
[604.483s][info][gc,phases   ] GC(1264)   Merge Heap Roots: 0.14ms
[604.483s][info][gc,phases   ] GC(1264)   Evacuate Collection Set: 19.71ms
[604.483s][info][gc,phases   ] GC(1264)   Post Evacuate Collection Set: 0.43ms
[604.483s][info][gc,phases   ] GC(1264)   Other: 0.09ms
[604.483s][info][gc,heap     ] GC(1264) Eden regions: 183->0(175)
[604.483s][info][gc,heap     ] GC(1264) Survivor regions: 11->19(25)
[604.483s][info][gc,heap     ] GC(1264) Old regions: 84->84
[604.483s][info][gc,heap     ] GC(1264) Humongous regions: 2->2
[604.483s][info][gc,metaspace] GC(1264) Metaspace: 43121K(43584K)->43121K(43584K) NonClass: 38773K(39040K)->38773K(39040K) Class: 4348K(4544K)->4348K(4544K)
[604.483s][info][gc          ] GC(1264) Pause Young (Prepare Mixed) (G1 Evacuation Pause) 279M->104M(324M) 20.805ms
[604.483s][info][gc,cpu      ] GC(1264) User=0.04s Sys=0.01s Real=0.02s
[605.204s][info][gc,start    ] GC(1265) Pause Young (Mixed) (G1 Evacuation Pause)
[605.204s][info][gc,task     ] GC(1265) Using 2 workers of 2 for evacuation
[605.243s][info][gc,phases   ] GC(1265)   Pre Evacuate Collection Set: 0.22ms
[605.243s][info][gc,phases   ] GC(1265)   Merge Heap Roots: 0.11ms
[605.243s][info][gc,phases   ] GC(1265)   Evacuate Collection Set: 38.02ms
[605.243s][info][gc,phases   ] GC(1265)   Post Evacuate Collection Set: 0.47ms
[605.243s][info][gc,phases   ] GC(1265)   Other: 0.08ms
[605.243s][info][gc,heap     ] GC(1265) Eden regions: 175->0(157)
[605.243s][info][gc,heap     ] GC(1265) Survivor regions: 19->24(25)
[605.243s][info][gc,heap     ] GC(1265) Old regions: 84->96
[605.243s][info][gc,heap     ] GC(1265) Humongous regions: 4->4
[605.243s][info][gc,metaspace] GC(1265) Metaspace: 43122K(43584K)->43122K(43584K) NonClass: 38774K(39040K)->38774K(39040K) Class: 4348K(4544K)->4348K(4544K)
[605.243s][info][gc          ] GC(1265) Pause Young (Mixed) (G1 Evacuation Pause) 281M->123M(325M) 39.108ms
[605.243s][info][gc,cpu      ] GC(1265) User=0.08s Sys=0.01s Real=0.04s
[605.330s][info][gc,start    ] GC(1266) Pause Young (Concurrent Start) (G1 Humongous Allocation)
[605.330s][info][gc,task     ] GC(1266) Using 2 workers of 2 for evacuation
[605.354s][info][gc,phases   ] GC(1266)   Pre Evacuate Collection Set: 0.21ms
[605.354s][info][gc,phases   ] GC(1266)   Merge Heap Roots: 0.06ms
[605.354s][info][gc,phases   ] GC(1266)   Evacuate Collection Set: 22.41ms
[605.354s][info][gc,phases   ] GC(1266)   Post Evacuate Collection Set: 0.36ms
[605.354s][info][gc,phases   ] GC(1266)   Other: 0.10ms
[605.354s][info][gc,heap     ] GC(1266) Eden regions: 35->0(150)
[605.354s][info][gc,heap     ] GC(1266) Survivor regions: 24->5(23)
[605.354s][info][gc,heap     ] GC(1266) Old regions: 96->120
[605.354s][info][gc,heap     ] GC(1266) Humongous regions: 4->4
[605.354s][info][gc,metaspace] GC(1266) Metaspace: 43122K(43584K)->43122K(43584K) NonClass: 38774K(39040K)->38774K(39040K) Class: 4348K(4544K)->4348K(4544K)
[605.354s][info][gc          ] GC(1266) Pause Young (Concurrent Start) (G1 Humongous Allocation) 157M->127M(325M) 23.368ms
[605.354s][info][gc          ] GC(1267) Concurrent Mark Cycle
[605.354s][info][gc,marking  ] GC(1267) Concurrent Scan Root Regions
[605.356s][info][gc,cpu      ] GC(1266) User=0.05s Sys=0.00s Real=0.02s
[605.374s][info][gc,marking  ] GC(1267) Concurrent Scan Root Regions 19.921ms
[605.374s][info][gc,marking  ] GC(1267) Concurrent Mark
[605.374s][info][gc,marking  ] GC(1267) Concurrent Mark From Roots
[605.374s][info][gc,task     ] GC(1267) Using 1 workers of 1 for marking
[605.407s][info][gc,marking  ] GC(1267) Concurrent Mark From Roots 33.560ms
[605.407s][info][gc,marking  ] GC(1267) Concurrent Preclean
[605.407s][info][gc,marking  ] GC(1267) Concurrent Preclean 0.035ms
[605.408s][info][gc,start    ] GC(1267) Pause Remark
[605.425s][info][gc          ] GC(1267) Pause Remark 145M->113M(325M) 17.466ms
[605.425s][info][gc,cpu      ] GC(1267) User=0.03s Sys=0.00s Real=0.02s
[605.425s][info][gc,marking  ] GC(1267) Concurrent Mark 51.372ms
[605.425s][info][gc,marking  ] GC(1267) Concurrent Rebuild Remembered Sets and Scrub Regions
[605.460s][info][gc,marking  ] GC(1267) Concurrent Rebuild Remembered Sets and Scrub Regions 35.311ms
[605.461s][info][gc,start    ] GC(1267) Pause Cleanup
[605.461s][info][gc          ] GC(1267) Pause Cleanup 126M->126M(325M) 0.060ms
[605.461s][info][gc,cpu      ] GC(1267) User=0.00s Sys=0.00s Real=0.00s
[605.461s][info][gc,marking  ] GC(1267) Concurrent Clear Claimed Marks
[605.461s][info][gc,marking  ] GC(1267) Concurrent Clear Claimed Marks 0.035ms
[605.461s][info][gc,marking  ] GC(1267) Concurrent Cleanup for Next Mark
[605.462s][info][gc,marking  ] GC(1267) Concurrent Cleanup for Next Mark 0.973ms
[605.462s][info][gc          ] GC(1267) Concurrent Mark Cycle 108.009ms
[605.788s][info][gc,start    ] GC(1268) Pause Young (Prepare Mixed) (G1 Evacuation Pause)
[605.788s][info][gc,task     ] GC(1268) Using 2 workers of 2 for evacuation
[605.816s][info][gc,phases   ] GC(1268)   Pre Evacuate Collection Set: 0.24ms
[605.816s][info][gc,phases   ] GC(1268)   Merge Heap Roots: 0.11ms
[605.816s][info][gc,phases   ] GC(1268)   Evacuate Collection Set: 26.98ms
[605.816s][info][gc,phases   ] GC(1268)   Post Evacuate Collection Set: 0.42ms
[605.816s][info][gc,phases   ] GC(1268)   Other: 0.08ms
[605.816s][info][gc,heap     ] GC(1268) Eden regions: 150->0(160)
[605.816s][info][gc,heap     ] GC(1268) Survivor regions: 5->20(20)
[605.816s][info][gc,heap     ] GC(1268) Old regions: 89->91
[605.816s][info][gc,heap     ] GC(1268) Humongous regions: 6->6
[605.816s][info][gc,metaspace] GC(1268) Metaspace: 43122K(43584K)->43122K(43584K) NonClass: 38774K(39040K)->38774K(39040K) Class: 4348K(4544K)->4348K(4544K)
[605.816s][info][gc          ] GC(1268) Pause Young (Prepare Mixed) (G1 Evacuation Pause) 248M->116M(325M) 28.071ms
[605.816s][info][gc,cpu      ] GC(1268) User=0.05s Sys=0.00s Real=0.03s
[606.197s][info][gc,start    ] GC(1269) Pause Young (Mixed) (G1 Evacuation Pause)
[606.197s][info][gc,task     ] GC(1269) Using 2 workers of 2 for evacuation
[606.248s][info][gc,phases   ] GC(1269)   Pre Evacuate Collection Set: 0.20ms
[606.248s][info][gc,phases   ] GC(1269)   Merge Heap Roots: 0.31ms
[606.248s][info][gc,phases   ] GC(1269)   Evacuate Collection Set: 49.97ms
[606.248s][info][gc,phases   ] GC(1269)   Post Evacuate Collection Set: 0.52ms
[606.248s][info][gc,phases   ] GC(1269)   Other: 0.09ms
[606.248s][info][gc,heap     ] GC(1269) Eden regions: 160->0(166)
[606.248s][info][gc,heap     ] GC(1269) Survivor regions: 20->20(23)
[606.248s][info][gc,heap     ] GC(1269) Old regions: 91->83
[606.248s][info][gc,heap     ] GC(1269) Humongous regions: 6->6
[606.248s][info][gc,metaspace] GC(1269) Metaspace: 43122K(43584K)->43122K(43584K) NonClass: 38774K(39040K)->38774K(39040K) Class: 4348K(4544K)->4348K(4544K)
[606.248s][info][gc          ] GC(1269) Pause Young (Mixed) (G1 Evacuation Pause) 276M->108M(325M) 51.347ms
[606.248s][info][gc,cpu      ] GC(1269) User=0.10s Sys=0.00s Real=0.05s
[606.490s][info][gc,start    ] GC(1270) Pause Young (Concurrent Start) (G1 Humongous Allocation)
[606.490s][info][gc,task     ] GC(1270) Using 2 workers of 2 for evacuation
[606.523s][info][gc,phases   ] GC(1270)   Pre Evacuate Collection Set: 0.21ms
[606.524s][info][gc,phases   ] GC(1270)   Merge Heap Roots: 0.08ms
[606.524s][info][gc,phases   ] GC(1270)   Evacuate Collection Set: 32.89ms
[606.524s][info][gc,phases   ] GC(1270)   Post Evacuate Collection Set: 0.40ms
[606.524s][info][gc,phases   ] GC(1270)   Other: 0.10ms
[606.524s][info][gc,heap     ] GC(1270) Eden regions: 100->0(159)
[606.524s][info][gc,heap     ] GC(1270) Survivor regions: 20->12(24)
[606.524s][info][gc,heap     ] GC(1270) Old regions: 83->102
[606.524s][info][gc,heap     ] GC(1270) Humongous regions: 6->6
[606.524s][info][gc,metaspace] GC(1270) Metaspace: 43122K(43584K)->43122K(43584K) NonClass: 38774K(39040K)->38774K(39040K) Class: 4348K(4544K)->4348K(4544K)
[606.524s][info][gc          ] GC(1270) Pause Young (Concurrent Start) (G1 Humongous Allocation) 208M->120M(325M) 33.898ms
[606.524s][info][gc,cpu      ] GC(1270) User=0.07s Sys=0.00s Real=0.03s
[606.524s][info][gc          ] GC(1271) Concurrent Mark Cycle
[606.524s][info][gc,marking  ] GC(1271) Concurrent Scan Root Regions
[606.550s][info][gc,marking  ] GC(1271) Concurrent Scan Root Regions 26.159ms
[606.550s][info][gc,marking  ] GC(1271) Concurrent Mark
[606.550s][info][gc,marking  ] GC(1271) Concurrent Mark From Roots
[606.550s][info][gc,task     ] GC(1271) Using 1 workers of 1 for marking
[606.633s][info][gc,marking  ] GC(1271) Concurrent Mark From Roots 82.830ms
[606.633s][info][gc,marking  ] GC(1271) Concurrent Preclean
[606.633s][info][gc,marking  ] GC(1271) Concurrent Preclean 0.038ms
[606.633s][info][gc,start    ] GC(1271) Pause Remark
[606.651s][info][gc          ] GC(1271) Pause Remark 146M->142M(325M) 17.459ms
[606.651s][info][gc,cpu      ] GC(1271) User=0.04s Sys=0.00s Real=0.02s
[606.651s][info][gc,marking  ] GC(1271) Concurrent Mark 100.686ms
[606.651s][info][gc,marking  ] GC(1271) Concurrent Rebuild Remembered Sets and Scrub Regions
[606.711s][info][gc,marking  ] GC(1271) Concurrent Rebuild Remembered Sets and Scrub Regions 59.991ms
[606.711s][info][gc,start    ] GC(1271) Pause Cleanup
[606.711s][info][gc          ] GC(1271) Pause Cleanup 169M->169M(325M) 0.053ms
[606.711s][info][gc,cpu      ] GC(1271) User=0.00s Sys=0.00s Real=0.00s
[606.711s][info][gc,marking  ] GC(1271) Concurrent Clear Claimed Marks
[606.711s][info][gc,marking  ] GC(1271) Concurrent Clear Claimed Marks 0.035ms
[606.711s][info][gc,marking  ] GC(1271) Concurrent Cleanup for Next Mark
[606.712s][info][gc,marking  ] GC(1271) Concurrent Cleanup for Next Mark 0.945ms
[606.712s][info][gc          ] GC(1271) Concurrent Mark Cycle 188.217ms
[607.149s][info][gc,start    ] GC(1272) Pause Young (Prepare Mixed) (G1 Evacuation Pause)
[607.149s][info][gc,task     ] GC(1272) Using 2 workers of 2 for evacuation
[607.199s][info][gc,phases   ] GC(1272)   Pre Evacuate Collection Set: 0.20ms
[607.199s][info][gc,phases   ] GC(1272)   Merge Heap Roots: 0.15ms
[607.199s][info][gc,phases   ] GC(1272)   Evacuate Collection Set: 48.94ms
[607.199s][info][gc,phases   ] GC(1272)   Post Evacuate Collection Set: 0.50ms
[607.199s][info][gc,phases   ] GC(1272)   Other: 0.09ms
[607.199s][info][gc,heap     ] GC(1272) Eden regions: 159->0(130)
[607.199s][info][gc,heap     ] GC(1272) Survivor regions: 12->22(22)
[607.199s][info][gc,heap     ] GC(1272) Old regions: 99->115
[607.199s][info][gc,heap     ] GC(1272) Humongous regions: 11->11
[607.199s][info][gc,metaspace] GC(1272) Metaspace: 43122K(43584K)->43122K(43584K) NonClass: 38774K(39040K)->38774K(39040K) Class: 4348K(4544K)->4348K(4544K)
[607.199s][info][gc          ] GC(1272) Pause Young (Prepare Mixed) (G1 Evacuation Pause) 281M->148M(325M) 50.136ms
[607.199s][info][gc,cpu      ] GC(1272) User=0.09s Sys=0.00s Real=0.06s
[608.347s][info][gc,start    ] GC(1273) Pause Young (Mixed) (G1 Evacuation Pause)
[608.348s][info][gc,task     ] GC(1273) Using 2 workers of 2 for evacuation
[608.398s][info][gc,phases   ] GC(1273)   Pre Evacuate Collection Set: 0.19ms
[608.398s][info][gc,phases   ] GC(1273)   Merge Heap Roots: 0.34ms
[608.398s][info][gc,phases   ] GC(1273)   Evacuate Collection Set: 49.09ms
[608.398s][info][gc,phases   ] GC(1273)   Post Evacuate Collection Set: 1.02ms
[608.398s][info][gc,phases   ] GC(1273)   Other: 0.08ms
[608.398s][info][gc,heap     ] GC(1273) Eden regions: 130->0(174)
[608.398s][info][gc,heap     ] GC(1273) Survivor regions: 22->14(19)
[608.398s][info][gc,heap     ] GC(1273) Old regions: 115->122
[608.398s][info][gc,heap     ] GC(1273) Humongous regions: 17->15
[608.398s][info][gc,metaspace] GC(1273) Metaspace: 43122K(43584K)->43122K(43584K) NonClass: 38774K(39040K)->38774K(39040K) Class: 4348K(4544K)->4348K(4544K)
[608.398s][info][gc          ] GC(1273) Pause Young (Mixed) (G1 Evacuation Pause) 284M->150M(387M) 50.930ms
[608.398s][info][gc,cpu      ] GC(1273) User=0.10s Sys=0.00s Real=0.05s
[609.319s][info][gc,start    ] GC(1274) Pause Young (Concurrent Start) (G1 Evacuation Pause)
[609.319s][info][gc,task     ] GC(1274) Using 2 workers of 2 for evacuation
[609.344s][info][gc,phases   ] GC(1274)   Pre Evacuate Collection Set: 0.27ms
[609.344s][info][gc,phases   ] GC(1274)   Merge Heap Roots: 0.13ms
[609.344s][info][gc,phases   ] GC(1274)   Evacuate Collection Set: 24.37ms
[609.344s][info][gc,phases   ] GC(1274)   Post Evacuate Collection Set: 0.45ms
[609.344s][info][gc,phases   ] GC(1274)   Other: 0.10ms
[609.344s][info][gc,heap     ] GC(1274) Eden regions: 174->0(174)
[609.344s][info][gc,heap     ] GC(1274) Survivor regions: 14->9(24)
[609.344s][info][gc,heap     ] GC(1274) Old regions: 122->134
[609.344s][info][gc,heap     ] GC(1274) Humongous regions: 15->15
[609.344s][info][gc,metaspace] GC(1274) Metaspace: 43122K(43584K)->43122K(43584K) NonClass: 38774K(39040K)->38774K(39040K) Class: 4348K(4544K)->4348K(4544K)
[609.344s][info][gc          ] GC(1274) Pause Young (Concurrent Start) (G1 Evacuation Pause) 324M->157M(387M) 25.542ms
[609.344s][info][gc,cpu      ] GC(1274) User=0.05s Sys=0.00s Real=0.03s
[609.344s][info][gc          ] GC(1275) Concurrent Mark Cycle
[609.344s][info][gc,marking  ] GC(1275) Concurrent Scan Root Regions
[609.373s][info][gc,marking  ] GC(1275) Concurrent Scan Root Regions 28.816ms
[609.373s][info][gc,marking  ] GC(1275) Concurrent Mark
[609.373s][info][gc,marking  ] GC(1275) Concurrent Mark From Roots
[609.373s][info][gc,task     ] GC(1275) Using 1 workers of 1 for marking
[609.420s][info][gc,marking  ] GC(1275) Concurrent Mark From Roots 46.305ms
[609.420s][info][gc,marking  ] GC(1275) Concurrent Preclean
[609.420s][info][gc,marking  ] GC(1275) Concurrent Preclean 0.036ms
[609.420s][info][gc,start    ] GC(1275) Pause Remark
[609.437s][info][gc          ] GC(1275) Pause Remark 171M->149M(387M) 17.341ms
[609.437s][info][gc,cpu      ] GC(1275) User=0.03s Sys=0.00s Real=0.01s
[609.437s][info][gc,marking  ] GC(1275) Concurrent Mark 64.010ms
[609.437s][info][gc,marking  ] GC(1275) Concurrent Rebuild Remembered Sets and Scrub Regions
[609.483s][info][gc,marking  ] GC(1275) Concurrent Rebuild Remembered Sets and Scrub Regions 46.080ms
[609.484s][info][gc,start    ] GC(1275) Pause Cleanup
[609.484s][info][gc          ] GC(1275) Pause Cleanup 158M->158M(387M) 0.080ms
[609.484s][info][gc,cpu      ] GC(1275) User=0.00s Sys=0.00s Real=0.00s
[609.484s][info][gc,marking  ] GC(1275) Concurrent Clear Claimed Marks
[609.484s][info][gc,marking  ] GC(1275) Concurrent Clear Claimed Marks 0.037ms
[609.484s][info][gc,marking  ] GC(1275) Concurrent Cleanup for Next Mark
[609.486s][info][gc,marking  ] GC(1275) Concurrent Cleanup for Next Mark 1.852ms
[609.486s][info][gc          ] GC(1275) Concurrent Mark Cycle 141.253ms
[610.433s][info][gc,start    ] GC(1276) Pause Young (Prepare Mixed) (G1 Evacuation Pause)
[610.433s][info][gc,task     ] GC(1276) Using 2 workers of 2 for evacuation
[610.458s][info][gc,phases   ] GC(1276)   Pre Evacuate Collection Set: 0.20ms
[610.458s][info][gc,phases   ] GC(1276)   Merge Heap Roots: 0.08ms
[610.458s][info][gc,phases   ] GC(1276)   Evacuate Collection Set: 23.79ms
[610.458s][info][gc,phases   ] GC(1276)   Post Evacuate Collection Set: 0.47ms
[610.458s][info][gc,phases   ] GC(1276)   Other: 0.11ms
[610.458s][info][gc,heap     ] GC(1276) Eden regions: 174->0(179)
[610.458s][info][gc,heap     ] GC(1276) Survivor regions: 9->23(23)
[610.458s][info][gc,heap     ] GC(1276) Old regions: 126->129
[610.458s][info][gc,heap     ] GC(1276) Humongous regions: 1->1
[610.458s][info][gc,metaspace] GC(1276) Metaspace: 43122K(43584K)->43122K(43584K) NonClass: 38774K(39040K)->38774K(39040K) Class: 4348K(4544K)->4348K(4544K)
[610.458s][info][gc          ] GC(1276) Pause Young (Prepare Mixed) (G1 Evacuation Pause) 309M->153M(387M) 24.871ms
[610.458s][info][gc,cpu      ] GC(1276) User=0.05s Sys=0.00s Real=0.02s
[611.587s][info][gc,start    ] GC(1277) Pause Young (Mixed) (G1 Evacuation Pause)
[611.587s][info][gc,task     ] GC(1277) Using 2 workers of 2 for evacuation
[611.631s][info][gc,phases   ] GC(1277)   Pre Evacuate Collection Set: 0.20ms
[611.631s][info][gc,phases   ] GC(1277)   Merge Heap Roots: 0.28ms
[611.631s][info][gc,phases   ] GC(1277)   Evacuate Collection Set: 42.71ms
[611.631s][info][gc,phases   ] GC(1277)   Post Evacuate Collection Set: 0.53ms
[611.631s][info][gc,phases   ] GC(1277)   Other: 0.10ms
[611.631s][info][gc,heap     ] GC(1277) Eden regions: 179->0(195)
[611.631s][info][gc,heap     ] GC(1277) Survivor regions: 23->17(26)
[611.631s][info][gc,heap     ] GC(1277) Old regions: 129->117
[611.631s][info][gc,heap     ] GC(1277) Humongous regions: 1->1
[611.631s][info][gc,metaspace] GC(1277) Metaspace: 43122K(43584K)->43122K(43584K) NonClass: 38774K(39040K)->38774K(39040K) Class: 4348K(4544K)->4348K(4544K)
[611.631s][info][gc          ] GC(1277) Pause Young (Mixed) (G1 Evacuation Pause) 332M->134M(387M) 44.033ms
[611.631s][info][gc,cpu      ] GC(1277) User=0.09s Sys=0.00s Real=0.05s
[612.826s][info][gc,start    ] GC(1278) Pause Young (Mixed) (G1 Evacuation Pause)
[612.826s][info][gc,task     ] GC(1278) Using 2 workers of 2 for evacuation
[612.867s][info][gc,phases   ] GC(1278)   Pre Evacuate Collection Set: 0.21ms
[612.867s][info][gc,phases   ] GC(1278)   Merge Heap Roots: 0.38ms
[612.867s][info][gc,phases   ] GC(1278)   Evacuate Collection Set: 40.11ms
[612.867s][info][gc,phases   ] GC(1278)   Post Evacuate Collection Set: 0.52ms
[612.867s][info][gc,phases   ] GC(1278)   Other: 0.08ms
[612.867s][info][gc,heap     ] GC(1278) Eden regions: 195->0(198)
[612.867s][info][gc,heap     ] GC(1278) Survivor regions: 17->21(27)
[612.867s][info][gc,heap     ] GC(1278) Old regions: 117->109
[612.867s][info][gc,heap     ] GC(1278) Humongous regions: 2->2
[612.867s][info][gc,metaspace] GC(1278) Metaspace: 43122K(43584K)->43122K(43584K) NonClass: 38774K(39040K)->38774K(39040K) Class: 4348K(4544K)->4348K(4544K)
[612.867s][info][gc          ] GC(1278) Pause Young (Mixed) (G1 Evacuation Pause) 330M->131M(387M) 41.514ms
[612.867s][info][gc,cpu      ] GC(1278) User=0.08s Sys=0.00s Real=0.04s
[613.607s][info][gc,start    ] GC(1279) Pause Young (Concurrent Start) (G1 Humongous Allocation)
[613.607s][info][gc,task     ] GC(1279) Using 2 workers of 2 for evacuation
[613.638s][info][gc,phases   ] GC(1279)   Pre Evacuate Collection Set: 0.21ms
[613.638s][info][gc,phases   ] GC(1279)   Merge Heap Roots: 0.07ms
[613.638s][info][gc,phases   ] GC(1279)   Evacuate Collection Set: 29.82ms
[613.638s][info][gc,phases   ] GC(1279)   Post Evacuate Collection Set: 0.44ms
[613.638s][info][gc,phases   ] GC(1279)   Other: 0.08ms
[613.638s][info][gc,heap     ] GC(1279) Eden regions: 132->0(186)
[613.638s][info][gc,heap     ] GC(1279) Survivor regions: 21->15(28)
[613.638s][info][gc,heap     ] GC(1279) Old regions: 109->129
[613.638s][info][gc,heap     ] GC(1279) Humongous regions: 2->2
[613.638s][info][gc,metaspace] GC(1279) Metaspace: 43122K(43584K)->43122K(43584K) NonClass: 38774K(39040K)->38774K(39040K) Class: 4348K(4544K)->4348K(4544K)
[613.638s][info][gc          ] GC(1279) Pause Young (Concurrent Start) (G1 Humongous Allocation) 262M->145M(387M) 30.863ms
[613.638s][info][gc          ] GC(1280) Concurrent Mark Cycle
[613.638s][info][gc,marking  ] GC(1280) Concurrent Scan Root Regions
[613.640s][info][gc,cpu      ] GC(1279) User=0.06s Sys=0.00s Real=0.04s
[613.663s][info][gc,marking  ] GC(1280) Concurrent Scan Root Regions 24.833ms
[613.663s][info][gc,marking  ] GC(1280) Concurrent Mark
[613.663s][info][gc,marking  ] GC(1280) Concurrent Mark From Roots
[613.663s][info][gc,task     ] GC(1280) Using 1 workers of 1 for marking
[613.699s][info][gc,marking  ] GC(1280) Concurrent Mark From Roots 35.564ms
[613.699s][info][gc,marking  ] GC(1280) Concurrent Preclean
[613.699s][info][gc,marking  ] GC(1280) Concurrent Preclean 0.033ms
[613.699s][info][gc,start    ] GC(1280) Pause Remark
[613.717s][info][gc          ] GC(1280) Pause Remark 152M->110M(354M) 18.028ms
[613.717s][info][gc,cpu      ] GC(1280) User=0.03s Sys=0.00s Real=0.02s
[613.717s][info][gc,marking  ] GC(1280) Concurrent Mark 53.854ms
[613.717s][info][gc,marking  ] GC(1280) Concurrent Rebuild Remembered Sets and Scrub Regions
[613.744s][info][gc,marking  ] GC(1280) Concurrent Rebuild Remembered Sets and Scrub Regions 27.504ms
[613.745s][info][gc,start    ] GC(1280) Pause Cleanup
[613.745s][info][gc          ] GC(1280) Pause Cleanup 110M->110M(354M) 0.048ms
[613.745s][info][gc,cpu      ] GC(1280) User=0.00s Sys=0.00s Real=0.00s
[613.745s][info][gc,marking  ] GC(1280) Concurrent Clear Claimed Marks
[613.745s][info][gc,marking  ] GC(1280) Concurrent Clear Claimed Marks 0.032ms
[613.745s][info][gc,marking  ] GC(1280) Concurrent Cleanup for Next Mark
[613.746s][info][gc,marking  ] GC(1280) Concurrent Cleanup for Next Mark 1.074ms
[613.746s][info][gc          ] GC(1280) Concurrent Mark Cycle 107.563ms
[614.523s][info][gc,start    ] GC(1281) Pause Young (Prepare Mixed) (G1 Evacuation Pause)
[614.523s][info][gc,task     ] GC(1281) Using 2 workers of 2 for evacuation
[614.532s][info][gc,phases   ] GC(1281)   Pre Evacuate Collection Set: 0.18ms
[614.532s][info][gc,phases   ] GC(1281)   Merge Heap Roots: 0.08ms
[614.532s][info][gc,phases   ] GC(1281)   Evacuate Collection Set: 8.29ms
[614.532s][info][gc,phases   ] GC(1281)   Post Evacuate Collection Set: 0.46ms
[614.532s][info][gc,phases   ] GC(1281)   Other: 0.08ms
[614.532s][info][gc,heap     ] GC(1281) Eden regions: 186->0(200)
[614.532s][info][gc,heap     ] GC(1281) Survivor regions: 15->6(26)
[614.532s][info][gc,heap     ] GC(1281) Old regions: 87->94
[614.532s][info][gc,heap     ] GC(1281) Humongous regions: 22->4
[614.532s][info][gc,metaspace] GC(1281) Metaspace: 43122K(43584K)->43122K(43584K) NonClass: 38774K(39040K)->38774K(39040K) Class: 4348K(4544K)->4348K(4544K)
[614.532s][info][gc          ] GC(1281) Pause Young (Prepare Mixed) (G1 Evacuation Pause) 309M->103M(354M) 9.287ms
[614.532s][info][gc,cpu      ] GC(1281) User=0.02s Sys=0.00s Real=0.01s
[615.393s][info][gc,start    ] GC(1282) Pause Young (Mixed) (G1 Evacuation Pause)
[615.393s][info][gc,task     ] GC(1282) Using 2 workers of 2 for evacuation
[615.409s][info][gc,phases   ] GC(1282)   Pre Evacuate Collection Set: 0.21ms
[615.409s][info][gc,phases   ] GC(1282)   Merge Heap Roots: 0.12ms
[615.409s][info][gc,phases   ] GC(1282)   Evacuate Collection Set: 15.24ms
[615.409s][info][gc,phases   ] GC(1282)   Post Evacuate Collection Set: 0.50ms
[615.409s][info][gc,phases   ] GC(1282)   Other: 0.08ms
[615.409s][info][gc,heap     ] GC(1282) Eden regions: 200->0(200)
[615.409s][info][gc,heap     ] GC(1282) Survivor regions: 6->12(26)
[615.409s][info][gc,heap     ] GC(1282) Old regions: 94->68
[615.409s][info][gc,heap     ] GC(1282) Humongous regions: 12->4
[615.409s][info][gc,metaspace] GC(1282) Metaspace: 43122K(43584K)->43122K(43584K) NonClass: 38774K(39040K)->38774K(39040K) Class: 4348K(4544K)->4348K(4544K)
[615.409s][info][gc          ] GC(1282) Pause Young (Mixed) (G1 Evacuation Pause) 311M->83M(354M) 16.365ms
[615.409s][info][gc,cpu      ] GC(1282) User=0.03s Sys=0.01s Real=0.02s
[615.507s][info][gc,start    ] GC(1283) Pause Young (Concurrent Start) (G1 Humongous Allocation)
[615.507s][info][gc,task     ] GC(1283) Using 2 workers of 2 for evacuation
[615.510s][info][gc,phases   ] GC(1283)   Pre Evacuate Collection Set: 0.19ms
[615.510s][info][gc,phases   ] GC(1283)   Merge Heap Roots: 0.04ms
[615.510s][info][gc,phases   ] GC(1283)   Evacuate Collection Set: 2.30ms
[615.510s][info][gc,phases   ] GC(1283)   Post Evacuate Collection Set: 0.35ms
[615.510s][info][gc,phases   ] GC(1283)   Other: 0.10ms
[615.510s][info][gc,heap     ] GC(1283) Eden regions: 24->0(209)
[615.510s][info][gc,heap     ] GC(1283) Survivor regions: 12->3(27)
[615.510s][info][gc,heap     ] GC(1283) Old regions: 68->68
[615.510s][info][gc,heap     ] GC(1283) Humongous regions: 4->2
[615.510s][info][gc,metaspace] GC(1283) Metaspace: 43122K(43584K)->43122K(43584K) NonClass: 38774K(39040K)->38774K(39040K) Class: 4348K(4544K)->4348K(4544K)
[615.510s][info][gc          ] GC(1283) Pause Young (Concurrent Start) (G1 Humongous Allocation) 107M->72M(354M) 3.137ms
[615.510s][info][gc,cpu      ] GC(1283) User=0.00s Sys=0.00s Real=0.01s
[615.511s][info][gc          ] GC(1284) Concurrent Mark Cycle
[615.511s][info][gc,marking  ] GC(1284) Concurrent Scan Root Regions
[615.514s][info][gc,marking  ] GC(1284) Concurrent Scan Root Regions 3.606ms
[615.514s][info][gc,marking  ] GC(1284) Concurrent Mark
[615.514s][info][gc,marking  ] GC(1284) Concurrent Mark From Roots
[615.514s][info][gc,task     ] GC(1284) Using 1 workers of 1 for marking
[615.553s][info][gc,marking  ] GC(1284) Concurrent Mark From Roots 38.691ms
[615.553s][info][gc,marking  ] GC(1284) Concurrent Preclean
[615.553s][info][gc,marking  ] GC(1284) Concurrent Preclean 0.041ms
[615.553s][info][gc,start    ] GC(1284) Pause Remark
[615.570s][info][gc          ] GC(1284) Pause Remark 86M->80M(256M) 17.294ms
[615.570s][info][gc,cpu      ] GC(1284) User=0.04s Sys=0.00s Real=0.02s
[615.570s][info][gc,marking  ] GC(1284) Concurrent Mark 56.244ms
[615.570s][info][gc,marking  ] GC(1284) Concurrent Rebuild Remembered Sets and Scrub Regions
[615.586s][info][gc,marking  ] GC(1284) Concurrent Rebuild Remembered Sets and Scrub Regions 16.063ms
[615.587s][info][gc,start    ] GC(1284) Pause Cleanup
[615.587s][info][gc          ] GC(1284) Pause Cleanup 84M->84M(256M) 0.043ms
[615.587s][info][gc,cpu      ] GC(1284) User=0.00s Sys=0.00s Real=0.00s
[615.587s][info][gc,marking  ] GC(1284) Concurrent Clear Claimed Marks
[615.587s][info][gc,marking  ] GC(1284) Concurrent Clear Claimed Marks 0.031ms
[615.587s][info][gc,marking  ] GC(1284) Concurrent Cleanup for Next Mark
[615.587s][info][gc,marking  ] GC(1284) Concurrent Cleanup for Next Mark 0.747ms
[615.587s][info][gc          ] GC(1284) Concurrent Mark Cycle 76.902ms
[616.170s][info][gc,start    ] GC(1285) Pause Young (Prepare Mixed) (G1 Evacuation Pause)
[616.170s][info][gc,task     ] GC(1285) Using 2 workers of 2 for evacuation
[616.191s][info][gc,phases   ] GC(1285)   Pre Evacuate Collection Set: 0.14ms
[616.191s][info][gc,phases   ] GC(1285)   Merge Heap Roots: 0.06ms
[616.191s][info][gc,phases   ] GC(1285)   Evacuate Collection Set: 20.98ms
[616.191s][info][gc,phases   ] GC(1285)   Post Evacuate Collection Set: 0.42ms
[616.191s][info][gc,phases   ] GC(1285)   Other: 0.07ms
[616.191s][info][gc,heap     ] GC(1285) Eden regions: 150->0(131)
[616.192s][info][gc,heap     ] GC(1285) Survivor regions: 3->20(20)
[616.192s][info][gc,heap     ] GC(1285) Old regions: 63->64
[616.192s][info][gc,heap     ] GC(1285) Humongous regions: 5->3
[616.192s][info][gc,metaspace] GC(1285) Metaspace: 43122K(43584K)->43122K(43584K) NonClass: 38774K(39040K)->38774K(39040K) Class: 4348K(4544K)->4348K(4544K)
[616.192s][info][gc          ] GC(1285) Pause Young (Prepare Mixed) (G1 Evacuation Pause) 220M->85M(256M) 21.843ms
[616.192s][info][gc,cpu      ] GC(1285) User=0.04s Sys=0.00s Real=0.02s
[616.684s][info][gc,start    ] GC(1286) Pause Young (Mixed) (G1 Evacuation Pause)
[616.684s][info][gc,task     ] GC(1286) Using 2 workers of 2 for evacuation
[616.703s][info][gc,phases   ] GC(1286)   Pre Evacuate Collection Set: 0.15ms
[616.703s][info][gc,phases   ] GC(1286)   Merge Heap Roots: 0.08ms
[616.703s][info][gc,phases   ] GC(1286)   Evacuate Collection Set: 18.70ms
[616.703s][info][gc,phases   ] GC(1286)   Post Evacuate Collection Set: 0.43ms
[616.703s][info][gc,phases   ] GC(1286)   Other: 0.07ms
[616.703s][info][gc,heap     ] GC(1286) Eden regions: 131->0(147)
[616.703s][info][gc,heap     ] GC(1286) Survivor regions: 20->6(19)
[616.703s][info][gc,heap     ] GC(1286) Old regions: 64->58
[616.703s][info][gc,heap     ] GC(1286) Humongous regions: 15->3
[616.703s][info][gc,metaspace] GC(1286) Metaspace: 43145K(43584K)->43145K(43584K) NonClass: 38796K(39040K)->38796K(39040K) Class: 4348K(4544K)->4348K(4544K)
[616.703s][info][gc          ] GC(1286) Pause Young (Mixed) (G1 Evacuation Pause) 228M->66M(256M) 19.604ms
[616.703s][info][gc,cpu      ] GC(1286) User=0.04s Sys=0.00s Real=0.02s
[616.745s][info][gc,start    ] GC(1287) Pause Young (Concurrent Start) (G1 Humongous Allocation)
[616.745s][info][gc,task     ] GC(1287) Using 2 workers of 2 for evacuation
[616.751s][info][gc,phases   ] GC(1287)   Pre Evacuate Collection Set: 0.16ms
[616.751s][info][gc,phases   ] GC(1287)   Merge Heap Roots: 0.08ms
[616.751s][info][gc,phases   ] GC(1287)   Evacuate Collection Set: 5.69ms
[616.751s][info][gc,phases   ] GC(1287)   Post Evacuate Collection Set: 0.30ms
[616.751s][info][gc,phases   ] GC(1287)   Other: 0.07ms
[616.751s][info][gc,heap     ] GC(1287) Eden regions: 13->0(148)
[616.751s][info][gc,heap     ] GC(1287) Survivor regions: 6->5(20)
[616.751s][info][gc,heap     ] GC(1287) Old regions: 58->58
[616.751s][info][gc,heap     ] GC(1287) Humongous regions: 3->1
[616.751s][info][gc,metaspace] GC(1287) Metaspace: 43145K(43584K)->43145K(43584K) NonClass: 38796K(39040K)->38796K(39040K) Class: 4348K(4544K)->4348K(4544K)
[616.751s][info][gc          ] GC(1287) Pause Young (Concurrent Start) (G1 Humongous Allocation) 79M->64M(256M) 6.458ms
[616.751s][info][gc,cpu      ] GC(1287) User=0.01s Sys=0.00s Real=0.01s
[616.751s][info][gc          ] GC(1288) Concurrent Mark Cycle
[616.751s][info][gc,marking  ] GC(1288) Concurrent Scan Root Regions
[616.757s][info][gc,marking  ] GC(1288) Concurrent Scan Root Regions 5.788ms
[616.757s][info][gc,marking  ] GC(1288) Concurrent Mark
[616.757s][info][gc,marking  ] GC(1288) Concurrent Mark From Roots
[616.757s][info][gc,task     ] GC(1288) Using 1 workers of 1 for marking
[616.825s][info][gc,marking  ] GC(1288) Concurrent Mark From Roots 67.449ms
[616.825s][info][gc,marking  ] GC(1288) Concurrent Preclean
[616.825s][info][gc,marking  ] GC(1288) Concurrent Preclean 0.035ms
[616.825s][info][gc,start    ] GC(1288) Pause Remark
[616.842s][info][gc          ] GC(1288) Pause Remark 83M->83M(256M) 17.115ms
[616.842s][info][gc,cpu      ] GC(1288) User=0.04s Sys=0.00s Real=0.02s
[616.842s][info][gc,marking  ] GC(1288) Concurrent Mark 84.877ms
[616.842s][info][gc,marking  ] GC(1288) Concurrent Rebuild Remembered Sets and Scrub Regions
[616.869s][info][gc,marking  ] GC(1288) Concurrent Rebuild Remembered Sets and Scrub Regions 27.316ms
[616.869s][info][gc,start    ] GC(1288) Pause Cleanup
[616.869s][info][gc          ] GC(1288) Pause Cleanup 88M->88M(256M) 0.040ms
[616.869s][info][gc,cpu      ] GC(1288) User=0.00s Sys=0.00s Real=0.00s
[616.869s][info][gc,marking  ] GC(1288) Concurrent Clear Claimed Marks
[616.869s][info][gc,marking  ] GC(1288) Concurrent Clear Claimed Marks 0.031ms
[616.869s][info][gc,marking  ] GC(1288) Concurrent Cleanup for Next Mark
[616.870s][info][gc,marking  ] GC(1288) Concurrent Cleanup for Next Mark 0.725ms
[616.870s][info][gc          ] GC(1288) Concurrent Mark Cycle 118.988ms
[617.350s][info][gc,start    ] GC(1289) Pause Young (Prepare Mixed) (G1 Evacuation Pause)
[617.350s][info][gc,task     ] GC(1289) Using 2 workers of 2 for evacuation
[617.364s][info][gc,phases   ] GC(1289)   Pre Evacuate Collection Set: 0.14ms
[617.364s][info][gc,phases   ] GC(1289)   Merge Heap Roots: 0.11ms
[617.364s][info][gc,phases   ] GC(1289)   Evacuate Collection Set: 12.79ms
[617.364s][info][gc,phases   ] GC(1289)   Post Evacuate Collection Set: 0.41ms
[617.364s][info][gc,phases   ] GC(1289)   Other: 0.08ms
[617.364s][info][gc,heap     ] GC(1289) Eden regions: 148->0(141)
[617.364s][info][gc,heap     ] GC(1289) Survivor regions: 5->12(20)
[617.364s][info][gc,heap     ] GC(1289) Old regions: 58->58
[617.364s][info][gc,heap     ] GC(1289) Humongous regions: 13->3
[617.364s][info][gc,metaspace] GC(1289) Metaspace: 43145K(43584K)->43145K(43584K) NonClass: 38796K(39040K)->38796K(39040K) Class: 4348K(4544K)->4348K(4544K)
[617.364s][info][gc          ] GC(1289) Pause Young (Prepare Mixed) (G1 Evacuation Pause) 224M->72M(256M) 13.730ms
[617.364s][info][gc,cpu      ] GC(1289) User=0.03s Sys=0.00s Real=0.01s
[617.931s][info][gc,start    ] GC(1290) Pause Young (Mixed) (G1 Evacuation Pause)
[617.931s][info][gc,task     ] GC(1290) Using 2 workers of 2 for evacuation
[617.941s][info][gc,phases   ] GC(1290)   Pre Evacuate Collection Set: 0.15ms
[617.941s][info][gc,phases   ] GC(1290)   Merge Heap Roots: 0.10ms
[617.941s][info][gc,phases   ] GC(1290)   Evacuate Collection Set: 8.81ms
[617.941s][info][gc,phases   ] GC(1290)   Post Evacuate Collection Set: 0.41ms
[617.941s][info][gc,phases   ] GC(1290)   Other: 0.09ms
[617.941s][info][gc,heap     ] GC(1290) Eden regions: 141->0(151)
[617.941s][info][gc,heap     ] GC(1290) Survivor regions: 12->2(20)
[617.941s][info][gc,heap     ] GC(1290) Old regions: 58->57
[617.941s][info][gc,heap     ] GC(1290) Humongous regions: 15->1
[617.941s][info][gc,metaspace] GC(1290) Metaspace: 43145K(43584K)->43145K(43584K) NonClass: 38796K(39040K)->38796K(39040K) Class: 4348K(4544K)->4348K(4544K)
[617.941s][info][gc          ] GC(1290) Pause Young (Mixed) (G1 Evacuation Pause) 225M->60M(256M) 9.738ms
[617.941s][info][gc,cpu      ] GC(1290) User=0.02s Sys=0.00s Real=0.01s
[617.946s][info][gc,start    ] GC(1291) Pause Young (Concurrent Start) (G1 Humongous Allocation)
[617.947s][info][gc,task     ] GC(1291) Using 2 workers of 2 for evacuation
[617.950s][info][gc,phases   ] GC(1291)   Pre Evacuate Collection Set: 0.14ms
[617.950s][info][gc,phases   ] GC(1291)   Merge Heap Roots: 0.03ms
[617.950s][info][gc,phases   ] GC(1291)   Evacuate Collection Set: 2.65ms
[617.950s][info][gc,phases   ] GC(1291)   Post Evacuate Collection Set: 0.23ms
[617.950s][info][gc,phases   ] GC(1291)   Other: 0.06ms
[617.950s][info][gc,heap     ] GC(1291) Eden regions: 3->0(127)
[617.950s][info][gc,heap     ] GC(1291) Survivor regions: 2->4(20)
[617.950s][info][gc,heap     ] GC(1291) Old regions: 57->57
[617.950s][info][gc,heap     ] GC(1291) Humongous regions: 1->1
[617.950s][info][gc,metaspace] GC(1291) Metaspace: 43145K(43584K)->43145K(43584K) NonClass: 38796K(39040K)->38796K(39040K) Class: 4348K(4544K)->4348K(4544K)
[617.950s][info][gc          ] GC(1291) Pause Young (Concurrent Start) (G1 Humongous Allocation) 62M->61M(256M) 3.255ms
[617.950s][info][gc          ] GC(1292) Concurrent Mark Cycle
[617.950s][info][gc,marking  ] GC(1292) Concurrent Scan Root Regions
[617.952s][info][gc,cpu      ] GC(1291) User=0.01s Sys=0.00s Real=0.01s
[617.952s][info][gc,marking  ] GC(1292) Concurrent Scan Root Regions 2.667ms
[617.952s][info][gc,marking  ] GC(1292) Concurrent Mark
[617.952s][info][gc,marking  ] GC(1292) Concurrent Mark From Roots
[617.952s][info][gc,task     ] GC(1292) Using 1 workers of 1 for marking
[618.009s][info][gc,marking  ] GC(1292) Concurrent Mark From Roots 56.708ms
[618.009s][info][gc,marking  ] GC(1292) Concurrent Preclean
[618.009s][info][gc,marking  ] GC(1292) Concurrent Preclean 0.031ms
[618.009s][info][gc,start    ] GC(1292) Pause Remark
[618.027s][info][gc          ] GC(1292) Pause Remark 78M->69M(256M) 17.313ms
[618.027s][info][gc,cpu      ] GC(1292) User=0.03s Sys=0.00s Real=0.01s
[618.027s][info][gc,marking  ] GC(1292) Concurrent Mark 74.324ms
[618.027s][info][gc,marking  ] GC(1292) Concurrent Rebuild Remembered Sets and Scrub Regions
[618.051s][info][gc,marking  ] GC(1292) Concurrent Rebuild Remembered Sets and Scrub Regions 24.123ms
[618.051s][info][gc,start    ] GC(1292) Pause Cleanup
[618.051s][info][gc          ] GC(1292) Pause Cleanup 75M->75M(256M) 0.040ms
[618.051s][info][gc,cpu      ] GC(1292) User=0.00s Sys=0.00s Real=0.00s
[618.051s][info][gc,marking  ] GC(1292) Concurrent Clear Claimed Marks
[618.051s][info][gc,marking  ] GC(1292) Concurrent Clear Claimed Marks 0.036ms
[618.051s][info][gc,marking  ] GC(1292) Concurrent Cleanup for Next Mark
[618.052s][info][gc,marking  ] GC(1292) Concurrent Cleanup for Next Mark 0.901ms
[618.052s][info][gc          ] GC(1292) Concurrent Mark Cycle 102.429ms
[618.446s][info][gc,start    ] GC(1293) Pause Young (Prepare Mixed) (G1 Evacuation Pause)
[618.446s][info][gc,task     ] GC(1293) Using 2 workers of 2 for evacuation
[618.470s][info][gc,phases   ] GC(1293)   Pre Evacuate Collection Set: 0.15ms
[618.470s][info][gc,phases   ] GC(1293)   Merge Heap Roots: 0.07ms
[618.470s][info][gc,phases   ] GC(1293)   Evacuate Collection Set: 22.64ms
[618.470s][info][gc,phases   ] GC(1293)   Post Evacuate Collection Set: 0.42ms
[618.470s][info][gc,phases   ] GC(1293)   Other: 0.07ms
[618.470s][info][gc,heap     ] GC(1293) Eden regions: 127->0(115)
[618.470s][info][gc,heap     ] GC(1293) Survivor regions: 4->17(17)
[618.470s][info][gc,heap     ] GC(1293) Old regions: 48->57
[618.470s][info][gc,heap     ] GC(1293) Humongous regions: 3->3
[618.470s][info][gc,metaspace] GC(1293) Metaspace: 43145K(43584K)->43145K(43584K) NonClass: 38796K(39040K)->38796K(39040K) Class: 4348K(4544K)->4348K(4544K)
[618.470s][info][gc          ] GC(1293) Pause Young (Prepare Mixed) (G1 Evacuation Pause) 181M->76M(256M) 23.532ms
[618.470s][info][gc,cpu      ] GC(1293) User=0.04s Sys=0.00s Real=0.03s
[618.982s][info][gc,start    ] GC(1294) Pause Young (Mixed) (G1 Evacuation Pause)
[618.982s][info][gc,task     ] GC(1294) Using 2 workers of 2 for evacuation
[619.024s][info][gc,phases   ] GC(1294)   Pre Evacuate Collection Set: 0.16ms
[619.024s][info][gc,phases   ] GC(1294)   Merge Heap Roots: 0.25ms
[619.024s][info][gc,phases   ] GC(1294)   Evacuate Collection Set: 40.82ms
[619.024s][info][gc,phases   ] GC(1294)   Post Evacuate Collection Set: 0.46ms
[619.024s][info][gc,phases   ] GC(1294)   Other: 0.07ms
[619.024s][info][gc,heap     ] GC(1294) Eden regions: 115->0(107)
[619.024s][info][gc,heap     ] GC(1294) Survivor regions: 17->17(17)
[619.024s][info][gc,heap     ] GC(1294) Old regions: 57->67
[619.024s][info][gc,heap     ] GC(1294) Humongous regions: 3->3
[619.024s][info][gc,metaspace] GC(1294) Metaspace: 43145K(43584K)->43145K(43584K) NonClass: 38797K(39040K)->38797K(39040K) Class: 4348K(4544K)->4348K(4544K)
[619.024s][info][gc          ] GC(1294) Pause Young (Mixed) (G1 Evacuation Pause) 191M->87M(256M) 41.955ms
[619.024s][info][gc,cpu      ] GC(1294) User=0.09s Sys=0.00s Real=0.04s
[619.279s][info][gc,start    ] GC(1295) Pause Young (Concurrent Start) (G1 Humongous Allocation)
[619.279s][info][gc,task     ] GC(1295) Using 2 workers of 2 for evacuation
[619.315s][info][gc,phases   ] GC(1295)   Pre Evacuate Collection Set: 0.17ms
[619.315s][info][gc,phases   ] GC(1295)   Merge Heap Roots: 0.16ms
[619.315s][info][gc,phases   ] GC(1295)   Evacuate Collection Set: 35.47ms
[619.315s][info][gc,phases   ] GC(1295)   Post Evacuate Collection Set: 0.33ms
[619.315s][info][gc,phases   ] GC(1295)   Other: 0.09ms
[619.315s][info][gc,heap     ] GC(1295) Eden regions: 56->0(96)
[619.315s][info][gc,heap     ] GC(1295) Survivor regions: 17->16(16)
[619.315s][info][gc,heap     ] GC(1295) Old regions: 67->85
[619.315s][info][gc,heap     ] GC(1295) Humongous regions: 3->1
[619.315s][info][gc,metaspace] GC(1295) Metaspace: 43145K(43584K)->43145K(43584K) NonClass: 38797K(39040K)->38797K(39040K) Class: 4348K(4544K)->4348K(4544K)
[619.315s][info][gc          ] GC(1295) Pause Young (Concurrent Start) (G1 Humongous Allocation) 143M->101M(256M) 36.391ms
[619.315s][info][gc,cpu      ] GC(1295) User=0.07s Sys=0.00s Real=0.04s
[619.315s][info][gc          ] GC(1296) Concurrent Mark Cycle
[619.315s][info][gc,marking  ] GC(1296) Concurrent Scan Root Regions
[619.354s][info][gc,marking  ] GC(1296) Concurrent Scan Root Regions 38.590ms
[619.354s][info][gc,marking  ] GC(1296) Concurrent Mark
[619.354s][info][gc,marking  ] GC(1296) Concurrent Mark From Roots
[619.354s][info][gc,task     ] GC(1296) Using 1 workers of 1 for marking
[619.429s][info][gc,marking  ] GC(1296) Concurrent Mark From Roots 75.360ms
[619.429s][info][gc,marking  ] GC(1296) Concurrent Preclean
[619.429s][info][gc,marking  ] GC(1296) Concurrent Preclean 0.032ms
[619.429s][info][gc,start    ] GC(1296) Pause Remark
[619.446s][info][gc          ] GC(1296) Pause Remark 134M->134M(256M) 17.024ms
[619.446s][info][gc,cpu      ] GC(1296) User=0.03s Sys=0.00s Real=0.01s
[619.446s][info][gc,marking  ] GC(1296) Concurrent Mark 92.729ms
[619.446s][info][gc,marking  ] GC(1296) Concurrent Rebuild Remembered Sets and Scrub Regions
[619.493s][info][gc,marking  ] GC(1296) Concurrent Rebuild Remembered Sets and Scrub Regions 46.730ms
[619.493s][info][gc,start    ] GC(1296) Pause Cleanup
[619.493s][info][gc          ] GC(1296) Pause Cleanup 141M->141M(256M) 0.053ms
[619.493s][info][gc,cpu      ] GC(1296) User=0.00s Sys=0.00s Real=0.00s
[619.493s][info][gc,marking  ] GC(1296) Concurrent Clear Claimed Marks
[619.493s][info][gc,marking  ] GC(1296) Concurrent Clear Claimed Marks 0.030ms
[619.493s][info][gc,marking  ] GC(1296) Concurrent Cleanup for Next Mark
[619.494s][info][gc,marking  ] GC(1296) Concurrent Cleanup for Next Mark 0.732ms
[619.494s][info][gc          ] GC(1296) Concurrent Mark Cycle 179.195ms
[619.730s][info][gc,start    ] GC(1297) Pause Young (Prepare Mixed) (G1 Evacuation Pause)
[619.730s][info][gc,task     ] GC(1297) Using 2 workers of 2 for evacuation
[619.754s][info][gc,phases   ] GC(1297)   Pre Evacuate Collection Set: 0.16ms
[619.754s][info][gc,phases   ] GC(1297)   Merge Heap Roots: 0.13ms
[619.754s][info][gc,phases   ] GC(1297)   Evacuate Collection Set: 22.86ms
[619.754s][info][gc,phases   ] GC(1297)   Post Evacuate Collection Set: 0.39ms
[619.754s][info][gc,phases   ] GC(1297)   Other: 0.09ms
[619.754s][info][gc,heap     ] GC(1297) Eden regions: 96->0(93)
[619.754s][info][gc,heap     ] GC(1297) Survivor regions: 16->9(14)
[619.754s][info][gc,heap     ] GC(1297) Old regions: 85->100
[619.754s][info][gc,heap     ] GC(1297) Humongous regions: 5->3
[619.754s][info][gc,metaspace] GC(1297) Metaspace: 43145K(43584K)->43145K(43584K) NonClass: 38797K(39040K)->38797K(39040K) Class: 4348K(4544K)->4348K(4544K)
[619.754s][info][gc          ] GC(1297) Pause Young (Prepare Mixed) (G1 Evacuation Pause) 201M->112M(256M) 23.799ms
[619.754s][info][gc,cpu      ] GC(1297) User=0.05s Sys=0.00s Real=0.02s
[620.110s][info][gc,start    ] GC(1298) Pause Young (Mixed) (G1 Evacuation Pause)
[620.110s][info][gc,task     ] GC(1298) Using 2 workers of 2 for evacuation
[620.122s][info][gc,phases   ] GC(1298)   Pre Evacuate Collection Set: 0.14ms
[620.122s][info][gc,phases   ] GC(1298)   Merge Heap Roots: 0.18ms
[620.122s][info][gc,phases   ] GC(1298)   Evacuate Collection Set: 11.21ms
[620.122s][info][gc,phases   ] GC(1298)   Post Evacuate Collection Set: 0.42ms
[620.122s][info][gc,phases   ] GC(1298)   Other: 0.07ms
[620.122s][info][gc,heap     ] GC(1298) Eden regions: 93->0(109)
[620.122s][info][gc,heap     ] GC(1298) Survivor regions: 9->3(13)
[620.122s][info][gc,heap     ] GC(1298) Old regions: 100->94
[620.122s][info][gc,heap     ] GC(1298) Humongous regions: 9->3
[620.122s][info][gc,metaspace] GC(1298) Metaspace: 43145K(43584K)->43145K(43584K) NonClass: 38797K(39040K)->38797K(39040K) Class: 4348K(4544K)->4348K(4544K)
[620.122s][info][gc          ] GC(1298) Pause Young (Mixed) (G1 Evacuation Pause) 211M->99M(256M) 12.209ms
[620.122s][info][gc,cpu      ] GC(1298) User=0.02s Sys=0.00s Real=0.01s
[620.164s][info][gc,start    ] GC(1299) Pause Young (Concurrent Start) (G1 Humongous Allocation)
[620.164s][info][gc,task     ] GC(1299) Using 2 workers of 2 for evacuation
[620.165s][info][gc,phases   ] GC(1299)   Pre Evacuate Collection Set: 0.15ms
[620.165s][info][gc,phases   ] GC(1299)   Merge Heap Roots: 0.03ms
[620.165s][info][gc,phases   ] GC(1299)   Evacuate Collection Set: 1.23ms
[620.165s][info][gc,phases   ] GC(1299)   Post Evacuate Collection Set: 0.28ms
[620.166s][info][gc,phases   ] GC(1299)   Other: 0.08ms
[620.166s][info][gc,heap     ] GC(1299) Eden regions: 14->0(119)
[620.166s][info][gc,heap     ] GC(1299) Survivor regions: 3->2(14)
[620.166s][info][gc,heap     ] GC(1299) Old regions: 94->94
[620.166s][info][gc,heap     ] GC(1299) Humongous regions: 3->1
[620.166s][info][gc,metaspace] GC(1299) Metaspace: 43145K(43584K)->43145K(43584K) NonClass: 38797K(39040K)->38797K(39040K) Class: 4348K(4544K)->4348K(4544K)
[620.166s][info][gc          ] GC(1299) Pause Young (Concurrent Start) (G1 Humongous Allocation) 113M->96M(256M) 1.930ms
[620.166s][info][gc,cpu      ] GC(1299) User=0.01s Sys=0.00s Real=0.00s
[620.166s][info][gc          ] GC(1300) Concurrent Mark Cycle
[620.166s][info][gc,marking  ] GC(1300) Concurrent Scan Root Regions
[620.167s][info][gc,marking  ] GC(1300) Concurrent Scan Root Regions 1.208ms
[620.167s][info][gc,marking  ] GC(1300) Concurrent Mark
[620.167s][info][gc,marking  ] GC(1300) Concurrent Mark From Roots
[620.167s][info][gc,task     ] GC(1300) Using 1 workers of 1 for marking
[620.270s][info][gc,marking  ] GC(1300) Concurrent Mark From Roots 103.227ms
[620.270s][info][gc,marking  ] GC(1300) Concurrent Preclean
[620.270s][info][gc,marking  ] GC(1300) Concurrent Preclean 0.037ms
[620.270s][info][gc,start    ] GC(1300) Pause Remark
[620.287s][info][gc          ] GC(1300) Pause Remark 118M->108M(256M) 16.981ms
[620.287s][info][gc,cpu      ] GC(1300) User=0.03s Sys=0.00s Real=0.01s
[620.287s][info][gc,marking  ] GC(1300) Concurrent Mark 120.520ms
[620.287s][info][gc,marking  ] GC(1300) Concurrent Rebuild Remembered Sets and Scrub Regions
[620.310s][info][gc,marking  ] GC(1300) Concurrent Rebuild Remembered Sets and Scrub Regions 22.743ms
[620.310s][info][gc,start    ] GC(1300) Pause Cleanup
[620.310s][info][gc          ] GC(1300) Pause Cleanup 111M->111M(256M) 0.062ms
[620.310s][info][gc,cpu      ] GC(1300) User=0.00s Sys=0.00s Real=0.00s
[620.310s][info][gc,marking  ] GC(1300) Concurrent Clear Claimed Marks
[620.310s][info][gc,marking  ] GC(1300) Concurrent Clear Claimed Marks 0.034ms
[620.310s][info][gc,marking  ] GC(1300) Concurrent Cleanup for Next Mark
[620.311s][info][gc,marking  ] GC(1300) Concurrent Cleanup for Next Mark 0.721ms
[620.311s][info][gc          ] GC(1300) Concurrent Mark Cycle 145.547ms
[620.683s][info][gc,start    ] GC(1301) Pause Young (Prepare Mixed) (G1 Evacuation Pause)
[620.683s][info][gc,task     ] GC(1301) Using 2 workers of 2 for evacuation
[620.692s][info][gc,phases   ] GC(1301)   Pre Evacuate Collection Set: 0.14ms
[620.692s][info][gc,phases   ] GC(1301)   Merge Heap Roots: 0.06ms
[620.692s][info][gc,phases   ] GC(1301)   Evacuate Collection Set: 7.71ms
[620.692s][info][gc,phases   ] GC(1301)   Post Evacuate Collection Set: 0.35ms
[620.692s][info][gc,phases   ] GC(1301)   Other: 0.06ms
[620.692s][info][gc,heap     ] GC(1301) Eden regions: 119->0(121)
[620.692s][info][gc,heap     ] GC(1301) Survivor regions: 2->9(16)
[620.692s][info][gc,heap     ] GC(1301) Old regions: 84->84
[620.692s][info][gc,heap     ] GC(1301) Humongous regions: 7->3
[620.692s][info][gc,metaspace] GC(1301) Metaspace: 43145K(43584K)->43145K(43584K) NonClass: 38797K(39040K)->38797K(39040K) Class: 4348K(4544K)->4348K(4544K)
[620.692s][info][gc          ] GC(1301) Pause Young (Prepare Mixed) (G1 Evacuation Pause) 211M->96M(256M) 8.503ms
[620.692s][info][gc,cpu      ] GC(1301) User=0.01s Sys=0.00s Real=0.01s
[621.180s][info][gc,start    ] GC(1302) Pause Young (Mixed) (G1 Evacuation Pause)
[621.180s][info][gc,task     ] GC(1302) Using 2 workers of 2 for evacuation
[621.203s][info][gc,phases   ] GC(1302)   Pre Evacuate Collection Set: 0.19ms
[621.203s][info][gc,phases   ] GC(1302)   Merge Heap Roots: 0.06ms
[621.203s][info][gc,phases   ] GC(1302)   Evacuate Collection Set: 21.93ms
[621.203s][info][gc,phases   ] GC(1302)   Post Evacuate Collection Set: 0.57ms
[621.203s][info][gc,phases   ] GC(1302)   Other: 0.09ms
[621.203s][info][gc,heap     ] GC(1302) Eden regions: 121->0(141)
[621.203s][info][gc,heap     ] GC(1302) Survivor regions: 9->10(17)
[621.203s][info][gc,heap     ] GC(1302) Old regions: 84->59
[621.203s][info][gc,heap     ] GC(1302) Humongous regions: 5->3
[621.203s][info][gc,metaspace] GC(1302) Metaspace: 43145K(43584K)->43145K(43584K) NonClass: 38797K(39040K)->38797K(39040K) Class: 4348K(4544K)->4348K(4544K)
[621.203s][info][gc          ] GC(1302) Pause Young (Mixed) (G1 Evacuation Pause) 219M->71M(256M) 23.047ms
[621.203s][info][gc,cpu      ] GC(1302) User=0.03s Sys=0.00s Real=0.02s
[621.721s][info][gc,start    ] GC(1303) Pause Young (Mixed) (G1 Evacuation Pause)
[621.721s][info][gc,task     ] GC(1303) Using 2 workers of 2 for evacuation
[621.732s][info][gc,phases   ] GC(1303)   Pre Evacuate Collection Set: 0.19ms
[621.732s][info][gc,phases   ] GC(1303)   Merge Heap Roots: 0.08ms
[621.732s][info][gc,phases   ] GC(1303)   Evacuate Collection Set: 9.53ms
[621.732s][info][gc,phases   ] GC(1303)   Post Evacuate Collection Set: 0.81ms
[621.732s][info][gc,phases   ] GC(1303)   Other: 0.09ms
[621.732s][info][gc,heap     ] GC(1303) Eden regions: 141->0(177)
[621.732s][info][gc,heap     ] GC(1303) Survivor regions: 10->6(19)
[621.732s][info][gc,heap     ] GC(1303) Old regions: 59->47
[621.732s][info][gc,heap     ] GC(1303) Humongous regions: 11->3
[621.732s][info][gc,metaspace] GC(1303) Metaspace: 43145K(43584K)->43145K(43584K) NonClass: 38797K(39040K)->38797K(39040K) Class: 4348K(4544K)->4348K(4544K)
[621.732s][info][gc          ] GC(1303) Pause Young (Mixed) (G1 Evacuation Pause) 220M->55M(306M) 10.898ms
[621.732s][info][gc,cpu      ] GC(1303) User=0.01s Sys=0.00s Real=0.01s
[622.138s][info][gc,start    ] GC(1304) Pause Young (Concurrent Start) (G1 Humongous Allocation)
[622.138s][info][gc,task     ] GC(1304) Using 2 workers of 2 for evacuation
[622.142s][info][gc,phases   ] GC(1304)   Pre Evacuate Collection Set: 0.18ms
[622.142s][info][gc,phases   ] GC(1304)   Merge Heap Roots: 0.05ms
[622.142s][info][gc,phases   ] GC(1304)   Evacuate Collection Set: 2.99ms
[622.142s][info][gc,phases   ] GC(1304)   Post Evacuate Collection Set: 0.37ms
[622.142s][info][gc,phases   ] GC(1304)   Other: 0.12ms
[622.142s][info][gc,heap     ] GC(1304) Eden regions: 93->0(179)
[622.142s][info][gc,heap     ] GC(1304) Survivor regions: 6->4(23)
[622.142s][info][gc,heap     ] GC(1304) Old regions: 47->47
[622.142s][info][gc,heap     ] GC(1304) Humongous regions: 3->1
[622.142s][info][gc,metaspace] GC(1304) Metaspace: 43145K(43584K)->43145K(43584K) NonClass: 38797K(39040K)->38797K(39040K) Class: 4348K(4544K)->4348K(4544K)
[622.142s][info][gc          ] GC(1304) Pause Young (Concurrent Start) (G1 Humongous Allocation) 148M->50M(306M) 3.873ms
[622.142s][info][gc,cpu      ] GC(1304) User=0.01s Sys=0.00s Real=0.01s
[622.142s][info][gc          ] GC(1305) Concurrent Mark Cycle
[622.142s][info][gc,marking  ] GC(1305) Concurrent Scan Root Regions
[622.145s][info][gc,marking  ] GC(1305) Concurrent Scan Root Regions 3.376ms
[622.145s][info][gc,marking  ] GC(1305) Concurrent Mark
[622.145s][info][gc,marking  ] GC(1305) Concurrent Mark From Roots
[622.145s][info][gc,task     ] GC(1305) Using 1 workers of 1 for marking
[622.205s][info][gc,marking  ] GC(1305) Concurrent Mark From Roots 59.820ms
[622.205s][info][gc,marking  ] GC(1305) Concurrent Preclean
[622.205s][info][gc,marking  ] GC(1305) Concurrent Preclean 0.032ms
[622.205s][info][gc,start    ] GC(1305) Pause Remark
[622.223s][info][gc          ] GC(1305) Pause Remark 66M->66M(256M) 17.440ms
[622.223s][info][gc,cpu      ] GC(1305) User=0.04s Sys=0.00s Real=0.02s
[622.223s][info][gc,marking  ] GC(1305) Concurrent Mark 77.531ms
[622.223s][info][gc,marking  ] GC(1305) Concurrent Rebuild Remembered Sets and Scrub Regions
[622.244s][info][gc,marking  ] GC(1305) Concurrent Rebuild Remembered Sets and Scrub Regions 21.184ms
[622.244s][info][gc,start    ] GC(1305) Pause Cleanup
[622.244s][info][gc          ] GC(1305) Pause Cleanup 74M->74M(256M) 0.055ms
[622.244s][info][gc,cpu      ] GC(1305) User=0.00s Sys=0.00s Real=0.00s
[622.244s][info][gc,marking  ] GC(1305) Concurrent Clear Claimed Marks
[622.244s][info][gc,marking  ] GC(1305) Concurrent Clear Claimed Marks 0.032ms
[622.244s][info][gc,marking  ] GC(1305) Concurrent Cleanup for Next Mark
[622.245s][info][gc,marking  ] GC(1305) Concurrent Cleanup for Next Mark 0.737ms
[622.245s][info][gc          ] GC(1305) Concurrent Mark Cycle 103.172ms
[622.789s][info][gc,start    ] GC(1306) Pause Young (Prepare Mixed) (G1 Evacuation Pause)
[622.789s][info][gc,task     ] GC(1306) Using 2 workers of 2 for evacuation
[622.796s][info][gc,phases   ] GC(1306)   Pre Evacuate Collection Set: 0.15ms
[622.796s][info][gc,phases   ] GC(1306)   Merge Heap Roots: 0.09ms
[622.796s][info][gc,phases   ] GC(1306)   Evacuate Collection Set: 5.35ms
[622.796s][info][gc,phases   ] GC(1306)   Post Evacuate Collection Set: 0.43ms
[622.796s][info][gc,phases   ] GC(1306)   Other: 0.06ms
[622.796s][info][gc,heap     ] GC(1306) Eden regions: 149->0(147)
[622.796s][info][gc,heap     ] GC(1306) Survivor regions: 4->6(20)
[622.796s][info][gc,heap     ] GC(1306) Old regions: 47->47
[622.796s][info][gc,heap     ] GC(1306) Humongous regions: 9->3
[622.796s][info][gc,metaspace] GC(1306) Metaspace: 43145K(43584K)->43145K(43584K) NonClass: 38797K(39040K)->38797K(39040K) Class: 4348K(4544K)->4348K(4544K)
[622.796s][info][gc          ] GC(1306) Pause Young (Prepare Mixed) (G1 Evacuation Pause) 207M->55M(256M) 6.246ms
[622.796s][info][gc,cpu      ] GC(1306) User=0.01s Sys=0.00s Real=0.00s
[623.218s][info][gc,start    ] GC(1307) Pause Young (Mixed) (G1 Evacuation Pause)
[623.218s][info][gc,task     ] GC(1307) Using 2 workers of 2 for evacuation
[623.258s][info][gc,phases   ] GC(1307)   Pre Evacuate Collection Set: 0.16ms
[623.258s][info][gc,phases   ] GC(1307)   Merge Heap Roots: 0.06ms
[623.258s][info][gc,phases   ] GC(1307)   Evacuate Collection Set: 38.76ms
[623.258s][info][gc,phases   ] GC(1307)   Post Evacuate Collection Set: 0.49ms
[623.258s][info][gc,phases   ] GC(1307)   Other: 0.07ms
[623.258s][info][gc,heap     ] GC(1307) Eden regions: 147->0(125)
[623.258s][info][gc,heap     ] GC(1307) Survivor regions: 6->20(20)
[623.258s][info][gc,heap     ] GC(1307) Old regions: 47->64
[623.258s][info][gc,heap     ] GC(1307) Humongous regions: 3->3
[623.258s][info][gc,metaspace] GC(1307) Metaspace: 43145K(43584K)->43145K(43584K) NonClass: 38797K(39040K)->38797K(39040K) Class: 4348K(4544K)->4348K(4544K)
[623.258s][info][gc          ] GC(1307) Pause Young (Mixed) (G1 Evacuation Pause) 202M->86M(256M) 39.722ms
[623.258s][info][gc,cpu      ] GC(1307) User=0.08s Sys=0.00s Real=0.04s
[623.857s][info][gc,start    ] GC(1308) Pause Young (Concurrent Start) (G1 Evacuation Pause)
[623.857s][info][gc,task     ] GC(1308) Using 2 workers of 2 for evacuation
[623.911s][info][gc,phases   ] GC(1308)   Pre Evacuate Collection Set: 0.17ms
[623.911s][info][gc,phases   ] GC(1308)   Merge Heap Roots: 0.30ms
[623.911s][info][gc,phases   ] GC(1308)   Evacuate Collection Set: 52.78ms
[623.911s][info][gc,phases   ] GC(1308)   Post Evacuate Collection Set: 0.45ms
[623.911s][info][gc,phases   ] GC(1308)   Other: 0.12ms
[623.911s][info][gc,heap     ] GC(1308) Eden regions: 125->0(102)
[623.911s][info][gc,heap     ] GC(1308) Survivor regions: 20->19(19)
[623.911s][info][gc,heap     ] GC(1308) Old regions: 64->88
[623.911s][info][gc,heap     ] GC(1308) Humongous regions: 3->3
[623.911s][info][gc,metaspace] GC(1308) Metaspace: 43145K(43584K)->43145K(43584K) NonClass: 38797K(39040K)->38797K(39040K) Class: 4348K(4544K)->4348K(4544K)
[623.911s][info][gc          ] GC(1308) Pause Young (Concurrent Start) (G1 Evacuation Pause) 211M->108M(256M) 54.043ms
[623.911s][info][gc,cpu      ] GC(1308) User=0.11s Sys=0.00s Real=0.06s
[623.911s][info][gc          ] GC(1309) Concurrent Mark Cycle
[623.911s][info][gc,marking  ] GC(1309) Concurrent Scan Root Regions
[623.963s][info][gc,marking  ] GC(1309) Concurrent Scan Root Regions 51.986ms
[623.963s][info][gc,marking  ] GC(1309) Concurrent Mark
[623.964s][info][gc,marking  ] GC(1309) Concurrent Mark From Roots
[623.964s][info][gc,task     ] GC(1309) Using 1 workers of 1 for marking
[624.086s][info][gc,marking  ] GC(1309) Concurrent Mark From Roots 122.185ms
[624.086s][info][gc,marking  ] GC(1309) Concurrent Preclean
[624.086s][info][gc,marking  ] GC(1309) Concurrent Preclean 0.040ms
[624.086s][info][gc,start    ] GC(1309) Pause Remark
[624.103s][info][gc          ] GC(1309) Pause Remark 138M->138M(256M) 17.141ms
[624.103s][info][gc,cpu      ] GC(1309) User=0.03s Sys=0.00s Real=0.02s
[624.104s][info][gc,marking  ] GC(1309) Concurrent Mark 140.586ms
[624.104s][info][gc,marking  ] GC(1309) Concurrent Rebuild Remembered Sets and Scrub Regions
[624.201s][info][gc,marking  ] GC(1309) Concurrent Rebuild Remembered Sets and Scrub Regions 97.306ms
[624.204s][info][gc,start    ] GC(1309) Pause Cleanup
[624.204s][info][gc          ] GC(1309) Pause Cleanup 154M->154M(256M) 0.064ms
[624.204s][info][gc,cpu      ] GC(1309) User=0.00s Sys=0.00s Real=0.00s
[624.207s][info][gc,marking  ] GC(1309) Concurrent Clear Claimed Marks
[624.207s][info][gc,marking  ] GC(1309) Concurrent Clear Claimed Marks 0.048ms
[624.207s][info][gc,marking  ] GC(1309) Concurrent Cleanup for Next Mark
[624.209s][info][gc,marking  ] GC(1309) Concurrent Cleanup for Next Mark 1.249ms
[624.209s][info][gc          ] GC(1309) Concurrent Mark Cycle 297.267ms
[624.511s][info][gc,start    ] GC(1310) Pause Young (Prepare Mixed) (G1 Evacuation Pause)
[624.511s][info][gc,task     ] GC(1310) Using 2 workers of 2 for evacuation
[624.568s][info][gc,phases   ] GC(1310)   Pre Evacuate Collection Set: 0.17ms
[624.568s][info][gc,phases   ] GC(1310)   Merge Heap Roots: 0.34ms
[624.568s][info][gc,phases   ] GC(1310)   Evacuate Collection Set: 55.44ms
[624.568s][info][gc,phases   ] GC(1310)   Post Evacuate Collection Set: 0.40ms
[624.568s][info][gc,phases   ] GC(1310)   Other: 0.06ms
[624.568s][info][gc,heap     ] GC(1310) Eden regions: 102->0(78)
[624.568s][info][gc,heap     ] GC(1310) Survivor regions: 19->16(16)
[624.568s][info][gc,heap     ] GC(1310) Old regions: 88->118
[624.568s][info][gc,heap     ] GC(1310) Humongous regions: 3->3
[624.568s][info][gc,metaspace] GC(1310) Metaspace: 43145K(43584K)->43145K(43584K) NonClass: 38797K(39040K)->38797K(39040K) Class: 4348K(4544K)->4348K(4544K)
[624.568s][info][gc          ] GC(1310) Pause Young (Prepare Mixed) (G1 Evacuation Pause) 210M->136M(258M) 56.603ms
[624.568s][info][gc,cpu      ] GC(1310) User=0.11s Sys=0.01s Real=0.05s
[624.956s][info][gc,start    ] GC(1311) Pause Young (Mixed) (G1 Evacuation Pause)
[624.956s][info][gc,task     ] GC(1311) Using 2 workers of 2 for evacuation
[625.006s][info][gc,phases   ] GC(1311)   Pre Evacuate Collection Set: 0.14ms
[625.006s][info][gc,phases   ] GC(1311)   Merge Heap Roots: 0.30ms
[625.006s][info][gc,phases   ] GC(1311)   Evacuate Collection Set: 48.67ms
[625.006s][info][gc,phases   ] GC(1311)   Post Evacuate Collection Set: 0.40ms
[625.006s][info][gc,phases   ] GC(1311)   Other: 0.09ms
[625.006s][info][gc,heap     ] GC(1311) Eden regions: 78->0(63)
[625.006s][info][gc,heap     ] GC(1311) Survivor regions: 16->12(12)
[625.006s][info][gc,heap     ] GC(1311) Old regions: 118->141
[625.006s][info][gc,heap     ] GC(1311) Humongous regions: 5->3
[625.006s][info][gc,metaspace] GC(1311) Metaspace: 43145K(43584K)->43145K(43584K) NonClass: 38797K(39040K)->38797K(39040K) Class: 4348K(4544K)->4348K(4544K)
[625.006s][info][gc          ] GC(1311) Pause Young (Mixed) (G1 Evacuation Pause) 216M->156M(258M) 49.785ms
[625.006s][info][gc,cpu      ] GC(1311) User=0.10s Sys=0.00s Real=0.05s
[625.260s][info][gc,start    ] GC(1312) Pause Young (Concurrent Start) (G1 Evacuation Pause)
[625.260s][info][gc,task     ] GC(1312) Using 2 workers of 2 for evacuation
[625.283s][info][gc,phases   ] GC(1312)   Pre Evacuate Collection Set: 0.18ms
[625.283s][info][gc,phases   ] GC(1312)   Merge Heap Roots: 0.13ms
[625.283s][info][gc,phases   ] GC(1312)   Evacuate Collection Set: 22.09ms
[625.283s][info][gc,phases   ] GC(1312)   Post Evacuate Collection Set: 0.33ms
[625.283s][info][gc,phases   ] GC(1312)   Other: 0.09ms
[625.283s][info][gc,heap     ] GC(1312) Eden regions: 63->0(60)
[625.283s][info][gc,heap     ] GC(1312) Survivor regions: 12->9(10)
[625.283s][info][gc,heap     ] GC(1312) Old regions: 141->152
[625.283s][info][gc,heap     ] GC(1312) Humongous regions: 3->3
[625.283s][info][gc,metaspace] GC(1312) Metaspace: 43145K(43584K)->43145K(43584K) NonClass: 38797K(39040K)->38797K(39040K) Class: 4348K(4544K)->4348K(4544K)
[625.283s][info][gc          ] GC(1312) Pause Young (Concurrent Start) (G1 Evacuation Pause) 219M->163M(258M) 23.016ms
[625.283s][info][gc          ] GC(1313) Concurrent Mark Cycle
[625.283s][info][gc,marking  ] GC(1313) Concurrent Scan Root Regions
[625.285s][info][gc,cpu      ] GC(1312) User=0.05s Sys=0.00s Real=0.02s
[625.313s][info][gc,marking  ] GC(1313) Concurrent Scan Root Regions 29.980ms
[625.313s][info][gc,marking  ] GC(1313) Concurrent Mark
[625.313s][info][gc,marking  ] GC(1313) Concurrent Mark From Roots
[625.313s][info][gc,task     ] GC(1313) Using 1 workers of 1 for marking
[625.487s][info][gc,marking  ] GC(1313) Concurrent Mark From Roots 173.805ms
[625.487s][info][gc,marking  ] GC(1313) Concurrent Preclean
[625.487s][info][gc,marking  ] GC(1313) Concurrent Preclean 0.038ms
[625.487s][info][gc,start    ] GC(1313) Pause Remark
[625.504s][info][gc          ] GC(1313) Pause Remark 185M->185M(274M) 17.235ms
[625.504s][info][gc,cpu      ] GC(1313) User=0.03s Sys=0.00s Real=0.02s
[625.505s][info][gc,marking  ] GC(1313) Concurrent Mark 192.078ms
[625.505s][info][gc,marking  ] GC(1313) Concurrent Rebuild Remembered Sets and Scrub Regions
[625.582s][info][gc,marking  ] GC(1313) Concurrent Rebuild Remembered Sets and Scrub Regions 77.359ms
[625.583s][info][gc,start    ] GC(1313) Pause Cleanup
[625.583s][info][gc          ] GC(1313) Pause Cleanup 202M->202M(274M) 0.081ms
[625.583s][info][gc,cpu      ] GC(1313) User=0.00s Sys=0.00s Real=0.00s
[625.583s][info][gc,marking  ] GC(1313) Concurrent Clear Claimed Marks
[625.583s][info][gc,marking  ] GC(1313) Concurrent Clear Claimed Marks 0.035ms
[625.583s][info][gc,marking  ] GC(1313) Concurrent Cleanup for Next Mark
[625.584s][info][gc,marking  ] GC(1313) Concurrent Cleanup for Next Mark 0.997ms
[625.584s][info][gc          ] GC(1313) Concurrent Mark Cycle 300.858ms
[625.667s][info][gc,start    ] GC(1314) Pause Young (Prepare Mixed) (G1 Evacuation Pause)
[625.667s][info][gc,task     ] GC(1314) Using 2 workers of 2 for evacuation
[625.686s][info][gc,phases   ] GC(1314)   Pre Evacuate Collection Set: 0.23ms
[625.686s][info][gc,phases   ] GC(1314)   Merge Heap Roots: 0.08ms
[625.686s][info][gc,phases   ] GC(1314)   Evacuate Collection Set: 18.30ms
[625.686s][info][gc,phases   ] GC(1314)   Post Evacuate Collection Set: 0.37ms
[625.686s][info][gc,phases   ] GC(1314)   Other: 0.08ms
[625.686s][info][gc,heap     ] GC(1314) Eden regions: 60->0(63)
[625.686s][info][gc,heap     ] GC(1314) Survivor regions: 9->9(9)
[625.686s][info][gc,heap     ] GC(1314) Old regions: 152->162
[625.686s][info][gc,heap     ] GC(1314) Humongous regions: 7->3
[625.686s][info][gc,metaspace] GC(1314) Metaspace: 43145K(43584K)->43145K(43584K) NonClass: 38797K(39040K)->38797K(39040K) Class: 4348K(4544K)->4348K(4544K)
[625.686s][info][gc          ] GC(1314) Pause Young (Prepare Mixed) (G1 Evacuation Pause) 227M->174M(274M) 19.242ms
[625.686s][info][gc,cpu      ] GC(1314) User=0.03s Sys=0.00s Real=0.02s
[625.926s][info][gc,start    ] GC(1315) Pause Young (Mixed) (G1 Evacuation Pause)
[625.926s][info][gc,task     ] GC(1315) Using 2 workers of 2 for evacuation
[625.945s][info][gc,phases   ] GC(1315)   Pre Evacuate Collection Set: 0.16ms
[625.945s][info][gc,phases   ] GC(1315)   Merge Heap Roots: 0.13ms
[625.945s][info][gc,phases   ] GC(1315)   Evacuate Collection Set: 17.33ms
[625.945s][info][gc,phases   ] GC(1315)   Post Evacuate Collection Set: 1.35ms
[625.945s][info][gc,phases   ] GC(1315)   Other: 0.08ms
[625.945s][info][gc,heap     ] GC(1315) Eden regions: 63->0(176)
[625.945s][info][gc,heap     ] GC(1315) Survivor regions: 9->8(9)
[625.945s][info][gc,heap     ] GC(1315) Old regions: 162->143
[625.945s][info][gc,heap     ] GC(1315) Humongous regions: 3->3
[625.945s][info][gc,metaspace] GC(1315) Metaspace: 43145K(43584K)->43145K(43584K) NonClass: 38797K(39040K)->38797K(39040K) Class: 4348K(4544K)->4348K(4544K)
[625.945s][info][gc          ] GC(1315) Pause Young (Mixed) (G1 Evacuation Pause) 237M->153M(415M) 19.241ms
[625.945s][info][gc,cpu      ] GC(1315) User=0.04s Sys=0.00s Real=0.02s
[626.692s][info][gc,start    ] GC(1316) Pause Young (Mixed) (G1 Evacuation Pause)
[626.692s][info][gc,task     ] GC(1316) Using 2 workers of 2 for evacuation
[626.744s][info][gc,phases   ] GC(1316)   Pre Evacuate Collection Set: 0.31ms
[626.744s][info][gc,phases   ] GC(1316)   Merge Heap Roots: 0.37ms
[626.744s][info][gc,phases   ] GC(1316)   Evacuate Collection Set: 50.48ms
[626.744s][info][gc,phases   ] GC(1316)   Post Evacuate Collection Set: 0.64ms
[626.744s][info][gc,phases   ] GC(1316)   Other: 0.08ms
[626.744s][info][gc,heap     ] GC(1316) Eden regions: 176->0(159)
[626.744s][info][gc,heap     ] GC(1316) Survivor regions: 8->23(23)
[626.744s][info][gc,heap     ] GC(1316) Old regions: 143->137
[626.744s][info][gc,heap     ] GC(1316) Humongous regions: 12->4
[626.744s][info][gc,metaspace] GC(1316) Metaspace: 43145K(43584K)->43145K(43584K) NonClass: 38797K(39040K)->38797K(39040K) Class: 4348K(4544K)->4348K(4544K)
[626.744s][info][gc          ] GC(1316) Pause Young (Mixed) (G1 Evacuation Pause) 338M->163M(415M) 52.090ms
[626.744s][info][gc,cpu      ] GC(1316) User=0.11s Sys=0.00s Real=0.05s
[627.283s][info][gc,start    ] GC(1317) Pause Young (Mixed) (G1 Evacuation Pause)
[627.283s][info][gc,task     ] GC(1317) Using 2 workers of 2 for evacuation
[627.331s][info][gc,phases   ] GC(1317)   Pre Evacuate Collection Set: 0.38ms
[627.331s][info][gc,phases   ] GC(1317)   Merge Heap Roots: 1.04ms
[627.331s][info][gc,phases   ] GC(1317)   Evacuate Collection Set: 45.99ms
[627.331s][info][gc,phases   ] GC(1317)   Post Evacuate Collection Set: 0.62ms
[627.331s][info][gc,phases   ] GC(1317)   Other: 0.07ms
[627.331s][info][gc,heap     ] GC(1317) Eden regions: 159->0(163)
[627.331s][info][gc,heap     ] GC(1317) Survivor regions: 23->14(23)
[627.331s][info][gc,heap     ] GC(1317) Old regions: 137->150
[627.331s][info][gc,heap     ] GC(1317) Humongous regions: 5->4
[627.331s][info][gc,metaspace] GC(1317) Metaspace: 43145K(43584K)->43145K(43584K) NonClass: 38797K(39040K)->38797K(39040K) Class: 4348K(4544K)->4348K(4544K)
[627.331s][info][gc          ] GC(1317) Pause Young (Mixed) (G1 Evacuation Pause) 323M->167M(415M) 48.332ms
[627.331s][info][gc,cpu      ] GC(1317) User=0.10s Sys=0.00s Real=0.05s
[627.886s][info][gc,start    ] GC(1318) Pause Young (Normal) (G1 Evacuation Pause)
[627.886s][info][gc,task     ] GC(1318) Using 2 workers of 2 for evacuation
[627.896s][info][gc,phases   ] GC(1318)   Pre Evacuate Collection Set: 0.19ms
[627.896s][info][gc,phases   ] GC(1318)   Merge Heap Roots: 0.12ms
[627.896s][info][gc,phases   ] GC(1318)   Evacuate Collection Set: 9.56ms
[627.896s][info][gc,phases   ] GC(1318)   Post Evacuate Collection Set: 0.43ms
[627.896s][info][gc,phases   ] GC(1318)   Other: 0.07ms
[627.896s][info][gc,heap     ] GC(1318) Eden regions: 163->0(177)
[627.896s][info][gc,heap     ] GC(1318) Survivor regions: 14->2(23)
[627.896s][info][gc,heap     ] GC(1318) Old regions: 150->161
[627.896s][info][gc,heap     ] GC(1318) Humongous regions: 6->4
[627.896s][info][gc,metaspace] GC(1318) Metaspace: 43145K(43584K)->43145K(43584K) NonClass: 38797K(39040K)->38797K(39040K) Class: 4348K(4544K)->4348K(4544K)
[627.896s][info][gc          ] GC(1318) Pause Young (Normal) (G1 Evacuation Pause) 332M->166M(415M) 10.556ms
[627.896s][info][gc,cpu      ] GC(1318) User=0.02s Sys=0.00s Real=0.01s
[628.513s][info][gc,start    ] GC(1319) Pause Young (Normal) (G1 Evacuation Pause)
[628.513s][info][gc,task     ] GC(1319) Using 2 workers of 2 for evacuation
[628.537s][info][gc,phases   ] GC(1319)   Pre Evacuate Collection Set: 0.19ms
[628.537s][info][gc,phases   ] GC(1319)   Merge Heap Roots: 0.07ms
[628.537s][info][gc,phases   ] GC(1319)   Evacuate Collection Set: 22.99ms
[628.537s][info][gc,phases   ] GC(1319)   Post Evacuate Collection Set: 0.45ms
[628.537s][info][gc,phases   ] GC(1319)   Other: 0.09ms
[628.537s][info][gc,heap     ] GC(1319) Eden regions: 177->0(139)
[628.537s][info][gc,heap     ] GC(1319) Survivor regions: 2->23(23)
[628.537s][info][gc,heap     ] GC(1319) Old regions: 161->175
[628.537s][info][gc,heap     ] GC(1319) Humongous regions: 4->4
[628.537s][info][gc,metaspace] GC(1319) Metaspace: 43145K(43584K)->43145K(43584K) NonClass: 38797K(39040K)->38797K(39040K) Class: 4348K(4544K)->4348K(4544K)
[628.537s][info][gc          ] GC(1319) Pause Young (Normal) (G1 Evacuation Pause) 343M->202M(415M) 24.026ms
[628.537s][info][gc,cpu      ] GC(1319) User=0.04s Sys=0.00s Real=0.02s
[628.782s][info][gc,start    ] GC(1320) Pause Young (Concurrent Start) (G1 Humongous Allocation)
[628.782s][info][gc,task     ] GC(1320) Using 2 workers of 2 for evacuation
[628.821s][info][gc,phases   ] GC(1320)   Pre Evacuate Collection Set: 0.21ms
[628.821s][info][gc,phases   ] GC(1320)   Merge Heap Roots: 0.13ms
[628.821s][info][gc,phases   ] GC(1320)   Evacuate Collection Set: 37.48ms
[628.821s][info][gc,phases   ] GC(1320)   Post Evacuate Collection Set: 0.44ms
[628.821s][info][gc,phases   ] GC(1320)   Other: 0.12ms
[628.821s][info][gc,heap     ] GC(1320) Eden regions: 68->0(96)
[628.821s][info][gc,heap     ] GC(1320) Survivor regions: 23->21(21)
[628.821s][info][gc,heap     ] GC(1320) Old regions: 175->213
[628.821s][info][gc,heap     ] GC(1320) Humongous regions: 4->4
[628.821s][info][gc,metaspace] GC(1320) Metaspace: 43145K(43584K)->43145K(43584K) NonClass: 38797K(39040K)->38797K(39040K) Class: 4348K(4544K)->4348K(4544K)
[628.821s][info][gc          ] GC(1320) Pause Young (Concurrent Start) (G1 Humongous Allocation) 270M->238M(415M) 38.590ms
[628.821s][info][gc          ] GC(1321) Concurrent Mark Cycle
[628.821s][info][gc,marking  ] GC(1321) Concurrent Scan Root Regions
[628.823s][info][gc,cpu      ] GC(1320) User=0.08s Sys=0.00s Real=0.04s
[628.861s][info][gc,marking  ] GC(1321) Concurrent Scan Root Regions 40.315ms
[628.861s][info][gc,marking  ] GC(1321) Concurrent Mark
[628.861s][info][gc,marking  ] GC(1321) Concurrent Mark From Roots
[628.861s][info][gc,task     ] GC(1321) Using 1 workers of 1 for marking
[628.945s][info][gc,marking  ] GC(1321) Concurrent Mark From Roots 83.292ms
[628.945s][info][gc,marking  ] GC(1321) Concurrent Preclean
[628.945s][info][gc,marking  ] GC(1321) Concurrent Preclean 0.049ms
[628.945s][info][gc,start    ] GC(1321) Pause Remark
[628.962s][info][gc          ] GC(1321) Pause Remark 258M->213M(415M) 17.615ms
[628.963s][info][gc,cpu      ] GC(1321) User=0.04s Sys=0.00s Real=0.02s
[628.963s][info][gc,marking  ] GC(1321) Concurrent Mark 101.233ms
[628.963s][info][gc,marking  ] GC(1321) Concurrent Rebuild Remembered Sets and Scrub Regions
[629.022s][info][gc,marking  ] GC(1321) Concurrent Rebuild Remembered Sets and Scrub Regions 58.906ms
[629.022s][info][gc,start    ] GC(1321) Pause Cleanup
[629.022s][info][gc          ] GC(1321) Pause Cleanup 226M->226M(415M) 0.090ms
[629.022s][info][gc,cpu      ] GC(1321) User=0.00s Sys=0.00s Real=0.00s
[629.022s][info][gc,marking  ] GC(1321) Concurrent Clear Claimed Marks
[629.022s][info][gc,marking  ] GC(1321) Concurrent Clear Claimed Marks 0.049ms
[629.022s][info][gc,marking  ] GC(1321) Concurrent Cleanup for Next Mark
[629.026s][info][gc,marking  ] GC(1321) Concurrent Cleanup for Next Mark 4.061ms
[629.026s][info][gc          ] GC(1321) Concurrent Mark Cycle 205.148ms
[629.240s][info][gc,start    ] GC(1322) Pause Young (Prepare Mixed) (G1 Evacuation Pause)
[629.240s][info][gc,task     ] GC(1322) Using 2 workers of 2 for evacuation
[629.268s][info][gc,phases   ] GC(1322)   Pre Evacuate Collection Set: 0.19ms
[629.268s][info][gc,phases   ] GC(1322)   Merge Heap Roots: 0.24ms
[629.269s][info][gc,phases   ] GC(1322)   Evacuate Collection Set: 27.45ms
[629.269s][info][gc,phases   ] GC(1322)   Post Evacuate Collection Set: 0.42ms
[629.269s][info][gc,phases   ] GC(1322)   Other: 0.07ms
[629.269s][info][gc,heap     ] GC(1322) Eden regions: 96->0(113)
[629.269s][info][gc,heap     ] GC(1322) Survivor regions: 21->15(15)
[629.269s][info][gc,heap     ] GC(1322) Old regions: 169->191
[629.269s][info][gc,heap     ] GC(1322) Humongous regions: 4->4
[629.269s][info][gc,metaspace] GC(1322) Metaspace: 43145K(43584K)->43145K(43584K) NonClass: 38797K(39040K)->38797K(39040K) Class: 4348K(4544K)->4348K(4544K)
[629.269s][info][gc          ] GC(1322) Pause Young (Prepare Mixed) (G1 Evacuation Pause) 290M->210M(415M) 28.629ms
[629.269s][info][gc,cpu      ] GC(1322) User=0.06s Sys=0.00s Real=0.02s
[629.653s][info][gc,start    ] GC(1323) Pause Young (Mixed) (G1 Evacuation Pause)
[629.653s][info][gc,task     ] GC(1323) Using 2 workers of 2 for evacuation
[629.701s][info][gc,phases   ] GC(1323)   Pre Evacuate Collection Set: 0.24ms
[629.701s][info][gc,phases   ] GC(1323)   Merge Heap Roots: 0.17ms
[629.701s][info][gc,phases   ] GC(1323)   Evacuate Collection Set: 47.16ms
[629.701s][info][gc,phases   ] GC(1323)   Post Evacuate Collection Set: 0.49ms
[629.701s][info][gc,phases   ] GC(1323)   Other: 0.11ms
[629.701s][info][gc,heap     ] GC(1323) Eden regions: 113->0(92)
[629.701s][info][gc,heap     ] GC(1323) Survivor regions: 15->16(16)
[629.701s][info][gc,heap     ] GC(1323) Old regions: 191->207
[629.701s][info][gc,heap     ] GC(1323) Humongous regions: 4->4
[629.701s][info][gc,metaspace] GC(1323) Metaspace: 43145K(43584K)->43145K(43584K) NonClass: 38797K(39040K)->38797K(39040K) Class: 4348K(4544K)->4348K(4544K)
[629.701s][info][gc          ] GC(1323) Pause Young (Mixed) (G1 Evacuation Pause) 323M->226M(415M) 48.389ms
[629.701s][info][gc,cpu      ] GC(1323) User=0.09s Sys=0.00s Real=0.05s
[630.044s][info][gc,start    ] GC(1324) Pause Young (Mixed) (G1 Evacuation Pause)
[630.044s][info][gc,task     ] GC(1324) Using 2 workers of 2 for evacuation
[630.097s][info][gc,phases   ] GC(1324)   Pre Evacuate Collection Set: 0.20ms
[630.097s][info][gc,phases   ] GC(1324)   Merge Heap Roots: 0.33ms
[630.097s][info][gc,phases   ] GC(1324)   Evacuate Collection Set: 51.46ms
[630.097s][info][gc,phases   ] GC(1324)   Post Evacuate Collection Set: 0.87ms
[630.097s][info][gc,phases   ] GC(1324)   Other: 0.07ms
[630.097s][info][gc,heap     ] GC(1324) Eden regions: 92->0(94)
[630.097s][info][gc,heap     ] GC(1324) Survivor regions: 16->14(14)
[630.097s][info][gc,heap     ] GC(1324) Old regions: 207->236
[630.097s][info][gc,heap     ] GC(1324) Humongous regions: 5->5
[630.097s][info][gc,metaspace] GC(1324) Metaspace: 43145K(43584K)->43145K(43584K) NonClass: 38797K(39040K)->38797K(39040K) Class: 4348K(4544K)->4348K(4544K)
[630.097s][info][gc          ] GC(1324) Pause Young (Mixed) (G1 Evacuation Pause) 319M->254M(460M) 53.138ms
[630.097s][info][gc,cpu      ] GC(1324) User=0.10s Sys=0.00s Real=0.05s
[630.415s][info][gc,start    ] GC(1325) Pause Young (Concurrent Start) (G1 Humongous Allocation)
[630.415s][info][gc,task     ] GC(1325) Using 2 workers of 2 for evacuation
[630.466s][info][gc,phases   ] GC(1325)   Pre Evacuate Collection Set: 0.24ms
[630.466s][info][gc,phases   ] GC(1325)   Merge Heap Roots: 0.25ms
[630.466s][info][gc,phases   ] GC(1325)   Evacuate Collection Set: 49.52ms
[630.466s][info][gc,phases   ] GC(1325)   Post Evacuate Collection Set: 0.40ms
[630.466s][info][gc,phases   ] GC(1325)   Other: 0.09ms
[630.466s][info][gc,heap     ] GC(1325) Eden regions: 77->0(63)
[630.466s][info][gc,heap     ] GC(1325) Survivor regions: 14->14(14)
[630.466s][info][gc,heap     ] GC(1325) Old regions: 236->288
[630.466s][info][gc,heap     ] GC(1325) Humongous regions: 5->5
[630.466s][info][gc,metaspace] GC(1325) Metaspace: 43145K(43584K)->43145K(43584K) NonClass: 38797K(39040K)->38797K(39040K) Class: 4348K(4544K)->4348K(4544K)
[630.466s][info][gc          ] GC(1325) Pause Young (Concurrent Start) (G1 Humongous Allocation) 331M->306M(460M) 50.752ms
[630.466s][info][gc,cpu      ] GC(1325) User=0.10s Sys=0.00s Real=0.05s
[630.466s][info][gc          ] GC(1326) Concurrent Mark Cycle
[630.466s][info][gc,marking  ] GC(1326) Concurrent Scan Root Regions
[630.494s][info][gc,marking  ] GC(1326) Concurrent Scan Root Regions 27.784ms
[630.494s][info][gc,marking  ] GC(1326) Concurrent Mark
[630.494s][info][gc,marking  ] GC(1326) Concurrent Mark From Roots
[630.494s][info][gc,task     ] GC(1326) Using 1 workers of 1 for marking
[630.611s][info][gc,marking  ] GC(1326) Concurrent Mark From Roots 116.892ms
[630.611s][info][gc,marking  ] GC(1326) Concurrent Preclean
[630.611s][info][gc,marking  ] GC(1326) Concurrent Preclean 0.050ms
[630.611s][info][gc,start    ] GC(1326) Pause Remark
[630.629s][info][gc          ] GC(1326) Pause Remark 339M->276M(460M) 17.314ms
[630.629s][info][gc,cpu      ] GC(1326) User=0.03s Sys=0.00s Real=0.01s
[630.629s][info][gc,marking  ] GC(1326) Concurrent Mark 134.551ms
[630.629s][info][gc,marking  ] GC(1326) Concurrent Rebuild Remembered Sets and Scrub Regions
[630.711s][info][gc,marking  ] GC(1326) Concurrent Rebuild Remembered Sets and Scrub Regions 82.360ms
[630.711s][info][gc,start    ] GC(1326) Pause Cleanup
[630.711s][info][gc          ] GC(1326) Pause Cleanup 294M->294M(460M) 0.078ms
[630.711s][info][gc,cpu      ] GC(1326) User=0.00s Sys=0.00s Real=0.00s
[630.711s][info][gc,marking  ] GC(1326) Concurrent Clear Claimed Marks
[630.711s][info][gc,marking  ] GC(1326) Concurrent Clear Claimed Marks 0.036ms
[630.711s][info][gc,marking  ] GC(1326) Concurrent Cleanup for Next Mark
[630.713s][info][gc,marking  ] GC(1326) Concurrent Cleanup for Next Mark 1.778ms
[630.713s][info][gc          ] GC(1326) Concurrent Mark Cycle 246.991ms
[630.759s][info][gc,start    ] GC(1327) Pause Young (Prepare Mixed) (G1 Evacuation Pause)
[630.759s][info][gc,task     ] GC(1327) Using 2 workers of 2 for evacuation
[630.798s][info][gc,phases   ] GC(1327)   Pre Evacuate Collection Set: 0.19ms
[630.798s][info][gc,phases   ] GC(1327)   Merge Heap Roots: 0.35ms
[630.798s][info][gc,phases   ] GC(1327)   Evacuate Collection Set: 37.86ms
[630.798s][info][gc,phases   ] GC(1327)   Post Evacuate Collection Set: 0.38ms
[630.798s][info][gc,phases   ] GC(1327)   Other: 0.07ms
[630.798s][info][gc,heap     ] GC(1327) Eden regions: 63->0(75)
[630.798s][info][gc,heap     ] GC(1327) Survivor regions: 14->10(10)
[630.798s][info][gc,heap     ] GC(1327) Old regions: 226->266
[630.798s][info][gc,heap     ] GC(1327) Humongous regions: 5->5
[630.798s][info][gc,metaspace] GC(1327) Metaspace: 43145K(43584K)->43145K(43584K) NonClass: 38797K(39040K)->38797K(39040K) Class: 4348K(4544K)->4348K(4544K)
[630.798s][info][gc          ] GC(1327) Pause Young (Prepare Mixed) (G1 Evacuation Pause) 307M->280M(460M) 39.068ms
[630.798s][info][gc,cpu      ] GC(1327) User=0.08s Sys=0.00s Real=0.03s
[631.062s][info][gc,start    ] GC(1328) Pause Young (Mixed) (G1 Evacuation Pause)
[631.062s][info][gc,task     ] GC(1328) Using 2 workers of 2 for evacuation
[631.109s][info][gc,phases   ] GC(1328)   Pre Evacuate Collection Set: 0.23ms
[631.109s][info][gc,phases   ] GC(1328)   Merge Heap Roots: 0.23ms
[631.109s][info][gc,phases   ] GC(1328)   Evacuate Collection Set: 45.86ms
[631.109s][info][gc,phases   ] GC(1328)   Post Evacuate Collection Set: 0.48ms
[631.109s][info][gc,phases   ] GC(1328)   Other: 0.07ms
[631.109s][info][gc,heap     ] GC(1328) Eden regions: 75->0(68)
[631.109s][info][gc,heap     ] GC(1328) Survivor regions: 10->11(11)
[631.109s][info][gc,heap     ] GC(1328) Old regions: 266->273
[631.109s][info][gc,heap     ] GC(1328) Humongous regions: 5->5
[631.109s][info][gc,metaspace] GC(1328) Metaspace: 43145K(43584K)->43145K(43584K) NonClass: 38797K(39040K)->38797K(39040K) Class: 4348K(4544K)->4348K(4544K)
[631.109s][info][gc          ] GC(1328) Pause Young (Mixed) (G1 Evacuation Pause) 355M->289M(460M) 47.111ms
[631.109s][info][gc,cpu      ] GC(1328) User=0.09s Sys=0.00s Real=0.05s
[631.382s][info][gc,start    ] GC(1329) Pause Young (Mixed) (G1 Evacuation Pause)
[631.382s][info][gc,task     ] GC(1329) Using 2 workers of 2 for evacuation
[631.431s][info][gc,phases   ] GC(1329)   Pre Evacuate Collection Set: 0.21ms
[631.431s][info][gc,phases   ] GC(1329)   Merge Heap Roots: 0.50ms
[631.431s][info][gc,phases   ] GC(1329)   Evacuate Collection Set: 47.68ms
[631.431s][info][gc,phases   ] GC(1329)   Post Evacuate Collection Set: 0.45ms
[631.431s][info][gc,phases   ] GC(1329)   Other: 0.08ms
[631.431s][info][gc,heap     ] GC(1329) Eden regions: 68->0(62)
[631.431s][info][gc,heap     ] GC(1329) Survivor regions: 11->10(10)
[631.431s][info][gc,heap     ] GC(1329) Old regions: 273->291
[631.431s][info][gc,heap     ] GC(1329) Humongous regions: 6->6
[631.431s][info][gc,metaspace] GC(1329) Metaspace: 43145K(43584K)->43145K(43584K) NonClass: 38797K(39040K)->38797K(39040K) Class: 4348K(4544K)->4348K(4544K)
[631.431s][info][gc          ] GC(1329) Pause Young (Mixed) (G1 Evacuation Pause) 358M->306M(460M) 49.148ms
[631.431s][info][gc,cpu      ] GC(1329) User=0.09s Sys=0.00s Real=0.05s
[631.610s][info][gc,start    ] GC(1330) Pause Young (Concurrent Start) (G1 Humongous Allocation)
[631.610s][info][gc,task     ] GC(1330) Using 2 workers of 2 for evacuation
[631.639s][info][gc,phases   ] GC(1330)   Pre Evacuate Collection Set: 0.25ms
[631.639s][info][gc,phases   ] GC(1330)   Merge Heap Roots: 0.14ms
[631.639s][info][gc,phases   ] GC(1330)   Evacuate Collection Set: 27.60ms
[631.639s][info][gc,phases   ] GC(1330)   Post Evacuate Collection Set: 1.27ms
[631.639s][info][gc,phases   ] GC(1330)   Other: 0.10ms
[631.639s][info][gc,heap     ] GC(1330) Eden regions: 53->0(107)
[631.639s][info][gc,heap     ] GC(1330) Survivor regions: 10->9(9)
[631.639s][info][gc,heap     ] GC(1330) Old regions: 291->322
[631.639s][info][gc,heap     ] GC(1330) Humongous regions: 6->6
[631.639s][info][gc,metaspace] GC(1330) Metaspace: 43145K(43584K)->43145K(43584K) NonClass: 38797K(39040K)->38797K(39040K) Class: 4348K(4544K)->4348K(4544K)
[631.639s][info][gc          ] GC(1330) Pause Young (Concurrent Start) (G1 Humongous Allocation) 358M->337M(586M) 29.582ms
[631.639s][info][gc,cpu      ] GC(1330) User=0.06s Sys=0.00s Real=0.03s
[631.639s][info][gc          ] GC(1331) Concurrent Mark Cycle
[631.639s][info][gc,marking  ] GC(1331) Concurrent Scan Root Regions
[631.656s][info][gc,marking  ] GC(1331) Concurrent Scan Root Regions 16.341ms
[631.656s][info][gc,marking  ] GC(1331) Concurrent Mark
[631.656s][info][gc,marking  ] GC(1331) Concurrent Mark From Roots
[631.656s][info][gc,task     ] GC(1331) Using 1 workers of 1 for marking
[631.778s][info][gc,marking  ] GC(1331) Concurrent Mark From Roots 122.254ms
[631.778s][info][gc,marking  ] GC(1331) Concurrent Preclean
[631.778s][info][gc,marking  ] GC(1331) Concurrent Preclean 0.041ms
[631.778s][info][gc,start    ] GC(1331) Pause Remark
[631.795s][info][gc          ] GC(1331) Pause Remark 365M->319M(586M) 17.055ms
[631.795s][info][gc,cpu      ] GC(1331) User=0.03s Sys=0.00s Real=0.02s
[631.796s][info][gc,marking  ] GC(1331) Concurrent Mark 140.463ms
[631.796s][info][gc,marking  ] GC(1331) Concurrent Rebuild Remembered Sets and Scrub Regions
[631.877s][info][gc,marking  ] GC(1331) Concurrent Rebuild Remembered Sets and Scrub Regions 80.790ms
[631.877s][info][gc,start    ] GC(1331) Pause Cleanup
[631.877s][info][gc          ] GC(1331) Pause Cleanup 336M->336M(586M) 0.109ms
[631.877s][info][gc,cpu      ] GC(1331) User=0.00s Sys=0.00s Real=0.00s
[631.877s][info][gc,marking  ] GC(1331) Concurrent Clear Claimed Marks
[631.877s][info][gc,marking  ] GC(1331) Concurrent Clear Claimed Marks 0.037ms
[631.877s][info][gc,marking  ] GC(1331) Concurrent Cleanup for Next Mark
[631.880s][info][gc,marking  ] GC(1331) Concurrent Cleanup for Next Mark 2.981ms
[631.880s][info][gc          ] GC(1331) Concurrent Mark Cycle 241.058ms
[632.151s][info][gc,start    ] GC(1332) Pause Young (Prepare Mixed) (G1 Evacuation Pause)
[632.151s][info][gc,task     ] GC(1332) Using 2 workers of 2 for evacuation
[632.179s][info][gc,phases   ] GC(1332)   Pre Evacuate Collection Set: 0.25ms
[632.179s][info][gc,phases   ] GC(1332)   Merge Heap Roots: 0.23ms
[632.179s][info][gc,phases   ] GC(1332)   Evacuate Collection Set: 27.46ms
[632.179s][info][gc,phases   ] GC(1332)   Post Evacuate Collection Set: 0.42ms
[632.179s][info][gc,phases   ] GC(1332)   Other: 0.08ms
[632.179s][info][gc,heap     ] GC(1332) Eden regions: 107->0(126)
[632.179s][info][gc,heap     ] GC(1332) Survivor regions: 9->15(15)
[632.179s][info][gc,heap     ] GC(1332) Old regions: 278->291
[632.179s][info][gc,heap     ] GC(1332) Humongous regions: 5->5
[632.179s][info][gc,metaspace] GC(1332) Metaspace: 43145K(43584K)->43145K(43584K) NonClass: 38797K(39040K)->38797K(39040K) Class: 4348K(4544K)->4348K(4544K)
[632.180s][info][gc          ] GC(1332) Pause Young (Prepare Mixed) (G1 Evacuation Pause) 399M->311M(586M) 28.663ms
[632.180s][info][gc,cpu      ] GC(1332) User=0.05s Sys=0.01s Real=0.03s
[632.629s][info][gc,start    ] GC(1333) Pause Young (Mixed) (G1 Evacuation Pause)
[632.629s][info][gc,task     ] GC(1333) Using 2 workers of 2 for evacuation
[632.645s][info][gc,phases   ] GC(1333)   Pre Evacuate Collection Set: 0.25ms
[632.645s][info][gc,phases   ] GC(1333)   Merge Heap Roots: 0.20ms
[632.645s][info][gc,phases   ] GC(1333)   Evacuate Collection Set: 14.17ms
[632.645s][info][gc,phases   ] GC(1333)   Post Evacuate Collection Set: 0.48ms
[632.645s][info][gc,phases   ] GC(1333)   Other: 0.08ms
[632.645s][info][gc,heap     ] GC(1333) Eden regions: 126->0(165)
[632.645s][info][gc,heap     ] GC(1333) Survivor regions: 15->8(18)
[632.645s][info][gc,heap     ] GC(1333) Old regions: 291->238
[632.645s][info][gc,heap     ] GC(1333) Humongous regions: 5->5
[632.645s][info][gc,metaspace] GC(1333) Metaspace: 43145K(43584K)->43145K(43584K) NonClass: 38797K(39040K)->38797K(39040K) Class: 4348K(4544K)->4348K(4544K)
[632.645s][info][gc          ] GC(1333) Pause Young (Mixed) (G1 Evacuation Pause) 437M->250M(586M) 15.383ms
[632.645s][info][gc,cpu      ] GC(1333) User=0.03s Sys=0.00s Real=0.01s
[633.247s][info][gc,start    ] GC(1334) Pause Young (Mixed) (G1 Evacuation Pause)
[633.247s][info][gc,task     ] GC(1334) Using 2 workers of 2 for evacuation
[633.278s][info][gc,phases   ] GC(1334)   Pre Evacuate Collection Set: 0.39ms
[633.278s][info][gc,phases   ] GC(1334)   Merge Heap Roots: 0.34ms
[633.278s][info][gc,phases   ] GC(1334)   Evacuate Collection Set: 29.85ms
[633.278s][info][gc,phases   ] GC(1334)   Post Evacuate Collection Set: 0.51ms
[633.278s][info][gc,phases   ] GC(1334)   Other: 0.09ms
[633.278s][info][gc,heap     ] GC(1334) Eden regions: 165->0(186)
[633.278s][info][gc,heap     ] GC(1334) Survivor regions: 8->22(22)
[633.278s][info][gc,heap     ] GC(1334) Old regions: 238->193
[633.278s][info][gc,heap     ] GC(1334) Humongous regions: 6->5
[633.278s][info][gc,metaspace] GC(1334) Metaspace: 43145K(43584K)->43145K(43584K) NonClass: 38797K(39040K)->38797K(39040K) Class: 4348K(4544K)->4348K(4544K)
[633.278s][info][gc          ] GC(1334) Pause Young (Mixed) (G1 Evacuation Pause) 416M->219M(586M) 31.428ms
[633.278s][info][gc,cpu      ] GC(1334) User=0.06s Sys=0.00s Real=0.03s
[633.922s][info][gc,start    ] GC(1335) Pause Young (Mixed) (G1 Evacuation Pause)
[633.922s][info][gc,task     ] GC(1335) Using 2 workers of 2 for evacuation
[633.961s][info][gc,phases   ] GC(1335)   Pre Evacuate Collection Set: 0.24ms
[633.961s][info][gc,phases   ] GC(1335)   Merge Heap Roots: 0.51ms
[633.961s][info][gc,phases   ] GC(1335)   Evacuate Collection Set: 38.26ms
[633.961s][info][gc,phases   ] GC(1335)   Post Evacuate Collection Set: 0.50ms
[633.961s][info][gc,phases   ] GC(1335)   Other: 0.10ms
[633.961s][info][gc,heap     ] GC(1335) Eden regions: 186->0(199)
[633.961s][info][gc,heap     ] GC(1335) Survivor regions: 22->17(26)
[633.961s][info][gc,heap     ] GC(1335) Old regions: 193->198
[633.961s][info][gc,heap     ] GC(1335) Humongous regions: 8->6
[633.961s][info][gc,metaspace] GC(1335) Metaspace: 43145K(43584K)->43145K(43584K) NonClass: 38797K(39040K)->38797K(39040K) Class: 4348K(4544K)->4348K(4544K)
[633.961s][info][gc          ] GC(1335) Pause Young (Mixed) (G1 Evacuation Pause) 408M->221M(586M) 39.808ms
[633.962s][info][gc,cpu      ] GC(1335) User=0.08s Sys=0.00s Real=0.04s
[634.659s][info][gc,start    ] GC(1336) Pause Young (Normal) (G1 Evacuation Pause)
[634.659s][info][gc,task     ] GC(1336) Using 2 workers of 2 for evacuation
[634.681s][info][gc,phases   ] GC(1336)   Pre Evacuate Collection Set: 0.24ms
[634.681s][info][gc,phases   ] GC(1336)   Merge Heap Roots: 0.15ms
[634.681s][info][gc,phases   ] GC(1336)   Evacuate Collection Set: 21.11ms
[634.681s][info][gc,phases   ] GC(1336)   Post Evacuate Collection Set: 0.46ms
[634.681s][info][gc,phases   ] GC(1336)   Other: 0.09ms
[634.681s][info][gc,heap     ] GC(1336) Eden regions: 199->0(201)
[634.681s][info][gc,heap     ] GC(1336) Survivor regions: 17->21(27)
[634.681s][info][gc,heap     ] GC(1336) Old regions: 198->210
[634.681s][info][gc,heap     ] GC(1336) Humongous regions: 8->7
[634.681s][info][gc,metaspace] GC(1336) Metaspace: 43145K(43584K)->43145K(43584K) NonClass: 38797K(39040K)->38797K(39040K) Class: 4348K(4544K)->4348K(4544K)
[634.681s][info][gc          ] GC(1336) Pause Young (Normal) (G1 Evacuation Pause) 422M->237M(586M) 22.267ms
[634.681s][info][gc,cpu      ] GC(1336) User=0.04s Sys=0.00s Real=0.03s
[635.026s][info][gc,start    ] GC(1337) Pause Young (Concurrent Start) (G1 Humongous Allocation)
[635.026s][info][gc,task     ] GC(1337) Using 2 workers of 2 for evacuation
[635.042s][info][gc,phases   ] GC(1337)   Pre Evacuate Collection Set: 0.27ms
[635.042s][info][gc,phases   ] GC(1337)   Merge Heap Roots: 0.08ms
[635.042s][info][gc,phases   ] GC(1337)   Evacuate Collection Set: 15.72ms
[635.042s][info][gc,phases   ] GC(1337)   Post Evacuate Collection Set: 0.51ms
[635.042s][info][gc,phases   ] GC(1337)   Other: 0.11ms
[635.042s][info][gc,heap     ] GC(1337) Eden regions: 101->0(207)
[635.042s][info][gc,heap     ] GC(1337) Survivor regions: 21->25(28)
[635.042s][info][gc,heap     ] GC(1337) Old regions: 210->211
[635.042s][info][gc,heap     ] GC(1337) Humongous regions: 7->6
[635.042s][info][gc,metaspace] GC(1337) Metaspace: 43146K(43584K)->43146K(43584K) NonClass: 38798K(39040K)->38798K(39040K) Class: 4348K(4544K)->4348K(4544K)
[635.042s][info][gc          ] GC(1337) Pause Young (Concurrent Start) (G1 Humongous Allocation) 338M->242M(586M) 16.869ms
[635.042s][info][gc,cpu      ] GC(1337) User=0.03s Sys=0.00s Real=0.02s
[635.042s][info][gc          ] GC(1338) Concurrent Mark Cycle
[635.043s][info][gc,marking  ] GC(1338) Concurrent Scan Root Regions
[635.055s][info][gc,marking  ] GC(1338) Concurrent Scan Root Regions 12.586ms
[635.055s][info][gc,marking  ] GC(1338) Concurrent Mark
[635.055s][info][gc,marking  ] GC(1338) Concurrent Mark From Roots
[635.055s][info][gc,task     ] GC(1338) Using 1 workers of 1 for marking
[635.129s][info][gc,marking  ] GC(1338) Concurrent Mark From Roots 73.986ms
[635.129s][info][gc,marking  ] GC(1338) Concurrent Preclean
[635.129s][info][gc,marking  ] GC(1338) Concurrent Preclean 0.048ms
[635.129s][info][gc,start    ] GC(1338) Pause Remark
[635.147s][info][gc          ] GC(1338) Pause Remark 261M->153M(450M) 17.094ms
[635.147s][info][gc,cpu      ] GC(1338) User=0.03s Sys=0.00s Real=0.01s
[635.147s][info][gc,marking  ] GC(1338) Concurrent Mark 91.468ms
[635.147s][info][gc,marking  ] GC(1338) Concurrent Rebuild Remembered Sets and Scrub Regions
[635.176s][info][gc,marking  ] GC(1338) Concurrent Rebuild Remembered Sets and Scrub Regions 29.415ms
[635.176s][info][gc,start    ] GC(1338) Pause Cleanup
[635.176s][info][gc          ] GC(1338) Pause Cleanup 160M->160M(450M) 0.056ms
[635.176s][info][gc,cpu      ] GC(1338) User=0.00s Sys=0.00s Real=0.00s
[635.176s][info][gc,marking  ] GC(1338) Concurrent Clear Claimed Marks
[635.176s][info][gc,marking  ] GC(1338) Concurrent Clear Claimed Marks 0.033ms
[635.176s][info][gc,marking  ] GC(1338) Concurrent Cleanup for Next Mark
[635.178s][info][gc,marking  ] GC(1338) Concurrent Cleanup for Next Mark 1.272ms
[635.178s][info][gc          ] GC(1338) Concurrent Mark Cycle 135.153ms
[635.768s][info][gc,start    ] GC(1339) Pause Young (Prepare Mixed) (G1 Evacuation Pause)
[635.768s][info][gc,task     ] GC(1339) Using 2 workers of 2 for evacuation
[635.781s][info][gc,phases   ] GC(1339)   Pre Evacuate Collection Set: 0.19ms
[635.781s][info][gc,phases   ] GC(1339)   Merge Heap Roots: 0.09ms
[635.781s][info][gc,phases   ] GC(1339)   Evacuate Collection Set: 12.25ms
[635.781s][info][gc,phases   ] GC(1339)   Post Evacuate Collection Set: 0.47ms
[635.781s][info][gc,phases   ] GC(1339)   Other: 0.12ms
[635.781s][info][gc,heap     ] GC(1339) Eden regions: 207->0(201)
[635.781s][info][gc,heap     ] GC(1339) Survivor regions: 25->20(29)
[635.781s][info][gc,heap     ] GC(1339) Old regions: 106->107
[635.781s][info][gc,heap     ] GC(1339) Humongous regions: 7->3
[635.781s][info][gc,metaspace] GC(1339) Metaspace: 43146K(43584K)->43146K(43584K) NonClass: 38798K(39040K)->38798K(39040K) Class: 4348K(4544K)->4348K(4544K)
[635.781s][info][gc          ] GC(1339) Pause Young (Prepare Mixed) (G1 Evacuation Pause) 345M->129M(450M) 13.326ms
[635.781s][info][gc,cpu      ] GC(1339) User=0.03s Sys=0.00s Real=0.02s
[636.405s][info][gc,start    ] GC(1340) Pause Young (Mixed) (G1 Evacuation Pause)
[636.406s][info][gc,task     ] GC(1340) Using 2 workers of 2 for evacuation
[636.418s][info][gc,phases   ] GC(1340)   Pre Evacuate Collection Set: 0.21ms
[636.419s][info][gc,phases   ] GC(1340)   Merge Heap Roots: 0.09ms
[636.419s][info][gc,phases   ] GC(1340)   Evacuate Collection Set: 12.06ms
[636.419s][info][gc,phases   ] GC(1340)   Post Evacuate Collection Set: 0.50ms
[636.419s][info][gc,phases   ] GC(1340)   Other: 0.09ms
[636.419s][info][gc,heap     ] GC(1340) Eden regions: 201->0(236)
[636.419s][info][gc,heap     ] GC(1340) Survivor regions: 20->2(28)
[636.419s][info][gc,heap     ] GC(1340) Old regions: 107->94
[636.419s][info][gc,heap     ] GC(1340) Humongous regions: 3->3
[636.419s][info][gc,metaspace] GC(1340) Metaspace: 43146K(43584K)->43146K(43584K) NonClass: 38798K(39040K)->38798K(39040K) Class: 4348K(4544K)->4348K(4544K)
[636.419s][info][gc          ] GC(1340) Pause Young (Mixed) (G1 Evacuation Pause) 330M->99M(450M) 13.137ms
[636.419s][info][gc,cpu      ] GC(1340) User=0.03s Sys=0.00s Real=0.01s
[636.616s][info][gc,start    ] GC(1341) Pause Young (Concurrent Start) (G1 Humongous Allocation)
[636.616s][info][gc,task     ] GC(1341) Using 2 workers of 2 for evacuation
[636.619s][info][gc,phases   ] GC(1341)   Pre Evacuate Collection Set: 0.25ms
[636.619s][info][gc,phases   ] GC(1341)   Merge Heap Roots: 0.08ms
[636.619s][info][gc,phases   ] GC(1341)   Evacuate Collection Set: 2.29ms
[636.619s][info][gc,phases   ] GC(1341)   Post Evacuate Collection Set: 0.36ms
[636.619s][info][gc,phases   ] GC(1341)   Other: 0.11ms
[636.619s][info][gc,heap     ] GC(1341) Eden regions: 63->0(252)
[636.619s][info][gc,heap     ] GC(1341) Survivor regions: 2->2(30)
[636.619s][info][gc,heap     ] GC(1341) Old regions: 94->94
[636.619s][info][gc,heap     ] GC(1341) Humongous regions: 3->3
[636.619s][info][gc,metaspace] GC(1341) Metaspace: 43146K(43584K)->43146K(43584K) NonClass: 38798K(39040K)->38798K(39040K) Class: 4348K(4544K)->4348K(4544K)
[636.619s][info][gc          ] GC(1341) Pause Young (Concurrent Start) (G1 Humongous Allocation) 162M->98M(450M) 3.274ms
[636.619s][info][gc          ] GC(1342) Concurrent Mark Cycle
[636.619s][info][gc,marking  ] GC(1342) Concurrent Scan Root Regions
[636.620s][info][gc,marking  ] GC(1342) Concurrent Scan Root Regions 0.742ms
[636.620s][info][gc,marking  ] GC(1342) Concurrent Mark
[636.620s][info][gc,marking  ] GC(1342) Concurrent Mark From Roots
[636.620s][info][gc,task     ] GC(1342) Using 1 workers of 1 for marking
[636.620s][info][gc,cpu      ] GC(1341) User=0.01s Sys=0.00s Real=0.01s
[636.715s][info][gc,marking  ] GC(1342) Concurrent Mark From Roots 95.495ms
[636.715s][info][gc,marking  ] GC(1342) Concurrent Preclean
[636.715s][info][gc,marking  ] GC(1342) Concurrent Preclean 0.051ms
[636.716s][info][gc,start    ] GC(1342) Pause Remark
[636.733s][info][gc          ] GC(1342) Pause Remark 122M->115M(310M) 17.378ms
[636.733s][info][gc,cpu      ] GC(1342) User=0.04s Sys=0.00s Real=0.02s
[636.735s][info][gc,marking  ] GC(1342) Concurrent Mark 115.218ms
[636.735s][info][gc,marking  ] GC(1342) Concurrent Rebuild Remembered Sets and Scrub Regions
[636.768s][info][gc,marking  ] GC(1342) Concurrent Rebuild Remembered Sets and Scrub Regions 32.807ms
[636.768s][info][gc,start    ] GC(1342) Pause Cleanup
[636.768s][info][gc          ] GC(1342) Pause Cleanup 126M->126M(310M) 0.047ms
[636.768s][info][gc,cpu      ] GC(1342) User=0.00s Sys=0.00s Real=0.00s
[636.768s][info][gc,marking  ] GC(1342) Concurrent Clear Claimed Marks
[636.768s][info][gc,marking  ] GC(1342) Concurrent Clear Claimed Marks 0.031ms
[636.768s][info][gc,marking  ] GC(1342) Concurrent Cleanup for Next Mark
[636.769s][info][gc,marking  ] GC(1342) Concurrent Cleanup for Next Mark 0.873ms
[636.769s][info][gc          ] GC(1342) Concurrent Mark Cycle 150.033ms
[637.203s][info][gc,start    ] GC(1343) Pause Young (Prepare Mixed) (G1 Evacuation Pause)
[637.204s][info][gc,task     ] GC(1343) Using 2 workers of 2 for evacuation
[637.209s][info][gc,phases   ] GC(1343)   Pre Evacuate Collection Set: 0.16ms
[637.209s][info][gc,phases   ] GC(1343)   Merge Heap Roots: 0.08ms
[637.209s][info][gc,phases   ] GC(1343)   Evacuate Collection Set: 4.34ms
[637.209s][info][gc,phases   ] GC(1343)   Post Evacuate Collection Set: 0.43ms
[637.209s][info][gc,phases   ] GC(1343)   Other: 0.07ms
[637.209s][info][gc,heap     ] GC(1343) Eden regions: 184->0(164)
[637.209s][info][gc,heap     ] GC(1343) Survivor regions: 2->6(24)
[637.209s][info][gc,heap     ] GC(1343) Old regions: 87->87
[637.209s][info][gc,heap     ] GC(1343) Humongous regions: 4->1
[637.209s][info][gc,metaspace] GC(1343) Metaspace: 43146K(43584K)->43146K(43584K) NonClass: 38798K(39040K)->38798K(39040K) Class: 4348K(4544K)->4348K(4544K)
[637.209s][info][gc          ] GC(1343) Pause Young (Prepare Mixed) (G1 Evacuation Pause) 276M->93M(310M) 5.259ms
[637.209s][info][gc,cpu      ] GC(1343) User=0.01s Sys=0.00s Real=0.00s
[637.503s][info][gc,start    ] GC(1344) Pause Young (Mixed) (G1 Evacuation Pause)
[637.503s][info][gc,task     ] GC(1344) Using 2 workers of 2 for evacuation
[637.511s][info][gc,phases   ] GC(1344)   Pre Evacuate Collection Set: 0.19ms
[637.511s][info][gc,phases   ] GC(1344)   Merge Heap Roots: 0.14ms
[637.511s][info][gc,phases   ] GC(1344)   Evacuate Collection Set: 7.32ms
[637.511s][info][gc,phases   ] GC(1344)   Post Evacuate Collection Set: 0.42ms
[637.511s][info][gc,phases   ] GC(1344)   Other: 0.07ms
[637.511s][info][gc,heap     ] GC(1344) Eden regions: 164->0(181)
[637.511s][info][gc,heap     ] GC(1344) Survivor regions: 6->5(22)
[637.511s][info][gc,heap     ] GC(1344) Old regions: 87->70
[637.511s][info][gc,heap     ] GC(1344) Humongous regions: 1->1
[637.511s][info][gc,metaspace] GC(1344) Metaspace: 43146K(43584K)->43146K(43584K) NonClass: 38798K(39040K)->38798K(39040K) Class: 4348K(4544K)->4348K(4544K)
[637.511s][info][gc          ] GC(1344) Pause Young (Mixed) (G1 Evacuation Pause) 257M->75M(310M) 8.337ms
[637.511s][info][gc,cpu      ] GC(1344) User=0.02s Sys=0.00s Real=0.01s
[637.836s][info][gc,start    ] GC(1345) Pause Young (Concurrent Start) (G1 Evacuation Pause)
[637.836s][info][gc,task     ] GC(1345) Using 2 workers of 2 for evacuation
[637.840s][info][gc,phases   ] GC(1345)   Pre Evacuate Collection Set: 0.17ms
[637.840s][info][gc,phases   ] GC(1345)   Merge Heap Roots: 0.06ms
[637.840s][info][gc,phases   ] GC(1345)   Evacuate Collection Set: 2.72ms
[637.840s][info][gc,phases   ] GC(1345)   Post Evacuate Collection Set: 0.39ms
[637.840s][info][gc,phases   ] GC(1345)   Other: 0.08ms
[637.840s][info][gc,heap     ] GC(1345) Eden regions: 181->0(182)
[637.840s][info][gc,heap     ] GC(1345) Survivor regions: 5->4(24)
[637.840s][info][gc,heap     ] GC(1345) Old regions: 70->70
[637.840s][info][gc,heap     ] GC(1345) Humongous regions: 1->1
[637.840s][info][gc,metaspace] GC(1345) Metaspace: 43146K(43584K)->43146K(43584K) NonClass: 38798K(39040K)->38798K(39040K) Class: 4348K(4544K)->4348K(4544K)
[637.840s][info][gc          ] GC(1345) Pause Young (Concurrent Start) (G1 Evacuation Pause) 256M->74M(310M) 3.610ms
[637.840s][info][gc          ] GC(1346) Concurrent Mark Cycle
[637.840s][info][gc,marking  ] GC(1346) Concurrent Scan Root Regions
[637.841s][info][gc,cpu      ] GC(1345) User=0.01s Sys=0.00s Real=0.01s
[637.842s][info][gc,marking  ] GC(1346) Concurrent Scan Root Regions 1.848ms
[637.842s][info][gc,marking  ] GC(1346) Concurrent Mark
[637.842s][info][gc,marking  ] GC(1346) Concurrent Mark From Roots
[637.842s][info][gc,task     ] GC(1346) Using 1 workers of 1 for marking
[637.917s][info][gc,marking  ] GC(1346) Concurrent Mark From Roots 75.216ms
[637.917s][info][gc,marking  ] GC(1346) Concurrent Preclean
[637.917s][info][gc,marking  ] GC(1346) Concurrent Preclean 0.043ms
[637.917s][info][gc,start    ] GC(1346) Pause Remark
[637.935s][info][gc          ] GC(1346) Pause Remark 109M->107M(256M) 17.638ms
[637.935s][info][gc,cpu      ] GC(1346) User=0.04s Sys=0.00s Real=0.02s
[637.935s][info][gc,marking  ] GC(1346) Concurrent Mark 93.203ms
[637.935s][info][gc,marking  ] GC(1346) Concurrent Rebuild Remembered Sets and Scrub Regions
[637.964s][info][gc,marking  ] GC(1346) Concurrent Rebuild Remembered Sets and Scrub Regions 28.693ms
[637.964s][info][gc,start    ] GC(1346) Pause Cleanup
[637.964s][info][gc          ] GC(1346) Pause Cleanup 115M->115M(256M) 0.058ms
[637.964s][info][gc,cpu      ] GC(1346) User=0.00s Sys=0.00s Real=0.00s
[637.964s][info][gc,marking  ] GC(1346) Concurrent Clear Claimed Marks
[637.964s][info][gc,marking  ] GC(1346) Concurrent Clear Claimed Marks 0.033ms
[637.964s][info][gc,marking  ] GC(1346) Concurrent Cleanup for Next Mark
[637.965s][info][gc,marking  ] GC(1346) Concurrent Cleanup for Next Mark 0.721ms
[637.965s][info][gc          ] GC(1346) Concurrent Mark Cycle 124.820ms
[638.375s][info][gc,start    ] GC(1347) Pause Young (Prepare Mixed) (G1 Evacuation Pause)
[638.375s][info][gc,task     ] GC(1347) Using 2 workers of 2 for evacuation
[638.387s][info][gc,phases   ] GC(1347)   Pre Evacuate Collection Set: 0.33ms
[638.387s][info][gc,phases   ] GC(1347)   Merge Heap Roots: 0.13ms
[638.387s][info][gc,phases   ] GC(1347)   Evacuate Collection Set: 10.81ms
[638.387s][info][gc,phases   ] GC(1347)   Post Evacuate Collection Set: 1.04ms
[638.387s][info][gc,phases   ] GC(1347)   Other: 0.08ms
[638.387s][info][gc,heap     ] GC(1347) Eden regions: 97->0(214)
[638.387s][info][gc,heap     ] GC(1347) Survivor regions: 4->8(25)
[638.387s][info][gc,heap     ] GC(1347) Old regions: 68->68
[638.387s][info][gc,heap     ] GC(1347) Humongous regions: 193->3
[638.387s][info][gc,metaspace] GC(1347) Metaspace: 43146K(43584K)->43146K(43584K) NonClass: 38798K(39040K)->38798K(39040K) Class: 4348K(4544K)->4348K(4544K)
[638.388s][info][gc          ] GC(1347) Pause Young (Prepare Mixed) (G1 Evacuation Pause) 361M->78M(370M) 12.585ms
[638.388s][info][gc,cpu      ] GC(1347) User=0.01s Sys=0.01s Real=0.01s
[638.943s][info][gc,start    ] GC(1348) Pause Young (Mixed) (G1 Evacuation Pause)
[638.943s][info][gc,task     ] GC(1348) Using 2 workers of 2 for evacuation
[638.967s][info][gc,phases   ] GC(1348)   Pre Evacuate Collection Set: 0.39ms
[638.967s][info][gc,phases   ] GC(1348)   Merge Heap Roots: 0.16ms
[638.967s][info][gc,phases   ] GC(1348)   Evacuate Collection Set: 22.30ms
[638.967s][info][gc,phases   ] GC(1348)   Post Evacuate Collection Set: 1.34ms
[638.967s][info][gc,phases   ] GC(1348)   Other: 0.08ms
[638.967s][info][gc,heap     ] GC(1348) Eden regions: 55->0(287)
[638.967s][info][gc,heap     ] GC(1348) Survivor regions: 8->11(32)
[638.967s][info][gc,heap     ] GC(1348) Old regions: 68->56
[638.967s][info][gc,heap     ] GC(1348) Humongous regions: 351->3
[638.967s][info][gc,metaspace] GC(1348) Metaspace: 43146K(43584K)->43146K(43584K) NonClass: 38798K(39040K)->38798K(39040K) Class: 4348K(4544K)->4348K(4544K)
[638.968s][info][gc          ] GC(1348) Pause Young (Mixed) (G1 Evacuation Pause) 481M->69M(498M) 24.469ms
[638.968s][info][gc,cpu      ] GC(1348) User=0.03s Sys=0.02s Real=0.02s
[639.068s][info][gc,start    ] GC(1349) Pause Young (Concurrent Start) (G1 Humongous Allocation)
[639.068s][info][gc,task     ] GC(1349) Using 2 workers of 2 for evacuation
[639.079s][info][gc,phases   ] GC(1349)   Pre Evacuate Collection Set: 0.24ms
[639.079s][info][gc,phases   ] GC(1349)   Merge Heap Roots: 0.05ms
[639.079s][info][gc,phases   ] GC(1349)   Evacuate Collection Set: 10.42ms
[639.079s][info][gc,phases   ] GC(1349)   Post Evacuate Collection Set: 0.38ms
[639.079s][info][gc,phases   ] GC(1349)   Other: 0.10ms
[639.079s][info][gc,heap     ] GC(1349) Eden regions: 12->0(286)
[639.079s][info][gc,heap     ] GC(1349) Survivor regions: 11->12(38)
[639.079s][info][gc,heap     ] GC(1349) Old regions: 56->56
[639.079s][info][gc,heap     ] GC(1349) Humongous regions: 73->1
[639.079s][info][gc,metaspace] GC(1349) Metaspace: 43146K(43584K)->43146K(43584K) NonClass: 38798K(39040K)->38798K(39040K) Class: 4348K(4544K)->4348K(4544K)
[639.079s][info][gc          ] GC(1349) Pause Young (Concurrent Start) (G1 Humongous Allocation) 151M->68M(498M) 11.434ms
[639.079s][info][gc,cpu      ] GC(1349) User=0.02s Sys=0.00s Real=0.02s
[639.079s][info][gc          ] GC(1350) Concurrent Undo Cycle
[639.079s][info][gc,marking  ] GC(1350) Concurrent Clear Claimed Marks
[639.080s][info][gc,marking  ] GC(1350) Concurrent Clear Claimed Marks 0.036ms
[639.080s][info][gc,marking  ] GC(1350) Concurrent Cleanup for Next Mark
[639.080s][info][gc,marking  ] GC(1350) Concurrent Cleanup for Next Mark 0.223ms
[639.080s][info][gc          ] GC(1350) Concurrent Undo Cycle 0.341ms
[639.083s][info][gc,start    ] GC(1351) Pause Young (Concurrent Start) (G1 Humongous Allocation)
[639.083s][info][gc,task     ] GC(1351) Using 2 workers of 2 for evacuation
[639.094s][info][gc,phases   ] GC(1351)   Pre Evacuate Collection Set: 0.22ms
[639.094s][info][gc,phases   ] GC(1351)   Merge Heap Roots: 0.06ms
[639.094s][info][gc,phases   ] GC(1351)   Evacuate Collection Set: 10.24ms
[639.094s][info][gc,phases   ] GC(1351)   Post Evacuate Collection Set: 0.59ms
[639.094s][info][gc,phases   ] GC(1351)   Other: 0.08ms
[639.094s][info][gc,heap     ] GC(1351) Eden regions: 1->0(286)
[639.094s][info][gc,heap     ] GC(1351) Survivor regions: 12->12(38)
[639.094s][info][gc,heap     ] GC(1351) Old regions: 56->56
[639.094s][info][gc,heap     ] GC(1351) Humongous regions: 3->1
[639.094s][info][gc,metaspace] GC(1351) Metaspace: 43146K(43584K)->43146K(43584K) NonClass: 38798K(39040K)->38798K(39040K) Class: 4348K(4544K)->4348K(4544K)
[639.094s][info][gc          ] GC(1351) Pause Young (Concurrent Start) (G1 Humongous Allocation) 70M->68M(498M) 11.359ms
[639.094s][info][gc,cpu      ] GC(1351) User=0.02s Sys=0.00s Real=0.01s
[639.094s][info][gc          ] GC(1352) Concurrent Undo Cycle
[639.094s][info][gc,marking  ] GC(1352) Concurrent Clear Claimed Marks
[639.094s][info][gc,marking  ] GC(1352) Concurrent Clear Claimed Marks 0.021ms
[639.094s][info][gc,marking  ] GC(1352) Concurrent Cleanup for Next Mark
[639.094s][info][gc,marking  ] GC(1352) Concurrent Cleanup for Next Mark 0.167ms
[639.094s][info][gc          ] GC(1352) Concurrent Undo Cycle 0.256ms
[639.108s][info][gc,start    ] GC(1353) Pause Young (Concurrent Start) (G1 Humongous Allocation)
[639.108s][info][gc,task     ] GC(1353) Using 2 workers of 2 for evacuation
[639.120s][info][gc,phases   ] GC(1353)   Pre Evacuate Collection Set: 0.20ms
[639.120s][info][gc,phases   ] GC(1353)   Merge Heap Roots: 0.05ms
[639.120s][info][gc,phases   ] GC(1353)   Evacuate Collection Set: 10.87ms
[639.120s][info][gc,phases   ] GC(1353)   Post Evacuate Collection Set: 0.60ms
[639.120s][info][gc,phases   ] GC(1353)   Other: 0.08ms
[639.120s][info][gc,heap     ] GC(1353) Eden regions: 2->0(281)
[639.120s][info][gc,heap     ] GC(1353) Survivor regions: 12->13(38)
[639.120s][info][gc,heap     ] GC(1353) Old regions: 56->56
[639.120s][info][gc,heap     ] GC(1353) Humongous regions: 5->1
[639.120s][info][gc,metaspace] GC(1353) Metaspace: 43146K(43584K)->43146K(43584K) NonClass: 38798K(39040K)->38798K(39040K) Class: 4348K(4544K)->4348K(4544K)
[639.120s][info][gc          ] GC(1353) Pause Young (Concurrent Start) (G1 Humongous Allocation) 74M->69M(498M) 11.953ms
[639.120s][info][gc,cpu      ] GC(1353) User=0.03s Sys=0.00s Real=0.02s
[639.120s][info][gc          ] GC(1354) Concurrent Undo Cycle
[639.120s][info][gc,marking  ] GC(1354) Concurrent Clear Claimed Marks
[639.120s][info][gc,marking  ] GC(1354) Concurrent Clear Claimed Marks 0.063ms
[639.120s][info][gc,marking  ] GC(1354) Concurrent Cleanup for Next Mark
[639.120s][info][gc,marking  ] GC(1354) Concurrent Cleanup for Next Mark 0.175ms
[639.120s][info][gc          ] GC(1354) Concurrent Undo Cycle 0.306ms
[639.152s][info][gc,start    ] GC(1355) Pause Young (Concurrent Start) (G1 Humongous Allocation)
[639.152s][info][gc,task     ] GC(1355) Using 2 workers of 2 for evacuation
[639.165s][info][gc,phases   ] GC(1355)   Pre Evacuate Collection Set: 0.24ms
[639.165s][info][gc,phases   ] GC(1355)   Merge Heap Roots: 0.06ms
[639.165s][info][gc,phases   ] GC(1355)   Evacuate Collection Set: 12.28ms
[639.165s][info][gc,phases   ] GC(1355)   Post Evacuate Collection Set: 0.33ms
[639.165s][info][gc,phases   ] GC(1355)   Other: 0.11ms
[639.165s][info][gc,heap     ] GC(1355) Eden regions: 5->0(283)
[639.165s][info][gc,heap     ] GC(1355) Survivor regions: 13->15(37)
[639.165s][info][gc,heap     ] GC(1355) Old regions: 56->56
[639.165s][info][gc,heap     ] GC(1355) Humongous regions: 13->1
[639.165s][info][gc,metaspace] GC(1355) Metaspace: 43146K(43584K)->43146K(43584K) NonClass: 38798K(39040K)->38798K(39040K) Class: 4348K(4544K)->4348K(4544K)
[639.165s][info][gc          ] GC(1355) Pause Young (Concurrent Start) (G1 Humongous Allocation) 85M->70M(498M) 13.219ms
[639.165s][info][gc,cpu      ] GC(1355) User=0.02s Sys=0.00s Real=0.01s
[639.165s][info][gc          ] GC(1356) Concurrent Undo Cycle
[639.165s][info][gc,marking  ] GC(1356) Concurrent Clear Claimed Marks
[639.165s][info][gc,marking  ] GC(1356) Concurrent Clear Claimed Marks 0.035ms
[639.165s][info][gc,marking  ] GC(1356) Concurrent Cleanup for Next Mark
[639.166s][info][gc,marking  ] GC(1356) Concurrent Cleanup for Next Mark 0.166ms
[639.166s][info][gc          ] GC(1356) Concurrent Undo Cycle 0.277ms
[639.182s][info][gc,start    ] GC(1357) Pause Young (Concurrent Start) (G1 Humongous Allocation)
[639.182s][info][gc,task     ] GC(1357) Using 2 workers of 2 for evacuation
[639.196s][info][gc,phases   ] GC(1357)   Pre Evacuate Collection Set: 0.28ms
[639.196s][info][gc,phases   ] GC(1357)   Merge Heap Roots: 0.10ms
[639.196s][info][gc,phases   ] GC(1357)   Evacuate Collection Set: 12.46ms
[639.196s][info][gc,phases   ] GC(1357)   Post Evacuate Collection Set: 1.68ms
[639.196s][info][gc,phases   ] GC(1357)   Other: 0.16ms
[639.196s][info][gc,heap     ] GC(1357) Eden regions: 2->0(399)
[639.196s][info][gc,heap     ] GC(1357) Survivor regions: 15->15(38)
[639.196s][info][gc,heap     ] GC(1357) Old regions: 56->56
[639.196s][info][gc,heap     ] GC(1357) Humongous regions: 13->1
[639.196s][info][gc,metaspace] GC(1357) Metaspace: 43146K(43584K)->43146K(43584K) NonClass: 38798K(39040K)->38798K(39040K) Class: 4348K(4544K)->4348K(4544K)
[639.196s][info][gc          ] GC(1357) Pause Young (Concurrent Start) (G1 Humongous Allocation) 84M->70M(690M) 14.877ms
[639.197s][info][gc,cpu      ] GC(1357) User=0.03s Sys=0.00s Real=0.01s
[639.197s][info][gc          ] GC(1358) Concurrent Undo Cycle
[639.197s][info][gc,marking  ] GC(1358) Concurrent Clear Claimed Marks
[639.197s][info][gc,marking  ] GC(1358) Concurrent Clear Claimed Marks 0.032ms
[639.197s][info][gc,marking  ] GC(1358) Concurrent Cleanup for Next Mark
[639.197s][info][gc,marking  ] GC(1358) Concurrent Cleanup for Next Mark 0.796ms
[639.197s][info][gc          ] GC(1358) Concurrent Undo Cycle 0.865ms
[639.307s][info][gc,start    ] GC(1359) Pause Young (Concurrent Start) (G1 Humongous Allocation)
[639.307s][info][gc,task     ] GC(1359) Using 2 workers of 2 for evacuation
[639.326s][info][gc,phases   ] GC(1359)   Pre Evacuate Collection Set: 0.27ms
[639.326s][info][gc,phases   ] GC(1359)   Merge Heap Roots: 0.06ms
[639.326s][info][gc,phases   ] GC(1359)   Evacuate Collection Set: 18.12ms
[639.326s][info][gc,phases   ] GC(1359)   Post Evacuate Collection Set: 0.66ms
[639.326s][info][gc,phases   ] GC(1359)   Other: 0.16ms
[639.326s][info][gc,heap     ] GC(1359) Eden regions: 12->0(399)
[639.326s][info][gc,heap     ] GC(1359) Survivor regions: 15->15(52)
[639.326s][info][gc,heap     ] GC(1359) Old regions: 56->56
[639.326s][info][gc,heap     ] GC(1359) Humongous regions: 83->1
[639.326s][info][gc,metaspace] GC(1359) Metaspace: 43146K(43584K)->43146K(43584K) NonClass: 38798K(39040K)->38798K(39040K) Class: 4348K(4544K)->4348K(4544K)
[639.326s][info][gc          ] GC(1359) Pause Young (Concurrent Start) (G1 Humongous Allocation) 164M->70M(690M) 19.506ms
[639.326s][info][gc,cpu      ] GC(1359) User=0.04s Sys=0.01s Real=0.02s
[639.327s][info][gc          ] GC(1360) Concurrent Undo Cycle
[639.327s][info][gc,marking  ] GC(1360) Concurrent Clear Claimed Marks
[639.327s][info][gc,marking  ] GC(1360) Concurrent Clear Claimed Marks 0.035ms
[639.327s][info][gc,marking  ] GC(1360) Concurrent Cleanup for Next Mark
[639.327s][info][gc,marking  ] GC(1360) Concurrent Cleanup for Next Mark 0.186ms
[639.327s][info][gc          ] GC(1360) Concurrent Undo Cycle 0.263ms
[639.458s][info][gc,start    ] GC(1361) Pause Young (Concurrent Start) (G1 Humongous Allocation)
[639.458s][info][gc,task     ] GC(1361) Using 2 workers of 2 for evacuation
[639.480s][info][gc,phases   ] GC(1361)   Pre Evacuate Collection Set: 0.29ms
[639.480s][info][gc,phases   ] GC(1361)   Merge Heap Roots: 0.05ms
[639.480s][info][gc,phases   ] GC(1361)   Evacuate Collection Set: 20.74ms
[639.480s][info][gc,phases   ] GC(1361)   Post Evacuate Collection Set: 0.39ms
[639.480s][info][gc,phases   ] GC(1361)   Other: 0.14ms
[639.480s][info][gc,heap     ] GC(1361) Eden regions: 17->0(397)
[639.480s][info][gc,heap     ] GC(1361) Survivor regions: 15->17(52)
[639.480s][info][gc,heap     ] GC(1361) Old regions: 56->56
[639.480s][info][gc,heap     ] GC(1361) Humongous regions: 87->1
[639.480s][info][gc,metaspace] GC(1361) Metaspace: 43146K(43584K)->43146K(43584K) NonClass: 38798K(39040K)->38798K(39040K) Class: 4348K(4544K)->4348K(4544K)
[639.480s][info][gc          ] GC(1361) Pause Young (Concurrent Start) (G1 Humongous Allocation) 173M->73M(690M) 21.847ms
[639.480s][info][gc,cpu      ] GC(1361) User=0.03s Sys=0.01s Real=0.03s
[639.480s][info][gc          ] GC(1362) Concurrent Undo Cycle
[639.480s][info][gc,marking  ] GC(1362) Concurrent Clear Claimed Marks
[639.480s][info][gc,marking  ] GC(1362) Concurrent Clear Claimed Marks 0.035ms
[639.480s][info][gc,marking  ] GC(1362) Concurrent Cleanup for Next Mark
[639.480s][info][gc,marking  ] GC(1362) Concurrent Cleanup for Next Mark 0.141ms
[639.480s][info][gc          ] GC(1362) Concurrent Undo Cycle 0.216ms
[639.612s][info][gc,start    ] GC(1363) Pause Young (Concurrent Start) (G1 Humongous Allocation)
[639.612s][info][gc,task     ] GC(1363) Using 2 workers of 2 for evacuation
[639.631s][info][gc,phases   ] GC(1363)   Pre Evacuate Collection Set: 0.28ms
[639.631s][info][gc,phases   ] GC(1363)   Merge Heap Roots: 0.05ms
[639.631s][info][gc,phases   ] GC(1363)   Evacuate Collection Set: 17.96ms
[639.631s][info][gc,phases   ] GC(1363)   Post Evacuate Collection Set: 0.71ms
[639.631s][info][gc,phases   ] GC(1363)   Other: 0.09ms
[639.631s][info][gc,heap     ] GC(1363) Eden regions: 16->0(395)
[639.631s][info][gc,heap     ] GC(1363) Survivor regions: 17->19(52)
[639.631s][info][gc,heap     ] GC(1363) Old regions: 56->56
[639.631s][info][gc,heap     ] GC(1363) Humongous regions: 89->1
[639.631s][info][gc,metaspace] GC(1363) Metaspace: 43146K(43584K)->43146K(43584K) NonClass: 38798K(39040K)->38798K(39040K) Class: 4348K(4544K)->4348K(4544K)
[639.631s][info][gc          ] GC(1363) Pause Young (Concurrent Start) (G1 Humongous Allocation) 177M->74M(690M) 19.333ms
[639.631s][info][gc,cpu      ] GC(1363) User=0.03s Sys=0.00s Real=0.02s
[639.631s][info][gc          ] GC(1364) Concurrent Undo Cycle
[639.631s][info][gc,marking  ] GC(1364) Concurrent Clear Claimed Marks
[639.631s][info][gc,marking  ] GC(1364) Concurrent Clear Claimed Marks 0.036ms
[639.631s][info][gc,marking  ] GC(1364) Concurrent Cleanup for Next Mark
[639.632s][info][gc,marking  ] GC(1364) Concurrent Cleanup for Next Mark 0.188ms
[639.632s][info][gc          ] GC(1364) Concurrent Undo Cycle 0.297ms
[639.779s][info][gc,start    ] GC(1365) Pause Young (Concurrent Start) (G1 Humongous Allocation)
[639.779s][info][gc,task     ] GC(1365) Using 2 workers of 2 for evacuation
[639.803s][info][gc,phases   ] GC(1365)   Pre Evacuate Collection Set: 0.28ms
[639.803s][info][gc,phases   ] GC(1365)   Merge Heap Roots: 0.05ms
[639.803s][info][gc,phases   ] GC(1365)   Evacuate Collection Set: 22.99ms
[639.803s][info][gc,phases   ] GC(1365)   Post Evacuate Collection Set: 1.02ms
[639.803s][info][gc,phases   ] GC(1365)   Other: 0.16ms
[639.803s][info][gc,heap     ] GC(1365) Eden regions: 20->0(433)
[639.803s][info][gc,heap     ] GC(1365) Survivor regions: 19->22(52)
[639.803s][info][gc,heap     ] GC(1365) Old regions: 56->56
[639.803s][info][gc,heap     ] GC(1365) Humongous regions: 93->1
[639.803s][info][gc,metaspace] GC(1365) Metaspace: 43146K(43584K)->43146K(43584K) NonClass: 38798K(39040K)->38798K(39040K) Class: 4348K(4544K)->4348K(4544K)
[639.803s][info][gc          ] GC(1365) Pause Young (Concurrent Start) (G1 Humongous Allocation) 186M->78M(759M) 24.754ms
[639.803s][info][gc,cpu      ] GC(1365) User=0.05s Sys=0.01s Real=0.03s
[639.803s][info][gc          ] GC(1366) Concurrent Undo Cycle
[639.803s][info][gc,marking  ] GC(1366) Concurrent Clear Claimed Marks
[639.804s][info][gc,marking  ] GC(1366) Concurrent Clear Claimed Marks 0.035ms
[639.804s][info][gc,marking  ] GC(1366) Concurrent Cleanup for Next Mark
[639.804s][info][gc,marking  ] GC(1366) Concurrent Cleanup for Next Mark 0.184ms
[639.804s][info][gc          ] GC(1366) Concurrent Undo Cycle 0.259ms
[640.018s][info][gc,start    ] GC(1367) Pause Young (Concurrent Start) (G1 Humongous Allocation)
[640.018s][info][gc,task     ] GC(1367) Using 2 workers of 2 for evacuation
[640.054s][info][gc,phases   ] GC(1367)   Pre Evacuate Collection Set: 0.28ms
[640.054s][info][gc,phases   ] GC(1367)   Merge Heap Roots: 0.06ms
[640.054s][info][gc,phases   ] GC(1367)   Evacuate Collection Set: 34.72ms
[640.054s][info][gc,phases   ] GC(1367)   Post Evacuate Collection Set: 0.80ms
[640.054s][info][gc,phases   ] GC(1367)   Other: 0.10ms
[640.055s][info][gc,heap     ] GC(1367) Eden regions: 28->0(429)
[640.055s][info][gc,heap     ] GC(1367) Survivor regions: 22->26(57)
[640.055s][info][gc,heap     ] GC(1367) Old regions: 56->56
[640.055s][info][gc,heap     ] GC(1367) Humongous regions: 121->1
[640.055s][info][gc,metaspace] GC(1367) Metaspace: 43146K(43584K)->43146K(43584K) NonClass: 38798K(39040K)->38798K(39040K) Class: 4348K(4544K)->4348K(4544K)
[640.055s][info][gc          ] GC(1367) Pause Young (Concurrent Start) (G1 Humongous Allocation) 225M->82M(759M) 36.175ms
[640.055s][info][gc,cpu      ] GC(1367) User=0.05s Sys=0.02s Real=0.04s
[640.055s][info][gc          ] GC(1368) Concurrent Undo Cycle
[640.055s][info][gc,marking  ] GC(1368) Concurrent Clear Claimed Marks
[640.055s][info][gc,marking  ] GC(1368) Concurrent Clear Claimed Marks 0.036ms
[640.055s][info][gc,marking  ] GC(1368) Concurrent Cleanup for Next Mark
[640.055s][info][gc,marking  ] GC(1368) Concurrent Cleanup for Next Mark 0.198ms
[640.055s][info][gc          ] GC(1368) Concurrent Undo Cycle 0.309ms
[640.231s][info][gc,start    ] GC(1369) Pause Young (Concurrent Start) (G1 Humongous Allocation)
[640.231s][info][gc,task     ] GC(1369) Using 2 workers of 2 for evacuation
[640.267s][info][gc,phases   ] GC(1369)   Pre Evacuate Collection Set: 0.29ms
[640.267s][info][gc,phases   ] GC(1369)   Merge Heap Roots: 0.06ms
[640.267s][info][gc,phases   ] GC(1369)   Evacuate Collection Set: 34.52ms
[640.267s][info][gc,phases   ] GC(1369)   Post Evacuate Collection Set: 0.45ms
[640.267s][info][gc,phases   ] GC(1369)   Other: 0.09ms
[640.267s][info][gc,heap     ] GC(1369) Eden regions: 21->0(428)
[640.267s][info][gc,heap     ] GC(1369) Survivor regions: 26->27(57)
[640.267s][info][gc,heap     ] GC(1369) Old regions: 56->57
[640.267s][info][gc,heap     ] GC(1369) Humongous regions: 123->1
[640.267s][info][gc,metaspace] GC(1369) Metaspace: 43146K(43584K)->43146K(43584K) NonClass: 38798K(39040K)->38798K(39040K) Class: 4348K(4544K)->4348K(4544K)
[640.267s][info][gc          ] GC(1369) Pause Young (Concurrent Start) (G1 Humongous Allocation) 225M->84M(759M) 35.626ms
[640.267s][info][gc,cpu      ] GC(1369) User=0.06s Sys=0.02s Real=0.03s
[640.267s][info][gc          ] GC(1370) Concurrent Undo Cycle
[640.267s][info][gc,marking  ] GC(1370) Concurrent Clear Claimed Marks
[640.267s][info][gc,marking  ] GC(1370) Concurrent Clear Claimed Marks 0.039ms
[640.267s][info][gc,marking  ] GC(1370) Concurrent Cleanup for Next Mark
[640.267s][info][gc,marking  ] GC(1370) Concurrent Cleanup for Next Mark 0.170ms
[640.267s][info][gc          ] GC(1370) Concurrent Undo Cycle 0.349ms
[640.636s][info][gc,start    ] GC(1371) Pause Young (Concurrent Start) (G1 Humongous Allocation)
[640.636s][info][gc,task     ] GC(1371) Using 2 workers of 2 for evacuation
[640.644s][info][gc,phases   ] GC(1371)   Pre Evacuate Collection Set: 0.32ms
[640.644s][info][gc,phases   ] GC(1371)   Merge Heap Roots: 0.07ms
[640.644s][info][gc,phases   ] GC(1371)   Evacuate Collection Set: 6.64ms
[640.644s][info][gc,phases   ] GC(1371)   Post Evacuate Collection Set: 0.42ms
[640.644s][info][gc,phases   ] GC(1371)   Other: 0.08ms
[640.644s][info][gc,heap     ] GC(1371) Eden regions: 71->0(447)
[640.644s][info][gc,heap     ] GC(1371) Survivor regions: 27->8(57)
[640.644s][info][gc,heap     ] GC(1371) Old regions: 57->57
[640.644s][info][gc,heap     ] GC(1371) Humongous regions: 125->1
[640.644s][info][gc,metaspace] GC(1371) Metaspace: 43146K(43584K)->43146K(43584K) NonClass: 38798K(39040K)->38798K(39040K) Class: 4348K(4544K)->4348K(4544K)
[640.644s][info][gc          ] GC(1371) Pause Young (Concurrent Start) (G1 Humongous Allocation) 279M->65M(759M) 7.723ms
[640.644s][info][gc,cpu      ] GC(1371) User=0.02s Sys=0.00s Real=0.01s
[640.645s][info][gc          ] GC(1372) Concurrent Undo Cycle
[640.645s][info][gc,marking  ] GC(1372) Concurrent Clear Claimed Marks
[640.645s][info][gc,marking  ] GC(1372) Concurrent Clear Claimed Marks 0.034ms
[640.645s][info][gc,marking  ] GC(1372) Concurrent Cleanup for Next Mark
[640.648s][info][gc,marking  ] GC(1372) Concurrent Cleanup for Next Mark 3.075ms
[640.648s][info][gc          ] GC(1372) Concurrent Undo Cycle 3.201ms
[641.884s][info][gc,start    ] GC(1373) Pause Young (Normal) (G1 Evacuation Pause)
[641.884s][info][gc,task     ] GC(1373) Using 2 workers of 2 for evacuation
[641.893s][info][gc,phases   ] GC(1373)   Pre Evacuate Collection Set: 0.41ms
[641.893s][info][gc,phases   ] GC(1373)   Merge Heap Roots: 0.14ms
[641.893s][info][gc,phases   ] GC(1373)   Evacuate Collection Set: 7.43ms
[641.893s][info][gc,phases   ] GC(1373)   Post Evacuate Collection Set: 0.96ms
[641.893s][info][gc,phases   ] GC(1373)   Other: 0.13ms
[641.893s][info][gc,heap     ] GC(1373) Eden regions: 447->0(445)
[641.893s][info][gc,heap     ] GC(1373) Survivor regions: 8->10(57)
[641.893s][info][gc,heap     ] GC(1373) Old regions: 57->57
[641.893s][info][gc,heap     ] GC(1373) Humongous regions: 31->1
[641.893s][info][gc,metaspace] GC(1373) Metaspace: 43156K(43584K)->43156K(43584K) NonClass: 38808K(39040K)->38808K(39040K) Class: 4348K(4544K)->4348K(4544K)
[641.894s][info][gc          ] GC(1373) Pause Young (Normal) (G1 Evacuation Pause) 542M->67M(759M) 9.285ms
[641.894s][info][gc,cpu      ] GC(1373) User=0.02s Sys=0.00s Real=0.01s
[642.956s][info][gc,start    ] GC(1374) Pause Young (Normal) (G1 Evacuation Pause)
[642.956s][info][gc,task     ] GC(1374) Using 2 workers of 2 for evacuation
[642.964s][info][gc,phases   ] GC(1374)   Pre Evacuate Collection Set: 0.30ms
[642.964s][info][gc,phases   ] GC(1374)   Merge Heap Roots: 0.20ms
[642.964s][info][gc,phases   ] GC(1374)   Evacuate Collection Set: 6.46ms
[642.964s][info][gc,phases   ] GC(1374)   Post Evacuate Collection Set: 0.64ms
[642.964s][info][gc,phases   ] GC(1374)   Other: 0.10ms
[642.964s][info][gc,heap     ] GC(1374) Eden regions: 445->0(447)
[642.964s][info][gc,heap     ] GC(1374) Survivor regions: 10->8(57)
[642.964s][info][gc,heap     ] GC(1374) Old regions: 57->60
[642.964s][info][gc,heap     ] GC(1374) Humongous regions: 1->1
[642.964s][info][gc,metaspace] GC(1374) Metaspace: 43156K(43584K)->43156K(43584K) NonClass: 38808K(39040K)->38808K(39040K) Class: 4348K(4544K)->4348K(4544K)
[642.964s][info][gc          ] GC(1374) Pause Young (Normal) (G1 Evacuation Pause) 512M->68M(759M) 7.918ms
[642.964s][info][gc,cpu      ] GC(1374) User=0.01s Sys=0.00s Real=0.01s
[644.682s][info][gc,start    ] GC(1375) Pause Young (Normal) (G1 Evacuation Pause)
[644.682s][info][gc,task     ] GC(1375) Using 2 workers of 2 for evacuation
[644.690s][info][gc,phases   ] GC(1375)   Pre Evacuate Collection Set: 0.24ms
[644.690s][info][gc,phases   ] GC(1375)   Merge Heap Roots: 0.13ms
[644.690s][info][gc,phases   ] GC(1375)   Evacuate Collection Set: 6.93ms
[644.690s][info][gc,phases   ] GC(1375)   Post Evacuate Collection Set: 0.89ms
[644.690s][info][gc,phases   ] GC(1375)   Other: 0.08ms
[644.690s][info][gc,heap     ] GC(1375) Eden regions: 447->0(448)
[644.690s][info][gc,heap     ] GC(1375) Survivor regions: 8->7(57)
[644.690s][info][gc,heap     ] GC(1375) Old regions: 60->60
[644.690s][info][gc,heap     ] GC(1375) Humongous regions: 11->1
[644.690s][info][gc,metaspace] GC(1375) Metaspace: 43161K(43648K)->43161K(43648K) NonClass: 38813K(39104K)->38813K(39104K) Class: 4348K(4544K)->4348K(4544K)
[644.690s][info][gc          ] GC(1375) Pause Young (Normal) (G1 Evacuation Pause) 525M->67M(759M) 8.445ms
[644.690s][info][gc,cpu      ] GC(1375) User=0.02s Sys=0.00s Real=0.01s
[646.067s][info][gc,start    ] GC(1376) Pause Young (Normal) (G1 Evacuation Pause)
[646.067s][info][gc,task     ] GC(1376) Using 2 workers of 2 for evacuation
[646.132s][info][gc,phases   ] GC(1376)   Pre Evacuate Collection Set: 0.24ms
[646.132s][info][gc,phases   ] GC(1376)   Merge Heap Roots: 0.15ms
[646.132s][info][gc,phases   ] GC(1376)   Evacuate Collection Set: 63.63ms
[646.132s][info][gc,phases   ] GC(1376)   Post Evacuate Collection Set: 0.72ms
[646.132s][info][gc,phases   ] GC(1376)   Other: 0.08ms
[646.132s][info][gc,heap     ] GC(1376) Eden regions: 448->0(399)
[646.132s][info][gc,heap     ] GC(1376) Survivor regions: 7->56(57)
[646.132s][info][gc,heap     ] GC(1376) Old regions: 60->60
[646.132s][info][gc,heap     ] GC(1376) Humongous regions: 6->6
[646.132s][info][gc,metaspace] GC(1376) Metaspace: 43163K(43648K)->43163K(43648K) NonClass: 38815K(39104K)->38815K(39104K) Class: 4348K(4544K)->4348K(4544K)
[646.132s][info][gc          ] GC(1376) Pause Young (Normal) (G1 Evacuation Pause) 520M->121M(759M) 65.040ms
[646.132s][info][gc,cpu      ] GC(1376) User=0.13s Sys=0.00s Real=0.07s
[646.972s][info][gc,heap,exit] Heap
[646.972s][info][gc,heap,exit]  garbage-first heap   total reserved 1001472K, committed 777216K, used 481185K [0x00000000c2e00000, 0x0000000100000000)
[646.972s][info][gc,heap,exit]   region size 1024K, 399 young (408576K), 56 survivors (57344K)
[646.972s][info][gc,heap,exit]  Metaspace       used 43316K, committed 43712K, reserved 1114112K
[646.972s][info][gc,heap,exit]   class space    used 4374K, committed 4544K, reserved 1048576K
