[0.002s][info][metaspace]  - commit_granule_bytes: 65536.
[0.002s][info][metaspace]  - commit_granule_words: 8192.
[0.002s][info][metaspace]  - virtual_space_node_default_size: 8388608.
[0.002s][info][metaspace]  - enlarge_chunks_in_place: 1.
[0.004s][info][gc,init  ] CardTable entry size: 512
[0.008s][info][gc       ] Using G1
[0.012s][info][gc,init  ] Version: 24-internal-adhoc.root.jdk (release)
[0.012s][info][gc,init  ] CPUs: 2 total, 2 available
[0.012s][info][gc,init  ] Memory: 3908M
[0.012s][info][gc,init  ] Large Page Support: Disabled
[0.012s][info][gc,init  ] NUMA Support: Disabled
[0.012s][info][gc,init  ] Compressed Oops: Enabled (32-bit)
[0.012s][info][gc,init  ] Heap Region Size: 1M
[0.012s][info][gc,init  ] Heap Min Capacity: 256M
[0.012s][info][gc,init  ] Heap Initial Capacity: 256M
[0.012s][info][gc,init  ] Heap Max Capacity: 978M
[0.012s][info][gc,init  ] Pre-touch: Disabled
[0.012s][info][gc,init  ] Parallel Workers: 2
[0.012s][info][gc,init  ] Concurrent Workers: 1
[0.012s][info][gc,init  ] Concurrent Refinement Workers: 2
[0.012s][info][gc,init  ] Periodic GC: Disabled
[0.026s][info][gc,metaspace] CDS archive(s) mapped at: [0x00007f37d6000000-0x00007f37d6e7b000-0x00007f37d6e7b000), size 15183872, SharedBaseAddress: 0x00007f37d6000000, ArchiveRelocationMode: 1.
[0.026s][info][gc,metaspace] Compressed class space mapped at: 0x00007f37d7000000-0x00007f3817000000, reserved size: 1073741824
[0.026s][info][gc,metaspace] UseCompressedClassPointers 1, UseCompactObjectHeaders 1
[0.026s][info][gc,metaspace] Narrow klass pointer bits 22, Max shift 10
[0.026s][info][gc,metaspace] Narrow klass base: 0x00007f37d6000000, Narrow klass shift: 10
[0.026s][info][gc,metaspace] Encoding Range: [0x00007f37d6000000 - 0x00007f38d6000000), (4294967296 bytes)
[0.026s][info][gc,metaspace] Klass Range:    [0x00007f37d6000000 - 0x00007f3817000000), (1090519040 bytes)
[0.026s][info][gc,metaspace] Klass ID Range:  [1 - 1064960) (1064959)
[0.285s][info][gc,start    ] GC(0) Pause Young (Normal) (G1 Evacuation Pause)
[0.286s][info][gc,task     ] GC(0) Using 2 workers of 2 for evacuation
[0.289s][info][gc,phases   ] GC(0)   Pre Evacuate Collection Set: 0.15ms
[0.289s][info][gc,phases   ] GC(0)   Merge Heap Roots: 0.08ms
[0.289s][info][gc,phases   ] GC(0)   Evacuate Collection Set: 2.63ms
[0.289s][info][gc,phases   ] GC(0)   Post Evacuate Collection Set: 0.21ms
[0.289s][info][gc,phases   ] GC(0)   Other: 0.22ms
[0.289s][info][gc,heap     ] GC(0) Eden regions: 12->0(10)
[0.289s][info][gc,heap     ] GC(0) Survivor regions: 0->2(2)
[0.289s][info][gc,heap     ] GC(0) Old regions: 2->2
[0.289s][info][gc,heap     ] GC(0) Humongous regions: 0->0
[0.289s][info][gc,metaspace] GC(0) Metaspace: 2350K(2496K)->2350K(2496K) NonClass: 2024K(2112K)->2024K(2112K) Class: 325K(384K)->325K(384K)
[0.289s][info][gc          ] GC(0) Pause Young (Normal) (G1 Evacuation Pause) 13M->2M(258M) 3.521ms
[0.289s][info][gc,cpu      ] GC(0) User=0.01s Sys=0.00s Real=0.00s
[0.335s][info][gc,start    ] GC(1) Pause Young (Normal) (G1 Evacuation Pause)
[0.335s][info][gc,task     ] GC(1) Using 2 workers of 2 for evacuation
[0.339s][info][gc,phases   ] GC(1)   Pre Evacuate Collection Set: 0.15ms
[0.339s][info][gc,phases   ] GC(1)   Merge Heap Roots: 0.03ms
[0.339s][info][gc,phases   ] GC(1)   Evacuate Collection Set: 3.36ms
[0.339s][info][gc,phases   ] GC(1)   Post Evacuate Collection Set: 0.17ms
[0.339s][info][gc,phases   ] GC(1)   Other: 0.08ms
[0.339s][info][gc,heap     ] GC(1) Eden regions: 10->0(20)
[0.339s][info][gc,heap     ] GC(1) Survivor regions: 2->1(2)
[0.339s][info][gc,heap     ] GC(1) Old regions: 2->4
[0.339s][info][gc,heap     ] GC(1) Humongous regions: 0->0
[0.339s][info][gc,metaspace] GC(1) Metaspace: 2429K(2560K)->2429K(2560K) NonClass: 2102K(2176K)->2102K(2176K) Class: 327K(384K)->327K(384K)
[0.339s][info][gc          ] GC(1) Pause Young (Normal) (G1 Evacuation Pause) 12M->3M(258M) 3.941ms
[0.339s][info][gc,cpu      ] GC(1) User=0.01s Sys=0.00s Real=0.00s
[0.877s][info][gc,start    ] GC(2) Pause Young (Normal) (G1 Evacuation Pause)
[0.877s][info][gc,task     ] GC(2) Using 2 workers of 2 for evacuation
[0.880s][info][gc,phases   ] GC(2)   Pre Evacuate Collection Set: 0.18ms
[0.880s][info][gc,phases   ] GC(2)   Merge Heap Roots: 0.07ms
[0.880s][info][gc,phases   ] GC(2)   Evacuate Collection Set: 2.45ms
[0.880s][info][gc,phases   ] GC(2)   Post Evacuate Collection Set: 0.23ms
[0.880s][info][gc,phases   ] GC(2)   Other: 0.11ms
[0.880s][info][gc,heap     ] GC(2) Eden regions: 20->0(23)
[0.880s][info][gc,heap     ] GC(2) Survivor regions: 1->2(3)
[0.880s][info][gc,heap     ] GC(2) Old regions: 4->4
[0.880s][info][gc,heap     ] GC(2) Humongous regions: 0->0
[0.880s][info][gc,metaspace] GC(2) Metaspace: 4752K(4928K)->4752K(4928K) NonClass: 4105K(4224K)->4105K(4224K) Class: 646K(704K)->646K(704K)
[0.880s][info][gc          ] GC(2) Pause Young (Normal) (G1 Evacuation Pause) 23M->4M(258M) 3.213ms
[0.880s][info][gc,cpu      ] GC(2) User=0.01s Sys=0.00s Real=0.00s
[1.283s][info][gc,start    ] GC(3) Pause Young (Normal) (G1 Evacuation Pause)
[1.283s][info][gc,task     ] GC(3) Using 2 workers of 2 for evacuation
[1.290s][info][gc,phases   ] GC(3)   Pre Evacuate Collection Set: 0.14ms
[1.290s][info][gc,phases   ] GC(3)   Merge Heap Roots: 0.05ms
[1.290s][info][gc,phases   ] GC(3)   Evacuate Collection Set: 6.16ms
[1.290s][info][gc,phases   ] GC(3)   Post Evacuate Collection Set: 0.25ms
[1.290s][info][gc,phases   ] GC(3)   Other: 0.08ms
[1.290s][info][gc,heap     ] GC(3) Eden regions: 23->0(27)
[1.290s][info][gc,heap     ] GC(3) Survivor regions: 2->4(4)
[1.290s][info][gc,heap     ] GC(3) Old regions: 4->4
[1.290s][info][gc,heap     ] GC(3) Humongous regions: 0->0
[1.290s][info][gc,metaspace] GC(3) Metaspace: 8800K(9088K)->8800K(9088K) NonClass: 7591K(7744K)->7591K(7744K) Class: 1209K(1344K)->1209K(1344K)
[1.290s][info][gc          ] GC(3) Pause Young (Normal) (G1 Evacuation Pause) 27M->6M(258M) 6.851ms
[1.290s][info][gc,cpu      ] GC(3) User=0.01s Sys=0.01s Real=0.00s
[1.873s][info][gc,start    ] GC(4) Pause Young (Normal) (G1 Evacuation Pause)
[1.873s][info][gc,task     ] GC(4) Using 2 workers of 2 for evacuation
[1.882s][info][gc,phases   ] GC(4)   Pre Evacuate Collection Set: 0.22ms
[1.882s][info][gc,phases   ] GC(4)   Merge Heap Roots: 0.05ms
[1.882s][info][gc,phases   ] GC(4)   Evacuate Collection Set: 8.90ms
[1.882s][info][gc,phases   ] GC(4)   Post Evacuate Collection Set: 0.42ms
[1.882s][info][gc,phases   ] GC(4)   Other: 0.06ms
[1.882s][info][gc,heap     ] GC(4) Eden regions: 27->0(36)
[1.882s][info][gc,heap     ] GC(4) Survivor regions: 4->3(4)
[1.882s][info][gc,heap     ] GC(4) Old regions: 4->8
[1.882s][info][gc,heap     ] GC(4) Humongous regions: 0->0
[1.882s][info][gc,metaspace] GC(4) Metaspace: 17109K(17600K)->17109K(17600K) NonClass: 14943K(15232K)->14943K(15232K) Class: 2165K(2368K)->2165K(2368K)
[1.882s][info][gc          ] GC(4) Pause Young (Normal) (G1 Evacuation Pause) 33M->8M(258M) 9.821ms
[1.882s][info][gc,cpu      ] GC(4) User=0.01s Sys=0.01s Real=0.01s
[4.933s][info][metaspace   ] ChkMgr @0x00007f3850162700 (non-class-space): failed to commit 88 words on chunk @0x00007f38507d2878, f, base 0x00007f37cd240000, level lv10.
[4.933s][info][metaspace   ] Arena @0x00007f3850609fc0 (non-class arena): failed to allocate new chunk for requested word size 88.
[4.933s][info][metaspace   ] Arena @0x00007f3850609fc0 (non-class arena): allocation failed, returned null.
[4.933s][info][metaspace   ] ChkMgr @0x00007f3850162700 (non-class-space): failed to commit 88 words on chunk @0x00007f38507d2878, f, base 0x00007f37cd240000, level lv10.
[4.933s][info][metaspace   ] Arena @0x00007f3850609fc0 (non-class arena): failed to allocate new chunk for requested word size 88.
[4.933s][info][metaspace   ] Arena @0x00007f3850609fc0 (non-class arena): allocation failed, returned null.
[4.933s][info][metaspace   ] ChkMgr @0x00007f3850162700 (non-class-space): failed to commit 88 words on chunk @0x00007f38507d2878, f, base 0x00007f37cd240000, level lv10.
[4.933s][info][metaspace   ] Arena @0x00007f3850609fc0 (non-class arena): failed to allocate new chunk for requested word size 88.
[4.933s][info][metaspace   ] Arena @0x00007f3850609fc0 (non-class arena): allocation failed, returned null.
[4.933s][info][gc,start    ] GC(5) Pause Young (Concurrent Start) (Metadata GC Threshold)
[4.933s][info][gc,task     ] GC(5) Using 2 workers of 2 for evacuation
[4.939s][info][gc,phases   ] GC(5)   Pre Evacuate Collection Set: 0.16ms
[4.939s][info][gc,phases   ] GC(5)   Merge Heap Roots: 0.05ms
[4.939s][info][gc,phases   ] GC(5)   Evacuate Collection Set: 5.49ms
[4.939s][info][gc,phases   ] GC(5)   Post Evacuate Collection Set: 0.36ms
[4.939s][info][gc,phases   ] GC(5)   Other: 0.10ms
[4.939s][info][gc,heap     ] GC(5) Eden regions: 33->0(47)
[4.939s][info][gc,heap     ] GC(5) Survivor regions: 3->3(5)
[4.939s][info][gc,heap     ] GC(5) Old regions: 8->8
[4.939s][info][gc,heap     ] GC(5) Humongous regions: 0->0
[4.939s][info][gc,metaspace] GC(5) Metaspace: 21131K(21504K)->21131K(21504K) NonClass: 18614K(18816K)->18614K(18816K) Class: 2516K(2688K)->2516K(2688K)
[4.939s][info][gc          ] GC(5) Pause Young (Concurrent Start) (Metadata GC Threshold) 41M->9M(258M) 6.317ms
[4.939s][info][gc,cpu      ] GC(5) User=0.01s Sys=0.00s Real=0.00s
[4.939s][info][gc          ] GC(6) Concurrent Mark Cycle
[4.939s][info][metaspace   ] CLMS @0x00007f3850609f90 : GC threshold increased: 22020096->22347776.
[4.940s][info][gc,marking  ] GC(6) Concurrent Scan Root Regions
[4.944s][info][gc,marking  ] GC(6) Concurrent Scan Root Regions 4.659ms
[4.944s][info][gc,marking  ] GC(6) Concurrent Mark
[4.944s][info][gc,marking  ] GC(6) Concurrent Mark From Roots
[4.944s][info][gc,task     ] GC(6) Using 1 workers of 1 for marking
[4.953s][info][gc,marking  ] GC(6) Concurrent Mark From Roots 9.129ms
[4.953s][info][gc,marking  ] GC(6) Concurrent Preclean
[4.953s][info][gc,marking  ] GC(6) Concurrent Preclean 0.023ms
[4.954s][info][gc,start    ] GC(6) Pause Remark
[4.957s][info][gc          ] GC(6) Pause Remark 10M->10M(256M) 3.065ms
[4.957s][info][gc,cpu      ] GC(6) User=0.01s Sys=0.00s Real=0.00s
[4.957s][info][gc,marking  ] GC(6) Concurrent Mark 12.688ms
[4.957s][info][gc,marking  ] GC(6) Concurrent Rebuild Remembered Sets and Scrub Regions
[4.960s][info][gc,marking  ] GC(6) Concurrent Rebuild Remembered Sets and Scrub Regions 3.581ms
[4.961s][info][gc,start    ] GC(6) Pause Cleanup
[4.961s][info][gc          ] GC(6) Pause Cleanup 10M->10M(256M) 0.029ms
[4.961s][info][gc,cpu      ] GC(6) User=0.00s Sys=0.00s Real=0.00s
[4.961s][info][gc,marking  ] GC(6) Concurrent Clear Claimed Marks
[4.961s][info][gc,marking  ] GC(6) Concurrent Clear Claimed Marks 0.021ms
[4.961s][info][gc,marking  ] GC(6) Concurrent Cleanup for Next Mark
[4.964s][info][gc,marking  ] GC(6) Concurrent Cleanup for Next Mark 3.401ms
[4.964s][info][gc          ] GC(6) Concurrent Mark Cycle 24.646ms
[5.730s][info][gc,start    ] GC(7) Pause Young (Prepare Mixed) (G1 Evacuation Pause)
[5.730s][info][gc,task     ] GC(7) Using 2 workers of 2 for evacuation
[5.740s][info][gc,phases   ] GC(7)   Pre Evacuate Collection Set: 0.17ms
[5.740s][info][gc,phases   ] GC(7)   Merge Heap Roots: 0.06ms
[5.740s][info][gc,phases   ] GC(7)   Evacuate Collection Set: 9.75ms
[5.740s][info][gc,phases   ] GC(7)   Post Evacuate Collection Set: 0.58ms
[5.740s][info][gc,phases   ] GC(7)   Other: 0.06ms
[5.740s][info][gc,heap     ] GC(7) Eden regions: 45->0(54)
[5.740s][info][gc,heap     ] GC(7) Survivor regions: 3->5(6)
[5.740s][info][gc,heap     ] GC(7) Old regions: 8->8
[5.740s][info][gc,heap     ] GC(7) Humongous regions: 0->0
[5.740s][info][gc,metaspace] GC(7) Metaspace: 23963K(24448K)->23963K(24448K) NonClass: 21152K(21440K)->21152K(21440K) Class: 2811K(3008K)->2811K(3008K)
[5.740s][info][gc          ] GC(7) Pause Young (Prepare Mixed) (G1 Evacuation Pause) 54M->11M(256M) 10.788ms
[5.740s][info][gc,cpu      ] GC(7) User=0.02s Sys=0.01s Real=0.01s
[6.203s][info][gc,start    ] GC(8) Pause Young (Mixed) (G1 Evacuation Pause)
[6.203s][info][gc,task     ] GC(8) Using 2 workers of 2 for evacuation
[6.216s][info][gc,phases   ] GC(8)   Pre Evacuate Collection Set: 0.17ms
[6.216s][info][gc,phases   ] GC(8)   Merge Heap Roots: 0.05ms
[6.216s][info][gc,phases   ] GC(8)   Evacuate Collection Set: 11.99ms
[6.216s][info][gc,phases   ] GC(8)   Post Evacuate Collection Set: 0.74ms
[6.216s][info][gc,phases   ] GC(8)   Other: 0.07ms
[6.216s][info][gc,heap     ] GC(8) Eden regions: 53->0(67)
[6.216s][info][gc,heap     ] GC(8) Survivor regions: 5->3(8)
[6.216s][info][gc,heap     ] GC(8) Old regions: 8->10
[6.216s][info][gc,heap     ] GC(8) Humongous regions: 0->0
[6.216s][info][gc,metaspace] GC(8) Metaspace: 24310K(24704K)->24310K(24704K) NonClass: 21486K(21696K)->21486K(21696K) Class: 2824K(3008K)->2824K(3008K)
[6.216s][info][gc          ] GC(8) Pause Young (Mixed) (G1 Evacuation Pause) 64M->11M(256M) 13.204ms
[6.216s][info][gc,cpu      ] GC(8) User=0.02s Sys=0.00s Real=0.01s
[6.768s][info][gc,start    ] GC(9) Pause Young (Normal) (G1 Evacuation Pause)
[6.768s][info][gc,task     ] GC(9) Using 2 workers of 2 for evacuation
[6.778s][info][gc,phases   ] GC(9)   Pre Evacuate Collection Set: 0.18ms
[6.778s][info][gc,phases   ] GC(9)   Merge Heap Roots: 0.08ms
[6.778s][info][gc,phases   ] GC(9)   Evacuate Collection Set: 8.44ms
[6.778s][info][gc,phases   ] GC(9)   Post Evacuate Collection Set: 0.37ms
[6.778s][info][gc,phases   ] GC(9)   Other: 0.08ms
[6.778s][info][gc,heap     ] GC(9) Eden regions: 68->0(80)
[6.778s][info][gc,heap     ] GC(9) Survivor regions: 3->5(9)
[6.778s][info][gc,heap     ] GC(9) Old regions: 10->10
[6.778s][info][gc,heap     ] GC(9) Humongous regions: 0->0
[6.778s][info][gc,metaspace] GC(9) Metaspace: 25779K(26176K)->25779K(26176K) NonClass: 22769K(22976K)->22769K(22976K) Class: 3009K(3200K)->3009K(3200K)
[6.778s][info][gc          ] GC(9) Pause Young (Normal) (G1 Evacuation Pause) 79M->13M(256M) 9.313ms
[6.778s][info][gc,cpu      ] GC(9) User=0.01s Sys=0.00s Real=0.01s
[7.285s][info][gc,start    ] GC(10) Pause Young (Concurrent Start) (G1 Humongous Allocation)
[7.285s][info][gc,task     ] GC(10) Using 2 workers of 2 for evacuation
[7.291s][info][gc,phases   ] GC(10)   Pre Evacuate Collection Set: 0.19ms
[7.292s][info][gc,phases   ] GC(10)   Merge Heap Roots: 0.04ms
[7.292s][info][gc,phases   ] GC(10)   Evacuate Collection Set: 5.78ms
[7.292s][info][gc,phases   ] GC(10)   Post Evacuate Collection Set: 0.44ms
[7.292s][info][gc,phases   ] GC(10)   Other: 0.09ms
[7.292s][info][gc,heap     ] GC(10) Eden regions: 55->0(122)
[7.292s][info][gc,heap     ] GC(10) Survivor regions: 5->5(11)
[7.292s][info][gc,heap     ] GC(10) Old regions: 10->10
[7.292s][info][gc,heap     ] GC(10) Humongous regions: 104->0
[7.292s][info][gc,metaspace] GC(10) Metaspace: 25997K(26432K)->25997K(26432K) NonClass: 22984K(23232K)->22984K(23232K) Class: 3012K(3200K)->3012K(3200K)
[7.292s][info][gc          ] GC(10) Pause Young (Concurrent Start) (G1 Humongous Allocation) 171M->13M(256M) 6.703ms
[7.292s][info][gc,cpu      ] GC(10) User=0.02s Sys=0.00s Real=0.01s
[7.292s][info][gc          ] GC(11) Concurrent Undo Cycle
[7.292s][info][gc,marking  ] GC(11) Concurrent Clear Claimed Marks
[7.292s][info][gc,marking  ] GC(11) Concurrent Clear Claimed Marks 0.034ms
[7.292s][info][gc,marking  ] GC(11) Concurrent Cleanup for Next Mark
[7.292s][info][gc,marking  ] GC(11) Concurrent Cleanup for Next Mark 0.108ms
[7.292s][info][gc          ] GC(11) Concurrent Undo Cycle 0.219ms
[8.187s][info][gc,start    ] GC(12) Pause Young (Normal) (G1 Evacuation Pause)
[8.188s][info][gc,task     ] GC(12) Using 2 workers of 2 for evacuation
[8.201s][info][gc,phases   ] GC(12)   Pre Evacuate Collection Set: 0.16ms
[8.201s][info][gc,phases   ] GC(12)   Merge Heap Roots: 0.05ms
[8.201s][info][gc,phases   ] GC(12)   Evacuate Collection Set: 12.84ms
[8.201s][info][gc,phases   ] GC(12)   Post Evacuate Collection Set: 0.45ms
[8.201s][info][gc,phases   ] GC(12)   Other: 0.08ms
[8.201s][info][gc,heap     ] GC(12) Eden regions: 124->0(112)
[8.201s][info][gc,heap     ] GC(12) Survivor regions: 5->9(17)
[8.201s][info][gc,heap     ] GC(12) Old regions: 10->10
[8.201s][info][gc,heap     ] GC(12) Humongous regions: 22->0
[8.201s][info][gc,metaspace] GC(12) Metaspace: 26622K(27072K)->26622K(27072K) NonClass: 23557K(23808K)->23557K(23808K) Class: 3065K(3264K)->3065K(3264K)
[8.201s][info][gc          ] GC(12) Pause Young (Normal) (G1 Evacuation Pause) 159M->17M(256M) 13.801ms
[8.201s][info][gc,cpu      ] GC(12) User=0.02s Sys=0.01s Real=0.02s
[8.915s][info][gc,start    ] GC(13) Pause Young (Normal) (G1 Evacuation Pause)
[8.915s][info][gc,task     ] GC(13) Using 2 workers of 2 for evacuation
[8.943s][info][gc,phases   ] GC(13)   Pre Evacuate Collection Set: 0.17ms
[8.943s][info][gc,phases   ] GC(13)   Merge Heap Roots: 0.06ms
[8.943s][info][gc,phases   ] GC(13)   Evacuate Collection Set: 26.45ms
[8.943s][info][gc,phases   ] GC(13)   Post Evacuate Collection Set: 0.64ms
[8.943s][info][gc,phases   ] GC(13)   Other: 0.07ms
[8.943s][info][gc,heap     ] GC(13) Eden regions: 113->0(137)
[8.943s][info][gc,heap     ] GC(13) Survivor regions: 9->16(16)
[8.943s][info][gc,heap     ] GC(13) Old regions: 10->14
[8.943s][info][gc,heap     ] GC(13) Humongous regions: 2->2
[8.943s][info][gc,metaspace] GC(13) Metaspace: 28058K(28480K)->28058K(28480K) NonClass: 24835K(25088K)->24835K(25088K) Class: 3222K(3392K)->3222K(3392K)
[8.943s][info][gc          ] GC(13) Pause Young (Normal) (G1 Evacuation Pause) 132M->30M(256M) 27.580ms
[8.943s][info][gc,cpu      ] GC(13) User=0.06s Sys=0.00s Real=0.03s
[9.078s][info][gc,start    ] GC(14) Pause Young (Normal) (G1 Evacuation Pause)
[9.078s][info][gc,task     ] GC(14) Using 2 workers of 2 for evacuation
[9.104s][info][gc,phases   ] GC(14)   Pre Evacuate Collection Set: 0.16ms
[9.104s][info][gc,phases   ] GC(14)   Merge Heap Roots: 0.12ms
[9.104s][info][gc,phases   ] GC(14)   Evacuate Collection Set: 25.19ms
[9.104s][info][gc,phases   ] GC(14)   Post Evacuate Collection Set: 0.34ms
[9.104s][info][gc,phases   ] GC(14)   Other: 0.09ms
[9.104s][info][gc,heap     ] GC(14) Eden regions: 41->0(146)
[9.104s][info][gc,heap     ] GC(14) Survivor regions: 16->6(8)
[9.104s][info][gc,heap     ] GC(14) Old regions: 14->30
[9.104s][info][gc,heap     ] GC(14) Humongous regions: 3->3
[9.104s][info][gc,metaspace] GC(14) Metaspace: 28058K(28480K)->28058K(28480K) NonClass: 24835K(25088K)->24835K(25088K) Class: 3222K(3392K)->3222K(3392K)
[9.104s][info][gc          ] GC(14) Pause Young (Normal) (G1 Evacuation Pause) 72M->37M(256M) 26.085ms
[9.104s][info][gc,cpu      ] GC(14) User=0.06s Sys=0.00s Real=0.03s
[9.596s][info][gc,start    ] GC(15) Pause Young (Normal) (G1 Evacuation Pause)
[9.596s][info][gc,task     ] GC(15) Using 2 workers of 2 for evacuation
[9.627s][info][gc,phases   ] GC(15)   Pre Evacuate Collection Set: 0.15ms
[9.627s][info][gc,phases   ] GC(15)   Merge Heap Roots: 0.12ms
[9.627s][info][gc,phases   ] GC(15)   Evacuate Collection Set: 29.90ms
[9.627s][info][gc,phases   ] GC(15)   Post Evacuate Collection Set: 0.39ms
[9.627s][info][gc,phases   ] GC(15)   Other: 0.08ms
[9.627s][info][gc,heap     ] GC(15) Eden regions: 142->0(133)
[9.627s][info][gc,heap     ] GC(15) Survivor regions: 6->19(19)
[9.627s][info][gc,heap     ] GC(15) Old regions: 30->33
[9.627s][info][gc,heap     ] GC(15) Humongous regions: 5->5
[9.627s][info][gc,metaspace] GC(15) Metaspace: 28118K(28544K)->28118K(28544K) NonClass: 24889K(25152K)->24889K(25152K) Class: 3229K(3392K)->3229K(3392K)
[9.627s][info][gc          ] GC(15) Pause Young (Normal) (G1 Evacuation Pause) 181M->56M(256M) 30.846ms
[9.627s][info][gc,cpu      ] GC(15) User=0.06s Sys=0.00s Real=0.03s
[9.833s][info][gc,start    ] GC(16) Pause Young (Normal) (G1 Evacuation Pause)
[9.833s][info][gc,task     ] GC(16) Using 2 workers of 2 for evacuation
[9.866s][info][gc,phases   ] GC(16)   Pre Evacuate Collection Set: 0.16ms
[9.866s][info][gc,phases   ] GC(16)   Merge Heap Roots: 0.17ms
[9.866s][info][gc,phases   ] GC(16)   Evacuate Collection Set: 32.75ms
[9.866s][info][gc,phases   ] GC(16)   Post Evacuate Collection Set: 0.32ms
[9.866s][info][gc,phases   ] GC(16)   Other: 0.07ms
[9.866s][info][gc,heap     ] GC(16) Eden regions: 74->0(132)
[9.866s][info][gc,heap     ] GC(16) Survivor regions: 19->9(12)
[9.866s][info][gc,heap     ] GC(16) Old regions: 33->53
[9.866s][info][gc,heap     ] GC(16) Humongous regions: 5->5
[9.866s][info][gc,metaspace] GC(16) Metaspace: 28121K(28544K)->28121K(28544K) NonClass: 24892K(25152K)->24892K(25152K) Class: 3229K(3392K)->3229K(3392K)
[9.866s][info][gc          ] GC(16) Pause Young (Normal) (G1 Evacuation Pause) 130M->65M(256M) 33.693ms
[9.866s][info][gc,cpu      ] GC(16) User=0.06s Sys=0.00s Real=0.03s
[10.238s][info][gc,start    ] GC(17) Pause Young (Normal) (G1 Evacuation Pause)
[10.239s][info][gc,task     ] GC(17) Using 2 workers of 2 for evacuation
[10.277s][info][gc,phases   ] GC(17)   Pre Evacuate Collection Set: 0.15ms
[10.277s][info][gc,phases   ] GC(17)   Merge Heap Roots: 0.07ms
[10.277s][info][gc,phases   ] GC(17)   Evacuate Collection Set: 37.90ms
[10.277s][info][gc,phases   ] GC(17)   Post Evacuate Collection Set: 0.56ms
[10.277s][info][gc,phases   ] GC(17)   Other: 0.07ms
[10.277s][info][gc,heap     ] GC(17) Eden regions: 132->0(126)
[10.277s][info][gc,heap     ] GC(17) Survivor regions: 9->18(18)
[10.277s][info][gc,heap     ] GC(17) Old regions: 53->59
[10.277s][info][gc,heap     ] GC(17) Humongous regions: 5->5
[10.277s][info][gc,metaspace] GC(17) Metaspace: 28122K(28544K)->28122K(28544K) NonClass: 24893K(25152K)->24893K(25152K) Class: 3229K(3392K)->3229K(3392K)
[10.277s][info][gc          ] GC(17) Pause Young (Normal) (G1 Evacuation Pause) 197M->80M(256M) 38.969ms
[10.277s][info][gc,cpu      ] GC(17) User=0.08s Sys=0.00s Real=0.04s
[10.507s][info][gc,start    ] GC(18) Pause Young (Normal) (G1 Evacuation Pause)
[10.507s][info][gc,task     ] GC(18) Using 2 workers of 2 for evacuation
[10.547s][info][gc,phases   ] GC(18)   Pre Evacuate Collection Set: 0.21ms
[10.547s][info][gc,phases   ] GC(18)   Merge Heap Roots: 0.26ms
[10.547s][info][gc,phases   ] GC(18)   Evacuate Collection Set: 37.52ms
[10.547s][info][gc,phases   ] GC(18)   Post Evacuate Collection Set: 2.24ms
[10.547s][info][gc,phases   ] GC(18)   Other: 0.07ms
[10.547s][info][gc,heap     ] GC(18) Eden regions: 62->0(210)
[10.547s][info][gc,heap     ] GC(18) Survivor regions: 18->8(10)
[10.547s][info][gc,heap     ] GC(18) Old regions: 59->77
[10.547s][info][gc,heap     ] GC(18) Humongous regions: 9->9
[10.547s][info][gc,metaspace] GC(18) Metaspace: 28122K(28544K)->28122K(28544K) NonClass: 24893K(25152K)->24893K(25152K) Class: 3229K(3392K)->3229K(3392K)
[10.547s][info][gc          ] GC(18) Pause Young (Normal) (G1 Evacuation Pause) 146M->92M(394M) 40.482ms
[10.547s][info][gc,cpu      ] GC(18) User=0.07s Sys=0.00s Real=0.04s
[12.794s][info][gc,start    ] GC(19) Pause Young (Normal) (G1 Evacuation Pause)
[12.794s][info][gc,task     ] GC(19) Using 2 workers of 2 for evacuation
[12.848s][info][gc,phases   ] GC(19)   Pre Evacuate Collection Set: 0.23ms
[12.849s][info][gc,phases   ] GC(19)   Merge Heap Roots: 0.21ms
[12.849s][info][gc,phases   ] GC(19)   Evacuate Collection Set: 53.02ms
[12.849s][info][gc,phases   ] GC(19)   Post Evacuate Collection Set: 0.52ms
[12.849s][info][gc,phases   ] GC(19)   Other: 0.16ms
[12.849s][info][gc,heap     ] GC(19) Eden regions: 210->0(178)
[12.849s][info][gc,heap     ] GC(19) Survivor regions: 8->28(28)
[12.849s][info][gc,heap     ] GC(19) Old regions: 77->78
[12.849s][info][gc,heap     ] GC(19) Humongous regions: 17->15
[12.849s][info][gc,metaspace] GC(19) Metaspace: 28455K(28864K)->28455K(28864K) NonClass: 25212K(25408K)->25212K(25408K) Class: 3243K(3456K)->3243K(3456K)
[12.849s][info][gc          ] GC(19) Pause Young (Normal) (G1 Evacuation Pause) 310M->119M(394M) 54.331ms
[12.849s][info][gc,cpu      ] GC(19) User=0.10s Sys=0.00s Real=0.05s
[14.372s][info][gc,start    ] GC(20) Pause Young (Normal) (G1 Evacuation Pause)
[14.372s][info][gc,task     ] GC(20) Using 2 workers of 2 for evacuation
[14.428s][info][gc,phases   ] GC(20)   Pre Evacuate Collection Set: 0.21ms
[14.428s][info][gc,phases   ] GC(20)   Merge Heap Roots: 0.23ms
[14.429s][info][gc,phases   ] GC(20)   Evacuate Collection Set: 54.99ms
[14.429s][info][gc,phases   ] GC(20)   Post Evacuate Collection Set: 0.42ms
[14.429s][info][gc,phases   ] GC(20)   Other: 0.11ms
[14.429s][info][gc,heap     ] GC(20) Eden regions: 166->0(183)
[14.429s][info][gc,heap     ] GC(20) Survivor regions: 28->13(25)
[14.429s][info][gc,heap     ] GC(20) Old regions: 78->106
[14.429s][info][gc,heap     ] GC(20) Humongous regions: 15->15
[14.429s][info][gc,metaspace] GC(20) Metaspace: 28659K(29056K)->28659K(29056K) NonClass: 25386K(25600K)->25386K(25600K) Class: 3272K(3456K)->3272K(3456K)
[14.429s][info][gc          ] GC(20) Pause Young (Normal) (G1 Evacuation Pause) 285M->133M(394M) 56.181ms
[14.429s][info][gc,cpu      ] GC(20) User=0.11s Sys=0.00s Real=0.05s
[15.943s][info][gc,start    ] GC(21) Pause Young (Normal) (G1 Evacuation Pause)
[15.943s][info][gc,task     ] GC(21) Using 2 workers of 2 for evacuation
[15.974s][info][gc,phases   ] GC(21)   Pre Evacuate Collection Set: 0.20ms
[15.974s][info][gc,phases   ] GC(21)   Merge Heap Roots: 0.09ms
[15.974s][info][gc,phases   ] GC(21)   Evacuate Collection Set: 29.84ms
[15.974s][info][gc,phases   ] GC(21)   Post Evacuate Collection Set: 0.40ms
[15.974s][info][gc,phases   ] GC(21)   Other: 0.08ms
[15.974s][info][gc,heap     ] GC(21) Eden regions: 183->0(176)
[15.974s][info][gc,heap     ] GC(21) Survivor regions: 13->20(25)
[15.974s][info][gc,heap     ] GC(21) Old regions: 106->119
[15.974s][info][gc,heap     ] GC(21) Humongous regions: 15->15
[15.974s][info][gc,metaspace] GC(21) Metaspace: 28678K(29056K)->28678K(29056K) NonClass: 25401K(25600K)->25401K(25600K) Class: 3276K(3456K)->3276K(3456K)
[15.974s][info][gc          ] GC(21) Pause Young (Normal) (G1 Evacuation Pause) 316M->153M(394M) 30.812ms
[15.974s][info][gc,cpu      ] GC(21) User=0.06s Sys=0.00s Real=0.03s
[17.286s][info][gc,start    ] GC(22) Pause Young (Normal) (G1 Evacuation Pause)
[17.286s][info][gc,task     ] GC(22) Using 2 workers of 2 for evacuation
[17.322s][info][gc,phases   ] GC(22)   Pre Evacuate Collection Set: 0.20ms
[17.322s][info][gc,phases   ] GC(22)   Merge Heap Roots: 0.08ms
[17.322s][info][gc,phases   ] GC(22)   Evacuate Collection Set: 35.47ms
[17.322s][info][gc,phases   ] GC(22)   Post Evacuate Collection Set: 0.40ms
[17.322s][info][gc,phases   ] GC(22)   Other: 0.07ms
[17.322s][info][gc,heap     ] GC(22) Eden regions: 176->0(166)
[17.322s][info][gc,heap     ] GC(22) Survivor regions: 20->18(25)
[17.322s][info][gc,heap     ] GC(22) Old regions: 119->139
[17.322s][info][gc,heap     ] GC(22) Humongous regions: 16->16
[17.322s][info][gc,metaspace] GC(22) Metaspace: 28698K(29056K)->28698K(29056K) NonClass: 25421K(25600K)->25421K(25600K) Class: 3276K(3456K)->3276K(3456K)
[17.322s][info][gc          ] GC(22) Pause Young (Normal) (G1 Evacuation Pause) 330M->171M(394M) 36.417ms
[17.322s][info][gc,cpu      ] GC(22) User=0.07s Sys=0.00s Real=0.04s
[18.376s][info][gc,start    ] GC(23) Pause Young (Normal) (G1 Evacuation Pause)
[18.376s][info][gc,task     ] GC(23) Using 2 workers of 2 for evacuation
[18.408s][info][gc,phases   ] GC(23)   Pre Evacuate Collection Set: 0.20ms
[18.408s][info][gc,phases   ] GC(23)   Merge Heap Roots: 0.09ms
[18.408s][info][gc,phases   ] GC(23)   Evacuate Collection Set: 31.75ms
[18.408s][info][gc,phases   ] GC(23)   Post Evacuate Collection Set: 0.41ms
[18.408s][info][gc,phases   ] GC(23)   Other: 0.07ms
[18.408s][info][gc,heap     ] GC(23) Eden regions: 166->0(152)
[18.408s][info][gc,heap     ] GC(23) Survivor regions: 18->20(23)
[18.408s][info][gc,heap     ] GC(23) Old regions: 139->156
[18.408s][info][gc,heap     ] GC(23) Humongous regions: 16->16
[18.408s][info][gc,metaspace] GC(23) Metaspace: 28730K(29184K)->28730K(29184K) NonClass: 25453K(25728K)->25453K(25728K) Class: 3276K(3456K)->3276K(3456K)
[18.408s][info][gc          ] GC(23) Pause Young (Normal) (G1 Evacuation Pause) 337M->190M(394M) 32.734ms
[18.408s][info][gc,cpu      ] GC(23) User=0.06s Sys=0.00s Real=0.03s
[19.416s][info][gc,start    ] GC(24) Pause Young (Normal) (G1 Evacuation Pause)
[19.416s][info][gc,task     ] GC(24) Using 2 workers of 2 for evacuation
[19.448s][info][gc,phases   ] GC(24)   Pre Evacuate Collection Set: 0.22ms
[19.448s][info][gc,phases   ] GC(24)   Merge Heap Roots: 0.08ms
[19.448s][info][gc,phases   ] GC(24)   Evacuate Collection Set: 30.48ms
[19.448s][info][gc,phases   ] GC(24)   Post Evacuate Collection Set: 0.44ms
[19.448s][info][gc,phases   ] GC(24)   Other: 0.09ms
[19.448s][info][gc,heap     ] GC(24) Eden regions: 152->0(139)
[19.448s][info][gc,heap     ] GC(24) Survivor regions: 20->18(22)
[19.448s][info][gc,heap     ] GC(24) Old regions: 156->173
[19.448s][info][gc,heap     ] GC(24) Humongous regions: 18->18
[19.448s][info][gc,metaspace] GC(24) Metaspace: 28797K(29184K)->28797K(29184K) NonClass: 25513K(25728K)->25513K(25728K) Class: 3284K(3456K)->3284K(3456K)
[19.448s][info][gc          ] GC(24) Pause Young (Normal) (G1 Evacuation Pause) 344M->207M(394M) 31.573ms
[19.448s][info][gc,cpu      ] GC(24) User=0.06s Sys=0.00s Real=0.03s
[19.660s][info][gc,start    ] GC(25) Pause Young (Concurrent Start) (G1 Humongous Allocation)
[19.660s][info][gc,task     ] GC(25) Using 2 workers of 2 for evacuation
[19.688s][info][gc,phases   ] GC(25)   Pre Evacuate Collection Set: 0.21ms
[19.689s][info][gc,phases   ] GC(25)   Merge Heap Roots: 0.07ms
[19.689s][info][gc,phases   ] GC(25)   Evacuate Collection Set: 27.55ms
[19.689s][info][gc,phases   ] GC(25)   Post Evacuate Collection Set: 0.33ms
[19.689s][info][gc,phases   ] GC(25)   Other: 0.16ms
[19.689s][info][gc,heap     ] GC(25) Eden regions: 85->0(129)
[19.689s][info][gc,heap     ] GC(25) Survivor regions: 18->12(20)
[19.689s][info][gc,heap     ] GC(25) Old regions: 173->191
[19.689s][info][gc,heap     ] GC(25) Humongous regions: 18->18
[19.689s][info][gc,metaspace] GC(25) Metaspace: 28797K(29184K)->28797K(29184K) NonClass: 25513K(25728K)->25513K(25728K) Class: 3284K(3456K)->3284K(3456K)
[19.689s][info][gc          ] GC(25) Pause Young (Concurrent Start) (G1 Humongous Allocation) 292M->219M(394M) 28.520ms
[19.689s][info][gc          ] GC(26) Concurrent Mark Cycle
[19.689s][info][gc,marking  ] GC(26) Concurrent Scan Root Regions
[19.689s][info][gc,cpu      ] GC(25) User=0.06s Sys=0.00s Real=0.03s
[19.728s][info][gc,marking  ] GC(26) Concurrent Scan Root Regions 39.776ms
[19.728s][info][gc,marking  ] GC(26) Concurrent Mark
[19.728s][info][gc,marking  ] GC(26) Concurrent Mark From Roots
[19.728s][info][gc,task     ] GC(26) Using 1 workers of 1 for marking
[19.774s][info][gc,marking  ] GC(26) Concurrent Mark From Roots 46.013ms
[19.775s][info][gc,marking  ] GC(26) Concurrent Preclean
[19.775s][info][gc,marking  ] GC(26) Concurrent Preclean 0.038ms
[19.775s][info][gc,start    ] GC(26) Pause Remark
[19.787s][info][gc          ] GC(26) Pause Remark 235M->111M(327M) 12.102ms
[19.787s][info][gc,cpu      ] GC(26) User=0.02s Sys=0.00s Real=0.01s
[19.788s][info][gc,marking  ] GC(26) Concurrent Mark 59.923ms
[19.788s][info][gc,marking  ] GC(26) Concurrent Rebuild Remembered Sets and Scrub Regions
[19.815s][info][gc,marking  ] GC(26) Concurrent Rebuild Remembered Sets and Scrub Regions 26.755ms
[19.815s][info][gc,start    ] GC(26) Pause Cleanup
[19.815s][info][gc          ] GC(26) Pause Cleanup 120M->120M(327M) 0.048ms
[19.815s][info][gc,cpu      ] GC(26) User=0.00s Sys=0.00s Real=0.00s
[19.815s][info][gc,marking  ] GC(26) Concurrent Clear Claimed Marks
[19.815s][info][gc,marking  ] GC(26) Concurrent Clear Claimed Marks 0.030ms
[19.815s][info][gc,marking  ] GC(26) Concurrent Cleanup for Next Mark
[19.817s][info][gc,marking  ] GC(26) Concurrent Cleanup for Next Mark 1.753ms
[19.817s][info][gc          ] GC(26) Concurrent Mark Cycle 128.550ms
[20.069s][info][gc,start    ] GC(27) Pause Young (Prepare Mixed) (G1 Evacuation Pause)
[20.069s][info][gc,task     ] GC(27) Using 2 workers of 2 for evacuation
[20.097s][info][gc,phases   ] GC(27)   Pre Evacuate Collection Set: 0.18ms
[20.097s][info][gc,phases   ] GC(27)   Merge Heap Roots: 0.08ms
[20.097s][info][gc,phases   ] GC(27)   Evacuate Collection Set: 26.91ms
[20.097s][info][gc,phases   ] GC(27)   Post Evacuate Collection Set: 0.35ms
[20.097s][info][gc,phases   ] GC(27)   Other: 0.07ms
[20.097s][info][gc,heap     ] GC(27) Eden regions: 129->0(160)
[20.097s][info][gc,heap     ] GC(27) Survivor regions: 12->16(18)
[20.097s][info][gc,heap     ] GC(27) Old regions: 83->94
[20.097s][info][gc,heap     ] GC(27) Humongous regions: 3->3
[20.097s][info][gc,metaspace] GC(27) Metaspace: 28797K(29184K)->28797K(29184K) NonClass: 25513K(25728K)->25513K(25728K) Class: 3284K(3456K)->3284K(3456K)
[20.097s][info][gc          ] GC(27) Pause Young (Prepare Mixed) (G1 Evacuation Pause) 225M->111M(327M) 27.821ms
[20.097s][info][gc,cpu      ] GC(27) User=0.06s Sys=0.00s Real=0.03s
[20.493s][info][gc,start    ] GC(28) Pause Young (Mixed) (G1 Evacuation Pause)
[20.493s][info][gc,task     ] GC(28) Using 2 workers of 2 for evacuation
[20.530s][info][gc,phases   ] GC(28)   Pre Evacuate Collection Set: 0.23ms
[20.530s][info][gc,phases   ] GC(28)   Merge Heap Roots: 0.13ms
[20.530s][info][gc,phases   ] GC(28)   Evacuate Collection Set: 36.47ms
[20.530s][info][gc,phases   ] GC(28)   Post Evacuate Collection Set: 0.43ms
[20.530s][info][gc,phases   ] GC(28)   Other: 0.07ms
[20.530s][info][gc,heap     ] GC(28) Eden regions: 160->0(166)
[20.530s][info][gc,heap     ] GC(28) Survivor regions: 16->19(22)
[20.530s][info][gc,heap     ] GC(28) Old regions: 94->83
[20.530s][info][gc,heap     ] GC(28) Humongous regions: 5->5
[20.530s][info][gc,metaspace] GC(28) Metaspace: 28797K(29184K)->28797K(29184K) NonClass: 25513K(25728K)->25513K(25728K) Class: 3284K(3456K)->3284K(3456K)
[20.530s][info][gc          ] GC(28) Pause Young (Mixed) (G1 Evacuation Pause) 273M->105M(327M) 37.547ms
[20.530s][info][gc,cpu      ] GC(28) User=0.07s Sys=0.01s Real=0.03s
[20.983s][info][gc,start    ] GC(29) Pause Young (Normal) (G1 Evacuation Pause)
[20.984s][info][gc,task     ] GC(29) Using 2 workers of 2 for evacuation
[21.032s][info][gc,phases   ] GC(29)   Pre Evacuate Collection Set: 0.16ms
[21.032s][info][gc,phases   ] GC(29)   Merge Heap Roots: 0.13ms
[21.032s][info][gc,phases   ] GC(29)   Evacuate Collection Set: 47.29ms
[21.032s][info][gc,phases   ] GC(29)   Post Evacuate Collection Set: 0.41ms
[21.032s][info][gc,phases   ] GC(29)   Other: 0.08ms
[21.032s][info][gc,heap     ] GC(29) Eden regions: 166->0(151)
[21.032s][info][gc,heap     ] GC(29) Survivor regions: 19->19(24)
[21.032s][info][gc,heap     ] GC(29) Old regions: 83->102
[21.032s][info][gc,heap     ] GC(29) Humongous regions: 9->9
[21.032s][info][gc,metaspace] GC(29) Metaspace: 28798K(29184K)->28798K(29184K) NonClass: 25514K(25728K)->25514K(25728K) Class: 3284K(3456K)->3284K(3456K)
[21.032s][info][gc          ] GC(29) Pause Young (Normal) (G1 Evacuation Pause) 275M->128M(327M) 48.281ms
[21.032s][info][gc,cpu      ] GC(29) User=0.10s Sys=0.00s Real=0.05s
[22.255s][info][gc,start    ] GC(30) Pause Young (Normal) (G1 Evacuation Pause)
[22.255s][info][gc,task     ] GC(30) Using 2 workers of 2 for evacuation
[22.309s][info][gc,phases   ] GC(30)   Pre Evacuate Collection Set: 0.20ms
[22.309s][info][gc,phases   ] GC(30)   Merge Heap Roots: 0.18ms
[22.309s][info][gc,phases   ] GC(30)   Evacuate Collection Set: 52.30ms
[22.309s][info][gc,phases   ] GC(30)   Post Evacuate Collection Set: 0.69ms
[22.309s][info][gc,phases   ] GC(30)   Other: 0.08ms
[22.309s][info][gc,heap     ] GC(30) Eden regions: 151->0(155)
[22.309s][info][gc,heap     ] GC(30) Survivor regions: 19->17(22)
[22.309s][info][gc,heap     ] GC(30) Old regions: 102->121
[22.309s][info][gc,heap     ] GC(30) Humongous regions: 17->15
[22.309s][info][gc,metaspace] GC(30) Metaspace: 28798K(29184K)->28798K(29184K) NonClass: 25514K(25728K)->25514K(25728K) Class: 3284K(3456K)->3284K(3456K)
[22.309s][info][gc          ] GC(30) Pause Young (Normal) (G1 Evacuation Pause) 287M->151M(354M) 53.637ms
[22.309s][info][gc,cpu      ] GC(30) User=0.11s Sys=0.00s Real=0.05s
[23.002s][info][gc,start    ] GC(31) Pause Young (Normal) (G1 Evacuation Pause)
[23.002s][info][gc,task     ] GC(31) Using 2 workers of 2 for evacuation
[23.031s][info][gc,phases   ] GC(31)   Pre Evacuate Collection Set: 0.19ms
[23.031s][info][gc,phases   ] GC(31)   Merge Heap Roots: 0.15ms
[23.031s][info][gc,phases   ] GC(31)   Evacuate Collection Set: 28.33ms
[23.031s][info][gc,phases   ] GC(31)   Post Evacuate Collection Set: 0.38ms
[23.031s][info][gc,phases   ] GC(31)   Other: 0.06ms
[23.031s][info][gc,heap     ] GC(31) Eden regions: 155->0(153)
[23.031s][info][gc,heap     ] GC(31) Survivor regions: 17->8(22)
[23.031s][info][gc,heap     ] GC(31) Old regions: 121->136
[23.031s][info][gc,heap     ] GC(31) Humongous regions: 15->15
[23.031s][info][gc,metaspace] GC(31) Metaspace: 28849K(29248K)->28849K(29248K) NonClass: 25565K(25792K)->25565K(25792K) Class: 3284K(3456K)->3284K(3456K)
[23.031s][info][gc          ] GC(31) Pause Young (Normal) (G1 Evacuation Pause) 306M->156M(354M) 29.332ms
[23.031s][info][gc,cpu      ] GC(31) User=0.06s Sys=0.00s Real=0.03s
[23.847s][info][gc,start    ] GC(32) Pause Young (Normal) (G1 Evacuation Pause)
[23.847s][info][gc,task     ] GC(32) Using 2 workers of 2 for evacuation
[23.862s][info][gc,phases   ] GC(32)   Pre Evacuate Collection Set: 0.20ms
[23.862s][info][gc,phases   ] GC(32)   Merge Heap Roots: 0.05ms
[23.862s][info][gc,phases   ] GC(32)   Evacuate Collection Set: 13.96ms
[23.862s][info][gc,phases   ] GC(32)   Post Evacuate Collection Set: 0.47ms
[23.862s][info][gc,phases   ] GC(32)   Other: 0.07ms
[23.862s][info][gc,heap     ] GC(32) Eden regions: 153->0(153)
[23.862s][info][gc,heap     ] GC(32) Survivor regions: 8->13(21)
[23.862s][info][gc,heap     ] GC(32) Old regions: 136->136
[23.862s][info][gc,heap     ] GC(32) Humongous regions: 15->15
[23.862s][info][gc,metaspace] GC(32) Metaspace: 28856K(29248K)->28856K(29248K) NonClass: 25572K(25792K)->25572K(25792K) Class: 3284K(3456K)->3284K(3456K)
[23.862s][info][gc          ] GC(32) Pause Young (Normal) (G1 Evacuation Pause) 309M->162M(354M) 14.949ms
[23.862s][info][gc,cpu      ] GC(32) User=0.03s Sys=0.00s Real=0.02s
[24.826s][info][gc,start    ] GC(33) Pause Young (Normal) (G1 Evacuation Pause)
[24.826s][info][gc,task     ] GC(33) Using 2 workers of 2 for evacuation
[24.832s][info][gc,phases   ] GC(33)   Pre Evacuate Collection Set: 0.20ms
[24.832s][info][gc,phases   ] GC(33)   Merge Heap Roots: 0.09ms
[24.832s][info][gc,phases   ] GC(33)   Evacuate Collection Set: 5.82ms
[24.832s][info][gc,phases   ] GC(33)   Post Evacuate Collection Set: 0.36ms
[24.832s][info][gc,phases   ] GC(33)   Other: 0.06ms
[24.832s][info][gc,heap     ] GC(33) Eden regions: 153->0(164)
[24.832s][info][gc,heap     ] GC(33) Survivor regions: 13->2(21)
[24.832s][info][gc,heap     ] GC(33) Old regions: 136->141
[24.832s][info][gc,heap     ] GC(33) Humongous regions: 15->15
[24.832s][info][gc,metaspace] GC(33) Metaspace: 28868K(29248K)->28868K(29248K) NonClass: 25584K(25792K)->25584K(25792K) Class: 3284K(3456K)->3284K(3456K)
[24.832s][info][gc          ] GC(33) Pause Young (Normal) (G1 Evacuation Pause) 315M->156M(354M) 6.708ms
[24.832s][info][gc,cpu      ] GC(33) User=0.01s Sys=0.00s Real=0.01s
[25.785s][info][gc,start    ] GC(34) Pause Young (Normal) (G1 Evacuation Pause)
[25.785s][info][gc,task     ] GC(34) Using 2 workers of 2 for evacuation
[25.803s][info][gc,phases   ] GC(34)   Pre Evacuate Collection Set: 0.22ms
[25.803s][info][gc,phases   ] GC(34)   Merge Heap Roots: 0.07ms
[25.803s][info][gc,phases   ] GC(34)   Evacuate Collection Set: 16.82ms
[25.803s][info][gc,phases   ] GC(34)   Post Evacuate Collection Set: 0.36ms
[25.803s][info][gc,phases   ] GC(34)   Other: 0.07ms
[25.803s][info][gc,heap     ] GC(34) Eden regions: 164->0(145)
[25.803s][info][gc,heap     ] GC(34) Survivor regions: 2->17(21)
[25.803s][info][gc,heap     ] GC(34) Old regions: 141->141
[25.803s][info][gc,heap     ] GC(34) Humongous regions: 15->15
[25.803s][info][gc,metaspace] GC(34) Metaspace: 28869K(29248K)->28869K(29248K) NonClass: 25585K(25792K)->25585K(25792K) Class: 3284K(3456K)->3284K(3456K)
[25.803s][info][gc          ] GC(34) Pause Young (Normal) (G1 Evacuation Pause) 320M->171M(354M) 17.725ms
[25.803s][info][gc,cpu      ] GC(34) User=0.04s Sys=0.00s Real=0.02s
[26.640s][info][gc,start    ] GC(35) Pause Young (Normal) (G1 Evacuation Pause)
[26.640s][info][gc,task     ] GC(35) Using 2 workers of 2 for evacuation
[26.668s][info][gc,phases   ] GC(35)   Pre Evacuate Collection Set: 0.19ms
[26.668s][info][gc,phases   ] GC(35)   Merge Heap Roots: 0.07ms
[26.668s][info][gc,phases   ] GC(35)   Evacuate Collection Set: 27.07ms
[26.668s][info][gc,phases   ] GC(35)   Post Evacuate Collection Set: 0.37ms
[26.668s][info][gc,phases   ] GC(35)   Other: 0.07ms
[26.668s][info][gc,heap     ] GC(35) Eden regions: 145->0(131)
[26.668s][info][gc,heap     ] GC(35) Survivor regions: 17->15(21)
[26.668s][info][gc,heap     ] GC(35) Old regions: 141->158
[26.668s][info][gc,heap     ] GC(35) Humongous regions: 16->16
[26.668s][info][gc,metaspace] GC(35) Metaspace: 28872K(29248K)->28872K(29248K) NonClass: 25588K(25792K)->25588K(25792K) Class: 3284K(3456K)->3284K(3456K)
[26.668s][info][gc          ] GC(35) Pause Young (Normal) (G1 Evacuation Pause) 317M->187M(354M) 27.965ms
[26.668s][info][gc,cpu      ] GC(35) User=0.05s Sys=0.00s Real=0.03s
[27.440s][info][gc,start    ] GC(36) Pause Young (Concurrent Start) (G1 Evacuation Pause)
[27.440s][info][gc,task     ] GC(36) Using 2 workers of 2 for evacuation
[27.465s][info][gc,phases   ] GC(36)   Pre Evacuate Collection Set: 0.20ms
[27.465s][info][gc,phases   ] GC(36)   Merge Heap Roots: 0.06ms
[27.465s][info][gc,phases   ] GC(36)   Evacuate Collection Set: 24.33ms
[27.465s][info][gc,phases   ] GC(36)   Post Evacuate Collection Set: 0.40ms
[27.465s][info][gc,phases   ] GC(36)   Other: 0.09ms
[27.465s][info][gc,heap     ] GC(36) Eden regions: 131->0(120)
[27.465s][info][gc,heap     ] GC(36) Survivor regions: 15->13(19)
[27.465s][info][gc,heap     ] GC(36) Old regions: 158->173
[27.465s][info][gc,heap     ] GC(36) Humongous regions: 16->16
[27.465s][info][gc,metaspace] GC(36) Metaspace: 28873K(29248K)->28873K(29248K) NonClass: 25589K(25792K)->25589K(25792K) Class: 3284K(3456K)->3284K(3456K)
[27.465s][info][gc          ] GC(36) Pause Young (Concurrent Start) (G1 Evacuation Pause) 318M->199M(354M) 25.265ms
[27.465s][info][gc          ] GC(37) Concurrent Mark Cycle
[27.465s][info][gc,marking  ] GC(37) Concurrent Scan Root Regions
[27.465s][info][gc,cpu      ] GC(36) User=0.05s Sys=0.00s Real=0.03s
[27.489s][info][gc,marking  ] GC(37) Concurrent Scan Root Regions 24.021ms
[27.489s][info][gc,marking  ] GC(37) Concurrent Mark
[27.489s][info][gc,marking  ] GC(37) Concurrent Mark From Roots
[27.489s][info][gc,task     ] GC(37) Using 1 workers of 1 for marking
[27.522s][info][gc,marking  ] GC(37) Concurrent Mark From Roots 33.365ms
[27.522s][info][gc,marking  ] GC(37) Concurrent Preclean
[27.522s][info][gc,marking  ] GC(37) Concurrent Preclean 0.033ms
[27.523s][info][gc,start    ] GC(37) Pause Remark
[27.533s][info][gc          ] GC(37) Pause Remark 208M->98M(307M) 10.191ms
[27.533s][info][gc,cpu      ] GC(37) User=0.02s Sys=0.00s Real=0.01s
[27.533s][info][gc,marking  ] GC(37) Concurrent Mark 43.981ms
[27.533s][info][gc,marking  ] GC(37) Concurrent Rebuild Remembered Sets and Scrub Regions
[27.555s][info][gc,marking  ] GC(37) Concurrent Rebuild Remembered Sets and Scrub Regions 22.082ms
[27.555s][info][gc,start    ] GC(37) Pause Cleanup
[27.555s][info][gc          ] GC(37) Pause Cleanup 102M->102M(307M) 0.046ms
[27.555s][info][gc,cpu      ] GC(37) User=0.00s Sys=0.00s Real=0.00s
[27.555s][info][gc,marking  ] GC(37) Concurrent Clear Claimed Marks
[27.555s][info][gc,marking  ] GC(37) Concurrent Clear Claimed Marks 0.034ms
[27.555s][info][gc,marking  ] GC(37) Concurrent Cleanup for Next Mark
[27.556s][info][gc,marking  ] GC(37) Concurrent Cleanup for Next Mark 0.875ms
[27.556s][info][gc          ] GC(37) Concurrent Mark Cycle 91.319ms
[29.475s][info][gc,start    ] GC(38) Pause Young (Prepare Mixed) (G1 Evacuation Pause)
[29.475s][info][gc,task     ] GC(38) Using 2 workers of 2 for evacuation
[29.492s][info][gc,phases   ] GC(38)   Pre Evacuate Collection Set: 0.18ms
[29.492s][info][gc,phases   ] GC(38)   Merge Heap Roots: 0.09ms
[29.492s][info][gc,phases   ] GC(38)   Evacuate Collection Set: 15.87ms
[29.492s][info][gc,phases   ] GC(38)   Post Evacuate Collection Set: 0.46ms
[29.492s][info][gc,phases   ] GC(38)   Other: 0.08ms
[29.492s][info][gc,heap     ] GC(38) Eden regions: 123->0(166)
[29.492s][info][gc,heap     ] GC(38) Survivor regions: 13->14(17)
[29.492s][info][gc,heap     ] GC(38) Old regions: 78->80
[29.492s][info][gc,heap     ] GC(38) Humongous regions: 5->3
[29.492s][info][gc,metaspace] GC(38) Metaspace: 32580K(32960K)->32580K(32960K) NonClass: 28989K(29184K)->28989K(29184K) Class: 3591K(3776K)->3591K(3776K)
[29.492s][info][gc          ] GC(38) Pause Young (Prepare Mixed) (G1 Evacuation Pause) 217M->95M(307M) 16.882ms
[29.492s][info][gc,cpu      ] GC(38) User=0.04s Sys=0.00s Real=0.02s
[31.445s][info][gc,start    ] GC(39) Pause Young (Mixed) (G1 Evacuation Pause)
[31.446s][info][gc,task     ] GC(39) Using 2 workers of 2 for evacuation
[31.472s][info][gc,phases   ] GC(39)   Pre Evacuate Collection Set: 0.19ms
[31.472s][info][gc,phases   ] GC(39)   Merge Heap Roots: 0.12ms
[31.472s][info][gc,phases   ] GC(39)   Evacuate Collection Set: 25.37ms
[31.472s][info][gc,phases   ] GC(39)   Post Evacuate Collection Set: 0.58ms
[31.472s][info][gc,phases   ] GC(39)   Other: 0.07ms
[31.472s][info][gc,heap     ] GC(39) Eden regions: 166->0(172)
[31.472s][info][gc,heap     ] GC(39) Survivor regions: 14->12(23)
[31.472s][info][gc,heap     ] GC(39) Old regions: 80->65
[31.472s][info][gc,heap     ] GC(39) Humongous regions: 20->3
[31.472s][info][gc,metaspace] GC(39) Metaspace: 33831K(34240K)->33831K(34240K) NonClass: 30228K(30464K)->30228K(30464K) Class: 3603K(3776K)->3603K(3776K)
[31.472s][info][gc          ] GC(39) Pause Young (Mixed) (G1 Evacuation Pause) 278M->78M(307M) 26.523ms
[31.472s][info][gc,cpu      ] GC(39) User=0.05s Sys=0.00s Real=0.03s
[32.108s][info][gc,start    ] GC(40) Pause Young (Concurrent Start) (G1 Humongous Allocation)
[32.108s][info][gc,task     ] GC(40) Using 2 workers of 2 for evacuation
[32.124s][info][gc,phases   ] GC(40)   Pre Evacuate Collection Set: 0.24ms
[32.124s][info][gc,phases   ] GC(40)   Merge Heap Roots: 0.06ms
[32.124s][info][gc,phases   ] GC(40)   Evacuate Collection Set: 14.61ms
[32.124s][info][gc,phases   ] GC(40)   Post Evacuate Collection Set: 0.43ms
[32.124s][info][gc,phases   ] GC(40)   Other: 0.42ms
[32.124s][info][gc,heap     ] GC(40) Eden regions: 53->0(172)
[32.124s][info][gc,heap     ] GC(40) Survivor regions: 12->12(23)
[32.124s][info][gc,heap     ] GC(40) Old regions: 65->65
[32.124s][info][gc,heap     ] GC(40) Humongous regions: 3->3
[32.124s][info][gc,metaspace] GC(40) Metaspace: 33904K(34304K)->33904K(34304K) NonClass: 30301K(30528K)->30301K(30528K) Class: 3603K(3776K)->3603K(3776K)
[32.124s][info][gc          ] GC(40) Pause Young (Concurrent Start) (G1 Humongous Allocation) 131M->78M(307M) 16.078ms
[32.124s][info][gc,cpu      ] GC(40) User=0.04s Sys=0.00s Real=0.02s
[32.124s][info][gc          ] GC(41) Concurrent Mark Cycle
[32.124s][info][gc,marking  ] GC(41) Concurrent Scan Root Regions
[32.143s][info][gc,marking  ] GC(41) Concurrent Scan Root Regions 19.036ms
[32.143s][info][gc,marking  ] GC(41) Concurrent Mark
[32.143s][info][gc,marking  ] GC(41) Concurrent Mark From Roots
[32.143s][info][gc,task     ] GC(41) Using 1 workers of 1 for marking
[32.211s][info][gc,marking  ] GC(41) Concurrent Mark From Roots 67.742ms
[32.211s][info][gc,marking  ] GC(41) Concurrent Preclean
[32.211s][info][gc,marking  ] GC(41) Concurrent Preclean 0.036ms
[32.212s][info][gc,start    ] GC(41) Pause Remark
[32.228s][info][gc          ] GC(41) Pause Remark 83M->74M(256M) 15.849ms
[32.228s][info][gc,cpu      ] GC(41) User=0.02s Sys=0.00s Real=0.01s
[32.228s][info][gc,marking  ] GC(41) Concurrent Mark 84.508ms
[32.228s][info][gc,marking  ] GC(41) Concurrent Rebuild Remembered Sets and Scrub Regions
[32.242s][info][gc,marking  ] GC(41) Concurrent Rebuild Remembered Sets and Scrub Regions 14.342ms
[32.244s][info][gc,start    ] GC(41) Pause Cleanup
[32.244s][info][gc          ] GC(41) Pause Cleanup 74M->74M(256M) 0.049ms
[32.244s][info][gc,cpu      ] GC(41) User=0.00s Sys=0.00s Real=0.00s
[32.244s][info][gc,marking  ] GC(41) Concurrent Clear Claimed Marks
[32.244s][info][gc,marking  ] GC(41) Concurrent Clear Claimed Marks 0.039ms
[32.244s][info][gc,marking  ] GC(41) Concurrent Cleanup for Next Mark
[32.245s][info][gc,marking  ] GC(41) Concurrent Cleanup for Next Mark 0.766ms
[32.245s][info][gc          ] GC(41) Concurrent Mark Cycle 121.184ms
[33.684s][info][gc,start    ] GC(42) Pause Young (Prepare Mixed) (G1 Evacuation Pause)
[33.684s][info][gc,task     ] GC(42) Using 2 workers of 2 for evacuation
[33.691s][info][gc,phases   ] GC(42)   Pre Evacuate Collection Set: 0.22ms
[33.691s][info][gc,phases   ] GC(42)   Merge Heap Roots: 0.10ms
[33.691s][info][gc,phases   ] GC(42)   Evacuate Collection Set: 5.85ms
[33.691s][info][gc,phases   ] GC(42)   Post Evacuate Collection Set: 0.40ms
[33.691s][info][gc,phases   ] GC(42)   Other: 0.11ms
[33.691s][info][gc,heap     ] GC(42) Eden regions: 141->0(150)
[33.691s][info][gc,heap     ] GC(42) Survivor regions: 12->3(20)
[33.691s][info][gc,heap     ] GC(42) Old regions: 57->58
[33.691s][info][gc,heap     ] GC(42) Humongous regions: 11->2
[33.691s][info][gc,metaspace] GC(42) Metaspace: 34062K(34432K)->34062K(34432K) NonClass: 30458K(30656K)->30458K(30656K) Class: 3604K(3776K)->3604K(3776K)
[33.691s][info][gc          ] GC(42) Pause Young (Prepare Mixed) (G1 Evacuation Pause) 219M->61M(256M) 6.846ms
[33.691s][info][gc,cpu      ] GC(42) User=0.01s Sys=0.00s Real=0.00s
[35.037s][info][gc,start    ] GC(43) Pause Young (Mixed) (G1 Evacuation Pause)
[35.037s][info][gc,task     ] GC(43) Using 2 workers of 2 for evacuation
[35.059s][info][gc,phases   ] GC(43)   Pre Evacuate Collection Set: 0.17ms
[35.059s][info][gc,phases   ] GC(43)   Merge Heap Roots: 0.06ms
[35.059s][info][gc,phases   ] GC(43)   Evacuate Collection Set: 21.50ms
[35.059s][info][gc,phases   ] GC(43)   Post Evacuate Collection Set: 0.45ms
[35.059s][info][gc,phases   ] GC(43)   Other: 0.08ms
[35.059s][info][gc,heap     ] GC(43) Eden regions: 150->0(133)
[35.059s][info][gc,heap     ] GC(43) Survivor regions: 3->20(20)
[35.059s][info][gc,heap     ] GC(43) Old regions: 58->42
[35.059s][info][gc,heap     ] GC(43) Humongous regions: 4->2
[35.059s][info][gc,metaspace] GC(43) Metaspace: 34132K(34560K)->34132K(34560K) NonClass: 30525K(30784K)->30525K(30784K) Class: 3606K(3776K)->3606K(3776K)
[35.059s][info][gc          ] GC(43) Pause Young (Mixed) (G1 Evacuation Pause) 213M->62M(256M) 22.430ms
[35.059s][info][gc,cpu      ] GC(43) User=0.04s Sys=0.00s Real=0.02s
[35.453s][info][gc,start    ] GC(44) Pause Young (Concurrent Start) (G1 Humongous Allocation)
[35.453s][info][gc,task     ] GC(44) Using 2 workers of 2 for evacuation
[35.458s][info][gc,phases   ] GC(44)   Pre Evacuate Collection Set: 0.16ms
[35.458s][info][gc,phases   ] GC(44)   Merge Heap Roots: 0.07ms
[35.458s][info][gc,phases   ] GC(44)   Evacuate Collection Set: 3.83ms
[35.458s][info][gc,phases   ] GC(44)   Post Evacuate Collection Set: 0.29ms
[35.458s][info][gc,phases   ] GC(44)   Other: 0.11ms
[35.458s][info][gc,heap     ] GC(44) Eden regions: 35->0(152)
[35.458s][info][gc,heap     ] GC(44) Survivor regions: 20->1(20)
[35.458s][info][gc,heap     ] GC(44) Old regions: 42->44
[35.458s][info][gc,heap     ] GC(44) Humongous regions: 2->0
[35.458s][info][gc,metaspace] GC(44) Metaspace: 34134K(34560K)->34134K(34560K) NonClass: 30528K(30784K)->30528K(30784K) Class: 3606K(3776K)->3606K(3776K)
[35.458s][info][gc          ] GC(44) Pause Young (Concurrent Start) (G1 Humongous Allocation) 96M->43M(256M) 4.634ms
[35.458s][info][gc,cpu      ] GC(44) User=0.01s Sys=0.00s Real=0.00s
[35.458s][info][gc          ] GC(45) Concurrent Mark Cycle
[35.458s][info][gc,marking  ] GC(45) Concurrent Scan Root Regions
[35.463s][info][gc,marking  ] GC(45) Concurrent Scan Root Regions 5.370ms
[35.463s][info][gc,marking  ] GC(45) Concurrent Mark
[35.463s][info][gc,marking  ] GC(45) Concurrent Mark From Roots
[35.463s][info][gc,task     ] GC(45) Using 1 workers of 1 for marking
[35.522s][info][gc,marking  ] GC(45) Concurrent Mark From Roots 58.824ms
[35.522s][info][gc,marking  ] GC(45) Concurrent Preclean
[35.522s][info][gc,marking  ] GC(45) Concurrent Preclean 0.036ms
[35.522s][info][gc,start    ] GC(45) Pause Remark
[35.536s][info][gc          ] GC(45) Pause Remark 52M->52M(256M) 13.816ms
[35.536s][info][gc,cpu      ] GC(45) User=0.03s Sys=0.00s Real=0.01s
[35.538s][info][gc,marking  ] GC(45) Concurrent Mark 74.963ms
[35.538s][info][gc,marking  ] GC(45) Concurrent Rebuild Remembered Sets and Scrub Regions
[35.559s][info][gc,marking  ] GC(45) Concurrent Rebuild Remembered Sets and Scrub Regions 21.119ms
[35.559s][info][gc,start    ] GC(45) Pause Cleanup
[35.560s][info][gc          ] GC(45) Pause Cleanup 54M->54M(256M) 0.044ms
[35.560s][info][gc,cpu      ] GC(45) User=0.00s Sys=0.00s Real=0.00s
[35.560s][info][gc,marking  ] GC(45) Concurrent Clear Claimed Marks
[35.560s][info][gc,marking  ] GC(45) Concurrent Clear Claimed Marks 0.035ms
[35.560s][info][gc,marking  ] GC(45) Concurrent Cleanup for Next Mark
[35.560s][info][gc,marking  ] GC(45) Concurrent Cleanup for Next Mark 0.755ms
[35.560s][info][gc          ] GC(45) Concurrent Mark Cycle 102.621ms
[36.682s][info][gc,start    ] GC(46) Pause Young (Prepare Mixed) (G1 Evacuation Pause)
[36.682s][info][gc,task     ] GC(46) Using 2 workers of 2 for evacuation
[36.685s][info][gc,phases   ] GC(46)   Pre Evacuate Collection Set: 0.17ms
[36.685s][info][gc,phases   ] GC(46)   Merge Heap Roots: 0.06ms
[36.685s][info][gc,phases   ] GC(46)   Evacuate Collection Set: 2.85ms
[36.685s][info][gc,phases   ] GC(46)   Post Evacuate Collection Set: 0.37ms
[36.685s][info][gc,phases   ] GC(46)   Other: 0.07ms
[36.685s][info][gc,heap     ] GC(46) Eden regions: 152->0(150)
[36.685s][info][gc,heap     ] GC(46) Survivor regions: 1->3(20)
[36.685s][info][gc,heap     ] GC(46) Old regions: 44->44
[36.685s][info][gc,heap     ] GC(46) Humongous regions: 16->2
[36.685s][info][gc,metaspace] GC(46) Metaspace: 34175K(34560K)->34175K(34560K) NonClass: 30569K(30784K)->30569K(30784K) Class: 3606K(3776K)->3606K(3776K)
[36.685s][info][gc          ] GC(46) Pause Young (Prepare Mixed) (G1 Evacuation Pause) 211M->47M(256M) 3.698ms
[36.685s][info][gc,cpu      ] GC(46) User=0.01s Sys=0.00s Real=0.00s
[37.850s][info][gc,start    ] GC(47) Pause Young (Mixed) (G1 Evacuation Pause)
[37.850s][info][gc,task     ] GC(47) Using 2 workers of 2 for evacuation
[37.861s][info][gc,phases   ] GC(47)   Pre Evacuate Collection Set: 0.18ms
[37.861s][info][gc,phases   ] GC(47)   Merge Heap Roots: 0.09ms
[37.861s][info][gc,phases   ] GC(47)   Evacuate Collection Set: 9.77ms
[37.861s][info][gc,phases   ] GC(47)   Post Evacuate Collection Set: 0.41ms
[37.861s][info][gc,phases   ] GC(47)   Other: 0.11ms
[37.861s][info][gc,heap     ] GC(47) Eden regions: 150->0(147)
[37.861s][info][gc,heap     ] GC(47) Survivor regions: 3->6(20)
[37.861s][info][gc,heap     ] GC(47) Old regions: 44->41
[37.861s][info][gc,heap     ] GC(47) Humongous regions: 14->2
[37.861s][info][gc,metaspace] GC(47) Metaspace: 34201K(34624K)->34201K(34624K) NonClass: 30595K(30848K)->30595K(30848K) Class: 3606K(3776K)->3606K(3776K)
[37.861s][info][gc          ] GC(47) Pause Young (Mixed) (G1 Evacuation Pause) 209M->47M(256M) 10.744ms
[37.861s][info][gc,cpu      ] GC(47) User=0.02s Sys=0.01s Real=0.01s
[37.933s][info][gc,start    ] GC(48) Pause Young (Concurrent Start) (G1 Humongous Allocation)
[37.933s][info][gc,task     ] GC(48) Using 2 workers of 2 for evacuation
[37.937s][info][gc,phases   ] GC(48)   Pre Evacuate Collection Set: 0.15ms
[37.937s][info][gc,phases   ] GC(48)   Merge Heap Roots: 0.03ms
[37.937s][info][gc,phases   ] GC(48)   Evacuate Collection Set: 3.25ms
[37.937s][info][gc,phases   ] GC(48)   Post Evacuate Collection Set: 0.27ms
[37.937s][info][gc,phases   ] GC(48)   Other: 0.10ms
[37.937s][info][gc,heap     ] GC(48) Eden regions: 10->0(150)
[37.937s][info][gc,heap     ] GC(48) Survivor regions: 6->3(20)
[37.937s][info][gc,heap     ] GC(48) Old regions: 41->41
[37.937s][info][gc,heap     ] GC(48) Humongous regions: 2->0
[37.937s][info][gc,metaspace] GC(48) Metaspace: 34208K(34624K)->34208K(34624K) NonClass: 30601K(30848K)->30601K(30848K) Class: 3606K(3776K)->3606K(3776K)
[37.937s][info][gc          ] GC(48) Pause Young (Concurrent Start) (G1 Humongous Allocation) 57M->42M(256M) 3.948ms
[37.937s][info][gc,cpu      ] GC(48) User=0.01s Sys=0.00s Real=0.00s
[37.937s][info][gc          ] GC(49) Concurrent Mark Cycle
[37.938s][info][gc,marking  ] GC(49) Concurrent Scan Root Regions
[37.944s][info][gc,marking  ] GC(49) Concurrent Scan Root Regions 5.967ms
[37.944s][info][gc,marking  ] GC(49) Concurrent Mark
[37.944s][info][gc,marking  ] GC(49) Concurrent Mark From Roots
[37.944s][info][gc,task     ] GC(49) Using 1 workers of 1 for marking
[38.022s][info][gc,marking  ] GC(49) Concurrent Mark From Roots 77.678ms
[38.022s][info][gc,marking  ] GC(49) Concurrent Preclean
[38.022s][info][gc,marking  ] GC(49) Concurrent Preclean 0.033ms
[38.022s][info][gc,start    ] GC(49) Pause Remark
[38.035s][info][gc          ] GC(49) Pause Remark 52M->52M(256M) 13.532ms
[38.035s][info][gc,cpu      ] GC(49) User=0.03s Sys=0.00s Real=0.01s
[38.035s][info][gc,marking  ] GC(49) Concurrent Mark 91.420ms
[38.035s][info][gc,marking  ] GC(49) Concurrent Rebuild Remembered Sets and Scrub Regions
[38.074s][info][gc,marking  ] GC(49) Concurrent Rebuild Remembered Sets and Scrub Regions 38.513ms
[38.074s][info][gc,start    ] GC(49) Pause Cleanup
[38.074s][info][gc          ] GC(49) Pause Cleanup 54M->54M(256M) 0.081ms
[38.074s][info][gc,cpu      ] GC(49) User=0.00s Sys=0.00s Real=0.00s
[38.074s][info][gc,marking  ] GC(49) Concurrent Clear Claimed Marks
[38.074s][info][gc,marking  ] GC(49) Concurrent Clear Claimed Marks 0.043ms
[38.074s][info][gc,marking  ] GC(49) Concurrent Cleanup for Next Mark
[38.075s][info][gc,marking  ] GC(49) Concurrent Cleanup for Next Mark 0.752ms
[38.075s][info][gc          ] GC(49) Concurrent Mark Cycle 138.273ms
[39.067s][info][gc,start    ] GC(50) Pause Young (Prepare Mixed) (G1 Evacuation Pause)
[39.067s][info][gc,task     ] GC(50) Using 2 workers of 2 for evacuation
[39.087s][info][gc,phases   ] GC(50)   Pre Evacuate Collection Set: 0.17ms
[39.087s][info][gc,phases   ] GC(50)   Merge Heap Roots: 0.06ms
[39.087s][info][gc,phases   ] GC(50)   Evacuate Collection Set: 19.75ms
[39.087s][info][gc,phases   ] GC(50)   Post Evacuate Collection Set: 0.46ms
[39.087s][info][gc,phases   ] GC(50)   Other: 0.07ms
[39.087s][info][gc,heap     ] GC(50) Eden regions: 150->0(135)
[39.087s][info][gc,heap     ] GC(50) Survivor regions: 3->18(20)
[39.087s][info][gc,heap     ] GC(50) Old regions: 41->41
[39.087s][info][gc,heap     ] GC(50) Humongous regions: 10->2
[39.087s][info][gc,metaspace] GC(50) Metaspace: 34243K(34624K)->34243K(34624K) NonClass: 30637K(30848K)->30637K(30848K) Class: 3606K(3776K)->3606K(3776K)
[39.087s][info][gc          ] GC(50) Pause Young (Prepare Mixed) (G1 Evacuation Pause) 202M->60M(256M) 20.699ms
[39.087s][info][gc,cpu      ] GC(50) User=0.04s Sys=0.00s Real=0.02s
[40.115s][info][gc,start    ] GC(51) Pause Young (Mixed) (G1 Evacuation Pause)
[40.115s][info][gc,task     ] GC(51) Using 2 workers of 2 for evacuation
[40.140s][info][gc,phases   ] GC(51)   Pre Evacuate Collection Set: 0.15ms
[40.140s][info][gc,phases   ] GC(51)   Merge Heap Roots: 0.05ms
[40.140s][info][gc,phases   ] GC(51)   Evacuate Collection Set: 24.88ms
[40.140s][info][gc,phases   ] GC(51)   Post Evacuate Collection Set: 0.42ms
[40.140s][info][gc,phases   ] GC(51)   Other: 0.07ms
[40.140s][info][gc,heap     ] GC(51) Eden regions: 135->0(141)
[40.140s][info][gc,heap     ] GC(51) Survivor regions: 18->12(20)
[40.140s][info][gc,heap     ] GC(51) Old regions: 41->50
[40.140s][info][gc,heap     ] GC(51) Humongous regions: 2->2
[40.140s][info][gc,metaspace] GC(51) Metaspace: 34257K(34688K)->34257K(34688K) NonClass: 30650K(30912K)->30650K(30912K) Class: 3606K(3776K)->3606K(3776K)
[40.140s][info][gc          ] GC(51) Pause Young (Mixed) (G1 Evacuation Pause) 195M->62M(256M) 25.743ms
[40.140s][info][gc,cpu      ] GC(51) User=0.05s Sys=0.00s Real=0.02s
[40.866s][info][gc,start    ] GC(52) Pause Young (Concurrent Start) (G1 Humongous Allocation)
[40.866s][info][gc,task     ] GC(52) Using 2 workers of 2 for evacuation
[40.923s][info][gc,phases   ] GC(52)   Pre Evacuate Collection Set: 0.19ms
[40.923s][info][gc,phases   ] GC(52)   Merge Heap Roots: 0.12ms
[40.923s][info][gc,phases   ] GC(52)   Evacuate Collection Set: 56.16ms
[40.923s][info][gc,phases   ] GC(52)   Post Evacuate Collection Set: 0.52ms
[40.923s][info][gc,phases   ] GC(52)   Other: 0.10ms
[40.923s][info][gc,heap     ] GC(52) Eden regions: 102->0(112)
[40.923s][info][gc,heap     ] GC(52) Survivor regions: 12->20(20)
[40.923s][info][gc,heap     ] GC(52) Old regions: 50->68
[40.923s][info][gc,heap     ] GC(52) Humongous regions: 2->0
[40.923s][info][gc,metaspace] GC(52) Metaspace: 34287K(34688K)->34287K(34688K) NonClass: 30681K(30912K)->30681K(30912K) Class: 3606K(3776K)->3606K(3776K)
[40.923s][info][gc          ] GC(52) Pause Young (Concurrent Start) (G1 Humongous Allocation) 164M->87M(256M) 57.336ms
[40.923s][info][gc,cpu      ] GC(52) User=0.11s Sys=0.00s Real=0.06s
[40.926s][info][gc          ] GC(53) Concurrent Mark Cycle
[40.926s][info][gc,marking  ] GC(53) Concurrent Scan Root Regions
[41.002s][info][gc,marking  ] GC(53) Concurrent Scan Root Regions 76.042ms
[41.002s][info][gc,marking  ] GC(53) Concurrent Mark
[41.002s][info][gc,marking  ] GC(53) Concurrent Mark From Roots
[41.002s][info][gc,task     ] GC(53) Using 1 workers of 1 for marking
[41.124s][info][gc,marking  ] GC(53) Concurrent Mark From Roots 121.556ms
[41.124s][info][gc,marking  ] GC(53) Concurrent Preclean
[41.124s][info][gc,marking  ] GC(53) Concurrent Preclean 0.039ms
[41.125s][info][gc,start    ] GC(53) Pause Remark
[41.141s][info][gc          ] GC(53) Pause Remark 122M->122M(256M) 16.586ms
[41.141s][info][gc,cpu      ] GC(53) User=0.03s Sys=0.00s Real=0.02s
[41.143s][info][gc,marking  ] GC(53) Concurrent Mark 140.863ms
[41.143s][info][gc,marking  ] GC(53) Concurrent Rebuild Remembered Sets and Scrub Regions
[41.234s][info][gc,marking  ] GC(53) Concurrent Rebuild Remembered Sets and Scrub Regions 90.597ms
[41.234s][info][gc,start    ] GC(53) Pause Cleanup
[41.234s][info][gc          ] GC(53) Pause Cleanup 135M->135M(256M) 0.053ms
[41.234s][info][gc,cpu      ] GC(53) User=0.00s Sys=0.00s Real=0.00s
[41.234s][info][gc,marking  ] GC(53) Concurrent Clear Claimed Marks
[41.234s][info][gc,marking  ] GC(53) Concurrent Clear Claimed Marks 0.038ms
[41.234s][info][gc,marking  ] GC(53) Concurrent Cleanup for Next Mark
[41.235s][info][gc,marking  ] GC(53) Concurrent Cleanup for Next Mark 0.804ms
[41.235s][info][gc          ] GC(53) Concurrent Mark Cycle 309.031ms
[41.728s][info][gc,start    ] GC(54) Pause Young (Prepare Mixed) (G1 Evacuation Pause)
[41.728s][info][gc,task     ] GC(54) Using 2 workers of 2 for evacuation
[41.776s][info][gc,phases   ] GC(54)   Pre Evacuate Collection Set: 0.23ms
[41.776s][info][gc,phases   ] GC(54)   Merge Heap Roots: 0.45ms
[41.776s][info][gc,phases   ] GC(54)   Evacuate Collection Set: 46.54ms
[41.776s][info][gc,phases   ] GC(54)   Post Evacuate Collection Set: 0.74ms
[41.776s][info][gc,phases   ] GC(54)   Other: 0.07ms
[41.776s][info][gc,heap     ] GC(54) Eden regions: 112->0(109)
[41.776s][info][gc,heap     ] GC(54) Survivor regions: 20->10(17)
[41.776s][info][gc,heap     ] GC(54) Old regions: 68->88
[41.776s][info][gc,heap     ] GC(54) Humongous regions: 4->2
[41.776s][info][gc,metaspace] GC(54) Metaspace: 34306K(34752K)->34306K(34752K) NonClass: 30699K(30976K)->30699K(30976K) Class: 3606K(3776K)->3606K(3776K)
[41.776s][info][gc          ] GC(54) Pause Young (Prepare Mixed) (G1 Evacuation Pause) 203M->99M(256M) 48.240ms
[41.776s][info][gc,cpu      ] GC(54) User=0.10s Sys=0.00s Real=0.05s
[42.554s][info][gc,start    ] GC(55) Pause Young (Mixed) (G1 Evacuation Pause)
[42.554s][info][gc,task     ] GC(55) Using 2 workers of 2 for evacuation
[42.587s][info][gc,phases   ] GC(55)   Pre Evacuate Collection Set: 0.15ms
[42.587s][info][gc,phases   ] GC(55)   Merge Heap Roots: 0.37ms
[42.587s][info][gc,phases   ] GC(55)   Evacuate Collection Set: 32.06ms
[42.587s][info][gc,phases   ] GC(55)   Post Evacuate Collection Set: 0.50ms
[42.587s][info][gc,phases   ] GC(55)   Other: 0.08ms
[42.587s][info][gc,heap     ] GC(55) Eden regions: 109->0(115)
[42.587s][info][gc,heap     ] GC(55) Survivor regions: 10->6(15)
[42.587s][info][gc,heap     ] GC(55) Old regions: 88->87
[42.587s][info][gc,heap     ] GC(55) Humongous regions: 10->2
[42.587s][info][gc,metaspace] GC(55) Metaspace: 34316K(34752K)->34316K(34752K) NonClass: 30710K(30976K)->30710K(30976K) Class: 3606K(3776K)->3606K(3776K)
[42.587s][info][gc          ] GC(55) Pause Young (Mixed) (G1 Evacuation Pause) 216M->93M(256M) 33.361ms
[42.587s][info][gc,cpu      ] GC(55) User=0.07s Sys=0.00s Real=0.03s
[42.832s][info][gc,start    ] GC(56) Pause Young (Concurrent Start) (G1 Humongous Allocation)
[42.832s][info][gc,task     ] GC(56) Using 2 workers of 2 for evacuation
[42.836s][info][gc,phases   ] GC(56)   Pre Evacuate Collection Set: 0.17ms
[42.836s][info][gc,phases   ] GC(56)   Merge Heap Roots: 0.05ms
[42.836s][info][gc,phases   ] GC(56)   Evacuate Collection Set: 3.15ms
[42.836s][info][gc,phases   ] GC(56)   Post Evacuate Collection Set: 0.25ms
[42.836s][info][gc,phases   ] GC(56)   Other: 0.08ms
[42.836s][info][gc,heap     ] GC(56) Eden regions: 30->0(124)
[42.836s][info][gc,heap     ] GC(56) Survivor regions: 6->2(16)
[42.836s][info][gc,heap     ] GC(56) Old regions: 87->87
[42.836s][info][gc,heap     ] GC(56) Humongous regions: 2->0
[42.836s][info][gc,metaspace] GC(56) Metaspace: 34317K(34752K)->34317K(34752K) NonClass: 30711K(30976K)->30711K(30976K) Class: 3606K(3776K)->3606K(3776K)
[42.836s][info][gc          ] GC(56) Pause Young (Concurrent Start) (G1 Humongous Allocation) 123M->87M(256M) 3.851ms
[42.836s][info][gc,cpu      ] GC(56) User=0.01s Sys=0.00s Real=0.00s
[42.836s][info][gc          ] GC(57) Concurrent Mark Cycle
[42.836s][info][gc,marking  ] GC(57) Concurrent Scan Root Regions
[42.841s][info][gc,marking  ] GC(57) Concurrent Scan Root Regions 4.922ms
[42.841s][info][gc,marking  ] GC(57) Concurrent Mark
[42.841s][info][gc,marking  ] GC(57) Concurrent Mark From Roots
[42.841s][info][gc,task     ] GC(57) Using 1 workers of 1 for marking
[42.947s][info][gc,marking  ] GC(57) Concurrent Mark From Roots 105.325ms
[42.947s][info][gc,marking  ] GC(57) Concurrent Preclean
[42.947s][info][gc,marking  ] GC(57) Concurrent Preclean 0.035ms
[42.948s][info][gc,start    ] GC(57) Pause Remark
[42.960s][info][gc          ] GC(57) Pause Remark 112M->100M(256M) 11.908ms
[42.960s][info][gc,cpu      ] GC(57) User=0.02s Sys=0.00s Real=0.01s
[42.960s][info][gc,marking  ] GC(57) Concurrent Mark 118.795ms
[42.960s][info][gc,marking  ] GC(57) Concurrent Rebuild Remembered Sets and Scrub Regions
[43.002s][info][gc,marking  ] GC(57) Concurrent Rebuild Remembered Sets and Scrub Regions 41.465ms
[43.004s][info][gc,start    ] GC(57) Pause Cleanup
[43.004s][info][gc          ] GC(57) Pause Cleanup 107M->107M(256M) 0.076ms
[43.004s][info][gc,cpu      ] GC(57) User=0.00s Sys=0.00s Real=0.00s
[43.004s][info][gc,marking  ] GC(57) Concurrent Clear Claimed Marks
[43.004s][info][gc,marking  ] GC(57) Concurrent Clear Claimed Marks 0.058ms
[43.004s][info][gc,marking  ] GC(57) Concurrent Cleanup for Next Mark
[43.005s][info][gc,marking  ] GC(57) Concurrent Cleanup for Next Mark 0.776ms
[43.005s][info][gc          ] GC(57) Concurrent Mark Cycle 168.422ms
[43.722s][info][gc,start    ] GC(58) Pause Young (Prepare Mixed) (G1 Evacuation Pause)
[43.722s][info][gc,task     ] GC(58) Using 2 workers of 2 for evacuation
[43.736s][info][gc,phases   ] GC(58)   Pre Evacuate Collection Set: 0.18ms
[43.736s][info][gc,phases   ] GC(58)   Merge Heap Roots: 0.06ms
[43.736s][info][gc,phases   ] GC(58)   Evacuate Collection Set: 13.46ms
[43.736s][info][gc,phases   ] GC(58)   Post Evacuate Collection Set: 0.33ms
[43.736s][info][gc,phases   ] GC(58)   Other: 0.07ms
[43.736s][info][gc,heap     ] GC(58) Eden regions: 124->0(124)
[43.736s][info][gc,heap     ] GC(58) Survivor regions: 2->13(16)
[43.736s][info][gc,heap     ] GC(58) Old regions: 75->75
[43.736s][info][gc,heap     ] GC(58) Humongous regions: 4->2
[43.736s][info][gc,metaspace] GC(58) Metaspace: 34321K(34752K)->34321K(34752K) NonClass: 30715K(30976K)->30715K(30976K) Class: 3606K(3776K)->3606K(3776K)
[43.736s][info][gc          ] GC(58) Pause Young (Prepare Mixed) (G1 Evacuation Pause) 203M->88M(256M) 14.284ms
[43.736s][info][gc,cpu      ] GC(58) User=0.03s Sys=0.00s Real=0.01s
[44.478s][info][gc,start    ] GC(59) Pause Young (Mixed) (G1 Evacuation Pause)
[44.479s][info][gc,task     ] GC(59) Using 2 workers of 2 for evacuation
[44.486s][info][gc,phases   ] GC(59)   Pre Evacuate Collection Set: 0.17ms
[44.486s][info][gc,phases   ] GC(59)   Merge Heap Roots: 0.09ms
[44.486s][info][gc,phases   ] GC(59)   Evacuate Collection Set: 6.60ms
[44.486s][info][gc,phases   ] GC(59)   Post Evacuate Collection Set: 0.36ms
[44.486s][info][gc,phases   ] GC(59)   Other: 0.07ms
[44.486s][info][gc,heap     ] GC(59) Eden regions: 124->0(148)
[44.486s][info][gc,heap     ] GC(59) Survivor regions: 13->5(18)
[44.486s][info][gc,heap     ] GC(59) Old regions: 75->51
[44.486s][info][gc,heap     ] GC(59) Humongous regions: 8->2
[44.486s][info][gc,metaspace] GC(59) Metaspace: 34332K(34752K)->34332K(34752K) NonClass: 30726K(30976K)->30726K(30976K) Class: 3606K(3776K)->3606K(3776K)
[44.486s][info][gc          ] GC(59) Pause Young (Mixed) (G1 Evacuation Pause) 218M->56M(256M) 7.478ms
[44.486s][info][gc,cpu      ] GC(59) User=0.02s Sys=0.00s Real=0.01s
[45.344s][info][gc,start    ] GC(60) Pause Young (Mixed) (G1 Evacuation Pause)
[45.344s][info][gc,task     ] GC(60) Using 2 workers of 2 for evacuation
[45.359s][info][gc,phases   ] GC(60)   Pre Evacuate Collection Set: 0.17ms
[45.359s][info][gc,phases   ] GC(60)   Merge Heap Roots: 0.08ms
[45.359s][info][gc,phases   ] GC(60)   Evacuate Collection Set: 13.69ms
[45.359s][info][gc,phases   ] GC(60)   Post Evacuate Collection Set: 0.39ms
[45.359s][info][gc,phases   ] GC(60)   Other: 0.07ms
[45.359s][info][gc,heap     ] GC(60) Eden regions: 148->0(142)
[45.359s][info][gc,heap     ] GC(60) Survivor regions: 5->11(20)
[45.359s][info][gc,heap     ] GC(60) Old regions: 51->47
[45.359s][info][gc,heap     ] GC(60) Humongous regions: 6->2
[45.359s][info][gc,metaspace] GC(60) Metaspace: 34364K(34752K)->34364K(34752K) NonClass: 30758K(30976K)->30758K(30976K) Class: 3606K(3776K)->3606K(3776K)
[45.359s][info][gc          ] GC(60) Pause Young (Mixed) (G1 Evacuation Pause) 208M->59M(256M) 14.560ms
[45.359s][info][gc,cpu      ] GC(60) User=0.03s Sys=0.00s Real=0.01s
[46.302s][info][gc,start    ] GC(61) Pause Young (Normal) (G1 Evacuation Pause)
[46.302s][info][gc,task     ] GC(61) Using 2 workers of 2 for evacuation
[46.312s][info][gc,phases   ] GC(61)   Pre Evacuate Collection Set: 0.17ms
[46.312s][info][gc,phases   ] GC(61)   Merge Heap Roots: 0.05ms
[46.312s][info][gc,phases   ] GC(61)   Evacuate Collection Set: 9.19ms
[46.312s][info][gc,phases   ] GC(61)   Post Evacuate Collection Set: 0.37ms
[46.312s][info][gc,phases   ] GC(61)   Other: 0.07ms
[46.312s][info][gc,heap     ] GC(61) Eden regions: 142->0(146)
[46.312s][info][gc,heap     ] GC(61) Survivor regions: 11->7(20)
[46.312s][info][gc,heap     ] GC(61) Old regions: 47->48
[46.312s][info][gc,heap     ] GC(61) Humongous regions: 6->2
[46.312s][info][gc,metaspace] GC(61) Metaspace: 34375K(34752K)->34375K(34752K) NonClass: 30769K(30976K)->30769K(30976K) Class: 3606K(3776K)->3606K(3776K)
[46.312s][info][gc          ] GC(61) Pause Young (Normal) (G1 Evacuation Pause) 205M->55M(256M) 10.042ms
[46.312s][info][gc,cpu      ] GC(61) User=0.02s Sys=0.00s Real=0.01s
[46.491s][info][gc,start    ] GC(62) Pause Young (Concurrent Start) (G1 Humongous Allocation)
[46.491s][info][gc,task     ] GC(62) Using 2 workers of 2 for evacuation
[46.495s][info][gc,phases   ] GC(62)   Pre Evacuate Collection Set: 0.14ms
[46.495s][info][gc,phases   ] GC(62)   Merge Heap Roots: 0.04ms
[46.496s][info][gc,phases   ] GC(62)   Evacuate Collection Set: 4.14ms
[46.496s][info][gc,phases   ] GC(62)   Post Evacuate Collection Set: 0.26ms
[46.496s][info][gc,phases   ] GC(62)   Other: 0.09ms
[46.496s][info][gc,heap     ] GC(62) Eden regions: 18->0(150)
[46.496s][info][gc,heap     ] GC(62) Survivor regions: 7->3(20)
[46.496s][info][gc,heap     ] GC(62) Old regions: 48->48
[46.496s][info][gc,heap     ] GC(62) Humongous regions: 2->0
[46.496s][info][gc,metaspace] GC(62) Metaspace: 34384K(34752K)->34384K(34752K) NonClass: 30778K(30976K)->30778K(30976K) Class: 3606K(3776K)->3606K(3776K)
[46.496s][info][gc          ] GC(62) Pause Young (Concurrent Start) (G1 Humongous Allocation) 73M->49M(256M) 4.819ms
[46.496s][info][gc,cpu      ] GC(62) User=0.01s Sys=0.00s Real=0.01s
[46.496s][info][gc          ] GC(63) Concurrent Mark Cycle
[46.496s][info][gc,marking  ] GC(63) Concurrent Scan Root Regions
[46.502s][info][gc,marking  ] GC(63) Concurrent Scan Root Regions 6.528ms
[46.502s][info][gc,marking  ] GC(63) Concurrent Mark
[46.502s][info][gc,marking  ] GC(63) Concurrent Mark From Roots
[46.502s][info][gc,task     ] GC(63) Using 1 workers of 1 for marking
[46.622s][info][gc,marking  ] GC(63) Concurrent Mark From Roots 119.421ms
[46.622s][info][gc,marking  ] GC(63) Concurrent Preclean
[46.622s][info][gc,marking  ] GC(63) Concurrent Preclean 0.037ms
[46.622s][info][gc,start    ] GC(63) Pause Remark
[46.633s][info][gc          ] GC(63) Pause Remark 78M->78M(256M) 11.485ms
[46.633s][info][gc,cpu      ] GC(63) User=0.02s Sys=0.00s Real=0.01s
[46.635s][info][gc,marking  ] GC(63) Concurrent Mark 132.936ms
[46.635s][info][gc,marking  ] GC(63) Concurrent Rebuild Remembered Sets and Scrub Regions
[46.682s][info][gc,marking  ] GC(63) Concurrent Rebuild Remembered Sets and Scrub Regions 46.507ms
[46.682s][info][gc,start    ] GC(63) Pause Cleanup
[46.682s][info][gc          ] GC(63) Pause Cleanup 88M->88M(256M) 0.059ms
[46.682s][info][gc,cpu      ] GC(63) User=0.00s Sys=0.00s Real=0.00s
[46.682s][info][gc,marking  ] GC(63) Concurrent Clear Claimed Marks
[46.682s][info][gc,marking  ] GC(63) Concurrent Clear Claimed Marks 0.044ms
[46.682s][info][gc,marking  ] GC(63) Concurrent Cleanup for Next Mark
[46.683s][info][gc,marking  ] GC(63) Concurrent Cleanup for Next Mark 0.789ms
[46.683s][info][gc          ] GC(63) Concurrent Mark Cycle 187.205ms
[47.069s][info][gc,start    ] GC(64) Pause Young (Prepare Mixed) (G1 Evacuation Pause)
[47.069s][info][gc,task     ] GC(64) Using 2 workers of 2 for evacuation
[47.104s][info][gc,phases   ] GC(64)   Pre Evacuate Collection Set: 0.19ms
[47.104s][info][gc,phases   ] GC(64)   Merge Heap Roots: 0.14ms
[47.104s][info][gc,phases   ] GC(64)   Evacuate Collection Set: 33.97ms
[47.104s][info][gc,phases   ] GC(64)   Post Evacuate Collection Set: 0.45ms
[47.104s][info][gc,phases   ] GC(64)   Other: 0.07ms
[47.104s][info][gc,heap     ] GC(64) Eden regions: 150->0(120)
[47.104s][info][gc,heap     ] GC(64) Survivor regions: 3->20(20)
[47.104s][info][gc,heap     ] GC(64) Old regions: 48->64
[47.104s][info][gc,heap     ] GC(64) Humongous regions: 4->2
[47.104s][info][gc,metaspace] GC(64) Metaspace: 34391K(34752K)->34391K(34752K) NonClass: 30784K(30976K)->30784K(30976K) Class: 3607K(3776K)->3607K(3776K)
[47.104s][info][gc          ] GC(64) Pause Young (Prepare Mixed) (G1 Evacuation Pause) 203M->84M(256M) 35.002ms
[47.104s][info][gc,cpu      ] GC(64) User=0.07s Sys=0.00s Real=0.04s
[48.045s][info][gc,start    ] GC(65) Pause Young (Mixed) (G1 Evacuation Pause)
[48.045s][info][gc,task     ] GC(65) Using 2 workers of 2 for evacuation
[48.118s][info][gc,phases   ] GC(65)   Pre Evacuate Collection Set: 0.57ms
[48.118s][info][gc,phases   ] GC(65)   Merge Heap Roots: 0.91ms
[48.118s][info][gc,phases   ] GC(65)   Evacuate Collection Set: 70.62ms
[48.118s][info][gc,phases   ] GC(65)   Post Evacuate Collection Set: 0.43ms
[48.118s][info][gc,phases   ] GC(65)   Other: 0.09ms
[48.118s][info][gc,heap     ] GC(65) Eden regions: 120->0(105)
[48.118s][info][gc,heap     ] GC(65) Survivor regions: 20->18(18)
[48.118s][info][gc,heap     ] GC(65) Old regions: 64->82
[48.118s][info][gc,heap     ] GC(65) Humongous regions: 2->2
[48.118s][info][gc,metaspace] GC(65) Metaspace: 34395K(34816K)->34395K(34816K) NonClass: 30788K(31040K)->30788K(31040K) Class: 3607K(3776K)->3607K(3776K)
[48.118s][info][gc          ] GC(65) Pause Young (Mixed) (G1 Evacuation Pause) 204M->101M(256M) 72.803ms
[48.118s][info][gc,cpu      ] GC(65) User=0.10s Sys=0.00s Real=0.07s
[48.909s][info][gc,start    ] GC(66) Pause Young (Concurrent Start) (G1 Evacuation Pause)
[48.909s][info][gc,task     ] GC(66) Using 2 workers of 2 for evacuation
[48.968s][info][gc,phases   ] GC(66)   Pre Evacuate Collection Set: 0.16ms
[48.968s][info][gc,phases   ] GC(66)   Merge Heap Roots: 0.27ms
[48.968s][info][gc,phases   ] GC(66)   Evacuate Collection Set: 56.97ms
[48.968s][info][gc,phases   ] GC(66)   Post Evacuate Collection Set: 0.86ms
[48.968s][info][gc,phases   ] GC(66)   Other: 0.13ms
[48.968s][info][gc,heap     ] GC(66) Eden regions: 105->0(118)
[48.968s][info][gc,heap     ] GC(66) Survivor regions: 18->16(16)
[48.968s][info][gc,heap     ] GC(66) Old regions: 82->113
[48.968s][info][gc,heap     ] GC(66) Humongous regions: 2->2
[48.968s][info][gc,metaspace] GC(66) Metaspace: 34395K(34816K)->34395K(34816K) NonClass: 30788K(31040K)->30788K(31040K) Class: 3607K(3776K)->3607K(3776K)
[48.968s][info][gc          ] GC(66) Pause Young (Concurrent Start) (G1 Evacuation Pause) 206M->129M(314M) 58.578ms
[48.968s][info][gc          ] GC(67) Concurrent Mark Cycle
[48.968s][info][gc,marking  ] GC(67) Concurrent Scan Root Regions
[48.970s][info][gc,cpu      ] GC(66) User=0.12s Sys=0.00s Real=0.06s
[49.075s][info][gc,marking  ] GC(67) Concurrent Scan Root Regions 107.252ms
[49.075s][info][gc,marking  ] GC(67) Concurrent Mark
[49.075s][info][gc,marking  ] GC(67) Concurrent Mark From Roots
[49.075s][info][gc,task     ] GC(67) Using 1 workers of 1 for marking
[49.380s][info][gc,marking  ] GC(67) Concurrent Mark From Roots 304.338ms
[49.380s][info][gc,marking  ] GC(67) Concurrent Preclean
[49.380s][info][gc,marking  ] GC(67) Concurrent Preclean 0.045ms
[49.380s][info][gc,start    ] GC(67) Pause Remark
[49.396s][info][gc          ] GC(67) Pause Remark 159M->159M(314M) 16.556ms
[49.396s][info][gc,cpu      ] GC(67) User=0.04s Sys=0.00s Real=0.02s
[49.396s][info][gc,marking  ] GC(67) Concurrent Mark 321.195ms
[49.396s][info][gc,marking  ] GC(67) Concurrent Rebuild Remembered Sets and Scrub Regions
[49.547s][info][gc,marking  ] GC(67) Concurrent Rebuild Remembered Sets and Scrub Regions 150.492ms
[49.552s][info][gc,start    ] GC(67) Pause Cleanup
[49.552s][info][gc          ] GC(67) Pause Cleanup 175M->175M(314M) 0.073ms
[49.552s][info][gc,cpu      ] GC(67) User=0.00s Sys=0.00s Real=0.00s
[49.555s][info][gc,marking  ] GC(67) Concurrent Clear Claimed Marks
[49.555s][info][gc,marking  ] GC(67) Concurrent Clear Claimed Marks 0.052ms
[49.555s][info][gc,marking  ] GC(67) Concurrent Cleanup for Next Mark
[49.557s][info][gc,marking  ] GC(67) Concurrent Cleanup for Next Mark 1.577ms
[49.557s][info][gc          ] GC(67) Concurrent Mark Cycle 588.944ms
[50.037s][info][gc,start    ] GC(68) Pause Young (Prepare Mixed) (G1 Evacuation Pause)
[50.037s][info][gc,task     ] GC(68) Using 2 workers of 2 for evacuation
[50.096s][info][gc,phases   ] GC(68)   Pre Evacuate Collection Set: 0.19ms
[50.096s][info][gc,phases   ] GC(68)   Merge Heap Roots: 0.66ms
[50.096s][info][gc,phases   ] GC(68)   Evacuate Collection Set: 57.68ms
[50.096s][info][gc,phases   ] GC(68)   Post Evacuate Collection Set: 0.42ms
[50.096s][info][gc,phases   ] GC(68)   Other: 0.08ms
[50.096s][info][gc,heap     ] GC(68) Eden regions: 118->0(94)
[50.096s][info][gc,heap     ] GC(68) Survivor regions: 16->17(17)
[50.096s][info][gc,heap     ] GC(68) Old regions: 113->143
[50.096s][info][gc,heap     ] GC(68) Humongous regions: 4->2
[50.096s][info][gc,metaspace] GC(68) Metaspace: 34403K(34816K)->34403K(34816K) NonClass: 30796K(31040K)->30796K(31040K) Class: 3607K(3776K)->3607K(3776K)
[50.096s][info][gc          ] GC(68) Pause Young (Prepare Mixed) (G1 Evacuation Pause) 249M->160M(314M) 59.206ms
[50.096s][info][gc,cpu      ] GC(68) User=0.12s Sys=0.00s Real=0.06s
[50.945s][info][gc,start    ] GC(69) Pause Young (Mixed) (G1 Evacuation Pause)
[50.945s][info][gc,task     ] GC(69) Using 2 workers of 2 for evacuation
[50.975s][info][gc,phases   ] GC(69)   Pre Evacuate Collection Set: 0.18ms
[50.975s][info][gc,phases   ] GC(69)   Merge Heap Roots: 0.19ms
[50.975s][info][gc,phases   ] GC(69)   Evacuate Collection Set: 29.19ms
[50.975s][info][gc,phases   ] GC(69)   Post Evacuate Collection Set: 0.41ms
[50.975s][info][gc,phases   ] GC(69)   Other: 0.13ms
[50.975s][info][gc,heap     ] GC(69) Eden regions: 94->0(96)
[50.975s][info][gc,heap     ] GC(69) Survivor regions: 17->11(14)
[50.975s][info][gc,heap     ] GC(69) Old regions: 143->152
[50.975s][info][gc,heap     ] GC(69) Humongous regions: 6->2
[50.975s][info][gc,metaspace] GC(69) Metaspace: 34407K(34816K)->34407K(34816K) NonClass: 30800K(31040K)->30800K(31040K) Class: 3607K(3776K)->3607K(3776K)
[50.975s][info][gc          ] GC(69) Pause Young (Mixed) (G1 Evacuation Pause) 258M->163M(314M) 30.299ms
[50.975s][info][gc,cpu      ] GC(69) User=0.06s Sys=0.00s Real=0.03s
[51.346s][info][gc,start    ] GC(70) Pause Young (Concurrent Start) (G1 Humongous Allocation)
[51.346s][info][gc,task     ] GC(70) Using 2 workers of 2 for evacuation
[51.365s][info][gc,phases   ] GC(70)   Pre Evacuate Collection Set: 0.93ms
[51.365s][info][gc,phases   ] GC(70)   Merge Heap Roots: 0.09ms
[51.365s][info][gc,phases   ] GC(70)   Evacuate Collection Set: 16.79ms
[51.365s][info][gc,phases   ] GC(70)   Post Evacuate Collection Set: 0.42ms
[51.365s][info][gc,phases   ] GC(70)   Other: 0.16ms
[51.365s][info][gc,heap     ] GC(70) Eden regions: 79->0(106)
[51.365s][info][gc,heap     ] GC(70) Survivor regions: 11->1(14)
[51.365s][info][gc,heap     ] GC(70) Old regions: 152->160
[51.365s][info][gc,heap     ] GC(70) Humongous regions: 2->0
[51.365s][info][gc,metaspace] GC(70) Metaspace: 34409K(34816K)->34409K(34816K) NonClass: 30802K(31040K)->30802K(31040K) Class: 3607K(3776K)->3607K(3776K)
[51.365s][info][gc          ] GC(70) Pause Young (Concurrent Start) (G1 Humongous Allocation) 242M->159M(314M) 18.575ms
[51.365s][info][gc          ] GC(71) Concurrent Mark Cycle
[51.365s][info][gc,marking  ] GC(71) Concurrent Scan Root Regions
[51.365s][info][gc,cpu      ] GC(70) User=0.04s Sys=0.00s Real=0.02s
[51.384s][info][gc,marking  ] GC(71) Concurrent Scan Root Regions 18.830ms
[51.384s][info][gc,marking  ] GC(71) Concurrent Mark
[51.384s][info][gc,marking  ] GC(71) Concurrent Mark From Roots
[51.384s][info][gc,task     ] GC(71) Using 1 workers of 1 for marking
[51.515s][info][gc,marking  ] GC(71) Concurrent Mark From Roots 131.150ms
[51.515s][info][gc,marking  ] GC(71) Concurrent Preclean
[51.515s][info][gc,marking  ] GC(71) Concurrent Preclean 0.039ms
[51.515s][info][gc,start    ] GC(71) Pause Remark
[51.529s][info][gc          ] GC(71) Pause Remark 170M->138M(314M) 13.547ms
[51.529s][info][gc,cpu      ] GC(71) User=0.02s Sys=0.00s Real=0.01s
[51.533s][info][gc,marking  ] GC(71) Concurrent Mark 149.373ms
[51.533s][info][gc,marking  ] GC(71) Concurrent Rebuild Remembered Sets and Scrub Regions
[51.570s][info][gc,marking  ] GC(71) Concurrent Rebuild Remembered Sets and Scrub Regions 37.266ms
[51.571s][info][gc,start    ] GC(71) Pause Cleanup
[51.571s][info][gc          ] GC(71) Pause Cleanup 141M->141M(314M) 0.095ms
[51.571s][info][gc,cpu      ] GC(71) User=0.00s Sys=0.00s Real=0.00s
[51.571s][info][gc,marking  ] GC(71) Concurrent Clear Claimed Marks
[51.571s][info][gc,marking  ] GC(71) Concurrent Clear Claimed Marks 0.044ms
[51.571s][info][gc,marking  ] GC(71) Concurrent Cleanup for Next Mark
[51.572s][info][gc,marking  ] GC(71) Concurrent Cleanup for Next Mark 0.955ms
[51.572s][info][gc          ] GC(71) Concurrent Mark Cycle 206.906ms
[52.117s][info][gc,start    ] GC(72) Pause Young (Prepare Mixed) (G1 Evacuation Pause)
[52.118s][info][gc,task     ] GC(72) Using 2 workers of 2 for evacuation
[52.136s][info][gc,phases   ] GC(72)   Pre Evacuate Collection Set: 0.31ms
[52.136s][info][gc,phases   ] GC(72)   Merge Heap Roots: 0.08ms
[52.136s][info][gc,phases   ] GC(72)   Evacuate Collection Set: 17.37ms
[52.136s][info][gc,phases   ] GC(72)   Post Evacuate Collection Set: 0.58ms
[52.136s][info][gc,phases   ] GC(72)   Other: 0.07ms
[52.136s][info][gc,heap     ] GC(72) Eden regions: 106->0(127)
[52.136s][info][gc,heap     ] GC(72) Survivor regions: 1->9(14)
[52.136s][info][gc,heap     ] GC(72) Old regions: 128->128
[52.136s][info][gc,heap     ] GC(72) Humongous regions: 8->2
[52.136s][info][gc,metaspace] GC(72) Metaspace: 34989K(35328K)->34989K(35328K) NonClass: 31299K(31488K)->31299K(31488K) Class: 3690K(3840K)->3690K(3840K)
[52.136s][info][gc          ] GC(72) Pause Young (Prepare Mixed) (G1 Evacuation Pause) 241M->137M(314M) 18.637ms
[52.136s][info][gc,cpu      ] GC(72) User=0.03s Sys=0.00s Real=0.02s
[52.995s][info][gc,start    ] GC(73) Pause Young (Mixed) (G1 Evacuation Pause)
[52.995s][info][gc,task     ] GC(73) Using 2 workers of 2 for evacuation
[53.017s][info][gc,phases   ] GC(73)   Pre Evacuate Collection Set: 0.21ms
[53.017s][info][gc,phases   ] GC(73)   Merge Heap Roots: 0.09ms
[53.017s][info][gc,phases   ] GC(73)   Evacuate Collection Set: 20.73ms
[53.017s][info][gc,phases   ] GC(73)   Post Evacuate Collection Set: 0.48ms
[53.017s][info][gc,phases   ] GC(73)   Other: 0.11ms
[53.017s][info][gc,heap     ] GC(73) Eden regions: 127->0(131)
[53.017s][info][gc,heap     ] GC(73) Survivor regions: 9->17(17)
[53.017s][info][gc,heap     ] GC(73) Old regions: 128->106
[53.017s][info][gc,heap     ] GC(73) Humongous regions: 4->3
[53.017s][info][gc,metaspace] GC(73) Metaspace: 35292K(35712K)->35292K(35712K) NonClass: 31600K(31872K)->31600K(31872K) Class: 3692K(3840K)->3692K(3840K)
[53.017s][info][gc          ] GC(73) Pause Young (Mixed) (G1 Evacuation Pause) 266M->124M(314M) 21.814ms
[53.017s][info][gc,cpu      ] GC(73) User=0.04s Sys=0.00s Real=0.02s
[53.619s][info][gc,start    ] GC(74) Pause Young (Mixed) (G1 Evacuation Pause)
[53.619s][info][gc,task     ] GC(74) Using 2 workers of 2 for evacuation
[53.643s][info][gc,phases   ] GC(74)   Pre Evacuate Collection Set: 0.21ms
[53.643s][info][gc,phases   ] GC(74)   Merge Heap Roots: 0.36ms
[53.643s][info][gc,phases   ] GC(74)   Evacuate Collection Set: 22.90ms
[53.643s][info][gc,phases   ] GC(74)   Post Evacuate Collection Set: 0.42ms
[53.643s][info][gc,phases   ] GC(74)   Other: 0.08ms
[53.643s][info][gc,heap     ] GC(74) Eden regions: 131->0(150)
[53.643s][info][gc,heap     ] GC(74) Survivor regions: 17->12(19)
[53.643s][info][gc,heap     ] GC(74) Old regions: 106->91
[53.643s][info][gc,heap     ] GC(74) Humongous regions: 3->3
[53.643s][info][gc,metaspace] GC(74) Metaspace: 35375K(35776K)->35375K(35776K) NonClass: 31683K(31936K)->31683K(31936K) Class: 3692K(3840K)->3692K(3840K)
[53.643s][info][gc          ] GC(74) Pause Young (Mixed) (G1 Evacuation Pause) 255M->104M(314M) 24.180ms
[53.644s][info][gc,cpu      ] GC(74) User=0.05s Sys=0.00s Real=0.03s
[54.373s][info][gc,start    ] GC(75) Pause Young (Normal) (G1 Evacuation Pause)
[54.373s][info][gc,task     ] GC(75) Using 2 workers of 2 for evacuation
[54.382s][info][gc,phases   ] GC(75)   Pre Evacuate Collection Set: 0.20ms
[54.382s][info][gc,phases   ] GC(75)   Merge Heap Roots: 0.09ms
[54.382s][info][gc,phases   ] GC(75)   Evacuate Collection Set: 7.68ms
[54.382s][info][gc,phases   ] GC(75)   Post Evacuate Collection Set: 0.38ms
[54.382s][info][gc,phases   ] GC(75)   Other: 0.10ms
[54.382s][info][gc,heap     ] GC(75) Eden regions: 150->0(163)
[54.382s][info][gc,heap     ] GC(75) Survivor regions: 12->3(21)
[54.382s][info][gc,heap     ] GC(75) Old regions: 91->96
[54.382s][info][gc,heap     ] GC(75) Humongous regions: 5->3
[54.382s][info][gc,metaspace] GC(75) Metaspace: 35441K(35840K)->35441K(35840K) NonClass: 31749K(32000K)->31749K(32000K) Class: 3692K(3840K)->3692K(3840K)
[54.382s][info][gc          ] GC(75) Pause Young (Normal) (G1 Evacuation Pause) 256M->101M(314M) 8.639ms
[54.382s][info][gc,cpu      ] GC(75) User=0.02s Sys=0.00s Real=0.01s
[55.005s][info][gc,start    ] GC(76) Pause Young (Normal) (G1 Evacuation Pause)
[55.005s][info][gc,task     ] GC(76) Using 2 workers of 2 for evacuation
[55.042s][info][gc,phases   ] GC(76)   Pre Evacuate Collection Set: 0.38ms
[55.042s][info][gc,phases   ] GC(76)   Merge Heap Roots: 0.13ms
[55.042s][info][gc,phases   ] GC(76)   Evacuate Collection Set: 35.99ms
[55.042s][info][gc,phases   ] GC(76)   Post Evacuate Collection Set: 0.44ms
[55.042s][info][gc,phases   ] GC(76)   Other: 0.07ms
[55.042s][info][gc,heap     ] GC(76) Eden regions: 163->0(92)
[55.042s][info][gc,heap     ] GC(76) Survivor regions: 3->21(21)
[55.042s][info][gc,heap     ] GC(76) Old regions: 96->129
[55.042s][info][gc,heap     ] GC(76) Humongous regions: 3->3
[55.042s][info][gc,metaspace] GC(76) Metaspace: 35449K(35840K)->35449K(35840K) NonClass: 31757K(32000K)->31757K(32000K) Class: 3692K(3840K)->3692K(3840K)
[55.042s][info][gc          ] GC(76) Pause Young (Normal) (G1 Evacuation Pause) 264M->151M(319M) 37.233ms
[55.042s][info][gc,cpu      ] GC(76) User=0.06s Sys=0.01s Real=0.04s
[55.449s][info][gc,start    ] GC(77) Pause Young (Concurrent Start) (G1 Evacuation Pause)
[55.449s][info][gc,task     ] GC(77) Using 2 workers of 2 for evacuation
[55.499s][info][gc,phases   ] GC(77)   Pre Evacuate Collection Set: 0.96ms
[55.499s][info][gc,phases   ] GC(77)   Merge Heap Roots: 0.24ms
[55.499s][info][gc,phases   ] GC(77)   Evacuate Collection Set: 47.88ms
[55.499s][info][gc,phases   ] GC(77)   Post Evacuate Collection Set: 0.41ms
[55.499s][info][gc,phases   ] GC(77)   Other: 0.11ms
[55.499s][info][gc,heap     ] GC(77) Eden regions: 92->0(56)
[55.499s][info][gc,heap     ] GC(77) Survivor regions: 21->15(15)
[55.499s][info][gc,heap     ] GC(77) Old regions: 129->177
[55.499s][info][gc,heap     ] GC(77) Humongous regions: 4->4
[55.499s][info][gc,metaspace] GC(77) Metaspace: 35453K(35840K)->35453K(35840K) NonClass: 31761K(32000K)->31761K(32000K) Class: 3692K(3840K)->3692K(3840K)
[55.499s][info][gc          ] GC(77) Pause Young (Concurrent Start) (G1 Evacuation Pause) 244M->194M(319M) 49.804ms
[55.499s][info][gc,cpu      ] GC(77) User=0.10s Sys=0.00s Real=0.05s
[55.499s][info][gc          ] GC(78) Concurrent Mark Cycle
[55.503s][info][gc,marking  ] GC(78) Concurrent Scan Root Regions
[55.559s][info][gc,marking  ] GC(78) Concurrent Scan Root Regions 55.758ms
[55.559s][info][gc,marking  ] GC(78) Concurrent Mark
[55.559s][info][gc,marking  ] GC(78) Concurrent Mark From Roots
[55.559s][info][gc,task     ] GC(78) Using 1 workers of 1 for marking
[55.684s][info][gc,marking  ] GC(78) Concurrent Mark From Roots 124.512ms
[55.684s][info][gc,marking  ] GC(78) Concurrent Preclean
[55.684s][info][gc,marking  ] GC(78) Concurrent Preclean 0.060ms
[55.684s][info][gc,start    ] GC(78) Pause Remark
[55.701s][info][gc          ] GC(78) Pause Remark 212M->197M(319M) 16.935ms
[55.701s][info][gc,cpu      ] GC(78) User=0.04s Sys=0.00s Real=0.01s
[55.701s][info][gc,marking  ] GC(78) Concurrent Mark 141.810ms
[55.701s][info][gc,marking  ] GC(78) Concurrent Rebuild Remembered Sets and Scrub Regions
[55.831s][info][gc,marking  ] GC(78) Concurrent Rebuild Remembered Sets and Scrub Regions 130.067ms
[55.831s][info][gc,start    ] GC(78) Pause Cleanup
[55.831s][info][gc          ] GC(78) Pause Cleanup 225M->225M(319M) 0.086ms
[55.831s][info][gc,cpu      ] GC(78) User=0.00s Sys=0.00s Real=0.01s
[55.831s][info][gc,marking  ] GC(78) Concurrent Clear Claimed Marks
[55.831s][info][gc,marking  ] GC(78) Concurrent Clear Claimed Marks 0.039ms
[55.831s][info][gc,marking  ] GC(78) Concurrent Cleanup for Next Mark
[55.832s][info][gc,marking  ] GC(78) Concurrent Cleanup for Next Mark 0.948ms
[55.832s][info][gc          ] GC(78) Concurrent Mark Cycle 333.449ms
[55.871s][info][gc,start    ] GC(79) Pause Young (Prepare Mixed) (G1 Evacuation Pause)
[55.871s][info][gc,task     ] GC(79) Using 2 workers of 2 for evacuation
[55.908s][info][gc,phases   ] GC(79)   Pre Evacuate Collection Set: 0.19ms
[55.908s][info][gc,phases   ] GC(79)   Merge Heap Roots: 0.36ms
[55.908s][info][gc,phases   ] GC(79)   Evacuate Collection Set: 36.22ms
[55.908s][info][gc,phases   ] GC(79)   Post Evacuate Collection Set: 0.34ms
[55.908s][info][gc,phases   ] GC(79)   Other: 0.11ms
[55.908s][info][gc,heap     ] GC(79) Eden regions: 56->0(47)
[55.908s][info][gc,heap     ] GC(79) Survivor regions: 15->9(9)
[55.908s][info][gc,heap     ] GC(79) Old regions: 163->200
[55.908s][info][gc,heap     ] GC(79) Humongous regions: 3->3
[55.908s][info][gc,metaspace] GC(79) Metaspace: 35454K(35840K)->35454K(35840K) NonClass: 31762K(32000K)->31762K(32000K) Class: 3692K(3840K)->3692K(3840K)
[55.908s][info][gc          ] GC(79) Pause Young (Prepare Mixed) (G1 Evacuation Pause) 235M->210M(319M) 37.413ms
[55.908s][info][gc,cpu      ] GC(79) User=0.07s Sys=0.00s Real=0.04s
[56.091s][info][gc,start    ] GC(80) Pause Young (Mixed) (G1 Evacuation Pause)
[56.092s][info][gc,task     ] GC(80) Using 2 workers of 2 for evacuation
[56.128s][info][gc,phases   ] GC(80)   Pre Evacuate Collection Set: 0.19ms
[56.128s][info][gc,phases   ] GC(80)   Merge Heap Roots: 0.38ms
[56.128s][info][gc,phases   ] GC(80)   Evacuate Collection Set: 35.44ms
[56.128s][info][gc,phases   ] GC(80)   Post Evacuate Collection Set: 0.37ms
[56.128s][info][gc,phases   ] GC(80)   Other: 0.09ms
[56.128s][info][gc,heap     ] GC(80) Eden regions: 47->0(50)
[56.128s][info][gc,heap     ] GC(80) Survivor regions: 9->7(7)
[56.128s][info][gc,heap     ] GC(80) Old regions: 200->195
[56.128s][info][gc,heap     ] GC(80) Humongous regions: 3->3
[56.128s][info][gc,metaspace] GC(80) Metaspace: 35454K(35840K)->35454K(35840K) NonClass: 31762K(32000K)->31762K(32000K) Class: 3692K(3840K)->3692K(3840K)
[56.128s][info][gc          ] GC(80) Pause Young (Mixed) (G1 Evacuation Pause) 257M->203M(319M) 36.692ms
[56.128s][info][gc,cpu      ] GC(80) User=0.08s Sys=0.00s Real=0.03s
[56.321s][info][gc,start    ] GC(81) Pause Young (Mixed) (G1 Evacuation Pause)
[56.321s][info][gc,task     ] GC(81) Using 2 workers of 2 for evacuation
[56.363s][info][gc,phases   ] GC(81)   Pre Evacuate Collection Set: 0.20ms
[56.363s][info][gc,phases   ] GC(81)   Merge Heap Roots: 0.48ms
[56.363s][info][gc,phases   ] GC(81)   Evacuate Collection Set: 40.62ms
[56.363s][info][gc,phases   ] GC(81)   Post Evacuate Collection Set: 0.61ms
[56.363s][info][gc,phases   ] GC(81)   Other: 0.08ms
[56.363s][info][gc,heap     ] GC(81) Eden regions: 50->0(56)
[56.363s][info][gc,heap     ] GC(81) Survivor regions: 7->8(8)
[56.363s][info][gc,heap     ] GC(81) Old regions: 195->206
[56.363s][info][gc,heap     ] GC(81) Humongous regions: 3->3
[56.363s][info][gc,metaspace] GC(81) Metaspace: 35454K(35840K)->35454K(35840K) NonClass: 31762K(32000K)->31762K(32000K) Class: 3692K(3840K)->3692K(3840K)
[56.363s][info][gc          ] GC(81) Pause Young (Mixed) (G1 Evacuation Pause) 253M->216M(346M) 42.187ms
[56.363s][info][gc,cpu      ] GC(81) User=0.09s Sys=0.00s Real=0.05s
[56.591s][info][gc,start    ] GC(82) Pause Young (Concurrent Start) (G1 Evacuation Pause)
[56.591s][info][gc,task     ] GC(82) Using 2 workers of 2 for evacuation
[56.623s][info][gc,phases   ] GC(82)   Pre Evacuate Collection Set: 0.18ms
[56.623s][info][gc,phases   ] GC(82)   Merge Heap Roots: 0.08ms
[56.623s][info][gc,phases   ] GC(82)   Evacuate Collection Set: 31.27ms
[56.623s][info][gc,phases   ] GC(82)   Post Evacuate Collection Set: 0.35ms
[56.623s][info][gc,phases   ] GC(82)   Other: 0.14ms
[56.623s][info][gc,heap     ] GC(82) Eden regions: 56->0(35)
[56.623s][info][gc,heap     ] GC(82) Survivor regions: 8->8(8)
[56.623s][info][gc,heap     ] GC(82) Old regions: 206->246
[56.623s][info][gc,heap     ] GC(82) Humongous regions: 3->3
[56.623s][info][gc,metaspace] GC(82) Metaspace: 35459K(35840K)->35459K(35840K) NonClass: 31767K(32000K)->31767K(32000K) Class: 3692K(3840K)->3692K(3840K)
[56.623s][info][gc          ] GC(82) Pause Young (Concurrent Start) (G1 Evacuation Pause) 272M->256M(346M) 32.211ms
[56.623s][info][gc          ] GC(83) Concurrent Mark Cycle
[56.623s][info][gc,marking  ] GC(83) Concurrent Scan Root Regions
[56.625s][info][gc,cpu      ] GC(82) User=0.07s Sys=0.00s Real=0.04s
[56.654s][info][gc,marking  ] GC(83) Concurrent Scan Root Regions 31.205ms
[56.654s][info][gc,marking  ] GC(83) Concurrent Mark
[56.654s][info][gc,marking  ] GC(83) Concurrent Mark From Roots
[56.654s][info][gc,task     ] GC(83) Using 1 workers of 1 for marking
[56.791s][info][gc,marking  ] GC(83) Concurrent Mark From Roots 137.259ms
[56.791s][info][gc,marking  ] GC(83) Concurrent Preclean
[56.791s][info][gc,marking  ] GC(83) Concurrent Preclean 0.059ms
[56.792s][info][gc,start    ] GC(83) Pause Remark
[56.805s][info][gc          ] GC(83) Pause Remark 288M->225M(346M) 13.268ms
[56.805s][info][gc,cpu      ] GC(83) User=0.03s Sys=0.00s Real=0.01s
[56.806s][info][gc,marking  ] GC(83) Concurrent Mark 152.221ms
[56.806s][info][gc,marking  ] GC(83) Concurrent Rebuild Remembered Sets and Scrub Regions
[56.851s][info][gc,start    ] GC(84) Pause Young (Normal) (G1 Evacuation Pause)
[56.851s][info][gc,task     ] GC(84) Using 2 workers of 2 for evacuation
[56.877s][info][gc,phases   ] GC(84)   Pre Evacuate Collection Set: 0.15ms
[56.877s][info][gc,phases   ] GC(84)   Merge Heap Roots: 0.28ms
[56.877s][info][gc,phases   ] GC(84)   Evacuate Collection Set: 25.46ms
[56.877s][info][gc,phases   ] GC(84)   Post Evacuate Collection Set: 0.31ms
[56.877s][info][gc,phases   ] GC(84)   Other: 0.07ms
[56.877s][info][gc,heap     ] GC(84) Eden regions: 35->0(52)
[56.877s][info][gc,heap     ] GC(84) Survivor regions: 8->6(6)
[56.877s][info][gc,heap     ] GC(84) Old regions: 184->208
[56.877s][info][gc,heap     ] GC(84) Humongous regions: 3->3
[56.877s][info][gc,metaspace] GC(84) Metaspace: 35459K(35840K)->35459K(35840K) NonClass: 31767K(32000K)->31767K(32000K) Class: 3692K(3840K)->3692K(3840K)
[56.877s][info][gc          ] GC(84) Pause Young (Normal) (G1 Evacuation Pause) 229M->216M(346M) 26.450ms
[56.877s][info][gc,cpu      ] GC(84) User=0.05s Sys=0.00s Real=0.03s
[56.964s][info][gc,marking  ] GC(83) Concurrent Rebuild Remembered Sets and Scrub Regions 158.226ms
[56.965s][info][gc,start    ] GC(83) Pause Cleanup
[56.965s][info][gc          ] GC(83) Pause Cleanup 226M->226M(346M) 0.096ms
[56.965s][info][gc,cpu      ] GC(83) User=0.00s Sys=0.00s Real=0.00s
[56.965s][info][gc,marking  ] GC(83) Concurrent Clear Claimed Marks
[56.965s][info][gc,marking  ] GC(83) Concurrent Clear Claimed Marks 0.043ms
[56.965s][info][gc,marking  ] GC(83) Concurrent Cleanup for Next Mark
[56.967s][info][gc,marking  ] GC(83) Concurrent Cleanup for Next Mark 2.317ms
[56.967s][info][gc          ] GC(83) Concurrent Mark Cycle 344.471ms
[57.167s][info][gc,start    ] GC(85) Pause Young (Prepare Mixed) (G1 Evacuation Pause)
[57.167s][info][gc,task     ] GC(85) Using 2 workers of 2 for evacuation
[57.195s][info][gc,phases   ] GC(85)   Pre Evacuate Collection Set: 0.17ms
[57.195s][info][gc,phases   ] GC(85)   Merge Heap Roots: 0.25ms
[57.195s][info][gc,phases   ] GC(85)   Evacuate Collection Set: 27.84ms
[57.195s][info][gc,phases   ] GC(85)   Post Evacuate Collection Set: 0.36ms
[57.195s][info][gc,phases   ] GC(85)   Other: 0.06ms
[57.195s][info][gc,heap     ] GC(85) Eden regions: 52->0(43)
[57.195s][info][gc,heap     ] GC(85) Survivor regions: 6->8(8)
[57.195s][info][gc,heap     ] GC(85) Old regions: 208->231
[57.195s][info][gc,heap     ] GC(85) Humongous regions: 3->3
[57.195s][info][gc,metaspace] GC(85) Metaspace: 35463K(35840K)->35463K(35840K) NonClass: 31771K(32000K)->31771K(32000K) Class: 3692K(3840K)->3692K(3840K)
[57.196s][info][gc          ] GC(85) Pause Young (Prepare Mixed) (G1 Evacuation Pause) 268M->241M(346M) 28.891ms
[57.196s][info][gc,cpu      ] GC(85) User=0.06s Sys=0.00s Real=0.03s
[57.360s][info][gc,start    ] GC(86) Pause Young (Mixed) (G1 Evacuation Pause)
[57.360s][info][gc,task     ] GC(86) Using 2 workers of 2 for evacuation
[57.392s][info][gc,phases   ] GC(86)   Pre Evacuate Collection Set: 0.24ms
[57.392s][info][gc,phases   ] GC(86)   Merge Heap Roots: 0.33ms
[57.392s][info][gc,phases   ] GC(86)   Evacuate Collection Set: 31.49ms
[57.392s][info][gc,phases   ] GC(86)   Post Evacuate Collection Set: 0.39ms
[57.393s][info][gc,phases   ] GC(86)   Other: 0.09ms
[57.393s][info][gc,heap     ] GC(86) Eden regions: 43->0(41)
[57.393s][info][gc,heap     ] GC(86) Survivor regions: 8->7(7)
[57.393s][info][gc,heap     ] GC(86) Old regions: 231->230
[57.393s][info][gc,heap     ] GC(86) Humongous regions: 3->3
[57.393s][info][gc,metaspace] GC(86) Metaspace: 35463K(35840K)->35463K(35840K) NonClass: 31771K(32000K)->31771K(32000K) Class: 3692K(3840K)->3692K(3840K)
[57.393s][info][gc          ] GC(86) Pause Young (Mixed) (G1 Evacuation Pause) 284M->239M(346M) 32.725ms
[57.393s][info][gc,cpu      ] GC(86) User=0.06s Sys=0.00s Real=0.04s
[57.542s][info][gc,start    ] GC(87) Pause Young (Mixed) (G1 Evacuation Pause)
[57.542s][info][gc,task     ] GC(87) Using 2 workers of 2 for evacuation
[57.576s][info][gc,phases   ] GC(87)   Pre Evacuate Collection Set: 0.25ms
[57.576s][info][gc,phases   ] GC(87)   Merge Heap Roots: 0.71ms
[57.576s][info][gc,phases   ] GC(87)   Evacuate Collection Set: 31.95ms
[57.576s][info][gc,phases   ] GC(87)   Post Evacuate Collection Set: 1.37ms
[57.576s][info][gc,phases   ] GC(87)   Other: 0.09ms
[57.576s][info][gc,heap     ] GC(87) Eden regions: 41->0(96)
[57.576s][info][gc,heap     ] GC(87) Survivor regions: 7->6(6)
[57.576s][info][gc,heap     ] GC(87) Old regions: 230->235
[57.576s][info][gc,heap     ] GC(87) Humongous regions: 4->4
[57.576s][info][gc,metaspace] GC(87) Metaspace: 35463K(35840K)->35463K(35840K) NonClass: 31771K(32000K)->31771K(32000K) Class: 3692K(3840K)->3692K(3840K)
[57.576s][info][gc          ] GC(87) Pause Young (Mixed) (G1 Evacuation Pause) 281M->244M(473M) 34.587ms
[57.576s][info][gc,cpu      ] GC(87) User=0.07s Sys=0.00s Real=0.03s
[58.031s][info][gc,start    ] GC(88) Pause Young (Normal) (G1 Evacuation Pause)
[58.031s][info][gc,task     ] GC(88) Using 2 workers of 2 for evacuation
[58.089s][info][gc,phases   ] GC(88)   Pre Evacuate Collection Set: 0.23ms
[58.089s][info][gc,phases   ] GC(88)   Merge Heap Roots: 0.23ms
[58.089s][info][gc,phases   ] GC(88)   Evacuate Collection Set: 56.97ms
[58.089s][info][gc,phases   ] GC(88)   Post Evacuate Collection Set: 0.47ms
[58.089s][info][gc,phases   ] GC(88)   Other: 0.17ms
[58.089s][info][gc,heap     ] GC(88) Eden regions: 96->0(62)
[58.089s][info][gc,heap     ] GC(88) Survivor regions: 6->13(13)
[58.089s][info][gc,heap     ] GC(88) Old regions: 235->293
[58.089s][info][gc,heap     ] GC(88) Humongous regions: 4->4
[58.089s][info][gc,metaspace] GC(88) Metaspace: 35463K(35840K)->35463K(35840K) NonClass: 31771K(32000K)->31771K(32000K) Class: 3692K(3840K)->3692K(3840K)
[58.089s][info][gc          ] GC(88) Pause Young (Normal) (G1 Evacuation Pause) 340M->309M(473M) 58.275ms
[58.089s][info][gc,cpu      ] GC(88) User=0.11s Sys=0.01s Real=0.06s
[58.204s][info][gc,start    ] GC(89) Pause Young (Concurrent Start) (G1 Humongous Allocation)
[58.204s][info][gc,task     ] GC(89) Using 2 workers of 2 for evacuation
[58.238s][info][gc,phases   ] GC(89)   Pre Evacuate Collection Set: 0.28ms
[58.238s][info][gc,phases   ] GC(89)   Merge Heap Roots: 0.35ms
[58.238s][info][gc,phases   ] GC(89)   Evacuate Collection Set: 32.68ms
[58.238s][info][gc,phases   ] GC(89)   Post Evacuate Collection Set: 0.32ms
[58.238s][info][gc,phases   ] GC(89)   Other: 0.10ms
[58.238s][info][gc,heap     ] GC(89) Eden regions: 30->0(55)
[58.238s][info][gc,heap     ] GC(89) Survivor regions: 13->10(10)
[58.238s][info][gc,heap     ] GC(89) Old regions: 293->315
[58.238s][info][gc,heap     ] GC(89) Humongous regions: 4->4
[58.238s][info][gc,metaspace] GC(89) Metaspace: 35463K(35840K)->35463K(35840K) NonClass: 31771K(32000K)->31771K(32000K) Class: 3692K(3840K)->3692K(3840K)
[58.238s][info][gc          ] GC(89) Pause Young (Concurrent Start) (G1 Humongous Allocation) 339M->328M(473M) 33.924ms
[58.238s][info][gc,cpu      ] GC(89) User=0.07s Sys=0.00s Real=0.03s
[58.238s][info][gc          ] GC(90) Concurrent Mark Cycle
[58.238s][info][gc,marking  ] GC(90) Concurrent Scan Root Regions
[58.264s][info][gc,marking  ] GC(90) Concurrent Scan Root Regions 26.192ms
[58.264s][info][gc,marking  ] GC(90) Concurrent Mark
[58.264s][info][gc,marking  ] GC(90) Concurrent Mark From Roots
[58.264s][info][gc,task     ] GC(90) Using 1 workers of 1 for marking
[58.549s][info][gc,marking  ] GC(90) Concurrent Mark From Roots 284.978ms
[58.549s][info][gc,marking  ] GC(90) Concurrent Preclean
[58.549s][info][gc,marking  ] GC(90) Concurrent Preclean 0.072ms
[58.549s][info][gc,start    ] GC(90) Pause Remark
[58.564s][info][gc          ] GC(90) Pause Remark 373M->358M(525M) 14.920ms
[58.564s][info][gc,cpu      ] GC(90) User=0.03s Sys=0.00s Real=0.02s
[58.565s][info][gc,marking  ] GC(90) Concurrent Mark 300.961ms
[58.565s][info][gc,marking  ] GC(90) Concurrent Rebuild Remembered Sets and Scrub Regions
[58.674s][info][gc,start    ] GC(91) Pause Young (Normal) (G1 Evacuation Pause)
[58.674s][info][gc,task     ] GC(91) Using 2 workers of 2 for evacuation
[58.725s][info][gc,phases   ] GC(91)   Pre Evacuate Collection Set: 0.25ms
[58.725s][info][gc,phases   ] GC(91)   Merge Heap Roots: 0.50ms
[58.725s][info][gc,phases   ] GC(91)   Evacuate Collection Set: 49.76ms
[58.725s][info][gc,phases   ] GC(91)   Post Evacuate Collection Set: 0.39ms
[58.725s][info][gc,phases   ] GC(91)   Other: 0.11ms
[58.725s][info][gc,heap     ] GC(91) Eden regions: 55->0(73)
[58.725s][info][gc,heap     ] GC(91) Survivor regions: 10->9(9)
[58.725s][info][gc,heap     ] GC(91) Old regions: 301->329
[58.725s][info][gc,heap     ] GC(91) Humongous regions: 4->4
[58.725s][info][gc,metaspace] GC(91) Metaspace: 35463K(35840K)->35463K(35840K) NonClass: 31771K(32000K)->31771K(32000K) Class: 3692K(3840K)->3692K(3840K)
[58.725s][info][gc          ] GC(91) Pause Young (Normal) (G1 Evacuation Pause) 369M->341M(525M) 51.247ms
[58.725s][info][gc,cpu      ] GC(91) User=0.10s Sys=0.01s Real=0.05s
[58.765s][info][gc,marking  ] GC(90) Concurrent Rebuild Remembered Sets and Scrub Regions 199.318ms
[58.765s][info][gc,start    ] GC(90) Pause Cleanup
[58.765s][info][gc          ] GC(90) Pause Cleanup 351M->351M(525M) 0.139ms
[58.765s][info][gc,cpu      ] GC(90) User=0.00s Sys=0.00s Real=0.00s
[58.766s][info][gc,marking  ] GC(90) Concurrent Clear Claimed Marks
[58.766s][info][gc,marking  ] GC(90) Concurrent Clear Claimed Marks 0.062ms
[58.766s][info][gc,marking  ] GC(90) Concurrent Cleanup for Next Mark
[58.772s][info][gc,marking  ] GC(90) Concurrent Cleanup for Next Mark 5.502ms
[58.772s][info][gc          ] GC(90) Concurrent Mark Cycle 533.983ms
[59.042s][info][gc,start    ] GC(92) Pause Young (Prepare Mixed) (G1 Evacuation Pause)
[59.042s][info][gc,task     ] GC(92) Using 2 workers of 2 for evacuation
[59.086s][info][gc,phases   ] GC(92)   Pre Evacuate Collection Set: 0.24ms
[59.086s][info][gc,phases   ] GC(92)   Merge Heap Roots: 0.31ms
[59.086s][info][gc,phases   ] GC(92)   Evacuate Collection Set: 43.22ms
[59.086s][info][gc,phases   ] GC(92)   Post Evacuate Collection Set: 0.42ms
[59.086s][info][gc,phases   ] GC(92)   Other: 0.08ms
[59.086s][info][gc,heap     ] GC(92) Eden regions: 73->0(61)
[59.086s][info][gc,heap     ] GC(92) Survivor regions: 9->11(11)
[59.086s][info][gc,heap     ] GC(92) Old regions: 329->360
[59.086s][info][gc,heap     ] GC(92) Humongous regions: 5->5
[59.086s][info][gc,metaspace] GC(92) Metaspace: 35464K(35840K)->35464K(35840K) NonClass: 31772K(32000K)->31772K(32000K) Class: 3692K(3840K)->3692K(3840K)
[59.087s][info][gc          ] GC(92) Pause Young (Prepare Mixed) (G1 Evacuation Pause) 415M->375M(525M) 44.501ms
[59.087s][info][gc,cpu      ] GC(92) User=0.06s Sys=0.02s Real=0.04s
[59.322s][info][gc,start    ] GC(93) Pause Young (Mixed) (G1 Evacuation Pause)
[59.323s][info][gc,task     ] GC(93) Using 2 workers of 2 for evacuation
[59.342s][info][gc,phases   ] GC(93)   Pre Evacuate Collection Set: 0.28ms
[59.342s][info][gc,phases   ] GC(93)   Merge Heap Roots: 0.32ms
[59.342s][info][gc,phases   ] GC(93)   Evacuate Collection Set: 18.07ms
[59.342s][info][gc,phases   ] GC(93)   Post Evacuate Collection Set: 0.36ms
[59.342s][info][gc,phases   ] GC(93)   Other: 0.07ms
[59.342s][info][gc,heap     ] GC(93) Eden regions: 61->0(84)
[59.342s][info][gc,heap     ] GC(93) Survivor regions: 11->9(9)
[59.342s][info][gc,heap     ] GC(93) Old regions: 360->319
[59.342s][info][gc,heap     ] GC(93) Humongous regions: 5->5
[59.342s][info][gc,metaspace] GC(93) Metaspace: 35464K(35840K)->35464K(35840K) NonClass: 31772K(32000K)->31772K(32000K) Class: 3692K(3840K)->3692K(3840K)
[59.342s][info][gc          ] GC(93) Pause Young (Mixed) (G1 Evacuation Pause) 436M->331M(525M) 19.294ms
[59.342s][info][gc,cpu      ] GC(93) User=0.04s Sys=0.00s Real=0.02s
[59.669s][info][gc,start    ] GC(94) Pause Young (Mixed) (G1 Evacuation Pause)
[59.669s][info][gc,task     ] GC(94) Using 2 workers of 2 for evacuation
[59.685s][info][gc,phases   ] GC(94)   Pre Evacuate Collection Set: 2.36ms
[59.685s][info][gc,phases   ] GC(94)   Merge Heap Roots: 0.28ms
[59.685s][info][gc,phases   ] GC(94)   Evacuate Collection Set: 13.17ms
[59.685s][info][gc,phases   ] GC(94)   Post Evacuate Collection Set: 0.39ms
[59.685s][info][gc,phases   ] GC(94)   Other: 0.07ms
[59.685s][info][gc,heap     ] GC(94) Eden regions: 84->0(116)
[59.685s][info][gc,heap     ] GC(94) Survivor regions: 9->5(12)
[59.685s][info][gc,heap     ] GC(94) Old regions: 319->269
[59.685s][info][gc,heap     ] GC(94) Humongous regions: 5->5
[59.685s][info][gc,metaspace] GC(94) Metaspace: 35468K(35840K)->35468K(35840K) NonClass: 31775K(32000K)->31775K(32000K) Class: 3692K(3840K)->3692K(3840K)
[59.685s][info][gc          ] GC(94) Pause Young (Mixed) (G1 Evacuation Pause) 415M->277M(525M) 16.513ms
[59.685s][info][gc,cpu      ] GC(94) User=0.03s Sys=0.00s Real=0.02s
[60.115s][info][gc,start    ] GC(95) Pause Young (Mixed) (G1 Evacuation Pause)
[60.115s][info][gc,task     ] GC(95) Using 2 workers of 2 for evacuation
[60.159s][info][gc,phases   ] GC(95)   Pre Evacuate Collection Set: 0.24ms
[60.159s][info][gc,phases   ] GC(95)   Merge Heap Roots: 0.43ms
[60.159s][info][gc,phases   ] GC(95)   Evacuate Collection Set: 43.24ms
[60.159s][info][gc,phases   ] GC(95)   Post Evacuate Collection Set: 0.43ms
[60.159s][info][gc,phases   ] GC(95)   Other: 0.10ms
[60.159s][info][gc,heap     ] GC(95) Eden regions: 116->0(113)
[60.159s][info][gc,heap     ] GC(95) Survivor regions: 5->16(16)
[60.159s][info][gc,heap     ] GC(95) Old regions: 269->264
[60.159s][info][gc,heap     ] GC(95) Humongous regions: 6->6
[60.159s][info][gc,metaspace] GC(95) Metaspace: 35474K(35840K)->35474K(35840K) NonClass: 31779K(32000K)->31779K(32000K) Class: 3695K(3840K)->3695K(3840K)
[60.159s][info][gc          ] GC(95) Pause Young (Mixed) (G1 Evacuation Pause) 394M->285M(525M) 44.660ms
[60.159s][info][gc,cpu      ] GC(95) User=0.09s Sys=0.00s Real=0.04s
[60.647s][info][gc,start    ] GC(96) Pause Young (Normal) (G1 Evacuation Pause)
[60.647s][info][gc,task     ] GC(96) Using 2 workers of 2 for evacuation
[60.691s][info][gc,phases   ] GC(96)   Pre Evacuate Collection Set: 0.28ms
[60.691s][info][gc,phases   ] GC(96)   Merge Heap Roots: 0.25ms
[60.691s][info][gc,phases   ] GC(96)   Evacuate Collection Set: 41.48ms
[60.691s][info][gc,phases   ] GC(96)   Post Evacuate Collection Set: 1.34ms
[60.691s][info][gc,phases   ] GC(96)   Other: 0.09ms
[60.691s][info][gc,heap     ] GC(96) Eden regions: 113->0(138)
[60.691s][info][gc,heap     ] GC(96) Survivor regions: 16->17(17)
[60.691s][info][gc,heap     ] GC(96) Old regions: 264->280
[60.691s][info][gc,heap     ] GC(96) Humongous regions: 6->5
[60.691s][info][gc,metaspace] GC(96) Metaspace: 35478K(35840K)->35478K(35840K) NonClass: 31783K(32000K)->31783K(32000K) Class: 3695K(3840K)->3695K(3840K)
[60.691s][info][gc          ] GC(96) Pause Young (Normal) (G1 Evacuation Pause) 398M->301M(591M) 43.652ms
[60.691s][info][gc,cpu      ] GC(96) User=0.09s Sys=0.00s Real=0.04s
[60.788s][info][gc,start    ] GC(97) Pause Young (Concurrent Start) (G1 Humongous Allocation)
[60.788s][info][gc,task     ] GC(97) Using 2 workers of 2 for evacuation
[60.814s][info][gc,phases   ] GC(97)   Pre Evacuate Collection Set: 0.29ms
[60.814s][info][gc,phases   ] GC(97)   Merge Heap Roots: 0.16ms
[60.814s][info][gc,phases   ] GC(97)   Evacuate Collection Set: 25.34ms
[60.814s][info][gc,phases   ] GC(97)   Post Evacuate Collection Set: 0.33ms
[60.814s][info][gc,phases   ] GC(97)   Other: 0.15ms
[60.814s][info][gc,heap     ] GC(97) Eden regions: 22->0(119)
[60.814s][info][gc,heap     ] GC(97) Survivor regions: 17->13(20)
[60.814s][info][gc,heap     ] GC(97) Old regions: 280->296
[60.814s][info][gc,heap     ] GC(97) Humongous regions: 5->5
[60.814s][info][gc,metaspace] GC(97) Metaspace: 35478K(35840K)->35478K(35840K) NonClass: 31783K(32000K)->31783K(32000K) Class: 3695K(3840K)->3695K(3840K)
[60.814s][info][gc          ] GC(97) Pause Young (Concurrent Start) (G1 Humongous Allocation) 323M->313M(591M) 26.468ms
[60.814s][info][gc          ] GC(98) Concurrent Mark Cycle
[60.814s][info][gc,marking  ] GC(98) Concurrent Scan Root Regions
[60.815s][info][gc,cpu      ] GC(97) User=0.04s Sys=0.01s Real=0.03s
[60.839s][info][gc,marking  ] GC(98) Concurrent Scan Root Regions 24.215ms
[60.839s][info][gc,marking  ] GC(98) Concurrent Mark
[60.839s][info][gc,marking  ] GC(98) Concurrent Mark From Roots
[60.839s][info][gc,task     ] GC(98) Using 1 workers of 1 for marking
[60.971s][info][gc,marking  ] GC(98) Concurrent Mark From Roots 132.072ms
[60.971s][info][gc,marking  ] GC(98) Concurrent Preclean
[60.971s][info][gc,marking  ] GC(98) Concurrent Preclean 0.065ms
[60.973s][info][gc,start    ] GC(98) Pause Remark
[60.989s][info][gc          ] GC(98) Pause Remark 331M->178M(540M) 16.400ms
[60.990s][info][gc,cpu      ] GC(98) User=0.03s Sys=0.00s Real=0.01s
[60.993s][info][gc,marking  ] GC(98) Concurrent Mark 154.465ms
[60.993s][info][gc,marking  ] GC(98) Concurrent Rebuild Remembered Sets and Scrub Regions
[61.074s][info][gc,marking  ] GC(98) Concurrent Rebuild Remembered Sets and Scrub Regions 80.856ms
[61.074s][info][gc,start    ] GC(98) Pause Cleanup
[61.074s][info][gc          ] GC(98) Pause Cleanup 186M->186M(540M) 0.078ms
[61.074s][info][gc,cpu      ] GC(98) User=0.00s Sys=0.00s Real=0.00s
[61.077s][info][gc,marking  ] GC(98) Concurrent Clear Claimed Marks
[61.077s][info][gc,marking  ] GC(98) Concurrent Clear Claimed Marks 0.056ms
[61.077s][info][gc,marking  ] GC(98) Concurrent Cleanup for Next Mark
[61.080s][info][gc,marking  ] GC(98) Concurrent Cleanup for Next Mark 2.923ms
[61.080s][info][gc          ] GC(98) Concurrent Mark Cycle 265.762ms
[61.415s][info][gc,start    ] GC(99) Pause Young (Prepare Mixed) (G1 Evacuation Pause)
[61.415s][info][gc,task     ] GC(99) Using 2 workers of 2 for evacuation
[61.435s][info][gc,phases   ] GC(99)   Pre Evacuate Collection Set: 0.24ms
[61.435s][info][gc,phases   ] GC(99)   Merge Heap Roots: 0.22ms
[61.435s][info][gc,phases   ] GC(99)   Evacuate Collection Set: 19.44ms
[61.435s][info][gc,phases   ] GC(99)   Post Evacuate Collection Set: 0.41ms
[61.435s][info][gc,phases   ] GC(99)   Other: 0.07ms
[61.435s][info][gc,heap     ] GC(99) Eden regions: 119->0(166)
[61.435s][info][gc,heap     ] GC(99) Survivor regions: 13->11(17)
[61.435s][info][gc,heap     ] GC(99) Old regions: 146->158
[61.435s][info][gc,heap     ] GC(99) Humongous regions: 3->3
[61.435s][info][gc,metaspace] GC(99) Metaspace: 35486K(35840K)->35486K(35840K) NonClass: 31791K(32000K)->31791K(32000K) Class: 3695K(3840K)->3695K(3840K)
[61.435s][info][gc          ] GC(99) Pause Young (Prepare Mixed) (G1 Evacuation Pause) 280M->171M(540M) 20.567ms
[61.435s][info][gc,cpu      ] GC(99) User=0.04s Sys=0.00s Real=0.02s
[62.023s][info][gc,start    ] GC(100) Pause Young (Mixed) (G1 Evacuation Pause)
[62.023s][info][gc,task     ] GC(100) Using 2 workers of 2 for evacuation
[62.063s][info][gc,phases   ] GC(100)   Pre Evacuate Collection Set: 0.31ms
[62.063s][info][gc,phases   ] GC(100)   Merge Heap Roots: 0.34ms
[62.063s][info][gc,phases   ] GC(100)   Evacuate Collection Set: 38.69ms
[62.063s][info][gc,phases   ] GC(100)   Post Evacuate Collection Set: 0.53ms
[62.063s][info][gc,phases   ] GC(100)   Other: 0.09ms
[62.063s][info][gc,heap     ] GC(100) Eden regions: 166->0(174)
[62.063s][info][gc,heap     ] GC(100) Survivor regions: 11->23(23)
[62.063s][info][gc,heap     ] GC(100) Old regions: 158->137
[62.063s][info][gc,heap     ] GC(100) Humongous regions: 6->4
[62.063s][info][gc,metaspace] GC(100) Metaspace: 35488K(35840K)->35488K(35840K) NonClass: 31793K(32000K)->31793K(32000K) Class: 3695K(3840K)->3695K(3840K)
[62.063s][info][gc          ] GC(100) Pause Young (Mixed) (G1 Evacuation Pause) 340M->163M(540M) 40.178ms
[62.064s][info][gc,cpu      ] GC(100) User=0.07s Sys=0.00s Real=0.04s
[62.710s][info][gc,start    ] GC(101) Pause Young (Normal) (G1 Evacuation Pause)
[62.710s][info][gc,task     ] GC(101) Using 2 workers of 2 for evacuation
[62.752s][info][gc,phases   ] GC(101)   Pre Evacuate Collection Set: 0.27ms
[62.752s][info][gc,phases   ] GC(101)   Merge Heap Roots: 0.21ms
[62.752s][info][gc,phases   ] GC(101)   Evacuate Collection Set: 41.67ms
[62.752s][info][gc,phases   ] GC(101)   Post Evacuate Collection Set: 0.49ms
[62.752s][info][gc,phases   ] GC(101)   Other: 0.10ms
[62.752s][info][gc,heap     ] GC(101) Eden regions: 174->0(168)
[62.753s][info][gc,heap     ] GC(101) Survivor regions: 23->25(25)
[62.753s][info][gc,heap     ] GC(101) Old regions: 137->169
[62.753s][info][gc,heap     ] GC(101) Humongous regions: 5->4
[62.753s][info][gc,metaspace] GC(101) Metaspace: 35488K(35840K)->35488K(35840K) NonClass: 31793K(32000K)->31793K(32000K) Class: 3695K(3840K)->3695K(3840K)
[62.753s][info][gc          ] GC(101) Pause Young (Normal) (G1 Evacuation Pause) 338M->197M(540M) 42.995ms
[62.753s][info][gc,cpu      ] GC(101) User=0.08s Sys=0.00s Real=0.05s
[63.381s][info][gc,start    ] GC(102) Pause Young (Normal) (G1 Evacuation Pause)
[63.381s][info][gc,task     ] GC(102) Using 2 workers of 2 for evacuation
[63.432s][info][gc,phases   ] GC(102)   Pre Evacuate Collection Set: 0.30ms
[63.432s][info][gc,phases   ] GC(102)   Merge Heap Roots: 0.26ms
[63.432s][info][gc,phases   ] GC(102)   Evacuate Collection Set: 49.89ms
[63.432s][info][gc,phases   ] GC(102)   Post Evacuate Collection Set: 0.48ms
[63.432s][info][gc,phases   ] GC(102)   Other: 0.09ms
[63.432s][info][gc,heap     ] GC(102) Eden regions: 168->0(149)
[63.432s][info][gc,heap     ] GC(102) Survivor regions: 25->25(25)
[63.432s][info][gc,heap     ] GC(102) Old regions: 169->212
[63.432s][info][gc,heap     ] GC(102) Humongous regions: 6->6
[63.432s][info][gc,metaspace] GC(102) Metaspace: 35490K(35840K)->35490K(35840K) NonClass: 31795K(32000K)->31795K(32000K) Class: 3695K(3840K)->3695K(3840K)
[63.432s][info][gc          ] GC(102) Pause Young (Normal) (G1 Evacuation Pause) 367M->242M(540M) 51.222ms
[63.432s][info][gc,cpu      ] GC(102) User=0.10s Sys=0.00s Real=0.06s
[63.487s][info][gc,start    ] GC(103) Pause Young (Concurrent Start) (G1 Humongous Allocation)
[63.487s][info][gc,task     ] GC(103) Using 2 workers of 2 for evacuation
[63.515s][info][gc,phases   ] GC(103)   Pre Evacuate Collection Set: 0.23ms
[63.515s][info][gc,phases   ] GC(103)   Merge Heap Roots: 0.29ms
[63.515s][info][gc,phases   ] GC(103)   Evacuate Collection Set: 27.64ms
[63.515s][info][gc,phases   ] GC(103)   Post Evacuate Collection Set: 0.33ms
[63.515s][info][gc,phases   ] GC(103)   Other: 0.13ms
[63.515s][info][gc,heap     ] GC(103) Eden regions: 15->0(151)
[63.515s][info][gc,heap     ] GC(103) Survivor regions: 25->7(22)
[63.515s][info][gc,heap     ] GC(103) Old regions: 212->236
[63.515s][info][gc,heap     ] GC(103) Humongous regions: 6->4
[63.515s][info][gc,metaspace] GC(103) Metaspace: 35517K(35904K)->35517K(35904K) NonClass: 31817K(32064K)->31817K(32064K) Class: 3699K(3840K)->3699K(3840K)
[63.515s][info][gc          ] GC(103) Pause Young (Concurrent Start) (G1 Humongous Allocation) 257M->246M(540M) 28.817ms
[63.516s][info][gc,cpu      ] GC(103) User=0.06s Sys=0.00s Real=0.03s
[63.516s][info][gc          ] GC(104) Concurrent Mark Cycle
[63.516s][info][gc,marking  ] GC(104) Concurrent Scan Root Regions
[63.548s][info][gc,marking  ] GC(104) Concurrent Scan Root Regions 32.117ms
[63.548s][info][gc,marking  ] GC(104) Concurrent Mark
[63.548s][info][gc,marking  ] GC(104) Concurrent Mark From Roots
[63.548s][info][gc,task     ] GC(104) Using 1 workers of 1 for marking
[63.715s][info][gc,marking  ] GC(104) Concurrent Mark From Roots 166.455ms
[63.715s][info][gc,marking  ] GC(104) Concurrent Preclean
[63.715s][info][gc,marking  ] GC(104) Concurrent Preclean 0.054ms
[63.715s][info][gc,start    ] GC(104) Pause Remark
[63.734s][info][gc          ] GC(104) Pause Remark 287M->244M(540M) 19.533ms
[63.734s][info][gc,cpu      ] GC(104) User=0.04s Sys=0.00s Real=0.02s
[63.734s][info][gc,marking  ] GC(104) Concurrent Mark 186.337ms
[63.734s][info][gc,marking  ] GC(104) Concurrent Rebuild Remembered Sets and Scrub Regions
[63.823s][info][gc,marking  ] GC(104) Concurrent Rebuild Remembered Sets and Scrub Regions 88.686ms
[63.823s][info][gc,start    ] GC(104) Pause Cleanup
[63.823s][info][gc          ] GC(104) Pause Cleanup 266M->266M(540M) 0.102ms
[63.823s][info][gc,cpu      ] GC(104) User=0.00s Sys=0.00s Real=0.00s
[63.825s][info][gc,marking  ] GC(104) Concurrent Clear Claimed Marks
[63.825s][info][gc,marking  ] GC(104) Concurrent Clear Claimed Marks 0.087ms
[63.825s][info][gc,marking  ] GC(104) Concurrent Cleanup for Next Mark
[63.827s][info][gc,marking  ] GC(104) Concurrent Cleanup for Next Mark 1.592ms
[63.827s][info][gc          ] GC(104) Concurrent Mark Cycle 311.384ms
[64.108s][info][gc,start    ] GC(105) Pause Young (Prepare Mixed) (G1 Evacuation Pause)
[64.108s][info][gc,task     ] GC(105) Using 2 workers of 2 for evacuation
[64.114s][info][gc,phases   ] GC(105)   Pre Evacuate Collection Set: 0.24ms
[64.114s][info][gc,phases   ] GC(105)   Merge Heap Roots: 0.08ms
[64.114s][info][gc,phases   ] GC(105)   Evacuate Collection Set: 5.24ms
[64.114s][info][gc,phases   ] GC(105)   Post Evacuate Collection Set: 0.38ms
[64.114s][info][gc,phases   ] GC(105)   Other: 0.07ms
[64.114s][info][gc,heap     ] GC(105) Eden regions: 151->0(187)
[64.114s][info][gc,heap     ] GC(105) Survivor regions: 7->8(20)
[64.114s][info][gc,heap     ] GC(105) Old regions: 195->195
[64.114s][info][gc,heap     ] GC(105) Humongous regions: 4->4
[64.114s][info][gc,metaspace] GC(105) Metaspace: 35540K(35904K)->35540K(35904K) NonClass: 31840K(32064K)->31840K(32064K) Class: 3699K(3840K)->3699K(3840K)
[64.114s][info][gc          ] GC(105) Pause Young (Prepare Mixed) (G1 Evacuation Pause) 356M->206M(540M) 6.202ms
[64.114s][info][gc,cpu      ] GC(105) User=0.01s Sys=0.00s Real=0.01s
[64.705s][info][gc,start    ] GC(106) Pause Young (Mixed) (G1 Evacuation Pause)
[64.705s][info][gc,task     ] GC(106) Using 2 workers of 2 for evacuation
[64.717s][info][gc,phases   ] GC(106)   Pre Evacuate Collection Set: 0.30ms
[64.717s][info][gc,phases   ] GC(106)   Merge Heap Roots: 0.15ms
[64.717s][info][gc,phases   ] GC(106)   Evacuate Collection Set: 10.22ms
[64.717s][info][gc,phases   ] GC(106)   Post Evacuate Collection Set: 0.51ms
[64.717s][info][gc,phases   ] GC(106)   Other: 0.09ms
[64.717s][info][gc,heap     ] GC(106) Eden regions: 187->0(230)
[64.717s][info][gc,heap     ] GC(106) Survivor regions: 8->8(25)
[64.717s][info][gc,heap     ] GC(106) Old regions: 195->142
[64.717s][info][gc,heap     ] GC(106) Humongous regions: 5->4
[64.717s][info][gc,metaspace] GC(106) Metaspace: 35541K(35904K)->35541K(35904K) NonClass: 31842K(32064K)->31842K(32064K) Class: 3699K(3840K)->3699K(3840K)
[64.717s][info][gc          ] GC(106) Pause Young (Mixed) (G1 Evacuation Pause) 394M->153M(540M) 11.453ms
[64.717s][info][gc,cpu      ] GC(106) User=0.01s Sys=0.00s Real=0.01s
[65.369s][info][gc,start    ] GC(107) Pause Young (Mixed) (G1 Evacuation Pause)
[65.369s][info][gc,task     ] GC(107) Using 2 workers of 2 for evacuation
[65.386s][info][gc,phases   ] GC(107)   Pre Evacuate Collection Set: 0.31ms
[65.386s][info][gc,phases   ] GC(107)   Merge Heap Roots: 0.50ms
[65.386s][info][gc,phases   ] GC(107)   Evacuate Collection Set: 15.41ms
[65.386s][info][gc,phases   ] GC(107)   Post Evacuate Collection Set: 0.52ms
[65.386s][info][gc,phases   ] GC(107)   Other: 0.12ms
[65.386s][info][gc,heap     ] GC(107) Eden regions: 230->0(249)
[65.386s][info][gc,heap     ] GC(107) Survivor regions: 8->10(30)
[65.386s][info][gc,heap     ] GC(107) Old regions: 142->125
[65.386s][info][gc,heap     ] GC(107) Humongous regions: 5->3
[65.386s][info][gc,metaspace] GC(107) Metaspace: 35947K(36288K)->35947K(36288K) NonClass: 32149K(32320K)->32149K(32320K) Class: 3798K(3968K)->3798K(3968K)
[65.386s][info][gc          ] GC(107) Pause Young (Mixed) (G1 Evacuation Pause) 384M->137M(540M) 17.050ms
[65.386s][info][gc,cpu      ] GC(107) User=0.03s Sys=0.00s Real=0.02s
[65.864s][info][gc,start    ] GC(108) Pause Young (Concurrent Start) (G1 Evacuation Pause)
[65.864s][info][gc,task     ] GC(108) Using 2 workers of 2 for evacuation
[65.872s][info][gc,phases   ] GC(108)   Pre Evacuate Collection Set: 0.25ms
[65.872s][info][gc,phases   ] GC(108)   Merge Heap Roots: 0.08ms
[65.872s][info][gc,phases   ] GC(108)   Evacuate Collection Set: 6.98ms
[65.872s][info][gc,phases   ] GC(108)   Post Evacuate Collection Set: 0.48ms
[65.872s][info][gc,phases   ] GC(108)   Other: 0.11ms
[65.872s][info][gc,heap     ] GC(108) Eden regions: 249->0(264)
[65.872s][info][gc,heap     ] GC(108) Survivor regions: 10->10(33)
[65.872s][info][gc,heap     ] GC(108) Old regions: 125->125
[65.872s][info][gc,heap     ] GC(108) Humongous regions: 3->3
[65.872s][info][gc,metaspace] GC(108) Metaspace: 35988K(36416K)->35988K(36416K) NonClass: 32190K(32448K)->32190K(32448K) Class: 3798K(3968K)->3798K(3968K)
[65.872s][info][gc          ] GC(108) Pause Young (Concurrent Start) (G1 Evacuation Pause) 386M->137M(540M) 8.086ms
[65.872s][info][gc          ] GC(109) Concurrent Mark Cycle
[65.872s][info][gc,marking  ] GC(109) Concurrent Scan Root Regions
[65.873s][info][gc,cpu      ] GC(108) User=0.02s Sys=0.00s Real=0.01s
[65.878s][info][gc,marking  ] GC(109) Concurrent Scan Root Regions 5.278ms
[65.878s][info][gc,marking  ] GC(109) Concurrent Mark
[65.878s][info][gc,marking  ] GC(109) Concurrent Mark From Roots
[65.878s][info][gc,task     ] GC(109) Using 1 workers of 1 for marking
[65.961s][info][gc,marking  ] GC(109) Concurrent Mark From Roots 83.516ms
[65.961s][info][gc,marking  ] GC(109) Concurrent Preclean
[65.961s][info][gc,marking  ] GC(109) Concurrent Preclean 0.055ms
[65.961s][info][gc,start    ] GC(109) Pause Remark
[65.975s][info][gc          ] GC(109) Pause Remark 182M->135M(304M) 13.708ms
[65.975s][info][gc,cpu      ] GC(109) User=0.03s Sys=0.00s Real=0.01s
[65.977s][info][gc,marking  ] GC(109) Concurrent Mark 98.854ms
[65.977s][info][gc,marking  ] GC(109) Concurrent Rebuild Remembered Sets and Scrub Regions
[66.008s][info][gc,marking  ] GC(109) Concurrent Rebuild Remembered Sets and Scrub Regions 31.008ms
[66.008s][info][gc,start    ] GC(109) Pause Cleanup
[66.008s][info][gc          ] GC(109) Pause Cleanup 144M->144M(304M) 0.051ms
[66.008s][info][gc,cpu      ] GC(109) User=0.00s Sys=0.00s Real=0.00s
[66.008s][info][gc,marking  ] GC(109) Concurrent Clear Claimed Marks
[66.008s][info][gc,marking  ] GC(109) Concurrent Clear Claimed Marks 0.032ms
[66.008s][info][gc,marking  ] GC(109) Concurrent Cleanup for Next Mark
[66.009s][info][gc,marking  ] GC(109) Concurrent Cleanup for Next Mark 0.902ms
[66.009s][info][gc          ] GC(109) Concurrent Mark Cycle 136.493ms
[66.730s][info][gc,start    ] GC(110) Pause Young (Prepare Mixed) (G1 Evacuation Pause)
[66.730s][info][gc,task     ] GC(110) Using 2 workers of 2 for evacuation
[66.747s][info][gc,phases   ] GC(110)   Pre Evacuate Collection Set: 0.23ms
[66.747s][info][gc,phases   ] GC(110)   Merge Heap Roots: 0.08ms
[66.747s][info][gc,phases   ] GC(110)   Evacuate Collection Set: 15.60ms
[66.747s][info][gc,phases   ] GC(110)   Post Evacuate Collection Set: 0.97ms
[66.747s][info][gc,phases   ] GC(110)   Other: 0.09ms
[66.747s][info][gc,heap     ] GC(110) Eden regions: 125->0(237)
[66.747s][info][gc,heap     ] GC(110) Survivor regions: 10->12(31)
[66.747s][info][gc,heap     ] GC(110) Old regions: 80->80
[66.747s][info][gc,heap     ] GC(110) Humongous regions: 193->3
[66.747s][info][gc,metaspace] GC(110) Metaspace: 36578K(36992K)->36578K(36992K) NonClass: 32717K(32960K)->32717K(32960K) Class: 3860K(4032K)->3860K(4032K)
[66.747s][info][gc          ] GC(110) Pause Young (Prepare Mixed) (G1 Evacuation Pause) 407M->94M(420M) 17.158ms
[66.747s][info][gc,cpu      ] GC(110) User=0.02s Sys=0.01s Real=0.02s
[67.560s][info][gc,start    ] GC(111) Pause Young (Mixed) (G1 Evacuation Pause)
[67.560s][info][gc,task     ] GC(111) Using 2 workers of 2 for evacuation
[67.590s][info][gc,phases   ] GC(111)   Pre Evacuate Collection Set: 0.35ms
[67.591s][info][gc,phases   ] GC(111)   Merge Heap Roots: 0.10ms
[67.591s][info][gc,phases   ] GC(111)   Evacuate Collection Set: 28.96ms
[67.591s][info][gc,phases   ] GC(111)   Post Evacuate Collection Set: 0.96ms
[67.591s][info][gc,phases   ] GC(111)   Other: 0.12ms
[67.591s][info][gc,heap     ] GC(111) Eden regions: 59->0(297)
[67.591s][info][gc,heap     ] GC(111) Survivor regions: 12->16(32)
[67.591s][info][gc,heap     ] GC(111) Old regions: 80->73
[67.591s][info][gc,heap     ] GC(111) Humongous regions: 355->3
[67.591s][info][gc,metaspace] GC(111) Metaspace: 38201K(38592K)->38201K(38592K) NonClass: 34185K(34432K)->34185K(34432K) Class: 4015K(4160K)->4015K(4160K)
[67.591s][info][gc          ] GC(111) Pause Young (Mixed) (G1 Evacuation Pause) 505M->91M(523M) 30.714ms
[67.591s][info][gc,cpu      ] GC(111) User=0.04s Sys=0.02s Real=0.03s
[67.595s][info][gc,start    ] GC(112) Pause Young (Concurrent Start) (G1 Humongous Allocation)
[67.595s][info][gc,task     ] GC(112) Using 2 workers of 2 for evacuation
[67.609s][info][gc,phases   ] GC(112)   Pre Evacuate Collection Set: 0.21ms
[67.609s][info][gc,phases   ] GC(112)   Merge Heap Roots: 0.05ms
[67.609s][info][gc,phases   ] GC(112)   Evacuate Collection Set: 13.12ms
[67.609s][info][gc,phases   ] GC(112)   Post Evacuate Collection Set: 0.57ms
[67.609s][info][gc,phases   ] GC(112)   Other: 0.10ms
[67.609s][info][gc,heap     ] GC(112) Eden regions: 1->0(297)
[67.609s][info][gc,heap     ] GC(112) Survivor regions: 16->16(40)
[67.609s][info][gc,heap     ] GC(112) Old regions: 73->73
[67.609s][info][gc,heap     ] GC(112) Humongous regions: 3->1
[67.609s][info][gc,metaspace] GC(112) Metaspace: 38201K(38592K)->38201K(38592K) NonClass: 34185K(34432K)->34185K(34432K) Class: 4015K(4160K)->4015K(4160K)
[67.609s][info][gc          ] GC(112) Pause Young (Concurrent Start) (G1 Humongous Allocation) 91M->89M(523M) 14.222ms
[67.609s][info][gc,cpu      ] GC(112) User=0.03s Sys=0.00s Real=0.01s
[67.609s][info][gc          ] GC(113) Concurrent Mark Cycle
[67.610s][info][gc,marking  ] GC(113) Concurrent Scan Root Regions
[67.627s][info][gc,marking  ] GC(113) Concurrent Scan Root Regions 17.538ms
[67.627s][info][gc,marking  ] GC(113) Concurrent Mark
[67.627s][info][gc,marking  ] GC(113) Concurrent Mark From Roots
[67.627s][info][gc,task     ] GC(113) Using 1 workers of 1 for marking
[67.769s][info][gc,marking  ] GC(113) Concurrent Mark From Roots 142.055ms
[67.769s][info][gc,marking  ] GC(113) Concurrent Preclean
[67.769s][info][gc,marking  ] GC(113) Concurrent Preclean 0.062ms
[67.769s][info][gc,start    ] GC(113) Pause Remark
[67.785s][info][gc          ] GC(113) Pause Remark 169M->169M(523M) 15.108ms
[67.785s][info][gc,cpu      ] GC(113) User=0.03s Sys=0.00s Real=0.02s
[67.785s][info][gc,marking  ] GC(113) Concurrent Mark 157.597ms
[67.785s][info][gc,marking  ] GC(113) Concurrent Rebuild Remembered Sets and Scrub Regions
[67.827s][info][gc,marking  ] GC(113) Concurrent Rebuild Remembered Sets and Scrub Regions 42.230ms
[67.827s][info][gc,start    ] GC(113) Pause Cleanup
[67.828s][info][gc          ] GC(113) Pause Cleanup 185M->185M(523M) 0.083ms
[67.828s][info][gc,cpu      ] GC(113) User=0.00s Sys=0.00s Real=0.00s
[67.828s][info][gc,marking  ] GC(113) Concurrent Clear Claimed Marks
[67.828s][info][gc,marking  ] GC(113) Concurrent Clear Claimed Marks 0.044ms
[67.828s][info][gc,marking  ] GC(113) Concurrent Cleanup for Next Mark
[67.831s][info][gc,marking  ] GC(113) Concurrent Cleanup for Next Mark 3.610ms
[67.831s][info][gc          ] GC(113) Concurrent Mark Cycle 221.834ms
[68.622s][info][gc,start    ] GC(114) Pause Young (Prepare Mixed) (G1 Evacuation Pause)
[68.622s][info][gc,task     ] GC(114) Using 2 workers of 2 for evacuation
[68.661s][info][gc,phases   ] GC(114)   Pre Evacuate Collection Set: 0.28ms
[68.661s][info][gc,phases   ] GC(114)   Merge Heap Roots: 0.09ms
[68.661s][info][gc,phases   ] GC(114)   Evacuate Collection Set: 37.75ms
[68.661s][info][gc,phases   ] GC(114)   Post Evacuate Collection Set: 1.22ms
[68.661s][info][gc,phases   ] GC(114)   Other: 0.08ms
[68.661s][info][gc,heap     ] GC(114) Eden regions: 79->0(342)
[68.661s][info][gc,heap     ] GC(114) Survivor regions: 16->27(43)
[68.661s][info][gc,heap     ] GC(114) Old regions: 73->73
[68.661s][info][gc,heap     ] GC(114) Humongous regions: 421->1
[68.661s][info][gc,metaspace] GC(114) Metaspace: 38373K(38784K)->38373K(38784K) NonClass: 34358K(34624K)->34358K(34624K) Class: 4015K(4160K)->4015K(4160K)
[68.661s][info][gc          ] GC(114) Pause Young (Prepare Mixed) (G1 Evacuation Pause) 588M->100M(616M) 39.646ms
[68.661s][info][gc,cpu      ] GC(114) User=0.07s Sys=0.01s Real=0.04s
[69.941s][info][gc,start    ] GC(115) Pause Young (Mixed) (G1 Evacuation Pause)
[69.941s][info][gc,task     ] GC(115) Using 2 workers of 2 for evacuation
[69.962s][info][gc,phases   ] GC(115)   Pre Evacuate Collection Set: 0.43ms
[69.962s][info][gc,phases   ] GC(115)   Merge Heap Roots: 0.29ms
[69.962s][info][gc,phases   ] GC(115)   Evacuate Collection Set: 18.85ms
[69.962s][info][gc,phases   ] GC(115)   Post Evacuate Collection Set: 1.16ms
[69.962s][info][gc,phases   ] GC(115)   Other: 0.11ms
[69.962s][info][gc,heap     ] GC(115) Eden regions: 133->0(382)
[69.962s][info][gc,heap     ] GC(115) Survivor regions: 27->9(49)
[69.962s][info][gc,heap     ] GC(115) Old regions: 73->68
[69.962s][info][gc,heap     ] GC(115) Humongous regions: 409->1
[69.962s][info][gc,metaspace] GC(115) Metaspace: 38916K(39296K)->38916K(39296K) NonClass: 34809K(35008K)->34809K(35008K) Class: 4107K(4288K)->4107K(4288K)
[69.962s][info][gc          ] GC(115) Pause Young (Mixed) (G1 Evacuation Pause) 641M->77M(653M) 21.063ms
[69.962s][info][gc,cpu      ] GC(115) User=0.04s Sys=0.00s Real=0.03s
[70.360s][info][gc,start    ] GC(116) Pause Young (Concurrent Start) (G1 Humongous Allocation)
[70.360s][info][gc,task     ] GC(116) Using 2 workers of 2 for evacuation
[70.373s][info][gc,phases   ] GC(116)   Pre Evacuate Collection Set: 0.28ms
[70.373s][info][gc,phases   ] GC(116)   Merge Heap Roots: 0.06ms
[70.373s][info][gc,phases   ] GC(116)   Evacuate Collection Set: 11.34ms
[70.373s][info][gc,phases   ] GC(116)   Post Evacuate Collection Set: 0.46ms
[70.373s][info][gc,phases   ] GC(116)   Other: 0.15ms
[70.373s][info][gc,heap     ] GC(116) Eden regions: 53->0(382)
[70.373s][info][gc,heap     ] GC(116) Survivor regions: 9->9(49)
[70.373s][info][gc,heap     ] GC(116) Old regions: 68->68
[70.373s][info][gc,heap     ] GC(116) Humongous regions: 5->1
[70.373s][info][gc,metaspace] GC(116) Metaspace: 39155K(39552K)->39155K(39552K) NonClass: 35039K(35264K)->35039K(35264K) Class: 4116K(4288K)->4116K(4288K)
[70.373s][info][gc          ] GC(116) Pause Young (Concurrent Start) (G1 Humongous Allocation) 134M->77M(653M) 12.474ms
[70.373s][info][gc,cpu      ] GC(116) User=0.02s Sys=0.00s Real=0.02s
[70.374s][info][gc          ] GC(117) Concurrent Undo Cycle
[70.374s][info][gc,marking  ] GC(117) Concurrent Clear Claimed Marks
[70.374s][info][gc,marking  ] GC(117) Concurrent Clear Claimed Marks 0.039ms
[70.374s][info][gc,marking  ] GC(117) Concurrent Cleanup for Next Mark
[70.374s][info][gc,marking  ] GC(117) Concurrent Cleanup for Next Mark 0.177ms
[70.374s][info][gc          ] GC(117) Concurrent Undo Cycle 0.304ms
[70.383s][info][gc,start    ] GC(118) Pause Young (Concurrent Start) (G1 Humongous Allocation)
[70.383s][info][gc,task     ] GC(118) Using 2 workers of 2 for evacuation
[70.394s][info][gc,phases   ] GC(118)   Pre Evacuate Collection Set: 0.33ms
[70.394s][info][gc,phases   ] GC(118)   Merge Heap Roots: 0.08ms
[70.394s][info][gc,phases   ] GC(118)   Evacuate Collection Set: 9.53ms
[70.394s][info][gc,phases   ] GC(118)   Post Evacuate Collection Set: 0.68ms
[70.394s][info][gc,phases   ] GC(118)   Other: 0.11ms
[70.394s][info][gc,heap     ] GC(118) Eden regions: 1->0(381)
[70.394s][info][gc,heap     ] GC(118) Survivor regions: 9->10(49)
[70.394s][info][gc,heap     ] GC(118) Old regions: 68->68
[70.394s][info][gc,heap     ] GC(118) Humongous regions: 3->1
[70.394s][info][gc,metaspace] GC(118) Metaspace: 39155K(39552K)->39155K(39552K) NonClass: 35039K(35264K)->35039K(35264K) Class: 4116K(4288K)->4116K(4288K)
[70.394s][info][gc          ] GC(118) Pause Young (Concurrent Start) (G1 Humongous Allocation) 80M->78M(653M) 10.918ms
[70.394s][info][gc,cpu      ] GC(118) User=0.02s Sys=0.01s Real=0.01s
[70.394s][info][gc          ] GC(119) Concurrent Mark Cycle
[70.394s][info][gc,marking  ] GC(119) Concurrent Scan Root Regions
[70.403s][info][gc,marking  ] GC(119) Concurrent Scan Root Regions 8.985ms
[70.403s][info][gc,marking  ] GC(119) Concurrent Mark
[70.403s][info][gc,marking  ] GC(119) Concurrent Mark From Roots
[70.403s][info][gc,task     ] GC(119) Using 1 workers of 1 for marking
[70.534s][info][gc,marking  ] GC(119) Concurrent Mark From Roots 130.821ms
[70.534s][info][gc,marking  ] GC(119) Concurrent Preclean
[70.534s][info][gc,marking  ] GC(119) Concurrent Preclean 0.047ms
[70.536s][info][gc,start    ] GC(119) Pause Remark
[70.557s][info][gc          ] GC(119) Pause Remark 99M->86M(256M) 20.413ms
[70.557s][info][gc,cpu      ] GC(119) User=0.04s Sys=0.00s Real=0.02s
[70.557s][info][gc,marking  ] GC(119) Concurrent Mark 153.620ms
[70.557s][info][gc,marking  ] GC(119) Concurrent Rebuild Remembered Sets and Scrub Regions
[70.592s][info][gc,marking  ] GC(119) Concurrent Rebuild Remembered Sets and Scrub Regions 35.774ms
[70.593s][info][gc,start    ] GC(119) Pause Cleanup
[70.593s][info][gc          ] GC(119) Pause Cleanup 89M->89M(256M) 0.049ms
[70.593s][info][gc,cpu      ] GC(119) User=0.00s Sys=0.00s Real=0.00s
[70.593s][info][gc,marking  ] GC(119) Concurrent Clear Claimed Marks
[70.593s][info][gc,marking  ] GC(119) Concurrent Clear Claimed Marks 0.037ms
[70.593s][info][gc,marking  ] GC(119) Concurrent Cleanup for Next Mark
[70.594s][info][gc,marking  ] GC(119) Concurrent Cleanup for Next Mark 1.043ms
[70.594s][info][gc          ] GC(119) Concurrent Mark Cycle 199.821ms
[71.259s][info][gc,start    ] GC(120) Pause Young (Prepare Mixed) (G1 Evacuation Pause)
[71.259s][info][gc,task     ] GC(120) Using 2 workers of 2 for evacuation
[71.271s][info][gc,phases   ] GC(120)   Pre Evacuate Collection Set: 0.18ms
[71.271s][info][gc,phases   ] GC(120)   Merge Heap Roots: 0.07ms
[71.271s][info][gc,phases   ] GC(120)   Evacuate Collection Set: 10.92ms
[71.271s][info][gc,phases   ] GC(120)   Post Evacuate Collection Set: 0.81ms
[71.271s][info][gc,phases   ] GC(120)   Other: 0.11ms
[71.272s][info][gc,heap     ] GC(120) Eden regions: 143->0(140)
[71.272s][info][gc,heap     ] GC(120) Survivor regions: 10->13(20)
[71.272s][info][gc,heap     ] GC(120) Old regions: 55->55
[71.272s][info][gc,heap     ] GC(120) Humongous regions: 7->1
[71.272s][info][gc,metaspace] GC(120) Metaspace: 39398K(39744K)->39398K(39744K) NonClass: 35261K(35456K)->35261K(35456K) Class: 4137K(4288K)->4137K(4288K)
[71.272s][info][gc          ] GC(120) Pause Young (Prepare Mixed) (G1 Evacuation Pause) 214M->68M(256M) 12.298ms
[71.272s][info][gc,cpu      ] GC(120) User=0.02s Sys=0.00s Real=0.02s
[71.724s][info][gc,start    ] GC(121) Pause Young (Mixed) (G1 Evacuation Pause)
[71.724s][info][gc,task     ] GC(121) Using 2 workers of 2 for evacuation
[71.739s][info][gc,phases   ] GC(121)   Pre Evacuate Collection Set: 0.17ms
[71.739s][info][gc,phases   ] GC(121)   Merge Heap Roots: 0.15ms
[71.739s][info][gc,phases   ] GC(121)   Evacuate Collection Set: 13.61ms
[71.739s][info][gc,phases   ] GC(121)   Post Evacuate Collection Set: 0.72ms
[71.739s][info][gc,phases   ] GC(121)   Other: 0.09ms
[71.739s][info][gc,heap     ] GC(121) Eden regions: 140->0(144)
[71.739s][info][gc,heap     ] GC(121) Survivor regions: 13->9(20)
[71.739s][info][gc,heap     ] GC(121) Old regions: 55->54
[71.739s][info][gc,heap     ] GC(121) Humongous regions: 1->1
[71.739s][info][gc,metaspace] GC(121) Metaspace: 39417K(39744K)->39417K(39744K) NonClass: 35279K(35456K)->35279K(35456K) Class: 4137K(4288K)->4137K(4288K)
[71.739s][info][gc          ] GC(121) Pause Young (Mixed) (G1 Evacuation Pause) 208M->62M(256M) 14.934ms
[71.739s][info][gc,cpu      ] GC(121) User=0.03s Sys=0.00s Real=0.01s
[72.185s][info][gc,start    ] GC(122) Pause Young (Concurrent Start) (G1 Evacuation Pause)
[72.185s][info][gc,task     ] GC(122) Using 2 workers of 2 for evacuation
[72.195s][info][gc,phases   ] GC(122)   Pre Evacuate Collection Set: 0.17ms
[72.195s][info][gc,phases   ] GC(122)   Merge Heap Roots: 0.06ms
[72.195s][info][gc,phases   ] GC(122)   Evacuate Collection Set: 6.63ms
[72.195s][info][gc,phases   ] GC(122)   Post Evacuate Collection Set: 2.93ms
[72.195s][info][gc,phases   ] GC(122)   Other: 0.14ms
[72.195s][info][gc,heap     ] GC(122) Eden regions: 144->0(146)
[72.195s][info][gc,heap     ] GC(122) Survivor regions: 9->7(20)
[72.195s][info][gc,heap     ] GC(122) Old regions: 54->54
[72.195s][info][gc,heap     ] GC(122) Humongous regions: 1->1
[72.195s][info][gc,metaspace] GC(122) Metaspace: 39427K(39808K)->39427K(39808K) NonClass: 35290K(35520K)->35290K(35520K) Class: 4137K(4288K)->4137K(4288K)
[72.195s][info][gc          ] GC(122) Pause Young (Concurrent Start) (G1 Evacuation Pause) 206M->60M(256M) 10.162ms
[72.195s][info][gc,cpu      ] GC(122) User=0.02s Sys=0.00s Real=0.01s
[72.195s][info][gc          ] GC(123) Concurrent Mark Cycle
[72.195s][info][gc,marking  ] GC(123) Concurrent Scan Root Regions
[72.203s][info][gc,marking  ] GC(123) Concurrent Scan Root Regions 7.654ms
[72.203s][info][gc,marking  ] GC(123) Concurrent Mark
[72.203s][info][gc,marking  ] GC(123) Concurrent Mark From Roots
[72.203s][info][gc,task     ] GC(123) Using 1 workers of 1 for marking
[72.357s][info][gc,marking  ] GC(123) Concurrent Mark From Roots 154.338ms
[72.357s][info][gc,marking  ] GC(123) Concurrent Preclean
[72.357s][info][gc,marking  ] GC(123) Concurrent Preclean 0.177ms
[72.357s][info][gc,start    ] GC(123) Pause Remark
[72.372s][info][gc          ] GC(123) Pause Remark 99M->99M(256M) 14.900ms
[72.372s][info][gc,cpu      ] GC(123) User=0.02s Sys=0.00s Real=0.02s
[72.376s][info][gc,marking  ] GC(123) Concurrent Mark 173.570ms
[72.376s][info][gc,marking  ] GC(123) Concurrent Rebuild Remembered Sets and Scrub Regions
[72.440s][info][gc,marking  ] GC(123) Concurrent Rebuild Remembered Sets and Scrub Regions 63.466ms
[72.440s][info][gc,start    ] GC(123) Pause Cleanup
[72.440s][info][gc          ] GC(123) Pause Cleanup 108M->108M(256M) 0.068ms
[72.440s][info][gc,cpu      ] GC(123) User=0.00s Sys=0.00s Real=0.00s
[72.440s][info][gc,marking  ] GC(123) Concurrent Clear Claimed Marks
[72.440s][info][gc,marking  ] GC(123) Concurrent Clear Claimed Marks 0.042ms
[72.440s][info][gc,marking  ] GC(123) Concurrent Cleanup for Next Mark
[72.441s][info][gc,marking  ] GC(123) Concurrent Cleanup for Next Mark 0.774ms
[72.441s][info][gc          ] GC(123) Concurrent Mark Cycle 245.957ms
[72.752s][info][gc,start    ] GC(124) Pause Young (Prepare Mixed) (G1 Evacuation Pause)
[72.752s][info][gc,task     ] GC(124) Using 2 workers of 2 for evacuation
[72.759s][info][gc,phases   ] GC(124)   Pre Evacuate Collection Set: 0.19ms
[72.759s][info][gc,phases   ] GC(124)   Merge Heap Roots: 0.08ms
[72.759s][info][gc,phases   ] GC(124)   Evacuate Collection Set: 6.14ms
[72.759s][info][gc,phases   ] GC(124)   Post Evacuate Collection Set: 0.55ms
[72.759s][info][gc,phases   ] GC(124)   Other: 0.11ms
[72.759s][info][gc,heap     ] GC(124) Eden regions: 146->0(145)
[72.759s][info][gc,heap     ] GC(124) Survivor regions: 7->8(20)
[72.759s][info][gc,heap     ] GC(124) Old regions: 54->54
[72.759s][info][gc,heap     ] GC(124) Humongous regions: 1->1
[72.759s][info][gc,metaspace] GC(124) Metaspace: 39456K(39808K)->39456K(39808K) NonClass: 35318K(35520K)->35318K(35520K) Class: 4138K(4288K)->4138K(4288K)
[72.759s][info][gc          ] GC(124) Pause Young (Prepare Mixed) (G1 Evacuation Pause) 206M->61M(256M) 7.277ms
[72.759s][info][gc,cpu      ] GC(124) User=0.02s Sys=0.00s Real=0.00s
[73.161s][info][gc,start    ] GC(125) Pause Young (Mixed) (G1 Evacuation Pause)
[73.161s][info][gc,task     ] GC(125) Using 2 workers of 2 for evacuation
[73.177s][info][gc,phases   ] GC(125)   Pre Evacuate Collection Set: 0.14ms
[73.177s][info][gc,phases   ] GC(125)   Merge Heap Roots: 0.10ms
[73.177s][info][gc,phases   ] GC(125)   Evacuate Collection Set: 14.56ms
[73.177s][info][gc,phases   ] GC(125)   Post Evacuate Collection Set: 0.82ms
[73.177s][info][gc,phases   ] GC(125)   Other: 0.10ms
[73.177s][info][gc,heap     ] GC(125) Eden regions: 145->0(143)
[73.177s][info][gc,heap     ] GC(125) Survivor regions: 8->10(20)
[73.177s][info][gc,heap     ] GC(125) Old regions: 54->51
[73.177s][info][gc,heap     ] GC(125) Humongous regions: 1->1
[73.177s][info][gc,metaspace] GC(125) Metaspace: 39457K(39808K)->39457K(39808K) NonClass: 35319K(35520K)->35319K(35520K) Class: 4138K(4288K)->4138K(4288K)
[73.177s][info][gc          ] GC(125) Pause Young (Mixed) (G1 Evacuation Pause) 206M->61M(256M) 15.956ms
[73.177s][info][gc,cpu      ] GC(125) User=0.03s Sys=0.00s Real=0.02s
[74.039s][info][gc,start    ] GC(126) Pause Young (Concurrent Start) (G1 Evacuation Pause)
[74.039s][info][gc,task     ] GC(126) Using 2 workers of 2 for evacuation
[74.051s][info][gc,phases   ] GC(126)   Pre Evacuate Collection Set: 0.20ms
[74.051s][info][gc,phases   ] GC(126)   Merge Heap Roots: 0.10ms
[74.051s][info][gc,phases   ] GC(126)   Evacuate Collection Set: 10.07ms
[74.051s][info][gc,phases   ] GC(126)   Post Evacuate Collection Set: 0.96ms
[74.051s][info][gc,phases   ] GC(126)   Other: 0.15ms
[74.051s][info][gc,heap     ] GC(126) Eden regions: 143->0(143)
[74.051s][info][gc,heap     ] GC(126) Survivor regions: 10->10(20)
[74.051s][info][gc,heap     ] GC(126) Old regions: 51->51
[74.051s][info][gc,heap     ] GC(126) Humongous regions: 1->1
[74.051s][info][gc,metaspace] GC(126) Metaspace: 40191K(40640K)->40191K(40640K) NonClass: 35889K(36160K)->35889K(36160K) Class: 4302K(4480K)->4302K(4480K)
[74.051s][info][gc          ] GC(126) Pause Young (Concurrent Start) (G1 Evacuation Pause) 204M->60M(256M) 11.693ms
[74.051s][info][gc          ] GC(127) Concurrent Mark Cycle
[74.051s][info][gc,marking  ] GC(127) Concurrent Scan Root Regions
[74.051s][info][gc,cpu      ] GC(126) User=0.02s Sys=0.00s Real=0.01s
[74.063s][info][gc,marking  ] GC(127) Concurrent Scan Root Regions 12.173ms
[74.063s][info][gc,marking  ] GC(127) Concurrent Mark
[74.063s][info][gc,marking  ] GC(127) Concurrent Mark From Roots
[74.063s][info][gc,task     ] GC(127) Using 1 workers of 1 for marking
[74.213s][info][gc,marking  ] GC(127) Concurrent Mark From Roots 149.636ms
[74.213s][info][gc,marking  ] GC(127) Concurrent Preclean
[74.213s][info][gc,marking  ] GC(127) Concurrent Preclean 0.161ms
[74.213s][info][gc,start    ] GC(127) Pause Remark
[74.228s][info][gc          ] GC(127) Pause Remark 71M->71M(256M) 14.813ms
[74.228s][info][gc,cpu      ] GC(127) User=0.03s Sys=0.00s Real=0.01s
[74.230s][info][gc,marking  ] GC(127) Concurrent Mark 166.750ms
[74.230s][info][gc,marking  ] GC(127) Concurrent Rebuild Remembered Sets and Scrub Regions
[74.290s][info][gc,marking  ] GC(127) Concurrent Rebuild Remembered Sets and Scrub Regions 60.187ms
[74.290s][info][gc,start    ] GC(127) Pause Cleanup
[74.290s][info][gc          ] GC(127) Pause Cleanup 72M->72M(256M) 0.091ms
[74.290s][info][gc,cpu      ] GC(127) User=0.00s Sys=0.00s Real=0.00s
[74.291s][info][gc,marking  ] GC(127) Concurrent Clear Claimed Marks
[74.291s][info][gc,marking  ] GC(127) Concurrent Clear Claimed Marks 0.044ms
[74.291s][info][gc,marking  ] GC(127) Concurrent Cleanup for Next Mark
[74.292s][info][gc,marking  ] GC(127) Concurrent Cleanup for Next Mark 0.800ms
[74.292s][info][gc          ] GC(127) Concurrent Mark Cycle 240.589ms
[75.155s][info][gc,start    ] GC(128) Pause Young (Prepare Mixed) (G1 Evacuation Pause)
[75.155s][info][gc,task     ] GC(128) Using 2 workers of 2 for evacuation
[75.166s][info][gc,phases   ] GC(128)   Pre Evacuate Collection Set: 0.20ms
[75.166s][info][gc,phases   ] GC(128)   Merge Heap Roots: 0.14ms
[75.166s][info][gc,phases   ] GC(128)   Evacuate Collection Set: 9.95ms
[75.166s][info][gc,phases   ] GC(128)   Post Evacuate Collection Set: 0.72ms
[75.166s][info][gc,phases   ] GC(128)   Other: 0.10ms
[75.166s][info][gc,heap     ] GC(128) Eden regions: 143->0(140)
[75.166s][info][gc,heap     ] GC(128) Survivor regions: 10->13(20)
[75.166s][info][gc,heap     ] GC(128) Old regions: 51->51
[75.166s][info][gc,heap     ] GC(128) Humongous regions: 1->1
[75.166s][info][gc,metaspace] GC(128) Metaspace: 40354K(40768K)->40354K(40768K) NonClass: 36051K(36288K)->36051K(36288K) Class: 4302K(4480K)->4302K(4480K)
[75.166s][info][gc          ] GC(128) Pause Young (Prepare Mixed) (G1 Evacuation Pause) 203M->63M(256M) 11.317ms
[75.166s][info][gc,cpu      ] GC(128) User=0.02s Sys=0.00s Real=0.01s
[75.749s][info][gc,start    ] GC(129) Pause Young (Mixed) (G1 Evacuation Pause)
[75.749s][info][gc,task     ] GC(129) Using 2 workers of 2 for evacuation
[75.766s][info][gc,phases   ] GC(129)   Pre Evacuate Collection Set: 2.52ms
[75.766s][info][gc,phases   ] GC(129)   Merge Heap Roots: 0.25ms
[75.766s][info][gc,phases   ] GC(129)   Evacuate Collection Set: 13.93ms
[75.766s][info][gc,phases   ] GC(129)   Post Evacuate Collection Set: 0.67ms
[75.766s][info][gc,phases   ] GC(129)   Other: 0.10ms
[75.766s][info][gc,heap     ] GC(129) Eden regions: 140->0(145)
[75.766s][info][gc,heap     ] GC(129) Survivor regions: 13->8(20)
[75.766s][info][gc,heap     ] GC(129) Old regions: 51->53
[75.766s][info][gc,heap     ] GC(129) Humongous regions: 1->1
[75.766s][info][gc,metaspace] GC(129) Metaspace: 40384K(40832K)->40384K(40832K) NonClass: 36082K(36352K)->36082K(36352K) Class: 4302K(4480K)->4302K(4480K)
[75.766s][info][gc          ] GC(129) Pause Young (Mixed) (G1 Evacuation Pause) 203M->60M(256M) 17.723ms
[75.766s][info][gc,cpu      ] GC(129) User=0.03s Sys=0.00s Real=0.02s
[76.948s][info][gc,start    ] GC(130) Pause Young (Concurrent Start) (G1 Humongous Allocation)
[76.948s][info][gc,task     ] GC(130) Using 2 workers of 2 for evacuation
[76.954s][info][gc,phases   ] GC(130)   Pre Evacuate Collection Set: 0.18ms
[76.954s][info][gc,phases   ] GC(130)   Merge Heap Roots: 0.08ms
[76.954s][info][gc,phases   ] GC(130)   Evacuate Collection Set: 5.16ms
[76.954s][info][gc,phases   ] GC(130)   Post Evacuate Collection Set: 0.47ms
[76.954s][info][gc,phases   ] GC(130)   Other: 0.14ms
[76.954s][info][gc,heap     ] GC(130) Eden regions: 125->0(151)
[76.954s][info][gc,heap     ] GC(130) Survivor regions: 8->2(20)
[76.954s][info][gc,heap     ] GC(130) Old regions: 53->53
[76.954s][info][gc,heap     ] GC(130) Humongous regions: 1->1
[76.954s][info][gc,metaspace] GC(130) Metaspace: 40613K(41024K)->40613K(41024K) NonClass: 36293K(36544K)->36293K(36544K) Class: 4320K(4480K)->4320K(4480K)
[76.954s][info][gc          ] GC(130) Pause Young (Concurrent Start) (G1 Humongous Allocation) 185M->54M(256M) 6.189ms
[76.954s][info][gc,cpu      ] GC(130) User=0.01s Sys=0.00s Real=0.01s
[76.954s][info][gc          ] GC(131) Concurrent Mark Cycle
[76.954s][info][gc,marking  ] GC(131) Concurrent Scan Root Regions
[76.957s][info][gc,marking  ] GC(131) Concurrent Scan Root Regions 3.297ms
[76.957s][info][gc,marking  ] GC(131) Concurrent Mark
[76.957s][info][gc,marking  ] GC(131) Concurrent Mark From Roots
[76.957s][info][gc,task     ] GC(131) Using 1 workers of 1 for marking
[77.088s][info][gc,marking  ] GC(131) Concurrent Mark From Roots 130.656ms
[77.088s][info][gc,marking  ] GC(131) Concurrent Preclean
[77.088s][info][gc,marking  ] GC(131) Concurrent Preclean 0.262ms
[77.088s][info][gc,start    ] GC(131) Pause Remark
[77.109s][info][gc          ] GC(131) Pause Remark 68M->68M(256M) 20.205ms
[77.109s][info][gc,cpu      ] GC(131) User=0.04s Sys=0.00s Real=0.02s
[77.109s][info][gc,marking  ] GC(131) Concurrent Mark 151.568ms
[77.109s][info][gc,marking  ] GC(131) Concurrent Rebuild Remembered Sets and Scrub Regions
[77.153s][info][gc,marking  ] GC(131) Concurrent Rebuild Remembered Sets and Scrub Regions 43.926ms
[77.153s][info][gc,start    ] GC(131) Pause Cleanup
[77.153s][info][gc          ] GC(131) Pause Cleanup 70M->70M(256M) 0.050ms
[77.153s][info][gc,cpu      ] GC(131) User=0.00s Sys=0.00s Real=0.00s
[77.153s][info][gc,marking  ] GC(131) Concurrent Clear Claimed Marks
[77.153s][info][gc,marking  ] GC(131) Concurrent Clear Claimed Marks 0.035ms
[77.153s][info][gc,marking  ] GC(131) Concurrent Cleanup for Next Mark
[77.154s][info][gc,marking  ] GC(131) Concurrent Cleanup for Next Mark 0.784ms
[77.154s][info][gc          ] GC(131) Concurrent Mark Cycle 199.877ms
[78.549s][info][gc,start    ] GC(132) Pause Young (Prepare Mixed) (G1 Evacuation Pause)
[78.549s][info][gc,task     ] GC(132) Using 2 workers of 2 for evacuation
[78.561s][info][gc,phases   ] GC(132)   Pre Evacuate Collection Set: 0.17ms
[78.561s][info][gc,phases   ] GC(132)   Merge Heap Roots: 0.11ms
[78.561s][info][gc,phases   ] GC(132)   Evacuate Collection Set: 10.81ms
[78.561s][info][gc,phases   ] GC(132)   Post Evacuate Collection Set: 0.75ms
[78.561s][info][gc,phases   ] GC(132)   Other: 0.11ms
[78.561s][info][gc,heap     ] GC(132) Eden regions: 151->0(143)
[78.561s][info][gc,heap     ] GC(132) Survivor regions: 2->10(20)
[78.561s][info][gc,heap     ] GC(132) Old regions: 53->53
[78.561s][info][gc,heap     ] GC(132) Humongous regions: 13->3
[78.561s][info][gc,metaspace] GC(132) Metaspace: 40921K(41344K)->40921K(41344K) NonClass: 36576K(36864K)->36576K(36864K) Class: 4345K(4480K)->4345K(4480K)
[78.561s][info][gc          ] GC(132) Pause Young (Prepare Mixed) (G1 Evacuation Pause) 217M->65M(256M) 12.139ms
[78.561s][info][gc,cpu      ] GC(132) User=0.02s Sys=0.00s Real=0.01s
[79.069s][info][gc,start    ] GC(133) Pause Young (Mixed) (G1 Evacuation Pause)
[79.069s][info][gc,task     ] GC(133) Using 2 workers of 2 for evacuation
[79.106s][info][gc,phases   ] GC(133)   Pre Evacuate Collection Set: 0.20ms
[79.106s][info][gc,phases   ] GC(133)   Merge Heap Roots: 2.12ms
[79.106s][info][gc,phases   ] GC(133)   Evacuate Collection Set: 34.13ms
[79.106s][info][gc,phases   ] GC(133)   Post Evacuate Collection Set: 0.63ms
[79.106s][info][gc,phases   ] GC(133)   Other: 0.09ms
[79.106s][info][gc,heap     ] GC(133) Eden regions: 143->0(133)
[79.106s][info][gc,heap     ] GC(133) Survivor regions: 10->20(20)
[79.106s][info][gc,heap     ] GC(133) Old regions: 53->50
[79.106s][info][gc,heap     ] GC(133) Humongous regions: 4->4
[79.106s][info][gc,metaspace] GC(133) Metaspace: 40927K(41344K)->40927K(41344K) NonClass: 36582K(36864K)->36582K(36864K) Class: 4345K(4480K)->4345K(4480K)
[79.106s][info][gc          ] GC(133) Pause Young (Mixed) (G1 Evacuation Pause) 209M->73M(256M) 37.356ms
[79.106s][info][gc,cpu      ] GC(133) User=0.07s Sys=0.00s Real=0.04s
[79.492s][info][gc,start    ] GC(134) Pause Young (Concurrent Start) (G1 Humongous Allocation)
[79.492s][info][gc,task     ] GC(134) Using 2 workers of 2 for evacuation
[79.532s][info][gc,phases   ] GC(134)   Pre Evacuate Collection Set: 0.20ms
[79.532s][info][gc,phases   ] GC(134)   Merge Heap Roots: 0.28ms
[79.532s][info][gc,phases   ] GC(134)   Evacuate Collection Set: 38.69ms
[79.532s][info][gc,phases   ] GC(134)   Post Evacuate Collection Set: 0.47ms
[79.532s][info][gc,phases   ] GC(134)   Other: 0.11ms
[79.532s][info][gc,heap     ] GC(134) Eden regions: 124->0(135)
[79.532s][info][gc,heap     ] GC(134) Survivor regions: 20->14(20)
[79.532s][info][gc,heap     ] GC(134) Old regions: 50->70
[79.532s][info][gc,heap     ] GC(134) Humongous regions: 4->4
[79.532s][info][gc,metaspace] GC(134) Metaspace: 40934K(41344K)->40934K(41344K) NonClass: 36589K(36864K)->36589K(36864K) Class: 4345K(4480K)->4345K(4480K)
[79.532s][info][gc          ] GC(134) Pause Young (Concurrent Start) (G1 Humongous Allocation) 197M->87M(256M) 39.941ms
[79.532s][info][gc          ] GC(135) Concurrent Mark Cycle
[79.532s][info][gc,marking  ] GC(135) Concurrent Scan Root Regions
[79.534s][info][gc,cpu      ] GC(134) User=0.08s Sys=0.00s Real=0.04s
[79.567s][info][gc,marking  ] GC(135) Concurrent Scan Root Regions 35.569ms
[79.567s][info][gc,marking  ] GC(135) Concurrent Mark
[79.567s][info][gc,marking  ] GC(135) Concurrent Mark From Roots
[79.567s][info][gc,task     ] GC(135) Using 1 workers of 1 for marking
[79.636s][info][gc,marking  ] GC(135) Concurrent Mark From Roots 68.426ms
[79.636s][info][gc,marking  ] GC(135) Concurrent Preclean
[79.636s][info][gc,marking  ] GC(135) Concurrent Preclean 0.066ms
[79.638s][info][gc,start    ] GC(135) Pause Remark
[79.656s][info][gc          ] GC(135) Pause Remark 103M->102M(256M) 17.755ms
[79.656s][info][gc,cpu      ] GC(135) User=0.03s Sys=0.00s Real=0.02s
[79.656s][info][gc,marking  ] GC(135) Concurrent Mark 88.540ms
[79.656s][info][gc,marking  ] GC(135) Concurrent Rebuild Remembered Sets and Scrub Regions
[79.706s][info][gc,marking  ] GC(135) Concurrent Rebuild Remembered Sets and Scrub Regions 50.118ms
[79.706s][info][gc,start    ] GC(135) Pause Cleanup
[79.706s][info][gc          ] GC(135) Pause Cleanup 112M->112M(256M) 0.058ms
[79.706s][info][gc,cpu      ] GC(135) User=0.00s Sys=0.00s Real=0.00s
[79.706s][info][gc,marking  ] GC(135) Concurrent Clear Claimed Marks
[79.706s][info][gc,marking  ] GC(135) Concurrent Clear Claimed Marks 0.052ms
[79.706s][info][gc,marking  ] GC(135) Concurrent Cleanup for Next Mark
[79.707s][info][gc,marking  ] GC(135) Concurrent Cleanup for Next Mark 0.731ms
[79.707s][info][gc          ] GC(135) Concurrent Mark Cycle 175.332ms
[80.001s][info][gc,start    ] GC(136) Pause Young (Prepare Mixed) (G1 Evacuation Pause)
[80.002s][info][gc,task     ] GC(136) Using 2 workers of 2 for evacuation
[80.032s][info][gc,phases   ] GC(136)   Pre Evacuate Collection Set: 0.15ms
[80.032s][info][gc,phases   ] GC(136)   Merge Heap Roots: 0.10ms
[80.032s][info][gc,phases   ] GC(136)   Evacuate Collection Set: 29.25ms
[80.032s][info][gc,phases   ] GC(136)   Post Evacuate Collection Set: 0.42ms
[80.032s][info][gc,phases   ] GC(136)   Other: 0.08ms
[80.032s][info][gc,heap     ] GC(136) Eden regions: 135->0(122)
[80.032s][info][gc,heap     ] GC(136) Survivor regions: 14->14(19)
[80.032s][info][gc,heap     ] GC(136) Old regions: 69->83
[80.032s][info][gc,heap     ] GC(136) Humongous regions: 6->6
[80.032s][info][gc,metaspace] GC(136) Metaspace: 40934K(41344K)->40934K(41344K) NonClass: 36589K(36864K)->36589K(36864K) Class: 4345K(4480K)->4345K(4480K)
[80.032s][info][gc          ] GC(136) Pause Young (Prepare Mixed) (G1 Evacuation Pause) 223M->102M(256M) 30.198ms
[80.032s][info][gc,cpu      ] GC(136) User=0.06s Sys=0.00s Real=0.03s
[80.339s][info][gc,start    ] GC(137) Pause Young (Mixed) (G1 Evacuation Pause)
[80.339s][info][gc,task     ] GC(137) Using 2 workers of 2 for evacuation
[80.377s][info][gc,phases   ] GC(137)   Pre Evacuate Collection Set: 0.22ms
[80.377s][info][gc,phases   ] GC(137)   Merge Heap Roots: 0.17ms
[80.377s][info][gc,phases   ] GC(137)   Evacuate Collection Set: 37.22ms
[80.377s][info][gc,phases   ] GC(137)   Post Evacuate Collection Set: 0.48ms
[80.377s][info][gc,phases   ] GC(137)   Other: 0.08ms
[80.377s][info][gc,heap     ] GC(137) Eden regions: 122->0(113)
[80.377s][info][gc,heap     ] GC(137) Survivor regions: 14->13(17)
[80.377s][info][gc,heap     ] GC(137) Old regions: 83->94
[80.377s][info][gc,heap     ] GC(137) Humongous regions: 6->6
[80.377s][info][gc,metaspace] GC(137) Metaspace: 40944K(41344K)->40944K(41344K) NonClass: 36598K(36864K)->36598K(36864K) Class: 4345K(4480K)->4345K(4480K)
[80.377s][info][gc          ] GC(137) Pause Young (Mixed) (G1 Evacuation Pause) 224M->112M(256M) 38.349ms
[80.377s][info][gc,cpu      ] GC(137) User=0.07s Sys=0.00s Real=0.04s
[80.469s][info][gc,start    ] GC(138) Pause Young (Concurrent Start) (G1 Humongous Allocation)
[80.469s][info][gc,task     ] GC(138) Using 2 workers of 2 for evacuation
[80.491s][info][gc,phases   ] GC(138)   Pre Evacuate Collection Set: 0.17ms
[80.491s][info][gc,phases   ] GC(138)   Merge Heap Roots: 0.06ms
[80.491s][info][gc,phases   ] GC(138)   Evacuate Collection Set: 21.20ms
[80.491s][info][gc,phases   ] GC(138)   Post Evacuate Collection Set: 0.30ms
[80.491s][info][gc,phases   ] GC(138)   Other: 0.13ms
[80.491s][info][gc,heap     ] GC(138) Eden regions: 38->0(110)
[80.491s][info][gc,heap     ] GC(138) Survivor regions: 13->5(16)
[80.491s][info][gc,heap     ] GC(138) Old regions: 94->107
[80.491s][info][gc,heap     ] GC(138) Humongous regions: 6->6
[80.491s][info][gc,metaspace] GC(138) Metaspace: 40944K(41344K)->40944K(41344K) NonClass: 36598K(36864K)->36598K(36864K) Class: 4345K(4480K)->4345K(4480K)
[80.491s][info][gc          ] GC(138) Pause Young (Concurrent Start) (G1 Humongous Allocation) 150M->117M(256M) 22.039ms
[80.491s][info][gc          ] GC(139) Concurrent Mark Cycle
[80.491s][info][gc,marking  ] GC(139) Concurrent Scan Root Regions
[80.492s][info][gc,cpu      ] GC(138) User=0.04s Sys=0.00s Real=0.03s
[80.510s][info][gc,marking  ] GC(139) Concurrent Scan Root Regions 18.611ms
[80.510s][info][gc,marking  ] GC(139) Concurrent Mark
[80.510s][info][gc,marking  ] GC(139) Concurrent Mark From Roots
[80.510s][info][gc,task     ] GC(139) Using 1 workers of 1 for marking
[80.770s][info][gc,marking  ] GC(139) Concurrent Mark From Roots 259.873ms
[80.770s][info][gc,marking  ] GC(139) Concurrent Preclean
[80.770s][info][gc,marking  ] GC(139) Concurrent Preclean 0.051ms
[80.770s][info][gc,start    ] GC(139) Pause Remark
[80.785s][info][gc          ] GC(139) Pause Remark 171M->170M(256M) 14.910ms
[80.785s][info][gc,cpu      ] GC(139) User=0.03s Sys=0.00s Real=0.02s
[80.785s][info][gc,marking  ] GC(139) Concurrent Mark 275.113ms
[80.785s][info][gc,marking  ] GC(139) Concurrent Rebuild Remembered Sets and Scrub Regions
[80.898s][info][gc,marking  ] GC(139) Concurrent Rebuild Remembered Sets and Scrub Regions 113.033ms
[80.900s][info][gc,start    ] GC(139) Pause Cleanup
[80.900s][info][gc          ] GC(139) Pause Cleanup 194M->194M(256M) 0.066ms
[80.900s][info][gc,cpu      ] GC(139) User=0.00s Sys=0.00s Real=0.00s
[80.900s][info][gc,marking  ] GC(139) Concurrent Clear Claimed Marks
[80.900s][info][gc,marking  ] GC(139) Concurrent Clear Claimed Marks 0.050ms
[80.900s][info][gc,marking  ] GC(139) Concurrent Cleanup for Next Mark
[80.903s][info][gc,marking  ] GC(139) Concurrent Cleanup for Next Mark 2.589ms
[80.903s][info][gc          ] GC(139) Concurrent Mark Cycle 411.662ms
[81.081s][info][gc,start    ] GC(140) Pause Young (Prepare Mixed) (G1 Evacuation Pause)
[81.081s][info][gc,task     ] GC(140) Using 2 workers of 2 for evacuation
[81.115s][info][gc,phases   ] GC(140)   Pre Evacuate Collection Set: 0.16ms
[81.115s][info][gc,phases   ] GC(140)   Merge Heap Roots: 0.11ms
[81.115s][info][gc,phases   ] GC(140)   Evacuate Collection Set: 32.92ms
[81.115s][info][gc,phases   ] GC(140)   Post Evacuate Collection Set: 0.51ms
[81.115s][info][gc,phases   ] GC(140)   Other: 0.07ms
[81.115s][info][gc,heap     ] GC(140) Eden regions: 110->0(93)
[81.115s][info][gc,heap     ] GC(140) Survivor regions: 5->15(15)
[81.115s][info][gc,heap     ] GC(140) Old regions: 107->110
[81.115s][info][gc,heap     ] GC(140) Humongous regions: 9->9
[81.115s][info][gc,metaspace] GC(140) Metaspace: 40949K(41344K)->40949K(41344K) NonClass: 36603K(36864K)->36603K(36864K) Class: 4345K(4480K)->4345K(4480K)
[81.115s][info][gc          ] GC(140) Pause Young (Prepare Mixed) (G1 Evacuation Pause) (Evacuation Failure: Pinned) 230M->133M(256M) 33.960ms
[81.115s][info][gc,cpu      ] GC(140) User=0.07s Sys=0.00s Real=0.04s
[83.822s][info][gc,start    ] GC(141) Pause Young (Mixed) (G1 Evacuation Pause)
[83.822s][info][gc,task     ] GC(141) Using 2 workers of 2 for evacuation
[83.854s][info][gc,phases   ] GC(141)   Pre Evacuate Collection Set: 0.23ms
[83.854s][info][gc,phases   ] GC(141)   Merge Heap Roots: 0.31ms
[83.854s][info][gc,phases   ] GC(141)   Evacuate Collection Set: 30.37ms
[83.854s][info][gc,phases   ] GC(141)   Post Evacuate Collection Set: 1.39ms
[83.854s][info][gc,phases   ] GC(141)   Other: 0.10ms
[83.854s][info][gc,heap     ] GC(141) Eden regions: 93->0(211)
[83.854s][info][gc,heap     ] GC(141) Survivor regions: 15->6(14)
[83.854s][info][gc,heap     ] GC(141) Old regions: 110->117
[83.854s][info][gc,heap     ] GC(141) Humongous regions: 11->7
[83.854s][info][gc,metaspace] GC(141) Metaspace: 41059K(41472K)->41059K(41472K) NonClass: 36713K(36992K)->36713K(36992K) Class: 4345K(4480K)->4345K(4480K)
[83.854s][info][gc          ] GC(141) Pause Young (Mixed) (G1 Evacuation Pause) 228M->129M(382M) 32.608ms
[83.854s][info][gc,cpu      ] GC(141) User=0.06s Sys=0.00s Real=0.03s
[84.814s][info][gc,start    ] GC(142) Pause Young (Concurrent Start) (G1 Humongous Allocation)
[84.814s][info][gc,task     ] GC(142) Using 2 workers of 2 for evacuation
[84.827s][info][gc,phases   ] GC(142)   Pre Evacuate Collection Set: 0.20ms
[84.827s][info][gc,phases   ] GC(142)   Merge Heap Roots: 0.11ms
[84.827s][info][gc,phases   ] GC(142)   Evacuate Collection Set: 12.33ms
[84.827s][info][gc,phases   ] GC(142)   Post Evacuate Collection Set: 0.44ms
[84.827s][info][gc,phases   ] GC(142)   Other: 0.12ms
[84.827s][info][gc,heap     ] GC(142) Eden regions: 187->0(216)
[84.827s][info][gc,heap     ] GC(142) Survivor regions: 6->8(28)
[84.827s][info][gc,heap     ] GC(142) Old regions: 117->117
[84.827s][info][gc,heap     ] GC(142) Humongous regions: 7->7
[84.827s][info][gc,metaspace] GC(142) Metaspace: 41180K(41600K)->41180K(41600K) NonClass: 36835K(37120K)->36835K(37120K) Class: 4345K(4480K)->4345K(4480K)
[84.827s][info][gc          ] GC(142) Pause Young (Concurrent Start) (G1 Humongous Allocation) 315M->131M(382M) 13.387ms
[84.827s][info][gc          ] GC(143) Concurrent Mark Cycle
[84.827s][info][gc,marking  ] GC(143) Concurrent Scan Root Regions
[84.827s][info][gc,cpu      ] GC(142) User=0.03s Sys=0.00s Real=0.01s
[84.835s][info][gc,marking  ] GC(143) Concurrent Scan Root Regions 8.266ms
[84.835s][info][gc,marking  ] GC(143) Concurrent Mark
[84.835s][info][gc,marking  ] GC(143) Concurrent Mark From Roots
[84.835s][info][gc,task     ] GC(143) Using 1 workers of 1 for marking
[84.863s][info][gc,marking  ] GC(143) Concurrent Mark From Roots 27.230ms
[84.863s][info][gc,marking  ] GC(143) Concurrent Preclean
[84.863s][info][gc,marking  ] GC(143) Concurrent Preclean 0.059ms
[84.863s][info][gc,start    ] GC(143) Pause Remark
[84.878s][info][gc          ] GC(143) Pause Remark 147M->124M(370M) 15.180ms
[84.878s][info][gc,cpu      ] GC(143) User=0.03s Sys=0.00s Real=0.01s
[84.879s][info][gc,marking  ] GC(143) Concurrent Mark 43.743ms
[84.879s][info][gc,marking  ] GC(143) Concurrent Rebuild Remembered Sets and Scrub Regions
[84.895s][info][gc,marking  ] GC(143) Concurrent Rebuild Remembered Sets and Scrub Regions 16.037ms
[84.895s][info][gc,start    ] GC(143) Pause Cleanup
[84.896s][info][gc          ] GC(143) Pause Cleanup 131M->131M(370M) 0.103ms
[84.896s][info][gc,cpu      ] GC(143) User=0.00s Sys=0.00s Real=0.00s
[84.896s][info][gc,marking  ] GC(143) Concurrent Clear Claimed Marks
[84.896s][info][gc,marking  ] GC(143) Concurrent Clear Claimed Marks 0.049ms
[84.896s][info][gc,marking  ] GC(143) Concurrent Cleanup for Next Mark
[84.898s][info][gc,marking  ] GC(143) Concurrent Cleanup for Next Mark 2.436ms
[84.898s][info][gc          ] GC(143) Concurrent Mark Cycle 71.000ms
[85.398s][info][gc,start    ] GC(144) Pause Young (Prepare Mixed) (G1 Evacuation Pause)
[85.398s][info][gc,task     ] GC(144) Using 2 workers of 2 for evacuation
[85.431s][info][gc,phases   ] GC(144)   Pre Evacuate Collection Set: 0.20ms
[85.431s][info][gc,phases   ] GC(144)   Merge Heap Roots: 0.12ms
[85.431s][info][gc,phases   ] GC(144)   Evacuate Collection Set: 32.07ms
[85.431s][info][gc,phases   ] GC(144)   Post Evacuate Collection Set: 0.47ms
[85.431s][info][gc,phases   ] GC(144)   Other: 0.08ms
[85.431s][info][gc,heap     ] GC(144) Eden regions: 214->0(189)
[85.431s][info][gc,heap     ] GC(144) Survivor regions: 8->28(28)
[85.431s][info][gc,heap     ] GC(144) Old regions: 100->102
[85.431s][info][gc,heap     ] GC(144) Humongous regions: 4->4
[85.431s][info][gc,metaspace] GC(144) Metaspace: 41180K(41600K)->41180K(41600K) NonClass: 36835K(37120K)->36835K(37120K) Class: 4345K(4480K)->4345K(4480K)
[85.431s][info][gc          ] GC(144) Pause Young (Prepare Mixed) (G1 Evacuation Pause) 326M->133M(370M) 33.158ms
[85.431s][info][gc,cpu      ] GC(144) User=0.06s Sys=0.01s Real=0.04s
[85.881s][info][gc,start    ] GC(145) Pause Young (Mixed) (G1 Evacuation Pause)
[85.881s][info][gc,task     ] GC(145) Using 2 workers of 2 for evacuation
[85.938s][info][gc,phases   ] GC(145)   Pre Evacuate Collection Set: 0.21ms
[85.938s][info][gc,phases   ] GC(145)   Merge Heap Roots: 0.12ms
[85.938s][info][gc,phases   ] GC(145)   Evacuate Collection Set: 55.99ms
[85.938s][info][gc,phases   ] GC(145)   Post Evacuate Collection Set: 0.50ms
[85.938s][info][gc,phases   ] GC(145)   Other: 0.08ms
[85.938s][info][gc,heap     ] GC(145) Eden regions: 189->0(202)
[85.938s][info][gc,heap     ] GC(145) Survivor regions: 28->23(28)
[85.938s][info][gc,heap     ] GC(145) Old regions: 102->93
[85.938s][info][gc,heap     ] GC(145) Humongous regions: 6->6
[85.938s][info][gc,metaspace] GC(145) Metaspace: 41180K(41600K)->41180K(41600K) NonClass: 36835K(37120K)->36835K(37120K) Class: 4345K(4480K)->4345K(4480K)
[85.938s][info][gc          ] GC(145) Pause Young (Mixed) (G1 Evacuation Pause) 324M->122M(376M) 57.100ms
[85.938s][info][gc,cpu      ] GC(145) User=0.11s Sys=0.00s Real=0.05s
[86.452s][info][gc,start    ] GC(146) Pause Young (Mixed) (G1 Evacuation Pause)
[86.452s][info][gc,task     ] GC(146) Using 2 workers of 2 for evacuation
[86.510s][info][gc,phases   ] GC(146)   Pre Evacuate Collection Set: 0.21ms
[86.510s][info][gc,phases   ] GC(146)   Merge Heap Roots: 0.18ms
[86.510s][info][gc,phases   ] GC(146)   Evacuate Collection Set: 56.78ms
[86.510s][info][gc,phases   ] GC(146)   Post Evacuate Collection Set: 0.53ms
[86.510s][info][gc,phases   ] GC(146)   Other: 0.08ms
[86.510s][info][gc,heap     ] GC(146) Eden regions: 202->0(202)
[86.510s][info][gc,heap     ] GC(146) Survivor regions: 23->23(29)
[86.510s][info][gc,heap     ] GC(146) Old regions: 93->85
[86.510s][info][gc,heap     ] GC(146) Humongous regions: 10->10
[86.510s][info][gc,metaspace] GC(146) Metaspace: 41180K(41600K)->41180K(41600K) NonClass: 36835K(37120K)->36835K(37120K) Class: 4345K(4480K)->4345K(4480K)
[86.510s][info][gc          ] GC(146) Pause Young (Mixed) (G1 Evacuation Pause) 328M->117M(376M) 57.982ms
[86.510s][info][gc,cpu      ] GC(146) User=0.11s Sys=0.00s Real=0.05s
[86.847s][info][gc,start    ] GC(147) Pause Young (Concurrent Start) (G1 Humongous Allocation)
[86.847s][info][gc,task     ] GC(147) Using 2 workers of 2 for evacuation
[86.904s][info][gc,phases   ] GC(147)   Pre Evacuate Collection Set: 0.23ms
[86.904s][info][gc,phases   ] GC(147)   Merge Heap Roots: 0.10ms
[86.904s][info][gc,phases   ] GC(147)   Evacuate Collection Set: 56.59ms
[86.905s][info][gc,phases   ] GC(147)   Post Evacuate Collection Set: 0.41ms
[86.905s][info][gc,phases   ] GC(147)   Other: 0.13ms
[86.905s][info][gc,heap     ] GC(147) Eden regions: 77->0(182)
[86.905s][info][gc,heap     ] GC(147) Survivor regions: 23->18(29)
[86.905s][info][gc,heap     ] GC(147) Old regions: 85->108
[86.905s][info][gc,heap     ] GC(147) Humongous regions: 10->10
[86.905s][info][gc,metaspace] GC(147) Metaspace: 41180K(41600K)->41180K(41600K) NonClass: 36835K(37120K)->36835K(37120K) Class: 4345K(4480K)->4345K(4480K)
[86.905s][info][gc          ] GC(147) Pause Young (Concurrent Start) (G1 Humongous Allocation) 194M->135M(376M) 57.683ms
[86.905s][info][gc,cpu      ] GC(147) User=0.12s Sys=0.00s Real=0.06s
[86.907s][info][gc          ] GC(148) Concurrent Mark Cycle
[86.907s][info][gc,marking  ] GC(148) Concurrent Scan Root Regions
[86.955s][info][gc,marking  ] GC(148) Concurrent Scan Root Regions 47.345ms
[86.955s][info][gc,marking  ] GC(148) Concurrent Mark
[86.955s][info][gc,marking  ] GC(148) Concurrent Mark From Roots
[86.955s][info][gc,task     ] GC(148) Using 1 workers of 1 for marking
[87.141s][info][gc,marking  ] GC(148) Concurrent Mark From Roots 186.022ms
[87.141s][info][gc,marking  ] GC(148) Concurrent Preclean
[87.141s][info][gc,marking  ] GC(148) Concurrent Preclean 0.042ms
[87.143s][info][gc,start    ] GC(148) Pause Remark
[87.167s][info][gc          ] GC(148) Pause Remark 153M->150M(376M) 24.495ms
[87.168s][info][gc,cpu      ] GC(148) User=0.04s Sys=0.00s Real=0.02s
[87.168s][info][gc,marking  ] GC(148) Concurrent Mark 212.933ms
[87.168s][info][gc,marking  ] GC(148) Concurrent Rebuild Remembered Sets and Scrub Regions
[87.248s][info][gc,marking  ] GC(148) Concurrent Rebuild Remembered Sets and Scrub Regions 80.609ms
[87.248s][info][gc,start    ] GC(148) Pause Cleanup
[87.248s][info][gc          ] GC(148) Pause Cleanup 153M->153M(376M) 0.061ms
[87.248s][info][gc,cpu      ] GC(148) User=0.00s Sys=0.00s Real=0.00s
[87.248s][info][gc,marking  ] GC(148) Concurrent Clear Claimed Marks
[87.249s][info][gc,marking  ] GC(148) Concurrent Clear Claimed Marks 0.042ms
[87.249s][info][gc,marking  ] GC(148) Concurrent Cleanup for Next Mark
[87.250s][info][gc,marking  ] GC(148) Concurrent Cleanup for Next Mark 1.203ms
[87.250s][info][gc          ] GC(148) Concurrent Mark Cycle 342.580ms
[88.516s][info][gc,start    ] GC(149) Pause Young (Prepare Mixed) (G1 Evacuation Pause)
[88.516s][info][gc,task     ] GC(149) Using 2 workers of 2 for evacuation
[88.547s][info][gc,phases   ] GC(149)   Pre Evacuate Collection Set: 0.19ms
[88.547s][info][gc,phases   ] GC(149)   Merge Heap Roots: 0.17ms
[88.548s][info][gc,phases   ] GC(149)   Evacuate Collection Set: 30.65ms
[88.548s][info][gc,phases   ] GC(149)   Post Evacuate Collection Set: 0.45ms
[88.548s][info][gc,phases   ] GC(149)   Other: 0.07ms
[88.548s][info][gc,heap     ] GC(149) Eden regions: 182->0(180)
[88.548s][info][gc,heap     ] GC(149) Survivor regions: 18->12(25)
[88.548s][info][gc,heap     ] GC(149) Old regions: 108->116
[88.548s][info][gc,heap     ] GC(149) Humongous regions: 15->13
[88.548s][info][gc,metaspace] GC(149) Metaspace: 41188K(41600K)->41188K(41600K) NonClass: 36842K(37120K)->36842K(37120K) Class: 4345K(4480K)->4345K(4480K)
[88.548s][info][gc          ] GC(149) Pause Young (Prepare Mixed) (G1 Evacuation Pause) 322M->140M(376M) 31.750ms
[88.548s][info][gc,cpu      ] GC(149) User=0.06s Sys=0.00s Real=0.03s
[89.879s][info][gc,start    ] GC(150) Pause Young (Mixed) (G1 Evacuation Pause)
[89.880s][info][gc,task     ] GC(150) Using 2 workers of 2 for evacuation
[89.895s][info][gc,phases   ] GC(150)   Pre Evacuate Collection Set: 0.19ms
[89.895s][info][gc,phases   ] GC(150)   Merge Heap Roots: 0.11ms
[89.895s][info][gc,phases   ] GC(150)   Evacuate Collection Set: 14.52ms
[89.895s][info][gc,phases   ] GC(150)   Post Evacuate Collection Set: 0.43ms
[89.895s][info][gc,phases   ] GC(150)   Other: 0.09ms
[89.895s][info][gc,heap     ] GC(150) Eden regions: 180->0(191)
[89.895s][info][gc,heap     ] GC(150) Survivor regions: 12->12(24)
[89.895s][info][gc,heap     ] GC(150) Old regions: 116->113
[89.895s][info][gc,heap     ] GC(150) Humongous regions: 13->13
[89.895s][info][gc,metaspace] GC(150) Metaspace: 41189K(41600K)->41189K(41600K) NonClass: 36843K(37120K)->36843K(37120K) Class: 4345K(4480K)->4345K(4480K)
[89.895s][info][gc          ] GC(150) Pause Young (Mixed) (G1 Evacuation Pause) 320M->137M(376M) 15.548ms
[89.895s][info][gc,cpu      ] GC(150) User=0.03s Sys=0.00s Real=0.02s
[91.073s][info][gc,start    ] GC(151) Pause Young (Concurrent Start) (G1 Evacuation Pause)
[91.073s][info][gc,task     ] GC(151) Using 2 workers of 2 for evacuation
[91.090s][info][gc,phases   ] GC(151)   Pre Evacuate Collection Set: 0.22ms
[91.090s][info][gc,phases   ] GC(151)   Merge Heap Roots: 0.09ms
[91.090s][info][gc,phases   ] GC(151)   Evacuate Collection Set: 16.08ms
[91.090s][info][gc,phases   ] GC(151)   Post Evacuate Collection Set: 0.44ms
[91.090s][info][gc,phases   ] GC(151)   Other: 0.11ms
[91.090s][info][gc,heap     ] GC(151) Eden regions: 191->0(193)
[91.090s][info][gc,heap     ] GC(151) Survivor regions: 12->16(26)
[91.090s][info][gc,heap     ] GC(151) Old regions: 113->113
[91.090s][info][gc,heap     ] GC(151) Humongous regions: 13->13
[91.090s][info][gc,metaspace] GC(151) Metaspace: 41189K(41600K)->41189K(41600K) NonClass: 36844K(37120K)->36844K(37120K) Class: 4345K(4480K)->4345K(4480K)
[91.090s][info][gc          ] GC(151) Pause Young (Concurrent Start) (G1 Evacuation Pause) 328M->141M(376M) 17.114ms
[91.090s][info][gc          ] GC(152) Concurrent Mark Cycle
[91.090s][info][gc,marking  ] GC(152) Concurrent Scan Root Regions
[91.091s][info][gc,cpu      ] GC(151) User=0.04s Sys=0.01s Real=0.02s
[91.109s][info][gc,marking  ] GC(152) Concurrent Scan Root Regions 18.224ms
[91.109s][info][gc,marking  ] GC(152) Concurrent Mark
[91.109s][info][gc,marking  ] GC(152) Concurrent Mark From Roots
[91.109s][info][gc,task     ] GC(152) Using 1 workers of 1 for marking
[91.141s][info][gc,marking  ] GC(152) Concurrent Mark From Roots 31.817ms
[91.141s][info][gc,marking  ] GC(152) Concurrent Preclean
[91.141s][info][gc,marking  ] GC(152) Concurrent Preclean 0.033ms
[91.141s][info][gc,start    ] GC(152) Pause Remark
[91.155s][info][gc          ] GC(152) Pause Remark 149M->68M(256M) 14.374ms
[91.155s][info][gc,cpu      ] GC(152) User=0.03s Sys=0.00s Real=0.02s
[91.155s][info][gc,marking  ] GC(152) Concurrent Mark 46.407ms
[91.155s][info][gc,marking  ] GC(152) Concurrent Rebuild Remembered Sets and Scrub Regions
[91.168s][info][gc,marking  ] GC(152) Concurrent Rebuild Remembered Sets and Scrub Regions 12.583ms
[91.168s][info][gc,start    ] GC(152) Pause Cleanup
[91.168s][info][gc          ] GC(152) Pause Cleanup 70M->70M(256M) 0.062ms
[91.168s][info][gc,cpu      ] GC(152) User=0.00s Sys=0.00s Real=0.00s
[91.168s][info][gc,marking  ] GC(152) Concurrent Clear Claimed Marks
[91.168s][info][gc,marking  ] GC(152) Concurrent Clear Claimed Marks 0.036ms
[91.168s][info][gc,marking  ] GC(152) Concurrent Cleanup for Next Mark
[91.169s][info][gc,marking  ] GC(152) Concurrent Cleanup for Next Mark 0.734ms
[91.169s][info][gc          ] GC(152) Concurrent Mark Cycle 78.331ms
[91.974s][info][gc,start    ] GC(153) Pause Young (Prepare Mixed) (G1 Evacuation Pause)
[91.974s][info][gc,task     ] GC(153) Using 2 workers of 2 for evacuation
[91.980s][info][gc,phases   ] GC(153)   Pre Evacuate Collection Set: 0.16ms
[91.980s][info][gc,phases   ] GC(153)   Merge Heap Roots: 0.09ms
[91.980s][info][gc,phases   ] GC(153)   Evacuate Collection Set: 4.67ms
[91.980s][info][gc,phases   ] GC(153)   Post Evacuate Collection Set: 0.36ms
[91.980s][info][gc,phases   ] GC(153)   Other: 0.07ms
[91.980s][info][gc,heap     ] GC(153) Eden regions: 137->0(152)
[91.980s][info][gc,heap     ] GC(153) Survivor regions: 16->1(20)
[91.980s][info][gc,heap     ] GC(153) Old regions: 44->51
[91.980s][info][gc,heap     ] GC(153) Humongous regions: 1->1
[91.980s][info][gc,metaspace] GC(153) Metaspace: 41192K(41600K)->41192K(41600K) NonClass: 36847K(37120K)->36847K(37120K) Class: 4345K(4480K)->4345K(4480K)
[91.980s][info][gc          ] GC(153) Pause Young (Prepare Mixed) (G1 Evacuation Pause) 197M->52M(256M) 5.528ms
[91.980s][info][gc,cpu      ] GC(153) User=0.01s Sys=0.00s Real=0.00s
[92.884s][info][gc,start    ] GC(154) Pause Young (Mixed) (G1 Evacuation Pause)
[92.884s][info][gc,task     ] GC(154) Using 2 workers of 2 for evacuation
[92.904s][info][gc,phases   ] GC(154)   Pre Evacuate Collection Set: 0.20ms
[92.904s][info][gc,phases   ] GC(154)   Merge Heap Roots: 0.12ms
[92.904s][info][gc,phases   ] GC(154)   Evacuate Collection Set: 18.99ms
[92.904s][info][gc,phases   ] GC(154)   Post Evacuate Collection Set: 0.46ms
[92.904s][info][gc,phases   ] GC(154)   Other: 0.08ms
[92.904s][info][gc,heap     ] GC(154) Eden regions: 152->0(136)
[92.904s][info][gc,heap     ] GC(154) Survivor regions: 1->17(20)
[92.904s][info][gc,heap     ] GC(154) Old regions: 51->43
[92.904s][info][gc,heap     ] GC(154) Humongous regions: 2->2
[92.904s][info][gc,metaspace] GC(154) Metaspace: 41192K(41600K)->41192K(41600K) NonClass: 36847K(37120K)->36847K(37120K) Class: 4345K(4480K)->4345K(4480K)
[92.904s][info][gc          ] GC(154) Pause Young (Mixed) (G1 Evacuation Pause) 205M->61M(256M) 20.034ms
[92.904s][info][gc,cpu      ] GC(154) User=0.04s Sys=0.00s Real=0.02s
[93.705s][info][gc,start    ] GC(155) Pause Young (Concurrent Start) (G1 Evacuation Pause)
[93.705s][info][gc,task     ] GC(155) Using 2 workers of 2 for evacuation
[93.735s][info][gc,phases   ] GC(155)   Pre Evacuate Collection Set: 0.15ms
[93.735s][info][gc,phases   ] GC(155)   Merge Heap Roots: 0.08ms
[93.735s][info][gc,phases   ] GC(155)   Evacuate Collection Set: 28.76ms
[93.735s][info][gc,phases   ] GC(155)   Post Evacuate Collection Set: 0.43ms
[93.735s][info][gc,phases   ] GC(155)   Other: 0.13ms
[93.735s][info][gc,heap     ] GC(155) Eden regions: 136->0(137)
[93.735s][info][gc,heap     ] GC(155) Survivor regions: 17->16(20)
[93.735s][info][gc,heap     ] GC(155) Old regions: 43->59
[93.735s][info][gc,heap     ] GC(155) Humongous regions: 2->2
[93.735s][info][gc,metaspace] GC(155) Metaspace: 41193K(41600K)->41193K(41600K) NonClass: 36848K(37120K)->36848K(37120K) Class: 4345K(4480K)->4345K(4480K)
[93.735s][info][gc          ] GC(155) Pause Young (Concurrent Start) (G1 Evacuation Pause) 197M->76M(256M) 29.725ms
[93.735s][info][gc,cpu      ] GC(155) User=0.06s Sys=0.00s Real=0.03s
[93.735s][info][gc          ] GC(156) Concurrent Mark Cycle
[93.738s][info][gc,marking  ] GC(156) Concurrent Scan Root Regions
[93.763s][info][gc,marking  ] GC(156) Concurrent Scan Root Regions 24.847ms
[93.763s][info][gc,marking  ] GC(156) Concurrent Mark
[93.763s][info][gc,marking  ] GC(156) Concurrent Mark From Roots
[93.763s][info][gc,task     ] GC(156) Using 1 workers of 1 for marking
[93.800s][info][gc,marking  ] GC(156) Concurrent Mark From Roots 37.634ms
[93.800s][info][gc,marking  ] GC(156) Concurrent Preclean
[93.800s][info][gc,marking  ] GC(156) Concurrent Preclean 0.034ms
[93.800s][info][gc,start    ] GC(156) Pause Remark
[93.815s][info][gc          ] GC(156) Pause Remark 83M->83M(256M) 14.922ms
[93.815s][info][gc,cpu      ] GC(156) User=0.03s Sys=0.00s Real=0.02s
[93.815s][info][gc,marking  ] GC(156) Concurrent Mark 52.800ms
[93.815s][info][gc,marking  ] GC(156) Concurrent Rebuild Remembered Sets and Scrub Regions
[93.841s][info][gc,marking  ] GC(156) Concurrent Rebuild Remembered Sets and Scrub Regions 26.029ms
[93.842s][info][gc,start    ] GC(156) Pause Cleanup
[93.842s][info][gc          ] GC(156) Pause Cleanup 94M->94M(256M) 0.056ms
[93.842s][info][gc,cpu      ] GC(156) User=0.00s Sys=0.00s Real=0.00s
[93.842s][info][gc,marking  ] GC(156) Concurrent Clear Claimed Marks
[93.842s][info][gc,marking  ] GC(156) Concurrent Clear Claimed Marks 0.036ms
[93.842s][info][gc,marking  ] GC(156) Concurrent Cleanup for Next Mark
[93.842s][info][gc,marking  ] GC(156) Concurrent Cleanup for Next Mark 0.767ms
[93.842s][info][gc          ] GC(156) Concurrent Mark Cycle 107.697ms
[94.135s][info][gc,start    ] GC(157) Pause Young (Prepare Mixed) (G1 Evacuation Pause)
[94.135s][info][gc,task     ] GC(157) Using 2 workers of 2 for evacuation
[94.157s][info][gc,phases   ] GC(157)   Pre Evacuate Collection Set: 0.15ms
[94.157s][info][gc,phases   ] GC(157)   Merge Heap Roots: 0.09ms
[94.157s][info][gc,phases   ] GC(157)   Evacuate Collection Set: 20.72ms
[94.157s][info][gc,phases   ] GC(157)   Post Evacuate Collection Set: 0.40ms
[94.157s][info][gc,phases   ] GC(157)   Other: 0.10ms
[94.157s][info][gc,heap     ] GC(157) Eden regions: 137->0(131)
[94.157s][info][gc,heap     ] GC(157) Survivor regions: 16->18(20)
[94.157s][info][gc,heap     ] GC(157) Old regions: 59->65
[94.157s][info][gc,heap     ] GC(157) Humongous regions: 5->5
[94.157s][info][gc,metaspace] GC(157) Metaspace: 41196K(41600K)->41196K(41600K) NonClass: 36851K(37120K)->36851K(37120K) Class: 4345K(4480K)->4345K(4480K)
[94.157s][info][gc          ] GC(157) Pause Young (Prepare Mixed) (G1 Evacuation Pause) 216M->86M(256M) 21.652ms
[94.157s][info][gc,cpu      ] GC(157) User=0.05s Sys=0.00s Real=0.02s
[94.480s][info][gc,start    ] GC(158) Pause Young (Mixed) (G1 Evacuation Pause)
[94.480s][info][gc,task     ] GC(158) Using 2 workers of 2 for evacuation
[94.524s][info][gc,phases   ] GC(158)   Pre Evacuate Collection Set: 0.17ms
[94.524s][info][gc,phases   ] GC(158)   Merge Heap Roots: 0.20ms
[94.524s][info][gc,phases   ] GC(158)   Evacuate Collection Set: 42.33ms
[94.524s][info][gc,phases   ] GC(158)   Post Evacuate Collection Set: 1.09ms
[94.524s][info][gc,phases   ] GC(158)   Other: 0.09ms
[94.524s][info][gc,heap     ] GC(158) Eden regions: 131->0(149)
[94.524s][info][gc,heap     ] GC(158) Survivor regions: 18->17(19)
[94.524s][info][gc,heap     ] GC(158) Old regions: 65->71
[94.524s][info][gc,heap     ] GC(158) Humongous regions: 7->7
[94.524s][info][gc,metaspace] GC(158) Metaspace: 41196K(41600K)->41196K(41600K) NonClass: 36851K(37120K)->36851K(37120K) Class: 4345K(4480K)->4345K(4480K)
[94.524s][info][gc          ] GC(158) Pause Young (Mixed) (G1 Evacuation Pause) 219M->94M(286M) 44.078ms
[94.524s][info][gc,cpu      ] GC(158) User=0.08s Sys=0.00s Real=0.05s
[94.905s][info][gc,start    ] GC(159) Pause Young (Concurrent Start) (G1 Evacuation Pause)
[94.905s][info][gc,task     ] GC(159) Using 2 workers of 2 for evacuation
[94.943s][info][gc,phases   ] GC(159)   Pre Evacuate Collection Set: 0.21ms
[94.943s][info][gc,phases   ] GC(159)   Merge Heap Roots: 0.08ms
[94.943s][info][gc,phases   ] GC(159)   Evacuate Collection Set: 37.64ms
[94.943s][info][gc,phases   ] GC(159)   Post Evacuate Collection Set: 0.41ms
[94.943s][info][gc,phases   ] GC(159)   Other: 0.11ms
[94.943s][info][gc,heap     ] GC(159) Eden regions: 149->0(134)
[94.943s][info][gc,heap     ] GC(159) Survivor regions: 17->18(21)
[94.943s][info][gc,heap     ] GC(159) Old regions: 71->87
[94.943s][info][gc,heap     ] GC(159) Humongous regions: 7->7
[94.943s][info][gc,metaspace] GC(159) Metaspace: 41196K(41600K)->41196K(41600K) NonClass: 36851K(37120K)->36851K(37120K) Class: 4345K(4480K)->4345K(4480K)
[94.943s][info][gc          ] GC(159) Pause Young (Concurrent Start) (G1 Evacuation Pause) 243M->111M(286M) 38.715ms
[94.943s][info][gc,cpu      ] GC(159) User=0.08s Sys=0.00s Real=0.04s
[94.943s][info][gc          ] GC(160) Concurrent Mark Cycle
[94.943s][info][gc,marking  ] GC(160) Concurrent Scan Root Regions
[94.988s][info][gc,marking  ] GC(160) Concurrent Scan Root Regions 44.785ms
[94.988s][info][gc,marking  ] GC(160) Concurrent Mark
[94.988s][info][gc,marking  ] GC(160) Concurrent Mark From Roots
[94.988s][info][gc,task     ] GC(160) Using 1 workers of 1 for marking
[95.076s][info][gc,marking  ] GC(160) Concurrent Mark From Roots 87.389ms
[95.076s][info][gc,marking  ] GC(160) Concurrent Preclean
[95.076s][info][gc,marking  ] GC(160) Concurrent Preclean 0.037ms
[95.076s][info][gc,start    ] GC(160) Pause Remark
[95.091s][info][gc          ] GC(160) Pause Remark 157M->145M(286M) 14.922ms
[95.091s][info][gc,cpu      ] GC(160) User=0.02s Sys=0.00s Real=0.01s
[95.091s][info][gc,marking  ] GC(160) Concurrent Mark 102.651ms
[95.091s][info][gc,marking  ] GC(160) Concurrent Rebuild Remembered Sets and Scrub Regions
[95.150s][info][gc,marking  ] GC(160) Concurrent Rebuild Remembered Sets and Scrub Regions 58.640ms
[95.152s][info][gc,start    ] GC(160) Pause Cleanup
[95.152s][info][gc          ] GC(160) Pause Cleanup 164M->164M(286M) 0.057ms
[95.152s][info][gc,cpu      ] GC(160) User=0.00s Sys=0.00s Real=0.00s
[95.152s][info][gc,marking  ] GC(160) Concurrent Clear Claimed Marks
[95.152s][info][gc,marking  ] GC(160) Concurrent Clear Claimed Marks 0.040ms
[95.152s][info][gc,marking  ] GC(160) Concurrent Cleanup for Next Mark
[95.153s][info][gc,marking  ] GC(160) Concurrent Cleanup for Next Mark 1.191ms
[95.153s][info][gc          ] GC(160) Concurrent Mark Cycle 209.791ms
[95.384s][info][gc,start    ] GC(161) Pause Young (Prepare Mixed) (G1 Evacuation Pause)
[95.384s][info][gc,task     ] GC(161) Using 2 workers of 2 for evacuation
[95.426s][info][gc,phases   ] GC(161)   Pre Evacuate Collection Set: 0.25ms
[95.426s][info][gc,phases   ] GC(161)   Merge Heap Roots: 0.15ms
[95.426s][info][gc,phases   ] GC(161)   Evacuate Collection Set: 40.57ms
[95.426s][info][gc,phases   ] GC(161)   Post Evacuate Collection Set: 0.45ms
[95.426s][info][gc,phases   ] GC(161)   Other: 0.07ms
[95.426s][info][gc,heap     ] GC(161) Eden regions: 134->0(128)
[95.426s][info][gc,heap     ] GC(161) Survivor regions: 18->16(19)
[95.426s][info][gc,heap     ] GC(161) Old regions: 77->95
[95.426s][info][gc,heap     ] GC(161) Humongous regions: 9->9
[95.426s][info][gc,metaspace] GC(161) Metaspace: 41196K(41600K)->41196K(41600K) NonClass: 36851K(37120K)->36851K(37120K) Class: 4345K(4480K)->4345K(4480K)
[95.426s][info][gc          ] GC(161) Pause Young (Prepare Mixed) (G1 Evacuation Pause) 237M->119M(286M) 41.694ms
[95.426s][info][gc,cpu      ] GC(161) User=0.08s Sys=0.00s Real=0.04s
[95.857s][info][gc,start    ] GC(162) Pause Young (Mixed) (G1 Evacuation Pause)
[95.857s][info][gc,task     ] GC(162) Using 2 workers of 2 for evacuation
[95.906s][info][gc,phases   ] GC(162)   Pre Evacuate Collection Set: 0.19ms
[95.906s][info][gc,phases   ] GC(162)   Merge Heap Roots: 0.17ms
[95.906s][info][gc,phases   ] GC(162)   Evacuate Collection Set: 47.62ms
[95.906s][info][gc,phases   ] GC(162)   Post Evacuate Collection Set: 0.60ms
[95.906s][info][gc,phases   ] GC(162)   Other: 0.08ms
[95.906s][info][gc,heap     ] GC(162) Eden regions: 128->0(115)
[95.906s][info][gc,heap     ] GC(162) Survivor regions: 16->18(18)
[95.906s][info][gc,heap     ] GC(162) Old regions: 95->104
[95.906s][info][gc,heap     ] GC(162) Humongous regions: 9->9
[95.906s][info][gc,metaspace] GC(162) Metaspace: 41196K(41600K)->41196K(41600K) NonClass: 36851K(37120K)->36851K(37120K) Class: 4345K(4480K)->4345K(4480K)
[95.906s][info][gc          ] GC(162) Pause Young (Mixed) (G1 Evacuation Pause) 247M->130M(286M) 48.910ms
[95.906s][info][gc,cpu      ] GC(162) User=0.09s Sys=0.00s Real=0.05s
[95.977s][info][gc,start    ] GC(163) Pause Young (Concurrent Start) (G1 Humongous Allocation)
[95.977s][info][gc,task     ] GC(163) Using 2 workers of 2 for evacuation
[96.004s][info][gc,phases   ] GC(163)   Pre Evacuate Collection Set: 0.20ms
[96.004s][info][gc,phases   ] GC(163)   Merge Heap Roots: 0.10ms
[96.004s][info][gc,phases   ] GC(163)   Evacuate Collection Set: 25.88ms
[96.004s][info][gc,phases   ] GC(163)   Post Evacuate Collection Set: 0.31ms
[96.004s][info][gc,phases   ] GC(163)   Other: 0.12ms
[96.004s][info][gc,heap     ] GC(163) Eden regions: 5->0(65)
[96.004s][info][gc,heap     ] GC(163) Survivor regions: 18->6(17)
[96.004s][info][gc,heap     ] GC(163) Old regions: 104->121
[96.004s][info][gc,heap     ] GC(163) Humongous regions: 9->9
[96.004s][info][gc,metaspace] GC(163) Metaspace: 41196K(41600K)->41196K(41600K) NonClass: 36851K(37120K)->36851K(37120K) Class: 4345K(4480K)->4345K(4480K)
[96.004s][info][gc          ] GC(163) Pause Young (Concurrent Start) (G1 Humongous Allocation) 135M->135M(286M) 26.848ms
[96.004s][info][gc,cpu      ] GC(163) User=0.05s Sys=0.00s Real=0.03s
[96.004s][info][gc          ] GC(164) Concurrent Mark Cycle
[96.004s][info][gc,marking  ] GC(164) Concurrent Scan Root Regions
[96.040s][info][gc,marking  ] GC(164) Concurrent Scan Root Regions 35.912ms
[96.040s][info][gc,marking  ] GC(164) Concurrent Mark
[96.040s][info][gc,marking  ] GC(164) Concurrent Mark From Roots
[96.040s][info][gc,task     ] GC(164) Using 1 workers of 1 for marking
[96.171s][info][gc,marking  ] GC(164) Concurrent Mark From Roots 131.578ms
[96.171s][info][gc,marking  ] GC(164) Concurrent Preclean
[96.172s][info][gc,marking  ] GC(164) Concurrent Preclean 0.043ms
[96.172s][info][gc,start    ] GC(164) Pause Remark
[96.186s][info][gc          ] GC(164) Pause Remark 146M->144M(286M) 14.452ms
[96.186s][info][gc,cpu      ] GC(164) User=0.03s Sys=0.01s Real=0.01s
[96.188s][info][gc,marking  ] GC(164) Concurrent Mark 148.361ms
[96.188s][info][gc,marking  ] GC(164) Concurrent Rebuild Remembered Sets and Scrub Regions
[96.268s][info][gc,marking  ] GC(164) Concurrent Rebuild Remembered Sets and Scrub Regions 79.395ms
[96.268s][info][gc,start    ] GC(164) Pause Cleanup
[96.268s][info][gc          ] GC(164) Pause Cleanup 151M->151M(286M) 0.059ms
[96.268s][info][gc,cpu      ] GC(164) User=0.00s Sys=0.00s Real=0.00s
[96.268s][info][gc,marking  ] GC(164) Concurrent Clear Claimed Marks
[96.268s][info][gc,marking  ] GC(164) Concurrent Clear Claimed Marks 0.041ms
[96.268s][info][gc,marking  ] GC(164) Concurrent Cleanup for Next Mark
[96.269s][info][gc,marking  ] GC(164) Concurrent Cleanup for Next Mark 0.865ms
[96.269s][info][gc          ] GC(164) Concurrent Mark Cycle 264.985ms
[96.995s][info][gc,start    ] GC(165) Pause Young (Prepare Mixed) (G1 Evacuation Pause)
[96.995s][info][gc,task     ] GC(165) Using 2 workers of 2 for evacuation
[97.023s][info][gc,phases   ] GC(165)   Pre Evacuate Collection Set: 0.19ms
[97.023s][info][gc,phases   ] GC(165)   Merge Heap Roots: 0.18ms
[97.023s][info][gc,phases   ] GC(165)   Evacuate Collection Set: 26.64ms
[97.023s][info][gc,phases   ] GC(165)   Post Evacuate Collection Set: 0.37ms
[97.023s][info][gc,phases   ] GC(165)   Other: 0.07ms
[97.023s][info][gc,heap     ] GC(165) Eden regions: 65->0(59)
[97.023s][info][gc,heap     ] GC(165) Survivor regions: 6->9(9)
[97.023s][info][gc,heap     ] GC(165) Old regions: 121->133
[97.023s][info][gc,heap     ] GC(165) Humongous regions: 15->13
[97.023s][info][gc,metaspace] GC(165) Metaspace: 41196K(41600K)->41196K(41600K) NonClass: 36851K(37120K)->36851K(37120K) Class: 4345K(4480K)->4345K(4480K)
[97.023s][info][gc          ] GC(165) Pause Young (Prepare Mixed) (G1 Evacuation Pause) 206M->155M(286M) 27.633ms
[97.023s][info][gc,cpu      ] GC(165) User=0.05s Sys=0.00s Real=0.03s
[97.245s][info][gc,start    ] GC(166) Pause Young (Mixed) (G1 Evacuation Pause)
[97.245s][info][gc,task     ] GC(166) Using 2 workers of 2 for evacuation
[97.261s][info][gc,phases   ] GC(166)   Pre Evacuate Collection Set: 0.17ms
[97.261s][info][gc,phases   ] GC(166)   Merge Heap Roots: 0.13ms
[97.261s][info][gc,phases   ] GC(166)   Evacuate Collection Set: 15.42ms
[97.261s][info][gc,phases   ] GC(166)   Post Evacuate Collection Set: 0.37ms
[97.261s][info][gc,phases   ] GC(166)   Other: 0.09ms
[97.261s][info][gc,heap     ] GC(166) Eden regions: 59->0(64)
[97.261s][info][gc,heap     ] GC(166) Survivor regions: 9->4(9)
[97.261s][info][gc,heap     ] GC(166) Old regions: 133->139
[97.261s][info][gc,heap     ] GC(166) Humongous regions: 13->13
[97.261s][info][gc,metaspace] GC(166) Metaspace: 41202K(41600K)->41202K(41600K) NonClass: 36856K(37120K)->36856K(37120K) Class: 4345K(4480K)->4345K(4480K)
[97.261s][info][gc          ] GC(166) Pause Young (Mixed) (G1 Evacuation Pause) 214M->155M(286M) 16.377ms
[97.261s][info][gc,cpu      ] GC(166) User=0.03s Sys=0.00s Real=0.01s
[97.497s][info][gc,start    ] GC(167) Pause Young (Concurrent Start) (G1 Evacuation Pause)
[97.497s][info][gc,task     ] GC(167) Using 2 workers of 2 for evacuation
[97.504s][info][gc,phases   ] GC(167)   Pre Evacuate Collection Set: 0.20ms
[97.504s][info][gc,phases   ] GC(167)   Merge Heap Roots: 0.04ms
[97.504s][info][gc,phases   ] GC(167)   Evacuate Collection Set: 4.92ms
[97.504s][info][gc,phases   ] GC(167)   Post Evacuate Collection Set: 1.17ms
[97.504s][info][gc,phases   ] GC(167)   Other: 0.11ms
[97.504s][info][gc,heap     ] GC(167) Eden regions: 64->0(124)
[97.504s][info][gc,heap     ] GC(167) Survivor regions: 4->7(9)
[97.504s][info][gc,heap     ] GC(167) Old regions: 139->139
[97.504s][info][gc,heap     ] GC(167) Humongous regions: 13->13
[97.504s][info][gc,metaspace] GC(167) Metaspace: 41205K(41600K)->41205K(41600K) NonClass: 36860K(37120K)->36860K(37120K) Class: 4345K(4480K)->4345K(4480K)
[97.504s][info][gc          ] GC(167) Pause Young (Concurrent Start) (G1 Evacuation Pause) 219M->158M(403M) 6.630ms
[97.504s][info][gc,cpu      ] GC(167) User=0.01s Sys=0.00s Real=0.01s
[97.504s][info][gc          ] GC(168) Concurrent Mark Cycle
[97.504s][info][gc,marking  ] GC(168) Concurrent Scan Root Regions
[97.510s][info][gc,marking  ] GC(168) Concurrent Scan Root Regions 6.129ms
[97.510s][info][gc,marking  ] GC(168) Concurrent Mark
[97.510s][info][gc,marking  ] GC(168) Concurrent Mark From Roots
[97.510s][info][gc,task     ] GC(168) Using 1 workers of 1 for marking
[97.545s][info][gc,marking  ] GC(168) Concurrent Mark From Roots 35.267ms
[97.545s][info][gc,marking  ] GC(168) Concurrent Preclean
[97.545s][info][gc,marking  ] GC(168) Concurrent Preclean 0.034ms
[97.546s][info][gc,start    ] GC(168) Pause Remark
[97.560s][info][gc          ] GC(168) Pause Remark 165M->59M(256M) 14.588ms
[97.560s][info][gc,cpu      ] GC(168) User=0.03s Sys=0.00s Real=0.01s
[97.560s][info][gc,marking  ] GC(168) Concurrent Mark 50.236ms
[97.560s][info][gc,marking  ] GC(168) Concurrent Rebuild Remembered Sets and Scrub Regions
[97.575s][info][gc,marking  ] GC(168) Concurrent Rebuild Remembered Sets and Scrub Regions 14.294ms
[97.575s][info][gc,start    ] GC(168) Pause Cleanup
[97.575s][info][gc          ] GC(168) Pause Cleanup 61M->61M(256M) 0.043ms
[97.575s][info][gc,cpu      ] GC(168) User=0.00s Sys=0.00s Real=0.00s
[97.575s][info][gc,marking  ] GC(168) Concurrent Clear Claimed Marks
[97.575s][info][gc,marking  ] GC(168) Concurrent Clear Claimed Marks 0.039ms
[97.575s][info][gc,marking  ] GC(168) Concurrent Cleanup for Next Mark
[97.576s][info][gc,marking  ] GC(168) Concurrent Cleanup for Next Mark 0.766ms
[97.576s][info][gc          ] GC(168) Concurrent Mark Cycle 71.776ms
[98.209s][info][gc,start    ] GC(169) Pause Young (Prepare Mixed) (G1 Evacuation Pause)
[98.209s][info][gc,task     ] GC(169) Using 2 workers of 2 for evacuation
[98.219s][info][gc,phases   ] GC(169)   Pre Evacuate Collection Set: 0.23ms
[98.219s][info][gc,phases   ] GC(169)   Merge Heap Roots: 0.07ms
[98.219s][info][gc,phases   ] GC(169)   Evacuate Collection Set: 9.36ms
[98.219s][info][gc,phases   ] GC(169)   Post Evacuate Collection Set: 0.37ms
[98.219s][info][gc,phases   ] GC(169)   Other: 0.08ms
[98.219s][info][gc,heap     ] GC(169) Eden regions: 124->0(111)
[98.219s][info][gc,heap     ] GC(169) Survivor regions: 7->13(17)
[98.219s][info][gc,heap     ] GC(169) Old regions: 45->45
[98.219s][info][gc,heap     ] GC(169) Humongous regions: 1->1
[98.219s][info][gc,metaspace] GC(169) Metaspace: 41206K(41600K)->41206K(41600K) NonClass: 36860K(37120K)->36860K(37120K) Class: 4345K(4480K)->4345K(4480K)
[98.220s][info][gc          ] GC(169) Pause Young (Prepare Mixed) (G1 Evacuation Pause) 177M->58M(256M) 10.356ms
[98.220s][info][gc,cpu      ] GC(169) User=0.02s Sys=0.00s Real=0.01s
[98.898s][info][gc,start    ] GC(170) Pause Young (Mixed) (G1 Evacuation Pause)
[98.898s][info][gc,task     ] GC(170) Using 2 workers of 2 for evacuation
[98.903s][info][gc,phases   ] GC(170)   Pre Evacuate Collection Set: 0.22ms
[98.903s][info][gc,phases   ] GC(170)   Merge Heap Roots: 0.08ms
[98.903s][info][gc,phases   ] GC(170)   Evacuate Collection Set: 4.33ms
[98.903s][info][gc,phases   ] GC(170)   Post Evacuate Collection Set: 0.35ms
[98.903s][info][gc,phases   ] GC(170)   Other: 0.10ms
[98.903s][info][gc,heap     ] GC(170) Eden regions: 111->0(126)
[98.903s][info][gc,heap     ] GC(170) Survivor regions: 13->2(16)
[98.903s][info][gc,heap     ] GC(170) Old regions: 45->46
[98.903s][info][gc,heap     ] GC(170) Humongous regions: 1->1
[98.903s][info][gc,metaspace] GC(170) Metaspace: 41206K(41600K)->41206K(41600K) NonClass: 36860K(37120K)->36860K(37120K) Class: 4345K(4480K)->4345K(4480K)
[98.903s][info][gc          ] GC(170) Pause Young (Mixed) (G1 Evacuation Pause) 169M->47M(256M) 5.264ms
[98.903s][info][gc,cpu      ] GC(170) User=0.01s Sys=0.00s Real=0.01s
[99.664s][info][gc,start    ] GC(171) Pause Young (Concurrent Start) (G1 Evacuation Pause)
[99.664s][info][gc,task     ] GC(171) Using 2 workers of 2 for evacuation
[99.679s][info][gc,phases   ] GC(171)   Pre Evacuate Collection Set: 0.16ms
[99.679s][info][gc,phases   ] GC(171)   Merge Heap Roots: 0.05ms
[99.679s][info][gc,phases   ] GC(171)   Evacuate Collection Set: 14.75ms
[99.679s][info][gc,phases   ] GC(171)   Post Evacuate Collection Set: 0.35ms
[99.679s][info][gc,phases   ] GC(171)   Other: 0.14ms
[99.679s][info][gc,heap     ] GC(171) Eden regions: 126->0(124)
[99.679s][info][gc,heap     ] GC(171) Survivor regions: 2->15(16)
[99.679s][info][gc,heap     ] GC(171) Old regions: 46->46
[99.679s][info][gc,heap     ] GC(171) Humongous regions: 1->1
[99.679s][info][gc,metaspace] GC(171) Metaspace: 41206K(41600K)->41206K(41600K) NonClass: 36860K(37120K)->36860K(37120K) Class: 4345K(4480K)->4345K(4480K)
[99.679s][info][gc          ] GC(171) Pause Young (Concurrent Start) (G1 Evacuation Pause) 173M->61M(256M) 15.673ms
[99.679s][info][gc,cpu      ] GC(171) User=0.03s Sys=0.00s Real=0.01s
[99.679s][info][gc          ] GC(172) Concurrent Mark Cycle
[99.679s][info][gc,marking  ] GC(172) Concurrent Scan Root Regions
[99.689s][info][gc,marking  ] GC(172) Concurrent Scan Root Regions 9.852ms
[99.689s][info][gc,marking  ] GC(172) Concurrent Mark
[99.689s][info][gc,marking  ] GC(172) Concurrent Mark From Roots
[99.689s][info][gc,task     ] GC(172) Using 1 workers of 1 for marking
[99.728s][info][gc,marking  ] GC(172) Concurrent Mark From Roots 39.282ms
[99.728s][info][gc,marking  ] GC(172) Concurrent Preclean
[99.729s][info][gc,marking  ] GC(172) Concurrent Preclean 0.033ms
[99.729s][info][gc,start    ] GC(172) Pause Remark
[99.743s][info][gc          ] GC(172) Pause Remark 69M->69M(256M) 14.270ms
[99.743s][info][gc,cpu      ] GC(172) User=0.03s Sys=0.00s Real=0.02s
[99.743s][info][gc,marking  ] GC(172) Concurrent Mark 53.948ms
[99.743s][info][gc,marking  ] GC(172) Concurrent Rebuild Remembered Sets and Scrub Regions
[99.759s][info][gc,marking  ] GC(172) Concurrent Rebuild Remembered Sets and Scrub Regions 15.827ms
[99.759s][info][gc,start    ] GC(172) Pause Cleanup
[99.759s][info][gc          ] GC(172) Pause Cleanup 71M->71M(256M) 0.054ms
[99.759s][info][gc,cpu      ] GC(172) User=0.00s Sys=0.00s Real=0.00s
[99.759s][info][gc,marking  ] GC(172) Concurrent Clear Claimed Marks
[99.759s][info][gc,marking  ] GC(172) Concurrent Clear Claimed Marks 0.038ms
[99.759s][info][gc,marking  ] GC(172) Concurrent Cleanup for Next Mark
[99.760s][info][gc,marking  ] GC(172) Concurrent Cleanup for Next Mark 0.730ms
[99.760s][info][gc          ] GC(172) Concurrent Mark Cycle 80.756ms
[100.458s][info][gc,start    ] GC(173) Pause Young (Prepare Mixed) (G1 Evacuation Pause)
[100.458s][info][gc,task     ] GC(173) Using 2 workers of 2 for evacuation
[100.474s][info][gc,phases   ] GC(173)   Pre Evacuate Collection Set: 0.15ms
[100.474s][info][gc,phases   ] GC(173)   Merge Heap Roots: 0.08ms
[100.474s][info][gc,phases   ] GC(173)   Evacuate Collection Set: 14.66ms
[100.474s][info][gc,phases   ] GC(173)   Post Evacuate Collection Set: 0.41ms
[100.474s][info][gc,phases   ] GC(173)   Other: 0.07ms
[100.474s][info][gc,heap     ] GC(173) Eden regions: 124->0(129)
[100.474s][info][gc,heap     ] GC(173) Survivor regions: 15->11(18)
[100.474s][info][gc,heap     ] GC(173) Old regions: 46->50
[100.474s][info][gc,heap     ] GC(173) Humongous regions: 1->1
[100.474s][info][gc,metaspace] GC(173) Metaspace: 41206K(41600K)->41206K(41600K) NonClass: 36860K(37120K)->36860K(37120K) Class: 4345K(4480K)->4345K(4480K)
[100.474s][info][gc          ] GC(173) Pause Young (Prepare Mixed) (G1 Evacuation Pause) 185M->61M(256M) 15.569ms
[100.474s][info][gc,cpu      ] GC(173) User=0.03s Sys=0.00s Real=0.02s
[101.247s][info][gc,start    ] GC(174) Pause Young (Mixed) (G1 Evacuation Pause)
[101.247s][info][gc,task     ] GC(174) Using 2 workers of 2 for evacuation
[101.270s][info][gc,phases   ] GC(174)   Pre Evacuate Collection Set: 0.16ms
[101.270s][info][gc,phases   ] GC(174)   Merge Heap Roots: 0.08ms
[101.270s][info][gc,phases   ] GC(174)   Evacuate Collection Set: 21.70ms
[101.270s][info][gc,phases   ] GC(174)   Post Evacuate Collection Set: 0.41ms
[101.270s][info][gc,phases   ] GC(174)   Other: 0.09ms
[101.270s][info][gc,heap     ] GC(174) Eden regions: 129->0(129)
[101.270s][info][gc,heap     ] GC(174) Survivor regions: 11->13(18)
[101.270s][info][gc,heap     ] GC(174) Old regions: 50->54
[101.270s][info][gc,heap     ] GC(174) Humongous regions: 2->2
[101.270s][info][gc,metaspace] GC(174) Metaspace: 41206K(41600K)->41206K(41600K) NonClass: 36860K(37120K)->36860K(37120K) Class: 4345K(4480K)->4345K(4480K)
[101.270s][info][gc          ] GC(174) Pause Young (Mixed) (G1 Evacuation Pause) 191M->68M(256M) 22.623ms
[101.270s][info][gc,cpu      ] GC(174) User=0.05s Sys=0.00s Real=0.02s
[102.060s][info][gc,start    ] GC(175) Pause Young (Concurrent Start) (G1 Evacuation Pause)
[102.060s][info][gc,task     ] GC(175) Using 2 workers of 2 for evacuation
[102.084s][info][gc,phases   ] GC(175)   Pre Evacuate Collection Set: 0.19ms
[102.084s][info][gc,phases   ] GC(175)   Merge Heap Roots: 0.09ms
[102.084s][info][gc,phases   ] GC(175)   Evacuate Collection Set: 24.01ms
[102.084s][info][gc,phases   ] GC(175)   Post Evacuate Collection Set: 0.40ms
[102.084s][info][gc,phases   ] GC(175)   Other: 0.09ms
[102.084s][info][gc,heap     ] GC(175) Eden regions: 129->0(125)
[102.084s][info][gc,heap     ] GC(175) Survivor regions: 13->12(18)
[102.085s][info][gc,heap     ] GC(175) Old regions: 54->67
[102.085s][info][gc,heap     ] GC(175) Humongous regions: 2->2
[102.085s][info][gc,metaspace] GC(175) Metaspace: 41206K(41600K)->41206K(41600K) NonClass: 36861K(37120K)->36861K(37120K) Class: 4345K(4480K)->4345K(4480K)
[102.085s][info][gc          ] GC(175) Pause Young (Concurrent Start) (G1 Evacuation Pause) 197M->80M(256M) 24.984ms
[102.085s][info][gc,cpu      ] GC(175) User=0.05s Sys=0.00s Real=0.03s
[102.085s][info][gc          ] GC(176) Concurrent Mark Cycle
[102.085s][info][gc,marking  ] GC(176) Concurrent Scan Root Regions
[102.102s][info][gc,marking  ] GC(176) Concurrent Scan Root Regions 16.987ms
[102.102s][info][gc,marking  ] GC(176) Concurrent Mark
[102.102s][info][gc,marking  ] GC(176) Concurrent Mark From Roots
[102.102s][info][gc,task     ] GC(176) Using 1 workers of 1 for marking
[102.141s][info][gc,marking  ] GC(176) Concurrent Mark From Roots 38.709ms
[102.141s][info][gc,marking  ] GC(176) Concurrent Preclean
[102.141s][info][gc,marking  ] GC(176) Concurrent Preclean 0.035ms
[102.142s][info][gc,start    ] GC(176) Pause Remark
[102.156s][info][gc          ] GC(176) Pause Remark 90M->83M(256M) 14.225ms
[102.156s][info][gc,cpu      ] GC(176) User=0.03s Sys=0.00s Real=0.01s
[102.156s][info][gc,marking  ] GC(176) Concurrent Mark 54.467ms
[102.156s][info][gc,marking  ] GC(176) Concurrent Rebuild Remembered Sets and Scrub Regions
[102.182s][info][gc,marking  ] GC(176) Concurrent Rebuild Remembered Sets and Scrub Regions 25.670ms
[102.182s][info][gc,start    ] GC(176) Pause Cleanup
[102.182s][info][gc          ] GC(176) Pause Cleanup 87M->87M(256M) 0.041ms
[102.182s][info][gc,cpu      ] GC(176) User=0.00s Sys=0.00s Real=0.00s
[102.182s][info][gc,marking  ] GC(176) Concurrent Clear Claimed Marks
[102.182s][info][gc,marking  ] GC(176) Concurrent Clear Claimed Marks 0.037ms
[102.182s][info][gc,marking  ] GC(176) Concurrent Cleanup for Next Mark
[102.183s][info][gc,marking  ] GC(176) Concurrent Cleanup for Next Mark 0.736ms
[102.183s][info][gc          ] GC(176) Concurrent Mark Cycle 98.294ms
[102.869s][info][gc,start    ] GC(177) Pause Young (Prepare Mixed) (G1 Evacuation Pause)
[102.869s][info][gc,task     ] GC(177) Using 2 workers of 2 for evacuation
[102.879s][info][gc,phases   ] GC(177)   Pre Evacuate Collection Set: 0.17ms
[102.879s][info][gc,phases   ] GC(177)   Merge Heap Roots: 0.08ms
[102.879s][info][gc,phases   ] GC(177)   Evacuate Collection Set: 8.58ms
[102.879s][info][gc,phases   ] GC(177)   Post Evacuate Collection Set: 0.39ms
[102.879s][info][gc,phases   ] GC(177)   Other: 0.10ms
[102.879s][info][gc,heap     ] GC(177) Eden regions: 125->0(134)
[102.879s][info][gc,heap     ] GC(177) Survivor regions: 12->9(18)
[102.879s][info][gc,heap     ] GC(177) Old regions: 60->61
[102.879s][info][gc,heap     ] GC(177) Humongous regions: 6->2
[102.879s][info][gc,metaspace] GC(177) Metaspace: 41229K(41600K)->41229K(41600K) NonClass: 36884K(37120K)->36884K(37120K) Class: 4345K(4480K)->4345K(4480K)
[102.879s][info][gc          ] GC(177) Pause Young (Prepare Mixed) (G1 Evacuation Pause) 202M->72M(256M) 9.493ms
[102.879s][info][gc,cpu      ] GC(177) User=0.01s Sys=0.00s Real=0.01s
[103.962s][info][gc,start    ] GC(178) Pause Young (Mixed) (G1 Evacuation Pause)
[103.962s][info][gc,task     ] GC(178) Using 2 workers of 2 for evacuation
[103.982s][info][gc,phases   ] GC(178)   Pre Evacuate Collection Set: 0.17ms
[103.982s][info][gc,phases   ] GC(178)   Merge Heap Roots: 0.14ms
[103.982s][info][gc,phases   ] GC(178)   Evacuate Collection Set: 18.22ms
[103.982s][info][gc,phases   ] GC(178)   Post Evacuate Collection Set: 0.49ms
[103.982s][info][gc,phases   ] GC(178)   Other: 0.09ms
[103.982s][info][gc,heap     ] GC(178) Eden regions: 134->0(135)
[103.982s][info][gc,heap     ] GC(178) Survivor regions: 9->17(18)
[103.982s][info][gc,heap     ] GC(178) Old regions: 61->53
[103.982s][info][gc,heap     ] GC(178) Humongous regions: 19->4
[103.982s][info][gc,metaspace] GC(178) Metaspace: 41231K(41600K)->41231K(41600K) NonClass: 36886K(37120K)->36886K(37120K) Class: 4345K(4480K)->4345K(4480K)
[103.982s][info][gc          ] GC(178) Pause Young (Mixed) (G1 Evacuation Pause) 223M->72M(256M) 19.305ms
[103.982s][info][gc,cpu      ] GC(178) User=0.04s Sys=0.00s Real=0.02s
[104.503s][info][gc,start    ] GC(179) Pause Young (Concurrent Start) (G1 Humongous Allocation)
[104.503s][info][gc,task     ] GC(179) Using 2 workers of 2 for evacuation
[104.520s][info][gc,phases   ] GC(179)   Pre Evacuate Collection Set: 0.16ms
[104.520s][info][gc,phases   ] GC(179)   Merge Heap Roots: 0.06ms
[104.520s][info][gc,phases   ] GC(179)   Evacuate Collection Set: 16.09ms
[104.520s][info][gc,phases   ] GC(179)   Post Evacuate Collection Set: 0.40ms
[104.520s][info][gc,phases   ] GC(179)   Other: 0.13ms
[104.520s][info][gc,heap     ] GC(179) Eden regions: 80->0(121)
[104.520s][info][gc,heap     ] GC(179) Survivor regions: 17->11(19)
[104.520s][info][gc,heap     ] GC(179) Old regions: 53->61
[104.520s][info][gc,heap     ] GC(179) Humongous regions: 4->4
[104.520s][info][gc,metaspace] GC(179) Metaspace: 41236K(41664K)->41236K(41664K) NonClass: 36890K(37184K)->36890K(37184K) Class: 4345K(4480K)->4345K(4480K)
[104.520s][info][gc          ] GC(179) Pause Young (Concurrent Start) (G1 Humongous Allocation) 152M->76M(256M) 17.033ms
[104.520s][info][gc          ] GC(180) Concurrent Mark Cycle
[104.520s][info][gc,marking  ] GC(180) Concurrent Scan Root Regions
[104.522s][info][gc,cpu      ] GC(179) User=0.03s Sys=0.00s Real=0.02s
[104.551s][info][gc,marking  ] GC(180) Concurrent Scan Root Regions 31.208ms
[104.551s][info][gc,marking  ] GC(180) Concurrent Mark
[104.551s][info][gc,marking  ] GC(180) Concurrent Mark From Roots
[104.551s][info][gc,task     ] GC(180) Using 1 workers of 1 for marking
[104.619s][info][gc,marking  ] GC(180) Concurrent Mark From Roots 68.258ms
[104.619s][info][gc,marking  ] GC(180) Concurrent Preclean
[104.619s][info][gc,marking  ] GC(180) Concurrent Preclean 0.036ms
[104.620s][info][gc,start    ] GC(180) Pause Remark
[104.641s][info][gc          ] GC(180) Pause Remark 86M->81M(256M) 21.631ms
[104.641s][info][gc,cpu      ] GC(180) User=0.04s Sys=0.00s Real=0.03s
[104.643s][info][gc,marking  ] GC(180) Concurrent Mark 92.018ms
[104.643s][info][gc,marking  ] GC(180) Concurrent Rebuild Remembered Sets and Scrub Regions
[104.663s][info][gc,marking  ] GC(180) Concurrent Rebuild Remembered Sets and Scrub Regions 19.759ms
[104.663s][info][gc,start    ] GC(180) Pause Cleanup
[104.663s][info][gc          ] GC(180) Pause Cleanup 81M->81M(256M) 0.040ms
[104.663s][info][gc,cpu      ] GC(180) User=0.00s Sys=0.00s Real=0.00s
[104.663s][info][gc,marking  ] GC(180) Concurrent Clear Claimed Marks
[104.663s][info][gc,marking  ] GC(180) Concurrent Clear Claimed Marks 0.037ms
[104.663s][info][gc,marking  ] GC(180) Concurrent Cleanup for Next Mark
[104.664s][info][gc,marking  ] GC(180) Concurrent Cleanup for Next Mark 0.727ms
[104.664s][info][gc          ] GC(180) Concurrent Mark Cycle 144.029ms
[105.439s][info][gc,start    ] GC(181) Pause Young (Prepare Mixed) (G1 Evacuation Pause)
[105.439s][info][gc,task     ] GC(181) Using 2 workers of 2 for evacuation
[105.451s][info][gc,phases   ] GC(181)   Pre Evacuate Collection Set: 0.17ms
[105.451s][info][gc,phases   ] GC(181)   Merge Heap Roots: 0.08ms
[105.451s][info][gc,phases   ] GC(181)   Evacuate Collection Set: 11.53ms
[105.451s][info][gc,phases   ] GC(181)   Post Evacuate Collection Set: 0.39ms
[105.451s][info][gc,phases   ] GC(181)   Other: 0.09ms
[105.451s][info][gc,heap     ] GC(181) Eden regions: 121->0(129)
[105.451s][info][gc,heap     ] GC(181) Survivor regions: 11->9(17)
[105.451s][info][gc,heap     ] GC(181) Old regions: 57->58
[105.451s][info][gc,heap     ] GC(181) Humongous regions: 10->3
[105.451s][info][gc,metaspace] GC(181) Metaspace: 41246K(41664K)->41246K(41664K) NonClass: 36901K(37184K)->36901K(37184K) Class: 4345K(4480K)->4345K(4480K)
[105.451s][info][gc          ] GC(181) Pause Young (Prepare Mixed) (G1 Evacuation Pause) 199M->70M(256M) 12.444ms
[105.451s][info][gc,cpu      ] GC(181) User=0.02s Sys=0.00s Real=0.02s
[106.228s][info][gc,start    ] GC(182) Pause Young (Mixed) (G1 Evacuation Pause)
[106.228s][info][gc,task     ] GC(182) Using 2 workers of 2 for evacuation
[106.251s][info][gc,phases   ] GC(182)   Pre Evacuate Collection Set: 0.17ms
[106.251s][info][gc,phases   ] GC(182)   Merge Heap Roots: 0.12ms
[106.251s][info][gc,phases   ] GC(182)   Evacuate Collection Set: 21.98ms
[106.251s][info][gc,phases   ] GC(182)   Post Evacuate Collection Set: 0.42ms
[106.251s][info][gc,phases   ] GC(182)   Other: 0.10ms
[106.251s][info][gc,heap     ] GC(182) Eden regions: 129->0(128)
[106.251s][info][gc,heap     ] GC(182) Survivor regions: 9->18(18)
[106.251s][info][gc,heap     ] GC(182) Old regions: 58->47
[106.251s][info][gc,heap     ] GC(182) Humongous regions: 7->3
[106.251s][info][gc,metaspace] GC(182) Metaspace: 41249K(41664K)->41249K(41664K) NonClass: 36903K(37184K)->36903K(37184K) Class: 4345K(4480K)->4345K(4480K)
[106.251s][info][gc          ] GC(182) Pause Young (Mixed) (G1 Evacuation Pause) 203M->67M(256M) 22.983ms
[106.251s][info][gc,cpu      ] GC(182) User=0.04s Sys=0.00s Real=0.02s
[106.712s][info][gc,start    ] GC(183) Pause Young (Concurrent Start) (G1 Humongous Allocation)
[106.712s][info][gc,task     ] GC(183) Using 2 workers of 2 for evacuation
[106.756s][info][gc,phases   ] GC(183)   Pre Evacuate Collection Set: 0.15ms
[106.756s][info][gc,phases   ] GC(183)   Merge Heap Roots: 0.10ms
[106.756s][info][gc,phases   ] GC(183)   Evacuate Collection Set: 42.78ms
[106.756s][info][gc,phases   ] GC(183)   Post Evacuate Collection Set: 0.52ms
[106.756s][info][gc,phases   ] GC(183)   Other: 0.12ms
[106.756s][info][gc,heap     ] GC(183) Eden regions: 76->0(132)
[106.756s][info][gc,heap     ] GC(183) Survivor regions: 18->10(19)
[106.756s][info][gc,heap     ] GC(183) Old regions: 47->58
[106.756s][info][gc,heap     ] GC(183) Humongous regions: 3->1
[106.756s][info][gc,metaspace] GC(183) Metaspace: 41255K(41664K)->41255K(41664K) NonClass: 36909K(37184K)->36909K(37184K) Class: 4345K(4480K)->4345K(4480K)
[106.756s][info][gc          ] GC(183) Pause Young (Concurrent Start) (G1 Humongous Allocation) 143M->68M(256M) 43.901ms
[106.756s][info][gc,cpu      ] GC(183) User=0.06s Sys=0.00s Real=0.04s
[106.756s][info][gc          ] GC(184) Concurrent Mark Cycle
[106.756s][info][gc,marking  ] GC(184) Concurrent Scan Root Regions
[106.791s][info][gc,marking  ] GC(184) Concurrent Scan Root Regions 34.985ms
[106.791s][info][gc,marking  ] GC(184) Concurrent Mark
[106.791s][info][gc,marking  ] GC(184) Concurrent Mark From Roots
[106.791s][info][gc,task     ] GC(184) Using 1 workers of 1 for marking
[106.868s][info][gc,marking  ] GC(184) Concurrent Mark From Roots 76.911ms
[106.868s][info][gc,marking  ] GC(184) Concurrent Preclean
[106.868s][info][gc,marking  ] GC(184) Concurrent Preclean 0.038ms
[106.868s][info][gc,start    ] GC(184) Pause Remark
[106.884s][info][gc          ] GC(184) Pause Remark 83M->83M(256M) 15.783ms
[106.884s][info][gc,cpu      ] GC(184) User=0.04s Sys=0.00s Real=0.02s
[106.888s][info][gc,marking  ] GC(184) Concurrent Mark 97.076ms
[106.888s][info][gc,marking  ] GC(184) Concurrent Rebuild Remembered Sets and Scrub Regions
[106.916s][info][gc,marking  ] GC(184) Concurrent Rebuild Remembered Sets and Scrub Regions 27.732ms
[106.916s][info][gc,start    ] GC(184) Pause Cleanup
[106.916s][info][gc          ] GC(184) Pause Cleanup 86M->86M(256M) 0.046ms
[106.916s][info][gc,cpu      ] GC(184) User=0.00s Sys=0.00s Real=0.00s
[106.916s][info][gc,marking  ] GC(184) Concurrent Clear Claimed Marks
[106.916s][info][gc,marking  ] GC(184) Concurrent Clear Claimed Marks 0.038ms
[106.916s][info][gc,marking  ] GC(184) Concurrent Cleanup for Next Mark
[106.917s][info][gc,marking  ] GC(184) Concurrent Cleanup for Next Mark 0.749ms
[106.917s][info][gc          ] GC(184) Concurrent Mark Cycle 160.947ms
[107.726s][info][gc,start    ] GC(185) Pause Young (Prepare Mixed) (G1 Evacuation Pause)
[107.726s][info][gc,task     ] GC(185) Using 2 workers of 2 for evacuation
[107.744s][info][gc,phases   ] GC(185)   Pre Evacuate Collection Set: 0.17ms
[107.744s][info][gc,phases   ] GC(185)   Merge Heap Roots: 0.13ms
[107.744s][info][gc,phases   ] GC(185)   Evacuate Collection Set: 17.37ms
[107.744s][info][gc,phases   ] GC(185)   Post Evacuate Collection Set: 0.43ms
[107.745s][info][gc,phases   ] GC(185)   Other: 0.07ms
[107.745s][info][gc,heap     ] GC(185) Eden regions: 132->0(128)
[107.745s][info][gc,heap     ] GC(185) Survivor regions: 10->9(18)
[107.745s][info][gc,heap     ] GC(185) Old regions: 58->68
[107.745s][info][gc,heap     ] GC(185) Humongous regions: 15->3
[107.745s][info][gc,metaspace] GC(185) Metaspace: 41268K(41664K)->41268K(41664K) NonClass: 36923K(37184K)->36923K(37184K) Class: 4345K(4480K)->4345K(4480K)
[107.745s][info][gc          ] GC(185) Pause Young (Prepare Mixed) (G1 Evacuation Pause) 214M->79M(256M) 18.344ms
[107.745s][info][gc,cpu      ] GC(185) User=0.04s Sys=0.00s Real=0.02s
[108.528s][info][gc,start    ] GC(186) Pause Young (Mixed) (G1 Evacuation Pause)
[108.528s][info][gc,task     ] GC(186) Using 2 workers of 2 for evacuation
[108.542s][info][gc,phases   ] GC(186)   Pre Evacuate Collection Set: 0.19ms
[108.542s][info][gc,phases   ] GC(186)   Merge Heap Roots: 0.09ms
[108.542s][info][gc,phases   ] GC(186)   Evacuate Collection Set: 12.60ms
[108.542s][info][gc,phases   ] GC(186)   Post Evacuate Collection Set: 0.45ms
[108.542s][info][gc,phases   ] GC(186)   Other: 0.07ms
[108.542s][info][gc,heap     ] GC(186) Eden regions: 128->0(136)
[108.542s][info][gc,heap     ] GC(186) Survivor regions: 9->8(18)
[108.542s][info][gc,heap     ] GC(186) Old regions: 68->64
[108.542s][info][gc,heap     ] GC(186) Humongous regions: 13->3
[108.542s][info][gc,metaspace] GC(186) Metaspace: 41273K(41664K)->41273K(41664K) NonClass: 36928K(37184K)->36928K(37184K) Class: 4345K(4480K)->4345K(4480K)
[108.542s][info][gc          ] GC(186) Pause Young (Mixed) (G1 Evacuation Pause) 217M->75M(256M) 13.596ms
[108.542s][info][gc,cpu      ] GC(186) User=0.03s Sys=0.00s Real=0.02s
[108.595s][info][gc,start    ] GC(187) Pause Young (Concurrent Start) (G1 Humongous Allocation)
[108.595s][info][gc,task     ] GC(187) Using 2 workers of 2 for evacuation
[108.598s][info][gc,phases   ] GC(187)   Pre Evacuate Collection Set: 0.18ms
[108.598s][info][gc,phases   ] GC(187)   Merge Heap Roots: 0.04ms
[108.598s][info][gc,phases   ] GC(187)   Evacuate Collection Set: 1.86ms
[108.598s][info][gc,phases   ] GC(187)   Post Evacuate Collection Set: 0.35ms
[108.598s][info][gc,phases   ] GC(187)   Other: 0.08ms
[108.598s][info][gc,heap     ] GC(187) Eden regions: 13->0(148)
[108.598s][info][gc,heap     ] GC(187) Survivor regions: 8->2(18)
[108.598s][info][gc,heap     ] GC(187) Old regions: 64->64
[108.598s][info][gc,heap     ] GC(187) Humongous regions: 3->1
[108.598s][info][gc,metaspace] GC(187) Metaspace: 41274K(41664K)->41274K(41664K) NonClass: 36928K(37184K)->36928K(37184K) Class: 4345K(4480K)->4345K(4480K)
[108.598s][info][gc          ] GC(187) Pause Young (Concurrent Start) (G1 Humongous Allocation) 88M->66M(256M) 2.675ms
[108.598s][info][gc,cpu      ] GC(187) User=0.01s Sys=0.00s Real=0.00s
[108.598s][info][gc          ] GC(188) Concurrent Mark Cycle
[108.598s][info][gc,marking  ] GC(188) Concurrent Scan Root Regions
[108.602s][info][gc,marking  ] GC(188) Concurrent Scan Root Regions 4.139ms
[108.602s][info][gc,marking  ] GC(188) Concurrent Mark
[108.602s][info][gc,marking  ] GC(188) Concurrent Mark From Roots
[108.602s][info][gc,task     ] GC(188) Using 1 workers of 1 for marking
[108.703s][info][gc,marking  ] GC(188) Concurrent Mark From Roots 100.456ms
[108.703s][info][gc,marking  ] GC(188) Concurrent Preclean
[108.703s][info][gc,marking  ] GC(188) Concurrent Preclean 0.039ms
[108.703s][info][gc,start    ] GC(188) Pause Remark
[108.718s][info][gc          ] GC(188) Pause Remark 92M->90M(256M) 15.516ms
[108.718s][info][gc,cpu      ] GC(188) User=0.03s Sys=0.00s Real=0.01s
[108.720s][info][gc,marking  ] GC(188) Concurrent Mark 117.999ms
[108.720s][info][gc,marking  ] GC(188) Concurrent Rebuild Remembered Sets and Scrub Regions
[108.744s][info][gc,marking  ] GC(188) Concurrent Rebuild Remembered Sets and Scrub Regions 23.394ms
[108.744s][info][gc,start    ] GC(188) Pause Cleanup
[108.744s][info][gc          ] GC(188) Pause Cleanup 93M->93M(256M) 0.054ms
[108.744s][info][gc,cpu      ] GC(188) User=0.00s Sys=0.00s Real=0.00s
[108.744s][info][gc,marking  ] GC(188) Concurrent Clear Claimed Marks
[108.744s][info][gc,marking  ] GC(188) Concurrent Clear Claimed Marks 0.039ms
[108.744s][info][gc,marking  ] GC(188) Concurrent Cleanup for Next Mark
[108.745s][info][gc,marking  ] GC(188) Concurrent Cleanup for Next Mark 0.762ms
[108.745s][info][gc          ] GC(188) Concurrent Mark Cycle 146.684ms
[109.714s][info][gc,start    ] GC(189) Pause Young (Prepare Mixed) (G1 Evacuation Pause)
[109.714s][info][gc,task     ] GC(189) Using 2 workers of 2 for evacuation
[109.725s][info][gc,phases   ] GC(189)   Pre Evacuate Collection Set: 0.18ms
[109.725s][info][gc,phases   ] GC(189)   Merge Heap Roots: 0.07ms
[109.725s][info][gc,phases   ] GC(189)   Evacuate Collection Set: 10.53ms
[109.725s][info][gc,phases   ] GC(189)   Post Evacuate Collection Set: 0.50ms
[109.725s][info][gc,phases   ] GC(189)   Other: 0.09ms
[109.725s][info][gc,heap     ] GC(189) Eden regions: 148->0(143)
[109.725s][info][gc,heap     ] GC(189) Survivor regions: 2->10(19)
[109.725s][info][gc,heap     ] GC(189) Old regions: 62->62
[109.725s][info][gc,heap     ] GC(189) Humongous regions: 15->3
[109.725s][info][gc,metaspace] GC(189) Metaspace: 41281K(41664K)->41281K(41664K) NonClass: 36935K(37184K)->36935K(37184K) Class: 4345K(4480K)->4345K(4480K)
[109.725s][info][gc          ] GC(189) Pause Young (Prepare Mixed) (G1 Evacuation Pause) 226M->75M(256M) 11.619ms
[109.725s][info][gc,cpu      ] GC(189) User=0.03s Sys=0.01s Real=0.01s
[110.431s][info][gc,start    ] GC(190) Pause Young (Mixed) (G1 Evacuation Pause)
[110.431s][info][gc,task     ] GC(190) Using 2 workers of 2 for evacuation
[110.460s][info][gc,phases   ] GC(190)   Pre Evacuate Collection Set: 0.17ms
[110.460s][info][gc,phases   ] GC(190)   Merge Heap Roots: 0.16ms
[110.460s][info][gc,phases   ] GC(190)   Evacuate Collection Set: 27.43ms
[110.460s][info][gc,phases   ] GC(190)   Post Evacuate Collection Set: 0.50ms
[110.460s][info][gc,phases   ] GC(190)   Other: 0.09ms
[110.460s][info][gc,heap     ] GC(190) Eden regions: 143->0(133)
[110.460s][info][gc,heap     ] GC(190) Survivor regions: 10->20(20)
[110.460s][info][gc,heap     ] GC(190) Old regions: 62->47
[110.460s][info][gc,heap     ] GC(190) Humongous regions: 3->3
[110.460s][info][gc,metaspace] GC(190) Metaspace: 41285K(41664K)->41285K(41664K) NonClass: 36940K(37184K)->36940K(37184K) Class: 4345K(4480K)->4345K(4480K)
[110.460s][info][gc          ] GC(190) Pause Young (Mixed) (G1 Evacuation Pause) 218M->69M(256M) 28.529ms
[110.460s][info][gc,cpu      ] GC(190) User=0.06s Sys=0.00s Real=0.02s
[111.330s][info][gc,start    ] GC(191) Pause Young (Concurrent Start) (G1 Humongous Allocation)
[111.330s][info][gc,task     ] GC(191) Using 2 workers of 2 for evacuation
[111.353s][info][gc,phases   ] GC(191)   Pre Evacuate Collection Set: 0.17ms
[111.354s][info][gc,phases   ] GC(191)   Merge Heap Roots: 0.15ms
[111.354s][info][gc,phases   ] GC(191)   Evacuate Collection Set: 22.49ms
[111.354s][info][gc,phases   ] GC(191)   Post Evacuate Collection Set: 0.43ms
[111.354s][info][gc,phases   ] GC(191)   Other: 0.13ms
[111.354s][info][gc,heap     ] GC(191) Eden regions: 129->0(143)
[111.354s][info][gc,heap     ] GC(191) Survivor regions: 20->10(20)
[111.354s][info][gc,heap     ] GC(191) Old regions: 47->57
[111.354s][info][gc,heap     ] GC(191) Humongous regions: 3->1
[111.354s][info][gc,metaspace] GC(191) Metaspace: 41288K(41664K)->41288K(41664K) NonClass: 36943K(37184K)->36943K(37184K) Class: 4345K(4480K)->4345K(4480K)
[111.354s][info][gc          ] GC(191) Pause Young (Concurrent Start) (G1 Humongous Allocation) 198M->67M(256M) 23.565ms
[111.354s][info][gc,cpu      ] GC(191) User=0.05s Sys=0.00s Real=0.03s
[111.354s][info][gc          ] GC(192) Concurrent Mark Cycle
[111.356s][info][gc,marking  ] GC(192) Concurrent Scan Root Regions
[111.390s][info][gc,marking  ] GC(192) Concurrent Scan Root Regions 33.388ms
[111.390s][info][gc,marking  ] GC(192) Concurrent Mark
[111.390s][info][gc,marking  ] GC(192) Concurrent Mark From Roots
[111.390s][info][gc,task     ] GC(192) Using 1 workers of 1 for marking
[111.459s][info][gc,marking  ] GC(192) Concurrent Mark From Roots 69.606ms
[111.459s][info][gc,marking  ] GC(192) Concurrent Preclean
[111.459s][info][gc,marking  ] GC(192) Concurrent Preclean 0.033ms
[111.459s][info][gc,start    ] GC(192) Pause Remark
[111.475s][info][gc          ] GC(192) Pause Remark 94M->93M(256M) 15.407ms
[111.475s][info][gc,cpu      ] GC(192) User=0.03s Sys=0.00s Real=0.02s
[111.477s][info][gc,marking  ] GC(192) Concurrent Mark 87.648ms
[111.477s][info][gc,marking  ] GC(192) Concurrent Rebuild Remembered Sets and Scrub Regions
[111.524s][info][gc,marking  ] GC(192) Concurrent Rebuild Remembered Sets and Scrub Regions 46.985ms
[111.524s][info][gc,start    ] GC(192) Pause Cleanup
[111.524s][info][gc          ] GC(192) Pause Cleanup 103M->103M(256M) 0.069ms
[111.524s][info][gc,cpu      ] GC(192) User=0.00s Sys=0.00s Real=0.00s
[111.524s][info][gc,marking  ] GC(192) Concurrent Clear Claimed Marks
[111.525s][info][gc,marking  ] GC(192) Concurrent Clear Claimed Marks 0.039ms
[111.525s][info][gc,marking  ] GC(192) Concurrent Cleanup for Next Mark
[111.527s][info][gc,marking  ] GC(192) Concurrent Cleanup for Next Mark 2.772ms
[111.527s][info][gc          ] GC(192) Concurrent Mark Cycle 173.708ms
[112.227s][info][gc,start    ] GC(193) Pause Young (Prepare Mixed) (G1 Evacuation Pause)
[112.227s][info][gc,task     ] GC(193) Using 2 workers of 2 for evacuation
[112.240s][info][gc,phases   ] GC(193)   Pre Evacuate Collection Set: 0.18ms
[112.240s][info][gc,phases   ] GC(193)   Merge Heap Roots: 0.17ms
[112.240s][info][gc,phases   ] GC(193)   Evacuate Collection Set: 11.58ms
[112.240s][info][gc,phases   ] GC(193)   Post Evacuate Collection Set: 0.43ms
[112.240s][info][gc,phases   ] GC(193)   Other: 0.08ms
[112.240s][info][gc,heap     ] GC(193) Eden regions: 143->0(141)
[112.240s][info][gc,heap     ] GC(193) Survivor regions: 10->12(20)
[112.240s][info][gc,heap     ] GC(193) Old regions: 56->56
[112.240s][info][gc,heap     ] GC(193) Humongous regions: 7->3
[112.240s][info][gc,metaspace] GC(193) Metaspace: 41288K(41664K)->41288K(41664K) NonClass: 36943K(37184K)->36943K(37184K) Class: 4345K(4480K)->4345K(4480K)
[112.240s][info][gc          ] GC(193) Pause Young (Prepare Mixed) (G1 Evacuation Pause) 215M->70M(256M) 12.628ms
[112.240s][info][gc,cpu      ] GC(193) User=0.02s Sys=0.00s Real=0.01s
[112.851s][info][gc,start    ] GC(194) Pause Young (Mixed) (G1 Evacuation Pause)
[112.851s][info][gc,task     ] GC(194) Using 2 workers of 2 for evacuation
[112.877s][info][gc,phases   ] GC(194)   Pre Evacuate Collection Set: 0.17ms
[112.877s][info][gc,phases   ] GC(194)   Merge Heap Roots: 0.13ms
[112.877s][info][gc,phases   ] GC(194)   Evacuate Collection Set: 24.38ms
[112.877s][info][gc,phases   ] GC(194)   Post Evacuate Collection Set: 0.42ms
[112.877s][info][gc,phases   ] GC(194)   Other: 0.07ms
[112.877s][info][gc,heap     ] GC(194) Eden regions: 141->0(147)
[112.877s][info][gc,heap     ] GC(194) Survivor regions: 12->6(20)
[112.877s][info][gc,heap     ] GC(194) Old regions: 56->62
[112.877s][info][gc,heap     ] GC(194) Humongous regions: 11->3
[112.877s][info][gc,metaspace] GC(194) Metaspace: 41291K(41664K)->41291K(41664K) NonClass: 36946K(37184K)->36946K(37184K) Class: 4345K(4480K)->4345K(4480K)
[112.877s][info][gc          ] GC(194) Pause Young (Mixed) (G1 Evacuation Pause) 219M->70M(256M) 25.363ms
[112.877s][info][gc,cpu      ] GC(194) User=0.05s Sys=0.00s Real=0.02s
[112.936s][info][gc,start    ] GC(195) Pause Young (Concurrent Start) (G1 Humongous Allocation)
[112.936s][info][gc,task     ] GC(195) Using 2 workers of 2 for evacuation
[112.939s][info][gc,phases   ] GC(195)   Pre Evacuate Collection Set: 0.22ms
[112.939s][info][gc,phases   ] GC(195)   Merge Heap Roots: 0.05ms
[112.939s][info][gc,phases   ] GC(195)   Evacuate Collection Set: 2.53ms
[112.939s][info][gc,phases   ] GC(195)   Post Evacuate Collection Set: 0.29ms
[112.939s][info][gc,phases   ] GC(195)   Other: 0.11ms
[112.939s][info][gc,heap     ] GC(195) Eden regions: 13->0(150)
[112.939s][info][gc,heap     ] GC(195) Survivor regions: 6->3(20)
[112.939s][info][gc,heap     ] GC(195) Old regions: 62->62
[112.939s][info][gc,heap     ] GC(195) Humongous regions: 3->1
[112.939s][info][gc,metaspace] GC(195) Metaspace: 41292K(41664K)->41292K(41664K) NonClass: 36946K(37184K)->36946K(37184K) Class: 4345K(4480K)->4345K(4480K)
[112.939s][info][gc          ] GC(195) Pause Young (Concurrent Start) (G1 Humongous Allocation) 83M->65M(256M) 3.366ms
[112.939s][info][gc          ] GC(196) Concurrent Mark Cycle
[112.939s][info][gc,marking  ] GC(196) Concurrent Scan Root Regions
[112.940s][info][gc,cpu      ] GC(195) User=0.01s Sys=0.00s Real=0.00s
[112.942s][info][gc,marking  ] GC(196) Concurrent Scan Root Regions 2.288ms
[112.942s][info][gc,marking  ] GC(196) Concurrent Mark
[112.942s][info][gc,marking  ] GC(196) Concurrent Mark From Roots
[112.942s][info][gc,task     ] GC(196) Using 1 workers of 1 for marking
[113.010s][info][gc,marking  ] GC(196) Concurrent Mark From Roots 67.980ms
[113.010s][info][gc,marking  ] GC(196) Concurrent Preclean
[113.010s][info][gc,marking  ] GC(196) Concurrent Preclean 0.033ms
[113.010s][info][gc,start    ] GC(196) Pause Remark
[113.025s][info][gc          ] GC(196) Pause Remark 83M->79M(256M) 15.294ms
[113.025s][info][gc,cpu      ] GC(196) User=0.03s Sys=0.00s Real=0.02s
[113.025s][info][gc,marking  ] GC(196) Concurrent Mark 83.677ms
[113.025s][info][gc,marking  ] GC(196) Concurrent Rebuild Remembered Sets and Scrub Regions
[113.047s][info][gc,marking  ] GC(196) Concurrent Rebuild Remembered Sets and Scrub Regions 21.789ms
[113.047s][info][gc,start    ] GC(196) Pause Cleanup
[113.047s][info][gc          ] GC(196) Pause Cleanup 88M->88M(256M) 0.056ms
[113.047s][info][gc,cpu      ] GC(196) User=0.00s Sys=0.00s Real=0.00s
[113.047s][info][gc,marking  ] GC(196) Concurrent Clear Claimed Marks
[113.048s][info][gc,marking  ] GC(196) Concurrent Clear Claimed Marks 0.041ms
[113.048s][info][gc,marking  ] GC(196) Concurrent Cleanup for Next Mark
[113.048s][info][gc,marking  ] GC(196) Concurrent Cleanup for Next Mark 0.742ms
[113.048s][info][gc          ] GC(196) Concurrent Mark Cycle 108.906ms
[113.684s][info][gc,start    ] GC(197) Pause Young (Prepare Mixed) (G1 Evacuation Pause)
[113.684s][info][gc,task     ] GC(197) Using 2 workers of 2 for evacuation
[113.698s][info][gc,phases   ] GC(197)   Pre Evacuate Collection Set: 0.19ms
[113.698s][info][gc,phases   ] GC(197)   Merge Heap Roots: 0.06ms
[113.698s][info][gc,phases   ] GC(197)   Evacuate Collection Set: 12.91ms
[113.698s][info][gc,phases   ] GC(197)   Post Evacuate Collection Set: 0.41ms
[113.698s][info][gc,phases   ] GC(197)   Other: 0.11ms
[113.698s][info][gc,heap     ] GC(197) Eden regions: 150->0(143)
[113.698s][info][gc,heap     ] GC(197) Survivor regions: 3->10(20)
[113.698s][info][gc,heap     ] GC(197) Old regions: 58->58
[113.698s][info][gc,heap     ] GC(197) Humongous regions: 5->3
[113.698s][info][gc,metaspace] GC(197) Metaspace: 41295K(41664K)->41295K(41664K) NonClass: 36949K(37184K)->36949K(37184K) Class: 4345K(4480K)->4345K(4480K)
[113.698s][info][gc          ] GC(197) Pause Young (Prepare Mixed) (G1 Evacuation Pause) 215M->70M(256M) 13.860ms
[113.698s][info][gc,cpu      ] GC(197) User=0.02s Sys=0.00s Real=0.01s
[114.323s][info][gc,start    ] GC(198) Pause Young (Mixed) (G1 Evacuation Pause)
[114.324s][info][gc,task     ] GC(198) Using 2 workers of 2 for evacuation
[114.333s][info][gc,phases   ] GC(198)   Pre Evacuate Collection Set: 0.22ms
[114.333s][info][gc,phases   ] GC(198)   Merge Heap Roots: 0.16ms
[114.333s][info][gc,phases   ] GC(198)   Evacuate Collection Set: 8.55ms
[114.333s][info][gc,phases   ] GC(198)   Post Evacuate Collection Set: 0.42ms
[114.333s][info][gc,phases   ] GC(198)   Other: 0.09ms
[114.333s][info][gc,heap     ] GC(198) Eden regions: 143->0(146)
[114.333s][info][gc,heap     ] GC(198) Survivor regions: 10->7(20)
[114.333s][info][gc,heap     ] GC(198) Old regions: 58->47
[114.333s][info][gc,heap     ] GC(198) Humongous regions: 11->3
[114.333s][info][gc,metaspace] GC(198) Metaspace: 41299K(41664K)->41299K(41664K) NonClass: 36954K(37184K)->36954K(37184K) Class: 4345K(4480K)->4345K(4480K)
[114.333s][info][gc          ] GC(198) Pause Young (Mixed) (G1 Evacuation Pause) 221M->55M(256M) 9.631ms
[114.333s][info][gc,cpu      ] GC(198) User=0.02s Sys=0.00s Real=0.01s
[114.706s][info][gc,start    ] GC(199) Pause Young (Concurrent Start) (G1 Humongous Allocation)
[114.706s][info][gc,task     ] GC(199) Using 2 workers of 2 for evacuation
[114.711s][info][gc,phases   ] GC(199)   Pre Evacuate Collection Set: 0.15ms
[114.711s][info][gc,phases   ] GC(199)   Merge Heap Roots: 0.05ms
[114.711s][info][gc,phases   ] GC(199)   Evacuate Collection Set: 4.15ms
[114.711s][info][gc,phases   ] GC(199)   Post Evacuate Collection Set: 0.36ms
[114.711s][info][gc,phases   ] GC(199)   Other: 0.12ms
[114.711s][info][gc,heap     ] GC(199) Eden regions: 92->0(149)
[114.711s][info][gc,heap     ] GC(199) Survivor regions: 7->4(20)
[114.711s][info][gc,heap     ] GC(199) Old regions: 47->47
[114.711s][info][gc,heap     ] GC(199) Humongous regions: 3->1
[114.711s][info][gc,metaspace] GC(199) Metaspace: 41304K(41664K)->41304K(41664K) NonClass: 36959K(37184K)->36959K(37184K) Class: 4345K(4480K)->4345K(4480K)
[114.711s][info][gc          ] GC(199) Pause Young (Concurrent Start) (G1 Humongous Allocation) 147M->51M(256M) 5.063ms
[114.711s][info][gc          ] GC(200) Concurrent Mark Cycle
[114.711s][info][gc,marking  ] GC(200) Concurrent Scan Root Regions
[114.712s][info][gc,cpu      ] GC(199) User=0.01s Sys=0.00s Real=0.01s
[114.720s][info][gc,marking  ] GC(200) Concurrent Scan Root Regions 8.023ms
[114.720s][info][gc,marking  ] GC(200) Concurrent Mark
[114.720s][info][gc,marking  ] GC(200) Concurrent Mark From Roots
[114.720s][info][gc,task     ] GC(200) Using 1 workers of 1 for marking
[114.790s][info][gc,marking  ] GC(200) Concurrent Mark From Roots 70.338ms
[114.790s][info][gc,marking  ] GC(200) Concurrent Preclean
[114.790s][info][gc,marking  ] GC(200) Concurrent Preclean 0.034ms
[114.790s][info][gc,start    ] GC(200) Pause Remark
[114.805s][info][gc          ] GC(200) Pause Remark 73M->73M(256M) 15.224ms
[114.805s][info][gc,cpu      ] GC(200) User=0.03s Sys=0.00s Real=0.02s
[114.805s][info][gc,marking  ] GC(200) Concurrent Mark 85.894ms
[114.805s][info][gc,marking  ] GC(200) Concurrent Rebuild Remembered Sets and Scrub Regions
[114.832s][info][gc,marking  ] GC(200) Concurrent Rebuild Remembered Sets and Scrub Regions 26.471ms
[114.832s][info][gc,start    ] GC(200) Pause Cleanup
[114.832s][info][gc          ] GC(200) Pause Cleanup 79M->79M(256M) 0.043ms
[114.832s][info][gc,cpu      ] GC(200) User=0.00s Sys=0.00s Real=0.00s
[114.832s][info][gc,marking  ] GC(200) Concurrent Clear Claimed Marks
[114.832s][info][gc,marking  ] GC(200) Concurrent Clear Claimed Marks 0.038ms
[114.832s][info][gc,marking  ] GC(200) Concurrent Cleanup for Next Mark
[114.833s][info][gc,marking  ] GC(200) Concurrent Cleanup for Next Mark 0.769ms
[114.833s][info][gc          ] GC(200) Concurrent Mark Cycle 121.480ms
[115.463s][info][gc,start    ] GC(201) Pause Young (Prepare Mixed) (G1 Evacuation Pause)
[115.463s][info][gc,task     ] GC(201) Using 2 workers of 2 for evacuation
[115.470s][info][gc,phases   ] GC(201)   Pre Evacuate Collection Set: 0.15ms
[115.470s][info][gc,phases   ] GC(201)   Merge Heap Roots: 0.07ms
[115.470s][info][gc,phases   ] GC(201)   Evacuate Collection Set: 5.70ms
[115.470s][info][gc,phases   ] GC(201)   Post Evacuate Collection Set: 0.41ms
[115.470s][info][gc,phases   ] GC(201)   Other: 0.10ms
[115.470s][info][gc,heap     ] GC(201) Eden regions: 149->0(147)
[115.470s][info][gc,heap     ] GC(201) Survivor regions: 4->6(20)
[115.470s][info][gc,heap     ] GC(201) Old regions: 47->47
[115.470s][info][gc,heap     ] GC(201) Humongous regions: 9->3
[115.470s][info][gc,metaspace] GC(201) Metaspace: 41317K(41664K)->41317K(41664K) NonClass: 36972K(37184K)->36972K(37184K) Class: 4345K(4480K)->4345K(4480K)
[115.470s][info][gc          ] GC(201) Pause Young (Prepare Mixed) (G1 Evacuation Pause) 208M->55M(256M) 6.617ms
[115.470s][info][gc,cpu      ] GC(201) User=0.01s Sys=0.00s Real=0.00s
[115.926s][info][gc,start    ] GC(202) Pause Young (Mixed) (G1 Evacuation Pause)
[115.927s][info][gc,task     ] GC(202) Using 2 workers of 2 for evacuation
[115.975s][info][gc,phases   ] GC(202)   Pre Evacuate Collection Set: 0.18ms
[115.975s][info][gc,phases   ] GC(202)   Merge Heap Roots: 0.12ms
[115.975s][info][gc,phases   ] GC(202)   Evacuate Collection Set: 47.18ms
[115.975s][info][gc,phases   ] GC(202)   Post Evacuate Collection Set: 0.65ms
[115.975s][info][gc,phases   ] GC(202)   Other: 0.09ms
[115.975s][info][gc,heap     ] GC(202) Eden regions: 147->0(128)
[115.975s][info][gc,heap     ] GC(202) Survivor regions: 6->20(20)
[115.975s][info][gc,heap     ] GC(202) Old regions: 47->64
[115.975s][info][gc,heap     ] GC(202) Humongous regions: 3->3
[115.975s][info][gc,metaspace] GC(202) Metaspace: 41317K(41664K)->41317K(41664K) NonClass: 36972K(37184K)->36972K(37184K) Class: 4345K(4480K)->4345K(4480K)
[115.975s][info][gc          ] GC(202) Pause Young (Mixed) (G1 Evacuation Pause) 202M->86M(256M) 48.426ms
[115.975s][info][gc,cpu      ] GC(202) User=0.09s Sys=0.00s Real=0.05s
[116.629s][info][gc,start    ] GC(203) Pause Young (Concurrent Start) (G1 Evacuation Pause)
[116.629s][info][gc,task     ] GC(203) Using 2 workers of 2 for evacuation
[116.701s][info][gc,phases   ] GC(203)   Pre Evacuate Collection Set: 0.17ms
[116.701s][info][gc,phases   ] GC(203)   Merge Heap Roots: 0.33ms
[116.701s][info][gc,phases   ] GC(203)   Evacuate Collection Set: 71.01ms
[116.701s][info][gc,phases   ] GC(203)   Post Evacuate Collection Set: 0.48ms
[116.701s][info][gc,phases   ] GC(203)   Other: 0.12ms
[116.701s][info][gc,heap     ] GC(203) Eden regions: 128->0(101)
[116.701s][info][gc,heap     ] GC(203) Survivor regions: 20->19(19)
[116.701s][info][gc,heap     ] GC(203) Old regions: 64->93
[116.701s][info][gc,heap     ] GC(203) Humongous regions: 3->3
[116.701s][info][gc,metaspace] GC(203) Metaspace: 41318K(41664K)->41318K(41664K) NonClass: 36973K(37184K)->36973K(37184K) Class: 4345K(4480K)->4345K(4480K)
[116.701s][info][gc          ] GC(203) Pause Young (Concurrent Start) (G1 Evacuation Pause) 214M->115M(263M) 72.326ms
[116.701s][info][gc,cpu      ] GC(203) User=0.14s Sys=0.00s Real=0.08s
[116.701s][info][gc          ] GC(204) Concurrent Mark Cycle
[116.705s][info][gc,marking  ] GC(204) Concurrent Scan Root Regions
[116.779s][info][gc,marking  ] GC(204) Concurrent Scan Root Regions 73.977ms
[116.779s][info][gc,marking  ] GC(204) Concurrent Mark
[116.779s][info][gc,marking  ] GC(204) Concurrent Mark From Roots
[116.779s][info][gc,task     ] GC(204) Using 1 workers of 1 for marking
[116.883s][info][gc,marking  ] GC(204) Concurrent Mark From Roots 103.412ms
[116.883s][info][gc,marking  ] GC(204) Concurrent Preclean
[116.883s][info][gc,marking  ] GC(204) Concurrent Preclean 0.039ms
[116.883s][info][gc,start    ] GC(204) Pause Remark
[116.898s][info][gc          ] GC(204) Pause Remark 139M->139M(263M) 15.147ms
[116.898s][info][gc,cpu      ] GC(204) User=0.03s Sys=0.00s Real=0.01s
[116.898s][info][gc,marking  ] GC(204) Concurrent Mark 118.910ms
[116.898s][info][gc,marking  ] GC(204) Concurrent Rebuild Remembered Sets and Scrub Regions
[117.027s][info][gc,marking  ] GC(204) Concurrent Rebuild Remembered Sets and Scrub Regions 129.217ms
[117.028s][info][gc,start    ] GC(204) Pause Cleanup
[117.028s][info][gc          ] GC(204) Pause Cleanup 154M->154M(263M) 0.054ms
[117.028s][info][gc,cpu      ] GC(204) User=0.00s Sys=0.00s Real=0.00s
[117.028s][info][gc,marking  ] GC(204) Concurrent Clear Claimed Marks
[117.028s][info][gc,marking  ] GC(204) Concurrent Clear Claimed Marks 0.041ms
[117.028s][info][gc,marking  ] GC(204) Concurrent Cleanup for Next Mark
[117.029s][info][gc,marking  ] GC(204) Concurrent Cleanup for Next Mark 0.898ms
[117.029s][info][gc          ] GC(204) Concurrent Mark Cycle 327.109ms
[117.492s][info][gc,start    ] GC(205) Pause Young (Prepare Mixed) (G1 Evacuation Pause)
[117.492s][info][gc,task     ] GC(205) Using 2 workers of 2 for evacuation
[117.554s][info][gc,phases   ] GC(205)   Pre Evacuate Collection Set: 0.19ms
[117.555s][info][gc,phases   ] GC(205)   Merge Heap Roots: 0.64ms
[117.555s][info][gc,phases   ] GC(205)   Evacuate Collection Set: 61.36ms
[117.555s][info][gc,phases   ] GC(205)   Post Evacuate Collection Set: 0.46ms
[117.555s][info][gc,phases   ] GC(205)   Other: 0.09ms
[117.555s][info][gc,heap     ] GC(205) Eden regions: 101->0(77)
[117.555s][info][gc,heap     ] GC(205) Survivor regions: 19->15(15)
[117.555s][info][gc,heap     ] GC(205) Old regions: 93->125
[117.555s][info][gc,heap     ] GC(205) Humongous regions: 3->3
[117.555s][info][gc,metaspace] GC(205) Metaspace: 41318K(41664K)->41318K(41664K) NonClass: 36973K(37184K)->36973K(37184K) Class: 4345K(4480K)->4345K(4480K)
[117.555s][info][gc          ] GC(205) Pause Young (Prepare Mixed) (G1 Evacuation Pause) 216M->142M(263M) 62.941ms
[117.555s][info][gc,cpu      ] GC(205) User=0.12s Sys=0.00s Real=0.06s
[117.986s][info][gc,start    ] GC(206) Pause Young (Mixed) (G1 Evacuation Pause)
[117.986s][info][gc,task     ] GC(206) Using 2 workers of 2 for evacuation
[118.039s][info][gc,phases   ] GC(206)   Pre Evacuate Collection Set: 0.19ms
[118.039s][info][gc,phases   ] GC(206)   Merge Heap Roots: 0.37ms
[118.039s][info][gc,phases   ] GC(206)   Evacuate Collection Set: 52.27ms
[118.039s][info][gc,phases   ] GC(206)   Post Evacuate Collection Set: 0.43ms
[118.039s][info][gc,phases   ] GC(206)   Other: 0.07ms
[118.039s][info][gc,heap     ] GC(206) Eden regions: 77->0(61)
[118.039s][info][gc,heap     ] GC(206) Survivor regions: 15->12(12)
[118.039s][info][gc,heap     ] GC(206) Old regions: 125->147
[118.039s][info][gc,heap     ] GC(206) Humongous regions: 5->3
[118.039s][info][gc,metaspace] GC(206) Metaspace: 41335K(41728K)->41335K(41728K) NonClass: 36990K(37248K)->36990K(37248K) Class: 4345K(4480K)->4345K(4480K)
[118.039s][info][gc          ] GC(206) Pause Young (Mixed) (G1 Evacuation Pause) 221M->162M(263M) 53.555ms
[118.039s][info][gc,cpu      ] GC(206) User=0.11s Sys=0.00s Real=0.05s
[118.286s][info][gc,start    ] GC(207) Pause Young (Concurrent Start) (G1 Evacuation Pause)
[118.287s][info][gc,task     ] GC(207) Using 2 workers of 2 for evacuation
[118.309s][info][gc,phases   ] GC(207)   Pre Evacuate Collection Set: 0.18ms
[118.309s][info][gc,phases   ] GC(207)   Merge Heap Roots: 0.10ms
[118.309s][info][gc,phases   ] GC(207)   Evacuate Collection Set: 21.89ms
[118.309s][info][gc,phases   ] GC(207)   Post Evacuate Collection Set: 0.33ms
[118.309s][info][gc,phases   ] GC(207)   Other: 0.08ms
[118.309s][info][gc,heap     ] GC(207) Eden regions: 61->0(59)
[118.309s][info][gc,heap     ] GC(207) Survivor regions: 12->8(10)
[118.309s][info][gc,heap     ] GC(207) Old regions: 147->158
[118.309s][info][gc,heap     ] GC(207) Humongous regions: 3->3
[118.309s][info][gc,metaspace] GC(207) Metaspace: 41336K(41728K)->41336K(41728K) NonClass: 36990K(37248K)->36990K(37248K) Class: 4345K(4480K)->4345K(4480K)
[118.309s][info][gc          ] GC(207) Pause Young (Concurrent Start) (G1 Evacuation Pause) 223M->169M(263M) 22.781ms
[118.309s][info][gc,cpu      ] GC(207) User=0.05s Sys=0.00s Real=0.02s
[118.309s][info][gc          ] GC(208) Concurrent Mark Cycle
[118.311s][info][gc,marking  ] GC(208) Concurrent Scan Root Regions
[118.332s][info][gc,marking  ] GC(208) Concurrent Scan Root Regions 20.376ms
[118.332s][info][gc,marking  ] GC(208) Concurrent Mark
[118.332s][info][gc,marking  ] GC(208) Concurrent Mark From Roots
[118.332s][info][gc,task     ] GC(208) Using 1 workers of 1 for marking
[118.483s][info][gc,marking  ] GC(208) Concurrent Mark From Roots 151.669ms
[118.483s][info][gc,marking  ] GC(208) Concurrent Preclean
[118.483s][info][gc,marking  ] GC(208) Concurrent Preclean 0.042ms
[118.484s][info][gc,start    ] GC(208) Pause Remark
[118.502s][info][gc          ] GC(208) Pause Remark 205M->205M(285M) 18.494ms
[118.502s][info][gc,cpu      ] GC(208) User=0.04s Sys=0.00s Real=0.02s
[118.503s][info][gc,marking  ] GC(208) Concurrent Mark 171.611ms
[118.503s][info][gc,marking  ] GC(208) Concurrent Rebuild Remembered Sets and Scrub Regions
[118.583s][info][gc,marking  ] GC(208) Concurrent Rebuild Remembered Sets and Scrub Regions 79.916ms
[118.583s][info][gc,start    ] GC(208) Pause Cleanup
[118.583s][info][gc          ] GC(208) Pause Cleanup 212M->212M(285M) 0.096ms
[118.583s][info][gc,cpu      ] GC(208) User=0.00s Sys=0.00s Real=0.00s
[118.583s][info][gc,marking  ] GC(208) Concurrent Clear Claimed Marks
[118.583s][info][gc,marking  ] GC(208) Concurrent Clear Claimed Marks 0.047ms
[118.583s][info][gc,marking  ] GC(208) Concurrent Cleanup for Next Mark
[118.585s][info][gc,marking  ] GC(208) Concurrent Cleanup for Next Mark 1.115ms
[118.585s][info][gc          ] GC(208) Concurrent Mark Cycle 275.337ms
[118.733s][info][gc,start    ] GC(209) Pause Young (Prepare Mixed) (G1 Evacuation Pause)
[118.733s][info][gc,task     ] GC(209) Using 2 workers of 2 for evacuation
[118.752s][info][gc,phases   ] GC(209)   Pre Evacuate Collection Set: 0.18ms
[118.752s][info][gc,phases   ] GC(209)   Merge Heap Roots: 0.09ms
[118.752s][info][gc,phases   ] GC(209)   Evacuate Collection Set: 18.30ms
[118.752s][info][gc,phases   ] GC(209)   Post Evacuate Collection Set: 0.38ms
[118.752s][info][gc,phases   ] GC(209)   Other: 0.11ms
[118.752s][info][gc,heap     ] GC(209) Eden regions: 59->0(68)
[118.752s][info][gc,heap     ] GC(209) Survivor regions: 8->9(9)
[118.752s][info][gc,heap     ] GC(209) Old regions: 158->167
[118.752s][info][gc,heap     ] GC(209) Humongous regions: 7->3
[118.752s][info][gc,metaspace] GC(209) Metaspace: 41336K(41728K)->41336K(41728K) NonClass: 36990K(37248K)->36990K(37248K) Class: 4345K(4480K)->4345K(4480K)
[118.752s][info][gc          ] GC(209) Pause Young (Prepare Mixed) (G1 Evacuation Pause) 232M->178M(285M) 19.275ms
[118.752s][info][gc,cpu      ] GC(209) User=0.03s Sys=0.00s Real=0.02s
[119.050s][info][gc,start    ] GC(210) Pause Young (Mixed) (G1 Evacuation Pause)
[119.050s][info][gc,task     ] GC(210) Using 2 workers of 2 for evacuation
[119.074s][info][gc,phases   ] GC(210)   Pre Evacuate Collection Set: 0.18ms
[119.074s][info][gc,phases   ] GC(210)   Merge Heap Roots: 0.17ms
[119.074s][info][gc,phases   ] GC(210)   Evacuate Collection Set: 21.78ms
[119.074s][info][gc,phases   ] GC(210)   Post Evacuate Collection Set: 1.23ms
[119.074s][info][gc,phases   ] GC(210)   Other: 0.08ms
[119.074s][info][gc,heap     ] GC(210) Eden regions: 68->0(168)
[119.074s][info][gc,heap     ] GC(210) Survivor regions: 9->9(10)
[119.074s][info][gc,heap     ] GC(210) Old regions: 167->147
[119.074s][info][gc,heap     ] GC(210) Humongous regions: 3->3
[119.074s][info][gc,metaspace] GC(210) Metaspace: 41336K(41728K)->41336K(41728K) NonClass: 36990K(37248K)->36990K(37248K) Class: 4345K(4480K)->4345K(4480K)
[119.074s][info][gc          ] GC(210) Pause Young (Mixed) (G1 Evacuation Pause) 246M->158M(402M) 23.620ms
[119.074s][info][gc,cpu      ] GC(210) User=0.04s Sys=0.00s Real=0.03s
[119.733s][info][gc,start    ] GC(211) Pause Young (Mixed) (G1 Evacuation Pause)
[119.733s][info][gc,task     ] GC(211) Using 2 workers of 2 for evacuation
[119.788s][info][gc,phases   ] GC(211)   Pre Evacuate Collection Set: 0.25ms
[119.788s][info][gc,phases   ] GC(211)   Merge Heap Roots: 0.61ms
[119.788s][info][gc,phases   ] GC(211)   Evacuate Collection Set: 53.37ms
[119.788s][info][gc,phases   ] GC(211)   Post Evacuate Collection Set: 0.66ms
[119.788s][info][gc,phases   ] GC(211)   Other: 0.08ms
[119.788s][info][gc,heap     ] GC(211) Eden regions: 168->0(151)
[119.788s][info][gc,heap     ] GC(211) Survivor regions: 9->23(23)
[119.788s][info][gc,heap     ] GC(211) Old regions: 147->138
[119.788s][info][gc,heap     ] GC(211) Humongous regions: 12->4
[119.788s][info][gc,metaspace] GC(211) Metaspace: 41355K(41792K)->41355K(41792K) NonClass: 37010K(37312K)->37010K(37312K) Class: 4345K(4480K)->4345K(4480K)
[119.788s][info][gc          ] GC(211) Pause Young (Mixed) (G1 Evacuation Pause) 335M->165M(402M) 55.180ms
[119.788s][info][gc,cpu      ] GC(211) User=0.10s Sys=0.00s Real=0.05s
[120.659s][info][gc,start    ] GC(212) Pause Young (Mixed) (G1 Evacuation Pause)
[120.659s][info][gc,task     ] GC(212) Using 2 workers of 2 for evacuation
[120.728s][info][gc,phases   ] GC(212)   Pre Evacuate Collection Set: 0.25ms
[120.728s][info][gc,phases   ] GC(212)   Merge Heap Roots: 1.18ms
[120.728s][info][gc,phases   ] GC(212)   Evacuate Collection Set: 67.11ms
[120.728s][info][gc,phases   ] GC(212)   Post Evacuate Collection Set: 0.62ms
[120.728s][info][gc,phases   ] GC(212)   Other: 0.09ms
[120.728s][info][gc,heap     ] GC(212) Eden regions: 151->0(142)
[120.728s][info][gc,heap     ] GC(212) Survivor regions: 23->22(22)
[120.728s][info][gc,heap     ] GC(212) Old regions: 138->154
[120.728s][info][gc,heap     ] GC(212) Humongous regions: 5->4
[120.728s][info][gc,metaspace] GC(212) Metaspace: 41361K(41792K)->41361K(41792K) NonClass: 37016K(37312K)->37016K(37312K) Class: 4345K(4480K)->4345K(4480K)
[120.728s][info][gc          ] GC(212) Pause Young (Mixed) (G1 Evacuation Pause) 317M->180M(402M) 69.493ms
[120.728s][info][gc,cpu      ] GC(212) User=0.14s Sys=0.00s Real=0.07s
[121.256s][info][gc,start    ] GC(213) Pause Young (Normal) (G1 Evacuation Pause)
[121.256s][info][gc,task     ] GC(213) Using 2 workers of 2 for evacuation
[121.278s][info][gc,phases   ] GC(213)   Pre Evacuate Collection Set: 0.23ms
[121.278s][info][gc,phases   ] GC(213)   Merge Heap Roots: 0.18ms
[121.278s][info][gc,phases   ] GC(213)   Evacuate Collection Set: 20.99ms
[121.278s][info][gc,phases   ] GC(213)   Post Evacuate Collection Set: 0.41ms
[121.278s][info][gc,phases   ] GC(213)   Other: 0.09ms
[121.278s][info][gc,heap     ] GC(213) Eden regions: 142->0(153)
[121.278s][info][gc,heap     ] GC(213) Survivor regions: 22->6(21)
[121.278s][info][gc,heap     ] GC(213) Old regions: 154->168
[121.278s][info][gc,heap     ] GC(213) Humongous regions: 5->4
[121.278s][info][gc,metaspace] GC(213) Metaspace: 41361K(41792K)->41361K(41792K) NonClass: 37016K(37312K)->37016K(37312K) Class: 4345K(4480K)->4345K(4480K)
[121.278s][info][gc          ] GC(213) Pause Young (Normal) (G1 Evacuation Pause) 323M->177M(402M) 22.103ms
[121.278s][info][gc,cpu      ] GC(213) User=0.04s Sys=0.00s Real=0.02s
[121.311s][info][gc,start    ] GC(214) Pause Young (Concurrent Start) (G1 Humongous Allocation)
[121.311s][info][gc,task     ] GC(214) Using 2 workers of 2 for evacuation
[121.315s][info][gc,phases   ] GC(214)   Pre Evacuate Collection Set: 0.25ms
[121.315s][info][gc,phases   ] GC(214)   Merge Heap Roots: 0.06ms
[121.315s][info][gc,phases   ] GC(214)   Evacuate Collection Set: 2.69ms
[121.315s][info][gc,phases   ] GC(214)   Post Evacuate Collection Set: 0.26ms
[121.315s][info][gc,phases   ] GC(214)   Other: 0.10ms
[121.315s][info][gc,heap     ] GC(214) Eden regions: 10->0(168)
[121.315s][info][gc,heap     ] GC(214) Survivor regions: 6->3(20)
[121.315s][info][gc,heap     ] GC(214) Old regions: 168->168
[121.315s][info][gc,heap     ] GC(214) Humongous regions: 4->4
[121.315s][info][gc,metaspace] GC(214) Metaspace: 41361K(41792K)->41361K(41792K) NonClass: 37016K(37312K)->37016K(37312K) Class: 4345K(4480K)->4345K(4480K)
[121.315s][info][gc          ] GC(214) Pause Young (Concurrent Start) (G1 Humongous Allocation) 186M->174M(402M) 3.544ms
[121.315s][info][gc,cpu      ] GC(214) User=0.01s Sys=0.00s Real=0.00s
[121.315s][info][gc          ] GC(215) Concurrent Mark Cycle
[121.315s][info][gc,marking  ] GC(215) Concurrent Scan Root Regions
[121.317s][info][gc,marking  ] GC(215) Concurrent Scan Root Regions 2.116ms
[121.317s][info][gc,marking  ] GC(215) Concurrent Mark
[121.317s][info][gc,marking  ] GC(215) Concurrent Mark From Roots
[121.317s][info][gc,task     ] GC(215) Using 1 workers of 1 for marking
[121.468s][info][gc,marking  ] GC(215) Concurrent Mark From Roots 150.648ms
[121.468s][info][gc,marking  ] GC(215) Concurrent Preclean
[121.468s][info][gc,marking  ] GC(215) Concurrent Preclean 0.052ms
[121.468s][info][gc,start    ] GC(215) Pause Remark
[121.488s][info][gc          ] GC(215) Pause Remark 199M->162M(402M) 19.632ms
[121.488s][info][gc,cpu      ] GC(215) User=0.03s Sys=0.00s Real=0.02s
[121.488s][info][gc,marking  ] GC(215) Concurrent Mark 170.684ms
[121.488s][info][gc,marking  ] GC(215) Concurrent Rebuild Remembered Sets and Scrub Regions
[121.534s][info][gc,marking  ] GC(215) Concurrent Rebuild Remembered Sets and Scrub Regions 46.119ms
[121.534s][info][gc,start    ] GC(215) Pause Cleanup
[121.534s][info][gc          ] GC(215) Pause Cleanup 173M->173M(402M) 0.082ms
[121.534s][info][gc,cpu      ] GC(215) User=0.00s Sys=0.00s Real=0.00s
[121.534s][info][gc,marking  ] GC(215) Concurrent Clear Claimed Marks
[121.534s][info][gc,marking  ] GC(215) Concurrent Clear Claimed Marks 0.041ms
[121.534s][info][gc,marking  ] GC(215) Concurrent Cleanup for Next Mark
[121.537s][info][gc,marking  ] GC(215) Concurrent Cleanup for Next Mark 2.462ms
[121.537s][info][gc          ] GC(215) Concurrent Mark Cycle 221.823ms
[122.099s][info][gc,start    ] GC(216) Pause Young (Prepare Mixed) (G1 Evacuation Pause)
[122.099s][info][gc,task     ] GC(216) Using 2 workers of 2 for evacuation
[122.132s][info][gc,phases   ] GC(216)   Pre Evacuate Collection Set: 0.21ms
[122.132s][info][gc,phases   ] GC(216)   Merge Heap Roots: 0.08ms
[122.132s][info][gc,phases   ] GC(216)   Evacuate Collection Set: 31.94ms
[122.132s][info][gc,phases   ] GC(216)   Post Evacuate Collection Set: 0.49ms
[122.132s][info][gc,phases   ] GC(216)   Other: 0.09ms
[122.132s][info][gc,heap     ] GC(216) Eden regions: 168->0(134)
[122.132s][info][gc,heap     ] GC(216) Survivor regions: 3->22(22)
[122.132s][info][gc,heap     ] GC(216) Old regions: 131->160
[122.132s][info][gc,heap     ] GC(216) Humongous regions: 4->3
[122.132s][info][gc,metaspace] GC(216) Metaspace: 41364K(41792K)->41364K(41792K) NonClass: 37019K(37312K)->37019K(37312K) Class: 4345K(4480K)->4345K(4480K)
[122.132s][info][gc          ] GC(216) Pause Young (Prepare Mixed) (G1 Evacuation Pause) 306M->184M(402M) 33.046ms
[122.132s][info][gc,cpu      ] GC(216) User=0.07s Sys=0.00s Real=0.04s
[122.733s][info][gc,start    ] GC(217) Pause Young (Mixed) (G1 Evacuation Pause)
[122.733s][info][gc,task     ] GC(217) Using 2 workers of 2 for evacuation
[122.782s][info][gc,phases   ] GC(217)   Pre Evacuate Collection Set: 0.23ms
[122.782s][info][gc,phases   ] GC(217)   Merge Heap Roots: 0.26ms
[122.782s][info][gc,phases   ] GC(217)   Evacuate Collection Set: 47.69ms
[122.782s][info][gc,phases   ] GC(217)   Post Evacuate Collection Set: 0.51ms
[122.782s][info][gc,phases   ] GC(217)   Other: 0.08ms
[122.782s][info][gc,heap     ] GC(217) Eden regions: 134->0(117)
[122.782s][info][gc,heap     ] GC(217) Survivor regions: 22->20(20)
[122.782s][info][gc,heap     ] GC(217) Old regions: 160->164
[122.782s][info][gc,heap     ] GC(217) Humongous regions: 4->4
[122.782s][info][gc,metaspace] GC(217) Metaspace: 41364K(41792K)->41364K(41792K) NonClass: 37019K(37312K)->37019K(37312K) Class: 4345K(4480K)->4345K(4480K)
[122.782s][info][gc          ] GC(217) Pause Young (Mixed) (G1 Evacuation Pause) 319M->187M(402M) 48.990ms
[122.782s][info][gc,cpu      ] GC(217) User=0.09s Sys=0.00s Real=0.05s
[123.188s][info][gc,start    ] GC(218) Pause Young (Mixed) (G1 Evacuation Pause)
[123.188s][info][gc,task     ] GC(218) Using 2 workers of 2 for evacuation
[123.216s][info][gc,phases   ] GC(218)   Pre Evacuate Collection Set: 0.27ms
[123.216s][info][gc,phases   ] GC(218)   Merge Heap Roots: 0.32ms
[123.216s][info][gc,phases   ] GC(218)   Evacuate Collection Set: 26.29ms
[123.216s][info][gc,phases   ] GC(218)   Post Evacuate Collection Set: 0.66ms
[123.216s][info][gc,phases   ] GC(218)   Other: 0.08ms
[123.216s][info][gc,heap     ] GC(218) Eden regions: 117->0(161)
[123.216s][info][gc,heap     ] GC(218) Survivor regions: 20->5(18)
[123.216s][info][gc,heap     ] GC(218) Old regions: 164->157
[123.216s][info][gc,heap     ] GC(218) Humongous regions: 4->4
[123.216s][info][gc,metaspace] GC(218) Metaspace: 41365K(41792K)->41365K(41792K) NonClass: 37019K(37312K)->37019K(37312K) Class: 4345K(4480K)->4345K(4480K)
[123.216s][info][gc          ] GC(218) Pause Young (Mixed) (G1 Evacuation Pause) 304M->165M(426M) 27.817ms
[123.216s][info][gc,cpu      ] GC(218) User=0.05s Sys=0.00s Real=0.03s
[123.836s][info][gc,start    ] GC(219) Pause Young (Normal) (G1 Evacuation Pause)
[123.836s][info][gc,task     ] GC(219) Using 2 workers of 2 for evacuation
[123.870s][info][gc,phases   ] GC(219)   Pre Evacuate Collection Set: 0.22ms
[123.870s][info][gc,phases   ] GC(219)   Merge Heap Roots: 0.07ms
[123.870s][info][gc,phases   ] GC(219)   Evacuate Collection Set: 33.94ms
[123.870s][info][gc,phases   ] GC(219)   Post Evacuate Collection Set: 0.54ms
[123.870s][info][gc,phases   ] GC(219)   Other: 0.09ms
[123.871s][info][gc,heap     ] GC(219) Eden regions: 161->0(106)
[123.871s][info][gc,heap     ] GC(219) Survivor regions: 5->21(21)
[123.871s][info][gc,heap     ] GC(219) Old regions: 157->194
[123.871s][info][gc,heap     ] GC(219) Humongous regions: 5->5
[123.871s][info][gc,metaspace] GC(219) Metaspace: 41365K(41792K)->41365K(41792K) NonClass: 37019K(37312K)->37019K(37312K) Class: 4345K(4480K)->4345K(4480K)
[123.871s][info][gc          ] GC(219) Pause Young (Normal) (G1 Evacuation Pause) 327M->220M(426M) 35.095ms
[123.871s][info][gc,cpu      ] GC(219) User=0.07s Sys=0.00s Real=0.03s
[124.271s][info][gc,start    ] GC(220) Pause Young (Concurrent Start) (G1 Evacuation Pause)
[124.272s][info][gc,task     ] GC(220) Using 2 workers of 2 for evacuation
[124.323s][info][gc,phases   ] GC(220)   Pre Evacuate Collection Set: 0.23ms
[124.323s][info][gc,phases   ] GC(220)   Merge Heap Roots: 0.28ms
[124.323s][info][gc,phases   ] GC(220)   Evacuate Collection Set: 50.41ms
[124.323s][info][gc,phases   ] GC(220)   Post Evacuate Collection Set: 0.46ms
[124.323s][info][gc,phases   ] GC(220)   Other: 0.12ms
[124.323s][info][gc,heap     ] GC(220) Eden regions: 106->0(71)
[124.323s][info][gc,heap     ] GC(220) Survivor regions: 21->16(16)
[124.323s][info][gc,heap     ] GC(220) Old regions: 194->250
[124.323s][info][gc,heap     ] GC(220) Humongous regions: 6->6
[124.323s][info][gc,metaspace] GC(220) Metaspace: 41365K(41792K)->41365K(41792K) NonClass: 37020K(37312K)->37020K(37312K) Class: 4345K(4480K)->4345K(4480K)
[124.323s][info][gc          ] GC(220) Pause Young (Concurrent Start) (G1 Evacuation Pause) 327M->271M(426M) 51.756ms
[124.323s][info][gc          ] GC(221) Concurrent Mark Cycle
[124.323s][info][gc,marking  ] GC(221) Concurrent Scan Root Regions
[124.324s][info][gc,cpu      ] GC(220) User=0.11s Sys=0.00s Real=0.05s
[124.355s][info][gc,marking  ] GC(221) Concurrent Scan Root Regions 31.649ms
[124.355s][info][gc,marking  ] GC(221) Concurrent Mark
[124.355s][info][gc,marking  ] GC(221) Concurrent Mark From Roots
[124.355s][info][gc,task     ] GC(221) Using 1 workers of 1 for marking
[124.511s][info][gc,marking  ] GC(221) Concurrent Mark From Roots 155.868ms
[124.511s][info][gc,marking  ] GC(221) Concurrent Preclean
[124.511s][info][gc,marking  ] GC(221) Concurrent Preclean 0.053ms
[124.511s][info][gc,start    ] GC(221) Pause Remark
[124.527s][info][gc          ] GC(221) Pause Remark 311M->285M(426M) 15.704ms
[124.527s][info][gc,cpu      ] GC(221) User=0.03s Sys=0.00s Real=0.02s
[124.527s][info][gc,marking  ] GC(221) Concurrent Mark 171.974ms
[124.527s][info][gc,marking  ] GC(221) Concurrent Rebuild Remembered Sets and Scrub Regions
[124.633s][info][gc,start    ] GC(222) Pause Young (Normal) (G1 Evacuation Pause)
[124.633s][info][gc,task     ] GC(222) Using 2 workers of 2 for evacuation
[124.684s][info][gc,phases   ] GC(222)   Pre Evacuate Collection Set: 0.19ms
[124.684s][info][gc,phases   ] GC(222)   Merge Heap Roots: 0.30ms
[124.684s][info][gc,phases   ] GC(222)   Evacuate Collection Set: 49.75ms
[124.684s][info][gc,phases   ] GC(222)   Post Evacuate Collection Set: 0.41ms
[124.684s][info][gc,phases   ] GC(222)   Other: 0.09ms
[124.684s][info][gc,heap     ] GC(222) Eden regions: 71->0(52)
[124.684s][info][gc,heap     ] GC(222) Survivor regions: 16->11(11)
[124.684s][info][gc,heap     ] GC(222) Old regions: 224->280
[124.684s][info][gc,heap     ] GC(222) Humongous regions: 6->6
[124.684s][info][gc,metaspace] GC(222) Metaspace: 41365K(41792K)->41365K(41792K) NonClass: 37020K(37312K)->37020K(37312K) Class: 4345K(4480K)->4345K(4480K)
[124.684s][info][gc          ] GC(222) Pause Young (Normal) (G1 Evacuation Pause) 316M->297M(426M) 50.969ms
[124.684s][info][gc,cpu      ] GC(222) User=0.10s Sys=0.00s Real=0.05s
[124.690s][info][gc,marking  ] GC(221) Concurrent Rebuild Remembered Sets and Scrub Regions 163.454ms
[124.691s][info][gc,start    ] GC(221) Pause Cleanup
[124.691s][info][gc          ] GC(221) Pause Cleanup 298M->298M(426M) 0.067ms
[124.691s][info][gc,cpu      ] GC(221) User=0.00s Sys=0.00s Real=0.00s
[124.691s][info][gc,marking  ] GC(221) Concurrent Clear Claimed Marks
[124.691s][info][gc,marking  ] GC(221) Concurrent Clear Claimed Marks 0.040ms
[124.691s][info][gc,marking  ] GC(221) Concurrent Cleanup for Next Mark
[124.692s][info][gc,marking  ] GC(221) Concurrent Cleanup for Next Mark 1.579ms
[124.692s][info][gc          ] GC(221) Concurrent Mark Cycle 369.081ms
[124.897s][info][gc,start    ] GC(223) Pause Young (Prepare Mixed) (G1 Evacuation Pause)
[124.897s][info][gc,task     ] GC(223) Using 2 workers of 2 for evacuation
[124.930s][info][gc,phases   ] GC(223)   Pre Evacuate Collection Set: 0.21ms
[124.931s][info][gc,phases   ] GC(223)   Merge Heap Roots: 0.23ms
[124.931s][info][gc,phases   ] GC(223)   Evacuate Collection Set: 32.28ms
[124.931s][info][gc,phases   ] GC(223)   Post Evacuate Collection Set: 0.41ms
[124.931s][info][gc,phases   ] GC(223)   Other: 0.07ms
[124.931s][info][gc,heap     ] GC(223) Eden regions: 52->0(41)
[124.931s][info][gc,heap     ] GC(223) Survivor regions: 11->8(8)
[124.931s][info][gc,heap     ] GC(223) Old regions: 280->313
[124.931s][info][gc,heap     ] GC(223) Humongous regions: 7->7
[124.931s][info][gc,metaspace] GC(223) Metaspace: 41365K(41792K)->41365K(41792K) NonClass: 37020K(37312K)->37020K(37312K) Class: 4345K(4480K)->4345K(4480K)
[124.931s][info][gc          ] GC(223) Pause Young (Prepare Mixed) (G1 Evacuation Pause) 350M->327M(426M) 33.433ms
[124.931s][info][gc,cpu      ] GC(223) User=0.06s Sys=0.00s Real=0.03s
[125.096s][info][gc,start    ] GC(224) Pause Young (Mixed) (G1 Evacuation Pause)
[125.096s][info][gc,task     ] GC(224) Using 2 workers of 2 for evacuation
[125.145s][info][gc,phases   ] GC(224)   Pre Evacuate Collection Set: 0.29ms
[125.145s][info][gc,phases   ] GC(224)   Merge Heap Roots: 0.67ms
[125.145s][info][gc,phases   ] GC(224)   Evacuate Collection Set: 47.22ms
[125.145s][info][gc,phases   ] GC(224)   Post Evacuate Collection Set: 0.38ms
[125.145s][info][gc,phases   ] GC(224)   Other: 0.06ms
[125.145s][info][gc,heap     ] GC(224) Eden regions: 41->0(43)
[125.145s][info][gc,heap     ] GC(224) Survivor regions: 8->7(7)
[125.145s][info][gc,heap     ] GC(224) Old regions: 313->308
[125.145s][info][gc,heap     ] GC(224) Humongous regions: 7->7
[125.145s][info][gc,metaspace] GC(224) Metaspace: 41365K(41792K)->41365K(41792K) NonClass: 37020K(37312K)->37020K(37312K) Class: 4345K(4480K)->4345K(4480K)
[125.145s][info][gc          ] GC(224) Pause Young (Mixed) (G1 Evacuation Pause) 368M->321M(426M) 48.842ms
[125.145s][info][gc,cpu      ] GC(224) User=0.09s Sys=0.00s Real=0.05s
[125.300s][info][gc,start    ] GC(225) Pause Young (Concurrent Start) (G1 Evacuation Pause)
[125.300s][info][gc,task     ] GC(225) Using 2 workers of 2 for evacuation
[125.323s][info][gc,phases   ] GC(225)   Pre Evacuate Collection Set: 0.25ms
[125.323s][info][gc,phases   ] GC(225)   Merge Heap Roots: 0.13ms
[125.323s][info][gc,phases   ] GC(225)   Evacuate Collection Set: 22.44ms
[125.323s][info][gc,phases   ] GC(225)   Post Evacuate Collection Set: 0.35ms
[125.323s][info][gc,phases   ] GC(225)   Other: 0.09ms
[125.323s][info][gc,heap     ] GC(225) Eden regions: 43->0(32)
[125.323s][info][gc,heap     ] GC(225) Survivor regions: 7->7(7)
[125.323s][info][gc,heap     ] GC(225) Old regions: 308->333
[125.323s][info][gc,heap     ] GC(225) Humongous regions: 7->7
[125.323s][info][gc,metaspace] GC(225) Metaspace: 41365K(41792K)->41365K(41792K) NonClass: 37020K(37312K)->37020K(37312K) Class: 4345K(4480K)->4345K(4480K)
[125.323s][info][gc          ] GC(225) Pause Young (Concurrent Start) (G1 Evacuation Pause) 364M->346M(426M) 23.482ms
[125.323s][info][gc,cpu      ] GC(225) User=0.04s Sys=0.01s Real=0.03s
[125.324s][info][gc          ] GC(226) Concurrent Mark Cycle
[125.324s][info][gc,marking  ] GC(226) Concurrent Scan Root Regions
[125.338s][info][gc,marking  ] GC(226) Concurrent Scan Root Regions 14.040ms
[125.338s][info][gc,marking  ] GC(226) Concurrent Mark
[125.338s][info][gc,marking  ] GC(226) Concurrent Mark From Roots
[125.338s][info][gc,task     ] GC(226) Using 1 workers of 1 for marking
[125.457s][info][gc,start    ] GC(227) Pause Young (Normal) (G1 Evacuation Pause)
[125.457s][info][gc,task     ] GC(227) Using 2 workers of 2 for evacuation
[125.477s][info][gc,phases   ] GC(227)   Pre Evacuate Collection Set: 0.20ms
[125.477s][info][gc,phases   ] GC(227)   Merge Heap Roots: 0.16ms
[125.477s][info][gc,phases   ] GC(227)   Evacuate Collection Set: 19.01ms
[125.477s][info][gc,phases   ] GC(227)   Post Evacuate Collection Set: 1.09ms
[125.477s][info][gc,phases   ] GC(227)   Other: 0.07ms
[125.477s][info][gc,heap     ] GC(227) Eden regions: 32->0(72)
[125.477s][info][gc,heap     ] GC(227) Survivor regions: 7->5(5)
[125.477s][info][gc,heap     ] GC(227) Old regions: 333->350
[125.477s][info][gc,heap     ] GC(227) Humongous regions: 8->8
[125.477s][info][gc,metaspace] GC(227) Metaspace: 41365K(41792K)->41365K(41792K) NonClass: 37020K(37312K)->37020K(37312K) Class: 4345K(4480K)->4345K(4480K)
[125.478s][info][gc          ] GC(227) Pause Young (Normal) (G1 Evacuation Pause) 379M->363M(536M) 20.761ms
[125.478s][info][gc,cpu      ] GC(227) User=0.04s Sys=0.00s Real=0.02s
[125.491s][info][gc,marking  ] GC(226) Concurrent Mark From Roots 153.821ms
[125.491s][info][gc,marking  ] GC(226) Concurrent Preclean
[125.492s][info][gc,marking  ] GC(226) Concurrent Preclean 0.043ms
[125.492s][info][gc,start    ] GC(226) Pause Remark
[125.507s][info][gc          ] GC(226) Pause Remark 366M->264M(536M) 15.246ms
[125.507s][info][gc,cpu      ] GC(226) User=0.03s Sys=0.00s Real=0.01s
[125.507s][info][gc,marking  ] GC(226) Concurrent Mark 169.382ms
[125.507s][info][gc,marking  ] GC(226) Concurrent Rebuild Remembered Sets and Scrub Regions
[125.628s][info][gc,marking  ] GC(226) Concurrent Rebuild Remembered Sets and Scrub Regions 120.983ms
[125.628s][info][gc,start    ] GC(226) Pause Cleanup
[125.628s][info][gc          ] GC(226) Pause Cleanup 291M->291M(536M) 0.114ms
[125.628s][info][gc,cpu      ] GC(226) User=0.00s Sys=0.00s Real=0.00s
[125.628s][info][gc,marking  ] GC(226) Concurrent Clear Claimed Marks
[125.628s][info][gc,marking  ] GC(226) Concurrent Clear Claimed Marks 0.041ms
[125.628s][info][gc,marking  ] GC(226) Concurrent Cleanup for Next Mark
[125.631s][info][gc,marking  ] GC(226) Concurrent Cleanup for Next Mark 2.940ms
[125.631s][info][gc          ] GC(226) Concurrent Mark Cycle 307.832ms
[125.808s][info][gc,start    ] GC(228) Pause Young (Prepare Mixed) (G1 Evacuation Pause)
[125.808s][info][gc,task     ] GC(228) Using 2 workers of 2 for evacuation
[125.825s][info][gc,phases   ] GC(228)   Pre Evacuate Collection Set: 0.22ms
[125.825s][info][gc,phases   ] GC(228)   Merge Heap Roots: 0.18ms
[125.825s][info][gc,phases   ] GC(228)   Evacuate Collection Set: 15.90ms
[125.825s][info][gc,phases   ] GC(228)   Post Evacuate Collection Set: 0.37ms
[125.825s][info][gc,phases   ] GC(228)   Other: 0.09ms
[125.825s][info][gc,heap     ] GC(228) Eden regions: 72->0(127)
[125.825s][info][gc,heap     ] GC(228) Survivor regions: 5->10(10)
[125.825s][info][gc,heap     ] GC(228) Old regions: 251->256
[125.825s][info][gc,heap     ] GC(228) Humongous regions: 5->5
[125.825s][info][gc,metaspace] GC(228) Metaspace: 41365K(41792K)->41365K(41792K) NonClass: 37020K(37312K)->37020K(37312K) Class: 4345K(4480K)->4345K(4480K)
[125.825s][info][gc          ] GC(228) Pause Young (Prepare Mixed) (G1 Evacuation Pause) 333M->271M(536M) 16.957ms
[125.825s][info][gc,cpu      ] GC(228) User=0.03s Sys=0.01s Real=0.02s
[126.322s][info][gc,start    ] GC(229) Pause Young (Mixed) (G1 Evacuation Pause)
[126.322s][info][gc,task     ] GC(229) Using 2 workers of 2 for evacuation
[126.351s][info][gc,phases   ] GC(229)   Pre Evacuate Collection Set: 0.29ms
[126.351s][info][gc,phases   ] GC(229)   Merge Heap Roots: 0.22ms
[126.351s][info][gc,phases   ] GC(229)   Evacuate Collection Set: 28.30ms
[126.351s][info][gc,phases   ] GC(229)   Post Evacuate Collection Set: 0.48ms
[126.351s][info][gc,phases   ] GC(229)   Other: 0.08ms
[126.351s][info][gc,heap     ] GC(229) Eden regions: 127->0(150)
[126.351s][info][gc,heap     ] GC(229) Survivor regions: 10->18(18)
[126.351s][info][gc,heap     ] GC(229) Old regions: 256->219
[126.351s][info][gc,heap     ] GC(229) Humongous regions: 5->5
[126.351s][info][gc,metaspace] GC(229) Metaspace: 41365K(41792K)->41365K(41792K) NonClass: 37020K(37312K)->37020K(37312K) Class: 4345K(4480K)->4345K(4480K)
[126.352s][info][gc          ] GC(229) Pause Young (Mixed) (G1 Evacuation Pause) 398M->241M(536M) 29.588ms
[126.352s][info][gc,cpu      ] GC(229) User=0.06s Sys=0.00s Real=0.03s
[126.934s][info][gc,start    ] GC(230) Pause Young (Mixed) (G1 Evacuation Pause)
[126.934s][info][gc,task     ] GC(230) Using 2 workers of 2 for evacuation
[126.967s][info][gc,phases   ] GC(230)   Pre Evacuate Collection Set: 0.34ms
[126.967s][info][gc,phases   ] GC(230)   Merge Heap Roots: 0.40ms
[126.967s][info][gc,phases   ] GC(230)   Evacuate Collection Set: 31.34ms
[126.967s][info][gc,phases   ] GC(230)   Post Evacuate Collection Set: 0.46ms
[126.967s][info][gc,phases   ] GC(230)   Other: 0.07ms
[126.967s][info][gc,heap     ] GC(230) Eden regions: 150->0(170)
[126.967s][info][gc,heap     ] GC(230) Survivor regions: 18->19(21)
[126.967s][info][gc,heap     ] GC(230) Old regions: 219->202
[126.967s][info][gc,heap     ] GC(230) Humongous regions: 6->5
[126.967s][info][gc,metaspace] GC(230) Metaspace: 41367K(41792K)->41367K(41792K) NonClass: 37022K(37312K)->37022K(37312K) Class: 4345K(4480K)->4345K(4480K)
[126.967s][info][gc          ] GC(230) Pause Young (Mixed) (G1 Evacuation Pause) 392M->226M(536M) 32.831ms
[126.967s][info][gc,cpu      ] GC(230) User=0.06s Sys=0.00s Real=0.03s
[127.588s][info][gc,start    ] GC(231) Pause Young (Normal) (G1 Evacuation Pause)
[127.588s][info][gc,task     ] GC(231) Using 2 workers of 2 for evacuation
[127.596s][info][gc,phases   ] GC(231)   Pre Evacuate Collection Set: 0.23ms
[127.596s][info][gc,phases   ] GC(231)   Merge Heap Roots: 0.10ms
[127.596s][info][gc,phases   ] GC(231)   Evacuate Collection Set: 6.67ms
[127.596s][info][gc,phases   ] GC(231)   Post Evacuate Collection Set: 0.43ms
[127.596s][info][gc,phases   ] GC(231)   Other: 0.07ms
[127.596s][info][gc,heap     ] GC(231) Eden regions: 170->0(193)
[127.596s][info][gc,heap     ] GC(231) Survivor regions: 19->3(24)
[127.596s][info][gc,heap     ] GC(231) Old regions: 202->208
[127.596s][info][gc,heap     ] GC(231) Humongous regions: 7->5
[127.596s][info][gc,metaspace] GC(231) Metaspace: 41375K(41792K)->41375K(41792K) NonClass: 37030K(37312K)->37030K(37312K) Class: 4345K(4480K)->4345K(4480K)
[127.596s][info][gc          ] GC(231) Pause Young (Normal) (G1 Evacuation Pause) 398M->215M(536M) 7.690ms
[127.596s][info][gc,cpu      ] GC(231) User=0.02s Sys=0.00s Real=0.01s
[127.699s][info][gc,start    ] GC(232) Pause Young (Concurrent Start) (G1 Humongous Allocation)
[127.700s][info][gc,task     ] GC(232) Using 2 workers of 2 for evacuation
[127.710s][info][gc,phases   ] GC(232)   Pre Evacuate Collection Set: 0.25ms
[127.710s][info][gc,phases   ] GC(232)   Merge Heap Roots: 0.05ms
[127.710s][info][gc,phases   ] GC(232)   Evacuate Collection Set: 10.09ms
[127.710s][info][gc,phases   ] GC(232)   Post Evacuate Collection Set: 0.34ms
[127.710s][info][gc,phases   ] GC(232)   Other: 0.10ms
[127.710s][info][gc,heap     ] GC(232) Eden regions: 31->0(191)
[127.710s][info][gc,heap     ] GC(232) Survivor regions: 3->18(25)
[127.710s][info][gc,heap     ] GC(232) Old regions: 208->208
[127.710s][info][gc,heap     ] GC(232) Humongous regions: 5->5
[127.710s][info][gc,metaspace] GC(232) Metaspace: 41375K(41792K)->41375K(41792K) NonClass: 37030K(37312K)->37030K(37312K) Class: 4345K(4480K)->4345K(4480K)
[127.711s][info][gc          ] GC(232) Pause Young (Concurrent Start) (G1 Humongous Allocation) 245M->230M(536M) 11.033ms
[127.711s][info][gc,cpu      ] GC(232) User=0.02s Sys=0.00s Real=0.01s
[127.711s][info][gc          ] GC(233) Concurrent Mark Cycle
[127.711s][info][gc,marking  ] GC(233) Concurrent Scan Root Regions
[127.718s][info][gc,marking  ] GC(233) Concurrent Scan Root Regions 6.920ms
[127.718s][info][gc,marking  ] GC(233) Concurrent Mark
[127.718s][info][gc,marking  ] GC(233) Concurrent Mark From Roots
[127.718s][info][gc,task     ] GC(233) Using 1 workers of 1 for marking
[127.794s][info][gc,marking  ] GC(233) Concurrent Mark From Roots 76.879ms
[127.795s][info][gc,marking  ] GC(233) Concurrent Preclean
[127.795s][info][gc,marking  ] GC(233) Concurrent Preclean 0.043ms
[127.795s][info][gc,start    ] GC(233) Pause Remark
[127.810s][info][gc          ] GC(233) Pause Remark 253M->151M(434M) 15.027ms
[127.810s][info][gc,cpu      ] GC(233) User=0.03s Sys=0.00s Real=0.01s
[127.810s][info][gc,marking  ] GC(233) Concurrent Mark 92.274ms
[127.810s][info][gc,marking  ] GC(233) Concurrent Rebuild Remembered Sets and Scrub Regions
[127.841s][info][gc,marking  ] GC(233) Concurrent Rebuild Remembered Sets and Scrub Regions 30.834ms
[127.841s][info][gc,start    ] GC(233) Pause Cleanup
[127.841s][info][gc          ] GC(233) Pause Cleanup 159M->159M(434M) 0.069ms
[127.841s][info][gc,cpu      ] GC(233) User=0.00s Sys=0.00s Real=0.00s
[127.841s][info][gc,marking  ] GC(233) Concurrent Clear Claimed Marks
[127.841s][info][gc,marking  ] GC(233) Concurrent Clear Claimed Marks 0.041ms
[127.841s][info][gc,marking  ] GC(233) Concurrent Cleanup for Next Mark
[127.843s][info][gc,marking  ] GC(233) Concurrent Cleanup for Next Mark 1.276ms
[127.843s][info][gc          ] GC(233) Concurrent Mark Cycle 132.149ms
[128.426s][info][gc,start    ] GC(234) Pause Young (Prepare Mixed) (G1 Evacuation Pause)
[128.426s][info][gc,task     ] GC(234) Using 2 workers of 2 for evacuation
[128.434s][info][gc,phases   ] GC(234)   Pre Evacuate Collection Set: 0.25ms
[128.434s][info][gc,phases   ] GC(234)   Merge Heap Roots: 0.08ms
[128.434s][info][gc,phases   ] GC(234)   Evacuate Collection Set: 6.80ms
[128.434s][info][gc,phases   ] GC(234)   Post Evacuate Collection Set: 0.43ms
[128.434s][info][gc,phases   ] GC(234)   Other: 0.07ms
[128.434s][info][gc,heap     ] GC(234) Eden regions: 191->0(210)
[128.434s][info][gc,heap     ] GC(234) Survivor regions: 18->9(27)
[128.434s][info][gc,heap     ] GC(234) Old regions: 108->109
[128.434s][info][gc,heap     ] GC(234) Humongous regions: 5->3
[128.434s][info][gc,metaspace] GC(234) Metaspace: 41375K(41792K)->41375K(41792K) NonClass: 37030K(37312K)->37030K(37312K) Class: 4345K(4480K)->4345K(4480K)
[128.434s][info][gc          ] GC(234) Pause Young (Prepare Mixed) (G1 Evacuation Pause) 321M->120M(434M) 7.832ms
[128.434s][info][gc,cpu      ] GC(234) User=0.01s Sys=0.00s Real=0.01s
[129.191s][info][gc,start    ] GC(235) Pause Young (Mixed) (G1 Evacuation Pause)
[129.191s][info][gc,task     ] GC(235) Using 2 workers of 2 for evacuation
[129.196s][info][gc,phases   ] GC(235)   Pre Evacuate Collection Set: 0.22ms
[129.196s][info][gc,phases   ] GC(235)   Merge Heap Roots: 0.09ms
[129.196s][info][gc,phases   ] GC(235)   Evacuate Collection Set: 3.93ms
[129.196s][info][gc,phases   ] GC(235)   Post Evacuate Collection Set: 0.45ms
[129.196s][info][gc,phases   ] GC(235)   Other: 0.08ms
[129.196s][info][gc,heap     ] GC(235) Eden regions: 210->0(254)
[129.196s][info][gc,heap     ] GC(235) Survivor regions: 9->4(28)
[129.196s][info][gc,heap     ] GC(235) Old regions: 109->73
[129.196s][info][gc,heap     ] GC(235) Humongous regions: 6->3
[129.196s][info][gc,metaspace] GC(235) Metaspace: 41377K(41792K)->41377K(41792K) NonClass: 37032K(37312K)->37032K(37312K) Class: 4345K(4480K)->4345K(4480K)
[129.196s][info][gc          ] GC(235) Pause Young (Mixed) (G1 Evacuation Pause) 333M->78M(434M) 4.973ms
[129.196s][info][gc,cpu      ] GC(235) User=0.00s Sys=0.00s Real=0.00s
[129.446s][info][gc,start    ] GC(236) Pause Young (Concurrent Start) (G1 Humongous Allocation)
[129.446s][info][gc,task     ] GC(236) Using 2 workers of 2 for evacuation
[129.460s][info][gc,phases   ] GC(236)   Pre Evacuate Collection Set: 0.22ms
[129.460s][info][gc,phases   ] GC(236)   Merge Heap Roots: 0.05ms
[129.460s][info][gc,phases   ] GC(236)   Evacuate Collection Set: 12.70ms
[129.460s][info][gc,phases   ] GC(236)   Post Evacuate Collection Set: 0.56ms
[129.460s][info][gc,phases   ] GC(236)   Other: 0.11ms
[129.460s][info][gc,heap     ] GC(236) Eden regions: 72->0(241)
[129.460s][info][gc,heap     ] GC(236) Survivor regions: 4->19(33)
[129.460s][info][gc,heap     ] GC(236) Old regions: 73->73
[129.460s][info][gc,heap     ] GC(236) Humongous regions: 3->1
[129.460s][info][gc,metaspace] GC(236) Metaspace: 41377K(41792K)->41377K(41792K) NonClass: 37032K(37312K)->37032K(37312K) Class: 4345K(4480K)->4345K(4480K)
[129.460s][info][gc          ] GC(236) Pause Young (Concurrent Start) (G1 Humongous Allocation) 149M->91M(434M) 13.830ms
[129.460s][info][gc,cpu      ] GC(236) User=0.02s Sys=0.00s Real=0.01s
[129.460s][info][gc          ] GC(237) Concurrent Mark Cycle
[129.460s][info][gc,marking  ] GC(237) Concurrent Scan Root Regions
[129.472s][info][gc,marking  ] GC(237) Concurrent Scan Root Regions 11.937ms
[129.472s][info][gc,marking  ] GC(237) Concurrent Mark
[129.472s][info][gc,marking  ] GC(237) Concurrent Mark From Roots
[129.472s][info][gc,task     ] GC(237) Using 1 workers of 1 for marking
[129.547s][info][gc,marking  ] GC(237) Concurrent Mark From Roots 75.286ms
[129.547s][info][gc,marking  ] GC(237) Concurrent Preclean
[129.547s][info][gc,marking  ] GC(237) Concurrent Preclean 0.038ms
[129.547s][info][gc,start    ] GC(237) Pause Remark
[129.565s][info][gc          ] GC(237) Pause Remark 118M->118M(317M) 17.383ms
[129.565s][info][gc,cpu      ] GC(237) User=0.03s Sys=0.00s Real=0.02s
[129.565s][info][gc,marking  ] GC(237) Concurrent Mark 93.013ms
[129.565s][info][gc,marking  ] GC(237) Concurrent Rebuild Remembered Sets and Scrub Regions
[129.595s][info][gc,marking  ] GC(237) Concurrent Rebuild Remembered Sets and Scrub Regions 30.220ms
[129.595s][info][gc,start    ] GC(237) Pause Cleanup
[129.595s][info][gc          ] GC(237) Pause Cleanup 127M->127M(317M) 0.053ms
[129.595s][info][gc,cpu      ] GC(237) User=0.00s Sys=0.00s Real=0.00s
[129.595s][info][gc,marking  ] GC(237) Concurrent Clear Claimed Marks
[129.595s][info][gc,marking  ] GC(237) Concurrent Clear Claimed Marks 0.041ms
[129.595s][info][gc,marking  ] GC(237) Concurrent Cleanup for Next Mark
[129.596s][info][gc,marking  ] GC(237) Concurrent Cleanup for Next Mark 0.918ms
[129.596s][info][gc          ] GC(237) Concurrent Mark Cycle 136.597ms
[130.028s][info][gc,start    ] GC(238) Pause Young (Prepare Mixed) (G1 Evacuation Pause)
[130.028s][info][gc,task     ] GC(238) Using 2 workers of 2 for evacuation
[130.040s][info][gc,phases   ] GC(238)   Pre Evacuate Collection Set: 0.18ms
[130.040s][info][gc,phases   ] GC(238)   Merge Heap Roots: 0.07ms
[130.040s][info][gc,phases   ] GC(238)   Evacuate Collection Set: 11.11ms
[130.040s][info][gc,phases   ] GC(238)   Post Evacuate Collection Set: 0.45ms
[130.040s][info][gc,phases   ] GC(238)   Other: 0.08ms
[130.040s][info][gc,heap     ] GC(238) Eden regions: 171->0(167)
[130.040s][info][gc,heap     ] GC(238) Survivor regions: 19->2(24)
[130.040s][info][gc,heap     ] GC(238) Old regions: 73->92
[130.040s][info][gc,heap     ] GC(238) Humongous regions: 3->3
[130.040s][info][gc,metaspace] GC(238) Metaspace: 41377K(41792K)->41377K(41792K) NonClass: 37032K(37312K)->37032K(37312K) Class: 4345K(4480K)->4345K(4480K)
[130.040s][info][gc          ] GC(238) Pause Young (Prepare Mixed) (G1 Evacuation Pause) 264M->95M(317M) 12.091ms
[130.040s][info][gc,cpu      ] GC(238) User=0.02s Sys=0.00s Real=0.01s
[130.593s][info][gc,start    ] GC(239) Pause Young (Mixed) (G1 Evacuation Pause)
[130.593s][info][gc,task     ] GC(239) Using 2 workers of 2 for evacuation
[130.597s][info][gc,phases   ] GC(239)   Pre Evacuate Collection Set: 0.18ms
[130.597s][info][gc,phases   ] GC(239)   Merge Heap Roots: 0.10ms
[130.597s][info][gc,phases   ] GC(239)   Evacuate Collection Set: 3.29ms
[130.597s][info][gc,phases   ] GC(239)   Post Evacuate Collection Set: 0.42ms
[130.597s][info][gc,phases   ] GC(239)   Other: 0.11ms
[130.597s][info][gc,heap     ] GC(239) Eden regions: 167->0(180)
[130.597s][info][gc,heap     ] GC(239) Survivor regions: 2->2(22)
[130.597s][info][gc,heap     ] GC(239) Old regions: 92->84
[130.597s][info][gc,heap     ] GC(239) Humongous regions: 4->3
[130.597s][info][gc,metaspace] GC(239) Metaspace: 41377K(41792K)->41377K(41792K) NonClass: 37032K(37312K)->37032K(37312K) Class: 4345K(4480K)->4345K(4480K)
[130.597s][info][gc          ] GC(239) Pause Young (Mixed) (G1 Evacuation Pause) 263M->87M(317M) 4.288ms
[130.597s][info][gc,cpu      ] GC(239) User=0.01s Sys=0.00s Real=0.00s
[131.138s][info][gc,start    ] GC(240) Pause Young (Concurrent Start) (G1 Evacuation Pause)
[131.138s][info][gc,task     ] GC(240) Using 2 workers of 2 for evacuation
[131.142s][info][gc,phases   ] GC(240)   Pre Evacuate Collection Set: 0.18ms
[131.142s][info][gc,phases   ] GC(240)   Merge Heap Roots: 0.06ms
[131.142s][info][gc,phases   ] GC(240)   Evacuate Collection Set: 3.60ms
[131.142s][info][gc,phases   ] GC(240)   Post Evacuate Collection Set: 0.41ms
[131.142s][info][gc,phases   ] GC(240)   Other: 0.11ms
[131.142s][info][gc,heap     ] GC(240) Eden regions: 180->0(186)
[131.142s][info][gc,heap     ] GC(240) Survivor regions: 2->4(23)
[131.142s][info][gc,heap     ] GC(240) Old regions: 84->84
[131.142s][info][gc,heap     ] GC(240) Humongous regions: 3->1
[131.142s][info][gc,metaspace] GC(240) Metaspace: 41389K(41792K)->41389K(41792K) NonClass: 37043K(37312K)->37043K(37312K) Class: 4345K(4480K)->4345K(4480K)
[131.142s][info][gc          ] GC(240) Pause Young (Concurrent Start) (G1 Evacuation Pause) 267M->87M(317M) 4.570ms
[131.142s][info][gc,cpu      ] GC(240) User=0.01s Sys=0.00s Real=0.01s
[131.142s][info][gc          ] GC(241) Concurrent Mark Cycle
[131.142s][info][gc,marking  ] GC(241) Concurrent Scan Root Regions
[131.145s][info][gc,marking  ] GC(241) Concurrent Scan Root Regions 2.366ms
[131.145s][info][gc,marking  ] GC(241) Concurrent Mark
[131.145s][info][gc,marking  ] GC(241) Concurrent Mark From Roots
[131.145s][info][gc,task     ] GC(241) Using 1 workers of 1 for marking
[131.237s][info][gc,marking  ] GC(241) Concurrent Mark From Roots 92.388ms
[131.237s][info][gc,marking  ] GC(241) Concurrent Preclean
[131.237s][info][gc,marking  ] GC(241) Concurrent Preclean 0.039ms
[131.237s][info][gc,start    ] GC(241) Pause Remark
[131.252s][info][gc          ] GC(241) Pause Remark 137M->125M(257M) 15.070ms
[131.252s][info][gc,cpu      ] GC(241) User=0.03s Sys=0.00s Real=0.02s
[131.254s][info][gc,marking  ] GC(241) Concurrent Mark 109.421ms
[131.254s][info][gc,marking  ] GC(241) Concurrent Rebuild Remembered Sets and Scrub Regions
[131.312s][info][gc,marking  ] GC(241) Concurrent Rebuild Remembered Sets and Scrub Regions 58.038ms
[131.312s][info][gc,start    ] GC(241) Pause Cleanup
[131.312s][info][gc          ] GC(241) Pause Cleanup 156M->156M(257M) 0.056ms
[131.313s][info][gc,cpu      ] GC(241) User=0.00s Sys=0.00s Real=0.00s
[131.313s][info][gc,marking  ] GC(241) Concurrent Clear Claimed Marks
[131.313s][info][gc,marking  ] GC(241) Concurrent Clear Claimed Marks 0.040ms
[131.313s][info][gc,marking  ] GC(241) Concurrent Cleanup for Next Mark
[131.313s][info][gc,marking  ] GC(241) Concurrent Cleanup for Next Mark 0.759ms
[131.313s][info][gc          ] GC(241) Concurrent Mark Cycle 171.015ms
[131.445s][info][gc,start    ] GC(242) Pause Young (Prepare Mixed) (G1 Evacuation Pause)
[131.445s][info][gc,task     ] GC(242) Using 2 workers of 2 for evacuation
[131.449s][info][gc,phases   ] GC(242)   Pre Evacuate Collection Set: 0.18ms
[131.449s][info][gc,phases   ] GC(242)   Merge Heap Roots: 0.06ms
[131.449s][info][gc,phases   ] GC(242)   Evacuate Collection Set: 3.44ms
[131.449s][info][gc,phases   ] GC(242)   Post Evacuate Collection Set: 0.39ms
[131.449s][info][gc,phases   ] GC(242)   Other: 0.08ms
[131.449s][info][gc,heap     ] GC(242) Eden regions: 150->0(149)
[131.449s][info][gc,heap     ] GC(242) Survivor regions: 4->5(20)
[131.449s][info][gc,heap     ] GC(242) Old regions: 72->72
[131.449s][info][gc,heap     ] GC(242) Humongous regions: 1->1
[131.449s][info][gc,metaspace] GC(242) Metaspace: 41394K(41856K)->41394K(41856K) NonClass: 37048K(37376K)->37048K(37376K) Class: 4345K(4480K)->4345K(4480K)
[131.449s][info][gc          ] GC(242) Pause Young (Prepare Mixed) (G1 Evacuation Pause) 225M->76M(257M) 4.343ms
[131.449s][info][gc,cpu      ] GC(242) User=0.01s Sys=0.00s Real=0.00s
[131.729s][info][gc,start    ] GC(243) Pause Young (Mixed) (G1 Evacuation Pause)
[131.729s][info][gc,task     ] GC(243) Using 2 workers of 2 for evacuation
[131.745s][info][gc,phases   ] GC(243)   Pre Evacuate Collection Set: 0.23ms
[131.745s][info][gc,phases   ] GC(243)   Merge Heap Roots: 0.28ms
[131.745s][info][gc,phases   ] GC(243)   Evacuate Collection Set: 14.79ms
[131.745s][info][gc,phases   ] GC(243)   Post Evacuate Collection Set: 0.50ms
[131.745s][info][gc,phases   ] GC(243)   Other: 0.07ms
[131.745s][info][gc,heap     ] GC(243) Eden regions: 149->0(149)
[131.745s][info][gc,heap     ] GC(243) Survivor regions: 5->5(20)
[131.745s][info][gc,heap     ] GC(243) Old regions: 72->58
[131.745s][info][gc,heap     ] GC(243) Humongous regions: 1->1
[131.745s][info][gc,metaspace] GC(243) Metaspace: 41401K(41856K)->41401K(41856K) NonClass: 37055K(37376K)->37055K(37376K) Class: 4345K(4480K)->4345K(4480K)
[131.745s][info][gc          ] GC(243) Pause Young (Mixed) (G1 Evacuation Pause) 225M->62M(257M) 16.085ms
[131.745s][info][gc,cpu      ] GC(243) User=0.03s Sys=0.00s Real=0.02s
[131.847s][info][gc,start    ] GC(244) Pause Young (Concurrent Start) (G1 Humongous Allocation)
[131.847s][info][gc,task     ] GC(244) Using 2 workers of 2 for evacuation
[131.851s][info][gc,phases   ] GC(244)   Pre Evacuate Collection Set: 0.17ms
[131.851s][info][gc,phases   ] GC(244)   Merge Heap Roots: 0.03ms
[131.851s][info][gc,phases   ] GC(244)   Evacuate Collection Set: 2.82ms
[131.851s][info][gc,phases   ] GC(244)   Post Evacuate Collection Set: 0.34ms
[131.851s][info][gc,phases   ] GC(244)   Other: 0.10ms
[131.851s][info][gc,heap     ] GC(244) Eden regions: 52->0(151)
[131.851s][info][gc,heap     ] GC(244) Survivor regions: 5->3(20)
[131.851s][info][gc,heap     ] GC(244) Old regions: 58->58
[131.851s][info][gc,heap     ] GC(244) Humongous regions: 1->1
[131.851s][info][gc,metaspace] GC(244) Metaspace: 41401K(41856K)->41401K(41856K) NonClass: 37055K(37376K)->37055K(37376K) Class: 4345K(4480K)->4345K(4480K)
[131.851s][info][gc          ] GC(244) Pause Young (Concurrent Start) (G1 Humongous Allocation) 113M->60M(257M) 3.661ms
[131.851s][info][gc,cpu      ] GC(244) User=0.00s Sys=0.00s Real=0.00s
[131.851s][info][gc          ] GC(245) Concurrent Mark Cycle
[131.851s][info][gc,marking  ] GC(245) Concurrent Scan Root Regions
[131.854s][info][gc,marking  ] GC(245) Concurrent Scan Root Regions 3.212ms
[131.854s][info][gc,marking  ] GC(245) Concurrent Mark
[131.854s][info][gc,marking  ] GC(245) Concurrent Mark From Roots
[131.854s][info][gc,task     ] GC(245) Using 1 workers of 1 for marking
[131.945s][info][gc,marking  ] GC(245) Concurrent Mark From Roots 91.171ms
[131.945s][info][gc,marking  ] GC(245) Concurrent Preclean
[131.945s][info][gc,marking  ] GC(245) Concurrent Preclean 0.037ms
[131.946s][info][gc,start    ] GC(245) Pause Remark
[131.961s][info][gc          ] GC(245) Pause Remark 77M->75M(256M) 14.892ms
[131.961s][info][gc,cpu      ] GC(245) User=0.03s Sys=0.00s Real=0.01s
[131.961s][info][gc,marking  ] GC(245) Concurrent Mark 106.610ms
[131.961s][info][gc,marking  ] GC(245) Concurrent Rebuild Remembered Sets and Scrub Regions
[132.024s][info][gc,marking  ] GC(245) Concurrent Rebuild Remembered Sets and Scrub Regions 63.509ms
[132.024s][info][gc,start    ] GC(245) Pause Cleanup
[132.024s][info][gc          ] GC(245) Pause Cleanup 86M->86M(256M) 0.066ms
[132.024s][info][gc,cpu      ] GC(245) User=0.00s Sys=0.00s Real=0.00s
[132.024s][info][gc,marking  ] GC(245) Concurrent Clear Claimed Marks
[132.025s][info][gc,marking  ] GC(245) Concurrent Clear Claimed Marks 0.040ms
[132.025s][info][gc,marking  ] GC(245) Concurrent Cleanup for Next Mark
[132.025s][info][gc,marking  ] GC(245) Concurrent Cleanup for Next Mark 0.787ms
[132.025s][info][gc          ] GC(245) Concurrent Mark Cycle 174.575ms
[132.432s][info][gc,start    ] GC(246) Pause Young (Prepare Mixed) (G1 Evacuation Pause)
[132.432s][info][gc,task     ] GC(246) Using 2 workers of 2 for evacuation
[132.444s][info][gc,phases   ] GC(246)   Pre Evacuate Collection Set: 0.22ms
[132.444s][info][gc,phases   ] GC(246)   Merge Heap Roots: 0.08ms
[132.444s][info][gc,phases   ] GC(246)   Evacuate Collection Set: 10.31ms
[132.444s][info][gc,phases   ] GC(246)   Post Evacuate Collection Set: 0.71ms
[132.444s][info][gc,phases   ] GC(246)   Other: 0.09ms
[132.444s][info][gc,heap     ] GC(246) Eden regions: 72->0(198)
[132.444s][info][gc,heap     ] GC(246) Survivor regions: 3->8(22)
[132.444s][info][gc,heap     ] GC(246) Old regions: 56->56
[132.444s][info][gc,heap     ] GC(246) Humongous regions: 205->3
[132.444s][info][gc,metaspace] GC(246) Metaspace: 41442K(41856K)->41442K(41856K) NonClass: 37096K(37376K)->37096K(37376K) Class: 4345K(4480K)->4345K(4480K)
[132.444s][info][gc          ] GC(246) Pause Young (Prepare Mixed) (G1 Evacuation Pause) 334M->65M(344M) 11.629ms
[132.444s][info][gc,cpu      ] GC(246) User=0.02s Sys=0.00s Real=0.01s
[133.019s][info][gc,start    ] GC(247) Pause Young (Mixed) (G1 Evacuation Pause)
[133.019s][info][gc,task     ] GC(247) Using 2 workers of 2 for evacuation
[133.045s][info][gc,phases   ] GC(247)   Pre Evacuate Collection Set: 0.33ms
[133.046s][info][gc,phases   ] GC(247)   Merge Heap Roots: 0.13ms
[133.046s][info][gc,phases   ] GC(247)   Evacuate Collection Set: 24.28ms
[133.046s][info][gc,phases   ] GC(247)   Post Evacuate Collection Set: 1.19ms
[133.046s][info][gc,phases   ] GC(247)   Other: 0.09ms
[133.046s][info][gc,heap     ] GC(247) Eden regions: 53->0(268)
[133.046s][info][gc,heap     ] GC(247) Survivor regions: 8->11(31)
[133.046s][info][gc,heap     ] GC(247) Old regions: 56->53
[133.046s][info][gc,heap     ] GC(247) Humongous regions: 335->1
[133.046s][info][gc,metaspace] GC(247) Metaspace: 41445K(41856K)->41445K(41856K) NonClass: 37100K(37376K)->37100K(37376K) Class: 4345K(4480K)->4345K(4480K)
[133.046s][info][gc          ] GC(247) Pause Young (Mixed) (G1 Evacuation Pause) 450M->63M(466M) 26.250ms
[133.046s][info][gc,cpu      ] GC(247) User=0.04s Sys=0.01s Real=0.03s
[133.170s][info][gc,start    ] GC(248) Pause Young (Concurrent Start) (G1 Humongous Allocation)
[133.170s][info][gc,task     ] GC(248) Using 2 workers of 2 for evacuation
[133.182s][info][gc,phases   ] GC(248)   Pre Evacuate Collection Set: 0.25ms
[133.182s][info][gc,phases   ] GC(248)   Merge Heap Roots: 0.06ms
[133.182s][info][gc,phases   ] GC(248)   Evacuate Collection Set: 11.10ms
[133.182s][info][gc,phases   ] GC(248)   Post Evacuate Collection Set: 0.46ms
[133.182s][info][gc,phases   ] GC(248)   Other: 0.12ms
[133.182s][info][gc,heap     ] GC(248) Eden regions: 14->0(247)
[133.182s][info][gc,heap     ] GC(248) Survivor regions: 11->12(35)
[133.182s][info][gc,heap     ] GC(248) Old regions: 53->53
[133.182s][info][gc,heap     ] GC(248) Humongous regions: 83->1
[133.182s][info][gc,metaspace] GC(248) Metaspace: 41445K(41856K)->41445K(41856K) NonClass: 37100K(37376K)->37100K(37376K) Class: 4345K(4480K)->4345K(4480K)
[133.182s][info][gc          ] GC(248) Pause Young (Concurrent Start) (G1 Humongous Allocation) 158M->64M(466M) 12.182ms
[133.182s][info][gc,cpu      ] GC(248) User=0.02s Sys=0.00s Real=0.02s
[133.182s][info][gc          ] GC(249) Concurrent Undo Cycle
[133.182s][info][gc,marking  ] GC(249) Concurrent Clear Claimed Marks
[133.182s][info][gc,marking  ] GC(249) Concurrent Clear Claimed Marks 0.038ms
[133.182s][info][gc,marking  ] GC(249) Concurrent Cleanup for Next Mark
[133.186s][info][gc,marking  ] GC(249) Concurrent Cleanup for Next Mark 4.228ms
[133.186s][info][gc          ] GC(249) Concurrent Undo Cycle 4.373ms
[133.230s][info][gc,start    ] GC(250) Pause Young (Concurrent Start) (G1 Humongous Allocation)
[133.230s][info][gc,task     ] GC(250) Using 2 workers of 2 for evacuation
[133.242s][info][gc,phases   ] GC(250)   Pre Evacuate Collection Set: 0.28ms
[133.242s][info][gc,phases   ] GC(250)   Merge Heap Roots: 0.08ms
[133.242s][info][gc,phases   ] GC(250)   Evacuate Collection Set: 11.05ms
[133.242s][info][gc,phases   ] GC(250)   Post Evacuate Collection Set: 0.51ms
[133.242s][info][gc,phases   ] GC(250)   Other: 0.16ms
[133.242s][info][gc,heap     ] GC(250) Eden regions: 5->0(267)
[133.242s][info][gc,heap     ] GC(250) Survivor regions: 12->12(33)
[133.242s][info][gc,heap     ] GC(250) Old regions: 53->53
[133.242s][info][gc,heap     ] GC(250) Humongous regions: 33->1
[133.242s][info][gc,metaspace] GC(250) Metaspace: 41445K(41856K)->41445K(41856K) NonClass: 37100K(37376K)->37100K(37376K) Class: 4345K(4480K)->4345K(4480K)
[133.242s][info][gc          ] GC(250) Pause Young (Concurrent Start) (G1 Humongous Allocation) 100M->64M(466M) 12.308ms
[133.242s][info][gc,cpu      ] GC(250) User=0.02s Sys=0.00s Real=0.02s
[133.242s][info][gc          ] GC(251) Concurrent Undo Cycle
[133.242s][info][gc,marking  ] GC(251) Concurrent Clear Claimed Marks
[133.242s][info][gc,marking  ] GC(251) Concurrent Clear Claimed Marks 0.040ms
[133.242s][info][gc,marking  ] GC(251) Concurrent Cleanup for Next Mark
[133.242s][info][gc,marking  ] GC(251) Concurrent Cleanup for Next Mark 0.117ms
[133.242s][info][gc          ] GC(251) Concurrent Undo Cycle 0.232ms
[133.268s][info][gc,start    ] GC(252) Pause Young (Concurrent Start) (G1 Humongous Allocation)
[133.269s][info][gc,task     ] GC(252) Using 2 workers of 2 for evacuation
[133.285s][info][gc,phases   ] GC(252)   Pre Evacuate Collection Set: 0.24ms
[133.285s][info][gc,phases   ] GC(252)   Merge Heap Roots: 0.05ms
[133.285s][info][gc,phases   ] GC(252)   Evacuate Collection Set: 15.11ms
[133.285s][info][gc,phases   ] GC(252)   Post Evacuate Collection Set: 0.44ms
[133.285s][info][gc,phases   ] GC(252)   Other: 0.12ms
[133.285s][info][gc,heap     ] GC(252) Eden regions: 3->0(267)
[133.285s][info][gc,heap     ] GC(252) Survivor regions: 12->12(35)
[133.285s][info][gc,heap     ] GC(252) Old regions: 53->53
[133.285s][info][gc,heap     ] GC(252) Humongous regions: 17->1
[133.285s][info][gc,metaspace] GC(252) Metaspace: 41445K(41856K)->41445K(41856K) NonClass: 37100K(37376K)->37100K(37376K) Class: 4345K(4480K)->4345K(4480K)
[133.285s][info][gc          ] GC(252) Pause Young (Concurrent Start) (G1 Humongous Allocation) 82M->64M(466M) 16.160ms
[133.285s][info][gc,cpu      ] GC(252) User=0.02s Sys=0.01s Real=0.02s
[133.285s][info][gc          ] GC(253) Concurrent Undo Cycle
[133.285s][info][gc,marking  ] GC(253) Concurrent Clear Claimed Marks
[133.285s][info][gc,marking  ] GC(253) Concurrent Clear Claimed Marks 0.038ms
[133.285s][info][gc,marking  ] GC(253) Concurrent Cleanup for Next Mark
[133.285s][info][gc,marking  ] GC(253) Concurrent Cleanup for Next Mark 0.120ms
[133.285s][info][gc          ] GC(253) Concurrent Undo Cycle 0.199ms
[133.311s][info][gc,start    ] GC(254) Pause Young (Concurrent Start) (G1 Humongous Allocation)
[133.311s][info][gc,task     ] GC(254) Using 2 workers of 2 for evacuation
[133.323s][info][gc,phases   ] GC(254)   Pre Evacuate Collection Set: 0.25ms
[133.323s][info][gc,phases   ] GC(254)   Merge Heap Roots: 0.06ms
[133.323s][info][gc,phases   ] GC(254)   Evacuate Collection Set: 10.08ms
[133.323s][info][gc,phases   ] GC(254)   Post Evacuate Collection Set: 1.37ms
[133.323s][info][gc,phases   ] GC(254)   Other: 0.15ms
[133.323s][info][gc,heap     ] GC(254) Eden regions: 3->0(329)
[133.323s][info][gc,heap     ] GC(254) Survivor regions: 12->12(35)
[133.323s][info][gc,heap     ] GC(254) Old regions: 53->53
[133.323s][info][gc,heap     ] GC(254) Humongous regions: 19->1
[133.323s][info][gc,metaspace] GC(254) Metaspace: 41445K(41856K)->41445K(41856K) NonClass: 37100K(37376K)->37100K(37376K) Class: 4345K(4480K)->4345K(4480K)
[133.323s][info][gc          ] GC(254) Pause Young (Concurrent Start) (G1 Humongous Allocation) 85M->64M(569M) 12.109ms
[133.323s][info][gc,cpu      ] GC(254) User=0.02s Sys=0.00s Real=0.01s
[133.323s][info][gc          ] GC(255) Concurrent Undo Cycle
[133.323s][info][gc,marking  ] GC(255) Concurrent Clear Claimed Marks
[133.324s][info][gc,marking  ] GC(255) Concurrent Clear Claimed Marks 0.040ms
[133.324s][info][gc,marking  ] GC(255) Concurrent Cleanup for Next Mark
[133.324s][info][gc,marking  ] GC(255) Concurrent Cleanup for Next Mark 0.137ms
[133.324s][info][gc          ] GC(255) Concurrent Undo Cycle 0.217ms
[133.441s][info][gc,start    ] GC(256) Pause Young (Concurrent Start) (G1 Humongous Allocation)
[133.441s][info][gc,task     ] GC(256) Using 2 workers of 2 for evacuation
[133.460s][info][gc,phases   ] GC(256)   Pre Evacuate Collection Set: 0.28ms
[133.460s][info][gc,phases   ] GC(256)   Merge Heap Roots: 0.05ms
[133.460s][info][gc,phases   ] GC(256)   Evacuate Collection Set: 18.37ms
[133.460s][info][gc,phases   ] GC(256)   Post Evacuate Collection Set: 0.45ms
[133.461s][info][gc,phases   ] GC(256)   Other: 0.10ms
[133.461s][info][gc,heap     ] GC(256) Eden regions: 13->0(326)
[133.461s][info][gc,heap     ] GC(256) Survivor regions: 12->15(43)
[133.461s][info][gc,heap     ] GC(256) Old regions: 53->53
[133.461s][info][gc,heap     ] GC(256) Humongous regions: 59->1
[133.461s][info][gc,metaspace] GC(256) Metaspace: 41457K(41856K)->41457K(41856K) NonClass: 37111K(37376K)->37111K(37376K) Class: 4345K(4480K)->4345K(4480K)
[133.461s][info][gc          ] GC(256) Pause Young (Concurrent Start) (G1 Humongous Allocation) 135M->66M(569M) 19.490ms
[133.461s][info][gc,cpu      ] GC(256) User=0.03s Sys=0.01s Real=0.02s
[133.461s][info][gc          ] GC(257) Concurrent Undo Cycle
[133.461s][info][gc,marking  ] GC(257) Concurrent Clear Claimed Marks
[133.461s][info][gc,marking  ] GC(257) Concurrent Clear Claimed Marks 0.042ms
[133.461s][info][gc,marking  ] GC(257) Concurrent Cleanup for Next Mark
[133.463s][info][gc,marking  ] GC(257) Concurrent Cleanup for Next Mark 2.638ms
[133.463s][info][gc          ] GC(257) Concurrent Undo Cycle 2.799ms
[133.577s][info][gc,start    ] GC(258) Pause Young (Concurrent Start) (G1 Humongous Allocation)
[133.577s][info][gc,task     ] GC(258) Using 2 workers of 2 for evacuation
[133.597s][info][gc,phases   ] GC(258)   Pre Evacuate Collection Set: 0.27ms
[133.597s][info][gc,phases   ] GC(258)   Merge Heap Roots: 0.05ms
[133.597s][info][gc,phases   ] GC(258)   Evacuate Collection Set: 18.81ms
[133.597s][info][gc,phases   ] GC(258)   Post Evacuate Collection Set: 0.70ms
[133.597s][info][gc,phases   ] GC(258)   Other: 0.10ms
[133.597s][info][gc,heap     ] GC(258) Eden regions: 14->0(323)
[133.597s][info][gc,heap     ] GC(258) Survivor regions: 15->18(43)
[133.597s][info][gc,heap     ] GC(258) Old regions: 53->53
[133.597s][info][gc,heap     ] GC(258) Humongous regions: 61->1
[133.597s][info][gc,metaspace] GC(258) Metaspace: 41457K(41856K)->41457K(41856K) NonClass: 37111K(37376K)->37111K(37376K) Class: 4345K(4480K)->4345K(4480K)
[133.597s][info][gc          ] GC(258) Pause Young (Concurrent Start) (G1 Humongous Allocation) 140M->69M(569M) 20.135ms
[133.597s][info][gc,cpu      ] GC(258) User=0.03s Sys=0.00s Real=0.02s
[133.597s][info][gc          ] GC(259) Concurrent Undo Cycle
[133.597s][info][gc,marking  ] GC(259) Concurrent Clear Claimed Marks
[133.597s][info][gc,marking  ] GC(259) Concurrent Clear Claimed Marks 0.040ms
[133.597s][info][gc,marking  ] GC(259) Concurrent Cleanup for Next Mark
[133.599s][info][gc,marking  ] GC(259) Concurrent Cleanup for Next Mark 1.698ms
[133.599s][info][gc          ] GC(259) Concurrent Undo Cycle 1.863ms
[133.707s][info][gc,start    ] GC(260) Pause Young (Concurrent Start) (G1 Humongous Allocation)
[133.707s][info][gc,task     ] GC(260) Using 2 workers of 2 for evacuation
[133.725s][info][gc,phases   ] GC(260)   Pre Evacuate Collection Set: 0.28ms
[133.725s][info][gc,phases   ] GC(260)   Merge Heap Roots: 0.08ms
[133.725s][info][gc,phases   ] GC(260)   Evacuate Collection Set: 17.23ms
[133.725s][info][gc,phases   ] GC(260)   Post Evacuate Collection Set: 0.44ms
[133.725s][info][gc,phases   ] GC(260)   Other: 0.12ms
[133.725s][info][gc,heap     ] GC(260) Eden regions: 12->0(322)
[133.725s][info][gc,heap     ] GC(260) Survivor regions: 18->19(43)
[133.725s][info][gc,heap     ] GC(260) Old regions: 53->53
[133.725s][info][gc,heap     ] GC(260) Humongous regions: 65->1
[133.725s][info][gc,metaspace] GC(260) Metaspace: 41462K(41856K)->41462K(41856K) NonClass: 37117K(37376K)->37117K(37376K) Class: 4345K(4480K)->4345K(4480K)
[133.725s][info][gc          ] GC(260) Pause Young (Concurrent Start) (G1 Humongous Allocation) 145M->71M(569M) 18.373ms
[133.725s][info][gc,cpu      ] GC(260) User=0.03s Sys=0.00s Real=0.02s
[133.725s][info][gc          ] GC(261) Concurrent Undo Cycle
[133.725s][info][gc,marking  ] GC(261) Concurrent Clear Claimed Marks
[133.725s][info][gc,marking  ] GC(261) Concurrent Clear Claimed Marks 0.051ms
[133.725s][info][gc,marking  ] GC(261) Concurrent Cleanup for Next Mark
[133.727s][info][gc,marking  ] GC(261) Concurrent Cleanup for Next Mark 1.729ms
[133.727s][info][gc          ] GC(261) Concurrent Undo Cycle 1.885ms
[133.847s][info][gc,start    ] GC(262) Pause Young (Concurrent Start) (G1 Humongous Allocation)
[133.847s][info][gc,task     ] GC(262) Using 2 workers of 2 for evacuation
[133.877s][info][gc,phases   ] GC(262)   Pre Evacuate Collection Set: 0.26ms
[133.877s][info][gc,phases   ] GC(262)   Merge Heap Roots: 0.05ms
[133.877s][info][gc,phases   ] GC(262)   Evacuate Collection Set: 28.33ms
[133.877s][info][gc,phases   ] GC(262)   Post Evacuate Collection Set: 1.13ms
[133.877s][info][gc,phases   ] GC(262)   Other: 0.13ms
[133.877s][info][gc,heap     ] GC(262) Eden regions: 15->0(368)
[133.877s][info][gc,heap     ] GC(262) Survivor regions: 19->22(43)
[133.877s][info][gc,heap     ] GC(262) Old regions: 53->53
[133.877s][info][gc,heap     ] GC(262) Humongous regions: 67->1
[133.878s][info][gc,metaspace] GC(262) Metaspace: 41468K(41920K)->41468K(41920K) NonClass: 37123K(37440K)->37123K(37440K) Class: 4345K(4480K)->4345K(4480K)
[133.878s][info][gc          ] GC(262) Pause Young (Concurrent Start) (G1 Humongous Allocation) 152M->73M(651M) 30.126ms
[133.878s][info][gc,cpu      ] GC(262) User=0.06s Sys=0.00s Real=0.03s
[133.878s][info][gc          ] GC(263) Concurrent Undo Cycle
[133.878s][info][gc,marking  ] GC(263) Concurrent Clear Claimed Marks
[133.878s][info][gc,marking  ] GC(263) Concurrent Clear Claimed Marks 0.045ms
[133.878s][info][gc,marking  ] GC(263) Concurrent Cleanup for Next Mark
[133.878s][info][gc,marking  ] GC(263) Concurrent Cleanup for Next Mark 0.146ms
[133.878s][info][gc          ] GC(263) Concurrent Undo Cycle 0.291ms
[134.043s][info][gc,start    ] GC(264) Pause Young (Concurrent Start) (G1 Humongous Allocation)
[134.043s][info][gc,task     ] GC(264) Using 2 workers of 2 for evacuation
[134.078s][info][gc,phases   ] GC(264)   Pre Evacuate Collection Set: 0.33ms
[134.078s][info][gc,phases   ] GC(264)   Merge Heap Roots: 0.06ms
[134.078s][info][gc,phases   ] GC(264)   Evacuate Collection Set: 33.15ms
[134.078s][info][gc,phases   ] GC(264)   Post Evacuate Collection Set: 0.45ms
[134.078s][info][gc,phases   ] GC(264)   Other: 0.14ms
[134.078s][info][gc,heap     ] GC(264) Eden regions: 18->0(366)
[134.078s][info][gc,heap     ] GC(264) Survivor regions: 22->24(49)
[134.078s][info][gc,heap     ] GC(264) Old regions: 53->53
[134.078s][info][gc,heap     ] GC(264) Humongous regions: 99->1
[134.078s][info][gc,metaspace] GC(264) Metaspace: 41468K(41920K)->41468K(41920K) NonClass: 37123K(37440K)->37123K(37440K) Class: 4345K(4480K)->4345K(4480K)
[134.078s][info][gc          ] GC(264) Pause Young (Concurrent Start) (G1 Humongous Allocation) 189M->75M(651M) 34.354ms
[134.078s][info][gc,cpu      ] GC(264) User=0.05s Sys=0.01s Real=0.03s
[134.078s][info][gc          ] GC(265) Concurrent Undo Cycle
[134.080s][info][gc,marking  ] GC(265) Concurrent Clear Claimed Marks
[134.080s][info][gc,marking  ] GC(265) Concurrent Clear Claimed Marks 0.049ms
[134.080s][info][gc,marking  ] GC(265) Concurrent Cleanup for Next Mark
[134.080s][info][gc,marking  ] GC(265) Concurrent Cleanup for Next Mark 0.188ms
[134.080s][info][gc          ] GC(265) Concurrent Undo Cycle 2.753ms
[134.245s][info][gc,start    ] GC(266) Pause Young (Concurrent Start) (G1 Humongous Allocation)
[134.245s][info][gc,task     ] GC(266) Using 2 workers of 2 for evacuation
[134.291s][info][gc,phases   ] GC(266)   Pre Evacuate Collection Set: 0.31ms
[134.291s][info][gc,phases   ] GC(266)   Merge Heap Roots: 0.07ms
[134.291s][info][gc,phases   ] GC(266)   Evacuate Collection Set: 45.31ms
[134.291s][info][gc,phases   ] GC(266)   Post Evacuate Collection Set: 0.65ms
[134.291s][info][gc,phases   ] GC(266)   Other: 0.13ms
[134.291s][info][gc,heap     ] GC(266) Eden regions: 18->0(367)
[134.291s][info][gc,heap     ] GC(266) Survivor regions: 24->23(49)
[134.291s][info][gc,heap     ] GC(266) Old regions: 53->54
[134.291s][info][gc,heap     ] GC(266) Humongous regions: 101->1
[134.291s][info][gc,metaspace] GC(266) Metaspace: 41471K(41920K)->41471K(41920K) NonClass: 37125K(37440K)->37125K(37440K) Class: 4345K(4480K)->4345K(4480K)
[134.291s][info][gc          ] GC(266) Pause Young (Concurrent Start) (G1 Humongous Allocation) 193M->76M(651M) 46.700ms
[134.291s][info][gc,cpu      ] GC(266) User=0.07s Sys=0.02s Real=0.05s
[134.291s][info][gc          ] GC(267) Concurrent Undo Cycle
[134.291s][info][gc,marking  ] GC(267) Concurrent Clear Claimed Marks
[134.292s][info][gc,marking  ] GC(267) Concurrent Clear Claimed Marks 0.045ms
[134.292s][info][gc,marking  ] GC(267) Concurrent Cleanup for Next Mark
[134.292s][info][gc,marking  ] GC(267) Concurrent Cleanup for Next Mark 0.188ms
[134.292s][info][gc          ] GC(267) Concurrent Undo Cycle 0.334ms
[134.458s][info][gc,start    ] GC(268) Pause Young (Concurrent Start) (G1 Humongous Allocation)
[134.458s][info][gc,task     ] GC(268) Using 2 workers of 2 for evacuation
[134.487s][info][gc,phases   ] GC(268)   Pre Evacuate Collection Set: 0.32ms
[134.487s][info][gc,phases   ] GC(268)   Merge Heap Roots: 0.06ms
[134.487s][info][gc,phases   ] GC(268)   Evacuate Collection Set: 27.48ms
[134.487s][info][gc,phases   ] GC(268)   Post Evacuate Collection Set: 0.44ms
[134.487s][info][gc,phases   ] GC(268)   Other: 0.15ms
[134.487s][info][gc,heap     ] GC(268) Eden regions: 18->0(364)
[134.487s][info][gc,heap     ] GC(268) Survivor regions: 23->26(49)
[134.487s][info][gc,heap     ] GC(268) Old regions: 54->54
[134.487s][info][gc,heap     ] GC(268) Humongous regions: 103->1
[134.487s][info][gc,metaspace] GC(268) Metaspace: 41471K(41920K)->41471K(41920K) NonClass: 37125K(37440K)->37125K(37440K) Class: 4345K(4480K)->4345K(4480K)
[134.487s][info][gc          ] GC(268) Pause Young (Concurrent Start) (G1 Humongous Allocation) 196M->79M(651M) 28.648ms
[134.487s][info][gc,cpu      ] GC(268) User=0.05s Sys=0.00s Real=0.03s
[134.487s][info][gc          ] GC(269) Concurrent Undo Cycle
[134.487s][info][gc,marking  ] GC(269) Concurrent Clear Claimed Marks
[134.487s][info][gc,marking  ] GC(269) Concurrent Clear Claimed Marks 0.041ms
[134.487s][info][gc,marking  ] GC(269) Concurrent Cleanup for Next Mark
[134.489s][info][gc,marking  ] GC(269) Concurrent Cleanup for Next Mark 2.165ms
[134.489s][info][gc          ] GC(269) Concurrent Undo Cycle 2.309ms
[134.711s][info][gc,start    ] GC(270) Pause Young (Concurrent Start) (G1 Humongous Allocation)
[134.711s][info][gc,task     ] GC(270) Using 2 workers of 2 for evacuation
[134.767s][info][gc,phases   ] GC(270)   Pre Evacuate Collection Set: 0.30ms
[134.767s][info][gc,phases   ] GC(270)   Merge Heap Roots: 0.05ms
[134.767s][info][gc,phases   ] GC(270)   Evacuate Collection Set: 54.06ms
[134.767s][info][gc,phases   ] GC(270)   Post Evacuate Collection Set: 1.41ms
[134.767s][info][gc,phases   ] GC(270)   Other: 0.16ms
[134.767s][info][gc,heap     ] GC(270) Eden regions: 31->0(397)
[134.767s][info][gc,heap     ] GC(270) Survivor regions: 26->33(49)
[134.767s][info][gc,heap     ] GC(270) Old regions: 54->55
[134.767s][info][gc,heap     ] GC(270) Humongous regions: 105->1
[134.767s][info][gc,metaspace] GC(270) Metaspace: 41492K(41920K)->41492K(41920K) NonClass: 37146K(37440K)->37146K(37440K) Class: 4345K(4480K)->4345K(4480K)
[134.768s][info][gc          ] GC(270) Pause Young (Concurrent Start) (G1 Humongous Allocation) 213M->87M(717M) 56.202ms
[134.768s][info][gc,cpu      ] GC(270) User=0.10s Sys=0.01s Real=0.05s
[134.768s][info][gc          ] GC(271) Concurrent Undo Cycle
[134.768s][info][gc,marking  ] GC(271) Concurrent Clear Claimed Marks
[134.768s][info][gc,marking  ] GC(271) Concurrent Clear Claimed Marks 0.046ms
[134.768s][info][gc,marking  ] GC(271) Concurrent Cleanup for Next Mark
[134.768s][info][gc,marking  ] GC(271) Concurrent Cleanup for Next Mark 0.196ms
[134.768s][info][gc          ] GC(271) Concurrent Undo Cycle 0.323ms
[136.207s][info][gc,start    ] GC(272) Pause Young (Normal) (G1 Evacuation Pause)
[136.207s][info][gc,task     ] GC(272) Using 2 workers of 2 for evacuation
[136.223s][info][gc,phases   ] GC(272)   Pre Evacuate Collection Set: 0.27ms
[136.223s][info][gc,phases   ] GC(272)   Merge Heap Roots: 0.12ms
[136.223s][info][gc,phases   ] GC(272)   Evacuate Collection Set: 14.19ms
[136.223s][info][gc,phases   ] GC(272)   Post Evacuate Collection Set: 0.78ms
[136.223s][info][gc,phases   ] GC(272)   Other: 0.17ms
[136.223s][info][gc,heap     ] GC(272) Eden regions: 397->0(409)
[136.223s][info][gc,heap     ] GC(272) Survivor regions: 33->10(54)
[136.223s][info][gc,heap     ] GC(272) Old regions: 55->57
[136.223s][info][gc,heap     ] GC(272) Humongous regions: 49->1
[136.223s][info][gc,metaspace] GC(272) Metaspace: 41534K(41984K)->41534K(41984K) NonClass: 37189K(37504K)->37189K(37504K) Class: 4345K(4480K)->4345K(4480K)
[136.223s][info][gc          ] GC(272) Pause Young (Normal) (G1 Evacuation Pause) 532M->66M(717M) 15.777ms
[136.223s][info][gc,cpu      ] GC(272) User=0.03s Sys=0.00s Real=0.02s
[137.319s][info][gc,start    ] GC(273) Pause Young (Normal) (G1 Evacuation Pause)
[137.319s][info][gc,task     ] GC(273) Using 2 workers of 2 for evacuation
[137.332s][info][gc,phases   ] GC(273)   Pre Evacuate Collection Set: 0.27ms
[137.332s][info][gc,phases   ] GC(273)   Merge Heap Roots: 0.12ms
[137.332s][info][gc,phases   ] GC(273)   Evacuate Collection Set: 11.94ms
[137.332s][info][gc,phases   ] GC(273)   Post Evacuate Collection Set: 0.80ms
[137.332s][info][gc,phases   ] GC(273)   Other: 0.12ms
[137.332s][info][gc,heap     ] GC(273) Eden regions: 409->0(418)
[137.332s][info][gc,heap     ] GC(273) Survivor regions: 10->12(53)
[137.332s][info][gc,heap     ] GC(273) Old regions: 57->57
[137.332s][info][gc,heap     ] GC(273) Humongous regions: 1->1
[137.332s][info][gc,metaspace] GC(273) Metaspace: 41539K(41984K)->41539K(41984K) NonClass: 37194K(37504K)->37194K(37504K) Class: 4345K(4480K)->4345K(4480K)
[137.332s][info][gc          ] GC(273) Pause Young (Normal) (G1 Evacuation Pause) 475M->68M(717M) 13.476ms
[137.332s][info][gc,cpu      ] GC(273) User=0.02s Sys=0.00s Real=0.02s
[138.691s][info][gc,start    ] GC(274) Pause Young (Normal) (G1 Evacuation Pause)
[138.691s][info][gc,task     ] GC(274) Using 2 workers of 2 for evacuation
[138.703s][info][gc,phases   ] GC(274)   Pre Evacuate Collection Set: 0.26ms
[138.703s][info][gc,phases   ] GC(274)   Merge Heap Roots: 0.18ms
[138.703s][info][gc,phases   ] GC(274)   Evacuate Collection Set: 11.13ms
[138.703s][info][gc,phases   ] GC(274)   Post Evacuate Collection Set: 0.90ms
[138.703s][info][gc,phases   ] GC(274)   Other: 0.12ms
[138.703s][info][gc,heap     ] GC(274) Eden regions: 418->0(416)
[138.703s][info][gc,heap     ] GC(274) Survivor regions: 12->14(54)
[138.703s][info][gc,heap     ] GC(274) Old regions: 57->57
[138.703s][info][gc,heap     ] GC(274) Humongous regions: 1->1
[138.703s][info][gc,metaspace] GC(274) Metaspace: 41549K(41984K)->41549K(41984K) NonClass: 37204K(37504K)->37204K(37504K) Class: 4345K(4480K)->4345K(4480K)
[138.703s][info][gc          ] GC(274) Pause Young (Normal) (G1 Evacuation Pause) 486M->70M(717M) 12.818ms
[138.703s][info][gc,cpu      ] GC(274) User=0.02s Sys=0.00s Real=0.02s
[141.023s][info][gc,start    ] GC(275) Pause Young (Normal) (G1 Evacuation Pause)
[141.023s][info][gc,task     ] GC(275) Using 2 workers of 2 for evacuation
[141.060s][info][gc,phases   ] GC(275)   Pre Evacuate Collection Set: 0.25ms
[141.060s][info][gc,phases   ] GC(275)   Merge Heap Roots: 0.14ms
[141.060s][info][gc,phases   ] GC(275)   Evacuate Collection Set: 34.85ms
[141.060s][info][gc,phases   ] GC(275)   Post Evacuate Collection Set: 0.92ms
[141.060s][info][gc,phases   ] GC(275)   Other: 0.12ms
[141.060s][info][gc,heap     ] GC(275) Eden regions: 416->0(397)
[141.060s][info][gc,heap     ] GC(275) Survivor regions: 14->33(54)
[141.060s][info][gc,heap     ] GC(275) Old regions: 57->57
[141.060s][info][gc,heap     ] GC(275) Humongous regions: 14->4
[141.060s][info][gc,metaspace] GC(275) Metaspace: 41683K(42048K)->41683K(42048K) NonClass: 37338K(37568K)->37338K(37568K) Class: 4345K(4480K)->4345K(4480K)
[141.060s][info][gc          ] GC(275) Pause Young (Normal) (G1 Evacuation Pause) 499M->92M(717M) 36.501ms
[141.060s][info][gc,cpu      ] GC(275) User=0.07s Sys=0.00s Real=0.03s
[142.083s][info][gc,start    ] GC(276) Pause Young (Normal) (G1 Evacuation Pause)
[142.083s][info][gc,task     ] GC(276) Using 2 workers of 2 for evacuation
[142.170s][info][gc,phases   ] GC(276)   Pre Evacuate Collection Set: 0.27ms
[142.170s][info][gc,phases   ] GC(276)   Merge Heap Roots: 0.15ms
[142.170s][info][gc,phases   ] GC(276)   Evacuate Collection Set: 85.41ms
[142.170s][info][gc,phases   ] GC(276)   Post Evacuate Collection Set: 0.77ms
[142.170s][info][gc,phases   ] GC(276)   Other: 0.11ms
[142.170s][info][gc,heap     ] GC(276) Eden regions: 397->0(388)
[142.170s][info][gc,heap     ] GC(276) Survivor regions: 33->42(54)
[142.170s][info][gc,heap     ] GC(276) Old regions: 57->89
[142.170s][info][gc,heap     ] GC(276) Humongous regions: 7->6
[142.170s][info][gc,metaspace] GC(276) Metaspace: 41688K(42048K)->41688K(42048K) NonClass: 37342K(37568K)->37342K(37568K) Class: 4345K(4480K)->4345K(4480K)
[142.170s][info][gc          ] GC(276) Pause Young (Normal) (G1 Evacuation Pause) 492M->136M(717M) 86.931ms
[142.170s][info][gc,cpu      ] GC(276) User=0.17s Sys=0.00s Real=0.08s
[146.476s][info][gc,start    ] GC(277) Pause Young (Normal) (G1 Evacuation Pause)
[146.476s][info][gc,task     ] GC(277) Using 2 workers of 2 for evacuation
[146.551s][info][gc,phases   ] GC(277)   Pre Evacuate Collection Set: 0.26ms
[146.551s][info][gc,phases   ] GC(277)   Merge Heap Roots: 0.19ms
[146.551s][info][gc,phases   ] GC(277)   Evacuate Collection Set: 73.75ms
[146.551s][info][gc,phases   ] GC(277)   Post Evacuate Collection Set: 0.75ms
[146.551s][info][gc,phases   ] GC(277)   Other: 0.10ms
[146.551s][info][gc,heap     ] GC(277) Eden regions: 388->0(409)
[146.551s][info][gc,heap     ] GC(277) Survivor regions: 42->21(54)
[146.551s][info][gc,heap     ] GC(277) Old regions: 89->131
[146.551s][info][gc,heap     ] GC(277) Humongous regions: 12->8
[146.551s][info][gc,metaspace] GC(277) Metaspace: 41751K(42176K)->41751K(42176K) NonClass: 37406K(37696K)->37406K(37696K) Class: 4345K(4480K)->4345K(4480K)
[146.551s][info][gc          ] GC(277) Pause Young (Normal) (G1 Evacuation Pause) 530M->158M(717M) 75.257ms
[146.551s][info][gc,cpu      ] GC(277) User=0.15s Sys=0.00s Real=0.08s
[147.700s][info][gc,start    ] GC(278) Pause Young (Normal) (G1 Evacuation Pause)
[147.700s][info][gc,task     ] GC(278) Using 2 workers of 2 for evacuation
[147.785s][info][gc,phases   ] GC(278)   Pre Evacuate Collection Set: 0.26ms
[147.785s][info][gc,phases   ] GC(278)   Merge Heap Roots: 0.19ms
[147.785s][info][gc,phases   ] GC(278)   Evacuate Collection Set: 83.69ms
[147.785s][info][gc,phases   ] GC(278)   Post Evacuate Collection Set: 0.86ms
[147.785s][info][gc,phases   ] GC(278)   Other: 0.09ms
[147.785s][info][gc,heap     ] GC(278) Eden regions: 409->0(376)
[147.785s][info][gc,heap     ] GC(278) Survivor regions: 21->54(54)
[147.785s][info][gc,heap     ] GC(278) Old regions: 131->144
[147.785s][info][gc,heap     ] GC(278) Humongous regions: 13->13
[147.785s][info][gc,metaspace] GC(278) Metaspace: 41751K(42176K)->41751K(42176K) NonClass: 37406K(37696K)->37406K(37696K) Class: 4345K(4480K)->4345K(4480K)
[147.785s][info][gc          ] GC(278) Pause Young (Normal) (G1 Evacuation Pause) 572M->210M(717M) 85.314ms
[147.785s][info][gc,cpu      ] GC(278) User=0.16s Sys=0.00s Real=0.09s
[149.800s][info][gc,start    ] GC(279) Pause Young (Normal) (G1 Evacuation Pause)
[149.800s][info][gc,task     ] GC(279) Using 2 workers of 2 for evacuation
[149.904s][info][gc,phases   ] GC(279)   Pre Evacuate Collection Set: 0.28ms
[149.904s][info][gc,phases   ] GC(279)   Merge Heap Roots: 0.25ms
[149.904s][info][gc,phases   ] GC(279)   Evacuate Collection Set: 102.54ms
[149.904s][info][gc,phases   ] GC(279)   Post Evacuate Collection Set: 0.72ms
[149.904s][info][gc,phases   ] GC(279)   Other: 0.12ms
[149.904s][info][gc,heap     ] GC(279) Eden regions: 376->0(376)
[149.904s][info][gc,heap     ] GC(279) Survivor regions: 54->26(54)
[149.904s][info][gc,heap     ] GC(279) Old regions: 144->195
[149.904s][info][gc,heap     ] GC(279) Humongous regions: 25->23
[149.904s][info][gc,metaspace] GC(279) Metaspace: 41752K(42176K)->41752K(42176K) NonClass: 37406K(37696K)->37406K(37696K) Class: 4345K(4480K)->4345K(4480K)
[149.904s][info][gc          ] GC(279) Pause Young (Normal) (G1 Evacuation Pause) 598M->242M(717M) 104.126ms
[149.904s][info][gc,cpu      ] GC(279) User=0.21s Sys=0.00s Real=0.11s
[152.085s][info][gc,start    ] GC(280) Pause Young (Concurrent Start) (G1 Evacuation Pause)
[152.085s][info][gc,task     ] GC(280) Using 2 workers of 2 for evacuation
[152.121s][info][gc,phases   ] GC(280)   Pre Evacuate Collection Set: 0.28ms
[152.121s][info][gc,phases   ] GC(280)   Merge Heap Roots: 0.21ms
[152.121s][info][gc,phases   ] GC(280)   Evacuate Collection Set: 34.83ms
[152.121s][info][gc,phases   ] GC(280)   Post Evacuate Collection Set: 0.70ms
[152.121s][info][gc,phases   ] GC(280)   Other: 0.13ms
[152.121s][info][gc,heap     ] GC(280) Eden regions: 376->0(383)
[152.121s][info][gc,heap     ] GC(280) Survivor regions: 26->31(51)
[152.122s][info][gc,heap     ] GC(280) Old regions: 195->195
[152.122s][info][gc,heap     ] GC(280) Humongous regions: 23->23
[152.122s][info][gc,metaspace] GC(280) Metaspace: 41753K(42176K)->41753K(42176K) NonClass: 37408K(37696K)->37408K(37696K) Class: 4345K(4480K)->4345K(4480K)
[152.122s][info][gc          ] GC(280) Pause Young (Concurrent Start) (G1 Evacuation Pause) 618M->248M(717M) 36.352ms
[152.122s][info][gc          ] GC(281) Concurrent Mark Cycle
[152.122s][info][gc,marking  ] GC(281) Concurrent Scan Root Regions
[152.122s][info][gc,cpu      ] GC(280) User=0.07s Sys=0.00s Real=0.04s
[152.134s][info][gc,marking  ] GC(281) Concurrent Scan Root Regions 11.999ms
[152.134s][info][gc,marking  ] GC(281) Concurrent Mark
[152.134s][info][gc,marking  ] GC(281) Concurrent Mark From Roots
[152.134s][info][gc,task     ] GC(281) Using 1 workers of 1 for marking
[152.171s][info][gc,marking  ] GC(281) Concurrent Mark From Roots 37.051ms
[152.171s][info][gc,marking  ] GC(281) Concurrent Preclean
[152.171s][info][gc,marking  ] GC(281) Concurrent Preclean 0.353ms
[152.171s][info][gc,start    ] GC(281) Pause Remark
[152.190s][info][gc          ] GC(281) Pause Remark 254M->100M(317M) 18.787ms
[152.190s][info][gc,cpu      ] GC(281) User=0.04s Sys=0.00s Real=0.01s
[152.191s][info][gc,marking  ] GC(281) Concurrent Mark 57.245ms
[152.191s][info][gc,marking  ] GC(281) Concurrent Rebuild Remembered Sets and Scrub Regions
[152.204s][info][gc,marking  ] GC(281) Concurrent Rebuild Remembered Sets and Scrub Regions 13.513ms
[152.205s][info][gc,start    ] GC(281) Pause Cleanup
[152.205s][info][gc          ] GC(281) Pause Cleanup 101M->101M(317M) 0.051ms
[152.205s][info][gc,cpu      ] GC(281) User=0.00s Sys=0.00s Real=0.00s
[152.205s][info][gc,marking  ] GC(281) Concurrent Clear Claimed Marks
[152.205s][info][gc,marking  ] GC(281) Concurrent Clear Claimed Marks 0.041ms
[152.205s][info][gc,marking  ] GC(281) Concurrent Cleanup for Next Mark
[152.207s][info][gc,marking  ] GC(281) Concurrent Cleanup for Next Mark 2.293ms
[152.207s][info][gc          ] GC(281) Concurrent Mark Cycle 85.440ms
[153.120s][info][gc,start    ] GC(282) Pause Young (Prepare Mixed) (G1 Evacuation Pause)
[153.120s][info][gc,task     ] GC(282) Using 2 workers of 2 for evacuation
[153.137s][info][gc,phases   ] GC(282)   Pre Evacuate Collection Set: 0.18ms
[153.137s][info][gc,phases   ] GC(282)   Merge Heap Roots: 0.18ms
[153.137s][info][gc,phases   ] GC(282)   Evacuate Collection Set: 16.41ms
[153.137s][info][gc,phases   ] GC(282)   Post Evacuate Collection Set: 0.41ms
[153.137s][info][gc,phases   ] GC(282)   Other: 0.09ms
[153.137s][info][gc,heap     ] GC(282) Eden regions: 159->0(172)
[153.137s][info][gc,heap     ] GC(282) Survivor regions: 31->18(24)
[153.137s][info][gc,heap     ] GC(282) Old regions: 63->65
[153.137s][info][gc,heap     ] GC(282) Humongous regions: 1->1
[153.137s][info][gc,metaspace] GC(282) Metaspace: 41753K(42176K)->41753K(42176K) NonClass: 37408K(37696K)->37408K(37696K) Class: 4345K(4480K)->4345K(4480K)
[153.137s][info][gc          ] GC(282) Pause Young (Prepare Mixed) (G1 Evacuation Pause) 253M->82M(317M) 17.482ms
[153.137s][info][gc,cpu      ] GC(282) User=0.03s Sys=0.00s Real=0.02s
[154.283s][info][gc,start    ] GC(283) Pause Young (Mixed) (G1 Evacuation Pause)
[154.283s][info][gc,task     ] GC(283) Using 2 workers of 2 for evacuation
[154.313s][info][gc,phases   ] GC(283)   Pre Evacuate Collection Set: 0.20ms
[154.313s][info][gc,phases   ] GC(283)   Merge Heap Roots: 0.10ms
[154.313s][info][gc,phases   ] GC(283)   Evacuate Collection Set: 28.72ms
[154.313s][info][gc,phases   ] GC(283)   Post Evacuate Collection Set: 0.45ms
[154.313s][info][gc,phases   ] GC(283)   Other: 0.10ms
[154.313s][info][gc,heap     ] GC(283) Eden regions: 172->0(166)
[154.313s][info][gc,heap     ] GC(283) Survivor regions: 18->24(24)
[154.313s][info][gc,heap     ] GC(283) Old regions: 65->62
[154.313s][info][gc,heap     ] GC(283) Humongous regions: 2->2
[154.313s][info][gc,metaspace] GC(283) Metaspace: 41753K(42176K)->41753K(42176K) NonClass: 37408K(37696K)->37408K(37696K) Class: 4345K(4480K)->4345K(4480K)
[154.313s][info][gc          ] GC(283) Pause Young (Mixed) (G1 Evacuation Pause) 255M->88M(317M) 29.794ms
[154.313s][info][gc,cpu      ] GC(283) User=0.05s Sys=0.00s Real=0.03s
[155.357s][info][gc,start    ] GC(284) Pause Young (Concurrent Start) (G1 Evacuation Pause)
[155.357s][info][gc,task     ] GC(284) Using 2 workers of 2 for evacuation
[155.395s][info][gc,phases   ] GC(284)   Pre Evacuate Collection Set: 0.23ms
[155.395s][info][gc,phases   ] GC(284)   Merge Heap Roots: 0.09ms
[155.395s][info][gc,phases   ] GC(284)   Evacuate Collection Set: 36.69ms
[155.395s][info][gc,phases   ] GC(284)   Post Evacuate Collection Set: 0.47ms
[155.395s][info][gc,phases   ] GC(284)   Other: 0.09ms
[155.395s][info][gc,heap     ] GC(284) Eden regions: 166->0(174)
[155.395s][info][gc,heap     ] GC(284) Survivor regions: 24->16(24)
[155.395s][info][gc,heap     ] GC(284) Old regions: 62->87
[155.395s][info][gc,heap     ] GC(284) Humongous regions: 2->2
[155.395s][info][gc,metaspace] GC(284) Metaspace: 41753K(42176K)->41753K(42176K) NonClass: 37408K(37696K)->37408K(37696K) Class: 4345K(4480K)->4345K(4480K)
[155.395s][info][gc          ] GC(284) Pause Young (Concurrent Start) (G1 Evacuation Pause) 254M->104M(317M) 37.775ms
[155.395s][info][gc          ] GC(285) Concurrent Mark Cycle
[155.395s][info][gc,marking  ] GC(285) Concurrent Scan Root Regions
[155.397s][info][gc,cpu      ] GC(284) User=0.07s Sys=0.00s Real=0.04s
[155.420s][info][gc,marking  ] GC(285) Concurrent Scan Root Regions 25.745ms
[155.421s][info][gc,marking  ] GC(285) Concurrent Mark
[155.421s][info][gc,marking  ] GC(285) Concurrent Mark From Roots
[155.421s][info][gc,task     ] GC(285) Using 1 workers of 1 for marking
[155.456s][info][gc,marking  ] GC(285) Concurrent Mark From Roots 35.270ms
[155.456s][info][gc,marking  ] GC(285) Concurrent Preclean
[155.456s][info][gc,marking  ] GC(285) Concurrent Preclean 0.037ms
[155.456s][info][gc,start    ] GC(285) Pause Remark
[155.480s][info][gc          ] GC(285) Pause Remark 116M->116M(317M) 24.394ms
[155.480s][info][gc,cpu      ] GC(285) User=0.04s Sys=0.00s Real=0.02s
[155.480s][info][gc,marking  ] GC(285) Concurrent Mark 59.931ms
[155.480s][info][gc,marking  ] GC(285) Concurrent Rebuild Remembered Sets and Scrub Regions
[155.521s][info][gc,marking  ] GC(285) Concurrent Rebuild Remembered Sets and Scrub Regions 41.019ms
[155.522s][info][gc,start    ] GC(285) Pause Cleanup
[155.522s][info][gc          ] GC(285) Pause Cleanup 127M->127M(317M) 0.068ms
[155.522s][info][gc,cpu      ] GC(285) User=0.00s Sys=0.00s Real=0.00s
[155.522s][info][gc,marking  ] GC(285) Concurrent Clear Claimed Marks
[155.522s][info][gc,marking  ] GC(285) Concurrent Clear Claimed Marks 0.043ms
[155.522s][info][gc,marking  ] GC(285) Concurrent Cleanup for Next Mark
[155.523s][info][gc,marking  ] GC(285) Concurrent Cleanup for Next Mark 0.949ms
[155.523s][info][gc          ] GC(285) Concurrent Mark Cycle 127.966ms
[155.917s][info][gc,start    ] GC(286) Pause Young (Prepare Mixed) (G1 Evacuation Pause)
[155.918s][info][gc,task     ] GC(286) Using 2 workers of 2 for evacuation
[155.945s][info][gc,phases   ] GC(286)   Pre Evacuate Collection Set: 0.18ms
[155.946s][info][gc,phases   ] GC(286)   Merge Heap Roots: 0.10ms
[155.946s][info][gc,phases   ] GC(286)   Evacuate Collection Set: 27.08ms
[155.946s][info][gc,phases   ] GC(286)   Post Evacuate Collection Set: 0.48ms
[155.946s][info][gc,phases   ] GC(286)   Other: 0.10ms
[155.946s][info][gc,heap     ] GC(286) Eden regions: 174->0(156)
[155.946s][info][gc,heap     ] GC(286) Survivor regions: 16->24(24)
[155.946s][info][gc,heap     ] GC(286) Old regions: 87->90
[155.946s][info][gc,heap     ] GC(286) Humongous regions: 5->5
[155.946s][info][gc,metaspace] GC(286) Metaspace: 41753K(42176K)->41753K(42176K) NonClass: 37408K(37696K)->37408K(37696K) Class: 4345K(4480K)->4345K(4480K)
[155.946s][info][gc          ] GC(286) Pause Young (Prepare Mixed) (G1 Evacuation Pause) 281M->119M(317M) 28.146ms
[155.946s][info][gc,cpu      ] GC(286) User=0.06s Sys=0.00s Real=0.03s
[156.345s][info][gc,start    ] GC(287) Pause Young (Mixed) (G1 Evacuation Pause)
[156.345s][info][gc,task     ] GC(287) Using 2 workers of 2 for evacuation
[156.395s][info][gc,phases   ] GC(287)   Pre Evacuate Collection Set: 0.26ms
[156.395s][info][gc,phases   ] GC(287)   Merge Heap Roots: 0.20ms
[156.395s][info][gc,phases   ] GC(287)   Evacuate Collection Set: 48.73ms
[156.395s][info][gc,phases   ] GC(287)   Post Evacuate Collection Set: 0.56ms
[156.395s][info][gc,phases   ] GC(287)   Other: 0.07ms
[156.395s][info][gc,heap     ] GC(287) Eden regions: 156->0(158)
[156.395s][info][gc,heap     ] GC(287) Survivor regions: 24->19(23)
[156.395s][info][gc,heap     ] GC(287) Old regions: 90->91
[156.395s][info][gc,heap     ] GC(287) Humongous regions: 7->7
[156.395s][info][gc,metaspace] GC(287) Metaspace: 41753K(42176K)->41753K(42176K) NonClass: 37408K(37696K)->37408K(37696K) Class: 4345K(4480K)->4345K(4480K)
[156.395s][info][gc          ] GC(287) Pause Young (Mixed) (G1 Evacuation Pause) 277M->117M(322M) 50.037ms
[156.395s][info][gc,cpu      ] GC(287) User=0.10s Sys=0.00s Real=0.05s
[156.763s][info][gc,start    ] GC(288) Pause Young (Concurrent Start) (G1 Evacuation Pause)
[156.763s][info][gc,task     ] GC(288) Using 2 workers of 2 for evacuation
[156.803s][info][gc,phases   ] GC(288)   Pre Evacuate Collection Set: 0.19ms
[156.803s][info][gc,phases   ] GC(288)   Merge Heap Roots: 0.09ms
[156.803s][info][gc,phases   ] GC(288)   Evacuate Collection Set: 38.94ms
[156.803s][info][gc,phases   ] GC(288)   Post Evacuate Collection Set: 0.43ms
[156.803s][info][gc,phases   ] GC(288)   Other: 0.12ms
[156.803s][info][gc,heap     ] GC(288) Eden regions: 158->0(145)
[156.803s][info][gc,heap     ] GC(288) Survivor regions: 19->19(23)
[156.803s][info][gc,heap     ] GC(288) Old regions: 91->110
[156.803s][info][gc,heap     ] GC(288) Humongous regions: 7->7
[156.803s][info][gc,metaspace] GC(288) Metaspace: 41753K(42176K)->41753K(42176K) NonClass: 37408K(37696K)->37408K(37696K) Class: 4345K(4480K)->4345K(4480K)
[156.803s][info][gc          ] GC(288) Pause Young (Concurrent Start) (G1 Evacuation Pause) 275M->136M(322M) 39.984ms
[156.803s][info][gc,cpu      ] GC(288) User=0.08s Sys=0.00s Real=0.04s
[156.803s][info][gc          ] GC(289) Concurrent Mark Cycle
[156.803s][info][gc,marking  ] GC(289) Concurrent Scan Root Regions
[156.833s][info][gc,marking  ] GC(289) Concurrent Scan Root Regions 29.774ms
[156.833s][info][gc,marking  ] GC(289) Concurrent Mark
[156.833s][info][gc,marking  ] GC(289) Concurrent Mark From Roots
[156.833s][info][gc,task     ] GC(289) Using 1 workers of 1 for marking
[156.895s][info][gc,marking  ] GC(289) Concurrent Mark From Roots 61.968ms
[156.895s][info][gc,marking  ] GC(289) Concurrent Preclean
[156.895s][info][gc,marking  ] GC(289) Concurrent Preclean 0.038ms
[156.895s][info][gc,start    ] GC(289) Pause Remark
[156.912s][info][gc          ] GC(289) Pause Remark 171M->152M(322M) 17.433ms
[156.912s][info][gc,cpu      ] GC(289) User=0.03s Sys=0.00s Real=0.02s
[156.912s][info][gc,marking  ] GC(289) Concurrent Mark 79.811ms
[156.912s][info][gc,marking  ] GC(289) Concurrent Rebuild Remembered Sets and Scrub Regions
[156.955s][info][gc,marking  ] GC(289) Concurrent Rebuild Remembered Sets and Scrub Regions 42.325ms
[156.955s][info][gc,start    ] GC(289) Pause Cleanup
[156.955s][info][gc          ] GC(289) Pause Cleanup 168M->168M(322M) 0.054ms
[156.955s][info][gc,cpu      ] GC(289) User=0.00s Sys=0.00s Real=0.00s
[156.955s][info][gc,marking  ] GC(289) Concurrent Clear Claimed Marks
[156.955s][info][gc,marking  ] GC(289) Concurrent Clear Claimed Marks 0.039ms
[156.955s][info][gc,marking  ] GC(289) Concurrent Cleanup for Next Mark
[156.956s][info][gc,marking  ] GC(289) Concurrent Cleanup for Next Mark 0.987ms
[156.956s][info][gc          ] GC(289) Concurrent Mark Cycle 153.318ms
[157.229s][info][gc,start    ] GC(290) Pause Young (Prepare Mixed) (G1 Evacuation Pause)
[157.229s][info][gc,task     ] GC(290) Using 2 workers of 2 for evacuation
[157.272s][info][gc,phases   ] GC(290)   Pre Evacuate Collection Set: 0.18ms
[157.272s][info][gc,phases   ] GC(290)   Merge Heap Roots: 0.11ms
[157.272s][info][gc,phases   ] GC(290)   Evacuate Collection Set: 42.00ms
[157.272s][info][gc,phases   ] GC(290)   Post Evacuate Collection Set: 0.41ms
[157.272s][info][gc,phases   ] GC(290)   Other: 0.08ms
[157.272s][info][gc,heap     ] GC(290) Eden regions: 145->0(144)
[157.272s][info][gc,heap     ] GC(290) Survivor regions: 19->17(21)
[157.272s][info][gc,heap     ] GC(290) Old regions: 93->112
[157.272s][info][gc,heap     ] GC(290) Humongous regions: 9->9
[157.272s][info][gc,metaspace] GC(290) Metaspace: 41753K(42176K)->41753K(42176K) NonClass: 37408K(37696K)->37408K(37696K) Class: 4345K(4480K)->4345K(4480K)
[157.272s][info][gc          ] GC(290) Pause Young (Prepare Mixed) (G1 Evacuation Pause) 266M->137M(322M) 43.044ms
[157.272s][info][gc,cpu      ] GC(290) User=0.08s Sys=0.00s Real=0.05s
[158.612s][info][gc,start    ] GC(291) Pause Young (Mixed) (G1 Evacuation Pause)
[158.612s][info][gc,task     ] GC(291) Using 2 workers of 2 for evacuation
[158.657s][info][gc,phases   ] GC(291)   Pre Evacuate Collection Set: 0.18ms
[158.657s][info][gc,phases   ] GC(291)   Merge Heap Roots: 0.19ms
[158.657s][info][gc,phases   ] GC(291)   Evacuate Collection Set: 43.13ms
[158.657s][info][gc,phases   ] GC(291)   Post Evacuate Collection Set: 0.53ms
[158.657s][info][gc,phases   ] GC(291)   Other: 0.09ms
[158.657s][info][gc,heap     ] GC(291) Eden regions: 144->0(147)
[158.657s][info][gc,heap     ] GC(291) Survivor regions: 17->11(21)
[158.657s][info][gc,heap     ] GC(291) Old regions: 112->111
[158.657s][info][gc,heap     ] GC(291) Humongous regions: 17->15
[158.657s][info][gc,metaspace] GC(291) Metaspace: 41753K(42176K)->41753K(42176K) NonClass: 37408K(37696K)->37408K(37696K) Class: 4345K(4480K)->4345K(4480K)
[158.657s][info][gc          ] GC(291) Pause Young (Mixed) (G1 Evacuation Pause) 289M->136M(322M) 44.311ms
[158.657s][info][gc,cpu      ] GC(291) User=0.09s Sys=0.00s Real=0.04s
[159.254s][info][gc,start    ] GC(292) Pause Young (Concurrent Start) (G1 Evacuation Pause)
[159.254s][info][gc,task     ] GC(292) Using 2 workers of 2 for evacuation
[159.280s][info][gc,phases   ] GC(292)   Pre Evacuate Collection Set: 0.21ms
[159.280s][info][gc,phases   ] GC(292)   Merge Heap Roots: 0.16ms
[159.280s][info][gc,phases   ] GC(292)   Evacuate Collection Set: 24.83ms
[159.280s][info][gc,phases   ] GC(292)   Post Evacuate Collection Set: 0.40ms
[159.280s][info][gc,phases   ] GC(292)   Other: 0.08ms
[159.280s][info][gc,heap     ] GC(292) Eden regions: 147->0(143)
[159.280s][info][gc,heap     ] GC(292) Survivor regions: 11->7(20)
[159.280s][info][gc,heap     ] GC(292) Old regions: 111->121
[159.280s][info][gc,heap     ] GC(292) Humongous regions: 15->15
[159.280s][info][gc,metaspace] GC(292) Metaspace: 41753K(42176K)->41753K(42176K) NonClass: 37408K(37696K)->37408K(37696K) Class: 4345K(4480K)->4345K(4480K)
[159.280s][info][gc          ] GC(292) Pause Young (Concurrent Start) (G1 Evacuation Pause) 283M->142M(322M) 25.853ms
[159.280s][info][gc,cpu      ] GC(292) User=0.05s Sys=0.00s Real=0.02s
[159.280s][info][gc          ] GC(293) Concurrent Mark Cycle
[159.280s][info][gc,marking  ] GC(293) Concurrent Scan Root Regions
[159.297s][info][gc,marking  ] GC(293) Concurrent Scan Root Regions 16.728ms
[159.297s][info][gc,marking  ] GC(293) Concurrent Mark
[159.297s][info][gc,marking  ] GC(293) Concurrent Mark From Roots
[159.297s][info][gc,task     ] GC(293) Using 1 workers of 1 for marking
[159.333s][info][gc,marking  ] GC(293) Concurrent Mark From Roots 36.392ms
[159.333s][info][gc,marking  ] GC(293) Concurrent Preclean
[159.333s][info][gc,marking  ] GC(293) Concurrent Preclean 0.034ms
[159.333s][info][gc,start    ] GC(293) Pause Remark
[159.348s][info][gc          ] GC(293) Pause Remark 151M->116M(322M) 15.304ms
[159.349s][info][gc,cpu      ] GC(293) User=0.03s Sys=0.00s Real=0.01s
[159.349s][info][gc,marking  ] GC(293) Concurrent Mark 51.945ms
[159.349s][info][gc,marking  ] GC(293) Concurrent Rebuild Remembered Sets and Scrub Regions
[159.376s][info][gc,marking  ] GC(293) Concurrent Rebuild Remembered Sets and Scrub Regions 27.825ms
[159.376s][info][gc,start    ] GC(293) Pause Cleanup
[159.377s][info][gc          ] GC(293) Pause Cleanup 120M->120M(322M) 0.063ms
[159.377s][info][gc,cpu      ] GC(293) User=0.00s Sys=0.00s Real=0.00s
[159.377s][info][gc,marking  ] GC(293) Concurrent Clear Claimed Marks
[159.377s][info][gc,marking  ] GC(293) Concurrent Clear Claimed Marks 0.037ms
[159.377s][info][gc,marking  ] GC(293) Concurrent Cleanup for Next Mark
[159.378s][info][gc,marking  ] GC(293) Concurrent Cleanup for Next Mark 0.908ms
[159.378s][info][gc          ] GC(293) Concurrent Mark Cycle 97.694ms
[160.087s][info][gc,start    ] GC(294) Pause Young (Prepare Mixed) (G1 Evacuation Pause)
[160.088s][info][gc,task     ] GC(294) Using 2 workers of 2 for evacuation
[160.093s][info][gc,phases   ] GC(294)   Pre Evacuate Collection Set: 0.16ms
[160.093s][info][gc,phases   ] GC(294)   Merge Heap Roots: 0.06ms
[160.093s][info][gc,phases   ] GC(294)   Evacuate Collection Set: 4.54ms
[160.093s][info][gc,phases   ] GC(294)   Post Evacuate Collection Set: 0.36ms
[160.093s][info][gc,phases   ] GC(294)   Other: 0.07ms
[160.093s][info][gc,heap     ] GC(294) Eden regions: 143->0(177)
[160.093s][info][gc,heap     ] GC(294) Survivor regions: 7->8(19)
[160.093s][info][gc,heap     ] GC(294) Old regions: 100->100
[160.093s][info][gc,heap     ] GC(294) Humongous regions: 1->1
[160.093s][info][gc,metaspace] GC(294) Metaspace: 41754K(42176K)->41754K(42176K) NonClass: 37408K(37696K)->37408K(37696K) Class: 4345K(4480K)->4345K(4480K)
[160.093s][info][gc          ] GC(294) Pause Young (Prepare Mixed) (G1 Evacuation Pause) 250M->108M(322M) 5.358ms
[160.093s][info][gc,cpu      ] GC(294) User=0.01s Sys=0.00s Real=0.01s
[161.160s][info][gc,start    ] GC(295) Pause Young (Mixed) (G1 Evacuation Pause)
[161.160s][info][gc,task     ] GC(295) Using 2 workers of 2 for evacuation
[161.168s][info][gc,phases   ] GC(295)   Pre Evacuate Collection Set: 0.26ms
[161.168s][info][gc,phases   ] GC(295)   Merge Heap Roots: 0.22ms
[161.168s][info][gc,phases   ] GC(295)   Evacuate Collection Set: 7.48ms
[161.168s][info][gc,phases   ] GC(295)   Post Evacuate Collection Set: 0.44ms
[161.168s][info][gc,phases   ] GC(295)   Other: 0.10ms
[161.168s][info][gc,heap     ] GC(295) Eden regions: 177->0(185)
[161.168s][info][gc,heap     ] GC(295) Survivor regions: 8->8(24)
[161.168s][info][gc,heap     ] GC(295) Old regions: 100->67
[161.168s][info][gc,heap     ] GC(295) Humongous regions: 1->1
[161.168s][info][gc,metaspace] GC(295) Metaspace: 41754K(42176K)->41754K(42176K) NonClass: 37408K(37696K)->37408K(37696K) Class: 4345K(4480K)->4345K(4480K)
[161.168s][info][gc          ] GC(295) Pause Young (Mixed) (G1 Evacuation Pause) 285M->75M(322M) 8.681ms
[161.168s][info][gc,cpu      ] GC(295) User=0.01s Sys=0.00s Real=0.01s
[162.274s][info][gc,start    ] GC(296) Pause Young (Mixed) (G1 Evacuation Pause)
[162.274s][info][gc,task     ] GC(296) Using 2 workers of 2 for evacuation
[162.282s][info][gc,phases   ] GC(296)   Pre Evacuate Collection Set: 0.20ms
[162.282s][info][gc,phases   ] GC(296)   Merge Heap Roots: 0.22ms
[162.282s][info][gc,phases   ] GC(296)   Evacuate Collection Set: 6.61ms
[162.282s][info][gc,phases   ] GC(296)   Post Evacuate Collection Set: 0.46ms
[162.282s][info][gc,phases   ] GC(296)   Other: 0.07ms
[162.282s][info][gc,heap     ] GC(296) Eden regions: 185->0(187)
[162.282s][info][gc,heap     ] GC(296) Survivor regions: 8->6(25)
[162.282s][info][gc,heap     ] GC(296) Old regions: 67->49
[162.282s][info][gc,heap     ] GC(296) Humongous regions: 2->1
[162.282s][info][gc,metaspace] GC(296) Metaspace: 41755K(42176K)->41755K(42176K) NonClass: 37409K(37696K)->37409K(37696K) Class: 4345K(4480K)->4345K(4480K)
[162.282s][info][gc          ] GC(296) Pause Young (Mixed) (G1 Evacuation Pause) 261M->55M(322M) 7.749ms
[162.282s][info][gc,cpu      ] GC(296) User=0.01s Sys=0.00s Real=0.01s
[163.403s][info][gc,start    ] GC(297) Pause Young (Normal) (G1 Evacuation Pause)
[163.403s][info][gc,task     ] GC(297) Using 2 workers of 2 for evacuation
[163.410s][info][gc,phases   ] GC(297)   Pre Evacuate Collection Set: 0.23ms
[163.410s][info][gc,phases   ] GC(297)   Merge Heap Roots: 0.09ms
[163.410s][info][gc,phases   ] GC(297)   Evacuate Collection Set: 5.92ms
[163.410s][info][gc,phases   ] GC(297)   Post Evacuate Collection Set: 0.44ms
[163.410s][info][gc,phases   ] GC(297)   Other: 0.09ms
[163.410s][info][gc,heap     ] GC(297) Eden regions: 187->0(185)
[163.410s][info][gc,heap     ] GC(297) Survivor regions: 6->8(25)
[163.410s][info][gc,heap     ] GC(297) Old regions: 49->49
[163.410s][info][gc,heap     ] GC(297) Humongous regions: 1->1
[163.410s][info][gc,metaspace] GC(297) Metaspace: 41755K(42176K)->41755K(42176K) NonClass: 37409K(37696K)->37409K(37696K) Class: 4345K(4480K)->4345K(4480K)
[163.410s][info][gc          ] GC(297) Pause Young (Normal) (G1 Evacuation Pause) 242M->57M(322M) 6.963ms
[163.410s][info][gc,cpu      ] GC(297) User=0.02s Sys=0.00s Real=0.00s
[164.314s][info][gc,start    ] GC(298) Pause Young (Normal) (G1 Evacuation Pause)
[164.314s][info][gc,task     ] GC(298) Using 2 workers of 2 for evacuation
[164.322s][info][gc,phases   ] GC(298)   Pre Evacuate Collection Set: 0.22ms
[164.322s][info][gc,phases   ] GC(298)   Merge Heap Roots: 0.07ms
[164.322s][info][gc,phases   ] GC(298)   Evacuate Collection Set: 7.15ms
[164.322s][info][gc,phases   ] GC(298)   Post Evacuate Collection Set: 0.47ms
[164.322s][info][gc,phases   ] GC(298)   Other: 0.09ms
[164.322s][info][gc,heap     ] GC(298) Eden regions: 185->0(185)
[164.322s][info][gc,heap     ] GC(298) Survivor regions: 8->8(25)
[164.322s][info][gc,heap     ] GC(298) Old regions: 49->49
[164.322s][info][gc,heap     ] GC(298) Humongous regions: 9->3
[164.322s][info][gc,metaspace] GC(298) Metaspace: 41775K(42240K)->41775K(42240K) NonClass: 37429K(37760K)->37429K(37760K) Class: 4345K(4480K)->4345K(4480K)
[164.322s][info][gc          ] GC(298) Pause Young (Normal) (G1 Evacuation Pause) 250M->59M(322M) 8.191ms
[164.322s][info][gc,cpu      ] GC(298) User=0.01s Sys=0.00s Real=0.01s
[164.474s][info][gc,start    ] GC(299) Pause Young (Concurrent Start) (G1 Humongous Allocation)
[164.474s][info][gc,task     ] GC(299) Using 2 workers of 2 for evacuation
[164.480s][info][gc,phases   ] GC(299)   Pre Evacuate Collection Set: 0.19ms
[164.480s][info][gc,phases   ] GC(299)   Merge Heap Roots: 0.05ms
[164.480s][info][gc,phases   ] GC(299)   Evacuate Collection Set: 4.65ms
[164.480s][info][gc,phases   ] GC(299)   Post Evacuate Collection Set: 0.32ms
[164.480s][info][gc,phases   ] GC(299)   Other: 0.07ms
[164.480s][info][gc,heap     ] GC(299) Eden regions: 42->0(186)
[164.480s][info][gc,heap     ] GC(299) Survivor regions: 8->7(25)
[164.480s][info][gc,heap     ] GC(299) Old regions: 49->49
[164.480s][info][gc,heap     ] GC(299) Humongous regions: 9->1
[164.480s][info][gc,metaspace] GC(299) Metaspace: 41775K(42240K)->41775K(42240K) NonClass: 37430K(37760K)->37430K(37760K) Class: 4345K(4480K)->4345K(4480K)
[164.480s][info][gc          ] GC(299) Pause Young (Concurrent Start) (G1 Humongous Allocation) 107M->56M(322M) 5.452ms
[164.480s][info][gc,cpu      ] GC(299) User=0.01s Sys=0.00s Real=0.00s
[164.480s][info][gc          ] GC(300) Concurrent Undo Cycle
[164.480s][info][gc,marking  ] GC(300) Concurrent Clear Claimed Marks
[164.480s][info][gc,marking  ] GC(300) Concurrent Clear Claimed Marks 0.037ms
[164.480s][info][gc,marking  ] GC(300) Concurrent Cleanup for Next Mark
[164.480s][info][gc,marking  ] GC(300) Concurrent Cleanup for Next Mark 0.167ms
[164.480s][info][gc          ] GC(300) Concurrent Undo Cycle 0.293ms
[165.383s][info][gc,start    ] GC(301) Pause Young (Normal) (G1 Evacuation Pause)
[165.383s][info][gc,task     ] GC(301) Using 2 workers of 2 for evacuation
[165.397s][info][gc,phases   ] GC(301)   Pre Evacuate Collection Set: 0.18ms
[165.397s][info][gc,phases   ] GC(301)   Merge Heap Roots: 0.09ms
[165.397s][info][gc,phases   ] GC(301)   Evacuate Collection Set: 12.68ms
[165.397s][info][gc,phases   ] GC(301)   Post Evacuate Collection Set: 0.49ms
[165.397s][info][gc,phases   ] GC(301)   Other: 0.10ms
[165.397s][info][gc,heap     ] GC(301) Eden regions: 186->0(178)
[165.397s][info][gc,heap     ] GC(301) Survivor regions: 7->15(25)
[165.397s][info][gc,heap     ] GC(301) Old regions: 49->49
[165.397s][info][gc,heap     ] GC(301) Humongous regions: 11->3
[165.397s][info][gc,metaspace] GC(301) Metaspace: 41779K(42240K)->41779K(42240K) NonClass: 37434K(37760K)->37434K(37760K) Class: 4345K(4480K)->4345K(4480K)
[165.397s][info][gc          ] GC(301) Pause Young (Normal) (G1 Evacuation Pause) 252M->66M(322M) 13.727ms
[165.397s][info][gc,cpu      ] GC(301) User=0.02s Sys=0.01s Real=0.01s
[166.132s][info][gc,start    ] GC(302) Pause Young (Normal) (G1 Evacuation Pause)
[166.132s][info][gc,task     ] GC(302) Using 2 workers of 2 for evacuation
[166.156s][info][gc,phases   ] GC(302)   Pre Evacuate Collection Set: 0.19ms
[166.156s][info][gc,phases   ] GC(302)   Merge Heap Roots: 0.07ms
[166.156s][info][gc,phases   ] GC(302)   Evacuate Collection Set: 23.13ms
[166.156s][info][gc,phases   ] GC(302)   Post Evacuate Collection Set: 0.51ms
[166.156s][info][gc,phases   ] GC(302)   Other: 0.10ms
[166.156s][info][gc,heap     ] GC(302) Eden regions: 178->0(174)
[166.156s][info][gc,heap     ] GC(302) Survivor regions: 15->19(25)
[166.156s][info][gc,heap     ] GC(302) Old regions: 49->56
[166.156s][info][gc,heap     ] GC(302) Humongous regions: 11->3
[166.156s][info][gc,metaspace] GC(302) Metaspace: 41787K(42240K)->41787K(42240K) NonClass: 37441K(37760K)->37441K(37760K) Class: 4345K(4480K)->4345K(4480K)
[166.156s][info][gc          ] GC(302) Pause Young (Normal) (G1 Evacuation Pause) 252M->77M(322M) 24.201ms
[166.156s][info][gc,cpu      ] GC(302) User=0.05s Sys=0.00s Real=0.02s
[166.713s][info][gc,start    ] GC(303) Pause Young (Concurrent Start) (G1 Humongous Allocation)
[166.713s][info][gc,task     ] GC(303) Using 2 workers of 2 for evacuation
[166.718s][info][gc,phases   ] GC(303)   Pre Evacuate Collection Set: 0.20ms
[166.718s][info][gc,phases   ] GC(303)   Merge Heap Roots: 0.07ms
[166.718s][info][gc,phases   ] GC(303)   Evacuate Collection Set: 3.79ms
[166.718s][info][gc,phases   ] GC(303)   Post Evacuate Collection Set: 0.38ms
[166.718s][info][gc,phases   ] GC(303)   Other: 0.09ms
[166.718s][info][gc,heap     ] GC(303) Eden regions: 112->0(191)
[166.718s][info][gc,heap     ] GC(303) Survivor regions: 19->2(25)
[166.718s][info][gc,heap     ] GC(303) Old regions: 56->58
[166.718s][info][gc,heap     ] GC(303) Humongous regions: 7->1
[166.718s][info][gc,metaspace] GC(303) Metaspace: 41791K(42240K)->41791K(42240K) NonClass: 37445K(37760K)->37445K(37760K) Class: 4345K(4480K)->4345K(4480K)
[166.718s][info][gc          ] GC(303) Pause Young (Concurrent Start) (G1 Humongous Allocation) 193M->59M(322M) 4.701ms
[166.718s][info][gc,cpu      ] GC(303) User=0.01s Sys=0.00s Real=0.00s
[166.718s][info][gc          ] GC(304) Concurrent Undo Cycle
[166.718s][info][gc,marking  ] GC(304) Concurrent Clear Claimed Marks
[166.718s][info][gc,marking  ] GC(304) Concurrent Clear Claimed Marks 0.032ms
[166.718s][info][gc,marking  ] GC(304) Concurrent Cleanup for Next Mark
[166.719s][info][gc,marking  ] GC(304) Concurrent Cleanup for Next Mark 1.295ms
[166.719s][info][gc          ] GC(304) Concurrent Undo Cycle 1.399ms
[166.995s][info][gc,start    ] GC(305) Pause Young (Concurrent Start) (G1 Humongous Allocation)
[166.995s][info][gc,task     ] GC(305) Using 2 workers of 2 for evacuation
[166.997s][info][gc,phases   ] GC(305)   Pre Evacuate Collection Set: 0.19ms
[166.997s][info][gc,phases   ] GC(305)   Merge Heap Roots: 0.05ms
[166.997s][info][gc,phases   ] GC(305)   Evacuate Collection Set: 1.67ms
[166.997s][info][gc,phases   ] GC(305)   Post Evacuate Collection Set: 0.36ms
[166.997s][info][gc,phases   ] GC(305)   Other: 0.09ms
[166.997s][info][gc,heap     ] GC(305) Eden regions: 73->0(191)
[166.997s][info][gc,heap     ] GC(305) Survivor regions: 2->2(25)
[166.997s][info][gc,heap     ] GC(305) Old regions: 58->58
[166.997s][info][gc,heap     ] GC(305) Humongous regions: 7->1
[166.997s][info][gc,metaspace] GC(305) Metaspace: 41791K(42240K)->41791K(42240K) NonClass: 37446K(37760K)->37446K(37760K) Class: 4345K(4480K)->4345K(4480K)
[166.997s][info][gc          ] GC(305) Pause Young (Concurrent Start) (G1 Humongous Allocation) 138M->59M(322M) 2.543ms
[166.997s][info][gc,cpu      ] GC(305) User=0.00s Sys=0.00s Real=0.00s
[166.997s][info][gc          ] GC(306) Concurrent Undo Cycle
[166.997s][info][gc,marking  ] GC(306) Concurrent Clear Claimed Marks
[166.997s][info][gc,marking  ] GC(306) Concurrent Clear Claimed Marks 0.033ms
[166.997s][info][gc,marking  ] GC(306) Concurrent Cleanup for Next Mark
[166.999s][info][gc,marking  ] GC(306) Concurrent Cleanup for Next Mark 1.967ms
[166.999s][info][gc          ] GC(306) Concurrent Undo Cycle 2.066ms
[167.327s][info][gc,start    ] GC(307) Pause Young (Concurrent Start) (G1 Humongous Allocation)
[167.327s][info][gc,task     ] GC(307) Using 2 workers of 2 for evacuation
[167.330s][info][gc,phases   ] GC(307)   Pre Evacuate Collection Set: 0.19ms
[167.330s][info][gc,phases   ] GC(307)   Merge Heap Roots: 0.05ms
[167.330s][info][gc,phases   ] GC(307)   Evacuate Collection Set: 1.96ms
[167.330s][info][gc,phases   ] GC(307)   Post Evacuate Collection Set: 0.32ms
[167.330s][info][gc,phases   ] GC(307)   Other: 0.09ms
[167.330s][info][gc,heap     ] GC(307) Eden regions: 83->0(191)
[167.330s][info][gc,heap     ] GC(307) Survivor regions: 2->2(25)
[167.330s][info][gc,heap     ] GC(307) Old regions: 58->58
[167.330s][info][gc,heap     ] GC(307) Humongous regions: 9->1
[167.330s][info][gc,metaspace] GC(307) Metaspace: 41791K(42240K)->41791K(42240K) NonClass: 37446K(37760K)->37446K(37760K) Class: 4345K(4480K)->4345K(4480K)
[167.330s][info][gc          ] GC(307) Pause Young (Concurrent Start) (G1 Humongous Allocation) 150M->60M(322M) 2.784ms
[167.330s][info][gc,cpu      ] GC(307) User=0.00s Sys=0.00s Real=0.00s
[167.330s][info][gc          ] GC(308) Concurrent Undo Cycle
[167.330s][info][gc,marking  ] GC(308) Concurrent Clear Claimed Marks
[167.330s][info][gc,marking  ] GC(308) Concurrent Clear Claimed Marks 0.030ms
[167.330s][info][gc,marking  ] GC(308) Concurrent Cleanup for Next Mark
[167.330s][info][gc,marking  ] GC(308) Concurrent Cleanup for Next Mark 0.124ms
[167.330s][info][gc          ] GC(308) Concurrent Undo Cycle 0.196ms
[167.896s][info][gc,start    ] GC(309) Pause Young (Concurrent Start) (G1 Humongous Allocation)
[167.896s][info][gc,task     ] GC(309) Using 2 workers of 2 for evacuation
[167.899s][info][gc,phases   ] GC(309)   Pre Evacuate Collection Set: 0.19ms
[167.899s][info][gc,phases   ] GC(309)   Merge Heap Roots: 0.05ms
[167.900s][info][gc,phases   ] GC(309)   Evacuate Collection Set: 3.07ms
[167.900s][info][gc,phases   ] GC(309)   Post Evacuate Collection Set: 0.41ms
[167.900s][info][gc,phases   ] GC(309)   Other: 0.09ms
[167.900s][info][gc,heap     ] GC(309) Eden regions: 136->0(190)
[167.900s][info][gc,heap     ] GC(309) Survivor regions: 2->3(25)
[167.900s][info][gc,heap     ] GC(309) Old regions: 58->58
[167.900s][info][gc,heap     ] GC(309) Humongous regions: 11->1
[167.900s][info][gc,metaspace] GC(309) Metaspace: 41791K(42240K)->41791K(42240K) NonClass: 37446K(37760K)->37446K(37760K) Class: 4345K(4480K)->4345K(4480K)
[167.900s][info][gc          ] GC(309) Pause Young (Concurrent Start) (G1 Humongous Allocation) 206M->61M(322M) 3.992ms
[167.900s][info][gc,cpu      ] GC(309) User=0.01s Sys=0.00s Real=0.00s
[167.900s][info][gc          ] GC(310) Concurrent Undo Cycle
[167.900s][info][gc,marking  ] GC(310) Concurrent Clear Claimed Marks
[167.900s][info][gc,marking  ] GC(310) Concurrent Clear Claimed Marks 0.037ms
[167.900s][info][gc,marking  ] GC(310) Concurrent Cleanup for Next Mark
[167.900s][info][gc,marking  ] GC(310) Concurrent Cleanup for Next Mark 0.111ms
[167.900s][info][gc          ] GC(310) Concurrent Undo Cycle 0.215ms
[168.683s][info][gc,start    ] GC(311) Pause Young (Normal) (G1 Evacuation Pause)
[168.683s][info][gc,task     ] GC(311) Using 2 workers of 2 for evacuation
[168.709s][info][gc,phases   ] GC(311)   Pre Evacuate Collection Set: 0.20ms
[168.709s][info][gc,phases   ] GC(311)   Merge Heap Roots: 0.07ms
[168.709s][info][gc,phases   ] GC(311)   Evacuate Collection Set: 25.28ms
[168.709s][info][gc,phases   ] GC(311)   Post Evacuate Collection Set: 0.53ms
[168.709s][info][gc,phases   ] GC(311)   Other: 0.08ms
[168.709s][info][gc,heap     ] GC(311) Eden regions: 190->0(168)
[168.709s][info][gc,heap     ] GC(311) Survivor regions: 3->25(25)
[168.709s][info][gc,heap     ] GC(311) Old regions: 58->59
[168.709s][info][gc,heap     ] GC(311) Humongous regions: 11->3
[168.709s][info][gc,metaspace] GC(311) Metaspace: 41791K(42240K)->41791K(42240K) NonClass: 37446K(37760K)->37446K(37760K) Class: 4345K(4480K)->4345K(4480K)
[168.709s][info][gc          ] GC(311) Pause Young (Normal) (G1 Evacuation Pause) 261M->86M(322M) 26.361ms
[168.709s][info][gc,cpu      ] GC(311) User=0.05s Sys=0.00s Real=0.02s
[169.508s][info][gc,start    ] GC(312) Pause Young (Normal) (G1 Evacuation Pause)
[169.508s][info][gc,task     ] GC(312) Using 2 workers of 2 for evacuation
[169.534s][info][gc,phases   ] GC(312)   Pre Evacuate Collection Set: 0.18ms
[169.534s][info][gc,phases   ] GC(312)   Merge Heap Roots: 0.10ms
[169.534s][info][gc,phases   ] GC(312)   Evacuate Collection Set: 25.30ms
[169.534s][info][gc,phases   ] GC(312)   Post Evacuate Collection Set: 0.45ms
[169.534s][info][gc,phases   ] GC(312)   Other: 0.10ms
[169.534s][info][gc,heap     ] GC(312) Eden regions: 168->0(180)
[169.534s][info][gc,heap     ] GC(312) Survivor regions: 25->13(25)
[169.534s][info][gc,heap     ] GC(312) Old regions: 59->71
[169.534s][info][gc,heap     ] GC(312) Humongous regions: 3->3
[169.534s][info][gc,metaspace] GC(312) Metaspace: 41793K(42240K)->41793K(42240K) NonClass: 37447K(37760K)->37447K(37760K) Class: 4345K(4480K)->4345K(4480K)
[169.534s][info][gc          ] GC(312) Pause Young (Normal) (G1 Evacuation Pause) 254M->86M(322M) 26.339ms
[169.534s][info][gc,cpu      ] GC(312) User=0.05s Sys=0.00s Real=0.03s
[169.648s][info][gc,start    ] GC(313) Pause Young (Concurrent Start) (G1 Humongous Allocation)
[169.648s][info][gc,task     ] GC(313) Using 2 workers of 2 for evacuation
[169.667s][info][gc,phases   ] GC(313)   Pre Evacuate Collection Set: 0.20ms
[169.667s][info][gc,phases   ] GC(313)   Merge Heap Roots: 0.10ms
[169.667s][info][gc,phases   ] GC(313)   Evacuate Collection Set: 18.97ms
[169.667s][info][gc,phases   ] GC(313)   Post Evacuate Collection Set: 0.34ms
[169.667s][info][gc,phases   ] GC(313)   Other: 0.10ms
[169.667s][info][gc,heap     ] GC(313) Eden regions: 26->0(174)
[169.667s][info][gc,heap     ] GC(313) Survivor regions: 13->19(25)
[169.667s][info][gc,heap     ] GC(313) Old regions: 71->71
[169.667s][info][gc,heap     ] GC(313) Humongous regions: 3->1
[169.667s][info][gc,metaspace] GC(313) Metaspace: 41793K(42240K)->41793K(42240K) NonClass: 37447K(37760K)->37447K(37760K) Class: 4345K(4480K)->4345K(4480K)
[169.668s][info][gc          ] GC(313) Pause Young (Concurrent Start) (G1 Humongous Allocation) 112M->90M(322M) 19.904ms
[169.668s][info][gc,cpu      ] GC(313) User=0.03s Sys=0.00s Real=0.02s
[169.668s][info][gc          ] GC(314) Concurrent Mark Cycle
[169.668s][info][gc,marking  ] GC(314) Concurrent Scan Root Regions
[169.685s][info][gc,marking  ] GC(314) Concurrent Scan Root Regions 17.066ms
[169.685s][info][gc,marking  ] GC(314) Concurrent Mark
[169.685s][info][gc,marking  ] GC(314) Concurrent Mark From Roots
[169.685s][info][gc,task     ] GC(314) Using 1 workers of 1 for marking
[169.748s][info][gc,marking  ] GC(314) Concurrent Mark From Roots 63.377ms
[169.748s][info][gc,marking  ] GC(314) Concurrent Preclean
[169.748s][info][gc,marking  ] GC(314) Concurrent Preclean 0.051ms
[169.748s][info][gc,start    ] GC(314) Pause Remark
[169.764s][info][gc          ] GC(314) Pause Remark 111M->103M(284M) 15.536ms
[169.764s][info][gc,cpu      ] GC(314) User=0.03s Sys=0.00s Real=0.02s
[169.764s][info][gc,marking  ] GC(314) Concurrent Mark 79.253ms
[169.764s][info][gc,marking  ] GC(314) Concurrent Rebuild Remembered Sets and Scrub Regions
[169.795s][info][gc,marking  ] GC(314) Concurrent Rebuild Remembered Sets and Scrub Regions 30.734ms
[169.795s][info][gc,start    ] GC(314) Pause Cleanup
[169.795s][info][gc          ] GC(314) Pause Cleanup 110M->110M(284M) 0.045ms
[169.795s][info][gc,cpu      ] GC(314) User=0.00s Sys=0.00s Real=0.00s
[169.795s][info][gc,marking  ] GC(314) Concurrent Clear Claimed Marks
[169.795s][info][gc,marking  ] GC(314) Concurrent Clear Claimed Marks 0.038ms
[169.795s][info][gc,marking  ] GC(314) Concurrent Cleanup for Next Mark
[169.796s][info][gc,marking  ] GC(314) Concurrent Cleanup for Next Mark 0.832ms
[169.796s][info][gc          ] GC(314) Concurrent Mark Cycle 128.194ms
[170.422s][info][gc,start    ] GC(315) Pause Young (Prepare Mixed) (G1 Evacuation Pause)
[170.422s][info][gc,task     ] GC(315) Using 2 workers of 2 for evacuation
[170.443s][info][gc,phases   ] GC(315)   Pre Evacuate Collection Set: 0.17ms
[170.443s][info][gc,phases   ] GC(315)   Merge Heap Roots: 0.15ms
[170.443s][info][gc,phases   ] GC(315)   Evacuate Collection Set: 20.60ms
[170.443s][info][gc,phases   ] GC(315)   Post Evacuate Collection Set: 0.50ms
[170.443s][info][gc,phases   ] GC(315)   Other: 0.10ms
[170.443s][info][gc,heap     ] GC(315) Eden regions: 151->0(154)
[170.443s][info][gc,heap     ] GC(315) Survivor regions: 19->9(22)
[170.443s][info][gc,heap     ] GC(315) Old regions: 63->75
[170.443s][info][gc,heap     ] GC(315) Humongous regions: 7->3
[170.443s][info][gc,metaspace] GC(315) Metaspace: 41793K(42240K)->41793K(42240K) NonClass: 37447K(37760K)->37447K(37760K) Class: 4345K(4480K)->4345K(4480K)
[170.443s][info][gc          ] GC(315) Pause Young (Prepare Mixed) (G1 Evacuation Pause) 239M->86M(284M) 21.714ms
[170.443s][info][gc,cpu      ] GC(315) User=0.04s Sys=0.00s Real=0.02s
[171.062s][info][gc,start    ] GC(316) Pause Young (Mixed) (G1 Evacuation Pause)
[171.062s][info][gc,task     ] GC(316) Using 2 workers of 2 for evacuation
[171.082s][info][gc,phases   ] GC(316)   Pre Evacuate Collection Set: 0.20ms
[171.082s][info][gc,phases   ] GC(316)   Merge Heap Roots: 0.26ms
[171.082s][info][gc,phases   ] GC(316)   Evacuate Collection Set: 19.02ms
[171.082s][info][gc,phases   ] GC(316)   Post Evacuate Collection Set: 0.49ms
[171.082s][info][gc,phases   ] GC(316)   Other: 0.07ms
[171.082s][info][gc,heap     ] GC(316) Eden regions: 154->0(159)
[171.082s][info][gc,heap     ] GC(316) Survivor regions: 9->11(21)
[171.082s][info][gc,heap     ] GC(316) Old regions: 75->68
[171.082s][info][gc,heap     ] GC(316) Humongous regions: 13->3
[171.082s][info][gc,metaspace] GC(316) Metaspace: 41793K(42240K)->41793K(42240K) NonClass: 37447K(37760K)->37447K(37760K) Class: 4345K(4480K)->4345K(4480K)
[171.082s][info][gc          ] GC(316) Pause Young (Mixed) (G1 Evacuation Pause) 250M->81M(284M) 20.248ms
[171.082s][info][gc,cpu      ] GC(316) User=0.04s Sys=0.00s Real=0.02s
[171.553s][info][gc,start    ] GC(317) Pause Young (Concurrent Start) (G1 Humongous Allocation)
[171.553s][info][gc,task     ] GC(317) Using 2 workers of 2 for evacuation
[171.563s][info][gc,phases   ] GC(317)   Pre Evacuate Collection Set: 0.20ms
[171.563s][info][gc,phases   ] GC(317)   Merge Heap Roots: 0.08ms
[171.563s][info][gc,phases   ] GC(317)   Evacuate Collection Set: 8.94ms
[171.563s][info][gc,phases   ] GC(317)   Post Evacuate Collection Set: 0.41ms
[171.563s][info][gc,phases   ] GC(317)   Other: 0.08ms
[171.563s][info][gc,heap     ] GC(317) Eden regions: 106->0(161)
[171.563s][info][gc,heap     ] GC(317) Survivor regions: 11->9(22)
[171.563s][info][gc,heap     ] GC(317) Old regions: 68->68
[171.563s][info][gc,heap     ] GC(317) Humongous regions: 3->1
[171.563s][info][gc,metaspace] GC(317) Metaspace: 41793K(42240K)->41793K(42240K) NonClass: 37447K(37760K)->37447K(37760K) Class: 4345K(4480K)->4345K(4480K)
[171.563s][info][gc          ] GC(317) Pause Young (Concurrent Start) (G1 Humongous Allocation) 187M->76M(284M) 9.903ms
[171.563s][info][gc,cpu      ] GC(317) User=0.02s Sys=0.00s Real=0.01s
[171.563s][info][gc          ] GC(318) Concurrent Mark Cycle
[171.563s][info][gc,marking  ] GC(318) Concurrent Scan Root Regions
[171.584s][info][gc,marking  ] GC(318) Concurrent Scan Root Regions 20.924ms
[171.584s][info][gc,marking  ] GC(318) Concurrent Mark
[171.584s][info][gc,marking  ] GC(318) Concurrent Mark From Roots
[171.584s][info][gc,task     ] GC(318) Using 1 workers of 1 for marking
[171.698s][info][gc,marking  ] GC(318) Concurrent Mark From Roots 113.777ms
[171.698s][info][gc,marking  ] GC(318) Concurrent Preclean
[171.698s][info][gc,marking  ] GC(318) Concurrent Preclean 0.036ms
[171.700s][info][gc,start    ] GC(318) Pause Remark
[171.722s][info][gc          ] GC(318) Pause Remark 99M->99M(267M) 22.475ms
[171.722s][info][gc,cpu      ] GC(318) User=0.04s Sys=0.00s Real=0.03s
[171.722s][info][gc,marking  ] GC(318) Concurrent Mark 138.651ms
[171.722s][info][gc,marking  ] GC(318) Concurrent Rebuild Remembered Sets and Scrub Regions
[171.775s][info][gc,marking  ] GC(318) Concurrent Rebuild Remembered Sets and Scrub Regions 52.623ms
[171.775s][info][gc,start    ] GC(318) Pause Cleanup
[171.775s][info][gc          ] GC(318) Pause Cleanup 107M->107M(267M) 0.051ms
[171.775s][info][gc,cpu      ] GC(318) User=0.00s Sys=0.00s Real=0.00s
[171.775s][info][gc,marking  ] GC(318) Concurrent Clear Claimed Marks
[171.775s][info][gc,marking  ] GC(318) Concurrent Clear Claimed Marks 0.043ms
[171.775s][info][gc,marking  ] GC(318) Concurrent Cleanup for Next Mark
[171.778s][info][gc,marking  ] GC(318) Concurrent Cleanup for Next Mark 2.531ms
[171.778s][info][gc          ] GC(318) Concurrent Mark Cycle 215.195ms
[172.264s][info][gc,start    ] GC(319) Pause Young (Prepare Mixed) (G1 Evacuation Pause)
[172.264s][info][gc,task     ] GC(319) Using 2 workers of 2 for evacuation
[172.281s][info][gc,phases   ] GC(319)   Pre Evacuate Collection Set: 0.17ms
[172.282s][info][gc,phases   ] GC(319)   Merge Heap Roots: 0.11ms
[172.282s][info][gc,phases   ] GC(319)   Evacuate Collection Set: 16.96ms
[172.282s][info][gc,phases   ] GC(319)   Post Evacuate Collection Set: 0.46ms
[172.282s][info][gc,phases   ] GC(319)   Other: 0.08ms
[172.282s][info][gc,heap     ] GC(319) Eden regions: 151->0(145)
[172.282s][info][gc,heap     ] GC(319) Survivor regions: 9->15(20)
[172.282s][info][gc,heap     ] GC(319) Old regions: 68->68
[172.282s][info][gc,heap     ] GC(319) Humongous regions: 9->3
[172.282s][info][gc,metaspace] GC(319) Metaspace: 41793K(42240K)->41793K(42240K) NonClass: 37447K(37760K)->37447K(37760K) Class: 4345K(4480K)->4345K(4480K)
[172.282s][info][gc          ] GC(319) Pause Young (Prepare Mixed) (G1 Evacuation Pause) 235M->85M(267M) 17.965ms
[172.282s][info][gc,cpu      ] GC(319) User=0.03s Sys=0.00s Real=0.02s
[172.859s][info][gc,start    ] GC(320) Pause Young (Mixed) (G1 Evacuation Pause)
[172.859s][info][gc,task     ] GC(320) Using 2 workers of 2 for evacuation
[172.883s][info][gc,phases   ] GC(320)   Pre Evacuate Collection Set: 0.17ms
[172.883s][info][gc,phases   ] GC(320)   Merge Heap Roots: 0.16ms
[172.883s][info][gc,phases   ] GC(320)   Evacuate Collection Set: 23.06ms
[172.883s][info][gc,phases   ] GC(320)   Post Evacuate Collection Set: 0.54ms
[172.883s][info][gc,phases   ] GC(320)   Other: 0.07ms
[172.883s][info][gc,heap     ] GC(320) Eden regions: 145->0(150)
[172.883s][info][gc,heap     ] GC(320) Survivor regions: 15->10(20)
[172.883s][info][gc,heap     ] GC(320) Old regions: 68->68
[172.883s][info][gc,heap     ] GC(320) Humongous regions: 7->3
[172.883s][info][gc,metaspace] GC(320) Metaspace: 41793K(42240K)->41793K(42240K) NonClass: 37448K(37760K)->37448K(37760K) Class: 4345K(4480K)->4345K(4480K)
[172.883s][info][gc          ] GC(320) Pause Young (Mixed) (G1 Evacuation Pause) 234M->81M(267M) 24.205ms
[172.883s][info][gc,cpu      ] GC(320) User=0.05s Sys=0.00s Real=0.03s
[173.179s][info][gc,start    ] GC(321) Pause Young (Concurrent Start) (G1 Humongous Allocation)
[173.179s][info][gc,task     ] GC(321) Using 2 workers of 2 for evacuation
[173.183s][info][gc,phases   ] GC(321)   Pre Evacuate Collection Set: 0.17ms
[173.183s][info][gc,phases   ] GC(321)   Merge Heap Roots: 0.05ms
[173.183s][info][gc,phases   ] GC(321)   Evacuate Collection Set: 3.96ms
[173.183s][info][gc,phases   ] GC(321)   Post Evacuate Collection Set: 0.34ms
[173.183s][info][gc,phases   ] GC(321)   Other: 0.10ms
[173.183s][info][gc,heap     ] GC(321) Eden regions: 62->0(156)
[173.183s][info][gc,heap     ] GC(321) Survivor regions: 10->4(20)
[173.183s][info][gc,heap     ] GC(321) Old regions: 68->68
[173.183s][info][gc,heap     ] GC(321) Humongous regions: 3->1
[173.183s][info][gc,metaspace] GC(321) Metaspace: 41793K(42240K)->41793K(42240K) NonClass: 37448K(37760K)->37448K(37760K) Class: 4345K(4480K)->4345K(4480K)
[173.183s][info][gc          ] GC(321) Pause Young (Concurrent Start) (G1 Humongous Allocation) 143M->73M(267M) 4.785ms
[173.183s][info][gc          ] GC(322) Concurrent Mark Cycle
[173.183s][info][gc,marking  ] GC(322) Concurrent Scan Root Regions
[173.184s][info][gc,cpu      ] GC(321) User=0.01s Sys=0.00s Real=0.01s
[173.194s][info][gc,marking  ] GC(322) Concurrent Scan Root Regions 10.963ms
[173.194s][info][gc,marking  ] GC(322) Concurrent Mark
[173.194s][info][gc,marking  ] GC(322) Concurrent Mark From Roots
[173.194s][info][gc,task     ] GC(322) Using 1 workers of 1 for marking
[173.252s][info][gc,marking  ] GC(322) Concurrent Mark From Roots 57.462ms
[173.252s][info][gc,marking  ] GC(322) Concurrent Preclean
[173.252s][info][gc,marking  ] GC(322) Concurrent Preclean 0.035ms
[173.252s][info][gc,start    ] GC(322) Pause Remark
[173.268s][info][gc          ] GC(322) Pause Remark 90M->86M(256M) 16.263ms
[173.268s][info][gc,cpu      ] GC(322) User=0.03s Sys=0.01s Real=0.01s
[173.268s][info][gc,marking  ] GC(322) Concurrent Mark 74.075ms
[173.268s][info][gc,marking  ] GC(322) Concurrent Rebuild Remembered Sets and Scrub Regions
[173.291s][info][gc,marking  ] GC(322) Concurrent Rebuild Remembered Sets and Scrub Regions 22.266ms
[173.291s][info][gc,start    ] GC(322) Pause Cleanup
[173.291s][info][gc          ] GC(322) Pause Cleanup 89M->89M(256M) 0.049ms
[173.291s][info][gc,cpu      ] GC(322) User=0.00s Sys=0.00s Real=0.00s
[173.291s][info][gc,marking  ] GC(322) Concurrent Clear Claimed Marks
[173.291s][info][gc,marking  ] GC(322) Concurrent Clear Claimed Marks 0.038ms
[173.291s][info][gc,marking  ] GC(322) Concurrent Cleanup for Next Mark
[173.292s][info][gc,marking  ] GC(322) Concurrent Cleanup for Next Mark 0.747ms
[173.292s][info][gc          ] GC(322) Concurrent Mark Cycle 108.337ms
[173.729s][info][gc,start    ] GC(323) Pause Young (Prepare Mixed) (G1 Evacuation Pause)
[173.729s][info][gc,task     ] GC(323) Using 2 workers of 2 for evacuation
[173.754s][info][gc,phases   ] GC(323)   Pre Evacuate Collection Set: 0.17ms
[173.754s][info][gc,phases   ] GC(323)   Merge Heap Roots: 0.07ms
[173.754s][info][gc,phases   ] GC(323)   Evacuate Collection Set: 23.70ms
[173.754s][info][gc,phases   ] GC(323)   Post Evacuate Collection Set: 0.49ms
[173.754s][info][gc,phases   ] GC(323)   Other: 0.08ms
[173.754s][info][gc,heap     ] GC(323) Eden regions: 149->0(121)
[173.754s][info][gc,heap     ] GC(323) Survivor regions: 4->20(20)
[173.754s][info][gc,heap     ] GC(323) Old regions: 64->72
[173.754s][info][gc,heap     ] GC(323) Humongous regions: 7->3
[173.754s][info][gc,metaspace] GC(323) Metaspace: 41794K(42240K)->41794K(42240K) NonClass: 37449K(37760K)->37449K(37760K) Class: 4345K(4480K)->4345K(4480K)
[173.754s][info][gc          ] GC(323) Pause Young (Prepare Mixed) (G1 Evacuation Pause) 224M->95M(256M) 24.723ms
[173.754s][info][gc,cpu      ] GC(323) User=0.05s Sys=0.00s Real=0.03s
[174.238s][info][gc,start    ] GC(324) Pause Young (Mixed) (G1 Evacuation Pause)
[174.238s][info][gc,task     ] GC(324) Using 2 workers of 2 for evacuation
[174.292s][info][gc,phases   ] GC(324)   Pre Evacuate Collection Set: 0.16ms
[174.292s][info][gc,phases   ] GC(324)   Merge Heap Roots: 0.19ms
[174.292s][info][gc,phases   ] GC(324)   Evacuate Collection Set: 53.00ms
[174.292s][info][gc,phases   ] GC(324)   Post Evacuate Collection Set: 0.55ms
[174.292s][info][gc,phases   ] GC(324)   Other: 0.07ms
[174.292s][info][gc,heap     ] GC(324) Eden regions: 121->0(108)
[174.292s][info][gc,heap     ] GC(324) Survivor regions: 20->18(18)
[174.292s][info][gc,heap     ] GC(324) Old regions: 72->80
[174.292s][info][gc,heap     ] GC(324) Humongous regions: 3->3
[174.292s][info][gc,metaspace] GC(324) Metaspace: 41794K(42240K)->41794K(42240K) NonClass: 37449K(37760K)->37449K(37760K) Class: 4345K(4480K)->4345K(4480K)
[174.292s][info][gc          ] GC(324) Pause Young (Mixed) (G1 Evacuation Pause) 216M->100M(261M) 54.172ms
[174.292s][info][gc,cpu      ] GC(324) User=0.10s Sys=0.00s Real=0.06s
[174.884s][info][gc,start    ] GC(325) Pause Young (Concurrent Start) (G1 Evacuation Pause)
[174.884s][info][gc,task     ] GC(325) Using 2 workers of 2 for evacuation
[174.952s][info][gc,phases   ] GC(325)   Pre Evacuate Collection Set: 0.18ms
[174.952s][info][gc,phases   ] GC(325)   Merge Heap Roots: 0.27ms
[174.952s][info][gc,phases   ] GC(325)   Evacuate Collection Set: 66.17ms
[174.952s][info][gc,phases   ] GC(325)   Post Evacuate Collection Set: 0.52ms
[174.952s][info][gc,phases   ] GC(325)   Other: 0.09ms
[174.952s][info][gc,heap     ] GC(325) Eden regions: 108->0(82)
[174.952s][info][gc,heap     ] GC(325) Survivor regions: 18->16(16)
[174.952s][info][gc,heap     ] GC(325) Old regions: 80->113
[174.952s][info][gc,heap     ] GC(325) Humongous regions: 3->3
[174.952s][info][gc,metaspace] GC(325) Metaspace: 41794K(42240K)->41794K(42240K) NonClass: 37449K(37760K)->37449K(37760K) Class: 4345K(4480K)->4345K(4480K)
[174.952s][info][gc          ] GC(325) Pause Young (Concurrent Start) (G1 Evacuation Pause) 208M->132M(261M) 67.471ms
[174.952s][info][gc          ] GC(326) Concurrent Mark Cycle
[174.952s][info][gc,marking  ] GC(326) Concurrent Scan Root Regions
[174.953s][info][gc,cpu      ] GC(325) User=0.14s Sys=0.00s Real=0.07s
[175.025s][info][gc,marking  ] GC(326) Concurrent Scan Root Regions 73.380ms
[175.025s][info][gc,marking  ] GC(326) Concurrent Mark
[175.025s][info][gc,marking  ] GC(326) Concurrent Mark From Roots
[175.025s][info][gc,task     ] GC(326) Using 1 workers of 1 for marking
[175.242s][info][gc,marking  ] GC(326) Concurrent Mark From Roots 216.950ms
[175.242s][info][gc,marking  ] GC(326) Concurrent Preclean
[175.242s][info][gc,marking  ] GC(326) Concurrent Preclean 0.050ms
[175.243s][info][gc,start    ] GC(326) Pause Remark
[175.259s][info][gc          ] GC(326) Pause Remark 174M->174M(261M) 16.112ms
[175.259s][info][gc,cpu      ] GC(326) User=0.03s Sys=0.00s Real=0.01s
[175.259s][info][gc,marking  ] GC(326) Concurrent Mark 233.409ms
[175.259s][info][gc,marking  ] GC(326) Concurrent Rebuild Remembered Sets and Scrub Regions
[175.353s][info][gc,marking  ] GC(326) Concurrent Rebuild Remembered Sets and Scrub Regions 94.561ms
[175.353s][info][gc,start    ] GC(326) Pause Cleanup
[175.354s][info][gc          ] GC(326) Pause Cleanup 185M->185M(261M) 0.073ms
[175.354s][info][gc,cpu      ] GC(326) User=0.00s Sys=0.00s Real=0.00s
[175.354s][info][gc,marking  ] GC(326) Concurrent Clear Claimed Marks
[175.354s][info][gc,marking  ] GC(326) Concurrent Clear Claimed Marks 0.047ms
[175.354s][info][gc,marking  ] GC(326) Concurrent Cleanup for Next Mark
[175.354s][info][gc,marking  ] GC(326) Concurrent Cleanup for Next Mark 0.832ms
[175.355s][info][gc          ] GC(326) Concurrent Mark Cycle 402.643ms
[175.528s][info][gc,start    ] GC(327) Pause Young (Prepare Mixed) (G1 Evacuation Pause)
[175.528s][info][gc,task     ] GC(327) Using 2 workers of 2 for evacuation
[175.580s][info][gc,phases   ] GC(327)   Pre Evacuate Collection Set: 0.17ms
[175.580s][info][gc,phases   ] GC(327)   Merge Heap Roots: 0.42ms
[175.580s][info][gc,phases   ] GC(327)   Evacuate Collection Set: 50.99ms
[175.580s][info][gc,phases   ] GC(327)   Post Evacuate Collection Set: 0.49ms
[175.580s][info][gc,phases   ] GC(327)   Other: 0.07ms
[175.580s][info][gc,heap     ] GC(327) Eden regions: 82->0(63)
[175.580s][info][gc,heap     ] GC(327) Survivor regions: 16->13(13)
[175.580s][info][gc,heap     ] GC(327) Old regions: 113->140
[175.580s][info][gc,heap     ] GC(327) Humongous regions: 3->3
[175.580s][info][gc,metaspace] GC(327) Metaspace: 41794K(42240K)->41794K(42240K) NonClass: 37449K(37760K)->37449K(37760K) Class: 4345K(4480K)->4345K(4480K)
[175.580s][info][gc          ] GC(327) Pause Young (Prepare Mixed) (G1 Evacuation Pause) 214M->155M(261M) 52.346ms
[175.580s][info][gc,cpu      ] GC(327) User=0.11s Sys=0.00s Real=0.05s
[175.895s][info][gc,start    ] GC(328) Pause Young (Mixed) (G1 Evacuation Pause)
[175.895s][info][gc,task     ] GC(328) Using 2 workers of 2 for evacuation
[175.948s][info][gc,phases   ] GC(328)   Pre Evacuate Collection Set: 0.16ms
[175.948s][info][gc,phases   ] GC(328)   Merge Heap Roots: 0.61ms
[175.948s][info][gc,phases   ] GC(328)   Evacuate Collection Set: 51.18ms
[175.948s][info][gc,phases   ] GC(328)   Post Evacuate Collection Set: 0.52ms
[175.948s][info][gc,phases   ] GC(328)   Other: 0.08ms
[175.948s][info][gc,heap     ] GC(328) Eden regions: 63->0(56)
[175.948s][info][gc,heap     ] GC(328) Survivor regions: 13->10(10)
[175.948s][info][gc,heap     ] GC(328) Old regions: 140->155
[175.948s][info][gc,heap     ] GC(328) Humongous regions: 5->3
[175.948s][info][gc,metaspace] GC(328) Metaspace: 41795K(42240K)->41795K(42240K) NonClass: 37450K(37760K)->37450K(37760K) Class: 4345K(4480K)->4345K(4480K)
[175.948s][info][gc          ] GC(328) Pause Young (Mixed) (G1 Evacuation Pause) 220M->167M(261M) 52.748ms
[175.948s][info][gc,cpu      ] GC(328) User=0.10s Sys=0.00s Real=0.05s
[176.209s][info][gc,start    ] GC(329) Pause Young (Concurrent Start) (G1 Evacuation Pause)
[176.209s][info][gc,task     ] GC(329) Using 2 workers of 2 for evacuation
[176.237s][info][gc,phases   ] GC(329)   Pre Evacuate Collection Set: 1.41ms
[176.237s][info][gc,phases   ] GC(329)   Merge Heap Roots: 0.12ms
[176.237s][info][gc,phases   ] GC(329)   Evacuate Collection Set: 24.89ms
[176.237s][info][gc,phases   ] GC(329)   Post Evacuate Collection Set: 1.45ms
[176.237s][info][gc,phases   ] GC(329)   Other: 0.12ms
[176.237s][info][gc,heap     ] GC(329) Eden regions: 56->0(157)
[176.237s][info][gc,heap     ] GC(329) Survivor regions: 10->8(9)
[176.237s][info][gc,heap     ] GC(329) Old regions: 155->163
[176.237s][info][gc,heap     ] GC(329) Humongous regions: 3->3
[176.237s][info][gc,metaspace] GC(329) Metaspace: 41795K(42240K)->41795K(42240K) NonClass: 37450K(37760K)->37450K(37760K) Class: 4345K(4480K)->4345K(4480K)
[176.237s][info][gc          ] GC(329) Pause Young (Concurrent Start) (G1 Evacuation Pause) 223M->173M(405M) 28.185ms
[176.237s][info][gc,cpu      ] GC(329) User=0.05s Sys=0.00s Real=0.03s
[176.237s][info][gc          ] GC(330) Concurrent Mark Cycle
[176.237s][info][gc,marking  ] GC(330) Concurrent Scan Root Regions
[176.271s][info][gc,marking  ] GC(330) Concurrent Scan Root Regions 33.919ms
[176.271s][info][gc,marking  ] GC(330) Concurrent Mark
[176.271s][info][gc,marking  ] GC(330) Concurrent Mark From Roots
[176.271s][info][gc,task     ] GC(330) Using 1 workers of 1 for marking
[176.424s][info][gc,marking  ] GC(330) Concurrent Mark From Roots 153.096ms
[176.424s][info][gc,marking  ] GC(330) Concurrent Preclean
[176.424s][info][gc,marking  ] GC(330) Concurrent Preclean 0.049ms
[176.425s][info][gc,start    ] GC(330) Pause Remark
[176.440s][info][gc          ] GC(330) Pause Remark 199M->198M(405M) 15.641ms
[176.440s][info][gc,cpu      ] GC(330) User=0.03s Sys=0.00s Real=0.01s
[176.441s][info][gc,marking  ] GC(330) Concurrent Mark 170.051ms
[176.441s][info][gc,marking  ] GC(330) Concurrent Rebuild Remembered Sets and Scrub Regions
[176.528s][info][gc,marking  ] GC(330) Concurrent Rebuild Remembered Sets and Scrub Regions 86.937ms
[176.528s][info][gc,start    ] GC(330) Pause Cleanup
[176.528s][info][gc          ] GC(330) Pause Cleanup 215M->215M(405M) 0.089ms
[176.529s][info][gc,cpu      ] GC(330) User=0.00s Sys=0.00s Real=0.00s
[176.529s][info][gc,marking  ] GC(330) Concurrent Clear Claimed Marks
[176.529s][info][gc,marking  ] GC(330) Concurrent Clear Claimed Marks 0.039ms
[176.529s][info][gc,marking  ] GC(330) Concurrent Cleanup for Next Mark
[176.531s][info][gc,marking  ] GC(330) Concurrent Cleanup for Next Mark 2.753ms
[176.531s][info][gc          ] GC(330) Concurrent Mark Cycle 294.156ms
[177.071s][info][gc,start    ] GC(331) Pause Young (Prepare Mixed) (G1 Evacuation Pause)
[177.071s][info][gc,task     ] GC(331) Using 2 workers of 2 for evacuation
[177.092s][info][gc,phases   ] GC(331)   Pre Evacuate Collection Set: 0.29ms
[177.092s][info][gc,phases   ] GC(331)   Merge Heap Roots: 0.19ms
[177.092s][info][gc,phases   ] GC(331)   Evacuate Collection Set: 20.61ms
[177.092s][info][gc,phases   ] GC(331)   Post Evacuate Collection Set: 0.46ms
[177.092s][info][gc,phases   ] GC(331)   Other: 0.09ms
[177.092s][info][gc,heap     ] GC(331) Eden regions: 157->0(156)
[177.092s][info][gc,heap     ] GC(331) Survivor regions: 8->18(21)
[177.092s][info][gc,heap     ] GC(331) Old regions: 162->162
[177.092s][info][gc,heap     ] GC(331) Humongous regions: 13->3
[177.092s][info][gc,metaspace] GC(331) Metaspace: 41796K(42240K)->41796K(42240K) NonClass: 37451K(37760K)->37451K(37760K) Class: 4345K(4480K)->4345K(4480K)
[177.093s][info][gc          ] GC(331) Pause Young (Prepare Mixed) (G1 Evacuation Pause) 339M->183M(405M) 21.823ms
[177.093s][info][gc,cpu      ] GC(331) User=0.04s Sys=0.00s Real=0.03s
[177.641s][info][gc,start    ] GC(332) Pause Young (Mixed) (G1 Evacuation Pause)
[177.641s][info][gc,task     ] GC(332) Using 2 workers of 2 for evacuation
[177.689s][info][gc,phases   ] GC(332)   Pre Evacuate Collection Set: 0.23ms
[177.689s][info][gc,phases   ] GC(332)   Merge Heap Roots: 0.21ms
[177.689s][info][gc,phases   ] GC(332)   Evacuate Collection Set: 46.57ms
[177.689s][info][gc,phases   ] GC(332)   Post Evacuate Collection Set: 0.68ms
[177.689s][info][gc,phases   ] GC(332)   Other: 0.08ms
[177.689s][info][gc,heap     ] GC(332) Eden regions: 156->0(144)
[177.689s][info][gc,heap     ] GC(332) Survivor regions: 18->22(22)
[177.689s][info][gc,heap     ] GC(332) Old regions: 162->156
[177.689s][info][gc,heap     ] GC(332) Humongous regions: 6->4
[177.689s][info][gc,metaspace] GC(332) Metaspace: 41802K(42240K)->41802K(42240K) NonClass: 37457K(37760K)->37457K(37760K) Class: 4345K(4480K)->4345K(4480K)
[177.689s][info][gc          ] GC(332) Pause Young (Mixed) (G1 Evacuation Pause) 342M->181M(405M) 48.004ms
[177.689s][info][gc,cpu      ] GC(332) User=0.09s Sys=0.00s Real=0.04s
[178.191s][info][gc,start    ] GC(333) Pause Young (Mixed) (G1 Evacuation Pause)
[178.191s][info][gc,task     ] GC(333) Using 2 workers of 2 for evacuation
[178.233s][info][gc,phases   ] GC(333)   Pre Evacuate Collection Set: 0.23ms
[178.233s][info][gc,phases   ] GC(333)   Merge Heap Roots: 0.57ms
[178.233s][info][gc,phases   ] GC(333)   Evacuate Collection Set: 40.54ms
[178.233s][info][gc,phases   ] GC(333)   Post Evacuate Collection Set: 0.52ms
[178.233s][info][gc,phases   ] GC(333)   Other: 0.10ms
[178.234s][info][gc,heap     ] GC(333) Eden regions: 144->0(171)
[178.234s][info][gc,heap     ] GC(333) Survivor regions: 22->8(21)
[178.234s][info][gc,heap     ] GC(333) Old regions: 156->147
[178.234s][info][gc,heap     ] GC(333) Humongous regions: 5->4
[178.234s][info][gc,metaspace] GC(333) Metaspace: 41802K(42240K)->41802K(42240K) NonClass: 37457K(37760K)->37457K(37760K) Class: 4345K(4480K)->4345K(4480K)
[178.234s][info][gc          ] GC(333) Pause Young (Mixed) (G1 Evacuation Pause) 326M->158M(405M) 42.175ms
[178.234s][info][gc,cpu      ] GC(333) User=0.08s Sys=0.00s Real=0.04s
[178.832s][info][gc,start    ] GC(334) Pause Young (Normal) (G1 Evacuation Pause)
[178.832s][info][gc,task     ] GC(334) Using 2 workers of 2 for evacuation
[178.840s][info][gc,phases   ] GC(334)   Pre Evacuate Collection Set: 0.28ms
[178.840s][info][gc,phases   ] GC(334)   Merge Heap Roots: 0.10ms
[178.840s][info][gc,phases   ] GC(334)   Evacuate Collection Set: 6.97ms
[178.840s][info][gc,phases   ] GC(334)   Post Evacuate Collection Set: 0.45ms
[178.840s][info][gc,phases   ] GC(334)   Other: 0.08ms
[178.840s][info][gc,heap     ] GC(334) Eden regions: 171->0(182)
[178.840s][info][gc,heap     ] GC(334) Survivor regions: 8->8(23)
[178.840s][info][gc,heap     ] GC(334) Old regions: 147->147
[178.840s][info][gc,heap     ] GC(334) Humongous regions: 6->4
[178.840s][info][gc,metaspace] GC(334) Metaspace: 41807K(42240K)->41807K(42240K) NonClass: 37462K(37760K)->37462K(37760K) Class: 4345K(4480K)->4345K(4480K)
[178.840s][info][gc          ] GC(334) Pause Young (Normal) (G1 Evacuation Pause) 331M->158M(405M) 8.102ms
[178.840s][info][gc,cpu      ] GC(334) User=0.02s Sys=0.00s Real=0.00s
[179.514s][info][gc,start    ] GC(335) Pause Young (Normal) (G1 Evacuation Pause)
[179.514s][info][gc,task     ] GC(335) Using 2 workers of 2 for evacuation
[179.524s][info][gc,phases   ] GC(335)   Pre Evacuate Collection Set: 0.21ms
[179.524s][info][gc,phases   ] GC(335)   Merge Heap Roots: 0.10ms
[179.524s][info][gc,phases   ] GC(335)   Evacuate Collection Set: 8.89ms
[179.524s][info][gc,phases   ] GC(335)   Post Evacuate Collection Set: 0.45ms
[179.524s][info][gc,phases   ] GC(335)   Other: 0.10ms
[179.524s][info][gc,heap     ] GC(335) Eden regions: 182->0(187)
[179.524s][info][gc,heap     ] GC(335) Survivor regions: 8->11(24)
[179.524s][info][gc,heap     ] GC(335) Old regions: 147->147
[179.524s][info][gc,heap     ] GC(335) Humongous regions: 4->4
[179.524s][info][gc,metaspace] GC(335) Metaspace: 41809K(42240K)->41809K(42240K) NonClass: 37463K(37760K)->37463K(37760K) Class: 4345K(4480K)->4345K(4480K)
[179.524s][info][gc          ] GC(335) Pause Young (Normal) (G1 Evacuation Pause) 340M->161M(405M) 9.954ms
[179.524s][info][gc,cpu      ] GC(335) User=0.01s Sys=0.00s Real=0.01s
[179.732s][info][gc,start    ] GC(336) Pause Young (Concurrent Start) (G1 Humongous Allocation)
[179.732s][info][gc,task     ] GC(336) Using 2 workers of 2 for evacuation
[179.761s][info][gc,phases   ] GC(336)   Pre Evacuate Collection Set: 0.24ms
[179.761s][info][gc,phases   ] GC(336)   Merge Heap Roots: 0.08ms
[179.761s][info][gc,phases   ] GC(336)   Evacuate Collection Set: 28.68ms
[179.761s][info][gc,phases   ] GC(336)   Post Evacuate Collection Set: 0.43ms
[179.761s][info][gc,phases   ] GC(336)   Other: 0.12ms
[179.761s][info][gc,heap     ] GC(336) Eden regions: 56->0(105)
[179.761s][info][gc,heap     ] GC(336) Survivor regions: 11->25(25)
[179.761s][info][gc,heap     ] GC(336) Old regions: 147->166
[179.761s][info][gc,heap     ] GC(336) Humongous regions: 4->4
[179.761s][info][gc,metaspace] GC(336) Metaspace: 41809K(42240K)->41809K(42240K) NonClass: 37463K(37760K)->37463K(37760K) Class: 4345K(4480K)->4345K(4480K)
[179.761s][info][gc          ] GC(336) Pause Young (Concurrent Start) (G1 Humongous Allocation) 217M->194M(405M) 29.776ms
[179.761s][info][gc          ] GC(337) Concurrent Mark Cycle
[179.761s][info][gc,marking  ] GC(337) Concurrent Scan Root Regions
[179.762s][info][gc,cpu      ] GC(336) User=0.06s Sys=0.00s Real=0.03s
[179.780s][info][gc,marking  ] GC(337) Concurrent Scan Root Regions 18.918ms
[179.780s][info][gc,marking  ] GC(337) Concurrent Mark
[179.780s][info][gc,marking  ] GC(337) Concurrent Mark From Roots
[179.780s][info][gc,task     ] GC(337) Using 1 workers of 1 for marking
[179.886s][info][gc,marking  ] GC(337) Concurrent Mark From Roots 105.235ms
[179.886s][info][gc,marking  ] GC(337) Concurrent Preclean
[179.886s][info][gc,marking  ] GC(337) Concurrent Preclean 0.043ms
[179.886s][info][gc,start    ] GC(337) Pause Remark
[179.902s][info][gc          ] GC(337) Pause Remark 217M->207M(405M) 15.861ms
[179.902s][info][gc,cpu      ] GC(337) User=0.03s Sys=0.00s Real=0.02s
[179.902s][info][gc,marking  ] GC(337) Concurrent Mark 121.487ms
[179.902s][info][gc,marking  ] GC(337) Concurrent Rebuild Remembered Sets and Scrub Regions
[179.977s][info][gc,marking  ] GC(337) Concurrent Rebuild Remembered Sets and Scrub Regions 74.872ms
[179.977s][info][gc,start    ] GC(337) Pause Cleanup
[179.977s][info][gc          ] GC(337) Pause Cleanup 225M->225M(405M) 0.077ms
[179.977s][info][gc,cpu      ] GC(337) User=0.00s Sys=0.00s Real=0.00s
[179.977s][info][gc,marking  ] GC(337) Concurrent Clear Claimed Marks
[179.977s][info][gc,marking  ] GC(337) Concurrent Clear Claimed Marks 0.043ms
[179.977s][info][gc,marking  ] GC(337) Concurrent Cleanup for Next Mark
[179.978s][info][gc,marking  ] GC(337) Concurrent Cleanup for Next Mark 1.184ms
[179.978s][info][gc          ] GC(337) Concurrent Mark Cycle 216.890ms
[180.208s][info][gc,start    ] GC(338) Pause Young (Prepare Mixed) (G1 Evacuation Pause)
[180.208s][info][gc,task     ] GC(338) Using 2 workers of 2 for evacuation
[180.243s][info][gc,phases   ] GC(338)   Pre Evacuate Collection Set: 0.22ms
[180.243s][info][gc,phases   ] GC(338)   Merge Heap Roots: 0.24ms
[180.243s][info][gc,phases   ] GC(338)   Evacuate Collection Set: 33.67ms
[180.243s][info][gc,phases   ] GC(338)   Post Evacuate Collection Set: 0.40ms
[180.243s][info][gc,phases   ] GC(338)   Other: 0.10ms
[180.243s][info][gc,heap     ] GC(338) Eden regions: 105->0(102)
[180.243s][info][gc,heap     ] GC(338) Survivor regions: 25->17(17)
[180.243s][info][gc,heap     ] GC(338) Old regions: 156->186
[180.243s][info][gc,heap     ] GC(338) Humongous regions: 5->5
[180.243s][info][gc,metaspace] GC(338) Metaspace: 41809K(42240K)->41809K(42240K) NonClass: 37464K(37760K)->37464K(37760K) Class: 4345K(4480K)->4345K(4480K)
[180.243s][info][gc          ] GC(338) Pause Young (Prepare Mixed) (G1 Evacuation Pause) 290M->207M(405M) 34.873ms
[180.243s][info][gc,cpu      ] GC(338) User=0.06s Sys=0.00s Real=0.04s
[180.608s][info][gc,start    ] GC(339) Pause Young (Mixed) (G1 Evacuation Pause)
[180.608s][info][gc,task     ] GC(339) Using 2 workers of 2 for evacuation
[180.661s][info][gc,phases   ] GC(339)   Pre Evacuate Collection Set: 0.22ms
[180.661s][info][gc,phases   ] GC(339)   Merge Heap Roots: 0.21ms
[180.661s][info][gc,phases   ] GC(339)   Evacuate Collection Set: 52.16ms
[180.661s][info][gc,phases   ] GC(339)   Post Evacuate Collection Set: 0.53ms
[180.661s][info][gc,phases   ] GC(339)   Other: 0.10ms
[180.661s][info][gc,heap     ] GC(339) Eden regions: 102->0(87)
[180.661s][info][gc,heap     ] GC(339) Survivor regions: 17->15(15)
[180.661s][info][gc,heap     ] GC(339) Old regions: 186->204
[180.661s][info][gc,heap     ] GC(339) Humongous regions: 5->5
[180.661s][info][gc,metaspace] GC(339) Metaspace: 41809K(42240K)->41809K(42240K) NonClass: 37464K(37760K)->37464K(37760K) Class: 4345K(4480K)->4345K(4480K)
[180.662s][info][gc          ] GC(339) Pause Young (Mixed) (G1 Evacuation Pause) 309M->224M(405M) 53.449ms
[180.662s][info][gc,cpu      ] GC(339) User=0.10s Sys=0.00s Real=0.06s
[180.986s][info][gc,start    ] GC(340) Pause Young (Mixed) (G1 Evacuation Pause)
[180.986s][info][gc,task     ] GC(340) Using 2 workers of 2 for evacuation
[181.053s][info][gc,phases   ] GC(340)   Pre Evacuate Collection Set: 0.31ms
[181.053s][info][gc,phases   ] GC(340)   Merge Heap Roots: 0.56ms
[181.053s][info][gc,phases   ] GC(340)   Evacuate Collection Set: 65.01ms
[181.053s][info][gc,phases   ] GC(340)   Post Evacuate Collection Set: 0.98ms
[181.053s][info][gc,phases   ] GC(340)   Other: 0.08ms
[181.053s][info][gc,heap     ] GC(340) Eden regions: 87->0(91)
[181.053s][info][gc,heap     ] GC(340) Survivor regions: 15->13(13)
[181.053s][info][gc,heap     ] GC(340) Old regions: 204->242
[181.053s][info][gc,heap     ] GC(340) Humongous regions: 6->6
[181.053s][info][gc,metaspace] GC(340) Metaspace: 41809K(42240K)->41809K(42240K) NonClass: 37464K(37760K)->37464K(37760K) Class: 4345K(4480K)->4345K(4480K)
[181.053s][info][gc          ] GC(340) Pause Young (Mixed) (G1 Evacuation Pause) 312M->261M(465M) 67.152ms
[181.053s][info][gc,cpu      ] GC(340) User=0.13s Sys=0.00s Real=0.07s
[181.450s][info][gc,start    ] GC(341) Pause Young (Normal) (G1 Evacuation Pause)
[181.450s][info][gc,task     ] GC(341) Using 2 workers of 2 for evacuation
[181.505s][info][gc,phases   ] GC(341)   Pre Evacuate Collection Set: 0.22ms
[181.505s][info][gc,phases   ] GC(341)   Merge Heap Roots: 0.28ms
[181.505s][info][gc,phases   ] GC(341)   Evacuate Collection Set: 53.83ms
[181.505s][info][gc,phases   ] GC(341)   Post Evacuate Collection Set: 0.45ms
[181.505s][info][gc,phases   ] GC(341)   Other: 0.07ms
[181.505s][info][gc,heap     ] GC(341) Eden regions: 91->0(61)
[181.505s][info][gc,heap     ] GC(341) Survivor regions: 13->13(13)
[181.505s][info][gc,heap     ] GC(341) Old regions: 242->299
[181.505s][info][gc,heap     ] GC(341) Humongous regions: 7->7
[181.505s][info][gc,metaspace] GC(341) Metaspace: 41809K(42240K)->41809K(42240K) NonClass: 37464K(37760K)->37464K(37760K) Class: 4345K(4480K)->4345K(4480K)
[181.505s][info][gc          ] GC(341) Pause Young (Normal) (G1 Evacuation Pause) 353M->318M(465M) 55.114ms
[181.505s][info][gc,cpu      ] GC(341) User=0.11s Sys=0.00s Real=0.06s
[181.759s][info][gc,start    ] GC(342) Pause Young (Concurrent Start) (G1 Evacuation Pause)
[181.759s][info][gc,task     ] GC(342) Using 2 workers of 2 for evacuation
[181.801s][info][gc,phases   ] GC(342)   Pre Evacuate Collection Set: 0.27ms
[181.801s][info][gc,phases   ] GC(342)   Merge Heap Roots: 0.27ms
[181.801s][info][gc,phases   ] GC(342)   Evacuate Collection Set: 40.44ms
[181.801s][info][gc,phases   ] GC(342)   Post Evacuate Collection Set: 0.38ms
[181.801s][info][gc,phases   ] GC(342)   Other: 0.09ms
[181.801s][info][gc,heap     ] GC(342) Eden regions: 61->0(46)
[181.801s][info][gc,heap     ] GC(342) Survivor regions: 13->10(10)
[181.801s][info][gc,heap     ] GC(342) Old regions: 299->338
[181.801s][info][gc,heap     ] GC(342) Humongous regions: 7->7
[181.801s][info][gc,metaspace] GC(342) Metaspace: 41809K(42240K)->41809K(42240K) NonClass: 37464K(37760K)->37464K(37760K) Class: 4345K(4480K)->4345K(4480K)
[181.801s][info][gc          ] GC(342) Pause Young (Concurrent Start) (G1 Evacuation Pause) 379M->355M(465M) 41.671ms
[181.801s][info][gc,cpu      ] GC(342) User=0.08s Sys=0.00s Real=0.04s
[181.801s][info][gc          ] GC(343) Concurrent Mark Cycle
[181.801s][info][gc,marking  ] GC(343) Concurrent Scan Root Regions
[181.828s][info][gc,marking  ] GC(343) Concurrent Scan Root Regions 26.541ms
[181.828s][info][gc,marking  ] GC(343) Concurrent Mark
[181.828s][info][gc,marking  ] GC(343) Concurrent Mark From Roots
[181.828s][info][gc,task     ] GC(343) Using 1 workers of 1 for marking
[181.984s][info][gc,start    ] GC(344) Pause Young (Normal) (G1 Evacuation Pause)
[181.984s][info][gc,task     ] GC(344) Using 2 workers of 2 for evacuation
[182.016s][info][gc,phases   ] GC(344)   Pre Evacuate Collection Set: 0.23ms
[182.016s][info][gc,phases   ] GC(344)   Merge Heap Roots: 0.16ms
[182.016s][info][gc,phases   ] GC(344)   Evacuate Collection Set: 31.49ms
[182.016s][info][gc,phases   ] GC(344)   Post Evacuate Collection Set: 0.37ms
[182.016s][info][gc,phases   ] GC(344)   Other: 0.08ms
[182.016s][info][gc,heap     ] GC(344) Eden regions: 46->0(29)
[182.016s][info][gc,heap     ] GC(344) Survivor regions: 10->7(7)
[182.016s][info][gc,heap     ] GC(344) Old regions: 338->377
[182.016s][info][gc,heap     ] GC(344) Humongous regions: 7->7
[182.017s][info][gc,metaspace] GC(344) Metaspace: 41809K(42240K)->41809K(42240K) NonClass: 37464K(37760K)->37464K(37760K) Class: 4345K(4480K)->4345K(4480K)
[182.017s][info][gc          ] GC(344) Pause Young (Normal) (G1 Evacuation Pause) 400M->390M(465M) 32.572ms
[182.017s][info][gc,cpu      ] GC(344) User=0.06s Sys=0.00s Real=0.03s
[182.025s][info][gc,marking  ] GC(343) Concurrent Mark From Roots 197.201ms
[182.025s][info][gc,marking  ] GC(343) Concurrent Preclean
[182.025s][info][gc,marking  ] GC(343) Concurrent Preclean 0.046ms
[182.025s][info][gc,start    ] GC(343) Pause Remark
[182.041s][info][gc          ] GC(343) Pause Remark 392M->335M(557M) 16.420ms
[182.042s][info][gc,cpu      ] GC(343) User=0.03s Sys=0.00s Real=0.02s
[182.042s][info][gc,marking  ] GC(343) Concurrent Mark 213.980ms
[182.042s][info][gc,marking  ] GC(343) Concurrent Rebuild Remembered Sets and Scrub Regions
[182.172s][info][gc,start    ] GC(345) Pause Young (Normal) (G1 Evacuation Pause)
[182.172s][info][gc,task     ] GC(345) Using 2 workers of 2 for evacuation
[182.197s][info][gc,phases   ] GC(345)   Pre Evacuate Collection Set: 0.40ms
[182.197s][info][gc,phases   ] GC(345)   Merge Heap Roots: 0.27ms
[182.197s][info][gc,phases   ] GC(345)   Evacuate Collection Set: 23.49ms
[182.197s][info][gc,phases   ] GC(345)   Post Evacuate Collection Set: 1.43ms
[182.197s][info][gc,phases   ] GC(345)   Other: 0.10ms
[182.197s][info][gc,heap     ] GC(345) Eden regions: 29->0(133)
[182.197s][info][gc,heap     ] GC(345) Survivor regions: 7->5(5)
[182.197s][info][gc,heap     ] GC(345) Old regions: 322->342
[182.197s][info][gc,heap     ] GC(345) Humongous regions: 6->6
[182.197s][info][gc,metaspace] GC(345) Metaspace: 41809K(42240K)->41809K(42240K) NonClass: 37464K(37760K)->37464K(37760K) Class: 4345K(4480K)->4345K(4480K)
[182.197s][info][gc          ] GC(345) Pause Young (Normal) (G1 Evacuation Pause) 363M->352M(685M) 25.936ms
[182.198s][info][gc,cpu      ] GC(345) User=0.04s Sys=0.00s Real=0.02s
[182.204s][info][gc,marking  ] GC(343) Concurrent Rebuild Remembered Sets and Scrub Regions 162.180ms
[182.204s][info][gc,start    ] GC(343) Pause Cleanup
[182.204s][info][gc          ] GC(343) Pause Cleanup 353M->353M(685M) 0.140ms
[182.204s][info][gc,cpu      ] GC(343) User=0.00s Sys=0.00s Real=0.00s
[182.204s][info][gc,marking  ] GC(343) Concurrent Clear Claimed Marks
[182.204s][info][gc,marking  ] GC(343) Concurrent Clear Claimed Marks 0.046ms
[182.204s][info][gc,marking  ] GC(343) Concurrent Cleanup for Next Mark
[182.210s][info][gc,marking  ] GC(343) Concurrent Cleanup for Next Mark 5.316ms
[182.210s][info][gc          ] GC(343) Concurrent Mark Cycle 408.574ms
[182.826s][info][gc,start    ] GC(346) Pause Young (Prepare Mixed) (G1 Evacuation Pause)
[182.826s][info][gc,task     ] GC(346) Using 2 workers of 2 for evacuation
[182.875s][info][gc,phases   ] GC(346)   Pre Evacuate Collection Set: 0.28ms
[182.875s][info][gc,phases   ] GC(346)   Merge Heap Roots: 0.32ms
[182.875s][info][gc,phases   ] GC(346)   Evacuate Collection Set: 47.56ms
[182.875s][info][gc,phases   ] GC(346)   Post Evacuate Collection Set: 0.61ms
[182.875s][info][gc,phases   ] GC(346)   Other: 0.10ms
[182.875s][info][gc,heap     ] GC(346) Eden regions: 133->0(124)
[182.875s][info][gc,heap     ] GC(346) Survivor regions: 5->18(18)
[182.875s][info][gc,heap     ] GC(346) Old regions: 342->370
[182.875s][info][gc,heap     ] GC(346) Humongous regions: 7->6
[182.875s][info][gc,metaspace] GC(346) Metaspace: 41809K(42240K)->41809K(42240K) NonClass: 37464K(37760K)->37464K(37760K) Class: 4345K(4480K)->4345K(4480K)
[182.875s][info][gc          ] GC(346) Pause Young (Prepare Mixed) (G1 Evacuation Pause) 486M->394M(685M) 49.106ms
[182.875s][info][gc,cpu      ] GC(346) User=0.09s Sys=0.01s Real=0.05s
[183.325s][info][gc,start    ] GC(347) Pause Young (Mixed) (G1 Evacuation Pause)
[183.325s][info][gc,task     ] GC(347) Using 2 workers of 2 for evacuation
[183.370s][info][gc,phases   ] GC(347)   Pre Evacuate Collection Set: 0.42ms
[183.370s][info][gc,phases   ] GC(347)   Merge Heap Roots: 0.55ms
[183.370s][info][gc,phases   ] GC(347)   Evacuate Collection Set: 43.53ms
[183.370s][info][gc,phases   ] GC(347)   Post Evacuate Collection Set: 0.68ms
[183.370s][info][gc,phases   ] GC(347)   Other: 0.08ms
[183.370s][info][gc,heap     ] GC(347) Eden regions: 124->0(152)
[183.370s][info][gc,heap     ] GC(347) Survivor regions: 18->18(18)
[183.370s][info][gc,heap     ] GC(347) Old regions: 370->324
[183.370s][info][gc,heap     ] GC(347) Humongous regions: 6->6
[183.370s][info][gc,metaspace] GC(347) Metaspace: 41811K(42240K)->41811K(42240K) NonClass: 37465K(37760K)->37465K(37760K) Class: 4345K(4480K)->4345K(4480K)
[183.370s][info][gc          ] GC(347) Pause Young (Mixed) (G1 Evacuation Pause) 518M->348M(685M) 45.475ms
[183.370s][info][gc,cpu      ] GC(347) User=0.09s Sys=0.00s Real=0.04s
[183.974s][info][gc,start    ] GC(348) Pause Young (Mixed) (G1 Evacuation Pause)
[183.974s][info][gc,task     ] GC(348) Using 2 workers of 2 for evacuation
[184.042s][info][gc,phases   ] GC(348)   Pre Evacuate Collection Set: 0.39ms
[184.042s][info][gc,phases   ] GC(348)   Merge Heap Roots: 1.48ms
[184.042s][info][gc,phases   ] GC(348)   Evacuate Collection Set: 66.13ms
[184.042s][info][gc,phases   ] GC(348)   Post Evacuate Collection Set: 0.65ms
[184.042s][info][gc,phases   ] GC(348)   Other: 0.07ms
[184.042s][info][gc,heap     ] GC(348) Eden regions: 152->0(180)
[184.042s][info][gc,heap     ] GC(348) Survivor regions: 18->4(22)
[184.042s][info][gc,heap     ] GC(348) Old regions: 324->307
[184.042s][info][gc,heap     ] GC(348) Humongous regions: 7->6
[184.042s][info][gc,metaspace] GC(348) Metaspace: 41811K(42240K)->41811K(42240K) NonClass: 37466K(37760K)->37466K(37760K) Class: 4345K(4480K)->4345K(4480K)
[184.043s][info][gc          ] GC(348) Pause Young (Mixed) (G1 Evacuation Pause) 501M->316M(685M) 68.953ms
[184.043s][info][gc,cpu      ] GC(348) User=0.13s Sys=0.01s Real=0.07s
[184.737s][info][gc,start    ] GC(349) Pause Young (Normal) (G1 Evacuation Pause)
[184.737s][info][gc,task     ] GC(349) Using 2 workers of 2 for evacuation
[184.742s][info][gc,phases   ] GC(349)   Pre Evacuate Collection Set: 0.25ms
[184.742s][info][gc,phases   ] GC(349)   Merge Heap Roots: 0.10ms
[184.742s][info][gc,phases   ] GC(349)   Evacuate Collection Set: 4.58ms
[184.742s][info][gc,phases   ] GC(349)   Post Evacuate Collection Set: 0.45ms
[184.742s][info][gc,phases   ] GC(349)   Other: 0.07ms
[184.742s][info][gc,heap     ] GC(349) Eden regions: 180->0(198)
[184.742s][info][gc,heap     ] GC(349) Survivor regions: 4->3(23)
[184.742s][info][gc,heap     ] GC(349) Old regions: 307->307
[184.742s][info][gc,heap     ] GC(349) Humongous regions: 7->6
[184.742s][info][gc,metaspace] GC(349) Metaspace: 41811K(42240K)->41811K(42240K) NonClass: 37466K(37760K)->37466K(37760K) Class: 4345K(4480K)->4345K(4480K)
[184.742s][info][gc          ] GC(349) Pause Young (Normal) (G1 Evacuation Pause) 497M->315M(685M) 5.669ms
[184.742s][info][gc,cpu      ] GC(349) User=0.01s Sys=0.00s Real=0.01s
[185.423s][info][gc,start    ] GC(350) Pause Young (Normal) (G1 Evacuation Pause)
[185.423s][info][gc,task     ] GC(350) Using 2 workers of 2 for evacuation
[185.460s][info][gc,phases   ] GC(350)   Pre Evacuate Collection Set: 0.24ms
[185.460s][info][gc,phases   ] GC(350)   Merge Heap Roots: 0.12ms
[185.460s][info][gc,phases   ] GC(350)   Evacuate Collection Set: 36.38ms
[185.460s][info][gc,phases   ] GC(350)   Post Evacuate Collection Set: 0.56ms
[185.460s][info][gc,phases   ] GC(350)   Other: 0.07ms
[185.460s][info][gc,heap     ] GC(350) Eden regions: 198->0(185)
[185.460s][info][gc,heap     ] GC(350) Survivor regions: 3->26(26)
[185.460s][info][gc,heap     ] GC(350) Old regions: 307->319
[185.460s][info][gc,heap     ] GC(350) Humongous regions: 8->6
[185.460s][info][gc,metaspace] GC(350) Metaspace: 41811K(42240K)->41811K(42240K) NonClass: 37466K(37760K)->37466K(37760K) Class: 4345K(4480K)->4345K(4480K)
[185.460s][info][gc          ] GC(350) Pause Young (Normal) (G1 Evacuation Pause) 515M->351M(685M) 37.585ms
[185.460s][info][gc,cpu      ] GC(350) User=0.06s Sys=0.02s Real=0.03s
[186.127s][info][gc,start    ] GC(351) Pause Young (Normal) (G1 Evacuation Pause)
[186.127s][info][gc,task     ] GC(351) Using 2 workers of 2 for evacuation
[186.177s][info][gc,phases   ] GC(351)   Pre Evacuate Collection Set: 0.25ms
[186.177s][info][gc,phases   ] GC(351)   Merge Heap Roots: 0.17ms
[186.177s][info][gc,phases   ] GC(351)   Evacuate Collection Set: 48.69ms
[186.177s][info][gc,phases   ] GC(351)   Post Evacuate Collection Set: 0.56ms
[186.177s][info][gc,phases   ] GC(351)   Other: 0.08ms
[186.177s][info][gc,heap     ] GC(351) Eden regions: 185->0(166)
[186.177s][info][gc,heap     ] GC(351) Survivor regions: 26->27(27)
[186.177s][info][gc,heap     ] GC(351) Old regions: 319->355
[186.177s][info][gc,heap     ] GC(351) Humongous regions: 8->7
[186.177s][info][gc,metaspace] GC(351) Metaspace: 41811K(42240K)->41811K(42240K) NonClass: 37466K(37760K)->37466K(37760K) Class: 4345K(4480K)->4345K(4480K)
[186.177s][info][gc          ] GC(351) Pause Young (Normal) (G1 Evacuation Pause) 538M->388M(685M) 50.000ms
[186.177s][info][gc,cpu      ] GC(351) User=0.09s Sys=0.01s Real=0.05s
[186.270s][info][gc,start    ] GC(352) Pause Young (Concurrent Start) (G1 Humongous Allocation)
[186.271s][info][gc,task     ] GC(352) Using 2 workers of 2 for evacuation
[186.297s][info][gc,phases   ] GC(352)   Pre Evacuate Collection Set: 0.26ms
[186.297s][info][gc,phases   ] GC(352)   Merge Heap Roots: 0.18ms
[186.297s][info][gc,phases   ] GC(352)   Evacuate Collection Set: 25.71ms
[186.297s][info][gc,phases   ] GC(352)   Post Evacuate Collection Set: 0.38ms
[186.297s][info][gc,phases   ] GC(352)   Other: 0.17ms
[186.297s][info][gc,heap     ] GC(352) Eden regions: 27->0(152)
[186.297s][info][gc,heap     ] GC(352) Survivor regions: 27->7(25)
[186.297s][info][gc,heap     ] GC(352) Old regions: 355->380
[186.297s][info][gc,heap     ] GC(352) Humongous regions: 7->7
[186.297s][info][gc,metaspace] GC(352) Metaspace: 41811K(42240K)->41811K(42240K) NonClass: 37466K(37760K)->37466K(37760K) Class: 4345K(4480K)->4345K(4480K)
[186.297s][info][gc          ] GC(352) Pause Young (Concurrent Start) (G1 Humongous Allocation) 415M->393M(685M) 26.900ms
[186.297s][info][gc,cpu      ] GC(352) User=0.05s Sys=0.00s Real=0.03s
[186.297s][info][gc          ] GC(353) Concurrent Mark Cycle
[186.297s][info][gc,marking  ] GC(353) Concurrent Scan Root Regions
[186.313s][info][gc,marking  ] GC(353) Concurrent Scan Root Regions 15.855ms
[186.313s][info][gc,marking  ] GC(353) Concurrent Mark
[186.313s][info][gc,marking  ] GC(353) Concurrent Mark From Roots
[186.313s][info][gc,task     ] GC(353) Using 1 workers of 1 for marking
[186.429s][info][gc,marking  ] GC(353) Concurrent Mark From Roots 115.267ms
[186.429s][info][gc,marking  ] GC(353) Concurrent Preclean
[186.429s][info][gc,marking  ] GC(353) Concurrent Preclean 0.054ms
[186.429s][info][gc,start    ] GC(353) Pause Remark
[186.444s][info][gc          ] GC(353) Pause Remark 423M->244M(685M) 15.586ms
[186.444s][info][gc,cpu      ] GC(353) User=0.03s Sys=0.00s Real=0.02s
[186.445s][info][gc,marking  ] GC(353) Concurrent Mark 131.190ms
[186.445s][info][gc,marking  ] GC(353) Concurrent Rebuild Remembered Sets and Scrub Regions
[186.506s][info][gc,marking  ] GC(353) Concurrent Rebuild Remembered Sets and Scrub Regions 60.991ms
[186.506s][info][gc,start    ] GC(353) Pause Cleanup
[186.506s][info][gc          ] GC(353) Pause Cleanup 262M->262M(685M) 0.099ms
[186.506s][info][gc,cpu      ] GC(353) User=0.00s Sys=0.00s Real=0.00s
[186.506s][info][gc,marking  ] GC(353) Concurrent Clear Claimed Marks
[186.506s][info][gc,marking  ] GC(353) Concurrent Clear Claimed Marks 0.040ms
[186.506s][info][gc,marking  ] GC(353) Concurrent Cleanup for Next Mark
[186.508s][info][gc,marking  ] GC(353) Concurrent Cleanup for Next Mark 1.990ms
[186.508s][info][gc          ] GC(353) Concurrent Mark Cycle 210.486ms
[186.879s][info][gc,start    ] GC(354) Pause Young (Prepare Mixed) (G1 Evacuation Pause)
[186.879s][info][gc,task     ] GC(354) Using 2 workers of 2 for evacuation
[186.920s][info][gc,phases   ] GC(354)   Pre Evacuate Collection Set: 0.24ms
[186.920s][info][gc,phases   ] GC(354)   Merge Heap Roots: 0.25ms
[186.920s][info][gc,phases   ] GC(354)   Evacuate Collection Set: 39.57ms
[186.920s][info][gc,phases   ] GC(354)   Post Evacuate Collection Set: 0.59ms
[186.920s][info][gc,phases   ] GC(354)   Other: 0.08ms
[186.920s][info][gc,heap     ] GC(354) Eden regions: 152->0(215)
[186.920s][info][gc,heap     ] GC(354) Survivor regions: 7->20(20)
[186.920s][info][gc,heap     ] GC(354) Old regions: 204->235
[186.920s][info][gc,heap     ] GC(354) Humongous regions: 6->4
[186.920s][info][gc,metaspace] GC(354) Metaspace: 41812K(42240K)->41812K(42240K) NonClass: 37467K(37760K)->37467K(37760K) Class: 4345K(4480K)->4345K(4480K)
[186.920s][info][gc          ] GC(354) Pause Young (Prepare Mixed) (G1 Evacuation Pause) 368M->259M(685M) 40.943ms
[186.920s][info][gc,cpu      ] GC(354) User=0.08s Sys=0.00s Real=0.04s
[187.592s][info][gc,start    ] GC(355) Pause Young (Mixed) (G1 Evacuation Pause)
[187.592s][info][gc,task     ] GC(355) Using 2 workers of 2 for evacuation
[187.621s][info][gc,phases   ] GC(355)   Pre Evacuate Collection Set: 0.30ms
[187.621s][info][gc,phases   ] GC(355)   Merge Heap Roots: 0.39ms
[187.621s][info][gc,phases   ] GC(355)   Evacuate Collection Set: 27.39ms
[187.621s][info][gc,phases   ] GC(355)   Post Evacuate Collection Set: 0.72ms
[187.621s][info][gc,phases   ] GC(355)   Other: 0.09ms
[187.621s][info][gc,heap     ] GC(355) Eden regions: 215->0(263)
[187.621s][info][gc,heap     ] GC(355) Survivor regions: 20->19(30)
[187.621s][info][gc,heap     ] GC(355) Old regions: 235->173
[187.621s][info][gc,heap     ] GC(355) Humongous regions: 6->6
[187.621s][info][gc,metaspace] GC(355) Metaspace: 41812K(42240K)->41812K(42240K) NonClass: 37467K(37760K)->37467K(37760K) Class: 4345K(4480K)->4345K(4480K)
[187.621s][info][gc          ] GC(355) Pause Young (Mixed) (G1 Evacuation Pause) 476M->197M(685M) 29.083ms
[187.621s][info][gc,cpu      ] GC(355) User=0.06s Sys=0.00s Real=0.02s
[188.541s][info][gc,start    ] GC(356) Pause Young (Mixed) (G1 Evacuation Pause)
[188.541s][info][gc,task     ] GC(356) Using 2 workers of 2 for evacuation
[188.566s][info][gc,phases   ] GC(356)   Pre Evacuate Collection Set: 0.25ms
[188.566s][info][gc,phases   ] GC(356)   Merge Heap Roots: 0.35ms
[188.566s][info][gc,phases   ] GC(356)   Evacuate Collection Set: 23.54ms
[188.566s][info][gc,phases   ] GC(356)   Post Evacuate Collection Set: 0.60ms
[188.566s][info][gc,phases   ] GC(356)   Other: 0.08ms
[188.566s][info][gc,heap     ] GC(356) Eden regions: 263->0(287)
[188.566s][info][gc,heap     ] GC(356) Survivor regions: 19->6(36)
[188.566s][info][gc,heap     ] GC(356) Old regions: 173->182
[188.566s][info][gc,heap     ] GC(356) Humongous regions: 7->4
[188.566s][info][gc,metaspace] GC(356) Metaspace: 41812K(42240K)->41812K(42240K) NonClass: 37467K(37760K)->37467K(37760K) Class: 4345K(4480K)->4345K(4480K)
[188.566s][info][gc          ] GC(356) Pause Young (Mixed) (G1 Evacuation Pause) 461M->192M(685M) 25.006ms
[188.566s][info][gc,cpu      ] GC(356) User=0.05s Sys=0.00s Real=0.03s
[189.118s][info][gc,start    ] GC(357) Pause Young (Normal) (G1 Evacuation Pause)
[189.118s][info][gc,task     ] GC(357) Using 2 workers of 2 for evacuation
[189.124s][info][gc,phases   ] GC(357)   Pre Evacuate Collection Set: 0.26ms
[189.124s][info][gc,phases   ] GC(357)   Merge Heap Roots: 0.09ms
[189.124s][info][gc,phases   ] GC(357)   Evacuate Collection Set: 4.87ms
[189.124s][info][gc,phases   ] GC(357)   Post Evacuate Collection Set: 0.51ms
[189.124s][info][gc,phases   ] GC(357)   Other: 0.07ms
[189.124s][info][gc,heap     ] GC(357) Eden regions: 287->0(308)
[189.124s][info][gc,heap     ] GC(357) Survivor regions: 6->7(37)
[189.124s][info][gc,heap     ] GC(357) Old regions: 182->182
[189.124s][info][gc,heap     ] GC(357) Humongous regions: 4->4
[189.124s][info][gc,metaspace] GC(357) Metaspace: 41816K(42240K)->41816K(42240K) NonClass: 37471K(37760K)->37471K(37760K) Class: 4345K(4480K)->4345K(4480K)
[189.124s][info][gc          ] GC(357) Pause Young (Normal) (G1 Evacuation Pause) 479M->193M(685M) 6.009ms
[189.124s][info][gc,cpu      ] GC(357) User=0.01s Sys=0.00s Real=0.01s
[189.513s][info][gc,start    ] GC(358) Pause Young (Concurrent Start) (G1 Humongous Allocation)
[189.513s][info][gc,task     ] GC(358) Using 2 workers of 2 for evacuation
[189.524s][info][gc,phases   ] GC(358)   Pre Evacuate Collection Set: 0.32ms
[189.524s][info][gc,phases   ] GC(358)   Merge Heap Roots: 0.07ms
[189.524s][info][gc,phases   ] GC(358)   Evacuate Collection Set: 9.53ms
[189.524s][info][gc,phases   ] GC(358)   Post Evacuate Collection Set: 0.46ms
[189.524s][info][gc,phases   ] GC(358)   Other: 0.12ms
[189.524s][info][gc,heap     ] GC(358) Eden regions: 155->0(327)
[189.524s][info][gc,heap     ] GC(358) Survivor regions: 7->10(40)
[189.524s][info][gc,heap     ] GC(358) Old regions: 182->182
[189.524s][info][gc,heap     ] GC(358) Humongous regions: 22->4
[189.524s][info][gc,metaspace] GC(358) Metaspace: 41838K(42304K)->41838K(42304K) NonClass: 37493K(37824K)->37493K(37824K) Class: 4345K(4480K)->4345K(4480K)
[189.524s][info][gc          ] GC(358) Pause Young (Concurrent Start) (G1 Humongous Allocation) 365M->195M(685M) 10.739ms
[189.524s][info][gc          ] GC(359) Concurrent Undo Cycle
[189.524s][info][gc,marking  ] GC(359) Concurrent Clear Claimed Marks
[189.524s][info][gc,marking  ] GC(359) Concurrent Clear Claimed Marks 0.038ms
[189.524s][info][gc,marking  ] GC(359) Concurrent Cleanup for Next Mark
[189.524s][info][gc,cpu      ] GC(358) User=0.02s Sys=0.00s Real=0.01s
[189.525s][info][gc,marking  ] GC(359) Concurrent Cleanup for Next Mark 1.454ms
[189.525s][info][gc          ] GC(359) Concurrent Undo Cycle 1.559ms
[189.531s][info][gc,start    ] GC(360) Pause Young (Concurrent Start) (G1 Humongous Allocation)
[189.531s][info][gc,task     ] GC(360) Using 2 workers of 2 for evacuation
[189.539s][info][gc,phases   ] GC(360)   Pre Evacuate Collection Set: 1.24ms
[189.539s][info][gc,phases   ] GC(360)   Merge Heap Roots: 0.05ms
[189.539s][info][gc,phases   ] GC(360)   Evacuate Collection Set: 7.00ms
[189.539s][info][gc,phases   ] GC(360)   Post Evacuate Collection Set: 0.33ms
[189.539s][info][gc,phases   ] GC(360)   Other: 0.09ms
[189.539s][info][gc,heap     ] GC(360) Eden regions: 1->0(349)
[189.539s][info][gc,heap     ] GC(360) Survivor regions: 10->10(43)
[189.539s][info][gc,heap     ] GC(360) Old regions: 182->182
[189.539s][info][gc,heap     ] GC(360) Humongous regions: 6->4
[189.539s][info][gc,metaspace] GC(360) Metaspace: 41838K(42304K)->41838K(42304K) NonClass: 37493K(37824K)->37493K(37824K) Class: 4345K(4480K)->4345K(4480K)
[189.540s][info][gc          ] GC(360) Pause Young (Concurrent Start) (G1 Humongous Allocation) 198M->195M(685M) 8.860ms
[189.540s][info][gc          ] GC(361) Concurrent Undo Cycle
[189.540s][info][gc,marking  ] GC(361) Concurrent Clear Claimed Marks
[189.540s][info][gc,marking  ] GC(361) Concurrent Clear Claimed Marks 0.033ms
[189.540s][info][gc,marking  ] GC(361) Concurrent Cleanup for Next Mark
[189.540s][info][gc,cpu      ] GC(360) User=0.02s Sys=0.00s Real=0.01s
[189.540s][info][gc,marking  ] GC(361) Concurrent Cleanup for Next Mark 0.170ms
[189.540s][info][gc          ] GC(361) Concurrent Undo Cycle 0.240ms
[189.543s][info][gc,start    ] GC(362) Pause Young (Concurrent Start) (G1 Humongous Allocation)
[189.543s][info][gc,task     ] GC(362) Using 2 workers of 2 for evacuation
[189.552s][info][gc,phases   ] GC(362)   Pre Evacuate Collection Set: 0.24ms
[189.552s][info][gc,phases   ] GC(362)   Merge Heap Roots: 0.06ms
[189.552s][info][gc,phases   ] GC(362)   Evacuate Collection Set: 7.90ms
[189.552s][info][gc,phases   ] GC(362)   Post Evacuate Collection Set: 0.30ms
[189.552s][info][gc,phases   ] GC(362)   Other: 0.08ms
[189.552s][info][gc,heap     ] GC(362) Eden regions: 1->0(369)
[189.552s][info][gc,heap     ] GC(362) Survivor regions: 10->10(45)
[189.552s][info][gc,heap     ] GC(362) Old regions: 182->182
[189.552s][info][gc,heap     ] GC(362) Humongous regions: 6->4
[189.552s][info][gc,metaspace] GC(362) Metaspace: 41838K(42304K)->41838K(42304K) NonClass: 37493K(37824K)->37493K(37824K) Class: 4345K(4480K)->4345K(4480K)
[189.552s][info][gc          ] GC(362) Pause Young (Concurrent Start) (G1 Humongous Allocation) 198M->195M(685M) 8.736ms
[189.552s][info][gc          ] GC(363) Concurrent Mark Cycle
[189.552s][info][gc,marking  ] GC(363) Concurrent Scan Root Regions
[189.554s][info][gc,cpu      ] GC(362) User=0.02s Sys=0.00s Real=0.01s
[189.561s][info][gc,marking  ] GC(363) Concurrent Scan Root Regions 8.944ms
[189.561s][info][gc,marking  ] GC(363) Concurrent Mark
[189.561s][info][gc,marking  ] GC(363) Concurrent Mark From Roots
[189.561s][info][gc,task     ] GC(363) Using 1 workers of 1 for marking
[189.705s][info][gc,marking  ] GC(363) Concurrent Mark From Roots 144.600ms
[189.705s][info][gc,marking  ] GC(363) Concurrent Preclean
[189.706s][info][gc,marking  ] GC(363) Concurrent Preclean 0.074ms
[189.706s][info][gc,start    ] GC(363) Pause Remark
[189.726s][info][gc          ] GC(363) Pause Remark 296M->196M(614M) 20.470ms
[189.726s][info][gc,cpu      ] GC(363) User=0.04s Sys=0.00s Real=0.02s
[189.726s][info][gc,marking  ] GC(363) Concurrent Mark 165.446ms
[189.726s][info][gc,marking  ] GC(363) Concurrent Rebuild Remembered Sets and Scrub Regions
[189.786s][info][gc,marking  ] GC(363) Concurrent Rebuild Remembered Sets and Scrub Regions 59.732ms
[189.786s][info][gc,start    ] GC(363) Pause Cleanup
[189.786s][info][gc          ] GC(363) Pause Cleanup 218M->218M(614M) 0.081ms
[189.786s][info][gc,cpu      ] GC(363) User=0.00s Sys=0.00s Real=0.00s
[189.786s][info][gc,marking  ] GC(363) Concurrent Clear Claimed Marks
[189.786s][info][gc,marking  ] GC(363) Concurrent Clear Claimed Marks 0.041ms
[189.786s][info][gc,marking  ] GC(363) Concurrent Cleanup for Next Mark
[189.790s][info][gc,marking  ] GC(363) Concurrent Cleanup for Next Mark 3.843ms
[189.790s][info][gc          ] GC(363) Concurrent Mark Cycle 238.430ms
[190.638s][info][gc,start    ] GC(364) Pause Young (Prepare Mixed) (G1 Evacuation Pause)
[190.638s][info][gc,task     ] GC(364) Using 2 workers of 2 for evacuation
[190.660s][info][gc,phases   ] GC(364)   Pre Evacuate Collection Set: 0.51ms
[190.660s][info][gc,phases   ] GC(364)   Merge Heap Roots: 0.12ms
[190.660s][info][gc,phases   ] GC(364)   Evacuate Collection Set: 19.44ms
[190.660s][info][gc,phases   ] GC(364)   Post Evacuate Collection Set: 1.63ms
[190.660s][info][gc,phases   ] GC(364)   Other: 0.07ms
[190.660s][info][gc,heap     ] GC(364) Eden regions: 94->0(474)
[190.660s][info][gc,heap     ] GC(364) Survivor regions: 10->14(48)
[190.660s][info][gc,heap     ] GC(364) Old regions: 85->85
[190.660s][info][gc,heap     ] GC(364) Humongous regions: 611->3
[190.660s][info][gc,metaspace] GC(364) Metaspace: 41838K(42304K)->41838K(42304K) NonClass: 37493K(37824K)->37493K(37824K) Class: 4345K(4480K)->4345K(4480K)
[190.660s][info][gc          ] GC(364) Pause Young (Prepare Mixed) (G1 Evacuation Pause) 799M->102M(814M) 21.980ms
[190.660s][info][gc,cpu      ] GC(364) User=0.03s Sys=0.01s Real=0.02s
[191.854s][info][gc,start    ] GC(365) Pause Young (Mixed) (G1 Evacuation Pause)
[191.855s][info][gc,task     ] GC(365) Using 2 workers of 2 for evacuation
[191.916s][info][gc,phases   ] GC(365)   Pre Evacuate Collection Set: 0.33ms
[191.916s][info][gc,phases   ] GC(365)   Merge Heap Roots: 0.10ms
[191.916s][info][gc,phases   ] GC(365)   Evacuate Collection Set: 60.03ms
[191.916s][info][gc,phases   ] GC(365)   Post Evacuate Collection Set: 1.29ms
[191.916s][info][gc,phases   ] GC(365)   Other: 0.09ms
[191.916s][info][gc,heap     ] GC(365) Eden regions: 130->0(529)
[191.917s][info][gc,heap     ] GC(365) Survivor regions: 14->32(64)
[191.917s][info][gc,heap     ] GC(365) Old regions: 85->71
[191.917s][info][gc,heap     ] GC(365) Humongous regions: 673->1
[191.917s][info][gc,metaspace] GC(365) Metaspace: 41849K(42304K)->41849K(42304K) NonClass: 37502K(37824K)->37502K(37824K) Class: 4346K(4480K)->4346K(4480K)
[191.917s][info][gc          ] GC(365) Pause Young (Mixed) (G1 Evacuation Pause) 902M->103M(935M) 62.065ms
[191.917s][info][gc,cpu      ] GC(365) User=0.06s Sys=0.03s Real=0.06s
[193.511s][info][gc,start    ] GC(366) Pause Young (Normal) (G1 Evacuation Pause)
[193.511s][info][gc,task     ] GC(366) Using 2 workers of 2 for evacuation
[193.522s][info][gc,phases   ] GC(366)   Pre Evacuate Collection Set: 0.48ms
[193.522s][info][gc,phases   ] GC(366)   Merge Heap Roots: 0.11ms
[193.522s][info][gc,phases   ] GC(366)   Evacuate Collection Set: 8.89ms
[193.522s][info][gc,phases   ] GC(366)   Post Evacuate Collection Set: 1.14ms
[193.522s][info][gc,phases   ] GC(366)   Other: 0.12ms
[193.522s][info][gc,heap     ] GC(366) Eden regions: 529->0(551)
[193.522s][info][gc,heap     ] GC(366) Survivor regions: 32->10(71)
[193.522s][info][gc,heap     ] GC(366) Old regions: 71->71
[193.522s][info][gc,heap     ] GC(366) Humongous regions: 83->1
[193.522s][info][gc,metaspace] GC(366) Metaspace: 41939K(42368K)->41939K(42368K) NonClass: 37593K(37888K)->37593K(37888K) Class: 4346K(4480K)->4346K(4480K)
[193.522s][info][gc          ] GC(366) Pause Young (Normal) (G1 Evacuation Pause) 714M->81M(935M) 10.975ms
[193.522s][info][gc,cpu      ] GC(366) User=0.02s Sys=0.00s Real=0.01s
[194.930s][info][gc,start    ] GC(367) Pause Young (Normal) (G1 Evacuation Pause)
[194.930s][info][gc,task     ] GC(367) Using 2 workers of 2 for evacuation
[194.942s][info][gc,phases   ] GC(367)   Pre Evacuate Collection Set: 0.29ms
[194.942s][info][gc,phases   ] GC(367)   Merge Heap Roots: 0.14ms
[194.942s][info][gc,phases   ] GC(367)   Evacuate Collection Set: 10.13ms
[194.942s][info][gc,phases   ] GC(367)   Post Evacuate Collection Set: 1.21ms
[194.942s][info][gc,phases   ] GC(367)   Other: 0.10ms
[194.942s][info][gc,heap     ] GC(367) Eden regions: 551->0(547)
[194.942s][info][gc,heap     ] GC(367) Survivor regions: 10->14(71)
[194.942s][info][gc,heap     ] GC(367) Old regions: 71->71
[194.942s][info][gc,heap     ] GC(367) Humongous regions: 1->1
[194.942s][info][gc,metaspace] GC(367) Metaspace: 41947K(42368K)->41947K(42368K) NonClass: 37601K(37888K)->37601K(37888K) Class: 4346K(4480K)->4346K(4480K)
[194.942s][info][gc          ] GC(367) Pause Young (Normal) (G1 Evacuation Pause) 632M->85M(935M) 12.098ms
[194.942s][info][gc,cpu      ] GC(367) User=0.02s Sys=0.00s Real=0.02s
[197.390s][info][gc,start    ] GC(368) Pause Young (Normal) (G1 Evacuation Pause)
[197.390s][info][gc,task     ] GC(368) Using 2 workers of 2 for evacuation
[197.421s][info][gc,phases   ] GC(368)   Pre Evacuate Collection Set: 0.26ms
[197.421s][info][gc,phases   ] GC(368)   Merge Heap Roots: 0.19ms
[197.421s][info][gc,phases   ] GC(368)   Evacuate Collection Set: 29.70ms
[197.421s][info][gc,phases   ] GC(368)   Post Evacuate Collection Set: 1.20ms
[197.421s][info][gc,phases   ] GC(368)   Other: 0.12ms
[197.421s][info][gc,heap     ] GC(368) Eden regions: 547->0(532)
[197.421s][info][gc,heap     ] GC(368) Survivor regions: 14->29(71)
[197.421s][info][gc,heap     ] GC(368) Old regions: 71->71
[197.421s][info][gc,heap     ] GC(368) Humongous regions: 14->4
[197.421s][info][gc,metaspace] GC(368) Metaspace: 42037K(42432K)->42037K(42432K) NonClass: 37691K(37952K)->37691K(37952K) Class: 4346K(4480K)->4346K(4480K)
[197.421s][info][gc          ] GC(368) Pause Young (Normal) (G1 Evacuation Pause) 645M->102M(935M) 31.675ms
[197.421s][info][gc,cpu      ] GC(368) User=0.06s Sys=0.00s Real=0.04s
[198.729s][info][gc,start    ] GC(369) Pause Young (Normal) (G1 Evacuation Pause)
[198.729s][info][gc,task     ] GC(369) Using 2 workers of 2 for evacuation
[198.833s][info][gc,phases   ] GC(369)   Pre Evacuate Collection Set: 0.30ms
[198.833s][info][gc,phases   ] GC(369)   Merge Heap Roots: 0.35ms
[198.833s][info][gc,phases   ] GC(369)   Evacuate Collection Set: 102.21ms
[198.833s][info][gc,phases   ] GC(369)   Post Evacuate Collection Set: 0.98ms
[198.833s][info][gc,phases   ] GC(369)   Other: 0.11ms
[198.833s][info][gc,heap     ] GC(369) Eden regions: 532->0(490)
[198.833s][info][gc,heap     ] GC(369) Survivor regions: 29->71(71)
[198.833s][info][gc,heap     ] GC(369) Old regions: 71->83
[198.833s][info][gc,heap     ] GC(369) Humongous regions: 11->10
[198.833s][info][gc,metaspace] GC(369) Metaspace: 42037K(42432K)->42037K(42432K) NonClass: 37691K(37952K)->37691K(37952K) Class: 4346K(4480K)->4346K(4480K)
[198.833s][info][gc          ] GC(369) Pause Young (Normal) (G1 Evacuation Pause) 641M->163M(935M) 104.172ms
[198.833s][info][gc,cpu      ] GC(369) User=0.21s Sys=0.00s Real=0.11s
[203.187s][info][gc,start    ] GC(370) Pause Young (Normal) (G1 Evacuation Pause)
[203.187s][info][gc,task     ] GC(370) Using 2 workers of 2 for evacuation
[203.277s][info][gc,phases   ] GC(370)   Pre Evacuate Collection Set: 0.28ms
[203.277s][info][gc,phases   ] GC(370)   Merge Heap Roots: 0.57ms
[203.277s][info][gc,phases   ] GC(370)   Evacuate Collection Set: 88.12ms
[203.277s][info][gc,phases   ] GC(370)   Post Evacuate Collection Set: 0.86ms
[203.277s][info][gc,phases   ] GC(370)   Other: 0.11ms
[203.277s][info][gc,heap     ] GC(370) Eden regions: 490->0(530)
[203.277s][info][gc,heap     ] GC(370) Survivor regions: 71->31(71)
[203.277s][info][gc,heap     ] GC(370) Old regions: 83->139
[203.277s][info][gc,heap     ] GC(370) Humongous regions: 16->11
[203.277s][info][gc,metaspace] GC(370) Metaspace: 42108K(42560K)->42108K(42560K) NonClass: 37762K(38080K)->37762K(38080K) Class: 4346K(4480K)->4346K(4480K)
[203.277s][info][gc          ] GC(370) Pause Young (Normal) (G1 Evacuation Pause) 659M->180M(935M) 90.175ms
[203.277s][info][gc,cpu      ] GC(370) User=0.18s Sys=0.00s Real=0.09s
[205.538s][info][gc,start    ] GC(371) Pause Young (Normal) (G1 Evacuation Pause)
[205.538s][info][gc,task     ] GC(371) Using 2 workers of 2 for evacuation
[205.630s][info][gc,phases   ] GC(371)   Pre Evacuate Collection Set: 0.58ms
[205.630s][info][gc,phases   ] GC(371)   Merge Heap Roots: 0.39ms
[205.630s][info][gc,phases   ] GC(371)   Evacuate Collection Set: 89.63ms
[205.630s][info][gc,phases   ] GC(371)   Post Evacuate Collection Set: 0.86ms
[205.630s][info][gc,phases   ] GC(371)   Other: 0.18ms
[205.630s][info][gc,heap     ] GC(371) Eden regions: 530->0(500)
[205.630s][info][gc,heap     ] GC(371) Survivor regions: 31->61(71)
[205.630s][info][gc,heap     ] GC(371) Old regions: 139->139
[205.630s][info][gc,heap     ] GC(371) Humongous regions: 25->23
[205.630s][info][gc,metaspace] GC(371) Metaspace: 42108K(42560K)->42108K(42560K) NonClass: 37762K(38080K)->37762K(38080K) Class: 4346K(4480K)->4346K(4480K)
[205.630s][info][gc          ] GC(371) Pause Young (Normal) (G1 Evacuation Pause) 724M->222M(935M) 91.832ms
[205.630s][info][gc,cpu      ] GC(371) User=0.15s Sys=0.00s Real=0.09s
[208.326s][info][gc,start    ] GC(372) Pause Young (Normal) (G1 Evacuation Pause)
[208.326s][info][gc,task     ] GC(372) Using 2 workers of 2 for evacuation
[208.390s][info][gc,phases   ] GC(372)   Pre Evacuate Collection Set: 0.27ms
[208.390s][info][gc,phases   ] GC(372)   Merge Heap Roots: 0.27ms
[208.390s][info][gc,phases   ] GC(372)   Evacuate Collection Set: 62.85ms
[208.391s][info][gc,phases   ] GC(372)   Post Evacuate Collection Set: 0.73ms
[208.391s][info][gc,phases   ] GC(372)   Other: 0.12ms
[208.391s][info][gc,heap     ] GC(372) Eden regions: 500->0(548)
[208.391s][info][gc,heap     ] GC(372) Survivor regions: 61->13(71)
[208.391s][info][gc,heap     ] GC(372) Old regions: 139->198
[208.391s][info][gc,heap     ] GC(372) Humongous regions: 23->23
[208.391s][info][gc,metaspace] GC(372) Metaspace: 42116K(42560K)->42116K(42560K) NonClass: 37769K(38080K)->37769K(38080K) Class: 4346K(4480K)->4346K(4480K)
[208.391s][info][gc          ] GC(372) Pause Young (Normal) (G1 Evacuation Pause) 722M->233M(935M) 65.242ms
[208.391s][info][gc,cpu      ] GC(372) User=0.12s Sys=0.00s Real=0.07s
[209.393s][info][gc,start    ] GC(373) Pause Young (Concurrent Start) (G1 Humongous Allocation)
[209.393s][info][gc,task     ] GC(373) Using 2 workers of 2 for evacuation
[209.401s][info][gc,phases   ] GC(373)   Pre Evacuate Collection Set: 0.42ms
[209.401s][info][gc,phases   ] GC(373)   Merge Heap Roots: 0.06ms
[209.401s][info][gc,phases   ] GC(373)   Evacuate Collection Set: 6.17ms
[209.401s][info][gc,phases   ] GC(373)   Post Evacuate Collection Set: 0.58ms
[209.401s][info][gc,phases   ] GC(373)   Other: 0.15ms
[209.401s][info][gc,heap     ] GC(373) Eden regions: 157->0(553)
[209.401s][info][gc,heap     ] GC(373) Survivor regions: 13->8(71)
[209.401s][info][gc,heap     ] GC(373) Old regions: 198->198
[209.401s][info][gc,heap     ] GC(373) Humongous regions: 23->23
[209.401s][info][gc,metaspace] GC(373) Metaspace: 42116K(42560K)->42116K(42560K) NonClass: 37769K(38080K)->37769K(38080K) Class: 4346K(4480K)->4346K(4480K)
[209.401s][info][gc          ] GC(373) Pause Young (Concurrent Start) (G1 Humongous Allocation) 389M->228M(935M) 7.543ms
[209.401s][info][gc,cpu      ] GC(373) User=0.01s Sys=0.00s Real=0.00s
[209.402s][info][gc          ] GC(374) Concurrent Mark Cycle
[209.402s][info][gc,marking  ] GC(374) Concurrent Scan Root Regions
[209.409s][info][gc,marking  ] GC(374) Concurrent Scan Root Regions 6.608ms
[209.409s][info][gc,marking  ] GC(374) Concurrent Mark
[209.409s][info][gc,marking  ] GC(374) Concurrent Mark From Roots
[209.409s][info][gc,task     ] GC(374) Using 1 workers of 1 for marking
[209.462s][info][gc,marking  ] GC(374) Concurrent Mark From Roots 53.510ms
[209.462s][info][gc,marking  ] GC(374) Concurrent Preclean
[209.462s][info][gc,marking  ] GC(374) Concurrent Preclean 0.065ms
[209.463s][info][gc,start    ] GC(374) Pause Remark
[209.480s][info][gc          ] GC(374) Pause Remark 234M->82M(260M) 17.257ms
[209.480s][info][gc,cpu      ] GC(374) User=0.03s Sys=0.00s Real=0.01s
[209.480s][info][gc,marking  ] GC(374) Concurrent Mark 71.132ms
[209.480s][info][gc,marking  ] GC(374) Concurrent Rebuild Remembered Sets and Scrub Regions
[209.492s][info][gc,marking  ] GC(374) Concurrent Rebuild Remembered Sets and Scrub Regions 11.844ms
[209.492s][info][gc,start    ] GC(374) Pause Cleanup
[209.492s][info][gc          ] GC(374) Pause Cleanup 84M->84M(260M) 0.043ms
[209.492s][info][gc,cpu      ] GC(374) User=0.00s Sys=0.00s Real=0.00s
[209.492s][info][gc,marking  ] GC(374) Concurrent Clear Claimed Marks
[209.492s][info][gc,marking  ] GC(374) Concurrent Clear Claimed Marks 0.037ms
[209.492s][info][gc,marking  ] GC(374) Concurrent Cleanup for Next Mark
[209.493s][info][gc,marking  ] GC(374) Concurrent Cleanup for Next Mark 0.863ms
[209.493s][info][gc          ] GC(374) Concurrent Mark Cycle 90.843ms
[210.370s][info][gc,start    ] GC(375) Pause Young (Prepare Mixed) (G1 Evacuation Pause)
[210.370s][info][gc,task     ] GC(375) Using 2 workers of 2 for evacuation
[210.379s][info][gc,phases   ] GC(375)   Pre Evacuate Collection Set: 0.16ms
[210.379s][info][gc,phases   ] GC(375)   Merge Heap Roots: 0.07ms
[210.379s][info][gc,phases   ] GC(375)   Evacuate Collection Set: 7.92ms
[210.379s][info][gc,phases   ] GC(375)   Post Evacuate Collection Set: 0.40ms
[210.379s][info][gc,phases   ] GC(375)   Other: 0.09ms
[210.379s][info][gc,heap     ] GC(375) Eden regions: 148->0(146)
[210.379s][info][gc,heap     ] GC(375) Survivor regions: 8->10(20)
[210.379s][info][gc,heap     ] GC(375) Old regions: 68->68
[210.379s][info][gc,heap     ] GC(375) Humongous regions: 2->1
[210.379s][info][gc,metaspace] GC(375) Metaspace: 42116K(42560K)->42116K(42560K) NonClass: 37769K(38080K)->37769K(38080K) Class: 4346K(4480K)->4346K(4480K)
[210.379s][info][gc          ] GC(375) Pause Young (Prepare Mixed) (G1 Evacuation Pause) 225M->78M(260M) 8.827ms
[210.379s][info][gc,cpu      ] GC(375) User=0.02s Sys=0.00s Real=0.01s
[211.129s][info][gc,start    ] GC(376) Pause Young (Mixed) (G1 Evacuation Pause)
[211.129s][info][gc,task     ] GC(376) Using 2 workers of 2 for evacuation
[211.138s][info][gc,phases   ] GC(376)   Pre Evacuate Collection Set: 0.16ms
[211.139s][info][gc,phases   ] GC(376)   Merge Heap Roots: 0.07ms
[211.139s][info][gc,phases   ] GC(376)   Evacuate Collection Set: 8.23ms
[211.139s][info][gc,phases   ] GC(376)   Post Evacuate Collection Set: 0.44ms
[211.139s][info][gc,phases   ] GC(376)   Other: 0.09ms
[211.139s][info][gc,heap     ] GC(376) Eden regions: 146->0(145)
[211.139s][info][gc,heap     ] GC(376) Survivor regions: 10->11(20)
[211.139s][info][gc,heap     ] GC(376) Old regions: 68->61
[211.139s][info][gc,heap     ] GC(376) Humongous regions: 3->3
[211.139s][info][gc,metaspace] GC(376) Metaspace: 42116K(42560K)->42116K(42560K) NonClass: 37769K(38080K)->37769K(38080K) Class: 4346K(4480K)->4346K(4480K)
[211.139s][info][gc          ] GC(376) Pause Young (Mixed) (G1 Evacuation Pause) 226M->74M(260M) 9.166ms
[211.139s][info][gc,cpu      ] GC(376) User=0.01s Sys=0.00s Real=0.01s
[211.380s][info][gc,start    ] GC(377) Pause Young (Concurrent Start) (G1 Humongous Allocation)
[211.380s][info][gc,task     ] GC(377) Using 2 workers of 2 for evacuation
[211.399s][info][gc,phases   ] GC(377)   Pre Evacuate Collection Set: 0.18ms
[211.399s][info][gc,phases   ] GC(377)   Merge Heap Roots: 0.05ms
[211.399s][info][gc,phases   ] GC(377)   Evacuate Collection Set: 18.39ms
[211.399s][info][gc,phases   ] GC(377)   Post Evacuate Collection Set: 0.37ms
[211.399s][info][gc,phases   ] GC(377)   Other: 0.09ms
[211.399s][info][gc,heap     ] GC(377) Eden regions: 100->0(136)
[211.399s][info][gc,heap     ] GC(377) Survivor regions: 11->20(20)
[211.399s][info][gc,heap     ] GC(377) Old regions: 61->64
[211.399s][info][gc,heap     ] GC(377) Humongous regions: 3->3
[211.399s][info][gc,metaspace] GC(377) Metaspace: 42116K(42560K)->42116K(42560K) NonClass: 37769K(38080K)->37769K(38080K) Class: 4346K(4480K)->4346K(4480K)
[211.399s][info][gc          ] GC(377) Pause Young (Concurrent Start) (G1 Humongous Allocation) 173M->86M(260M) 19.280ms
[211.399s][info][gc,cpu      ] GC(377) User=0.03s Sys=0.00s Real=0.02s
[211.399s][info][gc          ] GC(378) Concurrent Mark Cycle
[211.399s][info][gc,marking  ] GC(378) Concurrent Scan Root Regions
[211.412s][info][gc,marking  ] GC(378) Concurrent Scan Root Regions 13.196ms
[211.412s][info][gc,marking  ] GC(378) Concurrent Mark
[211.412s][info][gc,marking  ] GC(378) Concurrent Mark From Roots
[211.412s][info][gc,task     ] GC(378) Using 1 workers of 1 for marking
[211.443s][info][gc,marking  ] GC(378) Concurrent Mark From Roots 30.562ms
[211.443s][info][gc,marking  ] GC(378) Concurrent Preclean
[211.443s][info][gc,marking  ] GC(378) Concurrent Preclean 0.035ms
[211.443s][info][gc,start    ] GC(378) Pause Remark
[211.461s][info][gc          ] GC(378) Pause Remark 102M->102M(260M) 17.452ms
[211.461s][info][gc,cpu      ] GC(378) User=0.03s Sys=0.00s Real=0.01s
[211.461s][info][gc,marking  ] GC(378) Concurrent Mark 48.392ms
[211.461s][info][gc,marking  ] GC(378) Concurrent Rebuild Remembered Sets and Scrub Regions
[211.479s][info][gc,marking  ] GC(378) Concurrent Rebuild Remembered Sets and Scrub Regions 18.240ms
[211.479s][info][gc,start    ] GC(378) Pause Cleanup
[211.479s][info][gc          ] GC(378) Pause Cleanup 109M->109M(260M) 0.068ms
[211.479s][info][gc,cpu      ] GC(378) User=0.00s Sys=0.00s Real=0.00s
[211.479s][info][gc,marking  ] GC(378) Concurrent Clear Claimed Marks
[211.479s][info][gc,marking  ] GC(378) Concurrent Clear Claimed Marks 0.036ms
[211.479s][info][gc,marking  ] GC(378) Concurrent Cleanup for Next Mark
[211.480s][info][gc,marking  ] GC(378) Concurrent Cleanup for Next Mark 0.736ms
[211.480s][info][gc          ] GC(378) Concurrent Mark Cycle 80.979ms
[211.750s][info][gc,start    ] GC(379) Pause Young (Prepare Mixed) (G1 Evacuation Pause)
[211.750s][info][gc,task     ] GC(379) Using 2 workers of 2 for evacuation
[211.784s][info][gc,phases   ] GC(379)   Pre Evacuate Collection Set: 0.15ms
[211.784s][info][gc,phases   ] GC(379)   Merge Heap Roots: 0.08ms
[211.784s][info][gc,phases   ] GC(379)   Evacuate Collection Set: 32.87ms
[211.784s][info][gc,phases   ] GC(379)   Post Evacuate Collection Set: 0.40ms
[211.784s][info][gc,phases   ] GC(379)   Other: 0.10ms
[211.784s][info][gc,heap     ] GC(379) Eden regions: 136->0(124)
[211.784s][info][gc,heap     ] GC(379) Survivor regions: 20->17(20)
[211.784s][info][gc,heap     ] GC(379) Old regions: 64->82
[211.784s][info][gc,heap     ] GC(379) Humongous regions: 4->4
[211.784s][info][gc,metaspace] GC(379) Metaspace: 42116K(42560K)->42116K(42560K) NonClass: 37769K(38080K)->37769K(38080K) Class: 4346K(4480K)->4346K(4480K)
[211.784s][info][gc          ] GC(379) Pause Young (Prepare Mixed) (G1 Evacuation Pause) 223M->102M(260M) 33.827ms
[211.784s][info][gc,cpu      ] GC(379) User=0.07s Sys=0.00s Real=0.04s
[212.090s][info][gc,start    ] GC(380) Pause Young (Mixed) (G1 Evacuation Pause)
[212.090s][info][gc,task     ] GC(380) Using 2 workers of 2 for evacuation
[212.127s][info][gc,phases   ] GC(380)   Pre Evacuate Collection Set: 0.17ms
[212.127s][info][gc,phases   ] GC(380)   Merge Heap Roots: 0.13ms
[212.127s][info][gc,phases   ] GC(380)   Evacuate Collection Set: 36.00ms
[212.127s][info][gc,phases   ] GC(380)   Post Evacuate Collection Set: 0.49ms
[212.127s][info][gc,phases   ] GC(380)   Other: 0.08ms
[212.127s][info][gc,heap     ] GC(380) Eden regions: 124->0(131)
[212.127s][info][gc,heap     ] GC(380) Survivor regions: 17->15(18)
[212.127s][info][gc,heap     ] GC(380) Old regions: 82->73
[212.127s][info][gc,heap     ] GC(380) Humongous regions: 6->6
[212.127s][info][gc,metaspace] GC(380) Metaspace: 42116K(42560K)->42116K(42560K) NonClass: 37769K(38080K)->37769K(38080K) Class: 4346K(4480K)->4346K(4480K)
[212.127s][info][gc          ] GC(380) Pause Young (Mixed) (G1 Evacuation Pause) 228M->94M(261M) 37.082ms
[212.127s][info][gc,cpu      ] GC(380) User=0.07s Sys=0.00s Real=0.04s
[212.445s][info][gc,start    ] GC(381) Pause Young (Mixed) (G1 Evacuation Pause)
[212.445s][info][gc,task     ] GC(381) Using 2 workers of 2 for evacuation
[212.481s][info][gc,phases   ] GC(381)   Pre Evacuate Collection Set: 0.20ms
[212.481s][info][gc,phases   ] GC(381)   Merge Heap Roots: 0.23ms
[212.481s][info][gc,phases   ] GC(381)   Evacuate Collection Set: 35.68ms
[212.481s][info][gc,phases   ] GC(381)   Post Evacuate Collection Set: 0.46ms
[212.481s][info][gc,phases   ] GC(381)   Other: 0.07ms
[212.481s][info][gc,heap     ] GC(381) Eden regions: 131->0(122)
[212.481s][info][gc,heap     ] GC(381) Survivor regions: 15->16(19)
[212.481s][info][gc,heap     ] GC(381) Old regions: 73->82
[212.481s][info][gc,heap     ] GC(381) Humongous regions: 6->6
[212.481s][info][gc,metaspace] GC(381) Metaspace: 42116K(42560K)->42116K(42560K) NonClass: 37769K(38080K)->37769K(38080K) Class: 4346K(4480K)->4346K(4480K)
[212.481s][info][gc          ] GC(381) Pause Young (Mixed) (G1 Evacuation Pause) 225M->103M(261M) 36.870ms
[212.481s][info][gc,cpu      ] GC(381) User=0.07s Sys=0.00s Real=0.04s
[212.528s][info][gc,start    ] GC(382) Pause Young (Concurrent Start) (G1 Humongous Allocation)
[212.528s][info][gc,task     ] GC(382) Using 2 workers of 2 for evacuation
[212.546s][info][gc,phases   ] GC(382)   Pre Evacuate Collection Set: 0.16ms
[212.546s][info][gc,phases   ] GC(382)   Merge Heap Roots: 0.06ms
[212.546s][info][gc,phases   ] GC(382)   Evacuate Collection Set: 18.19ms
[212.546s][info][gc,phases   ] GC(382)   Post Evacuate Collection Set: 0.31ms
[212.546s][info][gc,phases   ] GC(382)   Other: 0.10ms
[212.546s][info][gc,heap     ] GC(382) Eden regions: 19->0(121)
[212.546s][info][gc,heap     ] GC(382) Survivor regions: 16->3(18)
[212.547s][info][gc,heap     ] GC(382) Old regions: 82->97
[212.547s][info][gc,heap     ] GC(382) Humongous regions: 6->6
[212.547s][info][gc,metaspace] GC(382) Metaspace: 42116K(42560K)->42116K(42560K) NonClass: 37769K(38080K)->37769K(38080K) Class: 4346K(4480K)->4346K(4480K)
[212.547s][info][gc          ] GC(382) Pause Young (Concurrent Start) (G1 Humongous Allocation) 122M->106M(261M) 19.010ms
[212.547s][info][gc,cpu      ] GC(382) User=0.04s Sys=0.00s Real=0.02s
[212.547s][info][gc          ] GC(383) Concurrent Mark Cycle
[212.547s][info][gc,marking  ] GC(383) Concurrent Scan Root Regions
[212.562s][info][gc,marking  ] GC(383) Concurrent Scan Root Regions 15.483ms
[212.562s][info][gc,marking  ] GC(383) Concurrent Mark
[212.562s][info][gc,marking  ] GC(383) Concurrent Mark From Roots
[212.562s][info][gc,task     ] GC(383) Using 1 workers of 1 for marking
[212.657s][info][gc,marking  ] GC(383) Concurrent Mark From Roots 94.679ms
[212.657s][info][gc,marking  ] GC(383) Concurrent Preclean
[212.657s][info][gc,marking  ] GC(383) Concurrent Preclean 0.039ms
[212.657s][info][gc,start    ] GC(383) Pause Remark
[212.673s][info][gc          ] GC(383) Pause Remark 136M->135M(261M) 15.492ms
[212.673s][info][gc,cpu      ] GC(383) User=0.02s Sys=0.00s Real=0.02s
[212.673s][info][gc,marking  ] GC(383) Concurrent Mark 110.651ms
[212.673s][info][gc,marking  ] GC(383) Concurrent Rebuild Remembered Sets and Scrub Regions
[212.734s][info][gc,marking  ] GC(383) Concurrent Rebuild Remembered Sets and Scrub Regions 60.957ms
[212.734s][info][gc,start    ] GC(383) Pause Cleanup
[212.734s][info][gc          ] GC(383) Pause Cleanup 164M->164M(261M) 0.041ms
[212.734s][info][gc,cpu      ] GC(383) User=0.00s Sys=0.00s Real=0.00s
[212.734s][info][gc,marking  ] GC(383) Concurrent Clear Claimed Marks
[212.734s][info][gc,marking  ] GC(383) Concurrent Clear Claimed Marks 0.038ms
[212.734s][info][gc,marking  ] GC(383) Concurrent Cleanup for Next Mark
[212.735s][info][gc,marking  ] GC(383) Concurrent Cleanup for Next Mark 0.773ms
[212.735s][info][gc          ] GC(383) Concurrent Mark Cycle 188.234ms
[212.904s][info][gc,start    ] GC(384) Pause Young (Prepare Mixed) (G1 Evacuation Pause)
[212.904s][info][gc,task     ] GC(384) Using 2 workers of 2 for evacuation
[212.928s][info][gc,phases   ] GC(384)   Pre Evacuate Collection Set: 0.15ms
[212.928s][info][gc,phases   ] GC(384)   Merge Heap Roots: 0.12ms
[212.928s][info][gc,phases   ] GC(384)   Evacuate Collection Set: 22.71ms
[212.928s][info][gc,phases   ] GC(384)   Post Evacuate Collection Set: 0.41ms
[212.928s][info][gc,phases   ] GC(384)   Other: 0.07ms
[212.928s][info][gc,heap     ] GC(384) Eden regions: 121->0(108)
[212.928s][info][gc,heap     ] GC(384) Survivor regions: 3->16(16)
[212.928s][info][gc,heap     ] GC(384) Old regions: 97->97
[212.928s][info][gc,heap     ] GC(384) Humongous regions: 9->9
[212.928s][info][gc,metaspace] GC(384) Metaspace: 42116K(42560K)->42116K(42560K) NonClass: 37769K(38080K)->37769K(38080K) Class: 4346K(4480K)->4346K(4480K)
[212.928s][info][gc          ] GC(384) Pause Young (Prepare Mixed) (G1 Evacuation Pause) 230M->122M(261M) 23.646ms
[212.928s][info][gc,cpu      ] GC(384) User=0.04s Sys=0.00s Real=0.02s
[214.106s][info][gc,start    ] GC(385) Pause Young (Mixed) (G1 Evacuation Pause)
[214.106s][info][gc,task     ] GC(385) Using 2 workers of 2 for evacuation
[214.147s][info][gc,phases   ] GC(385)   Pre Evacuate Collection Set: 0.18ms
[214.147s][info][gc,phases   ] GC(385)   Merge Heap Roots: 0.19ms
[214.147s][info][gc,phases   ] GC(385)   Evacuate Collection Set: 39.47ms
[214.147s][info][gc,phases   ] GC(385)   Post Evacuate Collection Set: 1.38ms
[214.147s][info][gc,phases   ] GC(385)   Other: 0.07ms
[214.147s][info][gc,heap     ] GC(385) Eden regions: 108->0(206)
[214.147s][info][gc,heap     ] GC(385) Survivor regions: 16->7(16)
[214.147s][info][gc,heap     ] GC(385) Old regions: 97->110
[214.147s][info][gc,heap     ] GC(385) Humongous regions: 17->15
[214.147s][info][gc,metaspace] GC(385) Metaspace: 42116K(42560K)->42116K(42560K) NonClass: 37770K(38080K)->37770K(38080K) Class: 4346K(4480K)->4346K(4480K)
[214.147s][info][gc          ] GC(385) Pause Young (Mixed) (G1 Evacuation Pause) 238M->131M(391M) 41.484ms
[214.147s][info][gc,cpu      ] GC(385) User=0.08s Sys=0.00s Real=0.04s
[215.107s][info][gc,start    ] GC(386) Pause Young (Concurrent Start) (G1 Evacuation Pause)
[215.107s][info][gc,task     ] GC(386) Using 2 workers of 2 for evacuation
[215.130s][info][gc,phases   ] GC(386)   Pre Evacuate Collection Set: 0.22ms
[215.130s][info][gc,phases   ] GC(386)   Merge Heap Roots: 0.14ms
[215.130s][info][gc,phases   ] GC(386)   Evacuate Collection Set: 22.05ms
[215.130s][info][gc,phases   ] GC(386)   Post Evacuate Collection Set: 0.49ms
[215.130s][info][gc,phases   ] GC(386)   Other: 0.08ms
[215.130s][info][gc,heap     ] GC(386) Eden regions: 206->0(203)
[215.130s][info][gc,heap     ] GC(386) Survivor regions: 7->15(27)
[215.130s][info][gc,heap     ] GC(386) Old regions: 110->110
[215.130s][info][gc,heap     ] GC(386) Humongous regions: 15->15
[215.130s][info][gc,metaspace] GC(386) Metaspace: 42116K(42560K)->42116K(42560K) NonClass: 37770K(38080K)->37770K(38080K) Class: 4346K(4480K)->4346K(4480K)
[215.130s][info][gc          ] GC(386) Pause Young (Concurrent Start) (G1 Evacuation Pause) 337M->140M(391M) 23.196ms
[215.130s][info][gc,cpu      ] GC(386) User=0.05s Sys=0.00s Real=0.02s
[215.131s][info][gc          ] GC(387) Concurrent Mark Cycle
[215.131s][info][gc,marking  ] GC(387) Concurrent Scan Root Regions
[215.142s][info][gc,marking  ] GC(387) Concurrent Scan Root Regions 11.620ms
[215.142s][info][gc,marking  ] GC(387) Concurrent Mark
[215.142s][info][gc,marking  ] GC(387) Concurrent Mark From Roots
[215.142s][info][gc,task     ] GC(387) Using 1 workers of 1 for marking
[215.177s][info][gc,marking  ] GC(387) Concurrent Mark From Roots 34.620ms
[215.177s][info][gc,marking  ] GC(387) Concurrent Preclean
[215.177s][info][gc,marking  ] GC(387) Concurrent Preclean 0.033ms
[215.177s][info][gc,start    ] GC(387) Pause Remark
[215.193s][info][gc          ] GC(387) Pause Remark 148M->124M(387M) 15.440ms
[215.193s][info][gc,cpu      ] GC(387) User=0.03s Sys=0.00s Real=0.02s
[215.193s][info][gc,marking  ] GC(387) Concurrent Mark 50.474ms
[215.193s][info][gc,marking  ] GC(387) Concurrent Rebuild Remembered Sets and Scrub Regions
[215.207s][info][gc,marking  ] GC(387) Concurrent Rebuild Remembered Sets and Scrub Regions 14.563ms
[215.207s][info][gc,start    ] GC(387) Pause Cleanup
[215.207s][info][gc          ] GC(387) Pause Cleanup 127M->127M(387M) 0.069ms
[215.207s][info][gc,cpu      ] GC(387) User=0.00s Sys=0.00s Real=0.00s
[215.208s][info][gc,marking  ] GC(387) Concurrent Clear Claimed Marks
[215.208s][info][gc,marking  ] GC(387) Concurrent Clear Claimed Marks 0.036ms
[215.208s][info][gc,marking  ] GC(387) Concurrent Cleanup for Next Mark
[215.210s][info][gc,marking  ] GC(387) Concurrent Cleanup for Next Mark 2.491ms
[215.210s][info][gc          ] GC(387) Concurrent Mark Cycle 79.518ms
[216.324s][info][gc,start    ] GC(388) Pause Young (Prepare Mixed) (G1 Evacuation Pause)
[216.324s][info][gc,task     ] GC(388) Using 2 workers of 2 for evacuation
[216.330s][info][gc,phases   ] GC(388)   Pre Evacuate Collection Set: 0.19ms
[216.330s][info][gc,phases   ] GC(388)   Merge Heap Roots: 0.14ms
[216.330s][info][gc,phases   ] GC(388)   Evacuate Collection Set: 5.23ms
[216.330s][info][gc,phases   ] GC(388)   Post Evacuate Collection Set: 0.45ms
[216.330s][info][gc,phases   ] GC(388)   Other: 0.12ms
[216.330s][info][gc,heap     ] GC(388) Eden regions: 203->0(224)
[216.330s][info][gc,heap     ] GC(388) Survivor regions: 15->8(28)
[216.330s][info][gc,heap     ] GC(388) Old regions: 100->101
[216.330s][info][gc,heap     ] GC(388) Humongous regions: 1->1
[216.330s][info][gc,metaspace] GC(388) Metaspace: 42116K(42560K)->42116K(42560K) NonClass: 37770K(38080K)->37770K(38080K) Class: 4346K(4480K)->4346K(4480K)
[216.330s][info][gc          ] GC(388) Pause Young (Prepare Mixed) (G1 Evacuation Pause) 319M->109M(387M) 6.311ms
[216.330s][info][gc,cpu      ] GC(388) User=0.01s Sys=0.00s Real=0.00s
[217.655s][info][gc,start    ] GC(389) Pause Young (Mixed) (G1 Evacuation Pause)
[217.655s][info][gc,task     ] GC(389) Using 2 workers of 2 for evacuation
[217.660s][info][gc,phases   ] GC(389)   Pre Evacuate Collection Set: 0.22ms
[217.660s][info][gc,phases   ] GC(389)   Merge Heap Roots: 0.13ms
[217.660s][info][gc,phases   ] GC(389)   Evacuate Collection Set: 4.74ms
[217.660s][info][gc,phases   ] GC(389)   Post Evacuate Collection Set: 0.47ms
[217.661s][info][gc,phases   ] GC(389)   Other: 0.09ms
[217.661s][info][gc,heap     ] GC(389) Eden regions: 224->0(226)
[217.661s][info][gc,heap     ] GC(389) Survivor regions: 8->6(29)
[217.661s][info][gc,heap     ] GC(389) Old regions: 101->62
[217.661s][info][gc,heap     ] GC(389) Humongous regions: 1->1
[217.661s][info][gc,metaspace] GC(389) Metaspace: 42116K(42560K)->42116K(42560K) NonClass: 37770K(38080K)->37770K(38080K) Class: 4346K(4480K)->4346K(4480K)
[217.661s][info][gc          ] GC(389) Pause Young (Mixed) (G1 Evacuation Pause) 333M->68M(387M) 5.815ms
[217.661s][info][gc,cpu      ] GC(389) User=0.01s Sys=0.00s Real=0.00s
[218.983s][info][gc,start    ] GC(390) Pause Young (Mixed) (G1 Evacuation Pause)
[218.984s][info][gc,task     ] GC(390) Using 2 workers of 2 for evacuation
[218.987s][info][gc,phases   ] GC(390)   Pre Evacuate Collection Set: 0.19ms
[218.987s][info][gc,phases   ] GC(390)   Merge Heap Roots: 0.07ms
[218.987s][info][gc,phases   ] GC(390)   Evacuate Collection Set: 2.60ms
[218.987s][info][gc,phases   ] GC(390)   Post Evacuate Collection Set: 0.46ms
[218.987s][info][gc,phases   ] GC(390)   Other: 0.08ms
[218.987s][info][gc,heap     ] GC(390) Eden regions: 226->0(228)
[218.987s][info][gc,heap     ] GC(390) Survivor regions: 6->4(29)
[218.987s][info][gc,heap     ] GC(390) Old regions: 62->42
[218.987s][info][gc,heap     ] GC(390) Humongous regions: 2->1
[218.987s][info][gc,metaspace] GC(390) Metaspace: 42117K(42560K)->42117K(42560K) NonClass: 37771K(38080K)->37771K(38080K) Class: 4346K(4480K)->4346K(4480K)
[218.987s][info][gc          ] GC(390) Pause Young (Mixed) (G1 Evacuation Pause) 295M->46M(387M) 3.590ms
[218.987s][info][gc,cpu      ] GC(390) User=0.00s Sys=0.00s Real=0.00s
[219.247s][info][gc,start    ] GC(391) Pause Young (Concurrent Start) (G1 Humongous Allocation)
[219.247s][info][gc,task     ] GC(391) Using 2 workers of 2 for evacuation
[219.253s][info][gc,phases   ] GC(391)   Pre Evacuate Collection Set: 0.24ms
[219.253s][info][gc,phases   ] GC(391)   Merge Heap Roots: 0.07ms
[219.253s][info][gc,phases   ] GC(391)   Evacuate Collection Set: 5.20ms
[219.253s][info][gc,phases   ] GC(391)   Post Evacuate Collection Set: 0.40ms
[219.253s][info][gc,phases   ] GC(391)   Other: 0.12ms
[219.253s][info][gc,heap     ] GC(391) Eden regions: 57->0(225)
[219.253s][info][gc,heap     ] GC(391) Survivor regions: 4->7(29)
[219.253s][info][gc,heap     ] GC(391) Old regions: 42->42
[219.253s][info][gc,heap     ] GC(391) Humongous regions: 1->1
[219.253s][info][gc,metaspace] GC(391) Metaspace: 42123K(42560K)->42123K(42560K) NonClass: 37777K(38080K)->37777K(38080K) Class: 4346K(4480K)->4346K(4480K)
[219.253s][info][gc          ] GC(391) Pause Young (Concurrent Start) (G1 Humongous Allocation) 103M->49M(387M) 6.229ms
[219.253s][info][gc          ] GC(392) Concurrent Mark Cycle
[219.253s][info][gc,marking  ] GC(392) Concurrent Scan Root Regions
[219.254s][info][gc,cpu      ] GC(391) User=0.01s Sys=0.00s Real=0.01s
[219.261s][info][gc,marking  ] GC(392) Concurrent Scan Root Regions 7.683ms
[219.261s][info][gc,marking  ] GC(392) Concurrent Mark
[219.261s][info][gc,marking  ] GC(392) Concurrent Mark From Roots
[219.261s][info][gc,task     ] GC(392) Using 1 workers of 1 for marking
[219.294s][info][gc,marking  ] GC(392) Concurrent Mark From Roots 32.439ms
[219.294s][info][gc,marking  ] GC(392) Concurrent Preclean
[219.294s][info][gc,marking  ] GC(392) Concurrent Preclean 0.033ms
[219.294s][info][gc,start    ] GC(392) Pause Remark
[219.309s][info][gc          ] GC(392) Pause Remark 57M->56M(256M) 15.095ms
[219.309s][info][gc,cpu      ] GC(392) User=0.03s Sys=0.00s Real=0.01s
[219.309s][info][gc,marking  ] GC(392) Concurrent Mark 47.775ms
[219.309s][info][gc,marking  ] GC(392) Concurrent Rebuild Remembered Sets and Scrub Regions
[219.322s][info][gc,marking  ] GC(392) Concurrent Rebuild Remembered Sets and Scrub Regions 12.902ms
[219.322s][info][gc,start    ] GC(392) Pause Cleanup
[219.322s][info][gc          ] GC(392) Pause Cleanup 56M->56M(256M) 0.047ms
[219.322s][info][gc,cpu      ] GC(392) User=0.00s Sys=0.00s Real=0.00s
[219.322s][info][gc,marking  ] GC(392) Concurrent Clear Claimed Marks
[219.322s][info][gc,marking  ] GC(392) Concurrent Clear Claimed Marks 0.038ms
[219.322s][info][gc,marking  ] GC(392) Concurrent Cleanup for Next Mark
[219.323s][info][gc,marking  ] GC(392) Concurrent Cleanup for Next Mark 0.753ms
[219.323s][info][gc          ] GC(392) Concurrent Mark Cycle 69.480ms
[220.190s][info][gc,start    ] GC(393) Pause Young (Prepare Mixed) (G1 Evacuation Pause)
[220.190s][info][gc,task     ] GC(393) Using 2 workers of 2 for evacuation
[220.197s][info][gc,phases   ] GC(393)   Pre Evacuate Collection Set: 0.16ms
[220.197s][info][gc,phases   ] GC(393)   Merge Heap Roots: 0.06ms
[220.197s][info][gc,phases   ] GC(393)   Evacuate Collection Set: 6.87ms
[220.197s][info][gc,phases   ] GC(393)   Post Evacuate Collection Set: 0.43ms
[220.197s][info][gc,phases   ] GC(393)   Other: 0.07ms
[220.197s][info][gc,heap     ] GC(393) Eden regions: 146->0(144)
[220.197s][info][gc,heap     ] GC(393) Survivor regions: 7->9(20)
[220.197s][info][gc,heap     ] GC(393) Old regions: 41->41
[220.197s][info][gc,heap     ] GC(393) Humongous regions: 15->3
[220.197s][info][gc,metaspace] GC(393) Metaspace: 42128K(42560K)->42128K(42560K) NonClass: 37781K(38080K)->37781K(38080K) Class: 4346K(4480K)->4346K(4480K)
[220.197s][info][gc          ] GC(393) Pause Young (Prepare Mixed) (G1 Evacuation Pause) 208M->52M(256M) 7.776ms
[220.197s][info][gc,cpu      ] GC(393) User=0.02s Sys=0.00s Real=0.01s
[220.863s][info][gc,start    ] GC(394) Pause Young (Mixed) (G1 Evacuation Pause)
[220.863s][info][gc,task     ] GC(394) Using 2 workers of 2 for evacuation
[220.869s][info][gc,phases   ] GC(394)   Pre Evacuate Collection Set: 0.16ms
[220.869s][info][gc,phases   ] GC(394)   Merge Heap Roots: 0.07ms
[220.869s][info][gc,phases   ] GC(394)   Evacuate Collection Set: 5.61ms
[220.869s][info][gc,phases   ] GC(394)   Post Evacuate Collection Set: 0.40ms
[220.869s][info][gc,phases   ] GC(394)   Other: 0.07ms
[220.869s][info][gc,heap     ] GC(394) Eden regions: 144->0(145)
[220.869s][info][gc,heap     ] GC(394) Survivor regions: 9->8(20)
[220.869s][info][gc,heap     ] GC(394) Old regions: 41->38
[220.869s][info][gc,heap     ] GC(394) Humongous regions: 11->1
[220.869s][info][gc,metaspace] GC(394) Metaspace: 42132K(42560K)->42132K(42560K) NonClass: 37786K(38080K)->37786K(38080K) Class: 4346K(4480K)->4346K(4480K)
[220.869s][info][gc          ] GC(394) Pause Young (Mixed) (G1 Evacuation Pause) 204M->45M(256M) 6.464ms
[220.869s][info][gc,cpu      ] GC(394) User=0.01s Sys=0.00s Real=0.00s
[220.869s][info][gc,start    ] GC(395) Pause Young (Concurrent Start) (G1 Humongous Allocation)
[220.870s][info][gc,task     ] GC(395) Using 2 workers of 2 for evacuation
[220.875s][info][gc,phases   ] GC(395)   Pre Evacuate Collection Set: 0.13ms
[220.875s][info][gc,phases   ] GC(395)   Merge Heap Roots: 0.03ms
[220.875s][info][gc,phases   ] GC(395)   Evacuate Collection Set: 4.94ms
[220.875s][info][gc,phases   ] GC(395)   Post Evacuate Collection Set: 0.26ms
[220.875s][info][gc,phases   ] GC(395)   Other: 0.06ms
[220.875s][info][gc,heap     ] GC(395) Eden regions: 1->0(145)
[220.875s][info][gc,heap     ] GC(395) Survivor regions: 8->8(20)
[220.875s][info][gc,heap     ] GC(395) Old regions: 38->38
[220.875s][info][gc,heap     ] GC(395) Humongous regions: 1->1
[220.875s][info][gc,metaspace] GC(395) Metaspace: 42132K(42560K)->42132K(42560K) NonClass: 37786K(38080K)->37786K(38080K) Class: 4346K(4480K)->4346K(4480K)
[220.875s][info][gc          ] GC(395) Pause Young (Concurrent Start) (G1 Humongous Allocation) 46M->45M(256M) 5.561ms
[220.875s][info][gc,cpu      ] GC(395) User=0.01s Sys=0.00s Real=0.01s
[220.875s][info][gc          ] GC(396) Concurrent Mark Cycle
[220.875s][info][gc,marking  ] GC(396) Concurrent Scan Root Regions
[220.886s][info][gc,marking  ] GC(396) Concurrent Scan Root Regions 11.184ms
[220.886s][info][gc,marking  ] GC(396) Concurrent Mark
[220.886s][info][gc,marking  ] GC(396) Concurrent Mark From Roots
[220.886s][info][gc,task     ] GC(396) Using 1 workers of 1 for marking
[220.925s][info][gc,marking  ] GC(396) Concurrent Mark From Roots 38.749ms
[220.925s][info][gc,marking  ] GC(396) Concurrent Preclean
[220.925s][info][gc,marking  ] GC(396) Concurrent Preclean 0.037ms
[220.925s][info][gc,start    ] GC(396) Pause Remark
[220.940s][info][gc          ] GC(396) Pause Remark 57M->57M(256M) 15.220ms
[220.941s][info][gc,cpu      ] GC(396) User=0.03s Sys=0.00s Real=0.01s
[220.945s][info][gc,marking  ] GC(396) Concurrent Mark 58.872ms
[220.945s][info][gc,marking  ] GC(396) Concurrent Rebuild Remembered Sets and Scrub Regions
[220.959s][info][gc,marking  ] GC(396) Concurrent Rebuild Remembered Sets and Scrub Regions 14.087ms
[220.959s][info][gc,start    ] GC(396) Pause Cleanup
[220.960s][info][gc          ] GC(396) Pause Cleanup 61M->61M(256M) 0.052ms
[220.960s][info][gc,cpu      ] GC(396) User=0.00s Sys=0.00s Real=0.00s
[220.960s][info][gc,marking  ] GC(396) Concurrent Clear Claimed Marks
[220.960s][info][gc,marking  ] GC(396) Concurrent Clear Claimed Marks 0.040ms
[220.960s][info][gc,marking  ] GC(396) Concurrent Cleanup for Next Mark
[220.960s][info][gc,marking  ] GC(396) Concurrent Cleanup for Next Mark 0.737ms
[220.960s][info][gc          ] GC(396) Concurrent Mark Cycle 85.320ms
[221.521s][info][gc,start    ] GC(397) Pause Young (Prepare Mixed) (G1 Evacuation Pause)
[221.522s][info][gc,task     ] GC(397) Using 2 workers of 2 for evacuation
[221.530s][info][gc,phases   ] GC(397)   Pre Evacuate Collection Set: 0.16ms
[221.530s][info][gc,phases   ] GC(397)   Merge Heap Roots: 0.06ms
[221.530s][info][gc,phases   ] GC(397)   Evacuate Collection Set: 7.87ms
[221.530s][info][gc,phases   ] GC(397)   Post Evacuate Collection Set: 0.44ms
[221.530s][info][gc,phases   ] GC(397)   Other: 0.07ms
[221.530s][info][gc,heap     ] GC(397) Eden regions: 145->0(141)
[221.530s][info][gc,heap     ] GC(397) Survivor regions: 8->12(20)
[221.530s][info][gc,heap     ] GC(397) Old regions: 38->38
[221.530s][info][gc,heap     ] GC(397) Humongous regions: 11->3
[221.530s][info][gc,metaspace] GC(397) Metaspace: 42132K(42560K)->42132K(42560K) NonClass: 37786K(38080K)->37786K(38080K) Class: 4346K(4480K)->4346K(4480K)
[221.530s][info][gc          ] GC(397) Pause Young (Prepare Mixed) (G1 Evacuation Pause) 200M->51M(256M) 8.802ms
[221.530s][info][gc,cpu      ] GC(397) User=0.02s Sys=0.00s Real=0.00s
[222.123s][info][gc,start    ] GC(398) Pause Young (Mixed) (G1 Evacuation Pause)
[222.123s][info][gc,task     ] GC(398) Using 2 workers of 2 for evacuation
[222.155s][info][gc,phases   ] GC(398)   Pre Evacuate Collection Set: 0.19ms
[222.155s][info][gc,phases   ] GC(398)   Merge Heap Roots: 0.15ms
[222.155s][info][gc,phases   ] GC(398)   Evacuate Collection Set: 30.88ms
[222.155s][info][gc,phases   ] GC(398)   Post Evacuate Collection Set: 0.61ms
[222.155s][info][gc,phases   ] GC(398)   Other: 0.09ms
[222.155s][info][gc,heap     ] GC(398) Eden regions: 141->0(133)
[222.155s][info][gc,heap     ] GC(398) Survivor regions: 12->20(20)
[222.155s][info][gc,heap     ] GC(398) Old regions: 38->42
[222.155s][info][gc,heap     ] GC(398) Humongous regions: 3->3
[222.155s][info][gc,metaspace] GC(398) Metaspace: 42134K(42560K)->42134K(42560K) NonClass: 37787K(38080K)->37787K(38080K) Class: 4346K(4480K)->4346K(4480K)
[222.155s][info][gc          ] GC(398) Pause Young (Mixed) (G1 Evacuation Pause) 192M->64M(256M) 32.079ms
[222.155s][info][gc,cpu      ] GC(398) User=0.06s Sys=0.00s Real=0.03s
[222.273s][info][gc,start    ] GC(399) Pause Young (Concurrent Start) (G1 Humongous Allocation)
[222.273s][info][gc,task     ] GC(399) Using 2 workers of 2 for evacuation
[222.292s][info][gc,phases   ] GC(399)   Pre Evacuate Collection Set: 0.16ms
[222.292s][info][gc,phases   ] GC(399)   Merge Heap Roots: 0.08ms
[222.292s][info][gc,phases   ] GC(399)   Evacuate Collection Set: 17.96ms
[222.292s][info][gc,phases   ] GC(399)   Post Evacuate Collection Set: 0.31ms
[222.292s][info][gc,phases   ] GC(399)   Other: 0.12ms
[222.292s][info][gc,heap     ] GC(399) Eden regions: 27->0(149)
[222.292s][info][gc,heap     ] GC(399) Survivor regions: 20->4(20)
[222.292s][info][gc,heap     ] GC(399) Old regions: 42->56
[222.292s][info][gc,heap     ] GC(399) Humongous regions: 3->1
[222.292s][info][gc,metaspace] GC(399) Metaspace: 42134K(42560K)->42134K(42560K) NonClass: 37787K(38080K)->37787K(38080K) Class: 4346K(4480K)->4346K(4480K)
[222.292s][info][gc          ] GC(399) Pause Young (Concurrent Start) (G1 Humongous Allocation) 90M->60M(256M) 18.795ms
[222.292s][info][gc,cpu      ] GC(399) User=0.04s Sys=0.00s Real=0.02s
[222.292s][info][gc          ] GC(400) Concurrent Mark Cycle
[222.292s][info][gc,marking  ] GC(400) Concurrent Scan Root Regions
[222.306s][info][gc,marking  ] GC(400) Concurrent Scan Root Regions 13.747ms
[222.306s][info][gc,marking  ] GC(400) Concurrent Mark
[222.306s][info][gc,marking  ] GC(400) Concurrent Mark From Roots
[222.306s][info][gc,task     ] GC(400) Using 1 workers of 1 for marking
[222.345s][info][gc,marking  ] GC(400) Concurrent Mark From Roots 39.653ms
[222.345s][info][gc,marking  ] GC(400) Concurrent Preclean
[222.345s][info][gc,marking  ] GC(400) Concurrent Preclean 0.034ms
[222.345s][info][gc,start    ] GC(400) Pause Remark
[222.361s][info][gc          ] GC(400) Pause Remark 76M->76M(256M) 15.466ms
[222.361s][info][gc,cpu      ] GC(400) User=0.03s Sys=0.00s Real=0.01s
[222.361s][info][gc,marking  ] GC(400) Concurrent Mark 55.358ms
[222.361s][info][gc,marking  ] GC(400) Concurrent Rebuild Remembered Sets and Scrub Regions
[222.389s][info][gc,marking  ] GC(400) Concurrent Rebuild Remembered Sets and Scrub Regions 28.289ms
[222.390s][info][gc,start    ] GC(400) Pause Cleanup
[222.390s][info][gc          ] GC(400) Pause Cleanup 81M->81M(256M) 0.046ms
[222.390s][info][gc,cpu      ] GC(400) User=0.00s Sys=0.00s Real=0.00s
[222.390s][info][gc,marking  ] GC(400) Concurrent Clear Claimed Marks
[222.390s][info][gc,marking  ] GC(400) Concurrent Clear Claimed Marks 0.036ms
[222.390s][info][gc,marking  ] GC(400) Concurrent Cleanup for Next Mark
[222.390s][info][gc,marking  ] GC(400) Concurrent Cleanup for Next Mark 0.743ms
[222.390s][info][gc          ] GC(400) Concurrent Mark Cycle 98.507ms
[222.891s][info][gc,start    ] GC(401) Pause Young (Prepare Mixed) (G1 Evacuation Pause)
[222.891s][info][gc,task     ] GC(401) Using 2 workers of 2 for evacuation
[222.898s][info][gc,phases   ] GC(401)   Pre Evacuate Collection Set: 0.17ms
[222.898s][info][gc,phases   ] GC(401)   Merge Heap Roots: 0.10ms
[222.898s][info][gc,phases   ] GC(401)   Evacuate Collection Set: 5.92ms
[222.898s][info][gc,phases   ] GC(401)   Post Evacuate Collection Set: 0.44ms
[222.898s][info][gc,phases   ] GC(401)   Other: 0.08ms
[222.898s][info][gc,heap     ] GC(401) Eden regions: 149->0(147)
[222.898s][info][gc,heap     ] GC(401) Survivor regions: 4->6(20)
[222.898s][info][gc,heap     ] GC(401) Old regions: 56->56
[222.898s][info][gc,heap     ] GC(401) Humongous regions: 17->3
[222.898s][info][gc,metaspace] GC(401) Metaspace: 42142K(42560K)->42142K(42560K) NonClass: 37796K(38080K)->37796K(38080K) Class: 4346K(4480K)->4346K(4480K)
[222.898s][info][gc          ] GC(401) Pause Young (Prepare Mixed) (G1 Evacuation Pause) 225M->64M(256M) 6.876ms
[222.898s][info][gc,cpu      ] GC(401) User=0.01s Sys=0.00s Real=0.01s
[223.441s][info][gc,start    ] GC(402) Pause Young (Mixed) (G1 Evacuation Pause)
[223.441s][info][gc,task     ] GC(402) Using 2 workers of 2 for evacuation
[223.452s][info][gc,phases   ] GC(402)   Pre Evacuate Collection Set: 0.15ms
[223.452s][info][gc,phases   ] GC(402)   Merge Heap Roots: 0.11ms
[223.452s][info][gc,phases   ] GC(402)   Evacuate Collection Set: 10.40ms
[223.452s][info][gc,phases   ] GC(402)   Post Evacuate Collection Set: 0.46ms
[223.452s][info][gc,phases   ] GC(402)   Other: 0.07ms
[223.452s][info][gc,heap     ] GC(402) Eden regions: 147->0(144)
[223.452s][info][gc,heap     ] GC(402) Survivor regions: 6->9(20)
[223.452s][info][gc,heap     ] GC(402) Old regions: 56->54
[223.452s][info][gc,heap     ] GC(402) Humongous regions: 15->3
[223.452s][info][gc,metaspace] GC(402) Metaspace: 42142K(42560K)->42142K(42560K) NonClass: 37796K(38080K)->37796K(38080K) Class: 4346K(4480K)->4346K(4480K)
[223.452s][info][gc          ] GC(402) Pause Young (Mixed) (G1 Evacuation Pause) 223M->65M(256M) 11.354ms
[223.452s][info][gc,cpu      ] GC(402) User=0.02s Sys=0.00s Real=0.02s
[223.509s][info][gc,start    ] GC(403) Pause Young (Concurrent Start) (G1 Humongous Allocation)
[223.509s][info][gc,task     ] GC(403) Using 2 workers of 2 for evacuation
[223.532s][info][gc,phases   ] GC(403)   Pre Evacuate Collection Set: 0.15ms
[223.532s][info][gc,phases   ] GC(403)   Merge Heap Roots: 0.11ms
[223.532s][info][gc,phases   ] GC(403)   Evacuate Collection Set: 22.66ms
[223.532s][info][gc,phases   ] GC(403)   Post Evacuate Collection Set: 0.41ms
[223.532s][info][gc,phases   ] GC(403)   Other: 0.10ms
[223.532s][info][gc,heap     ] GC(403) Eden regions: 11->0(147)
[223.532s][info][gc,heap     ] GC(403) Survivor regions: 9->6(20)
[223.532s][info][gc,heap     ] GC(403) Old regions: 54->54
[223.532s][info][gc,heap     ] GC(403) Humongous regions: 3->1
[223.532s][info][gc,metaspace] GC(403) Metaspace: 42142K(42560K)->42142K(42560K) NonClass: 37796K(38080K)->37796K(38080K) Class: 4346K(4480K)->4346K(4480K)
[223.533s][info][gc          ] GC(403) Pause Young (Concurrent Start) (G1 Humongous Allocation) 76M->60M(256M) 23.643ms
[223.533s][info][gc,cpu      ] GC(403) User=0.02s Sys=0.00s Real=0.03s
[223.535s][info][gc          ] GC(404) Concurrent Mark Cycle
[223.535s][info][gc,marking  ] GC(404) Concurrent Scan Root Regions
[223.547s][info][gc,marking  ] GC(404) Concurrent Scan Root Regions 11.434ms
[223.547s][info][gc,marking  ] GC(404) Concurrent Mark
[223.547s][info][gc,marking  ] GC(404) Concurrent Mark From Roots
[223.547s][info][gc,task     ] GC(404) Using 1 workers of 1 for marking
[223.612s][info][gc,marking  ] GC(404) Concurrent Mark From Roots 65.283ms
[223.612s][info][gc,marking  ] GC(404) Concurrent Preclean
[223.612s][info][gc,marking  ] GC(404) Concurrent Preclean 0.059ms
[223.612s][info][gc,start    ] GC(404) Pause Remark
[223.637s][info][gc          ] GC(404) Pause Remark 74M->74M(256M) 25.211ms
[223.637s][info][gc,cpu      ] GC(404) User=0.03s Sys=0.00s Real=0.02s
[223.638s][info][gc,marking  ] GC(404) Concurrent Mark 91.612ms
[223.638s][info][gc,marking  ] GC(404) Concurrent Rebuild Remembered Sets and Scrub Regions
[223.668s][info][gc,marking  ] GC(404) Concurrent Rebuild Remembered Sets and Scrub Regions 29.777ms
[223.668s][info][gc,start    ] GC(404) Pause Cleanup
[223.668s][info][gc          ] GC(404) Pause Cleanup 74M->74M(256M) 0.030ms
[223.668s][info][gc,cpu      ] GC(404) User=0.00s Sys=0.00s Real=0.00s
[223.668s][info][gc,marking  ] GC(404) Concurrent Clear Claimed Marks
[223.668s][info][gc,marking  ] GC(404) Concurrent Clear Claimed Marks 0.033ms
[223.668s][info][gc,marking  ] GC(404) Concurrent Cleanup for Next Mark
[223.669s][info][gc,marking  ] GC(404) Concurrent Cleanup for Next Mark 0.724ms
[223.669s][info][gc          ] GC(404) Concurrent Mark Cycle 133.846ms
[224.213s][info][gc,start    ] GC(405) Pause Young (Prepare Mixed) (G1 Evacuation Pause)
[224.213s][info][gc,task     ] GC(405) Using 2 workers of 2 for evacuation
[224.231s][info][gc,phases   ] GC(405)   Pre Evacuate Collection Set: 0.21ms
[224.231s][info][gc,phases   ] GC(405)   Merge Heap Roots: 0.10ms
[224.231s][info][gc,phases   ] GC(405)   Evacuate Collection Set: 16.50ms
[224.231s][info][gc,phases   ] GC(405)   Post Evacuate Collection Set: 0.44ms
[224.231s][info][gc,phases   ] GC(405)   Other: 0.07ms
[224.231s][info][gc,heap     ] GC(405) Eden regions: 147->0(133)
[224.231s][info][gc,heap     ] GC(405) Survivor regions: 6->20(20)
[224.231s][info][gc,heap     ] GC(405) Old regions: 54->54
[224.231s][info][gc,heap     ] GC(405) Humongous regions: 11->3
[224.231s][info][gc,metaspace] GC(405) Metaspace: 42143K(42560K)->42143K(42560K) NonClass: 37797K(38080K)->37797K(38080K) Class: 4346K(4480K)->4346K(4480K)
[224.231s][info][gc          ] GC(405) Pause Young (Prepare Mixed) (G1 Evacuation Pause) 217M->76M(256M) 17.507ms
[224.231s][info][gc,cpu      ] GC(405) User=0.04s Sys=0.00s Real=0.01s
[224.801s][info][gc,start    ] GC(406) Pause Young (Mixed) (G1 Evacuation Pause)
[224.801s][info][gc,task     ] GC(406) Using 2 workers of 2 for evacuation
[224.832s][info][gc,phases   ] GC(406)   Pre Evacuate Collection Set: 0.16ms
[224.832s][info][gc,phases   ] GC(406)   Merge Heap Roots: 0.16ms
[224.832s][info][gc,phases   ] GC(406)   Evacuate Collection Set: 30.63ms
[224.832s][info][gc,phases   ] GC(406)   Post Evacuate Collection Set: 0.61ms
[224.832s][info][gc,phases   ] GC(406)   Other: 0.07ms
[224.832s][info][gc,heap     ] GC(406) Eden regions: 133->0(138)
[224.832s][info][gc,heap     ] GC(406) Survivor regions: 20->12(20)
[224.832s][info][gc,heap     ] GC(406) Old regions: 54->67
[224.832s][info][gc,heap     ] GC(406) Humongous regions: 3->3
[224.832s][info][gc,metaspace] GC(406) Metaspace: 42145K(42560K)->42145K(42560K) NonClass: 37799K(38080K)->37799K(38080K) Class: 4346K(4480K)->4346K(4480K)
[224.832s][info][gc          ] GC(406) Pause Young (Mixed) (G1 Evacuation Pause) 209M->81M(256M) 31.804ms
[224.832s][info][gc,cpu      ] GC(406) User=0.06s Sys=0.00s Real=0.04s
[225.308s][info][gc,start    ] GC(407) Pause Young (Concurrent Start) (G1 Humongous Allocation)
[225.308s][info][gc,task     ] GC(407) Using 2 workers of 2 for evacuation
[225.352s][info][gc,phases   ] GC(407)   Pre Evacuate Collection Set: 0.17ms
[225.352s][info][gc,phases   ] GC(407)   Merge Heap Roots: 0.11ms
[225.352s][info][gc,phases   ] GC(407)   Evacuate Collection Set: 43.66ms
[225.352s][info][gc,phases   ] GC(407)   Post Evacuate Collection Set: 0.43ms
[225.352s][info][gc,phases   ] GC(407)   Other: 0.08ms
[225.352s][info][gc,heap     ] GC(407) Eden regions: 107->0(101)
[225.352s][info][gc,heap     ] GC(407) Survivor regions: 12->19(19)
[225.352s][info][gc,heap     ] GC(407) Old regions: 67->89
[225.352s][info][gc,heap     ] GC(407) Humongous regions: 3->1
[225.352s][info][gc,metaspace] GC(407) Metaspace: 42145K(42560K)->42145K(42560K) NonClass: 37799K(38080K)->37799K(38080K) Class: 4346K(4480K)->4346K(4480K)
[225.352s][info][gc          ] GC(407) Pause Young (Concurrent Start) (G1 Humongous Allocation) 188M->109M(256M) 44.646ms
[225.352s][info][gc,cpu      ] GC(407) User=0.08s Sys=0.00s Real=0.05s
[225.352s][info][gc          ] GC(408) Concurrent Mark Cycle
[225.352s][info][gc,marking  ] GC(408) Concurrent Scan Root Regions
[225.398s][info][gc,marking  ] GC(408) Concurrent Scan Root Regions 45.798ms
[225.398s][info][gc,marking  ] GC(408) Concurrent Mark
[225.398s][info][gc,marking  ] GC(408) Concurrent Mark From Roots
[225.398s][info][gc,task     ] GC(408) Using 1 workers of 1 for marking
[225.457s][info][gc,marking  ] GC(408) Concurrent Mark From Roots 58.401ms
[225.457s][info][gc,marking  ] GC(408) Concurrent Preclean
[225.457s][info][gc,marking  ] GC(408) Concurrent Preclean 0.034ms
[225.457s][info][gc,start    ] GC(408) Pause Remark
[225.472s][info][gc          ] GC(408) Pause Remark 138M->134M(256M) 15.494ms
[225.472s][info][gc,cpu      ] GC(408) User=0.03s Sys=0.00s Real=0.02s
[225.472s][info][gc,marking  ] GC(408) Concurrent Mark 74.184ms
[225.472s][info][gc,marking  ] GC(408) Concurrent Rebuild Remembered Sets and Scrub Regions
[225.525s][info][gc,marking  ] GC(408) Concurrent Rebuild Remembered Sets and Scrub Regions 52.913ms
[225.526s][info][gc,start    ] GC(408) Pause Cleanup
[225.526s][info][gc          ] GC(408) Pause Cleanup 146M->146M(256M) 0.048ms
[225.526s][info][gc,cpu      ] GC(408) User=0.00s Sys=0.00s Real=0.00s
[225.526s][info][gc,marking  ] GC(408) Concurrent Clear Claimed Marks
[225.526s][info][gc,marking  ] GC(408) Concurrent Clear Claimed Marks 0.040ms
[225.526s][info][gc,marking  ] GC(408) Concurrent Cleanup for Next Mark
[225.526s][info][gc,marking  ] GC(408) Concurrent Cleanup for Next Mark 0.747ms
[225.526s][info][gc          ] GC(408) Concurrent Mark Cycle 174.004ms
[225.830s][info][gc,start    ] GC(409) Pause Young (Prepare Mixed) (G1 Evacuation Pause)
[225.830s][info][gc,task     ] GC(409) Using 2 workers of 2 for evacuation
[225.879s][info][gc,phases   ] GC(409)   Pre Evacuate Collection Set: 0.19ms
[225.879s][info][gc,phases   ] GC(409)   Merge Heap Roots: 0.43ms
[225.879s][info][gc,phases   ] GC(409)   Evacuate Collection Set: 47.47ms
[225.879s][info][gc,phases   ] GC(409)   Post Evacuate Collection Set: 0.52ms
[225.879s][info][gc,phases   ] GC(409)   Other: 0.07ms
[225.879s][info][gc,heap     ] GC(409) Eden regions: 101->0(93)
[225.879s][info][gc,heap     ] GC(409) Survivor regions: 19->13(15)
[225.879s][info][gc,heap     ] GC(409) Old regions: 85->105
[225.879s][info][gc,heap     ] GC(409) Humongous regions: 5->3
[225.879s][info][gc,metaspace] GC(409) Metaspace: 42145K(42560K)->42145K(42560K) NonClass: 37799K(38080K)->37799K(38080K) Class: 4346K(4480K)->4346K(4480K)
[225.879s][info][gc          ] GC(409) Pause Young (Prepare Mixed) (G1 Evacuation Pause) 209M->120M(256M) 48.874ms
[225.879s][info][gc,cpu      ] GC(409) User=0.09s Sys=0.00s Real=0.05s
[226.371s][info][gc,start    ] GC(410) Pause Young (Mixed) (G1 Evacuation Pause)
[226.371s][info][gc,task     ] GC(410) Using 2 workers of 2 for evacuation
[226.404s][info][gc,phases   ] GC(410)   Pre Evacuate Collection Set: 0.16ms
[226.404s][info][gc,phases   ] GC(410)   Merge Heap Roots: 0.79ms
[226.404s][info][gc,phases   ] GC(410)   Evacuate Collection Set: 31.99ms
[226.404s][info][gc,phases   ] GC(410)   Post Evacuate Collection Set: 0.50ms
[226.404s][info][gc,phases   ] GC(410)   Other: 0.06ms
[226.404s][info][gc,heap     ] GC(410) Eden regions: 93->0(110)
[226.404s][info][gc,heap     ] GC(410) Survivor regions: 13->3(14)
[226.404s][info][gc,heap     ] GC(410) Old regions: 105->100
[226.404s][info][gc,heap     ] GC(410) Humongous regions: 9->3
[226.404s][info][gc,metaspace] GC(410) Metaspace: 42146K(42560K)->42146K(42560K) NonClass: 37799K(38080K)->37799K(38080K) Class: 4346K(4480K)->4346K(4480K)
[226.404s][info][gc          ] GC(410) Pause Young (Mixed) (G1 Evacuation Pause) 219M->105M(256M) 33.716ms
[226.404s][info][gc,cpu      ] GC(410) User=0.07s Sys=0.00s Real=0.04s
[226.430s][info][gc,start    ] GC(411) Pause Young (Concurrent Start) (G1 Humongous Allocation)
[226.430s][info][gc,task     ] GC(411) Using 2 workers of 2 for evacuation
[226.432s][info][gc,phases   ] GC(411)   Pre Evacuate Collection Set: 0.14ms
[226.432s][info][gc,phases   ] GC(411)   Merge Heap Roots: 0.03ms
[226.432s][info][gc,phases   ] GC(411)   Evacuate Collection Set: 1.22ms
[226.432s][info][gc,phases   ] GC(411)   Post Evacuate Collection Set: 0.80ms
[226.432s][info][gc,phases   ] GC(411)   Other: 0.09ms
[226.432s][info][gc,heap     ] GC(411) Eden regions: 6->0(175)
[226.432s][info][gc,heap     ] GC(411) Survivor regions: 3->2(15)
[226.432s][info][gc,heap     ] GC(411) Old regions: 100->100
[226.432s][info][gc,heap     ] GC(411) Humongous regions: 3->1
[226.432s][info][gc,metaspace] GC(411) Metaspace: 42146K(42560K)->42146K(42560K) NonClass: 37799K(38080K)->37799K(38080K) Class: 4346K(4480K)->4346K(4480K)
[226.432s][info][gc          ] GC(411) Pause Young (Concurrent Start) (G1 Humongous Allocation) 111M->102M(324M) 2.468ms
[226.432s][info][gc,cpu      ] GC(411) User=0.00s Sys=0.00s Real=0.01s
[226.432s][info][gc          ] GC(412) Concurrent Mark Cycle
[226.432s][info][gc,marking  ] GC(412) Concurrent Scan Root Regions
[226.436s][info][gc,marking  ] GC(412) Concurrent Scan Root Regions 3.379ms
[226.436s][info][gc,marking  ] GC(412) Concurrent Mark
[226.436s][info][gc,marking  ] GC(412) Concurrent Mark From Roots
[226.436s][info][gc,task     ] GC(412) Using 1 workers of 1 for marking
[226.550s][info][gc,marking  ] GC(412) Concurrent Mark From Roots 114.440ms
[226.550s][info][gc,marking  ] GC(412) Concurrent Preclean
[226.550s][info][gc,marking  ] GC(412) Concurrent Preclean 0.035ms
[226.550s][info][gc,start    ] GC(412) Pause Remark
[226.573s][info][gc          ] GC(412) Pause Remark 127M->113M(304M) 22.952ms
[226.573s][info][gc,cpu      ] GC(412) User=0.04s Sys=0.00s Real=0.03s
[226.573s][info][gc,marking  ] GC(412) Concurrent Mark 137.724ms
[226.574s][info][gc,marking  ] GC(412) Concurrent Rebuild Remembered Sets and Scrub Regions
[226.619s][info][gc,marking  ] GC(412) Concurrent Rebuild Remembered Sets and Scrub Regions 45.000ms
[226.619s][info][gc,start    ] GC(412) Pause Cleanup
[226.619s][info][gc          ] GC(412) Pause Cleanup 118M->118M(304M) 0.084ms
[226.619s][info][gc,cpu      ] GC(412) User=0.00s Sys=0.00s Real=0.00s
[226.619s][info][gc,marking  ] GC(412) Concurrent Clear Claimed Marks
[226.619s][info][gc,marking  ] GC(412) Concurrent Clear Claimed Marks 0.048ms
[226.619s][info][gc,marking  ] GC(412) Concurrent Cleanup for Next Mark
[226.620s][info][gc,marking  ] GC(412) Concurrent Cleanup for Next Mark 1.416ms
[226.620s][info][gc          ] GC(412) Concurrent Mark Cycle 188.111ms
[227.345s][info][gc,start    ] GC(413) Pause Young (Prepare Mixed) (G1 Evacuation Pause)
[227.345s][info][gc,task     ] GC(413) Using 2 workers of 2 for evacuation
[227.363s][info][gc,phases   ] GC(413)   Pre Evacuate Collection Set: 0.18ms
[227.363s][info][gc,phases   ] GC(413)   Merge Heap Roots: 0.06ms
[227.363s][info][gc,phases   ] GC(413)   Evacuate Collection Set: 17.57ms
[227.363s][info][gc,phases   ] GC(413)   Post Evacuate Collection Set: 0.48ms
[227.363s][info][gc,phases   ] GC(413)   Other: 0.11ms
[227.363s][info][gc,heap     ] GC(413) Eden regions: 175->0(160)
[227.363s][info][gc,heap     ] GC(413) Survivor regions: 2->13(23)
[227.363s][info][gc,heap     ] GC(413) Old regions: 86->86
[227.363s][info][gc,heap     ] GC(413) Humongous regions: 7->3
[227.363s][info][gc,metaspace] GC(413) Metaspace: 42146K(42560K)->42146K(42560K) NonClass: 37799K(38080K)->37799K(38080K) Class: 4346K(4480K)->4346K(4480K)
[227.363s][info][gc          ] GC(413) Pause Young (Prepare Mixed) (G1 Evacuation Pause) 269M->101M(304M) 18.603ms
[227.363s][info][gc,cpu      ] GC(413) User=0.04s Sys=0.00s Real=0.02s
[228.222s][info][gc,start    ] GC(414) Pause Young (Mixed) (G1 Evacuation Pause)
[228.222s][info][gc,task     ] GC(414) Using 2 workers of 2 for evacuation
[228.229s][info][gc,phases   ] GC(414)   Pre Evacuate Collection Set: 0.17ms
[228.229s][info][gc,phases   ] GC(414)   Merge Heap Roots: 0.08ms
[228.229s][info][gc,phases   ] GC(414)   Evacuate Collection Set: 5.85ms
[228.229s][info][gc,phases   ] GC(414)   Post Evacuate Collection Set: 0.44ms
[228.229s][info][gc,phases   ] GC(414)   Other: 0.10ms
[228.229s][info][gc,heap     ] GC(414) Eden regions: 160->0(177)
[228.229s][info][gc,heap     ] GC(414) Survivor regions: 13->5(22)
[228.229s][info][gc,heap     ] GC(414) Old regions: 86->57
[228.229s][info][gc,heap     ] GC(414) Humongous regions: 11->3
[228.229s][info][gc,metaspace] GC(414) Metaspace: 42146K(42560K)->42146K(42560K) NonClass: 37799K(38080K)->37799K(38080K) Class: 4346K(4480K)->4346K(4480K)
[228.229s][info][gc          ] GC(414) Pause Young (Mixed) (G1 Evacuation Pause) 269M->63M(304M) 6.813ms
[228.229s][info][gc,cpu      ] GC(414) User=0.02s Sys=0.00s Real=0.00s
[228.877s][info][gc,start    ] GC(415) Pause Young (Mixed) (G1 Evacuation Pause)
[228.877s][info][gc,task     ] GC(415) Using 2 workers of 2 for evacuation
[228.887s][info][gc,phases   ] GC(415)   Pre Evacuate Collection Set: 0.17ms
[228.887s][info][gc,phases   ] GC(415)   Merge Heap Roots: 0.08ms
[228.887s][info][gc,phases   ] GC(415)   Evacuate Collection Set: 8.73ms
[228.887s][info][gc,phases   ] GC(415)   Post Evacuate Collection Set: 0.43ms
[228.887s][info][gc,phases   ] GC(415)   Other: 0.09ms
[228.887s][info][gc,heap     ] GC(415) Eden regions: 177->0(172)
[228.887s][info][gc,heap     ] GC(415) Survivor regions: 5->10(23)
[228.887s][info][gc,heap     ] GC(415) Old regions: 57->52
[228.887s][info][gc,heap     ] GC(415) Humongous regions: 7->3
[228.887s][info][gc,metaspace] GC(415) Metaspace: 42146K(42560K)->42146K(42560K) NonClass: 37799K(38080K)->37799K(38080K) Class: 4346K(4480K)->4346K(4480K)
[228.887s][info][gc          ] GC(415) Pause Young (Mixed) (G1 Evacuation Pause) 244M->63M(304M) 9.683ms
[228.887s][info][gc,cpu      ] GC(415) User=0.02s Sys=0.00s Real=0.01s
[229.152s][info][gc,start    ] GC(416) Pause Young (Concurrent Start) (G1 Humongous Allocation)
[229.152s][info][gc,task     ] GC(416) Using 2 workers of 2 for evacuation
[229.155s][info][gc,phases   ] GC(416)   Pre Evacuate Collection Set: 0.18ms
[229.155s][info][gc,phases   ] GC(416)   Merge Heap Roots: 0.05ms
[229.155s][info][gc,phases   ] GC(416)   Evacuate Collection Set: 2.52ms
[229.155s][info][gc,phases   ] GC(416)   Post Evacuate Collection Set: 0.31ms
[229.155s][info][gc,phases   ] GC(416)   Other: 0.10ms
[229.155s][info][gc,heap     ] GC(416) Eden regions: 59->0(179)
[229.155s][info][gc,heap     ] GC(416) Survivor regions: 10->3(23)
[229.155s][info][gc,heap     ] GC(416) Old regions: 52->52
[229.155s][info][gc,heap     ] GC(416) Humongous regions: 3->1
[229.155s][info][gc,metaspace] GC(416) Metaspace: 42146K(42560K)->42146K(42560K) NonClass: 37799K(38080K)->37799K(38080K) Class: 4346K(4480K)->4346K(4480K)
[229.155s][info][gc          ] GC(416) Pause Young (Concurrent Start) (G1 Humongous Allocation) 122M->54M(304M) 3.306ms
[229.155s][info][gc          ] GC(417) Concurrent Mark Cycle
[229.155s][info][gc,marking  ] GC(417) Concurrent Scan Root Regions
[229.155s][info][gc,cpu      ] GC(416) User=0.01s Sys=0.00s Real=0.00s
[229.160s][info][gc,marking  ] GC(417) Concurrent Scan Root Regions 5.094ms
[229.160s][info][gc,marking  ] GC(417) Concurrent Mark
[229.160s][info][gc,marking  ] GC(417) Concurrent Mark From Roots
[229.160s][info][gc,task     ] GC(417) Using 1 workers of 1 for marking
[229.218s][info][gc,marking  ] GC(417) Concurrent Mark From Roots 58.424ms
[229.219s][info][gc,marking  ] GC(417) Concurrent Preclean
[229.219s][info][gc,marking  ] GC(417) Concurrent Preclean 0.034ms
[229.219s][info][gc,start    ] GC(417) Pause Remark
[229.234s][info][gc          ] GC(417) Pause Remark 72M->72M(256M) 15.419ms
[229.234s][info][gc,cpu      ] GC(417) User=0.03s Sys=0.00s Real=0.02s
[229.234s][info][gc,marking  ] GC(417) Concurrent Mark 74.153ms
[229.234s][info][gc,marking  ] GC(417) Concurrent Rebuild Remembered Sets and Scrub Regions
[229.258s][info][gc,marking  ] GC(417) Concurrent Rebuild Remembered Sets and Scrub Regions 23.836ms
[229.259s][info][gc,start    ] GC(417) Pause Cleanup
[229.259s][info][gc          ] GC(417) Pause Cleanup 73M->73M(256M) 0.114ms
[229.259s][info][gc,cpu      ] GC(417) User=0.00s Sys=0.00s Real=0.00s
[229.259s][info][gc,marking  ] GC(417) Concurrent Clear Claimed Marks
[229.259s][info][gc,marking  ] GC(417) Concurrent Clear Claimed Marks 0.039ms
[229.259s][info][gc,marking  ] GC(417) Concurrent Cleanup for Next Mark
[229.260s][info][gc,marking  ] GC(417) Concurrent Cleanup for Next Mark 0.743ms
[229.260s][info][gc          ] GC(417) Concurrent Mark Cycle 105.294ms
[229.696s][info][gc,start    ] GC(418) Pause Young (Prepare Mixed) (G1 Evacuation Pause)
[229.696s][info][gc,task     ] GC(418) Using 2 workers of 2 for evacuation
[229.718s][info][gc,phases   ] GC(418)   Pre Evacuate Collection Set: 0.15ms
[229.718s][info][gc,phases   ] GC(418)   Merge Heap Roots: 0.07ms
[229.718s][info][gc,phases   ] GC(418)   Evacuate Collection Set: 21.32ms
[229.718s][info][gc,phases   ] GC(418)   Post Evacuate Collection Set: 0.46ms
[229.718s][info][gc,phases   ] GC(418)   Other: 0.09ms
[229.718s][info][gc,heap     ] GC(418) Eden regions: 150->0(130)
[229.718s][info][gc,heap     ] GC(418) Survivor regions: 3->20(20)
[229.718s][info][gc,heap     ] GC(418) Old regions: 52->59
[229.718s][info][gc,heap     ] GC(418) Humongous regions: 7->3
[229.718s][info][gc,metaspace] GC(418) Metaspace: 42146K(42560K)->42146K(42560K) NonClass: 37799K(38080K)->37799K(38080K) Class: 4346K(4480K)->4346K(4480K)
[229.718s][info][gc          ] GC(418) Pause Young (Prepare Mixed) (G1 Evacuation Pause) 210M->80M(256M) 22.297ms
[229.718s][info][gc,cpu      ] GC(418) User=0.05s Sys=0.00s Real=0.02s
[230.229s][info][gc,start    ] GC(419) Pause Young (Mixed) (G1 Evacuation Pause)
[230.229s][info][gc,task     ] GC(419) Using 2 workers of 2 for evacuation
[230.278s][info][gc,phases   ] GC(419)   Pre Evacuate Collection Set: 0.18ms
[230.278s][info][gc,phases   ] GC(419)   Merge Heap Roots: 0.16ms
[230.278s][info][gc,phases   ] GC(419)   Evacuate Collection Set: 48.24ms
[230.278s][info][gc,phases   ] GC(419)   Post Evacuate Collection Set: 0.54ms
[230.278s][info][gc,phases   ] GC(419)   Other: 0.07ms
[230.278s][info][gc,heap     ] GC(419) Eden regions: 130->0(104)
[230.278s][info][gc,heap     ] GC(419) Survivor regions: 20->19(19)
[230.278s][info][gc,heap     ] GC(419) Old regions: 59->79
[230.278s][info][gc,heap     ] GC(419) Humongous regions: 3->3
[230.278s][info][gc,metaspace] GC(419) Metaspace: 42146K(42560K)->42146K(42560K) NonClass: 37799K(38080K)->37799K(38080K) Class: 4346K(4480K)->4346K(4480K)
[230.278s][info][gc          ] GC(419) Pause Young (Mixed) (G1 Evacuation Pause) 210M->100M(256M) 49.377ms
[230.278s][info][gc,cpu      ] GC(419) User=0.09s Sys=0.00s Real=0.05s
[230.818s][info][gc,start    ] GC(420) Pause Young (Concurrent Start) (G1 Evacuation Pause)
[230.818s][info][gc,task     ] GC(420) Using 2 workers of 2 for evacuation
[230.881s][info][gc,phases   ] GC(420)   Pre Evacuate Collection Set: 0.18ms
[230.881s][info][gc,phases   ] GC(420)   Merge Heap Roots: 0.25ms
[230.881s][info][gc,phases   ] GC(420)   Evacuate Collection Set: 61.10ms
[230.881s][info][gc,phases   ] GC(420)   Post Evacuate Collection Set: 0.48ms
[230.881s][info][gc,phases   ] GC(420)   Other: 0.09ms
[230.881s][info][gc,heap     ] GC(420) Eden regions: 104->0(77)
[230.881s][info][gc,heap     ] GC(420) Survivor regions: 19->16(16)
[230.881s][info][gc,heap     ] GC(420) Old regions: 79->113
[230.881s][info][gc,heap     ] GC(420) Humongous regions: 3->3
[230.881s][info][gc,metaspace] GC(420) Metaspace: 42146K(42560K)->42146K(42560K) NonClass: 37800K(38080K)->37800K(38080K) Class: 4346K(4480K)->4346K(4480K)
[230.881s][info][gc          ] GC(420) Pause Young (Concurrent Start) (G1 Evacuation Pause) 204M->131M(256M) 62.317ms
[230.881s][info][gc,cpu      ] GC(420) User=0.13s Sys=0.00s Real=0.06s
[230.881s][info][gc          ] GC(421) Concurrent Mark Cycle
[230.881s][info][gc,marking  ] GC(421) Concurrent Scan Root Regions
[230.953s][info][gc,marking  ] GC(421) Concurrent Scan Root Regions 71.777ms
[230.953s][info][gc,marking  ] GC(421) Concurrent Mark
[230.953s][info][gc,marking  ] GC(421) Concurrent Mark From Roots
[230.953s][info][gc,task     ] GC(421) Using 1 workers of 1 for marking
[231.101s][info][gc,marking  ] GC(421) Concurrent Mark From Roots 147.893ms
[231.101s][info][gc,marking  ] GC(421) Concurrent Preclean
[231.101s][info][gc,marking  ] GC(421) Concurrent Preclean 0.041ms
[231.106s][info][gc,start    ] GC(421) Pause Remark
[231.140s][info][gc          ] GC(421) Pause Remark 163M->163M(256M) 34.502ms
[231.140s][info][gc,cpu      ] GC(421) User=0.03s Sys=0.00s Real=0.03s
[231.142s][info][gc,marking  ] GC(421) Concurrent Mark 189.584ms
[231.142s][info][gc,marking  ] GC(421) Concurrent Rebuild Remembered Sets and Scrub Regions
[231.250s][info][gc,marking  ] GC(421) Concurrent Rebuild Remembered Sets and Scrub Regions 107.830ms
[231.250s][info][gc,start    ] GC(421) Pause Cleanup
[231.250s][info][gc          ] GC(421) Pause Cleanup 181M->181M(256M) 0.049ms
[231.250s][info][gc,cpu      ] GC(421) User=0.00s Sys=0.00s Real=0.00s
[231.250s][info][gc,marking  ] GC(421) Concurrent Clear Claimed Marks
[231.250s][info][gc,marking  ] GC(421) Concurrent Clear Claimed Marks 0.041ms
[231.250s][info][gc,marking  ] GC(421) Concurrent Cleanup for Next Mark
[231.251s][info][gc,marking  ] GC(421) Concurrent Cleanup for Next Mark 0.746ms
[231.251s][info][gc          ] GC(421) Concurrent Mark Cycle 370.399ms
[231.397s][info][gc,start    ] GC(422) Pause Young (Prepare Mixed) (G1 Evacuation Pause)
[231.397s][info][gc,task     ] GC(422) Using 2 workers of 2 for evacuation
[231.460s][info][gc,phases   ] GC(422)   Pre Evacuate Collection Set: 0.18ms
[231.460s][info][gc,phases   ] GC(422)   Merge Heap Roots: 0.62ms
[231.460s][info][gc,phases   ] GC(422)   Evacuate Collection Set: 61.98ms
[231.460s][info][gc,phases   ] GC(422)   Post Evacuate Collection Set: 0.40ms
[231.460s][info][gc,phases   ] GC(422)   Other: 0.11ms
[231.460s][info][gc,heap     ] GC(422) Eden regions: 77->0(62)
[231.460s][info][gc,heap     ] GC(422) Survivor regions: 16->12(12)
[231.460s][info][gc,heap     ] GC(422) Old regions: 113->139
[231.460s][info][gc,heap     ] GC(422) Humongous regions: 3->3
[231.460s][info][gc,metaspace] GC(422) Metaspace: 42146K(42560K)->42146K(42560K) NonClass: 37800K(38080K)->37800K(38080K) Class: 4346K(4480K)->4346K(4480K)
[231.461s][info][gc          ] GC(422) Pause Young (Prepare Mixed) (G1 Evacuation Pause) 208M->153M(256M) 63.479ms
[231.461s][info][gc,cpu      ] GC(422) User=0.09s Sys=0.00s Real=0.06s
[231.755s][info][gc,start    ] GC(423) Pause Young (Mixed) (G1 Evacuation Pause)
[231.756s][info][gc,task     ] GC(423) Using 2 workers of 2 for evacuation
[231.796s][info][gc,phases   ] GC(423)   Pre Evacuate Collection Set: 0.21ms
[231.796s][info][gc,phases   ] GC(423)   Merge Heap Roots: 0.34ms
[231.796s][info][gc,phases   ] GC(423)   Evacuate Collection Set: 39.31ms
[231.796s][info][gc,phases   ] GC(423)   Post Evacuate Collection Set: 0.41ms
[231.796s][info][gc,phases   ] GC(423)   Other: 0.08ms
[231.796s][info][gc,heap     ] GC(423) Eden regions: 62->0(55)
[231.796s][info][gc,heap     ] GC(423) Survivor regions: 12->10(10)
[231.796s][info][gc,heap     ] GC(423) Old regions: 139->151
[231.796s][info][gc,heap     ] GC(423) Humongous regions: 5->3
[231.796s][info][gc,metaspace] GC(423) Metaspace: 42146K(42560K)->42146K(42560K) NonClass: 37800K(38080K)->37800K(38080K) Class: 4346K(4480K)->4346K(4480K)
[231.796s][info][gc          ] GC(423) Pause Young (Mixed) (G1 Evacuation Pause) 217M->163M(256M) 40.531ms
[231.796s][info][gc,cpu      ] GC(423) User=0.08s Sys=0.00s Real=0.04s
[232.025s][info][gc,start    ] GC(424) Pause Young (Concurrent Start) (G1 Evacuation Pause)
[232.025s][info][gc,task     ] GC(424) Using 2 workers of 2 for evacuation
[232.046s][info][gc,phases   ] GC(424)   Pre Evacuate Collection Set: 0.17ms
[232.046s][info][gc,phases   ] GC(424)   Merge Heap Roots: 0.13ms
[232.046s][info][gc,phases   ] GC(424)   Evacuate Collection Set: 19.36ms
[232.046s][info][gc,phases   ] GC(424)   Post Evacuate Collection Set: 1.36ms
[232.046s][info][gc,phases   ] GC(424)   Other: 0.11ms
[232.046s][info][gc,heap     ] GC(424) Eden regions: 55->0(158)
[232.046s][info][gc,heap     ] GC(424) Survivor regions: 10->8(9)
[232.046s][info][gc,heap     ] GC(424) Old regions: 151->159
[232.046s][info][gc,heap     ] GC(424) Humongous regions: 3->3
[232.046s][info][gc,metaspace] GC(424) Metaspace: 42146K(42560K)->42146K(42560K) NonClass: 37800K(38080K)->37800K(38080K) Class: 4346K(4480K)->4346K(4480K)
[232.046s][info][gc          ] GC(424) Pause Young (Concurrent Start) (G1 Evacuation Pause) 218M->169M(401M) 21.302ms
[232.046s][info][gc,cpu      ] GC(424) User=0.04s Sys=0.00s Real=0.02s
[232.046s][info][gc          ] GC(425) Concurrent Mark Cycle
[232.046s][info][gc,marking  ] GC(425) Concurrent Scan Root Regions
[232.065s][info][gc,marking  ] GC(425) Concurrent Scan Root Regions 19.050ms
[232.066s][info][gc,marking  ] GC(425) Concurrent Mark
[232.066s][info][gc,marking  ] GC(425) Concurrent Mark From Roots
[232.066s][info][gc,task     ] GC(425) Using 1 workers of 1 for marking
[232.226s][info][gc,marking  ] GC(425) Concurrent Mark From Roots 160.737ms
[232.226s][info][gc,marking  ] GC(425) Concurrent Preclean
[232.226s][info][gc,marking  ] GC(425) Concurrent Preclean 0.036ms
[232.226s][info][gc,start    ] GC(425) Pause Remark
[232.245s][info][gc          ] GC(425) Pause Remark 205M->205M(401M) 18.945ms
[232.245s][info][gc,cpu      ] GC(425) User=0.04s Sys=0.00s Real=0.02s
[232.245s][info][gc,marking  ] GC(425) Concurrent Mark 179.983ms
[232.246s][info][gc,marking  ] GC(425) Concurrent Rebuild Remembered Sets and Scrub Regions
[232.327s][info][gc,marking  ] GC(425) Concurrent Rebuild Remembered Sets and Scrub Regions 81.129ms
[232.327s][info][gc,start    ] GC(425) Pause Cleanup
[232.327s][info][gc          ] GC(425) Pause Cleanup 214M->214M(401M) 0.082ms
[232.327s][info][gc,cpu      ] GC(425) User=0.00s Sys=0.00s Real=0.00s
[232.327s][info][gc,marking  ] GC(425) Concurrent Clear Claimed Marks
[232.327s][info][gc,marking  ] GC(425) Concurrent Clear Claimed Marks 0.038ms
[232.327s][info][gc,marking  ] GC(425) Concurrent Cleanup for Next Mark
[232.330s][info][gc,marking  ] GC(425) Concurrent Cleanup for Next Mark 2.836ms
[232.330s][info][gc          ] GC(425) Concurrent Mark Cycle 283.354ms
[232.833s][info][gc,start    ] GC(426) Pause Young (Prepare Mixed) (G1 Evacuation Pause)
[232.833s][info][gc,task     ] GC(426) Using 2 workers of 2 for evacuation
[232.855s][info][gc,phases   ] GC(426)   Pre Evacuate Collection Set: 0.21ms
[232.856s][info][gc,phases   ] GC(426)   Merge Heap Roots: 0.08ms
[232.856s][info][gc,phases   ] GC(426)   Evacuate Collection Set: 21.46ms
[232.856s][info][gc,phases   ] GC(426)   Post Evacuate Collection Set: 0.46ms
[232.856s][info][gc,phases   ] GC(426)   Other: 0.12ms
[232.856s][info][gc,heap     ] GC(426) Eden regions: 158->0(155)
[232.856s][info][gc,heap     ] GC(426) Survivor regions: 8->19(21)
[232.856s][info][gc,heap     ] GC(426) Old regions: 159->159
[232.856s][info][gc,heap     ] GC(426) Humongous regions: 13->3
[232.856s][info][gc,metaspace] GC(426) Metaspace: 42146K(42560K)->42146K(42560K) NonClass: 37800K(38080K)->37800K(38080K) Class: 4346K(4480K)->4346K(4480K)
[232.856s][info][gc          ] GC(426) Pause Young (Prepare Mixed) (G1 Evacuation Pause) 337M->180M(401M) 22.505ms
[232.856s][info][gc,cpu      ] GC(426) User=0.05s Sys=0.00s Real=0.02s
[233.354s][info][gc,start    ] GC(427) Pause Young (Mixed) (G1 Evacuation Pause)
[233.354s][info][gc,task     ] GC(427) Using 2 workers of 2 for evacuation
[233.403s][info][gc,phases   ] GC(427)   Pre Evacuate Collection Set: 0.21ms
[233.403s][info][gc,phases   ] GC(427)   Merge Heap Roots: 0.23ms
[233.403s][info][gc,phases   ] GC(427)   Evacuate Collection Set: 48.54ms
[233.403s][info][gc,phases   ] GC(427)   Post Evacuate Collection Set: 0.58ms
[233.403s][info][gc,phases   ] GC(427)   Other: 0.07ms
[233.403s][info][gc,heap     ] GC(427) Eden regions: 155->0(143)
[233.403s][info][gc,heap     ] GC(427) Survivor regions: 19->22(22)
[233.403s][info][gc,heap     ] GC(427) Old regions: 159->154
[233.403s][info][gc,heap     ] GC(427) Humongous regions: 6->4
[233.403s][info][gc,metaspace] GC(427) Metaspace: 42158K(42560K)->42158K(42560K) NonClass: 37812K(38080K)->37812K(38080K) Class: 4346K(4480K)->4346K(4480K)
[233.403s][info][gc          ] GC(427) Pause Young (Mixed) (G1 Evacuation Pause) 338M->179M(401M) 49.883ms
[233.403s][info][gc,cpu      ] GC(427) User=0.10s Sys=0.00s Real=0.05s
[233.878s][info][gc,start    ] GC(428) Pause Young (Mixed) (G1 Evacuation Pause)
[233.878s][info][gc,task     ] GC(428) Using 2 workers of 2 for evacuation
[233.927s][info][gc,phases   ] GC(428)   Pre Evacuate Collection Set: 0.22ms
[233.927s][info][gc,phases   ] GC(428)   Merge Heap Roots: 0.87ms
[233.927s][info][gc,phases   ] GC(428)   Evacuate Collection Set: 47.79ms
[233.927s][info][gc,phases   ] GC(428)   Post Evacuate Collection Set: 0.50ms
[233.927s][info][gc,phases   ] GC(428)   Other: 0.07ms
[233.927s][info][gc,heap     ] GC(428) Eden regions: 143->0(159)
[233.927s][info][gc,heap     ] GC(428) Survivor regions: 22->11(21)
[233.927s][info][gc,heap     ] GC(428) Old regions: 154->153
[233.927s][info][gc,heap     ] GC(428) Humongous regions: 5->4
[233.927s][info][gc,metaspace] GC(428) Metaspace: 42158K(42560K)->42158K(42560K) NonClass: 37812K(38080K)->37812K(38080K) Class: 4346K(4480K)->4346K(4480K)
[233.927s][info][gc          ] GC(428) Pause Young (Mixed) (G1 Evacuation Pause) 323M->167M(401M) 49.694ms
[233.927s][info][gc,cpu      ] GC(428) User=0.10s Sys=0.00s Real=0.05s
[234.191s][info][gc,start    ] GC(429) Pause Young (Concurrent Start) (G1 Humongous Allocation)
[234.191s][info][gc,task     ] GC(429) Using 2 workers of 2 for evacuation
[234.215s][info][gc,phases   ] GC(429)   Pre Evacuate Collection Set: 0.22ms
[234.215s][info][gc,phases   ] GC(429)   Merge Heap Roots: 0.08ms
[234.215s][info][gc,phases   ] GC(429)   Evacuate Collection Set: 22.58ms
[234.215s][info][gc,phases   ] GC(429)   Post Evacuate Collection Set: 0.38ms
[234.215s][info][gc,phases   ] GC(429)   Other: 0.10ms
[234.215s][info][gc,heap     ] GC(429) Eden regions: 78->0(136)
[234.215s][info][gc,heap     ] GC(429) Survivor regions: 11->22(22)
[234.215s][info][gc,heap     ] GC(429) Old regions: 153->166
[234.215s][info][gc,heap     ] GC(429) Humongous regions: 4->4
[234.215s][info][gc,metaspace] GC(429) Metaspace: 42159K(42560K)->42159K(42560K) NonClass: 37813K(38080K)->37813K(38080K) Class: 4346K(4480K)->4346K(4480K)
[234.215s][info][gc          ] GC(429) Pause Young (Concurrent Start) (G1 Humongous Allocation) 245M->191M(401M) 23.575ms
[234.215s][info][gc,cpu      ] GC(429) User=0.04s Sys=0.00s Real=0.02s
[234.215s][info][gc          ] GC(430) Concurrent Mark Cycle
[234.215s][info][gc,marking  ] GC(430) Concurrent Scan Root Regions
[234.233s][info][gc,marking  ] GC(430) Concurrent Scan Root Regions 17.599ms
[234.233s][info][gc,marking  ] GC(430) Concurrent Mark
[234.233s][info][gc,marking  ] GC(430) Concurrent Mark From Roots
[234.233s][info][gc,task     ] GC(430) Using 1 workers of 1 for marking
[234.333s][info][gc,marking  ] GC(430) Concurrent Mark From Roots 100.778ms
[234.333s][info][gc,marking  ] GC(430) Concurrent Preclean
[234.333s][info][gc,marking  ] GC(430) Concurrent Preclean 0.052ms
[234.334s][info][gc,start    ] GC(430) Pause Remark
[234.349s][info][gc          ] GC(430) Pause Remark 220M->209M(401M) 15.443ms
[234.349s][info][gc,cpu      ] GC(430) User=0.03s Sys=0.00s Real=0.01s
[234.349s][info][gc,marking  ] GC(430) Concurrent Mark 116.510ms
[234.349s][info][gc,marking  ] GC(430) Concurrent Rebuild Remembered Sets and Scrub Regions
[234.417s][info][gc,marking  ] GC(430) Concurrent Rebuild Remembered Sets and Scrub Regions 67.824ms
[234.417s][info][gc,start    ] GC(430) Pause Cleanup
[234.417s][info][gc          ] GC(430) Pause Cleanup 228M->228M(401M) 0.098ms
[234.417s][info][gc,cpu      ] GC(430) User=0.00s Sys=0.00s Real=0.00s
[234.418s][info][gc,marking  ] GC(430) Concurrent Clear Claimed Marks
[234.418s][info][gc,marking  ] GC(430) Concurrent Clear Claimed Marks 0.058ms
[234.418s][info][gc,marking  ] GC(430) Concurrent Cleanup for Next Mark
[234.419s][info][gc,marking  ] GC(430) Concurrent Cleanup for Next Mark 1.198ms
[234.420s][info][gc          ] GC(430) Concurrent Mark Cycle 204.613ms
[234.714s][info][gc,start    ] GC(431) Pause Young (Prepare Mixed) (G1 Evacuation Pause)
[234.714s][info][gc,task     ] GC(431) Using 2 workers of 2 for evacuation
[234.755s][info][gc,phases   ] GC(431)   Pre Evacuate Collection Set: 0.21ms
[234.755s][info][gc,phases   ] GC(431)   Merge Heap Roots: 0.22ms
[234.755s][info][gc,phases   ] GC(431)   Evacuate Collection Set: 40.60ms
[234.755s][info][gc,phases   ] GC(431)   Post Evacuate Collection Set: 0.47ms
[234.755s][info][gc,phases   ] GC(431)   Other: 0.07ms
[234.755s][info][gc,heap     ] GC(431) Eden regions: 136->0(102)
[234.755s][info][gc,heap     ] GC(431) Survivor regions: 22->20(20)
[234.755s][info][gc,heap     ] GC(431) Old regions: 155->196
[234.755s][info][gc,heap     ] GC(431) Humongous regions: 6->5
[234.755s][info][gc,metaspace] GC(431) Metaspace: 42160K(42624K)->42160K(42624K) NonClass: 37814K(38144K)->37814K(38144K) Class: 4346K(4480K)->4346K(4480K)
[234.755s][info][gc          ] GC(431) Pause Young (Prepare Mixed) (G1 Evacuation Pause) 318M->220M(401M) 41.814ms
[234.755s][info][gc,cpu      ] GC(431) User=0.08s Sys=0.00s Real=0.04s
[235.102s][info][gc,start    ] GC(432) Pause Young (Mixed) (G1 Evacuation Pause)
[235.102s][info][gc,task     ] GC(432) Using 2 workers of 2 for evacuation
[235.159s][info][gc,phases   ] GC(432)   Pre Evacuate Collection Set: 0.30ms
[235.159s][info][gc,phases   ] GC(432)   Merge Heap Roots: 0.30ms
[235.159s][info][gc,phases   ] GC(432)   Evacuate Collection Set: 55.84ms
[235.159s][info][gc,phases   ] GC(432)   Post Evacuate Collection Set: 0.54ms
[235.159s][info][gc,phases   ] GC(432)   Other: 0.07ms
[235.159s][info][gc,heap     ] GC(432) Eden regions: 102->0(71)
[235.159s][info][gc,heap     ] GC(432) Survivor regions: 20->16(16)
[235.159s][info][gc,heap     ] GC(432) Old regions: 196->211
[235.159s][info][gc,heap     ] GC(432) Humongous regions: 5->5
[235.159s][info][gc,metaspace] GC(432) Metaspace: 42161K(42624K)->42161K(42624K) NonClass: 37815K(38144K)->37815K(38144K) Class: 4346K(4480K)->4346K(4480K)
[235.159s][info][gc          ] GC(432) Pause Young (Mixed) (G1 Evacuation Pause) 322M->231M(401M) 57.259ms
[235.159s][info][gc,cpu      ] GC(432) User=0.12s Sys=0.00s Real=0.05s
[235.441s][info][gc,start    ] GC(433) Pause Young (Mixed) (G1 Evacuation Pause)
[235.441s][info][gc,task     ] GC(433) Using 2 workers of 2 for evacuation
[235.512s][info][gc,phases   ] GC(433)   Pre Evacuate Collection Set: 0.24ms
[235.512s][info][gc,phases   ] GC(433)   Merge Heap Roots: 0.63ms
[235.512s][info][gc,phases   ] GC(433)   Evacuate Collection Set: 68.63ms
[235.512s][info][gc,phases   ] GC(433)   Post Evacuate Collection Set: 1.10ms
[235.512s][info][gc,phases   ] GC(433)   Other: 0.08ms
[235.512s][info][gc,heap     ] GC(433) Eden regions: 71->0(101)
[235.512s][info][gc,heap     ] GC(433) Survivor regions: 16->11(11)
[235.512s][info][gc,heap     ] GC(433) Old regions: 211->245
[235.512s][info][gc,heap     ] GC(433) Humongous regions: 5->5
[235.512s][info][gc,metaspace] GC(433) Metaspace: 42161K(42624K)->42161K(42624K) NonClass: 37815K(38144K)->37815K(38144K) Class: 4346K(4480K)->4346K(4480K)
[235.512s][info][gc          ] GC(433) Pause Young (Mixed) (G1 Evacuation Pause) 302M->260M(475M) 70.891ms
[235.512s][info][gc,cpu      ] GC(433) User=0.14s Sys=0.00s Real=0.08s
[235.615s][info][gc,start    ] GC(434) Pause Young (Concurrent Start) (G1 Humongous Allocation)
[235.615s][info][gc,task     ] GC(434) Using 2 workers of 2 for evacuation
[235.641s][info][gc,phases   ] GC(434)   Pre Evacuate Collection Set: 0.27ms
[235.641s][info][gc,phases   ] GC(434)   Merge Heap Roots: 0.21ms
[235.641s][info][gc,phases   ] GC(434)   Evacuate Collection Set: 25.34ms
[235.641s][info][gc,phases   ] GC(434)   Post Evacuate Collection Set: 0.34ms
[235.641s][info][gc,phases   ] GC(434)   Other: 0.11ms
[235.641s][info][gc,heap     ] GC(434) Eden regions: 25->0(83)
[235.641s][info][gc,heap     ] GC(434) Survivor regions: 11->14(14)
[235.641s][info][gc,heap     ] GC(434) Old regions: 245->257
[235.641s][info][gc,heap     ] GC(434) Humongous regions: 5->5
[235.641s][info][gc,metaspace] GC(434) Metaspace: 42161K(42624K)->42161K(42624K) NonClass: 37815K(38144K)->37815K(38144K) Class: 4346K(4480K)->4346K(4480K)
[235.641s][info][gc          ] GC(434) Pause Young (Concurrent Start) (G1 Humongous Allocation) 284M->275M(475M) 26.481ms
[235.641s][info][gc,cpu      ] GC(434) User=0.04s Sys=0.01s Real=0.02s
[235.641s][info][gc          ] GC(435) Concurrent Mark Cycle
[235.641s][info][gc,marking  ] GC(435) Concurrent Scan Root Regions
[235.650s][info][gc,marking  ] GC(435) Concurrent Scan Root Regions 8.806ms
[235.650s][info][gc,marking  ] GC(435) Concurrent Mark
[235.650s][info][gc,marking  ] GC(435) Concurrent Mark From Roots
[235.650s][info][gc,task     ] GC(435) Using 1 workers of 1 for marking
[235.769s][info][gc,marking  ] GC(435) Concurrent Mark From Roots 119.011ms
[235.769s][info][gc,marking  ] GC(435) Concurrent Preclean
[235.769s][info][gc,marking  ] GC(435) Concurrent Preclean 0.054ms
[235.769s][info][gc,start    ] GC(435) Pause Remark
[235.785s][info][gc          ] GC(435) Pause Remark 301M->245M(475M) 15.885ms
[235.785s][info][gc,cpu      ] GC(435) User=0.03s Sys=0.00s Real=0.02s
[235.787s][info][gc,marking  ] GC(435) Concurrent Mark 137.197ms
[235.787s][info][gc,marking  ] GC(435) Concurrent Rebuild Remembered Sets and Scrub Regions
[235.859s][info][gc,marking  ] GC(435) Concurrent Rebuild Remembered Sets and Scrub Regions 72.213ms
[235.860s][info][gc,start    ] GC(435) Pause Cleanup
[235.860s][info][gc          ] GC(435) Pause Cleanup 259M->259M(475M) 0.087ms
[235.860s][info][gc,cpu      ] GC(435) User=0.00s Sys=0.00s Real=0.00s
[235.860s][info][gc,marking  ] GC(435) Concurrent Clear Claimed Marks
[235.860s][info][gc,marking  ] GC(435) Concurrent Clear Claimed Marks 0.041ms
[235.860s][info][gc,marking  ] GC(435) Concurrent Cleanup for Next Mark
[235.862s][info][gc,marking  ] GC(435) Concurrent Cleanup for Next Mark 2.211ms
[235.862s][info][gc          ] GC(435) Concurrent Mark Cycle 220.836ms
[236.039s][info][gc,start    ] GC(436) Pause Young (Prepare Mixed) (G1 Evacuation Pause)
[236.039s][info][gc,task     ] GC(436) Using 2 workers of 2 for evacuation
[236.072s][info][gc,phases   ] GC(436)   Pre Evacuate Collection Set: 0.25ms
[236.072s][info][gc,phases   ] GC(436)   Merge Heap Roots: 0.23ms
[236.072s][info][gc,phases   ] GC(436)   Evacuate Collection Set: 31.64ms
[236.072s][info][gc,phases   ] GC(436)   Post Evacuate Collection Set: 0.40ms
[236.072s][info][gc,phases   ] GC(436)   Other: 0.08ms
[236.072s][info][gc,heap     ] GC(436) Eden regions: 83->0(97)
[236.072s][info][gc,heap     ] GC(436) Survivor regions: 14->13(13)
[236.072s][info][gc,heap     ] GC(436) Old regions: 203->235
[236.072s][info][gc,heap     ] GC(436) Humongous regions: 4->4
[236.072s][info][gc,metaspace] GC(436) Metaspace: 42162K(42624K)->42162K(42624K) NonClass: 37816K(38144K)->37816K(38144K) Class: 4346K(4480K)->4346K(4480K)
[236.072s][info][gc          ] GC(436) Pause Young (Prepare Mixed) (G1 Evacuation Pause) 303M->251M(475M) 32.800ms
[236.072s][info][gc,cpu      ] GC(436) User=0.06s Sys=0.00s Real=0.04s
[236.403s][info][gc,start    ] GC(437) Pause Young (Mixed) (G1 Evacuation Pause)
[236.403s][info][gc,task     ] GC(437) Using 2 workers of 2 for evacuation
[236.427s][info][gc,phases   ] GC(437)   Pre Evacuate Collection Set: 0.26ms
[236.427s][info][gc,phases   ] GC(437)   Merge Heap Roots: 0.21ms
[236.427s][info][gc,phases   ] GC(437)   Evacuate Collection Set: 22.63ms
[236.427s][info][gc,phases   ] GC(437)   Post Evacuate Collection Set: 0.49ms
[236.427s][info][gc,phases   ] GC(437)   Other: 0.07ms
[236.427s][info][gc,heap     ] GC(437) Eden regions: 97->0(121)
[236.427s][info][gc,heap     ] GC(437) Survivor regions: 13->14(14)
[236.427s][info][gc,heap     ] GC(437) Old regions: 235->201
[236.427s][info][gc,heap     ] GC(437) Humongous regions: 4->4
[236.427s][info][gc,metaspace] GC(437) Metaspace: 42163K(42624K)->42163K(42624K) NonClass: 37816K(38144K)->37816K(38144K) Class: 4347K(4480K)->4347K(4480K)
[236.427s][info][gc          ] GC(437) Pause Young (Mixed) (G1 Evacuation Pause) 348M->218M(475M) 23.886ms
[236.427s][info][gc,cpu      ] GC(437) User=0.05s Sys=0.00s Real=0.02s
[236.865s][info][gc,start    ] GC(438) Pause Young (Mixed) (G1 Evacuation Pause)
[236.865s][info][gc,task     ] GC(438) Using 2 workers of 2 for evacuation
[236.914s][info][gc,phases   ] GC(438)   Pre Evacuate Collection Set: 0.25ms
[236.914s][info][gc,phases   ] GC(438)   Merge Heap Roots: 0.35ms
[236.914s][info][gc,phases   ] GC(438)   Evacuate Collection Set: 47.85ms
[236.914s][info][gc,phases   ] GC(438)   Post Evacuate Collection Set: 0.51ms
[236.914s][info][gc,phases   ] GC(438)   Other: 0.10ms
[236.914s][info][gc,heap     ] GC(438) Eden regions: 121->0(110)
[236.914s][info][gc,heap     ] GC(438) Survivor regions: 14->17(17)
[236.914s][info][gc,heap     ] GC(438) Old regions: 201->210
[236.914s][info][gc,heap     ] GC(438) Humongous regions: 5->5
[236.914s][info][gc,metaspace] GC(438) Metaspace: 42165K(42624K)->42165K(42624K) NonClass: 37818K(38144K)->37818K(38144K) Class: 4347K(4480K)->4347K(4480K)
[236.914s][info][gc          ] GC(438) Pause Young (Mixed) (G1 Evacuation Pause) 340M->232M(475M) 49.292ms
[236.914s][info][gc,cpu      ] GC(438) User=0.09s Sys=0.00s Real=0.05s
[237.318s][info][gc,start    ] GC(439) Pause Young (Normal) (G1 Evacuation Pause)
[237.318s][info][gc,task     ] GC(439) Using 2 workers of 2 for evacuation
[237.374s][info][gc,phases   ] GC(439)   Pre Evacuate Collection Set: 0.31ms
[237.374s][info][gc,phases   ] GC(439)   Merge Heap Roots: 0.23ms
[237.374s][info][gc,phases   ] GC(439)   Evacuate Collection Set: 54.72ms
[237.374s][info][gc,phases   ] GC(439)   Post Evacuate Collection Set: 0.51ms
[237.374s][info][gc,phases   ] GC(439)   Other: 0.07ms
[237.374s][info][gc,heap     ] GC(439) Eden regions: 110->0(78)
[237.374s][info][gc,heap     ] GC(439) Survivor regions: 17->16(16)
[237.374s][info][gc,heap     ] GC(439) Old regions: 210->272
[237.374s][info][gc,heap     ] GC(439) Humongous regions: 6->6
[237.374s][info][gc,metaspace] GC(439) Metaspace: 42165K(42624K)->42165K(42624K) NonClass: 37818K(38144K)->37818K(38144K) Class: 4347K(4480K)->4347K(4480K)
[237.374s][info][gc          ] GC(439) Pause Young (Normal) (G1 Evacuation Pause) 343M->293M(475M) 56.067ms
[237.374s][info][gc,cpu      ] GC(439) User=0.11s Sys=0.00s Real=0.06s
[237.655s][info][gc,start    ] GC(440) Pause Young (Concurrent Start) (G1 Evacuation Pause)
[237.655s][info][gc,task     ] GC(440) Using 2 workers of 2 for evacuation
[237.710s][info][gc,phases   ] GC(440)   Pre Evacuate Collection Set: 0.26ms
[237.710s][info][gc,phases   ] GC(440)   Merge Heap Roots: 0.26ms
[237.710s][info][gc,phases   ] GC(440)   Evacuate Collection Set: 53.04ms
[237.710s][info][gc,phases   ] GC(440)   Post Evacuate Collection Set: 1.04ms
[237.710s][info][gc,phases   ] GC(440)   Other: 0.10ms
[237.710s][info][gc,heap     ] GC(440) Eden regions: 78->0(88)
[237.710s][info][gc,heap     ] GC(440) Survivor regions: 16->12(12)
[237.710s][info][gc,heap     ] GC(440) Old regions: 272->331
[237.710s][info][gc,heap     ] GC(440) Humongous regions: 6->6
[237.710s][info][gc,metaspace] GC(440) Metaspace: 42165K(42624K)->42165K(42624K) NonClass: 37818K(38144K)->37818K(38144K) Class: 4347K(4480K)->4347K(4480K)
[237.710s][info][gc          ] GC(440) Pause Young (Concurrent Start) (G1 Evacuation Pause) 371M->349M(566M) 54.937ms
[237.710s][info][gc,cpu      ] GC(440) User=0.10s Sys=0.00s Real=0.05s
[237.710s][info][gc          ] GC(441) Concurrent Mark Cycle
[237.710s][info][gc,marking  ] GC(441) Concurrent Scan Root Regions
[237.740s][info][gc,marking  ] GC(441) Concurrent Scan Root Regions 29.538ms
[237.740s][info][gc,marking  ] GC(441) Concurrent Mark
[237.740s][info][gc,marking  ] GC(441) Concurrent Mark From Roots
[237.740s][info][gc,task     ] GC(441) Using 1 workers of 1 for marking
[237.899s][info][gc,marking  ] GC(441) Concurrent Mark From Roots 158.763ms
[237.899s][info][gc,marking  ] GC(441) Concurrent Preclean
[237.899s][info][gc,marking  ] GC(441) Concurrent Preclean 0.063ms
[237.901s][info][gc,start    ] GC(441) Pause Remark
[237.921s][info][gc          ] GC(441) Pause Remark 387M->349M(566M) 19.466ms
[237.921s][info][gc,cpu      ] GC(441) User=0.03s Sys=0.00s Real=0.01s
[237.921s][info][gc,marking  ] GC(441) Concurrent Mark 180.939ms
[237.921s][info][gc,marking  ] GC(441) Concurrent Rebuild Remembered Sets and Scrub Regions
[238.023s][info][gc,marking  ] GC(441) Concurrent Rebuild Remembered Sets and Scrub Regions 102.067ms
[238.025s][info][gc,start    ] GC(441) Pause Cleanup
[238.025s][info][gc          ] GC(441) Pause Cleanup 369M->369M(566M) 0.113ms
[238.025s][info][gc,cpu      ] GC(441) User=0.00s Sys=0.00s Real=0.00s
[238.025s][info][gc,marking  ] GC(441) Concurrent Clear Claimed Marks
[238.025s][info][gc,marking  ] GC(441) Concurrent Clear Claimed Marks 0.084ms
[238.025s][info][gc,marking  ] GC(441) Concurrent Cleanup for Next Mark
[238.028s][info][gc,marking  ] GC(441) Concurrent Cleanup for Next Mark 2.734ms
[238.028s][info][gc          ] GC(441) Concurrent Mark Cycle 317.783ms
[238.180s][info][gc,start    ] GC(442) Pause Young (Prepare Mixed) (G1 Evacuation Pause)
[238.180s][info][gc,task     ] GC(442) Using 2 workers of 2 for evacuation
[238.233s][info][gc,phases   ] GC(442)   Pre Evacuate Collection Set: 0.23ms
[238.233s][info][gc,phases   ] GC(442)   Merge Heap Roots: 0.43ms
[238.233s][info][gc,phases   ] GC(442)   Evacuate Collection Set: 51.67ms
[238.233s][info][gc,phases   ] GC(442)   Post Evacuate Collection Set: 0.46ms
[238.233s][info][gc,phases   ] GC(442)   Other: 0.09ms
[238.233s][info][gc,heap     ] GC(442) Eden regions: 88->0(85)
[238.233s][info][gc,heap     ] GC(442) Survivor regions: 12->13(13)
[238.233s][info][gc,heap     ] GC(442) Old regions: 294->340
[238.233s][info][gc,heap     ] GC(442) Humongous regions: 6->6
[238.233s][info][gc,metaspace] GC(442) Metaspace: 42165K(42624K)->42165K(42624K) NonClass: 37818K(38144K)->37818K(38144K) Class: 4347K(4480K)->4347K(4480K)
[238.233s][info][gc          ] GC(442) Pause Young (Prepare Mixed) (G1 Evacuation Pause) 400M->359M(566M) 53.111ms
[238.233s][info][gc,cpu      ] GC(442) User=0.10s Sys=0.00s Real=0.06s
[238.535s][info][gc,start    ] GC(443) Pause Young (Mixed) (G1 Evacuation Pause)
[238.535s][info][gc,task     ] GC(443) Using 2 workers of 2 for evacuation
[238.568s][info][gc,phases   ] GC(443)   Pre Evacuate Collection Set: 0.27ms
[238.568s][info][gc,phases   ] GC(443)   Merge Heap Roots: 0.31ms
[238.568s][info][gc,phases   ] GC(443)   Evacuate Collection Set: 31.65ms
[238.568s][info][gc,phases   ] GC(443)   Post Evacuate Collection Set: 0.45ms
[238.568s][info][gc,phases   ] GC(443)   Other: 0.09ms
[238.568s][info][gc,heap     ] GC(443) Eden regions: 85->0(103)
[238.568s][info][gc,heap     ] GC(443) Survivor regions: 13->13(13)
[238.568s][info][gc,heap     ] GC(443) Old regions: 340->307
[238.568s][info][gc,heap     ] GC(443) Humongous regions: 7->6
[238.568s][info][gc,metaspace] GC(443) Metaspace: 42166K(42624K)->42166K(42624K) NonClass: 37819K(38144K)->37819K(38144K) Class: 4347K(4480K)->4347K(4480K)
[238.568s][info][gc          ] GC(443) Pause Young (Mixed) (G1 Evacuation Pause) 445M->326M(566M) 32.985ms
[238.568s][info][gc,cpu      ] GC(443) User=0.06s Sys=0.00s Real=0.03s
[238.931s][info][gc,start    ] GC(444) Pause Young (Mixed) (G1 Evacuation Pause)
[238.931s][info][gc,task     ] GC(444) Using 2 workers of 2 for evacuation
[238.959s][info][gc,phases   ] GC(444)   Pre Evacuate Collection Set: 0.34ms
[238.959s][info][gc,phases   ] GC(444)   Merge Heap Roots: 0.36ms
[238.959s][info][gc,phases   ] GC(444)   Evacuate Collection Set: 26.72ms
[238.959s][info][gc,phases   ] GC(444)   Post Evacuate Collection Set: 0.48ms
[238.959s][info][gc,phases   ] GC(444)   Other: 0.09ms
[238.959s][info][gc,heap     ] GC(444) Eden regions: 103->0(116)
[238.959s][info][gc,heap     ] GC(444) Survivor regions: 13->15(15)
[238.959s][info][gc,heap     ] GC(444) Old regions: 307->294
[238.959s][info][gc,heap     ] GC(444) Humongous regions: 6->6
[238.959s][info][gc,metaspace] GC(444) Metaspace: 42166K(42624K)->42166K(42624K) NonClass: 37819K(38144K)->37819K(38144K) Class: 4347K(4480K)->4347K(4480K)
[238.959s][info][gc          ] GC(444) Pause Young (Mixed) (G1 Evacuation Pause) 429M->315M(566M) 28.228ms
[238.959s][info][gc,cpu      ] GC(444) User=0.05s Sys=0.00s Real=0.03s
[239.360s][info][gc,start    ] GC(445) Pause Young (Normal) (G1 Evacuation Pause)
[239.360s][info][gc,task     ] GC(445) Using 2 workers of 2 for evacuation
[239.375s][info][gc,phases   ] GC(445)   Pre Evacuate Collection Set: 0.27ms
[239.375s][info][gc,phases   ] GC(445)   Merge Heap Roots: 0.09ms
[239.375s][info][gc,phases   ] GC(445)   Evacuate Collection Set: 14.44ms
[239.375s][info][gc,phases   ] GC(445)   Post Evacuate Collection Set: 0.43ms
[239.375s][info][gc,phases   ] GC(445)   Other: 0.08ms
[239.375s][info][gc,heap     ] GC(445) Eden regions: 116->0(119)
[239.375s][info][gc,heap     ] GC(445) Survivor regions: 15->17(17)
[239.375s][info][gc,heap     ] GC(445) Old regions: 294->302
[239.375s][info][gc,heap     ] GC(445) Humongous regions: 6->6
[239.375s][info][gc,metaspace] GC(445) Metaspace: 42166K(42624K)->42166K(42624K) NonClass: 37819K(38144K)->37819K(38144K) Class: 4347K(4480K)->4347K(4480K)
[239.375s][info][gc          ] GC(445) Pause Young (Normal) (G1 Evacuation Pause) 431M->324M(566M) 15.513ms
[239.375s][info][gc,cpu      ] GC(445) User=0.03s Sys=0.00s Real=0.02s
[239.447s][info][gc,start    ] GC(446) Pause Young (Concurrent Start) (G1 Humongous Allocation)
[239.447s][info][gc,task     ] GC(446) Using 2 workers of 2 for evacuation
[239.468s][info][gc,phases   ] GC(446)   Pre Evacuate Collection Set: 0.25ms
[239.468s][info][gc,phases   ] GC(446)   Merge Heap Roots: 0.04ms
[239.468s][info][gc,phases   ] GC(446)   Evacuate Collection Set: 19.52ms
[239.468s][info][gc,phases   ] GC(446)   Post Evacuate Collection Set: 0.32ms
[239.468s][info][gc,phases   ] GC(446)   Other: 0.08ms
[239.468s][info][gc,heap     ] GC(446) Eden regions: 19->0(89)
[239.468s][info][gc,heap     ] GC(446) Survivor regions: 17->17(17)
[239.468s][info][gc,heap     ] GC(446) Old regions: 302->318
[239.468s][info][gc,heap     ] GC(446) Humongous regions: 6->6
[239.468s][info][gc,metaspace] GC(446) Metaspace: 42166K(42624K)->42166K(42624K) NonClass: 37819K(38144K)->37819K(38144K) Class: 4347K(4480K)->4347K(4480K)
[239.468s][info][gc          ] GC(446) Pause Young (Concurrent Start) (G1 Humongous Allocation) 343M->340M(566M) 20.386ms
[239.468s][info][gc,cpu      ] GC(446) User=0.04s Sys=0.00s Real=0.02s
[239.468s][info][gc          ] GC(447) Concurrent Mark Cycle
[239.468s][info][gc,marking  ] GC(447) Concurrent Scan Root Regions
[239.482s][info][gc,marking  ] GC(447) Concurrent Scan Root Regions 14.385ms
[239.482s][info][gc,marking  ] GC(447) Concurrent Mark
[239.482s][info][gc,marking  ] GC(447) Concurrent Mark From Roots
[239.482s][info][gc,task     ] GC(447) Using 1 workers of 1 for marking
[239.557s][info][gc,marking  ] GC(447) Concurrent Mark From Roots 74.420ms
[239.557s][info][gc,marking  ] GC(447) Concurrent Preclean
[239.557s][info][gc,marking  ] GC(447) Concurrent Preclean 0.056ms
[239.557s][info][gc,start    ] GC(447) Pause Remark
[239.573s][info][gc          ] GC(447) Pause Remark 358M->156M(467M) 15.654ms
[239.573s][info][gc,cpu      ] GC(447) User=0.03s Sys=0.00s Real=0.02s
[239.573s][info][gc,marking  ] GC(447) Concurrent Mark 90.416ms
[239.573s][info][gc,marking  ] GC(447) Concurrent Rebuild Remembered Sets and Scrub Regions
[239.616s][info][gc,marking  ] GC(447) Concurrent Rebuild Remembered Sets and Scrub Regions 43.433ms
[239.616s][info][gc,start    ] GC(447) Pause Cleanup
[239.616s][info][gc          ] GC(447) Pause Cleanup 167M->167M(467M) 0.094ms
[239.616s][info][gc,cpu      ] GC(447) User=0.00s Sys=0.00s Real=0.00s
[239.616s][info][gc,marking  ] GC(447) Concurrent Clear Claimed Marks
[239.616s][info][gc,marking  ] GC(447) Concurrent Clear Claimed Marks 0.041ms
[239.616s][info][gc,marking  ] GC(447) Concurrent Cleanup for Next Mark
[239.618s][info][gc,marking  ] GC(447) Concurrent Cleanup for Next Mark 1.356ms
[239.618s][info][gc          ] GC(447) Concurrent Mark Cycle 150.022ms
[239.873s][info][gc,start    ] GC(448) Pause Young (Prepare Mixed) (G1 Evacuation Pause)
[239.873s][info][gc,task     ] GC(448) Using 2 workers of 2 for evacuation
[239.896s][info][gc,phases   ] GC(448)   Pre Evacuate Collection Set: 0.21ms
[239.896s][info][gc,phases   ] GC(448)   Merge Heap Roots: 0.19ms
[239.896s][info][gc,phases   ] GC(448)   Evacuate Collection Set: 21.40ms
[239.896s][info][gc,phases   ] GC(448)   Post Evacuate Collection Set: 0.46ms
[239.896s][info][gc,phases   ] GC(448)   Other: 0.07ms
[239.896s][info][gc,heap     ] GC(448) Eden regions: 89->0(139)
[239.896s][info][gc,heap     ] GC(448) Survivor regions: 17->14(14)
[239.896s][info][gc,heap     ] GC(448) Old regions: 119->125
[239.896s][info][gc,heap     ] GC(448) Humongous regions: 4->3
[239.896s][info][gc,metaspace] GC(448) Metaspace: 42166K(42624K)->42166K(42624K) NonClass: 37819K(38144K)->37819K(38144K) Class: 4347K(4480K)->4347K(4480K)
[239.896s][info][gc          ] GC(448) Pause Young (Prepare Mixed) (G1 Evacuation Pause) 228M->141M(467M) 22.533ms
[239.896s][info][gc,cpu      ] GC(448) User=0.05s Sys=0.00s Real=0.02s
[240.403s][info][gc,start    ] GC(449) Pause Young (Mixed) (G1 Evacuation Pause)
[240.404s][info][gc,task     ] GC(449) Using 2 workers of 2 for evacuation
[240.422s][info][gc,phases   ] GC(449)   Pre Evacuate Collection Set: 0.24ms
[240.422s][info][gc,phases   ] GC(449)   Merge Heap Roots: 0.28ms
[240.422s][info][gc,phases   ] GC(449)   Evacuate Collection Set: 17.51ms
[240.422s][info][gc,phases   ] GC(449)   Post Evacuate Collection Set: 0.43ms
[240.422s][info][gc,phases   ] GC(449)   Other: 0.07ms
[240.422s][info][gc,heap     ] GC(449) Eden regions: 139->0(167)
[240.422s][info][gc,heap     ] GC(449) Survivor regions: 14->3(20)
[240.422s][info][gc,heap     ] GC(449) Old regions: 125->107
[240.422s][info][gc,heap     ] GC(449) Humongous regions: 4->3
[240.422s][info][gc,metaspace] GC(449) Metaspace: 42166K(42624K)->42166K(42624K) NonClass: 37819K(38144K)->37819K(38144K) Class: 4347K(4480K)->4347K(4480K)
[240.422s][info][gc          ] GC(449) Pause Young (Mixed) (G1 Evacuation Pause) 281M->112M(467M) 18.743ms
[240.422s][info][gc,cpu      ] GC(449) User=0.04s Sys=0.00s Real=0.02s
[240.978s][info][gc,start    ] GC(450) Pause Young (Normal) (G1 Evacuation Pause)
[240.978s][info][gc,task     ] GC(450) Using 2 workers of 2 for evacuation
[240.999s][info][gc,phases   ] GC(450)   Pre Evacuate Collection Set: 0.28ms
[240.999s][info][gc,phases   ] GC(450)   Merge Heap Roots: 0.08ms
[240.999s][info][gc,phases   ] GC(450)   Evacuate Collection Set: 20.12ms
[240.999s][info][gc,phases   ] GC(450)   Post Evacuate Collection Set: 0.45ms
[240.999s][info][gc,phases   ] GC(450)   Other: 0.08ms
[240.999s][info][gc,heap     ] GC(450) Eden regions: 167->0(162)
[240.999s][info][gc,heap     ] GC(450) Survivor regions: 3->22(22)
[240.999s][info][gc,heap     ] GC(450) Old regions: 107->116
[240.999s][info][gc,heap     ] GC(450) Humongous regions: 5->3
[240.999s][info][gc,metaspace] GC(450) Metaspace: 42166K(42624K)->42166K(42624K) NonClass: 37819K(38144K)->37819K(38144K) Class: 4347K(4480K)->4347K(4480K)
[240.999s][info][gc          ] GC(450) Pause Young (Normal) (G1 Evacuation Pause) 281M->141M(467M) 21.236ms
[240.999s][info][gc,cpu      ] GC(450) User=0.05s Sys=0.00s Real=0.02s
[241.606s][info][gc,start    ] GC(451) Pause Young (Normal) (G1 Evacuation Pause)
[241.606s][info][gc,task     ] GC(451) Using 2 workers of 2 for evacuation
[241.640s][info][gc,phases   ] GC(451)   Pre Evacuate Collection Set: 0.22ms
[241.640s][info][gc,phases   ] GC(451)   Merge Heap Roots: 0.12ms
[241.640s][info][gc,phases   ] GC(451)   Evacuate Collection Set: 33.53ms
[241.640s][info][gc,phases   ] GC(451)   Post Evacuate Collection Set: 0.50ms
[241.640s][info][gc,phases   ] GC(451)   Other: 0.08ms
[241.641s][info][gc,heap     ] GC(451) Eden regions: 162->0(153)
[241.641s][info][gc,heap     ] GC(451) Survivor regions: 22->23(23)
[241.641s][info][gc,heap     ] GC(451) Old regions: 116->143
[241.641s][info][gc,heap     ] GC(451) Humongous regions: 5->4
[241.641s][info][gc,metaspace] GC(451) Metaspace: 42166K(42624K)->42166K(42624K) NonClass: 37819K(38144K)->37819K(38144K) Class: 4347K(4480K)->4347K(4480K)
[241.641s][info][gc          ] GC(451) Pause Young (Normal) (G1 Evacuation Pause) 305M->170M(467M) 34.705ms
[241.641s][info][gc,cpu      ] GC(451) User=0.06s Sys=0.00s Real=0.03s
[241.849s][info][gc,start    ] GC(452) Pause Young (Concurrent Start) (G1 Humongous Allocation)
[241.849s][info][gc,task     ] GC(452) Using 2 workers of 2 for evacuation
[241.882s][info][gc,phases   ] GC(452)   Pre Evacuate Collection Set: 0.24ms
[241.882s][info][gc,phases   ] GC(452)   Merge Heap Roots: 0.17ms
[241.882s][info][gc,phases   ] GC(452)   Evacuate Collection Set: 32.10ms
[241.882s][info][gc,phases   ] GC(452)   Post Evacuate Collection Set: 0.46ms
[241.882s][info][gc,phases   ] GC(452)   Other: 0.08ms
[241.883s][info][gc,heap     ] GC(452) Eden regions: 63->0(143)
[241.883s][info][gc,heap     ] GC(452) Survivor regions: 23->22(22)
[241.883s][info][gc,heap     ] GC(452) Old regions: 143->161
[241.883s][info][gc,heap     ] GC(452) Humongous regions: 4->4
[241.883s][info][gc,metaspace] GC(452) Metaspace: 42166K(42624K)->42166K(42624K) NonClass: 37819K(38144K)->37819K(38144K) Class: 4347K(4480K)->4347K(4480K)
[241.883s][info][gc          ] GC(452) Pause Young (Concurrent Start) (G1 Humongous Allocation) 232M->186M(467M) 33.271ms
[241.883s][info][gc          ] GC(453) Concurrent Mark Cycle
[241.883s][info][gc,marking  ] GC(453) Concurrent Scan Root Regions
[241.883s][info][gc,cpu      ] GC(452) User=0.06s Sys=0.00s Real=0.04s
[241.901s][info][gc,marking  ] GC(453) Concurrent Scan Root Regions 18.645ms
[241.901s][info][gc,marking  ] GC(453) Concurrent Mark
[241.901s][info][gc,marking  ] GC(453) Concurrent Mark From Roots
[241.901s][info][gc,task     ] GC(453) Using 1 workers of 1 for marking
[242.005s][info][gc,marking  ] GC(453) Concurrent Mark From Roots 103.395ms
[242.005s][info][gc,marking  ] GC(453) Concurrent Preclean
[242.005s][info][gc,marking  ] GC(453) Concurrent Preclean 0.065ms
[242.005s][info][gc,start    ] GC(453) Pause Remark
[242.021s][info][gc          ] GC(453) Pause Remark 216M->198M(467M) 15.798ms
[242.021s][info][gc,cpu      ] GC(453) User=0.03s Sys=0.00s Real=0.01s
[242.021s][info][gc,marking  ] GC(453) Concurrent Mark 119.554ms
[242.021s][info][gc,marking  ] GC(453) Concurrent Rebuild Remembered Sets and Scrub Regions
[242.081s][info][gc,marking  ] GC(453) Concurrent Rebuild Remembered Sets and Scrub Regions 60.238ms
[242.081s][info][gc,start    ] GC(453) Pause Cleanup
[242.081s][info][gc          ] GC(453) Pause Cleanup 216M->216M(467M) 0.066ms
[242.081s][info][gc,cpu      ] GC(453) User=0.00s Sys=0.00s Real=0.00s
[242.081s][info][gc,marking  ] GC(453) Concurrent Clear Claimed Marks
[242.081s][info][gc,marking  ] GC(453) Concurrent Clear Claimed Marks 0.041ms
[242.081s][info][gc,marking  ] GC(453) Concurrent Cleanup for Next Mark
[242.083s][info][gc,marking  ] GC(453) Concurrent Cleanup for Next Mark 1.342ms
[242.083s][info][gc          ] GC(453) Concurrent Mark Cycle 200.195ms
[242.424s][info][gc,start    ] GC(454) Pause Young (Prepare Mixed) (G1 Evacuation Pause)
[242.424s][info][gc,task     ] GC(454) Using 2 workers of 2 for evacuation
[242.473s][info][gc,phases   ] GC(454)   Pre Evacuate Collection Set: 0.21ms
[242.473s][info][gc,phases   ] GC(454)   Merge Heap Roots: 0.30ms
[242.473s][info][gc,phases   ] GC(454)   Evacuate Collection Set: 47.86ms
[242.473s][info][gc,phases   ] GC(454)   Post Evacuate Collection Set: 0.53ms
[242.473s][info][gc,phases   ] GC(454)   Other: 0.08ms
[242.473s][info][gc,heap     ] GC(454) Eden regions: 143->0(131)
[242.473s][info][gc,heap     ] GC(454) Survivor regions: 22->21(21)
[242.473s][info][gc,heap     ] GC(454) Old regions: 143->187
[242.473s][info][gc,heap     ] GC(454) Humongous regions: 6->6
[242.473s][info][gc,metaspace] GC(454) Metaspace: 42166K(42624K)->42166K(42624K) NonClass: 37819K(38144K)->37819K(38144K) Class: 4347K(4480K)->4347K(4480K)
[242.473s][info][gc          ] GC(454) Pause Young (Prepare Mixed) (G1 Evacuation Pause) 313M->214M(467M) 49.234ms
[242.473s][info][gc,cpu      ] GC(454) User=0.10s Sys=0.00s Real=0.05s
[242.861s][info][gc,start    ] GC(455) Pause Young (Mixed) (G1 Evacuation Pause)
[242.861s][info][gc,task     ] GC(455) Using 2 workers of 2 for evacuation
[242.892s][info][gc,phases   ] GC(455)   Pre Evacuate Collection Set: 0.24ms
[242.892s][info][gc,phases   ] GC(455)   Merge Heap Roots: 0.38ms
[242.892s][info][gc,phases   ] GC(455)   Evacuate Collection Set: 29.33ms
[242.892s][info][gc,phases   ] GC(455)   Post Evacuate Collection Set: 0.73ms
[242.892s][info][gc,phases   ] GC(455)   Other: 0.08ms
[242.892s][info][gc,heap     ] GC(455) Eden regions: 131->0(164)
[242.892s][info][gc,heap     ] GC(455) Survivor regions: 21->8(19)
[242.892s][info][gc,heap     ] GC(455) Old regions: 187->172
[242.892s][info][gc,heap     ] GC(455) Humongous regions: 8->6
[242.892s][info][gc,metaspace] GC(455) Metaspace: 42167K(42624K)->42167K(42624K) NonClass: 37820K(38144K)->37820K(38144K) Class: 4347K(4480K)->4347K(4480K)
[242.892s][info][gc          ] GC(455) Pause Young (Mixed) (G1 Evacuation Pause) 347M->186M(488M) 30.968ms
[242.892s][info][gc,cpu      ] GC(455) User=0.07s Sys=0.00s Real=0.04s
[243.437s][info][gc,start    ] GC(456) Pause Young (Concurrent Start) (G1 Evacuation Pause)
[243.437s][info][gc,task     ] GC(456) Using 2 workers of 2 for evacuation
[243.444s][info][gc,phases   ] GC(456)   Pre Evacuate Collection Set: 0.23ms
[243.444s][info][gc,phases   ] GC(456)   Merge Heap Roots: 0.07ms
[243.444s][info][gc,phases   ] GC(456)   Evacuate Collection Set: 5.35ms
[243.444s][info][gc,phases   ] GC(456)   Post Evacuate Collection Set: 0.42ms
[243.444s][info][gc,phases   ] GC(456)   Other: 0.14ms
[243.444s][info][gc,heap     ] GC(456) Eden regions: 164->0(179)
[243.444s][info][gc,heap     ] GC(456) Survivor regions: 8->8(22)
[243.444s][info][gc,heap     ] GC(456) Old regions: 172->172
[243.444s][info][gc,heap     ] GC(456) Humongous regions: 6->6
[243.444s][info][gc,metaspace] GC(456) Metaspace: 42167K(42624K)->42167K(42624K) NonClass: 37820K(38144K)->37820K(38144K) Class: 4347K(4480K)->4347K(4480K)
[243.444s][info][gc          ] GC(456) Pause Young (Concurrent Start) (G1 Evacuation Pause) 350M->185M(488M) 6.395ms
[243.444s][info][gc,cpu      ] GC(456) User=0.01s Sys=0.00s Real=0.01s
[243.444s][info][gc          ] GC(457) Concurrent Mark Cycle
[243.444s][info][gc,marking  ] GC(457) Concurrent Scan Root Regions
[243.448s][info][gc,marking  ] GC(457) Concurrent Scan Root Regions 4.073ms
[243.448s][info][gc,marking  ] GC(457) Concurrent Mark
[243.448s][info][gc,marking  ] GC(457) Concurrent Mark From Roots
[243.448s][info][gc,task     ] GC(457) Using 1 workers of 1 for marking
[243.532s][info][gc,marking  ] GC(457) Concurrent Mark From Roots 84.211ms
[243.532s][info][gc,marking  ] GC(457) Concurrent Preclean
[243.532s][info][gc,marking  ] GC(457) Concurrent Preclean 0.037ms
[243.532s][info][gc,start    ] GC(457) Pause Remark
[243.548s][info][gc          ] GC(457) Pause Remark 211M->142M(390M) 15.752ms
[243.548s][info][gc,cpu      ] GC(457) User=0.03s Sys=0.00s Real=0.01s
[243.550s][info][gc,marking  ] GC(457) Concurrent Mark 102.192ms
[243.550s][info][gc,marking  ] GC(457) Concurrent Rebuild Remembered Sets and Scrub Regions
[243.584s][info][gc,marking  ] GC(457) Concurrent Rebuild Remembered Sets and Scrub Regions 33.808ms
[243.584s][info][gc,start    ] GC(457) Pause Cleanup
[243.584s][info][gc          ] GC(457) Pause Cleanup 153M->153M(390M) 0.058ms
[243.584s][info][gc,cpu      ] GC(457) User=0.00s Sys=0.00s Real=0.00s
[243.584s][info][gc,marking  ] GC(457) Concurrent Clear Claimed Marks
[243.584s][info][gc,marking  ] GC(457) Concurrent Clear Claimed Marks 0.092ms
[243.584s][info][gc,marking  ] GC(457) Concurrent Cleanup for Next Mark
[243.585s][info][gc,marking  ] GC(457) Concurrent Cleanup for Next Mark 1.108ms
[243.586s][info][gc          ] GC(457) Concurrent Mark Cycle 141.662ms
[244.049s][info][gc,start    ] GC(458) Pause Young (Prepare Mixed) (G1 Evacuation Pause)
[244.049s][info][gc,task     ] GC(458) Using 2 workers of 2 for evacuation
[244.057s][info][gc,phases   ] GC(458)   Pre Evacuate Collection Set: 0.20ms
[244.057s][info][gc,phases   ] GC(458)   Merge Heap Roots: 0.08ms
[244.057s][info][gc,phases   ] GC(458)   Evacuate Collection Set: 6.86ms
[244.057s][info][gc,phases   ] GC(458)   Post Evacuate Collection Set: 0.43ms
[244.057s][info][gc,phases   ] GC(458)   Other: 0.08ms
[244.057s][info][gc,heap     ] GC(458) Eden regions: 179->0(176)
[244.057s][info][gc,heap     ] GC(458) Survivor regions: 8->10(24)
[244.057s][info][gc,heap     ] GC(458) Old regions: 106->106
[244.057s][info][gc,heap     ] GC(458) Humongous regions: 4->1
[244.057s][info][gc,metaspace] GC(458) Metaspace: 42170K(42624K)->42170K(42624K) NonClass: 37823K(38144K)->37823K(38144K) Class: 4347K(4480K)->4347K(4480K)
[244.057s][info][gc          ] GC(458) Pause Young (Prepare Mixed) (G1 Evacuation Pause) 296M->117M(390M) 7.820ms
[244.057s][info][gc,cpu      ] GC(458) User=0.02s Sys=0.00s Real=0.01s
[244.383s][info][gc,start    ] GC(459) Pause Young (Mixed) (G1 Evacuation Pause)
[244.383s][info][gc,task     ] GC(459) Using 2 workers of 2 for evacuation
[244.392s][info][gc,phases   ] GC(459)   Pre Evacuate Collection Set: 0.21ms
[244.392s][info][gc,phases   ] GC(459)   Merge Heap Roots: 0.09ms
[244.392s][info][gc,phases   ] GC(459)   Evacuate Collection Set: 7.89ms
[244.392s][info][gc,phases   ] GC(459)   Post Evacuate Collection Set: 0.47ms
[244.392s][info][gc,phases   ] GC(459)   Other: 0.09ms
[244.392s][info][gc,heap     ] GC(459) Eden regions: 176->0(202)
[244.392s][info][gc,heap     ] GC(459) Survivor regions: 10->11(24)
[244.392s][info][gc,heap     ] GC(459) Old regions: 106->78
[244.392s][info][gc,heap     ] GC(459) Humongous regions: 1->1
[244.392s][info][gc,metaspace] GC(459) Metaspace: 42170K(42624K)->42170K(42624K) NonClass: 37823K(38144K)->37823K(38144K) Class: 4347K(4480K)->4347K(4480K)
[244.392s][info][gc          ] GC(459) Pause Young (Mixed) (G1 Evacuation Pause) 293M->88M(390M) 8.935ms
[244.392s][info][gc,cpu      ] GC(459) User=0.02s Sys=0.00s Real=0.01s
[244.762s][info][gc,start    ] GC(460) Pause Young (Concurrent Start) (G1 Evacuation Pause)
[244.762s][info][gc,task     ] GC(460) Using 2 workers of 2 for evacuation
[244.770s][info][gc,phases   ] GC(460)   Pre Evacuate Collection Set: 0.22ms
[244.770s][info][gc,phases   ] GC(460)   Merge Heap Roots: 0.08ms
[244.770s][info][gc,phases   ] GC(460)   Evacuate Collection Set: 7.24ms
[244.770s][info][gc,phases   ] GC(460)   Post Evacuate Collection Set: 0.46ms
[244.770s][info][gc,phases   ] GC(460)   Other: 0.09ms
[244.770s][info][gc,heap     ] GC(460) Eden regions: 202->0(214)
[244.770s][info][gc,heap     ] GC(460) Survivor regions: 11->11(27)
[244.770s][info][gc,heap     ] GC(460) Old regions: 78->78
[244.770s][info][gc,heap     ] GC(460) Humongous regions: 1->1
[244.770s][info][gc,metaspace] GC(460) Metaspace: 42170K(42624K)->42170K(42624K) NonClass: 37823K(38144K)->37823K(38144K) Class: 4347K(4480K)->4347K(4480K)
[244.770s][info][gc          ] GC(460) Pause Young (Concurrent Start) (G1 Evacuation Pause) 290M->89M(390M) 8.285ms
[244.770s][info][gc,cpu      ] GC(460) User=0.02s Sys=0.00s Real=0.00s
[244.770s][info][gc          ] GC(461) Concurrent Mark Cycle
[244.770s][info][gc,marking  ] GC(461) Concurrent Scan Root Regions
[244.776s][info][gc,marking  ] GC(461) Concurrent Scan Root Regions 5.516ms
[244.776s][info][gc,marking  ] GC(461) Concurrent Mark
[244.776s][info][gc,marking  ] GC(461) Concurrent Mark From Roots
[244.776s][info][gc,task     ] GC(461) Using 1 workers of 1 for marking
[244.853s][info][gc,marking  ] GC(461) Concurrent Mark From Roots 77.469ms
[244.853s][info][gc,marking  ] GC(461) Concurrent Preclean
[244.853s][info][gc,marking  ] GC(461) Concurrent Preclean 0.047ms
[244.855s][info][gc,start    ] GC(461) Pause Remark
[244.871s][info][gc          ] GC(461) Pause Remark 125M->122M(297M) 15.284ms
[244.871s][info][gc,cpu      ] GC(461) User=0.03s Sys=0.00s Real=0.01s
[244.871s][info][gc,marking  ] GC(461) Concurrent Mark 95.058ms
[244.871s][info][gc,marking  ] GC(461) Concurrent Rebuild Remembered Sets and Scrub Regions
[244.901s][info][gc,marking  ] GC(461) Concurrent Rebuild Remembered Sets and Scrub Regions 30.343ms
[244.903s][info][gc,start    ] GC(461) Pause Cleanup
[244.903s][info][gc          ] GC(461) Pause Cleanup 126M->126M(297M) 0.051ms
[244.903s][info][gc,cpu      ] GC(461) User=0.00s Sys=0.00s Real=0.00s
[244.903s][info][gc,marking  ] GC(461) Concurrent Clear Claimed Marks
[244.903s][info][gc,marking  ] GC(461) Concurrent Clear Claimed Marks 0.039ms
[244.903s][info][gc,marking  ] GC(461) Concurrent Cleanup for Next Mark
[244.904s][info][gc,marking  ] GC(461) Concurrent Cleanup for Next Mark 0.857ms
[244.904s][info][gc          ] GC(461) Concurrent Mark Cycle 134.159ms
[245.349s][info][gc,start    ] GC(462) Pause Young (Prepare Mixed) (G1 Evacuation Pause)
[245.349s][info][gc,task     ] GC(462) Using 2 workers of 2 for evacuation
[245.365s][info][gc,phases   ] GC(462)   Pre Evacuate Collection Set: 0.22ms
[245.365s][info][gc,phases   ] GC(462)   Merge Heap Roots: 0.08ms
[245.365s][info][gc,phases   ] GC(462)   Evacuate Collection Set: 14.53ms
[245.365s][info][gc,phases   ] GC(462)   Post Evacuate Collection Set: 0.72ms
[245.365s][info][gc,phases   ] GC(462)   Other: 0.08ms
[245.365s][info][gc,heap     ] GC(462) Eden regions: 102->0(226)
[245.365s][info][gc,heap     ] GC(462) Survivor regions: 11->12(29)
[245.365s][info][gc,heap     ] GC(462) Old regions: 75->75
[245.365s][info][gc,heap     ] GC(462) Humongous regions: 197->3
[245.365s][info][gc,metaspace] GC(462) Metaspace: 42174K(42624K)->42174K(42624K) NonClass: 37827K(38144K)->37827K(38144K) Class: 4347K(4480K)->4347K(4480K)
[245.365s][info][gc          ] GC(462) Pause Young (Prepare Mixed) (G1 Evacuation Pause) 384M->88M(397M) 15.839ms
[245.365s][info][gc,cpu      ] GC(462) User=0.03s Sys=0.00s Real=0.02s
[245.903s][info][gc,start    ] GC(463) Pause Young (Mixed) (G1 Evacuation Pause)
[245.903s][info][gc,task     ] GC(463) Using 2 workers of 2 for evacuation
[245.925s][info][gc,phases   ] GC(463)   Pre Evacuate Collection Set: 0.28ms
[245.925s][info][gc,phases   ] GC(463)   Merge Heap Roots: 0.08ms
[245.925s][info][gc,phases   ] GC(463)   Evacuate Collection Set: 20.40ms
[245.925s][info][gc,phases   ] GC(463)   Post Evacuate Collection Set: 0.91ms
[245.925s][info][gc,phases   ] GC(463)   Other: 0.07ms
[245.925s][info][gc,heap     ] GC(463) Eden regions: 55->0(287)
[245.925s][info][gc,heap     ] GC(463) Survivor regions: 12->16(30)
[245.925s][info][gc,heap     ] GC(463) Old regions: 75->67
[245.925s][info][gc,heap     ] GC(463) Humongous regions: 347->3
[245.925s][info][gc,metaspace] GC(463) Metaspace: 42174K(42624K)->42174K(42624K) NonClass: 37827K(38144K)->37827K(38144K) Class: 4347K(4480K)->4347K(4480K)
[245.925s][info][gc          ] GC(463) Pause Young (Mixed) (G1 Evacuation Pause) 487M->84M(506M) 21.943ms
[245.925s][info][gc,cpu      ] GC(463) User=0.03s Sys=0.01s Real=0.02s
[246.004s][info][gc,start    ] GC(464) Pause Young (Concurrent Start) (G1 Humongous Allocation)
[246.004s][info][gc,task     ] GC(464) Using 2 workers of 2 for evacuation
[246.019s][info][gc,phases   ] GC(464)   Pre Evacuate Collection Set: 0.37ms
[246.019s][info][gc,phases   ] GC(464)   Merge Heap Roots: 0.10ms
[246.019s][info][gc,phases   ] GC(464)   Evacuate Collection Set: 14.54ms
[246.019s][info][gc,phases   ] GC(464)   Post Evacuate Collection Set: 0.37ms
[246.019s][info][gc,phases   ] GC(464)   Other: 0.13ms
[246.019s][info][gc,heap     ] GC(464) Eden regions: 10->0(287)
[246.019s][info][gc,heap     ] GC(464) Survivor regions: 16->16(38)
[246.019s][info][gc,heap     ] GC(464) Old regions: 67->67
[246.019s][info][gc,heap     ] GC(464) Humongous regions: 61->1
[246.019s][info][gc,metaspace] GC(464) Metaspace: 42174K(42624K)->42174K(42624K) NonClass: 37827K(38144K)->37827K(38144K) Class: 4347K(4480K)->4347K(4480K)
[246.019s][info][gc          ] GC(464) Pause Young (Concurrent Start) (G1 Humongous Allocation) 151M->83M(506M) 15.741ms
[246.019s][info][gc,cpu      ] GC(464) User=0.03s Sys=0.00s Real=0.01s
[246.019s][info][gc          ] GC(465) Concurrent Undo Cycle
[246.019s][info][gc,marking  ] GC(465) Concurrent Clear Claimed Marks
[246.019s][info][gc,marking  ] GC(465) Concurrent Clear Claimed Marks 0.040ms
[246.019s][info][gc,marking  ] GC(465) Concurrent Cleanup for Next Mark
[246.020s][info][gc,marking  ] GC(465) Concurrent Cleanup for Next Mark 0.207ms
[246.020s][info][gc          ] GC(465) Concurrent Undo Cycle 0.337ms
[246.023s][info][gc,start    ] GC(466) Pause Young (Concurrent Start) (G1 Humongous Allocation)
[246.023s][info][gc,task     ] GC(466) Using 2 workers of 2 for evacuation
[246.036s][info][gc,phases   ] GC(466)   Pre Evacuate Collection Set: 0.19ms
[246.036s][info][gc,phases   ] GC(466)   Merge Heap Roots: 0.05ms
[246.036s][info][gc,phases   ] GC(466)   Evacuate Collection Set: 12.57ms
[246.036s][info][gc,phases   ] GC(466)   Post Evacuate Collection Set: 0.29ms
[246.036s][info][gc,phases   ] GC(466)   Other: 0.08ms
[246.036s][info][gc,heap     ] GC(466) Eden regions: 1->0(287)
[246.036s][info][gc,heap     ] GC(466) Survivor regions: 16->16(38)
[246.036s][info][gc,heap     ] GC(466) Old regions: 67->67
[246.036s][info][gc,heap     ] GC(466) Humongous regions: 3->1
[246.036s][info][gc,metaspace] GC(466) Metaspace: 42174K(42624K)->42174K(42624K) NonClass: 37827K(38144K)->37827K(38144K) Class: 4347K(4480K)->4347K(4480K)
[246.036s][info][gc          ] GC(466) Pause Young (Concurrent Start) (G1 Humongous Allocation) 85M->83M(506M) 13.327ms
[246.036s][info][gc,cpu      ] GC(466) User=0.03s Sys=0.00s Real=0.01s
[246.036s][info][gc          ] GC(467) Concurrent Undo Cycle
[246.036s][info][gc,marking  ] GC(467) Concurrent Clear Claimed Marks
[246.036s][info][gc,marking  ] GC(467) Concurrent Clear Claimed Marks 0.023ms
[246.036s][info][gc,marking  ] GC(467) Concurrent Cleanup for Next Mark
[246.036s][info][gc,marking  ] GC(467) Concurrent Cleanup for Next Mark 0.184ms
[246.036s][info][gc          ] GC(467) Concurrent Undo Cycle 0.273ms
[246.042s][info][gc,start    ] GC(468) Pause Young (Concurrent Start) (G1 Humongous Allocation)
[246.042s][info][gc,task     ] GC(468) Using 2 workers of 2 for evacuation
[246.055s][info][gc,phases   ] GC(468)   Pre Evacuate Collection Set: 0.22ms
[246.055s][info][gc,phases   ] GC(468)   Merge Heap Roots: 0.06ms
[246.055s][info][gc,phases   ] GC(468)   Evacuate Collection Set: 12.15ms
[246.055s][info][gc,phases   ] GC(468)   Post Evacuate Collection Set: 0.38ms
[246.055s][info][gc,phases   ] GC(468)   Other: 0.06ms
[246.055s][info][gc,heap     ] GC(468) Eden regions: 1->0(287)
[246.055s][info][gc,heap     ] GC(468) Survivor regions: 16->16(38)
[246.055s][info][gc,heap     ] GC(468) Old regions: 67->67
[246.055s][info][gc,heap     ] GC(468) Humongous regions: 5->1
[246.055s][info][gc,metaspace] GC(468) Metaspace: 42174K(42624K)->42174K(42624K) NonClass: 37827K(38144K)->37827K(38144K) Class: 4347K(4480K)->4347K(4480K)
[246.055s][info][gc          ] GC(468) Pause Young (Concurrent Start) (G1 Humongous Allocation) 87M->83M(506M) 13.034ms
[246.055s][info][gc,cpu      ] GC(468) User=0.02s Sys=0.00s Real=0.01s
[246.055s][info][gc          ] GC(469) Concurrent Undo Cycle
[246.055s][info][gc,marking  ] GC(469) Concurrent Clear Claimed Marks
[246.055s][info][gc,marking  ] GC(469) Concurrent Clear Claimed Marks 0.026ms
[246.055s][info][gc,marking  ] GC(469) Concurrent Cleanup for Next Mark
[246.055s][info][gc,marking  ] GC(469) Concurrent Cleanup for Next Mark 0.170ms
[246.055s][info][gc          ] GC(469) Concurrent Undo Cycle 0.262ms
[246.063s][info][gc,start    ] GC(470) Pause Young (Concurrent Start) (G1 Humongous Allocation)
[246.063s][info][gc,task     ] GC(470) Using 2 workers of 2 for evacuation
[246.076s][info][gc,phases   ] GC(470)   Pre Evacuate Collection Set: 0.24ms
[246.076s][info][gc,phases   ] GC(470)   Merge Heap Roots: 0.05ms
[246.076s][info][gc,phases   ] GC(470)   Evacuate Collection Set: 12.29ms
[246.076s][info][gc,phases   ] GC(470)   Post Evacuate Collection Set: 0.51ms
[246.076s][info][gc,phases   ] GC(470)   Other: 0.11ms
[246.076s][info][gc,heap     ] GC(470) Eden regions: 1->0(287)
[246.076s][info][gc,heap     ] GC(470) Survivor regions: 16->16(38)
[246.076s][info][gc,heap     ] GC(470) Old regions: 67->67
[246.076s][info][gc,heap     ] GC(470) Humongous regions: 7->1
[246.076s][info][gc,metaspace] GC(470) Metaspace: 42174K(42624K)->42174K(42624K) NonClass: 37827K(38144K)->37827K(38144K) Class: 4347K(4480K)->4347K(4480K)
[246.076s][info][gc          ] GC(470) Pause Young (Concurrent Start) (G1 Humongous Allocation) 90M->83M(506M) 13.342ms
[246.076s][info][gc,cpu      ] GC(470) User=0.03s Sys=0.00s Real=0.01s
[246.076s][info][gc          ] GC(471) Concurrent Undo Cycle
[246.076s][info][gc,marking  ] GC(471) Concurrent Clear Claimed Marks
[246.076s][info][gc,marking  ] GC(471) Concurrent Clear Claimed Marks 0.038ms
[246.076s][info][gc,marking  ] GC(471) Concurrent Cleanup for Next Mark
[246.076s][info][gc,marking  ] GC(471) Concurrent Cleanup for Next Mark 0.178ms
[246.076s][info][gc          ] GC(471) Concurrent Undo Cycle 0.285ms
[246.089s][info][gc,start    ] GC(472) Pause Young (Concurrent Start) (G1 Humongous Allocation)
[246.089s][info][gc,task     ] GC(472) Using 2 workers of 2 for evacuation
[246.104s][info][gc,phases   ] GC(472)   Pre Evacuate Collection Set: 0.24ms
[246.104s][info][gc,phases   ] GC(472)   Merge Heap Roots: 0.05ms
[246.104s][info][gc,phases   ] GC(472)   Evacuate Collection Set: 12.49ms
[246.104s][info][gc,phases   ] GC(472)   Post Evacuate Collection Set: 1.75ms
[246.104s][info][gc,phases   ] GC(472)   Other: 0.13ms
[246.104s][info][gc,heap     ] GC(472) Eden regions: 2->0(401)
[246.104s][info][gc,heap     ] GC(472) Survivor regions: 16->16(38)
[246.104s][info][gc,heap     ] GC(472) Old regions: 67->67
[246.104s][info][gc,heap     ] GC(472) Humongous regions: 11->1
[246.104s][info][gc,metaspace] GC(472) Metaspace: 42174K(42624K)->42174K(42624K) NonClass: 37827K(38144K)->37827K(38144K) Class: 4347K(4480K)->4347K(4480K)
[246.104s][info][gc          ] GC(472) Pause Young (Concurrent Start) (G1 Humongous Allocation) 94M->83M(695M) 14.877ms
[246.104s][info][gc,cpu      ] GC(472) User=0.02s Sys=0.00s Real=0.02s
[246.104s][info][gc          ] GC(473) Concurrent Undo Cycle
[246.104s][info][gc,marking  ] GC(473) Concurrent Clear Claimed Marks
[246.104s][info][gc,marking  ] GC(473) Concurrent Clear Claimed Marks 0.035ms
[246.104s][info][gc,marking  ] GC(473) Concurrent Cleanup for Next Mark
[246.105s][info][gc,marking  ] GC(473) Concurrent Cleanup for Next Mark 0.291ms
[246.105s][info][gc          ] GC(473) Concurrent Undo Cycle 0.366ms
[246.213s][info][gc,start    ] GC(474) Pause Young (Concurrent Start) (G1 Humongous Allocation)
[246.213s][info][gc,task     ] GC(474) Using 2 workers of 2 for evacuation
[246.233s][info][gc,phases   ] GC(474)   Pre Evacuate Collection Set: 0.32ms
[246.233s][info][gc,phases   ] GC(474)   Merge Heap Roots: 0.08ms
[246.233s][info][gc,phases   ] GC(474)   Evacuate Collection Set: 18.68ms
[246.233s][info][gc,phases   ] GC(474)   Post Evacuate Collection Set: 0.62ms
[246.233s][info][gc,phases   ] GC(474)   Other: 0.11ms
[246.233s][info][gc,heap     ] GC(474) Eden regions: 12->0(401)
[246.233s][info][gc,heap     ] GC(474) Survivor regions: 16->16(53)
[246.233s][info][gc,heap     ] GC(474) Old regions: 67->67
[246.233s][info][gc,heap     ] GC(474) Humongous regions: 81->1
[246.233s][info][gc,metaspace] GC(474) Metaspace: 42174K(42624K)->42174K(42624K) NonClass: 37827K(38144K)->37827K(38144K) Class: 4347K(4480K)->4347K(4480K)
[246.233s][info][gc          ] GC(474) Pause Young (Concurrent Start) (G1 Humongous Allocation) 174M->83M(695M) 20.014ms
[246.233s][info][gc,cpu      ] GC(474) User=0.03s Sys=0.01s Real=0.02s
[246.233s][info][gc          ] GC(475) Concurrent Undo Cycle
[246.233s][info][gc,marking  ] GC(475) Concurrent Clear Claimed Marks
[246.233s][info][gc,marking  ] GC(475) Concurrent Clear Claimed Marks 0.041ms
[246.233s][info][gc,marking  ] GC(475) Concurrent Cleanup for Next Mark
[246.233s][info][gc,marking  ] GC(475) Concurrent Cleanup for Next Mark 0.172ms
[246.233s][info][gc          ] GC(475) Concurrent Undo Cycle 0.256ms
[246.390s][info][gc,start    ] GC(476) Pause Young (Concurrent Start) (G1 Humongous Allocation)
[246.390s][info][gc,task     ] GC(476) Using 2 workers of 2 for evacuation
[246.416s][info][gc,phases   ] GC(476)   Pre Evacuate Collection Set: 0.29ms
[246.416s][info][gc,phases   ] GC(476)   Merge Heap Roots: 0.07ms
[246.416s][info][gc,phases   ] GC(476)   Evacuate Collection Set: 25.10ms
[246.416s][info][gc,phases   ] GC(476)   Post Evacuate Collection Set: 0.49ms
[246.416s][info][gc,phases   ] GC(476)   Other: 0.09ms
[246.416s][info][gc,heap     ] GC(476) Eden regions: 20->0(396)
[246.416s][info][gc,heap     ] GC(476) Survivor regions: 16->21(53)
[246.416s][info][gc,heap     ] GC(476) Old regions: 67->67
[246.416s][info][gc,heap     ] GC(476) Humongous regions: 83->1
[246.416s][info][gc,metaspace] GC(476) Metaspace: 42174K(42624K)->42174K(42624K) NonClass: 37827K(38144K)->37827K(38144K) Class: 4347K(4480K)->4347K(4480K)
[246.416s][info][gc          ] GC(476) Pause Young (Concurrent Start) (G1 Humongous Allocation) 184M->87M(695M) 26.247ms
[246.416s][info][gc,cpu      ] GC(476) User=0.04s Sys=0.01s Real=0.03s
[246.416s][info][gc          ] GC(477) Concurrent Undo Cycle
[246.416s][info][gc,marking  ] GC(477) Concurrent Clear Claimed Marks
[246.416s][info][gc,marking  ] GC(477) Concurrent Clear Claimed Marks 0.039ms
[246.416s][info][gc,marking  ] GC(477) Concurrent Cleanup for Next Mark
[246.416s][info][gc,marking  ] GC(477) Concurrent Cleanup for Next Mark 0.159ms
[246.416s][info][gc          ] GC(477) Concurrent Undo Cycle 0.239ms
[246.552s][info][gc,start    ] GC(478) Pause Young (Concurrent Start) (G1 Humongous Allocation)
[246.552s][info][gc,task     ] GC(478) Using 2 workers of 2 for evacuation
[246.575s][info][gc,phases   ] GC(478)   Pre Evacuate Collection Set: 0.31ms
[246.575s][info][gc,phases   ] GC(478)   Merge Heap Roots: 0.07ms
[246.575s][info][gc,phases   ] GC(478)   Evacuate Collection Set: 21.30ms
[246.575s][info][gc,phases   ] GC(478)   Post Evacuate Collection Set: 0.69ms
[246.575s][info][gc,phases   ] GC(478)   Other: 0.10ms
[246.575s][info][gc,heap     ] GC(478) Eden regions: 17->0(394)
[246.575s][info][gc,heap     ] GC(478) Survivor regions: 21->23(53)
[246.575s][info][gc,heap     ] GC(478) Old regions: 67->67
[246.575s][info][gc,heap     ] GC(478) Humongous regions: 87->1
[246.575s][info][gc,metaspace] GC(478) Metaspace: 42174K(42624K)->42174K(42624K) NonClass: 37827K(38144K)->37827K(38144K) Class: 4347K(4480K)->4347K(4480K)
[246.575s][info][gc          ] GC(478) Pause Young (Concurrent Start) (G1 Humongous Allocation) 190M->90M(695M) 22.684ms
[246.575s][info][gc,cpu      ] GC(478) User=0.04s Sys=0.00s Real=0.02s
[246.575s][info][gc          ] GC(479) Concurrent Undo Cycle
[246.575s][info][gc,marking  ] GC(479) Concurrent Clear Claimed Marks
[246.575s][info][gc,marking  ] GC(479) Concurrent Clear Claimed Marks 0.042ms
[246.575s][info][gc,marking  ] GC(479) Concurrent Cleanup for Next Mark
[246.575s][info][gc,marking  ] GC(479) Concurrent Cleanup for Next Mark 0.196ms
[246.575s][info][gc          ] GC(479) Concurrent Undo Cycle 0.312ms
[246.721s][info][gc,start    ] GC(480) Pause Young (Concurrent Start) (G1 Humongous Allocation)
[246.721s][info][gc,task     ] GC(480) Using 2 workers of 2 for evacuation
[246.748s][info][gc,phases   ] GC(480)   Pre Evacuate Collection Set: 0.36ms
[246.748s][info][gc,phases   ] GC(480)   Merge Heap Roots: 0.07ms
[246.748s][info][gc,phases   ] GC(480)   Evacuate Collection Set: 24.65ms
[246.748s][info][gc,phases   ] GC(480)   Post Evacuate Collection Set: 1.22ms
[246.748s][info][gc,phases   ] GC(480)   Other: 0.19ms
[246.748s][info][gc,heap     ] GC(480) Eden regions: 19->0(423)
[246.748s][info][gc,heap     ] GC(480) Survivor regions: 23->23(53)
[246.748s][info][gc,heap     ] GC(480) Old regions: 67->72
[246.748s][info][gc,heap     ] GC(480) Humongous regions: 89->1
[246.748s][info][gc,metaspace] GC(480) Metaspace: 42174K(42624K)->42174K(42624K) NonClass: 37827K(38144K)->37827K(38144K) Class: 4347K(4480K)->4347K(4480K)
[246.748s][info][gc          ] GC(480) Pause Young (Concurrent Start) (G1 Humongous Allocation) 197M->94M(769M) 26.716ms
[246.748s][info][gc,cpu      ] GC(480) User=0.05s Sys=0.01s Real=0.03s
[246.748s][info][gc          ] GC(481) Concurrent Undo Cycle
[246.748s][info][gc,marking  ] GC(481) Concurrent Clear Claimed Marks
[246.748s][info][gc,marking  ] GC(481) Concurrent Clear Claimed Marks 0.042ms
[246.748s][info][gc,marking  ] GC(481) Concurrent Cleanup for Next Mark
[246.748s][info][gc,marking  ] GC(481) Concurrent Cleanup for Next Mark 0.227ms
[246.748s][info][gc          ] GC(481) Concurrent Undo Cycle 0.349ms
[246.958s][info][gc,start    ] GC(482) Pause Young (Concurrent Start) (G1 Humongous Allocation)
[246.958s][info][gc,task     ] GC(482) Using 2 workers of 2 for evacuation
[246.991s][info][gc,phases   ] GC(482)   Pre Evacuate Collection Set: 0.30ms
[246.991s][info][gc,phases   ] GC(482)   Merge Heap Roots: 0.06ms
[246.991s][info][gc,phases   ] GC(482)   Evacuate Collection Set: 32.53ms
[246.991s][info][gc,phases   ] GC(482)   Post Evacuate Collection Set: 0.71ms
[246.991s][info][gc,phases   ] GC(482)   Other: 0.12ms
[246.991s][info][gc,heap     ] GC(482) Eden regions: 24->0(436)
[246.991s][info][gc,heap     ] GC(482) Survivor regions: 23->25(56)
[246.991s][info][gc,heap     ] GC(482) Old regions: 72->72
[246.991s][info][gc,heap     ] GC(482) Humongous regions: 127->1
[246.991s][info][gc,metaspace] GC(482) Metaspace: 42174K(42624K)->42174K(42624K) NonClass: 37827K(38144K)->37827K(38144K) Class: 4347K(4480K)->4347K(4480K)
[246.991s][info][gc          ] GC(482) Pause Young (Concurrent Start) (G1 Humongous Allocation) 244M->96M(769M) 33.942ms
[246.992s][info][gc,cpu      ] GC(482) User=0.06s Sys=0.02s Real=0.04s
[246.992s][info][gc          ] GC(483) Concurrent Undo Cycle
[246.992s][info][gc,marking  ] GC(483) Concurrent Clear Claimed Marks
[246.992s][info][gc,marking  ] GC(483) Concurrent Clear Claimed Marks 0.040ms
[246.992s][info][gc,marking  ] GC(483) Concurrent Cleanup for Next Mark
[246.992s][info][gc,marking  ] GC(483) Concurrent Cleanup for Next Mark 0.154ms
[246.992s][info][gc          ] GC(483) Concurrent Undo Cycle 0.234ms
[247.142s][info][gc,start    ] GC(484) Pause Young (Concurrent Start) (G1 Humongous Allocation)
[247.142s][info][gc,task     ] GC(484) Using 2 workers of 2 for evacuation
[247.172s][info][gc,phases   ] GC(484)   Pre Evacuate Collection Set: 0.33ms
[247.172s][info][gc,phases   ] GC(484)   Merge Heap Roots: 0.06ms
[247.172s][info][gc,phases   ] GC(484)   Evacuate Collection Set: 29.27ms
[247.172s][info][gc,phases   ] GC(484)   Post Evacuate Collection Set: 0.51ms
[247.172s][info][gc,phases   ] GC(484)   Other: 0.13ms
[247.172s][info][gc,heap     ] GC(484) Eden regions: 17->0(436)
[247.172s][info][gc,heap     ] GC(484) Survivor regions: 25->25(58)
[247.172s][info][gc,heap     ] GC(484) Old regions: 72->72
[247.172s][info][gc,heap     ] GC(484) Humongous regions: 115->1
[247.172s][info][gc,metaspace] GC(484) Metaspace: 42174K(42624K)->42174K(42624K) NonClass: 37827K(38144K)->37827K(38144K) Class: 4347K(4480K)->4347K(4480K)
[247.172s][info][gc          ] GC(484) Pause Young (Concurrent Start) (G1 Humongous Allocation) 226M->96M(769M) 30.509ms
[247.172s][info][gc          ] GC(485) Concurrent Undo Cycle
[247.172s][info][gc,marking  ] GC(485) Concurrent Clear Claimed Marks
[247.172s][info][gc,marking  ] GC(485) Concurrent Clear Claimed Marks 0.041ms
[247.172s][info][gc,marking  ] GC(485) Concurrent Cleanup for Next Mark
[247.172s][info][gc,cpu      ] GC(484) User=0.05s Sys=0.02s Real=0.03s
[247.174s][info][gc,marking  ] GC(485) Concurrent Cleanup for Next Mark 1.902ms
[247.174s][info][gc          ] GC(485) Concurrent Undo Cycle 1.992ms
[247.406s][info][gc,start    ] GC(486) Pause Young (Concurrent Start) (G1 Humongous Allocation)
[247.406s][info][gc,task     ] GC(486) Using 2 workers of 2 for evacuation
[247.445s][info][gc,phases   ] GC(486)   Pre Evacuate Collection Set: 0.31ms
[247.445s][info][gc,phases   ] GC(486)   Merge Heap Roots: 0.06ms
[247.445s][info][gc,phases   ] GC(486)   Evacuate Collection Set: 36.88ms
[247.445s][info][gc,phases   ] GC(486)   Post Evacuate Collection Set: 0.83ms
[247.445s][info][gc,phases   ] GC(486)   Other: 0.09ms
[247.445s][info][gc,heap     ] GC(486) Eden regions: 35->0(428)
[247.445s][info][gc,heap     ] GC(486) Survivor regions: 25->33(58)
[247.445s][info][gc,heap     ] GC(486) Old regions: 72->74
[247.445s][info][gc,heap     ] GC(486) Humongous regions: 119->1
[247.445s][info][gc,metaspace] GC(486) Metaspace: 42174K(42624K)->42174K(42624K) NonClass: 37827K(38144K)->37827K(38144K) Class: 4347K(4480K)->4347K(4480K)
[247.445s][info][gc          ] GC(486) Pause Young (Concurrent Start) (G1 Humongous Allocation) 249M->106M(769M) 38.389ms
[247.445s][info][gc          ] GC(487) Concurrent Undo Cycle
[247.445s][info][gc,marking  ] GC(487) Concurrent Clear Claimed Marks
[247.445s][info][gc,marking  ] GC(487) Concurrent Clear Claimed Marks 0.039ms
[247.445s][info][gc,marking  ] GC(487) Concurrent Cleanup for Next Mark
[247.445s][info][gc,cpu      ] GC(486) User=0.06s Sys=0.02s Real=0.04s
[247.445s][info][gc,marking  ] GC(487) Concurrent Cleanup for Next Mark 0.199ms
[247.445s][info][gc          ] GC(487) Concurrent Undo Cycle 0.278ms
[248.770s][info][gc,start    ] GC(488) Pause Young (Normal) (G1 Evacuation Pause)
[248.770s][info][gc,task     ] GC(488) Using 2 workers of 2 for evacuation
[248.780s][info][gc,phases   ] GC(488)   Pre Evacuate Collection Set: 0.28ms
[248.780s][info][gc,phases   ] GC(488)   Merge Heap Roots: 0.14ms
[248.780s][info][gc,phases   ] GC(488)   Evacuate Collection Set: 8.86ms
[248.780s][info][gc,phases   ] GC(488)   Post Evacuate Collection Set: 1.11ms
[248.780s][info][gc,phases   ] GC(488)   Other: 0.11ms
[248.780s][info][gc,heap     ] GC(488) Eden regions: 428->0(476)
[248.780s][info][gc,heap     ] GC(488) Survivor regions: 33->9(58)
[248.780s][info][gc,heap     ] GC(488) Old regions: 74->76
[248.780s][info][gc,heap     ] GC(488) Humongous regions: 71->1
[248.780s][info][gc,metaspace] GC(488) Metaspace: 42204K(42624K)->42204K(42624K) NonClass: 37857K(38144K)->37857K(38144K) Class: 4347K(4480K)->4347K(4480K)
[248.780s][info][gc          ] GC(488) Pause Young (Normal) (G1 Evacuation Pause) 604M->84M(809M) 10.703ms
[248.780s][info][gc,cpu      ] GC(488) User=0.02s Sys=0.00s Real=0.01s
[249.928s][info][gc,start    ] GC(489) Pause Young (Normal) (G1 Evacuation Pause)
[249.928s][info][gc,task     ] GC(489) Using 2 workers of 2 for evacuation
[249.936s][info][gc,phases   ] GC(489)   Pre Evacuate Collection Set: 0.25ms
[249.936s][info][gc,phases   ] GC(489)   Merge Heap Roots: 0.15ms
[249.936s][info][gc,phases   ] GC(489)   Evacuate Collection Set: 7.15ms
[249.936s][info][gc,phases   ] GC(489)   Post Evacuate Collection Set: 0.83ms
[249.936s][info][gc,phases   ] GC(489)   Other: 0.12ms
[249.936s][info][gc,heap     ] GC(489) Eden regions: 476->0(474)
[249.936s][info][gc,heap     ] GC(489) Survivor regions: 9->11(61)
[249.936s][info][gc,heap     ] GC(489) Old regions: 76->76
[249.936s][info][gc,heap     ] GC(489) Humongous regions: 1->1
[249.936s][info][gc,metaspace] GC(489) Metaspace: 42218K(42624K)->42218K(42624K) NonClass: 37871K(38144K)->37871K(38144K) Class: 4347K(4480K)->4347K(4480K)
[249.936s][info][gc          ] GC(489) Pause Young (Normal) (G1 Evacuation Pause) 560M->86M(809M) 8.718ms
[249.936s][info][gc,cpu      ] GC(489) User=0.02s Sys=0.00s Real=0.01s
[251.954s][info][gc,start    ] GC(490) Pause Young (Normal) (G1 Evacuation Pause)
[251.954s][info][gc,task     ] GC(490) Using 2 workers of 2 for evacuation
[251.961s][info][gc,phases   ] GC(490)   Pre Evacuate Collection Set: 0.47ms
[251.961s][info][gc,phases   ] GC(490)   Merge Heap Roots: 0.17ms
[251.961s][info][gc,phases   ] GC(490)   Evacuate Collection Set: 5.11ms
[251.961s][info][gc,phases   ] GC(490)   Post Evacuate Collection Set: 1.34ms
[251.961s][info][gc,phases   ] GC(490)   Other: 0.10ms
[251.961s][info][gc,heap     ] GC(490) Eden regions: 474->0(480)
[251.961s][info][gc,heap     ] GC(490) Survivor regions: 11->5(61)
[251.961s][info][gc,heap     ] GC(490) Old regions: 76->76
[251.961s][info][gc,heap     ] GC(490) Humongous regions: 11->1
[251.961s][info][gc,metaspace] GC(490) Metaspace: 42441K(42880K)->42441K(42880K) NonClass: 38094K(38400K)->38094K(38400K) Class: 4347K(4480K)->4347K(4480K)
[251.961s][info][gc          ] GC(490) Pause Young (Normal) (G1 Evacuation Pause) 570M->80M(809M) 7.382ms
[251.961s][info][gc,cpu      ] GC(490) User=0.01s Sys=0.00s Real=0.00s
[253.361s][info][gc,start    ] GC(491) Pause Young (Normal) (G1 Evacuation Pause)
[253.361s][info][gc,task     ] GC(491) Using 2 workers of 2 for evacuation
[253.430s][info][gc,phases   ] GC(491)   Pre Evacuate Collection Set: 0.38ms
[253.430s][info][gc,phases   ] GC(491)   Merge Heap Roots: 0.18ms
[253.430s][info][gc,phases   ] GC(491)   Evacuate Collection Set: 67.95ms
[253.430s][info][gc,phases   ] GC(491)   Post Evacuate Collection Set: 0.77ms
[253.430s][info][gc,phases   ] GC(491)   Other: 0.10ms
[253.430s][info][gc,heap     ] GC(491) Eden regions: 480->0(429)
[253.430s][info][gc,heap     ] GC(491) Survivor regions: 5->56(61)
[253.430s][info][gc,heap     ] GC(491) Old regions: 76->76
[253.430s][info][gc,heap     ] GC(491) Humongous regions: 6->6
[253.430s][info][gc,metaspace] GC(491) Metaspace: 42447K(42880K)->42447K(42880K) NonClass: 38100K(38400K)->38100K(38400K) Class: 4347K(4480K)->4347K(4480K)
[253.430s][info][gc          ] GC(491) Pause Young (Normal) (G1 Evacuation Pause) 565M->136M(809M) 69.591ms
[253.430s][info][gc,cpu      ] GC(491) User=0.13s Sys=0.00s Real=0.07s
[257.636s][info][gc,start    ] GC(492) Pause Young (Normal) (G1 Evacuation Pause)
[257.636s][info][gc,task     ] GC(492) Using 2 workers of 2 for evacuation
[257.692s][info][gc,phases   ] GC(492)   Pre Evacuate Collection Set: 0.29ms
[257.692s][info][gc,phases   ] GC(492)   Merge Heap Roots: 0.20ms
[257.692s][info][gc,phases   ] GC(492)   Evacuate Collection Set: 54.76ms
[257.692s][info][gc,phases   ] GC(492)   Post Evacuate Collection Set: 0.75ms
[257.692s][info][gc,phases   ] GC(492)   Other: 0.10ms
[257.692s][info][gc,heap     ] GC(492) Eden regions: 429->0(463)
[257.692s][info][gc,heap     ] GC(492) Survivor regions: 56->22(61)
[257.692s][info][gc,heap     ] GC(492) Old regions: 76->115
[257.692s][info][gc,heap     ] GC(492) Humongous regions: 14->8
[257.692s][info][gc,metaspace] GC(492) Metaspace: 42464K(42880K)->42464K(42880K) NonClass: 38117K(38400K)->38117K(38400K) Class: 4347K(4480K)->4347K(4480K)
[257.692s][info][gc          ] GC(492) Pause Young (Normal) (G1 Evacuation Pause) 573M->144M(809M) 56.299ms
[257.692s][info][gc,cpu      ] GC(492) User=0.11s Sys=0.00s Real=0.06s
[258.994s][info][gc,start    ] GC(493) Pause Young (Normal) (G1 Evacuation Pause)
[258.994s][info][gc,task     ] GC(493) Using 2 workers of 2 for evacuation
[259.061s][info][gc,phases   ] GC(493)   Pre Evacuate Collection Set: 0.27ms
[259.061s][info][gc,phases   ] GC(493)   Merge Heap Roots: 0.22ms
[259.061s][info][gc,phases   ] GC(493)   Evacuate Collection Set: 65.78ms
[259.061s][info][gc,phases   ] GC(493)   Post Evacuate Collection Set: 0.80ms
[259.061s][info][gc,phases   ] GC(493)   Other: 0.09ms
[259.061s][info][gc,heap     ] GC(493) Eden regions: 463->0(424)
[259.061s][info][gc,heap     ] GC(493) Survivor regions: 22->61(61)
[259.061s][info][gc,heap     ] GC(493) Old regions: 115->117
[259.061s][info][gc,heap     ] GC(493) Humongous regions: 13->13
[259.061s][info][gc,metaspace] GC(493) Metaspace: 42477K(42880K)->42477K(42880K) NonClass: 38130K(38400K)->38130K(38400K) Class: 4347K(4480K)->4347K(4480K)
[259.061s][info][gc          ] GC(493) Pause Young (Normal) (G1 Evacuation Pause) 612M->190M(809M) 67.385ms
[259.061s][info][gc,cpu      ] GC(493) User=0.13s Sys=0.00s Real=0.07s
[261.082s][info][gc,start    ] GC(494) Pause Young (Normal) (G1 Evacuation Pause)
[261.082s][info][gc,task     ] GC(494) Using 2 workers of 2 for evacuation
[261.162s][info][gc,phases   ] GC(494)   Pre Evacuate Collection Set: 0.25ms
[261.162s][info][gc,phases   ] GC(494)   Merge Heap Roots: 0.30ms
[261.162s][info][gc,phases   ] GC(494)   Evacuate Collection Set: 78.10ms
[261.162s][info][gc,phases   ] GC(494)   Post Evacuate Collection Set: 0.74ms
[261.162s][info][gc,phases   ] GC(494)   Other: 0.08ms
[261.162s][info][gc,heap     ] GC(494) Eden regions: 424->0(454)
[261.162s][info][gc,heap     ] GC(494) Survivor regions: 61->31(61)
[261.162s][info][gc,heap     ] GC(494) Old regions: 117->166
[261.162s][info][gc,heap     ] GC(494) Humongous regions: 25->23
[261.162s][info][gc,metaspace] GC(494) Metaspace: 42477K(42880K)->42477K(42880K) NonClass: 38130K(38400K)->38130K(38400K) Class: 4347K(4480K)->4347K(4480K)
[261.162s][info][gc          ] GC(494) Pause Young (Normal) (G1 Evacuation Pause) 626M->218M(809M) 79.689ms
[261.162s][info][gc,cpu      ] GC(494) User=0.16s Sys=0.00s Real=0.08s
[263.634s][info][gc,start    ] GC(495) Pause Young (Normal) (G1 Evacuation Pause)
[263.634s][info][gc,task     ] GC(495) Using 2 workers of 2 for evacuation
[263.674s][info][gc,phases   ] GC(495)   Pre Evacuate Collection Set: 0.28ms
[263.675s][info][gc,phases   ] GC(495)   Merge Heap Roots: 0.23ms
[263.675s][info][gc,phases   ] GC(495)   Evacuate Collection Set: 39.49ms
[263.675s][info][gc,phases   ] GC(495)   Post Evacuate Collection Set: 0.76ms
[263.675s][info][gc,phases   ] GC(495)   Other: 0.09ms
[263.675s][info][gc,heap     ] GC(495) Eden regions: 454->0(447)
[263.675s][info][gc,heap     ] GC(495) Survivor regions: 31->38(61)
[263.675s][info][gc,heap     ] GC(495) Old regions: 166->166
[263.675s][info][gc,heap     ] GC(495) Humongous regions: 23->23
[263.675s][info][gc,metaspace] GC(495) Metaspace: 42478K(42880K)->42478K(42880K) NonClass: 38131K(38400K)->38131K(38400K) Class: 4347K(4480K)->4347K(4480K)
[263.675s][info][gc          ] GC(495) Pause Young (Normal) (G1 Evacuation Pause) 672M->225M(809M) 41.073ms
[263.675s][info][gc,cpu      ] GC(495) User=0.08s Sys=0.00s Real=0.04s
[266.314s][info][gc,start    ] GC(496) Pause Young (Normal) (G1 Evacuation Pause)
[266.314s][info][gc,task     ] GC(496) Using 2 workers of 2 for evacuation
[266.352s][info][gc,phases   ] GC(496)   Pre Evacuate Collection Set: 0.44ms
[266.352s][info][gc,phases   ] GC(496)   Merge Heap Roots: 0.25ms
[266.352s][info][gc,phases   ] GC(496)   Evacuate Collection Set: 36.95ms
[266.352s][info][gc,phases   ] GC(496)   Post Evacuate Collection Set: 0.72ms
[266.352s][info][gc,phases   ] GC(496)   Other: 0.08ms
[266.352s][info][gc,heap     ] GC(496) Eden regions: 447->0(474)
[266.352s][info][gc,heap     ] GC(496) Survivor regions: 38->11(61)
[266.352s][info][gc,heap     ] GC(496) Old regions: 166->193
[266.352s][info][gc,heap     ] GC(496) Humongous regions: 24->23
[266.352s][info][gc,metaspace] GC(496) Metaspace: 42478K(42880K)->42478K(42880K) NonClass: 38131K(38400K)->38131K(38400K) Class: 4347K(4480K)->4347K(4480K)
[266.352s][info][gc          ] GC(496) Pause Young (Normal) (G1 Evacuation Pause) 673M->225M(809M) 38.652ms
[266.352s][info][gc,cpu      ] GC(496) User=0.08s Sys=0.00s Real=0.04s
[267.540s][info][gc,start    ] GC(497) Pause Young (Normal) (G1 Evacuation Pause)
[267.540s][info][gc,task     ] GC(497) Using 2 workers of 2 for evacuation
[267.617s][info][gc,phases   ] GC(497)   Pre Evacuate Collection Set: 0.28ms
[267.617s][info][gc,phases   ] GC(497)   Merge Heap Roots: 0.16ms
[267.617s][info][gc,phases   ] GC(497)   Evacuate Collection Set: 75.61ms
[267.617s][info][gc,phases   ] GC(497)   Post Evacuate Collection Set: 0.81ms
[267.617s][info][gc,phases   ] GC(497)   Other: 0.09ms
[267.617s][info][gc,heap     ] GC(497) Eden regions: 474->0(420)
[267.617s][info][gc,heap     ] GC(497) Survivor regions: 11->61(61)
[267.617s][info][gc,heap     ] GC(497) Old regions: 193->198
[267.617s][info][gc,heap     ] GC(497) Humongous regions: 28->28
[267.617s][info][gc,metaspace] GC(497) Metaspace: 42478K(42880K)->42478K(42880K) NonClass: 38131K(38400K)->38131K(38400K) Class: 4347K(4480K)->4347K(4480K)
[267.617s][info][gc          ] GC(497) Pause Young (Normal) (G1 Evacuation Pause) 704M->286M(809M) 77.183ms
[267.617s][info][gc,cpu      ] GC(497) User=0.15s Sys=0.00s Real=0.08s
[267.760s][info][gc,start    ] GC(498) Pause Young (Concurrent Start) (G1 Humongous Allocation)
[267.760s][info][gc,task     ] GC(498) Using 2 workers of 2 for evacuation
[267.826s][info][gc,phases   ] GC(498)   Pre Evacuate Collection Set: 0.29ms
[267.826s][info][gc,phases   ] GC(498)   Merge Heap Roots: 0.16ms
[267.826s][info][gc,phases   ] GC(498)   Evacuate Collection Set: 64.29ms
[267.826s][info][gc,phases   ] GC(498)   Post Evacuate Collection Set: 0.42ms
[267.826s][info][gc,phases   ] GC(498)   Other: 0.09ms
[267.826s][info][gc,heap     ] GC(498) Eden regions: 58->0(415)
[267.826s][info][gc,heap     ] GC(498) Survivor regions: 61->7(61)
[267.826s][info][gc,heap     ] GC(498) Old regions: 198->260
[267.826s][info][gc,heap     ] GC(498) Humongous regions: 28->28
[267.826s][info][gc,metaspace] GC(498) Metaspace: 42478K(42880K)->42478K(42880K) NonClass: 38131K(38400K)->38131K(38400K) Class: 4347K(4480K)->4347K(4480K)
[267.826s][info][gc          ] GC(498) Pause Young (Concurrent Start) (G1 Humongous Allocation) 343M->293M(809M) 65.489ms
[267.826s][info][gc          ] GC(499) Concurrent Mark Cycle
[267.826s][info][gc,marking  ] GC(499) Concurrent Scan Root Regions
[267.828s][info][gc,cpu      ] GC(498) User=0.13s Sys=0.00s Real=0.07s
[267.861s][info][gc,marking  ] GC(499) Concurrent Scan Root Regions 34.941ms
[267.861s][info][gc,marking  ] GC(499) Concurrent Mark
[267.861s][info][gc,marking  ] GC(499) Concurrent Mark From Roots
[267.861s][info][gc,task     ] GC(499) Using 1 workers of 1 for marking
[267.908s][info][gc,marking  ] GC(499) Concurrent Mark From Roots 46.820ms
[267.908s][info][gc,marking  ] GC(499) Concurrent Preclean
[267.908s][info][gc,marking  ] GC(499) Concurrent Preclean 0.182ms
[267.908s][info][gc,start    ] GC(499) Pause Remark
[267.925s][info][gc          ] GC(499) Pause Remark 309M->165M(517M) 16.824ms
[267.925s][info][gc,cpu      ] GC(499) User=0.03s Sys=0.00s Real=0.02s
[267.925s][info][gc,marking  ] GC(499) Concurrent Mark 64.527ms
[267.925s][info][gc,marking  ] GC(499) Concurrent Rebuild Remembered Sets and Scrub Regions
[267.986s][info][gc,marking  ] GC(499) Concurrent Rebuild Remembered Sets and Scrub Regions 60.553ms
[267.986s][info][gc,start    ] GC(499) Pause Cleanup
[267.986s][info][gc          ] GC(499) Pause Cleanup 189M->189M(517M) 0.059ms
[267.986s][info][gc,cpu      ] GC(499) User=0.00s Sys=0.00s Real=0.00s
[267.986s][info][gc,marking  ] GC(499) Concurrent Clear Claimed Marks
[267.986s][info][gc,marking  ] GC(499) Concurrent Clear Claimed Marks 0.039ms
[267.986s][info][gc,marking  ] GC(499) Concurrent Cleanup for Next Mark
[267.990s][info][gc,marking  ] GC(499) Concurrent Cleanup for Next Mark 3.818ms
[267.990s][info][gc          ] GC(499) Concurrent Mark Cycle 164.262ms
[269.598s][info][gc,start    ] GC(500) Pause Young (Prepare Mixed) (G1 Evacuation Pause)
[269.598s][info][gc,task     ] GC(500) Using 2 workers of 2 for evacuation
[269.644s][info][gc,phases   ] GC(500)   Pre Evacuate Collection Set: 0.26ms
[269.644s][info][gc,phases   ] GC(500)   Merge Heap Roots: 0.19ms
[269.644s][info][gc,phases   ] GC(500)   Evacuate Collection Set: 45.14ms
[269.644s][info][gc,phases   ] GC(500)   Post Evacuate Collection Set: 0.60ms
[269.644s][info][gc,phases   ] GC(500)   Other: 0.09ms
[269.644s][info][gc,heap     ] GC(500) Eden regions: 303->0(270)
[269.644s][info][gc,heap     ] GC(500) Survivor regions: 7->30(39)
[269.644s][info][gc,heap     ] GC(500) Old regions: 139->139
[269.644s][info][gc,heap     ] GC(500) Humongous regions: 17->15
[269.644s][info][gc,metaspace] GC(500) Metaspace: 42478K(42880K)->42478K(42880K) NonClass: 38131K(38400K)->38131K(38400K) Class: 4347K(4480K)->4347K(4480K)
[269.644s][info][gc          ] GC(500) Pause Young (Prepare Mixed) (G1 Evacuation Pause) 464M->182M(517M) 46.475ms
[269.644s][info][gc,cpu      ] GC(500) User=0.09s Sys=0.00s Real=0.05s
[271.048s][info][gc,start    ] GC(501) Pause Young (Mixed) (G1 Evacuation Pause)
[271.048s][info][gc,task     ] GC(501) Using 2 workers of 2 for evacuation
[271.091s][info][gc,phases   ] GC(501)   Pre Evacuate Collection Set: 0.25ms
[271.091s][info][gc,phases   ] GC(501)   Merge Heap Roots: 0.19ms
[271.092s][info][gc,phases   ] GC(501)   Evacuate Collection Set: 42.27ms
[271.092s][info][gc,phases   ] GC(501)   Post Evacuate Collection Set: 0.59ms
[271.092s][info][gc,phases   ] GC(501)   Other: 0.09ms
[271.092s][info][gc,heap     ] GC(501) Eden regions: 270->0(288)
[271.092s][info][gc,heap     ] GC(501) Survivor regions: 30->5(38)
[271.092s][info][gc,heap     ] GC(501) Old regions: 139->151
[271.092s][info][gc,heap     ] GC(501) Humongous regions: 15->15
[271.092s][info][gc,metaspace] GC(501) Metaspace: 42478K(42880K)->42478K(42880K) NonClass: 38131K(38400K)->38131K(38400K) Class: 4347K(4480K)->4347K(4480K)
[271.092s][info][gc          ] GC(501) Pause Young (Mixed) (G1 Evacuation Pause) 452M->170M(517M) 43.582ms
[271.092s][info][gc,cpu      ] GC(501) User=0.08s Sys=0.00s Real=0.05s
[272.834s][info][gc,start    ] GC(502) Pause Young (Concurrent Start) (G1 Evacuation Pause)
[272.834s][info][gc,task     ] GC(502) Using 2 workers of 2 for evacuation
[272.867s][info][gc,phases   ] GC(502)   Pre Evacuate Collection Set: 0.26ms
[272.867s][info][gc,phases   ] GC(502)   Merge Heap Roots: 0.08ms
[272.867s][info][gc,phases   ] GC(502)   Evacuate Collection Set: 31.77ms
[272.867s][info][gc,phases   ] GC(502)   Post Evacuate Collection Set: 0.52ms
[272.867s][info][gc,phases   ] GC(502)   Other: 0.11ms
[272.867s][info][gc,heap     ] GC(502) Eden regions: 288->0(258)
[272.867s][info][gc,heap     ] GC(502) Survivor regions: 5->33(37)
[272.867s][info][gc,heap     ] GC(502) Old regions: 151->151
[272.867s][info][gc,heap     ] GC(502) Humongous regions: 15->15
[272.867s][info][gc,metaspace] GC(502) Metaspace: 42478K(42880K)->42478K(42880K) NonClass: 38131K(38400K)->38131K(38400K) Class: 4347K(4480K)->4347K(4480K)
[272.867s][info][gc          ] GC(502) Pause Young (Concurrent Start) (G1 Evacuation Pause) 458M->198M(517M) 32.939ms
[272.867s][info][gc          ] GC(503) Concurrent Mark Cycle
[272.867s][info][gc,marking  ] GC(503) Concurrent Scan Root Regions
[272.868s][info][gc,cpu      ] GC(502) User=0.07s Sys=0.00s Real=0.03s
[272.890s][info][gc,marking  ] GC(503) Concurrent Scan Root Regions 22.940ms
[272.890s][info][gc,marking  ] GC(503) Concurrent Mark
[272.890s][info][gc,marking  ] GC(503) Concurrent Mark From Roots
[272.890s][info][gc,task     ] GC(503) Using 1 workers of 1 for marking
[272.928s][info][gc,marking  ] GC(503) Concurrent Mark From Roots 37.577ms
[272.928s][info][gc,marking  ] GC(503) Concurrent Preclean
[272.928s][info][gc,marking  ] GC(503) Concurrent Preclean 0.042ms
[272.928s][info][gc,start    ] GC(503) Pause Remark
[272.945s][info][gc          ] GC(503) Pause Remark 206M->116M(360M) 16.526ms
[272.945s][info][gc,cpu      ] GC(503) User=0.04s Sys=0.00s Real=0.02s
[272.945s][info][gc,marking  ] GC(503) Concurrent Mark 54.430ms
[272.945s][info][gc,marking  ] GC(503) Concurrent Rebuild Remembered Sets and Scrub Regions
[272.959s][info][gc,marking  ] GC(503) Concurrent Rebuild Remembered Sets and Scrub Regions 14.210ms
[272.959s][info][gc,start    ] GC(503) Pause Cleanup
[272.959s][info][gc          ] GC(503) Pause Cleanup 118M->118M(360M) 0.051ms
[272.959s][info][gc,cpu      ] GC(503) User=0.00s Sys=0.00s Real=0.00s
[272.959s][info][gc,marking  ] GC(503) Concurrent Clear Claimed Marks
[272.959s][info][gc,marking  ] GC(503) Concurrent Clear Claimed Marks 0.037ms
[272.959s][info][gc,marking  ] GC(503) Concurrent Cleanup for Next Mark
[272.960s][info][gc,marking  ] GC(503) Concurrent Cleanup for Next Mark 1.034ms
[272.960s][info][gc          ] GC(503) Concurrent Mark Cycle 93.012ms
[273.977s][info][gc,start    ] GC(504) Pause Young (Prepare Mixed) (G1 Evacuation Pause)
[273.977s][info][gc,task     ] GC(504) Using 2 workers of 2 for evacuation
[273.993s][info][gc,phases   ] GC(504)   Pre Evacuate Collection Set: 0.19ms
[273.994s][info][gc,phases   ] GC(504)   Merge Heap Roots: 0.09ms
[273.994s][info][gc,phases   ] GC(504)   Evacuate Collection Set: 15.46ms
[273.994s][info][gc,phases   ] GC(504)   Post Evacuate Collection Set: 0.47ms
[273.994s][info][gc,phases   ] GC(504)   Other: 0.10ms
[273.994s][info][gc,heap     ] GC(504) Eden regions: 183->0(203)
[273.994s][info][gc,heap     ] GC(504) Survivor regions: 33->13(27)
[273.994s][info][gc,heap     ] GC(504) Old regions: 74->80
[273.994s][info][gc,heap     ] GC(504) Humongous regions: 2->2
[273.994s][info][gc,metaspace] GC(504) Metaspace: 42478K(42880K)->42478K(42880K) NonClass: 38131K(38400K)->38131K(38400K) Class: 4347K(4480K)->4347K(4480K)
[273.994s][info][gc          ] GC(504) Pause Young (Prepare Mixed) (G1 Evacuation Pause) 292M->94M(360M) 16.520ms
[273.994s][info][gc,cpu      ] GC(504) User=0.03s Sys=0.00s Real=0.02s
[274.963s][info][gc,start    ] GC(505) Pause Young (Mixed) (G1 Evacuation Pause)
[274.963s][info][gc,task     ] GC(505) Using 2 workers of 2 for evacuation
[274.990s][info][gc,phases   ] GC(505)   Pre Evacuate Collection Set: 0.20ms
[274.990s][info][gc,phases   ] GC(505)   Merge Heap Roots: 0.11ms
[274.990s][info][gc,phases   ] GC(505)   Evacuate Collection Set: 26.26ms
[274.990s][info][gc,phases   ] GC(505)   Post Evacuate Collection Set: 0.57ms
[274.990s][info][gc,phases   ] GC(505)   Other: 0.08ms
[274.990s][info][gc,heap     ] GC(505) Eden regions: 203->0(189)
[274.990s][info][gc,heap     ] GC(505) Survivor regions: 13->27(27)
[274.990s][info][gc,heap     ] GC(505) Old regions: 80->56
[274.990s][info][gc,heap     ] GC(505) Humongous regions: 8->4
[274.990s][info][gc,metaspace] GC(505) Metaspace: 42485K(42880K)->42485K(42880K) NonClass: 38138K(38400K)->38138K(38400K) Class: 4347K(4480K)->4347K(4480K)
[274.990s][info][gc          ] GC(505) Pause Young (Mixed) (G1 Evacuation Pause) 303M->86M(360M) 27.431ms
[274.990s][info][gc,cpu      ] GC(505) User=0.06s Sys=0.00s Real=0.02s
[274.997s][info][gc,start    ] GC(506) Pause Young (Concurrent Start) (G1 Humongous Allocation)
[274.997s][info][gc,task     ] GC(506) Using 2 workers of 2 for evacuation
[275.019s][info][gc,phases   ] GC(506)   Pre Evacuate Collection Set: 0.17ms
[275.019s][info][gc,phases   ] GC(506)   Merge Heap Roots: 0.07ms
[275.019s][info][gc,phases   ] GC(506)   Evacuate Collection Set: 20.95ms
[275.019s][info][gc,phases   ] GC(506)   Post Evacuate Collection Set: 0.37ms
[275.019s][info][gc,phases   ] GC(506)   Other: 0.08ms
[275.019s][info][gc,heap     ] GC(506) Eden regions: 1->0(213)
[275.019s][info][gc,heap     ] GC(506) Survivor regions: 27->1(27)
[275.019s][info][gc,heap     ] GC(506) Old regions: 56->83
[275.019s][info][gc,heap     ] GC(506) Humongous regions: 4->2
[275.019s][info][gc,metaspace] GC(506) Metaspace: 42485K(42880K)->42485K(42880K) NonClass: 38138K(38400K)->38138K(38400K) Class: 4347K(4480K)->4347K(4480K)
[275.019s][info][gc          ] GC(506) Pause Young (Concurrent Start) (G1 Humongous Allocation) 87M->85M(360M) 21.798ms
[275.019s][info][gc          ] GC(507) Concurrent Mark Cycle
[275.019s][info][gc,marking  ] GC(507) Concurrent Scan Root Regions
[275.021s][info][gc,cpu      ] GC(506) User=0.05s Sys=0.00s Real=0.03s
[275.042s][info][gc,marking  ] GC(507) Concurrent Scan Root Regions 23.260ms
[275.042s][info][gc,marking  ] GC(507) Concurrent Mark
[275.042s][info][gc,marking  ] GC(507) Concurrent Mark From Roots
[275.042s][info][gc,task     ] GC(507) Using 1 workers of 1 for marking
[275.079s][info][gc,marking  ] GC(507) Concurrent Mark From Roots 36.686ms
[275.079s][info][gc,marking  ] GC(507) Concurrent Preclean
[275.079s][info][gc,marking  ] GC(507) Concurrent Preclean 0.041ms
[275.079s][info][gc,start    ] GC(507) Pause Remark
[275.096s][info][gc          ] GC(507) Pause Remark 99M->98M(297M) 17.091ms
[275.096s][info][gc,cpu      ] GC(507) User=0.04s Sys=0.00s Real=0.02s
[275.098s][info][gc,marking  ] GC(507) Concurrent Mark 56.282ms
[275.098s][info][gc,marking  ] GC(507) Concurrent Rebuild Remembered Sets and Scrub Regions
[275.133s][info][gc,marking  ] GC(507) Concurrent Rebuild Remembered Sets and Scrub Regions 34.975ms
[275.133s][info][gc,start    ] GC(507) Pause Cleanup
[275.134s][info][gc          ] GC(507) Pause Cleanup 108M->108M(297M) 0.068ms
[275.134s][info][gc,cpu      ] GC(507) User=0.00s Sys=0.00s Real=0.00s
[275.134s][info][gc,marking  ] GC(507) Concurrent Clear Claimed Marks
[275.134s][info][gc,marking  ] GC(507) Concurrent Clear Claimed Marks 0.042ms
[275.134s][info][gc,marking  ] GC(507) Concurrent Cleanup for Next Mark
[275.135s][info][gc,marking  ] GC(507) Concurrent Cleanup for Next Mark 0.879ms
[275.135s][info][gc          ] GC(507) Concurrent Mark Cycle 115.849ms
[275.931s][info][gc,start    ] GC(508) Pause Young (Prepare Mixed) (G1 Evacuation Pause)
[275.931s][info][gc,task     ] GC(508) Using 2 workers of 2 for evacuation
[275.945s][info][gc,phases   ] GC(508)   Pre Evacuate Collection Set: 0.17ms
[275.945s][info][gc,phases   ] GC(508)   Merge Heap Roots: 0.06ms
[275.945s][info][gc,phases   ] GC(508)   Evacuate Collection Set: 13.02ms
[275.945s][info][gc,phases   ] GC(508)   Post Evacuate Collection Set: 0.48ms
[275.945s][info][gc,phases   ] GC(508)   Other: 0.07ms
[275.945s][info][gc,heap     ] GC(508) Eden regions: 177->0(152)
[275.945s][info][gc,heap     ] GC(508) Survivor regions: 1->14(23)
[275.945s][info][gc,heap     ] GC(508) Old regions: 82->82
[275.945s][info][gc,heap     ] GC(508) Humongous regions: 17->4
[275.945s][info][gc,metaspace] GC(508) Metaspace: 42509K(42880K)->42509K(42880K) NonClass: 38162K(38400K)->38162K(38400K) Class: 4347K(4480K)->4347K(4480K)
[275.945s][info][gc          ] GC(508) Pause Young (Prepare Mixed) (G1 Evacuation Pause) 276M->99M(297M) 13.999ms
[275.945s][info][gc,cpu      ] GC(508) User=0.03s Sys=0.00s Real=0.01s
[276.548s][info][gc,start    ] GC(509) Pause Young (Mixed) (G1 Evacuation Pause)
[276.548s][info][gc,task     ] GC(509) Using 2 workers of 2 for evacuation
[276.556s][info][gc,phases   ] GC(509)   Pre Evacuate Collection Set: 0.16ms
[276.556s][info][gc,phases   ] GC(509)   Merge Heap Roots: 0.18ms
[276.556s][info][gc,phases   ] GC(509)   Evacuate Collection Set: 7.66ms
[276.556s][info][gc,phases   ] GC(509)   Post Evacuate Collection Set: 0.50ms
[276.556s][info][gc,phases   ] GC(509)   Other: 0.07ms
[276.556s][info][gc,heap     ] GC(509) Eden regions: 152->0(176)
[276.556s][info][gc,heap     ] GC(509) Survivor regions: 14->2(21)
[276.556s][info][gc,heap     ] GC(509) Old regions: 82->69
[276.556s][info][gc,heap     ] GC(509) Humongous regions: 15->4
[276.556s][info][gc,metaspace] GC(509) Metaspace: 42509K(42880K)->42509K(42880K) NonClass: 38162K(38400K)->38162K(38400K) Class: 4347K(4480K)->4347K(4480K)
[276.557s][info][gc          ] GC(509) Pause Young (Mixed) (G1 Evacuation Pause) 262M->74M(297M) 8.739ms
[276.557s][info][gc,cpu      ] GC(509) User=0.01s Sys=0.00s Real=0.01s
[277.332s][info][gc,start    ] GC(510) Pause Young (Concurrent Start) (G1 Humongous Allocation)
[277.332s][info][gc,task     ] GC(510) Using 2 workers of 2 for evacuation
[277.339s][info][gc,phases   ] GC(510)   Pre Evacuate Collection Set: 0.20ms
[277.339s][info][gc,phases   ] GC(510)   Merge Heap Roots: 0.05ms
[277.339s][info][gc,phases   ] GC(510)   Evacuate Collection Set: 5.77ms
[277.339s][info][gc,phases   ] GC(510)   Post Evacuate Collection Set: 0.40ms
[277.339s][info][gc,phases   ] GC(510)   Other: 0.11ms
[277.339s][info][gc,heap     ] GC(510) Eden regions: 175->0(175)
[277.339s][info][gc,heap     ] GC(510) Survivor regions: 2->3(23)
[277.339s][info][gc,heap     ] GC(510) Old regions: 69->69
[277.339s][info][gc,heap     ] GC(510) Humongous regions: 4->2
[277.339s][info][gc,metaspace] GC(510) Metaspace: 42509K(42880K)->42509K(42880K) NonClass: 38162K(38400K)->38162K(38400K) Class: 4347K(4480K)->4347K(4480K)
[277.339s][info][gc          ] GC(510) Pause Young (Concurrent Start) (G1 Humongous Allocation) 249M->72M(297M) 6.683ms
[277.339s][info][gc,cpu      ] GC(510) User=0.01s Sys=0.00s Real=0.00s
[277.339s][info][gc          ] GC(511) Concurrent Mark Cycle
[277.339s][info][gc,marking  ] GC(511) Concurrent Scan Root Regions
[277.345s][info][gc,marking  ] GC(511) Concurrent Scan Root Regions 6.230ms
[277.345s][info][gc,marking  ] GC(511) Concurrent Mark
[277.345s][info][gc,marking  ] GC(511) Concurrent Mark From Roots
[277.345s][info][gc,task     ] GC(511) Using 1 workers of 1 for marking
[277.434s][info][gc,marking  ] GC(511) Concurrent Mark From Roots 88.732ms
[277.434s][info][gc,marking  ] GC(511) Concurrent Preclean
[277.434s][info][gc,marking  ] GC(511) Concurrent Preclean 0.040ms
[277.434s][info][gc,start    ] GC(511) Pause Remark
[277.456s][info][gc          ] GC(511) Pause Remark 90M->80M(256M) 21.522ms
[277.456s][info][gc,cpu      ] GC(511) User=0.04s Sys=0.00s Real=0.02s
[277.459s][info][gc,marking  ] GC(511) Concurrent Mark 114.048ms
[277.459s][info][gc,marking  ] GC(511) Concurrent Rebuild Remembered Sets and Scrub Regions
[277.493s][info][gc,marking  ] GC(511) Concurrent Rebuild Remembered Sets and Scrub Regions 33.989ms
[277.493s][info][gc,start    ] GC(511) Pause Cleanup
[277.493s][info][gc          ] GC(511) Pause Cleanup 88M->88M(256M) 0.056ms
[277.493s][info][gc,cpu      ] GC(511) User=0.00s Sys=0.00s Real=0.00s
[277.493s][info][gc,marking  ] GC(511) Concurrent Clear Claimed Marks
[277.494s][info][gc,marking  ] GC(511) Concurrent Clear Claimed Marks 0.038ms
[277.494s][info][gc,marking  ] GC(511) Concurrent Cleanup for Next Mark
[277.494s][info][gc,marking  ] GC(511) Concurrent Cleanup for Next Mark 0.768ms
[277.494s][info][gc          ] GC(511) Concurrent Mark Cycle 155.454ms
[277.973s][info][gc,start    ] GC(512) Pause Young (Prepare Mixed) (G1 Evacuation Pause)
[277.973s][info][gc,task     ] GC(512) Using 2 workers of 2 for evacuation
[277.978s][info][gc,phases   ] GC(512)   Pre Evacuate Collection Set: 0.15ms
[277.978s][info][gc,phases   ] GC(512)   Merge Heap Roots: 0.06ms
[277.978s][info][gc,phases   ] GC(512)   Evacuate Collection Set: 3.88ms
[277.978s][info][gc,phases   ] GC(512)   Post Evacuate Collection Set: 0.40ms
[277.978s][info][gc,phases   ] GC(512)   Other: 0.10ms
[277.978s][info][gc,heap     ] GC(512) Eden regions: 150->0(149)
[277.978s][info][gc,heap     ] GC(512) Survivor regions: 3->4(20)
[277.978s][info][gc,heap     ] GC(512) Old regions: 59->59
[277.978s][info][gc,heap     ] GC(512) Humongous regions: 17->3
[277.978s][info][gc,metaspace] GC(512) Metaspace: 42510K(42880K)->42510K(42880K) NonClass: 38163K(38400K)->38163K(38400K) Class: 4347K(4480K)->4347K(4480K)
[277.978s][info][gc          ] GC(512) Pause Young (Prepare Mixed) (G1 Evacuation Pause) 228M->65M(256M) 4.758ms
[277.978s][info][gc,cpu      ] GC(512) User=0.00s Sys=0.00s Real=0.00s
[278.541s][info][gc,start    ] GC(513) Pause Young (Mixed) (G1 Evacuation Pause)
[278.541s][info][gc,task     ] GC(513) Using 2 workers of 2 for evacuation
[278.552s][info][gc,phases   ] GC(513)   Pre Evacuate Collection Set: 0.16ms
[278.552s][info][gc,phases   ] GC(513)   Merge Heap Roots: 0.12ms
[278.552s][info][gc,phases   ] GC(513)   Evacuate Collection Set: 9.94ms
[278.552s][info][gc,phases   ] GC(513)   Post Evacuate Collection Set: 0.55ms
[278.552s][info][gc,phases   ] GC(513)   Other: 0.07ms
[278.552s][info][gc,heap     ] GC(513) Eden regions: 149->0(146)
[278.552s][info][gc,heap     ] GC(513) Survivor regions: 4->7(20)
[278.552s][info][gc,heap     ] GC(513) Old regions: 59->43
[278.552s][info][gc,heap     ] GC(513) Humongous regions: 15->3
[278.552s][info][gc,metaspace] GC(513) Metaspace: 42520K(42880K)->42520K(42880K) NonClass: 38170K(38400K)->38170K(38400K) Class: 4349K(4480K)->4349K(4480K)
[278.552s][info][gc          ] GC(513) Pause Young (Mixed) (G1 Evacuation Pause) 226M->52M(256M) 11.009ms
[278.552s][info][gc,cpu      ] GC(513) User=0.02s Sys=0.00s Real=0.02s
[278.586s][info][gc,start    ] GC(514) Pause Young (Concurrent Start) (G1 Humongous Allocation)
[278.586s][info][gc,task     ] GC(514) Using 2 workers of 2 for evacuation
[278.590s][info][gc,phases   ] GC(514)   Pre Evacuate Collection Set: 0.15ms
[278.590s][info][gc,phases   ] GC(514)   Merge Heap Roots: 0.06ms
[278.590s][info][gc,phases   ] GC(514)   Evacuate Collection Set: 3.54ms
[278.590s][info][gc,phases   ] GC(514)   Post Evacuate Collection Set: 0.29ms
[278.590s][info][gc,phases   ] GC(514)   Other: 0.07ms
[278.590s][info][gc,heap     ] GC(514) Eden regions: 9->0(149)
[278.590s][info][gc,heap     ] GC(514) Survivor regions: 7->4(20)
[278.590s][info][gc,heap     ] GC(514) Old regions: 43->43
[278.590s][info][gc,heap     ] GC(514) Humongous regions: 3->1
[278.590s][info][gc,metaspace] GC(514) Metaspace: 42520K(42880K)->42520K(42880K) NonClass: 38170K(38400K)->38170K(38400K) Class: 4349K(4480K)->4349K(4480K)
[278.590s][info][gc          ] GC(514) Pause Young (Concurrent Start) (G1 Humongous Allocation) 61M->47M(256M) 4.297ms
[278.590s][info][gc,cpu      ] GC(514) User=0.01s Sys=0.00s Real=0.00s
[278.590s][info][gc          ] GC(515) Concurrent Mark Cycle
[278.590s][info][gc,marking  ] GC(515) Concurrent Scan Root Regions
[278.595s][info][gc,marking  ] GC(515) Concurrent Scan Root Regions 4.285ms
[278.595s][info][gc,marking  ] GC(515) Concurrent Mark
[278.595s][info][gc,marking  ] GC(515) Concurrent Mark From Roots
[278.595s][info][gc,task     ] GC(515) Using 1 workers of 1 for marking
[278.637s][info][gc,marking  ] GC(515) Concurrent Mark From Roots 42.324ms
[278.637s][info][gc,marking  ] GC(515) Concurrent Preclean
[278.637s][info][gc,marking  ] GC(515) Concurrent Preclean 0.039ms
[278.637s][info][gc,start    ] GC(515) Pause Remark
[278.654s][info][gc          ] GC(515) Pause Remark 59M->59M(256M) 16.491ms
[278.654s][info][gc,cpu      ] GC(515) User=0.04s Sys=0.00s Real=0.02s
[278.654s][info][gc,marking  ] GC(515) Concurrent Mark 59.105ms
[278.654s][info][gc,marking  ] GC(515) Concurrent Rebuild Remembered Sets and Scrub Regions
[278.672s][info][gc,marking  ] GC(515) Concurrent Rebuild Remembered Sets and Scrub Regions 17.989ms
[278.672s][info][gc,start    ] GC(515) Pause Cleanup
[278.672s][info][gc          ] GC(515) Pause Cleanup 61M->61M(256M) 0.040ms
[278.672s][info][gc,cpu      ] GC(515) User=0.00s Sys=0.00s Real=0.00s
[278.672s][info][gc,marking  ] GC(515) Concurrent Clear Claimed Marks
[278.672s][info][gc,marking  ] GC(515) Concurrent Clear Claimed Marks 0.035ms
[278.672s][info][gc,marking  ] GC(515) Concurrent Cleanup for Next Mark
[278.673s][info][gc,marking  ] GC(515) Concurrent Cleanup for Next Mark 0.772ms
[278.673s][info][gc          ] GC(515) Concurrent Mark Cycle 82.556ms
[279.329s][info][gc,start    ] GC(516) Pause Young (Prepare Mixed) (G1 Evacuation Pause)
[279.329s][info][gc,task     ] GC(516) Using 2 workers of 2 for evacuation
[279.345s][info][gc,phases   ] GC(516)   Pre Evacuate Collection Set: 0.16ms
[279.345s][info][gc,phases   ] GC(516)   Merge Heap Roots: 0.06ms
[279.345s][info][gc,phases   ] GC(516)   Evacuate Collection Set: 14.96ms
[279.345s][info][gc,phases   ] GC(516)   Post Evacuate Collection Set: 0.50ms
[279.345s][info][gc,phases   ] GC(516)   Other: 0.10ms
[279.345s][info][gc,heap     ] GC(516) Eden regions: 149->0(134)
[279.345s][info][gc,heap     ] GC(516) Survivor regions: 4->19(20)
[279.345s][info][gc,heap     ] GC(516) Old regions: 43->43
[279.345s][info][gc,heap     ] GC(516) Humongous regions: 11->3
[279.345s][info][gc,metaspace] GC(516) Metaspace: 42520K(42880K)->42520K(42880K) NonClass: 38170K(38400K)->38170K(38400K) Class: 4349K(4480K)->4349K(4480K)
[279.345s][info][gc          ] GC(516) Pause Young (Prepare Mixed) (G1 Evacuation Pause) 206M->64M(256M) 15.977ms
[279.345s][info][gc,cpu      ] GC(516) User=0.03s Sys=0.00s Real=0.02s
[279.936s][info][gc,start    ] GC(517) Pause Young (Mixed) (G1 Evacuation Pause)
[279.936s][info][gc,task     ] GC(517) Using 2 workers of 2 for evacuation
[279.984s][info][gc,phases   ] GC(517)   Pre Evacuate Collection Set: 0.19ms
[279.984s][info][gc,phases   ] GC(517)   Merge Heap Roots: 0.11ms
[279.984s][info][gc,phases   ] GC(517)   Evacuate Collection Set: 46.29ms
[279.984s][info][gc,phases   ] GC(517)   Post Evacuate Collection Set: 0.79ms
[279.984s][info][gc,phases   ] GC(517)   Other: 0.07ms
[279.984s][info][gc,heap     ] GC(517) Eden regions: 134->0(142)
[279.984s][info][gc,heap     ] GC(517) Survivor regions: 19->11(20)
[279.984s][info][gc,heap     ] GC(517) Old regions: 43->53
[279.984s][info][gc,heap     ] GC(517) Humongous regions: 3->3
[279.984s][info][gc,metaspace] GC(517) Metaspace: 42520K(42880K)->42520K(42880K) NonClass: 38170K(38400K)->38170K(38400K) Class: 4349K(4480K)->4349K(4480K)
[279.984s][info][gc          ] GC(517) Pause Young (Mixed) (G1 Evacuation Pause) 198M->66M(256M) 47.658ms
[279.984s][info][gc,cpu      ] GC(517) User=0.05s Sys=0.01s Real=0.05s
[280.433s][info][gc,start    ] GC(518) Pause Young (Concurrent Start) (G1 Humongous Allocation)
[280.433s][info][gc,task     ] GC(518) Using 2 workers of 2 for evacuation
[280.475s][info][gc,phases   ] GC(518)   Pre Evacuate Collection Set: 0.16ms
[280.475s][info][gc,phases   ] GC(518)   Merge Heap Roots: 0.13ms
[280.475s][info][gc,phases   ] GC(518)   Evacuate Collection Set: 41.72ms
[280.475s][info][gc,phases   ] GC(518)   Post Evacuate Collection Set: 0.43ms
[280.475s][info][gc,phases   ] GC(518)   Other: 0.13ms
[280.475s][info][gc,heap     ] GC(518) Eden regions: 101->0(116)
[280.475s][info][gc,heap     ] GC(518) Survivor regions: 11->20(20)
[280.475s][info][gc,heap     ] GC(518) Old regions: 53->71
[280.475s][info][gc,heap     ] GC(518) Humongous regions: 3->1
[280.475s][info][gc,metaspace] GC(518) Metaspace: 42520K(42880K)->42520K(42880K) NonClass: 38170K(38400K)->38170K(38400K) Class: 4349K(4480K)->4349K(4480K)
[280.475s][info][gc          ] GC(518) Pause Young (Concurrent Start) (G1 Humongous Allocation) 167M->91M(256M) 42.746ms
[280.475s][info][gc,cpu      ] GC(518) User=0.09s Sys=0.00s Real=0.04s
[280.475s][info][gc          ] GC(519) Concurrent Mark Cycle
[280.475s][info][gc,marking  ] GC(519) Concurrent Scan Root Regions
[280.519s][info][gc,marking  ] GC(519) Concurrent Scan Root Regions 43.769ms
[280.519s][info][gc,marking  ] GC(519) Concurrent Mark
[280.519s][info][gc,marking  ] GC(519) Concurrent Mark From Roots
[280.519s][info][gc,task     ] GC(519) Using 1 workers of 1 for marking
[280.579s][info][gc,marking  ] GC(519) Concurrent Mark From Roots 60.141ms
[280.579s][info][gc,marking  ] GC(519) Concurrent Preclean
[280.579s][info][gc,marking  ] GC(519) Concurrent Preclean 0.040ms
[280.580s][info][gc,start    ] GC(519) Pause Remark
[280.596s][info][gc          ] GC(519) Pause Remark 121M->121M(256M) 16.029ms
[280.596s][info][gc,cpu      ] GC(519) User=0.03s Sys=0.00s Real=0.02s
[280.598s][info][gc,marking  ] GC(519) Concurrent Mark 79.057ms
[280.598s][info][gc,marking  ] GC(519) Concurrent Rebuild Remembered Sets and Scrub Regions
[280.643s][info][gc,marking  ] GC(519) Concurrent Rebuild Remembered Sets and Scrub Regions 44.626ms
[280.643s][info][gc,start    ] GC(519) Pause Cleanup
[280.643s][info][gc          ] GC(519) Pause Cleanup 126M->126M(256M) 0.065ms
[280.643s][info][gc,cpu      ] GC(519) User=0.00s Sys=0.00s Real=0.00s
[280.643s][info][gc,marking  ] GC(519) Concurrent Clear Claimed Marks
[280.643s][info][gc,marking  ] GC(519) Concurrent Clear Claimed Marks 0.039ms
[280.643s][info][gc,marking  ] GC(519) Concurrent Cleanup for Next Mark
[280.644s][info][gc,marking  ] GC(519) Concurrent Cleanup for Next Mark 0.741ms
[280.644s][info][gc          ] GC(519) Concurrent Mark Cycle 168.668ms
[280.988s][info][gc,start    ] GC(520) Pause Young (Prepare Mixed) (G1 Evacuation Pause)
[280.988s][info][gc,task     ] GC(520) Using 2 workers of 2 for evacuation
[281.032s][info][gc,phases   ] GC(520)   Pre Evacuate Collection Set: 0.17ms
[281.032s][info][gc,phases   ] GC(520)   Merge Heap Roots: 0.40ms
[281.032s][info][gc,phases   ] GC(520)   Evacuate Collection Set: 43.09ms
[281.032s][info][gc,phases   ] GC(520)   Post Evacuate Collection Set: 0.46ms
[281.032s][info][gc,phases   ] GC(520)   Other: 0.09ms
[281.032s][info][gc,heap     ] GC(520) Eden regions: 116->0(104)
[281.032s][info][gc,heap     ] GC(520) Survivor regions: 20->14(17)
[281.032s][info][gc,heap     ] GC(520) Old regions: 71->91
[281.032s][info][gc,heap     ] GC(520) Humongous regions: 5->3
[281.032s][info][gc,metaspace] GC(520) Metaspace: 42520K(42880K)->42520K(42880K) NonClass: 38170K(38400K)->38170K(38400K) Class: 4349K(4480K)->4349K(4480K)
[281.032s][info][gc          ] GC(520) Pause Young (Prepare Mixed) (G1 Evacuation Pause) 211M->107M(256M) 44.416ms
[281.032s][info][gc,cpu      ] GC(520) User=0.08s Sys=0.00s Real=0.05s
[281.407s][info][gc,start    ] GC(521) Pause Young (Mixed) (G1 Evacuation Pause)
[281.407s][info][gc,task     ] GC(521) Using 2 workers of 2 for evacuation
[281.424s][info][gc,phases   ] GC(521)   Pre Evacuate Collection Set: 0.16ms
[281.424s][info][gc,phases   ] GC(521)   Merge Heap Roots: 0.16ms
[281.424s][info][gc,phases   ] GC(521)   Evacuate Collection Set: 15.60ms
[281.424s][info][gc,phases   ] GC(521)   Post Evacuate Collection Set: 0.49ms
[281.424s][info][gc,phases   ] GC(521)   Other: 0.07ms
[281.424s][info][gc,heap     ] GC(521) Eden regions: 104->0(114)
[281.424s][info][gc,heap     ] GC(521) Survivor regions: 14->5(15)
[281.424s][info][gc,heap     ] GC(521) Old regions: 91->94
[281.424s][info][gc,heap     ] GC(521) Humongous regions: 11->3
[281.424s][info][gc,metaspace] GC(521) Metaspace: 42520K(42880K)->42520K(42880K) NonClass: 38170K(38400K)->38170K(38400K) Class: 4349K(4480K)->4349K(4480K)
[281.424s][info][gc          ] GC(521) Pause Young (Mixed) (G1 Evacuation Pause) 219M->101M(256M) 16.667ms
[281.424s][info][gc,cpu      ] GC(521) User=0.03s Sys=0.00s Real=0.02s
[281.559s][info][gc,start    ] GC(522) Pause Young (Concurrent Start) (G1 Humongous Allocation)
[281.559s][info][gc,task     ] GC(522) Using 2 workers of 2 for evacuation
[281.561s][info][gc,phases   ] GC(522)   Pre Evacuate Collection Set: 0.19ms
[281.561s][info][gc,phases   ] GC(522)   Merge Heap Roots: 0.04ms
[281.561s][info][gc,phases   ] GC(522)   Evacuate Collection Set: 1.33ms
[281.561s][info][gc,phases   ] GC(522)   Post Evacuate Collection Set: 0.32ms
[281.561s][info][gc,phases   ] GC(522)   Other: 0.07ms
[281.561s][info][gc,heap     ] GC(522) Eden regions: 30->0(124)
[281.561s][info][gc,heap     ] GC(522) Survivor regions: 5->2(15)
[281.561s][info][gc,heap     ] GC(522) Old regions: 94->94
[281.561s][info][gc,heap     ] GC(522) Humongous regions: 3->1
[281.561s][info][gc,metaspace] GC(522) Metaspace: 42521K(42880K)->42521K(42880K) NonClass: 38171K(38400K)->38171K(38400K) Class: 4349K(4480K)->4349K(4480K)
[281.561s][info][gc          ] GC(522) Pause Young (Concurrent Start) (G1 Humongous Allocation) 131M->96M(256M) 2.117ms
[281.561s][info][gc,cpu      ] GC(522) User=0.01s Sys=0.00s Real=0.01s
[281.561s][info][gc          ] GC(523) Concurrent Mark Cycle
[281.561s][info][gc,marking  ] GC(523) Concurrent Scan Root Regions
[281.563s][info][gc,marking  ] GC(523) Concurrent Scan Root Regions 1.397ms
[281.563s][info][gc,marking  ] GC(523) Concurrent Mark
[281.563s][info][gc,marking  ] GC(523) Concurrent Mark From Roots
[281.563s][info][gc,task     ] GC(523) Using 1 workers of 1 for marking
[281.617s][info][gc,marking  ] GC(523) Concurrent Mark From Roots 54.600ms
[281.618s][info][gc,marking  ] GC(523) Concurrent Preclean
[281.618s][info][gc,marking  ] GC(523) Concurrent Preclean 0.041ms
[281.618s][info][gc,start    ] GC(523) Pause Remark
[281.634s][info][gc          ] GC(523) Pause Remark 115M->90M(256M) 16.320ms
[281.634s][info][gc,cpu      ] GC(523) User=0.03s Sys=0.00s Real=0.02s
[281.634s][info][gc,marking  ] GC(523) Concurrent Mark 71.221ms
[281.634s][info][gc,marking  ] GC(523) Concurrent Rebuild Remembered Sets and Scrub Regions
[281.656s][info][gc,marking  ] GC(523) Concurrent Rebuild Remembered Sets and Scrub Regions 22.081ms
[281.656s][info][gc,start    ] GC(523) Pause Cleanup
[281.656s][info][gc          ] GC(523) Pause Cleanup 94M->94M(256M) 0.063ms
[281.656s][info][gc,cpu      ] GC(523) User=0.00s Sys=0.00s Real=0.00s
[281.656s][info][gc,marking  ] GC(523) Concurrent Clear Claimed Marks
[281.656s][info][gc,marking  ] GC(523) Concurrent Clear Claimed Marks 0.037ms
[281.656s][info][gc,marking  ] GC(523) Concurrent Cleanup for Next Mark
[281.657s][info][gc,marking  ] GC(523) Concurrent Cleanup for Next Mark 0.723ms
[281.657s][info][gc          ] GC(523) Concurrent Mark Cycle 95.809ms
[282.085s][info][gc,start    ] GC(524) Pause Young (Prepare Mixed) (G1 Evacuation Pause)
[282.085s][info][gc,task     ] GC(524) Using 2 workers of 2 for evacuation
[282.107s][info][gc,phases   ] GC(524)   Pre Evacuate Collection Set: 0.18ms
[282.107s][info][gc,phases   ] GC(524)   Merge Heap Roots: 0.10ms
[282.107s][info][gc,phases   ] GC(524)   Evacuate Collection Set: 21.41ms
[282.107s][info][gc,phases   ] GC(524)   Post Evacuate Collection Set: 0.40ms
[282.107s][info][gc,phases   ] GC(524)   Other: 0.07ms
[282.107s][info][gc,heap     ] GC(524) Eden regions: 124->0(133)
[282.107s][info][gc,heap     ] GC(524) Survivor regions: 2->13(16)
[282.107s][info][gc,heap     ] GC(524) Old regions: 69->69
[282.107s][info][gc,heap     ] GC(524) Humongous regions: 5->3
[282.107s][info][gc,metaspace] GC(524) Metaspace: 42521K(42880K)->42521K(42880K) NonClass: 38171K(38400K)->38171K(38400K) Class: 4349K(4480K)->4349K(4480K)
[282.107s][info][gc          ] GC(524) Pause Young (Prepare Mixed) (G1 Evacuation Pause) 199M->84M(256M) 22.355ms
[282.107s][info][gc,cpu      ] GC(524) User=0.03s Sys=0.00s Real=0.02s
[282.638s][info][gc,start    ] GC(525) Pause Young (Mixed) (G1 Evacuation Pause)
[282.638s][info][gc,task     ] GC(525) Using 2 workers of 2 for evacuation
[282.648s][info][gc,phases   ] GC(525)   Pre Evacuate Collection Set: 0.17ms
[282.648s][info][gc,phases   ] GC(525)   Merge Heap Roots: 0.10ms
[282.648s][info][gc,phases   ] GC(525)   Evacuate Collection Set: 9.34ms
[282.648s][info][gc,phases   ] GC(525)   Post Evacuate Collection Set: 0.84ms
[282.648s][info][gc,phases   ] GC(525)   Other: 0.07ms
[282.648s][info][gc,heap     ] GC(525) Eden regions: 133->0(181)
[282.648s][info][gc,heap     ] GC(525) Survivor regions: 13->6(19)
[282.648s][info][gc,heap     ] GC(525) Old regions: 69->48
[282.648s][info][gc,heap     ] GC(525) Humongous regions: 9->3
[282.648s][info][gc,metaspace] GC(525) Metaspace: 42521K(42880K)->42521K(42880K) NonClass: 38171K(38400K)->38171K(38400K) Class: 4349K(4480K)->4349K(4480K)
[282.648s][info][gc          ] GC(525) Pause Young (Mixed) (G1 Evacuation Pause) 223M->56M(312M) 10.715ms
[282.648s][info][gc,cpu      ] GC(525) User=0.02s Sys=0.00s Real=0.01s
[282.689s][info][gc,start    ] GC(526) Pause Young (Concurrent Start) (G1 Humongous Allocation)
[282.689s][info][gc,task     ] GC(526) Using 2 workers of 2 for evacuation
[282.691s][info][gc,phases   ] GC(526)   Pre Evacuate Collection Set: 0.17ms
[282.691s][info][gc,phases   ] GC(526)   Merge Heap Roots: 0.03ms
[282.691s][info][gc,phases   ] GC(526)   Evacuate Collection Set: 1.34ms
[282.691s][info][gc,phases   ] GC(526)   Post Evacuate Collection Set: 0.28ms
[282.691s][info][gc,phases   ] GC(526)   Other: 0.07ms
[282.691s][info][gc,heap     ] GC(526) Eden regions: 10->0(185)
[282.691s][info][gc,heap     ] GC(526) Survivor regions: 6->2(24)
[282.691s][info][gc,heap     ] GC(526) Old regions: 48->48
[282.691s][info][gc,heap     ] GC(526) Humongous regions: 3->1
[282.691s][info][gc,metaspace] GC(526) Metaspace: 42521K(42880K)->42521K(42880K) NonClass: 38171K(38400K)->38171K(38400K) Class: 4349K(4480K)->4349K(4480K)
[282.691s][info][gc          ] GC(526) Pause Young (Concurrent Start) (G1 Humongous Allocation) 66M->49M(312M) 2.053ms
[282.691s][info][gc          ] GC(527) Concurrent Mark Cycle
[282.691s][info][gc,marking  ] GC(527) Concurrent Scan Root Regions
[282.692s][info][gc,marking  ] GC(527) Concurrent Scan Root Regions 1.447ms
[282.692s][info][gc,marking  ] GC(527) Concurrent Mark
[282.692s][info][gc,marking  ] GC(527) Concurrent Mark From Roots
[282.692s][info][gc,task     ] GC(527) Using 1 workers of 1 for marking
[282.692s][info][gc,cpu      ] GC(526) User=0.01s Sys=0.00s Real=0.01s
[282.752s][info][gc,marking  ] GC(527) Concurrent Mark From Roots 59.932ms
[282.752s][info][gc,marking  ] GC(527) Concurrent Preclean
[282.752s][info][gc,marking  ] GC(527) Concurrent Preclean 0.040ms
[282.752s][info][gc,start    ] GC(527) Pause Remark
[282.768s][info][gc          ] GC(527) Pause Remark 67M->67M(256M) 16.082ms
[282.768s][info][gc,cpu      ] GC(527) User=0.03s Sys=0.00s Real=0.01s
[282.769s][info][gc,marking  ] GC(527) Concurrent Mark 76.331ms
[282.769s][info][gc,marking  ] GC(527) Concurrent Rebuild Remembered Sets and Scrub Regions
[282.791s][info][gc,marking  ] GC(527) Concurrent Rebuild Remembered Sets and Scrub Regions 22.847ms
[282.792s][info][gc,start    ] GC(527) Pause Cleanup
[282.792s][info][gc          ] GC(527) Pause Cleanup 72M->72M(256M) 0.043ms
[282.792s][info][gc,cpu      ] GC(527) User=0.00s Sys=0.00s Real=0.00s
[282.792s][info][gc,marking  ] GC(527) Concurrent Clear Claimed Marks
[282.792s][info][gc,marking  ] GC(527) Concurrent Clear Claimed Marks 0.036ms
[282.792s][info][gc,marking  ] GC(527) Concurrent Cleanup for Next Mark
[282.792s][info][gc,marking  ] GC(527) Concurrent Cleanup for Next Mark 0.801ms
[282.792s][info][gc          ] GC(527) Concurrent Mark Cycle 101.762ms
[283.365s][info][gc,start    ] GC(528) Pause Young (Prepare Mixed) (G1 Evacuation Pause)
[283.365s][info][gc,task     ] GC(528) Using 2 workers of 2 for evacuation
[283.388s][info][gc,phases   ] GC(528)   Pre Evacuate Collection Set: 0.18ms
[283.388s][info][gc,phases   ] GC(528)   Merge Heap Roots: 0.06ms
[283.388s][info][gc,phases   ] GC(528)   Evacuate Collection Set: 21.81ms
[283.388s][info][gc,phases   ] GC(528)   Post Evacuate Collection Set: 0.90ms
[283.388s][info][gc,phases   ] GC(528)   Other: 0.07ms
[283.388s][info][gc,heap     ] GC(528) Eden regions: 151->0(141)
[283.388s][info][gc,heap     ] GC(528) Survivor regions: 2->12(20)
[283.388s][info][gc,heap     ] GC(528) Old regions: 48->48
[283.388s][info][gc,heap     ] GC(528) Humongous regions: 5->3
[283.388s][info][gc,metaspace] GC(528) Metaspace: 42521K(42880K)->42521K(42880K) NonClass: 38171K(38400K)->38171K(38400K) Class: 4349K(4480K)->4349K(4480K)
[283.388s][info][gc          ] GC(528) Pause Young (Prepare Mixed) (G1 Evacuation Pause) 204M->61M(256M) 23.199ms
[283.388s][info][gc,cpu      ] GC(528) User=0.03s Sys=0.00s Real=0.02s
[283.983s][info][gc,start    ] GC(529) Pause Young (Mixed) (G1 Evacuation Pause)
[283.983s][info][gc,task     ] GC(529) Using 2 workers of 2 for evacuation
[283.991s][info][gc,phases   ] GC(529)   Pre Evacuate Collection Set: 0.16ms
[283.991s][info][gc,phases   ] GC(529)   Merge Heap Roots: 0.11ms
[283.991s][info][gc,phases   ] GC(529)   Evacuate Collection Set: 7.33ms
[283.991s][info][gc,phases   ] GC(529)   Post Evacuate Collection Set: 0.43ms
[283.991s][info][gc,phases   ] GC(529)   Other: 0.07ms
[283.991s][info][gc,heap     ] GC(529) Eden regions: 141->0(150)
[283.991s][info][gc,heap     ] GC(529) Survivor regions: 12->3(20)
[283.991s][info][gc,heap     ] GC(529) Old regions: 48->47
[283.991s][info][gc,heap     ] GC(529) Humongous regions: 9->3
[283.991s][info][gc,metaspace] GC(529) Metaspace: 42521K(42880K)->42521K(42880K) NonClass: 38171K(38400K)->38171K(38400K) Class: 4349K(4480K)->4349K(4480K)
[283.991s][info][gc          ] GC(529) Pause Young (Mixed) (G1 Evacuation Pause) 208M->51M(256M) 8.281ms
[283.991s][info][gc,cpu      ] GC(529) User=0.01s Sys=0.00s Real=0.00s
[284.060s][info][gc,start    ] GC(530) Pause Young (Concurrent Start) (G1 Humongous Allocation)
[284.060s][info][gc,task     ] GC(530) Using 2 workers of 2 for evacuation
[284.064s][info][gc,phases   ] GC(530)   Pre Evacuate Collection Set: 0.18ms
[284.064s][info][gc,phases   ] GC(530)   Merge Heap Roots: 0.04ms
[284.064s][info][gc,phases   ] GC(530)   Evacuate Collection Set: 2.64ms
[284.064s][info][gc,phases   ] GC(530)   Post Evacuate Collection Set: 0.35ms
[284.064s][info][gc,phases   ] GC(530)   Other: 0.08ms
[284.064s][info][gc,heap     ] GC(530) Eden regions: 18->0(150)
[284.064s][info][gc,heap     ] GC(530) Survivor regions: 3->3(20)
[284.064s][info][gc,heap     ] GC(530) Old regions: 47->47
[284.064s][info][gc,heap     ] GC(530) Humongous regions: 3->1
[284.064s][info][gc,metaspace] GC(530) Metaspace: 42521K(42880K)->42521K(42880K) NonClass: 38171K(38400K)->38171K(38400K) Class: 4349K(4480K)->4349K(4480K)
[284.064s][info][gc          ] GC(530) Pause Young (Concurrent Start) (G1 Humongous Allocation) 69M->49M(256M) 3.450ms
[284.064s][info][gc,cpu      ] GC(530) User=0.00s Sys=0.00s Real=0.01s
[284.064s][info][gc          ] GC(531) Concurrent Mark Cycle
[284.064s][info][gc,marking  ] GC(531) Concurrent Scan Root Regions
[284.066s][info][gc,marking  ] GC(531) Concurrent Scan Root Regions 2.337ms
[284.066s][info][gc,marking  ] GC(531) Concurrent Mark
[284.066s][info][gc,marking  ] GC(531) Concurrent Mark From Roots
[284.066s][info][gc,task     ] GC(531) Using 1 workers of 1 for marking
[284.143s][info][gc,marking  ] GC(531) Concurrent Mark From Roots 76.875ms
[284.143s][info][gc,marking  ] GC(531) Concurrent Preclean
[284.143s][info][gc,marking  ] GC(531) Concurrent Preclean 0.038ms
[284.143s][info][gc,start    ] GC(531) Pause Remark
[284.160s][info][gc          ] GC(531) Pause Remark 72M->72M(256M) 16.617ms
[284.160s][info][gc,cpu      ] GC(531) User=0.03s Sys=0.00s Real=0.01s
[284.160s][info][gc,marking  ] GC(531) Concurrent Mark 94.323ms
[284.160s][info][gc,marking  ] GC(531) Concurrent Rebuild Remembered Sets and Scrub Regions
[284.191s][info][gc,marking  ] GC(531) Concurrent Rebuild Remembered Sets and Scrub Regions 30.796ms
[284.191s][info][gc,start    ] GC(531) Pause Cleanup
[284.191s][info][gc          ] GC(531) Pause Cleanup 79M->79M(256M) 0.049ms
[284.191s][info][gc,cpu      ] GC(531) User=0.00s Sys=0.00s Real=0.00s
[284.192s][info][gc,marking  ] GC(531) Concurrent Clear Claimed Marks
[284.192s][info][gc,marking  ] GC(531) Concurrent Clear Claimed Marks 0.046ms
[284.192s][info][gc,marking  ] GC(531) Concurrent Cleanup for Next Mark
[284.193s][info][gc,marking  ] GC(531) Concurrent Cleanup for Next Mark 0.763ms
[284.193s][info][gc          ] GC(531) Concurrent Mark Cycle 128.922ms
[284.550s][info][gc,start    ] GC(532) Pause Young (Prepare Mixed) (G1 Evacuation Pause)
[284.550s][info][gc,task     ] GC(532) Using 2 workers of 2 for evacuation
[284.587s][info][gc,phases   ] GC(532)   Pre Evacuate Collection Set: 0.16ms
[284.587s][info][gc,phases   ] GC(532)   Merge Heap Roots: 0.08ms
[284.587s][info][gc,phases   ] GC(532)   Evacuate Collection Set: 36.33ms
[284.587s][info][gc,phases   ] GC(532)   Post Evacuate Collection Set: 0.54ms
[284.587s][info][gc,phases   ] GC(532)   Other: 0.07ms
[284.587s][info][gc,heap     ] GC(532) Eden regions: 150->0(125)
[284.587s][info][gc,heap     ] GC(532) Survivor regions: 3->20(20)
[284.587s][info][gc,heap     ] GC(532) Old regions: 47->65
[284.587s][info][gc,heap     ] GC(532) Humongous regions: 3->3
[284.587s][info][gc,metaspace] GC(532) Metaspace: 42521K(42880K)->42521K(42880K) NonClass: 38171K(38400K)->38171K(38400K) Class: 4349K(4480K)->4349K(4480K)
[284.587s][info][gc          ] GC(532) Pause Young (Prepare Mixed) (G1 Evacuation Pause) 201M->87M(256M) 37.366ms
[284.587s][info][gc,cpu      ] GC(532) User=0.07s Sys=0.00s Real=0.04s
[285.192s][info][gc,start    ] GC(533) Pause Young (Mixed) (G1 Evacuation Pause)
[285.192s][info][gc,task     ] GC(533) Using 2 workers of 2 for evacuation
[285.240s][info][gc,phases   ] GC(533)   Pre Evacuate Collection Set: 0.18ms
[285.240s][info][gc,phases   ] GC(533)   Merge Heap Roots: 0.22ms
[285.240s][info][gc,phases   ] GC(533)   Evacuate Collection Set: 46.72ms
[285.240s][info][gc,phases   ] GC(533)   Post Evacuate Collection Set: 0.44ms
[285.240s][info][gc,phases   ] GC(533)   Other: 0.07ms
[285.240s][info][gc,heap     ] GC(533) Eden regions: 125->0(111)
[285.240s][info][gc,heap     ] GC(533) Survivor regions: 20->19(19)
[285.240s][info][gc,heap     ] GC(533) Old regions: 65->80
[285.240s][info][gc,heap     ] GC(533) Humongous regions: 3->3
[285.240s][info][gc,metaspace] GC(533) Metaspace: 42522K(42880K)->42522K(42880K) NonClass: 38172K(38400K)->38172K(38400K) Class: 4349K(4480K)->4349K(4480K)
[285.240s][info][gc          ] GC(533) Pause Young (Mixed) (G1 Evacuation Pause) 212M->101M(256M) 47.822ms
[285.240s][info][gc,cpu      ] GC(533) User=0.10s Sys=0.00s Real=0.04s
[285.852s][info][gc,start    ] GC(534) Pause Young (Concurrent Start) (G1 Evacuation Pause)
[285.852s][info][gc,task     ] GC(534) Using 2 workers of 2 for evacuation
[285.915s][info][gc,phases   ] GC(534)   Pre Evacuate Collection Set: 0.17ms
[285.915s][info][gc,phases   ] GC(534)   Merge Heap Roots: 0.24ms
[285.915s][info][gc,phases   ] GC(534)   Evacuate Collection Set: 62.51ms
[285.915s][info][gc,phases   ] GC(534)   Post Evacuate Collection Set: 0.46ms
[285.915s][info][gc,phases   ] GC(534)   Other: 0.10ms
[285.915s][info][gc,heap     ] GC(534) Eden regions: 111->0(87)
[285.916s][info][gc,heap     ] GC(534) Survivor regions: 19->17(17)
[285.916s][info][gc,heap     ] GC(534) Old regions: 80->113
[285.916s][info][gc,heap     ] GC(534) Humongous regions: 3->3
[285.916s][info][gc,metaspace] GC(534) Metaspace: 42522K(42944K)->42522K(42944K) NonClass: 38173K(38464K)->38173K(38464K) Class: 4349K(4480K)->4349K(4480K)
[285.916s][info][gc          ] GC(534) Pause Young (Concurrent Start) (G1 Evacuation Pause) 212M->132M(263M) 63.680ms
[285.916s][info][gc          ] GC(535) Concurrent Mark Cycle
[285.916s][info][gc,marking  ] GC(535) Concurrent Scan Root Regions
[285.917s][info][gc,cpu      ] GC(534) User=0.12s Sys=0.01s Real=0.06s
[285.981s][info][gc,marking  ] GC(535) Concurrent Scan Root Regions 65.621ms
[285.981s][info][gc,marking  ] GC(535) Concurrent Mark
[285.981s][info][gc,marking  ] GC(535) Concurrent Mark From Roots
[285.981s][info][gc,task     ] GC(535) Using 1 workers of 1 for marking
[286.147s][info][gc,marking  ] GC(535) Concurrent Mark From Roots 165.348ms
[286.147s][info][gc,marking  ] GC(535) Concurrent Preclean
[286.147s][info][gc,marking  ] GC(535) Concurrent Preclean 0.047ms
[286.147s][info][gc,start    ] GC(535) Pause Remark
[286.164s][info][gc          ] GC(535) Pause Remark 162M->162M(263M) 16.742ms
[286.164s][info][gc,cpu      ] GC(535) User=0.03s Sys=0.00s Real=0.02s
[286.164s][info][gc,marking  ] GC(535) Concurrent Mark 182.411ms
[286.164s][info][gc,marking  ] GC(535) Concurrent Rebuild Remembered Sets and Scrub Regions
[286.243s][info][gc,marking  ] GC(535) Concurrent Rebuild Remembered Sets and Scrub Regions 79.528ms
[286.243s][info][gc,start    ] GC(535) Pause Cleanup
[286.243s][info][gc          ] GC(535) Pause Cleanup 173M->173M(263M) 0.050ms
[286.243s][info][gc,cpu      ] GC(535) User=0.00s Sys=0.00s Real=0.00s
[286.243s][info][gc,marking  ] GC(535) Concurrent Clear Claimed Marks
[286.243s][info][gc,marking  ] GC(535) Concurrent Clear Claimed Marks 0.039ms
[286.243s][info][gc,marking  ] GC(535) Concurrent Cleanup for Next Mark
[286.244s][info][gc,marking  ] GC(535) Concurrent Cleanup for Next Mark 0.863ms
[286.244s][info][gc          ] GC(535) Concurrent Mark Cycle 328.803ms
[286.417s][info][gc,start    ] GC(536) Pause Young (Prepare Mixed) (G1 Evacuation Pause)
[286.417s][info][gc,task     ] GC(536) Using 2 workers of 2 for evacuation
[286.466s][info][gc,phases   ] GC(536)   Pre Evacuate Collection Set: 0.17ms
[286.467s][info][gc,phases   ] GC(536)   Merge Heap Roots: 0.35ms
[286.467s][info][gc,phases   ] GC(536)   Evacuate Collection Set: 48.42ms
[286.467s][info][gc,phases   ] GC(536)   Post Evacuate Collection Set: 0.49ms
[286.467s][info][gc,phases   ] GC(536)   Other: 0.07ms
[286.467s][info][gc,heap     ] GC(536) Eden regions: 87->0(68)
[286.467s][info][gc,heap     ] GC(536) Survivor regions: 17->13(13)
[286.467s][info][gc,heap     ] GC(536) Old regions: 113->140
[286.467s][info][gc,heap     ] GC(536) Humongous regions: 5->3
[286.467s][info][gc,metaspace] GC(536) Metaspace: 42522K(42944K)->42522K(42944K) NonClass: 38173K(38464K)->38173K(38464K) Class: 4349K(4480K)->4349K(4480K)
[286.467s][info][gc          ] GC(536) Pause Young (Prepare Mixed) (G1 Evacuation Pause) 221M->155M(263M) 49.697ms
[286.467s][info][gc,cpu      ] GC(536) User=0.09s Sys=0.01s Real=0.05s
[286.791s][info][gc,start    ] GC(537) Pause Young (Mixed) (G1 Evacuation Pause)
[286.791s][info][gc,task     ] GC(537) Using 2 workers of 2 for evacuation
[286.816s][info][gc,phases   ] GC(537)   Pre Evacuate Collection Set: 0.15ms
[286.816s][info][gc,phases   ] GC(537)   Merge Heap Roots: 0.17ms
[286.816s][info][gc,phases   ] GC(537)   Evacuate Collection Set: 23.92ms
[286.816s][info][gc,phases   ] GC(537)   Post Evacuate Collection Set: 0.35ms
[286.816s][info][gc,phases   ] GC(537)   Other: 0.06ms
[286.816s][info][gc,heap     ] GC(537) Eden regions: 68->0(69)
[286.816s][info][gc,heap     ] GC(537) Survivor regions: 13->8(11)
[286.816s][info][gc,heap     ] GC(537) Old regions: 140->147
[286.816s][info][gc,heap     ] GC(537) Humongous regions: 5->3
[286.816s][info][gc,metaspace] GC(537) Metaspace: 42522K(42944K)->42522K(42944K) NonClass: 38173K(38464K)->38173K(38464K) Class: 4349K(4480K)->4349K(4480K)
[286.816s][info][gc          ] GC(537) Pause Young (Mixed) (G1 Evacuation Pause) 225M->156M(263M) 24.857ms
[286.816s][info][gc,cpu      ] GC(537) User=0.05s Sys=0.00s Real=0.02s
[286.891s][info][gc,start    ] GC(538) Pause Young (Concurrent Start) (G1 Humongous Allocation)
[286.891s][info][gc,task     ] GC(538) Using 2 workers of 2 for evacuation
[286.900s][info][gc,phases   ] GC(538)   Pre Evacuate Collection Set: 0.22ms
[286.900s][info][gc,phases   ] GC(538)   Merge Heap Roots: 0.07ms
[286.900s][info][gc,phases   ] GC(538)   Evacuate Collection Set: 7.44ms
[286.900s][info][gc,phases   ] GC(538)   Post Evacuate Collection Set: 1.31ms
[286.900s][info][gc,phases   ] GC(538)   Other: 0.10ms
[286.900s][info][gc,heap     ] GC(538) Eden regions: 19->0(173)
[286.900s][info][gc,heap     ] GC(538) Survivor regions: 8->1(10)
[286.900s][info][gc,heap     ] GC(538) Old regions: 147->154
[286.900s][info][gc,heap     ] GC(538) Humongous regions: 3->1
[286.900s][info][gc,metaspace] GC(538) Metaspace: 42522K(42944K)->42522K(42944K) NonClass: 38173K(38464K)->38173K(38464K) Class: 4349K(4480K)->4349K(4480K)
[286.900s][info][gc          ] GC(538) Pause Young (Concurrent Start) (G1 Humongous Allocation) 175M->155M(400M) 9.302ms
[286.900s][info][gc,cpu      ] GC(538) User=0.02s Sys=0.00s Real=0.01s
[286.900s][info][gc          ] GC(539) Concurrent Mark Cycle
[286.900s][info][gc,marking  ] GC(539) Concurrent Scan Root Regions
[286.909s][info][gc,marking  ] GC(539) Concurrent Scan Root Regions 8.594ms
[286.909s][info][gc,marking  ] GC(539) Concurrent Mark
[286.909s][info][gc,marking  ] GC(539) Concurrent Mark From Roots
[286.909s][info][gc,task     ] GC(539) Using 1 workers of 1 for marking
[286.992s][info][gc,marking  ] GC(539) Concurrent Mark From Roots 82.829ms
[286.992s][info][gc,marking  ] GC(539) Concurrent Preclean
[286.992s][info][gc,marking  ] GC(539) Concurrent Preclean 0.044ms
[286.995s][info][gc,start    ] GC(539) Pause Remark
[287.019s][info][gc          ] GC(539) Pause Remark 168M->138M(400M) 24.452ms
[287.019s][info][gc,cpu      ] GC(539) User=0.03s Sys=0.00s Real=0.02s
[287.019s][info][gc,marking  ] GC(539) Concurrent Mark 110.730ms
[287.019s][info][gc,marking  ] GC(539) Concurrent Rebuild Remembered Sets and Scrub Regions
[287.053s][info][gc,marking  ] GC(539) Concurrent Rebuild Remembered Sets and Scrub Regions 33.454ms
[287.053s][info][gc,start    ] GC(539) Pause Cleanup
[287.053s][info][gc          ] GC(539) Pause Cleanup 150M->150M(400M) 0.068ms
[287.053s][info][gc,cpu      ] GC(539) User=0.00s Sys=0.00s Real=0.00s
[287.053s][info][gc,marking  ] GC(539) Concurrent Clear Claimed Marks
[287.053s][info][gc,marking  ] GC(539) Concurrent Clear Claimed Marks 0.052ms
[287.053s][info][gc,marking  ] GC(539) Concurrent Cleanup for Next Mark
[287.056s][info][gc,marking  ] GC(539) Concurrent Cleanup for Next Mark 2.560ms
[287.056s][info][gc          ] GC(539) Concurrent Mark Cycle 155.679ms
[287.661s][info][gc,start    ] GC(540) Pause Young (Prepare Mixed) (G1 Evacuation Pause)
[287.662s][info][gc,task     ] GC(540) Using 2 workers of 2 for evacuation
[287.668s][info][gc,phases   ] GC(540)   Pre Evacuate Collection Set: 0.19ms
[287.668s][info][gc,phases   ] GC(540)   Merge Heap Roots: 0.10ms
[287.668s][info][gc,phases   ] GC(540)   Evacuate Collection Set: 5.93ms
[287.668s][info][gc,phases   ] GC(540)   Post Evacuate Collection Set: 0.47ms
[287.668s][info][gc,phases   ] GC(540)   Other: 0.08ms
[287.668s][info][gc,heap     ] GC(540) Eden regions: 173->0(199)
[287.668s][info][gc,heap     ] GC(540) Survivor regions: 1->6(22)
[287.668s][info][gc,heap     ] GC(540) Old regions: 124->124
[287.668s][info][gc,heap     ] GC(540) Humongous regions: 11->3
[287.668s][info][gc,metaspace] GC(540) Metaspace: 42524K(42944K)->42524K(42944K) NonClass: 38175K(38464K)->38175K(38464K) Class: 4349K(4480K)->4349K(4480K)
[287.668s][info][gc          ] GC(540) Pause Young (Prepare Mixed) (G1 Evacuation Pause) 308M->131M(400M) 6.976ms
[287.668s][info][gc,cpu      ] GC(540) User=0.01s Sys=0.00s Real=0.00s
[288.335s][info][gc,start    ] GC(541) Pause Young (Mixed) (G1 Evacuation Pause)
[288.335s][info][gc,task     ] GC(541) Using 2 workers of 2 for evacuation
[288.351s][info][gc,phases   ] GC(541)   Pre Evacuate Collection Set: 0.25ms
[288.351s][info][gc,phases   ] GC(541)   Merge Heap Roots: 0.12ms
[288.351s][info][gc,phases   ] GC(541)   Evacuate Collection Set: 15.37ms
[288.351s][info][gc,phases   ] GC(541)   Post Evacuate Collection Set: 0.54ms
[288.351s][info][gc,phases   ] GC(541)   Other: 0.08ms
[288.351s][info][gc,heap     ] GC(541) Eden regions: 199->0(219)
[288.351s][info][gc,heap     ] GC(541) Survivor regions: 6->21(26)
[288.351s][info][gc,heap     ] GC(541) Old regions: 124->84
[288.351s][info][gc,heap     ] GC(541) Humongous regions: 5->3
[288.351s][info][gc,metaspace] GC(541) Metaspace: 42526K(42944K)->42526K(42944K) NonClass: 38177K(38464K)->38177K(38464K) Class: 4349K(4480K)->4349K(4480K)
[288.351s][info][gc          ] GC(541) Pause Young (Mixed) (G1 Evacuation Pause) 332M->107M(400M) 16.553ms
[288.351s][info][gc,cpu      ] GC(541) User=0.03s Sys=0.00s Real=0.02s
[289.084s][info][gc,start    ] GC(542) Pause Young (Mixed) (G1 Evacuation Pause)
[289.084s][info][gc,task     ] GC(542) Using 2 workers of 2 for evacuation
[289.096s][info][gc,phases   ] GC(542)   Pre Evacuate Collection Set: 0.26ms
[289.096s][info][gc,phases   ] GC(542)   Merge Heap Roots: 0.12ms
[289.096s][info][gc,phases   ] GC(542)   Evacuate Collection Set: 10.95ms
[289.096s][info][gc,phases   ] GC(542)   Post Evacuate Collection Set: 0.49ms
[289.096s][info][gc,phases   ] GC(542)   Other: 0.09ms
[289.096s][info][gc,heap     ] GC(542) Eden regions: 219->0(234)
[289.096s][info][gc,heap     ] GC(542) Survivor regions: 21->6(30)
[289.096s][info][gc,heap     ] GC(542) Old regions: 84->78
[289.096s][info][gc,heap     ] GC(542) Humongous regions: 5->3
[289.096s][info][gc,metaspace] GC(542) Metaspace: 42526K(42944K)->42526K(42944K) NonClass: 38177K(38464K)->38177K(38464K) Class: 4349K(4480K)->4349K(4480K)
[289.096s][info][gc          ] GC(542) Pause Young (Mixed) (G1 Evacuation Pause) 328M->85M(400M) 12.109ms
[289.096s][info][gc,cpu      ] GC(542) User=0.02s Sys=0.00s Real=0.01s
[289.932s][info][gc,start    ] GC(543) Pause Young (Concurrent Start) (G1 Humongous Allocation)
[289.932s][info][gc,task     ] GC(543) Using 2 workers of 2 for evacuation
[289.957s][info][gc,phases   ] GC(543)   Pre Evacuate Collection Set: 0.23ms
[289.957s][info][gc,phases   ] GC(543)   Merge Heap Roots: 0.08ms
[289.957s][info][gc,phases   ] GC(543)   Evacuate Collection Set: 24.40ms
[289.957s][info][gc,phases   ] GC(543)   Post Evacuate Collection Set: 0.53ms
[289.957s][info][gc,phases   ] GC(543)   Other: 0.09ms
[289.957s][info][gc,heap     ] GC(543) Eden regions: 232->0(201)
[289.957s][info][gc,heap     ] GC(543) Survivor regions: 6->30(30)
[289.957s][info][gc,heap     ] GC(543) Old regions: 78->87
[289.957s][info][gc,heap     ] GC(543) Humongous regions: 3->3
[289.957s][info][gc,metaspace] GC(543) Metaspace: 42526K(42944K)->42526K(42944K) NonClass: 38177K(38464K)->38177K(38464K) Class: 4349K(4480K)->4349K(4480K)
[289.957s][info][gc          ] GC(543) Pause Young (Concurrent Start) (G1 Humongous Allocation) 317M->119M(400M) 25.546ms
[289.957s][info][gc,cpu      ] GC(543) User=0.05s Sys=0.00s Real=0.02s
[289.957s][info][gc          ] GC(544) Concurrent Mark Cycle
[289.957s][info][gc,marking  ] GC(544) Concurrent Scan Root Regions
[289.973s][info][gc,marking  ] GC(544) Concurrent Scan Root Regions 16.007ms
[289.974s][info][gc,marking  ] GC(544) Concurrent Mark
[289.974s][info][gc,marking  ] GC(544) Concurrent Mark From Roots
[289.974s][info][gc,task     ] GC(544) Using 1 workers of 1 for marking
[290.046s][info][gc,marking  ] GC(544) Concurrent Mark From Roots 72.914ms
[290.046s][info][gc,marking  ] GC(544) Concurrent Preclean
[290.047s][info][gc,marking  ] GC(544) Concurrent Preclean 0.040ms
[290.047s][info][gc,start    ] GC(544) Pause Remark
[290.063s][info][gc          ] GC(544) Pause Remark 138M->129M(374M) 16.423ms
[290.063s][info][gc,cpu      ] GC(544) User=0.03s Sys=0.00s Real=0.02s
[290.063s][info][gc,marking  ] GC(544) Concurrent Mark 89.681ms
[290.063s][info][gc,marking  ] GC(544) Concurrent Rebuild Remembered Sets and Scrub Regions
[290.102s][info][gc,marking  ] GC(544) Concurrent Rebuild Remembered Sets and Scrub Regions 38.571ms
[290.102s][info][gc,start    ] GC(544) Pause Cleanup
[290.102s][info][gc          ] GC(544) Pause Cleanup 135M->135M(374M) 0.058ms
[290.102s][info][gc,cpu      ] GC(544) User=0.00s Sys=0.00s Real=0.00s
[290.102s][info][gc,marking  ] GC(544) Concurrent Clear Claimed Marks
[290.102s][info][gc,marking  ] GC(544) Concurrent Clear Claimed Marks 0.040ms
[290.102s][info][gc,marking  ] GC(544) Concurrent Cleanup for Next Mark
[290.104s][info][gc,marking  ] GC(544) Concurrent Cleanup for Next Mark 1.073ms
[290.104s][info][gc          ] GC(544) Concurrent Mark Cycle 146.110ms
[290.692s][info][gc,start    ] GC(545) Pause Young (Prepare Mixed) (G1 Evacuation Pause)
[290.692s][info][gc,task     ] GC(545) Using 2 workers of 2 for evacuation
[290.733s][info][gc,phases   ] GC(545)   Pre Evacuate Collection Set: 0.20ms
[290.733s][info][gc,phases   ] GC(545)   Merge Heap Roots: 0.17ms
[290.733s][info][gc,phases   ] GC(545)   Evacuate Collection Set: 40.58ms
[290.733s][info][gc,phases   ] GC(545)   Post Evacuate Collection Set: 0.56ms
[290.733s][info][gc,phases   ] GC(545)   Other: 0.08ms
[290.733s][info][gc,heap     ] GC(545) Eden regions: 194->0(159)
[290.733s][info][gc,heap     ] GC(545) Survivor regions: 30->28(28)
[290.733s][info][gc,heap     ] GC(545) Old regions: 78->112
[290.733s][info][gc,heap     ] GC(545) Humongous regions: 4->4
[290.733s][info][gc,metaspace] GC(545) Metaspace: 42527K(42944K)->42527K(42944K) NonClass: 38177K(38464K)->38177K(38464K) Class: 4349K(4480K)->4349K(4480K)
[290.733s][info][gc          ] GC(545) Pause Young (Prepare Mixed) (G1 Evacuation Pause) 305M->143M(374M) 41.783ms
[290.733s][info][gc,cpu      ] GC(545) User=0.08s Sys=0.00s Real=0.04s
[291.330s][info][gc,start    ] GC(546) Pause Young (Mixed) (G1 Evacuation Pause)
[291.331s][info][gc,task     ] GC(546) Using 2 workers of 2 for evacuation
[291.435s][info][gc,phases   ] GC(546)   Pre Evacuate Collection Set: 0.21ms
[291.435s][info][gc,phases   ] GC(546)   Merge Heap Roots: 0.22ms
[291.435s][info][gc,phases   ] GC(546)   Evacuate Collection Set: 103.18ms
[291.435s][info][gc,phases   ] GC(546)   Post Evacuate Collection Set: 0.57ms
[291.435s][info][gc,phases   ] GC(546)   Other: 0.08ms
[291.435s][info][gc,heap     ] GC(546) Eden regions: 159->0(96)
[291.435s][info][gc,heap     ] GC(546) Survivor regions: 28->24(24)
[291.435s][info][gc,heap     ] GC(546) Old regions: 112->198
[291.435s][info][gc,heap     ] GC(546) Humongous regions: 5->5
[291.435s][info][gc,metaspace] GC(546) Metaspace: 42527K(42944K)->42527K(42944K) NonClass: 38177K(38464K)->38177K(38464K) Class: 4349K(4480K)->4349K(4480K)
[291.435s][info][gc          ] GC(546) Pause Young (Mixed) (G1 Evacuation Pause) 303M->226M(420M) 104.457ms
[291.435s][info][gc,cpu      ] GC(546) User=0.17s Sys=0.04s Real=0.11s
[291.513s][info][gc,start    ] GC(547) Pause Young (Concurrent Start) (G1 Humongous Allocation)
[291.513s][info][gc,task     ] GC(547) Using 2 workers of 2 for evacuation
[291.552s][info][gc,phases   ] GC(547)   Pre Evacuate Collection Set: 0.24ms
[291.552s][info][gc,phases   ] GC(547)   Merge Heap Roots: 0.31ms
[291.552s][info][gc,phases   ] GC(547)   Evacuate Collection Set: 38.15ms
[291.552s][info][gc,phases   ] GC(547)   Post Evacuate Collection Set: 0.33ms
[291.552s][info][gc,phases   ] GC(547)   Other: 0.09ms
[291.552s][info][gc,heap     ] GC(547) Eden regions: 25->0(72)
[291.552s][info][gc,heap     ] GC(547) Survivor regions: 24->15(15)
[291.552s][info][gc,heap     ] GC(547) Old regions: 198->223
[291.552s][info][gc,heap     ] GC(547) Humongous regions: 5->5
[291.552s][info][gc,metaspace] GC(547) Metaspace: 42527K(42944K)->42527K(42944K) NonClass: 38177K(38464K)->38177K(38464K) Class: 4349K(4480K)->4349K(4480K)
[291.552s][info][gc          ] GC(547) Pause Young (Concurrent Start) (G1 Humongous Allocation) 251M->241M(420M) 39.384ms
[291.552s][info][gc,cpu      ] GC(547) User=0.08s Sys=0.00s Real=0.04s
[291.552s][info][gc          ] GC(548) Concurrent Mark Cycle
[291.552s][info][gc,marking  ] GC(548) Concurrent Scan Root Regions
[291.571s][info][gc,marking  ] GC(548) Concurrent Scan Root Regions 18.401ms
[291.571s][info][gc,marking  ] GC(548) Concurrent Mark
[291.571s][info][gc,marking  ] GC(548) Concurrent Mark From Roots
[291.571s][info][gc,task     ] GC(548) Using 1 workers of 1 for marking
[291.715s][info][gc,marking  ] GC(548) Concurrent Mark From Roots 143.772ms
[291.715s][info][gc,marking  ] GC(548) Concurrent Preclean
[291.715s][info][gc,marking  ] GC(548) Concurrent Preclean 0.042ms
[291.715s][info][gc,start    ] GC(548) Pause Remark
[291.732s][info][gc          ] GC(548) Pause Remark 278M->260M(420M) 16.863ms
[291.732s][info][gc,cpu      ] GC(548) User=0.03s Sys=0.00s Real=0.02s
[291.732s][info][gc,marking  ] GC(548) Concurrent Mark 160.959ms
[291.732s][info][gc,marking  ] GC(548) Concurrent Rebuild Remembered Sets and Scrub Regions
[291.814s][info][gc,marking  ] GC(548) Concurrent Rebuild Remembered Sets and Scrub Regions 81.692ms
[291.814s][info][gc,start    ] GC(548) Pause Cleanup
[291.814s][info][gc          ] GC(548) Pause Cleanup 278M->278M(420M) 0.071ms
[291.814s][info][gc,cpu      ] GC(548) User=0.00s Sys=0.00s Real=0.00s
[291.814s][info][gc,marking  ] GC(548) Concurrent Clear Claimed Marks
[291.814s][info][gc,marking  ] GC(548) Concurrent Clear Claimed Marks 0.042ms
[291.814s][info][gc,marking  ] GC(548) Concurrent Cleanup for Next Mark
[291.815s][info][gc,marking  ] GC(548) Concurrent Cleanup for Next Mark 1.335ms
[291.815s][info][gc          ] GC(548) Concurrent Mark Cycle 262.717ms
[291.887s][info][gc,start    ] GC(549) Pause Young (Prepare Mixed) (G1 Evacuation Pause)
[291.887s][info][gc,task     ] GC(549) Using 2 workers of 2 for evacuation
[291.930s][info][gc,phases   ] GC(549)   Pre Evacuate Collection Set: 0.17ms
[291.930s][info][gc,phases   ] GC(549)   Merge Heap Roots: 0.26ms
[291.930s][info][gc,phases   ] GC(549)   Evacuate Collection Set: 41.85ms
[291.930s][info][gc,phases   ] GC(549)   Post Evacuate Collection Set: 0.41ms
[291.930s][info][gc,phases   ] GC(549)   Other: 0.07ms
[291.930s][info][gc,heap     ] GC(549) Eden regions: 72->0(59)
[291.930s][info][gc,heap     ] GC(549) Survivor regions: 15->11(11)
[291.930s][info][gc,heap     ] GC(549) Old regions: 206->254
[291.930s][info][gc,heap     ] GC(549) Humongous regions: 5->5
[291.930s][info][gc,metaspace] GC(549) Metaspace: 42527K(42944K)->42527K(42944K) NonClass: 38177K(38464K)->38177K(38464K) Class: 4349K(4480K)->4349K(4480K)
[291.930s][info][gc          ] GC(549) Pause Young (Prepare Mixed) (G1 Evacuation Pause) 297M->269M(420M) 42.945ms
[291.930s][info][gc,cpu      ] GC(549) User=0.08s Sys=0.00s Real=0.04s
[292.134s][info][gc,start    ] GC(550) Pause Young (Mixed) (G1 Evacuation Pause)
[292.134s][info][gc,task     ] GC(550) Using 2 workers of 2 for evacuation
[292.177s][info][gc,phases   ] GC(550)   Pre Evacuate Collection Set: 0.23ms
[292.177s][info][gc,phases   ] GC(550)   Merge Heap Roots: 0.29ms
[292.177s][info][gc,phases   ] GC(550)   Evacuate Collection Set: 42.00ms
[292.177s][info][gc,phases   ] GC(550)   Post Evacuate Collection Set: 0.44ms
[292.177s][info][gc,phases   ] GC(550)   Other: 0.07ms
[292.177s][info][gc,heap     ] GC(550) Eden regions: 59->0(56)
[292.177s][info][gc,heap     ] GC(550) Survivor regions: 11->9(9)
[292.177s][info][gc,heap     ] GC(550) Old regions: 254->258
[292.177s][info][gc,heap     ] GC(550) Humongous regions: 5->5
[292.177s][info][gc,metaspace] GC(550) Metaspace: 42527K(42944K)->42527K(42944K) NonClass: 38177K(38464K)->38177K(38464K) Class: 4349K(4480K)->4349K(4480K)
[292.177s][info][gc          ] GC(550) Pause Young (Mixed) (G1 Evacuation Pause) 328M->271M(420M) 43.325ms
[292.177s][info][gc,cpu      ] GC(550) User=0.09s Sys=0.00s Real=0.04s
[292.420s][info][gc,start    ] GC(551) Pause Young (Mixed) (G1 Evacuation Pause)
[292.420s][info][gc,task     ] GC(551) Using 2 workers of 2 for evacuation
[292.465s][info][gc,phases   ] GC(551)   Pre Evacuate Collection Set: 0.31ms
[292.465s][info][gc,phases   ] GC(551)   Merge Heap Roots: 0.59ms
[292.465s][info][gc,phases   ] GC(551)   Evacuate Collection Set: 43.83ms
[292.465s][info][gc,phases   ] GC(551)   Post Evacuate Collection Set: 0.38ms
[292.465s][info][gc,phases   ] GC(551)   Other: 0.07ms
[292.465s][info][gc,heap     ] GC(551) Eden regions: 56->0(52)
[292.465s][info][gc,heap     ] GC(551) Survivor regions: 9->9(9)
[292.465s][info][gc,heap     ] GC(551) Old regions: 258->274
[292.465s][info][gc,heap     ] GC(551) Humongous regions: 6->6
[292.465s][info][gc,metaspace] GC(551) Metaspace: 42527K(42944K)->42527K(42944K) NonClass: 38177K(38464K)->38177K(38464K) Class: 4349K(4480K)->4349K(4480K)
[292.465s][info][gc          ] GC(551) Pause Young (Mixed) (G1 Evacuation Pause) 328M->288M(420M) 45.391ms
[292.465s][info][gc,cpu      ] GC(551) User=0.09s Sys=0.00s Real=0.05s
[292.645s][info][gc,start    ] GC(552) Pause Young (Concurrent Start) (G1 Evacuation Pause)
[292.645s][info][gc,task     ] GC(552) Using 2 workers of 2 for evacuation
[292.671s][info][gc,phases   ] GC(552)   Pre Evacuate Collection Set: 0.24ms
[292.671s][info][gc,phases   ] GC(552)   Merge Heap Roots: 0.11ms
[292.671s][info][gc,phases   ] GC(552)   Evacuate Collection Set: 24.85ms
[292.671s][info][gc,phases   ] GC(552)   Post Evacuate Collection Set: 1.34ms
[292.671s][info][gc,phases   ] GC(552)   Other: 0.08ms
[292.671s][info][gc,heap     ] GC(552) Eden regions: 52->0(101)
[292.671s][info][gc,heap     ] GC(552) Survivor regions: 9->8(8)
[292.671s][info][gc,heap     ] GC(552) Old regions: 274->301
[292.671s][info][gc,heap     ] GC(552) Humongous regions: 6->6
[292.671s][info][gc,metaspace] GC(552) Metaspace: 42527K(42944K)->42527K(42944K) NonClass: 38177K(38464K)->38177K(38464K) Class: 4349K(4480K)->4349K(4480K)
[292.671s][info][gc          ] GC(552) Pause Young (Concurrent Start) (G1 Evacuation Pause) 340M->314M(554M) 26.829ms
[292.671s][info][gc          ] GC(553) Concurrent Mark Cycle
[292.672s][info][gc,marking  ] GC(553) Concurrent Scan Root Regions
[292.673s][info][gc,cpu      ] GC(552) User=0.05s Sys=0.00s Real=0.03s
[292.687s][info][gc,marking  ] GC(553) Concurrent Scan Root Regions 15.090ms
[292.687s][info][gc,marking  ] GC(553) Concurrent Mark
[292.687s][info][gc,marking  ] GC(553) Concurrent Mark From Roots
[292.687s][info][gc,task     ] GC(553) Using 1 workers of 1 for marking
[292.824s][info][gc,marking  ] GC(553) Concurrent Mark From Roots 137.779ms
[292.824s][info][gc,marking  ] GC(553) Concurrent Preclean
[292.825s][info][gc,marking  ] GC(553) Concurrent Preclean 0.048ms
[292.825s][info][gc,start    ] GC(553) Pause Remark
[292.841s][info][gc          ] GC(553) Pause Remark 349M->274M(554M) 16.296ms
[292.841s][info][gc,cpu      ] GC(553) User=0.03s Sys=0.00s Real=0.01s
[292.841s][info][gc,marking  ] GC(553) Concurrent Mark 154.406ms
[292.841s][info][gc,marking  ] GC(553) Concurrent Rebuild Remembered Sets and Scrub Regions
[292.923s][info][gc,marking  ] GC(553) Concurrent Rebuild Remembered Sets and Scrub Regions 81.506ms
[292.923s][info][gc,start    ] GC(553) Pause Cleanup
[292.923s][info][gc          ] GC(553) Pause Cleanup 295M->295M(554M) 0.087ms
[292.923s][info][gc,cpu      ] GC(553) User=0.00s Sys=0.00s Real=0.00s
[292.923s][info][gc,marking  ] GC(553) Concurrent Clear Claimed Marks
[292.923s][info][gc,marking  ] GC(553) Concurrent Clear Claimed Marks 0.042ms
[292.923s][info][gc,marking  ] GC(553) Concurrent Cleanup for Next Mark
[292.926s][info][gc,marking  ] GC(553) Concurrent Cleanup for Next Mark 3.047ms
[292.926s][info][gc          ] GC(553) Concurrent Mark Cycle 254.487ms
[293.114s][info][gc,start    ] GC(554) Pause Young (Prepare Mixed) (G1 Evacuation Pause)
[293.114s][info][gc,task     ] GC(554) Using 2 workers of 2 for evacuation
[293.143s][info][gc,phases   ] GC(554)   Pre Evacuate Collection Set: 0.27ms
[293.143s][info][gc,phases   ] GC(554)   Merge Heap Roots: 0.20ms
[293.143s][info][gc,phases   ] GC(554)   Evacuate Collection Set: 27.58ms
[293.143s][info][gc,phases   ] GC(554)   Post Evacuate Collection Set: 0.40ms
[293.143s][info][gc,phases   ] GC(554)   Other: 0.07ms
[293.143s][info][gc,heap     ] GC(554) Eden regions: 101->0(133)
[293.143s][info][gc,heap     ] GC(554) Survivor regions: 8->14(14)
[293.143s][info][gc,heap     ] GC(554) Old regions: 228->243
[293.143s][info][gc,heap     ] GC(554) Humongous regions: 5->5
[293.143s][info][gc,metaspace] GC(554) Metaspace: 42527K(42944K)->42527K(42944K) NonClass: 38178K(38464K)->38178K(38464K) Class: 4349K(4480K)->4349K(4480K)
[293.143s][info][gc          ] GC(554) Pause Young (Prepare Mixed) (G1 Evacuation Pause) 341M->261M(554M) 28.764ms
[293.143s][info][gc,cpu      ] GC(554) User=0.04s Sys=0.01s Real=0.03s
[293.636s][info][gc,start    ] GC(555) Pause Young (Mixed) (G1 Evacuation Pause)
[293.636s][info][gc,task     ] GC(555) Using 2 workers of 2 for evacuation
[293.669s][info][gc,phases   ] GC(555)   Pre Evacuate Collection Set: 0.28ms
[293.669s][info][gc,phases   ] GC(555)   Merge Heap Roots: 0.23ms
[293.669s][info][gc,phases   ] GC(555)   Evacuate Collection Set: 31.35ms
[293.669s][info][gc,phases   ] GC(555)   Post Evacuate Collection Set: 0.48ms
[293.669s][info][gc,phases   ] GC(555)   Other: 0.08ms
[293.669s][info][gc,heap     ] GC(555) Eden regions: 133->0(162)
[293.669s][info][gc,heap     ] GC(555) Survivor regions: 14->19(19)
[293.669s][info][gc,heap     ] GC(555) Old regions: 243->200
[293.669s][info][gc,heap     ] GC(555) Humongous regions: 5->5
[293.669s][info][gc,metaspace] GC(555) Metaspace: 42527K(42944K)->42527K(42944K) NonClass: 38178K(38464K)->38178K(38464K) Class: 4349K(4480K)->4349K(4480K)
[293.669s][info][gc          ] GC(555) Pause Young (Mixed) (G1 Evacuation Pause) 394M->223M(554M) 32.630ms
[293.669s][info][gc,cpu      ] GC(555) User=0.05s Sys=0.01s Real=0.03s
[294.294s][info][gc,start    ] GC(556) Pause Young (Mixed) (G1 Evacuation Pause)
[294.294s][info][gc,task     ] GC(556) Using 2 workers of 2 for evacuation
[294.340s][info][gc,phases   ] GC(556)   Pre Evacuate Collection Set: 0.37ms
[294.340s][info][gc,phases   ] GC(556)   Merge Heap Roots: 0.53ms
[294.340s][info][gc,phases   ] GC(556)   Evacuate Collection Set: 44.01ms
[294.340s][info][gc,phases   ] GC(556)   Post Evacuate Collection Set: 0.51ms
[294.340s][info][gc,phases   ] GC(556)   Other: 0.09ms
[294.340s][info][gc,heap     ] GC(556) Eden regions: 162->0(171)
[294.340s][info][gc,heap     ] GC(556) Survivor regions: 19->23(23)
[294.340s][info][gc,heap     ] GC(556) Old regions: 200->197
[294.340s][info][gc,heap     ] GC(556) Humongous regions: 6->5
[294.340s][info][gc,metaspace] GC(556) Metaspace: 42528K(42944K)->42528K(42944K) NonClass: 38179K(38464K)->38179K(38464K) Class: 4349K(4480K)->4349K(4480K)
[294.340s][info][gc          ] GC(556) Pause Young (Mixed) (G1 Evacuation Pause) 386M->224M(554M) 45.725ms
[294.340s][info][gc,cpu      ] GC(556) User=0.08s Sys=0.01s Real=0.04s
[294.434s][info][gc,start    ] GC(557) Pause Young (Concurrent Start) (G1 Humongous Allocation)
[294.434s][info][gc,task     ] GC(557) Using 2 workers of 2 for evacuation
[294.457s][info][gc,phases   ] GC(557)   Pre Evacuate Collection Set: 0.29ms
[294.457s][info][gc,phases   ] GC(557)   Merge Heap Roots: 0.07ms
[294.457s][info][gc,phases   ] GC(557)   Evacuate Collection Set: 21.81ms
[294.457s][info][gc,phases   ] GC(557)   Post Evacuate Collection Set: 0.38ms
[294.457s][info][gc,phases   ] GC(557)   Other: 0.10ms
[294.457s][info][gc,heap     ] GC(557) Eden regions: 27->0(145)
[294.457s][info][gc,heap     ] GC(557) Survivor regions: 23->16(25)
[294.457s][info][gc,heap     ] GC(557) Old regions: 197->218
[294.457s][info][gc,heap     ] GC(557) Humongous regions: 5->5
[294.457s][info][gc,metaspace] GC(557) Metaspace: 42528K(42944K)->42528K(42944K) NonClass: 38179K(38464K)->38179K(38464K) Class: 4349K(4480K)->4349K(4480K)
[294.457s][info][gc          ] GC(557) Pause Young (Concurrent Start) (G1 Humongous Allocation) 251M->237M(554M) 22.866ms
[294.457s][info][gc          ] GC(558) Concurrent Mark Cycle
[294.457s][info][gc,marking  ] GC(558) Concurrent Scan Root Regions
[294.459s][info][gc,cpu      ] GC(557) User=0.05s Sys=0.00s Real=0.02s
[294.472s][info][gc,marking  ] GC(558) Concurrent Scan Root Regions 14.903ms
[294.472s][info][gc,marking  ] GC(558) Concurrent Mark
[294.472s][info][gc,marking  ] GC(558) Concurrent Mark From Roots
[294.472s][info][gc,task     ] GC(558) Using 1 workers of 1 for marking
[294.560s][info][gc,marking  ] GC(558) Concurrent Mark From Roots 88.514ms
[294.561s][info][gc,marking  ] GC(558) Concurrent Preclean
[294.561s][info][gc,marking  ] GC(558) Concurrent Preclean 0.045ms
[294.561s][info][gc,start    ] GC(558) Pause Remark
[294.577s][info][gc          ] GC(558) Pause Remark 259M->180M(537M) 16.367ms
[294.577s][info][gc,cpu      ] GC(558) User=0.03s Sys=0.00s Real=0.02s
[294.577s][info][gc,marking  ] GC(558) Concurrent Mark 105.235ms
[294.577s][info][gc,marking  ] GC(558) Concurrent Rebuild Remembered Sets and Scrub Regions
[294.628s][info][gc,marking  ] GC(558) Concurrent Rebuild Remembered Sets and Scrub Regions 50.583ms
[294.628s][info][gc,start    ] GC(558) Pause Cleanup
[294.628s][info][gc          ] GC(558) Pause Cleanup 191M->191M(537M) 0.069ms
[294.628s][info][gc,cpu      ] GC(558) User=0.00s Sys=0.00s Real=0.00s
[294.628s][info][gc,marking  ] GC(558) Concurrent Clear Claimed Marks
[294.628s][info][gc,marking  ] GC(558) Concurrent Clear Claimed Marks 0.039ms
[294.628s][info][gc,marking  ] GC(558) Concurrent Cleanup for Next Mark
[294.630s][info][gc,marking  ] GC(558) Concurrent Cleanup for Next Mark 1.551ms
[294.630s][info][gc          ] GC(558) Concurrent Mark Cycle 172.685ms
[295.010s][info][gc,start    ] GC(559) Pause Young (Prepare Mixed) (G1 Evacuation Pause)
[295.010s][info][gc,task     ] GC(559) Using 2 workers of 2 for evacuation
[295.037s][info][gc,phases   ] GC(559)   Pre Evacuate Collection Set: 0.32ms
[295.037s][info][gc,phases   ] GC(559)   Merge Heap Roots: 0.37ms
[295.037s][info][gc,phases   ] GC(559)   Evacuate Collection Set: 26.11ms
[295.037s][info][gc,phases   ] GC(559)   Post Evacuate Collection Set: 0.78ms
[295.037s][info][gc,phases   ] GC(559)   Other: 0.08ms
[295.037s][info][gc,heap     ] GC(559) Eden regions: 145->0(175)
[295.037s][info][gc,heap     ] GC(559) Survivor regions: 16->18(21)
[295.037s][info][gc,heap     ] GC(559) Old regions: 141->156
[295.037s][info][gc,heap     ] GC(559) Humongous regions: 5->4
[295.038s][info][gc,metaspace] GC(559) Metaspace: 42528K(42944K)->42528K(42944K) NonClass: 38179K(38464K)->38179K(38464K) Class: 4349K(4480K)->4349K(4480K)
[295.038s][info][gc          ] GC(559) Pause Young (Prepare Mixed) (G1 Evacuation Pause) 305M->177M(537M) 27.854ms
[295.038s][info][gc,cpu      ] GC(559) User=0.05s Sys=0.00s Real=0.03s
[295.645s][info][gc,start    ] GC(560) Pause Young (Mixed) (G1 Evacuation Pause)
[295.645s][info][gc,task     ] GC(560) Using 2 workers of 2 for evacuation
[295.662s][info][gc,phases   ] GC(560)   Pre Evacuate Collection Set: 0.39ms
[295.662s][info][gc,phases   ] GC(560)   Merge Heap Roots: 0.30ms
[295.662s][info][gc,phases   ] GC(560)   Evacuate Collection Set: 16.30ms
[295.662s][info][gc,phases   ] GC(560)   Post Evacuate Collection Set: 0.48ms
[295.662s][info][gc,phases   ] GC(560)   Other: 0.08ms
[295.662s][info][gc,heap     ] GC(560) Eden regions: 175->0(204)
[295.662s][info][gc,heap     ] GC(560) Survivor regions: 18->7(25)
[295.662s][info][gc,heap     ] GC(560) Old regions: 156->130
[295.662s][info][gc,heap     ] GC(560) Humongous regions: 6->4
[295.662s][info][gc,metaspace] GC(560) Metaspace: 42528K(42944K)->42528K(42944K) NonClass: 38179K(38464K)->38179K(38464K) Class: 4349K(4480K)->4349K(4480K)
[295.662s][info][gc          ] GC(560) Pause Young (Mixed) (G1 Evacuation Pause) 354M->139M(537M) 17.751ms
[295.662s][info][gc,cpu      ] GC(560) User=0.03s Sys=0.00s Real=0.02s
[295.813s][info][gc,start    ] GC(561) Pause Young (Concurrent Start) (G1 Humongous Allocation)
[295.813s][info][gc,task     ] GC(561) Using 2 workers of 2 for evacuation
[295.823s][info][gc,phases   ] GC(561)   Pre Evacuate Collection Set: 0.27ms
[295.823s][info][gc,phases   ] GC(561)   Merge Heap Roots: 0.05ms
[295.823s][info][gc,phases   ] GC(561)   Evacuate Collection Set: 9.25ms
[295.823s][info][gc,phases   ] GC(561)   Post Evacuate Collection Set: 0.35ms
[295.823s][info][gc,phases   ] GC(561)   Other: 0.15ms
[295.823s][info][gc,heap     ] GC(561) Eden regions: 46->0(215)
[295.823s][info][gc,heap     ] GC(561) Survivor regions: 7->15(27)
[295.823s][info][gc,heap     ] GC(561) Old regions: 130->130
[295.823s][info][gc,heap     ] GC(561) Humongous regions: 4->4
[295.823s][info][gc,metaspace] GC(561) Metaspace: 42528K(42944K)->42528K(42944K) NonClass: 38179K(38464K)->38179K(38464K) Class: 4349K(4480K)->4349K(4480K)
[295.823s][info][gc          ] GC(561) Pause Young (Concurrent Start) (G1 Humongous Allocation) 185M->148M(537M) 10.288ms
[295.823s][info][gc,cpu      ] GC(561) User=0.02s Sys=0.00s Real=0.01s
[295.823s][info][gc          ] GC(562) Concurrent Mark Cycle
[295.823s][info][gc,marking  ] GC(562) Concurrent Scan Root Regions
[295.830s][info][gc,marking  ] GC(562) Concurrent Scan Root Regions 6.654ms
[295.830s][info][gc,marking  ] GC(562) Concurrent Mark
[295.830s][info][gc,marking  ] GC(562) Concurrent Mark From Roots
[295.830s][info][gc,task     ] GC(562) Using 1 workers of 1 for marking
[295.907s][info][gc,marking  ] GC(562) Concurrent Mark From Roots 77.012ms
[295.907s][info][gc,marking  ] GC(562) Concurrent Preclean
[295.907s][info][gc,marking  ] GC(562) Concurrent Preclean 0.046ms
[295.907s][info][gc,start    ] GC(562) Pause Remark
[295.924s][info][gc          ] GC(562) Pause Remark 167M->126M(364M) 16.353ms
[295.924s][info][gc,cpu      ] GC(562) User=0.03s Sys=0.00s Real=0.02s
[295.924s][info][gc,marking  ] GC(562) Concurrent Mark 93.718ms
[295.924s][info][gc,marking  ] GC(562) Concurrent Rebuild Remembered Sets and Scrub Regions
[295.954s][info][gc,marking  ] GC(562) Concurrent Rebuild Remembered Sets and Scrub Regions 30.524ms
[295.954s][info][gc,start    ] GC(562) Pause Cleanup
[295.954s][info][gc          ] GC(562) Pause Cleanup 134M->134M(364M) 0.056ms
[295.954s][info][gc,cpu      ] GC(562) User=0.00s Sys=0.00s Real=0.00s
[295.954s][info][gc,marking  ] GC(562) Concurrent Clear Claimed Marks
[295.954s][info][gc,marking  ] GC(562) Concurrent Clear Claimed Marks 0.040ms
[295.954s][info][gc,marking  ] GC(562) Concurrent Cleanup for Next Mark
[295.956s][info][gc,marking  ] GC(562) Concurrent Cleanup for Next Mark 1.037ms
[295.956s][info][gc          ] GC(562) Concurrent Mark Cycle 132.355ms
[296.566s][info][gc,start    ] GC(563) Pause Young (Prepare Mixed) (G1 Evacuation Pause)
[296.567s][info][gc,task     ] GC(563) Using 2 workers of 2 for evacuation
[296.570s][info][gc,phases   ] GC(563)   Pre Evacuate Collection Set: 0.19ms
[296.570s][info][gc,phases   ] GC(563)   Merge Heap Roots: 0.08ms
[296.570s][info][gc,phases   ] GC(563)   Evacuate Collection Set: 2.85ms
[296.570s][info][gc,phases   ] GC(563)   Post Evacuate Collection Set: 0.42ms
[296.570s][info][gc,phases   ] GC(563)   Other: 0.09ms
[296.570s][info][gc,heap     ] GC(563) Eden regions: 203->0(170)
[296.570s][info][gc,heap     ] GC(563) Survivor regions: 15->3(28)
[296.570s][info][gc,heap     ] GC(563) Old regions: 90->91
[296.570s][info][gc,heap     ] GC(563) Humongous regions: 6->3
[296.570s][info][gc,metaspace] GC(563) Metaspace: 42528K(42944K)->42528K(42944K) NonClass: 38179K(38464K)->38179K(38464K) Class: 4349K(4480K)->4349K(4480K)
[296.570s][info][gc          ] GC(563) Pause Young (Prepare Mixed) (G1 Evacuation Pause) 313M->96M(364M) 3.798ms
[296.570s][info][gc,cpu      ] GC(563) User=0.00s Sys=0.00s Real=0.00s
[297.109s][info][gc,start    ] GC(564) Pause Young (Mixed) (G1 Evacuation Pause)
[297.109s][info][gc,task     ] GC(564) Using 2 workers of 2 for evacuation
[297.123s][info][gc,phases   ] GC(564)   Pre Evacuate Collection Set: 0.21ms
[297.123s][info][gc,phases   ] GC(564)   Merge Heap Roots: 0.09ms
[297.123s][info][gc,phases   ] GC(564)   Evacuate Collection Set: 13.54ms
[297.123s][info][gc,phases   ] GC(564)   Post Evacuate Collection Set: 0.45ms
[297.123s][info][gc,phases   ] GC(564)   Other: 0.07ms
[297.123s][info][gc,heap     ] GC(564) Eden regions: 170->0(172)
[297.123s][info][gc,heap     ] GC(564) Survivor regions: 3->21(22)
[297.123s][info][gc,heap     ] GC(564) Old regions: 91->73
[297.123s][info][gc,heap     ] GC(564) Humongous regions: 5->3
[297.123s][info][gc,metaspace] GC(564) Metaspace: 42530K(42944K)->42530K(42944K) NonClass: 38180K(38464K)->38180K(38464K) Class: 4349K(4480K)->4349K(4480K)
[297.123s][info][gc          ] GC(564) Pause Young (Mixed) (G1 Evacuation Pause) 268M->96M(364M) 14.596ms
[297.123s][info][gc,cpu      ] GC(564) User=0.02s Sys=0.00s Real=0.02s
[297.672s][info][gc,start    ] GC(565) Pause Young (Concurrent Start) (G1 Evacuation Pause)
[297.672s][info][gc,task     ] GC(565) Using 2 workers of 2 for evacuation
[297.685s][info][gc,phases   ] GC(565)   Pre Evacuate Collection Set: 0.22ms
[297.685s][info][gc,phases   ] GC(565)   Merge Heap Roots: 0.08ms
[297.685s][info][gc,phases   ] GC(565)   Evacuate Collection Set: 11.43ms
[297.685s][info][gc,phases   ] GC(565)   Post Evacuate Collection Set: 0.46ms
[297.685s][info][gc,phases   ] GC(565)   Other: 0.17ms
[297.685s][info][gc,heap     ] GC(565) Eden regions: 172->0(184)
[297.685s][info][gc,heap     ] GC(565) Survivor regions: 21->2(25)
[297.685s][info][gc,heap     ] GC(565) Old regions: 73->92
[297.685s][info][gc,heap     ] GC(565) Humongous regions: 3->3
[297.685s][info][gc,metaspace] GC(565) Metaspace: 42530K(42944K)->42530K(42944K) NonClass: 38180K(38464K)->38180K(38464K) Class: 4349K(4480K)->4349K(4480K)
[297.685s][info][gc          ] GC(565) Pause Young (Concurrent Start) (G1 Evacuation Pause) 268M->96M(364M) 12.588ms
[297.685s][info][gc,cpu      ] GC(565) User=0.02s Sys=0.00s Real=0.01s
[297.685s][info][gc          ] GC(566) Concurrent Mark Cycle
[297.685s][info][gc,marking  ] GC(566) Concurrent Scan Root Regions
[297.693s][info][gc,marking  ] GC(566) Concurrent Scan Root Regions 8.465ms
[297.693s][info][gc,marking  ] GC(566) Concurrent Mark
[297.693s][info][gc,marking  ] GC(566) Concurrent Mark From Roots
[297.693s][info][gc,task     ] GC(566) Using 1 workers of 1 for marking
[297.768s][info][gc,marking  ] GC(566) Concurrent Mark From Roots 75.076ms
[297.768s][info][gc,marking  ] GC(566) Concurrent Preclean
[297.768s][info][gc,marking  ] GC(566) Concurrent Preclean 0.041ms
[297.769s][info][gc,start    ] GC(566) Pause Remark
[297.785s][info][gc          ] GC(566) Pause Remark 119M->119M(324M) 16.252ms
[297.785s][info][gc,cpu      ] GC(566) User=0.03s Sys=0.00s Real=0.02s
[297.785s][info][gc,marking  ] GC(566) Concurrent Mark 91.677ms
[297.785s][info][gc,marking  ] GC(566) Concurrent Rebuild Remembered Sets and Scrub Regions
[297.825s][info][gc,marking  ] GC(566) Concurrent Rebuild Remembered Sets and Scrub Regions 39.559ms
[297.825s][info][gc,start    ] GC(566) Pause Cleanup
[297.825s][info][gc          ] GC(566) Pause Cleanup 130M->130M(324M) 0.068ms
[297.825s][info][gc,cpu      ] GC(566) User=0.00s Sys=0.00s Real=0.00s
[297.825s][info][gc,marking  ] GC(566) Concurrent Clear Claimed Marks
[297.825s][info][gc,marking  ] GC(566) Concurrent Clear Claimed Marks 0.044ms
[297.825s][info][gc,marking  ] GC(566) Concurrent Cleanup for Next Mark
[297.826s][info][gc,marking  ] GC(566) Concurrent Cleanup for Next Mark 0.946ms
[297.826s][info][gc          ] GC(566) Concurrent Mark Cycle 141.126ms
[298.326s][info][gc,start    ] GC(567) Pause Young (Prepare Mixed) (G1 Evacuation Pause)
[298.326s][info][gc,task     ] GC(567) Using 2 workers of 2 for evacuation
[298.331s][info][gc,phases   ] GC(567)   Pre Evacuate Collection Set: 0.18ms
[298.331s][info][gc,phases   ] GC(567)   Merge Heap Roots: 0.08ms
[298.331s][info][gc,phases   ] GC(567)   Evacuate Collection Set: 3.99ms
[298.331s][info][gc,phases   ] GC(567)   Post Evacuate Collection Set: 0.43ms
[298.331s][info][gc,phases   ] GC(567)   Other: 0.08ms
[298.331s][info][gc,heap     ] GC(567) Eden regions: 184->0(167)
[298.331s][info][gc,heap     ] GC(567) Survivor regions: 2->5(24)
[298.331s][info][gc,heap     ] GC(567) Old regions: 92->92
[298.331s][info][gc,heap     ] GC(567) Humongous regions: 4->1
[298.331s][info][gc,metaspace] GC(567) Metaspace: 42530K(42944K)->42530K(42944K) NonClass: 38181K(38464K)->38181K(38464K) Class: 4349K(4480K)->4349K(4480K)
[298.331s][info][gc          ] GC(567) Pause Young (Prepare Mixed) (G1 Evacuation Pause) 281M->97M(324M) 4.973ms
[298.331s][info][gc,cpu      ] GC(567) User=0.01s Sys=0.00s Real=0.00s
[298.640s][info][gc,start    ] GC(568) Pause Young (Mixed) (G1 Evacuation Pause)
[298.640s][info][gc,task     ] GC(568) Using 2 workers of 2 for evacuation
[298.651s][info][gc,phases   ] GC(568)   Pre Evacuate Collection Set: 0.23ms
[298.651s][info][gc,phases   ] GC(568)   Merge Heap Roots: 0.25ms
[298.651s][info][gc,phases   ] GC(568)   Evacuate Collection Set: 9.82ms
[298.651s][info][gc,phases   ] GC(568)   Post Evacuate Collection Set: 0.44ms
[298.651s][info][gc,phases   ] GC(568)   Other: 0.07ms
[298.651s][info][gc,heap     ] GC(568) Eden regions: 167->0(181)
[298.651s][info][gc,heap     ] GC(568) Survivor regions: 5->5(22)
[298.651s][info][gc,heap     ] GC(568) Old regions: 92->80
[298.651s][info][gc,heap     ] GC(568) Humongous regions: 1->1
[298.651s][info][gc,metaspace] GC(568) Metaspace: 42530K(42944K)->42530K(42944K) NonClass: 38181K(38464K)->38181K(38464K) Class: 4349K(4480K)->4349K(4480K)
[298.651s][info][gc          ] GC(568) Pause Young (Mixed) (G1 Evacuation Pause) 264M->85M(324M) 11.009ms
[298.651s][info][gc,cpu      ] GC(568) User=0.02s Sys=0.00s Real=0.01s
[298.988s][info][gc,start    ] GC(569) Pause Young (Concurrent Start) (G1 Evacuation Pause)
[298.988s][info][gc,task     ] GC(569) Using 2 workers of 2 for evacuation
[298.992s][info][gc,phases   ] GC(569)   Pre Evacuate Collection Set: 0.19ms
[298.992s][info][gc,phases   ] GC(569)   Merge Heap Roots: 0.06ms
[298.992s][info][gc,phases   ] GC(569)   Evacuate Collection Set: 3.77ms
[298.992s][info][gc,phases   ] GC(569)   Post Evacuate Collection Set: 0.44ms
[298.992s][info][gc,phases   ] GC(569)   Other: 0.10ms
[298.992s][info][gc,heap     ] GC(569) Eden regions: 181->0(189)
[298.992s][info][gc,heap     ] GC(569) Survivor regions: 5->5(24)
[298.992s][info][gc,heap     ] GC(569) Old regions: 80->80
[298.992s][info][gc,heap     ] GC(569) Humongous regions: 1->1
[298.992s][info][gc,metaspace] GC(569) Metaspace: 42530K(42944K)->42530K(42944K) NonClass: 38181K(38464K)->38181K(38464K) Class: 4349K(4480K)->4349K(4480K)
[298.993s][info][gc          ] GC(569) Pause Young (Concurrent Start) (G1 Evacuation Pause) 266M->85M(324M) 4.747ms
[298.993s][info][gc,cpu      ] GC(569) User=0.01s Sys=0.00s Real=0.01s
[298.993s][info][gc          ] GC(570) Concurrent Mark Cycle
[298.993s][info][gc,marking  ] GC(570) Concurrent Scan Root Regions
[298.997s][info][gc,marking  ] GC(570) Concurrent Scan Root Regions 4.467ms
[298.997s][info][gc,marking  ] GC(570) Concurrent Mark
[298.997s][info][gc,marking  ] GC(570) Concurrent Mark From Roots
[298.997s][info][gc,task     ] GC(570) Using 1 workers of 1 for marking
[299.070s][info][gc,marking  ] GC(570) Concurrent Mark From Roots 73.297ms
[299.070s][info][gc,marking  ] GC(570) Concurrent Preclean
[299.070s][info][gc,marking  ] GC(570) Concurrent Preclean 0.043ms
[299.071s][info][gc,start    ] GC(570) Pause Remark
[299.087s][info][gc          ] GC(570) Pause Remark 125M->116M(257M) 16.386ms
[299.087s][info][gc,cpu      ] GC(570) User=0.03s Sys=0.00s Real=0.02s
[299.088s][info][gc,marking  ] GC(570) Concurrent Mark 91.033ms
[299.088s][info][gc,marking  ] GC(570) Concurrent Rebuild Remembered Sets and Scrub Regions
[299.119s][info][gc,marking  ] GC(570) Concurrent Rebuild Remembered Sets and Scrub Regions 31.347ms
[299.120s][info][gc,start    ] GC(570) Pause Cleanup
[299.120s][info][gc          ] GC(570) Pause Cleanup 132M->132M(257M) 0.045ms
[299.120s][info][gc,cpu      ] GC(570) User=0.00s Sys=0.00s Real=0.00s
[299.120s][info][gc,marking  ] GC(570) Concurrent Clear Claimed Marks
[299.120s][info][gc,marking  ] GC(570) Concurrent Clear Claimed Marks 0.039ms
[299.120s][info][gc,marking  ] GC(570) Concurrent Cleanup for Next Mark
[299.120s][info][gc,marking  ] GC(570) Concurrent Cleanup for Next Mark 0.773ms
[299.121s][info][gc          ] GC(570) Concurrent Mark Cycle 127.938ms
[299.535s][info][gc,start    ] GC(571) Pause Young (Prepare Mixed) (G1 Evacuation Pause)
[299.535s][info][gc,task     ] GC(571) Using 2 workers of 2 for evacuation
[299.546s][info][gc,phases   ] GC(571)   Pre Evacuate Collection Set: 0.28ms
[299.546s][info][gc,phases   ] GC(571)   Merge Heap Roots: 0.09ms
[299.546s][info][gc,phases   ] GC(571)   Evacuate Collection Set: 9.32ms
[299.546s][info][gc,phases   ] GC(571)   Post Evacuate Collection Set: 0.88ms
[299.546s][info][gc,phases   ] GC(571)   Other: 0.09ms
[299.546s][info][gc,heap     ] GC(571) Eden regions: 126->0(205)
[299.546s][info][gc,heap     ] GC(571) Survivor regions: 5->8(25)
[299.546s][info][gc,heap     ] GC(571) Old regions: 71->71
[299.546s][info][gc,heap     ] GC(571) Humongous regions: 145->3
[299.546s][info][gc,metaspace] GC(571) Metaspace: 42533K(42944K)->42533K(42944K) NonClass: 38183K(38464K)->38183K(38464K) Class: 4349K(4480K)->4349K(4480K)
[299.546s][info][gc          ] GC(571) Pause Young (Prepare Mixed) (G1 Evacuation Pause) 346M->80M(355M) 10.875ms
[299.546s][info][gc,cpu      ] GC(571) User=0.01s Sys=0.00s Real=0.01s
[300.029s][info][gc,start    ] GC(572) Pause Young (Mixed) (G1 Evacuation Pause)
[300.029s][info][gc,task     ] GC(572) Using 2 workers of 2 for evacuation
[300.052s][info][gc,phases   ] GC(572)   Pre Evacuate Collection Set: 0.27ms
[300.052s][info][gc,phases   ] GC(572)   Merge Heap Roots: 0.15ms
[300.052s][info][gc,phases   ] GC(572)   Evacuate Collection Set: 21.01ms
[300.052s][info][gc,phases   ] GC(572)   Post Evacuate Collection Set: 1.10ms
[300.052s][info][gc,phases   ] GC(572)   Other: 0.07ms
[300.052s][info][gc,heap     ] GC(572) Eden regions: 47->0(261)
[300.052s][info][gc,heap     ] GC(572) Survivor regions: 8->9(29)
[300.052s][info][gc,heap     ] GC(572) Old regions: 71->58
[300.052s][info][gc,heap     ] GC(572) Humongous regions: 311->3
[300.052s][info][gc,metaspace] GC(572) Metaspace: 42533K(42944K)->42533K(42944K) NonClass: 38183K(38464K)->38183K(38464K) Class: 4349K(4480K)->4349K(4480K)
[300.052s][info][gc          ] GC(572) Pause Young (Mixed) (G1 Evacuation Pause) 435M->69M(451M) 22.801ms
[300.052s][info][gc,cpu      ] GC(572) User=0.04s Sys=0.01s Real=0.03s
[300.054s][info][gc,start    ] GC(573) Pause Young (Concurrent Start) (G1 Humongous Allocation)
[300.054s][info][gc,task     ] GC(573) Using 2 workers of 2 for evacuation
[300.062s][info][gc,phases   ] GC(573)   Pre Evacuate Collection Set: 0.21ms
[300.062s][info][gc,phases   ] GC(573)   Merge Heap Roots: 0.04ms
[300.062s][info][gc,phases   ] GC(573)   Evacuate Collection Set: 7.30ms
[300.062s][info][gc,phases   ] GC(573)   Post Evacuate Collection Set: 0.52ms
[300.062s][info][gc,phases   ] GC(573)   Other: 0.10ms
[300.062s][info][gc,heap     ] GC(573) Eden regions: 1->0(260)
[300.062s][info][gc,heap     ] GC(573) Survivor regions: 9->10(34)
[300.062s][info][gc,heap     ] GC(573) Old regions: 58->58
[300.062s][info][gc,heap     ] GC(573) Humongous regions: 3->1
[300.062s][info][gc,metaspace] GC(573) Metaspace: 42533K(42944K)->42533K(42944K) NonClass: 38183K(38464K)->38183K(38464K) Class: 4349K(4480K)->4349K(4480K)
[300.062s][info][gc          ] GC(573) Pause Young (Concurrent Start) (G1 Humongous Allocation) 69M->67M(451M) 8.313ms
[300.062s][info][gc          ] GC(574) Concurrent Mark Cycle
[300.062s][info][gc,marking  ] GC(574) Concurrent Scan Root Regions
[300.062s][info][gc,cpu      ] GC(573) User=0.02s Sys=0.00s Real=0.01s
[300.068s][info][gc,marking  ] GC(574) Concurrent Scan Root Regions 5.450ms
[300.068s][info][gc,marking  ] GC(574) Concurrent Mark
[300.068s][info][gc,marking  ] GC(574) Concurrent Mark From Roots
[300.068s][info][gc,task     ] GC(574) Using 1 workers of 1 for marking
[300.140s][info][gc,marking  ] GC(574) Concurrent Mark From Roots 72.627ms
[300.140s][info][gc,marking  ] GC(574) Concurrent Preclean
[300.140s][info][gc,marking  ] GC(574) Concurrent Preclean 0.058ms
[300.140s][info][gc,start    ] GC(574) Pause Remark
[300.157s][info][gc          ] GC(574) Pause Remark 122M->122M(384M) 16.791ms
[300.157s][info][gc,cpu      ] GC(574) User=0.04s Sys=0.00s Real=0.02s
[300.157s][info][gc,marking  ] GC(574) Concurrent Mark 89.803ms
[300.157s][info][gc,marking  ] GC(574) Concurrent Rebuild Remembered Sets and Scrub Regions
[300.186s][info][gc,marking  ] GC(574) Concurrent Rebuild Remembered Sets and Scrub Regions 28.432ms
[300.186s][info][gc,start    ] GC(574) Pause Cleanup
[300.186s][info][gc          ] GC(574) Pause Cleanup 145M->145M(384M) 0.080ms
[300.186s][info][gc,cpu      ] GC(574) User=0.00s Sys=0.00s Real=0.00s
[300.186s][info][gc,marking  ] GC(574) Concurrent Clear Claimed Marks
[300.186s][info][gc,marking  ] GC(574) Concurrent Clear Claimed Marks 0.049ms
[300.186s][info][gc,marking  ] GC(574) Concurrent Cleanup for Next Mark
[300.188s][info][gc,marking  ] GC(574) Concurrent Cleanup for Next Mark 2.341ms
[300.189s][info][gc          ] GC(574) Concurrent Mark Cycle 126.458ms
[300.586s][info][gc,start    ] GC(575) Pause Young (Prepare Mixed) (G1 Evacuation Pause)
[300.586s][info][gc,task     ] GC(575) Using 2 workers of 2 for evacuation
[300.609s][info][gc,phases   ] GC(575)   Pre Evacuate Collection Set: 0.25ms
[300.609s][info][gc,phases   ] GC(575)   Merge Heap Roots: 0.07ms
[300.609s][info][gc,phases   ] GC(575)   Evacuate Collection Set: 21.90ms
[300.609s][info][gc,phases   ] GC(575)   Post Evacuate Collection Set: 1.06ms
[300.609s][info][gc,phases   ] GC(575)   Other: 0.07ms
[300.609s][info][gc,heap     ] GC(575) Eden regions: 55->0(250)
[300.609s][info][gc,heap     ] GC(575) Survivor regions: 10->17(31)
[300.609s][info][gc,heap     ] GC(575) Old regions: 58->58
[300.609s][info][gc,heap     ] GC(575) Humongous regions: 305->3
[300.609s][info][gc,metaspace] GC(575) Metaspace: 42553K(42944K)->42553K(42944K) NonClass: 38201K(38464K)->38201K(38464K) Class: 4351K(4480K)->4351K(4480K)
[300.609s][info][gc          ] GC(575) Pause Young (Prepare Mixed) (G1 Evacuation Pause) 426M->76M(445M) 23.590ms
[300.609s][info][gc,cpu      ] GC(575) User=0.03s Sys=0.02s Real=0.02s
[301.222s][info][gc,start    ] GC(576) Pause Young (Mixed) (G1 Evacuation Pause)
[301.222s][info][gc,task     ] GC(576) Using 2 workers of 2 for evacuation
[301.258s][info][gc,phases   ] GC(576)   Pre Evacuate Collection Set: 0.30ms
[301.258s][info][gc,phases   ] GC(576)   Merge Heap Roots: 0.07ms
[301.258s][info][gc,phases   ] GC(576)   Evacuate Collection Set: 34.81ms
[301.258s][info][gc,phases   ] GC(576)   Post Evacuate Collection Set: 0.89ms
[301.258s][info][gc,phases   ] GC(576)   Other: 0.08ms
[301.258s][info][gc,heap     ] GC(576) Eden regions: 69->0(299)
[301.258s][info][gc,heap     ] GC(576) Survivor regions: 17->25(39)
[301.258s][info][gc,heap     ] GC(576) Old regions: 58->54
[301.258s][info][gc,heap     ] GC(576) Humongous regions: 371->3
[301.258s][info][gc,metaspace] GC(576) Metaspace: 42553K(42944K)->42553K(42944K) NonClass: 38201K(38464K)->38201K(38464K) Class: 4351K(4480K)->4351K(4480K)
[301.258s][info][gc          ] GC(576) Pause Young (Mixed) (G1 Evacuation Pause) 513M->80M(541M) 36.382ms
[301.258s][info][gc,cpu      ] GC(576) User=0.05s Sys=0.01s Real=0.03s
[301.260s][info][gc,start    ] GC(577) Pause Young (Concurrent Start) (G1 Humongous Allocation)
[301.260s][info][gc,task     ] GC(577) Using 2 workers of 2 for evacuation
[301.284s][info][gc,phases   ] GC(577)   Pre Evacuate Collection Set: 0.24ms
[301.284s][info][gc,phases   ] GC(577)   Merge Heap Roots: 0.04ms
[301.284s][info][gc,phases   ] GC(577)   Evacuate Collection Set: 23.20ms
[301.284s][info][gc,phases   ] GC(577)   Post Evacuate Collection Set: 0.36ms
[301.284s][info][gc,phases   ] GC(577)   Other: 0.08ms
[301.284s][info][gc,heap     ] GC(577) Eden regions: 1->0(305)
[301.284s][info][gc,heap     ] GC(577) Survivor regions: 25->19(41)
[301.284s][info][gc,heap     ] GC(577) Old regions: 54->60
[301.284s][info][gc,heap     ] GC(577) Humongous regions: 3->1
[301.284s][info][gc,metaspace] GC(577) Metaspace: 42553K(42944K)->42553K(42944K) NonClass: 38201K(38464K)->38201K(38464K) Class: 4351K(4480K)->4351K(4480K)
[301.284s][info][gc          ] GC(577) Pause Young (Concurrent Start) (G1 Humongous Allocation) 81M->79M(541M) 24.106ms
[301.284s][info][gc,cpu      ] GC(577) User=0.05s Sys=0.00s Real=0.03s
[301.284s][info][gc          ] GC(578) Concurrent Mark Cycle
[301.284s][info][gc,marking  ] GC(578) Concurrent Scan Root Regions
[301.301s][info][gc,marking  ] GC(578) Concurrent Scan Root Regions 16.489ms
[301.301s][info][gc,marking  ] GC(578) Concurrent Mark
[301.301s][info][gc,marking  ] GC(578) Concurrent Mark From Roots
[301.301s][info][gc,task     ] GC(578) Using 1 workers of 1 for marking
[301.373s][info][gc,marking  ] GC(578) Concurrent Mark From Roots 71.800ms
[301.373s][info][gc,marking  ] GC(578) Concurrent Preclean
[301.373s][info][gc,marking  ] GC(578) Concurrent Preclean 0.050ms
[301.373s][info][gc,start    ] GC(578) Pause Remark
[301.390s][info][gc          ] GC(578) Pause Remark 149M->149M(474M) 16.825ms
[301.390s][info][gc,cpu      ] GC(578) User=0.03s Sys=0.00s Real=0.01s
[301.390s][info][gc,marking  ] GC(578) Concurrent Mark 88.973ms
[301.390s][info][gc,marking  ] GC(578) Concurrent Rebuild Remembered Sets and Scrub Regions
[301.423s][info][gc,marking  ] GC(578) Concurrent Rebuild Remembered Sets and Scrub Regions 32.901ms
[301.423s][info][gc,start    ] GC(578) Pause Cleanup
[301.423s][info][gc          ] GC(578) Pause Cleanup 177M->177M(474M) 0.066ms
[301.423s][info][gc,cpu      ] GC(578) User=0.00s Sys=0.00s Real=0.00s
[301.423s][info][gc,marking  ] GC(578) Concurrent Clear Claimed Marks
[301.423s][info][gc,marking  ] GC(578) Concurrent Clear Claimed Marks 0.057ms
[301.423s][info][gc,marking  ] GC(578) Concurrent Cleanup for Next Mark
[301.425s][info][gc,marking  ] GC(578) Concurrent Cleanup for Next Mark 2.290ms
[301.426s][info][gc          ] GC(578) Concurrent Mark Cycle 141.149ms
[302.030s][info][gc,start    ] GC(579) Pause Young (Prepare Mixed) (G1 Evacuation Pause)
[302.030s][info][gc,task     ] GC(579) Using 2 workers of 2 for evacuation
[302.082s][info][gc,phases   ] GC(579)   Pre Evacuate Collection Set: 0.26ms
[302.082s][info][gc,phases   ] GC(579)   Merge Heap Roots: 0.17ms
[302.082s][info][gc,phases   ] GC(579)   Evacuate Collection Set: 50.64ms
[302.082s][info][gc,phases   ] GC(579)   Post Evacuate Collection Set: 0.64ms
[302.082s][info][gc,phases   ] GC(579)   Other: 0.07ms
[302.082s][info][gc,heap     ] GC(579) Eden regions: 146->0(273)
[302.082s][info][gc,heap     ] GC(579) Survivor regions: 19->33(36)
[302.082s][info][gc,heap     ] GC(579) Old regions: 60->63
[302.082s][info][gc,heap     ] GC(579) Humongous regions: 249->1
[302.082s][info][gc,metaspace] GC(579) Metaspace: 42581K(42944K)->42581K(42944K) NonClass: 38228K(38464K)->38228K(38464K) Class: 4353K(4480K)->4353K(4480K)
[302.082s][info][gc          ] GC(579) Pause Young (Prepare Mixed) (G1 Evacuation Pause) 473M->96M(510M) 51.992ms
[302.082s][info][gc,cpu      ] GC(579) User=0.08s Sys=0.02s Real=0.06s
[302.786s][info][gc,start    ] GC(580) Pause Young (Mixed) (G1 Evacuation Pause)
[302.786s][info][gc,task     ] GC(580) Using 2 workers of 2 for evacuation
[302.820s][info][gc,phases   ] GC(580)   Pre Evacuate Collection Set: 0.22ms
[302.820s][info][gc,phases   ] GC(580)   Merge Heap Roots: 0.16ms
[302.820s][info][gc,phases   ] GC(580)   Evacuate Collection Set: 33.16ms
[302.820s][info][gc,phases   ] GC(580)   Post Evacuate Collection Set: 0.61ms
[302.820s][info][gc,phases   ] GC(580)   Other: 0.08ms
[302.820s][info][gc,heap     ] GC(580) Eden regions: 273->0(287)
[302.820s][info][gc,heap     ] GC(580) Survivor regions: 33->19(39)
[302.820s][info][gc,heap     ] GC(580) Old regions: 63->76
[302.820s][info][gc,heap     ] GC(580) Humongous regions: 13->1
[302.820s][info][gc,metaspace] GC(580) Metaspace: 42661K(43072K)->42661K(43072K) NonClass: 38308K(38592K)->38308K(38592K) Class: 4353K(4480K)->4353K(4480K)
[302.820s][info][gc          ] GC(580) Pause Young (Mixed) (G1 Evacuation Pause) 381M->94M(510M) 34.472ms
[302.820s][info][gc,cpu      ] GC(580) User=0.07s Sys=0.00s Real=0.03s
[303.504s][info][gc,start    ] GC(581) Pause Young (Concurrent Start) (G1 Evacuation Pause)
[303.504s][info][gc,task     ] GC(581) Using 2 workers of 2 for evacuation
[303.522s][info][gc,phases   ] GC(581)   Pre Evacuate Collection Set: 0.23ms
[303.522s][info][gc,phases   ] GC(581)   Merge Heap Roots: 0.13ms
[303.522s][info][gc,phases   ] GC(581)   Evacuate Collection Set: 16.64ms
[303.522s][info][gc,phases   ] GC(581)   Post Evacuate Collection Set: 0.55ms
[303.522s][info][gc,phases   ] GC(581)   Other: 0.10ms
[303.522s][info][gc,heap     ] GC(581) Eden regions: 287->0(287)
[303.522s][info][gc,heap     ] GC(581) Survivor regions: 19->19(39)
[303.522s][info][gc,heap     ] GC(581) Old regions: 76->76
[303.522s][info][gc,heap     ] GC(581) Humongous regions: 1->1
[303.522s][info][gc,metaspace] GC(581) Metaspace: 42661K(43072K)->42661K(43072K) NonClass: 38308K(38592K)->38308K(38592K) Class: 4353K(4480K)->4353K(4480K)
[303.522s][info][gc          ] GC(581) Pause Young (Concurrent Start) (G1 Evacuation Pause) 381M->94M(510M) 17.861ms
[303.522s][info][gc,cpu      ] GC(581) User=0.03s Sys=0.00s Real=0.02s
[303.522s][info][gc          ] GC(582) Concurrent Mark Cycle
[303.522s][info][gc,marking  ] GC(582) Concurrent Scan Root Regions
[303.541s][info][gc,marking  ] GC(582) Concurrent Scan Root Regions 18.807ms
[303.541s][info][gc,marking  ] GC(582) Concurrent Mark
[303.541s][info][gc,marking  ] GC(582) Concurrent Mark From Roots
[303.541s][info][gc,task     ] GC(582) Using 1 workers of 1 for marking
[303.648s][info][gc,marking  ] GC(582) Concurrent Mark From Roots 106.626ms
[303.648s][info][gc,marking  ] GC(582) Concurrent Preclean
[303.648s][info][gc,marking  ] GC(582) Concurrent Preclean 0.050ms
[303.648s][info][gc,start    ] GC(582) Pause Remark
[303.665s][info][gc          ] GC(582) Pause Remark 146M->146M(320M) 16.399ms
[303.665s][info][gc,cpu      ] GC(582) User=0.03s Sys=0.00s Real=0.02s
[303.665s][info][gc,marking  ] GC(582) Concurrent Mark 123.367ms
[303.665s][info][gc,marking  ] GC(582) Concurrent Rebuild Remembered Sets and Scrub Regions
[303.712s][info][gc,marking  ] GC(582) Concurrent Rebuild Remembered Sets and Scrub Regions 47.066ms
[303.712s][info][gc,start    ] GC(582) Pause Cleanup
[303.712s][info][gc          ] GC(582) Pause Cleanup 166M->166M(320M) 0.053ms
[303.712s][info][gc,cpu      ] GC(582) User=0.00s Sys=0.00s Real=0.00s
[303.712s][info][gc,marking  ] GC(582) Concurrent Clear Claimed Marks
[303.712s][info][gc,marking  ] GC(582) Concurrent Clear Claimed Marks 0.040ms
[303.712s][info][gc,marking  ] GC(582) Concurrent Cleanup for Next Mark
[303.713s][info][gc,marking  ] GC(582) Concurrent Cleanup for Next Mark 1.227ms
[303.713s][info][gc          ] GC(582) Concurrent Mark Cycle 190.923ms
[303.953s][info][gc,start    ] GC(583) Pause Young (Prepare Mixed) (G1 Evacuation Pause)
[303.953s][info][gc,task     ] GC(583) Using 2 workers of 2 for evacuation
[303.973s][info][gc,phases   ] GC(583)   Pre Evacuate Collection Set: 0.16ms
[303.973s][info][gc,phases   ] GC(583)   Merge Heap Roots: 0.15ms
[303.973s][info][gc,phases   ] GC(583)   Evacuate Collection Set: 18.38ms
[303.973s][info][gc,phases   ] GC(583)   Post Evacuate Collection Set: 0.50ms
[303.973s][info][gc,phases   ] GC(583)   Other: 0.10ms
[303.973s][info][gc,heap     ] GC(583) Eden regions: 173->0(186)
[303.973s][info][gc,heap     ] GC(583) Survivor regions: 19->6(24)
[303.973s][info][gc,heap     ] GC(583) Old regions: 76->92
[303.973s][info][gc,heap     ] GC(583) Humongous regions: 1->1
[303.973s][info][gc,metaspace] GC(583) Metaspace: 42661K(43072K)->42661K(43072K) NonClass: 38308K(38592K)->38308K(38592K) Class: 4353K(4480K)->4353K(4480K)
[303.973s][info][gc          ] GC(583) Pause Young (Prepare Mixed) (G1 Evacuation Pause) 267M->97M(320M) 19.495ms
[303.973s][info][gc,cpu      ] GC(583) User=0.04s Sys=0.00s Real=0.02s
[304.475s][info][gc,start    ] GC(584) Pause Young (Mixed) (G1 Evacuation Pause)
[304.476s][info][gc,task     ] GC(584) Using 2 workers of 2 for evacuation
[304.486s][info][gc,phases   ] GC(584)   Pre Evacuate Collection Set: 0.19ms
[304.486s][info][gc,phases   ] GC(584)   Merge Heap Roots: 0.25ms
[304.486s][info][gc,phases   ] GC(584)   Evacuate Collection Set: 9.49ms
[304.486s][info][gc,phases   ] GC(584)   Post Evacuate Collection Set: 0.49ms
[304.486s][info][gc,phases   ] GC(584)   Other: 0.09ms
[304.486s][info][gc,heap     ] GC(584) Eden regions: 186->0(189)
[304.486s][info][gc,heap     ] GC(584) Survivor regions: 6->3(24)
[304.486s][info][gc,heap     ] GC(584) Old regions: 92->87
[304.486s][info][gc,heap     ] GC(584) Humongous regions: 1->1
[304.486s][info][gc,metaspace] GC(584) Metaspace: 42663K(43072K)->42663K(43072K) NonClass: 38309K(38592K)->38309K(38592K) Class: 4353K(4480K)->4353K(4480K)
[304.486s][info][gc          ] GC(584) Pause Young (Mixed) (G1 Evacuation Pause) 283M->90M(320M) 10.714ms
[304.486s][info][gc,cpu      ] GC(584) User=0.02s Sys=0.00s Real=0.01s
[304.990s][info][gc,start    ] GC(585) Pause Young (Concurrent Start) (G1 Evacuation Pause)
[304.990s][info][gc,task     ] GC(585) Using 2 workers of 2 for evacuation
[304.996s][info][gc,phases   ] GC(585)   Pre Evacuate Collection Set: 0.19ms
[304.996s][info][gc,phases   ] GC(585)   Merge Heap Roots: 0.06ms
[304.996s][info][gc,phases   ] GC(585)   Evacuate Collection Set: 4.54ms
[304.996s][info][gc,phases   ] GC(585)   Post Evacuate Collection Set: 0.58ms
[304.996s][info][gc,phases   ] GC(585)   Other: 0.11ms
[304.996s][info][gc,heap     ] GC(585) Eden regions: 189->0(186)
[304.996s][info][gc,heap     ] GC(585) Survivor regions: 3->6(24)
[304.996s][info][gc,heap     ] GC(585) Old regions: 87->87
[304.996s][info][gc,heap     ] GC(585) Humongous regions: 1->1
[304.996s][info][gc,metaspace] GC(585) Metaspace: 42714K(43136K)->42714K(43136K) NonClass: 38361K(38656K)->38361K(38656K) Class: 4353K(4480K)->4353K(4480K)
[304.996s][info][gc          ] GC(585) Pause Young (Concurrent Start) (G1 Evacuation Pause) 279M->92M(320M) 5.674ms
[304.996s][info][gc,cpu      ] GC(585) User=0.01s Sys=0.00s Real=0.01s
[304.996s][info][gc          ] GC(586) Concurrent Mark Cycle
[304.996s][info][gc,marking  ] GC(586) Concurrent Scan Root Regions
[304.999s][info][gc,marking  ] GC(586) Concurrent Scan Root Regions 3.054ms
[304.999s][info][gc,marking  ] GC(586) Concurrent Mark
[304.999s][info][gc,marking  ] GC(586) Concurrent Mark From Roots
[304.999s][info][gc,task     ] GC(586) Using 1 workers of 1 for marking
[305.116s][info][gc,marking  ] GC(586) Concurrent Mark From Roots 117.145ms
[305.116s][info][gc,marking  ] GC(586) Concurrent Preclean
[305.116s][info][gc,marking  ] GC(586) Concurrent Preclean 0.075ms
[305.117s][info][gc,start    ] GC(586) Pause Remark
[305.134s][info][gc          ] GC(586) Pause Remark 127M->115M(274M) 17.173ms
[305.134s][info][gc,cpu      ] GC(586) User=0.03s Sys=0.00s Real=0.02s
[305.134s][info][gc,marking  ] GC(586) Concurrent Mark 134.724ms
[305.134s][info][gc,marking  ] GC(586) Concurrent Rebuild Remembered Sets and Scrub Regions
[305.166s][info][gc,marking  ] GC(586) Concurrent Rebuild Remembered Sets and Scrub Regions 31.668ms
[305.166s][info][gc,start    ] GC(586) Pause Cleanup
[305.166s][info][gc          ] GC(586) Pause Cleanup 118M->118M(274M) 0.056ms
[305.166s][info][gc,cpu      ] GC(586) User=0.00s Sys=0.00s Real=0.00s
[305.166s][info][gc,marking  ] GC(586) Concurrent Clear Claimed Marks
[305.166s][info][gc,marking  ] GC(586) Concurrent Clear Claimed Marks 0.041ms
[305.166s][info][gc,marking  ] GC(586) Concurrent Cleanup for Next Mark
[305.167s][info][gc,marking  ] GC(586) Concurrent Cleanup for Next Mark 0.795ms
[305.167s][info][gc          ] GC(586) Concurrent Mark Cycle 170.678ms
[306.018s][info][gc,start    ] GC(587) Pause Young (Prepare Mixed) (G1 Evacuation Pause)
[306.018s][info][gc,task     ] GC(587) Using 2 workers of 2 for evacuation
[306.024s][info][gc,phases   ] GC(587)   Pre Evacuate Collection Set: 0.24ms
[306.024s][info][gc,phases   ] GC(587)   Merge Heap Roots: 0.15ms
[306.024s][info][gc,phases   ] GC(587)   Evacuate Collection Set: 4.79ms
[306.024s][info][gc,phases   ] GC(587)   Post Evacuate Collection Set: 0.54ms
[306.024s][info][gc,phases   ] GC(587)   Other: 0.09ms
[306.024s][info][gc,heap     ] GC(587) Eden regions: 158->0(160)
[306.024s][info][gc,heap     ] GC(587) Survivor regions: 6->4(21)
[306.024s][info][gc,heap     ] GC(587) Old regions: 75->75
[306.024s][info][gc,heap     ] GC(587) Humongous regions: 3->1
[306.024s][info][gc,metaspace] GC(587) Metaspace: 42738K(43136K)->42738K(43136K) NonClass: 38385K(38656K)->38385K(38656K) Class: 4353K(4480K)->4353K(4480K)
[306.024s][info][gc          ] GC(587) Pause Young (Prepare Mixed) (G1 Evacuation Pause) 241M->79M(274M) 6.095ms
[306.024s][info][gc,cpu      ] GC(587) User=0.01s Sys=0.00s Real=0.01s
[306.816s][info][gc,start    ] GC(588) Pause Young (Mixed) (G1 Evacuation Pause)
[306.816s][info][gc,task     ] GC(588) Using 2 workers of 2 for evacuation
[306.836s][info][gc,phases   ] GC(588)   Pre Evacuate Collection Set: 0.17ms
[306.836s][info][gc,phases   ] GC(588)   Merge Heap Roots: 0.12ms
[306.836s][info][gc,phases   ] GC(588)   Evacuate Collection Set: 18.49ms
[306.836s][info][gc,phases   ] GC(588)   Post Evacuate Collection Set: 0.50ms
[306.836s][info][gc,phases   ] GC(588)   Other: 0.10ms
[306.836s][info][gc,heap     ] GC(588) Eden regions: 160->0(146)
[306.836s][info][gc,heap     ] GC(588) Survivor regions: 4->18(21)
[306.836s][info][gc,heap     ] GC(588) Old regions: 75->58
[306.836s][info][gc,heap     ] GC(588) Humongous regions: 11->3
[306.836s][info][gc,metaspace] GC(588) Metaspace: 42754K(43136K)->42754K(43136K) NonClass: 38401K(38656K)->38401K(38656K) Class: 4353K(4480K)->4353K(4480K)
[306.836s][info][gc          ] GC(588) Pause Young (Mixed) (G1 Evacuation Pause) 249M->78M(274M) 19.565ms
[306.836s][info][gc,cpu      ] GC(588) User=0.03s Sys=0.00s Real=0.02s
[306.969s][info][gc,start    ] GC(589) Pause Young (Concurrent Start) (G1 Humongous Allocation)
[306.969s][info][gc,task     ] GC(589) Using 2 workers of 2 for evacuation
[306.991s][info][gc,phases   ] GC(589)   Pre Evacuate Collection Set: 0.17ms
[306.991s][info][gc,phases   ] GC(589)   Merge Heap Roots: 0.07ms
[306.991s][info][gc,phases   ] GC(589)   Evacuate Collection Set: 21.63ms
[306.991s][info][gc,phases   ] GC(589)   Post Evacuate Collection Set: 0.35ms
[306.991s][info][gc,phases   ] GC(589)   Other: 0.10ms
[306.991s][info][gc,heap     ] GC(589) Eden regions: 59->0(157)
[306.991s][info][gc,heap     ] GC(589) Survivor regions: 18->7(21)
[306.991s][info][gc,heap     ] GC(589) Old regions: 58->76
[306.991s][info][gc,heap     ] GC(589) Humongous regions: 3->3
[306.991s][info][gc,metaspace] GC(589) Metaspace: 42754K(43136K)->42754K(43136K) NonClass: 38401K(38656K)->38401K(38656K) Class: 4353K(4480K)->4353K(4480K)
[306.991s][info][gc          ] GC(589) Pause Young (Concurrent Start) (G1 Humongous Allocation) 136M->85M(274M) 22.512ms
[306.991s][info][gc          ] GC(590) Concurrent Mark Cycle
[306.991s][info][gc,marking  ] GC(590) Concurrent Scan Root Regions
[306.992s][info][gc,cpu      ] GC(589) User=0.05s Sys=0.00s Real=0.03s
[307.020s][info][gc,marking  ] GC(590) Concurrent Scan Root Regions 29.159ms
[307.021s][info][gc,marking  ] GC(590) Concurrent Mark
[307.021s][info][gc,marking  ] GC(590) Concurrent Mark From Roots
[307.021s][info][gc,task     ] GC(590) Using 1 workers of 1 for marking
[307.138s][info][gc,marking  ] GC(590) Concurrent Mark From Roots 117.572ms
[307.138s][info][gc,marking  ] GC(590) Concurrent Preclean
[307.138s][info][gc,marking  ] GC(590) Concurrent Preclean 0.248ms
[307.139s][info][gc,start    ] GC(590) Pause Remark
[307.156s][info][gc          ] GC(590) Pause Remark 121M->116M(274M) 16.926ms
[307.156s][info][gc,cpu      ] GC(590) User=0.03s Sys=0.00s Real=0.02s
[307.156s][info][gc,marking  ] GC(590) Concurrent Mark 135.614ms
[307.156s][info][gc,marking  ] GC(590) Concurrent Rebuild Remembered Sets and Scrub Regions
[307.234s][info][gc,marking  ] GC(590) Concurrent Rebuild Remembered Sets and Scrub Regions 78.219ms
[307.235s][info][gc,start    ] GC(590) Pause Cleanup
[307.235s][info][gc          ] GC(590) Pause Cleanup 135M->135M(274M) 0.051ms
[307.235s][info][gc,cpu      ] GC(590) User=0.00s Sys=0.00s Real=0.00s
[307.235s][info][gc,marking  ] GC(590) Concurrent Clear Claimed Marks
[307.235s][info][gc,marking  ] GC(590) Concurrent Clear Claimed Marks 0.046ms
[307.235s][info][gc,marking  ] GC(590) Concurrent Cleanup for Next Mark
[307.236s][info][gc,marking  ] GC(590) Concurrent Cleanup for Next Mark 0.830ms
[307.236s][info][gc          ] GC(590) Concurrent Mark Cycle 244.640ms
[307.472s][info][gc,start    ] GC(591) Pause Young (Prepare Mixed) (G1 Evacuation Pause)
[307.472s][info][gc,task     ] GC(591) Using 2 workers of 2 for evacuation
[307.498s][info][gc,phases   ] GC(591)   Pre Evacuate Collection Set: 0.19ms
[307.498s][info][gc,phases   ] GC(591)   Merge Heap Roots: 0.10ms
[307.498s][info][gc,phases   ] GC(591)   Evacuate Collection Set: 25.38ms
[307.498s][info][gc,phases   ] GC(591)   Post Evacuate Collection Set: 0.45ms
[307.498s][info][gc,phases   ] GC(591)   Other: 0.10ms
[307.498s][info][gc,heap     ] GC(591) Eden regions: 157->0(139)
[307.498s][info][gc,heap     ] GC(591) Survivor regions: 7->21(21)
[307.498s][info][gc,heap     ] GC(591) Old regions: 71->74
[307.498s][info][gc,heap     ] GC(591) Humongous regions: 4->4
[307.498s][info][gc,metaspace] GC(591) Metaspace: 42754K(43136K)->42754K(43136K) NonClass: 38401K(38656K)->38401K(38656K) Class: 4353K(4480K)->4353K(4480K)
[307.498s][info][gc          ] GC(591) Pause Young (Prepare Mixed) (G1 Evacuation Pause) 238M->98M(274M) 26.438ms
[307.499s][info][gc,cpu      ] GC(591) User=0.05s Sys=0.00s Real=0.02s
[307.821s][info][gc,start    ] GC(592) Pause Young (Mixed) (G1 Evacuation Pause)
[307.821s][info][gc,task     ] GC(592) Using 2 workers of 2 for evacuation
[307.869s][info][gc,phases   ] GC(592)   Pre Evacuate Collection Set: 0.17ms
[307.869s][info][gc,phases   ] GC(592)   Merge Heap Roots: 0.35ms
[307.869s][info][gc,phases   ] GC(592)   Evacuate Collection Set: 46.66ms
[307.869s][info][gc,phases   ] GC(592)   Post Evacuate Collection Set: 0.46ms
[307.869s][info][gc,phases   ] GC(592)   Other: 0.09ms
[307.869s][info][gc,heap     ] GC(592) Eden regions: 139->0(138)
[307.869s][info][gc,heap     ] GC(592) Survivor regions: 21->15(20)
[307.869s][info][gc,heap     ] GC(592) Old regions: 74->84
[307.869s][info][gc,heap     ] GC(592) Humongous regions: 6->6
[307.869s][info][gc,metaspace] GC(592) Metaspace: 42754K(43136K)->42754K(43136K) NonClass: 38401K(38656K)->38401K(38656K) Class: 4353K(4480K)->4353K(4480K)
[307.869s][info][gc          ] GC(592) Pause Young (Mixed) (G1 Evacuation Pause) 239M->104M(278M) 47.910ms
[307.869s][info][gc,cpu      ] GC(592) User=0.09s Sys=0.00s Real=0.04s
[308.179s][info][gc,start    ] GC(593) Pause Young (Concurrent Start) (G1 Evacuation Pause)
[308.179s][info][gc,task     ] GC(593) Using 2 workers of 2 for evacuation
[308.213s][info][gc,phases   ] GC(593)   Pre Evacuate Collection Set: 0.17ms
[308.213s][info][gc,phases   ] GC(593)   Merge Heap Roots: 0.11ms
[308.213s][info][gc,phases   ] GC(593)   Evacuate Collection Set: 32.74ms
[308.213s][info][gc,phases   ] GC(593)   Post Evacuate Collection Set: 0.66ms
[308.213s][info][gc,phases   ] GC(593)   Other: 0.10ms
[308.213s][info][gc,heap     ] GC(593) Eden regions: 138->0(148)
[308.213s][info][gc,heap     ] GC(593) Survivor regions: 15->15(20)
[308.213s][info][gc,heap     ] GC(593) Old regions: 84->99
[308.213s][info][gc,heap     ] GC(593) Humongous regions: 6->6
[308.213s][info][gc,metaspace] GC(593) Metaspace: 42754K(43136K)->42754K(43136K) NonClass: 38401K(38656K)->38401K(38656K) Class: 4353K(4480K)->4353K(4480K)
[308.213s][info][gc          ] GC(593) Pause Young (Concurrent Start) (G1 Evacuation Pause) 242M->119M(306M) 33.961ms
[308.213s][info][gc,cpu      ] GC(593) User=0.07s Sys=0.00s Real=0.04s
[308.213s][info][gc          ] GC(594) Concurrent Mark Cycle
[308.213s][info][gc,marking  ] GC(594) Concurrent Scan Root Regions
[308.263s][info][gc,marking  ] GC(594) Concurrent Scan Root Regions 50.314ms
[308.263s][info][gc,marking  ] GC(594) Concurrent Mark
[308.263s][info][gc,marking  ] GC(594) Concurrent Mark From Roots
[308.263s][info][gc,task     ] GC(594) Using 1 workers of 1 for marking
[308.476s][info][gc,marking  ] GC(594) Concurrent Mark From Roots 213.170ms
[308.476s][info][gc,marking  ] GC(594) Concurrent Preclean
[308.477s][info][gc,marking  ] GC(594) Concurrent Preclean 0.066ms
[308.477s][info][gc,start    ] GC(594) Pause Remark
[308.494s][info][gc          ] GC(594) Pause Remark 177M->175M(306M) 17.091ms
[308.494s][info][gc,cpu      ] GC(594) User=0.03s Sys=0.00s Real=0.02s
[308.495s][info][gc,marking  ] GC(594) Concurrent Mark 231.962ms
[308.495s][info][gc,marking  ] GC(594) Concurrent Rebuild Remembered Sets and Scrub Regions
[308.584s][info][gc,marking  ] GC(594) Concurrent Rebuild Remembered Sets and Scrub Regions 88.505ms
[308.584s][info][gc,start    ] GC(594) Pause Cleanup
[308.584s][info][gc          ] GC(594) Pause Cleanup 198M->198M(306M) 0.067ms
[308.584s][info][gc,cpu      ] GC(594) User=0.00s Sys=0.00s Real=0.00s
[308.584s][info][gc,marking  ] GC(594) Concurrent Clear Claimed Marks
[308.584s][info][gc,marking  ] GC(594) Concurrent Clear Claimed Marks 0.044ms
[308.584s][info][gc,marking  ] GC(594) Concurrent Cleanup for Next Mark
[308.585s][info][gc,marking  ] GC(594) Concurrent Cleanup for Next Mark 1.245ms
[308.585s][info][gc          ] GC(594) Concurrent Mark Cycle 372.481ms
[308.751s][info][gc,start    ] GC(595) Pause Young (Prepare Mixed) (G1 Evacuation Pause)
[308.751s][info][gc,task     ] GC(595) Using 2 workers of 2 for evacuation
[308.795s][info][gc,phases   ] GC(595)   Pre Evacuate Collection Set: 0.19ms
[308.795s][info][gc,phases   ] GC(595)   Merge Heap Roots: 0.13ms
[308.796s][info][gc,phases   ] GC(595)   Evacuate Collection Set: 43.26ms
[308.796s][info][gc,phases   ] GC(595)   Post Evacuate Collection Set: 0.47ms
[308.796s][info][gc,phases   ] GC(595)   Other: 0.09ms
[308.796s][info][gc,heap     ] GC(595) Eden regions: 148->0(126)
[308.796s][info][gc,heap     ] GC(595) Survivor regions: 15->19(21)
[308.796s][info][gc,heap     ] GC(595) Old regions: 98->114
[308.796s][info][gc,heap     ] GC(595) Humongous regions: 11->10
[308.796s][info][gc,metaspace] GC(595) Metaspace: 42757K(43136K)->42757K(43136K) NonClass: 38404K(38656K)->38404K(38656K) Class: 4353K(4480K)->4353K(4480K)
[308.796s][info][gc          ] GC(595) Pause Young (Prepare Mixed) (G1 Evacuation Pause) (Evacuation Failure: Pinned) 271M->141M(306M) 44.341ms
[308.796s][info][gc,cpu      ] GC(595) User=0.08s Sys=0.00s Real=0.04s
[311.896s][info][gc,start    ] GC(596) Pause Young (Mixed) (G1 Evacuation Pause)
[311.896s][info][gc,task     ] GC(596) Using 2 workers of 2 for evacuation
[311.925s][info][gc,phases   ] GC(596)   Pre Evacuate Collection Set: 0.18ms
[311.925s][info][gc,phases   ] GC(596)   Merge Heap Roots: 0.22ms
[311.925s][info][gc,phases   ] GC(596)   Evacuate Collection Set: 28.05ms
[311.925s][info][gc,phases   ] GC(596)   Post Evacuate Collection Set: 0.47ms
[311.925s][info][gc,phases   ] GC(596)   Other: 0.07ms
[311.925s][info][gc,heap     ] GC(596) Eden regions: 126->0(139)
[311.925s][info][gc,heap     ] GC(596) Survivor regions: 19->6(19)
[311.925s][info][gc,heap     ] GC(596) Old regions: 114->118
[311.925s][info][gc,heap     ] GC(596) Humongous regions: 12->7
[311.925s][info][gc,metaspace] GC(596) Metaspace: 42768K(43200K)->42768K(43200K) NonClass: 38415K(38720K)->38415K(38720K) Class: 4353K(4480K)->4353K(4480K)
[311.925s][info][gc          ] GC(596) Pause Young (Mixed) (G1 Evacuation Pause) 269M->130M(306M) 29.169ms
[311.925s][info][gc,cpu      ] GC(596) User=0.05s Sys=0.00s Real=0.03s
[312.399s][info][gc,start    ] GC(597) Pause Young (Concurrent Start) (G1 Evacuation Pause)
[312.399s][info][gc,task     ] GC(597) Using 2 workers of 2 for evacuation
[312.411s][info][gc,phases   ] GC(597)   Pre Evacuate Collection Set: 0.20ms
[312.411s][info][gc,phases   ] GC(597)   Merge Heap Roots: 0.10ms
[312.411s][info][gc,phases   ] GC(597)   Evacuate Collection Set: 11.77ms
[312.411s][info][gc,phases   ] GC(597)   Post Evacuate Collection Set: 0.42ms
[312.411s][info][gc,phases   ] GC(597)   Other: 0.09ms
[312.411s][info][gc,heap     ] GC(597) Eden regions: 139->0(141)
[312.411s][info][gc,heap     ] GC(597) Survivor regions: 6->9(19)
[312.411s][info][gc,heap     ] GC(597) Old regions: 118->118
[312.411s][info][gc,heap     ] GC(597) Humongous regions: 7->7
[312.411s][info][gc,metaspace] GC(597) Metaspace: 42770K(43200K)->42770K(43200K) NonClass: 38417K(38720K)->38417K(38720K) Class: 4353K(4480K)->4353K(4480K)
[312.411s][info][gc          ] GC(597) Pause Young (Concurrent Start) (G1 Evacuation Pause) 269M->133M(306M) 12.762ms
[312.411s][info][gc,cpu      ] GC(597) User=0.02s Sys=0.00s Real=0.02s
[312.411s][info][gc          ] GC(598) Concurrent Mark Cycle
[312.411s][info][gc,marking  ] GC(598) Concurrent Scan Root Regions
[312.421s][info][gc,marking  ] GC(598) Concurrent Scan Root Regions 9.810ms
[312.421s][info][gc,marking  ] GC(598) Concurrent Mark
[312.421s][info][gc,marking  ] GC(598) Concurrent Mark From Roots
[312.421s][info][gc,task     ] GC(598) Using 1 workers of 1 for marking
[312.451s][info][gc,marking  ] GC(598) Concurrent Mark From Roots 30.062ms
[312.451s][info][gc,marking  ] GC(598) Concurrent Preclean
[312.451s][info][gc,marking  ] GC(598) Concurrent Preclean 0.040ms
[312.452s][info][gc,start    ] GC(598) Pause Remark
[312.468s][info][gc          ] GC(598) Pause Remark 141M->119M(306M) 16.684ms
[312.468s][info][gc,cpu      ] GC(598) User=0.03s Sys=0.00s Real=0.01s
[312.468s][info][gc,marking  ] GC(598) Concurrent Mark 47.050ms
[312.468s][info][gc,marking  ] GC(598) Concurrent Rebuild Remembered Sets and Scrub Regions
[312.481s][info][gc,marking  ] GC(598) Concurrent Rebuild Remembered Sets and Scrub Regions 12.444ms
[312.481s][info][gc,start    ] GC(598) Pause Cleanup
[312.481s][info][gc          ] GC(598) Pause Cleanup 124M->124M(306M) 0.074ms
[312.481s][info][gc,cpu      ] GC(598) User=0.00s Sys=0.00s Real=0.00s
[312.481s][info][gc,marking  ] GC(598) Concurrent Clear Claimed Marks
[312.481s][info][gc,marking  ] GC(598) Concurrent Clear Claimed Marks 0.035ms
[312.481s][info][gc,marking  ] GC(598) Concurrent Cleanup for Next Mark
[312.482s][info][gc,marking  ] GC(598) Concurrent Cleanup for Next Mark 0.858ms
[312.482s][info][gc          ] GC(598) Concurrent Mark Cycle 70.487ms
[312.812s][info][gc,start    ] GC(599) Pause Young (Prepare Mixed) (G1 Evacuation Pause)
[312.812s][info][gc,task     ] GC(599) Using 2 workers of 2 for evacuation
[312.834s][info][gc,phases   ] GC(599)   Pre Evacuate Collection Set: 0.17ms
[312.834s][info][gc,phases   ] GC(599)   Merge Heap Roots: 0.10ms
[312.834s][info][gc,phases   ] GC(599)   Evacuate Collection Set: 21.00ms
[312.834s][info][gc,phases   ] GC(599)   Post Evacuate Collection Set: 0.42ms
[312.834s][info][gc,phases   ] GC(599)   Other: 0.08ms
[312.834s][info][gc,heap     ] GC(599) Eden regions: 141->0(144)
[312.834s][info][gc,heap     ] GC(599) Survivor regions: 9->19(19)
[312.834s][info][gc,heap     ] GC(599) Old regions: 102->103
[312.834s][info][gc,heap     ] GC(599) Humongous regions: 4->4
[312.834s][info][gc,metaspace] GC(599) Metaspace: 42770K(43200K)->42770K(43200K) NonClass: 38417K(38720K)->38417K(38720K) Class: 4353K(4480K)->4353K(4480K)
[312.834s][info][gc          ] GC(599) Pause Young (Prepare Mixed) (G1 Evacuation Pause) 255M->125M(306M) 21.977ms
[312.834s][info][gc,cpu      ] GC(599) User=0.04s Sys=0.00s Real=0.02s
[313.203s][info][gc,start    ] GC(600) Pause Young (Mixed) (G1 Evacuation Pause)
[313.203s][info][gc,task     ] GC(600) Using 2 workers of 2 for evacuation
[313.245s][info][gc,phases   ] GC(600)   Pre Evacuate Collection Set: 0.20ms
[313.245s][info][gc,phases   ] GC(600)   Merge Heap Roots: 0.13ms
[313.245s][info][gc,phases   ] GC(600)   Evacuate Collection Set: 40.92ms
[313.245s][info][gc,phases   ] GC(600)   Post Evacuate Collection Set: 0.46ms
[313.245s][info][gc,phases   ] GC(600)   Other: 0.08ms
[313.245s][info][gc,heap     ] GC(600) Eden regions: 144->0(154)
[313.245s][info][gc,heap     ] GC(600) Survivor regions: 19->18(21)
[313.245s][info][gc,heap     ] GC(600) Old regions: 103->91
[313.245s][info][gc,heap     ] GC(600) Humongous regions: 6->6
[313.245s][info][gc,metaspace] GC(600) Metaspace: 42770K(43200K)->42770K(43200K) NonClass: 38417K(38720K)->38417K(38720K) Class: 4353K(4480K)->4353K(4480K)
[313.245s][info][gc          ] GC(600) Pause Young (Mixed) (G1 Evacuation Pause) 271M->115M(309M) 42.009ms
[313.245s][info][gc,cpu      ] GC(600) User=0.08s Sys=0.00s Real=0.04s
[313.630s][info][gc,start    ] GC(601) Pause Young (Mixed) (G1 Evacuation Pause)
[313.630s][info][gc,task     ] GC(601) Using 2 workers of 2 for evacuation
[313.670s][info][gc,phases   ] GC(601)   Pre Evacuate Collection Set: 0.18ms
[313.670s][info][gc,phases   ] GC(601)   Merge Heap Roots: 0.10ms
[313.670s][info][gc,phases   ] GC(601)   Evacuate Collection Set: 39.13ms
[313.670s][info][gc,phases   ] GC(601)   Post Evacuate Collection Set: 0.48ms
[313.670s][info][gc,phases   ] GC(601)   Other: 0.08ms
[313.670s][info][gc,heap     ] GC(601) Eden regions: 154->0(163)
[313.670s][info][gc,heap     ] GC(601) Survivor regions: 18->19(22)
[313.670s][info][gc,heap     ] GC(601) Old regions: 91->78
[313.670s][info][gc,heap     ] GC(601) Humongous regions: 6->6
[313.670s][info][gc,metaspace] GC(601) Metaspace: 42770K(43200K)->42770K(43200K) NonClass: 38417K(38720K)->38417K(38720K) Class: 4353K(4480K)->4353K(4480K)
[313.670s][info][gc          ] GC(601) Pause Young (Mixed) (G1 Evacuation Pause) 269M->102M(309M) 40.193ms
[313.670s][info][gc,cpu      ] GC(601) User=0.08s Sys=0.00s Real=0.04s
[314.111s][info][gc,start    ] GC(602) Pause Young (Mixed) (G1 Evacuation Pause)
[314.111s][info][gc,task     ] GC(602) Using 2 workers of 2 for evacuation
[314.160s][info][gc,phases   ] GC(602)   Pre Evacuate Collection Set: 0.17ms
[314.160s][info][gc,phases   ] GC(602)   Merge Heap Roots: 0.15ms
[314.160s][info][gc,phases   ] GC(602)   Evacuate Collection Set: 47.58ms
[314.160s][info][gc,phases   ] GC(602)   Post Evacuate Collection Set: 1.31ms
[314.160s][info][gc,phases   ] GC(602)   Other: 0.08ms
[314.160s][info][gc,heap     ] GC(602) Eden regions: 163->0(237)
[314.160s][info][gc,heap     ] GC(602) Survivor regions: 19->19(23)
[314.160s][info][gc,heap     ] GC(602) Old regions: 78->85
[314.160s][info][gc,heap     ] GC(602) Humongous regions: 10->10
[314.160s][info][gc,metaspace] GC(602) Metaspace: 42770K(43200K)->42770K(43200K) NonClass: 38417K(38720K)->38417K(38720K) Class: 4353K(4480K)->4353K(4480K)
[314.160s][info][gc          ] GC(602) Pause Young (Mixed) (G1 Evacuation Pause) 269M->113M(427M) 49.497ms
[314.160s][info][gc,cpu      ] GC(602) User=0.09s Sys=0.00s Real=0.05s
[314.559s][info][gc,start    ] GC(603) Pause Young (Concurrent Start) (G1 Humongous Allocation)
[314.559s][info][gc,task     ] GC(603) Using 2 workers of 2 for evacuation
[314.612s][info][gc,phases   ] GC(603)   Pre Evacuate Collection Set: 0.25ms
[314.612s][info][gc,phases   ] GC(603)   Merge Heap Roots: 0.14ms
[314.612s][info][gc,phases   ] GC(603)   Evacuate Collection Set: 51.95ms
[314.612s][info][gc,phases   ] GC(603)   Post Evacuate Collection Set: 0.42ms
[314.612s][info][gc,phases   ] GC(603)   Other: 0.17ms
[314.612s][info][gc,heap     ] GC(603) Eden regions: 85->0(229)
[314.612s][info][gc,heap     ] GC(603) Survivor regions: 19->19(32)
[314.612s][info][gc,heap     ] GC(603) Old regions: 85->104
[314.612s][info][gc,heap     ] GC(603) Humongous regions: 10->10
[314.612s][info][gc,metaspace] GC(603) Metaspace: 42770K(43200K)->42770K(43200K) NonClass: 38417K(38720K)->38417K(38720K) Class: 4353K(4480K)->4353K(4480K)
[314.612s][info][gc          ] GC(603) Pause Young (Concurrent Start) (G1 Humongous Allocation) 198M->132M(427M) 53.153ms
[314.612s][info][gc,cpu      ] GC(603) User=0.09s Sys=0.02s Real=0.06s
[314.612s][info][gc          ] GC(604) Concurrent Mark Cycle
[314.612s][info][gc,marking  ] GC(604) Concurrent Scan Root Regions
[314.657s][info][gc,marking  ] GC(604) Concurrent Scan Root Regions 45.035ms
[314.657s][info][gc,marking  ] GC(604) Concurrent Mark
[314.657s][info][gc,marking  ] GC(604) Concurrent Mark From Roots
[314.657s][info][gc,task     ] GC(604) Using 1 workers of 1 for marking
[314.762s][info][gc,marking  ] GC(604) Concurrent Mark From Roots 104.597ms
[314.762s][info][gc,marking  ] GC(604) Concurrent Preclean
[314.762s][info][gc,marking  ] GC(604) Concurrent Preclean 0.043ms
[314.762s][info][gc,start    ] GC(604) Pause Remark
[314.779s][info][gc          ] GC(604) Pause Remark 143M->140M(427M) 17.303ms
[314.779s][info][gc,cpu      ] GC(604) User=0.04s Sys=0.00s Real=0.01s
[314.780s][info][gc,marking  ] GC(604) Concurrent Mark 122.302ms
[314.780s][info][gc,marking  ] GC(604) Concurrent Rebuild Remembered Sets and Scrub Regions
[314.846s][info][gc,marking  ] GC(604) Concurrent Rebuild Remembered Sets and Scrub Regions 66.162ms
[314.846s][info][gc,start    ] GC(604) Pause Cleanup
[314.846s][info][gc          ] GC(604) Pause Cleanup 147M->147M(427M) 0.061ms
[314.846s][info][gc,cpu      ] GC(604) User=0.00s Sys=0.00s Real=0.00s
[314.846s][info][gc,marking  ] GC(604) Concurrent Clear Claimed Marks
[314.846s][info][gc,marking  ] GC(604) Concurrent Clear Claimed Marks 0.042ms
[314.846s][info][gc,marking  ] GC(604) Concurrent Cleanup for Next Mark
[314.849s][info][gc,marking  ] GC(604) Concurrent Cleanup for Next Mark 2.568ms
[314.849s][info][gc          ] GC(604) Concurrent Mark Cycle 236.542ms
[316.322s][info][gc,start    ] GC(605) Pause Young (Prepare Mixed) (G1 Evacuation Pause)
[316.322s][info][gc,task     ] GC(605) Using 2 workers of 2 for evacuation
[316.355s][info][gc,phases   ] GC(605)   Pre Evacuate Collection Set: 0.22ms
[316.355s][info][gc,phases   ] GC(605)   Merge Heap Roots: 0.19ms
[316.355s][info][gc,phases   ] GC(605)   Evacuate Collection Set: 32.32ms
[316.355s][info][gc,phases   ] GC(605)   Post Evacuate Collection Set: 0.52ms
[316.355s][info][gc,phases   ] GC(605)   Other: 0.09ms
[316.355s][info][gc,heap     ] GC(605) Eden regions: 229->0(224)
[316.355s][info][gc,heap     ] GC(605) Survivor regions: 19->14(31)
[316.355s][info][gc,heap     ] GC(605) Old regions: 104->113
[316.355s][info][gc,heap     ] GC(605) Humongous regions: 15->13
[316.355s][info][gc,metaspace] GC(605) Metaspace: 42770K(43200K)->42770K(43200K) NonClass: 38417K(38720K)->38417K(38720K) Class: 4353K(4480K)->4353K(4480K)
[316.355s][info][gc          ] GC(605) Pause Young (Prepare Mixed) (G1 Evacuation Pause) 366M->139M(427M) 33.539ms
[316.355s][info][gc,cpu      ] GC(605) User=0.06s Sys=0.00s Real=0.03s
[317.749s][info][gc,start    ] GC(606) Pause Young (Mixed) (G1 Evacuation Pause)
[317.749s][info][gc,task     ] GC(606) Using 2 workers of 2 for evacuation
[317.764s][info][gc,phases   ] GC(606)   Pre Evacuate Collection Set: 0.20ms
[317.764s][info][gc,phases   ] GC(606)   Merge Heap Roots: 0.12ms
[317.764s][info][gc,phases   ] GC(606)   Evacuate Collection Set: 14.55ms
[317.764s][info][gc,phases   ] GC(606)   Post Evacuate Collection Set: 0.50ms
[317.764s][info][gc,phases   ] GC(606)   Other: 0.08ms
[317.764s][info][gc,heap     ] GC(606) Eden regions: 224->0(237)
[317.764s][info][gc,heap     ] GC(606) Survivor regions: 14->14(30)
[317.764s][info][gc,heap     ] GC(606) Old regions: 113->110
[317.764s][info][gc,heap     ] GC(606) Humongous regions: 13->13
[317.764s][info][gc,metaspace] GC(606) Metaspace: 42771K(43200K)->42771K(43200K) NonClass: 38418K(38720K)->38418K(38720K) Class: 4353K(4480K)->4353K(4480K)
[317.764s][info][gc          ] GC(606) Pause Young (Mixed) (G1 Evacuation Pause) 363M->136M(427M) 15.645ms
[317.764s][info][gc,cpu      ] GC(606) User=0.03s Sys=0.00s Real=0.02s
[319.253s][info][gc,start    ] GC(607) Pause Young (Concurrent Start) (G1 Evacuation Pause)
[319.253s][info][gc,task     ] GC(607) Using 2 workers of 2 for evacuation
[319.266s][info][gc,phases   ] GC(607)   Pre Evacuate Collection Set: 0.23ms
[319.266s][info][gc,phases   ] GC(607)   Merge Heap Roots: 0.11ms
[319.266s][info][gc,phases   ] GC(607)   Evacuate Collection Set: 11.71ms
[319.266s][info][gc,phases   ] GC(607)   Post Evacuate Collection Set: 0.47ms
[319.266s][info][gc,phases   ] GC(607)   Other: 0.09ms
[319.266s][info][gc,heap     ] GC(607) Eden regions: 237->0(245)
[319.266s][info][gc,heap     ] GC(607) Survivor regions: 14->11(32)
[319.266s][info][gc,heap     ] GC(607) Old regions: 110->110
[319.266s][info][gc,heap     ] GC(607) Humongous regions: 13->13
[319.266s][info][gc,metaspace] GC(607) Metaspace: 42771K(43200K)->42771K(43200K) NonClass: 38418K(38720K)->38418K(38720K) Class: 4353K(4480K)->4353K(4480K)
[319.266s][info][gc          ] GC(607) Pause Young (Concurrent Start) (G1 Evacuation Pause) 373M->133M(427M) 12.832ms
[319.266s][info][gc,cpu      ] GC(607) User=0.03s Sys=0.00s Real=0.01s
[319.266s][info][gc          ] GC(608) Concurrent Mark Cycle
[319.266s][info][gc,marking  ] GC(608) Concurrent Scan Root Regions
[319.271s][info][gc,marking  ] GC(608) Concurrent Scan Root Regions 4.882ms
[319.271s][info][gc,marking  ] GC(608) Concurrent Mark
[319.271s][info][gc,marking  ] GC(608) Concurrent Mark From Roots
[319.271s][info][gc,task     ] GC(608) Using 1 workers of 1 for marking
[319.303s][info][gc,marking  ] GC(608) Concurrent Mark From Roots 32.192ms
[319.303s][info][gc,marking  ] GC(608) Concurrent Preclean
[319.303s][info][gc,marking  ] GC(608) Concurrent Preclean 0.035ms
[319.304s][info][gc,start    ] GC(608) Pause Remark
[319.320s][info][gc          ] GC(608) Pause Remark 138M->55M(256M) 16.523ms
[319.320s][info][gc,cpu      ] GC(608) User=0.04s Sys=0.00s Real=0.01s
[319.320s][info][gc,marking  ] GC(608) Concurrent Mark 49.047ms
[319.320s][info][gc,marking  ] GC(608) Concurrent Rebuild Remembered Sets and Scrub Regions
[319.332s][info][gc,marking  ] GC(608) Concurrent Rebuild Remembered Sets and Scrub Regions 11.477ms
[319.332s][info][gc,start    ] GC(608) Pause Cleanup
[319.332s][info][gc          ] GC(608) Pause Cleanup 57M->57M(256M) 0.037ms
[319.332s][info][gc,cpu      ] GC(608) User=0.00s Sys=0.00s Real=0.00s
[319.332s][info][gc,marking  ] GC(608) Concurrent Clear Claimed Marks
[319.332s][info][gc,marking  ] GC(608) Concurrent Clear Claimed Marks 0.036ms
[319.332s][info][gc,marking  ] GC(608) Concurrent Cleanup for Next Mark
[319.333s][info][gc,marking  ] GC(608) Concurrent Cleanup for Next Mark 0.746ms
[319.333s][info][gc          ] GC(608) Concurrent Mark Cycle 66.537ms
[320.168s][info][gc,start    ] GC(609) Pause Young (Prepare Mixed) (G1 Evacuation Pause)
[320.168s][info][gc,task     ] GC(609) Using 2 workers of 2 for evacuation
[320.174s][info][gc,phases   ] GC(609)   Pre Evacuate Collection Set: 0.18ms
[320.174s][info][gc,phases   ] GC(609)   Merge Heap Roots: 0.08ms
[320.174s][info][gc,phases   ] GC(609)   Evacuate Collection Set: 5.66ms
[320.174s][info][gc,phases   ] GC(609)   Post Evacuate Collection Set: 0.40ms
[320.174s][info][gc,phases   ] GC(609)   Other: 0.07ms
[320.174s][info][gc,heap     ] GC(609) Eden regions: 142->0(144)
[320.174s][info][gc,heap     ] GC(609) Survivor regions: 11->9(20)
[320.174s][info][gc,heap     ] GC(609) Old regions: 39->39
[320.174s][info][gc,heap     ] GC(609) Humongous regions: 2->1
[320.174s][info][gc,metaspace] GC(609) Metaspace: 42771K(43200K)->42771K(43200K) NonClass: 38418K(38720K)->38418K(38720K) Class: 4353K(4480K)->4353K(4480K)
[320.174s][info][gc          ] GC(609) Pause Young (Prepare Mixed) (G1 Evacuation Pause) 193M->48M(256M) 6.582ms
[320.174s][info][gc,cpu      ] GC(609) User=0.02s Sys=0.00s Real=0.01s
[321.009s][info][gc,start    ] GC(610) Pause Young (Mixed) (G1 Evacuation Pause)
[321.009s][info][gc,task     ] GC(610) Using 2 workers of 2 for evacuation
[321.018s][info][gc,phases   ] GC(610)   Pre Evacuate Collection Set: 0.16ms
[321.018s][info][gc,phases   ] GC(610)   Merge Heap Roots: 0.08ms
[321.018s][info][gc,phases   ] GC(610)   Evacuate Collection Set: 8.48ms
[321.018s][info][gc,phases   ] GC(610)   Post Evacuate Collection Set: 0.40ms
[321.018s][info][gc,phases   ] GC(610)   Other: 0.09ms
[321.018s][info][gc,heap     ] GC(610) Eden regions: 144->0(141)
[321.018s][info][gc,heap     ] GC(610) Survivor regions: 9->12(20)
[321.018s][info][gc,heap     ] GC(610) Old regions: 39->36
[321.018s][info][gc,heap     ] GC(610) Humongous regions: 1->1
[321.018s][info][gc,metaspace] GC(610) Metaspace: 42771K(43200K)->42771K(43200K) NonClass: 38418K(38720K)->38418K(38720K) Class: 4353K(4480K)->4353K(4480K)
[321.018s][info][gc          ] GC(610) Pause Young (Mixed) (G1 Evacuation Pause) 192M->47M(256M) 9.426ms
[321.018s][info][gc,cpu      ] GC(610) User=0.01s Sys=0.00s Real=0.01s
[321.045s][info][gc,start    ] GC(611) Pause Young (Concurrent Start) (G1 Humongous Allocation)
[321.045s][info][gc,task     ] GC(611) Using 2 workers of 2 for evacuation
[321.050s][info][gc,phases   ] GC(611)   Pre Evacuate Collection Set: 0.16ms
[321.050s][info][gc,phases   ] GC(611)   Merge Heap Roots: 0.04ms
[321.050s][info][gc,phases   ] GC(611)   Evacuate Collection Set: 4.46ms
[321.050s][info][gc,phases   ] GC(611)   Post Evacuate Collection Set: 0.28ms
[321.050s][info][gc,phases   ] GC(611)   Other: 0.09ms
[321.050s][info][gc,heap     ] GC(611) Eden regions: 4->0(147)
[321.050s][info][gc,heap     ] GC(611) Survivor regions: 12->6(20)
[321.050s][info][gc,heap     ] GC(611) Old regions: 36->38
[321.050s][info][gc,heap     ] GC(611) Humongous regions: 1->1
[321.050s][info][gc,metaspace] GC(611) Metaspace: 42771K(43200K)->42771K(43200K) NonClass: 38418K(38720K)->38418K(38720K) Class: 4353K(4480K)->4353K(4480K)
[321.050s][info][gc          ] GC(611) Pause Young (Concurrent Start) (G1 Humongous Allocation) 51M->44M(256M) 5.187ms
[321.050s][info][gc,cpu      ] GC(611) User=0.01s Sys=0.00s Real=0.00s
[321.050s][info][gc          ] GC(612) Concurrent Mark Cycle
[321.050s][info][gc,marking  ] GC(612) Concurrent Scan Root Regions
[321.053s][info][gc,marking  ] GC(612) Concurrent Scan Root Regions 3.433ms
[321.053s][info][gc,marking  ] GC(612) Concurrent Mark
[321.053s][info][gc,marking  ] GC(612) Concurrent Mark From Roots
[321.053s][info][gc,task     ] GC(612) Using 1 workers of 1 for marking
[321.084s][info][gc,marking  ] GC(612) Concurrent Mark From Roots 31.053ms
[321.084s][info][gc,marking  ] GC(612) Concurrent Preclean
[321.084s][info][gc,marking  ] GC(612) Concurrent Preclean 0.034ms
[321.085s][info][gc,start    ] GC(612) Pause Remark
[321.101s][info][gc          ] GC(612) Pause Remark 59M->59M(256M) 16.642ms
[321.101s][info][gc,cpu      ] GC(612) User=0.03s Sys=0.00s Real=0.02s
[321.101s][info][gc,marking  ] GC(612) Concurrent Mark 47.974ms
[321.101s][info][gc,marking  ] GC(612) Concurrent Rebuild Remembered Sets and Scrub Regions
[321.114s][info][gc,marking  ] GC(612) Concurrent Rebuild Remembered Sets and Scrub Regions 12.690ms
[321.114s][info][gc,start    ] GC(612) Pause Cleanup
[321.114s][info][gc          ] GC(612) Pause Cleanup 63M->63M(256M) 0.056ms
[321.114s][info][gc,cpu      ] GC(612) User=0.00s Sys=0.00s Real=0.00s
[321.114s][info][gc,marking  ] GC(612) Concurrent Clear Claimed Marks
[321.114s][info][gc,marking  ] GC(612) Concurrent Clear Claimed Marks 0.034ms
[321.114s][info][gc,marking  ] GC(612) Concurrent Cleanup for Next Mark
[321.115s][info][gc,marking  ] GC(612) Concurrent Cleanup for Next Mark 0.729ms
[321.115s][info][gc          ] GC(612) Concurrent Mark Cycle 65.193ms
[321.444s][info][gc,start    ] GC(613) Pause Young (Prepare Mixed) (G1 Evacuation Pause)
[321.445s][info][gc,task     ] GC(613) Using 2 workers of 2 for evacuation
[321.467s][info][gc,phases   ] GC(613)   Pre Evacuate Collection Set: 0.15ms
[321.467s][info][gc,phases   ] GC(613)   Merge Heap Roots: 0.07ms
[321.467s][info][gc,phases   ] GC(613)   Evacuate Collection Set: 21.41ms
[321.467s][info][gc,phases   ] GC(613)   Post Evacuate Collection Set: 0.43ms
[321.467s][info][gc,phases   ] GC(613)   Other: 0.07ms
[321.467s][info][gc,heap     ] GC(613) Eden regions: 147->0(133)
[321.467s][info][gc,heap     ] GC(613) Survivor regions: 6->20(20)
[321.467s][info][gc,heap     ] GC(613) Old regions: 38->39
[321.467s][info][gc,heap     ] GC(613) Humongous regions: 4->4
[321.467s][info][gc,metaspace] GC(613) Metaspace: 42771K(43200K)->42771K(43200K) NonClass: 38418K(38720K)->38418K(38720K) Class: 4353K(4480K)->4353K(4480K)
[321.467s][info][gc          ] GC(613) Pause Young (Prepare Mixed) (G1 Evacuation Pause) 194M->62M(256M) 22.338ms
[321.467s][info][gc,cpu      ] GC(613) User=0.04s Sys=0.00s Real=0.02s
[321.808s][info][gc,start    ] GC(614) Pause Young (Mixed) (G1 Evacuation Pause)
[321.808s][info][gc,task     ] GC(614) Using 2 workers of 2 for evacuation
[321.848s][info][gc,phases   ] GC(614)   Pre Evacuate Collection Set: 0.18ms
[321.848s][info][gc,phases   ] GC(614)   Merge Heap Roots: 0.13ms
[321.848s][info][gc,phases   ] GC(614)   Evacuate Collection Set: 38.68ms
[321.848s][info][gc,phases   ] GC(614)   Post Evacuate Collection Set: 0.57ms
[321.848s][info][gc,phases   ] GC(614)   Other: 0.07ms
[321.848s][info][gc,heap     ] GC(614) Eden regions: 133->0(136)
[321.848s][info][gc,heap     ] GC(614) Survivor regions: 20->17(20)
[321.848s][info][gc,heap     ] GC(614) Old regions: 39->53
[321.848s][info][gc,heap     ] GC(614) Humongous regions: 6->6
[321.848s][info][gc,metaspace] GC(614) Metaspace: 42771K(43200K)->42771K(43200K) NonClass: 38418K(38720K)->38418K(38720K) Class: 4353K(4480K)->4353K(4480K)
[321.848s][info][gc          ] GC(614) Pause Young (Mixed) (G1 Evacuation Pause) 197M->75M(256M) 39.842ms
[321.848s][info][gc,cpu      ] GC(614) User=0.08s Sys=0.00s Real=0.04s
[322.173s][info][gc,start    ] GC(615) Pause Young (Concurrent Start) (G1 Evacuation Pause)
[322.173s][info][gc,task     ] GC(615) Using 2 workers of 2 for evacuation
[322.210s][info][gc,phases   ] GC(615)   Pre Evacuate Collection Set: 0.18ms
[322.210s][info][gc,phases   ] GC(615)   Merge Heap Roots: 0.07ms
[322.210s][info][gc,phases   ] GC(615)   Evacuate Collection Set: 35.58ms
[322.210s][info][gc,phases   ] GC(615)   Post Evacuate Collection Set: 0.41ms
[322.210s][info][gc,phases   ] GC(615)   Other: 0.11ms
[322.210s][info][gc,heap     ] GC(615) Eden regions: 136->0(128)
[322.210s][info][gc,heap     ] GC(615) Survivor regions: 17->16(20)
[322.210s][info][gc,heap     ] GC(615) Old regions: 53->70
[322.210s][info][gc,heap     ] GC(615) Humongous regions: 6->6
[322.210s][info][gc,metaspace] GC(615) Metaspace: 42771K(43200K)->42771K(43200K) NonClass: 38418K(38720K)->38418K(38720K) Class: 4353K(4480K)->4353K(4480K)
[322.210s][info][gc          ] GC(615) Pause Young (Concurrent Start) (G1 Evacuation Pause) 211M->91M(256M) 36.558ms
[322.210s][info][gc,cpu      ] GC(615) User=0.07s Sys=0.00s Real=0.03s
[322.210s][info][gc          ] GC(616) Concurrent Mark Cycle
[322.210s][info][gc,marking  ] GC(616) Concurrent Scan Root Regions
[322.240s][info][gc,marking  ] GC(616) Concurrent Scan Root Regions 29.445ms
[322.240s][info][gc,marking  ] GC(616) Concurrent Mark
[322.240s][info][gc,marking  ] GC(616) Concurrent Mark From Roots
[322.240s][info][gc,task     ] GC(616) Using 1 workers of 1 for marking
[322.302s][info][gc,marking  ] GC(616) Concurrent Mark From Roots 61.791ms
[322.302s][info][gc,marking  ] GC(616) Concurrent Preclean
[322.302s][info][gc,marking  ] GC(616) Concurrent Preclean 0.037ms
[322.302s][info][gc,start    ] GC(616) Pause Remark
[322.318s][info][gc          ] GC(616) Pause Remark 127M->126M(256M) 16.655ms
[322.318s][info][gc,cpu      ] GC(616) User=0.04s Sys=0.00s Real=0.01s
[322.318s][info][gc,marking  ] GC(616) Concurrent Mark 78.691ms
[322.318s][info][gc,marking  ] GC(616) Concurrent Rebuild Remembered Sets and Scrub Regions
[322.361s][info][gc,marking  ] GC(616) Concurrent Rebuild Remembered Sets and Scrub Regions 42.378ms
[322.361s][info][gc,start    ] GC(616) Pause Cleanup
[322.361s][info][gc          ] GC(616) Pause Cleanup 143M->143M(256M) 0.058ms
[322.361s][info][gc,cpu      ] GC(616) User=0.00s Sys=0.00s Real=0.00s
[322.361s][info][gc,marking  ] GC(616) Concurrent Clear Claimed Marks
[322.361s][info][gc,marking  ] GC(616) Concurrent Clear Claimed Marks 0.054ms
[322.361s][info][gc,marking  ] GC(616) Concurrent Cleanup for Next Mark
[322.362s][info][gc,marking  ] GC(616) Concurrent Cleanup for Next Mark 0.732ms
[322.362s][info][gc          ] GC(616) Concurrent Mark Cycle 151.694ms
[322.594s][info][gc,start    ] GC(617) Pause Young (Prepare Mixed) (G1 Evacuation Pause)
[322.594s][info][gc,task     ] GC(617) Using 2 workers of 2 for evacuation
[322.633s][info][gc,phases   ] GC(617)   Pre Evacuate Collection Set: 0.23ms
[322.633s][info][gc,phases   ] GC(617)   Merge Heap Roots: 0.13ms
[322.633s][info][gc,phases   ] GC(617)   Evacuate Collection Set: 38.25ms
[322.633s][info][gc,phases   ] GC(617)   Post Evacuate Collection Set: 0.69ms
[322.633s][info][gc,phases   ] GC(617)   Other: 0.09ms
[322.633s][info][gc,heap     ] GC(617) Eden regions: 128->0(137)
[322.633s][info][gc,heap     ] GC(617) Survivor regions: 16->15(18)
[322.633s][info][gc,heap     ] GC(617) Old regions: 70->86
[322.633s][info][gc,heap     ] GC(617) Humongous regions: 9->9
[322.633s][info][gc,metaspace] GC(617) Metaspace: 42771K(43200K)->42771K(43200K) NonClass: 38418K(38720K)->38418K(38720K) Class: 4353K(4480K)->4353K(4480K)
[322.633s][info][gc          ] GC(617) Pause Young (Prepare Mixed) (G1 Evacuation Pause) 222M->109M(285M) 39.632ms
[322.633s][info][gc,cpu      ] GC(617) User=0.08s Sys=0.00s Real=0.04s
[323.143s][info][gc,start    ] GC(618) Pause Young (Mixed) (G1 Evacuation Pause)
[323.143s][info][gc,task     ] GC(618) Using 2 workers of 2 for evacuation
[323.203s][info][gc,phases   ] GC(618)   Pre Evacuate Collection Set: 0.22ms
[323.203s][info][gc,phases   ] GC(618)   Merge Heap Roots: 0.48ms
[323.203s][info][gc,phases   ] GC(618)   Evacuate Collection Set: 58.48ms
[323.203s][info][gc,phases   ] GC(618)   Post Evacuate Collection Set: 0.79ms
[323.203s][info][gc,phases   ] GC(618)   Other: 0.11ms
[323.203s][info][gc,heap     ] GC(618) Eden regions: 137->0(114)
[323.203s][info][gc,heap     ] GC(618) Survivor regions: 15->19(19)
[323.203s][info][gc,heap     ] GC(618) Old regions: 86->103
[323.203s][info][gc,heap     ] GC(618) Humongous regions: 9->9
[323.203s][info][gc,metaspace] GC(618) Metaspace: 42771K(43200K)->42771K(43200K) NonClass: 38418K(38720K)->38418K(38720K) Class: 4353K(4480K)->4353K(4480K)
[323.203s][info][gc          ] GC(618) Pause Young (Mixed) (G1 Evacuation Pause) 246M->130M(286M) 60.330ms
[323.203s][info][gc,cpu      ] GC(618) User=0.12s Sys=0.00s Real=0.06s
[323.210s][info][gc,start    ] GC(619) Pause Young (Concurrent Start) (G1 Humongous Allocation)
[323.210s][info][gc,task     ] GC(619) Using 2 workers of 2 for evacuation
[323.233s][info][gc,phases   ] GC(619)   Pre Evacuate Collection Set: 0.19ms
[323.234s][info][gc,phases   ] GC(619)   Merge Heap Roots: 0.09ms
[323.234s][info][gc,phases   ] GC(619)   Evacuate Collection Set: 23.17ms
[323.234s][info][gc,phases   ] GC(619)   Post Evacuate Collection Set: 0.30ms
[323.234s][info][gc,phases   ] GC(619)   Other: 0.11ms
[323.234s][info][gc,heap     ] GC(619) Eden regions: 1->0(109)
[323.234s][info][gc,heap     ] GC(619) Survivor regions: 19->1(17)
[323.234s][info][gc,heap     ] GC(619) Old regions: 103->122
[323.234s][info][gc,heap     ] GC(619) Humongous regions: 9->9
[323.234s][info][gc,metaspace] GC(619) Metaspace: 42771K(43200K)->42771K(43200K) NonClass: 38418K(38720K)->38418K(38720K) Class: 4353K(4480K)->4353K(4480K)
[323.234s][info][gc          ] GC(619) Pause Young (Concurrent Start) (G1 Humongous Allocation) 130M->131M(286M) 24.033ms
[323.234s][info][gc,cpu      ] GC(619) User=0.05s Sys=0.00s Real=0.03s
[323.234s][info][gc          ] GC(620) Concurrent Mark Cycle
[323.234s][info][gc,marking  ] GC(620) Concurrent Scan Root Regions
[323.262s][info][gc,marking  ] GC(620) Concurrent Scan Root Regions 28.563ms
[323.262s][info][gc,marking  ] GC(620) Concurrent Mark
[323.262s][info][gc,marking  ] GC(620) Concurrent Mark From Roots
[323.262s][info][gc,task     ] GC(620) Using 1 workers of 1 for marking
[323.402s][info][gc,marking  ] GC(620) Concurrent Mark From Roots 139.606ms
[323.402s][info][gc,marking  ] GC(620) Concurrent Preclean
[323.402s][info][gc,marking  ] GC(620) Concurrent Preclean 0.041ms
[323.402s][info][gc,start    ] GC(620) Pause Remark
[323.419s][info][gc          ] GC(620) Pause Remark 143M->141M(286M) 16.570ms
[323.419s][info][gc,cpu      ] GC(620) User=0.03s Sys=0.00s Real=0.01s
[323.419s][info][gc,marking  ] GC(620) Concurrent Mark 156.597ms
[323.419s][info][gc,marking  ] GC(620) Concurrent Rebuild Remembered Sets and Scrub Regions
[323.506s][info][gc,marking  ] GC(620) Concurrent Rebuild Remembered Sets and Scrub Regions 87.387ms
[323.507s][info][gc,start    ] GC(620) Pause Cleanup
[323.507s][info][gc          ] GC(620) Pause Cleanup 151M->151M(286M) 0.057ms
[323.507s][info][gc,cpu      ] GC(620) User=0.00s Sys=0.00s Real=0.00s
[323.507s][info][gc,marking  ] GC(620) Concurrent Clear Claimed Marks
[323.507s][info][gc,marking  ] GC(620) Concurrent Clear Claimed Marks 0.043ms
[323.507s][info][gc,marking  ] GC(620) Concurrent Cleanup for Next Mark
[323.508s][info][gc,marking  ] GC(620) Concurrent Cleanup for Next Mark 1.204ms
[323.508s][info][gc          ] GC(620) Concurrent Mark Cycle 274.290ms
[324.343s][info][gc,start    ] GC(621) Pause Young (Prepare Mixed) (G1 Evacuation Pause)
[324.343s][info][gc,task     ] GC(621) Using 2 workers of 2 for evacuation
[324.376s][info][gc,phases   ] GC(621)   Pre Evacuate Collection Set: 0.17ms
[324.376s][info][gc,phases   ] GC(621)   Merge Heap Roots: 0.28ms
[324.376s][info][gc,phases   ] GC(621)   Evacuate Collection Set: 32.23ms
[324.376s][info][gc,phases   ] GC(621)   Post Evacuate Collection Set: 0.43ms
[324.376s][info][gc,phases   ] GC(621)   Other: 0.07ms
[324.376s][info][gc,heap     ] GC(621) Eden regions: 109->0(90)
[324.376s][info][gc,heap     ] GC(621) Survivor regions: 1->14(14)
[324.376s][info][gc,heap     ] GC(621) Old regions: 122->132
[324.376s][info][gc,heap     ] GC(621) Humongous regions: 15->13
[324.376s][info][gc,metaspace] GC(621) Metaspace: 42771K(43200K)->42771K(43200K) NonClass: 38418K(38720K)->38418K(38720K) Class: 4353K(4480K)->4353K(4480K)
[324.376s][info][gc          ] GC(621) Pause Young (Prepare Mixed) (G1 Evacuation Pause) 246M->158M(286M) 33.358ms
[324.376s][info][gc,cpu      ] GC(621) User=0.06s Sys=0.00s Real=0.03s
[324.717s][info][gc,start    ] GC(622) Pause Young (Mixed) (G1 Evacuation Pause)
[324.717s][info][gc,task     ] GC(622) Using 2 workers of 2 for evacuation
[324.739s][info][gc,phases   ] GC(622)   Pre Evacuate Collection Set: 0.20ms
[324.739s][info][gc,phases   ] GC(622)   Merge Heap Roots: 0.16ms
[324.739s][info][gc,phases   ] GC(622)   Evacuate Collection Set: 21.39ms
[324.739s][info][gc,phases   ] GC(622)   Post Evacuate Collection Set: 0.39ms
[324.739s][info][gc,phases   ] GC(622)   Other: 0.07ms
[324.739s][info][gc,heap     ] GC(622) Eden regions: 90->0(89)
[324.739s][info][gc,heap     ] GC(622) Survivor regions: 14->7(13)
[324.739s][info][gc,heap     ] GC(622) Old regions: 132->144
[324.739s][info][gc,heap     ] GC(622) Humongous regions: 13->13
[324.739s][info][gc,metaspace] GC(622) Metaspace: 42771K(43200K)->42771K(43200K) NonClass: 38418K(38720K)->38418K(38720K) Class: 4353K(4480K)->4353K(4480K)
[324.739s][info][gc          ] GC(622) Pause Young (Mixed) (G1 Evacuation Pause) 248M->162M(286M) 22.403ms
[324.739s][info][gc,cpu      ] GC(622) User=0.04s Sys=0.00s Real=0.02s
[325.241s][info][gc,start    ] GC(623) Pause Young (Concurrent Start) (G1 Evacuation Pause)
[325.242s][info][gc,task     ] GC(623) Using 2 workers of 2 for evacuation
[325.255s][info][gc,phases   ] GC(623)   Pre Evacuate Collection Set: 0.19ms
[325.255s][info][gc,phases   ] GC(623)   Merge Heap Roots: 0.06ms
[325.255s][info][gc,phases   ] GC(623)   Evacuate Collection Set: 12.25ms
[325.255s][info][gc,phases   ] GC(623)   Post Evacuate Collection Set: 0.40ms
[325.255s][info][gc,phases   ] GC(623)   Other: 0.10ms
[325.255s][info][gc,heap     ] GC(623) Eden regions: 89->0(86)
[325.255s][info][gc,heap     ] GC(623) Survivor regions: 7->12(12)
[325.255s][info][gc,heap     ] GC(623) Old regions: 144->146
[325.255s][info][gc,heap     ] GC(623) Humongous regions: 13->13
[325.255s][info][gc,metaspace] GC(623) Metaspace: 42771K(43200K)->42771K(43200K) NonClass: 38418K(38720K)->38418K(38720K) Class: 4353K(4480K)->4353K(4480K)
[325.255s][info][gc          ] GC(623) Pause Young (Concurrent Start) (G1 Evacuation Pause) 251M->170M(286M) 13.202ms
[325.255s][info][gc,cpu      ] GC(623) User=0.03s Sys=0.00s Real=0.01s
[325.255s][info][gc          ] GC(624) Concurrent Mark Cycle
[325.255s][info][gc,marking  ] GC(624) Concurrent Scan Root Regions
[325.269s][info][gc,marking  ] GC(624) Concurrent Scan Root Regions 13.815ms
[325.269s][info][gc,marking  ] GC(624) Concurrent Mark
[325.269s][info][gc,marking  ] GC(624) Concurrent Mark From Roots
[325.269s][info][gc,task     ] GC(624) Using 1 workers of 1 for marking
[325.307s][info][gc,marking  ] GC(624) Concurrent Mark From Roots 38.184ms
[325.307s][info][gc,marking  ] GC(624) Concurrent Preclean
[325.307s][info][gc,marking  ] GC(624) Concurrent Preclean 0.036ms
[325.307s][info][gc,start    ] GC(624) Pause Remark
[325.324s][info][gc          ] GC(624) Pause Remark 179M->72M(256M) 16.862ms
[325.324s][info][gc,cpu      ] GC(624) User=0.03s Sys=0.00s Real=0.02s
[325.324s][info][gc,marking  ] GC(624) Concurrent Mark 55.351ms
[325.324s][info][gc,marking  ] GC(624) Concurrent Rebuild Remembered Sets and Scrub Regions
[325.343s][info][gc,marking  ] GC(624) Concurrent Rebuild Remembered Sets and Scrub Regions 19.545ms
[325.344s][info][gc,start    ] GC(624) Pause Cleanup
[325.344s][info][gc          ] GC(624) Pause Cleanup 75M->75M(256M) 0.051ms
[325.344s][info][gc,cpu      ] GC(624) User=0.00s Sys=0.00s Real=0.00s
[325.344s][info][gc,marking  ] GC(624) Concurrent Clear Claimed Marks
[325.344s][info][gc,marking  ] GC(624) Concurrent Clear Claimed Marks 0.039ms
[325.344s][info][gc,marking  ] GC(624) Concurrent Cleanup for Next Mark
[325.345s][info][gc,marking  ] GC(624) Concurrent Cleanup for Next Mark 0.774ms
[325.345s][info][gc          ] GC(624) Concurrent Mark Cycle 89.904ms
[325.794s][info][gc,start    ] GC(625) Pause Young (Prepare Mixed) (G1 Evacuation Pause)
[325.794s][info][gc,task     ] GC(625) Using 2 workers of 2 for evacuation
[325.808s][info][gc,phases   ] GC(625)   Pre Evacuate Collection Set: 0.16ms
[325.808s][info][gc,phases   ] GC(625)   Merge Heap Roots: 0.10ms
[325.808s][info][gc,phases   ] GC(625)   Evacuate Collection Set: 13.24ms
[325.808s][info][gc,phases   ] GC(625)   Post Evacuate Collection Set: 0.37ms
[325.808s][info][gc,phases   ] GC(625)   Other: 0.07ms
[325.808s][info][gc,heap     ] GC(625) Eden regions: 86->0(131)
[325.808s][info][gc,heap     ] GC(625) Survivor regions: 12->7(13)
[325.808s][info][gc,heap     ] GC(625) Old regions: 51->60
[325.808s][info][gc,heap     ] GC(625) Humongous regions: 1->1
[325.808s][info][gc,metaspace] GC(625) Metaspace: 42771K(43200K)->42771K(43200K) NonClass: 38418K(38720K)->38418K(38720K) Class: 4353K(4480K)->4353K(4480K)
[325.808s][info][gc          ] GC(625) Pause Young (Prepare Mixed) (G1 Evacuation Pause) 149M->66M(256M) 14.132ms
[325.808s][info][gc,cpu      ] GC(625) User=0.02s Sys=0.00s Real=0.01s
[326.628s][info][gc,start    ] GC(626) Pause Young (Mixed) (G1 Evacuation Pause)
[326.628s][info][gc,task     ] GC(626) Using 2 workers of 2 for evacuation
[326.654s][info][gc,phases   ] GC(626)   Pre Evacuate Collection Set: 0.16ms
[326.654s][info][gc,phases   ] GC(626)   Merge Heap Roots: 0.16ms
[326.654s][info][gc,phases   ] GC(626)   Evacuate Collection Set: 24.87ms
[326.654s][info][gc,phases   ] GC(626)   Post Evacuate Collection Set: 0.57ms
[326.654s][info][gc,phases   ] GC(626)   Other: 0.07ms
[326.654s][info][gc,heap     ] GC(626) Eden regions: 131->0(131)
[326.654s][info][gc,heap     ] GC(626) Survivor regions: 7->18(18)
[326.654s][info][gc,heap     ] GC(626) Old regions: 60->53
[326.654s][info][gc,heap     ] GC(626) Humongous regions: 1->1
[326.654s][info][gc,metaspace] GC(626) Metaspace: 42771K(43200K)->42771K(43200K) NonClass: 38418K(38720K)->38418K(38720K) Class: 4353K(4480K)->4353K(4480K)
[326.654s][info][gc          ] GC(626) Pause Young (Mixed) (G1 Evacuation Pause) 197M->71M(256M) 26.026ms
[326.654s][info][gc,cpu      ] GC(626) User=0.05s Sys=0.00s Real=0.03s
[327.399s][info][gc,start    ] GC(627) Pause Young (Concurrent Start) (G1 Evacuation Pause)
[327.399s][info][gc,task     ] GC(627) Using 2 workers of 2 for evacuation
[327.428s][info][gc,phases   ] GC(627)   Pre Evacuate Collection Set: 0.19ms
[327.428s][info][gc,phases   ] GC(627)   Merge Heap Roots: 0.09ms
[327.428s][info][gc,phases   ] GC(627)   Evacuate Collection Set: 28.23ms
[327.428s][info][gc,phases   ] GC(627)   Post Evacuate Collection Set: 0.41ms
[327.428s][info][gc,phases   ] GC(627)   Other: 0.12ms
[327.428s][info][gc,heap     ] GC(627) Eden regions: 131->0(125)
[327.428s][info][gc,heap     ] GC(627) Survivor regions: 18->13(19)
[327.428s][info][gc,heap     ] GC(627) Old regions: 53->71
[327.428s][info][gc,heap     ] GC(627) Humongous regions: 1->1
[327.429s][info][gc,metaspace] GC(627) Metaspace: 42771K(43200K)->42771K(43200K) NonClass: 38418K(38720K)->38418K(38720K) Class: 4353K(4480K)->4353K(4480K)
[327.429s][info][gc          ] GC(627) Pause Young (Concurrent Start) (G1 Evacuation Pause) 202M->84M(256M) 29.289ms
[327.429s][info][gc,cpu      ] GC(627) User=0.06s Sys=0.00s Real=0.03s
[327.429s][info][gc          ] GC(628) Concurrent Mark Cycle
[327.429s][info][gc,marking  ] GC(628) Concurrent Scan Root Regions
[327.449s][info][gc,marking  ] GC(628) Concurrent Scan Root Regions 20.091ms
[327.449s][info][gc,marking  ] GC(628) Concurrent Mark
[327.449s][info][gc,marking  ] GC(628) Concurrent Mark From Roots
[327.449s][info][gc,task     ] GC(628) Using 1 workers of 1 for marking
[327.495s][info][gc,marking  ] GC(628) Concurrent Mark From Roots 45.706ms
[327.495s][info][gc,marking  ] GC(628) Concurrent Preclean
[327.495s][info][gc,marking  ] GC(628) Concurrent Preclean 0.035ms
[327.495s][info][gc,start    ] GC(628) Pause Remark
[327.512s][info][gc          ] GC(628) Pause Remark 95M->94M(256M) 16.962ms
[327.512s][info][gc,cpu      ] GC(628) User=0.03s Sys=0.00s Real=0.02s
[327.512s][info][gc,marking  ] GC(628) Concurrent Mark 62.967ms
[327.512s][info][gc,marking  ] GC(628) Concurrent Rebuild Remembered Sets and Scrub Regions
[327.544s][info][gc,marking  ] GC(628) Concurrent Rebuild Remembered Sets and Scrub Regions 32.169ms
[327.544s][info][gc,start    ] GC(628) Pause Cleanup
[327.544s][info][gc          ] GC(628) Pause Cleanup 99M->99M(256M) 0.049ms
[327.544s][info][gc,cpu      ] GC(628) User=0.00s Sys=0.00s Real=0.00s
[327.544s][info][gc,marking  ] GC(628) Concurrent Clear Claimed Marks
[327.544s][info][gc,marking  ] GC(628) Concurrent Clear Claimed Marks 0.049ms
[327.544s][info][gc,marking  ] GC(628) Concurrent Cleanup for Next Mark
[327.545s][info][gc,marking  ] GC(628) Concurrent Cleanup for Next Mark 0.733ms
[327.545s][info][gc          ] GC(628) Concurrent Mark Cycle 116.379ms
[328.234s][info][gc,start    ] GC(629) Pause Young (Prepare Mixed) (G1 Evacuation Pause)
[328.234s][info][gc,task     ] GC(629) Using 2 workers of 2 for evacuation
[328.255s][info][gc,phases   ] GC(629)   Pre Evacuate Collection Set: 0.16ms
[328.255s][info][gc,phases   ] GC(629)   Merge Heap Roots: 0.07ms
[328.255s][info][gc,phases   ] GC(629)   Evacuate Collection Set: 20.27ms
[328.255s][info][gc,phases   ] GC(629)   Post Evacuate Collection Set: 0.42ms
[328.255s][info][gc,phases   ] GC(629)   Other: 0.07ms
[328.255s][info][gc,heap     ] GC(629) Eden regions: 125->0(119)
[328.255s][info][gc,heap     ] GC(629) Survivor regions: 13->13(18)
[328.255s][info][gc,heap     ] GC(629) Old regions: 70->81
[328.255s][info][gc,heap     ] GC(629) Humongous regions: 2->2
[328.255s][info][gc,metaspace] GC(629) Metaspace: 42772K(43200K)->42772K(43200K) NonClass: 38418K(38720K)->38418K(38720K) Class: 4353K(4480K)->4353K(4480K)
[328.255s][info][gc          ] GC(629) Pause Young (Prepare Mixed) (G1 Evacuation Pause) 209M->94M(256M) 21.197ms
[328.255s][info][gc,cpu      ] GC(629) User=0.04s Sys=0.00s Real=0.02s
[328.977s][info][gc,start    ] GC(630) Pause Young (Mixed) (G1 Evacuation Pause)
[328.978s][info][gc,task     ] GC(630) Using 2 workers of 2 for evacuation
[329.007s][info][gc,phases   ] GC(630)   Pre Evacuate Collection Set: 0.16ms
[329.007s][info][gc,phases   ] GC(630)   Merge Heap Roots: 0.18ms
[329.007s][info][gc,phases   ] GC(630)   Evacuate Collection Set: 28.79ms
[329.007s][info][gc,phases   ] GC(630)   Post Evacuate Collection Set: 0.40ms
[329.007s][info][gc,phases   ] GC(630)   Other: 0.07ms
[329.007s][info][gc,heap     ] GC(630) Eden regions: 119->0(119)
[329.007s][info][gc,heap     ] GC(630) Survivor regions: 13->12(17)
[329.007s][info][gc,heap     ] GC(630) Old regions: 81->85
[329.007s][info][gc,heap     ] GC(630) Humongous regions: 2->2
[329.007s][info][gc,metaspace] GC(630) Metaspace: 42772K(43200K)->42772K(43200K) NonClass: 38418K(38720K)->38418K(38720K) Class: 4353K(4480K)->4353K(4480K)
[329.007s][info][gc          ] GC(630) Pause Young (Mixed) (G1 Evacuation Pause) 213M->98M(256M) 29.843ms
[329.007s][info][gc,cpu      ] GC(630) User=0.06s Sys=0.00s Real=0.03s
[329.570s][info][gc,start    ] GC(631) Pause Young (Concurrent Start) (G1 Humongous Allocation)
[329.570s][info][gc,task     ] GC(631) Using 2 workers of 2 for evacuation
[329.593s][info][gc,phases   ] GC(631)   Pre Evacuate Collection Set: 0.18ms
[329.593s][info][gc,phases   ] GC(631)   Merge Heap Roots: 0.07ms
[329.593s][info][gc,phases   ] GC(631)   Evacuate Collection Set: 21.41ms
[329.593s][info][gc,phases   ] GC(631)   Post Evacuate Collection Set: 0.53ms
[329.593s][info][gc,phases   ] GC(631)   Other: 0.12ms
[329.593s][info][gc,heap     ] GC(631) Eden regions: 106->0(108)
[329.593s][info][gc,heap     ] GC(631) Survivor regions: 12->13(17)
[329.593s][info][gc,heap     ] GC(631) Old regions: 85->97
[329.593s][info][gc,heap     ] GC(631) Humongous regions: 2->2
[329.593s][info][gc,metaspace] GC(631) Metaspace: 42772K(43200K)->42772K(43200K) NonClass: 38419K(38720K)->38419K(38720K) Class: 4353K(4480K)->4353K(4480K)
[329.593s][info][gc          ] GC(631) Pause Young (Concurrent Start) (G1 Humongous Allocation) 204M->111M(256M) 22.499ms
[329.593s][info][gc,cpu      ] GC(631) User=0.05s Sys=0.00s Real=0.03s
[329.593s][info][gc          ] GC(632) Concurrent Mark Cycle
[329.593s][info][gc,marking  ] GC(632) Concurrent Scan Root Regions
[329.613s][info][gc,marking  ] GC(632) Concurrent Scan Root Regions 19.979ms
[329.613s][info][gc,marking  ] GC(632) Concurrent Mark
[329.613s][info][gc,marking  ] GC(632) Concurrent Mark From Roots
[329.613s][info][gc,task     ] GC(632) Using 1 workers of 1 for marking
[329.660s][info][gc,marking  ] GC(632) Concurrent Mark From Roots 46.930ms
[329.660s][info][gc,marking  ] GC(632) Concurrent Preclean
[329.660s][info][gc,marking  ] GC(632) Concurrent Preclean 0.034ms
[329.660s][info][gc,start    ] GC(632) Pause Remark
[329.677s][info][gc          ] GC(632) Pause Remark 126M->105M(256M) 16.664ms
[329.677s][info][gc,cpu      ] GC(632) User=0.03s Sys=0.00s Real=0.02s
[329.677s][info][gc,marking  ] GC(632) Concurrent Mark 63.941ms
[329.677s][info][gc,marking  ] GC(632) Concurrent Rebuild Remembered Sets and Scrub Regions
[329.700s][info][gc,marking  ] GC(632) Concurrent Rebuild Remembered Sets and Scrub Regions 23.601ms
[329.701s][info][gc,start    ] GC(632) Pause Cleanup
[329.701s][info][gc          ] GC(632) Pause Cleanup 109M->109M(256M) 0.050ms
[329.701s][info][gc,cpu      ] GC(632) User=0.00s Sys=0.00s Real=0.00s
[329.701s][info][gc,marking  ] GC(632) Concurrent Clear Claimed Marks
[329.701s][info][gc,marking  ] GC(632) Concurrent Clear Claimed Marks 0.038ms
[329.701s][info][gc,marking  ] GC(632) Concurrent Cleanup for Next Mark
[329.701s][info][gc,marking  ] GC(632) Concurrent Cleanup for Next Mark 0.743ms
[329.701s][info][gc          ] GC(632) Concurrent Mark Cycle 108.624ms
[330.104s][info][gc,start    ] GC(633) Pause Young (Prepare Mixed) (G1 Evacuation Pause)
[330.104s][info][gc,task     ] GC(633) Using 2 workers of 2 for evacuation
[330.110s][info][gc,phases   ] GC(633)   Pre Evacuate Collection Set: 0.17ms
[330.110s][info][gc,phases   ] GC(633)   Merge Heap Roots: 0.07ms
[330.110s][info][gc,phases   ] GC(633)   Evacuate Collection Set: 5.04ms
[330.110s][info][gc,phases   ] GC(633)   Post Evacuate Collection Set: 0.36ms
[330.110s][info][gc,phases   ] GC(633)   Other: 0.09ms
[330.110s][info][gc,heap     ] GC(633) Eden regions: 108->0(132)
[330.110s][info][gc,heap     ] GC(633) Survivor regions: 13->2(16)
[330.110s][info][gc,heap     ] GC(633) Old regions: 77->83
[330.110s][info][gc,heap     ] GC(633) Humongous regions: 9->3
[330.110s][info][gc,metaspace] GC(633) Metaspace: 42772K(43200K)->42772K(43200K) NonClass: 38419K(38720K)->38419K(38720K) Class: 4353K(4480K)->4353K(4480K)
[330.110s][info][gc          ] GC(633) Pause Young (Prepare Mixed) (G1 Evacuation Pause) 206M->87M(256M) 5.932ms
[330.110s][info][gc,cpu      ] GC(633) User=0.01s Sys=0.00s Real=0.00s
[330.765s][info][gc,start    ] GC(634) Pause Young (Mixed) (G1 Evacuation Pause)
[330.765s][info][gc,task     ] GC(634) Using 2 workers of 2 for evacuation
[330.777s][info][gc,phases   ] GC(634)   Pre Evacuate Collection Set: 0.16ms
[330.777s][info][gc,phases   ] GC(634)   Merge Heap Roots: 0.08ms
[330.777s][info][gc,phases   ] GC(634)   Evacuate Collection Set: 11.38ms
[330.777s][info][gc,phases   ] GC(634)   Post Evacuate Collection Set: 0.43ms
[330.777s][info][gc,phases   ] GC(634)   Other: 0.07ms
[330.777s][info][gc,heap     ] GC(634) Eden regions: 132->0(141)
[330.777s][info][gc,heap     ] GC(634) Survivor regions: 2->12(17)
[330.777s][info][gc,heap     ] GC(634) Old regions: 83->58
[330.777s][info][gc,heap     ] GC(634) Humongous regions: 16->3
[330.777s][info][gc,metaspace] GC(634) Metaspace: 42772K(43200K)->42772K(43200K) NonClass: 38419K(38720K)->38419K(38720K) Class: 4353K(4480K)->4353K(4480K)
[330.777s][info][gc          ] GC(634) Pause Young (Mixed) (G1 Evacuation Pause) 232M->72M(256M) 12.310ms
[330.777s][info][gc,cpu      ] GC(634) User=0.03s Sys=0.00s Real=0.01s
[331.388s][info][gc,start    ] GC(635) Pause Young (Mixed) (G1 Evacuation Pause)
[331.389s][info][gc,task     ] GC(635) Using 2 workers of 2 for evacuation
[331.401s][info][gc,phases   ] GC(635)   Pre Evacuate Collection Set: 0.16ms
[331.401s][info][gc,phases   ] GC(635)   Merge Heap Roots: 0.12ms
[331.401s][info][gc,phases   ] GC(635)   Evacuate Collection Set: 11.67ms
[331.401s][info][gc,phases   ] GC(635)   Post Evacuate Collection Set: 0.54ms
[331.401s][info][gc,phases   ] GC(635)   Other: 0.07ms
[331.401s][info][gc,heap     ] GC(635) Eden regions: 141->0(145)
[331.401s][info][gc,heap     ] GC(635) Survivor regions: 12->8(20)
[331.401s][info][gc,heap     ] GC(635) Old regions: 58->55
[331.401s][info][gc,heap     ] GC(635) Humongous regions: 10->3
[331.401s][info][gc,metaspace] GC(635) Metaspace: 42772K(43200K)->42772K(43200K) NonClass: 38419K(38720K)->38419K(38720K) Class: 4353K(4480K)->4353K(4480K)
[331.401s][info][gc          ] GC(635) Pause Young (Mixed) (G1 Evacuation Pause) 220M->65M(256M) 12.751ms
[331.401s][info][gc,cpu      ] GC(635) User=0.02s Sys=0.00s Real=0.02s
[331.528s][info][gc,start    ] GC(636) Pause Young (Concurrent Start) (G1 Humongous Allocation)
[331.528s][info][gc,task     ] GC(636) Using 2 workers of 2 for evacuation
[331.531s][info][gc,phases   ] GC(636)   Pre Evacuate Collection Set: 0.18ms
[331.531s][info][gc,phases   ] GC(636)   Merge Heap Roots: 0.04ms
[331.531s][info][gc,phases   ] GC(636)   Evacuate Collection Set: 2.61ms
[331.531s][info][gc,phases   ] GC(636)   Post Evacuate Collection Set: 0.41ms
[331.531s][info][gc,phases   ] GC(636)   Other: 0.10ms
[331.531s][info][gc,heap     ] GC(636) Eden regions: 29->0(151)
[331.531s][info][gc,heap     ] GC(636) Survivor regions: 8->2(20)
[331.531s][info][gc,heap     ] GC(636) Old regions: 55->55
[331.531s][info][gc,heap     ] GC(636) Humongous regions: 3->1
[331.531s][info][gc,metaspace] GC(636) Metaspace: 42772K(43200K)->42772K(43200K) NonClass: 38419K(38720K)->38419K(38720K) Class: 4353K(4480K)->4353K(4480K)
[331.531s][info][gc          ] GC(636) Pause Young (Concurrent Start) (G1 Humongous Allocation) 94M->57M(256M) 3.502ms
[331.531s][info][gc,cpu      ] GC(636) User=0.00s Sys=0.01s Real=0.01s
[331.531s][info][gc          ] GC(637) Concurrent Mark Cycle
[331.531s][info][gc,marking  ] GC(637) Concurrent Scan Root Regions
[331.537s][info][gc,marking  ] GC(637) Concurrent Scan Root Regions 5.732ms
[331.537s][info][gc,marking  ] GC(637) Concurrent Mark
[331.537s][info][gc,marking  ] GC(637) Concurrent Mark From Roots
[331.537s][info][gc,task     ] GC(637) Using 1 workers of 1 for marking
[331.591s][info][gc,marking  ] GC(637) Concurrent Mark From Roots 54.126ms
[331.591s][info][gc,marking  ] GC(637) Concurrent Preclean
[331.591s][info][gc,marking  ] GC(637) Concurrent Preclean 0.045ms
[331.591s][info][gc,start    ] GC(637) Pause Remark
[331.608s][info][gc          ] GC(637) Pause Remark 70M->68M(256M) 16.669ms
[331.608s][info][gc,cpu      ] GC(637) User=0.03s Sys=0.00s Real=0.01s
[331.608s][info][gc,marking  ] GC(637) Concurrent Mark 71.072ms
[331.608s][info][gc,marking  ] GC(637) Concurrent Rebuild Remembered Sets and Scrub Regions
[331.627s][info][gc,marking  ] GC(637) Concurrent Rebuild Remembered Sets and Scrub Regions 18.229ms
[331.627s][info][gc,start    ] GC(637) Pause Cleanup
[331.627s][info][gc          ] GC(637) Pause Cleanup 68M->68M(256M) 0.039ms
[331.627s][info][gc,cpu      ] GC(637) User=0.00s Sys=0.00s Real=0.00s
[331.627s][info][gc,marking  ] GC(637) Concurrent Clear Claimed Marks
[331.627s][info][gc,marking  ] GC(637) Concurrent Clear Claimed Marks 0.036ms
[331.627s][info][gc,marking  ] GC(637) Concurrent Cleanup for Next Mark
[331.628s][info][gc,marking  ] GC(637) Concurrent Cleanup for Next Mark 0.785ms
[331.628s][info][gc          ] GC(637) Concurrent Mark Cycle 96.076ms
[332.363s][info][gc,start    ] GC(638) Pause Young (Prepare Mixed) (G1 Evacuation Pause)
[332.363s][info][gc,task     ] GC(638) Using 2 workers of 2 for evacuation
[332.385s][info][gc,phases   ] GC(638)   Pre Evacuate Collection Set: 0.16ms
[332.385s][info][gc,phases   ] GC(638)   Merge Heap Roots: 0.06ms
[332.385s][info][gc,phases   ] GC(638)   Evacuate Collection Set: 20.64ms
[332.385s][info][gc,phases   ] GC(638)   Post Evacuate Collection Set: 0.43ms
[332.385s][info][gc,phases   ] GC(638)   Other: 0.07ms
[332.385s][info][gc,heap     ] GC(638) Eden regions: 151->0(133)
[332.385s][info][gc,heap     ] GC(638) Survivor regions: 2->20(20)
[332.385s][info][gc,heap     ] GC(638) Old regions: 53->53
[332.385s][info][gc,heap     ] GC(638) Humongous regions: 5->3
[332.385s][info][gc,metaspace] GC(638) Metaspace: 42772K(43200K)->42772K(43200K) NonClass: 38419K(38720K)->38419K(38720K) Class: 4353K(4480K)->4353K(4480K)
[332.385s][info][gc          ] GC(638) Pause Young (Prepare Mixed) (G1 Evacuation Pause) 210M->75M(256M) 21.546ms
[332.385s][info][gc,cpu      ] GC(638) User=0.04s Sys=0.00s Real=0.02s
[332.925s][info][gc,start    ] GC(639) Pause Young (Mixed) (G1 Evacuation Pause)
[332.925s][info][gc,task     ] GC(639) Using 2 workers of 2 for evacuation
[332.932s][info][gc,phases   ] GC(639)   Pre Evacuate Collection Set: 0.16ms
[332.932s][info][gc,phases   ] GC(639)   Merge Heap Roots: 0.11ms
[332.932s][info][gc,phases   ] GC(639)   Evacuate Collection Set: 6.12ms
[332.932s][info][gc,phases   ] GC(639)   Post Evacuate Collection Set: 0.43ms
[332.932s][info][gc,phases   ] GC(639)   Other: 0.10ms
[332.932s][info][gc,heap     ] GC(639) Eden regions: 133->0(150)
[332.932s][info][gc,heap     ] GC(639) Survivor regions: 20->3(20)
[332.932s][info][gc,heap     ] GC(639) Old regions: 53->43
[332.932s][info][gc,heap     ] GC(639) Humongous regions: 15->3
[332.932s][info][gc,metaspace] GC(639) Metaspace: 42772K(43200K)->42772K(43200K) NonClass: 38419K(38720K)->38419K(38720K) Class: 4353K(4480K)->4353K(4480K)
[332.932s][info][gc          ] GC(639) Pause Young (Mixed) (G1 Evacuation Pause) 220M->48M(256M) 7.093ms
[332.932s][info][gc,cpu      ] GC(639) User=0.01s Sys=0.00s Real=0.01s
[332.963s][info][gc,start    ] GC(640) Pause Young (Concurrent Start) (G1 Humongous Allocation)
[332.963s][info][gc,task     ] GC(640) Using 2 workers of 2 for evacuation
[332.964s][info][gc,phases   ] GC(640)   Pre Evacuate Collection Set: 0.16ms
[332.964s][info][gc,phases   ] GC(640)   Merge Heap Roots: 0.04ms
[332.965s][info][gc,phases   ] GC(640)   Evacuate Collection Set: 1.31ms
[332.965s][info][gc,phases   ] GC(640)   Post Evacuate Collection Set: 0.28ms
[332.965s][info][gc,phases   ] GC(640)   Other: 0.10ms
[332.965s][info][gc,heap     ] GC(640) Eden regions: 7->0(151)
[332.965s][info][gc,heap     ] GC(640) Survivor regions: 3->2(20)
[332.965s][info][gc,heap     ] GC(640) Old regions: 43->43
[332.965s][info][gc,heap     ] GC(640) Humongous regions: 3->1
[332.965s][info][gc,metaspace] GC(640) Metaspace: 42772K(43200K)->42772K(43200K) NonClass: 38419K(38720K)->38419K(38720K) Class: 4353K(4480K)->4353K(4480K)
[332.965s][info][gc          ] GC(640) Pause Young (Concurrent Start) (G1 Humongous Allocation) 55M->45M(256M) 2.064ms
[332.965s][info][gc,cpu      ] GC(640) User=0.01s Sys=0.00s Real=0.00s
[332.965s][info][gc          ] GC(641) Concurrent Mark Cycle
[332.965s][info][gc,marking  ] GC(641) Concurrent Scan Root Regions
[332.966s][info][gc,marking  ] GC(641) Concurrent Scan Root Regions 1.538ms
[332.966s][info][gc,marking  ] GC(641) Concurrent Mark
[332.966s][info][gc,marking  ] GC(641) Concurrent Mark From Roots
[332.966s][info][gc,task     ] GC(641) Using 1 workers of 1 for marking
[333.016s][info][gc,marking  ] GC(641) Concurrent Mark From Roots 49.742ms
[333.016s][info][gc,marking  ] GC(641) Concurrent Preclean
[333.016s][info][gc,marking  ] GC(641) Concurrent Preclean 0.036ms
[333.016s][info][gc,start    ] GC(641) Pause Remark
[333.033s][info][gc          ] GC(641) Pause Remark 58M->58M(256M) 16.670ms
[333.033s][info][gc,cpu      ] GC(641) User=0.03s Sys=0.00s Real=0.02s
[333.033s][info][gc,marking  ] GC(641) Concurrent Mark 66.722ms
[333.033s][info][gc,marking  ] GC(641) Concurrent Rebuild Remembered Sets and Scrub Regions
[333.053s][info][gc,marking  ] GC(641) Concurrent Rebuild Remembered Sets and Scrub Regions 20.243ms
[333.053s][info][gc,start    ] GC(641) Pause Cleanup
[333.053s][info][gc          ] GC(641) Pause Cleanup 62M->62M(256M) 0.042ms
[333.053s][info][gc,cpu      ] GC(641) User=0.00s Sys=0.00s Real=0.00s
[333.053s][info][gc,marking  ] GC(641) Concurrent Clear Claimed Marks
[333.053s][info][gc,marking  ] GC(641) Concurrent Clear Claimed Marks 0.036ms
[333.053s][info][gc,marking  ] GC(641) Concurrent Cleanup for Next Mark
[333.054s][info][gc,marking  ] GC(641) Concurrent Cleanup for Next Mark 0.749ms
[333.054s][info][gc          ] GC(641) Concurrent Mark Cycle 89.636ms
[333.594s][info][gc,start    ] GC(642) Pause Young (Prepare Mixed) (G1 Evacuation Pause)
[333.594s][info][gc,task     ] GC(642) Using 2 workers of 2 for evacuation
[333.604s][info][gc,phases   ] GC(642)   Pre Evacuate Collection Set: 0.17ms
[333.604s][info][gc,phases   ] GC(642)   Merge Heap Roots: 0.07ms
[333.604s][info][gc,phases   ] GC(642)   Evacuate Collection Set: 8.28ms
[333.604s][info][gc,phases   ] GC(642)   Post Evacuate Collection Set: 0.55ms
[333.604s][info][gc,phases   ] GC(642)   Other: 0.07ms
[333.604s][info][gc,heap     ] GC(642) Eden regions: 151->0(145)
[333.604s][info][gc,heap     ] GC(642) Survivor regions: 2->8(20)
[333.604s][info][gc,heap     ] GC(642) Old regions: 43->43
[333.604s][info][gc,heap     ] GC(642) Humongous regions: 13->3
[333.604s][info][gc,metaspace] GC(642) Metaspace: 42773K(43200K)->42773K(43200K) NonClass: 38420K(38720K)->38420K(38720K) Class: 4353K(4480K)->4353K(4480K)
[333.604s][info][gc          ] GC(642) Pause Young (Prepare Mixed) (G1 Evacuation Pause) 208M->53M(256M) 9.314ms
[333.604s][info][gc,cpu      ] GC(642) User=0.02s Sys=0.00s Real=0.01s
[334.333s][info][gc,start    ] GC(643) Pause Young (Mixed) (G1 Evacuation Pause)
[334.334s][info][gc,task     ] GC(643) Using 2 workers of 2 for evacuation
[334.345s][info][gc,phases   ] GC(643)   Pre Evacuate Collection Set: 0.17ms
[334.345s][info][gc,phases   ] GC(643)   Merge Heap Roots: 0.12ms
[334.345s][info][gc,phases   ] GC(643)   Evacuate Collection Set: 10.35ms
[334.345s][info][gc,phases   ] GC(643)   Post Evacuate Collection Set: 1.05ms
[334.345s][info][gc,phases   ] GC(643)   Other: 0.07ms
[334.345s][info][gc,heap     ] GC(643) Eden regions: 145->0(148)
[334.345s][info][gc,heap     ] GC(643) Survivor regions: 8->5(20)
[334.345s][info][gc,heap     ] GC(643) Old regions: 43->40
[334.345s][info][gc,heap     ] GC(643) Humongous regions: 17->3
[334.345s][info][gc,metaspace] GC(643) Metaspace: 42773K(43200K)->42773K(43200K) NonClass: 38420K(38720K)->38420K(38720K) Class: 4353K(4480K)->4353K(4480K)
[334.345s][info][gc          ] GC(643) Pause Young (Mixed) (G1 Evacuation Pause) 212M->47M(256M) 11.944ms
[334.345s][info][gc,cpu      ] GC(643) User=0.02s Sys=0.00s Real=0.01s
[334.917s][info][gc,start    ] GC(644) Pause Young (Concurrent Start) (G1 Evacuation Pause)
[334.917s][info][gc,task     ] GC(644) Using 2 workers of 2 for evacuation
[334.940s][info][gc,phases   ] GC(644)   Pre Evacuate Collection Set: 0.19ms
[334.940s][info][gc,phases   ] GC(644)   Merge Heap Roots: 0.07ms
[334.940s][info][gc,phases   ] GC(644)   Evacuate Collection Set: 22.23ms
[334.940s][info][gc,phases   ] GC(644)   Post Evacuate Collection Set: 0.44ms
[334.940s][info][gc,phases   ] GC(644)   Other: 0.12ms
[334.940s][info][gc,heap     ] GC(644) Eden regions: 148->0(133)
[334.940s][info][gc,heap     ] GC(644) Survivor regions: 5->20(20)
[334.940s][info][gc,heap     ] GC(644) Old regions: 40->44
[334.940s][info][gc,heap     ] GC(644) Humongous regions: 3->3
[334.940s][info][gc,metaspace] GC(644) Metaspace: 42773K(43200K)->42773K(43200K) NonClass: 38420K(38720K)->38420K(38720K) Class: 4353K(4480K)->4353K(4480K)
[334.940s][info][gc          ] GC(644) Pause Young (Concurrent Start) (G1 Evacuation Pause) 195M->67M(256M) 23.235ms
[334.940s][info][gc,cpu      ] GC(644) User=0.05s Sys=0.00s Real=0.02s
[334.940s][info][gc          ] GC(645) Concurrent Mark Cycle
[334.940s][info][gc,marking  ] GC(645) Concurrent Scan Root Regions
[334.956s][info][gc,marking  ] GC(645) Concurrent Scan Root Regions 16.353ms
[334.957s][info][gc,marking  ] GC(645) Concurrent Mark
[334.957s][info][gc,marking  ] GC(645) Concurrent Mark From Roots
[334.957s][info][gc,task     ] GC(645) Using 1 workers of 1 for marking
[335.019s][info][gc,marking  ] GC(645) Concurrent Mark From Roots 62.213ms
[335.019s][info][gc,marking  ] GC(645) Concurrent Preclean
[335.019s][info][gc,marking  ] GC(645) Concurrent Preclean 0.036ms
[335.019s][info][gc,start    ] GC(645) Pause Remark
[335.036s][info][gc          ] GC(645) Pause Remark 81M->81M(256M) 16.595ms
[335.036s][info][gc,cpu      ] GC(645) User=0.03s Sys=0.00s Real=0.02s
[335.036s][info][gc,marking  ] GC(645) Concurrent Mark 79.116ms
[335.036s][info][gc,marking  ] GC(645) Concurrent Rebuild Remembered Sets and Scrub Regions
[335.067s][info][gc,marking  ] GC(645) Concurrent Rebuild Remembered Sets and Scrub Regions 31.545ms
[335.067s][info][gc,start    ] GC(645) Pause Cleanup
[335.067s][info][gc          ] GC(645) Pause Cleanup 86M->86M(256M) 0.042ms
[335.067s][info][gc,cpu      ] GC(645) User=0.00s Sys=0.00s Real=0.00s
[335.067s][info][gc,marking  ] GC(645) Concurrent Clear Claimed Marks
[335.067s][info][gc,marking  ] GC(645) Concurrent Clear Claimed Marks 0.038ms
[335.067s][info][gc,marking  ] GC(645) Concurrent Cleanup for Next Mark
[335.069s][info][gc,marking  ] GC(645) Concurrent Cleanup for Next Mark 1.022ms
[335.069s][info][gc          ] GC(645) Concurrent Mark Cycle 128.456ms
[335.595s][info][gc,start    ] GC(646) Pause Young (Prepare Mixed) (G1 Evacuation Pause)
[335.595s][info][gc,task     ] GC(646) Using 2 workers of 2 for evacuation
[335.628s][info][gc,phases   ] GC(646)   Pre Evacuate Collection Set: 0.20ms
[335.628s][info][gc,phases   ] GC(646)   Merge Heap Roots: 0.19ms
[335.628s][info][gc,phases   ] GC(646)   Evacuate Collection Set: 31.79ms
[335.628s][info][gc,phases   ] GC(646)   Post Evacuate Collection Set: 0.47ms
[335.628s][info][gc,phases   ] GC(646)   Other: 0.07ms
[335.628s][info][gc,heap     ] GC(646) Eden regions: 133->0(136)
[335.628s][info][gc,heap     ] GC(646) Survivor regions: 20->17(20)
[335.628s][info][gc,heap     ] GC(646) Old regions: 44->55
[335.628s][info][gc,heap     ] GC(646) Humongous regions: 3->3
[335.628s][info][gc,metaspace] GC(646) Metaspace: 42773K(43200K)->42773K(43200K) NonClass: 38420K(38720K)->38420K(38720K) Class: 4353K(4480K)->4353K(4480K)
[335.628s][info][gc          ] GC(646) Pause Young (Prepare Mixed) (G1 Evacuation Pause) 200M->74M(256M) 32.897ms
[335.628s][info][gc,cpu      ] GC(646) User=0.06s Sys=0.00s Real=0.03s
[336.167s][info][gc,start    ] GC(647) Pause Young (Mixed) (G1 Evacuation Pause)
[336.167s][info][gc,task     ] GC(647) Using 2 workers of 2 for evacuation
[336.203s][info][gc,phases   ] GC(647)   Pre Evacuate Collection Set: 0.24ms
[336.203s][info][gc,phases   ] GC(647)   Merge Heap Roots: 0.17ms
[336.203s][info][gc,phases   ] GC(647)   Evacuate Collection Set: 34.70ms
[336.203s][info][gc,phases   ] GC(647)   Post Evacuate Collection Set: 0.52ms
[336.203s][info][gc,phases   ] GC(647)   Other: 0.07ms
[336.203s][info][gc,heap     ] GC(647) Eden regions: 136->0(130)
[336.203s][info][gc,heap     ] GC(647) Survivor regions: 17->13(20)
[336.203s][info][gc,heap     ] GC(647) Old regions: 55->70
[336.203s][info][gc,heap     ] GC(647) Humongous regions: 7->3
[336.203s][info][gc,metaspace] GC(647) Metaspace: 42773K(43200K)->42773K(43200K) NonClass: 38420K(38720K)->38420K(38720K) Class: 4353K(4480K)->4353K(4480K)
[336.203s][info][gc          ] GC(647) Pause Young (Mixed) (G1 Evacuation Pause) 214M->85M(256M) 35.927ms
[336.203s][info][gc,cpu      ] GC(647) User=0.07s Sys=0.00s Real=0.04s
[336.267s][info][gc,start    ] GC(648) Pause Young (Concurrent Start) (G1 Humongous Allocation)
[336.267s][info][gc,task     ] GC(648) Using 2 workers of 2 for evacuation
[336.272s][info][gc,phases   ] GC(648)   Pre Evacuate Collection Set: 0.17ms
[336.272s][info][gc,phases   ] GC(648)   Merge Heap Roots: 0.05ms
[336.272s][info][gc,phases   ] GC(648)   Evacuate Collection Set: 4.13ms
[336.272s][info][gc,phases   ] GC(648)   Post Evacuate Collection Set: 0.30ms
[336.272s][info][gc,phases   ] GC(648)   Other: 0.08ms
[336.272s][info][gc,heap     ] GC(648) Eden regions: 16->0(144)
[336.272s][info][gc,heap     ] GC(648) Survivor regions: 13->1(18)
[336.272s][info][gc,heap     ] GC(648) Old regions: 70->74
[336.272s][info][gc,heap     ] GC(648) Humongous regions: 3->1
[336.272s][info][gc,metaspace] GC(648) Metaspace: 42773K(43200K)->42773K(43200K) NonClass: 38420K(38720K)->38420K(38720K) Class: 4353K(4480K)->4353K(4480K)
[336.272s][info][gc          ] GC(648) Pause Young (Concurrent Start) (G1 Humongous Allocation) 101M->75M(256M) 4.884ms
[336.272s][info][gc          ] GC(649) Concurrent Mark Cycle
[336.272s][info][gc,marking  ] GC(649) Concurrent Scan Root Regions
[336.272s][info][gc,cpu      ] GC(648) User=0.01s Sys=0.00s Real=0.01s
[336.279s][info][gc,marking  ] GC(649) Concurrent Scan Root Regions 7.814ms
[336.279s][info][gc,marking  ] GC(649) Concurrent Mark
[336.280s][info][gc,marking  ] GC(649) Concurrent Mark From Roots
[336.280s][info][gc,task     ] GC(649) Using 1 workers of 1 for marking
[336.366s][info][gc,marking  ] GC(649) Concurrent Mark From Roots 86.863ms
[336.366s][info][gc,marking  ] GC(649) Concurrent Preclean
[336.366s][info][gc,marking  ] GC(649) Concurrent Preclean 0.045ms
[336.367s][info][gc,start    ] GC(649) Pause Remark
[336.383s][info][gc          ] GC(649) Pause Remark 94M->94M(256M) 16.571ms
[336.383s][info][gc,cpu      ] GC(649) User=0.04s Sys=0.00s Real=0.02s
[336.384s][info][gc,marking  ] GC(649) Concurrent Mark 104.697ms
[336.384s][info][gc,marking  ] GC(649) Concurrent Rebuild Remembered Sets and Scrub Regions
[336.468s][info][gc,marking  ] GC(649) Concurrent Rebuild Remembered Sets and Scrub Regions 83.658ms
[336.468s][info][gc,start    ] GC(649) Pause Cleanup
[336.468s][info][gc          ] GC(649) Pause Cleanup 115M->115M(256M) 0.066ms
[336.468s][info][gc,cpu      ] GC(649) User=0.00s Sys=0.00s Real=0.00s
[336.468s][info][gc,marking  ] GC(649) Concurrent Clear Claimed Marks
[336.468s][info][gc,marking  ] GC(649) Concurrent Clear Claimed Marks 0.047ms
[336.468s][info][gc,marking  ] GC(649) Concurrent Cleanup for Next Mark
[336.469s][info][gc,marking  ] GC(649) Concurrent Cleanup for Next Mark 0.771ms
[336.469s][info][gc          ] GC(649) Concurrent Mark Cycle 197.284ms
[336.965s][info][gc,start    ] GC(650) Pause Young (Prepare Mixed) (G1 Evacuation Pause)
[336.965s][info][gc,task     ] GC(650) Using 2 workers of 2 for evacuation
[336.972s][info][gc,phases   ] GC(650)   Pre Evacuate Collection Set: 0.17ms
[336.972s][info][gc,phases   ] GC(650)   Merge Heap Roots: 0.07ms
[336.972s][info][gc,phases   ] GC(650)   Evacuate Collection Set: 6.02ms
[336.972s][info][gc,phases   ] GC(650)   Post Evacuate Collection Set: 0.41ms
[336.972s][info][gc,phases   ] GC(650)   Other: 0.07ms
[336.972s][info][gc,heap     ] GC(650) Eden regions: 144->0(142)
[336.972s][info][gc,heap     ] GC(650) Survivor regions: 1->6(19)
[336.972s][info][gc,heap     ] GC(650) Old regions: 74->74
[336.972s][info][gc,heap     ] GC(650) Humongous regions: 11->3
[336.972s][info][gc,metaspace] GC(650) Metaspace: 42773K(43200K)->42773K(43200K) NonClass: 38420K(38720K)->38420K(38720K) Class: 4353K(4480K)->4353K(4480K)
[336.972s][info][gc          ] GC(650) Pause Young (Prepare Mixed) (G1 Evacuation Pause) 229M->82M(256M) 6.940ms
[336.972s][info][gc,cpu      ] GC(650) User=0.01s Sys=0.00s Real=0.01s
[337.554s][info][gc,start    ] GC(651) Pause Young (Mixed) (G1 Evacuation Pause)
[337.554s][info][gc,task     ] GC(651) Using 2 workers of 2 for evacuation
[337.567s][info][gc,phases   ] GC(651)   Pre Evacuate Collection Set: 0.19ms
[337.567s][info][gc,phases   ] GC(651)   Merge Heap Roots: 0.15ms
[337.567s][info][gc,phases   ] GC(651)   Evacuate Collection Set: 11.88ms
[337.567s][info][gc,phases   ] GC(651)   Post Evacuate Collection Set: 0.41ms
[337.567s][info][gc,phases   ] GC(651)   Other: 0.08ms
[337.567s][info][gc,heap     ] GC(651) Eden regions: 142->0(147)
[337.567s][info][gc,heap     ] GC(651) Survivor regions: 6->6(19)
[337.567s][info][gc,heap     ] GC(651) Old regions: 74->65
[337.567s][info][gc,heap     ] GC(651) Humongous regions: 7->3
[337.567s][info][gc,metaspace] GC(651) Metaspace: 42773K(43200K)->42773K(43200K) NonClass: 38420K(38720K)->38420K(38720K) Class: 4353K(4480K)->4353K(4480K)
[337.567s][info][gc          ] GC(651) Pause Young (Mixed) (G1 Evacuation Pause) 228M->73M(256M) 12.887ms
[337.567s][info][gc,cpu      ] GC(651) User=0.03s Sys=0.00s Real=0.01s
[337.706s][info][gc,start    ] GC(652) Pause Young (Concurrent Start) (G1 Humongous Allocation)
[337.706s][info][gc,task     ] GC(652) Using 2 workers of 2 for evacuation
[337.709s][info][gc,phases   ] GC(652)   Pre Evacuate Collection Set: 0.18ms
[337.709s][info][gc,phases   ] GC(652)   Merge Heap Roots: 0.05ms
[337.709s][info][gc,phases   ] GC(652)   Evacuate Collection Set: 2.75ms
[337.709s][info][gc,phases   ] GC(652)   Post Evacuate Collection Set: 0.30ms
[337.709s][info][gc,phases   ] GC(652)   Other: 0.08ms
[337.709s][info][gc,heap     ] GC(652) Eden regions: 36->0(151)
[337.709s][info][gc,heap     ] GC(652) Survivor regions: 6->2(20)
[337.709s][info][gc,heap     ] GC(652) Old regions: 65->65
[337.709s][info][gc,heap     ] GC(652) Humongous regions: 3->1
[337.709s][info][gc,metaspace] GC(652) Metaspace: 42773K(43200K)->42773K(43200K) NonClass: 38420K(38720K)->38420K(38720K) Class: 4353K(4480K)->4353K(4480K)
[337.709s][info][gc          ] GC(652) Pause Young (Concurrent Start) (G1 Humongous Allocation) 109M->67M(256M) 3.544ms
[337.709s][info][gc,cpu      ] GC(652) User=0.01s Sys=0.00s Real=0.00s
[337.709s][info][gc          ] GC(653) Concurrent Mark Cycle
[337.709s][info][gc,marking  ] GC(653) Concurrent Scan Root Regions
[337.714s][info][gc,marking  ] GC(653) Concurrent Scan Root Regions 5.166ms
[337.714s][info][gc,marking  ] GC(653) Concurrent Mark
[337.714s][info][gc,marking  ] GC(653) Concurrent Mark From Roots
[337.714s][info][gc,task     ] GC(653) Using 1 workers of 1 for marking
[337.767s][info][gc,marking  ] GC(653) Concurrent Mark From Roots 52.826ms
[337.767s][info][gc,marking  ] GC(653) Concurrent Preclean
[337.767s][info][gc,marking  ] GC(653) Concurrent Preclean 0.043ms
[337.768s][info][gc,start    ] GC(653) Pause Remark
[337.784s][info][gc          ] GC(653) Pause Remark 83M->79M(256M) 16.436ms
[337.784s][info][gc,cpu      ] GC(653) User=0.03s Sys=0.00s Real=0.02s
[337.784s][info][gc,marking  ] GC(653) Concurrent Mark 69.586ms
[337.784s][info][gc,marking  ] GC(653) Concurrent Rebuild Remembered Sets and Scrub Regions
[337.806s][info][gc,marking  ] GC(653) Concurrent Rebuild Remembered Sets and Scrub Regions 22.113ms
[337.806s][info][gc,start    ] GC(653) Pause Cleanup
[337.806s][info][gc          ] GC(653) Pause Cleanup 82M->82M(256M) 0.051ms
[337.806s][info][gc,cpu      ] GC(653) User=0.00s Sys=0.00s Real=0.00s
[337.806s][info][gc,marking  ] GC(653) Concurrent Clear Claimed Marks
[337.806s][info][gc,marking  ] GC(653) Concurrent Clear Claimed Marks 0.040ms
[337.806s][info][gc,marking  ] GC(653) Concurrent Cleanup for Next Mark
[337.807s][info][gc,marking  ] GC(653) Concurrent Cleanup for Next Mark 0.741ms
[337.807s][info][gc          ] GC(653) Concurrent Mark Cycle 98.040ms
[338.291s][info][gc,start    ] GC(654) Pause Young (Prepare Mixed) (G1 Evacuation Pause)
[338.291s][info][gc,task     ] GC(654) Using 2 workers of 2 for evacuation
[338.301s][info][gc,phases   ] GC(654)   Pre Evacuate Collection Set: 0.16ms
[338.302s][info][gc,phases   ] GC(654)   Merge Heap Roots: 0.06ms
[338.302s][info][gc,phases   ] GC(654)   Evacuate Collection Set: 9.93ms
[338.302s][info][gc,phases   ] GC(654)   Post Evacuate Collection Set: 0.45ms
[338.302s][info][gc,phases   ] GC(654)   Other: 0.07ms
[338.302s][info][gc,heap     ] GC(654) Eden regions: 151->0(142)
[338.302s][info][gc,heap     ] GC(654) Survivor regions: 2->11(20)
[338.302s][info][gc,heap     ] GC(654) Old regions: 61->61
[338.302s][info][gc,heap     ] GC(654) Humongous regions: 9->3
[338.302s][info][gc,metaspace] GC(654) Metaspace: 42773K(43200K)->42773K(43200K) NonClass: 38420K(38720K)->38420K(38720K) Class: 4353K(4480K)->4353K(4480K)
[338.302s][info][gc          ] GC(654) Pause Young (Prepare Mixed) (G1 Evacuation Pause) 222M->74M(256M) 10.847ms
[338.302s][info][gc,cpu      ] GC(654) User=0.02s Sys=0.01s Real=0.02s
[338.905s][info][gc,start    ] GC(655) Pause Young (Mixed) (G1 Evacuation Pause)
[338.905s][info][gc,task     ] GC(655) Using 2 workers of 2 for evacuation
[338.920s][info][gc,phases   ] GC(655)   Pre Evacuate Collection Set: 0.16ms
[338.920s][info][gc,phases   ] GC(655)   Merge Heap Roots: 0.07ms
[338.920s][info][gc,phases   ] GC(655)   Evacuate Collection Set: 14.53ms
[338.920s][info][gc,phases   ] GC(655)   Post Evacuate Collection Set: 0.42ms
[338.920s][info][gc,phases   ] GC(655)   Other: 0.07ms
[338.920s][info][gc,heap     ] GC(655) Eden regions: 142->0(139)
[338.920s][info][gc,heap     ] GC(655) Survivor regions: 11->14(20)
[338.920s][info][gc,heap     ] GC(655) Old regions: 61->48
[338.920s][info][gc,heap     ] GC(655) Humongous regions: 5->3
[338.920s][info][gc,metaspace] GC(655) Metaspace: 42773K(43200K)->42773K(43200K) NonClass: 38420K(38720K)->38420K(38720K) Class: 4353K(4480K)->4353K(4480K)
[338.920s][info][gc          ] GC(655) Pause Young (Mixed) (G1 Evacuation Pause) 218M->64M(256M) 15.434ms
[338.920s][info][gc,cpu      ] GC(655) User=0.03s Sys=0.00s Real=0.01s
[338.968s][info][gc,start    ] GC(656) Pause Young (Concurrent Start) (G1 Humongous Allocation)
[338.968s][info][gc,task     ] GC(656) Using 2 workers of 2 for evacuation
[338.972s][info][gc,phases   ] GC(656)   Pre Evacuate Collection Set: 0.17ms
[338.972s][info][gc,phases   ] GC(656)   Merge Heap Roots: 0.04ms
[338.972s][info][gc,phases   ] GC(656)   Evacuate Collection Set: 3.36ms
[338.972s][info][gc,phases   ] GC(656)   Post Evacuate Collection Set: 0.30ms
[338.972s][info][gc,phases   ] GC(656)   Other: 0.08ms
[338.972s][info][gc,heap     ] GC(656) Eden regions: 11->0(152)
[338.972s][info][gc,heap     ] GC(656) Survivor regions: 14->1(20)
[338.972s][info][gc,heap     ] GC(656) Old regions: 48->51
[338.972s][info][gc,heap     ] GC(656) Humongous regions: 3->1
[338.972s][info][gc,metaspace] GC(656) Metaspace: 42773K(43200K)->42773K(43200K) NonClass: 38420K(38720K)->38420K(38720K) Class: 4353K(4480K)->4353K(4480K)
[338.972s][info][gc          ] GC(656) Pause Young (Concurrent Start) (G1 Humongous Allocation) 75M->52M(256M) 4.121ms
[338.972s][info][gc,cpu      ] GC(656) User=0.01s Sys=0.00s Real=0.01s
[338.972s][info][gc          ] GC(657) Concurrent Mark Cycle
[338.974s][info][gc,marking  ] GC(657) Concurrent Scan Root Regions
[338.984s][info][gc,marking  ] GC(657) Concurrent Scan Root Regions 10.057ms
[338.984s][info][gc,marking  ] GC(657) Concurrent Mark
[338.984s][info][gc,marking  ] GC(657) Concurrent Mark From Roots
[338.984s][info][gc,task     ] GC(657) Using 1 workers of 1 for marking
[339.042s][info][gc,marking  ] GC(657) Concurrent Mark From Roots 58.072ms
[339.042s][info][gc,marking  ] GC(657) Concurrent Preclean
[339.042s][info][gc,marking  ] GC(657) Concurrent Preclean 0.044ms
[339.044s][info][gc,start    ] GC(657) Pause Remark
[339.061s][info][gc          ] GC(657) Pause Remark 70M->70M(256M) 16.844ms
[339.061s][info][gc,cpu      ] GC(657) User=0.03s Sys=0.00s Real=0.02s
[339.061s][info][gc,marking  ] GC(657) Concurrent Mark 76.957ms
[339.061s][info][gc,marking  ] GC(657) Concurrent Rebuild Remembered Sets and Scrub Regions
[339.087s][info][gc,marking  ] GC(657) Concurrent Rebuild Remembered Sets and Scrub Regions 26.104ms
[339.087s][info][gc,start    ] GC(657) Pause Cleanup
[339.088s][info][gc          ] GC(657) Pause Cleanup 74M->74M(256M) 0.051ms
[339.088s][info][gc,cpu      ] GC(657) User=0.00s Sys=0.00s Real=0.00s
[339.088s][info][gc,marking  ] GC(657) Concurrent Clear Claimed Marks
[339.088s][info][gc,marking  ] GC(657) Concurrent Clear Claimed Marks 0.051ms
[339.088s][info][gc,marking  ] GC(657) Concurrent Cleanup for Next Mark
[339.089s][info][gc,marking  ] GC(657) Concurrent Cleanup for Next Mark 0.803ms
[339.089s][info][gc          ] GC(657) Concurrent Mark Cycle 117.202ms
[339.526s][info][gc,start    ] GC(658) Pause Young (Prepare Mixed) (G1 Evacuation Pause)
[339.527s][info][gc,task     ] GC(658) Using 2 workers of 2 for evacuation
[339.548s][info][gc,phases   ] GC(658)   Pre Evacuate Collection Set: 0.22ms
[339.548s][info][gc,phases   ] GC(658)   Merge Heap Roots: 0.08ms
[339.548s][info][gc,phases   ] GC(658)   Evacuate Collection Set: 20.49ms
[339.548s][info][gc,phases   ] GC(658)   Post Evacuate Collection Set: 0.47ms
[339.548s][info][gc,phases   ] GC(658)   Other: 0.10ms
[339.548s][info][gc,heap     ] GC(658) Eden regions: 152->0(133)
[339.548s][info][gc,heap     ] GC(658) Survivor regions: 1->20(20)
[339.548s][info][gc,heap     ] GC(658) Old regions: 51->56
[339.548s][info][gc,heap     ] GC(658) Humongous regions: 7->3
[339.548s][info][gc,metaspace] GC(658) Metaspace: 42773K(43200K)->42773K(43200K) NonClass: 38420K(38720K)->38420K(38720K) Class: 4353K(4480K)->4353K(4480K)
[339.548s][info][gc          ] GC(658) Pause Young (Prepare Mixed) (G1 Evacuation Pause) 210M->78M(256M) 21.593ms
[339.548s][info][gc,cpu      ] GC(658) User=0.04s Sys=0.00s Real=0.02s
[340.111s][info][gc,start    ] GC(659) Pause Young (Mixed) (G1 Evacuation Pause)
[340.111s][info][gc,task     ] GC(659) Using 2 workers of 2 for evacuation
[340.153s][info][gc,phases   ] GC(659)   Pre Evacuate Collection Set: 0.16ms
[340.153s][info][gc,phases   ] GC(659)   Merge Heap Roots: 0.12ms
[340.153s][info][gc,phases   ] GC(659)   Evacuate Collection Set: 41.75ms
[340.153s][info][gc,phases   ] GC(659)   Post Evacuate Collection Set: 0.53ms
[340.154s][info][gc,phases   ] GC(659)   Other: 0.09ms
[340.154s][info][gc,heap     ] GC(659) Eden regions: 133->0(116)
[340.154s][info][gc,heap     ] GC(659) Survivor regions: 20->20(20)
[340.154s][info][gc,heap     ] GC(659) Old regions: 56->69
[340.154s][info][gc,heap     ] GC(659) Humongous regions: 3->3
[340.154s][info][gc,metaspace] GC(659) Metaspace: 42773K(43200K)->42773K(43200K) NonClass: 38420K(38720K)->38420K(38720K) Class: 4353K(4480K)->4353K(4480K)
[340.154s][info][gc          ] GC(659) Pause Young (Mixed) (G1 Evacuation Pause) 211M->92M(256M) 42.854ms
[340.154s][info][gc,cpu      ] GC(659) User=0.09s Sys=0.00s Real=0.05s
[340.770s][info][gc,start    ] GC(660) Pause Young (Concurrent Start) (G1 Evacuation Pause)
[340.770s][info][gc,task     ] GC(660) Using 2 workers of 2 for evacuation
[340.838s][info][gc,phases   ] GC(660)   Pre Evacuate Collection Set: 0.20ms
[340.838s][info][gc,phases   ] GC(660)   Merge Heap Roots: 0.18ms
[340.838s][info][gc,phases   ] GC(660)   Evacuate Collection Set: 66.16ms
[340.838s][info][gc,phases   ] GC(660)   Post Evacuate Collection Set: 0.71ms
[340.838s][info][gc,phases   ] GC(660)   Other: 0.09ms
[340.838s][info][gc,heap     ] GC(660) Eden regions: 116->0(106)
[340.838s][info][gc,heap     ] GC(660) Survivor regions: 20->17(17)
[340.838s][info][gc,heap     ] GC(660) Old regions: 69->106
[340.838s][info][gc,heap     ] GC(660) Humongous regions: 3->3
[340.838s][info][gc,metaspace] GC(660) Metaspace: 42773K(43200K)->42773K(43200K) NonClass: 38420K(38720K)->38420K(38720K) Class: 4353K(4480K)->4353K(4480K)
[340.838s][info][gc          ] GC(660) Pause Young (Concurrent Start) (G1 Evacuation Pause) 208M->126M(291M) 67.566ms
[340.838s][info][gc          ] GC(661) Concurrent Mark Cycle
[340.838s][info][gc,marking  ] GC(661) Concurrent Scan Root Regions
[340.838s][info][gc,cpu      ] GC(660) User=0.13s Sys=0.00s Real=0.07s
[340.919s][info][gc,marking  ] GC(661) Concurrent Scan Root Regions 81.196ms
[340.919s][info][gc,marking  ] GC(661) Concurrent Mark
[340.919s][info][gc,marking  ] GC(661) Concurrent Mark From Roots
[340.919s][info][gc,task     ] GC(661) Using 1 workers of 1 for marking
[341.056s][info][gc,marking  ] GC(661) Concurrent Mark From Roots 136.240ms
[341.056s][info][gc,marking  ] GC(661) Concurrent Preclean
[341.056s][info][gc,marking  ] GC(661) Concurrent Preclean 0.049ms
[341.056s][info][gc,start    ] GC(661) Pause Remark
[341.072s][info][gc          ] GC(661) Pause Remark 159M->159M(291M) 16.565ms
[341.072s][info][gc,cpu      ] GC(661) User=0.03s Sys=0.00s Real=0.02s
[341.074s][info][gc,marking  ] GC(661) Concurrent Mark 154.936ms
[341.074s][info][gc,marking  ] GC(661) Concurrent Rebuild Remembered Sets and Scrub Regions
[341.210s][info][gc,marking  ] GC(661) Concurrent Rebuild Remembered Sets and Scrub Regions 135.708ms
[341.210s][info][gc,start    ] GC(661) Pause Cleanup
[341.210s][info][gc          ] GC(661) Pause Cleanup 176M->176M(291M) 0.053ms
[341.210s][info][gc,cpu      ] GC(661) User=0.00s Sys=0.00s Real=0.00s
[341.211s][info][gc,marking  ] GC(661) Concurrent Clear Claimed Marks
[341.211s][info][gc,marking  ] GC(661) Concurrent Clear Claimed Marks 0.066ms
[341.211s][info][gc,marking  ] GC(661) Concurrent Cleanup for Next Mark
[341.213s][info][gc,marking  ] GC(661) Concurrent Cleanup for Next Mark 1.293ms
[341.213s][info][gc          ] GC(661) Concurrent Mark Cycle 374.610ms
[341.512s][info][gc,start    ] GC(662) Pause Young (Prepare Mixed) (G1 Evacuation Pause)
[341.512s][info][gc,task     ] GC(662) Using 2 workers of 2 for evacuation
[341.570s][info][gc,phases   ] GC(662)   Pre Evacuate Collection Set: 0.16ms
[341.570s][info][gc,phases   ] GC(662)   Merge Heap Roots: 0.42ms
[341.570s][info][gc,phases   ] GC(662)   Evacuate Collection Set: 56.79ms
[341.570s][info][gc,phases   ] GC(662)   Post Evacuate Collection Set: 0.59ms
[341.570s][info][gc,phases   ] GC(662)   Other: 0.08ms
[341.570s][info][gc,heap     ] GC(662) Eden regions: 106->0(82)
[341.570s][info][gc,heap     ] GC(662) Survivor regions: 17->16(16)
[341.570s][info][gc,heap     ] GC(662) Old regions: 106->138
[341.570s][info][gc,heap     ] GC(662) Humongous regions: 5->3
[341.570s][info][gc,metaspace] GC(662) Metaspace: 42773K(43200K)->42773K(43200K) NonClass: 38420K(38720K)->38420K(38720K) Class: 4353K(4480K)->4353K(4480K)
[341.570s][info][gc          ] GC(662) Pause Young (Prepare Mixed) (G1 Evacuation Pause) 234M->156M(291M) 58.248ms
[341.570s][info][gc,cpu      ] GC(662) User=0.12s Sys=0.00s Real=0.05s
[341.897s][info][gc,start    ] GC(663) Pause Young (Mixed) (G1 Evacuation Pause)
[341.897s][info][gc,task     ] GC(663) Using 2 workers of 2 for evacuation
[341.952s][info][gc,phases   ] GC(663)   Pre Evacuate Collection Set: 0.19ms
[341.952s][info][gc,phases   ] GC(663)   Merge Heap Roots: 0.56ms
[341.952s][info][gc,phases   ] GC(663)   Evacuate Collection Set: 53.24ms
[341.952s][info][gc,phases   ] GC(663)   Post Evacuate Collection Set: 0.42ms
[341.952s][info][gc,phases   ] GC(663)   Other: 0.07ms
[341.952s][info][gc,heap     ] GC(663) Eden regions: 82->0(78)
[341.952s][info][gc,heap     ] GC(663) Survivor regions: 16->13(13)
[341.952s][info][gc,heap     ] GC(663) Old regions: 138->152
[341.952s][info][gc,heap     ] GC(663) Humongous regions: 3->3
[341.952s][info][gc,metaspace] GC(663) Metaspace: 42773K(43200K)->42773K(43200K) NonClass: 38420K(38720K)->38420K(38720K) Class: 4353K(4480K)->4353K(4480K)
[341.952s][info][gc          ] GC(663) Pause Young (Mixed) (G1 Evacuation Pause) 238M->167M(291M) 54.713ms
[341.952s][info][gc,cpu      ] GC(663) User=0.11s Sys=0.00s Real=0.06s
[342.027s][info][gc,start    ] GC(664) Pause Young (Concurrent Start) (G1 Humongous Allocation)
[342.027s][info][gc,task     ] GC(664) Using 2 workers of 2 for evacuation
[342.042s][info][gc,phases   ] GC(664)   Pre Evacuate Collection Set: 0.18ms
[342.042s][info][gc,phases   ] GC(664)   Merge Heap Roots: 0.05ms
[342.042s][info][gc,phases   ] GC(664)   Evacuate Collection Set: 14.51ms
[342.042s][info][gc,phases   ] GC(664)   Post Evacuate Collection Set: 0.36ms
[342.042s][info][gc,phases   ] GC(664)   Other: 0.08ms
[342.042s][info][gc,heap     ] GC(664) Eden regions: 17->0(81)
[342.042s][info][gc,heap     ] GC(664) Survivor regions: 13->3(12)
[342.042s][info][gc,heap     ] GC(664) Old regions: 152->164
[342.042s][info][gc,heap     ] GC(664) Humongous regions: 3->1
[342.042s][info][gc,metaspace] GC(664) Metaspace: 42773K(43200K)->42773K(43200K) NonClass: 38420K(38720K)->38420K(38720K) Class: 4353K(4480K)->4353K(4480K)
[342.042s][info][gc          ] GC(664) Pause Young (Concurrent Start) (G1 Humongous Allocation) 183M->167M(291M) 15.358ms
[342.042s][info][gc,cpu      ] GC(664) User=0.03s Sys=0.00s Real=0.02s
[342.042s][info][gc          ] GC(665) Concurrent Mark Cycle
[342.042s][info][gc,marking  ] GC(665) Concurrent Scan Root Regions
[342.055s][info][gc,marking  ] GC(665) Concurrent Scan Root Regions 12.389ms
[342.055s][info][gc,marking  ] GC(665) Concurrent Mark
[342.055s][info][gc,marking  ] GC(665) Concurrent Mark From Roots
[342.055s][info][gc,task     ] GC(665) Using 1 workers of 1 for marking
[342.123s][info][gc,marking  ] GC(665) Concurrent Mark From Roots 68.326ms
[342.123s][info][gc,marking  ] GC(665) Concurrent Preclean
[342.123s][info][gc,marking  ] GC(665) Concurrent Preclean 0.043ms
[342.123s][info][gc,start    ] GC(665) Pause Remark
[342.140s][info][gc          ] GC(665) Pause Remark 185M->161M(291M) 16.745ms
[342.140s][info][gc,cpu      ] GC(665) User=0.03s Sys=0.00s Real=0.01s
[342.140s][info][gc,marking  ] GC(665) Concurrent Mark 85.388ms
[342.140s][info][gc,marking  ] GC(665) Concurrent Rebuild Remembered Sets and Scrub Regions
[342.180s][info][gc,marking  ] GC(665) Concurrent Rebuild Remembered Sets and Scrub Regions 40.319ms
[342.181s][info][gc,start    ] GC(665) Pause Cleanup
[342.181s][info][gc          ] GC(665) Pause Cleanup 170M->170M(291M) 0.079ms
[342.181s][info][gc,cpu      ] GC(665) User=0.00s Sys=0.00s Real=0.00s
[342.181s][info][gc,marking  ] GC(665) Concurrent Clear Claimed Marks
[342.181s][info][gc,marking  ] GC(665) Concurrent Clear Claimed Marks 0.040ms
[342.181s][info][gc,marking  ] GC(665) Concurrent Cleanup for Next Mark
[342.182s][info][gc,marking  ] GC(665) Concurrent Cleanup for Next Mark 0.847ms
[342.182s][info][gc          ] GC(665) Concurrent Mark Cycle 139.387ms
[342.392s][info][gc,start    ] GC(666) Pause Young (Prepare Mixed) (G1 Evacuation Pause)
[342.392s][info][gc,task     ] GC(666) Using 2 workers of 2 for evacuation
[342.411s][info][gc,phases   ] GC(666)   Pre Evacuate Collection Set: 0.22ms
[342.411s][info][gc,phases   ] GC(666)   Merge Heap Roots: 0.09ms
[342.411s][info][gc,phases   ] GC(666)   Evacuate Collection Set: 18.00ms
[342.411s][info][gc,phases   ] GC(666)   Post Evacuate Collection Set: 0.39ms
[342.411s][info][gc,phases   ] GC(666)   Other: 0.09ms
[342.411s][info][gc,heap     ] GC(666) Eden regions: 81->0(92)
[342.411s][info][gc,heap     ] GC(666) Survivor regions: 3->11(11)
[342.411s][info][gc,heap     ] GC(666) Old regions: 140->141
[342.411s][info][gc,heap     ] GC(666) Humongous regions: 5->3
[342.411s][info][gc,metaspace] GC(666) Metaspace: 42773K(43200K)->42773K(43200K) NonClass: 38420K(38720K)->38420K(38720K) Class: 4353K(4480K)->4353K(4480K)
[342.411s][info][gc          ] GC(666) Pause Young (Prepare Mixed) (G1 Evacuation Pause) 228M->155M(291M) 18.962ms
[342.411s][info][gc,cpu      ] GC(666) User=0.02s Sys=0.01s Real=0.01s
[342.830s][info][gc,start    ] GC(667) Pause Young (Mixed) (G1 Evacuation Pause)
[342.830s][info][gc,task     ] GC(667) Using 2 workers of 2 for evacuation
[342.847s][info][gc,phases   ] GC(667)   Pre Evacuate Collection Set: 0.20ms
[342.847s][info][gc,phases   ] GC(667)   Merge Heap Roots: 0.11ms
[342.847s][info][gc,phases   ] GC(667)   Evacuate Collection Set: 16.27ms
[342.847s][info][gc,phases   ] GC(667)   Post Evacuate Collection Set: 0.43ms
[342.847s][info][gc,phases   ] GC(667)   Other: 0.10ms
[342.847s][info][gc,heap     ] GC(667) Eden regions: 92->0(114)
[342.847s][info][gc,heap     ] GC(667) Survivor regions: 11->8(13)
[342.847s][info][gc,heap     ] GC(667) Old regions: 141->119
[342.847s][info][gc,heap     ] GC(667) Humongous regions: 9->1
[342.847s][info][gc,metaspace] GC(667) Metaspace: 42773K(43200K)->42773K(43200K) NonClass: 38420K(38720K)->38420K(38720K) Class: 4353K(4480K)->4353K(4480K)
[342.847s][info][gc          ] GC(667) Pause Young (Mixed) (G1 Evacuation Pause) 253M->127M(291M) 17.317ms
[342.847s][info][gc,cpu      ] GC(667) User=0.03s Sys=0.00s Real=0.02s
[343.205s][info][gc,start    ] GC(668) Pause Young (Mixed) (G1 Evacuation Pause)
[343.205s][info][gc,task     ] GC(668) Using 2 workers of 2 for evacuation
[343.237s][info][gc,phases   ] GC(668)   Pre Evacuate Collection Set: 0.19ms
[343.238s][info][gc,phases   ] GC(668)   Merge Heap Roots: 0.16ms
[343.238s][info][gc,phases   ] GC(668)   Evacuate Collection Set: 31.50ms
[343.238s][info][gc,phases   ] GC(668)   Post Evacuate Collection Set: 0.63ms
[343.238s][info][gc,phases   ] GC(668)   Other: 0.10ms
[343.238s][info][gc,heap     ] GC(668) Eden regions: 114->0(95)
[343.238s][info][gc,heap     ] GC(668) Survivor regions: 8->16(16)
[343.238s][info][gc,heap     ] GC(668) Old regions: 119->115
[343.238s][info][gc,heap     ] GC(668) Humongous regions: 4->4
[343.238s][info][gc,metaspace] GC(668) Metaspace: 42773K(43200K)->42773K(43200K) NonClass: 38420K(38720K)->38420K(38720K) Class: 4353K(4480K)->4353K(4480K)
[343.238s][info][gc          ] GC(668) Pause Young (Mixed) (G1 Evacuation Pause) 244M->134M(291M) 32.774ms
[343.238s][info][gc,cpu      ] GC(668) User=0.06s Sys=0.00s Real=0.03s
[343.576s][info][gc,start    ] GC(669) Pause Young (Mixed) (G1 Evacuation Pause)
[343.576s][info][gc,task     ] GC(669) Using 2 workers of 2 for evacuation
[343.615s][info][gc,phases   ] GC(669)   Pre Evacuate Collection Set: 0.25ms
[343.615s][info][gc,phases   ] GC(669)   Merge Heap Roots: 0.38ms
[343.615s][info][gc,phases   ] GC(669)   Evacuate Collection Set: 37.30ms
[343.615s][info][gc,phases   ] GC(669)   Post Evacuate Collection Set: 1.37ms
[343.615s][info][gc,phases   ] GC(669)   Other: 0.08ms
[343.615s][info][gc,heap     ] GC(669) Eden regions: 95->0(182)
[343.615s][info][gc,heap     ] GC(669) Survivor regions: 16->14(14)
[343.615s][info][gc,heap     ] GC(669) Old regions: 115->126
[343.615s][info][gc,heap     ] GC(669) Humongous regions: 5->4
[343.615s][info][gc,metaspace] GC(669) Metaspace: 42773K(43200K)->42773K(43200K) NonClass: 38420K(38720K)->38420K(38720K) Class: 4353K(4480K)->4353K(4480K)
[343.615s][info][gc          ] GC(669) Pause Young (Mixed) (G1 Evacuation Pause) 230M->144M(419M) 39.610ms
[343.615s][info][gc,cpu      ] GC(669) User=0.07s Sys=0.00s Real=0.04s
[344.155s][info][gc,start    ] GC(670) Pause Young (Concurrent Start) (G1 Humongous Allocation)
[344.155s][info][gc,task     ] GC(670) Using 2 workers of 2 for evacuation
[344.187s][info][gc,phases   ] GC(670)   Pre Evacuate Collection Set: 0.24ms
[344.187s][info][gc,phases   ] GC(670)   Merge Heap Roots: 0.10ms
[344.187s][info][gc,phases   ] GC(670)   Evacuate Collection Set: 31.23ms
[344.187s][info][gc,phases   ] GC(670)   Post Evacuate Collection Set: 0.49ms
[344.187s][info][gc,phases   ] GC(670)   Other: 0.19ms
[344.187s][info][gc,heap     ] GC(670) Eden regions: 127->0(159)
[344.187s][info][gc,heap     ] GC(670) Survivor regions: 14->25(25)
[344.187s][info][gc,heap     ] GC(670) Old regions: 126->137
[344.187s][info][gc,heap     ] GC(670) Humongous regions: 4->4
[344.187s][info][gc,metaspace] GC(670) Metaspace: 42774K(43200K)->42774K(43200K) NonClass: 38420K(38720K)->38420K(38720K) Class: 4353K(4480K)->4353K(4480K)
[344.188s][info][gc          ] GC(670) Pause Young (Concurrent Start) (G1 Humongous Allocation) 270M->165M(419M) 32.486ms
[344.188s][info][gc,cpu      ] GC(670) User=0.06s Sys=0.01s Real=0.03s
[344.188s][info][gc          ] GC(671) Concurrent Mark Cycle
[344.188s][info][gc,marking  ] GC(671) Concurrent Scan Root Regions
[344.204s][info][gc,marking  ] GC(671) Concurrent Scan Root Regions 16.118ms
[344.204s][info][gc,marking  ] GC(671) Concurrent Mark
[344.204s][info][gc,marking  ] GC(671) Concurrent Mark From Roots
[344.204s][info][gc,task     ] GC(671) Using 1 workers of 1 for marking
[344.307s][info][gc,marking  ] GC(671) Concurrent Mark From Roots 103.356ms
[344.307s][info][gc,marking  ] GC(671) Concurrent Preclean
[344.307s][info][gc,marking  ] GC(671) Concurrent Preclean 0.049ms
[344.307s][info][gc,start    ] GC(671) Pause Remark
[344.324s][info][gc          ] GC(671) Pause Remark 194M->185M(419M) 16.860ms
[344.324s][info][gc,cpu      ] GC(671) User=0.03s Sys=0.00s Real=0.02s
[344.324s][info][gc,marking  ] GC(671) Concurrent Mark 120.629ms
[344.324s][info][gc,marking  ] GC(671) Concurrent Rebuild Remembered Sets and Scrub Regions
[344.378s][info][gc,marking  ] GC(671) Concurrent Rebuild Remembered Sets and Scrub Regions 53.959ms
[344.379s][info][gc,start    ] GC(671) Pause Cleanup
[344.379s][info][gc          ] GC(671) Pause Cleanup 200M->200M(419M) 0.059ms
[344.379s][info][gc,cpu      ] GC(671) User=0.00s Sys=0.00s Real=0.00s
[344.379s][info][gc,marking  ] GC(671) Concurrent Clear Claimed Marks
[344.379s][info][gc,marking  ] GC(671) Concurrent Clear Claimed Marks 0.041ms
[344.379s][info][gc,marking  ] GC(671) Concurrent Cleanup for Next Mark
[344.381s][info][gc,marking  ] GC(671) Concurrent Cleanup for Next Mark 2.569ms
[344.381s][info][gc          ] GC(671) Concurrent Mark Cycle 193.705ms
[344.781s][info][gc,start    ] GC(672) Pause Young (Prepare Mixed) (G1 Evacuation Pause)
[344.781s][info][gc,task     ] GC(672) Using 2 workers of 2 for evacuation
[344.823s][info][gc,phases   ] GC(672)   Pre Evacuate Collection Set: 0.21ms
[344.823s][info][gc,phases   ] GC(672)   Merge Heap Roots: 0.19ms
[344.823s][info][gc,phases   ] GC(672)   Evacuate Collection Set: 41.59ms
[344.823s][info][gc,phases   ] GC(672)   Post Evacuate Collection Set: 0.49ms
[344.823s][info][gc,phases   ] GC(672)   Other: 0.08ms
[344.823s][info][gc,heap     ] GC(672) Eden regions: 159->0(135)
[344.823s][info][gc,heap     ] GC(672) Survivor regions: 25->23(23)
[344.823s][info][gc,heap     ] GC(672) Old regions: 128->165
[344.823s][info][gc,heap     ] GC(672) Humongous regions: 6->5
[344.823s][info][gc,metaspace] GC(672) Metaspace: 42774K(43200K)->42774K(43200K) NonClass: 38420K(38720K)->38420K(38720K) Class: 4353K(4480K)->4353K(4480K)
[344.824s][info][gc          ] GC(672) Pause Young (Prepare Mixed) (G1 Evacuation Pause) 317M->192M(419M) 42.792ms
[344.824s][info][gc,cpu      ] GC(672) User=0.08s Sys=0.00s Real=0.05s
[345.343s][info][gc,start    ] GC(673) Pause Young (Mixed) (G1 Evacuation Pause)
[345.343s][info][gc,task     ] GC(673) Using 2 workers of 2 for evacuation
[345.408s][info][gc,phases   ] GC(673)   Pre Evacuate Collection Set: 0.29ms
[345.408s][info][gc,phases   ] GC(673)   Merge Heap Roots: 0.34ms
[345.408s][info][gc,phases   ] GC(673)   Evacuate Collection Set: 63.84ms
[345.408s][info][gc,phases   ] GC(673)   Post Evacuate Collection Set: 0.55ms
[345.408s][info][gc,phases   ] GC(673)   Other: 0.08ms
[345.408s][info][gc,heap     ] GC(673) Eden regions: 135->0(99)
[345.408s][info][gc,heap     ] GC(673) Survivor regions: 23->20(20)
[345.408s][info][gc,heap     ] GC(673) Old regions: 165->193
[345.408s][info][gc,heap     ] GC(673) Humongous regions: 5->5
[345.408s][info][gc,metaspace] GC(673) Metaspace: 42774K(43200K)->42774K(43200K) NonClass: 38420K(38720K)->38420K(38720K) Class: 4353K(4480K)->4353K(4480K)
[345.408s][info][gc          ] GC(673) Pause Young (Mixed) (G1 Evacuation Pause) 327M->218M(419M) 65.311ms
[345.408s][info][gc,cpu      ] GC(673) User=0.12s Sys=0.00s Real=0.06s
[345.547s][info][gc,start    ] GC(674) Pause Young (Concurrent Start) (G1 Humongous Allocation)
[345.547s][info][gc,task     ] GC(674) Using 2 workers of 2 for evacuation
[345.582s][info][gc,phases   ] GC(674)   Pre Evacuate Collection Set: 0.25ms
[345.582s][info][gc,phases   ] GC(674)   Merge Heap Roots: 0.24ms
[345.582s][info][gc,phases   ] GC(674)   Evacuate Collection Set: 34.43ms
[345.582s][info][gc,phases   ] GC(674)   Post Evacuate Collection Set: 0.39ms
[345.582s][info][gc,phases   ] GC(674)   Other: 0.18ms
[345.582s][info][gc,heap     ] GC(674) Eden regions: 39->0(77)
[345.582s][info][gc,heap     ] GC(674) Survivor regions: 20->15(15)
[345.582s][info][gc,heap     ] GC(674) Old regions: 193->221
[345.582s][info][gc,heap     ] GC(674) Humongous regions: 5->5
[345.582s][info][gc,metaspace] GC(674) Metaspace: 42774K(43200K)->42774K(43200K) NonClass: 38420K(38720K)->38420K(38720K) Class: 4353K(4480K)->4353K(4480K)
[345.582s][info][gc          ] GC(674) Pause Young (Concurrent Start) (G1 Humongous Allocation) 257M->241M(419M) 35.688ms
[345.583s][info][gc,cpu      ] GC(674) User=0.07s Sys=0.00s Real=0.04s
[345.583s][info][gc          ] GC(675) Concurrent Mark Cycle
[345.583s][info][gc,marking  ] GC(675) Concurrent Scan Root Regions
[345.600s][info][gc,marking  ] GC(675) Concurrent Scan Root Regions 17.551ms
[345.600s][info][gc,marking  ] GC(675) Concurrent Mark
[345.600s][info][gc,marking  ] GC(675) Concurrent Mark From Roots
[345.600s][info][gc,task     ] GC(675) Using 1 workers of 1 for marking
[345.708s][info][gc,marking  ] GC(675) Concurrent Mark From Roots 107.794ms
[345.708s][info][gc,marking  ] GC(675) Concurrent Preclean
[345.708s][info][gc,marking  ] GC(675) Concurrent Preclean 0.049ms
[345.708s][info][gc,start    ] GC(675) Pause Remark
[345.725s][info][gc          ] GC(675) Pause Remark 265M->223M(419M) 16.929ms
[345.725s][info][gc,cpu      ] GC(675) User=0.03s Sys=0.00s Real=0.02s
[345.727s][info][gc,marking  ] GC(675) Concurrent Mark 127.001ms
[345.727s][info][gc,marking  ] GC(675) Concurrent Rebuild Remembered Sets and Scrub Regions
[345.795s][info][gc,marking  ] GC(675) Concurrent Rebuild Remembered Sets and Scrub Regions 67.921ms
[345.795s][info][gc,start    ] GC(675) Pause Cleanup
[345.795s][info][gc          ] GC(675) Pause Cleanup 240M->240M(419M) 0.079ms
[345.795s][info][gc,cpu      ] GC(675) User=0.00s Sys=0.00s Real=0.00s
[345.795s][info][gc,marking  ] GC(675) Concurrent Clear Claimed Marks
[345.795s][info][gc,marking  ] GC(675) Concurrent Clear Claimed Marks 0.041ms
[345.796s][info][gc,marking  ] GC(675) Concurrent Cleanup for Next Mark
[345.797s][info][gc,marking  ] GC(675) Concurrent Cleanup for Next Mark 1.229ms
[345.797s][info][gc          ] GC(675) Concurrent Mark Cycle 214.247ms
[345.924s][info][gc,start    ] GC(676) Pause Young (Prepare Mixed) (G1 Evacuation Pause)
[345.925s][info][gc,task     ] GC(676) Using 2 workers of 2 for evacuation
[345.961s][info][gc,phases   ] GC(676)   Pre Evacuate Collection Set: 0.22ms
[345.961s][info][gc,phases   ] GC(676)   Merge Heap Roots: 0.25ms
[345.961s][info][gc,phases   ] GC(676)   Evacuate Collection Set: 35.70ms
[345.961s][info][gc,phases   ] GC(676)   Post Evacuate Collection Set: 0.40ms
[345.961s][info][gc,phases   ] GC(676)   Other: 0.11ms
[345.961s][info][gc,heap     ] GC(676) Eden regions: 77->0(81)
[345.961s][info][gc,heap     ] GC(676) Survivor regions: 15->12(12)
[345.961s][info][gc,heap     ] GC(676) Old regions: 181->219
[345.961s][info][gc,heap     ] GC(676) Humongous regions: 4->4
[345.961s][info][gc,metaspace] GC(676) Metaspace: 42774K(43200K)->42774K(43200K) NonClass: 38420K(38720K)->38420K(38720K) Class: 4353K(4480K)->4353K(4480K)
[345.961s][info][gc          ] GC(676) Pause Young (Prepare Mixed) (G1 Evacuation Pause) 277M->235M(419M) 36.920ms
[345.961s][info][gc,cpu      ] GC(676) User=0.08s Sys=0.00s Real=0.04s
[346.242s][info][gc,start    ] GC(677) Pause Young (Mixed) (G1 Evacuation Pause)
[346.242s][info][gc,task     ] GC(677) Using 2 workers of 2 for evacuation
[346.264s][info][gc,phases   ] GC(677)   Pre Evacuate Collection Set: 0.23ms
[346.264s][info][gc,phases   ] GC(677)   Merge Heap Roots: 0.24ms
[346.264s][info][gc,phases   ] GC(677)   Evacuate Collection Set: 20.90ms
[346.264s][info][gc,phases   ] GC(677)   Post Evacuate Collection Set: 1.18ms
[346.264s][info][gc,phases   ] GC(677)   Other: 0.10ms
[346.264s][info][gc,heap     ] GC(677) Eden regions: 81->0(147)
[346.265s][info][gc,heap     ] GC(677) Survivor regions: 12->12(12)
[346.265s][info][gc,heap     ] GC(677) Old regions: 219->190
[346.265s][info][gc,heap     ] GC(677) Humongous regions: 4->4
[346.265s][info][gc,metaspace] GC(677) Metaspace: 42774K(43200K)->42774K(43200K) NonClass: 38420K(38720K)->38420K(38720K) Class: 4353K(4480K)->4353K(4480K)
[346.265s][info][gc          ] GC(677) Pause Young (Mixed) (G1 Evacuation Pause) 316M->205M(517M) 22.867ms
[346.265s][info][gc,cpu      ] GC(677) User=0.04s Sys=0.01s Real=0.02s
[346.901s][info][gc,start    ] GC(678) Pause Young (Mixed) (G1 Evacuation Pause)
[346.901s][info][gc,task     ] GC(678) Using 2 workers of 2 for evacuation
[346.955s][info][gc,phases   ] GC(678)   Pre Evacuate Collection Set: 0.34ms
[346.955s][info][gc,phases   ] GC(678)   Merge Heap Roots: 0.38ms
[346.955s][info][gc,phases   ] GC(678)   Evacuate Collection Set: 52.23ms
[346.955s][info][gc,phases   ] GC(678)   Post Evacuate Collection Set: 0.56ms
[346.955s][info][gc,phases   ] GC(678)   Other: 0.08ms
[346.955s][info][gc,heap     ] GC(678) Eden regions: 147->0(125)
[346.955s][info][gc,heap     ] GC(678) Survivor regions: 12->20(20)
[346.955s][info][gc,heap     ] GC(678) Old regions: 190->223
[346.955s][info][gc,heap     ] GC(678) Humongous regions: 5->5
[346.955s][info][gc,metaspace] GC(678) Metaspace: 42774K(43200K)->42774K(43200K) NonClass: 38420K(38720K)->38420K(38720K) Class: 4353K(4480K)->4353K(4480K)
[346.955s][info][gc          ] GC(678) Pause Young (Mixed) (G1 Evacuation Pause) 353M->247M(517M) 53.802ms
[346.955s][info][gc,cpu      ] GC(678) User=0.10s Sys=0.00s Real=0.06s
[347.220s][info][gc,start    ] GC(679) Pause Young (Concurrent Start) (G1 Humongous Allocation)
[347.220s][info][gc,task     ] GC(679) Using 2 workers of 2 for evacuation
[347.275s][info][gc,phases   ] GC(679)   Pre Evacuate Collection Set: 0.31ms
[347.275s][info][gc,phases   ] GC(679)   Merge Heap Roots: 0.24ms
[347.275s][info][gc,phases   ] GC(679)   Evacuate Collection Set: 53.77ms
[347.275s][info][gc,phases   ] GC(679)   Post Evacuate Collection Set: 0.46ms
[347.275s][info][gc,phases   ] GC(679)   Other: 0.09ms
[347.275s][info][gc,heap     ] GC(679) Eden regions: 73->0(94)
[347.275s][info][gc,heap     ] GC(679) Survivor regions: 20->19(19)
[347.275s][info][gc,heap     ] GC(679) Old regions: 223->274
[347.275s][info][gc,heap     ] GC(679) Humongous regions: 5->5
[347.275s][info][gc,metaspace] GC(679) Metaspace: 42774K(43200K)->42774K(43200K) NonClass: 38420K(38720K)->38420K(38720K) Class: 4353K(4480K)->4353K(4480K)
[347.275s][info][gc          ] GC(679) Pause Young (Concurrent Start) (G1 Humongous Allocation) 320M->298M(517M) 55.086ms
[347.275s][info][gc          ] GC(680) Concurrent Mark Cycle
[347.275s][info][gc,marking  ] GC(680) Concurrent Scan Root Regions
[347.275s][info][gc,cpu      ] GC(679) User=0.11s Sys=0.01s Real=0.06s
[347.307s][info][gc,marking  ] GC(680) Concurrent Scan Root Regions 31.282ms
[347.307s][info][gc,marking  ] GC(680) Concurrent Mark
[347.307s][info][gc,marking  ] GC(680) Concurrent Mark From Roots
[347.307s][info][gc,task     ] GC(680) Using 1 workers of 1 for marking
[347.426s][info][gc,marking  ] GC(680) Concurrent Mark From Roots 119.620ms
[347.426s][info][gc,marking  ] GC(680) Concurrent Preclean
[347.426s][info][gc,marking  ] GC(680) Concurrent Preclean 0.045ms
[347.426s][info][gc,start    ] GC(680) Pause Remark
[347.443s][info][gc          ] GC(680) Pause Remark 332M->278M(517M) 16.819ms
[347.443s][info][gc,cpu      ] GC(680) User=0.04s Sys=0.00s Real=0.02s
[347.443s][info][gc,marking  ] GC(680) Concurrent Mark 136.780ms
[347.443s][info][gc,marking  ] GC(680) Concurrent Rebuild Remembered Sets and Scrub Regions
[347.525s][info][gc,marking  ] GC(680) Concurrent Rebuild Remembered Sets and Scrub Regions 81.386ms
[347.525s][info][gc,start    ] GC(680) Pause Cleanup
[347.525s][info][gc          ] GC(680) Pause Cleanup 295M->295M(517M) 0.087ms
[347.525s][info][gc,cpu      ] GC(680) User=0.00s Sys=0.00s Real=0.00s
[347.525s][info][gc,marking  ] GC(680) Concurrent Clear Claimed Marks
[347.525s][info][gc,marking  ] GC(680) Concurrent Clear Claimed Marks 0.042ms
[347.525s][info][gc,marking  ] GC(680) Concurrent Cleanup for Next Mark
[347.528s][info][gc,marking  ] GC(680) Concurrent Cleanup for Next Mark 2.595ms
[347.528s][info][gc          ] GC(680) Concurrent Mark Cycle 252.578ms
[347.687s][info][gc,start    ] GC(681) Pause Young (Prepare Mixed) (G1 Evacuation Pause)
[347.687s][info][gc,task     ] GC(681) Using 2 workers of 2 for evacuation
[347.745s][info][gc,phases   ] GC(681)   Pre Evacuate Collection Set: 0.24ms
[347.746s][info][gc,phases   ] GC(681)   Merge Heap Roots: 0.34ms
[347.746s][info][gc,phases   ] GC(681)   Evacuate Collection Set: 57.09ms
[347.746s][info][gc,phases   ] GC(681)   Post Evacuate Collection Set: 0.47ms
[347.746s][info][gc,phases   ] GC(681)   Other: 0.09ms
[347.746s][info][gc,heap     ] GC(681) Eden regions: 94->0(86)
[347.746s][info][gc,heap     ] GC(681) Survivor regions: 19->15(15)
[347.746s][info][gc,heap     ] GC(681) Old regions: 221->286
[347.746s][info][gc,heap     ] GC(681) Humongous regions: 5->5
[347.746s][info][gc,metaspace] GC(681) Metaspace: 42774K(43200K)->42774K(43200K) NonClass: 38420K(38720K)->38420K(38720K) Class: 4353K(4480K)->4353K(4480K)
[347.746s][info][gc          ] GC(681) Pause Young (Prepare Mixed) (G1 Evacuation Pause) 339M->306M(517M) 58.468ms
[347.746s][info][gc,cpu      ] GC(681) User=0.11s Sys=0.01s Real=0.06s
[348.093s][info][gc,start    ] GC(682) Pause Young (Mixed) (G1 Evacuation Pause)
[348.093s][info][gc,task     ] GC(682) Using 2 workers of 2 for evacuation
[348.145s][info][gc,phases   ] GC(682)   Pre Evacuate Collection Set: 0.27ms
[348.145s][info][gc,phases   ] GC(682)   Merge Heap Roots: 0.33ms
[348.145s][info][gc,phases   ] GC(682)   Evacuate Collection Set: 50.61ms
[348.145s][info][gc,phases   ] GC(682)   Post Evacuate Collection Set: 0.54ms
[348.145s][info][gc,phases   ] GC(682)   Other: 0.07ms
[348.145s][info][gc,heap     ] GC(682) Eden regions: 86->0(89)
[348.145s][info][gc,heap     ] GC(682) Survivor regions: 15->13(13)
[348.145s][info][gc,heap     ] GC(682) Old regions: 286->281
[348.145s][info][gc,heap     ] GC(682) Humongous regions: 6->6
[348.145s][info][gc,metaspace] GC(682) Metaspace: 42774K(43200K)->42774K(43200K) NonClass: 38420K(38720K)->38420K(38720K) Class: 4353K(4480K)->4353K(4480K)
[348.145s][info][gc          ] GC(682) Pause Young (Mixed) (G1 Evacuation Pause) 393M->299M(517M) 52.059ms
[348.145s][info][gc,cpu      ] GC(682) User=0.11s Sys=0.00s Real=0.05s
[348.460s][info][gc,start    ] GC(683) Pause Young (Mixed) (G1 Evacuation Pause)
[348.460s][info][gc,task     ] GC(683) Using 2 workers of 2 for evacuation
[348.505s][info][gc,phases   ] GC(683)   Pre Evacuate Collection Set: 0.35ms
[348.505s][info][gc,phases   ] GC(683)   Merge Heap Roots: 0.39ms
[348.505s][info][gc,phases   ] GC(683)   Evacuate Collection Set: 43.82ms
[348.505s][info][gc,phases   ] GC(683)   Post Evacuate Collection Set: 0.42ms
[348.505s][info][gc,phases   ] GC(683)   Other: 0.07ms
[348.505s][info][gc,heap     ] GC(683) Eden regions: 89->0(77)
[348.505s][info][gc,heap     ] GC(683) Survivor regions: 13->13(13)
[348.505s][info][gc,heap     ] GC(683) Old regions: 281->315
[348.505s][info][gc,heap     ] GC(683) Humongous regions: 7->7
[348.505s][info][gc,metaspace] GC(683) Metaspace: 42774K(43200K)->42774K(43200K) NonClass: 38420K(38720K)->38420K(38720K) Class: 4353K(4480K)->4353K(4480K)
[348.505s][info][gc          ] GC(683) Pause Young (Mixed) (G1 Evacuation Pause) 389M->335M(517M) 45.246ms
[348.505s][info][gc,cpu      ] GC(683) User=0.09s Sys=0.00s Real=0.05s
[348.858s][info][gc,start    ] GC(684) Pause Young (Concurrent Start) (G1 Evacuation Pause)
[348.858s][info][gc,task     ] GC(684) Using 2 workers of 2 for evacuation
[348.877s][info][gc,phases   ] GC(684)   Pre Evacuate Collection Set: 0.28ms
[348.877s][info][gc,phases   ] GC(684)   Merge Heap Roots: 0.13ms
[348.877s][info][gc,phases   ] GC(684)   Evacuate Collection Set: 17.25ms
[348.877s][info][gc,phases   ] GC(684)   Post Evacuate Collection Set: 1.01ms
[348.877s][info][gc,phases   ] GC(684)   Other: 0.16ms
[348.877s][info][gc,heap     ] GC(684) Eden regions: 77->0(120)
[348.877s][info][gc,heap     ] GC(684) Survivor regions: 13->12(12)
[348.877s][info][gc,heap     ] GC(684) Old regions: 315->329
[348.877s][info][gc,heap     ] GC(684) Humongous regions: 7->7
[348.877s][info][gc,metaspace] GC(684) Metaspace: 42774K(43200K)->42774K(43200K) NonClass: 38420K(38720K)->38420K(38720K) Class: 4353K(4480K)->4353K(4480K)
[348.877s][info][gc          ] GC(684) Pause Young (Concurrent Start) (G1 Evacuation Pause) 412M->347M(604M) 19.082ms
[348.877s][info][gc          ] GC(685) Concurrent Mark Cycle
[348.877s][info][gc,marking  ] GC(685) Concurrent Scan Root Regions
[348.879s][info][gc,cpu      ] GC(684) User=0.04s Sys=0.00s Real=0.02s
[348.888s][info][gc,marking  ] GC(685) Concurrent Scan Root Regions 10.450ms
[348.888s][info][gc,marking  ] GC(685) Concurrent Mark
[348.888s][info][gc,marking  ] GC(685) Concurrent Mark From Roots
[348.888s][info][gc,task     ] GC(685) Using 1 workers of 1 for marking
[349.032s][info][gc,marking  ] GC(685) Concurrent Mark From Roots 144.417ms
[349.032s][info][gc,marking  ] GC(685) Concurrent Preclean
[349.032s][info][gc,marking  ] GC(685) Concurrent Preclean 0.043ms
[349.032s][info][gc,start    ] GC(685) Pause Remark
[349.049s][info][gc          ] GC(685) Pause Remark 379M->312M(604M) 16.795ms
[349.049s][info][gc,cpu      ] GC(685) User=0.03s Sys=0.00s Real=0.01s
[349.052s][info][gc,marking  ] GC(685) Concurrent Mark 164.343ms
[349.052s][info][gc,marking  ] GC(685) Concurrent Rebuild Remembered Sets and Scrub Regions
[349.122s][info][gc,marking  ] GC(685) Concurrent Rebuild Remembered Sets and Scrub Regions 70.115ms
[349.122s][info][gc,start    ] GC(685) Pause Cleanup
[349.123s][info][gc          ] GC(685) Pause Cleanup 327M->327M(604M) 0.112ms
[349.123s][info][gc,cpu      ] GC(685) User=0.00s Sys=0.00s Real=0.00s
[349.123s][info][gc,marking  ] GC(685) Concurrent Clear Claimed Marks
[349.123s][info][gc,marking  ] GC(685) Concurrent Clear Claimed Marks 0.041ms
[349.123s][info][gc,marking  ] GC(685) Concurrent Cleanup for Next Mark
[349.125s][info][gc,marking  ] GC(685) Concurrent Cleanup for Next Mark 2.709ms
[349.125s][info][gc          ] GC(685) Concurrent Mark Cycle 248.101ms
[349.427s][info][gc,start    ] GC(686) Pause Young (Prepare Mixed) (G1 Evacuation Pause)
[349.427s][info][gc,task     ] GC(686) Using 2 workers of 2 for evacuation
[349.444s][info][gc,phases   ] GC(686)   Pre Evacuate Collection Set: 0.26ms
[349.444s][info][gc,phases   ] GC(686)   Merge Heap Roots: 0.10ms
[349.444s][info][gc,phases   ] GC(686)   Evacuate Collection Set: 15.91ms
[349.444s][info][gc,phases   ] GC(686)   Post Evacuate Collection Set: 0.41ms
[349.444s][info][gc,phases   ] GC(686)   Other: 0.09ms
[349.444s][info][gc,heap     ] GC(686) Eden regions: 120->0(161)
[349.444s][info][gc,heap     ] GC(686) Survivor regions: 12->14(17)
[349.444s][info][gc,heap     ] GC(686) Old regions: 264->276
[349.444s][info][gc,heap     ] GC(686) Humongous regions: 5->5
[349.444s][info][gc,metaspace] GC(686) Metaspace: 42774K(43200K)->42774K(43200K) NonClass: 38420K(38720K)->38420K(38720K) Class: 4353K(4480K)->4353K(4480K)
[349.444s][info][gc          ] GC(686) Pause Young (Prepare Mixed) (G1 Evacuation Pause) 400M->295M(604M) 16.999ms
[349.444s][info][gc,cpu      ] GC(686) User=0.04s Sys=0.00s Real=0.02s
[350.069s][info][gc,start    ] GC(687) Pause Young (Mixed) (G1 Evacuation Pause)
[350.069s][info][gc,task     ] GC(687) Using 2 workers of 2 for evacuation
[350.083s][info][gc,phases   ] GC(687)   Pre Evacuate Collection Set: 0.28ms
[350.083s][info][gc,phases   ] GC(687)   Merge Heap Roots: 0.13ms
[350.083s][info][gc,phases   ] GC(687)   Evacuate Collection Set: 12.16ms
[350.083s][info][gc,phases   ] GC(687)   Post Evacuate Collection Set: 0.49ms
[350.083s][info][gc,phases   ] GC(687)   Other: 0.08ms
[350.083s][info][gc,heap     ] GC(687) Eden regions: 161->0(206)
[350.083s][info][gc,heap     ] GC(687) Survivor regions: 14->15(22)
[350.083s][info][gc,heap     ] GC(687) Old regions: 276->216
[350.083s][info][gc,heap     ] GC(687) Humongous regions: 6->5
[350.083s][info][gc,metaspace] GC(687) Metaspace: 42774K(43200K)->42774K(43200K) NonClass: 38420K(38720K)->38420K(38720K) Class: 4353K(4480K)->4353K(4480K)
[350.083s][info][gc          ] GC(687) Pause Young (Mixed) (G1 Evacuation Pause) 457M->236M(604M) 13.369ms
[350.083s][info][gc,cpu      ] GC(687) User=0.02s Sys=0.00s Real=0.02s
[350.824s][info][gc,start    ] GC(688) Pause Young (Mixed) (G1 Evacuation Pause)
[350.824s][info][gc,task     ] GC(688) Using 2 workers of 2 for evacuation
[350.845s][info][gc,phases   ] GC(688)   Pre Evacuate Collection Set: 0.27ms
[350.845s][info][gc,phases   ] GC(688)   Merge Heap Roots: 0.36ms
[350.845s][info][gc,phases   ] GC(688)   Evacuate Collection Set: 19.49ms
[350.845s][info][gc,phases   ] GC(688)   Post Evacuate Collection Set: 0.56ms
[350.845s][info][gc,phases   ] GC(688)   Other: 0.08ms
[350.845s][info][gc,heap     ] GC(688) Eden regions: 206->0(241)
[350.845s][info][gc,heap     ] GC(688) Survivor regions: 15->20(28)
[350.845s][info][gc,heap     ] GC(688) Old regions: 216->170
[350.845s][info][gc,heap     ] GC(688) Humongous regions: 8->6
[350.845s][info][gc,metaspace] GC(688) Metaspace: 42774K(43200K)->42774K(43200K) NonClass: 38420K(38720K)->38420K(38720K) Class: 4353K(4480K)->4353K(4480K)
[350.845s][info][gc          ] GC(688) Pause Young (Mixed) (G1 Evacuation Pause) 445M->195M(604M) 20.984ms
[350.845s][info][gc,cpu      ] GC(688) User=0.04s Sys=0.00s Real=0.02s
[351.200s][info][gc,start    ] GC(689) Pause Young (Concurrent Start) (G1 Humongous Allocation)
[351.200s][info][gc,task     ] GC(689) Using 2 workers of 2 for evacuation
[351.225s][info][gc,phases   ] GC(689)   Pre Evacuate Collection Set: 0.30ms
[351.225s][info][gc,phases   ] GC(689)   Merge Heap Roots: 0.06ms
[351.225s][info][gc,phases   ] GC(689)   Evacuate Collection Set: 24.30ms
[351.225s][info][gc,phases   ] GC(689)   Post Evacuate Collection Set: 0.42ms
[351.225s][info][gc,phases   ] GC(689)   Other: 0.10ms
[351.225s][info][gc,heap     ] GC(689) Eden regions: 102->0(234)
[351.225s][info][gc,heap     ] GC(689) Survivor regions: 20->33(33)
[351.225s][info][gc,heap     ] GC(689) Old regions: 170->176
[351.225s][info][gc,heap     ] GC(689) Humongous regions: 6->5
[351.225s][info][gc,metaspace] GC(689) Metaspace: 42774K(43200K)->42774K(43200K) NonClass: 38420K(38720K)->38420K(38720K) Class: 4353K(4480K)->4353K(4480K)
[351.225s][info][gc          ] GC(689) Pause Young (Concurrent Start) (G1 Humongous Allocation) 297M->214M(604M) 25.385ms
[351.225s][info][gc          ] GC(690) Concurrent Mark Cycle
[351.225s][info][gc,marking  ] GC(690) Concurrent Scan Root Regions
[351.227s][info][gc,cpu      ] GC(689) User=0.05s Sys=0.00s Real=0.03s
[351.242s][info][gc,marking  ] GC(690) Concurrent Scan Root Regions 16.869ms
[351.242s][info][gc,marking  ] GC(690) Concurrent Mark
[351.242s][info][gc,marking  ] GC(690) Concurrent Mark From Roots
[351.242s][info][gc,task     ] GC(690) Using 1 workers of 1 for marking
[351.317s][info][gc,marking  ] GC(690) Concurrent Mark From Roots 75.027ms
[351.317s][info][gc,marking  ] GC(690) Concurrent Preclean
[351.317s][info][gc,marking  ] GC(690) Concurrent Preclean 0.045ms
[351.317s][info][gc,start    ] GC(690) Pause Remark
[351.334s][info][gc          ] GC(690) Pause Remark 236M->149M(427M) 16.664ms
[351.334s][info][gc,cpu      ] GC(690) User=0.03s Sys=0.00s Real=0.02s
[351.334s][info][gc,marking  ] GC(690) Concurrent Mark 92.025ms
[351.334s][info][gc,marking  ] GC(690) Concurrent Rebuild Remembered Sets and Scrub Regions
[351.369s][info][gc,marking  ] GC(690) Concurrent Rebuild Remembered Sets and Scrub Regions 34.865ms
[351.369s][info][gc,start    ] GC(690) Pause Cleanup
[351.369s][info][gc          ] GC(690) Pause Cleanup 157M->157M(427M) 0.056ms
[351.369s][info][gc,cpu      ] GC(690) User=0.00s Sys=0.00s Real=0.00s
[351.369s][info][gc,marking  ] GC(690) Concurrent Clear Claimed Marks
[351.369s][info][gc,marking  ] GC(690) Concurrent Clear Claimed Marks 0.041ms
[351.369s][info][gc,marking  ] GC(690) Concurrent Cleanup for Next Mark
[351.371s][info][gc,marking  ] GC(690) Concurrent Cleanup for Next Mark 1.231ms
[351.371s][info][gc          ] GC(690) Concurrent Mark Cycle 145.422ms
[352.056s][info][gc,start    ] GC(691) Pause Young (Prepare Mixed) (G1 Evacuation Pause)
[352.056s][info][gc,task     ] GC(691) Using 2 workers of 2 for evacuation
[352.081s][info][gc,phases   ] GC(691)   Pre Evacuate Collection Set: 0.21ms
[352.081s][info][gc,phases   ] GC(691)   Merge Heap Roots: 0.13ms
[352.081s][info][gc,phases   ] GC(691)   Evacuate Collection Set: 23.58ms
[352.081s][info][gc,phases   ] GC(691)   Post Evacuate Collection Set: 0.49ms
[352.081s][info][gc,phases   ] GC(691)   Other: 0.07ms
[352.081s][info][gc,heap     ] GC(691) Eden regions: 223->0(187)
[352.081s][info][gc,heap     ] GC(691) Survivor regions: 33->20(32)
[352.081s][info][gc,heap     ] GC(691) Old regions: 91->108
[352.081s][info][gc,heap     ] GC(691) Humongous regions: 6->4
[352.081s][info][gc,metaspace] GC(691) Metaspace: 42774K(43200K)->42774K(43200K) NonClass: 38420K(38720K)->38420K(38720K) Class: 4353K(4480K)->4353K(4480K)
[352.081s][info][gc          ] GC(691) Pause Young (Prepare Mixed) (G1 Evacuation Pause) 353M->131M(427M) 24.705ms
[352.081s][info][gc,cpu      ] GC(691) User=0.05s Sys=0.00s Real=0.02s
[352.701s][info][gc,start    ] GC(692) Pause Young (Mixed) (G1 Evacuation Pause)
[352.701s][info][gc,task     ] GC(692) Using 2 workers of 2 for evacuation
[352.721s][info][gc,phases   ] GC(692)   Pre Evacuate Collection Set: 0.22ms
[352.721s][info][gc,phases   ] GC(692)   Merge Heap Roots: 0.12ms
[352.721s][info][gc,phases   ] GC(692)   Evacuate Collection Set: 18.93ms
[352.721s][info][gc,phases   ] GC(692)   Post Evacuate Collection Set: 0.49ms
[352.721s][info][gc,phases   ] GC(692)   Other: 0.09ms
[352.721s][info][gc,heap     ] GC(692) Eden regions: 187->0(193)
[352.721s][info][gc,heap     ] GC(692) Survivor regions: 20->19(26)
[352.721s][info][gc,heap     ] GC(692) Old regions: 108->107
[352.721s][info][gc,heap     ] GC(692) Humongous regions: 7->4
[352.721s][info][gc,metaspace] GC(692) Metaspace: 42774K(43200K)->42774K(43200K) NonClass: 38420K(38720K)->38420K(38720K) Class: 4353K(4480K)->4353K(4480K)
[352.721s][info][gc          ] GC(692) Pause Young (Mixed) (G1 Evacuation Pause) 321M->130M(427M) 20.063ms
[352.721s][info][gc,cpu      ] GC(692) User=0.04s Sys=0.00s Real=0.02s
[353.334s][info][gc,start    ] GC(693) Pause Young (Concurrent Start) (G1 Evacuation Pause)
[353.334s][info][gc,task     ] GC(693) Using 2 workers of 2 for evacuation
[353.347s][info][gc,phases   ] GC(693)   Pre Evacuate Collection Set: 0.23ms
[353.347s][info][gc,phases   ] GC(693)   Merge Heap Roots: 0.06ms
[353.347s][info][gc,phases   ] GC(693)   Evacuate Collection Set: 11.80ms
[353.347s][info][gc,phases   ] GC(693)   Post Evacuate Collection Set: 0.48ms
[353.347s][info][gc,phases   ] GC(693)   Other: 0.11ms
[353.347s][info][gc,heap     ] GC(693) Eden regions: 193->0(207)
[353.347s][info][gc,heap     ] GC(693) Survivor regions: 19->2(27)
[353.347s][info][gc,heap     ] GC(693) Old regions: 107->126
[353.347s][info][gc,heap     ] GC(693) Humongous regions: 4->4
[353.347s][info][gc,metaspace] GC(693) Metaspace: 42774K(43200K)->42774K(43200K) NonClass: 38420K(38720K)->38420K(38720K) Class: 4353K(4480K)->4353K(4480K)
[353.347s][info][gc          ] GC(693) Pause Young (Concurrent Start) (G1 Evacuation Pause) 323M->132M(427M) 12.899ms
[353.347s][info][gc,cpu      ] GC(693) User=0.02s Sys=0.00s Real=0.01s
[353.347s][info][gc          ] GC(694) Concurrent Mark Cycle
[353.347s][info][gc,marking  ] GC(694) Concurrent Scan Root Regions
[353.356s][info][gc,marking  ] GC(694) Concurrent Scan Root Regions 8.614ms
[353.356s][info][gc,marking  ] GC(694) Concurrent Mark
[353.356s][info][gc,marking  ] GC(694) Concurrent Mark From Roots
[353.356s][info][gc,task     ] GC(694) Using 1 workers of 1 for marking
[353.431s][info][gc,marking  ] GC(694) Concurrent Mark From Roots 74.995ms
[353.431s][info][gc,marking  ] GC(694) Concurrent Preclean
[353.431s][info][gc,marking  ] GC(694) Concurrent Preclean 0.041ms
[353.431s][info][gc,start    ] GC(694) Pause Remark
[353.448s][info][gc          ] GC(694) Pause Remark 154M->135M(377M) 16.804ms
[353.448s][info][gc,cpu      ] GC(694) User=0.04s Sys=0.00s Real=0.01s
[353.448s][info][gc,marking  ] GC(694) Concurrent Mark 92.393ms
[353.448s][info][gc,marking  ] GC(694) Concurrent Rebuild Remembered Sets and Scrub Regions
[353.488s][info][gc,marking  ] GC(694) Concurrent Rebuild Remembered Sets and Scrub Regions 39.461ms
[353.488s][info][gc,start    ] GC(694) Pause Cleanup
[353.488s][info][gc          ] GC(694) Pause Cleanup 146M->146M(377M) 0.061ms
[353.488s][info][gc,cpu      ] GC(694) User=0.00s Sys=0.00s Real=0.00s
[353.488s][info][gc,marking  ] GC(694) Concurrent Clear Claimed Marks
[353.488s][info][gc,marking  ] GC(694) Concurrent Clear Claimed Marks 0.042ms
[353.488s][info][gc,marking  ] GC(694) Concurrent Cleanup for Next Mark
[353.489s][info][gc,marking  ] GC(694) Concurrent Cleanup for Next Mark 1.121ms
[353.489s][info][gc          ] GC(694) Concurrent Mark Cycle 142.010ms
[354.027s][info][gc,start    ] GC(695) Pause Young (Prepare Mixed) (G1 Evacuation Pause)
[354.027s][info][gc,task     ] GC(695) Using 2 workers of 2 for evacuation
[354.030s][info][gc,phases   ] GC(695)   Pre Evacuate Collection Set: 0.30ms
[354.030s][info][gc,phases   ] GC(695)   Merge Heap Roots: 0.10ms
[354.030s][info][gc,phases   ] GC(695)   Evacuate Collection Set: 1.85ms
[354.030s][info][gc,phases   ] GC(695)   Post Evacuate Collection Set: 0.42ms
[354.030s][info][gc,phases   ] GC(695)   Other: 0.09ms
[354.030s][info][gc,heap     ] GC(695) Eden regions: 207->0(198)
[354.030s][info][gc,heap     ] GC(695) Survivor regions: 2->2(27)
[354.030s][info][gc,heap     ] GC(695) Old regions: 108->108
[354.030s][info][gc,heap     ] GC(695) Humongous regions: 4->3
[354.030s][info][gc,metaspace] GC(695) Metaspace: 42774K(43200K)->42774K(43200K) NonClass: 38420K(38720K)->38420K(38720K) Class: 4353K(4480K)->4353K(4480K)
[354.030s][info][gc          ] GC(695) Pause Young (Prepare Mixed) (G1 Evacuation Pause) 321M->112M(377M) 2.968ms
[354.030s][info][gc,cpu      ] GC(695) User=0.00s Sys=0.00s Real=0.00s
[354.472s][info][gc,start    ] GC(696) Pause Young (Mixed) (G1 Evacuation Pause)
[354.473s][info][gc,task     ] GC(696) Using 2 workers of 2 for evacuation
[354.480s][info][gc,phases   ] GC(696)   Pre Evacuate Collection Set: 0.21ms
[354.480s][info][gc,phases   ] GC(696)   Merge Heap Roots: 0.14ms
[354.480s][info][gc,phases   ] GC(696)   Evacuate Collection Set: 6.61ms
[354.480s][info][gc,phases   ] GC(696)   Post Evacuate Collection Set: 0.50ms
[354.480s][info][gc,phases   ] GC(696)   Other: 0.09ms
[354.480s][info][gc,heap     ] GC(696) Eden regions: 198->0(221)
[354.480s][info][gc,heap     ] GC(696) Survivor regions: 2->5(25)
[354.480s][info][gc,heap     ] GC(696) Old regions: 108->83
[354.480s][info][gc,heap     ] GC(696) Humongous regions: 3->1
[354.480s][info][gc,metaspace] GC(696) Metaspace: 42774K(43200K)->42774K(43200K) NonClass: 38420K(38720K)->38420K(38720K) Class: 4353K(4480K)->4353K(4480K)
[354.480s][info][gc          ] GC(696) Pause Young (Mixed) (G1 Evacuation Pause) 310M->88M(377M) 7.765ms
[354.480s][info][gc,cpu      ] GC(696) User=0.01s Sys=0.00s Real=0.00s
[354.902s][info][gc,start    ] GC(697) Pause Young (Concurrent Start) (G1 Evacuation Pause)
[354.902s][info][gc,task     ] GC(697) Using 2 workers of 2 for evacuation
[354.906s][info][gc,phases   ] GC(697)   Pre Evacuate Collection Set: 0.21ms
[354.906s][info][gc,phases   ] GC(697)   Merge Heap Roots: 0.06ms
[354.906s][info][gc,phases   ] GC(697)   Evacuate Collection Set: 3.17ms
[354.906s][info][gc,phases   ] GC(697)   Post Evacuate Collection Set: 0.48ms
[354.906s][info][gc,phases   ] GC(697)   Other: 0.11ms
[354.906s][info][gc,heap     ] GC(697) Eden regions: 221->0(222)
[354.907s][info][gc,heap     ] GC(697) Survivor regions: 5->4(29)
[354.907s][info][gc,heap     ] GC(697) Old regions: 83->83
[354.907s][info][gc,heap     ] GC(697) Humongous regions: 1->1
[354.907s][info][gc,metaspace] GC(697) Metaspace: 42774K(43200K)->42774K(43200K) NonClass: 38420K(38720K)->38420K(38720K) Class: 4353K(4480K)->4353K(4480K)
[354.907s][info][gc          ] GC(697) Pause Young (Concurrent Start) (G1 Evacuation Pause) 309M->87M(377M) 4.261ms
[354.907s][info][gc,cpu      ] GC(697) User=0.01s Sys=0.00s Real=0.00s
[354.907s][info][gc          ] GC(698) Concurrent Mark Cycle
[354.907s][info][gc,marking  ] GC(698) Concurrent Scan Root Regions
[354.909s][info][gc,marking  ] GC(698) Concurrent Scan Root Regions 2.088ms
[354.909s][info][gc,marking  ] GC(698) Concurrent Mark
[354.909s][info][gc,marking  ] GC(698) Concurrent Mark From Roots
[354.909s][info][gc,task     ] GC(698) Using 1 workers of 1 for marking
[354.985s][info][gc,marking  ] GC(698) Concurrent Mark From Roots 76.066ms
[354.985s][info][gc,marking  ] GC(698) Concurrent Preclean
[354.985s][info][gc,marking  ] GC(698) Concurrent Preclean 0.044ms
[354.985s][info][gc,start    ] GC(698) Pause Remark
[355.002s][info][gc          ] GC(698) Pause Remark 109M->94M(256M) 16.843ms
[355.002s][info][gc,cpu      ] GC(698) User=0.04s Sys=0.00s Real=0.02s
[355.004s][info][gc,marking  ] GC(698) Concurrent Mark 95.429ms
[355.004s][info][gc,marking  ] GC(698) Concurrent Rebuild Remembered Sets and Scrub Regions
[355.057s][info][gc,marking  ] GC(698) Concurrent Rebuild Remembered Sets and Scrub Regions 53.061ms
[355.057s][info][gc,start    ] GC(698) Pause Cleanup
[355.057s][info][gc          ] GC(698) Pause Cleanup 109M->109M(256M) 0.050ms
[355.057s][info][gc,cpu      ] GC(698) User=0.00s Sys=0.00s Real=0.00s
[355.057s][info][gc,marking  ] GC(698) Concurrent Clear Claimed Marks
[355.058s][info][gc,marking  ] GC(698) Concurrent Clear Claimed Marks 0.039ms
[355.058s][info][gc,marking  ] GC(698) Concurrent Cleanup for Next Mark
[355.058s][info][gc,marking  ] GC(698) Concurrent Cleanup for Next Mark 0.761ms
[355.058s][info][gc          ] GC(698) Concurrent Mark Cycle 151.744ms
[355.516s][info][gc,start    ] GC(699) Pause Young (Prepare Mixed) (G1 Evacuation Pause)
[355.516s][info][gc,task     ] GC(699) Using 2 workers of 2 for evacuation
[355.528s][info][gc,phases   ] GC(699)   Pre Evacuate Collection Set: 0.23ms
[355.528s][info][gc,phases   ] GC(699)   Merge Heap Roots: 0.07ms
[355.528s][info][gc,phases   ] GC(699)   Evacuate Collection Set: 11.19ms
[355.528s][info][gc,phases   ] GC(699)   Post Evacuate Collection Set: 1.01ms
[355.528s][info][gc,phases   ] GC(699)   Other: 0.07ms
[355.528s][info][gc,heap     ] GC(699) Eden regions: 81->0(230)
[355.528s][info][gc,heap     ] GC(699) Survivor regions: 4->8(29)
[355.528s][info][gc,heap     ] GC(699) Old regions: 68->68
[355.528s][info][gc,heap     ] GC(699) Humongous regions: 237->3
[355.528s][info][gc,metaspace] GC(699) Metaspace: 42774K(43200K)->42774K(43200K) NonClass: 38420K(38720K)->38420K(38720K) Class: 4353K(4480K)->4353K(4480K)
[355.528s][info][gc          ] GC(699) Pause Young (Prepare Mixed) (G1 Evacuation Pause) 389M->78M(398M) 12.785ms
[355.528s][info][gc,cpu      ] GC(699) User=0.02s Sys=0.00s Real=0.01s
[356.170s][info][gc,start    ] GC(700) Pause Young (Mixed) (G1 Evacuation Pause)
[356.170s][info][gc,task     ] GC(700) Using 2 workers of 2 for evacuation
[356.193s][info][gc,phases   ] GC(700)   Pre Evacuate Collection Set: 0.30ms
[356.193s][info][gc,phases   ] GC(700)   Merge Heap Roots: 0.13ms
[356.193s][info][gc,phases   ] GC(700)   Evacuate Collection Set: 21.72ms
[356.193s][info][gc,phases   ] GC(700)   Post Evacuate Collection Set: 1.17ms
[356.193s][info][gc,phases   ] GC(700)   Other: 0.07ms
[356.193s][info][gc,heap     ] GC(700) Eden regions: 61->0(311)
[356.193s][info][gc,heap     ] GC(700) Survivor regions: 8->13(34)
[356.194s][info][gc,heap     ] GC(700) Old regions: 68->60
[356.194s][info][gc,heap     ] GC(700) Humongous regions: 389->3
[356.194s][info][gc,metaspace] GC(700) Metaspace: 42774K(43200K)->42774K(43200K) NonClass: 38420K(38720K)->38420K(38720K) Class: 4353K(4480K)->4353K(4480K)
[356.194s][info][gc          ] GC(700) Pause Young (Mixed) (G1 Evacuation Pause) 525M->74M(541M) 23.630ms
[356.194s][info][gc,cpu      ] GC(700) User=0.04s Sys=0.01s Real=0.03s
[356.196s][info][gc,start    ] GC(701) Pause Young (Concurrent Start) (G1 Humongous Allocation)
[356.196s][info][gc,task     ] GC(701) Using 2 workers of 2 for evacuation
[356.207s][info][gc,phases   ] GC(701)   Pre Evacuate Collection Set: 0.25ms
[356.207s][info][gc,phases   ] GC(701)   Merge Heap Roots: 0.06ms
[356.207s][info][gc,phases   ] GC(701)   Evacuate Collection Set: 9.91ms
[356.207s][info][gc,phases   ] GC(701)   Post Evacuate Collection Set: 0.37ms
[356.207s][info][gc,phases   ] GC(701)   Other: 0.08ms
[356.207s][info][gc,heap     ] GC(701) Eden regions: 1->0(311)
[356.207s][info][gc,heap     ] GC(701) Survivor regions: 13->13(41)
[356.207s][info][gc,heap     ] GC(701) Old regions: 60->60
[356.207s][info][gc,heap     ] GC(701) Humongous regions: 3->1
[356.207s][info][gc,metaspace] GC(701) Metaspace: 42774K(43200K)->42774K(43200K) NonClass: 38420K(38720K)->38420K(38720K) Class: 4353K(4480K)->4353K(4480K)
[356.207s][info][gc          ] GC(701) Pause Young (Concurrent Start) (G1 Humongous Allocation) 75M->72M(541M) 10.855ms
[356.207s][info][gc          ] GC(702) Concurrent Mark Cycle
[356.207s][info][gc,marking  ] GC(702) Concurrent Scan Root Regions
[356.208s][info][gc,cpu      ] GC(701) User=0.02s Sys=0.00s Real=0.01s
[356.214s][info][gc,marking  ] GC(702) Concurrent Scan Root Regions 7.508ms
[356.214s][info][gc,marking  ] GC(702) Concurrent Mark
[356.214s][info][gc,marking  ] GC(702) Concurrent Mark From Roots
[356.214s][info][gc,task     ] GC(702) Using 1 workers of 1 for marking
[356.286s][info][gc,marking  ] GC(702) Concurrent Mark From Roots 71.751ms
[356.286s][info][gc,marking  ] GC(702) Concurrent Preclean
[356.286s][info][gc,marking  ] GC(702) Concurrent Preclean 0.063ms
[356.286s][info][gc,start    ] GC(702) Pause Remark
[356.304s][info][gc          ] GC(702) Pause Remark 136M->136M(434M) 17.006ms
[356.304s][info][gc,cpu      ] GC(702) User=0.03s Sys=0.00s Real=0.02s
[356.304s][info][gc,marking  ] GC(702) Concurrent Mark 89.141ms
[356.304s][info][gc,marking  ] GC(702) Concurrent Rebuild Remembered Sets and Scrub Regions
[356.333s][info][gc,marking  ] GC(702) Concurrent Rebuild Remembered Sets and Scrub Regions 28.962ms
[356.333s][info][gc,start    ] GC(702) Pause Cleanup
[356.333s][info][gc          ] GC(702) Pause Cleanup 159M->159M(434M) 0.065ms
[356.333s][info][gc,cpu      ] GC(702) User=0.00s Sys=0.00s Real=0.00s
[356.333s][info][gc,marking  ] GC(702) Concurrent Clear Claimed Marks
[356.333s][info][gc,marking  ] GC(702) Concurrent Clear Claimed Marks 0.042ms
[356.333s][info][gc,marking  ] GC(702) Concurrent Cleanup for Next Mark
[356.336s][info][gc,marking  ] GC(702) Concurrent Cleanup for Next Mark 2.961ms
[356.336s][info][gc          ] GC(702) Concurrent Mark Cycle 129.016ms
[356.879s][info][gc,start    ] GC(703) Pause Young (Prepare Mixed) (G1 Evacuation Pause)
[356.879s][info][gc,task     ] GC(703) Using 2 workers of 2 for evacuation
[356.914s][info][gc,phases   ] GC(703)   Pre Evacuate Collection Set: 0.28ms
[356.914s][info][gc,phases   ] GC(703)   Merge Heap Roots: 0.07ms
[356.914s][info][gc,phases   ] GC(703)   Evacuate Collection Set: 32.90ms
[356.914s][info][gc,phases   ] GC(703)   Post Evacuate Collection Set: 1.04ms
[356.914s][info][gc,phases   ] GC(703)   Other: 0.07ms
[356.914s][info][gc,heap     ] GC(703) Eden regions: 72->0(294)
[356.914s][info][gc,heap     ] GC(703) Survivor regions: 13->24(36)
[356.914s][info][gc,heap     ] GC(703) Old regions: 60->60
[356.914s][info][gc,heap     ] GC(703) Humongous regions: 361->3
[356.914s][info][gc,metaspace] GC(703) Metaspace: 42774K(43200K)->42774K(43200K) NonClass: 38420K(38720K)->38420K(38720K) Class: 4353K(4480K)->4353K(4480K)
[356.914s][info][gc          ] GC(703) Pause Young (Prepare Mixed) (G1 Evacuation Pause) 504M->86M(530M) 34.583ms
[356.914s][info][gc,cpu      ] GC(703) User=0.04s Sys=0.02s Real=0.04s
[357.568s][info][gc,start    ] GC(704) Pause Young (Mixed) (G1 Evacuation Pause)
[357.568s][info][gc,task     ] GC(704) Using 2 workers of 2 for evacuation
[357.579s][info][gc,phases   ] GC(704)   Pre Evacuate Collection Set: 0.29ms
[357.579s][info][gc,phases   ] GC(704)   Merge Heap Roots: 0.08ms
[357.579s][info][gc,phases   ] GC(704)   Evacuate Collection Set: 9.76ms
[357.579s][info][gc,phases   ] GC(704)   Post Evacuate Collection Set: 0.70ms
[357.579s][info][gc,phases   ] GC(704)   Other: 0.07ms
[357.579s][info][gc,heap     ] GC(704) Eden regions: 89->0(323)
[357.579s][info][gc,heap     ] GC(704) Survivor regions: 24->2(40)
[357.579s][info][gc,heap     ] GC(704) Old regions: 60->60
[357.579s][info][gc,heap     ] GC(704) Humongous regions: 361->1
[357.579s][info][gc,metaspace] GC(704) Metaspace: 42774K(43200K)->42774K(43200K) NonClass: 38421K(38720K)->38421K(38720K) Class: 4353K(4480K)->4353K(4480K)
[357.579s][info][gc          ] GC(704) Pause Young (Mixed) (G1 Evacuation Pause) 533M->62M(542M) 11.117ms
[357.579s][info][gc,cpu      ] GC(704) User=0.01s Sys=0.01s Real=0.01s
[357.657s][info][gc,start    ] GC(705) Pause Young (Concurrent Start) (G1 Humongous Allocation)
[357.657s][info][gc,task     ] GC(705) Using 2 workers of 2 for evacuation
[357.661s][info][gc,phases   ] GC(705)   Pre Evacuate Collection Set: 0.26ms
[357.661s][info][gc,phases   ] GC(705)   Merge Heap Roots: 0.06ms
[357.661s][info][gc,phases   ] GC(705)   Evacuate Collection Set: 2.88ms
[357.661s][info][gc,phases   ] GC(705)   Post Evacuate Collection Set: 0.32ms
[357.661s][info][gc,phases   ] GC(705)   Other: 0.08ms
[357.661s][info][gc,heap     ] GC(705) Eden regions: 18->0(321)
[357.661s][info][gc,heap     ] GC(705) Survivor regions: 2->4(41)
[357.661s][info][gc,heap     ] GC(705) Old regions: 60->60
[357.661s][info][gc,heap     ] GC(705) Humongous regions: 1->1
[357.661s][info][gc,metaspace] GC(705) Metaspace: 42774K(43200K)->42774K(43200K) NonClass: 38421K(38720K)->38421K(38720K) Class: 4353K(4480K)->4353K(4480K)
[357.661s][info][gc          ] GC(705) Pause Young (Concurrent Start) (G1 Humongous Allocation) 80M->64M(542M) 3.798ms
[357.661s][info][gc          ] GC(706) Concurrent Mark Cycle
[357.661s][info][gc,marking  ] GC(706) Concurrent Scan Root Regions
[357.663s][info][gc,cpu      ] GC(705) User=0.01s Sys=0.00s Real=0.01s
[357.663s][info][gc,marking  ] GC(706) Concurrent Scan Root Regions 1.887ms
[357.663s][info][gc,marking  ] GC(706) Concurrent Mark
[357.663s][info][gc,marking  ] GC(706) Concurrent Mark From Roots
[357.663s][info][gc,task     ] GC(706) Using 1 workers of 1 for marking
[357.737s][info][gc,marking  ] GC(706) Concurrent Mark From Roots 74.025ms
[357.737s][info][gc,marking  ] GC(706) Concurrent Preclean
[357.737s][info][gc,marking  ] GC(706) Concurrent Preclean 0.139ms
[357.737s][info][gc,start    ] GC(706) Pause Remark
[357.754s][info][gc          ] GC(706) Pause Remark 106M->106M(310M) 17.067ms
[357.754s][info][gc,cpu      ] GC(706) User=0.03s Sys=0.00s Real=0.02s
[357.755s][info][gc,marking  ] GC(706) Concurrent Mark 91.574ms
[357.755s][info][gc,marking  ] GC(706) Concurrent Rebuild Remembered Sets and Scrub Regions
[357.790s][info][gc,marking  ] GC(706) Concurrent Rebuild Remembered Sets and Scrub Regions 35.577ms
[357.790s][info][gc,start    ] GC(706) Pause Cleanup
[357.790s][info][gc          ] GC(706) Pause Cleanup 120M->120M(310M) 0.058ms
[357.790s][info][gc,cpu      ] GC(706) User=0.00s Sys=0.00s Real=0.00s
[357.790s][info][gc,marking  ] GC(706) Concurrent Clear Claimed Marks
[357.790s][info][gc,marking  ] GC(706) Concurrent Clear Claimed Marks 0.041ms
[357.790s][info][gc,marking  ] GC(706) Concurrent Cleanup for Next Mark
[357.791s][info][gc,marking  ] GC(706) Concurrent Cleanup for Next Mark 0.923ms
[357.791s][info][gc          ] GC(706) Concurrent Mark Cycle 130.377ms
[358.249s][info][gc,start    ] GC(707) Pause Young (Prepare Mixed) (G1 Evacuation Pause)
[358.249s][info][gc,task     ] GC(707) Using 2 workers of 2 for evacuation
[358.257s][info][gc,phases   ] GC(707)   Pre Evacuate Collection Set: 0.21ms
[358.257s][info][gc,phases   ] GC(707)   Merge Heap Roots: 0.09ms
[358.257s][info][gc,phases   ] GC(707)   Evacuate Collection Set: 6.52ms
[358.257s][info][gc,phases   ] GC(707)   Post Evacuate Collection Set: 0.67ms
[358.257s][info][gc,phases   ] GC(707)   Other: 0.09ms
[358.257s][info][gc,heap     ] GC(707) Eden regions: 182->0(178)
[358.257s][info][gc,heap     ] GC(707) Survivor regions: 4->8(24)
[358.257s][info][gc,heap     ] GC(707) Old regions: 60->60
[358.257s][info][gc,heap     ] GC(707) Humongous regions: 45->1
[358.257s][info][gc,metaspace] GC(707) Metaspace: 42817K(43264K)->42817K(43264K) NonClass: 38464K(38784K)->38464K(38784K) Class: 4353K(4480K)->4353K(4480K)
[358.257s][info][gc          ] GC(707) Pause Young (Prepare Mixed) (G1 Evacuation Pause) 290M->68M(310M) 7.845ms
[358.257s][info][gc,cpu      ] GC(707) User=0.01s Sys=0.01s Real=0.01s
[358.711s][info][gc,start    ] GC(708) Pause Young (Mixed) (G1 Evacuation Pause)
[358.711s][info][gc,task     ] GC(708) Using 2 workers of 2 for evacuation
[358.723s][info][gc,phases   ] GC(708)   Pre Evacuate Collection Set: 0.27ms
[358.723s][info][gc,phases   ] GC(708)   Merge Heap Roots: 0.22ms
[358.723s][info][gc,phases   ] GC(708)   Evacuate Collection Set: 10.56ms
[358.723s][info][gc,phases   ] GC(708)   Post Evacuate Collection Set: 0.65ms
[358.723s][info][gc,phases   ] GC(708)   Other: 0.08ms
[358.723s][info][gc,heap     ] GC(708) Eden regions: 178->0(177)
[358.723s][info][gc,heap     ] GC(708) Survivor regions: 8->9(24)
[358.723s][info][gc,heap     ] GC(708) Old regions: 60->55
[358.723s][info][gc,heap     ] GC(708) Humongous regions: 1->1
[358.723s][info][gc,metaspace] GC(708) Metaspace: 42817K(43264K)->42817K(43264K) NonClass: 38464K(38784K)->38464K(38784K) Class: 4353K(4480K)->4353K(4480K)
[358.723s][info][gc          ] GC(708) Pause Young (Mixed) (G1 Evacuation Pause) 246M->64M(310M) 12.027ms
[358.723s][info][gc,cpu      ] GC(708) User=0.02s Sys=0.00s Real=0.01s
[359.160s][info][gc,start    ] GC(709) Pause Young (Concurrent Start) (G1 Evacuation Pause)
[359.160s][info][gc,task     ] GC(709) Using 2 workers of 2 for evacuation
[359.166s][info][gc,phases   ] GC(709)   Pre Evacuate Collection Set: 0.20ms
[359.167s][info][gc,phases   ] GC(709)   Merge Heap Roots: 0.08ms
[359.167s][info][gc,phases   ] GC(709)   Evacuate Collection Set: 5.90ms
[359.167s][info][gc,phases   ] GC(709)   Post Evacuate Collection Set: 0.59ms
[359.167s][info][gc,phases   ] GC(709)   Other: 0.10ms
[359.167s][info][gc,heap     ] GC(709) Eden regions: 177->0(177)
[359.167s][info][gc,heap     ] GC(709) Survivor regions: 9->9(24)
[359.167s][info][gc,heap     ] GC(709) Old regions: 55->55
[359.167s][info][gc,heap     ] GC(709) Humongous regions: 1->1
[359.167s][info][gc,metaspace] GC(709) Metaspace: 42819K(43264K)->42819K(43264K) NonClass: 38466K(38784K)->38466K(38784K) Class: 4353K(4480K)->4353K(4480K)
[359.167s][info][gc          ] GC(709) Pause Young (Concurrent Start) (G1 Evacuation Pause) 241M->64M(310M) 7.076ms
[359.167s][info][gc,cpu      ] GC(709) User=0.02s Sys=0.00s Real=0.01s
[359.167s][info][gc          ] GC(710) Concurrent Mark Cycle
[359.167s][info][gc,marking  ] GC(710) Concurrent Scan Root Regions
[359.173s][info][gc,marking  ] GC(710) Concurrent Scan Root Regions 6.447ms
[359.173s][info][gc,marking  ] GC(710) Concurrent Mark
[359.173s][info][gc,marking  ] GC(710) Concurrent Mark From Roots
[359.173s][info][gc,task     ] GC(710) Using 1 workers of 1 for marking
[359.248s][info][gc,marking  ] GC(710) Concurrent Mark From Roots 75.122ms
[359.248s][info][gc,marking  ] GC(710) Concurrent Preclean
[359.248s][info][gc,marking  ] GC(710) Concurrent Preclean 0.094ms
[359.249s][info][gc,start    ] GC(710) Pause Remark
[359.265s][info][gc          ] GC(710) Pause Remark 90M->90M(256M) 16.769ms
[359.265s][info][gc,cpu      ] GC(710) User=0.03s Sys=0.00s Real=0.02s
[359.265s][info][gc,marking  ] GC(710) Concurrent Mark 92.290ms
[359.265s][info][gc,marking  ] GC(710) Concurrent Rebuild Remembered Sets and Scrub Regions
[359.298s][info][gc,marking  ] GC(710) Concurrent Rebuild Remembered Sets and Scrub Regions 32.494ms
[359.298s][info][gc,start    ] GC(710) Pause Cleanup
[359.298s][info][gc          ] GC(710) Pause Cleanup 101M->101M(256M) 0.054ms
[359.298s][info][gc,cpu      ] GC(710) User=0.00s Sys=0.00s Real=0.00s
[359.298s][info][gc,marking  ] GC(710) Concurrent Clear Claimed Marks
[359.298s][info][gc,marking  ] GC(710) Concurrent Clear Claimed Marks 0.049ms
[359.298s][info][gc,marking  ] GC(710) Concurrent Cleanup for Next Mark
[359.299s][info][gc,marking  ] GC(710) Concurrent Cleanup for Next Mark 0.745ms
[359.299s][info][gc          ] GC(710) Concurrent Mark Cycle 132.466ms
[359.570s][info][gc,start    ] GC(711) Pause Young (Prepare Mixed) (G1 Evacuation Pause)
[359.570s][info][gc,task     ] GC(711) Using 2 workers of 2 for evacuation
[359.578s][info][gc,phases   ] GC(711)   Pre Evacuate Collection Set: 0.16ms
[359.579s][info][gc,phases   ] GC(711)   Merge Heap Roots: 0.11ms
[359.579s][info][gc,phases   ] GC(711)   Evacuate Collection Set: 7.10ms
[359.579s][info][gc,phases   ] GC(711)   Post Evacuate Collection Set: 0.57ms
[359.579s][info][gc,phases   ] GC(711)   Other: 0.08ms
[359.579s][info][gc,heap     ] GC(711) Eden regions: 144->0(143)
[359.579s][info][gc,heap     ] GC(711) Survivor regions: 9->10(20)
[359.579s][info][gc,heap     ] GC(711) Old regions: 55->55
[359.579s][info][gc,heap     ] GC(711) Humongous regions: 1->1
[359.579s][info][gc,metaspace] GC(711) Metaspace: 42835K(43264K)->42835K(43264K) NonClass: 38481K(38784K)->38481K(38784K) Class: 4353K(4480K)->4353K(4480K)
[359.579s][info][gc          ] GC(711) Pause Young (Prepare Mixed) (G1 Evacuation Pause) 208M->65M(256M) 8.230ms
[359.579s][info][gc,cpu      ] GC(711) User=0.01s Sys=0.00s Real=0.01s
[359.930s][info][gc,start    ] GC(712) Pause Young (Mixed) (G1 Evacuation Pause)
[359.930s][info][gc,task     ] GC(712) Using 2 workers of 2 for evacuation
[359.945s][info][gc,phases   ] GC(712)   Pre Evacuate Collection Set: 0.17ms
[359.945s][info][gc,phases   ] GC(712)   Merge Heap Roots: 0.16ms
[359.945s][info][gc,phases   ] GC(712)   Evacuate Collection Set: 13.83ms
[359.945s][info][gc,phases   ] GC(712)   Post Evacuate Collection Set: 0.72ms
[359.945s][info][gc,phases   ] GC(712)   Other: 0.07ms
[359.945s][info][gc,heap     ] GC(712) Eden regions: 143->0(142)
[359.945s][info][gc,heap     ] GC(712) Survivor regions: 10->11(20)
[359.945s][info][gc,heap     ] GC(712) Old regions: 55->53
[359.945s][info][gc,heap     ] GC(712) Humongous regions: 1->1
[359.945s][info][gc,metaspace] GC(712) Metaspace: 42835K(43264K)->42835K(43264K) NonClass: 38481K(38784K)->38481K(38784K) Class: 4353K(4480K)->4353K(4480K)
[359.945s][info][gc          ] GC(712) Pause Young (Mixed) (G1 Evacuation Pause) 208M->63M(256M) 15.206ms
[359.945s][info][gc,cpu      ] GC(712) User=0.03s Sys=0.00s Real=0.02s
[360.357s][info][gc,start    ] GC(713) Pause Young (Concurrent Start) (G1 Evacuation Pause)
[360.358s][info][gc,task     ] GC(713) Using 2 workers of 2 for evacuation
[360.365s][info][gc,phases   ] GC(713)   Pre Evacuate Collection Set: 0.16ms
[360.365s][info][gc,phases   ] GC(713)   Merge Heap Roots: 0.06ms
[360.365s][info][gc,phases   ] GC(713)   Evacuate Collection Set: 6.50ms
[360.365s][info][gc,phases   ] GC(713)   Post Evacuate Collection Set: 0.55ms
[360.365s][info][gc,phases   ] GC(713)   Other: 0.11ms
[360.365s][info][gc,heap     ] GC(713) Eden regions: 142->0(143)
[360.365s][info][gc,heap     ] GC(713) Survivor regions: 11->10(20)
[360.365s][info][gc,heap     ] GC(713) Old regions: 53->54
[360.365s][info][gc,heap     ] GC(713) Humongous regions: 1->1
[360.365s][info][gc,metaspace] GC(713) Metaspace: 42838K(43264K)->42838K(43264K) NonClass: 38485K(38784K)->38485K(38784K) Class: 4353K(4480K)->4353K(4480K)
[360.365s][info][gc          ] GC(713) Pause Young (Concurrent Start) (G1 Evacuation Pause) 205M->63M(256M) 7.572ms
[360.365s][info][gc,cpu      ] GC(713) User=0.02s Sys=0.00s Real=0.01s
[360.365s][info][gc          ] GC(714) Concurrent Mark Cycle
[360.365s][info][gc,marking  ] GC(714) Concurrent Scan Root Regions
[360.369s][info][gc,marking  ] GC(714) Concurrent Scan Root Regions 4.157ms
[360.369s][info][gc,marking  ] GC(714) Concurrent Mark
[360.369s][info][gc,marking  ] GC(714) Concurrent Mark From Roots
[360.369s][info][gc,task     ] GC(714) Using 1 workers of 1 for marking
[360.456s][info][gc,marking  ] GC(714) Concurrent Mark From Roots 86.263ms
[360.456s][info][gc,marking  ] GC(714) Concurrent Preclean
[360.456s][info][gc,marking  ] GC(714) Concurrent Preclean 0.093ms
[360.456s][info][gc,start    ] GC(714) Pause Remark
[360.475s][info][gc          ] GC(714) Pause Remark 91M->91M(256M) 18.959ms
[360.475s][info][gc,cpu      ] GC(714) User=0.04s Sys=0.00s Real=0.02s
[360.475s][info][gc,marking  ] GC(714) Concurrent Mark 105.607ms
[360.475s][info][gc,marking  ] GC(714) Concurrent Rebuild Remembered Sets and Scrub Regions
[360.510s][info][gc,marking  ] GC(714) Concurrent Rebuild Remembered Sets and Scrub Regions 34.952ms
[360.510s][info][gc,start    ] GC(714) Pause Cleanup
[360.510s][info][gc          ] GC(714) Pause Cleanup 101M->101M(256M) 0.070ms
[360.510s][info][gc,cpu      ] GC(714) User=0.00s Sys=0.00s Real=0.00s
[360.510s][info][gc,marking  ] GC(714) Concurrent Clear Claimed Marks
[360.510s][info][gc,marking  ] GC(714) Concurrent Clear Claimed Marks 0.042ms
[360.510s][info][gc,marking  ] GC(714) Concurrent Cleanup for Next Mark
[360.511s][info][gc,marking  ] GC(714) Concurrent Cleanup for Next Mark 0.756ms
[360.511s][info][gc          ] GC(714) Concurrent Mark Cycle 145.963ms
[360.788s][info][gc,start    ] GC(715) Pause Young (Prepare Mixed) (G1 Evacuation Pause)
[360.788s][info][gc,task     ] GC(715) Using 2 workers of 2 for evacuation
[360.796s][info][gc,phases   ] GC(715)   Pre Evacuate Collection Set: 0.19ms
[360.796s][info][gc,phases   ] GC(715)   Merge Heap Roots: 0.08ms
[360.796s][info][gc,phases   ] GC(715)   Evacuate Collection Set: 7.08ms
[360.796s][info][gc,phases   ] GC(715)   Post Evacuate Collection Set: 0.59ms
[360.796s][info][gc,phases   ] GC(715)   Other: 0.12ms
[360.796s][info][gc,heap     ] GC(715) Eden regions: 143->0(141)
[360.796s][info][gc,heap     ] GC(715) Survivor regions: 10->12(20)
[360.796s][info][gc,heap     ] GC(715) Old regions: 54->54
[360.796s][info][gc,heap     ] GC(715) Humongous regions: 1->1
[360.796s][info][gc,metaspace] GC(715) Metaspace: 42841K(43264K)->42841K(43264K) NonClass: 38488K(38784K)->38488K(38784K) Class: 4353K(4480K)->4353K(4480K)
[360.796s][info][gc          ] GC(715) Pause Young (Prepare Mixed) (G1 Evacuation Pause) 206M->65M(256M) 8.278ms
[360.796s][info][gc,cpu      ] GC(715) User=0.01s Sys=0.00s Real=0.01s
[361.434s][info][gc,start    ] GC(716) Pause Young (Mixed) (G1 Evacuation Pause)
[361.434s][info][gc,task     ] GC(716) Using 2 workers of 2 for evacuation
[361.447s][info][gc,phases   ] GC(716)   Pre Evacuate Collection Set: 0.23ms
[361.447s][info][gc,phases   ] GC(716)   Merge Heap Roots: 0.23ms
[361.447s][info][gc,phases   ] GC(716)   Evacuate Collection Set: 11.05ms
[361.447s][info][gc,phases   ] GC(716)   Post Evacuate Collection Set: 0.67ms
[361.447s][info][gc,phases   ] GC(716)   Other: 0.08ms
[361.447s][info][gc,heap     ] GC(716) Eden regions: 141->0(152)
[361.447s][info][gc,heap     ] GC(716) Survivor regions: 12->1(20)
[361.447s][info][gc,heap     ] GC(716) Old regions: 54->53
[361.447s][info][gc,heap     ] GC(716) Humongous regions: 1->1
[361.447s][info][gc,metaspace] GC(716) Metaspace: 42842K(43264K)->42842K(43264K) NonClass: 38489K(38784K)->38489K(38784K) Class: 4353K(4480K)->4353K(4480K)
[361.447s][info][gc          ] GC(716) Pause Young (Mixed) (G1 Evacuation Pause) 206M->53M(256M) 12.451ms
[361.447s][info][gc,cpu      ] GC(716) User=0.03s Sys=0.00s Real=0.01s
[361.777s][info][gc,start    ] GC(717) Pause Young (Concurrent Start) (G1 Humongous Allocation)
[361.777s][info][gc,task     ] GC(717) Using 2 workers of 2 for evacuation
[361.783s][info][gc,phases   ] GC(717)   Pre Evacuate Collection Set: 1.31ms
[361.783s][info][gc,phases   ] GC(717)   Merge Heap Roots: 0.09ms
[361.783s][info][gc,phases   ] GC(717)   Evacuate Collection Set: 4.22ms
[361.783s][info][gc,phases   ] GC(717)   Post Evacuate Collection Set: 0.46ms
[361.783s][info][gc,phases   ] GC(717)   Other: 0.17ms
[361.783s][info][gc,heap     ] GC(717) Eden regions: 43->0(152)
[361.783s][info][gc,heap     ] GC(717) Survivor regions: 1->1(20)
[361.783s][info][gc,heap     ] GC(717) Old regions: 53->53
[361.783s][info][gc,heap     ] GC(717) Humongous regions: 1->1
[361.783s][info][gc,metaspace] GC(717) Metaspace: 42842K(43264K)->42842K(43264K) NonClass: 38489K(38784K)->38489K(38784K) Class: 4353K(4480K)->4353K(4480K)
[361.783s][info][gc          ] GC(717) Pause Young (Concurrent Start) (G1 Humongous Allocation) 95M->53M(256M) 6.448ms
[361.784s][info][gc,cpu      ] GC(717) User=0.01s Sys=0.00s Real=0.01s
[361.784s][info][gc          ] GC(718) Concurrent Mark Cycle
[361.784s][info][gc,marking  ] GC(718) Concurrent Scan Root Regions
[361.785s][info][gc,marking  ] GC(718) Concurrent Scan Root Regions 1.699ms
[361.785s][info][gc,marking  ] GC(718) Concurrent Mark
[361.785s][info][gc,marking  ] GC(718) Concurrent Mark From Roots
[361.785s][info][gc,task     ] GC(718) Using 1 workers of 1 for marking
[361.874s][info][gc,marking  ] GC(718) Concurrent Mark From Roots 88.211ms
[361.874s][info][gc,marking  ] GC(718) Concurrent Preclean
[361.874s][info][gc,marking  ] GC(718) Concurrent Preclean 0.193ms
[361.874s][info][gc,start    ] GC(718) Pause Remark
[361.891s][info][gc          ] GC(718) Pause Remark 66M->65M(256M) 17.597ms
[361.891s][info][gc,cpu      ] GC(718) User=0.03s Sys=0.00s Real=0.02s
[361.892s][info][gc,marking  ] GC(718) Concurrent Mark 106.186ms
[361.892s][info][gc,marking  ] GC(718) Concurrent Rebuild Remembered Sets and Scrub Regions
[361.926s][info][gc,marking  ] GC(718) Concurrent Rebuild Remembered Sets and Scrub Regions 33.972ms
[361.926s][info][gc,start    ] GC(718) Pause Cleanup
[361.926s][info][gc          ] GC(718) Pause Cleanup 71M->71M(256M) 0.055ms
[361.926s][info][gc,cpu      ] GC(718) User=0.00s Sys=0.00s Real=0.00s
[361.926s][info][gc,marking  ] GC(718) Concurrent Clear Claimed Marks
[361.926s][info][gc,marking  ] GC(718) Concurrent Clear Claimed Marks 0.039ms
[361.926s][info][gc,marking  ] GC(718) Concurrent Cleanup for Next Mark
[361.927s][info][gc,marking  ] GC(718) Concurrent Cleanup for Next Mark 0.799ms
[361.927s][info][gc          ] GC(718) Concurrent Mark Cycle 143.062ms
[362.646s][info][gc,start    ] GC(719) Pause Young (Prepare Mixed) (G1 Evacuation Pause)
[362.646s][info][gc,task     ] GC(719) Using 2 workers of 2 for evacuation
[362.659s][info][gc,phases   ] GC(719)   Pre Evacuate Collection Set: 0.16ms
[362.660s][info][gc,phases   ] GC(719)   Merge Heap Roots: 0.09ms
[362.660s][info][gc,phases   ] GC(719)   Evacuate Collection Set: 12.33ms
[362.660s][info][gc,phases   ] GC(719)   Post Evacuate Collection Set: 0.56ms
[362.660s][info][gc,phases   ] GC(719)   Other: 0.21ms
[362.660s][info][gc,heap     ] GC(719) Eden regions: 152->0(140)
[362.660s][info][gc,heap     ] GC(719) Survivor regions: 1->13(20)
[362.660s][info][gc,heap     ] GC(719) Old regions: 52->52
[362.660s][info][gc,heap     ] GC(719) Humongous regions: 13->3
[362.660s][info][gc,metaspace] GC(719) Metaspace: 42868K(43264K)->42868K(43264K) NonClass: 38514K(38784K)->38514K(38784K) Class: 4353K(4480K)->4353K(4480K)
[362.660s][info][gc          ] GC(719) Pause Young (Prepare Mixed) (G1 Evacuation Pause) 216M->66M(256M) 13.538ms
[362.660s][info][gc,cpu      ] GC(719) User=0.02s Sys=0.00s Real=0.01s
[363.007s][info][gc,start    ] GC(720) Pause Young (Mixed) (G1 Evacuation Pause)
[363.007s][info][gc,task     ] GC(720) Using 2 workers of 2 for evacuation
[363.042s][info][gc,phases   ] GC(720)   Pre Evacuate Collection Set: 0.19ms
[363.042s][info][gc,phases   ] GC(720)   Merge Heap Roots: 0.23ms
[363.042s][info][gc,phases   ] GC(720)   Evacuate Collection Set: 34.09ms
[363.042s][info][gc,phases   ] GC(720)   Post Evacuate Collection Set: 0.48ms
[363.042s][info][gc,phases   ] GC(720)   Other: 0.11ms
[363.042s][info][gc,heap     ] GC(720) Eden regions: 140->0(137)
[363.042s][info][gc,heap     ] GC(720) Survivor regions: 13->16(20)
[363.042s][info][gc,heap     ] GC(720) Old regions: 52->56
[363.042s][info][gc,heap     ] GC(720) Humongous regions: 4->4
[363.042s][info][gc,metaspace] GC(720) Metaspace: 42868K(43264K)->42868K(43264K) NonClass: 38514K(38784K)->38514K(38784K) Class: 4353K(4480K)->4353K(4480K)
[363.042s][info][gc          ] GC(720) Pause Young (Mixed) (G1 Evacuation Pause) 207M->75M(256M) 35.347ms
[363.042s][info][gc,cpu      ] GC(720) User=0.06s Sys=0.00s Real=0.04s
[363.311s][info][gc,start    ] GC(721) Pause Young (Concurrent Start) (G1 Humongous Allocation)
[363.311s][info][gc,task     ] GC(721) Using 2 workers of 2 for evacuation
[363.340s][info][gc,phases   ] GC(721)   Pre Evacuate Collection Set: 0.20ms
[363.340s][info][gc,phases   ] GC(721)   Merge Heap Roots: 0.12ms
[363.340s][info][gc,phases   ] GC(721)   Evacuate Collection Set: 27.32ms
[363.340s][info][gc,phases   ] GC(721)   Post Evacuate Collection Set: 0.45ms
[363.340s][info][gc,phases   ] GC(721)   Other: 0.17ms
[363.340s][info][gc,heap     ] GC(721) Eden regions: 111->0(135)
[363.340s][info][gc,heap     ] GC(721) Survivor regions: 16->13(20)
[363.340s][info][gc,heap     ] GC(721) Old regions: 56->72
[363.340s][info][gc,heap     ] GC(721) Humongous regions: 4->4
[363.340s][info][gc,metaspace] GC(721) Metaspace: 42868K(43264K)->42868K(43264K) NonClass: 38514K(38784K)->38514K(38784K) Class: 4353K(4480K)->4353K(4480K)
[363.340s][info][gc          ] GC(721) Pause Young (Concurrent Start) (G1 Humongous Allocation) 186M->88M(256M) 28.478ms
[363.340s][info][gc,cpu      ] GC(721) User=0.05s Sys=0.00s Real=0.02s
[363.340s][info][gc          ] GC(722) Concurrent Mark Cycle
[363.340s][info][gc,marking  ] GC(722) Concurrent Scan Root Regions
[363.385s][info][gc,marking  ] GC(722) Concurrent Scan Root Regions 44.897ms
[363.385s][info][gc,marking  ] GC(722) Concurrent Mark
[363.385s][info][gc,marking  ] GC(722) Concurrent Mark From Roots
[363.385s][info][gc,task     ] GC(722) Using 1 workers of 1 for marking
[363.472s][info][gc,marking  ] GC(722) Concurrent Mark From Roots 86.818ms
[363.472s][info][gc,marking  ] GC(722) Concurrent Preclean
[363.472s][info][gc,marking  ] GC(722) Concurrent Preclean 0.070ms
[363.472s][info][gc,start    ] GC(722) Pause Remark
[363.490s][info][gc          ] GC(722) Pause Remark 123M->120M(256M) 18.505ms
[363.490s][info][gc,cpu      ] GC(722) User=0.03s Sys=0.00s Real=0.01s
[363.492s][info][gc,marking  ] GC(722) Concurrent Mark 107.463ms
[363.492s][info][gc,marking  ] GC(722) Concurrent Rebuild Remembered Sets and Scrub Regions
[363.578s][info][gc,marking  ] GC(722) Concurrent Rebuild Remembered Sets and Scrub Regions 85.900ms
[363.578s][info][gc,start    ] GC(722) Pause Cleanup
[363.578s][info][gc          ] GC(722) Pause Cleanup 145M->145M(256M) 0.067ms
[363.578s][info][gc,cpu      ] GC(722) User=0.00s Sys=0.00s Real=0.00s
[363.579s][info][gc,marking  ] GC(722) Concurrent Clear Claimed Marks
[363.579s][info][gc,marking  ] GC(722) Concurrent Clear Claimed Marks 0.048ms
[363.579s][info][gc,marking  ] GC(722) Concurrent Cleanup for Next Mark
[363.585s][info][gc,marking  ] GC(722) Concurrent Cleanup for Next Mark 5.974ms
[363.585s][info][gc          ] GC(722) Concurrent Mark Cycle 245.494ms
[363.808s][info][gc,start    ] GC(723) Pause Young (Prepare Mixed) (G1 Evacuation Pause)
[363.808s][info][gc,task     ] GC(723) Using 2 workers of 2 for evacuation
[363.841s][info][gc,phases   ] GC(723)   Pre Evacuate Collection Set: 0.22ms
[363.841s][info][gc,phases   ] GC(723)   Merge Heap Roots: 0.12ms
[363.841s][info][gc,phases   ] GC(723)   Evacuate Collection Set: 32.25ms
[363.841s][info][gc,phases   ] GC(723)   Post Evacuate Collection Set: 0.48ms
[363.841s][info][gc,phases   ] GC(723)   Other: 0.09ms
[363.841s][info][gc,heap     ] GC(723) Eden regions: 135->0(122)
[363.841s][info][gc,heap     ] GC(723) Survivor regions: 13->15(19)
[363.841s][info][gc,heap     ] GC(723) Old regions: 69->81
[363.841s][info][gc,heap     ] GC(723) Humongous regions: 6->6
[363.841s][info][gc,metaspace] GC(723) Metaspace: 42868K(43264K)->42868K(43264K) NonClass: 38514K(38784K)->38514K(38784K) Class: 4353K(4480K)->4353K(4480K)
[363.841s][info][gc          ] GC(723) Pause Young (Prepare Mixed) (G1 Evacuation Pause) 222M->101M(256M) 33.393ms
[363.841s][info][gc,cpu      ] GC(723) User=0.06s Sys=0.00s Real=0.04s
[364.124s][info][gc,start    ] GC(724) Pause Young (Mixed) (G1 Evacuation Pause)
[364.124s][info][gc,task     ] GC(724) Using 2 workers of 2 for evacuation
[364.162s][info][gc,phases   ] GC(724)   Pre Evacuate Collection Set: 0.17ms
[364.162s][info][gc,phases   ] GC(724)   Merge Heap Roots: 0.17ms
[364.162s][info][gc,phases   ] GC(724)   Evacuate Collection Set: 36.88ms
[364.162s][info][gc,phases   ] GC(724)   Post Evacuate Collection Set: 0.50ms
[364.162s][info][gc,phases   ] GC(724)   Other: 0.09ms
[364.162s][info][gc,heap     ] GC(724) Eden regions: 122->0(117)
[364.162s][info][gc,heap     ] GC(724) Survivor regions: 15->14(18)
[364.162s][info][gc,heap     ] GC(724) Old regions: 81->88
[364.162s][info][gc,heap     ] GC(724) Humongous regions: 6->6
[364.162s][info][gc,metaspace] GC(724) Metaspace: 42868K(43264K)->42868K(43264K) NonClass: 38514K(38784K)->38514K(38784K) Class: 4353K(4480K)->4353K(4480K)
[364.162s][info][gc          ] GC(724) Pause Young (Mixed) (G1 Evacuation Pause) 223M->107M(256M) 38.004ms
[364.162s][info][gc,cpu      ] GC(724) User=0.08s Sys=0.00s Real=0.04s
[364.196s][info][gc,start    ] GC(725) Pause Young (Concurrent Start) (G1 Humongous Allocation)
[364.196s][info][gc,task     ] GC(725) Using 2 workers of 2 for evacuation
[364.217s][info][gc,phases   ] GC(725)   Pre Evacuate Collection Set: 0.18ms
[364.217s][info][gc,phases   ] GC(725)   Merge Heap Roots: 0.08ms
[364.217s][info][gc,phases   ] GC(725)   Evacuate Collection Set: 19.87ms
[364.217s][info][gc,phases   ] GC(725)   Post Evacuate Collection Set: 1.05ms
[364.217s][info][gc,phases   ] GC(725)   Other: 0.15ms
[364.217s][info][gc,heap     ] GC(725) Eden regions: 19->0(201)
[364.217s][info][gc,heap     ] GC(725) Survivor regions: 14->5(17)
[364.217s][info][gc,heap     ] GC(725) Old regions: 88->102
[364.217s][info][gc,heap     ] GC(725) Humongous regions: 6->6
[364.217s][info][gc,metaspace] GC(725) Metaspace: 42868K(43264K)->42868K(43264K) NonClass: 38514K(38784K)->38514K(38784K) Class: 4353K(4480K)->4353K(4480K)
[364.217s][info][gc          ] GC(725) Pause Young (Concurrent Start) (G1 Humongous Allocation) 125M->112M(357M) 21.549ms
[364.217s][info][gc,cpu      ] GC(725) User=0.04s Sys=0.01s Real=0.02s
[364.217s][info][gc          ] GC(726) Concurrent Mark Cycle
[364.217s][info][gc,marking  ] GC(726) Concurrent Scan Root Regions
[364.273s][info][gc,marking  ] GC(726) Concurrent Scan Root Regions 55.762ms
[364.273s][info][gc,marking  ] GC(726) Concurrent Mark
[364.273s][info][gc,marking  ] GC(726) Concurrent Mark From Roots
[364.273s][info][gc,task     ] GC(726) Using 1 workers of 1 for marking
[364.534s][info][gc,marking  ] GC(726) Concurrent Mark From Roots 261.170ms
[364.534s][info][gc,marking  ] GC(726) Concurrent Preclean
[364.534s][info][gc,marking  ] GC(726) Concurrent Preclean 0.057ms
[364.535s][info][gc,start    ] GC(726) Pause Remark
[364.552s][info][gc          ] GC(726) Pause Remark 163M->162M(357M) 17.563ms
[364.552s][info][gc,cpu      ] GC(726) User=0.03s Sys=0.00s Real=0.02s
[364.553s][info][gc,marking  ] GC(726) Concurrent Mark 279.976ms
[364.553s][info][gc,marking  ] GC(726) Concurrent Rebuild Remembered Sets and Scrub Regions
[364.702s][info][gc,marking  ] GC(726) Concurrent Rebuild Remembered Sets and Scrub Regions 149.228ms
[364.703s][info][gc,start    ] GC(726) Pause Cleanup
[364.703s][info][gc          ] GC(726) Pause Cleanup 198M->198M(357M) 0.067ms
[364.703s][info][gc,cpu      ] GC(726) User=0.00s Sys=0.00s Real=0.00s
[364.703s][info][gc,marking  ] GC(726) Concurrent Clear Claimed Marks
[364.703s][info][gc,marking  ] GC(726) Concurrent Clear Claimed Marks 0.053ms
[364.703s][info][gc,marking  ] GC(726) Concurrent Cleanup for Next Mark
[364.710s][info][gc,marking  ] GC(726) Concurrent Cleanup for Next Mark 6.247ms
[364.710s][info][gc          ] GC(726) Concurrent Mark Cycle 492.249ms
[367.768s][info][gc,start    ] GC(727) Pause Young (Prepare Mixed) (G1 Evacuation Pause)
[367.768s][info][gc,task     ] GC(727) Using 2 workers of 2 for evacuation
[367.799s][info][gc,phases   ] GC(727)   Pre Evacuate Collection Set: 0.19ms
[367.799s][info][gc,phases   ] GC(727)   Merge Heap Roots: 0.13ms
[367.799s][info][gc,phases   ] GC(727)   Evacuate Collection Set: 30.17ms
[367.799s][info][gc,phases   ] GC(727)   Post Evacuate Collection Set: 0.55ms
[367.799s][info][gc,phases   ] GC(727)   Other: 0.10ms
[367.799s][info][gc,heap     ] GC(727) Eden regions: 201->0(183)
[367.799s][info][gc,heap     ] GC(727) Survivor regions: 5->21(26)
[367.799s][info][gc,heap     ] GC(727) Old regions: 102->102
[367.799s][info][gc,heap     ] GC(727) Humongous regions: 13->7
[367.799s][info][gc,metaspace] GC(727) Metaspace: 42877K(43264K)->42877K(43264K) NonClass: 38523K(38784K)->38523K(38784K) Class: 4353K(4480K)->4353K(4480K)
[367.799s][info][gc          ] GC(727) Pause Young (Prepare Mixed) (G1 Evacuation Pause) 320M->128M(357M) 31.337ms
[367.799s][info][gc,cpu      ] GC(727) User=0.07s Sys=0.00s Real=0.03s
[368.528s][info][gc,start    ] GC(728) Pause Young (Mixed) (G1 Evacuation Pause)
[368.528s][info][gc,task     ] GC(728) Using 2 workers of 2 for evacuation
[368.562s][info][gc,phases   ] GC(728)   Pre Evacuate Collection Set: 0.19ms
[368.562s][info][gc,phases   ] GC(728)   Merge Heap Roots: 0.17ms
[368.562s][info][gc,phases   ] GC(728)   Evacuate Collection Set: 32.76ms
[368.562s][info][gc,phases   ] GC(728)   Post Evacuate Collection Set: 0.50ms
[368.562s][info][gc,phases   ] GC(728)   Other: 0.09ms
[368.562s][info][gc,heap     ] GC(728) Eden regions: 183->0(188)
[368.562s][info][gc,heap     ] GC(728) Survivor regions: 21->4(26)
[368.562s][info][gc,heap     ] GC(728) Old regions: 102->120
[368.562s][info][gc,heap     ] GC(728) Humongous regions: 7->7
[368.562s][info][gc,metaspace] GC(728) Metaspace: 42891K(43328K)->42891K(43328K) NonClass: 38537K(38848K)->38537K(38848K) Class: 4354K(4480K)->4354K(4480K)
[368.562s][info][gc          ] GC(728) Pause Young (Mixed) (G1 Evacuation Pause) 311M->130M(357M) 33.927ms
[368.562s][info][gc,cpu      ] GC(728) User=0.07s Sys=0.00s Real=0.04s
[368.646s][info][gc,start    ] GC(729) Pause Young (Concurrent Start) (G1 Humongous Allocation)
[368.646s][info][gc,task     ] GC(729) Using 2 workers of 2 for evacuation
[368.650s][info][gc,phases   ] GC(729)   Pre Evacuate Collection Set: 0.24ms
[368.650s][info][gc,phases   ] GC(729)   Merge Heap Roots: 0.04ms
[368.650s][info][gc,phases   ] GC(729)   Evacuate Collection Set: 3.17ms
[368.650s][info][gc,phases   ] GC(729)   Post Evacuate Collection Set: 0.29ms
[368.650s][info][gc,phases   ] GC(729)   Other: 0.07ms
[368.650s][info][gc,heap     ] GC(729) Eden regions: 27->0(195)
[368.650s][info][gc,heap     ] GC(729) Survivor regions: 4->4(24)
[368.650s][info][gc,heap     ] GC(729) Old regions: 120->120
[368.650s][info][gc,heap     ] GC(729) Humongous regions: 7->7
[368.650s][info][gc,metaspace] GC(729) Metaspace: 42891K(43328K)->42891K(43328K) NonClass: 38537K(38848K)->38537K(38848K) Class: 4354K(4480K)->4354K(4480K)
[368.650s][info][gc          ] GC(729) Pause Young (Concurrent Start) (G1 Humongous Allocation) 157M->130M(357M) 3.977ms
[368.650s][info][gc,cpu      ] GC(729) User=0.01s Sys=0.00s Real=0.00s
[368.650s][info][gc          ] GC(730) Concurrent Mark Cycle
[368.650s][info][gc,marking  ] GC(730) Concurrent Scan Root Regions
[368.652s][info][gc,marking  ] GC(730) Concurrent Scan Root Regions 2.166ms
[368.652s][info][gc,marking  ] GC(730) Concurrent Mark
[368.652s][info][gc,marking  ] GC(730) Concurrent Mark From Roots
[368.652s][info][gc,task     ] GC(730) Using 1 workers of 1 for marking
[368.678s][info][gc,marking  ] GC(730) Concurrent Mark From Roots 26.050ms
[368.678s][info][gc,marking  ] GC(730) Concurrent Preclean
[368.678s][info][gc,marking  ] GC(730) Concurrent Preclean 0.063ms
[368.679s][info][gc,start    ] GC(730) Pause Remark
[368.696s][info][gc          ] GC(730) Pause Remark 142M->59M(256M) 17.347ms
[368.696s][info][gc,cpu      ] GC(730) User=0.03s Sys=0.00s Real=0.02s
[368.698s][info][gc,marking  ] GC(730) Concurrent Mark 45.887ms
[368.698s][info][gc,marking  ] GC(730) Concurrent Rebuild Remembered Sets and Scrub Regions
[368.710s][info][gc,marking  ] GC(730) Concurrent Rebuild Remembered Sets and Scrub Regions 11.416ms
[368.710s][info][gc,start    ] GC(730) Pause Cleanup
[368.710s][info][gc          ] GC(730) Pause Cleanup 63M->63M(256M) 0.052ms
[368.710s][info][gc,cpu      ] GC(730) User=0.00s Sys=0.00s Real=0.00s
[368.710s][info][gc,marking  ] GC(730) Concurrent Clear Claimed Marks
[368.710s][info][gc,marking  ] GC(730) Concurrent Clear Claimed Marks 0.036ms
[368.710s][info][gc,marking  ] GC(730) Concurrent Cleanup for Next Mark
[368.711s][info][gc,marking  ] GC(730) Concurrent Cleanup for Next Mark 0.749ms
[368.711s][info][gc          ] GC(730) Concurrent Mark Cycle 60.622ms
[369.078s][info][gc,start    ] GC(731) Pause Young (Prepare Mixed) (G1 Evacuation Pause)
[369.078s][info][gc,task     ] GC(731) Using 2 workers of 2 for evacuation
[369.102s][info][gc,phases   ] GC(731)   Pre Evacuate Collection Set: 0.16ms
[369.102s][info][gc,phases   ] GC(731)   Merge Heap Roots: 0.08ms
[369.102s][info][gc,phases   ] GC(731)   Evacuate Collection Set: 23.35ms
[369.102s][info][gc,phases   ] GC(731)   Post Evacuate Collection Set: 0.41ms
[369.102s][info][gc,phases   ] GC(731)   Other: 0.09ms
[369.102s][info][gc,heap     ] GC(731) Eden regions: 149->0(133)
[369.102s][info][gc,heap     ] GC(731) Survivor regions: 4->20(20)
[369.102s][info][gc,heap     ] GC(731) Old regions: 43->45
[369.102s][info][gc,heap     ] GC(731) Humongous regions: 4->4
[369.102s][info][gc,metaspace] GC(731) Metaspace: 42891K(43328K)->42891K(43328K) NonClass: 38537K(38848K)->38537K(38848K) Class: 4354K(4480K)->4354K(4480K)
[369.102s][info][gc          ] GC(731) Pause Young (Prepare Mixed) (G1 Evacuation Pause) 199M->68M(256M) 24.310ms
[369.102s][info][gc,cpu      ] GC(731) User=0.05s Sys=0.00s Real=0.03s
[369.466s][info][gc,start    ] GC(732) Pause Young (Mixed) (G1 Evacuation Pause)
[369.466s][info][gc,task     ] GC(732) Using 2 workers of 2 for evacuation
[369.506s][info][gc,phases   ] GC(732)   Pre Evacuate Collection Set: 0.16ms
[369.506s][info][gc,phases   ] GC(732)   Merge Heap Roots: 0.14ms
[369.506s][info][gc,phases   ] GC(732)   Evacuate Collection Set: 39.62ms
[369.506s][info][gc,phases   ] GC(732)   Post Evacuate Collection Set: 0.52ms
[369.506s][info][gc,phases   ] GC(732)   Other: 0.07ms
[369.506s][info][gc,heap     ] GC(732) Eden regions: 133->0(136)
[369.506s][info][gc,heap     ] GC(732) Survivor regions: 20->17(20)
[369.506s][info][gc,heap     ] GC(732) Old regions: 45->55
[369.506s][info][gc,heap     ] GC(732) Humongous regions: 6->6
[369.506s][info][gc,metaspace] GC(732) Metaspace: 42891K(43328K)->42891K(43328K) NonClass: 38537K(38848K)->38537K(38848K) Class: 4354K(4480K)->4354K(4480K)
[369.506s][info][gc          ] GC(732) Pause Young (Mixed) (G1 Evacuation Pause) 203M->76M(256M) 40.726ms
[369.507s][info][gc,cpu      ] GC(732) User=0.08s Sys=0.00s Real=0.04s
[369.842s][info][gc,start    ] GC(733) Pause Young (Concurrent Start) (G1 Evacuation Pause)
[369.842s][info][gc,task     ] GC(733) Using 2 workers of 2 for evacuation
[369.877s][info][gc,phases   ] GC(733)   Pre Evacuate Collection Set: 0.17ms
[369.877s][info][gc,phases   ] GC(733)   Merge Heap Roots: 0.10ms
[369.877s][info][gc,phases   ] GC(733)   Evacuate Collection Set: 34.37ms
[369.877s][info][gc,phases   ] GC(733)   Post Evacuate Collection Set: 0.44ms
[369.877s][info][gc,phases   ] GC(733)   Other: 0.16ms
[369.877s][info][gc,heap     ] GC(733) Eden regions: 136->0(127)
[369.877s][info][gc,heap     ] GC(733) Survivor regions: 17->17(20)
[369.877s][info][gc,heap     ] GC(733) Old regions: 55->71
[369.877s][info][gc,heap     ] GC(733) Humongous regions: 6->6
[369.877s][info][gc,metaspace] GC(733) Metaspace: 42891K(43328K)->42891K(43328K) NonClass: 38537K(38848K)->38537K(38848K) Class: 4354K(4480K)->4354K(4480K)
[369.877s][info][gc          ] GC(733) Pause Young (Concurrent Start) (G1 Evacuation Pause) 212M->93M(256M) 35.500ms
[369.877s][info][gc          ] GC(734) Concurrent Mark Cycle
[369.877s][info][gc,marking  ] GC(734) Concurrent Scan Root Regions
[369.878s][info][gc,cpu      ] GC(733) User=0.06s Sys=0.00s Real=0.03s
[369.903s][info][gc,marking  ] GC(734) Concurrent Scan Root Regions 25.377ms
[369.903s][info][gc,marking  ] GC(734) Concurrent Mark
[369.903s][info][gc,marking  ] GC(734) Concurrent Mark From Roots
[369.903s][info][gc,task     ] GC(734) Using 1 workers of 1 for marking
[369.961s][info][gc,marking  ] GC(734) Concurrent Mark From Roots 58.179ms
[369.961s][info][gc,marking  ] GC(734) Concurrent Preclean
[369.961s][info][gc,marking  ] GC(734) Concurrent Preclean 0.054ms
[369.961s][info][gc,start    ] GC(734) Pause Remark
[369.979s][info][gc          ] GC(734) Pause Remark 128M->127M(256M) 17.484ms
[369.979s][info][gc,cpu      ] GC(734) User=0.03s Sys=0.00s Real=0.01s
[369.979s][info][gc,marking  ] GC(734) Concurrent Mark 76.052ms
[369.979s][info][gc,marking  ] GC(734) Concurrent Rebuild Remembered Sets and Scrub Regions
[370.018s][info][gc,marking  ] GC(734) Concurrent Rebuild Remembered Sets and Scrub Regions 38.917ms
[370.018s][info][gc,start    ] GC(734) Pause Cleanup
[370.018s][info][gc          ] GC(734) Pause Cleanup 143M->143M(256M) 0.049ms
[370.018s][info][gc,cpu      ] GC(734) User=0.00s Sys=0.00s Real=0.00s
[370.018s][info][gc,marking  ] GC(734) Concurrent Clear Claimed Marks
[370.018s][info][gc,marking  ] GC(734) Concurrent Clear Claimed Marks 0.049ms
[370.018s][info][gc,marking  ] GC(734) Concurrent Cleanup for Next Mark
[370.019s][info][gc,marking  ] GC(734) Concurrent Cleanup for Next Mark 0.733ms
[370.019s][info][gc          ] GC(734) Concurrent Mark Cycle 141.496ms
[370.271s][info][gc,start    ] GC(735) Pause Young (Prepare Mixed) (G1 Evacuation Pause)
[370.271s][info][gc,task     ] GC(735) Using 2 workers of 2 for evacuation
[370.311s][info][gc,phases   ] GC(735)   Pre Evacuate Collection Set: 0.17ms
[370.311s][info][gc,phases   ] GC(735)   Merge Heap Roots: 0.12ms
[370.311s][info][gc,phases   ] GC(735)   Evacuate Collection Set: 38.68ms
[370.311s][info][gc,phases   ] GC(735)   Post Evacuate Collection Set: 0.42ms
[370.311s][info][gc,phases   ] GC(735)   Other: 0.10ms
[370.311s][info][gc,heap     ] GC(735) Eden regions: 127->0(114)
[370.311s][info][gc,heap     ] GC(735) Survivor regions: 17->15(18)
[370.311s][info][gc,heap     ] GC(735) Old regions: 71->87
[370.311s][info][gc,heap     ] GC(735) Humongous regions: 9->9
[370.311s][info][gc,metaspace] GC(735) Metaspace: 42891K(43328K)->42891K(43328K) NonClass: 38537K(38848K)->38537K(38848K) Class: 4354K(4480K)->4354K(4480K)
[370.311s][info][gc          ] GC(735) Pause Young (Prepare Mixed) (G1 Evacuation Pause) 223M->110M(256M) 39.713ms
[370.311s][info][gc,cpu      ] GC(735) User=0.08s Sys=0.00s Real=0.03s
[370.607s][info][gc,start    ] GC(736) Pause Young (Mixed) (G1 Evacuation Pause)
[370.607s][info][gc,task     ] GC(736) Using 2 workers of 2 for evacuation
[370.645s][info][gc,phases   ] GC(736)   Pre Evacuate Collection Set: 0.25ms
[370.645s][info][gc,phases   ] GC(736)   Merge Heap Roots: 0.18ms
[370.645s][info][gc,phases   ] GC(736)   Evacuate Collection Set: 37.72ms
[370.645s][info][gc,phases   ] GC(736)   Post Evacuate Collection Set: 0.43ms
[370.646s][info][gc,phases   ] GC(736)   Other: 0.07ms
[370.646s][info][gc,heap     ] GC(736) Eden regions: 114->0(110)
[370.646s][info][gc,heap     ] GC(736) Survivor regions: 15->13(17)
[370.646s][info][gc,heap     ] GC(736) Old regions: 87->94
[370.646s][info][gc,heap     ] GC(736) Humongous regions: 9->9
[370.646s][info][gc,metaspace] GC(736) Metaspace: 42891K(43328K)->42891K(43328K) NonClass: 38537K(38848K)->38537K(38848K) Class: 4354K(4480K)->4354K(4480K)
[370.646s][info][gc          ] GC(736) Pause Young (Mixed) (G1 Evacuation Pause) 224M->116M(256M) 38.850ms
[370.646s][info][gc,cpu      ] GC(736) User=0.07s Sys=0.00s Real=0.04s
[370.845s][info][gc,start    ] GC(737) Pause Young (Concurrent Start) (G1 Humongous Allocation)
[370.845s][info][gc,task     ] GC(737) Using 2 workers of 2 for evacuation
[370.874s][info][gc,phases   ] GC(737)   Pre Evacuate Collection Set: 0.21ms
[370.874s][info][gc,phases   ] GC(737)   Merge Heap Roots: 0.08ms
[370.874s][info][gc,phases   ] GC(737)   Evacuate Collection Set: 27.00ms
[370.874s][info][gc,phases   ] GC(737)   Post Evacuate Collection Set: 1.21ms
[370.874s][info][gc,phases   ] GC(737)   Other: 0.10ms
[370.874s][info][gc,heap     ] GC(737) Eden regions: 24->0(183)
[370.874s][info][gc,heap     ] GC(737) Survivor regions: 13->12(16)
[370.874s][info][gc,heap     ] GC(737) Old regions: 94->107
[370.874s][info][gc,heap     ] GC(737) Humongous regions: 9->9
[370.874s][info][gc,metaspace] GC(737) Metaspace: 42891K(43328K)->42891K(43328K) NonClass: 38537K(38848K)->38537K(38848K) Class: 4354K(4480K)->4354K(4480K)
[370.874s][info][gc          ] GC(737) Pause Young (Concurrent Start) (G1 Humongous Allocation) 140M->127M(374M) 28.858ms
[370.874s][info][gc,cpu      ] GC(737) User=0.05s Sys=0.00s Real=0.03s
[370.874s][info][gc          ] GC(738) Concurrent Mark Cycle
[370.874s][info][gc,marking  ] GC(738) Concurrent Scan Root Regions
[370.913s][info][gc,marking  ] GC(738) Concurrent Scan Root Regions 38.595ms
[370.913s][info][gc,marking  ] GC(738) Concurrent Mark
[370.913s][info][gc,marking  ] GC(738) Concurrent Mark From Roots
[370.913s][info][gc,task     ] GC(738) Using 1 workers of 1 for marking
[371.103s][info][gc,marking  ] GC(738) Concurrent Mark From Roots 190.150ms
[371.103s][info][gc,marking  ] GC(738) Concurrent Preclean
[371.103s][info][gc,marking  ] GC(738) Concurrent Preclean 0.050ms
[371.103s][info][gc,start    ] GC(738) Pause Remark
[371.120s][info][gc          ] GC(738) Pause Remark 145M->143M(374M) 17.315ms
[371.120s][info][gc,cpu      ] GC(738) User=0.03s Sys=0.00s Real=0.01s
[371.120s][info][gc,marking  ] GC(738) Concurrent Mark 207.831ms
[371.121s][info][gc,marking  ] GC(738) Concurrent Rebuild Remembered Sets and Scrub Regions
[371.198s][info][gc,marking  ] GC(738) Concurrent Rebuild Remembered Sets and Scrub Regions 77.160ms
[371.198s][info][gc,start    ] GC(738) Pause Cleanup
[371.198s][info][gc          ] GC(738) Pause Cleanup 148M->148M(374M) 0.057ms
[371.198s][info][gc,cpu      ] GC(738) User=0.00s Sys=0.00s Real=0.00s
[371.198s][info][gc,marking  ] GC(738) Concurrent Clear Claimed Marks
[371.198s][info][gc,marking  ] GC(738) Concurrent Clear Claimed Marks 0.042ms
[371.198s][info][gc,marking  ] GC(738) Concurrent Cleanup for Next Mark
[371.200s][info][gc,marking  ] GC(738) Concurrent Cleanup for Next Mark 2.403ms
[371.200s][info][gc          ] GC(738) Concurrent Mark Cycle 326.429ms
[372.462s][info][gc,start    ] GC(739) Pause Young (Prepare Mixed) (G1 Evacuation Pause)
[372.462s][info][gc,task     ] GC(739) Using 2 workers of 2 for evacuation
[372.485s][info][gc,phases   ] GC(739)   Pre Evacuate Collection Set: 0.22ms
[372.485s][info][gc,phases   ] GC(739)   Merge Heap Roots: 0.18ms
[372.485s][info][gc,phases   ] GC(739)   Evacuate Collection Set: 21.60ms
[372.485s][info][gc,phases   ] GC(739)   Post Evacuate Collection Set: 0.50ms
[372.485s][info][gc,phases   ] GC(739)   Other: 0.07ms
[372.485s][info][gc,heap     ] GC(739) Eden regions: 183->0(180)
[372.485s][info][gc,heap     ] GC(739) Survivor regions: 12->14(25)
[372.485s][info][gc,heap     ] GC(739) Old regions: 107->107
[372.485s][info][gc,heap     ] GC(739) Humongous regions: 15->13
[372.485s][info][gc,metaspace] GC(739) Metaspace: 42891K(43328K)->42891K(43328K) NonClass: 38537K(38848K)->38537K(38848K) Class: 4354K(4480K)->4354K(4480K)
[372.485s][info][gc          ] GC(739) Pause Young (Prepare Mixed) (G1 Evacuation Pause) 316M->134M(374M) 22.780ms
[372.485s][info][gc,cpu      ] GC(739) User=0.04s Sys=0.00s Real=0.02s
[373.541s][info][gc,start    ] GC(740) Pause Young (Mixed) (G1 Evacuation Pause)
[373.541s][info][gc,task     ] GC(740) Using 2 workers of 2 for evacuation
[373.562s][info][gc,phases   ] GC(740)   Pre Evacuate Collection Set: 0.20ms
[373.562s][info][gc,phases   ] GC(740)   Merge Heap Roots: 0.14ms
[373.562s][info][gc,phases   ] GC(740)   Evacuate Collection Set: 19.67ms
[373.562s][info][gc,phases   ] GC(740)   Post Evacuate Collection Set: 0.49ms
[373.562s][info][gc,phases   ] GC(740)   Other: 0.10ms
[373.562s][info][gc,heap     ] GC(740) Eden regions: 180->0(191)
[373.562s][info][gc,heap     ] GC(740) Survivor regions: 14->13(25)
[373.562s][info][gc,heap     ] GC(740) Old regions: 107->106
[373.562s][info][gc,heap     ] GC(740) Humongous regions: 13->13
[373.562s][info][gc,metaspace] GC(740) Metaspace: 42891K(43328K)->42891K(43328K) NonClass: 38537K(38848K)->38537K(38848K) Class: 4354K(4480K)->4354K(4480K)
[373.562s][info][gc          ] GC(740) Pause Young (Mixed) (G1 Evacuation Pause) 314M->131M(374M) 20.821ms
[373.562s][info][gc,cpu      ] GC(740) User=0.04s Sys=0.00s Real=0.02s
[374.746s][info][gc,start    ] GC(741) Pause Young (Concurrent Start) (G1 Evacuation Pause)
[374.746s][info][gc,task     ] GC(741) Using 2 workers of 2 for evacuation
[374.764s][info][gc,phases   ] GC(741)   Pre Evacuate Collection Set: 0.22ms
[374.764s][info][gc,phases   ] GC(741)   Merge Heap Roots: 0.12ms
[374.764s][info][gc,phases   ] GC(741)   Evacuate Collection Set: 16.91ms
[374.764s][info][gc,phases   ] GC(741)   Post Evacuate Collection Set: 0.48ms
[374.764s][info][gc,phases   ] GC(741)   Other: 0.13ms
[374.764s][info][gc,heap     ] GC(741) Eden regions: 191->0(195)
[374.764s][info][gc,heap     ] GC(741) Survivor regions: 13->16(26)
[374.764s][info][gc,heap     ] GC(741) Old regions: 106->106
[374.764s][info][gc,heap     ] GC(741) Humongous regions: 13->13
[374.764s][info][gc,metaspace] GC(741) Metaspace: 42891K(43328K)->42891K(43328K) NonClass: 38537K(38848K)->38537K(38848K) Class: 4354K(4480K)->4354K(4480K)
[374.764s][info][gc          ] GC(741) Pause Young (Concurrent Start) (G1 Evacuation Pause) 322M->134M(374M) 18.045ms
[374.764s][info][gc          ] GC(742) Concurrent Mark Cycle
[374.764s][info][gc,marking  ] GC(742) Concurrent Scan Root Regions
[374.765s][info][gc,cpu      ] GC(741) User=0.03s Sys=0.00s Real=0.02s
[374.783s][info][gc,marking  ] GC(742) Concurrent Scan Root Regions 18.495ms
[374.783s][info][gc,marking  ] GC(742) Concurrent Mark
[374.783s][info][gc,marking  ] GC(742) Concurrent Mark From Roots
[374.783s][info][gc,task     ] GC(742) Using 1 workers of 1 for marking
[374.823s][info][gc,marking  ] GC(742) Concurrent Mark From Roots 39.779ms
[374.823s][info][gc,marking  ] GC(742) Concurrent Preclean
[374.823s][info][gc,marking  ] GC(742) Concurrent Preclean 0.039ms
[374.823s][info][gc,start    ] GC(742) Pause Remark
[374.840s][info][gc          ] GC(742) Pause Remark 141M->58M(256M) 16.994ms
[374.840s][info][gc,cpu      ] GC(742) User=0.03s Sys=0.00s Real=0.01s
[374.840s][info][gc,marking  ] GC(742) Concurrent Mark 57.101ms
[374.840s][info][gc,marking  ] GC(742) Concurrent Rebuild Remembered Sets and Scrub Regions
[374.852s][info][gc,marking  ] GC(742) Concurrent Rebuild Remembered Sets and Scrub Regions 11.550ms
[374.852s][info][gc,start    ] GC(742) Pause Cleanup
[374.852s][info][gc          ] GC(742) Pause Cleanup 59M->59M(256M) 0.043ms
[374.852s][info][gc,cpu      ] GC(742) User=0.00s Sys=0.00s Real=0.00s
[374.852s][info][gc,marking  ] GC(742) Concurrent Clear Claimed Marks
[374.852s][info][gc,marking  ] GC(742) Concurrent Clear Claimed Marks 0.038ms
[374.852s][info][gc,marking  ] GC(742) Concurrent Cleanup for Next Mark
[374.853s][info][gc,marking  ] GC(742) Concurrent Cleanup for Next Mark 0.749ms
[374.853s][info][gc          ] GC(742) Concurrent Mark Cycle 88.259ms
[375.688s][info][gc,start    ] GC(743) Pause Young (Prepare Mixed) (G1 Evacuation Pause)
[375.689s][info][gc,task     ] GC(743) Using 2 workers of 2 for evacuation
[375.694s][info][gc,phases   ] GC(743)   Pre Evacuate Collection Set: 0.16ms
[375.694s][info][gc,phases   ] GC(743)   Merge Heap Roots: 0.09ms
[375.694s][info][gc,phases   ] GC(743)   Evacuate Collection Set: 4.72ms
[375.694s][info][gc,phases   ] GC(743)   Post Evacuate Collection Set: 0.41ms
[375.694s][info][gc,phases   ] GC(743)   Other: 0.07ms
[375.694s][info][gc,heap     ] GC(743) Eden regions: 137->0(152)
[375.694s][info][gc,heap     ] GC(743) Survivor regions: 16->1(20)
[375.694s][info][gc,heap     ] GC(743) Old regions: 35->43
[375.694s][info][gc,heap     ] GC(743) Humongous regions: 1->1
[375.694s][info][gc,metaspace] GC(743) Metaspace: 42891K(43328K)->42891K(43328K) NonClass: 38537K(38848K)->38537K(38848K) Class: 4354K(4480K)->4354K(4480K)
[375.694s][info][gc          ] GC(743) Pause Young (Prepare Mixed) (G1 Evacuation Pause) 188M->44M(256M) 5.635ms
[375.694s][info][gc,cpu      ] GC(743) User=0.01s Sys=0.00s Real=0.01s
[376.637s][info][gc,start    ] GC(744) Pause Young (Mixed) (G1 Evacuation Pause)
[376.637s][info][gc,task     ] GC(744) Using 2 workers of 2 for evacuation
[376.653s][info][gc,phases   ] GC(744)   Pre Evacuate Collection Set: 0.18ms
[376.654s][info][gc,phases   ] GC(744)   Merge Heap Roots: 0.08ms
[376.654s][info][gc,phases   ] GC(744)   Evacuate Collection Set: 15.54ms
[376.654s][info][gc,phases   ] GC(744)   Post Evacuate Collection Set: 0.43ms
[376.654s][info][gc,phases   ] GC(744)   Other: 0.11ms
[376.654s][info][gc,heap     ] GC(744) Eden regions: 152->0(138)
[376.654s][info][gc,heap     ] GC(744) Survivor regions: 1->15(20)
[376.654s][info][gc,heap     ] GC(744) Old regions: 43->40
[376.654s][info][gc,heap     ] GC(744) Humongous regions: 2->2
[376.654s][info][gc,metaspace] GC(744) Metaspace: 42891K(43328K)->42891K(43328K) NonClass: 38537K(38848K)->38537K(38848K) Class: 4354K(4480K)->4354K(4480K)
[376.654s][info][gc          ] GC(744) Pause Young (Mixed) (G1 Evacuation Pause) 197M->56M(256M) 16.543ms
[376.654s][info][gc,cpu      ] GC(744) User=0.04s Sys=0.00s Real=0.02s
[377.439s][info][gc,start    ] GC(745) Pause Young (Concurrent Start) (G1 Humongous Allocation)
[377.439s][info][gc,task     ] GC(745) Using 2 workers of 2 for evacuation
[377.467s][info][gc,phases   ] GC(745)   Pre Evacuate Collection Set: 0.17ms
[377.467s][info][gc,phases   ] GC(745)   Merge Heap Roots: 0.08ms
[377.467s][info][gc,phases   ] GC(745)   Evacuate Collection Set: 27.57ms
[377.467s][info][gc,phases   ] GC(745)   Post Evacuate Collection Set: 0.46ms
[377.467s][info][gc,phases   ] GC(745)   Other: 0.09ms
[377.467s][info][gc,heap     ] GC(745) Eden regions: 137->0(136)
[377.467s][info][gc,heap     ] GC(745) Survivor regions: 15->17(20)
[377.467s][info][gc,heap     ] GC(745) Old regions: 40->55
[377.467s][info][gc,heap     ] GC(745) Humongous regions: 2->2
[377.467s][info][gc,metaspace] GC(745) Metaspace: 42891K(43328K)->42891K(43328K) NonClass: 38537K(38848K)->38537K(38848K) Class: 4354K(4480K)->4354K(4480K)
[377.467s][info][gc          ] GC(745) Pause Young (Concurrent Start) (G1 Humongous Allocation) 192M->72M(256M) 28.575ms
[377.467s][info][gc          ] GC(746) Concurrent Mark Cycle
[377.467s][info][gc,marking  ] GC(746) Concurrent Scan Root Regions
[377.469s][info][gc,cpu      ] GC(745) User=0.05s Sys=0.00s Real=0.03s
[377.489s][info][gc,marking  ] GC(746) Concurrent Scan Root Regions 21.381ms
[377.489s][info][gc,marking  ] GC(746) Concurrent Mark
[377.489s][info][gc,marking  ] GC(746) Concurrent Mark From Roots
[377.489s][info][gc,task     ] GC(746) Using 1 workers of 1 for marking
[377.521s][info][gc,marking  ] GC(746) Concurrent Mark From Roots 32.303ms
[377.521s][info][gc,marking  ] GC(746) Concurrent Preclean
[377.521s][info][gc,marking  ] GC(746) Concurrent Preclean 0.042ms
[377.521s][info][gc,start    ] GC(746) Pause Remark
[377.538s][info][gc          ] GC(746) Pause Remark 95M->94M(256M) 16.984ms
[377.538s][info][gc,cpu      ] GC(746) User=0.03s Sys=0.00s Real=0.01s
[377.538s][info][gc,marking  ] GC(746) Concurrent Mark 49.644ms
[377.538s][info][gc,marking  ] GC(746) Concurrent Rebuild Remembered Sets and Scrub Regions
[377.563s][info][gc,marking  ] GC(746) Concurrent Rebuild Remembered Sets and Scrub Regions 24.702ms
[377.563s][info][gc,start    ] GC(746) Pause Cleanup
[377.563s][info][gc          ] GC(746) Pause Cleanup 102M->102M(256M) 0.047ms
[377.563s][info][gc,cpu      ] GC(746) User=0.00s Sys=0.00s Real=0.00s
[377.563s][info][gc,marking  ] GC(746) Concurrent Clear Claimed Marks
[377.563s][info][gc,marking  ] GC(746) Concurrent Clear Claimed Marks 0.049ms
[377.563s][info][gc,marking  ] GC(746) Concurrent Cleanup for Next Mark
[377.564s][info][gc,marking  ] GC(746) Concurrent Cleanup for Next Mark 0.763ms
[377.564s][info][gc          ] GC(746) Concurrent Mark Cycle 96.880ms
[377.854s][info][gc,start    ] GC(747) Pause Young (Prepare Mixed) (G1 Evacuation Pause)
[377.854s][info][gc,task     ] GC(747) Using 2 workers of 2 for evacuation
[377.877s][info][gc,phases   ] GC(747)   Pre Evacuate Collection Set: 0.25ms
[377.877s][info][gc,phases   ] GC(747)   Merge Heap Roots: 0.10ms
[377.877s][info][gc,phases   ] GC(747)   Evacuate Collection Set: 21.95ms
[377.877s][info][gc,phases   ] GC(747)   Post Evacuate Collection Set: 0.41ms
[377.877s][info][gc,phases   ] GC(747)   Other: 0.08ms
[377.877s][info][gc,heap     ] GC(747) Eden regions: 136->0(135)
[377.877s][info][gc,heap     ] GC(747) Survivor regions: 17->18(20)
[377.877s][info][gc,heap     ] GC(747) Old regions: 54->59
[377.877s][info][gc,heap     ] GC(747) Humongous regions: 5->5
[377.877s][info][gc,metaspace] GC(747) Metaspace: 42891K(43328K)->42891K(43328K) NonClass: 38537K(38848K)->38537K(38848K) Class: 4354K(4480K)->4354K(4480K)
[377.877s][info][gc          ] GC(747) Pause Young (Prepare Mixed) (G1 Evacuation Pause) 210M->80M(256M) 23.024ms
[377.877s][info][gc,cpu      ] GC(747) User=0.04s Sys=0.00s Real=0.02s
[378.251s][info][gc,start    ] GC(748) Pause Young (Mixed) (G1 Evacuation Pause)
[378.251s][info][gc,task     ] GC(748) Using 2 workers of 2 for evacuation
[378.295s][info][gc,phases   ] GC(748)   Pre Evacuate Collection Set: 0.17ms
[378.295s][info][gc,phases   ] GC(748)   Merge Heap Roots: 0.21ms
[378.295s][info][gc,phases   ] GC(748)   Evacuate Collection Set: 42.65ms
[378.295s][info][gc,phases   ] GC(748)   Post Evacuate Collection Set: 0.67ms
[378.295s][info][gc,phases   ] GC(748)   Other: 0.08ms
[378.295s][info][gc,heap     ] GC(748) Eden regions: 135->0(126)
[378.295s][info][gc,heap     ] GC(748) Survivor regions: 18->17(20)
[378.295s][info][gc,heap     ] GC(748) Old regions: 59->69
[378.295s][info][gc,heap     ] GC(748) Humongous regions: 7->7
[378.295s][info][gc,metaspace] GC(748) Metaspace: 42891K(43328K)->42891K(43328K) NonClass: 38537K(38848K)->38537K(38848K) Class: 4354K(4480K)->4354K(4480K)
[378.295s][info][gc          ] GC(748) Pause Young (Mixed) (G1 Evacuation Pause) 217M->92M(256M) 44.019ms
[378.295s][info][gc,cpu      ] GC(748) User=0.09s Sys=0.00s Real=0.05s
[378.614s][info][gc,start    ] GC(749) Pause Young (Concurrent Start) (G1 Evacuation Pause)
[378.614s][info][gc,task     ] GC(749) Using 2 workers of 2 for evacuation
[378.650s][info][gc,phases   ] GC(749)   Pre Evacuate Collection Set: 0.19ms
[378.650s][info][gc,phases   ] GC(749)   Merge Heap Roots: 0.09ms
[378.650s][info][gc,phases   ] GC(749)   Evacuate Collection Set: 35.58ms
[378.650s][info][gc,phases   ] GC(749)   Post Evacuate Collection Set: 0.41ms
[378.650s][info][gc,phases   ] GC(749)   Other: 0.10ms
[378.650s][info][gc,heap     ] GC(749) Eden regions: 126->0(114)
[378.650s][info][gc,heap     ] GC(749) Survivor regions: 17->15(18)
[378.650s][info][gc,heap     ] GC(749) Old regions: 69->86
[378.650s][info][gc,heap     ] GC(749) Humongous regions: 7->7
[378.650s][info][gc,metaspace] GC(749) Metaspace: 42891K(43328K)->42891K(43328K) NonClass: 38537K(38848K)->38537K(38848K) Class: 4354K(4480K)->4354K(4480K)
[378.650s][info][gc          ] GC(749) Pause Young (Concurrent Start) (G1 Evacuation Pause) 218M->107M(256M) 36.611ms
[378.650s][info][gc,cpu      ] GC(749) User=0.08s Sys=0.00s Real=0.03s
[378.650s][info][gc          ] GC(750) Concurrent Mark Cycle
[378.650s][info][gc,marking  ] GC(750) Concurrent Scan Root Regions
[378.675s][info][gc,marking  ] GC(750) Concurrent Scan Root Regions 24.309ms
[378.675s][info][gc,marking  ] GC(750) Concurrent Mark
[378.675s][info][gc,marking  ] GC(750) Concurrent Mark From Roots
[378.675s][info][gc,task     ] GC(750) Using 1 workers of 1 for marking
[378.736s][info][gc,marking  ] GC(750) Concurrent Mark From Roots 61.670ms
[378.736s][info][gc,marking  ] GC(750) Concurrent Preclean
[378.736s][info][gc,marking  ] GC(750) Concurrent Preclean 0.045ms
[378.737s][info][gc,start    ] GC(750) Pause Remark
[378.753s][info][gc          ] GC(750) Pause Remark 140M->136M(256M) 16.745ms
[378.753s][info][gc,cpu      ] GC(750) User=0.04s Sys=0.00s Real=0.02s
[378.753s][info][gc,marking  ] GC(750) Concurrent Mark 78.741ms
[378.753s][info][gc,marking  ] GC(750) Concurrent Rebuild Remembered Sets and Scrub Regions
[378.793s][info][gc,marking  ] GC(750) Concurrent Rebuild Remembered Sets and Scrub Regions 39.934ms
[378.794s][info][gc,start    ] GC(750) Pause Cleanup
[378.794s][info][gc          ] GC(750) Pause Cleanup 155M->155M(256M) 0.054ms
[378.794s][info][gc,cpu      ] GC(750) User=0.00s Sys=0.00s Real=0.00s
[378.794s][info][gc,marking  ] GC(750) Concurrent Clear Claimed Marks
[378.794s][info][gc,marking  ] GC(750) Concurrent Clear Claimed Marks 0.039ms
[378.794s][info][gc,marking  ] GC(750) Concurrent Cleanup for Next Mark
[378.794s][info][gc,marking  ] GC(750) Concurrent Cleanup for Next Mark 0.744ms
[378.794s][info][gc          ] GC(750) Concurrent Mark Cycle 144.129ms
[378.954s][info][gc,start    ] GC(751) Pause Young (Prepare Mixed) (G1 Evacuation Pause)
[378.954s][info][gc,task     ] GC(751) Using 2 workers of 2 for evacuation
[378.985s][info][gc,phases   ] GC(751)   Pre Evacuate Collection Set: 0.18ms
[378.985s][info][gc,phases   ] GC(751)   Merge Heap Roots: 0.08ms
[378.985s][info][gc,phases   ] GC(751)   Evacuate Collection Set: 29.90ms
[378.985s][info][gc,phases   ] GC(751)   Post Evacuate Collection Set: 0.38ms
[378.985s][info][gc,phases   ] GC(751)   Other: 0.08ms
[378.985s][info][gc,heap     ] GC(751) Eden regions: 114->0(107)
[378.985s][info][gc,heap     ] GC(751) Survivor regions: 15->13(17)
[378.985s][info][gc,heap     ] GC(751) Old regions: 84->99
[378.985s][info][gc,heap     ] GC(751) Humongous regions: 5->5
[378.985s][info][gc,metaspace] GC(751) Metaspace: 42891K(43328K)->42891K(43328K) NonClass: 38537K(38848K)->38537K(38848K) Class: 4354K(4480K)->4354K(4480K)
[378.985s][info][gc          ] GC(751) Pause Young (Prepare Mixed) (G1 Evacuation Pause) 217M->116M(256M) 30.838ms
[378.985s][info][gc,cpu      ] GC(751) User=0.06s Sys=0.00s Real=0.03s
[379.301s][info][gc,start    ] GC(752) Pause Young (Mixed) (G1 Evacuation Pause)
[379.301s][info][gc,task     ] GC(752) Using 2 workers of 2 for evacuation
[379.338s][info][gc,phases   ] GC(752)   Pre Evacuate Collection Set: 0.20ms
[379.338s][info][gc,phases   ] GC(752)   Merge Heap Roots: 0.13ms
[379.338s][info][gc,phases   ] GC(752)   Evacuate Collection Set: 35.82ms
[379.338s][info][gc,phases   ] GC(752)   Post Evacuate Collection Set: 0.44ms
[379.338s][info][gc,phases   ] GC(752)   Other: 0.08ms
[379.338s][info][gc,heap     ] GC(752) Eden regions: 107->0(106)
[379.338s][info][gc,heap     ] GC(752) Survivor regions: 13->13(15)
[379.338s][info][gc,heap     ] GC(752) Old regions: 99->96
[379.338s][info][gc,heap     ] GC(752) Humongous regions: 9->9
[379.338s][info][gc,metaspace] GC(752) Metaspace: 42891K(43328K)->42891K(43328K) NonClass: 38537K(38848K)->38537K(38848K) Class: 4354K(4480K)->4354K(4480K)
[379.338s][info][gc          ] GC(752) Pause Young (Mixed) (G1 Evacuation Pause) 227M->117M(256M) 36.879ms
[379.338s][info][gc,cpu      ] GC(752) User=0.08s Sys=0.00s Real=0.04s
[379.646s][info][gc,start    ] GC(753) Pause Young (Concurrent Start) (G1 Humongous Allocation)
[379.646s][info][gc,task     ] GC(753) Using 2 workers of 2 for evacuation
[379.682s][info][gc,phases   ] GC(753)   Pre Evacuate Collection Set: 0.20ms
[379.682s][info][gc,phases   ] GC(753)   Merge Heap Roots: 0.11ms
[379.682s][info][gc,phases   ] GC(753)   Evacuate Collection Set: 34.20ms
[379.682s][info][gc,phases   ] GC(753)   Post Evacuate Collection Set: 1.40ms
[379.682s][info][gc,phases   ] GC(753)   Other: 0.11ms
[379.683s][info][gc,heap     ] GC(753) Eden regions: 64->0(188)
[379.683s][info][gc,heap     ] GC(753) Survivor regions: 13->15(15)
[379.683s][info][gc,heap     ] GC(753) Old regions: 96->109
[379.683s][info][gc,heap     ] GC(753) Humongous regions: 9->9
[379.683s][info][gc,metaspace] GC(753) Metaspace: 42891K(43328K)->42891K(43328K) NonClass: 38537K(38848K)->38537K(38848K) Class: 4354K(4480K)->4354K(4480K)
[379.683s][info][gc          ] GC(753) Pause Young (Concurrent Start) (G1 Humongous Allocation) 180M->133M(388M) 36.270ms
[379.683s][info][gc          ] GC(754) Concurrent Mark Cycle
[379.683s][info][gc,marking  ] GC(754) Concurrent Scan Root Regions
[379.684s][info][gc,cpu      ] GC(753) User=0.07s Sys=0.00s Real=0.04s
[379.722s][info][gc,marking  ] GC(754) Concurrent Scan Root Regions 39.739ms
[379.722s][info][gc,marking  ] GC(754) Concurrent Mark
[379.722s][info][gc,marking  ] GC(754) Concurrent Mark From Roots
[379.722s][info][gc,task     ] GC(754) Using 1 workers of 1 for marking
[379.846s][info][gc,marking  ] GC(754) Concurrent Mark From Roots 123.144ms
[379.846s][info][gc,marking  ] GC(754) Concurrent Preclean
[379.846s][info][gc,marking  ] GC(754) Concurrent Preclean 0.050ms
[379.846s][info][gc,start    ] GC(754) Pause Remark
[379.863s][info][gc          ] GC(754) Pause Remark 144M->142M(388M) 16.881ms
[379.863s][info][gc,cpu      ] GC(754) User=0.03s Sys=0.00s Real=0.02s
[379.863s][info][gc,marking  ] GC(754) Concurrent Mark 140.397ms
[379.863s][info][gc,marking  ] GC(754) Concurrent Rebuild Remembered Sets and Scrub Regions
[379.934s][info][gc,marking  ] GC(754) Concurrent Rebuild Remembered Sets and Scrub Regions 71.459ms
[379.934s][info][gc,start    ] GC(754) Pause Cleanup
[379.935s][info][gc          ] GC(754) Pause Cleanup 149M->149M(388M) 0.059ms
[379.935s][info][gc,cpu      ] GC(754) User=0.00s Sys=0.00s Real=0.00s
[379.935s][info][gc,marking  ] GC(754) Concurrent Clear Claimed Marks
[379.935s][info][gc,marking  ] GC(754) Concurrent Clear Claimed Marks 0.043ms
[379.935s][info][gc,marking  ] GC(754) Concurrent Cleanup for Next Mark
[379.937s][info][gc,marking  ] GC(754) Concurrent Cleanup for Next Mark 2.592ms
[379.937s][info][gc          ] GC(754) Concurrent Mark Cycle 254.631ms
[381.188s][info][gc,start    ] GC(755) Pause Young (Prepare Mixed) (G1 Evacuation Pause)
[381.188s][info][gc,task     ] GC(755) Using 2 workers of 2 for evacuation
[381.214s][info][gc,phases   ] GC(755)   Pre Evacuate Collection Set: 0.20ms
[381.214s][info][gc,phases   ] GC(755)   Merge Heap Roots: 0.16ms
[381.214s][info][gc,phases   ] GC(755)   Evacuate Collection Set: 25.61ms
[381.214s][info][gc,phases   ] GC(755)   Post Evacuate Collection Set: 0.51ms
[381.214s][info][gc,phases   ] GC(755)   Other: 0.07ms
[381.214s][info][gc,heap     ] GC(755) Eden regions: 188->0(189)
[381.214s][info][gc,heap     ] GC(755) Survivor regions: 15->10(26)
[381.214s][info][gc,heap     ] GC(755) Old regions: 109->116
[381.214s][info][gc,heap     ] GC(755) Humongous regions: 15->13
[381.214s][info][gc,metaspace] GC(755) Metaspace: 42891K(43328K)->42891K(43328K) NonClass: 38537K(38848K)->38537K(38848K) Class: 4354K(4480K)->4354K(4480K)
[381.214s][info][gc          ] GC(755) Pause Young (Prepare Mixed) (G1 Evacuation Pause) 327M->138M(388M) 26.758ms
[381.214s][info][gc,cpu      ] GC(755) User=0.06s Sys=0.00s Real=0.03s
[382.260s][info][gc,start    ] GC(756) Pause Young (Mixed) (G1 Evacuation Pause)
[382.260s][info][gc,task     ] GC(756) Using 2 workers of 2 for evacuation
[382.276s][info][gc,phases   ] GC(756)   Pre Evacuate Collection Set: 0.26ms
[382.276s][info][gc,phases   ] GC(756)   Merge Heap Roots: 0.13ms
[382.276s][info][gc,phases   ] GC(756)   Evacuate Collection Set: 14.60ms
[382.276s][info][gc,phases   ] GC(756)   Post Evacuate Collection Set: 0.53ms
[382.276s][info][gc,phases   ] GC(756)   Other: 0.09ms
[382.276s][info][gc,heap     ] GC(756) Eden regions: 189->0(200)
[382.276s][info][gc,heap     ] GC(756) Survivor regions: 10->10(25)
[382.276s][info][gc,heap     ] GC(756) Old regions: 116->113
[382.276s][info][gc,heap     ] GC(756) Humongous regions: 13->13
[382.276s][info][gc,metaspace] GC(756) Metaspace: 42891K(43328K)->42891K(43328K) NonClass: 38537K(38848K)->38537K(38848K) Class: 4354K(4480K)->4354K(4480K)
[382.276s][info][gc          ] GC(756) Pause Young (Mixed) (G1 Evacuation Pause) 327M->135M(388M) 15.782ms
[382.276s][info][gc,cpu      ] GC(756) User=0.03s Sys=0.00s Real=0.02s
[383.442s][info][gc,start    ] GC(757) Pause Young (Concurrent Start) (G1 Evacuation Pause)
[383.442s][info][gc,task     ] GC(757) Using 2 workers of 2 for evacuation
[383.458s][info][gc,phases   ] GC(757)   Pre Evacuate Collection Set: 0.26ms
[383.458s][info][gc,phases   ] GC(757)   Merge Heap Roots: 0.13ms
[383.458s][info][gc,phases   ] GC(757)   Evacuate Collection Set: 14.66ms
[383.458s][info][gc,phases   ] GC(757)   Post Evacuate Collection Set: 0.45ms
[383.458s][info][gc,phases   ] GC(757)   Other: 0.09ms
[383.458s][info][gc,heap     ] GC(757) Eden regions: 200->0(203)
[383.458s][info][gc,heap     ] GC(757) Survivor regions: 10->14(27)
[383.458s][info][gc,heap     ] GC(757) Old regions: 113->113
[383.458s][info][gc,heap     ] GC(757) Humongous regions: 13->13
[383.458s][info][gc,metaspace] GC(757) Metaspace: 42891K(43328K)->42891K(43328K) NonClass: 38537K(38848K)->38537K(38848K) Class: 4354K(4480K)->4354K(4480K)
[383.458s][info][gc          ] GC(757) Pause Young (Concurrent Start) (G1 Evacuation Pause) 335M->139M(388M) 15.771ms
[383.458s][info][gc,cpu      ] GC(757) User=0.03s Sys=0.00s Real=0.01s
[383.458s][info][gc          ] GC(758) Concurrent Mark Cycle
[383.458s][info][gc,marking  ] GC(758) Concurrent Scan Root Regions
[383.471s][info][gc,marking  ] GC(758) Concurrent Scan Root Regions 12.846ms
[383.471s][info][gc,marking  ] GC(758) Concurrent Mark
[383.471s][info][gc,marking  ] GC(758) Concurrent Mark From Roots
[383.471s][info][gc,task     ] GC(758) Using 1 workers of 1 for marking
[383.506s][info][gc,marking  ] GC(758) Concurrent Mark From Roots 35.361ms
[383.506s][info][gc,marking  ] GC(758) Concurrent Preclean
[383.506s][info][gc,marking  ] GC(758) Concurrent Preclean 0.035ms
[383.506s][info][gc,start    ] GC(758) Pause Remark
[383.523s][info][gc          ] GC(758) Pause Remark 147M->65M(256M) 16.609ms
[383.523s][info][gc,cpu      ] GC(758) User=0.03s Sys=0.00s Real=0.02s
[383.523s][info][gc,marking  ] GC(758) Concurrent Mark 52.237ms
[383.523s][info][gc,marking  ] GC(758) Concurrent Rebuild Remembered Sets and Scrub Regions
[383.536s][info][gc,marking  ] GC(758) Concurrent Rebuild Remembered Sets and Scrub Regions 12.900ms
[383.536s][info][gc,start    ] GC(758) Pause Cleanup
[383.536s][info][gc          ] GC(758) Pause Cleanup 67M->67M(256M) 0.057ms
[383.536s][info][gc,cpu      ] GC(758) User=0.00s Sys=0.00s Real=0.00s
[383.536s][info][gc,marking  ] GC(758) Concurrent Clear Claimed Marks
[383.536s][info][gc,marking  ] GC(758) Concurrent Clear Claimed Marks 0.042ms
[383.536s][info][gc,marking  ] GC(758) Concurrent Cleanup for Next Mark
[383.537s][info][gc,marking  ] GC(758) Concurrent Cleanup for Next Mark 0.752ms
[383.537s][info][gc          ] GC(758) Concurrent Mark Cycle 79.162ms
[384.324s][info][gc,start    ] GC(759) Pause Young (Prepare Mixed) (G1 Evacuation Pause)
[384.324s][info][gc,task     ] GC(759) Using 2 workers of 2 for evacuation
[384.329s][info][gc,phases   ] GC(759)   Pre Evacuate Collection Set: 0.15ms
[384.329s][info][gc,phases   ] GC(759)   Merge Heap Roots: 0.08ms
[384.329s][info][gc,phases   ] GC(759)   Evacuate Collection Set: 3.59ms
[384.329s][info][gc,phases   ] GC(759)   Post Evacuate Collection Set: 0.38ms
[384.329s][info][gc,phases   ] GC(759)   Other: 0.07ms
[384.329s][info][gc,heap     ] GC(759) Eden regions: 139->0(151)
[384.329s][info][gc,heap     ] GC(759) Survivor regions: 14->2(20)
[384.329s][info][gc,heap     ] GC(759) Old regions: 43->48
[384.329s][info][gc,heap     ] GC(759) Humongous regions: 1->1
[384.329s][info][gc,metaspace] GC(759) Metaspace: 42891K(43328K)->42891K(43328K) NonClass: 38537K(38848K)->38537K(38848K) Class: 4354K(4480K)->4354K(4480K)
[384.329s][info][gc          ] GC(759) Pause Young (Prepare Mixed) (G1 Evacuation Pause) 196M->49M(256M) 4.455ms
[384.329s][info][gc,cpu      ] GC(759) User=0.01s Sys=0.00s Real=0.00s
[385.223s][info][gc,start    ] GC(760) Pause Young (Mixed) (G1 Evacuation Pause)
[385.223s][info][gc,task     ] GC(760) Using 2 workers of 2 for evacuation
[385.240s][info][gc,phases   ] GC(760)   Pre Evacuate Collection Set: 0.15ms
[385.240s][info][gc,phases   ] GC(760)   Merge Heap Roots: 0.08ms
[385.240s][info][gc,phases   ] GC(760)   Evacuate Collection Set: 15.75ms
[385.240s][info][gc,phases   ] GC(760)   Post Evacuate Collection Set: 0.40ms
[385.240s][info][gc,phases   ] GC(760)   Other: 0.11ms
[385.240s][info][gc,heap     ] GC(760) Eden regions: 151->0(137)
[385.240s][info][gc,heap     ] GC(760) Survivor regions: 2->16(20)
[385.240s][info][gc,heap     ] GC(760) Old regions: 48->43
[385.240s][info][gc,heap     ] GC(760) Humongous regions: 2->2
[385.240s][info][gc,metaspace] GC(760) Metaspace: 42891K(43328K)->42891K(43328K) NonClass: 38537K(38848K)->38537K(38848K) Class: 4354K(4480K)->4354K(4480K)
[385.240s][info][gc          ] GC(760) Pause Young (Mixed) (G1 Evacuation Pause) 201M->60M(256M) 16.705ms
[385.240s][info][gc,cpu      ] GC(760) User=0.03s Sys=0.00s Real=0.01s
[385.875s][info][gc,start    ] GC(761) Pause Young (Concurrent Start) (G1 Humongous Allocation)
[385.875s][info][gc,task     ] GC(761) Using 2 workers of 2 for evacuation
[385.900s][info][gc,phases   ] GC(761)   Pre Evacuate Collection Set: 0.18ms
[385.900s][info][gc,phases   ] GC(761)   Merge Heap Roots: 0.08ms
[385.900s][info][gc,phases   ] GC(761)   Evacuate Collection Set: 24.66ms
[385.901s][info][gc,phases   ] GC(761)   Post Evacuate Collection Set: 0.42ms
[385.901s][info][gc,phases   ] GC(761)   Other: 0.08ms
[385.901s][info][gc,heap     ] GC(761) Eden regions: 119->0(139)
[385.901s][info][gc,heap     ] GC(761) Survivor regions: 16->14(20)
[385.901s][info][gc,heap     ] GC(761) Old regions: 43->58
[385.901s][info][gc,heap     ] GC(761) Humongous regions: 2->2
[385.901s][info][gc,metaspace] GC(761) Metaspace: 42896K(43328K)->42896K(43328K) NonClass: 38542K(38848K)->38542K(38848K) Class: 4354K(4480K)->4354K(4480K)
[385.901s][info][gc          ] GC(761) Pause Young (Concurrent Start) (G1 Humongous Allocation) 178M->74M(256M) 25.604ms
[385.901s][info][gc,cpu      ] GC(761) User=0.05s Sys=0.00s Real=0.02s
[385.901s][info][gc          ] GC(762) Concurrent Mark Cycle
[385.901s][info][gc,marking  ] GC(762) Concurrent Scan Root Regions
[385.925s][info][gc,marking  ] GC(762) Concurrent Scan Root Regions 24.623ms
[385.925s][info][gc,marking  ] GC(762) Concurrent Mark
[385.925s][info][gc,marking  ] GC(762) Concurrent Mark From Roots
[385.925s][info][gc,task     ] GC(762) Using 1 workers of 1 for marking
[385.962s][info][gc,marking  ] GC(762) Concurrent Mark From Roots 36.175ms
[385.962s][info][gc,marking  ] GC(762) Concurrent Preclean
[385.962s][info][gc,marking  ] GC(762) Concurrent Preclean 0.034ms
[385.962s][info][gc,start    ] GC(762) Pause Remark
[385.978s][info][gc          ] GC(762) Pause Remark 81M->80M(256M) 16.137ms
[385.978s][info][gc,cpu      ] GC(762) User=0.04s Sys=0.00s Real=0.01s
[385.978s][info][gc,marking  ] GC(762) Concurrent Mark 52.620ms
[385.978s][info][gc,marking  ] GC(762) Concurrent Rebuild Remembered Sets and Scrub Regions
[386.002s][info][gc,marking  ] GC(762) Concurrent Rebuild Remembered Sets and Scrub Regions 24.495ms
[386.003s][info][gc,start    ] GC(762) Pause Cleanup
[386.003s][info][gc          ] GC(762) Pause Cleanup 80M->80M(256M) 0.055ms
[386.003s][info][gc,cpu      ] GC(762) User=0.00s Sys=0.00s Real=0.00s
[386.003s][info][gc,marking  ] GC(762) Concurrent Clear Claimed Marks
[386.003s][info][gc,marking  ] GC(762) Concurrent Clear Claimed Marks 0.040ms
[386.003s][info][gc,marking  ] GC(762) Concurrent Cleanup for Next Mark
[386.004s][info][gc,marking  ] GC(762) Concurrent Cleanup for Next Mark 0.764ms
[386.004s][info][gc          ] GC(762) Concurrent Mark Cycle 102.910ms
[386.579s][info][gc,start    ] GC(763) Pause Young (Prepare Mixed) (G1 Evacuation Pause)
[386.579s][info][gc,task     ] GC(763) Using 2 workers of 2 for evacuation
[386.586s][info][gc,phases   ] GC(763)   Pre Evacuate Collection Set: 0.15ms
[386.586s][info][gc,phases   ] GC(763)   Merge Heap Roots: 0.09ms
[386.586s][info][gc,phases   ] GC(763)   Evacuate Collection Set: 6.14ms
[386.586s][info][gc,phases   ] GC(763)   Post Evacuate Collection Set: 0.42ms
[386.586s][info][gc,phases   ] GC(763)   Other: 0.09ms
[386.586s][info][gc,heap     ] GC(763) Eden regions: 139->0(150)
[386.586s][info][gc,heap     ] GC(763) Survivor regions: 14->3(20)
[386.586s][info][gc,heap     ] GC(763) Old regions: 57->63
[386.586s][info][gc,heap     ] GC(763) Humongous regions: 16->4
[386.586s][info][gc,metaspace] GC(763) Metaspace: 42897K(43328K)->42897K(43328K) NonClass: 38542K(38848K)->38542K(38848K) Class: 4354K(4480K)->4354K(4480K)
[386.586s][info][gc          ] GC(763) Pause Young (Prepare Mixed) (G1 Evacuation Pause) 226M->70M(256M) 7.064ms
[386.586s][info][gc,cpu      ] GC(763) User=0.01s Sys=0.00s Real=0.01s
[387.248s][info][gc,start    ] GC(764) Pause Young (Mixed) (G1 Evacuation Pause)
[387.248s][info][gc,task     ] GC(764) Using 2 workers of 2 for evacuation
[387.255s][info][gc,phases   ] GC(764)   Pre Evacuate Collection Set: 0.16ms
[387.255s][info][gc,phases   ] GC(764)   Merge Heap Roots: 0.11ms
[387.255s][info][gc,phases   ] GC(764)   Evacuate Collection Set: 5.84ms
[387.255s][info][gc,phases   ] GC(764)   Post Evacuate Collection Set: 0.41ms
[387.255s][info][gc,phases   ] GC(764)   Other: 0.10ms
[387.255s][info][gc,heap     ] GC(764) Eden regions: 150->0(151)
[387.255s][info][gc,heap     ] GC(764) Survivor regions: 3->2(20)
[387.255s][info][gc,heap     ] GC(764) Old regions: 63->57
[387.255s][info][gc,heap     ] GC(764) Humongous regions: 12->2
[387.255s][info][gc,metaspace] GC(764) Metaspace: 42906K(43328K)->42906K(43328K) NonClass: 38552K(38848K)->38552K(38848K) Class: 4354K(4480K)->4354K(4480K)
[387.255s][info][gc          ] GC(764) Pause Young (Mixed) (G1 Evacuation Pause) 228M->60M(256M) 6.786ms
[387.255s][info][gc,cpu      ] GC(764) User=0.01s Sys=0.00s Real=0.01s
[387.262s][info][gc,start    ] GC(765) Pause Young (Concurrent Start) (G1 Humongous Allocation)
[387.262s][info][gc,task     ] GC(765) Using 2 workers of 2 for evacuation
[387.264s][info][gc,phases   ] GC(765)   Pre Evacuate Collection Set: 0.15ms
[387.264s][info][gc,phases   ] GC(765)   Merge Heap Roots: 0.03ms
[387.264s][info][gc,phases   ] GC(765)   Evacuate Collection Set: 1.69ms
[387.264s][info][gc,phases   ] GC(765)   Post Evacuate Collection Set: 0.30ms
[387.264s][info][gc,phases   ] GC(765)   Other: 0.06ms
[387.264s][info][gc,heap     ] GC(765) Eden regions: 1->0(151)
[387.264s][info][gc,heap     ] GC(765) Survivor regions: 2->2(20)
[387.264s][info][gc,heap     ] GC(765) Old regions: 57->57
[387.264s][info][gc,heap     ] GC(765) Humongous regions: 2->2
[387.264s][info][gc,metaspace] GC(765) Metaspace: 42906K(43328K)->42906K(43328K) NonClass: 38552K(38848K)->38552K(38848K) Class: 4354K(4480K)->4354K(4480K)
[387.264s][info][gc          ] GC(765) Pause Young (Concurrent Start) (G1 Humongous Allocation) 60M->60M(256M) 2.387ms
[387.264s][info][gc,cpu      ] GC(765) User=0.00s Sys=0.00s Real=0.00s
[387.264s][info][gc          ] GC(766) Concurrent Mark Cycle
[387.266s][info][gc,marking  ] GC(766) Concurrent Scan Root Regions
[387.269s][info][gc,marking  ] GC(766) Concurrent Scan Root Regions 2.984ms
[387.269s][info][gc,marking  ] GC(766) Concurrent Mark
[387.269s][info][gc,marking  ] GC(766) Concurrent Mark From Roots
[387.269s][info][gc,task     ] GC(766) Using 1 workers of 1 for marking
[387.321s][info][gc,marking  ] GC(766) Concurrent Mark From Roots 51.401ms
[387.321s][info][gc,marking  ] GC(766) Concurrent Preclean
[387.321s][info][gc,marking  ] GC(766) Concurrent Preclean 0.042ms
[387.321s][info][gc,start    ] GC(766) Pause Remark
[387.337s][info][gc          ] GC(766) Pause Remark 74M->70M(256M) 16.537ms
[387.337s][info][gc,cpu      ] GC(766) User=0.03s Sys=0.01s Real=0.02s
[387.338s][info][gc,marking  ] GC(766) Concurrent Mark 68.313ms
[387.338s][info][gc,marking  ] GC(766) Concurrent Rebuild Remembered Sets and Scrub Regions
[387.355s][info][gc,marking  ] GC(766) Concurrent Rebuild Remembered Sets and Scrub Regions 17.125ms
[387.355s][info][gc,start    ] GC(766) Pause Cleanup
[387.355s][info][gc          ] GC(766) Pause Cleanup 73M->73M(256M) 0.059ms
[387.355s][info][gc,cpu      ] GC(766) User=0.00s Sys=0.00s Real=0.00s
[387.355s][info][gc,marking  ] GC(766) Concurrent Clear Claimed Marks
[387.355s][info][gc,marking  ] GC(766) Concurrent Clear Claimed Marks 0.040ms
[387.355s][info][gc,marking  ] GC(766) Concurrent Cleanup for Next Mark
[387.356s][info][gc,marking  ] GC(766) Concurrent Cleanup for Next Mark 0.747ms
[387.356s][info][gc          ] GC(766) Concurrent Mark Cycle 91.337ms
[387.911s][info][gc,start    ] GC(767) Pause Young (Prepare Mixed) (G1 Evacuation Pause)
[387.911s][info][gc,task     ] GC(767) Using 2 workers of 2 for evacuation
[387.918s][info][gc,phases   ] GC(767)   Pre Evacuate Collection Set: 0.15ms
[387.918s][info][gc,phases   ] GC(767)   Merge Heap Roots: 0.06ms
[387.918s][info][gc,phases   ] GC(767)   Evacuate Collection Set: 6.16ms
[387.918s][info][gc,phases   ] GC(767)   Post Evacuate Collection Set: 0.40ms
[387.918s][info][gc,phases   ] GC(767)   Other: 0.06ms
[387.918s][info][gc,heap     ] GC(767) Eden regions: 151->0(145)
[387.918s][info][gc,heap     ] GC(767) Survivor regions: 2->8(20)
[387.918s][info][gc,heap     ] GC(767) Old regions: 54->54
[387.918s][info][gc,heap     ] GC(767) Humongous regions: 11->3
[387.918s][info][gc,metaspace] GC(767) Metaspace: 42907K(43328K)->42907K(43328K) NonClass: 38553K(38848K)->38553K(38848K) Class: 4354K(4480K)->4354K(4480K)
[387.918s][info][gc          ] GC(767) Pause Young (Prepare Mixed) (G1 Evacuation Pause) 217M->64M(256M) 7.026ms
[387.918s][info][gc,cpu      ] GC(767) User=0.01s Sys=0.00s Real=0.00s
[388.539s][info][gc,start    ] GC(768) Pause Young (Mixed) (G1 Evacuation Pause)
[388.539s][info][gc,task     ] GC(768) Using 2 workers of 2 for evacuation
[388.563s][info][gc,phases   ] GC(768)   Pre Evacuate Collection Set: 0.15ms
[388.563s][info][gc,phases   ] GC(768)   Merge Heap Roots: 0.09ms
[388.563s][info][gc,phases   ] GC(768)   Evacuate Collection Set: 23.47ms
[388.563s][info][gc,phases   ] GC(768)   Post Evacuate Collection Set: 0.56ms
[388.563s][info][gc,phases   ] GC(768)   Other: 0.07ms
[388.563s][info][gc,heap     ] GC(768) Eden regions: 145->0(133)
[388.563s][info][gc,heap     ] GC(768) Survivor regions: 8->20(20)
[388.563s][info][gc,heap     ] GC(768) Old regions: 54->41
[388.563s][info][gc,heap     ] GC(768) Humongous regions: 3->3
[388.563s][info][gc,metaspace] GC(768) Metaspace: 42907K(43328K)->42907K(43328K) NonClass: 38553K(38848K)->38553K(38848K) Class: 4354K(4480K)->4354K(4480K)
[388.563s][info][gc          ] GC(768) Pause Young (Mixed) (G1 Evacuation Pause) 209M->63M(256M) 24.519ms
[388.563s][info][gc,cpu      ] GC(768) User=0.05s Sys=0.00s Real=0.03s
[388.637s][info][gc,start    ] GC(769) Pause Young (Concurrent Start) (G1 Humongous Allocation)
[388.637s][info][gc,task     ] GC(769) Using 2 workers of 2 for evacuation
[388.656s][info][gc,phases   ] GC(769)   Pre Evacuate Collection Set: 0.17ms
[388.656s][info][gc,phases   ] GC(769)   Merge Heap Roots: 0.07ms
[388.656s][info][gc,phases   ] GC(769)   Evacuate Collection Set: 18.98ms
[388.656s][info][gc,phases   ] GC(769)   Post Evacuate Collection Set: 0.37ms
[388.656s][info][gc,phases   ] GC(769)   Other: 0.11ms
[388.656s][info][gc,heap     ] GC(769) Eden regions: 18->0(150)
[388.656s][info][gc,heap     ] GC(769) Survivor regions: 20->3(20)
[388.656s][info][gc,heap     ] GC(769) Old regions: 41->57
[388.656s][info][gc,heap     ] GC(769) Humongous regions: 3->1
[388.656s][info][gc,metaspace] GC(769) Metaspace: 42907K(43328K)->42907K(43328K) NonClass: 38553K(38848K)->38553K(38848K) Class: 4354K(4480K)->4354K(4480K)
[388.656s][info][gc          ] GC(769) Pause Young (Concurrent Start) (G1 Humongous Allocation) 81M->60M(256M) 19.898ms
[388.656s][info][gc,cpu      ] GC(769) User=0.04s Sys=0.01s Real=0.02s
[388.656s][info][gc          ] GC(770) Concurrent Mark Cycle
[388.657s][info][gc,marking  ] GC(770) Concurrent Scan Root Regions
[388.675s][info][gc,marking  ] GC(770) Concurrent Scan Root Regions 18.560ms
[388.676s][info][gc,marking  ] GC(770) Concurrent Mark
[388.676s][info][gc,marking  ] GC(770) Concurrent Mark From Roots
[388.676s][info][gc,task     ] GC(770) Using 1 workers of 1 for marking
[388.718s][info][gc,marking  ] GC(770) Concurrent Mark From Roots 42.409ms
[388.718s][info][gc,marking  ] GC(770) Concurrent Preclean
[388.718s][info][gc,marking  ] GC(770) Concurrent Preclean 0.034ms
[388.718s][info][gc,start    ] GC(770) Pause Remark
[388.735s][info][gc          ] GC(770) Pause Remark 78M->78M(256M) 16.387ms
[388.735s][info][gc,cpu      ] GC(770) User=0.04s Sys=0.00s Real=0.02s
[388.735s][info][gc,marking  ] GC(770) Concurrent Mark 59.106ms
[388.735s][info][gc,marking  ] GC(770) Concurrent Rebuild Remembered Sets and Scrub Regions
[388.768s][info][gc,marking  ] GC(770) Concurrent Rebuild Remembered Sets and Scrub Regions 33.134ms
[388.768s][info][gc,start    ] GC(770) Pause Cleanup
[388.768s][info][gc          ] GC(770) Pause Cleanup 82M->82M(256M) 0.040ms
[388.768s][info][gc,cpu      ] GC(770) User=0.00s Sys=0.00s Real=0.00s
[388.768s][info][gc,marking  ] GC(770) Concurrent Clear Claimed Marks
[388.768s][info][gc,marking  ] GC(770) Concurrent Clear Claimed Marks 0.038ms
[388.768s][info][gc,marking  ] GC(770) Concurrent Cleanup for Next Mark
[388.769s][info][gc,marking  ] GC(770) Concurrent Cleanup for Next Mark 0.737ms
[388.769s][info][gc          ] GC(770) Concurrent Mark Cycle 112.538ms
[389.349s][info][gc,start    ] GC(771) Pause Young (Prepare Mixed) (G1 Evacuation Pause)
[389.349s][info][gc,task     ] GC(771) Using 2 workers of 2 for evacuation
[389.354s][info][gc,phases   ] GC(771)   Pre Evacuate Collection Set: 0.15ms
[389.354s][info][gc,phases   ] GC(771)   Merge Heap Roots: 0.10ms
[389.354s][info][gc,phases   ] GC(771)   Evacuate Collection Set: 4.78ms
[389.354s][info][gc,phases   ] GC(771)   Post Evacuate Collection Set: 0.42ms
[389.354s][info][gc,phases   ] GC(771)   Other: 0.07ms
[389.354s][info][gc,heap     ] GC(771) Eden regions: 150->0(148)
[389.355s][info][gc,heap     ] GC(771) Survivor regions: 3->5(20)
[389.355s][info][gc,heap     ] GC(771) Old regions: 57->57
[389.355s][info][gc,heap     ] GC(771) Humongous regions: 17->3
[389.355s][info][gc,metaspace] GC(771) Metaspace: 42909K(43328K)->42909K(43328K) NonClass: 38554K(38848K)->38554K(38848K) Class: 4354K(4480K)->4354K(4480K)
[389.355s][info][gc          ] GC(771) Pause Young (Prepare Mixed) (G1 Evacuation Pause) 226M->64M(256M) 5.697ms
[389.355s][info][gc,cpu      ] GC(771) User=0.01s Sys=0.00s Real=0.01s
[389.910s][info][gc,start    ] GC(772) Pause Young (Mixed) (G1 Evacuation Pause)
[389.910s][info][gc,task     ] GC(772) Using 2 workers of 2 for evacuation
[389.928s][info][gc,phases   ] GC(772)   Pre Evacuate Collection Set: 0.19ms
[389.928s][info][gc,phases   ] GC(772)   Merge Heap Roots: 0.20ms
[389.928s][info][gc,phases   ] GC(772)   Evacuate Collection Set: 16.41ms
[389.928s][info][gc,phases   ] GC(772)   Post Evacuate Collection Set: 0.63ms
[389.928s][info][gc,phases   ] GC(772)   Other: 0.07ms
[389.928s][info][gc,heap     ] GC(772) Eden regions: 148->0(146)
[389.928s][info][gc,heap     ] GC(772) Survivor regions: 5->7(20)
[389.928s][info][gc,heap     ] GC(772) Old regions: 57->54
[389.928s][info][gc,heap     ] GC(772) Humongous regions: 15->3
[389.928s][info][gc,metaspace] GC(772) Metaspace: 42909K(43328K)->42909K(43328K) NonClass: 38555K(38848K)->38555K(38848K) Class: 4354K(4480K)->4354K(4480K)
[389.928s][info][gc          ] GC(772) Pause Young (Mixed) (G1 Evacuation Pause) 224M->64M(256M) 17.700ms
[389.928s][info][gc,cpu      ] GC(772) User=0.04s Sys=0.00s Real=0.02s
[389.976s][info][gc,start    ] GC(773) Pause Young (Concurrent Start) (G1 Humongous Allocation)
[389.976s][info][gc,task     ] GC(773) Using 2 workers of 2 for evacuation
[389.982s][info][gc,phases   ] GC(773)   Pre Evacuate Collection Set: 0.17ms
[389.982s][info][gc,phases   ] GC(773)   Merge Heap Roots: 0.05ms
[389.982s][info][gc,phases   ] GC(773)   Evacuate Collection Set: 4.75ms
[389.982s][info][gc,phases   ] GC(773)   Post Evacuate Collection Set: 0.33ms
[389.982s][info][gc,phases   ] GC(773)   Other: 0.09ms
[389.982s][info][gc,heap     ] GC(773) Eden regions: 12->0(148)
[389.982s][info][gc,heap     ] GC(773) Survivor regions: 7->5(20)
[389.982s][info][gc,heap     ] GC(773) Old regions: 54->54
[389.982s][info][gc,heap     ] GC(773) Humongous regions: 3->1
[389.982s][info][gc,metaspace] GC(773) Metaspace: 42909K(43328K)->42909K(43328K) NonClass: 38555K(38848K)->38555K(38848K) Class: 4354K(4480K)->4354K(4480K)
[389.982s][info][gc          ] GC(773) Pause Young (Concurrent Start) (G1 Humongous Allocation) 76M->59M(256M) 5.611ms
[389.982s][info][gc,cpu      ] GC(773) User=0.01s Sys=0.00s Real=0.01s
[389.982s][info][gc          ] GC(774) Concurrent Mark Cycle
[389.982s][info][gc,marking  ] GC(774) Concurrent Scan Root Regions
[389.990s][info][gc,marking  ] GC(774) Concurrent Scan Root Regions 8.172ms
[389.990s][info][gc,marking  ] GC(774) Concurrent Mark
[389.990s][info][gc,marking  ] GC(774) Concurrent Mark From Roots
[389.990s][info][gc,task     ] GC(774) Using 1 workers of 1 for marking
[390.065s][info][gc,marking  ] GC(774) Concurrent Mark From Roots 75.068ms
[390.065s][info][gc,marking  ] GC(774) Concurrent Preclean
[390.065s][info][gc,marking  ] GC(774) Concurrent Preclean 0.053ms
[390.065s][info][gc,start    ] GC(774) Pause Remark
[390.082s][info][gc          ] GC(774) Pause Remark 74M->74M(256M) 16.987ms
[390.082s][info][gc,cpu      ] GC(774) User=0.03s Sys=0.00s Real=0.02s
[390.084s][info][gc,marking  ] GC(774) Concurrent Mark 94.166ms
[390.084s][info][gc,marking  ] GC(774) Concurrent Rebuild Remembered Sets and Scrub Regions
[390.115s][info][gc,marking  ] GC(774) Concurrent Rebuild Remembered Sets and Scrub Regions 30.751ms
[390.115s][info][gc,start    ] GC(774) Pause Cleanup
[390.115s][info][gc          ] GC(774) Pause Cleanup 83M->83M(256M) 0.091ms
[390.115s][info][gc,cpu      ] GC(774) User=0.00s Sys=0.00s Real=0.00s
[390.115s][info][gc,marking  ] GC(774) Concurrent Clear Claimed Marks
[390.115s][info][gc,marking  ] GC(774) Concurrent Clear Claimed Marks 0.041ms
[390.115s][info][gc,marking  ] GC(774) Concurrent Cleanup for Next Mark
[390.116s][info][gc,marking  ] GC(774) Concurrent Cleanup for Next Mark 0.770ms
[390.116s][info][gc          ] GC(774) Concurrent Mark Cycle 134.310ms
[390.619s][info][gc,start    ] GC(775) Pause Young (Prepare Mixed) (G1 Evacuation Pause)
[390.620s][info][gc,task     ] GC(775) Using 2 workers of 2 for evacuation
[390.636s][info][gc,phases   ] GC(775)   Pre Evacuate Collection Set: 0.24ms
[390.636s][info][gc,phases   ] GC(775)   Merge Heap Roots: 0.10ms
[390.636s][info][gc,phases   ] GC(775)   Evacuate Collection Set: 15.97ms
[390.636s][info][gc,phases   ] GC(775)   Post Evacuate Collection Set: 0.47ms
[390.636s][info][gc,phases   ] GC(775)   Other: 0.07ms
[390.636s][info][gc,heap     ] GC(775) Eden regions: 148->0(134)
[390.636s][info][gc,heap     ] GC(775) Survivor regions: 5->19(20)
[390.636s][info][gc,heap     ] GC(775) Old regions: 54->54
[390.636s][info][gc,heap     ] GC(775) Humongous regions: 11->3
[390.636s][info][gc,metaspace] GC(775) Metaspace: 42909K(43328K)->42909K(43328K) NonClass: 38555K(38848K)->38555K(38848K) Class: 4354K(4480K)->4354K(4480K)
[390.637s][info][gc          ] GC(775) Pause Young (Prepare Mixed) (G1 Evacuation Pause) 217M->76M(256M) 17.055ms
[390.637s][info][gc,cpu      ] GC(775) User=0.04s Sys=0.00s Real=0.02s
[391.246s][info][gc,start    ] GC(776) Pause Young (Mixed) (G1 Evacuation Pause)
[391.246s][info][gc,task     ] GC(776) Using 2 workers of 2 for evacuation
[391.272s][info][gc,phases   ] GC(776)   Pre Evacuate Collection Set: 0.18ms
[391.272s][info][gc,phases   ] GC(776)   Merge Heap Roots: 0.08ms
[391.272s][info][gc,phases   ] GC(776)   Evacuate Collection Set: 25.50ms
[391.272s][info][gc,phases   ] GC(776)   Post Evacuate Collection Set: 0.45ms
[391.272s][info][gc,phases   ] GC(776)   Other: 0.07ms
[391.272s][info][gc,heap     ] GC(776) Eden regions: 134->0(142)
[391.272s][info][gc,heap     ] GC(776) Survivor regions: 19->11(20)
[391.272s][info][gc,heap     ] GC(776) Old regions: 54->65
[391.272s][info][gc,heap     ] GC(776) Humongous regions: 3->3
[391.272s][info][gc,metaspace] GC(776) Metaspace: 42909K(43328K)->42909K(43328K) NonClass: 38555K(38848K)->38555K(38848K) Class: 4354K(4480K)->4354K(4480K)
[391.272s][info][gc          ] GC(776) Pause Young (Mixed) (G1 Evacuation Pause) 210M->78M(256M) 26.505ms
[391.272s][info][gc,cpu      ] GC(776) User=0.05s Sys=0.00s Real=0.03s
[391.747s][info][gc,start    ] GC(777) Pause Young (Concurrent Start) (G1 Humongous Allocation)
[391.747s][info][gc,task     ] GC(777) Using 2 workers of 2 for evacuation
[391.792s][info][gc,phases   ] GC(777)   Pre Evacuate Collection Set: 0.18ms
[391.792s][info][gc,phases   ] GC(777)   Merge Heap Roots: 0.10ms
[391.792s][info][gc,phases   ] GC(777)   Evacuate Collection Set: 43.59ms
[391.792s][info][gc,phases   ] GC(777)   Post Evacuate Collection Set: 0.45ms
[391.792s][info][gc,phases   ] GC(777)   Other: 0.09ms
[391.792s][info][gc,heap     ] GC(777) Eden regions: 104->0(103)
[391.792s][info][gc,heap     ] GC(777) Survivor regions: 11->20(20)
[391.792s][info][gc,heap     ] GC(777) Old regions: 65->85
[391.792s][info][gc,heap     ] GC(777) Humongous regions: 3->1
[391.792s][info][gc,metaspace] GC(777) Metaspace: 42909K(43328K)->42909K(43328K) NonClass: 38555K(38848K)->38555K(38848K) Class: 4354K(4480K)->4354K(4480K)
[391.792s][info][gc          ] GC(777) Pause Young (Concurrent Start) (G1 Humongous Allocation) 182M->106M(256M) 44.602ms
[391.792s][info][gc,cpu      ] GC(777) User=0.08s Sys=0.00s Real=0.05s
[391.792s][info][gc          ] GC(778) Concurrent Mark Cycle
[391.792s][info][gc,marking  ] GC(778) Concurrent Scan Root Regions
[391.844s][info][gc,marking  ] GC(778) Concurrent Scan Root Regions 52.592ms
[391.844s][info][gc,marking  ] GC(778) Concurrent Mark
[391.845s][info][gc,marking  ] GC(778) Concurrent Mark From Roots
[391.845s][info][gc,task     ] GC(778) Using 1 workers of 1 for marking
[391.913s][info][gc,marking  ] GC(778) Concurrent Mark From Roots 68.170ms
[391.913s][info][gc,marking  ] GC(778) Concurrent Preclean
[391.913s][info][gc,marking  ] GC(778) Concurrent Preclean 0.035ms
[391.913s][info][gc,start    ] GC(778) Pause Remark
[391.942s][info][gc          ] GC(778) Pause Remark 133M->132M(256M) 28.732ms
[391.942s][info][gc,cpu      ] GC(778) User=0.03s Sys=0.00s Real=0.03s
[391.942s][info][gc,marking  ] GC(778) Concurrent Mark 97.309ms
[391.942s][info][gc,marking  ] GC(778) Concurrent Rebuild Remembered Sets and Scrub Regions
[392.043s][info][gc,marking  ] GC(778) Concurrent Rebuild Remembered Sets and Scrub Regions 100.643ms
[392.043s][info][gc,start    ] GC(778) Pause Cleanup
[392.043s][info][gc          ] GC(778) Pause Cleanup 155M->155M(256M) 0.070ms
[392.043s][info][gc,cpu      ] GC(778) User=0.00s Sys=0.00s Real=0.00s
[392.043s][info][gc,marking  ] GC(778) Concurrent Clear Claimed Marks
[392.043s][info][gc,marking  ] GC(778) Concurrent Clear Claimed Marks 0.055ms
[392.043s][info][gc,marking  ] GC(778) Concurrent Cleanup for Next Mark
[392.044s][info][gc,marking  ] GC(778) Concurrent Cleanup for Next Mark 0.764ms
[392.044s][info][gc          ] GC(778) Concurrent Mark Cycle 252.476ms
[392.248s][info][gc,start    ] GC(779) Pause Young (Prepare Mixed) (G1 Evacuation Pause)
[392.248s][info][gc,task     ] GC(779) Using 2 workers of 2 for evacuation
[392.292s][info][gc,phases   ] GC(779)   Pre Evacuate Collection Set: 0.17ms
[392.292s][info][gc,phases   ] GC(779)   Merge Heap Roots: 0.40ms
[392.292s][info][gc,phases   ] GC(779)   Evacuate Collection Set: 42.74ms
[392.292s][info][gc,phases   ] GC(779)   Post Evacuate Collection Set: 0.45ms
[392.292s][info][gc,phases   ] GC(779)   Other: 0.10ms
[392.292s][info][gc,heap     ] GC(779) Eden regions: 103->0(92)
[392.292s][info][gc,heap     ] GC(779) Survivor regions: 20->14(16)
[392.292s][info][gc,heap     ] GC(779) Old regions: 84->105
[392.292s][info][gc,heap     ] GC(779) Humongous regions: 5->3
[392.292s][info][gc,metaspace] GC(779) Metaspace: 42909K(43328K)->42909K(43328K) NonClass: 38555K(38848K)->38555K(38848K) Class: 4354K(4480K)->4354K(4480K)
[392.292s][info][gc          ] GC(779) Pause Young (Prepare Mixed) (G1 Evacuation Pause) 212M->121M(256M) 44.093ms
[392.292s][info][gc,cpu      ] GC(779) User=0.08s Sys=0.00s Real=0.05s
[392.678s][info][gc,start    ] GC(780) Pause Young (Mixed) (G1 Evacuation Pause)
[392.678s][info][gc,task     ] GC(780) Using 2 workers of 2 for evacuation
[392.690s][info][gc,phases   ] GC(780)   Pre Evacuate Collection Set: 0.18ms
[392.690s][info][gc,phases   ] GC(780)   Merge Heap Roots: 0.11ms
[392.690s][info][gc,phases   ] GC(780)   Evacuate Collection Set: 10.94ms
[392.690s][info][gc,phases   ] GC(780)   Post Evacuate Collection Set: 0.42ms
[392.690s][info][gc,phases   ] GC(780)   Other: 0.07ms
[392.690s][info][gc,heap     ] GC(780) Eden regions: 92->0(111)
[392.690s][info][gc,heap     ] GC(780) Survivor regions: 14->4(14)
[392.690s][info][gc,heap     ] GC(780) Old regions: 105->99
[392.690s][info][gc,heap     ] GC(780) Humongous regions: 9->3
[392.690s][info][gc,metaspace] GC(780) Metaspace: 42909K(43328K)->42909K(43328K) NonClass: 38555K(38848K)->38555K(38848K) Class: 4354K(4480K)->4354K(4480K)
[392.690s][info][gc          ] GC(780) Pause Young (Mixed) (G1 Evacuation Pause) 219M->105M(256M) 11.913ms
[392.690s][info][gc,cpu      ] GC(780) User=0.03s Sys=0.00s Real=0.01s
[392.710s][info][gc,start    ] GC(781) Pause Young (Concurrent Start) (G1 Humongous Allocation)
[392.710s][info][gc,task     ] GC(781) Using 2 workers of 2 for evacuation
[392.712s][info][gc,phases   ] GC(781)   Pre Evacuate Collection Set: 0.16ms
[392.712s][info][gc,phases   ] GC(781)   Merge Heap Roots: 0.04ms
[392.712s][info][gc,phases   ] GC(781)   Evacuate Collection Set: 1.23ms
[392.712s][info][gc,phases   ] GC(781)   Post Evacuate Collection Set: 0.27ms
[392.712s][info][gc,phases   ] GC(781)   Other: 0.08ms
[392.712s][info][gc,heap     ] GC(781) Eden regions: 7->0(121)
[392.712s][info][gc,heap     ] GC(781) Survivor regions: 4->2(15)
[392.712s][info][gc,heap     ] GC(781) Old regions: 99->99
[392.712s][info][gc,heap     ] GC(781) Humongous regions: 3->1
[392.712s][info][gc,metaspace] GC(781) Metaspace: 42909K(43328K)->42909K(43328K) NonClass: 38555K(38848K)->38555K(38848K) Class: 4354K(4480K)->4354K(4480K)
[392.712s][info][gc          ] GC(781) Pause Young (Concurrent Start) (G1 Humongous Allocation) 112M->101M(256M) 1.953ms
[392.712s][info][gc,cpu      ] GC(781) User=0.00s Sys=0.00s Real=0.01s
[392.712s][info][gc          ] GC(782) Concurrent Mark Cycle
[392.712s][info][gc,marking  ] GC(782) Concurrent Scan Root Regions
[392.714s][info][gc,marking  ] GC(782) Concurrent Scan Root Regions 1.310ms
[392.714s][info][gc,marking  ] GC(782) Concurrent Mark
[392.714s][info][gc,marking  ] GC(782) Concurrent Mark From Roots
[392.714s][info][gc,task     ] GC(782) Using 1 workers of 1 for marking
[392.774s][info][gc,marking  ] GC(782) Concurrent Mark From Roots 60.283ms
[392.774s][info][gc,marking  ] GC(782) Concurrent Preclean
[392.774s][info][gc,marking  ] GC(782) Concurrent Preclean 0.039ms
[392.774s][info][gc,start    ] GC(782) Pause Remark
[392.791s][info][gc          ] GC(782) Pause Remark 116M->87M(256M) 16.841ms
[392.791s][info][gc,cpu      ] GC(782) User=0.04s Sys=0.00s Real=0.01s
[392.791s][info][gc,marking  ] GC(782) Concurrent Mark 77.463ms
[392.791s][info][gc,marking  ] GC(782) Concurrent Rebuild Remembered Sets and Scrub Regions
[392.814s][info][gc,marking  ] GC(782) Concurrent Rebuild Remembered Sets and Scrub Regions 22.552ms
[392.814s][info][gc,start    ] GC(782) Pause Cleanup
[392.814s][info][gc          ] GC(782) Pause Cleanup 91M->91M(256M) 0.057ms
[392.814s][info][gc,cpu      ] GC(782) User=0.00s Sys=0.00s Real=0.00s
[392.814s][info][gc,marking  ] GC(782) Concurrent Clear Claimed Marks
[392.814s][info][gc,marking  ] GC(782) Concurrent Clear Claimed Marks 0.039ms
[392.814s][info][gc,marking  ] GC(782) Concurrent Cleanup for Next Mark
[392.815s][info][gc,marking  ] GC(782) Concurrent Cleanup for Next Mark 0.750ms
[392.815s][info][gc          ] GC(782) Concurrent Mark Cycle 102.493ms
[393.233s][info][gc,start    ] GC(783) Pause Young (Prepare Mixed) (G1 Evacuation Pause)
[393.233s][info][gc,task     ] GC(783) Using 2 workers of 2 for evacuation
[393.243s][info][gc,phases   ] GC(783)   Pre Evacuate Collection Set: 0.16ms
[393.243s][info][gc,phases   ] GC(783)   Merge Heap Roots: 0.06ms
[393.243s][info][gc,phases   ] GC(783)   Evacuate Collection Set: 8.56ms
[393.243s][info][gc,phases   ] GC(783)   Post Evacuate Collection Set: 0.39ms
[393.243s][info][gc,phases   ] GC(783)   Other: 0.07ms
[393.243s][info][gc,heap     ] GC(783) Eden regions: 121->0(139)
[393.243s][info][gc,heap     ] GC(783) Survivor regions: 2->10(16)
[393.243s][info][gc,heap     ] GC(783) Old regions: 69->69
[393.243s][info][gc,heap     ] GC(783) Humongous regions: 7->3
[393.243s][info][gc,metaspace] GC(783) Metaspace: 42910K(43328K)->42910K(43328K) NonClass: 38556K(38848K)->38556K(38848K) Class: 4354K(4480K)->4354K(4480K)
[393.243s][info][gc          ] GC(783) Pause Young (Prepare Mixed) (G1 Evacuation Pause) 198M->82M(256M) 9.428ms
[393.243s][info][gc,cpu      ] GC(783) User=0.02s Sys=0.00s Real=0.01s
[393.825s][info][gc,start    ] GC(784) Pause Young (Mixed) (G1 Evacuation Pause)
[393.825s][info][gc,task     ] GC(784) Using 2 workers of 2 for evacuation
[393.831s][info][gc,phases   ] GC(784)   Pre Evacuate Collection Set: 0.24ms
[393.832s][info][gc,phases   ] GC(784)   Merge Heap Roots: 0.09ms
[393.832s][info][gc,phases   ] GC(784)   Evacuate Collection Set: 5.61ms
[393.832s][info][gc,phases   ] GC(784)   Post Evacuate Collection Set: 0.44ms
[393.832s][info][gc,phases   ] GC(784)   Other: 0.07ms
[393.832s][info][gc,heap     ] GC(784) Eden regions: 139->0(150)
[393.832s][info][gc,heap     ] GC(784) Survivor regions: 10->3(19)
[393.832s][info][gc,heap     ] GC(784) Old regions: 69->46
[393.832s][info][gc,heap     ] GC(784) Humongous regions: 5->1
[393.832s][info][gc,metaspace] GC(784) Metaspace: 42910K(43328K)->42910K(43328K) NonClass: 38556K(38848K)->38556K(38848K) Class: 4354K(4480K)->4354K(4480K)
[393.832s][info][gc          ] GC(784) Pause Young (Mixed) (G1 Evacuation Pause) 223M->49M(256M) 6.630ms
[393.832s][info][gc,cpu      ] GC(784) User=0.02s Sys=0.00s Real=0.01s
[393.837s][info][gc,start    ] GC(785) Pause Young (Concurrent Start) (G1 Humongous Allocation)
[393.837s][info][gc,task     ] GC(785) Using 2 workers of 2 for evacuation
[393.840s][info][gc,phases   ] GC(785)   Pre Evacuate Collection Set: 0.15ms
[393.840s][info][gc,phases   ] GC(785)   Merge Heap Roots: 0.07ms
[393.840s][info][gc,phases   ] GC(785)   Evacuate Collection Set: 2.19ms
[393.840s][info][gc,phases   ] GC(785)   Post Evacuate Collection Set: 0.25ms
[393.840s][info][gc,phases   ] GC(785)   Other: 0.08ms
[393.840s][info][gc,heap     ] GC(785) Eden regions: 2->0(150)
[393.840s][info][gc,heap     ] GC(785) Survivor regions: 3->3(20)
[393.840s][info][gc,heap     ] GC(785) Old regions: 46->46
[393.840s][info][gc,heap     ] GC(785) Humongous regions: 1->1
[393.840s][info][gc,metaspace] GC(785) Metaspace: 42910K(43328K)->42910K(43328K) NonClass: 38556K(38848K)->38556K(38848K) Class: 4354K(4480K)->4354K(4480K)
[393.840s][info][gc          ] GC(785) Pause Young (Concurrent Start) (G1 Humongous Allocation) 50M->49M(256M) 2.877ms
[393.840s][info][gc,cpu      ] GC(785) User=0.01s Sys=0.00s Real=0.00s
[393.840s][info][gc          ] GC(786) Concurrent Mark Cycle
[393.840s][info][gc,marking  ] GC(786) Concurrent Scan Root Regions
[393.843s][info][gc,marking  ] GC(786) Concurrent Scan Root Regions 2.816ms
[393.843s][info][gc,marking  ] GC(786) Concurrent Mark
[393.843s][info][gc,marking  ] GC(786) Concurrent Mark From Roots
[393.843s][info][gc,task     ] GC(786) Using 1 workers of 1 for marking
[393.900s][info][gc,marking  ] GC(786) Concurrent Mark From Roots 57.687ms
[393.900s][info][gc,marking  ] GC(786) Concurrent Preclean
[393.900s][info][gc,marking  ] GC(786) Concurrent Preclean 0.038ms
[393.901s][info][gc,start    ] GC(786) Pause Remark
[393.917s][info][gc          ] GC(786) Pause Remark 64M->64M(256M) 16.733ms
[393.917s][info][gc,cpu      ] GC(786) User=0.03s Sys=0.00s Real=0.02s
[393.917s][info][gc,marking  ] GC(786) Concurrent Mark 74.724ms
[393.917s][info][gc,marking  ] GC(786) Concurrent Rebuild Remembered Sets and Scrub Regions
[393.942s][info][gc,marking  ] GC(786) Concurrent Rebuild Remembered Sets and Scrub Regions 24.545ms
[393.942s][info][gc,start    ] GC(786) Pause Cleanup
[393.942s][info][gc          ] GC(786) Pause Cleanup 67M->67M(256M) 0.075ms
[393.942s][info][gc,cpu      ] GC(786) User=0.00s Sys=0.00s Real=0.00s
[393.942s][info][gc,marking  ] GC(786) Concurrent Clear Claimed Marks
[393.942s][info][gc,marking  ] GC(786) Concurrent Clear Claimed Marks 0.040ms
[393.942s][info][gc,marking  ] GC(786) Concurrent Cleanup for Next Mark
[393.943s][info][gc,marking  ] GC(786) Concurrent Cleanup for Next Mark 0.731ms
[393.943s][info][gc          ] GC(786) Concurrent Mark Cycle 103.200ms
[394.427s][info][gc,start    ] GC(787) Pause Young (Prepare Mixed) (G1 Evacuation Pause)
[394.427s][info][gc,task     ] GC(787) Using 2 workers of 2 for evacuation
[394.438s][info][gc,phases   ] GC(787)   Pre Evacuate Collection Set: 0.20ms
[394.438s][info][gc,phases   ] GC(787)   Merge Heap Roots: 0.08ms
[394.438s][info][gc,phases   ] GC(787)   Evacuate Collection Set: 10.24ms
[394.438s][info][gc,phases   ] GC(787)   Post Evacuate Collection Set: 0.43ms
[394.438s][info][gc,phases   ] GC(787)   Other: 0.07ms
[394.438s][info][gc,heap     ] GC(787) Eden regions: 150->0(143)
[394.438s][info][gc,heap     ] GC(787) Survivor regions: 3->10(20)
[394.438s][info][gc,heap     ] GC(787) Old regions: 46->46
[394.438s][info][gc,heap     ] GC(787) Humongous regions: 9->3
[394.438s][info][gc,metaspace] GC(787) Metaspace: 42910K(43328K)->42910K(43328K) NonClass: 38556K(38848K)->38556K(38848K) Class: 4354K(4480K)->4354K(4480K)
[394.438s][info][gc          ] GC(787) Pause Young (Prepare Mixed) (G1 Evacuation Pause) 207M->58M(256M) 11.190ms
[394.438s][info][gc,cpu      ] GC(787) User=0.02s Sys=0.00s Real=0.01s
[395.052s][info][gc,start    ] GC(788) Pause Young (Mixed) (G1 Evacuation Pause)
[395.052s][info][gc,task     ] GC(788) Using 2 workers of 2 for evacuation
[395.073s][info][gc,phases   ] GC(788)   Pre Evacuate Collection Set: 0.17ms
[395.073s][info][gc,phases   ] GC(788)   Merge Heap Roots: 0.16ms
[395.073s][info][gc,phases   ] GC(788)   Evacuate Collection Set: 19.65ms
[395.073s][info][gc,phases   ] GC(788)   Post Evacuate Collection Set: 0.75ms
[395.073s][info][gc,phases   ] GC(788)   Other: 0.09ms
[395.073s][info][gc,heap     ] GC(788) Eden regions: 143->0(140)
[395.073s][info][gc,heap     ] GC(788) Survivor regions: 10->13(20)
[395.073s][info][gc,heap     ] GC(788) Old regions: 46->44
[395.073s][info][gc,heap     ] GC(788) Humongous regions: 5->3
[395.073s][info][gc,metaspace] GC(788) Metaspace: 42910K(43328K)->42910K(43328K) NonClass: 38556K(38848K)->38556K(38848K) Class: 4354K(4480K)->4354K(4480K)
[395.073s][info][gc          ] GC(788) Pause Young (Mixed) (G1 Evacuation Pause) 203M->59M(256M) 21.001ms
[395.073s][info][gc,cpu      ] GC(788) User=0.04s Sys=0.00s Real=0.02s
[395.110s][info][gc,start    ] GC(789) Pause Young (Concurrent Start) (G1 Humongous Allocation)
[395.110s][info][gc,task     ] GC(789) Using 2 workers of 2 for evacuation
[395.114s][info][gc,phases   ] GC(789)   Pre Evacuate Collection Set: 0.17ms
[395.114s][info][gc,phases   ] GC(789)   Merge Heap Roots: 0.07ms
[395.114s][info][gc,phases   ] GC(789)   Evacuate Collection Set: 3.33ms
[395.114s][info][gc,phases   ] GC(789)   Post Evacuate Collection Set: 0.28ms
[395.114s][info][gc,phases   ] GC(789)   Other: 0.07ms
[395.114s][info][gc,heap     ] GC(789) Eden regions: 9->0(151)
[395.114s][info][gc,heap     ] GC(789) Survivor regions: 13->2(20)
[395.114s][info][gc,heap     ] GC(789) Old regions: 44->47
[395.114s][info][gc,heap     ] GC(789) Humongous regions: 3->1
[395.114s][info][gc,metaspace] GC(789) Metaspace: 42910K(43328K)->42910K(43328K) NonClass: 38556K(38848K)->38556K(38848K) Class: 4354K(4480K)->4354K(4480K)
[395.114s][info][gc          ] GC(789) Pause Young (Concurrent Start) (G1 Humongous Allocation) 68M->48M(256M) 4.070ms
[395.114s][info][gc,cpu      ] GC(789) User=0.01s Sys=0.00s Real=0.01s
[395.114s][info][gc          ] GC(790) Concurrent Mark Cycle
[395.114s][info][gc,marking  ] GC(790) Concurrent Scan Root Regions
[395.118s][info][gc,marking  ] GC(790) Concurrent Scan Root Regions 4.452ms
[395.118s][info][gc,marking  ] GC(790) Concurrent Mark
[395.118s][info][gc,marking  ] GC(790) Concurrent Mark From Roots
[395.118s][info][gc,task     ] GC(790) Using 1 workers of 1 for marking
[395.179s][info][gc,marking  ] GC(790) Concurrent Mark From Roots 60.357ms
[395.179s][info][gc,marking  ] GC(790) Concurrent Preclean
[395.179s][info][gc,marking  ] GC(790) Concurrent Preclean 0.034ms
[395.179s][info][gc,start    ] GC(790) Pause Remark
[395.195s][info][gc          ] GC(790) Pause Remark 67M->67M(256M) 16.373ms
[395.195s][info][gc,cpu      ] GC(790) User=0.03s Sys=0.00s Real=0.02s
[395.196s][info][gc,marking  ] GC(790) Concurrent Mark 77.041ms
[395.196s][info][gc,marking  ] GC(790) Concurrent Rebuild Remembered Sets and Scrub Regions
[395.221s][info][gc,marking  ] GC(790) Concurrent Rebuild Remembered Sets and Scrub Regions 25.460ms
[395.221s][info][gc,start    ] GC(790) Pause Cleanup
[395.221s][info][gc          ] GC(790) Pause Cleanup 72M->72M(256M) 0.059ms
[395.221s][info][gc,cpu      ] GC(790) User=0.00s Sys=0.00s Real=0.01s
[395.221s][info][gc,marking  ] GC(790) Concurrent Clear Claimed Marks
[395.221s][info][gc,marking  ] GC(790) Concurrent Clear Claimed Marks 0.039ms
[395.221s][info][gc,marking  ] GC(790) Concurrent Cleanup for Next Mark
[395.222s][info][gc,marking  ] GC(790) Concurrent Cleanup for Next Mark 0.753ms
[395.222s][info][gc          ] GC(790) Concurrent Mark Cycle 108.096ms
[395.649s][info][gc,start    ] GC(791) Pause Young (Prepare Mixed) (G1 Evacuation Pause)
[395.649s][info][gc,task     ] GC(791) Using 2 workers of 2 for evacuation
[395.671s][info][gc,phases   ] GC(791)   Pre Evacuate Collection Set: 0.15ms
[395.671s][info][gc,phases   ] GC(791)   Merge Heap Roots: 0.07ms
[395.671s][info][gc,phases   ] GC(791)   Evacuate Collection Set: 21.01ms
[395.671s][info][gc,phases   ] GC(791)   Post Evacuate Collection Set: 0.48ms
[395.671s][info][gc,phases   ] GC(791)   Other: 0.07ms
[395.671s][info][gc,heap     ] GC(791) Eden regions: 151->0(133)
[395.671s][info][gc,heap     ] GC(791) Survivor regions: 2->20(20)
[395.671s][info][gc,heap     ] GC(791) Old regions: 47->52
[395.671s][info][gc,heap     ] GC(791) Humongous regions: 7->3
[395.671s][info][gc,metaspace] GC(791) Metaspace: 42910K(43328K)->42910K(43328K) NonClass: 38556K(38848K)->38556K(38848K) Class: 4354K(4480K)->4354K(4480K)
[395.671s][info][gc          ] GC(791) Pause Young (Prepare Mixed) (G1 Evacuation Pause) 205M->75M(256M) 21.989ms
[395.671s][info][gc,cpu      ] GC(791) User=0.04s Sys=0.00s Real=0.02s
[396.205s][info][gc,start    ] GC(792) Pause Young (Mixed) (G1 Evacuation Pause)
[396.268s][info][gc,task     ] GC(792) Using 2 workers of 2 for evacuation
[396.332s][info][gc,phases   ] GC(792)   Pre Evacuate Collection Set: 0.60ms
[396.332s][info][gc,phases   ] GC(792)   Merge Heap Roots: 0.25ms
[396.332s][info][gc,phases   ] GC(792)   Evacuate Collection Set: 62.53ms
[396.332s][info][gc,phases   ] GC(792)   Post Evacuate Collection Set: 0.65ms
[396.332s][info][gc,phases   ] GC(792)   Other: 0.09ms
[396.332s][info][gc,heap     ] GC(792) Eden regions: 133->0(109)
[396.332s][info][gc,heap     ] GC(792) Survivor regions: 20->20(20)
[396.332s][info][gc,heap     ] GC(792) Old regions: 52->72
[396.332s][info][gc,heap     ] GC(792) Humongous regions: 3->3
[396.332s][info][gc,metaspace] GC(792) Metaspace: 42910K(43328K)->42910K(43328K) NonClass: 38556K(38848K)->38556K(38848K) Class: 4354K(4480K)->4354K(4480K)
[396.332s][info][gc          ] GC(792) Pause Young (Mixed) (G1 Evacuation Pause) 208M->95M(256M) 127.886ms
[396.332s][info][gc,cpu      ] GC(792) User=0.11s Sys=0.00s Real=0.13s
[396.903s][info][gc,start    ] GC(793) Pause Young (Concurrent Start) (G1 Evacuation Pause)
[396.903s][info][gc,task     ] GC(793) Using 2 workers of 2 for evacuation
[396.967s][info][gc,phases   ] GC(793)   Pre Evacuate Collection Set: 0.20ms
[396.967s][info][gc,phases   ] GC(793)   Merge Heap Roots: 0.26ms
[396.967s][info][gc,phases   ] GC(793)   Evacuate Collection Set: 62.93ms
[396.967s][info][gc,phases   ] GC(793)   Post Evacuate Collection Set: 0.45ms
[396.967s][info][gc,phases   ] GC(793)   Other: 0.15ms
[396.967s][info][gc,heap     ] GC(793) Eden regions: 109->0(82)
[396.967s][info][gc,heap     ] GC(793) Survivor regions: 20->17(17)
[396.967s][info][gc,heap     ] GC(793) Old regions: 72->106
[396.967s][info][gc,heap     ] GC(793) Humongous regions: 3->3
[396.967s][info][gc,metaspace] GC(793) Metaspace: 42910K(43328K)->42910K(43328K) NonClass: 38556K(38848K)->38556K(38848K) Class: 4354K(4480K)->4354K(4480K)
[396.967s][info][gc          ] GC(793) Pause Young (Concurrent Start) (G1 Evacuation Pause) 204M->125M(256M) 64.190ms
[396.967s][info][gc,cpu      ] GC(793) User=0.13s Sys=0.01s Real=0.06s
[396.967s][info][gc          ] GC(794) Concurrent Mark Cycle
[396.967s][info][gc,marking  ] GC(794) Concurrent Scan Root Regions
[397.019s][info][gc,marking  ] GC(794) Concurrent Scan Root Regions 51.957ms
[397.019s][info][gc,marking  ] GC(794) Concurrent Mark
[397.019s][info][gc,marking  ] GC(794) Concurrent Mark From Roots
[397.019s][info][gc,task     ] GC(794) Using 1 workers of 1 for marking
[397.137s][info][gc,marking  ] GC(794) Concurrent Mark From Roots 117.405ms
[397.137s][info][gc,marking  ] GC(794) Concurrent Preclean
[397.137s][info][gc,marking  ] GC(794) Concurrent Preclean 0.039ms
[397.137s][info][gc,start    ] GC(794) Pause Remark
[397.153s][info][gc          ] GC(794) Pause Remark 147M->147M(256M) 16.561ms
[397.153s][info][gc,cpu      ] GC(794) User=0.03s Sys=0.01s Real=0.02s
[397.153s][info][gc,marking  ] GC(794) Concurrent Mark 134.272ms
[397.154s][info][gc,marking  ] GC(794) Concurrent Rebuild Remembered Sets and Scrub Regions
[397.265s][info][gc,marking  ] GC(794) Concurrent Rebuild Remembered Sets and Scrub Regions 111.292ms
[397.265s][info][gc,start    ] GC(794) Pause Cleanup
[397.265s][info][gc          ] GC(794) Pause Cleanup 167M->167M(256M) 0.046ms
[397.265s][info][gc,cpu      ] GC(794) User=0.00s Sys=0.00s Real=0.00s
[397.266s][info][gc,marking  ] GC(794) Concurrent Clear Claimed Marks
[397.266s][info][gc,marking  ] GC(794) Concurrent Clear Claimed Marks 0.052ms
[397.266s][info][gc,marking  ] GC(794) Concurrent Cleanup for Next Mark
[397.266s][info][gc,marking  ] GC(794) Concurrent Cleanup for Next Mark 0.769ms
[397.266s][info][gc          ] GC(794) Concurrent Mark Cycle 299.216ms
[397.499s][info][gc,start    ] GC(795) Pause Young (Prepare Mixed) (G1 Evacuation Pause)
[397.499s][info][gc,task     ] GC(795) Using 2 workers of 2 for evacuation
[397.551s][info][gc,phases   ] GC(795)   Pre Evacuate Collection Set: 0.19ms
[397.551s][info][gc,phases   ] GC(795)   Merge Heap Roots: 0.46ms
[397.551s][info][gc,phases   ] GC(795)   Evacuate Collection Set: 51.04ms
[397.551s][info][gc,phases   ] GC(795)   Post Evacuate Collection Set: 0.44ms
[397.551s][info][gc,phases   ] GC(795)   Other: 0.07ms
[397.551s][info][gc,heap     ] GC(795) Eden regions: 82->0(65)
[397.551s][info][gc,heap     ] GC(795) Survivor regions: 17->13(13)
[397.551s][info][gc,heap     ] GC(795) Old regions: 106->133
[397.551s][info][gc,heap     ] GC(795) Humongous regions: 3->3
[397.551s][info][gc,metaspace] GC(795) Metaspace: 42910K(43328K)->42910K(43328K) NonClass: 38556K(38848K)->38556K(38848K) Class: 4354K(4480K)->4354K(4480K)
[397.551s][info][gc          ] GC(795) Pause Young (Prepare Mixed) (G1 Evacuation Pause) 207M->148M(256M) 52.412ms
[397.551s][info][gc,cpu      ] GC(795) User=0.10s Sys=0.00s Real=0.06s
[397.825s][info][gc,start    ] GC(796) Pause Young (Mixed) (G1 Evacuation Pause)
[397.825s][info][gc,task     ] GC(796) Using 2 workers of 2 for evacuation
[397.869s][info][gc,phases   ] GC(796)   Pre Evacuate Collection Set: 0.17ms
[397.869s][info][gc,phases   ] GC(796)   Merge Heap Roots: 0.29ms
[397.869s][info][gc,phases   ] GC(796)   Evacuate Collection Set: 43.63ms
[397.869s][info][gc,phases   ] GC(796)   Post Evacuate Collection Set: 0.46ms
[397.869s][info][gc,phases   ] GC(796)   Other: 0.08ms
[397.869s][info][gc,heap     ] GC(796) Eden regions: 65->0(58)
[397.869s][info][gc,heap     ] GC(796) Survivor regions: 13->10(10)
[397.869s][info][gc,heap     ] GC(796) Old regions: 133->148
[397.869s][info][gc,heap     ] GC(796) Humongous regions: 5->3
[397.869s][info][gc,metaspace] GC(796) Metaspace: 42910K(43328K)->42910K(43328K) NonClass: 38556K(38848K)->38556K(38848K) Class: 4354K(4480K)->4354K(4480K)
[397.869s][info][gc          ] GC(796) Pause Young (Mixed) (G1 Evacuation Pause) 215M->160M(256M) 44.835ms
[397.869s][info][gc,cpu      ] GC(796) User=0.09s Sys=0.00s Real=0.04s
[398.153s][info][gc,start    ] GC(797) Pause Young (Concurrent Start) (G1 Evacuation Pause)
[398.153s][info][gc,task     ] GC(797) Using 2 workers of 2 for evacuation
[398.173s][info][gc,phases   ] GC(797)   Pre Evacuate Collection Set: 0.19ms
[398.173s][info][gc,phases   ] GC(797)   Merge Heap Roots: 0.10ms
[398.173s][info][gc,phases   ] GC(797)   Evacuate Collection Set: 18.00ms
[398.173s][info][gc,phases   ] GC(797)   Post Evacuate Collection Set: 1.37ms
[398.173s][info][gc,phases   ] GC(797)   Other: 0.11ms
[398.173s][info][gc,heap     ] GC(797) Eden regions: 58->0(158)
[398.173s][info][gc,heap     ] GC(797) Survivor regions: 10->8(9)
[398.173s][info][gc,heap     ] GC(797) Old regions: 148->155
[398.173s][info][gc,heap     ] GC(797) Humongous regions: 3->3
[398.173s][info][gc,metaspace] GC(797) Metaspace: 42910K(43328K)->42910K(43328K) NonClass: 38556K(38848K)->38556K(38848K) Class: 4354K(4480K)->4354K(4480K)
[398.173s][info][gc          ] GC(797) Pause Young (Concurrent Start) (G1 Evacuation Pause) 218M->165M(400M) 19.974ms
[398.173s][info][gc,cpu      ] GC(797) User=0.04s Sys=0.00s Real=0.02s
[398.173s][info][gc          ] GC(798) Concurrent Mark Cycle
[398.173s][info][gc,marking  ] GC(798) Concurrent Scan Root Regions
[398.188s][info][gc,marking  ] GC(798) Concurrent Scan Root Regions 15.083ms
[398.188s][info][gc,marking  ] GC(798) Concurrent Mark
[398.188s][info][gc,marking  ] GC(798) Concurrent Mark From Roots
[398.188s][info][gc,task     ] GC(798) Using 1 workers of 1 for marking
[398.310s][info][gc,marking  ] GC(798) Concurrent Mark From Roots 121.550ms
[398.310s][info][gc,marking  ] GC(798) Concurrent Preclean
[398.310s][info][gc,marking  ] GC(798) Concurrent Preclean 0.041ms
[398.310s][info][gc,start    ] GC(798) Pause Remark
[398.327s][info][gc          ] GC(798) Pause Remark 190M->190M(400M) 16.998ms
[398.327s][info][gc,cpu      ] GC(798) User=0.03s Sys=0.00s Real=0.02s
[398.327s][info][gc,marking  ] GC(798) Concurrent Mark 138.885ms
[398.327s][info][gc,marking  ] GC(798) Concurrent Rebuild Remembered Sets and Scrub Regions
[398.419s][info][gc,marking  ] GC(798) Concurrent Rebuild Remembered Sets and Scrub Regions 91.503ms
[398.419s][info][gc,start    ] GC(798) Pause Cleanup
[398.419s][info][gc          ] GC(798) Pause Cleanup 205M->205M(400M) 0.085ms
[398.419s][info][gc,cpu      ] GC(798) User=0.00s Sys=0.00s Real=0.00s
[398.419s][info][gc,marking  ] GC(798) Concurrent Clear Claimed Marks
[398.419s][info][gc,marking  ] GC(798) Concurrent Clear Claimed Marks 0.042ms
[398.419s][info][gc,marking  ] GC(798) Concurrent Cleanup for Next Mark
[398.422s][info][gc,marking  ] GC(798) Concurrent Cleanup for Next Mark 2.708ms
[398.422s][info][gc          ] GC(798) Concurrent Mark Cycle 248.679ms
[398.996s][info][gc,start    ] GC(799) Pause Young (Prepare Mixed) (G1 Evacuation Pause)
[398.996s][info][gc,task     ] GC(799) Using 2 workers of 2 for evacuation
[399.007s][info][gc,phases   ] GC(799)   Pre Evacuate Collection Set: 0.23ms
[399.007s][info][gc,phases   ] GC(799)   Merge Heap Roots: 0.10ms
[399.007s][info][gc,phases   ] GC(799)   Evacuate Collection Set: 9.95ms
[399.007s][info][gc,phases   ] GC(799)   Post Evacuate Collection Set: 0.42ms
[399.007s][info][gc,phases   ] GC(799)   Other: 0.10ms
[399.007s][info][gc,heap     ] GC(799) Eden regions: 158->0(170)
[399.007s][info][gc,heap     ] GC(799) Survivor regions: 8->9(21)
[399.007s][info][gc,heap     ] GC(799) Old regions: 155->155
[399.007s][info][gc,heap     ] GC(799) Humongous regions: 13->1
[399.007s][info][gc,metaspace] GC(799) Metaspace: 42910K(43328K)->42910K(43328K) NonClass: 38556K(38848K)->38556K(38848K) Class: 4354K(4480K)->4354K(4480K)
[399.007s][info][gc          ] GC(799) Pause Young (Prepare Mixed) (G1 Evacuation Pause) 333M->164M(400M) 10.963ms
[399.007s][info][gc,cpu      ] GC(799) User=0.02s Sys=0.00s Real=0.01s
[399.531s][info][gc,start    ] GC(800) Pause Young (Mixed) (G1 Evacuation Pause)
[399.531s][info][gc,task     ] GC(800) Using 2 workers of 2 for evacuation
[399.564s][info][gc,phases   ] GC(800)   Pre Evacuate Collection Set: 0.30ms
[399.565s][info][gc,phases   ] GC(800)   Merge Heap Roots: 0.36ms
[399.565s][info][gc,phases   ] GC(800)   Evacuate Collection Set: 31.70ms
[399.565s][info][gc,phases   ] GC(800)   Post Evacuate Collection Set: 0.59ms
[399.565s][info][gc,phases   ] GC(800)   Other: 0.09ms
[399.565s][info][gc,heap     ] GC(800) Eden regions: 170->0(173)
[399.565s][info][gc,heap     ] GC(800) Survivor regions: 9->23(23)
[399.565s][info][gc,heap     ] GC(800) Old regions: 155->129
[399.565s][info][gc,heap     ] GC(800) Humongous regions: 4->3
[399.565s][info][gc,metaspace] GC(800) Metaspace: 42918K(43328K)->42918K(43328K) NonClass: 38564K(38848K)->38564K(38848K) Class: 4354K(4480K)->4354K(4480K)
[399.565s][info][gc          ] GC(800) Pause Young (Mixed) (G1 Evacuation Pause) 337M->154M(400M) 33.257ms
[399.565s][info][gc,cpu      ] GC(800) User=0.07s Sys=0.00s Real=0.03s
[400.150s][info][gc,start    ] GC(801) Pause Young (Mixed) (G1 Evacuation Pause)
[400.150s][info][gc,task     ] GC(801) Using 2 workers of 2 for evacuation
[400.206s][info][gc,phases   ] GC(801)   Pre Evacuate Collection Set: 0.29ms
[400.207s][info][gc,phases   ] GC(801)   Merge Heap Roots: 0.63ms
[400.207s][info][gc,phases   ] GC(801)   Evacuate Collection Set: 55.17ms
[400.207s][info][gc,phases   ] GC(801)   Post Evacuate Collection Set: 0.56ms
[400.207s][info][gc,phases   ] GC(801)   Other: 0.09ms
[400.207s][info][gc,heap     ] GC(801) Eden regions: 173->0(163)
[400.207s][info][gc,heap     ] GC(801) Survivor regions: 23->25(25)
[400.207s][info][gc,heap     ] GC(801) Old regions: 129->130
[400.207s][info][gc,heap     ] GC(801) Humongous regions: 4->4
[400.207s][info][gc,metaspace] GC(801) Metaspace: 42918K(43328K)->42918K(43328K) NonClass: 38564K(38848K)->38564K(38848K) Class: 4354K(4480K)->4354K(4480K)
[400.207s][info][gc          ] GC(801) Pause Young (Mixed) (G1 Evacuation Pause) 328M->158M(400M) 56.945ms
[400.207s][info][gc,cpu      ] GC(801) User=0.11s Sys=0.00s Real=0.06s
[400.248s][info][gc,start    ] GC(802) Pause Young (Concurrent Start) (G1 Humongous Allocation)
[400.248s][info][gc,task     ] GC(802) Using 2 workers of 2 for evacuation
[400.268s][info][gc,phases   ] GC(802)   Pre Evacuate Collection Set: 0.22ms
[400.268s][info][gc,phases   ] GC(802)   Merge Heap Roots: 0.09ms
[400.268s][info][gc,phases   ] GC(802)   Evacuate Collection Set: 19.68ms
[400.268s][info][gc,phases   ] GC(802)   Post Evacuate Collection Set: 0.39ms
[400.268s][info][gc,phases   ] GC(802)   Other: 0.11ms
[400.268s][info][gc,heap     ] GC(802) Eden regions: 12->0(142)
[400.268s][info][gc,heap     ] GC(802) Survivor regions: 25->6(24)
[400.269s][info][gc,heap     ] GC(802) Old regions: 130->155
[400.269s][info][gc,heap     ] GC(802) Humongous regions: 4->4
[400.269s][info][gc,metaspace] GC(802) Metaspace: 42918K(43328K)->42918K(43328K) NonClass: 38564K(38848K)->38564K(38848K) Class: 4354K(4480K)->4354K(4480K)
[400.269s][info][gc          ] GC(802) Pause Young (Concurrent Start) (G1 Humongous Allocation) 169M->165M(400M) 20.700ms
[400.269s][info][gc,cpu      ] GC(802) User=0.04s Sys=0.00s Real=0.02s
[400.269s][info][gc          ] GC(803) Concurrent Mark Cycle
[400.269s][info][gc,marking  ] GC(803) Concurrent Scan Root Regions
[400.293s][info][gc,marking  ] GC(803) Concurrent Scan Root Regions 24.605ms
[400.293s][info][gc,marking  ] GC(803) Concurrent Mark
[400.293s][info][gc,marking  ] GC(803) Concurrent Mark From Roots
[400.293s][info][gc,task     ] GC(803) Using 1 workers of 1 for marking
[400.398s][info][gc,marking  ] GC(803) Concurrent Mark From Roots 105.142ms
[400.398s][info][gc,marking  ] GC(803) Concurrent Preclean
[400.399s][info][gc,marking  ] GC(803) Concurrent Preclean 0.046ms
[400.399s][info][gc,start    ] GC(803) Pause Remark
[400.416s][info][gc          ] GC(803) Pause Remark 190M->178M(400M) 17.103ms
[400.416s][info][gc,cpu      ] GC(803) User=0.04s Sys=0.00s Real=0.02s
[400.416s][info][gc,marking  ] GC(803) Concurrent Mark 122.651ms
[400.416s][info][gc,marking  ] GC(803) Concurrent Rebuild Remembered Sets and Scrub Regions
[400.477s][info][gc,marking  ] GC(803) Concurrent Rebuild Remembered Sets and Scrub Regions 60.927ms
[400.477s][info][gc,start    ] GC(803) Pause Cleanup
[400.477s][info][gc          ] GC(803) Pause Cleanup 196M->196M(400M) 0.063ms
[400.477s][info][gc,cpu      ] GC(803) User=0.01s Sys=0.00s Real=0.00s
[400.477s][info][gc,marking  ] GC(803) Concurrent Clear Claimed Marks
[400.477s][info][gc,marking  ] GC(803) Concurrent Clear Claimed Marks 0.041ms
[400.477s][info][gc,marking  ] GC(803) Concurrent Cleanup for Next Mark
[400.478s][info][gc,marking  ] GC(803) Concurrent Cleanup for Next Mark 1.210ms
[400.478s][info][gc          ] GC(803) Concurrent Mark Cycle 209.731ms
[400.822s][info][gc,start    ] GC(804) Pause Young (Prepare Mixed) (G1 Evacuation Pause)
[400.823s][info][gc,task     ] GC(804) Using 2 workers of 2 for evacuation
[400.862s][info][gc,phases   ] GC(804)   Pre Evacuate Collection Set: 0.24ms
[400.862s][info][gc,phases   ] GC(804)   Merge Heap Roots: 0.23ms
[400.862s][info][gc,phases   ] GC(804)   Evacuate Collection Set: 38.13ms
[400.862s][info][gc,phases   ] GC(804)   Post Evacuate Collection Set: 0.50ms
[400.862s][info][gc,phases   ] GC(804)   Other: 0.09ms
[400.862s][info][gc,heap     ] GC(804) Eden regions: 142->0(108)
[400.862s][info][gc,heap     ] GC(804) Survivor regions: 6->19(19)
[400.862s][info][gc,heap     ] GC(804) Old regions: 143->178
[400.862s][info][gc,heap     ] GC(804) Humongous regions: 6->5
[400.862s][info][gc,metaspace] GC(804) Metaspace: 42918K(43328K)->42918K(43328K) NonClass: 38564K(38848K)->38564K(38848K) Class: 4354K(4480K)->4354K(4480K)
[400.862s][info][gc          ] GC(804) Pause Young (Prepare Mixed) (G1 Evacuation Pause) 297M->201M(400M) 39.432ms
[400.862s][info][gc,cpu      ] GC(804) User=0.08s Sys=0.00s Real=0.04s
[401.245s][info][gc,start    ] GC(805) Pause Young (Mixed) (G1 Evacuation Pause)
[401.245s][info][gc,task     ] GC(805) Using 2 workers of 2 for evacuation
[401.314s][info][gc,phases   ] GC(805)   Pre Evacuate Collection Set: 0.34ms
[401.314s][info][gc,phases   ] GC(805)   Merge Heap Roots: 0.48ms
[401.314s][info][gc,phases   ] GC(805)   Evacuate Collection Set: 67.26ms
[401.314s][info][gc,phases   ] GC(805)   Post Evacuate Collection Set: 0.60ms
[401.314s][info][gc,phases   ] GC(805)   Other: 0.09ms
[401.314s][info][gc,heap     ] GC(805) Eden regions: 108->0(79)
[401.314s][info][gc,heap     ] GC(805) Survivor regions: 19->16(16)
[401.314s][info][gc,heap     ] GC(805) Old regions: 178->197
[401.314s][info][gc,heap     ] GC(805) Humongous regions: 5->5
[401.314s][info][gc,metaspace] GC(805) Metaspace: 42918K(43328K)->42918K(43328K) NonClass: 38564K(38848K)->38564K(38848K) Class: 4354K(4480K)->4354K(4480K)
[401.314s][info][gc          ] GC(805) Pause Young (Mixed) (G1 Evacuation Pause) 309M->217M(400M) 69.013ms
[401.314s][info][gc,cpu      ] GC(805) User=0.13s Sys=0.00s Real=0.07s
[401.628s][info][gc,start    ] GC(806) Pause Young (Concurrent Start) (G1 Evacuation Pause)
[401.628s][info][gc,task     ] GC(806) Using 2 workers of 2 for evacuation
[401.680s][info][gc,phases   ] GC(806)   Pre Evacuate Collection Set: 0.24ms
[401.680s][info][gc,phases   ] GC(806)   Merge Heap Roots: 0.30ms
[401.680s][info][gc,phases   ] GC(806)   Evacuate Collection Set: 50.13ms
[401.680s][info][gc,phases   ] GC(806)   Post Evacuate Collection Set: 0.47ms
[401.680s][info][gc,phases   ] GC(806)   Other: 0.10ms
[401.680s][info][gc,heap     ] GC(806) Eden regions: 79->0(55)
[401.680s][info][gc,heap     ] GC(806) Survivor regions: 16->12(12)
[401.680s][info][gc,heap     ] GC(806) Old regions: 197->243
[401.680s][info][gc,heap     ] GC(806) Humongous regions: 5->5
[401.680s][info][gc,metaspace] GC(806) Metaspace: 42918K(43328K)->42918K(43328K) NonClass: 38564K(38848K)->38564K(38848K) Class: 4354K(4480K)->4354K(4480K)
[401.680s][info][gc          ] GC(806) Pause Young (Concurrent Start) (G1 Evacuation Pause) 296M->260M(400M) 51.499ms
[401.680s][info][gc,cpu      ] GC(806) User=0.10s Sys=0.00s Real=0.05s
[401.680s][info][gc          ] GC(807) Concurrent Mark Cycle
[401.680s][info][gc,marking  ] GC(807) Concurrent Scan Root Regions
[401.706s][info][gc,marking  ] GC(807) Concurrent Scan Root Regions 26.295ms
[401.706s][info][gc,marking  ] GC(807) Concurrent Mark
[401.706s][info][gc,marking  ] GC(807) Concurrent Mark From Roots
[401.706s][info][gc,task     ] GC(807) Using 1 workers of 1 for marking
[401.819s][info][gc,marking  ] GC(807) Concurrent Mark From Roots 112.398ms
[401.819s][info][gc,marking  ] GC(807) Concurrent Preclean
[401.819s][info][gc,marking  ] GC(807) Concurrent Preclean 0.044ms
[401.819s][info][gc,start    ] GC(807) Pause Remark
[401.836s][info][gc          ] GC(807) Pause Remark 288M->262M(400M) 17.133ms
[401.836s][info][gc,cpu      ] GC(807) User=0.03s Sys=0.00s Real=0.02s
[401.838s][info][gc,marking  ] GC(807) Concurrent Mark 131.827ms
[401.838s][info][gc,marking  ] GC(807) Concurrent Rebuild Remembered Sets and Scrub Regions
[401.939s][info][gc,marking  ] GC(807) Concurrent Rebuild Remembered Sets and Scrub Regions 100.592ms
[401.939s][info][gc,start    ] GC(807) Pause Cleanup
[401.939s][info][gc          ] GC(807) Pause Cleanup 287M->287M(400M) 0.097ms
[401.939s][info][gc,cpu      ] GC(807) User=0.00s Sys=0.00s Real=0.00s
[401.941s][info][gc,marking  ] GC(807) Concurrent Clear Claimed Marks
[401.941s][info][gc,marking  ] GC(807) Concurrent Clear Claimed Marks 0.065ms
[401.941s][info][gc,marking  ] GC(807) Concurrent Cleanup for Next Mark
[401.942s][info][gc,marking  ] GC(807) Concurrent Cleanup for Next Mark 1.226ms
[401.943s][info][gc          ] GC(807) Concurrent Mark Cycle 262.741ms
[401.950s][info][gc,start    ] GC(808) Pause Young (Prepare Mixed) (G1 Evacuation Pause)
[401.950s][info][gc,task     ] GC(808) Using 2 workers of 2 for evacuation
[401.987s][info][gc,phases   ] GC(808)   Pre Evacuate Collection Set: 0.18ms
[401.987s][info][gc,phases   ] GC(808)   Merge Heap Roots: 0.37ms
[401.987s][info][gc,phases   ] GC(808)   Evacuate Collection Set: 35.62ms
[401.987s][info][gc,phases   ] GC(808)   Post Evacuate Collection Set: 0.44ms
[401.987s][info][gc,phases   ] GC(808)   Other: 0.09ms
[401.987s][info][gc,heap     ] GC(808) Eden regions: 55->0(52)
[401.987s][info][gc,heap     ] GC(808) Survivor regions: 12->9(9)
[401.987s][info][gc,heap     ] GC(808) Old regions: 219->254
[401.987s][info][gc,heap     ] GC(808) Humongous regions: 4->4
[401.987s][info][gc,metaspace] GC(808) Metaspace: 42918K(43328K)->42918K(43328K) NonClass: 38564K(38848K)->38564K(38848K) Class: 4354K(4480K)->4354K(4480K)
[401.987s][info][gc          ] GC(808) Pause Young (Prepare Mixed) (G1 Evacuation Pause) 290M->267M(400M) 36.875ms
[401.987s][info][gc,cpu      ] GC(808) User=0.08s Sys=0.00s Real=0.04s
[402.215s][info][gc,start    ] GC(809) Pause Young (Mixed) (G1 Evacuation Pause)
[402.215s][info][gc,task     ] GC(809) Using 2 workers of 2 for evacuation
[402.256s][info][gc,phases   ] GC(809)   Pre Evacuate Collection Set: 0.59ms
[402.256s][info][gc,phases   ] GC(809)   Merge Heap Roots: 0.63ms
[402.256s][info][gc,phases   ] GC(809)   Evacuate Collection Set: 37.69ms
[402.256s][info][gc,phases   ] GC(809)   Post Evacuate Collection Set: 1.89ms
[402.256s][info][gc,phases   ] GC(809)   Other: 0.09ms
[402.256s][info][gc,heap     ] GC(809) Eden regions: 52->0(151)
[402.256s][info][gc,heap     ] GC(809) Survivor regions: 9->8(8)
[402.256s][info][gc,heap     ] GC(809) Old regions: 254->240
[402.256s][info][gc,heap     ] GC(809) Humongous regions: 4->4
[402.256s][info][gc,metaspace] GC(809) Metaspace: 42918K(43328K)->42918K(43328K) NonClass: 38564K(38848K)->38564K(38848K) Class: 4354K(4480K)->4354K(4480K)
[402.256s][info][gc          ] GC(809) Pause Young (Mixed) (G1 Evacuation Pause) 319M->251M(591M) 41.119ms
[402.256s][info][gc,cpu      ] GC(809) User=0.07s Sys=0.00s Real=0.04s
[402.907s][info][gc,start    ] GC(810) Pause Young (Mixed) (G1 Evacuation Pause)
[402.907s][info][gc,task     ] GC(810) Using 2 workers of 2 for evacuation
[403.012s][info][gc,phases   ] GC(810)   Pre Evacuate Collection Set: 0.28ms
[403.013s][info][gc,phases   ] GC(810)   Merge Heap Roots: 1.11ms
[403.013s][info][gc,phases   ] GC(810)   Evacuate Collection Set: 103.36ms
[403.013s][info][gc,phases   ] GC(810)   Post Evacuate Collection Set: 0.69ms
[403.013s][info][gc,phases   ] GC(810)   Other: 0.08ms
[403.013s][info][gc,heap     ] GC(810) Eden regions: 151->0(132)
[403.013s][info][gc,heap     ] GC(810) Survivor regions: 8->20(20)
[403.013s][info][gc,heap     ] GC(810) Old regions: 240->262
[403.013s][info][gc,heap     ] GC(810) Humongous regions: 5->5
[403.013s][info][gc,metaspace] GC(810) Metaspace: 42918K(43328K)->42918K(43328K) NonClass: 38564K(38848K)->38564K(38848K) Class: 4354K(4480K)->4354K(4480K)
[403.013s][info][gc          ] GC(810) Pause Young (Mixed) (G1 Evacuation Pause) 403M->287M(591M) 105.776ms
[403.013s][info][gc,cpu      ] GC(810) User=0.20s Sys=0.02s Real=0.11s
[403.515s][info][gc,start    ] GC(811) Pause Young (Normal) (G1 Evacuation Pause)
[403.515s][info][gc,task     ] GC(811) Using 2 workers of 2 for evacuation
[403.591s][info][gc,phases   ] GC(811)   Pre Evacuate Collection Set: 0.38ms
[403.591s][info][gc,phases   ] GC(811)   Merge Heap Roots: 0.37ms
[403.591s][info][gc,phases   ] GC(811)   Evacuate Collection Set: 74.01ms
[403.591s][info][gc,phases   ] GC(811)   Post Evacuate Collection Set: 0.52ms
[403.591s][info][gc,phases   ] GC(811)   Other: 0.07ms
[403.591s][info][gc,heap     ] GC(811) Eden regions: 132->0(92)
[403.591s][info][gc,heap     ] GC(811) Survivor regions: 20->19(19)
[403.591s][info][gc,heap     ] GC(811) Old regions: 262->341
[403.591s][info][gc,heap     ] GC(811) Humongous regions: 6->6
[403.591s][info][gc,metaspace] GC(811) Metaspace: 42918K(43328K)->42918K(43328K) NonClass: 38564K(38848K)->38564K(38848K) Class: 4354K(4480K)->4354K(4480K)
[403.591s][info][gc          ] GC(811) Pause Young (Normal) (G1 Evacuation Pause) 420M->366M(591M) 75.587ms
[403.591s][info][gc,cpu      ] GC(811) User=0.15s Sys=0.00s Real=0.07s
[403.957s][info][gc,start    ] GC(812) Pause Young (Concurrent Start) (G1 Evacuation Pause)
[403.957s][info][gc,task     ] GC(812) Using 2 workers of 2 for evacuation
[404.024s][info][gc,phases   ] GC(812)   Pre Evacuate Collection Set: 0.28ms
[404.024s][info][gc,phases   ] GC(812)   Merge Heap Roots: 0.29ms
[404.024s][info][gc,phases   ] GC(812)   Evacuate Collection Set: 66.23ms
[404.024s][info][gc,phases   ] GC(812)   Post Evacuate Collection Set: 0.47ms
[404.024s][info][gc,phases   ] GC(812)   Other: 0.12ms
[404.024s][info][gc,heap     ] GC(812) Eden regions: 92->0(63)
[404.024s][info][gc,heap     ] GC(812) Survivor regions: 19->14(14)
[404.024s][info][gc,heap     ] GC(812) Old regions: 341->406
[404.024s][info][gc,heap     ] GC(812) Humongous regions: 6->6
[404.024s][info][gc,metaspace] GC(812) Metaspace: 42918K(43328K)->42918K(43328K) NonClass: 38564K(38848K)->38564K(38848K) Class: 4354K(4480K)->4354K(4480K)
[404.024s][info][gc          ] GC(812) Pause Young (Concurrent Start) (G1 Evacuation Pause) 458M->426M(591M) 67.649ms
[404.024s][info][gc,cpu      ] GC(812) User=0.12s Sys=0.02s Real=0.07s
[404.024s][info][gc          ] GC(813) Concurrent Mark Cycle
[404.024s][info][gc,marking  ] GC(813) Concurrent Scan Root Regions
[404.060s][info][gc,marking  ] GC(813) Concurrent Scan Root Regions 36.092ms
[404.060s][info][gc,marking  ] GC(813) Concurrent Mark
[404.060s][info][gc,marking  ] GC(813) Concurrent Mark From Roots
[404.060s][info][gc,task     ] GC(813) Using 1 workers of 1 for marking
[404.168s][info][gc,marking  ] GC(813) Concurrent Mark From Roots 107.048ms
[404.168s][info][gc,marking  ] GC(813) Concurrent Preclean
[404.168s][info][gc,marking  ] GC(813) Concurrent Preclean 0.043ms
[404.168s][info][gc,start    ] GC(813) Pause Remark
[404.185s][info][gc          ] GC(813) Pause Remark 461M->331M(591M) 17.004ms
[404.185s][info][gc,cpu      ] GC(813) User=0.03s Sys=0.00s Real=0.02s
[404.185s][info][gc,marking  ] GC(813) Concurrent Mark 124.464ms
[404.185s][info][gc,marking  ] GC(813) Concurrent Rebuild Remembered Sets and Scrub Regions
[404.274s][info][gc,marking  ] GC(813) Concurrent Rebuild Remembered Sets and Scrub Regions 88.988ms
[404.274s][info][gc,start    ] GC(813) Pause Cleanup
[404.274s][info][gc          ] GC(813) Pause Cleanup 352M->352M(591M) 0.146ms
[404.274s][info][gc,cpu      ] GC(813) User=0.00s Sys=0.00s Real=0.00s
[404.274s][info][gc,marking  ] GC(813) Concurrent Clear Claimed Marks
[404.274s][info][gc,marking  ] GC(813) Concurrent Clear Claimed Marks 0.044ms
[404.274s][info][gc,marking  ] GC(813) Concurrent Cleanup for Next Mark
[404.278s][info][gc,marking  ] GC(813) Concurrent Cleanup for Next Mark 3.746ms
[404.278s][info][gc          ] GC(813) Concurrent Mark Cycle 253.887ms
[404.311s][info][gc,start    ] GC(814) Pause Young (Prepare Mixed) (G1 Evacuation Pause)
[404.311s][info][gc,task     ] GC(814) Using 2 workers of 2 for evacuation
[404.354s][info][gc,phases   ] GC(814)   Pre Evacuate Collection Set: 0.27ms
[404.354s][info][gc,phases   ] GC(814)   Merge Heap Roots: 0.43ms
[404.354s][info][gc,phases   ] GC(814)   Evacuate Collection Set: 41.55ms
[404.354s][info][gc,phases   ] GC(814)   Post Evacuate Collection Set: 0.51ms
[404.354s][info][gc,phases   ] GC(814)   Other: 0.09ms
[404.354s][info][gc,heap     ] GC(814) Eden regions: 63->0(98)
[404.354s][info][gc,heap     ] GC(814) Survivor regions: 14->10(10)
[404.354s][info][gc,heap     ] GC(814) Old regions: 278->319
[404.354s][info][gc,heap     ] GC(814) Humongous regions: 5->5
[404.354s][info][gc,metaspace] GC(814) Metaspace: 42918K(43328K)->42918K(43328K) NonClass: 38564K(38848K)->38564K(38848K) Class: 4354K(4480K)->4354K(4480K)
[404.354s][info][gc          ] GC(814) Pause Young (Prepare Mixed) (G1 Evacuation Pause) 360M->333M(591M) 43.069ms
[404.354s][info][gc,cpu      ] GC(814) User=0.09s Sys=0.00s Real=0.05s
[404.724s][info][gc,start    ] GC(815) Pause Young (Mixed) (G1 Evacuation Pause)
[404.724s][info][gc,task     ] GC(815) Using 2 workers of 2 for evacuation
[404.779s][info][gc,phases   ] GC(815)   Pre Evacuate Collection Set: 0.29ms
[404.779s][info][gc,phases   ] GC(815)   Merge Heap Roots: 0.42ms
[404.779s][info][gc,phases   ] GC(815)   Evacuate Collection Set: 52.44ms
[404.779s][info][gc,phases   ] GC(815)   Post Evacuate Collection Set: 1.42ms
[404.779s][info][gc,phases   ] GC(815)   Other: 0.09ms
[404.779s][info][gc,heap     ] GC(815) Eden regions: 98->0(141)
[404.779s][info][gc,heap     ] GC(815) Survivor regions: 10->14(14)
[404.779s][info][gc,heap     ] GC(815) Old regions: 319->304
[404.779s][info][gc,heap     ] GC(815) Humongous regions: 6->6
[404.779s][info][gc,metaspace] GC(815) Metaspace: 42918K(43328K)->42918K(43328K) NonClass: 38564K(38848K)->38564K(38848K) Class: 4354K(4480K)->4354K(4480K)
[404.779s][info][gc          ] GC(815) Pause Young (Mixed) (G1 Evacuation Pause) 432M->323M(693M) 54.869ms
[404.779s][info][gc,cpu      ] GC(815) User=0.11s Sys=0.00s Real=0.05s
[405.391s][info][gc,start    ] GC(816) Pause Young (Mixed) (G1 Evacuation Pause)
[405.391s][info][gc,task     ] GC(816) Using 2 workers of 2 for evacuation
[405.441s][info][gc,phases   ] GC(816)   Pre Evacuate Collection Set: 0.48ms
[405.442s][info][gc,phases   ] GC(816)   Merge Heap Roots: 1.63ms
[405.442s][info][gc,phases   ] GC(816)   Evacuate Collection Set: 47.79ms
[405.442s][info][gc,phases   ] GC(816)   Post Evacuate Collection Set: 0.60ms
[405.442s][info][gc,phases   ] GC(816)   Other: 0.08ms
[405.442s][info][gc,heap     ] GC(816) Eden regions: 141->0(171)
[405.442s][info][gc,heap     ] GC(816) Survivor regions: 14->17(20)
[405.442s][info][gc,heap     ] GC(816) Old regions: 304->254
[405.442s][info][gc,heap     ] GC(816) Humongous regions: 6->6
[405.442s][info][gc,metaspace] GC(816) Metaspace: 42918K(43328K)->42918K(43328K) NonClass: 38564K(38848K)->38564K(38848K) Class: 4354K(4480K)->4354K(4480K)
[405.442s][info][gc          ] GC(816) Pause Young (Mixed) (G1 Evacuation Pause) 464M->276M(693M) 50.791ms
[405.442s][info][gc,cpu      ] GC(816) User=0.10s Sys=0.00s Real=0.06s
[406.080s][info][gc,start    ] GC(817) Pause Young (Normal) (G1 Evacuation Pause)
[406.080s][info][gc,task     ] GC(817) Using 2 workers of 2 for evacuation
[406.090s][info][gc,phases   ] GC(817)   Pre Evacuate Collection Set: 0.26ms
[406.090s][info][gc,phases   ] GC(817)   Merge Heap Roots: 0.12ms
[406.090s][info][gc,phases   ] GC(817)   Evacuate Collection Set: 8.95ms
[406.090s][info][gc,phases   ] GC(817)   Post Evacuate Collection Set: 0.48ms
[406.090s][info][gc,phases   ] GC(817)   Other: 0.08ms
[406.090s][info][gc,heap     ] GC(817) Eden regions: 171->0(192)
[406.090s][info][gc,heap     ] GC(817) Survivor regions: 17->6(24)
[406.090s][info][gc,heap     ] GC(817) Old regions: 254->258
[406.090s][info][gc,heap     ] GC(817) Humongous regions: 7->6
[406.090s][info][gc,metaspace] GC(817) Metaspace: 42918K(43328K)->42918K(43328K) NonClass: 38564K(38848K)->38564K(38848K) Class: 4354K(4480K)->4354K(4480K)
[406.090s][info][gc          ] GC(817) Pause Young (Normal) (G1 Evacuation Pause) 448M->270M(693M) 10.105ms
[406.090s][info][gc,cpu      ] GC(817) User=0.02s Sys=0.00s Real=0.01s
[406.416s][info][gc,start    ] GC(818) Pause Young (Concurrent Start) (G1 Humongous Allocation)
[406.416s][info][gc,task     ] GC(818) Using 2 workers of 2 for evacuation
[406.438s][info][gc,phases   ] GC(818)   Pre Evacuate Collection Set: 0.31ms
[406.438s][info][gc,phases   ] GC(818)   Merge Heap Roots: 0.06ms
[406.438s][info][gc,phases   ] GC(818)   Evacuate Collection Set: 20.78ms
[406.438s][info][gc,phases   ] GC(818)   Post Evacuate Collection Set: 0.45ms
[406.438s][info][gc,phases   ] GC(818)   Other: 0.10ms
[406.438s][info][gc,heap     ] GC(818) Eden regions: 89->0(193)
[406.438s][info][gc,heap     ] GC(818) Survivor regions: 6->25(25)
[406.438s][info][gc,heap     ] GC(818) Old regions: 258->266
[406.438s][info][gc,heap     ] GC(818) Humongous regions: 6->6
[406.438s][info][gc,metaspace] GC(818) Metaspace: 42918K(43328K)->42918K(43328K) NonClass: 38564K(38848K)->38564K(38848K) Class: 4354K(4480K)->4354K(4480K)
[406.438s][info][gc          ] GC(818) Pause Young (Concurrent Start) (G1 Humongous Allocation) 358M->297M(693M) 21.911ms
[406.438s][info][gc          ] GC(819) Concurrent Mark Cycle
[406.438s][info][gc,marking  ] GC(819) Concurrent Scan Root Regions
[406.440s][info][gc,cpu      ] GC(818) User=0.04s Sys=0.00s Real=0.02s
[406.452s][info][gc,marking  ] GC(819) Concurrent Scan Root Regions 14.050ms
[406.452s][info][gc,marking  ] GC(819) Concurrent Mark
[406.452s][info][gc,marking  ] GC(819) Concurrent Mark From Roots
[406.452s][info][gc,task     ] GC(819) Using 1 workers of 1 for marking
[406.529s][info][gc,marking  ] GC(819) Concurrent Mark From Roots 76.831ms
[406.529s][info][gc,marking  ] GC(819) Concurrent Preclean
[406.529s][info][gc,marking  ] GC(819) Concurrent Preclean 0.053ms
[406.529s][info][gc,start    ] GC(819) Pause Remark
[406.546s][info][gc          ] GC(819) Pause Remark 316M->161M(477M) 17.159ms
[406.546s][info][gc,cpu      ] GC(819) User=0.03s Sys=0.00s Real=0.02s
[406.546s][info][gc,marking  ] GC(819) Concurrent Mark 94.335ms
[406.546s][info][gc,marking  ] GC(819) Concurrent Rebuild Remembered Sets and Scrub Regions
[406.584s][info][gc,marking  ] GC(819) Concurrent Rebuild Remembered Sets and Scrub Regions 37.945ms
[406.584s][info][gc,start    ] GC(819) Pause Cleanup
[406.584s][info][gc          ] GC(819) Pause Cleanup 169M->169M(477M) 0.068ms
[406.584s][info][gc,cpu      ] GC(819) User=0.00s Sys=0.00s Real=0.00s
[406.584s][info][gc,marking  ] GC(819) Concurrent Clear Claimed Marks
[406.584s][info][gc,marking  ] GC(819) Concurrent Clear Claimed Marks 0.042ms
[406.584s][info][gc,marking  ] GC(819) Concurrent Cleanup for Next Mark
[406.586s][info][gc,marking  ] GC(819) Concurrent Cleanup for Next Mark 1.729ms
[406.586s][info][gc          ] GC(819) Concurrent Mark Cycle 148.498ms
[407.176s][info][gc,start    ] GC(820) Pause Young (Prepare Mixed) (G1 Evacuation Pause)
[407.176s][info][gc,task     ] GC(820) Using 2 workers of 2 for evacuation
[407.204s][info][gc,phases   ] GC(820)   Pre Evacuate Collection Set: 0.23ms
[407.204s][info][gc,phases   ] GC(820)   Merge Heap Roots: 0.18ms
[407.204s][info][gc,phases   ] GC(820)   Evacuate Collection Set: 27.40ms
[407.204s][info][gc,phases   ] GC(820)   Post Evacuate Collection Set: 0.53ms
[407.204s][info][gc,phases   ] GC(820)   Other: 0.09ms
[407.204s][info][gc,heap     ] GC(820) Eden regions: 193->0(171)
[407.204s][info][gc,heap     ] GC(820) Survivor regions: 25->21(28)
[407.204s][info][gc,heap     ] GC(820) Old regions: 114->134
[407.204s][info][gc,heap     ] GC(820) Humongous regions: 6->4
[407.204s][info][gc,metaspace] GC(820) Metaspace: 42918K(43328K)->42918K(43328K) NonClass: 38564K(38848K)->38564K(38848K) Class: 4354K(4480K)->4354K(4480K)
[407.204s][info][gc          ] GC(820) Pause Young (Prepare Mixed) (G1 Evacuation Pause) 338M->158M(477M) 28.687ms
[407.204s][info][gc,cpu      ] GC(820) User=0.05s Sys=0.01s Real=0.03s
[407.823s][info][gc,start    ] GC(821) Pause Young (Mixed) (G1 Evacuation Pause)
[407.823s][info][gc,task     ] GC(821) Using 2 workers of 2 for evacuation
[407.841s][info][gc,phases   ] GC(821)   Pre Evacuate Collection Set: 0.33ms
[407.841s][info][gc,phases   ] GC(821)   Merge Heap Roots: 0.15ms
[407.841s][info][gc,phases   ] GC(821)   Evacuate Collection Set: 16.68ms
[407.841s][info][gc,phases   ] GC(821)   Post Evacuate Collection Set: 0.45ms
[407.841s][info][gc,phases   ] GC(821)   Other: 0.08ms
[407.841s][info][gc,heap     ] GC(821) Eden regions: 171->0(194)
[407.841s][info][gc,heap     ] GC(821) Survivor regions: 21->15(24)
[407.841s][info][gc,heap     ] GC(821) Old regions: 134->116
[407.841s][info][gc,heap     ] GC(821) Humongous regions: 5->4
[407.841s][info][gc,metaspace] GC(821) Metaspace: 42918K(43328K)->42918K(43328K) NonClass: 38564K(38848K)->38564K(38848K) Class: 4354K(4480K)->4354K(4480K)
[407.841s][info][gc          ] GC(821) Pause Young (Mixed) (G1 Evacuation Pause) 330M->134M(477M) 17.900ms
[407.841s][info][gc,cpu      ] GC(821) User=0.04s Sys=0.00s Real=0.02s
[407.844s][info][gc,start    ] GC(822) Pause Young (Concurrent Start) (G1 Humongous Allocation)
[407.844s][info][gc,task     ] GC(822) Using 2 workers of 2 for evacuation
[407.853s][info][gc,phases   ] GC(822)   Pre Evacuate Collection Set: 0.22ms
[407.853s][info][gc,phases   ] GC(822)   Merge Heap Roots: 0.03ms
[407.853s][info][gc,phases   ] GC(822)   Evacuate Collection Set: 8.90ms
[407.853s][info][gc,phases   ] GC(822)   Post Evacuate Collection Set: 0.30ms
[407.853s][info][gc,phases   ] GC(822)   Other: 0.08ms
[407.853s][info][gc,heap     ] GC(822) Eden regions: 2->0(185)
[407.853s][info][gc,heap     ] GC(822) Survivor regions: 15->1(27)
[407.853s][info][gc,heap     ] GC(822) Old regions: 116->130
[407.853s][info][gc,heap     ] GC(822) Humongous regions: 4->4
[407.853s][info][gc,metaspace] GC(822) Metaspace: 42918K(43328K)->42918K(43328K) NonClass: 38564K(38848K)->38564K(38848K) Class: 4354K(4480K)->4354K(4480K)
[407.853s][info][gc          ] GC(822) Pause Young (Concurrent Start) (G1 Humongous Allocation) 135M->135M(477M) 9.681ms
[407.853s][info][gc,cpu      ] GC(822) User=0.02s Sys=0.00s Real=0.01s
[407.853s][info][gc          ] GC(823) Concurrent Mark Cycle
[407.853s][info][gc,marking  ] GC(823) Concurrent Scan Root Regions
[407.860s][info][gc,marking  ] GC(823) Concurrent Scan Root Regions 6.577ms
[407.860s][info][gc,marking  ] GC(823) Concurrent Mark
[407.860s][info][gc,marking  ] GC(823) Concurrent Mark From Roots
[407.860s][info][gc,task     ] GC(823) Using 1 workers of 1 for marking
[407.938s][info][gc,marking  ] GC(823) Concurrent Mark From Roots 78.095ms
[407.938s][info][gc,marking  ] GC(823) Concurrent Preclean
[407.938s][info][gc,marking  ] GC(823) Concurrent Preclean 0.069ms
[407.938s][info][gc,start    ] GC(823) Pause Remark
[407.955s][info][gc          ] GC(823) Pause Remark 154M->141M(410M) 16.956ms
[407.955s][info][gc,cpu      ] GC(823) User=0.04s Sys=0.00s Real=0.02s
[407.955s][info][gc,marking  ] GC(823) Concurrent Mark 95.436ms
[407.955s][info][gc,marking  ] GC(823) Concurrent Rebuild Remembered Sets and Scrub Regions
[407.995s][info][gc,marking  ] GC(823) Concurrent Rebuild Remembered Sets and Scrub Regions 39.835ms
[407.995s][info][gc,start    ] GC(823) Pause Cleanup
[407.995s][info][gc          ] GC(823) Pause Cleanup 151M->151M(410M) 0.069ms
[407.996s][info][gc,cpu      ] GC(823) User=0.00s Sys=0.00s Real=0.00s
[407.996s][info][gc,marking  ] GC(823) Concurrent Clear Claimed Marks
[407.996s][info][gc,marking  ] GC(823) Concurrent Clear Claimed Marks 0.040ms
[407.996s][info][gc,marking  ] GC(823) Concurrent Cleanup for Next Mark
[407.997s][info][gc,marking  ] GC(823) Concurrent Cleanup for Next Mark 1.188ms
[407.997s][info][gc          ] GC(823) Concurrent Mark Cycle 143.496ms
[408.553s][info][gc,start    ] GC(824) Pause Young (Prepare Mixed) (G1 Evacuation Pause)
[408.553s][info][gc,task     ] GC(824) Using 2 workers of 2 for evacuation
[408.578s][info][gc,phases   ] GC(824)   Pre Evacuate Collection Set: 0.21ms
[408.578s][info][gc,phases   ] GC(824)   Merge Heap Roots: 0.13ms
[408.578s][info][gc,phases   ] GC(824)   Evacuate Collection Set: 24.17ms
[408.578s][info][gc,phases   ] GC(824)   Post Evacuate Collection Set: 0.47ms
[408.578s][info][gc,phases   ] GC(824)   Other: 0.09ms
[408.578s][info][gc,heap     ] GC(824) Eden regions: 185->0(142)
[408.578s][info][gc,heap     ] GC(824) Survivor regions: 1->24(24)
[408.578s][info][gc,heap     ] GC(824) Old regions: 118->131
[408.578s][info][gc,heap     ] GC(824) Humongous regions: 6->5
[408.578s][info][gc,metaspace] GC(824) Metaspace: 42918K(43328K)->42918K(43328K) NonClass: 38564K(38848K)->38564K(38848K) Class: 4354K(4480K)->4354K(4480K)
[408.578s][info][gc          ] GC(824) Pause Young (Prepare Mixed) (G1 Evacuation Pause) 310M->159M(410M) 25.301ms
[408.578s][info][gc,cpu      ] GC(824) User=0.05s Sys=0.00s Real=0.02s
[409.040s][info][gc,start    ] GC(825) Pause Young (Mixed) (G1 Evacuation Pause)
[409.040s][info][gc,task     ] GC(825) Using 2 workers of 2 for evacuation
[409.072s][info][gc,phases   ] GC(825)   Pre Evacuate Collection Set: 0.26ms
[409.072s][info][gc,phases   ] GC(825)   Merge Heap Roots: 0.19ms
[409.072s][info][gc,phases   ] GC(825)   Evacuate Collection Set: 31.33ms
[409.072s][info][gc,phases   ] GC(825)   Post Evacuate Collection Set: 0.53ms
[409.072s][info][gc,phases   ] GC(825)   Other: 0.08ms
[409.072s][info][gc,heap     ] GC(825) Eden regions: 142->0(155)
[409.073s][info][gc,heap     ] GC(825) Survivor regions: 24->21(21)
[409.073s][info][gc,heap     ] GC(825) Old regions: 131->120
[409.073s][info][gc,heap     ] GC(825) Humongous regions: 7->5
[409.073s][info][gc,metaspace] GC(825) Metaspace: 42918K(43328K)->42918K(43328K) NonClass: 38564K(38848K)->38564K(38848K) Class: 4354K(4480K)->4354K(4480K)
[409.073s][info][gc          ] GC(825) Pause Young (Mixed) (G1 Evacuation Pause) 303M->145M(410M) 32.599ms
[409.073s][info][gc,cpu      ] GC(825) User=0.07s Sys=0.00s Real=0.04s
[409.557s][info][gc,start    ] GC(826) Pause Young (Concurrent Start) (G1 Evacuation Pause)
[409.558s][info][gc,task     ] GC(826) Using 2 workers of 2 for evacuation
[409.571s][info][gc,phases   ] GC(826)   Pre Evacuate Collection Set: 0.23ms
[409.571s][info][gc,phases   ] GC(826)   Merge Heap Roots: 0.09ms
[409.571s][info][gc,phases   ] GC(826)   Evacuate Collection Set: 12.99ms
[409.571s][info][gc,phases   ] GC(826)   Post Evacuate Collection Set: 0.45ms
[409.571s][info][gc,phases   ] GC(826)   Other: 0.10ms
[409.572s][info][gc,heap     ] GC(826) Eden regions: 155->0(168)
[409.572s][info][gc,heap     ] GC(826) Survivor regions: 21->2(22)
[409.572s][info][gc,heap     ] GC(826) Old regions: 120->140
[409.572s][info][gc,heap     ] GC(826) Humongous regions: 5->5
[409.572s][info][gc,metaspace] GC(826) Metaspace: 42918K(43328K)->42918K(43328K) NonClass: 38564K(38848K)->38564K(38848K) Class: 4354K(4480K)->4354K(4480K)
[409.572s][info][gc          ] GC(826) Pause Young (Concurrent Start) (G1 Evacuation Pause) 300M->146M(410M) 14.064ms
[409.572s][info][gc          ] GC(827) Concurrent Mark Cycle
[409.572s][info][gc,marking  ] GC(827) Concurrent Scan Root Regions
[409.572s][info][gc,cpu      ] GC(826) User=0.02s Sys=0.00s Real=0.02s
[409.581s][info][gc,marking  ] GC(827) Concurrent Scan Root Regions 9.526ms
[409.581s][info][gc,marking  ] GC(827) Concurrent Mark
[409.581s][info][gc,marking  ] GC(827) Concurrent Mark From Roots
[409.581s][info][gc,task     ] GC(827) Using 1 workers of 1 for marking
[409.678s][info][gc,marking  ] GC(827) Concurrent Mark From Roots 97.011ms
[409.678s][info][gc,marking  ] GC(827) Concurrent Preclean
[409.678s][info][gc,marking  ] GC(827) Concurrent Preclean 0.054ms
[409.678s][info][gc,start    ] GC(827) Pause Remark
[409.695s][info][gc          ] GC(827) Pause Remark 174M->160M(410M) 16.947ms
[409.695s][info][gc,cpu      ] GC(827) User=0.03s Sys=0.00s Real=0.02s
[409.696s][info][gc,marking  ] GC(827) Concurrent Mark 114.339ms
[409.696s][info][gc,marking  ] GC(827) Concurrent Rebuild Remembered Sets and Scrub Regions
[409.752s][info][gc,marking  ] GC(827) Concurrent Rebuild Remembered Sets and Scrub Regions 56.276ms
[409.752s][info][gc,start    ] GC(827) Pause Cleanup
[409.752s][info][gc          ] GC(827) Pause Cleanup 177M->177M(410M) 0.059ms
[409.752s][info][gc,cpu      ] GC(827) User=0.00s Sys=0.00s Real=0.00s
[409.752s][info][gc,marking  ] GC(827) Concurrent Clear Claimed Marks
[409.752s][info][gc,marking  ] GC(827) Concurrent Clear Claimed Marks 0.043ms
[409.752s][info][gc,marking  ] GC(827) Concurrent Cleanup for Next Mark
[409.753s][info][gc,marking  ] GC(827) Concurrent Cleanup for Next Mark 1.219ms
[409.753s][info][gc          ] GC(827) Concurrent Mark Cycle 181.768ms
[410.137s][info][gc,start    ] GC(828) Pause Young (Prepare Mixed) (G1 Evacuation Pause)
[410.137s][info][gc,task     ] GC(828) Using 2 workers of 2 for evacuation
[410.140s][info][gc,phases   ] GC(828)   Pre Evacuate Collection Set: 0.21ms
[410.140s][info][gc,phases   ] GC(828)   Merge Heap Roots: 0.07ms
[410.140s][info][gc,phases   ] GC(828)   Evacuate Collection Set: 1.83ms
[410.140s][info][gc,phases   ] GC(828)   Post Evacuate Collection Set: 0.39ms
[410.140s][info][gc,phases   ] GC(828)   Other: 0.07ms
[410.140s][info][gc,heap     ] GC(828) Eden regions: 168->0(188)
[410.140s][info][gc,heap     ] GC(828) Survivor regions: 2->2(22)
[410.140s][info][gc,heap     ] GC(828) Old regions: 127->127
[410.140s][info][gc,heap     ] GC(828) Humongous regions: 5->4
[410.140s][info][gc,metaspace] GC(828) Metaspace: 42918K(43328K)->42918K(43328K) NonClass: 38564K(38848K)->38564K(38848K) Class: 4354K(4480K)->4354K(4480K)
[410.140s][info][gc          ] GC(828) Pause Young (Prepare Mixed) (G1 Evacuation Pause) 301M->132M(410M) 2.763ms
[410.140s][info][gc,cpu      ] GC(828) User=0.01s Sys=0.00s Real=0.00s
[410.636s][info][gc,start    ] GC(829) Pause Young (Mixed) (G1 Evacuation Pause)
[410.636s][info][gc,task     ] GC(829) Using 2 workers of 2 for evacuation
[410.655s][info][gc,phases   ] GC(829)   Pre Evacuate Collection Set: 0.25ms
[410.655s][info][gc,phases   ] GC(829)   Merge Heap Roots: 0.50ms
[410.656s][info][gc,phases   ] GC(829)   Evacuate Collection Set: 17.94ms
[410.656s][info][gc,phases   ] GC(829)   Post Evacuate Collection Set: 0.59ms
[410.656s][info][gc,phases   ] GC(829)   Other: 0.08ms
[410.656s][info][gc,heap     ] GC(829) Eden regions: 188->0(208)
[410.656s][info][gc,heap     ] GC(829) Survivor regions: 2->5(24)
[410.656s][info][gc,heap     ] GC(829) Old regions: 127->104
[410.656s][info][gc,heap     ] GC(829) Humongous regions: 4->2
[410.656s][info][gc,metaspace] GC(829) Metaspace: 42918K(43328K)->42918K(43328K) NonClass: 38564K(38848K)->38564K(38848K) Class: 4354K(4480K)->4354K(4480K)
[410.656s][info][gc          ] GC(829) Pause Young (Mixed) (G1 Evacuation Pause) 320M->110M(410M) 19.549ms
[410.656s][info][gc,cpu      ] GC(829) User=0.04s Sys=0.00s Real=0.02s
[411.051s][info][gc,start    ] GC(830) Pause Young (Concurrent Start) (G1 Evacuation Pause)
[411.051s][info][gc,task     ] GC(830) Using 2 workers of 2 for evacuation
[411.055s][info][gc,phases   ] GC(830)   Pre Evacuate Collection Set: 0.23ms
[411.055s][info][gc,phases   ] GC(830)   Merge Heap Roots: 0.07ms
[411.055s][info][gc,phases   ] GC(830)   Evacuate Collection Set: 3.71ms
[411.055s][info][gc,phases   ] GC(830)   Post Evacuate Collection Set: 0.47ms
[411.056s][info][gc,phases   ] GC(830)   Other: 0.09ms
[411.056s][info][gc,heap     ] GC(830) Eden regions: 208->0(218)
[411.056s][info][gc,heap     ] GC(830) Survivor regions: 5->5(27)
[411.056s][info][gc,heap     ] GC(830) Old regions: 104->104
[411.056s][info][gc,heap     ] GC(830) Humongous regions: 2->2
[411.056s][info][gc,metaspace] GC(830) Metaspace: 42918K(43328K)->42918K(43328K) NonClass: 38564K(38848K)->38564K(38848K) Class: 4354K(4480K)->4354K(4480K)
[411.056s][info][gc          ] GC(830) Pause Young (Concurrent Start) (G1 Evacuation Pause) 318M->110M(410M) 4.775ms
[411.056s][info][gc,cpu      ] GC(830) User=0.01s Sys=0.00s Real=0.01s
[411.056s][info][gc          ] GC(831) Concurrent Mark Cycle
[411.056s][info][gc,marking  ] GC(831) Concurrent Scan Root Regions
[411.058s][info][gc,marking  ] GC(831) Concurrent Scan Root Regions 2.702ms
[411.058s][info][gc,marking  ] GC(831) Concurrent Mark
[411.058s][info][gc,marking  ] GC(831) Concurrent Mark From Roots
[411.058s][info][gc,task     ] GC(831) Using 1 workers of 1 for marking
[411.132s][info][gc,marking  ] GC(831) Concurrent Mark From Roots 73.424ms
[411.132s][info][gc,marking  ] GC(831) Concurrent Preclean
[411.132s][info][gc,marking  ] GC(831) Concurrent Preclean 0.046ms
[411.132s][info][gc,start    ] GC(831) Pause Remark
[411.149s][info][gc          ] GC(831) Pause Remark 151M->112M(256M) 17.137ms
[411.149s][info][gc,cpu      ] GC(831) User=0.03s Sys=0.00s Real=0.01s
[411.151s][info][gc,marking  ] GC(831) Concurrent Mark 92.767ms
[411.151s][info][gc,marking  ] GC(831) Concurrent Rebuild Remembered Sets and Scrub Regions
[411.180s][info][gc,marking  ] GC(831) Concurrent Rebuild Remembered Sets and Scrub Regions 29.235ms
[411.180s][info][gc,start    ] GC(831) Pause Cleanup
[411.181s][info][gc          ] GC(831) Pause Cleanup 127M->127M(256M) 0.042ms
[411.181s][info][gc,cpu      ] GC(831) User=0.00s Sys=0.00s Real=0.00s
[411.181s][info][gc,marking  ] GC(831) Concurrent Clear Claimed Marks
[411.181s][info][gc,marking  ] GC(831) Concurrent Clear Claimed Marks 0.040ms
[411.181s][info][gc,marking  ] GC(831) Concurrent Cleanup for Next Mark
[411.181s][info][gc,marking  ] GC(831) Concurrent Cleanup for Next Mark 0.744ms
[411.181s][info][gc          ] GC(831) Concurrent Mark Cycle 125.735ms
[411.633s][info][gc,start    ] GC(832) Pause Young (Prepare Mixed) (G1 Evacuation Pause)
[411.633s][info][gc,task     ] GC(832) Using 2 workers of 2 for evacuation
[411.644s][info][gc,phases   ] GC(832)   Pre Evacuate Collection Set: 0.31ms
[411.644s][info][gc,phases   ] GC(832)   Merge Heap Roots: 0.13ms
[411.644s][info][gc,phases   ] GC(832)   Evacuate Collection Set: 10.16ms
[411.644s][info][gc,phases   ] GC(832)   Post Evacuate Collection Set: 0.69ms
[411.644s][info][gc,phases   ] GC(832)   Other: 0.07ms
[411.644s][info][gc,heap     ] GC(832) Eden regions: 154->0(207)
[411.644s][info][gc,heap     ] GC(832) Survivor regions: 5->7(26)
[411.644s][info][gc,heap     ] GC(832) Old regions: 66->66
[411.644s][info][gc,heap     ] GC(832) Humongous regions: 125->3
[411.644s][info][gc,metaspace] GC(832) Metaspace: 42918K(43328K)->42918K(43328K) NonClass: 38564K(38848K)->38564K(38848K) Class: 4354K(4480K)->4354K(4480K)
[411.644s][info][gc          ] GC(832) Pause Young (Prepare Mixed) (G1 Evacuation Pause) 349M->75M(357M) 11.565ms
[411.645s][info][gc,cpu      ] GC(832) User=0.02s Sys=0.00s Real=0.01s
[412.207s][info][gc,start    ] GC(833) Pause Young (Mixed) (G1 Evacuation Pause)
[412.207s][info][gc,task     ] GC(833) Using 2 workers of 2 for evacuation
[412.221s][info][gc,phases   ] GC(833)   Pre Evacuate Collection Set: 0.27ms
[412.221s][info][gc,phases   ] GC(833)   Merge Heap Roots: 0.07ms
[412.221s][info][gc,phases   ] GC(833)   Evacuate Collection Set: 12.30ms
[412.221s][info][gc,phases   ] GC(833)   Post Evacuate Collection Set: 1.02ms
[412.221s][info][gc,phases   ] GC(833)   Other: 0.07ms
[412.221s][info][gc,heap     ] GC(833) Eden regions: 53->0(281)
[412.221s][info][gc,heap     ] GC(833) Survivor regions: 7->10(28)
[412.221s][info][gc,heap     ] GC(833) Old regions: 66->61
[412.221s][info][gc,heap     ] GC(833) Humongous regions: 349->1
[412.221s][info][gc,metaspace] GC(833) Metaspace: 42918K(43328K)->42918K(43328K) NonClass: 38564K(38848K)->38564K(38848K) Class: 4354K(4480K)->4354K(4480K)
[412.221s][info][gc          ] GC(833) Pause Young (Mixed) (G1 Evacuation Pause) 474M->70M(486M) 13.967ms
[412.221s][info][gc,cpu      ] GC(833) User=0.01s Sys=0.01s Real=0.01s
[412.224s][info][gc,start    ] GC(834) Pause Young (Concurrent Start) (G1 Humongous Allocation)
[412.224s][info][gc,task     ] GC(834) Using 2 workers of 2 for evacuation
[412.234s][info][gc,phases   ] GC(834)   Pre Evacuate Collection Set: 0.30ms
[412.234s][info][gc,phases   ] GC(834)   Merge Heap Roots: 0.06ms
[412.234s][info][gc,phases   ] GC(834)   Evacuate Collection Set: 9.13ms
[412.234s][info][gc,phases   ] GC(834)   Post Evacuate Collection Set: 0.34ms
[412.234s][info][gc,phases   ] GC(834)   Other: 0.12ms
[412.234s][info][gc,heap     ] GC(834) Eden regions: 1->0(251)
[412.234s][info][gc,heap     ] GC(834) Survivor regions: 10->10(37)
[412.234s][info][gc,heap     ] GC(834) Old regions: 61->61
[412.234s][info][gc,heap     ] GC(834) Humongous regions: 1->1
[412.234s][info][gc,metaspace] GC(834) Metaspace: 42918K(43328K)->42918K(43328K) NonClass: 38564K(38848K)->38564K(38848K) Class: 4354K(4480K)->4354K(4480K)
[412.234s][info][gc          ] GC(834) Pause Young (Concurrent Start) (G1 Humongous Allocation) 71M->70M(486M) 10.167ms
[412.234s][info][gc,cpu      ] GC(834) User=0.01s Sys=0.00s Real=0.01s
[412.234s][info][gc          ] GC(835) Concurrent Mark Cycle
[412.234s][info][gc,marking  ] GC(835) Concurrent Scan Root Regions
[412.245s][info][gc,marking  ] GC(835) Concurrent Scan Root Regions 10.350ms
[412.245s][info][gc,marking  ] GC(835) Concurrent Mark
[412.245s][info][gc,marking  ] GC(835) Concurrent Mark From Roots
[412.245s][info][gc,task     ] GC(835) Using 1 workers of 1 for marking
[412.318s][info][gc,marking  ] GC(835) Concurrent Mark From Roots 73.185ms
[412.318s][info][gc,marking  ] GC(835) Concurrent Preclean
[412.318s][info][gc,marking  ] GC(835) Concurrent Preclean 0.054ms
[412.318s][info][gc,start    ] GC(835) Pause Remark
[412.335s][info][gc          ] GC(835) Pause Remark 131M->131M(414M) 17.268ms
[412.336s][info][gc,cpu      ] GC(835) User=0.03s Sys=0.00s Real=0.02s
[412.336s][info][gc,marking  ] GC(835) Concurrent Mark 90.747ms
[412.336s][info][gc,marking  ] GC(835) Concurrent Rebuild Remembered Sets and Scrub Regions
[412.366s][info][gc,marking  ] GC(835) Concurrent Rebuild Remembered Sets and Scrub Regions 30.839ms
[412.367s][info][gc,start    ] GC(835) Pause Cleanup
[412.367s][info][gc          ] GC(835) Pause Cleanup 148M->148M(414M) 0.060ms
[412.367s][info][gc,cpu      ] GC(835) User=0.00s Sys=0.00s Real=0.00s
[412.367s][info][gc,marking  ] GC(835) Concurrent Clear Claimed Marks
[412.367s][info][gc,marking  ] GC(835) Concurrent Clear Claimed Marks 0.044ms
[412.367s][info][gc,marking  ] GC(835) Concurrent Cleanup for Next Mark
[412.369s][info][gc,marking  ] GC(835) Concurrent Cleanup for Next Mark 2.714ms
[412.370s][info][gc          ] GC(835) Concurrent Mark Cycle 135.095ms
[412.867s][info][gc,start    ] GC(836) Pause Young (Prepare Mixed) (G1 Evacuation Pause)
[412.867s][info][gc,task     ] GC(836) Using 2 workers of 2 for evacuation
[412.892s][info][gc,phases   ] GC(836)   Pre Evacuate Collection Set: 0.26ms
[412.892s][info][gc,phases   ] GC(836)   Merge Heap Roots: 0.07ms
[412.892s][info][gc,phases   ] GC(836)   Evacuate Collection Set: 23.76ms
[412.892s][info][gc,phases   ] GC(836)   Post Evacuate Collection Set: 0.92ms
[412.892s][info][gc,phases   ] GC(836)   Other: 0.09ms
[412.892s][info][gc,heap     ] GC(836) Eden regions: 64->0(268)
[412.892s][info][gc,heap     ] GC(836) Survivor regions: 10->18(33)
[412.892s][info][gc,heap     ] GC(836) Old regions: 61->61
[412.892s][info][gc,heap     ] GC(836) Humongous regions: 361->3
[412.892s][info][gc,metaspace] GC(836) Metaspace: 42918K(43328K)->42918K(43328K) NonClass: 38564K(38848K)->38564K(38848K) Class: 4354K(4480K)->4354K(4480K)
[412.893s][info][gc          ] GC(836) Pause Young (Prepare Mixed) (G1 Evacuation Pause) 494M->80M(514M) 25.331ms
[412.893s][info][gc,cpu      ] GC(836) User=0.04s Sys=0.02s Real=0.03s
[413.626s][info][gc,start    ] GC(837) Pause Young (Mixed) (G1 Evacuation Pause)
[413.626s][info][gc,task     ] GC(837) Using 2 workers of 2 for evacuation
[413.673s][info][gc,phases   ] GC(837)   Pre Evacuate Collection Set: 0.29ms
[413.673s][info][gc,phases   ] GC(837)   Merge Heap Roots: 0.12ms
[413.673s][info][gc,phases   ] GC(837)   Evacuate Collection Set: 44.97ms
[413.673s][info][gc,phases   ] GC(837)   Post Evacuate Collection Set: 1.38ms
[413.673s][info][gc,phases   ] GC(837)   Other: 0.08ms
[413.673s][info][gc,heap     ] GC(837) Eden regions: 82->0(333)
[413.673s][info][gc,heap     ] GC(837) Survivor regions: 18->28(36)
[413.673s][info][gc,heap     ] GC(837) Old regions: 61->57
[413.673s][info][gc,heap     ] GC(837) Humongous regions: 437->3
[413.673s][info][gc,metaspace] GC(837) Metaspace: 42918K(43328K)->42918K(43328K) NonClass: 38564K(38848K)->38564K(38848K) Class: 4354K(4480K)->4354K(4480K)
[413.673s][info][gc          ] GC(837) Pause Young (Mixed) (G1 Evacuation Pause) 596M->86M(628M) 47.107ms
[413.673s][info][gc,cpu      ] GC(837) User=0.08s Sys=0.01s Real=0.05s
[413.685s][info][gc,start    ] GC(838) Pause Young (Concurrent Start) (G1 Humongous Allocation)
[413.686s][info][gc,task     ] GC(838) Using 2 workers of 2 for evacuation
[413.714s][info][gc,phases   ] GC(838)   Pre Evacuate Collection Set: 0.26ms
[413.714s][info][gc,phases   ] GC(838)   Merge Heap Roots: 0.05ms
[413.714s][info][gc,phases   ] GC(838)   Evacuate Collection Set: 27.57ms
[413.714s][info][gc,phases   ] GC(838)   Post Evacuate Collection Set: 0.40ms
[413.714s][info][gc,phases   ] GC(838)   Other: 0.08ms
[413.714s][info][gc,heap     ] GC(838) Eden regions: 3->0(310)
[413.714s][info][gc,heap     ] GC(838) Survivor regions: 28->23(46)
[413.714s][info][gc,heap     ] GC(838) Old regions: 57->63
[413.714s][info][gc,heap     ] GC(838) Humongous regions: 3->1
[413.714s][info][gc,metaspace] GC(838) Metaspace: 42918K(43328K)->42918K(43328K) NonClass: 38564K(38848K)->38564K(38848K) Class: 4354K(4480K)->4354K(4480K)
[413.714s][info][gc          ] GC(838) Pause Young (Concurrent Start) (G1 Humongous Allocation) 88M->85M(628M) 28.531ms
[413.714s][info][gc          ] GC(839) Concurrent Mark Cycle
[413.714s][info][gc,marking  ] GC(839) Concurrent Scan Root Regions
[413.716s][info][gc,cpu      ] GC(838) User=0.06s Sys=0.01s Real=0.03s
[413.734s][info][gc,marking  ] GC(839) Concurrent Scan Root Regions 19.559ms
[413.734s][info][gc,marking  ] GC(839) Concurrent Mark
[413.734s][info][gc,marking  ] GC(839) Concurrent Mark From Roots
[413.734s][info][gc,task     ] GC(839) Using 1 workers of 1 for marking
[413.807s][info][gc,marking  ] GC(839) Concurrent Mark From Roots 73.081ms
[413.807s][info][gc,marking  ] GC(839) Concurrent Preclean
[413.807s][info][gc,marking  ] GC(839) Concurrent Preclean 0.055ms
[413.807s][info][gc,start    ] GC(839) Pause Remark
[413.824s][info][gc          ] GC(839) Pause Remark 144M->144M(450M) 17.362ms
[413.824s][info][gc,cpu      ] GC(839) User=0.03s Sys=0.00s Real=0.02s
[413.824s][info][gc,marking  ] GC(839) Concurrent Mark 90.848ms
[413.825s][info][gc,marking  ] GC(839) Concurrent Rebuild Remembered Sets and Scrub Regions
[413.876s][info][gc,marking  ] GC(839) Concurrent Rebuild Remembered Sets and Scrub Regions 51.840ms
[413.878s][info][gc,start    ] GC(839) Pause Cleanup
[413.878s][info][gc          ] GC(839) Pause Cleanup 170M->170M(450M) 0.073ms
[413.878s][info][gc,cpu      ] GC(839) User=0.00s Sys=0.00s Real=0.00s
[413.878s][info][gc,marking  ] GC(839) Concurrent Clear Claimed Marks
[413.879s][info][gc,marking  ] GC(839) Concurrent Clear Claimed Marks 0.071ms
[413.879s][info][gc,marking  ] GC(839) Concurrent Cleanup for Next Mark
[413.880s][info][gc,marking  ] GC(839) Concurrent Cleanup for Next Mark 1.717ms
[413.880s][info][gc          ] GC(839) Concurrent Mark Cycle 166.303ms
[414.582s][info][gc,start    ] GC(840) Pause Young (Prepare Mixed) (G1 Evacuation Pause)
[414.582s][info][gc,task     ] GC(840) Using 2 workers of 2 for evacuation
[414.636s][info][gc,phases   ] GC(840)   Pre Evacuate Collection Set: 0.25ms
[414.636s][info][gc,phases   ] GC(840)   Merge Heap Roots: 0.11ms
[414.636s][info][gc,phases   ] GC(840)   Evacuate Collection Set: 52.60ms
[414.636s][info][gc,phases   ] GC(840)   Post Evacuate Collection Set: 0.67ms
[414.636s][info][gc,phases   ] GC(840)   Other: 0.09ms
[414.636s][info][gc,heap     ] GC(840) Eden regions: 243->0(239)
[414.636s][info][gc,heap     ] GC(840) Survivor regions: 23->28(34)
[414.636s][info][gc,heap     ] GC(840) Old regions: 63->74
[414.636s][info][gc,heap     ] GC(840) Humongous regions: 121->1
[414.636s][info][gc,metaspace] GC(840) Metaspace: 42922K(43328K)->42922K(43328K) NonClass: 38568K(38848K)->38568K(38848K) Class: 4354K(4480K)->4354K(4480K)
[414.636s][info][gc          ] GC(840) Pause Young (Prepare Mixed) (G1 Evacuation Pause) 448M->101M(489M) 54.002ms
[414.636s][info][gc,cpu      ] GC(840) User=0.08s Sys=0.02s Real=0.05s
[415.209s][info][gc,start    ] GC(841) Pause Young (Mixed) (G1 Evacuation Pause)
[415.209s][info][gc,task     ] GC(841) Using 2 workers of 2 for evacuation
[415.241s][info][gc,phases   ] GC(841)   Pre Evacuate Collection Set: 0.23ms
[415.241s][info][gc,phases   ] GC(841)   Merge Heap Roots: 0.16ms
[415.241s][info][gc,phases   ] GC(841)   Evacuate Collection Set: 29.95ms
[415.241s][info][gc,phases   ] GC(841)   Post Evacuate Collection Set: 0.58ms
[415.241s][info][gc,phases   ] GC(841)   Other: 0.09ms
[415.241s][info][gc,heap     ] GC(841) Eden regions: 239->0(257)
[415.241s][info][gc,heap     ] GC(841) Survivor regions: 28->17(34)
[415.241s][info][gc,heap     ] GC(841) Old regions: 74->83
[415.241s][info][gc,heap     ] GC(841) Humongous regions: 1->1
[415.241s][info][gc,metaspace] GC(841) Metaspace: 42925K(43328K)->42925K(43328K) NonClass: 38571K(38848K)->38571K(38848K) Class: 4354K(4480K)->4354K(4480K)
[415.241s][info][gc          ] GC(841) Pause Young (Mixed) (G1 Evacuation Pause) 340M->99M(489M) 31.220ms
[415.241s][info][gc,cpu      ] GC(841) User=0.06s Sys=0.00s Real=0.03s
[415.885s][info][gc,start    ] GC(842) Pause Young (Concurrent Start) (G1 Evacuation Pause)
[415.885s][info][gc,task     ] GC(842) Using 2 workers of 2 for evacuation
[415.900s][info][gc,phases   ] GC(842)   Pre Evacuate Collection Set: 0.28ms
[415.900s][info][gc,phases   ] GC(842)   Merge Heap Roots: 0.12ms
[415.900s][info][gc,phases   ] GC(842)   Evacuate Collection Set: 14.28ms
[415.900s][info][gc,phases   ] GC(842)   Post Evacuate Collection Set: 0.73ms
[415.900s][info][gc,phases   ] GC(842)   Other: 0.11ms
[415.900s][info][gc,heap     ] GC(842) Eden regions: 257->0(272)
[415.900s][info][gc,heap     ] GC(842) Survivor regions: 17->18(35)
[415.900s][info][gc,heap     ] GC(842) Old regions: 83->83
[415.900s][info][gc,heap     ] GC(842) Humongous regions: 1->1
[415.900s][info][gc,metaspace] GC(842) Metaspace: 42958K(43328K)->42958K(43328K) NonClass: 38604K(38848K)->38604K(38848K) Class: 4354K(4480K)->4354K(4480K)
[415.900s][info][gc          ] GC(842) Pause Young (Concurrent Start) (G1 Evacuation Pause) 356M->100M(489M) 15.718ms
[415.901s][info][gc,cpu      ] GC(842) User=0.03s Sys=0.00s Real=0.01s
[415.901s][info][gc          ] GC(843) Concurrent Mark Cycle
[415.901s][info][gc,marking  ] GC(843) Concurrent Scan Root Regions
[415.919s][info][gc,marking  ] GC(843) Concurrent Scan Root Regions 18.608ms
[415.919s][info][gc,marking  ] GC(843) Concurrent Mark
[415.919s][info][gc,marking  ] GC(843) Concurrent Mark From Roots
[415.919s][info][gc,task     ] GC(843) Using 1 workers of 1 for marking
[416.041s][info][gc,marking  ] GC(843) Concurrent Mark From Roots 121.891ms
[416.041s][info][gc,marking  ] GC(843) Concurrent Preclean
[416.041s][info][gc,marking  ] GC(843) Concurrent Preclean 0.051ms
[416.041s][info][gc,start    ] GC(843) Pause Remark
[416.058s][info][gc          ] GC(843) Pause Remark 149M->147M(334M) 16.998ms
[416.058s][info][gc,cpu      ] GC(843) User=0.03s Sys=0.00s Real=0.01s
[416.059s][info][gc,marking  ] GC(843) Concurrent Mark 139.279ms
[416.059s][info][gc,marking  ] GC(843) Concurrent Rebuild Remembered Sets and Scrub Regions
[416.106s][info][gc,marking  ] GC(843) Concurrent Rebuild Remembered Sets and Scrub Regions 47.202ms
[416.106s][info][gc,start    ] GC(843) Pause Cleanup
[416.106s][info][gc          ] GC(843) Pause Cleanup 167M->167M(334M) 0.055ms
[416.106s][info][gc,cpu      ] GC(843) User=0.00s Sys=0.00s Real=0.00s
[416.106s][info][gc,marking  ] GC(843) Concurrent Clear Claimed Marks
[416.106s][info][gc,marking  ] GC(843) Concurrent Clear Claimed Marks 0.042ms
[416.106s][info][gc,marking  ] GC(843) Concurrent Cleanup for Next Mark
[416.107s][info][gc,marking  ] GC(843) Concurrent Cleanup for Next Mark 1.166ms
[416.107s][info][gc          ] GC(843) Concurrent Mark Cycle 206.732ms
[416.386s][info][gc,start    ] GC(844) Pause Young (Prepare Mixed) (G1 Evacuation Pause)
[416.386s][info][gc,task     ] GC(844) Using 2 workers of 2 for evacuation
[416.401s][info][gc,phases   ] GC(844)   Pre Evacuate Collection Set: 0.19ms
[416.401s][info][gc,phases   ] GC(844)   Merge Heap Roots: 0.10ms
[416.401s][info][gc,phases   ] GC(844)   Evacuate Collection Set: 13.44ms
[416.401s][info][gc,phases   ] GC(844)   Post Evacuate Collection Set: 0.47ms
[416.401s][info][gc,phases   ] GC(844)   Other: 0.08ms
[416.401s][info][gc,heap     ] GC(844) Eden regions: 182->0(176)
[416.401s][info][gc,heap     ] GC(844) Survivor regions: 18->6(25)
[416.401s][info][gc,heap     ] GC(844) Old regions: 81->94
[416.401s][info][gc,heap     ] GC(844) Humongous regions: 1->1
[416.401s][info][gc,metaspace] GC(844) Metaspace: 42958K(43328K)->42958K(43328K) NonClass: 38604K(38848K)->38604K(38848K) Class: 4354K(4480K)->4354K(4480K)
[416.401s][info][gc          ] GC(844) Pause Young (Prepare Mixed) (G1 Evacuation Pause) 280M->99M(334M) 14.498ms
[416.401s][info][gc,cpu      ] GC(844) User=0.03s Sys=0.00s Real=0.01s
[416.897s][info][gc,start    ] GC(845) Pause Young (Mixed) (G1 Evacuation Pause)
[416.897s][info][gc,task     ] GC(845) Using 2 workers of 2 for evacuation
[416.902s][info][gc,phases   ] GC(845)   Pre Evacuate Collection Set: 0.19ms
[416.902s][info][gc,phases   ] GC(845)   Merge Heap Roots: 0.10ms
[416.902s][info][gc,phases   ] GC(845)   Evacuate Collection Set: 3.48ms
[416.902s][info][gc,phases   ] GC(845)   Post Evacuate Collection Set: 0.52ms
[416.902s][info][gc,phases   ] GC(845)   Other: 0.08ms
[416.902s][info][gc,heap     ] GC(845) Eden regions: 176->0(187)
[416.902s][info][gc,heap     ] GC(845) Survivor regions: 6->5(23)
[416.902s][info][gc,heap     ] GC(845) Old regions: 94->90
[416.902s][info][gc,heap     ] GC(845) Humongous regions: 1->1
[416.902s][info][gc,metaspace] GC(845) Metaspace: 42961K(43328K)->42961K(43328K) NonClass: 38607K(38848K)->38607K(38848K) Class: 4354K(4480K)->4354K(4480K)
[416.902s][info][gc          ] GC(845) Pause Young (Mixed) (G1 Evacuation Pause) 275M->95M(334M) 4.597ms
[416.902s][info][gc,cpu      ] GC(845) User=0.00s Sys=0.00s Real=0.01s
[417.496s][info][gc,start    ] GC(846) Pause Young (Concurrent Start) (G1 Evacuation Pause)
[417.496s][info][gc,task     ] GC(846) Using 2 workers of 2 for evacuation
[417.499s][info][gc,phases   ] GC(846)   Pre Evacuate Collection Set: 0.19ms
[417.499s][info][gc,phases   ] GC(846)   Merge Heap Roots: 0.07ms
[417.499s][info][gc,phases   ] GC(846)   Evacuate Collection Set: 2.72ms
[417.499s][info][gc,phases   ] GC(846)   Post Evacuate Collection Set: 0.53ms
[417.499s][info][gc,phases   ] GC(846)   Other: 0.11ms
[417.499s][info][gc,heap     ] GC(846) Eden regions: 187->0(197)
[417.499s][info][gc,heap     ] GC(846) Survivor regions: 5->2(24)
[417.499s][info][gc,heap     ] GC(846) Old regions: 90->90
[417.499s][info][gc,heap     ] GC(846) Humongous regions: 1->1
[417.499s][info][gc,metaspace] GC(846) Metaspace: 42978K(43392K)->42978K(43392K) NonClass: 38624K(38912K)->38624K(38912K) Class: 4354K(4480K)->4354K(4480K)
[417.499s][info][gc          ] GC(846) Pause Young (Concurrent Start) (G1 Evacuation Pause) 282M->91M(334M) 3.798ms
[417.499s][info][gc,cpu      ] GC(846) User=0.01s Sys=0.00s Real=0.00s
[417.499s][info][gc          ] GC(847) Concurrent Mark Cycle
[417.501s][info][gc,marking  ] GC(847) Concurrent Scan Root Regions
[417.503s][info][gc,marking  ] GC(847) Concurrent Scan Root Regions 2.037ms
[417.503s][info][gc,marking  ] GC(847) Concurrent Mark
[417.503s][info][gc,marking  ] GC(847) Concurrent Mark From Roots
[417.503s][info][gc,task     ] GC(847) Using 1 workers of 1 for marking
[417.575s][info][gc,marking  ] GC(847) Concurrent Mark From Roots 71.543ms
[417.575s][info][gc,marking  ] GC(847) Concurrent Preclean
[417.575s][info][gc,marking  ] GC(847) Concurrent Preclean 0.213ms
[417.575s][info][gc,start    ] GC(847) Pause Remark
[417.592s][info][gc          ] GC(847) Pause Remark 101M->89M(270M) 17.449ms
[417.593s][info][gc,cpu      ] GC(847) User=0.03s Sys=0.00s Real=0.02s
[417.593s][info][gc,marking  ] GC(847) Concurrent Mark 89.901ms
[417.593s][info][gc,marking  ] GC(847) Concurrent Rebuild Remembered Sets and Scrub Regions
[417.620s][info][gc,marking  ] GC(847) Concurrent Rebuild Remembered Sets and Scrub Regions 27.182ms
[417.620s][info][gc,start    ] GC(847) Pause Cleanup
[417.620s][info][gc          ] GC(847) Pause Cleanup 92M->92M(270M) 0.061ms
[417.620s][info][gc,cpu      ] GC(847) User=0.00s Sys=0.00s Real=0.00s
[417.620s][info][gc,marking  ] GC(847) Concurrent Clear Claimed Marks
[417.620s][info][gc,marking  ] GC(847) Concurrent Clear Claimed Marks 0.039ms
[417.620s][info][gc,marking  ] GC(847) Concurrent Cleanup for Next Mark
[417.621s][info][gc,marking  ] GC(847) Concurrent Cleanup for Next Mark 1.012ms
[417.622s][info][gc          ] GC(847) Concurrent Mark Cycle 122.028ms
[418.637s][info][gc,start    ] GC(848) Pause Young (Prepare Mixed) (G1 Evacuation Pause)
[418.637s][info][gc,task     ] GC(848) Using 2 workers of 2 for evacuation
[418.653s][info][gc,phases   ] GC(848)   Pre Evacuate Collection Set: 0.19ms
[418.653s][info][gc,phases   ] GC(848)   Merge Heap Roots: 0.11ms
[418.653s][info][gc,phases   ] GC(848)   Evacuate Collection Set: 14.70ms
[418.653s][info][gc,phases   ] GC(848)   Post Evacuate Collection Set: 0.48ms
[418.653s][info][gc,phases   ] GC(848)   Other: 0.09ms
[418.653s][info][gc,heap     ] GC(848) Eden regions: 160->0(144)
[418.653s][info][gc,heap     ] GC(848) Survivor regions: 2->12(21)
[418.653s][info][gc,heap     ] GC(848) Old regions: 78->78
[418.653s][info][gc,heap     ] GC(848) Humongous regions: 11->1
[418.653s][info][gc,metaspace] GC(848) Metaspace: 43004K(43392K)->43004K(43392K) NonClass: 38650K(38912K)->38650K(38912K) Class: 4354K(4480K)->4354K(4480K)
[418.653s][info][gc          ] GC(848) Pause Young (Prepare Mixed) (G1 Evacuation Pause) 249M->90M(270M) 15.765ms
[418.653s][info][gc,cpu      ] GC(848) User=0.03s Sys=0.00s Real=0.02s
[419.198s][info][gc,start    ] GC(849) Pause Young (Mixed) (G1 Evacuation Pause)
[419.198s][info][gc,task     ] GC(849) Using 2 workers of 2 for evacuation
[419.223s][info][gc,phases   ] GC(849)   Pre Evacuate Collection Set: 0.18ms
[419.223s][info][gc,phases   ] GC(849)   Merge Heap Roots: 0.14ms
[419.223s][info][gc,phases   ] GC(849)   Evacuate Collection Set: 23.80ms
[419.223s][info][gc,phases   ] GC(849)   Post Evacuate Collection Set: 0.51ms
[419.223s][info][gc,phases   ] GC(849)   Other: 0.08ms
[419.223s][info][gc,heap     ] GC(849) Eden regions: 144->0(146)
[419.223s][info][gc,heap     ] GC(849) Survivor regions: 12->16(20)
[419.223s][info][gc,heap     ] GC(849) Old regions: 78->59
[419.223s][info][gc,heap     ] GC(849) Humongous regions: 4->4
[419.223s][info][gc,metaspace] GC(849) Metaspace: 43004K(43392K)->43004K(43392K) NonClass: 38650K(38912K)->38650K(38912K) Class: 4354K(4480K)->4354K(4480K)
[419.223s][info][gc          ] GC(849) Pause Young (Mixed) (G1 Evacuation Pause) 237M->78M(270M) 24.905ms
[419.223s][info][gc,cpu      ] GC(849) User=0.05s Sys=0.00s Real=0.03s
[419.571s][info][gc,start    ] GC(850) Pause Young (Mixed) (G1 Evacuation Pause)
[419.571s][info][gc,task     ] GC(850) Using 2 workers of 2 for evacuation
[419.605s][info][gc,phases   ] GC(850)   Pre Evacuate Collection Set: 0.17ms
[419.605s][info][gc,phases   ] GC(850)   Merge Heap Roots: 0.14ms
[419.605s][info][gc,phases   ] GC(850)   Evacuate Collection Set: 33.41ms
[419.605s][info][gc,phases   ] GC(850)   Post Evacuate Collection Set: 0.55ms
[419.605s][info][gc,phases   ] GC(850)   Other: 0.08ms
[419.605s][info][gc,heap     ] GC(850) Eden regions: 146->0(138)
[419.605s][info][gc,heap     ] GC(850) Survivor regions: 16->16(21)
[419.605s][info][gc,heap     ] GC(850) Old regions: 59->73
[419.605s][info][gc,heap     ] GC(850) Humongous regions: 4->4
[419.605s][info][gc,metaspace] GC(850) Metaspace: 43004K(43392K)->43004K(43392K) NonClass: 38650K(38912K)->38650K(38912K) Class: 4354K(4480K)->4354K(4480K)
[419.605s][info][gc          ] GC(850) Pause Young (Mixed) (G1 Evacuation Pause) 224M->92M(270M) 34.596ms
[419.605s][info][gc,cpu      ] GC(850) User=0.06s Sys=0.00s Real=0.04s
[419.638s][info][gc,start    ] GC(851) Pause Young (Concurrent Start) (G1 Humongous Allocation)
[419.638s][info][gc,task     ] GC(851) Using 2 workers of 2 for evacuation
[419.653s][info][gc,phases   ] GC(851)   Pre Evacuate Collection Set: 0.20ms
[419.653s][info][gc,phases   ] GC(851)   Merge Heap Roots: 0.05ms
[419.653s][info][gc,phases   ] GC(851)   Evacuate Collection Set: 13.99ms
[419.653s][info][gc,phases   ] GC(851)   Post Evacuate Collection Set: 0.30ms
[419.653s][info][gc,phases   ] GC(851)   Other: 0.14ms
[419.653s][info][gc,heap     ] GC(851) Eden regions: 13->0(136)
[419.653s][info][gc,heap     ] GC(851) Survivor regions: 16->2(20)
[419.653s][info][gc,heap     ] GC(851) Old regions: 73->89
[419.653s][info][gc,heap     ] GC(851) Humongous regions: 4->4
[419.653s][info][gc,metaspace] GC(851) Metaspace: 43004K(43392K)->43004K(43392K) NonClass: 38650K(38912K)->38650K(38912K) Class: 4354K(4480K)->4354K(4480K)
[419.653s][info][gc          ] GC(851) Pause Young (Concurrent Start) (G1 Humongous Allocation) 105M->95M(270M) 14.884ms
[419.653s][info][gc,cpu      ] GC(851) User=0.02s Sys=0.00s Real=0.02s
[419.653s][info][gc          ] GC(852) Concurrent Mark Cycle
[419.653s][info][gc,marking  ] GC(852) Concurrent Scan Root Regions
[419.678s][info][gc,marking  ] GC(852) Concurrent Scan Root Regions 24.854ms
[419.678s][info][gc,marking  ] GC(852) Concurrent Mark
[419.678s][info][gc,marking  ] GC(852) Concurrent Mark From Roots
[419.678s][info][gc,task     ] GC(852) Using 1 workers of 1 for marking
[419.845s][info][gc,marking  ] GC(852) Concurrent Mark From Roots 166.695ms
[419.845s][info][gc,marking  ] GC(852) Concurrent Preclean
[419.845s][info][gc,marking  ] GC(852) Concurrent Preclean 0.126ms
[419.845s][info][gc,start    ] GC(852) Pause Remark
[419.864s][info][gc          ] GC(852) Pause Remark 140M->136M(270M) 18.520ms
[419.864s][info][gc,cpu      ] GC(852) User=0.04s Sys=0.00s Real=0.02s
[419.864s][info][gc,marking  ] GC(852) Concurrent Mark 185.768ms
[419.864s][info][gc,marking  ] GC(852) Concurrent Rebuild Remembered Sets and Scrub Regions
[419.958s][info][gc,marking  ] GC(852) Concurrent Rebuild Remembered Sets and Scrub Regions 93.593ms
[419.958s][info][gc,start    ] GC(852) Pause Cleanup
[419.958s][info][gc          ] GC(852) Pause Cleanup 175M->175M(270M) 0.051ms
[419.958s][info][gc,cpu      ] GC(852) User=0.00s Sys=0.00s Real=0.00s
[419.958s][info][gc,marking  ] GC(852) Concurrent Clear Claimed Marks
[419.958s][info][gc,marking  ] GC(852) Concurrent Clear Claimed Marks 0.040ms
[419.958s][info][gc,marking  ] GC(852) Concurrent Cleanup for Next Mark
[419.959s][info][gc,marking  ] GC(852) Concurrent Cleanup for Next Mark 0.807ms
[419.959s][info][gc          ] GC(852) Concurrent Mark Cycle 305.479ms
[420.090s][info][gc,start    ] GC(853) Pause Young (Prepare Mixed) (G1 Evacuation Pause)
[420.090s][info][gc,task     ] GC(853) Using 2 workers of 2 for evacuation
[420.112s][info][gc,phases   ] GC(853)   Pre Evacuate Collection Set: 0.27ms
[420.112s][info][gc,phases   ] GC(853)   Merge Heap Roots: 0.15ms
[420.112s][info][gc,phases   ] GC(853)   Evacuate Collection Set: 20.88ms
[420.112s][info][gc,phases   ] GC(853)   Post Evacuate Collection Set: 0.42ms
[420.112s][info][gc,phases   ] GC(853)   Other: 0.09ms
[420.112s][info][gc,heap     ] GC(853) Eden regions: 136->0(126)
[420.112s][info][gc,heap     ] GC(853) Survivor regions: 2->16(18)
[420.112s][info][gc,heap     ] GC(853) Old regions: 85->85
[420.112s][info][gc,heap     ] GC(853) Humongous regions: 6->6
[420.112s][info][gc,metaspace] GC(853) Metaspace: 43004K(43392K)->43004K(43392K) NonClass: 38650K(38912K)->38650K(38912K) Class: 4354K(4480K)->4354K(4480K)
[420.112s][info][gc          ] GC(853) Pause Young (Prepare Mixed) (G1 Evacuation Pause) 229M->107M(270M) 22.009ms
[420.112s][info][gc,cpu      ] GC(853) User=0.04s Sys=0.00s Real=0.03s
[420.402s][info][gc,start    ] GC(854) Pause Young (Mixed) (G1 Evacuation Pause)
[420.402s][info][gc,task     ] GC(854) Using 2 workers of 2 for evacuation
[420.444s][info][gc,phases   ] GC(854)   Pre Evacuate Collection Set: 0.18ms
[420.444s][info][gc,phases   ] GC(854)   Merge Heap Roots: 0.23ms
[420.444s][info][gc,phases   ] GC(854)   Evacuate Collection Set: 40.82ms
[420.444s][info][gc,phases   ] GC(854)   Post Evacuate Collection Set: 0.52ms
[420.444s][info][gc,phases   ] GC(854)   Other: 0.07ms
[420.444s][info][gc,heap     ] GC(854) Eden regions: 126->0(125)
[420.444s][info][gc,heap     ] GC(854) Survivor regions: 16->14(18)
[420.444s][info][gc,heap     ] GC(854) Old regions: 85->89
[420.444s][info][gc,heap     ] GC(854) Humongous regions: 6->6
[420.444s][info][gc,metaspace] GC(854) Metaspace: 43005K(43392K)->43005K(43392K) NonClass: 38650K(38912K)->38650K(38912K) Class: 4354K(4480K)->4354K(4480K)
[420.444s][info][gc          ] GC(854) Pause Young (Mixed) (G1 Evacuation Pause) 233M->108M(270M) 42.031ms
[420.444s][info][gc,cpu      ] GC(854) User=0.08s Sys=0.00s Real=0.04s
[420.519s][info][gc,start    ] GC(855) Pause Young (Concurrent Start) (G1 Humongous Allocation)
[420.519s][info][gc,task     ] GC(855) Using 2 workers of 2 for evacuation
[420.541s][info][gc,phases   ] GC(855)   Pre Evacuate Collection Set: 0.18ms
[420.541s][info][gc,phases   ] GC(855)   Merge Heap Roots: 0.07ms
[420.541s][info][gc,phases   ] GC(855)   Evacuate Collection Set: 20.87ms
[420.541s][info][gc,phases   ] GC(855)   Post Evacuate Collection Set: 1.16ms
[420.541s][info][gc,phases   ] GC(855)   Other: 0.12ms
[420.541s][info][gc,heap     ] GC(855) Eden regions: 31->0(211)
[420.541s][info][gc,heap     ] GC(855) Survivor regions: 14->6(18)
[420.541s][info][gc,heap     ] GC(855) Old regions: 89->102
[420.541s][info][gc,heap     ] GC(855) Humongous regions: 6->6
[420.541s][info][gc,metaspace] GC(855) Metaspace: 43005K(43392K)->43005K(43392K) NonClass: 38650K(38912K)->38650K(38912K) Class: 4354K(4480K)->4354K(4480K)
[420.541s][info][gc          ] GC(855) Pause Young (Concurrent Start) (G1 Humongous Allocation) 138M->114M(376M) 22.617ms
[420.541s][info][gc,cpu      ] GC(855) User=0.05s Sys=0.00s Real=0.03s
[420.541s][info][gc          ] GC(856) Concurrent Mark Cycle
[420.541s][info][gc,marking  ] GC(856) Concurrent Scan Root Regions
[420.582s][info][gc,marking  ] GC(856) Concurrent Scan Root Regions 40.351ms
[420.582s][info][gc,marking  ] GC(856) Concurrent Mark
[420.582s][info][gc,marking  ] GC(856) Concurrent Mark From Roots
[420.582s][info][gc,task     ] GC(856) Using 1 workers of 1 for marking
[420.745s][info][gc,marking  ] GC(856) Concurrent Mark From Roots 163.426ms
[420.745s][info][gc,marking  ] GC(856) Concurrent Preclean
[420.745s][info][gc,marking  ] GC(856) Concurrent Preclean 0.104ms
[420.745s][info][gc,start    ] GC(856) Pause Remark
[420.765s][info][gc          ] GC(856) Pause Remark 160M->159M(376M) 19.841ms
[420.765s][info][gc,cpu      ] GC(856) User=0.04s Sys=0.00s Real=0.02s
[420.765s][info][gc,marking  ] GC(856) Concurrent Mark 183.707ms
[420.765s][info][gc,marking  ] GC(856) Concurrent Rebuild Remembered Sets and Scrub Regions
[420.919s][info][gc,marking  ] GC(856) Concurrent Rebuild Remembered Sets and Scrub Regions 153.788ms
[420.921s][info][gc,start    ] GC(856) Pause Cleanup
[420.921s][info][gc          ] GC(856) Pause Cleanup 197M->197M(376M) 0.071ms
[420.921s][info][gc,cpu      ] GC(856) User=0.00s Sys=0.00s Real=0.00s
[420.921s][info][gc,marking  ] GC(856) Concurrent Clear Claimed Marks
[420.921s][info][gc,marking  ] GC(856) Concurrent Clear Claimed Marks 0.057ms
[420.921s][info][gc,marking  ] GC(856) Concurrent Cleanup for Next Mark
[420.927s][info][gc,marking  ] GC(856) Concurrent Cleanup for Next Mark 5.914ms
[420.927s][info][gc          ] GC(856) Concurrent Mark Cycle 386.227ms
[424.010s][info][gc,start    ] GC(857) Pause Young (Prepare Mixed) (G1 Evacuation Pause)
[424.010s][info][gc,task     ] GC(857) Using 2 workers of 2 for evacuation
[424.040s][info][gc,phases   ] GC(857)   Pre Evacuate Collection Set: 0.20ms
[424.040s][info][gc,phases   ] GC(857)   Merge Heap Roots: 0.14ms
[424.040s][info][gc,phases   ] GC(857)   Evacuate Collection Set: 29.59ms
[424.040s][info][gc,phases   ] GC(857)   Post Evacuate Collection Set: 0.53ms
[424.040s][info][gc,phases   ] GC(857)   Other: 0.07ms
[424.040s][info][gc,heap     ] GC(857) Eden regions: 211->0(198)
[424.040s][info][gc,heap     ] GC(857) Survivor regions: 6->21(28)
[424.040s][info][gc,heap     ] GC(857) Old regions: 102->102
[424.040s][info][gc,heap     ] GC(857) Humongous regions: 13->7
[424.040s][info][gc,metaspace] GC(857) Metaspace: 43007K(43392K)->43007K(43392K) NonClass: 38653K(38912K)->38653K(38912K) Class: 4354K(4480K)->4354K(4480K)
[424.040s][info][gc          ] GC(857) Pause Young (Prepare Mixed) (G1 Evacuation Pause) 332M->130M(376M) 30.719ms
[424.040s][info][gc,cpu      ] GC(857) User=0.06s Sys=0.00s Real=0.03s
[424.728s][info][gc,start    ] GC(858) Pause Young (Mixed) (G1 Evacuation Pause)
[424.728s][info][gc,task     ] GC(858) Using 2 workers of 2 for evacuation
[424.766s][info][gc,phases   ] GC(858)   Pre Evacuate Collection Set: 0.24ms
[424.766s][info][gc,phases   ] GC(858)   Merge Heap Roots: 0.38ms
[424.766s][info][gc,phases   ] GC(858)   Evacuate Collection Set: 36.96ms
[424.766s][info][gc,phases   ] GC(858)   Post Evacuate Collection Set: 0.52ms
[424.766s][info][gc,phases   ] GC(858)   Other: 0.10ms
[424.766s][info][gc,heap     ] GC(858) Eden regions: 198->0(201)
[424.766s][info][gc,heap     ] GC(858) Survivor regions: 21->5(28)
[424.766s][info][gc,heap     ] GC(858) Old regions: 102->120
[424.766s][info][gc,heap     ] GC(858) Humongous regions: 9->9
[424.766s][info][gc,metaspace] GC(858) Metaspace: 43016K(43392K)->43016K(43392K) NonClass: 38661K(38912K)->38661K(38912K) Class: 4354K(4480K)->4354K(4480K)
[424.766s][info][gc          ] GC(858) Pause Young (Mixed) (G1 Evacuation Pause) 330M->133M(376M) 38.425ms
[424.766s][info][gc,cpu      ] GC(858) User=0.08s Sys=0.00s Real=0.04s
[425.029s][info][gc,start    ] GC(859) Pause Young (Concurrent Start) (G1 Humongous Allocation)
[425.029s][info][gc,task     ] GC(859) Using 2 workers of 2 for evacuation
[425.047s][info][gc,phases   ] GC(859)   Pre Evacuate Collection Set: 0.22ms
[425.047s][info][gc,phases   ] GC(859)   Merge Heap Roots: 0.06ms
[425.047s][info][gc,phases   ] GC(859)   Evacuate Collection Set: 17.90ms
[425.047s][info][gc,phases   ] GC(859)   Post Evacuate Collection Set: 0.42ms
[425.047s][info][gc,phases   ] GC(859)   Other: 0.11ms
[425.047s][info][gc,heap     ] GC(859) Eden regions: 105->0(186)
[425.047s][info][gc,heap     ] GC(859) Survivor regions: 5->18(26)
[425.047s][info][gc,heap     ] GC(859) Old regions: 120->120
[425.047s][info][gc,heap     ] GC(859) Humongous regions: 9->9
[425.047s][info][gc,metaspace] GC(859) Metaspace: 43016K(43392K)->43016K(43392K) NonClass: 38661K(38912K)->38661K(38912K) Class: 4354K(4480K)->4354K(4480K)
[425.047s][info][gc          ] GC(859) Pause Young (Concurrent Start) (G1 Humongous Allocation) 238M->146M(376M) 18.906ms
[425.047s][info][gc          ] GC(860) Concurrent Mark Cycle
[425.048s][info][gc,marking  ] GC(860) Concurrent Scan Root Regions
[425.048s][info][gc,cpu      ] GC(859) User=0.03s Sys=0.00s Real=0.02s
[425.059s][info][gc,marking  ] GC(860) Concurrent Scan Root Regions 11.174ms
[425.059s][info][gc,marking  ] GC(860) Concurrent Mark
[425.059s][info][gc,marking  ] GC(860) Concurrent Mark From Roots
[425.059s][info][gc,task     ] GC(860) Using 1 workers of 1 for marking
[425.086s][info][gc,marking  ] GC(860) Concurrent Mark From Roots 27.142ms
[425.086s][info][gc,marking  ] GC(860) Concurrent Preclean
[425.086s][info][gc,marking  ] GC(860) Concurrent Preclean 0.063ms
[425.086s][info][gc,start    ] GC(860) Pause Remark
[425.104s][info][gc          ] GC(860) Pause Remark 160M->78M(256M) 17.270ms
[425.104s][info][gc,cpu      ] GC(860) User=0.03s Sys=0.00s Real=0.02s
[425.104s][info][gc,marking  ] GC(860) Concurrent Mark 44.886ms
[425.104s][info][gc,marking  ] GC(860) Concurrent Rebuild Remembered Sets and Scrub Regions
[425.127s][info][gc,marking  ] GC(860) Concurrent Rebuild Remembered Sets and Scrub Regions 23.594ms
[425.127s][info][gc,start    ] GC(860) Pause Cleanup
[425.127s][info][gc          ] GC(860) Pause Cleanup 87M->87M(256M) 0.047ms
[425.127s][info][gc,cpu      ] GC(860) User=0.00s Sys=0.00s Real=0.00s
[425.127s][info][gc,marking  ] GC(860) Concurrent Clear Claimed Marks
[425.128s][info][gc,marking  ] GC(860) Concurrent Clear Claimed Marks 0.037ms
[425.128s][info][gc,marking  ] GC(860) Concurrent Cleanup for Next Mark
[425.128s][info][gc,marking  ] GC(860) Concurrent Cleanup for Next Mark 0.735ms
[425.128s][info][gc          ] GC(860) Concurrent Mark Cycle 80.770ms
[425.411s][info][gc,start    ] GC(861) Pause Young (Prepare Mixed) (G1 Evacuation Pause)
[425.411s][info][gc,task     ] GC(861) Using 2 workers of 2 for evacuation
[425.446s][info][gc,phases   ] GC(861)   Pre Evacuate Collection Set: 0.20ms
[425.446s][info][gc,phases   ] GC(861)   Merge Heap Roots: 0.07ms
[425.446s][info][gc,phases   ] GC(861)   Evacuate Collection Set: 34.37ms
[425.446s][info][gc,phases   ] GC(861)   Post Evacuate Collection Set: 0.42ms
[425.446s][info][gc,phases   ] GC(861)   Other: 0.07ms
[425.446s][info][gc,heap     ] GC(861) Eden regions: 135->0(136)
[425.446s][info][gc,heap     ] GC(861) Survivor regions: 18->17(20)
[425.446s][info][gc,heap     ] GC(861) Old regions: 44->61
[425.446s][info][gc,heap     ] GC(861) Humongous regions: 4->4
[425.446s][info][gc,metaspace] GC(861) Metaspace: 43016K(43392K)->43016K(43392K) NonClass: 38661K(38912K)->38661K(38912K) Class: 4354K(4480K)->4354K(4480K)
[425.446s][info][gc          ] GC(861) Pause Young (Prepare Mixed) (G1 Evacuation Pause) 200M->81M(256M) 35.365ms
[425.446s][info][gc,cpu      ] GC(861) User=0.06s Sys=0.00s Real=0.04s
[425.792s][info][gc,start    ] GC(862) Pause Young (Mixed) (G1 Evacuation Pause)
[425.792s][info][gc,task     ] GC(862) Using 2 workers of 2 for evacuation
[425.828s][info][gc,phases   ] GC(862)   Pre Evacuate Collection Set: 0.23ms
[425.828s][info][gc,phases   ] GC(862)   Merge Heap Roots: 0.13ms
[425.828s][info][gc,phases   ] GC(862)   Evacuate Collection Set: 34.55ms
[425.828s][info][gc,phases   ] GC(862)   Post Evacuate Collection Set: 0.46ms
[425.828s][info][gc,phases   ] GC(862)   Other: 0.07ms
[425.828s][info][gc,heap     ] GC(862) Eden regions: 136->0(131)
[425.828s][info][gc,heap     ] GC(862) Survivor regions: 17->16(20)
[425.828s][info][gc,heap     ] GC(862) Old regions: 61->67
[425.828s][info][gc,heap     ] GC(862) Humongous regions: 6->6
[425.828s][info][gc,metaspace] GC(862) Metaspace: 43016K(43392K)->43016K(43392K) NonClass: 38661K(38912K)->38661K(38912K) Class: 4354K(4480K)->4354K(4480K)
[425.828s][info][gc          ] GC(862) Pause Young (Mixed) (G1 Evacuation Pause) 219M->88M(256M) 35.645ms
[425.828s][info][gc,cpu      ] GC(862) User=0.07s Sys=0.00s Real=0.03s
[426.151s][info][gc,start    ] GC(863) Pause Young (Concurrent Start) (G1 Evacuation Pause)
[426.151s][info][gc,task     ] GC(863) Using 2 workers of 2 for evacuation
[426.187s][info][gc,phases   ] GC(863)   Pre Evacuate Collection Set: 0.21ms
[426.187s][info][gc,phases   ] GC(863)   Merge Heap Roots: 0.10ms
[426.187s][info][gc,phases   ] GC(863)   Evacuate Collection Set: 35.19ms
[426.187s][info][gc,phases   ] GC(863)   Post Evacuate Collection Set: 0.42ms
[426.187s][info][gc,phases   ] GC(863)   Other: 0.12ms
[426.187s][info][gc,heap     ] GC(863) Eden regions: 131->0(118)
[426.187s][info][gc,heap     ] GC(863) Survivor regions: 16->16(19)
[426.187s][info][gc,heap     ] GC(863) Old regions: 67->83
[426.187s][info][gc,heap     ] GC(863) Humongous regions: 6->6
[426.187s][info][gc,metaspace] GC(863) Metaspace: 43016K(43392K)->43016K(43392K) NonClass: 38661K(38912K)->38661K(38912K) Class: 4354K(4480K)->4354K(4480K)
[426.187s][info][gc          ] GC(863) Pause Young (Concurrent Start) (G1 Evacuation Pause) 219M->103M(256M) 36.303ms
[426.187s][info][gc,cpu      ] GC(863) User=0.07s Sys=0.00s Real=0.04s
[426.187s][info][gc          ] GC(864) Concurrent Mark Cycle
[426.187s][info][gc,marking  ] GC(864) Concurrent Scan Root Regions
[426.214s][info][gc,marking  ] GC(864) Concurrent Scan Root Regions 26.874ms
[426.214s][info][gc,marking  ] GC(864) Concurrent Mark
[426.214s][info][gc,marking  ] GC(864) Concurrent Mark From Roots
[426.214s][info][gc,task     ] GC(864) Using 1 workers of 1 for marking
[426.289s][info][gc,marking  ] GC(864) Concurrent Mark From Roots 75.093ms
[426.290s][info][gc,marking  ] GC(864) Concurrent Preclean
[426.290s][info][gc,marking  ] GC(864) Concurrent Preclean 0.044ms
[426.290s][info][gc,start    ] GC(864) Pause Remark
[426.307s][info][gc          ] GC(864) Pause Remark 129M->128M(256M) 17.550ms
[426.307s][info][gc,cpu      ] GC(864) User=0.04s Sys=0.00s Real=0.02s
[426.307s][info][gc,marking  ] GC(864) Concurrent Mark 93.009ms
[426.307s][info][gc,marking  ] GC(864) Concurrent Rebuild Remembered Sets and Scrub Regions
[426.362s][info][gc,marking  ] GC(864) Concurrent Rebuild Remembered Sets and Scrub Regions 54.320ms
[426.362s][info][gc,start    ] GC(864) Pause Cleanup
[426.362s][info][gc          ] GC(864) Pause Cleanup 148M->148M(256M) 0.047ms
[426.362s][info][gc,cpu      ] GC(864) User=0.00s Sys=0.00s Real=0.00s
[426.362s][info][gc,marking  ] GC(864) Concurrent Clear Claimed Marks
[426.362s][info][gc,marking  ] GC(864) Concurrent Clear Claimed Marks 0.043ms
[426.362s][info][gc,marking  ] GC(864) Concurrent Cleanup for Next Mark
[426.363s][info][gc,marking  ] GC(864) Concurrent Cleanup for Next Mark 0.737ms
[426.363s][info][gc          ] GC(864) Concurrent Mark Cycle 175.380ms
[426.553s][info][gc,start    ] GC(865) Pause Young (Prepare Mixed) (G1 Evacuation Pause)
[426.553s][info][gc,task     ] GC(865) Using 2 workers of 2 for evacuation
[426.592s][info][gc,phases   ] GC(865)   Pre Evacuate Collection Set: 0.16ms
[426.592s][info][gc,phases   ] GC(865)   Merge Heap Roots: 0.12ms
[426.592s][info][gc,phases   ] GC(865)   Evacuate Collection Set: 38.06ms
[426.592s][info][gc,phases   ] GC(865)   Post Evacuate Collection Set: 0.43ms
[426.592s][info][gc,phases   ] GC(865)   Other: 0.07ms
[426.592s][info][gc,heap     ] GC(865) Eden regions: 118->0(106)
[426.592s][info][gc,heap     ] GC(865) Survivor regions: 16->14(17)
[426.592s][info][gc,heap     ] GC(865) Old regions: 82->97
[426.592s][info][gc,heap     ] GC(865) Humongous regions: 9->9
[426.592s][info][gc,metaspace] GC(865) Metaspace: 43016K(43392K)->43016K(43392K) NonClass: 38661K(38912K)->38661K(38912K) Class: 4354K(4480K)->4354K(4480K)
[426.592s][info][gc          ] GC(865) Pause Young (Prepare Mixed) (G1 Evacuation Pause) 224M->120M(256M) 39.066ms
[426.592s][info][gc,cpu      ] GC(865) User=0.08s Sys=0.00s Real=0.04s
[427.764s][info][gc,start    ] GC(866) Pause Young (Mixed) (G1 Evacuation Pause)
[427.764s][info][gc,task     ] GC(866) Using 2 workers of 2 for evacuation
[427.817s][info][gc,phases   ] GC(866)   Pre Evacuate Collection Set: 0.18ms
[427.817s][info][gc,phases   ] GC(866)   Merge Heap Roots: 0.19ms
[427.817s][info][gc,phases   ] GC(866)   Evacuate Collection Set: 51.48ms
[427.817s][info][gc,phases   ] GC(866)   Post Evacuate Collection Set: 0.46ms
[427.817s][info][gc,phases   ] GC(866)   Other: 0.09ms
[427.817s][info][gc,heap     ] GC(866) Eden regions: 106->0(101)
[427.817s][info][gc,heap     ] GC(866) Survivor regions: 14->10(15)
[427.817s][info][gc,heap     ] GC(866) Old regions: 97->104
[427.817s][info][gc,heap     ] GC(866) Humongous regions: 17->15
[427.817s][info][gc,metaspace] GC(866) Metaspace: 43016K(43392K)->43016K(43392K) NonClass: 38661K(38912K)->38661K(38912K) Class: 4354K(4480K)->4354K(4480K)
[427.817s][info][gc          ] GC(866) Pause Young (Mixed) (G1 Evacuation Pause) 234M->128M(258M) 52.640ms
[427.817s][info][gc,cpu      ] GC(866) User=0.08s Sys=0.00s Real=0.05s
[428.202s][info][gc,start    ] GC(867) Pause Young (Concurrent Start) (G1 Evacuation Pause)
[428.202s][info][gc,task     ] GC(867) Using 2 workers of 2 for evacuation
[428.229s][info][gc,phases   ] GC(867)   Pre Evacuate Collection Set: 0.17ms
[428.229s][info][gc,phases   ] GC(867)   Merge Heap Roots: 0.14ms
[428.229s][info][gc,phases   ] GC(867)   Evacuate Collection Set: 25.16ms
[428.229s][info][gc,phases   ] GC(867)   Post Evacuate Collection Set: 1.30ms
[428.229s][info][gc,phases   ] GC(867)   Other: 0.12ms
[428.229s][info][gc,heap     ] GC(867) Eden regions: 101->0(171)
[428.229s][info][gc,heap     ] GC(867) Survivor regions: 10->9(14)
[428.229s][info][gc,heap     ] GC(867) Old regions: 104->113
[428.229s][info][gc,heap     ] GC(867) Humongous regions: 15->15
[428.229s][info][gc,metaspace] GC(867) Metaspace: 43016K(43392K)->43016K(43392K) NonClass: 38661K(38912K)->38661K(38912K) Class: 4354K(4480K)->4354K(4480K)
[428.229s][info][gc          ] GC(867) Pause Young (Concurrent Start) (G1 Evacuation Pause) 229M->136M(376M) 27.080ms
[428.229s][info][gc,cpu      ] GC(867) User=0.06s Sys=0.00s Real=0.02s
[428.229s][info][gc          ] GC(868) Concurrent Mark Cycle
[428.229s][info][gc,marking  ] GC(868) Concurrent Scan Root Regions
[428.240s][info][gc,marking  ] GC(868) Concurrent Scan Root Regions 10.981ms
[428.240s][info][gc,marking  ] GC(868) Concurrent Mark
[428.240s][info][gc,marking  ] GC(868) Concurrent Mark From Roots
[428.240s][info][gc,task     ] GC(868) Using 1 workers of 1 for marking
[428.272s][info][gc,marking  ] GC(868) Concurrent Mark From Roots 32.672ms
[428.272s][info][gc,marking  ] GC(868) Concurrent Preclean
[428.272s][info][gc,marking  ] GC(868) Concurrent Preclean 0.035ms
[428.273s][info][gc,start    ] GC(868) Pause Remark
[428.290s][info][gc          ] GC(868) Pause Remark 144M->115M(360M) 16.953ms
[428.290s][info][gc,cpu      ] GC(868) User=0.03s Sys=0.00s Real=0.01s
[428.290s][info][gc,marking  ] GC(868) Concurrent Mark 49.930ms
[428.290s][info][gc,marking  ] GC(868) Concurrent Rebuild Remembered Sets and Scrub Regions
[428.313s][info][gc,marking  ] GC(868) Concurrent Rebuild Remembered Sets and Scrub Regions 23.418ms
[428.313s][info][gc,start    ] GC(868) Pause Cleanup
[428.313s][info][gc          ] GC(868) Pause Cleanup 118M->118M(360M) 0.072ms
[428.313s][info][gc,cpu      ] GC(868) User=0.00s Sys=0.00s Real=0.00s
[428.313s][info][gc,marking  ] GC(868) Concurrent Clear Claimed Marks
[428.313s][info][gc,marking  ] GC(868) Concurrent Clear Claimed Marks 0.040ms
[428.313s][info][gc,marking  ] GC(868) Concurrent Cleanup for Next Mark
[428.316s][info][gc,marking  ] GC(868) Concurrent Cleanup for Next Mark 2.194ms
[428.316s][info][gc          ] GC(868) Concurrent Mark Cycle 87.007ms
[429.335s][info][gc,start    ] GC(869) Pause Young (Prepare Mixed) (G1 Evacuation Pause)
[429.335s][info][gc,task     ] GC(869) Using 2 workers of 2 for evacuation
[429.355s][info][gc,phases   ] GC(869)   Pre Evacuate Collection Set: 0.19ms
[429.355s][info][gc,phases   ] GC(869)   Merge Heap Roots: 0.07ms
[429.355s][info][gc,phases   ] GC(869)   Evacuate Collection Set: 18.48ms
[429.355s][info][gc,phases   ] GC(869)   Post Evacuate Collection Set: 0.44ms
[429.355s][info][gc,phases   ] GC(869)   Other: 0.08ms
[429.355s][info][gc,heap     ] GC(869) Eden regions: 171->0(176)
[429.355s][info][gc,heap     ] GC(869) Survivor regions: 9->22(23)
[429.355s][info][gc,heap     ] GC(869) Old regions: 98->98
[429.355s][info][gc,heap     ] GC(869) Humongous regions: 1->1
[429.355s][info][gc,metaspace] GC(869) Metaspace: 43016K(43392K)->43016K(43392K) NonClass: 38661K(38912K)->38661K(38912K) Class: 4354K(4480K)->4354K(4480K)
[429.355s][info][gc          ] GC(869) Pause Young (Prepare Mixed) (G1 Evacuation Pause) 278M->120M(360M) 19.497ms
[429.355s][info][gc,cpu      ] GC(869) User=0.04s Sys=0.00s Real=0.02s
[430.478s][info][gc,start    ] GC(870) Pause Young (Mixed) (G1 Evacuation Pause)
[430.478s][info][gc,task     ] GC(870) Using 2 workers of 2 for evacuation
[430.515s][info][gc,phases   ] GC(870)   Pre Evacuate Collection Set: 0.24ms
[430.515s][info][gc,phases   ] GC(870)   Merge Heap Roots: 0.18ms
[430.515s][info][gc,phases   ] GC(870)   Evacuate Collection Set: 35.63ms
[430.515s][info][gc,phases   ] GC(870)   Post Evacuate Collection Set: 0.51ms
[430.515s][info][gc,phases   ] GC(870)   Other: 0.08ms
[430.515s][info][gc,heap     ] GC(870) Eden regions: 176->0(188)
[430.515s][info][gc,heap     ] GC(870) Survivor regions: 22->21(25)
[430.515s][info][gc,heap     ] GC(870) Old regions: 98->84
[430.515s][info][gc,heap     ] GC(870) Humongous regions: 1->1
[430.515s][info][gc,metaspace] GC(870) Metaspace: 43016K(43392K)->43016K(43392K) NonClass: 38661K(38912K)->38661K(38912K) Class: 4354K(4480K)->4354K(4480K)
[430.515s][info][gc          ] GC(870) Pause Young (Mixed) (G1 Evacuation Pause) 296M->104M(360M) 36.873ms
[430.515s][info][gc,cpu      ] GC(870) User=0.08s Sys=0.00s Real=0.04s
[431.703s][info][gc,start    ] GC(871) Pause Young (Mixed) (G1 Evacuation Pause)
[431.703s][info][gc,task     ] GC(871) Using 2 workers of 2 for evacuation
[431.739s][info][gc,phases   ] GC(871)   Pre Evacuate Collection Set: 0.20ms
[431.739s][info][gc,phases   ] GC(871)   Merge Heap Roots: 0.28ms
[431.739s][info][gc,phases   ] GC(871)   Evacuate Collection Set: 35.01ms
[431.739s][info][gc,phases   ] GC(871)   Post Evacuate Collection Set: 0.46ms
[431.739s][info][gc,phases   ] GC(871)   Other: 0.07ms
[431.739s][info][gc,heap     ] GC(871) Eden regions: 188->0(192)
[431.739s][info][gc,heap     ] GC(871) Survivor regions: 21->17(27)
[431.739s][info][gc,heap     ] GC(871) Old regions: 84->87
[431.739s][info][gc,heap     ] GC(871) Humongous regions: 1->1
[431.739s][info][gc,metaspace] GC(871) Metaspace: 43016K(43392K)->43016K(43392K) NonClass: 38661K(38912K)->38661K(38912K) Class: 4354K(4480K)->4354K(4480K)
[431.739s][info][gc          ] GC(871) Pause Young (Mixed) (G1 Evacuation Pause) 292M->103M(360M) 36.260ms
[431.739s][info][gc,cpu      ] GC(871) User=0.07s Sys=0.00s Real=0.03s
[431.785s][info][gc,start    ] GC(872) Pause Young (Concurrent Start) (G1 Humongous Allocation)
[431.785s][info][gc,task     ] GC(872) Using 2 workers of 2 for evacuation
[431.799s][info][gc,phases   ] GC(872)   Pre Evacuate Collection Set: 0.20ms
[431.799s][info][gc,phases   ] GC(872)   Merge Heap Roots: 0.04ms
[431.799s][info][gc,phases   ] GC(872)   Evacuate Collection Set: 13.57ms
[431.799s][info][gc,phases   ] GC(872)   Post Evacuate Collection Set: 0.30ms
[431.799s][info][gc,phases   ] GC(872)   Other: 0.08ms
[431.799s][info][gc,heap     ] GC(872) Eden regions: 7->0(168)
[431.799s][info][gc,heap     ] GC(872) Survivor regions: 17->2(27)
[431.799s][info][gc,heap     ] GC(872) Old regions: 87->104
[431.799s][info][gc,heap     ] GC(872) Humongous regions: 1->1
[431.799s][info][gc,metaspace] GC(872) Metaspace: 43016K(43392K)->43016K(43392K) NonClass: 38661K(38912K)->38661K(38912K) Class: 4354K(4480K)->4354K(4480K)
[431.799s][info][gc          ] GC(872) Pause Young (Concurrent Start) (G1 Humongous Allocation) 110M->105M(360M) 14.380ms
[431.799s][info][gc,cpu      ] GC(872) User=0.03s Sys=0.00s Real=0.01s
[431.799s][info][gc          ] GC(873) Concurrent Mark Cycle
[431.799s][info][gc,marking  ] GC(873) Concurrent Scan Root Regions
[431.817s][info][gc,marking  ] GC(873) Concurrent Scan Root Regions 17.499ms
[431.817s][info][gc,marking  ] GC(873) Concurrent Mark
[431.817s][info][gc,marking  ] GC(873) Concurrent Mark From Roots
[431.817s][info][gc,task     ] GC(873) Using 1 workers of 1 for marking
[431.856s][info][gc,marking  ] GC(873) Concurrent Mark From Roots 39.102ms
[431.856s][info][gc,marking  ] GC(873) Concurrent Preclean
[431.856s][info][gc,marking  ] GC(873) Concurrent Preclean 0.038ms
[431.856s][info][gc,start    ] GC(873) Pause Remark
[431.873s][info][gc          ] GC(873) Pause Remark 116M->96M(290M) 16.901ms
[431.873s][info][gc,cpu      ] GC(873) User=0.03s Sys=0.00s Real=0.02s
[431.873s][info][gc,marking  ] GC(873) Concurrent Mark 56.267ms
[431.873s][info][gc,marking  ] GC(873) Concurrent Rebuild Remembered Sets and Scrub Regions
[431.904s][info][gc,marking  ] GC(873) Concurrent Rebuild Remembered Sets and Scrub Regions 31.059ms
[431.904s][info][gc,start    ] GC(873) Pause Cleanup
[431.904s][info][gc          ] GC(873) Pause Cleanup 101M->101M(290M) 0.054ms
[431.904s][info][gc,cpu      ] GC(873) User=0.00s Sys=0.00s Real=0.00s
[431.904s][info][gc,marking  ] GC(873) Concurrent Clear Claimed Marks
[431.904s][info][gc,marking  ] GC(873) Concurrent Clear Claimed Marks 0.039ms
[431.904s][info][gc,marking  ] GC(873) Concurrent Cleanup for Next Mark
[431.905s][info][gc,marking  ] GC(873) Concurrent Cleanup for Next Mark 0.813ms
[431.905s][info][gc          ] GC(873) Concurrent Mark Cycle 106.025ms
[432.874s][info][gc,start    ] GC(874) Pause Young (Prepare Mixed) (G1 Evacuation Pause)
[432.874s][info][gc,task     ] GC(874) Using 2 workers of 2 for evacuation
[432.891s][info][gc,phases   ] GC(874)   Pre Evacuate Collection Set: 0.25ms
[432.891s][info][gc,phases   ] GC(874)   Merge Heap Roots: 0.08ms
[432.891s][info][gc,phases   ] GC(874)   Evacuate Collection Set: 16.31ms
[432.891s][info][gc,phases   ] GC(874)   Post Evacuate Collection Set: 0.41ms
[432.891s][info][gc,phases   ] GC(874)   Other: 0.09ms
[432.891s][info][gc,heap     ] GC(874) Eden regions: 168->0(132)
[432.891s][info][gc,heap     ] GC(874) Survivor regions: 2->16(22)
[432.891s][info][gc,heap     ] GC(874) Old regions: 83->83
[432.891s][info][gc,heap     ] GC(874) Humongous regions: 2->2
[432.891s][info][gc,metaspace] GC(874) Metaspace: 43016K(43392K)->43016K(43392K) NonClass: 38661K(38912K)->38661K(38912K) Class: 4354K(4480K)->4354K(4480K)
[432.891s][info][gc          ] GC(874) Pause Young (Prepare Mixed) (G1 Evacuation Pause) 254M->100M(290M) 17.359ms
[432.891s][info][gc,cpu      ] GC(874) User=0.03s Sys=0.00s Real=0.01s
[433.545s][info][gc,start    ] GC(875) Pause Young (Mixed) (G1 Evacuation Pause)
[433.545s][info][gc,task     ] GC(875) Using 2 workers of 2 for evacuation
[433.581s][info][gc,phases   ] GC(875)   Pre Evacuate Collection Set: 0.18ms
[433.581s][info][gc,phases   ] GC(875)   Merge Heap Roots: 0.29ms
[433.581s][info][gc,phases   ] GC(875)   Evacuate Collection Set: 34.87ms
[433.581s][info][gc,phases   ] GC(875)   Post Evacuate Collection Set: 0.53ms
[433.581s][info][gc,phases   ] GC(875)   Other: 0.11ms
[433.581s][info][gc,heap     ] GC(875) Eden regions: 132->0(136)
[433.581s][info][gc,heap     ] GC(875) Survivor regions: 16->17(19)
[433.581s][info][gc,heap     ] GC(875) Old regions: 83->75
[433.581s][info][gc,heap     ] GC(875) Humongous regions: 4->4
[433.581s][info][gc,metaspace] GC(875) Metaspace: 43016K(43392K)->43016K(43392K) NonClass: 38661K(38912K)->38661K(38912K) Class: 4354K(4480K)->4354K(4480K)
[433.581s][info][gc          ] GC(875) Pause Young (Mixed) (G1 Evacuation Pause) 234M->95M(290M) 36.214ms
[433.581s][info][gc,cpu      ] GC(875) User=0.07s Sys=0.00s Real=0.04s
[433.816s][info][gc,start    ] GC(876) Pause Young (Concurrent Start) (G1 Humongous Allocation)
[433.816s][info][gc,task     ] GC(876) Using 2 workers of 2 for evacuation
[433.841s][info][gc,phases   ] GC(876)   Pre Evacuate Collection Set: 0.20ms
[433.841s][info][gc,phases   ] GC(876)   Merge Heap Roots: 0.07ms
[433.841s][info][gc,phases   ] GC(876)   Evacuate Collection Set: 24.85ms
[433.841s][info][gc,phases   ] GC(876)   Post Evacuate Collection Set: 0.42ms
[433.841s][info][gc,phases   ] GC(876)   Other: 0.10ms
[433.842s][info][gc,heap     ] GC(876) Eden regions: 92->0(129)
[433.842s][info][gc,heap     ] GC(876) Survivor regions: 17->13(20)
[433.842s][info][gc,heap     ] GC(876) Old regions: 75->92
[433.842s][info][gc,heap     ] GC(876) Humongous regions: 4->4
[433.842s][info][gc,metaspace] GC(876) Metaspace: 43016K(43392K)->43016K(43392K) NonClass: 38661K(38912K)->38661K(38912K) Class: 4354K(4480K)->4354K(4480K)
[433.842s][info][gc          ] GC(876) Pause Young (Concurrent Start) (G1 Humongous Allocation) 187M->107M(290M) 25.877ms
[433.842s][info][gc,cpu      ] GC(876) User=0.06s Sys=0.00s Real=0.03s
[433.842s][info][gc          ] GC(877) Concurrent Mark Cycle
[433.842s][info][gc,marking  ] GC(877) Concurrent Scan Root Regions
[433.880s][info][gc,marking  ] GC(877) Concurrent Scan Root Regions 37.423ms
[433.880s][info][gc,marking  ] GC(877) Concurrent Mark
[433.880s][info][gc,marking  ] GC(877) Concurrent Mark From Roots
[433.880s][info][gc,task     ] GC(877) Using 1 workers of 1 for marking
[433.913s][info][gc,marking  ] GC(877) Concurrent Mark From Roots 33.498ms
[433.913s][info][gc,marking  ] GC(877) Concurrent Preclean
[433.913s][info][gc,marking  ] GC(877) Concurrent Preclean 0.041ms
[433.913s][info][gc,start    ] GC(877) Pause Remark
[433.930s][info][gc          ] GC(877) Pause Remark 127M->112M(290M) 16.915ms
[433.930s][info][gc,cpu      ] GC(877) User=0.03s Sys=0.00s Real=0.01s
[433.931s][info][gc,marking  ] GC(877) Concurrent Mark 50.835ms
[433.931s][info][gc,marking  ] GC(877) Concurrent Rebuild Remembered Sets and Scrub Regions
[433.958s][info][gc,marking  ] GC(877) Concurrent Rebuild Remembered Sets and Scrub Regions 27.070ms
[433.958s][info][gc,start    ] GC(877) Pause Cleanup
[433.958s][info][gc          ] GC(877) Pause Cleanup 122M->122M(290M) 0.056ms
[433.958s][info][gc,cpu      ] GC(877) User=0.00s Sys=0.00s Real=0.00s
[433.958s][info][gc,marking  ] GC(877) Concurrent Clear Claimed Marks
[433.958s][info][gc,marking  ] GC(877) Concurrent Clear Claimed Marks 0.039ms
[433.958s][info][gc,marking  ] GC(877) Concurrent Cleanup for Next Mark
[433.959s][info][gc,marking  ] GC(877) Concurrent Cleanup for Next Mark 0.840ms
[433.959s][info][gc          ] GC(877) Concurrent Mark Cycle 117.213ms
[434.211s][info][gc,start    ] GC(878) Pause Young (Prepare Mixed) (G1 Evacuation Pause)
[434.211s][info][gc,task     ] GC(878) Using 2 workers of 2 for evacuation
[434.240s][info][gc,phases   ] GC(878)   Pre Evacuate Collection Set: 0.18ms
[434.240s][info][gc,phases   ] GC(878)   Merge Heap Roots: 0.08ms
[434.240s][info][gc,phases   ] GC(878)   Evacuate Collection Set: 28.42ms
[434.240s][info][gc,phases   ] GC(878)   Post Evacuate Collection Set: 0.40ms
[434.240s][info][gc,phases   ] GC(878)   Other: 0.10ms
[434.240s][info][gc,heap     ] GC(878) Eden regions: 129->0(131)
[434.240s][info][gc,heap     ] GC(878) Survivor regions: 13->16(18)
[434.240s][info][gc,heap     ] GC(878) Old regions: 77->89
[434.240s][info][gc,heap     ] GC(878) Humongous regions: 4->4
[434.240s][info][gc,metaspace] GC(878) Metaspace: 43016K(43392K)->43016K(43392K) NonClass: 38661K(38912K)->38661K(38912K) Class: 4354K(4480K)->4354K(4480K)
[434.240s][info][gc          ] GC(878) Pause Young (Prepare Mixed) (G1 Evacuation Pause) 222M->108M(290M) 29.429ms
[434.240s][info][gc,cpu      ] GC(878) User=0.05s Sys=0.00s Real=0.03s
[434.583s][info][gc,start    ] GC(879) Pause Young (Mixed) (G1 Evacuation Pause)
[434.583s][info][gc,task     ] GC(879) Using 2 workers of 2 for evacuation
[434.622s][info][gc,phases   ] GC(879)   Pre Evacuate Collection Set: 0.23ms
[434.622s][info][gc,phases   ] GC(879)   Merge Heap Roots: 0.30ms
[434.622s][info][gc,phases   ] GC(879)   Evacuate Collection Set: 38.55ms
[434.622s][info][gc,phases   ] GC(879)   Post Evacuate Collection Set: 0.50ms
[434.622s][info][gc,phases   ] GC(879)   Other: 0.08ms
[434.622s][info][gc,heap     ] GC(879) Eden regions: 131->0(139)
[434.622s][info][gc,heap     ] GC(879) Survivor regions: 16->16(19)
[434.622s][info][gc,heap     ] GC(879) Old regions: 89->79
[434.622s][info][gc,heap     ] GC(879) Humongous regions: 6->6
[434.622s][info][gc,metaspace] GC(879) Metaspace: 43016K(43392K)->43016K(43392K) NonClass: 38661K(38912K)->38661K(38912K) Class: 4354K(4480K)->4354K(4480K)
[434.622s][info][gc          ] GC(879) Pause Young (Mixed) (G1 Evacuation Pause) 241M->100M(290M) 39.878ms
[434.622s][info][gc,cpu      ] GC(879) User=0.08s Sys=0.01s Real=0.04s
[434.967s][info][gc,start    ] GC(880) Pause Young (Concurrent Start) (G1 Evacuation Pause)
[434.967s][info][gc,task     ] GC(880) Using 2 workers of 2 for evacuation
[435.004s][info][gc,phases   ] GC(880)   Pre Evacuate Collection Set: 0.20ms
[435.004s][info][gc,phases   ] GC(880)   Merge Heap Roots: 0.08ms
[435.004s][info][gc,phases   ] GC(880)   Evacuate Collection Set: 35.88ms
[435.004s][info][gc,phases   ] GC(880)   Post Evacuate Collection Set: 0.44ms
[435.004s][info][gc,phases   ] GC(880)   Other: 0.15ms
[435.004s][info][gc,heap     ] GC(880) Eden regions: 139->0(130)
[435.004s][info][gc,heap     ] GC(880) Survivor regions: 16->16(20)
[435.004s][info][gc,heap     ] GC(880) Old regions: 79->94
[435.004s][info][gc,heap     ] GC(880) Humongous regions: 6->6
[435.004s][info][gc,metaspace] GC(880) Metaspace: 43016K(43392K)->43016K(43392K) NonClass: 38661K(38912K)->38661K(38912K) Class: 4354K(4480K)->4354K(4480K)
[435.004s][info][gc          ] GC(880) Pause Young (Concurrent Start) (G1 Evacuation Pause) 239M->116M(290M) 36.967ms
[435.004s][info][gc          ] GC(881) Concurrent Mark Cycle
[435.004s][info][gc,marking  ] GC(881) Concurrent Scan Root Regions
[435.005s][info][gc,cpu      ] GC(880) User=0.08s Sys=0.00s Real=0.04s
[435.032s][info][gc,marking  ] GC(881) Concurrent Scan Root Regions 27.596ms
[435.032s][info][gc,marking  ] GC(881) Concurrent Mark
[435.032s][info][gc,marking  ] GC(881) Concurrent Mark From Roots
[435.032s][info][gc,task     ] GC(881) Using 1 workers of 1 for marking
[435.110s][info][gc,marking  ] GC(881) Concurrent Mark From Roots 78.560ms
[435.110s][info][gc,marking  ] GC(881) Concurrent Preclean
[435.111s][info][gc,marking  ] GC(881) Concurrent Preclean 0.042ms
[435.111s][info][gc,start    ] GC(881) Pause Remark
[435.128s][info][gc          ] GC(881) Pause Remark 142M->137M(290M) 16.997ms
[435.128s][info][gc,cpu      ] GC(881) User=0.03s Sys=0.00s Real=0.02s
[435.128s][info][gc,marking  ] GC(881) Concurrent Mark 95.911ms
[435.128s][info][gc,marking  ] GC(881) Concurrent Rebuild Remembered Sets and Scrub Regions
[435.188s][info][gc,marking  ] GC(881) Concurrent Rebuild Remembered Sets and Scrub Regions 59.733ms
[435.188s][info][gc,start    ] GC(881) Pause Cleanup
[435.188s][info][gc          ] GC(881) Pause Cleanup 160M->160M(290M) 0.054ms
[435.188s][info][gc,cpu      ] GC(881) User=0.00s Sys=0.00s Real=0.00s
[435.188s][info][gc,marking  ] GC(881) Concurrent Clear Claimed Marks
[435.188s][info][gc,marking  ] GC(881) Concurrent Clear Claimed Marks 0.042ms
[435.188s][info][gc,marking  ] GC(881) Concurrent Cleanup for Next Mark
[435.189s][info][gc,marking  ] GC(881) Concurrent Cleanup for Next Mark 0.841ms
[435.189s][info][gc          ] GC(881) Concurrent Mark Cycle 184.491ms
[435.406s][info][gc,start    ] GC(882) Pause Young (Prepare Mixed) (G1 Evacuation Pause)
[435.406s][info][gc,task     ] GC(882) Using 2 workers of 2 for evacuation
[435.447s][info][gc,phases   ] GC(882)   Pre Evacuate Collection Set: 0.20ms
[435.447s][info][gc,phases   ] GC(882)   Merge Heap Roots: 0.12ms
[435.447s][info][gc,phases   ] GC(882)   Evacuate Collection Set: 39.52ms
[435.447s][info][gc,phases   ] GC(882)   Post Evacuate Collection Set: 0.44ms
[435.447s][info][gc,phases   ] GC(882)   Other: 0.08ms
[435.447s][info][gc,heap     ] GC(882) Eden regions: 130->0(119)
[435.447s][info][gc,heap     ] GC(882) Survivor regions: 16->16(19)
[435.447s][info][gc,heap     ] GC(882) Old regions: 90->107
[435.447s][info][gc,heap     ] GC(882) Humongous regions: 9->9
[435.447s][info][gc,metaspace] GC(882) Metaspace: 43016K(43392K)->43016K(43392K) NonClass: 38661K(38912K)->38661K(38912K) Class: 4354K(4480K)->4354K(4480K)
[435.447s][info][gc          ] GC(882) Pause Young (Prepare Mixed) (G1 Evacuation Pause) 245M->131M(290M) 40.586ms
[435.447s][info][gc,cpu      ] GC(882) User=0.08s Sys=0.00s Real=0.04s
[436.715s][info][gc,start    ] GC(883) Pause Young (Mixed) (G1 Evacuation Pause)
[436.715s][info][gc,task     ] GC(883) Using 2 workers of 2 for evacuation
[436.761s][info][gc,phases   ] GC(883)   Pre Evacuate Collection Set: 0.18ms
[436.761s][info][gc,phases   ] GC(883)   Merge Heap Roots: 0.33ms
[436.761s][info][gc,phases   ] GC(883)   Evacuate Collection Set: 43.61ms
[436.761s][info][gc,phases   ] GC(883)   Post Evacuate Collection Set: 1.41ms
[436.761s][info][gc,phases   ] GC(883)   Other: 0.09ms
[436.761s][info][gc,heap     ] GC(883) Eden regions: 119->0(196)
[436.761s][info][gc,heap     ] GC(883) Survivor regions: 16->7(17)
[436.761s][info][gc,heap     ] GC(883) Old regions: 107->111
[436.761s][info][gc,heap     ] GC(883) Humongous regions: 17->15
[436.761s][info][gc,metaspace] GC(883) Metaspace: 43016K(43392K)->43016K(43392K) NonClass: 38661K(38912K)->38661K(38912K) Class: 4354K(4480K)->4354K(4480K)
[436.761s][info][gc          ] GC(883) Pause Young (Mixed) (G1 Evacuation Pause) 258M->132M(394M) 45.842ms
[436.761s][info][gc,cpu      ] GC(883) User=0.09s Sys=0.00s Real=0.04s
[437.718s][info][gc,start    ] GC(884) Pause Young (Concurrent Start) (G1 Evacuation Pause)
[437.718s][info][gc,task     ] GC(884) Using 2 workers of 2 for evacuation
[437.741s][info][gc,phases   ] GC(884)   Pre Evacuate Collection Set: 0.23ms
[437.741s][info][gc,phases   ] GC(884)   Merge Heap Roots: 0.15ms
[437.741s][info][gc,phases   ] GC(884)   Evacuate Collection Set: 21.34ms
[437.741s][info][gc,phases   ] GC(884)   Post Evacuate Collection Set: 0.50ms
[437.741s][info][gc,phases   ] GC(884)   Other: 0.10ms
[437.741s][info][gc,heap     ] GC(884) Eden regions: 196->0(196)
[437.741s][info][gc,heap     ] GC(884) Survivor regions: 7->14(26)
[437.741s][info][gc,heap     ] GC(884) Old regions: 111->111
[437.741s][info][gc,heap     ] GC(884) Humongous regions: 15->15
[437.741s][info][gc,metaspace] GC(884) Metaspace: 43016K(43392K)->43016K(43392K) NonClass: 38661K(38912K)->38661K(38912K) Class: 4354K(4480K)->4354K(4480K)
[437.741s][info][gc          ] GC(884) Pause Young (Concurrent Start) (G1 Evacuation Pause) 328M->139M(394M) 22.543ms
[437.741s][info][gc,cpu      ] GC(884) User=0.05s Sys=0.00s Real=0.02s
[437.741s][info][gc          ] GC(885) Concurrent Mark Cycle
[437.741s][info][gc,marking  ] GC(885) Concurrent Scan Root Regions
[437.752s][info][gc,marking  ] GC(885) Concurrent Scan Root Regions 11.429ms
[437.752s][info][gc,marking  ] GC(885) Concurrent Mark
[437.752s][info][gc,marking  ] GC(885) Concurrent Mark From Roots
[437.752s][info][gc,task     ] GC(885) Using 1 workers of 1 for marking
[437.787s][info][gc,marking  ] GC(885) Concurrent Mark From Roots 35.004ms
[437.787s][info][gc,marking  ] GC(885) Concurrent Preclean
[437.787s][info][gc,marking  ] GC(885) Concurrent Preclean 0.043ms
[437.787s][info][gc,start    ] GC(885) Pause Remark
[437.805s][info][gc          ] GC(885) Pause Remark 147M->67M(256M) 17.085ms
[437.805s][info][gc,cpu      ] GC(885) User=0.03s Sys=0.00s Real=0.02s
[437.805s][info][gc,marking  ] GC(885) Concurrent Mark 52.433ms
[437.805s][info][gc,marking  ] GC(885) Concurrent Rebuild Remembered Sets and Scrub Regions
[437.818s][info][gc,marking  ] GC(885) Concurrent Rebuild Remembered Sets and Scrub Regions 13.398ms
[437.818s][info][gc,start    ] GC(885) Pause Cleanup
[437.818s][info][gc          ] GC(885) Pause Cleanup 69M->69M(256M) 0.040ms
[437.818s][info][gc,cpu      ] GC(885) User=0.00s Sys=0.00s Real=0.00s
[437.818s][info][gc,marking  ] GC(885) Concurrent Clear Claimed Marks
[437.818s][info][gc,marking  ] GC(885) Concurrent Clear Claimed Marks 0.037ms
[437.818s][info][gc,marking  ] GC(885) Concurrent Cleanup for Next Mark
[437.819s][info][gc,marking  ] GC(885) Concurrent Cleanup for Next Mark 0.715ms
[437.819s][info][gc          ] GC(885) Concurrent Mark Cycle 78.371ms
[438.599s][info][gc,start    ] GC(886) Pause Young (Prepare Mixed) (G1 Evacuation Pause)
[438.599s][info][gc,task     ] GC(886) Using 2 workers of 2 for evacuation
[438.604s][info][gc,phases   ] GC(886)   Pre Evacuate Collection Set: 0.24ms
[438.604s][info][gc,phases   ] GC(886)   Merge Heap Roots: 0.12ms
[438.604s][info][gc,phases   ] GC(886)   Evacuate Collection Set: 4.33ms
[438.604s][info][gc,phases   ] GC(886)   Post Evacuate Collection Set: 0.40ms
[438.604s][info][gc,phases   ] GC(886)   Other: 0.10ms
[438.604s][info][gc,heap     ] GC(886) Eden regions: 139->0(146)
[438.604s][info][gc,heap     ] GC(886) Survivor regions: 14->7(20)
[438.604s][info][gc,heap     ] GC(886) Old regions: 45->46
[438.604s][info][gc,heap     ] GC(886) Humongous regions: 1->1
[438.604s][info][gc,metaspace] GC(886) Metaspace: 43016K(43392K)->43016K(43392K) NonClass: 38661K(38912K)->38661K(38912K) Class: 4354K(4480K)->4354K(4480K)
[438.604s][info][gc          ] GC(886) Pause Young (Prepare Mixed) (G1 Evacuation Pause) 198M->53M(256M) 5.405ms
[438.604s][info][gc,cpu      ] GC(886) User=0.01s Sys=0.00s Real=0.01s
[439.474s][info][gc,start    ] GC(887) Pause Young (Mixed) (G1 Evacuation Pause)
[439.474s][info][gc,task     ] GC(887) Using 2 workers of 2 for evacuation
[439.482s][info][gc,phases   ] GC(887)   Pre Evacuate Collection Set: 0.21ms
[439.483s][info][gc,phases   ] GC(887)   Merge Heap Roots: 0.07ms
[439.483s][info][gc,phases   ] GC(887)   Evacuate Collection Set: 7.59ms
[439.483s][info][gc,phases   ] GC(887)   Post Evacuate Collection Set: 0.42ms
[439.483s][info][gc,phases   ] GC(887)   Other: 0.10ms
[439.483s][info][gc,heap     ] GC(887) Eden regions: 146->0(143)
[439.483s][info][gc,heap     ] GC(887) Survivor regions: 7->10(20)
[439.483s][info][gc,heap     ] GC(887) Old regions: 46->41
[439.483s][info][gc,heap     ] GC(887) Humongous regions: 1->1
[439.483s][info][gc,metaspace] GC(887) Metaspace: 43016K(43392K)->43016K(43392K) NonClass: 38661K(38912K)->38661K(38912K) Class: 4354K(4480K)->4354K(4480K)
[439.483s][info][gc          ] GC(887) Pause Young (Mixed) (G1 Evacuation Pause) 199M->50M(256M) 8.578ms
[439.483s][info][gc,cpu      ] GC(887) User=0.02s Sys=0.00s Real=0.01s
[440.352s][info][gc,start    ] GC(888) Pause Young (Concurrent Start) (G1 Evacuation Pause)
[440.352s][info][gc,task     ] GC(888) Using 2 workers of 2 for evacuation
[440.357s][info][gc,phases   ] GC(888)   Pre Evacuate Collection Set: 0.18ms
[440.357s][info][gc,phases   ] GC(888)   Merge Heap Roots: 0.05ms
[440.357s][info][gc,phases   ] GC(888)   Evacuate Collection Set: 4.18ms
[440.357s][info][gc,phases   ] GC(888)   Post Evacuate Collection Set: 0.38ms
[440.357s][info][gc,phases   ] GC(888)   Other: 0.12ms
[440.357s][info][gc,heap     ] GC(888) Eden regions: 143->0(147)
[440.357s][info][gc,heap     ] GC(888) Survivor regions: 10->6(20)
[440.357s][info][gc,heap     ] GC(888) Old regions: 41->41
[440.357s][info][gc,heap     ] GC(888) Humongous regions: 1->1
[440.357s][info][gc,metaspace] GC(888) Metaspace: 43016K(43392K)->43016K(43392K) NonClass: 38661K(38912K)->38661K(38912K) Class: 4354K(4480K)->4354K(4480K)
[440.357s][info][gc          ] GC(888) Pause Young (Concurrent Start) (G1 Evacuation Pause) 193M->47M(256M) 5.088ms
[440.357s][info][gc,cpu      ] GC(888) User=0.01s Sys=0.00s Real=0.00s
[440.357s][info][gc          ] GC(889) Concurrent Mark Cycle
[440.357s][info][gc,marking  ] GC(889) Concurrent Scan Root Regions
[440.363s][info][gc,marking  ] GC(889) Concurrent Scan Root Regions 5.435ms
[440.363s][info][gc,marking  ] GC(889) Concurrent Mark
[440.363s][info][gc,marking  ] GC(889) Concurrent Mark From Roots
[440.363s][info][gc,task     ] GC(889) Using 1 workers of 1 for marking
[440.399s][info][gc,marking  ] GC(889) Concurrent Mark From Roots 35.916ms
[440.399s][info][gc,marking  ] GC(889) Concurrent Preclean
[440.399s][info][gc,marking  ] GC(889) Concurrent Preclean 0.035ms
[440.399s][info][gc,start    ] GC(889) Pause Remark
[440.416s][info][gc          ] GC(889) Pause Remark 52M->52M(256M) 17.353ms
[440.416s][info][gc,cpu      ] GC(889) User=0.04s Sys=0.00s Real=0.02s
[440.416s][info][gc,marking  ] GC(889) Concurrent Mark 53.648ms
[440.416s][info][gc,marking  ] GC(889) Concurrent Rebuild Remembered Sets and Scrub Regions
[440.430s][info][gc,marking  ] GC(889) Concurrent Rebuild Remembered Sets and Scrub Regions 13.747ms
[440.430s][info][gc,start    ] GC(889) Pause Cleanup
[440.430s][info][gc          ] GC(889) Pause Cleanup 54M->54M(256M) 0.049ms
[440.430s][info][gc,cpu      ] GC(889) User=0.00s Sys=0.00s Real=0.00s
[440.430s][info][gc,marking  ] GC(889) Concurrent Clear Claimed Marks
[440.430s][info][gc,marking  ] GC(889) Concurrent Clear Claimed Marks 0.039ms
[440.430s][info][gc,marking  ] GC(889) Concurrent Cleanup for Next Mark
[440.431s][info][gc,marking  ] GC(889) Concurrent Cleanup for Next Mark 0.759ms
[440.431s][info][gc          ] GC(889) Concurrent Mark Cycle 73.922ms
[441.253s][info][gc,start    ] GC(890) Pause Young (Prepare Mixed) (G1 Evacuation Pause)
[441.253s][info][gc,task     ] GC(890) Using 2 workers of 2 for evacuation
[441.258s][info][gc,phases   ] GC(890)   Pre Evacuate Collection Set: 0.20ms
[441.258s][info][gc,phases   ] GC(890)   Merge Heap Roots: 0.06ms
[441.258s][info][gc,phases   ] GC(890)   Evacuate Collection Set: 4.28ms
[441.258s][info][gc,phases   ] GC(890)   Post Evacuate Collection Set: 0.38ms
[441.258s][info][gc,phases   ] GC(890)   Other: 0.07ms
[441.258s][info][gc,heap     ] GC(890) Eden regions: 147->0(147)
[441.258s][info][gc,heap     ] GC(890) Survivor regions: 6->6(20)
[441.258s][info][gc,heap     ] GC(890) Old regions: 41->41
[441.258s][info][gc,heap     ] GC(890) Humongous regions: 2->1
[441.258s][info][gc,metaspace] GC(890) Metaspace: 43016K(43392K)->43016K(43392K) NonClass: 38662K(38912K)->38662K(38912K) Class: 4354K(4480K)->4354K(4480K)
[441.258s][info][gc          ] GC(890) Pause Young (Prepare Mixed) (G1 Evacuation Pause) 195M->47M(256M) 5.173ms
[441.258s][info][gc,cpu      ] GC(890) User=0.01s Sys=0.00s Real=0.00s
[442.039s][info][gc,start    ] GC(891) Pause Young (Mixed) (G1 Evacuation Pause)
[442.039s][info][gc,task     ] GC(891) Using 2 workers of 2 for evacuation
[442.046s][info][gc,phases   ] GC(891)   Pre Evacuate Collection Set: 0.16ms
[442.046s][info][gc,phases   ] GC(891)   Merge Heap Roots: 0.07ms
[442.046s][info][gc,phases   ] GC(891)   Evacuate Collection Set: 6.61ms
[442.046s][info][gc,phases   ] GC(891)   Post Evacuate Collection Set: 0.45ms
[442.046s][info][gc,phases   ] GC(891)   Other: 0.07ms
[442.046s][info][gc,heap     ] GC(891) Eden regions: 147->0(145)
[442.046s][info][gc,heap     ] GC(891) Survivor regions: 6->8(20)
[442.046s][info][gc,heap     ] GC(891) Old regions: 41->36
[442.046s][info][gc,heap     ] GC(891) Humongous regions: 5->3
[442.046s][info][gc,metaspace] GC(891) Metaspace: 43016K(43392K)->43016K(43392K) NonClass: 38662K(38912K)->38662K(38912K) Class: 4354K(4480K)->4354K(4480K)
[442.046s][info][gc          ] GC(891) Pause Young (Mixed) (G1 Evacuation Pause) 198M->46M(256M) 7.555ms
[442.046s][info][gc,cpu      ] GC(891) User=0.02s Sys=0.00s Real=0.01s
[442.270s][info][gc,start    ] GC(892) Pause Young (Concurrent Start) (G1 Humongous Allocation)
[442.270s][info][gc,task     ] GC(892) Using 2 workers of 2 for evacuation
[442.275s][info][gc,phases   ] GC(892)   Pre Evacuate Collection Set: 0.17ms
[442.275s][info][gc,phases   ] GC(892)   Merge Heap Roots: 0.04ms
[442.275s][info][gc,phases   ] GC(892)   Evacuate Collection Set: 4.61ms
[442.275s][info][gc,phases   ] GC(892)   Post Evacuate Collection Set: 0.39ms
[442.275s][info][gc,phases   ] GC(892)   Other: 0.10ms
[442.275s][info][gc,heap     ] GC(892) Eden regions: 54->0(146)
[442.275s][info][gc,heap     ] GC(892) Survivor regions: 8->7(20)
[442.275s][info][gc,heap     ] GC(892) Old regions: 36->36
[442.275s][info][gc,heap     ] GC(892) Humongous regions: 3->1
[442.275s][info][gc,metaspace] GC(892) Metaspace: 43018K(43392K)->43018K(43392K) NonClass: 38664K(38912K)->38664K(38912K) Class: 4354K(4480K)->4354K(4480K)
[442.275s][info][gc          ] GC(892) Pause Young (Concurrent Start) (G1 Humongous Allocation) 100M->43M(256M) 5.499ms
[442.275s][info][gc,cpu      ] GC(892) User=0.01s Sys=0.00s Real=0.01s
[442.275s][info][gc          ] GC(893) Concurrent Mark Cycle
[442.275s][info][gc,marking  ] GC(893) Concurrent Scan Root Regions
[442.287s][info][gc,marking  ] GC(893) Concurrent Scan Root Regions 12.141ms
[442.287s][info][gc,marking  ] GC(893) Concurrent Mark
[442.287s][info][gc,marking  ] GC(893) Concurrent Mark From Roots
[442.287s][info][gc,task     ] GC(893) Using 1 workers of 1 for marking
[442.326s][info][gc,marking  ] GC(893) Concurrent Mark From Roots 38.412ms
[442.326s][info][gc,marking  ] GC(893) Concurrent Preclean
[442.326s][info][gc,marking  ] GC(893) Concurrent Preclean 0.036ms
[442.326s][info][gc,start    ] GC(893) Pause Remark
[442.343s][info][gc          ] GC(893) Pause Remark 55M->55M(256M) 16.953ms
[442.343s][info][gc,cpu      ] GC(893) User=0.03s Sys=0.00s Real=0.02s
[442.346s][info][gc,marking  ] GC(893) Concurrent Mark 58.723ms
[442.346s][info][gc,marking  ] GC(893) Concurrent Rebuild Remembered Sets and Scrub Regions
[442.379s][info][gc,marking  ] GC(893) Concurrent Rebuild Remembered Sets and Scrub Regions 32.615ms
[442.379s][info][gc,start    ] GC(893) Pause Cleanup
[442.379s][info][gc          ] GC(893) Pause Cleanup 58M->58M(256M) 0.048ms
[442.379s][info][gc,cpu      ] GC(893) User=0.00s Sys=0.00s Real=0.00s
[442.379s][info][gc,marking  ] GC(893) Concurrent Clear Claimed Marks
[442.379s][info][gc,marking  ] GC(893) Concurrent Clear Claimed Marks 0.048ms
[442.379s][info][gc,marking  ] GC(893) Concurrent Cleanup for Next Mark
[442.380s][info][gc,marking  ] GC(893) Concurrent Cleanup for Next Mark 0.782ms
[442.380s][info][gc          ] GC(893) Concurrent Mark Cycle 104.978ms
[442.900s][info][gc,start    ] GC(894) Pause Young (Prepare Mixed) (G1 Evacuation Pause)
[442.900s][info][gc,task     ] GC(894) Using 2 workers of 2 for evacuation
[442.914s][info][gc,phases   ] GC(894)   Pre Evacuate Collection Set: 0.18ms
[442.914s][info][gc,phases   ] GC(894)   Merge Heap Roots: 0.07ms
[442.914s][info][gc,phases   ] GC(894)   Evacuate Collection Set: 13.97ms
[442.914s][info][gc,phases   ] GC(894)   Post Evacuate Collection Set: 0.43ms
[442.914s][info][gc,phases   ] GC(894)   Other: 0.10ms
[442.914s][info][gc,heap     ] GC(894) Eden regions: 146->0(134)
[442.914s][info][gc,heap     ] GC(894) Survivor regions: 7->19(20)
[442.914s][info][gc,heap     ] GC(894) Old regions: 36->36
[442.915s][info][gc,heap     ] GC(894) Humongous regions: 18->3
[442.915s][info][gc,metaspace] GC(894) Metaspace: 43018K(43392K)->43018K(43392K) NonClass: 38664K(38912K)->38664K(38912K) Class: 4354K(4480K)->4354K(4480K)
[442.915s][info][gc          ] GC(894) Pause Young (Prepare Mixed) (G1 Evacuation Pause) 206M->56M(256M) 14.921ms
[442.915s][info][gc,cpu      ] GC(894) User=0.03s Sys=0.00s Real=0.02s
[443.509s][info][gc,start    ] GC(895) Pause Young (Mixed) (G1 Evacuation Pause)
[443.509s][info][gc,task     ] GC(895) Using 2 workers of 2 for evacuation
[443.521s][info][gc,phases   ] GC(895)   Pre Evacuate Collection Set: 0.20ms
[443.521s][info][gc,phases   ] GC(895)   Merge Heap Roots: 0.13ms
[443.521s][info][gc,phases   ] GC(895)   Evacuate Collection Set: 11.31ms
[443.521s][info][gc,phases   ] GC(895)   Post Evacuate Collection Set: 0.46ms
[443.521s][info][gc,phases   ] GC(895)   Other: 0.07ms
[443.521s][info][gc,heap     ] GC(895) Eden regions: 134->0(149)
[443.521s][info][gc,heap     ] GC(895) Survivor regions: 19->4(20)
[443.521s][info][gc,heap     ] GC(895) Old regions: 36->39
[443.521s][info][gc,heap     ] GC(895) Humongous regions: 8->3
[443.521s][info][gc,metaspace] GC(895) Metaspace: 43018K(43392K)->43018K(43392K) NonClass: 38664K(38912K)->38664K(38912K) Class: 4354K(4480K)->4354K(4480K)
[443.521s][info][gc          ] GC(895) Pause Young (Mixed) (G1 Evacuation Pause) 195M->45M(256M) 12.342ms
[443.521s][info][gc,cpu      ] GC(895) User=0.02s Sys=0.00s Real=0.01s
[443.571s][info][gc,start    ] GC(896) Pause Young (Concurrent Start) (G1 Humongous Allocation)
[443.571s][info][gc,task     ] GC(896) Using 2 workers of 2 for evacuation
[443.573s][info][gc,phases   ] GC(896)   Pre Evacuate Collection Set: 0.16ms
[443.574s][info][gc,phases   ] GC(896)   Merge Heap Roots: 0.05ms
[443.574s][info][gc,phases   ] GC(896)   Evacuate Collection Set: 1.48ms
[443.574s][info][gc,phases   ] GC(896)   Post Evacuate Collection Set: 0.28ms
[443.574s][info][gc,phases   ] GC(896)   Other: 0.07ms
[443.574s][info][gc,heap     ] GC(896) Eden regions: 13->0(151)
[443.574s][info][gc,heap     ] GC(896) Survivor regions: 4->2(20)
[443.574s][info][gc,heap     ] GC(896) Old regions: 39->39
[443.574s][info][gc,heap     ] GC(896) Humongous regions: 3->1
[443.574s][info][gc,metaspace] GC(896) Metaspace: 43018K(43392K)->43018K(43392K) NonClass: 38664K(38912K)->38664K(38912K) Class: 4354K(4480K)->4354K(4480K)
[443.574s][info][gc          ] GC(896) Pause Young (Concurrent Start) (G1 Humongous Allocation) 58M->41M(256M) 2.209ms
[443.574s][info][gc,cpu      ] GC(896) User=0.00s Sys=0.00s Real=0.00s
[443.574s][info][gc          ] GC(897) Concurrent Mark Cycle
[443.574s][info][gc,marking  ] GC(897) Concurrent Scan Root Regions
[443.575s][info][gc,marking  ] GC(897) Concurrent Scan Root Regions 1.677ms
[443.575s][info][gc,marking  ] GC(897) Concurrent Mark
[443.575s][info][gc,marking  ] GC(897) Concurrent Mark From Roots
[443.575s][info][gc,task     ] GC(897) Using 1 workers of 1 for marking
[443.623s][info][gc,marking  ] GC(897) Concurrent Mark From Roots 47.543ms
[443.623s][info][gc,marking  ] GC(897) Concurrent Preclean
[443.623s][info][gc,marking  ] GC(897) Concurrent Preclean 0.037ms
[443.623s][info][gc,start    ] GC(897) Pause Remark
[443.640s][info][gc          ] GC(897) Pause Remark 52M->52M(256M) 17.024ms
[443.640s][info][gc,cpu      ] GC(897) User=0.03s Sys=0.00s Real=0.01s
[443.640s][info][gc,marking  ] GC(897) Concurrent Mark 64.886ms
[443.640s][info][gc,marking  ] GC(897) Concurrent Rebuild Remembered Sets and Scrub Regions
[443.660s][info][gc,marking  ] GC(897) Concurrent Rebuild Remembered Sets and Scrub Regions 20.064ms
[443.660s][info][gc,start    ] GC(897) Pause Cleanup
[443.661s][info][gc          ] GC(897) Pause Cleanup 58M->58M(256M) 0.041ms
[443.661s][info][gc,cpu      ] GC(897) User=0.00s Sys=0.00s Real=0.00s
[443.662s][info][gc,marking  ] GC(897) Concurrent Clear Claimed Marks
[443.662s][info][gc,marking  ] GC(897) Concurrent Clear Claimed Marks 0.054ms
[443.662s][info][gc,marking  ] GC(897) Concurrent Cleanup for Next Mark
[443.663s][info][gc,marking  ] GC(897) Concurrent Cleanup for Next Mark 0.761ms
[443.663s][info][gc          ] GC(897) Concurrent Mark Cycle 89.395ms
[444.201s][info][gc,start    ] GC(898) Pause Young (Prepare Mixed) (G1 Evacuation Pause)
[444.201s][info][gc,task     ] GC(898) Using 2 workers of 2 for evacuation
[444.220s][info][gc,phases   ] GC(898)   Pre Evacuate Collection Set: 0.17ms
[444.220s][info][gc,phases   ] GC(898)   Merge Heap Roots: 0.06ms
[444.220s][info][gc,phases   ] GC(898)   Evacuate Collection Set: 18.49ms
[444.220s][info][gc,phases   ] GC(898)   Post Evacuate Collection Set: 0.47ms
[444.220s][info][gc,phases   ] GC(898)   Other: 0.08ms
[444.220s][info][gc,heap     ] GC(898) Eden regions: 151->0(133)
[444.220s][info][gc,heap     ] GC(898) Survivor regions: 2->20(20)
[444.220s][info][gc,heap     ] GC(898) Old regions: 39->39
[444.220s][info][gc,heap     ] GC(898) Humongous regions: 7->3
[444.220s][info][gc,metaspace] GC(898) Metaspace: 43019K(43392K)->43019K(43392K) NonClass: 38664K(38912K)->38664K(38912K) Class: 4354K(4480K)->4354K(4480K)
[444.220s][info][gc          ] GC(898) Pause Young (Prepare Mixed) (G1 Evacuation Pause) 198M->61M(256M) 19.464ms
[444.220s][info][gc,cpu      ] GC(898) User=0.04s Sys=0.01s Real=0.02s
[444.819s][info][gc,start    ] GC(899) Pause Young (Mixed) (G1 Evacuation Pause)
[444.819s][info][gc,task     ] GC(899) Using 2 workers of 2 for evacuation
[444.825s][info][gc,phases   ] GC(899)   Pre Evacuate Collection Set: 0.15ms
[444.825s][info][gc,phases   ] GC(899)   Merge Heap Roots: 0.08ms
[444.825s][info][gc,phases   ] GC(899)   Evacuate Collection Set: 5.16ms
[444.825s][info][gc,phases   ] GC(899)   Post Evacuate Collection Set: 0.37ms
[444.825s][info][gc,phases   ] GC(899)   Other: 0.08ms
[444.825s][info][gc,heap     ] GC(899) Eden regions: 133->0(151)
[444.825s][info][gc,heap     ] GC(899) Survivor regions: 20->2(20)
[444.825s][info][gc,heap     ] GC(899) Old regions: 39->39
[444.825s][info][gc,heap     ] GC(899) Humongous regions: 11->3
[444.825s][info][gc,metaspace] GC(899) Metaspace: 43019K(43392K)->43019K(43392K) NonClass: 38664K(38912K)->38664K(38912K) Class: 4354K(4480K)->4354K(4480K)
[444.825s][info][gc          ] GC(899) Pause Young (Mixed) (G1 Evacuation Pause) 202M->43M(256M) 6.022ms
[444.825s][info][gc,cpu      ] GC(899) User=0.01s Sys=0.00s Real=0.01s
[444.903s][info][gc,start    ] GC(900) Pause Young (Concurrent Start) (G1 Humongous Allocation)
[444.904s][info][gc,task     ] GC(900) Using 2 workers of 2 for evacuation
[444.906s][info][gc,phases   ] GC(900)   Pre Evacuate Collection Set: 0.16ms
[444.906s][info][gc,phases   ] GC(900)   Merge Heap Roots: 0.04ms
[444.906s][info][gc,phases   ] GC(900)   Evacuate Collection Set: 1.54ms
[444.906s][info][gc,phases   ] GC(900)   Post Evacuate Collection Set: 0.28ms
[444.906s][info][gc,phases   ] GC(900)   Other: 0.08ms
[444.906s][info][gc,heap     ] GC(900) Eden regions: 24->0(151)
[444.906s][info][gc,heap     ] GC(900) Survivor regions: 2->2(20)
[444.906s][info][gc,heap     ] GC(900) Old regions: 39->39
[444.906s][info][gc,heap     ] GC(900) Humongous regions: 3->1
[444.906s][info][gc,metaspace] GC(900) Metaspace: 43019K(43392K)->43019K(43392K) NonClass: 38664K(38912K)->38664K(38912K) Class: 4354K(4480K)->4354K(4480K)
[444.906s][info][gc          ] GC(900) Pause Young (Concurrent Start) (G1 Humongous Allocation) 67M->40M(256M) 2.287ms
[444.906s][info][gc,cpu      ] GC(900) User=0.00s Sys=0.00s Real=0.00s
[444.906s][info][gc          ] GC(901) Concurrent Mark Cycle
[444.906s][info][gc,marking  ] GC(901) Concurrent Scan Root Regions
[444.909s][info][gc,marking  ] GC(901) Concurrent Scan Root Regions 3.168ms
[444.909s][info][gc,marking  ] GC(901) Concurrent Mark
[444.909s][info][gc,marking  ] GC(901) Concurrent Mark From Roots
[444.909s][info][gc,task     ] GC(901) Using 1 workers of 1 for marking
[444.956s][info][gc,marking  ] GC(901) Concurrent Mark From Roots 46.805ms
[444.956s][info][gc,marking  ] GC(901) Concurrent Preclean
[444.956s][info][gc,marking  ] GC(901) Concurrent Preclean 0.036ms
[444.956s][info][gc,start    ] GC(901) Pause Remark
[444.973s][info][gc          ] GC(901) Pause Remark 53M->53M(256M) 16.935ms
[444.973s][info][gc,cpu      ] GC(901) User=0.03s Sys=0.00s Real=0.02s
[444.973s][info][gc,marking  ] GC(901) Concurrent Mark 64.044ms
[444.973s][info][gc,marking  ] GC(901) Concurrent Rebuild Remembered Sets and Scrub Regions
[444.994s][info][gc,marking  ] GC(901) Concurrent Rebuild Remembered Sets and Scrub Regions 20.474ms
[444.994s][info][gc,start    ] GC(901) Pause Cleanup
[444.994s][info][gc          ] GC(901) Pause Cleanup 57M->57M(256M) 0.048ms
[444.994s][info][gc,cpu      ] GC(901) User=0.00s Sys=0.00s Real=0.00s
[444.994s][info][gc,marking  ] GC(901) Concurrent Clear Claimed Marks
[444.994s][info][gc,marking  ] GC(901) Concurrent Clear Claimed Marks 0.039ms
[444.994s][info][gc,marking  ] GC(901) Concurrent Cleanup for Next Mark
[444.995s][info][gc,marking  ] GC(901) Concurrent Cleanup for Next Mark 0.739ms
[444.995s][info][gc          ] GC(901) Concurrent Mark Cycle 89.398ms
[445.489s][info][gc,start    ] GC(902) Pause Young (Prepare Mixed) (G1 Evacuation Pause)
[445.489s][info][gc,task     ] GC(902) Using 2 workers of 2 for evacuation
[445.493s][info][gc,phases   ] GC(902)   Pre Evacuate Collection Set: 0.16ms
[445.493s][info][gc,phases   ] GC(902)   Merge Heap Roots: 0.06ms
[445.493s][info][gc,phases   ] GC(902)   Evacuate Collection Set: 2.70ms
[445.493s][info][gc,phases   ] GC(902)   Post Evacuate Collection Set: 0.39ms
[445.493s][info][gc,phases   ] GC(902)   Other: 0.07ms
[445.493s][info][gc,heap     ] GC(902) Eden regions: 151->0(150)
[445.493s][info][gc,heap     ] GC(902) Survivor regions: 2->3(20)
[445.493s][info][gc,heap     ] GC(902) Old regions: 39->39
[445.493s][info][gc,heap     ] GC(902) Humongous regions: 17->3
[445.493s][info][gc,metaspace] GC(902) Metaspace: 43019K(43392K)->43019K(43392K) NonClass: 38664K(38912K)->38664K(38912K) Class: 4354K(4480K)->4354K(4480K)
[445.493s][info][gc          ] GC(902) Pause Young (Prepare Mixed) (G1 Evacuation Pause) 207M->44M(256M) 3.539ms
[445.493s][info][gc,cpu      ] GC(902) User=0.01s Sys=0.00s Real=0.01s
[446.120s][info][gc,start    ] GC(903) Pause Young (Mixed) (G1 Evacuation Pause)
[446.120s][info][gc,task     ] GC(903) Using 2 workers of 2 for evacuation
[446.134s][info][gc,phases   ] GC(903)   Pre Evacuate Collection Set: 0.16ms
[446.134s][info][gc,phases   ] GC(903)   Merge Heap Roots: 0.17ms
[446.134s][info][gc,phases   ] GC(903)   Evacuate Collection Set: 13.60ms
[446.134s][info][gc,phases   ] GC(903)   Post Evacuate Collection Set: 0.57ms
[446.134s][info][gc,phases   ] GC(903)   Other: 0.07ms
[446.135s][info][gc,heap     ] GC(903) Eden regions: 150->0(146)
[446.135s][info][gc,heap     ] GC(903) Survivor regions: 3->7(20)
[446.135s][info][gc,heap     ] GC(903) Old regions: 39->37
[446.135s][info][gc,heap     ] GC(903) Humongous regions: 13->3
[446.135s][info][gc,metaspace] GC(903) Metaspace: 43019K(43392K)->43019K(43392K) NonClass: 38664K(38912K)->38664K(38912K) Class: 4354K(4480K)->4354K(4480K)
[446.135s][info][gc          ] GC(903) Pause Young (Mixed) (G1 Evacuation Pause) 204M->46M(256M) 14.766ms
[446.135s][info][gc,cpu      ] GC(903) User=0.03s Sys=0.00s Real=0.02s
[446.248s][info][gc,start    ] GC(904) Pause Young (Concurrent Start) (G1 Humongous Allocation)
[446.248s][info][gc,task     ] GC(904) Using 2 workers of 2 for evacuation
[446.252s][info][gc,phases   ] GC(904)   Pre Evacuate Collection Set: 0.17ms
[446.252s][info][gc,phases   ] GC(904)   Merge Heap Roots: 0.06ms
[446.252s][info][gc,phases   ] GC(904)   Evacuate Collection Set: 3.13ms
[446.252s][info][gc,phases   ] GC(904)   Post Evacuate Collection Set: 0.30ms
[446.252s][info][gc,phases   ] GC(904)   Other: 0.08ms
[446.252s][info][gc,heap     ] GC(904) Eden regions: 23->0(149)
[446.252s][info][gc,heap     ] GC(904) Survivor regions: 7->4(20)
[446.252s][info][gc,heap     ] GC(904) Old regions: 37->37
[446.252s][info][gc,heap     ] GC(904) Humongous regions: 3->1
[446.252s][info][gc,metaspace] GC(904) Metaspace: 43019K(43392K)->43019K(43392K) NonClass: 38664K(38912K)->38664K(38912K) Class: 4354K(4480K)->4354K(4480K)
[446.252s][info][gc          ] GC(904) Pause Young (Concurrent Start) (G1 Humongous Allocation) 69M->41M(256M) 3.910ms
[446.252s][info][gc,cpu      ] GC(904) User=0.00s Sys=0.00s Real=0.01s
[446.252s][info][gc          ] GC(905) Concurrent Mark Cycle
[446.252s][info][gc,marking  ] GC(905) Concurrent Scan Root Regions
[446.256s][info][gc,marking  ] GC(905) Concurrent Scan Root Regions 3.791ms
[446.256s][info][gc,marking  ] GC(905) Concurrent Mark
[446.256s][info][gc,marking  ] GC(905) Concurrent Mark From Roots
[446.256s][info][gc,task     ] GC(905) Using 1 workers of 1 for marking
[446.302s][info][gc,marking  ] GC(905) Concurrent Mark From Roots 45.974ms
[446.302s][info][gc,marking  ] GC(905) Concurrent Preclean
[446.302s][info][gc,marking  ] GC(905) Concurrent Preclean 0.035ms
[446.302s][info][gc,start    ] GC(905) Pause Remark
[446.319s][info][gc          ] GC(905) Pause Remark 51M->51M(256M) 16.828ms
[446.319s][info][gc,cpu      ] GC(905) User=0.03s Sys=0.00s Real=0.01s
[446.319s][info][gc,marking  ] GC(905) Concurrent Mark 63.026ms
[446.319s][info][gc,marking  ] GC(905) Concurrent Rebuild Remembered Sets and Scrub Regions
[446.342s][info][gc,marking  ] GC(905) Concurrent Rebuild Remembered Sets and Scrub Regions 23.006ms
[446.342s][info][gc,start    ] GC(905) Pause Cleanup
[446.342s][info][gc          ] GC(905) Pause Cleanup 59M->59M(256M) 0.062ms
[446.342s][info][gc,cpu      ] GC(905) User=0.00s Sys=0.00s Real=0.00s
[446.343s][info][gc,marking  ] GC(905) Concurrent Clear Claimed Marks
[446.343s][info][gc,marking  ] GC(905) Concurrent Clear Claimed Marks 0.045ms
[446.343s][info][gc,marking  ] GC(905) Concurrent Cleanup for Next Mark
[446.344s][info][gc,marking  ] GC(905) Concurrent Cleanup for Next Mark 0.848ms
[446.344s][info][gc          ] GC(905) Concurrent Mark Cycle 92.009ms
[446.868s][info][gc,start    ] GC(906) Pause Young (Prepare Mixed) (G1 Evacuation Pause)
[446.868s][info][gc,task     ] GC(906) Using 2 workers of 2 for evacuation
[446.892s][info][gc,phases   ] GC(906)   Pre Evacuate Collection Set: 0.15ms
[446.892s][info][gc,phases   ] GC(906)   Merge Heap Roots: 0.06ms
[446.892s][info][gc,phases   ] GC(906)   Evacuate Collection Set: 22.56ms
[446.892s][info][gc,phases   ] GC(906)   Post Evacuate Collection Set: 0.50ms
[446.892s][info][gc,phases   ] GC(906)   Other: 0.09ms
[446.892s][info][gc,heap     ] GC(906) Eden regions: 149->0(133)
[446.892s][info][gc,heap     ] GC(906) Survivor regions: 4->20(20)
[446.892s][info][gc,heap     ] GC(906) Old regions: 37->41
[446.892s][info][gc,heap     ] GC(906) Humongous regions: 5->3
[446.892s][info][gc,metaspace] GC(906) Metaspace: 43019K(43392K)->43019K(43392K) NonClass: 38665K(38912K)->38665K(38912K) Class: 4354K(4480K)->4354K(4480K)
[446.892s][info][gc          ] GC(906) Pause Young (Prepare Mixed) (G1 Evacuation Pause) 194M->63M(256M) 23.563ms
[446.892s][info][gc,cpu      ] GC(906) User=0.04s Sys=0.00s Real=0.03s
[447.520s][info][gc,start    ] GC(907) Pause Young (Mixed) (G1 Evacuation Pause)
[447.520s][info][gc,task     ] GC(907) Using 2 workers of 2 for evacuation
[447.550s][info][gc,phases   ] GC(907)   Pre Evacuate Collection Set: 0.16ms
[447.550s][info][gc,phases   ] GC(907)   Merge Heap Roots: 0.15ms
[447.550s][info][gc,phases   ] GC(907)   Evacuate Collection Set: 28.43ms
[447.550s][info][gc,phases   ] GC(907)   Post Evacuate Collection Set: 0.48ms
[447.550s][info][gc,phases   ] GC(907)   Other: 0.07ms
[447.550s][info][gc,heap     ] GC(907) Eden regions: 133->0(141)
[447.550s][info][gc,heap     ] GC(907) Survivor regions: 20->12(20)
[447.550s][info][gc,heap     ] GC(907) Old regions: 41->51
[447.550s][info][gc,heap     ] GC(907) Humongous regions: 3->3
[447.550s][info][gc,metaspace] GC(907) Metaspace: 43019K(43392K)->43019K(43392K) NonClass: 38665K(38912K)->38665K(38912K) Class: 4354K(4480K)->4354K(4480K)
[447.550s][info][gc          ] GC(907) Pause Young (Mixed) (G1 Evacuation Pause) 196M->65M(256M) 29.509ms
[447.550s][info][gc,cpu      ] GC(907) User=0.05s Sys=0.00s Real=0.03s
[447.660s][info][gc,start    ] GC(908) Pause Young (Concurrent Start) (G1 Humongous Allocation)
[447.660s][info][gc,task     ] GC(908) Using 2 workers of 2 for evacuation
[447.679s][info][gc,phases   ] GC(908)   Pre Evacuate Collection Set: 0.17ms
[447.679s][info][gc,phases   ] GC(908)   Merge Heap Roots: 0.10ms
[447.679s][info][gc,phases   ] GC(908)   Evacuate Collection Set: 17.79ms
[447.679s][info][gc,phases   ] GC(908)   Post Evacuate Collection Set: 0.32ms
[447.679s][info][gc,phases   ] GC(908)   Other: 0.10ms
[447.679s][info][gc,heap     ] GC(908) Eden regions: 26->0(126)
[447.679s][info][gc,heap     ] GC(908) Survivor regions: 12->6(20)
[447.679s][info][gc,heap     ] GC(908) Old regions: 51->62
[447.679s][info][gc,heap     ] GC(908) Humongous regions: 3->1
[447.679s][info][gc,metaspace] GC(908) Metaspace: 43019K(43392K)->43019K(43392K) NonClass: 38665K(38912K)->38665K(38912K) Class: 4354K(4480K)->4354K(4480K)
[447.679s][info][gc          ] GC(908) Pause Young (Concurrent Start) (G1 Humongous Allocation) 91M->69M(256M) 18.638ms
[447.679s][info][gc,cpu      ] GC(908) User=0.03s Sys=0.00s Real=0.02s
[447.679s][info][gc          ] GC(909) Concurrent Mark Cycle
[447.679s][info][gc,marking  ] GC(909) Concurrent Scan Root Regions
[447.699s][info][gc,marking  ] GC(909) Concurrent Scan Root Regions 19.493ms
[447.699s][info][gc,marking  ] GC(909) Concurrent Mark
[447.699s][info][gc,marking  ] GC(909) Concurrent Mark From Roots
[447.699s][info][gc,task     ] GC(909) Using 1 workers of 1 for marking
[447.770s][info][gc,marking  ] GC(909) Concurrent Mark From Roots 71.633ms
[447.770s][info][gc,marking  ] GC(909) Concurrent Preclean
[447.770s][info][gc,marking  ] GC(909) Concurrent Preclean 0.036ms
[447.771s][info][gc,start    ] GC(909) Pause Remark
[447.801s][info][gc          ] GC(909) Pause Remark 90M->90M(256M) 29.736ms
[447.801s][info][gc,cpu      ] GC(909) User=0.03s Sys=0.00s Real=0.03s
[447.801s][info][gc,marking  ] GC(909) Concurrent Mark 101.947ms
[447.801s][info][gc,marking  ] GC(909) Concurrent Rebuild Remembered Sets and Scrub Regions
[447.838s][info][gc,marking  ] GC(909) Concurrent Rebuild Remembered Sets and Scrub Regions 37.615ms
[447.838s][info][gc,start    ] GC(909) Pause Cleanup
[447.839s][info][gc          ] GC(909) Pause Cleanup 95M->95M(256M) 0.045ms
[447.839s][info][gc,cpu      ] GC(909) User=0.00s Sys=0.00s Real=0.00s
[447.839s][info][gc,marking  ] GC(909) Concurrent Clear Claimed Marks
[447.839s][info][gc,marking  ] GC(909) Concurrent Clear Claimed Marks 0.053ms
[447.839s][info][gc,marking  ] GC(909) Concurrent Cleanup for Next Mark
[447.839s][info][gc,marking  ] GC(909) Concurrent Cleanup for Next Mark 0.764ms
[447.839s][info][gc          ] GC(909) Concurrent Mark Cycle 160.232ms
[448.244s][info][gc,start    ] GC(910) Pause Young (Prepare Mixed) (G1 Evacuation Pause)
[448.244s][info][gc,task     ] GC(910) Using 2 workers of 2 for evacuation
[448.274s][info][gc,phases   ] GC(910)   Pre Evacuate Collection Set: 0.18ms
[448.274s][info][gc,phases   ] GC(910)   Merge Heap Roots: 0.13ms
[448.274s][info][gc,phases   ] GC(910)   Evacuate Collection Set: 29.09ms
[448.274s][info][gc,phases   ] GC(910)   Post Evacuate Collection Set: 0.48ms
[448.274s][info][gc,phases   ] GC(910)   Other: 0.08ms
[448.274s][info][gc,heap     ] GC(910) Eden regions: 126->0(121)
[448.274s][info][gc,heap     ] GC(910) Survivor regions: 6->17(17)
[448.274s][info][gc,heap     ] GC(910) Old regions: 62->62
[448.274s][info][gc,heap     ] GC(910) Humongous regions: 5->3
[448.274s][info][gc,metaspace] GC(910) Metaspace: 43019K(43392K)->43019K(43392K) NonClass: 38665K(38912K)->38665K(38912K) Class: 4354K(4480K)->4354K(4480K)
[448.275s][info][gc          ] GC(910) Pause Young (Prepare Mixed) (G1 Evacuation Pause) 199M->82M(256M) 30.155ms
[448.275s][info][gc,cpu      ] GC(910) User=0.04s Sys=0.00s Real=0.03s
[448.754s][info][gc,start    ] GC(911) Pause Young (Mixed) (G1 Evacuation Pause)
[448.754s][info][gc,task     ] GC(911) Using 2 workers of 2 for evacuation
[448.781s][info][gc,phases   ] GC(911)   Pre Evacuate Collection Set: 0.20ms
[448.781s][info][gc,phases   ] GC(911)   Merge Heap Roots: 0.27ms
[448.781s][info][gc,phases   ] GC(911)   Evacuate Collection Set: 26.02ms
[448.781s][info][gc,phases   ] GC(911)   Post Evacuate Collection Set: 0.44ms
[448.781s][info][gc,phases   ] GC(911)   Other: 0.12ms
[448.781s][info][gc,heap     ] GC(911) Eden regions: 121->0(132)
[448.781s][info][gc,heap     ] GC(911) Survivor regions: 17->6(18)
[448.781s][info][gc,heap     ] GC(911) Old regions: 62->67
[448.781s][info][gc,heap     ] GC(911) Humongous regions: 11->3
[448.781s][info][gc,metaspace] GC(911) Metaspace: 43019K(43392K)->43019K(43392K) NonClass: 38665K(38912K)->38665K(38912K) Class: 4354K(4480K)->4354K(4480K)
[448.781s][info][gc          ] GC(911) Pause Young (Mixed) (G1 Evacuation Pause) 211M->74M(256M) 27.275ms
[448.781s][info][gc,cpu      ] GC(911) User=0.04s Sys=0.00s Real=0.03s
[448.893s][info][gc,start    ] GC(912) Pause Young (Concurrent Start) (G1 Humongous Allocation)
[448.893s][info][gc,task     ] GC(912) Using 2 workers of 2 for evacuation
[448.895s][info][gc,phases   ] GC(912)   Pre Evacuate Collection Set: 0.19ms
[448.895s][info][gc,phases   ] GC(912)   Merge Heap Roots: 0.04ms
[448.895s][info][gc,phases   ] GC(912)   Evacuate Collection Set: 1.27ms
[448.895s][info][gc,phases   ] GC(912)   Post Evacuate Collection Set: 0.51ms
[448.895s][info][gc,phases   ] GC(912)   Other: 0.08ms
[448.895s][info][gc,heap     ] GC(912) Eden regions: 3->0(160)
[448.895s][info][gc,heap     ] GC(912) Survivor regions: 6->2(18)
[448.895s][info][gc,heap     ] GC(912) Old regions: 67->67
[448.895s][info][gc,heap     ] GC(912) Humongous regions: 3->1
[448.895s][info][gc,metaspace] GC(912) Metaspace: 43022K(43392K)->43022K(43392K) NonClass: 38667K(38912K)->38667K(38912K) Class: 4354K(4480K)->4354K(4480K)
[448.895s][info][gc          ] GC(912) Pause Young (Concurrent Start) (G1 Humongous Allocation) 77M->68M(285M) 2.264ms
[448.895s][info][gc,cpu      ] GC(912) User=0.00s Sys=0.00s Real=0.00s
[448.895s][info][gc          ] GC(913) Concurrent Mark Cycle
[448.895s][info][gc,marking  ] GC(913) Concurrent Scan Root Regions
[448.897s][info][gc,marking  ] GC(913) Concurrent Scan Root Regions 1.411ms
[448.897s][info][gc,marking  ] GC(913) Concurrent Mark
[448.897s][info][gc,marking  ] GC(913) Concurrent Mark From Roots
[448.897s][info][gc,task     ] GC(913) Using 1 workers of 1 for marking
[448.954s][info][gc,marking  ] GC(913) Concurrent Mark From Roots 57.013ms
[448.954s][info][gc,marking  ] GC(913) Concurrent Preclean
[448.954s][info][gc,marking  ] GC(913) Concurrent Preclean 0.038ms
[448.957s][info][gc,start    ] GC(913) Pause Remark
[448.986s][info][gc          ] GC(913) Pause Remark 85M->82M(256M) 28.216ms
[448.986s][info][gc,cpu      ] GC(913) User=0.03s Sys=0.01s Real=0.03s
[448.986s][info][gc,marking  ] GC(913) Concurrent Mark 89.051ms
[448.986s][info][gc,marking  ] GC(913) Concurrent Rebuild Remembered Sets and Scrub Regions
[449.009s][info][gc,marking  ] GC(913) Concurrent Rebuild Remembered Sets and Scrub Regions 23.553ms
[449.009s][info][gc,start    ] GC(913) Pause Cleanup
[449.010s][info][gc          ] GC(913) Pause Cleanup 83M->83M(256M) 0.052ms
[449.010s][info][gc,cpu      ] GC(913) User=0.00s Sys=0.00s Real=0.00s
[449.010s][info][gc,marking  ] GC(913) Concurrent Clear Claimed Marks
[449.010s][info][gc,marking  ] GC(913) Concurrent Clear Claimed Marks 0.041ms
[449.010s][info][gc,marking  ] GC(913) Concurrent Cleanup for Next Mark
[449.010s][info][gc,marking  ] GC(913) Concurrent Cleanup for Next Mark 0.858ms
[449.011s][info][gc          ] GC(913) Concurrent Mark Cycle 115.282ms
[449.577s][info][gc,start    ] GC(914) Pause Young (Prepare Mixed) (G1 Evacuation Pause)
[449.577s][info][gc,task     ] GC(914) Using 2 workers of 2 for evacuation
[449.593s][info][gc,phases   ] GC(914)   Pre Evacuate Collection Set: 0.18ms
[449.593s][info][gc,phases   ] GC(914)   Merge Heap Roots: 0.06ms
[449.593s][info][gc,phases   ] GC(914)   Evacuate Collection Set: 15.23ms
[449.593s][info][gc,phases   ] GC(914)   Post Evacuate Collection Set: 0.43ms
[449.593s][info][gc,phases   ] GC(914)   Other: 0.07ms
[449.593s][info][gc,heap     ] GC(914) Eden regions: 151->0(132)
[449.593s][info][gc,heap     ] GC(914) Survivor regions: 2->13(20)
[449.593s][info][gc,heap     ] GC(914) Old regions: 64->64
[449.593s][info][gc,heap     ] GC(914) Humongous regions: 5->3
[449.593s][info][gc,metaspace] GC(914) Metaspace: 43022K(43392K)->43022K(43392K) NonClass: 38668K(38912K)->38668K(38912K) Class: 4354K(4480K)->4354K(4480K)
[449.593s][info][gc          ] GC(914) Pause Young (Prepare Mixed) (G1 Evacuation Pause) 220M->79M(256M) 16.150ms
[449.594s][info][gc,cpu      ] GC(914) User=0.03s Sys=0.00s Real=0.02s
[450.086s][info][gc,start    ] GC(915) Pause Young (Mixed) (G1 Evacuation Pause)
[450.086s][info][gc,task     ] GC(915) Using 2 workers of 2 for evacuation
[450.093s][info][gc,phases   ] GC(915)   Pre Evacuate Collection Set: 0.21ms
[450.093s][info][gc,phases   ] GC(915)   Merge Heap Roots: 0.08ms
[450.093s][info][gc,phases   ] GC(915)   Evacuate Collection Set: 6.03ms
[450.093s][info][gc,phases   ] GC(915)   Post Evacuate Collection Set: 0.41ms
[450.093s][info][gc,phases   ] GC(915)   Other: 0.07ms
[450.093s][info][gc,heap     ] GC(915) Eden regions: 132->0(148)
[450.093s][info][gc,heap     ] GC(915) Survivor regions: 13->5(19)
[450.093s][info][gc,heap     ] GC(915) Old regions: 64->50
[450.093s][info][gc,heap     ] GC(915) Humongous regions: 11->3
[450.093s][info][gc,metaspace] GC(915) Metaspace: 43022K(43392K)->43022K(43392K) NonClass: 38668K(38912K)->38668K(38912K) Class: 4354K(4480K)->4354K(4480K)
[450.093s][info][gc          ] GC(915) Pause Young (Mixed) (G1 Evacuation Pause) 219M->56M(256M) 7.001ms
[450.093s][info][gc,cpu      ] GC(915) User=0.01s Sys=0.00s Real=0.01s
[450.268s][info][gc,start    ] GC(916) Pause Young (Concurrent Start) (G1 Humongous Allocation)
[450.268s][info][gc,task     ] GC(916) Using 2 workers of 2 for evacuation
[450.271s][info][gc,phases   ] GC(916)   Pre Evacuate Collection Set: 0.20ms
[450.271s][info][gc,phases   ] GC(916)   Merge Heap Roots: 0.05ms
[450.271s][info][gc,phases   ] GC(916)   Evacuate Collection Set: 1.86ms
[450.271s][info][gc,phases   ] GC(916)   Post Evacuate Collection Set: 0.40ms
[450.271s][info][gc,phases   ] GC(916)   Other: 0.10ms
[450.271s][info][gc,heap     ] GC(916) Eden regions: 44->0(151)
[450.271s][info][gc,heap     ] GC(916) Survivor regions: 5->2(20)
[450.271s][info][gc,heap     ] GC(916) Old regions: 50->50
[450.271s][info][gc,heap     ] GC(916) Humongous regions: 3->1
[450.271s][info][gc,metaspace] GC(916) Metaspace: 43022K(43392K)->43022K(43392K) NonClass: 38668K(38912K)->38668K(38912K) Class: 4354K(4480K)->4354K(4480K)
[450.271s][info][gc          ] GC(916) Pause Young (Concurrent Start) (G1 Humongous Allocation) 100M->51M(256M) 2.793ms
[450.271s][info][gc,cpu      ] GC(916) User=0.00s Sys=0.00s Real=0.00s
[450.274s][info][gc          ] GC(917) Concurrent Mark Cycle
[450.274s][info][gc,marking  ] GC(917) Concurrent Scan Root Regions
[450.278s][info][gc,marking  ] GC(917) Concurrent Scan Root Regions 3.885ms
[450.278s][info][gc,marking  ] GC(917) Concurrent Mark
[450.278s][info][gc,marking  ] GC(917) Concurrent Mark From Roots
[450.278s][info][gc,task     ] GC(917) Using 1 workers of 1 for marking
[450.349s][info][gc,marking  ] GC(917) Concurrent Mark From Roots 71.037ms
[450.349s][info][gc,marking  ] GC(917) Concurrent Preclean
[450.349s][info][gc,marking  ] GC(917) Concurrent Preclean 0.034ms
[450.349s][info][gc,start    ] GC(917) Pause Remark
[450.368s][info][gc          ] GC(917) Pause Remark 71M->71M(256M) 18.508ms
[450.368s][info][gc,cpu      ] GC(917) User=0.04s Sys=0.00s Real=0.02s
[450.368s][info][gc,marking  ] GC(917) Concurrent Mark 89.940ms
[450.368s][info][gc,marking  ] GC(917) Concurrent Rebuild Remembered Sets and Scrub Regions
[450.390s][info][gc,marking  ] GC(917) Concurrent Rebuild Remembered Sets and Scrub Regions 22.528ms
[450.391s][info][gc,start    ] GC(917) Pause Cleanup
[450.391s][info][gc          ] GC(917) Pause Cleanup 77M->77M(256M) 0.043ms
[450.391s][info][gc,cpu      ] GC(917) User=0.00s Sys=0.00s Real=0.00s
[450.391s][info][gc,marking  ] GC(917) Concurrent Clear Claimed Marks
[450.391s][info][gc,marking  ] GC(917) Concurrent Clear Claimed Marks 0.039ms
[450.391s][info][gc,marking  ] GC(917) Concurrent Cleanup for Next Mark
[450.391s][info][gc,marking  ] GC(917) Concurrent Cleanup for Next Mark 0.764ms
[450.391s][info][gc          ] GC(917) Concurrent Mark Cycle 117.429ms
[450.910s][info][gc,start    ] GC(918) Pause Young (Prepare Mixed) (G1 Evacuation Pause)
[450.910s][info][gc,task     ] GC(918) Using 2 workers of 2 for evacuation
[450.922s][info][gc,phases   ] GC(918)   Pre Evacuate Collection Set: 0.16ms
[450.922s][info][gc,phases   ] GC(918)   Merge Heap Roots: 0.06ms
[450.922s][info][gc,phases   ] GC(918)   Evacuate Collection Set: 10.57ms
[450.922s][info][gc,phases   ] GC(918)   Post Evacuate Collection Set: 0.41ms
[450.922s][info][gc,phases   ] GC(918)   Other: 0.07ms
[450.922s][info][gc,heap     ] GC(918) Eden regions: 151->0(142)
[450.922s][info][gc,heap     ] GC(918) Survivor regions: 2->11(20)
[450.922s][info][gc,heap     ] GC(918) Old regions: 50->50
[450.922s][info][gc,heap     ] GC(918) Humongous regions: 5->3
[450.922s][info][gc,metaspace] GC(918) Metaspace: 43022K(43392K)->43022K(43392K) NonClass: 38668K(38912K)->38668K(38912K) Class: 4354K(4480K)->4354K(4480K)
[450.922s][info][gc          ] GC(918) Pause Young (Prepare Mixed) (G1 Evacuation Pause) 206M->62M(256M) 11.450ms
[450.922s][info][gc,cpu      ] GC(918) User=0.02s Sys=0.00s Real=0.02s
[451.492s][info][gc,start    ] GC(919) Pause Young (Mixed) (G1 Evacuation Pause)
[451.492s][info][gc,task     ] GC(919) Using 2 workers of 2 for evacuation
[451.509s][info][gc,phases   ] GC(919)   Pre Evacuate Collection Set: 0.21ms
[451.509s][info][gc,phases   ] GC(919)   Merge Heap Roots: 0.07ms
[451.509s][info][gc,phases   ] GC(919)   Evacuate Collection Set: 16.06ms
[451.509s][info][gc,phases   ] GC(919)   Post Evacuate Collection Set: 0.53ms
[451.509s][info][gc,phases   ] GC(919)   Other: 0.09ms
[451.509s][info][gc,heap     ] GC(919) Eden regions: 142->0(134)
[451.509s][info][gc,heap     ] GC(919) Survivor regions: 11->19(20)
[451.509s][info][gc,heap     ] GC(919) Old regions: 50->47
[451.509s][info][gc,heap     ] GC(919) Humongous regions: 9->3
[451.509s][info][gc,metaspace] GC(919) Metaspace: 43022K(43392K)->43022K(43392K) NonClass: 38668K(38912K)->38668K(38912K) Class: 4354K(4480K)->4354K(4480K)
[451.509s][info][gc          ] GC(919) Pause Young (Mixed) (G1 Evacuation Pause) 210M->68M(256M) 17.181ms
[451.509s][info][gc,cpu      ] GC(919) User=0.04s Sys=0.00s Real=0.01s
[451.934s][info][gc,start    ] GC(920) Pause Young (Concurrent Start) (G1 Evacuation Pause)
[451.934s][info][gc,task     ] GC(920) Using 2 workers of 2 for evacuation
[451.973s][info][gc,phases   ] GC(920)   Pre Evacuate Collection Set: 0.21ms
[451.973s][info][gc,phases   ] GC(920)   Merge Heap Roots: 0.06ms
[451.973s][info][gc,phases   ] GC(920)   Evacuate Collection Set: 38.12ms
[451.973s][info][gc,phases   ] GC(920)   Post Evacuate Collection Set: 0.48ms
[451.973s][info][gc,phases   ] GC(920)   Other: 0.09ms
[451.973s][info][gc,heap     ] GC(920) Eden regions: 134->0(121)
[451.973s][info][gc,heap     ] GC(920) Survivor regions: 19->20(20)
[451.973s][info][gc,heap     ] GC(920) Old regions: 47->66
[451.973s][info][gc,heap     ] GC(920) Humongous regions: 3->3
[451.973s][info][gc,metaspace] GC(920) Metaspace: 43022K(43392K)->43022K(43392K) NonClass: 38668K(38912K)->38668K(38912K) Class: 4354K(4480K)->4354K(4480K)
[451.973s][info][gc          ] GC(920) Pause Young (Concurrent Start) (G1 Evacuation Pause) 202M->89M(256M) 39.172ms
[451.973s][info][gc,cpu      ] GC(920) User=0.08s Sys=0.00s Real=0.04s
[451.973s][info][gc          ] GC(921) Concurrent Mark Cycle
[451.973s][info][gc,marking  ] GC(921) Concurrent Scan Root Regions
[452.009s][info][gc,marking  ] GC(921) Concurrent Scan Root Regions 36.057ms
[452.009s][info][gc,marking  ] GC(921) Concurrent Mark
[452.009s][info][gc,marking  ] GC(921) Concurrent Mark From Roots
[452.009s][info][gc,task     ] GC(921) Using 1 workers of 1 for marking
[452.081s][info][gc,marking  ] GC(921) Concurrent Mark From Roots 71.781ms
[452.081s][info][gc,marking  ] GC(921) Concurrent Preclean
[452.081s][info][gc,marking  ] GC(921) Concurrent Preclean 0.038ms
[452.082s][info][gc,start    ] GC(921) Pause Remark
[452.099s][info][gc          ] GC(921) Pause Remark 106M->106M(256M) 16.912ms
[452.099s][info][gc,cpu      ] GC(921) User=0.03s Sys=0.00s Real=0.01s
[452.099s][info][gc,marking  ] GC(921) Concurrent Mark 89.921ms
[452.099s][info][gc,marking  ] GC(921) Concurrent Rebuild Remembered Sets and Scrub Regions
[452.152s][info][gc,marking  ] GC(921) Concurrent Rebuild Remembered Sets and Scrub Regions 52.632ms
[452.153s][info][gc,start    ] GC(921) Pause Cleanup
[452.153s][info][gc          ] GC(921) Pause Cleanup 118M->118M(256M) 0.066ms
[452.153s][info][gc,cpu      ] GC(921) User=0.00s Sys=0.00s Real=0.00s
[452.153s][info][gc,marking  ] GC(921) Concurrent Clear Claimed Marks
[452.153s][info][gc,marking  ] GC(921) Concurrent Clear Claimed Marks 0.044ms
[452.153s][info][gc,marking  ] GC(921) Concurrent Cleanup for Next Mark
[452.154s][info][gc,marking  ] GC(921) Concurrent Cleanup for Next Mark 0.773ms
[452.154s][info][gc          ] GC(921) Concurrent Mark Cycle 180.322ms
[452.645s][info][gc,start    ] GC(922) Pause Young (Prepare Mixed) (G1 Evacuation Pause)
[452.646s][info][gc,task     ] GC(922) Using 2 workers of 2 for evacuation
[452.712s][info][gc,phases   ] GC(922)   Pre Evacuate Collection Set: 0.17ms
[452.712s][info][gc,phases   ] GC(922)   Merge Heap Roots: 0.25ms
[452.712s][info][gc,phases   ] GC(922)   Evacuate Collection Set: 65.65ms
[452.712s][info][gc,phases   ] GC(922)   Post Evacuate Collection Set: 0.48ms
[452.712s][info][gc,phases   ] GC(922)   Other: 0.09ms
[452.712s][info][gc,heap     ] GC(922) Eden regions: 121->0(89)
[452.712s][info][gc,heap     ] GC(922) Survivor regions: 20->18(18)
[452.712s][info][gc,heap     ] GC(922) Old regions: 66->102
[452.712s][info][gc,heap     ] GC(922) Humongous regions: 3->3
[452.712s][info][gc,metaspace] GC(922) Metaspace: 43022K(43392K)->43022K(43392K) NonClass: 38668K(38912K)->38668K(38912K) Class: 4354K(4480K)->4354K(4480K)
[452.712s][info][gc          ] GC(922) Pause Young (Prepare Mixed) (G1 Evacuation Pause) 210M->122M(264M) 66.849ms
[452.712s][info][gc,cpu      ] GC(922) User=0.13s Sys=0.00s Real=0.07s
[453.189s][info][gc,start    ] GC(923) Pause Young (Mixed) (G1 Evacuation Pause)
[453.189s][info][gc,task     ] GC(923) Using 2 workers of 2 for evacuation
[453.247s][info][gc,phases   ] GC(923)   Pre Evacuate Collection Set: 0.17ms
[453.247s][info][gc,phases   ] GC(923)   Merge Heap Roots: 0.34ms
[453.247s][info][gc,phases   ] GC(923)   Evacuate Collection Set: 57.20ms
[453.247s][info][gc,phases   ] GC(923)   Post Evacuate Collection Set: 0.43ms
[453.247s][info][gc,phases   ] GC(923)   Other: 0.08ms
[453.247s][info][gc,heap     ] GC(923) Eden regions: 89->0(69)
[453.247s][info][gc,heap     ] GC(923) Survivor regions: 18->14(14)
[453.247s][info][gc,heap     ] GC(923) Old regions: 102->130
[453.247s][info][gc,heap     ] GC(923) Humongous regions: 3->3
[453.247s][info][gc,metaspace] GC(923) Metaspace: 43022K(43392K)->43022K(43392K) NonClass: 38668K(38912K)->38668K(38912K) Class: 4354K(4480K)->4354K(4480K)
[453.247s][info][gc          ] GC(923) Pause Young (Mixed) (G1 Evacuation Pause) 211M->146M(264M) 58.424ms
[453.247s][info][gc,cpu      ] GC(923) User=0.12s Sys=0.00s Real=0.06s
[453.553s][info][gc,start    ] GC(924) Pause Young (Concurrent Start) (G1 Humongous Allocation)
[453.553s][info][gc,task     ] GC(924) Using 2 workers of 2 for evacuation
[453.593s][info][gc,phases   ] GC(924)   Pre Evacuate Collection Set: 0.17ms
[453.593s][info][gc,phases   ] GC(924)   Merge Heap Roots: 0.21ms
[453.593s][info][gc,phases   ] GC(924)   Evacuate Collection Set: 38.40ms
[453.593s][info][gc,phases   ] GC(924)   Post Evacuate Collection Set: 0.42ms
[453.593s][info][gc,phases   ] GC(924)   Other: 0.11ms
[453.593s][info][gc,heap     ] GC(924) Eden regions: 55->0(60)
[453.593s][info][gc,heap     ] GC(924) Survivor regions: 14->11(11)
[453.593s][info][gc,heap     ] GC(924) Old regions: 130->150
[453.593s][info][gc,heap     ] GC(924) Humongous regions: 3->1
[453.593s][info][gc,metaspace] GC(924) Metaspace: 43022K(43392K)->43022K(43392K) NonClass: 38668K(38912K)->38668K(38912K) Class: 4354K(4480K)->4354K(4480K)
[453.593s][info][gc          ] GC(924) Pause Young (Concurrent Start) (G1 Humongous Allocation) 201M->161M(264M) 39.498ms
[453.593s][info][gc,cpu      ] GC(924) User=0.08s Sys=0.00s Real=0.04s
[453.593s][info][gc          ] GC(925) Concurrent Mark Cycle
[453.593s][info][gc,marking  ] GC(925) Concurrent Scan Root Regions
[453.667s][info][gc,marking  ] GC(925) Concurrent Scan Root Regions 74.323ms
[453.667s][info][gc,marking  ] GC(925) Concurrent Mark
[453.667s][info][gc,marking  ] GC(925) Concurrent Mark From Roots
[453.667s][info][gc,task     ] GC(925) Using 1 workers of 1 for marking
[453.853s][info][gc,marking  ] GC(925) Concurrent Mark From Roots 185.845ms
[453.853s][info][gc,marking  ] GC(925) Concurrent Preclean
[453.853s][info][gc,marking  ] GC(925) Concurrent Preclean 0.039ms
[453.853s][info][gc,start    ] GC(925) Pause Remark
[453.870s][info][gc          ] GC(925) Pause Remark 202M->202M(274M) 17.187ms
[453.871s][info][gc,cpu      ] GC(925) User=0.03s Sys=0.00s Real=0.01s
[453.873s][info][gc,marking  ] GC(925) Concurrent Mark 205.642ms
[453.873s][info][gc,marking  ] GC(925) Concurrent Rebuild Remembered Sets and Scrub Regions
[454.002s][info][gc,start    ] GC(926) Pause Young (Normal) (G1 Evacuation Pause)
[454.002s][info][gc,task     ] GC(926) Using 2 workers of 2 for evacuation
[454.026s][info][gc,phases   ] GC(926)   Pre Evacuate Collection Set: 0.17ms
[454.026s][info][gc,phases   ] GC(926)   Merge Heap Roots: 0.14ms
[454.026s][info][gc,phases   ] GC(926)   Evacuate Collection Set: 23.27ms
[454.026s][info][gc,phases   ] GC(926)   Post Evacuate Collection Set: 0.41ms
[454.026s][info][gc,phases   ] GC(926)   Other: 0.10ms
[454.026s][info][gc,heap     ] GC(926) Eden regions: 60->0(60)
[454.026s][info][gc,heap     ] GC(926) Survivor regions: 11->9(9)
[454.026s][info][gc,heap     ] GC(926) Old regions: 150->162
[454.026s][info][gc,heap     ] GC(926) Humongous regions: 3->3
[454.026s][info][gc,metaspace] GC(926) Metaspace: 43022K(43392K)->43022K(43392K) NonClass: 38668K(38912K)->38668K(38912K) Class: 4354K(4480K)->4354K(4480K)
[454.026s][info][gc          ] GC(926) Pause Young (Normal) (G1 Evacuation Pause) 223M->174M(274M) 24.288ms
[454.026s][info][gc,cpu      ] GC(926) User=0.05s Sys=0.00s Real=0.02s
[454.039s][info][gc,marking  ] GC(925) Concurrent Rebuild Remembered Sets and Scrub Regions 166.310ms
[454.039s][info][gc,start    ] GC(925) Pause Cleanup
[454.039s][info][gc          ] GC(925) Pause Cleanup 177M->177M(274M) 0.086ms
[454.039s][info][gc,cpu      ] GC(925) User=0.00s Sys=0.00s Real=0.00s
[454.039s][info][gc,marking  ] GC(925) Concurrent Clear Claimed Marks
[454.039s][info][gc,marking  ] GC(925) Concurrent Clear Claimed Marks 0.047ms
[454.039s][info][gc,marking  ] GC(925) Concurrent Cleanup for Next Mark
[454.040s][info][gc,marking  ] GC(925) Concurrent Cleanup for Next Mark 0.973ms
[454.040s][info][gc          ] GC(925) Concurrent Mark Cycle 447.759ms
[454.310s][info][gc,start    ] GC(927) Pause Young (Prepare Mixed) (G1 Evacuation Pause)
[454.311s][info][gc,task     ] GC(927) Using 2 workers of 2 for evacuation
[454.328s][info][gc,phases   ] GC(927)   Pre Evacuate Collection Set: 0.16ms
[454.328s][info][gc,phases   ] GC(927)   Merge Heap Roots: 0.15ms
[454.328s][info][gc,phases   ] GC(927)   Evacuate Collection Set: 16.70ms
[454.328s][info][gc,phases   ] GC(927)   Post Evacuate Collection Set: 0.38ms
[454.328s][info][gc,phases   ] GC(927)   Other: 0.10ms
[454.328s][info][gc,heap     ] GC(927) Eden regions: 60->0(63)
[454.328s][info][gc,heap     ] GC(927) Survivor regions: 9->5(9)
[454.328s][info][gc,heap     ] GC(927) Old regions: 162->169
[454.328s][info][gc,heap     ] GC(927) Humongous regions: 5->1
[454.328s][info][gc,metaspace] GC(927) Metaspace: 43022K(43392K)->43022K(43392K) NonClass: 38668K(38912K)->38668K(38912K) Class: 4354K(4480K)->4354K(4480K)
[454.328s][info][gc          ] GC(927) Pause Young (Prepare Mixed) (G1 Evacuation Pause) 236M->174M(274M) 17.660ms
[454.328s][info][gc,cpu      ] GC(927) User=0.04s Sys=0.00s Real=0.02s
[454.551s][info][gc,start    ] GC(928) Pause Young (Mixed) (G1 Evacuation Pause)
[454.551s][info][gc,task     ] GC(928) Using 2 workers of 2 for evacuation
[454.578s][info][gc,phases   ] GC(928)   Pre Evacuate Collection Set: 0.21ms
[454.578s][info][gc,phases   ] GC(928)   Merge Heap Roots: 0.25ms
[454.578s][info][gc,phases   ] GC(928)   Evacuate Collection Set: 25.24ms
[454.578s][info][gc,phases   ] GC(928)   Post Evacuate Collection Set: 1.03ms
[454.578s][info][gc,phases   ] GC(928)   Other: 0.07ms
[454.578s][info][gc,heap     ] GC(928) Eden regions: 63->0(131)
[454.578s][info][gc,heap     ] GC(928) Survivor regions: 5->9(9)
[454.578s][info][gc,heap     ] GC(928) Old regions: 169->149
[454.578s][info][gc,heap     ] GC(928) Humongous regions: 3->3
[454.578s][info][gc,metaspace] GC(928) Metaspace: 43022K(43392K)->43022K(43392K) NonClass: 38668K(38912K)->38668K(38912K) Class: 4354K(4480K)->4354K(4480K)
[454.578s][info][gc          ] GC(928) Pause Young (Mixed) (G1 Evacuation Pause) 239M->161M(356M) 26.986ms
[454.578s][info][gc,cpu      ] GC(928) User=0.05s Sys=0.01s Real=0.03s
[455.148s][info][gc,start    ] GC(929) Pause Young (Mixed) (G1 Evacuation Pause)
[455.148s][info][gc,task     ] GC(929) Using 2 workers of 2 for evacuation
[455.199s][info][gc,phases   ] GC(929)   Pre Evacuate Collection Set: 0.22ms
[455.199s][info][gc,phases   ] GC(929)   Merge Heap Roots: 0.89ms
[455.199s][info][gc,phases   ] GC(929)   Evacuate Collection Set: 49.67ms
[455.199s][info][gc,phases   ] GC(929)   Post Evacuate Collection Set: 0.50ms
[455.199s][info][gc,phases   ] GC(929)   Other: 0.08ms
[455.199s][info][gc,heap     ] GC(929) Eden regions: 131->0(143)
[455.199s][info][gc,heap     ] GC(929) Survivor regions: 9->18(18)
[455.199s][info][gc,heap     ] GC(929) Old regions: 149->129
[455.199s][info][gc,heap     ] GC(929) Humongous regions: 11->3
[455.199s][info][gc,metaspace] GC(929) Metaspace: 43022K(43392K)->43022K(43392K) NonClass: 38668K(38912K)->38668K(38912K) Class: 4354K(4480K)->4354K(4480K)
[455.199s][info][gc          ] GC(929) Pause Young (Mixed) (G1 Evacuation Pause) 300M->149M(356M) 51.574ms
[455.199s][info][gc,cpu      ] GC(929) User=0.10s Sys=0.00s Real=0.05s
[455.355s][info][gc,start    ] GC(930) Pause Young (Concurrent Start) (G1 Humongous Allocation)
[455.356s][info][gc,task     ] GC(930) Using 2 workers of 2 for evacuation
[455.389s][info][gc,phases   ] GC(930)   Pre Evacuate Collection Set: 0.23ms
[455.389s][info][gc,phases   ] GC(930)   Merge Heap Roots: 0.10ms
[455.389s][info][gc,phases   ] GC(930)   Evacuate Collection Set: 32.84ms
[455.389s][info][gc,phases   ] GC(930)   Post Evacuate Collection Set: 0.37ms
[455.389s][info][gc,phases   ] GC(930)   Other: 0.11ms
[455.389s][info][gc,heap     ] GC(930) Eden regions: 44->0(116)
[455.389s][info][gc,heap     ] GC(930) Survivor regions: 18->21(21)
[455.389s][info][gc,heap     ] GC(930) Old regions: 129->151
[455.389s][info][gc,heap     ] GC(930) Humongous regions: 3->3
[455.389s][info][gc,metaspace] GC(930) Metaspace: 43022K(43392K)->43022K(43392K) NonClass: 38668K(38912K)->38668K(38912K) Class: 4354K(4480K)->4354K(4480K)
[455.389s][info][gc          ] GC(930) Pause Young (Concurrent Start) (G1 Humongous Allocation) 193M->174M(356M) 33.890ms
[455.389s][info][gc,cpu      ] GC(930) User=0.06s Sys=0.00s Real=0.03s
[455.389s][info][gc          ] GC(931) Concurrent Mark Cycle
[455.391s][info][gc,marking  ] GC(931) Concurrent Scan Root Regions
[455.432s][info][gc,marking  ] GC(931) Concurrent Scan Root Regions 40.511ms
[455.432s][info][gc,marking  ] GC(931) Concurrent Mark
[455.432s][info][gc,marking  ] GC(931) Concurrent Mark From Roots
[455.432s][info][gc,task     ] GC(931) Using 1 workers of 1 for marking
[455.512s][info][gc,marking  ] GC(931) Concurrent Mark From Roots 80.651ms
[455.512s][info][gc,marking  ] GC(931) Concurrent Preclean
[455.512s][info][gc,marking  ] GC(931) Concurrent Preclean 0.040ms
[455.513s][info][gc,start    ] GC(931) Pause Remark
[455.530s][info][gc          ] GC(931) Pause Remark 201M->187M(356M) 17.221ms
[455.530s][info][gc,cpu      ] GC(931) User=0.04s Sys=0.00s Real=0.01s
[455.530s][info][gc,marking  ] GC(931) Concurrent Mark 98.202ms
[455.530s][info][gc,marking  ] GC(931) Concurrent Rebuild Remembered Sets and Scrub Regions
[455.578s][info][gc,marking  ] GC(931) Concurrent Rebuild Remembered Sets and Scrub Regions 48.045ms
[455.578s][info][gc,start    ] GC(931) Pause Cleanup
[455.578s][info][gc          ] GC(931) Pause Cleanup 197M->197M(356M) 0.086ms
[455.578s][info][gc,cpu      ] GC(931) User=0.00s Sys=0.00s Real=0.00s
[455.578s][info][gc,marking  ] GC(931) Concurrent Clear Claimed Marks
[455.578s][info][gc,marking  ] GC(931) Concurrent Clear Claimed Marks 0.042ms
[455.578s][info][gc,marking  ] GC(931) Concurrent Cleanup for Next Mark
[455.580s][info][gc,marking  ] GC(931) Concurrent Cleanup for Next Mark 1.927ms
[455.580s][info][gc          ] GC(931) Concurrent Mark Cycle 190.970ms
[455.862s][info][gc,start    ] GC(932) Pause Young (Prepare Mixed) (G1 Evacuation Pause)
[455.862s][info][gc,task     ] GC(932) Using 2 workers of 2 for evacuation
[455.892s][info][gc,phases   ] GC(932)   Pre Evacuate Collection Set: 0.19ms
[455.892s][info][gc,phases   ] GC(932)   Merge Heap Roots: 0.10ms
[455.892s][info][gc,phases   ] GC(932)   Evacuate Collection Set: 28.59ms
[455.892s][info][gc,phases   ] GC(932)   Post Evacuate Collection Set: 0.43ms
[455.892s][info][gc,phases   ] GC(932)   Other: 0.08ms
[455.892s][info][gc,heap     ] GC(932) Eden regions: 116->0(102)
[455.892s][info][gc,heap     ] GC(932) Survivor regions: 21->18(18)
[455.892s][info][gc,heap     ] GC(932) Old regions: 137->164
[455.892s][info][gc,heap     ] GC(932) Humongous regions: 5->4
[455.892s][info][gc,metaspace] GC(932) Metaspace: 43022K(43392K)->43022K(43392K) NonClass: 38668K(38912K)->38668K(38912K) Class: 4354K(4480K)->4354K(4480K)
[455.892s][info][gc          ] GC(932) Pause Young (Prepare Mixed) (G1 Evacuation Pause) 278M->186M(356M) 29.602ms
[455.892s][info][gc,cpu      ] GC(932) User=0.06s Sys=0.00s Real=0.03s
[456.233s][info][gc,start    ] GC(933) Pause Young (Mixed) (G1 Evacuation Pause)
[456.233s][info][gc,task     ] GC(933) Using 2 workers of 2 for evacuation
[456.262s][info][gc,phases   ] GC(933)   Pre Evacuate Collection Set: 0.21ms
[456.262s][info][gc,phases   ] GC(933)   Merge Heap Roots: 0.17ms
[456.262s][info][gc,phases   ] GC(933)   Evacuate Collection Set: 27.94ms
[456.262s][info][gc,phases   ] GC(933)   Post Evacuate Collection Set: 0.45ms
[456.262s][info][gc,phases   ] GC(933)   Other: 0.07ms
[456.262s][info][gc,heap     ] GC(933) Eden regions: 102->0(114)
[456.262s][info][gc,heap     ] GC(933) Survivor regions: 18->15(15)
[456.262s][info][gc,heap     ] GC(933) Old regions: 164->146
[456.262s][info][gc,heap     ] GC(933) Humongous regions: 4->4
[456.262s][info][gc,metaspace] GC(933) Metaspace: 43022K(43392K)->43022K(43392K) NonClass: 38668K(38912K)->38668K(38912K) Class: 4354K(4480K)->4354K(4480K)
[456.262s][info][gc          ] GC(933) Pause Young (Mixed) (G1 Evacuation Pause) 288M->165M(356M) 29.110ms
[456.262s][info][gc,cpu      ] GC(933) User=0.06s Sys=0.00s Real=0.03s
[456.661s][info][gc,start    ] GC(934) Pause Young (Mixed) (G1 Evacuation Pause)
[456.661s][info][gc,task     ] GC(934) Using 2 workers of 2 for evacuation
[456.690s][info][gc,phases   ] GC(934)   Pre Evacuate Collection Set: 0.27ms
[456.690s][info][gc,phases   ] GC(934)   Merge Heap Roots: 0.27ms
[456.690s][info][gc,phases   ] GC(934)   Evacuate Collection Set: 26.73ms
[456.690s][info][gc,phases   ] GC(934)   Post Evacuate Collection Set: 0.90ms
[456.690s][info][gc,phases   ] GC(934)   Other: 0.09ms
[456.690s][info][gc,heap     ] GC(934) Eden regions: 114->0(141)
[456.690s][info][gc,heap     ] GC(934) Survivor regions: 15->17(17)
[456.690s][info][gc,heap     ] GC(934) Old regions: 146->144
[456.690s][info][gc,heap     ] GC(934) Humongous regions: 6->5
[456.690s][info][gc,metaspace] GC(934) Metaspace: 43022K(43392K)->43022K(43392K) NonClass: 38668K(38912K)->38668K(38912K) Class: 4354K(4480K)->4354K(4480K)
[456.690s][info][gc          ] GC(934) Pause Young (Mixed) (G1 Evacuation Pause) 281M->166M(412M) 28.464ms
[456.690s][info][gc,cpu      ] GC(934) User=0.05s Sys=0.00s Real=0.02s
[457.231s][info][gc,start    ] GC(935) Pause Young (Concurrent Start) (G1 Evacuation Pause)
[457.231s][info][gc,task     ] GC(935) Using 2 workers of 2 for evacuation
[457.271s][info][gc,phases   ] GC(935)   Pre Evacuate Collection Set: 0.26ms
[457.271s][info][gc,phases   ] GC(935)   Merge Heap Roots: 0.13ms
[457.271s][info][gc,phases   ] GC(935)   Evacuate Collection Set: 39.32ms
[457.271s][info][gc,phases   ] GC(935)   Post Evacuate Collection Set: 0.52ms
[457.272s][info][gc,phases   ] GC(935)   Other: 0.08ms
[457.272s][info][gc,heap     ] GC(935) Eden regions: 141->0(108)
[457.272s][info][gc,heap     ] GC(935) Survivor regions: 17->20(20)
[457.272s][info][gc,heap     ] GC(935) Old regions: 144->185
[457.272s][info][gc,heap     ] GC(935) Humongous regions: 5->5
[457.272s][info][gc,metaspace] GC(935) Metaspace: 43023K(43392K)->43023K(43392K) NonClass: 38669K(38912K)->38669K(38912K) Class: 4354K(4480K)->4354K(4480K)
[457.272s][info][gc          ] GC(935) Pause Young (Concurrent Start) (G1 Evacuation Pause) 307M->210M(412M) 40.524ms
[457.272s][info][gc          ] GC(936) Concurrent Mark Cycle
[457.272s][info][gc,marking  ] GC(936) Concurrent Scan Root Regions
[457.272s][info][gc,cpu      ] GC(935) User=0.08s Sys=0.00s Real=0.05s
[457.297s][info][gc,marking  ] GC(936) Concurrent Scan Root Regions 25.835ms
[457.297s][info][gc,marking  ] GC(936) Concurrent Mark
[457.297s][info][gc,marking  ] GC(936) Concurrent Mark From Roots
[457.298s][info][gc,task     ] GC(936) Using 1 workers of 1 for marking
[457.383s][info][gc,marking  ] GC(936) Concurrent Mark From Roots 85.494ms
[457.383s][info][gc,marking  ] GC(936) Concurrent Preclean
[457.383s][info][gc,marking  ] GC(936) Concurrent Preclean 0.046ms
[457.383s][info][gc,start    ] GC(936) Pause Remark
[457.400s][info][gc          ] GC(936) Pause Remark 239M->213M(412M) 17.161ms
[457.400s][info][gc,cpu      ] GC(936) User=0.03s Sys=0.00s Real=0.01s
[457.401s][info][gc,marking  ] GC(936) Concurrent Mark 103.048ms
[457.401s][info][gc,marking  ] GC(936) Concurrent Rebuild Remembered Sets and Scrub Regions
[457.460s][info][gc,marking  ] GC(936) Concurrent Rebuild Remembered Sets and Scrub Regions 59.617ms
[457.460s][info][gc,start    ] GC(936) Pause Cleanup
[457.460s][info][gc          ] GC(936) Pause Cleanup 223M->223M(412M) 0.074ms
[457.460s][info][gc,cpu      ] GC(936) User=0.00s Sys=0.00s Real=0.00s
[457.460s][info][gc,marking  ] GC(936) Concurrent Clear Claimed Marks
[457.461s][info][gc,marking  ] GC(936) Concurrent Clear Claimed Marks 0.041ms
[457.461s][info][gc,marking  ] GC(936) Concurrent Cleanup for Next Mark
[457.462s][info][gc,marking  ] GC(936) Concurrent Cleanup for Next Mark 1.832ms
[457.462s][info][gc          ] GC(936) Concurrent Mark Cycle 190.794ms
[457.727s][info][gc,start    ] GC(937) Pause Young (Prepare Mixed) (G1 Evacuation Pause)
[457.727s][info][gc,task     ] GC(937) Using 2 workers of 2 for evacuation
[457.783s][info][gc,phases   ] GC(937)   Pre Evacuate Collection Set: 0.20ms
[457.783s][info][gc,phases   ] GC(937)   Merge Heap Roots: 0.31ms
[457.783s][info][gc,phases   ] GC(937)   Evacuate Collection Set: 54.52ms
[457.783s][info][gc,phases   ] GC(937)   Post Evacuate Collection Set: 0.52ms
[457.783s][info][gc,phases   ] GC(937)   Other: 0.07ms
[457.783s][info][gc,heap     ] GC(937) Eden regions: 108->0(85)
[457.783s][info][gc,heap     ] GC(937) Survivor regions: 20->16(16)
[457.783s][info][gc,heap     ] GC(937) Old regions: 160->215
[457.783s][info][gc,heap     ] GC(937) Humongous regions: 4->4
[457.783s][info][gc,metaspace] GC(937) Metaspace: 43023K(43392K)->43023K(43392K) NonClass: 38669K(38912K)->38669K(38912K) Class: 4354K(4480K)->4354K(4480K)
[457.783s][info][gc          ] GC(937) Pause Young (Prepare Mixed) (G1 Evacuation Pause) 292M->234M(412M) 55.874ms
[457.783s][info][gc,cpu      ] GC(937) User=0.11s Sys=0.00s Real=0.06s
[458.116s][info][gc,start    ] GC(938) Pause Young (Mixed) (G1 Evacuation Pause)
[458.116s][info][gc,task     ] GC(938) Using 2 workers of 2 for evacuation
[458.162s][info][gc,phases   ] GC(938)   Pre Evacuate Collection Set: 0.33ms
[458.163s][info][gc,phases   ] GC(938)   Merge Heap Roots: 0.43ms
[458.163s][info][gc,phases   ] GC(938)   Evacuate Collection Set: 45.62ms
[458.163s][info][gc,phases   ] GC(938)   Post Evacuate Collection Set: 0.47ms
[458.163s][info][gc,phases   ] GC(938)   Other: 0.07ms
[458.163s][info][gc,heap     ] GC(938) Eden regions: 85->0(88)
[458.163s][info][gc,heap     ] GC(938) Survivor regions: 16->13(13)
[458.163s][info][gc,heap     ] GC(938) Old regions: 215->209
[458.163s][info][gc,heap     ] GC(938) Humongous regions: 5->5
[458.163s][info][gc,metaspace] GC(938) Metaspace: 43023K(43392K)->43023K(43392K) NonClass: 38669K(38912K)->38669K(38912K) Class: 4354K(4480K)->4354K(4480K)
[458.163s][info][gc          ] GC(938) Pause Young (Mixed) (G1 Evacuation Pause) 320M->227M(412M) 47.139ms
[458.163s][info][gc,cpu      ] GC(938) User=0.09s Sys=0.00s Real=0.05s
[458.458s][info][gc,start    ] GC(939) Pause Young (Mixed) (G1 Evacuation Pause)
[458.458s][info][gc,task     ] GC(939) Using 2 workers of 2 for evacuation
[458.481s][info][gc,phases   ] GC(939)   Pre Evacuate Collection Set: 0.23ms
[458.481s][info][gc,phases   ] GC(939)   Merge Heap Roots: 0.19ms
[458.481s][info][gc,phases   ] GC(939)   Evacuate Collection Set: 22.04ms
[458.481s][info][gc,phases   ] GC(939)   Post Evacuate Collection Set: 0.44ms
[458.481s][info][gc,phases   ] GC(939)   Other: 0.10ms
[458.481s][info][gc,heap     ] GC(939) Eden regions: 88->0(90)
[458.481s][info][gc,heap     ] GC(939) Survivor regions: 13->13(13)
[458.481s][info][gc,heap     ] GC(939) Old regions: 209->218
[458.481s][info][gc,heap     ] GC(939) Humongous regions: 5->5
[458.481s][info][gc,metaspace] GC(939) Metaspace: 43023K(43392K)->43023K(43392K) NonClass: 38669K(38912K)->38669K(38912K) Class: 4354K(4480K)->4354K(4480K)
[458.481s][info][gc          ] GC(939) Pause Young (Mixed) (G1 Evacuation Pause) 315M->235M(412M) 23.226ms
[458.481s][info][gc,cpu      ] GC(939) User=0.04s Sys=0.00s Real=0.03s
[458.740s][info][gc,start    ] GC(940) Pause Young (Concurrent Start) (G1 Humongous Allocation)
[458.740s][info][gc,task     ] GC(940) Using 2 workers of 2 for evacuation
[458.783s][info][gc,phases   ] GC(940)   Pre Evacuate Collection Set: 0.25ms
[458.783s][info][gc,phases   ] GC(940)   Merge Heap Roots: 0.08ms
[458.783s][info][gc,phases   ] GC(940)   Evacuate Collection Set: 41.13ms
[458.783s][info][gc,phases   ] GC(940)   Post Evacuate Collection Set: 0.94ms
[458.783s][info][gc,phases   ] GC(940)   Other: 0.10ms
[458.783s][info][gc,heap     ] GC(940) Eden regions: 75->0(85)
[458.783s][info][gc,heap     ] GC(940) Survivor regions: 13->13(13)
[458.783s][info][gc,heap     ] GC(940) Old regions: 218->270
[458.783s][info][gc,heap     ] GC(940) Humongous regions: 5->5
[458.783s][info][gc,metaspace] GC(940) Metaspace: 43023K(43392K)->43023K(43392K) NonClass: 38669K(38912K)->38669K(38912K) Class: 4354K(4480K)->4354K(4480K)
[458.783s][info][gc          ] GC(940) Pause Young (Concurrent Start) (G1 Humongous Allocation) 309M->287M(477M) 42.724ms
[458.783s][info][gc,cpu      ] GC(940) User=0.08s Sys=0.00s Real=0.05s
[458.783s][info][gc          ] GC(941) Concurrent Mark Cycle
[458.783s][info][gc,marking  ] GC(941) Concurrent Scan Root Regions
[458.810s][info][gc,marking  ] GC(941) Concurrent Scan Root Regions 27.101ms
[458.810s][info][gc,marking  ] GC(941) Concurrent Mark
[458.810s][info][gc,marking  ] GC(941) Concurrent Mark From Roots
[458.810s][info][gc,task     ] GC(941) Using 1 workers of 1 for marking
[458.901s][info][gc,marking  ] GC(941) Concurrent Mark From Roots 90.966ms
[458.901s][info][gc,marking  ] GC(941) Concurrent Preclean
[458.901s][info][gc,marking  ] GC(941) Concurrent Preclean 0.043ms
[458.902s][info][gc,start    ] GC(941) Pause Remark
[458.919s][info][gc          ] GC(941) Pause Remark 313M->232M(477M) 17.168ms
[458.919s][info][gc,cpu      ] GC(941) User=0.03s Sys=0.00s Real=0.01s
[458.921s][info][gc,marking  ] GC(941) Concurrent Mark 110.833ms
[458.921s][info][gc,marking  ] GC(941) Concurrent Rebuild Remembered Sets and Scrub Regions
[458.992s][info][gc,marking  ] GC(941) Concurrent Rebuild Remembered Sets and Scrub Regions 70.366ms
[458.992s][info][gc,start    ] GC(941) Pause Cleanup
[458.992s][info][gc          ] GC(941) Pause Cleanup 246M->246M(477M) 0.089ms
[458.992s][info][gc,cpu      ] GC(941) User=0.00s Sys=0.00s Real=0.00s
[458.992s][info][gc,marking  ] GC(941) Concurrent Clear Claimed Marks
[458.992s][info][gc,marking  ] GC(941) Concurrent Clear Claimed Marks 0.042ms
[458.992s][info][gc,marking  ] GC(941) Concurrent Cleanup for Next Mark
[458.994s][info][gc,marking  ] GC(941) Concurrent Cleanup for Next Mark 2.120ms
[458.994s][info][gc          ] GC(941) Concurrent Mark Cycle 210.893ms
[459.227s][info][gc,start    ] GC(942) Pause Young (Prepare Mixed) (G1 Evacuation Pause)
[459.227s][info][gc,task     ] GC(942) Using 2 workers of 2 for evacuation
[459.276s][info][gc,phases   ] GC(942)   Pre Evacuate Collection Set: 0.23ms
[459.276s][info][gc,phases   ] GC(942)   Merge Heap Roots: 0.38ms
[459.276s][info][gc,phases   ] GC(942)   Evacuate Collection Set: 47.83ms
[459.276s][info][gc,phases   ] GC(942)   Post Evacuate Collection Set: 0.49ms
[459.276s][info][gc,phases   ] GC(942)   Other: 0.07ms
[459.276s][info][gc,heap     ] GC(942) Eden regions: 85->0(96)
[459.276s][info][gc,heap     ] GC(942) Survivor regions: 13->13(13)
[459.276s][info][gc,heap     ] GC(942) Old regions: 191->239
[459.276s][info][gc,heap     ] GC(942) Humongous regions: 4->4
[459.276s][info][gc,metaspace] GC(942) Metaspace: 43023K(43392K)->43023K(43392K) NonClass: 38669K(38912K)->38669K(38912K) Class: 4354K(4480K)->4354K(4480K)
[459.277s][info][gc          ] GC(942) Pause Young (Prepare Mixed) (G1 Evacuation Pause) 292M->256M(477M) 49.247ms
[459.277s][info][gc,cpu      ] GC(942) User=0.10s Sys=0.00s Real=0.05s
[459.643s][info][gc,start    ] GC(943) Pause Young (Mixed) (G1 Evacuation Pause)
[459.643s][info][gc,task     ] GC(943) Using 2 workers of 2 for evacuation
[459.698s][info][gc,phases   ] GC(943)   Pre Evacuate Collection Set: 0.25ms
[459.698s][info][gc,phases   ] GC(943)   Merge Heap Roots: 0.35ms
[459.698s][info][gc,phases   ] GC(943)   Evacuate Collection Set: 53.63ms
[459.698s][info][gc,phases   ] GC(943)   Post Evacuate Collection Set: 0.59ms
[459.698s][info][gc,phases   ] GC(943)   Other: 0.08ms
[459.698s][info][gc,heap     ] GC(943) Eden regions: 96->0(91)
[459.698s][info][gc,heap     ] GC(943) Survivor regions: 13->14(14)
[459.698s][info][gc,heap     ] GC(943) Old regions: 239->244
[459.698s][info][gc,heap     ] GC(943) Humongous regions: 5->5
[459.698s][info][gc,metaspace] GC(943) Metaspace: 43023K(43392K)->43023K(43392K) NonClass: 38669K(38912K)->38669K(38912K) Class: 4354K(4480K)->4354K(4480K)
[459.698s][info][gc          ] GC(943) Pause Young (Mixed) (G1 Evacuation Pause) 353M->262M(477M) 55.137ms
[459.698s][info][gc,cpu      ] GC(943) User=0.10s Sys=0.00s Real=0.05s
[460.025s][info][gc,start    ] GC(944) Pause Young (Mixed) (G1 Evacuation Pause)
[460.025s][info][gc,task     ] GC(944) Using 2 workers of 2 for evacuation
[460.090s][info][gc,phases   ] GC(944)   Pre Evacuate Collection Set: 0.27ms
[460.091s][info][gc,phases   ] GC(944)   Merge Heap Roots: 0.55ms
[460.091s][info][gc,phases   ] GC(944)   Evacuate Collection Set: 64.22ms
[460.091s][info][gc,phases   ] GC(944)   Post Evacuate Collection Set: 0.49ms
[460.091s][info][gc,phases   ] GC(944)   Other: 0.08ms
[460.091s][info][gc,heap     ] GC(944) Eden regions: 91->0(65)
[460.091s][info][gc,heap     ] GC(944) Survivor regions: 14->14(14)
[460.091s][info][gc,heap     ] GC(944) Old regions: 244->296
[460.091s][info][gc,heap     ] GC(944) Humongous regions: 5->5
[460.091s][info][gc,metaspace] GC(944) Metaspace: 43023K(43392K)->43023K(43392K) NonClass: 38669K(38912K)->38669K(38912K) Class: 4354K(4480K)->4354K(4480K)
[460.091s][info][gc          ] GC(944) Pause Young (Mixed) (G1 Evacuation Pause) 353M->315M(477M) 65.818ms
[460.091s][info][gc,cpu      ] GC(944) User=0.13s Sys=0.00s Real=0.06s
[460.099s][info][gc,start    ] GC(945) Pause Young (Concurrent Start) (G1 Humongous Allocation)
[460.099s][info][gc,task     ] GC(945) Using 2 workers of 2 for evacuation
[460.115s][info][gc,phases   ] GC(945)   Pre Evacuate Collection Set: 0.26ms
[460.115s][info][gc,phases   ] GC(945)   Merge Heap Roots: 0.17ms
[460.115s][info][gc,phases   ] GC(945)   Evacuate Collection Set: 14.90ms
[460.115s][info][gc,phases   ] GC(945)   Post Evacuate Collection Set: 0.30ms
[460.115s][info][gc,phases   ] GC(945)   Other: 0.08ms
[460.115s][info][gc,heap     ] GC(945) Eden regions: 3->0(62)
[460.115s][info][gc,heap     ] GC(945) Survivor regions: 14->2(10)
[460.115s][info][gc,heap     ] GC(945) Old regions: 296->311
[460.115s][info][gc,heap     ] GC(945) Humongous regions: 5->5
[460.115s][info][gc,metaspace] GC(945) Metaspace: 43023K(43392K)->43023K(43392K) NonClass: 38669K(38912K)->38669K(38912K) Class: 4354K(4480K)->4354K(4480K)
[460.115s][info][gc          ] GC(945) Pause Young (Concurrent Start) (G1 Humongous Allocation) 317M->317M(477M) 15.867ms
[460.115s][info][gc          ] GC(946) Concurrent Mark Cycle
[460.115s][info][gc,marking  ] GC(946) Concurrent Scan Root Regions
[460.117s][info][gc,cpu      ] GC(945) User=0.03s Sys=0.00s Real=0.02s
[460.121s][info][gc,marking  ] GC(946) Concurrent Scan Root Regions 5.961ms
[460.121s][info][gc,marking  ] GC(946) Concurrent Mark
[460.121s][info][gc,marking  ] GC(946) Concurrent Mark From Roots
[460.121s][info][gc,task     ] GC(946) Using 1 workers of 1 for marking
[460.257s][info][gc,marking  ] GC(946) Concurrent Mark From Roots 136.464ms
[460.257s][info][gc,marking  ] GC(946) Concurrent Preclean
[460.257s][info][gc,marking  ] GC(946) Concurrent Preclean 0.061ms
[460.258s][info][gc,start    ] GC(946) Pause Remark
[460.275s][info][gc          ] GC(946) Pause Remark 347M->284M(477M) 17.130ms
[460.275s][info][gc,cpu      ] GC(946) User=0.03s Sys=0.00s Real=0.02s
[460.277s][info][gc,marking  ] GC(946) Concurrent Mark 156.280ms
[460.277s][info][gc,marking  ] GC(946) Concurrent Rebuild Remembered Sets and Scrub Regions
[460.347s][info][gc,marking  ] GC(946) Concurrent Rebuild Remembered Sets and Scrub Regions 69.464ms
[460.347s][info][gc,start    ] GC(946) Pause Cleanup
[460.347s][info][gc          ] GC(946) Pause Cleanup 297M->297M(477M) 0.113ms
[460.347s][info][gc,cpu      ] GC(946) User=0.00s Sys=0.00s Real=0.00s
[460.347s][info][gc,marking  ] GC(946) Concurrent Clear Claimed Marks
[460.347s][info][gc,marking  ] GC(946) Concurrent Clear Claimed Marks 0.043ms
[460.347s][info][gc,marking  ] GC(946) Concurrent Cleanup for Next Mark
[460.348s][info][gc,marking  ] GC(946) Concurrent Cleanup for Next Mark 1.403ms
[460.349s][info][gc          ] GC(946) Concurrent Mark Cycle 233.597ms
[460.418s][info][gc,start    ] GC(947) Pause Young (Prepare Mixed) (G1 Evacuation Pause)
[460.418s][info][gc,task     ] GC(947) Using 2 workers of 2 for evacuation
[460.450s][info][gc,phases   ] GC(947)   Pre Evacuate Collection Set: 0.25ms
[460.450s][info][gc,phases   ] GC(947)   Merge Heap Roots: 0.33ms
[460.450s][info][gc,phases   ] GC(947)   Evacuate Collection Set: 30.58ms
[460.450s][info][gc,phases   ] GC(947)   Post Evacuate Collection Set: 0.45ms
[460.450s][info][gc,phases   ] GC(947)   Other: 0.10ms
[460.450s][info][gc,heap     ] GC(947) Eden regions: 62->0(75)
[460.450s][info][gc,heap     ] GC(947) Survivor regions: 2->8(8)
[460.450s][info][gc,heap     ] GC(947) Old regions: 250->275
[460.450s][info][gc,heap     ] GC(947) Humongous regions: 4->4
[460.450s][info][gc,metaspace] GC(947) Metaspace: 43023K(43392K)->43023K(43392K) NonClass: 38669K(38912K)->38669K(38912K) Class: 4354K(4480K)->4354K(4480K)
[460.450s][info][gc          ] GC(947) Pause Young (Prepare Mixed) (G1 Evacuation Pause) 317M->286M(477M) 31.946ms
[460.450s][info][gc,cpu      ] GC(947) User=0.06s Sys=0.00s Real=0.03s
[460.726s][info][gc,start    ] GC(948) Pause Young (Mixed) (G1 Evacuation Pause)
[460.726s][info][gc,task     ] GC(948) Using 2 workers of 2 for evacuation
[460.752s][info][gc,phases   ] GC(948)   Pre Evacuate Collection Set: 0.26ms
[460.752s][info][gc,phases   ] GC(948)   Merge Heap Roots: 0.27ms
[460.752s][info][gc,phases   ] GC(948)   Evacuate Collection Set: 24.41ms
[460.752s][info][gc,phases   ] GC(948)   Post Evacuate Collection Set: 1.19ms
[460.752s][info][gc,phases   ] GC(948)   Other: 0.09ms
[460.752s][info][gc,heap     ] GC(948) Eden regions: 75->0(135)
[460.752s][info][gc,heap     ] GC(948) Survivor regions: 8->11(11)
[460.752s][info][gc,heap     ] GC(948) Old regions: 275->242
[460.752s][info][gc,heap     ] GC(948) Humongous regions: 5->4
[460.752s][info][gc,metaspace] GC(948) Metaspace: 43023K(43392K)->43023K(43392K) NonClass: 38669K(38912K)->38669K(38912K) Class: 4354K(4480K)->4354K(4480K)
[460.752s][info][gc          ] GC(948) Pause Young (Mixed) (G1 Evacuation Pause) 362M->256M(580M) 26.464ms
[460.752s][info][gc,cpu      ] GC(948) User=0.05s Sys=0.00s Real=0.03s
[461.333s][info][gc,start    ] GC(949) Pause Young (Mixed) (G1 Evacuation Pause)
[461.333s][info][gc,task     ] GC(949) Using 2 workers of 2 for evacuation
[461.360s][info][gc,phases   ] GC(949)   Pre Evacuate Collection Set: 0.42ms
[461.360s][info][gc,phases   ] GC(949)   Merge Heap Roots: 0.48ms
[461.360s][info][gc,phases   ] GC(949)   Evacuate Collection Set: 25.75ms
[461.360s][info][gc,phases   ] GC(949)   Post Evacuate Collection Set: 0.52ms
[461.360s][info][gc,phases   ] GC(949)   Other: 0.10ms
[461.360s][info][gc,heap     ] GC(949) Eden regions: 135->0(163)
[461.360s][info][gc,heap     ] GC(949) Survivor regions: 11->18(19)
[461.360s][info][gc,heap     ] GC(949) Old regions: 242->193
[461.360s][info][gc,heap     ] GC(949) Humongous regions: 4->4
[461.360s][info][gc,metaspace] GC(949) Metaspace: 43023K(43392K)->43023K(43392K) NonClass: 38669K(38912K)->38669K(38912K) Class: 4354K(4480K)->4354K(4480K)
[461.360s][info][gc          ] GC(949) Pause Young (Mixed) (G1 Evacuation Pause) 391M->214M(580M) 27.460ms
[461.360s][info][gc,cpu      ] GC(949) User=0.05s Sys=0.00s Real=0.02s
[461.967s][info][gc,start    ] GC(950) Pause Young (Mixed) (G1 Evacuation Pause)
[461.967s][info][gc,task     ] GC(950) Using 2 workers of 2 for evacuation
[461.989s][info][gc,phases   ] GC(950)   Pre Evacuate Collection Set: 0.25ms
[461.989s][info][gc,phases   ] GC(950)   Merge Heap Roots: 0.31ms
[461.989s][info][gc,phases   ] GC(950)   Evacuate Collection Set: 20.03ms
[461.989s][info][gc,phases   ] GC(950)   Post Evacuate Collection Set: 0.47ms
[461.989s][info][gc,phases   ] GC(950)   Other: 0.08ms
[461.989s][info][gc,heap     ] GC(950) Eden regions: 163->0(184)
[461.989s][info][gc,heap     ] GC(950) Survivor regions: 18->5(23)
[461.989s][info][gc,heap     ] GC(950) Old regions: 193->191
[461.989s][info][gc,heap     ] GC(950) Humongous regions: 5->4
[461.989s][info][gc,metaspace] GC(950) Metaspace: 43023K(43392K)->43023K(43392K) NonClass: 38669K(38912K)->38669K(38912K) Class: 4354K(4480K)->4354K(4480K)
[461.989s][info][gc          ] GC(950) Pause Young (Mixed) (G1 Evacuation Pause) 378M->199M(580M) 21.355ms
[461.989s][info][gc,cpu      ] GC(950) User=0.04s Sys=0.00s Real=0.02s
[462.313s][info][gc,start    ] GC(951) Pause Young (Concurrent Start) (G1 Humongous Allocation)
[462.314s][info][gc,task     ] GC(951) Using 2 workers of 2 for evacuation
[462.335s][info][gc,phases   ] GC(951)   Pre Evacuate Collection Set: 0.29ms
[462.335s][info][gc,phases   ] GC(951)   Merge Heap Roots: 0.07ms
[462.335s][info][gc,phases   ] GC(951)   Evacuate Collection Set: 20.80ms
[462.335s][info][gc,phases   ] GC(951)   Post Evacuate Collection Set: 0.44ms
[462.335s][info][gc,phases   ] GC(951)   Other: 0.12ms
[462.335s][info][gc,heap     ] GC(951) Eden regions: 88->0(178)
[462.335s][info][gc,heap     ] GC(951) Survivor regions: 5->24(24)
[462.335s][info][gc,heap     ] GC(951) Old regions: 191->200
[462.335s][info][gc,heap     ] GC(951) Humongous regions: 4->4
[462.335s][info][gc,metaspace] GC(951) Metaspace: 43023K(43392K)->43023K(43392K) NonClass: 38669K(38912K)->38669K(38912K) Class: 4354K(4480K)->4354K(4480K)
[462.335s][info][gc          ] GC(951) Pause Young (Concurrent Start) (G1 Humongous Allocation) 287M->227M(580M) 21.938ms
[462.335s][info][gc,cpu      ] GC(951) User=0.05s Sys=0.00s Real=0.02s
[462.336s][info][gc          ] GC(952) Concurrent Mark Cycle
[462.336s][info][gc,marking  ] GC(952) Concurrent Scan Root Regions
[462.349s][info][gc,marking  ] GC(952) Concurrent Scan Root Regions 13.794ms
[462.349s][info][gc,marking  ] GC(952) Concurrent Mark
[462.349s][info][gc,marking  ] GC(952) Concurrent Mark From Roots
[462.349s][info][gc,task     ] GC(952) Using 1 workers of 1 for marking
[462.426s][info][gc,marking  ] GC(952) Concurrent Mark From Roots 76.849ms
[462.426s][info][gc,marking  ] GC(952) Concurrent Preclean
[462.426s][info][gc,marking  ] GC(952) Concurrent Preclean 0.043ms
[462.426s][info][gc,start    ] GC(952) Pause Remark
[462.444s][info][gc          ] GC(952) Pause Remark 247M->151M(444M) 17.240ms
[462.444s][info][gc,cpu      ] GC(952) User=0.03s Sys=0.00s Real=0.02s
[462.446s][info][gc,marking  ] GC(952) Concurrent Mark 96.785ms
[462.446s][info][gc,marking  ] GC(952) Concurrent Rebuild Remembered Sets and Scrub Regions
[462.487s][info][gc,marking  ] GC(952) Concurrent Rebuild Remembered Sets and Scrub Regions 40.759ms
[462.487s][info][gc,start    ] GC(952) Pause Cleanup
[462.487s][info][gc          ] GC(952) Pause Cleanup 160M->160M(444M) 0.084ms
[462.487s][info][gc,cpu      ] GC(952) User=0.00s Sys=0.00s Real=0.00s
[462.487s][info][gc,marking  ] GC(952) Concurrent Clear Claimed Marks
[462.487s][info][gc,marking  ] GC(952) Concurrent Clear Claimed Marks 0.050ms
[462.487s][info][gc,marking  ] GC(952) Concurrent Cleanup for Next Mark
[462.489s][info][gc,marking  ] GC(952) Concurrent Cleanup for Next Mark 1.586ms
[462.489s][info][gc          ] GC(952) Concurrent Mark Cycle 153.374ms
[463.005s][info][gc,start    ] GC(953) Pause Young (Prepare Mixed) (G1 Evacuation Pause)
[463.005s][info][gc,task     ] GC(953) Using 2 workers of 2 for evacuation
[463.029s][info][gc,phases   ] GC(953)   Pre Evacuate Collection Set: 0.22ms
[463.029s][info][gc,phases   ] GC(953)   Merge Heap Roots: 0.18ms
[463.029s][info][gc,phases   ] GC(953)   Evacuate Collection Set: 23.45ms
[463.029s][info][gc,phases   ] GC(953)   Post Evacuate Collection Set: 0.49ms
[463.029s][info][gc,phases   ] GC(953)   Other: 0.07ms
[463.029s][info][gc,heap     ] GC(953) Eden regions: 178->0(170)
[463.029s][info][gc,heap     ] GC(953) Survivor regions: 24->13(26)
[463.029s][info][gc,heap     ] GC(953) Old regions: 105->125
[463.029s][info][gc,heap     ] GC(953) Humongous regions: 6->4
[463.029s][info][gc,metaspace] GC(953) Metaspace: 43023K(43392K)->43023K(43392K) NonClass: 38669K(38912K)->38669K(38912K) Class: 4354K(4480K)->4354K(4480K)
[463.029s][info][gc          ] GC(953) Pause Young (Prepare Mixed) (G1 Evacuation Pause) 312M->141M(444M) 24.658ms
[463.029s][info][gc,cpu      ] GC(953) User=0.05s Sys=0.00s Real=0.02s
[463.632s][info][gc,start    ] GC(954) Pause Young (Mixed) (G1 Evacuation Pause)
[463.632s][info][gc,task     ] GC(954) Using 2 workers of 2 for evacuation
[463.644s][info][gc,phases   ] GC(954)   Pre Evacuate Collection Set: 0.25ms
[463.644s][info][gc,phases   ] GC(954)   Merge Heap Roots: 0.15ms
[463.645s][info][gc,phases   ] GC(954)   Evacuate Collection Set: 11.32ms
[463.645s][info][gc,phases   ] GC(954)   Post Evacuate Collection Set: 0.47ms
[463.645s][info][gc,phases   ] GC(954)   Other: 0.13ms
[463.645s][info][gc,heap     ] GC(954) Eden regions: 170->0(192)
[463.645s][info][gc,heap     ] GC(954) Survivor regions: 13->4(23)
[463.645s][info][gc,heap     ] GC(954) Old regions: 125->110
[463.645s][info][gc,heap     ] GC(954) Humongous regions: 5->4
[463.645s][info][gc,metaspace] GC(954) Metaspace: 43023K(43392K)->43023K(43392K) NonClass: 38669K(38912K)->38669K(38912K) Class: 4354K(4480K)->4354K(4480K)
[463.645s][info][gc          ] GC(954) Pause Young (Mixed) (G1 Evacuation Pause) 312M->116M(444M) 12.510ms
[463.645s][info][gc,cpu      ] GC(954) User=0.02s Sys=0.00s Real=0.01s
[463.703s][info][gc,start    ] GC(955) Pause Young (Concurrent Start) (G1 Humongous Allocation)
[463.703s][info][gc,task     ] GC(955) Using 2 workers of 2 for evacuation
[463.713s][info][gc,phases   ] GC(955)   Pre Evacuate Collection Set: 0.24ms
[463.713s][info][gc,phases   ] GC(955)   Merge Heap Roots: 0.04ms
[463.713s][info][gc,phases   ] GC(955)   Evacuate Collection Set: 9.08ms
[463.713s][info][gc,phases   ] GC(955)   Post Evacuate Collection Set: 0.30ms
[463.713s][info][gc,phases   ] GC(955)   Other: 0.09ms
[463.713s][info][gc,heap     ] GC(955) Eden regions: 18->0(140)
[463.713s][info][gc,heap     ] GC(955) Survivor regions: 4->15(25)
[463.713s][info][gc,heap     ] GC(955) Old regions: 110->110
[463.713s][info][gc,heap     ] GC(955) Humongous regions: 4->4
[463.713s][info][gc,metaspace] GC(955) Metaspace: 43023K(43392K)->43023K(43392K) NonClass: 38669K(38912K)->38669K(38912K) Class: 4354K(4480K)->4354K(4480K)
[463.713s][info][gc          ] GC(955) Pause Young (Concurrent Start) (G1 Humongous Allocation) 133M->128M(444M) 9.942ms
[463.713s][info][gc          ] GC(956) Concurrent Mark Cycle
[463.713s][info][gc,marking  ] GC(956) Concurrent Scan Root Regions
[463.715s][info][gc,cpu      ] GC(955) User=0.02s Sys=0.00s Real=0.01s
[463.720s][info][gc,marking  ] GC(956) Concurrent Scan Root Regions 6.692ms
[463.720s][info][gc,marking  ] GC(956) Concurrent Mark
[463.720s][info][gc,marking  ] GC(956) Concurrent Mark From Roots
[463.720s][info][gc,task     ] GC(956) Using 1 workers of 1 for marking
[463.797s][info][gc,marking  ] GC(956) Concurrent Mark From Roots 77.536ms
[463.797s][info][gc,marking  ] GC(956) Concurrent Preclean
[463.797s][info][gc,marking  ] GC(956) Concurrent Preclean 0.074ms
[463.797s][info][gc,start    ] GC(956) Pause Remark
[463.814s][info][gc          ] GC(956) Pause Remark 146M->131M(380M) 17.126ms
[463.815s][info][gc,cpu      ] GC(956) User=0.03s Sys=0.00s Real=0.02s
[463.816s][info][gc,marking  ] GC(956) Concurrent Mark 96.637ms
[463.816s][info][gc,marking  ] GC(956) Concurrent Rebuild Remembered Sets and Scrub Regions
[463.847s][info][gc,marking  ] GC(956) Concurrent Rebuild Remembered Sets and Scrub Regions 30.598ms
[463.847s][info][gc,start    ] GC(956) Pause Cleanup
[463.847s][info][gc          ] GC(956) Pause Cleanup 139M->139M(380M) 0.063ms
[463.847s][info][gc,cpu      ] GC(956) User=0.00s Sys=0.00s Real=0.00s
[463.847s][info][gc,marking  ] GC(956) Concurrent Clear Claimed Marks
[463.847s][info][gc,marking  ] GC(956) Concurrent Clear Claimed Marks 0.040ms
[463.847s][info][gc,marking  ] GC(956) Concurrent Cleanup for Next Mark
[463.848s][info][gc,marking  ] GC(956) Concurrent Cleanup for Next Mark 1.103ms
[463.848s][info][gc          ] GC(956) Concurrent Mark Cycle 135.453ms
[464.266s][info][gc,start    ] GC(957) Pause Young (Prepare Mixed) (G1 Evacuation Pause)
[464.266s][info][gc,task     ] GC(957) Using 2 workers of 2 for evacuation
[464.278s][info][gc,phases   ] GC(957)   Pre Evacuate Collection Set: 0.30ms
[464.278s][info][gc,phases   ] GC(957)   Merge Heap Roots: 0.08ms
[464.278s][info][gc,phases   ] GC(957)   Evacuate Collection Set: 11.47ms
[464.278s][info][gc,phases   ] GC(957)   Post Evacuate Collection Set: 0.43ms
[464.278s][info][gc,phases   ] GC(957)   Other: 0.09ms
[464.278s][info][gc,heap     ] GC(957) Eden regions: 140->0(128)
[464.278s][info][gc,heap     ] GC(957) Survivor regions: 15->17(20)
[464.278s][info][gc,heap     ] GC(957) Old regions: 95->96
[464.278s][info][gc,heap     ] GC(957) Humongous regions: 5->3
[464.278s][info][gc,metaspace] GC(957) Metaspace: 43023K(43392K)->43023K(43392K) NonClass: 38669K(38912K)->38669K(38912K) Class: 4354K(4480K)->4354K(4480K)
[464.278s][info][gc          ] GC(957) Pause Young (Prepare Mixed) (G1 Evacuation Pause) 254M->115M(380M) 12.580ms
[464.278s][info][gc,cpu      ] GC(957) User=0.02s Sys=0.00s Real=0.01s
[464.718s][info][gc,start    ] GC(958) Pause Young (Mixed) (G1 Evacuation Pause)
[464.718s][info][gc,task     ] GC(958) Using 2 workers of 2 for evacuation
[464.731s][info][gc,phases   ] GC(958)   Pre Evacuate Collection Set: 0.20ms
[464.731s][info][gc,phases   ] GC(958)   Merge Heap Roots: 0.10ms
[464.731s][info][gc,phases   ] GC(958)   Evacuate Collection Set: 12.15ms
[464.731s][info][gc,phases   ] GC(958)   Post Evacuate Collection Set: 0.46ms
[464.731s][info][gc,phases   ] GC(958)   Other: 0.07ms
[464.731s][info][gc,heap     ] GC(958) Eden regions: 128->0(153)
[464.731s][info][gc,heap     ] GC(958) Survivor regions: 17->17(19)
[464.731s][info][gc,heap     ] GC(958) Old regions: 96->68
[464.731s][info][gc,heap     ] GC(958) Humongous regions: 4->1
[464.731s][info][gc,metaspace] GC(958) Metaspace: 43023K(43392K)->43023K(43392K) NonClass: 38669K(38912K)->38669K(38912K) Class: 4354K(4480K)->4354K(4480K)
[464.731s][info][gc          ] GC(958) Pause Young (Mixed) (G1 Evacuation Pause) 244M->84M(380M) 13.171ms
[464.731s][info][gc,cpu      ] GC(958) User=0.03s Sys=0.00s Real=0.01s
[464.739s][info][gc,start    ] GC(959) Pause Young (Concurrent Start) (G1 Humongous Allocation)
[464.739s][info][gc,task     ] GC(959) Using 2 workers of 2 for evacuation
[464.750s][info][gc,phases   ] GC(959)   Pre Evacuate Collection Set: 0.20ms
[464.750s][info][gc,phases   ] GC(959)   Merge Heap Roots: 0.04ms
[464.751s][info][gc,phases   ] GC(959)   Evacuate Collection Set: 10.38ms
[464.751s][info][gc,phases   ] GC(959)   Post Evacuate Collection Set: 0.31ms
[464.751s][info][gc,phases   ] GC(959)   Other: 0.08ms
[464.751s][info][gc,heap     ] GC(959) Eden regions: 5->0(147)
[464.751s][info][gc,heap     ] GC(959) Survivor regions: 17->3(22)
[464.751s][info][gc,heap     ] GC(959) Old regions: 68->84
[464.751s][info][gc,heap     ] GC(959) Humongous regions: 1->1
[464.751s][info][gc,metaspace] GC(959) Metaspace: 43023K(43392K)->43023K(43392K) NonClass: 38669K(38912K)->38669K(38912K) Class: 4354K(4480K)->4354K(4480K)
[464.751s][info][gc          ] GC(959) Pause Young (Concurrent Start) (G1 Humongous Allocation) 89M->87M(380M) 11.164ms
[464.751s][info][gc,cpu      ] GC(959) User=0.02s Sys=0.00s Real=0.01s
[464.751s][info][gc          ] GC(960) Concurrent Mark Cycle
[464.751s][info][gc,marking  ] GC(960) Concurrent Scan Root Regions
[464.759s][info][gc,marking  ] GC(960) Concurrent Scan Root Regions 7.842ms
[464.759s][info][gc,marking  ] GC(960) Concurrent Mark
[464.759s][info][gc,marking  ] GC(960) Concurrent Mark From Roots
[464.759s][info][gc,task     ] GC(960) Using 1 workers of 1 for marking
[464.834s][info][gc,marking  ] GC(960) Concurrent Mark From Roots 75.554ms
[464.834s][info][gc,marking  ] GC(960) Concurrent Preclean
[464.834s][info][gc,marking  ] GC(960) Concurrent Preclean 0.039ms
[464.834s][info][gc,start    ] GC(960) Pause Remark
[464.851s][info][gc          ] GC(960) Pause Remark 113M->113M(300M) 17.010ms
[464.851s][info][gc,cpu      ] GC(960) User=0.04s Sys=0.00s Real=0.02s
[464.851s][info][gc,marking  ] GC(960) Concurrent Mark 92.943ms
[464.851s][info][gc,marking  ] GC(960) Concurrent Rebuild Remembered Sets and Scrub Regions
[464.888s][info][gc,marking  ] GC(960) Concurrent Rebuild Remembered Sets and Scrub Regions 36.191ms
[464.888s][info][gc,start    ] GC(960) Pause Cleanup
[464.888s][info][gc          ] GC(960) Pause Cleanup 124M->124M(300M) 0.048ms
[464.888s][info][gc,cpu      ] GC(960) User=0.00s Sys=0.00s Real=0.00s
[464.888s][info][gc,marking  ] GC(960) Concurrent Clear Claimed Marks
[464.888s][info][gc,marking  ] GC(960) Concurrent Clear Claimed Marks 0.042ms
[464.888s][info][gc,marking  ] GC(960) Concurrent Cleanup for Next Mark
[464.889s][info][gc,marking  ] GC(960) Concurrent Cleanup for Next Mark 0.874ms
[464.889s][info][gc          ] GC(960) Concurrent Mark Cycle 138.265ms
[465.240s][info][gc,start    ] GC(961) Pause Young (Prepare Mixed) (G1 Evacuation Pause)
[465.240s][info][gc,task     ] GC(961) Using 2 workers of 2 for evacuation
[465.244s][info][gc,phases   ] GC(961)   Pre Evacuate Collection Set: 0.19ms
[465.244s][info][gc,phases   ] GC(961)   Merge Heap Roots: 0.08ms
[465.244s][info][gc,phases   ] GC(961)   Evacuate Collection Set: 2.94ms
[465.244s][info][gc,phases   ] GC(961)   Post Evacuate Collection Set: 0.38ms
[465.244s][info][gc,phases   ] GC(961)   Other: 0.06ms
[465.244s][info][gc,heap     ] GC(961) Eden regions: 147->0(117)
[465.244s][info][gc,heap     ] GC(961) Survivor regions: 3->4(19)
[465.244s][info][gc,heap     ] GC(961) Old regions: 84->84
[465.244s][info][gc,heap     ] GC(961) Humongous regions: 3->3
[465.244s][info][gc,metaspace] GC(961) Metaspace: 43023K(43392K)->43023K(43392K) NonClass: 38669K(38912K)->38669K(38912K) Class: 4354K(4480K)->4354K(4480K)
[465.244s][info][gc          ] GC(961) Pause Young (Prepare Mixed) (G1 Evacuation Pause) 236M->90M(300M) 3.848ms
[465.244s][info][gc,cpu      ] GC(961) User=0.01s Sys=0.00s Real=0.01s
[465.623s][info][gc,start    ] GC(962) Pause Young (Mixed) (G1 Evacuation Pause)
[465.623s][info][gc,task     ] GC(962) Using 2 workers of 2 for evacuation
[465.628s][info][gc,phases   ] GC(962)   Pre Evacuate Collection Set: 0.28ms
[465.628s][info][gc,phases   ] GC(962)   Merge Heap Roots: 0.08ms
[465.628s][info][gc,phases   ] GC(962)   Evacuate Collection Set: 3.77ms
[465.628s][info][gc,phases   ] GC(962)   Post Evacuate Collection Set: 0.39ms
[465.628s][info][gc,phases   ] GC(962)   Other: 0.06ms
[465.628s][info][gc,heap     ] GC(962) Eden regions: 117->0(132)
[465.628s][info][gc,heap     ] GC(962) Survivor regions: 4->4(16)
[465.628s][info][gc,heap     ] GC(962) Old regions: 84->78
[465.628s][info][gc,heap     ] GC(962) Humongous regions: 3->3
[465.628s][info][gc,metaspace] GC(962) Metaspace: 43023K(43392K)->43023K(43392K) NonClass: 38669K(38912K)->38669K(38912K) Class: 4354K(4480K)->4354K(4480K)
[465.628s][info][gc          ] GC(962) Pause Young (Mixed) (G1 Evacuation Pause) 207M->83M(300M) 4.767ms
[465.628s][info][gc,cpu      ] GC(962) User=0.01s Sys=0.00s Real=0.00s
[465.787s][info][gc,start    ] GC(963) Pause Young (Concurrent Start) (G1 Humongous Allocation)
[465.788s][info][gc,task     ] GC(963) Using 2 workers of 2 for evacuation
[465.791s][info][gc,phases   ] GC(963)   Pre Evacuate Collection Set: 0.19ms
[465.791s][info][gc,phases   ] GC(963)   Merge Heap Roots: 0.05ms
[465.791s][info][gc,phases   ] GC(963)   Evacuate Collection Set: 2.55ms
[465.791s][info][gc,phases   ] GC(963)   Post Evacuate Collection Set: 0.34ms
[465.791s][info][gc,phases   ] GC(963)   Other: 0.09ms
[465.791s][info][gc,heap     ] GC(963) Eden regions: 50->0(143)
[465.791s][info][gc,heap     ] GC(963) Survivor regions: 4->4(17)
[465.791s][info][gc,heap     ] GC(963) Old regions: 78->78
[465.791s][info][gc,heap     ] GC(963) Humongous regions: 3->3
[465.791s][info][gc,metaspace] GC(963) Metaspace: 43023K(43392K)->43023K(43392K) NonClass: 38669K(38912K)->38669K(38912K) Class: 4354K(4480K)->4354K(4480K)
[465.791s][info][gc          ] GC(963) Pause Young (Concurrent Start) (G1 Humongous Allocation) 132M->84M(300M) 3.427ms
[465.791s][info][gc,cpu      ] GC(963) User=0.00s Sys=0.00s Real=0.00s
[465.791s][info][gc          ] GC(964) Concurrent Mark Cycle
[465.791s][info][gc,marking  ] GC(964) Concurrent Scan Root Regions
[465.793s][info][gc,marking  ] GC(964) Concurrent Scan Root Regions 1.806ms
[465.793s][info][gc,marking  ] GC(964) Concurrent Mark
[465.793s][info][gc,marking  ] GC(964) Concurrent Mark From Roots
[465.793s][info][gc,task     ] GC(964) Using 1 workers of 1 for marking
[465.872s][info][gc,marking  ] GC(964) Concurrent Mark From Roots 79.189ms
[465.872s][info][gc,marking  ] GC(964) Concurrent Preclean
[465.872s][info][gc,marking  ] GC(964) Concurrent Preclean 0.037ms
[465.872s][info][gc,start    ] GC(964) Pause Remark
[465.889s][info][gc          ] GC(964) Pause Remark 108M->97M(256M) 16.856ms
[465.889s][info][gc,cpu      ] GC(964) User=0.03s Sys=0.00s Real=0.01s
[465.889s][info][gc,marking  ] GC(964) Concurrent Mark 96.417ms
[465.889s][info][gc,marking  ] GC(964) Concurrent Rebuild Remembered Sets and Scrub Regions
[465.921s][info][gc,marking  ] GC(964) Concurrent Rebuild Remembered Sets and Scrub Regions 32.093ms
[465.922s][info][gc,start    ] GC(964) Pause Cleanup
[465.922s][info][gc          ] GC(964) Pause Cleanup 107M->107M(256M) 0.050ms
[465.922s][info][gc,cpu      ] GC(964) User=0.00s Sys=0.00s Real=0.00s
[465.922s][info][gc,marking  ] GC(964) Concurrent Clear Claimed Marks
[465.922s][info][gc,marking  ] GC(964) Concurrent Clear Claimed Marks 0.041ms
[465.922s][info][gc,marking  ] GC(964) Concurrent Cleanup for Next Mark
[465.922s][info][gc,marking  ] GC(964) Concurrent Cleanup for Next Mark 0.741ms
[465.922s][info][gc          ] GC(964) Concurrent Mark Cycle 131.469ms
[466.306s][info][gc,start    ] GC(965) Pause Young (Prepare Mixed) (G1 Evacuation Pause)
[466.306s][info][gc,task     ] GC(965) Using 2 workers of 2 for evacuation
[466.311s][info][gc,phases   ] GC(965)   Pre Evacuate Collection Set: 0.16ms
[466.311s][info][gc,phases   ] GC(965)   Merge Heap Roots: 0.07ms
[466.311s][info][gc,phases   ] GC(965)   Evacuate Collection Set: 3.57ms
[466.311s][info][gc,phases   ] GC(965)   Post Evacuate Collection Set: 0.41ms
[466.311s][info][gc,phases   ] GC(965)   Other: 0.08ms
[466.311s][info][gc,heap     ] GC(965) Eden regions: 143->0(130)
[466.311s][info][gc,heap     ] GC(965) Survivor regions: 4->5(19)
[466.311s][info][gc,heap     ] GC(965) Old regions: 67->67
[466.311s][info][gc,heap     ] GC(965) Humongous regions: 4->1
[466.311s][info][gc,metaspace] GC(965) Metaspace: 43023K(43392K)->43023K(43392K) NonClass: 38669K(38912K)->38669K(38912K) Class: 4354K(4480K)->4354K(4480K)
[466.311s][info][gc          ] GC(965) Pause Young (Prepare Mixed) (G1 Evacuation Pause) 217M->71M(256M) 4.480ms
[466.311s][info][gc,cpu      ] GC(965) User=0.00s Sys=0.00s Real=0.00s
[466.555s][info][gc,start    ] GC(966) Pause Young (Mixed) (G1 Evacuation Pause)
[466.555s][info][gc,task     ] GC(966) Using 2 workers of 2 for evacuation
[466.565s][info][gc,phases   ] GC(966)   Pre Evacuate Collection Set: 0.16ms
[466.565s][info][gc,phases   ] GC(966)   Merge Heap Roots: 0.09ms
[466.565s][info][gc,phases   ] GC(966)   Evacuate Collection Set: 9.51ms
[466.565s][info][gc,phases   ] GC(966)   Post Evacuate Collection Set: 0.40ms
[466.565s][info][gc,phases   ] GC(966)   Other: 0.07ms
[466.565s][info][gc,heap     ] GC(966) Eden regions: 130->0(138)
[466.565s][info][gc,heap     ] GC(966) Survivor regions: 5->7(17)
[466.565s][info][gc,heap     ] GC(966) Old regions: 67->61
[466.565s][info][gc,heap     ] GC(966) Humongous regions: 1->1
[466.565s][info][gc,metaspace] GC(966) Metaspace: 43023K(43392K)->43023K(43392K) NonClass: 38669K(38912K)->38669K(38912K) Class: 4354K(4480K)->4354K(4480K)
[466.565s][info][gc          ] GC(966) Pause Young (Mixed) (G1 Evacuation Pause) 201M->67M(256M) 10.430ms
[466.565s][info][gc,cpu      ] GC(966) User=0.02s Sys=0.00s Real=0.01s
[466.819s][info][gc,start    ] GC(967) Pause Young (Concurrent Start) (G1 Evacuation Pause)
[466.819s][info][gc,task     ] GC(967) Using 2 workers of 2 for evacuation
[466.823s][info][gc,phases   ] GC(967)   Pre Evacuate Collection Set: 0.17ms
[466.823s][info][gc,phases   ] GC(967)   Merge Heap Roots: 0.05ms
[466.823s][info][gc,phases   ] GC(967)   Evacuate Collection Set: 3.29ms
[466.823s][info][gc,phases   ] GC(967)   Post Evacuate Collection Set: 0.40ms
[466.823s][info][gc,phases   ] GC(967)   Other: 0.10ms
[466.823s][info][gc,heap     ] GC(967) Eden regions: 138->0(146)
[466.823s][info][gc,heap     ] GC(967) Survivor regions: 7->5(19)
[466.823s][info][gc,heap     ] GC(967) Old regions: 61->61
[466.823s][info][gc,heap     ] GC(967) Humongous regions: 1->1
[466.823s][info][gc,metaspace] GC(967) Metaspace: 43023K(43392K)->43023K(43392K) NonClass: 38669K(38912K)->38669K(38912K) Class: 4354K(4480K)->4354K(4480K)
[466.823s][info][gc          ] GC(967) Pause Young (Concurrent Start) (G1 Evacuation Pause) 205M->65M(256M) 4.208ms
[466.823s][info][gc,cpu      ] GC(967) User=0.01s Sys=0.00s Real=0.01s
[466.823s][info][gc          ] GC(968) Concurrent Mark Cycle
[466.823s][info][gc,marking  ] GC(968) Concurrent Scan Root Regions
[466.827s][info][gc,marking  ] GC(968) Concurrent Scan Root Regions 3.281ms
[466.827s][info][gc,marking  ] GC(968) Concurrent Mark
[466.827s][info][gc,marking  ] GC(968) Concurrent Mark From Roots
[466.827s][info][gc,task     ] GC(968) Using 1 workers of 1 for marking
[466.899s][info][gc,marking  ] GC(968) Concurrent Mark From Roots 71.800ms
[466.899s][info][gc,marking  ] GC(968) Concurrent Preclean
[466.899s][info][gc,marking  ] GC(968) Concurrent Preclean 0.037ms
[466.899s][info][gc,start    ] GC(968) Pause Remark
[466.916s][info][gc          ] GC(968) Pause Remark 105M->100M(256M) 16.889ms
[466.916s][info][gc,cpu      ] GC(968) User=0.04s Sys=0.00s Real=0.02s
[466.916s][info][gc,marking  ] GC(968) Concurrent Mark 88.994ms
[466.916s][info][gc,marking  ] GC(968) Concurrent Rebuild Remembered Sets and Scrub Regions
[466.945s][info][gc,marking  ] GC(968) Concurrent Rebuild Remembered Sets and Scrub Regions 29.030ms
[466.945s][info][gc,start    ] GC(968) Pause Cleanup
[466.945s][info][gc          ] GC(968) Pause Cleanup 115M->115M(256M) 0.047ms
[466.945s][info][gc,cpu      ] GC(968) User=0.00s Sys=0.00s Real=0.00s
[466.945s][info][gc,marking  ] GC(968) Concurrent Clear Claimed Marks
[466.945s][info][gc,marking  ] GC(968) Concurrent Clear Claimed Marks 0.038ms
[466.945s][info][gc,marking  ] GC(968) Concurrent Cleanup for Next Mark
[466.946s][info][gc,marking  ] GC(968) Concurrent Cleanup for Next Mark 0.735ms
[466.946s][info][gc          ] GC(968) Concurrent Mark Cycle 122.435ms
[467.120s][info][gc,start    ] GC(969) Pause Young (Prepare Mixed) (G1 Evacuation Pause)
[467.120s][info][gc,task     ] GC(969) Using 2 workers of 2 for evacuation
[467.124s][info][gc,phases   ] GC(969)   Pre Evacuate Collection Set: 0.15ms
[467.124s][info][gc,phases   ] GC(969)   Merge Heap Roots: 0.07ms
[467.124s][info][gc,phases   ] GC(969)   Evacuate Collection Set: 3.44ms
[467.124s][info][gc,phases   ] GC(969)   Post Evacuate Collection Set: 0.42ms
[467.124s][info][gc,phases   ] GC(969)   Other: 0.08ms
[467.124s][info][gc,heap     ] GC(969) Eden regions: 146->0(148)
[467.124s][info][gc,heap     ] GC(969) Survivor regions: 5->5(19)
[467.124s][info][gc,heap     ] GC(969) Old regions: 56->56
[467.124s][info][gc,heap     ] GC(969) Humongous regions: 3->3
[467.124s][info][gc,metaspace] GC(969) Metaspace: 43023K(43392K)->43023K(43392K) NonClass: 38669K(38912K)->38669K(38912K) Class: 4354K(4480K)->4354K(4480K)
[467.124s][info][gc          ] GC(969) Pause Young (Prepare Mixed) (G1 Evacuation Pause) 208M->62M(256M) 4.352ms
[467.124s][info][gc,cpu      ] GC(969) User=0.00s Sys=0.00s Real=0.01s
[467.585s][info][gc,start    ] GC(970) Pause Young (Mixed) (G1 Evacuation Pause)
[467.585s][info][gc,task     ] GC(970) Using 2 workers of 2 for evacuation
[467.601s][info][gc,phases   ] GC(970)   Pre Evacuate Collection Set: 0.20ms
[467.601s][info][gc,phases   ] GC(970)   Merge Heap Roots: 0.12ms
[467.601s][info][gc,phases   ] GC(970)   Evacuate Collection Set: 15.38ms
[467.601s][info][gc,phases   ] GC(970)   Post Evacuate Collection Set: 0.87ms
[467.601s][info][gc,phases   ] GC(970)   Other: 0.08ms
[467.601s][info][gc,heap     ] GC(970) Eden regions: 70->0(195)
[467.601s][info][gc,heap     ] GC(970) Survivor regions: 5->10(20)
[467.601s][info][gc,heap     ] GC(970) Old regions: 56->51
[467.601s][info][gc,heap     ] GC(970) Humongous regions: 201->3
[467.601s][info][gc,metaspace] GC(970) Metaspace: 43023K(43392K)->43023K(43392K) NonClass: 38669K(38912K)->38669K(38912K) Class: 4354K(4480K)->4354K(4480K)
[467.601s][info][gc          ] GC(970) Pause Young (Mixed) (G1 Evacuation Pause) 330M->63M(343M) 16.878ms
[467.601s][info][gc,cpu      ] GC(970) User=0.03s Sys=0.01s Real=0.02s
[467.603s][info][gc,start    ] GC(971) Pause Young (Concurrent Start) (G1 Humongous Allocation)
[467.603s][info][gc,task     ] GC(971) Using 2 workers of 2 for evacuation
[467.611s][info][gc,phases   ] GC(971)   Pre Evacuate Collection Set: 0.18ms
[467.611s][info][gc,phases   ] GC(971)   Merge Heap Roots: 0.04ms
[467.611s][info][gc,phases   ] GC(971)   Evacuate Collection Set: 6.99ms
[467.611s][info][gc,phases   ] GC(971)   Post Evacuate Collection Set: 0.27ms
[467.611s][info][gc,phases   ] GC(971)   Other: 0.08ms
[467.611s][info][gc,heap     ] GC(971) Eden regions: 1->0(195)
[467.611s][info][gc,heap     ] GC(971) Survivor regions: 10->10(26)
[467.611s][info][gc,heap     ] GC(971) Old regions: 51->51
[467.611s][info][gc,heap     ] GC(971) Humongous regions: 3->1
[467.611s][info][gc,metaspace] GC(971) Metaspace: 43023K(43392K)->43023K(43392K) NonClass: 38669K(38912K)->38669K(38912K) Class: 4354K(4480K)->4354K(4480K)
[467.611s][info][gc          ] GC(971) Pause Young (Concurrent Start) (G1 Humongous Allocation) 64M->61M(343M) 7.714ms
[467.611s][info][gc,cpu      ] GC(971) User=0.01s Sys=0.00s Real=0.01s
[467.611s][info][gc          ] GC(972) Concurrent Mark Cycle
[467.611s][info][gc,marking  ] GC(972) Concurrent Scan Root Regions
[467.616s][info][gc,marking  ] GC(972) Concurrent Scan Root Regions 5.207ms
[467.616s][info][gc,marking  ] GC(972) Concurrent Mark
[467.616s][info][gc,marking  ] GC(972) Concurrent Mark From Roots
[467.617s][info][gc,task     ] GC(972) Using 1 workers of 1 for marking
[467.688s][info][gc,marking  ] GC(972) Concurrent Mark From Roots 71.966ms
[467.689s][info][gc,marking  ] GC(972) Concurrent Preclean
[467.689s][info][gc,marking  ] GC(972) Concurrent Preclean 0.039ms
[467.689s][info][gc,start    ] GC(972) Pause Remark
[467.706s][info][gc          ] GC(972) Pause Remark 122M->122M(343M) 17.092ms
[467.706s][info][gc,cpu      ] GC(972) User=0.04s Sys=0.00s Real=0.02s
[467.708s][info][gc,marking  ] GC(972) Concurrent Mark 91.685ms
[467.708s][info][gc,marking  ] GC(972) Concurrent Rebuild Remembered Sets and Scrub Regions
[467.739s][info][gc,marking  ] GC(972) Concurrent Rebuild Remembered Sets and Scrub Regions 31.001ms
[467.739s][info][gc,start    ] GC(972) Pause Cleanup
[467.739s][info][gc          ] GC(972) Pause Cleanup 143M->143M(343M) 0.056ms
[467.739s][info][gc,cpu      ] GC(972) User=0.00s Sys=0.00s Real=0.00s
[467.739s][info][gc,marking  ] GC(972) Concurrent Clear Claimed Marks
[467.740s][info][gc,marking  ] GC(972) Concurrent Clear Claimed Marks 0.042ms
[467.740s][info][gc,marking  ] GC(972) Concurrent Cleanup for Next Mark
[467.741s][info][gc,marking  ] GC(972) Concurrent Cleanup for Next Mark 1.849ms
[467.741s][info][gc          ] GC(972) Concurrent Mark Cycle 130.240ms
[468.076s][info][gc,start    ] GC(973) Pause Young (Prepare Mixed) (G1 Evacuation Pause)
[468.076s][info][gc,task     ] GC(973) Using 2 workers of 2 for evacuation
[468.092s][info][gc,phases   ] GC(973)   Pre Evacuate Collection Set: 0.23ms
[468.092s][info][gc,phases   ] GC(973)   Merge Heap Roots: 0.06ms
[468.092s][info][gc,phases   ] GC(973)   Evacuate Collection Set: 15.27ms
[468.092s][info][gc,phases   ] GC(973)   Post Evacuate Collection Set: 1.03ms
[468.092s][info][gc,phases   ] GC(973)   Other: 0.09ms
[468.092s][info][gc,heap     ] GC(973) Eden regions: 45->0(229)
[468.092s][info][gc,heap     ] GC(973) Survivor regions: 10->13(28)
[468.093s][info][gc,heap     ] GC(973) Old regions: 51->51
[468.093s][info][gc,heap     ] GC(973) Humongous regions: 285->1
[468.093s][info][gc,metaspace] GC(973) Metaspace: 43026K(43392K)->43026K(43392K) NonClass: 38672K(38912K)->38672K(38912K) Class: 4354K(4480K)->4354K(4480K)
[468.093s][info][gc          ] GC(973) Pause Young (Prepare Mixed) (G1 Evacuation Pause) 390M->64M(404M) 16.912ms
[468.093s][info][gc,cpu      ] GC(973) User=0.03s Sys=0.01s Real=0.02s
[468.623s][info][gc,start    ] GC(974) Pause Young (Mixed) (G1 Evacuation Pause)
[468.623s][info][gc,task     ] GC(974) Using 2 workers of 2 for evacuation
[468.658s][info][gc,phases   ] GC(974)   Pre Evacuate Collection Set: 0.25ms
[468.658s][info][gc,phases   ] GC(974)   Merge Heap Roots: 0.21ms
[468.658s][info][gc,phases   ] GC(974)   Evacuate Collection Set: 33.75ms
[468.658s][info][gc,phases   ] GC(974)   Post Evacuate Collection Set: 1.07ms
[468.658s][info][gc,phases   ] GC(974)   Other: 0.07ms
[468.658s][info][gc,heap     ] GC(974) Eden regions: 59->0(268)
[468.658s][info][gc,heap     ] GC(974) Survivor regions: 13->20(32)
[468.658s][info][gc,heap     ] GC(974) Old regions: 51->48
[468.658s][info][gc,heap     ] GC(974) Humongous regions: 335->3
[468.658s][info][gc,metaspace] GC(974) Metaspace: 43026K(43392K)->43026K(43392K) NonClass: 38672K(38912K)->38672K(38912K) Class: 4354K(4480K)->4354K(4480K)
[468.658s][info][gc          ] GC(974) Pause Young (Mixed) (G1 Evacuation Pause) 457M->70M(480M) 35.564ms
[468.658s][info][gc,cpu      ] GC(974) User=0.06s Sys=0.01s Real=0.03s
[468.662s][info][gc,start    ] GC(975) Pause Young (Concurrent Start) (G1 Humongous Allocation)
[468.662s][info][gc,task     ] GC(975) Using 2 workers of 2 for evacuation
[468.679s][info][gc,phases   ] GC(975)   Pre Evacuate Collection Set: 0.24ms
[468.679s][info][gc,phases   ] GC(975)   Merge Heap Roots: 0.05ms
[468.679s][info][gc,phases   ] GC(975)   Evacuate Collection Set: 16.22ms
[468.679s][info][gc,phases   ] GC(975)   Post Evacuate Collection Set: 0.31ms
[468.679s][info][gc,phases   ] GC(975)   Other: 0.07ms
[468.679s][info][gc,heap     ] GC(975) Eden regions: 1->0(270)
[468.679s][info][gc,heap     ] GC(975) Survivor regions: 20->18(36)
[468.679s][info][gc,heap     ] GC(975) Old regions: 48->50
[468.679s][info][gc,heap     ] GC(975) Humongous regions: 3->1
[468.679s][info][gc,metaspace] GC(975) Metaspace: 43026K(43392K)->43026K(43392K) NonClass: 38672K(38912K)->38672K(38912K) Class: 4354K(4480K)->4354K(4480K)
[468.679s][info][gc          ] GC(975) Pause Young (Concurrent Start) (G1 Humongous Allocation) 71M->68M(480M) 17.065ms
[468.679s][info][gc,cpu      ] GC(975) User=0.03s Sys=0.00s Real=0.01s
[468.679s][info][gc          ] GC(976) Concurrent Mark Cycle
[468.679s][info][gc,marking  ] GC(976) Concurrent Scan Root Regions
[468.691s][info][gc,marking  ] GC(976) Concurrent Scan Root Regions 12.109ms
[468.691s][info][gc,marking  ] GC(976) Concurrent Mark
[468.691s][info][gc,marking  ] GC(976) Concurrent Mark From Roots
[468.691s][info][gc,task     ] GC(976) Using 1 workers of 1 for marking
[468.762s][info][gc,marking  ] GC(976) Concurrent Mark From Roots 70.313ms
[468.762s][info][gc,marking  ] GC(976) Concurrent Preclean
[468.762s][info][gc,marking  ] GC(976) Concurrent Preclean 0.041ms
[468.762s][info][gc,start    ] GC(976) Pause Remark
[468.779s][info][gc          ] GC(976) Pause Remark 125M->125M(390M) 17.167ms
[468.779s][info][gc,cpu      ] GC(976) User=0.03s Sys=0.00s Real=0.01s
[468.779s][info][gc,marking  ] GC(976) Concurrent Mark 87.759ms
[468.779s][info][gc,marking  ] GC(976) Concurrent Rebuild Remembered Sets and Scrub Regions
[468.808s][info][gc,marking  ] GC(976) Concurrent Rebuild Remembered Sets and Scrub Regions 28.661ms
[468.808s][info][gc,start    ] GC(976) Pause Cleanup
[468.808s][info][gc          ] GC(976) Pause Cleanup 142M->142M(390M) 0.056ms
[468.808s][info][gc,cpu      ] GC(976) User=0.00s Sys=0.00s Real=0.00s
[468.808s][info][gc,marking  ] GC(976) Concurrent Clear Claimed Marks
[468.808s][info][gc,marking  ] GC(976) Concurrent Clear Claimed Marks 0.043ms
[468.808s][info][gc,marking  ] GC(976) Concurrent Cleanup for Next Mark
[468.810s][info][gc,marking  ] GC(976) Concurrent Cleanup for Next Mark 1.592ms
[468.810s][info][gc          ] GC(976) Concurrent Mark Cycle 130.517ms
[469.262s][info][gc,start    ] GC(977) Pause Young (Prepare Mixed) (G1 Evacuation Pause)
[469.262s][info][gc,task     ] GC(977) Using 2 workers of 2 for evacuation
[469.298s][info][gc,phases   ] GC(977)   Pre Evacuate Collection Set: 0.25ms
[469.298s][info][gc,phases   ] GC(977)   Merge Heap Roots: 0.07ms
[469.298s][info][gc,phases   ] GC(977)   Evacuate Collection Set: 34.35ms
[469.298s][info][gc,phases   ] GC(977)   Post Evacuate Collection Set: 1.13ms
[469.298s][info][gc,phases   ] GC(977)   Other: 0.08ms
[469.298s][info][gc,heap     ] GC(977) Eden regions: 61->0(266)
[469.298s][info][gc,heap     ] GC(977) Survivor regions: 18->24(32)
[469.298s][info][gc,heap     ] GC(977) Old regions: 50->52
[469.298s][info][gc,heap     ] GC(977) Humongous regions: 329->3
[469.298s][info][gc,metaspace] GC(977) Metaspace: 43028K(43392K)->43028K(43392K) NonClass: 38674K(38912K)->38674K(38912K) Class: 4354K(4480K)->4354K(4480K)
[469.298s][info][gc          ] GC(977) Pause Young (Prepare Mixed) (G1 Evacuation Pause) 457M->77M(484M) 36.117ms
[469.298s][info][gc,cpu      ] GC(977) User=0.05s Sys=0.02s Real=0.03s
[470.053s][info][gc,start    ] GC(978) Pause Young (Mixed) (G1 Evacuation Pause)
[470.053s][info][gc,task     ] GC(978) Using 2 workers of 2 for evacuation
[470.068s][info][gc,phases   ] GC(978)   Pre Evacuate Collection Set: 0.53ms
[470.068s][info][gc,phases   ] GC(978)   Merge Heap Roots: 0.13ms
[470.068s][info][gc,phases   ] GC(978)   Evacuate Collection Set: 13.98ms
[470.068s][info][gc,phases   ] GC(978)   Post Evacuate Collection Set: 0.57ms
[470.068s][info][gc,phases   ] GC(978)   Other: 0.07ms
[470.068s][info][gc,heap     ] GC(978) Eden regions: 171->0(290)
[470.068s][info][gc,heap     ] GC(978) Survivor regions: 24->6(37)
[470.068s][info][gc,heap     ] GC(978) Old regions: 52->52
[470.068s][info][gc,heap     ] GC(978) Humongous regions: 237->1
[470.068s][info][gc,metaspace] GC(978) Metaspace: 43028K(43392K)->43028K(43392K) NonClass: 38674K(38912K)->38674K(38912K) Class: 4354K(4480K)->4354K(4480K)
[470.068s][info][gc          ] GC(978) Pause Young (Mixed) (G1 Evacuation Pause) 482M->58M(494M) 15.497ms
[470.068s][info][gc,cpu      ] GC(978) User=0.03s Sys=0.00s Real=0.01s
[470.094s][info][gc,start    ] GC(979) Pause Young (Concurrent Start) (G1 Humongous Allocation)
[470.094s][info][gc,task     ] GC(979) Using 2 workers of 2 for evacuation
[470.099s][info][gc,phases   ] GC(979)   Pre Evacuate Collection Set: 0.23ms
[470.099s][info][gc,phases   ] GC(979)   Merge Heap Roots: 0.06ms
[470.099s][info][gc,phases   ] GC(979)   Evacuate Collection Set: 4.60ms
[470.099s][info][gc,phases   ] GC(979)   Post Evacuate Collection Set: 0.44ms
[470.099s][info][gc,phases   ] GC(979)   Other: 0.10ms
[470.099s][info][gc,heap     ] GC(979) Eden regions: 10->0(289)
[470.099s][info][gc,heap     ] GC(979) Survivor regions: 6->7(37)
[470.099s][info][gc,heap     ] GC(979) Old regions: 52->52
[470.099s][info][gc,heap     ] GC(979) Humongous regions: 1->1
[470.099s][info][gc,metaspace] GC(979) Metaspace: 43028K(43392K)->43028K(43392K) NonClass: 38674K(38912K)->38674K(38912K) Class: 4354K(4480K)->4354K(4480K)
[470.099s][info][gc          ] GC(979) Pause Young (Concurrent Start) (G1 Humongous Allocation) 68M->59M(494M) 5.630ms
[470.099s][info][gc,cpu      ] GC(979) User=0.01s Sys=0.01s Real=0.00s
[470.099s][info][gc          ] GC(980) Concurrent Mark Cycle
[470.099s][info][gc,marking  ] GC(980) Concurrent Scan Root Regions
[470.106s][info][gc,marking  ] GC(980) Concurrent Scan Root Regions 6.825ms
[470.106s][info][gc,marking  ] GC(980) Concurrent Mark
[470.106s][info][gc,marking  ] GC(980) Concurrent Mark From Roots
[470.106s][info][gc,task     ] GC(980) Using 1 workers of 1 for marking
[470.228s][info][gc,marking  ] GC(980) Concurrent Mark From Roots 121.673ms
[470.228s][info][gc,marking  ] GC(980) Concurrent Preclean
[470.228s][info][gc,marking  ] GC(980) Concurrent Preclean 0.117ms
[470.230s][info][gc,start    ] GC(980) Pause Remark
[470.248s][info][gc          ] GC(980) Pause Remark 98M->97M(256M) 17.530ms
[470.248s][info][gc,cpu      ] GC(980) User=0.04s Sys=0.00s Real=0.02s
[470.248s][info][gc,marking  ] GC(980) Concurrent Mark 141.660ms
[470.248s][info][gc,marking  ] GC(980) Concurrent Rebuild Remembered Sets and Scrub Regions
[470.300s][info][gc,marking  ] GC(980) Concurrent Rebuild Remembered Sets and Scrub Regions 52.211ms
[470.301s][info][gc,start    ] GC(980) Pause Cleanup
[470.301s][info][gc          ] GC(980) Pause Cleanup 109M->109M(256M) 0.054ms
[470.301s][info][gc,cpu      ] GC(980) User=0.00s Sys=0.00s Real=0.00s
[470.301s][info][gc,marking  ] GC(980) Concurrent Clear Claimed Marks
[470.301s][info][gc,marking  ] GC(980) Concurrent Clear Claimed Marks 0.042ms
[470.301s][info][gc,marking  ] GC(980) Concurrent Cleanup for Next Mark
[470.302s][info][gc,marking  ] GC(980) Concurrent Cleanup for Next Mark 0.952ms
[470.302s][info][gc          ] GC(980) Concurrent Mark Cycle 203.030ms
[470.553s][info][gc,start    ] GC(981) Pause Young (Prepare Mixed) (G1 Evacuation Pause)
[470.553s][info][gc,task     ] GC(981) Using 2 workers of 2 for evacuation
[470.559s][info][gc,phases   ] GC(981)   Pre Evacuate Collection Set: 0.21ms
[470.559s][info][gc,phases   ] GC(981)   Merge Heap Roots: 0.08ms
[470.559s][info][gc,phases   ] GC(981)   Evacuate Collection Set: 5.33ms
[470.559s][info][gc,phases   ] GC(981)   Post Evacuate Collection Set: 0.46ms
[470.559s][info][gc,phases   ] GC(981)   Other: 0.07ms
[470.559s][info][gc,heap     ] GC(981) Eden regions: 146->0(145)
[470.559s][info][gc,heap     ] GC(981) Survivor regions: 7->8(20)
[470.559s][info][gc,heap     ] GC(981) Old regions: 50->50
[470.559s][info][gc,heap     ] GC(981) Humongous regions: 5->1
[470.559s][info][gc,metaspace] GC(981) Metaspace: 43036K(43392K)->43036K(43392K) NonClass: 38682K(38912K)->38682K(38912K) Class: 4354K(4480K)->4354K(4480K)
[470.559s][info][gc          ] GC(981) Pause Young (Prepare Mixed) (G1 Evacuation Pause) 208M->58M(256M) 6.337ms
[470.559s][info][gc,cpu      ] GC(981) User=0.01s Sys=0.00s Real=0.00s
[470.904s][info][gc,start    ] GC(982) Pause Young (Mixed) (G1 Evacuation Pause)
[470.904s][info][gc,task     ] GC(982) Using 2 workers of 2 for evacuation
[470.914s][info][gc,phases   ] GC(982)   Pre Evacuate Collection Set: 0.17ms
[470.914s][info][gc,phases   ] GC(982)   Merge Heap Roots: 0.10ms
[470.914s][info][gc,phases   ] GC(982)   Evacuate Collection Set: 9.29ms
[470.914s][info][gc,phases   ] GC(982)   Post Evacuate Collection Set: 0.51ms
[470.914s][info][gc,phases   ] GC(982)   Other: 0.09ms
[470.914s][info][gc,heap     ] GC(982) Eden regions: 145->0(144)
[470.914s][info][gc,heap     ] GC(982) Survivor regions: 8->9(20)
[470.914s][info][gc,heap     ] GC(982) Old regions: 50->48
[470.914s][info][gc,heap     ] GC(982) Humongous regions: 1->1
[470.914s][info][gc,metaspace] GC(982) Metaspace: 43042K(43392K)->43042K(43392K) NonClass: 38688K(38912K)->38688K(38912K) Class: 4354K(4480K)->4354K(4480K)
[470.915s][info][gc          ] GC(982) Pause Young (Mixed) (G1 Evacuation Pause) 203M->57M(256M) 10.391ms
[470.915s][info][gc,cpu      ] GC(982) User=0.02s Sys=0.00s Real=0.01s
[471.259s][info][gc,start    ] GC(983) Pause Young (Concurrent Start) (G1 Evacuation Pause)
[471.259s][info][gc,task     ] GC(983) Using 2 workers of 2 for evacuation
[471.265s][info][gc,phases   ] GC(983)   Pre Evacuate Collection Set: 0.18ms
[471.265s][info][gc,phases   ] GC(983)   Merge Heap Roots: 0.07ms
[471.265s][info][gc,phases   ] GC(983)   Evacuate Collection Set: 5.87ms
[471.265s][info][gc,phases   ] GC(983)   Post Evacuate Collection Set: 0.54ms
[471.265s][info][gc,phases   ] GC(983)   Other: 0.12ms
[471.265s][info][gc,heap     ] GC(983) Eden regions: 144->0(145)
[471.265s][info][gc,heap     ] GC(983) Survivor regions: 9->8(20)
[471.265s][info][gc,heap     ] GC(983) Old regions: 48->48
[471.266s][info][gc,heap     ] GC(983) Humongous regions: 1->1
[471.266s][info][gc,metaspace] GC(983) Metaspace: 43042K(43392K)->43042K(43392K) NonClass: 38688K(38912K)->38688K(38912K) Class: 4354K(4480K)->4354K(4480K)
[471.266s][info][gc          ] GC(983) Pause Young (Concurrent Start) (G1 Evacuation Pause) 201M->56M(256M) 7.002ms
[471.266s][info][gc,cpu      ] GC(983) User=0.01s Sys=0.00s Real=0.01s
[471.266s][info][gc          ] GC(984) Concurrent Mark Cycle
[471.266s][info][gc,marking  ] GC(984) Concurrent Scan Root Regions
[471.272s][info][gc,marking  ] GC(984) Concurrent Scan Root Regions 6.657ms
[471.272s][info][gc,marking  ] GC(984) Concurrent Mark
[471.272s][info][gc,marking  ] GC(984) Concurrent Mark From Roots
[471.272s][info][gc,task     ] GC(984) Using 1 workers of 1 for marking
[471.348s][info][gc,marking  ] GC(984) Concurrent Mark From Roots 75.598ms
[471.348s][info][gc,marking  ] GC(984) Concurrent Preclean
[471.348s][info][gc,marking  ] GC(984) Concurrent Preclean 0.134ms
[471.348s][info][gc,start    ] GC(984) Pause Remark
[471.366s][info][gc          ] GC(984) Pause Remark 83M->83M(256M) 17.524ms
[471.366s][info][gc,cpu      ] GC(984) User=0.03s Sys=0.00s Real=0.02s
[471.366s][info][gc,marking  ] GC(984) Concurrent Mark 93.609ms
[471.366s][info][gc,marking  ] GC(984) Concurrent Rebuild Remembered Sets and Scrub Regions
[471.403s][info][gc,marking  ] GC(984) Concurrent Rebuild Remembered Sets and Scrub Regions 37.237ms
[471.403s][info][gc,start    ] GC(984) Pause Cleanup
[471.403s][info][gc          ] GC(984) Pause Cleanup 94M->94M(256M) 0.067ms
[471.403s][info][gc,cpu      ] GC(984) User=0.00s Sys=0.00s Real=0.00s
[471.404s][info][gc,marking  ] GC(984) Concurrent Clear Claimed Marks
[471.404s][info][gc,marking  ] GC(984) Concurrent Clear Claimed Marks 0.047ms
[471.404s][info][gc,marking  ] GC(984) Concurrent Cleanup for Next Mark
[471.404s][info][gc,marking  ] GC(984) Concurrent Cleanup for Next Mark 0.780ms
[471.404s][info][gc          ] GC(984) Concurrent Mark Cycle 138.818ms
[471.667s][info][gc,start    ] GC(985) Pause Young (Prepare Mixed) (G1 Evacuation Pause)
[471.667s][info][gc,task     ] GC(985) Using 2 workers of 2 for evacuation
[471.674s][info][gc,phases   ] GC(985)   Pre Evacuate Collection Set: 0.17ms
[471.674s][info][gc,phases   ] GC(985)   Merge Heap Roots: 0.08ms
[471.674s][info][gc,phases   ] GC(985)   Evacuate Collection Set: 6.72ms
[471.674s][info][gc,phases   ] GC(985)   Post Evacuate Collection Set: 0.49ms
[471.674s][info][gc,phases   ] GC(985)   Other: 0.09ms
[471.674s][info][gc,heap     ] GC(985) Eden regions: 145->0(144)
[471.674s][info][gc,heap     ] GC(985) Survivor regions: 8->9(20)
[471.674s][info][gc,heap     ] GC(985) Old regions: 48->48
[471.674s][info][gc,heap     ] GC(985) Humongous regions: 1->1
[471.674s][info][gc,metaspace] GC(985) Metaspace: 43045K(43392K)->43045K(43392K) NonClass: 38691K(38912K)->38691K(38912K) Class: 4354K(4480K)->4354K(4480K)
[471.674s][info][gc          ] GC(985) Pause Young (Prepare Mixed) (G1 Evacuation Pause) 201M->57M(256M) 7.754ms
[471.674s][info][gc,cpu      ] GC(985) User=0.01s Sys=0.00s Real=0.01s
[472.012s][info][gc,start    ] GC(986) Pause Young (Mixed) (G1 Evacuation Pause)
[472.012s][info][gc,task     ] GC(986) Using 2 workers of 2 for evacuation
[472.028s][info][gc,phases   ] GC(986)   Pre Evacuate Collection Set: 0.27ms
[472.028s][info][gc,phases   ] GC(986)   Merge Heap Roots: 0.20ms
[472.028s][info][gc,phases   ] GC(986)   Evacuate Collection Set: 15.19ms
[472.028s][info][gc,phases   ] GC(986)   Post Evacuate Collection Set: 0.61ms
[472.028s][info][gc,phases   ] GC(986)   Other: 0.08ms
[472.028s][info][gc,heap     ] GC(986) Eden regions: 144->0(142)
[472.028s][info][gc,heap     ] GC(986) Survivor regions: 9->11(20)
[472.028s][info][gc,heap     ] GC(986) Old regions: 48->46
[472.028s][info][gc,heap     ] GC(986) Humongous regions: 1->1
[472.028s][info][gc,metaspace] GC(986) Metaspace: 43045K(43392K)->43045K(43392K) NonClass: 38691K(38912K)->38691K(38912K) Class: 4354K(4480K)->4354K(4480K)
[472.028s][info][gc          ] GC(986) Pause Young (Mixed) (G1 Evacuation Pause) 201M->57M(256M) 16.582ms
[472.028s][info][gc,cpu      ] GC(986) User=0.03s Sys=0.00s Real=0.01s
[472.441s][info][gc,start    ] GC(987) Pause Young (Concurrent Start) (G1 Evacuation Pause)
[472.441s][info][gc,task     ] GC(987) Using 2 workers of 2 for evacuation
[472.449s][info][gc,phases   ] GC(987)   Pre Evacuate Collection Set: 0.20ms
[472.449s][info][gc,phases   ] GC(987)   Merge Heap Roots: 0.07ms
[472.449s][info][gc,phases   ] GC(987)   Evacuate Collection Set: 6.54ms
[472.449s][info][gc,phases   ] GC(987)   Post Evacuate Collection Set: 0.46ms
[472.449s][info][gc,phases   ] GC(987)   Other: 0.15ms
[472.449s][info][gc,heap     ] GC(987) Eden regions: 142->0(147)
[472.449s][info][gc,heap     ] GC(987) Survivor regions: 11->6(20)
[472.449s][info][gc,heap     ] GC(987) Old regions: 46->52
[472.449s][info][gc,heap     ] GC(987) Humongous regions: 1->1
[472.449s][info][gc,metaspace] GC(987) Metaspace: 43046K(43392K)->43046K(43392K) NonClass: 38691K(38912K)->38691K(38912K) Class: 4355K(4480K)->4355K(4480K)
[472.449s][info][gc          ] GC(987) Pause Young (Concurrent Start) (G1 Evacuation Pause) 199M->57M(256M) 7.624ms
[472.449s][info][gc          ] GC(988) Concurrent Mark Cycle
[472.449s][info][gc,marking  ] GC(988) Concurrent Scan Root Regions
[472.449s][info][gc,cpu      ] GC(987) User=0.02s Sys=0.00s Real=0.00s
[472.453s][info][gc,marking  ] GC(988) Concurrent Scan Root Regions 4.231ms
[472.453s][info][gc,marking  ] GC(988) Concurrent Mark
[472.453s][info][gc,marking  ] GC(988) Concurrent Mark From Roots
[472.453s][info][gc,task     ] GC(988) Using 1 workers of 1 for marking
[472.528s][info][gc,marking  ] GC(988) Concurrent Mark From Roots 74.499ms
[472.528s][info][gc,marking  ] GC(988) Concurrent Preclean
[472.528s][info][gc,marking  ] GC(988) Concurrent Preclean 0.129ms
[472.528s][info][gc,start    ] GC(988) Pause Remark
[472.546s][info][gc          ] GC(988) Pause Remark 82M->82M(256M) 17.416ms
[472.546s][info][gc,cpu      ] GC(988) User=0.03s Sys=0.00s Real=0.02s
[472.546s][info][gc,marking  ] GC(988) Concurrent Mark 92.934ms
[472.546s][info][gc,marking  ] GC(988) Concurrent Rebuild Remembered Sets and Scrub Regions
[472.580s][info][gc,marking  ] GC(988) Concurrent Rebuild Remembered Sets and Scrub Regions 33.999ms
[472.580s][info][gc,start    ] GC(988) Pause Cleanup
[472.580s][info][gc          ] GC(988) Pause Cleanup 93M->93M(256M) 0.050ms
[472.580s][info][gc,cpu      ] GC(988) User=0.00s Sys=0.00s Real=0.00s
[472.581s][info][gc,marking  ] GC(988) Concurrent Clear Claimed Marks
[472.581s][info][gc,marking  ] GC(988) Concurrent Clear Claimed Marks 0.043ms
[472.581s][info][gc,marking  ] GC(988) Concurrent Cleanup for Next Mark
[472.581s][info][gc,marking  ] GC(988) Concurrent Cleanup for Next Mark 0.772ms
[472.581s][info][gc          ] GC(988) Concurrent Mark Cycle 132.374ms
[472.865s][info][gc,start    ] GC(989) Pause Young (Prepare Mixed) (G1 Evacuation Pause)
[472.865s][info][gc,task     ] GC(989) Using 2 workers of 2 for evacuation
[472.871s][info][gc,phases   ] GC(989)   Pre Evacuate Collection Set: 0.19ms
[472.871s][info][gc,phases   ] GC(989)   Merge Heap Roots: 0.08ms
[472.871s][info][gc,phases   ] GC(989)   Evacuate Collection Set: 5.47ms
[472.871s][info][gc,phases   ] GC(989)   Post Evacuate Collection Set: 0.55ms
[472.871s][info][gc,phases   ] GC(989)   Other: 0.09ms
[472.871s][info][gc,heap     ] GC(989) Eden regions: 147->0(144)
[472.871s][info][gc,heap     ] GC(989) Survivor regions: 6->9(20)
[472.871s][info][gc,heap     ] GC(989) Old regions: 52->52
[472.871s][info][gc,heap     ] GC(989) Humongous regions: 1->1
[472.871s][info][gc,metaspace] GC(989) Metaspace: 43047K(43392K)->43047K(43392K) NonClass: 38692K(38912K)->38692K(38912K) Class: 4355K(4480K)->4355K(4480K)
[472.872s][info][gc          ] GC(989) Pause Young (Prepare Mixed) (G1 Evacuation Pause) 204M->61M(256M) 6.586ms
[472.872s][info][gc,cpu      ] GC(989) User=0.02s Sys=0.00s Real=0.01s
[473.469s][info][gc,start    ] GC(990) Pause Young (Mixed) (G1 Evacuation Pause)
[473.469s][info][gc,task     ] GC(990) Using 2 workers of 2 for evacuation
[473.482s][info][gc,phases   ] GC(990)   Pre Evacuate Collection Set: 0.15ms
[473.482s][info][gc,phases   ] GC(990)   Merge Heap Roots: 0.21ms
[473.482s][info][gc,phases   ] GC(990)   Evacuate Collection Set: 12.02ms
[473.482s][info][gc,phases   ] GC(990)   Post Evacuate Collection Set: 0.85ms
[473.482s][info][gc,phases   ] GC(990)   Other: 0.09ms
[473.482s][info][gc,heap     ] GC(990) Eden regions: 144->0(150)
[473.482s][info][gc,heap     ] GC(990) Survivor regions: 9->3(20)
[473.482s][info][gc,heap     ] GC(990) Old regions: 52->51
[473.482s][info][gc,heap     ] GC(990) Humongous regions: 1->1
[473.482s][info][gc,metaspace] GC(990) Metaspace: 43047K(43392K)->43047K(43392K) NonClass: 38692K(38912K)->38692K(38912K) Class: 4355K(4480K)->4355K(4480K)
[473.482s][info][gc          ] GC(990) Pause Young (Mixed) (G1 Evacuation Pause) 205M->54M(256M) 13.522ms
[473.482s][info][gc,cpu      ] GC(990) User=0.03s Sys=0.00s Real=0.02s
[473.915s][info][gc,start    ] GC(991) Pause Young (Concurrent Start) (G1 Humongous Allocation)
[473.915s][info][gc,task     ] GC(991) Using 2 workers of 2 for evacuation
[473.919s][info][gc,phases   ] GC(991)   Pre Evacuate Collection Set: 0.21ms
[473.919s][info][gc,phases   ] GC(991)   Merge Heap Roots: 0.07ms
[473.919s][info][gc,phases   ] GC(991)   Evacuate Collection Set: 3.18ms
[473.919s][info][gc,phases   ] GC(991)   Post Evacuate Collection Set: 0.33ms
[473.919s][info][gc,phases   ] GC(991)   Other: 0.10ms
[473.919s][info][gc,heap     ] GC(991) Eden regions: 50->0(149)
[473.919s][info][gc,heap     ] GC(991) Survivor regions: 3->4(20)
[473.919s][info][gc,heap     ] GC(991) Old regions: 51->51
[473.919s][info][gc,heap     ] GC(991) Humongous regions: 1->1
[473.919s][info][gc,metaspace] GC(991) Metaspace: 43047K(43392K)->43047K(43392K) NonClass: 38692K(38912K)->38692K(38912K) Class: 4355K(4480K)->4355K(4480K)
[473.919s][info][gc          ] GC(991) Pause Young (Concurrent Start) (G1 Humongous Allocation) 103M->54M(256M) 4.059ms
[473.919s][info][gc,cpu      ] GC(991) User=0.01s Sys=0.00s Real=0.00s
[473.919s][info][gc          ] GC(992) Concurrent Mark Cycle
[473.919s][info][gc,marking  ] GC(992) Concurrent Scan Root Regions
[473.922s][info][gc,marking  ] GC(992) Concurrent Scan Root Regions 2.443ms
[473.922s][info][gc,marking  ] GC(992) Concurrent Mark
[473.922s][info][gc,marking  ] GC(992) Concurrent Mark From Roots
[473.922s][info][gc,task     ] GC(992) Using 1 workers of 1 for marking
[473.990s][info][gc,marking  ] GC(992) Concurrent Mark From Roots 68.125ms
[473.990s][info][gc,marking  ] GC(992) Concurrent Preclean
[473.990s][info][gc,marking  ] GC(992) Concurrent Preclean 0.232ms
[473.990s][info][gc,start    ] GC(992) Pause Remark
[474.008s][info][gc          ] GC(992) Pause Remark 64M->62M(256M) 17.784ms
[474.008s][info][gc,cpu      ] GC(992) User=0.04s Sys=0.00s Real=0.02s
[474.009s][info][gc,marking  ] GC(992) Concurrent Mark 86.865ms
[474.009s][info][gc,marking  ] GC(992) Concurrent Rebuild Remembered Sets and Scrub Regions
[474.049s][info][gc,marking  ] GC(992) Concurrent Rebuild Remembered Sets and Scrub Regions 40.523ms
[474.049s][info][gc,start    ] GC(992) Pause Cleanup
[474.049s][info][gc          ] GC(992) Pause Cleanup 70M->70M(256M) 0.049ms
[474.049s][info][gc,cpu      ] GC(992) User=0.00s Sys=0.00s Real=0.00s
[474.049s][info][gc,marking  ] GC(992) Concurrent Clear Claimed Marks
[474.049s][info][gc,marking  ] GC(992) Concurrent Clear Claimed Marks 0.037ms
[474.049s][info][gc,marking  ] GC(992) Concurrent Cleanup for Next Mark
[474.050s][info][gc,marking  ] GC(992) Concurrent Cleanup for Next Mark 0.848ms
[474.050s][info][gc          ] GC(992) Concurrent Mark Cycle 131.079ms
[474.775s][info][gc,start    ] GC(993) Pause Young (Prepare Mixed) (G1 Evacuation Pause)
[474.775s][info][gc,task     ] GC(993) Using 2 workers of 2 for evacuation
[474.788s][info][gc,phases   ] GC(993)   Pre Evacuate Collection Set: 0.18ms
[474.788s][info][gc,phases   ] GC(993)   Merge Heap Roots: 0.09ms
[474.788s][info][gc,phases   ] GC(993)   Evacuate Collection Set: 11.36ms
[474.788s][info][gc,phases   ] GC(993)   Post Evacuate Collection Set: 0.54ms
[474.788s][info][gc,phases   ] GC(993)   Other: 0.11ms
[474.788s][info][gc,heap     ] GC(993) Eden regions: 149->0(142)
[474.788s][info][gc,heap     ] GC(993) Survivor regions: 4->11(20)
[474.788s][info][gc,heap     ] GC(993) Old regions: 49->49
[474.788s][info][gc,heap     ] GC(993) Humongous regions: 13->3
[474.788s][info][gc,metaspace] GC(993) Metaspace: 43051K(43456K)->43051K(43456K) NonClass: 38696K(38976K)->38696K(38976K) Class: 4355K(4480K)->4355K(4480K)
[474.788s][info][gc          ] GC(993) Pause Young (Prepare Mixed) (G1 Evacuation Pause) 213M->62M(256M) 12.498ms
[474.788s][info][gc,cpu      ] GC(993) User=0.02s Sys=0.00s Real=0.01s
[475.139s][info][gc,start    ] GC(994) Pause Young (Mixed) (G1 Evacuation Pause)
[475.139s][info][gc,task     ] GC(994) Using 2 workers of 2 for evacuation
[475.168s][info][gc,phases   ] GC(994)   Pre Evacuate Collection Set: 0.17ms
[475.168s][info][gc,phases   ] GC(994)   Merge Heap Roots: 0.09ms
[475.168s][info][gc,phases   ] GC(994)   Evacuate Collection Set: 27.73ms
[475.168s][info][gc,phases   ] GC(994)   Post Evacuate Collection Set: 0.44ms
[475.168s][info][gc,phases   ] GC(994)   Other: 0.07ms
[475.168s][info][gc,heap     ] GC(994) Eden regions: 142->0(137)
[475.168s][info][gc,heap     ] GC(994) Survivor regions: 11->16(20)
[475.168s][info][gc,heap     ] GC(994) Old regions: 49->54
[475.168s][info][gc,heap     ] GC(994) Humongous regions: 4->4
[475.168s][info][gc,metaspace] GC(994) Metaspace: 43051K(43456K)->43051K(43456K) NonClass: 38696K(38976K)->38696K(38976K) Class: 4355K(4480K)->4355K(4480K)
[475.168s][info][gc          ] GC(994) Pause Young (Mixed) (G1 Evacuation Pause) 205M->73M(256M) 28.711ms
[475.168s][info][gc,cpu      ] GC(994) User=0.06s Sys=0.00s Real=0.03s
[475.447s][info][gc,start    ] GC(995) Pause Young (Concurrent Start) (G1 Humongous Allocation)
[475.447s][info][gc,task     ] GC(995) Using 2 workers of 2 for evacuation
[475.477s][info][gc,phases   ] GC(995)   Pre Evacuate Collection Set: 0.17ms
[475.477s][info][gc,phases   ] GC(995)   Merge Heap Roots: 0.06ms
[475.477s][info][gc,phases   ] GC(995)   Evacuate Collection Set: 28.99ms
[475.477s][info][gc,phases   ] GC(995)   Post Evacuate Collection Set: 0.43ms
[475.477s][info][gc,phases   ] GC(995)   Other: 0.11ms
[475.477s][info][gc,heap     ] GC(995) Eden regions: 116->0(135)
[475.477s][info][gc,heap     ] GC(995) Survivor regions: 16->14(20)
[475.477s][info][gc,heap     ] GC(995) Old regions: 54->70
[475.477s][info][gc,heap     ] GC(995) Humongous regions: 4->4
[475.477s][info][gc,metaspace] GC(995) Metaspace: 43051K(43456K)->43051K(43456K) NonClass: 38696K(38976K)->38696K(38976K) Class: 4355K(4480K)->4355K(4480K)
[475.477s][info][gc          ] GC(995) Pause Young (Concurrent Start) (G1 Humongous Allocation) 189M->87M(256M) 29.964ms
[475.477s][info][gc,cpu      ] GC(995) User=0.06s Sys=0.00s Real=0.03s
[475.477s][info][gc          ] GC(996) Concurrent Mark Cycle
[475.477s][info][gc,marking  ] GC(996) Concurrent Scan Root Regions
[475.520s][info][gc,marking  ] GC(996) Concurrent Scan Root Regions 42.934ms
[475.520s][info][gc,marking  ] GC(996) Concurrent Mark
[475.520s][info][gc,marking  ] GC(996) Concurrent Mark From Roots
[475.520s][info][gc,task     ] GC(996) Using 1 workers of 1 for marking
[475.641s][info][gc,marking  ] GC(996) Concurrent Mark From Roots 120.478ms
[475.641s][info][gc,marking  ] GC(996) Concurrent Preclean
[475.641s][info][gc,marking  ] GC(996) Concurrent Preclean 0.082ms
[475.641s][info][gc,start    ] GC(996) Pause Remark
[475.659s][info][gc          ] GC(996) Pause Remark 132M->130M(256M) 18.448ms
[475.659s][info][gc,cpu      ] GC(996) User=0.04s Sys=0.00s Real=0.02s
[475.661s][info][gc,marking  ] GC(996) Concurrent Mark 140.650ms
[475.661s][info][gc,marking  ] GC(996) Concurrent Rebuild Remembered Sets and Scrub Regions
[475.746s][info][gc,marking  ] GC(996) Concurrent Rebuild Remembered Sets and Scrub Regions 85.380ms
[475.747s][info][gc,start    ] GC(996) Pause Cleanup
[475.747s][info][gc          ] GC(996) Pause Cleanup 154M->154M(256M) 0.105ms
[475.747s][info][gc,cpu      ] GC(996) User=0.00s Sys=0.00s Real=0.00s
[475.747s][info][gc,marking  ] GC(996) Concurrent Clear Claimed Marks
[475.748s][info][gc,marking  ] GC(996) Concurrent Clear Claimed Marks 0.057ms
[475.748s][info][gc,marking  ] GC(996) Concurrent Cleanup for Next Mark
[475.748s][info][gc,marking  ] GC(996) Concurrent Cleanup for Next Mark 0.824ms
[475.748s][info][gc          ] GC(996) Concurrent Mark Cycle 271.175ms
[475.931s][info][gc,start    ] GC(997) Pause Young (Prepare Mixed) (G1 Evacuation Pause)
[475.931s][info][gc,task     ] GC(997) Using 2 workers of 2 for evacuation
[475.967s][info][gc,phases   ] GC(997)   Pre Evacuate Collection Set: 0.19ms
[475.967s][info][gc,phases   ] GC(997)   Merge Heap Roots: 0.13ms
[475.967s][info][gc,phases   ] GC(997)   Evacuate Collection Set: 35.65ms
[475.967s][info][gc,phases   ] GC(997)   Post Evacuate Collection Set: 0.47ms
[475.967s][info][gc,phases   ] GC(997)   Other: 0.07ms
[475.967s][info][gc,heap     ] GC(997) Eden regions: 135->0(122)
[475.967s][info][gc,heap     ] GC(997) Survivor regions: 14->15(19)
[475.967s][info][gc,heap     ] GC(997) Old regions: 68->81
[475.967s][info][gc,heap     ] GC(997) Humongous regions: 6->6
[475.967s][info][gc,metaspace] GC(997) Metaspace: 43051K(43456K)->43051K(43456K) NonClass: 38696K(38976K)->38696K(38976K) Class: 4355K(4480K)->4355K(4480K)
[475.968s][info][gc          ] GC(997) Pause Young (Prepare Mixed) (G1 Evacuation Pause) 222M->101M(256M) 36.723ms
[475.968s][info][gc,cpu      ] GC(997) User=0.07s Sys=0.00s Real=0.04s
[476.248s][info][gc,start    ] GC(998) Pause Young (Mixed) (G1 Evacuation Pause)
[476.248s][info][gc,task     ] GC(998) Using 2 workers of 2 for evacuation
[476.280s][info][gc,phases   ] GC(998)   Pre Evacuate Collection Set: 0.25ms
[476.280s][info][gc,phases   ] GC(998)   Merge Heap Roots: 0.18ms
[476.280s][info][gc,phases   ] GC(998)   Evacuate Collection Set: 30.84ms
[476.280s][info][gc,phases   ] GC(998)   Post Evacuate Collection Set: 0.44ms
[476.280s][info][gc,phases   ] GC(998)   Other: 0.09ms
[476.280s][info][gc,heap     ] GC(998) Eden regions: 122->0(118)
[476.280s][info][gc,heap     ] GC(998) Survivor regions: 15->13(18)
[476.280s][info][gc,heap     ] GC(998) Old regions: 81->87
[476.280s][info][gc,heap     ] GC(998) Humongous regions: 6->6
[476.280s][info][gc,metaspace] GC(998) Metaspace: 43051K(43456K)->43051K(43456K) NonClass: 38696K(38976K)->38696K(38976K) Class: 4355K(4480K)->4355K(4480K)
[476.280s][info][gc          ] GC(998) Pause Young (Mixed) (G1 Evacuation Pause) 223M->105M(256M) 32.018ms
[476.280s][info][gc,cpu      ] GC(998) User=0.07s Sys=0.00s Real=0.03s
[476.341s][info][gc,start    ] GC(999) Pause Young (Concurrent Start) (G1 Humongous Allocation)
[476.341s][info][gc,task     ] GC(999) Using 2 workers of 2 for evacuation
[476.364s][info][gc,phases   ] GC(999)   Pre Evacuate Collection Set: 0.19ms
[476.364s][info][gc,phases   ] GC(999)   Merge Heap Roots: 0.08ms
[476.364s][info][gc,phases   ] GC(999)   Evacuate Collection Set: 21.27ms
[476.364s][info][gc,phases   ] GC(999)   Post Evacuate Collection Set: 1.18ms
[476.364s][info][gc,phases   ] GC(999)   Other: 0.11ms
[476.364s][info][gc,heap     ] GC(999) Eden regions: 29->0(205)
[476.364s][info][gc,heap     ] GC(999) Survivor regions: 13->6(17)
[476.364s][info][gc,heap     ] GC(999) Old regions: 87->100
[476.364s][info][gc,heap     ] GC(999) Humongous regions: 6->6
[476.364s][info][gc,metaspace] GC(999) Metaspace: 43051K(43456K)->43051K(43456K) NonClass: 38696K(38976K)->38696K(38976K) Class: 4355K(4480K)->4355K(4480K)
[476.364s][info][gc          ] GC(999) Pause Young (Concurrent Start) (G1 Humongous Allocation) 134M->112M(363M) 23.037ms
[476.364s][info][gc,cpu      ] GC(999) User=0.05s Sys=0.00s Real=0.03s
[476.364s][info][gc          ] GC(1000) Concurrent Mark Cycle
[476.364s][info][gc,marking  ] GC(1000) Concurrent Scan Root Regions
[476.407s][info][gc,marking  ] GC(1000) Concurrent Scan Root Regions 43.399ms
[476.407s][info][gc,marking  ] GC(1000) Concurrent Mark
[476.407s][info][gc,marking  ] GC(1000) Concurrent Mark From Roots
[476.407s][info][gc,task     ] GC(1000) Using 1 workers of 1 for marking
[476.592s][info][gc,marking  ] GC(1000) Concurrent Mark From Roots 184.755ms
[476.592s][info][gc,marking  ] GC(1000) Concurrent Preclean
[476.592s][info][gc,marking  ] GC(1000) Concurrent Preclean 0.051ms
[476.592s][info][gc,start    ] GC(1000) Pause Remark
[476.610s][info][gc          ] GC(1000) Pause Remark 146M->145M(363M) 17.895ms
[476.610s][info][gc,cpu      ] GC(1000) User=0.04s Sys=0.00s Real=0.01s
[476.610s][info][gc,marking  ] GC(1000) Concurrent Mark 202.985ms
[476.610s][info][gc,marking  ] GC(1000) Concurrent Rebuild Remembered Sets and Scrub Regions
[476.679s][info][gc,marking  ] GC(1000) Concurrent Rebuild Remembered Sets and Scrub Regions 68.213ms
[476.679s][info][gc,start    ] GC(1000) Pause Cleanup
[476.679s][info][gc          ] GC(1000) Pause Cleanup 156M->156M(363M) 0.054ms
[476.679s][info][gc,cpu      ] GC(1000) User=0.00s Sys=0.00s Real=0.00s
[476.679s][info][gc,marking  ] GC(1000) Concurrent Clear Claimed Marks
[476.679s][info][gc,marking  ] GC(1000) Concurrent Clear Claimed Marks 0.041ms
[476.679s][info][gc,marking  ] GC(1000) Concurrent Cleanup for Next Mark
[476.681s][info][gc,marking  ] GC(1000) Concurrent Cleanup for Next Mark 2.257ms
[476.681s][info][gc          ] GC(1000) Concurrent Mark Cycle 317.301ms
[479.802s][info][gc,start    ] GC(1001) Pause Young (Prepare Mixed) (G1 Evacuation Pause)
[479.802s][info][gc,task     ] GC(1001) Using 2 workers of 2 for evacuation
[479.833s][info][gc,phases   ] GC(1001)   Pre Evacuate Collection Set: 0.19ms
[479.833s][info][gc,phases   ] GC(1001)   Merge Heap Roots: 0.13ms
[479.833s][info][gc,phases   ] GC(1001)   Evacuate Collection Set: 29.66ms
[479.833s][info][gc,phases   ] GC(1001)   Post Evacuate Collection Set: 0.50ms
[479.833s][info][gc,phases   ] GC(1001)   Other: 0.10ms
[479.833s][info][gc,heap     ] GC(1001) Eden regions: 205->0(190)
[479.833s][info][gc,heap     ] GC(1001) Survivor regions: 6->21(27)
[479.833s][info][gc,heap     ] GC(1001) Old regions: 100->100
[479.833s][info][gc,heap     ] GC(1001) Humongous regions: 13->7
[479.833s][info][gc,metaspace] GC(1001) Metaspace: 43053K(43456K)->43053K(43456K) NonClass: 38698K(38976K)->38698K(38976K) Class: 4355K(4480K)->4355K(4480K)
[479.833s][info][gc          ] GC(1001) Pause Young (Prepare Mixed) (G1 Evacuation Pause) 324M->128M(363M) 30.783ms
[479.833s][info][gc,cpu      ] GC(1001) User=0.06s Sys=0.00s Real=0.03s
[480.493s][info][gc,start    ] GC(1002) Pause Young (Mixed) (G1 Evacuation Pause)
[480.493s][info][gc,task     ] GC(1002) Using 2 workers of 2 for evacuation
[480.524s][info][gc,phases   ] GC(1002)   Pre Evacuate Collection Set: 0.20ms
[480.525s][info][gc,phases   ] GC(1002)   Merge Heap Roots: 0.14ms
[480.525s][info][gc,phases   ] GC(1002)   Evacuate Collection Set: 30.12ms
[480.525s][info][gc,phases   ] GC(1002)   Post Evacuate Collection Set: 0.54ms
[480.525s][info][gc,phases   ] GC(1002)   Other: 0.10ms
[480.525s][info][gc,heap     ] GC(1002) Eden regions: 190->0(196)
[480.525s][info][gc,heap     ] GC(1002) Survivor regions: 21->4(27)
[480.525s][info][gc,heap     ] GC(1002) Old regions: 100->118
[480.525s][info][gc,heap     ] GC(1002) Humongous regions: 7->7
[480.525s][info][gc,metaspace] GC(1002) Metaspace: 43053K(43456K)->43053K(43456K) NonClass: 38698K(38976K)->38698K(38976K) Class: 4355K(4480K)->4355K(4480K)
[480.525s][info][gc          ] GC(1002) Pause Young (Mixed) (G1 Evacuation Pause) 318M->129M(363M) 31.298ms
[480.525s][info][gc,cpu      ] GC(1002) User=0.06s Sys=0.00s Real=0.03s
[480.577s][info][gc,start    ] GC(1003) Pause Young (Concurrent Start) (G1 Humongous Allocation)
[480.577s][info][gc,task     ] GC(1003) Using 2 workers of 2 for evacuation
[480.580s][info][gc,phases   ] GC(1003)   Pre Evacuate Collection Set: 0.20ms
[480.580s][info][gc,phases   ] GC(1003)   Merge Heap Roots: 0.04ms
[480.580s][info][gc,phases   ] GC(1003)   Evacuate Collection Set: 2.84ms
[480.580s][info][gc,phases   ] GC(1003)   Post Evacuate Collection Set: 0.28ms
[480.580s][info][gc,phases   ] GC(1003)   Other: 0.09ms
[480.580s][info][gc,heap     ] GC(1003) Eden regions: 13->0(203)
[480.580s][info][gc,heap     ] GC(1003) Survivor regions: 4->3(25)
[480.580s][info][gc,heap     ] GC(1003) Old regions: 118->118
[480.580s][info][gc,heap     ] GC(1003) Humongous regions: 7->7
[480.580s][info][gc,metaspace] GC(1003) Metaspace: 43053K(43456K)->43053K(43456K) NonClass: 38698K(38976K)->38698K(38976K) Class: 4355K(4480K)->4355K(4480K)
[480.580s][info][gc          ] GC(1003) Pause Young (Concurrent Start) (G1 Humongous Allocation) 141M->128M(363M) 3.651ms
[480.580s][info][gc,cpu      ] GC(1003) User=0.01s Sys=0.00s Real=0.00s
[480.580s][info][gc          ] GC(1004) Concurrent Mark Cycle
[480.580s][info][gc,marking  ] GC(1004) Concurrent Scan Root Regions
[480.582s][info][gc,marking  ] GC(1004) Concurrent Scan Root Regions 2.103ms
[480.582s][info][gc,marking  ] GC(1004) Concurrent Mark
[480.582s][info][gc,marking  ] GC(1004) Concurrent Mark From Roots
[480.582s][info][gc,task     ] GC(1004) Using 1 workers of 1 for marking
[480.609s][info][gc,marking  ] GC(1004) Concurrent Mark From Roots 26.438ms
[480.609s][info][gc,marking  ] GC(1004) Concurrent Preclean
[480.609s][info][gc,marking  ] GC(1004) Concurrent Preclean 0.052ms
[480.609s][info][gc,start    ] GC(1004) Pause Remark
[480.626s][info][gc          ] GC(1004) Pause Remark 142M->60M(256M) 17.269ms
[480.626s][info][gc,cpu      ] GC(1004) User=0.04s Sys=0.00s Real=0.02s
[480.626s][info][gc,marking  ] GC(1004) Concurrent Mark 43.987ms
[480.626s][info][gc,marking  ] GC(1004) Concurrent Rebuild Remembered Sets and Scrub Regions
[480.637s][info][gc,marking  ] GC(1004) Concurrent Rebuild Remembered Sets and Scrub Regions 10.186ms
[480.637s][info][gc,start    ] GC(1004) Pause Cleanup
[480.637s][info][gc          ] GC(1004) Pause Cleanup 63M->63M(256M) 0.042ms
[480.637s][info][gc,cpu      ] GC(1004) User=0.01s Sys=0.00s Real=0.00s
[480.637s][info][gc,marking  ] GC(1004) Concurrent Clear Claimed Marks
[480.637s][info][gc,marking  ] GC(1004) Concurrent Clear Claimed Marks 0.037ms
[480.637s][info][gc,marking  ] GC(1004) Concurrent Cleanup for Next Mark
[480.638s][info][gc,marking  ] GC(1004) Concurrent Cleanup for Next Mark 0.738ms
[480.638s][info][gc          ] GC(1004) Concurrent Mark Cycle 57.400ms
[480.998s][info][gc,start    ] GC(1005) Pause Young (Prepare Mixed) (G1 Evacuation Pause)
[480.998s][info][gc,task     ] GC(1005) Using 2 workers of 2 for evacuation
[481.023s][info][gc,phases   ] GC(1005)   Pre Evacuate Collection Set: 0.16ms
[481.023s][info][gc,phases   ] GC(1005)   Merge Heap Roots: 0.08ms
[481.023s][info][gc,phases   ] GC(1005)   Evacuate Collection Set: 23.37ms
[481.023s][info][gc,phases   ] GC(1005)   Post Evacuate Collection Set: 0.50ms
[481.023s][info][gc,phases   ] GC(1005)   Other: 0.08ms
[481.023s][info][gc,heap     ] GC(1005) Eden regions: 150->0(133)
[481.023s][info][gc,heap     ] GC(1005) Survivor regions: 3->20(20)
[481.023s][info][gc,heap     ] GC(1005) Old regions: 42->44
[481.023s][info][gc,heap     ] GC(1005) Humongous regions: 4->4
[481.023s][info][gc,metaspace] GC(1005) Metaspace: 43053K(43456K)->43053K(43456K) NonClass: 38698K(38976K)->38698K(38976K) Class: 4355K(4480K)->4355K(4480K)
[481.023s][info][gc          ] GC(1005) Pause Young (Prepare Mixed) (G1 Evacuation Pause) 199M->67M(256M) 24.402ms
[481.023s][info][gc,cpu      ] GC(1005) User=0.05s Sys=0.00s Real=0.03s
[481.392s][info][gc,start    ] GC(1006) Pause Young (Mixed) (G1 Evacuation Pause)
[481.392s][info][gc,task     ] GC(1006) Using 2 workers of 2 for evacuation
[481.433s][info][gc,phases   ] GC(1006)   Pre Evacuate Collection Set: 0.21ms
[481.433s][info][gc,phases   ] GC(1006)   Merge Heap Roots: 0.15ms
[481.433s][info][gc,phases   ] GC(1006)   Evacuate Collection Set: 40.21ms
[481.434s][info][gc,phases   ] GC(1006)   Post Evacuate Collection Set: 0.46ms
[481.434s][info][gc,phases   ] GC(1006)   Other: 0.07ms
[481.434s][info][gc,heap     ] GC(1006) Eden regions: 133->0(136)
[481.434s][info][gc,heap     ] GC(1006) Survivor regions: 20->17(20)
[481.434s][info][gc,heap     ] GC(1006) Old regions: 44->55
[481.434s][info][gc,heap     ] GC(1006) Humongous regions: 6->6
[481.434s][info][gc,metaspace] GC(1006) Metaspace: 43053K(43456K)->43053K(43456K) NonClass: 38698K(38976K)->38698K(38976K) Class: 4355K(4480K)->4355K(4480K)
[481.434s][info][gc          ] GC(1006) Pause Young (Mixed) (G1 Evacuation Pause) 202M->77M(256M) 41.381ms
[481.434s][info][gc,cpu      ] GC(1006) User=0.08s Sys=0.00s Real=0.04s
[481.769s][info][gc,start    ] GC(1007) Pause Young (Concurrent Start) (G1 Evacuation Pause)
[481.769s][info][gc,task     ] GC(1007) Using 2 workers of 2 for evacuation
[481.806s][info][gc,phases   ] GC(1007)   Pre Evacuate Collection Set: 0.19ms
[481.806s][info][gc,phases   ] GC(1007)   Merge Heap Roots: 0.09ms
[481.806s][info][gc,phases   ] GC(1007)   Evacuate Collection Set: 36.05ms
[481.806s][info][gc,phases   ] GC(1007)   Post Evacuate Collection Set: 0.43ms
[481.806s][info][gc,phases   ] GC(1007)   Other: 0.09ms
[481.806s][info][gc,heap     ] GC(1007) Eden regions: 136->0(128)
[481.806s][info][gc,heap     ] GC(1007) Survivor regions: 17->17(20)
[481.806s][info][gc,heap     ] GC(1007) Old regions: 55->71
[481.806s][info][gc,heap     ] GC(1007) Humongous regions: 6->6
[481.806s][info][gc,metaspace] GC(1007) Metaspace: 43053K(43456K)->43053K(43456K) NonClass: 38698K(38976K)->38698K(38976K) Class: 4355K(4480K)->4355K(4480K)
[481.806s][info][gc          ] GC(1007) Pause Young (Concurrent Start) (G1 Evacuation Pause) 213M->93M(256M) 37.094ms
[481.806s][info][gc,cpu      ] GC(1007) User=0.08s Sys=0.00s Real=0.04s
[481.806s][info][gc          ] GC(1008) Concurrent Mark Cycle
[481.806s][info][gc,marking  ] GC(1008) Concurrent Scan Root Regions
[481.833s][info][gc,marking  ] GC(1008) Concurrent Scan Root Regions 27.089ms
[481.834s][info][gc,marking  ] GC(1008) Concurrent Mark
[481.834s][info][gc,marking  ] GC(1008) Concurrent Mark From Roots
[481.834s][info][gc,task     ] GC(1008) Using 1 workers of 1 for marking
[481.892s][info][gc,marking  ] GC(1008) Concurrent Mark From Roots 58.187ms
[481.892s][info][gc,marking  ] GC(1008) Concurrent Preclean
[481.892s][info][gc,marking  ] GC(1008) Concurrent Preclean 0.038ms
[481.892s][info][gc,start    ] GC(1008) Pause Remark
[481.909s][info][gc          ] GC(1008) Pause Remark 129M->128M(256M) 17.398ms
[481.909s][info][gc,cpu      ] GC(1008) User=0.03s Sys=0.00s Real=0.01s
[481.909s][info][gc,marking  ] GC(1008) Concurrent Mark 75.900ms
[481.909s][info][gc,marking  ] GC(1008) Concurrent Rebuild Remembered Sets and Scrub Regions
[481.948s][info][gc,marking  ] GC(1008) Concurrent Rebuild Remembered Sets and Scrub Regions 38.768ms
[481.948s][info][gc,start    ] GC(1008) Pause Cleanup
[481.948s][info][gc          ] GC(1008) Pause Cleanup 143M->143M(256M) 0.046ms
[481.948s][info][gc,cpu      ] GC(1008) User=0.00s Sys=0.00s Real=0.00s
[481.948s][info][gc,marking  ] GC(1008) Concurrent Clear Claimed Marks
[481.948s][info][gc,marking  ] GC(1008) Concurrent Clear Claimed Marks 0.040ms
[481.948s][info][gc,marking  ] GC(1008) Concurrent Cleanup for Next Mark
[481.949s][info][gc,marking  ] GC(1008) Concurrent Cleanup for Next Mark 0.734ms
[481.949s][info][gc          ] GC(1008) Concurrent Mark Cycle 142.891ms
[482.198s][info][gc,start    ] GC(1009) Pause Young (Prepare Mixed) (G1 Evacuation Pause)
[482.198s][info][gc,task     ] GC(1009) Using 2 workers of 2 for evacuation
[482.237s][info][gc,phases   ] GC(1009)   Pre Evacuate Collection Set: 0.17ms
[482.237s][info][gc,phases   ] GC(1009)   Merge Heap Roots: 0.12ms
[482.238s][info][gc,phases   ] GC(1009)   Evacuate Collection Set: 38.97ms
[482.238s][info][gc,phases   ] GC(1009)   Post Evacuate Collection Set: 0.46ms
[482.238s][info][gc,phases   ] GC(1009)   Other: 0.07ms
[482.238s][info][gc,heap     ] GC(1009) Eden regions: 128->0(114)
[482.238s][info][gc,heap     ] GC(1009) Survivor regions: 17->15(19)
[482.238s][info][gc,heap     ] GC(1009) Old regions: 71->87
[482.238s][info][gc,heap     ] GC(1009) Humongous regions: 9->9
[482.238s][info][gc,metaspace] GC(1009) Metaspace: 43053K(43456K)->43053K(43456K) NonClass: 38698K(38976K)->38698K(38976K) Class: 4355K(4480K)->4355K(4480K)
[482.238s][info][gc          ] GC(1009) Pause Young (Prepare Mixed) (G1 Evacuation Pause) 224M->111M(256M) 40.023ms
[482.238s][info][gc,cpu      ] GC(1009) User=0.08s Sys=0.00s Real=0.04s
[482.542s][info][gc,start    ] GC(1010) Pause Young (Mixed) (G1 Evacuation Pause)
[482.542s][info][gc,task     ] GC(1010) Using 2 workers of 2 for evacuation
[482.600s][info][gc,phases   ] GC(1010)   Pre Evacuate Collection Set: 0.19ms
[482.600s][info][gc,phases   ] GC(1010)   Merge Heap Roots: 0.19ms
[482.600s][info][gc,phases   ] GC(1010)   Evacuate Collection Set: 56.30ms
[482.600s][info][gc,phases   ] GC(1010)   Post Evacuate Collection Set: 0.64ms
[482.600s][info][gc,phases   ] GC(1010)   Other: 0.08ms
[482.600s][info][gc,heap     ] GC(1010) Eden regions: 114->0(109)
[482.600s][info][gc,heap     ] GC(1010) Survivor regions: 15->14(17)
[482.600s][info][gc,heap     ] GC(1010) Old regions: 87->94
[482.600s][info][gc,heap     ] GC(1010) Humongous regions: 9->9
[482.600s][info][gc,metaspace] GC(1010) Metaspace: 43053K(43456K)->43053K(43456K) NonClass: 38698K(38976K)->38698K(38976K) Class: 4355K(4480K)->4355K(4480K)
[482.600s][info][gc          ] GC(1010) Pause Young (Mixed) (G1 Evacuation Pause) 225M->116M(256M) 57.623ms
[482.600s][info][gc,cpu      ] GC(1010) User=0.08s Sys=0.00s Real=0.05s
[482.800s][info][gc,start    ] GC(1011) Pause Young (Concurrent Start) (G1 Humongous Allocation)
[482.800s][info][gc,task     ] GC(1011) Using 2 workers of 2 for evacuation
[482.828s][info][gc,phases   ] GC(1011)   Pre Evacuate Collection Set: 0.19ms
[482.828s][info][gc,phases   ] GC(1011)   Merge Heap Roots: 0.08ms
[482.828s][info][gc,phases   ] GC(1011)   Evacuate Collection Set: 26.44ms
[482.828s][info][gc,phases   ] GC(1011)   Post Evacuate Collection Set: 1.34ms
[482.828s][info][gc,phases   ] GC(1011)   Other: 0.18ms
[482.828s][info][gc,heap     ] GC(1011) Eden regions: 21->0(200)
[482.828s][info][gc,heap     ] GC(1011) Survivor regions: 14->12(16)
[482.828s][info][gc,heap     ] GC(1011) Old regions: 94->107
[482.828s][info][gc,heap     ] GC(1011) Humongous regions: 9->9
[482.828s][info][gc,metaspace] GC(1011) Metaspace: 43053K(43456K)->43053K(43456K) NonClass: 38698K(38976K)->38698K(38976K) Class: 4355K(4480K)->4355K(4480K)
[482.828s][info][gc          ] GC(1011) Pause Young (Concurrent Start) (G1 Humongous Allocation) 137M->127M(396M) 28.476ms
[482.828s][info][gc,cpu      ] GC(1011) User=0.05s Sys=0.00s Real=0.03s
[482.828s][info][gc          ] GC(1012) Concurrent Mark Cycle
[482.828s][info][gc,marking  ] GC(1012) Concurrent Scan Root Regions
[482.881s][info][gc,marking  ] GC(1012) Concurrent Scan Root Regions 52.574ms
[482.881s][info][gc,marking  ] GC(1012) Concurrent Mark
[482.881s][info][gc,marking  ] GC(1012) Concurrent Mark From Roots
[482.881s][info][gc,task     ] GC(1012) Using 1 workers of 1 for marking
[483.006s][info][gc,marking  ] GC(1012) Concurrent Mark From Roots 124.707ms
[483.006s][info][gc,marking  ] GC(1012) Concurrent Preclean
[483.006s][info][gc,marking  ] GC(1012) Concurrent Preclean 0.045ms
[483.006s][info][gc,start    ] GC(1012) Pause Remark
[483.023s][info][gc          ] GC(1012) Pause Remark 139M->137M(396M) 17.481ms
[483.023s][info][gc,cpu      ] GC(1012) User=0.03s Sys=0.00s Real=0.02s
[483.023s][info][gc,marking  ] GC(1012) Concurrent Mark 142.596ms
[483.023s][info][gc,marking  ] GC(1012) Concurrent Rebuild Remembered Sets and Scrub Regions
[483.099s][info][gc,marking  ] GC(1012) Concurrent Rebuild Remembered Sets and Scrub Regions 75.923ms
[483.100s][info][gc,start    ] GC(1012) Pause Cleanup
[483.100s][info][gc          ] GC(1012) Pause Cleanup 144M->144M(396M) 0.087ms
[483.100s][info][gc,cpu      ] GC(1012) User=0.00s Sys=0.00s Real=0.00s
[483.100s][info][gc,marking  ] GC(1012) Concurrent Clear Claimed Marks
[483.100s][info][gc,marking  ] GC(1012) Concurrent Clear Claimed Marks 0.061ms
[483.100s][info][gc,marking  ] GC(1012) Concurrent Cleanup for Next Mark
[483.103s][info][gc,marking  ] GC(1012) Concurrent Cleanup for Next Mark 2.717ms
[483.103s][info][gc          ] GC(1012) Concurrent Mark Cycle 274.915ms
[484.507s][info][gc,start    ] GC(1013) Pause Young (Prepare Mixed) (G1 Evacuation Pause)
[484.507s][info][gc,task     ] GC(1013) Using 2 workers of 2 for evacuation
[484.529s][info][gc,phases   ] GC(1013)   Pre Evacuate Collection Set: 0.23ms
[484.529s][info][gc,phases   ] GC(1013)   Merge Heap Roots: 0.14ms
[484.529s][info][gc,phases   ] GC(1013)   Evacuate Collection Set: 20.58ms
[484.529s][info][gc,phases   ] GC(1013)   Post Evacuate Collection Set: 0.50ms
[484.529s][info][gc,phases   ] GC(1013)   Other: 0.07ms
[484.529s][info][gc,heap     ] GC(1013) Eden regions: 200->0(197)
[484.529s][info][gc,heap     ] GC(1013) Survivor regions: 12->15(27)
[484.529s][info][gc,heap     ] GC(1013) Old regions: 107->107
[484.529s][info][gc,heap     ] GC(1013) Humongous regions: 15->13
[484.529s][info][gc,metaspace] GC(1013) Metaspace: 43053K(43456K)->43053K(43456K) NonClass: 38698K(38976K)->38698K(38976K) Class: 4355K(4480K)->4355K(4480K)
[484.529s][info][gc          ] GC(1013) Pause Young (Prepare Mixed) (G1 Evacuation Pause) 333M->134M(396M) 21.708ms
[484.529s][info][gc,cpu      ] GC(1013) User=0.04s Sys=0.00s Real=0.02s
[485.672s][info][gc,start    ] GC(1014) Pause Young (Mixed) (G1 Evacuation Pause)
[485.672s][info][gc,task     ] GC(1014) Using 2 workers of 2 for evacuation
[485.709s][info][gc,phases   ] GC(1014)   Pre Evacuate Collection Set: 0.20ms
[485.709s][info][gc,phases   ] GC(1014)   Merge Heap Roots: 0.36ms
[485.709s][info][gc,phases   ] GC(1014)   Evacuate Collection Set: 35.53ms
[485.709s][info][gc,phases   ] GC(1014)   Post Evacuate Collection Set: 0.52ms
[485.709s][info][gc,phases   ] GC(1014)   Other: 0.11ms
[485.709s][info][gc,heap     ] GC(1014) Eden regions: 197->0(211)
[485.709s][info][gc,heap     ] GC(1014) Survivor regions: 15->12(27)
[485.709s][info][gc,heap     ] GC(1014) Old regions: 107->105
[485.709s][info][gc,heap     ] GC(1014) Humongous regions: 13->13
[485.709s][info][gc,metaspace] GC(1014) Metaspace: 43053K(43456K)->43053K(43456K) NonClass: 38698K(38976K)->38698K(38976K) Class: 4355K(4480K)->4355K(4480K)
[485.709s][info][gc          ] GC(1014) Pause Young (Mixed) (G1 Evacuation Pause) 331M->130M(396M) 36.928ms
[485.709s][info][gc,cpu      ] GC(1014) User=0.07s Sys=0.00s Real=0.03s
[486.970s][info][gc,start    ] GC(1015) Pause Young (Concurrent Start) (G1 Evacuation Pause)
[486.970s][info][gc,task     ] GC(1015) Using 2 workers of 2 for evacuation
[486.992s][info][gc,phases   ] GC(1015)   Pre Evacuate Collection Set: 0.26ms
[486.992s][info][gc,phases   ] GC(1015)   Merge Heap Roots: 0.12ms
[486.992s][info][gc,phases   ] GC(1015)   Evacuate Collection Set: 21.40ms
[486.992s][info][gc,phases   ] GC(1015)   Post Evacuate Collection Set: 0.49ms
[486.992s][info][gc,phases   ] GC(1015)   Other: 0.17ms
[486.992s][info][gc,heap     ] GC(1015) Eden regions: 211->0(210)
[486.992s][info][gc,heap     ] GC(1015) Survivor regions: 12->20(28)
[486.992s][info][gc,heap     ] GC(1015) Old regions: 105->105
[486.992s][info][gc,heap     ] GC(1015) Humongous regions: 13->13
[486.992s][info][gc,metaspace] GC(1015) Metaspace: 43053K(43456K)->43053K(43456K) NonClass: 38698K(38976K)->38698K(38976K) Class: 4355K(4480K)->4355K(4480K)
[486.992s][info][gc          ] GC(1015) Pause Young (Concurrent Start) (G1 Evacuation Pause) 341M->137M(396M) 22.650ms
[486.992s][info][gc,cpu      ] GC(1015) User=0.04s Sys=0.00s Real=0.03s
[486.992s][info][gc          ] GC(1016) Concurrent Mark Cycle
[486.992s][info][gc,marking  ] GC(1016) Concurrent Scan Root Regions
[487.004s][info][gc,marking  ] GC(1016) Concurrent Scan Root Regions 11.410ms
[487.004s][info][gc,marking  ] GC(1016) Concurrent Mark
[487.004s][info][gc,marking  ] GC(1016) Concurrent Mark From Roots
[487.004s][info][gc,task     ] GC(1016) Using 1 workers of 1 for marking
[487.035s][info][gc,marking  ] GC(1016) Concurrent Mark From Roots 31.572ms
[487.035s][info][gc,marking  ] GC(1016) Concurrent Preclean
[487.035s][info][gc,marking  ] GC(1016) Concurrent Preclean 0.038ms
[487.036s][info][gc,start    ] GC(1016) Pause Remark
[487.054s][info][gc          ] GC(1016) Pause Remark 144M->62M(256M) 18.245ms
[487.054s][info][gc,cpu      ] GC(1016) User=0.04s Sys=0.00s Real=0.02s
[487.054s][info][gc,marking  ] GC(1016) Concurrent Mark 50.155ms
[487.054s][info][gc,marking  ] GC(1016) Concurrent Rebuild Remembered Sets and Scrub Regions
[487.066s][info][gc,marking  ] GC(1016) Concurrent Rebuild Remembered Sets and Scrub Regions 11.596ms
[487.066s][info][gc,start    ] GC(1016) Pause Cleanup
[487.066s][info][gc          ] GC(1016) Pause Cleanup 64M->64M(256M) 0.076ms
[487.066s][info][gc,cpu      ] GC(1016) User=0.00s Sys=0.00s Real=0.00s
[487.066s][info][gc,marking  ] GC(1016) Concurrent Clear Claimed Marks
[487.066s][info][gc,marking  ] GC(1016) Concurrent Clear Claimed Marks 0.041ms
[487.066s][info][gc,marking  ] GC(1016) Concurrent Cleanup for Next Mark
[487.067s][info][gc,marking  ] GC(1016) Concurrent Cleanup for Next Mark 0.735ms
[487.067s][info][gc          ] GC(1016) Concurrent Mark Cycle 74.819ms
[487.867s][info][gc,start    ] GC(1017) Pause Young (Prepare Mixed) (G1 Evacuation Pause)
[487.867s][info][gc,task     ] GC(1017) Using 2 workers of 2 for evacuation
[487.876s][info][gc,phases   ] GC(1017)   Pre Evacuate Collection Set: 0.17ms
[487.876s][info][gc,phases   ] GC(1017)   Merge Heap Roots: 0.08ms
[487.876s][info][gc,phases   ] GC(1017)   Evacuate Collection Set: 7.26ms
[487.876s][info][gc,phases   ] GC(1017)   Post Evacuate Collection Set: 0.43ms
[487.876s][info][gc,phases   ] GC(1017)   Other: 0.07ms
[487.876s][info][gc,heap     ] GC(1017) Eden regions: 133->0(150)
[487.876s][info][gc,heap     ] GC(1017) Survivor regions: 20->3(20)
[487.876s][info][gc,heap     ] GC(1017) Old regions: 35->43
[487.876s][info][gc,heap     ] GC(1017) Humongous regions: 2->1
[487.876s][info][gc,metaspace] GC(1017) Metaspace: 43053K(43456K)->43053K(43456K) NonClass: 38698K(38976K)->38698K(38976K) Class: 4355K(4480K)->4355K(4480K)
[487.876s][info][gc          ] GC(1017) Pause Young (Prepare Mixed) (G1 Evacuation Pause) 189M->46M(256M) 8.227ms
[487.876s][info][gc,cpu      ] GC(1017) User=0.02s Sys=0.00s Real=0.01s
[488.804s][info][gc,start    ] GC(1018) Pause Young (Mixed) (G1 Evacuation Pause)
[488.804s][info][gc,task     ] GC(1018) Using 2 workers of 2 for evacuation
[488.822s][info][gc,phases   ] GC(1018)   Pre Evacuate Collection Set: 0.16ms
[488.822s][info][gc,phases   ] GC(1018)   Merge Heap Roots: 0.07ms
[488.822s][info][gc,phases   ] GC(1018)   Evacuate Collection Set: 16.35ms
[488.822s][info][gc,phases   ] GC(1018)   Post Evacuate Collection Set: 0.41ms
[488.822s][info][gc,phases   ] GC(1018)   Other: 0.07ms
[488.822s][info][gc,heap     ] GC(1018) Eden regions: 150->0(137)
[488.822s][info][gc,heap     ] GC(1018) Survivor regions: 3->16(20)
[488.822s][info][gc,heap     ] GC(1018) Old regions: 43->40
[488.822s][info][gc,heap     ] GC(1018) Humongous regions: 1->1
[488.822s][info][gc,metaspace] GC(1018) Metaspace: 43053K(43456K)->43053K(43456K) NonClass: 38698K(38976K)->38698K(38976K) Class: 4355K(4480K)->4355K(4480K)
[488.822s][info][gc          ] GC(1018) Pause Young (Mixed) (G1 Evacuation Pause) 196M->56M(256M) 17.262ms
[488.822s][info][gc,cpu      ] GC(1018) User=0.03s Sys=0.00s Real=0.02s
[489.287s][info][gc,start    ] GC(1019) Pause Young (Concurrent Start) (G1 Humongous Allocation)
[489.287s][info][gc,task     ] GC(1019) Using 2 workers of 2 for evacuation
[489.312s][info][gc,phases   ] GC(1019)   Pre Evacuate Collection Set: 0.18ms
[489.312s][info][gc,phases   ] GC(1019)   Merge Heap Roots: 0.07ms
[489.312s][info][gc,phases   ] GC(1019)   Evacuate Collection Set: 23.95ms
[489.312s][info][gc,phases   ] GC(1019)   Post Evacuate Collection Set: 0.36ms
[489.312s][info][gc,phases   ] GC(1019)   Other: 0.10ms
[489.312s][info][gc,heap     ] GC(1019) Eden regions: 90->0(140)
[489.312s][info][gc,heap     ] GC(1019) Survivor regions: 16->13(20)
[489.312s][info][gc,heap     ] GC(1019) Old regions: 40->56
[489.312s][info][gc,heap     ] GC(1019) Humongous regions: 1->1
[489.312s][info][gc,metaspace] GC(1019) Metaspace: 43053K(43456K)->43053K(43456K) NonClass: 38698K(38976K)->38698K(38976K) Class: 4355K(4480K)->4355K(4480K)
[489.312s][info][gc          ] GC(1019) Pause Young (Concurrent Start) (G1 Humongous Allocation) 145M->69M(256M) 24.870ms
[489.312s][info][gc,cpu      ] GC(1019) User=0.05s Sys=0.01s Real=0.03s
[489.312s][info][gc          ] GC(1020) Concurrent Mark Cycle
[489.312s][info][gc,marking  ] GC(1020) Concurrent Scan Root Regions
[489.331s][info][gc,marking  ] GC(1020) Concurrent Scan Root Regions 19.055ms
[489.331s][info][gc,marking  ] GC(1020) Concurrent Mark
[489.331s][info][gc,marking  ] GC(1020) Concurrent Mark From Roots
[489.331s][info][gc,task     ] GC(1020) Using 1 workers of 1 for marking
[489.362s][info][gc,marking  ] GC(1020) Concurrent Mark From Roots 31.326ms
[489.362s][info][gc,marking  ] GC(1020) Concurrent Preclean
[489.362s][info][gc,marking  ] GC(1020) Concurrent Preclean 0.035ms
[489.362s][info][gc,start    ] GC(1020) Pause Remark
[489.381s][info][gc          ] GC(1020) Pause Remark 91M->90M(256M) 18.092ms
[489.381s][info][gc,cpu      ] GC(1020) User=0.03s Sys=0.00s Real=0.01s
[489.381s][info][gc,marking  ] GC(1020) Concurrent Mark 49.649ms
[489.381s][info][gc,marking  ] GC(1020) Concurrent Rebuild Remembered Sets and Scrub Regions
[489.403s][info][gc,marking  ] GC(1020) Concurrent Rebuild Remembered Sets and Scrub Regions 22.275ms
[489.403s][info][gc,start    ] GC(1020) Pause Cleanup
[489.403s][info][gc          ] GC(1020) Pause Cleanup 98M->98M(256M) 0.043ms
[489.403s][info][gc,cpu      ] GC(1020) User=0.00s Sys=0.00s Real=0.00s
[489.403s][info][gc,marking  ] GC(1020) Concurrent Clear Claimed Marks
[489.403s][info][gc,marking  ] GC(1020) Concurrent Clear Claimed Marks 0.037ms
[489.403s][info][gc,marking  ] GC(1020) Concurrent Cleanup for Next Mark
[489.404s][info][gc,marking  ] GC(1020) Concurrent Cleanup for Next Mark 0.728ms
[489.404s][info][gc          ] GC(1020) Concurrent Mark Cycle 92.100ms
[489.688s][info][gc,start    ] GC(1021) Pause Young (Prepare Mixed) (G1 Evacuation Pause)
[489.688s][info][gc,task     ] GC(1021) Using 2 workers of 2 for evacuation
[489.710s][info][gc,phases   ] GC(1021)   Pre Evacuate Collection Set: 0.18ms
[489.710s][info][gc,phases   ] GC(1021)   Merge Heap Roots: 0.10ms
[489.710s][info][gc,phases   ] GC(1021)   Evacuate Collection Set: 21.13ms
[489.710s][info][gc,phases   ] GC(1021)   Post Evacuate Collection Set: 0.42ms
[489.710s][info][gc,phases   ] GC(1021)   Other: 0.08ms
[489.710s][info][gc,heap     ] GC(1021) Eden regions: 140->0(135)
[489.710s][info][gc,heap     ] GC(1021) Survivor regions: 13->18(20)
[489.710s][info][gc,heap     ] GC(1021) Old regions: 55->60
[489.710s][info][gc,heap     ] GC(1021) Humongous regions: 4->4
[489.710s][info][gc,metaspace] GC(1021) Metaspace: 43053K(43456K)->43053K(43456K) NonClass: 38698K(38976K)->38698K(38976K) Class: 4355K(4480K)->4355K(4480K)
[489.710s][info][gc          ] GC(1021) Pause Young (Prepare Mixed) (G1 Evacuation Pause) 211M->81M(256M) 22.107ms
[489.710s][info][gc,cpu      ] GC(1021) User=0.04s Sys=0.00s Real=0.02s
[490.058s][info][gc,start    ] GC(1022) Pause Young (Mixed) (G1 Evacuation Pause)
[490.058s][info][gc,task     ] GC(1022) Using 2 workers of 2 for evacuation
[490.100s][info][gc,phases   ] GC(1022)   Pre Evacuate Collection Set: 0.18ms
[490.100s][info][gc,phases   ] GC(1022)   Merge Heap Roots: 0.15ms
[490.100s][info][gc,phases   ] GC(1022)   Evacuate Collection Set: 41.04ms
[490.100s][info][gc,phases   ] GC(1022)   Post Evacuate Collection Set: 0.55ms
[490.100s][info][gc,phases   ] GC(1022)   Other: 0.09ms
[490.100s][info][gc,heap     ] GC(1022) Eden regions: 135->0(125)
[490.100s][info][gc,heap     ] GC(1022) Survivor regions: 18->17(20)
[490.100s][info][gc,heap     ] GC(1022) Old regions: 60->71
[490.100s][info][gc,heap     ] GC(1022) Humongous regions: 6->6
[490.100s][info][gc,metaspace] GC(1022) Metaspace: 43053K(43456K)->43053K(43456K) NonClass: 38698K(38976K)->38698K(38976K) Class: 4355K(4480K)->4355K(4480K)
[490.100s][info][gc          ] GC(1022) Pause Young (Mixed) (G1 Evacuation Pause) 218M->93M(256M) 42.240ms
[490.100s][info][gc,cpu      ] GC(1022) User=0.08s Sys=0.00s Real=0.04s
[490.392s][info][gc,start    ] GC(1023) Pause Young (Concurrent Start) (G1 Evacuation Pause)
[490.392s][info][gc,task     ] GC(1023) Using 2 workers of 2 for evacuation
[490.427s][info][gc,phases   ] GC(1023)   Pre Evacuate Collection Set: 0.16ms
[490.427s][info][gc,phases   ] GC(1023)   Merge Heap Roots: 0.08ms
[490.427s][info][gc,phases   ] GC(1023)   Evacuate Collection Set: 34.88ms
[490.427s][info][gc,phases   ] GC(1023)   Post Evacuate Collection Set: 0.43ms
[490.427s][info][gc,phases   ] GC(1023)   Other: 0.14ms
[490.427s][info][gc,heap     ] GC(1023) Eden regions: 125->0(114)
[490.427s][info][gc,heap     ] GC(1023) Survivor regions: 17->15(18)
[490.427s][info][gc,heap     ] GC(1023) Old regions: 71->87
[490.427s][info][gc,heap     ] GC(1023) Humongous regions: 6->6
[490.427s][info][gc,metaspace] GC(1023) Metaspace: 43053K(43456K)->43053K(43456K) NonClass: 38698K(38976K)->38698K(38976K) Class: 4355K(4480K)->4355K(4480K)
[490.428s][info][gc          ] GC(1023) Pause Young (Concurrent Start) (G1 Evacuation Pause) 218M->108M(256M) 35.899ms
[490.428s][info][gc,cpu      ] GC(1023) User=0.07s Sys=0.00s Real=0.03s
[490.428s][info][gc          ] GC(1024) Concurrent Mark Cycle
[490.428s][info][gc,marking  ] GC(1024) Concurrent Scan Root Regions
[490.452s][info][gc,marking  ] GC(1024) Concurrent Scan Root Regions 24.036ms
[490.452s][info][gc,marking  ] GC(1024) Concurrent Mark
[490.452s][info][gc,marking  ] GC(1024) Concurrent Mark From Roots
[490.452s][info][gc,task     ] GC(1024) Using 1 workers of 1 for marking
[490.512s][info][gc,marking  ] GC(1024) Concurrent Mark From Roots 60.766ms
[490.512s][info][gc,marking  ] GC(1024) Concurrent Preclean
[490.513s][info][gc,marking  ] GC(1024) Concurrent Preclean 0.038ms
[490.513s][info][gc,start    ] GC(1024) Pause Remark
[490.530s][info][gc          ] GC(1024) Pause Remark 142M->141M(256M) 17.173ms
[490.530s][info][gc,cpu      ] GC(1024) User=0.04s Sys=0.00s Real=0.01s
[490.530s][info][gc,marking  ] GC(1024) Concurrent Mark 78.169ms
[490.530s][info][gc,marking  ] GC(1024) Concurrent Rebuild Remembered Sets and Scrub Regions
[490.569s][info][gc,marking  ] GC(1024) Concurrent Rebuild Remembered Sets and Scrub Regions 38.761ms
[490.569s][info][gc,start    ] GC(1024) Pause Cleanup
[490.569s][info][gc          ] GC(1024) Pause Cleanup 159M->159M(256M) 0.050ms
[490.569s][info][gc,cpu      ] GC(1024) User=0.00s Sys=0.00s Real=0.00s
[490.569s][info][gc,marking  ] GC(1024) Concurrent Clear Claimed Marks
[490.569s][info][gc,marking  ] GC(1024) Concurrent Clear Claimed Marks 0.037ms
[490.569s][info][gc,marking  ] GC(1024) Concurrent Cleanup for Next Mark
[490.570s][info][gc,marking  ] GC(1024) Concurrent Cleanup for Next Mark 0.722ms
[490.570s][info][gc          ] GC(1024) Concurrent Mark Cycle 142.090ms
[490.721s][info][gc,start    ] GC(1025) Pause Young (Prepare Mixed) (G1 Evacuation Pause)
[490.721s][info][gc,task     ] GC(1025) Using 2 workers of 2 for evacuation
[490.751s][info][gc,phases   ] GC(1025)   Pre Evacuate Collection Set: 0.16ms
[490.751s][info][gc,phases   ] GC(1025)   Merge Heap Roots: 0.08ms
[490.751s][info][gc,phases   ] GC(1025)   Evacuate Collection Set: 29.24ms
[490.751s][info][gc,phases   ] GC(1025)   Post Evacuate Collection Set: 0.37ms
[490.751s][info][gc,phases   ] GC(1025)   Other: 0.07ms
[490.751s][info][gc,heap     ] GC(1025) Eden regions: 114->0(105)
[490.751s][info][gc,heap     ] GC(1025) Survivor regions: 15->13(17)
[490.751s][info][gc,heap     ] GC(1025) Old regions: 87->102
[490.751s][info][gc,heap     ] GC(1025) Humongous regions: 5->5
[490.751s][info][gc,metaspace] GC(1025) Metaspace: 43053K(43456K)->43053K(43456K) NonClass: 38698K(38976K)->38698K(38976K) Class: 4355K(4480K)->4355K(4480K)
[490.751s][info][gc          ] GC(1025) Pause Young (Prepare Mixed) (G1 Evacuation Pause) 221M->120M(256M) 30.116ms
[490.751s][info][gc,cpu      ] GC(1025) User=0.06s Sys=0.00s Real=0.03s
[491.041s][info][gc,start    ] GC(1026) Pause Young (Mixed) (G1 Evacuation Pause)
[491.041s][info][gc,task     ] GC(1026) Using 2 workers of 2 for evacuation
[491.076s][info][gc,phases   ] GC(1026)   Pre Evacuate Collection Set: 0.17ms
[491.076s][info][gc,phases   ] GC(1026)   Merge Heap Roots: 0.17ms
[491.076s][info][gc,phases   ] GC(1026)   Evacuate Collection Set: 34.06ms
[491.076s][info][gc,phases   ] GC(1026)   Post Evacuate Collection Set: 0.41ms
[491.076s][info][gc,phases   ] GC(1026)   Other: 0.08ms
[491.076s][info][gc,heap     ] GC(1026) Eden regions: 105->0(106)
[491.076s][info][gc,heap     ] GC(1026) Survivor regions: 13->13(15)
[491.076s][info][gc,heap     ] GC(1026) Old regions: 102->97
[491.076s][info][gc,heap     ] GC(1026) Humongous regions: 9->9
[491.076s][info][gc,metaspace] GC(1026) Metaspace: 43053K(43456K)->43053K(43456K) NonClass: 38698K(38976K)->38698K(38976K) Class: 4355K(4480K)->4355K(4480K)
[491.076s][info][gc          ] GC(1026) Pause Young (Mixed) (G1 Evacuation Pause) 229M->118M(256M) 35.111ms
[491.076s][info][gc,cpu      ] GC(1026) User=0.07s Sys=0.00s Real=0.04s
[491.370s][info][gc,start    ] GC(1027) Pause Young (Concurrent Start) (G1 Humongous Allocation)
[491.370s][info][gc,task     ] GC(1027) Using 2 workers of 2 for evacuation
[491.405s][info][gc,phases   ] GC(1027)   Pre Evacuate Collection Set: 0.19ms
[491.405s][info][gc,phases   ] GC(1027)   Merge Heap Roots: 0.10ms
[491.405s][info][gc,phases   ] GC(1027)   Evacuate Collection Set: 32.34ms
[491.405s][info][gc,phases   ] GC(1027)   Post Evacuate Collection Set: 1.37ms
[491.405s][info][gc,phases   ] GC(1027)   Other: 0.11ms
[491.405s][info][gc,heap     ] GC(1027) Eden regions: 63->0(190)
[491.405s][info][gc,heap     ] GC(1027) Survivor regions: 13->15(15)
[491.405s][info][gc,heap     ] GC(1027) Old regions: 97->110
[491.405s][info][gc,heap     ] GC(1027) Humongous regions: 9->9
[491.405s][info][gc,metaspace] GC(1027) Metaspace: 43053K(43456K)->43053K(43456K) NonClass: 38698K(38976K)->38698K(38976K) Class: 4355K(4480K)->4355K(4480K)
[491.405s][info][gc          ] GC(1027) Pause Young (Concurrent Start) (G1 Humongous Allocation) 181M->134M(392M) 34.339ms
[491.405s][info][gc,cpu      ] GC(1027) User=0.06s Sys=0.00s Real=0.04s
[491.405s][info][gc          ] GC(1028) Concurrent Mark Cycle
[491.405s][info][gc,marking  ] GC(1028) Concurrent Scan Root Regions
[491.445s][info][gc,marking  ] GC(1028) Concurrent Scan Root Regions 40.577ms
[491.446s][info][gc,marking  ] GC(1028) Concurrent Mark
[491.446s][info][gc,marking  ] GC(1028) Concurrent Mark From Roots
[491.446s][info][gc,task     ] GC(1028) Using 1 workers of 1 for marking
[491.566s][info][gc,marking  ] GC(1028) Concurrent Mark From Roots 120.405ms
[491.566s][info][gc,marking  ] GC(1028) Concurrent Preclean
[491.566s][info][gc,marking  ] GC(1028) Concurrent Preclean 0.046ms
[491.566s][info][gc,start    ] GC(1028) Pause Remark
[491.583s][info][gc          ] GC(1028) Pause Remark 145M->143M(392M) 17.194ms
[491.583s][info][gc,cpu      ] GC(1028) User=0.04s Sys=0.00s Real=0.02s
[491.583s][info][gc,marking  ] GC(1028) Concurrent Mark 137.960ms
[491.583s][info][gc,marking  ] GC(1028) Concurrent Rebuild Remembered Sets and Scrub Regions
[491.654s][info][gc,marking  ] GC(1028) Concurrent Rebuild Remembered Sets and Scrub Regions 70.201ms
[491.654s][info][gc,start    ] GC(1028) Pause Cleanup
[491.654s][info][gc          ] GC(1028) Pause Cleanup 150M->150M(392M) 0.063ms
[491.654s][info][gc,cpu      ] GC(1028) User=0.00s Sys=0.00s Real=0.00s
[491.654s][info][gc,marking  ] GC(1028) Concurrent Clear Claimed Marks
[491.654s][info][gc,marking  ] GC(1028) Concurrent Clear Claimed Marks 0.042ms
[491.654s][info][gc,marking  ] GC(1028) Concurrent Cleanup for Next Mark
[491.657s][info][gc,marking  ] GC(1028) Concurrent Cleanup for Next Mark 2.562ms
[491.657s][info][gc          ] GC(1028) Concurrent Mark Cycle 251.813ms
[492.908s][info][gc,start    ] GC(1029) Pause Young (Prepare Mixed) (G1 Evacuation Pause)
[492.908s][info][gc,task     ] GC(1029) Using 2 workers of 2 for evacuation
[492.934s][info][gc,phases   ] GC(1029)   Pre Evacuate Collection Set: 0.20ms
[492.934s][info][gc,phases   ] GC(1029)   Merge Heap Roots: 0.16ms
[492.934s][info][gc,phases   ] GC(1029)   Evacuate Collection Set: 25.39ms
[492.934s][info][gc,phases   ] GC(1029)   Post Evacuate Collection Set: 0.47ms
[492.934s][info][gc,phases   ] GC(1029)   Other: 0.07ms
[492.934s][info][gc,heap     ] GC(1029) Eden regions: 190->0(189)
[492.934s][info][gc,heap     ] GC(1029) Survivor regions: 15->11(26)
[492.934s][info][gc,heap     ] GC(1029) Old regions: 110->117
[492.934s][info][gc,heap     ] GC(1029) Humongous regions: 15->13
[492.934s][info][gc,metaspace] GC(1029) Metaspace: 43053K(43456K)->43053K(43456K) NonClass: 38698K(38976K)->38698K(38976K) Class: 4355K(4480K)->4355K(4480K)
[492.934s][info][gc          ] GC(1029) Pause Young (Prepare Mixed) (G1 Evacuation Pause) 330M->140M(392M) 26.528ms
[492.934s][info][gc,cpu      ] GC(1029) User=0.05s Sys=0.00s Real=0.03s
[493.973s][info][gc,start    ] GC(1030) Pause Young (Mixed) (G1 Evacuation Pause)
[493.973s][info][gc,task     ] GC(1030) Using 2 workers of 2 for evacuation
[493.990s][info][gc,phases   ] GC(1030)   Pre Evacuate Collection Set: 0.20ms
[493.990s][info][gc,phases   ] GC(1030)   Merge Heap Roots: 0.13ms
[493.990s][info][gc,phases   ] GC(1030)   Evacuate Collection Set: 16.06ms
[493.990s][info][gc,phases   ] GC(1030)   Post Evacuate Collection Set: 0.66ms
[493.990s][info][gc,phases   ] GC(1030)   Other: 0.07ms
[493.990s][info][gc,heap     ] GC(1030) Eden regions: 189->0(201)
[493.990s][info][gc,heap     ] GC(1030) Survivor regions: 11->11(25)
[493.990s][info][gc,heap     ] GC(1030) Old regions: 117->114
[493.990s][info][gc,heap     ] GC(1030) Humongous regions: 13->13
[493.990s][info][gc,metaspace] GC(1030) Metaspace: 43053K(43456K)->43053K(43456K) NonClass: 38698K(38976K)->38698K(38976K) Class: 4355K(4480K)->4355K(4480K)
[493.990s][info][gc          ] GC(1030) Pause Young (Mixed) (G1 Evacuation Pause) 329M->137M(392M) 17.299ms
[493.990s][info][gc,cpu      ] GC(1030) User=0.04s Sys=0.00s Real=0.01s
[495.153s][info][gc,start    ] GC(1031) Pause Young (Concurrent Start) (G1 Evacuation Pause)
[495.153s][info][gc,task     ] GC(1031) Using 2 workers of 2 for evacuation
[495.169s][info][gc,phases   ] GC(1031)   Pre Evacuate Collection Set: 0.24ms
[495.169s][info][gc,phases   ] GC(1031)   Merge Heap Roots: 0.10ms
[495.169s][info][gc,phases   ] GC(1031)   Evacuate Collection Set: 15.85ms
[495.169s][info][gc,phases   ] GC(1031)   Post Evacuate Collection Set: 0.49ms
[495.169s][info][gc,phases   ] GC(1031)   Other: 0.10ms
[495.169s][info][gc,heap     ] GC(1031) Eden regions: 201->0(204)
[495.169s][info][gc,heap     ] GC(1031) Survivor regions: 11->15(27)
[495.169s][info][gc,heap     ] GC(1031) Old regions: 114->114
[495.169s][info][gc,heap     ] GC(1031) Humongous regions: 13->13
[495.169s][info][gc,metaspace] GC(1031) Metaspace: 43053K(43456K)->43053K(43456K) NonClass: 38698K(38976K)->38698K(38976K) Class: 4355K(4480K)->4355K(4480K)
[495.170s][info][gc          ] GC(1031) Pause Young (Concurrent Start) (G1 Evacuation Pause) 338M->141M(392M) 16.967ms
[495.170s][info][gc,cpu      ] GC(1031) User=0.03s Sys=0.00s Real=0.01s
[495.170s][info][gc          ] GC(1032) Concurrent Mark Cycle
[495.170s][info][gc,marking  ] GC(1032) Concurrent Scan Root Regions
[495.182s][info][gc,marking  ] GC(1032) Concurrent Scan Root Regions 12.006ms
[495.182s][info][gc,marking  ] GC(1032) Concurrent Mark
[495.182s][info][gc,marking  ] GC(1032) Concurrent Mark From Roots
[495.182s][info][gc,task     ] GC(1032) Using 1 workers of 1 for marking
[495.218s][info][gc,marking  ] GC(1032) Concurrent Mark From Roots 36.264ms
[495.218s][info][gc,marking  ] GC(1032) Concurrent Preclean
[495.218s][info][gc,marking  ] GC(1032) Concurrent Preclean 0.036ms
[495.218s][info][gc,start    ] GC(1032) Pause Remark
[495.235s][info][gc          ] GC(1032) Pause Remark 149M->118M(370M) 16.935ms
[495.235s][info][gc,cpu      ] GC(1032) User=0.03s Sys=0.00s Real=0.02s
[495.235s][info][gc,marking  ] GC(1032) Concurrent Mark 53.509ms
[495.235s][info][gc,marking  ] GC(1032) Concurrent Rebuild Remembered Sets and Scrub Regions
[495.252s][info][gc,marking  ] GC(1032) Concurrent Rebuild Remembered Sets and Scrub Regions 16.466ms
[495.252s][info][gc,start    ] GC(1032) Pause Cleanup
[495.252s][info][gc          ] GC(1032) Pause Cleanup 121M->121M(370M) 0.063ms
[495.252s][info][gc,cpu      ] GC(1032) User=0.00s Sys=0.00s Real=0.00s
[495.252s][info][gc,marking  ] GC(1032) Concurrent Clear Claimed Marks
[495.252s][info][gc,marking  ] GC(1032) Concurrent Clear Claimed Marks 0.036ms
[495.252s][info][gc,marking  ] GC(1032) Concurrent Cleanup for Next Mark
[495.253s][info][gc,marking  ] GC(1032) Concurrent Cleanup for Next Mark 1.056ms
[495.253s][info][gc          ] GC(1032) Concurrent Mark Cycle 83.434ms
[496.396s][info][gc,start    ] GC(1033) Pause Young (Prepare Mixed) (G1 Evacuation Pause)
[496.396s][info][gc,task     ] GC(1033) Using 2 workers of 2 for evacuation
[496.401s][info][gc,phases   ] GC(1033)   Pre Evacuate Collection Set: 0.24ms
[496.401s][info][gc,phases   ] GC(1033)   Merge Heap Roots: 0.16ms
[496.401s][info][gc,phases   ] GC(1033)   Evacuate Collection Set: 3.98ms
[496.401s][info][gc,phases   ] GC(1033)   Post Evacuate Collection Set: 0.41ms
[496.401s][info][gc,phases   ] GC(1033)   Other: 0.08ms
[496.401s][info][gc,heap     ] GC(1033) Eden regions: 204->0(216)
[496.401s][info][gc,heap     ] GC(1033) Survivor regions: 15->6(28)
[496.401s][info][gc,heap     ] GC(1033) Old regions: 95->95
[496.401s][info][gc,heap     ] GC(1033) Humongous regions: 2->1
[496.401s][info][gc,metaspace] GC(1033) Metaspace: 43053K(43456K)->43053K(43456K) NonClass: 38698K(38976K)->38698K(38976K) Class: 4355K(4480K)->4355K(4480K)
[496.401s][info][gc          ] GC(1033) Pause Young (Prepare Mixed) (G1 Evacuation Pause) 315M->101M(370M) 5.076ms
[496.401s][info][gc,cpu      ] GC(1033) User=0.01s Sys=0.00s Real=0.01s
[497.598s][info][gc,start    ] GC(1034) Pause Young (Mixed) (G1 Evacuation Pause)
[497.598s][info][gc,task     ] GC(1034) Using 2 workers of 2 for evacuation
[497.605s][info][gc,phases   ] GC(1034)   Pre Evacuate Collection Set: 0.20ms
[497.605s][info][gc,phases   ] GC(1034)   Merge Heap Roots: 0.08ms
[497.605s][info][gc,phases   ] GC(1034)   Evacuate Collection Set: 6.40ms
[497.605s][info][gc,phases   ] GC(1034)   Post Evacuate Collection Set: 0.47ms
[497.605s][info][gc,phases   ] GC(1034)   Other: 0.09ms
[497.605s][info][gc,heap     ] GC(1034) Eden regions: 216->0(213)
[497.605s][info][gc,heap     ] GC(1034) Survivor regions: 6->9(28)
[497.605s][info][gc,heap     ] GC(1034) Old regions: 95->59
[497.605s][info][gc,heap     ] GC(1034) Humongous regions: 5->3
[497.605s][info][gc,metaspace] GC(1034) Metaspace: 43053K(43456K)->43053K(43456K) NonClass: 38698K(38976K)->38698K(38976K) Class: 4355K(4480K)->4355K(4480K)
[497.605s][info][gc          ] GC(1034) Pause Young (Mixed) (G1 Evacuation Pause) 321M->69M(370M) 7.417ms
[497.605s][info][gc,cpu      ] GC(1034) User=0.01s Sys=0.00s Real=0.01s
[498.486s][info][gc,start    ] GC(1035) Pause Young (Mixed) (G1 Evacuation Pause)
[498.486s][info][gc,task     ] GC(1035) Using 2 workers of 2 for evacuation
[498.502s][info][gc,phases   ] GC(1035)   Pre Evacuate Collection Set: 0.21ms
[498.502s][info][gc,phases   ] GC(1035)   Merge Heap Roots: 0.09ms
[498.502s][info][gc,phases   ] GC(1035)   Evacuate Collection Set: 14.78ms
[498.502s][info][gc,phases   ] GC(1035)   Post Evacuate Collection Set: 0.50ms
[498.502s][info][gc,phases   ] GC(1035)   Other: 0.08ms
[498.502s][info][gc,heap     ] GC(1035) Eden regions: 213->0(203)
[498.502s][info][gc,heap     ] GC(1035) Survivor regions: 9->19(28)
[498.502s][info][gc,heap     ] GC(1035) Old regions: 59->43
[498.502s][info][gc,heap     ] GC(1035) Humongous regions: 20->3
[498.502s][info][gc,metaspace] GC(1035) Metaspace: 43054K(43456K)->43054K(43456K) NonClass: 38699K(38976K)->38699K(38976K) Class: 4355K(4480K)->4355K(4480K)
[498.502s][info][gc          ] GC(1035) Pause Young (Mixed) (G1 Evacuation Pause) 299M->63M(370M) 15.836ms
[498.502s][info][gc,cpu      ] GC(1035) User=0.03s Sys=0.00s Real=0.02s
[498.710s][info][gc,start    ] GC(1036) Pause Young (Concurrent Start) (G1 Humongous Allocation)
[498.710s][info][gc,task     ] GC(1036) Using 2 workers of 2 for evacuation
[498.729s][info][gc,phases   ] GC(1036)   Pre Evacuate Collection Set: 0.20ms
[498.729s][info][gc,phases   ] GC(1036)   Merge Heap Roots: 0.04ms
[498.729s][info][gc,phases   ] GC(1036)   Evacuate Collection Set: 17.47ms
[498.729s][info][gc,phases   ] GC(1036)   Post Evacuate Collection Set: 0.40ms
[498.729s][info][gc,phases   ] GC(1036)   Other: 0.10ms
[498.729s][info][gc,heap     ] GC(1036) Eden regions: 51->0(211)
[498.729s][info][gc,heap     ] GC(1036) Survivor regions: 19->11(28)
[498.729s][info][gc,heap     ] GC(1036) Old regions: 43->48
[498.729s][info][gc,heap     ] GC(1036) Humongous regions: 3->3
[498.729s][info][gc,metaspace] GC(1036) Metaspace: 43054K(43456K)->43054K(43456K) NonClass: 38699K(38976K)->38699K(38976K) Class: 4355K(4480K)->4355K(4480K)
[498.729s][info][gc          ] GC(1036) Pause Young (Concurrent Start) (G1 Humongous Allocation) 114M->61M(370M) 18.406ms
[498.729s][info][gc,cpu      ] GC(1036) User=0.03s Sys=0.00s Real=0.02s
[498.729s][info][gc          ] GC(1037) Concurrent Mark Cycle
[498.729s][info][gc,marking  ] GC(1037) Concurrent Scan Root Regions
[498.746s][info][gc,marking  ] GC(1037) Concurrent Scan Root Regions 17.090ms
[498.746s][info][gc,marking  ] GC(1037) Concurrent Mark
[498.746s][info][gc,marking  ] GC(1037) Concurrent Mark From Roots
[498.746s][info][gc,task     ] GC(1037) Using 1 workers of 1 for marking
[498.781s][info][gc,marking  ] GC(1037) Concurrent Mark From Roots 34.789ms
[498.781s][info][gc,marking  ] GC(1037) Concurrent Preclean
[498.781s][info][gc,marking  ] GC(1037) Concurrent Preclean 0.035ms
[498.781s][info][gc,start    ] GC(1037) Pause Remark
[498.798s][info][gc          ] GC(1037) Pause Remark 67M->61M(256M) 17.059ms
[498.798s][info][gc,cpu      ] GC(1037) User=0.03s Sys=0.00s Real=0.02s
[498.800s][info][gc,marking  ] GC(1037) Concurrent Mark 53.931ms
[498.800s][info][gc,marking  ] GC(1037) Concurrent Rebuild Remembered Sets and Scrub Regions
[498.826s][info][gc,marking  ] GC(1037) Concurrent Rebuild Remembered Sets and Scrub Regions 26.049ms
[498.826s][info][gc,start    ] GC(1037) Pause Cleanup
[498.826s][info][gc          ] GC(1037) Pause Cleanup 65M->65M(256M) 0.044ms
[498.826s][info][gc,cpu      ] GC(1037) User=0.00s Sys=0.00s Real=0.00s
[498.833s][info][gc,marking  ] GC(1037) Concurrent Clear Claimed Marks
[498.833s][info][gc,marking  ] GC(1037) Concurrent Clear Claimed Marks 0.052ms
[498.833s][info][gc,marking  ] GC(1037) Concurrent Cleanup for Next Mark
[498.836s][info][gc,marking  ] GC(1037) Concurrent Cleanup for Next Mark 2.648ms
[498.836s][info][gc          ] GC(1037) Concurrent Mark Cycle 106.982ms
[499.367s][info][gc,start    ] GC(1038) Pause Young (Prepare Mixed) (G1 Evacuation Pause)
[499.367s][info][gc,task     ] GC(1038) Using 2 workers of 2 for evacuation
[499.371s][info][gc,phases   ] GC(1038)   Pre Evacuate Collection Set: 0.17ms
[499.371s][info][gc,phases   ] GC(1038)   Merge Heap Roots: 0.08ms
[499.371s][info][gc,phases   ] GC(1038)   Evacuate Collection Set: 3.15ms
[499.371s][info][gc,phases   ] GC(1038)   Post Evacuate Collection Set: 0.41ms
[499.371s][info][gc,phases   ] GC(1038)   Other: 0.07ms
[499.371s][info][gc,heap     ] GC(1038) Eden regions: 142->0(150)
[499.371s][info][gc,heap     ] GC(1038) Survivor regions: 11->3(20)
[499.371s][info][gc,heap     ] GC(1038) Old regions: 42->43
[499.371s][info][gc,heap     ] GC(1038) Humongous regions: 12->3
[499.371s][info][gc,metaspace] GC(1038) Metaspace: 43092K(43456K)->43092K(43456K) NonClass: 38736K(38976K)->38736K(38976K) Class: 4355K(4480K)->4355K(4480K)
[499.371s][info][gc          ] GC(1038) Pause Young (Prepare Mixed) (G1 Evacuation Pause) 206M->47M(256M) 4.039ms
[499.371s][info][gc,cpu      ] GC(1038) User=0.01s Sys=0.00s Real=0.00s
[499.989s][info][gc,start    ] GC(1039) Pause Young (Mixed) (G1 Evacuation Pause)
[499.989s][info][gc,task     ] GC(1039) Using 2 workers of 2 for evacuation
[500.011s][info][gc,phases   ] GC(1039)   Pre Evacuate Collection Set: 0.18ms
[500.011s][info][gc,phases   ] GC(1039)   Merge Heap Roots: 0.07ms
[500.011s][info][gc,phases   ] GC(1039)   Evacuate Collection Set: 20.85ms
[500.011s][info][gc,phases   ] GC(1039)   Post Evacuate Collection Set: 0.43ms
[500.011s][info][gc,phases   ] GC(1039)   Other: 0.10ms
[500.011s][info][gc,heap     ] GC(1039) Eden regions: 150->0(134)
[500.011s][info][gc,heap     ] GC(1039) Survivor regions: 3->19(20)
[500.011s][info][gc,heap     ] GC(1039) Old regions: 43->40
[500.011s][info][gc,heap     ] GC(1039) Humongous regions: 5->3
[500.011s][info][gc,metaspace] GC(1039) Metaspace: 43092K(43456K)->43092K(43456K) NonClass: 38736K(38976K)->38736K(38976K) Class: 4355K(4480K)->4355K(4480K)
[500.011s][info][gc          ] GC(1039) Pause Young (Mixed) (G1 Evacuation Pause) 199M->60M(256M) 21.812ms
[500.011s][info][gc,cpu      ] GC(1039) User=0.04s Sys=0.00s Real=0.02s
[500.175s][info][gc,start    ] GC(1040) Pause Young (Concurrent Start) (G1 Humongous Allocation)
[500.175s][info][gc,task     ] GC(1040) Using 2 workers of 2 for evacuation
[500.178s][info][gc,phases   ] GC(1040)   Pre Evacuate Collection Set: 0.18ms
[500.178s][info][gc,phases   ] GC(1040)   Merge Heap Roots: 0.07ms
[500.178s][info][gc,phases   ] GC(1040)   Evacuate Collection Set: 2.54ms
[500.178s][info][gc,phases   ] GC(1040)   Post Evacuate Collection Set: 0.31ms
[500.178s][info][gc,phases   ] GC(1040)   Other: 0.08ms
[500.178s][info][gc,heap     ] GC(1040) Eden regions: 35->0(152)
[500.178s][info][gc,heap     ] GC(1040) Survivor regions: 19->1(20)
[500.178s][info][gc,heap     ] GC(1040) Old regions: 40->42
[500.178s][info][gc,heap     ] GC(1040) Humongous regions: 3->1
[500.178s][info][gc,metaspace] GC(1040) Metaspace: 43092K(43456K)->43092K(43456K) NonClass: 38736K(38976K)->38736K(38976K) Class: 4355K(4480K)->4355K(4480K)
[500.178s][info][gc          ] GC(1040) Pause Young (Concurrent Start) (G1 Humongous Allocation) 95M->42M(256M) 3.355ms
[500.178s][info][gc,cpu      ] GC(1040) User=0.01s Sys=0.00s Real=0.00s
[500.178s][info][gc          ] GC(1041) Concurrent Mark Cycle
[500.178s][info][gc,marking  ] GC(1041) Concurrent Scan Root Regions
[500.183s][info][gc,marking  ] GC(1041) Concurrent Scan Root Regions 5.073ms
[500.183s][info][gc,marking  ] GC(1041) Concurrent Mark
[500.183s][info][gc,marking  ] GC(1041) Concurrent Mark From Roots
[500.183s][info][gc,task     ] GC(1041) Using 1 workers of 1 for marking
[500.226s][info][gc,marking  ] GC(1041) Concurrent Mark From Roots 42.428ms
[500.226s][info][gc,marking  ] GC(1041) Concurrent Preclean
[500.226s][info][gc,marking  ] GC(1041) Concurrent Preclean 0.035ms
[500.226s][info][gc,start    ] GC(1041) Pause Remark
[500.243s][info][gc          ] GC(1041) Pause Remark 57M->57M(256M) 17.052ms
[500.243s][info][gc,cpu      ] GC(1041) User=0.04s Sys=0.00s Real=0.02s
[500.243s][info][gc,marking  ] GC(1041) Concurrent Mark 59.770ms
[500.243s][info][gc,marking  ] GC(1041) Concurrent Rebuild Remembered Sets and Scrub Regions
[500.262s][info][gc,marking  ] GC(1041) Concurrent Rebuild Remembered Sets and Scrub Regions 19.114ms
[500.262s][info][gc,start    ] GC(1041) Pause Cleanup
[500.262s][info][gc          ] GC(1041) Pause Cleanup 61M->61M(256M) 0.040ms
[500.262s][info][gc,cpu      ] GC(1041) User=0.00s Sys=0.00s Real=0.00s
[500.262s][info][gc,marking  ] GC(1041) Concurrent Clear Claimed Marks
[500.263s][info][gc,marking  ] GC(1041) Concurrent Clear Claimed Marks 0.036ms
[500.263s][info][gc,marking  ] GC(1041) Concurrent Cleanup for Next Mark
[500.263s][info][gc,marking  ] GC(1041) Concurrent Cleanup for Next Mark 0.739ms
[500.263s][info][gc          ] GC(1041) Concurrent Mark Cycle 85.036ms
[500.770s][info][gc,start    ] GC(1042) Pause Young (Prepare Mixed) (G1 Evacuation Pause)
[500.770s][info][gc,task     ] GC(1042) Using 2 workers of 2 for evacuation
[500.774s][info][gc,phases   ] GC(1042)   Pre Evacuate Collection Set: 0.17ms
[500.774s][info][gc,phases   ] GC(1042)   Merge Heap Roots: 0.06ms
[500.774s][info][gc,phases   ] GC(1042)   Evacuate Collection Set: 2.63ms
[500.774s][info][gc,phases   ] GC(1042)   Post Evacuate Collection Set: 0.41ms
[500.774s][info][gc,phases   ] GC(1042)   Other: 0.07ms
[500.774s][info][gc,heap     ] GC(1042) Eden regions: 152->0(150)
[500.774s][info][gc,heap     ] GC(1042) Survivor regions: 1->3(20)
[500.774s][info][gc,heap     ] GC(1042) Old regions: 42->42
[500.774s][info][gc,heap     ] GC(1042) Humongous regions: 17->3
[500.774s][info][gc,metaspace] GC(1042) Metaspace: 43092K(43456K)->43092K(43456K) NonClass: 38736K(38976K)->38736K(38976K) Class: 4355K(4480K)->4355K(4480K)
[500.774s][info][gc          ] GC(1042) Pause Young (Prepare Mixed) (G1 Evacuation Pause) 210M->46M(256M) 3.512ms
[500.774s][info][gc,cpu      ] GC(1042) User=0.00s Sys=0.00s Real=0.01s
[501.321s][info][gc,start    ] GC(1043) Pause Young (Mixed) (G1 Evacuation Pause)
[501.321s][info][gc,task     ] GC(1043) Using 2 workers of 2 for evacuation
[501.330s][info][gc,phases   ] GC(1043)   Pre Evacuate Collection Set: 0.16ms
[501.330s][info][gc,phases   ] GC(1043)   Merge Heap Roots: 0.10ms
[501.330s][info][gc,phases   ] GC(1043)   Evacuate Collection Set: 8.20ms
[501.331s][info][gc,phases   ] GC(1043)   Post Evacuate Collection Set: 0.61ms
[501.331s][info][gc,phases   ] GC(1043)   Other: 0.07ms
[501.331s][info][gc,heap     ] GC(1043) Eden regions: 150->0(148)
[501.331s][info][gc,heap     ] GC(1043) Survivor regions: 3->5(20)
[501.331s][info][gc,heap     ] GC(1043) Old regions: 42->40
[501.331s][info][gc,heap     ] GC(1043) Humongous regions: 15->3
[501.331s][info][gc,metaspace] GC(1043) Metaspace: 43092K(43456K)->43092K(43456K) NonClass: 38736K(38976K)->38736K(38976K) Class: 4355K(4480K)->4355K(4480K)
[501.331s][info][gc          ] GC(1043) Pause Young (Mixed) (G1 Evacuation Pause) 208M->47M(256M) 9.302ms
[501.331s][info][gc,cpu      ] GC(1043) User=0.02s Sys=0.00s Real=0.00s
[501.364s][info][gc,start    ] GC(1044) Pause Young (Concurrent Start) (G1 Humongous Allocation)
[501.364s][info][gc,task     ] GC(1044) Using 2 workers of 2 for evacuation
[501.367s][info][gc,phases   ] GC(1044)   Pre Evacuate Collection Set: 0.18ms
[501.367s][info][gc,phases   ] GC(1044)   Merge Heap Roots: 0.03ms
[501.367s][info][gc,phases   ] GC(1044)   Evacuate Collection Set: 2.28ms
[501.367s][info][gc,phases   ] GC(1044)   Post Evacuate Collection Set: 0.26ms
[501.367s][info][gc,phases   ] GC(1044)   Other: 0.06ms
[501.367s][info][gc,heap     ] GC(1044) Eden regions: 9->0(151)
[501.367s][info][gc,heap     ] GC(1044) Survivor regions: 5->2(20)
[501.367s][info][gc,heap     ] GC(1044) Old regions: 40->40
[501.367s][info][gc,heap     ] GC(1044) Humongous regions: 3->1
[501.367s][info][gc,metaspace] GC(1044) Metaspace: 43092K(43456K)->43092K(43456K) NonClass: 38736K(38976K)->38736K(38976K) Class: 4355K(4480K)->4355K(4480K)
[501.367s][info][gc          ] GC(1044) Pause Young (Concurrent Start) (G1 Humongous Allocation) 56M->42M(256M) 2.978ms
[501.367s][info][gc          ] GC(1045) Concurrent Mark Cycle
[501.367s][info][gc,marking  ] GC(1045) Concurrent Scan Root Regions
[501.369s][info][gc,cpu      ] GC(1044) User=0.00s Sys=0.00s Real=0.00s
[501.370s][info][gc,marking  ] GC(1045) Concurrent Scan Root Regions 2.819ms
[501.370s][info][gc,marking  ] GC(1045) Concurrent Mark
[501.370s][info][gc,marking  ] GC(1045) Concurrent Mark From Roots
[501.370s][info][gc,task     ] GC(1045) Using 1 workers of 1 for marking
[501.417s][info][gc,marking  ] GC(1045) Concurrent Mark From Roots 47.224ms
[501.417s][info][gc,marking  ] GC(1045) Concurrent Preclean
[501.417s][info][gc,marking  ] GC(1045) Concurrent Preclean 0.044ms
[501.417s][info][gc,start    ] GC(1045) Pause Remark
[501.434s][info][gc          ] GC(1045) Pause Remark 53M->53M(256M) 16.750ms
[501.434s][info][gc,cpu      ] GC(1045) User=0.03s Sys=0.00s Real=0.02s
[501.434s][info][gc,marking  ] GC(1045) Concurrent Mark 64.257ms
[501.434s][info][gc,marking  ] GC(1045) Concurrent Rebuild Remembered Sets and Scrub Regions
[501.454s][info][gc,marking  ] GC(1045) Concurrent Rebuild Remembered Sets and Scrub Regions 20.123ms
[501.454s][info][gc,start    ] GC(1045) Pause Cleanup
[501.454s][info][gc          ] GC(1045) Pause Cleanup 55M->55M(256M) 0.041ms
[501.454s][info][gc,cpu      ] GC(1045) User=0.00s Sys=0.00s Real=0.00s
[501.455s][info][gc,marking  ] GC(1045) Concurrent Clear Claimed Marks
[501.455s][info][gc,marking  ] GC(1045) Concurrent Clear Claimed Marks 0.037ms
[501.455s][info][gc,marking  ] GC(1045) Concurrent Cleanup for Next Mark
[501.455s][info][gc,marking  ] GC(1045) Concurrent Cleanup for Next Mark 0.765ms
[501.455s][info][gc          ] GC(1045) Concurrent Mark Cycle 88.325ms
[502.077s][info][gc,start    ] GC(1046) Pause Young (Prepare Mixed) (G1 Evacuation Pause)
[502.077s][info][gc,task     ] GC(1046) Using 2 workers of 2 for evacuation
[502.092s][info][gc,phases   ] GC(1046)   Pre Evacuate Collection Set: 0.23ms
[502.092s][info][gc,phases   ] GC(1046)   Merge Heap Roots: 0.08ms
[502.092s][info][gc,phases   ] GC(1046)   Evacuate Collection Set: 14.72ms
[502.092s][info][gc,phases   ] GC(1046)   Post Evacuate Collection Set: 0.44ms
[502.092s][info][gc,phases   ] GC(1046)   Other: 0.07ms
[502.092s][info][gc,heap     ] GC(1046) Eden regions: 151->0(134)
[502.092s][info][gc,heap     ] GC(1046) Survivor regions: 2->19(20)
[502.092s][info][gc,heap     ] GC(1046) Old regions: 40->40
[502.092s][info][gc,heap     ] GC(1046) Humongous regions: 11->3
[502.092s][info][gc,metaspace] GC(1046) Metaspace: 43092K(43456K)->43092K(43456K) NonClass: 38736K(38976K)->38736K(38976K) Class: 4355K(4480K)->4355K(4480K)
[502.092s][info][gc          ] GC(1046) Pause Young (Prepare Mixed) (G1 Evacuation Pause) 203M->60M(256M) 15.733ms
[502.092s][info][gc,cpu      ] GC(1046) User=0.03s Sys=0.00s Real=0.02s
[502.686s][info][gc,start    ] GC(1047) Pause Young (Mixed) (G1 Evacuation Pause)
[502.686s][info][gc,task     ] GC(1047) Using 2 workers of 2 for evacuation
[502.716s][info][gc,phases   ] GC(1047)   Pre Evacuate Collection Set: 0.22ms
[502.716s][info][gc,phases   ] GC(1047)   Merge Heap Roots: 0.13ms
[502.716s][info][gc,phases   ] GC(1047)   Evacuate Collection Set: 28.67ms
[502.716s][info][gc,phases   ] GC(1047)   Post Evacuate Collection Set: 0.78ms
[502.716s][info][gc,phases   ] GC(1047)   Other: 0.09ms
[502.716s][info][gc,heap     ] GC(1047) Eden regions: 134->0(141)
[502.716s][info][gc,heap     ] GC(1047) Survivor regions: 19->12(20)
[502.716s][info][gc,heap     ] GC(1047) Old regions: 40->49
[502.716s][info][gc,heap     ] GC(1047) Humongous regions: 3->3
[502.716s][info][gc,metaspace] GC(1047) Metaspace: 43092K(43456K)->43092K(43456K) NonClass: 38736K(38976K)->38736K(38976K) Class: 4355K(4480K)->4355K(4480K)
[502.716s][info][gc          ] GC(1047) Pause Young (Mixed) (G1 Evacuation Pause) 194M->63M(256M) 30.099ms
[502.716s][info][gc,cpu      ] GC(1047) User=0.06s Sys=0.00s Real=0.03s
[503.163s][info][gc,start    ] GC(1048) Pause Young (Concurrent Start) (G1 Humongous Allocation)
[503.163s][info][gc,task     ] GC(1048) Using 2 workers of 2 for evacuation
[503.206s][info][gc,phases   ] GC(1048)   Pre Evacuate Collection Set: 0.18ms
[503.206s][info][gc,phases   ] GC(1048)   Merge Heap Roots: 0.14ms
[503.206s][info][gc,phases   ] GC(1048)   Evacuate Collection Set: 41.85ms
[503.206s][info][gc,phases   ] GC(1048)   Post Evacuate Collection Set: 0.47ms
[503.206s][info][gc,phases   ] GC(1048)   Other: 0.08ms
[503.206s][info][gc,heap     ] GC(1048) Eden regions: 100->0(117)
[503.206s][info][gc,heap     ] GC(1048) Survivor regions: 12->20(20)
[503.206s][info][gc,heap     ] GC(1048) Old regions: 49->68
[503.206s][info][gc,heap     ] GC(1048) Humongous regions: 3->1
[503.206s][info][gc,metaspace] GC(1048) Metaspace: 43092K(43456K)->43092K(43456K) NonClass: 38736K(38976K)->38736K(38976K) Class: 4355K(4480K)->4355K(4480K)
[503.206s][info][gc          ] GC(1048) Pause Young (Concurrent Start) (G1 Humongous Allocation) 163M->88M(256M) 42.888ms
[503.206s][info][gc,cpu      ] GC(1048) User=0.08s Sys=0.01s Real=0.04s
[503.206s][info][gc          ] GC(1049) Concurrent Mark Cycle
[503.206s][info][gc,marking  ] GC(1049) Concurrent Scan Root Regions
[503.251s][info][gc,marking  ] GC(1049) Concurrent Scan Root Regions 44.766ms
[503.251s][info][gc,marking  ] GC(1049) Concurrent Mark
[503.251s][info][gc,marking  ] GC(1049) Concurrent Mark From Roots
[503.251s][info][gc,task     ] GC(1049) Using 1 workers of 1 for marking
[503.312s][info][gc,marking  ] GC(1049) Concurrent Mark From Roots 60.877ms
[503.312s][info][gc,marking  ] GC(1049) Concurrent Preclean
[503.312s][info][gc,marking  ] GC(1049) Concurrent Preclean 0.035ms
[503.312s][info][gc,start    ] GC(1049) Pause Remark
[503.329s][info][gc          ] GC(1049) Pause Remark 117M->117M(256M) 16.780ms
[503.329s][info][gc,cpu      ] GC(1049) User=0.03s Sys=0.00s Real=0.01s
[503.329s][info][gc,marking  ] GC(1049) Concurrent Mark 77.949ms
[503.329s][info][gc,marking  ] GC(1049) Concurrent Rebuild Remembered Sets and Scrub Regions
[503.373s][info][gc,marking  ] GC(1049) Concurrent Rebuild Remembered Sets and Scrub Regions 44.380ms
[503.373s][info][gc,start    ] GC(1049) Pause Cleanup
[503.373s][info][gc          ] GC(1049) Pause Cleanup 126M->126M(256M) 0.059ms
[503.373s][info][gc,cpu      ] GC(1049) User=0.00s Sys=0.00s Real=0.00s
[503.373s][info][gc,marking  ] GC(1049) Concurrent Clear Claimed Marks
[503.373s][info][gc,marking  ] GC(1049) Concurrent Clear Claimed Marks 0.050ms
[503.373s][info][gc,marking  ] GC(1049) Concurrent Cleanup for Next Mark
[503.374s][info][gc,marking  ] GC(1049) Concurrent Cleanup for Next Mark 0.727ms
[503.374s][info][gc          ] GC(1049) Concurrent Mark Cycle 168.219ms
[503.707s][info][gc,start    ] GC(1050) Pause Young (Prepare Mixed) (G1 Evacuation Pause)
[503.707s][info][gc,task     ] GC(1050) Using 2 workers of 2 for evacuation
[503.746s][info][gc,phases   ] GC(1050)   Pre Evacuate Collection Set: 0.16ms
[503.746s][info][gc,phases   ] GC(1050)   Merge Heap Roots: 0.31ms
[503.746s][info][gc,phases   ] GC(1050)   Evacuate Collection Set: 38.17ms
[503.746s][info][gc,phases   ] GC(1050)   Post Evacuate Collection Set: 0.44ms
[503.746s][info][gc,phases   ] GC(1050)   Other: 0.09ms
[503.746s][info][gc,heap     ] GC(1050) Eden regions: 117->0(103)
[503.746s][info][gc,heap     ] GC(1050) Survivor regions: 20->16(18)
[503.746s][info][gc,heap     ] GC(1050) Old regions: 68->89
[503.746s][info][gc,heap     ] GC(1050) Humongous regions: 5->3
[503.746s][info][gc,metaspace] GC(1050) Metaspace: 43092K(43456K)->43092K(43456K) NonClass: 38736K(38976K)->38736K(38976K) Class: 4355K(4480K)->4355K(4480K)
[503.746s][info][gc          ] GC(1050) Pause Young (Prepare Mixed) (G1 Evacuation Pause) 209M->106M(256M) 39.383ms
[503.746s][info][gc,cpu      ] GC(1050) User=0.07s Sys=0.00s Real=0.04s
[504.115s][info][gc,start    ] GC(1051) Pause Young (Mixed) (G1 Evacuation Pause)
[504.115s][info][gc,task     ] GC(1051) Using 2 workers of 2 for evacuation
[504.143s][info][gc,phases   ] GC(1051)   Pre Evacuate Collection Set: 0.18ms
[504.143s][info][gc,phases   ] GC(1051)   Merge Heap Roots: 0.21ms
[504.143s][info][gc,phases   ] GC(1051)   Evacuate Collection Set: 26.34ms
[504.143s][info][gc,phases   ] GC(1051)   Post Evacuate Collection Set: 0.58ms
[504.143s][info][gc,phases   ] GC(1051)   Other: 0.09ms
[504.143s][info][gc,heap     ] GC(1051) Eden regions: 103->0(113)
[504.143s][info][gc,heap     ] GC(1051) Survivor regions: 16->6(15)
[504.143s][info][gc,heap     ] GC(1051) Old regions: 89->92
[504.143s][info][gc,heap     ] GC(1051) Humongous regions: 11->3
[504.143s][info][gc,metaspace] GC(1051) Metaspace: 43092K(43456K)->43092K(43456K) NonClass: 38736K(38976K)->38736K(38976K) Class: 4355K(4480K)->4355K(4480K)
[504.143s][info][gc          ] GC(1051) Pause Young (Mixed) (G1 Evacuation Pause) 217M->99M(256M) 27.584ms
[504.143s][info][gc,cpu      ] GC(1051) User=0.03s Sys=0.00s Real=0.03s
[504.280s][info][gc,start    ] GC(1052) Pause Young (Concurrent Start) (G1 Humongous Allocation)
[504.280s][info][gc,task     ] GC(1052) Using 2 workers of 2 for evacuation
[504.282s][info][gc,phases   ] GC(1052)   Pre Evacuate Collection Set: 0.20ms
[504.282s][info][gc,phases   ] GC(1052)   Merge Heap Roots: 0.05ms
[504.282s][info][gc,phases   ] GC(1052)   Evacuate Collection Set: 2.01ms
[504.282s][info][gc,phases   ] GC(1052)   Post Evacuate Collection Set: 0.31ms
[504.282s][info][gc,phases   ] GC(1052)   Other: 0.13ms
[504.282s][info][gc,heap     ] GC(1052) Eden regions: 28->0(126)
[504.282s][info][gc,heap     ] GC(1052) Survivor regions: 6->1(15)
[504.282s][info][gc,heap     ] GC(1052) Old regions: 92->92
[504.282s][info][gc,heap     ] GC(1052) Humongous regions: 3->1
[504.282s][info][gc,metaspace] GC(1052) Metaspace: 43092K(43456K)->43092K(43456K) NonClass: 38736K(38976K)->38736K(38976K) Class: 4355K(4480K)->4355K(4480K)
[504.282s][info][gc          ] GC(1052) Pause Young (Concurrent Start) (G1 Humongous Allocation) 127M->93M(256M) 2.870ms
[504.282s][info][gc,cpu      ] GC(1052) User=0.00s Sys=0.01s Real=0.01s
[504.283s][info][gc          ] GC(1053) Concurrent Mark Cycle
[504.283s][info][gc,marking  ] GC(1053) Concurrent Scan Root Regions
[504.284s][info][gc,marking  ] GC(1053) Concurrent Scan Root Regions 1.430ms
[504.284s][info][gc,marking  ] GC(1053) Concurrent Mark
[504.284s][info][gc,marking  ] GC(1053) Concurrent Mark From Roots
[504.284s][info][gc,task     ] GC(1053) Using 1 workers of 1 for marking
[504.339s][info][gc,marking  ] GC(1053) Concurrent Mark From Roots 55.167ms
[504.339s][info][gc,marking  ] GC(1053) Concurrent Preclean
[504.339s][info][gc,marking  ] GC(1053) Concurrent Preclean 0.033ms
[504.339s][info][gc,start    ] GC(1053) Pause Remark
[504.356s][info][gc          ] GC(1053) Pause Remark 112M->96M(256M) 16.888ms
[504.356s][info][gc,cpu      ] GC(1053) User=0.03s Sys=0.00s Real=0.02s
[504.356s][info][gc,marking  ] GC(1053) Concurrent Mark 72.387ms
[504.356s][info][gc,marking  ] GC(1053) Concurrent Rebuild Remembered Sets and Scrub Regions
[504.378s][info][gc,marking  ] GC(1053) Concurrent Rebuild Remembered Sets and Scrub Regions 21.613ms
[504.378s][info][gc,start    ] GC(1053) Pause Cleanup
[504.378s][info][gc          ] GC(1053) Pause Cleanup 100M->100M(256M) 0.056ms
[504.378s][info][gc,cpu      ] GC(1053) User=0.00s Sys=0.00s Real=0.00s
[504.378s][info][gc,marking  ] GC(1053) Concurrent Clear Claimed Marks
[504.378s][info][gc,marking  ] GC(1053) Concurrent Clear Claimed Marks 0.037ms
[504.378s][info][gc,marking  ] GC(1053) Concurrent Cleanup for Next Mark
[504.379s][info][gc,marking  ] GC(1053) Concurrent Cleanup for Next Mark 0.706ms
[504.379s][info][gc          ] GC(1053) Concurrent Mark Cycle 96.540ms
[504.802s][info][gc,start    ] GC(1054) Pause Young (Prepare Mixed) (G1 Evacuation Pause)
[504.802s][info][gc,task     ] GC(1054) Using 2 workers of 2 for evacuation
[504.817s][info][gc,phases   ] GC(1054)   Pre Evacuate Collection Set: 0.16ms
[504.817s][info][gc,phases   ] GC(1054)   Merge Heap Roots: 0.06ms
[504.817s][info][gc,phases   ] GC(1054)   Evacuate Collection Set: 13.57ms
[504.817s][info][gc,phases   ] GC(1054)   Post Evacuate Collection Set: 0.37ms
[504.817s][info][gc,phases   ] GC(1054)   Other: 0.09ms
[504.817s][info][gc,heap     ] GC(1054) Eden regions: 126->0(125)
[504.817s][info][gc,heap     ] GC(1054) Survivor regions: 1->14(16)
[504.817s][info][gc,heap     ] GC(1054) Old regions: 76->76
[504.817s][info][gc,heap     ] GC(1054) Humongous regions: 5->3
[504.817s][info][gc,metaspace] GC(1054) Metaspace: 43092K(43456K)->43092K(43456K) NonClass: 38736K(38976K)->38736K(38976K) Class: 4355K(4480K)->4355K(4480K)
[504.817s][info][gc          ] GC(1054) Pause Young (Prepare Mixed) (G1 Evacuation Pause) 207M->91M(256M) 14.425ms
[504.817s][info][gc,cpu      ] GC(1054) User=0.03s Sys=0.00s Real=0.01s
[505.309s][info][gc,start    ] GC(1055) Pause Young (Mixed) (G1 Evacuation Pause)
[505.309s][info][gc,task     ] GC(1055) Using 2 workers of 2 for evacuation
[505.315s][info][gc,phases   ] GC(1055)   Pre Evacuate Collection Set: 0.17ms
[505.315s][info][gc,phases   ] GC(1055)   Merge Heap Roots: 0.07ms
[505.315s][info][gc,phases   ] GC(1055)   Evacuate Collection Set: 5.36ms
[505.315s][info][gc,phases   ] GC(1055)   Post Evacuate Collection Set: 0.42ms
[505.315s][info][gc,phases   ] GC(1055)   Other: 0.09ms
[505.315s][info][gc,heap     ] GC(1055) Eden regions: 125->0(148)
[505.315s][info][gc,heap     ] GC(1055) Survivor regions: 14->5(18)
[505.315s][info][gc,heap     ] GC(1055) Old regions: 76->51
[505.315s][info][gc,heap     ] GC(1055) Humongous regions: 9->3
[505.315s][info][gc,metaspace] GC(1055) Metaspace: 43092K(43456K)->43092K(43456K) NonClass: 38736K(38976K)->38736K(38976K) Class: 4355K(4480K)->4355K(4480K)
[505.316s][info][gc          ] GC(1055) Pause Young (Mixed) (G1 Evacuation Pause) 222M->58M(256M) 6.294ms
[505.316s][info][gc,cpu      ] GC(1055) User=0.02s Sys=0.00s Real=0.01s
[505.872s][info][gc,start    ] GC(1056) Pause Young (Mixed) (G1 Evacuation Pause)
[505.872s][info][gc,task     ] GC(1056) Using 2 workers of 2 for evacuation
[505.884s][info][gc,phases   ] GC(1056)   Pre Evacuate Collection Set: 0.17ms
[505.884s][info][gc,phases   ] GC(1056)   Merge Heap Roots: 0.07ms
[505.884s][info][gc,phases   ] GC(1056)   Evacuate Collection Set: 11.90ms
[505.884s][info][gc,phases   ] GC(1056)   Post Evacuate Collection Set: 0.43ms
[505.885s][info][gc,phases   ] GC(1056)   Other: 0.09ms
[505.885s][info][gc,heap     ] GC(1056) Eden regions: 148->0(142)
[505.885s][info][gc,heap     ] GC(1056) Survivor regions: 5->11(20)
[505.885s][info][gc,heap     ] GC(1056) Old regions: 51->49
[505.885s][info][gc,heap     ] GC(1056) Humongous regions: 7->3
[505.885s][info][gc,metaspace] GC(1056) Metaspace: 43092K(43456K)->43092K(43456K) NonClass: 38736K(38976K)->38736K(38976K) Class: 4355K(4480K)->4355K(4480K)
[505.885s][info][gc          ] GC(1056) Pause Young (Mixed) (G1 Evacuation Pause) 210M->62M(256M) 12.827ms
[505.885s][info][gc,cpu      ] GC(1056) User=0.02s Sys=0.00s Real=0.01s
[506.015s][info][gc,start    ] GC(1057) Pause Young (Concurrent Start) (G1 Humongous Allocation)
[506.015s][info][gc,task     ] GC(1057) Using 2 workers of 2 for evacuation
[506.017s][info][gc,phases   ] GC(1057)   Pre Evacuate Collection Set: 0.17ms
[506.017s][info][gc,phases   ] GC(1057)   Merge Heap Roots: 0.05ms
[506.017s][info][gc,phases   ] GC(1057)   Evacuate Collection Set: 2.19ms
[506.017s][info][gc,phases   ] GC(1057)   Post Evacuate Collection Set: 0.32ms
[506.018s][info][gc,phases   ] GC(1057)   Other: 0.07ms
[506.018s][info][gc,heap     ] GC(1057) Eden regions: 31->0(151)
[506.018s][info][gc,heap     ] GC(1057) Survivor regions: 11->2(20)
[506.018s][info][gc,heap     ] GC(1057) Old regions: 49->49
[506.018s][info][gc,heap     ] GC(1057) Humongous regions: 3->1
[506.018s][info][gc,metaspace] GC(1057) Metaspace: 43092K(43456K)->43092K(43456K) NonClass: 38736K(38976K)->38736K(38976K) Class: 4355K(4480K)->4355K(4480K)
[506.018s][info][gc          ] GC(1057) Pause Young (Concurrent Start) (G1 Humongous Allocation) 93M->51M(256M) 2.970ms
[506.018s][info][gc,cpu      ] GC(1057) User=0.00s Sys=0.00s Real=0.00s
[506.018s][info][gc          ] GC(1058) Concurrent Mark Cycle
[506.018s][info][gc,marking  ] GC(1058) Concurrent Scan Root Regions
[506.025s][info][gc,marking  ] GC(1058) Concurrent Scan Root Regions 6.605ms
[506.025s][info][gc,marking  ] GC(1058) Concurrent Mark
[506.025s][info][gc,marking  ] GC(1058) Concurrent Mark From Roots
[506.025s][info][gc,task     ] GC(1058) Using 1 workers of 1 for marking
[506.083s][info][gc,marking  ] GC(1058) Concurrent Mark From Roots 58.158ms
[506.083s][info][gc,marking  ] GC(1058) Concurrent Preclean
[506.083s][info][gc,marking  ] GC(1058) Concurrent Preclean 0.035ms
[506.083s][info][gc,start    ] GC(1058) Pause Remark
[506.100s][info][gc          ] GC(1058) Pause Remark 64M->64M(256M) 16.795ms
[506.100s][info][gc,cpu      ] GC(1058) User=0.03s Sys=0.00s Real=0.01s
[506.100s][info][gc,marking  ] GC(1058) Concurrent Mark 75.291ms
[506.100s][info][gc,marking  ] GC(1058) Concurrent Rebuild Remembered Sets and Scrub Regions
[506.124s][info][gc,marking  ] GC(1058) Concurrent Rebuild Remembered Sets and Scrub Regions 23.788ms
[506.124s][info][gc,start    ] GC(1058) Pause Cleanup
[506.124s][info][gc          ] GC(1058) Pause Cleanup 73M->73M(256M) 0.043ms
[506.124s][info][gc,cpu      ] GC(1058) User=0.00s Sys=0.00s Real=0.00s
[506.124s][info][gc,marking  ] GC(1058) Concurrent Clear Claimed Marks
[506.124s][info][gc,marking  ] GC(1058) Concurrent Clear Claimed Marks 0.035ms
[506.124s][info][gc,marking  ] GC(1058) Concurrent Cleanup for Next Mark
[506.125s][info][gc,marking  ] GC(1058) Concurrent Cleanup for Next Mark 0.756ms
[506.125s][info][gc          ] GC(1058) Concurrent Mark Cycle 106.844ms
[506.672s][info][gc,start    ] GC(1059) Pause Young (Prepare Mixed) (G1 Evacuation Pause)
[506.672s][info][gc,task     ] GC(1059) Using 2 workers of 2 for evacuation
[506.677s][info][gc,phases   ] GC(1059)   Pre Evacuate Collection Set: 0.14ms
[506.677s][info][gc,phases   ] GC(1059)   Merge Heap Roots: 0.06ms
[506.677s][info][gc,phases   ] GC(1059)   Evacuate Collection Set: 4.56ms
[506.677s][info][gc,phases   ] GC(1059)   Post Evacuate Collection Set: 0.42ms
[506.677s][info][gc,phases   ] GC(1059)   Other: 0.10ms
[506.677s][info][gc,heap     ] GC(1059) Eden regions: 151->0(148)
[506.677s][info][gc,heap     ] GC(1059) Survivor regions: 2->5(20)
[506.677s][info][gc,heap     ] GC(1059) Old regions: 49->49
[506.677s][info][gc,heap     ] GC(1059) Humongous regions: 9->3
[506.677s][info][gc,metaspace] GC(1059) Metaspace: 43092K(43456K)->43092K(43456K) NonClass: 38736K(38976K)->38736K(38976K) Class: 4355K(4480K)->4355K(4480K)
[506.677s][info][gc          ] GC(1059) Pause Young (Prepare Mixed) (G1 Evacuation Pause) 210M->56M(256M) 5.467ms
[506.677s][info][gc,cpu      ] GC(1059) User=0.01s Sys=0.00s Real=0.00s
[507.101s][info][gc,start    ] GC(1060) Pause Young (Mixed) (G1 Evacuation Pause)
[507.101s][info][gc,task     ] GC(1060) Using 2 workers of 2 for evacuation
[507.144s][info][gc,phases   ] GC(1060)   Pre Evacuate Collection Set: 0.17ms
[507.144s][info][gc,phases   ] GC(1060)   Merge Heap Roots: 0.12ms
[507.144s][info][gc,phases   ] GC(1060)   Evacuate Collection Set: 41.11ms
[507.144s][info][gc,phases   ] GC(1060)   Post Evacuate Collection Set: 0.73ms
[507.144s][info][gc,phases   ] GC(1060)   Other: 0.07ms
[507.144s][info][gc,heap     ] GC(1060) Eden regions: 148->0(124)
[507.144s][info][gc,heap     ] GC(1060) Survivor regions: 5->20(20)
[507.144s][info][gc,heap     ] GC(1060) Old regions: 49->64
[507.144s][info][gc,heap     ] GC(1060) Humongous regions: 3->3
[507.144s][info][gc,metaspace] GC(1060) Metaspace: 43092K(43456K)->43092K(43456K) NonClass: 38736K(38976K)->38736K(38976K) Class: 4355K(4480K)->4355K(4480K)
[507.144s][info][gc          ] GC(1060) Pause Young (Mixed) (G1 Evacuation Pause) 204M->86M(256M) 42.368ms
[507.144s][info][gc,cpu      ] GC(1060) User=0.08s Sys=0.00s Real=0.04s
[507.742s][info][gc,start    ] GC(1061) Pause Young (Concurrent Start) (G1 Evacuation Pause)
[507.742s][info][gc,task     ] GC(1061) Using 2 workers of 2 for evacuation
[507.782s][info][gc,phases   ] GC(1061)   Pre Evacuate Collection Set: 0.17ms
[507.782s][info][gc,phases   ] GC(1061)   Merge Heap Roots: 0.20ms
[507.782s][info][gc,phases   ] GC(1061)   Evacuate Collection Set: 39.46ms
[507.782s][info][gc,phases   ] GC(1061)   Post Evacuate Collection Set: 0.69ms
[507.782s][info][gc,phases   ] GC(1061)   Other: 0.10ms
[507.782s][info][gc,heap     ] GC(1061) Eden regions: 124->0(135)
[507.782s][info][gc,heap     ] GC(1061) Survivor regions: 20->17(18)
[507.782s][info][gc,heap     ] GC(1061) Old regions: 64->79
[507.782s][info][gc,heap     ] GC(1061) Humongous regions: 3->3
[507.782s][info][gc,metaspace] GC(1061) Metaspace: 43092K(43456K)->43092K(43456K) NonClass: 38736K(38976K)->38736K(38976K) Class: 4355K(4480K)->4355K(4480K)
[507.782s][info][gc          ] GC(1061) Pause Young (Concurrent Start) (G1 Evacuation Pause) 210M->98M(285M) 40.807ms
[507.782s][info][gc,cpu      ] GC(1061) User=0.08s Sys=0.00s Real=0.04s
[507.782s][info][gc          ] GC(1062) Concurrent Mark Cycle
[507.782s][info][gc,marking  ] GC(1062) Concurrent Scan Root Regions
[507.817s][info][gc,marking  ] GC(1062) Concurrent Scan Root Regions 34.636ms
[507.817s][info][gc,marking  ] GC(1062) Concurrent Mark
[507.817s][info][gc,marking  ] GC(1062) Concurrent Mark From Roots
[507.817s][info][gc,task     ] GC(1062) Using 1 workers of 1 for marking
[507.947s][info][gc,marking  ] GC(1062) Concurrent Mark From Roots 129.751ms
[507.947s][info][gc,marking  ] GC(1062) Concurrent Preclean
[507.947s][info][gc,marking  ] GC(1062) Concurrent Preclean 0.054ms
[507.947s][info][gc,start    ] GC(1062) Pause Remark
[507.964s][info][gc          ] GC(1062) Pause Remark 125M->125M(285M) 16.868ms
[507.964s][info][gc,cpu      ] GC(1062) User=0.04s Sys=0.01s Real=0.02s
[507.966s][info][gc,marking  ] GC(1062) Concurrent Mark 149.141ms
[507.966s][info][gc,marking  ] GC(1062) Concurrent Rebuild Remembered Sets and Scrub Regions
[508.042s][info][gc,marking  ] GC(1062) Concurrent Rebuild Remembered Sets and Scrub Regions 75.460ms
[508.042s][info][gc,start    ] GC(1062) Pause Cleanup
[508.042s][info][gc          ] GC(1062) Pause Cleanup 137M->137M(285M) 0.064ms
[508.042s][info][gc,cpu      ] GC(1062) User=0.00s Sys=0.00s Real=0.00s
[508.042s][info][gc,marking  ] GC(1062) Concurrent Clear Claimed Marks
[508.042s][info][gc,marking  ] GC(1062) Concurrent Clear Claimed Marks 0.045ms
[508.042s][info][gc,marking  ] GC(1062) Concurrent Cleanup for Next Mark
[508.043s][info][gc,marking  ] GC(1062) Concurrent Cleanup for Next Mark 1.175ms
[508.043s][info][gc          ] GC(1062) Concurrent Mark Cycle 260.860ms
[508.545s][info][gc,start    ] GC(1063) Pause Young (Prepare Mixed) (G1 Evacuation Pause)
[508.545s][info][gc,task     ] GC(1063) Using 2 workers of 2 for evacuation
[508.610s][info][gc,phases   ] GC(1063)   Pre Evacuate Collection Set: 0.16ms
[508.610s][info][gc,phases   ] GC(1063)   Merge Heap Roots: 0.30ms
[508.610s][info][gc,phases   ] GC(1063)   Evacuate Collection Set: 63.77ms
[508.610s][info][gc,phases   ] GC(1063)   Post Evacuate Collection Set: 0.47ms
[508.610s][info][gc,phases   ] GC(1063)   Other: 0.09ms
[508.610s][info][gc,heap     ] GC(1063) Eden regions: 135->0(100)
[508.610s][info][gc,heap     ] GC(1063) Survivor regions: 17->19(19)
[508.610s][info][gc,heap     ] GC(1063) Old regions: 79->113
[508.610s][info][gc,heap     ] GC(1063) Humongous regions: 3->3
[508.610s][info][gc,metaspace] GC(1063) Metaspace: 43092K(43456K)->43092K(43456K) NonClass: 38736K(38976K)->38736K(38976K) Class: 4355K(4480K)->4355K(4480K)
[508.610s][info][gc          ] GC(1063) Pause Young (Prepare Mixed) (G1 Evacuation Pause) 233M->134M(287M) 65.005ms
[508.610s][info][gc,cpu      ] GC(1063) User=0.13s Sys=0.00s Real=0.06s
[509.036s][info][gc,start    ] GC(1064) Pause Young (Mixed) (G1 Evacuation Pause)
[509.036s][info][gc,task     ] GC(1064) Using 2 workers of 2 for evacuation
[509.098s][info][gc,phases   ] GC(1064)   Pre Evacuate Collection Set: 0.18ms
[509.098s][info][gc,phases   ] GC(1064)   Merge Heap Roots: 0.30ms
[509.098s][info][gc,phases   ] GC(1064)   Evacuate Collection Set: 60.91ms
[509.098s][info][gc,phases   ] GC(1064)   Post Evacuate Collection Set: 0.50ms
[509.098s][info][gc,phases   ] GC(1064)   Other: 0.07ms
[509.098s][info][gc,heap     ] GC(1064) Eden regions: 100->0(87)
[509.098s][info][gc,heap     ] GC(1064) Survivor regions: 19->15(15)
[509.098s][info][gc,heap     ] GC(1064) Old regions: 113->135
[509.098s][info][gc,heap     ] GC(1064) Humongous regions: 5->3
[509.098s][info][gc,metaspace] GC(1064) Metaspace: 43092K(43456K)->43092K(43456K) NonClass: 38736K(38976K)->38736K(38976K) Class: 4355K(4480K)->4355K(4480K)
[509.098s][info][gc          ] GC(1064) Pause Young (Mixed) (G1 Evacuation Pause) 236M->152M(287M) 62.168ms
[509.098s][info][gc,cpu      ] GC(1064) User=0.11s Sys=0.00s Real=0.06s
[509.250s][info][gc,start    ] GC(1065) Pause Young (Concurrent Start) (G1 Humongous Allocation)
[509.250s][info][gc,task     ] GC(1065) Using 2 workers of 2 for evacuation
[509.272s][info][gc,phases   ] GC(1065)   Pre Evacuate Collection Set: 0.19ms
[509.272s][info][gc,phases   ] GC(1065)   Merge Heap Roots: 0.15ms
[509.272s][info][gc,phases   ] GC(1065)   Evacuate Collection Set: 20.85ms
[509.272s][info][gc,phases   ] GC(1065)   Post Evacuate Collection Set: 0.32ms
[509.272s][info][gc,phases   ] GC(1065)   Other: 0.07ms
[509.272s][info][gc,heap     ] GC(1065) Eden regions: 31->0(87)
[509.272s][info][gc,heap     ] GC(1065) Survivor regions: 15->4(13)
[509.272s][info][gc,heap     ] GC(1065) Old regions: 135->148
[509.272s][info][gc,heap     ] GC(1065) Humongous regions: 3->1
[509.272s][info][gc,metaspace] GC(1065) Metaspace: 43092K(43456K)->43092K(43456K) NonClass: 38736K(38976K)->38736K(38976K) Class: 4355K(4480K)->4355K(4480K)
[509.272s][info][gc          ] GC(1065) Pause Young (Concurrent Start) (G1 Humongous Allocation) 183M->152M(287M) 21.784ms
[509.272s][info][gc,cpu      ] GC(1065) User=0.05s Sys=0.00s Real=0.03s
[509.272s][info][gc          ] GC(1066) Concurrent Mark Cycle
[509.272s][info][gc,marking  ] GC(1066) Concurrent Scan Root Regions
[509.291s][info][gc,marking  ] GC(1066) Concurrent Scan Root Regions 19.288ms
[509.291s][info][gc,marking  ] GC(1066) Concurrent Mark
[509.291s][info][gc,marking  ] GC(1066) Concurrent Mark From Roots
[509.291s][info][gc,task     ] GC(1066) Using 1 workers of 1 for marking
[509.406s][info][gc,marking  ] GC(1066) Concurrent Mark From Roots 114.904ms
[509.406s][info][gc,marking  ] GC(1066) Concurrent Preclean
[509.406s][info][gc,marking  ] GC(1066) Concurrent Preclean 0.036ms
[509.406s][info][gc,start    ] GC(1066) Pause Remark
[509.423s][info][gc          ] GC(1066) Pause Remark 183M->183M(287M) 16.970ms
[509.423s][info][gc,cpu      ] GC(1066) User=0.04s Sys=0.00s Real=0.02s
[509.424s][info][gc,marking  ] GC(1066) Concurrent Mark 132.208ms
[509.424s][info][gc,marking  ] GC(1066) Concurrent Rebuild Remembered Sets and Scrub Regions
[509.505s][info][gc,marking  ] GC(1066) Concurrent Rebuild Remembered Sets and Scrub Regions 81.043ms
[509.505s][info][gc,start    ] GC(1066) Pause Cleanup
[509.505s][info][gc          ] GC(1066) Pause Cleanup 211M->211M(287M) 0.077ms
[509.505s][info][gc,cpu      ] GC(1066) User=0.00s Sys=0.00s Real=0.00s
[509.505s][info][gc,marking  ] GC(1066) Concurrent Clear Claimed Marks
[509.505s][info][gc,marking  ] GC(1066) Concurrent Clear Claimed Marks 0.039ms
[509.505s][info][gc,marking  ] GC(1066) Concurrent Cleanup for Next Mark
[509.506s][info][gc,marking  ] GC(1066) Concurrent Cleanup for Next Mark 0.872ms
[509.506s][info][gc          ] GC(1066) Concurrent Mark Cycle 233.813ms
[509.655s][info][gc,start    ] GC(1067) Pause Young (Prepare Mixed) (G1 Evacuation Pause)
[509.655s][info][gc,task     ] GC(1067) Using 2 workers of 2 for evacuation
[509.670s][info][gc,phases   ] GC(1067)   Pre Evacuate Collection Set: 0.20ms
[509.670s][info][gc,phases   ] GC(1067)   Merge Heap Roots: 0.08ms
[509.670s][info][gc,phases   ] GC(1067)   Evacuate Collection Set: 14.22ms
[509.670s][info][gc,phases   ] GC(1067)   Post Evacuate Collection Set: 0.38ms
[509.670s][info][gc,phases   ] GC(1067)   Other: 0.07ms
[509.670s][info][gc,heap     ] GC(1067) Eden regions: 87->0(82)
[509.670s][info][gc,heap     ] GC(1067) Survivor regions: 4->12(12)
[509.670s][info][gc,heap     ] GC(1067) Old regions: 148->150
[509.670s][info][gc,heap     ] GC(1067) Humongous regions: 5->3
[509.670s][info][gc,metaspace] GC(1067) Metaspace: 43092K(43456K)->43092K(43456K) NonClass: 38736K(38976K)->38736K(38976K) Class: 4355K(4480K)->4355K(4480K)
[509.670s][info][gc          ] GC(1067) Pause Young (Prepare Mixed) (G1 Evacuation Pause) 243M->164M(287M) 15.147ms
[509.670s][info][gc,cpu      ] GC(1067) User=0.03s Sys=0.00s Real=0.01s
[509.960s][info][gc,start    ] GC(1068) Pause Young (Mixed) (G1 Evacuation Pause)
[509.960s][info][gc,task     ] GC(1068) Using 2 workers of 2 for evacuation
[509.981s][info][gc,phases   ] GC(1068)   Pre Evacuate Collection Set: 0.23ms
[509.981s][info][gc,phases   ] GC(1068)   Merge Heap Roots: 0.16ms
[509.981s][info][gc,phases   ] GC(1068)   Evacuate Collection Set: 20.00ms
[509.981s][info][gc,phases   ] GC(1068)   Post Evacuate Collection Set: 0.41ms
[509.981s][info][gc,phases   ] GC(1068)   Other: 0.08ms
[509.981s][info][gc,heap     ] GC(1068) Eden regions: 82->0(102)
[509.981s][info][gc,heap     ] GC(1068) Survivor regions: 12->6(12)
[509.981s][info][gc,heap     ] GC(1068) Old regions: 150->133
[509.981s][info][gc,heap     ] GC(1068) Humongous regions: 9->1
[509.981s][info][gc,metaspace] GC(1068) Metaspace: 43092K(43456K)->43092K(43456K) NonClass: 38736K(38976K)->38736K(38976K) Class: 4355K(4480K)->4355K(4480K)
[509.981s][info][gc          ] GC(1068) Pause Young (Mixed) (G1 Evacuation Pause) 252M->139M(287M) 21.121ms
[509.981s][info][gc,cpu      ] GC(1068) User=0.04s Sys=0.00s Real=0.03s
[510.265s][info][gc,start    ] GC(1069) Pause Young (Mixed) (G1 Evacuation Pause)
[510.265s][info][gc,task     ] GC(1069) Using 2 workers of 2 for evacuation
[510.313s][info][gc,phases   ] GC(1069)   Pre Evacuate Collection Set: 0.25ms
[510.313s][info][gc,phases   ] GC(1069)   Merge Heap Roots: 0.32ms
[510.313s][info][gc,phases   ] GC(1069)   Evacuate Collection Set: 46.28ms
[510.314s][info][gc,phases   ] GC(1069)   Post Evacuate Collection Set: 1.27ms
[510.314s][info][gc,phases   ] GC(1069)   Other: 0.07ms
[510.314s][info][gc,heap     ] GC(1069) Eden regions: 102->0(148)
[510.314s][info][gc,heap     ] GC(1069) Survivor regions: 6->14(14)
[510.314s][info][gc,heap     ] GC(1069) Old regions: 133->139
[510.314s][info][gc,heap     ] GC(1069) Humongous regions: 4->4
[510.314s][info][gc,metaspace] GC(1069) Metaspace: 43092K(43456K)->43092K(43456K) NonClass: 38736K(38976K)->38736K(38976K) Class: 4355K(4480K)->4355K(4480K)
[510.314s][info][gc          ] GC(1069) Pause Young (Mixed) (G1 Evacuation Pause) 244M->156M(389M) 48.407ms
[510.314s][info][gc,cpu      ] GC(1069) User=0.08s Sys=0.01s Real=0.05s
[510.908s][info][gc,start    ] GC(1070) Pause Young (Mixed) (G1 Evacuation Pause)
[510.908s][info][gc,task     ] GC(1070) Using 2 workers of 2 for evacuation
[510.961s][info][gc,phases   ] GC(1070)   Pre Evacuate Collection Set: 0.20ms
[510.961s][info][gc,phases   ] GC(1070)   Merge Heap Roots: 0.80ms
[510.961s][info][gc,phases   ] GC(1070)   Evacuate Collection Set: 50.56ms
[510.961s][info][gc,phases   ] GC(1070)   Post Evacuate Collection Set: 0.53ms
[510.961s][info][gc,phases   ] GC(1070)   Other: 0.07ms
[510.961s][info][gc,heap     ] GC(1070) Eden regions: 148->0(140)
[510.961s][info][gc,heap     ] GC(1070) Survivor regions: 14->21(21)
[510.961s][info][gc,heap     ] GC(1070) Old regions: 139->148
[510.961s][info][gc,heap     ] GC(1070) Humongous regions: 5->4
[510.961s][info][gc,metaspace] GC(1070) Metaspace: 43092K(43456K)->43092K(43456K) NonClass: 38736K(38976K)->38736K(38976K) Class: 4355K(4480K)->4355K(4480K)
[510.961s][info][gc          ] GC(1070) Pause Young (Mixed) (G1 Evacuation Pause) 305M->172M(389M) 52.370ms
[510.961s][info][gc,cpu      ] GC(1070) User=0.10s Sys=0.00s Real=0.05s
[511.258s][info][gc,start    ] GC(1071) Pause Young (Concurrent Start) (G1 Humongous Allocation)
[511.258s][info][gc,task     ] GC(1071) Using 2 workers of 2 for evacuation
[511.288s][info][gc,phases   ] GC(1071)   Pre Evacuate Collection Set: 0.22ms
[511.288s][info][gc,phases   ] GC(1071)   Merge Heap Roots: 0.13ms
[511.288s][info][gc,phases   ] GC(1071)   Evacuate Collection Set: 29.17ms
[511.288s][info][gc,phases   ] GC(1071)   Post Evacuate Collection Set: 0.43ms
[511.289s][info][gc,phases   ] GC(1071)   Other: 0.11ms
[511.289s][info][gc,heap     ] GC(1071) Eden regions: 91->0(121)
[511.289s][info][gc,heap     ] GC(1071) Survivor regions: 21->21(21)
[511.289s][info][gc,heap     ] GC(1071) Old regions: 148->171
[511.289s][info][gc,heap     ] GC(1071) Humongous regions: 4->4
[511.289s][info][gc,metaspace] GC(1071) Metaspace: 43092K(43456K)->43092K(43456K) NonClass: 38736K(38976K)->38736K(38976K) Class: 4355K(4480K)->4355K(4480K)
[511.289s][info][gc          ] GC(1071) Pause Young (Concurrent Start) (G1 Humongous Allocation) 263M->195M(389M) 30.269ms
[511.289s][info][gc          ] GC(1072) Concurrent Mark Cycle
[511.289s][info][gc,marking  ] GC(1072) Concurrent Scan Root Regions
[511.289s][info][gc,cpu      ] GC(1071) User=0.06s Sys=0.00s Real=0.03s
[511.308s][info][gc,marking  ] GC(1072) Concurrent Scan Root Regions 19.776ms
[511.308s][info][gc,marking  ] GC(1072) Concurrent Mark
[511.308s][info][gc,marking  ] GC(1072) Concurrent Mark From Roots
[511.308s][info][gc,task     ] GC(1072) Using 1 workers of 1 for marking
[511.407s][info][gc,marking  ] GC(1072) Concurrent Mark From Roots 98.369ms
[511.407s][info][gc,marking  ] GC(1072) Concurrent Preclean
[511.407s][info][gc,marking  ] GC(1072) Concurrent Preclean 0.042ms
[511.407s][info][gc,start    ] GC(1072) Pause Remark
[511.424s][info][gc          ] GC(1072) Pause Remark 225M->210M(389M) 16.846ms
[511.424s][info][gc,cpu      ] GC(1072) User=0.04s Sys=0.00s Real=0.02s
[511.424s][info][gc,marking  ] GC(1072) Concurrent Mark 115.574ms
[511.424s][info][gc,marking  ] GC(1072) Concurrent Rebuild Remembered Sets and Scrub Regions
[511.480s][info][gc,marking  ] GC(1072) Concurrent Rebuild Remembered Sets and Scrub Regions 55.907ms
[511.480s][info][gc,start    ] GC(1072) Pause Cleanup
[511.480s][info][gc          ] GC(1072) Pause Cleanup 227M->227M(389M) 0.090ms
[511.480s][info][gc,cpu      ] GC(1072) User=0.00s Sys=0.00s Real=0.00s
[511.480s][info][gc,marking  ] GC(1072) Concurrent Clear Claimed Marks
[511.480s][info][gc,marking  ] GC(1072) Concurrent Clear Claimed Marks 0.051ms
[511.480s][info][gc,marking  ] GC(1072) Concurrent Cleanup for Next Mark
[511.483s][info][gc,marking  ] GC(1072) Concurrent Cleanup for Next Mark 2.236ms
[511.483s][info][gc          ] GC(1072) Concurrent Mark Cycle 193.934ms
[511.732s][info][gc,start    ] GC(1073) Pause Young (Prepare Mixed) (G1 Evacuation Pause)
[511.732s][info][gc,task     ] GC(1073) Using 2 workers of 2 for evacuation
[511.763s][info][gc,phases   ] GC(1073)   Pre Evacuate Collection Set: 0.19ms
[511.763s][info][gc,phases   ] GC(1073)   Merge Heap Roots: 0.14ms
[511.763s][info][gc,phases   ] GC(1073)   Evacuate Collection Set: 29.64ms
[511.763s][info][gc,phases   ] GC(1073)   Post Evacuate Collection Set: 0.42ms
[511.763s][info][gc,phases   ] GC(1073)   Other: 0.09ms
[511.763s][info][gc,heap     ] GC(1073) Eden regions: 121->0(110)
[511.763s][info][gc,heap     ] GC(1073) Survivor regions: 21->18(18)
[511.763s][info][gc,heap     ] GC(1073) Old regions: 156->182
[511.763s][info][gc,heap     ] GC(1073) Humongous regions: 6->5
[511.763s][info][gc,metaspace] GC(1073) Metaspace: 43092K(43456K)->43092K(43456K) NonClass: 38737K(38976K)->38737K(38976K) Class: 4355K(4480K)->4355K(4480K)
[511.763s][info][gc          ] GC(1073) Pause Young (Prepare Mixed) (G1 Evacuation Pause) 303M->204M(389M) 30.679ms
[511.763s][info][gc,cpu      ] GC(1073) User=0.06s Sys=0.00s Real=0.03s
[512.146s][info][gc,start    ] GC(1074) Pause Young (Mixed) (G1 Evacuation Pause)
[512.146s][info][gc,task     ] GC(1074) Using 2 workers of 2 for evacuation
[512.200s][info][gc,phases   ] GC(1074)   Pre Evacuate Collection Set: 0.24ms
[512.200s][info][gc,phases   ] GC(1074)   Merge Heap Roots: 0.21ms
[512.200s][info][gc,phases   ] GC(1074)   Evacuate Collection Set: 53.02ms
[512.200s][info][gc,phases   ] GC(1074)   Post Evacuate Collection Set: 0.54ms
[512.200s][info][gc,phases   ] GC(1074)   Other: 0.08ms
[512.200s][info][gc,heap     ] GC(1074) Eden regions: 110->0(77)
[512.200s][info][gc,heap     ] GC(1074) Survivor regions: 18->16(16)
[512.200s][info][gc,heap     ] GC(1074) Old regions: 182->199
[512.200s][info][gc,heap     ] GC(1074) Humongous regions: 5->5
[512.200s][info][gc,metaspace] GC(1074) Metaspace: 43092K(43456K)->43092K(43456K) NonClass: 38737K(38976K)->38737K(38976K) Class: 4355K(4480K)->4355K(4480K)
[512.200s][info][gc          ] GC(1074) Pause Young (Mixed) (G1 Evacuation Pause) 314M->219M(389M) 54.319ms
[512.200s][info][gc,cpu      ] GC(1074) User=0.11s Sys=0.00s Real=0.05s
[512.505s][info][gc,start    ] GC(1075) Pause Young (Mixed) (G1 Evacuation Pause)
[512.505s][info][gc,task     ] GC(1075) Using 2 workers of 2 for evacuation
[512.565s][info][gc,phases   ] GC(1075)   Pre Evacuate Collection Set: 0.32ms
[512.565s][info][gc,phases   ] GC(1075)   Merge Heap Roots: 0.44ms
[512.565s][info][gc,phases   ] GC(1075)   Evacuate Collection Set: 58.30ms
[512.565s][info][gc,phases   ] GC(1075)   Post Evacuate Collection Set: 1.07ms
[512.565s][info][gc,phases   ] GC(1075)   Other: 0.07ms
[512.565s][info][gc,heap     ] GC(1075) Eden regions: 77->0(106)
[512.565s][info][gc,heap     ] GC(1075) Survivor regions: 16->12(12)
[512.565s][info][gc,heap     ] GC(1075) Old regions: 199->235
[512.565s][info][gc,heap     ] GC(1075) Humongous regions: 5->5
[512.565s][info][gc,metaspace] GC(1075) Metaspace: 43092K(43456K)->43092K(43456K) NonClass: 38737K(38976K)->38737K(38976K) Class: 4355K(4480K)->4355K(4480K)
[512.565s][info][gc          ] GC(1075) Pause Young (Mixed) (G1 Evacuation Pause) 296M->251M(471M) 60.455ms
[512.565s][info][gc,cpu      ] GC(1075) User=0.12s Sys=0.00s Real=0.06s
[512.666s][info][gc,start    ] GC(1076) Pause Young (Concurrent Start) (G1 Humongous Allocation)
[512.666s][info][gc,task     ] GC(1076) Using 2 workers of 2 for evacuation
[512.696s][info][gc,phases   ] GC(1076)   Pre Evacuate Collection Set: 0.24ms
[512.696s][info][gc,phases   ] GC(1076)   Merge Heap Roots: 0.24ms
[512.696s][info][gc,phases   ] GC(1076)   Evacuate Collection Set: 29.00ms
[512.696s][info][gc,phases   ] GC(1076)   Post Evacuate Collection Set: 0.39ms
[512.696s][info][gc,phases   ] GC(1076)   Other: 0.10ms
[512.696s][info][gc,heap     ] GC(1076) Eden regions: 26->0(90)
[512.696s][info][gc,heap     ] GC(1076) Survivor regions: 12->15(15)
[512.696s][info][gc,heap     ] GC(1076) Old regions: 235->247
[512.696s][info][gc,heap     ] GC(1076) Humongous regions: 5->5
[512.696s][info][gc,metaspace] GC(1076) Metaspace: 43092K(43456K)->43092K(43456K) NonClass: 38737K(38976K)->38737K(38976K) Class: 4355K(4480K)->4355K(4480K)
[512.696s][info][gc          ] GC(1076) Pause Young (Concurrent Start) (G1 Humongous Allocation) 276M->267M(471M) 30.173ms
[512.696s][info][gc          ] GC(1077) Concurrent Mark Cycle
[512.696s][info][gc,marking  ] GC(1077) Concurrent Scan Root Regions
[512.697s][info][gc,cpu      ] GC(1076) User=0.05s Sys=0.01s Real=0.03s
[512.706s][info][gc,marking  ] GC(1077) Concurrent Scan Root Regions 9.635ms
[512.706s][info][gc,marking  ] GC(1077) Concurrent Mark
[512.706s][info][gc,marking  ] GC(1077) Concurrent Mark From Roots
[512.706s][info][gc,task     ] GC(1077) Using 1 workers of 1 for marking
[512.865s][info][gc,marking  ] GC(1077) Concurrent Mark From Roots 159.038ms
[512.865s][info][gc,marking  ] GC(1077) Concurrent Preclean
[512.865s][info][gc,marking  ] GC(1077) Concurrent Preclean 0.048ms
[512.865s][info][gc,start    ] GC(1077) Pause Remark
[512.891s][info][gc          ] GC(1077) Pause Remark 296M->254M(471M) 25.873ms
[512.891s][info][gc,cpu      ] GC(1077) User=0.03s Sys=0.00s Real=0.03s
[512.891s][info][gc,marking  ] GC(1077) Concurrent Mark 185.296ms
[512.891s][info][gc,marking  ] GC(1077) Concurrent Rebuild Remembered Sets and Scrub Regions
[512.979s][info][gc,marking  ] GC(1077) Concurrent Rebuild Remembered Sets and Scrub Regions 87.181ms
[512.979s][info][gc,start    ] GC(1077) Pause Cleanup
[512.979s][info][gc          ] GC(1077) Pause Cleanup 267M->267M(471M) 0.101ms
[512.979s][info][gc,cpu      ] GC(1077) User=0.00s Sys=0.00s Real=0.00s
[512.979s][info][gc,marking  ] GC(1077) Concurrent Clear Claimed Marks
[512.979s][info][gc,marking  ] GC(1077) Concurrent Clear Claimed Marks 0.042ms
[512.979s][info][gc,marking  ] GC(1077) Concurrent Cleanup for Next Mark
[512.981s][info][gc,marking  ] GC(1077) Concurrent Cleanup for Next Mark 2.249ms
[512.981s][info][gc          ] GC(1077) Concurrent Mark Cycle 284.853ms
[513.180s][info][gc,start    ] GC(1078) Pause Young (Prepare Mixed) (G1 Evacuation Pause)
[513.180s][info][gc,task     ] GC(1078) Using 2 workers of 2 for evacuation
[513.204s][info][gc,phases   ] GC(1078)   Pre Evacuate Collection Set: 0.25ms
[513.204s][info][gc,phases   ] GC(1078)   Merge Heap Roots: 0.22ms
[513.204s][info][gc,phases   ] GC(1078)   Evacuate Collection Set: 23.06ms
[513.204s][info][gc,phases   ] GC(1078)   Post Evacuate Collection Set: 0.41ms
[513.204s][info][gc,phases   ] GC(1078)   Other: 0.10ms
[513.204s][info][gc,heap     ] GC(1078) Eden regions: 90->0(108)
[513.204s][info][gc,heap     ] GC(1078) Survivor regions: 15->14(14)
[513.204s][info][gc,heap     ] GC(1078) Old regions: 207->224
[513.204s][info][gc,heap     ] GC(1078) Humongous regions: 4->4
[513.204s][info][gc,metaspace] GC(1078) Metaspace: 43092K(43456K)->43092K(43456K) NonClass: 38737K(38976K)->38737K(38976K) Class: 4355K(4480K)->4355K(4480K)
[513.204s][info][gc          ] GC(1078) Pause Young (Prepare Mixed) (G1 Evacuation Pause) 316M->241M(471M) 24.266ms
[513.204s][info][gc,cpu      ] GC(1078) User=0.05s Sys=0.00s Real=0.03s
[513.568s][info][gc,start    ] GC(1079) Pause Young (Mixed) (G1 Evacuation Pause)
[513.568s][info][gc,task     ] GC(1079) Using 2 workers of 2 for evacuation
[513.599s][info][gc,phases   ] GC(1079)   Pre Evacuate Collection Set: 0.27ms
[513.599s][info][gc,phases   ] GC(1079)   Merge Heap Roots: 0.19ms
[513.599s][info][gc,phases   ] GC(1079)   Evacuate Collection Set: 29.48ms
[513.599s][info][gc,phases   ] GC(1079)   Post Evacuate Collection Set: 0.50ms
[513.599s][info][gc,phases   ] GC(1079)   Other: 0.07ms
[513.599s][info][gc,heap     ] GC(1079) Eden regions: 108->0(123)
[513.599s][info][gc,heap     ] GC(1079) Survivor regions: 14->16(16)
[513.599s][info][gc,heap     ] GC(1079) Old regions: 224->200
[513.599s][info][gc,heap     ] GC(1079) Humongous regions: 4->4
[513.599s][info][gc,metaspace] GC(1079) Metaspace: 43092K(43456K)->43092K(43456K) NonClass: 38737K(38976K)->38737K(38976K) Class: 4355K(4480K)->4355K(4480K)
[513.599s][info][gc          ] GC(1079) Pause Young (Mixed) (G1 Evacuation Pause) 349M->220M(471M) 30.717ms
[513.599s][info][gc,cpu      ] GC(1079) User=0.06s Sys=0.00s Real=0.03s
[514.056s][info][gc,start    ] GC(1080) Pause Young (Mixed) (G1 Evacuation Pause)
[514.056s][info][gc,task     ] GC(1080) Using 2 workers of 2 for evacuation
[514.121s][info][gc,phases   ] GC(1080)   Pre Evacuate Collection Set: 0.24ms
[514.121s][info][gc,phases   ] GC(1080)   Merge Heap Roots: 0.35ms
[514.121s][info][gc,phases   ] GC(1080)   Evacuate Collection Set: 63.57ms
[514.121s][info][gc,phases   ] GC(1080)   Post Evacuate Collection Set: 0.69ms
[514.121s][info][gc,phases   ] GC(1080)   Other: 0.10ms
[514.121s][info][gc,heap     ] GC(1080) Eden regions: 123->0(106)
[514.121s][info][gc,heap     ] GC(1080) Survivor regions: 16->18(18)
[514.121s][info][gc,heap     ] GC(1080) Old regions: 200->216
[514.121s][info][gc,heap     ] GC(1080) Humongous regions: 5->5
[514.121s][info][gc,metaspace] GC(1080) Metaspace: 43092K(43456K)->43092K(43456K) NonClass: 38737K(38976K)->38737K(38976K) Class: 4355K(4480K)->4355K(4480K)
[514.121s][info][gc          ] GC(1080) Pause Young (Mixed) (G1 Evacuation Pause) 344M->239M(471M) 65.158ms
[514.121s][info][gc,cpu      ] GC(1080) User=0.13s Sys=0.00s Real=0.06s
[514.518s][info][gc,start    ] GC(1081) Pause Young (Mixed) (G1 Evacuation Pause)
[514.518s][info][gc,task     ] GC(1081) Using 2 workers of 2 for evacuation
[514.579s][info][gc,phases   ] GC(1081)   Pre Evacuate Collection Set: 0.32ms
[514.579s][info][gc,phases   ] GC(1081)   Merge Heap Roots: 0.38ms
[514.579s][info][gc,phases   ] GC(1081)   Evacuate Collection Set: 58.45ms
[514.579s][info][gc,phases   ] GC(1081)   Post Evacuate Collection Set: 0.93ms
[514.579s][info][gc,phases   ] GC(1081)   Other: 0.09ms
[514.579s][info][gc,heap     ] GC(1081) Eden regions: 106->0(106)
[514.579s][info][gc,heap     ] GC(1081) Survivor regions: 18->16(16)
[514.579s][info][gc,heap     ] GC(1081) Old regions: 216->269
[514.579s][info][gc,heap     ] GC(1081) Humongous regions: 6->6
[514.579s][info][gc,metaspace] GC(1081) Metaspace: 43092K(43456K)->43092K(43456K) NonClass: 38737K(38976K)->38737K(38976K) Class: 4355K(4480K)->4355K(4480K)
[514.579s][info][gc          ] GC(1081) Pause Young (Mixed) (G1 Evacuation Pause) 346M->290M(530M) 60.389ms
[514.579s][info][gc,cpu      ] GC(1081) User=0.12s Sys=0.00s Real=0.06s
[514.943s][info][gc,start    ] GC(1082) Pause Young (Concurrent Start) (G1 Humongous Allocation)
[514.943s][info][gc,task     ] GC(1082) Using 2 workers of 2 for evacuation
[515.001s][info][gc,phases   ] GC(1082)   Pre Evacuate Collection Set: 0.27ms
[515.001s][info][gc,phases   ] GC(1082)   Merge Heap Roots: 0.23ms
[515.001s][info][gc,phases   ] GC(1082)   Evacuate Collection Set: 56.51ms
[515.001s][info][gc,phases   ] GC(1082)   Post Evacuate Collection Set: 0.45ms
[515.001s][info][gc,phases   ] GC(1082)   Other: 0.09ms
[515.001s][info][gc,heap     ] GC(1082) Eden regions: 91->0(72)
[515.001s][info][gc,heap     ] GC(1082) Survivor regions: 16->16(16)
[515.001s][info][gc,heap     ] GC(1082) Old regions: 269->332
[515.001s][info][gc,heap     ] GC(1082) Humongous regions: 6->6
[515.001s][info][gc,metaspace] GC(1082) Metaspace: 43092K(43456K)->43092K(43456K) NonClass: 38737K(38976K)->38737K(38976K) Class: 4355K(4480K)->4355K(4480K)
[515.001s][info][gc          ] GC(1082) Pause Young (Concurrent Start) (G1 Humongous Allocation) 381M->353M(530M) 57.824ms
[515.001s][info][gc,cpu      ] GC(1082) User=0.11s Sys=0.00s Real=0.06s
[515.001s][info][gc          ] GC(1083) Concurrent Mark Cycle
[515.001s][info][gc,marking  ] GC(1083) Concurrent Scan Root Regions
[515.032s][info][gc,marking  ] GC(1083) Concurrent Scan Root Regions 30.267ms
[515.032s][info][gc,marking  ] GC(1083) Concurrent Mark
[515.032s][info][gc,marking  ] GC(1083) Concurrent Mark From Roots
[515.032s][info][gc,task     ] GC(1083) Using 1 workers of 1 for marking
[515.137s][info][gc,marking  ] GC(1083) Concurrent Mark From Roots 105.157ms
[515.137s][info][gc,marking  ] GC(1083) Concurrent Preclean
[515.137s][info][gc,marking  ] GC(1083) Concurrent Preclean 0.041ms
[515.137s][info][gc,start    ] GC(1083) Pause Remark
[515.154s][info][gc          ] GC(1083) Pause Remark 383M->271M(530M) 17.005ms
[515.154s][info][gc,cpu      ] GC(1083) User=0.03s Sys=0.00s Real=0.02s
[515.154s][info][gc,marking  ] GC(1083) Concurrent Mark 122.518ms
[515.154s][info][gc,marking  ] GC(1083) Concurrent Rebuild Remembered Sets and Scrub Regions
[515.238s][info][gc,marking  ] GC(1083) Concurrent Rebuild Remembered Sets and Scrub Regions 84.051ms
[515.238s][info][gc,start    ] GC(1083) Pause Cleanup
[515.238s][info][gc          ] GC(1083) Pause Cleanup 289M->289M(530M) 0.085ms
[515.238s][info][gc,cpu      ] GC(1083) User=0.00s Sys=0.00s Real=0.00s
[515.238s][info][gc,marking  ] GC(1083) Concurrent Clear Claimed Marks
[515.238s][info][gc,marking  ] GC(1083) Concurrent Clear Claimed Marks 0.040ms
[515.238s][info][gc,marking  ] GC(1083) Concurrent Cleanup for Next Mark
[515.241s][info][gc,marking  ] GC(1083) Concurrent Cleanup for Next Mark 2.141ms
[515.241s][info][gc          ] GC(1083) Concurrent Mark Cycle 239.401ms
[515.325s][info][gc,start    ] GC(1084) Pause Young (Prepare Mixed) (G1 Evacuation Pause)
[515.325s][info][gc,task     ] GC(1084) Using 2 workers of 2 for evacuation
[515.370s][info][gc,phases   ] GC(1084)   Pre Evacuate Collection Set: 0.23ms
[515.370s][info][gc,phases   ] GC(1084)   Merge Heap Roots: 0.47ms
[515.370s][info][gc,phases   ] GC(1084)   Evacuate Collection Set: 44.09ms
[515.370s][info][gc,phases   ] GC(1084)   Post Evacuate Collection Set: 0.42ms
[515.370s][info][gc,phases   ] GC(1084)   Other: 0.09ms
[515.370s][info][gc,heap     ] GC(1084) Eden regions: 72->0(104)
[515.370s][info][gc,heap     ] GC(1084) Survivor regions: 16->11(11)
[515.370s][info][gc,heap     ] GC(1084) Old regions: 222->264
[515.370s][info][gc,heap     ] GC(1084) Humongous regions: 5->5
[515.370s][info][gc,metaspace] GC(1084) Metaspace: 43092K(43456K)->43092K(43456K) NonClass: 38737K(38976K)->38737K(38976K) Class: 4355K(4480K)->4355K(4480K)
[515.370s][info][gc          ] GC(1084) Pause Young (Prepare Mixed) (G1 Evacuation Pause) 314M->280M(530M) 45.526ms
[515.370s][info][gc,cpu      ] GC(1084) User=0.09s Sys=0.00s Real=0.04s
[515.744s][info][gc,start    ] GC(1085) Pause Young (Mixed) (G1 Evacuation Pause)
[515.744s][info][gc,task     ] GC(1085) Using 2 workers of 2 for evacuation
[515.769s][info][gc,phases   ] GC(1085)   Pre Evacuate Collection Set: 0.26ms
[515.769s][info][gc,phases   ] GC(1085)   Merge Heap Roots: 0.32ms
[515.769s][info][gc,phases   ] GC(1085)   Evacuate Collection Set: 24.52ms
[515.769s][info][gc,phases   ] GC(1085)   Post Evacuate Collection Set: 0.53ms
[515.769s][info][gc,phases   ] GC(1085)   Other: 0.08ms
[515.770s][info][gc,heap     ] GC(1085) Eden regions: 104->0(129)
[515.770s][info][gc,heap     ] GC(1085) Survivor regions: 11->14(15)
[515.770s][info][gc,heap     ] GC(1085) Old regions: 264->224
[515.770s][info][gc,heap     ] GC(1085) Humongous regions: 6->5
[515.770s][info][gc,metaspace] GC(1085) Metaspace: 43092K(43456K)->43092K(43456K) NonClass: 38737K(38976K)->38737K(38976K) Class: 4355K(4480K)->4355K(4480K)
[515.770s][info][gc          ] GC(1085) Pause Young (Mixed) (G1 Evacuation Pause) 385M->242M(530M) 25.929ms
[515.770s][info][gc,cpu      ] GC(1085) User=0.05s Sys=0.00s Real=0.02s
[516.211s][info][gc,start    ] GC(1086) Pause Young (Mixed) (G1 Evacuation Pause)
[516.211s][info][gc,task     ] GC(1086) Using 2 workers of 2 for evacuation
[516.229s][info][gc,phases   ] GC(1086)   Pre Evacuate Collection Set: 0.23ms
[516.229s][info][gc,phases   ] GC(1086)   Merge Heap Roots: 0.29ms
[516.229s][info][gc,phases   ] GC(1086)   Evacuate Collection Set: 16.36ms
[516.229s][info][gc,phases   ] GC(1086)   Post Evacuate Collection Set: 0.50ms
[516.229s][info][gc,phases   ] GC(1086)   Other: 0.07ms
[516.229s][info][gc,heap     ] GC(1086) Eden regions: 129->0(142)
[516.229s][info][gc,heap     ] GC(1086) Survivor regions: 14->6(18)
[516.229s][info][gc,heap     ] GC(1086) Old regions: 224->229
[516.229s][info][gc,heap     ] GC(1086) Humongous regions: 5->5
[516.229s][info][gc,metaspace] GC(1086) Metaspace: 43092K(43456K)->43092K(43456K) NonClass: 38737K(38976K)->38737K(38976K) Class: 4355K(4480K)->4355K(4480K)
[516.229s][info][gc          ] GC(1086) Pause Young (Mixed) (G1 Evacuation Pause) 371M->239M(530M) 17.628ms
[516.229s][info][gc,cpu      ] GC(1086) User=0.03s Sys=0.00s Real=0.01s
[516.513s][info][gc,start    ] GC(1087) Pause Young (Concurrent Start) (G1 Humongous Allocation)
[516.513s][info][gc,task     ] GC(1087) Using 2 workers of 2 for evacuation
[516.534s][info][gc,phases   ] GC(1087)   Pre Evacuate Collection Set: 0.28ms
[516.534s][info][gc,phases   ] GC(1087)   Merge Heap Roots: 0.06ms
[516.534s][info][gc,phases   ] GC(1087)   Evacuate Collection Set: 20.56ms
[516.534s][info][gc,phases   ] GC(1087)   Post Evacuate Collection Set: 0.40ms
[516.534s][info][gc,phases   ] GC(1087)   Other: 0.09ms
[516.534s][info][gc,heap     ] GC(1087) Eden regions: 78->0(133)
[516.534s][info][gc,heap     ] GC(1087) Survivor regions: 6->19(19)
[516.534s][info][gc,heap     ] GC(1087) Old regions: 229->243
[516.534s][info][gc,heap     ] GC(1087) Humongous regions: 5->5
[516.534s][info][gc,metaspace] GC(1087) Metaspace: 43092K(43456K)->43092K(43456K) NonClass: 38737K(38976K)->38737K(38976K) Class: 4355K(4480K)->4355K(4480K)
[516.534s][info][gc          ] GC(1087) Pause Young (Concurrent Start) (G1 Humongous Allocation) 317M->267M(530M) 21.597ms
[516.534s][info][gc          ] GC(1088) Concurrent Mark Cycle
[516.534s][info][gc,marking  ] GC(1088) Concurrent Scan Root Regions
[516.535s][info][gc,cpu      ] GC(1087) User=0.04s Sys=0.00s Real=0.02s
[516.549s][info][gc,marking  ] GC(1088) Concurrent Scan Root Regions 14.619ms
[516.549s][info][gc,marking  ] GC(1088) Concurrent Mark
[516.549s][info][gc,marking  ] GC(1088) Concurrent Mark From Roots
[516.549s][info][gc,task     ] GC(1088) Using 1 workers of 1 for marking
[516.622s][info][gc,marking  ] GC(1088) Concurrent Mark From Roots 72.665ms
[516.622s][info][gc,marking  ] GC(1088) Concurrent Preclean
[516.622s][info][gc,marking  ] GC(1088) Concurrent Preclean 0.044ms
[516.622s][info][gc,start    ] GC(1088) Pause Remark
[516.639s][info][gc          ] GC(1088) Pause Remark 284M->173M(524M) 16.899ms
[516.639s][info][gc,cpu      ] GC(1088) User=0.03s Sys=0.00s Real=0.01s
[516.639s][info][gc,marking  ] GC(1088) Concurrent Mark 89.918ms
[516.639s][info][gc,marking  ] GC(1088) Concurrent Rebuild Remembered Sets and Scrub Regions
[516.679s][info][gc,marking  ] GC(1088) Concurrent Rebuild Remembered Sets and Scrub Regions 39.918ms
[516.679s][info][gc,start    ] GC(1088) Pause Cleanup
[516.679s][info][gc          ] GC(1088) Pause Cleanup 183M->183M(524M) 0.077ms
[516.679s][info][gc,cpu      ] GC(1088) User=0.00s Sys=0.00s Real=0.00s
[516.679s][info][gc,marking  ] GC(1088) Concurrent Clear Claimed Marks
[516.679s][info][gc,marking  ] GC(1088) Concurrent Clear Claimed Marks 0.041ms
[516.679s][info][gc,marking  ] GC(1088) Concurrent Cleanup for Next Mark
[516.681s][info][gc,marking  ] GC(1088) Concurrent Cleanup for Next Mark 1.542ms
[516.681s][info][gc          ] GC(1088) Concurrent Mark Cycle 146.405ms
[517.055s][info][gc,start    ] GC(1089) Pause Young (Prepare Mixed) (G1 Evacuation Pause)
[517.055s][info][gc,task     ] GC(1089) Using 2 workers of 2 for evacuation
[517.088s][info][gc,phases   ] GC(1089)   Pre Evacuate Collection Set: 0.25ms
[517.088s][info][gc,phases   ] GC(1089)   Merge Heap Roots: 0.26ms
[517.088s][info][gc,phases   ] GC(1089)   Evacuate Collection Set: 32.46ms
[517.088s][info][gc,phases   ] GC(1089)   Post Evacuate Collection Set: 0.50ms
[517.088s][info][gc,phases   ] GC(1089)   Other: 0.08ms
[517.088s][info][gc,heap     ] GC(1089) Eden regions: 133->0(175)
[517.088s][info][gc,heap     ] GC(1089) Survivor regions: 19->19(19)
[517.088s][info][gc,heap     ] GC(1089) Old regions: 134->156
[517.088s][info][gc,heap     ] GC(1089) Humongous regions: 4->3
[517.088s][info][gc,metaspace] GC(1089) Metaspace: 43092K(43456K)->43092K(43456K) NonClass: 38737K(38976K)->38737K(38976K) Class: 4355K(4480K)->4355K(4480K)
[517.088s][info][gc          ] GC(1089) Pause Young (Prepare Mixed) (G1 Evacuation Pause) 290M->178M(524M) 33.751ms
[517.088s][info][gc,cpu      ] GC(1089) User=0.06s Sys=0.00s Real=0.03s
[517.698s][info][gc,start    ] GC(1090) Pause Young (Mixed) (G1 Evacuation Pause)
[517.699s][info][gc,task     ] GC(1090) Using 2 workers of 2 for evacuation
[517.738s][info][gc,phases   ] GC(1090)   Pre Evacuate Collection Set: 0.26ms
[517.738s][info][gc,phases   ] GC(1090)   Merge Heap Roots: 0.28ms
[517.738s][info][gc,phases   ] GC(1090)   Evacuate Collection Set: 37.91ms
[517.738s][info][gc,phases   ] GC(1090)   Post Evacuate Collection Set: 0.53ms
[517.738s][info][gc,phases   ] GC(1090)   Other: 0.08ms
[517.738s][info][gc,heap     ] GC(1090) Eden regions: 175->0(194)
[517.738s][info][gc,heap     ] GC(1090) Survivor regions: 19->25(25)
[517.738s][info][gc,heap     ] GC(1090) Old regions: 156->129
[517.738s][info][gc,heap     ] GC(1090) Humongous regions: 6->5
[517.738s][info][gc,metaspace] GC(1090) Metaspace: 43092K(43456K)->43092K(43456K) NonClass: 38737K(38976K)->38737K(38976K) Class: 4355K(4480K)->4355K(4480K)
[517.738s][info][gc          ] GC(1090) Pause Young (Mixed) (G1 Evacuation Pause) 356M->158M(524M) 39.270ms
[517.738s][info][gc,cpu      ] GC(1090) User=0.08s Sys=0.00s Real=0.04s
[518.096s][info][gc,start    ] GC(1091) Pause Young (Concurrent Start) (G1 Humongous Allocation)
[518.096s][info][gc,task     ] GC(1091) Using 2 workers of 2 for evacuation
[518.136s][info][gc,phases   ] GC(1091)   Pre Evacuate Collection Set: 0.29ms
[518.136s][info][gc,phases   ] GC(1091)   Merge Heap Roots: 0.12ms
[518.136s][info][gc,phases   ] GC(1091)   Evacuate Collection Set: 39.39ms
[518.136s][info][gc,phases   ] GC(1091)   Post Evacuate Collection Set: 0.48ms
[518.136s][info][gc,phases   ] GC(1091)   Other: 0.11ms
[518.136s][info][gc,heap     ] GC(1091) Eden regions: 105->0(166)
[518.136s][info][gc,heap     ] GC(1091) Survivor regions: 25->28(28)
[518.137s][info][gc,heap     ] GC(1091) Old regions: 129->164
[518.137s][info][gc,heap     ] GC(1091) Humongous regions: 5->5
[518.137s][info][gc,metaspace] GC(1091) Metaspace: 43092K(43456K)->43092K(43456K) NonClass: 38737K(38976K)->38737K(38976K) Class: 4355K(4480K)->4355K(4480K)
[518.137s][info][gc          ] GC(1091) Pause Young (Concurrent Start) (G1 Humongous Allocation) 263M->196M(524M) 40.611ms
[518.137s][info][gc,cpu      ] GC(1091) User=0.08s Sys=0.00s Real=0.04s
[518.137s][info][gc          ] GC(1092) Concurrent Mark Cycle
[518.137s][info][gc,marking  ] GC(1092) Concurrent Scan Root Regions
[518.162s][info][gc,marking  ] GC(1092) Concurrent Scan Root Regions 24.915ms
[518.162s][info][gc,marking  ] GC(1092) Concurrent Mark
[518.162s][info][gc,marking  ] GC(1092) Concurrent Mark From Roots
[518.162s][info][gc,task     ] GC(1092) Using 1 workers of 1 for marking
[518.255s][info][gc,marking  ] GC(1092) Concurrent Mark From Roots 93.771ms
[518.255s][info][gc,marking  ] GC(1092) Concurrent Preclean
[518.255s][info][gc,marking  ] GC(1092) Concurrent Preclean 0.046ms
[518.256s][info][gc,start    ] GC(1092) Pause Remark
[518.273s][info][gc          ] GC(1092) Pause Remark 225M->211M(524M) 17.375ms
[518.273s][info][gc,cpu      ] GC(1092) User=0.03s Sys=0.00s Real=0.02s
[518.273s][info][gc,marking  ] GC(1092) Concurrent Mark 111.586ms
[518.273s][info][gc,marking  ] GC(1092) Concurrent Rebuild Remembered Sets and Scrub Regions
[518.333s][info][gc,marking  ] GC(1092) Concurrent Rebuild Remembered Sets and Scrub Regions 59.509ms
[518.333s][info][gc,start    ] GC(1092) Pause Cleanup
[518.333s][info][gc          ] GC(1092) Pause Cleanup 227M->227M(524M) 0.070ms
[518.333s][info][gc,cpu      ] GC(1092) User=0.00s Sys=0.00s Real=0.00s
[518.333s][info][gc,marking  ] GC(1092) Concurrent Clear Claimed Marks
[518.333s][info][gc,marking  ] GC(1092) Concurrent Clear Claimed Marks 0.041ms
[518.333s][info][gc,marking  ] GC(1092) Concurrent Cleanup for Next Mark
[518.335s][info][gc,marking  ] GC(1092) Concurrent Cleanup for Next Mark 1.548ms
[518.335s][info][gc          ] GC(1092) Concurrent Mark Cycle 197.998ms
[518.766s][info][gc,start    ] GC(1093) Pause Young (Prepare Mixed) (G1 Evacuation Pause)
[518.767s][info][gc,task     ] GC(1093) Using 2 workers of 2 for evacuation
[518.810s][info][gc,phases   ] GC(1093)   Pre Evacuate Collection Set: 0.24ms
[518.810s][info][gc,phases   ] GC(1093)   Merge Heap Roots: 0.19ms
[518.810s][info][gc,phases   ] GC(1093)   Evacuate Collection Set: 42.07ms
[518.810s][info][gc,phases   ] GC(1093)   Post Evacuate Collection Set: 0.51ms
[518.810s][info][gc,phases   ] GC(1093)   Other: 0.08ms
[518.810s][info][gc,heap     ] GC(1093) Eden regions: 166->0(161)
[518.810s][info][gc,heap     ] GC(1093) Survivor regions: 28->25(25)
[518.810s][info][gc,heap     ] GC(1093) Old regions: 150->185
[518.810s][info][gc,heap     ] GC(1093) Humongous regions: 7->6
[518.810s][info][gc,metaspace] GC(1093) Metaspace: 43092K(43456K)->43092K(43456K) NonClass: 38737K(38976K)->38737K(38976K) Class: 4355K(4480K)->4355K(4480K)
[518.810s][info][gc          ] GC(1093) Pause Young (Prepare Mixed) (G1 Evacuation Pause) 350M->216M(524M) 43.327ms
[518.810s][info][gc,cpu      ] GC(1093) User=0.09s Sys=0.00s Real=0.04s
[519.381s][info][gc,start    ] GC(1094) Pause Young (Mixed) (G1 Evacuation Pause)
[519.381s][info][gc,task     ] GC(1094) Using 2 workers of 2 for evacuation
[519.440s][info][gc,phases   ] GC(1094)   Pre Evacuate Collection Set: 0.26ms
[519.440s][info][gc,phases   ] GC(1094)   Merge Heap Roots: 0.31ms
[519.440s][info][gc,phases   ] GC(1094)   Evacuate Collection Set: 56.59ms
[519.440s][info][gc,phases   ] GC(1094)   Post Evacuate Collection Set: 1.30ms
[519.440s][info][gc,phases   ] GC(1094)   Other: 0.10ms
[519.440s][info][gc,heap     ] GC(1094) Eden regions: 161->0(194)
[519.440s][info][gc,heap     ] GC(1094) Survivor regions: 25->24(24)
[519.440s][info][gc,heap     ] GC(1094) Old regions: 185->198
[519.440s][info][gc,heap     ] GC(1094) Humongous regions: 8->8
[519.440s][info][gc,metaspace] GC(1094) Metaspace: 43092K(43456K)->43092K(43456K) NonClass: 38737K(38976K)->38737K(38976K) Class: 4355K(4480K)->4355K(4480K)
[519.440s][info][gc          ] GC(1094) Pause Young (Mixed) (G1 Evacuation Pause) 379M->230M(615M) 58.802ms
[519.440s][info][gc,cpu      ] GC(1094) User=0.12s Sys=0.00s Real=0.05s
[520.129s][info][gc,start    ] GC(1095) Pause Young (Normal) (G1 Evacuation Pause)
[520.129s][info][gc,task     ] GC(1095) Using 2 workers of 2 for evacuation
[520.162s][info][gc,phases   ] GC(1095)   Pre Evacuate Collection Set: 0.25ms
[520.162s][info][gc,phases   ] GC(1095)   Merge Heap Roots: 0.30ms
[520.162s][info][gc,phases   ] GC(1095)   Evacuate Collection Set: 32.40ms
[520.162s][info][gc,phases   ] GC(1095)   Post Evacuate Collection Set: 0.68ms
[520.162s][info][gc,phases   ] GC(1095)   Other: 0.08ms
[520.162s][info][gc,heap     ] GC(1095) Eden regions: 194->0(201)
[520.162s][info][gc,heap     ] GC(1095) Survivor regions: 24->19(28)
[520.162s][info][gc,heap     ] GC(1095) Old regions: 198->219
[520.162s][info][gc,heap     ] GC(1095) Humongous regions: 10->8
[520.162s][info][gc,metaspace] GC(1095) Metaspace: 43092K(43456K)->43092K(43456K) NonClass: 38737K(38976K)->38737K(38976K) Class: 4355K(4480K)->4355K(4480K)
[520.163s][info][gc          ] GC(1095) Pause Young (Normal) (G1 Evacuation Pause) 426M->246M(615M) 33.947ms
[520.163s][info][gc,cpu      ] GC(1095) User=0.07s Sys=0.00s Real=0.04s
[520.672s][info][gc,start    ] GC(1096) Pause Young (Concurrent Start) (G1 Humongous Allocation)
[520.672s][info][gc,task     ] GC(1096) Using 2 workers of 2 for evacuation
[520.684s][info][gc,phases   ] GC(1096)   Pre Evacuate Collection Set: 0.27ms
[520.684s][info][gc,phases   ] GC(1096)   Merge Heap Roots: 0.07ms
[520.684s][info][gc,phases   ] GC(1096)   Evacuate Collection Set: 10.67ms
[520.684s][info][gc,phases   ] GC(1096)   Post Evacuate Collection Set: 0.45ms
[520.684s][info][gc,phases   ] GC(1096)   Other: 0.16ms
[520.684s][info][gc,heap     ] GC(1096) Eden regions: 157->0(219)
[520.684s][info][gc,heap     ] GC(1096) Survivor regions: 19->1(28)
[520.684s][info][gc,heap     ] GC(1096) Old regions: 219->238
[520.684s][info][gc,heap     ] GC(1096) Humongous regions: 8->8
[520.684s][info][gc,metaspace] GC(1096) Metaspace: 43092K(43456K)->43092K(43456K) NonClass: 38737K(38976K)->38737K(38976K) Class: 4355K(4480K)->4355K(4480K)
[520.684s][info][gc          ] GC(1096) Pause Young (Concurrent Start) (G1 Humongous Allocation) 402M->246M(615M) 11.835ms
[520.684s][info][gc,cpu      ] GC(1096) User=0.03s Sys=0.00s Real=0.01s
[520.684s][info][gc          ] GC(1097) Concurrent Mark Cycle
[520.684s][info][gc,marking  ] GC(1097) Concurrent Scan Root Regions
[520.692s][info][gc,marking  ] GC(1097) Concurrent Scan Root Regions 7.828ms
[520.692s][info][gc,marking  ] GC(1097) Concurrent Mark
[520.692s][info][gc,marking  ] GC(1097) Concurrent Mark From Roots
[520.692s][info][gc,task     ] GC(1097) Using 1 workers of 1 for marking
[520.767s][info][gc,marking  ] GC(1097) Concurrent Mark From Roots 75.534ms
[520.767s][info][gc,marking  ] GC(1097) Concurrent Preclean
[520.768s][info][gc,marking  ] GC(1097) Concurrent Preclean 0.039ms
[520.768s][info][gc,start    ] GC(1097) Pause Remark
[520.785s][info][gc          ] GC(1097) Pause Remark 271M->144M(404M) 17.489ms
[520.785s][info][gc,cpu      ] GC(1097) User=0.03s Sys=0.00s Real=0.02s
[520.785s][info][gc,marking  ] GC(1097) Concurrent Mark 93.365ms
[520.785s][info][gc,marking  ] GC(1097) Concurrent Rebuild Remembered Sets and Scrub Regions
[520.823s][info][gc,marking  ] GC(1097) Concurrent Rebuild Remembered Sets and Scrub Regions 37.843ms
[520.823s][info][gc,start    ] GC(1097) Pause Cleanup
[520.823s][info][gc          ] GC(1097) Pause Cleanup 156M->156M(404M) 0.060ms
[520.823s][info][gc,cpu      ] GC(1097) User=0.00s Sys=0.00s Real=0.00s
[520.823s][info][gc,marking  ] GC(1097) Concurrent Clear Claimed Marks
[520.823s][info][gc,marking  ] GC(1097) Concurrent Clear Claimed Marks 0.043ms
[520.823s][info][gc,marking  ] GC(1097) Concurrent Cleanup for Next Mark
[520.825s][info][gc,marking  ] GC(1097) Concurrent Cleanup for Next Mark 1.294ms
[520.825s][info][gc          ] GC(1097) Concurrent Mark Cycle 140.797ms
[521.336s][info][gc,start    ] GC(1098) Pause Young (Prepare Mixed) (G1 Evacuation Pause)
[521.336s][info][gc,task     ] GC(1098) Using 2 workers of 2 for evacuation
[521.341s][info][gc,phases   ] GC(1098)   Pre Evacuate Collection Set: 0.21ms
[521.341s][info][gc,phases   ] GC(1098)   Merge Heap Roots: 0.08ms
[521.341s][info][gc,phases   ] GC(1098)   Evacuate Collection Set: 3.87ms
[521.341s][info][gc,phases   ] GC(1098)   Post Evacuate Collection Set: 0.46ms
[521.341s][info][gc,phases   ] GC(1098)   Other: 0.10ms
[521.341s][info][gc,heap     ] GC(1098) Eden regions: 219->0(185)
[521.341s][info][gc,heap     ] GC(1098) Survivor regions: 1->5(28)
[521.341s][info][gc,heap     ] GC(1098) Old regions: 116->116
[521.341s][info][gc,heap     ] GC(1098) Humongous regions: 4->1
[521.341s][info][gc,metaspace] GC(1098) Metaspace: 43092K(43456K)->43092K(43456K) NonClass: 38737K(38976K)->38737K(38976K) Class: 4355K(4480K)->4355K(4480K)
[521.341s][info][gc          ] GC(1098) Pause Young (Prepare Mixed) (G1 Evacuation Pause) 339M->121M(404M) 4.908ms
[521.341s][info][gc,cpu      ] GC(1098) User=0.01s Sys=0.00s Real=0.00s
[521.691s][info][gc,start    ] GC(1099) Pause Young (Mixed) (G1 Evacuation Pause)
[521.691s][info][gc,task     ] GC(1099) Using 2 workers of 2 for evacuation
[521.697s][info][gc,phases   ] GC(1099)   Pre Evacuate Collection Set: 0.21ms
[521.697s][info][gc,phases   ] GC(1099)   Merge Heap Roots: 0.10ms
[521.697s][info][gc,phases   ] GC(1099)   Evacuate Collection Set: 4.72ms
[521.697s][info][gc,phases   ] GC(1099)   Post Evacuate Collection Set: 0.54ms
[521.697s][info][gc,phases   ] GC(1099)   Other: 0.07ms
[521.697s][info][gc,heap     ] GC(1099) Eden regions: 185->0(210)
[521.697s][info][gc,heap     ] GC(1099) Survivor regions: 5->5(24)
[521.697s][info][gc,heap     ] GC(1099) Old regions: 116->92
[521.697s][info][gc,heap     ] GC(1099) Humongous regions: 1->1
[521.697s][info][gc,metaspace] GC(1099) Metaspace: 43092K(43456K)->43092K(43456K) NonClass: 38737K(38976K)->38737K(38976K) Class: 4355K(4480K)->4355K(4480K)
[521.697s][info][gc          ] GC(1099) Pause Young (Mixed) (G1 Evacuation Pause) 306M->97M(404M) 5.840ms
[521.697s][info][gc,cpu      ] GC(1099) User=0.01s Sys=0.00s Real=0.01s
[521.986s][info][gc,start    ] GC(1100) Pause Young (Concurrent Start) (G1 Humongous Allocation)
[521.986s][info][gc,task     ] GC(1100) Using 2 workers of 2 for evacuation
[521.989s][info][gc,phases   ] GC(1100)   Pre Evacuate Collection Set: 0.25ms
[521.989s][info][gc,phases   ] GC(1100)   Merge Heap Roots: 0.08ms
[521.989s][info][gc,phases   ] GC(1100)   Evacuate Collection Set: 2.60ms
[521.989s][info][gc,phases   ] GC(1100)   Post Evacuate Collection Set: 0.43ms
[521.989s][info][gc,phases   ] GC(1100)   Other: 0.09ms
[521.989s][info][gc,heap     ] GC(1100) Eden regions: 152->0(223)
[521.989s][info][gc,heap     ] GC(1100) Survivor regions: 5->4(27)
[521.989s][info][gc,heap     ] GC(1100) Old regions: 92->92
[521.989s][info][gc,heap     ] GC(1100) Humongous regions: 1->1
[521.989s][info][gc,metaspace] GC(1100) Metaspace: 43092K(43456K)->43092K(43456K) NonClass: 38737K(38976K)->38737K(38976K) Class: 4355K(4480K)->4355K(4480K)
[521.989s][info][gc          ] GC(1100) Pause Young (Concurrent Start) (G1 Humongous Allocation) 248M->95M(404M) 3.650ms
[521.989s][info][gc,cpu      ] GC(1100) User=0.01s Sys=0.00s Real=0.00s
[521.990s][info][gc          ] GC(1101) Concurrent Mark Cycle
[521.990s][info][gc,marking  ] GC(1101) Concurrent Scan Root Regions
[521.992s][info][gc,marking  ] GC(1101) Concurrent Scan Root Regions 1.971ms
[521.992s][info][gc,marking  ] GC(1101) Concurrent Mark
[521.992s][info][gc,marking  ] GC(1101) Concurrent Mark From Roots
[521.992s][info][gc,task     ] GC(1101) Using 1 workers of 1 for marking
[522.064s][info][gc,marking  ] GC(1101) Concurrent Mark From Roots 72.179ms
[522.064s][info][gc,marking  ] GC(1101) Concurrent Preclean
[522.064s][info][gc,marking  ] GC(1101) Concurrent Preclean 0.036ms
[522.064s][info][gc,start    ] GC(1101) Pause Remark
[522.081s][info][gc          ] GC(1101) Pause Remark 116M->99M(274M) 17.128ms
[522.081s][info][gc,cpu      ] GC(1101) User=0.03s Sys=0.00s Real=0.01s
[522.083s][info][gc,marking  ] GC(1101) Concurrent Mark 91.636ms
[522.083s][info][gc,marking  ] GC(1101) Concurrent Rebuild Remembered Sets and Scrub Regions
[522.114s][info][gc,marking  ] GC(1101) Concurrent Rebuild Remembered Sets and Scrub Regions 30.528ms
[522.114s][info][gc,start    ] GC(1101) Pause Cleanup
[522.114s][info][gc          ] GC(1101) Pause Cleanup 108M->108M(274M) 0.053ms
[522.114s][info][gc,cpu      ] GC(1101) User=0.00s Sys=0.00s Real=0.00s
[522.114s][info][gc,marking  ] GC(1101) Concurrent Clear Claimed Marks
[522.114s][info][gc,marking  ] GC(1101) Concurrent Clear Claimed Marks 0.039ms
[522.114s][info][gc,marking  ] GC(1101) Concurrent Cleanup for Next Mark
[522.115s][info][gc,marking  ] GC(1101) Concurrent Cleanup for Next Mark 0.790ms
[522.115s][info][gc          ] GC(1101) Concurrent Mark Cycle 125.312ms
[522.572s][info][gc,start    ] GC(1102) Pause Young (Prepare Mixed) (G1 Evacuation Pause)
[522.572s][info][gc,task     ] GC(1102) Using 2 workers of 2 for evacuation
[522.584s][info][gc,phases   ] GC(1102)   Pre Evacuate Collection Set: 0.25ms
[522.584s][info][gc,phases   ] GC(1102)   Merge Heap Roots: 0.07ms
[522.584s][info][gc,phases   ] GC(1102)   Evacuate Collection Set: 10.73ms
[522.584s][info][gc,phases   ] GC(1102)   Post Evacuate Collection Set: 1.04ms
[522.584s][info][gc,phases   ] GC(1102)   Other: 0.08ms
[522.584s][info][gc,heap     ] GC(1102) Eden regions: 78->0(235)
[522.584s][info][gc,heap     ] GC(1102) Survivor regions: 4->9(29)
[522.584s][info][gc,heap     ] GC(1102) Old regions: 75->75
[522.584s][info][gc,heap     ] GC(1102) Humongous regions: 241->3
[522.584s][info][gc,metaspace] GC(1102) Metaspace: 43092K(43456K)->43092K(43456K) NonClass: 38737K(38976K)->38737K(38976K) Class: 4355K(4480K)->4355K(4480K)
[522.584s][info][gc          ] GC(1102) Pause Young (Prepare Mixed) (G1 Evacuation Pause) 396M->86M(407M) 12.384ms
[522.584s][info][gc,cpu      ] GC(1102) User=0.02s Sys=0.00s Real=0.01s
[523.189s][info][gc,start    ] GC(1103) Pause Young (Mixed) (G1 Evacuation Pause)
[523.189s][info][gc,task     ] GC(1103) Using 2 workers of 2 for evacuation
[523.212s][info][gc,phases   ] GC(1103)   Pre Evacuate Collection Set: 0.28ms
[523.212s][info][gc,phases   ] GC(1103)   Merge Heap Roots: 0.14ms
[523.212s][info][gc,phases   ] GC(1103)   Evacuate Collection Set: 21.05ms
[523.212s][info][gc,phases   ] GC(1103)   Post Evacuate Collection Set: 1.12ms
[523.212s][info][gc,phases   ] GC(1103)   Other: 0.07ms
[523.212s][info][gc,heap     ] GC(1103) Eden regions: 60->0(311)
[523.212s][info][gc,heap     ] GC(1103) Survivor regions: 9->12(31)
[523.212s][info][gc,heap     ] GC(1103) Old regions: 75->60
[523.212s][info][gc,heap     ] GC(1103) Humongous regions: 381->3
[523.212s][info][gc,metaspace] GC(1103) Metaspace: 43092K(43456K)->43092K(43456K) NonClass: 38737K(38976K)->38737K(38976K) Class: 4355K(4480K)->4355K(4480K)
[523.212s][info][gc          ] GC(1103) Pause Young (Mixed) (G1 Evacuation Pause) 524M->74M(539M) 22.890ms
[523.212s][info][gc,cpu      ] GC(1103) User=0.03s Sys=0.01s Real=0.03s
[523.294s][info][gc,start    ] GC(1104) Pause Young (Concurrent Start) (G1 Humongous Allocation)
[523.294s][info][gc,task     ] GC(1104) Using 2 workers of 2 for evacuation
[523.305s][info][gc,phases   ] GC(1104)   Pre Evacuate Collection Set: 0.27ms
[523.305s][info][gc,phases   ] GC(1104)   Merge Heap Roots: 0.05ms
[523.305s][info][gc,phases   ] GC(1104)   Evacuate Collection Set: 10.04ms
[523.305s][info][gc,phases   ] GC(1104)   Post Evacuate Collection Set: 0.63ms
[523.305s][info][gc,phases   ] GC(1104)   Other: 0.10ms
[523.305s][info][gc,heap     ] GC(1104) Eden regions: 9->0(311)
[523.305s][info][gc,heap     ] GC(1104) Survivor regions: 12->12(41)
[523.305s][info][gc,heap     ] GC(1104) Old regions: 60->60
[523.305s][info][gc,heap     ] GC(1104) Humongous regions: 63->1
[523.305s][info][gc,metaspace] GC(1104) Metaspace: 43092K(43456K)->43092K(43456K) NonClass: 38737K(38976K)->38737K(38976K) Class: 4355K(4480K)->4355K(4480K)
[523.305s][info][gc          ] GC(1104) Pause Young (Concurrent Start) (G1 Humongous Allocation) 143M->72M(539M) 11.285ms
[523.305s][info][gc,cpu      ] GC(1104) User=0.02s Sys=0.00s Real=0.01s
[523.305s][info][gc          ] GC(1105) Concurrent Undo Cycle
[523.305s][info][gc,marking  ] GC(1105) Concurrent Clear Claimed Marks
[523.305s][info][gc,marking  ] GC(1105) Concurrent Clear Claimed Marks 0.041ms
[523.305s][info][gc,marking  ] GC(1105) Concurrent Cleanup for Next Mark
[523.305s][info][gc,marking  ] GC(1105) Concurrent Cleanup for Next Mark 0.152ms
[523.305s][info][gc          ] GC(1105) Concurrent Undo Cycle 0.235ms
[523.309s][info][gc,start    ] GC(1106) Pause Young (Concurrent Start) (G1 Humongous Allocation)
[523.309s][info][gc,task     ] GC(1106) Using 2 workers of 2 for evacuation
[523.320s][info][gc,phases   ] GC(1106)   Pre Evacuate Collection Set: 0.24ms
[523.320s][info][gc,phases   ] GC(1106)   Merge Heap Roots: 0.05ms
[523.320s][info][gc,phases   ] GC(1106)   Evacuate Collection Set: 10.09ms
[523.320s][info][gc,phases   ] GC(1106)   Post Evacuate Collection Set: 0.57ms
[523.320s][info][gc,phases   ] GC(1106)   Other: 0.07ms
[523.320s][info][gc,heap     ] GC(1106) Eden regions: 1->0(311)
[523.320s][info][gc,heap     ] GC(1106) Survivor regions: 12->12(41)
[523.320s][info][gc,heap     ] GC(1106) Old regions: 60->60
[523.320s][info][gc,heap     ] GC(1106) Humongous regions: 3->1
[523.320s][info][gc,metaspace] GC(1106) Metaspace: 43092K(43456K)->43092K(43456K) NonClass: 38737K(38976K)->38737K(38976K) Class: 4355K(4480K)->4355K(4480K)
[523.320s][info][gc          ] GC(1106) Pause Young (Concurrent Start) (G1 Humongous Allocation) 74M->72M(539M) 11.202ms
[523.320s][info][gc          ] GC(1107) Concurrent Mark Cycle
[523.320s][info][gc,marking  ] GC(1107) Concurrent Scan Root Regions
[523.322s][info][gc,cpu      ] GC(1106) User=0.03s Sys=0.00s Real=0.02s
[523.328s][info][gc,marking  ] GC(1107) Concurrent Scan Root Regions 7.447ms
[523.328s][info][gc,marking  ] GC(1107) Concurrent Mark
[523.328s][info][gc,marking  ] GC(1107) Concurrent Mark From Roots
[523.328s][info][gc,task     ] GC(1107) Using 1 workers of 1 for marking
[523.398s][info][gc,marking  ] GC(1107) Concurrent Mark From Roots 70.124ms
[523.398s][info][gc,marking  ] GC(1107) Concurrent Preclean
[523.398s][info][gc,marking  ] GC(1107) Concurrent Preclean 0.048ms
[523.398s][info][gc,start    ] GC(1107) Pause Remark
[523.415s][info][gc          ] GC(1107) Pause Remark 133M->133M(417M) 17.009ms
[523.415s][info][gc,cpu      ] GC(1107) User=0.03s Sys=0.00s Real=0.02s
[523.415s][info][gc,marking  ] GC(1107) Concurrent Mark 87.514ms
[523.415s][info][gc,marking  ] GC(1107) Concurrent Rebuild Remembered Sets and Scrub Regions
[523.444s][info][gc,marking  ] GC(1107) Concurrent Rebuild Remembered Sets and Scrub Regions 28.390ms
[523.444s][info][gc,start    ] GC(1107) Pause Cleanup
[523.444s][info][gc          ] GC(1107) Pause Cleanup 145M->145M(417M) 0.057ms
[523.444s][info][gc,cpu      ] GC(1107) User=0.00s Sys=0.00s Real=0.00s
[523.444s][info][gc,marking  ] GC(1107) Concurrent Clear Claimed Marks
[523.444s][info][gc,marking  ] GC(1107) Concurrent Clear Claimed Marks 0.042ms
[523.444s][info][gc,marking  ] GC(1107) Concurrent Cleanup for Next Mark
[523.446s][info][gc,marking  ] GC(1107) Concurrent Cleanup for Next Mark 2.614ms
[523.446s][info][gc          ] GC(1107) Concurrent Mark Cycle 126.359ms
[523.999s][info][gc,start    ] GC(1108) Pause Young (Prepare Mixed) (G1 Evacuation Pause)
[523.999s][info][gc,task     ] GC(1108) Using 2 workers of 2 for evacuation
[524.034s][info][gc,phases   ] GC(1108)   Pre Evacuate Collection Set: 0.29ms
[524.034s][info][gc,phases   ] GC(1108)   Merge Heap Roots: 0.07ms
[524.034s][info][gc,phases   ] GC(1108)   Evacuate Collection Set: 33.57ms
[524.034s][info][gc,phases   ] GC(1108)   Post Evacuate Collection Set: 1.17ms
[524.034s][info][gc,phases   ] GC(1108)   Other: 0.08ms
[524.034s][info][gc,heap     ] GC(1108) Eden regions: 74->0(300)
[524.034s][info][gc,heap     ] GC(1108) Survivor regions: 12->25(38)
[524.034s][info][gc,heap     ] GC(1108) Old regions: 60->60
[524.034s][info][gc,heap     ] GC(1108) Humongous regions: 371->1
[524.034s][info][gc,metaspace] GC(1108) Metaspace: 43092K(43456K)->43092K(43456K) NonClass: 38737K(38976K)->38737K(38976K) Class: 4355K(4480K)->4355K(4480K)
[524.034s][info][gc          ] GC(1108) Pause Young (Prepare Mixed) (G1 Evacuation Pause) 516M->84M(542M) 35.388ms
[524.034s][info][gc,cpu      ] GC(1108) User=0.06s Sys=0.01s Real=0.04s
[524.781s][info][gc,start    ] GC(1109) Pause Young (Mixed) (G1 Evacuation Pause)
[524.781s][info][gc,task     ] GC(1109) Using 2 workers of 2 for evacuation
[524.796s][info][gc,phases   ] GC(1109)   Pre Evacuate Collection Set: 0.29ms
[524.796s][info][gc,phases   ] GC(1109)   Merge Heap Roots: 0.09ms
[524.796s][info][gc,phases   ] GC(1109)   Evacuate Collection Set: 12.92ms
[524.796s][info][gc,phases   ] GC(1109)   Post Evacuate Collection Set: 0.80ms
[524.796s][info][gc,phases   ] GC(1109)   Other: 0.07ms
[524.796s][info][gc,heap     ] GC(1109) Eden regions: 134->0(325)
[524.796s][info][gc,heap     ] GC(1109) Survivor regions: 25->6(41)
[524.796s][info][gc,heap     ] GC(1109) Old regions: 60->59
[524.796s][info][gc,heap     ] GC(1109) Humongous regions: 323->1
[524.796s][info][gc,metaspace] GC(1109) Metaspace: 43092K(43456K)->43092K(43456K) NonClass: 38737K(38976K)->38737K(38976K) Class: 4355K(4480K)->4355K(4480K)
[524.796s][info][gc          ] GC(1109) Pause Young (Mixed) (G1 Evacuation Pause) 540M->64M(553M) 14.385ms
[524.796s][info][gc,cpu      ] GC(1109) User=0.02s Sys=0.01s Real=0.01s
[525.046s][info][gc,start    ] GC(1110) Pause Young (Concurrent Start) (G1 Humongous Allocation)
[525.046s][info][gc,task     ] GC(1110) Using 2 workers of 2 for evacuation
[525.051s][info][gc,phases   ] GC(1110)   Pre Evacuate Collection Set: 0.27ms
[525.051s][info][gc,phases   ] GC(1110)   Merge Heap Roots: 0.07ms
[525.051s][info][gc,phases   ] GC(1110)   Evacuate Collection Set: 4.50ms
[525.051s][info][gc,phases   ] GC(1110)   Post Evacuate Collection Set: 0.51ms
[525.051s][info][gc,phases   ] GC(1110)   Other: 0.13ms
[525.051s][info][gc,heap     ] GC(1110) Eden regions: 96->0(324)
[525.051s][info][gc,heap     ] GC(1110) Survivor regions: 6->7(42)
[525.051s][info][gc,heap     ] GC(1110) Old regions: 59->59
[525.051s][info][gc,heap     ] GC(1110) Humongous regions: 11->1
[525.051s][info][gc,metaspace] GC(1110) Metaspace: 43096K(43456K)->43096K(43456K) NonClass: 38741K(38976K)->38741K(38976K) Class: 4355K(4480K)->4355K(4480K)
[525.051s][info][gc          ] GC(1110) Pause Young (Concurrent Start) (G1 Humongous Allocation) 170M->65M(553M) 5.669ms
[525.051s][info][gc          ] GC(1111) Concurrent Undo Cycle
[525.051s][info][gc,marking  ] GC(1111) Concurrent Clear Claimed Marks
[525.051s][info][gc,marking  ] GC(1111) Concurrent Clear Claimed Marks 0.035ms
[525.051s][info][gc,marking  ] GC(1111) Concurrent Cleanup for Next Mark
[525.051s][info][gc,cpu      ] GC(1110) User=0.01s Sys=0.00s Real=0.01s
[525.053s][info][gc,marking  ] GC(1111) Concurrent Cleanup for Next Mark 1.929ms
[525.053s][info][gc          ] GC(1111) Concurrent Undo Cycle 2.008ms
[525.831s][info][gc,start    ] GC(1112) Pause Young (Normal) (G1 Evacuation Pause)
[525.831s][info][gc,task     ] GC(1112) Using 2 workers of 2 for evacuation
[525.837s][info][gc,phases   ] GC(1112)   Pre Evacuate Collection Set: 0.34ms
[525.837s][info][gc,phases   ] GC(1112)   Merge Heap Roots: 0.17ms
[525.837s][info][gc,phases   ] GC(1112)   Evacuate Collection Set: 4.19ms
[525.837s][info][gc,phases   ] GC(1112)   Post Evacuate Collection Set: 0.74ms
[525.837s][info][gc,phases   ] GC(1112)   Other: 0.09ms
[525.837s][info][gc,heap     ] GC(1112) Eden regions: 324->0(324)
[525.837s][info][gc,heap     ] GC(1112) Survivor regions: 7->7(42)
[525.837s][info][gc,heap     ] GC(1112) Old regions: 59->59
[525.837s][info][gc,heap     ] GC(1112) Humongous regions: 3->1
[525.837s][info][gc,metaspace] GC(1112) Metaspace: 43100K(43456K)->43100K(43456K) NonClass: 38745K(38976K)->38745K(38976K) Class: 4355K(4480K)->4355K(4480K)
[525.837s][info][gc          ] GC(1112) Pause Young (Normal) (G1 Evacuation Pause) 391M->64M(553M) 5.771ms
[525.837s][info][gc,cpu      ] GC(1112) User=0.01s Sys=0.00s Real=0.01s
[526.606s][info][gc,start    ] GC(1113) Pause Young (Normal) (G1 Evacuation Pause)
[526.606s][info][gc,task     ] GC(1113) Using 2 workers of 2 for evacuation
[526.614s][info][gc,phases   ] GC(1113)   Pre Evacuate Collection Set: 0.26ms
[526.614s][info][gc,phases   ] GC(1113)   Merge Heap Roots: 0.12ms
[526.614s][info][gc,phases   ] GC(1113)   Evacuate Collection Set: 7.28ms
[526.614s][info][gc,phases   ] GC(1113)   Post Evacuate Collection Set: 0.58ms
[526.614s][info][gc,phases   ] GC(1113)   Other: 0.10ms
[526.614s][info][gc,heap     ] GC(1113) Eden regions: 324->0(321)
[526.614s][info][gc,heap     ] GC(1113) Survivor regions: 7->10(42)
[526.614s][info][gc,heap     ] GC(1113) Old regions: 59->59
[526.614s][info][gc,heap     ] GC(1113) Humongous regions: 1->1
[526.614s][info][gc,metaspace] GC(1113) Metaspace: 43102K(43456K)->43102K(43456K) NonClass: 38747K(38976K)->38747K(38976K) Class: 4355K(4480K)->4355K(4480K)
[526.614s][info][gc          ] GC(1113) Pause Young (Normal) (G1 Evacuation Pause) 388M->68M(553M) 8.590ms
[526.614s][info][gc,cpu      ] GC(1113) User=0.02s Sys=0.00s Real=0.01s
[527.462s][info][gc,start    ] GC(1114) Pause Young (Normal) (G1 Evacuation Pause)
[527.462s][info][gc,task     ] GC(1114) Using 2 workers of 2 for evacuation
[527.470s][info][gc,phases   ] GC(1114)   Pre Evacuate Collection Set: 0.28ms
[527.470s][info][gc,phases   ] GC(1114)   Merge Heap Roots: 0.12ms
[527.470s][info][gc,phases   ] GC(1114)   Evacuate Collection Set: 6.88ms
[527.470s][info][gc,phases   ] GC(1114)   Post Evacuate Collection Set: 0.79ms
[527.470s][info][gc,phases   ] GC(1114)   Other: 0.08ms
[527.470s][info][gc,heap     ] GC(1114) Eden regions: 321->0(319)
[527.470s][info][gc,heap     ] GC(1114) Survivor regions: 10->12(42)
[527.470s][info][gc,heap     ] GC(1114) Old regions: 59->59
[527.470s][info][gc,heap     ] GC(1114) Humongous regions: 1->1
[527.470s][info][gc,metaspace] GC(1114) Metaspace: 43107K(43456K)->43107K(43456K) NonClass: 38752K(38976K)->38752K(38976K) Class: 4355K(4480K)->4355K(4480K)
[527.470s][info][gc          ] GC(1114) Pause Young (Normal) (G1 Evacuation Pause) 389M->70M(553M) 8.378ms
[527.470s][info][gc,cpu      ] GC(1114) User=0.01s Sys=0.00s Real=0.00s
[529.287s][info][gc,start    ] GC(1115) Pause Young (Normal) (G1 Evacuation Pause)
[529.287s][info][gc,task     ] GC(1115) Using 2 workers of 2 for evacuation
[529.300s][info][gc,phases   ] GC(1115)   Pre Evacuate Collection Set: 0.25ms
[529.300s][info][gc,phases   ] GC(1115)   Merge Heap Roots: 0.11ms
[529.300s][info][gc,phases   ] GC(1115)   Evacuate Collection Set: 12.05ms
[529.300s][info][gc,phases   ] GC(1115)   Post Evacuate Collection Set: 0.85ms
[529.300s][info][gc,phases   ] GC(1115)   Other: 0.08ms
[529.300s][info][gc,heap     ] GC(1115) Eden regions: 319->0(318)
[529.300s][info][gc,heap     ] GC(1115) Survivor regions: 12->13(42)
[529.300s][info][gc,heap     ] GC(1115) Old regions: 59->59
[529.300s][info][gc,heap     ] GC(1115) Humongous regions: 13->3
[529.300s][info][gc,metaspace] GC(1115) Metaspace: 43126K(43520K)->43126K(43520K) NonClass: 38771K(39040K)->38771K(39040K) Class: 4355K(4480K)->4355K(4480K)
[529.300s][info][gc          ] GC(1115) Pause Young (Normal) (G1 Evacuation Pause) 401M->73M(553M) 13.512ms
[529.300s][info][gc,cpu      ] GC(1115) User=0.02s Sys=0.00s Real=0.01s
[530.080s][info][gc,start    ] GC(1116) Pause Young (Normal) (G1 Evacuation Pause)
[530.080s][info][gc,task     ] GC(1116) Using 2 workers of 2 for evacuation
[530.135s][info][gc,phases   ] GC(1116)   Pre Evacuate Collection Set: 0.34ms
[530.135s][info][gc,phases   ] GC(1116)   Merge Heap Roots: 0.16ms
[530.135s][info][gc,phases   ] GC(1116)   Evacuate Collection Set: 53.33ms
[530.135s][info][gc,phases   ] GC(1116)   Post Evacuate Collection Set: 0.72ms
[530.135s][info][gc,phases   ] GC(1116)   Other: 0.09ms
[530.135s][info][gc,heap     ] GC(1116) Eden regions: 318->0(289)
[530.135s][info][gc,heap     ] GC(1116) Survivor regions: 13->42(42)
[530.135s][info][gc,heap     ] GC(1116) Old regions: 59->64
[530.135s][info][gc,heap     ] GC(1116) Humongous regions: 6->6
[530.135s][info][gc,metaspace] GC(1116) Metaspace: 43126K(43520K)->43126K(43520K) NonClass: 38771K(39040K)->38771K(39040K) Class: 4355K(4480K)->4355K(4480K)
[530.135s][info][gc          ] GC(1116) Pause Young (Normal) (G1 Evacuation Pause) 394M->111M(553M) 54.836ms
[530.135s][info][gc,cpu      ] GC(1116) User=0.11s Sys=0.00s Real=0.06s
[530.828s][info][gc,start    ] GC(1117) Pause Young (Normal) (G1 Evacuation Pause)
[530.828s][info][gc,task     ] GC(1117) Using 2 workers of 2 for evacuation
[530.919s][info][gc,phases   ] GC(1117)   Pre Evacuate Collection Set: 0.27ms
[530.919s][info][gc,phases   ] GC(1117)   Merge Heap Roots: 0.30ms
[530.919s][info][gc,phases   ] GC(1117)   Evacuate Collection Set: 89.48ms
[530.919s][info][gc,phases   ] GC(1117)   Post Evacuate Collection Set: 0.63ms
[530.919s][info][gc,phases   ] GC(1117)   Other: 0.11ms
[530.919s][info][gc,heap     ] GC(1117) Eden regions: 289->0(300)
[530.919s][info][gc,heap     ] GC(1117) Survivor regions: 42->31(42)
[530.919s][info][gc,heap     ] GC(1117) Old regions: 64->107
[530.919s][info][gc,heap     ] GC(1117) Humongous regions: 10->10
[530.919s][info][gc,metaspace] GC(1117) Metaspace: 43126K(43520K)->43126K(43520K) NonClass: 38771K(39040K)->38771K(39040K) Class: 4355K(4480K)->4355K(4480K)
[530.919s][info][gc          ] GC(1117) Pause Young (Normal) (G1 Evacuation Pause) 404M->146M(553M) 91.013ms
[530.919s][info][gc,cpu      ] GC(1117) User=0.18s Sys=0.00s Real=0.09s
[530.954s][info][gc,start    ] GC(1118) Pause Young (Concurrent Start) (G1 Humongous Allocation)
[530.954s][info][gc,task     ] GC(1118) Using 2 workers of 2 for evacuation
[530.993s][info][gc,phases   ] GC(1118)   Pre Evacuate Collection Set: 0.26ms
[530.993s][info][gc,phases   ] GC(1118)   Merge Heap Roots: 0.10ms
[530.993s][info][gc,phases   ] GC(1118)   Evacuate Collection Set: 38.37ms
[530.993s][info][gc,phases   ] GC(1118)   Post Evacuate Collection Set: 0.36ms
[530.993s][info][gc,phases   ] GC(1118)   Other: 0.11ms
[530.993s][info][gc,heap     ] GC(1118) Eden regions: 21->0(326)
[530.993s][info][gc,heap     ] GC(1118) Survivor regions: 31->5(42)
[530.993s][info][gc,heap     ] GC(1118) Old regions: 107->137
[530.993s][info][gc,heap     ] GC(1118) Humongous regions: 10->10
[530.993s][info][gc,metaspace] GC(1118) Metaspace: 43126K(43520K)->43126K(43520K) NonClass: 38771K(39040K)->38771K(39040K) Class: 4355K(4480K)->4355K(4480K)
[530.993s][info][gc          ] GC(1118) Pause Young (Concurrent Start) (G1 Humongous Allocation) 166M->151M(553M) 39.407ms
[530.993s][info][gc,cpu      ] GC(1118) User=0.08s Sys=0.00s Real=0.04s
[530.993s][info][gc          ] GC(1119) Concurrent Mark Cycle
[530.993s][info][gc,marking  ] GC(1119) Concurrent Scan Root Regions
[531.070s][info][gc,marking  ] GC(1119) Concurrent Scan Root Regions 77.135ms
[531.070s][info][gc,marking  ] GC(1119) Concurrent Mark
[531.070s][info][gc,marking  ] GC(1119) Concurrent Mark From Roots
[531.070s][info][gc,task     ] GC(1119) Using 1 workers of 1 for marking
[531.223s][info][gc,marking  ] GC(1119) Concurrent Mark From Roots 152.636ms
[531.223s][info][gc,marking  ] GC(1119) Concurrent Preclean
[531.223s][info][gc,marking  ] GC(1119) Concurrent Preclean 0.181ms
[531.223s][info][gc,start    ] GC(1119) Pause Remark
[531.241s][info][gc          ] GC(1119) Pause Remark 212M->203M(480M) 18.003ms
[531.241s][info][gc,cpu      ] GC(1119) User=0.04s Sys=0.00s Real=0.02s
[531.241s][info][gc,marking  ] GC(1119) Concurrent Mark 171.109ms
[531.241s][info][gc,marking  ] GC(1119) Concurrent Rebuild Remembered Sets and Scrub Regions
[531.354s][info][gc,marking  ] GC(1119) Concurrent Rebuild Remembered Sets and Scrub Regions 112.807ms
[531.354s][info][gc,start    ] GC(1119) Pause Cleanup
[531.354s][info][gc          ] GC(1119) Pause Cleanup 223M->223M(480M) 0.060ms
[531.354s][info][gc,cpu      ] GC(1119) User=0.00s Sys=0.00s Real=0.00s
[531.354s][info][gc,marking  ] GC(1119) Concurrent Clear Claimed Marks
[531.355s][info][gc,marking  ] GC(1119) Concurrent Clear Claimed Marks 0.040ms
[531.355s][info][gc,marking  ] GC(1119) Concurrent Cleanup for Next Mark
[531.357s][info][gc,marking  ] GC(1119) Concurrent Cleanup for Next Mark 2.064ms
[531.357s][info][gc          ] GC(1119) Concurrent Mark Cycle 363.584ms
[535.005s][info][gc,start    ] GC(1120) Pause Young (Prepare Mixed) (G1 Evacuation Pause)
[535.005s][info][gc,task     ] GC(1120) Using 2 workers of 2 for evacuation
[535.040s][info][gc,phases   ] GC(1120)   Pre Evacuate Collection Set: 0.20ms
[535.040s][info][gc,phases   ] GC(1120)   Merge Heap Roots: 0.18ms
[535.040s][info][gc,phases   ] GC(1120)   Evacuate Collection Set: 33.37ms
[535.040s][info][gc,phases   ] GC(1120)   Post Evacuate Collection Set: 0.62ms
[535.040s][info][gc,phases   ] GC(1120)   Other: 0.08ms
[535.040s][info][gc,heap     ] GC(1120) Eden regions: 283->0(262)
[535.040s][info][gc,heap     ] GC(1120) Survivor regions: 5->19(36)
[535.040s][info][gc,heap     ] GC(1120) Old regions: 131->131
[535.040s][info][gc,heap     ] GC(1120) Humongous regions: 19->13
[535.040s][info][gc,metaspace] GC(1120) Metaspace: 43135K(43520K)->43135K(43520K) NonClass: 38780K(39040K)->38780K(39040K) Class: 4355K(4480K)->4355K(4480K)
[535.040s][info][gc          ] GC(1120) Pause Young (Prepare Mixed) (G1 Evacuation Pause) 437M->162M(480M) 34.670ms
[535.040s][info][gc,cpu      ] GC(1120) User=0.07s Sys=0.00s Real=0.03s
[536.067s][info][gc,start    ] GC(1121) Pause Young (Mixed) (G1 Evacuation Pause)
[536.067s][info][gc,task     ] GC(1121) Using 2 workers of 2 for evacuation
[536.102s][info][gc,phases   ] GC(1121)   Pre Evacuate Collection Set: 0.32ms
[536.102s][info][gc,phases   ] GC(1121)   Merge Heap Roots: 0.20ms
[536.102s][info][gc,phases   ] GC(1121)   Evacuate Collection Set: 34.06ms
[536.102s][info][gc,phases   ] GC(1121)   Post Evacuate Collection Set: 0.61ms
[536.102s][info][gc,phases   ] GC(1121)   Other: 0.07ms
[536.102s][info][gc,heap     ] GC(1121) Eden regions: 262->0(264)
[536.102s][info][gc,heap     ] GC(1121) Survivor regions: 19->24(36)
[536.102s][info][gc,heap     ] GC(1121) Old regions: 131->123
[536.102s][info][gc,heap     ] GC(1121) Humongous regions: 13->13
[536.102s][info][gc,metaspace] GC(1121) Metaspace: 43136K(43520K)->43136K(43520K) NonClass: 38780K(39040K)->38780K(39040K) Class: 4355K(4480K)->4355K(4480K)
[536.102s][info][gc          ] GC(1121) Pause Young (Mixed) (G1 Evacuation Pause) 424M->160M(480M) 35.451ms
[536.102s][info][gc,cpu      ] GC(1121) User=0.06s Sys=0.00s Real=0.04s
[537.646s][info][gc,start    ] GC(1122) Pause Young (Concurrent Start) (G1 Evacuation Pause)
[537.646s][info][gc,task     ] GC(1122) Using 2 workers of 2 for evacuation
[537.678s][info][gc,phases   ] GC(1122)   Pre Evacuate Collection Set: 0.25ms
[537.678s][info][gc,phases   ] GC(1122)   Merge Heap Roots: 0.20ms
[537.678s][info][gc,phases   ] GC(1122)   Evacuate Collection Set: 31.23ms
[537.678s][info][gc,phases   ] GC(1122)   Post Evacuate Collection Set: 0.53ms
[537.678s][info][gc,phases   ] GC(1122)   Other: 0.09ms
[537.678s][info][gc,heap     ] GC(1122) Eden regions: 264->0(279)
[537.678s][info][gc,heap     ] GC(1122) Survivor regions: 24->6(36)
[537.678s][info][gc,heap     ] GC(1122) Old regions: 123->141
[537.678s][info][gc,heap     ] GC(1122) Humongous regions: 13->13
[537.678s][info][gc,metaspace] GC(1122) Metaspace: 43136K(43520K)->43136K(43520K) NonClass: 38780K(39040K)->38780K(39040K) Class: 4355K(4480K)->4355K(4480K)
[537.678s][info][gc          ] GC(1122) Pause Young (Concurrent Start) (G1 Evacuation Pause) 424M->159M(480M) 32.526ms
[537.678s][info][gc,cpu      ] GC(1122) User=0.07s Sys=0.01s Real=0.03s
[537.678s][info][gc          ] GC(1123) Concurrent Mark Cycle
[537.678s][info][gc,marking  ] GC(1123) Concurrent Scan Root Regions
[537.701s][info][gc,marking  ] GC(1123) Concurrent Scan Root Regions 22.240ms
[537.701s][info][gc,marking  ] GC(1123) Concurrent Mark
[537.701s][info][gc,marking  ] GC(1123) Concurrent Mark From Roots
[537.701s][info][gc,task     ] GC(1123) Using 1 workers of 1 for marking
[537.824s][info][gc,marking  ] GC(1123) Concurrent Mark From Roots 122.885ms
[537.824s][info][gc,marking  ] GC(1123) Concurrent Preclean
[537.824s][info][gc,marking  ] GC(1123) Concurrent Preclean 0.074ms
[537.824s][info][gc,start    ] GC(1123) Pause Remark
[537.841s][info][gc          ] GC(1123) Pause Remark 181M->167M(480M) 17.488ms
[537.841s][info][gc,cpu      ] GC(1123) User=0.03s Sys=0.00s Real=0.02s
[537.841s][info][gc,marking  ] GC(1123) Concurrent Mark 140.758ms
[537.841s][info][gc,marking  ] GC(1123) Concurrent Rebuild Remembered Sets and Scrub Regions
[537.905s][info][gc,marking  ] GC(1123) Concurrent Rebuild Remembered Sets and Scrub Regions 63.845ms
[537.905s][info][gc,start    ] GC(1123) Pause Cleanup
[537.905s][info][gc          ] GC(1123) Pause Cleanup 178M->178M(480M) 0.058ms
[537.905s][info][gc,cpu      ] GC(1123) User=0.00s Sys=0.00s Real=0.00s
[537.906s][info][gc,marking  ] GC(1123) Concurrent Clear Claimed Marks
[537.906s][info][gc,marking  ] GC(1123) Concurrent Clear Claimed Marks 0.042ms
[537.906s][info][gc,marking  ] GC(1123) Concurrent Cleanup for Next Mark
[537.907s][info][gc,marking  ] GC(1123) Concurrent Cleanup for Next Mark 1.395ms
[537.907s][info][gc          ] GC(1123) Concurrent Mark Cycle 228.644ms
[539.413s][info][gc,start    ] GC(1124) Pause Young (Prepare Mixed) (G1 Evacuation Pause)
[539.413s][info][gc,task     ] GC(1124) Using 2 workers of 2 for evacuation
[539.420s][info][gc,phases   ] GC(1124)   Pre Evacuate Collection Set: 0.21ms
[539.420s][info][gc,phases   ] GC(1124)   Merge Heap Roots: 0.10ms
[539.420s][info][gc,phases   ] GC(1124)   Evacuate Collection Set: 5.83ms
[539.420s][info][gc,phases   ] GC(1124)   Post Evacuate Collection Set: 0.50ms
[539.420s][info][gc,phases   ] GC(1124)   Other: 0.08ms
[539.420s][info][gc,heap     ] GC(1124) Eden regions: 279->0(282)
[539.420s][info][gc,heap     ] GC(1124) Survivor regions: 6->6(36)
[539.420s][info][gc,heap     ] GC(1124) Old regions: 139->139
[539.420s][info][gc,heap     ] GC(1124) Humongous regions: 2->1
[539.420s][info][gc,metaspace] GC(1124) Metaspace: 43136K(43520K)->43136K(43520K) NonClass: 38780K(39040K)->38780K(39040K) Class: 4355K(4480K)->4355K(4480K)
[539.420s][info][gc          ] GC(1124) Pause Young (Prepare Mixed) (G1 Evacuation Pause) 425M->145M(480M) 6.927ms
[539.420s][info][gc,cpu      ] GC(1124) User=0.01s Sys=0.00s Real=0.00s
[540.899s][info][gc,start    ] GC(1125) Pause Young (Mixed) (G1 Evacuation Pause)
[540.899s][info][gc,task     ] GC(1125) Using 2 workers of 2 for evacuation
[540.911s][info][gc,phases   ] GC(1125)   Pre Evacuate Collection Set: 0.23ms
[540.911s][info][gc,phases   ] GC(1125)   Merge Heap Roots: 0.14ms
[540.911s][info][gc,phases   ] GC(1125)   Evacuate Collection Set: 11.00ms
[540.911s][info][gc,phases   ] GC(1125)   Post Evacuate Collection Set: 0.60ms
[540.911s][info][gc,phases   ] GC(1125)   Other: 0.08ms
[540.911s][info][gc,heap     ] GC(1125) Eden regions: 282->0(277)
[540.911s][info][gc,heap     ] GC(1125) Survivor regions: 6->11(36)
[540.911s][info][gc,heap     ] GC(1125) Old regions: 139->124
[540.911s][info][gc,heap     ] GC(1125) Humongous regions: 3->3
[540.911s][info][gc,metaspace] GC(1125) Metaspace: 43136K(43520K)->43136K(43520K) NonClass: 38780K(39040K)->38780K(39040K) Class: 4355K(4480K)->4355K(4480K)
[540.911s][info][gc          ] GC(1125) Pause Young (Mixed) (G1 Evacuation Pause) 429M->138M(480M) 12.254ms
[540.911s][info][gc,cpu      ] GC(1125) User=0.02s Sys=0.00s Real=0.01s
[541.078s][info][gc,start    ] GC(1126) Pause Young (Concurrent Start) (G1 Humongous Allocation)
[541.078s][info][gc,task     ] GC(1126) Using 2 workers of 2 for evacuation
[541.096s][info][gc,phases   ] GC(1126)   Pre Evacuate Collection Set: 0.26ms
[541.096s][info][gc,phases   ] GC(1126)   Merge Heap Roots: 0.06ms
[541.096s][info][gc,phases   ] GC(1126)   Evacuate Collection Set: 17.21ms
[541.096s][info][gc,phases   ] GC(1126)   Post Evacuate Collection Set: 0.46ms
[541.096s][info][gc,phases   ] GC(1126)   Other: 0.10ms
[541.096s][info][gc,heap     ] GC(1126) Eden regions: 68->0(269)
[541.096s][info][gc,heap     ] GC(1126) Survivor regions: 11->19(36)
[541.096s][info][gc,heap     ] GC(1126) Old regions: 124->124
[541.096s][info][gc,heap     ] GC(1126) Humongous regions: 3->3
[541.096s][info][gc,metaspace] GC(1126) Metaspace: 43136K(43520K)->43136K(43520K) NonClass: 38780K(39040K)->38780K(39040K) Class: 4355K(4480K)->4355K(4480K)
[541.096s][info][gc          ] GC(1126) Pause Young (Concurrent Start) (G1 Humongous Allocation) 205M->146M(480M) 18.323ms
[541.096s][info][gc,cpu      ] GC(1126) User=0.03s Sys=0.00s Real=0.02s
[541.096s][info][gc          ] GC(1127) Concurrent Mark Cycle
[541.097s][info][gc,marking  ] GC(1127) Concurrent Scan Root Regions
[541.121s][info][gc,marking  ] GC(1127) Concurrent Scan Root Regions 24.126ms
[541.121s][info][gc,marking  ] GC(1127) Concurrent Mark
[541.121s][info][gc,marking  ] GC(1127) Concurrent Mark From Roots
[541.121s][info][gc,task     ] GC(1127) Using 1 workers of 1 for marking
[541.156s][info][gc,marking  ] GC(1127) Concurrent Mark From Roots 34.484ms
[541.156s][info][gc,marking  ] GC(1127) Concurrent Preclean
[541.156s][info][gc,marking  ] GC(1127) Concurrent Preclean 0.041ms
[541.156s][info][gc,start    ] GC(1127) Pause Remark
[541.175s][info][gc          ] GC(1127) Pause Remark 162M->80M(256M) 18.381ms
[541.175s][info][gc,cpu      ] GC(1127) User=0.04s Sys=0.00s Real=0.02s
[541.175s][info][gc,marking  ] GC(1127) Concurrent Mark 53.206ms
[541.175s][info][gc,marking  ] GC(1127) Concurrent Rebuild Remembered Sets and Scrub Regions
[541.189s][info][gc,marking  ] GC(1127) Concurrent Rebuild Remembered Sets and Scrub Regions 14.547ms
[541.189s][info][gc,start    ] GC(1127) Pause Cleanup
[541.189s][info][gc          ] GC(1127) Pause Cleanup 85M->85M(256M) 0.042ms
[541.189s][info][gc,cpu      ] GC(1127) User=0.00s Sys=0.00s Real=0.00s
[541.189s][info][gc,marking  ] GC(1127) Concurrent Clear Claimed Marks
[541.189s][info][gc,marking  ] GC(1127) Concurrent Clear Claimed Marks 0.037ms
[541.189s][info][gc,marking  ] GC(1127) Concurrent Cleanup for Next Mark
[541.190s][info][gc,marking  ] GC(1127) Concurrent Cleanup for Next Mark 0.744ms
[541.190s][info][gc          ] GC(1127) Concurrent Mark Cycle 93.753ms
[541.470s][info][gc,start    ] GC(1128) Pause Young (Prepare Mixed) (G1 Evacuation Pause)
[541.470s][info][gc,task     ] GC(1128) Using 2 workers of 2 for evacuation
[541.505s][info][gc,phases   ] GC(1128)   Pre Evacuate Collection Set: 0.16ms
[541.505s][info][gc,phases   ] GC(1128)   Merge Heap Roots: 0.13ms
[541.505s][info][gc,phases   ] GC(1128)   Evacuate Collection Set: 34.28ms
[541.505s][info][gc,phases   ] GC(1128)   Post Evacuate Collection Set: 0.46ms
[541.505s][info][gc,phases   ] GC(1128)   Other: 0.09ms
[541.505s][info][gc,heap     ] GC(1128) Eden regions: 134->0(133)
[541.505s][info][gc,heap     ] GC(1128) Survivor regions: 19->20(20)
[541.505s][info][gc,heap     ] GC(1128) Old regions: 42->57
[541.505s][info][gc,heap     ] GC(1128) Humongous regions: 4->4
[541.505s][info][gc,metaspace] GC(1128) Metaspace: 43136K(43520K)->43136K(43520K) NonClass: 38780K(39040K)->38780K(39040K) Class: 4355K(4480K)->4355K(4480K)
[541.505s][info][gc          ] GC(1128) Pause Young (Prepare Mixed) (G1 Evacuation Pause) 199M->80M(256M) 35.334ms
[541.505s][info][gc,cpu      ] GC(1128) User=0.07s Sys=0.01s Real=0.04s
[541.840s][info][gc,start    ] GC(1129) Pause Young (Mixed) (G1 Evacuation Pause)
[541.840s][info][gc,task     ] GC(1129) Using 2 workers of 2 for evacuation
[541.882s][info][gc,phases   ] GC(1129)   Pre Evacuate Collection Set: 0.16ms
[541.882s][info][gc,phases   ] GC(1129)   Merge Heap Roots: 0.16ms
[541.882s][info][gc,phases   ] GC(1129)   Evacuate Collection Set: 40.96ms
[541.882s][info][gc,phases   ] GC(1129)   Post Evacuate Collection Set: 0.49ms
[541.882s][info][gc,phases   ] GC(1129)   Other: 0.09ms
[541.882s][info][gc,heap     ] GC(1129) Eden regions: 133->0(128)
[541.882s][info][gc,heap     ] GC(1129) Survivor regions: 20->16(20)
[541.882s][info][gc,heap     ] GC(1129) Old regions: 57->72
[541.882s][info][gc,heap     ] GC(1129) Humongous regions: 6->6
[541.882s][info][gc,metaspace] GC(1129) Metaspace: 43136K(43520K)->43136K(43520K) NonClass: 38780K(39040K)->38780K(39040K) Class: 4355K(4480K)->4355K(4480K)
[541.882s][info][gc          ] GC(1129) Pause Young (Mixed) (G1 Evacuation Pause) 215M->94M(256M) 42.073ms
[541.882s][info][gc,cpu      ] GC(1129) User=0.08s Sys=0.00s Real=0.05s
[542.194s][info][gc,start    ] GC(1130) Pause Young (Concurrent Start) (G1 Evacuation Pause)
[542.194s][info][gc,task     ] GC(1130) Using 2 workers of 2 for evacuation
[542.230s][info][gc,phases   ] GC(1130)   Pre Evacuate Collection Set: 0.18ms
[542.230s][info][gc,phases   ] GC(1130)   Merge Heap Roots: 0.09ms
[542.230s][info][gc,phases   ] GC(1130)   Evacuate Collection Set: 34.72ms
[542.230s][info][gc,phases   ] GC(1130)   Post Evacuate Collection Set: 0.42ms
[542.230s][info][gc,phases   ] GC(1130)   Other: 0.11ms
[542.230s][info][gc,heap     ] GC(1130) Eden regions: 128->0(115)
[542.230s][info][gc,heap     ] GC(1130) Survivor regions: 16->15(18)
[542.230s][info][gc,heap     ] GC(1130) Old regions: 72->88
[542.230s][info][gc,heap     ] GC(1130) Humongous regions: 6->6
[542.230s][info][gc,metaspace] GC(1130) Metaspace: 43136K(43520K)->43136K(43520K) NonClass: 38780K(39040K)->38780K(39040K) Class: 4355K(4480K)->4355K(4480K)
[542.230s][info][gc          ] GC(1130) Pause Young (Concurrent Start) (G1 Evacuation Pause) 222M->109M(256M) 35.755ms
[542.230s][info][gc,cpu      ] GC(1130) User=0.07s Sys=0.00s Real=0.03s
[542.230s][info][gc          ] GC(1131) Concurrent Mark Cycle
[542.230s][info][gc,marking  ] GC(1131) Concurrent Scan Root Regions
[542.258s][info][gc,marking  ] GC(1131) Concurrent Scan Root Regions 27.850ms
[542.258s][info][gc,marking  ] GC(1131) Concurrent Mark
[542.258s][info][gc,marking  ] GC(1131) Concurrent Mark From Roots
[542.258s][info][gc,task     ] GC(1131) Using 1 workers of 1 for marking
[542.338s][info][gc,marking  ] GC(1131) Concurrent Mark From Roots 80.052ms
[542.338s][info][gc,marking  ] GC(1131) Concurrent Preclean
[542.338s][info][gc,marking  ] GC(1131) Concurrent Preclean 0.093ms
[542.339s][info][gc,start    ] GC(1131) Pause Remark
[542.358s][info][gc          ] GC(1131) Pause Remark 134M->133M(256M) 19.876ms
[542.358s][info][gc,cpu      ] GC(1131) User=0.04s Sys=0.01s Real=0.02s
[542.359s][info][gc,marking  ] GC(1131) Concurrent Mark 100.376ms
[542.359s][info][gc,marking  ] GC(1131) Concurrent Rebuild Remembered Sets and Scrub Regions
[542.418s][info][gc,marking  ] GC(1131) Concurrent Rebuild Remembered Sets and Scrub Regions 59.639ms
[542.418s][info][gc,start    ] GC(1131) Pause Cleanup
[542.418s][info][gc          ] GC(1131) Pause Cleanup 152M->152M(256M) 0.069ms
[542.418s][info][gc,cpu      ] GC(1131) User=0.00s Sys=0.00s Real=0.00s
[542.418s][info][gc,marking  ] GC(1131) Concurrent Clear Claimed Marks
[542.419s][info][gc,marking  ] GC(1131) Concurrent Clear Claimed Marks 0.045ms
[542.419s][info][gc,marking  ] GC(1131) Concurrent Cleanup for Next Mark
[542.419s][info][gc,marking  ] GC(1131) Concurrent Cleanup for Next Mark 0.758ms
[542.419s][info][gc          ] GC(1131) Concurrent Mark Cycle 189.138ms
[542.623s][info][gc,start    ] GC(1132) Pause Young (Prepare Mixed) (G1 Evacuation Pause)
[542.623s][info][gc,task     ] GC(1132) Using 2 workers of 2 for evacuation
[542.661s][info][gc,phases   ] GC(1132)   Pre Evacuate Collection Set: 0.16ms
[542.661s][info][gc,phases   ] GC(1132)   Merge Heap Roots: 0.13ms
[542.661s][info][gc,phases   ] GC(1132)   Evacuate Collection Set: 36.24ms
[542.661s][info][gc,phases   ] GC(1132)   Post Evacuate Collection Set: 0.70ms
[542.661s][info][gc,phases   ] GC(1132)   Other: 0.08ms
[542.661s][info][gc,heap     ] GC(1132) Eden regions: 115->0(124)
[542.661s][info][gc,heap     ] GC(1132) Survivor regions: 15->14(17)
[542.661s][info][gc,heap     ] GC(1132) Old regions: 88->103
[542.661s][info][gc,heap     ] GC(1132) Humongous regions: 9->9
[542.661s][info][gc,metaspace] GC(1132) Metaspace: 43136K(43520K)->43136K(43520K) NonClass: 38780K(39040K)->38780K(39040K) Class: 4355K(4480K)->4355K(4480K)
[542.661s][info][gc          ] GC(1132) Pause Young (Prepare Mixed) (G1 Evacuation Pause) 227M->125M(285M) 37.505ms
[542.661s][info][gc,cpu      ] GC(1132) User=0.08s Sys=0.00s Real=0.03s
[543.950s][info][gc,start    ] GC(1133) Pause Young (Mixed) (G1 Evacuation Pause)
[543.950s][info][gc,task     ] GC(1133) Using 2 workers of 2 for evacuation
[543.992s][info][gc,phases   ] GC(1133)   Pre Evacuate Collection Set: 0.17ms
[543.992s][info][gc,phases   ] GC(1133)   Merge Heap Roots: 0.21ms
[543.992s][info][gc,phases   ] GC(1133)   Evacuate Collection Set: 40.31ms
[543.992s][info][gc,phases   ] GC(1133)   Post Evacuate Collection Set: 0.64ms
[543.992s][info][gc,phases   ] GC(1133)   Other: 0.09ms
[543.992s][info][gc,heap     ] GC(1133) Eden regions: 124->0(123)
[543.992s][info][gc,heap     ] GC(1133) Survivor regions: 14->9(18)
[543.992s][info][gc,heap     ] GC(1133) Old regions: 103->106
[543.992s][info][gc,heap     ] GC(1133) Humongous regions: 17->15
[543.992s][info][gc,metaspace] GC(1133) Metaspace: 43136K(43520K)->43136K(43520K) NonClass: 38780K(39040K)->38780K(39040K) Class: 4355K(4480K)->4355K(4480K)
[543.992s][info][gc          ] GC(1133) Pause Young (Mixed) (G1 Evacuation Pause) 257M->129M(285M) 41.639ms
[543.992s][info][gc,cpu      ] GC(1133) User=0.08s Sys=0.00s Real=0.05s
[544.421s][info][gc,start    ] GC(1134) Pause Young (Concurrent Start) (G1 Evacuation Pause)
[544.421s][info][gc,task     ] GC(1134) Using 2 workers of 2 for evacuation
[544.449s][info][gc,phases   ] GC(1134)   Pre Evacuate Collection Set: 0.23ms
[544.449s][info][gc,phases   ] GC(1134)   Merge Heap Roots: 0.24ms
[544.449s][info][gc,phases   ] GC(1134)   Evacuate Collection Set: 26.47ms
[544.449s][info][gc,phases   ] GC(1134)   Post Evacuate Collection Set: 0.48ms
[544.449s][info][gc,phases   ] GC(1134)   Other: 0.16ms
[544.449s][info][gc,heap     ] GC(1134) Eden regions: 123->0(114)
[544.449s][info][gc,heap     ] GC(1134) Survivor regions: 9->17(17)
[544.449s][info][gc,heap     ] GC(1134) Old regions: 106->107
[544.449s][info][gc,heap     ] GC(1134) Humongous regions: 15->15
[544.449s][info][gc,metaspace] GC(1134) Metaspace: 43136K(43520K)->43136K(43520K) NonClass: 38780K(39040K)->38780K(39040K) Class: 4355K(4480K)->4355K(4480K)
[544.449s][info][gc          ] GC(1134) Pause Young (Concurrent Start) (G1 Evacuation Pause) 252M->138M(285M) 27.796ms
[544.449s][info][gc,cpu      ] GC(1134) User=0.05s Sys=0.00s Real=0.03s
[544.449s][info][gc          ] GC(1135) Concurrent Mark Cycle
[544.449s][info][gc,marking  ] GC(1135) Concurrent Scan Root Regions
[544.466s][info][gc,marking  ] GC(1135) Concurrent Scan Root Regions 17.378ms
[544.466s][info][gc,marking  ] GC(1135) Concurrent Mark
[544.466s][info][gc,marking  ] GC(1135) Concurrent Mark From Roots
[544.466s][info][gc,task     ] GC(1135) Using 1 workers of 1 for marking
[544.502s][info][gc,marking  ] GC(1135) Concurrent Mark From Roots 35.934ms
[544.502s][info][gc,marking  ] GC(1135) Concurrent Preclean
[544.502s][info][gc,marking  ] GC(1135) Concurrent Preclean 0.040ms
[544.502s][info][gc,start    ] GC(1135) Pause Remark
[544.520s][info][gc          ] GC(1135) Pause Remark 146M->115M(285M) 17.605ms
[544.520s][info][gc,cpu      ] GC(1135) User=0.04s Sys=0.00s Real=0.01s
[544.520s][info][gc,marking  ] GC(1135) Concurrent Mark 53.880ms
[544.520s][info][gc,marking  ] GC(1135) Concurrent Rebuild Remembered Sets and Scrub Regions
[544.536s][info][gc,marking  ] GC(1135) Concurrent Rebuild Remembered Sets and Scrub Regions 15.468ms
[544.536s][info][gc,start    ] GC(1135) Pause Cleanup
[544.536s][info][gc          ] GC(1135) Pause Cleanup 118M->118M(285M) 0.070ms
[544.536s][info][gc,cpu      ] GC(1135) User=0.00s Sys=0.00s Real=0.00s
[544.536s][info][gc,marking  ] GC(1135) Concurrent Clear Claimed Marks
[544.536s][info][gc,marking  ] GC(1135) Concurrent Clear Claimed Marks 0.040ms
[544.536s][info][gc,marking  ] GC(1135) Concurrent Cleanup for Next Mark
[544.537s][info][gc,marking  ] GC(1135) Concurrent Cleanup for Next Mark 1.141ms
[544.537s][info][gc          ] GC(1135) Concurrent Mark Cycle 88.311ms
[545.097s][info][gc,start    ] GC(1136) Pause Young (Prepare Mixed) (G1 Evacuation Pause)
[545.097s][info][gc,task     ] GC(1136) Using 2 workers of 2 for evacuation
[545.109s][info][gc,phases   ] GC(1136)   Pre Evacuate Collection Set: 0.20ms
[545.110s][info][gc,phases   ] GC(1136)   Merge Heap Roots: 0.14ms
[545.110s][info][gc,phases   ] GC(1136)   Evacuate Collection Set: 11.68ms
[545.110s][info][gc,phases   ] GC(1136)   Post Evacuate Collection Set: 0.41ms
[545.110s][info][gc,phases   ] GC(1136)   Other: 0.10ms
[545.110s][info][gc,heap     ] GC(1136) Eden regions: 114->0(145)
[545.110s][info][gc,heap     ] GC(1136) Survivor regions: 17->7(17)
[545.110s][info][gc,heap     ] GC(1136) Old regions: 90->99
[545.110s][info][gc,heap     ] GC(1136) Humongous regions: 1->1
[545.110s][info][gc,metaspace] GC(1136) Metaspace: 43136K(43520K)->43136K(43520K) NonClass: 38780K(39040K)->38780K(39040K) Class: 4355K(4480K)->4355K(4480K)
[545.110s][info][gc          ] GC(1136) Pause Young (Prepare Mixed) (G1 Evacuation Pause) 221M->105M(285M) 12.727ms
[545.110s][info][gc,cpu      ] GC(1136) User=0.03s Sys=0.00s Real=0.01s
[546.004s][info][gc,start    ] GC(1137) Pause Young (Mixed) (G1 Evacuation Pause)
[546.004s][info][gc,task     ] GC(1137) Using 2 workers of 2 for evacuation
[546.024s][info][gc,phases   ] GC(1137)   Pre Evacuate Collection Set: 0.17ms
[546.024s][info][gc,phases   ] GC(1137)   Merge Heap Roots: 0.06ms
[546.024s][info][gc,phases   ] GC(1137)   Evacuate Collection Set: 19.93ms
[546.024s][info][gc,phases   ] GC(1137)   Post Evacuate Collection Set: 0.45ms
[546.024s][info][gc,phases   ] GC(1137)   Other: 0.08ms
[546.024s][info][gc,heap     ] GC(1137) Eden regions: 145->0(152)
[546.024s][info][gc,heap     ] GC(1137) Survivor regions: 7->19(19)
[546.024s][info][gc,heap     ] GC(1137) Old regions: 99->71
[546.024s][info][gc,heap     ] GC(1137) Humongous regions: 1->1
[546.024s][info][gc,metaspace] GC(1137) Metaspace: 43136K(43520K)->43136K(43520K) NonClass: 38780K(39040K)->38780K(39040K) Class: 4355K(4480K)->4355K(4480K)
[546.024s][info][gc          ] GC(1137) Pause Young (Mixed) (G1 Evacuation Pause) 250M->90M(285M) 20.884ms
[546.024s][info][gc,cpu      ] GC(1137) User=0.04s Sys=0.00s Real=0.02s
[546.942s][info][gc,start    ] GC(1138) Pause Young (Mixed) (G1 Evacuation Pause)
[546.942s][info][gc,task     ] GC(1138) Using 2 workers of 2 for evacuation
[546.976s][info][gc,phases   ] GC(1138)   Pre Evacuate Collection Set: 0.18ms
[546.976s][info][gc,phases   ] GC(1138)   Merge Heap Roots: 0.12ms
[546.976s][info][gc,phases   ] GC(1138)   Evacuate Collection Set: 33.15ms
[546.976s][info][gc,phases   ] GC(1138)   Post Evacuate Collection Set: 0.48ms
[546.976s][info][gc,phases   ] GC(1138)   Other: 0.10ms
[546.976s][info][gc,heap     ] GC(1138) Eden regions: 152->0(155)
[546.976s][info][gc,heap     ] GC(1138) Survivor regions: 19->16(22)
[546.976s][info][gc,heap     ] GC(1138) Old regions: 71->63
[546.976s][info][gc,heap     ] GC(1138) Humongous regions: 1->1
[546.976s][info][gc,metaspace] GC(1138) Metaspace: 43136K(43520K)->43136K(43520K) NonClass: 38780K(39040K)->38780K(39040K) Class: 4355K(4480K)->4355K(4480K)
[546.976s][info][gc          ] GC(1138) Pause Young (Mixed) (G1 Evacuation Pause) 242M->80M(285M) 34.288ms
[546.976s][info][gc,cpu      ] GC(1138) User=0.07s Sys=0.00s Real=0.03s
[547.754s][info][gc,start    ] GC(1139) Pause Young (Concurrent Start) (G1 Humongous Allocation)
[547.754s][info][gc,task     ] GC(1139) Using 2 workers of 2 for evacuation
[547.780s][info][gc,phases   ] GC(1139)   Pre Evacuate Collection Set: 0.19ms
[547.780s][info][gc,phases   ] GC(1139)   Merge Heap Roots: 0.06ms
[547.780s][info][gc,phases   ] GC(1139)   Evacuate Collection Set: 25.03ms
[547.780s][info][gc,phases   ] GC(1139)   Post Evacuate Collection Set: 0.50ms
[547.780s][info][gc,phases   ] GC(1139)   Other: 0.09ms
[547.780s][info][gc,heap     ] GC(1139) Eden regions: 120->0(154)
[547.780s][info][gc,heap     ] GC(1139) Survivor regions: 16->12(22)
[547.780s][info][gc,heap     ] GC(1139) Old regions: 63->79
[547.780s][info][gc,heap     ] GC(1139) Humongous regions: 1->1
[547.780s][info][gc,metaspace] GC(1139) Metaspace: 43136K(43520K)->43136K(43520K) NonClass: 38780K(39040K)->38780K(39040K) Class: 4355K(4480K)->4355K(4480K)
[547.780s][info][gc          ] GC(1139) Pause Young (Concurrent Start) (G1 Humongous Allocation) 199M->92M(285M) 26.065ms
[547.780s][info][gc,cpu      ] GC(1139) User=0.05s Sys=0.00s Real=0.02s
[547.781s][info][gc          ] GC(1140) Concurrent Mark Cycle
[547.781s][info][gc,marking  ] GC(1140) Concurrent Scan Root Regions
[547.799s][info][gc,marking  ] GC(1140) Concurrent Scan Root Regions 18.721ms
[547.799s][info][gc,marking  ] GC(1140) Concurrent Mark
[547.799s][info][gc,marking  ] GC(1140) Concurrent Mark From Roots
[547.799s][info][gc,task     ] GC(1140) Using 1 workers of 1 for marking
[547.841s][info][gc,marking  ] GC(1140) Concurrent Mark From Roots 42.041ms
[547.841s][info][gc,marking  ] GC(1140) Concurrent Preclean
[547.841s][info][gc,marking  ] GC(1140) Concurrent Preclean 0.040ms
[547.842s][info][gc,start    ] GC(1140) Pause Remark
[547.859s][info][gc          ] GC(1140) Pause Remark 104M->98M(285M) 17.376ms
[547.859s][info][gc,cpu      ] GC(1140) User=0.03s Sys=0.00s Real=0.01s
[547.859s][info][gc,marking  ] GC(1140) Concurrent Mark 59.737ms
[547.859s][info][gc,marking  ] GC(1140) Concurrent Rebuild Remembered Sets and Scrub Regions
[547.888s][info][gc,marking  ] GC(1140) Concurrent Rebuild Remembered Sets and Scrub Regions 29.044ms
[547.888s][info][gc,start    ] GC(1140) Pause Cleanup
[547.888s][info][gc          ] GC(1140) Pause Cleanup 103M->103M(285M) 0.058ms
[547.888s][info][gc,cpu      ] GC(1140) User=0.00s Sys=0.00s Real=0.00s
[547.888s][info][gc,marking  ] GC(1140) Concurrent Clear Claimed Marks
[547.888s][info][gc,marking  ] GC(1140) Concurrent Clear Claimed Marks 0.041ms
[547.888s][info][gc,marking  ] GC(1140) Concurrent Cleanup for Next Mark
[547.889s][info][gc,marking  ] GC(1140) Concurrent Cleanup for Next Mark 0.859ms
[547.889s][info][gc          ] GC(1140) Concurrent Mark Cycle 108.789ms
[548.792s][info][gc,start    ] GC(1141) Pause Young (Prepare Mixed) (G1 Evacuation Pause)
[548.792s][info][gc,task     ] GC(1141) Using 2 workers of 2 for evacuation
[548.811s][info][gc,phases   ] GC(1141)   Pre Evacuate Collection Set: 0.22ms
[548.811s][info][gc,phases   ] GC(1141)   Merge Heap Roots: 0.15ms
[548.811s][info][gc,phases   ] GC(1141)   Evacuate Collection Set: 17.71ms
[548.811s][info][gc,phases   ] GC(1141)   Post Evacuate Collection Set: 0.42ms
[548.811s][info][gc,phases   ] GC(1141)   Other: 0.08ms
[548.811s][info][gc,heap     ] GC(1141) Eden regions: 154->0(152)
[548.811s][info][gc,heap     ] GC(1141) Survivor regions: 12->15(21)
[548.811s][info][gc,heap     ] GC(1141) Old regions: 73->77
[548.811s][info][gc,heap     ] GC(1141) Humongous regions: 2->2
[548.811s][info][gc,metaspace] GC(1141) Metaspace: 43136K(43520K)->43136K(43520K) NonClass: 38780K(39040K)->38780K(39040K) Class: 4355K(4480K)->4355K(4480K)
[548.811s][info][gc          ] GC(1141) Pause Young (Prepare Mixed) (G1 Evacuation Pause) 241M->93M(285M) 18.766ms
[548.811s][info][gc,cpu      ] GC(1141) User=0.04s Sys=0.00s Real=0.01s
[549.587s][info][gc,start    ] GC(1142) Pause Young (Mixed) (G1 Evacuation Pause)
[549.587s][info][gc,task     ] GC(1142) Using 2 workers of 2 for evacuation
[549.627s][info][gc,phases   ] GC(1142)   Pre Evacuate Collection Set: 0.19ms
[549.627s][info][gc,phases   ] GC(1142)   Merge Heap Roots: 0.18ms
[549.627s][info][gc,phases   ] GC(1142)   Evacuate Collection Set: 38.35ms
[549.627s][info][gc,phases   ] GC(1142)   Post Evacuate Collection Set: 0.62ms
[549.627s][info][gc,phases   ] GC(1142)   Other: 0.10ms
[549.627s][info][gc,heap     ] GC(1142) Eden regions: 152->0(146)
[549.627s][info][gc,heap     ] GC(1142) Survivor regions: 15->19(21)
[549.627s][info][gc,heap     ] GC(1142) Old regions: 77->74
[549.627s][info][gc,heap     ] GC(1142) Humongous regions: 6->4
[549.627s][info][gc,metaspace] GC(1142) Metaspace: 43136K(43520K)->43136K(43520K) NonClass: 38780K(39040K)->38780K(39040K) Class: 4355K(4480K)->4355K(4480K)
[549.627s][info][gc          ] GC(1142) Pause Young (Mixed) (G1 Evacuation Pause) 249M->96M(285M) 39.659ms
[549.627s][info][gc,cpu      ] GC(1142) User=0.07s Sys=0.00s Real=0.04s
[549.751s][info][gc,start    ] GC(1143) Pause Young (Concurrent Start) (G1 Humongous Allocation)
[549.751s][info][gc,task     ] GC(1143) Using 2 workers of 2 for evacuation
[549.762s][info][gc,phases   ] GC(1143)   Pre Evacuate Collection Set: 0.19ms
[549.762s][info][gc,phases   ] GC(1143)   Merge Heap Roots: 0.07ms
[549.762s][info][gc,phases   ] GC(1143)   Evacuate Collection Set: 10.10ms
[549.762s][info][gc,phases   ] GC(1143)   Post Evacuate Collection Set: 0.33ms
[549.762s][info][gc,phases   ] GC(1143)   Other: 0.08ms
[549.762s][info][gc,heap     ] GC(1143) Eden regions: 28->0(157)
[549.762s][info][gc,heap     ] GC(1143) Survivor regions: 19->1(21)
[549.762s][info][gc,heap     ] GC(1143) Old regions: 74->87
[549.762s][info][gc,heap     ] GC(1143) Humongous regions: 4->2
[549.762s][info][gc,metaspace] GC(1143) Metaspace: 43136K(43520K)->43136K(43520K) NonClass: 38780K(39040K)->38780K(39040K) Class: 4355K(4480K)->4355K(4480K)
[549.762s][info][gc          ] GC(1143) Pause Young (Concurrent Start) (G1 Humongous Allocation) 123M->89M(285M) 10.961ms
[549.762s][info][gc,cpu      ] GC(1143) User=0.02s Sys=0.01s Real=0.02s
[549.762s][info][gc          ] GC(1144) Concurrent Mark Cycle
[549.762s][info][gc,marking  ] GC(1144) Concurrent Scan Root Regions
[549.775s][info][gc,marking  ] GC(1144) Concurrent Scan Root Regions 12.654ms
[549.775s][info][gc,marking  ] GC(1144) Concurrent Mark
[549.775s][info][gc,marking  ] GC(1144) Concurrent Mark From Roots
[549.775s][info][gc,task     ] GC(1144) Using 1 workers of 1 for marking
[549.817s][info][gc,marking  ] GC(1144) Concurrent Mark From Roots 42.309ms
[549.817s][info][gc,marking  ] GC(1144) Concurrent Preclean
[549.817s][info][gc,marking  ] GC(1144) Concurrent Preclean 0.038ms
[549.819s][info][gc,start    ] GC(1144) Pause Remark
[549.852s][info][gc          ] GC(1144) Pause Remark 102M->86M(256M) 33.154ms
[549.852s][info][gc,cpu      ] GC(1144) User=0.03s Sys=0.00s Real=0.04s
[549.852s][info][gc,marking  ] GC(1144) Concurrent Mark 77.495ms
[549.852s][info][gc,marking  ] GC(1144) Concurrent Rebuild Remembered Sets and Scrub Regions
[549.889s][info][gc,marking  ] GC(1144) Concurrent Rebuild Remembered Sets and Scrub Regions 36.854ms
[549.889s][info][gc,start    ] GC(1144) Pause Cleanup
[549.889s][info][gc          ] GC(1144) Pause Cleanup 92M->92M(256M) 0.056ms
[549.889s][info][gc,cpu      ] GC(1144) User=0.00s Sys=0.00s Real=0.00s
[549.889s][info][gc,marking  ] GC(1144) Concurrent Clear Claimed Marks
[549.889s][info][gc,marking  ] GC(1144) Concurrent Clear Claimed Marks 0.042ms
[549.889s][info][gc,marking  ] GC(1144) Concurrent Cleanup for Next Mark
[549.890s][info][gc,marking  ] GC(1144) Concurrent Cleanup for Next Mark 0.784ms
[549.890s][info][gc          ] GC(1144) Concurrent Mark Cycle 128.234ms
[550.541s][info][gc,start    ] GC(1145) Pause Young (Prepare Mixed) (G1 Evacuation Pause)
[550.541s][info][gc,task     ] GC(1145) Using 2 workers of 2 for evacuation
[550.552s][info][gc,phases   ] GC(1145)   Pre Evacuate Collection Set: 0.27ms
[550.552s][info][gc,phases   ] GC(1145)   Merge Heap Roots: 0.08ms
[550.552s][info][gc,phases   ] GC(1145)   Evacuate Collection Set: 10.17ms
[550.552s][info][gc,phases   ] GC(1145)   Post Evacuate Collection Set: 0.43ms
[550.552s][info][gc,phases   ] GC(1145)   Other: 0.07ms
[550.552s][info][gc,heap     ] GC(1145) Eden regions: 152->0(134)
[550.552s][info][gc,heap     ] GC(1145) Survivor regions: 1->12(20)
[550.552s][info][gc,heap     ] GC(1145) Old regions: 72->72
[550.552s][info][gc,heap     ] GC(1145) Humongous regions: 18->3
[550.552s][info][gc,metaspace] GC(1145) Metaspace: 43136K(43520K)->43136K(43520K) NonClass: 38780K(39040K)->38780K(39040K) Class: 4355K(4480K)->4355K(4480K)
[550.552s][info][gc          ] GC(1145) Pause Young (Prepare Mixed) (G1 Evacuation Pause) 242M->86M(256M) 11.229ms
[550.552s][info][gc,cpu      ] GC(1145) User=0.02s Sys=0.00s Real=0.02s
[551.147s][info][gc,start    ] GC(1146) Pause Young (Mixed) (G1 Evacuation Pause)
[551.147s][info][gc,task     ] GC(1146) Using 2 workers of 2 for evacuation
[551.157s][info][gc,phases   ] GC(1146)   Pre Evacuate Collection Set: 0.19ms
[551.157s][info][gc,phases   ] GC(1146)   Merge Heap Roots: 0.15ms
[551.157s][info][gc,phases   ] GC(1146)   Evacuate Collection Set: 8.37ms
[551.157s][info][gc,phases   ] GC(1146)   Post Evacuate Collection Set: 0.70ms
[551.157s][info][gc,phases   ] GC(1146)   Other: 0.08ms
[551.157s][info][gc,heap     ] GC(1146) Eden regions: 134->0(167)
[551.157s][info][gc,heap     ] GC(1146) Survivor regions: 12->4(19)
[551.157s][info][gc,heap     ] GC(1146) Old regions: 72->51
[551.157s][info][gc,heap     ] GC(1146) Humongous regions: 8->3
[551.157s][info][gc,metaspace] GC(1146) Metaspace: 43136K(43520K)->43136K(43520K) NonClass: 38780K(39040K)->38780K(39040K) Class: 4355K(4480K)->4355K(4480K)
[551.157s][info][gc          ] GC(1146) Pause Young (Mixed) (G1 Evacuation Pause) 225M->56M(285M) 9.696ms
[551.157s][info][gc,cpu      ] GC(1146) User=0.02s Sys=0.00s Real=0.01s
[551.192s][info][gc,start    ] GC(1147) Pause Young (Concurrent Start) (G1 Humongous Allocation)
[551.192s][info][gc,task     ] GC(1147) Using 2 workers of 2 for evacuation
[551.194s][info][gc,phases   ] GC(1147)   Pre Evacuate Collection Set: 0.20ms
[551.194s][info][gc,phases   ] GC(1147)   Merge Heap Roots: 0.04ms
[551.194s][info][gc,phases   ] GC(1147)   Evacuate Collection Set: 1.62ms
[551.194s][info][gc,phases   ] GC(1147)   Post Evacuate Collection Set: 0.33ms
[551.194s][info][gc,phases   ] GC(1147)   Other: 0.10ms
[551.194s][info][gc,heap     ] GC(1147) Eden regions: 9->0(169)
[551.194s][info][gc,heap     ] GC(1147) Survivor regions: 4->2(22)
[551.194s][info][gc,heap     ] GC(1147) Old regions: 51->51
[551.194s][info][gc,heap     ] GC(1147) Humongous regions: 3->1
[551.194s][info][gc,metaspace] GC(1147) Metaspace: 43136K(43520K)->43136K(43520K) NonClass: 38780K(39040K)->38780K(39040K) Class: 4355K(4480K)->4355K(4480K)
[551.195s][info][gc          ] GC(1147) Pause Young (Concurrent Start) (G1 Humongous Allocation) 65M->52M(285M) 2.456ms
[551.195s][info][gc,cpu      ] GC(1147) User=0.00s Sys=0.00s Real=0.00s
[551.195s][info][gc          ] GC(1148) Concurrent Mark Cycle
[551.195s][info][gc,marking  ] GC(1148) Concurrent Scan Root Regions
[551.199s][info][gc,marking  ] GC(1148) Concurrent Scan Root Regions 3.559ms
[551.199s][info][gc,marking  ] GC(1148) Concurrent Mark
[551.199s][info][gc,marking  ] GC(1148) Concurrent Mark From Roots
[551.199s][info][gc,task     ] GC(1148) Using 1 workers of 1 for marking
[551.250s][info][gc,marking  ] GC(1148) Concurrent Mark From Roots 50.904ms
[551.250s][info][gc,marking  ] GC(1148) Concurrent Preclean
[551.250s][info][gc,marking  ] GC(1148) Concurrent Preclean 0.038ms
[551.250s][info][gc,start    ] GC(1148) Pause Remark
[551.268s][info][gc          ] GC(1148) Pause Remark 62M->59M(256M) 17.797ms
[551.268s][info][gc,cpu      ] GC(1148) User=0.03s Sys=0.00s Real=0.02s
[551.268s][info][gc,marking  ] GC(1148) Concurrent Mark 69.031ms
[551.268s][info][gc,marking  ] GC(1148) Concurrent Rebuild Remembered Sets and Scrub Regions
[551.287s][info][gc,marking  ] GC(1148) Concurrent Rebuild Remembered Sets and Scrub Regions 18.628ms
[551.287s][info][gc,start    ] GC(1148) Pause Cleanup
[551.287s][info][gc          ] GC(1148) Pause Cleanup 63M->63M(256M) 0.051ms
[551.287s][info][gc,cpu      ] GC(1148) User=0.00s Sys=0.00s Real=0.00s
[551.287s][info][gc,marking  ] GC(1148) Concurrent Clear Claimed Marks
[551.287s][info][gc,marking  ] GC(1148) Concurrent Clear Claimed Marks 0.042ms
[551.287s][info][gc,marking  ] GC(1148) Concurrent Cleanup for Next Mark
[551.288s][info][gc,marking  ] GC(1148) Concurrent Cleanup for Next Mark 0.812ms
[551.288s][info][gc          ] GC(1148) Concurrent Mark Cycle 92.473ms
[551.827s][info][gc,start    ] GC(1149) Pause Young (Prepare Mixed) (G1 Evacuation Pause)
[551.827s][info][gc,task     ] GC(1149) Using 2 workers of 2 for evacuation
[551.847s][info][gc,phases   ] GC(1149)   Pre Evacuate Collection Set: 0.17ms
[551.847s][info][gc,phases   ] GC(1149)   Merge Heap Roots: 0.06ms
[551.847s][info][gc,phases   ] GC(1149)   Evacuate Collection Set: 19.22ms
[551.847s][info][gc,phases   ] GC(1149)   Post Evacuate Collection Set: 0.48ms
[551.847s][info][gc,phases   ] GC(1149)   Other: 0.07ms
[551.848s][info][gc,heap     ] GC(1149) Eden regions: 151->0(133)
[551.848s][info][gc,heap     ] GC(1149) Survivor regions: 2->20(20)
[551.848s][info][gc,heap     ] GC(1149) Old regions: 47->47
[551.848s][info][gc,heap     ] GC(1149) Humongous regions: 7->3
[551.848s][info][gc,metaspace] GC(1149) Metaspace: 43136K(43520K)->43136K(43520K) NonClass: 38780K(39040K)->38780K(39040K) Class: 4355K(4480K)->4355K(4480K)
[551.848s][info][gc          ] GC(1149) Pause Young (Prepare Mixed) (G1 Evacuation Pause) 206M->69M(256M) 20.180ms
[551.848s][info][gc,cpu      ] GC(1149) User=0.04s Sys=0.00s Real=0.02s
[552.446s][info][gc,start    ] GC(1150) Pause Young (Mixed) (G1 Evacuation Pause)
[552.446s][info][gc,task     ] GC(1150) Using 2 workers of 2 for evacuation
[552.456s][info][gc,phases   ] GC(1150)   Pre Evacuate Collection Set: 0.18ms
[552.456s][info][gc,phases   ] GC(1150)   Merge Heap Roots: 0.09ms
[552.456s][info][gc,phases   ] GC(1150)   Evacuate Collection Set: 9.33ms
[552.456s][info][gc,phases   ] GC(1150)   Post Evacuate Collection Set: 0.47ms
[552.456s][info][gc,phases   ] GC(1150)   Other: 0.09ms
[552.457s][info][gc,heap     ] GC(1150) Eden regions: 133->0(148)
[552.457s][info][gc,heap     ] GC(1150) Survivor regions: 20->5(20)
[552.457s][info][gc,heap     ] GC(1150) Old regions: 47->45
[552.457s][info][gc,heap     ] GC(1150) Humongous regions: 9->3
[552.457s][info][gc,metaspace] GC(1150) Metaspace: 43136K(43520K)->43136K(43520K) NonClass: 38780K(39040K)->38780K(39040K) Class: 4355K(4480K)->4355K(4480K)
[552.457s][info][gc          ] GC(1150) Pause Young (Mixed) (G1 Evacuation Pause) 208M->52M(256M) 10.358ms
[552.457s][info][gc,cpu      ] GC(1150) User=0.02s Sys=0.00s Real=0.01s
[552.470s][info][gc,start    ] GC(1151) Pause Young (Concurrent Start) (G1 Humongous Allocation)
[552.470s][info][gc,task     ] GC(1151) Using 2 workers of 2 for evacuation
[552.473s][info][gc,phases   ] GC(1151)   Pre Evacuate Collection Set: 0.19ms
[552.473s][info][gc,phases   ] GC(1151)   Merge Heap Roots: 0.04ms
[552.473s][info][gc,phases   ] GC(1151)   Evacuate Collection Set: 1.57ms
[552.473s][info][gc,phases   ] GC(1151)   Post Evacuate Collection Set: 0.34ms
[552.473s][info][gc,phases   ] GC(1151)   Other: 0.08ms
[552.473s][info][gc,heap     ] GC(1151) Eden regions: 3->0(151)
[552.473s][info][gc,heap     ] GC(1151) Survivor regions: 5->2(20)
[552.473s][info][gc,heap     ] GC(1151) Old regions: 45->45
[552.473s][info][gc,heap     ] GC(1151) Humongous regions: 3->1
[552.473s][info][gc,metaspace] GC(1151) Metaspace: 43136K(43520K)->43136K(43520K) NonClass: 38780K(39040K)->38780K(39040K) Class: 4355K(4480K)->4355K(4480K)
[552.473s][info][gc          ] GC(1151) Pause Young (Concurrent Start) (G1 Humongous Allocation) 55M->46M(256M) 2.385ms
[552.473s][info][gc,cpu      ] GC(1151) User=0.00s Sys=0.01s Real=0.01s
[552.473s][info][gc          ] GC(1152) Concurrent Mark Cycle
[552.473s][info][gc,marking  ] GC(1152) Concurrent Scan Root Regions
[552.475s][info][gc,marking  ] GC(1152) Concurrent Scan Root Regions 2.501ms
[552.475s][info][gc,marking  ] GC(1152) Concurrent Mark
[552.475s][info][gc,marking  ] GC(1152) Concurrent Mark From Roots
[552.475s][info][gc,task     ] GC(1152) Using 1 workers of 1 for marking
[552.536s][info][gc,marking  ] GC(1152) Concurrent Mark From Roots 60.693ms
[552.536s][info][gc,marking  ] GC(1152) Concurrent Preclean
[552.536s][info][gc,marking  ] GC(1152) Concurrent Preclean 0.037ms
[552.536s][info][gc,start    ] GC(1152) Pause Remark
[552.554s][info][gc          ] GC(1152) Pause Remark 62M->62M(256M) 17.861ms
[552.554s][info][gc,cpu      ] GC(1152) User=0.03s Sys=0.00s Real=0.02s
[552.554s][info][gc,marking  ] GC(1152) Concurrent Mark 78.892ms
[552.554s][info][gc,marking  ] GC(1152) Concurrent Rebuild Remembered Sets and Scrub Regions
[552.575s][info][gc,marking  ] GC(1152) Concurrent Rebuild Remembered Sets and Scrub Regions 20.458ms
[552.575s][info][gc,start    ] GC(1152) Pause Cleanup
[552.575s][info][gc          ] GC(1152) Pause Cleanup 66M->66M(256M) 0.048ms
[552.575s][info][gc,cpu      ] GC(1152) User=0.00s Sys=0.00s Real=0.00s
[552.575s][info][gc,marking  ] GC(1152) Concurrent Clear Claimed Marks
[552.575s][info][gc,marking  ] GC(1152) Concurrent Clear Claimed Marks 0.039ms
[552.575s][info][gc,marking  ] GC(1152) Concurrent Cleanup for Next Mark
[552.576s][info][gc,marking  ] GC(1152) Concurrent Cleanup for Next Mark 0.767ms
[552.576s][info][gc          ] GC(1152) Concurrent Mark Cycle 103.012ms
[553.081s][info][gc,start    ] GC(1153) Pause Young (Prepare Mixed) (G1 Evacuation Pause)
[553.081s][info][gc,task     ] GC(1153) Using 2 workers of 2 for evacuation
[553.085s][info][gc,phases   ] GC(1153)   Pre Evacuate Collection Set: 0.18ms
[553.085s][info][gc,phases   ] GC(1153)   Merge Heap Roots: 0.07ms
[553.085s][info][gc,phases   ] GC(1153)   Evacuate Collection Set: 2.88ms
[553.085s][info][gc,phases   ] GC(1153)   Post Evacuate Collection Set: 0.39ms
[553.085s][info][gc,phases   ] GC(1153)   Other: 0.07ms
[553.085s][info][gc,heap     ] GC(1153) Eden regions: 151->0(150)
[553.085s][info][gc,heap     ] GC(1153) Survivor regions: 2->3(20)
[553.085s][info][gc,heap     ] GC(1153) Old regions: 45->45
[553.085s][info][gc,heap     ] GC(1153) Humongous regions: 17->3
[553.085s][info][gc,metaspace] GC(1153) Metaspace: 43136K(43520K)->43136K(43520K) NonClass: 38780K(39040K)->38780K(39040K) Class: 4355K(4480K)->4355K(4480K)
[553.085s][info][gc          ] GC(1153) Pause Young (Prepare Mixed) (G1 Evacuation Pause) 213M->49M(256M) 3.776ms
[553.085s][info][gc,cpu      ] GC(1153) User=0.01s Sys=0.00s Real=0.01s
[553.691s][info][gc,start    ] GC(1154) Pause Young (Mixed) (G1 Evacuation Pause)
[553.691s][info][gc,task     ] GC(1154) Using 2 workers of 2 for evacuation
[553.702s][info][gc,phases   ] GC(1154)   Pre Evacuate Collection Set: 0.16ms
[553.702s][info][gc,phases   ] GC(1154)   Merge Heap Roots: 0.10ms
[553.702s][info][gc,phases   ] GC(1154)   Evacuate Collection Set: 9.90ms
[553.702s][info][gc,phases   ] GC(1154)   Post Evacuate Collection Set: 0.74ms
[553.702s][info][gc,phases   ] GC(1154)   Other: 0.07ms
[553.702s][info][gc,heap     ] GC(1154) Eden regions: 150->0(147)
[553.702s][info][gc,heap     ] GC(1154) Survivor regions: 3->6(20)
[553.702s][info][gc,heap     ] GC(1154) Old regions: 45->42
[553.702s][info][gc,heap     ] GC(1154) Humongous regions: 13->3
[553.702s][info][gc,metaspace] GC(1154) Metaspace: 43136K(43520K)->43136K(43520K) NonClass: 38780K(39040K)->38780K(39040K) Class: 4355K(4480K)->4355K(4480K)
[553.702s][info][gc          ] GC(1154) Pause Young (Mixed) (G1 Evacuation Pause) 209M->50M(256M) 11.162ms
[553.702s][info][gc,cpu      ] GC(1154) User=0.03s Sys=0.00s Real=0.02s
[553.709s][info][gc,start    ] GC(1155) Pause Young (Concurrent Start) (G1 Humongous Allocation)
[553.709s][info][gc,task     ] GC(1155) Using 2 workers of 2 for evacuation
[553.716s][info][gc,phases   ] GC(1155)   Pre Evacuate Collection Set: 0.15ms
[553.716s][info][gc,phases   ] GC(1155)   Merge Heap Roots: 0.05ms
[553.716s][info][gc,phases   ] GC(1155)   Evacuate Collection Set: 6.31ms
[553.716s][info][gc,phases   ] GC(1155)   Post Evacuate Collection Set: 0.29ms
[553.716s][info][gc,phases   ] GC(1155)   Other: 0.10ms
[553.716s][info][gc,heap     ] GC(1155) Eden regions: 2->0(150)
[553.716s][info][gc,heap     ] GC(1155) Survivor regions: 6->3(20)
[553.716s][info][gc,heap     ] GC(1155) Old regions: 42->42
[553.716s][info][gc,heap     ] GC(1155) Humongous regions: 3->1
[553.716s][info][gc,metaspace] GC(1155) Metaspace: 43136K(43520K)->43136K(43520K) NonClass: 38780K(39040K)->38780K(39040K) Class: 4355K(4480K)->4355K(4480K)
[553.716s][info][gc          ] GC(1155) Pause Young (Concurrent Start) (G1 Humongous Allocation) 52M->45M(256M) 7.057ms
[553.716s][info][gc          ] GC(1156) Concurrent Mark Cycle
[553.716s][info][gc,marking  ] GC(1156) Concurrent Scan Root Regions
[553.718s][info][gc,cpu      ] GC(1155) User=0.01s Sys=0.00s Real=0.01s
[553.723s][info][gc,marking  ] GC(1156) Concurrent Scan Root Regions 7.113ms
[553.723s][info][gc,marking  ] GC(1156) Concurrent Mark
[553.723s][info][gc,marking  ] GC(1156) Concurrent Mark From Roots
[553.723s][info][gc,task     ] GC(1156) Using 1 workers of 1 for marking
[553.792s][info][gc,marking  ] GC(1156) Concurrent Mark From Roots 69.258ms
[553.792s][info][gc,marking  ] GC(1156) Concurrent Preclean
[553.792s][info][gc,marking  ] GC(1156) Concurrent Preclean 0.036ms
[553.792s][info][gc,start    ] GC(1156) Pause Remark
[553.810s][info][gc          ] GC(1156) Pause Remark 58M->58M(256M) 17.360ms
[553.810s][info][gc,cpu      ] GC(1156) User=0.03s Sys=0.00s Real=0.01s
[553.812s][info][gc,marking  ] GC(1156) Concurrent Mark 89.397ms
[553.812s][info][gc,marking  ] GC(1156) Concurrent Rebuild Remembered Sets and Scrub Regions
[553.833s][info][gc,marking  ] GC(1156) Concurrent Rebuild Remembered Sets and Scrub Regions 20.668ms
[553.833s][info][gc,start    ] GC(1156) Pause Cleanup
[553.833s][info][gc          ] GC(1156) Pause Cleanup 62M->62M(256M) 0.060ms
[553.833s][info][gc,cpu      ] GC(1156) User=0.00s Sys=0.00s Real=0.00s
[553.834s][info][gc,marking  ] GC(1156) Concurrent Clear Claimed Marks
[553.834s][info][gc,marking  ] GC(1156) Concurrent Clear Claimed Marks 0.075ms
[553.834s][info][gc,marking  ] GC(1156) Concurrent Cleanup for Next Mark
[553.837s][info][gc,marking  ] GC(1156) Concurrent Cleanup for Next Mark 2.737ms
[553.837s][info][gc          ] GC(1156) Concurrent Mark Cycle 121.338ms
[554.338s][info][gc,start    ] GC(1157) Pause Young (Prepare Mixed) (G1 Evacuation Pause)
[554.339s][info][gc,task     ] GC(1157) Using 2 workers of 2 for evacuation
[554.365s][info][gc,phases   ] GC(1157)   Pre Evacuate Collection Set: 0.16ms
[554.365s][info][gc,phases   ] GC(1157)   Merge Heap Roots: 0.08ms
[554.365s][info][gc,phases   ] GC(1157)   Evacuate Collection Set: 25.62ms
[554.365s][info][gc,phases   ] GC(1157)   Post Evacuate Collection Set: 0.52ms
[554.365s][info][gc,phases   ] GC(1157)   Other: 0.09ms
[554.365s][info][gc,heap     ] GC(1157) Eden regions: 150->0(133)
[554.365s][info][gc,heap     ] GC(1157) Survivor regions: 3->20(20)
[554.365s][info][gc,heap     ] GC(1157) Old regions: 42->49
[554.365s][info][gc,heap     ] GC(1157) Humongous regions: 7->3
[554.365s][info][gc,metaspace] GC(1157) Metaspace: 43136K(43520K)->43136K(43520K) NonClass: 38780K(39040K)->38780K(39040K) Class: 4355K(4480K)->4355K(4480K)
[554.365s][info][gc          ] GC(1157) Pause Young (Prepare Mixed) (G1 Evacuation Pause) 201M->71M(256M) 26.663ms
[554.365s][info][gc,cpu      ] GC(1157) User=0.05s Sys=0.00s Real=0.03s
[555.003s][info][gc,start    ] GC(1158) Pause Young (Mixed) (G1 Evacuation Pause)
[555.003s][info][gc,task     ] GC(1158) Using 2 workers of 2 for evacuation
[555.040s][info][gc,phases   ] GC(1158)   Pre Evacuate Collection Set: 0.18ms
[555.040s][info][gc,phases   ] GC(1158)   Merge Heap Roots: 0.20ms
[555.040s][info][gc,phases   ] GC(1158)   Evacuate Collection Set: 35.90ms
[555.040s][info][gc,phases   ] GC(1158)   Post Evacuate Collection Set: 0.72ms
[555.040s][info][gc,phases   ] GC(1158)   Other: 0.07ms
[555.040s][info][gc,heap     ] GC(1158) Eden regions: 133->0(136)
[555.040s][info][gc,heap     ] GC(1158) Survivor regions: 20->13(20)
[555.040s][info][gc,heap     ] GC(1158) Old regions: 49->58
[555.040s][info][gc,heap     ] GC(1158) Humongous regions: 3->3
[555.040s][info][gc,metaspace] GC(1158) Metaspace: 43136K(43520K)->43136K(43520K) NonClass: 38781K(39040K)->38781K(39040K) Class: 4355K(4480K)->4355K(4480K)
[555.040s][info][gc          ] GC(1158) Pause Young (Mixed) (G1 Evacuation Pause) 204M->73M(256M) 37.279ms
[555.040s][info][gc,cpu      ] GC(1158) User=0.07s Sys=0.00s Real=0.03s
[555.363s][info][gc,start    ] GC(1159) Pause Young (Concurrent Start) (G1 Humongous Allocation)
[555.363s][info][gc,task     ] GC(1159) Using 2 workers of 2 for evacuation
[555.399s][info][gc,phases   ] GC(1159)   Pre Evacuate Collection Set: 0.18ms
[555.399s][info][gc,phases   ] GC(1159)   Merge Heap Roots: 0.23ms
[555.399s][info][gc,phases   ] GC(1159)   Evacuate Collection Set: 35.14ms
[555.399s][info][gc,phases   ] GC(1159)   Post Evacuate Collection Set: 0.49ms
[555.399s][info][gc,phases   ] GC(1159)   Other: 0.10ms
[555.399s][info][gc,heap     ] GC(1159) Eden regions: 67->0(110)
[555.399s][info][gc,heap     ] GC(1159) Survivor regions: 13->19(19)
[555.399s][info][gc,heap     ] GC(1159) Old regions: 58->71
[555.399s][info][gc,heap     ] GC(1159) Humongous regions: 3->1
[555.399s][info][gc,metaspace] GC(1159) Metaspace: 43136K(43520K)->43136K(43520K) NonClass: 38781K(39040K)->38781K(39040K) Class: 4355K(4480K)->4355K(4480K)
[555.399s][info][gc          ] GC(1159) Pause Young (Concurrent Start) (G1 Humongous Allocation) 140M->90M(256M) 36.331ms
[555.399s][info][gc,cpu      ] GC(1159) User=0.07s Sys=0.00s Real=0.03s
[555.399s][info][gc          ] GC(1160) Concurrent Mark Cycle
[555.399s][info][gc,marking  ] GC(1160) Concurrent Scan Root Regions
[555.436s][info][gc,marking  ] GC(1160) Concurrent Scan Root Regions 37.243ms
[555.436s][info][gc,marking  ] GC(1160) Concurrent Mark
[555.436s][info][gc,marking  ] GC(1160) Concurrent Mark From Roots
[555.436s][info][gc,task     ] GC(1160) Using 1 workers of 1 for marking
[555.507s][info][gc,marking  ] GC(1160) Concurrent Mark From Roots 70.165ms
[555.507s][info][gc,marking  ] GC(1160) Concurrent Preclean
[555.507s][info][gc,marking  ] GC(1160) Concurrent Preclean 0.037ms
[555.507s][info][gc,start    ] GC(1160) Pause Remark
[555.524s][info][gc          ] GC(1160) Pause Remark 120M->120M(256M) 17.467ms
[555.524s][info][gc,cpu      ] GC(1160) User=0.03s Sys=0.00s Real=0.02s
[555.524s][info][gc,marking  ] GC(1160) Concurrent Mark 87.952ms
[555.524s][info][gc,marking  ] GC(1160) Concurrent Rebuild Remembered Sets and Scrub Regions
[555.565s][info][gc,marking  ] GC(1160) Concurrent Rebuild Remembered Sets and Scrub Regions 40.205ms
[555.565s][info][gc,start    ] GC(1160) Pause Cleanup
[555.565s][info][gc          ] GC(1160) Pause Cleanup 128M->128M(256M) 0.046ms
[555.565s][info][gc,cpu      ] GC(1160) User=0.00s Sys=0.00s Real=0.00s
[555.565s][info][gc,marking  ] GC(1160) Concurrent Clear Claimed Marks
[555.565s][info][gc,marking  ] GC(1160) Concurrent Clear Claimed Marks 0.040ms
[555.565s][info][gc,marking  ] GC(1160) Concurrent Cleanup for Next Mark
[555.566s][info][gc,marking  ] GC(1160) Concurrent Cleanup for Next Mark 0.775ms
[555.566s][info][gc          ] GC(1160) Concurrent Mark Cycle 166.642ms
[555.867s][info][gc,start    ] GC(1161) Pause Young (Prepare Mixed) (G1 Evacuation Pause)
[555.867s][info][gc,task     ] GC(1161) Using 2 workers of 2 for evacuation
[555.898s][info][gc,phases   ] GC(1161)   Pre Evacuate Collection Set: 0.19ms
[555.898s][info][gc,phases   ] GC(1161)   Merge Heap Roots: 0.15ms
[555.898s][info][gc,phases   ] GC(1161)   Evacuate Collection Set: 29.73ms
[555.898s][info][gc,phases   ] GC(1161)   Post Evacuate Collection Set: 0.45ms
[555.898s][info][gc,phases   ] GC(1161)   Other: 0.07ms
[555.898s][info][gc,heap     ] GC(1161) Eden regions: 110->0(104)
[555.898s][info][gc,heap     ] GC(1161) Survivor regions: 19->11(17)
[555.898s][info][gc,heap     ] GC(1161) Old regions: 71->90
[555.898s][info][gc,heap     ] GC(1161) Humongous regions: 5->3
[555.898s][info][gc,metaspace] GC(1161) Metaspace: 43136K(43520K)->43136K(43520K) NonClass: 38781K(39040K)->38781K(39040K) Class: 4355K(4480K)->4355K(4480K)
[555.898s][info][gc          ] GC(1161) Pause Young (Prepare Mixed) (G1 Evacuation Pause) 204M->103M(256M) 30.798ms
[555.898s][info][gc,cpu      ] GC(1161) User=0.06s Sys=0.00s Real=0.03s
[556.291s][info][gc,start    ] GC(1162) Pause Young (Mixed) (G1 Evacuation Pause)
[556.291s][info][gc,task     ] GC(1162) Using 2 workers of 2 for evacuation
[556.299s][info][gc,phases   ] GC(1162)   Pre Evacuate Collection Set: 0.16ms
[556.299s][info][gc,phases   ] GC(1162)   Merge Heap Roots: 0.11ms
[556.299s][info][gc,phases   ] GC(1162)   Evacuate Collection Set: 7.55ms
[556.299s][info][gc,phases   ] GC(1162)   Post Evacuate Collection Set: 0.44ms
[556.299s][info][gc,phases   ] GC(1162)   Other: 0.07ms
[556.299s][info][gc,heap     ] GC(1162) Eden regions: 104->0(116)
[556.299s][info][gc,heap     ] GC(1162) Survivor regions: 11->5(15)
[556.299s][info][gc,heap     ] GC(1162) Old regions: 90->88
[556.299s][info][gc,heap     ] GC(1162) Humongous regions: 11->3
[556.299s][info][gc,metaspace] GC(1162) Metaspace: 43136K(43520K)->43136K(43520K) NonClass: 38781K(39040K)->38781K(39040K) Class: 4355K(4480K)->4355K(4480K)
[556.299s][info][gc          ] GC(1162) Pause Young (Mixed) (G1 Evacuation Pause) 215M->95M(256M) 8.501ms
[556.299s][info][gc,cpu      ] GC(1162) User=0.02s Sys=0.00s Real=0.01s
[556.462s][info][gc,start    ] GC(1163) Pause Young (Concurrent Start) (G1 Humongous Allocation)
[556.462s][info][gc,task     ] GC(1163) Using 2 workers of 2 for evacuation
[556.464s][info][gc,phases   ] GC(1163)   Pre Evacuate Collection Set: 0.18ms
[556.464s][info][gc,phases   ] GC(1163)   Merge Heap Roots: 0.05ms
[556.464s][info][gc,phases   ] GC(1163)   Evacuate Collection Set: 1.49ms
[556.464s][info][gc,phases   ] GC(1163)   Post Evacuate Collection Set: 0.33ms
[556.464s][info][gc,phases   ] GC(1163)   Other: 0.08ms
[556.464s][info][gc,heap     ] GC(1163) Eden regions: 36->0(128)
[556.464s][info][gc,heap     ] GC(1163) Survivor regions: 5->1(16)
[556.464s][info][gc,heap     ] GC(1163) Old regions: 88->88
[556.464s][info][gc,heap     ] GC(1163) Humongous regions: 3->1
[556.464s][info][gc,metaspace] GC(1163) Metaspace: 43136K(43520K)->43136K(43520K) NonClass: 38781K(39040K)->38781K(39040K) Class: 4355K(4480K)->4355K(4480K)
[556.464s][info][gc          ] GC(1163) Pause Young (Concurrent Start) (G1 Humongous Allocation) 131M->89M(256M) 2.312ms
[556.465s][info][gc,cpu      ] GC(1163) User=0.01s Sys=0.00s Real=0.00s
[556.465s][info][gc          ] GC(1164) Concurrent Mark Cycle
[556.465s][info][gc,marking  ] GC(1164) Concurrent Scan Root Regions
[556.467s][info][gc,marking  ] GC(1164) Concurrent Scan Root Regions 1.487ms
[556.467s][info][gc,marking  ] GC(1164) Concurrent Mark
[556.467s][info][gc,marking  ] GC(1164) Concurrent Mark From Roots
[556.467s][info][gc,task     ] GC(1164) Using 1 workers of 1 for marking
[556.523s][info][gc,marking  ] GC(1164) Concurrent Mark From Roots 56.089ms
[556.523s][info][gc,marking  ] GC(1164) Concurrent Preclean
[556.523s][info][gc,marking  ] GC(1164) Concurrent Preclean 0.036ms
[556.523s][info][gc,start    ] GC(1164) Pause Remark
[556.541s][info][gc          ] GC(1164) Pause Remark 108M->99M(256M) 17.521ms
[556.541s][info][gc,cpu      ] GC(1164) User=0.03s Sys=0.00s Real=0.01s
[556.541s][info][gc,marking  ] GC(1164) Concurrent Mark 73.991ms
[556.541s][info][gc,marking  ] GC(1164) Concurrent Rebuild Remembered Sets and Scrub Regions
[556.563s][info][gc,marking  ] GC(1164) Concurrent Rebuild Remembered Sets and Scrub Regions 22.509ms
[556.564s][info][gc,start    ] GC(1164) Pause Cleanup
[556.564s][info][gc          ] GC(1164) Pause Cleanup 103M->103M(256M) 0.065ms
[556.564s][info][gc,cpu      ] GC(1164) User=0.00s Sys=0.00s Real=0.00s
[556.564s][info][gc,marking  ] GC(1164) Concurrent Clear Claimed Marks
[556.564s][info][gc,marking  ] GC(1164) Concurrent Clear Claimed Marks 0.040ms
[556.564s][info][gc,marking  ] GC(1164) Concurrent Cleanup for Next Mark
[556.565s][info][gc,marking  ] GC(1164) Concurrent Cleanup for Next Mark 0.752ms
[556.565s][info][gc          ] GC(1164) Concurrent Mark Cycle 100.709ms
[557.011s][info][gc,start    ] GC(1165) Pause Young (Prepare Mixed) (G1 Evacuation Pause)
[557.011s][info][gc,task     ] GC(1165) Using 2 workers of 2 for evacuation
[557.026s][info][gc,phases   ] GC(1165)   Pre Evacuate Collection Set: 0.16ms
[557.026s][info][gc,phases   ] GC(1165)   Merge Heap Roots: 0.06ms
[557.026s][info][gc,phases   ] GC(1165)   Evacuate Collection Set: 13.49ms
[557.026s][info][gc,phases   ] GC(1165)   Post Evacuate Collection Set: 0.41ms
[557.026s][info][gc,phases   ] GC(1165)   Other: 0.09ms
[557.026s][info][gc,heap     ] GC(1165) Eden regions: 128->0(124)
[557.026s][info][gc,heap     ] GC(1165) Survivor regions: 1->13(17)
[557.026s][info][gc,heap     ] GC(1165) Old regions: 79->79
[557.026s][info][gc,heap     ] GC(1165) Humongous regions: 5->3
[557.026s][info][gc,metaspace] GC(1165) Metaspace: 43136K(43520K)->43136K(43520K) NonClass: 38781K(39040K)->38781K(39040K) Class: 4355K(4480K)->4355K(4480K)
[557.026s][info][gc          ] GC(1165) Pause Young (Prepare Mixed) (G1 Evacuation Pause) 212M->94M(256M) 14.407ms
[557.026s][info][gc,cpu      ] GC(1165) User=0.03s Sys=0.00s Real=0.01s
[557.531s][info][gc,start    ] GC(1166) Pause Young (Mixed) (G1 Evacuation Pause)
[557.531s][info][gc,task     ] GC(1166) Using 2 workers of 2 for evacuation
[557.539s][info][gc,phases   ] GC(1166)   Pre Evacuate Collection Set: 0.20ms
[557.539s][info][gc,phases   ] GC(1166)   Merge Heap Roots: 0.07ms
[557.539s][info][gc,phases   ] GC(1166)   Evacuate Collection Set: 6.55ms
[557.539s][info][gc,phases   ] GC(1166)   Post Evacuate Collection Set: 0.45ms
[557.539s][info][gc,phases   ] GC(1166)   Other: 0.09ms
[557.539s][info][gc,heap     ] GC(1166) Eden regions: 124->0(147)
[557.539s][info][gc,heap     ] GC(1166) Survivor regions: 13->6(18)
[557.539s][info][gc,heap     ] GC(1166) Old regions: 79->55
[557.539s][info][gc,heap     ] GC(1166) Humongous regions: 9->3
[557.539s][info][gc,metaspace] GC(1166) Metaspace: 43136K(43520K)->43136K(43520K) NonClass: 38781K(39040K)->38781K(39040K) Class: 4355K(4480K)->4355K(4480K)
[557.539s][info][gc          ] GC(1166) Pause Young (Mixed) (G1 Evacuation Pause) 224M->62M(256M) 7.562ms
[557.539s][info][gc,cpu      ] GC(1166) User=0.01s Sys=0.00s Real=0.00s
[558.102s][info][gc,start    ] GC(1167) Pause Young (Mixed) (G1 Evacuation Pause)
[558.102s][info][gc,task     ] GC(1167) Using 2 workers of 2 for evacuation
[558.117s][info][gc,phases   ] GC(1167)   Pre Evacuate Collection Set: 0.22ms
[558.117s][info][gc,phases   ] GC(1167)   Merge Heap Roots: 0.09ms
[558.117s][info][gc,phases   ] GC(1167)   Evacuate Collection Set: 14.48ms
[558.117s][info][gc,phases   ] GC(1167)   Post Evacuate Collection Set: 0.45ms
[558.117s][info][gc,phases   ] GC(1167)   Other: 0.08ms
[558.117s][info][gc,heap     ] GC(1167) Eden regions: 147->0(141)
[558.117s][info][gc,heap     ] GC(1167) Survivor regions: 6->12(20)
[558.117s][info][gc,heap     ] GC(1167) Old regions: 55->48
[558.117s][info][gc,heap     ] GC(1167) Humongous regions: 7->3
[558.117s][info][gc,metaspace] GC(1167) Metaspace: 43136K(43520K)->43136K(43520K) NonClass: 38781K(39040K)->38781K(39040K) Class: 4355K(4480K)->4355K(4480K)
[558.117s][info][gc          ] GC(1167) Pause Young (Mixed) (G1 Evacuation Pause) 213M->61M(256M) 15.511ms
[558.117s][info][gc,cpu      ] GC(1167) User=0.03s Sys=0.00s Real=0.01s
[558.245s][info][gc,start    ] GC(1168) Pause Young (Concurrent Start) (G1 Humongous Allocation)
[558.245s][info][gc,task     ] GC(1168) Using 2 workers of 2 for evacuation
[558.248s][info][gc,phases   ] GC(1168)   Pre Evacuate Collection Set: 0.17ms
[558.248s][info][gc,phases   ] GC(1168)   Merge Heap Roots: 0.04ms
[558.248s][info][gc,phases   ] GC(1168)   Evacuate Collection Set: 2.24ms
[558.248s][info][gc,phases   ] GC(1168)   Post Evacuate Collection Set: 0.33ms
[558.248s][info][gc,phases   ] GC(1168)   Other: 0.08ms
[558.248s][info][gc,heap     ] GC(1168) Eden regions: 30->0(151)
[558.248s][info][gc,heap     ] GC(1168) Survivor regions: 12->2(20)
[558.248s][info][gc,heap     ] GC(1168) Old regions: 48->49
[558.248s][info][gc,heap     ] GC(1168) Humongous regions: 3->1
[558.248s][info][gc,metaspace] GC(1168) Metaspace: 43136K(43520K)->43136K(43520K) NonClass: 38781K(39040K)->38781K(39040K) Class: 4355K(4480K)->4355K(4480K)
[558.248s][info][gc          ] GC(1168) Pause Young (Concurrent Start) (G1 Humongous Allocation) 91M->51M(256M) 3.033ms
[558.248s][info][gc,cpu      ] GC(1168) User=0.00s Sys=0.00s Real=0.00s
[558.248s][info][gc          ] GC(1169) Concurrent Mark Cycle
[558.249s][info][gc,marking  ] GC(1169) Concurrent Scan Root Regions
[558.254s][info][gc,marking  ] GC(1169) Concurrent Scan Root Regions 5.113ms
[558.254s][info][gc,marking  ] GC(1169) Concurrent Mark
[558.254s][info][gc,marking  ] GC(1169) Concurrent Mark From Roots
[558.254s][info][gc,task     ] GC(1169) Using 1 workers of 1 for marking
[558.328s][info][gc,marking  ] GC(1169) Concurrent Mark From Roots 73.252ms
[558.328s][info][gc,marking  ] GC(1169) Concurrent Preclean
[558.328s][info][gc,marking  ] GC(1169) Concurrent Preclean 0.037ms
[558.328s][info][gc,start    ] GC(1169) Pause Remark
[558.345s][info][gc          ] GC(1169) Pause Remark 72M->72M(256M) 17.433ms
[558.345s][info][gc,cpu      ] GC(1169) User=0.03s Sys=0.00s Real=0.02s
[558.345s][info][gc,marking  ] GC(1169) Concurrent Mark 91.011ms
[558.345s][info][gc,marking  ] GC(1169) Concurrent Rebuild Remembered Sets and Scrub Regions
[558.374s][info][gc,marking  ] GC(1169) Concurrent Rebuild Remembered Sets and Scrub Regions 28.692ms
[558.375s][info][gc,start    ] GC(1169) Pause Cleanup
[558.375s][info][gc          ] GC(1169) Pause Cleanup 80M->80M(256M) 0.063ms
[558.375s][info][gc,cpu      ] GC(1169) User=0.00s Sys=0.00s Real=0.00s
[558.377s][info][gc,marking  ] GC(1169) Concurrent Clear Claimed Marks
[558.377s][info][gc,marking  ] GC(1169) Concurrent Clear Claimed Marks 0.087ms
[558.377s][info][gc,marking  ] GC(1169) Concurrent Cleanup for Next Mark
[558.378s][info][gc,marking  ] GC(1169) Concurrent Cleanup for Next Mark 0.791ms
[558.378s][info][gc          ] GC(1169) Concurrent Mark Cycle 129.614ms
[558.953s][info][gc,start    ] GC(1170) Pause Young (Prepare Mixed) (G1 Evacuation Pause)
[558.954s][info][gc,task     ] GC(1170) Using 2 workers of 2 for evacuation
[558.958s][info][gc,phases   ] GC(1170)   Pre Evacuate Collection Set: 0.16ms
[558.958s][info][gc,phases   ] GC(1170)   Merge Heap Roots: 0.06ms
[558.958s][info][gc,phases   ] GC(1170)   Evacuate Collection Set: 3.95ms
[558.958s][info][gc,phases   ] GC(1170)   Post Evacuate Collection Set: 0.46ms
[558.958s][info][gc,phases   ] GC(1170)   Other: 0.10ms
[558.958s][info][gc,heap     ] GC(1170) Eden regions: 151->0(148)
[558.958s][info][gc,heap     ] GC(1170) Survivor regions: 2->5(20)
[558.958s][info][gc,heap     ] GC(1170) Old regions: 49->49
[558.958s][info][gc,heap     ] GC(1170) Humongous regions: 9->3
[558.958s][info][gc,metaspace] GC(1170) Metaspace: 43136K(43520K)->43136K(43520K) NonClass: 38781K(39040K)->38781K(39040K) Class: 4355K(4480K)->4355K(4480K)
[558.958s][info][gc          ] GC(1170) Pause Young (Prepare Mixed) (G1 Evacuation Pause) 210M->55M(256M) 4.913ms
[558.958s][info][gc,cpu      ] GC(1170) User=0.01s Sys=0.00s Real=0.00s
[559.404s][info][gc,start    ] GC(1171) Pause Young (Mixed) (G1 Evacuation Pause)
[559.404s][info][gc,task     ] GC(1171) Using 2 workers of 2 for evacuation
[559.445s][info][gc,phases   ] GC(1171)   Pre Evacuate Collection Set: 0.17ms
[559.445s][info][gc,phases   ] GC(1171)   Merge Heap Roots: 0.11ms
[559.445s][info][gc,phases   ] GC(1171)   Evacuate Collection Set: 39.76ms
[559.445s][info][gc,phases   ] GC(1171)   Post Evacuate Collection Set: 0.55ms
[559.445s][info][gc,phases   ] GC(1171)   Other: 0.07ms
[559.445s][info][gc,heap     ] GC(1171) Eden regions: 148->0(125)
[559.445s][info][gc,heap     ] GC(1171) Survivor regions: 5->20(20)
[559.445s][info][gc,heap     ] GC(1171) Old regions: 49->64
[559.445s][info][gc,heap     ] GC(1171) Humongous regions: 3->3
[559.445s][info][gc,metaspace] GC(1171) Metaspace: 43136K(43520K)->43136K(43520K) NonClass: 38781K(39040K)->38781K(39040K) Class: 4355K(4480K)->4355K(4480K)
[559.445s][info][gc          ] GC(1171) Pause Young (Mixed) (G1 Evacuation Pause) 203M->86M(256M) 40.862ms
[559.445s][info][gc,cpu      ] GC(1171) User=0.08s Sys=0.00s Real=0.04s
[560.104s][info][gc,start    ] GC(1172) Pause Young (Concurrent Start) (G1 Evacuation Pause)
[560.104s][info][gc,task     ] GC(1172) Using 2 workers of 2 for evacuation
[560.161s][info][gc,phases   ] GC(1172)   Pre Evacuate Collection Set: 0.19ms
[560.162s][info][gc,phases   ] GC(1172)   Merge Heap Roots: 0.37ms
[560.162s][info][gc,phases   ] GC(1172)   Evacuate Collection Set: 56.53ms
[560.162s][info][gc,phases   ] GC(1172)   Post Evacuate Collection Set: 0.51ms
[560.162s][info][gc,phases   ] GC(1172)   Other: 0.11ms
[560.162s][info][gc,heap     ] GC(1172) Eden regions: 125->0(111)
[560.162s][info][gc,heap     ] GC(1172) Survivor regions: 20->19(19)
[560.162s][info][gc,heap     ] GC(1172) Old regions: 64->80
[560.162s][info][gc,heap     ] GC(1172) Humongous regions: 3->3
[560.162s][info][gc,metaspace] GC(1172) Metaspace: 43136K(43520K)->43136K(43520K) NonClass: 38781K(39040K)->38781K(39040K) Class: 4355K(4480K)->4355K(4480K)
[560.162s][info][gc          ] GC(1172) Pause Young (Concurrent Start) (G1 Evacuation Pause) 211M->101M(256M) 57.894ms
[560.162s][info][gc,cpu      ] GC(1172) User=0.09s Sys=0.00s Real=0.06s
[560.162s][info][gc          ] GC(1173) Concurrent Mark Cycle
[560.162s][info][gc,marking  ] GC(1173) Concurrent Scan Root Regions
[560.224s][info][gc,marking  ] GC(1173) Concurrent Scan Root Regions 61.933ms
[560.224s][info][gc,marking  ] GC(1173) Concurrent Mark
[560.224s][info][gc,marking  ] GC(1173) Concurrent Mark From Roots
[560.224s][info][gc,task     ] GC(1173) Using 1 workers of 1 for marking
[560.352s][info][gc,marking  ] GC(1173) Concurrent Mark From Roots 127.627ms
[560.352s][info][gc,marking  ] GC(1173) Concurrent Preclean
[560.353s][info][gc,marking  ] GC(1173) Concurrent Preclean 1.142ms
[560.353s][info][gc,start    ] GC(1173) Pause Remark
[560.370s][info][gc          ] GC(1173) Pause Remark 129M->129M(256M) 17.475ms
[560.370s][info][gc,cpu      ] GC(1173) User=0.03s Sys=0.00s Real=0.01s
[560.370s][info][gc,marking  ] GC(1173) Concurrent Mark 146.531ms
[560.370s][info][gc,marking  ] GC(1173) Concurrent Rebuild Remembered Sets and Scrub Regions
[560.450s][info][gc,marking  ] GC(1173) Concurrent Rebuild Remembered Sets and Scrub Regions 79.072ms
[560.450s][info][gc,start    ] GC(1173) Pause Cleanup
[560.450s][info][gc          ] GC(1173) Pause Cleanup 143M->143M(256M) 0.047ms
[560.450s][info][gc,cpu      ] GC(1173) User=0.00s Sys=0.00s Real=0.00s
[560.450s][info][gc,marking  ] GC(1173) Concurrent Clear Claimed Marks
[560.450s][info][gc,marking  ] GC(1173) Concurrent Clear Claimed Marks 0.040ms
[560.450s][info][gc,marking  ] GC(1173) Concurrent Cleanup for Next Mark
[560.451s][info][gc,marking  ] GC(1173) Concurrent Cleanup for Next Mark 0.782ms
[560.451s][info][gc          ] GC(1173) Concurrent Mark Cycle 288.953ms
[560.830s][info][gc,start    ] GC(1174) Pause Young (Prepare Mixed) (G1 Evacuation Pause)
[560.830s][info][gc,task     ] GC(1174) Using 2 workers of 2 for evacuation
[560.907s][info][gc,phases   ] GC(1174)   Pre Evacuate Collection Set: 1.31ms
[560.907s][info][gc,phases   ] GC(1174)   Merge Heap Roots: 0.33ms
[560.907s][info][gc,phases   ] GC(1174)   Evacuate Collection Set: 74.49ms
[560.907s][info][gc,phases   ] GC(1174)   Post Evacuate Collection Set: 0.49ms
[560.907s][info][gc,phases   ] GC(1174)   Other: 0.08ms
[560.907s][info][gc,heap     ] GC(1174) Eden regions: 111->0(86)
[560.907s][info][gc,heap     ] GC(1174) Survivor regions: 19->17(17)
[560.907s][info][gc,heap     ] GC(1174) Old regions: 80->112
[560.907s][info][gc,heap     ] GC(1174) Humongous regions: 3->3
[560.907s][info][gc,metaspace] GC(1174) Metaspace: 43139K(43520K)->43139K(43520K) NonClass: 38784K(39040K)->38784K(39040K) Class: 4355K(4480K)->4355K(4480K)
[560.907s][info][gc          ] GC(1174) Pause Young (Prepare Mixed) (G1 Evacuation Pause) 212M->131M(262M) 76.919ms
[560.907s][info][gc,cpu      ] GC(1174) User=0.12s Sys=0.01s Real=0.08s
[561.302s][info][gc,start    ] GC(1175) Pause Young (Mixed) (G1 Evacuation Pause)
[561.302s][info][gc,task     ] GC(1175) Using 2 workers of 2 for evacuation
[561.359s][info][gc,phases   ] GC(1175)   Pre Evacuate Collection Set: 0.17ms
[561.359s][info][gc,phases   ] GC(1175)   Merge Heap Roots: 0.36ms
[561.359s][info][gc,phases   ] GC(1175)   Evacuate Collection Set: 56.02ms
[561.359s][info][gc,phases   ] GC(1175)   Post Evacuate Collection Set: 0.63ms
[561.359s][info][gc,phases   ] GC(1175)   Other: 0.07ms
[561.359s][info][gc,heap     ] GC(1175) Eden regions: 86->0(69)
[561.359s][info][gc,heap     ] GC(1175) Survivor regions: 17->13(13)
[561.359s][info][gc,heap     ] GC(1175) Old regions: 112->136
[561.359s][info][gc,heap     ] GC(1175) Humongous regions: 5->3
[561.359s][info][gc,metaspace] GC(1175) Metaspace: 43139K(43520K)->43139K(43520K) NonClass: 38784K(39040K)->38784K(39040K) Class: 4355K(4480K)->4355K(4480K)
[561.359s][info][gc          ] GC(1175) Pause Young (Mixed) (G1 Evacuation Pause) 219M->151M(262M) 57.465ms
[561.359s][info][gc,cpu      ] GC(1175) User=0.11s Sys=0.00s Real=0.05s
[561.686s][info][gc,start    ] GC(1176) Pause Young (Concurrent Start) (G1 Humongous Allocation)
[561.687s][info][gc,task     ] GC(1176) Using 2 workers of 2 for evacuation
[561.724s][info][gc,phases   ] GC(1176)   Pre Evacuate Collection Set: 0.18ms
[561.724s][info][gc,phases   ] GC(1176)   Merge Heap Roots: 0.17ms
[561.724s][info][gc,phases   ] GC(1176)   Evacuate Collection Set: 36.45ms
[561.724s][info][gc,phases   ] GC(1176)   Post Evacuate Collection Set: 0.39ms
[561.724s][info][gc,phases   ] GC(1176)   Other: 0.09ms
[561.724s][info][gc,heap     ] GC(1176) Eden regions: 67->0(58)
[561.724s][info][gc,heap     ] GC(1176) Survivor regions: 13->11(11)
[561.724s][info][gc,heap     ] GC(1176) Old regions: 136->155
[561.724s][info][gc,heap     ] GC(1176) Humongous regions: 3->1
[561.724s][info][gc,metaspace] GC(1176) Metaspace: 43139K(43520K)->43139K(43520K) NonClass: 38784K(39040K)->38784K(39040K) Class: 4355K(4480K)->4355K(4480K)
[561.724s][info][gc          ] GC(1176) Pause Young (Concurrent Start) (G1 Humongous Allocation) 218M->166M(262M) 37.486ms
[561.724s][info][gc          ] GC(1177) Concurrent Mark Cycle
[561.724s][info][gc,marking  ] GC(1177) Concurrent Scan Root Regions
[561.726s][info][gc,cpu      ] GC(1176) User=0.07s Sys=0.00s Real=0.04s
[561.756s][info][gc,marking  ] GC(1177) Concurrent Scan Root Regions 31.687ms
[561.756s][info][gc,marking  ] GC(1177) Concurrent Mark
[561.756s][info][gc,marking  ] GC(1177) Concurrent Mark From Roots
[561.756s][info][gc,task     ] GC(1177) Using 1 workers of 1 for marking
[561.881s][info][gc,marking  ] GC(1177) Concurrent Mark From Roots 124.813ms
[561.881s][info][gc,marking  ] GC(1177) Concurrent Preclean
[561.881s][info][gc,marking  ] GC(1177) Concurrent Preclean 0.045ms
[561.881s][info][gc,start    ] GC(1177) Pause Remark
[561.899s][info][gc          ] GC(1177) Pause Remark 202M->202M(285M) 17.847ms
[561.899s][info][gc,cpu      ] GC(1177) User=0.03s Sys=0.00s Real=0.02s
[561.899s][info][gc,marking  ] GC(1177) Concurrent Mark 143.582ms
[561.899s][info][gc,marking  ] GC(1177) Concurrent Rebuild Remembered Sets and Scrub Regions
[562.004s][info][gc,marking  ] GC(1177) Concurrent Rebuild Remembered Sets and Scrub Regions 104.232ms
[562.004s][info][gc,start    ] GC(1177) Pause Cleanup
[562.004s][info][gc          ] GC(1177) Pause Cleanup 228M->228M(285M) 0.081ms
[562.004s][info][gc,cpu      ] GC(1177) User=0.00s Sys=0.00s Real=0.00s
[562.004s][info][gc,marking  ] GC(1177) Concurrent Clear Claimed Marks
[562.004s][info][gc,marking  ] GC(1177) Concurrent Clear Claimed Marks 0.073ms
[562.004s][info][gc,marking  ] GC(1177) Concurrent Cleanup for Next Mark
[562.007s][info][gc,marking  ] GC(1177) Concurrent Cleanup for Next Mark 3.126ms
[562.007s][info][gc          ] GC(1177) Concurrent Mark Cycle 283.496ms
[562.009s][info][gc,start    ] GC(1178) Pause Young (Prepare Mixed) (G1 Evacuation Pause)
[562.009s][info][gc,task     ] GC(1178) Using 2 workers of 2 for evacuation
[562.035s][info][gc,phases   ] GC(1178)   Pre Evacuate Collection Set: 0.15ms
[562.035s][info][gc,phases   ] GC(1178)   Merge Heap Roots: 0.19ms
[562.035s][info][gc,phases   ] GC(1178)   Evacuate Collection Set: 24.94ms
[562.035s][info][gc,phases   ] GC(1178)   Post Evacuate Collection Set: 0.43ms
[562.035s][info][gc,phases   ] GC(1178)   Other: 0.07ms
[562.035s][info][gc,heap     ] GC(1178) Eden regions: 58->0(66)
[562.035s][info][gc,heap     ] GC(1178) Survivor regions: 11->9(9)
[562.035s][info][gc,heap     ] GC(1178) Old regions: 155->168
[562.035s][info][gc,heap     ] GC(1178) Humongous regions: 5->3
[562.035s][info][gc,metaspace] GC(1178) Metaspace: 43139K(43520K)->43139K(43520K) NonClass: 38784K(39040K)->38784K(39040K) Class: 4355K(4480K)->4355K(4480K)
[562.035s][info][gc          ] GC(1178) Pause Young (Prepare Mixed) (G1 Evacuation Pause) 228M->179M(285M) 25.934ms
[562.035s][info][gc,cpu      ] GC(1178) User=0.06s Sys=0.00s Real=0.03s
[562.304s][info][gc,start    ] GC(1179) Pause Young (Mixed) (G1 Evacuation Pause)
[562.304s][info][gc,task     ] GC(1179) Using 2 workers of 2 for evacuation
[562.335s][info][gc,phases   ] GC(1179)   Pre Evacuate Collection Set: 0.20ms
[562.335s][info][gc,phases   ] GC(1179)   Merge Heap Roots: 0.25ms
[562.335s][info][gc,phases   ] GC(1179)   Evacuate Collection Set: 27.91ms
[562.335s][info][gc,phases   ] GC(1179)   Post Evacuate Collection Set: 2.27ms
[562.335s][info][gc,phases   ] GC(1179)   Other: 0.08ms
[562.335s][info][gc,heap     ] GC(1179) Eden regions: 66->0(265)
[562.335s][info][gc,heap     ] GC(1179) Survivor regions: 9->10(10)
[562.335s][info][gc,heap     ] GC(1179) Old regions: 168->149
[562.335s][info][gc,heap     ] GC(1179) Humongous regions: 9->3
[562.335s][info][gc,metaspace] GC(1179) Metaspace: 43139K(43520K)->43139K(43520K) NonClass: 38784K(39040K)->38784K(39040K) Class: 4355K(4480K)->4355K(4480K)
[562.335s][info][gc          ] GC(1179) Pause Young (Mixed) (G1 Evacuation Pause) 251M->160M(554M) 30.919ms
[562.335s][info][gc,cpu      ] GC(1179) User=0.06s Sys=0.00s Real=0.03s
[563.431s][info][gc,start    ] GC(1180) Pause Young (Mixed) (G1 Evacuation Pause)
[563.431s][info][gc,task     ] GC(1180) Using 2 workers of 2 for evacuation
[563.514s][info][gc,phases   ] GC(1180)   Pre Evacuate Collection Set: 0.25ms
[563.514s][info][gc,phases   ] GC(1180)   Merge Heap Roots: 1.35ms
[563.514s][info][gc,phases   ] GC(1180)   Evacuate Collection Set: 80.26ms
[563.514s][info][gc,phases   ] GC(1180)   Post Evacuate Collection Set: 0.98ms
[563.514s][info][gc,phases   ] GC(1180)   Other: 0.08ms
[563.514s][info][gc,heap     ] GC(1180) Eden regions: 265->0(275)
[563.514s][info][gc,heap     ] GC(1180) Survivor regions: 10->30(35)
[563.515s][info][gc,heap     ] GC(1180) Old regions: 149->123
[563.515s][info][gc,heap     ] GC(1180) Humongous regions: 7->3
[563.515s][info][gc,metaspace] GC(1180) Metaspace: 43139K(43520K)->43139K(43520K) NonClass: 38784K(39040K)->38784K(39040K) Class: 4355K(4480K)->4355K(4480K)
[563.515s][info][gc          ] GC(1180) Pause Young (Mixed) (G1 Evacuation Pause) 429M->155M(554M) 83.145ms
[563.515s][info][gc,cpu      ] GC(1180) User=0.15s Sys=0.01s Real=0.08s
[564.466s][info][gc,start    ] GC(1181) Pause Young (Normal) (G1 Evacuation Pause)
[564.466s][info][gc,task     ] GC(1181) Using 2 workers of 2 for evacuation
[564.510s][info][gc,phases   ] GC(1181)   Pre Evacuate Collection Set: 0.28ms
[564.510s][info][gc,phases   ] GC(1181)   Merge Heap Roots: 0.12ms
[564.510s][info][gc,phases   ] GC(1181)   Evacuate Collection Set: 42.44ms
[564.510s][info][gc,phases   ] GC(1181)   Post Evacuate Collection Set: 0.64ms
[564.510s][info][gc,phases   ] GC(1181)   Other: 0.08ms
[564.510s][info][gc,heap     ] GC(1181) Eden regions: 275->0(242)
[564.510s][info][gc,heap     ] GC(1181) Survivor regions: 30->39(39)
[564.510s][info][gc,heap     ] GC(1181) Old regions: 123->144
[564.510s][info][gc,heap     ] GC(1181) Humongous regions: 5->3
[564.510s][info][gc,metaspace] GC(1181) Metaspace: 43140K(43520K)->43140K(43520K) NonClass: 38785K(39040K)->38785K(39040K) Class: 4355K(4480K)->4355K(4480K)
[564.510s][info][gc          ] GC(1181) Pause Young (Normal) (G1 Evacuation Pause) 432M->185M(554M) 43.760ms
[564.510s][info][gc,cpu      ] GC(1181) User=0.09s Sys=0.00s Real=0.04s
[565.208s][info][gc,start    ] GC(1182) Pause Young (Concurrent Start) (G1 Humongous Allocation)
[565.208s][info][gc,task     ] GC(1182) Using 2 workers of 2 for evacuation
[565.274s][info][gc,phases   ] GC(1182)   Pre Evacuate Collection Set: 0.31ms
[565.274s][info][gc,phases   ] GC(1182)   Merge Heap Roots: 0.13ms
[565.274s][info][gc,phases   ] GC(1182)   Evacuate Collection Set: 64.62ms
[565.274s][info][gc,phases   ] GC(1182)   Post Evacuate Collection Set: 0.68ms
[565.274s][info][gc,phases   ] GC(1182)   Other: 0.10ms
[565.274s][info][gc,heap     ] GC(1182) Eden regions: 180->0(176)
[565.274s][info][gc,heap     ] GC(1182) Survivor regions: 39->36(36)
[565.274s][info][gc,heap     ] GC(1182) Old regions: 144->194
[565.274s][info][gc,heap     ] GC(1182) Humongous regions: 3->3
[565.274s][info][gc,metaspace] GC(1182) Metaspace: 43140K(43520K)->43140K(43520K) NonClass: 38785K(39040K)->38785K(39040K) Class: 4355K(4480K)->4355K(4480K)
[565.274s][info][gc          ] GC(1182) Pause Young (Concurrent Start) (G1 Humongous Allocation) 365M->233M(554M) 66.076ms
[565.274s][info][gc,cpu      ] GC(1182) User=0.13s Sys=0.00s Real=0.07s
[565.274s][info][gc          ] GC(1183) Concurrent Mark Cycle
[565.276s][info][gc,marking  ] GC(1183) Concurrent Scan Root Regions
[565.316s][info][gc,marking  ] GC(1183) Concurrent Scan Root Regions 39.621ms
[565.316s][info][gc,marking  ] GC(1183) Concurrent Mark
[565.316s][info][gc,marking  ] GC(1183) Concurrent Mark From Roots
[565.316s][info][gc,task     ] GC(1183) Using 1 workers of 1 for marking
[565.395s][info][gc,marking  ] GC(1183) Concurrent Mark From Roots 79.210ms
[565.395s][info][gc,marking  ] GC(1183) Concurrent Preclean
[565.395s][info][gc,marking  ] GC(1183) Concurrent Preclean 0.047ms
[565.395s][info][gc,start    ] GC(1183) Pause Remark
[565.413s][info][gc          ] GC(1183) Pause Remark 256M->228M(554M) 17.620ms
[565.413s][info][gc,cpu      ] GC(1183) User=0.03s Sys=0.00s Real=0.02s
[565.413s][info][gc,marking  ] GC(1183) Concurrent Mark 97.217ms
[565.413s][info][gc,marking  ] GC(1183) Concurrent Rebuild Remembered Sets and Scrub Regions
[565.497s][info][gc,marking  ] GC(1183) Concurrent Rebuild Remembered Sets and Scrub Regions 84.007ms
[565.497s][info][gc,start    ] GC(1183) Pause Cleanup
[565.497s][info][gc          ] GC(1183) Pause Cleanup 247M->247M(554M) 0.087ms
[565.497s][info][gc,cpu      ] GC(1183) User=0.00s Sys=0.00s Real=0.00s
[565.497s][info][gc,marking  ] GC(1183) Concurrent Clear Claimed Marks
[565.497s][info][gc,marking  ] GC(1183) Concurrent Clear Claimed Marks 0.043ms
[565.497s][info][gc,marking  ] GC(1183) Concurrent Cleanup for Next Mark
[565.502s][info][gc,marking  ] GC(1183) Concurrent Cleanup for Next Mark 4.471ms
[565.502s][info][gc          ] GC(1183) Concurrent Mark Cycle 228.062ms
[565.978s][info][gc,start    ] GC(1184) Pause Young (Prepare Mixed) (G1 Evacuation Pause)
[565.978s][info][gc,task     ] GC(1184) Using 2 workers of 2 for evacuation
[566.029s][info][gc,phases   ] GC(1184)   Pre Evacuate Collection Set: 0.29ms
[566.029s][info][gc,phases   ] GC(1184)   Merge Heap Roots: 0.61ms
[566.029s][info][gc,phases   ] GC(1184)   Evacuate Collection Set: 49.19ms
[566.029s][info][gc,phases   ] GC(1184)   Post Evacuate Collection Set: 0.56ms
[566.029s][info][gc,phases   ] GC(1184)   Other: 0.08ms
[566.029s][info][gc,heap     ] GC(1184) Eden regions: 176->0(185)
[566.029s][info][gc,heap     ] GC(1184) Survivor regions: 36->23(27)
[566.029s][info][gc,heap     ] GC(1184) Old regions: 166->203
[566.029s][info][gc,heap     ] GC(1184) Humongous regions: 4->4
[566.029s][info][gc,metaspace] GC(1184) Metaspace: 43140K(43520K)->43140K(43520K) NonClass: 38785K(39040K)->38785K(39040K) Class: 4355K(4480K)->4355K(4480K)
[566.029s][info][gc          ] GC(1184) Pause Young (Prepare Mixed) (G1 Evacuation Pause) 382M->229M(554M) 50.946ms
[566.029s][info][gc,cpu      ] GC(1184) User=0.10s Sys=0.00s Real=0.05s
[566.733s][info][gc,start    ] GC(1185) Pause Young (Mixed) (G1 Evacuation Pause)
[566.733s][info][gc,task     ] GC(1185) Using 2 workers of 2 for evacuation
[566.780s][info][gc,phases   ] GC(1185)   Pre Evacuate Collection Set: 0.31ms
[566.780s][info][gc,phases   ] GC(1185)   Merge Heap Roots: 0.27ms
[566.780s][info][gc,phases   ] GC(1185)   Evacuate Collection Set: 45.37ms
[566.780s][info][gc,phases   ] GC(1185)   Post Evacuate Collection Set: 0.57ms
[566.780s][info][gc,phases   ] GC(1185)   Other: 0.08ms
[566.780s][info][gc,heap     ] GC(1185) Eden regions: 185->0(191)
[566.780s][info][gc,heap     ] GC(1185) Survivor regions: 23->26(26)
[566.780s][info][gc,heap     ] GC(1185) Old regions: 203->191
[566.780s][info][gc,heap     ] GC(1185) Humongous regions: 5->4
[566.780s][info][gc,metaspace] GC(1185) Metaspace: 43140K(43520K)->43140K(43520K) NonClass: 38785K(39040K)->38785K(39040K) Class: 4355K(4480K)->4355K(4480K)
[566.780s][info][gc          ] GC(1185) Pause Young (Mixed) (G1 Evacuation Pause) 415M->221M(554M) 46.824ms
[566.780s][info][gc,cpu      ] GC(1185) User=0.10s Sys=0.00s Real=0.04s
[566.839s][info][gc,start    ] GC(1186) Pause Young (Concurrent Start) (G1 Humongous Allocation)
[566.839s][info][gc,task     ] GC(1186) Using 2 workers of 2 for evacuation
[566.864s][info][gc,phases   ] GC(1186)   Pre Evacuate Collection Set: 0.28ms
[566.864s][info][gc,phases   ] GC(1186)   Merge Heap Roots: 0.12ms
[566.864s][info][gc,phases   ] GC(1186)   Evacuate Collection Set: 23.98ms
[566.864s][info][gc,phases   ] GC(1186)   Post Evacuate Collection Set: 0.35ms
[566.864s][info][gc,phases   ] GC(1186)   Other: 0.19ms
[566.864s][info][gc,heap     ] GC(1186) Eden regions: 17->0(153)
[566.864s][info][gc,heap     ] GC(1186) Survivor regions: 26->11(28)
[566.864s][info][gc,heap     ] GC(1186) Old regions: 191->217
[566.864s][info][gc,heap     ] GC(1186) Humongous regions: 4->4
[566.864s][info][gc,metaspace] GC(1186) Metaspace: 43140K(43520K)->43140K(43520K) NonClass: 38785K(39040K)->38785K(39040K) Class: 4355K(4480K)->4355K(4480K)
[566.864s][info][gc          ] GC(1186) Pause Young (Concurrent Start) (G1 Humongous Allocation) 237M->231M(554M) 25.151ms
[566.864s][info][gc,cpu      ] GC(1186) User=0.05s Sys=0.00s Real=0.03s
[566.864s][info][gc          ] GC(1187) Concurrent Mark Cycle
[566.864s][info][gc,marking  ] GC(1187) Concurrent Scan Root Regions
[566.878s][info][gc,marking  ] GC(1187) Concurrent Scan Root Regions 13.738ms
[566.878s][info][gc,marking  ] GC(1187) Concurrent Mark
[566.878s][info][gc,marking  ] GC(1187) Concurrent Mark From Roots
[566.878s][info][gc,task     ] GC(1187) Using 1 workers of 1 for marking
[566.975s][info][gc,marking  ] GC(1187) Concurrent Mark From Roots 97.348ms
[566.975s][info][gc,marking  ] GC(1187) Concurrent Preclean
[566.975s][info][gc,marking  ] GC(1187) Concurrent Preclean 0.049ms
[566.976s][info][gc,start    ] GC(1187) Pause Remark
[566.993s][info][gc          ] GC(1187) Pause Remark 256M->177M(514M) 17.819ms
[566.993s][info][gc,cpu      ] GC(1187) User=0.04s Sys=0.00s Real=0.02s
[566.994s][info][gc,marking  ] GC(1187) Concurrent Mark 115.531ms
[566.994s][info][gc,marking  ] GC(1187) Concurrent Rebuild Remembered Sets and Scrub Regions
[567.049s][info][gc,marking  ] GC(1187) Concurrent Rebuild Remembered Sets and Scrub Regions 55.925ms
[567.050s][info][gc,start    ] GC(1187) Pause Cleanup
[567.050s][info][gc          ] GC(1187) Pause Cleanup 189M->189M(514M) 0.068ms
[567.050s][info][gc,cpu      ] GC(1187) User=0.00s Sys=0.00s Real=0.00s
[567.050s][info][gc,marking  ] GC(1187) Concurrent Clear Claimed Marks
[567.050s][info][gc,marking  ] GC(1187) Concurrent Clear Claimed Marks 0.042ms
[567.050s][info][gc,marking  ] GC(1187) Concurrent Cleanup for Next Mark
[567.051s][info][gc,marking  ] GC(1187) Concurrent Cleanup for Next Mark 1.533ms
[567.051s][info][gc          ] GC(1187) Concurrent Mark Cycle 187.228ms
[567.502s][info][gc,start    ] GC(1188) Pause Young (Prepare Mixed) (G1 Evacuation Pause)
[567.502s][info][gc,task     ] GC(1188) Using 2 workers of 2 for evacuation
[567.576s][info][gc,phases   ] GC(1188)   Pre Evacuate Collection Set: 0.27ms
[567.576s][info][gc,phases   ] GC(1188)   Merge Heap Roots: 0.26ms
[567.576s][info][gc,phases   ] GC(1188)   Evacuate Collection Set: 72.74ms
[567.576s][info][gc,phases   ] GC(1188)   Post Evacuate Collection Set: 0.54ms
[567.576s][info][gc,phases   ] GC(1188)   Other: 0.12ms
[567.576s][info][gc,heap     ] GC(1188) Eden regions: 153->0(115)
[567.576s][info][gc,heap     ] GC(1188) Survivor regions: 11->21(21)
[567.576s][info][gc,heap     ] GC(1188) Old regions: 139->221
[567.576s][info][gc,heap     ] GC(1188) Humongous regions: 5->5
[567.576s][info][gc,metaspace] GC(1188) Metaspace: 43140K(43520K)->43140K(43520K) NonClass: 38785K(39040K)->38785K(39040K) Class: 4355K(4480K)->4355K(4480K)
[567.576s][info][gc          ] GC(1188) Pause Young (Prepare Mixed) (G1 Evacuation Pause) 307M->246M(514M) 74.193ms
[567.576s][info][gc,cpu      ] GC(1188) User=0.15s Sys=0.00s Real=0.07s
[568.029s][info][gc,start    ] GC(1189) Pause Young (Mixed) (G1 Evacuation Pause)
[568.029s][info][gc,task     ] GC(1189) Using 2 workers of 2 for evacuation
[568.092s][info][gc,phases   ] GC(1189)   Pre Evacuate Collection Set: 0.29ms
[568.092s][info][gc,phases   ] GC(1189)   Merge Heap Roots: 0.48ms
[568.092s][info][gc,phases   ] GC(1189)   Evacuate Collection Set: 61.84ms
[568.092s][info][gc,phases   ] GC(1189)   Post Evacuate Collection Set: 0.52ms
[568.092s][info][gc,phases   ] GC(1189)   Other: 0.11ms
[568.092s][info][gc,heap     ] GC(1189) Eden regions: 115->0(107)
[568.092s][info][gc,heap     ] GC(1189) Survivor regions: 21->17(17)
[568.092s][info][gc,heap     ] GC(1189) Old regions: 221->246
[568.092s][info][gc,heap     ] GC(1189) Humongous regions: 6->6
[568.092s][info][gc,metaspace] GC(1189) Metaspace: 43140K(43520K)->43140K(43520K) NonClass: 38785K(39040K)->38785K(39040K) Class: 4355K(4480K)->4355K(4480K)
[568.092s][info][gc          ] GC(1189) Pause Young (Mixed) (G1 Evacuation Pause) 362M->268M(514M) 63.503ms
[568.092s][info][gc,cpu      ] GC(1189) User=0.12s Sys=0.00s Real=0.07s
[568.490s][info][gc,start    ] GC(1190) Pause Young (Concurrent Start) (G1 Evacuation Pause)
[568.490s][info][gc,task     ] GC(1190) Using 2 workers of 2 for evacuation
[568.512s][info][gc,phases   ] GC(1190)   Pre Evacuate Collection Set: 0.27ms
[568.512s][info][gc,phases   ] GC(1190)   Merge Heap Roots: 0.19ms
[568.512s][info][gc,phases   ] GC(1190)   Evacuate Collection Set: 20.52ms
[568.512s][info][gc,phases   ] GC(1190)   Post Evacuate Collection Set: 0.77ms
[568.512s][info][gc,phases   ] GC(1190)   Other: 0.14ms
[568.512s][info][gc,heap     ] GC(1190) Eden regions: 107->0(137)
[568.512s][info][gc,heap     ] GC(1190) Survivor regions: 17->8(16)
[568.512s][info][gc,heap     ] GC(1190) Old regions: 246->260
[568.512s][info][gc,heap     ] GC(1190) Humongous regions: 6->6
[568.512s][info][gc,metaspace] GC(1190) Metaspace: 43141K(43520K)->43141K(43520K) NonClass: 38786K(39040K)->38786K(39040K) Class: 4355K(4480K)->4355K(4480K)
[568.512s][info][gc          ] GC(1190) Pause Young (Concurrent Start) (G1 Evacuation Pause) 375M->273M(561M) 22.105ms
[568.512s][info][gc,cpu      ] GC(1190) User=0.05s Sys=0.00s Real=0.03s
[568.512s][info][gc          ] GC(1191) Concurrent Mark Cycle
[568.512s][info][gc,marking  ] GC(1191) Concurrent Scan Root Regions
[568.524s][info][gc,marking  ] GC(1191) Concurrent Scan Root Regions 11.251ms
[568.524s][info][gc,marking  ] GC(1191) Concurrent Mark
[568.524s][info][gc,marking  ] GC(1191) Concurrent Mark From Roots
[568.524s][info][gc,task     ] GC(1191) Using 1 workers of 1 for marking
[568.651s][info][gc,marking  ] GC(1191) Concurrent Mark From Roots 127.019ms
[568.651s][info][gc,marking  ] GC(1191) Concurrent Preclean
[568.651s][info][gc,marking  ] GC(1191) Concurrent Preclean 0.049ms
[568.651s][info][gc,start    ] GC(1191) Pause Remark
[568.669s][info][gc          ] GC(1191) Pause Remark 303M->252M(561M) 17.708ms
[568.669s][info][gc,cpu      ] GC(1191) User=0.04s Sys=0.00s Real=0.02s
[568.669s][info][gc,marking  ] GC(1191) Concurrent Mark 145.100ms
[568.669s][info][gc,marking  ] GC(1191) Concurrent Rebuild Remembered Sets and Scrub Regions
[568.748s][info][gc,marking  ] GC(1191) Concurrent Rebuild Remembered Sets and Scrub Regions 79.334ms
[568.748s][info][gc,start    ] GC(1191) Pause Cleanup
[568.748s][info][gc          ] GC(1191) Pause Cleanup 273M->273M(561M) 0.101ms
[568.748s][info][gc,cpu      ] GC(1191) User=0.00s Sys=0.00s Real=0.00s
[568.749s][info][gc,marking  ] GC(1191) Concurrent Clear Claimed Marks
[568.749s][info][gc,marking  ] GC(1191) Concurrent Clear Claimed Marks 0.044ms
[568.749s][info][gc,marking  ] GC(1191) Concurrent Cleanup for Next Mark
[568.751s][info][gc,marking  ] GC(1191) Concurrent Cleanup for Next Mark 2.192ms
[568.751s][info][gc          ] GC(1191) Concurrent Mark Cycle 238.367ms
[569.104s][info][gc,start    ] GC(1192) Pause Young (Prepare Mixed) (G1 Evacuation Pause)
[569.104s][info][gc,task     ] GC(1192) Using 2 workers of 2 for evacuation
[569.122s][info][gc,phases   ] GC(1192)   Pre Evacuate Collection Set: 0.25ms
[569.122s][info][gc,phases   ] GC(1192)   Merge Heap Roots: 0.11ms
[569.122s][info][gc,phases   ] GC(1192)   Evacuate Collection Set: 17.11ms
[569.122s][info][gc,phases   ] GC(1192)   Post Evacuate Collection Set: 0.43ms
[569.122s][info][gc,phases   ] GC(1192)   Other: 0.10ms
[569.122s][info][gc,heap     ] GC(1192) Eden regions: 137->0(162)
[569.122s][info][gc,heap     ] GC(1192) Survivor regions: 8->19(19)
[569.122s][info][gc,heap     ] GC(1192) Old regions: 209->216
[569.122s][info][gc,heap     ] GC(1192) Humongous regions: 5->5
[569.122s][info][gc,metaspace] GC(1192) Metaspace: 43141K(43520K)->43141K(43520K) NonClass: 38786K(39040K)->38786K(39040K) Class: 4355K(4480K)->4355K(4480K)
[569.122s][info][gc          ] GC(1192) Pause Young (Prepare Mixed) (G1 Evacuation Pause) 358M->239M(561M) 18.226ms
[569.122s][info][gc,cpu      ] GC(1192) User=0.03s Sys=0.00s Real=0.02s
[569.754s][info][gc,start    ] GC(1193) Pause Young (Mixed) (G1 Evacuation Pause)
[569.754s][info][gc,task     ] GC(1193) Using 2 workers of 2 for evacuation
[569.794s][info][gc,phases   ] GC(1193)   Pre Evacuate Collection Set: 0.27ms
[569.794s][info][gc,phases   ] GC(1193)   Merge Heap Roots: 0.20ms
[569.794s][info][gc,phases   ] GC(1193)   Evacuate Collection Set: 38.44ms
[569.794s][info][gc,phases   ] GC(1193)   Post Evacuate Collection Set: 0.65ms
[569.794s][info][gc,phases   ] GC(1193)   Other: 0.09ms
[569.794s][info][gc,heap     ] GC(1193) Eden regions: 162->0(180)
[569.794s][info][gc,heap     ] GC(1193) Survivor regions: 19->23(23)
[569.794s][info][gc,heap     ] GC(1193) Old regions: 216->183
[569.794s][info][gc,heap     ] GC(1193) Humongous regions: 7->6
[569.794s][info][gc,metaspace] GC(1193) Metaspace: 43141K(43520K)->43141K(43520K) NonClass: 38786K(39040K)->38786K(39040K) Class: 4355K(4480K)->4355K(4480K)
[569.794s][info][gc          ] GC(1193) Pause Young (Mixed) (G1 Evacuation Pause) 403M->212M(561M) 39.887ms
[569.794s][info][gc,cpu      ] GC(1193) User=0.08s Sys=0.00s Real=0.04s
[570.436s][info][gc,start    ] GC(1194) Pause Young (Mixed) (G1 Evacuation Pause)
[570.437s][info][gc,task     ] GC(1194) Using 2 workers of 2 for evacuation
[570.500s][info][gc,phases   ] GC(1194)   Pre Evacuate Collection Set: 0.28ms
[570.500s][info][gc,phases   ] GC(1194)   Merge Heap Roots: 1.17ms
[570.500s][info][gc,phases   ] GC(1194)   Evacuate Collection Set: 60.74ms
[570.500s][info][gc,phases   ] GC(1194)   Post Evacuate Collection Set: 0.81ms
[570.500s][info][gc,phases   ] GC(1194)   Other: 0.08ms
[570.500s][info][gc,heap     ] GC(1194) Eden regions: 180->0(196)
[570.500s][info][gc,heap     ] GC(1194) Survivor regions: 23->16(26)
[570.500s][info][gc,heap     ] GC(1194) Old regions: 183->185
[570.500s][info][gc,heap     ] GC(1194) Humongous regions: 8->6
[570.500s][info][gc,metaspace] GC(1194) Metaspace: 43141K(43520K)->43141K(43520K) NonClass: 38786K(39040K)->38786K(39040K) Class: 4355K(4480K)->4355K(4480K)
[570.500s][info][gc          ] GC(1194) Pause Young (Mixed) (G1 Evacuation Pause) 394M->207M(561M) 63.308ms
[570.500s][info][gc,cpu      ] GC(1194) User=0.12s Sys=0.00s Real=0.06s
[570.794s][info][gc,start    ] GC(1195) Pause Young (Concurrent Start) (G1 Humongous Allocation)
[570.794s][info][gc,task     ] GC(1195) Using 2 workers of 2 for evacuation
[570.825s][info][gc,phases   ] GC(1195)   Pre Evacuate Collection Set: 0.26ms
[570.825s][info][gc,phases   ] GC(1195)   Merge Heap Roots: 0.11ms
[570.825s][info][gc,phases   ] GC(1195)   Evacuate Collection Set: 29.90ms
[570.825s][info][gc,phases   ] GC(1195)   Post Evacuate Collection Set: 0.42ms
[570.825s][info][gc,phases   ] GC(1195)   Other: 0.16ms
[570.825s][info][gc,heap     ] GC(1195) Eden regions: 81->0(186)
[570.825s][info][gc,heap     ] GC(1195) Survivor regions: 16->27(27)
[570.825s][info][gc,heap     ] GC(1195) Old regions: 185->201
[570.825s][info][gc,heap     ] GC(1195) Humongous regions: 6->6
[570.825s][info][gc,metaspace] GC(1195) Metaspace: 43141K(43520K)->43141K(43520K) NonClass: 38786K(39040K)->38786K(39040K) Class: 4355K(4480K)->4355K(4480K)
[570.825s][info][gc          ] GC(1195) Pause Young (Concurrent Start) (G1 Humongous Allocation) 287M->233M(561M) 31.095ms
[570.825s][info][gc,cpu      ] GC(1195) User=0.06s Sys=0.00s Real=0.03s
[570.825s][info][gc          ] GC(1196) Concurrent Mark Cycle
[570.825s][info][gc,marking  ] GC(1196) Concurrent Scan Root Regions
[570.846s][info][gc,marking  ] GC(1196) Concurrent Scan Root Regions 20.280ms
[570.846s][info][gc,marking  ] GC(1196) Concurrent Mark
[570.846s][info][gc,marking  ] GC(1196) Concurrent Mark From Roots
[570.846s][info][gc,task     ] GC(1196) Using 1 workers of 1 for marking
[570.951s][info][gc,marking  ] GC(1196) Concurrent Mark From Roots 105.238ms
[570.951s][info][gc,marking  ] GC(1196) Concurrent Preclean
[570.951s][info][gc,marking  ] GC(1196) Concurrent Preclean 0.052ms
[570.952s][info][gc,start    ] GC(1196) Pause Remark
[570.970s][info][gc          ] GC(1196) Pause Remark 264M->200M(561M) 17.654ms
[570.970s][info][gc,cpu      ] GC(1196) User=0.03s Sys=0.00s Real=0.01s
[570.970s][info][gc,marking  ] GC(1196) Concurrent Mark 124.302ms
[570.970s][info][gc,marking  ] GC(1196) Concurrent Rebuild Remembered Sets and Scrub Regions
[571.026s][info][gc,marking  ] GC(1196) Concurrent Rebuild Remembered Sets and Scrub Regions 56.035ms
[571.026s][info][gc,start    ] GC(1196) Pause Cleanup
[571.026s][info][gc          ] GC(1196) Pause Cleanup 214M->214M(561M) 0.070ms
[571.026s][info][gc,cpu      ] GC(1196) User=0.00s Sys=0.00s Real=0.00s
[571.026s][info][gc,marking  ] GC(1196) Concurrent Clear Claimed Marks
[571.026s][info][gc,marking  ] GC(1196) Concurrent Clear Claimed Marks 0.043ms
[571.026s][info][gc,marking  ] GC(1196) Concurrent Cleanup for Next Mark
[571.028s][info][gc,marking  ] GC(1196) Concurrent Cleanup for Next Mark 1.699ms
[571.028s][info][gc          ] GC(1196) Concurrent Mark Cycle 202.868ms
[571.546s][info][gc,start    ] GC(1197) Pause Young (Prepare Mixed) (G1 Evacuation Pause)
[571.546s][info][gc,task     ] GC(1197) Using 2 workers of 2 for evacuation
[571.588s][info][gc,phases   ] GC(1197)   Pre Evacuate Collection Set: 0.26ms
[571.588s][info][gc,phases   ] GC(1197)   Merge Heap Roots: 0.19ms
[571.588s][info][gc,phases   ] GC(1197)   Evacuate Collection Set: 40.47ms
[571.588s][info][gc,phases   ] GC(1197)   Post Evacuate Collection Set: 0.51ms
[571.588s][info][gc,phases   ] GC(1197)   Other: 0.08ms
[571.588s][info][gc,heap     ] GC(1197) Eden regions: 186->0(203)
[571.588s][info][gc,heap     ] GC(1197) Survivor regions: 27->27(27)
[571.588s][info][gc,heap     ] GC(1197) Old regions: 139->170
[571.588s][info][gc,heap     ] GC(1197) Humongous regions: 6->5
[571.588s][info][gc,metaspace] GC(1197) Metaspace: 43141K(43520K)->43141K(43520K) NonClass: 38786K(39040K)->38786K(39040K) Class: 4355K(4480K)->4355K(4480K)
[571.588s][info][gc          ] GC(1197) Pause Young (Prepare Mixed) (G1 Evacuation Pause) 357M->201M(561M) 41.740ms
[571.588s][info][gc,cpu      ] GC(1197) User=0.08s Sys=0.00s Real=0.04s
[572.302s][info][gc,start    ] GC(1198) Pause Young (Mixed) (G1 Evacuation Pause)
[572.302s][info][gc,task     ] GC(1198) Using 2 workers of 2 for evacuation
[572.364s][info][gc,phases   ] GC(1198)   Pre Evacuate Collection Set: 0.27ms
[572.364s][info][gc,phases   ] GC(1198)   Merge Heap Roots: 0.25ms
[572.364s][info][gc,phases   ] GC(1198)   Evacuate Collection Set: 60.44ms
[572.364s][info][gc,phases   ] GC(1198)   Post Evacuate Collection Set: 0.69ms
[572.364s][info][gc,phases   ] GC(1198)   Other: 0.10ms
[572.364s][info][gc,heap     ] GC(1198) Eden regions: 203->0(190)
[572.364s][info][gc,heap     ] GC(1198) Survivor regions: 27->29(29)
[572.364s][info][gc,heap     ] GC(1198) Old regions: 170->190
[572.364s][info][gc,heap     ] GC(1198) Humongous regions: 9->7
[572.364s][info][gc,metaspace] GC(1198) Metaspace: 43141K(43520K)->43141K(43520K) NonClass: 38786K(39040K)->38786K(39040K) Class: 4355K(4480K)->4355K(4480K)
[572.364s][info][gc          ] GC(1198) Pause Young (Mixed) (G1 Evacuation Pause) 408M->225M(561M) 62.024ms
[572.364s][info][gc,cpu      ] GC(1198) User=0.12s Sys=0.01s Real=0.06s
[572.972s][info][gc,start    ] GC(1199) Pause Young (Concurrent Start) (G1 Evacuation Pause)
[572.972s][info][gc,task     ] GC(1199) Using 2 workers of 2 for evacuation
[572.998s][info][gc,phases   ] GC(1199)   Pre Evacuate Collection Set: 0.27ms
[572.998s][info][gc,phases   ] GC(1199)   Merge Heap Roots: 0.23ms
[572.998s][info][gc,phases   ] GC(1199)   Evacuate Collection Set: 24.37ms
[572.998s][info][gc,phases   ] GC(1199)   Post Evacuate Collection Set: 0.50ms
[572.998s][info][gc,phases   ] GC(1199)   Other: 0.17ms
[572.998s][info][gc,heap     ] GC(1199) Eden regions: 190->0(205)
[572.998s][info][gc,heap     ] GC(1199) Survivor regions: 29->2(28)
[572.998s][info][gc,heap     ] GC(1199) Old regions: 190->219
[572.998s][info][gc,heap     ] GC(1199) Humongous regions: 7->7
[572.998s][info][gc,metaspace] GC(1199) Metaspace: 43141K(43520K)->43141K(43520K) NonClass: 38786K(39040K)->38786K(39040K) Class: 4355K(4480K)->4355K(4480K)
[572.998s][info][gc          ] GC(1199) Pause Young (Concurrent Start) (G1 Evacuation Pause) 415M->228M(561M) 25.793ms
[572.998s][info][gc,cpu      ] GC(1199) User=0.05s Sys=0.00s Real=0.02s
[572.998s][info][gc          ] GC(1200) Concurrent Mark Cycle
[572.998s][info][gc,marking  ] GC(1200) Concurrent Scan Root Regions
[573.011s][info][gc,marking  ] GC(1200) Concurrent Scan Root Regions 13.080ms
[573.011s][info][gc,marking  ] GC(1200) Concurrent Mark
[573.011s][info][gc,marking  ] GC(1200) Concurrent Mark From Roots
[573.011s][info][gc,task     ] GC(1200) Using 1 workers of 1 for marking
[573.121s][info][gc,marking  ] GC(1200) Concurrent Mark From Roots 109.523ms
[573.121s][info][gc,marking  ] GC(1200) Concurrent Preclean
[573.121s][info][gc,marking  ] GC(1200) Concurrent Preclean 0.046ms
[573.121s][info][gc,start    ] GC(1200) Pause Remark
[573.139s][info][gc          ] GC(1200) Pause Remark 261M->209M(561M) 17.941ms
[573.139s][info][gc,cpu      ] GC(1200) User=0.04s Sys=0.01s Real=0.01s
[573.139s][info][gc,marking  ] GC(1200) Concurrent Mark 127.874ms
[573.139s][info][gc,marking  ] GC(1200) Concurrent Rebuild Remembered Sets and Scrub Regions
[573.203s][info][gc,marking  ] GC(1200) Concurrent Rebuild Remembered Sets and Scrub Regions 63.508ms
[573.203s][info][gc,start    ] GC(1200) Pause Cleanup
[573.203s][info][gc          ] GC(1200) Pause Cleanup 227M->227M(561M) 0.077ms
[573.203s][info][gc,cpu      ] GC(1200) User=0.00s Sys=0.00s Real=0.00s
[573.203s][info][gc,marking  ] GC(1200) Concurrent Clear Claimed Marks
[573.203s][info][gc,marking  ] GC(1200) Concurrent Clear Claimed Marks 0.042ms
[573.203s][info][gc,marking  ] GC(1200) Concurrent Cleanup for Next Mark
[573.205s][info][gc,marking  ] GC(1200) Concurrent Cleanup for Next Mark 1.674ms
[573.205s][info][gc          ] GC(1200) Concurrent Mark Cycle 206.635ms
[573.692s][info][gc,start    ] GC(1201) Pause Young (Prepare Mixed) (G1 Evacuation Pause)
[573.692s][info][gc,task     ] GC(1201) Using 2 workers of 2 for evacuation
[573.696s][info][gc,phases   ] GC(1201)   Pre Evacuate Collection Set: 0.34ms
[573.696s][info][gc,phases   ] GC(1201)   Merge Heap Roots: 0.11ms
[573.696s][info][gc,phases   ] GC(1201)   Evacuate Collection Set: 2.66ms
[573.696s][info][gc,phases   ] GC(1201)   Post Evacuate Collection Set: 1.00ms
[573.696s][info][gc,phases   ] GC(1201)   Other: 0.10ms
[573.696s][info][gc,heap     ] GC(1201) Eden regions: 205->0(252)
[573.696s][info][gc,heap     ] GC(1201) Survivor regions: 2->3(26)
[573.696s][info][gc,heap     ] GC(1201) Old regions: 169->169
[573.696s][info][gc,heap     ] GC(1201) Humongous regions: 6->5
[573.696s][info][gc,metaspace] GC(1201) Metaspace: 43141K(43520K)->43141K(43520K) NonClass: 38786K(39040K)->38786K(39040K) Class: 4355K(4480K)->4355K(4480K)
[573.696s][info][gc          ] GC(1201) Pause Young (Prepare Mixed) (G1 Evacuation Pause) 382M->176M(561M) 4.458ms
[573.696s][info][gc,cpu      ] GC(1201) User=0.01s Sys=0.00s Real=0.00s
[574.302s][info][gc,start    ] GC(1202) Pause Young (Mixed) (G1 Evacuation Pause)
[574.302s][info][gc,task     ] GC(1202) Using 2 workers of 2 for evacuation
[574.315s][info][gc,phases   ] GC(1202)   Pre Evacuate Collection Set: 0.25ms
[574.315s][info][gc,phases   ] GC(1202)   Merge Heap Roots: 0.41ms
[574.315s][info][gc,phases   ] GC(1202)   Evacuate Collection Set: 11.63ms
[574.315s][info][gc,phases   ] GC(1202)   Post Evacuate Collection Set: 0.56ms
[574.315s][info][gc,phases   ] GC(1202)   Other: 0.08ms
[574.315s][info][gc,heap     ] GC(1202) Eden regions: 252->0(290)
[574.315s][info][gc,heap     ] GC(1202) Survivor regions: 3->4(32)
[574.315s][info][gc,heap     ] GC(1202) Old regions: 169->133
[574.315s][info][gc,heap     ] GC(1202) Humongous regions: 5->3
[574.315s][info][gc,metaspace] GC(1202) Metaspace: 43141K(43520K)->43141K(43520K) NonClass: 38786K(39040K)->38786K(39040K) Class: 4355K(4480K)->4355K(4480K)
[574.315s][info][gc          ] GC(1202) Pause Young (Mixed) (G1 Evacuation Pause) 428M->139M(561M) 13.151ms
[574.315s][info][gc,cpu      ] GC(1202) User=0.02s Sys=0.00s Real=0.01s
[574.687s][info][gc,start    ] GC(1203) Pause Young (Concurrent Start) (G1 Humongous Allocation)
[574.688s][info][gc,task     ] GC(1203) Using 2 workers of 2 for evacuation
[574.692s][info][gc,phases   ] GC(1203)   Pre Evacuate Collection Set: 0.27ms
[574.692s][info][gc,phases   ] GC(1203)   Merge Heap Roots: 0.07ms
[574.692s][info][gc,phases   ] GC(1203)   Evacuate Collection Set: 3.22ms
[574.692s][info][gc,phases   ] GC(1203)   Post Evacuate Collection Set: 0.47ms
[574.692s][info][gc,phases   ] GC(1203)   Other: 0.09ms
[574.692s][info][gc,heap     ] GC(1203) Eden regions: 197->0(307)
[574.692s][info][gc,heap     ] GC(1203) Survivor regions: 4->4(37)
[574.692s][info][gc,heap     ] GC(1203) Old regions: 133->133
[574.692s][info][gc,heap     ] GC(1203) Humongous regions: 3->3
[574.692s][info][gc,metaspace] GC(1203) Metaspace: 43141K(43520K)->43141K(43520K) NonClass: 38786K(39040K)->38786K(39040K) Class: 4355K(4480K)->4355K(4480K)
[574.692s][info][gc          ] GC(1203) Pause Young (Concurrent Start) (G1 Humongous Allocation) 336M->139M(561M) 4.326ms
[574.692s][info][gc          ] GC(1204) Concurrent Mark Cycle
[574.692s][info][gc,marking  ] GC(1204) Concurrent Scan Root Regions
[574.694s][info][gc,cpu      ] GC(1203) User=0.01s Sys=0.00s Real=0.01s
[574.694s][info][gc,marking  ] GC(1204) Concurrent Scan Root Regions 2.135ms
[574.694s][info][gc,marking  ] GC(1204) Concurrent Mark
[574.694s][info][gc,marking  ] GC(1204) Concurrent Mark From Roots
[574.694s][info][gc,task     ] GC(1204) Using 1 workers of 1 for marking
[574.780s][info][gc,marking  ] GC(1204) Concurrent Mark From Roots 86.238ms
[574.780s][info][gc,marking  ] GC(1204) Concurrent Preclean
[574.780s][info][gc,marking  ] GC(1204) Concurrent Preclean 0.043ms
[574.780s][info][gc,start    ] GC(1204) Pause Remark
[574.798s][info][gc          ] GC(1204) Pause Remark 163M->101M(267M) 17.862ms
[574.798s][info][gc,cpu      ] GC(1204) User=0.04s Sys=0.00s Real=0.02s
[574.798s][info][gc,marking  ] GC(1204) Concurrent Mark 104.443ms
[574.798s][info][gc,marking  ] GC(1204) Concurrent Rebuild Remembered Sets and Scrub Regions
[574.828s][info][gc,marking  ] GC(1204) Concurrent Rebuild Remembered Sets and Scrub Regions 29.638ms
[574.828s][info][gc,start    ] GC(1204) Pause Cleanup
[574.828s][info][gc          ] GC(1204) Pause Cleanup 109M->109M(267M) 0.056ms
[574.828s][info][gc,cpu      ] GC(1204) User=0.00s Sys=0.00s Real=0.00s
[574.828s][info][gc,marking  ] GC(1204) Concurrent Clear Claimed Marks
[574.828s][info][gc,marking  ] GC(1204) Concurrent Clear Claimed Marks 0.042ms
[574.828s][info][gc,marking  ] GC(1204) Concurrent Cleanup for Next Mark
[574.829s][info][gc,marking  ] GC(1204) Concurrent Cleanup for Next Mark 0.815ms
[574.829s][info][gc          ] GC(1204) Concurrent Mark Cycle 137.433ms
[575.318s][info][gc,start    ] GC(1205) Pause Young (Prepare Mixed) (G1 Evacuation Pause)
[575.318s][info][gc,task     ] GC(1205) Using 2 workers of 2 for evacuation
[575.330s][info][gc,phases   ] GC(1205)   Pre Evacuate Collection Set: 0.23ms
[575.330s][info][gc,phases   ] GC(1205)   Merge Heap Roots: 0.08ms
[575.330s][info][gc,phases   ] GC(1205)   Evacuate Collection Set: 11.02ms
[575.330s][info][gc,phases   ] GC(1205)   Post Evacuate Collection Set: 1.05ms
[575.330s][info][gc,phases   ] GC(1205)   Other: 0.07ms
[575.330s][info][gc,heap     ] GC(1205) Eden regions: 79->0(238)
[575.330s][info][gc,heap     ] GC(1205) Survivor regions: 4->9(28)
[575.330s][info][gc,heap     ] GC(1205) Old regions: 73->73
[575.330s][info][gc,heap     ] GC(1205) Humongous regions: 247->3
[575.330s][info][gc,metaspace] GC(1205) Metaspace: 43141K(43520K)->43141K(43520K) NonClass: 38786K(39040K)->38786K(39040K) Class: 4355K(4480K)->4355K(4480K)
[575.330s][info][gc          ] GC(1205) Pause Young (Prepare Mixed) (G1 Evacuation Pause) 402M->84M(412M) 12.696ms
[575.330s][info][gc,cpu      ] GC(1205) User=0.02s Sys=0.01s Real=0.01s
[576.005s][info][gc,start    ] GC(1206) Pause Young (Mixed) (G1 Evacuation Pause)
[576.005s][info][gc,task     ] GC(1206) Using 2 workers of 2 for evacuation
[576.029s][info][gc,phases   ] GC(1206)   Pre Evacuate Collection Set: 0.29ms
[576.029s][info][gc,phases   ] GC(1206)   Merge Heap Roots: 0.08ms
[576.029s][info][gc,phases   ] GC(1206)   Evacuate Collection Set: 22.59ms
[576.029s][info][gc,phases   ] GC(1206)   Post Evacuate Collection Set: 0.96ms
[576.029s][info][gc,phases   ] GC(1206)   Other: 0.07ms
[576.029s][info][gc,heap     ] GC(1206) Eden regions: 63->0(324)
[576.029s][info][gc,heap     ] GC(1206) Survivor regions: 9->12(33)
[576.029s][info][gc,heap     ] GC(1206) Old regions: 73->66
[576.029s][info][gc,heap     ] GC(1206) Humongous regions: 403->3
[576.029s][info][gc,metaspace] GC(1206) Metaspace: 43141K(43520K)->43141K(43520K) NonClass: 38786K(39040K)->38786K(39040K) Class: 4355K(4480K)->4355K(4480K)
[576.030s][info][gc          ] GC(1206) Pause Young (Mixed) (G1 Evacuation Pause) 547M->80M(561M) 24.217ms
[576.030s][info][gc,cpu      ] GC(1206) User=0.04s Sys=0.01s Real=0.02s
[576.111s][info][gc,start    ] GC(1207) Pause Young (Concurrent Start) (G1 Humongous Allocation)
[576.111s][info][gc,task     ] GC(1207) Using 2 workers of 2 for evacuation
[576.122s][info][gc,phases   ] GC(1207)   Pre Evacuate Collection Set: 0.28ms
[576.122s][info][gc,phases   ] GC(1207)   Merge Heap Roots: 0.07ms
[576.122s][info][gc,phases   ] GC(1207)   Evacuate Collection Set: 10.09ms
[576.122s][info][gc,phases   ] GC(1207)   Post Evacuate Collection Set: 0.37ms
[576.122s][info][gc,phases   ] GC(1207)   Other: 0.12ms
[576.122s][info][gc,heap     ] GC(1207) Eden regions: 9->0(323)
[576.122s][info][gc,heap     ] GC(1207) Survivor regions: 12->13(42)
[576.122s][info][gc,heap     ] GC(1207) Old regions: 66->66
[576.122s][info][gc,heap     ] GC(1207) Humongous regions: 59->1
[576.122s][info][gc,metaspace] GC(1207) Metaspace: 43141K(43520K)->43141K(43520K) NonClass: 38786K(39040K)->38786K(39040K) Class: 4355K(4480K)->4355K(4480K)
[576.122s][info][gc          ] GC(1207) Pause Young (Concurrent Start) (G1 Humongous Allocation) 144M->78M(561M) 11.144ms
[576.122s][info][gc,cpu      ] GC(1207) User=0.02s Sys=0.00s Real=0.02s
[576.122s][info][gc          ] GC(1208) Concurrent Undo Cycle
[576.122s][info][gc,marking  ] GC(1208) Concurrent Clear Claimed Marks
[576.122s][info][gc,marking  ] GC(1208) Concurrent Clear Claimed Marks 0.040ms
[576.122s][info][gc,marking  ] GC(1208) Concurrent Cleanup for Next Mark
[576.122s][info][gc,marking  ] GC(1208) Concurrent Cleanup for Next Mark 0.140ms
[576.122s][info][gc          ] GC(1208) Concurrent Undo Cycle 0.232ms
[576.125s][info][gc,start    ] GC(1209) Pause Young (Concurrent Start) (G1 Humongous Allocation)
[576.125s][info][gc,task     ] GC(1209) Using 2 workers of 2 for evacuation
[576.137s][info][gc,phases   ] GC(1209)   Pre Evacuate Collection Set: 0.23ms
[576.137s][info][gc,phases   ] GC(1209)   Merge Heap Roots: 0.04ms
[576.137s][info][gc,phases   ] GC(1209)   Evacuate Collection Set: 10.37ms
[576.137s][info][gc,phases   ] GC(1209)   Post Evacuate Collection Set: 0.58ms
[576.137s][info][gc,phases   ] GC(1209)   Other: 0.14ms
[576.137s][info][gc,heap     ] GC(1209) Eden regions: 1->0(323)
[576.137s][info][gc,heap     ] GC(1209) Survivor regions: 13->13(42)
[576.137s][info][gc,heap     ] GC(1209) Old regions: 66->66
[576.137s][info][gc,heap     ] GC(1209) Humongous regions: 3->1
[576.137s][info][gc,metaspace] GC(1209) Metaspace: 43141K(43520K)->43141K(43520K) NonClass: 38786K(39040K)->38786K(39040K) Class: 4355K(4480K)->4355K(4480K)
[576.137s][info][gc          ] GC(1209) Pause Young (Concurrent Start) (G1 Humongous Allocation) 81M->78M(561M) 11.538ms
[576.137s][info][gc          ] GC(1210) Concurrent Mark Cycle
[576.137s][info][gc,marking  ] GC(1210) Concurrent Scan Root Regions
[576.139s][info][gc,cpu      ] GC(1209) User=0.03s Sys=0.00s Real=0.01s
[576.144s][info][gc,marking  ] GC(1210) Concurrent Scan Root Regions 7.646ms
[576.144s][info][gc,marking  ] GC(1210) Concurrent Mark
[576.144s][info][gc,marking  ] GC(1210) Concurrent Mark From Roots
[576.144s][info][gc,task     ] GC(1210) Using 1 workers of 1 for marking
[576.218s][info][gc,marking  ] GC(1210) Concurrent Mark From Roots 73.551ms
[576.218s][info][gc,marking  ] GC(1210) Concurrent Preclean
[576.218s][info][gc,marking  ] GC(1210) Concurrent Preclean 0.046ms
[576.218s][info][gc,start    ] GC(1210) Pause Remark
[576.236s][info][gc          ] GC(1210) Pause Remark 126M->126M(394M) 17.727ms
[576.236s][info][gc,cpu      ] GC(1210) User=0.03s Sys=0.00s Real=0.02s
[576.236s][info][gc,marking  ] GC(1210) Concurrent Mark 91.632ms
[576.236s][info][gc,marking  ] GC(1210) Concurrent Rebuild Remembered Sets and Scrub Regions
[576.265s][info][gc,marking  ] GC(1210) Concurrent Rebuild Remembered Sets and Scrub Regions 29.151ms
[576.265s][info][gc,start    ] GC(1210) Pause Cleanup
[576.265s][info][gc          ] GC(1210) Pause Cleanup 141M->141M(394M) 0.063ms
[576.265s][info][gc,cpu      ] GC(1210) User=0.00s Sys=0.00s Real=0.00s
[576.265s][info][gc,marking  ] GC(1210) Concurrent Clear Claimed Marks
[576.266s][info][gc,marking  ] GC(1210) Concurrent Clear Claimed Marks 0.044ms
[576.266s][info][gc,marking  ] GC(1210) Concurrent Cleanup for Next Mark
[576.268s][info][gc,marking  ] GC(1210) Concurrent Cleanup for Next Mark 2.438ms
[576.268s][info][gc          ] GC(1210) Concurrent Mark Cycle 131.295ms
[576.849s][info][gc,start    ] GC(1211) Pause Young (Prepare Mixed) (G1 Evacuation Pause)
[576.849s][info][gc,task     ] GC(1211) Using 2 workers of 2 for evacuation
[576.886s][info][gc,phases   ] GC(1211)   Pre Evacuate Collection Set: 0.27ms
[576.886s][info][gc,phases   ] GC(1211)   Merge Heap Roots: 0.08ms
[576.886s][info][gc,phases   ] GC(1211)   Evacuate Collection Set: 34.55ms
[576.886s][info][gc,phases   ] GC(1211)   Post Evacuate Collection Set: 1.38ms
[576.886s][info][gc,phases   ] GC(1211)   Other: 0.07ms
[576.886s][info][gc,heap     ] GC(1211) Eden regions: 72->0(293)
[576.886s][info][gc,heap     ] GC(1211) Survivor regions: 13->25(36)
[576.886s][info][gc,heap     ] GC(1211) Old regions: 66->66
[576.886s][info][gc,heap     ] GC(1211) Humongous regions: 355->3
[576.886s][info][gc,metaspace] GC(1211) Metaspace: 43142K(43520K)->43142K(43520K) NonClass: 38787K(39040K)->38787K(39040K) Class: 4355K(4480K)->4355K(4480K)
[576.886s][info][gc          ] GC(1211) Pause Young (Prepare Mixed) (G1 Evacuation Pause) 504M->92M(531M) 36.566ms
[576.886s][info][gc,cpu      ] GC(1211) User=0.05s Sys=0.01s Real=0.04s
[577.647s][info][gc,start    ] GC(1212) Pause Young (Mixed) (G1 Evacuation Pause)
[577.648s][info][gc,task     ] GC(1212) Using 2 workers of 2 for evacuation
[577.661s][info][gc,phases   ] GC(1212)   Pre Evacuate Collection Set: 0.27ms
[577.661s][info][gc,phases   ] GC(1212)   Merge Heap Roots: 0.09ms
[577.661s][info][gc,phases   ] GC(1212)   Evacuate Collection Set: 12.37ms
[577.661s][info][gc,phases   ] GC(1212)   Post Evacuate Collection Set: 0.81ms
[577.661s][info][gc,phases   ] GC(1212)   Other: 0.13ms
[577.661s][info][gc,heap     ] GC(1212) Eden regions: 127->0(321)
[577.661s][info][gc,heap     ] GC(1212) Survivor regions: 25->6(41)
[577.661s][info][gc,heap     ] GC(1212) Old regions: 66->63
[577.661s][info][gc,heap     ] GC(1212) Humongous regions: 317->1
[577.661s][info][gc,metaspace] GC(1212) Metaspace: 43142K(43520K)->43142K(43520K) NonClass: 38787K(39040K)->38787K(39040K) Class: 4355K(4480K)->4355K(4480K)
[577.661s][info][gc          ] GC(1212) Pause Young (Mixed) (G1 Evacuation Pause) 533M->68M(545M) 13.902ms
[577.661s][info][gc,cpu      ] GC(1212) User=0.02s Sys=0.01s Real=0.02s
[577.768s][info][gc,start    ] GC(1213) Pause Young (Concurrent Start) (G1 Humongous Allocation)
[577.769s][info][gc,task     ] GC(1213) Using 2 workers of 2 for evacuation
[577.774s][info][gc,phases   ] GC(1213)   Pre Evacuate Collection Set: 0.25ms
[577.774s][info][gc,phases   ] GC(1213)   Merge Heap Roots: 0.05ms
[577.774s][info][gc,phases   ] GC(1213)   Evacuate Collection Set: 4.61ms
[577.774s][info][gc,phases   ] GC(1213)   Post Evacuate Collection Set: 0.45ms
[577.774s][info][gc,phases   ] GC(1213)   Other: 0.12ms
[577.774s][info][gc,heap     ] GC(1213) Eden regions: 41->0(320)
[577.774s][info][gc,heap     ] GC(1213) Survivor regions: 6->7(41)
[577.774s][info][gc,heap     ] GC(1213) Old regions: 63->63
[577.774s][info][gc,heap     ] GC(1213) Humongous regions: 1->1
[577.774s][info][gc,metaspace] GC(1213) Metaspace: 43142K(43520K)->43142K(43520K) NonClass: 38787K(39040K)->38787K(39040K) Class: 4355K(4480K)->4355K(4480K)
[577.774s][info][gc          ] GC(1213) Pause Young (Concurrent Start) (G1 Humongous Allocation) 109M->69M(545M) 5.718ms
[577.774s][info][gc          ] GC(1214) Concurrent Mark Cycle
[577.774s][info][gc,marking  ] GC(1214) Concurrent Scan Root Regions
[577.775s][info][gc,cpu      ] GC(1213) User=0.01s Sys=0.00s Real=0.01s
[577.781s][info][gc,marking  ] GC(1214) Concurrent Scan Root Regions 6.940ms
[577.781s][info][gc,marking  ] GC(1214) Concurrent Mark
[577.781s][info][gc,marking  ] GC(1214) Concurrent Mark From Roots
[577.781s][info][gc,task     ] GC(1214) Using 1 workers of 1 for marking
[577.862s][info][gc,marking  ] GC(1214) Concurrent Mark From Roots 80.978ms
[577.862s][info][gc,marking  ] GC(1214) Concurrent Preclean
[577.862s][info][gc,marking  ] GC(1214) Concurrent Preclean 0.078ms
[577.863s][info][gc,start    ] GC(1214) Pause Remark
[577.880s][info][gc          ] GC(1214) Pause Remark 102M->98M(256M) 17.860ms
[577.880s][info][gc,cpu      ] GC(1214) User=0.03s Sys=0.00s Real=0.01s
[577.881s][info][gc,marking  ] GC(1214) Concurrent Mark 99.307ms
[577.881s][info][gc,marking  ] GC(1214) Concurrent Rebuild Remembered Sets and Scrub Regions
[577.912s][info][gc,marking  ] GC(1214) Concurrent Rebuild Remembered Sets and Scrub Regions 31.343ms
[577.912s][info][gc,start    ] GC(1214) Pause Cleanup
[577.912s][info][gc          ] GC(1214) Pause Cleanup 109M->109M(256M) 0.054ms
[577.912s][info][gc,cpu      ] GC(1214) User=0.00s Sys=0.00s Real=0.00s
[577.912s][info][gc,marking  ] GC(1214) Concurrent Clear Claimed Marks
[577.912s][info][gc,marking  ] GC(1214) Concurrent Clear Claimed Marks 0.041ms
[577.912s][info][gc,marking  ] GC(1214) Concurrent Cleanup for Next Mark
[577.913s][info][gc,marking  ] GC(1214) Concurrent Cleanup for Next Mark 0.886ms
[577.913s][info][gc          ] GC(1214) Concurrent Mark Cycle 139.112ms
[578.213s][info][gc,start    ] GC(1215) Pause Young (Prepare Mixed) (G1 Evacuation Pause)
[578.213s][info][gc,task     ] GC(1215) Using 2 workers of 2 for evacuation
[578.221s][info][gc,phases   ] GC(1215)   Pre Evacuate Collection Set: 0.24ms
[578.221s][info][gc,phases   ] GC(1215)   Merge Heap Roots: 0.09ms
[578.221s][info][gc,phases   ] GC(1215)   Evacuate Collection Set: 6.57ms
[578.221s][info][gc,phases   ] GC(1215)   Post Evacuate Collection Set: 0.60ms
[578.221s][info][gc,phases   ] GC(1215)   Other: 0.07ms
[578.221s][info][gc,heap     ] GC(1215) Eden regions: 146->0(143)
[578.221s][info][gc,heap     ] GC(1215) Survivor regions: 7->10(20)
[578.221s][info][gc,heap     ] GC(1215) Old regions: 59->59
[578.221s][info][gc,heap     ] GC(1215) Humongous regions: 13->1
[578.221s][info][gc,metaspace] GC(1215) Metaspace: 43142K(43520K)->43142K(43520K) NonClass: 38787K(39040K)->38787K(39040K) Class: 4355K(4480K)->4355K(4480K)
[578.221s][info][gc          ] GC(1215) Pause Young (Prepare Mixed) (G1 Evacuation Pause) 223M->68M(256M) 7.785ms
[578.221s][info][gc,cpu      ] GC(1215) User=0.01s Sys=0.00s Real=0.00s
[578.578s][info][gc,start    ] GC(1216) Pause Young (Mixed) (G1 Evacuation Pause)
[578.578s][info][gc,task     ] GC(1216) Using 2 workers of 2 for evacuation
[578.590s][info][gc,phases   ] GC(1216)   Pre Evacuate Collection Set: 0.19ms
[578.590s][info][gc,phases   ] GC(1216)   Merge Heap Roots: 0.17ms
[578.590s][info][gc,phases   ] GC(1216)   Evacuate Collection Set: 11.00ms
[578.590s][info][gc,phases   ] GC(1216)   Post Evacuate Collection Set: 0.59ms
[578.590s][info][gc,phases   ] GC(1216)   Other: 0.10ms
[578.590s][info][gc,heap     ] GC(1216) Eden regions: 143->0(143)
[578.590s][info][gc,heap     ] GC(1216) Survivor regions: 10->10(20)
[578.590s][info][gc,heap     ] GC(1216) Old regions: 59->54
[578.590s][info][gc,heap     ] GC(1216) Humongous regions: 1->1
[578.590s][info][gc,metaspace] GC(1216) Metaspace: 43145K(43520K)->43145K(43520K) NonClass: 38790K(39040K)->38790K(39040K) Class: 4355K(4480K)->4355K(4480K)
[578.590s][info][gc          ] GC(1216) Pause Young (Mixed) (G1 Evacuation Pause) 211M->64M(256M) 12.302ms
[578.590s][info][gc,cpu      ] GC(1216) User=0.02s Sys=0.00s Real=0.01s
[578.950s][info][gc,start    ] GC(1217) Pause Young (Concurrent Start) (G1 Evacuation Pause)
[578.950s][info][gc,task     ] GC(1217) Using 2 workers of 2 for evacuation
[578.957s][info][gc,phases   ] GC(1217)   Pre Evacuate Collection Set: 0.19ms
[578.957s][info][gc,phases   ] GC(1217)   Merge Heap Roots: 0.07ms
[578.957s][info][gc,phases   ] GC(1217)   Evacuate Collection Set: 5.81ms
[578.957s][info][gc,phases   ] GC(1217)   Post Evacuate Collection Set: 0.45ms
[578.957s][info][gc,phases   ] GC(1217)   Other: 0.10ms
[578.957s][info][gc,heap     ] GC(1217) Eden regions: 143->0(145)
[578.957s][info][gc,heap     ] GC(1217) Survivor regions: 10->8(20)
[578.957s][info][gc,heap     ] GC(1217) Old regions: 54->54
[578.957s][info][gc,heap     ] GC(1217) Humongous regions: 1->1
[578.957s][info][gc,metaspace] GC(1217) Metaspace: 43145K(43520K)->43145K(43520K) NonClass: 38790K(39040K)->38790K(39040K) Class: 4355K(4480K)->4355K(4480K)
[578.957s][info][gc          ] GC(1217) Pause Young (Concurrent Start) (G1 Evacuation Pause) 207M->62M(256M) 6.812ms
[578.957s][info][gc,cpu      ] GC(1217) User=0.01s Sys=0.00s Real=0.01s
[578.957s][info][gc          ] GC(1218) Concurrent Mark Cycle
[578.957s][info][gc,marking  ] GC(1218) Concurrent Scan Root Regions
[578.962s][info][gc,marking  ] GC(1218) Concurrent Scan Root Regions 5.006ms
[578.962s][info][gc,marking  ] GC(1218) Concurrent Mark
[578.962s][info][gc,marking  ] GC(1218) Concurrent Mark From Roots
[578.962s][info][gc,task     ] GC(1218) Using 1 workers of 1 for marking
[579.037s][info][gc,marking  ] GC(1218) Concurrent Mark From Roots 74.638ms
[579.037s][info][gc,marking  ] GC(1218) Concurrent Preclean
[579.037s][info][gc,marking  ] GC(1218) Concurrent Preclean 0.077ms
[579.037s][info][gc,start    ] GC(1218) Pause Remark
[579.055s][info][gc          ] GC(1218) Pause Remark 94M->94M(256M) 17.711ms
[579.055s][info][gc,cpu      ] GC(1218) User=0.03s Sys=0.00s Real=0.02s
[579.055s][info][gc,marking  ] GC(1218) Concurrent Mark 92.734ms
[579.055s][info][gc,marking  ] GC(1218) Concurrent Rebuild Remembered Sets and Scrub Regions
[579.089s][info][gc,marking  ] GC(1218) Concurrent Rebuild Remembered Sets and Scrub Regions 34.544ms
[579.089s][info][gc,start    ] GC(1218) Pause Cleanup
[579.089s][info][gc          ] GC(1218) Pause Cleanup 104M->104M(256M) 0.050ms
[579.089s][info][gc,cpu      ] GC(1218) User=0.00s Sys=0.00s Real=0.00s
[579.090s][info][gc,marking  ] GC(1218) Concurrent Clear Claimed Marks
[579.090s][info][gc,marking  ] GC(1218) Concurrent Clear Claimed Marks 0.041ms
[579.090s][info][gc,marking  ] GC(1218) Concurrent Cleanup for Next Mark
[579.090s][info][gc,marking  ] GC(1218) Concurrent Cleanup for Next Mark 0.772ms
[579.090s][info][gc          ] GC(1218) Concurrent Mark Cycle 133.533ms
[579.353s][info][gc,start    ] GC(1219) Pause Young (Prepare Mixed) (G1 Evacuation Pause)
[579.353s][info][gc,task     ] GC(1219) Using 2 workers of 2 for evacuation
[579.360s][info][gc,phases   ] GC(1219)   Pre Evacuate Collection Set: 0.23ms
[579.360s][info][gc,phases   ] GC(1219)   Merge Heap Roots: 0.08ms
[579.360s][info][gc,phases   ] GC(1219)   Evacuate Collection Set: 6.37ms
[579.360s][info][gc,phases   ] GC(1219)   Post Evacuate Collection Set: 0.46ms
[579.360s][info][gc,phases   ] GC(1219)   Other: 0.07ms
[579.360s][info][gc,heap     ] GC(1219) Eden regions: 145->0(145)
[579.360s][info][gc,heap     ] GC(1219) Survivor regions: 8->8(20)
[579.360s][info][gc,heap     ] GC(1219) Old regions: 54->54
[579.360s][info][gc,heap     ] GC(1219) Humongous regions: 1->1
[579.360s][info][gc,metaspace] GC(1219) Metaspace: 43148K(43520K)->43148K(43520K) NonClass: 38793K(39040K)->38793K(39040K) Class: 4355K(4480K)->4355K(4480K)
[579.360s][info][gc          ] GC(1219) Pause Young (Prepare Mixed) (G1 Evacuation Pause) 207M->62M(256M) 7.423ms
[579.360s][info][gc,cpu      ] GC(1219) User=0.02s Sys=0.00s Real=0.00s
[579.711s][info][gc,start    ] GC(1220) Pause Young (Mixed) (G1 Evacuation Pause)
[579.711s][info][gc,task     ] GC(1220) Using 2 workers of 2 for evacuation
[579.732s][info][gc,phases   ] GC(1220)   Pre Evacuate Collection Set: 0.25ms
[579.732s][info][gc,phases   ] GC(1220)   Merge Heap Roots: 0.27ms
[579.732s][info][gc,phases   ] GC(1220)   Evacuate Collection Set: 19.34ms
[579.732s][info][gc,phases   ] GC(1220)   Post Evacuate Collection Set: 0.96ms
[579.732s][info][gc,phases   ] GC(1220)   Other: 0.07ms
[579.732s][info][gc,heap     ] GC(1220) Eden regions: 145->0(142)
[579.732s][info][gc,heap     ] GC(1220) Survivor regions: 8->11(20)
[579.732s][info][gc,heap     ] GC(1220) Old regions: 54->51
[579.732s][info][gc,heap     ] GC(1220) Humongous regions: 1->1
[579.732s][info][gc,metaspace] GC(1220) Metaspace: 43148K(43520K)->43148K(43520K) NonClass: 38793K(39040K)->38793K(39040K) Class: 4355K(4480K)->4355K(4480K)
[579.732s][info][gc          ] GC(1220) Pause Young (Mixed) (G1 Evacuation Pause) 207M->62M(256M) 21.108ms
[579.732s][info][gc,cpu      ] GC(1220) User=0.04s Sys=0.00s Real=0.02s
[580.129s][info][gc,start    ] GC(1221) Pause Young (Concurrent Start) (G1 Evacuation Pause)
[580.129s][info][gc,task     ] GC(1221) Using 2 workers of 2 for evacuation
[580.136s][info][gc,phases   ] GC(1221)   Pre Evacuate Collection Set: 0.19ms
[580.136s][info][gc,phases   ] GC(1221)   Merge Heap Roots: 0.08ms
[580.136s][info][gc,phases   ] GC(1221)   Evacuate Collection Set: 6.39ms
[580.136s][info][gc,phases   ] GC(1221)   Post Evacuate Collection Set: 0.46ms
[580.136s][info][gc,phases   ] GC(1221)   Other: 0.14ms
[580.136s][info][gc,heap     ] GC(1221) Eden regions: 142->0(143)
[580.136s][info][gc,heap     ] GC(1221) Survivor regions: 11->10(20)
[580.136s][info][gc,heap     ] GC(1221) Old regions: 51->51
[580.136s][info][gc,heap     ] GC(1221) Humongous regions: 1->1
[580.136s][info][gc,metaspace] GC(1221) Metaspace: 43168K(43584K)->43168K(43584K) NonClass: 38813K(39104K)->38813K(39104K) Class: 4355K(4480K)->4355K(4480K)
[580.136s][info][gc          ] GC(1221) Pause Young (Concurrent Start) (G1 Evacuation Pause) 204M->61M(256M) 7.485ms
[580.136s][info][gc,cpu      ] GC(1221) User=0.02s Sys=0.00s Real=0.01s
[580.136s][info][gc          ] GC(1222) Concurrent Mark Cycle
[580.136s][info][gc,marking  ] GC(1222) Concurrent Scan Root Regions
[580.141s][info][gc,marking  ] GC(1222) Concurrent Scan Root Regions 4.055ms
[580.141s][info][gc,marking  ] GC(1222) Concurrent Mark
[580.141s][info][gc,marking  ] GC(1222) Concurrent Mark From Roots
[580.141s][info][gc,task     ] GC(1222) Using 1 workers of 1 for marking
[580.215s][info][gc,marking  ] GC(1222) Concurrent Mark From Roots 73.996ms
[580.215s][info][gc,marking  ] GC(1222) Concurrent Preclean
[580.215s][info][gc,marking  ] GC(1222) Concurrent Preclean 0.075ms
[580.215s][info][gc,start    ] GC(1222) Pause Remark
[580.233s][info][gc          ] GC(1222) Pause Remark 84M->84M(256M) 17.844ms
[580.233s][info][gc,cpu      ] GC(1222) User=0.04s Sys=0.00s Real=0.02s
[580.233s][info][gc,marking  ] GC(1222) Concurrent Mark 92.238ms
[580.233s][info][gc,marking  ] GC(1222) Concurrent Rebuild Remembered Sets and Scrub Regions
[580.265s][info][gc,marking  ] GC(1222) Concurrent Rebuild Remembered Sets and Scrub Regions 31.959ms
[580.265s][info][gc,start    ] GC(1222) Pause Cleanup
[580.265s][info][gc          ] GC(1222) Pause Cleanup 95M->95M(256M) 0.055ms
[580.265s][info][gc,cpu      ] GC(1222) User=0.00s Sys=0.00s Real=0.00s
[580.265s][info][gc,marking  ] GC(1222) Concurrent Clear Claimed Marks
[580.265s][info][gc,marking  ] GC(1222) Concurrent Clear Claimed Marks 0.057ms
[580.265s][info][gc,marking  ] GC(1222) Concurrent Cleanup for Next Mark
[580.266s][info][gc,marking  ] GC(1222) Concurrent Cleanup for Next Mark 0.762ms
[580.266s][info][gc          ] GC(1222) Concurrent Mark Cycle 129.597ms
[580.566s][info][gc,start    ] GC(1223) Pause Young (Prepare Mixed) (G1 Evacuation Pause)
[580.566s][info][gc,task     ] GC(1223) Using 2 workers of 2 for evacuation
[580.571s][info][gc,phases   ] GC(1223)   Pre Evacuate Collection Set: 0.17ms
[580.571s][info][gc,phases   ] GC(1223)   Merge Heap Roots: 0.08ms
[580.571s][info][gc,phases   ] GC(1223)   Evacuate Collection Set: 4.55ms
[580.571s][info][gc,phases   ] GC(1223)   Post Evacuate Collection Set: 0.75ms
[580.571s][info][gc,phases   ] GC(1223)   Other: 0.10ms
[580.571s][info][gc,heap     ] GC(1223) Eden regions: 143->0(145)
[580.571s][info][gc,heap     ] GC(1223) Survivor regions: 10->8(20)
[580.571s][info][gc,heap     ] GC(1223) Old regions: 51->51
[580.571s][info][gc,heap     ] GC(1223) Humongous regions: 1->1
[580.571s][info][gc,metaspace] GC(1223) Metaspace: 43168K(43584K)->43168K(43584K) NonClass: 38813K(39104K)->38813K(39104K) Class: 4355K(4480K)->4355K(4480K)
[580.571s][info][gc          ] GC(1223) Pause Young (Prepare Mixed) (G1 Evacuation Pause) 204M->59M(256M) 5.898ms
[580.571s][info][gc,cpu      ] GC(1223) User=0.01s Sys=0.00s Real=0.01s
[581.005s][info][gc,start    ] GC(1224) Pause Young (Mixed) (G1 Evacuation Pause)
[581.005s][info][gc,task     ] GC(1224) Using 2 workers of 2 for evacuation
[581.020s][info][gc,phases   ] GC(1224)   Pre Evacuate Collection Set: 0.18ms
[581.020s][info][gc,phases   ] GC(1224)   Merge Heap Roots: 0.20ms
[581.020s][info][gc,phases   ] GC(1224)   Evacuate Collection Set: 13.60ms
[581.020s][info][gc,phases   ] GC(1224)   Post Evacuate Collection Set: 0.96ms
[581.020s][info][gc,phases   ] GC(1224)   Other: 0.08ms
[581.020s][info][gc,heap     ] GC(1224) Eden regions: 145->0(143)
[581.020s][info][gc,heap     ] GC(1224) Survivor regions: 8->10(20)
[581.020s][info][gc,heap     ] GC(1224) Old regions: 51->49
[581.020s][info][gc,heap     ] GC(1224) Humongous regions: 1->1
[581.020s][info][gc,metaspace] GC(1224) Metaspace: 43168K(43584K)->43168K(43584K) NonClass: 38813K(39104K)->38813K(39104K) Class: 4355K(4480K)->4355K(4480K)
[581.020s][info][gc          ] GC(1224) Pause Young (Mixed) (G1 Evacuation Pause) 204M->59M(256M) 15.222ms
[581.020s][info][gc,cpu      ] GC(1224) User=0.02s Sys=0.00s Real=0.01s
[581.720s][info][gc,start    ] GC(1225) Pause Young (Concurrent Start) (G1 Humongous Allocation)
[581.720s][info][gc,task     ] GC(1225) Using 2 workers of 2 for evacuation
[581.726s][info][gc,phases   ] GC(1225)   Pre Evacuate Collection Set: 0.18ms
[581.726s][info][gc,phases   ] GC(1225)   Merge Heap Roots: 0.07ms
[581.726s][info][gc,phases   ] GC(1225)   Evacuate Collection Set: 5.59ms
[581.726s][info][gc,phases   ] GC(1225)   Post Evacuate Collection Set: 0.57ms
[581.726s][info][gc,phases   ] GC(1225)   Other: 0.13ms
[581.726s][info][gc,heap     ] GC(1225) Eden regions: 81->0(130)
[581.726s][info][gc,heap     ] GC(1225) Survivor regions: 10->6(20)
[581.726s][info][gc,heap     ] GC(1225) Old regions: 49->49
[581.726s][info][gc,heap     ] GC(1225) Humongous regions: 1->1
[581.726s][info][gc,metaspace] GC(1225) Metaspace: 43168K(43584K)->43168K(43584K) NonClass: 38813K(39104K)->38813K(39104K) Class: 4355K(4480K)->4355K(4480K)
[581.726s][info][gc          ] GC(1225) Pause Young (Concurrent Start) (G1 Humongous Allocation) 139M->54M(256M) 6.734ms
[581.726s][info][gc,cpu      ] GC(1225) User=0.01s Sys=0.01s Real=0.01s
[581.726s][info][gc          ] GC(1226) Concurrent Mark Cycle
[581.726s][info][gc,marking  ] GC(1226) Concurrent Scan Root Regions
[581.730s][info][gc,marking  ] GC(1226) Concurrent Scan Root Regions 3.634ms
[581.730s][info][gc,marking  ] GC(1226) Concurrent Mark
[581.730s][info][gc,marking  ] GC(1226) Concurrent Mark From Roots
[581.730s][info][gc,task     ] GC(1226) Using 1 workers of 1 for marking
[581.798s][info][gc,marking  ] GC(1226) Concurrent Mark From Roots 67.802ms
[581.798s][info][gc,marking  ] GC(1226) Concurrent Preclean
[581.798s][info][gc,marking  ] GC(1226) Concurrent Preclean 0.227ms
[581.800s][info][gc,start    ] GC(1226) Pause Remark
[581.818s][info][gc          ] GC(1226) Pause Remark 68M->66M(256M) 18.045ms
[581.818s][info][gc,cpu      ] GC(1226) User=0.04s Sys=0.00s Real=0.02s
[581.820s][info][gc,marking  ] GC(1226) Concurrent Mark 90.116ms
[581.820s][info][gc,marking  ] GC(1226) Concurrent Rebuild Remembered Sets and Scrub Regions
[581.847s][info][gc,marking  ] GC(1226) Concurrent Rebuild Remembered Sets and Scrub Regions 26.648ms
[581.847s][info][gc,start    ] GC(1226) Pause Cleanup
[581.847s][info][gc          ] GC(1226) Pause Cleanup 68M->68M(256M) 0.046ms
[581.847s][info][gc,cpu      ] GC(1226) User=0.00s Sys=0.00s Real=0.00s
[581.847s][info][gc,marking  ] GC(1226) Concurrent Clear Claimed Marks
[581.847s][info][gc,marking  ] GC(1226) Concurrent Clear Claimed Marks 0.064ms
[581.847s][info][gc,marking  ] GC(1226) Concurrent Cleanup for Next Mark
[581.848s][info][gc,marking  ] GC(1226) Concurrent Cleanup for Next Mark 0.760ms
[581.848s][info][gc          ] GC(1226) Concurrent Mark Cycle 121.592ms
[582.541s][info][gc,start    ] GC(1227) Pause Young (Prepare Mixed) (G1 Evacuation Pause)
[582.541s][info][gc,task     ] GC(1227) Using 2 workers of 2 for evacuation
[582.552s][info][gc,phases   ] GC(1227)   Pre Evacuate Collection Set: 0.18ms
[582.552s][info][gc,phases   ] GC(1227)   Merge Heap Roots: 0.09ms
[582.552s][info][gc,phases   ] GC(1227)   Evacuate Collection Set: 9.41ms
[582.552s][info][gc,phases   ] GC(1227)   Post Evacuate Collection Set: 0.56ms
[582.552s][info][gc,phases   ] GC(1227)   Other: 0.09ms
[582.552s][info][gc,heap     ] GC(1227) Eden regions: 130->0(133)
[582.552s][info][gc,heap     ] GC(1227) Survivor regions: 6->9(17)
[582.552s][info][gc,heap     ] GC(1227) Old regions: 47->47
[582.552s][info][gc,heap     ] GC(1227) Humongous regions: 13->3
[582.552s][info][gc,metaspace] GC(1227) Metaspace: 43174K(43584K)->43174K(43584K) NonClass: 38819K(39104K)->38819K(39104K) Class: 4355K(4480K)->4355K(4480K)
[582.552s][info][gc          ] GC(1227) Pause Young (Prepare Mixed) (G1 Evacuation Pause) 194M->58M(256M) 10.523ms
[582.552s][info][gc,cpu      ] GC(1227) User=0.02s Sys=0.00s Real=0.01s
[582.882s][info][gc,start    ] GC(1228) Pause Young (Mixed) (G1 Evacuation Pause)
[582.882s][info][gc,task     ] GC(1228) Using 2 workers of 2 for evacuation
[582.910s][info][gc,phases   ] GC(1228)   Pre Evacuate Collection Set: 0.17ms
[582.910s][info][gc,phases   ] GC(1228)   Merge Heap Roots: 0.15ms
[582.910s][info][gc,phases   ] GC(1228)   Evacuate Collection Set: 27.06ms
[582.910s][info][gc,phases   ] GC(1228)   Post Evacuate Collection Set: 0.49ms
[582.910s][info][gc,phases   ] GC(1228)   Other: 0.10ms
[582.910s][info][gc,heap     ] GC(1228) Eden regions: 133->0(129)
[582.910s][info][gc,heap     ] GC(1228) Survivor regions: 9->18(18)
[582.910s][info][gc,heap     ] GC(1228) Old regions: 47->48
[582.910s][info][gc,heap     ] GC(1228) Humongous regions: 4->4
[582.910s][info][gc,metaspace] GC(1228) Metaspace: 43174K(43584K)->43174K(43584K) NonClass: 38819K(39104K)->38819K(39104K) Class: 4355K(4480K)->4355K(4480K)
[582.910s][info][gc          ] GC(1228) Pause Young (Mixed) (G1 Evacuation Pause) 192M->69M(256M) 28.163ms
[582.910s][info][gc,cpu      ] GC(1228) User=0.05s Sys=0.00s Real=0.02s
[583.219s][info][gc,start    ] GC(1229) Pause Young (Concurrent Start) (G1 Evacuation Pause)
[583.219s][info][gc,task     ] GC(1229) Using 2 workers of 2 for evacuation
[583.255s][info][gc,phases   ] GC(1229)   Pre Evacuate Collection Set: 0.17ms
[583.255s][info][gc,phases   ] GC(1229)   Merge Heap Roots: 0.12ms
[583.255s][info][gc,phases   ] GC(1229)   Evacuate Collection Set: 35.43ms
[583.255s][info][gc,phases   ] GC(1229)   Post Evacuate Collection Set: 0.46ms
[583.255s][info][gc,phases   ] GC(1229)   Other: 0.11ms
[583.255s][info][gc,heap     ] GC(1229) Eden regions: 129->0(122)
[583.255s][info][gc,heap     ] GC(1229) Survivor regions: 18->15(19)
[583.255s][info][gc,heap     ] GC(1229) Old regions: 48->66
[583.255s][info][gc,heap     ] GC(1229) Humongous regions: 4->4
[583.255s][info][gc,metaspace] GC(1229) Metaspace: 43174K(43584K)->43174K(43584K) NonClass: 38819K(39104K)->38819K(39104K) Class: 4355K(4480K)->4355K(4480K)
[583.255s][info][gc          ] GC(1229) Pause Young (Concurrent Start) (G1 Evacuation Pause) 198M->84M(256M) 36.487ms
[583.255s][info][gc,cpu      ] GC(1229) User=0.07s Sys=0.00s Real=0.04s
[583.255s][info][gc          ] GC(1230) Concurrent Mark Cycle
[583.255s][info][gc,marking  ] GC(1230) Concurrent Scan Root Regions
[583.294s][info][gc,marking  ] GC(1230) Concurrent Scan Root Regions 38.937ms
[583.294s][info][gc,marking  ] GC(1230) Concurrent Mark
[583.294s][info][gc,marking  ] GC(1230) Concurrent Mark From Roots
[583.294s][info][gc,task     ] GC(1230) Using 1 workers of 1 for marking
[583.417s][info][gc,marking  ] GC(1230) Concurrent Mark From Roots 123.199ms
[583.417s][info][gc,marking  ] GC(1230) Concurrent Preclean
[583.418s][info][gc,marking  ] GC(1230) Concurrent Preclean 0.070ms
[583.418s][info][gc,start    ] GC(1230) Pause Remark
[583.436s][info][gc          ] GC(1230) Pause Remark 114M->112M(256M) 17.923ms
[583.436s][info][gc,cpu      ] GC(1230) User=0.03s Sys=0.00s Real=0.02s
[583.436s][info][gc,marking  ] GC(1230) Concurrent Mark 142.017ms
[583.436s][info][gc,marking  ] GC(1230) Concurrent Rebuild Remembered Sets and Scrub Regions
[583.524s][info][gc,marking  ] GC(1230) Concurrent Rebuild Remembered Sets and Scrub Regions 87.830ms
[583.525s][info][gc,start    ] GC(1230) Pause Cleanup
[583.525s][info][gc          ] GC(1230) Pause Cleanup 131M->131M(256M) 0.051ms
[583.525s][info][gc,cpu      ] GC(1230) User=0.01s Sys=0.00s Real=0.00s
[583.525s][info][gc,marking  ] GC(1230) Concurrent Clear Claimed Marks
[583.525s][info][gc,marking  ] GC(1230) Concurrent Clear Claimed Marks 0.041ms
[583.525s][info][gc,marking  ] GC(1230) Concurrent Cleanup for Next Mark
[583.530s][info][gc,marking  ] GC(1230) Concurrent Cleanup for Next Mark 4.518ms
[583.530s][info][gc          ] GC(1230) Concurrent Mark Cycle 274.830ms
[583.703s][info][gc,start    ] GC(1231) Pause Young (Prepare Mixed) (G1 Evacuation Pause)
[583.704s][info][gc,task     ] GC(1231) Using 2 workers of 2 for evacuation
[583.736s][info][gc,phases   ] GC(1231)   Pre Evacuate Collection Set: 0.16ms
[583.736s][info][gc,phases   ] GC(1231)   Merge Heap Roots: 0.12ms
[583.736s][info][gc,phases   ] GC(1231)   Evacuate Collection Set: 31.86ms
[583.736s][info][gc,phases   ] GC(1231)   Post Evacuate Collection Set: 0.49ms
[583.736s][info][gc,phases   ] GC(1231)   Other: 0.07ms
[583.736s][info][gc,heap     ] GC(1231) Eden regions: 122->0(115)
[583.736s][info][gc,heap     ] GC(1231) Survivor regions: 15->13(18)
[583.736s][info][gc,heap     ] GC(1231) Old regions: 64->79
[583.736s][info][gc,heap     ] GC(1231) Humongous regions: 6->6
[583.736s][info][gc,metaspace] GC(1231) Metaspace: 43174K(43584K)->43174K(43584K) NonClass: 38819K(39104K)->38819K(39104K) Class: 4355K(4480K)->4355K(4480K)
[583.736s][info][gc          ] GC(1231) Pause Young (Prepare Mixed) (G1 Evacuation Pause) 206M->97M(256M) 32.914ms
[583.736s][info][gc,cpu      ] GC(1231) User=0.07s Sys=0.00s Real=0.03s
[583.999s][info][gc,start    ] GC(1232) Pause Young (Mixed) (G1 Evacuation Pause)
[583.999s][info][gc,task     ] GC(1232) Using 2 workers of 2 for evacuation
[584.044s][info][gc,phases   ] GC(1232)   Pre Evacuate Collection Set: 0.23ms
[584.044s][info][gc,phases   ] GC(1232)   Merge Heap Roots: 0.32ms
[584.044s][info][gc,phases   ] GC(1232)   Evacuate Collection Set: 43.57ms
[584.044s][info][gc,phases   ] GC(1232)   Post Evacuate Collection Set: 0.58ms
[584.044s][info][gc,phases   ] GC(1232)   Other: 0.07ms
[584.044s][info][gc,heap     ] GC(1232) Eden regions: 115->0(111)
[584.044s][info][gc,heap     ] GC(1232) Survivor regions: 13->13(16)
[584.044s][info][gc,heap     ] GC(1232) Old regions: 79->88
[584.044s][info][gc,heap     ] GC(1232) Humongous regions: 6->6
[584.044s][info][gc,metaspace] GC(1232) Metaspace: 43174K(43584K)->43174K(43584K) NonClass: 38819K(39104K)->38819K(39104K) Class: 4355K(4480K)->4355K(4480K)
[584.044s][info][gc          ] GC(1232) Pause Young (Mixed) (G1 Evacuation Pause) 212M->106M(256M) 44.976ms
[584.044s][info][gc,cpu      ] GC(1232) User=0.08s Sys=0.00s Real=0.05s
[584.115s][info][gc,start    ] GC(1233) Pause Young (Concurrent Start) (G1 Humongous Allocation)
[584.115s][info][gc,task     ] GC(1233) Using 2 workers of 2 for evacuation
[584.138s][info][gc,phases   ] GC(1233)   Pre Evacuate Collection Set: 0.18ms
[584.138s][info][gc,phases   ] GC(1233)   Merge Heap Roots: 0.07ms
[584.138s][info][gc,phases   ] GC(1233)   Evacuate Collection Set: 21.36ms
[584.138s][info][gc,phases   ] GC(1233)   Post Evacuate Collection Set: 1.34ms
[584.138s][info][gc,phases   ] GC(1233)   Other: 0.11ms
[584.138s][info][gc,heap     ] GC(1233) Eden regions: 35->0(194)
[584.138s][info][gc,heap     ] GC(1233) Survivor regions: 13->7(16)
[584.138s][info][gc,heap     ] GC(1233) Old regions: 88->100
[584.138s][info][gc,heap     ] GC(1233) Humongous regions: 6->6
[584.138s][info][gc,metaspace] GC(1233) Metaspace: 43174K(43584K)->43174K(43584K) NonClass: 38819K(39104K)->38819K(39104K) Class: 4355K(4480K)->4355K(4480K)
[584.138s][info][gc          ] GC(1233) Pause Young (Concurrent Start) (G1 Humongous Allocation) 140M->112M(385M) 23.317ms
[584.138s][info][gc          ] GC(1234) Concurrent Undo Cycle
[584.138s][info][gc,marking  ] GC(1234) Concurrent Clear Claimed Marks
[584.139s][info][gc,marking  ] GC(1234) Concurrent Clear Claimed Marks 0.040ms
[584.139s][info][gc,marking  ] GC(1234) Concurrent Cleanup for Next Mark
[584.139s][info][gc,cpu      ] GC(1233) User=0.04s Sys=0.00s Real=0.02s
[584.139s][info][gc,marking  ] GC(1234) Concurrent Cleanup for Next Mark 0.325ms
[584.139s][info][gc          ] GC(1234) Concurrent Undo Cycle 0.409ms
[584.284s][info][gc,start    ] GC(1235) Pause Young (Concurrent Start) (G1 Humongous Allocation)
[584.285s][info][gc,task     ] GC(1235) Using 2 workers of 2 for evacuation
[584.298s][info][gc,phases   ] GC(1235)   Pre Evacuate Collection Set: 0.24ms
[584.298s][info][gc,phases   ] GC(1235)   Merge Heap Roots: 0.07ms
[584.298s][info][gc,phases   ] GC(1235)   Evacuate Collection Set: 12.92ms
[584.298s][info][gc,phases   ] GC(1235)   Post Evacuate Collection Set: 0.38ms
[584.298s][info][gc,phases   ] GC(1235)   Other: 0.12ms
[584.298s][info][gc,heap     ] GC(1235) Eden regions: 39->0(199)
[584.298s][info][gc,heap     ] GC(1235) Survivor regions: 7->8(26)
[584.298s][info][gc,heap     ] GC(1235) Old regions: 100->100
[584.298s][info][gc,heap     ] GC(1235) Humongous regions: 7->6
[584.298s][info][gc,metaspace] GC(1235) Metaspace: 43174K(43584K)->43174K(43584K) NonClass: 38819K(39104K)->38819K(39104K) Class: 4355K(4480K)->4355K(4480K)
[584.298s][info][gc          ] GC(1235) Pause Young (Concurrent Start) (G1 Humongous Allocation) 152M->113M(385M) 13.937ms
[584.298s][info][gc,cpu      ] GC(1235) User=0.02s Sys=0.01s Real=0.01s
[584.298s][info][gc          ] GC(1236) Concurrent Mark Cycle
[584.299s][info][gc,marking  ] GC(1236) Concurrent Scan Root Regions
[584.314s][info][gc,marking  ] GC(1236) Concurrent Scan Root Regions 15.667ms
[584.314s][info][gc,marking  ] GC(1236) Concurrent Mark
[584.314s][info][gc,marking  ] GC(1236) Concurrent Mark From Roots
[584.314s][info][gc,task     ] GC(1236) Using 1 workers of 1 for marking
[584.583s][info][gc,marking  ] GC(1236) Concurrent Mark From Roots 268.736ms
[584.583s][info][gc,marking  ] GC(1236) Concurrent Preclean
[584.583s][info][gc,marking  ] GC(1236) Concurrent Preclean 0.062ms
[584.583s][info][gc,start    ] GC(1236) Pause Remark
[584.604s][info][gc          ] GC(1236) Pause Remark 182M->180M(385M) 20.532ms
[584.604s][info][gc,cpu      ] GC(1236) User=0.04s Sys=0.00s Real=0.02s
[584.604s][info][gc,marking  ] GC(1236) Concurrent Mark 289.676ms
[584.604s][info][gc,marking  ] GC(1236) Concurrent Rebuild Remembered Sets and Scrub Regions
[584.676s][info][gc,marking  ] GC(1236) Concurrent Rebuild Remembered Sets and Scrub Regions 71.930ms
[584.676s][info][gc,start    ] GC(1236) Pause Cleanup
[584.676s][info][gc          ] GC(1236) Pause Cleanup 190M->190M(385M) 0.055ms
[584.676s][info][gc,cpu      ] GC(1236) User=0.00s Sys=0.00s Real=0.00s
[584.676s][info][gc,marking  ] GC(1236) Concurrent Clear Claimed Marks
[584.676s][info][gc,marking  ] GC(1236) Concurrent Clear Claimed Marks 0.043ms
[584.676s][info][gc,marking  ] GC(1236) Concurrent Cleanup for Next Mark
[584.679s][info][gc,marking  ] GC(1236) Concurrent Cleanup for Next Mark 2.606ms
[584.679s][info][gc          ] GC(1236) Concurrent Mark Cycle 380.321ms
[587.786s][info][gc,start    ] GC(1237) Pause Young (Prepare Mixed) (G1 Evacuation Pause)
[587.786s][info][gc,task     ] GC(1237) Using 2 workers of 2 for evacuation
[587.821s][info][gc,phases   ] GC(1237)   Pre Evacuate Collection Set: 0.21ms
[587.821s][info][gc,phases   ] GC(1237)   Merge Heap Roots: 0.17ms
[587.821s][info][gc,phases   ] GC(1237)   Evacuate Collection Set: 34.25ms
[587.821s][info][gc,phases   ] GC(1237)   Post Evacuate Collection Set: 0.55ms
[587.821s][info][gc,phases   ] GC(1237)   Other: 0.09ms
[587.821s][info][gc,heap     ] GC(1237) Eden regions: 199->0(191)
[587.821s][info][gc,heap     ] GC(1237) Survivor regions: 8->25(26)
[587.821s][info][gc,heap     ] GC(1237) Old regions: 99->99
[587.821s][info][gc,heap     ] GC(1237) Humongous regions: 12->7
[587.821s][info][gc,metaspace] GC(1237) Metaspace: 43177K(43584K)->43177K(43584K) NonClass: 38822K(39104K)->38822K(39104K) Class: 4355K(4480K)->4355K(4480K)
[587.821s][info][gc          ] GC(1237) Pause Young (Prepare Mixed) (G1 Evacuation Pause) 317M->130M(385M) 35.505ms
[587.821s][info][gc,cpu      ] GC(1237) User=0.07s Sys=0.00s Real=0.04s
[588.486s][info][gc,start    ] GC(1238) Pause Young (Mixed) (G1 Evacuation Pause)
[588.487s][info][gc,task     ] GC(1238) Using 2 workers of 2 for evacuation
[588.531s][info][gc,phases   ] GC(1238)   Pre Evacuate Collection Set: 0.20ms
[588.531s][info][gc,phases   ] GC(1238)   Merge Heap Roots: 0.27ms
[588.531s][info][gc,phases   ] GC(1238)   Evacuate Collection Set: 43.34ms
[588.531s][info][gc,phases   ] GC(1238)   Post Evacuate Collection Set: 0.54ms
[588.531s][info][gc,phases   ] GC(1238)   Other: 0.08ms
[588.531s][info][gc,heap     ] GC(1238) Eden regions: 191->0(199)
[588.531s][info][gc,heap     ] GC(1238) Survivor regions: 25->4(27)
[588.531s][info][gc,heap     ] GC(1238) Old regions: 99->121
[588.531s][info][gc,heap     ] GC(1238) Humongous regions: 7->7
[588.531s][info][gc,metaspace] GC(1238) Metaspace: 43177K(43584K)->43177K(43584K) NonClass: 38822K(39104K)->38822K(39104K) Class: 4355K(4480K)->4355K(4480K)
[588.531s][info][gc          ] GC(1238) Pause Young (Mixed) (G1 Evacuation Pause) (Evacuation Failure: Pinned) 321M->131M(385M) 44.624ms
[588.531s][info][gc,cpu      ] GC(1238) User=0.09s Sys=0.00s Real=0.04s
[588.543s][info][gc,start    ] GC(1239) Pause Young (Concurrent Start) (G1 Humongous Allocation)
[588.543s][info][gc,task     ] GC(1239) Using 2 workers of 2 for evacuation
[588.546s][info][gc,phases   ] GC(1239)   Pre Evacuate Collection Set: 0.21ms
[588.546s][info][gc,phases   ] GC(1239)   Merge Heap Roots: 0.03ms
[588.546s][info][gc,phases   ] GC(1239)   Evacuate Collection Set: 2.77ms
[588.546s][info][gc,phases   ] GC(1239)   Post Evacuate Collection Set: 0.27ms
[588.546s][info][gc,phases   ] GC(1239)   Other: 0.09ms
[588.546s][info][gc,heap     ] GC(1239) Eden regions: 3->0(208)
[588.546s][info][gc,heap     ] GC(1239) Survivor regions: 4->3(26)
[588.546s][info][gc,heap     ] GC(1239) Old regions: 121->121
[588.546s][info][gc,heap     ] GC(1239) Humongous regions: 7->7
[588.546s][info][gc,metaspace] GC(1239) Metaspace: 43177K(43584K)->43177K(43584K) NonClass: 38822K(39104K)->38822K(39104K) Class: 4355K(4480K)->4355K(4480K)
[588.546s][info][gc          ] GC(1239) Pause Young (Concurrent Start) (G1 Humongous Allocation) 134M->130M(385M) 3.528ms
[588.546s][info][gc,cpu      ] GC(1239) User=0.00s Sys=0.00s Real=0.00s
[588.546s][info][gc          ] GC(1240) Concurrent Mark Cycle
[588.546s][info][gc,marking  ] GC(1240) Concurrent Scan Root Regions
[588.549s][info][gc,marking  ] GC(1240) Concurrent Scan Root Regions 2.169ms
[588.549s][info][gc,marking  ] GC(1240) Concurrent Mark
[588.549s][info][gc,marking  ] GC(1240) Concurrent Mark From Roots
[588.549s][info][gc,task     ] GC(1240) Using 1 workers of 1 for marking
[588.576s][info][gc,marking  ] GC(1240) Concurrent Mark From Roots 27.559ms
[588.576s][info][gc,marking  ] GC(1240) Concurrent Preclean
[588.576s][info][gc,marking  ] GC(1240) Concurrent Preclean 0.082ms
[588.576s][info][gc,start    ] GC(1240) Pause Remark
[588.595s][info][gc          ] GC(1240) Pause Remark 144M->71M(256M) 18.275ms
[588.595s][info][gc,cpu      ] GC(1240) User=0.03s Sys=0.00s Real=0.02s
[588.595s][info][gc,marking  ] GC(1240) Concurrent Mark 46.298ms
[588.595s][info][gc,marking  ] GC(1240) Concurrent Rebuild Remembered Sets and Scrub Regions
[588.607s][info][gc,marking  ] GC(1240) Concurrent Rebuild Remembered Sets and Scrub Regions 12.171ms
[588.607s][info][gc,start    ] GC(1240) Pause Cleanup
[588.607s][info][gc          ] GC(1240) Pause Cleanup 75M->75M(256M) 0.055ms
[588.607s][info][gc,cpu      ] GC(1240) User=0.00s Sys=0.00s Real=0.00s
[588.607s][info][gc,marking  ] GC(1240) Concurrent Clear Claimed Marks
[588.607s][info][gc,marking  ] GC(1240) Concurrent Clear Claimed Marks 0.043ms
[588.607s][info][gc,marking  ] GC(1240) Concurrent Cleanup for Next Mark
[588.608s][info][gc,marking  ] GC(1240) Concurrent Cleanup for Next Mark 0.780ms
[588.608s][info][gc          ] GC(1240) Concurrent Mark Cycle 61.830ms
[588.978s][info][gc,start    ] GC(1241) Pause Young (Prepare Mixed) (G1 Evacuation Pause)
[588.978s][info][gc,task     ] GC(1241) Using 2 workers of 2 for evacuation
[589.003s][info][gc,phases   ] GC(1241)   Pre Evacuate Collection Set: 0.16ms
[589.003s][info][gc,phases   ] GC(1241)   Merge Heap Roots: 0.08ms
[589.003s][info][gc,phases   ] GC(1241)   Evacuate Collection Set: 23.83ms
[589.003s][info][gc,phases   ] GC(1241)   Post Evacuate Collection Set: 0.45ms
[589.003s][info][gc,phases   ] GC(1241)   Other: 0.07ms
[589.003s][info][gc,heap     ] GC(1241) Eden regions: 150->0(133)
[589.003s][info][gc,heap     ] GC(1241) Survivor regions: 3->20(20)
[589.003s][info][gc,heap     ] GC(1241) Old regions: 54->56
[589.003s][info][gc,heap     ] GC(1241) Humongous regions: 4->4
[589.003s][info][gc,metaspace] GC(1241) Metaspace: 43177K(43584K)->43177K(43584K) NonClass: 38822K(39104K)->38822K(39104K) Class: 4355K(4480K)->4355K(4480K)
[589.003s][info][gc          ] GC(1241) Pause Young (Prepare Mixed) (G1 Evacuation Pause) 210M->78M(256M) 24.831ms
[589.003s][info][gc,cpu      ] GC(1241) User=0.05s Sys=0.00s Real=0.03s
[589.386s][info][gc,start    ] GC(1242) Pause Young (Mixed) (G1 Evacuation Pause)
[589.386s][info][gc,task     ] GC(1242) Using 2 workers of 2 for evacuation
[589.428s][info][gc,phases   ] GC(1242)   Pre Evacuate Collection Set: 0.18ms
[589.428s][info][gc,phases   ] GC(1242)   Merge Heap Roots: 0.16ms
[589.428s][info][gc,phases   ] GC(1242)   Evacuate Collection Set: 41.11ms
[589.428s][info][gc,phases   ] GC(1242)   Post Evacuate Collection Set: 0.59ms
[589.428s][info][gc,phases   ] GC(1242)   Other: 0.10ms
[589.428s][info][gc,heap     ] GC(1242) Eden regions: 133->0(136)
[589.428s][info][gc,heap     ] GC(1242) Survivor regions: 20->17(20)
[589.428s][info][gc,heap     ] GC(1242) Old regions: 56->56
[589.428s][info][gc,heap     ] GC(1242) Humongous regions: 6->6
[589.428s][info][gc,metaspace] GC(1242) Metaspace: 43177K(43584K)->43177K(43584K) NonClass: 38822K(39104K)->38822K(39104K) Class: 4355K(4480K)->4355K(4480K)
[589.428s][info][gc          ] GC(1242) Pause Young (Mixed) (G1 Evacuation Pause) 213M->78M(256M) 42.377ms
[589.428s][info][gc,cpu      ] GC(1242) User=0.09s Sys=0.00s Real=0.04s
[589.771s][info][gc,start    ] GC(1243) Pause Young (Concurrent Start) (G1 Evacuation Pause)
[589.771s][info][gc,task     ] GC(1243) Using 2 workers of 2 for evacuation
[589.809s][info][gc,phases   ] GC(1243)   Pre Evacuate Collection Set: 0.19ms
[589.809s][info][gc,phases   ] GC(1243)   Merge Heap Roots: 0.09ms
[589.809s][info][gc,phases   ] GC(1243)   Evacuate Collection Set: 36.41ms
[589.809s][info][gc,phases   ] GC(1243)   Post Evacuate Collection Set: 1.50ms
[589.810s][info][gc,phases   ] GC(1243)   Other: 0.16ms
[589.810s][info][gc,heap     ] GC(1243) Eden regions: 136->0(223)
[589.810s][info][gc,heap     ] GC(1243) Survivor regions: 17->17(20)
[589.810s][info][gc,heap     ] GC(1243) Old regions: 56->72
[589.810s][info][gc,heap     ] GC(1243) Humongous regions: 6->6
[589.810s][info][gc,metaspace] GC(1243) Metaspace: 43177K(43584K)->43177K(43584K) NonClass: 38822K(39104K)->38822K(39104K) Class: 4355K(4480K)->4355K(4480K)
[589.810s][info][gc          ] GC(1243) Pause Young (Concurrent Start) (G1 Evacuation Pause) 214M->94M(400M) 38.585ms
[589.810s][info][gc,cpu      ] GC(1243) User=0.07s Sys=0.01s Real=0.04s
[589.810s][info][gc          ] GC(1244) Concurrent Mark Cycle
[589.810s][info][gc,marking  ] GC(1244) Concurrent Scan Root Regions
[589.836s][info][gc,marking  ] GC(1244) Concurrent Scan Root Regions 26.017ms
[589.836s][info][gc,marking  ] GC(1244) Concurrent Mark
[589.836s][info][gc,marking  ] GC(1244) Concurrent Mark From Roots
[589.836s][info][gc,task     ] GC(1244) Using 1 workers of 1 for marking
[589.897s][info][gc,marking  ] GC(1244) Concurrent Mark From Roots 60.764ms
[589.897s][info][gc,marking  ] GC(1244) Concurrent Preclean
[589.897s][info][gc,marking  ] GC(1244) Concurrent Preclean 0.041ms
[589.897s][info][gc,start    ] GC(1244) Pause Remark
[589.915s][info][gc          ] GC(1244) Pause Remark 124M->123M(314M) 17.949ms
[589.915s][info][gc,cpu      ] GC(1244) User=0.04s Sys=0.00s Real=0.02s
[589.917s][info][gc,marking  ] GC(1244) Concurrent Mark 81.357ms
[589.917s][info][gc,marking  ] GC(1244) Concurrent Rebuild Remembered Sets and Scrub Regions
[589.956s][info][gc,marking  ] GC(1244) Concurrent Rebuild Remembered Sets and Scrub Regions 38.497ms
[589.956s][info][gc,start    ] GC(1244) Pause Cleanup
[589.956s][info][gc          ] GC(1244) Pause Cleanup 135M->135M(314M) 0.050ms
[589.956s][info][gc,cpu      ] GC(1244) User=0.00s Sys=0.00s Real=0.00s
[589.956s][info][gc,marking  ] GC(1244) Concurrent Clear Claimed Marks
[589.956s][info][gc,marking  ] GC(1244) Concurrent Clear Claimed Marks 0.043ms
[589.956s][info][gc,marking  ] GC(1244) Concurrent Cleanup for Next Mark
[589.958s][info][gc,marking  ] GC(1244) Concurrent Cleanup for Next Mark 1.583ms
[589.958s][info][gc          ] GC(1244) Concurrent Mark Cycle 147.876ms
[590.367s][info][gc,start    ] GC(1245) Pause Young (Prepare Mixed) (G1 Evacuation Pause)
[590.367s][info][gc,task     ] GC(1245) Using 2 workers of 2 for evacuation
[590.415s][info][gc,phases   ] GC(1245)   Pre Evacuate Collection Set: 0.25ms
[590.415s][info][gc,phases   ] GC(1245)   Merge Heap Roots: 0.20ms
[590.415s][info][gc,phases   ] GC(1245)   Evacuate Collection Set: 46.49ms
[590.415s][info][gc,phases   ] GC(1245)   Post Evacuate Collection Set: 0.50ms
[590.415s][info][gc,phases   ] GC(1245)   Other: 0.08ms
[590.415s][info][gc,heap     ] GC(1245) Eden regions: 171->0(153)
[590.415s][info][gc,heap     ] GC(1245) Survivor regions: 17->20(24)
[590.415s][info][gc,heap     ] GC(1245) Old regions: 72->89
[590.415s][info][gc,heap     ] GC(1245) Humongous regions: 9->9
[590.415s][info][gc,metaspace] GC(1245) Metaspace: 43177K(43584K)->43177K(43584K) NonClass: 38822K(39104K)->38822K(39104K) Class: 4355K(4480K)->4355K(4480K)
[590.415s][info][gc          ] GC(1245) Pause Young (Prepare Mixed) (G1 Evacuation Pause) 268M->116M(314M) 47.740ms
[590.415s][info][gc,cpu      ] GC(1245) User=0.09s Sys=0.00s Real=0.05s
[591.755s][info][gc,start    ] GC(1246) Pause Young (Mixed) (G1 Evacuation Pause)
[591.755s][info][gc,task     ] GC(1246) Using 2 workers of 2 for evacuation
[591.808s][info][gc,phases   ] GC(1246)   Pre Evacuate Collection Set: 0.18ms
[591.808s][info][gc,phases   ] GC(1246)   Merge Heap Roots: 0.17ms
[591.808s][info][gc,phases   ] GC(1246)   Evacuate Collection Set: 52.35ms
[591.808s][info][gc,phases   ] GC(1246)   Post Evacuate Collection Set: 0.49ms
[591.808s][info][gc,phases   ] GC(1246)   Other: 0.07ms
[591.808s][info][gc,heap     ] GC(1246) Eden regions: 153->0(141)
[591.808s][info][gc,heap     ] GC(1246) Survivor regions: 20->15(22)
[591.808s][info][gc,heap     ] GC(1246) Old regions: 89->104
[591.808s][info][gc,heap     ] GC(1246) Humongous regions: 17->15
[591.808s][info][gc,metaspace] GC(1246) Metaspace: 43177K(43584K)->43177K(43584K) NonClass: 38822K(39104K)->38822K(39104K) Class: 4355K(4480K)->4355K(4480K)
[591.808s][info][gc          ] GC(1246) Pause Young (Mixed) (G1 Evacuation Pause) 277M->134M(314M) 53.515ms
[591.808s][info][gc,cpu      ] GC(1246) User=0.11s Sys=0.00s Real=0.05s
[592.458s][info][gc,start    ] GC(1247) Pause Young (Concurrent Start) (G1 Evacuation Pause)
[592.458s][info][gc,task     ] GC(1247) Using 2 workers of 2 for evacuation
[592.489s][info][gc,phases   ] GC(1247)   Pre Evacuate Collection Set: 0.22ms
[592.489s][info][gc,phases   ] GC(1247)   Merge Heap Roots: 0.16ms
[592.489s][info][gc,phases   ] GC(1247)   Evacuate Collection Set: 30.01ms
[592.489s][info][gc,phases   ] GC(1247)   Post Evacuate Collection Set: 0.45ms
[592.489s][info][gc,phases   ] GC(1247)   Other: 0.11ms
[592.489s][info][gc,heap     ] GC(1247) Eden regions: 141->0(135)
[592.489s][info][gc,heap     ] GC(1247) Survivor regions: 15->9(20)
[592.489s][info][gc,heap     ] GC(1247) Old regions: 104->119
[592.489s][info][gc,heap     ] GC(1247) Humongous regions: 15->15
[592.489s][info][gc,metaspace] GC(1247) Metaspace: 43177K(43584K)->43177K(43584K) NonClass: 38822K(39104K)->38822K(39104K) Class: 4355K(4480K)->4355K(4480K)
[592.489s][info][gc          ] GC(1247) Pause Young (Concurrent Start) (G1 Evacuation Pause) 275M->142M(314M) 31.159ms
[592.489s][info][gc          ] GC(1248) Concurrent Mark Cycle
[592.489s][info][gc,marking  ] GC(1248) Concurrent Scan Root Regions
[592.491s][info][gc,cpu      ] GC(1247) User=0.06s Sys=0.00s Real=0.04s
[592.508s][info][gc,marking  ] GC(1248) Concurrent Scan Root Regions 19.418ms
[592.508s][info][gc,marking  ] GC(1248) Concurrent Mark
[592.508s][info][gc,marking  ] GC(1248) Concurrent Mark From Roots
[592.508s][info][gc,task     ] GC(1248) Using 1 workers of 1 for marking
[592.638s][info][gc,marking  ] GC(1248) Concurrent Mark From Roots 129.390ms
[592.638s][info][gc,marking  ] GC(1248) Concurrent Preclean
[592.638s][info][gc,marking  ] GC(1248) Concurrent Preclean 0.038ms
[592.638s][info][gc,start    ] GC(1248) Pause Remark
[592.656s][info][gc          ] GC(1248) Pause Remark 170M->156M(314M) 17.667ms
[592.656s][info][gc,cpu      ] GC(1248) User=0.03s Sys=0.00s Real=0.02s
[592.657s][info][gc,marking  ] GC(1248) Concurrent Mark 149.001ms
[592.657s][info][gc,marking  ] GC(1248) Concurrent Rebuild Remembered Sets and Scrub Regions
[592.723s][info][gc,marking  ] GC(1248) Concurrent Rebuild Remembered Sets and Scrub Regions 65.431ms
[592.724s][info][gc,start    ] GC(1248) Pause Cleanup
[592.724s][info][gc          ] GC(1248) Pause Cleanup 168M->168M(314M) 0.076ms
[592.724s][info][gc,cpu      ] GC(1248) User=0.00s Sys=0.00s Real=0.00s
[592.724s][info][gc,marking  ] GC(1248) Concurrent Clear Claimed Marks
[592.724s][info][gc,marking  ] GC(1248) Concurrent Clear Claimed Marks 0.049ms
[592.724s][info][gc,marking  ] GC(1248) Concurrent Cleanup for Next Mark
[592.725s][info][gc,marking  ] GC(1248) Concurrent Cleanup for Next Mark 0.994ms
[592.725s][info][gc          ] GC(1248) Concurrent Mark Cycle 235.935ms
[593.298s][info][gc,start    ] GC(1249) Pause Young (Prepare Mixed) (G1 Evacuation Pause)
[593.298s][info][gc,task     ] GC(1249) Using 2 workers of 2 for evacuation
[593.313s][info][gc,phases   ] GC(1249)   Pre Evacuate Collection Set: 0.18ms
[593.313s][info][gc,phases   ] GC(1249)   Merge Heap Roots: 0.07ms
[593.313s][info][gc,phases   ] GC(1249)   Evacuate Collection Set: 14.75ms
[593.313s][info][gc,phases   ] GC(1249)   Post Evacuate Collection Set: 0.43ms
[593.313s][info][gc,phases   ] GC(1249)   Other: 0.09ms
[593.313s][info][gc,heap     ] GC(1249) Eden regions: 135->0(141)
[593.313s][info][gc,heap     ] GC(1249) Survivor regions: 9->17(18)
[593.313s][info][gc,heap     ] GC(1249) Old regions: 119->119
[593.313s][info][gc,heap     ] GC(1249) Humongous regions: 1->1
[593.313s][info][gc,metaspace] GC(1249) Metaspace: 43177K(43584K)->43177K(43584K) NonClass: 38822K(39104K)->38822K(39104K) Class: 4355K(4480K)->4355K(4480K)
[593.313s][info][gc          ] GC(1249) Pause Young (Prepare Mixed) (G1 Evacuation Pause) 263M->136M(314M) 15.726ms
[593.313s][info][gc,cpu      ] GC(1249) User=0.03s Sys=0.00s Real=0.02s
[594.239s][info][gc,start    ] GC(1250) Pause Young (Mixed) (G1 Evacuation Pause)
[594.240s][info][gc,task     ] GC(1250) Using 2 workers of 2 for evacuation
[594.270s][info][gc,phases   ] GC(1250)   Pre Evacuate Collection Set: 0.18ms
[594.270s][info][gc,phases   ] GC(1250)   Merge Heap Roots: 0.11ms
[594.270s][info][gc,phases   ] GC(1250)   Evacuate Collection Set: 30.05ms
[594.270s][info][gc,phases   ] GC(1250)   Post Evacuate Collection Set: 0.51ms
[594.270s][info][gc,phases   ] GC(1250)   Other: 0.07ms
[594.271s][info][gc,heap     ] GC(1250) Eden regions: 141->0(129)
[594.271s][info][gc,heap     ] GC(1250) Survivor regions: 17->20(20)
[594.271s][info][gc,heap     ] GC(1250) Old regions: 119->127
[594.271s][info][gc,heap     ] GC(1250) Humongous regions: 1->1
[594.271s][info][gc,metaspace] GC(1250) Metaspace: 43177K(43584K)->43177K(43584K) NonClass: 38822K(39104K)->38822K(39104K) Class: 4355K(4480K)->4355K(4480K)
[594.271s][info][gc          ] GC(1250) Pause Young (Mixed) (G1 Evacuation Pause) 277M->148M(314M) 31.126ms
[594.271s][info][gc,cpu      ] GC(1250) User=0.06s Sys=0.00s Real=0.03s
[595.039s][info][gc,start    ] GC(1251) Pause Young (Concurrent Start) (G1 Evacuation Pause)
[595.040s][info][gc,task     ] GC(1251) Using 2 workers of 2 for evacuation
[595.070s][info][gc,phases   ] GC(1251)   Pre Evacuate Collection Set: 0.21ms
[595.070s][info][gc,phases   ] GC(1251)   Merge Heap Roots: 0.09ms
[595.070s][info][gc,phases   ] GC(1251)   Evacuate Collection Set: 29.98ms
[595.070s][info][gc,phases   ] GC(1251)   Post Evacuate Collection Set: 0.44ms
[595.070s][info][gc,phases   ] GC(1251)   Other: 0.10ms
[595.070s][info][gc,heap     ] GC(1251) Eden regions: 129->0(120)
[595.070s][info][gc,heap     ] GC(1251) Survivor regions: 20->13(19)
[595.070s][info][gc,heap     ] GC(1251) Old regions: 127->148
[595.070s][info][gc,heap     ] GC(1251) Humongous regions: 1->1
[595.070s][info][gc,metaspace] GC(1251) Metaspace: 43177K(43584K)->43177K(43584K) NonClass: 38822K(39104K)->38822K(39104K) Class: 4355K(4480K)->4355K(4480K)
[595.070s][info][gc          ] GC(1251) Pause Young (Concurrent Start) (G1 Evacuation Pause) 277M->161M(314M) 31.022ms
[595.070s][info][gc,cpu      ] GC(1251) User=0.06s Sys=0.00s Real=0.03s
[595.071s][info][gc          ] GC(1252) Concurrent Mark Cycle
[595.071s][info][gc,marking  ] GC(1252) Concurrent Scan Root Regions
[595.095s][info][gc,marking  ] GC(1252) Concurrent Scan Root Regions 24.199ms
[595.095s][info][gc,marking  ] GC(1252) Concurrent Mark
[595.095s][info][gc,marking  ] GC(1252) Concurrent Mark From Roots
[595.095s][info][gc,task     ] GC(1252) Using 1 workers of 1 for marking
[595.136s][info][gc,marking  ] GC(1252) Concurrent Mark From Roots 41.543ms
[595.136s][info][gc,marking  ] GC(1252) Concurrent Preclean
[595.136s][info][gc,marking  ] GC(1252) Concurrent Preclean 0.037ms
[595.137s][info][gc,start    ] GC(1252) Pause Remark
[595.154s][info][gc          ] GC(1252) Pause Remark 171M->93M(280M) 17.762ms
[595.154s][info][gc,cpu      ] GC(1252) User=0.04s Sys=0.00s Real=0.02s
[595.154s][info][gc,marking  ] GC(1252) Concurrent Mark 59.638ms
[595.154s][info][gc,marking  ] GC(1252) Concurrent Rebuild Remembered Sets and Scrub Regions
[595.185s][info][gc,marking  ] GC(1252) Concurrent Rebuild Remembered Sets and Scrub Regions 30.823ms
[595.185s][info][gc,start    ] GC(1252) Pause Cleanup
[595.185s][info][gc          ] GC(1252) Pause Cleanup 98M->98M(280M) 0.047ms
[595.185s][info][gc,cpu      ] GC(1252) User=0.00s Sys=0.00s Real=0.00s
[595.185s][info][gc,marking  ] GC(1252) Concurrent Clear Claimed Marks
[595.186s][info][gc,marking  ] GC(1252) Concurrent Clear Claimed Marks 0.040ms
[595.186s][info][gc,marking  ] GC(1252) Concurrent Cleanup for Next Mark
[595.186s][info][gc,marking  ] GC(1252) Concurrent Cleanup for Next Mark 0.835ms
[595.186s][info][gc          ] GC(1252) Concurrent Mark Cycle 115.895ms
[595.900s][info][gc,start    ] GC(1253) Pause Young (Prepare Mixed) (G1 Evacuation Pause)
[595.900s][info][gc,task     ] GC(1253) Using 2 workers of 2 for evacuation
[595.921s][info][gc,phases   ] GC(1253)   Pre Evacuate Collection Set: 0.24ms
[595.921s][info][gc,phases   ] GC(1253)   Merge Heap Roots: 0.09ms
[595.921s][info][gc,phases   ] GC(1253)   Evacuate Collection Set: 19.63ms
[595.921s][info][gc,phases   ] GC(1253)   Post Evacuate Collection Set: 0.44ms
[595.921s][info][gc,phases   ] GC(1253)   Other: 0.12ms
[595.921s][info][gc,heap     ] GC(1253) Eden regions: 120->0(146)
[595.921s][info][gc,heap     ] GC(1253) Survivor regions: 13->12(17)
[595.921s][info][gc,heap     ] GC(1253) Old regions: 70->80
[595.921s][info][gc,heap     ] GC(1253) Humongous regions: 2->2
[595.921s][info][gc,metaspace] GC(1253) Metaspace: 43177K(43584K)->43177K(43584K) NonClass: 38822K(39104K)->38822K(39104K) Class: 4355K(4480K)->4355K(4480K)
[595.921s][info][gc          ] GC(1253) Pause Young (Prepare Mixed) (G1 Evacuation Pause) 204M->93M(280M) 20.732ms
[595.921s][info][gc,cpu      ] GC(1253) User=0.04s Sys=0.00s Real=0.02s
[596.852s][info][gc,start    ] GC(1254) Pause Young (Mixed) (G1 Evacuation Pause)
[596.852s][info][gc,task     ] GC(1254) Using 2 workers of 2 for evacuation
[596.882s][info][gc,phases   ] GC(1254)   Pre Evacuate Collection Set: 0.17ms
[596.883s][info][gc,phases   ] GC(1254)   Merge Heap Roots: 0.16ms
[596.883s][info][gc,phases   ] GC(1254)   Evacuate Collection Set: 29.08ms
[596.883s][info][gc,phases   ] GC(1254)   Post Evacuate Collection Set: 0.56ms
[596.883s][info][gc,phases   ] GC(1254)   Other: 0.10ms
[596.883s][info][gc,heap     ] GC(1254) Eden regions: 146->0(143)
[596.883s][info][gc,heap     ] GC(1254) Survivor regions: 12->13(20)
[596.883s][info][gc,heap     ] GC(1254) Old regions: 80->84
[596.883s][info][gc,heap     ] GC(1254) Humongous regions: 2->2
[596.883s][info][gc,metaspace] GC(1254) Metaspace: 43177K(43584K)->43177K(43584K) NonClass: 38822K(39104K)->38822K(39104K) Class: 4355K(4480K)->4355K(4480K)
[596.883s][info][gc          ] GC(1254) Pause Young (Mixed) (G1 Evacuation Pause) 239M->98M(280M) 30.280ms
[596.883s][info][gc,cpu      ] GC(1254) User=0.06s Sys=0.00s Real=0.03s
[597.475s][info][gc,start    ] GC(1255) Pause Young (Concurrent Start) (G1 Humongous Allocation)
[597.475s][info][gc,task     ] GC(1255) Using 2 workers of 2 for evacuation
[597.500s][info][gc,phases   ] GC(1255)   Pre Evacuate Collection Set: 0.18ms
[597.500s][info][gc,phases   ] GC(1255)   Merge Heap Roots: 0.08ms
[597.500s][info][gc,phases   ] GC(1255)   Evacuate Collection Set: 24.16ms
[597.500s][info][gc,phases   ] GC(1255)   Post Evacuate Collection Set: 0.45ms
[597.500s][info][gc,phases   ] GC(1255)   Other: 0.10ms
[597.500s][info][gc,heap     ] GC(1255) Eden regions: 107->0(129)
[597.500s][info][gc,heap     ] GC(1255) Survivor regions: 13->14(20)
[597.500s][info][gc,heap     ] GC(1255) Old regions: 84->97
[597.500s][info][gc,heap     ] GC(1255) Humongous regions: 2->2
[597.500s][info][gc,metaspace] GC(1255) Metaspace: 43177K(43584K)->43177K(43584K) NonClass: 38822K(39104K)->38822K(39104K) Class: 4355K(4480K)->4355K(4480K)
[597.501s][info][gc          ] GC(1255) Pause Young (Concurrent Start) (G1 Humongous Allocation) 204M->112M(280M) 25.177ms
[597.501s][info][gc          ] GC(1256) Concurrent Mark Cycle
[597.501s][info][gc,marking  ] GC(1256) Concurrent Scan Root Regions
[597.501s][info][gc,cpu      ] GC(1255) User=0.05s Sys=0.00s Real=0.03s
[597.531s][info][gc,marking  ] GC(1256) Concurrent Scan Root Regions 30.548ms
[597.531s][info][gc,marking  ] GC(1256) Concurrent Mark
[597.531s][info][gc,marking  ] GC(1256) Concurrent Mark From Roots
[597.531s][info][gc,task     ] GC(1256) Using 1 workers of 1 for marking
[597.566s][info][gc,marking  ] GC(1256) Concurrent Mark From Roots 35.039ms
[597.566s][info][gc,marking  ] GC(1256) Concurrent Preclean
[597.566s][info][gc,marking  ] GC(1256) Concurrent Preclean 0.041ms
[597.566s][info][gc,start    ] GC(1256) Pause Remark
[597.584s][info][gc          ] GC(1256) Pause Remark 136M->101M(267M) 17.875ms
[597.584s][info][gc,cpu      ] GC(1256) User=0.03s Sys=0.00s Real=0.02s
[597.586s][info][gc,marking  ] GC(1256) Concurrent Mark 55.165ms
[597.586s][info][gc,marking  ] GC(1256) Concurrent Rebuild Remembered Sets and Scrub Regions
[597.611s][info][gc,marking  ] GC(1256) Concurrent Rebuild Remembered Sets and Scrub Regions 24.275ms
[597.611s][info][gc,start    ] GC(1256) Pause Cleanup
[597.611s][info][gc          ] GC(1256) Pause Cleanup 110M->110M(267M) 0.076ms
[597.611s][info][gc,cpu      ] GC(1256) User=0.00s Sys=0.00s Real=0.00s
[597.611s][info][gc,marking  ] GC(1256) Concurrent Clear Claimed Marks
[597.611s][info][gc,marking  ] GC(1256) Concurrent Clear Claimed Marks 0.048ms
[597.611s][info][gc,marking  ] GC(1256) Concurrent Cleanup for Next Mark
[597.612s][info][gc,marking  ] GC(1256) Concurrent Cleanup for Next Mark 0.825ms
[597.612s][info][gc          ] GC(1256) Concurrent Mark Cycle 111.317ms
[597.886s][info][gc,start    ] GC(1257) Pause Young (Prepare Mixed) (G1 Evacuation Pause)
[597.886s][info][gc,task     ] GC(1257) Using 2 workers of 2 for evacuation
[597.907s][info][gc,phases   ] GC(1257)   Pre Evacuate Collection Set: 0.24ms
[597.907s][info][gc,phases   ] GC(1257)   Merge Heap Roots: 0.10ms
[597.907s][info][gc,phases   ] GC(1257)   Evacuate Collection Set: 20.54ms
[597.907s][info][gc,phases   ] GC(1257)   Post Evacuate Collection Set: 0.43ms
[597.907s][info][gc,phases   ] GC(1257)   Other: 0.12ms
[597.907s][info][gc,heap     ] GC(1257) Eden regions: 129->0(136)
[597.907s][info][gc,heap     ] GC(1257) Survivor regions: 14->17(18)
[597.907s][info][gc,heap     ] GC(1257) Old regions: 63->67
[597.907s][info][gc,heap     ] GC(1257) Humongous regions: 4->4
[597.907s][info][gc,metaspace] GC(1257) Metaspace: 43177K(43584K)->43177K(43584K) NonClass: 38822K(39104K)->38822K(39104K) Class: 4355K(4480K)->4355K(4480K)
[597.907s][info][gc          ] GC(1257) Pause Young (Prepare Mixed) (G1 Evacuation Pause) 210M->87M(267M) 21.681ms
[597.907s][info][gc,cpu      ] GC(1257) User=0.04s Sys=0.00s Real=0.02s
[598.291s][info][gc,start    ] GC(1258) Pause Young (Mixed) (G1 Evacuation Pause)
[598.291s][info][gc,task     ] GC(1258) Using 2 workers of 2 for evacuation
[598.335s][info][gc,phases   ] GC(1258)   Pre Evacuate Collection Set: 0.19ms
[598.335s][info][gc,phases   ] GC(1258)   Merge Heap Roots: 0.20ms
[598.335s][info][gc,phases   ] GC(1258)   Evacuate Collection Set: 42.19ms
[598.335s][info][gc,phases   ] GC(1258)   Post Evacuate Collection Set: 0.67ms
[598.335s][info][gc,phases   ] GC(1258)   Other: 0.09ms
[598.335s][info][gc,heap     ] GC(1258) Eden regions: 136->0(134)
[598.335s][info][gc,heap     ] GC(1258) Survivor regions: 17->17(20)
[598.335s][info][gc,heap     ] GC(1258) Old regions: 67->68
[598.335s][info][gc,heap     ] GC(1258) Humongous regions: 6->6
[598.335s][info][gc,metaspace] GC(1258) Metaspace: 43177K(43584K)->43177K(43584K) NonClass: 38822K(39104K)->38822K(39104K) Class: 4355K(4480K)->4355K(4480K)
[598.335s][info][gc          ] GC(1258) Pause Young (Mixed) (G1 Evacuation Pause) 225M->91M(267M) 43.575ms
[598.335s][info][gc,cpu      ] GC(1258) User=0.08s Sys=0.00s Real=0.04s
[598.669s][info][gc,start    ] GC(1259) Pause Young (Concurrent Start) (G1 Evacuation Pause)
[598.669s][info][gc,task     ] GC(1259) Using 2 workers of 2 for evacuation
[598.706s][info][gc,phases   ] GC(1259)   Pre Evacuate Collection Set: 0.19ms
[598.706s][info][gc,phases   ] GC(1259)   Merge Heap Roots: 0.09ms
[598.706s][info][gc,phases   ] GC(1259)   Evacuate Collection Set: 35.76ms
[598.706s][info][gc,phases   ] GC(1259)   Post Evacuate Collection Set: 0.77ms
[598.706s][info][gc,phases   ] GC(1259)   Other: 0.10ms
[598.706s][info][gc,heap     ] GC(1259) Eden regions: 134->0(143)
[598.706s][info][gc,heap     ] GC(1259) Survivor regions: 17->16(19)
[598.706s][info][gc,heap     ] GC(1259) Old regions: 68->85
[598.706s][info][gc,heap     ] GC(1259) Humongous regions: 6->6
[598.706s][info][gc,metaspace] GC(1259) Metaspace: 43177K(43584K)->43177K(43584K) NonClass: 38822K(39104K)->38822K(39104K) Class: 4355K(4480K)->4355K(4480K)
[598.706s][info][gc          ] GC(1259) Pause Young (Concurrent Start) (G1 Evacuation Pause) 225M->106M(296M) 37.132ms
[598.707s][info][gc,cpu      ] GC(1259) User=0.07s Sys=0.00s Real=0.04s
[598.707s][info][gc          ] GC(1260) Concurrent Mark Cycle
[598.707s][info][gc,marking  ] GC(1260) Concurrent Scan Root Regions
[598.732s][info][gc,marking  ] GC(1260) Concurrent Scan Root Regions 25.282ms
[598.732s][info][gc,marking  ] GC(1260) Concurrent Mark
[598.732s][info][gc,marking  ] GC(1260) Concurrent Mark From Roots
[598.732s][info][gc,task     ] GC(1260) Using 1 workers of 1 for marking
[598.793s][info][gc,marking  ] GC(1260) Concurrent Mark From Roots 61.509ms
[598.794s][info][gc,marking  ] GC(1260) Concurrent Preclean
[598.794s][info][gc,marking  ] GC(1260) Concurrent Preclean 0.042ms
[598.794s][info][gc,start    ] GC(1260) Pause Remark
[598.811s][info][gc          ] GC(1260) Pause Remark 134M->122M(296M) 17.785ms
[598.812s][info][gc,cpu      ] GC(1260) User=0.03s Sys=0.01s Real=0.02s
[598.812s][info][gc,marking  ] GC(1260) Concurrent Mark 79.641ms
[598.812s][info][gc,marking  ] GC(1260) Concurrent Rebuild Remembered Sets and Scrub Regions
[598.852s][info][gc,marking  ] GC(1260) Concurrent Rebuild Remembered Sets and Scrub Regions 40.006ms
[598.852s][info][gc,start    ] GC(1260) Pause Cleanup
[598.852s][info][gc          ] GC(1260) Pause Cleanup 137M->137M(296M) 0.052ms
[598.852s][info][gc,cpu      ] GC(1260) User=0.00s Sys=0.00s Real=0.00s
[598.852s][info][gc,marking  ] GC(1260) Concurrent Clear Claimed Marks
[598.852s][info][gc,marking  ] GC(1260) Concurrent Clear Claimed Marks 0.042ms
[598.852s][info][gc,marking  ] GC(1260) Concurrent Cleanup for Next Mark
[598.853s][info][gc,marking  ] GC(1260) Concurrent Cleanup for Next Mark 1.226ms
[598.853s][info][gc          ] GC(1260) Concurrent Mark Cycle 146.592ms
[599.180s][info][gc,start    ] GC(1261) Pause Young (Prepare Mixed) (G1 Evacuation Pause)
[599.181s][info][gc,task     ] GC(1261) Using 2 workers of 2 for evacuation
[599.223s][info][gc,phases   ] GC(1261)   Pre Evacuate Collection Set: 0.19ms
[599.223s][info][gc,phases   ] GC(1261)   Merge Heap Roots: 0.12ms
[599.223s][info][gc,phases   ] GC(1261)   Evacuate Collection Set: 41.25ms
[599.223s][info][gc,phases   ] GC(1261)   Post Evacuate Collection Set: 0.49ms
[599.223s][info][gc,phases   ] GC(1261)   Other: 0.10ms
[599.223s][info][gc,heap     ] GC(1261) Eden regions: 143->0(138)
[599.223s][info][gc,heap     ] GC(1261) Survivor regions: 16->17(20)
[599.223s][info][gc,heap     ] GC(1261) Old regions: 74->90
[599.223s][info][gc,heap     ] GC(1261) Humongous regions: 9->9
[599.223s][info][gc,metaspace] GC(1261) Metaspace: 43177K(43584K)->43177K(43584K) NonClass: 38822K(39104K)->38822K(39104K) Class: 4355K(4480K)->4355K(4480K)
[599.223s][info][gc          ] GC(1261) Pause Young (Prepare Mixed) (G1 Evacuation Pause) 241M->115M(296M) 42.363ms
[599.223s][info][gc,cpu      ] GC(1261) User=0.09s Sys=0.00s Real=0.05s
[599.724s][info][gc,start    ] GC(1262) Pause Young (Mixed) (G1 Evacuation Pause)
[599.724s][info][gc,task     ] GC(1262) Using 2 workers of 2 for evacuation
[599.776s][info][gc,phases   ] GC(1262)   Pre Evacuate Collection Set: 0.26ms
[599.776s][info][gc,phases   ] GC(1262)   Merge Heap Roots: 0.14ms
[599.776s][info][gc,phases   ] GC(1262)   Evacuate Collection Set: 51.07ms
[599.776s][info][gc,phases   ] GC(1262)   Post Evacuate Collection Set: 0.52ms
[599.776s][info][gc,phases   ] GC(1262)   Other: 0.08ms
[599.776s][info][gc,heap     ] GC(1262) Eden regions: 138->0(119)
[599.776s][info][gc,heap     ] GC(1262) Survivor regions: 17->20(20)
[599.776s][info][gc,heap     ] GC(1262) Old regions: 90->105
[599.776s][info][gc,heap     ] GC(1262) Humongous regions: 9->9
[599.776s][info][gc,metaspace] GC(1262) Metaspace: 43177K(43584K)->43177K(43584K) NonClass: 38822K(39104K)->38822K(39104K) Class: 4355K(4480K)->4355K(4480K)
[599.776s][info][gc          ] GC(1262) Pause Young (Mixed) (G1 Evacuation Pause) 253M->133M(296M) 52.300ms
[599.776s][info][gc,cpu      ] GC(1262) User=0.10s Sys=0.00s Real=0.05s
[599.803s][info][gc,start    ] GC(1263) Pause Young (Concurrent Start) (G1 Humongous Allocation)
[599.803s][info][gc,task     ] GC(1263) Using 2 workers of 2 for evacuation
[599.829s][info][gc,phases   ] GC(1263)   Pre Evacuate Collection Set: 0.19ms
[599.829s][info][gc,phases   ] GC(1263)   Merge Heap Roots: 0.10ms
[599.829s][info][gc,phases   ] GC(1263)   Evacuate Collection Set: 25.07ms
[599.829s][info][gc,phases   ] GC(1263)   Post Evacuate Collection Set: 0.34ms
[599.829s][info][gc,phases   ] GC(1263)   Other: 0.14ms
[599.829s][info][gc,heap     ] GC(1263) Eden regions: 2->0(69)
[599.829s][info][gc,heap     ] GC(1263) Survivor regions: 20->2(18)
[599.829s][info][gc,heap     ] GC(1263) Old regions: 105->125
[599.829s][info][gc,heap     ] GC(1263) Humongous regions: 9->9
[599.829s][info][gc,metaspace] GC(1263) Metaspace: 43177K(43584K)->43177K(43584K) NonClass: 38822K(39104K)->38822K(39104K) Class: 4355K(4480K)->4355K(4480K)
[599.829s][info][gc          ] GC(1263) Pause Young (Concurrent Start) (G1 Humongous Allocation) 135M->135M(296M) 26.159ms
[599.829s][info][gc,cpu      ] GC(1263) User=0.05s Sys=0.00s Real=0.02s
[599.829s][info][gc          ] GC(1264) Concurrent Mark Cycle
[599.829s][info][gc,marking  ] GC(1264) Concurrent Scan Root Regions
[599.863s][info][gc,marking  ] GC(1264) Concurrent Scan Root Regions 33.112ms
[599.863s][info][gc,marking  ] GC(1264) Concurrent Mark
[599.863s][info][gc,marking  ] GC(1264) Concurrent Mark From Roots
[599.863s][info][gc,task     ] GC(1264) Using 1 workers of 1 for marking
[600.003s][info][gc,marking  ] GC(1264) Concurrent Mark From Roots 140.116ms
[600.003s][info][gc,marking  ] GC(1264) Concurrent Preclean
[600.003s][info][gc,marking  ] GC(1264) Concurrent Preclean 0.047ms
[600.003s][info][gc,start    ] GC(1264) Pause Remark
[600.021s][info][gc          ] GC(1264) Pause Remark 147M->145M(296M) 17.707ms
[600.021s][info][gc,cpu      ] GC(1264) User=0.03s Sys=0.00s Real=0.01s
[600.021s][info][gc,marking  ] GC(1264) Concurrent Mark 158.240ms
[600.021s][info][gc,marking  ] GC(1264) Concurrent Rebuild Remembered Sets and Scrub Regions
[600.107s][info][gc,marking  ] GC(1264) Concurrent Rebuild Remembered Sets and Scrub Regions 85.841ms
[600.107s][info][gc,start    ] GC(1264) Pause Cleanup
[600.107s][info][gc          ] GC(1264) Pause Cleanup 155M->155M(296M) 0.082ms
[600.107s][info][gc,cpu      ] GC(1264) User=0.00s Sys=0.00s Real=0.00s
[600.107s][info][gc,marking  ] GC(1264) Concurrent Clear Claimed Marks
[600.107s][info][gc,marking  ] GC(1264) Concurrent Clear Claimed Marks 0.049ms
[600.107s][info][gc,marking  ] GC(1264) Concurrent Cleanup for Next Mark
[600.108s][info][gc,marking  ] GC(1264) Concurrent Cleanup for Next Mark 0.916ms
[600.108s][info][gc          ] GC(1264) Concurrent Mark Cycle 278.707ms
[600.863s][info][gc,start    ] GC(1265) Pause Young (Prepare Mixed) (G1 Evacuation Pause)
[600.863s][info][gc,task     ] GC(1265) Using 2 workers of 2 for evacuation
[600.894s][info][gc,phases   ] GC(1265)   Pre Evacuate Collection Set: 0.24ms
[600.894s][info][gc,phases   ] GC(1265)   Merge Heap Roots: 0.25ms
[600.894s][info][gc,phases   ] GC(1265)   Evacuate Collection Set: 30.01ms
[600.894s][info][gc,phases   ] GC(1265)   Post Evacuate Collection Set: 0.41ms
[600.894s][info][gc,phases   ] GC(1265)   Other: 0.11ms
[600.894s][info][gc,heap     ] GC(1265) Eden regions: 69->0(62)
[600.894s][info][gc,heap     ] GC(1265) Survivor regions: 2->9(9)
[600.894s][info][gc,heap     ] GC(1265) Old regions: 125->138
[600.894s][info][gc,heap     ] GC(1265) Humongous regions: 15->13
[600.894s][info][gc,metaspace] GC(1265) Metaspace: 43177K(43584K)->43177K(43584K) NonClass: 38822K(39104K)->38822K(39104K) Class: 4355K(4480K)->4355K(4480K)
[600.894s][info][gc          ] GC(1265) Pause Young (Prepare Mixed) (G1 Evacuation Pause) 210M->159M(296M) 31.223ms
[600.894s][info][gc,cpu      ] GC(1265) User=0.06s Sys=0.00s Real=0.03s
[601.110s][info][gc,start    ] GC(1266) Pause Young (Mixed) (G1 Evacuation Pause)
[601.110s][info][gc,task     ] GC(1266) Using 2 workers of 2 for evacuation
[601.129s][info][gc,phases   ] GC(1266)   Pre Evacuate Collection Set: 0.26ms
[601.129s][info][gc,phases   ] GC(1266)   Merge Heap Roots: 0.25ms
[601.129s][info][gc,phases   ] GC(1266)   Evacuate Collection Set: 17.59ms
[601.129s][info][gc,phases   ] GC(1266)   Post Evacuate Collection Set: 0.38ms
[601.129s][info][gc,phases   ] GC(1266)   Other: 0.09ms
[601.129s][info][gc,heap     ] GC(1266) Eden regions: 62->0(67)
[601.129s][info][gc,heap     ] GC(1266) Survivor regions: 9->4(9)
[601.129s][info][gc,heap     ] GC(1266) Old regions: 138->144
[601.129s][info][gc,heap     ] GC(1266) Humongous regions: 13->13
[601.129s][info][gc,metaspace] GC(1266) Metaspace: 43177K(43584K)->43177K(43584K) NonClass: 38822K(39104K)->38822K(39104K) Class: 4355K(4480K)->4355K(4480K)
[601.129s][info][gc          ] GC(1266) Pause Young (Mixed) (G1 Evacuation Pause) 221M->160M(296M) 18.789ms
[601.129s][info][gc,cpu      ] GC(1266) User=0.04s Sys=0.00s Real=0.02s
[601.400s][info][gc,start    ] GC(1267) Pause Young (Concurrent Start) (G1 Evacuation Pause)
[601.400s][info][gc,task     ] GC(1267) Using 2 workers of 2 for evacuation
[601.407s][info][gc,phases   ] GC(1267)   Pre Evacuate Collection Set: 0.22ms
[601.407s][info][gc,phases   ] GC(1267)   Merge Heap Roots: 0.05ms
[601.407s][info][gc,phases   ] GC(1267)   Evacuate Collection Set: 6.22ms
[601.407s][info][gc,phases   ] GC(1267)   Post Evacuate Collection Set: 0.39ms
[601.407s][info][gc,phases   ] GC(1267)   Other: 0.08ms
[601.407s][info][gc,heap     ] GC(1267) Eden regions: 67->0(70)
[601.407s][info][gc,heap     ] GC(1267) Survivor regions: 4->8(9)
[601.407s][info][gc,heap     ] GC(1267) Old regions: 144->144
[601.408s][info][gc,heap     ] GC(1267) Humongous regions: 13->13
[601.408s][info][gc,metaspace] GC(1267) Metaspace: 43177K(43584K)->43177K(43584K) NonClass: 38822K(39104K)->38822K(39104K) Class: 4355K(4480K)->4355K(4480K)
[601.408s][info][gc          ] GC(1267) Pause Young (Concurrent Start) (G1 Evacuation Pause) 227M->164M(296M) 7.150ms
[601.408s][info][gc,cpu      ] GC(1267) User=0.02s Sys=0.00s Real=0.01s
[601.408s][info][gc          ] GC(1268) Concurrent Mark Cycle
[601.408s][info][gc,marking  ] GC(1268) Concurrent Scan Root Regions
[601.415s][info][gc,marking  ] GC(1268) Concurrent Scan Root Regions 7.692ms
[601.415s][info][gc,marking  ] GC(1268) Concurrent Mark
[601.415s][info][gc,marking  ] GC(1268) Concurrent Mark From Roots
[601.415s][info][gc,task     ] GC(1268) Using 1 workers of 1 for marking
[601.451s][info][gc,marking  ] GC(1268) Concurrent Mark From Roots 35.920ms
[601.451s][info][gc,marking  ] GC(1268) Concurrent Preclean
[601.451s][info][gc,marking  ] GC(1268) Concurrent Preclean 0.039ms
[601.452s][info][gc,start    ] GC(1268) Pause Remark
[601.469s][info][gc          ] GC(1268) Pause Remark 171M->59M(256M) 17.879ms
[601.469s][info][gc,cpu      ] GC(1268) User=0.03s Sys=0.00s Real=0.01s
[601.470s][info][gc,marking  ] GC(1268) Concurrent Mark 54.172ms
[601.470s][info][gc,marking  ] GC(1268) Concurrent Rebuild Remembered Sets and Scrub Regions
[601.484s][info][gc,marking  ] GC(1268) Concurrent Rebuild Remembered Sets and Scrub Regions 14.104ms
[601.484s][info][gc,start    ] GC(1268) Pause Cleanup
[601.484s][info][gc          ] GC(1268) Pause Cleanup 61M->61M(256M) 0.048ms
[601.484s][info][gc,cpu      ] GC(1268) User=0.00s Sys=0.00s Real=0.00s
[601.484s][info][gc,marking  ] GC(1268) Concurrent Clear Claimed Marks
[601.484s][info][gc,marking  ] GC(1268) Concurrent Clear Claimed Marks 0.041ms
[601.484s][info][gc,marking  ] GC(1268) Concurrent Cleanup for Next Mark
[601.485s][info][gc,marking  ] GC(1268) Concurrent Cleanup for Next Mark 0.757ms
[601.485s][info][gc          ] GC(1268) Concurrent Mark Cycle 77.174ms
[601.820s][info][gc,start    ] GC(1269) Pause Young (Prepare Mixed) (G1 Evacuation Pause)
[601.820s][info][gc,task     ] GC(1269) Using 2 workers of 2 for evacuation
[601.827s][info][gc,phases   ] GC(1269)   Pre Evacuate Collection Set: 0.17ms
[601.827s][info][gc,phases   ] GC(1269)   Merge Heap Roots: 0.06ms
[601.827s][info][gc,phases   ] GC(1269)   Evacuate Collection Set: 6.21ms
[601.827s][info][gc,phases   ] GC(1269)   Post Evacuate Collection Set: 0.35ms
[601.827s][info][gc,phases   ] GC(1269)   Other: 0.07ms
[601.827s][info][gc,heap     ] GC(1269) Eden regions: 70->0(113)
[601.827s][info][gc,heap     ] GC(1269) Survivor regions: 8->7(10)
[601.827s][info][gc,heap     ] GC(1269) Old regions: 43->46
[601.827s][info][gc,heap     ] GC(1269) Humongous regions: 1->1
[601.827s][info][gc,metaspace] GC(1269) Metaspace: 43177K(43584K)->43177K(43584K) NonClass: 38822K(39104K)->38822K(39104K) Class: 4355K(4480K)->4355K(4480K)
[601.827s][info][gc          ] GC(1269) Pause Young (Prepare Mixed) (G1 Evacuation Pause) 122M->53M(256M) 7.084ms
[601.827s][info][gc,cpu      ] GC(1269) User=0.01s Sys=0.00s Real=0.01s
[602.487s][info][gc,start    ] GC(1270) Pause Young (Mixed) (G1 Evacuation Pause)
[602.487s][info][gc,task     ] GC(1270) Using 2 workers of 2 for evacuation
[602.506s][info][gc,phases   ] GC(1270)   Pre Evacuate Collection Set: 0.19ms
[602.506s][info][gc,phases   ] GC(1270)   Merge Heap Roots: 0.08ms
[602.506s][info][gc,phases   ] GC(1270)   Evacuate Collection Set: 18.58ms
[602.506s][info][gc,phases   ] GC(1270)   Post Evacuate Collection Set: 0.52ms
[602.506s][info][gc,phases   ] GC(1270)   Other: 0.09ms
[602.506s][info][gc,heap     ] GC(1270) Eden regions: 113->0(121)
[602.506s][info][gc,heap     ] GC(1270) Survivor regions: 7->15(15)
[602.506s][info][gc,heap     ] GC(1270) Old regions: 46->39
[602.506s][info][gc,heap     ] GC(1270) Humongous regions: 1->1
[602.506s][info][gc,metaspace] GC(1270) Metaspace: 43177K(43584K)->43177K(43584K) NonClass: 38822K(39104K)->38822K(39104K) Class: 4355K(4480K)->4355K(4480K)
[602.506s][info][gc          ] GC(1270) Pause Young (Mixed) (G1 Evacuation Pause) 166M->54M(256M) 19.719ms
[602.506s][info][gc,cpu      ] GC(1270) User=0.04s Sys=0.01s Real=0.02s
[603.254s][info][gc,start    ] GC(1271) Pause Young (Concurrent Start) (G1 Evacuation Pause)
[603.254s][info][gc,task     ] GC(1271) Using 2 workers of 2 for evacuation
[603.279s][info][gc,phases   ] GC(1271)   Pre Evacuate Collection Set: 0.20ms
[603.279s][info][gc,phases   ] GC(1271)   Merge Heap Roots: 0.07ms
[603.279s][info][gc,phases   ] GC(1271)   Evacuate Collection Set: 24.65ms
[603.279s][info][gc,phases   ] GC(1271)   Post Evacuate Collection Set: 0.41ms
[603.279s][info][gc,phases   ] GC(1271)   Other: 0.15ms
[603.279s][info][gc,heap     ] GC(1271) Eden regions: 121->0(118)
[603.279s][info][gc,heap     ] GC(1271) Survivor regions: 15->17(17)
[603.279s][info][gc,heap     ] GC(1271) Old regions: 39->51
[603.279s][info][gc,heap     ] GC(1271) Humongous regions: 1->1
[603.279s][info][gc,metaspace] GC(1271) Metaspace: 43177K(43584K)->43177K(43584K) NonClass: 38822K(39104K)->38822K(39104K) Class: 4355K(4480K)->4355K(4480K)
[603.279s][info][gc          ] GC(1271) Pause Young (Concurrent Start) (G1 Evacuation Pause) 175M->68M(256M) 25.684ms
[603.279s][info][gc,cpu      ] GC(1271) User=0.05s Sys=0.00s Real=0.02s
[603.279s][info][gc          ] GC(1272) Concurrent Mark Cycle
[603.279s][info][gc,marking  ] GC(1272) Concurrent Scan Root Regions
[603.299s][info][gc,marking  ] GC(1272) Concurrent Scan Root Regions 19.653ms
[603.299s][info][gc,marking  ] GC(1272) Concurrent Mark
[603.299s][info][gc,marking  ] GC(1272) Concurrent Mark From Roots
[603.299s][info][gc,task     ] GC(1272) Using 1 workers of 1 for marking
[603.336s][info][gc,marking  ] GC(1272) Concurrent Mark From Roots 36.975ms
[603.336s][info][gc,marking  ] GC(1272) Concurrent Preclean
[603.336s][info][gc,marking  ] GC(1272) Concurrent Preclean 0.045ms
[603.336s][info][gc,start    ] GC(1272) Pause Remark
[603.354s][info][gc          ] GC(1272) Pause Remark 76M->76M(256M) 17.490ms
[603.354s][info][gc,cpu      ] GC(1272) User=0.04s Sys=0.00s Real=0.02s
[603.356s][info][gc,marking  ] GC(1272) Concurrent Mark 57.029ms
[603.356s][info][gc,marking  ] GC(1272) Concurrent Rebuild Remembered Sets and Scrub Regions
[603.379s][info][gc,marking  ] GC(1272) Concurrent Rebuild Remembered Sets and Scrub Regions 22.554ms
[603.379s][info][gc,start    ] GC(1272) Pause Cleanup
[603.379s][info][gc          ] GC(1272) Pause Cleanup 79M->79M(256M) 0.049ms
[603.379s][info][gc,cpu      ] GC(1272) User=0.00s Sys=0.00s Real=0.00s
[603.379s][info][gc,marking  ] GC(1272) Concurrent Clear Claimed Marks
[603.379s][info][gc,marking  ] GC(1272) Concurrent Clear Claimed Marks 0.058ms
[603.379s][info][gc,marking  ] GC(1272) Concurrent Cleanup for Next Mark
[603.380s][info][gc,marking  ] GC(1272) Concurrent Cleanup for Next Mark 0.765ms
[603.380s][info][gc          ] GC(1272) Concurrent Mark Cycle 100.477ms
[604.009s][info][gc,start    ] GC(1273) Pause Young (Prepare Mixed) (G1 Evacuation Pause)
[604.009s][info][gc,task     ] GC(1273) Using 2 workers of 2 for evacuation
[604.026s][info][gc,phases   ] GC(1273)   Pre Evacuate Collection Set: 0.16ms
[604.026s][info][gc,phases   ] GC(1273)   Merge Heap Roots: 0.10ms
[604.026s][info][gc,phases   ] GC(1273)   Evacuate Collection Set: 15.68ms
[604.026s][info][gc,phases   ] GC(1273)   Post Evacuate Collection Set: 0.41ms
[604.026s][info][gc,phases   ] GC(1273)   Other: 0.08ms
[604.026s][info][gc,heap     ] GC(1273) Eden regions: 118->0(124)
[604.026s][info][gc,heap     ] GC(1273) Survivor regions: 17->12(17)
[604.026s][info][gc,heap     ] GC(1273) Old regions: 51->54
[604.026s][info][gc,heap     ] GC(1273) Humongous regions: 1->1
[604.026s][info][gc,metaspace] GC(1273) Metaspace: 43177K(43584K)->43177K(43584K) NonClass: 38822K(39104K)->38822K(39104K) Class: 4355K(4480K)->4355K(4480K)
[604.026s][info][gc          ] GC(1273) Pause Young (Prepare Mixed) (G1 Evacuation Pause) 186M->67M(256M) 16.639ms
[604.026s][info][gc,cpu      ] GC(1273) User=0.04s Sys=0.00s Real=0.02s
[604.813s][info][gc,start    ] GC(1274) Pause Young (Mixed) (G1 Evacuation Pause)
[604.813s][info][gc,task     ] GC(1274) Using 2 workers of 2 for evacuation
[604.838s][info][gc,phases   ] GC(1274)   Pre Evacuate Collection Set: 0.16ms
[604.838s][info][gc,phases   ] GC(1274)   Merge Heap Roots: 0.09ms
[604.838s][info][gc,phases   ] GC(1274)   Evacuate Collection Set: 23.61ms
[604.838s][info][gc,phases   ] GC(1274)   Post Evacuate Collection Set: 0.48ms
[604.838s][info][gc,phases   ] GC(1274)   Other: 0.07ms
[604.838s][info][gc,heap     ] GC(1274) Eden regions: 124->0(122)
[604.838s][info][gc,heap     ] GC(1274) Survivor regions: 12->13(17)
[604.838s][info][gc,heap     ] GC(1274) Old regions: 54->62
[604.838s][info][gc,heap     ] GC(1274) Humongous regions: 2->2
[604.838s][info][gc,metaspace] GC(1274) Metaspace: 43177K(43584K)->43177K(43584K) NonClass: 38822K(39104K)->38822K(39104K) Class: 4355K(4480K)->4355K(4480K)
[604.838s][info][gc          ] GC(1274) Pause Young (Mixed) (G1 Evacuation Pause) 192M->76M(256M) 24.655ms
[604.838s][info][gc,cpu      ] GC(1274) User=0.05s Sys=0.00s Real=0.02s
[605.588s][info][gc,start    ] GC(1275) Pause Young (Concurrent Start) (G1 Evacuation Pause)
[605.588s][info][gc,task     ] GC(1275) Using 2 workers of 2 for evacuation
[605.611s][info][gc,phases   ] GC(1275)   Pre Evacuate Collection Set: 0.22ms
[605.611s][info][gc,phases   ] GC(1275)   Merge Heap Roots: 0.13ms
[605.611s][info][gc,phases   ] GC(1275)   Evacuate Collection Set: 22.51ms
[605.611s][info][gc,phases   ] GC(1275)   Post Evacuate Collection Set: 0.41ms
[605.611s][info][gc,phases   ] GC(1275)   Other: 0.09ms
[605.611s][info][gc,heap     ] GC(1275) Eden regions: 122->0(118)
[605.611s][info][gc,heap     ] GC(1275) Survivor regions: 13->12(17)
[605.611s][info][gc,heap     ] GC(1275) Old regions: 62->75
[605.611s][info][gc,heap     ] GC(1275) Humongous regions: 2->2
[605.611s][info][gc,metaspace] GC(1275) Metaspace: 43177K(43584K)->43177K(43584K) NonClass: 38822K(39104K)->38822K(39104K) Class: 4355K(4480K)->4355K(4480K)
[605.612s][info][gc          ] GC(1275) Pause Young (Concurrent Start) (G1 Evacuation Pause) 198M->88M(256M) 23.559ms
[605.612s][info][gc,cpu      ] GC(1275) User=0.04s Sys=0.00s Real=0.03s
[605.612s][info][gc          ] GC(1276) Concurrent Mark Cycle
[605.612s][info][gc,marking  ] GC(1276) Concurrent Scan Root Regions
[605.645s][info][gc,marking  ] GC(1276) Concurrent Scan Root Regions 33.749ms
[605.646s][info][gc,marking  ] GC(1276) Concurrent Mark
[605.646s][info][gc,marking  ] GC(1276) Concurrent Mark From Roots
[605.646s][info][gc,task     ] GC(1276) Using 1 workers of 1 for marking
[605.687s][info][gc,marking  ] GC(1276) Concurrent Mark From Roots 41.050ms
[605.687s][info][gc,marking  ] GC(1276) Concurrent Preclean
[605.687s][info][gc,marking  ] GC(1276) Concurrent Preclean 0.041ms
[605.687s][info][gc,start    ] GC(1276) Pause Remark
[605.704s][info][gc          ] GC(1276) Pause Remark 97M->93M(256M) 17.401ms
[605.704s][info][gc,cpu      ] GC(1276) User=0.03s Sys=0.00s Real=0.02s
[605.704s][info][gc,marking  ] GC(1276) Concurrent Mark 58.786ms
[605.704s][info][gc,marking  ] GC(1276) Concurrent Rebuild Remembered Sets and Scrub Regions
[605.732s][info][gc,marking  ] GC(1276) Concurrent Rebuild Remembered Sets and Scrub Regions 27.647ms
[605.732s][info][gc,start    ] GC(1276) Pause Cleanup
[605.732s][info][gc          ] GC(1276) Pause Cleanup 98M->98M(256M) 0.077ms
[605.732s][info][gc,cpu      ] GC(1276) User=0.00s Sys=0.01s Real=0.00s
[605.732s][info][gc,marking  ] GC(1276) Concurrent Clear Claimed Marks
[605.732s][info][gc,marking  ] GC(1276) Concurrent Clear Claimed Marks 0.043ms
[605.732s][info][gc,marking  ] GC(1276) Concurrent Cleanup for Next Mark
[605.733s][info][gc,marking  ] GC(1276) Concurrent Cleanup for Next Mark 0.742ms
[605.733s][info][gc          ] GC(1276) Concurrent Mark Cycle 121.540ms
[606.281s][info][gc,start    ] GC(1277) Pause Young (Prepare Mixed) (G1 Evacuation Pause)
[606.281s][info][gc,task     ] GC(1277) Using 2 workers of 2 for evacuation
[606.296s][info][gc,phases   ] GC(1277)   Pre Evacuate Collection Set: 0.18ms
[606.296s][info][gc,phases   ] GC(1277)   Merge Heap Roots: 0.08ms
[606.296s][info][gc,phases   ] GC(1277)   Evacuate Collection Set: 14.01ms
[606.296s][info][gc,phases   ] GC(1277)   Post Evacuate Collection Set: 0.39ms
[606.296s][info][gc,phases   ] GC(1277)   Other: 0.09ms
[606.296s][info][gc,heap     ] GC(1277) Eden regions: 118->0(118)
[606.296s][info][gc,heap     ] GC(1277) Survivor regions: 12->14(17)
[606.296s][info][gc,heap     ] GC(1277) Old regions: 71->74
[606.296s][info][gc,heap     ] GC(1277) Humongous regions: 2->2
[606.296s][info][gc,metaspace] GC(1277) Metaspace: 43177K(43584K)->43177K(43584K) NonClass: 38822K(39104K)->38822K(39104K) Class: 4355K(4480K)->4355K(4480K)
[606.296s][info][gc          ] GC(1277) Pause Young (Prepare Mixed) (G1 Evacuation Pause) 202M->89M(256M) 14.927ms
[606.296s][info][gc,cpu      ] GC(1277) User=0.03s Sys=0.00s Real=0.02s
[606.786s][info][gc,start    ] GC(1278) Pause Young (Mixed) (G1 Evacuation Pause)
[606.786s][info][gc,task     ] GC(1278) Using 2 workers of 2 for evacuation
[606.798s][info][gc,phases   ] GC(1278)   Pre Evacuate Collection Set: 0.17ms
[606.798s][info][gc,phases   ] GC(1278)   Merge Heap Roots: 0.24ms
[606.798s][info][gc,phases   ] GC(1278)   Evacuate Collection Set: 11.40ms
[606.798s][info][gc,phases   ] GC(1278)   Post Evacuate Collection Set: 0.51ms
[606.798s][info][gc,phases   ] GC(1278)   Other: 0.09ms
[606.798s][info][gc,heap     ] GC(1278) Eden regions: 118->0(142)
[606.798s][info][gc,heap     ] GC(1278) Survivor regions: 14->2(17)
[606.798s][info][gc,heap     ] GC(1278) Old regions: 74->61
[606.798s][info][gc,heap     ] GC(1278) Humongous regions: 12->2
[606.798s][info][gc,metaspace] GC(1278) Metaspace: 43177K(43584K)->43177K(43584K) NonClass: 38822K(39104K)->38822K(39104K) Class: 4355K(4480K)->4355K(4480K)
[606.798s][info][gc          ] GC(1278) Pause Young (Mixed) (G1 Evacuation Pause) 217M->64M(256M) 12.597ms
[606.798s][info][gc,cpu      ] GC(1278) User=0.02s Sys=0.00s Real=0.01s
[606.801s][info][gc,start    ] GC(1279) Pause Young (Concurrent Start) (G1 Humongous Allocation)
[606.801s][info][gc,task     ] GC(1279) Using 2 workers of 2 for evacuation
[606.802s][info][gc,phases   ] GC(1279)   Pre Evacuate Collection Set: 0.14ms
[606.802s][info][gc,phases   ] GC(1279)   Merge Heap Roots: 0.03ms
[606.802s][info][gc,phases   ] GC(1279)   Evacuate Collection Set: 1.20ms
[606.802s][info][gc,phases   ] GC(1279)   Post Evacuate Collection Set: 0.24ms
[606.803s][info][gc,phases   ] GC(1279)   Other: 0.07ms
[606.803s][info][gc,heap     ] GC(1279) Eden regions: 1->0(142)
[606.803s][info][gc,heap     ] GC(1279) Survivor regions: 2->1(18)
[606.803s][info][gc,heap     ] GC(1279) Old regions: 61->61
[606.803s][info][gc,heap     ] GC(1279) Humongous regions: 2->2
[606.803s][info][gc,metaspace] GC(1279) Metaspace: 43177K(43584K)->43177K(43584K) NonClass: 38822K(39104K)->38822K(39104K) Class: 4355K(4480K)->4355K(4480K)
[606.803s][info][gc          ] GC(1279) Pause Young (Concurrent Start) (G1 Humongous Allocation) 65M->63M(256M) 1.835ms
[606.803s][info][gc,cpu      ] GC(1279) User=0.00s Sys=0.00s Real=0.01s
[606.803s][info][gc          ] GC(1280) Concurrent Mark Cycle
[606.803s][info][gc,marking  ] GC(1280) Concurrent Scan Root Regions
[606.805s][info][gc,marking  ] GC(1280) Concurrent Scan Root Regions 1.168ms
[606.805s][info][gc,marking  ] GC(1280) Concurrent Mark
[606.805s][info][gc,marking  ] GC(1280) Concurrent Mark From Roots
[606.805s][info][gc,task     ] GC(1280) Using 1 workers of 1 for marking
[606.847s][info][gc,marking  ] GC(1280) Concurrent Mark From Roots 42.690ms
[606.847s][info][gc,marking  ] GC(1280) Concurrent Preclean
[606.847s][info][gc,marking  ] GC(1280) Concurrent Preclean 0.036ms
[606.848s][info][gc,start    ] GC(1280) Pause Remark
[606.865s][info][gc          ] GC(1280) Pause Remark 74M->66M(256M) 17.286ms
[606.865s][info][gc,cpu      ] GC(1280) User=0.04s Sys=0.00s Real=0.02s
[606.865s][info][gc,marking  ] GC(1280) Concurrent Mark 60.284ms
[606.865s][info][gc,marking  ] GC(1280) Concurrent Rebuild Remembered Sets and Scrub Regions
[606.883s][info][gc,marking  ] GC(1280) Concurrent Rebuild Remembered Sets and Scrub Regions 17.765ms
[606.888s][info][gc,start    ] GC(1280) Pause Cleanup
[606.888s][info][gc          ] GC(1280) Pause Cleanup 68M->68M(256M) 0.060ms
[606.888s][info][gc,cpu      ] GC(1280) User=0.00s Sys=0.00s Real=0.00s
[606.888s][info][gc,marking  ] GC(1280) Concurrent Clear Claimed Marks
[606.888s][info][gc,marking  ] GC(1280) Concurrent Clear Claimed Marks 0.058ms
[606.888s][info][gc,marking  ] GC(1280) Concurrent Cleanup for Next Mark
[606.893s][info][gc,marking  ] GC(1280) Concurrent Cleanup for Next Mark 4.878ms
[606.893s][info][gc          ] GC(1280) Concurrent Mark Cycle 90.650ms
[607.542s][info][gc,start    ] GC(1281) Pause Young (Prepare Mixed) (G1 Evacuation Pause)
[607.542s][info][gc,task     ] GC(1281) Using 2 workers of 2 for evacuation
[607.552s][info][gc,phases   ] GC(1281)   Pre Evacuate Collection Set: 0.21ms
[607.552s][info][gc,phases   ] GC(1281)   Merge Heap Roots: 0.08ms
[607.552s][info][gc,phases   ] GC(1281)   Evacuate Collection Set: 9.06ms
[607.552s][info][gc,phases   ] GC(1281)   Post Evacuate Collection Set: 0.41ms
[607.552s][info][gc,phases   ] GC(1281)   Other: 0.07ms
[607.552s][info][gc,heap     ] GC(1281) Eden regions: 142->0(143)
[607.552s][info][gc,heap     ] GC(1281) Survivor regions: 1->10(18)
[607.552s][info][gc,heap     ] GC(1281) Old regions: 54->54
[607.552s][info][gc,heap     ] GC(1281) Humongous regions: 12->3
[607.552s][info][gc,metaspace] GC(1281) Metaspace: 43177K(43584K)->43177K(43584K) NonClass: 38822K(39104K)->38822K(39104K) Class: 4355K(4480K)->4355K(4480K)
[607.552s][info][gc          ] GC(1281) Pause Young (Prepare Mixed) (G1 Evacuation Pause) 208M->66M(256M) 10.046ms
[607.552s][info][gc,cpu      ] GC(1281) User=0.02s Sys=0.00s Real=0.01s
[608.179s][info][gc,start    ] GC(1282) Pause Young (Mixed) (G1 Evacuation Pause)
[608.179s][info][gc,task     ] GC(1282) Using 2 workers of 2 for evacuation
[608.191s][info][gc,phases   ] GC(1282)   Pre Evacuate Collection Set: 0.17ms
[608.191s][info][gc,phases   ] GC(1282)   Merge Heap Roots: 0.11ms
[608.191s][info][gc,phases   ] GC(1282)   Evacuate Collection Set: 11.26ms
[608.191s][info][gc,phases   ] GC(1282)   Post Evacuate Collection Set: 0.46ms
[608.191s][info][gc,phases   ] GC(1282)   Other: 0.08ms
[608.191s][info][gc,heap     ] GC(1282) Eden regions: 143->0(142)
[608.191s][info][gc,heap     ] GC(1282) Survivor regions: 10->11(20)
[608.191s][info][gc,heap     ] GC(1282) Old regions: 54->41
[608.191s][info][gc,heap     ] GC(1282) Humongous regions: 10->3
[608.191s][info][gc,metaspace] GC(1282) Metaspace: 43177K(43584K)->43177K(43584K) NonClass: 38822K(39104K)->38822K(39104K) Class: 4355K(4480K)->4355K(4480K)
[608.191s][info][gc          ] GC(1282) Pause Young (Mixed) (G1 Evacuation Pause) 216M->54M(256M) 12.326ms
[608.191s][info][gc,cpu      ] GC(1282) User=0.03s Sys=0.00s Real=0.02s
[608.243s][info][gc,start    ] GC(1283) Pause Young (Concurrent Start) (G1 Humongous Allocation)
[608.243s][info][gc,task     ] GC(1283) Using 2 workers of 2 for evacuation
[608.247s][info][gc,phases   ] GC(1283)   Pre Evacuate Collection Set: 0.37ms
[608.247s][info][gc,phases   ] GC(1283)   Merge Heap Roots: 0.05ms
[608.247s][info][gc,phases   ] GC(1283)   Evacuate Collection Set: 3.68ms
[608.247s][info][gc,phases   ] GC(1283)   Post Evacuate Collection Set: 0.42ms
[608.247s][info][gc,phases   ] GC(1283)   Other: 0.20ms
[608.247s][info][gc,heap     ] GC(1283) Eden regions: 11->0(150)
[608.247s][info][gc,heap     ] GC(1283) Survivor regions: 11->3(20)
[608.248s][info][gc,heap     ] GC(1283) Old regions: 41->41
[608.248s][info][gc,heap     ] GC(1283) Humongous regions: 3->1
[608.248s][info][gc,metaspace] GC(1283) Metaspace: 43177K(43584K)->43177K(43584K) NonClass: 38822K(39104K)->38822K(39104K) Class: 4355K(4480K)->4355K(4480K)
[608.248s][info][gc          ] GC(1283) Pause Young (Concurrent Start) (G1 Humongous Allocation) 64M->44M(256M) 4.900ms
[608.248s][info][gc,cpu      ] GC(1283) User=0.00s Sys=0.00s Real=0.00s
[608.248s][info][gc          ] GC(1284) Concurrent Mark Cycle
[608.248s][info][gc,marking  ] GC(1284) Concurrent Scan Root Regions
[608.251s][info][gc,marking  ] GC(1284) Concurrent Scan Root Regions 2.820ms
[608.251s][info][gc,marking  ] GC(1284) Concurrent Mark
[608.251s][info][gc,marking  ] GC(1284) Concurrent Mark From Roots
[608.251s][info][gc,task     ] GC(1284) Using 1 workers of 1 for marking
[608.293s][info][gc,marking  ] GC(1284) Concurrent Mark From Roots 42.361ms
[608.293s][info][gc,marking  ] GC(1284) Concurrent Preclean
[608.293s][info][gc,marking  ] GC(1284) Concurrent Preclean 0.043ms
[608.293s][info][gc,start    ] GC(1284) Pause Remark
[608.311s][info][gc          ] GC(1284) Pause Remark 56M->56M(256M) 17.791ms
[608.311s][info][gc,cpu      ] GC(1284) User=0.04s Sys=0.00s Real=0.01s
[608.311s][info][gc,marking  ] GC(1284) Concurrent Mark 60.390ms
[608.311s][info][gc,marking  ] GC(1284) Concurrent Rebuild Remembered Sets and Scrub Regions
[608.331s][info][gc,marking  ] GC(1284) Concurrent Rebuild Remembered Sets and Scrub Regions 20.461ms
[608.332s][info][gc,start    ] GC(1284) Pause Cleanup
[608.332s][info][gc          ] GC(1284) Pause Cleanup 58M->58M(256M) 0.044ms
[608.332s][info][gc,cpu      ] GC(1284) User=0.00s Sys=0.00s Real=0.00s
[608.332s][info][gc,marking  ] GC(1284) Concurrent Clear Claimed Marks
[608.332s][info][gc,marking  ] GC(1284) Concurrent Clear Claimed Marks 0.037ms
[608.332s][info][gc,marking  ] GC(1284) Concurrent Cleanup for Next Mark
[608.332s][info][gc,marking  ] GC(1284) Concurrent Cleanup for Next Mark 0.765ms
[608.332s][info][gc          ] GC(1284) Concurrent Mark Cycle 84.711ms
[608.926s][info][gc,start    ] GC(1285) Pause Young (Prepare Mixed) (G1 Evacuation Pause)
[608.926s][info][gc,task     ] GC(1285) Using 2 workers of 2 for evacuation
[608.949s][info][gc,phases   ] GC(1285)   Pre Evacuate Collection Set: 0.17ms
[608.949s][info][gc,phases   ] GC(1285)   Merge Heap Roots: 0.07ms
[608.949s][info][gc,phases   ] GC(1285)   Evacuate Collection Set: 21.84ms
[608.949s][info][gc,phases   ] GC(1285)   Post Evacuate Collection Set: 0.47ms
[608.949s][info][gc,phases   ] GC(1285)   Other: 0.09ms
[608.949s][info][gc,heap     ] GC(1285) Eden regions: 150->0(133)
[608.949s][info][gc,heap     ] GC(1285) Survivor regions: 3->20(20)
[608.949s][info][gc,heap     ] GC(1285) Old regions: 41->41
[608.949s][info][gc,heap     ] GC(1285) Humongous regions: 5->3
[608.949s][info][gc,metaspace] GC(1285) Metaspace: 43179K(43584K)->43179K(43584K) NonClass: 38824K(39104K)->38824K(39104K) Class: 4355K(4480K)->4355K(4480K)
[608.949s][info][gc          ] GC(1285) Pause Young (Prepare Mixed) (G1 Evacuation Pause) 198M->63M(256M) 22.859ms
[608.949s][info][gc,cpu      ] GC(1285) User=0.05s Sys=0.00s Real=0.02s
[609.481s][info][gc,start    ] GC(1286) Pause Young (Mixed) (G1 Evacuation Pause)
[609.481s][info][gc,task     ] GC(1286) Using 2 workers of 2 for evacuation
[609.505s][info][gc,phases   ] GC(1286)   Pre Evacuate Collection Set: 0.17ms
[609.505s][info][gc,phases   ] GC(1286)   Merge Heap Roots: 0.10ms
[609.505s][info][gc,phases   ] GC(1286)   Evacuate Collection Set: 22.78ms
[609.505s][info][gc,phases   ] GC(1286)   Post Evacuate Collection Set: 0.61ms
[609.505s][info][gc,phases   ] GC(1286)   Other: 0.09ms
[609.505s][info][gc,heap     ] GC(1286) Eden regions: 133->0(146)
[609.505s][info][gc,heap     ] GC(1286) Survivor regions: 20->7(20)
[609.505s][info][gc,heap     ] GC(1286) Old regions: 41->50
[609.505s][info][gc,heap     ] GC(1286) Humongous regions: 15->3
[609.505s][info][gc,metaspace] GC(1286) Metaspace: 43186K(43584K)->43186K(43584K) NonClass: 38831K(39104K)->38831K(39104K) Class: 4355K(4480K)->4355K(4480K)
[609.505s][info][gc          ] GC(1286) Pause Young (Mixed) (G1 Evacuation Pause) 208M->59M(256M) 23.952ms
[609.505s][info][gc,cpu      ] GC(1286) User=0.04s Sys=0.00s Real=0.03s
[609.543s][info][gc,start    ] GC(1287) Pause Young (Concurrent Start) (G1 Humongous Allocation)
[609.543s][info][gc,task     ] GC(1287) Using 2 workers of 2 for evacuation
[609.550s][info][gc,phases   ] GC(1287)   Pre Evacuate Collection Set: 0.18ms
[609.550s][info][gc,phases   ] GC(1287)   Merge Heap Roots: 0.07ms
[609.550s][info][gc,phases   ] GC(1287)   Evacuate Collection Set: 6.60ms
[609.550s][info][gc,phases   ] GC(1287)   Post Evacuate Collection Set: 0.32ms
[609.550s][info][gc,phases   ] GC(1287)   Other: 0.07ms
[609.550s][info][gc,heap     ] GC(1287) Eden regions: 11->0(146)
[609.550s][info][gc,heap     ] GC(1287) Survivor regions: 7->7(20)
[609.550s][info][gc,heap     ] GC(1287) Old regions: 50->50
[609.550s][info][gc,heap     ] GC(1287) Humongous regions: 3->1
[609.550s][info][gc,metaspace] GC(1287) Metaspace: 43186K(43584K)->43186K(43584K) NonClass: 38831K(39104K)->38831K(39104K) Class: 4355K(4480K)->4355K(4480K)
[609.550s][info][gc          ] GC(1287) Pause Young (Concurrent Start) (G1 Humongous Allocation) 70M->57M(256M) 7.415ms
[609.550s][info][gc          ] GC(1288) Concurrent Mark Cycle
[609.550s][info][gc,marking  ] GC(1288) Concurrent Scan Root Regions
[609.552s][info][gc,cpu      ] GC(1287) User=0.01s Sys=0.00s Real=0.01s
[609.557s][info][gc,marking  ] GC(1288) Concurrent Scan Root Regions 7.261ms
[609.557s][info][gc,marking  ] GC(1288) Concurrent Mark
[609.557s][info][gc,marking  ] GC(1288) Concurrent Mark From Roots
[609.557s][info][gc,task     ] GC(1288) Using 1 workers of 1 for marking
[609.625s][info][gc,marking  ] GC(1288) Concurrent Mark From Roots 67.940ms
[609.625s][info][gc,marking  ] GC(1288) Concurrent Preclean
[609.625s][info][gc,marking  ] GC(1288) Concurrent Preclean 0.046ms
[609.626s][info][gc,start    ] GC(1288) Pause Remark
[609.643s][info][gc          ] GC(1288) Pause Remark 76M->76M(256M) 17.792ms
[609.643s][info][gc,cpu      ] GC(1288) User=0.03s Sys=0.00s Real=0.02s
[609.643s][info][gc,marking  ] GC(1288) Concurrent Mark 86.049ms
[609.643s][info][gc,marking  ] GC(1288) Concurrent Rebuild Remembered Sets and Scrub Regions
[609.671s][info][gc,marking  ] GC(1288) Concurrent Rebuild Remembered Sets and Scrub Regions 27.537ms
[609.671s][info][gc,start    ] GC(1288) Pause Cleanup
[609.671s][info][gc          ] GC(1288) Pause Cleanup 79M->79M(256M) 0.070ms
[609.671s][info][gc,cpu      ] GC(1288) User=0.00s Sys=0.00s Real=0.01s
[609.671s][info][gc,marking  ] GC(1288) Concurrent Clear Claimed Marks
[609.671s][info][gc,marking  ] GC(1288) Concurrent Clear Claimed Marks 0.043ms
[609.671s][info][gc,marking  ] GC(1288) Concurrent Cleanup for Next Mark
[609.672s][info][gc,marking  ] GC(1288) Concurrent Cleanup for Next Mark 0.751ms
[609.672s][info][gc          ] GC(1288) Concurrent Mark Cycle 122.010ms
[610.147s][info][gc,start    ] GC(1289) Pause Young (Prepare Mixed) (G1 Evacuation Pause)
[610.147s][info][gc,task     ] GC(1289) Using 2 workers of 2 for evacuation
[610.165s][info][gc,phases   ] GC(1289)   Pre Evacuate Collection Set: 0.21ms
[610.165s][info][gc,phases   ] GC(1289)   Merge Heap Roots: 0.14ms
[610.165s][info][gc,phases   ] GC(1289)   Evacuate Collection Set: 17.30ms
[610.165s][info][gc,phases   ] GC(1289)   Post Evacuate Collection Set: 0.44ms
[610.165s][info][gc,phases   ] GC(1289)   Other: 0.07ms
[610.165s][info][gc,heap     ] GC(1289) Eden regions: 146->0(140)
[610.165s][info][gc,heap     ] GC(1289) Survivor regions: 7->13(20)
[610.165s][info][gc,heap     ] GC(1289) Old regions: 50->50
[610.165s][info][gc,heap     ] GC(1289) Humongous regions: 13->3
[610.165s][info][gc,metaspace] GC(1289) Metaspace: 43186K(43584K)->43186K(43584K) NonClass: 38831K(39104K)->38831K(39104K) Class: 4355K(4480K)->4355K(4480K)
[610.165s][info][gc          ] GC(1289) Pause Young (Prepare Mixed) (G1 Evacuation Pause) 215M->65M(256M) 18.373ms
[610.165s][info][gc,cpu      ] GC(1289) User=0.03s Sys=0.01s Real=0.02s
[610.738s][info][gc,start    ] GC(1290) Pause Young (Mixed) (G1 Evacuation Pause)
[610.738s][info][gc,task     ] GC(1290) Using 2 workers of 2 for evacuation
[610.749s][info][gc,phases   ] GC(1290)   Pre Evacuate Collection Set: 0.16ms
[610.749s][info][gc,phases   ] GC(1290)   Merge Heap Roots: 0.09ms
[610.749s][info][gc,phases   ] GC(1290)   Evacuate Collection Set: 10.58ms
[610.749s][info][gc,phases   ] GC(1290)   Post Evacuate Collection Set: 0.43ms
[610.749s][info][gc,phases   ] GC(1290)   Other: 0.09ms
[610.749s][info][gc,heap     ] GC(1290) Eden regions: 140->0(149)
[610.749s][info][gc,heap     ] GC(1290) Survivor regions: 13->4(20)
[610.749s][info][gc,heap     ] GC(1290) Old regions: 50->54
[610.749s][info][gc,heap     ] GC(1290) Humongous regions: 15->3
[610.749s][info][gc,metaspace] GC(1290) Metaspace: 43186K(43584K)->43186K(43584K) NonClass: 38831K(39104K)->38831K(39104K) Class: 4355K(4480K)->4355K(4480K)
[610.749s][info][gc          ] GC(1290) Pause Young (Mixed) (G1 Evacuation Pause) 217M->60M(256M) 11.539ms
[610.749s][info][gc,cpu      ] GC(1290) User=0.02s Sys=0.00s Real=0.01s
[610.780s][info][gc,start    ] GC(1291) Pause Young (Concurrent Start) (G1 Humongous Allocation)
[610.780s][info][gc,task     ] GC(1291) Using 2 workers of 2 for evacuation
[610.784s][info][gc,phases   ] GC(1291)   Pre Evacuate Collection Set: 0.16ms
[610.784s][info][gc,phases   ] GC(1291)   Merge Heap Roots: 0.05ms
[610.784s][info][gc,phases   ] GC(1291)   Evacuate Collection Set: 2.74ms
[610.784s][info][gc,phases   ] GC(1291)   Post Evacuate Collection Set: 0.27ms
[610.784s][info][gc,phases   ] GC(1291)   Other: 0.07ms
[610.784s][info][gc,heap     ] GC(1291) Eden regions: 9->0(149)
[610.784s][info][gc,heap     ] GC(1291) Survivor regions: 4->4(20)
[610.784s][info][gc,heap     ] GC(1291) Old regions: 54->54
[610.784s][info][gc,heap     ] GC(1291) Humongous regions: 3->1
[610.784s][info][gc,metaspace] GC(1291) Metaspace: 43186K(43584K)->43186K(43584K) NonClass: 38831K(39104K)->38831K(39104K) Class: 4355K(4480K)->4355K(4480K)
[610.784s][info][gc          ] GC(1291) Pause Young (Concurrent Start) (G1 Humongous Allocation) 68M->58M(256M) 3.446ms
[610.784s][info][gc,cpu      ] GC(1291) User=0.01s Sys=0.00s Real=0.01s
[610.784s][info][gc          ] GC(1292) Concurrent Mark Cycle
[610.784s][info][gc,marking  ] GC(1292) Concurrent Scan Root Regions
[610.789s][info][gc,marking  ] GC(1292) Concurrent Scan Root Regions 4.951ms
[610.789s][info][gc,marking  ] GC(1292) Concurrent Mark
[610.789s][info][gc,marking  ] GC(1292) Concurrent Mark From Roots
[610.789s][info][gc,task     ] GC(1292) Using 1 workers of 1 for marking
[610.839s][info][gc,marking  ] GC(1292) Concurrent Mark From Roots 50.012ms
[610.839s][info][gc,marking  ] GC(1292) Concurrent Preclean
[610.839s][info][gc,marking  ] GC(1292) Concurrent Preclean 0.045ms
[610.839s][info][gc,start    ] GC(1292) Pause Remark
[610.857s][info][gc          ] GC(1292) Pause Remark 73M->66M(256M) 17.494ms
[610.857s][info][gc,cpu      ] GC(1292) User=0.04s Sys=0.00s Real=0.02s
[610.857s][info][gc,marking  ] GC(1292) Concurrent Mark 67.936ms
[610.857s][info][gc,marking  ] GC(1292) Concurrent Rebuild Remembered Sets and Scrub Regions
[610.878s][info][gc,marking  ] GC(1292) Concurrent Rebuild Remembered Sets and Scrub Regions 21.516ms
[610.878s][info][gc,start    ] GC(1292) Pause Cleanup
[610.878s][info][gc          ] GC(1292) Pause Cleanup 72M->72M(256M) 0.043ms
[610.878s][info][gc,cpu      ] GC(1292) User=0.00s Sys=0.00s Real=0.00s
[610.879s][info][gc,marking  ] GC(1292) Concurrent Clear Claimed Marks
[610.879s][info][gc,marking  ] GC(1292) Concurrent Clear Claimed Marks 0.039ms
[610.879s][info][gc,marking  ] GC(1292) Concurrent Cleanup for Next Mark
[610.879s][info][gc,marking  ] GC(1292) Concurrent Cleanup for Next Mark 0.848ms
[610.879s][info][gc          ] GC(1292) Concurrent Mark Cycle 95.563ms
[611.410s][info][gc,start    ] GC(1293) Pause Young (Prepare Mixed) (G1 Evacuation Pause)
[611.411s][info][gc,task     ] GC(1293) Using 2 workers of 2 for evacuation
[611.437s][info][gc,phases   ] GC(1293)   Pre Evacuate Collection Set: 0.18ms
[611.437s][info][gc,phases   ] GC(1293)   Merge Heap Roots: 0.08ms
[611.437s][info][gc,phases   ] GC(1293)   Evacuate Collection Set: 25.95ms
[611.437s][info][gc,phases   ] GC(1293)   Post Evacuate Collection Set: 0.52ms
[611.437s][info][gc,phases   ] GC(1293)   Other: 0.07ms
[611.437s][info][gc,heap     ] GC(1293) Eden regions: 149->0(133)
[611.437s][info][gc,heap     ] GC(1293) Survivor regions: 4->20(20)
[611.437s][info][gc,heap     ] GC(1293) Old regions: 47->52
[611.437s][info][gc,heap     ] GC(1293) Humongous regions: 3->3
[611.437s][info][gc,metaspace] GC(1293) Metaspace: 43186K(43584K)->43186K(43584K) NonClass: 38831K(39104K)->38831K(39104K) Class: 4355K(4480K)->4355K(4480K)
[611.437s][info][gc          ] GC(1293) Pause Young (Prepare Mixed) (G1 Evacuation Pause) 202M->74M(256M) 27.014ms
[611.438s][info][gc,cpu      ] GC(1293) User=0.05s Sys=0.01s Real=0.03s
[612.089s][info][gc,start    ] GC(1294) Pause Young (Mixed) (G1 Evacuation Pause)
[612.089s][info][gc,task     ] GC(1294) Using 2 workers of 2 for evacuation
[612.115s][info][gc,phases   ] GC(1294)   Pre Evacuate Collection Set: 0.76ms
[612.115s][info][gc,phases   ] GC(1294)   Merge Heap Roots: 0.17ms
[612.115s][info][gc,phases   ] GC(1294)   Evacuate Collection Set: 25.05ms
[612.115s][info][gc,phases   ] GC(1294)   Post Evacuate Collection Set: 0.43ms
[612.115s][info][gc,phases   ] GC(1294)   Other: 0.09ms
[612.115s][info][gc,heap     ] GC(1294) Eden regions: 133->0(142)
[612.115s][info][gc,heap     ] GC(1294) Survivor regions: 20->11(20)
[612.115s][info][gc,heap     ] GC(1294) Old regions: 52->59
[612.115s][info][gc,heap     ] GC(1294) Humongous regions: 3->3
[612.115s][info][gc,metaspace] GC(1294) Metaspace: 43186K(43584K)->43186K(43584K) NonClass: 38831K(39104K)->38831K(39104K) Class: 4355K(4480K)->4355K(4480K)
[612.115s][info][gc          ] GC(1294) Pause Young (Mixed) (G1 Evacuation Pause) 207M->73M(256M) 26.725ms
[612.115s][info][gc,cpu      ] GC(1294) User=0.05s Sys=0.00s Real=0.03s
[612.181s][info][gc,start    ] GC(1295) Pause Young (Concurrent Start) (G1 Humongous Allocation)
[612.181s][info][gc,task     ] GC(1295) Using 2 workers of 2 for evacuation
[612.197s][info][gc,phases   ] GC(1295)   Pre Evacuate Collection Set: 0.20ms
[612.197s][info][gc,phases   ] GC(1295)   Merge Heap Roots: 0.10ms
[612.197s][info][gc,phases   ] GC(1295)   Evacuate Collection Set: 15.04ms
[612.197s][info][gc,phases   ] GC(1295)   Post Evacuate Collection Set: 0.32ms
[612.197s][info][gc,phases   ] GC(1295)   Other: 0.09ms
[612.197s][info][gc,heap     ] GC(1295) Eden regions: 15->0(132)
[612.197s][info][gc,heap     ] GC(1295) Survivor regions: 11->4(20)
[612.197s][info][gc,heap     ] GC(1295) Old regions: 59->70
[612.197s][info][gc,heap     ] GC(1295) Humongous regions: 3->1
[612.197s][info][gc,metaspace] GC(1295) Metaspace: 43187K(43584K)->43187K(43584K) NonClass: 38832K(39104K)->38832K(39104K) Class: 4355K(4480K)->4355K(4480K)
[612.197s][info][gc          ] GC(1295) Pause Young (Concurrent Start) (G1 Humongous Allocation) 88M->74M(256M) 15.928ms
[612.197s][info][gc,cpu      ] GC(1295) User=0.03s Sys=0.00s Real=0.02s
[612.197s][info][gc          ] GC(1296) Concurrent Mark Cycle
[612.197s][info][gc,marking  ] GC(1296) Concurrent Scan Root Regions
[612.212s][info][gc,marking  ] GC(1296) Concurrent Scan Root Regions 15.312ms
[612.212s][info][gc,marking  ] GC(1296) Concurrent Mark
[612.212s][info][gc,marking  ] GC(1296) Concurrent Mark From Roots
[612.212s][info][gc,task     ] GC(1296) Using 1 workers of 1 for marking
[612.288s][info][gc,marking  ] GC(1296) Concurrent Mark From Roots 75.163ms
[612.288s][info][gc,marking  ] GC(1296) Concurrent Preclean
[612.288s][info][gc,marking  ] GC(1296) Concurrent Preclean 0.044ms
[612.288s][info][gc,start    ] GC(1296) Pause Remark
[612.305s][info][gc          ] GC(1296) Pause Remark 99M->99M(256M) 17.665ms
[612.306s][info][gc,cpu      ] GC(1296) User=0.03s Sys=0.00s Real=0.02s
[612.309s][info][gc,marking  ] GC(1296) Concurrent Mark 96.598ms
[612.309s][info][gc,marking  ] GC(1296) Concurrent Rebuild Remembered Sets and Scrub Regions
[612.344s][info][gc,marking  ] GC(1296) Concurrent Rebuild Remembered Sets and Scrub Regions 34.684ms
[612.344s][info][gc,start    ] GC(1296) Pause Cleanup
[612.344s][info][gc          ] GC(1296) Pause Cleanup 108M->108M(256M) 0.054ms
[612.344s][info][gc,cpu      ] GC(1296) User=0.00s Sys=0.00s Real=0.00s
[612.344s][info][gc,marking  ] GC(1296) Concurrent Clear Claimed Marks
[612.344s][info][gc,marking  ] GC(1296) Concurrent Clear Claimed Marks 0.042ms
[612.344s][info][gc,marking  ] GC(1296) Concurrent Cleanup for Next Mark
[612.345s][info][gc,marking  ] GC(1296) Concurrent Cleanup for Next Mark 0.774ms
[612.345s][info][gc          ] GC(1296) Concurrent Mark Cycle 147.809ms
[612.780s][info][gc,start    ] GC(1297) Pause Young (Prepare Mixed) (G1 Evacuation Pause)
[612.780s][info][gc,task     ] GC(1297) Using 2 workers of 2 for evacuation
[612.795s][info][gc,phases   ] GC(1297)   Pre Evacuate Collection Set: 0.16ms
[612.795s][info][gc,phases   ] GC(1297)   Merge Heap Roots: 0.11ms
[612.795s][info][gc,phases   ] GC(1297)   Evacuate Collection Set: 14.21ms
[612.795s][info][gc,phases   ] GC(1297)   Post Evacuate Collection Set: 0.44ms
[612.795s][info][gc,phases   ] GC(1297)   Other: 0.10ms
[612.795s][info][gc,heap     ] GC(1297) Eden regions: 132->0(125)
[612.795s][info][gc,heap     ] GC(1297) Survivor regions: 4->14(17)
[612.795s][info][gc,heap     ] GC(1297) Old regions: 70->70
[612.795s][info][gc,heap     ] GC(1297) Humongous regions: 5->3
[612.795s][info][gc,metaspace] GC(1297) Metaspace: 43187K(43584K)->43187K(43584K) NonClass: 38832K(39104K)->38832K(39104K) Class: 4355K(4480K)->4355K(4480K)
[612.795s][info][gc          ] GC(1297) Pause Young (Prepare Mixed) (G1 Evacuation Pause) 210M->86M(256M) 15.219ms
[612.795s][info][gc,cpu      ] GC(1297) User=0.03s Sys=0.00s Real=0.02s
[613.285s][info][gc,start    ] GC(1298) Pause Young (Mixed) (G1 Evacuation Pause)
[613.285s][info][gc,task     ] GC(1298) Using 2 workers of 2 for evacuation
[613.293s][info][gc,phases   ] GC(1298)   Pre Evacuate Collection Set: 0.17ms
[613.293s][info][gc,phases   ] GC(1298)   Merge Heap Roots: 0.08ms
[613.293s][info][gc,phases   ] GC(1298)   Evacuate Collection Set: 7.84ms
[613.293s][info][gc,phases   ] GC(1298)   Post Evacuate Collection Set: 0.43ms
[613.293s][info][gc,phases   ] GC(1298)   Other: 0.09ms
[613.293s][info][gc,heap     ] GC(1298) Eden regions: 125->0(141)
[613.293s][info][gc,heap     ] GC(1298) Survivor regions: 14->3(18)
[613.293s][info][gc,heap     ] GC(1298) Old regions: 70->69
[613.293s][info][gc,heap     ] GC(1298) Humongous regions: 13->3
[613.293s][info][gc,metaspace] GC(1298) Metaspace: 43187K(43584K)->43187K(43584K) NonClass: 38832K(39104K)->38832K(39104K) Class: 4355K(4480K)->4355K(4480K)
[613.293s][info][gc          ] GC(1298) Pause Young (Mixed) (G1 Evacuation Pause) 221M->74M(256M) 8.796ms
[613.293s][info][gc,cpu      ] GC(1298) User=0.01s Sys=0.00s Real=0.01s
[613.426s][info][gc,start    ] GC(1299) Pause Young (Concurrent Start) (G1 Humongous Allocation)
[613.426s][info][gc,task     ] GC(1299) Using 2 workers of 2 for evacuation
[613.428s][info][gc,phases   ] GC(1299)   Pre Evacuate Collection Set: 0.21ms
[613.428s][info][gc,phases   ] GC(1299)   Merge Heap Roots: 0.05ms
[613.428s][info][gc,phases   ] GC(1299)   Evacuate Collection Set: 1.68ms
[613.429s][info][gc,phases   ] GC(1299)   Post Evacuate Collection Set: 0.33ms
[613.429s][info][gc,phases   ] GC(1299)   Other: 0.10ms
[613.429s][info][gc,heap     ] GC(1299) Eden regions: 38->0(149)
[613.429s][info][gc,heap     ] GC(1299) Survivor regions: 3->2(18)
[613.429s][info][gc,heap     ] GC(1299) Old regions: 69->69
[613.429s][info][gc,heap     ] GC(1299) Humongous regions: 3->1
[613.429s][info][gc,metaspace] GC(1299) Metaspace: 43187K(43584K)->43187K(43584K) NonClass: 38832K(39104K)->38832K(39104K) Class: 4355K(4480K)->4355K(4480K)
[613.429s][info][gc          ] GC(1299) Pause Young (Concurrent Start) (G1 Humongous Allocation) 111M->71M(256M) 2.540ms
[613.429s][info][gc,cpu      ] GC(1299) User=0.01s Sys=0.01s Real=0.00s
[613.429s][info][gc          ] GC(1300) Concurrent Mark Cycle
[613.429s][info][gc,marking  ] GC(1300) Concurrent Scan Root Regions
[613.433s][info][gc,marking  ] GC(1300) Concurrent Scan Root Regions 4.151ms
[613.433s][info][gc,marking  ] GC(1300) Concurrent Mark
[613.433s][info][gc,marking  ] GC(1300) Concurrent Mark From Roots
[613.433s][info][gc,task     ] GC(1300) Using 1 workers of 1 for marking
[613.503s][info][gc,marking  ] GC(1300) Concurrent Mark From Roots 69.914ms
[613.503s][info][gc,marking  ] GC(1300) Concurrent Preclean
[613.503s][info][gc,marking  ] GC(1300) Concurrent Preclean 0.042ms
[613.503s][info][gc,start    ] GC(1300) Pause Remark
[613.520s][info][gc          ] GC(1300) Pause Remark 89M->85M(256M) 17.419ms
[613.520s][info][gc,cpu      ] GC(1300) User=0.04s Sys=0.00s Real=0.01s
[613.520s][info][gc,marking  ] GC(1300) Concurrent Mark 87.643ms
[613.520s][info][gc,marking  ] GC(1300) Concurrent Rebuild Remembered Sets and Scrub Regions
[613.543s][info][gc,marking  ] GC(1300) Concurrent Rebuild Remembered Sets and Scrub Regions 22.152ms
[613.543s][info][gc,start    ] GC(1300) Pause Cleanup
[613.543s][info][gc          ] GC(1300) Pause Cleanup 94M->94M(256M) 0.051ms
[613.543s][info][gc,cpu      ] GC(1300) User=0.00s Sys=0.00s Real=0.00s
[613.543s][info][gc,marking  ] GC(1300) Concurrent Clear Claimed Marks
[613.543s][info][gc,marking  ] GC(1300) Concurrent Clear Claimed Marks 0.039ms
[613.543s][info][gc,marking  ] GC(1300) Concurrent Cleanup for Next Mark
[613.544s][info][gc,marking  ] GC(1300) Concurrent Cleanup for Next Mark 0.742ms
[613.544s][info][gc          ] GC(1300) Concurrent Mark Cycle 115.093ms
[614.110s][info][gc,start    ] GC(1301) Pause Young (Prepare Mixed) (G1 Evacuation Pause)
[614.110s][info][gc,task     ] GC(1301) Using 2 workers of 2 for evacuation
[614.130s][info][gc,phases   ] GC(1301)   Pre Evacuate Collection Set: 0.20ms
[614.130s][info][gc,phases   ] GC(1301)   Merge Heap Roots: 0.22ms
[614.130s][info][gc,phases   ] GC(1301)   Evacuate Collection Set: 18.98ms
[614.130s][info][gc,phases   ] GC(1301)   Post Evacuate Collection Set: 0.72ms
[614.130s][info][gc,phases   ] GC(1301)   Other: 0.10ms
[614.130s][info][gc,heap     ] GC(1301) Eden regions: 149->0(162)
[614.130s][info][gc,heap     ] GC(1301) Survivor regions: 2->9(19)
[614.130s][info][gc,heap     ] GC(1301) Old regions: 65->65
[614.130s][info][gc,heap     ] GC(1301) Humongous regions: 5->3
[614.130s][info][gc,metaspace] GC(1301) Metaspace: 43187K(43584K)->43187K(43584K) NonClass: 38832K(39104K)->38832K(39104K) Class: 4355K(4480K)->4355K(4480K)
[614.130s][info][gc          ] GC(1301) Pause Young (Prepare Mixed) (G1 Evacuation Pause) 220M->76M(285M) 20.603ms
[614.130s][info][gc,cpu      ] GC(1301) User=0.02s Sys=0.00s Real=0.02s
[614.734s][info][gc,start    ] GC(1302) Pause Young (Mixed) (G1 Evacuation Pause)
[614.734s][info][gc,task     ] GC(1302) Using 2 workers of 2 for evacuation
[614.747s][info][gc,phases   ] GC(1302)   Pre Evacuate Collection Set: 0.21ms
[614.747s][info][gc,phases   ] GC(1302)   Merge Heap Roots: 0.14ms
[614.747s][info][gc,phases   ] GC(1302)   Evacuate Collection Set: 11.42ms
[614.747s][info][gc,phases   ] GC(1302)   Post Evacuate Collection Set: 0.45ms
[614.747s][info][gc,phases   ] GC(1302)   Other: 0.07ms
[614.747s][info][gc,heap     ] GC(1302) Eden regions: 162->0(161)
[614.747s][info][gc,heap     ] GC(1302) Survivor regions: 9->10(22)
[614.747s][info][gc,heap     ] GC(1302) Old regions: 65->47
[614.747s][info][gc,heap     ] GC(1302) Humongous regions: 11->3
[614.747s][info][gc,metaspace] GC(1302) Metaspace: 43187K(43584K)->43187K(43584K) NonClass: 38832K(39104K)->38832K(39104K) Class: 4355K(4480K)->4355K(4480K)
[614.747s][info][gc          ] GC(1302) Pause Young (Mixed) (G1 Evacuation Pause) 246M->58M(285M) 12.491ms
[614.747s][info][gc,cpu      ] GC(1302) User=0.02s Sys=0.00s Real=0.01s
[615.047s][info][gc,start    ] GC(1303) Pause Young (Concurrent Start) (G1 Humongous Allocation)
[615.047s][info][gc,task     ] GC(1303) Using 2 workers of 2 for evacuation
[615.070s][info][gc,phases   ] GC(1303)   Pre Evacuate Collection Set: 0.17ms
[615.070s][info][gc,phases   ] GC(1303)   Merge Heap Roots: 0.05ms
[615.070s][info][gc,phases   ] GC(1303)   Evacuate Collection Set: 22.15ms
[615.070s][info][gc,phases   ] GC(1303)   Post Evacuate Collection Set: 0.48ms
[615.070s][info][gc,phases   ] GC(1303)   Other: 0.10ms
[615.070s][info][gc,heap     ] GC(1303) Eden regions: 72->0(167)
[615.070s][info][gc,heap     ] GC(1303) Survivor regions: 10->4(22)
[615.070s][info][gc,heap     ] GC(1303) Old regions: 47->47
[615.070s][info][gc,heap     ] GC(1303) Humongous regions: 3->1
[615.070s][info][gc,metaspace] GC(1303) Metaspace: 43187K(43584K)->43187K(43584K) NonClass: 38832K(39104K)->38832K(39104K) Class: 4355K(4480K)->4355K(4480K)
[615.070s][info][gc          ] GC(1303) Pause Young (Concurrent Start) (G1 Humongous Allocation) 130M->50M(285M) 23.131ms
[615.070s][info][gc,cpu      ] GC(1303) User=0.03s Sys=0.00s Real=0.02s
[615.070s][info][gc          ] GC(1304) Concurrent Mark Cycle
[615.070s][info][gc,marking  ] GC(1304) Concurrent Scan Root Regions
[615.081s][info][gc,marking  ] GC(1304) Concurrent Scan Root Regions 10.952ms
[615.081s][info][gc,marking  ] GC(1304) Concurrent Mark
[615.081s][info][gc,marking  ] GC(1304) Concurrent Mark From Roots
[615.081s][info][gc,task     ] GC(1304) Using 1 workers of 1 for marking
[615.150s][info][gc,marking  ] GC(1304) Concurrent Mark From Roots 68.450ms
[615.150s][info][gc,marking  ] GC(1304) Concurrent Preclean
[615.150s][info][gc,marking  ] GC(1304) Concurrent Preclean 0.044ms
[615.150s][info][gc,start    ] GC(1304) Pause Remark
[615.168s][info][gc          ] GC(1304) Pause Remark 73M->73M(256M) 18.192ms
[615.168s][info][gc,cpu      ] GC(1304) User=0.03s Sys=0.00s Real=0.02s
[615.168s][info][gc,marking  ] GC(1304) Concurrent Mark 86.971ms
[615.168s][info][gc,marking  ] GC(1304) Concurrent Rebuild Remembered Sets and Scrub Regions
[615.196s][info][gc,marking  ] GC(1304) Concurrent Rebuild Remembered Sets and Scrub Regions 28.266ms
[615.197s][info][gc,start    ] GC(1304) Pause Cleanup
[615.197s][info][gc          ] GC(1304) Pause Cleanup 80M->80M(256M) 0.047ms
[615.197s][info][gc,cpu      ] GC(1304) User=0.00s Sys=0.00s Real=0.00s
[615.197s][info][gc,marking  ] GC(1304) Concurrent Clear Claimed Marks
[615.197s][info][gc,marking  ] GC(1304) Concurrent Clear Claimed Marks 0.039ms
[615.197s][info][gc,marking  ] GC(1304) Concurrent Cleanup for Next Mark
[615.198s][info][gc,marking  ] GC(1304) Concurrent Cleanup for Next Mark 0.926ms
[615.198s][info][gc          ] GC(1304) Concurrent Mark Cycle 127.518ms
[615.740s][info][gc,start    ] GC(1305) Pause Young (Prepare Mixed) (G1 Evacuation Pause)
[615.740s][info][gc,task     ] GC(1305) Using 2 workers of 2 for evacuation
[615.747s][info][gc,phases   ] GC(1305)   Pre Evacuate Collection Set: 0.16ms
[615.747s][info][gc,phases   ] GC(1305)   Merge Heap Roots: 0.06ms
[615.747s][info][gc,phases   ] GC(1305)   Evacuate Collection Set: 5.96ms
[615.747s][info][gc,phases   ] GC(1305)   Post Evacuate Collection Set: 0.44ms
[615.747s][info][gc,phases   ] GC(1305)   Other: 0.07ms
[615.747s][info][gc,heap     ] GC(1305) Eden regions: 149->0(146)
[615.747s][info][gc,heap     ] GC(1305) Survivor regions: 4->7(20)
[615.747s][info][gc,heap     ] GC(1305) Old regions: 47->47
[615.747s][info][gc,heap     ] GC(1305) Humongous regions: 9->3
[615.747s][info][gc,metaspace] GC(1305) Metaspace: 43187K(43584K)->43187K(43584K) NonClass: 38832K(39104K)->38832K(39104K) Class: 4355K(4480K)->4355K(4480K)
[615.747s][info][gc          ] GC(1305) Pause Young (Prepare Mixed) (G1 Evacuation Pause) 207M->55M(256M) 6.915ms
[615.747s][info][gc,cpu      ] GC(1305) User=0.01s Sys=0.00s Real=0.01s
[616.175s][info][gc,start    ] GC(1306) Pause Young (Mixed) (G1 Evacuation Pause)
[616.175s][info][gc,task     ] GC(1306) Using 2 workers of 2 for evacuation
[616.220s][info][gc,phases   ] GC(1306)   Pre Evacuate Collection Set: 0.16ms
[616.220s][info][gc,phases   ] GC(1306)   Merge Heap Roots: 0.12ms
[616.220s][info][gc,phases   ] GC(1306)   Evacuate Collection Set: 43.64ms
[616.220s][info][gc,phases   ] GC(1306)   Post Evacuate Collection Set: 0.63ms
[616.220s][info][gc,phases   ] GC(1306)   Other: 0.07ms
[616.220s][info][gc,heap     ] GC(1306) Eden regions: 146->0(125)
[616.220s][info][gc,heap     ] GC(1306) Survivor regions: 7->20(20)
[616.220s][info][gc,heap     ] GC(1306) Old regions: 47->64
[616.220s][info][gc,heap     ] GC(1306) Humongous regions: 3->3
[616.220s][info][gc,metaspace] GC(1306) Metaspace: 43187K(43584K)->43187K(43584K) NonClass: 38832K(39104K)->38832K(39104K) Class: 4355K(4480K)->4355K(4480K)
[616.220s][info][gc          ] GC(1306) Pause Young (Mixed) (G1 Evacuation Pause) 201M->86M(256M) 44.834ms
[616.220s][info][gc,cpu      ] GC(1306) User=0.09s Sys=0.00s Real=0.04s
[616.858s][info][gc,start    ] GC(1307) Pause Young (Concurrent Start) (G1 Evacuation Pause)
[616.858s][info][gc,task     ] GC(1307) Using 2 workers of 2 for evacuation
[616.912s][info][gc,phases   ] GC(1307)   Pre Evacuate Collection Set: 0.18ms
[616.912s][info][gc,phases   ] GC(1307)   Merge Heap Roots: 0.22ms
[616.912s][info][gc,phases   ] GC(1307)   Evacuate Collection Set: 52.67ms
[616.912s][info][gc,phases   ] GC(1307)   Post Evacuate Collection Set: 0.47ms
[616.912s][info][gc,phases   ] GC(1307)   Other: 0.11ms
[616.912s][info][gc,heap     ] GC(1307) Eden regions: 125->0(104)
[616.912s][info][gc,heap     ] GC(1307) Survivor regions: 20->19(19)
[616.912s][info][gc,heap     ] GC(1307) Old regions: 64->86
[616.912s][info][gc,heap     ] GC(1307) Humongous regions: 3->3
[616.912s][info][gc,metaspace] GC(1307) Metaspace: 43187K(43584K)->43187K(43584K) NonClass: 38832K(39104K)->38832K(39104K) Class: 4355K(4480K)->4355K(4480K)
[616.912s][info][gc          ] GC(1307) Pause Young (Concurrent Start) (G1 Evacuation Pause) 211M->106M(256M) 53.885ms
[616.912s][info][gc,cpu      ] GC(1307) User=0.11s Sys=0.00s Real=0.06s
[616.912s][info][gc          ] GC(1308) Concurrent Mark Cycle
[616.912s][info][gc,marking  ] GC(1308) Concurrent Scan Root Regions
[616.964s][info][gc,marking  ] GC(1308) Concurrent Scan Root Regions 52.366ms
[616.965s][info][gc,marking  ] GC(1308) Concurrent Mark
[616.965s][info][gc,marking  ] GC(1308) Concurrent Mark From Roots
[616.965s][info][gc,task     ] GC(1308) Using 1 workers of 1 for marking
[617.093s][info][gc,marking  ] GC(1308) Concurrent Mark From Roots 128.614ms
[617.093s][info][gc,marking  ] GC(1308) Concurrent Preclean
[617.093s][info][gc,marking  ] GC(1308) Concurrent Preclean 0.048ms
[617.093s][info][gc,start    ] GC(1308) Pause Remark
[617.111s][info][gc          ] GC(1308) Pause Remark 136M->136M(256M) 17.834ms
[617.111s][info][gc,cpu      ] GC(1308) User=0.03s Sys=0.00s Real=0.02s
[617.111s][info][gc,marking  ] GC(1308) Concurrent Mark 146.812ms
[617.111s][info][gc,marking  ] GC(1308) Concurrent Rebuild Remembered Sets and Scrub Regions
[617.251s][info][gc,marking  ] GC(1308) Concurrent Rebuild Remembered Sets and Scrub Regions 139.376ms
[617.251s][info][gc,start    ] GC(1308) Pause Cleanup
[617.251s][info][gc          ] GC(1308) Pause Cleanup 153M->153M(256M) 0.051ms
[617.251s][info][gc,cpu      ] GC(1308) User=0.00s Sys=0.00s Real=0.00s
[617.252s][info][gc,marking  ] GC(1308) Concurrent Clear Claimed Marks
[617.252s][info][gc,marking  ] GC(1308) Concurrent Clear Claimed Marks 0.070ms
[617.252s][info][gc,marking  ] GC(1308) Concurrent Cleanup for Next Mark
[617.253s][info][gc,marking  ] GC(1308) Concurrent Cleanup for Next Mark 0.758ms
[617.253s][info][gc          ] GC(1308) Concurrent Mark Cycle 341.018ms
[617.575s][info][gc,start    ] GC(1309) Pause Young (Prepare Mixed) (G1 Evacuation Pause)
[617.575s][info][gc,task     ] GC(1309) Using 2 workers of 2 for evacuation
[617.634s][info][gc,phases   ] GC(1309)   Pre Evacuate Collection Set: 0.17ms
[617.634s][info][gc,phases   ] GC(1309)   Merge Heap Roots: 0.33ms
[617.634s][info][gc,phases   ] GC(1309)   Evacuate Collection Set: 58.07ms
[617.635s][info][gc,phases   ] GC(1309)   Post Evacuate Collection Set: 0.48ms
[617.635s][info][gc,phases   ] GC(1309)   Other: 0.07ms
[617.635s][info][gc,heap     ] GC(1309) Eden regions: 104->0(81)
[617.635s][info][gc,heap     ] GC(1309) Survivor regions: 19->16(16)
[617.635s][info][gc,heap     ] GC(1309) Old regions: 86->116
[617.635s][info][gc,heap     ] GC(1309) Humongous regions: 3->3
[617.635s][info][gc,metaspace] GC(1309) Metaspace: 43187K(43584K)->43187K(43584K) NonClass: 38832K(39104K)->38832K(39104K) Class: 4355K(4480K)->4355K(4480K)
[617.635s][info][gc          ] GC(1309) Pause Young (Prepare Mixed) (G1 Evacuation Pause) 210M->134M(258M) 59.300ms
[617.635s][info][gc,cpu      ] GC(1309) User=0.12s Sys=0.00s Real=0.06s
[618.025s][info][gc,start    ] GC(1310) Pause Young (Mixed) (G1 Evacuation Pause)
[618.025s][info][gc,task     ] GC(1310) Using 2 workers of 2 for evacuation
[618.074s][info][gc,phases   ] GC(1310)   Pre Evacuate Collection Set: 0.18ms
[618.074s][info][gc,phases   ] GC(1310)   Merge Heap Roots: 0.26ms
[618.074s][info][gc,phases   ] GC(1310)   Evacuate Collection Set: 47.72ms
[618.074s][info][gc,phases   ] GC(1310)   Post Evacuate Collection Set: 0.43ms
[618.074s][info][gc,phases   ] GC(1310)   Other: 0.07ms
[618.074s][info][gc,heap     ] GC(1310) Eden regions: 81->0(64)
[618.074s][info][gc,heap     ] GC(1310) Survivor regions: 16->13(13)
[618.074s][info][gc,heap     ] GC(1310) Old regions: 116->138
[618.074s][info][gc,heap     ] GC(1310) Humongous regions: 5->3
[618.074s][info][gc,metaspace] GC(1310) Metaspace: 43187K(43584K)->43187K(43584K) NonClass: 38832K(39104K)->38832K(39104K) Class: 4355K(4480K)->4355K(4480K)
[618.074s][info][gc          ] GC(1310) Pause Young (Mixed) (G1 Evacuation Pause) 217M->154M(258M) 48.871ms
[618.074s][info][gc,cpu      ] GC(1310) User=0.10s Sys=0.00s Real=0.05s
[618.359s][info][gc,start    ] GC(1311) Pause Young (Concurrent Start) (G1 Evacuation Pause)
[618.359s][info][gc,task     ] GC(1311) Using 2 workers of 2 for evacuation
[618.382s][info][gc,phases   ] GC(1311)   Pre Evacuate Collection Set: 0.19ms
[618.382s][info][gc,phases   ] GC(1311)   Merge Heap Roots: 0.14ms
[618.382s][info][gc,phases   ] GC(1311)   Evacuate Collection Set: 22.86ms
[618.382s][info][gc,phases   ] GC(1311)   Post Evacuate Collection Set: 0.35ms
[618.382s][info][gc,phases   ] GC(1311)   Other: 0.09ms
[618.382s][info][gc,heap     ] GC(1311) Eden regions: 64->0(62)
[618.382s][info][gc,heap     ] GC(1311) Survivor regions: 13->9(10)
[618.382s][info][gc,heap     ] GC(1311) Old regions: 138->150
[618.382s][info][gc,heap     ] GC(1311) Humongous regions: 3->3
[618.382s][info][gc,metaspace] GC(1311) Metaspace: 43187K(43584K)->43187K(43584K) NonClass: 38832K(39104K)->38832K(39104K) Class: 4355K(4480K)->4355K(4480K)
[618.382s][info][gc          ] GC(1311) Pause Young (Concurrent Start) (G1 Evacuation Pause) 218M->161M(258M) 23.794ms
[618.382s][info][gc,cpu      ] GC(1311) User=0.05s Sys=0.00s Real=0.03s
[618.382s][info][gc          ] GC(1312) Concurrent Mark Cycle
[618.382s][info][gc,marking  ] GC(1312) Concurrent Scan Root Regions
[618.404s][info][gc,marking  ] GC(1312) Concurrent Scan Root Regions 21.630ms
[618.404s][info][gc,marking  ] GC(1312) Concurrent Mark
[618.404s][info][gc,marking  ] GC(1312) Concurrent Mark From Roots
[618.404s][info][gc,task     ] GC(1312) Using 1 workers of 1 for marking
[618.534s][info][gc,marking  ] GC(1312) Concurrent Mark From Roots 130.234ms
[618.534s][info][gc,marking  ] GC(1312) Concurrent Preclean
[618.534s][info][gc,marking  ] GC(1312) Concurrent Preclean 0.051ms
[618.535s][info][gc,start    ] GC(1312) Pause Remark
[618.552s][info][gc          ] GC(1312) Pause Remark 194M->194M(274M) 17.475ms
[618.552s][info][gc,cpu      ] GC(1312) User=0.03s Sys=0.00s Real=0.02s
[618.552s][info][gc,marking  ] GC(1312) Concurrent Mark 148.023ms
[618.552s][info][gc,marking  ] GC(1312) Concurrent Rebuild Remembered Sets and Scrub Regions
[618.633s][info][gc,marking  ] GC(1312) Concurrent Rebuild Remembered Sets and Scrub Regions 81.256ms
[618.633s][info][gc,start    ] GC(1312) Pause Cleanup
[618.634s][info][gc          ] GC(1312) Pause Cleanup 195M->195M(274M) 0.071ms
[618.634s][info][gc,cpu      ] GC(1312) User=0.00s Sys=0.00s Real=0.00s
[618.634s][info][gc,marking  ] GC(1312) Concurrent Clear Claimed Marks
[618.634s][info][gc,marking  ] GC(1312) Concurrent Clear Claimed Marks 0.039ms
[618.634s][info][gc,marking  ] GC(1312) Concurrent Cleanup for Next Mark
[618.635s][info][gc,marking  ] GC(1312) Concurrent Cleanup for Next Mark 0.963ms
[618.635s][info][gc          ] GC(1312) Concurrent Mark Cycle 252.182ms
[618.760s][info][gc,start    ] GC(1313) Pause Young (Prepare Mixed) (G1 Evacuation Pause)
[618.760s][info][gc,task     ] GC(1313) Using 2 workers of 2 for evacuation
[618.779s][info][gc,phases   ] GC(1313)   Pre Evacuate Collection Set: 0.18ms
[618.779s][info][gc,phases   ] GC(1313)   Merge Heap Roots: 0.07ms
[618.779s][info][gc,phases   ] GC(1313)   Evacuate Collection Set: 18.13ms
[618.779s][info][gc,phases   ] GC(1313)   Post Evacuate Collection Set: 0.39ms
[618.779s][info][gc,phases   ] GC(1313)   Other: 0.09ms
[618.779s][info][gc,heap     ] GC(1313) Eden regions: 62->0(67)
[618.779s][info][gc,heap     ] GC(1313) Survivor regions: 9->9(9)
[618.779s][info][gc,heap     ] GC(1313) Old regions: 150->159
[618.779s][info][gc,heap     ] GC(1313) Humongous regions: 7->3
[618.779s][info][gc,metaspace] GC(1313) Metaspace: 43187K(43584K)->43187K(43584K) NonClass: 38832K(39104K)->38832K(39104K) Class: 4355K(4480K)->4355K(4480K)
[618.779s][info][gc          ] GC(1313) Pause Young (Prepare Mixed) (G1 Evacuation Pause) 227M->170M(274M) 19.033ms
[618.779s][info][gc,cpu      ] GC(1313) User=0.04s Sys=0.00s Real=0.02s
[619.044s][info][gc,start    ] GC(1314) Pause Young (Mixed) (G1 Evacuation Pause)
[619.044s][info][gc,task     ] GC(1314) Using 2 workers of 2 for evacuation
[619.067s][info][gc,phases   ] GC(1314)   Pre Evacuate Collection Set: 0.21ms
[619.067s][info][gc,phases   ] GC(1314)   Merge Heap Roots: 0.19ms
[619.067s][info][gc,phases   ] GC(1314)   Evacuate Collection Set: 21.28ms
[619.067s][info][gc,phases   ] GC(1314)   Post Evacuate Collection Set: 1.39ms
[619.067s][info][gc,phases   ] GC(1314)   Other: 0.07ms
[619.067s][info][gc,heap     ] GC(1314) Eden regions: 67->0(180)
[619.067s][info][gc,heap     ] GC(1314) Survivor regions: 9->9(10)
[619.067s][info][gc,heap     ] GC(1314) Old regions: 159->139
[619.067s][info][gc,heap     ] GC(1314) Humongous regions: 7->3
[619.067s][info][gc,metaspace] GC(1314) Metaspace: 43187K(43584K)->43187K(43584K) NonClass: 38832K(39104K)->38832K(39104K) Class: 4355K(4480K)->4355K(4480K)
[619.067s][info][gc          ] GC(1314) Pause Young (Mixed) (G1 Evacuation Pause) 241M->150M(415M) 23.315ms
[619.067s][info][gc,cpu      ] GC(1314) User=0.04s Sys=0.01s Real=0.02s
[619.867s][info][gc,start    ] GC(1315) Pause Young (Mixed) (G1 Evacuation Pause)
[619.868s][info][gc,task     ] GC(1315) Using 2 workers of 2 for evacuation
[619.928s][info][gc,phases   ] GC(1315)   Pre Evacuate Collection Set: 0.25ms
[619.928s][info][gc,phases   ] GC(1315)   Merge Heap Roots: 0.80ms
[619.928s][info][gc,phases   ] GC(1315)   Evacuate Collection Set: 58.46ms
[619.928s][info][gc,phases   ] GC(1315)   Post Evacuate Collection Set: 0.75ms
[619.928s][info][gc,phases   ] GC(1315)   Other: 0.08ms
[619.928s][info][gc,heap     ] GC(1315) Eden regions: 180->0(162)
[619.928s][info][gc,heap     ] GC(1315) Survivor regions: 9->24(24)
[619.928s][info][gc,heap     ] GC(1315) Old regions: 139->133
[619.928s][info][gc,heap     ] GC(1315) Humongous regions: 8->4
[619.928s][info][gc,metaspace] GC(1315) Metaspace: 43187K(43584K)->43187K(43584K) NonClass: 38832K(39104K)->38832K(39104K) Class: 4355K(4480K)->4355K(4480K)
[619.928s][info][gc          ] GC(1315) Pause Young (Mixed) (G1 Evacuation Pause) 335M->161M(415M) 60.577ms
[619.928s][info][gc,cpu      ] GC(1315) User=0.12s Sys=0.00s Real=0.06s
[620.481s][info][gc,start    ] GC(1316) Pause Young (Mixed) (G1 Evacuation Pause)
[620.481s][info][gc,task     ] GC(1316) Using 2 workers of 2 for evacuation
[620.539s][info][gc,phases   ] GC(1316)   Pre Evacuate Collection Set: 0.25ms
[620.539s][info][gc,phases   ] GC(1316)   Merge Heap Roots: 0.91ms
[620.539s][info][gc,phases   ] GC(1316)   Evacuate Collection Set: 55.89ms
[620.539s][info][gc,phases   ] GC(1316)   Post Evacuate Collection Set: 0.93ms
[620.539s][info][gc,phases   ] GC(1316)   Other: 0.08ms
[620.539s][info][gc,heap     ] GC(1316) Eden regions: 162->0(169)
[620.539s][info][gc,heap     ] GC(1316) Survivor regions: 24->9(24)
[620.539s][info][gc,heap     ] GC(1316) Old regions: 133->152
[620.539s][info][gc,heap     ] GC(1316) Humongous regions: 5->4
[620.539s][info][gc,metaspace] GC(1316) Metaspace: 43187K(43584K)->43187K(43584K) NonClass: 38832K(39104K)->38832K(39104K) Class: 4355K(4480K)->4355K(4480K)
[620.539s][info][gc          ] GC(1316) Pause Young (Mixed) (G1 Evacuation Pause) 324M->165M(415M) 58.295ms
[620.539s][info][gc,cpu      ] GC(1316) User=0.11s Sys=0.00s Real=0.06s
[621.126s][info][gc,start    ] GC(1317) Pause Young (Normal) (G1 Evacuation Pause)
[621.126s][info][gc,task     ] GC(1317) Using 2 workers of 2 for evacuation
[621.141s][info][gc,phases   ] GC(1317)   Pre Evacuate Collection Set: 0.22ms
[621.141s][info][gc,phases   ] GC(1317)   Merge Heap Roots: 0.09ms
[621.141s][info][gc,phases   ] GC(1317)   Evacuate Collection Set: 13.86ms
[621.141s][info][gc,phases   ] GC(1317)   Post Evacuate Collection Set: 0.46ms
[621.141s][info][gc,phases   ] GC(1317)   Other: 0.09ms
[621.141s][info][gc,heap     ] GC(1317) Eden regions: 169->0(164)
[621.141s][info][gc,heap     ] GC(1317) Survivor regions: 9->20(23)
[621.141s][info][gc,heap     ] GC(1317) Old regions: 152->152
[621.141s][info][gc,heap     ] GC(1317) Humongous regions: 6->4
[621.141s][info][gc,metaspace] GC(1317) Metaspace: 43187K(43584K)->43187K(43584K) NonClass: 38832K(39104K)->38832K(39104K) Class: 4355K(4480K)->4355K(4480K)
[621.141s][info][gc          ] GC(1317) Pause Young (Normal) (G1 Evacuation Pause) 336M->175M(415M) 14.955ms
[621.141s][info][gc,cpu      ] GC(1317) User=0.03s Sys=0.00s Real=0.02s
[621.739s][info][gc,start    ] GC(1318) Pause Young (Normal) (G1 Evacuation Pause)
[621.739s][info][gc,task     ] GC(1318) Using 2 workers of 2 for evacuation
[621.748s][info][gc,phases   ] GC(1318)   Pre Evacuate Collection Set: 0.20ms
[621.748s][info][gc,phases   ] GC(1318)   Merge Heap Roots: 0.10ms
[621.748s][info][gc,phases   ] GC(1318)   Evacuate Collection Set: 8.21ms
[621.748s][info][gc,phases   ] GC(1318)   Post Evacuate Collection Set: 0.44ms
[621.748s][info][gc,phases   ] GC(1318)   Other: 0.09ms
[621.748s][info][gc,heap     ] GC(1318) Eden regions: 164->0(182)
[621.748s][info][gc,heap     ] GC(1318) Survivor regions: 20->7(23)
[621.748s][info][gc,heap     ] GC(1318) Old regions: 152->156
[621.748s][info][gc,heap     ] GC(1318) Humongous regions: 4->4
[621.748s][info][gc,metaspace] GC(1318) Metaspace: 43187K(43584K)->43187K(43584K) NonClass: 38832K(39104K)->38832K(39104K) Class: 4355K(4480K)->4355K(4480K)
[621.748s][info][gc          ] GC(1318) Pause Young (Normal) (G1 Evacuation Pause) 339M->166M(415M) 9.273ms
[621.748s][info][gc,cpu      ] GC(1318) User=0.01s Sys=0.00s Real=0.01s
[621.944s][info][gc,start    ] GC(1319) Pause Young (Concurrent Start) (G1 Humongous Allocation)
[621.944s][info][gc,task     ] GC(1319) Using 2 workers of 2 for evacuation
[621.968s][info][gc,phases   ] GC(1319)   Pre Evacuate Collection Set: 0.23ms
[621.968s][info][gc,phases   ] GC(1319)   Merge Heap Roots: 0.04ms
[621.968s][info][gc,phases   ] GC(1319)   Evacuate Collection Set: 23.57ms
[621.968s][info][gc,phases   ] GC(1319)   Post Evacuate Collection Set: 0.44ms
[621.968s][info][gc,phases   ] GC(1319)   Other: 0.11ms
[621.968s][info][gc,heap     ] GC(1319) Eden regions: 55->0(107)
[621.968s][info][gc,heap     ] GC(1319) Survivor regions: 7->24(24)
[621.968s][info][gc,heap     ] GC(1319) Old regions: 156->171
[621.968s][info][gc,heap     ] GC(1319) Humongous regions: 4->4
[621.968s][info][gc,metaspace] GC(1319) Metaspace: 43187K(43584K)->43187K(43584K) NonClass: 38832K(39104K)->38832K(39104K) Class: 4355K(4480K)->4355K(4480K)
[621.968s][info][gc          ] GC(1319) Pause Young (Concurrent Start) (G1 Humongous Allocation) 221M->199M(415M) 24.623ms
[621.968s][info][gc,cpu      ] GC(1319) User=0.05s Sys=0.00s Real=0.02s
[621.968s][info][gc          ] GC(1320) Concurrent Mark Cycle
[621.968s][info][gc,marking  ] GC(1320) Concurrent Scan Root Regions
[621.983s][info][gc,marking  ] GC(1320) Concurrent Scan Root Regions 15.201ms
[621.984s][info][gc,marking  ] GC(1320) Concurrent Mark
[621.984s][info][gc,marking  ] GC(1320) Concurrent Mark From Roots
[621.984s][info][gc,task     ] GC(1320) Using 1 workers of 1 for marking
[622.059s][info][gc,marking  ] GC(1320) Concurrent Mark From Roots 75.548ms
[622.059s][info][gc,marking  ] GC(1320) Concurrent Preclean
[622.059s][info][gc,marking  ] GC(1320) Concurrent Preclean 0.074ms
[622.059s][info][gc,start    ] GC(1320) Pause Remark
[622.077s][info][gc          ] GC(1320) Pause Remark 218M->181M(415M) 17.811ms
[622.077s][info][gc,cpu      ] GC(1320) User=0.03s Sys=0.00s Real=0.02s
[622.077s][info][gc,marking  ] GC(1320) Concurrent Mark 93.762ms
[622.077s][info][gc,marking  ] GC(1320) Concurrent Rebuild Remembered Sets and Scrub Regions
[622.122s][info][gc,marking  ] GC(1320) Concurrent Rebuild Remembered Sets and Scrub Regions 45.046ms
[622.123s][info][gc,start    ] GC(1320) Pause Cleanup
[622.123s][info][gc          ] GC(1320) Pause Cleanup 189M->189M(415M) 0.084ms
[622.123s][info][gc,cpu      ] GC(1320) User=0.00s Sys=0.00s Real=0.00s
[622.123s][info][gc,marking  ] GC(1320) Concurrent Clear Claimed Marks
[622.123s][info][gc,marking  ] GC(1320) Concurrent Clear Claimed Marks 0.044ms
[622.123s][info][gc,marking  ] GC(1320) Concurrent Cleanup for Next Mark
[622.126s][info][gc,marking  ] GC(1320) Concurrent Cleanup for Next Mark 2.848ms
[622.126s][info][gc          ] GC(1320) Concurrent Mark Cycle 157.410ms
[622.405s][info][gc,start    ] GC(1321) Pause Young (Prepare Mixed) (G1 Evacuation Pause)
[622.405s][info][gc,task     ] GC(1321) Using 2 workers of 2 for evacuation
[622.439s][info][gc,phases   ] GC(1321)   Pre Evacuate Collection Set: 0.20ms
[622.439s][info][gc,phases   ] GC(1321)   Merge Heap Roots: 0.22ms
[622.439s][info][gc,phases   ] GC(1321)   Evacuate Collection Set: 32.92ms
[622.439s][info][gc,phases   ] GC(1321)   Post Evacuate Collection Set: 0.41ms
[622.439s][info][gc,phases   ] GC(1321)   Other: 0.08ms
[622.439s][info][gc,heap     ] GC(1321) Eden regions: 107->0(116)
[622.439s][info][gc,heap     ] GC(1321) Survivor regions: 24->17(17)
[622.439s][info][gc,heap     ] GC(1321) Old regions: 135->166
[622.439s][info][gc,heap     ] GC(1321) Humongous regions: 4->4
[622.439s][info][gc,metaspace] GC(1321) Metaspace: 43187K(43584K)->43187K(43584K) NonClass: 38832K(39104K)->38832K(39104K) Class: 4355K(4480K)->4355K(4480K)
[622.439s][info][gc          ] GC(1321) Pause Young (Prepare Mixed) (G1 Evacuation Pause) 270M->187M(415M) 34.077ms
[622.439s][info][gc,cpu      ] GC(1321) User=0.07s Sys=0.00s Real=0.03s
[622.833s][info][gc,start    ] GC(1322) Pause Young (Mixed) (G1 Evacuation Pause)
[622.834s][info][gc,task     ] GC(1322) Using 2 workers of 2 for evacuation
[622.884s][info][gc,phases   ] GC(1322)   Pre Evacuate Collection Set: 0.21ms
[622.884s][info][gc,phases   ] GC(1322)   Merge Heap Roots: 0.17ms
[622.884s][info][gc,phases   ] GC(1322)   Evacuate Collection Set: 49.02ms
[622.884s][info][gc,phases   ] GC(1322)   Post Evacuate Collection Set: 0.87ms
[622.884s][info][gc,phases   ] GC(1322)   Other: 0.08ms
[622.884s][info][gc,heap     ] GC(1322) Eden regions: 116->0(114)
[622.884s][info][gc,heap     ] GC(1322) Survivor regions: 17->17(17)
[622.884s][info][gc,heap     ] GC(1322) Old regions: 166->184
[622.884s][info][gc,heap     ] GC(1322) Humongous regions: 4->4
[622.884s][info][gc,metaspace] GC(1322) Metaspace: 43187K(43584K)->43187K(43584K) NonClass: 38832K(39104K)->38832K(39104K) Class: 4355K(4480K)->4355K(4480K)
[622.884s][info][gc          ] GC(1322) Pause Young (Mixed) (G1 Evacuation Pause) 303M->204M(449M) 50.581ms
[622.884s][info][gc,cpu      ] GC(1322) User=0.10s Sys=0.00s Real=0.05s
[623.359s][info][gc,start    ] GC(1323) Pause Young (Mixed) (G1 Evacuation Pause)
[623.359s][info][gc,task     ] GC(1323) Using 2 workers of 2 for evacuation
[623.431s][info][gc,phases   ] GC(1323)   Pre Evacuate Collection Set: 0.25ms
[623.431s][info][gc,phases   ] GC(1323)   Merge Heap Roots: 0.44ms
[623.431s][info][gc,phases   ] GC(1323)   Evacuate Collection Set: 71.42ms
[623.431s][info][gc,phases   ] GC(1323)   Post Evacuate Collection Set: 0.61ms
[623.432s][info][gc,phases   ] GC(1323)   Other: 0.08ms
[623.432s][info][gc,heap     ] GC(1323) Eden regions: 114->0(85)
[623.432s][info][gc,heap     ] GC(1323) Survivor regions: 17->17(17)
[623.432s][info][gc,heap     ] GC(1323) Old regions: 184->236
[623.432s][info][gc,heap     ] GC(1323) Humongous regions: 5->5
[623.432s][info][gc,metaspace] GC(1323) Metaspace: 43187K(43584K)->43187K(43584K) NonClass: 38832K(39104K)->38832K(39104K) Class: 4355K(4480K)->4355K(4480K)
[623.432s][info][gc          ] GC(1323) Pause Young (Mixed) (G1 Evacuation Pause) 319M->257M(449M) 73.039ms
[623.432s][info][gc,cpu      ] GC(1323) User=0.14s Sys=0.00s Real=0.08s
[623.567s][info][gc,start    ] GC(1324) Pause Young (Concurrent Start) (G1 Humongous Allocation)
[623.567s][info][gc,task     ] GC(1324) Using 2 workers of 2 for evacuation
[623.605s][info][gc,phases   ] GC(1324)   Pre Evacuate Collection Set: 0.26ms
[623.606s][info][gc,phases   ] GC(1324)   Merge Heap Roots: 0.32ms
[623.606s][info][gc,phases   ] GC(1324)   Evacuate Collection Set: 37.43ms
[623.606s][info][gc,phases   ] GC(1324)   Post Evacuate Collection Set: 0.38ms
[623.606s][info][gc,phases   ] GC(1324)   Other: 0.11ms
[623.606s][info][gc,heap     ] GC(1324) Eden regions: 41->0(67)
[623.606s][info][gc,heap     ] GC(1324) Survivor regions: 17->13(13)
[623.606s][info][gc,heap     ] GC(1324) Old regions: 236->265
[623.606s][info][gc,heap     ] GC(1324) Humongous regions: 5->5
[623.606s][info][gc,metaspace] GC(1324) Metaspace: 43187K(43584K)->43187K(43584K) NonClass: 38832K(39104K)->38832K(39104K) Class: 4355K(4480K)->4355K(4480K)
[623.606s][info][gc          ] GC(1324) Pause Young (Concurrent Start) (G1 Humongous Allocation) 298M->283M(449M) 38.704ms
[623.606s][info][gc,cpu      ] GC(1324) User=0.08s Sys=0.00s Real=0.04s
[623.606s][info][gc          ] GC(1325) Concurrent Mark Cycle
[623.606s][info][gc,marking  ] GC(1325) Concurrent Scan Root Regions
[623.624s][info][gc,marking  ] GC(1325) Concurrent Scan Root Regions 18.515ms
[623.624s][info][gc,marking  ] GC(1325) Concurrent Mark
[623.624s][info][gc,marking  ] GC(1325) Concurrent Mark From Roots
[623.624s][info][gc,task     ] GC(1325) Using 1 workers of 1 for marking
[623.772s][info][gc,marking  ] GC(1325) Concurrent Mark From Roots 147.633ms
[623.772s][info][gc,marking  ] GC(1325) Concurrent Preclean
[623.772s][info][gc,marking  ] GC(1325) Concurrent Preclean 0.065ms
[623.772s][info][gc,start    ] GC(1325) Pause Remark
[623.790s][info][gc          ] GC(1325) Pause Remark 320M->286M(449M) 17.919ms
[623.790s][info][gc,cpu      ] GC(1325) User=0.03s Sys=0.00s Real=0.01s
[623.790s][info][gc,marking  ] GC(1325) Concurrent Mark 165.940ms
[623.790s][info][gc,marking  ] GC(1325) Concurrent Rebuild Remembered Sets and Scrub Regions
[623.880s][info][gc,marking  ] GC(1325) Concurrent Rebuild Remembered Sets and Scrub Regions 89.762ms
[623.880s][info][gc,start    ] GC(1325) Pause Cleanup
[623.880s][info][gc          ] GC(1325) Pause Cleanup 306M->306M(449M) 0.121ms
[623.880s][info][gc,cpu      ] GC(1325) User=0.00s Sys=0.00s Real=0.00s
[623.880s][info][gc,marking  ] GC(1325) Concurrent Clear Claimed Marks
[623.880s][info][gc,marking  ] GC(1325) Concurrent Clear Claimed Marks 0.043ms
[623.880s][info][gc,marking  ] GC(1325) Concurrent Cleanup for Next Mark
[623.882s][info][gc,marking  ] GC(1325) Concurrent Cleanup for Next Mark 1.689ms
[623.882s][info][gc          ] GC(1325) Concurrent Mark Cycle 276.454ms
[623.921s][info][gc,start    ] GC(1326) Pause Young (Prepare Mixed) (G1 Evacuation Pause)
[623.921s][info][gc,task     ] GC(1326) Using 2 workers of 2 for evacuation
[623.963s][info][gc,phases   ] GC(1326)   Pre Evacuate Collection Set: 0.25ms
[623.963s][info][gc,phases   ] GC(1326)   Merge Heap Roots: 0.31ms
[623.963s][info][gc,phases   ] GC(1326)   Evacuate Collection Set: 40.07ms
[623.963s][info][gc,phases   ] GC(1326)   Post Evacuate Collection Set: 0.41ms
[623.963s][info][gc,phases   ] GC(1326)   Other: 0.07ms
[623.963s][info][gc,heap     ] GC(1326) Eden regions: 67->0(64)
[623.963s][info][gc,heap     ] GC(1326) Survivor regions: 13->10(10)
[623.963s][info][gc,heap     ] GC(1326) Old regions: 232->275
[623.963s][info][gc,heap     ] GC(1326) Humongous regions: 5->5
[623.963s][info][gc,metaspace] GC(1326) Metaspace: 43187K(43584K)->43187K(43584K) NonClass: 38832K(39104K)->38832K(39104K) Class: 4355K(4480K)->4355K(4480K)
[623.963s][info][gc          ] GC(1326) Pause Young (Prepare Mixed) (G1 Evacuation Pause) 317M->289M(449M) 41.345ms
[623.963s][info][gc,cpu      ] GC(1326) User=0.08s Sys=0.00s Real=0.04s
[624.190s][info][gc,start    ] GC(1327) Pause Young (Mixed) (G1 Evacuation Pause)
[624.190s][info][gc,task     ] GC(1327) Using 2 workers of 2 for evacuation
[624.235s][info][gc,phases   ] GC(1327)   Pre Evacuate Collection Set: 0.25ms
[624.235s][info][gc,phases   ] GC(1327)   Merge Heap Roots: 0.30ms
[624.235s][info][gc,phases   ] GC(1327)   Evacuate Collection Set: 43.79ms
[624.235s][info][gc,phases   ] GC(1327)   Post Evacuate Collection Set: 0.48ms
[624.235s][info][gc,phases   ] GC(1327)   Other: 0.10ms
[624.235s][info][gc,heap     ] GC(1327) Eden regions: 64->0(60)
[624.235s][info][gc,heap     ] GC(1327) Survivor regions: 10->10(10)
[624.235s][info][gc,heap     ] GC(1327) Old regions: 275->277
[624.235s][info][gc,heap     ] GC(1327) Humongous regions: 5->5
[624.235s][info][gc,metaspace] GC(1327) Metaspace: 43187K(43584K)->43187K(43584K) NonClass: 38832K(39104K)->38832K(39104K) Class: 4355K(4480K)->4355K(4480K)
[624.235s][info][gc          ] GC(1327) Pause Young (Mixed) (G1 Evacuation Pause) 353M->291M(449M) 45.134ms
[624.235s][info][gc,cpu      ] GC(1327) User=0.09s Sys=0.00s Real=0.05s
[624.496s][info][gc,start    ] GC(1328) Pause Young (Mixed) (G1 Evacuation Pause)
[624.497s][info][gc,task     ] GC(1328) Using 2 workers of 2 for evacuation
[624.551s][info][gc,phases   ] GC(1328)   Pre Evacuate Collection Set: 0.30ms
[624.552s][info][gc,phases   ] GC(1328)   Merge Heap Roots: 1.17ms
[624.552s][info][gc,phases   ] GC(1328)   Evacuate Collection Set: 51.90ms
[624.552s][info][gc,phases   ] GC(1328)   Post Evacuate Collection Set: 1.46ms
[624.552s][info][gc,phases   ] GC(1328)   Other: 0.09ms
[624.552s][info][gc,heap     ] GC(1328) Eden regions: 60->0(118)
[624.552s][info][gc,heap     ] GC(1328) Survivor regions: 10->9(9)
[624.552s][info][gc,heap     ] GC(1328) Old regions: 277->278
[624.552s][info][gc,heap     ] GC(1328) Humongous regions: 6->6
[624.552s][info][gc,metaspace] GC(1328) Metaspace: 43187K(43584K)->43187K(43584K) NonClass: 38832K(39104K)->38832K(39104K) Class: 4355K(4480K)->4355K(4480K)
[624.552s][info][gc          ] GC(1328) Pause Young (Mixed) (G1 Evacuation Pause) 352M->292M(584M) 55.161ms
[624.552s][info][gc,cpu      ] GC(1328) User=0.11s Sys=0.00s Real=0.06s
[625.077s][info][gc,start    ] GC(1329) Pause Young (Normal) (G1 Evacuation Pause)
[625.077s][info][gc,task     ] GC(1329) Using 2 workers of 2 for evacuation
[625.114s][info][gc,phases   ] GC(1329)   Pre Evacuate Collection Set: 0.27ms
[625.114s][info][gc,phases   ] GC(1329)   Merge Heap Roots: 0.19ms
[625.114s][info][gc,phases   ] GC(1329)   Evacuate Collection Set: 35.22ms
[625.114s][info][gc,phases   ] GC(1329)   Post Evacuate Collection Set: 0.46ms
[625.114s][info][gc,phases   ] GC(1329)   Other: 0.07ms
[625.114s][info][gc,heap     ] GC(1329) Eden regions: 118->0(113)
[625.114s][info][gc,heap     ] GC(1329) Survivor regions: 9->16(16)
[625.114s][info][gc,heap     ] GC(1329) Old regions: 278->302
[625.114s][info][gc,heap     ] GC(1329) Humongous regions: 7->6
[625.114s][info][gc,metaspace] GC(1329) Metaspace: 43187K(43584K)->43187K(43584K) NonClass: 38832K(39104K)->38832K(39104K) Class: 4355K(4480K)->4355K(4480K)
[625.114s][info][gc          ] GC(1329) Pause Young (Normal) (G1 Evacuation Pause) 411M->324M(584M) 36.448ms
[625.114s][info][gc,cpu      ] GC(1329) User=0.06s Sys=0.01s Real=0.04s
[625.513s][info][gc,start    ] GC(1330) Pause Young (Normal) (G1 Evacuation Pause)
[625.513s][info][gc,task     ] GC(1330) Using 2 workers of 2 for evacuation
[625.535s][info][gc,phases   ] GC(1330)   Pre Evacuate Collection Set: 0.25ms
[625.535s][info][gc,phases   ] GC(1330)   Merge Heap Roots: 0.16ms
[625.535s][info][gc,phases   ] GC(1330)   Evacuate Collection Set: 20.69ms
[625.535s][info][gc,phases   ] GC(1330)   Post Evacuate Collection Set: 0.43ms
[625.535s][info][gc,phases   ] GC(1330)   Other: 0.10ms
[625.535s][info][gc,heap     ] GC(1330) Eden regions: 113->0(119)
[625.535s][info][gc,heap     ] GC(1330) Survivor regions: 16->11(17)
[625.535s][info][gc,heap     ] GC(1330) Old regions: 302->319
[625.535s][info][gc,heap     ] GC(1330) Humongous regions: 6->6
[625.535s][info][gc,metaspace] GC(1330) Metaspace: 43187K(43584K)->43187K(43584K) NonClass: 38832K(39104K)->38832K(39104K) Class: 4355K(4480K)->4355K(4480K)
[625.535s][info][gc          ] GC(1330) Pause Young (Normal) (G1 Evacuation Pause) 437M->335M(584M) 21.851ms
[625.535s][info][gc,cpu      ] GC(1330) User=0.04s Sys=0.01s Real=0.02s
[625.908s][info][gc,start    ] GC(1331) Pause Young (Concurrent Start) (G1 Humongous Allocation)
[625.908s][info][gc,task     ] GC(1331) Using 2 workers of 2 for evacuation
[625.934s][info][gc,phases   ] GC(1331)   Pre Evacuate Collection Set: 0.29ms
[625.934s][info][gc,phases   ] GC(1331)   Merge Heap Roots: 0.07ms
[625.934s][info][gc,phases   ] GC(1331)   Evacuate Collection Set: 24.34ms
[625.934s][info][gc,phases   ] GC(1331)   Post Evacuate Collection Set: 0.47ms
[625.934s][info][gc,phases   ] GC(1331)   Other: 0.09ms
[625.934s][info][gc,heap     ] GC(1331) Eden regions: 101->0(108)
[625.934s][info][gc,heap     ] GC(1331) Survivor regions: 11->17(17)
[625.934s][info][gc,heap     ] GC(1331) Old regions: 319->338
[625.934s][info][gc,heap     ] GC(1331) Humongous regions: 6->6
[625.934s][info][gc,metaspace] GC(1331) Metaspace: 43187K(43584K)->43187K(43584K) NonClass: 38832K(39104K)->38832K(39104K) Class: 4355K(4480K)->4355K(4480K)
[625.934s][info][gc          ] GC(1331) Pause Young (Concurrent Start) (G1 Humongous Allocation) 435M->361M(584M) 25.465ms
[625.934s][info][gc          ] GC(1332) Concurrent Mark Cycle
[625.934s][info][gc,marking  ] GC(1332) Concurrent Scan Root Regions
[625.936s][info][gc,cpu      ] GC(1331) User=0.05s Sys=0.00s Real=0.03s
[625.951s][info][gc,marking  ] GC(1332) Concurrent Scan Root Regions 17.307ms
[625.951s][info][gc,marking  ] GC(1332) Concurrent Mark
[625.951s][info][gc,marking  ] GC(1332) Concurrent Mark From Roots
[625.951s][info][gc,task     ] GC(1332) Using 1 workers of 1 for marking
[626.027s][info][gc,marking  ] GC(1332) Concurrent Mark From Roots 75.476ms
[626.027s][info][gc,marking  ] GC(1332) Concurrent Preclean
[626.027s][info][gc,marking  ] GC(1332) Concurrent Preclean 0.114ms
[626.027s][info][gc,start    ] GC(1332) Pause Remark
[626.052s][info][metaspace   ] ChkMgr @0x00007f3850162700 (non-class-space): : reclaiming memory...
[626.052s][info][metaspace   ] ChkMgr @0x00007f3850162700 (non-class-space): nothing reclaimed.
[626.052s][info][metaspace   ] ChkMgr @0x00007f3850160810 (class-space): : reclaiming memory...
[626.052s][info][metaspace   ] ChkMgr @0x00007f3850160810 (class-space): nothing reclaimed.
[626.053s][info][gc          ] GC(1332) Pause Remark 379M->183M(554M) 25.862ms
[626.053s][info][gc,cpu      ] GC(1332) User=0.05s Sys=0.00s Real=0.03s
[626.053s][info][gc,marking  ] GC(1332) Concurrent Mark 101.723ms
[626.053s][info][gc,marking  ] GC(1332) Concurrent Rebuild Remembered Sets and Scrub Regions
[626.098s][info][gc,marking  ] GC(1332) Concurrent Rebuild Remembered Sets and Scrub Regions 45.529ms
[626.099s][info][gc,start    ] GC(1332) Pause Cleanup
[626.099s][info][gc          ] GC(1332) Pause Cleanup 192M->192M(554M) 0.085ms
[626.099s][info][gc,cpu      ] GC(1332) User=0.00s Sys=0.00s Real=0.00s
[626.099s][info][gc,marking  ] GC(1332) Concurrent Clear Claimed Marks
[626.099s][info][gc,marking  ] GC(1332) Concurrent Clear Claimed Marks 0.036ms
[626.099s][info][gc,marking  ] GC(1332) Concurrent Cleanup for Next Mark
[626.101s][info][gc,marking  ] GC(1332) Concurrent Cleanup for Next Mark 2.747ms
[626.101s][info][gc          ] GC(1332) Concurrent Mark Cycle 167.739ms
[626.401s][info][gc,start    ] GC(1333) Pause Young (Prepare Mixed) (G1 Evacuation Pause)
[626.401s][info][gc,task     ] GC(1333) Using 2 workers of 2 for evacuation
[626.428s][info][gc,phases   ] GC(1333)   Pre Evacuate Collection Set: 0.25ms
[626.428s][info][gc,phases   ] GC(1333)   Merge Heap Roots: 0.28ms
[626.428s][info][gc,phases   ] GC(1333)   Evacuate Collection Set: 26.41ms
[626.428s][info][gc,phases   ] GC(1333)   Post Evacuate Collection Set: 0.47ms
[626.428s][info][gc,phases   ] GC(1333)   Other: 0.07ms
[626.428s][info][gc,heap     ] GC(1333) Eden regions: 108->0(204)
[626.428s][info][gc,heap     ] GC(1333) Survivor regions: 17->16(16)
[626.428s][info][gc,heap     ] GC(1333) Old regions: 145->157
[626.428s][info][gc,heap     ] GC(1333) Humongous regions: 4->3
[626.428s][info][gc,metaspace] GC(1333) Metaspace: 43131K(43584K)->43131K(43584K) NonClass: 38775K(39104K)->38775K(39104K) Class: 4355K(4480K)->4355K(4480K)
[626.428s][info][gc          ] GC(1333) Pause Young (Prepare Mixed) (G1 Evacuation Pause) 274M->175M(554M) 27.687ms
[626.428s][info][gc,cpu      ] GC(1333) User=0.05s Sys=0.00s Real=0.03s
[627.161s][info][gc,start    ] GC(1334) Pause Young (Mixed) (G1 Evacuation Pause)
[627.161s][info][gc,task     ] GC(1334) Using 2 workers of 2 for evacuation
[627.198s][info][gc,phases   ] GC(1334)   Pre Evacuate Collection Set: 0.28ms
[627.198s][info][gc,phases   ] GC(1334)   Merge Heap Roots: 0.22ms
[627.198s][info][gc,phases   ] GC(1334)   Evacuate Collection Set: 36.52ms
[627.198s][info][gc,phases   ] GC(1334)   Post Evacuate Collection Set: 0.63ms
[627.198s][info][gc,phases   ] GC(1334)   Other: 0.08ms
[627.198s][info][gc,heap     ] GC(1334) Eden regions: 204->0(220)
[627.198s][info][gc,heap     ] GC(1334) Survivor regions: 16->28(28)
[627.198s][info][gc,heap     ] GC(1334) Old regions: 157->125
[627.198s][info][gc,heap     ] GC(1334) Humongous regions: 6->5
[627.198s][info][gc,metaspace] GC(1334) Metaspace: 43131K(43584K)->43131K(43584K) NonClass: 38775K(39104K)->38775K(39104K) Class: 4355K(4480K)->4355K(4480K)
[627.198s][info][gc          ] GC(1334) Pause Young (Mixed) (G1 Evacuation Pause) 382M->157M(554M) 37.955ms
[627.198s][info][gc,cpu      ] GC(1334) User=0.08s Sys=0.00s Real=0.04s
[627.982s][info][gc,start    ] GC(1335) Pause Young (Normal) (G1 Evacuation Pause)
[627.982s][info][gc,task     ] GC(1335) Using 2 workers of 2 for evacuation
[628.005s][info][gc,phases   ] GC(1335)   Pre Evacuate Collection Set: 0.25ms
[628.005s][info][gc,phases   ] GC(1335)   Merge Heap Roots: 0.17ms
[628.005s][info][gc,phases   ] GC(1335)   Evacuate Collection Set: 22.62ms
[628.005s][info][gc,phases   ] GC(1335)   Post Evacuate Collection Set: 0.51ms
[628.005s][info][gc,phases   ] GC(1335)   Other: 0.08ms
[628.005s][info][gc,heap     ] GC(1335) Eden regions: 220->0(239)
[628.005s][info][gc,heap     ] GC(1335) Survivor regions: 28->5(31)
[628.005s][info][gc,heap     ] GC(1335) Old regions: 125->153
[628.005s][info][gc,heap     ] GC(1335) Humongous regions: 7->5
[628.005s][info][gc,metaspace] GC(1335) Metaspace: 43131K(43584K)->43131K(43584K) NonClass: 38775K(39104K)->38775K(39104K) Class: 4355K(4480K)->4355K(4480K)
[628.005s][info][gc          ] GC(1335) Pause Young (Normal) (G1 Evacuation Pause) 379M->163M(554M) 23.888ms
[628.005s][info][gc,cpu      ] GC(1335) User=0.05s Sys=0.00s Real=0.02s
[628.848s][info][gc,start    ] GC(1336) Pause Young (Normal) (G1 Evacuation Pause)
[628.848s][info][gc,task     ] GC(1336) Using 2 workers of 2 for evacuation
[628.859s][info][gc,phases   ] GC(1336)   Pre Evacuate Collection Set: 0.24ms
[628.859s][info][gc,phases   ] GC(1336)   Merge Heap Roots: 0.10ms
[628.859s][info][gc,phases   ] GC(1336)   Evacuate Collection Set: 10.68ms
[628.859s][info][gc,phases   ] GC(1336)   Post Evacuate Collection Set: 0.54ms
[628.859s][info][gc,phases   ] GC(1336)   Other: 0.07ms
[628.859s][info][gc,heap     ] GC(1336) Eden regions: 239->0(248)
[628.859s][info][gc,heap     ] GC(1336) Survivor regions: 5->17(31)
[628.859s][info][gc,heap     ] GC(1336) Old regions: 153->153
[628.859s][info][gc,heap     ] GC(1336) Humongous regions: 7->3
[628.859s][info][gc,metaspace] GC(1336) Metaspace: 43131K(43584K)->43131K(43584K) NonClass: 38775K(39104K)->38775K(39104K) Class: 4355K(4480K)->4355K(4480K)
[628.859s][info][gc          ] GC(1336) Pause Young (Normal) (G1 Evacuation Pause) 404M->173M(554M) 11.827ms
[628.859s][info][gc,cpu      ] GC(1336) User=0.02s Sys=0.00s Real=0.01s
[628.871s][info][gc,start    ] GC(1337) Pause Young (Concurrent Start) (G1 Humongous Allocation)
[628.871s][info][gc,task     ] GC(1337) Using 2 workers of 2 for evacuation
[628.883s][info][gc,phases   ] GC(1337)   Pre Evacuate Collection Set: 0.24ms
[628.883s][info][gc,phases   ] GC(1337)   Merge Heap Roots: 0.06ms
[628.883s][info][gc,phases   ] GC(1337)   Evacuate Collection Set: 11.63ms
[628.883s][info][gc,phases   ] GC(1337)   Post Evacuate Collection Set: 0.30ms
[628.883s][info][gc,phases   ] GC(1337)   Other: 0.14ms
[628.883s][info][gc,heap     ] GC(1337) Eden regions: 7->0(228)
[628.883s][info][gc,heap     ] GC(1337) Survivor regions: 17->20(34)
[628.883s][info][gc,heap     ] GC(1337) Old regions: 153->153
[628.883s][info][gc,heap     ] GC(1337) Humongous regions: 3->3
[628.883s][info][gc,metaspace] GC(1337) Metaspace: 43131K(43584K)->43131K(43584K) NonClass: 38775K(39104K)->38775K(39104K) Class: 4355K(4480K)->4355K(4480K)
[628.883s][info][gc          ] GC(1337) Pause Young (Concurrent Start) (G1 Humongous Allocation) 179M->175M(554M) 12.554ms
[628.883s][info][gc,cpu      ] GC(1337) User=0.03s Sys=0.00s Real=0.02s
[628.883s][info][gc          ] GC(1338) Concurrent Mark Cycle
[628.883s][info][gc,marking  ] GC(1338) Concurrent Scan Root Regions
[628.892s][info][gc,marking  ] GC(1338) Concurrent Scan Root Regions 9.047ms
[628.892s][info][gc,marking  ] GC(1338) Concurrent Mark
[628.892s][info][gc,marking  ] GC(1338) Concurrent Mark From Roots
[628.892s][info][gc,task     ] GC(1338) Using 1 workers of 1 for marking
[628.967s][info][gc,marking  ] GC(1338) Concurrent Mark From Roots 74.733ms
[628.967s][info][gc,marking  ] GC(1338) Concurrent Preclean
[628.967s][info][gc,marking  ] GC(1338) Concurrent Preclean 0.049ms
[628.967s][info][gc,start    ] GC(1338) Pause Remark
[628.985s][info][gc          ] GC(1338) Pause Remark 201M->147M(414M) 17.566ms
[628.985s][info][gc,cpu      ] GC(1338) User=0.03s Sys=0.00s Real=0.02s
[628.985s][info][gc,marking  ] GC(1338) Concurrent Mark 92.664ms
[628.985s][info][gc,marking  ] GC(1338) Concurrent Rebuild Remembered Sets and Scrub Regions
[629.015s][info][gc,marking  ] GC(1338) Concurrent Rebuild Remembered Sets and Scrub Regions 29.910ms
[629.015s][info][gc,start    ] GC(1338) Pause Cleanup
[629.015s][info][gc          ] GC(1338) Pause Cleanup 156M->156M(414M) 0.088ms
[629.015s][info][gc,cpu      ] GC(1338) User=0.00s Sys=0.00s Real=0.00s
[629.015s][info][gc,marking  ] GC(1338) Concurrent Clear Claimed Marks
[629.015s][info][gc,marking  ] GC(1338) Concurrent Clear Claimed Marks 0.037ms
[629.015s][info][gc,marking  ] GC(1338) Concurrent Cleanup for Next Mark
[629.017s][info][gc,marking  ] GC(1338) Concurrent Cleanup for Next Mark 1.221ms
[629.017s][info][gc          ] GC(1338) Concurrent Mark Cycle 133.336ms
[629.640s][info][gc,start    ] GC(1339) Pause Young (Prepare Mixed) (G1 Evacuation Pause)
[629.640s][info][gc,task     ] GC(1339) Using 2 workers of 2 for evacuation
[629.653s][info][gc,phases   ] GC(1339)   Pre Evacuate Collection Set: 0.22ms
[629.653s][info][gc,phases   ] GC(1339)   Merge Heap Roots: 0.09ms
[629.653s][info][gc,phases   ] GC(1339)   Evacuate Collection Set: 12.14ms
[629.653s][info][gc,phases   ] GC(1339)   Post Evacuate Collection Set: 0.51ms
[629.653s][info][gc,phases   ] GC(1339)   Other: 0.08ms
[629.653s][info][gc,heap     ] GC(1339) Eden regions: 228->0(189)
[629.653s][info][gc,heap     ] GC(1339) Survivor regions: 20->5(31)
[629.653s][info][gc,heap     ] GC(1339) Old regions: 101->117
[629.653s][info][gc,heap     ] GC(1339) Humongous regions: 3->3
[629.653s][info][gc,metaspace] GC(1339) Metaspace: 43131K(43584K)->43131K(43584K) NonClass: 38775K(39104K)->38775K(39104K) Class: 4355K(4480K)->4355K(4480K)
[629.653s][info][gc          ] GC(1339) Pause Young (Prepare Mixed) (G1 Evacuation Pause) 351M->125M(414M) 13.243ms
[629.653s][info][gc,cpu      ] GC(1339) User=0.03s Sys=0.00s Real=0.02s
[630.241s][info][gc,start    ] GC(1340) Pause Young (Mixed) (G1 Evacuation Pause)
[630.242s][info][gc,task     ] GC(1340) Using 2 workers of 2 for evacuation
[630.248s][info][gc,phases   ] GC(1340)   Pre Evacuate Collection Set: 0.22ms
[630.248s][info][gc,phases   ] GC(1340)   Merge Heap Roots: 0.12ms
[630.248s][info][gc,phases   ] GC(1340)   Evacuate Collection Set: 5.47ms
[630.248s][info][gc,phases   ] GC(1340)   Post Evacuate Collection Set: 0.49ms
[630.248s][info][gc,phases   ] GC(1340)   Other: 0.10ms
[630.248s][info][gc,heap     ] GC(1340) Eden regions: 189->0(225)
[630.248s][info][gc,heap     ] GC(1340) Survivor regions: 5->5(25)
[630.248s][info][gc,heap     ] GC(1340) Old regions: 117->84
[630.248s][info][gc,heap     ] GC(1340) Humongous regions: 4->3
[630.248s][info][gc,metaspace] GC(1340) Metaspace: 43131K(43584K)->43131K(43584K) NonClass: 38775K(39104K)->38775K(39104K) Class: 4355K(4480K)->4355K(4480K)
[630.248s][info][gc          ] GC(1340) Pause Young (Mixed) (G1 Evacuation Pause) 315M->91M(414M) 6.585ms
[630.248s][info][gc,cpu      ] GC(1340) User=0.01s Sys=0.00s Real=0.00s
[630.775s][info][gc,start    ] GC(1341) Pause Young (Normal) (G1 Evacuation Pause)
[630.775s][info][gc,task     ] GC(1341) Using 2 workers of 2 for evacuation
[630.782s][info][gc,phases   ] GC(1341)   Pre Evacuate Collection Set: 0.21ms
[630.782s][info][gc,phases   ] GC(1341)   Merge Heap Roots: 0.07ms
[630.782s][info][gc,phases   ] GC(1341)   Evacuate Collection Set: 5.50ms
[630.782s][info][gc,phases   ] GC(1341)   Post Evacuate Collection Set: 0.48ms
[630.782s][info][gc,phases   ] GC(1341)   Other: 0.07ms
[630.782s][info][gc,heap     ] GC(1341) Eden regions: 225->0(237)
[630.782s][info][gc,heap     ] GC(1341) Survivor regions: 5->7(29)
[630.782s][info][gc,heap     ] GC(1341) Old regions: 84->84
[630.782s][info][gc,heap     ] GC(1341) Humongous regions: 3->1
[630.782s][info][gc,metaspace] GC(1341) Metaspace: 43131K(43584K)->43131K(43584K) NonClass: 38775K(39104K)->38775K(39104K) Class: 4355K(4480K)->4355K(4480K)
[630.782s][info][gc          ] GC(1341) Pause Young (Normal) (G1 Evacuation Pause) 316M->92M(414M) 6.552ms
[630.782s][info][gc,cpu      ] GC(1341) User=0.01s Sys=0.00s Real=0.01s
[631.213s][info][gc,start    ] GC(1342) Pause Young (Concurrent Start) (G1 Humongous Allocation)
[631.214s][info][gc,task     ] GC(1342) Using 2 workers of 2 for evacuation
[631.218s][info][gc,phases   ] GC(1342)   Pre Evacuate Collection Set: 0.23ms
[631.218s][info][gc,phases   ] GC(1342)   Merge Heap Roots: 0.07ms
[631.218s][info][gc,phases   ] GC(1342)   Evacuate Collection Set: 4.08ms
[631.218s][info][gc,phases   ] GC(1342)   Post Evacuate Collection Set: 0.47ms
[631.218s][info][gc,phases   ] GC(1342)   Other: 0.09ms
[631.219s][info][gc,heap     ] GC(1342) Eden regions: 227->0(243)
[631.219s][info][gc,heap     ] GC(1342) Survivor regions: 7->5(31)
[631.219s][info][gc,heap     ] GC(1342) Old regions: 84->84
[631.219s][info][gc,heap     ] GC(1342) Humongous regions: 1->1
[631.219s][info][gc,metaspace] GC(1342) Metaspace: 43131K(43584K)->43131K(43584K) NonClass: 38775K(39104K)->38775K(39104K) Class: 4355K(4480K)->4355K(4480K)
[631.219s][info][gc          ] GC(1342) Pause Young (Concurrent Start) (G1 Humongous Allocation) 318M->90M(414M) 5.146ms
[631.219s][info][gc,cpu      ] GC(1342) User=0.01s Sys=0.00s Real=0.00s
[631.219s][info][gc          ] GC(1343) Concurrent Mark Cycle
[631.219s][info][gc,marking  ] GC(1343) Concurrent Scan Root Regions
[631.221s][info][gc,marking  ] GC(1343) Concurrent Scan Root Regions 2.611ms
[631.221s][info][gc,marking  ] GC(1343) Concurrent Mark
[631.221s][info][gc,marking  ] GC(1343) Concurrent Mark From Roots
[631.221s][info][gc,task     ] GC(1343) Using 1 workers of 1 for marking
[631.302s][info][gc,marking  ] GC(1343) Concurrent Mark From Roots 80.234ms
[631.302s][info][gc,marking  ] GC(1343) Concurrent Preclean
[631.302s][info][gc,marking  ] GC(1343) Concurrent Preclean 0.050ms
[631.302s][info][gc,start    ] GC(1343) Pause Remark
[631.320s][info][gc          ] GC(1343) Pause Remark 113M->104M(277M) 18.653ms
[631.321s][info][gc,cpu      ] GC(1343) User=0.04s Sys=0.00s Real=0.01s
[631.322s][info][gc,marking  ] GC(1343) Concurrent Mark 100.836ms
[631.322s][info][gc,marking  ] GC(1343) Concurrent Rebuild Remembered Sets and Scrub Regions
[631.351s][info][gc,marking  ] GC(1343) Concurrent Rebuild Remembered Sets and Scrub Regions 28.458ms
[631.351s][info][gc,start    ] GC(1343) Pause Cleanup
[631.351s][info][gc          ] GC(1343) Pause Cleanup 113M->113M(277M) 0.055ms
[631.351s][info][gc,cpu      ] GC(1343) User=0.00s Sys=0.00s Real=0.00s
[631.351s][info][gc,marking  ] GC(1343) Concurrent Clear Claimed Marks
[631.351s][info][gc,marking  ] GC(1343) Concurrent Clear Claimed Marks 0.037ms
[631.351s][info][gc,marking  ] GC(1343) Concurrent Cleanup for Next Mark
[631.352s][info][gc,marking  ] GC(1343) Concurrent Cleanup for Next Mark 0.819ms
[631.352s][info][gc          ] GC(1343) Concurrent Mark Cycle 133.117ms
[631.781s][info][gc,start    ] GC(1344) Pause Young (Prepare Mixed) (G1 Evacuation Pause)
[631.781s][info][gc,task     ] GC(1344) Using 2 workers of 2 for evacuation
[631.795s][info][gc,phases   ] GC(1344)   Pre Evacuate Collection Set: 0.23ms
[631.795s][info][gc,phases   ] GC(1344)   Merge Heap Roots: 0.07ms
[631.795s][info][gc,phases   ] GC(1344)   Evacuate Collection Set: 12.64ms
[631.795s][info][gc,phases   ] GC(1344)   Post Evacuate Collection Set: 0.69ms
[631.795s][info][gc,phases   ] GC(1344)   Other: 0.07ms
[631.795s][info][gc,heap     ] GC(1344) Eden regions: 76->0(226)
[631.795s][info][gc,heap     ] GC(1344) Survivor regions: 5->11(29)
[631.795s][info][gc,heap     ] GC(1344) Old regions: 75->75
[631.795s][info][gc,heap     ] GC(1344) Humongous regions: 229->3
[631.795s][info][gc,metaspace] GC(1344) Metaspace: 43131K(43584K)->43131K(43584K) NonClass: 38775K(39104K)->38775K(39104K) Class: 4355K(4480K)->4355K(4480K)
[631.795s][info][gc          ] GC(1344) Pause Young (Prepare Mixed) (G1 Evacuation Pause) 384M->88M(396M) 13.906ms
[631.795s][info][gc,cpu      ] GC(1344) User=0.01s Sys=0.02s Real=0.01s
[632.412s][info][gc,start    ] GC(1345) Pause Young (Mixed) (G1 Evacuation Pause)
[632.412s][info][gc,task     ] GC(1345) Using 2 workers of 2 for evacuation
[632.435s][info][gc,phases   ] GC(1345)   Pre Evacuate Collection Set: 0.30ms
[632.435s][info][gc,phases   ] GC(1345)   Merge Heap Roots: 0.09ms
[632.435s][info][gc,phases   ] GC(1345)   Evacuate Collection Set: 21.36ms
[632.435s][info][gc,phases   ] GC(1345)   Post Evacuate Collection Set: 1.28ms
[632.435s][info][gc,phases   ] GC(1345)   Other: 0.08ms
[632.436s][info][gc,heap     ] GC(1345) Eden regions: 59->0(305)
[632.436s][info][gc,heap     ] GC(1345) Survivor regions: 11->14(32)
[632.436s][info][gc,heap     ] GC(1345) Old regions: 75->57
[632.436s][info][gc,heap     ] GC(1345) Humongous regions: 371->3
[632.436s][info][gc,metaspace] GC(1345) Metaspace: 43131K(43584K)->43131K(43584K) NonClass: 38775K(39104K)->38775K(39104K) Class: 4355K(4480K)->4355K(4480K)
[632.436s][info][gc          ] GC(1345) Pause Young (Mixed) (G1 Evacuation Pause) 515M->73M(533M) 23.385ms
[632.436s][info][gc,cpu      ] GC(1345) User=0.04s Sys=0.01s Real=0.02s
[632.588s][info][gc,start    ] GC(1346) Pause Young (Concurrent Start) (G1 Humongous Allocation)
[632.588s][info][gc,task     ] GC(1346) Using 2 workers of 2 for evacuation
[632.601s][info][gc,phases   ] GC(1346)   Pre Evacuate Collection Set: 0.32ms
[632.601s][info][gc,phases   ] GC(1346)   Merge Heap Roots: 0.07ms
[632.601s][info][gc,phases   ] GC(1346)   Evacuate Collection Set: 11.76ms
[632.601s][info][gc,phases   ] GC(1346)   Post Evacuate Collection Set: 0.65ms
[632.601s][info][gc,phases   ] GC(1346)   Other: 0.13ms
[632.601s][info][gc,heap     ] GC(1346) Eden regions: 16->0(305)
[632.601s][info][gc,heap     ] GC(1346) Survivor regions: 14->14(40)
[632.601s][info][gc,heap     ] GC(1346) Old regions: 57->57
[632.601s][info][gc,heap     ] GC(1346) Humongous regions: 113->1
[632.601s][info][gc,metaspace] GC(1346) Metaspace: 43131K(43584K)->43131K(43584K) NonClass: 38775K(39104K)->38775K(39104K) Class: 4355K(4480K)->4355K(4480K)
[632.601s][info][gc          ] GC(1346) Pause Young (Concurrent Start) (G1 Humongous Allocation) 199M->71M(533M) 13.166ms
[632.601s][info][gc          ] GC(1347) Concurrent Undo Cycle
[632.601s][info][gc,marking  ] GC(1347) Concurrent Clear Claimed Marks
[632.601s][info][gc,marking  ] GC(1347) Concurrent Clear Claimed Marks 0.049ms
[632.601s][info][gc,marking  ] GC(1347) Concurrent Cleanup for Next Mark
[632.601s][info][gc,cpu      ] GC(1346) User=0.02s Sys=0.00s Real=0.02s
[632.601s][info][gc,marking  ] GC(1347) Concurrent Cleanup for Next Mark 0.200ms
[632.601s][info][gc          ] GC(1347) Concurrent Undo Cycle 0.320ms
[632.664s][info][gc,start    ] GC(1348) Pause Young (Concurrent Start) (G1 Humongous Allocation)
[632.664s][info][gc,task     ] GC(1348) Using 2 workers of 2 for evacuation
[632.678s][info][gc,phases   ] GC(1348)   Pre Evacuate Collection Set: 0.31ms
[632.678s][info][gc,phases   ] GC(1348)   Merge Heap Roots: 0.06ms
[632.678s][info][gc,phases   ] GC(1348)   Evacuate Collection Set: 13.29ms
[632.678s][info][gc,phases   ] GC(1348)   Post Evacuate Collection Set: 0.42ms
[632.678s][info][gc,phases   ] GC(1348)   Other: 0.13ms
[632.678s][info][gc,heap     ] GC(1348) Eden regions: 8->0(303)
[632.678s][info][gc,heap     ] GC(1348) Survivor regions: 14->16(40)
[632.678s][info][gc,heap     ] GC(1348) Old regions: 57->57
[632.678s][info][gc,heap     ] GC(1348) Humongous regions: 33->1
[632.678s][info][gc,metaspace] GC(1348) Metaspace: 43131K(43584K)->43131K(43584K) NonClass: 38775K(39104K)->38775K(39104K) Class: 4355K(4480K)->4355K(4480K)
[632.678s][info][gc          ] GC(1348) Pause Young (Concurrent Start) (G1 Humongous Allocation) 110M->72M(533M) 14.422ms
[632.678s][info][gc,cpu      ] GC(1348) User=0.03s Sys=0.00s Real=0.01s
[632.678s][info][gc          ] GC(1349) Concurrent Undo Cycle
[632.678s][info][gc,marking  ] GC(1349) Concurrent Clear Claimed Marks
[632.678s][info][gc,marking  ] GC(1349) Concurrent Clear Claimed Marks 0.039ms
[632.678s][info][gc,marking  ] GC(1349) Concurrent Cleanup for Next Mark
[632.678s][info][gc,marking  ] GC(1349) Concurrent Cleanup for Next Mark 0.253ms
[632.678s][info][gc          ] GC(1349) Concurrent Undo Cycle 0.387ms
[632.755s][info][gc,start    ] GC(1350) Pause Young (Concurrent Start) (G1 Humongous Allocation)
[632.755s][info][gc,task     ] GC(1350) Using 2 workers of 2 for evacuation
[632.772s][info][gc,phases   ] GC(1350)   Pre Evacuate Collection Set: 0.30ms
[632.772s][info][gc,phases   ] GC(1350)   Merge Heap Roots: 0.06ms
[632.772s][info][gc,phases   ] GC(1350)   Evacuate Collection Set: 16.09ms
[632.772s][info][gc,phases   ] GC(1350)   Post Evacuate Collection Set: 0.48ms
[632.772s][info][gc,phases   ] GC(1350)   Other: 0.16ms
[632.772s][info][gc,heap     ] GC(1350) Eden regions: 11->0(292)
[632.772s][info][gc,heap     ] GC(1350) Survivor regions: 16->19(40)
[632.772s][info][gc,heap     ] GC(1350) Old regions: 57->57
[632.772s][info][gc,heap     ] GC(1350) Humongous regions: 37->1
[632.772s][info][gc,metaspace] GC(1350) Metaspace: 43131K(43584K)->43131K(43584K) NonClass: 38775K(39104K)->38775K(39104K) Class: 4355K(4480K)->4355K(4480K)
[632.772s][info][gc          ] GC(1350) Pause Young (Concurrent Start) (G1 Humongous Allocation) 118M->75M(533M) 17.371ms
[632.772s][info][gc,cpu      ] GC(1350) User=0.03s Sys=0.00s Real=0.02s
[632.773s][info][gc          ] GC(1351) Concurrent Undo Cycle
[632.773s][info][gc,marking  ] GC(1351) Concurrent Clear Claimed Marks
[632.773s][info][gc,marking  ] GC(1351) Concurrent Clear Claimed Marks 0.037ms
[632.773s][info][gc,marking  ] GC(1351) Concurrent Cleanup for Next Mark
[632.773s][info][gc,marking  ] GC(1351) Concurrent Cleanup for Next Mark 0.167ms
[632.773s][info][gc          ] GC(1351) Concurrent Undo Cycle 0.251ms
[632.849s][info][gc,start    ] GC(1352) Pause Young (Concurrent Start) (G1 Humongous Allocation)
[632.849s][info][gc,task     ] GC(1352) Using 2 workers of 2 for evacuation
[632.867s][info][gc,phases   ] GC(1352)   Pre Evacuate Collection Set: 0.28ms
[632.867s][info][gc,phases   ] GC(1352)   Merge Heap Roots: 0.06ms
[632.867s][info][gc,phases   ] GC(1352)   Evacuate Collection Set: 16.64ms
[632.867s][info][gc,phases   ] GC(1352)   Post Evacuate Collection Set: 0.45ms
[632.867s][info][gc,phases   ] GC(1352)   Other: 0.16ms
[632.867s][info][gc,heap     ] GC(1352) Eden regions: 9->0(299)
[632.867s][info][gc,heap     ] GC(1352) Survivor regions: 19->20(39)
[632.867s][info][gc,heap     ] GC(1352) Old regions: 57->57
[632.867s][info][gc,heap     ] GC(1352) Humongous regions: 49->1
[632.867s][info][gc,metaspace] GC(1352) Metaspace: 43131K(43584K)->43131K(43584K) NonClass: 38775K(39104K)->38775K(39104K) Class: 4355K(4480K)->4355K(4480K)
[632.867s][info][gc          ] GC(1352) Pause Young (Concurrent Start) (G1 Humongous Allocation) 132M->76M(533M) 17.832ms
[632.867s][info][gc,cpu      ] GC(1352) User=0.04s Sys=0.00s Real=0.02s
[632.867s][info][gc          ] GC(1353) Concurrent Undo Cycle
[632.867s][info][gc,marking  ] GC(1353) Concurrent Clear Claimed Marks
[632.867s][info][gc,marking  ] GC(1353) Concurrent Clear Claimed Marks 0.049ms
[632.867s][info][gc,marking  ] GC(1353) Concurrent Cleanup for Next Mark
[632.867s][info][gc,marking  ] GC(1353) Concurrent Cleanup for Next Mark 0.195ms
[632.867s][info][gc          ] GC(1353) Concurrent Undo Cycle 0.294ms
[632.941s][info][gc,start    ] GC(1354) Pause Young (Concurrent Start) (G1 Humongous Allocation)
[632.941s][info][gc,task     ] GC(1354) Using 2 workers of 2 for evacuation
[632.961s][info][gc,phases   ] GC(1354)   Pre Evacuate Collection Set: 0.31ms
[632.961s][info][gc,phases   ] GC(1354)   Merge Heap Roots: 0.07ms
[632.961s][info][gc,phases   ] GC(1354)   Evacuate Collection Set: 18.30ms
[632.961s][info][gc,phases   ] GC(1354)   Post Evacuate Collection Set: 1.42ms
[632.961s][info][gc,phases   ] GC(1354)   Other: 0.16ms
[632.961s][info][gc,heap     ] GC(1354) Eden regions: 9->0(352)
[632.961s][info][gc,heap     ] GC(1354) Survivor regions: 20->21(40)
[632.961s][info][gc,heap     ] GC(1354) Old regions: 57->57
[632.961s][info][gc,heap     ] GC(1354) Humongous regions: 43->1
[632.961s][info][gc,metaspace] GC(1354) Metaspace: 43131K(43584K)->43131K(43584K) NonClass: 38775K(39104K)->38775K(39104K) Class: 4355K(4480K)->4355K(4480K)
[632.961s][info][gc          ] GC(1354) Pause Young (Concurrent Start) (G1 Humongous Allocation) 127M->77M(622M) 20.535ms
[632.961s][info][gc,cpu      ] GC(1354) User=0.04s Sys=0.00s Real=0.03s
[632.961s][info][gc          ] GC(1355) Concurrent Undo Cycle
[632.961s][info][gc,marking  ] GC(1355) Concurrent Clear Claimed Marks
[632.961s][info][gc,marking  ] GC(1355) Concurrent Clear Claimed Marks 0.039ms
[632.961s][info][gc,marking  ] GC(1355) Concurrent Cleanup for Next Mark
[632.962s][info][gc,marking  ] GC(1355) Concurrent Cleanup for Next Mark 0.181ms
[632.962s][info][gc          ] GC(1355) Concurrent Undo Cycle 0.269ms
[633.099s][info][gc,start    ] GC(1356) Pause Young (Concurrent Start) (G1 Humongous Allocation)
[633.099s][info][gc,task     ] GC(1356) Using 2 workers of 2 for evacuation
[633.132s][info][gc,phases   ] GC(1356)   Pre Evacuate Collection Set: 0.31ms
[633.132s][info][gc,phases   ] GC(1356)   Merge Heap Roots: 0.06ms
[633.132s][info][gc,phases   ] GC(1356)   Evacuate Collection Set: 31.35ms
[633.132s][info][gc,phases   ] GC(1356)   Post Evacuate Collection Set: 0.52ms
[633.132s][info][gc,phases   ] GC(1356)   Other: 0.10ms
[633.132s][info][gc,heap     ] GC(1356) Eden regions: 17->0(349)
[633.132s][info][gc,heap     ] GC(1356) Survivor regions: 21->24(47)
[633.132s][info][gc,heap     ] GC(1356) Old regions: 57->57
[633.132s][info][gc,heap     ] GC(1356) Humongous regions: 77->1
[633.132s][info][gc,metaspace] GC(1356) Metaspace: 43131K(43584K)->43131K(43584K) NonClass: 38775K(39104K)->38775K(39104K) Class: 4355K(4480K)->4355K(4480K)
[633.132s][info][gc          ] GC(1356) Pause Young (Concurrent Start) (G1 Humongous Allocation) 170M->81M(622M) 32.609ms
[633.132s][info][gc,cpu      ] GC(1356) User=0.05s Sys=0.02s Real=0.04s
[633.132s][info][gc          ] GC(1357) Concurrent Undo Cycle
[633.132s][info][gc,marking  ] GC(1357) Concurrent Clear Claimed Marks
[633.132s][info][gc,marking  ] GC(1357) Concurrent Clear Claimed Marks 0.041ms
[633.132s][info][gc,marking  ] GC(1357) Concurrent Cleanup for Next Mark
[633.132s][info][gc,marking  ] GC(1357) Concurrent Cleanup for Next Mark 0.211ms
[633.132s][info][gc          ] GC(1357) Concurrent Undo Cycle 0.344ms
[633.257s][info][gc,start    ] GC(1358) Pause Young (Concurrent Start) (G1 Humongous Allocation)
[633.257s][info][gc,task     ] GC(1358) Using 2 workers of 2 for evacuation
[633.287s][info][gc,phases   ] GC(1358)   Pre Evacuate Collection Set: 0.30ms
[633.287s][info][gc,phases   ] GC(1358)   Merge Heap Roots: 0.05ms
[633.287s][info][gc,phases   ] GC(1358)   Evacuate Collection Set: 29.06ms
[633.287s][info][gc,phases   ] GC(1358)   Post Evacuate Collection Set: 0.41ms
[633.287s][info][gc,phases   ] GC(1358)   Other: 0.13ms
[633.287s][info][gc,heap     ] GC(1358) Eden regions: 15->0(349)
[633.287s][info][gc,heap     ] GC(1358) Survivor regions: 24->24(47)
[633.287s][info][gc,heap     ] GC(1358) Old regions: 57->59
[633.287s][info][gc,heap     ] GC(1358) Humongous regions: 79->1
[633.287s][info][gc,metaspace] GC(1358) Metaspace: 43131K(43584K)->43131K(43584K) NonClass: 38775K(39104K)->38775K(39104K) Class: 4355K(4480K)->4355K(4480K)
[633.287s][info][gc          ] GC(1358) Pause Young (Concurrent Start) (G1 Humongous Allocation) 173M->83M(622M) 30.175ms
[633.287s][info][gc,cpu      ] GC(1358) User=0.05s Sys=0.01s Real=0.03s
[633.287s][info][gc          ] GC(1359) Concurrent Undo Cycle
[633.287s][info][gc,marking  ] GC(1359) Concurrent Clear Claimed Marks
[633.287s][info][gc,marking  ] GC(1359) Concurrent Clear Claimed Marks 0.041ms
[633.287s][info][gc,marking  ] GC(1359) Concurrent Cleanup for Next Mark
[633.287s][info][gc,marking  ] GC(1359) Concurrent Cleanup for Next Mark 0.239ms
[633.287s][info][gc          ] GC(1359) Concurrent Undo Cycle 0.398ms
[633.415s][info][gc,start    ] GC(1360) Pause Young (Concurrent Start) (G1 Humongous Allocation)
[633.415s][info][gc,task     ] GC(1360) Using 2 workers of 2 for evacuation
[633.439s][info][gc,phases   ] GC(1360)   Pre Evacuate Collection Set: 0.32ms
[633.439s][info][gc,phases   ] GC(1360)   Merge Heap Roots: 0.07ms
[633.439s][info][gc,phases   ] GC(1360)   Evacuate Collection Set: 23.23ms
[633.440s][info][gc,phases   ] GC(1360)   Post Evacuate Collection Set: 0.77ms
[633.440s][info][gc,phases   ] GC(1360)   Other: 0.14ms
[633.440s][info][gc,heap     ] GC(1360) Eden regions: 15->0(348)
[633.440s][info][gc,heap     ] GC(1360) Survivor regions: 24->25(47)
[633.440s][info][gc,heap     ] GC(1360) Old regions: 59->59
[633.440s][info][gc,heap     ] GC(1360) Humongous regions: 79->1
[633.440s][info][gc,metaspace] GC(1360) Metaspace: 43131K(43584K)->43131K(43584K) NonClass: 38775K(39104K)->38775K(39104K) Class: 4355K(4480K)->4355K(4480K)
[633.440s][info][gc          ] GC(1360) Pause Young (Concurrent Start) (G1 Humongous Allocation) 175M->83M(622M) 24.767ms
[633.440s][info][gc,cpu      ] GC(1360) User=0.05s Sys=0.00s Real=0.02s
[633.440s][info][gc          ] GC(1361) Concurrent Undo Cycle
[633.440s][info][gc,marking  ] GC(1361) Concurrent Clear Claimed Marks
[633.440s][info][gc,marking  ] GC(1361) Concurrent Clear Claimed Marks 0.041ms
[633.440s][info][gc,marking  ] GC(1361) Concurrent Cleanup for Next Mark
[633.440s][info][gc,marking  ] GC(1361) Concurrent Cleanup for Next Mark 0.206ms
[633.440s][info][gc          ] GC(1361) Concurrent Undo Cycle 0.339ms
[633.549s][info][gc,start    ] GC(1362) Pause Young (Concurrent Start) (G1 Humongous Allocation)
[633.550s][info][gc,task     ] GC(1362) Using 2 workers of 2 for evacuation
[633.575s][info][gc,phases   ] GC(1362)   Pre Evacuate Collection Set: 0.34ms
[633.575s][info][gc,phases   ] GC(1362)   Merge Heap Roots: 0.10ms
[633.575s][info][gc,phases   ] GC(1362)   Evacuate Collection Set: 24.17ms
[633.575s][info][gc,phases   ] GC(1362)   Post Evacuate Collection Set: 0.97ms
[633.575s][info][gc,phases   ] GC(1362)   Other: 0.12ms
[633.575s][info][gc,heap     ] GC(1362) Eden regions: 12->0(393)
[633.575s][info][gc,heap     ] GC(1362) Survivor regions: 25->23(47)
[633.575s][info][gc,heap     ] GC(1362) Old regions: 59->60
[633.575s][info][gc,heap     ] GC(1362) Humongous regions: 81->1
[633.575s][info][gc,metaspace] GC(1362) Metaspace: 43131K(43584K)->43131K(43584K) NonClass: 38775K(39104K)->38775K(39104K) Class: 4355K(4480K)->4355K(4480K)
[633.575s][info][gc          ] GC(1362) Pause Young (Concurrent Start) (G1 Humongous Allocation) 174M->83M(694M) 25.926ms
[633.575s][info][gc,cpu      ] GC(1362) User=0.04s Sys=0.00s Real=0.03s
[633.575s][info][gc          ] GC(1363) Concurrent Undo Cycle
[633.575s][info][gc,marking  ] GC(1363) Concurrent Clear Claimed Marks
[633.576s][info][gc,marking  ] GC(1363) Concurrent Clear Claimed Marks 0.041ms
[633.576s][info][gc,marking  ] GC(1363) Concurrent Cleanup for Next Mark
[633.576s][info][gc,marking  ] GC(1363) Concurrent Cleanup for Next Mark 0.216ms
[633.576s][info][gc          ] GC(1363) Concurrent Undo Cycle 0.350ms
[633.778s][info][gc,start    ] GC(1364) Pause Young (Concurrent Start) (G1 Humongous Allocation)
[633.778s][info][gc,task     ] GC(1364) Using 2 workers of 2 for evacuation
[633.818s][info][gc,phases   ] GC(1364)   Pre Evacuate Collection Set: 0.28ms
[633.818s][info][gc,phases   ] GC(1364)   Merge Heap Roots: 0.06ms
[633.818s][info][gc,phases   ] GC(1364)   Evacuate Collection Set: 38.81ms
[633.818s][info][gc,phases   ] GC(1364)   Post Evacuate Collection Set: 0.46ms
[633.818s][info][gc,phases   ] GC(1364)   Other: 0.12ms
[633.818s][info][gc,heap     ] GC(1364) Eden regions: 24->0(388)
[633.818s][info][gc,heap     ] GC(1364) Survivor regions: 23->28(52)
[633.818s][info][gc,heap     ] GC(1364) Old regions: 60->60
[633.818s][info][gc,heap     ] GC(1364) Humongous regions: 109->1
[633.818s][info][gc,metaspace] GC(1364) Metaspace: 43131K(43584K)->43131K(43584K) NonClass: 38775K(39104K)->38775K(39104K) Class: 4355K(4480K)->4355K(4480K)
[633.818s][info][gc          ] GC(1364) Pause Young (Concurrent Start) (G1 Humongous Allocation) 215M->87M(694M) 39.962ms
[633.818s][info][gc,cpu      ] GC(1364) User=0.06s Sys=0.01s Real=0.04s
[633.818s][info][gc          ] GC(1365) Concurrent Undo Cycle
[633.818s][info][gc,marking  ] GC(1365) Concurrent Clear Claimed Marks
[633.819s][info][gc,marking  ] GC(1365) Concurrent Clear Claimed Marks 0.041ms
[633.819s][info][gc,marking  ] GC(1365) Concurrent Cleanup for Next Mark
[633.819s][info][gc,marking  ] GC(1365) Concurrent Cleanup for Next Mark 0.182ms
[633.819s][info][gc          ] GC(1365) Concurrent Undo Cycle 0.366ms
[635.068s][info][gc,start    ] GC(1366) Pause Young (Normal) (G1 Evacuation Pause)
[635.068s][info][gc,task     ] GC(1366) Using 2 workers of 2 for evacuation
[635.079s][info][gc,phases   ] GC(1366)   Pre Evacuate Collection Set: 0.29ms
[635.079s][info][gc,phases   ] GC(1366)   Merge Heap Roots: 0.11ms
[635.079s][info][gc,phases   ] GC(1366)   Evacuate Collection Set: 9.39ms
[635.079s][info][gc,phases   ] GC(1366)   Post Evacuate Collection Set: 0.72ms
[635.079s][info][gc,phases   ] GC(1366)   Other: 0.08ms
[635.079s][info][gc,heap     ] GC(1366) Eden regions: 388->0(407)
[635.079s][info][gc,heap     ] GC(1366) Survivor regions: 28->9(52)
[635.079s][info][gc,heap     ] GC(1366) Old regions: 60->62
[635.079s][info][gc,heap     ] GC(1366) Humongous regions: 101->1
[635.079s][info][gc,metaspace] GC(1366) Metaspace: 43140K(43584K)->43140K(43584K) NonClass: 38784K(39104K)->38784K(39104K) Class: 4355K(4480K)->4355K(4480K)
[635.079s][info][gc          ] GC(1366) Pause Young (Normal) (G1 Evacuation Pause) 575M->71M(694M) 10.826ms
[635.079s][info][gc,cpu      ] GC(1366) User=0.02s Sys=0.00s Real=0.01s
[636.056s][info][gc,start    ] GC(1367) Pause Young (Normal) (G1 Evacuation Pause)
[636.056s][info][gc,task     ] GC(1367) Using 2 workers of 2 for evacuation
[636.066s][info][gc,phases   ] GC(1367)   Pre Evacuate Collection Set: 0.29ms
[636.066s][info][gc,phases   ] GC(1367)   Merge Heap Roots: 0.11ms
[636.066s][info][gc,phases   ] GC(1367)   Evacuate Collection Set: 9.01ms
[636.066s][info][gc,phases   ] GC(1367)   Post Evacuate Collection Set: 0.85ms
[636.066s][info][gc,phases   ] GC(1367)   Other: 0.10ms
[636.066s][info][gc,heap     ] GC(1367) Eden regions: 407->0(404)
[636.067s][info][gc,heap     ] GC(1367) Survivor regions: 9->12(52)
[636.067s][info][gc,heap     ] GC(1367) Old regions: 62->62
[636.067s][info][gc,heap     ] GC(1367) Humongous regions: 1->1
[636.067s][info][gc,metaspace] GC(1367) Metaspace: 43140K(43584K)->43140K(43584K) NonClass: 38784K(39104K)->38784K(39104K) Class: 4355K(4480K)->4355K(4480K)
[636.067s][info][gc          ] GC(1367) Pause Young (Normal) (G1 Evacuation Pause) 478M->74M(694M) 10.580ms
[636.067s][info][gc,cpu      ] GC(1367) User=0.02s Sys=0.00s Real=0.01s
[637.165s][info][gc,start    ] GC(1368) Pause Young (Normal) (G1 Evacuation Pause)
[637.165s][info][gc,task     ] GC(1368) Using 2 workers of 2 for evacuation
[637.173s][info][gc,phases   ] GC(1368)   Pre Evacuate Collection Set: 0.25ms
[637.173s][info][gc,phases   ] GC(1368)   Merge Heap Roots: 0.11ms
[637.173s][info][gc,phases   ] GC(1368)   Evacuate Collection Set: 5.93ms
[637.173s][info][gc,phases   ] GC(1368)   Post Evacuate Collection Set: 0.91ms
[637.173s][info][gc,phases   ] GC(1368)   Other: 0.09ms
[637.173s][info][gc,heap     ] GC(1368) Eden regions: 404->0(405)
[637.173s][info][gc,heap     ] GC(1368) Survivor regions: 12->11(52)
[637.173s][info][gc,heap     ] GC(1368) Old regions: 62->62
[637.173s][info][gc,heap     ] GC(1368) Humongous regions: 1->1
[637.173s][info][gc,metaspace] GC(1368) Metaspace: 43140K(43584K)->43140K(43584K) NonClass: 38785K(39104K)->38785K(39104K) Class: 4355K(4480K)->4355K(4480K)
[637.173s][info][gc          ] GC(1368) Pause Young (Normal) (G1 Evacuation Pause) 478M->73M(694M) 7.570ms
[637.173s][info][gc,cpu      ] GC(1368) User=0.01s Sys=0.01s Real=0.01s
[639.204s][info][gc,start    ] GC(1369) Pause Young (Normal) (G1 Evacuation Pause)
[639.204s][info][gc,task     ] GC(1369) Using 2 workers of 2 for evacuation
[639.236s][info][gc,phases   ] GC(1369)   Pre Evacuate Collection Set: 0.28ms
[639.236s][info][gc,phases   ] GC(1369)   Merge Heap Roots: 0.19ms
[639.236s][info][gc,phases   ] GC(1369)   Evacuate Collection Set: 30.43ms
[639.236s][info][gc,phases   ] GC(1369)   Post Evacuate Collection Set: 0.95ms
[639.236s][info][gc,phases   ] GC(1369)   Other: 0.10ms
[639.236s][info][gc,heap     ] GC(1369) Eden regions: 405->0(387)
[639.236s][info][gc,heap     ] GC(1369) Survivor regions: 11->29(52)
[639.236s][info][gc,heap     ] GC(1369) Old regions: 62->62
[639.236s][info][gc,heap     ] GC(1369) Humongous regions: 14->4
[639.236s][info][gc,metaspace] GC(1369) Metaspace: 43146K(43584K)->43146K(43584K) NonClass: 38791K(39104K)->38791K(39104K) Class: 4355K(4480K)->4355K(4480K)
[639.236s][info][gc          ] GC(1369) Pause Young (Normal) (G1 Evacuation Pause) 491M->94M(694M) 32.161ms
[639.236s][info][gc,cpu      ] GC(1369) User=0.06s Sys=0.00s Real=0.03s
[640.172s][info][gc,start    ] GC(1370) Pause Young (Normal) (G1 Evacuation Pause)
[640.172s][info][gc,task     ] GC(1370) Using 2 workers of 2 for evacuation
[640.253s][info][gc,phases   ] GC(1370)   Pre Evacuate Collection Set: 0.25ms
[640.253s][info][gc,phases   ] GC(1370)   Merge Heap Roots: 0.15ms
[640.253s][info][gc,phases   ] GC(1370)   Evacuate Collection Set: 80.30ms
[640.253s][info][gc,phases   ] GC(1370)   Post Evacuate Collection Set: 0.85ms
[640.253s][info][gc,phases   ] GC(1370)   Other: 0.10ms
[640.253s][info][gc,heap     ] GC(1370) Eden regions: 387->0(364)
[640.253s][info][gc,heap     ] GC(1370) Survivor regions: 29->52(52)
[640.253s][info][gc,heap     ] GC(1370) Old regions: 62->80
[640.253s][info][gc,heap     ] GC(1370) Humongous regions: 6->6
[640.253s][info][gc,metaspace] GC(1370) Metaspace: 43146K(43584K)->43146K(43584K) NonClass: 38791K(39104K)->38791K(39104K) Class: 4355K(4480K)->4355K(4480K)
[640.253s][info][gc          ] GC(1370) Pause Young (Normal) (G1 Evacuation Pause) 483M->138M(694M) 81.865ms
[640.253s][info][gc,cpu      ] GC(1370) User=0.16s Sys=0.00s Real=0.08s
[641.876s][info][gc,heap,exit] Heap
[641.876s][info][gc,heap,exit]  garbage-first heap   total reserved 1001472K, committed 710656K, used 413696K [0x00000000c2e00000, 0x0000000100000000)
[641.876s][info][gc,heap,exit]   region size 1024K, 305 young (312320K), 52 survivors (53248K)
[641.876s][info][gc,heap,exit]  Metaspace       used 43306K, committed 43648K, reserved 1114112K
[641.876s][info][gc,heap,exit]   class space    used 4381K, committed 4480K, reserved 1048576K
