[0.002s][info][metaspace]  - commit_granule_bytes: 65536.
[0.002s][info][metaspace]  - commit_granule_words: 8192.
[0.002s][info][metaspace]  - virtual_space_node_default_size: 8388608.
[0.002s][info][metaspace]  - enlarge_chunks_in_place: 1.
[0.005s][info][gc,init  ] CardTable entry size: 512
[0.008s][info][gc       ] Using G1
[0.012s][info][gc,init  ] Version: 24-internal-adhoc.root.jdk (release)
[0.012s][info][gc,init  ] CPUs: 2 total, 2 available
[0.012s][info][gc,init  ] Memory: 3908M
[0.012s][info][gc,init  ] Large Page Support: Disabled
[0.012s][info][gc,init  ] NUMA Support: Disabled
[0.012s][info][gc,init  ] Compressed Oops: Enabled (32-bit)
[0.012s][info][gc,init  ] Heap Region Size: 1M
[0.012s][info][gc,init  ] Heap Min Capacity: 256M
[0.012s][info][gc,init  ] Heap Initial Capacity: 256M
[0.012s][info][gc,init  ] Heap Max Capacity: 978M
[0.012s][info][gc,init  ] Pre-touch: Disabled
[0.012s][info][gc,init  ] Parallel Workers: 2
[0.012s][info][gc,init  ] Concurrent Workers: 1
[0.012s][info][gc,init  ] Concurrent Refinement Workers: 2
[0.012s][info][gc,init  ] Periodic GC: Disabled
[0.026s][info][gc,metaspace] CDS archive(s) mapped at: [0x00007f754e000000-0x00007f754ee7b000-0x00007f754ee7b000), size 15183872, SharedBaseAddress: 0x00007f754e000000, ArchiveRelocationMode: 1.
[0.026s][info][gc,metaspace] Compressed class space mapped at: 0x00007f754f000000-0x00007f758f000000, reserved size: 1073741824
[0.026s][info][gc,metaspace] UseCompressedClassPointers 1, UseCompactObjectHeaders 1
[0.026s][info][gc,metaspace] Narrow klass pointer bits 22, Max shift 10
[0.026s][info][gc,metaspace] Narrow klass base: 0x00007f754e000000, Narrow klass shift: 10
[0.026s][info][gc,metaspace] Encoding Range: [0x00007f754e000000 - 0x00007f764e000000), (4294967296 bytes)
[0.026s][info][gc,metaspace] Klass Range:    [0x00007f754e000000 - 0x00007f758f000000), (1090519040 bytes)
[0.026s][info][gc,metaspace] Klass ID Range:  [1 - 1064960) (1064959)
[0.308s][info][gc,start    ] GC(0) Pause Young (Normal) (G1 Evacuation Pause)
[0.308s][info][gc,task     ] GC(0) Using 2 workers of 2 for evacuation
[0.312s][info][gc,phases   ] GC(0)   Pre Evacuate Collection Set: 0.15ms
[0.312s][info][gc,phases   ] GC(0)   Merge Heap Roots: 0.09ms
[0.312s][info][gc,phases   ] GC(0)   Evacuate Collection Set: 2.71ms
[0.312s][info][gc,phases   ] GC(0)   Post Evacuate Collection Set: 0.21ms
[0.312s][info][gc,phases   ] GC(0)   Other: 0.26ms
[0.312s][info][gc,heap     ] GC(0) Eden regions: 12->0(10)
[0.312s][info][gc,heap     ] GC(0) Survivor regions: 0->2(2)
[0.312s][info][gc,heap     ] GC(0) Old regions: 2->2
[0.312s][info][gc,heap     ] GC(0) Humongous regions: 0->0
[0.312s][info][gc,metaspace] GC(0) Metaspace: 2364K(2496K)->2364K(2496K) NonClass: 2038K(2112K)->2038K(2112K) Class: 325K(384K)->325K(384K)
[0.312s][info][gc          ] GC(0) Pause Young (Normal) (G1 Evacuation Pause) 13M->2M(258M) 3.663ms
[0.312s][info][gc,cpu      ] GC(0) User=0.00s Sys=0.00s Real=0.01s
[0.366s][info][gc,start    ] GC(1) Pause Young (Normal) (G1 Evacuation Pause)
[0.366s][info][gc,task     ] GC(1) Using 2 workers of 2 for evacuation
[0.369s][info][gc,phases   ] GC(1)   Pre Evacuate Collection Set: 0.15ms
[0.369s][info][gc,phases   ] GC(1)   Merge Heap Roots: 0.03ms
[0.369s][info][gc,phases   ] GC(1)   Evacuate Collection Set: 3.03ms
[0.369s][info][gc,phases   ] GC(1)   Post Evacuate Collection Set: 0.18ms
[0.369s][info][gc,phases   ] GC(1)   Other: 0.09ms
[0.369s][info][gc,heap     ] GC(1) Eden regions: 10->0(20)
[0.369s][info][gc,heap     ] GC(1) Survivor regions: 2->1(2)
[0.369s][info][gc,heap     ] GC(1) Old regions: 2->4
[0.369s][info][gc,heap     ] GC(1) Humongous regions: 0->0
[0.369s][info][gc,metaspace] GC(1) Metaspace: 2450K(2624K)->2450K(2624K) NonClass: 2123K(2240K)->2123K(2240K) Class: 327K(384K)->327K(384K)
[0.369s][info][gc          ] GC(1) Pause Young (Normal) (G1 Evacuation Pause) 12M->2M(258M) 3.652ms
[0.369s][info][gc,cpu      ] GC(1) User=0.01s Sys=0.00s Real=0.00s
[0.932s][info][gc,start    ] GC(2) Pause Young (Normal) (G1 Evacuation Pause)
[0.932s][info][gc,task     ] GC(2) Using 2 workers of 2 for evacuation
[0.934s][info][gc,phases   ] GC(2)   Pre Evacuate Collection Set: 0.15ms
[0.935s][info][gc,phases   ] GC(2)   Merge Heap Roots: 0.03ms
[0.935s][info][gc,phases   ] GC(2)   Evacuate Collection Set: 2.43ms
[0.935s][info][gc,phases   ] GC(2)   Post Evacuate Collection Set: 0.25ms
[0.935s][info][gc,phases   ] GC(2)   Other: 0.08ms
[0.935s][info][gc,heap     ] GC(2) Eden regions: 20->0(23)
[0.935s][info][gc,heap     ] GC(2) Survivor regions: 1->2(3)
[0.935s][info][gc,heap     ] GC(2) Old regions: 4->4
[0.935s][info][gc,heap     ] GC(2) Humongous regions: 0->0
[0.935s][info][gc,metaspace] GC(2) Metaspace: 4762K(4928K)->4762K(4928K) NonClass: 4115K(4224K)->4115K(4224K) Class: 646K(704K)->646K(704K)
[0.935s][info][gc          ] GC(2) Pause Young (Normal) (G1 Evacuation Pause) 22M->4M(258M) 3.092ms
[0.935s][info][gc,cpu      ] GC(2) User=0.01s Sys=0.00s Real=0.00s
[1.386s][info][gc,start    ] GC(3) Pause Young (Normal) (G1 Evacuation Pause)
[1.386s][info][gc,task     ] GC(3) Using 2 workers of 2 for evacuation
[1.392s][info][gc,phases   ] GC(3)   Pre Evacuate Collection Set: 0.13ms
[1.392s][info][gc,phases   ] GC(3)   Merge Heap Roots: 0.04ms
[1.393s][info][gc,phases   ] GC(3)   Evacuate Collection Set: 5.45ms
[1.393s][info][gc,phases   ] GC(3)   Post Evacuate Collection Set: 0.30ms
[1.393s][info][gc,phases   ] GC(3)   Other: 0.11ms
[1.393s][info][gc,heap     ] GC(3) Eden regions: 23->0(27)
[1.393s][info][gc,heap     ] GC(3) Survivor regions: 2->4(4)
[1.393s][info][gc,heap     ] GC(3) Old regions: 4->4
[1.393s][info][gc,heap     ] GC(3) Humongous regions: 0->0
[1.393s][info][gc,metaspace] GC(3) Metaspace: 8792K(9024K)->8792K(9024K) NonClass: 7581K(7680K)->7581K(7680K) Class: 1211K(1344K)->1211K(1344K)
[1.393s][info][gc          ] GC(3) Pause Young (Normal) (G1 Evacuation Pause) 27M->6M(258M) 6.259ms
[1.393s][info][gc,cpu      ] GC(3) User=0.01s Sys=0.01s Real=0.01s
[2.040s][info][gc,start    ] GC(4) Pause Young (Normal) (G1 Evacuation Pause)
[2.040s][info][gc,task     ] GC(4) Using 2 workers of 2 for evacuation
[2.050s][info][gc,phases   ] GC(4)   Pre Evacuate Collection Set: 0.14ms
[2.050s][info][gc,phases   ] GC(4)   Merge Heap Roots: 0.06ms
[2.050s][info][gc,phases   ] GC(4)   Evacuate Collection Set: 9.34ms
[2.050s][info][gc,phases   ] GC(4)   Post Evacuate Collection Set: 0.47ms
[2.050s][info][gc,phases   ] GC(4)   Other: 0.06ms
[2.050s][info][gc,heap     ] GC(4) Eden regions: 27->0(36)
[2.050s][info][gc,heap     ] GC(4) Survivor regions: 4->3(4)
[2.050s][info][gc,heap     ] GC(4) Old regions: 4->8
[2.050s][info][gc,heap     ] GC(4) Humongous regions: 0->0
[2.050s][info][gc,metaspace] GC(4) Metaspace: 17263K(17600K)->17263K(17600K) NonClass: 15101K(15296K)->15101K(15296K) Class: 2162K(2304K)->2162K(2304K)
[2.050s][info][gc          ] GC(4) Pause Young (Normal) (G1 Evacuation Pause) 33M->8M(258M) 10.243ms
[2.050s][info][gc,cpu      ] GC(4) User=0.01s Sys=0.01s Real=0.01s
[5.486s][info][metaspace   ] ChkMgr @0x00007f75c4162700 (non-class-space): failed to commit 7 words on chunk @0x00007f75c479be70, f, base 0x00007f7545240000, level lv14.
[5.486s][info][metaspace   ] Arena @0x00007f75c4660020 (non-class arena): failed to allocate new chunk for requested word size 7.
[5.486s][info][metaspace   ] Arena @0x00007f75c4660020 (non-class arena): allocation failed, returned null.
[5.486s][info][metaspace   ] ChkMgr @0x00007f75c4162700 (non-class-space): failed to commit 7 words on chunk @0x00007f75c479be70, f, base 0x00007f7545240000, level lv14.
[5.486s][info][metaspace   ] Arena @0x00007f75c4660020 (non-class arena): failed to allocate new chunk for requested word size 7.
[5.486s][info][metaspace   ] Arena @0x00007f75c4660020 (non-class arena): allocation failed, returned null.
[5.486s][info][metaspace   ] ChkMgr @0x00007f75c4162700 (non-class-space): failed to commit 7 words on chunk @0x00007f75c479be70, f, base 0x00007f7545240000, level lv14.
[5.486s][info][metaspace   ] Arena @0x00007f75c4660020 (non-class arena): failed to allocate new chunk for requested word size 7.
[5.486s][info][metaspace   ] Arena @0x00007f75c4660020 (non-class arena): allocation failed, returned null.
[5.486s][info][gc,start    ] GC(5) Pause Young (Concurrent Start) (Metadata GC Threshold)
[5.486s][info][gc,task     ] GC(5) Using 2 workers of 2 for evacuation
[5.492s][info][gc,phases   ] GC(5)   Pre Evacuate Collection Set: 0.15ms
[5.492s][info][gc,phases   ] GC(5)   Merge Heap Roots: 0.04ms
[5.492s][info][gc,phases   ] GC(5)   Evacuate Collection Set: 5.53ms
[5.492s][info][gc,phases   ] GC(5)   Post Evacuate Collection Set: 0.34ms
[5.492s][info][gc,phases   ] GC(5)   Other: 0.07ms
[5.492s][info][gc,heap     ] GC(5) Eden regions: 33->0(46)
[5.492s][info][gc,heap     ] GC(5) Survivor regions: 3->4(5)
[5.492s][info][gc,heap     ] GC(5) Old regions: 8->8
[5.492s][info][gc,heap     ] GC(5) Humongous regions: 0->0
[5.492s][info][gc,metaspace] GC(5) Metaspace: 21115K(21504K)->21115K(21504K) NonClass: 18619K(18816K)->18619K(18816K) Class: 2496K(2688K)->2496K(2688K)
[5.492s][info][gc          ] GC(5) Pause Young (Concurrent Start) (Metadata GC Threshold) 41M->9M(258M) 6.262ms
[5.492s][info][gc,cpu      ] GC(5) User=0.02s Sys=0.01s Real=0.01s
[5.492s][info][gc          ] GC(6) Concurrent Mark Cycle
[5.492s][info][metaspace   ] CLMS @0x00007f75c428b6e0 : GC threshold increased: 22020096->22347776.
[5.492s][info][gc,marking  ] GC(6) Concurrent Scan Root Regions
[5.499s][info][gc,marking  ] GC(6) Concurrent Scan Root Regions 7.248ms
[5.499s][info][gc,marking  ] GC(6) Concurrent Mark
[5.499s][info][gc,marking  ] GC(6) Concurrent Mark From Roots
[5.499s][info][gc,task     ] GC(6) Using 1 workers of 1 for marking
[5.511s][info][gc,marking  ] GC(6) Concurrent Mark From Roots 11.162ms
[5.511s][info][gc,marking  ] GC(6) Concurrent Preclean
[5.511s][info][gc,marking  ] GC(6) Concurrent Preclean 0.033ms
[5.511s][info][gc,start    ] GC(6) Pause Remark
[5.514s][info][gc          ] GC(6) Pause Remark 10M->10M(256M) 3.276ms
[5.514s][info][gc,cpu      ] GC(6) User=0.01s Sys=0.00s Real=0.00s
[5.514s][info][gc,marking  ] GC(6) Concurrent Mark 14.946ms
[5.514s][info][gc,marking  ] GC(6) Concurrent Rebuild Remembered Sets and Scrub Regions
[5.518s][info][gc,marking  ] GC(6) Concurrent Rebuild Remembered Sets and Scrub Regions 3.814ms
[5.518s][info][gc,start    ] GC(6) Pause Cleanup
[5.518s][info][gc          ] GC(6) Pause Cleanup 10M->10M(256M) 0.029ms
[5.518s][info][gc,cpu      ] GC(6) User=0.00s Sys=0.00s Real=0.00s
[5.518s][info][gc,marking  ] GC(6) Concurrent Clear Claimed Marks
[5.518s][info][gc,marking  ] GC(6) Concurrent Clear Claimed Marks 0.036ms
[5.518s][info][gc,marking  ] GC(6) Concurrent Cleanup for Next Mark
[5.522s][info][gc,marking  ] GC(6) Concurrent Cleanup for Next Mark 3.446ms
[5.522s][info][gc          ] GC(6) Concurrent Mark Cycle 29.759ms
[6.108s][info][gc,start    ] GC(7) Pause Young (Prepare Mixed) (G1 Evacuation Pause)
[6.108s][info][gc,task     ] GC(7) Using 2 workers of 2 for evacuation
[6.117s][info][gc,phases   ] GC(7)   Pre Evacuate Collection Set: 0.15ms
[6.117s][info][gc,phases   ] GC(7)   Merge Heap Roots: 0.04ms
[6.117s][info][gc,phases   ] GC(7)   Evacuate Collection Set: 8.04ms
[6.117s][info][gc,phases   ] GC(7)   Post Evacuate Collection Set: 0.54ms
[6.117s][info][gc,phases   ] GC(7)   Other: 0.07ms
[6.117s][info][gc,heap     ] GC(7) Eden regions: 44->0(55)
[6.117s][info][gc,heap     ] GC(7) Survivor regions: 4->5(6)
[6.117s][info][gc,heap     ] GC(7) Old regions: 8->8
[6.117s][info][gc,heap     ] GC(7) Humongous regions: 0->0
[6.117s][info][gc,metaspace] GC(7) Metaspace: 23244K(23680K)->23244K(23680K) NonClass: 20533K(20800K)->20533K(20800K) Class: 2711K(2880K)->2711K(2880K)
[6.117s][info][gc          ] GC(7) Pause Young (Prepare Mixed) (G1 Evacuation Pause) 53M->11M(256M) 9.001ms
[6.117s][info][gc,cpu      ] GC(7) User=0.02s Sys=0.00s Real=0.01s
[6.536s][info][gc,start    ] GC(8) Pause Young (Mixed) (G1 Evacuation Pause)
[6.536s][info][gc,task     ] GC(8) Using 2 workers of 2 for evacuation
[6.551s][info][gc,phases   ] GC(8)   Pre Evacuate Collection Set: 0.15ms
[6.551s][info][gc,phases   ] GC(8)   Merge Heap Roots: 0.05ms
[6.551s][info][gc,phases   ] GC(8)   Evacuate Collection Set: 14.54ms
[6.551s][info][gc,phases   ] GC(8)   Post Evacuate Collection Set: 0.56ms
[6.551s][info][gc,phases   ] GC(8)   Other: 0.07ms
[6.551s][info][gc,heap     ] GC(8) Eden regions: 54->0(62)
[6.551s][info][gc,heap     ] GC(8) Survivor regions: 5->5(8)
[6.551s][info][gc,heap     ] GC(8) Old regions: 8->10
[6.551s][info][gc,heap     ] GC(8) Humongous regions: 0->0
[6.551s][info][gc,metaspace] GC(8) Metaspace: 24146K(24576K)->24146K(24576K) NonClass: 21355K(21632K)->21355K(21632K) Class: 2791K(2944K)->2791K(2944K)
[6.551s][info][gc          ] GC(8) Pause Young (Mixed) (G1 Evacuation Pause) 65M->13M(256M) 15.569ms
[6.551s][info][gc,cpu      ] GC(8) User=0.03s Sys=0.01s Real=0.02s
[7.157s][info][gc,start    ] GC(9) Pause Young (Normal) (G1 Evacuation Pause)
[7.157s][info][gc,task     ] GC(9) Using 2 workers of 2 for evacuation
[7.164s][info][gc,phases   ] GC(9)   Pre Evacuate Collection Set: 0.15ms
[7.164s][info][gc,phases   ] GC(9)   Merge Heap Roots: 0.05ms
[7.164s][info][gc,phases   ] GC(9)   Evacuate Collection Set: 6.03ms
[7.164s][info][gc,phases   ] GC(9)   Post Evacuate Collection Set: 0.37ms
[7.164s][info][gc,phases   ] GC(9)   Other: 0.07ms
[7.164s][info][gc,heap     ] GC(9) Eden regions: 63->0(82)
[7.164s][info][gc,heap     ] GC(9) Survivor regions: 5->4(9)
[7.164s][info][gc,heap     ] GC(9) Old regions: 10->10
[7.164s][info][gc,heap     ] GC(9) Humongous regions: 0->0
[7.164s][info][gc,metaspace] GC(9) Metaspace: 24556K(25024K)->24556K(25024K) NonClass: 21754K(22016K)->21754K(22016K) Class: 2802K(3008K)->2802K(3008K)
[7.164s][info][gc          ] GC(9) Pause Young (Normal) (G1 Evacuation Pause) 76M->12M(256M) 6.814ms
[7.164s][info][gc,cpu      ] GC(9) User=0.01s Sys=0.00s Real=0.01s
[7.581s][info][gc,start    ] GC(10) Pause Young (Concurrent Start) (G1 Humongous Allocation)
[7.581s][info][gc,task     ] GC(10) Using 2 workers of 2 for evacuation
[7.586s][info][gc,phases   ] GC(10)   Pre Evacuate Collection Set: 0.16ms
[7.587s][info][gc,phases   ] GC(10)   Merge Heap Roots: 0.04ms
[7.587s][info][gc,phases   ] GC(10)   Evacuate Collection Set: 5.09ms
[7.587s][info][gc,phases   ] GC(10)   Post Evacuate Collection Set: 0.39ms
[7.587s][info][gc,phases   ] GC(10)   Other: 0.09ms
[7.587s][info][gc,heap     ] GC(10) Eden regions: 44->0(129)
[7.587s][info][gc,heap     ] GC(10) Survivor regions: 4->4(11)
[7.587s][info][gc,heap     ] GC(10) Old regions: 10->10
[7.587s][info][gc,heap     ] GC(10) Humongous regions: 104->0
[7.587s][info][gc,metaspace] GC(10) Metaspace: 24734K(25216K)->24734K(25216K) NonClass: 21929K(22208K)->21929K(22208K) Class: 2804K(3008K)->2804K(3008K)
[7.587s][info][gc          ] GC(10) Pause Young (Concurrent Start) (G1 Humongous Allocation) 160M->12M(256M) 5.946ms
[7.587s][info][gc,cpu      ] GC(10) User=0.01s Sys=0.00s Real=0.00s
[7.587s][info][gc          ] GC(11) Concurrent Undo Cycle
[7.587s][info][gc,marking  ] GC(11) Concurrent Clear Claimed Marks
[7.587s][info][gc,marking  ] GC(11) Concurrent Clear Claimed Marks 0.031ms
[7.587s][info][gc,marking  ] GC(11) Concurrent Cleanup for Next Mark
[7.587s][info][gc,marking  ] GC(11) Concurrent Cleanup for Next Mark 0.122ms
[7.587s][info][gc          ] GC(11) Concurrent Undo Cycle 0.241ms
[8.735s][info][gc,start    ] GC(12) Pause Young (Normal) (G1 Evacuation Pause)
[8.735s][info][gc,task     ] GC(12) Using 2 workers of 2 for evacuation
[8.750s][info][gc,phases   ] GC(12)   Pre Evacuate Collection Set: 0.17ms
[8.750s][info][gc,phases   ] GC(12)   Merge Heap Roots: 0.06ms
[8.750s][info][gc,phases   ] GC(12)   Evacuate Collection Set: 13.29ms
[8.750s][info][gc,phases   ] GC(12)   Post Evacuate Collection Set: 0.59ms
[8.750s][info][gc,phases   ] GC(12)   Other: 0.09ms
[8.750s][info][gc,heap     ] GC(12) Eden regions: 132->0(110)
[8.750s][info][gc,heap     ] GC(12) Survivor regions: 4->8(17)
[8.750s][info][gc,heap     ] GC(12) Old regions: 10->10
[8.750s][info][gc,heap     ] GC(12) Humongous regions: 24->0
[8.750s][info][gc,metaspace] GC(12) Metaspace: 26599K(27072K)->26599K(27072K) NonClass: 23550K(23808K)->23550K(23808K) Class: 3049K(3264K)->3049K(3264K)
[8.750s][info][gc          ] GC(12) Pause Young (Normal) (G1 Evacuation Pause) 168M->17M(256M) 14.418ms
[8.750s][info][gc,cpu      ] GC(12) User=0.02s Sys=0.00s Real=0.01s
[9.249s][info][gc,start    ] GC(13) Pause Young (Normal) (G1 Evacuation Pause)
[9.249s][info][gc,task     ] GC(13) Using 2 workers of 2 for evacuation
[9.267s][info][gc,phases   ] GC(13)   Pre Evacuate Collection Set: 0.14ms
[9.267s][info][gc,phases   ] GC(13)   Merge Heap Roots: 0.08ms
[9.267s][info][gc,phases   ] GC(13)   Evacuate Collection Set: 17.03ms
[9.267s][info][gc,phases   ] GC(13)   Post Evacuate Collection Set: 0.46ms
[9.267s][info][gc,phases   ] GC(13)   Other: 0.09ms
[9.267s][info][gc,heap     ] GC(13) Eden regions: 111->0(138)
[9.267s][info][gc,heap     ] GC(13) Survivor regions: 8->15(15)
[9.267s][info][gc,heap     ] GC(13) Old regions: 10->12
[9.267s][info][gc,heap     ] GC(13) Humongous regions: 2->2
[9.267s][info][gc,metaspace] GC(13) Metaspace: 26667K(27136K)->26667K(27136K) NonClass: 23600K(23872K)->23600K(23872K) Class: 3067K(3264K)->3067K(3264K)
[9.267s][info][gc          ] GC(13) Pause Young (Normal) (G1 Evacuation Pause) 130M->28M(256M) 17.977ms
[9.267s][info][gc,cpu      ] GC(13) User=0.04s Sys=0.00s Real=0.02s
[9.364s][info][gc,start    ] GC(14) Pause Young (Normal) (G1 Evacuation Pause)
[9.364s][info][gc,task     ] GC(14) Using 2 workers of 2 for evacuation
[9.387s][info][gc,phases   ] GC(14)   Pre Evacuate Collection Set: 0.15ms
[9.387s][info][gc,phases   ] GC(14)   Merge Heap Roots: 0.09ms
[9.387s][info][gc,phases   ] GC(14)   Evacuate Collection Set: 22.44ms
[9.387s][info][gc,phases   ] GC(14)   Post Evacuate Collection Set: 0.39ms
[9.387s][info][gc,phases   ] GC(14)   Other: 0.09ms
[9.387s][info][gc,heap     ] GC(14) Eden regions: 31->0(149)
[9.387s][info][gc,heap     ] GC(14) Survivor regions: 15->4(6)
[9.387s][info][gc,heap     ] GC(14) Old regions: 12->28
[9.387s][info][gc,heap     ] GC(14) Humongous regions: 2->2
[9.387s][info][gc,metaspace] GC(14) Metaspace: 26667K(27136K)->26667K(27136K) NonClass: 23600K(23872K)->23600K(23872K) Class: 3067K(3264K)->3067K(3264K)
[9.387s][info][gc          ] GC(14) Pause Young (Normal) (G1 Evacuation Pause) 59M->32M(256M) 23.356ms
[9.387s][info][gc,cpu      ] GC(14) User=0.05s Sys=0.00s Real=0.02s
[9.865s][info][gc,start    ] GC(15) Pause Young (Normal) (G1 Evacuation Pause)
[9.865s][info][gc,task     ] GC(15) Using 2 workers of 2 for evacuation
[9.895s][info][gc,phases   ] GC(15)   Pre Evacuate Collection Set: 0.16ms
[9.895s][info][gc,phases   ] GC(15)   Merge Heap Roots: 0.07ms
[9.895s][info][gc,phases   ] GC(15)   Evacuate Collection Set: 29.09ms
[9.895s][info][gc,phases   ] GC(15)   Post Evacuate Collection Set: 0.38ms
[9.895s][info][gc,phases   ] GC(15)   Other: 0.16ms
[9.895s][info][gc,heap     ] GC(15) Eden regions: 149->0(133)
[9.895s][info][gc,heap     ] GC(15) Survivor regions: 4->20(20)
[9.895s][info][gc,heap     ] GC(15) Old regions: 28->30
[9.895s][info][gc,heap     ] GC(15) Humongous regions: 3->3
[9.895s][info][gc,metaspace] GC(15) Metaspace: 26739K(27264K)->26739K(27264K) NonClass: 23664K(23936K)->23664K(23936K) Class: 3074K(3328K)->3074K(3328K)
[9.895s][info][gc          ] GC(15) Pause Young (Normal) (G1 Evacuation Pause) 182M->51M(256M) 30.049ms
[9.895s][info][gc,cpu      ] GC(15) User=0.05s Sys=0.00s Real=0.03s
[10.208s][info][gc,start    ] GC(16) Pause Young (Normal) (G1 Evacuation Pause)
[10.209s][info][gc,task     ] GC(16) Using 2 workers of 2 for evacuation
[10.260s][info][gc,phases   ] GC(16)   Pre Evacuate Collection Set: 0.15ms
[10.260s][info][gc,phases   ] GC(16)   Merge Heap Roots: 0.13ms
[10.260s][info][gc,phases   ] GC(16)   Evacuate Collection Set: 50.33ms
[10.260s][info][gc,phases   ] GC(16)   Post Evacuate Collection Set: 0.46ms
[10.260s][info][gc,phases   ] GC(16)   Other: 0.07ms
[10.260s][info][gc,heap     ] GC(16) Eden regions: 93->0(135)
[10.260s][info][gc,heap     ] GC(16) Survivor regions: 20->11(15)
[10.260s][info][gc,heap     ] GC(16) Old regions: 30->50
[10.260s][info][gc,heap     ] GC(16) Humongous regions: 5->5
[10.260s][info][gc,metaspace] GC(16) Metaspace: 26769K(27264K)->26769K(27264K) NonClass: 23694K(23936K)->23694K(23936K) Class: 3075K(3328K)->3075K(3328K)
[10.260s][info][gc          ] GC(16) Pause Young (Normal) (G1 Evacuation Pause) 146M->65M(256M) 51.414ms
[10.260s][info][gc,cpu      ] GC(16) User=0.10s Sys=0.00s Real=0.05s
[10.654s][info][gc,start    ] GC(17) Pause Young (Normal) (G1 Evacuation Pause)
[10.654s][info][gc,task     ] GC(17) Using 2 workers of 2 for evacuation
[10.695s][info][gc,phases   ] GC(17)   Pre Evacuate Collection Set: 0.13ms
[10.695s][info][gc,phases   ] GC(17)   Merge Heap Roots: 0.08ms
[10.695s][info][gc,phases   ] GC(17)   Evacuate Collection Set: 40.92ms
[10.695s][info][gc,phases   ] GC(17)   Post Evacuate Collection Set: 0.38ms
[10.695s][info][gc,phases   ] GC(17)   Other: 0.07ms
[10.695s][info][gc,heap     ] GC(17) Eden regions: 135->0(127)
[10.695s][info][gc,heap     ] GC(17) Survivor regions: 11->16(19)
[10.695s][info][gc,heap     ] GC(17) Old regions: 50->61
[10.695s][info][gc,heap     ] GC(17) Humongous regions: 5->5
[10.695s][info][gc,metaspace] GC(17) Metaspace: 26776K(27328K)->26776K(27328K) NonClass: 23700K(24000K)->23700K(24000K) Class: 3076K(3328K)->3076K(3328K)
[10.695s][info][gc          ] GC(17) Pause Young (Normal) (G1 Evacuation Pause) 200M->81M(256M) 41.776ms
[10.695s][info][gc,cpu      ] GC(17) User=0.08s Sys=0.00s Real=0.04s
[11.112s][info][gc,start    ] GC(18) Pause Young (Normal) (G1 Evacuation Pause)
[11.113s][info][gc,task     ] GC(18) Using 2 workers of 2 for evacuation
[11.156s][info][gc,phases   ] GC(18)   Pre Evacuate Collection Set: 0.15ms
[11.156s][info][gc,phases   ] GC(18)   Merge Heap Roots: 0.12ms
[11.156s][info][gc,phases   ] GC(18)   Evacuate Collection Set: 41.14ms
[11.156s][info][gc,phases   ] GC(18)   Post Evacuate Collection Set: 2.15ms
[11.156s][info][gc,phases   ] GC(18)   Other: 0.07ms
[11.156s][info][gc,heap     ] GC(18) Eden regions: 127->0(211)
[11.156s][info][gc,heap     ] GC(18) Survivor regions: 16->15(18)
[11.156s][info][gc,heap     ] GC(18) Old regions: 61->77
[11.156s][info][gc,heap     ] GC(18) Humongous regions: 9->9
[11.156s][info][gc,metaspace] GC(18) Metaspace: 26776K(27328K)->26776K(27328K) NonClass: 23700K(24000K)->23700K(24000K) Class: 3076K(3328K)->3076K(3328K)
[11.156s][info][gc          ] GC(18) Pause Young (Normal) (G1 Evacuation Pause) 212M->99M(401M) 43.855ms
[11.156s][info][gc,cpu      ] GC(18) User=0.08s Sys=0.00s Real=0.04s
[13.999s][info][gc,start    ] GC(19) Pause Young (Normal) (G1 Evacuation Pause)
[13.999s][info][gc,task     ] GC(19) Using 2 workers of 2 for evacuation
[14.052s][info][gc,phases   ] GC(19)   Pre Evacuate Collection Set: 0.21ms
[14.052s][info][gc,phases   ] GC(19)   Merge Heap Roots: 0.17ms
[14.052s][info][gc,phases   ] GC(19)   Evacuate Collection Set: 52.49ms
[14.052s][info][gc,phases   ] GC(19)   Post Evacuate Collection Set: 0.47ms
[14.052s][info][gc,phases   ] GC(19)   Other: 0.12ms
[14.052s][info][gc,heap     ] GC(19) Eden regions: 182->0(183)
[14.052s][info][gc,heap     ] GC(19) Survivor regions: 15->19(25)
[14.052s][info][gc,heap     ] GC(19) Old regions: 77->91
[14.052s][info][gc,heap     ] GC(19) Humongous regions: 17->15
[14.052s][info][gc,metaspace] GC(19) Metaspace: 28459K(28928K)->28459K(28928K) NonClass: 25225K(25472K)->25225K(25472K) Class: 3233K(3456K)->3233K(3456K)
[14.052s][info][gc          ] GC(19) Pause Young (Normal) (G1 Evacuation Pause) 289M->123M(401M) 53.671ms
[14.052s][info][gc,cpu      ] GC(19) User=0.10s Sys=0.00s Real=0.06s
[15.918s][info][gc,start    ] GC(20) Pause Young (Normal) (G1 Evacuation Pause)
[15.918s][info][gc,task     ] GC(20) Using 2 workers of 2 for evacuation
[15.963s][info][gc,phases   ] GC(20)   Pre Evacuate Collection Set: 0.19ms
[15.963s][info][gc,phases   ] GC(20)   Merge Heap Roots: 0.17ms
[15.963s][info][gc,phases   ] GC(20)   Evacuate Collection Set: 43.33ms
[15.963s][info][gc,phases   ] GC(20)   Post Evacuate Collection Set: 0.48ms
[15.963s][info][gc,phases   ] GC(20)   Other: 0.10ms
[15.963s][info][gc,heap     ] GC(20) Eden regions: 183->0(184)
[15.963s][info][gc,heap     ] GC(20) Survivor regions: 19->16(26)
[15.963s][info][gc,heap     ] GC(20) Old regions: 91->109
[15.963s][info][gc,heap     ] GC(20) Humongous regions: 15->15
[15.963s][info][gc,metaspace] GC(20) Metaspace: 28640K(29056K)->28640K(29056K) NonClass: 25384K(25600K)->25384K(25600K) Class: 3255K(3456K)->3255K(3456K)
[15.963s][info][gc          ] GC(20) Pause Young (Normal) (G1 Evacuation Pause) 306M->139M(401M) 44.510ms
[15.963s][info][gc,cpu      ] GC(20) User=0.09s Sys=0.00s Real=0.05s
[17.497s][info][gc,start    ] GC(21) Pause Young (Normal) (G1 Evacuation Pause)
[17.497s][info][gc,task     ] GC(21) Using 2 workers of 2 for evacuation
[17.530s][info][gc,phases   ] GC(21)   Pre Evacuate Collection Set: 0.22ms
[17.530s][info][gc,phases   ] GC(21)   Merge Heap Roots: 0.08ms
[17.530s][info][gc,phases   ] GC(21)   Evacuate Collection Set: 31.88ms
[17.530s][info][gc,phases   ] GC(21)   Post Evacuate Collection Set: 0.47ms
[17.530s][info][gc,phases   ] GC(21)   Other: 0.08ms
[17.530s][info][gc,heap     ] GC(21) Eden regions: 184->0(178)
[17.530s][info][gc,heap     ] GC(21) Survivor regions: 16->18(25)
[17.530s][info][gc,heap     ] GC(21) Old regions: 109->126
[17.530s][info][gc,heap     ] GC(21) Humongous regions: 15->15
[17.530s][info][gc,metaspace] GC(21) Metaspace: 28660K(29056K)->28660K(29056K) NonClass: 25400K(25600K)->25400K(25600K) Class: 3259K(3456K)->3259K(3456K)
[17.530s][info][gc          ] GC(21) Pause Young (Normal) (G1 Evacuation Pause) 323M->157M(401M) 32.937ms
[17.530s][info][gc,cpu      ] GC(21) User=0.07s Sys=0.00s Real=0.03s
[18.947s][info][gc,start    ] GC(22) Pause Young (Normal) (G1 Evacuation Pause)
[18.947s][info][gc,task     ] GC(22) Using 2 workers of 2 for evacuation
[18.989s][info][gc,phases   ] GC(22)   Pre Evacuate Collection Set: 0.23ms
[18.989s][info][gc,phases   ] GC(22)   Merge Heap Roots: 0.09ms
[18.989s][info][gc,phases   ] GC(22)   Evacuate Collection Set: 41.21ms
[18.989s][info][gc,phases   ] GC(22)   Post Evacuate Collection Set: 0.42ms
[18.989s][info][gc,phases   ] GC(22)   Other: 0.08ms
[18.989s][info][gc,heap     ] GC(22) Eden regions: 178->0(171)
[18.989s][info][gc,heap     ] GC(22) Survivor regions: 18->16(25)
[18.989s][info][gc,heap     ] GC(22) Old regions: 126->143
[18.989s][info][gc,heap     ] GC(22) Humongous regions: 16->16
[18.989s][info][gc,metaspace] GC(22) Metaspace: 28693K(29120K)->28693K(29120K) NonClass: 25433K(25664K)->25433K(25664K) Class: 3259K(3456K)->3259K(3456K)
[18.989s][info][gc          ] GC(22) Pause Young (Normal) (G1 Evacuation Pause) 336M->174M(401M) 42.226ms
[18.989s][info][gc,cpu      ] GC(22) User=0.08s Sys=0.00s Real=0.04s
[20.204s][info][gc,start    ] GC(23) Pause Young (Normal) (G1 Evacuation Pause)
[20.204s][info][gc,task     ] GC(23) Using 2 workers of 2 for evacuation
[20.239s][info][gc,phases   ] GC(23)   Pre Evacuate Collection Set: 0.19ms
[20.239s][info][gc,phases   ] GC(23)   Merge Heap Roots: 1.76ms
[20.239s][info][gc,phases   ] GC(23)   Evacuate Collection Set: 32.13ms
[20.239s][info][gc,phases   ] GC(23)   Post Evacuate Collection Set: 0.41ms
[20.239s][info][gc,phases   ] GC(23)   Other: 0.10ms
[20.239s][info][gc,heap     ] GC(23) Eden regions: 171->0(156)
[20.239s][info][gc,heap     ] GC(23) Survivor regions: 16->21(24)
[20.239s][info][gc,heap     ] GC(23) Old regions: 143->159
[20.239s][info][gc,heap     ] GC(23) Humongous regions: 16->16
[20.239s][info][gc,metaspace] GC(23) Metaspace: 28734K(29184K)->28734K(29184K) NonClass: 25474K(25728K)->25474K(25728K) Class: 3259K(3456K)->3259K(3456K)
[20.239s][info][gc          ] GC(23) Pause Young (Normal) (G1 Evacuation Pause) 345M->194M(401M) 34.849ms
[20.239s][info][gc,cpu      ] GC(23) User=0.06s Sys=0.00s Real=0.03s
[21.037s][info][gc,start    ] GC(24) Pause Young (Normal) (G1 Evacuation Pause)
[21.037s][info][gc,task     ] GC(24) Using 2 workers of 2 for evacuation
[21.073s][info][gc,phases   ] GC(24)   Pre Evacuate Collection Set: 0.21ms
[21.073s][info][gc,phases   ] GC(24)   Merge Heap Roots: 0.07ms
[21.073s][info][gc,phases   ] GC(24)   Evacuate Collection Set: 35.41ms
[21.073s][info][gc,phases   ] GC(24)   Post Evacuate Collection Set: 0.50ms
[21.073s][info][gc,phases   ] GC(24)   Other: 0.09ms
[21.073s][info][gc,heap     ] GC(24) Eden regions: 156->0(137)
[21.073s][info][gc,heap     ] GC(24) Survivor regions: 21->22(23)
[21.073s][info][gc,heap     ] GC(24) Old regions: 159->176
[21.073s][info][gc,heap     ] GC(24) Humongous regions: 18->18
[21.073s][info][gc,metaspace] GC(24) Metaspace: 28774K(29248K)->28774K(29248K) NonClass: 25507K(25728K)->25507K(25728K) Class: 3267K(3520K)->3267K(3520K)
[21.073s][info][gc          ] GC(24) Pause Young (Normal) (G1 Evacuation Pause) 352M->214M(401M) 36.525ms
[21.073s][info][gc,cpu      ] GC(24) User=0.07s Sys=0.00s Real=0.04s
[21.146s][info][gc,start    ] GC(25) Pause Young (Concurrent Start) (G1 Humongous Allocation)
[21.146s][info][gc,task     ] GC(25) Using 2 workers of 2 for evacuation
[21.176s][info][gc,phases   ] GC(25)   Pre Evacuate Collection Set: 0.20ms
[21.176s][info][gc,phases   ] GC(25)   Merge Heap Roots: 0.07ms
[21.176s][info][gc,phases   ] GC(25)   Evacuate Collection Set: 29.32ms
[21.176s][info][gc,phases   ] GC(25)   Post Evacuate Collection Set: 0.29ms
[21.176s][info][gc,phases   ] GC(25)   Other: 0.13ms
[21.176s][info][gc,heap     ] GC(25) Eden regions: 27->0(135)
[21.176s][info][gc,heap     ] GC(25) Survivor regions: 22->4(20)
[21.176s][info][gc,heap     ] GC(25) Old regions: 176->198
[21.176s][info][gc,heap     ] GC(25) Humongous regions: 18->18
[21.176s][info][gc,metaspace] GC(25) Metaspace: 28774K(29248K)->28774K(29248K) NonClass: 25507K(25728K)->25507K(25728K) Class: 3267K(3520K)->3267K(3520K)
[21.176s][info][gc          ] GC(25) Pause Young (Concurrent Start) (G1 Humongous Allocation) 241M->218M(401M) 30.215ms
[21.176s][info][gc,cpu      ] GC(25) User=0.06s Sys=0.00s Real=0.03s
[21.176s][info][gc          ] GC(26) Concurrent Mark Cycle
[21.176s][info][gc,marking  ] GC(26) Concurrent Scan Root Regions
[21.208s][info][gc,marking  ] GC(26) Concurrent Scan Root Regions 32.303ms
[21.208s][info][gc,marking  ] GC(26) Concurrent Mark
[21.208s][info][gc,marking  ] GC(26) Concurrent Mark From Roots
[21.208s][info][gc,task     ] GC(26) Using 1 workers of 1 for marking
[21.257s][info][gc,marking  ] GC(26) Concurrent Mark From Roots 48.665ms
[21.257s][info][gc,marking  ] GC(26) Concurrent Preclean
[21.257s][info][gc,marking  ] GC(26) Concurrent Preclean 0.039ms
[21.257s][info][gc,start    ] GC(26) Pause Remark
[21.270s][info][gc          ] GC(26) Pause Remark 242M->132M(370M) 12.707ms
[21.270s][info][gc,cpu      ] GC(26) User=0.02s Sys=0.00s Real=0.01s
[21.273s][info][gc,marking  ] GC(26) Concurrent Mark 64.224ms
[21.273s][info][gc,marking  ] GC(26) Concurrent Rebuild Remembered Sets and Scrub Regions
[21.302s][info][gc,marking  ] GC(26) Concurrent Rebuild Remembered Sets and Scrub Regions 29.702ms
[21.302s][info][gc,start    ] GC(26) Pause Cleanup
[21.303s][info][gc          ] GC(26) Pause Cleanup 137M->137M(370M) 0.067ms
[21.303s][info][gc,cpu      ] GC(26) User=0.00s Sys=0.00s Real=0.00s
[21.303s][info][gc,marking  ] GC(26) Concurrent Clear Claimed Marks
[21.303s][info][gc,marking  ] GC(26) Concurrent Clear Claimed Marks 0.036ms
[21.303s][info][gc,marking  ] GC(26) Concurrent Cleanup for Next Mark
[21.305s][info][gc,marking  ] GC(26) Concurrent Cleanup for Next Mark 2.359ms
[21.305s][info][gc          ] GC(26) Concurrent Mark Cycle 129.126ms
[21.599s][info][gc,start    ] GC(27) Pause Young (Prepare Mixed) (G1 Evacuation Pause)
[21.599s][info][gc,task     ] GC(27) Using 2 workers of 2 for evacuation
[21.622s][info][gc,phases   ] GC(27)   Pre Evacuate Collection Set: 0.19ms
[21.622s][info][gc,phases   ] GC(27)   Merge Heap Roots: 0.12ms
[21.622s][info][gc,phases   ] GC(27)   Evacuate Collection Set: 21.65ms
[21.622s][info][gc,phases   ] GC(27)   Post Evacuate Collection Set: 0.40ms
[21.622s][info][gc,phases   ] GC(27)   Other: 0.11ms
[21.622s][info][gc,heap     ] GC(27) Eden regions: 135->0(181)
[21.622s][info][gc,heap     ] GC(27) Survivor regions: 4->18(18)
[21.622s][info][gc,heap     ] GC(27) Old regions: 104->106
[21.622s][info][gc,heap     ] GC(27) Humongous regions: 3->3
[21.622s][info][gc,metaspace] GC(27) Metaspace: 28774K(29248K)->28774K(29248K) NonClass: 25507K(25728K)->25507K(25728K) Class: 3267K(3520K)->3267K(3520K)
[21.622s][info][gc          ] GC(27) Pause Young (Prepare Mixed) (G1 Evacuation Pause) 244M->125M(370M) 22.725ms
[21.622s][info][gc,cpu      ] GC(27) User=0.05s Sys=0.00s Real=0.03s
[22.119s][info][gc,start    ] GC(28) Pause Young (Mixed) (G1 Evacuation Pause)
[22.119s][info][gc,task     ] GC(28) Using 2 workers of 2 for evacuation
[22.165s][info][gc,phases   ] GC(28)   Pre Evacuate Collection Set: 0.20ms
[22.165s][info][gc,phases   ] GC(28)   Merge Heap Roots: 0.14ms
[22.165s][info][gc,phases   ] GC(28)   Evacuate Collection Set: 44.95ms
[22.165s][info][gc,phases   ] GC(28)   Post Evacuate Collection Set: 0.49ms
[22.165s][info][gc,phases   ] GC(28)   Other: 0.09ms
[22.165s][info][gc,heap     ] GC(28) Eden regions: 181->0(191)
[22.165s][info][gc,heap     ] GC(28) Survivor regions: 18->22(25)
[22.165s][info][gc,heap     ] GC(28) Old regions: 106->87
[22.165s][info][gc,heap     ] GC(28) Humongous regions: 5->5
[22.165s][info][gc,metaspace] GC(28) Metaspace: 28775K(29248K)->28775K(29248K) NonClass: 25507K(25728K)->25507K(25728K) Class: 3267K(3520K)->3267K(3520K)
[22.165s][info][gc          ] GC(28) Pause Young (Mixed) (G1 Evacuation Pause) 308M->112M(370M) 46.080ms
[22.165s][info][gc,cpu      ] GC(28) User=0.09s Sys=0.00s Real=0.05s
[22.718s][info][gc,start    ] GC(29) Pause Young (Mixed) (G1 Evacuation Pause)
[22.718s][info][gc,task     ] GC(29) Using 2 workers of 2 for evacuation
[22.776s][info][gc,phases   ] GC(29)   Pre Evacuate Collection Set: 0.17ms
[22.776s][info][gc,phases   ] GC(29)   Merge Heap Roots: 0.16ms
[22.776s][info][gc,phases   ] GC(29)   Evacuate Collection Set: 56.97ms
[22.776s][info][gc,phases   ] GC(29)   Post Evacuate Collection Set: 0.49ms
[22.776s][info][gc,phases   ] GC(29)   Other: 0.08ms
[22.776s][info][gc,heap     ] GC(29) Eden regions: 191->0(178)
[22.776s][info][gc,heap     ] GC(29) Survivor regions: 22->22(27)
[22.776s][info][gc,heap     ] GC(29) Old regions: 87->104
[22.776s][info][gc,heap     ] GC(29) Humongous regions: 9->9
[22.776s][info][gc,metaspace] GC(29) Metaspace: 28775K(29248K)->28775K(29248K) NonClass: 25507K(25728K)->25507K(25728K) Class: 3267K(3520K)->3267K(3520K)
[22.776s][info][gc          ] GC(29) Pause Young (Mixed) (G1 Evacuation Pause) 307M->133M(370M) 58.079ms
[22.776s][info][gc,cpu      ] GC(29) User=0.12s Sys=0.01s Real=0.06s
[24.273s][info][gc,start    ] GC(30) Pause Young (Normal) (G1 Evacuation Pause)
[24.273s][info][gc,task     ] GC(30) Using 2 workers of 2 for evacuation
[24.325s][info][gc,phases   ] GC(30)   Pre Evacuate Collection Set: 0.19ms
[24.325s][info][gc,phases   ] GC(30)   Merge Heap Roots: 0.16ms
[24.325s][info][gc,phases   ] GC(30)   Evacuate Collection Set: 50.47ms
[24.325s][info][gc,phases   ] GC(30)   Post Evacuate Collection Set: 0.73ms
[24.325s][info][gc,phases   ] GC(30)   Other: 0.07ms
[24.325s][info][gc,heap     ] GC(30) Eden regions: 178->0(185)
[24.325s][info][gc,heap     ] GC(30) Survivor regions: 22->13(25)
[24.325s][info][gc,heap     ] GC(30) Old regions: 104->126
[24.325s][info][gc,heap     ] GC(30) Humongous regions: 17->15
[24.325s][info][gc,metaspace] GC(30) Metaspace: 28819K(29312K)->28819K(29312K) NonClass: 25552K(25792K)->25552K(25792K) Class: 3267K(3520K)->3267K(3520K)
[24.325s][info][gc          ] GC(30) Pause Young (Normal) (G1 Evacuation Pause) 319M->152M(395M) 51.840ms
[24.325s][info][gc,cpu      ] GC(30) User=0.10s Sys=0.00s Real=0.05s
[25.305s][info][gc,start    ] GC(31) Pause Young (Normal) (G1 Evacuation Pause)
[25.305s][info][gc,task     ] GC(31) Using 2 workers of 2 for evacuation
[25.334s][info][gc,phases   ] GC(31)   Pre Evacuate Collection Set: 0.23ms
[25.334s][info][gc,phases   ] GC(31)   Merge Heap Roots: 0.15ms
[25.334s][info][gc,phases   ] GC(31)   Evacuate Collection Set: 28.39ms
[25.334s][info][gc,phases   ] GC(31)   Post Evacuate Collection Set: 0.42ms
[25.334s][info][gc,phases   ] GC(31)   Other: 0.07ms
[25.334s][info][gc,heap     ] GC(31) Eden regions: 185->0(185)
[25.334s][info][gc,heap     ] GC(31) Survivor regions: 13->19(25)
[25.334s][info][gc,heap     ] GC(31) Old regions: 126->126
[25.334s][info][gc,heap     ] GC(31) Humongous regions: 15->15
[25.334s][info][gc,metaspace] GC(31) Metaspace: 28823K(29312K)->28823K(29312K) NonClass: 25556K(25792K)->25556K(25792K) Class: 3267K(3520K)->3267K(3520K)
[25.334s][info][gc          ] GC(31) Pause Young (Normal) (G1 Evacuation Pause) 337M->158M(395M) 29.513ms
[25.334s][info][gc,cpu      ] GC(31) User=0.06s Sys=0.00s Real=0.03s
[26.531s][info][gc,start    ] GC(32) Pause Young (Normal) (G1 Evacuation Pause)
[26.531s][info][gc,task     ] GC(32) Using 2 workers of 2 for evacuation
[26.555s][info][gc,phases   ] GC(32)   Pre Evacuate Collection Set: 0.18ms
[26.555s][info][gc,phases   ] GC(32)   Merge Heap Roots: 0.14ms
[26.555s][info][gc,phases   ] GC(32)   Evacuate Collection Set: 22.67ms
[26.555s][info][gc,phases   ] GC(32)   Post Evacuate Collection Set: 0.38ms
[26.555s][info][gc,phases   ] GC(32)   Other: 0.07ms
[26.555s][info][gc,heap     ] GC(32) Eden regions: 185->0(195)
[26.555s][info][gc,heap     ] GC(32) Survivor regions: 19->5(26)
[26.555s][info][gc,heap     ] GC(32) Old regions: 126->136
[26.555s][info][gc,heap     ] GC(32) Humongous regions: 15->15
[26.555s][info][gc,metaspace] GC(32) Metaspace: 28831K(29312K)->28831K(29312K) NonClass: 25564K(25792K)->25564K(25792K) Class: 3267K(3520K)->3267K(3520K)
[26.555s][info][gc          ] GC(32) Pause Young (Normal) (G1 Evacuation Pause) 343M->154M(395M) 23.665ms
[26.555s][info][gc,cpu      ] GC(32) User=0.04s Sys=0.00s Real=0.02s
[27.792s][info][gc,start    ] GC(33) Pause Young (Normal) (G1 Evacuation Pause)
[27.792s][info][gc,task     ] GC(33) Using 2 workers of 2 for evacuation
[27.815s][info][gc,phases   ] GC(33)   Pre Evacuate Collection Set: 0.19ms
[27.815s][info][gc,phases   ] GC(33)   Merge Heap Roots: 0.08ms
[27.815s][info][gc,phases   ] GC(33)   Evacuate Collection Set: 21.78ms
[27.815s][info][gc,phases   ] GC(33)   Post Evacuate Collection Set: 0.45ms
[27.815s][info][gc,phases   ] GC(33)   Other: 0.08ms
[27.815s][info][gc,heap     ] GC(33) Eden regions: 195->0(177)
[27.815s][info][gc,heap     ] GC(33) Survivor regions: 5->23(25)
[27.815s][info][gc,heap     ] GC(33) Old regions: 136->136
[27.815s][info][gc,heap     ] GC(33) Humongous regions: 15->15
[27.815s][info][gc,metaspace] GC(33) Metaspace: 28839K(29312K)->28839K(29312K) NonClass: 25572K(25792K)->25572K(25792K) Class: 3267K(3520K)->3267K(3520K)
[27.815s][info][gc          ] GC(33) Pause Young (Normal) (G1 Evacuation Pause) 349M->172M(395M) 22.810ms
[27.815s][info][gc,cpu      ] GC(33) User=0.04s Sys=0.00s Real=0.02s
[28.909s][info][gc,start    ] GC(34) Pause Young (Normal) (G1 Evacuation Pause)
[28.909s][info][gc,task     ] GC(34) Using 2 workers of 2 for evacuation
[28.943s][info][gc,phases   ] GC(34)   Pre Evacuate Collection Set: 0.22ms
[28.943s][info][gc,phases   ] GC(34)   Merge Heap Roots: 0.09ms
[28.943s][info][gc,phases   ] GC(34)   Evacuate Collection Set: 32.94ms
[28.943s][info][gc,phases   ] GC(34)   Post Evacuate Collection Set: 0.42ms
[28.943s][info][gc,phases   ] GC(34)   Other: 0.07ms
[28.943s][info][gc,heap     ] GC(34) Eden regions: 177->0(164)
[28.943s][info][gc,heap     ] GC(34) Survivor regions: 23->17(25)
[28.943s][info][gc,heap     ] GC(34) Old regions: 136->159
[28.943s][info][gc,heap     ] GC(34) Humongous regions: 16->16
[28.943s][info][gc,metaspace] GC(34) Metaspace: 28848K(29312K)->28848K(29312K) NonClass: 25581K(25792K)->25581K(25792K) Class: 3267K(3520K)->3267K(3520K)
[28.943s][info][gc          ] GC(34) Pause Young (Normal) (G1 Evacuation Pause) 350M->189M(395M) 33.945ms
[28.943s][info][gc,cpu      ] GC(34) User=0.07s Sys=0.00s Real=0.04s
[30.180s][info][gc,start    ] GC(35) Pause Young (Concurrent Start) (G1 Humongous Allocation)
[30.180s][info][gc,task     ] GC(35) Using 2 workers of 2 for evacuation
[30.209s][info][gc,phases   ] GC(35)   Pre Evacuate Collection Set: 0.22ms
[30.209s][info][gc,phases   ] GC(35)   Merge Heap Roots: 0.07ms
[30.209s][info][gc,phases   ] GC(35)   Evacuate Collection Set: 28.21ms
[30.209s][info][gc,phases   ] GC(35)   Post Evacuate Collection Set: 0.57ms
[30.209s][info][gc,phases   ] GC(35)   Other: 0.11ms
[30.209s][info][gc,heap     ] GC(35) Eden regions: 144->0(152)
[30.209s][info][gc,heap     ] GC(35) Survivor regions: 17->15(23)
[30.209s][info][gc,heap     ] GC(35) Old regions: 159->174
[30.209s][info][gc,heap     ] GC(35) Humongous regions: 18->16
[30.209s][info][gc,metaspace] GC(35) Metaspace: 31184K(31616K)->31184K(31616K) NonClass: 27639K(27840K)->27639K(27840K) Class: 3545K(3776K)->3545K(3776K)
[30.209s][info][gc          ] GC(35) Pause Young (Concurrent Start) (G1 Humongous Allocation) 335M->203M(395M) 29.397ms
[30.209s][info][gc,cpu      ] GC(35) User=0.06s Sys=0.00s Real=0.03s
[30.209s][info][gc          ] GC(36) Concurrent Mark Cycle
[30.209s][info][gc,marking  ] GC(36) Concurrent Scan Root Regions
[30.252s][info][gc,marking  ] GC(36) Concurrent Scan Root Regions 43.025ms
[30.252s][info][gc,marking  ] GC(36) Concurrent Mark
[30.252s][info][gc,marking  ] GC(36) Concurrent Mark From Roots
[30.252s][info][gc,task     ] GC(36) Using 1 workers of 1 for marking
[30.320s][info][gc,marking  ] GC(36) Concurrent Mark From Roots 67.782ms
[30.320s][info][gc,marking  ] GC(36) Concurrent Preclean
[30.320s][info][gc,marking  ] GC(36) Concurrent Preclean 0.036ms
[30.320s][info][gc,start    ] GC(36) Pause Remark
[30.332s][info][gc          ] GC(36) Pause Remark 212M->109M(347M) 12.003ms
[30.332s][info][gc,cpu      ] GC(36) User=0.02s Sys=0.00s Real=0.02s
[30.334s][info][gc,marking  ] GC(36) Concurrent Mark 82.367ms
[30.335s][info][gc,marking  ] GC(36) Concurrent Rebuild Remembered Sets and Scrub Regions
[30.384s][info][gc,marking  ] GC(36) Concurrent Rebuild Remembered Sets and Scrub Regions 49.164ms
[30.384s][info][gc,start    ] GC(36) Pause Cleanup
[30.384s][info][gc          ] GC(36) Pause Cleanup 111M->111M(347M) 0.074ms
[30.384s][info][gc,cpu      ] GC(36) User=0.00s Sys=0.00s Real=0.00s
[30.384s][info][gc,marking  ] GC(36) Concurrent Clear Claimed Marks
[30.384s][info][gc,marking  ] GC(36) Concurrent Clear Claimed Marks 0.046ms
[30.384s][info][gc,marking  ] GC(36) Concurrent Cleanup for Next Mark
[30.385s][info][gc,marking  ] GC(36) Concurrent Cleanup for Next Mark 1.159ms
[30.385s][info][gc          ] GC(36) Concurrent Mark Cycle 176.215ms
[32.928s][info][gc,start    ] GC(37) Pause Young (Prepare Mixed) (G1 Evacuation Pause)
[32.928s][info][gc,task     ] GC(37) Using 2 workers of 2 for evacuation
[32.936s][info][gc,phases   ] GC(37)   Pre Evacuate Collection Set: 0.18ms
[32.936s][info][gc,phases   ] GC(37)   Merge Heap Roots: 0.08ms
[32.936s][info][gc,phases   ] GC(37)   Evacuate Collection Set: 7.37ms
[32.936s][info][gc,phases   ] GC(37)   Post Evacuate Collection Set: 0.44ms
[32.936s][info][gc,phases   ] GC(37)   Other: 0.08ms
[32.936s][info][gc,heap     ] GC(37) Eden regions: 152->0(204)
[32.936s][info][gc,heap     ] GC(37) Survivor regions: 15->3(21)
[32.936s][info][gc,heap     ] GC(37) Old regions: 86->92
[32.936s][info][gc,heap     ] GC(37) Humongous regions: 15->3
[32.936s][info][gc,metaspace] GC(37) Metaspace: 33533K(33920K)->33533K(33920K) NonClass: 29950K(30144K)->29950K(30144K) Class: 3582K(3776K)->3582K(3776K)
[32.936s][info][gc          ] GC(37) Pause Young (Prepare Mixed) (G1 Evacuation Pause) 266M->96M(347M) 8.341ms
[32.936s][info][gc,cpu      ] GC(37) User=0.02s Sys=0.00s Real=0.01s
[35.301s][info][gc,start    ] GC(38) Pause Young (Mixed) (G1 Evacuation Pause)
[35.301s][info][gc,task     ] GC(38) Using 2 workers of 2 for evacuation
[35.309s][info][gc,phases   ] GC(38)   Pre Evacuate Collection Set: 0.18ms
[35.309s][info][gc,phases   ] GC(38)   Merge Heap Roots: 0.10ms
[35.309s][info][gc,phases   ] GC(38)   Evacuate Collection Set: 7.13ms
[35.309s][info][gc,phases   ] GC(38)   Post Evacuate Collection Set: 0.61ms
[35.309s][info][gc,phases   ] GC(38)   Other: 0.09ms
[35.309s][info][gc,heap     ] GC(38) Eden regions: 204->0(204)
[35.309s][info][gc,heap     ] GC(38) Survivor regions: 3->4(26)
[35.309s][info][gc,heap     ] GC(38) Old regions: 92->61
[35.309s][info][gc,heap     ] GC(38) Humongous regions: 15->3
[35.309s][info][gc,metaspace] GC(38) Metaspace: 33930K(34368K)->33930K(34368K) NonClass: 30344K(30592K)->30344K(30592K) Class: 3586K(3776K)->3586K(3776K)
[35.309s][info][gc          ] GC(38) Pause Young (Mixed) (G1 Evacuation Pause) 312M->66M(347M) 8.316ms
[35.309s][info][gc,cpu      ] GC(38) User=0.02s Sys=0.00s Real=0.00s
[35.983s][info][gc,start    ] GC(39) Pause Young (Concurrent Start) (G1 Humongous Allocation)
[35.983s][info][gc,task     ] GC(39) Using 2 workers of 2 for evacuation
[35.993s][info][gc,phases   ] GC(39)   Pre Evacuate Collection Set: 1.45ms
[35.993s][info][gc,phases   ] GC(39)   Merge Heap Roots: 0.07ms
[35.993s][info][gc,phases   ] GC(39)   Evacuate Collection Set: 7.75ms
[35.993s][info][gc,phases   ] GC(39)   Post Evacuate Collection Set: 0.45ms
[35.993s][info][gc,phases   ] GC(39)   Other: 0.14ms
[35.993s][info][gc,heap     ] GC(39) Eden regions: 53->0(205)
[35.993s][info][gc,heap     ] GC(39) Survivor regions: 4->3(26)
[35.993s][info][gc,heap     ] GC(39) Old regions: 61->61
[35.993s][info][gc,heap     ] GC(39) Humongous regions: 3->1
[35.993s][info][gc,metaspace] GC(39) Metaspace: 34016K(34496K)->34016K(34496K) NonClass: 30429K(30720K)->30429K(30720K) Class: 3586K(3776K)->3586K(3776K)
[35.993s][info][gc          ] GC(39) Pause Young (Concurrent Start) (G1 Humongous Allocation) 119M->63M(347M) 10.061ms
[35.993s][info][gc,cpu      ] GC(39) User=0.02s Sys=0.00s Real=0.01s
[35.993s][info][gc          ] GC(40) Concurrent Mark Cycle
[35.993s][info][gc,marking  ] GC(40) Concurrent Scan Root Regions
[35.999s][info][gc,marking  ] GC(40) Concurrent Scan Root Regions 5.991ms
[35.999s][info][gc,marking  ] GC(40) Concurrent Mark
[35.999s][info][gc,marking  ] GC(40) Concurrent Mark From Roots
[35.999s][info][gc,task     ] GC(40) Using 1 workers of 1 for marking
[36.047s][info][gc,marking  ] GC(40) Concurrent Mark From Roots 47.466ms
[36.047s][info][gc,marking  ] GC(40) Concurrent Preclean
[36.047s][info][gc,marking  ] GC(40) Concurrent Preclean 0.043ms
[36.047s][info][gc,start    ] GC(40) Pause Remark
[36.078s][info][gc          ] GC(40) Pause Remark 71M->63M(256M) 30.452ms
[36.078s][info][gc,cpu      ] GC(40) User=0.06s Sys=0.00s Real=0.03s
[36.078s][info][gc,marking  ] GC(40) Concurrent Mark 78.821ms
[36.078s][info][gc,marking  ] GC(40) Concurrent Rebuild Remembered Sets and Scrub Regions
[36.110s][info][gc,marking  ] GC(40) Concurrent Rebuild Remembered Sets and Scrub Regions 32.437ms
[36.111s][info][gc,start    ] GC(40) Pause Cleanup
[36.111s][info][gc          ] GC(40) Pause Cleanup 67M->67M(256M) 0.062ms
[36.111s][info][gc,cpu      ] GC(40) User=0.00s Sys=0.00s Real=0.00s
[36.113s][info][gc,marking  ] GC(40) Concurrent Clear Claimed Marks
[36.113s][info][gc,marking  ] GC(40) Concurrent Clear Claimed Marks 0.067ms
[36.113s][info][gc,marking  ] GC(40) Concurrent Cleanup for Next Mark
[36.114s][info][gc,marking  ] GC(40) Concurrent Cleanup for Next Mark 0.787ms
[36.114s][info][gc          ] GC(40) Concurrent Mark Cycle 121.147ms
[37.432s][info][gc,start    ] GC(41) Pause Young (Prepare Mixed) (G1 Evacuation Pause)
[37.432s][info][gc,task     ] GC(41) Using 2 workers of 2 for evacuation
[37.457s][info][gc,phases   ] GC(41)   Pre Evacuate Collection Set: 0.25ms
[37.457s][info][gc,phases   ] GC(41)   Merge Heap Roots: 0.10ms
[37.457s][info][gc,phases   ] GC(41)   Evacuate Collection Set: 23.59ms
[37.457s][info][gc,phases   ] GC(41)   Post Evacuate Collection Set: 0.49ms
[37.457s][info][gc,phases   ] GC(41)   Other: 0.08ms
[37.457s][info][gc,heap     ] GC(41) Eden regions: 150->0(133)
[37.457s][info][gc,heap     ] GC(41) Survivor regions: 3->20(20)
[37.457s][info][gc,heap     ] GC(41) Old regions: 54->56
[37.457s][info][gc,heap     ] GC(41) Humongous regions: 4->2
[37.457s][info][gc,metaspace] GC(41) Metaspace: 34095K(34496K)->34095K(34496K) NonClass: 30506K(30720K)->30506K(30720K) Class: 3588K(3776K)->3588K(3776K)
[37.457s][info][gc          ] GC(41) Pause Young (Prepare Mixed) (G1 Evacuation Pause) (Evacuation Failure: Pinned) 209M->76M(256M) 24.712ms
[37.457s][info][gc,cpu      ] GC(41) User=0.05s Sys=0.00s Real=0.02s
[38.967s][info][gc,start    ] GC(42) Pause Young (Mixed) (G1 Evacuation Pause)
[38.967s][info][gc,task     ] GC(42) Using 2 workers of 2 for evacuation
[38.988s][info][gc,phases   ] GC(42)   Pre Evacuate Collection Set: 0.16ms
[38.988s][info][gc,phases   ] GC(42)   Merge Heap Roots: 0.07ms
[38.989s][info][gc,phases   ] GC(42)   Evacuate Collection Set: 21.03ms
[38.989s][info][gc,phases   ] GC(42)   Post Evacuate Collection Set: 0.45ms
[38.989s][info][gc,phases   ] GC(42)   Other: 0.10ms
[38.989s][info][gc,heap     ] GC(42) Eden regions: 133->0(146)
[38.989s][info][gc,heap     ] GC(42) Survivor regions: 20->7(20)
[38.989s][info][gc,heap     ] GC(42) Old regions: 56->56
[38.989s][info][gc,heap     ] GC(42) Humongous regions: 14->2
[38.989s][info][gc,metaspace] GC(42) Metaspace: 34139K(34560K)->34139K(34560K) NonClass: 30551K(30784K)->30551K(30784K) Class: 3588K(3776K)->3588K(3776K)
[38.989s][info][gc          ] GC(42) Pause Young (Mixed) (G1 Evacuation Pause) 221M->63M(256M) 21.987ms
[38.989s][info][gc,cpu      ] GC(42) User=0.04s Sys=0.00s Real=0.02s
[39.039s][info][gc,start    ] GC(43) Pause Young (Concurrent Start) (G1 Humongous Allocation)
[39.039s][info][gc,task     ] GC(43) Using 2 workers of 2 for evacuation
[39.050s][info][gc,phases   ] GC(43)   Pre Evacuate Collection Set: 0.14ms
[39.050s][info][gc,phases   ] GC(43)   Merge Heap Roots: 0.08ms
[39.050s][info][gc,phases   ] GC(43)   Evacuate Collection Set: 9.68ms
[39.050s][info][gc,phases   ] GC(43)   Post Evacuate Collection Set: 0.25ms
[39.050s][info][gc,phases   ] GC(43)   Other: 0.12ms
[39.050s][info][gc,heap     ] GC(43) Eden regions: 7->0(147)
[39.050s][info][gc,heap     ] GC(43) Survivor regions: 7->6(20)
[39.050s][info][gc,heap     ] GC(43) Old regions: 56->56
[39.050s][info][gc,heap     ] GC(43) Humongous regions: 2->0
[39.050s][info][gc,metaspace] GC(43) Metaspace: 34139K(34560K)->34139K(34560K) NonClass: 30551K(30784K)->30551K(30784K) Class: 3588K(3776K)->3588K(3776K)
[39.050s][info][gc          ] GC(43) Pause Young (Concurrent Start) (G1 Humongous Allocation) 70M->60M(256M) 10.461ms
[39.050s][info][gc          ] GC(44) Concurrent Mark Cycle
[39.050s][info][gc,marking  ] GC(44) Concurrent Scan Root Regions
[39.052s][info][gc,cpu      ] GC(43) User=0.03s Sys=0.00s Real=0.02s
[39.059s][info][gc,marking  ] GC(44) Concurrent Scan Root Regions 9.559ms
[39.060s][info][gc,marking  ] GC(44) Concurrent Mark
[39.060s][info][gc,marking  ] GC(44) Concurrent Mark From Roots
[39.060s][info][gc,task     ] GC(44) Using 1 workers of 1 for marking
[39.188s][info][gc,marking  ] GC(44) Concurrent Mark From Roots 128.812ms
[39.188s][info][gc,marking  ] GC(44) Concurrent Preclean
[39.188s][info][gc,marking  ] GC(44) Concurrent Preclean 0.041ms
[39.189s][info][gc,start    ] GC(44) Pause Remark
[39.206s][info][gc          ] GC(44) Pause Remark 76M->76M(256M) 17.023ms
[39.206s][info][gc,cpu      ] GC(44) User=0.04s Sys=0.00s Real=0.02s
[39.207s][info][gc,marking  ] GC(44) Concurrent Mark 147.896ms
[39.207s][info][gc,marking  ] GC(44) Concurrent Rebuild Remembered Sets and Scrub Regions
[39.258s][info][gc,marking  ] GC(44) Concurrent Rebuild Remembered Sets and Scrub Regions 50.660ms
[39.258s][info][gc,start    ] GC(44) Pause Cleanup
[39.258s][info][gc          ] GC(44) Pause Cleanup 82M->82M(256M) 0.053ms
[39.258s][info][gc,cpu      ] GC(44) User=0.00s Sys=0.00s Real=0.00s
[39.262s][info][gc,marking  ] GC(44) Concurrent Clear Claimed Marks
[39.262s][info][gc,marking  ] GC(44) Concurrent Clear Claimed Marks 0.053ms
[39.262s][info][gc,marking  ] GC(44) Concurrent Cleanup for Next Mark
[39.265s][info][gc,marking  ] GC(44) Concurrent Cleanup for Next Mark 2.851ms
[39.265s][info][gc          ] GC(44) Concurrent Mark Cycle 215.287ms
[40.341s][info][gc,start    ] GC(45) Pause Young (Prepare Mixed) (G1 Evacuation Pause)
[40.341s][info][gc,task     ] GC(45) Using 2 workers of 2 for evacuation
[40.356s][info][gc,phases   ] GC(45)   Pre Evacuate Collection Set: 0.15ms
[40.356s][info][gc,phases   ] GC(45)   Merge Heap Roots: 0.12ms
[40.356s][info][gc,phases   ] GC(45)   Evacuate Collection Set: 13.65ms
[40.356s][info][gc,phases   ] GC(45)   Post Evacuate Collection Set: 0.44ms
[40.356s][info][gc,phases   ] GC(45)   Other: 0.09ms
[40.356s][info][gc,heap     ] GC(45) Eden regions: 147->0(141)
[40.356s][info][gc,heap     ] GC(45) Survivor regions: 6->12(20)
[40.356s][info][gc,heap     ] GC(45) Old regions: 56->56
[40.356s][info][gc,heap     ] GC(45) Humongous regions: 12->2
[40.356s][info][gc,metaspace] GC(45) Metaspace: 34172K(34624K)->34172K(34624K) NonClass: 30584K(30848K)->30584K(30848K) Class: 3588K(3776K)->3588K(3776K)
[40.356s][info][gc          ] GC(45) Pause Young (Prepare Mixed) (G1 Evacuation Pause) 219M->68M(256M) 14.670ms
[40.356s][info][gc,cpu      ] GC(45) User=0.03s Sys=0.00s Real=0.01s
[41.566s][info][gc,start    ] GC(46) Pause Young (Mixed) (G1 Evacuation Pause)
[41.566s][info][gc,task     ] GC(46) Using 2 workers of 2 for evacuation
[41.577s][info][gc,phases   ] GC(46)   Pre Evacuate Collection Set: 0.16ms
[41.577s][info][gc,phases   ] GC(46)   Merge Heap Roots: 0.09ms
[41.577s][info][gc,phases   ] GC(46)   Evacuate Collection Set: 9.83ms
[41.577s][info][gc,phases   ] GC(46)   Post Evacuate Collection Set: 0.39ms
[41.577s][info][gc,phases   ] GC(46)   Other: 0.10ms
[41.577s][info][gc,heap     ] GC(46) Eden regions: 141->0(149)
[41.577s][info][gc,heap     ] GC(46) Survivor regions: 12->4(20)
[41.577s][info][gc,heap     ] GC(46) Old regions: 56->56
[41.577s][info][gc,heap     ] GC(46) Humongous regions: 14->2
[41.577s][info][gc,metaspace] GC(46) Metaspace: 34202K(34624K)->34202K(34624K) NonClass: 30614K(30848K)->30614K(30848K) Class: 3588K(3776K)->3588K(3776K)
[41.577s][info][gc          ] GC(46) Pause Young (Mixed) (G1 Evacuation Pause) 221M->60M(256M) 10.775ms
[41.577s][info][gc,cpu      ] GC(46) User=0.02s Sys=0.00s Real=0.01s
[41.732s][info][gc,start    ] GC(47) Pause Young (Concurrent Start) (G1 Humongous Allocation)
[41.733s][info][gc,task     ] GC(47) Using 2 workers of 2 for evacuation
[41.737s][info][gc,phases   ] GC(47)   Pre Evacuate Collection Set: 0.14ms
[41.737s][info][gc,phases   ] GC(47)   Merge Heap Roots: 0.04ms
[41.737s][info][gc,phases   ] GC(47)   Evacuate Collection Set: 4.31ms
[41.737s][info][gc,phases   ] GC(47)   Post Evacuate Collection Set: 0.27ms
[41.737s][info][gc,phases   ] GC(47)   Other: 0.13ms
[41.737s][info][gc,heap     ] GC(47) Eden regions: 6->0(150)
[41.737s][info][gc,heap     ] GC(47) Survivor regions: 4->3(20)
[41.737s][info][gc,heap     ] GC(47) Old regions: 56->56
[41.737s][info][gc,heap     ] GC(47) Humongous regions: 2->0
[41.738s][info][gc,metaspace] GC(47) Metaspace: 34211K(34624K)->34211K(34624K) NonClass: 30623K(30848K)->30623K(30848K) Class: 3588K(3776K)->3588K(3776K)
[41.738s][info][gc          ] GC(47) Pause Young (Concurrent Start) (G1 Humongous Allocation) 66M->57M(256M) 5.073ms
[41.738s][info][gc          ] GC(48) Concurrent Mark Cycle
[41.738s][info][gc,marking  ] GC(48) Concurrent Scan Root Regions
[41.738s][info][gc,cpu      ] GC(47) User=0.01s Sys=0.00s Real=0.00s
[41.742s][info][gc,marking  ] GC(48) Concurrent Scan Root Regions 4.886ms
[41.742s][info][gc,marking  ] GC(48) Concurrent Mark
[41.742s][info][gc,marking  ] GC(48) Concurrent Mark From Roots
[41.743s][info][gc,task     ] GC(48) Using 1 workers of 1 for marking
[41.842s][info][gc,marking  ] GC(48) Concurrent Mark From Roots 99.553ms
[41.842s][info][gc,marking  ] GC(48) Concurrent Preclean
[41.842s][info][gc,marking  ] GC(48) Concurrent Preclean 0.049ms
[41.842s][info][gc,start    ] GC(48) Pause Remark
[41.857s][info][gc          ] GC(48) Pause Remark 75M->67M(256M) 14.605ms
[41.857s][info][gc,cpu      ] GC(48) User=0.03s Sys=0.00s Real=0.01s
[41.860s][info][gc,marking  ] GC(48) Concurrent Mark 117.016ms
[41.860s][info][gc,marking  ] GC(48) Concurrent Rebuild Remembered Sets and Scrub Regions
[41.880s][info][gc,marking  ] GC(48) Concurrent Rebuild Remembered Sets and Scrub Regions 20.423ms
[41.880s][info][gc,start    ] GC(48) Pause Cleanup
[41.880s][info][gc          ] GC(48) Pause Cleanup 70M->70M(256M) 0.059ms
[41.880s][info][gc,cpu      ] GC(48) User=0.00s Sys=0.00s Real=0.00s
[41.880s][info][gc,marking  ] GC(48) Concurrent Clear Claimed Marks
[41.880s][info][gc,marking  ] GC(48) Concurrent Clear Claimed Marks 0.035ms
[41.880s][info][gc,marking  ] GC(48) Concurrent Cleanup for Next Mark
[41.881s][info][gc,marking  ] GC(48) Concurrent Cleanup for Next Mark 0.741ms
[41.881s][info][gc          ] GC(48) Concurrent Mark Cycle 143.365ms
[42.770s][info][gc,start    ] GC(49) Pause Young (Prepare Mixed) (G1 Evacuation Pause)
[42.770s][info][gc,task     ] GC(49) Using 2 workers of 2 for evacuation
[42.794s][info][gc,phases   ] GC(49)   Pre Evacuate Collection Set: 0.16ms
[42.794s][info][gc,phases   ] GC(49)   Merge Heap Roots: 0.06ms
[42.794s][info][gc,phases   ] GC(49)   Evacuate Collection Set: 23.67ms
[42.794s][info][gc,phases   ] GC(49)   Post Evacuate Collection Set: 0.43ms
[42.794s][info][gc,phases   ] GC(49)   Other: 0.07ms
[42.794s][info][gc,heap     ] GC(49) Eden regions: 150->0(133)
[42.794s][info][gc,heap     ] GC(49) Survivor regions: 3->20(20)
[42.794s][info][gc,heap     ] GC(49) Old regions: 48->52
[42.794s][info][gc,heap     ] GC(49) Humongous regions: 2->2
[42.794s][info][gc,metaspace] GC(49) Metaspace: 34221K(34688K)->34221K(34688K) NonClass: 30633K(30912K)->30633K(30912K) Class: 3588K(3776K)->3588K(3776K)
[42.794s][info][gc          ] GC(49) Pause Young (Prepare Mixed) (G1 Evacuation Pause) 201M->73M(256M) 24.571ms
[42.794s][info][gc,cpu      ] GC(49) User=0.05s Sys=0.00s Real=0.03s
[43.931s][info][gc,start    ] GC(50) Pause Young (Mixed) (G1 Evacuation Pause)
[43.931s][info][gc,task     ] GC(50) Using 2 workers of 2 for evacuation
[43.959s][info][gc,phases   ] GC(50)   Pre Evacuate Collection Set: 0.16ms
[43.959s][info][gc,phases   ] GC(50)   Merge Heap Roots: 0.14ms
[43.959s][info][gc,phases   ] GC(50)   Evacuate Collection Set: 27.70ms
[43.959s][info][gc,phases   ] GC(50)   Post Evacuate Collection Set: 0.48ms
[43.959s][info][gc,phases   ] GC(50)   Other: 0.10ms
[43.959s][info][gc,heap     ] GC(50) Eden regions: 133->0(142)
[43.959s][info][gc,heap     ] GC(50) Survivor regions: 20->11(20)
[43.959s][info][gc,heap     ] GC(50) Old regions: 52->57
[43.959s][info][gc,heap     ] GC(50) Humongous regions: 2->2
[43.959s][info][gc,metaspace] GC(50) Metaspace: 34250K(34688K)->34250K(34688K) NonClass: 30662K(30912K)->30662K(30912K) Class: 3588K(3776K)->3588K(3776K)
[43.959s][info][gc          ] GC(50) Pause Young (Mixed) (G1 Evacuation Pause) 206M->68M(256M) 28.769ms
[43.959s][info][gc,cpu      ] GC(50) User=0.05s Sys=0.00s Real=0.02s
[44.216s][info][gc,start    ] GC(51) Pause Young (Concurrent Start) (G1 Humongous Allocation)
[44.216s][info][gc,task     ] GC(51) Using 2 workers of 2 for evacuation
[44.239s][info][gc,phases   ] GC(51)   Pre Evacuate Collection Set: 0.14ms
[44.239s][info][gc,phases   ] GC(51)   Merge Heap Roots: 0.12ms
[44.239s][info][gc,phases   ] GC(51)   Evacuate Collection Set: 22.14ms
[44.239s][info][gc,phases   ] GC(51)   Post Evacuate Collection Set: 0.30ms
[44.239s][info][gc,phases   ] GC(51)   Other: 0.12ms
[44.239s][info][gc,heap     ] GC(51) Eden regions: 19->0(130)
[44.239s][info][gc,heap     ] GC(51) Survivor regions: 11->5(20)
[44.239s][info][gc,heap     ] GC(51) Old regions: 57->67
[44.239s][info][gc,heap     ] GC(51) Humongous regions: 2->0
[44.239s][info][gc,metaspace] GC(51) Metaspace: 34252K(34688K)->34252K(34688K) NonClass: 30663K(30912K)->30663K(30912K) Class: 3588K(3776K)->3588K(3776K)
[44.239s][info][gc          ] GC(51) Pause Young (Concurrent Start) (G1 Humongous Allocation) 87M->71M(256M) 23.025ms
[44.239s][info][gc,cpu      ] GC(51) User=0.05s Sys=0.00s Real=0.02s
[44.240s][info][gc          ] GC(52) Concurrent Mark Cycle
[44.240s][info][gc,marking  ] GC(52) Concurrent Scan Root Regions
[44.269s][info][gc,marking  ] GC(52) Concurrent Scan Root Regions 29.573ms
[44.269s][info][gc,marking  ] GC(52) Concurrent Mark
[44.269s][info][gc,marking  ] GC(52) Concurrent Mark From Roots
[44.269s][info][gc,task     ] GC(52) Using 1 workers of 1 for marking
[44.398s][info][gc,marking  ] GC(52) Concurrent Mark From Roots 128.173ms
[44.398s][info][gc,marking  ] GC(52) Concurrent Preclean
[44.398s][info][gc,marking  ] GC(52) Concurrent Preclean 0.036ms
[44.401s][info][gc,start    ] GC(52) Pause Remark
[44.416s][info][gc          ] GC(52) Pause Remark 94M->93M(256M) 15.260ms
[44.416s][info][gc,cpu      ] GC(52) User=0.03s Sys=0.00s Real=0.01s
[44.416s][info][gc,marking  ] GC(52) Concurrent Mark 146.461ms
[44.416s][info][gc,marking  ] GC(52) Concurrent Rebuild Remembered Sets and Scrub Regions
[44.485s][info][gc,marking  ] GC(52) Concurrent Rebuild Remembered Sets and Scrub Regions 69.274ms
[44.486s][info][gc,start    ] GC(52) Pause Cleanup
[44.486s][info][gc          ] GC(52) Pause Cleanup 104M->104M(256M) 0.062ms
[44.486s][info][gc,cpu      ] GC(52) User=0.00s Sys=0.00s Real=0.00s
[44.486s][info][gc,marking  ] GC(52) Concurrent Clear Claimed Marks
[44.486s][info][gc,marking  ] GC(52) Concurrent Clear Claimed Marks 0.053ms
[44.486s][info][gc,marking  ] GC(52) Concurrent Cleanup for Next Mark
[44.488s][info][gc,marking  ] GC(52) Concurrent Cleanup for Next Mark 2.320ms
[44.488s][info][gc          ] GC(52) Concurrent Mark Cycle 248.410ms
[45.381s][info][gc,start    ] GC(53) Pause Young (Prepare Mixed) (G1 Evacuation Pause)
[45.382s][info][gc,task     ] GC(53) Using 2 workers of 2 for evacuation
[45.399s][info][gc,phases   ] GC(53)   Pre Evacuate Collection Set: 0.18ms
[45.399s][info][gc,phases   ] GC(53)   Merge Heap Roots: 0.09ms
[45.399s][info][gc,phases   ] GC(53)   Evacuate Collection Set: 16.25ms
[45.399s][info][gc,phases   ] GC(53)   Post Evacuate Collection Set: 0.45ms
[45.399s][info][gc,phases   ] GC(53)   Other: 0.09ms
[45.399s][info][gc,heap     ] GC(53) Eden regions: 130->0(124)
[45.399s][info][gc,heap     ] GC(53) Survivor regions: 5->16(17)
[45.399s][info][gc,heap     ] GC(53) Old regions: 66->66
[45.399s][info][gc,heap     ] GC(53) Humongous regions: 4->2
[45.399s][info][gc,metaspace] GC(53) Metaspace: 34273K(34688K)->34273K(34688K) NonClass: 30685K(30912K)->30685K(30912K) Class: 3588K(3776K)->3588K(3776K)
[45.399s][info][gc          ] GC(53) Pause Young (Prepare Mixed) (G1 Evacuation Pause) 204M->82M(256M) 17.257ms
[45.399s][info][gc,cpu      ] GC(53) User=0.03s Sys=0.00s Real=0.01s
[46.156s][info][gc,start    ] GC(54) Pause Young (Mixed) (G1 Evacuation Pause)
[46.156s][info][gc,task     ] GC(54) Using 2 workers of 2 for evacuation
[46.169s][info][gc,phases   ] GC(54)   Pre Evacuate Collection Set: 0.43ms
[46.169s][info][gc,phases   ] GC(54)   Merge Heap Roots: 0.12ms
[46.169s][info][gc,phases   ] GC(54)   Evacuate Collection Set: 12.08ms
[46.169s][info][gc,phases   ] GC(54)   Post Evacuate Collection Set: 0.38ms
[46.169s][info][gc,phases   ] GC(54)   Other: 0.09ms
[46.169s][info][gc,heap     ] GC(54) Eden regions: 124->0(139)
[46.169s][info][gc,heap     ] GC(54) Survivor regions: 16->3(18)
[46.169s][info][gc,heap     ] GC(54) Old regions: 66->68
[46.169s][info][gc,heap     ] GC(54) Humongous regions: 12->2
[46.169s][info][gc,metaspace] GC(54) Metaspace: 34286K(34688K)->34286K(34688K) NonClass: 30698K(30912K)->30698K(30912K) Class: 3588K(3776K)->3588K(3776K)
[46.169s][info][gc          ] GC(54) Pause Young (Mixed) (G1 Evacuation Pause) 216M->71M(256M) 13.316ms
[46.169s][info][gc,cpu      ] GC(54) User=0.02s Sys=0.00s Real=0.01s
[46.446s][info][gc,start    ] GC(55) Pause Young (Concurrent Start) (G1 Humongous Allocation)
[46.446s][info][gc,task     ] GC(55) Using 2 workers of 2 for evacuation
[46.448s][info][gc,phases   ] GC(55)   Pre Evacuate Collection Set: 0.17ms
[46.448s][info][gc,phases   ] GC(55)   Merge Heap Roots: 0.05ms
[46.448s][info][gc,phases   ] GC(55)   Evacuate Collection Set: 2.06ms
[46.448s][info][gc,phases   ] GC(55)   Post Evacuate Collection Set: 0.31ms
[46.448s][info][gc,phases   ] GC(55)   Other: 0.13ms
[46.448s][info][gc,heap     ] GC(55) Eden regions: 39->0(149)
[46.449s][info][gc,heap     ] GC(55) Survivor regions: 3->2(18)
[46.449s][info][gc,heap     ] GC(55) Old regions: 68->68
[46.449s][info][gc,heap     ] GC(55) Humongous regions: 2->0
[46.449s][info][gc,metaspace] GC(55) Metaspace: 34287K(34688K)->34287K(34688K) NonClass: 30699K(30912K)->30699K(30912K) Class: 3588K(3776K)->3588K(3776K)
[46.449s][info][gc          ] GC(55) Pause Young (Concurrent Start) (G1 Humongous Allocation) 110M->68M(256M) 2.907ms
[46.449s][info][gc          ] GC(56) Concurrent Mark Cycle
[46.449s][info][gc,marking  ] GC(56) Concurrent Scan Root Regions
[46.449s][info][gc,cpu      ] GC(55) User=0.01s Sys=0.00s Real=0.00s
[46.451s][info][gc,marking  ] GC(56) Concurrent Scan Root Regions 1.969ms
[46.451s][info][gc,marking  ] GC(56) Concurrent Mark
[46.451s][info][gc,marking  ] GC(56) Concurrent Mark From Roots
[46.451s][info][gc,task     ] GC(56) Using 1 workers of 1 for marking
[46.557s][info][gc,marking  ] GC(56) Concurrent Mark From Roots 106.589ms
[46.557s][info][gc,marking  ] GC(56) Concurrent Preclean
[46.557s][info][gc,marking  ] GC(56) Concurrent Preclean 0.037ms
[46.557s][info][gc,start    ] GC(56) Pause Remark
[46.572s][info][gc          ] GC(56) Pause Remark 87M->86M(256M) 14.428ms
[46.572s][info][gc,cpu      ] GC(56) User=0.03s Sys=0.00s Real=0.02s
[46.572s][info][gc,marking  ] GC(56) Concurrent Mark 121.331ms
[46.572s][info][gc,marking  ] GC(56) Concurrent Rebuild Remembered Sets and Scrub Regions
[46.619s][info][gc,marking  ] GC(56) Concurrent Rebuild Remembered Sets and Scrub Regions 46.728ms
[46.620s][info][gc,start    ] GC(56) Pause Cleanup
[46.620s][info][gc          ] GC(56) Pause Cleanup 99M->99M(256M) 0.071ms
[46.620s][info][gc,cpu      ] GC(56) User=0.00s Sys=0.00s Real=0.00s
[46.620s][info][gc,marking  ] GC(56) Concurrent Clear Claimed Marks
[46.620s][info][gc,marking  ] GC(56) Concurrent Clear Claimed Marks 0.052ms
[46.620s][info][gc,marking  ] GC(56) Concurrent Cleanup for Next Mark
[46.621s][info][gc,marking  ] GC(56) Concurrent Cleanup for Next Mark 0.769ms
[46.621s][info][gc          ] GC(56) Concurrent Mark Cycle 172.263ms
[47.656s][info][gc,start    ] GC(57) Pause Young (Prepare Mixed) (G1 Evacuation Pause)
[47.656s][info][gc,task     ] GC(57) Using 2 workers of 2 for evacuation
[47.669s][info][gc,phases   ] GC(57)   Pre Evacuate Collection Set: 0.25ms
[47.669s][info][gc,phases   ] GC(57)   Merge Heap Roots: 0.11ms
[47.669s][info][gc,phases   ] GC(57)   Evacuate Collection Set: 12.08ms
[47.669s][info][gc,phases   ] GC(57)   Post Evacuate Collection Set: 0.41ms
[47.669s][info][gc,phases   ] GC(57)   Other: 0.08ms
[47.669s][info][gc,heap     ] GC(57) Eden regions: 149->0(144)
[47.669s][info][gc,heap     ] GC(57) Survivor regions: 2->9(19)
[47.669s][info][gc,heap     ] GC(57) Old regions: 67->67
[47.669s][info][gc,heap     ] GC(57) Humongous regions: 4->2
[47.669s][info][gc,metaspace] GC(57) Metaspace: 34295K(34688K)->34295K(34688K) NonClass: 30707K(30912K)->30707K(30912K) Class: 3588K(3776K)->3588K(3776K)
[47.669s][info][gc          ] GC(57) Pause Young (Prepare Mixed) (G1 Evacuation Pause) 220M->76M(256M) 13.149ms
[47.669s][info][gc,cpu      ] GC(57) User=0.03s Sys=0.00s Real=0.01s
[48.612s][info][gc,start    ] GC(58) Pause Young (Mixed) (G1 Evacuation Pause)
[48.612s][info][gc,task     ] GC(58) Using 2 workers of 2 for evacuation
[48.627s][info][gc,phases   ] GC(58)   Pre Evacuate Collection Set: 0.17ms
[48.627s][info][gc,phases   ] GC(58)   Merge Heap Roots: 0.18ms
[48.627s][info][gc,phases   ] GC(58)   Evacuate Collection Set: 14.37ms
[48.627s][info][gc,phases   ] GC(58)   Post Evacuate Collection Set: 0.44ms
[48.627s][info][gc,phases   ] GC(58)   Other: 0.08ms
[48.627s][info][gc,heap     ] GC(58) Eden regions: 144->0(147)
[48.627s][info][gc,heap     ] GC(58) Survivor regions: 9->6(20)
[48.627s][info][gc,heap     ] GC(58) Old regions: 67->46
[48.627s][info][gc,heap     ] GC(58) Humongous regions: 10->2
[48.627s][info][gc,metaspace] GC(58) Metaspace: 34339K(34752K)->34339K(34752K) NonClass: 30750K(30976K)->30750K(30976K) Class: 3588K(3776K)->3588K(3776K)
[48.627s][info][gc          ] GC(58) Pause Young (Mixed) (G1 Evacuation Pause) 228M->53M(256M) 15.454ms
[48.627s][info][gc,cpu      ] GC(58) User=0.04s Sys=0.00s Real=0.01s
[49.213s][info][gc,start    ] GC(59) Pause Young (Concurrent Start) (G1 Humongous Allocation)
[49.213s][info][gc,task     ] GC(59) Using 2 workers of 2 for evacuation
[49.220s][info][gc,phases   ] GC(59)   Pre Evacuate Collection Set: 0.16ms
[49.220s][info][gc,phases   ] GC(59)   Merge Heap Roots: 0.05ms
[49.220s][info][gc,phases   ] GC(59)   Evacuate Collection Set: 5.38ms
[49.220s][info][gc,phases   ] GC(59)   Post Evacuate Collection Set: 0.43ms
[49.220s][info][gc,phases   ] GC(59)   Other: 0.13ms
[49.220s][info][gc,heap     ] GC(59) Eden regions: 91->0(149)
[49.220s][info][gc,heap     ] GC(59) Survivor regions: 6->4(20)
[49.220s][info][gc,heap     ] GC(59) Old regions: 46->46
[49.220s][info][gc,heap     ] GC(59) Humongous regions: 2->0
[49.220s][info][gc,metaspace] GC(59) Metaspace: 34352K(34752K)->34352K(34752K) NonClass: 30764K(30976K)->30764K(30976K) Class: 3588K(3776K)->3588K(3776K)
[49.220s][info][gc          ] GC(59) Pause Young (Concurrent Start) (G1 Humongous Allocation) 144M->48M(256M) 6.328ms
[49.220s][info][gc,cpu      ] GC(59) User=0.01s Sys=0.00s Real=0.00s
[49.221s][info][gc          ] GC(60) Concurrent Mark Cycle
[49.221s][info][gc,marking  ] GC(60) Concurrent Scan Root Regions
[49.233s][info][gc,marking  ] GC(60) Concurrent Scan Root Regions 11.227ms
[49.233s][info][gc,marking  ] GC(60) Concurrent Mark
[49.233s][info][gc,marking  ] GC(60) Concurrent Mark From Roots
[49.233s][info][gc,task     ] GC(60) Using 1 workers of 1 for marking
[49.334s][info][gc,marking  ] GC(60) Concurrent Mark From Roots 101.530ms
[49.334s][info][gc,marking  ] GC(60) Concurrent Preclean
[49.334s][info][gc,marking  ] GC(60) Concurrent Preclean 0.034ms
[49.334s][info][gc,start    ] GC(60) Pause Remark
[49.347s][info][gc          ] GC(60) Pause Remark 74M->74M(256M) 12.188ms
[49.347s][info][gc,cpu      ] GC(60) User=0.02s Sys=0.00s Real=0.01s
[49.348s][info][gc,marking  ] GC(60) Concurrent Mark 115.493ms
[49.348s][info][gc,marking  ] GC(60) Concurrent Rebuild Remembered Sets and Scrub Regions
[49.394s][info][gc,marking  ] GC(60) Concurrent Rebuild Remembered Sets and Scrub Regions 45.918ms
[49.394s][info][gc,start    ] GC(60) Pause Cleanup
[49.395s][info][gc          ] GC(60) Pause Cleanup 82M->82M(256M) 0.068ms
[49.395s][info][gc,cpu      ] GC(60) User=0.00s Sys=0.00s Real=0.00s
[49.395s][info][gc,marking  ] GC(60) Concurrent Clear Claimed Marks
[49.395s][info][gc,marking  ] GC(60) Concurrent Clear Claimed Marks 0.047ms
[49.395s][info][gc,marking  ] GC(60) Concurrent Cleanup for Next Mark
[49.395s][info][gc,marking  ] GC(60) Concurrent Cleanup for Next Mark 0.782ms
[49.395s][info][gc          ] GC(60) Concurrent Mark Cycle 174.097ms
[50.351s][info][gc,start    ] GC(61) Pause Young (Prepare Mixed) (G1 Evacuation Pause)
[50.352s][info][gc,task     ] GC(61) Using 2 workers of 2 for evacuation
[50.359s][info][gc,phases   ] GC(61)   Pre Evacuate Collection Set: 0.15ms
[50.359s][info][gc,phases   ] GC(61)   Merge Heap Roots: 0.07ms
[50.359s][info][gc,phases   ] GC(61)   Evacuate Collection Set: 6.87ms
[50.359s][info][gc,phases   ] GC(61)   Post Evacuate Collection Set: 0.39ms
[50.359s][info][gc,phases   ] GC(61)   Other: 0.11ms
[50.359s][info][gc,heap     ] GC(61) Eden regions: 149->0(146)
[50.359s][info][gc,heap     ] GC(61) Survivor regions: 4->7(20)
[50.359s][info][gc,heap     ] GC(61) Old regions: 46->46
[50.359s][info][gc,heap     ] GC(61) Humongous regions: 8->2
[50.359s][info][gc,metaspace] GC(61) Metaspace: 34364K(34752K)->34364K(34752K) NonClass: 30775K(30976K)->30775K(30976K) Class: 3588K(3776K)->3588K(3776K)
[50.359s][info][gc          ] GC(61) Pause Young (Prepare Mixed) (G1 Evacuation Pause) 205M->53M(256M) 7.788ms
[50.359s][info][gc,cpu      ] GC(61) User=0.01s Sys=0.00s Real=0.00s
[50.964s][info][gc,start    ] GC(62) Pause Young (Mixed) (G1 Evacuation Pause)
[50.964s][info][gc,task     ] GC(62) Using 2 workers of 2 for evacuation
[51.010s][info][gc,phases   ] GC(62)   Pre Evacuate Collection Set: 0.15ms
[51.010s][info][gc,phases   ] GC(62)   Merge Heap Roots: 0.18ms
[51.010s][info][gc,phases   ] GC(62)   Evacuate Collection Set: 44.58ms
[51.010s][info][gc,phases   ] GC(62)   Post Evacuate Collection Set: 0.61ms
[51.010s][info][gc,phases   ] GC(62)   Other: 0.07ms
[51.010s][info][gc,heap     ] GC(62) Eden regions: 146->0(128)
[51.010s][info][gc,heap     ] GC(62) Survivor regions: 7->20(20)
[51.010s][info][gc,heap     ] GC(62) Old regions: 46->63
[51.010s][info][gc,heap     ] GC(62) Humongous regions: 2->2
[51.010s][info][gc,metaspace] GC(62) Metaspace: 34365K(34752K)->34365K(34752K) NonClass: 30776K(30976K)->30776K(30976K) Class: 3588K(3776K)->3588K(3776K)
[51.010s][info][gc          ] GC(62) Pause Young (Mixed) (G1 Evacuation Pause) 199M->84M(256M) 45.800ms
[51.010s][info][gc,cpu      ] GC(62) User=0.09s Sys=0.00s Real=0.04s
[51.978s][info][gc,start    ] GC(63) Pause Young (Concurrent Start) (G1 Evacuation Pause)
[51.978s][info][gc,task     ] GC(63) Using 2 workers of 2 for evacuation
[52.037s][info][gc,phases   ] GC(63)   Pre Evacuate Collection Set: 0.15ms
[52.037s][info][gc,phases   ] GC(63)   Merge Heap Roots: 0.33ms
[52.037s][info][gc,phases   ] GC(63)   Evacuate Collection Set: 58.12ms
[52.037s][info][gc,phases   ] GC(63)   Post Evacuate Collection Set: 0.43ms
[52.037s][info][gc,phases   ] GC(63)   Other: 0.12ms
[52.037s][info][gc,heap     ] GC(63) Eden regions: 128->0(104)
[52.037s][info][gc,heap     ] GC(63) Survivor regions: 20->19(19)
[52.037s][info][gc,heap     ] GC(63) Old regions: 63->89
[52.037s][info][gc,heap     ] GC(63) Humongous regions: 2->2
[52.037s][info][gc,metaspace] GC(63) Metaspace: 34368K(34752K)->34368K(34752K) NonClass: 30780K(30976K)->30780K(30976K) Class: 3588K(3776K)->3588K(3776K)
[52.037s][info][gc          ] GC(63) Pause Young (Concurrent Start) (G1 Evacuation Pause) 212M->109M(258M) 59.324ms
[52.037s][info][gc          ] GC(64) Concurrent Mark Cycle
[52.037s][info][gc,marking  ] GC(64) Concurrent Scan Root Regions
[52.039s][info][gc,cpu      ] GC(63) User=0.12s Sys=0.00s Real=0.06s
[52.083s][info][gc,marking  ] GC(64) Concurrent Scan Root Regions 45.787ms
[52.083s][info][gc,marking  ] GC(64) Concurrent Mark
[52.083s][info][gc,marking  ] GC(64) Concurrent Mark From Roots
[52.083s][info][gc,task     ] GC(64) Using 1 workers of 1 for marking
[52.223s][info][gc,marking  ] GC(64) Concurrent Mark From Roots 139.643ms
[52.223s][info][gc,marking  ] GC(64) Concurrent Preclean
[52.223s][info][gc,marking  ] GC(64) Concurrent Preclean 0.040ms
[52.223s][info][gc,start    ] GC(64) Pause Remark
[52.235s][info][gc          ] GC(64) Pause Remark 124M->124M(258M) 11.296ms
[52.235s][info][gc,cpu      ] GC(64) User=0.02s Sys=0.00s Real=0.01s
[52.239s][info][gc,marking  ] GC(64) Concurrent Mark 156.318ms
[52.239s][info][gc,marking  ] GC(64) Concurrent Rebuild Remembered Sets and Scrub Regions
[52.352s][info][gc,marking  ] GC(64) Concurrent Rebuild Remembered Sets and Scrub Regions 113.000ms
[52.353s][info][gc,start    ] GC(64) Pause Cleanup
[52.353s][info][gc          ] GC(64) Pause Cleanup 131M->131M(258M) 0.052ms
[52.353s][info][gc,cpu      ] GC(64) User=0.00s Sys=0.00s Real=0.00s
[52.354s][info][gc,marking  ] GC(64) Concurrent Clear Claimed Marks
[52.354s][info][gc,marking  ] GC(64) Concurrent Clear Claimed Marks 0.071ms
[52.355s][info][gc,marking  ] GC(64) Concurrent Cleanup for Next Mark
[52.355s][info][gc,marking  ] GC(64) Concurrent Cleanup for Next Mark 0.803ms
[52.355s][info][gc          ] GC(64) Concurrent Mark Cycle 318.112ms
[53.045s][info][gc,start    ] GC(65) Pause Young (Prepare Mixed) (G1 Evacuation Pause)
[53.045s][info][gc,task     ] GC(65) Using 2 workers of 2 for evacuation
[53.130s][info][gc,phases   ] GC(65)   Pre Evacuate Collection Set: 0.17ms
[53.130s][info][gc,phases   ] GC(65)   Merge Heap Roots: 0.37ms
[53.130s][info][gc,phases   ] GC(65)   Evacuate Collection Set: 84.13ms
[53.130s][info][gc,phases   ] GC(65)   Post Evacuate Collection Set: 0.40ms
[53.130s][info][gc,phases   ] GC(65)   Other: 0.08ms
[53.130s][info][gc,heap     ] GC(65) Eden regions: 104->0(80)
[53.130s][info][gc,heap     ] GC(65) Survivor regions: 19->16(16)
[53.130s][info][gc,heap     ] GC(65) Old regions: 89->119
[53.130s][info][gc,heap     ] GC(65) Humongous regions: 2->2
[53.130s][info][gc,metaspace] GC(65) Metaspace: 34368K(34752K)->34368K(34752K) NonClass: 30780K(30976K)->30780K(30976K) Class: 3588K(3776K)->3588K(3776K)
[53.130s][info][gc          ] GC(65) Pause Young (Prepare Mixed) (G1 Evacuation Pause) 213M->137M(260M) 85.386ms
[53.130s][info][gc,cpu      ] GC(65) User=0.16s Sys=0.00s Real=0.08s
[53.686s][info][gc,start    ] GC(66) Pause Young (Mixed) (G1 Evacuation Pause)
[53.686s][info][gc,task     ] GC(66) Using 2 workers of 2 for evacuation
[53.734s][info][gc,phases   ] GC(66)   Pre Evacuate Collection Set: 0.32ms
[53.734s][info][gc,phases   ] GC(66)   Merge Heap Roots: 0.24ms
[53.734s][info][gc,phases   ] GC(66)   Evacuate Collection Set: 47.30ms
[53.734s][info][gc,phases   ] GC(66)   Post Evacuate Collection Set: 0.40ms
[53.734s][info][gc,phases   ] GC(66)   Other: 0.07ms
[53.734s][info][gc,heap     ] GC(66) Eden regions: 80->0(65)
[53.734s][info][gc,heap     ] GC(66) Survivor regions: 16->12(12)
[53.734s][info][gc,heap     ] GC(66) Old regions: 119->141
[53.734s][info][gc,heap     ] GC(66) Humongous regions: 4->2
[53.734s][info][gc,metaspace] GC(66) Metaspace: 34375K(34752K)->34375K(34752K) NonClass: 30787K(30976K)->30787K(30976K) Class: 3588K(3776K)->3588K(3776K)
[53.734s][info][gc          ] GC(66) Pause Young (Mixed) (G1 Evacuation Pause) 219M->155M(260M) 48.516ms
[53.734s][info][gc,cpu      ] GC(66) User=0.09s Sys=0.00s Real=0.05s
[54.244s][info][gc,start    ] GC(67) Pause Young (Concurrent Start) (G1 Evacuation Pause)
[54.244s][info][gc,task     ] GC(67) Using 2 workers of 2 for evacuation
[54.274s][info][gc,phases   ] GC(67)   Pre Evacuate Collection Set: 0.16ms
[54.274s][info][gc,phases   ] GC(67)   Merge Heap Roots: 0.24ms
[54.274s][info][gc,phases   ] GC(67)   Evacuate Collection Set: 28.72ms
[54.274s][info][gc,phases   ] GC(67)   Post Evacuate Collection Set: 0.41ms
[54.274s][info][gc,phases   ] GC(67)   Other: 0.11ms
[54.274s][info][gc,heap     ] GC(67) Eden regions: 65->0(63)
[54.274s][info][gc,heap     ] GC(67) Survivor regions: 12->9(10)
[54.274s][info][gc,heap     ] GC(67) Old regions: 141->151
[54.274s][info][gc,heap     ] GC(67) Humongous regions: 2->2
[54.274s][info][gc,metaspace] GC(67) Metaspace: 34375K(34752K)->34375K(34752K) NonClass: 30787K(30976K)->30787K(30976K) Class: 3588K(3776K)->3588K(3776K)
[54.274s][info][gc          ] GC(67) Pause Young (Concurrent Start) (G1 Evacuation Pause) 220M->161M(260M) 29.804ms
[54.274s][info][gc,cpu      ] GC(67) User=0.05s Sys=0.00s Real=0.03s
[54.274s][info][gc          ] GC(68) Concurrent Mark Cycle
[54.274s][info][gc,marking  ] GC(68) Concurrent Scan Root Regions
[54.297s][info][gc,marking  ] GC(68) Concurrent Scan Root Regions 23.414ms
[54.297s][info][gc,marking  ] GC(68) Concurrent Mark
[54.297s][info][gc,marking  ] GC(68) Concurrent Mark From Roots
[54.297s][info][gc,task     ] GC(68) Using 1 workers of 1 for marking
[54.425s][info][gc,marking  ] GC(68) Concurrent Mark From Roots 128.054ms
[54.425s][info][gc,marking  ] GC(68) Concurrent Preclean
[54.425s][info][gc,marking  ] GC(68) Concurrent Preclean 0.038ms
[54.426s][info][gc,start    ] GC(68) Pause Remark
[54.441s][info][gc          ] GC(68) Pause Remark 171M->171M(270M) 15.206ms
[54.441s][info][gc,cpu      ] GC(68) User=0.03s Sys=0.00s Real=0.02s
[54.443s][info][gc,marking  ] GC(68) Concurrent Mark 146.135ms
[54.443s][info][gc,marking  ] GC(68) Concurrent Rebuild Remembered Sets and Scrub Regions
[54.571s][info][gc,marking  ] GC(68) Concurrent Rebuild Remembered Sets and Scrub Regions 127.938ms
[54.572s][info][gc,start    ] GC(68) Pause Cleanup
[54.572s][info][gc          ] GC(68) Pause Cleanup 184M->184M(270M) 0.101ms
[54.572s][info][gc,cpu      ] GC(68) User=0.00s Sys=0.00s Real=0.00s
[54.579s][info][gc,marking  ] GC(68) Concurrent Clear Claimed Marks
[54.579s][info][gc,marking  ] GC(68) Concurrent Clear Claimed Marks 0.078ms
[54.579s][info][gc,marking  ] GC(68) Concurrent Cleanup for Next Mark
[54.584s][info][gc,marking  ] GC(68) Concurrent Cleanup for Next Mark 5.806ms
[54.584s][info][gc          ] GC(68) Concurrent Mark Cycle 310.636ms
[54.780s][info][gc,start    ] GC(69) Pause Young (Prepare Mixed) (G1 Evacuation Pause)
[54.780s][info][gc,task     ] GC(69) Using 2 workers of 2 for evacuation
[54.802s][info][gc,phases   ] GC(69)   Pre Evacuate Collection Set: 0.19ms
[54.802s][info][gc,phases   ] GC(69)   Merge Heap Roots: 0.09ms
[54.802s][info][gc,phases   ] GC(69)   Evacuate Collection Set: 21.18ms
[54.802s][info][gc,phases   ] GC(69)   Post Evacuate Collection Set: 0.36ms
[54.802s][info][gc,phases   ] GC(69)   Other: 0.09ms
[54.802s][info][gc,heap     ] GC(69) Eden regions: 63->0(66)
[54.802s][info][gc,heap     ] GC(69) Survivor regions: 9->9(9)
[54.802s][info][gc,heap     ] GC(69) Old regions: 151->159
[54.802s][info][gc,heap     ] GC(69) Humongous regions: 6->2
[54.802s][info][gc,metaspace] GC(69) Metaspace: 34383K(34752K)->34383K(34752K) NonClass: 30794K(30976K)->30794K(30976K) Class: 3588K(3776K)->3588K(3776K)
[54.802s][info][gc          ] GC(69) Pause Young (Prepare Mixed) (G1 Evacuation Pause) 228M->170M(270M) 22.101ms
[54.802s][info][gc,cpu      ] GC(69) User=0.04s Sys=0.00s Real=0.03s
[55.413s][info][gc,start    ] GC(70) Pause Young (Mixed) (G1 Evacuation Pause)
[55.413s][info][gc,task     ] GC(70) Using 2 workers of 2 for evacuation
[55.422s][info][gc,phases   ] GC(70)   Pre Evacuate Collection Set: 0.15ms
[55.422s][info][gc,phases   ] GC(70)   Merge Heap Roots: 0.16ms
[55.422s][info][gc,phases   ] GC(70)   Evacuate Collection Set: 7.84ms
[55.422s][info][gc,phases   ] GC(70)   Post Evacuate Collection Set: 0.98ms
[55.422s][info][gc,phases   ] GC(70)   Other: 0.09ms
[55.422s][info][gc,heap     ] GC(70) Eden regions: 66->0(149)
[55.422s][info][gc,heap     ] GC(70) Survivor regions: 9->2(10)
[55.422s][info][gc,heap     ] GC(70) Old regions: 159->137
[55.422s][info][gc,heap     ] GC(70) Humongous regions: 8->2
[55.422s][info][gc,metaspace] GC(70) Metaspace: 34384K(34752K)->34384K(34752K) NonClass: 30796K(30976K)->30796K(30976K) Class: 3588K(3776K)->3588K(3776K)
[55.422s][info][gc          ] GC(70) Pause Young (Mixed) (G1 Evacuation Pause) 242M->140M(355M) 9.409ms
[55.422s][info][gc,cpu      ] GC(70) User=0.02s Sys=0.00s Real=0.01s
[56.485s][info][gc,start    ] GC(71) Pause Young (Mixed) (G1 Evacuation Pause)
[56.485s][info][gc,task     ] GC(71) Using 2 workers of 2 for evacuation
[56.526s][info][gc,phases   ] GC(71)   Pre Evacuate Collection Set: 0.21ms
[56.526s][info][gc,phases   ] GC(71)   Merge Heap Roots: 0.42ms
[56.526s][info][gc,phases   ] GC(71)   Evacuate Collection Set: 39.53ms
[56.526s][info][gc,phases   ] GC(71)   Post Evacuate Collection Set: 0.57ms
[56.526s][info][gc,phases   ] GC(71)   Other: 0.08ms
[56.526s][info][gc,heap     ] GC(71) Eden regions: 149->0(133)
[56.526s][info][gc,heap     ] GC(71) Survivor regions: 2->19(19)
[56.526s][info][gc,heap     ] GC(71) Old regions: 137->125
[56.526s][info][gc,heap     ] GC(71) Humongous regions: 5->3
[56.526s][info][gc,metaspace] GC(71) Metaspace: 35091K(35584K)->35091K(35584K) NonClass: 31419K(31680K)->31419K(31680K) Class: 3672K(3904K)->3672K(3904K)
[56.526s][info][gc          ] GC(71) Pause Young (Mixed) (G1 Evacuation Pause) 292M->146M(355M) 41.033ms
[56.526s][info][gc,cpu      ] GC(71) User=0.08s Sys=0.00s Real=0.04s
[57.182s][info][gc,start    ] GC(72) Pause Young (Mixed) (G1 Evacuation Pause)
[57.182s][info][gc,task     ] GC(72) Using 2 workers of 2 for evacuation
[57.240s][info][gc,phases   ] GC(72)   Pre Evacuate Collection Set: 0.20ms
[57.240s][info][gc,phases   ] GC(72)   Merge Heap Roots: 1.10ms
[57.240s][info][gc,phases   ] GC(72)   Evacuate Collection Set: 55.88ms
[57.240s][info][gc,phases   ] GC(72)   Post Evacuate Collection Set: 0.51ms
[57.240s][info][gc,phases   ] GC(72)   Other: 0.08ms
[57.240s][info][gc,heap     ] GC(72) Eden regions: 133->0(117)
[57.240s][info][gc,heap     ] GC(72) Survivor regions: 19->19(19)
[57.240s][info][gc,heap     ] GC(72) Old regions: 125->143
[57.240s][info][gc,heap     ] GC(72) Humongous regions: 4->3
[57.240s][info][gc,metaspace] GC(72) Metaspace: 35338K(35840K)->35338K(35840K) NonClass: 31664K(31936K)->31664K(31936K) Class: 3674K(3904K)->3674K(3904K)
[57.240s][info][gc          ] GC(72) Pause Young (Mixed) (G1 Evacuation Pause) 280M->165M(355M) 58.059ms
[57.240s][info][gc,cpu      ] GC(72) User=0.11s Sys=0.00s Real=0.05s
[57.728s][info][gc,start    ] GC(73) Pause Young (Normal) (G1 Evacuation Pause)
[57.728s][info][gc,task     ] GC(73) Using 2 workers of 2 for evacuation
[57.765s][info][gc,phases   ] GC(73)   Pre Evacuate Collection Set: 0.21ms
[57.765s][info][gc,phases   ] GC(73)   Merge Heap Roots: 0.23ms
[57.765s][info][gc,phases   ] GC(73)   Evacuate Collection Set: 36.10ms
[57.765s][info][gc,phases   ] GC(73)   Post Evacuate Collection Set: 0.39ms
[57.765s][info][gc,phases   ] GC(73)   Other: 0.07ms
[57.765s][info][gc,heap     ] GC(73) Eden regions: 117->0(99)
[57.765s][info][gc,heap     ] GC(73) Survivor regions: 19->17(17)
[57.765s][info][gc,heap     ] GC(73) Old regions: 143->171
[57.765s][info][gc,heap     ] GC(73) Humongous regions: 3->3
[57.765s][info][gc,metaspace] GC(73) Metaspace: 35354K(35840K)->35354K(35840K) NonClass: 31680K(31936K)->31680K(31936K) Class: 3674K(3904K)->3674K(3904K)
[57.765s][info][gc          ] GC(73) Pause Young (Normal) (G1 Evacuation Pause) 282M->191M(355M) 37.239ms
[57.765s][info][gc,cpu      ] GC(73) User=0.07s Sys=0.00s Real=0.04s
[57.838s][info][gc,start    ] GC(74) Pause Young (Concurrent Start) (G1 Humongous Allocation)
[57.838s][info][gc,task     ] GC(74) Using 2 workers of 2 for evacuation
[57.857s][info][gc,phases   ] GC(74)   Pre Evacuate Collection Set: 0.18ms
[57.857s][info][gc,phases   ] GC(74)   Merge Heap Roots: 0.07ms
[57.857s][info][gc,phases   ] GC(74)   Evacuate Collection Set: 17.90ms
[57.857s][info][gc,phases   ] GC(74)   Post Evacuate Collection Set: 0.38ms
[57.857s][info][gc,phases   ] GC(74)   Other: 0.12ms
[57.857s][info][gc,heap     ] GC(74) Eden regions: 17->0(73)
[57.857s][info][gc,heap     ] GC(74) Survivor regions: 17->9(15)
[57.857s][info][gc,heap     ] GC(74) Old regions: 171->186
[57.857s][info][gc,heap     ] GC(74) Humongous regions: 3->3
[57.857s][info][gc,metaspace] GC(74) Metaspace: 35355K(35840K)->35355K(35840K) NonClass: 31681K(31936K)->31681K(31936K) Class: 3674K(3904K)->3674K(3904K)
[57.857s][info][gc          ] GC(74) Pause Young (Concurrent Start) (G1 Humongous Allocation) 207M->197M(355M) 18.874ms
[57.857s][info][gc,cpu      ] GC(74) User=0.04s Sys=0.00s Real=0.02s
[57.859s][info][gc          ] GC(75) Concurrent Mark Cycle
[57.859s][info][gc,marking  ] GC(75) Concurrent Scan Root Regions
[57.876s][info][gc,marking  ] GC(75) Concurrent Scan Root Regions 16.191ms
[57.876s][info][gc,marking  ] GC(75) Concurrent Mark
[57.876s][info][gc,marking  ] GC(75) Concurrent Mark From Roots
[57.876s][info][gc,task     ] GC(75) Using 1 workers of 1 for marking
[58.051s][info][gc,marking  ] GC(75) Concurrent Mark From Roots 175.455ms
[58.051s][info][gc,marking  ] GC(75) Concurrent Preclean
[58.051s][info][gc,marking  ] GC(75) Concurrent Preclean 0.055ms
[58.051s][info][gc,start    ] GC(75) Pause Remark
[58.068s][info][gc          ] GC(75) Pause Remark 222M->195M(355M) 16.850ms
[58.068s][info][gc,cpu      ] GC(75) User=0.03s Sys=0.00s Real=0.01s
[58.069s][info][gc,marking  ] GC(75) Concurrent Mark 193.332ms
[58.069s][info][gc,marking  ] GC(75) Concurrent Rebuild Remembered Sets and Scrub Regions
[58.129s][info][gc,marking  ] GC(75) Concurrent Rebuild Remembered Sets and Scrub Regions 60.299ms
[58.130s][info][gc,start    ] GC(75) Pause Cleanup
[58.130s][info][gc          ] GC(75) Pause Cleanup 202M->202M(355M) 0.083ms
[58.130s][info][gc,cpu      ] GC(75) User=0.00s Sys=0.00s Real=0.00s
[58.130s][info][gc,marking  ] GC(75) Concurrent Clear Claimed Marks
[58.130s][info][gc,marking  ] GC(75) Concurrent Clear Claimed Marks 0.038ms
[58.130s][info][gc,marking  ] GC(75) Concurrent Cleanup for Next Mark
[58.135s][info][gc,marking  ] GC(75) Concurrent Cleanup for Next Mark 5.566ms
[58.135s][info][gc          ] GC(75) Concurrent Mark Cycle 275.966ms
[58.316s][info][gc,start    ] GC(76) Pause Young (Prepare Mixed) (G1 Evacuation Pause)
[58.317s][info][gc,task     ] GC(76) Using 2 workers of 2 for evacuation
[58.336s][info][gc,phases   ] GC(76)   Pre Evacuate Collection Set: 0.17ms
[58.337s][info][gc,phases   ] GC(76)   Merge Heap Roots: 0.19ms
[58.337s][info][gc,phases   ] GC(76)   Evacuate Collection Set: 19.10ms
[58.337s][info][gc,phases   ] GC(76)   Post Evacuate Collection Set: 0.36ms
[58.337s][info][gc,phases   ] GC(76)   Other: 0.11ms
[58.337s][info][gc,heap     ] GC(76) Eden regions: 73->0(82)
[58.337s][info][gc,heap     ] GC(76) Survivor regions: 9->11(11)
[58.337s][info][gc,heap     ] GC(76) Old regions: 160->173
[58.337s][info][gc,heap     ] GC(76) Humongous regions: 4->4
[58.337s][info][gc,metaspace] GC(76) Metaspace: 35416K(35904K)->35416K(35904K) NonClass: 31742K(32000K)->31742K(32000K) Class: 3674K(3904K)->3674K(3904K)
[58.337s][info][gc          ] GC(76) Pause Young (Prepare Mixed) (G1 Evacuation Pause) 245M->188M(355M) 20.136ms
[58.337s][info][gc,cpu      ] GC(76) User=0.04s Sys=0.00s Real=0.02s
[58.654s][info][gc,start    ] GC(77) Pause Young (Mixed) (G1 Evacuation Pause)
[58.654s][info][gc,task     ] GC(77) Using 2 workers of 2 for evacuation
[58.691s][info][gc,phases   ] GC(77)   Pre Evacuate Collection Set: 0.20ms
[58.691s][info][gc,phases   ] GC(77)   Merge Heap Roots: 0.16ms
[58.691s][info][gc,phases   ] GC(77)   Evacuate Collection Set: 36.07ms
[58.691s][info][gc,phases   ] GC(77)   Post Evacuate Collection Set: 0.47ms
[58.691s][info][gc,phases   ] GC(77)   Other: 0.10ms
[58.691s][info][gc,heap     ] GC(77) Eden regions: 82->0(69)
[58.691s][info][gc,heap     ] GC(77) Survivor regions: 11->12(12)
[58.691s][info][gc,heap     ] GC(77) Old regions: 173->182
[58.691s][info][gc,heap     ] GC(77) Humongous regions: 4->4
[58.691s][info][gc,metaspace] GC(77) Metaspace: 35417K(35904K)->35417K(35904K) NonClass: 31743K(32000K)->31743K(32000K) Class: 3674K(3904K)->3674K(3904K)
[58.691s][info][gc          ] GC(77) Pause Young (Mixed) (G1 Evacuation Pause) 270M->197M(355M) 37.213ms
[58.691s][info][gc,cpu      ] GC(77) User=0.07s Sys=0.00s Real=0.04s
[58.983s][info][gc,start    ] GC(78) Pause Young (Mixed) (G1 Evacuation Pause)
[58.983s][info][gc,task     ] GC(78) Using 2 workers of 2 for evacuation
[59.034s][info][gc,phases   ] GC(78)   Pre Evacuate Collection Set: 0.21ms
[59.034s][info][gc,phases   ] GC(78)   Merge Heap Roots: 0.56ms
[59.034s][info][gc,phases   ] GC(78)   Evacuate Collection Set: 48.91ms
[59.034s][info][gc,phases   ] GC(78)   Post Evacuate Collection Set: 0.94ms
[59.034s][info][gc,phases   ] GC(78)   Other: 0.09ms
[59.034s][info][gc,heap     ] GC(78) Eden regions: 69->0(86)
[59.034s][info][gc,heap     ] GC(78) Survivor regions: 12->11(11)
[59.034s][info][gc,heap     ] GC(78) Old regions: 182->190
[59.034s][info][gc,heap     ] GC(78) Humongous regions: 4->4
[59.034s][info][gc,metaspace] GC(78) Metaspace: 35421K(35904K)->35421K(35904K) NonClass: 31747K(32000K)->31747K(32000K) Class: 3674K(3904K)->3674K(3904K)
[59.034s][info][gc          ] GC(78) Pause Young (Mixed) (G1 Evacuation Pause) 266M->205M(407M) 50.944ms
[59.034s][info][gc,cpu      ] GC(78) User=0.10s Sys=0.00s Real=0.05s
[59.536s][info][gc,start    ] GC(79) Pause Young (Mixed) (G1 Evacuation Pause)
[59.536s][info][gc,task     ] GC(79) Using 2 workers of 2 for evacuation
[59.593s][info][gc,phases   ] GC(79)   Pre Evacuate Collection Set: 0.27ms
[59.593s][info][gc,phases   ] GC(79)   Merge Heap Roots: 0.79ms
[59.593s][info][gc,phases   ] GC(79)   Evacuate Collection Set: 55.24ms
[59.593s][info][gc,phases   ] GC(79)   Post Evacuate Collection Set: 0.47ms
[59.593s][info][gc,phases   ] GC(79)   Other: 0.08ms
[59.593s][info][gc,heap     ] GC(79) Eden regions: 86->0(65)
[59.593s][info][gc,heap     ] GC(79) Survivor regions: 11->13(13)
[59.593s][info][gc,heap     ] GC(79) Old regions: 190->228
[59.593s][info][gc,heap     ] GC(79) Humongous regions: 4->4
[59.593s][info][gc,metaspace] GC(79) Metaspace: 35431K(35904K)->35431K(35904K) NonClass: 31757K(32000K)->31757K(32000K) Class: 3674K(3904K)->3674K(3904K)
[59.593s][info][gc          ] GC(79) Pause Young (Mixed) (G1 Evacuation Pause) 291M->245M(407M) 57.081ms
[59.593s][info][gc,cpu      ] GC(79) User=0.11s Sys=0.00s Real=0.06s
[59.701s][info][gc,start    ] GC(80) Pause Young (Concurrent Start) (G1 Humongous Allocation)
[59.701s][info][gc,task     ] GC(80) Using 2 workers of 2 for evacuation
[59.727s][info][gc,phases   ] GC(80)   Pre Evacuate Collection Set: 0.22ms
[59.727s][info][gc,phases   ] GC(80)   Merge Heap Roots: 0.30ms
[59.727s][info][gc,phases   ] GC(80)   Evacuate Collection Set: 24.65ms
[59.727s][info][gc,phases   ] GC(80)   Post Evacuate Collection Set: 0.31ms
[59.727s][info][gc,phases   ] GC(80)   Other: 0.09ms
[59.727s][info][gc,heap     ] GC(80) Eden regions: 25->0(59)
[59.727s][info][gc,heap     ] GC(80) Survivor regions: 13->10(10)
[59.727s][info][gc,heap     ] GC(80) Old regions: 228->246
[59.727s][info][gc,heap     ] GC(80) Humongous regions: 4->4
[59.727s][info][gc,metaspace] GC(80) Metaspace: 35431K(35904K)->35431K(35904K) NonClass: 31757K(32000K)->31757K(32000K) Class: 3674K(3904K)->3674K(3904K)
[59.727s][info][gc          ] GC(80) Pause Young (Concurrent Start) (G1 Humongous Allocation) 269M->260M(407M) 25.791ms
[59.727s][info][gc,cpu      ] GC(80) User=0.05s Sys=0.00s Real=0.02s
[59.727s][info][gc          ] GC(81) Concurrent Mark Cycle
[59.728s][info][gc,marking  ] GC(81) Concurrent Scan Root Regions
[59.745s][info][gc,marking  ] GC(81) Concurrent Scan Root Regions 16.966ms
[59.745s][info][gc,marking  ] GC(81) Concurrent Mark
[59.745s][info][gc,marking  ] GC(81) Concurrent Mark From Roots
[59.745s][info][gc,task     ] GC(81) Using 1 workers of 1 for marking
[59.988s][info][gc,marking  ] GC(81) Concurrent Mark From Roots 242.405ms
[59.988s][info][gc,marking  ] GC(81) Concurrent Preclean
[59.988s][info][gc,marking  ] GC(81) Concurrent Preclean 0.056ms
[59.988s][info][gc,start    ] GC(81) Pause Remark
[60.003s][info][gc          ] GC(81) Pause Remark 289M->236M(407M) 15.398ms
[60.004s][info][gc,cpu      ] GC(81) User=0.03s Sys=0.00s Real=0.02s
[60.004s][info][gc,marking  ] GC(81) Concurrent Mark 258.174ms
[60.004s][info][gc,marking  ] GC(81) Concurrent Rebuild Remembered Sets and Scrub Regions
[60.103s][info][gc,marking  ] GC(81) Concurrent Rebuild Remembered Sets and Scrub Regions 99.376ms
[60.107s][info][gc,start    ] GC(81) Pause Cleanup
[60.107s][info][gc          ] GC(81) Pause Cleanup 247M->247M(407M) 0.114ms
[60.107s][info][gc,cpu      ] GC(81) User=0.00s Sys=0.00s Real=0.00s
[60.108s][info][gc,marking  ] GC(81) Concurrent Clear Claimed Marks
[60.108s][info][gc,marking  ] GC(81) Concurrent Clear Claimed Marks 0.067ms
[60.108s][info][gc,marking  ] GC(81) Concurrent Cleanup for Next Mark
[60.112s][info][gc,marking  ] GC(81) Concurrent Cleanup for Next Mark 3.658ms
[60.112s][info][gc          ] GC(81) Concurrent Mark Cycle 385.483ms
[60.189s][info][gc,start    ] GC(82) Pause Young (Prepare Mixed) (G1 Evacuation Pause)
[60.189s][info][gc,task     ] GC(82) Using 2 workers of 2 for evacuation
[60.223s][info][gc,phases   ] GC(82)   Pre Evacuate Collection Set: 0.28ms
[60.223s][info][gc,phases   ] GC(82)   Merge Heap Roots: 0.38ms
[60.223s][info][gc,phases   ] GC(82)   Evacuate Collection Set: 32.05ms
[60.223s][info][gc,phases   ] GC(82)   Post Evacuate Collection Set: 0.40ms
[60.223s][info][gc,phases   ] GC(82)   Other: 0.08ms
[60.223s][info][gc,heap     ] GC(82) Eden regions: 59->0(67)
[60.223s][info][gc,heap     ] GC(82) Survivor regions: 10->9(9)
[60.223s][info][gc,heap     ] GC(82) Old regions: 195->231
[60.223s][info][gc,heap     ] GC(82) Humongous regions: 3->3
[60.223s][info][gc,metaspace] GC(82) Metaspace: 35432K(35904K)->35432K(35904K) NonClass: 31758K(32000K)->31758K(32000K) Class: 3674K(3904K)->3674K(3904K)
[60.223s][info][gc          ] GC(82) Pause Young (Prepare Mixed) (G1 Evacuation Pause) 267M->243M(407M) 33.413ms
[60.223s][info][gc,cpu      ] GC(82) User=0.07s Sys=0.00s Real=0.04s
[60.483s][info][gc,start    ] GC(83) Pause Young (Mixed) (G1 Evacuation Pause)
[60.483s][info][gc,task     ] GC(83) Using 2 workers of 2 for evacuation
[60.515s][info][gc,phases   ] GC(83)   Pre Evacuate Collection Set: 0.24ms
[60.515s][info][gc,phases   ] GC(83)   Merge Heap Roots: 0.34ms
[60.515s][info][gc,phases   ] GC(83)   Evacuate Collection Set: 31.00ms
[60.515s][info][gc,phases   ] GC(83)   Post Evacuate Collection Set: 0.43ms
[60.515s][info][gc,phases   ] GC(83)   Other: 0.09ms
[60.515s][info][gc,heap     ] GC(83) Eden regions: 67->0(74)
[60.515s][info][gc,heap     ] GC(83) Survivor regions: 9->10(10)
[60.515s][info][gc,heap     ] GC(83) Old regions: 231->218
[60.515s][info][gc,heap     ] GC(83) Humongous regions: 3->3
[60.515s][info][gc,metaspace] GC(83) Metaspace: 35437K(35904K)->35437K(35904K) NonClass: 31763K(32000K)->31763K(32000K) Class: 3674K(3904K)->3674K(3904K)
[60.515s][info][gc          ] GC(83) Pause Young (Mixed) (G1 Evacuation Pause) 310M->231M(407M) 32.325ms
[60.515s][info][gc,cpu      ] GC(83) User=0.07s Sys=0.00s Real=0.03s
[60.785s][info][gc,start    ] GC(84) Pause Young (Mixed) (G1 Evacuation Pause)
[60.785s][info][gc,task     ] GC(84) Using 2 workers of 2 for evacuation
[60.845s][info][gc,phases   ] GC(84)   Pre Evacuate Collection Set: 0.22ms
[60.845s][info][gc,phases   ] GC(84)   Merge Heap Roots: 0.70ms
[60.845s][info][gc,phases   ] GC(84)   Evacuate Collection Set: 56.88ms
[60.845s][info][gc,phases   ] GC(84)   Post Evacuate Collection Set: 1.51ms
[60.845s][info][gc,phases   ] GC(84)   Other: 0.09ms
[60.845s][info][gc,heap     ] GC(84) Eden regions: 74->0(124)
[60.845s][info][gc,heap     ] GC(84) Survivor regions: 10->11(11)
[60.845s][info][gc,heap     ] GC(84) Old regions: 218->219
[60.845s][info][gc,heap     ] GC(84) Humongous regions: 3->3
[60.845s][info][gc,metaspace] GC(84) Metaspace: 35443K(35904K)->35443K(35904K) NonClass: 31769K(32000K)->31769K(32000K) Class: 3674K(3904K)->3674K(3904K)
[60.845s][info][gc          ] GC(84) Pause Young (Mixed) (G1 Evacuation Pause) 305M->233M(522M) 59.621ms
[60.845s][info][gc,cpu      ] GC(84) User=0.11s Sys=0.00s Real=0.06s
[61.430s][info][gc,start    ] GC(85) Pause Young (Mixed) (G1 Evacuation Pause)
[61.430s][info][gc,task     ] GC(85) Using 2 workers of 2 for evacuation
[61.487s][info][gc,phases   ] GC(85)   Pre Evacuate Collection Set: 0.23ms
[61.487s][info][gc,phases   ] GC(85)   Merge Heap Roots: 0.67ms
[61.487s][info][gc,phases   ] GC(85)   Evacuate Collection Set: 54.75ms
[61.487s][info][gc,phases   ] GC(85)   Post Evacuate Collection Set: 0.53ms
[61.487s][info][gc,phases   ] GC(85)   Other: 0.10ms
[61.487s][info][gc,heap     ] GC(85) Eden regions: 124->0(93)
[61.487s][info][gc,heap     ] GC(85) Survivor regions: 11->17(17)
[61.487s][info][gc,heap     ] GC(85) Old regions: 219->279
[61.487s][info][gc,heap     ] GC(85) Humongous regions: 4->4
[61.487s][info][gc,metaspace] GC(85) Metaspace: 35449K(35904K)->35449K(35904K) NonClass: 31774K(32000K)->31774K(32000K) Class: 3675K(3904K)->3675K(3904K)
[61.487s][info][gc          ] GC(85) Pause Young (Mixed) (G1 Evacuation Pause) 358M->299M(522M) 56.518ms
[61.487s][info][gc,cpu      ] GC(85) User=0.11s Sys=0.00s Real=0.05s
[61.836s][info][gc,start    ] GC(86) Pause Young (Normal) (G1 Evacuation Pause)
[61.836s][info][gc,task     ] GC(86) Using 2 workers of 2 for evacuation
[61.891s][info][gc,phases   ] GC(86)   Pre Evacuate Collection Set: 0.25ms
[61.891s][info][gc,phases   ] GC(86)   Merge Heap Roots: 0.53ms
[61.891s][info][gc,phases   ] GC(86)   Evacuate Collection Set: 53.48ms
[61.891s][info][gc,phases   ] GC(86)   Post Evacuate Collection Set: 0.44ms
[61.891s][info][gc,phases   ] GC(86)   Other: 0.08ms
[61.891s][info][gc,heap     ] GC(86) Eden regions: 93->0(69)
[61.891s][info][gc,heap     ] GC(86) Survivor regions: 17->14(14)
[61.891s][info][gc,heap     ] GC(86) Old regions: 279->336
[61.891s][info][gc,heap     ] GC(86) Humongous regions: 5->5
[61.891s][info][gc,metaspace] GC(86) Metaspace: 35449K(35904K)->35449K(35904K) NonClass: 31774K(32000K)->31774K(32000K) Class: 3675K(3904K)->3675K(3904K)
[61.891s][info][gc          ] GC(86) Pause Young (Normal) (G1 Evacuation Pause) 393M->354M(522M) 54.989ms
[61.891s][info][gc,cpu      ] GC(86) User=0.11s Sys=0.00s Real=0.06s
[62.130s][info][gc,start    ] GC(87) Pause Young (Concurrent Start) (G1 Evacuation Pause)
[62.130s][info][gc,task     ] GC(87) Using 2 workers of 2 for evacuation
[62.177s][info][gc,phases   ] GC(87)   Pre Evacuate Collection Set: 0.26ms
[62.177s][info][gc,phases   ] GC(87)   Merge Heap Roots: 0.42ms
[62.177s][info][gc,phases   ] GC(87)   Evacuate Collection Set: 46.18ms
[62.177s][info][gc,phases   ] GC(87)   Post Evacuate Collection Set: 0.37ms
[62.177s][info][gc,phases   ] GC(87)   Other: 0.11ms
[62.177s][info][gc,heap     ] GC(87) Eden regions: 69->0(44)
[62.177s][info][gc,heap     ] GC(87) Survivor regions: 14->11(11)
[62.177s][info][gc,heap     ] GC(87) Old regions: 336->389
[62.177s][info][gc,heap     ] GC(87) Humongous regions: 5->5
[62.177s][info][gc,metaspace] GC(87) Metaspace: 35449K(35904K)->35449K(35904K) NonClass: 31774K(32000K)->31774K(32000K) Class: 3675K(3904K)->3675K(3904K)
[62.177s][info][gc          ] GC(87) Pause Young (Concurrent Start) (G1 Evacuation Pause) 423M->404M(522M) 47.543ms
[62.177s][info][gc          ] GC(88) Concurrent Mark Cycle
[62.177s][info][gc,marking  ] GC(88) Concurrent Scan Root Regions
[62.177s][info][gc,cpu      ] GC(87) User=0.09s Sys=0.00s Real=0.05s
[62.202s][info][gc,marking  ] GC(88) Concurrent Scan Root Regions 24.898ms
[62.202s][info][gc,marking  ] GC(88) Concurrent Mark
[62.202s][info][gc,marking  ] GC(88) Concurrent Mark From Roots
[62.202s][info][gc,task     ] GC(88) Using 1 workers of 1 for marking
[62.400s][info][gc,start    ] GC(89) Pause Young (Normal) (G1 Evacuation Pause)
[62.401s][info][gc,task     ] GC(89) Using 2 workers of 2 for evacuation
[62.430s][info][gc,phases   ] GC(89)   Pre Evacuate Collection Set: 0.24ms
[62.430s][info][gc,phases   ] GC(89)   Merge Heap Roots: 0.26ms
[62.430s][info][gc,phases   ] GC(89)   Evacuate Collection Set: 27.54ms
[62.430s][info][gc,phases   ] GC(89)   Post Evacuate Collection Set: 1.29ms
[62.430s][info][gc,phases   ] GC(89)   Other: 0.07ms
[62.430s][info][gc,heap     ] GC(89) Eden regions: 44->0(66)
[62.430s][info][gc,heap     ] GC(89) Survivor regions: 11->7(7)
[62.430s][info][gc,heap     ] GC(89) Old regions: 389->419
[62.430s][info][gc,heap     ] GC(89) Humongous regions: 6->6
[62.430s][info][gc,metaspace] GC(89) Metaspace: 35449K(35904K)->35449K(35904K) NonClass: 31774K(32000K)->31774K(32000K) Class: 3675K(3904K)->3675K(3904K)
[62.430s][info][gc          ] GC(89) Pause Young (Normal) (G1 Evacuation Pause) 449M->432M(600M) 29.603ms
[62.430s][info][gc,cpu      ] GC(89) User=0.06s Sys=0.00s Real=0.02s
[62.439s][info][gc,marking  ] GC(88) Concurrent Mark From Roots 236.568ms
[62.439s][info][gc,marking  ] GC(88) Concurrent Preclean
[62.439s][info][gc,marking  ] GC(88) Concurrent Preclean 0.057ms
[62.439s][info][gc,start    ] GC(88) Pause Remark
[62.451s][info][gc          ] GC(88) Pause Remark 433M->333M(600M) 12.156ms
[62.451s][info][gc,cpu      ] GC(88) User=0.02s Sys=0.00s Real=0.02s
[62.451s][info][gc,marking  ] GC(88) Concurrent Mark 249.060ms
[62.451s][info][gc,marking  ] GC(88) Concurrent Rebuild Remembered Sets and Scrub Regions
[62.563s][info][gc,marking  ] GC(88) Concurrent Rebuild Remembered Sets and Scrub Regions 111.185ms
[62.563s][info][gc,start    ] GC(88) Pause Cleanup
[62.563s][info][gc          ] GC(88) Pause Cleanup 347M->347M(600M) 0.122ms
[62.563s][info][gc,cpu      ] GC(88) User=0.00s Sys=0.00s Real=0.00s
[62.563s][info][gc,marking  ] GC(88) Concurrent Clear Claimed Marks
[62.563s][info][gc,marking  ] GC(88) Concurrent Clear Claimed Marks 0.040ms
[62.563s][info][gc,marking  ] GC(88) Concurrent Cleanup for Next Mark
[62.567s][info][gc,marking  ] GC(88) Concurrent Cleanup for Next Mark 3.737ms
[62.567s][info][gc          ] GC(88) Concurrent Mark Cycle 389.391ms
[62.808s][info][gc,start    ] GC(90) Pause Young (Prepare Mixed) (G1 Evacuation Pause)
[62.808s][info][gc,task     ] GC(90) Using 2 workers of 2 for evacuation
[62.849s][info][gc,phases   ] GC(90)   Pre Evacuate Collection Set: 0.21ms
[62.849s][info][gc,phases   ] GC(90)   Merge Heap Roots: 0.31ms
[62.849s][info][gc,phases   ] GC(90)   Evacuate Collection Set: 39.77ms
[62.849s][info][gc,phases   ] GC(90)   Post Evacuate Collection Set: 0.44ms
[62.849s][info][gc,phases   ] GC(90)   Other: 0.07ms
[62.849s][info][gc,heap     ] GC(90) Eden regions: 66->0(101)
[62.849s][info][gc,heap     ] GC(90) Survivor regions: 7->10(10)
[62.849s][info][gc,heap     ] GC(90) Old regions: 321->351
[62.849s][info][gc,heap     ] GC(90) Humongous regions: 4->4
[62.849s][info][gc,metaspace] GC(90) Metaspace: 35450K(35904K)->35450K(35904K) NonClass: 31775K(32000K)->31775K(32000K) Class: 3675K(3904K)->3675K(3904K)
[62.849s][info][gc          ] GC(90) Pause Young (Prepare Mixed) (G1 Evacuation Pause) 398M->365M(600M) 41.034ms
[62.849s][info][gc,cpu      ] GC(90) User=0.08s Sys=0.01s Real=0.04s
[63.225s][info][gc,start    ] GC(91) Pause Young (Mixed) (G1 Evacuation Pause)
[63.225s][info][gc,task     ] GC(91) Using 2 workers of 2 for evacuation
[63.249s][info][gc,phases   ] GC(91)   Pre Evacuate Collection Set: 1.73ms
[63.250s][info][gc,phases   ] GC(91)   Merge Heap Roots: 0.47ms
[63.250s][info][gc,phases   ] GC(91)   Evacuate Collection Set: 21.59ms
[63.250s][info][gc,phases   ] GC(91)   Post Evacuate Collection Set: 0.45ms
[63.250s][info][gc,phases   ] GC(91)   Other: 0.11ms
[63.250s][info][gc,heap     ] GC(91) Eden regions: 101->0(135)
[63.250s][info][gc,heap     ] GC(91) Survivor regions: 10->11(14)
[63.250s][info][gc,heap     ] GC(91) Old regions: 351->302
[63.250s][info][gc,heap     ] GC(91) Humongous regions: 5->4
[63.250s][info][gc,metaspace] GC(91) Metaspace: 35450K(35904K)->35450K(35904K) NonClass: 31775K(32000K)->31775K(32000K) Class: 3675K(3904K)->3675K(3904K)
[63.250s][info][gc          ] GC(91) Pause Young (Mixed) (G1 Evacuation Pause) 467M->316M(600M) 24.568ms
[63.250s][info][gc,cpu      ] GC(91) User=0.03s Sys=0.00s Real=0.02s
[63.722s][info][gc,start    ] GC(92) Pause Young (Mixed) (G1 Evacuation Pause)
[63.722s][info][gc,task     ] GC(92) Using 2 workers of 2 for evacuation
[63.742s][info][gc,phases   ] GC(92)   Pre Evacuate Collection Set: 0.63ms
[63.742s][info][gc,phases   ] GC(92)   Merge Heap Roots: 0.55ms
[63.742s][info][gc,phases   ] GC(92)   Evacuate Collection Set: 18.12ms
[63.742s][info][gc,phases   ] GC(92)   Post Evacuate Collection Set: 0.46ms
[63.742s][info][gc,phases   ] GC(92)   Other: 0.11ms
[63.742s][info][gc,heap     ] GC(92) Eden regions: 135->0(177)
[63.742s][info][gc,heap     ] GC(92) Survivor regions: 11->7(19)
[63.742s][info][gc,heap     ] GC(92) Old regions: 302->250
[63.742s][info][gc,heap     ] GC(92) Humongous regions: 4->4
[63.742s][info][gc,metaspace] GC(92) Metaspace: 35458K(35904K)->35458K(35904K) NonClass: 31781K(32000K)->31781K(32000K) Class: 3677K(3904K)->3677K(3904K)
[63.742s][info][gc          ] GC(92) Pause Young (Mixed) (G1 Evacuation Pause) 451M->261M(600M) 20.088ms
[63.742s][info][gc,cpu      ] GC(92) User=0.03s Sys=0.00s Real=0.02s
[64.393s][info][gc,start    ] GC(93) Pause Young (Mixed) (G1 Evacuation Pause)
[64.393s][info][gc,task     ] GC(93) Using 2 workers of 2 for evacuation
[64.432s][info][gc,phases   ] GC(93)   Pre Evacuate Collection Set: 2.43ms
[64.432s][info][gc,phases   ] GC(93)   Merge Heap Roots: 0.71ms
[64.432s][info][gc,phases   ] GC(93)   Evacuate Collection Set: 35.37ms
[64.432s][info][gc,phases   ] GC(93)   Post Evacuate Collection Set: 0.45ms
[64.432s][info][gc,phases   ] GC(93)   Other: 0.11ms
[64.432s][info][gc,heap     ] GC(93) Eden regions: 177->0(190)
[64.432s][info][gc,heap     ] GC(93) Survivor regions: 7->17(23)
[64.432s][info][gc,heap     ] GC(93) Old regions: 250->238
[64.432s][info][gc,heap     ] GC(93) Humongous regions: 5->4
[64.432s][info][gc,metaspace] GC(93) Metaspace: 35462K(35904K)->35462K(35904K) NonClass: 31785K(32000K)->31785K(32000K) Class: 3677K(3904K)->3677K(3904K)
[64.432s][info][gc          ] GC(93) Pause Young (Mixed) (G1 Evacuation Pause) 439M->259M(600M) 39.340ms
[64.432s][info][gc,cpu      ] GC(93) User=0.08s Sys=0.00s Real=0.04s
[65.097s][info][gc,start    ] GC(94) Pause Young (Normal) (G1 Evacuation Pause)
[65.097s][info][gc,task     ] GC(94) Using 2 workers of 2 for evacuation
[65.109s][info][gc,phases   ] GC(94)   Pre Evacuate Collection Set: 0.23ms
[65.109s][info][gc,phases   ] GC(94)   Merge Heap Roots: 0.07ms
[65.109s][info][gc,phases   ] GC(94)   Evacuate Collection Set: 10.86ms
[65.109s][info][gc,phases   ] GC(94)   Post Evacuate Collection Set: 0.47ms
[65.109s][info][gc,phases   ] GC(94)   Other: 0.11ms
[65.109s][info][gc,heap     ] GC(94) Eden regions: 190->0(203)
[65.109s][info][gc,heap     ] GC(94) Survivor regions: 17->16(26)
[65.109s][info][gc,heap     ] GC(94) Old regions: 238->240
[65.109s][info][gc,heap     ] GC(94) Humongous regions: 6->4
[65.109s][info][gc,metaspace] GC(94) Metaspace: 35471K(35968K)->35471K(35968K) NonClass: 31794K(32064K)->31794K(32064K) Class: 3677K(3904K)->3677K(3904K)
[65.109s][info][gc          ] GC(94) Pause Young (Normal) (G1 Evacuation Pause) 451M->259M(600M) 11.978ms
[65.109s][info][gc,cpu      ] GC(94) User=0.02s Sys=0.00s Real=0.01s
[65.136s][info][gc,start    ] GC(95) Pause Young (Concurrent Start) (G1 Humongous Allocation)
[65.136s][info][gc,task     ] GC(95) Using 2 workers of 2 for evacuation
[65.145s][info][gc,phases   ] GC(95)   Pre Evacuate Collection Set: 0.24ms
[65.146s][info][gc,phases   ] GC(95)   Merge Heap Roots: 0.05ms
[65.146s][info][gc,phases   ] GC(95)   Evacuate Collection Set: 9.04ms
[65.146s][info][gc,phases   ] GC(95)   Post Evacuate Collection Set: 0.33ms
[65.146s][info][gc,phases   ] GC(95)   Other: 0.12ms
[65.146s][info][gc,heap     ] GC(95) Eden regions: 8->0(176)
[65.146s][info][gc,heap     ] GC(95) Survivor regions: 16->4(28)
[65.146s][info][gc,heap     ] GC(95) Old regions: 240->254
[65.146s][info][gc,heap     ] GC(95) Humongous regions: 4->4
[65.146s][info][gc,metaspace] GC(95) Metaspace: 35472K(35968K)->35472K(35968K) NonClass: 31795K(32064K)->31795K(32064K) Class: 3677K(3904K)->3677K(3904K)
[65.146s][info][gc          ] GC(95) Pause Young (Concurrent Start) (G1 Humongous Allocation) 266M->262M(600M) 9.965ms
[65.146s][info][gc,cpu      ] GC(95) User=0.02s Sys=0.00s Real=0.01s
[65.146s][info][gc          ] GC(96) Concurrent Mark Cycle
[65.146s][info][gc,marking  ] GC(96) Concurrent Scan Root Regions
[65.160s][info][gc,marking  ] GC(96) Concurrent Scan Root Regions 14.405ms
[65.160s][info][gc,marking  ] GC(96) Concurrent Mark
[65.160s][info][gc,marking  ] GC(96) Concurrent Mark From Roots
[65.160s][info][gc,task     ] GC(96) Using 1 workers of 1 for marking
[65.294s][info][gc,marking  ] GC(96) Concurrent Mark From Roots 133.362ms
[65.294s][info][gc,marking  ] GC(96) Concurrent Preclean
[65.294s][info][gc,marking  ] GC(96) Concurrent Preclean 0.046ms
[65.294s][info][gc,start    ] GC(96) Pause Remark
[65.306s][info][gc          ] GC(96) Pause Remark 300M->143M(354M) 12.079ms
[65.306s][info][gc,cpu      ] GC(96) User=0.02s Sys=0.00s Real=0.01s
[65.309s][info][gc,marking  ] GC(96) Concurrent Mark 148.364ms
[65.309s][info][gc,marking  ] GC(96) Concurrent Rebuild Remembered Sets and Scrub Regions
[65.343s][info][gc,marking  ] GC(96) Concurrent Rebuild Remembered Sets and Scrub Regions 34.254ms
[65.343s][info][gc,start    ] GC(96) Pause Cleanup
[65.343s][info][gc          ] GC(96) Pause Cleanup 148M->148M(354M) 0.054ms
[65.343s][info][gc,cpu      ] GC(96) User=0.00s Sys=0.00s Real=0.00s
[65.343s][info][gc,marking  ] GC(96) Concurrent Clear Claimed Marks
[65.343s][info][gc,marking  ] GC(96) Concurrent Clear Claimed Marks 0.040ms
[65.343s][info][gc,marking  ] GC(96) Concurrent Cleanup for Next Mark
[65.344s][info][gc,marking  ] GC(96) Concurrent Cleanup for Next Mark 1.029ms
[65.344s][info][gc          ] GC(96) Concurrent Mark Cycle 198.458ms
[65.850s][info][gc,start    ] GC(97) Pause Young (Prepare Mixed) (G1 Evacuation Pause)
[65.850s][info][gc,task     ] GC(97) Using 2 workers of 2 for evacuation
[65.859s][info][gc,phases   ] GC(97)   Pre Evacuate Collection Set: 0.18ms
[65.859s][info][gc,phases   ] GC(97)   Merge Heap Roots: 0.11ms
[65.859s][info][gc,phases   ] GC(97)   Evacuate Collection Set: 8.04ms
[65.859s][info][gc,phases   ] GC(97)   Post Evacuate Collection Set: 0.40ms
[65.859s][info][gc,phases   ] GC(97)   Other: 0.07ms
[65.859s][info][gc,heap     ] GC(97) Eden regions: 176->0(137)
[65.859s][info][gc,heap     ] GC(97) Survivor regions: 4->12(23)
[65.859s][info][gc,heap     ] GC(97) Old regions: 99->99
[65.859s][info][gc,heap     ] GC(97) Humongous regions: 4->3
[65.859s][info][gc,metaspace] GC(97) Metaspace: 35473K(35968K)->35473K(35968K) NonClass: 31796K(32064K)->31796K(32064K) Class: 3677K(3904K)->3677K(3904K)
[65.859s][info][gc          ] GC(97) Pause Young (Prepare Mixed) (G1 Evacuation Pause) 283M->114M(354M) 9.034ms
[65.859s][info][gc,cpu      ] GC(97) User=0.02s Sys=0.00s Real=0.01s
[66.329s][info][gc,start    ] GC(98) Pause Young (Mixed) (G1 Evacuation Pause)
[66.329s][info][gc,task     ] GC(98) Using 2 workers of 2 for evacuation
[66.352s][info][gc,phases   ] GC(98)   Pre Evacuate Collection Set: 0.19ms
[66.352s][info][gc,phases   ] GC(98)   Merge Heap Roots: 0.08ms
[66.352s][info][gc,phases   ] GC(98)   Evacuate Collection Set: 22.55ms
[66.352s][info][gc,phases   ] GC(98)   Post Evacuate Collection Set: 0.44ms
[66.352s][info][gc,phases   ] GC(98)   Other: 0.08ms
[66.352s][info][gc,heap     ] GC(98) Eden regions: 137->0(131)
[66.352s][info][gc,heap     ] GC(98) Survivor regions: 12->19(19)
[66.352s][info][gc,heap     ] GC(98) Old regions: 99->104
[66.352s][info][gc,heap     ] GC(98) Humongous regions: 4->3
[66.352s][info][gc,metaspace] GC(98) Metaspace: 35473K(35968K)->35473K(35968K) NonClass: 31796K(32064K)->31796K(32064K) Class: 3677K(3904K)->3677K(3904K)
[66.352s][info][gc          ] GC(98) Pause Young (Mixed) (G1 Evacuation Pause) 252M->125M(354M) 23.550ms
[66.352s][info][gc,cpu      ] GC(98) User=0.05s Sys=0.00s Real=0.03s
[66.378s][info][gc,start    ] GC(99) Pause Young (Concurrent Start) (G1 Humongous Allocation)
[66.378s][info][gc,task     ] GC(99) Using 2 workers of 2 for evacuation
[66.396s][info][gc,phases   ] GC(99)   Pre Evacuate Collection Set: 0.19ms
[66.396s][info][gc,phases   ] GC(99)   Merge Heap Roots: 0.11ms
[66.396s][info][gc,phases   ] GC(99)   Evacuate Collection Set: 17.69ms
[66.396s][info][gc,phases   ] GC(99)   Post Evacuate Collection Set: 0.34ms
[66.396s][info][gc,phases   ] GC(99)   Other: 0.11ms
[66.396s][info][gc,heap     ] GC(99) Eden regions: 7->0(122)
[66.396s][info][gc,heap     ] GC(99) Survivor regions: 19->2(19)
[66.396s][info][gc,heap     ] GC(99) Old regions: 104->122
[66.396s][info][gc,heap     ] GC(99) Humongous regions: 3->3
[66.396s][info][gc,metaspace] GC(99) Metaspace: 35473K(35968K)->35473K(35968K) NonClass: 31796K(32064K)->31796K(32064K) Class: 3677K(3904K)->3677K(3904K)
[66.396s][info][gc          ] GC(99) Pause Young (Concurrent Start) (G1 Humongous Allocation) 132M->127M(354M) 18.649ms
[66.396s][info][gc          ] GC(100) Concurrent Mark Cycle
[66.396s][info][gc,marking  ] GC(100) Concurrent Scan Root Regions
[66.398s][info][gc,cpu      ] GC(99) User=0.04s Sys=0.00s Real=0.02s
[66.411s][info][gc,marking  ] GC(100) Concurrent Scan Root Regions 14.371ms
[66.411s][info][gc,marking  ] GC(100) Concurrent Mark
[66.411s][info][gc,marking  ] GC(100) Concurrent Mark From Roots
[66.411s][info][gc,task     ] GC(100) Using 1 workers of 1 for marking
[66.546s][info][gc,marking  ] GC(100) Concurrent Mark From Roots 135.230ms
[66.546s][info][gc,marking  ] GC(100) Concurrent Preclean
[66.546s][info][gc,marking  ] GC(100) Concurrent Preclean 0.059ms
[66.546s][info][gc,start    ] GC(100) Pause Remark
[66.559s][info][gc          ] GC(100) Pause Remark 156M->156M(354M) 12.519ms
[66.559s][info][gc,cpu      ] GC(100) User=0.02s Sys=0.00s Real=0.01s
[66.559s][info][gc,marking  ] GC(100) Concurrent Mark 148.787ms
[66.559s][info][gc,marking  ] GC(100) Concurrent Rebuild Remembered Sets and Scrub Regions
[66.612s][info][gc,marking  ] GC(100) Concurrent Rebuild Remembered Sets and Scrub Regions 52.458ms
[66.612s][info][gc,start    ] GC(100) Pause Cleanup
[66.612s][info][gc          ] GC(100) Pause Cleanup 169M->169M(354M) 0.075ms
[66.612s][info][gc,cpu      ] GC(100) User=0.00s Sys=0.00s Real=0.00s
[66.612s][info][gc,marking  ] GC(100) Concurrent Clear Claimed Marks
[66.612s][info][gc,marking  ] GC(100) Concurrent Clear Claimed Marks 0.042ms
[66.612s][info][gc,marking  ] GC(100) Concurrent Cleanup for Next Mark
[66.613s][info][gc,marking  ] GC(100) Concurrent Cleanup for Next Mark 1.041ms
[66.613s][info][gc          ] GC(100) Concurrent Mark Cycle 217.129ms
[66.927s][info][gc,start    ] GC(101) Pause Young (Prepare Mixed) (G1 Evacuation Pause)
[66.927s][info][gc,task     ] GC(101) Using 2 workers of 2 for evacuation
[66.956s][info][gc,phases   ] GC(101)   Pre Evacuate Collection Set: 0.21ms
[66.956s][info][gc,phases   ] GC(101)   Merge Heap Roots: 0.15ms
[66.956s][info][gc,phases   ] GC(101)   Evacuate Collection Set: 28.52ms
[66.956s][info][gc,phases   ] GC(101)   Post Evacuate Collection Set: 0.41ms
[66.956s][info][gc,phases   ] GC(101)   Other: 0.08ms
[66.956s][info][gc,heap     ] GC(101) Eden regions: 122->0(101)
[66.956s][info][gc,heap     ] GC(101) Survivor regions: 2->16(16)
[66.956s][info][gc,heap     ] GC(101) Old regions: 122->143
[66.956s][info][gc,heap     ] GC(101) Humongous regions: 5->5
[66.956s][info][gc,metaspace] GC(101) Metaspace: 35475K(35968K)->35475K(35968K) NonClass: 31798K(32064K)->31798K(32064K) Class: 3677K(3904K)->3677K(3904K)
[66.956s][info][gc          ] GC(101) Pause Young (Prepare Mixed) (G1 Evacuation Pause) 251M->163M(354M) 29.616ms
[66.957s][info][gc,cpu      ] GC(101) User=0.06s Sys=0.00s Real=0.03s
[67.318s][info][gc,start    ] GC(102) Pause Young (Mixed) (G1 Evacuation Pause)
[67.318s][info][gc,task     ] GC(102) Using 2 workers of 2 for evacuation
[67.356s][info][gc,phases   ] GC(102)   Pre Evacuate Collection Set: 1.66ms
[67.356s][info][gc,phases   ] GC(102)   Merge Heap Roots: 0.68ms
[67.356s][info][gc,phases   ] GC(102)   Evacuate Collection Set: 35.00ms
[67.356s][info][gc,phases   ] GC(102)   Post Evacuate Collection Set: 0.43ms
[67.356s][info][gc,phases   ] GC(102)   Other: 0.11ms
[67.356s][info][gc,heap     ] GC(102) Eden regions: 101->0(105)
[67.356s][info][gc,heap     ] GC(102) Survivor regions: 16->15(15)
[67.356s][info][gc,heap     ] GC(102) Old regions: 143->144
[67.356s][info][gc,heap     ] GC(102) Humongous regions: 7->5
[67.356s][info][gc,metaspace] GC(102) Metaspace: 35523K(35968K)->35523K(35968K) NonClass: 31841K(32064K)->31841K(32064K) Class: 3681K(3904K)->3681K(3904K)
[67.356s][info][gc          ] GC(102) Pause Young (Mixed) (G1 Evacuation Pause) 266M->164M(354M) 38.083ms
[67.356s][info][gc,cpu      ] GC(102) User=0.08s Sys=0.00s Real=0.04s
[67.662s][info][gc,start    ] GC(103) Pause Young (Concurrent Start) (G1 Evacuation Pause)
[67.662s][info][gc,task     ] GC(103) Using 2 workers of 2 for evacuation
[67.674s][info][gc,phases   ] GC(103)   Pre Evacuate Collection Set: 0.18ms
[67.674s][info][gc,phases   ] GC(103)   Merge Heap Roots: 0.09ms
[67.674s][info][gc,phases   ] GC(103)   Evacuate Collection Set: 10.81ms
[67.674s][info][gc,phases   ] GC(103)   Post Evacuate Collection Set: 0.59ms
[67.674s][info][gc,phases   ] GC(103)   Other: 0.11ms
[67.674s][info][gc,heap     ] GC(103) Eden regions: 105->0(129)
[67.674s][info][gc,heap     ] GC(103) Survivor regions: 15->2(15)
[67.674s][info][gc,heap     ] GC(103) Old regions: 144->159
[67.674s][info][gc,heap     ] GC(103) Humongous regions: 5->5
[67.674s][info][gc,metaspace] GC(103) Metaspace: 35528K(35968K)->35528K(35968K) NonClass: 31846K(32064K)->31846K(32064K) Class: 3681K(3904K)->3681K(3904K)
[67.674s][info][gc          ] GC(103) Pause Young (Concurrent Start) (G1 Evacuation Pause) 269M->165M(379M) 11.963ms
[67.674s][info][gc,cpu      ] GC(103) User=0.02s Sys=0.00s Real=0.01s
[67.674s][info][gc          ] GC(104) Concurrent Mark Cycle
[67.674s][info][gc,marking  ] GC(104) Concurrent Scan Root Regions
[67.688s][info][gc,marking  ] GC(104) Concurrent Scan Root Regions 13.919ms
[67.688s][info][gc,marking  ] GC(104) Concurrent Mark
[67.688s][info][gc,marking  ] GC(104) Concurrent Mark From Roots
[67.688s][info][gc,task     ] GC(104) Using 1 workers of 1 for marking
[67.838s][info][gc,marking  ] GC(104) Concurrent Mark From Roots 149.452ms
[67.838s][info][gc,marking  ] GC(104) Concurrent Preclean
[67.838s][info][gc,marking  ] GC(104) Concurrent Preclean 0.040ms
[67.838s][info][gc,start    ] GC(104) Pause Remark
[67.850s][info][gc          ] GC(104) Pause Remark 204M->160M(379M) 11.872ms
[67.850s][info][gc,cpu      ] GC(104) User=0.02s Sys=0.00s Real=0.01s
[67.850s][info][gc,marking  ] GC(104) Concurrent Mark 161.695ms
[67.850s][info][gc,marking  ] GC(104) Concurrent Rebuild Remembered Sets and Scrub Regions
[67.921s][info][gc,marking  ] GC(104) Concurrent Rebuild Remembered Sets and Scrub Regions 70.865ms
[67.923s][info][gc,start    ] GC(104) Pause Cleanup
[67.923s][info][gc          ] GC(104) Pause Cleanup 170M->170M(379M) 0.072ms
[67.923s][info][gc,cpu      ] GC(104) User=0.00s Sys=0.00s Real=0.00s
[67.923s][info][gc,marking  ] GC(104) Concurrent Clear Claimed Marks
[67.923s][info][gc,marking  ] GC(104) Concurrent Clear Claimed Marks 0.046ms
[67.923s][info][gc,marking  ] GC(104) Concurrent Cleanup for Next Mark
[67.925s][info][gc,marking  ] GC(104) Concurrent Cleanup for Next Mark 1.341ms
[67.925s][info][gc          ] GC(104) Concurrent Mark Cycle 250.410ms
[68.196s][info][gc,start    ] GC(105) Pause Young (Prepare Mixed) (G1 Evacuation Pause)
[68.196s][info][gc,task     ] GC(105) Using 2 workers of 2 for evacuation
[68.201s][info][gc,phases   ] GC(105)   Pre Evacuate Collection Set: 0.21ms
[68.201s][info][gc,phases   ] GC(105)   Merge Heap Roots: 0.06ms
[68.201s][info][gc,phases   ] GC(105)   Evacuate Collection Set: 3.76ms
[68.201s][info][gc,phases   ] GC(105)   Post Evacuate Collection Set: 0.48ms
[68.201s][info][gc,phases   ] GC(105)   Other: 0.10ms
[68.201s][info][gc,heap     ] GC(105) Eden regions: 129->0(166)
[68.201s][info][gc,heap     ] GC(105) Survivor regions: 2->2(17)
[68.201s][info][gc,heap     ] GC(105) Old regions: 118->118
[68.201s][info][gc,heap     ] GC(105) Humongous regions: 2->2
[68.201s][info][gc,metaspace] GC(105) Metaspace: 35529K(35968K)->35529K(35968K) NonClass: 31847K(32064K)->31847K(32064K) Class: 3681K(3904K)->3681K(3904K)
[68.201s][info][gc          ] GC(105) Pause Young (Prepare Mixed) (G1 Evacuation Pause) 250M->121M(379M) 4.808ms
[68.201s][info][gc,cpu      ] GC(105) User=0.01s Sys=0.00s Real=0.01s
[68.752s][info][gc,start    ] GC(106) Pause Young (Mixed) (G1 Evacuation Pause)
[68.752s][info][gc,task     ] GC(106) Using 2 workers of 2 for evacuation
[68.759s][info][gc,phases   ] GC(106)   Pre Evacuate Collection Set: 0.22ms
[68.759s][info][gc,phases   ] GC(106)   Merge Heap Roots: 0.17ms
[68.759s][info][gc,phases   ] GC(106)   Evacuate Collection Set: 6.27ms
[68.759s][info][gc,phases   ] GC(106)   Post Evacuate Collection Set: 0.43ms
[68.759s][info][gc,phases   ] GC(106)   Other: 0.09ms
[68.759s][info][gc,heap     ] GC(106) Eden regions: 166->0(195)
[68.759s][info][gc,heap     ] GC(106) Survivor regions: 2->5(21)
[68.759s][info][gc,heap     ] GC(106) Old regions: 118->81
[68.759s][info][gc,heap     ] GC(106) Humongous regions: 4->1
[68.759s][info][gc,metaspace] GC(106) Metaspace: 35900K(36288K)->35900K(36288K) NonClass: 32119K(32320K)->32119K(32320K) Class: 3781K(3968K)->3781K(3968K)
[68.759s][info][gc          ] GC(106) Pause Young (Mixed) (G1 Evacuation Pause) 289M->86M(379M) 7.336ms
[68.759s][info][gc,cpu      ] GC(106) User=0.02s Sys=0.00s Real=0.00s
[69.147s][info][gc,start    ] GC(107) Pause Young (Mixed) (G1 Evacuation Pause)
[69.147s][info][gc,task     ] GC(107) Using 2 workers of 2 for evacuation
[69.154s][info][gc,phases   ] GC(107)   Pre Evacuate Collection Set: 0.19ms
[69.154s][info][gc,phases   ] GC(107)   Merge Heap Roots: 0.07ms
[69.154s][info][gc,phases   ] GC(107)   Evacuate Collection Set: 5.86ms
[69.154s][info][gc,phases   ] GC(107)   Post Evacuate Collection Set: 0.39ms
[69.154s][info][gc,phases   ] GC(107)   Other: 0.10ms
[69.154s][info][gc,heap     ] GC(107) Eden regions: 195->0(206)
[69.154s][info][gc,heap     ] GC(107) Survivor regions: 5->6(25)
[69.154s][info][gc,heap     ] GC(107) Old regions: 81->80
[69.154s][info][gc,heap     ] GC(107) Humongous regions: 1->1
[69.154s][info][gc,metaspace] GC(107) Metaspace: 35938K(36352K)->35938K(36352K) NonClass: 32157K(32384K)->32157K(32384K) Class: 3781K(3968K)->3781K(3968K)
[69.154s][info][gc          ] GC(107) Pause Young (Mixed) (G1 Evacuation Pause) 281M->86M(379M) 6.791ms
[69.154s][info][gc,cpu      ] GC(107) User=0.02s Sys=0.00s Real=0.01s
[69.512s][info][gc,start    ] GC(108) Pause Young (Concurrent Start) (G1 Evacuation Pause)
[69.512s][info][gc,task     ] GC(108) Using 2 workers of 2 for evacuation
[69.517s][info][gc,phases   ] GC(108)   Pre Evacuate Collection Set: 0.18ms
[69.517s][info][gc,phases   ] GC(108)   Merge Heap Roots: 0.07ms
[69.517s][info][gc,phases   ] GC(108)   Evacuate Collection Set: 4.63ms
[69.517s][info][gc,phases   ] GC(108)   Post Evacuate Collection Set: 0.43ms
[69.517s][info][gc,phases   ] GC(108)   Other: 0.11ms
[69.517s][info][gc,heap     ] GC(108) Eden regions: 206->0(213)
[69.517s][info][gc,heap     ] GC(108) Survivor regions: 6->6(27)
[69.517s][info][gc,heap     ] GC(108) Old regions: 80->80
[69.517s][info][gc,heap     ] GC(108) Humongous regions: 1->1
[69.517s][info][gc,metaspace] GC(108) Metaspace: 35966K(36416K)->35966K(36416K) NonClass: 32185K(32448K)->32185K(32448K) Class: 3781K(3968K)->3781K(3968K)
[69.517s][info][gc          ] GC(108) Pause Young (Concurrent Start) (G1 Evacuation Pause) 292M->86M(379M) 5.610ms
[69.517s][info][gc,cpu      ] GC(108) User=0.01s Sys=0.00s Real=0.00s
[69.517s][info][gc          ] GC(109) Concurrent Mark Cycle
[69.517s][info][gc,marking  ] GC(109) Concurrent Scan Root Regions
[69.524s][info][gc,marking  ] GC(109) Concurrent Scan Root Regions 6.537ms
[69.524s][info][gc,marking  ] GC(109) Concurrent Mark
[69.524s][info][gc,marking  ] GC(109) Concurrent Mark From Roots
[69.524s][info][gc,task     ] GC(109) Using 1 workers of 1 for marking
[69.674s][info][gc,marking  ] GC(109) Concurrent Mark From Roots 149.630ms
[69.674s][info][gc,marking  ] GC(109) Concurrent Preclean
[69.674s][info][gc,marking  ] GC(109) Concurrent Preclean 0.062ms
[69.674s][info][gc,start    ] GC(109) Pause Remark
[69.688s][info][gc          ] GC(109) Pause Remark 110M->97M(256M) 13.638ms
[69.688s][info][gc,cpu      ] GC(109) User=0.03s Sys=0.00s Real=0.01s
[69.689s][info][gc,marking  ] GC(109) Concurrent Mark 165.360ms
[69.689s][info][gc,marking  ] GC(109) Concurrent Rebuild Remembered Sets and Scrub Regions
[69.736s][info][gc,marking  ] GC(109) Concurrent Rebuild Remembered Sets and Scrub Regions 46.734ms
[69.736s][info][gc,start    ] GC(109) Pause Cleanup
[69.736s][info][gc          ] GC(109) Pause Cleanup 100M->100M(256M) 0.079ms
[69.736s][info][gc,cpu      ] GC(109) User=0.00s Sys=0.00s Real=0.00s
[69.736s][info][gc,marking  ] GC(109) Concurrent Clear Claimed Marks
[69.737s][info][gc,marking  ] GC(109) Concurrent Clear Claimed Marks 0.045ms
[69.737s][info][gc,marking  ] GC(109) Concurrent Cleanup for Next Mark
[69.737s][info][gc,marking  ] GC(109) Concurrent Cleanup for Next Mark 0.856ms
[69.737s][info][gc          ] GC(109) Concurrent Mark Cycle 220.048ms
[70.299s][info][gc,start    ] GC(110) Pause Young (Prepare Mixed) (G1 Evacuation Pause)
[70.299s][info][gc,task     ] GC(110) Using 2 workers of 2 for evacuation
[70.312s][info][gc,phases   ] GC(110)   Pre Evacuate Collection Set: 0.25ms
[70.312s][info][gc,phases   ] GC(110)   Merge Heap Roots: 0.14ms
[70.312s][info][gc,phases   ] GC(110)   Evacuate Collection Set: 11.76ms
[70.312s][info][gc,phases   ] GC(110)   Post Evacuate Collection Set: 0.69ms
[70.312s][info][gc,phases   ] GC(110)   Other: 0.10ms
[70.312s][info][gc,heap     ] GC(110) Eden regions: 78->0(211)
[70.312s][info][gc,heap     ] GC(110) Survivor regions: 6->8(26)
[70.312s][info][gc,heap     ] GC(110) Old regions: 67->67
[70.312s][info][gc,heap     ] GC(110) Humongous regions: 207->3
[70.312s][info][gc,metaspace] GC(110) Metaspace: 36557K(37056K)->36557K(37056K) NonClass: 32712K(32960K)->32712K(32960K) Class: 3844K(4096K)->3844K(4096K)
[70.312s][info][gc          ] GC(110) Pause Young (Prepare Mixed) (G1 Evacuation Pause) 357M->78M(366M) 13.130ms
[70.312s][info][gc,cpu      ] GC(110) User=0.02s Sys=0.01s Real=0.02s
[71.021s][info][gc,start    ] GC(111) Pause Young (Mixed) (G1 Evacuation Pause)
[71.021s][info][gc,task     ] GC(111) Using 2 workers of 2 for evacuation
[71.054s][info][gc,phases   ] GC(111)   Pre Evacuate Collection Set: 0.25ms
[71.055s][info][gc,phases   ] GC(111)   Merge Heap Roots: 0.15ms
[71.055s][info][gc,phases   ] GC(111)   Evacuate Collection Set: 31.03ms
[71.055s][info][gc,phases   ] GC(111)   Post Evacuate Collection Set: 1.21ms
[71.055s][info][gc,phases   ] GC(111)   Other: 0.85ms
[71.055s][info][gc,heap     ] GC(111) Eden regions: 58->0(285)
[71.055s][info][gc,heap     ] GC(111) Survivor regions: 8->12(29)
[71.055s][info][gc,heap     ] GC(111) Old regions: 67->60
[71.055s][info][gc,heap     ] GC(111) Humongous regions: 349->3
[71.055s][info][gc,metaspace] GC(111) Metaspace: 38162K(38656K)->38162K(38656K) NonClass: 34162K(34432K)->34162K(34432K) Class: 3999K(4224K)->3999K(4224K)
[71.055s][info][gc          ] GC(111) Pause Young (Mixed) (G1 Evacuation Pause) 482M->74M(496M) 33.748ms
[71.055s][info][gc,cpu      ] GC(111) User=0.05s Sys=0.01s Real=0.03s
[71.067s][info][gc,start    ] GC(112) Pause Young (Concurrent Start) (G1 Humongous Allocation)
[71.067s][info][gc,task     ] GC(112) Using 2 workers of 2 for evacuation
[71.078s][info][gc,phases   ] GC(112)   Pre Evacuate Collection Set: 0.20ms
[71.078s][info][gc,phases   ] GC(112)   Merge Heap Roots: 0.05ms
[71.078s][info][gc,phases   ] GC(112)   Evacuate Collection Set: 9.68ms
[71.078s][info][gc,phases   ] GC(112)   Post Evacuate Collection Set: 0.59ms
[71.078s][info][gc,phases   ] GC(112)   Other: 0.15ms
[71.078s][info][gc,heap     ] GC(112) Eden regions: 1->0(281)
[71.078s][info][gc,heap     ] GC(112) Survivor regions: 12->12(38)
[71.078s][info][gc,heap     ] GC(112) Old regions: 60->60
[71.078s][info][gc,heap     ] GC(112) Humongous regions: 3->1
[71.078s][info][gc,metaspace] GC(112) Metaspace: 38169K(38656K)->38169K(38656K) NonClass: 34170K(34432K)->34170K(34432K) Class: 3999K(4224K)->3999K(4224K)
[71.078s][info][gc          ] GC(112) Pause Young (Concurrent Start) (G1 Humongous Allocation) 74M->72M(496M) 10.855ms
[71.078s][info][gc,cpu      ] GC(112) User=0.03s Sys=0.00s Real=0.01s
[71.078s][info][gc          ] GC(113) Concurrent Mark Cycle
[71.078s][info][gc,marking  ] GC(113) Concurrent Scan Root Regions
[71.094s][info][gc,marking  ] GC(113) Concurrent Scan Root Regions 16.581ms
[71.094s][info][gc,marking  ] GC(113) Concurrent Mark
[71.094s][info][gc,marking  ] GC(113) Concurrent Mark From Roots
[71.094s][info][gc,task     ] GC(113) Using 1 workers of 1 for marking
[71.171s][info][gc,marking  ] GC(113) Concurrent Mark From Roots 76.617ms
[71.171s][info][gc,marking  ] GC(113) Concurrent Preclean
[71.171s][info][gc,marking  ] GC(113) Concurrent Preclean 0.042ms
[71.171s][info][gc,start    ] GC(113) Pause Remark
[71.184s][info][gc          ] GC(113) Pause Remark 102M->102M(330M) 12.571ms
[71.184s][info][gc,cpu      ] GC(113) User=0.03s Sys=0.00s Real=0.01s
[71.184s][info][gc,marking  ] GC(113) Concurrent Mark 89.635ms
[71.184s][info][gc,marking  ] GC(113) Concurrent Rebuild Remembered Sets and Scrub Regions
[71.210s][info][gc,marking  ] GC(113) Concurrent Rebuild Remembered Sets and Scrub Regions 26.292ms
[71.213s][info][gc,start    ] GC(113) Pause Cleanup
[71.213s][info][gc          ] GC(113) Pause Cleanup 111M->111M(330M) 0.058ms
[71.213s][info][gc,cpu      ] GC(113) User=0.00s Sys=0.00s Real=0.00s
[71.213s][info][gc,marking  ] GC(113) Concurrent Clear Claimed Marks
[71.213s][info][gc,marking  ] GC(113) Concurrent Clear Claimed Marks 0.040ms
[71.213s][info][gc,marking  ] GC(113) Concurrent Cleanup for Next Mark
[71.214s][info][gc,marking  ] GC(113) Concurrent Cleanup for Next Mark 1.697ms
[71.215s][info][gc          ] GC(113) Concurrent Mark Cycle 136.691ms
[71.808s][info][gc,start    ] GC(114) Pause Young (Prepare Mixed) (G1 Evacuation Pause)
[71.808s][info][gc,task     ] GC(114) Using 2 workers of 2 for evacuation
[71.834s][info][gc,phases   ] GC(114)   Pre Evacuate Collection Set: 0.22ms
[71.834s][info][gc,phases   ] GC(114)   Merge Heap Roots: 0.12ms
[71.834s][info][gc,phases   ] GC(114)   Evacuate Collection Set: 24.57ms
[71.834s][info][gc,phases   ] GC(114)   Post Evacuate Collection Set: 1.11ms
[71.834s][info][gc,phases   ] GC(114)   Other: 0.08ms
[71.834s][info][gc,heap     ] GC(114) Eden regions: 55->0(257)
[71.834s][info][gc,heap     ] GC(114) Survivor regions: 12->19(33)
[71.834s][info][gc,heap     ] GC(114) Old regions: 60->60
[71.834s][info][gc,heap     ] GC(114) Humongous regions: 315->3
[71.834s][info][gc,metaspace] GC(114) Metaspace: 38323K(38784K)->38323K(38784K) NonClass: 34321K(34560K)->34321K(34560K) Class: 4002K(4224K)->4002K(4224K)
[71.834s][info][gc          ] GC(114) Pause Young (Prepare Mixed) (G1 Evacuation Pause) 441M->80M(461M) 26.347ms
[71.834s][info][gc,cpu      ] GC(114) User=0.03s Sys=0.02s Real=0.03s
[72.646s][info][gc,start    ] GC(115) Pause Young (Mixed) (G1 Evacuation Pause)
[72.646s][info][gc,task     ] GC(115) Using 2 workers of 2 for evacuation
[72.691s][info][gc,phases   ] GC(115)   Pre Evacuate Collection Set: 0.27ms
[72.691s][info][gc,phases   ] GC(115)   Merge Heap Roots: 0.07ms
[72.691s][info][gc,phases   ] GC(115)   Evacuate Collection Set: 43.14ms
[72.691s][info][gc,phases   ] GC(115)   Post Evacuate Collection Set: 1.16ms
[72.691s][info][gc,phases   ] GC(115)   Other: 0.09ms
[72.691s][info][gc,heap     ] GC(115) Eden regions: 83->0(347)
[72.691s][info][gc,heap     ] GC(115) Survivor regions: 19->29(36)
[72.691s][info][gc,heap     ] GC(115) Old regions: 60->56
[72.691s][info][gc,heap     ] GC(115) Humongous regions: 435->3
[72.691s][info][gc,metaspace] GC(115) Metaspace: 38390K(38848K)->38390K(38848K) NonClass: 34388K(34624K)->34388K(34624K) Class: 4002K(4224K)->4002K(4224K)
[72.691s][info][gc          ] GC(115) Pause Young (Mixed) (G1 Evacuation Pause) 595M->86M(628M) 44.977ms
[72.691s][info][gc,cpu      ] GC(115) User=0.06s Sys=0.03s Real=0.05s
[72.707s][info][gc,start    ] GC(116) Pause Young (Concurrent Start) (G1 Humongous Allocation)
[72.707s][info][gc,task     ] GC(116) Using 2 workers of 2 for evacuation
[72.737s][info][gc,phases   ] GC(116)   Pre Evacuate Collection Set: 0.23ms
[72.737s][info][gc,phases   ] GC(116)   Merge Heap Roots: 0.07ms
[72.737s][info][gc,phases   ] GC(116)   Evacuate Collection Set: 29.41ms
[72.737s][info][gc,phases   ] GC(116)   Post Evacuate Collection Set: 0.46ms
[72.737s][info][gc,phases   ] GC(116)   Other: 0.11ms
[72.737s][info][gc,heap     ] GC(116) Eden regions: 3->0(352)
[72.737s][info][gc,heap     ] GC(116) Survivor regions: 29->24(47)
[72.737s][info][gc,heap     ] GC(116) Old regions: 56->63
[72.737s][info][gc,heap     ] GC(116) Humongous regions: 5->1
[72.737s][info][gc,metaspace] GC(116) Metaspace: 38392K(38848K)->38392K(38848K) NonClass: 34390K(34624K)->34390K(34624K) Class: 4002K(4224K)->4002K(4224K)
[72.737s][info][gc          ] GC(116) Pause Young (Concurrent Start) (G1 Humongous Allocation) 91M->85M(628M) 30.482ms
[72.737s][info][gc,cpu      ] GC(116) User=0.06s Sys=0.00s Real=0.03s
[72.737s][info][gc          ] GC(117) Concurrent Mark Cycle
[72.741s][info][gc,marking  ] GC(117) Concurrent Scan Root Regions
[72.791s][info][gc,marking  ] GC(117) Concurrent Scan Root Regions 49.847ms
[72.791s][info][gc,marking  ] GC(117) Concurrent Mark
[72.791s][info][gc,marking  ] GC(117) Concurrent Mark From Roots
[72.791s][info][gc,task     ] GC(117) Using 1 workers of 1 for marking
[72.892s][info][gc,marking  ] GC(117) Concurrent Mark From Roots 100.806ms
[72.892s][info][gc,marking  ] GC(117) Concurrent Preclean
[72.892s][info][gc,marking  ] GC(117) Concurrent Preclean 0.040ms
[72.893s][info][gc,start    ] GC(117) Pause Remark
[72.908s][info][gc          ] GC(117) Pause Remark 143M->143M(427M) 14.361ms
[72.908s][info][gc,cpu      ] GC(117) User=0.03s Sys=0.00s Real=0.01s
[72.910s][info][gc,marking  ] GC(117) Concurrent Mark 118.986ms
[72.910s][info][gc,marking  ] GC(117) Concurrent Rebuild Remembered Sets and Scrub Regions
[72.963s][info][gc,marking  ] GC(117) Concurrent Rebuild Remembered Sets and Scrub Regions 52.185ms
[72.963s][info][gc,start    ] GC(117) Pause Cleanup
[72.963s][info][gc          ] GC(117) Pause Cleanup 147M->147M(427M) 0.065ms
[72.963s][info][gc,cpu      ] GC(117) User=0.00s Sys=0.00s Real=0.00s
[72.963s][info][gc,marking  ] GC(117) Concurrent Clear Claimed Marks
[72.963s][info][gc,marking  ] GC(117) Concurrent Clear Claimed Marks 0.072ms
[72.963s][info][gc,marking  ] GC(117) Concurrent Cleanup for Next Mark
[72.967s][info][gc,marking  ] GC(117) Concurrent Cleanup for Next Mark 4.439ms
[72.967s][info][gc          ] GC(117) Concurrent Mark Cycle 230.303ms
[74.734s][info][gc,start    ] GC(118) Pause Young (Prepare Mixed) (G1 Evacuation Pause)
[74.735s][info][gc,task     ] GC(118) Using 2 workers of 2 for evacuation
[74.776s][info][gc,phases   ] GC(118)   Pre Evacuate Collection Set: 0.20ms
[74.776s][info][gc,phases   ] GC(118)   Merge Heap Roots: 0.17ms
[74.776s][info][gc,phases   ] GC(118)   Evacuate Collection Set: 40.12ms
[74.776s][info][gc,phases   ] GC(118)   Post Evacuate Collection Set: 0.64ms
[74.776s][info][gc,phases   ] GC(118)   Other: 0.09ms
[74.776s][info][gc,heap     ] GC(118) Eden regions: 232->0(236)
[74.776s][info][gc,heap     ] GC(118) Survivor regions: 24->25(32)
[74.776s][info][gc,heap     ] GC(118) Old regions: 63->74
[74.776s][info][gc,heap     ] GC(118) Humongous regions: 85->1
[74.776s][info][gc,metaspace] GC(118) Metaspace: 39414K(39872K)->39414K(39872K) NonClass: 35288K(35520K)->35288K(35520K) Class: 4125K(4352K)->4125K(4352K)
[74.776s][info][gc          ] GC(118) Pause Young (Prepare Mixed) (G1 Evacuation Pause) 401M->97M(440M) 41.438ms
[74.776s][info][gc,cpu      ] GC(118) User=0.08s Sys=0.01s Real=0.04s
[75.619s][info][gc,start    ] GC(119) Pause Young (Mixed) (G1 Evacuation Pause)
[75.619s][info][gc,task     ] GC(119) Using 2 workers of 2 for evacuation
[75.652s][info][gc,phases   ] GC(119)   Pre Evacuate Collection Set: 0.25ms
[75.652s][info][gc,phases   ] GC(119)   Merge Heap Roots: 0.28ms
[75.652s][info][gc,phases   ] GC(119)   Evacuate Collection Set: 31.61ms
[75.652s][info][gc,phases   ] GC(119)   Post Evacuate Collection Set: 0.72ms
[75.652s][info][gc,phases   ] GC(119)   Other: 0.13ms
[75.652s][info][gc,heap     ] GC(119) Eden regions: 236->0(248)
[75.652s][info][gc,heap     ] GC(119) Survivor regions: 25->16(33)
[75.652s][info][gc,heap     ] GC(119) Old regions: 74->82
[75.652s][info][gc,heap     ] GC(119) Humongous regions: 1->1
[75.652s][info][gc,metaspace] GC(119) Metaspace: 39437K(39936K)->39437K(39936K) NonClass: 35312K(35584K)->35312K(35584K) Class: 4125K(4352K)->4125K(4352K)
[75.652s][info][gc          ] GC(119) Pause Young (Mixed) (G1 Evacuation Pause) 333M->97M(440M) 33.228ms
[75.652s][info][gc,cpu      ] GC(119) User=0.06s Sys=0.00s Real=0.04s
[76.479s][info][gc,start    ] GC(120) Pause Young (Concurrent Start) (G1 Evacuation Pause)
[76.479s][info][gc,task     ] GC(120) Using 2 workers of 2 for evacuation
[76.496s][info][gc,phases   ] GC(120)   Pre Evacuate Collection Set: 0.19ms
[76.496s][info][gc,phases   ] GC(120)   Merge Heap Roots: 0.08ms
[76.496s][info][gc,phases   ] GC(120)   Evacuate Collection Set: 16.75ms
[76.496s][info][gc,phases   ] GC(120)   Post Evacuate Collection Set: 0.54ms
[76.496s][info][gc,phases   ] GC(120)   Other: 0.15ms
[76.496s][info][gc,heap     ] GC(120) Eden regions: 248->0(247)
[76.496s][info][gc,heap     ] GC(120) Survivor regions: 16->17(33)
[76.496s][info][gc,heap     ] GC(120) Old regions: 82->82
[76.496s][info][gc,heap     ] GC(120) Humongous regions: 1->1
[76.496s][info][gc,metaspace] GC(120) Metaspace: 39469K(39936K)->39469K(39936K) NonClass: 35343K(35584K)->35343K(35584K) Class: 4126K(4352K)->4126K(4352K)
[76.497s][info][gc          ] GC(120) Pause Young (Concurrent Start) (G1 Evacuation Pause) 345M->98M(440M) 17.959ms
[76.497s][info][gc          ] GC(121) Concurrent Mark Cycle
[76.497s][info][gc,marking  ] GC(121) Concurrent Scan Root Regions
[76.497s][info][gc,cpu      ] GC(120) User=0.04s Sys=0.00s Real=0.02s
[76.517s][info][gc,marking  ] GC(121) Concurrent Scan Root Regions 20.615ms
[76.517s][info][gc,marking  ] GC(121) Concurrent Mark
[76.517s][info][gc,marking  ] GC(121) Concurrent Mark From Roots
[76.517s][info][gc,task     ] GC(121) Using 1 workers of 1 for marking
[76.716s][info][gc,marking  ] GC(121) Concurrent Mark From Roots 198.954ms
[76.716s][info][gc,marking  ] GC(121) Concurrent Preclean
[76.716s][info][gc,marking  ] GC(121) Concurrent Preclean 0.100ms
[76.717s][info][gc,start    ] GC(121) Pause Remark
[76.732s][info][gc          ] GC(121) Pause Remark 133M->132M(330M) 15.441ms
[76.733s][info][gc,cpu      ] GC(121) User=0.03s Sys=0.00s Real=0.02s
[76.734s][info][gc,marking  ] GC(121) Concurrent Mark 217.177ms
[76.734s][info][gc,marking  ] GC(121) Concurrent Rebuild Remembered Sets and Scrub Regions
[76.837s][info][gc,marking  ] GC(121) Concurrent Rebuild Remembered Sets and Scrub Regions 102.922ms
[76.849s][info][gc,start    ] GC(121) Pause Cleanup
[76.849s][info][gc          ] GC(121) Pause Cleanup 152M->152M(330M) 0.115ms
[76.849s][info][gc,cpu      ] GC(121) User=0.00s Sys=0.00s Real=0.00s
[76.850s][info][gc,marking  ] GC(121) Concurrent Clear Claimed Marks
[76.850s][info][gc,marking  ] GC(121) Concurrent Clear Claimed Marks 0.044ms
[76.850s][info][gc,marking  ] GC(121) Concurrent Cleanup for Next Mark
[76.851s][info][gc,marking  ] GC(121) Concurrent Cleanup for Next Mark 1.907ms
[76.852s][info][gc          ] GC(121) Concurrent Mark Cycle 354.996ms
[77.199s][info][gc,start    ] GC(122) Pause Young (Prepare Mixed) (G1 Evacuation Pause)
[77.199s][info][gc,task     ] GC(122) Using 2 workers of 2 for evacuation
[77.215s][info][gc,phases   ] GC(122)   Pre Evacuate Collection Set: 0.21ms
[77.215s][info][gc,phases   ] GC(122)   Merge Heap Roots: 0.12ms
[77.215s][info][gc,phases   ] GC(122)   Evacuate Collection Set: 14.96ms
[77.215s][info][gc,phases   ] GC(122)   Post Evacuate Collection Set: 0.51ms
[77.215s][info][gc,phases   ] GC(122)   Other: 0.12ms
[77.216s][info][gc,heap     ] GC(122) Eden regions: 181->0(192)
[77.216s][info][gc,heap     ] GC(122) Survivor regions: 17->6(25)
[77.216s][info][gc,heap     ] GC(122) Old regions: 81->94
[77.216s][info][gc,heap     ] GC(122) Humongous regions: 1->1
[77.216s][info][gc,metaspace] GC(122) Metaspace: 39472K(39936K)->39472K(39936K) NonClass: 35346K(35584K)->35346K(35584K) Class: 4126K(4352K)->4126K(4352K)
[77.216s][info][gc          ] GC(122) Pause Young (Prepare Mixed) (G1 Evacuation Pause) 278M->98M(330M) 16.179ms
[77.216s][info][gc,cpu      ] GC(122) User=0.03s Sys=0.00s Real=0.02s
[78.713s][info][gc,start    ] GC(123) Pause Young (Mixed) (G1 Evacuation Pause)
[78.713s][info][gc,task     ] GC(123) Using 2 workers of 2 for evacuation
[78.721s][info][gc,phases   ] GC(123)   Pre Evacuate Collection Set: 0.20ms
[78.721s][info][gc,phases   ] GC(123)   Merge Heap Roots: 0.16ms
[78.721s][info][gc,phases   ] GC(123)   Evacuate Collection Set: 6.63ms
[78.721s][info][gc,phases   ] GC(123)   Post Evacuate Collection Set: 0.59ms
[78.721s][info][gc,phases   ] GC(123)   Other: 0.09ms
[78.721s][info][gc,heap     ] GC(123) Eden regions: 192->0(193)
[78.721s][info][gc,heap     ] GC(123) Survivor regions: 6->5(25)
[78.721s][info][gc,heap     ] GC(123) Old regions: 94->90
[78.721s][info][gc,heap     ] GC(123) Humongous regions: 1->1
[78.721s][info][gc,metaspace] GC(123) Metaspace: 40335K(40768K)->40335K(40768K) NonClass: 36045K(36288K)->36045K(36288K) Class: 4290K(4480K)->4290K(4480K)
[78.721s][info][gc          ] GC(123) Pause Young (Mixed) (G1 Evacuation Pause) 290M->95M(330M) 7.883ms
[78.721s][info][gc,cpu      ] GC(123) User=0.02s Sys=0.00s Real=0.01s
[79.594s][info][gc,start    ] GC(124) Pause Young (Concurrent Start) (G1 Evacuation Pause)
[79.594s][info][gc,task     ] GC(124) Using 2 workers of 2 for evacuation
[79.604s][info][gc,phases   ] GC(124)   Pre Evacuate Collection Set: 0.18ms
[79.604s][info][gc,phases   ] GC(124)   Merge Heap Roots: 0.07ms
[79.604s][info][gc,phases   ] GC(124)   Evacuate Collection Set: 9.58ms
[79.604s][info][gc,phases   ] GC(124)   Post Evacuate Collection Set: 0.56ms
[79.604s][info][gc,phases   ] GC(124)   Other: 0.12ms
[79.604s][info][gc,heap     ] GC(124) Eden regions: 193->0(187)
[79.604s][info][gc,heap     ] GC(124) Survivor regions: 5->11(25)
[79.604s][info][gc,heap     ] GC(124) Old regions: 90->90
[79.604s][info][gc,heap     ] GC(124) Humongous regions: 1->1
[79.604s][info][gc,metaspace] GC(124) Metaspace: 40384K(40832K)->40384K(40832K) NonClass: 36094K(36352K)->36094K(36352K) Class: 4290K(4480K)->4290K(4480K)
[79.604s][info][gc          ] GC(124) Pause Young (Concurrent Start) (G1 Evacuation Pause) 288M->101M(330M) 10.747ms
[79.604s][info][gc,cpu      ] GC(124) User=0.02s Sys=0.00s Real=0.01s
[79.604s][info][gc          ] GC(125) Concurrent Mark Cycle
[79.604s][info][gc,marking  ] GC(125) Concurrent Scan Root Regions
[79.613s][info][gc,marking  ] GC(125) Concurrent Scan Root Regions 8.376ms
[79.613s][info][gc,marking  ] GC(125) Concurrent Mark
[79.613s][info][gc,marking  ] GC(125) Concurrent Mark From Roots
[79.613s][info][gc,task     ] GC(125) Using 1 workers of 1 for marking
[79.739s][info][gc,marking  ] GC(125) Concurrent Mark From Roots 126.402ms
[79.739s][info][gc,marking  ] GC(125) Concurrent Preclean
[79.739s][info][gc,marking  ] GC(125) Concurrent Preclean 0.044ms
[79.740s][info][gc,start    ] GC(125) Pause Remark
[79.756s][info][gc          ] GC(125) Pause Remark 122M->117M(324M) 16.702ms
[79.756s][info][gc,cpu      ] GC(125) User=0.03s Sys=0.00s Real=0.02s
[79.758s][info][gc,marking  ] GC(125) Concurrent Mark 145.251ms
[79.758s][info][gc,marking  ] GC(125) Concurrent Rebuild Remembered Sets and Scrub Regions
[79.791s][info][gc,marking  ] GC(125) Concurrent Rebuild Remembered Sets and Scrub Regions 33.142ms
[79.792s][info][gc,start    ] GC(125) Pause Cleanup
[79.792s][info][gc          ] GC(125) Pause Cleanup 119M->119M(324M) 0.069ms
[79.792s][info][gc,cpu      ] GC(125) User=0.00s Sys=0.00s Real=0.00s
[79.792s][info][gc,marking  ] GC(125) Concurrent Clear Claimed Marks
[79.792s][info][gc,marking  ] GC(125) Concurrent Clear Claimed Marks 0.041ms
[79.792s][info][gc,marking  ] GC(125) Concurrent Cleanup for Next Mark
[79.793s][info][gc,marking  ] GC(125) Concurrent Cleanup for Next Mark 0.947ms
[79.793s][info][gc          ] GC(125) Concurrent Mark Cycle 188.809ms
[81.534s][info][gc,start    ] GC(126) Pause Young (Prepare Mixed) (G1 Evacuation Pause)
[81.534s][info][gc,task     ] GC(126) Using 2 workers of 2 for evacuation
[81.542s][info][gc,phases   ] GC(126)   Pre Evacuate Collection Set: 0.19ms
[81.542s][info][gc,phases   ] GC(126)   Merge Heap Roots: 0.10ms
[81.542s][info][gc,phases   ] GC(126)   Evacuate Collection Set: 6.64ms
[81.542s][info][gc,phases   ] GC(126)   Post Evacuate Collection Set: 0.58ms
[81.542s][info][gc,phases   ] GC(126)   Other: 0.10ms
[81.542s][info][gc,heap     ] GC(126) Eden regions: 183->0(188)
[81.542s][info][gc,heap     ] GC(126) Survivor regions: 11->6(25)
[81.542s][info][gc,heap     ] GC(126) Old regions: 85->85
[81.542s][info][gc,heap     ] GC(126) Humongous regions: 11->1
[81.542s][info][gc,metaspace] GC(126) Metaspace: 40860K(41344K)->40860K(41344K) NonClass: 36530K(36800K)->36530K(36800K) Class: 4330K(4544K)->4330K(4544K)
[81.542s][info][gc          ] GC(126) Pause Young (Prepare Mixed) (G1 Evacuation Pause) 289M->90M(324M) 7.806ms
[81.542s][info][gc,cpu      ] GC(126) User=0.01s Sys=0.00s Real=0.01s
[82.526s][info][gc,start    ] GC(127) Pause Young (Mixed) (G1 Evacuation Pause)
[82.526s][info][gc,task     ] GC(127) Using 2 workers of 2 for evacuation
[82.569s][info][gc,phases   ] GC(127)   Pre Evacuate Collection Set: 0.28ms
[82.569s][info][gc,phases   ] GC(127)   Merge Heap Roots: 0.22ms
[82.569s][info][gc,phases   ] GC(127)   Evacuate Collection Set: 41.38ms
[82.569s][info][gc,phases   ] GC(127)   Post Evacuate Collection Set: 0.72ms
[82.569s][info][gc,phases   ] GC(127)   Other: 0.07ms
[82.569s][info][gc,heap     ] GC(127) Eden regions: 188->0(172)
[82.569s][info][gc,heap     ] GC(127) Survivor regions: 6->22(25)
[82.569s][info][gc,heap     ] GC(127) Old regions: 85->58
[82.569s][info][gc,heap     ] GC(127) Humongous regions: 3->3
[82.569s][info][gc,metaspace] GC(127) Metaspace: 40954K(41408K)->40954K(41408K) NonClass: 36619K(36864K)->36619K(36864K) Class: 4335K(4544K)->4335K(4544K)
[82.569s][info][gc          ] GC(127) Pause Young (Mixed) (G1 Evacuation Pause) 280M->81M(324M) 42.873ms
[82.569s][info][gc,cpu      ] GC(127) User=0.09s Sys=0.00s Real=0.04s
[82.578s][info][gc,start    ] GC(128) Pause Young (Concurrent Start) (G1 Humongous Allocation)
[82.578s][info][gc,task     ] GC(128) Using 2 workers of 2 for evacuation
[82.597s][info][gc,phases   ] GC(128)   Pre Evacuate Collection Set: 0.16ms
[82.597s][info][gc,phases   ] GC(128)   Merge Heap Roots: 0.06ms
[82.597s][info][gc,phases   ] GC(128)   Evacuate Collection Set: 18.65ms
[82.597s][info][gc,phases   ] GC(128)   Post Evacuate Collection Set: 0.39ms
[82.597s][info][gc,phases   ] GC(128)   Other: 0.10ms
[82.597s][info][gc,heap     ] GC(128) Eden regions: 2->0(193)
[82.597s][info][gc,heap     ] GC(128) Survivor regions: 22->1(25)
[82.597s][info][gc,heap     ] GC(128) Old regions: 58->80
[82.597s][info][gc,heap     ] GC(128) Humongous regions: 3->3
[82.597s][info][gc,metaspace] GC(128) Metaspace: 40954K(41408K)->40954K(41408K) NonClass: 36619K(36864K)->36619K(36864K) Class: 4335K(4544K)->4335K(4544K)
[82.597s][info][gc          ] GC(128) Pause Young (Concurrent Start) (G1 Humongous Allocation) 83M->83M(324M) 19.549ms
[82.597s][info][gc,cpu      ] GC(128) User=0.04s Sys=0.00s Real=0.02s
[82.597s][info][gc          ] GC(129) Concurrent Mark Cycle
[82.597s][info][gc,marking  ] GC(129) Concurrent Scan Root Regions
[82.635s][info][gc,marking  ] GC(129) Concurrent Scan Root Regions 37.916ms
[82.635s][info][gc,marking  ] GC(129) Concurrent Mark
[82.635s][info][gc,marking  ] GC(129) Concurrent Mark From Roots
[82.635s][info][gc,task     ] GC(129) Using 1 workers of 1 for marking
[82.702s][info][gc,marking  ] GC(129) Concurrent Mark From Roots 66.697ms
[82.702s][info][gc,marking  ] GC(129) Concurrent Preclean
[82.702s][info][gc,marking  ] GC(129) Concurrent Preclean 0.261ms
[82.705s][info][gc,start    ] GC(129) Pause Remark
[82.723s][info][gc          ] GC(129) Pause Remark 98M->96M(277M) 18.183ms
[82.723s][info][gc,cpu      ] GC(129) User=0.03s Sys=0.00s Real=0.02s
[82.727s][info][gc,marking  ] GC(129) Concurrent Mark 91.940ms
[82.727s][info][gc,marking  ] GC(129) Concurrent Rebuild Remembered Sets and Scrub Regions
[82.797s][info][gc,marking  ] GC(129) Concurrent Rebuild Remembered Sets and Scrub Regions 69.716ms
[82.797s][info][gc,start    ] GC(129) Pause Cleanup
[82.797s][info][gc          ] GC(129) Pause Cleanup 112M->112M(277M) 0.086ms
[82.797s][info][gc,cpu      ] GC(129) User=0.00s Sys=0.00s Real=0.00s
[82.797s][info][gc,marking  ] GC(129) Concurrent Clear Claimed Marks
[82.798s][info][gc,marking  ] GC(129) Concurrent Clear Claimed Marks 0.051ms
[82.798s][info][gc,marking  ] GC(129) Concurrent Cleanup for Next Mark
[82.800s][info][gc,marking  ] GC(129) Concurrent Cleanup for Next Mark 2.919ms
[82.801s][info][gc          ] GC(129) Concurrent Mark Cycle 203.063ms
[83.340s][info][gc,start    ] GC(130) Pause Young (Prepare Mixed) (G1 Evacuation Pause)
[83.340s][info][gc,task     ] GC(130) Using 2 workers of 2 for evacuation
[83.364s][info][gc,phases   ] GC(130)   Pre Evacuate Collection Set: 0.22ms
[83.364s][info][gc,phases   ] GC(130)   Merge Heap Roots: 0.15ms
[83.364s][info][gc,phases   ] GC(130)   Evacuate Collection Set: 22.64ms
[83.364s][info][gc,phases   ] GC(130)   Post Evacuate Collection Set: 0.50ms
[83.364s][info][gc,phases   ] GC(130)   Other: 0.08ms
[83.364s][info][gc,heap     ] GC(130) Eden regions: 165->0(139)
[83.364s][info][gc,heap     ] GC(130) Survivor regions: 1->19(21)
[83.364s][info][gc,heap     ] GC(130) Old regions: 78->78
[83.364s][info][gc,heap     ] GC(130) Humongous regions: 6->6
[83.364s][info][gc,metaspace] GC(130) Metaspace: 40963K(41472K)->40963K(41472K) NonClass: 36627K(36928K)->36627K(36928K) Class: 4335K(4544K)->4335K(4544K)
[83.364s][info][gc          ] GC(130) Pause Young (Prepare Mixed) (G1 Evacuation Pause) 249M->101M(277M) 23.796ms
[83.364s][info][gc,cpu      ] GC(130) User=0.04s Sys=0.00s Real=0.03s
[83.790s][info][gc,start    ] GC(131) Pause Young (Mixed) (G1 Evacuation Pause)
[83.790s][info][gc,task     ] GC(131) Using 2 workers of 2 for evacuation
[83.830s][info][gc,phases   ] GC(131)   Pre Evacuate Collection Set: 0.18ms
[83.830s][info][gc,phases   ] GC(131)   Merge Heap Roots: 0.15ms
[83.830s][info][gc,phases   ] GC(131)   Evacuate Collection Set: 38.88ms
[83.830s][info][gc,phases   ] GC(131)   Post Evacuate Collection Set: 0.48ms
[83.830s][info][gc,phases   ] GC(131)   Other: 0.09ms
[83.830s][info][gc,heap     ] GC(131) Eden regions: 139->0(136)
[83.830s][info][gc,heap     ] GC(131) Survivor regions: 19->15(20)
[83.830s][info][gc,heap     ] GC(131) Old regions: 78->84
[83.830s][info][gc,heap     ] GC(131) Humongous regions: 6->6
[83.830s][info][gc,metaspace] GC(131) Metaspace: 40967K(41472K)->40967K(41472K) NonClass: 36632K(36928K)->36632K(36928K) Class: 4335K(4544K)->4335K(4544K)
[83.830s][info][gc          ] GC(131) Pause Young (Mixed) (G1 Evacuation Pause) 240M->104M(277M) 40.019ms
[83.830s][info][gc,cpu      ] GC(131) User=0.08s Sys=0.00s Real=0.04s
[84.433s][info][gc,start    ] GC(132) Pause Young (Concurrent Start) (G1 Evacuation Pause)
[84.433s][info][gc,task     ] GC(132) Using 2 workers of 2 for evacuation
[84.466s][info][gc,phases   ] GC(132)   Pre Evacuate Collection Set: 0.16ms
[84.466s][info][gc,phases   ] GC(132)   Merge Heap Roots: 0.08ms
[84.466s][info][gc,phases   ] GC(132)   Evacuate Collection Set: 32.16ms
[84.466s][info][gc,phases   ] GC(132)   Post Evacuate Collection Set: 0.44ms
[84.466s][info][gc,phases   ] GC(132)   Other: 0.13ms
[84.466s][info][gc,heap     ] GC(132) Eden regions: 136->0(124)
[84.466s][info][gc,heap     ] GC(132) Survivor regions: 15->15(19)
[84.466s][info][gc,heap     ] GC(132) Old regions: 84->99
[84.466s][info][gc,heap     ] GC(132) Humongous regions: 6->6
[84.466s][info][gc,metaspace] GC(132) Metaspace: 40977K(41472K)->40977K(41472K) NonClass: 36642K(36928K)->36642K(36928K) Class: 4335K(4544K)->4335K(4544K)
[84.466s][info][gc          ] GC(132) Pause Young (Concurrent Start) (G1 Evacuation Pause) 240M->119M(277M) 33.161ms
[84.466s][info][gc,cpu      ] GC(132) User=0.07s Sys=0.00s Real=0.03s
[84.466s][info][gc          ] GC(133) Concurrent Mark Cycle
[84.466s][info][gc,marking  ] GC(133) Concurrent Scan Root Regions
[84.520s][info][gc,marking  ] GC(133) Concurrent Scan Root Regions 54.278ms
[84.520s][info][gc,marking  ] GC(133) Concurrent Mark
[84.520s][info][gc,marking  ] GC(133) Concurrent Mark From Roots
[84.520s][info][gc,task     ] GC(133) Using 1 workers of 1 for marking
[84.752s][info][gc,marking  ] GC(133) Concurrent Mark From Roots 231.465ms
[84.752s][info][gc,marking  ] GC(133) Concurrent Preclean
[84.752s][info][gc,marking  ] GC(133) Concurrent Preclean 0.050ms
[84.752s][info][gc,start    ] GC(133) Pause Remark
[84.781s][info][gc          ] GC(133) Pause Remark 162M->161M(277M) 28.650ms
[84.781s][info][gc,cpu      ] GC(133) User=0.03s Sys=0.00s Real=0.03s
[84.781s][info][gc,marking  ] GC(133) Concurrent Mark 260.479ms
[84.781s][info][gc,marking  ] GC(133) Concurrent Rebuild Remembered Sets and Scrub Regions
[85.015s][info][gc,marking  ] GC(133) Concurrent Rebuild Remembered Sets and Scrub Regions 234.089ms
[85.015s][info][gc,start    ] GC(133) Pause Cleanup
[85.015s][info][gc          ] GC(133) Pause Cleanup 244M->244M(277M) 0.068ms
[85.015s][info][gc,cpu      ] GC(133) User=0.00s Sys=0.00s Real=0.00s
[85.015s][info][gc,marking  ] GC(133) Concurrent Clear Claimed Marks
[85.015s][info][gc,marking  ] GC(133) Concurrent Clear Claimed Marks 0.060ms
[85.015s][info][gc,marking  ] GC(133) Concurrent Cleanup for Next Mark
[85.016s][info][gc,marking  ] GC(133) Concurrent Cleanup for Next Mark 0.821ms
[85.016s][info][gc          ] GC(133) Concurrent Mark Cycle 550.242ms
[85.025s][info][gc,start    ] GC(134) Pause Young (Prepare Mixed) (G1 Evacuation Pause)
[85.025s][info][gc,task     ] GC(134) Using 2 workers of 2 for evacuation
[85.066s][info][gc,phases   ] GC(134)   Pre Evacuate Collection Set: 0.16ms
[85.066s][info][gc,phases   ] GC(134)   Merge Heap Roots: 0.13ms
[85.066s][info][gc,phases   ] GC(134)   Evacuate Collection Set: 39.34ms
[85.066s][info][gc,phases   ] GC(134)   Post Evacuate Collection Set: 0.44ms
[85.066s][info][gc,phases   ] GC(134)   Other: 0.09ms
[85.066s][info][gc,heap     ] GC(134) Eden regions: 124->0(109)
[85.066s][info][gc,heap     ] GC(134) Survivor regions: 15->15(18)
[85.066s][info][gc,heap     ] GC(134) Old regions: 99->113
[85.066s][info][gc,heap     ] GC(134) Humongous regions: 9->9
[85.066s][info][gc,metaspace] GC(134) Metaspace: 40982K(41472K)->40982K(41472K) NonClass: 36647K(36928K)->36647K(36928K) Class: 4335K(4544K)->4335K(4544K)
[85.066s][info][gc          ] GC(134) Pause Young (Prepare Mixed) (G1 Evacuation Pause) 246M->136M(277M) 40.365ms
[85.066s][info][gc,cpu      ] GC(134) User=0.08s Sys=0.00s Real=0.04s
[88.521s][info][gc,start    ] GC(135) Pause Young (Mixed) (G1 Evacuation Pause)
[88.521s][info][gc,task     ] GC(135) Using 2 workers of 2 for evacuation
[88.550s][info][gc,phases   ] GC(135)   Pre Evacuate Collection Set: 0.17ms
[88.550s][info][gc,phases   ] GC(135)   Merge Heap Roots: 0.16ms
[88.550s][info][gc,phases   ] GC(135)   Evacuate Collection Set: 28.39ms
[88.550s][info][gc,phases   ] GC(135)   Post Evacuate Collection Set: 0.50ms
[88.550s][info][gc,phases   ] GC(135)   Other: 0.07ms
[88.550s][info][gc,heap     ] GC(135) Eden regions: 109->0(116)
[88.550s][info][gc,heap     ] GC(135) Survivor regions: 15->7(16)
[88.550s][info][gc,heap     ] GC(135) Old regions: 113->118
[88.550s][info][gc,heap     ] GC(135) Humongous regions: 12->7
[88.550s][info][gc,metaspace] GC(135) Metaspace: 41128K(41600K)->41128K(41600K) NonClass: 36793K(37056K)->36793K(37056K) Class: 4335K(4544K)->4335K(4544K)
[88.550s][info][gc          ] GC(135) Pause Young (Mixed) (G1 Evacuation Pause) 248M->131M(277M) 29.483ms
[88.550s][info][gc,cpu      ] GC(135) User=0.06s Sys=0.00s Real=0.02s
[89.111s][info][gc,start    ] GC(136) Pause Young (Concurrent Start) (G1 Evacuation Pause)
[89.111s][info][gc,task     ] GC(136) Using 2 workers of 2 for evacuation
[89.123s][info][gc,phases   ] GC(136)   Pre Evacuate Collection Set: 0.18ms
[89.123s][info][gc,phases   ] GC(136)   Merge Heap Roots: 0.10ms
[89.123s][info][gc,phases   ] GC(136)   Evacuate Collection Set: 11.54ms
[89.123s][info][gc,phases   ] GC(136)   Post Evacuate Collection Set: 0.42ms
[89.123s][info][gc,phases   ] GC(136)   Other: 0.11ms
[89.123s][info][gc,heap     ] GC(136) Eden regions: 116->0(119)
[89.123s][info][gc,heap     ] GC(136) Survivor regions: 7->8(16)
[89.123s][info][gc,heap     ] GC(136) Old regions: 118->118
[89.123s][info][gc,heap     ] GC(136) Humongous regions: 7->7
[89.123s][info][gc,metaspace] GC(136) Metaspace: 41178K(41664K)->41178K(41664K) NonClass: 36843K(37120K)->36843K(37120K) Class: 4335K(4544K)->4335K(4544K)
[89.123s][info][gc          ] GC(136) Pause Young (Concurrent Start) (G1 Evacuation Pause) 247M->132M(277M) 12.550ms
[89.123s][info][gc          ] GC(137) Concurrent Mark Cycle
[89.123s][info][gc,marking  ] GC(137) Concurrent Scan Root Regions
[89.123s][info][gc,cpu      ] GC(136) User=0.03s Sys=0.00s Real=0.01s
[89.139s][info][gc,marking  ] GC(137) Concurrent Scan Root Regions 15.301ms
[89.139s][info][gc,marking  ] GC(137) Concurrent Mark
[89.139s][info][gc,marking  ] GC(137) Concurrent Mark From Roots
[89.139s][info][gc,task     ] GC(137) Using 1 workers of 1 for marking
[89.197s][info][gc,marking  ] GC(137) Concurrent Mark From Roots 58.052ms
[89.197s][info][gc,marking  ] GC(137) Concurrent Preclean
[89.197s][info][gc,marking  ] GC(137) Concurrent Preclean 0.068ms
[89.197s][info][gc,start    ] GC(137) Pause Remark
[89.216s][info][gc          ] GC(137) Pause Remark 145M->125M(277M) 18.664ms
[89.216s][info][gc,cpu      ] GC(137) User=0.03s Sys=0.00s Real=0.02s
[89.217s][info][gc,marking  ] GC(137) Concurrent Mark 78.735ms
[89.217s][info][gc,marking  ] GC(137) Concurrent Rebuild Remembered Sets and Scrub Regions
[89.247s][info][gc,marking  ] GC(137) Concurrent Rebuild Remembered Sets and Scrub Regions 29.949ms
[89.248s][info][gc,start    ] GC(137) Pause Cleanup
[89.248s][info][gc          ] GC(137) Pause Cleanup 135M->135M(277M) 0.087ms
[89.248s][info][gc,cpu      ] GC(137) User=0.00s Sys=0.00s Real=0.00s
[89.248s][info][gc,marking  ] GC(137) Concurrent Clear Claimed Marks
[89.248s][info][gc,marking  ] GC(137) Concurrent Clear Claimed Marks 0.039ms
[89.248s][info][gc,marking  ] GC(137) Concurrent Cleanup for Next Mark
[89.249s][info][gc,marking  ] GC(137) Concurrent Cleanup for Next Mark 0.853ms
[89.249s][info][gc          ] GC(137) Concurrent Mark Cycle 125.326ms
[89.562s][info][gc,start    ] GC(138) Pause Young (Prepare Mixed) (G1 Evacuation Pause)
[89.562s][info][gc,task     ] GC(138) Using 2 workers of 2 for evacuation
[89.576s][info][gc,phases   ] GC(138)   Pre Evacuate Collection Set: 0.18ms
[89.576s][info][gc,phases   ] GC(138)   Merge Heap Roots: 0.10ms
[89.576s][info][gc,phases   ] GC(138)   Evacuate Collection Set: 13.06ms
[89.576s][info][gc,phases   ] GC(138)   Post Evacuate Collection Set: 0.40ms
[89.576s][info][gc,phases   ] GC(138)   Other: 0.10ms
[89.576s][info][gc,heap     ] GC(138) Eden regions: 119->0(129)
[89.576s][info][gc,heap     ] GC(138) Survivor regions: 8->13(16)
[89.576s][info][gc,heap     ] GC(138) Old regions: 104->104
[89.576s][info][gc,heap     ] GC(138) Humongous regions: 3->3
[89.576s][info][gc,metaspace] GC(138) Metaspace: 41235K(41664K)->41235K(41664K) NonClass: 36900K(37120K)->36900K(37120K) Class: 4335K(4544K)->4335K(4544K)
[89.576s][info][gc          ] GC(138) Pause Young (Prepare Mixed) (G1 Evacuation Pause) 233M->119M(277M) 14.015ms
[89.576s][info][gc,cpu      ] GC(138) User=0.03s Sys=0.00s Real=0.01s
[89.897s][info][gc,start    ] GC(139) Pause Young (Mixed) (G1 Evacuation Pause)
[89.897s][info][gc,task     ] GC(139) Using 2 workers of 2 for evacuation
[89.926s][info][gc,phases   ] GC(139)   Pre Evacuate Collection Set: 0.19ms
[89.926s][info][gc,phases   ] GC(139)   Merge Heap Roots: 0.10ms
[89.926s][info][gc,phases   ] GC(139)   Evacuate Collection Set: 27.82ms
[89.926s][info][gc,phases   ] GC(139)   Post Evacuate Collection Set: 0.46ms
[89.926s][info][gc,phases   ] GC(139)   Other: 0.09ms
[89.926s][info][gc,heap     ] GC(139) Eden regions: 129->0(137)
[89.926s][info][gc,heap     ] GC(139) Survivor regions: 13->16(18)
[89.926s][info][gc,heap     ] GC(139) Old regions: 104->88
[89.926s][info][gc,heap     ] GC(139) Humongous regions: 4->4
[89.926s][info][gc,metaspace] GC(139) Metaspace: 41235K(41664K)->41235K(41664K) NonClass: 36900K(37120K)->36900K(37120K) Class: 4335K(4544K)->4335K(4544K)
[89.926s][info][gc          ] GC(139) Pause Young (Mixed) (G1 Evacuation Pause) 249M->107M(278M) 28.850ms
[89.926s][info][gc,cpu      ] GC(139) User=0.06s Sys=0.00s Real=0.03s
[90.280s][info][gc,start    ] GC(140) Pause Young (Mixed) (G1 Evacuation Pause)
[90.280s][info][gc,task     ] GC(140) Using 2 workers of 2 for evacuation
[90.315s][info][gc,phases   ] GC(140)   Pre Evacuate Collection Set: 0.16ms
[90.315s][info][gc,phases   ] GC(140)   Merge Heap Roots: 0.14ms
[90.315s][info][gc,phases   ] GC(140)   Evacuate Collection Set: 34.80ms
[90.315s][info][gc,phases   ] GC(140)   Post Evacuate Collection Set: 0.44ms
[90.315s][info][gc,phases   ] GC(140)   Other: 0.08ms
[90.315s][info][gc,heap     ] GC(140) Eden regions: 137->0(144)
[90.315s][info][gc,heap     ] GC(140) Survivor regions: 16->17(20)
[90.315s][info][gc,heap     ] GC(140) Old regions: 88->76
[90.315s][info][gc,heap     ] GC(140) Humongous regions: 6->6
[90.315s][info][gc,metaspace] GC(140) Metaspace: 41236K(41664K)->41236K(41664K) NonClass: 36900K(37120K)->36900K(37120K) Class: 4335K(4544K)->4335K(4544K)
[90.315s][info][gc          ] GC(140) Pause Young (Mixed) (G1 Evacuation Pause) 246M->98M(280M) 35.827ms
[90.315s][info][gc,cpu      ] GC(140) User=0.07s Sys=0.00s Real=0.04s
[90.675s][info][gc,start    ] GC(141) Pause Young (Mixed) (G1 Evacuation Pause)
[90.675s][info][gc,task     ] GC(141) Using 2 workers of 2 for evacuation
[90.716s][info][gc,phases   ] GC(141)   Pre Evacuate Collection Set: 0.19ms
[90.716s][info][gc,phases   ] GC(141)   Merge Heap Roots: 0.14ms
[90.716s][info][gc,phases   ] GC(141)   Evacuate Collection Set: 39.20ms
[90.716s][info][gc,phases   ] GC(141)   Post Evacuate Collection Set: 2.14ms
[90.717s][info][gc,phases   ] GC(141)   Other: 0.09ms
[90.717s][info][gc,heap     ] GC(141) Eden regions: 144->0(292)
[90.717s][info][gc,heap     ] GC(141) Survivor regions: 17->17(21)
[90.717s][info][gc,heap     ] GC(141) Old regions: 76->71
[90.717s][info][gc,heap     ] GC(141) Humongous regions: 6->6
[90.717s][info][gc,metaspace] GC(141) Metaspace: 41236K(41664K)->41236K(41664K) NonClass: 36900K(37120K)->36900K(37120K) Class: 4335K(4544K)->4335K(4544K)
[90.717s][info][gc          ] GC(141) Pause Young (Mixed) (G1 Evacuation Pause) 242M->93M(515M) 42.031ms
[90.717s][info][gc,cpu      ] GC(141) User=0.08s Sys=0.00s Real=0.04s
[90.875s][info][gc,start    ] GC(142) Pause Young (Concurrent Start) (G1 Humongous Allocation)
[90.875s][info][gc,task     ] GC(142) Using 2 workers of 2 for evacuation
[90.907s][info][gc,phases   ] GC(142)   Pre Evacuate Collection Set: 0.26ms
[90.908s][info][gc,phases   ] GC(142)   Merge Heap Roots: 0.08ms
[90.908s][info][gc,phases   ] GC(142)   Evacuate Collection Set: 31.22ms
[90.908s][info][gc,phases   ] GC(142)   Post Evacuate Collection Set: 0.40ms
[90.908s][info][gc,phases   ] GC(142)   Other: 0.12ms
[90.908s][info][gc,heap     ] GC(142) Eden regions: 52->0(286)
[90.908s][info][gc,heap     ] GC(142) Survivor regions: 17->23(39)
[90.908s][info][gc,heap     ] GC(142) Old regions: 71->71
[90.908s][info][gc,heap     ] GC(142) Humongous regions: 6->6
[90.908s][info][gc,metaspace] GC(142) Metaspace: 41236K(41664K)->41236K(41664K) NonClass: 36900K(37120K)->36900K(37120K) Class: 4335K(4544K)->4335K(4544K)
[90.908s][info][gc          ] GC(142) Pause Young (Concurrent Start) (G1 Humongous Allocation) 144M->99M(515M) 32.332ms
[90.908s][info][gc,cpu      ] GC(142) User=0.05s Sys=0.02s Real=0.03s
[90.908s][info][gc          ] GC(143) Concurrent Mark Cycle
[90.908s][info][gc,marking  ] GC(143) Concurrent Scan Root Regions
[90.930s][info][gc,marking  ] GC(143) Concurrent Scan Root Regions 21.827ms
[90.930s][info][gc,marking  ] GC(143) Concurrent Mark
[90.930s][info][gc,marking  ] GC(143) Concurrent Mark From Roots
[90.930s][info][gc,task     ] GC(143) Using 1 workers of 1 for marking
[91.015s][info][gc,marking  ] GC(143) Concurrent Mark From Roots 85.396ms
[91.015s][info][gc,marking  ] GC(143) Concurrent Preclean
[91.015s][info][gc,marking  ] GC(143) Concurrent Preclean 0.039ms
[91.015s][info][gc,start    ] GC(143) Pause Remark
[91.031s][info][gc          ] GC(143) Pause Remark 130M->128M(340M) 15.319ms
[91.031s][info][gc,cpu      ] GC(143) User=0.03s Sys=0.01s Real=0.02s
[91.032s][info][gc,marking  ] GC(143) Concurrent Mark 102.800ms
[91.032s][info][gc,marking  ] GC(143) Concurrent Rebuild Remembered Sets and Scrub Regions
[91.083s][info][gc,marking  ] GC(143) Concurrent Rebuild Remembered Sets and Scrub Regions 50.228ms
[91.083s][info][gc,start    ] GC(143) Pause Cleanup
[91.083s][info][gc          ] GC(143) Pause Cleanup 145M->145M(340M) 0.070ms
[91.083s][info][gc,cpu      ] GC(143) User=0.00s Sys=0.00s Real=0.00s
[91.083s][info][gc,marking  ] GC(143) Concurrent Clear Claimed Marks
[91.083s][info][gc,marking  ] GC(143) Concurrent Clear Claimed Marks 0.049ms
[91.083s][info][gc,marking  ] GC(143) Concurrent Cleanup for Next Mark
[91.085s][info][gc,marking  ] GC(143) Concurrent Cleanup for Next Mark 1.707ms
[91.085s][info][gc          ] GC(143) Concurrent Mark Cycle 177.118ms
[92.053s][info][gc,start    ] GC(144) Pause Young (Prepare Mixed) (G1 Evacuation Pause)
[92.053s][info][gc,task     ] GC(144) Using 2 workers of 2 for evacuation
[92.126s][info][gc,phases   ] GC(144)   Pre Evacuate Collection Set: 0.27ms
[92.126s][info][gc,phases   ] GC(144)   Merge Heap Roots: 0.20ms
[92.126s][info][gc,phases   ] GC(144)   Evacuate Collection Set: 72.00ms
[92.126s][info][gc,phases   ] GC(144)   Post Evacuate Collection Set: 0.57ms
[92.126s][info][gc,phases   ] GC(144)   Other: 0.07ms
[92.126s][info][gc,heap     ] GC(144) Eden regions: 181->0(155)
[92.126s][info][gc,heap     ] GC(144) Survivor regions: 23->26(26)
[92.126s][info][gc,heap     ] GC(144) Old regions: 70->94
[92.126s][info][gc,heap     ] GC(144) Humongous regions: 17->17
[92.126s][info][gc,metaspace] GC(144) Metaspace: 41236K(41664K)->41236K(41664K) NonClass: 36901K(37120K)->36901K(37120K) Class: 4335K(4544K)->4335K(4544K)
[92.126s][info][gc          ] GC(144) Pause Young (Prepare Mixed) (G1 Evacuation Pause) 290M->136M(341M) 73.302ms
[92.126s][info][gc,cpu      ] GC(144) User=0.15s Sys=0.00s Real=0.07s
[93.168s][info][gc,start    ] GC(145) Pause Young (Mixed) (G1 Evacuation Pause)
[93.168s][info][gc,task     ] GC(145) Using 2 workers of 2 for evacuation
[93.217s][info][gc,phases   ] GC(145)   Pre Evacuate Collection Set: 0.19ms
[93.217s][info][gc,phases   ] GC(145)   Merge Heap Roots: 0.24ms
[93.217s][info][gc,phases   ] GC(145)   Evacuate Collection Set: 48.28ms
[93.217s][info][gc,phases   ] GC(145)   Post Evacuate Collection Set: 0.43ms
[93.217s][info][gc,phases   ] GC(145)   Other: 0.07ms
[93.217s][info][gc,heap     ] GC(145) Eden regions: 155->0(152)
[93.217s][info][gc,heap     ] GC(145) Survivor regions: 26->11(23)
[93.217s][info][gc,heap     ] GC(145) Old regions: 94->116
[93.217s][info][gc,heap     ] GC(145) Humongous regions: 17->15
[93.217s][info][gc,metaspace] GC(145) Metaspace: 41240K(41664K)->41240K(41664K) NonClass: 36905K(37120K)->36905K(37120K) Class: 4335K(4544K)->4335K(4544K)
[93.217s][info][gc          ] GC(145) Pause Young (Mixed) (G1 Evacuation Pause) 291M->141M(341M) 49.406ms
[93.217s][info][gc,cpu      ] GC(145) User=0.09s Sys=0.00s Real=0.05s
[94.448s][info][gc,start    ] GC(146) Pause Young (Concurrent Start) (G1 Evacuation Pause)
[94.448s][info][gc,task     ] GC(146) Using 2 workers of 2 for evacuation
[94.457s][info][gc,phases   ] GC(146)   Pre Evacuate Collection Set: 0.20ms
[94.458s][info][gc,phases   ] GC(146)   Merge Heap Roots: 0.09ms
[94.458s][info][gc,phases   ] GC(146)   Evacuate Collection Set: 8.79ms
[94.458s][info][gc,phases   ] GC(146)   Post Evacuate Collection Set: 0.41ms
[94.458s][info][gc,phases   ] GC(146)   Other: 0.13ms
[94.458s][info][gc,heap     ] GC(146) Eden regions: 152->0(159)
[94.458s][info][gc,heap     ] GC(146) Survivor regions: 11->11(21)
[94.458s][info][gc,heap     ] GC(146) Old regions: 116->116
[94.458s][info][gc,heap     ] GC(146) Humongous regions: 15->15
[94.458s][info][gc,metaspace] GC(146) Metaspace: 41241K(41664K)->41241K(41664K) NonClass: 36906K(37120K)->36906K(37120K) Class: 4335K(4544K)->4335K(4544K)
[94.458s][info][gc          ] GC(146) Pause Young (Concurrent Start) (G1 Evacuation Pause) 293M->141M(341M) 9.835ms
[94.458s][info][gc,cpu      ] GC(146) User=0.02s Sys=0.00s Real=0.01s
[94.458s][info][gc          ] GC(147) Concurrent Mark Cycle
[94.458s][info][gc,marking  ] GC(147) Concurrent Scan Root Regions
[94.469s][info][gc,marking  ] GC(147) Concurrent Scan Root Regions 10.065ms
[94.469s][info][gc,marking  ] GC(147) Concurrent Mark
[94.469s][info][gc,marking  ] GC(147) Concurrent Mark From Roots
[94.469s][info][gc,task     ] GC(147) Using 1 workers of 1 for marking
[94.530s][info][gc,marking  ] GC(147) Concurrent Mark From Roots 61.037ms
[94.530s][info][gc,marking  ] GC(147) Concurrent Preclean
[94.530s][info][gc,marking  ] GC(147) Concurrent Preclean 0.039ms
[94.530s][info][gc,start    ] GC(147) Pause Remark
[94.545s][info][gc          ] GC(147) Pause Remark 151M->58M(256M) 15.179ms
[94.545s][info][gc,cpu      ] GC(147) User=0.03s Sys=0.00s Real=0.02s
[94.547s][info][gc,marking  ] GC(147) Concurrent Mark 78.850ms
[94.547s][info][gc,marking  ] GC(147) Concurrent Rebuild Remembered Sets and Scrub Regions
[94.570s][info][gc,marking  ] GC(147) Concurrent Rebuild Remembered Sets and Scrub Regions 22.325ms
[94.571s][info][gc,start    ] GC(147) Pause Cleanup
[94.571s][info][gc          ] GC(147) Pause Cleanup 60M->60M(256M) 0.054ms
[94.571s][info][gc,cpu      ] GC(147) User=0.00s Sys=0.00s Real=0.00s
[94.571s][info][gc,marking  ] GC(147) Concurrent Clear Claimed Marks
[94.571s][info][gc,marking  ] GC(147) Concurrent Clear Claimed Marks 0.038ms
[94.571s][info][gc,marking  ] GC(147) Concurrent Cleanup for Next Mark
[94.572s][info][gc,marking  ] GC(147) Concurrent Cleanup for Next Mark 0.784ms
[94.572s][info][gc          ] GC(147) Concurrent Mark Cycle 113.196ms
[95.456s][info][gc,start    ] GC(148) Pause Young (Prepare Mixed) (G1 Evacuation Pause)
[95.456s][info][gc,task     ] GC(148) Using 2 workers of 2 for evacuation
[95.464s][info][gc,phases   ] GC(148)   Pre Evacuate Collection Set: 0.15ms
[95.464s][info][gc,phases   ] GC(148)   Merge Heap Roots: 0.08ms
[95.464s][info][gc,phases   ] GC(148)   Evacuate Collection Set: 7.04ms
[95.464s][info][gc,phases   ] GC(148)   Post Evacuate Collection Set: 0.44ms
[95.464s][info][gc,phases   ] GC(148)   Other: 0.09ms
[95.464s][info][gc,heap     ] GC(148) Eden regions: 142->0(150)
[95.464s][info][gc,heap     ] GC(148) Survivor regions: 11->3(20)
[95.464s][info][gc,heap     ] GC(148) Old regions: 36->44
[95.464s][info][gc,heap     ] GC(148) Humongous regions: 1->1
[95.464s][info][gc,metaspace] GC(148) Metaspace: 41242K(41664K)->41242K(41664K) NonClass: 36906K(37120K)->36906K(37120K) Class: 4335K(4544K)->4335K(4544K)
[95.464s][info][gc          ] GC(148) Pause Young (Prepare Mixed) (G1 Evacuation Pause) 190M->47M(256M) 7.989ms
[95.464s][info][gc,cpu      ] GC(148) User=0.02s Sys=0.00s Real=0.01s
[96.390s][info][gc,start    ] GC(149) Pause Young (Mixed) (G1 Evacuation Pause)
[96.390s][info][gc,task     ] GC(149) Using 2 workers of 2 for evacuation
[96.407s][info][gc,phases   ] GC(149)   Pre Evacuate Collection Set: 0.15ms
[96.407s][info][gc,phases   ] GC(149)   Merge Heap Roots: 0.07ms
[96.407s][info][gc,phases   ] GC(149)   Evacuate Collection Set: 16.06ms
[96.407s][info][gc,phases   ] GC(149)   Post Evacuate Collection Set: 0.39ms
[96.407s][info][gc,phases   ] GC(149)   Other: 0.07ms
[96.407s][info][gc,heap     ] GC(149) Eden regions: 150->0(137)
[96.407s][info][gc,heap     ] GC(149) Survivor regions: 3->16(20)
[96.407s][info][gc,heap     ] GC(149) Old regions: 44->41
[96.407s][info][gc,heap     ] GC(149) Humongous regions: 1->1
[96.407s][info][gc,metaspace] GC(149) Metaspace: 41242K(41664K)->41242K(41664K) NonClass: 36906K(37120K)->36906K(37120K) Class: 4335K(4544K)->4335K(4544K)
[96.407s][info][gc          ] GC(149) Pause Young (Mixed) (G1 Evacuation Pause) 197M->58M(256M) 16.928ms
[96.407s][info][gc,cpu      ] GC(149) User=0.03s Sys=0.00s Real=0.02s
[96.975s][info][gc,start    ] GC(150) Pause Young (Concurrent Start) (G1 Humongous Allocation)
[96.975s][info][gc,task     ] GC(150) Using 2 workers of 2 for evacuation
[96.996s][info][gc,phases   ] GC(150)   Pre Evacuate Collection Set: 0.17ms
[96.996s][info][gc,phases   ] GC(150)   Merge Heap Roots: 0.06ms
[96.996s][info][gc,phases   ] GC(150)   Evacuate Collection Set: 19.72ms
[96.996s][info][gc,phases   ] GC(150)   Post Evacuate Collection Set: 0.38ms
[96.996s][info][gc,phases   ] GC(150)   Other: 0.10ms
[96.996s][info][gc,heap     ] GC(150) Eden regions: 79->0(144)
[96.996s][info][gc,heap     ] GC(150) Survivor regions: 16->9(20)
[96.996s][info][gc,heap     ] GC(150) Old regions: 41->57
[96.996s][info][gc,heap     ] GC(150) Humongous regions: 1->1
[96.996s][info][gc,metaspace] GC(150) Metaspace: 41243K(41664K)->41243K(41664K) NonClass: 36908K(37120K)->36908K(37120K) Class: 4335K(4544K)->4335K(4544K)
[96.996s][info][gc          ] GC(150) Pause Young (Concurrent Start) (G1 Humongous Allocation) 136M->66M(256M) 20.620ms
[96.996s][info][gc          ] GC(151) Concurrent Mark Cycle
[96.996s][info][gc,marking  ] GC(151) Concurrent Scan Root Regions
[96.996s][info][gc,cpu      ] GC(150) User=0.04s Sys=0.00s Real=0.02s
[97.021s][info][gc,marking  ] GC(151) Concurrent Scan Root Regions 24.876ms
[97.021s][info][gc,marking  ] GC(151) Concurrent Mark
[97.021s][info][gc,marking  ] GC(151) Concurrent Mark From Roots
[97.021s][info][gc,task     ] GC(151) Using 1 workers of 1 for marking
[97.056s][info][gc,marking  ] GC(151) Concurrent Mark From Roots 34.999ms
[97.056s][info][gc,marking  ] GC(151) Concurrent Preclean
[97.056s][info][gc,marking  ] GC(151) Concurrent Preclean 0.037ms
[97.056s][info][gc,start    ] GC(151) Pause Remark
[97.071s][info][gc          ] GC(151) Pause Remark 76M->76M(256M) 14.824ms
[97.071s][info][gc,cpu      ] GC(151) User=0.03s Sys=0.00s Real=0.02s
[97.071s][info][gc,marking  ] GC(151) Concurrent Mark 50.130ms
[97.071s][info][gc,marking  ] GC(151) Concurrent Rebuild Remembered Sets and Scrub Regions
[97.096s][info][gc,marking  ] GC(151) Concurrent Rebuild Remembered Sets and Scrub Regions 24.648ms
[97.096s][info][gc,start    ] GC(151) Pause Cleanup
[97.096s][info][gc          ] GC(151) Pause Cleanup 80M->80M(256M) 0.047ms
[97.096s][info][gc,cpu      ] GC(151) User=0.00s Sys=0.00s Real=0.00s
[97.098s][info][gc,marking  ] GC(151) Concurrent Clear Claimed Marks
[97.098s][info][gc,marking  ] GC(151) Concurrent Clear Claimed Marks 0.053ms
[97.098s][info][gc,marking  ] GC(151) Concurrent Cleanup for Next Mark
[97.099s][info][gc,marking  ] GC(151) Concurrent Cleanup for Next Mark 0.854ms
[97.099s][info][gc          ] GC(151) Concurrent Mark Cycle 102.775ms
[97.879s][info][gc,start    ] GC(152) Pause Young (Prepare Mixed) (G1 Evacuation Pause)
[97.879s][info][gc,task     ] GC(152) Using 2 workers of 2 for evacuation
[97.897s][info][gc,phases   ] GC(152)   Pre Evacuate Collection Set: 0.20ms
[97.897s][info][gc,phases   ] GC(152)   Merge Heap Roots: 0.17ms
[97.897s][info][gc,phases   ] GC(152)   Evacuate Collection Set: 16.77ms
[97.897s][info][gc,phases   ] GC(152)   Post Evacuate Collection Set: 0.53ms
[97.897s][info][gc,phases   ] GC(152)   Other: 0.07ms
[97.897s][info][gc,heap     ] GC(152) Eden regions: 144->0(137)
[97.897s][info][gc,heap     ] GC(152) Survivor regions: 9->16(20)
[97.897s][info][gc,heap     ] GC(152) Old regions: 57->57
[97.897s][info][gc,heap     ] GC(152) Humongous regions: 2->2
[97.897s][info][gc,metaspace] GC(152) Metaspace: 41243K(41664K)->41243K(41664K) NonClass: 36908K(37120K)->36908K(37120K) Class: 4335K(4544K)->4335K(4544K)
[97.897s][info][gc          ] GC(152) Pause Young (Prepare Mixed) (G1 Evacuation Pause) 211M->74M(256M) 17.966ms
[97.897s][info][gc,cpu      ] GC(152) User=0.04s Sys=0.00s Real=0.02s
[98.748s][info][gc,start    ] GC(153) Pause Young (Mixed) (G1 Evacuation Pause)
[98.748s][info][gc,task     ] GC(153) Using 2 workers of 2 for evacuation
[98.777s][info][gc,phases   ] GC(153)   Pre Evacuate Collection Set: 0.19ms
[98.777s][info][gc,phases   ] GC(153)   Merge Heap Roots: 0.09ms
[98.777s][info][gc,phases   ] GC(153)   Evacuate Collection Set: 28.04ms
[98.777s][info][gc,phases   ] GC(153)   Post Evacuate Collection Set: 0.47ms
[98.777s][info][gc,phases   ] GC(153)   Other: 0.10ms
[98.777s][info][gc,heap     ] GC(153) Eden regions: 137->0(133)
[98.777s][info][gc,heap     ] GC(153) Survivor regions: 16->16(20)
[98.777s][info][gc,heap     ] GC(153) Old regions: 57->66
[98.777s][info][gc,heap     ] GC(153) Humongous regions: 4->4
[98.777s][info][gc,metaspace] GC(153) Metaspace: 41244K(41728K)->41244K(41728K) NonClass: 36909K(37184K)->36909K(37184K) Class: 4335K(4544K)->4335K(4544K)
[98.777s][info][gc          ] GC(153) Pause Young (Mixed) (G1 Evacuation Pause) 213M->86M(256M) 29.108ms
[98.777s][info][gc,cpu      ] GC(153) User=0.06s Sys=0.00s Real=0.03s
[99.059s][info][gc,start    ] GC(154) Pause Young (Concurrent Start) (G1 Humongous Allocation)
[99.059s][info][gc,task     ] GC(154) Using 2 workers of 2 for evacuation
[99.086s][info][gc,phases   ] GC(154)   Pre Evacuate Collection Set: 0.19ms
[99.086s][info][gc,phases   ] GC(154)   Merge Heap Roots: 0.07ms
[99.086s][info][gc,phases   ] GC(154)   Evacuate Collection Set: 26.39ms
[99.086s][info][gc,phases   ] GC(154)   Post Evacuate Collection Set: 0.39ms
[99.086s][info][gc,phases   ] GC(154)   Other: 0.11ms
[99.086s][info][gc,heap     ] GC(154) Eden regions: 114->0(119)
[99.086s][info][gc,heap     ] GC(154) Survivor regions: 16->15(19)
[99.086s][info][gc,heap     ] GC(154) Old regions: 66->82
[99.086s][info][gc,heap     ] GC(154) Humongous regions: 4->4
[99.086s][info][gc,metaspace] GC(154) Metaspace: 41244K(41728K)->41244K(41728K) NonClass: 36909K(37184K)->36909K(37184K) Class: 4335K(4544K)->4335K(4544K)
[99.086s][info][gc          ] GC(154) Pause Young (Concurrent Start) (G1 Humongous Allocation) 199M->100M(256M) 27.387ms
[99.086s][info][gc,cpu      ] GC(154) User=0.06s Sys=0.00s Real=0.03s
[99.086s][info][gc          ] GC(155) Concurrent Mark Cycle
[99.086s][info][gc,marking  ] GC(155) Concurrent Scan Root Regions
[99.105s][info][gc,marking  ] GC(155) Concurrent Scan Root Regions 18.834ms
[99.105s][info][gc,marking  ] GC(155) Concurrent Mark
[99.105s][info][gc,marking  ] GC(155) Concurrent Mark From Roots
[99.105s][info][gc,task     ] GC(155) Using 1 workers of 1 for marking
[99.140s][info][gc,marking  ] GC(155) Concurrent Mark From Roots 34.606ms
[99.140s][info][gc,marking  ] GC(155) Concurrent Preclean
[99.140s][info][gc,marking  ] GC(155) Concurrent Preclean 0.035ms
[99.140s][info][gc,start    ] GC(155) Pause Remark
[99.155s][info][gc          ] GC(155) Pause Remark 121M->113M(256M) 14.834ms
[99.155s][info][gc,cpu      ] GC(155) User=0.03s Sys=0.00s Real=0.02s
[99.155s][info][gc,marking  ] GC(155) Concurrent Mark 49.863ms
[99.155s][info][gc,marking  ] GC(155) Concurrent Rebuild Remembered Sets and Scrub Regions
[99.183s][info][gc,marking  ] GC(155) Concurrent Rebuild Remembered Sets and Scrub Regions 28.366ms
[99.183s][info][gc,start    ] GC(155) Pause Cleanup
[99.184s][info][gc          ] GC(155) Pause Cleanup 125M->125M(256M) 0.058ms
[99.184s][info][gc,cpu      ] GC(155) User=0.00s Sys=0.00s Real=0.00s
[99.184s][info][gc,marking  ] GC(155) Concurrent Clear Claimed Marks
[99.184s][info][gc,marking  ] GC(155) Concurrent Clear Claimed Marks 0.041ms
[99.184s][info][gc,marking  ] GC(155) Concurrent Cleanup for Next Mark
[99.184s][info][gc,marking  ] GC(155) Concurrent Cleanup for Next Mark 0.727ms
[99.184s][info][gc          ] GC(155) Concurrent Mark Cycle 98.315ms
[99.393s][info][gc,start    ] GC(156) Pause Young (Prepare Mixed) (G1 Evacuation Pause)
[99.394s][info][gc,task     ] GC(156) Using 2 workers of 2 for evacuation
[99.423s][info][gc,phases   ] GC(156)   Pre Evacuate Collection Set: 0.16ms
[99.424s][info][gc,phases   ] GC(156)   Merge Heap Roots: 0.07ms
[99.424s][info][gc,phases   ] GC(156)   Evacuate Collection Set: 29.24ms
[99.424s][info][gc,phases   ] GC(156)   Post Evacuate Collection Set: 0.41ms
[99.424s][info][gc,phases   ] GC(156)   Other: 0.11ms
[99.424s][info][gc,heap     ] GC(156) Eden regions: 119->0(112)
[99.424s][info][gc,heap     ] GC(156) Survivor regions: 15->15(17)
[99.424s][info][gc,heap     ] GC(156) Old regions: 75->90
[99.424s][info][gc,heap     ] GC(156) Humongous regions: 4->4
[99.424s][info][gc,metaspace] GC(156) Metaspace: 41244K(41728K)->41244K(41728K) NonClass: 36909K(37184K)->36909K(37184K) Class: 4335K(4544K)->4335K(4544K)
[99.424s][info][gc          ] GC(156) Pause Young (Prepare Mixed) (G1 Evacuation Pause) 212M->108M(256M) 30.224ms
[99.424s][info][gc,cpu      ] GC(156) User=0.06s Sys=0.00s Real=0.03s
[99.709s][info][gc,start    ] GC(157) Pause Young (Mixed) (G1 Evacuation Pause)
[99.709s][info][gc,task     ] GC(157) Using 2 workers of 2 for evacuation
[99.746s][info][gc,phases   ] GC(157)   Pre Evacuate Collection Set: 0.22ms
[99.746s][info][gc,phases   ] GC(157)   Merge Heap Roots: 0.20ms
[99.746s][info][gc,phases   ] GC(157)   Evacuate Collection Set: 36.55ms
[99.746s][info][gc,phases   ] GC(157)   Post Evacuate Collection Set: 0.59ms
[99.746s][info][gc,phases   ] GC(157)   Other: 0.07ms
[99.746s][info][gc,heap     ] GC(157) Eden regions: 112->0(119)
[99.746s][info][gc,heap     ] GC(157) Survivor regions: 15->14(16)
[99.746s][info][gc,heap     ] GC(157) Old regions: 90->80
[99.746s][info][gc,heap     ] GC(157) Humongous regions: 6->6
[99.746s][info][gc,metaspace] GC(157) Metaspace: 41244K(41728K)->41244K(41728K) NonClass: 36909K(37184K)->36909K(37184K) Class: 4335K(4544K)->4335K(4544K)
[99.746s][info][gc          ] GC(157) Pause Young (Mixed) (G1 Evacuation Pause) 222M->99M(256M) 37.866ms
[99.747s][info][gc,cpu      ] GC(157) User=0.07s Sys=0.00s Real=0.04s
[100.036s][info][gc,start    ] GC(158) Pause Young (Concurrent Start) (G1 Evacuation Pause)
[100.036s][info][gc,task     ] GC(158) Using 2 workers of 2 for evacuation
[100.068s][info][gc,phases   ] GC(158)   Pre Evacuate Collection Set: 0.21ms
[100.068s][info][gc,phases   ] GC(158)   Merge Heap Roots: 0.09ms
[100.068s][info][gc,phases   ] GC(158)   Evacuate Collection Set: 30.57ms
[100.068s][info][gc,phases   ] GC(158)   Post Evacuate Collection Set: 0.42ms
[100.068s][info][gc,phases   ] GC(158)   Other: 0.09ms
[100.068s][info][gc,heap     ] GC(158) Eden regions: 119->0(110)
[100.068s][info][gc,heap     ] GC(158) Survivor regions: 14->14(17)
[100.068s][info][gc,heap     ] GC(158) Old regions: 80->93
[100.068s][info][gc,heap     ] GC(158) Humongous regions: 6->6
[100.068s][info][gc,metaspace] GC(158) Metaspace: 41244K(41728K)->41244K(41728K) NonClass: 36909K(37184K)->36909K(37184K) Class: 4335K(4544K)->4335K(4544K)
[100.068s][info][gc          ] GC(158) Pause Young (Concurrent Start) (G1 Evacuation Pause) 218M->113M(256M) 31.609ms
[100.068s][info][gc,cpu      ] GC(158) User=0.06s Sys=0.00s Real=0.03s
[100.068s][info][gc          ] GC(159) Concurrent Mark Cycle
[100.070s][info][gc,marking  ] GC(159) Concurrent Scan Root Regions
[100.116s][info][gc,marking  ] GC(159) Concurrent Scan Root Regions 45.279ms
[100.116s][info][gc,marking  ] GC(159) Concurrent Mark
[100.116s][info][gc,marking  ] GC(159) Concurrent Mark From Roots
[100.116s][info][gc,task     ] GC(159) Using 1 workers of 1 for marking
[100.243s][info][gc,marking  ] GC(159) Concurrent Mark From Roots 126.973ms
[100.243s][info][gc,marking  ] GC(159) Concurrent Preclean
[100.243s][info][gc,marking  ] GC(159) Concurrent Preclean 0.042ms
[100.243s][info][gc,start    ] GC(159) Pause Remark
[100.258s][info][gc          ] GC(159) Pause Remark 177M->166M(256M) 14.777ms
[100.258s][info][gc,cpu      ] GC(159) User=0.03s Sys=0.00s Real=0.01s
[100.260s][info][gc,marking  ] GC(159) Concurrent Mark 144.623ms
[100.260s][info][gc,marking  ] GC(159) Concurrent Rebuild Remembered Sets and Scrub Regions
[100.315s][info][gc,marking  ] GC(159) Concurrent Rebuild Remembered Sets and Scrub Regions 54.999ms
[100.316s][info][gc,start    ] GC(159) Pause Cleanup
[100.316s][info][gc          ] GC(159) Pause Cleanup 166M->166M(256M) 0.057ms
[100.316s][info][gc,cpu      ] GC(159) User=0.00s Sys=0.00s Real=0.00s
[100.316s][info][gc,marking  ] GC(159) Concurrent Clear Claimed Marks
[100.316s][info][gc,marking  ] GC(159) Concurrent Clear Claimed Marks 0.043ms
[100.316s][info][gc,marking  ] GC(159) Concurrent Cleanup for Next Mark
[100.317s][info][gc,marking  ] GC(159) Concurrent Cleanup for Next Mark 0.763ms
[100.317s][info][gc          ] GC(159) Concurrent Mark Cycle 248.789ms
[100.461s][info][gc,start    ] GC(160) Pause Young (Prepare Mixed) (G1 Evacuation Pause)
[100.461s][info][gc,task     ] GC(160) Using 2 workers of 2 for evacuation
[100.497s][info][gc,phases   ] GC(160)   Pre Evacuate Collection Set: 0.18ms
[100.497s][info][gc,phases   ] GC(160)   Merge Heap Roots: 0.14ms
[100.497s][info][gc,phases   ] GC(160)   Evacuate Collection Set: 34.72ms
[100.497s][info][gc,phases   ] GC(160)   Post Evacuate Collection Set: 0.45ms
[100.497s][info][gc,phases   ] GC(160)   Other: 0.10ms
[100.497s][info][gc,heap     ] GC(160) Eden regions: 110->0(106)
[100.497s][info][gc,heap     ] GC(160) Survivor regions: 14->13(16)
[100.497s][info][gc,heap     ] GC(160) Old regions: 83->97
[100.497s][info][gc,heap     ] GC(160) Humongous regions: 9->9
[100.497s][info][gc,metaspace] GC(160) Metaspace: 41244K(41728K)->41244K(41728K) NonClass: 36909K(37184K)->36909K(37184K) Class: 4335K(4544K)->4335K(4544K)
[100.497s][info][gc          ] GC(160) Pause Young (Prepare Mixed) (G1 Evacuation Pause) 216M->118M(256M) 35.827ms
[100.497s][info][gc,cpu      ] GC(160) User=0.07s Sys=0.00s Real=0.03s
[100.915s][info][gc,start    ] GC(161) Pause Young (Mixed) (G1 Evacuation Pause)
[100.915s][info][gc,task     ] GC(161) Using 2 workers of 2 for evacuation
[100.973s][info][gc,phases   ] GC(161)   Pre Evacuate Collection Set: 0.16ms
[100.973s][info][gc,phases   ] GC(161)   Merge Heap Roots: 0.29ms
[100.973s][info][gc,phases   ] GC(161)   Evacuate Collection Set: 57.34ms
[100.973s][info][gc,phases   ] GC(161)   Post Evacuate Collection Set: 0.52ms
[100.973s][info][gc,phases   ] GC(161)   Other: 0.10ms
[100.973s][info][gc,heap     ] GC(161) Eden regions: 106->0(92)
[100.973s][info][gc,heap     ] GC(161) Survivor regions: 13->15(15)
[100.973s][info][gc,heap     ] GC(161) Old regions: 97->107
[100.973s][info][gc,heap     ] GC(161) Humongous regions: 9->9
[100.974s][info][gc,metaspace] GC(161) Metaspace: 41244K(41728K)->41244K(41728K) NonClass: 36909K(37184K)->36909K(37184K) Class: 4335K(4544K)->4335K(4544K)
[100.974s][info][gc          ] GC(161) Pause Young (Mixed) (G1 Evacuation Pause) 224M->131M(258M) 58.733ms
[100.974s][info][gc,cpu      ] GC(161) User=0.11s Sys=0.00s Real=0.06s
[101.001s][info][gc,start    ] GC(162) Pause Young (Concurrent Start) (G1 Humongous Allocation)
[101.001s][info][gc,task     ] GC(162) Using 2 workers of 2 for evacuation
[101.023s][info][gc,phases   ] GC(162)   Pre Evacuate Collection Set: 0.18ms
[101.023s][info][gc,phases   ] GC(162)   Merge Heap Roots: 0.14ms
[101.023s][info][gc,phases   ] GC(162)   Evacuate Collection Set: 20.52ms
[101.023s][info][gc,phases   ] GC(162)   Post Evacuate Collection Set: 1.27ms
[101.023s][info][gc,phases   ] GC(162)   Other: 0.13ms
[101.023s][info][gc,heap     ] GC(162) Eden regions: 2->0(116)
[101.023s][info][gc,heap     ] GC(162) Survivor regions: 15->2(14)
[101.023s][info][gc,heap     ] GC(162) Old regions: 107->122
[101.023s][info][gc,heap     ] GC(162) Humongous regions: 9->9
[101.023s][info][gc,metaspace] GC(162) Metaspace: 41244K(41728K)->41244K(41728K) NonClass: 36909K(37184K)->36909K(37184K) Class: 4335K(4544K)->4335K(4544K)
[101.023s][info][gc          ] GC(162) Pause Young (Concurrent Start) (G1 Humongous Allocation) 133M->133M(402M) 22.472ms
[101.023s][info][gc,cpu      ] GC(162) User=0.04s Sys=0.00s Real=0.02s
[101.024s][info][gc          ] GC(163) Concurrent Mark Cycle
[101.024s][info][gc,marking  ] GC(163) Concurrent Scan Root Regions
[101.049s][info][gc,marking  ] GC(163) Concurrent Scan Root Regions 25.399ms
[101.049s][info][gc,marking  ] GC(163) Concurrent Mark
[101.049s][info][gc,marking  ] GC(163) Concurrent Mark From Roots
[101.049s][info][gc,task     ] GC(163) Using 1 workers of 1 for marking
[101.191s][info][gc,marking  ] GC(163) Concurrent Mark From Roots 142.036ms
[101.191s][info][gc,marking  ] GC(163) Concurrent Preclean
[101.191s][info][gc,marking  ] GC(163) Concurrent Preclean 0.041ms
[101.191s][info][gc,start    ] GC(163) Pause Remark
[101.206s][info][gc          ] GC(163) Pause Remark 145M->143M(402M) 14.534ms
[101.206s][info][gc,cpu      ] GC(163) User=0.03s Sys=0.00s Real=0.01s
[101.206s][info][gc,marking  ] GC(163) Concurrent Mark 156.953ms
[101.206s][info][gc,marking  ] GC(163) Concurrent Rebuild Remembered Sets and Scrub Regions
[101.289s][info][gc,marking  ] GC(163) Concurrent Rebuild Remembered Sets and Scrub Regions 83.425ms
[101.290s][info][gc,start    ] GC(163) Pause Cleanup
[101.290s][info][gc          ] GC(163) Pause Cleanup 152M->152M(402M) 0.069ms
[101.290s][info][gc,cpu      ] GC(163) User=0.00s Sys=0.00s Real=0.00s
[101.290s][info][gc,marking  ] GC(163) Concurrent Clear Claimed Marks
[101.290s][info][gc,marking  ] GC(163) Concurrent Clear Claimed Marks 0.045ms
[101.290s][info][gc,marking  ] GC(163) Concurrent Cleanup for Next Mark
[101.293s][info][gc,marking  ] GC(163) Concurrent Cleanup for Next Mark 2.812ms
[101.293s][info][gc          ] GC(163) Concurrent Mark Cycle 269.209ms
[102.274s][info][gc,start    ] GC(164) Pause Young (Prepare Mixed) (G1 Evacuation Pause)
[102.274s][info][gc,task     ] GC(164) Using 2 workers of 2 for evacuation
[102.313s][info][gc,phases   ] GC(164)   Pre Evacuate Collection Set: 0.21ms
[102.313s][info][gc,phases   ] GC(164)   Merge Heap Roots: 0.23ms
[102.313s][info][gc,phases   ] GC(164)   Evacuate Collection Set: 37.76ms
[102.313s][info][gc,phases   ] GC(164)   Post Evacuate Collection Set: 0.45ms
[102.313s][info][gc,phases   ] GC(164)   Other: 0.10ms
[102.313s][info][gc,heap     ] GC(164) Eden regions: 116->0(112)
[102.313s][info][gc,heap     ] GC(164) Survivor regions: 2->15(15)
[102.313s][info][gc,heap     ] GC(164) Old regions: 122->132
[102.313s][info][gc,heap     ] GC(164) Humongous regions: 15->13
[102.313s][info][gc,metaspace] GC(164) Metaspace: 41248K(41728K)->41248K(41728K) NonClass: 36913K(37184K)->36913K(37184K) Class: 4335K(4544K)->4335K(4544K)
[102.313s][info][gc          ] GC(164) Pause Young (Prepare Mixed) (G1 Evacuation Pause) 255M->159M(402M) 38.971ms
[102.313s][info][gc,cpu      ] GC(164) User=0.07s Sys=0.01s Real=0.04s
[102.809s][info][gc,start    ] GC(165) Pause Young (Mixed) (G1 Evacuation Pause)
[102.809s][info][gc,task     ] GC(165) Using 2 workers of 2 for evacuation
[102.833s][info][gc,phases   ] GC(165)   Pre Evacuate Collection Set: 0.20ms
[102.833s][info][gc,phases   ] GC(165)   Merge Heap Roots: 0.15ms
[102.833s][info][gc,phases   ] GC(165)   Evacuate Collection Set: 22.14ms
[102.833s][info][gc,phases   ] GC(165)   Post Evacuate Collection Set: 0.43ms
[102.833s][info][gc,phases   ] GC(165)   Other: 0.10ms
[102.833s][info][gc,heap     ] GC(165) Eden regions: 112->0(121)
[102.833s][info][gc,heap     ] GC(165) Survivor regions: 15->6(16)
[102.833s][info][gc,heap     ] GC(165) Old regions: 132->144
[102.833s][info][gc,heap     ] GC(165) Humongous regions: 13->13
[102.833s][info][gc,metaspace] GC(165) Metaspace: 41251K(41728K)->41251K(41728K) NonClass: 36916K(37184K)->36916K(37184K) Class: 4335K(4544K)->4335K(4544K)
[102.833s][info][gc          ] GC(165) Pause Young (Mixed) (G1 Evacuation Pause) 271M->162M(402M) 23.245ms
[102.833s][info][gc,cpu      ] GC(165) User=0.04s Sys=0.00s Real=0.03s
[103.450s][info][gc,start    ] GC(166) Pause Young (Concurrent Start) (G1 Evacuation Pause)
[103.450s][info][gc,task     ] GC(166) Using 2 workers of 2 for evacuation
[103.470s][info][gc,phases   ] GC(166)   Pre Evacuate Collection Set: 0.22ms
[103.470s][info][gc,phases   ] GC(166)   Merge Heap Roots: 0.07ms
[103.470s][info][gc,phases   ] GC(166)   Evacuate Collection Set: 19.02ms
[103.470s][info][gc,phases   ] GC(166)   Post Evacuate Collection Set: 0.41ms
[103.470s][info][gc,phases   ] GC(166)   Other: 0.17ms
[103.470s][info][gc,heap     ] GC(166) Eden regions: 121->0(125)
[103.470s][info][gc,heap     ] GC(166) Survivor regions: 6->16(16)
[103.470s][info][gc,heap     ] GC(166) Old regions: 144->145
[103.470s][info][gc,heap     ] GC(166) Humongous regions: 13->13
[103.470s][info][gc,metaspace] GC(166) Metaspace: 41252K(41728K)->41252K(41728K) NonClass: 36917K(37184K)->36917K(37184K) Class: 4335K(4544K)->4335K(4544K)
[103.470s][info][gc          ] GC(166) Pause Young (Concurrent Start) (G1 Evacuation Pause) 283M->173M(402M) 20.154ms
[103.471s][info][gc,cpu      ] GC(166) User=0.03s Sys=0.00s Real=0.03s
[103.472s][info][gc          ] GC(167) Concurrent Mark Cycle
[103.472s][info][gc,marking  ] GC(167) Concurrent Scan Root Regions
[103.486s][info][gc,marking  ] GC(167) Concurrent Scan Root Regions 13.488ms
[103.486s][info][gc,marking  ] GC(167) Concurrent Mark
[103.486s][info][gc,marking  ] GC(167) Concurrent Mark From Roots
[103.486s][info][gc,task     ] GC(167) Using 1 workers of 1 for marking
[103.526s][info][gc,marking  ] GC(167) Concurrent Mark From Roots 39.691ms
[103.526s][info][gc,marking  ] GC(167) Concurrent Preclean
[103.526s][info][gc,marking  ] GC(167) Concurrent Preclean 0.038ms
[103.526s][info][gc,start    ] GC(167) Pause Remark
[103.540s][info][gc          ] GC(167) Pause Remark 175M->71M(256M) 14.209ms
[103.540s][info][gc,cpu      ] GC(167) User=0.03s Sys=0.00s Real=0.01s
[103.541s][info][gc,marking  ] GC(167) Concurrent Mark 55.491ms
[103.541s][info][gc,marking  ] GC(167) Concurrent Rebuild Remembered Sets and Scrub Regions
[103.559s][info][gc,marking  ] GC(167) Concurrent Rebuild Remembered Sets and Scrub Regions 17.180ms
[103.559s][info][gc,start    ] GC(167) Pause Cleanup
[103.559s][info][gc          ] GC(167) Pause Cleanup 74M->74M(256M) 0.055ms
[103.559s][info][gc,cpu      ] GC(167) User=0.00s Sys=0.00s Real=0.00s
[103.560s][info][gc,marking  ] GC(167) Concurrent Clear Claimed Marks
[103.560s][info][gc,marking  ] GC(167) Concurrent Clear Claimed Marks 0.043ms
[103.560s][info][gc,marking  ] GC(167) Concurrent Cleanup for Next Mark
[103.560s][info][gc,marking  ] GC(167) Concurrent Cleanup for Next Mark 0.727ms
[103.560s][info][gc          ] GC(167) Concurrent Mark Cycle 87.989ms
[104.285s][info][gc,start    ] GC(168) Pause Young (Prepare Mixed) (G1 Evacuation Pause)
[104.285s][info][gc,task     ] GC(168) Using 2 workers of 2 for evacuation
[104.307s][info][gc,phases   ] GC(168)   Pre Evacuate Collection Set: 0.16ms
[104.307s][info][gc,phases   ] GC(168)   Merge Heap Roots: 0.08ms
[104.307s][info][gc,phases   ] GC(168)   Evacuate Collection Set: 21.76ms
[104.307s][info][gc,phases   ] GC(168)   Post Evacuate Collection Set: 0.41ms
[104.307s][info][gc,phases   ] GC(168)   Other: 0.13ms
[104.308s][info][gc,heap     ] GC(168) Eden regions: 125->0(105)
[104.308s][info][gc,heap     ] GC(168) Survivor regions: 16->16(18)
[104.308s][info][gc,heap     ] GC(168) Old regions: 53->64
[104.308s][info][gc,heap     ] GC(168) Humongous regions: 1->1
[104.308s][info][gc,metaspace] GC(168) Metaspace: 41252K(41728K)->41252K(41728K) NonClass: 36917K(37184K)->36917K(37184K) Class: 4335K(4544K)->4335K(4544K)
[104.308s][info][gc          ] GC(168) Pause Young (Prepare Mixed) (G1 Evacuation Pause) 194M->79M(256M) 22.794ms
[104.308s][info][gc,cpu      ] GC(168) User=0.04s Sys=0.00s Real=0.02s
[104.918s][info][gc,start    ] GC(169) Pause Young (Mixed) (G1 Evacuation Pause)
[104.918s][info][gc,task     ] GC(169) Using 2 workers of 2 for evacuation
[104.942s][info][gc,phases   ] GC(169)   Pre Evacuate Collection Set: 0.19ms
[104.942s][info][gc,phases   ] GC(169)   Merge Heap Roots: 0.10ms
[104.942s][info][gc,phases   ] GC(169)   Evacuate Collection Set: 22.67ms
[104.942s][info][gc,phases   ] GC(169)   Post Evacuate Collection Set: 0.41ms
[104.942s][info][gc,phases   ] GC(169)   Other: 0.08ms
[104.942s][info][gc,heap     ] GC(169) Eden regions: 105->0(108)
[104.942s][info][gc,heap     ] GC(169) Survivor regions: 16->11(16)
[104.942s][info][gc,heap     ] GC(169) Old regions: 64->72
[104.942s][info][gc,heap     ] GC(169) Humongous regions: 1->1
[104.942s][info][gc,metaspace] GC(169) Metaspace: 41252K(41728K)->41252K(41728K) NonClass: 36917K(37184K)->36917K(37184K) Class: 4335K(4544K)->4335K(4544K)
[104.942s][info][gc          ] GC(169) Pause Young (Mixed) (G1 Evacuation Pause) 184M->83M(256M) 23.684ms
[104.942s][info][gc,cpu      ] GC(169) User=0.04s Sys=0.00s Real=0.03s
[105.598s][info][gc,start    ] GC(170) Pause Young (Concurrent Start) (G1 Evacuation Pause)
[105.599s][info][gc,task     ] GC(170) Using 2 workers of 2 for evacuation
[105.618s][info][gc,phases   ] GC(170)   Pre Evacuate Collection Set: 0.18ms
[105.618s][info][gc,phases   ] GC(170)   Merge Heap Roots: 0.07ms
[105.618s][info][gc,phases   ] GC(170)   Evacuate Collection Set: 19.14ms
[105.618s][info][gc,phases   ] GC(170)   Post Evacuate Collection Set: 0.37ms
[105.618s][info][gc,phases   ] GC(170)   Other: 0.12ms
[105.619s][info][gc,heap     ] GC(170) Eden regions: 108->0(108)
[105.619s][info][gc,heap     ] GC(170) Survivor regions: 11->10(15)
[105.619s][info][gc,heap     ] GC(170) Old regions: 72->82
[105.619s][info][gc,heap     ] GC(170) Humongous regions: 1->1
[105.619s][info][gc,metaspace] GC(170) Metaspace: 41252K(41728K)->41252K(41728K) NonClass: 36917K(37184K)->36917K(37184K) Class: 4335K(4544K)->4335K(4544K)
[105.619s][info][gc          ] GC(170) Pause Young (Concurrent Start) (G1 Evacuation Pause) 191M->92M(256M) 20.133ms
[105.619s][info][gc          ] GC(171) Concurrent Mark Cycle
[105.619s][info][gc,marking  ] GC(171) Concurrent Scan Root Regions
[105.620s][info][gc,cpu      ] GC(170) User=0.05s Sys=0.00s Real=0.03s
[105.633s][info][gc,marking  ] GC(171) Concurrent Scan Root Regions 14.007ms
[105.633s][info][gc,marking  ] GC(171) Concurrent Mark
[105.633s][info][gc,marking  ] GC(171) Concurrent Mark From Roots
[105.633s][info][gc,task     ] GC(171) Using 1 workers of 1 for marking
[105.675s][info][gc,marking  ] GC(171) Concurrent Mark From Roots 42.247ms
[105.675s][info][gc,marking  ] GC(171) Concurrent Preclean
[105.675s][info][gc,marking  ] GC(171) Concurrent Preclean 0.040ms
[105.675s][info][gc,start    ] GC(171) Pause Remark
[105.690s][info][gc          ] GC(171) Pause Remark 99M->92M(256M) 14.617ms
[105.690s][info][gc,cpu      ] GC(171) User=0.03s Sys=0.00s Real=0.01s
[105.690s][info][gc,marking  ] GC(171) Concurrent Mark 57.204ms
[105.690s][info][gc,marking  ] GC(171) Concurrent Rebuild Remembered Sets and Scrub Regions
[105.717s][info][gc,marking  ] GC(171) Concurrent Rebuild Remembered Sets and Scrub Regions 27.205ms
[105.717s][info][gc,start    ] GC(171) Pause Cleanup
[105.717s][info][gc          ] GC(171) Pause Cleanup 97M->97M(256M) 0.068ms
[105.717s][info][gc,cpu      ] GC(171) User=0.00s Sys=0.00s Real=0.00s
[105.717s][info][gc,marking  ] GC(171) Concurrent Clear Claimed Marks
[105.717s][info][gc,marking  ] GC(171) Concurrent Clear Claimed Marks 0.057ms
[105.717s][info][gc,marking  ] GC(171) Concurrent Cleanup for Next Mark
[105.718s][info][gc,marking  ] GC(171) Concurrent Cleanup for Next Mark 0.731ms
[105.718s][info][gc          ] GC(171) Concurrent Mark Cycle 99.610ms
[106.310s][info][gc,start    ] GC(172) Pause Young (Prepare Mixed) (G1 Evacuation Pause)
[106.310s][info][gc,task     ] GC(172) Using 2 workers of 2 for evacuation
[106.323s][info][gc,phases   ] GC(172)   Pre Evacuate Collection Set: 0.19ms
[106.323s][info][gc,phases   ] GC(172)   Merge Heap Roots: 0.08ms
[106.323s][info][gc,phases   ] GC(172)   Evacuate Collection Set: 12.30ms
[106.323s][info][gc,phases   ] GC(172)   Post Evacuate Collection Set: 0.36ms
[106.323s][info][gc,phases   ] GC(172)   Other: 0.11ms
[106.323s][info][gc,heap     ] GC(172) Eden regions: 108->0(112)
[106.323s][info][gc,heap     ] GC(172) Survivor regions: 10->12(15)
[106.323s][info][gc,heap     ] GC(172) Old regions: 75->77
[106.323s][info][gc,heap     ] GC(172) Humongous regions: 2->2
[106.323s][info][gc,metaspace] GC(172) Metaspace: 41252K(41728K)->41252K(41728K) NonClass: 36917K(37184K)->36917K(37184K) Class: 4335K(4544K)->4335K(4544K)
[106.323s][info][gc          ] GC(172) Pause Young (Prepare Mixed) (G1 Evacuation Pause) 194M->90M(256M) 13.220ms
[106.323s][info][gc,cpu      ] GC(172) User=0.02s Sys=0.00s Real=0.02s
[106.990s][info][gc,start    ] GC(173) Pause Young (Mixed) (G1 Evacuation Pause)
[106.990s][info][gc,task     ] GC(173) Using 2 workers of 2 for evacuation
[107.010s][info][gc,phases   ] GC(173)   Pre Evacuate Collection Set: 0.16ms
[107.010s][info][gc,phases   ] GC(173)   Merge Heap Roots: 0.18ms
[107.010s][info][gc,phases   ] GC(173)   Evacuate Collection Set: 18.56ms
[107.010s][info][gc,phases   ] GC(173)   Post Evacuate Collection Set: 0.48ms
[107.010s][info][gc,phases   ] GC(173)   Other: 0.09ms
[107.010s][info][gc,heap     ] GC(173) Eden regions: 112->0(129)
[107.010s][info][gc,heap     ] GC(173) Survivor regions: 12->10(16)
[107.010s][info][gc,heap     ] GC(173) Old regions: 77->58
[107.010s][info][gc,heap     ] GC(173) Humongous regions: 2->2
[107.010s][info][gc,metaspace] GC(173) Metaspace: 41253K(41728K)->41253K(41728K) NonClass: 36917K(37184K)->36917K(37184K) Class: 4335K(4544K)->4335K(4544K)
[107.010s][info][gc          ] GC(173) Pause Young (Mixed) (G1 Evacuation Pause) 202M->69M(256M) 19.656ms
[107.010s][info][gc,cpu      ] GC(173) User=0.03s Sys=0.00s Real=0.02s
[107.768s][info][gc,start    ] GC(174) Pause Young (Mixed) (G1 Evacuation Pause)
[107.768s][info][gc,task     ] GC(174) Using 2 workers of 2 for evacuation
[107.795s][info][gc,phases   ] GC(174)   Pre Evacuate Collection Set: 0.15ms
[107.795s][info][gc,phases   ] GC(174)   Merge Heap Roots: 0.11ms
[107.795s][info][gc,phases   ] GC(174)   Evacuate Collection Set: 25.80ms
[107.795s][info][gc,phases   ] GC(174)   Post Evacuate Collection Set: 0.54ms
[107.795s][info][gc,phases   ] GC(174)   Other: 0.07ms
[107.795s][info][gc,heap     ] GC(174) Eden regions: 129->0(118)
[107.795s][info][gc,heap     ] GC(174) Survivor regions: 10->16(18)
[107.795s][info][gc,heap     ] GC(174) Old regions: 58->67
[107.795s][info][gc,heap     ] GC(174) Humongous regions: 6->4
[107.795s][info][gc,metaspace] GC(174) Metaspace: 41276K(41792K)->41276K(41792K) NonClass: 36941K(37248K)->36941K(37248K) Class: 4335K(4544K)->4335K(4544K)
[107.795s][info][gc          ] GC(174) Pause Young (Mixed) (G1 Evacuation Pause) 202M->86M(256M) 26.858ms
[107.795s][info][gc,cpu      ] GC(174) User=0.05s Sys=0.00s Real=0.03s
[107.945s][info][gc,start    ] GC(175) Pause Young (Concurrent Start) (G1 Humongous Allocation)
[107.945s][info][gc,task     ] GC(175) Using 2 workers of 2 for evacuation
[107.956s][info][gc,phases   ] GC(175)   Pre Evacuate Collection Set: 0.15ms
[107.956s][info][gc,phases   ] GC(175)   Merge Heap Roots: 0.05ms
[107.956s][info][gc,phases   ] GC(175)   Evacuate Collection Set: 10.99ms
[107.956s][info][gc,phases   ] GC(175)   Post Evacuate Collection Set: 0.31ms
[107.956s][info][gc,phases   ] GC(175)   Other: 0.10ms
[107.956s][info][gc,heap     ] GC(175) Eden regions: 20->0(129)
[107.956s][info][gc,heap     ] GC(175) Survivor regions: 16->2(17)
[107.956s][info][gc,heap     ] GC(175) Old regions: 67->77
[107.956s][info][gc,heap     ] GC(175) Humongous regions: 4->2
[107.956s][info][gc,metaspace] GC(175) Metaspace: 41276K(41792K)->41276K(41792K) NonClass: 36941K(37248K)->36941K(37248K) Class: 4335K(4544K)->4335K(4544K)
[107.956s][info][gc          ] GC(175) Pause Young (Concurrent Start) (G1 Humongous Allocation) 106M->80M(256M) 11.798ms
[107.956s][info][gc,cpu      ] GC(175) User=0.02s Sys=0.00s Real=0.01s
[107.958s][info][gc          ] GC(176) Concurrent Mark Cycle
[107.958s][info][gc,marking  ] GC(176) Concurrent Scan Root Regions
[107.977s][info][gc,marking  ] GC(176) Concurrent Scan Root Regions 18.309ms
[107.977s][info][gc,marking  ] GC(176) Concurrent Mark
[107.977s][info][gc,marking  ] GC(176) Concurrent Mark From Roots
[107.977s][info][gc,task     ] GC(176) Using 1 workers of 1 for marking
[108.059s][info][gc,marking  ] GC(176) Concurrent Mark From Roots 82.128ms
[108.059s][info][gc,marking  ] GC(176) Concurrent Preclean
[108.059s][info][gc,marking  ] GC(176) Concurrent Preclean 0.038ms
[108.061s][info][gc,start    ] GC(176) Pause Remark
[108.076s][info][gc          ] GC(176) Pause Remark 97M->86M(256M) 14.487ms
[108.076s][info][gc,cpu      ] GC(176) User=0.03s Sys=0.00s Real=0.01s
[108.080s][info][gc,marking  ] GC(176) Concurrent Mark 102.941ms
[108.080s][info][gc,marking  ] GC(176) Concurrent Rebuild Remembered Sets and Scrub Regions
[108.127s][info][gc,marking  ] GC(176) Concurrent Rebuild Remembered Sets and Scrub Regions 47.157ms
[108.127s][info][gc,start    ] GC(176) Pause Cleanup
[108.127s][info][gc          ] GC(176) Pause Cleanup 91M->91M(256M) 0.085ms
[108.127s][info][gc,cpu      ] GC(176) User=0.00s Sys=0.00s Real=0.00s
[108.130s][info][gc,marking  ] GC(176) Concurrent Clear Claimed Marks
[108.130s][info][gc,marking  ] GC(176) Concurrent Clear Claimed Marks 0.072ms
[108.130s][info][gc,marking  ] GC(176) Concurrent Cleanup for Next Mark
[108.131s][info][gc,marking  ] GC(176) Concurrent Cleanup for Next Mark 0.765ms
[108.131s][info][gc          ] GC(176) Concurrent Mark Cycle 172.895ms
[109.166s][info][gc,start    ] GC(177) Pause Young (Prepare Mixed) (G1 Evacuation Pause)
[109.166s][info][gc,task     ] GC(177) Using 2 workers of 2 for evacuation
[109.172s][info][gc,phases   ] GC(177)   Pre Evacuate Collection Set: 0.17ms
[109.172s][info][gc,phases   ] GC(177)   Merge Heap Roots: 0.06ms
[109.172s][info][gc,phases   ] GC(177)   Evacuate Collection Set: 5.47ms
[109.172s][info][gc,phases   ] GC(177)   Post Evacuate Collection Set: 0.38ms
[109.172s][info][gc,phases   ] GC(177)   Other: 0.10ms
[109.173s][info][gc,heap     ] GC(177) Eden regions: 129->0(135)
[109.173s][info][gc,heap     ] GC(177) Survivor regions: 2->7(17)
[109.173s][info][gc,heap     ] GC(177) Old regions: 67->67
[109.173s][info][gc,heap     ] GC(177) Humongous regions: 18->3
[109.173s][info][gc,metaspace] GC(177) Metaspace: 41277K(41792K)->41277K(41792K) NonClass: 36941K(37248K)->36941K(37248K) Class: 4335K(4544K)->4335K(4544K)
[109.173s][info][gc          ] GC(177) Pause Young (Prepare Mixed) (G1 Evacuation Pause) 215M->76M(256M) 6.362ms
[109.173s][info][gc,cpu      ] GC(177) User=0.01s Sys=0.01s Real=0.01s
[110.098s][info][gc,start    ] GC(178) Pause Young (Mixed) (G1 Evacuation Pause)
[110.098s][info][gc,task     ] GC(178) Using 2 workers of 2 for evacuation
[110.115s][info][gc,phases   ] GC(178)   Pre Evacuate Collection Set: 0.23ms
[110.115s][info][gc,phases   ] GC(178)   Merge Heap Roots: 0.27ms
[110.115s][info][gc,phases   ] GC(178)   Evacuate Collection Set: 15.54ms
[110.115s][info][gc,phases   ] GC(178)   Post Evacuate Collection Set: 0.51ms
[110.115s][info][gc,phases   ] GC(178)   Other: 0.08ms
[110.115s][info][gc,heap     ] GC(178) Eden regions: 135->0(145)
[110.115s][info][gc,heap     ] GC(178) Survivor regions: 7->8(18)
[110.115s][info][gc,heap     ] GC(178) Old regions: 67->48
[110.115s][info][gc,heap     ] GC(178) Humongous regions: 6->3
[110.115s][info][gc,metaspace] GC(178) Metaspace: 41283K(41792K)->41283K(41792K) NonClass: 36947K(37248K)->36947K(37248K) Class: 4335K(4544K)->4335K(4544K)
[110.115s][info][gc          ] GC(178) Pause Young (Mixed) (G1 Evacuation Pause) 214M->58M(256M) 16.830ms
[110.115s][info][gc,cpu      ] GC(178) User=0.03s Sys=0.00s Real=0.02s
[110.159s][info][gc,start    ] GC(179) Pause Young (Concurrent Start) (G1 Humongous Allocation)
[110.159s][info][gc,task     ] GC(179) Using 2 workers of 2 for evacuation
[110.162s][info][gc,phases   ] GC(179)   Pre Evacuate Collection Set: 0.16ms
[110.162s][info][gc,phases   ] GC(179)   Merge Heap Roots: 0.04ms
[110.162s][info][gc,phases   ] GC(179)   Evacuate Collection Set: 2.00ms
[110.162s][info][gc,phases   ] GC(179)   Post Evacuate Collection Set: 0.26ms
[110.162s][info][gc,phases   ] GC(179)   Other: 0.59ms
[110.162s][info][gc,heap     ] GC(179) Eden regions: 8->0(150)
[110.162s][info][gc,heap     ] GC(179) Survivor regions: 8->3(20)
[110.162s][info][gc,heap     ] GC(179) Old regions: 48->48
[110.162s][info][gc,heap     ] GC(179) Humongous regions: 3->1
[110.162s][info][gc,metaspace] GC(179) Metaspace: 41283K(41792K)->41283K(41792K) NonClass: 36948K(37248K)->36948K(37248K) Class: 4335K(4544K)->4335K(4544K)
[110.162s][info][gc          ] GC(179) Pause Young (Concurrent Start) (G1 Humongous Allocation) 66M->51M(256M) 3.220ms
[110.162s][info][gc          ] GC(180) Concurrent Mark Cycle
[110.162s][info][gc,marking  ] GC(180) Concurrent Scan Root Regions
[110.164s][info][gc,cpu      ] GC(179) User=0.01s Sys=0.00s Real=0.01s
[110.169s][info][gc,marking  ] GC(180) Concurrent Scan Root Regions 7.307ms
[110.169s][info][gc,marking  ] GC(180) Concurrent Mark
[110.169s][info][gc,marking  ] GC(180) Concurrent Mark From Roots
[110.169s][info][gc,task     ] GC(180) Using 1 workers of 1 for marking
[110.247s][info][gc,marking  ] GC(180) Concurrent Mark From Roots 77.773ms
[110.247s][info][gc,marking  ] GC(180) Concurrent Preclean
[110.247s][info][gc,marking  ] GC(180) Concurrent Preclean 0.040ms
[110.248s][info][gc,start    ] GC(180) Pause Remark
[110.265s][info][gc          ] GC(180) Pause Remark 65M->63M(256M) 16.518ms
[110.265s][info][gc,cpu      ] GC(180) User=0.03s Sys=0.00s Real=0.02s
[110.265s][info][gc,marking  ] GC(180) Concurrent Mark 95.618ms
[110.265s][info][gc,marking  ] GC(180) Concurrent Rebuild Remembered Sets and Scrub Regions
[110.299s][info][gc,marking  ] GC(180) Concurrent Rebuild Remembered Sets and Scrub Regions 33.693ms
[110.300s][info][gc,start    ] GC(180) Pause Cleanup
[110.300s][info][gc          ] GC(180) Pause Cleanup 67M->67M(256M) 0.054ms
[110.300s][info][gc,cpu      ] GC(180) User=0.00s Sys=0.00s Real=0.00s
[110.300s][info][gc,marking  ] GC(180) Concurrent Clear Claimed Marks
[110.300s][info][gc,marking  ] GC(180) Concurrent Clear Claimed Marks 0.065ms
[110.300s][info][gc,marking  ] GC(180) Concurrent Cleanup for Next Mark
[110.301s][info][gc,marking  ] GC(180) Concurrent Cleanup for Next Mark 0.752ms
[110.301s][info][gc          ] GC(180) Concurrent Mark Cycle 139.192ms
[110.957s][info][gc,start    ] GC(181) Pause Young (Prepare Mixed) (G1 Evacuation Pause)
[110.957s][info][gc,task     ] GC(181) Using 2 workers of 2 for evacuation
[110.990s][info][gc,phases   ] GC(181)   Pre Evacuate Collection Set: 0.19ms
[110.990s][info][gc,phases   ] GC(181)   Merge Heap Roots: 0.06ms
[110.990s][info][gc,phases   ] GC(181)   Evacuate Collection Set: 31.67ms
[110.990s][info][gc,phases   ] GC(181)   Post Evacuate Collection Set: 0.46ms
[110.990s][info][gc,phases   ] GC(181)   Other: 0.07ms
[110.990s][info][gc,heap     ] GC(181) Eden regions: 150->0(133)
[110.990s][info][gc,heap     ] GC(181) Survivor regions: 3->20(20)
[110.990s][info][gc,heap     ] GC(181) Old regions: 46->46
[110.990s][info][gc,heap     ] GC(181) Humongous regions: 9->3
[110.990s][info][gc,metaspace] GC(181) Metaspace: 41290K(41792K)->41290K(41792K) NonClass: 36955K(37248K)->36955K(37248K) Class: 4335K(4544K)->4335K(4544K)
[110.990s][info][gc          ] GC(181) Pause Young (Prepare Mixed) (G1 Evacuation Pause) 207M->68M(256M) 32.655ms
[110.990s][info][gc,cpu      ] GC(181) User=0.04s Sys=0.00s Real=0.03s
[111.948s][info][gc,start    ] GC(182) Pause Young (Mixed) (G1 Evacuation Pause)
[111.949s][info][gc,task     ] GC(182) Using 2 workers of 2 for evacuation
[111.956s][info][gc,phases   ] GC(182)   Pre Evacuate Collection Set: 0.15ms
[111.956s][info][gc,phases   ] GC(182)   Merge Heap Roots: 0.08ms
[111.956s][info][gc,phases   ] GC(182)   Evacuate Collection Set: 6.69ms
[111.956s][info][gc,phases   ] GC(182)   Post Evacuate Collection Set: 0.44ms
[111.956s][info][gc,phases   ] GC(182)   Other: 0.10ms
[111.956s][info][gc,heap     ] GC(182) Eden regions: 133->0(150)
[111.956s][info][gc,heap     ] GC(182) Survivor regions: 20->3(20)
[111.956s][info][gc,heap     ] GC(182) Old regions: 46->43
[111.956s][info][gc,heap     ] GC(182) Humongous regions: 9->3
[111.956s][info][gc,metaspace] GC(182) Metaspace: 41298K(41792K)->41298K(41792K) NonClass: 36963K(37248K)->36963K(37248K) Class: 4335K(4544K)->4335K(4544K)
[111.956s][info][gc          ] GC(182) Pause Young (Mixed) (G1 Evacuation Pause) 207M->47M(256M) 7.625ms
[111.956s][info][gc,cpu      ] GC(182) User=0.02s Sys=0.00s Real=0.01s
[112.039s][info][gc,start    ] GC(183) Pause Young (Concurrent Start) (G1 Humongous Allocation)
[112.039s][info][gc,task     ] GC(183) Using 2 workers of 2 for evacuation
[112.041s][info][gc,phases   ] GC(183)   Pre Evacuate Collection Set: 0.14ms
[112.041s][info][gc,phases   ] GC(183)   Merge Heap Roots: 0.04ms
[112.041s][info][gc,phases   ] GC(183)   Evacuate Collection Set: 1.54ms
[112.041s][info][gc,phases   ] GC(183)   Post Evacuate Collection Set: 0.27ms
[112.041s][info][gc,phases   ] GC(183)   Other: 0.11ms
[112.041s][info][gc,heap     ] GC(183) Eden regions: 21->0(151)
[112.041s][info][gc,heap     ] GC(183) Survivor regions: 3->2(20)
[112.041s][info][gc,heap     ] GC(183) Old regions: 43->43
[112.041s][info][gc,heap     ] GC(183) Humongous regions: 3->1
[112.041s][info][gc,metaspace] GC(183) Metaspace: 41305K(41792K)->41305K(41792K) NonClass: 36970K(37248K)->36970K(37248K) Class: 4335K(4544K)->4335K(4544K)
[112.041s][info][gc          ] GC(183) Pause Young (Concurrent Start) (G1 Humongous Allocation) 68M->44M(256M) 2.262ms
[112.041s][info][gc,cpu      ] GC(183) User=0.00s Sys=0.00s Real=0.01s
[112.041s][info][gc          ] GC(184) Concurrent Mark Cycle
[112.043s][info][gc,marking  ] GC(184) Concurrent Scan Root Regions
[112.047s][info][gc,marking  ] GC(184) Concurrent Scan Root Regions 4.032ms
[112.047s][info][gc,marking  ] GC(184) Concurrent Mark
[112.047s][info][gc,marking  ] GC(184) Concurrent Mark From Roots
[112.047s][info][gc,task     ] GC(184) Using 1 workers of 1 for marking
[112.135s][info][gc,marking  ] GC(184) Concurrent Mark From Roots 87.738ms
[112.135s][info][gc,marking  ] GC(184) Concurrent Preclean
[112.135s][info][gc,marking  ] GC(184) Concurrent Preclean 0.036ms
[112.135s][info][gc,start    ] GC(184) Pause Remark
[112.151s][info][gc          ] GC(184) Pause Remark 65M->65M(256M) 15.664ms
[112.151s][info][gc,cpu      ] GC(184) User=0.03s Sys=0.00s Real=0.02s
[112.153s][info][gc,marking  ] GC(184) Concurrent Mark 105.953ms
[112.153s][info][gc,marking  ] GC(184) Concurrent Rebuild Remembered Sets and Scrub Regions
[112.193s][info][gc,marking  ] GC(184) Concurrent Rebuild Remembered Sets and Scrub Regions 39.067ms
[112.193s][info][gc,start    ] GC(184) Pause Cleanup
[112.193s][info][gc          ] GC(184) Pause Cleanup 70M->70M(256M) 0.060ms
[112.193s][info][gc,cpu      ] GC(184) User=0.00s Sys=0.00s Real=0.00s
[112.193s][info][gc,marking  ] GC(184) Concurrent Clear Claimed Marks
[112.193s][info][gc,marking  ] GC(184) Concurrent Clear Claimed Marks 0.050ms
[112.193s][info][gc,marking  ] GC(184) Concurrent Cleanup for Next Mark
[112.194s][info][gc,marking  ] GC(184) Concurrent Cleanup for Next Mark 0.741ms
[112.194s][info][gc          ] GC(184) Concurrent Mark Cycle 153.160ms
[113.038s][info][gc,start    ] GC(185) Pause Young (Prepare Mixed) (G1 Evacuation Pause)
[113.038s][info][gc,task     ] GC(185) Using 2 workers of 2 for evacuation
[113.042s][info][gc,phases   ] GC(185)   Pre Evacuate Collection Set: 0.18ms
[113.042s][info][gc,phases   ] GC(185)   Merge Heap Roots: 0.06ms
[113.042s][info][gc,phases   ] GC(185)   Evacuate Collection Set: 3.05ms
[113.042s][info][gc,phases   ] GC(185)   Post Evacuate Collection Set: 0.41ms
[113.042s][info][gc,phases   ] GC(185)   Other: 0.09ms
[113.042s][info][gc,heap     ] GC(185) Eden regions: 151->0(150)
[113.042s][info][gc,heap     ] GC(185) Survivor regions: 2->3(20)
[113.042s][info][gc,heap     ] GC(185) Old regions: 43->43
[113.042s][info][gc,heap     ] GC(185) Humongous regions: 17->3
[113.042s][info][gc,metaspace] GC(185) Metaspace: 41310K(41792K)->41310K(41792K) NonClass: 36975K(37248K)->36975K(37248K) Class: 4335K(4544K)->4335K(4544K)
[113.042s][info][gc          ] GC(185) Pause Young (Prepare Mixed) (G1 Evacuation Pause) 211M->48M(256M) 3.940ms
[113.042s][info][gc,cpu      ] GC(185) User=0.01s Sys=0.00s Real=0.01s
[113.991s][info][gc,start    ] GC(186) Pause Young (Mixed) (G1 Evacuation Pause)
[113.991s][info][gc,task     ] GC(186) Using 2 workers of 2 for evacuation
[114.002s][info][gc,phases   ] GC(186)   Pre Evacuate Collection Set: 0.51ms
[114.002s][info][gc,phases   ] GC(186)   Merge Heap Roots: 0.11ms
[114.002s][info][gc,phases   ] GC(186)   Evacuate Collection Set: 9.47ms
[114.002s][info][gc,phases   ] GC(186)   Post Evacuate Collection Set: 0.45ms
[114.002s][info][gc,phases   ] GC(186)   Other: 0.09ms
[114.002s][info][gc,heap     ] GC(186) Eden regions: 150->0(147)
[114.002s][info][gc,heap     ] GC(186) Survivor regions: 3->6(20)
[114.002s][info][gc,heap     ] GC(186) Old regions: 43->40
[114.002s][info][gc,heap     ] GC(186) Humongous regions: 13->3
[114.002s][info][gc,metaspace] GC(186) Metaspace: 41322K(41792K)->41322K(41792K) NonClass: 36986K(37248K)->36986K(37248K) Class: 4335K(4544K)->4335K(4544K)
[114.002s][info][gc          ] GC(186) Pause Young (Mixed) (G1 Evacuation Pause) 208M->48M(256M) 10.798ms
[114.002s][info][gc,cpu      ] GC(186) User=0.02s Sys=0.00s Real=0.01s
[114.014s][info][gc,start    ] GC(187) Pause Young (Concurrent Start) (G1 Humongous Allocation)
[114.014s][info][gc,task     ] GC(187) Using 2 workers of 2 for evacuation
[114.019s][info][gc,phases   ] GC(187)   Pre Evacuate Collection Set: 0.14ms
[114.019s][info][gc,phases   ] GC(187)   Merge Heap Roots: 0.06ms
[114.019s][info][gc,phases   ] GC(187)   Evacuate Collection Set: 3.84ms
[114.019s][info][gc,phases   ] GC(187)   Post Evacuate Collection Set: 0.32ms
[114.019s][info][gc,phases   ] GC(187)   Other: 0.10ms
[114.019s][info][gc,heap     ] GC(187) Eden regions: 2->0(150)
[114.019s][info][gc,heap     ] GC(187) Survivor regions: 6->3(20)
[114.019s][info][gc,heap     ] GC(187) Old regions: 40->40
[114.019s][info][gc,heap     ] GC(187) Humongous regions: 3->1
[114.019s][info][gc,metaspace] GC(187) Metaspace: 41322K(41792K)->41322K(41792K) NonClass: 36986K(37248K)->36986K(37248K) Class: 4335K(4544K)->4335K(4544K)
[114.019s][info][gc          ] GC(187) Pause Young (Concurrent Start) (G1 Humongous Allocation) 50M->43M(256M) 4.618ms
[114.019s][info][gc,cpu      ] GC(187) User=0.00s Sys=0.00s Real=0.00s
[114.019s][info][gc          ] GC(188) Concurrent Mark Cycle
[114.019s][info][gc,marking  ] GC(188) Concurrent Scan Root Regions
[114.025s][info][gc,marking  ] GC(188) Concurrent Scan Root Regions 6.673ms
[114.026s][info][gc,marking  ] GC(188) Concurrent Mark
[114.026s][info][gc,marking  ] GC(188) Concurrent Mark From Roots
[114.026s][info][gc,task     ] GC(188) Using 1 workers of 1 for marking
[114.113s][info][gc,marking  ] GC(188) Concurrent Mark From Roots 87.465ms
[114.113s][info][gc,marking  ] GC(188) Concurrent Preclean
[114.113s][info][gc,marking  ] GC(188) Concurrent Preclean 0.055ms
[114.113s][info][gc,start    ] GC(188) Pause Remark
[114.131s][info][gc          ] GC(188) Pause Remark 64M->64M(256M) 17.209ms
[114.131s][info][gc,cpu      ] GC(188) User=0.04s Sys=0.00s Real=0.02s
[114.131s][info][gc,marking  ] GC(188) Concurrent Mark 105.309ms
[114.131s][info][gc,marking  ] GC(188) Concurrent Rebuild Remembered Sets and Scrub Regions
[114.174s][info][gc,marking  ] GC(188) Concurrent Rebuild Remembered Sets and Scrub Regions 43.523ms
[114.180s][info][gc,start    ] GC(188) Pause Cleanup
[114.180s][info][gc          ] GC(188) Pause Cleanup 66M->66M(256M) 0.064ms
[114.180s][info][gc,cpu      ] GC(188) User=0.00s Sys=0.00s Real=0.00s
[114.180s][info][gc,marking  ] GC(188) Concurrent Clear Claimed Marks
[114.180s][info][gc,marking  ] GC(188) Concurrent Clear Claimed Marks 0.062ms
[114.180s][info][gc,marking  ] GC(188) Concurrent Cleanup for Next Mark
[114.183s][info][gc,marking  ] GC(188) Concurrent Cleanup for Next Mark 2.641ms
[114.183s][info][gc          ] GC(188) Concurrent Mark Cycle 163.865ms
[114.844s][info][gc,start    ] GC(189) Pause Young (Prepare Mixed) (G1 Evacuation Pause)
[114.844s][info][gc,task     ] GC(189) Using 2 workers of 2 for evacuation
[114.894s][info][gc,phases   ] GC(189)   Pre Evacuate Collection Set: 0.16ms
[114.894s][info][gc,phases   ] GC(189)   Merge Heap Roots: 0.06ms
[114.894s][info][gc,phases   ] GC(189)   Evacuate Collection Set: 48.21ms
[114.894s][info][gc,phases   ] GC(189)   Post Evacuate Collection Set: 0.68ms
[114.894s][info][gc,phases   ] GC(189)   Other: 0.11ms
[114.894s][info][gc,heap     ] GC(189) Eden regions: 150->0(133)
[114.894s][info][gc,heap     ] GC(189) Survivor regions: 3->20(20)
[114.894s][info][gc,heap     ] GC(189) Old regions: 40->47
[114.894s][info][gc,heap     ] GC(189) Humongous regions: 7->3
[114.894s][info][gc,metaspace] GC(189) Metaspace: 41327K(41792K)->41327K(41792K) NonClass: 36991K(37248K)->36991K(37248K) Class: 4335K(4544K)->4335K(4544K)
[114.894s][info][gc          ] GC(189) Pause Young (Prepare Mixed) (G1 Evacuation Pause) 199M->70M(256M) 49.423ms
[114.894s][info][gc,cpu      ] GC(189) User=0.09s Sys=0.00s Real=0.05s
[115.606s][info][gc,start    ] GC(190) Pause Young (Mixed) (G1 Evacuation Pause)
[115.606s][info][gc,task     ] GC(190) Using 2 workers of 2 for evacuation
[115.640s][info][gc,phases   ] GC(190)   Pre Evacuate Collection Set: 0.17ms
[115.640s][info][gc,phases   ] GC(190)   Merge Heap Roots: 0.23ms
[115.640s][info][gc,phases   ] GC(190)   Evacuate Collection Set: 33.16ms
[115.640s][info][gc,phases   ] GC(190)   Post Evacuate Collection Set: 0.53ms
[115.640s][info][gc,phases   ] GC(190)   Other: 0.07ms
[115.640s][info][gc,heap     ] GC(190) Eden regions: 133->0(139)
[115.640s][info][gc,heap     ] GC(190) Survivor regions: 20->14(20)
[115.640s][info][gc,heap     ] GC(190) Old regions: 47->57
[115.640s][info][gc,heap     ] GC(190) Humongous regions: 3->3
[115.640s][info][gc,metaspace] GC(190) Metaspace: 41328K(41792K)->41328K(41792K) NonClass: 36993K(37248K)->36993K(37248K) Class: 4335K(4544K)->4335K(4544K)
[115.640s][info][gc          ] GC(190) Pause Young (Mixed) (G1 Evacuation Pause) 203M->73M(256M) 34.334ms
[115.640s][info][gc,cpu      ] GC(190) User=0.07s Sys=0.00s Real=0.03s
[116.064s][info][gc,start    ] GC(191) Pause Young (Concurrent Start) (G1 Humongous Allocation)
[116.064s][info][gc,task     ] GC(191) Using 2 workers of 2 for evacuation
[116.099s][info][gc,phases   ] GC(191)   Pre Evacuate Collection Set: 0.15ms
[116.099s][info][gc,phases   ] GC(191)   Merge Heap Roots: 0.15ms
[116.099s][info][gc,phases   ] GC(191)   Evacuate Collection Set: 34.17ms
[116.099s][info][gc,phases   ] GC(191)   Post Evacuate Collection Set: 0.38ms
[116.099s][info][gc,phases   ] GC(191)   Other: 0.13ms
[116.099s][info][gc,heap     ] GC(191) Eden regions: 69->0(110)
[116.099s][info][gc,heap     ] GC(191) Survivor regions: 14->20(20)
[116.099s][info][gc,heap     ] GC(191) Old regions: 57->70
[116.099s][info][gc,heap     ] GC(191) Humongous regions: 3->1
[116.099s][info][gc,metaspace] GC(191) Metaspace: 41331K(41792K)->41331K(41792K) NonClass: 36995K(37248K)->36995K(37248K) Class: 4335K(4544K)->4335K(4544K)
[116.099s][info][gc          ] GC(191) Pause Young (Concurrent Start) (G1 Humongous Allocation) 142M->91M(256M) 35.213ms
[116.100s][info][gc          ] GC(192) Concurrent Mark Cycle
[116.100s][info][gc,marking  ] GC(192) Concurrent Scan Root Regions
[116.100s][info][gc,cpu      ] GC(191) User=0.07s Sys=0.00s Real=0.04s
[116.158s][info][gc,marking  ] GC(192) Concurrent Scan Root Regions 58.341ms
[116.158s][info][gc,marking  ] GC(192) Concurrent Mark
[116.158s][info][gc,marking  ] GC(192) Concurrent Mark From Roots
[116.158s][info][gc,task     ] GC(192) Using 1 workers of 1 for marking
[116.273s][info][gc,marking  ] GC(192) Concurrent Mark From Roots 114.964ms
[116.273s][info][gc,marking  ] GC(192) Concurrent Preclean
[116.273s][info][gc,marking  ] GC(192) Concurrent Preclean 0.037ms
[116.275s][info][gc,start    ] GC(192) Pause Remark
[116.294s][info][gc          ] GC(192) Pause Remark 126M->125M(256M) 18.602ms
[116.294s][info][gc,cpu      ] GC(192) User=0.04s Sys=0.00s Real=0.02s
[116.295s][info][gc,marking  ] GC(192) Concurrent Mark 137.492ms
[116.295s][info][gc,marking  ] GC(192) Concurrent Rebuild Remembered Sets and Scrub Regions
[116.335s][info][gc,marking  ] GC(192) Concurrent Rebuild Remembered Sets and Scrub Regions 39.698ms
[116.337s][info][gc,start    ] GC(192) Pause Cleanup
[116.337s][info][gc          ] GC(192) Pause Cleanup 130M->130M(256M) 0.077ms
[116.337s][info][gc,cpu      ] GC(192) User=0.00s Sys=0.00s Real=0.00s
[116.337s][info][gc,marking  ] GC(192) Concurrent Clear Claimed Marks
[116.338s][info][gc,marking  ] GC(192) Concurrent Clear Claimed Marks 0.059ms
[116.338s][info][gc,marking  ] GC(192) Concurrent Cleanup for Next Mark
[116.338s][info][gc,marking  ] GC(192) Concurrent Cleanup for Next Mark 0.774ms
[116.338s][info][gc          ] GC(192) Concurrent Mark Cycle 238.849ms
[116.704s][info][gc,start    ] GC(193) Pause Young (Prepare Mixed) (G1 Evacuation Pause)
[116.704s][info][gc,task     ] GC(193) Using 2 workers of 2 for evacuation
[116.740s][info][gc,phases   ] GC(193)   Pre Evacuate Collection Set: 0.17ms
[116.740s][info][gc,phases   ] GC(193)   Merge Heap Roots: 0.22ms
[116.740s][info][gc,phases   ] GC(193)   Evacuate Collection Set: 34.87ms
[116.740s][info][gc,phases   ] GC(193)   Post Evacuate Collection Set: 0.48ms
[116.740s][info][gc,phases   ] GC(193)   Other: 0.08ms
[116.740s][info][gc,heap     ] GC(193) Eden regions: 110->0(105)
[116.740s][info][gc,heap     ] GC(193) Survivor regions: 20->11(17)
[116.740s][info][gc,heap     ] GC(193) Old regions: 69->89
[116.740s][info][gc,heap     ] GC(193) Humongous regions: 5->3
[116.740s][info][gc,metaspace] GC(193) Metaspace: 41331K(41792K)->41331K(41792K) NonClass: 36995K(37248K)->36995K(37248K) Class: 4335K(4544K)->4335K(4544K)
[116.740s][info][gc          ] GC(193) Pause Young (Prepare Mixed) (G1 Evacuation Pause) 204M->102M(256M) 35.986ms
[116.740s][info][gc,cpu      ] GC(193) User=0.07s Sys=0.00s Real=0.03s
[117.216s][info][gc,start    ] GC(194) Pause Young (Mixed) (G1 Evacuation Pause)
[117.216s][info][gc,task     ] GC(194) Using 2 workers of 2 for evacuation
[117.225s][info][gc,phases   ] GC(194)   Pre Evacuate Collection Set: 0.15ms
[117.226s][info][gc,phases   ] GC(194)   Merge Heap Roots: 0.13ms
[117.226s][info][gc,phases   ] GC(194)   Evacuate Collection Set: 8.82ms
[117.226s][info][gc,phases   ] GC(194)   Post Evacuate Collection Set: 0.73ms
[117.226s][info][gc,phases   ] GC(194)   Other: 0.09ms
[117.226s][info][gc,heap     ] GC(194) Eden regions: 105->0(150)
[117.226s][info][gc,heap     ] GC(194) Survivor regions: 11->5(15)
[117.226s][info][gc,heap     ] GC(194) Old regions: 89->87
[117.226s][info][gc,heap     ] GC(194) Humongous regions: 11->3
[117.226s][info][gc,metaspace] GC(194) Metaspace: 41334K(41792K)->41334K(41792K) NonClass: 36999K(37248K)->36999K(37248K) Class: 4335K(4544K)->4335K(4544K)
[117.226s][info][gc          ] GC(194) Pause Young (Mixed) (G1 Evacuation Pause) 215M->94M(298M) 10.087ms
[117.226s][info][gc,cpu      ] GC(194) User=0.02s Sys=0.00s Real=0.01s
[117.538s][info][gc,start    ] GC(195) Pause Young (Concurrent Start) (G1 Humongous Allocation)
[117.538s][info][gc,task     ] GC(195) Using 2 workers of 2 for evacuation
[117.540s][info][gc,phases   ] GC(195)   Pre Evacuate Collection Set: 0.18ms
[117.540s][info][gc,phases   ] GC(195)   Merge Heap Roots: 0.04ms
[117.540s][info][gc,phases   ] GC(195)   Evacuate Collection Set: 1.41ms
[117.540s][info][gc,phases   ] GC(195)   Post Evacuate Collection Set: 0.28ms
[117.540s][info][gc,phases   ] GC(195)   Other: 0.09ms
[117.540s][info][gc,heap     ] GC(195) Eden regions: 37->0(163)
[117.540s][info][gc,heap     ] GC(195) Survivor regions: 5->2(20)
[117.540s][info][gc,heap     ] GC(195) Old regions: 87->87
[117.540s][info][gc,heap     ] GC(195) Humongous regions: 3->1
[117.540s][info][gc,metaspace] GC(195) Metaspace: 41334K(41792K)->41334K(41792K) NonClass: 36999K(37248K)->36999K(37248K) Class: 4335K(4544K)->4335K(4544K)
[117.540s][info][gc          ] GC(195) Pause Young (Concurrent Start) (G1 Humongous Allocation) 131M->89M(298M) 2.157ms
[117.540s][info][gc,cpu      ] GC(195) User=0.00s Sys=0.00s Real=0.00s
[117.540s][info][gc          ] GC(196) Concurrent Mark Cycle
[117.540s][info][gc,marking  ] GC(196) Concurrent Scan Root Regions
[117.544s][info][gc,marking  ] GC(196) Concurrent Scan Root Regions 3.894ms
[117.544s][info][gc,marking  ] GC(196) Concurrent Mark
[117.544s][info][gc,marking  ] GC(196) Concurrent Mark From Roots
[117.544s][info][gc,task     ] GC(196) Using 1 workers of 1 for marking
[117.624s][info][gc,marking  ] GC(196) Concurrent Mark From Roots 80.619ms
[117.625s][info][gc,marking  ] GC(196) Concurrent Preclean
[117.625s][info][gc,marking  ] GC(196) Concurrent Preclean 0.036ms
[117.625s][info][gc,start    ] GC(196) Pause Remark
[117.640s][info][gc          ] GC(196) Pause Remark 110M->99M(270M) 14.928ms
[117.640s][info][gc,cpu      ] GC(196) User=0.03s Sys=0.00s Real=0.01s
[117.640s][info][gc,marking  ] GC(196) Concurrent Mark 96.561ms
[117.640s][info][gc,marking  ] GC(196) Concurrent Rebuild Remembered Sets and Scrub Regions
[117.665s][info][gc,marking  ] GC(196) Concurrent Rebuild Remembered Sets and Scrub Regions 24.252ms
[117.665s][info][gc,start    ] GC(196) Pause Cleanup
[117.665s][info][gc          ] GC(196) Pause Cleanup 101M->101M(270M) 0.073ms
[117.665s][info][gc,cpu      ] GC(196) User=0.00s Sys=0.00s Real=0.00s
[117.665s][info][gc,marking  ] GC(196) Concurrent Clear Claimed Marks
[117.665s][info][gc,marking  ] GC(196) Concurrent Clear Claimed Marks 0.040ms
[117.665s][info][gc,marking  ] GC(196) Concurrent Cleanup for Next Mark
[117.666s][info][gc,marking  ] GC(196) Concurrent Cleanup for Next Mark 1.082ms
[117.666s][info][gc          ] GC(196) Concurrent Mark Cycle 126.195ms
[118.369s][info][gc,start    ] GC(197) Pause Young (Prepare Mixed) (G1 Evacuation Pause)
[118.369s][info][gc,task     ] GC(197) Using 2 workers of 2 for evacuation
[118.382s][info][gc,phases   ] GC(197)   Pre Evacuate Collection Set: 4.37ms
[118.382s][info][gc,phases   ] GC(197)   Merge Heap Roots: 1.18ms
[118.382s][info][gc,phases   ] GC(197)   Evacuate Collection Set: 5.29ms
[118.382s][info][gc,phases   ] GC(197)   Post Evacuate Collection Set: 2.15ms
[118.382s][info][gc,phases   ] GC(197)   Other: 0.07ms
[118.382s][info][gc,heap     ] GC(197) Eden regions: 160->0(155)
[118.382s][info][gc,heap     ] GC(197) Survivor regions: 2->2(21)
[118.382s][info][gc,heap     ] GC(197) Old regions: 76->76
[118.382s][info][gc,heap     ] GC(197) Humongous regions: 7->3
[118.382s][info][gc,metaspace] GC(197) Metaspace: 41338K(41792K)->41338K(41792K) NonClass: 37002K(37248K)->37002K(37248K) Class: 4335K(4544K)->4335K(4544K)
[118.382s][info][gc          ] GC(197) Pause Young (Prepare Mixed) (G1 Evacuation Pause) 243M->80M(270M) 13.237ms
[118.382s][info][gc,cpu      ] GC(197) User=0.02s Sys=0.00s Real=0.02s
[119.033s][info][gc,start    ] GC(198) Pause Young (Mixed) (G1 Evacuation Pause)
[119.033s][info][gc,task     ] GC(198) Using 2 workers of 2 for evacuation
[119.044s][info][gc,phases   ] GC(198)   Pre Evacuate Collection Set: 0.23ms
[119.044s][info][gc,phases   ] GC(198)   Merge Heap Roots: 0.15ms
[119.044s][info][gc,phases   ] GC(198)   Evacuate Collection Set: 10.21ms
[119.044s][info][gc,phases   ] GC(198)   Post Evacuate Collection Set: 0.44ms
[119.044s][info][gc,phases   ] GC(198)   Other: 0.10ms
[119.044s][info][gc,heap     ] GC(198) Eden regions: 155->0(152)
[119.044s][info][gc,heap     ] GC(198) Survivor regions: 2->10(20)
[119.044s][info][gc,heap     ] GC(198) Old regions: 76->50
[119.044s][info][gc,heap     ] GC(198) Humongous regions: 9->3
[119.044s][info][gc,metaspace] GC(198) Metaspace: 41342K(41792K)->41342K(41792K) NonClass: 37007K(37248K)->37007K(37248K) Class: 4335K(4544K)->4335K(4544K)
[119.044s][info][gc          ] GC(198) Pause Young (Mixed) (G1 Evacuation Pause) 241M->61M(270M) 11.327ms
[119.044s][info][gc,cpu      ] GC(198) User=0.03s Sys=0.00s Real=0.01s
[119.653s][info][gc,start    ] GC(199) Pause Young (Mixed) (G1 Evacuation Pause)
[119.653s][info][gc,task     ] GC(199) Using 2 workers of 2 for evacuation
[119.664s][info][gc,phases   ] GC(199)   Pre Evacuate Collection Set: 0.17ms
[119.664s][info][gc,phases   ] GC(199)   Merge Heap Roots: 0.06ms
[119.664s][info][gc,phases   ] GC(199)   Evacuate Collection Set: 10.60ms
[119.664s][info][gc,phases   ] GC(199)   Post Evacuate Collection Set: 0.40ms
[119.664s][info][gc,phases   ] GC(199)   Other: 0.07ms
[119.664s][info][gc,heap     ] GC(199) Eden regions: 152->0(151)
[119.664s][info][gc,heap     ] GC(199) Survivor regions: 10->11(21)
[119.664s][info][gc,heap     ] GC(199) Old regions: 50->49
[119.664s][info][gc,heap     ] GC(199) Humongous regions: 7->3
[119.664s][info][gc,metaspace] GC(199) Metaspace: 41351K(41856K)->41351K(41856K) NonClass: 37016K(37312K)->37016K(37312K) Class: 4335K(4544K)->4335K(4544K)
[119.664s][info][gc          ] GC(199) Pause Young (Mixed) (G1 Evacuation Pause) 217M->61M(270M) 11.467ms
[119.664s][info][gc,cpu      ] GC(199) User=0.02s Sys=0.00s Real=0.01s
[119.922s][info][gc,start    ] GC(200) Pause Young (Concurrent Start) (G1 Humongous Allocation)
[119.922s][info][gc,task     ] GC(200) Using 2 workers of 2 for evacuation
[119.926s][info][gc,phases   ] GC(200)   Pre Evacuate Collection Set: 0.17ms
[119.926s][info][gc,phases   ] GC(200)   Merge Heap Roots: 0.05ms
[119.926s][info][gc,phases   ] GC(200)   Evacuate Collection Set: 3.45ms
[119.926s][info][gc,phases   ] GC(200)   Post Evacuate Collection Set: 0.31ms
[119.926s][info][gc,phases   ] GC(200)   Other: 0.10ms
[119.926s][info][gc,heap     ] GC(200) Eden regions: 54->0(159)
[119.926s][info][gc,heap     ] GC(200) Survivor regions: 11->3(21)
[119.926s][info][gc,heap     ] GC(200) Old regions: 49->49
[119.926s][info][gc,heap     ] GC(200) Humongous regions: 3->1
[119.926s][info][gc,metaspace] GC(200) Metaspace: 41361K(41856K)->41361K(41856K) NonClass: 37025K(37312K)->37025K(37312K) Class: 4335K(4544K)->4335K(4544K)
[119.926s][info][gc          ] GC(200) Pause Young (Concurrent Start) (G1 Humongous Allocation) 115M->52M(270M) 4.242ms
[119.926s][info][gc,cpu      ] GC(200) User=0.00s Sys=0.00s Real=0.00s
[119.926s][info][gc          ] GC(201) Concurrent Mark Cycle
[119.926s][info][gc,marking  ] GC(201) Concurrent Scan Root Regions
[119.931s][info][gc,marking  ] GC(201) Concurrent Scan Root Regions 4.411ms
[119.931s][info][gc,marking  ] GC(201) Concurrent Mark
[119.931s][info][gc,marking  ] GC(201) Concurrent Mark From Roots
[119.931s][info][gc,task     ] GC(201) Using 1 workers of 1 for marking
[119.993s][info][gc,marking  ] GC(201) Concurrent Mark From Roots 62.185ms
[119.993s][info][gc,marking  ] GC(201) Concurrent Preclean
[119.993s][info][gc,marking  ] GC(201) Concurrent Preclean 0.038ms
[119.993s][info][gc,start    ] GC(201) Pause Remark
[120.008s][info][gc          ] GC(201) Pause Remark 70M->70M(256M) 15.115ms
[120.008s][info][gc,cpu      ] GC(201) User=0.02s Sys=0.00s Real=0.01s
[120.008s][info][gc,marking  ] GC(201) Concurrent Mark 77.625ms
[120.008s][info][gc,marking  ] GC(201) Concurrent Rebuild Remembered Sets and Scrub Regions
[120.035s][info][gc,marking  ] GC(201) Concurrent Rebuild Remembered Sets and Scrub Regions 26.791ms
[120.040s][info][gc,start    ] GC(201) Pause Cleanup
[120.040s][info][gc          ] GC(201) Pause Cleanup 76M->76M(256M) 0.062ms
[120.040s][info][gc,cpu      ] GC(201) User=0.00s Sys=0.00s Real=0.00s
[120.042s][info][gc,marking  ] GC(201) Concurrent Clear Claimed Marks
[120.042s][info][gc,marking  ] GC(201) Concurrent Clear Claimed Marks 0.047ms
[120.042s][info][gc,marking  ] GC(201) Concurrent Cleanup for Next Mark
[120.044s][info][gc,marking  ] GC(201) Concurrent Cleanup for Next Mark 1.702ms
[120.044s][info][gc          ] GC(201) Concurrent Mark Cycle 117.877ms
[120.488s][info][gc,start    ] GC(202) Pause Young (Prepare Mixed) (G1 Evacuation Pause)
[120.488s][info][gc,task     ] GC(202) Using 2 workers of 2 for evacuation
[120.512s][info][gc,phases   ] GC(202)   Pre Evacuate Collection Set: 0.15ms
[120.513s][info][gc,phases   ] GC(202)   Merge Heap Roots: 0.08ms
[120.513s][info][gc,phases   ] GC(202)   Evacuate Collection Set: 23.67ms
[120.513s][info][gc,phases   ] GC(202)   Post Evacuate Collection Set: 0.49ms
[120.513s][info][gc,phases   ] GC(202)   Other: 0.12ms
[120.513s][info][gc,heap     ] GC(202) Eden regions: 150->0(133)
[120.513s][info][gc,heap     ] GC(202) Survivor regions: 3->20(20)
[120.513s][info][gc,heap     ] GC(202) Old regions: 49->56
[120.513s][info][gc,heap     ] GC(202) Humongous regions: 7->3
[120.513s][info][gc,metaspace] GC(202) Metaspace: 41362K(41856K)->41362K(41856K) NonClass: 37027K(37312K)->37027K(37312K) Class: 4335K(4544K)->4335K(4544K)
[120.513s][info][gc          ] GC(202) Pause Young (Prepare Mixed) (G1 Evacuation Pause) 208M->78M(256M) 24.730ms
[120.513s][info][gc,cpu      ] GC(202) User=0.04s Sys=0.00s Real=0.03s
[121.096s][info][gc,start    ] GC(203) Pause Young (Mixed) (G1 Evacuation Pause)
[121.096s][info][gc,task     ] GC(203) Using 2 workers of 2 for evacuation
[121.148s][info][gc,phases   ] GC(203)   Pre Evacuate Collection Set: 0.20ms
[121.148s][info][gc,phases   ] GC(203)   Merge Heap Roots: 0.14ms
[121.148s][info][gc,phases   ] GC(203)   Evacuate Collection Set: 50.17ms
[121.148s][info][gc,phases   ] GC(203)   Post Evacuate Collection Set: 0.55ms
[121.148s][info][gc,phases   ] GC(203)   Other: 0.08ms
[121.148s][info][gc,heap     ] GC(203) Eden regions: 133->0(107)
[121.148s][info][gc,heap     ] GC(203) Survivor regions: 20->20(20)
[121.148s][info][gc,heap     ] GC(203) Old regions: 56->77
[121.148s][info][gc,heap     ] GC(203) Humongous regions: 3->3
[121.148s][info][gc,metaspace] GC(203) Metaspace: 41362K(41856K)->41362K(41856K) NonClass: 37027K(37312K)->37027K(37312K) Class: 4335K(4544K)->4335K(4544K)
[121.148s][info][gc          ] GC(203) Pause Young (Mixed) (G1 Evacuation Pause) 211M->99M(257M) 51.340ms
[121.148s][info][gc,cpu      ] GC(203) User=0.10s Sys=0.00s Real=0.05s
[121.729s][info][gc,start    ] GC(204) Pause Young (Concurrent Start) (G1 Evacuation Pause)
[121.729s][info][gc,task     ] GC(204) Using 2 workers of 2 for evacuation
[121.794s][info][gc,phases   ] GC(204)   Pre Evacuate Collection Set: 0.19ms
[121.794s][info][gc,phases   ] GC(204)   Merge Heap Roots: 0.27ms
[121.794s][info][gc,phases   ] GC(204)   Evacuate Collection Set: 64.06ms
[121.794s][info][gc,phases   ] GC(204)   Post Evacuate Collection Set: 0.44ms
[121.794s][info][gc,phases   ] GC(204)   Other: 0.11ms
[121.794s][info][gc,heap     ] GC(204) Eden regions: 107->0(80)
[121.794s][info][gc,heap     ] GC(204) Survivor regions: 20->16(16)
[121.794s][info][gc,heap     ] GC(204) Old regions: 77->111
[121.794s][info][gc,heap     ] GC(204) Humongous regions: 3->3
[121.794s][info][gc,metaspace] GC(204) Metaspace: 41362K(41856K)->41362K(41856K) NonClass: 37027K(37312K)->37027K(37312K) Class: 4335K(4544K)->4335K(4544K)
[121.794s][info][gc          ] GC(204) Pause Young (Concurrent Start) (G1 Evacuation Pause) 206M->129M(257M) 65.264ms
[121.794s][info][gc,cpu      ] GC(204) User=0.13s Sys=0.00s Real=0.07s
[121.794s][info][gc          ] GC(205) Concurrent Mark Cycle
[121.794s][info][gc,marking  ] GC(205) Concurrent Scan Root Regions
[121.900s][info][gc,marking  ] GC(205) Concurrent Scan Root Regions 106.121ms
[121.900s][info][gc,marking  ] GC(205) Concurrent Mark
[121.900s][info][gc,marking  ] GC(205) Concurrent Mark From Roots
[121.900s][info][gc,task     ] GC(205) Using 1 workers of 1 for marking
[122.031s][info][gc,marking  ] GC(205) Concurrent Mark From Roots 130.342ms
[122.031s][info][gc,marking  ] GC(205) Concurrent Preclean
[122.031s][info][gc,marking  ] GC(205) Concurrent Preclean 0.045ms
[122.032s][info][gc,start    ] GC(205) Pause Remark
[122.060s][info][gc          ] GC(205) Pause Remark 147M->147M(257M) 28.148ms
[122.060s][info][gc,cpu      ] GC(205) User=0.03s Sys=0.00s Real=0.02s
[122.060s][info][gc,marking  ] GC(205) Concurrent Mark 159.673ms
[122.060s][info][gc,marking  ] GC(205) Concurrent Rebuild Remembered Sets and Scrub Regions
[122.129s][info][gc,marking  ] GC(205) Concurrent Rebuild Remembered Sets and Scrub Regions 69.227ms
[122.130s][info][gc,start    ] GC(205) Pause Cleanup
[122.130s][info][gc          ] GC(205) Pause Cleanup 156M->156M(257M) 0.049ms
[122.130s][info][gc,cpu      ] GC(205) User=0.00s Sys=0.00s Real=0.00s
[122.130s][info][gc,marking  ] GC(205) Concurrent Clear Claimed Marks
[122.130s][info][gc,marking  ] GC(205) Concurrent Clear Claimed Marks 0.039ms
[122.130s][info][gc,marking  ] GC(205) Concurrent Cleanup for Next Mark
[122.130s][info][gc,marking  ] GC(205) Concurrent Cleanup for Next Mark 0.791ms
[122.131s][info][gc          ] GC(205) Concurrent Mark Cycle 336.293ms
[122.425s][info][gc,start    ] GC(206) Pause Young (Prepare Mixed) (G1 Evacuation Pause)
[122.425s][info][gc,task     ] GC(206) Using 2 workers of 2 for evacuation
[122.474s][info][gc,phases   ] GC(206)   Pre Evacuate Collection Set: 0.15ms
[122.474s][info][gc,phases   ] GC(206)   Merge Heap Roots: 0.39ms
[122.474s][info][gc,phases   ] GC(206)   Evacuate Collection Set: 48.06ms
[122.474s][info][gc,phases   ] GC(206)   Post Evacuate Collection Set: 0.43ms
[122.474s][info][gc,phases   ] GC(206)   Other: 0.08ms
[122.474s][info][gc,heap     ] GC(206) Eden regions: 80->0(64)
[122.474s][info][gc,heap     ] GC(206) Survivor regions: 16->12(12)
[122.474s][info][gc,heap     ] GC(206) Old regions: 111->137
[122.474s][info][gc,heap     ] GC(206) Humongous regions: 3->3
[122.474s][info][gc,metaspace] GC(206) Metaspace: 41362K(41856K)->41362K(41856K) NonClass: 37027K(37312K)->37027K(37312K) Class: 4335K(4544K)->4335K(4544K)
[122.474s][info][gc          ] GC(206) Pause Young (Prepare Mixed) (G1 Evacuation Pause) 209M->151M(257M) 49.314ms
[122.474s][info][gc,cpu      ] GC(206) User=0.09s Sys=0.00s Real=0.05s
[122.754s][info][gc,start    ] GC(207) Pause Young (Mixed) (G1 Evacuation Pause)
[122.754s][info][gc,task     ] GC(207) Using 2 workers of 2 for evacuation
[122.794s][info][gc,phases   ] GC(207)   Pre Evacuate Collection Set: 0.15ms
[122.795s][info][gc,phases   ] GC(207)   Merge Heap Roots: 0.29ms
[122.795s][info][gc,phases   ] GC(207)   Evacuate Collection Set: 39.32ms
[122.795s][info][gc,phases   ] GC(207)   Post Evacuate Collection Set: 0.49ms
[122.795s][info][gc,phases   ] GC(207)   Other: 0.07ms
[122.795s][info][gc,heap     ] GC(207) Eden regions: 64->0(57)
[122.795s][info][gc,heap     ] GC(207) Survivor regions: 12->10(10)
[122.795s][info][gc,heap     ] GC(207) Old regions: 137->150
[122.795s][info][gc,heap     ] GC(207) Humongous regions: 5->3
[122.795s][info][gc,metaspace] GC(207) Metaspace: 41380K(41856K)->41380K(41856K) NonClass: 37045K(37312K)->37045K(37312K) Class: 4335K(4544K)->4335K(4544K)
[122.795s][info][gc          ] GC(207) Pause Young (Mixed) (G1 Evacuation Pause) 217M->162M(257M) 40.488ms
[122.795s][info][gc,cpu      ] GC(207) User=0.08s Sys=0.00s Real=0.04s
[123.068s][info][gc,start    ] GC(208) Pause Young (Concurrent Start) (G1 Evacuation Pause)
[123.068s][info][gc,task     ] GC(208) Using 2 workers of 2 for evacuation
[123.109s][info][gc,phases   ] GC(208)   Pre Evacuate Collection Set: 0.16ms
[123.109s][info][gc,phases   ] GC(208)   Merge Heap Roots: 0.23ms
[123.109s][info][gc,phases   ] GC(208)   Evacuate Collection Set: 38.75ms
[123.109s][info][gc,phases   ] GC(208)   Post Evacuate Collection Set: 1.30ms
[123.109s][info][gc,phases   ] GC(208)   Other: 0.11ms
[123.109s][info][gc,heap     ] GC(208) Eden regions: 57->0(120)
[123.109s][info][gc,heap     ] GC(208) Survivor regions: 10->9(9)
[123.109s][info][gc,heap     ] GC(208) Old regions: 150->166
[123.109s][info][gc,heap     ] GC(208) Humongous regions: 3->3
[123.109s][info][gc,metaspace] GC(208) Metaspace: 41381K(41856K)->41381K(41856K) NonClass: 37045K(37312K)->37045K(37312K) Class: 4335K(4544K)->4335K(4544K)
[123.109s][info][gc          ] GC(208) Pause Young (Concurrent Start) (G1 Evacuation Pause) 219M->177M(369M) 40.754ms
[123.109s][info][gc,cpu      ] GC(208) User=0.08s Sys=0.01s Real=0.04s
[123.110s][info][gc          ] GC(209) Concurrent Mark Cycle
[123.110s][info][gc,marking  ] GC(209) Concurrent Scan Root Regions
[123.148s][info][gc,marking  ] GC(209) Concurrent Scan Root Regions 38.384ms
[123.148s][info][gc,marking  ] GC(209) Concurrent Mark
[123.148s][info][gc,marking  ] GC(209) Concurrent Mark From Roots
[123.148s][info][gc,task     ] GC(209) Using 1 workers of 1 for marking
[123.323s][info][gc,marking  ] GC(209) Concurrent Mark From Roots 174.637ms
[123.323s][info][gc,marking  ] GC(209) Concurrent Preclean
[123.323s][info][gc,marking  ] GC(209) Concurrent Preclean 0.039ms
[123.324s][info][gc,start    ] GC(209) Pause Remark
[123.339s][info][gc          ] GC(209) Pause Remark 207M->206M(369M) 15.516ms
[123.339s][info][gc,cpu      ] GC(209) User=0.03s Sys=0.00s Real=0.01s
[123.339s][info][gc,marking  ] GC(209) Concurrent Mark 190.912ms
[123.339s][info][gc,marking  ] GC(209) Concurrent Rebuild Remembered Sets and Scrub Regions
[123.440s][info][gc,marking  ] GC(209) Concurrent Rebuild Remembered Sets and Scrub Regions 101.161ms
[123.441s][info][gc,start    ] GC(209) Pause Cleanup
[123.441s][info][gc          ] GC(209) Pause Cleanup 227M->227M(369M) 0.076ms
[123.441s][info][gc,cpu      ] GC(209) User=0.00s Sys=0.00s Real=0.00s
[123.441s][info][gc,marking  ] GC(209) Concurrent Clear Claimed Marks
[123.441s][info][gc,marking  ] GC(209) Concurrent Clear Claimed Marks 0.040ms
[123.441s][info][gc,marking  ] GC(209) Concurrent Cleanup for Next Mark
[123.443s][info][gc,marking  ] GC(209) Concurrent Cleanup for Next Mark 2.282ms
[123.443s][info][gc          ] GC(209) Concurrent Mark Cycle 333.088ms
[123.767s][info][gc,start    ] GC(210) Pause Young (Prepare Mixed) (G1 Evacuation Pause)
[123.767s][info][gc,task     ] GC(210) Using 2 workers of 2 for evacuation
[123.786s][info][gc,phases   ] GC(210)   Pre Evacuate Collection Set: 0.20ms
[123.786s][info][gc,phases   ] GC(210)   Merge Heap Roots: 0.19ms
[123.786s][info][gc,phases   ] GC(210)   Evacuate Collection Set: 18.12ms
[123.786s][info][gc,phases   ] GC(210)   Post Evacuate Collection Set: 0.41ms
[123.786s][info][gc,phases   ] GC(210)   Other: 0.07ms
[123.786s][info][gc,heap     ] GC(210) Eden regions: 120->0(126)
[123.786s][info][gc,heap     ] GC(210) Survivor regions: 9->5(17)
[123.786s][info][gc,heap     ] GC(210) Old regions: 165->174
[123.786s][info][gc,heap     ] GC(210) Humongous regions: 9->3
[123.786s][info][gc,metaspace] GC(210) Metaspace: 41387K(41856K)->41387K(41856K) NonClass: 37052K(37312K)->37052K(37312K) Class: 4335K(4544K)->4335K(4544K)
[123.786s][info][gc          ] GC(210) Pause Young (Prepare Mixed) (G1 Evacuation Pause) 302M->180M(369M) 19.173ms
[123.786s][info][gc,cpu      ] GC(210) User=0.03s Sys=0.00s Real=0.02s
[124.235s][info][gc,start    ] GC(211) Pause Young (Mixed) (G1 Evacuation Pause)
[124.235s][info][gc,task     ] GC(211) Using 2 workers of 2 for evacuation
[124.261s][info][gc,phases   ] GC(211)   Pre Evacuate Collection Set: 0.21ms
[124.261s][info][gc,phases   ] GC(211)   Merge Heap Roots: 0.33ms
[124.261s][info][gc,phases   ] GC(211)   Evacuate Collection Set: 25.06ms
[124.261s][info][gc,phases   ] GC(211)   Post Evacuate Collection Set: 0.52ms
[124.261s][info][gc,phases   ] GC(211)   Other: 0.07ms
[124.261s][info][gc,heap     ] GC(211) Eden regions: 126->0(142)
[124.261s][info][gc,heap     ] GC(211) Survivor regions: 5->17(17)
[124.261s][info][gc,heap     ] GC(211) Old regions: 174->142
[124.261s][info][gc,heap     ] GC(211) Humongous regions: 9->3
[124.261s][info][gc,metaspace] GC(211) Metaspace: 41408K(41920K)->41408K(41920K) NonClass: 37073K(37376K)->37073K(37376K) Class: 4335K(4544K)->4335K(4544K)
[124.261s][info][gc          ] GC(211) Pause Young (Mixed) (G1 Evacuation Pause) 312M->161M(369M) 26.419ms
[124.261s][info][gc,cpu      ] GC(211) User=0.05s Sys=0.00s Real=0.03s
[124.928s][info][gc,start    ] GC(212) Pause Young (Mixed) (G1 Evacuation Pause)
[124.928s][info][gc,task     ] GC(212) Using 2 workers of 2 for evacuation
[124.988s][info][gc,phases   ] GC(212)   Pre Evacuate Collection Set: 0.23ms
[124.988s][info][gc,phases   ] GC(212)   Merge Heap Roots: 0.97ms
[124.988s][info][gc,phases   ] GC(212)   Evacuate Collection Set: 57.65ms
[124.988s][info][gc,phases   ] GC(212)   Post Evacuate Collection Set: 0.57ms
[124.988s][info][gc,phases   ] GC(212)   Other: 0.08ms
[124.988s][info][gc,heap     ] GC(212) Eden regions: 142->0(122)
[124.988s][info][gc,heap     ] GC(212) Survivor regions: 17->20(20)
[124.988s][info][gc,heap     ] GC(212) Old regions: 142->151
[124.988s][info][gc,heap     ] GC(212) Humongous regions: 5->4
[124.988s][info][gc,metaspace] GC(212) Metaspace: 41414K(41920K)->41414K(41920K) NonClass: 37079K(37376K)->37079K(37376K) Class: 4335K(4544K)->4335K(4544K)
[124.988s][info][gc          ] GC(212) Pause Young (Mixed) (G1 Evacuation Pause) 305M->174M(372M) 59.711ms
[124.988s][info][gc,cpu      ] GC(212) User=0.11s Sys=0.01s Real=0.06s
[125.447s][info][gc,start    ] GC(213) Pause Young (Mixed) (G1 Evacuation Pause)
[125.447s][info][gc,task     ] GC(213) Using 2 workers of 2 for evacuation
[125.491s][info][gc,phases   ] GC(213)   Pre Evacuate Collection Set: 0.20ms
[125.491s][info][gc,phases   ] GC(213)   Merge Heap Roots: 0.52ms
[125.491s][info][gc,phases   ] GC(213)   Evacuate Collection Set: 42.13ms
[125.491s][info][gc,phases   ] GC(213)   Post Evacuate Collection Set: 0.43ms
[125.491s][info][gc,phases   ] GC(213)   Other: 0.07ms
[125.491s][info][gc,heap     ] GC(213) Eden regions: 122->0(112)
[125.491s][info][gc,heap     ] GC(213) Survivor regions: 20->18(18)
[125.491s][info][gc,heap     ] GC(213) Old regions: 151->163
[125.491s][info][gc,heap     ] GC(213) Humongous regions: 4->4
[125.491s][info][gc,metaspace] GC(213) Metaspace: 41414K(41920K)->41414K(41920K) NonClass: 37079K(37376K)->37079K(37376K) Class: 4335K(4544K)->4335K(4544K)
[125.491s][info][gc          ] GC(213) Pause Young (Mixed) (G1 Evacuation Pause) 296M->184M(372M) 43.584ms
[125.491s][info][gc,cpu      ] GC(213) User=0.09s Sys=0.00s Real=0.05s
[125.541s][info][gc,start    ] GC(214) Pause Young (Concurrent Start) (G1 Humongous Allocation)
[125.541s][info][gc,task     ] GC(214) Using 2 workers of 2 for evacuation
[125.558s][info][gc,phases   ] GC(214)   Pre Evacuate Collection Set: 0.21ms
[125.558s][info][gc,phases   ] GC(214)   Merge Heap Roots: 0.09ms
[125.558s][info][gc,phases   ] GC(214)   Evacuate Collection Set: 15.39ms
[125.558s][info][gc,phases   ] GC(214)   Post Evacuate Collection Set: 0.39ms
[125.558s][info][gc,phases   ] GC(214)   Other: 0.10ms
[125.558s][info][gc,heap     ] GC(214) Eden regions: 13->0(100)
[125.558s][info][gc,heap     ] GC(214) Survivor regions: 18->6(17)
[125.558s][info][gc,heap     ] GC(214) Old regions: 163->180
[125.558s][info][gc,heap     ] GC(214) Humongous regions: 4->4
[125.558s][info][gc,metaspace] GC(214) Metaspace: 41414K(41920K)->41414K(41920K) NonClass: 37079K(37376K)->37079K(37376K) Class: 4335K(4544K)->4335K(4544K)
[125.558s][info][gc          ] GC(214) Pause Young (Concurrent Start) (G1 Humongous Allocation) 197M->189M(372M) 16.391ms
[125.558s][info][gc,cpu      ] GC(214) User=0.03s Sys=0.00s Real=0.01s
[125.558s][info][gc          ] GC(215) Concurrent Mark Cycle
[125.559s][info][gc,marking  ] GC(215) Concurrent Scan Root Regions
[125.574s][info][gc,marking  ] GC(215) Concurrent Scan Root Regions 14.504ms
[125.574s][info][gc,marking  ] GC(215) Concurrent Mark
[125.574s][info][gc,marking  ] GC(215) Concurrent Mark From Roots
[125.574s][info][gc,task     ] GC(215) Using 1 workers of 1 for marking
[125.659s][info][gc,marking  ] GC(215) Concurrent Mark From Roots 85.359ms
[125.659s][info][gc,marking  ] GC(215) Concurrent Preclean
[125.659s][info][gc,marking  ] GC(215) Concurrent Preclean 0.077ms
[125.660s][info][gc,start    ] GC(215) Pause Remark
[125.675s][info][gc          ] GC(215) Pause Remark 203M->161M(372M) 15.136ms
[125.675s][info][gc,cpu      ] GC(215) User=0.03s Sys=0.00s Real=0.02s
[125.675s][info][gc,marking  ] GC(215) Concurrent Mark 100.994ms
[125.675s][info][gc,marking  ] GC(215) Concurrent Rebuild Remembered Sets and Scrub Regions
[125.719s][info][gc,marking  ] GC(215) Concurrent Rebuild Remembered Sets and Scrub Regions 44.122ms
[125.719s][info][gc,start    ] GC(215) Pause Cleanup
[125.719s][info][gc          ] GC(215) Pause Cleanup 166M->166M(372M) 0.069ms
[125.719s][info][gc,cpu      ] GC(215) User=0.00s Sys=0.00s Real=0.00s
[125.719s][info][gc,marking  ] GC(215) Concurrent Clear Claimed Marks
[125.719s][info][gc,marking  ] GC(215) Concurrent Clear Claimed Marks 0.052ms
[125.719s][info][gc,marking  ] GC(215) Concurrent Cleanup for Next Mark
[125.721s][info][gc,marking  ] GC(215) Concurrent Cleanup for Next Mark 1.107ms
[125.721s][info][gc          ] GC(215) Concurrent Mark Cycle 162.773ms
[126.008s][info][gc,start    ] GC(216) Pause Young (Prepare Mixed) (G1 Evacuation Pause)
[126.008s][info][gc,task     ] GC(216) Using 2 workers of 2 for evacuation
[126.025s][info][gc,phases   ] GC(216)   Pre Evacuate Collection Set: 0.18ms
[126.025s][info][gc,phases   ] GC(216)   Merge Heap Roots: 0.27ms
[126.025s][info][gc,phases   ] GC(216)   Evacuate Collection Set: 15.94ms
[126.025s][info][gc,phases   ] GC(216)   Post Evacuate Collection Set: 0.41ms
[126.025s][info][gc,phases   ] GC(216)   Other: 0.10ms
[126.025s][info][gc,heap     ] GC(216) Eden regions: 100->0(121)
[126.025s][info][gc,heap     ] GC(216) Survivor regions: 6->14(14)
[126.025s][info][gc,heap     ] GC(216) Old regions: 139->143
[126.025s][info][gc,heap     ] GC(216) Humongous regions: 5->4
[126.025s][info][gc,metaspace] GC(216) Metaspace: 41417K(41920K)->41417K(41920K) NonClass: 37082K(37376K)->37082K(37376K) Class: 4335K(4544K)->4335K(4544K)
[126.025s][info][gc          ] GC(216) Pause Young (Prepare Mixed) (G1 Evacuation Pause) 249M->160M(372M) 17.107ms
[126.025s][info][gc,cpu      ] GC(216) User=0.03s Sys=0.00s Real=0.02s
[126.529s][info][gc,start    ] GC(217) Pause Young (Mixed) (G1 Evacuation Pause)
[126.529s][info][gc,task     ] GC(217) Using 2 workers of 2 for evacuation
[126.583s][info][gc,phases   ] GC(217)   Pre Evacuate Collection Set: 0.22ms
[126.583s][info][gc,phases   ] GC(217)   Merge Heap Roots: 0.17ms
[126.583s][info][gc,phases   ] GC(217)   Evacuate Collection Set: 53.14ms
[126.583s][info][gc,phases   ] GC(217)   Post Evacuate Collection Set: 0.51ms
[126.583s][info][gc,phases   ] GC(217)   Other: 0.07ms
[126.583s][info][gc,heap     ] GC(217) Eden regions: 121->0(97)
[126.583s][info][gc,heap     ] GC(217) Survivor regions: 14->17(17)
[126.583s][info][gc,heap     ] GC(217) Old regions: 143->159
[126.583s][info][gc,heap     ] GC(217) Humongous regions: 4->4
[126.583s][info][gc,metaspace] GC(217) Metaspace: 41417K(41920K)->41417K(41920K) NonClass: 37082K(37376K)->37082K(37376K) Class: 4335K(4544K)->4335K(4544K)
[126.583s][info][gc          ] GC(217) Pause Young (Mixed) (G1 Evacuation Pause) 281M->179M(372M) 54.319ms
[126.583s][info][gc,cpu      ] GC(217) User=0.11s Sys=0.00s Real=0.06s
[126.964s][info][gc,start    ] GC(218) Pause Young (Mixed) (G1 Evacuation Pause)
[126.964s][info][gc,task     ] GC(218) Using 2 workers of 2 for evacuation
[127.027s][info][gc,phases   ] GC(218)   Pre Evacuate Collection Set: 0.19ms
[127.027s][info][gc,phases   ] GC(218)   Merge Heap Roots: 0.36ms
[127.027s][info][gc,phases   ] GC(218)   Evacuate Collection Set: 61.75ms
[127.027s][info][gc,phases   ] GC(218)   Post Evacuate Collection Set: 0.55ms
[127.027s][info][gc,phases   ] GC(218)   Other: 0.07ms
[127.027s][info][gc,heap     ] GC(218) Eden regions: 97->0(68)
[127.027s][info][gc,heap     ] GC(218) Survivor regions: 17->15(15)
[127.027s][info][gc,heap     ] GC(218) Old regions: 159->200
[127.027s][info][gc,heap     ] GC(218) Humongous regions: 4->4
[127.027s][info][gc,metaspace] GC(218) Metaspace: 41417K(41920K)->41417K(41920K) NonClass: 37082K(37376K)->37082K(37376K) Class: 4335K(4544K)->4335K(4544K)
[127.027s][info][gc          ] GC(218) Pause Young (Mixed) (G1 Evacuation Pause) 276M->218M(372M) 63.176ms
[127.027s][info][gc,cpu      ] GC(218) User=0.12s Sys=0.00s Real=0.06s
[127.091s][info][gc,start    ] GC(219) Pause Young (Concurrent Start) (G1 Humongous Allocation)
[127.091s][info][gc,task     ] GC(219) Using 2 workers of 2 for evacuation
[127.117s][info][gc,phases   ] GC(219)   Pre Evacuate Collection Set: 0.20ms
[127.117s][info][gc,phases   ] GC(219)   Merge Heap Roots: 0.32ms
[127.117s][info][gc,phases   ] GC(219)   Evacuate Collection Set: 24.76ms
[127.117s][info][gc,phases   ] GC(219)   Post Evacuate Collection Set: 0.86ms
[127.117s][info][gc,phases   ] GC(219)   Other: 0.15ms
[127.117s][info][gc,heap     ] GC(219) Eden regions: 16->0(96)
[127.117s][info][gc,heap     ] GC(219) Survivor regions: 15->9(11)
[127.117s][info][gc,heap     ] GC(219) Old regions: 200->216
[127.117s][info][gc,heap     ] GC(219) Humongous regions: 4->4
[127.117s][info][gc,metaspace] GC(219) Metaspace: 41417K(41920K)->41417K(41920K) NonClass: 37082K(37376K)->37082K(37376K) Class: 4335K(4544K)->4335K(4544K)
[127.117s][info][gc          ] GC(219) Pause Young (Concurrent Start) (G1 Humongous Allocation) 234M->228M(440M) 26.486ms
[127.117s][info][gc,cpu      ] GC(219) User=0.05s Sys=0.00s Real=0.02s
[127.117s][info][gc          ] GC(220) Concurrent Mark Cycle
[127.117s][info][gc,marking  ] GC(220) Concurrent Scan Root Regions
[127.126s][info][gc,marking  ] GC(220) Concurrent Scan Root Regions 8.783ms
[127.126s][info][gc,marking  ] GC(220) Concurrent Mark
[127.126s][info][gc,marking  ] GC(220) Concurrent Mark From Roots
[127.126s][info][gc,task     ] GC(220) Using 1 workers of 1 for marking
[127.245s][info][gc,marking  ] GC(220) Concurrent Mark From Roots 118.875ms
[127.245s][info][gc,marking  ] GC(220) Concurrent Preclean
[127.245s][info][gc,marking  ] GC(220) Concurrent Preclean 0.063ms
[127.246s][info][gc,start    ] GC(220) Pause Remark
[127.262s][info][gc          ] GC(220) Pause Remark 249M->225M(440M) 15.416ms
[127.262s][info][gc,cpu      ] GC(220) User=0.03s Sys=0.00s Real=0.02s
[127.262s][info][gc,marking  ] GC(220) Concurrent Mark 136.280ms
[127.262s][info][gc,marking  ] GC(220) Concurrent Rebuild Remembered Sets and Scrub Regions
[127.329s][info][gc,marking  ] GC(220) Concurrent Rebuild Remembered Sets and Scrub Regions 66.129ms
[127.329s][info][gc,start    ] GC(220) Pause Cleanup
[127.329s][info][gc          ] GC(220) Pause Cleanup 236M->236M(440M) 0.101ms
[127.329s][info][gc,cpu      ] GC(220) User=0.00s Sys=0.00s Real=0.00s
[127.329s][info][gc,marking  ] GC(220) Concurrent Clear Claimed Marks
[127.329s][info][gc,marking  ] GC(220) Concurrent Clear Claimed Marks 0.048ms
[127.329s][info][gc,marking  ] GC(220) Concurrent Cleanup for Next Mark
[127.331s][info][gc,marking  ] GC(220) Concurrent Cleanup for Next Mark 2.032ms
[127.331s][info][gc          ] GC(220) Concurrent Mark Cycle 213.758ms
[127.592s][info][gc,start    ] GC(221) Pause Young (Prepare Mixed) (G1 Evacuation Pause)
[127.592s][info][gc,task     ] GC(221) Using 2 workers of 2 for evacuation
[127.614s][info][gc,phases   ] GC(221)   Pre Evacuate Collection Set: 0.21ms
[127.614s][info][gc,phases   ] GC(221)   Merge Heap Roots: 0.21ms
[127.614s][info][gc,phases   ] GC(221)   Evacuate Collection Set: 20.47ms
[127.614s][info][gc,phases   ] GC(221)   Post Evacuate Collection Set: 0.39ms
[127.614s][info][gc,phases   ] GC(221)   Other: 0.09ms
[127.614s][info][gc,heap     ] GC(221) Eden regions: 96->0(106)
[127.614s][info][gc,heap     ] GC(221) Survivor regions: 9->14(14)
[127.614s][info][gc,heap     ] GC(221) Old regions: 193->204
[127.614s][info][gc,heap     ] GC(221) Humongous regions: 4->4
[127.614s][info][gc,metaspace] GC(221) Metaspace: 41418K(41920K)->41418K(41920K) NonClass: 37083K(37376K)->37083K(37376K) Class: 4335K(4544K)->4335K(4544K)
[127.614s][info][gc          ] GC(221) Pause Young (Prepare Mixed) (G1 Evacuation Pause) 301M->221M(440M) 21.603ms
[127.614s][info][gc,cpu      ] GC(221) User=0.04s Sys=0.00s Real=0.02s
[127.983s][info][gc,start    ] GC(222) Pause Young (Mixed) (G1 Evacuation Pause)
[127.983s][info][gc,task     ] GC(222) Using 2 workers of 2 for evacuation
[128.032s][info][gc,phases   ] GC(222)   Pre Evacuate Collection Set: 0.29ms
[128.032s][info][gc,phases   ] GC(222)   Merge Heap Roots: 0.35ms
[128.032s][info][gc,phases   ] GC(222)   Evacuate Collection Set: 47.43ms
[128.032s][info][gc,phases   ] GC(222)   Post Evacuate Collection Set: 0.47ms
[128.032s][info][gc,phases   ] GC(222)   Other: 0.08ms
[128.032s][info][gc,heap     ] GC(222) Eden regions: 106->0(94)
[128.032s][info][gc,heap     ] GC(222) Survivor regions: 14->15(15)
[128.032s][info][gc,heap     ] GC(222) Old regions: 204->216
[128.032s][info][gc,heap     ] GC(222) Humongous regions: 4->4
[128.032s][info][gc,metaspace] GC(222) Metaspace: 41418K(41920K)->41418K(41920K) NonClass: 37083K(37376K)->37083K(37376K) Class: 4335K(4544K)->4335K(4544K)
[128.032s][info][gc          ] GC(222) Pause Young (Mixed) (G1 Evacuation Pause) 327M->234M(440M) 48.820ms
[128.032s][info][gc,cpu      ] GC(222) User=0.10s Sys=0.00s Real=0.05s
[128.376s][info][gc,start    ] GC(223) Pause Young (Mixed) (G1 Evacuation Pause)
[128.376s][info][gc,task     ] GC(223) Using 2 workers of 2 for evacuation
[128.434s][info][gc,phases   ] GC(223)   Pre Evacuate Collection Set: 0.26ms
[128.434s][info][gc,phases   ] GC(223)   Merge Heap Roots: 0.33ms
[128.434s][info][gc,phases   ] GC(223)   Evacuate Collection Set: 56.89ms
[128.434s][info][gc,phases   ] GC(223)   Post Evacuate Collection Set: 0.49ms
[128.434s][info][gc,phases   ] GC(223)   Other: 0.08ms
[128.434s][info][gc,heap     ] GC(223) Eden regions: 94->0(79)
[128.434s][info][gc,heap     ] GC(223) Survivor regions: 15->14(14)
[128.435s][info][gc,heap     ] GC(223) Old regions: 216->243
[128.435s][info][gc,heap     ] GC(223) Humongous regions: 5->5
[128.435s][info][gc,metaspace] GC(223) Metaspace: 41418K(41920K)->41418K(41920K) NonClass: 37083K(37376K)->37083K(37376K) Class: 4335K(4544K)->4335K(4544K)
[128.435s][info][gc          ] GC(223) Pause Young (Mixed) (G1 Evacuation Pause) 329M->261M(440M) 58.327ms
[128.435s][info][gc,cpu      ] GC(223) User=0.11s Sys=0.00s Real=0.06s
[128.730s][info][gc,start    ] GC(224) Pause Young (Concurrent Start) (G1 Evacuation Pause)
[128.730s][info][gc,task     ] GC(224) Using 2 workers of 2 for evacuation
[128.782s][info][gc,phases   ] GC(224)   Pre Evacuate Collection Set: 0.24ms
[128.782s][info][gc,phases   ] GC(224)   Merge Heap Roots: 0.28ms
[128.782s][info][gc,phases   ] GC(224)   Evacuate Collection Set: 50.27ms
[128.782s][info][gc,phases   ] GC(224)   Post Evacuate Collection Set: 0.46ms
[128.782s][info][gc,phases   ] GC(224)   Other: 0.16ms
[128.782s][info][gc,heap     ] GC(224) Eden regions: 79->0(51)
[128.782s][info][gc,heap     ] GC(224) Survivor regions: 14->12(12)
[128.782s][info][gc,heap     ] GC(224) Old regions: 243->297
[128.782s][info][gc,heap     ] GC(224) Humongous regions: 5->5
[128.782s][info][gc,metaspace] GC(224) Metaspace: 41418K(41920K)->41418K(41920K) NonClass: 37083K(37376K)->37083K(37376K) Class: 4335K(4544K)->4335K(4544K)
[128.782s][info][gc          ] GC(224) Pause Young (Concurrent Start) (G1 Evacuation Pause) 340M->313M(440M) 51.618ms
[128.782s][info][gc          ] GC(225) Concurrent Mark Cycle
[128.782s][info][gc,marking  ] GC(225) Concurrent Scan Root Regions
[128.782s][info][gc,cpu      ] GC(224) User=0.10s Sys=0.00s Real=0.06s
[128.809s][info][gc,marking  ] GC(225) Concurrent Scan Root Regions 26.964ms
[128.809s][info][gc,marking  ] GC(225) Concurrent Mark
[128.809s][info][gc,marking  ] GC(225) Concurrent Mark From Roots
[128.809s][info][gc,task     ] GC(225) Using 1 workers of 1 for marking
[128.934s][info][gc,marking  ] GC(225) Concurrent Mark From Roots 124.934ms
[128.934s][info][gc,marking  ] GC(225) Concurrent Preclean
[128.934s][info][gc,marking  ] GC(225) Concurrent Preclean 0.047ms
[128.934s][info][gc,start    ] GC(225) Pause Remark
[128.949s][info][gc          ] GC(225) Pause Remark 348M->310M(462M) 15.329ms
[128.949s][info][gc,cpu      ] GC(225) User=0.03s Sys=0.00s Real=0.01s
[128.951s][info][gc,marking  ] GC(225) Concurrent Mark 142.706ms
[128.951s][info][gc,marking  ] GC(225) Concurrent Rebuild Remembered Sets and Scrub Regions
[129.045s][info][gc,start    ] GC(226) Pause Young (Normal) (G1 Evacuation Pause)
[129.045s][info][gc,task     ] GC(226) Using 2 workers of 2 for evacuation
[129.080s][info][gc,phases   ] GC(226)   Pre Evacuate Collection Set: 0.25ms
[129.080s][info][gc,phases   ] GC(226)   Merge Heap Roots: 0.64ms
[129.080s][info][gc,phases   ] GC(226)   Evacuate Collection Set: 33.67ms
[129.080s][info][gc,phases   ] GC(226)   Post Evacuate Collection Set: 0.72ms
[129.080s][info][gc,phases   ] GC(226)   Other: 0.09ms
[129.080s][info][gc,heap     ] GC(226) Eden regions: 51->0(86)
[129.080s][info][gc,heap     ] GC(226) Survivor regions: 12->8(8)
[129.080s][info][gc,heap     ] GC(226) Old regions: 260->290
[129.080s][info][gc,heap     ] GC(226) Humongous regions: 5->5
[129.080s][info][gc,metaspace] GC(226) Metaspace: 41418K(41920K)->41418K(41920K) NonClass: 37083K(37376K)->37083K(37376K) Class: 4335K(4544K)->4335K(4544K)
[129.080s][info][gc          ] GC(226) Pause Young (Normal) (G1 Evacuation Pause) 327M->302M(508M) 35.603ms
[129.080s][info][gc,cpu      ] GC(226) User=0.06s Sys=0.00s Real=0.04s
[129.090s][info][gc,marking  ] GC(225) Concurrent Rebuild Remembered Sets and Scrub Regions 138.146ms
[129.090s][info][gc,start    ] GC(225) Pause Cleanup
[129.090s][info][gc          ] GC(225) Pause Cleanup 304M->304M(508M) 0.099ms
[129.090s][info][gc,cpu      ] GC(225) User=0.00s Sys=0.00s Real=0.00s
[129.090s][info][gc,marking  ] GC(225) Concurrent Clear Claimed Marks
[129.090s][info][gc,marking  ] GC(225) Concurrent Clear Claimed Marks 0.040ms
[129.090s][info][gc,marking  ] GC(225) Concurrent Cleanup for Next Mark
[129.092s][info][gc,marking  ] GC(225) Concurrent Cleanup for Next Mark 2.240ms
[129.092s][info][gc          ] GC(225) Concurrent Mark Cycle 310.589ms
[129.429s][info][gc,start    ] GC(227) Pause Young (Prepare Mixed) (G1 Evacuation Pause)
[129.429s][info][gc,task     ] GC(227) Using 2 workers of 2 for evacuation
[129.477s][info][gc,phases   ] GC(227)   Pre Evacuate Collection Set: 0.24ms
[129.477s][info][gc,phases   ] GC(227)   Merge Heap Roots: 0.17ms
[129.477s][info][gc,phases   ] GC(227)   Evacuate Collection Set: 47.53ms
[129.477s][info][gc,phases   ] GC(227)   Post Evacuate Collection Set: 0.45ms
[129.477s][info][gc,phases   ] GC(227)   Other: 0.10ms
[129.477s][info][gc,heap     ] GC(227) Eden regions: 86->0(57)
[129.477s][info][gc,heap     ] GC(227) Survivor regions: 8->12(12)
[129.477s][info][gc,heap     ] GC(227) Old regions: 290->347
[129.477s][info][gc,heap     ] GC(227) Humongous regions: 5->5
[129.477s][info][gc,metaspace] GC(227) Metaspace: 41418K(41920K)->41418K(41920K) NonClass: 37083K(37376K)->37083K(37376K) Class: 4335K(4544K)->4335K(4544K)
[129.477s][info][gc          ] GC(227) Pause Young (Prepare Mixed) (G1 Evacuation Pause) 388M->363M(508M) 48.695ms
[129.477s][info][gc,cpu      ] GC(227) User=0.09s Sys=0.00s Real=0.05s
[129.721s][info][gc,start    ] GC(228) Pause Young (Mixed) (G1 Evacuation Pause)
[129.721s][info][gc,task     ] GC(228) Using 2 workers of 2 for evacuation
[129.764s][info][gc,phases   ] GC(228)   Pre Evacuate Collection Set: 0.25ms
[129.764s][info][gc,phases   ] GC(228)   Merge Heap Roots: 0.43ms
[129.764s][info][gc,phases   ] GC(228)   Evacuate Collection Set: 41.48ms
[129.764s][info][gc,phases   ] GC(228)   Post Evacuate Collection Set: 0.44ms
[129.764s][info][gc,phases   ] GC(228)   Other: 0.09ms
[129.764s][info][gc,heap     ] GC(228) Eden regions: 57->0(67)
[129.764s][info][gc,heap     ] GC(228) Survivor regions: 12->9(9)
[129.764s][info][gc,heap     ] GC(228) Old regions: 347->327
[129.764s][info][gc,heap     ] GC(228) Humongous regions: 6->6
[129.764s][info][gc,metaspace] GC(228) Metaspace: 41418K(41920K)->41418K(41920K) NonClass: 37083K(37376K)->37083K(37376K) Class: 4335K(4544K)->4335K(4544K)
[129.764s][info][gc          ] GC(228) Pause Young (Mixed) (G1 Evacuation Pause) 421M->341M(508M) 42.936ms
[129.764s][info][gc,cpu      ] GC(228) User=0.08s Sys=0.00s Real=0.04s
[129.995s][info][gc,start    ] GC(229) Pause Young (Mixed) (G1 Evacuation Pause)
[129.995s][info][gc,task     ] GC(229) Using 2 workers of 2 for evacuation
[130.042s][info][gc,phases   ] GC(229)   Pre Evacuate Collection Set: 0.30ms
[130.042s][info][gc,phases   ] GC(229)   Merge Heap Roots: 0.55ms
[130.042s][info][gc,phases   ] GC(229)   Evacuate Collection Set: 45.25ms
[130.042s][info][gc,phases   ] GC(229)   Post Evacuate Collection Set: 0.45ms
[130.042s][info][gc,phases   ] GC(229)   Other: 0.07ms
[130.042s][info][gc,heap     ] GC(229) Eden regions: 67->0(70)
[130.042s][info][gc,heap     ] GC(229) Survivor regions: 9->10(10)
[130.042s][info][gc,heap     ] GC(229) Old regions: 327->318
[130.042s][info][gc,heap     ] GC(229) Humongous regions: 6->6
[130.042s][info][gc,metaspace] GC(229) Metaspace: 41418K(41920K)->41418K(41920K) NonClass: 37083K(37376K)->37083K(37376K) Class: 4335K(4544K)->4335K(4544K)
[130.042s][info][gc          ] GC(229) Pause Young (Mixed) (G1 Evacuation Pause) 408M->333M(508M) 46.849ms
[130.042s][info][gc,cpu      ] GC(229) User=0.09s Sys=0.00s Real=0.05s
[130.043s][info][gc,start    ] GC(230) Pause Young (Concurrent Start) (G1 Humongous Allocation)
[130.043s][info][gc,task     ] GC(230) Using 2 workers of 2 for evacuation
[130.053s][info][gc,phases   ] GC(230)   Pre Evacuate Collection Set: 0.23ms
[130.053s][info][gc,phases   ] GC(230)   Merge Heap Roots: 0.11ms
[130.053s][info][gc,phases   ] GC(230)   Evacuate Collection Set: 9.63ms
[130.053s][info][gc,phases   ] GC(230)   Post Evacuate Collection Set: 0.27ms
[130.053s][info][gc,phases   ] GC(230)   Other: 0.07ms
[130.053s][info][gc,heap     ] GC(230) Eden regions: 1->0(75)
[130.053s][info][gc,heap     ] GC(230) Survivor regions: 10->1(10)
[130.053s][info][gc,heap     ] GC(230) Old regions: 318->329
[130.053s][info][gc,heap     ] GC(230) Humongous regions: 6->6
[130.053s][info][gc,metaspace] GC(230) Metaspace: 41418K(41920K)->41418K(41920K) NonClass: 37083K(37376K)->37083K(37376K) Class: 4335K(4544K)->4335K(4544K)
[130.053s][info][gc          ] GC(230) Pause Young (Concurrent Start) (G1 Humongous Allocation) 334M->335M(508M) 10.468ms
[130.053s][info][gc          ] GC(231) Concurrent Mark Cycle
[130.053s][info][gc,marking  ] GC(231) Concurrent Scan Root Regions
[130.053s][info][gc,cpu      ] GC(230) User=0.02s Sys=0.00s Real=0.01s
[130.057s][info][gc,marking  ] GC(231) Concurrent Scan Root Regions 4.059ms
[130.057s][info][gc,marking  ] GC(231) Concurrent Mark
[130.057s][info][gc,marking  ] GC(231) Concurrent Mark From Roots
[130.057s][info][gc,task     ] GC(231) Using 1 workers of 1 for marking
[130.173s][info][gc,marking  ] GC(231) Concurrent Mark From Roots 115.541ms
[130.173s][info][gc,marking  ] GC(231) Concurrent Preclean
[130.173s][info][gc,marking  ] GC(231) Concurrent Preclean 0.048ms
[130.173s][info][gc,start    ] GC(231) Pause Remark
[130.189s][info][gc          ] GC(231) Pause Remark 363M->257M(508M) 16.079ms
[130.189s][info][gc,cpu      ] GC(231) User=0.03s Sys=0.00s Real=0.01s
[130.191s][info][gc,marking  ] GC(231) Concurrent Mark 134.252ms
[130.191s][info][gc,marking  ] GC(231) Concurrent Rebuild Remembered Sets and Scrub Regions
[130.279s][info][gc,marking  ] GC(231) Concurrent Rebuild Remembered Sets and Scrub Regions 87.196ms
[130.279s][info][gc,start    ] GC(231) Pause Cleanup
[130.279s][info][gc          ] GC(231) Pause Cleanup 279M->279M(508M) 0.109ms
[130.279s][info][gc,cpu      ] GC(231) User=0.00s Sys=0.00s Real=0.00s
[130.279s][info][gc,marking  ] GC(231) Concurrent Clear Claimed Marks
[130.279s][info][gc,marking  ] GC(231) Concurrent Clear Claimed Marks 0.041ms
[130.279s][info][gc,marking  ] GC(231) Concurrent Cleanup for Next Mark
[130.280s][info][gc,marking  ] GC(231) Concurrent Cleanup for Next Mark 1.492ms
[130.281s][info][gc          ] GC(231) Concurrent Mark Cycle 227.470ms
[130.371s][info][gc,start    ] GC(232) Pause Young (Prepare Mixed) (G1 Evacuation Pause)
[130.371s][info][gc,task     ] GC(232) Using 2 workers of 2 for evacuation
[130.384s][info][gc,phases   ] GC(232)   Pre Evacuate Collection Set: 0.28ms
[130.384s][info][gc,phases   ] GC(232)   Merge Heap Roots: 0.20ms
[130.384s][info][gc,phases   ] GC(232)   Evacuate Collection Set: 11.78ms
[130.384s][info][gc,phases   ] GC(232)   Post Evacuate Collection Set: 0.39ms
[130.384s][info][gc,phases   ] GC(232)   Other: 0.11ms
[130.384s][info][gc,heap     ] GC(232) Eden regions: 75->0(121)
[130.384s][info][gc,heap     ] GC(232) Survivor regions: 1->10(10)
[130.384s][info][gc,heap     ] GC(232) Old regions: 226->230
[130.384s][info][gc,heap     ] GC(232) Humongous regions: 4->4
[130.384s][info][gc,metaspace] GC(232) Metaspace: 41418K(41920K)->41418K(41920K) NonClass: 37083K(37376K)->37083K(37376K) Class: 4335K(4544K)->4335K(4544K)
[130.384s][info][gc          ] GC(232) Pause Young (Prepare Mixed) (G1 Evacuation Pause) 305M->243M(508M) 12.951ms
[130.384s][info][gc,cpu      ] GC(232) User=0.02s Sys=0.00s Real=0.01s
[130.824s][info][gc,start    ] GC(233) Pause Young (Mixed) (G1 Evacuation Pause)
[130.824s][info][gc,task     ] GC(233) Using 2 workers of 2 for evacuation
[130.842s][info][gc,phases   ] GC(233)   Pre Evacuate Collection Set: 0.26ms
[130.842s][info][gc,phases   ] GC(233)   Merge Heap Roots: 0.14ms
[130.842s][info][gc,phases   ] GC(233)   Evacuate Collection Set: 16.12ms
[130.842s][info][gc,phases   ] GC(233)   Post Evacuate Collection Set: 1.04ms
[130.842s][info][gc,phases   ] GC(233)   Other: 0.10ms
[130.842s][info][gc,heap     ] GC(233) Eden regions: 121->0(183)
[130.842s][info][gc,heap     ] GC(233) Survivor regions: 10->15(17)
[130.842s][info][gc,heap     ] GC(233) Old regions: 230->188
[130.842s][info][gc,heap     ] GC(233) Humongous regions: 4->4
[130.842s][info][gc,metaspace] GC(233) Metaspace: 41423K(41920K)->41423K(41920K) NonClass: 37088K(37376K)->37088K(37376K) Class: 4335K(4544K)->4335K(4544K)
[130.842s][info][gc          ] GC(233) Pause Young (Mixed) (G1 Evacuation Pause) 364M->206M(586M) 17.852ms
[130.842s][info][gc,cpu      ] GC(233) User=0.04s Sys=0.00s Real=0.02s
[131.609s][info][gc,start    ] GC(234) Pause Young (Mixed) (G1 Evacuation Pause)
[131.609s][info][gc,task     ] GC(234) Using 2 workers of 2 for evacuation
[131.631s][info][gc,phases   ] GC(234)   Pre Evacuate Collection Set: 0.30ms
[131.631s][info][gc,phases   ] GC(234)   Merge Heap Roots: 0.19ms
[131.631s][info][gc,phases   ] GC(234)   Evacuate Collection Set: 20.34ms
[131.631s][info][gc,phases   ] GC(234)   Post Evacuate Collection Set: 0.51ms
[131.631s][info][gc,phases   ] GC(234)   Other: 0.08ms
[131.631s][info][gc,heap     ] GC(234) Eden regions: 183->0(213)
[131.631s][info][gc,heap     ] GC(234) Survivor regions: 15->22(25)
[131.631s][info][gc,heap     ] GC(234) Old regions: 188->138
[131.631s][info][gc,heap     ] GC(234) Humongous regions: 5->4
[131.631s][info][gc,metaspace] GC(234) Metaspace: 41426K(41920K)->41426K(41920K) NonClass: 37090K(37376K)->37090K(37376K) Class: 4335K(4544K)->4335K(4544K)
[131.631s][info][gc          ] GC(234) Pause Young (Mixed) (G1 Evacuation Pause) 390M->162M(586M) 21.617ms
[131.631s][info][gc,cpu      ] GC(234) User=0.04s Sys=0.01s Real=0.03s
[132.379s][info][gc,start    ] GC(235) Pause Young (Mixed) (G1 Evacuation Pause)
[132.379s][info][gc,task     ] GC(235) Using 2 workers of 2 for evacuation
[132.389s][info][gc,phases   ] GC(235)   Pre Evacuate Collection Set: 0.36ms
[132.389s][info][gc,phases   ] GC(235)   Merge Heap Roots: 0.13ms
[132.389s][info][gc,phases   ] GC(235)   Evacuate Collection Set: 8.48ms
[132.389s][info][gc,phases   ] GC(235)   Post Evacuate Collection Set: 0.51ms
[132.389s][info][gc,phases   ] GC(235)   Other: 0.08ms
[132.389s][info][gc,heap     ] GC(235) Eden regions: 213->0(238)
[132.389s][info][gc,heap     ] GC(235) Survivor regions: 22->11(30)
[132.389s][info][gc,heap     ] GC(235) Old regions: 138->132
[132.389s][info][gc,heap     ] GC(235) Humongous regions: 7->4
[132.389s][info][gc,metaspace] GC(235) Metaspace: 41432K(41920K)->41432K(41920K) NonClass: 37096K(37376K)->37096K(37376K) Class: 4335K(4544K)->4335K(4544K)
[132.389s][info][gc          ] GC(235) Pause Young (Mixed) (G1 Evacuation Pause) 378M->145M(586M) 9.783ms
[132.389s][info][gc,cpu      ] GC(235) User=0.02s Sys=0.00s Real=0.01s
[132.689s][info][gc,start    ] GC(236) Pause Young (Concurrent Start) (G1 Humongous Allocation)
[132.689s][info][gc,task     ] GC(236) Using 2 workers of 2 for evacuation
[132.714s][info][gc,phases   ] GC(236)   Pre Evacuate Collection Set: 0.26ms
[132.714s][info][gc,phases   ] GC(236)   Merge Heap Roots: 0.06ms
[132.714s][info][gc,phases   ] GC(236)   Evacuate Collection Set: 24.22ms
[132.714s][info][gc,phases   ] GC(236)   Post Evacuate Collection Set: 0.44ms
[132.715s][info][gc,phases   ] GC(236)   Other: 0.11ms
[132.715s][info][gc,heap     ] GC(236) Eden regions: 86->0(230)
[132.715s][info][gc,heap     ] GC(236) Survivor regions: 11->32(32)
[132.715s][info][gc,heap     ] GC(236) Old regions: 132->139
[132.715s][info][gc,heap     ] GC(236) Humongous regions: 4->4
[132.715s][info][gc,metaspace] GC(236) Metaspace: 41432K(41920K)->41432K(41920K) NonClass: 37097K(37376K)->37097K(37376K) Class: 4335K(4544K)->4335K(4544K)
[132.715s][info][gc          ] GC(236) Pause Young (Concurrent Start) (G1 Humongous Allocation) 231M->174M(586M) 25.295ms
[132.715s][info][gc          ] GC(237) Concurrent Mark Cycle
[132.715s][info][gc,marking  ] GC(237) Concurrent Scan Root Regions
[132.715s][info][gc,cpu      ] GC(236) User=0.05s Sys=0.00s Real=0.03s
[132.747s][info][gc,marking  ] GC(237) Concurrent Scan Root Regions 32.471ms
[132.747s][info][gc,marking  ] GC(237) Concurrent Mark
[132.747s][info][gc,marking  ] GC(237) Concurrent Mark From Roots
[132.747s][info][gc,task     ] GC(237) Using 1 workers of 1 for marking
[132.823s][info][gc,marking  ] GC(237) Concurrent Mark From Roots 75.636ms
[132.823s][info][gc,marking  ] GC(237) Concurrent Preclean
[132.823s][info][gc,marking  ] GC(237) Concurrent Preclean 0.047ms
[132.823s][info][gc,start    ] GC(237) Pause Remark
[132.838s][info][gc          ] GC(237) Pause Remark 197M->150M(430M) 14.762ms
[132.838s][info][gc,cpu      ] GC(237) User=0.03s Sys=0.00s Real=0.01s
[132.838s][info][gc,marking  ] GC(237) Concurrent Mark 90.746ms
[132.838s][info][gc,marking  ] GC(237) Concurrent Rebuild Remembered Sets and Scrub Regions
[132.873s][info][gc,marking  ] GC(237) Concurrent Rebuild Remembered Sets and Scrub Regions 34.642ms
[132.873s][info][gc,start    ] GC(237) Pause Cleanup
[132.873s][info][gc          ] GC(237) Pause Cleanup 158M->158M(430M) 0.075ms
[132.873s][info][gc,cpu      ] GC(237) User=0.00s Sys=0.00s Real=0.00s
[132.873s][info][gc,marking  ] GC(237) Concurrent Clear Claimed Marks
[132.873s][info][gc,marking  ] GC(237) Concurrent Clear Claimed Marks 0.048ms
[132.873s][info][gc,marking  ] GC(237) Concurrent Cleanup for Next Mark
[132.874s][info][gc,marking  ] GC(237) Concurrent Cleanup for Next Mark 1.481ms
[132.874s][info][gc          ] GC(237) Concurrent Mark Cycle 159.845ms
[133.571s][info][gc,start    ] GC(238) Pause Young (Prepare Mixed) (G1 Evacuation Pause)
[133.571s][info][gc,task     ] GC(238) Using 2 workers of 2 for evacuation
[133.597s][info][gc,phases   ] GC(238)   Pre Evacuate Collection Set: 0.20ms
[133.597s][info][gc,phases   ] GC(238)   Merge Heap Roots: 0.14ms
[133.597s][info][gc,phases   ] GC(238)   Evacuate Collection Set: 25.66ms
[133.597s][info][gc,phases   ] GC(238)   Post Evacuate Collection Set: 0.52ms
[133.597s][info][gc,phases   ] GC(238)   Other: 0.08ms
[133.597s][info][gc,heap     ] GC(238) Eden regions: 226->0(178)
[133.597s][info][gc,heap     ] GC(238) Survivor regions: 32->22(33)
[133.597s][info][gc,heap     ] GC(238) Old regions: 93->111
[133.597s][info][gc,heap     ] GC(238) Humongous regions: 6->4
[133.597s][info][gc,metaspace] GC(238) Metaspace: 41435K(41920K)->41435K(41920K) NonClass: 37099K(37376K)->37099K(37376K) Class: 4335K(4544K)->4335K(4544K)
[133.597s][info][gc          ] GC(238) Pause Young (Prepare Mixed) (G1 Evacuation Pause) 356M->135M(430M) 26.854ms
[133.597s][info][gc,cpu      ] GC(238) User=0.05s Sys=0.00s Real=0.02s
[134.187s][info][gc,start    ] GC(239) Pause Young (Mixed) (G1 Evacuation Pause)
[134.187s][info][gc,task     ] GC(239) Using 2 workers of 2 for evacuation
[134.208s][info][gc,phases   ] GC(239)   Pre Evacuate Collection Set: 0.21ms
[134.208s][info][gc,phases   ] GC(239)   Merge Heap Roots: 0.13ms
[134.208s][info][gc,phases   ] GC(239)   Evacuate Collection Set: 19.45ms
[134.208s][info][gc,phases   ] GC(239)   Post Evacuate Collection Set: 0.50ms
[134.208s][info][gc,phases   ] GC(239)   Other: 0.09ms
[134.208s][info][gc,heap     ] GC(239) Eden regions: 178->0(187)
[134.208s][info][gc,heap     ] GC(239) Survivor regions: 22->20(25)
[134.208s][info][gc,heap     ] GC(239) Old regions: 111->109
[134.208s][info][gc,heap     ] GC(239) Humongous regions: 7->4
[134.208s][info][gc,metaspace] GC(239) Metaspace: 41435K(41920K)->41435K(41920K) NonClass: 37099K(37376K)->37099K(37376K) Class: 4335K(4544K)->4335K(4544K)
[134.208s][info][gc          ] GC(239) Pause Young (Mixed) (G1 Evacuation Pause) 316M->131M(430M) 20.589ms
[134.208s][info][gc,cpu      ] GC(239) User=0.04s Sys=0.00s Real=0.02s
[134.792s][info][gc,start    ] GC(240) Pause Young (Concurrent Start) (G1 Evacuation Pause)
[134.792s][info][gc,task     ] GC(240) Using 2 workers of 2 for evacuation
[134.804s][info][gc,phases   ] GC(240)   Pre Evacuate Collection Set: 0.23ms
[134.804s][info][gc,phases   ] GC(240)   Merge Heap Roots: 0.07ms
[134.804s][info][gc,phases   ] GC(240)   Evacuate Collection Set: 11.67ms
[134.804s][info][gc,phases   ] GC(240)   Post Evacuate Collection Set: 0.45ms
[134.804s][info][gc,phases   ] GC(240)   Other: 0.10ms
[134.804s][info][gc,heap     ] GC(240) Eden regions: 187->0(201)
[134.804s][info][gc,heap     ] GC(240) Survivor regions: 20->2(26)
[134.804s][info][gc,heap     ] GC(240) Old regions: 109->128
[134.804s][info][gc,heap     ] GC(240) Humongous regions: 4->4
[134.804s][info][gc,metaspace] GC(240) Metaspace: 41435K(41920K)->41435K(41920K) NonClass: 37099K(37376K)->37099K(37376K) Class: 4335K(4544K)->4335K(4544K)
[134.804s][info][gc          ] GC(240) Pause Young (Concurrent Start) (G1 Evacuation Pause) 318M->132M(430M) 12.711ms
[134.804s][info][gc,cpu      ] GC(240) User=0.03s Sys=0.00s Real=0.01s
[134.804s][info][gc          ] GC(241) Concurrent Mark Cycle
[134.804s][info][gc,marking  ] GC(241) Concurrent Scan Root Regions
[134.817s][info][gc,marking  ] GC(241) Concurrent Scan Root Regions 12.387ms
[134.817s][info][gc,marking  ] GC(241) Concurrent Mark
[134.817s][info][gc,marking  ] GC(241) Concurrent Mark From Roots
[134.817s][info][gc,task     ] GC(241) Using 1 workers of 1 for marking
[134.889s][info][gc,marking  ] GC(241) Concurrent Mark From Roots 72.161ms
[134.889s][info][gc,marking  ] GC(241) Concurrent Preclean
[134.889s][info][gc,marking  ] GC(241) Concurrent Preclean 0.043ms
[134.889s][info][gc,start    ] GC(241) Pause Remark
[134.904s][info][gc          ] GC(241) Pause Remark 154M->127M(354M) 15.054ms
[134.904s][info][gc,cpu      ] GC(241) User=0.03s Sys=0.00s Real=0.02s
[134.904s][info][gc,marking  ] GC(241) Concurrent Mark 87.601ms
[134.905s][info][gc,marking  ] GC(241) Concurrent Rebuild Remembered Sets and Scrub Regions
[134.943s][info][gc,marking  ] GC(241) Concurrent Rebuild Remembered Sets and Scrub Regions 37.978ms
[134.943s][info][gc,start    ] GC(241) Pause Cleanup
[134.943s][info][gc          ] GC(241) Pause Cleanup 138M->138M(354M) 0.051ms
[134.943s][info][gc,cpu      ] GC(241) User=0.00s Sys=0.00s Real=0.00s
[134.943s][info][gc,marking  ] GC(241) Concurrent Clear Claimed Marks
[134.943s][info][gc,marking  ] GC(241) Concurrent Clear Claimed Marks 0.039ms
[134.943s][info][gc,marking  ] GC(241) Concurrent Cleanup for Next Mark
[134.944s][info][gc,marking  ] GC(241) Concurrent Cleanup for Next Mark 1.014ms
[134.944s][info][gc          ] GC(241) Concurrent Mark Cycle 139.427ms
[135.466s][info][gc,start    ] GC(242) Pause Young (Prepare Mixed) (G1 Evacuation Pause)
[135.466s][info][gc,task     ] GC(242) Using 2 workers of 2 for evacuation
[135.469s][info][gc,phases   ] GC(242)   Pre Evacuate Collection Set: 0.19ms
[135.469s][info][gc,phases   ] GC(242)   Merge Heap Roots: 0.07ms
[135.469s][info][gc,phases   ] GC(242)   Evacuate Collection Set: 2.21ms
[135.469s][info][gc,phases   ] GC(242)   Post Evacuate Collection Set: 0.41ms
[135.469s][info][gc,phases   ] GC(242)   Other: 0.08ms
[135.469s][info][gc,heap     ] GC(242) Eden regions: 201->0(180)
[135.469s][info][gc,heap     ] GC(242) Survivor regions: 2->3(26)
[135.469s][info][gc,heap     ] GC(242) Old regions: 101->101
[135.469s][info][gc,heap     ] GC(242) Humongous regions: 4->3
[135.469s][info][gc,metaspace] GC(242) Metaspace: 41435K(41920K)->41435K(41920K) NonClass: 37099K(37376K)->37099K(37376K) Class: 4335K(4544K)->4335K(4544K)
[135.469s][info][gc          ] GC(242) Pause Young (Prepare Mixed) (G1 Evacuation Pause) 307M->105M(354M) 3.150ms
[135.469s][info][gc,cpu      ] GC(242) User=0.01s Sys=0.00s Real=0.00s
[135.913s][info][gc,start    ] GC(243) Pause Young (Mixed) (G1 Evacuation Pause)
[135.913s][info][gc,task     ] GC(243) Using 2 workers of 2 for evacuation
[135.920s][info][gc,phases   ] GC(243)   Pre Evacuate Collection Set: 0.17ms
[135.920s][info][gc,phases   ] GC(243)   Merge Heap Roots: 0.12ms
[135.920s][info][gc,phases   ] GC(243)   Evacuate Collection Set: 6.45ms
[135.920s][info][gc,phases   ] GC(243)   Post Evacuate Collection Set: 0.43ms
[135.920s][info][gc,phases   ] GC(243)   Other: 0.08ms
[135.920s][info][gc,heap     ] GC(243) Eden regions: 180->0(200)
[135.920s][info][gc,heap     ] GC(243) Survivor regions: 3->5(23)
[135.920s][info][gc,heap     ] GC(243) Old regions: 101->84
[135.920s][info][gc,heap     ] GC(243) Humongous regions: 3->1
[135.920s][info][gc,metaspace] GC(243) Metaspace: 41446K(41920K)->41446K(41920K) NonClass: 37111K(37376K)->37111K(37376K) Class: 4335K(4544K)->4335K(4544K)
[135.920s][info][gc          ] GC(243) Pause Young (Mixed) (G1 Evacuation Pause) 285M->88M(354M) 7.437ms
[135.920s][info][gc,cpu      ] GC(243) User=0.01s Sys=0.00s Real=0.00s
[136.290s][info][gc,start    ] GC(244) Pause Young (Concurrent Start) (G1 Evacuation Pause)
[136.290s][info][gc,task     ] GC(244) Using 2 workers of 2 for evacuation
[136.294s][info][gc,phases   ] GC(244)   Pre Evacuate Collection Set: 0.19ms
[136.294s][info][gc,phases   ] GC(244)   Merge Heap Roots: 0.08ms
[136.294s][info][gc,phases   ] GC(244)   Evacuate Collection Set: 3.45ms
[136.294s][info][gc,phases   ] GC(244)   Post Evacuate Collection Set: 0.43ms
[136.294s][info][gc,phases   ] GC(244)   Other: 0.10ms
[136.294s][info][gc,heap     ] GC(244) Eden regions: 200->0(207)
[136.294s][info][gc,heap     ] GC(244) Survivor regions: 5->5(26)
[136.294s][info][gc,heap     ] GC(244) Old regions: 84->84
[136.294s][info][gc,heap     ] GC(244) Humongous regions: 1->1
[136.294s][info][gc,metaspace] GC(244) Metaspace: 41461K(41920K)->41461K(41920K) NonClass: 37126K(37376K)->37126K(37376K) Class: 4335K(4544K)->4335K(4544K)
[136.294s][info][gc          ] GC(244) Pause Young (Concurrent Start) (G1 Evacuation Pause) 288M->88M(354M) 4.460ms
[136.294s][info][gc,cpu      ] GC(244) User=0.01s Sys=0.00s Real=0.01s
[136.294s][info][gc          ] GC(245) Concurrent Mark Cycle
[136.294s][info][gc,marking  ] GC(245) Concurrent Scan Root Regions
[136.299s][info][gc,marking  ] GC(245) Concurrent Scan Root Regions 4.710ms
[136.299s][info][gc,marking  ] GC(245) Concurrent Mark
[136.299s][info][gc,marking  ] GC(245) Concurrent Mark From Roots
[136.299s][info][gc,task     ] GC(245) Using 1 workers of 1 for marking
[136.371s][info][gc,marking  ] GC(245) Concurrent Mark From Roots 72.271ms
[136.372s][info][gc,marking  ] GC(245) Concurrent Preclean
[136.372s][info][gc,marking  ] GC(245) Concurrent Preclean 0.050ms
[136.372s][info][gc,start    ] GC(245) Pause Remark
[136.387s][info][gc          ] GC(245) Pause Remark 128M->114M(256M) 15.204ms
[136.387s][info][gc,cpu      ] GC(245) User=0.03s Sys=0.00s Real=0.01s
[136.387s][info][gc,marking  ] GC(245) Concurrent Mark 87.763ms
[136.387s][info][gc,marking  ] GC(245) Concurrent Rebuild Remembered Sets and Scrub Regions
[136.423s][info][gc,marking  ] GC(245) Concurrent Rebuild Remembered Sets and Scrub Regions 35.810ms
[136.423s][info][gc,start    ] GC(245) Pause Cleanup
[136.423s][info][gc          ] GC(245) Pause Cleanup 132M->132M(256M) 0.049ms
[136.423s][info][gc,cpu      ] GC(245) User=0.00s Sys=0.00s Real=0.00s
[136.423s][info][gc,marking  ] GC(245) Concurrent Clear Claimed Marks
[136.423s][info][gc,marking  ] GC(245) Concurrent Clear Claimed Marks 0.042ms
[136.423s][info][gc,marking  ] GC(245) Concurrent Cleanup for Next Mark
[136.424s][info][gc,marking  ] GC(245) Concurrent Cleanup for Next Mark 0.811ms
[136.424s][info][gc          ] GC(245) Concurrent Mark Cycle 129.484ms
[136.931s][info][gc,start    ] GC(246) Pause Young (Prepare Mixed) (G1 Evacuation Pause)
[136.932s][info][gc,task     ] GC(246) Using 2 workers of 2 for evacuation
[136.942s][info][gc,phases   ] GC(246)   Pre Evacuate Collection Set: 0.22ms
[136.942s][info][gc,phases   ] GC(246)   Merge Heap Roots: 0.07ms
[136.942s][info][gc,phases   ] GC(246)   Evacuate Collection Set: 9.43ms
[136.942s][info][gc,phases   ] GC(246)   Post Evacuate Collection Set: 1.03ms
[136.942s][info][gc,phases   ] GC(246)   Other: 0.07ms
[136.942s][info][gc,heap     ] GC(246) Eden regions: 126->0(210)
[136.942s][info][gc,heap     ] GC(246) Survivor regions: 5->7(26)
[136.942s][info][gc,heap     ] GC(246) Old regions: 70->70
[136.942s][info][gc,heap     ] GC(246) Humongous regions: 155->3
[136.942s][info][gc,metaspace] GC(246) Metaspace: 41499K(41984K)->41499K(41984K) NonClass: 37164K(37440K)->37164K(37440K) Class: 4335K(4544K)->4335K(4544K)
[136.942s][info][gc          ] GC(246) Pause Young (Prepare Mixed) (G1 Evacuation Pause) 354M->79M(363M) 11.039ms
[136.942s][info][gc,cpu      ] GC(246) User=0.01s Sys=0.01s Real=0.01s
[137.496s][info][gc,start    ] GC(247) Pause Young (Mixed) (G1 Evacuation Pause)
[137.496s][info][gc,task     ] GC(247) Using 2 workers of 2 for evacuation
[137.521s][info][gc,phases   ] GC(247)   Pre Evacuate Collection Set: 0.31ms
[137.521s][info][gc,phases   ] GC(247)   Merge Heap Roots: 0.31ms
[137.521s][info][gc,phases   ] GC(247)   Evacuate Collection Set: 23.86ms
[137.521s][info][gc,phases   ] GC(247)   Post Evacuate Collection Set: 0.92ms
[137.521s][info][gc,phases   ] GC(247)   Other: 0.08ms
[137.521s][info][gc,heap     ] GC(247) Eden regions: 53->0(278)
[137.521s][info][gc,heap     ] GC(247) Survivor regions: 7->11(30)
[137.521s][info][gc,heap     ] GC(247) Old regions: 70->60
[137.521s][info][gc,heap     ] GC(247) Humongous regions: 337->3
[137.521s][info][gc,metaspace] GC(247) Metaspace: 41504K(41984K)->41504K(41984K) NonClass: 37168K(37440K)->37168K(37440K) Class: 4335K(4544K)->4335K(4544K)
[137.521s][info][gc          ] GC(247) Pause Young (Mixed) (G1 Evacuation Pause) 466M->72M(482M) 25.695ms
[137.521s][info][gc,cpu      ] GC(247) User=0.04s Sys=0.01s Real=0.03s
[137.523s][info][gc,start    ] GC(248) Pause Young (Concurrent Start) (G1 Humongous Allocation)
[137.523s][info][gc,task     ] GC(248) Using 2 workers of 2 for evacuation
[137.533s][info][gc,phases   ] GC(248)   Pre Evacuate Collection Set: 0.24ms
[137.533s][info][gc,phases   ] GC(248)   Merge Heap Roots: 0.06ms
[137.533s][info][gc,phases   ] GC(248)   Evacuate Collection Set: 9.21ms
[137.533s][info][gc,phases   ] GC(248)   Post Evacuate Collection Set: 0.34ms
[137.533s][info][gc,phases   ] GC(248)   Other: 0.10ms
[137.533s][info][gc,heap     ] GC(248) Eden regions: 1->0(278)
[137.533s][info][gc,heap     ] GC(248) Survivor regions: 11->11(37)
[137.533s][info][gc,heap     ] GC(248) Old regions: 60->60
[137.533s][info][gc,heap     ] GC(248) Humongous regions: 3->1
[137.533s][info][gc,metaspace] GC(248) Metaspace: 41504K(41984K)->41504K(41984K) NonClass: 37168K(37440K)->37168K(37440K) Class: 4335K(4544K)->4335K(4544K)
[137.533s][info][gc          ] GC(248) Pause Young (Concurrent Start) (G1 Humongous Allocation) 73M->69M(482M) 10.118ms
[137.533s][info][gc,cpu      ] GC(248) User=0.02s Sys=0.00s Real=0.01s
[137.533s][info][gc          ] GC(249) Concurrent Mark Cycle
[137.533s][info][gc,marking  ] GC(249) Concurrent Scan Root Regions
[137.546s][info][gc,marking  ] GC(249) Concurrent Scan Root Regions 12.282ms
[137.546s][info][gc,marking  ] GC(249) Concurrent Mark
[137.546s][info][gc,marking  ] GC(249) Concurrent Mark From Roots
[137.546s][info][gc,task     ] GC(249) Using 1 workers of 1 for marking
[137.689s][info][gc,marking  ] GC(249) Concurrent Mark From Roots 142.920ms
[137.689s][info][gc,marking  ] GC(249) Concurrent Preclean
[137.689s][info][gc,marking  ] GC(249) Concurrent Preclean 0.053ms
[137.689s][info][gc,start    ] GC(249) Pause Remark
[137.706s][info][gc          ] GC(249) Pause Remark 182M->182M(482M) 16.838ms
[137.706s][info][gc,cpu      ] GC(249) User=0.03s Sys=0.00s Real=0.02s
[137.706s][info][gc,marking  ] GC(249) Concurrent Mark 160.115ms
[137.706s][info][gc,marking  ] GC(249) Concurrent Rebuild Remembered Sets and Scrub Regions
[137.734s][info][gc,marking  ] GC(249) Concurrent Rebuild Remembered Sets and Scrub Regions 27.889ms
[137.734s][info][gc,start    ] GC(249) Pause Cleanup
[137.734s][info][gc          ] GC(249) Pause Cleanup 189M->189M(482M) 0.063ms
[137.734s][info][gc,cpu      ] GC(249) User=0.00s Sys=0.00s Real=0.00s
[137.734s][info][gc,marking  ] GC(249) Concurrent Clear Claimed Marks
[137.734s][info][gc,marking  ] GC(249) Concurrent Clear Claimed Marks 0.039ms
[137.734s][info][gc,marking  ] GC(249) Concurrent Cleanup for Next Mark
[137.737s][info][gc,marking  ] GC(249) Concurrent Cleanup for Next Mark 3.449ms
[137.737s][info][gc          ] GC(249) Concurrent Mark Cycle 204.209ms
[138.286s][info][gc,start    ] GC(250) Pause Young (Prepare Mixed) (G1 Evacuation Pause)
[138.286s][info][gc,task     ] GC(250) Using 2 workers of 2 for evacuation
[138.334s][info][gc,phases   ] GC(250)   Pre Evacuate Collection Set: 0.26ms
[138.335s][info][gc,phases   ] GC(250)   Merge Heap Roots: 0.07ms
[138.335s][info][gc,phases   ] GC(250)   Evacuate Collection Set: 46.80ms
[138.335s][info][gc,phases   ] GC(250)   Post Evacuate Collection Set: 1.60ms
[138.335s][info][gc,phases   ] GC(250)   Other: 0.10ms
[138.335s][info][gc,heap     ] GC(250) Eden regions: 74->0(328)
[138.335s][info][gc,heap     ] GC(250) Survivor regions: 11->20(40)
[138.335s][info][gc,heap     ] GC(250) Old regions: 60->60
[138.335s][info][gc,heap     ] GC(250) Humongous regions: 415->3
[138.335s][info][gc,metaspace] GC(250) Metaspace: 41523K(41984K)->41523K(41984K) NonClass: 37188K(37440K)->37188K(37440K) Class: 4335K(4544K)->4335K(4544K)
[138.335s][info][gc          ] GC(250) Pause Young (Prepare Mixed) (G1 Evacuation Pause) 557M->81M(580M) 49.059ms
[138.335s][info][gc,cpu      ] GC(250) User=0.08s Sys=0.02s Real=0.05s
[139.112s][info][gc,start    ] GC(251) Pause Young (Mixed) (G1 Evacuation Pause)
[139.112s][info][gc,task     ] GC(251) Using 2 workers of 2 for evacuation
[139.162s][info][gc,phases   ] GC(251)   Pre Evacuate Collection Set: 0.30ms
[139.162s][info][gc,phases   ] GC(251)   Merge Heap Roots: 0.07ms
[139.162s][info][gc,phases   ] GC(251)   Evacuate Collection Set: 49.17ms
[139.162s][info][gc,phases   ] GC(251)   Post Evacuate Collection Set: 0.91ms
[139.162s][info][gc,phases   ] GC(251)   Other: 0.09ms
[139.162s][info][gc,heap     ] GC(251) Eden regions: 95->0(355)
[139.162s][info][gc,heap     ] GC(251) Survivor regions: 20->36(44)
[139.162s][info][gc,heap     ] GC(251) Old regions: 60->55
[139.162s][info][gc,heap     ] GC(251) Humongous regions: 441->1
[139.162s][info][gc,metaspace] GC(251) Metaspace: 41563K(42048K)->41563K(42048K) NonClass: 37227K(37504K)->37227K(37504K) Class: 4335K(4544K)->4335K(4544K)
[139.162s][info][gc          ] GC(251) Pause Young (Mixed) (G1 Evacuation Pause) 614M->90M(653M) 50.749ms
[139.162s][info][gc,cpu      ] GC(251) User=0.08s Sys=0.02s Real=0.05s
[139.347s][info][gc,start    ] GC(252) Pause Young (Concurrent Start) (G1 Humongous Allocation)
[139.347s][info][gc,task     ] GC(252) Using 2 workers of 2 for evacuation
[139.354s][info][gc,phases   ] GC(252)   Pre Evacuate Collection Set: 0.24ms
[139.354s][info][gc,phases   ] GC(252)   Merge Heap Roots: 0.05ms
[139.354s][info][gc,phases   ] GC(252)   Evacuate Collection Set: 5.93ms
[139.354s][info][gc,phases   ] GC(252)   Post Evacuate Collection Set: 0.43ms
[139.354s][info][gc,phases   ] GC(252)   Other: 0.11ms
[139.354s][info][gc,heap     ] GC(252) Eden regions: 31->0(388)
[139.354s][info][gc,heap     ] GC(252) Survivor regions: 36->3(49)
[139.354s][info][gc,heap     ] GC(252) Old regions: 55->58
[139.354s][info][gc,heap     ] GC(252) Humongous regions: 1->1
[139.354s][info][gc,metaspace] GC(252) Metaspace: 41574K(42048K)->41574K(42048K) NonClass: 37239K(37504K)->37239K(37504K) Class: 4335K(4544K)->4335K(4544K)
[139.354s][info][gc          ] GC(252) Pause Young (Concurrent Start) (G1 Humongous Allocation) 121M->61M(653M) 6.971ms
[139.354s][info][gc          ] GC(253) Concurrent Mark Cycle
[139.354s][info][gc,marking  ] GC(253) Concurrent Scan Root Regions
[139.356s][info][gc,cpu      ] GC(252) User=0.02s Sys=0.00s Real=0.01s
[139.359s][info][gc,marking  ] GC(253) Concurrent Scan Root Regions 5.071ms
[139.359s][info][gc,marking  ] GC(253) Concurrent Mark
[139.359s][info][gc,marking  ] GC(253) Concurrent Mark From Roots
[139.359s][info][gc,task     ] GC(253) Using 1 workers of 1 for marking
[139.487s][info][gc,marking  ] GC(253) Concurrent Mark From Roots 128.267ms
[139.487s][info][gc,marking  ] GC(253) Concurrent Preclean
[139.487s][info][gc,marking  ] GC(253) Concurrent Preclean 0.053ms
[139.490s][info][gc,start    ] GC(253) Pause Remark
[139.507s][info][gc          ] GC(253) Pause Remark 92M->91M(270M) 17.435ms
[139.507s][info][gc,cpu      ] GC(253) User=0.03s Sys=0.00s Real=0.02s
[139.508s][info][gc,marking  ] GC(253) Concurrent Mark 149.288ms
[139.508s][info][gc,marking  ] GC(253) Concurrent Rebuild Remembered Sets and Scrub Regions
[139.537s][info][gc,marking  ] GC(253) Concurrent Rebuild Remembered Sets and Scrub Regions 28.373ms
[139.537s][info][gc,start    ] GC(253) Pause Cleanup
[139.537s][info][gc          ] GC(253) Pause Cleanup 101M->101M(270M) 0.052ms
[139.537s][info][gc,cpu      ] GC(253) User=0.00s Sys=0.00s Real=0.00s
[139.537s][info][gc,marking  ] GC(253) Concurrent Clear Claimed Marks
[139.537s][info][gc,marking  ] GC(253) Concurrent Clear Claimed Marks 0.039ms
[139.537s][info][gc,marking  ] GC(253) Concurrent Cleanup for Next Mark
[139.538s][info][gc,marking  ] GC(253) Concurrent Cleanup for Next Mark 0.927ms
[139.538s][info][gc          ] GC(253) Concurrent Mark Cycle 184.066ms
[140.070s][info][gc,start    ] GC(254) Pause Young (Prepare Mixed) (G1 Evacuation Pause)
[140.070s][info][gc,task     ] GC(254) Using 2 workers of 2 for evacuation
[140.084s][info][gc,phases   ] GC(254)   Pre Evacuate Collection Set: 1.69ms
[140.084s][info][gc,phases   ] GC(254)   Merge Heap Roots: 0.10ms
[140.084s][info][gc,phases   ] GC(254)   Evacuate Collection Set: 11.40ms
[140.084s][info][gc,phases   ] GC(254)   Post Evacuate Collection Set: 0.95ms
[140.084s][info][gc,phases   ] GC(254)   Other: 0.08ms
[140.084s][info][gc,heap     ] GC(254) Eden regions: 159->0(155)
[140.084s][info][gc,heap     ] GC(254) Survivor regions: 3->7(21)
[140.084s][info][gc,heap     ] GC(254) Old regions: 57->57
[140.084s][info][gc,heap     ] GC(254) Humongous regions: 45->1
[140.084s][info][gc,metaspace] GC(254) Metaspace: 41653K(42112K)->41653K(42112K) NonClass: 37317K(37568K)->37317K(37568K) Class: 4335K(4544K)->4335K(4544K)
[140.084s][info][gc          ] GC(254) Pause Young (Prepare Mixed) (G1 Evacuation Pause) 263M->64M(271M) 14.430ms
[140.084s][info][gc,cpu      ] GC(254) User=0.02s Sys=0.00s Real=0.02s
[140.510s][info][gc,start    ] GC(255) Pause Young (Mixed) (G1 Evacuation Pause)
[140.510s][info][gc,task     ] GC(255) Using 2 workers of 2 for evacuation
[140.518s][info][gc,phases   ] GC(255)   Pre Evacuate Collection Set: 0.20ms
[140.518s][info][gc,phases   ] GC(255)   Merge Heap Roots: 0.06ms
[140.518s][info][gc,phases   ] GC(255)   Evacuate Collection Set: 6.38ms
[140.518s][info][gc,phases   ] GC(255)   Post Evacuate Collection Set: 0.45ms
[140.518s][info][gc,phases   ] GC(255)   Other: 0.09ms
[140.518s][info][gc,heap     ] GC(255) Eden regions: 155->0(154)
[140.518s][info][gc,heap     ] GC(255) Survivor regions: 7->8(21)
[140.518s][info][gc,heap     ] GC(255) Old regions: 57->53
[140.518s][info][gc,heap     ] GC(255) Humongous regions: 1->1
[140.518s][info][gc,metaspace] GC(255) Metaspace: 41656K(42112K)->41656K(42112K) NonClass: 37321K(37568K)->37321K(37568K) Class: 4335K(4544K)->4335K(4544K)
[140.518s][info][gc          ] GC(255) Pause Young (Mixed) (G1 Evacuation Pause) 219M->60M(271M) 7.426ms
[140.518s][info][gc,cpu      ] GC(255) User=0.01s Sys=0.00s Real=0.01s
[140.920s][info][gc,start    ] GC(256) Pause Young (Concurrent Start) (G1 Evacuation Pause)
[140.920s][info][gc,task     ] GC(256) Using 2 workers of 2 for evacuation
[140.930s][info][gc,phases   ] GC(256)   Pre Evacuate Collection Set: 0.18ms
[140.930s][info][gc,phases   ] GC(256)   Merge Heap Roots: 0.08ms
[140.930s][info][gc,phases   ] GC(256)   Evacuate Collection Set: 8.32ms
[140.930s][info][gc,phases   ] GC(256)   Post Evacuate Collection Set: 0.89ms
[140.930s][info][gc,phases   ] GC(256)   Other: 0.10ms
[140.930s][info][gc,heap     ] GC(256) Eden regions: 154->0(154)
[140.930s][info][gc,heap     ] GC(256) Survivor regions: 8->8(21)
[140.930s][info][gc,heap     ] GC(256) Old regions: 53->53
[140.930s][info][gc,heap     ] GC(256) Humongous regions: 1->1
[140.930s][info][gc,metaspace] GC(256) Metaspace: 41657K(42112K)->41657K(42112K) NonClass: 37322K(37568K)->37322K(37568K) Class: 4335K(4544K)->4335K(4544K)
[140.930s][info][gc          ] GC(256) Pause Young (Concurrent Start) (G1 Evacuation Pause) 214M->60M(271M) 9.777ms
[140.930s][info][gc,cpu      ] GC(256) User=0.02s Sys=0.00s Real=0.01s
[140.930s][info][gc          ] GC(257) Concurrent Mark Cycle
[140.930s][info][gc,marking  ] GC(257) Concurrent Scan Root Regions
[140.936s][info][gc,marking  ] GC(257) Concurrent Scan Root Regions 6.378ms
[140.936s][info][gc,marking  ] GC(257) Concurrent Mark
[140.936s][info][gc,marking  ] GC(257) Concurrent Mark From Roots
[140.936s][info][gc,task     ] GC(257) Using 1 workers of 1 for marking
[141.083s][info][gc,marking  ] GC(257) Concurrent Mark From Roots 146.484ms
[141.083s][info][gc,marking  ] GC(257) Concurrent Preclean
[141.083s][info][gc,marking  ] GC(257) Concurrent Preclean 0.143ms
[141.085s][info][gc,start    ] GC(257) Pause Remark
[141.101s][info][gc          ] GC(257) Pause Remark 114M->114M(256M) 15.569ms
[141.101s][info][gc,cpu      ] GC(257) User=0.03s Sys=0.00s Real=0.02s
[141.102s][info][gc,marking  ] GC(257) Concurrent Mark 166.117ms
[141.102s][info][gc,marking  ] GC(257) Concurrent Rebuild Remembered Sets and Scrub Regions
[141.161s][info][gc,marking  ] GC(257) Concurrent Rebuild Remembered Sets and Scrub Regions 58.844ms
[141.161s][info][gc,start    ] GC(257) Pause Cleanup
[141.162s][info][gc          ] GC(257) Pause Cleanup 128M->128M(256M) 0.070ms
[141.162s][info][gc,cpu      ] GC(257) User=0.00s Sys=0.00s Real=0.00s
[141.162s][info][gc,marking  ] GC(257) Concurrent Clear Claimed Marks
[141.162s][info][gc,marking  ] GC(257) Concurrent Clear Claimed Marks 0.049ms
[141.162s][info][gc,marking  ] GC(257) Concurrent Cleanup for Next Mark
[141.164s][info][gc,marking  ] GC(257) Concurrent Cleanup for Next Mark 2.508ms
[141.164s][info][gc          ] GC(257) Concurrent Mark Cycle 234.336ms
[141.387s][info][gc,start    ] GC(258) Pause Young (Prepare Mixed) (G1 Evacuation Pause)
[141.387s][info][gc,task     ] GC(258) Using 2 workers of 2 for evacuation
[141.392s][info][gc,phases   ] GC(258)   Pre Evacuate Collection Set: 0.17ms
[141.392s][info][gc,phases   ] GC(258)   Merge Heap Roots: 0.08ms
[141.392s][info][gc,phases   ] GC(258)   Evacuate Collection Set: 4.65ms
[141.392s][info][gc,phases   ] GC(258)   Post Evacuate Collection Set: 0.48ms
[141.392s][info][gc,phases   ] GC(258)   Other: 0.10ms
[141.392s][info][gc,heap     ] GC(258) Eden regions: 145->0(147)
[141.392s][info][gc,heap     ] GC(258) Survivor regions: 8->6(20)
[141.392s][info][gc,heap     ] GC(258) Old regions: 53->53
[141.392s][info][gc,heap     ] GC(258) Humongous regions: 1->1
[141.392s][info][gc,metaspace] GC(258) Metaspace: 41661K(42112K)->41661K(42112K) NonClass: 37326K(37568K)->37326K(37568K) Class: 4335K(4544K)->4335K(4544K)
[141.392s][info][gc          ] GC(258) Pause Young (Prepare Mixed) (G1 Evacuation Pause) 205M->58M(256M) 5.726ms
[141.392s][info][gc,cpu      ] GC(258) User=0.02s Sys=0.00s Real=0.01s
[141.762s][info][gc,start    ] GC(259) Pause Young (Mixed) (G1 Evacuation Pause)
[141.762s][info][gc,task     ] GC(259) Using 2 workers of 2 for evacuation
[141.787s][info][gc,phases   ] GC(259)   Pre Evacuate Collection Set: 0.18ms
[141.787s][info][gc,phases   ] GC(259)   Merge Heap Roots: 0.27ms
[141.787s][info][gc,phases   ] GC(259)   Evacuate Collection Set: 21.84ms
[141.787s][info][gc,phases   ] GC(259)   Post Evacuate Collection Set: 2.93ms
[141.787s][info][gc,phases   ] GC(259)   Other: 0.09ms
[141.787s][info][gc,heap     ] GC(259) Eden regions: 147->0(143)
[141.787s][info][gc,heap     ] GC(259) Survivor regions: 6->10(20)
[141.787s][info][gc,heap     ] GC(259) Old regions: 53->50
[141.787s][info][gc,heap     ] GC(259) Humongous regions: 1->1
[141.787s][info][gc,metaspace] GC(259) Metaspace: 41661K(42112K)->41661K(42112K) NonClass: 37326K(37568K)->37326K(37568K) Class: 4335K(4544K)->4335K(4544K)
[141.787s][info][gc          ] GC(259) Pause Young (Mixed) (G1 Evacuation Pause) 205M->59M(256M) 25.524ms
[141.787s][info][gc,cpu      ] GC(259) User=0.05s Sys=0.00s Real=0.02s
[142.212s][info][gc,start    ] GC(260) Pause Young (Concurrent Start) (G1 Evacuation Pause)
[142.212s][info][gc,task     ] GC(260) Using 2 workers of 2 for evacuation
[142.218s][info][gc,phases   ] GC(260)   Pre Evacuate Collection Set: 0.20ms
[142.218s][info][gc,phases   ] GC(260)   Merge Heap Roots: 0.09ms
[142.218s][info][gc,phases   ] GC(260)   Evacuate Collection Set: 5.39ms
[142.218s][info][gc,phases   ] GC(260)   Post Evacuate Collection Set: 0.41ms
[142.218s][info][gc,phases   ] GC(260)   Other: 0.12ms
[142.218s][info][gc,heap     ] GC(260) Eden regions: 143->0(146)
[142.218s][info][gc,heap     ] GC(260) Survivor regions: 10->7(20)
[142.218s][info][gc,heap     ] GC(260) Old regions: 50->50
[142.218s][info][gc,heap     ] GC(260) Humongous regions: 1->1
[142.218s][info][gc,metaspace] GC(260) Metaspace: 41664K(42112K)->41664K(42112K) NonClass: 37328K(37568K)->37328K(37568K) Class: 4335K(4544K)->4335K(4544K)
[142.218s][info][gc          ] GC(260) Pause Young (Concurrent Start) (G1 Evacuation Pause) 202M->57M(256M) 6.417ms
[142.218s][info][gc,cpu      ] GC(260) User=0.01s Sys=0.00s Real=0.00s
[142.218s][info][gc          ] GC(261) Concurrent Mark Cycle
[142.218s][info][gc,marking  ] GC(261) Concurrent Scan Root Regions
[142.226s][info][gc,marking  ] GC(261) Concurrent Scan Root Regions 7.977ms
[142.226s][info][gc,marking  ] GC(261) Concurrent Mark
[142.226s][info][gc,marking  ] GC(261) Concurrent Mark From Roots
[142.226s][info][gc,task     ] GC(261) Using 1 workers of 1 for marking
[142.377s][info][gc,marking  ] GC(261) Concurrent Mark From Roots 150.357ms
[142.377s][info][gc,marking  ] GC(261) Concurrent Preclean
[142.377s][info][gc,marking  ] GC(261) Concurrent Preclean 0.139ms
[142.377s][info][gc,start    ] GC(261) Pause Remark
[142.393s][info][gc          ] GC(261) Pause Remark 76M->76M(256M) 16.020ms
[142.393s][info][gc,cpu      ] GC(261) User=0.03s Sys=0.00s Real=0.02s
[142.395s][info][gc,marking  ] GC(261) Concurrent Mark 168.957ms
[142.395s][info][gc,marking  ] GC(261) Concurrent Rebuild Remembered Sets and Scrub Regions
[142.466s][info][gc,marking  ] GC(261) Concurrent Rebuild Remembered Sets and Scrub Regions 70.281ms
[142.466s][info][gc,start    ] GC(261) Pause Cleanup
[142.466s][info][gc          ] GC(261) Pause Cleanup 96M->96M(256M) 0.071ms
[142.466s][info][gc,cpu      ] GC(261) User=0.00s Sys=0.00s Real=0.00s
[142.466s][info][gc,marking  ] GC(261) Concurrent Clear Claimed Marks
[142.466s][info][gc,marking  ] GC(261) Concurrent Clear Claimed Marks 0.054ms
[142.466s][info][gc,marking  ] GC(261) Concurrent Cleanup for Next Mark
[142.467s][info][gc,marking  ] GC(261) Concurrent Cleanup for Next Mark 0.812ms
[142.467s][info][gc          ] GC(261) Concurrent Mark Cycle 248.619ms
[142.829s][info][gc,start    ] GC(262) Pause Young (Prepare Mixed) (G1 Evacuation Pause)
[142.830s][info][gc,task     ] GC(262) Using 2 workers of 2 for evacuation
[142.837s][info][gc,phases   ] GC(262)   Pre Evacuate Collection Set: 0.16ms
[142.837s][info][gc,phases   ] GC(262)   Merge Heap Roots: 0.08ms
[142.837s][info][gc,phases   ] GC(262)   Evacuate Collection Set: 6.31ms
[142.837s][info][gc,phases   ] GC(262)   Post Evacuate Collection Set: 0.63ms
[142.837s][info][gc,phases   ] GC(262)   Other: 0.10ms
[142.837s][info][gc,heap     ] GC(262) Eden regions: 146->0(142)
[142.837s][info][gc,heap     ] GC(262) Survivor regions: 7->11(20)
[142.837s][info][gc,heap     ] GC(262) Old regions: 50->50
[142.837s][info][gc,heap     ] GC(262) Humongous regions: 1->1
[142.837s][info][gc,metaspace] GC(262) Metaspace: 41667K(42112K)->41667K(42112K) NonClass: 37332K(37568K)->37332K(37568K) Class: 4335K(4544K)->4335K(4544K)
[142.837s][info][gc          ] GC(262) Pause Young (Prepare Mixed) (G1 Evacuation Pause) 203M->60M(256M) 7.500ms
[142.837s][info][gc,cpu      ] GC(262) User=0.01s Sys=0.00s Real=0.01s
[143.277s][info][gc,start    ] GC(263) Pause Young (Mixed) (G1 Evacuation Pause)
[143.277s][info][gc,task     ] GC(263) Using 2 workers of 2 for evacuation
[143.295s][info][gc,phases   ] GC(263)   Pre Evacuate Collection Set: 0.15ms
[143.295s][info][gc,phases   ] GC(263)   Merge Heap Roots: 0.15ms
[143.295s][info][gc,phases   ] GC(263)   Evacuate Collection Set: 16.77ms
[143.295s][info][gc,phases   ] GC(263)   Post Evacuate Collection Set: 0.67ms
[143.295s][info][gc,phases   ] GC(263)   Other: 0.12ms
[143.295s][info][gc,heap     ] GC(263) Eden regions: 142->0(139)
[143.295s][info][gc,heap     ] GC(263) Survivor regions: 11->14(20)
[143.295s][info][gc,heap     ] GC(263) Old regions: 50->48
[143.295s][info][gc,heap     ] GC(263) Humongous regions: 1->1
[143.295s][info][gc,metaspace] GC(263) Metaspace: 41670K(42112K)->41670K(42112K) NonClass: 37334K(37568K)->37334K(37568K) Class: 4335K(4544K)->4335K(4544K)
[143.295s][info][gc          ] GC(263) Pause Young (Mixed) (G1 Evacuation Pause) 202M->62M(256M) 18.069ms
[143.295s][info][gc,cpu      ] GC(263) User=0.03s Sys=0.00s Real=0.02s
[144.136s][info][gc,start    ] GC(264) Pause Young (Concurrent Start) (G1 Humongous Allocation)
[144.136s][info][gc,task     ] GC(264) Using 2 workers of 2 for evacuation
[144.141s][info][gc,phases   ] GC(264)   Pre Evacuate Collection Set: 0.16ms
[144.141s][info][gc,phases   ] GC(264)   Merge Heap Roots: 0.07ms
[144.141s][info][gc,phases   ] GC(264)   Evacuate Collection Set: 3.89ms
[144.141s][info][gc,phases   ] GC(264)   Post Evacuate Collection Set: 0.46ms
[144.141s][info][gc,phases   ] GC(264)   Other: 0.08ms
[144.141s][info][gc,heap     ] GC(264) Eden regions: 109->0(151)
[144.141s][info][gc,heap     ] GC(264) Survivor regions: 14->2(20)
[144.141s][info][gc,heap     ] GC(264) Old regions: 48->51
[144.141s][info][gc,heap     ] GC(264) Humongous regions: 1->1
[144.141s][info][gc,metaspace] GC(264) Metaspace: 41700K(42176K)->41700K(42176K) NonClass: 37364K(37632K)->37364K(37632K) Class: 4335K(4544K)->4335K(4544K)
[144.141s][info][gc          ] GC(264) Pause Young (Concurrent Start) (G1 Humongous Allocation) 170M->52M(256M) 4.825ms
[144.141s][info][gc          ] GC(265) Concurrent Mark Cycle
[144.141s][info][gc,marking  ] GC(265) Concurrent Scan Root Regions
[144.141s][info][gc,cpu      ] GC(264) User=0.01s Sys=0.00s Real=0.01s
[144.149s][info][gc,marking  ] GC(265) Concurrent Scan Root Regions 7.815ms
[144.149s][info][gc,marking  ] GC(265) Concurrent Mark
[144.149s][info][gc,marking  ] GC(265) Concurrent Mark From Roots
[144.149s][info][gc,task     ] GC(265) Using 1 workers of 1 for marking
[144.242s][info][gc,marking  ] GC(265) Concurrent Mark From Roots 92.951ms
[144.242s][info][gc,marking  ] GC(265) Concurrent Preclean
[144.242s][info][gc,marking  ] GC(265) Concurrent Preclean 0.204ms
[144.242s][info][gc,start    ] GC(265) Pause Remark
[144.258s][info][gc          ] GC(265) Pause Remark 62M->62M(256M) 15.718ms
[144.258s][info][gc,cpu      ] GC(265) User=0.03s Sys=0.00s Real=0.01s
[144.258s][info][gc,marking  ] GC(265) Concurrent Mark 109.130ms
[144.258s][info][gc,marking  ] GC(265) Concurrent Rebuild Remembered Sets and Scrub Regions
[144.283s][info][gc,marking  ] GC(265) Concurrent Rebuild Remembered Sets and Scrub Regions 25.122ms
[144.283s][info][gc,start    ] GC(265) Pause Cleanup
[144.283s][info][gc          ] GC(265) Pause Cleanup 63M->63M(256M) 0.049ms
[144.283s][info][gc,cpu      ] GC(265) User=0.00s Sys=0.00s Real=0.00s
[144.283s][info][gc,marking  ] GC(265) Concurrent Clear Claimed Marks
[144.283s][info][gc,marking  ] GC(265) Concurrent Clear Claimed Marks 0.036ms
[144.283s][info][gc,marking  ] GC(265) Concurrent Cleanup for Next Mark
[144.286s][info][gc,marking  ] GC(265) Concurrent Cleanup for Next Mark 2.153ms
[144.286s][info][gc          ] GC(265) Concurrent Mark Cycle 144.729ms
[145.210s][info][gc,start    ] GC(266) Pause Young (Prepare Mixed) (G1 Evacuation Pause)
[145.210s][info][gc,task     ] GC(266) Using 2 workers of 2 for evacuation
[145.241s][info][gc,phases   ] GC(266)   Pre Evacuate Collection Set: 0.85ms
[145.241s][info][gc,phases   ] GC(266)   Merge Heap Roots: 0.41ms
[145.241s][info][gc,phases   ] GC(266)   Evacuate Collection Set: 28.28ms
[145.241s][info][gc,phases   ] GC(266)   Post Evacuate Collection Set: 0.82ms
[145.241s][info][gc,phases   ] GC(266)   Other: 0.11ms
[145.241s][info][gc,heap     ] GC(266) Eden regions: 151->0(140)
[145.241s][info][gc,heap     ] GC(266) Survivor regions: 2->13(20)
[145.241s][info][gc,heap     ] GC(266) Old regions: 51->51
[145.241s][info][gc,heap     ] GC(266) Humongous regions: 13->3
[145.241s][info][gc,metaspace] GC(266) Metaspace: 41801K(42304K)->41801K(42304K) NonClass: 37466K(37760K)->37466K(37760K) Class: 4335K(4544K)->4335K(4544K)
[145.241s][info][gc          ] GC(266) Pause Young (Prepare Mixed) (G1 Evacuation Pause) 215M->65M(256M) 30.735ms
[145.241s][info][gc,cpu      ] GC(266) User=0.05s Sys=0.01s Real=0.04s
[145.612s][info][gc,start    ] GC(267) Pause Young (Mixed) (G1 Evacuation Pause)
[145.612s][info][gc,task     ] GC(267) Using 2 workers of 2 for evacuation
[145.641s][info][gc,phases   ] GC(267)   Pre Evacuate Collection Set: 0.16ms
[145.641s][info][gc,phases   ] GC(267)   Merge Heap Roots: 0.08ms
[145.641s][info][gc,phases   ] GC(267)   Evacuate Collection Set: 28.35ms
[145.641s][info][gc,phases   ] GC(267)   Post Evacuate Collection Set: 0.46ms
[145.641s][info][gc,phases   ] GC(267)   Other: 0.08ms
[145.641s][info][gc,heap     ] GC(267) Eden regions: 140->0(137)
[145.641s][info][gc,heap     ] GC(267) Survivor regions: 13->16(20)
[145.641s][info][gc,heap     ] GC(267) Old regions: 51->58
[145.641s][info][gc,heap     ] GC(267) Humongous regions: 4->4
[145.641s][info][gc,metaspace] GC(267) Metaspace: 41801K(42304K)->41801K(42304K) NonClass: 37466K(37760K)->37466K(37760K) Class: 4335K(4544K)->4335K(4544K)
[145.641s][info][gc          ] GC(267) Pause Young (Mixed) (G1 Evacuation Pause) 206M->77M(256M) 29.322ms
[145.641s][info][gc,cpu      ] GC(267) User=0.06s Sys=0.00s Real=0.03s
[145.884s][info][gc,start    ] GC(268) Pause Young (Concurrent Start) (G1 Humongous Allocation)
[145.884s][info][gc,task     ] GC(268) Using 2 workers of 2 for evacuation
[145.912s][info][gc,phases   ] GC(268)   Pre Evacuate Collection Set: 0.18ms
[145.912s][info][gc,phases   ] GC(268)   Merge Heap Roots: 0.06ms
[145.912s][info][gc,phases   ] GC(268)   Evacuate Collection Set: 27.19ms
[145.912s][info][gc,phases   ] GC(268)   Post Evacuate Collection Set: 0.48ms
[145.912s][info][gc,phases   ] GC(268)   Other: 0.14ms
[145.912s][info][gc,heap     ] GC(268) Eden regions: 109->0(133)
[145.912s][info][gc,heap     ] GC(268) Survivor regions: 16->12(20)
[145.912s][info][gc,heap     ] GC(268) Old regions: 58->74
[145.913s][info][gc,heap     ] GC(268) Humongous regions: 4->4
[145.913s][info][gc,metaspace] GC(268) Metaspace: 41801K(42304K)->41801K(42304K) NonClass: 37466K(37760K)->37466K(37760K) Class: 4335K(4544K)->4335K(4544K)
[145.913s][info][gc          ] GC(268) Pause Young (Concurrent Start) (G1 Humongous Allocation) 185M->89M(256M) 28.282ms
[145.913s][info][gc,cpu      ] GC(268) User=0.05s Sys=0.00s Real=0.03s
[145.913s][info][gc          ] GC(269) Concurrent Mark Cycle
[145.913s][info][gc,marking  ] GC(269) Concurrent Scan Root Regions
[145.932s][info][gc,marking  ] GC(269) Concurrent Scan Root Regions 19.356ms
[145.932s][info][gc,marking  ] GC(269) Concurrent Mark
[145.932s][info][gc,marking  ] GC(269) Concurrent Mark From Roots
[145.932s][info][gc,task     ] GC(269) Using 1 workers of 1 for marking
[145.991s][info][gc,marking  ] GC(269) Concurrent Mark From Roots 59.108ms
[145.991s][info][gc,marking  ] GC(269) Concurrent Preclean
[145.991s][info][gc,marking  ] GC(269) Concurrent Preclean 0.137ms
[145.991s][info][gc,start    ] GC(269) Pause Remark
[146.008s][info][gc          ] GC(269) Pause Remark 98M->97M(256M) 16.943ms
[146.008s][info][gc,cpu      ] GC(269) User=0.03s Sys=0.00s Real=0.01s
[146.009s][info][gc,marking  ] GC(269) Concurrent Mark 76.475ms
[146.009s][info][gc,marking  ] GC(269) Concurrent Rebuild Remembered Sets and Scrub Regions
[146.046s][info][gc,marking  ] GC(269) Concurrent Rebuild Remembered Sets and Scrub Regions 37.302ms
[146.048s][info][gc,start    ] GC(269) Pause Cleanup
[146.048s][info][gc          ] GC(269) Pause Cleanup 102M->102M(256M) 0.053ms
[146.048s][info][gc,cpu      ] GC(269) User=0.00s Sys=0.00s Real=0.00s
[146.048s][info][gc,marking  ] GC(269) Concurrent Clear Claimed Marks
[146.048s][info][gc,marking  ] GC(269) Concurrent Clear Claimed Marks 0.039ms
[146.048s][info][gc,marking  ] GC(269) Concurrent Cleanup for Next Mark
[146.049s][info][gc,marking  ] GC(269) Concurrent Cleanup for Next Mark 0.746ms
[146.049s][info][gc          ] GC(269) Concurrent Mark Cycle 136.350ms
[146.329s][info][gc,start    ] GC(270) Pause Young (Prepare Mixed) (G1 Evacuation Pause)
[146.329s][info][gc,task     ] GC(270) Using 2 workers of 2 for evacuation
[146.361s][info][gc,phases   ] GC(270)   Pre Evacuate Collection Set: 0.16ms
[146.361s][info][gc,phases   ] GC(270)   Merge Heap Roots: 0.12ms
[146.361s][info][gc,phases   ] GC(270)   Evacuate Collection Set: 31.04ms
[146.361s][info][gc,phases   ] GC(270)   Post Evacuate Collection Set: 0.42ms
[146.361s][info][gc,phases   ] GC(270)   Other: 0.07ms
[146.361s][info][gc,heap     ] GC(270) Eden regions: 133->0(117)
[146.361s][info][gc,heap     ] GC(270) Survivor regions: 12->15(19)
[146.361s][info][gc,heap     ] GC(270) Old regions: 73->86
[146.361s][info][gc,heap     ] GC(270) Humongous regions: 6->6
[146.361s][info][gc,metaspace] GC(270) Metaspace: 41801K(42304K)->41801K(42304K) NonClass: 37466K(37760K)->37466K(37760K) Class: 4335K(4544K)->4335K(4544K)
[146.361s][info][gc          ] GC(270) Pause Young (Prepare Mixed) (G1 Evacuation Pause) 223M->106M(256M) 32.004ms
[146.361s][info][gc,cpu      ] GC(270) User=0.07s Sys=0.00s Real=0.04s
[146.646s][info][gc,start    ] GC(271) Pause Young (Mixed) (G1 Evacuation Pause)
[146.646s][info][gc,task     ] GC(271) Using 2 workers of 2 for evacuation
[146.677s][info][gc,phases   ] GC(271)   Pre Evacuate Collection Set: 0.16ms
[146.677s][info][gc,phases   ] GC(271)   Merge Heap Roots: 0.09ms
[146.677s][info][gc,phases   ] GC(271)   Evacuate Collection Set: 30.51ms
[146.677s][info][gc,phases   ] GC(271)   Post Evacuate Collection Set: 0.41ms
[146.677s][info][gc,phases   ] GC(271)   Other: 0.07ms
[146.677s][info][gc,heap     ] GC(271) Eden regions: 117->0(115)
[146.677s][info][gc,heap     ] GC(271) Survivor regions: 15->13(17)
[146.677s][info][gc,heap     ] GC(271) Old regions: 86->90
[146.677s][info][gc,heap     ] GC(271) Humongous regions: 6->6
[146.677s][info][gc,metaspace] GC(271) Metaspace: 41801K(42304K)->41801K(42304K) NonClass: 37466K(37760K)->37466K(37760K) Class: 4335K(4544K)->4335K(4544K)
[146.677s][info][gc          ] GC(271) Pause Young (Mixed) (G1 Evacuation Pause) 223M->108M(256M) 31.429ms
[146.677s][info][gc,cpu      ] GC(271) User=0.06s Sys=0.00s Real=0.03s
[146.803s][info][gc,start    ] GC(272) Pause Young (Concurrent Start) (G1 Humongous Allocation)
[146.803s][info][gc,task     ] GC(272) Using 2 workers of 2 for evacuation
[146.822s][info][gc,phases   ] GC(272)   Pre Evacuate Collection Set: 0.20ms
[146.822s][info][gc,phases   ] GC(272)   Merge Heap Roots: 0.12ms
[146.822s][info][gc,phases   ] GC(272)   Evacuate Collection Set: 18.30ms
[146.822s][info][gc,phases   ] GC(272)   Post Evacuate Collection Set: 0.34ms
[146.822s][info][gc,phases   ] GC(272)   Other: 0.11ms
[146.822s][info][gc,heap     ] GC(272) Eden regions: 41->0(113)
[146.822s][info][gc,heap     ] GC(272) Survivor regions: 13->4(16)
[146.822s][info][gc,heap     ] GC(272) Old regions: 90->103
[146.822s][info][gc,heap     ] GC(272) Humongous regions: 6->6
[146.822s][info][gc,metaspace] GC(272) Metaspace: 41802K(42304K)->41802K(42304K) NonClass: 37467K(37760K)->37467K(37760K) Class: 4335K(4544K)->4335K(4544K)
[146.822s][info][gc          ] GC(272) Pause Young (Concurrent Start) (G1 Humongous Allocation) 149M->112M(256M) 19.292ms
[146.822s][info][gc          ] GC(273) Concurrent Mark Cycle
[146.822s][info][gc,marking  ] GC(273) Concurrent Scan Root Regions
[146.824s][info][gc,cpu      ] GC(272) User=0.04s Sys=0.00s Real=0.02s
[146.851s][info][gc,marking  ] GC(273) Concurrent Scan Root Regions 28.568ms
[146.851s][info][gc,marking  ] GC(273) Concurrent Mark
[146.851s][info][gc,marking  ] GC(273) Concurrent Mark From Roots
[146.851s][info][gc,task     ] GC(273) Using 1 workers of 1 for marking
[147.002s][info][gc,marking  ] GC(273) Concurrent Mark From Roots 150.643ms
[147.002s][info][gc,marking  ] GC(273) Concurrent Preclean
[147.002s][info][gc,marking  ] GC(273) Concurrent Preclean 0.051ms
[147.004s][info][gc,start    ] GC(273) Pause Remark
[147.020s][info][gc          ] GC(273) Pause Remark 146M->145M(256M) 16.151ms
[147.020s][info][gc,cpu      ] GC(273) User=0.03s Sys=0.00s Real=0.01s
[147.020s][info][gc,marking  ] GC(273) Concurrent Mark 169.159ms
[147.020s][info][gc,marking  ] GC(273) Concurrent Rebuild Remembered Sets and Scrub Regions
[147.132s][info][gc,marking  ] GC(273) Concurrent Rebuild Remembered Sets and Scrub Regions 112.012ms
[147.132s][info][gc,start    ] GC(273) Pause Cleanup
[147.132s][info][gc          ] GC(273) Pause Cleanup 174M->174M(256M) 0.049ms
[147.132s][info][gc,cpu      ] GC(273) User=0.00s Sys=0.00s Real=0.00s
[147.134s][info][gc,marking  ] GC(273) Concurrent Clear Claimed Marks
[147.134s][info][gc,marking  ] GC(273) Concurrent Clear Claimed Marks 0.062ms
[147.134s][info][gc,marking  ] GC(273) Concurrent Cleanup for Next Mark
[147.136s][info][gc,marking  ] GC(273) Concurrent Cleanup for Next Mark 2.139ms
[147.136s][info][gc          ] GC(273) Concurrent Mark Cycle 314.178ms
[147.265s][info][gc,start    ] GC(274) Pause Young (Prepare Mixed) (G1 Evacuation Pause)
[147.265s][info][gc,task     ] GC(274) Using 2 workers of 2 for evacuation
[147.288s][info][gc,phases   ] GC(274)   Pre Evacuate Collection Set: 0.17ms
[147.288s][info][gc,phases   ] GC(274)   Merge Heap Roots: 0.12ms
[147.288s][info][gc,phases   ] GC(274)   Evacuate Collection Set: 21.82ms
[147.288s][info][gc,phases   ] GC(274)   Post Evacuate Collection Set: 0.44ms
[147.288s][info][gc,phases   ] GC(274)   Other: 0.10ms
[147.288s][info][gc,heap     ] GC(274) Eden regions: 113->0(100)
[147.288s][info][gc,heap     ] GC(274) Survivor regions: 4->15(15)
[147.288s][info][gc,heap     ] GC(274) Old regions: 103->103
[147.288s][info][gc,heap     ] GC(274) Humongous regions: 9->9
[147.288s][info][gc,metaspace] GC(274) Metaspace: 41802K(42304K)->41802K(42304K) NonClass: 37467K(37760K)->37467K(37760K) Class: 4335K(4544K)->4335K(4544K)
[147.288s][info][gc          ] GC(274) Pause Young (Prepare Mixed) (G1 Evacuation Pause) 228M->126M(256M) 22.842ms
[147.288s][info][gc,cpu      ] GC(274) User=0.04s Sys=0.00s Real=0.02s
[149.007s][info][gc,start    ] GC(275) Pause Young (Mixed) (G1 Evacuation Pause)
[149.007s][info][gc,task     ] GC(275) Using 2 workers of 2 for evacuation
[149.063s][info][gc,phases   ] GC(275)   Pre Evacuate Collection Set: 0.17ms
[149.063s][info][gc,phases   ] GC(275)   Merge Heap Roots: 0.32ms
[149.063s][info][gc,phases   ] GC(275)   Evacuate Collection Set: 53.63ms
[149.063s][info][gc,phases   ] GC(275)   Post Evacuate Collection Set: 1.47ms
[149.063s][info][gc,phases   ] GC(275)   Other: 0.09ms
[149.063s][info][gc,heap     ] GC(275) Eden regions: 100->0(202)
[149.063s][info][gc,heap     ] GC(275) Survivor regions: 15->7(15)
[149.063s][info][gc,heap     ] GC(275) Old regions: 103->114
[149.063s][info][gc,heap     ] GC(275) Humongous regions: 17->15
[149.063s][info][gc,metaspace] GC(275) Metaspace: 41806K(42304K)->41806K(42304K) NonClass: 37470K(37760K)->37470K(37760K) Class: 4335K(4544K)->4335K(4544K)
[149.063s][info][gc          ] GC(275) Pause Young (Mixed) (G1 Evacuation Pause) 234M->135M(378M) 55.892ms
[149.063s][info][gc,cpu      ] GC(275) User=0.11s Sys=0.00s Real=0.06s
[150.619s][info][gc,start    ] GC(276) Pause Young (Concurrent Start) (G1 Humongous Allocation)
[150.619s][info][gc,task     ] GC(276) Using 2 workers of 2 for evacuation
[150.637s][info][gc,phases   ] GC(276)   Pre Evacuate Collection Set: 0.22ms
[150.637s][info][gc,phases   ] GC(276)   Merge Heap Roots: 0.19ms
[150.637s][info][gc,phases   ] GC(276)   Evacuate Collection Set: 16.47ms
[150.637s][info][gc,phases   ] GC(276)   Post Evacuate Collection Set: 0.44ms
[150.637s][info][gc,phases   ] GC(276)   Other: 0.13ms
[150.637s][info][gc,heap     ] GC(276) Eden regions: 9->0(209)
[150.637s][info][gc,heap     ] GC(276) Survivor regions: 7->7(27)
[150.637s][info][gc,heap     ] GC(276) Old regions: 114->114
[150.637s][info][gc,heap     ] GC(276) Humongous regions: 15->15
[150.637s][info][gc,metaspace] GC(276) Metaspace: 41812K(42304K)->41812K(42304K) NonClass: 37477K(37760K)->37477K(37760K) Class: 4335K(4544K)->4335K(4544K)
[150.637s][info][gc          ] GC(276) Pause Young (Concurrent Start) (G1 Humongous Allocation) 143M->135M(378M) 17.622ms
[150.637s][info][gc          ] GC(277) Concurrent Mark Cycle
[150.637s][info][gc,marking  ] GC(277) Concurrent Scan Root Regions
[150.637s][info][gc,cpu      ] GC(276) User=0.04s Sys=0.01s Real=0.02s
[150.644s][info][gc,marking  ] GC(277) Concurrent Scan Root Regions 6.848ms
[150.644s][info][gc,marking  ] GC(277) Concurrent Mark
[150.644s][info][gc,marking  ] GC(277) Concurrent Mark From Roots
[150.644s][info][gc,task     ] GC(277) Using 1 workers of 1 for marking
[150.708s][info][gc,marking  ] GC(277) Concurrent Mark From Roots 63.940ms
[150.708s][info][gc,marking  ] GC(277) Concurrent Preclean
[150.708s][info][gc,marking  ] GC(277) Concurrent Preclean 0.059ms
[150.708s][info][gc,start    ] GC(277) Pause Remark
[150.724s][info][gc          ] GC(277) Pause Remark 144M->74M(256M) 15.632ms
[150.724s][info][gc,cpu      ] GC(277) User=0.03s Sys=0.00s Real=0.02s
[150.724s][info][gc,marking  ] GC(277) Concurrent Mark 79.902ms
[150.724s][info][gc,marking  ] GC(277) Concurrent Rebuild Remembered Sets and Scrub Regions
[150.747s][info][gc,marking  ] GC(277) Concurrent Rebuild Remembered Sets and Scrub Regions 23.174ms
[150.748s][info][gc,start    ] GC(277) Pause Cleanup
[150.748s][info][gc          ] GC(277) Pause Cleanup 76M->76M(256M) 0.051ms
[150.748s][info][gc,cpu      ] GC(277) User=0.00s Sys=0.00s Real=0.00s
[150.748s][info][gc,marking  ] GC(277) Concurrent Clear Claimed Marks
[150.748s][info][gc,marking  ] GC(277) Concurrent Clear Claimed Marks 0.038ms
[150.748s][info][gc,marking  ] GC(277) Concurrent Cleanup for Next Mark
[150.749s][info][gc,marking  ] GC(277) Concurrent Cleanup for Next Mark 0.989ms
[150.749s][info][gc          ] GC(277) Concurrent Mark Cycle 112.240ms
[151.379s][info][gc,start    ] GC(278) Pause Young (Prepare Mixed) (G1 Evacuation Pause)
[151.379s][info][gc,task     ] GC(278) Using 2 workers of 2 for evacuation
[151.386s][info][gc,phases   ] GC(278)   Pre Evacuate Collection Set: 0.17ms
[151.386s][info][gc,phases   ] GC(278)   Merge Heap Roots: 0.14ms
[151.386s][info][gc,phases   ] GC(278)   Evacuate Collection Set: 5.68ms
[151.386s][info][gc,phases   ] GC(278)   Post Evacuate Collection Set: 0.37ms
[151.386s][info][gc,phases   ] GC(278)   Other: 0.10ms
[151.386s][info][gc,heap     ] GC(278) Eden regions: 146->0(150)
[151.386s][info][gc,heap     ] GC(278) Survivor regions: 7->3(20)
[151.386s][info][gc,heap     ] GC(278) Old regions: 58->58
[151.386s][info][gc,heap     ] GC(278) Humongous regions: 3->1
[151.386s][info][gc,metaspace] GC(278) Metaspace: 41855K(42304K)->41855K(42304K) NonClass: 37520K(37760K)->37520K(37760K) Class: 4335K(4544K)->4335K(4544K)
[151.386s][info][gc          ] GC(278) Pause Young (Prepare Mixed) (G1 Evacuation Pause) 213M->61M(256M) 6.658ms
[151.386s][info][gc,cpu      ] GC(278) User=0.01s Sys=0.00s Real=0.01s
[151.861s][info][gc,start    ] GC(279) Pause Young (Mixed) (G1 Evacuation Pause)
[151.861s][info][gc,task     ] GC(279) Using 2 workers of 2 for evacuation
[151.872s][info][gc,phases   ] GC(279)   Pre Evacuate Collection Set: 0.16ms
[151.872s][info][gc,phases   ] GC(279)   Merge Heap Roots: 0.07ms
[151.872s][info][gc,phases   ] GC(279)   Evacuate Collection Set: 10.77ms
[151.872s][info][gc,phases   ] GC(279)   Post Evacuate Collection Set: 0.41ms
[151.872s][info][gc,phases   ] GC(279)   Other: 0.11ms
[151.872s][info][gc,heap     ] GC(279) Eden regions: 150->0(142)
[151.872s][info][gc,heap     ] GC(279) Survivor regions: 3->11(20)
[151.872s][info][gc,heap     ] GC(279) Old regions: 58->48
[151.872s][info][gc,heap     ] GC(279) Humongous regions: 3->3
[151.872s][info][gc,metaspace] GC(279) Metaspace: 41865K(42368K)->41865K(42368K) NonClass: 37530K(37824K)->37530K(37824K) Class: 4335K(4544K)->4335K(4544K)
[151.872s][info][gc          ] GC(279) Pause Young (Mixed) (G1 Evacuation Pause) 213M->60M(256M) 11.742ms
[151.872s][info][gc,cpu      ] GC(279) User=0.03s Sys=0.00s Real=0.01s
[152.025s][info][gc,start    ] GC(280) Pause Young (Concurrent Start) (G1 Humongous Allocation)
[152.025s][info][gc,task     ] GC(280) Using 2 workers of 2 for evacuation
[152.043s][info][gc,phases   ] GC(280)   Pre Evacuate Collection Set: 0.17ms
[152.043s][info][gc,phases   ] GC(280)   Merge Heap Roots: 0.05ms
[152.043s][info][gc,phases   ] GC(280)   Evacuate Collection Set: 17.02ms
[152.043s][info][gc,phases   ] GC(280)   Post Evacuate Collection Set: 0.38ms
[152.043s][info][gc,phases   ] GC(280)   Other: 0.13ms
[152.043s][info][gc,heap     ] GC(280) Eden regions: 62->0(137)
[152.043s][info][gc,heap     ] GC(280) Survivor regions: 11->16(20)
[152.043s][info][gc,heap     ] GC(280) Old regions: 48->50
[152.043s][info][gc,heap     ] GC(280) Humongous regions: 3->3
[152.043s][info][gc,metaspace] GC(280) Metaspace: 41865K(42368K)->41865K(42368K) NonClass: 37530K(37824K)->37530K(37824K) Class: 4335K(4544K)->4335K(4544K)
[152.043s][info][gc          ] GC(280) Pause Young (Concurrent Start) (G1 Humongous Allocation) 122M->68M(256M) 17.957ms
[152.043s][info][gc,cpu      ] GC(280) User=0.04s Sys=0.00s Real=0.02s
[152.043s][info][gc          ] GC(281) Concurrent Mark Cycle
[152.043s][info][gc,marking  ] GC(281) Concurrent Scan Root Regions
[152.057s][info][gc,marking  ] GC(281) Concurrent Scan Root Regions 13.709ms
[152.057s][info][gc,marking  ] GC(281) Concurrent Mark
[152.057s][info][gc,marking  ] GC(281) Concurrent Mark From Roots
[152.057s][info][gc,task     ] GC(281) Using 1 workers of 1 for marking
[152.086s][info][gc,marking  ] GC(281) Concurrent Mark From Roots 29.435ms
[152.086s][info][gc,marking  ] GC(281) Concurrent Preclean
[152.086s][info][gc,marking  ] GC(281) Concurrent Preclean 0.056ms
[152.086s][info][gc,start    ] GC(281) Pause Remark
[152.102s][info][gc          ] GC(281) Pause Remark 83M->78M(256M) 15.885ms
[152.102s][info][gc,cpu      ] GC(281) User=0.03s Sys=0.00s Real=0.02s
[152.102s][info][gc,marking  ] GC(281) Concurrent Mark 45.678ms
[152.102s][info][gc,marking  ] GC(281) Concurrent Rebuild Remembered Sets and Scrub Regions
[152.118s][info][gc,marking  ] GC(281) Concurrent Rebuild Remembered Sets and Scrub Regions 15.997ms
[152.119s][info][gc,start    ] GC(281) Pause Cleanup
[152.119s][info][gc          ] GC(281) Pause Cleanup 85M->85M(256M) 0.045ms
[152.119s][info][gc,cpu      ] GC(281) User=0.00s Sys=0.00s Real=0.00s
[152.119s][info][gc,marking  ] GC(281) Concurrent Clear Claimed Marks
[152.119s][info][gc,marking  ] GC(281) Concurrent Clear Claimed Marks 0.065ms
[152.119s][info][gc,marking  ] GC(281) Concurrent Cleanup for Next Mark
[152.119s][info][gc,marking  ] GC(281) Concurrent Cleanup for Next Mark 0.736ms
[152.119s][info][gc          ] GC(281) Concurrent Mark Cycle 76.542ms
[152.400s][info][gc,start    ] GC(282) Pause Young (Prepare Mixed) (G1 Evacuation Pause)
[152.400s][info][gc,task     ] GC(282) Using 2 workers of 2 for evacuation
[152.434s][info][gc,phases   ] GC(282)   Pre Evacuate Collection Set: 0.17ms
[152.434s][info][gc,phases   ] GC(282)   Merge Heap Roots: 0.07ms
[152.434s][info][gc,phases   ] GC(282)   Evacuate Collection Set: 33.21ms
[152.434s][info][gc,phases   ] GC(282)   Post Evacuate Collection Set: 0.48ms
[152.434s][info][gc,phases   ] GC(282)   Other: 0.08ms
[152.434s][info][gc,heap     ] GC(282) Eden regions: 137->0(133)
[152.434s][info][gc,heap     ] GC(282) Survivor regions: 16->20(20)
[152.434s][info][gc,heap     ] GC(282) Old regions: 45->57
[152.434s][info][gc,heap     ] GC(282) Humongous regions: 4->4
[152.434s][info][gc,metaspace] GC(282) Metaspace: 41865K(42368K)->41865K(42368K) NonClass: 37530K(37824K)->37530K(37824K) Class: 4335K(4544K)->4335K(4544K)
[152.434s][info][gc          ] GC(282) Pause Young (Prepare Mixed) (G1 Evacuation Pause) 201M->81M(256M) 34.218ms
[152.434s][info][gc,cpu      ] GC(282) User=0.07s Sys=0.00s Real=0.04s
[152.768s][info][gc,start    ] GC(283) Pause Young (Mixed) (G1 Evacuation Pause)
[152.768s][info][gc,task     ] GC(283) Using 2 workers of 2 for evacuation
[152.810s][info][gc,phases   ] GC(283)   Pre Evacuate Collection Set: 0.16ms
[152.810s][info][gc,phases   ] GC(283)   Merge Heap Roots: 0.17ms
[152.810s][info][gc,phases   ] GC(283)   Evacuate Collection Set: 41.52ms
[152.810s][info][gc,phases   ] GC(283)   Post Evacuate Collection Set: 0.48ms
[152.810s][info][gc,phases   ] GC(283)   Other: 0.07ms
[152.810s][info][gc,heap     ] GC(283) Eden regions: 133->0(135)
[152.810s][info][gc,heap     ] GC(283) Survivor regions: 20->16(20)
[152.810s][info][gc,heap     ] GC(283) Old regions: 57->64
[152.810s][info][gc,heap     ] GC(283) Humongous regions: 6->6
[152.810s][info][gc,metaspace] GC(283) Metaspace: 41865K(42368K)->41865K(42368K) NonClass: 37530K(37824K)->37530K(37824K) Class: 4335K(4544K)->4335K(4544K)
[152.811s][info][gc          ] GC(283) Pause Young (Mixed) (G1 Evacuation Pause) 216M->85M(256M) 42.649ms
[152.811s][info][gc,cpu      ] GC(283) User=0.08s Sys=0.00s Real=0.05s
[153.145s][info][gc,start    ] GC(284) Pause Young (Concurrent Start) (G1 Evacuation Pause)
[153.145s][info][gc,task     ] GC(284) Using 2 workers of 2 for evacuation
[153.180s][info][gc,phases   ] GC(284)   Pre Evacuate Collection Set: 0.16ms
[153.180s][info][gc,phases   ] GC(284)   Merge Heap Roots: 0.09ms
[153.180s][info][gc,phases   ] GC(284)   Evacuate Collection Set: 34.20ms
[153.180s][info][gc,phases   ] GC(284)   Post Evacuate Collection Set: 0.47ms
[153.180s][info][gc,phases   ] GC(284)   Other: 0.09ms
[153.180s][info][gc,heap     ] GC(284) Eden regions: 135->0(122)
[153.180s][info][gc,heap     ] GC(284) Survivor regions: 16->16(19)
[153.180s][info][gc,heap     ] GC(284) Old regions: 64->79
[153.180s][info][gc,heap     ] GC(284) Humongous regions: 6->6
[153.180s][info][gc,metaspace] GC(284) Metaspace: 41865K(42368K)->41865K(42368K) NonClass: 37530K(37824K)->37530K(37824K) Class: 4335K(4544K)->4335K(4544K)
[153.180s][info][gc          ] GC(284) Pause Young (Concurrent Start) (G1 Evacuation Pause) 220M->101M(256M) 35.231ms
[153.180s][info][gc,cpu      ] GC(284) User=0.07s Sys=0.00s Real=0.03s
[153.180s][info][gc          ] GC(285) Concurrent Mark Cycle
[153.180s][info][gc,marking  ] GC(285) Concurrent Scan Root Regions
[153.209s][info][gc,marking  ] GC(285) Concurrent Scan Root Regions 29.112ms
[153.209s][info][gc,marking  ] GC(285) Concurrent Mark
[153.209s][info][gc,marking  ] GC(285) Concurrent Mark From Roots
[153.209s][info][gc,task     ] GC(285) Using 1 workers of 1 for marking
[153.282s][info][gc,marking  ] GC(285) Concurrent Mark From Roots 73.030ms
[153.282s][info][gc,marking  ] GC(285) Concurrent Preclean
[153.282s][info][gc,marking  ] GC(285) Concurrent Preclean 0.048ms
[153.283s][info][gc,start    ] GC(285) Pause Remark
[153.299s][info][gc          ] GC(285) Pause Remark 126M->120M(256M) 16.244ms
[153.299s][info][gc,cpu      ] GC(285) User=0.03s Sys=0.00s Real=0.01s
[153.299s][info][gc,marking  ] GC(285) Concurrent Mark 89.574ms
[153.299s][info][gc,marking  ] GC(285) Concurrent Rebuild Remembered Sets and Scrub Regions
[153.351s][info][gc,marking  ] GC(285) Concurrent Rebuild Remembered Sets and Scrub Regions 51.903ms
[153.351s][info][gc,start    ] GC(285) Pause Cleanup
[153.351s][info][gc          ] GC(285) Pause Cleanup 140M->140M(256M) 0.043ms
[153.351s][info][gc,cpu      ] GC(285) User=0.00s Sys=0.00s Real=0.00s
[153.351s][info][gc,marking  ] GC(285) Concurrent Clear Claimed Marks
[153.351s][info][gc,marking  ] GC(285) Concurrent Clear Claimed Marks 0.039ms
[153.351s][info][gc,marking  ] GC(285) Concurrent Cleanup for Next Mark
[153.352s][info][gc,marking  ] GC(285) Concurrent Cleanup for Next Mark 0.739ms
[153.352s][info][gc          ] GC(285) Concurrent Mark Cycle 171.767ms
[153.554s][info][gc,start    ] GC(286) Pause Young (Prepare Mixed) (G1 Evacuation Pause)
[153.554s][info][gc,task     ] GC(286) Using 2 workers of 2 for evacuation
[153.592s][info][gc,phases   ] GC(286)   Pre Evacuate Collection Set: 0.15ms
[153.593s][info][gc,phases   ] GC(286)   Merge Heap Roots: 0.13ms
[153.593s][info][gc,phases   ] GC(286)   Evacuate Collection Set: 38.07ms
[153.593s][info][gc,phases   ] GC(286)   Post Evacuate Collection Set: 0.42ms
[153.593s][info][gc,phases   ] GC(286)   Other: 0.09ms
[153.593s][info][gc,heap     ] GC(286) Eden regions: 122->0(111)
[153.593s][info][gc,heap     ] GC(286) Survivor regions: 16->15(18)
[153.593s][info][gc,heap     ] GC(286) Old regions: 74->90
[153.593s][info][gc,heap     ] GC(286) Humongous regions: 9->9
[153.593s][info][gc,metaspace] GC(286) Metaspace: 41865K(42368K)->41865K(42368K) NonClass: 37530K(37824K)->37530K(37824K) Class: 4335K(4544K)->4335K(4544K)
[153.593s][info][gc          ] GC(286) Pause Young (Prepare Mixed) (G1 Evacuation Pause) 221M->113M(256M) 39.061ms
[153.593s][info][gc,cpu      ] GC(286) User=0.07s Sys=0.00s Real=0.04s
[154.729s][info][gc,start    ] GC(287) Pause Young (Mixed) (G1 Evacuation Pause)
[154.729s][info][gc,task     ] GC(287) Using 2 workers of 2 for evacuation
[154.768s][info][gc,phases   ] GC(287)   Pre Evacuate Collection Set: 0.19ms
[154.768s][info][gc,phases   ] GC(287)   Merge Heap Roots: 0.21ms
[154.768s][info][gc,phases   ] GC(287)   Evacuate Collection Set: 38.02ms
[154.768s][info][gc,phases   ] GC(287)   Post Evacuate Collection Set: 0.44ms
[154.768s][info][gc,phases   ] GC(287)   Other: 0.08ms
[154.768s][info][gc,heap     ] GC(287) Eden regions: 111->0(102)
[154.768s][info][gc,heap     ] GC(287) Survivor regions: 15->11(16)
[154.768s][info][gc,heap     ] GC(287) Old regions: 90->101
[154.768s][info][gc,heap     ] GC(287) Humongous regions: 17->15
[154.768s][info][gc,metaspace] GC(287) Metaspace: 41866K(42368K)->41866K(42368K) NonClass: 37531K(37824K)->37531K(37824K) Class: 4335K(4544K)->4335K(4544K)
[154.768s][info][gc          ] GC(287) Pause Young (Mixed) (G1 Evacuation Pause) 232M->127M(258M) 39.157ms
[154.768s][info][gc,cpu      ] GC(287) User=0.08s Sys=0.00s Real=0.04s
[155.231s][info][gc,start    ] GC(288) Pause Young (Concurrent Start) (G1 Evacuation Pause)
[155.231s][info][gc,task     ] GC(288) Using 2 workers of 2 for evacuation
[155.256s][info][gc,phases   ] GC(288)   Pre Evacuate Collection Set: 0.19ms
[155.256s][info][gc,phases   ] GC(288)   Merge Heap Roots: 0.13ms
[155.256s][info][gc,phases   ] GC(288)   Evacuate Collection Set: 23.56ms
[155.256s][info][gc,phases   ] GC(288)   Post Evacuate Collection Set: 0.39ms
[155.256s][info][gc,phases   ] GC(288)   Other: 0.12ms
[155.256s][info][gc,heap     ] GC(288) Eden regions: 102->0(98)
[155.256s][info][gc,heap     ] GC(288) Survivor regions: 11->8(15)
[155.256s][info][gc,heap     ] GC(288) Old regions: 101->110
[155.256s][info][gc,heap     ] GC(288) Humongous regions: 15->15
[155.256s][info][gc,metaspace] GC(288) Metaspace: 41866K(42368K)->41866K(42368K) NonClass: 37531K(37824K)->37531K(37824K) Class: 4335K(4544K)->4335K(4544K)
[155.256s][info][gc          ] GC(288) Pause Young (Concurrent Start) (G1 Evacuation Pause) 229M->133M(258M) 24.598ms
[155.256s][info][gc,cpu      ] GC(288) User=0.05s Sys=0.00s Real=0.02s
[155.256s][info][gc          ] GC(289) Concurrent Mark Cycle
[155.256s][info][gc,marking  ] GC(289) Concurrent Scan Root Regions
[155.266s][info][gc,marking  ] GC(289) Concurrent Scan Root Regions 10.098ms
[155.266s][info][gc,marking  ] GC(289) Concurrent Mark
[155.266s][info][gc,marking  ] GC(289) Concurrent Mark From Roots
[155.266s][info][gc,task     ] GC(289) Using 1 workers of 1 for marking
[155.298s][info][gc,marking  ] GC(289) Concurrent Mark From Roots 32.500ms
[155.299s][info][gc,marking  ] GC(289) Concurrent Preclean
[155.299s][info][gc,marking  ] GC(289) Concurrent Preclean 0.035ms
[155.299s][info][gc,start    ] GC(289) Pause Remark
[155.314s][info][gc          ] GC(289) Pause Remark 138M->109M(258M) 15.155ms
[155.314s][info][gc,cpu      ] GC(289) User=0.03s Sys=0.00s Real=0.02s
[155.314s][info][gc,marking  ] GC(289) Concurrent Mark 47.966ms
[155.314s][info][gc,marking  ] GC(289) Concurrent Rebuild Remembered Sets and Scrub Regions
[155.335s][info][gc,marking  ] GC(289) Concurrent Rebuild Remembered Sets and Scrub Regions 20.550ms
[155.335s][info][gc,start    ] GC(289) Pause Cleanup
[155.335s][info][gc          ] GC(289) Pause Cleanup 113M->113M(258M) 0.059ms
[155.335s][info][gc,cpu      ] GC(289) User=0.00s Sys=0.00s Real=0.00s
[155.335s][info][gc,marking  ] GC(289) Concurrent Clear Claimed Marks
[155.335s][info][gc,marking  ] GC(289) Concurrent Clear Claimed Marks 0.037ms
[155.335s][info][gc,marking  ] GC(289) Concurrent Cleanup for Next Mark
[155.336s][info][gc,marking  ] GC(289) Concurrent Cleanup for Next Mark 0.758ms
[155.336s][info][gc          ] GC(289) Concurrent Mark Cycle 79.853ms
[155.825s][info][gc,start    ] GC(290) Pause Young (Prepare Mixed) (G1 Evacuation Pause)
[155.825s][info][gc,task     ] GC(290) Using 2 workers of 2 for evacuation
[155.838s][info][gc,phases   ] GC(290)   Pre Evacuate Collection Set: 0.15ms
[155.839s][info][gc,phases   ] GC(290)   Merge Heap Roots: 0.06ms
[155.839s][info][gc,phases   ] GC(290)   Evacuate Collection Set: 13.12ms
[155.839s][info][gc,phases   ] GC(290)   Post Evacuate Collection Set: 0.36ms
[155.839s][info][gc,phases   ] GC(290)   Other: 0.09ms
[155.839s][info][gc,heap     ] GC(290) Eden regions: 98->0(113)
[155.839s][info][gc,heap     ] GC(290) Survivor regions: 8->10(14)
[155.839s][info][gc,heap     ] GC(290) Old regions: 95->103
[155.839s][info][gc,heap     ] GC(290) Humongous regions: 1->1
[155.839s][info][gc,metaspace] GC(290) Metaspace: 41866K(42368K)->41866K(42368K) NonClass: 37531K(37824K)->37531K(37824K) Class: 4335K(4544K)->4335K(4544K)
[155.839s][info][gc          ] GC(290) Pause Young (Prepare Mixed) (G1 Evacuation Pause) 202M->113M(258M) 13.993ms
[155.839s][info][gc,cpu      ] GC(290) User=0.03s Sys=0.00s Real=0.01s
[156.541s][info][gc,start    ] GC(291) Pause Young (Mixed) (G1 Evacuation Pause)
[156.541s][info][gc,task     ] GC(291) Using 2 workers of 2 for evacuation
[156.559s][info][gc,phases   ] GC(291)   Pre Evacuate Collection Set: 0.16ms
[156.559s][info][gc,phases   ] GC(291)   Merge Heap Roots: 0.11ms
[156.559s][info][gc,phases   ] GC(291)   Evacuate Collection Set: 17.30ms
[156.559s][info][gc,phases   ] GC(291)   Post Evacuate Collection Set: 0.38ms
[156.559s][info][gc,phases   ] GC(291)   Other: 0.10ms
[156.559s][info][gc,heap     ] GC(291) Eden regions: 113->0(127)
[156.559s][info][gc,heap     ] GC(291) Survivor regions: 10->11(16)
[156.559s][info][gc,heap     ] GC(291) Old regions: 103->85
[156.559s][info][gc,heap     ] GC(291) Humongous regions: 1->1
[156.559s][info][gc,metaspace] GC(291) Metaspace: 41866K(42368K)->41866K(42368K) NonClass: 37531K(37824K)->37531K(37824K) Class: 4335K(4544K)->4335K(4544K)
[156.560s][info][gc          ] GC(291) Pause Young (Mixed) (G1 Evacuation Pause) 226M->96M(258M) 18.274ms
[156.560s][info][gc,cpu      ] GC(291) User=0.04s Sys=0.00s Real=0.01s
[157.359s][info][gc,start    ] GC(292) Pause Young (Mixed) (G1 Evacuation Pause)
[157.359s][info][gc,task     ] GC(292) Using 2 workers of 2 for evacuation
[157.382s][info][gc,phases   ] GC(292)   Pre Evacuate Collection Set: 0.16ms
[157.382s][info][gc,phases   ] GC(292)   Merge Heap Roots: 0.15ms
[157.382s][info][gc,phases   ] GC(292)   Evacuate Collection Set: 22.66ms
[157.382s][info][gc,phases   ] GC(292)   Post Evacuate Collection Set: 0.39ms
[157.382s][info][gc,phases   ] GC(292)   Other: 0.07ms
[157.382s][info][gc,heap     ] GC(292) Eden regions: 127->0(136)
[157.382s][info][gc,heap     ] GC(292) Survivor regions: 11->14(18)
[157.382s][info][gc,heap     ] GC(292) Old regions: 85->70
[157.382s][info][gc,heap     ] GC(292) Humongous regions: 1->1
[157.382s][info][gc,metaspace] GC(292) Metaspace: 41868K(42368K)->41868K(42368K) NonClass: 37532K(37824K)->37532K(37824K) Class: 4335K(4544K)->4335K(4544K)
[157.382s][info][gc          ] GC(292) Pause Young (Mixed) (G1 Evacuation Pause) 223M->85M(258M) 23.630ms
[157.382s][info][gc,cpu      ] GC(292) User=0.04s Sys=0.00s Real=0.03s
[158.225s][info][gc,start    ] GC(293) Pause Young (Mixed) (G1 Evacuation Pause)
[158.225s][info][gc,task     ] GC(293) Using 2 workers of 2 for evacuation
[158.249s][info][gc,phases   ] GC(293)   Pre Evacuate Collection Set: 0.16ms
[158.249s][info][gc,phases   ] GC(293)   Merge Heap Roots: 0.10ms
[158.249s][info][gc,phases   ] GC(293)   Evacuate Collection Set: 23.66ms
[158.249s][info][gc,phases   ] GC(293)   Post Evacuate Collection Set: 0.40ms
[158.249s][info][gc,phases   ] GC(293)   Other: 0.08ms
[158.249s][info][gc,heap     ] GC(293) Eden regions: 136->0(132)
[158.249s][info][gc,heap     ] GC(293) Survivor regions: 14->12(19)
[158.249s][info][gc,heap     ] GC(293) Old regions: 70->79
[158.250s][info][gc,heap     ] GC(293) Humongous regions: 1->1
[158.250s][info][gc,metaspace] GC(293) Metaspace: 41868K(42368K)->41868K(42368K) NonClass: 37532K(37824K)->37532K(37824K) Class: 4335K(4544K)->4335K(4544K)
[158.250s][info][gc          ] GC(293) Pause Young (Mixed) (G1 Evacuation Pause) 221M->91M(258M) 24.611ms
[158.250s][info][gc,cpu      ] GC(293) User=0.05s Sys=0.00s Real=0.02s
[158.622s][info][gc,start    ] GC(294) Pause Young (Concurrent Start) (G1 Humongous Allocation)
[158.622s][info][gc,task     ] GC(294) Using 2 workers of 2 for evacuation
[158.642s][info][gc,phases   ] GC(294)   Pre Evacuate Collection Set: 0.17ms
[158.642s][info][gc,phases   ] GC(294)   Merge Heap Roots: 0.05ms
[158.642s][info][gc,phases   ] GC(294)   Evacuate Collection Set: 19.00ms
[158.642s][info][gc,phases   ] GC(294)   Post Evacuate Collection Set: 0.48ms
[158.642s][info][gc,phases   ] GC(294)   Other: 0.10ms
[158.642s][info][gc,heap     ] GC(294) Eden regions: 54->0(128)
[158.642s][info][gc,heap     ] GC(294) Survivor regions: 12->7(18)
[158.642s][info][gc,heap     ] GC(294) Old regions: 79->90
[158.642s][info][gc,heap     ] GC(294) Humongous regions: 1->1
[158.642s][info][gc,metaspace] GC(294) Metaspace: 41868K(42368K)->41868K(42368K) NonClass: 37532K(37824K)->37532K(37824K) Class: 4335K(4544K)->4335K(4544K)
[158.642s][info][gc          ] GC(294) Pause Young (Concurrent Start) (G1 Humongous Allocation) 145M->98M(258M) 19.991ms
[158.642s][info][gc,cpu      ] GC(294) User=0.04s Sys=0.00s Real=0.02s
[158.642s][info][gc          ] GC(295) Concurrent Mark Cycle
[158.642s][info][gc,marking  ] GC(295) Concurrent Scan Root Regions
[158.668s][info][gc,marking  ] GC(295) Concurrent Scan Root Regions 26.371ms
[158.668s][info][gc,marking  ] GC(295) Concurrent Mark
[158.668s][info][gc,marking  ] GC(295) Concurrent Mark From Roots
[158.668s][info][gc,task     ] GC(295) Using 1 workers of 1 for marking
[158.745s][info][gc,marking  ] GC(295) Concurrent Mark From Roots 76.255ms
[158.745s][info][gc,marking  ] GC(295) Concurrent Preclean
[158.745s][info][gc,marking  ] GC(295) Concurrent Preclean 0.043ms
[158.746s][info][gc,start    ] GC(295) Pause Remark
[158.761s][info][gc          ] GC(295) Pause Remark 112M->102M(258M) 15.636ms
[158.761s][info][gc,cpu      ] GC(295) User=0.03s Sys=0.00s Real=0.02s
[158.762s][info][gc,marking  ] GC(295) Concurrent Mark 94.080ms
[158.762s][info][gc,marking  ] GC(295) Concurrent Rebuild Remembered Sets and Scrub Regions
[158.791s][info][gc,marking  ] GC(295) Concurrent Rebuild Remembered Sets and Scrub Regions 28.661ms
[158.791s][info][gc,start    ] GC(295) Pause Cleanup
[158.791s][info][gc          ] GC(295) Pause Cleanup 106M->106M(258M) 0.086ms
[158.791s][info][gc,cpu      ] GC(295) User=0.00s Sys=0.00s Real=0.00s
[158.791s][info][gc,marking  ] GC(295) Concurrent Clear Claimed Marks
[158.792s][info][gc,marking  ] GC(295) Concurrent Clear Claimed Marks 0.046ms
[158.792s][info][gc,marking  ] GC(295) Concurrent Cleanup for Next Mark
[158.792s][info][gc,marking  ] GC(295) Concurrent Cleanup for Next Mark 0.742ms
[158.792s][info][gc          ] GC(295) Concurrent Mark Cycle 150.383ms
[159.451s][info][gc,start    ] GC(296) Pause Young (Prepare Mixed) (G1 Evacuation Pause)
[159.451s][info][gc,task     ] GC(296) Using 2 workers of 2 for evacuation
[159.466s][info][gc,phases   ] GC(296)   Pre Evacuate Collection Set: 0.16ms
[159.466s][info][gc,phases   ] GC(296)   Merge Heap Roots: 0.08ms
[159.466s][info][gc,phases   ] GC(296)   Evacuate Collection Set: 14.38ms
[159.466s][info][gc,phases   ] GC(296)   Post Evacuate Collection Set: 0.37ms
[159.466s][info][gc,phases   ] GC(296)   Other: 0.07ms
[159.466s][info][gc,heap     ] GC(296) Eden regions: 128->0(128)
[159.466s][info][gc,heap     ] GC(296) Survivor regions: 7->14(17)
[159.466s][info][gc,heap     ] GC(296) Old regions: 80->80
[159.466s][info][gc,heap     ] GC(296) Humongous regions: 2->2
[159.466s][info][gc,metaspace] GC(296) Metaspace: 41868K(42368K)->41868K(42368K) NonClass: 37532K(37824K)->37532K(37824K) Class: 4335K(4544K)->4335K(4544K)
[159.466s][info][gc          ] GC(296) Pause Young (Prepare Mixed) (G1 Evacuation Pause) 217M->96M(258M) 15.249ms
[159.466s][info][gc,cpu      ] GC(296) User=0.03s Sys=0.00s Real=0.01s
[160.242s][info][gc,start    ] GC(297) Pause Young (Mixed) (G1 Evacuation Pause)
[160.242s][info][gc,task     ] GC(297) Using 2 workers of 2 for evacuation
[160.263s][info][gc,phases   ] GC(297)   Pre Evacuate Collection Set: 0.17ms
[160.263s][info][gc,phases   ] GC(297)   Merge Heap Roots: 0.10ms
[160.263s][info][gc,phases   ] GC(297)   Evacuate Collection Set: 19.97ms
[160.263s][info][gc,phases   ] GC(297)   Post Evacuate Collection Set: 0.42ms
[160.263s][info][gc,phases   ] GC(297)   Other: 0.10ms
[160.263s][info][gc,heap     ] GC(297) Eden regions: 128->0(140)
[160.263s][info][gc,heap     ] GC(297) Survivor regions: 14->11(18)
[160.263s][info][gc,heap     ] GC(297) Old regions: 80->63
[160.263s][info][gc,heap     ] GC(297) Humongous regions: 2->2
[160.263s][info][gc,metaspace] GC(297) Metaspace: 41868K(42368K)->41868K(42368K) NonClass: 37532K(37824K)->37532K(37824K) Class: 4335K(4544K)->4335K(4544K)
[160.263s][info][gc          ] GC(297) Pause Young (Mixed) (G1 Evacuation Pause) 224M->76M(258M) 20.952ms
[160.263s][info][gc,cpu      ] GC(297) User=0.04s Sys=0.00s Real=0.02s
[160.747s][info][gc,start    ] GC(298) Pause Young (Mixed) (G1 Evacuation Pause)
[160.747s][info][gc,task     ] GC(298) Using 2 workers of 2 for evacuation
[160.783s][info][gc,phases   ] GC(298)   Pre Evacuate Collection Set: 0.15ms
[160.783s][info][gc,phases   ] GC(298)   Merge Heap Roots: 0.24ms
[160.783s][info][gc,phases   ] GC(298)   Evacuate Collection Set: 35.10ms
[160.783s][info][gc,phases   ] GC(298)   Post Evacuate Collection Set: 0.50ms
[160.783s][info][gc,phases   ] GC(298)   Other: 0.09ms
[160.783s][info][gc,heap     ] GC(298) Eden regions: 140->0(124)
[160.783s][info][gc,heap     ] GC(298) Survivor regions: 11->19(19)
[160.783s][info][gc,heap     ] GC(298) Old regions: 63->71
[160.783s][info][gc,heap     ] GC(298) Humongous regions: 5->5
[160.783s][info][gc,metaspace] GC(298) Metaspace: 41868K(42368K)->41868K(42368K) NonClass: 37532K(37824K)->37532K(37824K) Class: 4335K(4544K)->4335K(4544K)
[160.783s][info][gc          ] GC(298) Pause Young (Mixed) (G1 Evacuation Pause) 219M->94M(258M) 36.296ms
[160.783s][info][gc,cpu      ] GC(298) User=0.07s Sys=0.00s Real=0.04s
[161.080s][info][gc,start    ] GC(299) Pause Young (Concurrent Start) (G1 Evacuation Pause)
[161.080s][info][gc,task     ] GC(299) Using 2 workers of 2 for evacuation
[161.114s][info][gc,phases   ] GC(299)   Pre Evacuate Collection Set: 0.19ms
[161.114s][info][gc,phases   ] GC(299)   Merge Heap Roots: 0.17ms
[161.114s][info][gc,phases   ] GC(299)   Evacuate Collection Set: 33.46ms
[161.114s][info][gc,phases   ] GC(299)   Post Evacuate Collection Set: 0.41ms
[161.114s][info][gc,phases   ] GC(299)   Other: 0.12ms
[161.114s][info][gc,heap     ] GC(299) Eden regions: 124->0(114)
[161.114s][info][gc,heap     ] GC(299) Survivor regions: 19->16(18)
[161.114s][info][gc,heap     ] GC(299) Old regions: 71->90
[161.114s][info][gc,heap     ] GC(299) Humongous regions: 5->5
[161.114s][info][gc,metaspace] GC(299) Metaspace: 41868K(42368K)->41868K(42368K) NonClass: 37532K(37824K)->37532K(37824K) Class: 4335K(4544K)->4335K(4544K)
[161.114s][info][gc          ] GC(299) Pause Young (Concurrent Start) (G1 Evacuation Pause) 218M->110M(258M) 34.548ms
[161.114s][info][gc,cpu      ] GC(299) User=0.06s Sys=0.00s Real=0.04s
[161.114s][info][gc          ] GC(300) Concurrent Mark Cycle
[161.114s][info][gc,marking  ] GC(300) Concurrent Scan Root Regions
[161.134s][info][gc,marking  ] GC(300) Concurrent Scan Root Regions 19.508ms
[161.134s][info][gc,marking  ] GC(300) Concurrent Mark
[161.134s][info][gc,marking  ] GC(300) Concurrent Mark From Roots
[161.134s][info][gc,task     ] GC(300) Using 1 workers of 1 for marking
[161.175s][info][gc,marking  ] GC(300) Concurrent Mark From Roots 40.628ms
[161.175s][info][gc,marking  ] GC(300) Concurrent Preclean
[161.175s][info][gc,marking  ] GC(300) Concurrent Preclean 0.037ms
[161.175s][info][gc,start    ] GC(300) Pause Remark
[161.190s][info][gc          ] GC(300) Pause Remark 133M->113M(258M) 15.561ms
[161.190s][info][gc,cpu      ] GC(300) User=0.03s Sys=0.00s Real=0.02s
[161.191s][info][gc,marking  ] GC(300) Concurrent Mark 56.552ms
[161.191s][info][gc,marking  ] GC(300) Concurrent Rebuild Remembered Sets and Scrub Regions
[161.227s][info][gc,marking  ] GC(300) Concurrent Rebuild Remembered Sets and Scrub Regions 36.196ms
[161.227s][info][gc,start    ] GC(300) Pause Cleanup
[161.227s][info][gc          ] GC(300) Pause Cleanup 119M->119M(258M) 0.056ms
[161.227s][info][gc,cpu      ] GC(300) User=0.00s Sys=0.00s Real=0.00s
[161.227s][info][gc,marking  ] GC(300) Concurrent Clear Claimed Marks
[161.227s][info][gc,marking  ] GC(300) Concurrent Clear Claimed Marks 0.043ms
[161.227s][info][gc,marking  ] GC(300) Concurrent Cleanup for Next Mark
[161.228s][info][gc,marking  ] GC(300) Concurrent Cleanup for Next Mark 0.769ms
[161.228s][info][gc          ] GC(300) Concurrent Mark Cycle 113.599ms
[161.436s][info][gc,start    ] GC(301) Pause Young (Prepare Mixed) (G1 Evacuation Pause)
[161.436s][info][gc,task     ] GC(301) Using 2 workers of 2 for evacuation
[161.468s][info][gc,phases   ] GC(301)   Pre Evacuate Collection Set: 0.16ms
[161.468s][info][gc,phases   ] GC(301)   Merge Heap Roots: 0.11ms
[161.468s][info][gc,phases   ] GC(301)   Evacuate Collection Set: 31.37ms
[161.468s][info][gc,phases   ] GC(301)   Post Evacuate Collection Set: 0.42ms
[161.468s][info][gc,phases   ] GC(301)   Other: 0.08ms
[161.468s][info][gc,heap     ] GC(301) Eden regions: 114->0(117)
[161.468s][info][gc,heap     ] GC(301) Survivor regions: 16->14(17)
[161.468s][info][gc,heap     ] GC(301) Old regions: 71->87
[161.468s][info][gc,heap     ] GC(301) Humongous regions: 6->6
[161.468s][info][gc,metaspace] GC(301) Metaspace: 41868K(42368K)->41868K(42368K) NonClass: 37532K(37824K)->37532K(37824K) Class: 4335K(4544K)->4335K(4544K)
[161.468s][info][gc          ] GC(301) Pause Young (Prepare Mixed) (G1 Evacuation Pause) 206M->106M(258M) 32.363ms
[161.468s][info][gc,cpu      ] GC(301) User=0.06s Sys=0.00s Real=0.03s
[161.745s][info][gc,start    ] GC(302) Pause Young (Mixed) (G1 Evacuation Pause)
[161.745s][info][gc,task     ] GC(302) Using 2 workers of 2 for evacuation
[161.779s][info][gc,phases   ] GC(302)   Pre Evacuate Collection Set: 0.15ms
[161.779s][info][gc,phases   ] GC(302)   Merge Heap Roots: 0.12ms
[161.779s][info][gc,phases   ] GC(302)   Evacuate Collection Set: 32.86ms
[161.779s][info][gc,phases   ] GC(302)   Post Evacuate Collection Set: 0.43ms
[161.779s][info][gc,phases   ] GC(302)   Other: 0.07ms
[161.779s][info][gc,heap     ] GC(302) Eden regions: 117->0(120)
[161.779s][info][gc,heap     ] GC(302) Survivor regions: 14->14(17)
[161.779s][info][gc,heap     ] GC(302) Old regions: 87->84
[161.779s][info][gc,heap     ] GC(302) Humongous regions: 6->6
[161.779s][info][gc,metaspace] GC(302) Metaspace: 41868K(42368K)->41868K(42368K) NonClass: 37532K(37824K)->37532K(37824K) Class: 4335K(4544K)->4335K(4544K)
[161.779s][info][gc          ] GC(302) Pause Young (Mixed) (G1 Evacuation Pause) 223M->103M(258M) 33.840ms
[161.779s][info][gc,cpu      ] GC(302) User=0.07s Sys=0.00s Real=0.03s
[161.911s][info][gc,start    ] GC(303) Pause Young (Concurrent Start) (G1 Humongous Allocation)
[161.911s][info][gc,task     ] GC(303) Using 2 workers of 2 for evacuation
[161.932s][info][gc,phases   ] GC(303)   Pre Evacuate Collection Set: 0.18ms
[161.933s][info][gc,phases   ] GC(303)   Merge Heap Roots: 0.07ms
[161.933s][info][gc,phases   ] GC(303)   Evacuate Collection Set: 21.11ms
[161.933s][info][gc,phases   ] GC(303)   Post Evacuate Collection Set: 0.36ms
[161.933s][info][gc,phases   ] GC(303)   Other: 0.09ms
[161.933s][info][gc,heap     ] GC(303) Eden regions: 52->0(115)
[161.933s][info][gc,heap     ] GC(303) Survivor regions: 14->7(17)
[161.933s][info][gc,heap     ] GC(303) Old regions: 84->98
[161.933s][info][gc,heap     ] GC(303) Humongous regions: 6->6
[161.933s][info][gc,metaspace] GC(303) Metaspace: 41868K(42368K)->41868K(42368K) NonClass: 37532K(37824K)->37532K(37824K) Class: 4335K(4544K)->4335K(4544K)
[161.933s][info][gc          ] GC(303) Pause Young (Concurrent Start) (G1 Humongous Allocation) 155M->110M(258M) 22.022ms
[161.933s][info][gc,cpu      ] GC(303) User=0.04s Sys=0.00s Real=0.02s
[161.933s][info][gc          ] GC(304) Concurrent Mark Cycle
[161.933s][info][gc,marking  ] GC(304) Concurrent Scan Root Regions
[161.950s][info][gc,marking  ] GC(304) Concurrent Scan Root Regions 17.487ms
[161.950s][info][gc,marking  ] GC(304) Concurrent Mark
[161.950s][info][gc,marking  ] GC(304) Concurrent Mark From Roots
[161.950s][info][gc,task     ] GC(304) Using 1 workers of 1 for marking
[162.045s][info][gc,marking  ] GC(304) Concurrent Mark From Roots 94.411ms
[162.045s][info][gc,marking  ] GC(304) Concurrent Preclean
[162.045s][info][gc,marking  ] GC(304) Concurrent Preclean 0.040ms
[162.045s][info][gc,start    ] GC(304) Pause Remark
[162.060s][info][gc          ] GC(304) Pause Remark 139M->137M(258M) 15.293ms
[162.060s][info][gc,cpu      ] GC(304) User=0.03s Sys=0.00s Real=0.01s
[162.060s][info][gc,marking  ] GC(304) Concurrent Mark 110.039ms
[162.060s][info][gc,marking  ] GC(304) Concurrent Rebuild Remembered Sets and Scrub Regions
[162.125s][info][gc,marking  ] GC(304) Concurrent Rebuild Remembered Sets and Scrub Regions 64.701ms
[162.125s][info][gc,start    ] GC(304) Pause Cleanup
[162.125s][info][gc          ] GC(304) Pause Cleanup 167M->167M(258M) 0.046ms
[162.125s][info][gc,cpu      ] GC(304) User=0.00s Sys=0.00s Real=0.00s
[162.125s][info][gc,marking  ] GC(304) Concurrent Clear Claimed Marks
[162.125s][info][gc,marking  ] GC(304) Concurrent Clear Claimed Marks 0.040ms
[162.125s][info][gc,marking  ] GC(304) Concurrent Cleanup for Next Mark
[162.126s][info][gc,marking  ] GC(304) Concurrent Cleanup for Next Mark 0.744ms
[162.126s][info][gc          ] GC(304) Concurrent Mark Cycle 193.363ms
[162.284s][info][gc,start    ] GC(305) Pause Young (Prepare Mixed) (G1 Evacuation Pause)
[162.284s][info][gc,task     ] GC(305) Using 2 workers of 2 for evacuation
[162.311s][info][gc,phases   ] GC(305)   Pre Evacuate Collection Set: 0.14ms
[162.311s][info][gc,phases   ] GC(305)   Merge Heap Roots: 0.10ms
[162.311s][info][gc,phases   ] GC(305)   Evacuate Collection Set: 26.21ms
[162.311s][info][gc,phases   ] GC(305)   Post Evacuate Collection Set: 0.44ms
[162.311s][info][gc,phases   ] GC(305)   Other: 0.07ms
[162.311s][info][gc,heap     ] GC(305) Eden regions: 115->0(103)
[162.311s][info][gc,heap     ] GC(305) Survivor regions: 7->16(16)
[162.311s][info][gc,heap     ] GC(305) Old regions: 97->100
[162.311s][info][gc,heap     ] GC(305) Humongous regions: 9->9
[162.311s][info][gc,metaspace] GC(305) Metaspace: 41868K(42368K)->41868K(42368K) NonClass: 37532K(37824K)->37532K(37824K) Class: 4335K(4544K)->4335K(4544K)
[162.311s][info][gc          ] GC(305) Pause Young (Prepare Mixed) (G1 Evacuation Pause) 227M->124M(258M) 27.206ms
[162.311s][info][gc,cpu      ] GC(305) User=0.05s Sys=0.00s Real=0.03s
[163.465s][info][gc,start    ] GC(306) Pause Young (Mixed) (G1 Evacuation Pause)
[163.465s][info][gc,task     ] GC(306) Using 2 workers of 2 for evacuation
[163.516s][info][gc,phases   ] GC(306)   Pre Evacuate Collection Set: 0.17ms
[163.516s][info][gc,phases   ] GC(306)   Merge Heap Roots: 0.38ms
[163.516s][info][gc,phases   ] GC(306)   Evacuate Collection Set: 49.52ms
[163.516s][info][gc,phases   ] GC(306)   Post Evacuate Collection Set: 1.53ms
[163.516s][info][gc,phases   ] GC(306)   Other: 0.09ms
[163.516s][info][gc,heap     ] GC(306) Eden regions: 103->0(198)
[163.516s][info][gc,heap     ] GC(306) Survivor regions: 16->8(15)
[163.516s][info][gc,heap     ] GC(306) Old regions: 100->110
[163.517s][info][gc,heap     ] GC(306) Humongous regions: 17->15
[163.517s][info][gc,metaspace] GC(306) Metaspace: 41868K(42368K)->41868K(42368K) NonClass: 37532K(37824K)->37532K(37824K) Class: 4335K(4544K)->4335K(4544K)
[163.517s][info][gc          ] GC(306) Pause Young (Mixed) (G1 Evacuation Pause) 235M->132M(398M) 51.905ms
[163.517s][info][gc,cpu      ] GC(306) User=0.11s Sys=0.00s Real=0.05s
[164.470s][info][gc,start    ] GC(307) Pause Young (Concurrent Start) (G1 Evacuation Pause)
[164.470s][info][gc,task     ] GC(307) Using 2 workers of 2 for evacuation
[164.495s][info][gc,phases   ] GC(307)   Pre Evacuate Collection Set: 0.20ms
[164.495s][info][gc,phases   ] GC(307)   Merge Heap Roots: 0.17ms
[164.495s][info][gc,phases   ] GC(307)   Evacuate Collection Set: 24.17ms
[164.495s][info][gc,phases   ] GC(307)   Post Evacuate Collection Set: 0.47ms
[164.495s][info][gc,phases   ] GC(307)   Other: 0.11ms
[164.495s][info][gc,heap     ] GC(307) Eden regions: 198->0(198)
[164.495s][info][gc,heap     ] GC(307) Survivor regions: 8->15(26)
[164.495s][info][gc,heap     ] GC(307) Old regions: 110->110
[164.495s][info][gc,heap     ] GC(307) Humongous regions: 15->15
[164.495s][info][gc,metaspace] GC(307) Metaspace: 41868K(42368K)->41868K(42368K) NonClass: 37532K(37824K)->37532K(37824K) Class: 4335K(4544K)->4335K(4544K)
[164.495s][info][gc          ] GC(307) Pause Young (Concurrent Start) (G1 Evacuation Pause) 330M->139M(398M) 25.327ms
[164.495s][info][gc          ] GC(308) Concurrent Mark Cycle
[164.495s][info][gc,marking  ] GC(308) Concurrent Scan Root Regions
[164.497s][info][gc,cpu      ] GC(307) User=0.05s Sys=0.00s Real=0.03s
[164.510s][info][gc,marking  ] GC(308) Concurrent Scan Root Regions 15.151ms
[164.510s][info][gc,marking  ] GC(308) Concurrent Mark
[164.510s][info][gc,marking  ] GC(308) Concurrent Mark From Roots
[164.510s][info][gc,task     ] GC(308) Using 1 workers of 1 for marking
[164.546s][info][gc,marking  ] GC(308) Concurrent Mark From Roots 35.640ms
[164.546s][info][gc,marking  ] GC(308) Concurrent Preclean
[164.546s][info][gc,marking  ] GC(308) Concurrent Preclean 0.038ms
[164.546s][info][gc,start    ] GC(308) Pause Remark
[164.562s][info][gc          ] GC(308) Pause Remark 148M->123M(384M) 15.509ms
[164.562s][info][gc,cpu      ] GC(308) User=0.03s Sys=0.00s Real=0.02s
[164.562s][info][gc,marking  ] GC(308) Concurrent Mark 51.561ms
[164.562s][info][gc,marking  ] GC(308) Concurrent Rebuild Remembered Sets and Scrub Regions
[164.577s][info][gc,marking  ] GC(308) Concurrent Rebuild Remembered Sets and Scrub Regions 15.012ms
[164.577s][info][gc,start    ] GC(308) Pause Cleanup
[164.577s][info][gc          ] GC(308) Pause Cleanup 125M->125M(384M) 0.083ms
[164.577s][info][gc,cpu      ] GC(308) User=0.00s Sys=0.00s Real=0.00s
[164.577s][info][gc,marking  ] GC(308) Concurrent Clear Claimed Marks
[164.577s][info][gc,marking  ] GC(308) Concurrent Clear Claimed Marks 0.044ms
[164.577s][info][gc,marking  ] GC(308) Concurrent Cleanup for Next Mark
[164.580s][info][gc,marking  ] GC(308) Concurrent Cleanup for Next Mark 2.485ms
[164.580s][info][gc          ] GC(308) Concurrent Mark Cycle 84.681ms
[165.667s][info][gc,start    ] GC(309) Pause Young (Prepare Mixed) (G1 Evacuation Pause)
[165.667s][info][gc,task     ] GC(309) Using 2 workers of 2 for evacuation
[165.672s][info][gc,phases   ] GC(309)   Pre Evacuate Collection Set: 0.19ms
[165.672s][info][gc,phases   ] GC(309)   Merge Heap Roots: 0.14ms
[165.672s][info][gc,phases   ] GC(309)   Evacuate Collection Set: 3.67ms
[165.672s][info][gc,phases   ] GC(309)   Post Evacuate Collection Set: 0.41ms
[165.672s][info][gc,phases   ] GC(309)   Other: 0.07ms
[165.672s][info][gc,heap     ] GC(309) Eden regions: 198->0(223)
[165.672s][info][gc,heap     ] GC(309) Survivor regions: 15->6(27)
[165.672s][info][gc,heap     ] GC(309) Old regions: 99->100
[165.672s][info][gc,heap     ] GC(309) Humongous regions: 1->1
[165.672s][info][gc,metaspace] GC(309) Metaspace: 41868K(42368K)->41868K(42368K) NonClass: 37532K(37824K)->37532K(37824K) Class: 4335K(4544K)->4335K(4544K)
[165.672s][info][gc          ] GC(309) Pause Young (Prepare Mixed) (G1 Evacuation Pause) 312M->106M(384M) 4.650ms
[165.672s][info][gc,cpu      ] GC(309) User=0.01s Sys=0.00s Real=0.01s
[166.992s][info][gc,start    ] GC(310) Pause Young (Mixed) (G1 Evacuation Pause)
[166.992s][info][gc,task     ] GC(310) Using 2 workers of 2 for evacuation
[166.997s][info][gc,phases   ] GC(310)   Pre Evacuate Collection Set: 0.26ms
[166.997s][info][gc,phases   ] GC(310)   Merge Heap Roots: 0.10ms
[166.997s][info][gc,phases   ] GC(310)   Evacuate Collection Set: 3.62ms
[166.997s][info][gc,phases   ] GC(310)   Post Evacuate Collection Set: 0.47ms
[166.997s][info][gc,phases   ] GC(310)   Other: 0.11ms
[166.997s][info][gc,heap     ] GC(310) Eden regions: 223->0(224)
[166.997s][info][gc,heap     ] GC(310) Survivor regions: 6->6(29)
[166.997s][info][gc,heap     ] GC(310) Old regions: 100->61
[166.997s][info][gc,heap     ] GC(310) Humongous regions: 1->1
[166.997s][info][gc,metaspace] GC(310) Metaspace: 41868K(42368K)->41868K(42368K) NonClass: 37532K(37824K)->37532K(37824K) Class: 4335K(4544K)->4335K(4544K)
[166.997s][info][gc          ] GC(310) Pause Young (Mixed) (G1 Evacuation Pause) 329M->67M(384M) 4.732ms
[166.997s][info][gc,cpu      ] GC(310) User=0.00s Sys=0.00s Real=0.00s
[168.316s][info][gc,start    ] GC(311) Pause Young (Mixed) (G1 Evacuation Pause)
[168.316s][info][gc,task     ] GC(311) Using 2 workers of 2 for evacuation
[168.322s][info][gc,phases   ] GC(311)   Pre Evacuate Collection Set: 0.18ms
[168.322s][info][gc,phases   ] GC(311)   Merge Heap Roots: 0.08ms
[168.322s][info][gc,phases   ] GC(311)   Evacuate Collection Set: 5.45ms
[168.322s][info][gc,phases   ] GC(311)   Post Evacuate Collection Set: 0.46ms
[168.322s][info][gc,phases   ] GC(311)   Other: 0.07ms
[168.322s][info][gc,heap     ] GC(311) Eden regions: 224->0(223)
[168.322s][info][gc,heap     ] GC(311) Survivor regions: 6->7(29)
[168.322s][info][gc,heap     ] GC(311) Old regions: 61->42
[168.322s][info][gc,heap     ] GC(311) Humongous regions: 2->1
[168.322s][info][gc,metaspace] GC(311) Metaspace: 41868K(42368K)->41868K(42368K) NonClass: 37532K(37824K)->37532K(37824K) Class: 4335K(4544K)->4335K(4544K)
[168.322s][info][gc          ] GC(311) Pause Young (Mixed) (G1 Evacuation Pause) 292M->49M(384M) 6.432ms
[168.322s][info][gc,cpu      ] GC(311) User=0.02s Sys=0.00s Real=0.01s
[168.753s][info][gc,start    ] GC(312) Pause Young (Concurrent Start) (G1 Humongous Allocation)
[168.753s][info][gc,task     ] GC(312) Using 2 workers of 2 for evacuation
[168.760s][info][gc,phases   ] GC(312)   Pre Evacuate Collection Set: 0.22ms
[168.760s][info][gc,phases   ] GC(312)   Merge Heap Roots: 0.04ms
[168.760s][info][gc,phases   ] GC(312)   Evacuate Collection Set: 5.60ms
[168.760s][info][gc,phases   ] GC(312)   Post Evacuate Collection Set: 0.40ms
[168.760s][info][gc,phases   ] GC(312)   Other: 0.10ms
[168.760s][info][gc,heap     ] GC(312) Eden regions: 83->0(223)
[168.760s][info][gc,heap     ] GC(312) Survivor regions: 7->7(29)
[168.760s][info][gc,heap     ] GC(312) Old regions: 42->42
[168.760s][info][gc,heap     ] GC(312) Humongous regions: 1->1
[168.760s][info][gc,metaspace] GC(312) Metaspace: 41873K(42368K)->41873K(42368K) NonClass: 37538K(37824K)->37538K(37824K) Class: 4335K(4544K)->4335K(4544K)
[168.760s][info][gc          ] GC(312) Pause Young (Concurrent Start) (G1 Humongous Allocation) 132M->49M(384M) 6.548ms
[168.760s][info][gc,cpu      ] GC(312) User=0.01s Sys=0.00s Real=0.00s
[168.760s][info][gc          ] GC(313) Concurrent Mark Cycle
[168.760s][info][gc,marking  ] GC(313) Concurrent Scan Root Regions
[168.770s][info][gc,marking  ] GC(313) Concurrent Scan Root Regions 9.959ms
[168.770s][info][gc,marking  ] GC(313) Concurrent Mark
[168.770s][info][gc,marking  ] GC(313) Concurrent Mark From Roots
[168.770s][info][gc,task     ] GC(313) Using 1 workers of 1 for marking
[168.810s][info][gc,marking  ] GC(313) Concurrent Mark From Roots 40.112ms
[168.810s][info][gc,marking  ] GC(313) Concurrent Preclean
[168.810s][info][gc,marking  ] GC(313) Concurrent Preclean 0.036ms
[168.810s][info][gc,start    ] GC(313) Pause Remark
[168.826s][info][gc          ] GC(313) Pause Remark 57M->52M(256M) 15.406ms
[168.826s][info][gc,cpu      ] GC(313) User=0.03s Sys=0.00s Real=0.02s
[168.826s][info][gc,marking  ] GC(313) Concurrent Mark 55.734ms
[168.826s][info][gc,marking  ] GC(313) Concurrent Rebuild Remembered Sets and Scrub Regions
[168.839s][info][gc,marking  ] GC(313) Concurrent Rebuild Remembered Sets and Scrub Regions 12.981ms
[168.839s][info][gc,start    ] GC(313) Pause Cleanup
[168.839s][info][gc          ] GC(313) Pause Cleanup 52M->52M(256M) 0.039ms
[168.839s][info][gc,cpu      ] GC(313) User=0.00s Sys=0.00s Real=0.00s
[168.839s][info][gc,marking  ] GC(313) Concurrent Clear Claimed Marks
[168.839s][info][gc,marking  ] GC(313) Concurrent Clear Claimed Marks 0.037ms
[168.839s][info][gc,marking  ] GC(313) Concurrent Cleanup for Next Mark
[168.840s][info][gc,marking  ] GC(313) Concurrent Cleanup for Next Mark 0.762ms
[168.840s][info][gc          ] GC(313) Concurrent Mark Cycle 79.783ms
[169.492s][info][gc,start    ] GC(314) Pause Young (Prepare Mixed) (G1 Evacuation Pause)
[169.492s][info][gc,task     ] GC(314) Using 2 workers of 2 for evacuation
[169.500s][info][gc,phases   ] GC(314)   Pre Evacuate Collection Set: 0.16ms
[169.500s][info][gc,phases   ] GC(314)   Merge Heap Roots: 0.07ms
[169.500s][info][gc,phases   ] GC(314)   Evacuate Collection Set: 6.54ms
[169.500s][info][gc,phases   ] GC(314)   Post Evacuate Collection Set: 0.43ms
[169.500s][info][gc,phases   ] GC(314)   Other: 0.09ms
[169.500s][info][gc,heap     ] GC(314) Eden regions: 146->0(144)
[169.500s][info][gc,heap     ] GC(314) Survivor regions: 7->9(20)
[169.500s][info][gc,heap     ] GC(314) Old regions: 37->37
[169.500s][info][gc,heap     ] GC(314) Humongous regions: 15->3
[169.500s][info][gc,metaspace] GC(314) Metaspace: 41881K(42368K)->41881K(42368K) NonClass: 37545K(37824K)->37545K(37824K) Class: 4335K(4544K)->4335K(4544K)
[169.500s][info][gc          ] GC(314) Pause Young (Prepare Mixed) (G1 Evacuation Pause) 204M->48M(256M) 7.455ms
[169.500s][info][gc,cpu      ] GC(314) User=0.02s Sys=0.00s Real=0.00s
[170.132s][info][gc,start    ] GC(315) Pause Young (Mixed) (G1 Evacuation Pause)
[170.132s][info][gc,task     ] GC(315) Using 2 workers of 2 for evacuation
[170.150s][info][gc,phases   ] GC(315)   Pre Evacuate Collection Set: 0.15ms
[170.150s][info][gc,phases   ] GC(315)   Merge Heap Roots: 0.08ms
[170.150s][info][gc,phases   ] GC(315)   Evacuate Collection Set: 17.75ms
[170.150s][info][gc,phases   ] GC(315)   Post Evacuate Collection Set: 0.42ms
[170.150s][info][gc,phases   ] GC(315)   Other: 0.11ms
[170.150s][info][gc,heap     ] GC(315) Eden regions: 144->0(134)
[170.150s][info][gc,heap     ] GC(315) Survivor regions: 9->19(20)
[170.150s][info][gc,heap     ] GC(315) Old regions: 37->35
[170.150s][info][gc,heap     ] GC(315) Humongous regions: 11->3
[170.150s][info][gc,metaspace] GC(315) Metaspace: 41882K(42368K)->41882K(42368K) NonClass: 37547K(37824K)->37547K(37824K) Class: 4335K(4544K)->4335K(4544K)
[170.150s][info][gc          ] GC(315) Pause Young (Mixed) (G1 Evacuation Pause) 200M->55M(256M) 18.708ms
[170.150s][info][gc,cpu      ] GC(315) User=0.03s Sys=0.00s Real=0.01s
[170.170s][info][gc,start    ] GC(316) Pause Young (Concurrent Start) (G1 Humongous Allocation)
[170.170s][info][gc,task     ] GC(316) Using 2 workers of 2 for evacuation
[170.176s][info][gc,phases   ] GC(316)   Pre Evacuate Collection Set: 0.15ms
[170.176s][info][gc,phases   ] GC(316)   Merge Heap Roots: 0.04ms
[170.176s][info][gc,phases   ] GC(316)   Evacuate Collection Set: 5.01ms
[170.176s][info][gc,phases   ] GC(316)   Post Evacuate Collection Set: 0.31ms
[170.176s][info][gc,phases   ] GC(316)   Other: 0.09ms
[170.176s][info][gc,heap     ] GC(316) Eden regions: 4->0(152)
[170.176s][info][gc,heap     ] GC(316) Survivor regions: 19->1(20)
[170.176s][info][gc,heap     ] GC(316) Old regions: 35->42
[170.176s][info][gc,heap     ] GC(316) Humongous regions: 3->1
[170.176s][info][gc,metaspace] GC(316) Metaspace: 41882K(42368K)->41882K(42368K) NonClass: 37547K(37824K)->37547K(37824K) Class: 4335K(4544K)->4335K(4544K)
[170.176s][info][gc          ] GC(316) Pause Young (Concurrent Start) (G1 Humongous Allocation) 59M->43M(256M) 5.753ms
[170.176s][info][gc,cpu      ] GC(316) User=0.01s Sys=0.00s Real=0.01s
[170.176s][info][gc          ] GC(317) Concurrent Mark Cycle
[170.176s][info][gc,marking  ] GC(317) Concurrent Scan Root Regions
[170.185s][info][gc,marking  ] GC(317) Concurrent Scan Root Regions 9.454ms
[170.185s][info][gc,marking  ] GC(317) Concurrent Mark
[170.185s][info][gc,marking  ] GC(317) Concurrent Mark From Roots
[170.185s][info][gc,task     ] GC(317) Using 1 workers of 1 for marking
[170.225s][info][gc,marking  ] GC(317) Concurrent Mark From Roots 39.329ms
[170.225s][info][gc,marking  ] GC(317) Concurrent Preclean
[170.225s][info][gc,marking  ] GC(317) Concurrent Preclean 0.036ms
[170.225s][info][gc,start    ] GC(317) Pause Remark
[170.240s][info][gc          ] GC(317) Pause Remark 53M->53M(256M) 15.466ms
[170.240s][info][gc,cpu      ] GC(317) User=0.03s Sys=0.00s Real=0.02s
[170.242s][info][gc,marking  ] GC(317) Concurrent Mark 57.075ms
[170.242s][info][gc,marking  ] GC(317) Concurrent Rebuild Remembered Sets and Scrub Regions
[170.264s][info][gc,marking  ] GC(317) Concurrent Rebuild Remembered Sets and Scrub Regions 21.328ms
[170.264s][info][gc,start    ] GC(317) Pause Cleanup
[170.264s][info][gc          ] GC(317) Pause Cleanup 60M->60M(256M) 0.043ms
[170.264s][info][gc,cpu      ] GC(317) User=0.00s Sys=0.00s Real=0.00s
[170.264s][info][gc,marking  ] GC(317) Concurrent Clear Claimed Marks
[170.264s][info][gc,marking  ] GC(317) Concurrent Clear Claimed Marks 0.036ms
[170.264s][info][gc,marking  ] GC(317) Concurrent Cleanup for Next Mark
[170.265s][info][gc,marking  ] GC(317) Concurrent Cleanup for Next Mark 0.753ms
[170.265s][info][gc          ] GC(317) Concurrent Mark Cycle 89.028ms
[170.976s][info][gc,start    ] GC(318) Pause Young (Prepare Mixed) (G1 Evacuation Pause)
[170.976s][info][gc,task     ] GC(318) Using 2 workers of 2 for evacuation
[170.981s][info][gc,phases   ] GC(318)   Pre Evacuate Collection Set: 0.15ms
[170.981s][info][gc,phases   ] GC(318)   Merge Heap Roots: 0.06ms
[170.981s][info][gc,phases   ] GC(318)   Evacuate Collection Set: 4.79ms
[170.982s][info][gc,phases   ] GC(318)   Post Evacuate Collection Set: 0.43ms
[170.982s][info][gc,phases   ] GC(318)   Other: 0.08ms
[170.982s][info][gc,heap     ] GC(318) Eden regions: 152->0(147)
[170.982s][info][gc,heap     ] GC(318) Survivor regions: 1->6(20)
[170.982s][info][gc,heap     ] GC(318) Old regions: 42->42
[170.982s][info][gc,heap     ] GC(318) Humongous regions: 11->3
[170.982s][info][gc,metaspace] GC(318) Metaspace: 41886K(42368K)->41886K(42368K) NonClass: 37551K(37824K)->37551K(37824K) Class: 4335K(4544K)->4335K(4544K)
[170.982s][info][gc          ] GC(318) Pause Young (Prepare Mixed) (G1 Evacuation Pause) 205M->50M(256M) 5.712ms
[170.982s][info][gc,cpu      ] GC(318) User=0.01s Sys=0.00s Real=0.01s
[171.637s][info][gc,start    ] GC(319) Pause Young (Mixed) (G1 Evacuation Pause)
[171.637s][info][gc,task     ] GC(319) Using 2 workers of 2 for evacuation
[171.669s][info][gc,phases   ] GC(319)   Pre Evacuate Collection Set: 0.19ms
[171.669s][info][gc,phases   ] GC(319)   Merge Heap Roots: 0.09ms
[171.669s][info][gc,phases   ] GC(319)   Evacuate Collection Set: 30.60ms
[171.669s][info][gc,phases   ] GC(319)   Post Evacuate Collection Set: 0.53ms
[171.669s][info][gc,phases   ] GC(319)   Other: 0.07ms
[171.669s][info][gc,heap     ] GC(319) Eden regions: 147->0(133)
[171.669s][info][gc,heap     ] GC(319) Survivor regions: 6->20(20)
[171.669s][info][gc,heap     ] GC(319) Old regions: 42->39
[171.669s][info][gc,heap     ] GC(319) Humongous regions: 3->3
[171.669s][info][gc,metaspace] GC(319) Metaspace: 41890K(42368K)->41890K(42368K) NonClass: 37555K(37824K)->37555K(37824K) Class: 4335K(4544K)->4335K(4544K)
[171.669s][info][gc          ] GC(319) Pause Young (Mixed) (G1 Evacuation Pause) 197M->61M(256M) 31.672ms
[171.669s][info][gc,cpu      ] GC(319) User=0.04s Sys=0.00s Real=0.03s
[171.737s][info][gc,start    ] GC(320) Pause Young (Concurrent Start) (G1 Humongous Allocation)
[171.737s][info][gc,task     ] GC(320) Using 2 workers of 2 for evacuation
[171.755s][info][gc,phases   ] GC(320)   Pre Evacuate Collection Set: 0.19ms
[171.755s][info][gc,phases   ] GC(320)   Merge Heap Roots: 0.04ms
[171.755s][info][gc,phases   ] GC(320)   Evacuate Collection Set: 16.83ms
[171.755s][info][gc,phases   ] GC(320)   Post Evacuate Collection Set: 0.38ms
[171.755s][info][gc,phases   ] GC(320)   Other: 0.10ms
[171.755s][info][gc,heap     ] GC(320) Eden regions: 14->0(150)
[171.755s][info][gc,heap     ] GC(320) Survivor regions: 20->3(20)
[171.755s][info][gc,heap     ] GC(320) Old regions: 39->55
[171.755s][info][gc,heap     ] GC(320) Humongous regions: 3->1
[171.755s][info][gc,metaspace] GC(320) Metaspace: 41890K(42368K)->41890K(42368K) NonClass: 37555K(37824K)->37555K(37824K) Class: 4335K(4544K)->4335K(4544K)
[171.755s][info][gc          ] GC(320) Pause Young (Concurrent Start) (G1 Humongous Allocation) 75M->58M(256M) 17.726ms
[171.755s][info][gc          ] GC(321) Concurrent Mark Cycle
[171.755s][info][gc,marking  ] GC(321) Concurrent Scan Root Regions
[171.755s][info][gc,cpu      ] GC(320) User=0.03s Sys=0.00s Real=0.02s
[171.779s][info][gc,marking  ] GC(321) Concurrent Scan Root Regions 23.904ms
[171.779s][info][gc,marking  ] GC(321) Concurrent Mark
[171.779s][info][gc,marking  ] GC(321) Concurrent Mark From Roots
[171.779s][info][gc,task     ] GC(321) Using 1 workers of 1 for marking
[171.821s][info][gc,marking  ] GC(321) Concurrent Mark From Roots 42.441ms
[171.821s][info][gc,marking  ] GC(321) Concurrent Preclean
[171.821s][info][gc,marking  ] GC(321) Concurrent Preclean 0.053ms
[171.821s][info][gc,start    ] GC(321) Pause Remark
[171.837s][info][gc          ] GC(321) Pause Remark 64M->64M(256M) 15.750ms
[171.837s][info][gc,cpu      ] GC(321) User=0.03s Sys=0.00s Real=0.01s
[171.837s][info][gc,marking  ] GC(321) Concurrent Mark 58.442ms
[171.837s][info][gc,marking  ] GC(321) Concurrent Rebuild Remembered Sets and Scrub Regions
[171.867s][info][gc,marking  ] GC(321) Concurrent Rebuild Remembered Sets and Scrub Regions 29.270ms
[171.867s][info][gc,start    ] GC(321) Pause Cleanup
[171.867s][info][gc          ] GC(321) Pause Cleanup 64M->64M(256M) 0.042ms
[171.867s][info][gc,cpu      ] GC(321) User=0.00s Sys=0.00s Real=0.00s
[171.867s][info][gc,marking  ] GC(321) Concurrent Clear Claimed Marks
[171.867s][info][gc,marking  ] GC(321) Concurrent Clear Claimed Marks 0.036ms
[171.867s][info][gc,marking  ] GC(321) Concurrent Cleanup for Next Mark
[171.868s][info][gc,marking  ] GC(321) Concurrent Cleanup for Next Mark 0.795ms
[171.868s][info][gc          ] GC(321) Concurrent Mark Cycle 112.736ms
[172.432s][info][gc,start    ] GC(322) Pause Young (Prepare Mixed) (G1 Evacuation Pause)
[172.432s][info][gc,task     ] GC(322) Using 2 workers of 2 for evacuation
[172.437s][info][gc,phases   ] GC(322)   Pre Evacuate Collection Set: 0.15ms
[172.437s][info][gc,phases   ] GC(322)   Merge Heap Roots: 0.09ms
[172.437s][info][gc,phases   ] GC(322)   Evacuate Collection Set: 4.42ms
[172.437s][info][gc,phases   ] GC(322)   Post Evacuate Collection Set: 0.42ms
[172.437s][info][gc,phases   ] GC(322)   Other: 0.07ms
[172.437s][info][gc,heap     ] GC(322) Eden regions: 150->0(149)
[172.437s][info][gc,heap     ] GC(322) Survivor regions: 3->4(20)
[172.437s][info][gc,heap     ] GC(322) Old regions: 55->55
[172.437s][info][gc,heap     ] GC(322) Humongous regions: 17->3
[172.437s][info][gc,metaspace] GC(322) Metaspace: 41891K(42368K)->41891K(42368K) NonClass: 37555K(37824K)->37555K(37824K) Class: 4335K(4544K)->4335K(4544K)
[172.437s][info][gc          ] GC(322) Pause Young (Prepare Mixed) (G1 Evacuation Pause) 224M->62M(256M) 5.318ms
[172.437s][info][gc,cpu      ] GC(322) User=0.01s Sys=0.00s Real=0.00s
[173.174s][info][gc,start    ] GC(323) Pause Young (Mixed) (G1 Evacuation Pause)
[173.174s][info][gc,task     ] GC(323) Using 2 workers of 2 for evacuation
[173.184s][info][gc,phases   ] GC(323)   Pre Evacuate Collection Set: 0.15ms
[173.184s][info][gc,phases   ] GC(323)   Merge Heap Roots: 0.08ms
[173.184s][info][gc,phases   ] GC(323)   Evacuate Collection Set: 8.99ms
[173.184s][info][gc,phases   ] GC(323)   Post Evacuate Collection Set: 0.43ms
[173.184s][info][gc,phases   ] GC(323)   Other: 0.10ms
[173.184s][info][gc,heap     ] GC(323) Eden regions: 149->0(146)
[173.184s][info][gc,heap     ] GC(323) Survivor regions: 4->7(20)
[173.184s][info][gc,heap     ] GC(323) Old regions: 55->53
[173.184s][info][gc,heap     ] GC(323) Humongous regions: 15->3
[173.184s][info][gc,metaspace] GC(323) Metaspace: 41891K(42368K)->41891K(42368K) NonClass: 37555K(37824K)->37555K(37824K) Class: 4335K(4544K)->4335K(4544K)
[173.184s][info][gc          ] GC(323) Pause Young (Mixed) (G1 Evacuation Pause) 223M->62M(256M) 9.921ms
[173.184s][info][gc,cpu      ] GC(323) User=0.02s Sys=0.00s Real=0.01s
[173.224s][info][gc,start    ] GC(324) Pause Young (Concurrent Start) (G1 Humongous Allocation)
[173.224s][info][gc,task     ] GC(324) Using 2 workers of 2 for evacuation
[173.254s][info][gc,phases   ] GC(324)   Pre Evacuate Collection Set: 0.16ms
[173.254s][info][gc,phases   ] GC(324)   Merge Heap Roots: 0.05ms
[173.255s][info][gc,phases   ] GC(324)   Evacuate Collection Set: 30.19ms
[173.255s][info][gc,phases   ] GC(324)   Post Evacuate Collection Set: 0.39ms
[173.255s][info][gc,phases   ] GC(324)   Other: 0.09ms
[173.255s][info][gc,heap     ] GC(324) Eden regions: 8->0(149)
[173.255s][info][gc,heap     ] GC(324) Survivor regions: 7->4(20)
[173.255s][info][gc,heap     ] GC(324) Old regions: 53->53
[173.255s][info][gc,heap     ] GC(324) Humongous regions: 3->1
[173.255s][info][gc,metaspace] GC(324) Metaspace: 41891K(42368K)->41891K(42368K) NonClass: 37555K(37824K)->37555K(37824K) Class: 4335K(4544K)->4335K(4544K)
[173.255s][info][gc          ] GC(324) Pause Young (Concurrent Start) (G1 Humongous Allocation) 70M->57M(256M) 31.056ms
[173.255s][info][gc,cpu      ] GC(324) User=0.03s Sys=0.00s Real=0.03s
[173.260s][info][gc          ] GC(325) Concurrent Mark Cycle
[173.260s][info][gc,marking  ] GC(325) Concurrent Scan Root Regions
[173.265s][info][gc,marking  ] GC(325) Concurrent Scan Root Regions 5.604ms
[173.265s][info][gc,marking  ] GC(325) Concurrent Mark
[173.265s][info][gc,marking  ] GC(325) Concurrent Mark From Roots
[173.265s][info][gc,task     ] GC(325) Using 1 workers of 1 for marking
[173.341s][info][gc,marking  ] GC(325) Concurrent Mark From Roots 75.955ms
[173.341s][info][gc,marking  ] GC(325) Concurrent Preclean
[173.341s][info][gc,marking  ] GC(325) Concurrent Preclean 0.049ms
[173.342s][info][gc,start    ] GC(325) Pause Remark
[173.360s][info][gc          ] GC(325) Pause Remark 76M->76M(256M) 17.517ms
[173.360s][info][gc,cpu      ] GC(325) User=0.03s Sys=0.00s Real=0.01s
[173.360s][info][gc,marking  ] GC(325) Concurrent Mark 94.753ms
[173.360s][info][gc,marking  ] GC(325) Concurrent Rebuild Remembered Sets and Scrub Regions
[173.392s][info][gc,marking  ] GC(325) Concurrent Rebuild Remembered Sets and Scrub Regions 32.216ms
[173.393s][info][gc,start    ] GC(325) Pause Cleanup
[173.393s][info][gc          ] GC(325) Pause Cleanup 83M->83M(256M) 0.047ms
[173.393s][info][gc,cpu      ] GC(325) User=0.00s Sys=0.00s Real=0.00s
[173.393s][info][gc,marking  ] GC(325) Concurrent Clear Claimed Marks
[173.393s][info][gc,marking  ] GC(325) Concurrent Clear Claimed Marks 0.039ms
[173.393s][info][gc,marking  ] GC(325) Concurrent Cleanup for Next Mark
[173.393s][info][gc,marking  ] GC(325) Concurrent Cleanup for Next Mark 0.743ms
[173.393s][info][gc          ] GC(325) Concurrent Mark Cycle 133.758ms
[173.874s][info][gc,start    ] GC(326) Pause Young (Prepare Mixed) (G1 Evacuation Pause)
[173.874s][info][gc,task     ] GC(326) Using 2 workers of 2 for evacuation
[173.890s][info][gc,phases   ] GC(326)   Pre Evacuate Collection Set: 0.14ms
[173.890s][info][gc,phases   ] GC(326)   Merge Heap Roots: 0.10ms
[173.890s][info][gc,phases   ] GC(326)   Evacuate Collection Set: 15.28ms
[173.890s][info][gc,phases   ] GC(326)   Post Evacuate Collection Set: 0.43ms
[173.890s][info][gc,phases   ] GC(326)   Other: 0.07ms
[173.890s][info][gc,heap     ] GC(326) Eden regions: 149->0(133)
[173.890s][info][gc,heap     ] GC(326) Survivor regions: 4->20(20)
[173.890s][info][gc,heap     ] GC(326) Old regions: 53->53
[173.890s][info][gc,heap     ] GC(326) Humongous regions: 11->3
[173.890s][info][gc,metaspace] GC(326) Metaspace: 41891K(42368K)->41891K(42368K) NonClass: 37555K(37824K)->37555K(37824K) Class: 4335K(4544K)->4335K(4544K)
[173.890s][info][gc          ] GC(326) Pause Young (Prepare Mixed) (G1 Evacuation Pause) 216M->75M(256M) 16.211ms
[173.890s][info][gc,cpu      ] GC(326) User=0.03s Sys=0.00s Real=0.01s
[174.485s][info][gc,start    ] GC(327) Pause Young (Mixed) (G1 Evacuation Pause)
[174.486s][info][gc,task     ] GC(327) Using 2 workers of 2 for evacuation
[174.514s][info][gc,phases   ] GC(327)   Pre Evacuate Collection Set: 0.15ms
[174.514s][info][gc,phases   ] GC(327)   Merge Heap Roots: 0.11ms
[174.514s][info][gc,phases   ] GC(327)   Evacuate Collection Set: 27.83ms
[174.514s][info][gc,phases   ] GC(327)   Post Evacuate Collection Set: 0.53ms
[174.514s][info][gc,phases   ] GC(327)   Other: 0.07ms
[174.514s][info][gc,heap     ] GC(327) Eden regions: 133->0(141)
[174.514s][info][gc,heap     ] GC(327) Survivor regions: 20->12(20)
[174.514s][info][gc,heap     ] GC(327) Old regions: 53->64
[174.514s][info][gc,heap     ] GC(327) Humongous regions: 3->3
[174.514s][info][gc,metaspace] GC(327) Metaspace: 41892K(42368K)->41892K(42368K) NonClass: 37557K(37824K)->37557K(37824K) Class: 4335K(4544K)->4335K(4544K)
[174.514s][info][gc          ] GC(327) Pause Young (Mixed) (G1 Evacuation Pause) 208M->79M(256M) 28.889ms
[174.514s][info][gc,cpu      ] GC(327) User=0.06s Sys=0.00s Real=0.03s
[174.989s][info][gc,start    ] GC(328) Pause Young (Concurrent Start) (G1 Humongous Allocation)
[174.989s][info][gc,task     ] GC(328) Using 2 workers of 2 for evacuation
[175.033s][info][gc,phases   ] GC(328)   Pre Evacuate Collection Set: 0.17ms
[175.033s][info][gc,phases   ] GC(328)   Merge Heap Roots: 0.11ms
[175.033s][info][gc,phases   ] GC(328)   Evacuate Collection Set: 42.82ms
[175.033s][info][gc,phases   ] GC(328)   Post Evacuate Collection Set: 0.47ms
[175.033s][info][gc,phases   ] GC(328)   Other: 0.08ms
[175.033s][info][gc,heap     ] GC(328) Eden regions: 103->0(104)
[175.033s][info][gc,heap     ] GC(328) Survivor regions: 12->20(20)
[175.033s][info][gc,heap     ] GC(328) Old regions: 64->84
[175.033s][info][gc,heap     ] GC(328) Humongous regions: 3->1
[175.033s][info][gc,metaspace] GC(328) Metaspace: 41892K(42368K)->41892K(42368K) NonClass: 37557K(37824K)->37557K(37824K) Class: 4335K(4544K)->4335K(4544K)
[175.033s][info][gc          ] GC(328) Pause Young (Concurrent Start) (G1 Humongous Allocation) 182M->105M(256M) 43.858ms
[175.033s][info][gc,cpu      ] GC(328) User=0.09s Sys=0.00s Real=0.05s
[175.033s][info][gc          ] GC(329) Concurrent Mark Cycle
[175.033s][info][gc,marking  ] GC(329) Concurrent Scan Root Regions
[175.081s][info][gc,marking  ] GC(329) Concurrent Scan Root Regions 48.243ms
[175.081s][info][gc,marking  ] GC(329) Concurrent Mark
[175.081s][info][gc,marking  ] GC(329) Concurrent Mark From Roots
[175.081s][info][gc,task     ] GC(329) Using 1 workers of 1 for marking
[175.142s][info][gc,marking  ] GC(329) Concurrent Mark From Roots 61.140ms
[175.142s][info][gc,marking  ] GC(329) Concurrent Preclean
[175.142s][info][gc,marking  ] GC(329) Concurrent Preclean 0.036ms
[175.142s][info][gc,start    ] GC(329) Pause Remark
[175.158s][info][gc          ] GC(329) Pause Remark 137M->129M(256M) 15.517ms
[175.158s][info][gc,cpu      ] GC(329) User=0.03s Sys=0.00s Real=0.01s
[175.158s][info][gc,marking  ] GC(329) Concurrent Mark 76.974ms
[175.158s][info][gc,marking  ] GC(329) Concurrent Rebuild Remembered Sets and Scrub Regions
[175.201s][info][gc,marking  ] GC(329) Concurrent Rebuild Remembered Sets and Scrub Regions 43.132ms
[175.201s][info][gc,start    ] GC(329) Pause Cleanup
[175.201s][info][gc          ] GC(329) Pause Cleanup 137M->137M(256M) 0.065ms
[175.201s][info][gc,cpu      ] GC(329) User=0.00s Sys=0.00s Real=0.00s
[175.201s][info][gc,marking  ] GC(329) Concurrent Clear Claimed Marks
[175.201s][info][gc,marking  ] GC(329) Concurrent Clear Claimed Marks 0.040ms
[175.201s][info][gc,marking  ] GC(329) Concurrent Cleanup for Next Mark
[175.202s][info][gc,marking  ] GC(329) Concurrent Cleanup for Next Mark 0.737ms
[175.202s][info][gc          ] GC(329) Concurrent Mark Cycle 169.479ms
[175.467s][info][gc,start    ] GC(330) Pause Young (Prepare Mixed) (G1 Evacuation Pause)
[175.467s][info][gc,task     ] GC(330) Using 2 workers of 2 for evacuation
[175.506s][info][gc,phases   ] GC(330)   Pre Evacuate Collection Set: 0.26ms
[175.506s][info][gc,phases   ] GC(330)   Merge Heap Roots: 0.39ms
[175.506s][info][gc,phases   ] GC(330)   Evacuate Collection Set: 37.78ms
[175.506s][info][gc,phases   ] GC(330)   Post Evacuate Collection Set: 0.45ms
[175.507s][info][gc,phases   ] GC(330)   Other: 0.09ms
[175.507s][info][gc,heap     ] GC(330) Eden regions: 104->0(98)
[175.507s][info][gc,heap     ] GC(330) Survivor regions: 20->14(16)
[175.507s][info][gc,heap     ] GC(330) Old regions: 76->97
[175.507s][info][gc,heap     ] GC(330) Humongous regions: 5->3
[175.507s][info][gc,metaspace] GC(330) Metaspace: 41892K(42368K)->41892K(42368K) NonClass: 37557K(37824K)->37557K(37824K) Class: 4335K(4544K)->4335K(4544K)
[175.507s][info][gc          ] GC(330) Pause Young (Prepare Mixed) (G1 Evacuation Pause) 205M->113M(256M) 39.162ms
[175.507s][info][gc,cpu      ] GC(330) User=0.08s Sys=0.00s Real=0.04s
[175.993s][info][gc,start    ] GC(331) Pause Young (Mixed) (G1 Evacuation Pause)
[175.993s][info][gc,task     ] GC(331) Using 2 workers of 2 for evacuation
[176.007s][info][gc,phases   ] GC(331)   Pre Evacuate Collection Set: 0.17ms
[176.007s][info][gc,phases   ] GC(331)   Merge Heap Roots: 0.16ms
[176.007s][info][gc,phases   ] GC(331)   Evacuate Collection Set: 12.51ms
[176.007s][info][gc,phases   ] GC(331)   Post Evacuate Collection Set: 0.52ms
[176.007s][info][gc,phases   ] GC(331)   Other: 0.07ms
[176.007s][info][gc,heap     ] GC(331) Eden regions: 98->0(112)
[176.007s][info][gc,heap     ] GC(331) Survivor regions: 14->4(14)
[176.007s][info][gc,heap     ] GC(331) Old regions: 97->97
[176.007s][info][gc,heap     ] GC(331) Humongous regions: 9->3
[176.007s][info][gc,metaspace] GC(331) Metaspace: 41893K(42368K)->41893K(42368K) NonClass: 37557K(37824K)->37557K(37824K) Class: 4335K(4544K)->4335K(4544K)
[176.007s][info][gc          ] GC(331) Pause Young (Mixed) (G1 Evacuation Pause) 217M->103M(256M) 13.609ms
[176.007s][info][gc,cpu      ] GC(331) User=0.03s Sys=0.00s Real=0.01s
[176.121s][info][gc,start    ] GC(332) Pause Young (Concurrent Start) (G1 Humongous Allocation)
[176.121s][info][gc,task     ] GC(332) Using 2 workers of 2 for evacuation
[176.123s][info][gc,phases   ] GC(332)   Pre Evacuate Collection Set: 0.17ms
[176.123s][info][gc,phases   ] GC(332)   Merge Heap Roots: 0.04ms
[176.123s][info][gc,phases   ] GC(332)   Evacuate Collection Set: 1.18ms
[176.123s][info][gc,phases   ] GC(332)   Post Evacuate Collection Set: 0.25ms
[176.123s][info][gc,phases   ] GC(332)   Other: 0.09ms
[176.123s][info][gc,heap     ] GC(332) Eden regions: 4->0(118)
[176.123s][info][gc,heap     ] GC(332) Survivor regions: 4->2(15)
[176.123s][info][gc,heap     ] GC(332) Old regions: 97->97
[176.123s][info][gc,heap     ] GC(332) Humongous regions: 3->1
[176.123s][info][gc,metaspace] GC(332) Metaspace: 41893K(42368K)->41893K(42368K) NonClass: 37557K(37824K)->37557K(37824K) Class: 4335K(4544K)->4335K(4544K)
[176.123s][info][gc          ] GC(332) Pause Young (Concurrent Start) (G1 Humongous Allocation) 107M->99M(256M) 1.903ms
[176.123s][info][gc,cpu      ] GC(332) User=0.01s Sys=0.00s Real=0.00s
[176.123s][info][gc          ] GC(333) Concurrent Mark Cycle
[176.123s][info][gc,marking  ] GC(333) Concurrent Scan Root Regions
[176.125s][info][gc,marking  ] GC(333) Concurrent Scan Root Regions 1.252ms
[176.125s][info][gc,marking  ] GC(333) Concurrent Mark
[176.125s][info][gc,marking  ] GC(333) Concurrent Mark From Roots
[176.125s][info][gc,task     ] GC(333) Using 1 workers of 1 for marking
[176.187s][info][gc,marking  ] GC(333) Concurrent Mark From Roots 62.331ms
[176.187s][info][gc,marking  ] GC(333) Concurrent Preclean
[176.187s][info][gc,marking  ] GC(333) Concurrent Preclean 0.035ms
[176.187s][info][gc,start    ] GC(333) Pause Remark
[176.203s][info][gc          ] GC(333) Pause Remark 117M->102M(256M) 15.450ms
[176.203s][info][gc,cpu      ] GC(333) User=0.03s Sys=0.00s Real=0.02s
[176.203s][info][gc,marking  ] GC(333) Concurrent Mark 78.076ms
[176.203s][info][gc,marking  ] GC(333) Concurrent Rebuild Remembered Sets and Scrub Regions
[176.224s][info][gc,marking  ] GC(333) Concurrent Rebuild Remembered Sets and Scrub Regions 21.517ms
[176.224s][info][gc,start    ] GC(333) Pause Cleanup
[176.224s][info][gc          ] GC(333) Pause Cleanup 105M->105M(256M) 0.070ms
[176.224s][info][gc,cpu      ] GC(333) User=0.00s Sys=0.00s Real=0.00s
[176.225s][info][gc,marking  ] GC(333) Concurrent Clear Claimed Marks
[176.225s][info][gc,marking  ] GC(333) Concurrent Clear Claimed Marks 0.039ms
[176.225s][info][gc,marking  ] GC(333) Concurrent Cleanup for Next Mark
[176.225s][info][gc,marking  ] GC(333) Concurrent Cleanup for Next Mark 0.723ms
[176.225s][info][gc          ] GC(333) Concurrent Mark Cycle 102.026ms
[176.631s][info][gc,start    ] GC(334) Pause Young (Prepare Mixed) (G1 Evacuation Pause)
[176.631s][info][gc,task     ] GC(334) Using 2 workers of 2 for evacuation
[176.638s][info][gc,phases   ] GC(334)   Pre Evacuate Collection Set: 0.14ms
[176.638s][info][gc,phases   ] GC(334)   Merge Heap Roots: 0.07ms
[176.638s][info][gc,phases   ] GC(334)   Evacuate Collection Set: 5.94ms
[176.638s][info][gc,phases   ] GC(334)   Post Evacuate Collection Set: 0.72ms
[176.638s][info][gc,phases   ] GC(334)   Other: 0.09ms
[176.638s][info][gc,heap     ] GC(334) Eden regions: 118->0(161)
[176.638s][info][gc,heap     ] GC(334) Survivor regions: 2->7(15)
[176.638s][info][gc,heap     ] GC(334) Old regions: 82->82
[176.638s][info][gc,heap     ] GC(334) Humongous regions: 7->3
[176.638s][info][gc,metaspace] GC(334) Metaspace: 41893K(42368K)->41893K(42368K) NonClass: 37557K(37824K)->37557K(37824K) Class: 4335K(4544K)->4335K(4544K)
[176.638s][info][gc          ] GC(334) Pause Young (Prepare Mixed) (G1 Evacuation Pause) 208M->92M(296M) 7.137ms
[176.638s][info][gc,cpu      ] GC(334) User=0.01s Sys=0.00s Real=0.00s
[177.336s][info][gc,start    ] GC(335) Pause Young (Mixed) (G1 Evacuation Pause)
[177.337s][info][gc,task     ] GC(335) Using 2 workers of 2 for evacuation
[177.343s][info][gc,phases   ] GC(335)   Pre Evacuate Collection Set: 0.18ms
[177.343s][info][gc,phases   ] GC(335)   Merge Heap Roots: 0.08ms
[177.343s][info][gc,phases   ] GC(335)   Evacuate Collection Set: 5.47ms
[177.343s][info][gc,phases   ] GC(335)   Post Evacuate Collection Set: 0.45ms
[177.343s][info][gc,phases   ] GC(335)   Other: 0.07ms
[177.343s][info][gc,heap     ] GC(335) Eden regions: 161->0(171)
[177.343s][info][gc,heap     ] GC(335) Survivor regions: 7->6(21)
[177.343s][info][gc,heap     ] GC(335) Old regions: 82->53
[177.343s][info][gc,heap     ] GC(335) Humongous regions: 7->3
[177.343s][info][gc,metaspace] GC(335) Metaspace: 41893K(42368K)->41893K(42368K) NonClass: 37557K(37824K)->37557K(37824K) Class: 4335K(4544K)->4335K(4544K)
[177.343s][info][gc          ] GC(335) Pause Young (Mixed) (G1 Evacuation Pause) 257M->60M(296M) 6.439ms
[177.343s][info][gc,cpu      ] GC(335) User=0.01s Sys=0.00s Real=0.01s
[178.094s][info][gc,start    ] GC(336) Pause Young (Mixed) (G1 Evacuation Pause)
[178.094s][info][gc,task     ] GC(336) Using 2 workers of 2 for evacuation
[178.115s][info][gc,phases   ] GC(336)   Pre Evacuate Collection Set: 2.27ms
[178.115s][info][gc,phases   ] GC(336)   Merge Heap Roots: 0.08ms
[178.115s][info][gc,phases   ] GC(336)   Evacuate Collection Set: 18.06ms
[178.115s][info][gc,phases   ] GC(336)   Post Evacuate Collection Set: 0.44ms
[178.115s][info][gc,phases   ] GC(336)   Other: 0.08ms
[178.115s][info][gc,heap     ] GC(336) Eden regions: 171->0(164)
[178.115s][info][gc,heap     ] GC(336) Survivor regions: 6->13(23)
[178.115s][info][gc,heap     ] GC(336) Old regions: 53->46
[178.115s][info][gc,heap     ] GC(336) Humongous regions: 9->3
[178.115s][info][gc,metaspace] GC(336) Metaspace: 41893K(42368K)->41893K(42368K) NonClass: 37557K(37824K)->37557K(37824K) Class: 4335K(4544K)->4335K(4544K)
[178.115s][info][gc          ] GC(336) Pause Young (Mixed) (G1 Evacuation Pause) 237M->61M(296M) 21.120ms
[178.115s][info][gc,cpu      ] GC(336) User=0.03s Sys=0.00s Real=0.02s
[178.309s][info][gc,start    ] GC(337) Pause Young (Concurrent Start) (G1 Humongous Allocation)
[178.309s][info][gc,task     ] GC(337) Using 2 workers of 2 for evacuation
[178.314s][info][gc,phases   ] GC(337)   Pre Evacuate Collection Set: 0.20ms
[178.314s][info][gc,phases   ] GC(337)   Merge Heap Roots: 0.08ms
[178.314s][info][gc,phases   ] GC(337)   Evacuate Collection Set: 3.60ms
[178.314s][info][gc,phases   ] GC(337)   Post Evacuate Collection Set: 0.34ms
[178.314s][info][gc,phases   ] GC(337)   Other: 0.12ms
[178.314s][info][gc,heap     ] GC(337) Eden regions: 29->0(173)
[178.314s][info][gc,heap     ] GC(337) Survivor regions: 13->4(23)
[178.314s][info][gc,heap     ] GC(337) Old regions: 46->47
[178.314s][info][gc,heap     ] GC(337) Humongous regions: 3->1
[178.314s][info][gc,metaspace] GC(337) Metaspace: 41893K(42368K)->41893K(42368K) NonClass: 37557K(37824K)->37557K(37824K) Class: 4335K(4544K)->4335K(4544K)
[178.314s][info][gc          ] GC(337) Pause Young (Concurrent Start) (G1 Humongous Allocation) 90M->51M(296M) 4.509ms
[178.314s][info][gc,cpu      ] GC(337) User=0.01s Sys=0.00s Real=0.01s
[178.314s][info][gc          ] GC(338) Concurrent Mark Cycle
[178.314s][info][gc,marking  ] GC(338) Concurrent Scan Root Regions
[178.322s][info][gc,marking  ] GC(338) Concurrent Scan Root Regions 8.107ms
[178.322s][info][gc,marking  ] GC(338) Concurrent Mark
[178.322s][info][gc,marking  ] GC(338) Concurrent Mark From Roots
[178.322s][info][gc,task     ] GC(338) Using 1 workers of 1 for marking
[178.392s][info][gc,marking  ] GC(338) Concurrent Mark From Roots 70.233ms
[178.392s][info][gc,marking  ] GC(338) Concurrent Preclean
[178.392s][info][gc,marking  ] GC(338) Concurrent Preclean 0.039ms
[178.392s][info][gc,start    ] GC(338) Pause Remark
[178.408s][info][gc          ] GC(338) Pause Remark 67M->67M(256M) 15.640ms
[178.408s][info][gc,cpu      ] GC(338) User=0.03s Sys=0.00s Real=0.01s
[178.409s][info][gc,marking  ] GC(338) Concurrent Mark 87.536ms
[178.409s][info][gc,marking  ] GC(338) Concurrent Rebuild Remembered Sets and Scrub Regions
[178.431s][info][gc,marking  ] GC(338) Concurrent Rebuild Remembered Sets and Scrub Regions 21.334ms
[178.431s][info][gc,start    ] GC(338) Pause Cleanup
[178.431s][info][gc          ] GC(338) Pause Cleanup 76M->76M(256M) 0.066ms
[178.431s][info][gc,cpu      ] GC(338) User=0.00s Sys=0.00s Real=0.00s
[178.432s][info][gc,marking  ] GC(338) Concurrent Clear Claimed Marks
[178.432s][info][gc,marking  ] GC(338) Concurrent Clear Claimed Marks 0.062ms
[178.432s][info][gc,marking  ] GC(338) Concurrent Cleanup for Next Mark
[178.433s][info][gc,marking  ] GC(338) Concurrent Cleanup for Next Mark 0.784ms
[178.433s][info][gc          ] GC(338) Concurrent Mark Cycle 119.541ms
[178.980s][info][gc,start    ] GC(339) Pause Young (Prepare Mixed) (G1 Evacuation Pause)
[178.980s][info][gc,task     ] GC(339) Using 2 workers of 2 for evacuation
[178.986s][info][gc,phases   ] GC(339)   Pre Evacuate Collection Set: 0.16ms
[178.986s][info][gc,phases   ] GC(339)   Merge Heap Roots: 0.06ms
[178.986s][info][gc,phases   ] GC(339)   Evacuate Collection Set: 5.70ms
[178.986s][info][gc,phases   ] GC(339)   Post Evacuate Collection Set: 0.40ms
[178.986s][info][gc,phases   ] GC(339)   Other: 0.08ms
[178.986s][info][gc,heap     ] GC(339) Eden regions: 149->0(147)
[178.986s][info][gc,heap     ] GC(339) Survivor regions: 4->6(20)
[178.986s][info][gc,heap     ] GC(339) Old regions: 47->47
[178.986s][info][gc,heap     ] GC(339) Humongous regions: 9->3
[178.986s][info][gc,metaspace] GC(339) Metaspace: 41893K(42368K)->41893K(42368K) NonClass: 37557K(37824K)->37557K(37824K) Class: 4335K(4544K)->4335K(4544K)
[178.986s][info][gc          ] GC(339) Pause Young (Prepare Mixed) (G1 Evacuation Pause) 208M->55M(256M) 6.581ms
[178.986s][info][gc,cpu      ] GC(339) User=0.01s Sys=0.00s Real=0.01s
[179.451s][info][gc,start    ] GC(340) Pause Young (Mixed) (G1 Evacuation Pause)
[179.451s][info][gc,task     ] GC(340) Using 2 workers of 2 for evacuation
[179.490s][info][gc,phases   ] GC(340)   Pre Evacuate Collection Set: 0.17ms
[179.490s][info][gc,phases   ] GC(340)   Merge Heap Roots: 0.06ms
[179.490s][info][gc,phases   ] GC(340)   Evacuate Collection Set: 38.64ms
[179.490s][info][gc,phases   ] GC(340)   Post Evacuate Collection Set: 0.76ms
[179.490s][info][gc,phases   ] GC(340)   Other: 0.07ms
[179.490s][info][gc,heap     ] GC(340) Eden regions: 147->0(125)
[179.490s][info][gc,heap     ] GC(340) Survivor regions: 6->20(20)
[179.490s][info][gc,heap     ] GC(340) Old regions: 47->64
[179.490s][info][gc,heap     ] GC(340) Humongous regions: 3->3
[179.490s][info][gc,metaspace] GC(340) Metaspace: 41893K(42368K)->41893K(42368K) NonClass: 37557K(37824K)->37557K(37824K) Class: 4335K(4544K)->4335K(4544K)
[179.490s][info][gc          ] GC(340) Pause Young (Mixed) (G1 Evacuation Pause) 202M->86M(256M) 39.921ms
[179.491s][info][gc,cpu      ] GC(340) User=0.08s Sys=0.00s Real=0.04s
[180.118s][info][gc,start    ] GC(341) Pause Young (Concurrent Start) (G1 Evacuation Pause)
[180.118s][info][gc,task     ] GC(341) Using 2 workers of 2 for evacuation
[180.179s][info][gc,phases   ] GC(341)   Pre Evacuate Collection Set: 0.19ms
[180.179s][info][gc,phases   ] GC(341)   Merge Heap Roots: 0.37ms
[180.179s][info][gc,phases   ] GC(341)   Evacuate Collection Set: 59.70ms
[180.179s][info][gc,phases   ] GC(341)   Post Evacuate Collection Set: 0.48ms
[180.179s][info][gc,phases   ] GC(341)   Other: 0.13ms
[180.179s][info][gc,heap     ] GC(341) Eden regions: 125->0(100)
[180.179s][info][gc,heap     ] GC(341) Survivor regions: 20->19(19)
[180.179s][info][gc,heap     ] GC(341) Old regions: 64->91
[180.179s][info][gc,heap     ] GC(341) Humongous regions: 3->3
[180.179s][info][gc,metaspace] GC(341) Metaspace: 41893K(42368K)->41893K(42368K) NonClass: 37557K(37824K)->37557K(37824K) Class: 4335K(4544K)->4335K(4544K)
[180.180s][info][gc          ] GC(341) Pause Young (Concurrent Start) (G1 Evacuation Pause) 211M->112M(258M) 61.103ms
[180.180s][info][gc,cpu      ] GC(341) User=0.11s Sys=0.00s Real=0.06s
[180.180s][info][gc          ] GC(342) Concurrent Mark Cycle
[180.180s][info][gc,marking  ] GC(342) Concurrent Scan Root Regions
[180.272s][info][gc,marking  ] GC(342) Concurrent Scan Root Regions 92.827ms
[180.272s][info][gc,marking  ] GC(342) Concurrent Mark
[180.272s][info][gc,marking  ] GC(342) Concurrent Mark From Roots
[180.272s][info][gc,task     ] GC(342) Using 1 workers of 1 for marking
[180.431s][info][gc,marking  ] GC(342) Concurrent Mark From Roots 158.227ms
[180.431s][info][gc,marking  ] GC(342) Concurrent Preclean
[180.431s][info][gc,marking  ] GC(342) Concurrent Preclean 0.038ms
[180.431s][info][gc,start    ] GC(342) Pause Remark
[180.453s][info][gc          ] GC(342) Pause Remark 151M->151M(258M) 22.538ms
[180.453s][info][gc,cpu      ] GC(342) User=0.03s Sys=0.00s Real=0.02s
[180.455s][info][gc,marking  ] GC(342) Concurrent Mark 182.944ms
[180.455s][info][gc,marking  ] GC(342) Concurrent Rebuild Remembered Sets and Scrub Regions
[180.536s][info][gc,marking  ] GC(342) Concurrent Rebuild Remembered Sets and Scrub Regions 80.255ms
[180.536s][info][gc,start    ] GC(342) Pause Cleanup
[180.536s][info][gc          ] GC(342) Pause Cleanup 163M->163M(258M) 0.046ms
[180.536s][info][gc,cpu      ] GC(342) User=0.00s Sys=0.00s Real=0.00s
[180.538s][info][gc,marking  ] GC(342) Concurrent Clear Claimed Marks
[180.539s][info][gc,marking  ] GC(342) Concurrent Clear Claimed Marks 0.066ms
[180.539s][info][gc,marking  ] GC(342) Concurrent Cleanup for Next Mark
[180.539s][info][gc,marking  ] GC(342) Concurrent Cleanup for Next Mark 0.807ms
[180.539s][info][gc          ] GC(342) Concurrent Mark Cycle 359.856ms
[180.799s][info][gc,start    ] GC(343) Pause Young (Prepare Mixed) (G1 Evacuation Pause)
[180.799s][info][gc,task     ] GC(343) Using 2 workers of 2 for evacuation
[180.857s][info][gc,phases   ] GC(343)   Pre Evacuate Collection Set: 0.21ms
[180.857s][info][gc,phases   ] GC(343)   Merge Heap Roots: 0.65ms
[180.857s][info][gc,phases   ] GC(343)   Evacuate Collection Set: 56.61ms
[180.857s][info][gc,phases   ] GC(343)   Post Evacuate Collection Set: 0.44ms
[180.857s][info][gc,phases   ] GC(343)   Other: 0.07ms
[180.857s][info][gc,heap     ] GC(343) Eden regions: 100->0(76)
[180.857s][info][gc,heap     ] GC(343) Survivor regions: 19->15(15)
[180.857s][info][gc,heap     ] GC(343) Old regions: 91->123
[180.857s][info][gc,heap     ] GC(343) Humongous regions: 3->3
[180.857s][info][gc,metaspace] GC(343) Metaspace: 41893K(42368K)->41893K(42368K) NonClass: 37557K(37824K)->37557K(37824K) Class: 4335K(4544K)->4335K(4544K)
[180.857s][info][gc          ] GC(343) Pause Young (Prepare Mixed) (G1 Evacuation Pause) 212M->140M(260M) 58.174ms
[180.857s][info][gc,cpu      ] GC(343) User=0.12s Sys=0.00s Real=0.06s
[181.249s][info][gc,start    ] GC(344) Pause Young (Mixed) (G1 Evacuation Pause)
[181.249s][info][gc,task     ] GC(344) Using 2 workers of 2 for evacuation
[181.303s][info][gc,phases   ] GC(344)   Pre Evacuate Collection Set: 0.68ms
[181.303s][info][gc,phases   ] GC(344)   Merge Heap Roots: 0.48ms
[181.303s][info][gc,phases   ] GC(344)   Evacuate Collection Set: 53.06ms
[181.303s][info][gc,phases   ] GC(344)   Post Evacuate Collection Set: 0.45ms
[181.304s][info][gc,phases   ] GC(344)   Other: 0.08ms
[181.304s][info][gc,heap     ] GC(344) Eden regions: 76->0(60)
[181.304s][info][gc,heap     ] GC(344) Survivor regions: 15->12(12)
[181.304s][info][gc,heap     ] GC(344) Old regions: 123->145
[181.304s][info][gc,heap     ] GC(344) Humongous regions: 5->3
[181.304s][info][gc,metaspace] GC(344) Metaspace: 41894K(42368K)->41894K(42368K) NonClass: 37558K(37824K)->37558K(37824K) Class: 4335K(4544K)->4335K(4544K)
[181.304s][info][gc          ] GC(344) Pause Young (Mixed) (G1 Evacuation Pause) 218M->159M(260M) 54.948ms
[181.304s][info][gc,cpu      ] GC(344) User=0.11s Sys=0.00s Real=0.06s
[181.565s][info][gc,start    ] GC(345) Pause Young (Concurrent Start) (G1 Evacuation Pause)
[181.565s][info][gc,task     ] GC(345) Using 2 workers of 2 for evacuation
[181.605s][info][gc,phases   ] GC(345)   Pre Evacuate Collection Set: 0.16ms
[181.605s][info][gc,phases   ] GC(345)   Merge Heap Roots: 0.19ms
[181.605s][info][gc,phases   ] GC(345)   Evacuate Collection Set: 39.30ms
[181.605s][info][gc,phases   ] GC(345)   Post Evacuate Collection Set: 0.51ms
[181.605s][info][gc,phases   ] GC(345)   Other: 0.12ms
[181.605s][info][gc,heap     ] GC(345) Eden regions: 60->0(52)
[181.605s][info][gc,heap     ] GC(345) Survivor regions: 12->9(9)
[181.605s][info][gc,heap     ] GC(345) Old regions: 145->161
[181.605s][info][gc,heap     ] GC(345) Humongous regions: 3->3
[181.605s][info][gc,metaspace] GC(345) Metaspace: 41894K(42368K)->41894K(42368K) NonClass: 37558K(37824K)->37558K(37824K) Class: 4335K(4544K)->4335K(4544K)
[181.605s][info][gc          ] GC(345) Pause Young (Concurrent Start) (G1 Evacuation Pause) 219M->172M(260M) 40.513ms
[181.605s][info][gc,cpu      ] GC(345) User=0.07s Sys=0.00s Real=0.04s
[181.605s][info][gc          ] GC(346) Concurrent Mark Cycle
[181.605s][info][gc,marking  ] GC(346) Concurrent Scan Root Regions
[181.645s][info][gc,marking  ] GC(346) Concurrent Scan Root Regions 40.135ms
[181.645s][info][gc,marking  ] GC(346) Concurrent Mark
[181.645s][info][gc,marking  ] GC(346) Concurrent Mark From Roots
[181.645s][info][gc,task     ] GC(346) Using 1 workers of 1 for marking
[181.783s][info][gc,marking  ] GC(346) Concurrent Mark From Roots 137.785ms
[181.783s][info][gc,marking  ] GC(346) Concurrent Preclean
[181.783s][info][gc,marking  ] GC(346) Concurrent Preclean 0.037ms
[181.783s][info][gc,start    ] GC(346) Pause Remark
[181.807s][info][gc          ] GC(346) Pause Remark 186M->186M(289M) 23.617ms
[181.807s][info][gc,cpu      ] GC(346) User=0.04s Sys=0.00s Real=0.02s
[181.807s][info][gc,marking  ] GC(346) Concurrent Mark 161.703ms
[181.807s][info][gc,marking  ] GC(346) Concurrent Rebuild Remembered Sets and Scrub Regions
[181.903s][info][gc,marking  ] GC(346) Concurrent Rebuild Remembered Sets and Scrub Regions 96.165ms
[181.903s][info][gc,start    ] GC(346) Pause Cleanup
[181.904s][info][gc          ] GC(346) Pause Cleanup 197M->197M(289M) 0.083ms
[181.904s][info][gc,cpu      ] GC(346) User=0.00s Sys=0.00s Real=0.00s
[181.904s][info][gc,marking  ] GC(346) Concurrent Clear Claimed Marks
[181.904s][info][gc,marking  ] GC(346) Concurrent Clear Claimed Marks 0.041ms
[181.904s][info][gc,marking  ] GC(346) Concurrent Cleanup for Next Mark
[181.905s][info][gc,marking  ] GC(346) Concurrent Cleanup for Next Mark 1.192ms
[181.905s][info][gc          ] GC(346) Concurrent Mark Cycle 299.640ms
[182.048s][info][gc,start    ] GC(347) Pause Young (Prepare Mixed) (G1 Evacuation Pause)
[182.048s][info][gc,task     ] GC(347) Using 2 workers of 2 for evacuation
[182.067s][info][gc,phases   ] GC(347)   Pre Evacuate Collection Set: 0.19ms
[182.067s][info][gc,phases   ] GC(347)   Merge Heap Roots: 0.15ms
[182.067s][info][gc,phases   ] GC(347)   Evacuate Collection Set: 18.28ms
[182.067s][info][gc,phases   ] GC(347)   Post Evacuate Collection Set: 0.39ms
[182.067s][info][gc,phases   ] GC(347)   Other: 0.10ms
[182.067s][info][gc,heap     ] GC(347) Eden regions: 52->0(69)
[182.067s][info][gc,heap     ] GC(347) Survivor regions: 9->7(8)
[182.067s][info][gc,heap     ] GC(347) Old regions: 161->169
[182.067s][info][gc,heap     ] GC(347) Humongous regions: 7->3
[182.067s][info][gc,metaspace] GC(347) Metaspace: 41894K(42368K)->41894K(42368K) NonClass: 37558K(37824K)->37558K(37824K) Class: 4335K(4544K)->4335K(4544K)
[182.068s][info][gc          ] GC(347) Pause Young (Prepare Mixed) (G1 Evacuation Pause) 228M->178M(289M) 19.310ms
[182.068s][info][gc,cpu      ] GC(347) User=0.04s Sys=0.00s Real=0.02s
[182.321s][info][gc,start    ] GC(348) Pause Young (Mixed) (G1 Evacuation Pause)
[182.321s][info][gc,task     ] GC(348) Using 2 workers of 2 for evacuation
[182.346s][info][gc,phases   ] GC(348)   Pre Evacuate Collection Set: 0.17ms
[182.346s][info][gc,phases   ] GC(348)   Merge Heap Roots: 0.22ms
[182.346s][info][gc,phases   ] GC(348)   Evacuate Collection Set: 23.38ms
[182.346s][info][gc,phases   ] GC(348)   Post Evacuate Collection Set: 1.38ms
[182.346s][info][gc,phases   ] GC(348)   Other: 0.08ms
[182.346s][info][gc,heap     ] GC(348) Eden regions: 69->0(171)
[182.346s][info][gc,heap     ] GC(348) Survivor regions: 7->10(10)
[182.346s][info][gc,heap     ] GC(348) Old regions: 169->149
[182.346s][info][gc,heap     ] GC(348) Humongous regions: 3->3
[182.346s][info][gc,metaspace] GC(348) Metaspace: 41894K(42368K)->41894K(42368K) NonClass: 37558K(37824K)->37558K(37824K) Class: 4335K(4544K)->4335K(4544K)
[182.347s][info][gc          ] GC(348) Pause Young (Mixed) (G1 Evacuation Pause) 247M->161M(427M) 25.452ms
[182.347s][info][gc,cpu      ] GC(348) User=0.05s Sys=0.00s Real=0.02s
[183.007s][info][gc,start    ] GC(349) Pause Young (Mixed) (G1 Evacuation Pause)
[183.007s][info][gc,task     ] GC(349) Using 2 workers of 2 for evacuation
[183.063s][info][gc,phases   ] GC(349)   Pre Evacuate Collection Set: 0.27ms
[183.063s][info][gc,phases   ] GC(349)   Merge Heap Roots: 0.78ms
[183.063s][info][gc,phases   ] GC(349)   Evacuate Collection Set: 54.37ms
[183.063s][info][gc,phases   ] GC(349)   Post Evacuate Collection Set: 0.65ms
[183.063s][info][gc,phases   ] GC(349)   Other: 0.08ms
[183.063s][info][gc,heap     ] GC(349) Eden regions: 171->0(164)
[183.063s][info][gc,heap     ] GC(349) Survivor regions: 10->23(23)
[183.063s][info][gc,heap     ] GC(349) Old regions: 149->138
[183.063s][info][gc,heap     ] GC(349) Humongous regions: 12->4
[183.063s][info][gc,metaspace] GC(349) Metaspace: 41900K(42368K)->41900K(42368K) NonClass: 37564K(37824K)->37564K(37824K) Class: 4335K(4544K)->4335K(4544K)
[183.063s][info][gc          ] GC(349) Pause Young (Mixed) (G1 Evacuation Pause) 341M->165M(427M) 56.362ms
[183.063s][info][gc,cpu      ] GC(349) User=0.11s Sys=0.00s Real=0.06s
[183.629s][info][gc,start    ] GC(350) Pause Young (Mixed) (G1 Evacuation Pause)
[183.630s][info][gc,task     ] GC(350) Using 2 workers of 2 for evacuation
[183.689s][info][gc,phases   ] GC(350)   Pre Evacuate Collection Set: 0.21ms
[183.689s][info][gc,phases   ] GC(350)   Merge Heap Roots: 0.73ms
[183.689s][info][gc,phases   ] GC(350)   Evacuate Collection Set: 57.76ms
[183.689s][info][gc,phases   ] GC(350)   Post Evacuate Collection Set: 0.54ms
[183.689s][info][gc,phases   ] GC(350)   Other: 0.08ms
[183.689s][info][gc,heap     ] GC(350) Eden regions: 164->0(156)
[183.689s][info][gc,heap     ] GC(350) Survivor regions: 23->24(24)
[183.689s][info][gc,heap     ] GC(350) Old regions: 138->152
[183.689s][info][gc,heap     ] GC(350) Humongous regions: 5->4
[183.689s][info][gc,metaspace] GC(350) Metaspace: 41900K(42368K)->41900K(42368K) NonClass: 37564K(37824K)->37564K(37824K) Class: 4335K(4544K)->4335K(4544K)
[183.689s][info][gc          ] GC(350) Pause Young (Mixed) (G1 Evacuation Pause) 330M->180M(427M) 59.517ms
[183.689s][info][gc,cpu      ] GC(350) User=0.12s Sys=0.00s Real=0.06s
[183.975s][info][gc,start    ] GC(351) Pause Young (Concurrent Start) (G1 Humongous Allocation)
[183.975s][info][gc,task     ] GC(351) Using 2 workers of 2 for evacuation
[184.007s][info][gc,phases   ] GC(351)   Pre Evacuate Collection Set: 0.27ms
[184.007s][info][gc,phases   ] GC(351)   Merge Heap Roots: 0.16ms
[184.007s][info][gc,phases   ] GC(351)   Evacuate Collection Set: 30.62ms
[184.007s][info][gc,phases   ] GC(351)   Post Evacuate Collection Set: 0.40ms
[184.007s][info][gc,phases   ] GC(351)   Other: 0.12ms
[184.007s][info][gc,heap     ] GC(351) Eden regions: 85->0(136)
[184.007s][info][gc,heap     ] GC(351) Survivor regions: 24->23(23)
[184.007s][info][gc,heap     ] GC(351) Old regions: 152->178
[184.007s][info][gc,heap     ] GC(351) Humongous regions: 4->4
[184.007s][info][gc,metaspace] GC(351) Metaspace: 41900K(42368K)->41900K(42368K) NonClass: 37564K(37824K)->37564K(37824K) Class: 4335K(4544K)->4335K(4544K)
[184.007s][info][gc          ] GC(351) Pause Young (Concurrent Start) (G1 Humongous Allocation) 264M->204M(427M) 31.777ms
[184.007s][info][gc,cpu      ] GC(351) User=0.06s Sys=0.00s Real=0.03s
[184.007s][info][gc          ] GC(352) Concurrent Mark Cycle
[184.007s][info][gc,marking  ] GC(352) Concurrent Scan Root Regions
[184.027s][info][gc,marking  ] GC(352) Concurrent Scan Root Regions 19.446ms
[184.027s][info][gc,marking  ] GC(352) Concurrent Mark
[184.027s][info][gc,marking  ] GC(352) Concurrent Mark From Roots
[184.027s][info][gc,task     ] GC(352) Using 1 workers of 1 for marking
[184.118s][info][gc,marking  ] GC(352) Concurrent Mark From Roots 91.240ms
[184.118s][info][gc,marking  ] GC(352) Concurrent Preclean
[184.118s][info][gc,marking  ] GC(352) Concurrent Preclean 0.046ms
[184.118s][info][gc,start    ] GC(352) Pause Remark
[184.134s][info][gc          ] GC(352) Pause Remark 231M->215M(427M) 15.594ms
[184.134s][info][gc,cpu      ] GC(352) User=0.03s Sys=0.00s Real=0.02s
[184.134s][info][gc,marking  ] GC(352) Concurrent Mark 107.285ms
[184.134s][info][gc,marking  ] GC(352) Concurrent Rebuild Remembered Sets and Scrub Regions
[184.184s][info][gc,marking  ] GC(352) Concurrent Rebuild Remembered Sets and Scrub Regions 50.098ms
[184.184s][info][gc,start    ] GC(352) Pause Cleanup
[184.184s][info][gc          ] GC(352) Pause Cleanup 230M->230M(427M) 0.072ms
[184.184s][info][gc,cpu      ] GC(352) User=0.00s Sys=0.00s Real=0.00s
[184.184s][info][gc,marking  ] GC(352) Concurrent Clear Claimed Marks
[184.184s][info][gc,marking  ] GC(352) Concurrent Clear Claimed Marks 0.040ms
[184.184s][info][gc,marking  ] GC(352) Concurrent Cleanup for Next Mark
[184.187s][info][gc,marking  ] GC(352) Concurrent Cleanup for Next Mark 2.643ms
[184.187s][info][gc          ] GC(352) Concurrent Mark Cycle 179.899ms
[184.505s][info][gc,start    ] GC(353) Pause Young (Prepare Mixed) (G1 Evacuation Pause)
[184.505s][info][gc,task     ] GC(353) Using 2 workers of 2 for evacuation
[184.541s][info][gc,phases   ] GC(353)   Pre Evacuate Collection Set: 0.21ms
[184.541s][info][gc,phases   ] GC(353)   Merge Heap Roots: 0.13ms
[184.541s][info][gc,phases   ] GC(353)   Evacuate Collection Set: 35.53ms
[184.541s][info][gc,phases   ] GC(353)   Post Evacuate Collection Set: 0.54ms
[184.541s][info][gc,phases   ] GC(353)   Other: 0.08ms
[184.541s][info][gc,heap     ] GC(353) Eden regions: 136->0(116)
[184.541s][info][gc,heap     ] GC(353) Survivor regions: 23->20(20)
[184.541s][info][gc,heap     ] GC(353) Old regions: 162->199
[184.541s][info][gc,heap     ] GC(353) Humongous regions: 6->5
[184.541s][info][gc,metaspace] GC(353) Metaspace: 41906K(42368K)->41906K(42368K) NonClass: 37570K(37824K)->37570K(37824K) Class: 4336K(4544K)->4336K(4544K)
[184.541s][info][gc          ] GC(353) Pause Young (Prepare Mixed) (G1 Evacuation Pause) 326M->224M(427M) 36.699ms
[184.541s][info][gc,cpu      ] GC(353) User=0.07s Sys=0.00s Real=0.04s
[184.951s][info][gc,start    ] GC(354) Pause Young (Mixed) (G1 Evacuation Pause)
[184.951s][info][gc,task     ] GC(354) Using 2 workers of 2 for evacuation
[185.010s][info][gc,phases   ] GC(354)   Pre Evacuate Collection Set: 0.23ms
[185.010s][info][gc,phases   ] GC(354)   Merge Heap Roots: 0.25ms
[185.010s][info][gc,phases   ] GC(354)   Evacuate Collection Set: 57.40ms
[185.010s][info][gc,phases   ] GC(354)   Post Evacuate Collection Set: 0.85ms
[185.010s][info][gc,phases   ] GC(354)   Other: 0.08ms
[185.010s][info][gc,heap     ] GC(354) Eden regions: 116->0(109)
[185.010s][info][gc,heap     ] GC(354) Survivor regions: 20->17(17)
[185.010s][info][gc,heap     ] GC(354) Old regions: 199->215
[185.010s][info][gc,heap     ] GC(354) Humongous regions: 5->5
[185.010s][info][gc,metaspace] GC(354) Metaspace: 41907K(42368K)->41907K(42368K) NonClass: 37571K(37824K)->37571K(37824K) Class: 4336K(4544K)->4336K(4544K)
[185.010s][info][gc          ] GC(354) Pause Young (Mixed) (G1 Evacuation Pause) 340M->237M(462M) 59.021ms
[185.010s][info][gc,cpu      ] GC(354) User=0.12s Sys=0.00s Real=0.05s
[185.495s][info][gc,start    ] GC(355) Pause Young (Mixed) (G1 Evacuation Pause)
[185.495s][info][gc,task     ] GC(355) Using 2 workers of 2 for evacuation
[185.551s][info][gc,phases   ] GC(355)   Pre Evacuate Collection Set: 0.30ms
[185.551s][info][gc,phases   ] GC(355)   Merge Heap Roots: 0.50ms
[185.551s][info][gc,phases   ] GC(355)   Evacuate Collection Set: 55.05ms
[185.551s][info][gc,phases   ] GC(355)   Post Evacuate Collection Set: 0.46ms
[185.551s][info][gc,phases   ] GC(355)   Other: 0.07ms
[185.551s][info][gc,heap     ] GC(355) Eden regions: 109->0(87)
[185.551s][info][gc,heap     ] GC(355) Survivor regions: 17->16(16)
[185.551s][info][gc,heap     ] GC(355) Old regions: 215->248
[185.551s][info][gc,heap     ] GC(355) Humongous regions: 6->6
[185.551s][info][gc,metaspace] GC(355) Metaspace: 41907K(42368K)->41907K(42368K) NonClass: 37571K(37824K)->37571K(37824K) Class: 4336K(4544K)->4336K(4544K)
[185.551s][info][gc          ] GC(355) Pause Young (Mixed) (G1 Evacuation Pause) 347M->270M(462M) 56.624ms
[185.551s][info][gc,cpu      ] GC(355) User=0.11s Sys=0.00s Real=0.06s
[185.844s][info][gc,start    ] GC(356) Pause Young (Concurrent Start) (G1 Evacuation Pause)
[185.844s][info][gc,task     ] GC(356) Using 2 workers of 2 for evacuation
[185.869s][info][gc,phases   ] GC(356)   Pre Evacuate Collection Set: 0.24ms
[185.869s][info][gc,phases   ] GC(356)   Merge Heap Roots: 0.21ms
[185.869s][info][gc,phases   ] GC(356)   Evacuate Collection Set: 24.19ms
[185.869s][info][gc,phases   ] GC(356)   Post Evacuate Collection Set: 0.37ms
[185.869s][info][gc,phases   ] GC(356)   Other: 0.09ms
[185.869s][info][gc,heap     ] GC(356) Eden regions: 87->0(85)
[185.869s][info][gc,heap     ] GC(356) Survivor regions: 16->13(13)
[185.869s][info][gc,heap     ] GC(356) Old regions: 248->267
[185.869s][info][gc,heap     ] GC(356) Humongous regions: 6->6
[185.869s][info][gc,metaspace] GC(356) Metaspace: 41907K(42368K)->41907K(42368K) NonClass: 37571K(37824K)->37571K(37824K) Class: 4336K(4544K)->4336K(4544K)
[185.869s][info][gc          ] GC(356) Pause Young (Concurrent Start) (G1 Evacuation Pause) 357M->285M(462M) 25.299ms
[185.869s][info][gc          ] GC(357) Concurrent Mark Cycle
[185.869s][info][gc,marking  ] GC(357) Concurrent Scan Root Regions
[185.871s][info][gc,cpu      ] GC(356) User=0.05s Sys=0.00s Real=0.03s
[185.882s][info][gc,marking  ] GC(357) Concurrent Scan Root Regions 13.089ms
[185.882s][info][gc,marking  ] GC(357) Concurrent Mark
[185.882s][info][gc,marking  ] GC(357) Concurrent Mark From Roots
[185.882s][info][gc,task     ] GC(357) Using 1 workers of 1 for marking
[186.003s][info][gc,marking  ] GC(357) Concurrent Mark From Roots 120.473ms
[186.003s][info][gc,marking  ] GC(357) Concurrent Preclean
[186.003s][info][gc,marking  ] GC(357) Concurrent Preclean 0.041ms
[186.003s][info][gc,start    ] GC(357) Pause Remark
[186.019s][info][gc          ] GC(357) Pause Remark 318M->252M(462M) 15.574ms
[186.019s][info][gc,cpu      ] GC(357) User=0.03s Sys=0.00s Real=0.01s
[186.019s][info][gc,marking  ] GC(357) Concurrent Mark 136.375ms
[186.019s][info][gc,marking  ] GC(357) Concurrent Rebuild Remembered Sets and Scrub Regions
[186.081s][info][gc,marking  ] GC(357) Concurrent Rebuild Remembered Sets and Scrub Regions 62.565ms
[186.081s][info][gc,start    ] GC(357) Pause Cleanup
[186.081s][info][gc          ] GC(357) Pause Cleanup 270M->270M(462M) 0.076ms
[186.081s][info][gc,cpu      ] GC(357) User=0.00s Sys=0.00s Real=0.00s
[186.081s][info][gc,marking  ] GC(357) Concurrent Clear Claimed Marks
[186.081s][info][gc,marking  ] GC(357) Concurrent Clear Claimed Marks 0.050ms
[186.081s][info][gc,marking  ] GC(357) Concurrent Cleanup for Next Mark
[186.083s][info][gc,marking  ] GC(357) Concurrent Cleanup for Next Mark 1.697ms
[186.083s][info][gc          ] GC(357) Concurrent Mark Cycle 214.083ms
[186.205s][info][gc,start    ] GC(358) Pause Young (Prepare Mixed) (G1 Evacuation Pause)
[186.205s][info][gc,task     ] GC(358) Using 2 workers of 2 for evacuation
[186.237s][info][gc,phases   ] GC(358)   Pre Evacuate Collection Set: 0.23ms
[186.237s][info][gc,phases   ] GC(358)   Merge Heap Roots: 0.08ms
[186.237s][info][gc,phases   ] GC(358)   Evacuate Collection Set: 31.39ms
[186.237s][info][gc,phases   ] GC(358)   Post Evacuate Collection Set: 0.40ms
[186.237s][info][gc,phases   ] GC(358)   Other: 0.07ms
[186.237s][info][gc,heap     ] GC(358) Eden regions: 85->0(94)
[186.237s][info][gc,heap     ] GC(358) Survivor regions: 13->13(13)
[186.237s][info][gc,heap     ] GC(358) Old regions: 203->242
[186.237s][info][gc,heap     ] GC(358) Humongous regions: 4->4
[186.237s][info][gc,metaspace] GC(358) Metaspace: 41907K(42368K)->41907K(42368K) NonClass: 37571K(37824K)->37571K(37824K) Class: 4336K(4544K)->4336K(4544K)
[186.237s][info][gc          ] GC(358) Pause Young (Prepare Mixed) (G1 Evacuation Pause) 304M->258M(462M) 32.396ms
[186.237s][info][gc,cpu      ] GC(358) User=0.06s Sys=0.00s Real=0.03s
[186.577s][info][gc,start    ] GC(359) Pause Young (Mixed) (G1 Evacuation Pause)
[186.577s][info][gc,task     ] GC(359) Using 2 workers of 2 for evacuation
[186.627s][info][gc,phases   ] GC(359)   Pre Evacuate Collection Set: 0.32ms
[186.627s][info][gc,phases   ] GC(359)   Merge Heap Roots: 0.29ms
[186.627s][info][gc,phases   ] GC(359)   Evacuate Collection Set: 48.93ms
[186.627s][info][gc,phases   ] GC(359)   Post Evacuate Collection Set: 0.49ms
[186.627s][info][gc,phases   ] GC(359)   Other: 0.09ms
[186.627s][info][gc,heap     ] GC(359) Eden regions: 94->0(83)
[186.627s][info][gc,heap     ] GC(359) Survivor regions: 13->14(14)
[186.627s][info][gc,heap     ] GC(359) Old regions: 242->251
[186.627s][info][gc,heap     ] GC(359) Humongous regions: 5->5
[186.627s][info][gc,metaspace] GC(359) Metaspace: 41907K(42368K)->41907K(42368K) NonClass: 37571K(37824K)->37571K(37824K) Class: 4336K(4544K)->4336K(4544K)
[186.627s][info][gc          ] GC(359) Pause Young (Mixed) (G1 Evacuation Pause) 353M->269M(462M) 50.376ms
[186.627s][info][gc,cpu      ] GC(359) User=0.10s Sys=0.00s Real=0.05s
[186.938s][info][gc,start    ] GC(360) Pause Young (Mixed) (G1 Evacuation Pause)
[186.938s][info][gc,task     ] GC(360) Using 2 workers of 2 for evacuation
[187.005s][info][gc,phases   ] GC(360)   Pre Evacuate Collection Set: 0.32ms
[187.005s][info][gc,phases   ] GC(360)   Merge Heap Roots: 0.56ms
[187.005s][info][gc,phases   ] GC(360)   Evacuate Collection Set: 64.75ms
[187.005s][info][gc,phases   ] GC(360)   Post Evacuate Collection Set: 1.10ms
[187.005s][info][gc,phases   ] GC(360)   Other: 0.08ms
[187.005s][info][gc,heap     ] GC(360) Eden regions: 83->0(110)
[187.005s][info][gc,heap     ] GC(360) Survivor regions: 14->13(13)
[187.005s][info][gc,heap     ] GC(360) Old regions: 251->281
[187.005s][info][gc,heap     ] GC(360) Humongous regions: 5->5
[187.005s][info][gc,metaspace] GC(360) Metaspace: 41907K(42368K)->41907K(42368K) NonClass: 37571K(37824K)->37571K(37824K) Class: 4336K(4544K)->4336K(4544K)
[187.005s][info][gc          ] GC(360) Pause Young (Mixed) (G1 Evacuation Pause) 352M->298M(554M) 67.008ms
[187.005s][info][gc,cpu      ] GC(360) User=0.13s Sys=0.01s Real=0.07s
[187.012s][info][gc,start    ] GC(361) Pause Young (Concurrent Start) (G1 Humongous Allocation)
[187.012s][info][gc,task     ] GC(361) Using 2 workers of 2 for evacuation
[187.025s][info][gc,phases   ] GC(361)   Pre Evacuate Collection Set: 0.24ms
[187.025s][info][gc,phases   ] GC(361)   Merge Heap Roots: 0.14ms
[187.025s][info][gc,phases   ] GC(361)   Evacuate Collection Set: 12.15ms
[187.025s][info][gc,phases   ] GC(361)   Post Evacuate Collection Set: 0.31ms
[187.025s][info][gc,phases   ] GC(361)   Other: 0.08ms
[187.025s][info][gc,heap     ] GC(361) Eden regions: 2->0(113)
[187.025s][info][gc,heap     ] GC(361) Survivor regions: 13->1(16)
[187.025s][info][gc,heap     ] GC(361) Old regions: 281->294
[187.025s][info][gc,heap     ] GC(361) Humongous regions: 5->5
[187.025s][info][gc,metaspace] GC(361) Metaspace: 41907K(42368K)->41907K(42368K) NonClass: 37571K(37824K)->37571K(37824K) Class: 4336K(4544K)->4336K(4544K)
[187.025s][info][gc          ] GC(361) Pause Young (Concurrent Start) (G1 Humongous Allocation) 300M->299M(554M) 13.068ms
[187.025s][info][gc,cpu      ] GC(361) User=0.03s Sys=0.00s Real=0.01s
[187.025s][info][gc          ] GC(362) Concurrent Mark Cycle
[187.025s][info][gc,marking  ] GC(362) Concurrent Scan Root Regions
[187.030s][info][gc,marking  ] GC(362) Concurrent Scan Root Regions 4.934ms
[187.030s][info][gc,marking  ] GC(362) Concurrent Mark
[187.030s][info][gc,marking  ] GC(362) Concurrent Mark From Roots
[187.030s][info][gc,task     ] GC(362) Using 1 workers of 1 for marking
[187.207s][info][gc,marking  ] GC(362) Concurrent Mark From Roots 177.111ms
[187.207s][info][gc,marking  ] GC(362) Concurrent Preclean
[187.207s][info][gc,marking  ] GC(362) Concurrent Preclean 0.046ms
[187.208s][info][gc,start    ] GC(362) Pause Remark
[187.223s][info][gc          ] GC(362) Pause Remark 336M->281M(554M) 15.459ms
[187.223s][info][gc,cpu      ] GC(362) User=0.03s Sys=0.00s Real=0.02s
[187.223s][info][gc,marking  ] GC(362) Concurrent Mark 193.599ms
[187.224s][info][gc,marking  ] GC(362) Concurrent Rebuild Remembered Sets and Scrub Regions
[187.309s][info][gc,marking  ] GC(362) Concurrent Rebuild Remembered Sets and Scrub Regions 85.264ms
[187.309s][info][gc,start    ] GC(362) Pause Cleanup
[187.309s][info][gc          ] GC(362) Pause Cleanup 296M->296M(554M) 0.078ms
[187.309s][info][gc,cpu      ] GC(362) User=0.00s Sys=0.00s Real=0.00s
[187.309s][info][gc,marking  ] GC(362) Concurrent Clear Claimed Marks
[187.309s][info][gc,marking  ] GC(362) Concurrent Clear Claimed Marks 0.042ms
[187.309s][info][gc,marking  ] GC(362) Concurrent Cleanup for Next Mark
[187.312s][info][gc,marking  ] GC(362) Concurrent Cleanup for Next Mark 2.618ms
[187.312s][info][gc          ] GC(362) Concurrent Mark Cycle 286.850ms
[187.571s][info][gc,start    ] GC(363) Pause Young (Prepare Mixed) (G1 Evacuation Pause)
[187.572s][info][gc,task     ] GC(363) Using 2 workers of 2 for evacuation
[187.626s][info][gc,phases   ] GC(363)   Pre Evacuate Collection Set: 0.22ms
[187.626s][info][gc,phases   ] GC(363)   Merge Heap Roots: 0.27ms
[187.626s][info][gc,phases   ] GC(363)   Evacuate Collection Set: 53.25ms
[187.626s][info][gc,phases   ] GC(363)   Post Evacuate Collection Set: 0.47ms
[187.626s][info][gc,phases   ] GC(363)   Other: 0.09ms
[187.626s][info][gc,heap     ] GC(363) Eden regions: 113->0(97)
[187.626s][info][gc,heap     ] GC(363) Survivor regions: 1->15(15)
[187.626s][info][gc,heap     ] GC(363) Old regions: 240->300
[187.626s][info][gc,heap     ] GC(363) Humongous regions: 5->5
[187.626s][info][gc,metaspace] GC(363) Metaspace: 41907K(42368K)->41907K(42368K) NonClass: 37571K(37824K)->37571K(37824K) Class: 4336K(4544K)->4336K(4544K)
[187.626s][info][gc          ] GC(363) Pause Young (Prepare Mixed) (G1 Evacuation Pause) 358M->320M(554M) 54.514ms
[187.626s][info][gc,cpu      ] GC(363) User=0.11s Sys=0.00s Real=0.05s
[188.011s][info][gc,start    ] GC(364) Pause Young (Mixed) (G1 Evacuation Pause)
[188.011s][info][gc,task     ] GC(364) Using 2 workers of 2 for evacuation
[188.071s][info][gc,phases   ] GC(364)   Pre Evacuate Collection Set: 0.30ms
[188.071s][info][gc,phases   ] GC(364)   Merge Heap Roots: 0.48ms
[188.071s][info][gc,phases   ] GC(364)   Evacuate Collection Set: 58.82ms
[188.071s][info][gc,phases   ] GC(364)   Post Evacuate Collection Set: 0.55ms
[188.071s][info][gc,phases   ] GC(364)   Other: 0.11ms
[188.072s][info][gc,heap     ] GC(364) Eden regions: 97->0(98)
[188.072s][info][gc,heap     ] GC(364) Survivor regions: 15->14(14)
[188.072s][info][gc,heap     ] GC(364) Old regions: 300->298
[188.072s][info][gc,heap     ] GC(364) Humongous regions: 6->6
[188.072s][info][gc,metaspace] GC(364) Metaspace: 41907K(42368K)->41907K(42368K) NonClass: 37571K(37824K)->37571K(37824K) Class: 4336K(4544K)->4336K(4544K)
[188.072s][info][gc          ] GC(364) Pause Young (Mixed) (G1 Evacuation Pause) 418M->318M(554M) 60.482ms
[188.072s][info][gc,cpu      ] GC(364) User=0.12s Sys=0.00s Real=0.06s
[188.429s][info][gc,start    ] GC(365) Pause Young (Mixed) (G1 Evacuation Pause)
[188.430s][info][gc,task     ] GC(365) Using 2 workers of 2 for evacuation
[188.465s][info][gc,phases   ] GC(365)   Pre Evacuate Collection Set: 0.32ms
[188.465s][info][gc,phases   ] GC(365)   Merge Heap Roots: 0.41ms
[188.465s][info][gc,phases   ] GC(365)   Evacuate Collection Set: 33.96ms
[188.465s][info][gc,phases   ] GC(365)   Post Evacuate Collection Set: 0.41ms
[188.465s][info][gc,phases   ] GC(365)   Other: 0.08ms
[188.465s][info][gc,heap     ] GC(365) Eden regions: 98->0(100)
[188.465s][info][gc,heap     ] GC(365) Survivor regions: 14->14(14)
[188.465s][info][gc,heap     ] GC(365) Old regions: 298->311
[188.465s][info][gc,heap     ] GC(365) Humongous regions: 7->6
[188.465s][info][gc,metaspace] GC(365) Metaspace: 41907K(42368K)->41907K(42368K) NonClass: 37571K(37824K)->37571K(37824K) Class: 4336K(4544K)->4336K(4544K)
[188.465s][info][gc          ] GC(365) Pause Young (Mixed) (G1 Evacuation Pause) 417M->330M(554M) 35.416ms
[188.465s][info][gc,cpu      ] GC(365) User=0.07s Sys=0.00s Real=0.04s
[188.817s][info][gc,start    ] GC(366) Pause Young (Concurrent Start) (G1 Evacuation Pause)
[188.817s][info][gc,task     ] GC(366) Using 2 workers of 2 for evacuation
[188.828s][info][gc,phases   ] GC(366)   Pre Evacuate Collection Set: 0.25ms
[188.828s][info][gc,phases   ] GC(366)   Merge Heap Roots: 0.10ms
[188.828s][info][gc,phases   ] GC(366)   Evacuate Collection Set: 10.14ms
[188.828s][info][gc,phases   ] GC(366)   Post Evacuate Collection Set: 0.92ms
[188.828s][info][gc,phases   ] GC(366)   Other: 0.11ms
[188.829s][info][gc,heap     ] GC(366) Eden regions: 100->0(146)
[188.829s][info][gc,heap     ] GC(366) Survivor regions: 14->3(15)
[188.829s][info][gc,heap     ] GC(366) Old regions: 311->325
[188.829s][info][gc,heap     ] GC(366) Humongous regions: 6->6
[188.829s][info][gc,metaspace] GC(366) Metaspace: 41909K(42368K)->41909K(42368K) NonClass: 37573K(37824K)->37573K(37824K) Class: 4336K(4544K)->4336K(4544K)
[188.829s][info][gc          ] GC(366) Pause Young (Concurrent Start) (G1 Evacuation Pause) 430M->333M(627M) 11.712ms
[188.829s][info][gc,cpu      ] GC(366) User=0.02s Sys=0.00s Real=0.01s
[188.829s][info][gc          ] GC(367) Concurrent Mark Cycle
[188.829s][info][gc,marking  ] GC(367) Concurrent Scan Root Regions
[188.835s][info][gc,marking  ] GC(367) Concurrent Scan Root Regions 6.158ms
[188.835s][info][gc,marking  ] GC(367) Concurrent Mark
[188.835s][info][gc,marking  ] GC(367) Concurrent Mark From Roots
[188.835s][info][gc,task     ] GC(367) Using 1 workers of 1 for marking
[188.927s][info][gc,marking  ] GC(367) Concurrent Mark From Roots 92.129ms
[188.927s][info][gc,marking  ] GC(367) Concurrent Preclean
[188.927s][info][gc,marking  ] GC(367) Concurrent Preclean 0.044ms
[188.927s][info][gc,start    ] GC(367) Pause Remark
[188.943s][info][gc          ] GC(367) Pause Remark 357M->227M(627M) 15.480ms
[188.943s][info][gc,cpu      ] GC(367) User=0.03s Sys=0.01s Real=0.02s
[188.943s][info][gc,marking  ] GC(367) Concurrent Mark 107.969ms
[188.943s][info][gc,marking  ] GC(367) Concurrent Rebuild Remembered Sets and Scrub Regions
[188.987s][info][gc,marking  ] GC(367) Concurrent Rebuild Remembered Sets and Scrub Regions 43.694ms
[188.987s][info][gc,start    ] GC(367) Pause Cleanup
[188.987s][info][gc          ] GC(367) Pause Cleanup 235M->235M(627M) 0.094ms
[188.987s][info][gc,cpu      ] GC(367) User=0.00s Sys=0.00s Real=0.00s
[188.987s][info][gc,marking  ] GC(367) Concurrent Clear Claimed Marks
[188.987s][info][gc,marking  ] GC(367) Concurrent Clear Claimed Marks 0.040ms
[188.987s][info][gc,marking  ] GC(367) Concurrent Cleanup for Next Mark
[188.991s][info][gc,marking  ] GC(367) Concurrent Cleanup for Next Mark 4.453ms
[188.991s][info][gc          ] GC(367) Concurrent Mark Cycle 162.874ms
[189.464s][info][gc,start    ] GC(368) Pause Young (Prepare Mixed) (G1 Evacuation Pause)
[189.464s][info][gc,task     ] GC(368) Using 2 workers of 2 for evacuation
[189.468s][info][gc,phases   ] GC(368)   Pre Evacuate Collection Set: 0.24ms
[189.468s][info][gc,phases   ] GC(368)   Merge Heap Roots: 0.11ms
[189.468s][info][gc,phases   ] GC(368)   Evacuate Collection Set: 3.45ms
[189.468s][info][gc,phases   ] GC(368)   Post Evacuate Collection Set: 0.39ms
[189.468s][info][gc,phases   ] GC(368)   Other: 0.08ms
[189.468s][info][gc,heap     ] GC(368) Eden regions: 146->0(232)
[189.468s][info][gc,heap     ] GC(368) Survivor regions: 3->5(19)
[189.468s][info][gc,heap     ] GC(368) Old regions: 198->198
[189.468s][info][gc,heap     ] GC(368) Humongous regions: 4->3
[189.468s][info][gc,metaspace] GC(368) Metaspace: 41910K(42368K)->41910K(42368K) NonClass: 37574K(37824K)->37574K(37824K) Class: 4336K(4544K)->4336K(4544K)
[189.468s][info][gc          ] GC(368) Pause Young (Prepare Mixed) (G1 Evacuation Pause) 350M->205M(627M) 4.493ms
[189.468s][info][gc,cpu      ] GC(368) User=0.01s Sys=0.00s Real=0.00s
[190.344s][info][gc,start    ] GC(369) Pause Young (Mixed) (G1 Evacuation Pause)
[190.344s][info][gc,task     ] GC(369) Using 2 workers of 2 for evacuation
[190.352s][info][gc,phases   ] GC(369)   Pre Evacuate Collection Set: 0.27ms
[190.352s][info][gc,phases   ] GC(369)   Merge Heap Roots: 0.12ms
[190.352s][info][gc,phases   ] GC(369)   Evacuate Collection Set: 6.17ms
[190.352s][info][gc,phases   ] GC(369)   Post Evacuate Collection Set: 0.54ms
[190.352s][info][gc,phases   ] GC(369)   Other: 0.08ms
[190.352s][info][gc,heap     ] GC(369) Eden regions: 232->0(285)
[190.352s][info][gc,heap     ] GC(369) Survivor regions: 5->8(30)
[190.352s][info][gc,heap     ] GC(369) Old regions: 198->135
[190.352s][info][gc,heap     ] GC(369) Humongous regions: 4->3
[190.352s][info][gc,metaspace] GC(369) Metaspace: 41910K(42368K)->41910K(42368K) NonClass: 37574K(37824K)->37574K(37824K) Class: 4336K(4544K)->4336K(4544K)
[190.352s][info][gc          ] GC(369) Pause Young (Mixed) (G1 Evacuation Pause) 438M->145M(627M) 7.402ms
[190.352s][info][gc,cpu      ] GC(369) User=0.01s Sys=0.00s Real=0.01s
[191.371s][info][gc,start    ] GC(370) Pause Young (Mixed) (G1 Evacuation Pause)
[191.371s][info][gc,task     ] GC(370) Using 2 workers of 2 for evacuation
[191.395s][info][gc,phases   ] GC(370)   Pre Evacuate Collection Set: 0.32ms
[191.395s][info][gc,phases   ] GC(370)   Merge Heap Roots: 0.28ms
[191.395s][info][gc,phases   ] GC(370)   Evacuate Collection Set: 22.68ms
[191.395s][info][gc,phases   ] GC(370)   Post Evacuate Collection Set: 0.62ms
[191.395s][info][gc,phases   ] GC(370)   Other: 0.10ms
[191.395s][info][gc,heap     ] GC(370) Eden regions: 285->0(300)
[191.395s][info][gc,heap     ] GC(370) Survivor regions: 8->20(37)
[191.395s][info][gc,heap     ] GC(370) Old regions: 135->106
[191.395s][info][gc,heap     ] GC(370) Humongous regions: 7->3
[191.395s][info][gc,metaspace] GC(370) Metaspace: 41910K(42368K)->41910K(42368K) NonClass: 37574K(37824K)->37574K(37824K) Class: 4336K(4544K)->4336K(4544K)
[191.395s][info][gc          ] GC(370) Pause Young (Mixed) (G1 Evacuation Pause) 434M->128M(627M) 24.196ms
[191.395s][info][gc,cpu      ] GC(370) User=0.05s Sys=0.00s Real=0.02s
[191.653s][info][gc,start    ] GC(371) Pause Young (Concurrent Start) (G1 Humongous Allocation)
[191.653s][info][gc,task     ] GC(371) Using 2 workers of 2 for evacuation
[191.672s][info][gc,phases   ] GC(371)   Pre Evacuate Collection Set: 0.25ms
[191.672s][info][gc,phases   ] GC(371)   Merge Heap Roots: 0.08ms
[191.672s][info][gc,phases   ] GC(371)   Evacuate Collection Set: 18.19ms
[191.672s][info][gc,phases   ] GC(371)   Post Evacuate Collection Set: 0.41ms
[191.672s][info][gc,phases   ] GC(371)   Other: 0.10ms
[191.672s][info][gc,heap     ] GC(371) Eden regions: 72->0(312)
[191.672s][info][gc,heap     ] GC(371) Survivor regions: 20->28(40)
[191.672s][info][gc,heap     ] GC(371) Old regions: 106->106
[191.672s][info][gc,heap     ] GC(371) Humongous regions: 3->3
[191.672s][info][gc,metaspace] GC(371) Metaspace: 41910K(42368K)->41910K(42368K) NonClass: 37574K(37824K)->37574K(37824K) Class: 4336K(4544K)->4336K(4544K)
[191.672s][info][gc          ] GC(371) Pause Young (Concurrent Start) (G1 Humongous Allocation) 200M->136M(627M) 19.250ms
[191.672s][info][gc,cpu      ] GC(371) User=0.04s Sys=0.00s Real=0.02s
[191.672s][info][gc          ] GC(372) Concurrent Mark Cycle
[191.673s][info][gc,marking  ] GC(372) Concurrent Scan Root Regions
[191.685s][info][gc,marking  ] GC(372) Concurrent Scan Root Regions 12.500ms
[191.685s][info][gc,marking  ] GC(372) Concurrent Mark
[191.685s][info][gc,marking  ] GC(372) Concurrent Mark From Roots
[191.685s][info][gc,task     ] GC(372) Using 1 workers of 1 for marking
[191.767s][info][gc,marking  ] GC(372) Concurrent Mark From Roots 82.251ms
[191.767s][info][gc,marking  ] GC(372) Concurrent Preclean
[191.767s][info][gc,marking  ] GC(372) Concurrent Preclean 0.052ms
[191.768s][info][gc,start    ] GC(372) Pause Remark
[191.785s][info][gc          ] GC(372) Pause Remark 158M->145M(417M) 17.227ms
[191.785s][info][gc,cpu      ] GC(372) User=0.03s Sys=0.00s Real=0.02s
[191.785s][info][gc,marking  ] GC(372) Concurrent Mark 99.844ms
[191.785s][info][gc,marking  ] GC(372) Concurrent Rebuild Remembered Sets and Scrub Regions
[191.818s][info][gc,marking  ] GC(372) Concurrent Rebuild Remembered Sets and Scrub Regions 32.736ms
[191.818s][info][gc,start    ] GC(372) Pause Cleanup
[191.818s][info][gc          ] GC(372) Pause Cleanup 154M->154M(417M) 0.051ms
[191.818s][info][gc,cpu      ] GC(372) User=0.00s Sys=0.00s Real=0.00s
[191.818s][info][gc,marking  ] GC(372) Concurrent Clear Claimed Marks
[191.818s][info][gc,marking  ] GC(372) Concurrent Clear Claimed Marks 0.038ms
[191.818s][info][gc,marking  ] GC(372) Concurrent Cleanup for Next Mark
[191.819s][info][gc,marking  ] GC(372) Concurrent Cleanup for Next Mark 1.195ms
[191.819s][info][gc          ] GC(372) Concurrent Mark Cycle 146.757ms
[192.448s][info][gc,start    ] GC(373) Pause Young (Prepare Mixed) (G1 Evacuation Pause)
[192.448s][info][gc,task     ] GC(373) Using 2 workers of 2 for evacuation
[192.466s][info][gc,phases   ] GC(373)   Pre Evacuate Collection Set: 0.28ms
[192.466s][info][gc,phases   ] GC(373)   Merge Heap Roots: 0.14ms
[192.466s][info][gc,phases   ] GC(373)   Evacuate Collection Set: 16.62ms
[192.466s][info][gc,phases   ] GC(373)   Post Evacuate Collection Set: 0.58ms
[192.466s][info][gc,phases   ] GC(373)   Other: 0.07ms
[192.466s][info][gc,heap     ] GC(373) Eden regions: 222->0(197)
[192.466s][info][gc,heap     ] GC(373) Survivor regions: 28->20(32)
[192.466s][info][gc,heap     ] GC(373) Old regions: 93->95
[192.466s][info][gc,heap     ] GC(373) Humongous regions: 7->3
[192.466s][info][gc,metaspace] GC(373) Metaspace: 41912K(42368K)->41912K(42368K) NonClass: 37576K(37824K)->37576K(37824K) Class: 4336K(4544K)->4336K(4544K)
[192.466s][info][gc          ] GC(373) Pause Young (Prepare Mixed) (G1 Evacuation Pause) 349M->117M(417M) 17.883ms
[192.466s][info][gc,cpu      ] GC(373) User=0.03s Sys=0.00s Real=0.02s
[193.093s][info][gc,start    ] GC(374) Pause Young (Mixed) (G1 Evacuation Pause)
[193.094s][info][gc,task     ] GC(374) Using 2 workers of 2 for evacuation
[193.106s][info][gc,phases   ] GC(374)   Pre Evacuate Collection Set: 0.19ms
[193.106s][info][gc,phases   ] GC(374)   Merge Heap Roots: 0.11ms
[193.106s][info][gc,phases   ] GC(374)   Evacuate Collection Set: 11.30ms
[193.106s][info][gc,phases   ] GC(374)   Post Evacuate Collection Set: 0.48ms
[193.106s][info][gc,phases   ] GC(374)   Other: 0.07ms
[193.106s][info][gc,heap     ] GC(374) Eden regions: 197->0(219)
[193.106s][info][gc,heap     ] GC(374) Survivor regions: 20->2(28)
[193.106s][info][gc,heap     ] GC(374) Old regions: 95->105
[193.106s][info][gc,heap     ] GC(374) Humongous regions: 3->3
[193.106s][info][gc,metaspace] GC(374) Metaspace: 41912K(42368K)->41912K(42368K) NonClass: 37576K(37824K)->37576K(37824K) Class: 4336K(4544K)->4336K(4544K)
[193.106s][info][gc          ] GC(374) Pause Young (Mixed) (G1 Evacuation Pause) 314M->108M(417M) 12.353ms
[193.106s][info][gc,cpu      ] GC(374) User=0.03s Sys=0.00s Real=0.01s
[193.271s][info][gc,start    ] GC(375) Pause Young (Concurrent Start) (G1 Humongous Allocation)
[193.272s][info][gc,task     ] GC(375) Using 2 workers of 2 for evacuation
[193.273s][info][gc,phases   ] GC(375)   Pre Evacuate Collection Set: 0.21ms
[193.273s][info][gc,phases   ] GC(375)   Merge Heap Roots: 0.03ms
[193.273s][info][gc,phases   ] GC(375)   Evacuate Collection Set: 1.12ms
[193.273s][info][gc,phases   ] GC(375)   Post Evacuate Collection Set: 0.30ms
[193.273s][info][gc,phases   ] GC(375)   Other: 0.08ms
[193.273s][info][gc,heap     ] GC(375) Eden regions: 52->0(234)
[193.273s][info][gc,heap     ] GC(375) Survivor regions: 2->1(28)
[193.273s][info][gc,heap     ] GC(375) Old regions: 105->105
[193.273s][info][gc,heap     ] GC(375) Humongous regions: 3->3
[193.273s][info][gc,metaspace] GC(375) Metaspace: 41912K(42368K)->41912K(42368K) NonClass: 37576K(37824K)->37576K(37824K) Class: 4336K(4544K)->4336K(4544K)
[193.273s][info][gc          ] GC(375) Pause Young (Concurrent Start) (G1 Humongous Allocation) 160M->108M(417M) 1.922ms
[193.273s][info][gc,cpu      ] GC(375) User=0.01s Sys=0.00s Real=0.00s
[193.273s][info][gc          ] GC(376) Concurrent Mark Cycle
[193.273s][info][gc,marking  ] GC(376) Concurrent Scan Root Regions
[193.274s][info][gc,marking  ] GC(376) Concurrent Scan Root Regions 0.628ms
[193.274s][info][gc,marking  ] GC(376) Concurrent Mark
[193.274s][info][gc,marking  ] GC(376) Concurrent Mark From Roots
[193.274s][info][gc,task     ] GC(376) Using 1 workers of 1 for marking
[193.353s][info][gc,marking  ] GC(376) Concurrent Mark From Roots 78.630ms
[193.353s][info][gc,marking  ] GC(376) Concurrent Preclean
[193.353s][info][gc,marking  ] GC(376) Concurrent Preclean 0.041ms
[193.353s][info][gc,start    ] GC(376) Pause Remark
[193.369s][info][gc          ] GC(376) Pause Remark 132M->103M(270M) 15.494ms
[193.369s][info][gc,cpu      ] GC(376) User=0.03s Sys=0.00s Real=0.01s
[193.369s][info][gc,marking  ] GC(376) Concurrent Mark 94.456ms
[193.369s][info][gc,marking  ] GC(376) Concurrent Rebuild Remembered Sets and Scrub Regions
[193.409s][info][gc,marking  ] GC(376) Concurrent Rebuild Remembered Sets and Scrub Regions 40.501ms
[193.409s][info][gc,start    ] GC(376) Pause Cleanup
[193.409s][info][gc          ] GC(376) Pause Cleanup 115M->115M(270M) 0.042ms
[193.409s][info][gc,cpu      ] GC(376) User=0.00s Sys=0.00s Real=0.00s
[193.409s][info][gc,marking  ] GC(376) Concurrent Clear Claimed Marks
[193.409s][info][gc,marking  ] GC(376) Concurrent Clear Claimed Marks 0.041ms
[193.409s][info][gc,marking  ] GC(376) Concurrent Cleanup for Next Mark
[193.410s][info][gc,marking  ] GC(376) Concurrent Cleanup for Next Mark 0.778ms
[193.410s][info][gc          ] GC(376) Concurrent Mark Cycle 136.637ms
[193.816s][info][gc,start    ] GC(377) Pause Young (Prepare Mixed) (G1 Evacuation Pause)
[193.816s][info][gc,task     ] GC(377) Using 2 workers of 2 for evacuation
[193.822s][info][gc,phases   ] GC(377)   Pre Evacuate Collection Set: 0.15ms
[193.822s][info][gc,phases   ] GC(377)   Merge Heap Roots: 0.08ms
[193.822s][info][gc,phases   ] GC(377)   Evacuate Collection Set: 5.30ms
[193.822s][info][gc,phases   ] GC(377)   Post Evacuate Collection Set: 0.42ms
[193.822s][info][gc,phases   ] GC(377)   Other: 0.06ms
[193.822s][info][gc,heap     ] GC(377) Eden regions: 161->0(142)
[193.822s][info][gc,heap     ] GC(377) Survivor regions: 1->6(21)
[193.822s][info][gc,heap     ] GC(377) Old regions: 76->76
[193.822s][info][gc,heap     ] GC(377) Humongous regions: 4->1
[193.822s][info][gc,metaspace] GC(377) Metaspace: 41912K(42368K)->41912K(42368K) NonClass: 37576K(37824K)->37576K(37824K) Class: 4336K(4544K)->4336K(4544K)
[193.822s][info][gc          ] GC(377) Pause Young (Prepare Mixed) (G1 Evacuation Pause) 241M->82M(270M) 6.194ms
[193.822s][info][gc,cpu      ] GC(377) User=0.01s Sys=0.00s Real=0.01s
[194.086s][info][gc,start    ] GC(378) Pause Young (Mixed) (G1 Evacuation Pause)
[194.086s][info][gc,task     ] GC(378) Using 2 workers of 2 for evacuation
[194.101s][info][gc,phases   ] GC(378)   Pre Evacuate Collection Set: 0.15ms
[194.101s][info][gc,phases   ] GC(378)   Merge Heap Roots: 0.30ms
[194.101s][info][gc,phases   ] GC(378)   Evacuate Collection Set: 13.41ms
[194.101s][info][gc,phases   ] GC(378)   Post Evacuate Collection Set: 0.42ms
[194.101s][info][gc,phases   ] GC(378)   Other: 0.07ms
[194.101s][info][gc,heap     ] GC(378) Eden regions: 142->0(158)
[194.101s][info][gc,heap     ] GC(378) Survivor regions: 6->3(19)
[194.101s][info][gc,heap     ] GC(378) Old regions: 76->69
[194.101s][info][gc,heap     ] GC(378) Humongous regions: 1->1
[194.101s][info][gc,metaspace] GC(378) Metaspace: 41915K(42368K)->41915K(42368K) NonClass: 37579K(37824K)->37579K(37824K) Class: 4336K(4544K)->4336K(4544K)
[194.101s][info][gc          ] GC(378) Pause Young (Mixed) (G1 Evacuation Pause) 224M->72M(270M) 14.540ms
[194.101s][info][gc,cpu      ] GC(378) User=0.03s Sys=0.00s Real=0.02s
[194.382s][info][gc,start    ] GC(379) Pause Young (Concurrent Start) (G1 Evacuation Pause)
[194.382s][info][gc,task     ] GC(379) Using 2 workers of 2 for evacuation
[194.386s][info][gc,phases   ] GC(379)   Pre Evacuate Collection Set: 0.16ms
[194.386s][info][gc,phases   ] GC(379)   Merge Heap Roots: 0.05ms
[194.386s][info][gc,phases   ] GC(379)   Evacuate Collection Set: 2.92ms
[194.386s][info][gc,phases   ] GC(379)   Post Evacuate Collection Set: 0.43ms
[194.386s][info][gc,phases   ] GC(379)   Other: 0.11ms
[194.386s][info][gc,heap     ] GC(379) Eden regions: 158->0(157)
[194.386s][info][gc,heap     ] GC(379) Survivor regions: 3->5(21)
[194.386s][info][gc,heap     ] GC(379) Old regions: 69->69
[194.386s][info][gc,heap     ] GC(379) Humongous regions: 1->1
[194.386s][info][gc,metaspace] GC(379) Metaspace: 41915K(42368K)->41915K(42368K) NonClass: 37579K(37824K)->37579K(37824K) Class: 4336K(4544K)->4336K(4544K)
[194.386s][info][gc          ] GC(379) Pause Young (Concurrent Start) (G1 Evacuation Pause) 230M->73M(270M) 3.858ms
[194.386s][info][gc          ] GC(380) Concurrent Mark Cycle
[194.386s][info][gc,marking  ] GC(380) Concurrent Scan Root Regions
[194.386s][info][gc,cpu      ] GC(379) User=0.01s Sys=0.00s Real=0.00s
[194.390s][info][gc,marking  ] GC(380) Concurrent Scan Root Regions 4.195ms
[194.390s][info][gc,marking  ] GC(380) Concurrent Mark
[194.390s][info][gc,marking  ] GC(380) Concurrent Mark From Roots
[194.390s][info][gc,task     ] GC(380) Using 1 workers of 1 for marking
[194.480s][info][gc,marking  ] GC(380) Concurrent Mark From Roots 89.782ms
[194.480s][info][gc,marking  ] GC(380) Concurrent Preclean
[194.480s][info][gc,marking  ] GC(380) Concurrent Preclean 0.036ms
[194.480s][info][gc,start    ] GC(380) Pause Remark
[194.495s][info][gc          ] GC(380) Pause Remark 113M->111M(256M) 15.187ms
[194.495s][info][gc,cpu      ] GC(380) User=0.03s Sys=0.00s Real=0.02s
[194.495s][info][gc,marking  ] GC(380) Concurrent Mark 105.299ms
[194.495s][info][gc,marking  ] GC(380) Concurrent Rebuild Remembered Sets and Scrub Regions
[194.528s][info][gc,marking  ] GC(380) Concurrent Rebuild Remembered Sets and Scrub Regions 32.206ms
[194.528s][info][gc,start    ] GC(380) Pause Cleanup
[194.528s][info][gc          ] GC(380) Pause Cleanup 129M->129M(256M) 0.047ms
[194.528s][info][gc,cpu      ] GC(380) User=0.00s Sys=0.00s Real=0.00s
[194.528s][info][gc,marking  ] GC(380) Concurrent Clear Claimed Marks
[194.528s][info][gc,marking  ] GC(380) Concurrent Clear Claimed Marks 0.040ms
[194.528s][info][gc,marking  ] GC(380) Concurrent Cleanup for Next Mark
[194.529s][info][gc,marking  ] GC(380) Concurrent Cleanup for Next Mark 0.747ms
[194.529s][info][gc          ] GC(380) Concurrent Mark Cycle 142.813ms
[194.939s][info][gc,start    ] GC(381) Pause Young (Prepare Mixed) (G1 Evacuation Pause)
[194.939s][info][gc,task     ] GC(381) Using 2 workers of 2 for evacuation
[194.950s][info][gc,phases   ] GC(381)   Pre Evacuate Collection Set: 0.21ms
[194.950s][info][gc,phases   ] GC(381)   Merge Heap Roots: 0.08ms
[194.950s][info][gc,phases   ] GC(381)   Evacuate Collection Set: 9.24ms
[194.950s][info][gc,phases   ] GC(381)   Post Evacuate Collection Set: 0.78ms
[194.950s][info][gc,phases   ] GC(381)   Other: 0.08ms
[194.950s][info][gc,heap     ] GC(381) Eden regions: 151->0(190)
[194.950s][info][gc,heap     ] GC(381) Survivor regions: 5->7(21)
[194.950s][info][gc,heap     ] GC(381) Old regions: 67->67
[194.950s][info][gc,heap     ] GC(381) Humongous regions: 99->3
[194.950s][info][gc,metaspace] GC(381) Metaspace: 41945K(42432K)->41945K(42432K) NonClass: 37607K(37888K)->37607K(37888K) Class: 4337K(4544K)->4337K(4544K)
[194.950s][info][gc          ] GC(381) Pause Young (Prepare Mixed) (G1 Evacuation Pause) 320M->76M(329M) 10.605ms
[194.950s][info][gc,cpu      ] GC(381) User=0.01s Sys=0.01s Real=0.01s
[195.400s][info][gc,start    ] GC(382) Pause Young (Mixed) (G1 Evacuation Pause)
[195.400s][info][gc,task     ] GC(382) Using 2 workers of 2 for evacuation
[195.423s][info][gc,phases   ] GC(382)   Pre Evacuate Collection Set: 0.21ms
[195.423s][info][gc,phases   ] GC(382)   Merge Heap Roots: 0.18ms
[195.423s][info][gc,phases   ] GC(382)   Evacuate Collection Set: 21.14ms
[195.423s][info][gc,phases   ] GC(382)   Post Evacuate Collection Set: 0.83ms
[195.423s][info][gc,phases   ] GC(382)   Other: 0.06ms
[195.423s][info][gc,heap     ] GC(382) Eden regions: 44->0(243)
[195.423s][info][gc,heap     ] GC(382) Survivor regions: 7->10(28)
[195.423s][info][gc,heap     ] GC(382) Old regions: 67->55
[195.423s][info][gc,heap     ] GC(382) Humongous regions: 289->3
[195.423s][info][gc,metaspace] GC(382) Metaspace: 41945K(42432K)->41945K(42432K) NonClass: 37607K(37888K)->37607K(37888K) Class: 4337K(4544K)->4337K(4544K)
[195.423s][info][gc          ] GC(382) Pause Young (Mixed) (G1 Evacuation Pause) 405M->66M(422M) 22.658ms
[195.423s][info][gc,cpu      ] GC(382) User=0.04s Sys=0.01s Real=0.02s
[195.425s][info][gc,start    ] GC(383) Pause Young (Concurrent Start) (G1 Humongous Allocation)
[195.425s][info][gc,task     ] GC(383) Using 2 workers of 2 for evacuation
[195.433s][info][gc,phases   ] GC(383)   Pre Evacuate Collection Set: 0.18ms
[195.433s][info][gc,phases   ] GC(383)   Merge Heap Roots: 0.04ms
[195.433s][info][gc,phases   ] GC(383)   Evacuate Collection Set: 7.32ms
[195.433s][info][gc,phases   ] GC(383)   Post Evacuate Collection Set: 0.48ms
[195.433s][info][gc,phases   ] GC(383)   Other: 0.08ms
[195.433s][info][gc,heap     ] GC(383) Eden regions: 1->0(243)
[195.433s][info][gc,heap     ] GC(383) Survivor regions: 10->10(32)
[195.433s][info][gc,heap     ] GC(383) Old regions: 55->55
[195.433s][info][gc,heap     ] GC(383) Humongous regions: 3->1
[195.433s][info][gc,metaspace] GC(383) Metaspace: 41945K(42432K)->41945K(42432K) NonClass: 37607K(37888K)->37607K(37888K) Class: 4337K(4544K)->4337K(4544K)
[195.433s][info][gc          ] GC(383) Pause Young (Concurrent Start) (G1 Humongous Allocation) 66M->64M(422M) 8.248ms
[195.433s][info][gc          ] GC(384) Concurrent Mark Cycle
[195.433s][info][gc,marking  ] GC(384) Concurrent Scan Root Regions
[195.435s][info][gc,cpu      ] GC(383) User=0.02s Sys=0.00s Real=0.01s
[195.439s][info][gc,marking  ] GC(384) Concurrent Scan Root Regions 5.586ms
[195.439s][info][gc,marking  ] GC(384) Concurrent Mark
[195.439s][info][gc,marking  ] GC(384) Concurrent Mark From Roots
[195.439s][info][gc,task     ] GC(384) Using 1 workers of 1 for marking
[195.509s][info][gc,marking  ] GC(384) Concurrent Mark From Roots 70.324ms
[195.509s][info][gc,marking  ] GC(384) Concurrent Preclean
[195.509s][info][gc,marking  ] GC(384) Concurrent Preclean 0.043ms
[195.509s][info][gc,start    ] GC(384) Pause Remark
[195.525s][info][gc          ] GC(384) Pause Remark 120M->120M(380M) 15.661ms
[195.525s][info][gc,cpu      ] GC(384) User=0.03s Sys=0.00s Real=0.02s
[195.525s][info][gc,marking  ] GC(384) Concurrent Mark 86.355ms
[195.525s][info][gc,marking  ] GC(384) Concurrent Rebuild Remembered Sets and Scrub Regions
[195.554s][info][gc,marking  ] GC(384) Concurrent Rebuild Remembered Sets and Scrub Regions 28.366ms
[195.554s][info][gc,start    ] GC(384) Pause Cleanup
[195.554s][info][gc          ] GC(384) Pause Cleanup 142M->142M(380M) 0.057ms
[195.554s][info][gc,cpu      ] GC(384) User=0.00s Sys=0.00s Real=0.00s
[195.554s][info][gc,marking  ] GC(384) Concurrent Clear Claimed Marks
[195.554s][info][gc,marking  ] GC(384) Concurrent Clear Claimed Marks 0.043ms
[195.554s][info][gc,marking  ] GC(384) Concurrent Cleanup for Next Mark
[195.556s][info][gc,marking  ] GC(384) Concurrent Cleanup for Next Mark 2.222ms
[195.556s][info][gc          ] GC(384) Concurrent Mark Cycle 122.853ms
[196.008s][info][gc,start    ] GC(385) Pause Young (Prepare Mixed) (G1 Evacuation Pause)
[196.008s][info][gc,task     ] GC(385) Using 2 workers of 2 for evacuation
[196.029s][info][gc,phases   ] GC(385)   Pre Evacuate Collection Set: 0.24ms
[196.029s][info][gc,phases   ] GC(385)   Merge Heap Roots: 0.08ms
[196.029s][info][gc,phases   ] GC(385)   Evacuate Collection Set: 19.52ms
[196.029s][info][gc,phases   ] GC(385)   Post Evacuate Collection Set: 0.77ms
[196.029s][info][gc,phases   ] GC(385)   Other: 0.07ms
[196.029s][info][gc,heap     ] GC(385) Eden regions: 56->0(262)
[196.029s][info][gc,heap     ] GC(385) Survivor regions: 10->16(32)
[196.029s][info][gc,heap     ] GC(385) Old regions: 55->55
[196.029s][info][gc,heap     ] GC(385) Humongous regions: 327->1
[196.029s][info][gc,metaspace] GC(385) Metaspace: 41946K(42432K)->41946K(42432K) NonClass: 37609K(37888K)->37609K(37888K) Class: 4337K(4544K)->4337K(4544K)
[196.029s][info][gc          ] GC(385) Pause Young (Prepare Mixed) (G1 Evacuation Pause) 446M->70M(464M) 20.907ms
[196.029s][info][gc,cpu      ] GC(385) User=0.03s Sys=0.02s Real=0.02s
[196.656s][info][gc,start    ] GC(386) Pause Young (Mixed) (G1 Evacuation Pause)
[196.657s][info][gc,task     ] GC(386) Using 2 workers of 2 for evacuation
[196.695s][info][gc,phases   ] GC(386)   Pre Evacuate Collection Set: 0.26ms
[196.695s][info][gc,phases   ] GC(386)   Merge Heap Roots: 0.08ms
[196.695s][info][gc,phases   ] GC(386)   Evacuate Collection Set: 37.04ms
[196.695s][info][gc,phases   ] GC(386)   Post Evacuate Collection Set: 0.85ms
[196.695s][info][gc,phases   ] GC(386)   Other: 0.09ms
[196.695s][info][gc,heap     ] GC(386) Eden regions: 72->0(302)
[196.695s][info][gc,heap     ] GC(386) Survivor regions: 16->26(38)
[196.695s][info][gc,heap     ] GC(386) Old regions: 55->52
[196.695s][info][gc,heap     ] GC(386) Humongous regions: 377->1
[196.695s][info][gc,metaspace] GC(386) Metaspace: 41948K(42432K)->41948K(42432K) NonClass: 37610K(37888K)->37610K(37888K) Class: 4337K(4544K)->4337K(4544K)
[196.695s][info][gc          ] GC(386) Pause Young (Mixed) (G1 Evacuation Pause) 518M->78M(548M) 38.527ms
[196.695s][info][gc,cpu      ] GC(386) User=0.06s Sys=0.01s Real=0.04s
[196.698s][info][gc,start    ] GC(387) Pause Young (Concurrent Start) (G1 Humongous Allocation)
[196.698s][info][gc,task     ] GC(387) Using 2 workers of 2 for evacuation
[196.721s][info][gc,phases   ] GC(387)   Pre Evacuate Collection Set: 0.23ms
[196.721s][info][gc,phases   ] GC(387)   Merge Heap Roots: 0.07ms
[196.721s][info][gc,phases   ] GC(387)   Evacuate Collection Set: 22.94ms
[196.721s][info][gc,phases   ] GC(387)   Post Evacuate Collection Set: 0.38ms
[196.721s][info][gc,phases   ] GC(387)   Other: 0.07ms
[196.721s][info][gc,heap     ] GC(387) Eden regions: 1->0(309)
[196.721s][info][gc,heap     ] GC(387) Survivor regions: 26->19(41)
[196.721s][info][gc,heap     ] GC(387) Old regions: 52->59
[196.721s][info][gc,heap     ] GC(387) Humongous regions: 1->1
[196.721s][info][gc,metaspace] GC(387) Metaspace: 41948K(42432K)->41948K(42432K) NonClass: 37610K(37888K)->37610K(37888K) Class: 4337K(4544K)->4337K(4544K)
[196.721s][info][gc          ] GC(387) Pause Young (Concurrent Start) (G1 Humongous Allocation) 78M->78M(548M) 23.875ms
[196.721s][info][gc,cpu      ] GC(387) User=0.04s Sys=0.00s Real=0.03s
[196.721s][info][gc          ] GC(388) Concurrent Mark Cycle
[196.721s][info][gc,marking  ] GC(388) Concurrent Scan Root Regions
[196.757s][info][gc,marking  ] GC(388) Concurrent Scan Root Regions 35.536ms
[196.757s][info][gc,marking  ] GC(388) Concurrent Mark
[196.757s][info][gc,marking  ] GC(388) Concurrent Mark From Roots
[196.757s][info][gc,task     ] GC(388) Using 1 workers of 1 for marking
[196.903s][info][gc,marking  ] GC(388) Concurrent Mark From Roots 146.073ms
[196.903s][info][gc,marking  ] GC(388) Concurrent Preclean
[196.903s][info][gc,marking  ] GC(388) Concurrent Preclean 0.040ms
[196.904s][info][gc,start    ] GC(388) Pause Remark
[196.927s][info][gc          ] GC(388) Pause Remark 197M->197M(548M) 23.019ms
[196.927s][info][gc,cpu      ] GC(388) User=0.04s Sys=0.00s Real=0.02s
[196.927s][info][gc,marking  ] GC(388) Concurrent Mark 169.721ms
[196.927s][info][gc,marking  ] GC(388) Concurrent Rebuild Remembered Sets and Scrub Regions
[196.992s][info][gc,marking  ] GC(388) Concurrent Rebuild Remembered Sets and Scrub Regions 65.206ms
[196.994s][info][gc,start    ] GC(388) Pause Cleanup
[196.994s][info][gc          ] GC(388) Pause Cleanup 252M->252M(548M) 0.086ms
[196.994s][info][gc,cpu      ] GC(388) User=0.00s Sys=0.00s Real=0.00s
[196.994s][info][gc,marking  ] GC(388) Concurrent Clear Claimed Marks
[196.994s][info][gc,marking  ] GC(388) Concurrent Clear Claimed Marks 0.065ms
[196.994s][info][gc,marking  ] GC(388) Concurrent Cleanup for Next Mark
[197.001s][info][gc,marking  ] GC(388) Concurrent Cleanup for Next Mark 7.258ms
[197.001s][info][gc          ] GC(388) Concurrent Mark Cycle 279.818ms
[197.610s][info][gc,start    ] GC(389) Pause Young (Prepare Mixed) (G1 Evacuation Pause)
[197.610s][info][gc,task     ] GC(389) Using 2 workers of 2 for evacuation
[197.659s][info][gc,phases   ] GC(389)   Pre Evacuate Collection Set: 0.32ms
[197.659s][info][gc,phases   ] GC(389)   Merge Heap Roots: 0.14ms
[197.659s][info][gc,phases   ] GC(389)   Evacuate Collection Set: 47.24ms
[197.659s][info][gc,phases   ] GC(389)   Post Evacuate Collection Set: 0.82ms
[197.659s][info][gc,phases   ] GC(389)   Other: 0.09ms
[197.659s][info][gc,heap     ] GC(389) Eden regions: 175->0(314)
[197.659s][info][gc,heap     ] GC(389) Survivor regions: 19->35(41)
[197.659s][info][gc,heap     ] GC(389) Old regions: 59->59
[197.659s][info][gc,heap     ] GC(389) Humongous regions: 295->1
[197.659s][info][gc,metaspace] GC(389) Metaspace: 41965K(42432K)->41965K(42432K) NonClass: 37627K(37888K)->37627K(37888K) Class: 4337K(4544K)->4337K(4544K)
[197.659s][info][gc          ] GC(389) Pause Young (Prepare Mixed) (G1 Evacuation Pause) 547M->94M(583M) 48.863ms
[197.659s][info][gc,cpu      ] GC(389) User=0.08s Sys=0.02s Real=0.05s
[198.468s][info][gc,start    ] GC(390) Pause Young (Mixed) (G1 Evacuation Pause)
[198.468s][info][gc,task     ] GC(390) Using 2 workers of 2 for evacuation
[198.504s][info][gc,phases   ] GC(390)   Pre Evacuate Collection Set: 0.24ms
[198.504s][info][gc,phases   ] GC(390)   Merge Heap Roots: 0.13ms
[198.504s][info][gc,phases   ] GC(390)   Evacuate Collection Set: 35.48ms
[198.504s][info][gc,phases   ] GC(390)   Post Evacuate Collection Set: 0.62ms
[198.504s][info][gc,phases   ] GC(390)   Other: 0.08ms
[198.504s][info][gc,heap     ] GC(390) Eden regions: 314->0(329)
[198.504s][info][gc,heap     ] GC(390) Survivor regions: 35->20(44)
[198.504s][info][gc,heap     ] GC(390) Old regions: 59->75
[198.504s][info][gc,heap     ] GC(390) Humongous regions: 5->1
[198.504s][info][gc,metaspace] GC(390) Metaspace: 41978K(42432K)->41978K(42432K) NonClass: 37641K(37888K)->37641K(37888K) Class: 4337K(4544K)->4337K(4544K)
[198.504s][info][gc          ] GC(390) Pause Young (Mixed) (G1 Evacuation Pause) 412M->95M(583M) 36.752ms
[198.504s][info][gc,cpu      ] GC(390) User=0.07s Sys=0.00s Real=0.04s
[199.319s][info][gc,start    ] GC(391) Pause Young (Concurrent Start) (G1 Evacuation Pause)
[199.319s][info][gc,task     ] GC(391) Using 2 workers of 2 for evacuation
[199.336s][info][gc,phases   ] GC(391)   Pre Evacuate Collection Set: 0.22ms
[199.336s][info][gc,phases   ] GC(391)   Merge Heap Roots: 0.12ms
[199.336s][info][gc,phases   ] GC(391)   Evacuate Collection Set: 16.25ms
[199.336s][info][gc,phases   ] GC(391)   Post Evacuate Collection Set: 0.61ms
[199.336s][info][gc,phases   ] GC(391)   Other: 0.11ms
[199.336s][info][gc,heap     ] GC(391) Eden regions: 329->0(329)
[199.336s][info][gc,heap     ] GC(391) Survivor regions: 20->20(44)
[199.336s][info][gc,heap     ] GC(391) Old regions: 75->75
[199.336s][info][gc,heap     ] GC(391) Humongous regions: 1->1
[199.336s][info][gc,metaspace] GC(391) Metaspace: 41988K(42432K)->41988K(42432K) NonClass: 37651K(37888K)->37651K(37888K) Class: 4337K(4544K)->4337K(4544K)
[199.336s][info][gc          ] GC(391) Pause Young (Concurrent Start) (G1 Evacuation Pause) 424M->95M(583M) 17.519ms
[199.336s][info][gc,cpu      ] GC(391) User=0.04s Sys=0.00s Real=0.02s
[199.336s][info][gc          ] GC(392) Concurrent Mark Cycle
[199.336s][info][gc,marking  ] GC(392) Concurrent Scan Root Regions
[199.354s][info][gc,marking  ] GC(392) Concurrent Scan Root Regions 17.860ms
[199.354s][info][gc,marking  ] GC(392) Concurrent Mark
[199.354s][info][gc,marking  ] GC(392) Concurrent Mark From Roots
[199.354s][info][gc,task     ] GC(392) Using 1 workers of 1 for marking
[199.464s][info][gc,marking  ] GC(392) Concurrent Mark From Roots 109.621ms
[199.464s][info][gc,marking  ] GC(392) Concurrent Preclean
[199.464s][info][gc,marking  ] GC(392) Concurrent Preclean 0.040ms
[199.464s][info][gc,start    ] GC(392) Pause Remark
[199.480s][info][gc          ] GC(392) Pause Remark 145M->145M(320M) 15.911ms
[199.480s][info][gc,cpu      ] GC(392) User=0.03s Sys=0.00s Real=0.01s
[199.480s][info][gc,marking  ] GC(392) Concurrent Mark 125.891ms
[199.480s][info][gc,marking  ] GC(392) Concurrent Rebuild Remembered Sets and Scrub Regions
[199.525s][info][gc,marking  ] GC(392) Concurrent Rebuild Remembered Sets and Scrub Regions 44.333ms
[199.525s][info][gc,start    ] GC(392) Pause Cleanup
[199.525s][info][gc          ] GC(392) Pause Cleanup 164M->164M(320M) 0.055ms
[199.525s][info][gc,cpu      ] GC(392) User=0.00s Sys=0.00s Real=0.00s
[199.525s][info][gc,marking  ] GC(392) Concurrent Clear Claimed Marks
[199.525s][info][gc,marking  ] GC(392) Concurrent Clear Claimed Marks 0.041ms
[199.525s][info][gc,marking  ] GC(392) Concurrent Cleanup for Next Mark
[199.526s][info][gc,marking  ] GC(392) Concurrent Cleanup for Next Mark 1.264ms
[199.526s][info][gc          ] GC(392) Concurrent Mark Cycle 189.840ms
[199.810s][info][gc,start    ] GC(393) Pause Young (Prepare Mixed) (G1 Evacuation Pause)
[199.810s][info][gc,task     ] GC(393) Using 2 workers of 2 for evacuation
[199.827s][info][gc,phases   ] GC(393)   Pre Evacuate Collection Set: 0.25ms
[199.827s][info][gc,phases   ] GC(393)   Merge Heap Roots: 0.18ms
[199.827s][info][gc,phases   ] GC(393)   Evacuate Collection Set: 15.30ms
[199.827s][info][gc,phases   ] GC(393)   Post Evacuate Collection Set: 0.78ms
[199.827s][info][gc,phases   ] GC(393)   Other: 0.07ms
[199.827s][info][gc,heap     ] GC(393) Eden regions: 172->0(204)
[199.827s][info][gc,heap     ] GC(393) Survivor regions: 20->4(24)
[199.827s][info][gc,heap     ] GC(393) Old regions: 75->91
[199.827s][info][gc,heap     ] GC(393) Humongous regions: 1->1
[199.827s][info][gc,metaspace] GC(393) Metaspace: 41991K(42432K)->41991K(42432K) NonClass: 37654K(37888K)->37654K(37888K) Class: 4337K(4544K)->4337K(4544K)
[199.827s][info][gc          ] GC(393) Pause Young (Prepare Mixed) (G1 Evacuation Pause) 267M->95M(347M) 16.780ms
[199.827s][info][gc,cpu      ] GC(393) User=0.03s Sys=0.00s Real=0.02s
[200.445s][info][gc,start    ] GC(394) Pause Young (Mixed) (G1 Evacuation Pause)
[200.446s][info][gc,task     ] GC(394) Using 2 workers of 2 for evacuation
[200.457s][info][gc,phases   ] GC(394)   Pre Evacuate Collection Set: 0.26ms
[200.457s][info][gc,phases   ] GC(394)   Merge Heap Roots: 0.14ms
[200.457s][info][gc,phases   ] GC(394)   Evacuate Collection Set: 10.34ms
[200.457s][info][gc,phases   ] GC(394)   Post Evacuate Collection Set: 0.70ms
[200.457s][info][gc,phases   ] GC(394)   Other: 0.10ms
[200.457s][info][gc,heap     ] GC(394) Eden regions: 204->0(199)
[200.457s][info][gc,heap     ] GC(394) Survivor regions: 4->9(26)
[200.457s][info][gc,heap     ] GC(394) Old regions: 91->87
[200.457s][info][gc,heap     ] GC(394) Humongous regions: 1->1
[200.457s][info][gc,metaspace] GC(394) Metaspace: 42001K(42496K)->42001K(42496K) NonClass: 37663K(37952K)->37663K(37952K) Class: 4337K(4544K)->4337K(4544K)
[200.457s][info][gc          ] GC(394) Pause Young (Mixed) (G1 Evacuation Pause) 299M->96M(347M) 11.767ms
[200.457s][info][gc,cpu      ] GC(394) User=0.02s Sys=0.00s Real=0.01s
[201.582s][info][gc,start    ] GC(395) Pause Young (Concurrent Start) (G1 Humongous Allocation)
[201.582s][info][gc,task     ] GC(395) Using 2 workers of 2 for evacuation
[201.587s][info][gc,phases   ] GC(395)   Pre Evacuate Collection Set: 0.24ms
[201.587s][info][gc,phases   ] GC(395)   Merge Heap Roots: 0.09ms
[201.587s][info][gc,phases   ] GC(395)   Evacuate Collection Set: 4.29ms
[201.588s][info][gc,phases   ] GC(395)   Post Evacuate Collection Set: 0.56ms
[201.588s][info][gc,phases   ] GC(395)   Other: 0.12ms
[201.588s][info][gc,heap     ] GC(395) Eden regions: 195->0(204)
[201.588s][info][gc,heap     ] GC(395) Survivor regions: 9->4(26)
[201.588s][info][gc,heap     ] GC(395) Old regions: 87->87
[201.588s][info][gc,heap     ] GC(395) Humongous regions: 1->1
[201.588s][info][gc,metaspace] GC(395) Metaspace: 42025K(42560K)->42025K(42560K) NonClass: 37687K(38016K)->37687K(38016K) Class: 4337K(4544K)->4337K(4544K)
[201.588s][info][gc          ] GC(395) Pause Young (Concurrent Start) (G1 Humongous Allocation) 291M->91M(347M) 5.492ms
[201.588s][info][gc,cpu      ] GC(395) User=0.01s Sys=0.01s Real=0.00s
[201.588s][info][gc          ] GC(396) Concurrent Mark Cycle
[201.588s][info][gc,marking  ] GC(396) Concurrent Scan Root Regions
[201.594s][info][gc,marking  ] GC(396) Concurrent Scan Root Regions 6.162ms
[201.594s][info][gc,marking  ] GC(396) Concurrent Mark
[201.594s][info][gc,marking  ] GC(396) Concurrent Mark From Roots
[201.594s][info][gc,task     ] GC(396) Using 1 workers of 1 for marking
[201.693s][info][gc,marking  ] GC(396) Concurrent Mark From Roots 98.747ms
[201.693s][info][gc,marking  ] GC(396) Concurrent Preclean
[201.693s][info][gc,marking  ] GC(396) Concurrent Preclean 0.268ms
[201.693s][info][gc,start    ] GC(396) Pause Remark
[201.710s][info][gc          ] GC(396) Pause Remark 105M->97M(287M) 16.332ms
[201.710s][info][gc,cpu      ] GC(396) User=0.03s Sys=0.00s Real=0.01s
[201.710s][info][gc,marking  ] GC(396) Concurrent Mark 115.973ms
[201.710s][info][gc,marking  ] GC(396) Concurrent Rebuild Remembered Sets and Scrub Regions
[201.748s][info][gc,marking  ] GC(396) Concurrent Rebuild Remembered Sets and Scrub Regions 38.345ms
[201.748s][info][gc,start    ] GC(396) Pause Cleanup
[201.748s][info][gc          ] GC(396) Pause Cleanup 100M->100M(287M) 0.084ms
[201.748s][info][gc,cpu      ] GC(396) User=0.00s Sys=0.00s Real=0.00s
[201.749s][info][gc,marking  ] GC(396) Concurrent Clear Claimed Marks
[201.749s][info][gc,marking  ] GC(396) Concurrent Clear Claimed Marks 0.049ms
[201.749s][info][gc,marking  ] GC(396) Concurrent Cleanup for Next Mark
[201.750s][info][gc,marking  ] GC(396) Concurrent Cleanup for Next Mark 0.908ms
[201.750s][info][gc          ] GC(396) Concurrent Mark Cycle 162.320ms
[202.607s][info][gc,start    ] GC(397) Pause Young (Prepare Mixed) (G1 Evacuation Pause)
[202.607s][info][gc,task     ] GC(397) Using 2 workers of 2 for evacuation
[202.621s][info][gc,phases   ] GC(397)   Pre Evacuate Collection Set: 0.18ms
[202.621s][info][gc,phases   ] GC(397)   Merge Heap Roots: 0.09ms
[202.621s][info][gc,phases   ] GC(397)   Evacuate Collection Set: 13.76ms
[202.621s][info][gc,phases   ] GC(397)   Post Evacuate Collection Set: 0.47ms
[202.621s][info][gc,phases   ] GC(397)   Other: 0.10ms
[202.621s][info][gc,heap     ] GC(397) Eden regions: 168->0(157)
[202.621s][info][gc,heap     ] GC(397) Survivor regions: 4->15(22)
[202.621s][info][gc,heap     ] GC(397) Old regions: 79->79
[202.621s][info][gc,heap     ] GC(397) Humongous regions: 13->3
[202.621s][info][gc,metaspace] GC(397) Metaspace: 42081K(42560K)->42081K(42560K) NonClass: 37743K(38016K)->37743K(38016K) Class: 4337K(4544K)->4337K(4544K)
[202.621s][info][gc          ] GC(397) Pause Young (Prepare Mixed) (G1 Evacuation Pause) 263M->96M(287M) 14.796ms
[202.621s][info][gc,cpu      ] GC(397) User=0.03s Sys=0.00s Real=0.02s
[202.991s][info][gc,start    ] GC(398) Pause Young (Mixed) (G1 Evacuation Pause)
[202.991s][info][gc,task     ] GC(398) Using 2 workers of 2 for evacuation
[203.025s][info][gc,phases   ] GC(398)   Pre Evacuate Collection Set: 0.17ms
[203.025s][info][gc,phases   ] GC(398)   Merge Heap Roots: 0.10ms
[203.025s][info][gc,phases   ] GC(398)   Evacuate Collection Set: 32.23ms
[203.025s][info][gc,phases   ] GC(398)   Post Evacuate Collection Set: 0.57ms
[203.025s][info][gc,phases   ] GC(398)   Other: 0.09ms
[203.025s][info][gc,heap     ] GC(398) Eden regions: 157->0(154)
[203.025s][info][gc,heap     ] GC(398) Survivor regions: 15->18(22)
[203.025s][info][gc,heap     ] GC(398) Old regions: 79->65
[203.025s][info][gc,heap     ] GC(398) Humongous regions: 4->4
[203.025s][info][gc,metaspace] GC(398) Metaspace: 42084K(42560K)->42084K(42560K) NonClass: 37747K(38016K)->37747K(38016K) Class: 4337K(4544K)->4337K(4544K)
[203.025s][info][gc          ] GC(398) Pause Young (Mixed) (G1 Evacuation Pause) 254M->86M(288M) 33.370ms
[203.025s][info][gc,cpu      ] GC(398) User=0.07s Sys=0.00s Real=0.03s
[203.393s][info][gc,start    ] GC(399) Pause Young (Mixed) (G1 Evacuation Pause)
[203.393s][info][gc,task     ] GC(399) Using 2 workers of 2 for evacuation
[203.432s][info][gc,phases   ] GC(399)   Pre Evacuate Collection Set: 0.16ms
[203.432s][info][gc,phases   ] GC(399)   Merge Heap Roots: 0.09ms
[203.432s][info][gc,phases   ] GC(399)   Evacuate Collection Set: 38.01ms
[203.432s][info][gc,phases   ] GC(399)   Post Evacuate Collection Set: 0.47ms
[203.432s][info][gc,phases   ] GC(399)   Other: 0.09ms
[203.432s][info][gc,heap     ] GC(399) Eden regions: 154->0(146)
[203.432s][info][gc,heap     ] GC(399) Survivor regions: 18->17(22)
[203.432s][info][gc,heap     ] GC(399) Old regions: 65->80
[203.432s][info][gc,heap     ] GC(399) Humongous regions: 6->6
[203.432s][info][gc,metaspace] GC(399) Metaspace: 42084K(42560K)->42084K(42560K) NonClass: 37747K(38016K)->37747K(38016K) Class: 4337K(4544K)->4337K(4544K)
[203.432s][info][gc          ] GC(399) Pause Young (Mixed) (G1 Evacuation Pause) 242M->102M(288M) 39.032ms
[203.432s][info][gc,cpu      ] GC(399) User=0.08s Sys=0.00s Real=0.04s
[203.785s][info][gc,start    ] GC(400) Pause Young (Concurrent Start) (G1 Evacuation Pause)
[203.785s][info][gc,task     ] GC(400) Using 2 workers of 2 for evacuation
[203.822s][info][gc,phases   ] GC(400)   Pre Evacuate Collection Set: 0.20ms
[203.822s][info][gc,phases   ] GC(400)   Merge Heap Roots: 0.09ms
[203.822s][info][gc,phases   ] GC(400)   Evacuate Collection Set: 35.86ms
[203.822s][info][gc,phases   ] GC(400)   Post Evacuate Collection Set: 0.44ms
[203.822s][info][gc,phases   ] GC(400)   Other: 0.10ms
[203.822s][info][gc,heap     ] GC(400) Eden regions: 146->0(132)
[203.822s][info][gc,heap     ] GC(400) Survivor regions: 17->16(21)
[203.822s][info][gc,heap     ] GC(400) Old regions: 80->97
[203.822s][info][gc,heap     ] GC(400) Humongous regions: 6->6
[203.822s][info][gc,metaspace] GC(400) Metaspace: 42084K(42560K)->42084K(42560K) NonClass: 37747K(38016K)->37747K(38016K) Class: 4337K(4544K)->4337K(4544K)
[203.822s][info][gc          ] GC(400) Pause Young (Concurrent Start) (G1 Evacuation Pause) 248M->119M(288M) 36.881ms
[203.822s][info][gc          ] GC(401) Concurrent Mark Cycle
[203.822s][info][gc,marking  ] GC(401) Concurrent Scan Root Regions
[203.823s][info][gc,cpu      ] GC(400) User=0.08s Sys=0.00s Real=0.04s
[203.880s][info][gc,marking  ] GC(401) Concurrent Scan Root Regions 58.414ms
[203.880s][info][gc,marking  ] GC(401) Concurrent Mark
[203.880s][info][gc,marking  ] GC(401) Concurrent Mark From Roots
[203.880s][info][gc,task     ] GC(401) Using 1 workers of 1 for marking
[204.057s][info][gc,marking  ] GC(401) Concurrent Mark From Roots 176.566ms
[204.057s][info][gc,marking  ] GC(401) Concurrent Preclean
[204.057s][info][gc,marking  ] GC(401) Concurrent Preclean 0.073ms
[204.057s][info][gc,start    ] GC(401) Pause Remark
[204.074s][info][gc          ] GC(401) Pause Remark 169M->164M(288M) 16.446ms
[204.074s][info][gc,cpu      ] GC(401) User=0.03s Sys=0.00s Real=0.02s
[204.074s][info][gc,marking  ] GC(401) Concurrent Mark 193.936ms
[204.074s][info][gc,marking  ] GC(401) Concurrent Rebuild Remembered Sets and Scrub Regions
[204.155s][info][gc,marking  ] GC(401) Concurrent Rebuild Remembered Sets and Scrub Regions 80.849ms
[204.155s][info][gc,start    ] GC(401) Pause Cleanup
[204.156s][info][gc          ] GC(401) Pause Cleanup 191M->191M(288M) 0.070ms
[204.156s][info][gc,cpu      ] GC(401) User=0.00s Sys=0.00s Real=0.00s
[204.156s][info][gc,marking  ] GC(401) Concurrent Clear Claimed Marks
[204.156s][info][gc,marking  ] GC(401) Concurrent Clear Claimed Marks 0.046ms
[204.156s][info][gc,marking  ] GC(401) Concurrent Cleanup for Next Mark
[204.160s][info][gc,marking  ] GC(401) Concurrent Cleanup for Next Mark 3.874ms
[204.160s][info][gc          ] GC(401) Concurrent Mark Cycle 337.575ms
[204.325s][info][gc,start    ] GC(402) Pause Young (Prepare Mixed) (G1 Evacuation Pause)
[204.325s][info][gc,task     ] GC(402) Using 2 workers of 2 for evacuation
[204.363s][info][gc,phases   ] GC(402)   Pre Evacuate Collection Set: 0.16ms
[204.363s][info][gc,phases   ] GC(402)   Merge Heap Roots: 0.12ms
[204.363s][info][gc,phases   ] GC(402)   Evacuate Collection Set: 36.61ms
[204.363s][info][gc,phases   ] GC(402)   Post Evacuate Collection Set: 0.44ms
[204.363s][info][gc,phases   ] GC(402)   Other: 0.10ms
[204.363s][info][gc,heap     ] GC(402) Eden regions: 132->0(123)
[204.363s][info][gc,heap     ] GC(402) Survivor regions: 16->13(19)
[204.363s][info][gc,heap     ] GC(402) Old regions: 93->109
[204.363s][info][gc,heap     ] GC(402) Humongous regions: 10->9
[204.363s][info][gc,metaspace] GC(402) Metaspace: 42085K(42560K)->42085K(42560K) NonClass: 37748K(38016K)->37748K(38016K) Class: 4337K(4544K)->4337K(4544K)
[204.363s][info][gc          ] GC(402) Pause Young (Prepare Mixed) (G1 Evacuation Pause) 251M->130M(288M) 37.682ms
[204.363s][info][gc,cpu      ] GC(402) User=0.07s Sys=0.01s Real=0.04s
[204.867s][info][gc,start    ] GC(403) Pause Young (Mixed) (G1 Evacuation Pause)
[204.867s][info][gc,task     ] GC(403) Using 2 workers of 2 for evacuation
[204.931s][info][gc,phases   ] GC(403)   Pre Evacuate Collection Set: 0.35ms
[204.932s][info][gc,phases   ] GC(403)   Merge Heap Roots: 0.20ms
[204.932s][info][gc,phases   ] GC(403)   Evacuate Collection Set: 62.80ms
[204.932s][info][gc,phases   ] GC(403)   Post Evacuate Collection Set: 1.34ms
[204.932s][info][gc,phases   ] GC(403)   Other: 0.12ms
[204.932s][info][gc,heap     ] GC(403) Eden regions: 123->0(195)
[204.932s][info][gc,heap     ] GC(403) Survivor regions: 13->17(17)
[204.932s][info][gc,heap     ] GC(403) Old regions: 109->117
[204.932s][info][gc,heap     ] GC(403) Humongous regions: 11->11
[204.932s][info][gc,metaspace] GC(403) Metaspace: 42087K(42560K)->42087K(42560K) NonClass: 37749K(38016K)->37749K(38016K) Class: 4337K(4544K)->4337K(4544K)
[204.932s][info][gc          ] GC(403) Pause Young (Mixed) (G1 Evacuation Pause) 255M->145M(395M) 65.021ms
[204.932s][info][gc,cpu      ] GC(403) User=0.09s Sys=0.00s Real=0.07s
[205.080s][info][gc,start    ] GC(404) Pause Young (Concurrent Start) (G1 Humongous Allocation)
[205.080s][info][gc,task     ] GC(404) Using 2 workers of 2 for evacuation
[205.129s][info][gc,phases   ] GC(404)   Pre Evacuate Collection Set: 0.24ms
[205.129s][info][gc,phases   ] GC(404)   Merge Heap Roots: 0.20ms
[205.129s][info][gc,phases   ] GC(404)   Evacuate Collection Set: 48.77ms
[205.129s][info][gc,phases   ] GC(404)   Post Evacuate Collection Set: 0.36ms
[205.129s][info][gc,phases   ] GC(404)   Other: 0.11ms
[205.129s][info][gc,heap     ] GC(404) Eden regions: 10->0(131)
[205.129s][info][gc,heap     ] GC(404) Survivor regions: 17->9(27)
[205.129s][info][gc,heap     ] GC(404) Old regions: 117->133
[205.129s][info][gc,heap     ] GC(404) Humongous regions: 11->11
[205.129s][info][gc,metaspace] GC(404) Metaspace: 42087K(42560K)->42087K(42560K) NonClass: 37749K(38016K)->37749K(38016K) Class: 4337K(4544K)->4337K(4544K)
[205.129s][info][gc          ] GC(404) Pause Young (Concurrent Start) (G1 Humongous Allocation) 154M->152M(395M) 49.915ms
[205.129s][info][gc          ] GC(405) Concurrent Mark Cycle
[205.129s][info][gc,marking  ] GC(405) Concurrent Scan Root Regions
[205.131s][info][gc,cpu      ] GC(404) User=0.07s Sys=0.00s Real=0.06s
[205.206s][info][gc,marking  ] GC(405) Concurrent Scan Root Regions 76.302ms
[205.206s][info][gc,marking  ] GC(405) Concurrent Mark
[205.206s][info][gc,marking  ] GC(405) Concurrent Mark From Roots
[205.206s][info][gc,task     ] GC(405) Using 1 workers of 1 for marking
[205.505s][info][gc,marking  ] GC(405) Concurrent Mark From Roots 299.297ms
[205.505s][info][gc,marking  ] GC(405) Concurrent Preclean
[205.505s][info][gc,marking  ] GC(405) Concurrent Preclean 0.066ms
[205.505s][info][gc,start    ] GC(405) Pause Remark
[205.522s][info][gc          ] GC(405) Pause Remark 170M->168M(395M) 16.271ms
[205.522s][info][gc,cpu      ] GC(405) User=0.03s Sys=0.00s Real=0.02s
[205.523s][info][gc,marking  ] GC(405) Concurrent Mark 316.752ms
[205.523s][info][gc,marking  ] GC(405) Concurrent Rebuild Remembered Sets and Scrub Regions
[205.675s][info][gc,marking  ] GC(405) Concurrent Rebuild Remembered Sets and Scrub Regions 152.860ms
[205.676s][info][gc,start    ] GC(405) Pause Cleanup
[205.676s][info][gc          ] GC(405) Pause Cleanup 170M->170M(395M) 0.061ms
[205.676s][info][gc,cpu      ] GC(405) User=0.00s Sys=0.00s Real=0.00s
[205.676s][info][gc,marking  ] GC(405) Concurrent Clear Claimed Marks
[205.676s][info][gc,marking  ] GC(405) Concurrent Clear Claimed Marks 0.045ms
[205.676s][info][gc,marking  ] GC(405) Concurrent Cleanup for Next Mark
[205.678s][info][gc,marking  ] GC(405) Concurrent Cleanup for Next Mark 2.365ms
[205.678s][info][gc          ] GC(405) Concurrent Mark Cycle 548.877ms
[208.500s][info][gc,start    ] GC(406) Pause Young (Prepare Mixed) (G1 Evacuation Pause)
[208.500s][info][gc,task     ] GC(406) Using 2 workers of 2 for evacuation
[208.529s][info][gc,phases   ] GC(406)   Pre Evacuate Collection Set: 0.19ms
[208.529s][info][gc,phases   ] GC(406)   Merge Heap Roots: 0.22ms
[208.529s][info][gc,phases   ] GC(406)   Evacuate Collection Set: 27.32ms
[208.529s][info][gc,phases   ] GC(406)   Post Evacuate Collection Set: 0.47ms
[208.529s][info][gc,phases   ] GC(406)   Other: 0.07ms
[208.529s][info][gc,heap     ] GC(406) Eden regions: 131->0(130)
[208.529s][info][gc,heap     ] GC(406) Survivor regions: 9->18(18)
[208.529s][info][gc,heap     ] GC(406) Old regions: 133->137
[208.529s][info][gc,heap     ] GC(406) Humongous regions: 17->13
[208.529s][info][gc,metaspace] GC(406) Metaspace: 42121K(42624K)->42121K(42624K) NonClass: 37783K(38080K)->37783K(38080K) Class: 4337K(4544K)->4337K(4544K)
[208.529s][info][gc          ] GC(406) Pause Young (Prepare Mixed) (G1 Evacuation Pause) 289M->167M(395M) 28.456ms
[208.529s][info][gc,cpu      ] GC(406) User=0.05s Sys=0.00s Real=0.02s
[209.031s][info][gc,start    ] GC(407) Pause Young (Mixed) (G1 Evacuation Pause)
[209.031s][info][gc,task     ] GC(407) Using 2 workers of 2 for evacuation
[209.064s][info][gc,phases   ] GC(407)   Pre Evacuate Collection Set: 0.20ms
[209.064s][info][gc,phases   ] GC(407)   Merge Heap Roots: 0.17ms
[209.064s][info][gc,phases   ] GC(407)   Evacuate Collection Set: 32.19ms
[209.064s][info][gc,phases   ] GC(407)   Post Evacuate Collection Set: 0.54ms
[209.064s][info][gc,phases   ] GC(407)   Other: 0.07ms
[209.064s][info][gc,heap     ] GC(407) Eden regions: 130->0(140)
[209.064s][info][gc,heap     ] GC(407) Survivor regions: 18->4(19)
[209.064s][info][gc,heap     ] GC(407) Old regions: 137->151
[209.064s][info][gc,heap     ] GC(407) Humongous regions: 13->13
[209.064s][info][gc,metaspace] GC(407) Metaspace: 42160K(42624K)->42160K(42624K) NonClass: 37823K(38080K)->37823K(38080K) Class: 4337K(4544K)->4337K(4544K)
[209.064s][info][gc          ] GC(407) Pause Young (Mixed) (G1 Evacuation Pause) 297M->167M(395M) 33.393ms
[209.064s][info][gc,cpu      ] GC(407) User=0.06s Sys=0.01s Real=0.03s
[209.751s][info][gc,start    ] GC(408) Pause Young (Concurrent Start) (G1 Evacuation Pause)
[209.751s][info][gc,task     ] GC(408) Using 2 workers of 2 for evacuation
[209.759s][info][gc,phases   ] GC(408)   Pre Evacuate Collection Set: 0.22ms
[209.759s][info][gc,phases   ] GC(408)   Merge Heap Roots: 0.10ms
[209.759s][info][gc,phases   ] GC(408)   Evacuate Collection Set: 7.56ms
[209.759s][info][gc,phases   ] GC(408)   Post Evacuate Collection Set: 0.39ms
[209.759s][info][gc,phases   ] GC(408)   Other: 0.15ms
[209.759s][info][gc,heap     ] GC(408) Eden regions: 140->0(147)
[209.759s][info][gc,heap     ] GC(408) Survivor regions: 4->8(18)
[209.759s][info][gc,heap     ] GC(408) Old regions: 151->151
[209.759s][info][gc,heap     ] GC(408) Humongous regions: 13->13
[209.759s][info][gc,metaspace] GC(408) Metaspace: 42160K(42624K)->42160K(42624K) NonClass: 37823K(38080K)->37823K(38080K) Class: 4337K(4544K)->4337K(4544K)
[209.759s][info][gc          ] GC(408) Pause Young (Concurrent Start) (G1 Evacuation Pause) 307M->171M(395M) 8.584ms
[209.759s][info][gc,cpu      ] GC(408) User=0.01s Sys=0.00s Real=0.00s
[209.759s][info][gc          ] GC(409) Concurrent Mark Cycle
[209.759s][info][gc,marking  ] GC(409) Concurrent Scan Root Regions
[209.764s][info][gc,marking  ] GC(409) Concurrent Scan Root Regions 4.937ms
[209.764s][info][gc,marking  ] GC(409) Concurrent Mark
[209.764s][info][gc,marking  ] GC(409) Concurrent Mark From Roots
[209.764s][info][gc,task     ] GC(409) Using 1 workers of 1 for marking
[209.794s][info][gc,marking  ] GC(409) Concurrent Mark From Roots 29.921ms
[209.794s][info][gc,marking  ] GC(409) Concurrent Preclean
[209.794s][info][gc,marking  ] GC(409) Concurrent Preclean 0.055ms
[209.794s][info][gc,start    ] GC(409) Pause Remark
[209.810s][info][gc          ] GC(409) Pause Remark 178M->62M(256M) 16.031ms
[209.810s][info][gc,cpu      ] GC(409) User=0.03s Sys=0.00s Real=0.02s
[209.811s][info][gc,marking  ] GC(409) Concurrent Mark 47.161ms
[209.811s][info][gc,marking  ] GC(409) Concurrent Rebuild Remembered Sets and Scrub Regions
[209.823s][info][gc,marking  ] GC(409) Concurrent Rebuild Remembered Sets and Scrub Regions 11.369ms
[209.823s][info][gc,start    ] GC(409) Pause Cleanup
[209.823s][info][gc          ] GC(409) Pause Cleanup 65M->65M(256M) 0.040ms
[209.823s][info][gc,cpu      ] GC(409) User=0.00s Sys=0.00s Real=0.00s
[209.823s][info][gc,marking  ] GC(409) Concurrent Clear Claimed Marks
[209.823s][info][gc,marking  ] GC(409) Concurrent Clear Claimed Marks 0.036ms
[209.823s][info][gc,marking  ] GC(409) Concurrent Cleanup for Next Mark
[209.824s][info][gc,marking  ] GC(409) Concurrent Cleanup for Next Mark 0.733ms
[209.824s][info][gc          ] GC(409) Concurrent Mark Cycle 64.513ms
[210.589s][info][gc,start    ] GC(410) Pause Young (Prepare Mixed) (G1 Evacuation Pause)
[210.589s][info][gc,task     ] GC(410) Using 2 workers of 2 for evacuation
[210.594s][info][gc,phases   ] GC(410)   Pre Evacuate Collection Set: 0.15ms
[210.594s][info][gc,phases   ] GC(410)   Merge Heap Roots: 0.06ms
[210.594s][info][gc,phases   ] GC(410)   Evacuate Collection Set: 4.59ms
[210.594s][info][gc,phases   ] GC(410)   Post Evacuate Collection Set: 0.40ms
[210.594s][info][gc,phases   ] GC(410)   Other: 0.07ms
[210.594s][info][gc,heap     ] GC(410) Eden regions: 145->0(144)
[210.594s][info][gc,heap     ] GC(410) Survivor regions: 8->7(20)
[210.594s][info][gc,heap     ] GC(410) Old regions: 47->47
[210.594s][info][gc,heap     ] GC(410) Humongous regions: 1->1
[210.594s][info][gc,metaspace] GC(410) Metaspace: 42160K(42624K)->42160K(42624K) NonClass: 37823K(38080K)->37823K(38080K) Class: 4337K(4544K)->4337K(4544K)
[210.594s][info][gc          ] GC(410) Pause Young (Prepare Mixed) (G1 Evacuation Pause) 200M->54M(256M) 5.472ms
[210.594s][info][gc,cpu      ] GC(410) User=0.00s Sys=0.00s Real=0.01s
[211.500s][info][gc,start    ] GC(411) Pause Young (Mixed) (G1 Evacuation Pause)
[211.500s][info][gc,task     ] GC(411) Using 2 workers of 2 for evacuation
[211.504s][info][gc,phases   ] GC(411)   Pre Evacuate Collection Set: 0.16ms
[211.504s][info][gc,phases   ] GC(411)   Merge Heap Roots: 0.07ms
[211.504s][info][gc,phases   ] GC(411)   Evacuate Collection Set: 3.90ms
[211.504s][info][gc,phases   ] GC(411)   Post Evacuate Collection Set: 0.41ms
[211.505s][info][gc,phases   ] GC(411)   Other: 0.07ms
[211.505s][info][gc,heap     ] GC(411) Eden regions: 144->0(148)
[211.505s][info][gc,heap     ] GC(411) Survivor regions: 7->5(19)
[211.505s][info][gc,heap     ] GC(411) Old regions: 47->37
[211.505s][info][gc,heap     ] GC(411) Humongous regions: 1->1
[211.505s][info][gc,metaspace] GC(411) Metaspace: 42168K(42624K)->42168K(42624K) NonClass: 37830K(38080K)->37830K(38080K) Class: 4337K(4544K)->4337K(4544K)
[211.505s][info][gc          ] GC(411) Pause Young (Mixed) (G1 Evacuation Pause) 198M->42M(256M) 4.782ms
[211.505s][info][gc,cpu      ] GC(411) User=0.00s Sys=0.00s Real=0.01s
[212.411s][info][gc,start    ] GC(412) Pause Young (Concurrent Start) (G1 Evacuation Pause)
[212.411s][info][gc,task     ] GC(412) Using 2 workers of 2 for evacuation
[212.416s][info][gc,phases   ] GC(412)   Pre Evacuate Collection Set: 0.17ms
[212.416s][info][gc,phases   ] GC(412)   Merge Heap Roots: 0.08ms
[212.416s][info][gc,phases   ] GC(412)   Evacuate Collection Set: 3.83ms
[212.416s][info][gc,phases   ] GC(412)   Post Evacuate Collection Set: 0.43ms
[212.416s][info][gc,phases   ] GC(412)   Other: 0.09ms
[212.416s][info][gc,heap     ] GC(412) Eden regions: 148->0(149)
[212.416s][info][gc,heap     ] GC(412) Survivor regions: 5->4(20)
[212.416s][info][gc,heap     ] GC(412) Old regions: 37->37
[212.416s][info][gc,heap     ] GC(412) Humongous regions: 1->1
[212.416s][info][gc,metaspace] GC(412) Metaspace: 42168K(42624K)->42168K(42624K) NonClass: 37830K(38080K)->37830K(38080K) Class: 4337K(4544K)->4337K(4544K)
[212.416s][info][gc          ] GC(412) Pause Young (Concurrent Start) (G1 Evacuation Pause) 190M->41M(256M) 4.782ms
[212.416s][info][gc,cpu      ] GC(412) User=0.01s Sys=0.00s Real=0.00s
[212.416s][info][gc          ] GC(413) Concurrent Mark Cycle
[212.416s][info][gc,marking  ] GC(413) Concurrent Scan Root Regions
[212.418s][info][gc,marking  ] GC(413) Concurrent Scan Root Regions 2.469ms
[212.418s][info][gc,marking  ] GC(413) Concurrent Mark
[212.418s][info][gc,marking  ] GC(413) Concurrent Mark From Roots
[212.418s][info][gc,task     ] GC(413) Using 1 workers of 1 for marking
[212.446s][info][gc,marking  ] GC(413) Concurrent Mark From Roots 27.945ms
[212.446s][info][gc,marking  ] GC(413) Concurrent Preclean
[212.446s][info][gc,marking  ] GC(413) Concurrent Preclean 0.034ms
[212.446s][info][gc,start    ] GC(413) Pause Remark
[212.463s][info][gc          ] GC(413) Pause Remark 46M->46M(256M) 16.361ms
[212.463s][info][gc,cpu      ] GC(413) User=0.04s Sys=0.00s Real=0.02s
[212.463s][info][gc,marking  ] GC(413) Concurrent Mark 44.535ms
[212.463s][info][gc,marking  ] GC(413) Concurrent Rebuild Remembered Sets and Scrub Regions
[212.474s][info][gc,marking  ] GC(413) Concurrent Rebuild Remembered Sets and Scrub Regions 11.178ms
[212.474s][info][gc,start    ] GC(413) Pause Cleanup
[212.474s][info][gc          ] GC(413) Pause Cleanup 48M->48M(256M) 0.042ms
[212.474s][info][gc,cpu      ] GC(413) User=0.00s Sys=0.00s Real=0.00s
[212.474s][info][gc,marking  ] GC(413) Concurrent Clear Claimed Marks
[212.474s][info][gc,marking  ] GC(413) Concurrent Clear Claimed Marks 0.035ms
[212.474s][info][gc,marking  ] GC(413) Concurrent Cleanup for Next Mark
[212.475s][info][gc,marking  ] GC(413) Concurrent Cleanup for Next Mark 0.736ms
[212.475s][info][gc          ] GC(413) Concurrent Mark Cycle 59.279ms
[213.325s][info][gc,start    ] GC(414) Pause Young (Prepare Mixed) (G1 Evacuation Pause)
[213.325s][info][gc,task     ] GC(414) Using 2 workers of 2 for evacuation
[213.330s][info][gc,phases   ] GC(414)   Pre Evacuate Collection Set: 0.15ms
[213.330s][info][gc,phases   ] GC(414)   Merge Heap Roots: 0.07ms
[213.330s][info][gc,phases   ] GC(414)   Evacuate Collection Set: 4.76ms
[213.330s][info][gc,phases   ] GC(414)   Post Evacuate Collection Set: 0.39ms
[213.330s][info][gc,phases   ] GC(414)   Other: 0.07ms
[213.330s][info][gc,heap     ] GC(414) Eden regions: 149->0(148)
[213.330s][info][gc,heap     ] GC(414) Survivor regions: 4->5(20)
[213.330s][info][gc,heap     ] GC(414) Old regions: 37->37
[213.330s][info][gc,heap     ] GC(414) Humongous regions: 2->1
[213.330s][info][gc,metaspace] GC(414) Metaspace: 42168K(42624K)->42168K(42624K) NonClass: 37830K(38080K)->37830K(38080K) Class: 4337K(4544K)->4337K(4544K)
[213.330s][info][gc          ] GC(414) Pause Young (Prepare Mixed) (G1 Evacuation Pause) 191M->42M(256M) 5.619ms
[213.330s][info][gc,cpu      ] GC(414) User=0.01s Sys=0.00s Real=0.00s
[214.230s][info][gc,start    ] GC(415) Pause Young (Mixed) (G1 Evacuation Pause)
[214.230s][info][gc,task     ] GC(415) Using 2 workers of 2 for evacuation
[214.235s][info][gc,phases   ] GC(415)   Pre Evacuate Collection Set: 0.21ms
[214.235s][info][gc,phases   ] GC(415)   Merge Heap Roots: 0.11ms
[214.235s][info][gc,phases   ] GC(415)   Evacuate Collection Set: 4.23ms
[214.235s][info][gc,phases   ] GC(415)   Post Evacuate Collection Set: 0.44ms
[214.235s][info][gc,phases   ] GC(415)   Other: 0.09ms
[214.235s][info][gc,heap     ] GC(415) Eden regions: 148->0(149)
[214.235s][info][gc,heap     ] GC(415) Survivor regions: 5->4(20)
[214.235s][info][gc,heap     ] GC(415) Old regions: 37->28
[214.235s][info][gc,heap     ] GC(415) Humongous regions: 1->1
[214.235s][info][gc,metaspace] GC(415) Metaspace: 42168K(42624K)->42168K(42624K) NonClass: 37831K(38080K)->37831K(38080K) Class: 4337K(4544K)->4337K(4544K)
[214.235s][info][gc          ] GC(415) Pause Young (Mixed) (G1 Evacuation Pause) 190M->32M(256M) 5.270ms
[214.235s][info][gc,cpu      ] GC(415) User=0.01s Sys=0.00s Real=0.01s
[214.458s][info][gc,start    ] GC(416) Pause Young (Concurrent Start) (G1 Humongous Allocation)
[214.458s][info][gc,task     ] GC(416) Using 2 workers of 2 for evacuation
[214.463s][info][gc,phases   ] GC(416)   Pre Evacuate Collection Set: 0.15ms
[214.463s][info][gc,phases   ] GC(416)   Merge Heap Roots: 0.06ms
[214.463s][info][gc,phases   ] GC(416)   Evacuate Collection Set: 4.57ms
[214.463s][info][gc,phases   ] GC(416)   Post Evacuate Collection Set: 0.33ms
[214.463s][info][gc,phases   ] GC(416)   Other: 0.09ms
[214.463s][info][gc,heap     ] GC(416) Eden regions: 50->0(148)
[214.463s][info][gc,heap     ] GC(416) Survivor regions: 4->5(20)
[214.463s][info][gc,heap     ] GC(416) Old regions: 28->28
[214.463s][info][gc,heap     ] GC(416) Humongous regions: 1->1
[214.463s][info][gc,metaspace] GC(416) Metaspace: 42168K(42624K)->42168K(42624K) NonClass: 37831K(38080K)->37831K(38080K) Class: 4337K(4544K)->4337K(4544K)
[214.463s][info][gc          ] GC(416) Pause Young (Concurrent Start) (G1 Humongous Allocation) 81M->32M(256M) 5.358ms
[214.463s][info][gc,cpu      ] GC(416) User=0.01s Sys=0.00s Real=0.01s
[214.463s][info][gc          ] GC(417) Concurrent Mark Cycle
[214.464s][info][gc,marking  ] GC(417) Concurrent Scan Root Regions
[214.466s][info][gc,marking  ] GC(417) Concurrent Scan Root Regions 2.153ms
[214.466s][info][gc,marking  ] GC(417) Concurrent Mark
[214.466s][info][gc,marking  ] GC(417) Concurrent Mark From Roots
[214.466s][info][gc,task     ] GC(417) Using 1 workers of 1 for marking
[214.514s][info][gc,marking  ] GC(417) Concurrent Mark From Roots 47.952ms
[214.514s][info][gc,marking  ] GC(417) Concurrent Preclean
[214.514s][info][gc,marking  ] GC(417) Concurrent Preclean 0.038ms
[214.515s][info][gc,start    ] GC(417) Pause Remark
[214.537s][info][gc          ] GC(417) Pause Remark 54M->54M(256M) 22.382ms
[214.538s][info][gc,cpu      ] GC(417) User=0.04s Sys=0.00s Real=0.02s
[214.538s][info][gc,marking  ] GC(417) Concurrent Mark 71.512ms
[214.538s][info][gc,marking  ] GC(417) Concurrent Rebuild Remembered Sets and Scrub Regions
[214.555s][info][gc,marking  ] GC(417) Concurrent Rebuild Remembered Sets and Scrub Regions 17.487ms
[214.555s][info][gc,start    ] GC(417) Pause Cleanup
[214.555s][info][gc          ] GC(417) Pause Cleanup 60M->60M(256M) 0.062ms
[214.555s][info][gc,cpu      ] GC(417) User=0.00s Sys=0.00s Real=0.00s
[214.555s][info][gc,marking  ] GC(417) Concurrent Clear Claimed Marks
[214.555s][info][gc,marking  ] GC(417) Concurrent Clear Claimed Marks 0.055ms
[214.555s][info][gc,marking  ] GC(417) Concurrent Cleanup for Next Mark
[214.556s][info][gc,marking  ] GC(417) Concurrent Cleanup for Next Mark 0.745ms
[214.556s][info][gc          ] GC(417) Concurrent Mark Cycle 92.845ms
[214.867s][info][gc,start    ] GC(418) Pause Young (Prepare Mixed) (G1 Evacuation Pause)
[214.867s][info][gc,task     ] GC(418) Using 2 workers of 2 for evacuation
[214.891s][info][gc,phases   ] GC(418)   Pre Evacuate Collection Set: 0.19ms
[214.891s][info][gc,phases   ] GC(418)   Merge Heap Roots: 0.12ms
[214.891s][info][gc,phases   ] GC(418)   Evacuate Collection Set: 22.94ms
[214.891s][info][gc,phases   ] GC(418)   Post Evacuate Collection Set: 0.46ms
[214.891s][info][gc,phases   ] GC(418)   Other: 0.07ms
[214.891s][info][gc,heap     ] GC(418) Eden regions: 148->0(133)
[214.891s][info][gc,heap     ] GC(418) Survivor regions: 5->20(20)
[214.891s][info][gc,heap     ] GC(418) Old regions: 28->30
[214.891s][info][gc,heap     ] GC(418) Humongous regions: 4->4
[214.891s][info][gc,metaspace] GC(418) Metaspace: 42168K(42624K)->42168K(42624K) NonClass: 37831K(38080K)->37831K(38080K) Class: 4337K(4544K)->4337K(4544K)
[214.891s][info][gc          ] GC(418) Pause Young (Prepare Mixed) (G1 Evacuation Pause) 183M->53M(256M) 24.017ms
[214.891s][info][gc,cpu      ] GC(418) User=0.04s Sys=0.00s Real=0.03s
[215.234s][info][gc,start    ] GC(419) Pause Young (Mixed) (G1 Evacuation Pause)
[215.234s][info][gc,task     ] GC(419) Using 2 workers of 2 for evacuation
[215.274s][info][gc,phases   ] GC(419)   Pre Evacuate Collection Set: 0.15ms
[215.274s][info][gc,phases   ] GC(419)   Merge Heap Roots: 0.15ms
[215.274s][info][gc,phases   ] GC(419)   Evacuate Collection Set: 39.55ms
[215.274s][info][gc,phases   ] GC(419)   Post Evacuate Collection Set: 0.45ms
[215.274s][info][gc,phases   ] GC(419)   Other: 0.07ms
[215.274s][info][gc,heap     ] GC(419) Eden regions: 133->0(136)
[215.274s][info][gc,heap     ] GC(419) Survivor regions: 20->17(20)
[215.274s][info][gc,heap     ] GC(419) Old regions: 30->47
[215.274s][info][gc,heap     ] GC(419) Humongous regions: 6->6
[215.274s][info][gc,metaspace] GC(419) Metaspace: 42168K(42624K)->42168K(42624K) NonClass: 37831K(38080K)->37831K(38080K) Class: 4337K(4544K)->4337K(4544K)
[215.275s][info][gc          ] GC(419) Pause Young (Mixed) (G1 Evacuation Pause) 188M->70M(256M) 40.607ms
[215.275s][info][gc,cpu      ] GC(419) User=0.08s Sys=0.00s Real=0.04s
[215.610s][info][gc,start    ] GC(420) Pause Young (Concurrent Start) (G1 Evacuation Pause)
[215.610s][info][gc,task     ] GC(420) Using 2 workers of 2 for evacuation
[215.646s][info][gc,phases   ] GC(420)   Pre Evacuate Collection Set: 0.16ms
[215.646s][info][gc,phases   ] GC(420)   Merge Heap Roots: 0.12ms
[215.646s][info][gc,phases   ] GC(420)   Evacuate Collection Set: 35.63ms
[215.646s][info][gc,phases   ] GC(420)   Post Evacuate Collection Set: 0.42ms
[215.646s][info][gc,phases   ] GC(420)   Other: 0.14ms
[215.647s][info][gc,heap     ] GC(420) Eden regions: 136->0(133)
[215.647s][info][gc,heap     ] GC(420) Survivor regions: 17->17(20)
[215.647s][info][gc,heap     ] GC(420) Old regions: 47->64
[215.647s][info][gc,heap     ] GC(420) Humongous regions: 6->6
[215.647s][info][gc,metaspace] GC(420) Metaspace: 42168K(42624K)->42168K(42624K) NonClass: 37831K(38080K)->37831K(38080K) Class: 4337K(4544K)->4337K(4544K)
[215.647s][info][gc          ] GC(420) Pause Young (Concurrent Start) (G1 Evacuation Pause) 206M->86M(256M) 36.704ms
[215.647s][info][gc,cpu      ] GC(420) User=0.07s Sys=0.00s Real=0.04s
[215.647s][info][gc          ] GC(421) Concurrent Mark Cycle
[215.647s][info][gc,marking  ] GC(421) Concurrent Scan Root Regions
[215.675s][info][gc,marking  ] GC(421) Concurrent Scan Root Regions 28.727ms
[215.676s][info][gc,marking  ] GC(421) Concurrent Mark
[215.676s][info][gc,marking  ] GC(421) Concurrent Mark From Roots
[215.676s][info][gc,task     ] GC(421) Using 1 workers of 1 for marking
[215.743s][info][gc,marking  ] GC(421) Concurrent Mark From Roots 67.649ms
[215.743s][info][gc,marking  ] GC(421) Concurrent Preclean
[215.743s][info][gc,marking  ] GC(421) Concurrent Preclean 0.037ms
[215.743s][info][gc,start    ] GC(421) Pause Remark
[215.760s][info][gc          ] GC(421) Pause Remark 127M->126M(256M) 16.784ms
[215.760s][info][gc,cpu      ] GC(421) User=0.03s Sys=0.00s Real=0.01s
[215.760s][info][gc,marking  ] GC(421) Concurrent Mark 84.863ms
[215.760s][info][gc,marking  ] GC(421) Concurrent Rebuild Remembered Sets and Scrub Regions
[215.803s][info][gc,marking  ] GC(421) Concurrent Rebuild Remembered Sets and Scrub Regions 42.244ms
[215.803s][info][gc,start    ] GC(421) Pause Cleanup
[215.803s][info][gc          ] GC(421) Pause Cleanup 143M->143M(256M) 0.041ms
[215.803s][info][gc,cpu      ] GC(421) User=0.00s Sys=0.00s Real=0.00s
[215.803s][info][gc,marking  ] GC(421) Concurrent Clear Claimed Marks
[215.803s][info][gc,marking  ] GC(421) Concurrent Clear Claimed Marks 0.040ms
[215.803s][info][gc,marking  ] GC(421) Concurrent Cleanup for Next Mark
[215.804s][info][gc,marking  ] GC(421) Concurrent Cleanup for Next Mark 0.781ms
[215.804s][info][gc          ] GC(421) Concurrent Mark Cycle 157.163ms
[216.045s][info][gc,start    ] GC(422) Pause Young (Prepare Mixed) (G1 Evacuation Pause)
[216.045s][info][gc,task     ] GC(422) Using 2 workers of 2 for evacuation
[216.086s][info][gc,phases   ] GC(422)   Pre Evacuate Collection Set: 0.17ms
[216.086s][info][gc,phases   ] GC(422)   Merge Heap Roots: 0.21ms
[216.086s][info][gc,phases   ] GC(422)   Evacuate Collection Set: 40.03ms
[216.086s][info][gc,phases   ] GC(422)   Post Evacuate Collection Set: 0.43ms
[216.086s][info][gc,phases   ] GC(422)   Other: 0.10ms
[216.086s][info][gc,heap     ] GC(422) Eden regions: 133->0(118)
[216.086s][info][gc,heap     ] GC(422) Survivor regions: 17->16(19)
[216.086s][info][gc,heap     ] GC(422) Old regions: 64->80
[216.086s][info][gc,heap     ] GC(422) Humongous regions: 9->9
[216.086s][info][gc,metaspace] GC(422) Metaspace: 42168K(42624K)->42168K(42624K) NonClass: 37831K(38080K)->37831K(38080K) Class: 4337K(4544K)->4337K(4544K)
[216.086s][info][gc          ] GC(422) Pause Young (Prepare Mixed) (G1 Evacuation Pause) 222M->104M(256M) 41.221ms
[216.086s][info][gc,cpu      ] GC(422) User=0.08s Sys=0.00s Real=0.04s
[216.403s][info][gc,start    ] GC(423) Pause Young (Mixed) (G1 Evacuation Pause)
[216.403s][info][gc,task     ] GC(423) Using 2 workers of 2 for evacuation
[216.452s][info][gc,phases   ] GC(423)   Pre Evacuate Collection Set: 0.19ms
[216.452s][info][gc,phases   ] GC(423)   Merge Heap Roots: 0.15ms
[216.452s][info][gc,phases   ] GC(423)   Evacuate Collection Set: 47.39ms
[216.452s][info][gc,phases   ] GC(423)   Post Evacuate Collection Set: 0.61ms
[216.452s][info][gc,phases   ] GC(423)   Other: 0.10ms
[216.452s][info][gc,heap     ] GC(423) Eden regions: 118->0(108)
[216.452s][info][gc,heap     ] GC(423) Survivor regions: 16->15(17)
[216.452s][info][gc,heap     ] GC(423) Old regions: 80->93
[216.452s][info][gc,heap     ] GC(423) Humongous regions: 9->9
[216.452s][info][gc,metaspace] GC(423) Metaspace: 42168K(42624K)->42168K(42624K) NonClass: 37831K(38080K)->37831K(38080K) Class: 4337K(4544K)->4337K(4544K)
[216.452s][info][gc          ] GC(423) Pause Young (Mixed) (G1 Evacuation Pause) 222M->116M(256M) 48.776ms
[216.452s][info][gc,cpu      ] GC(423) User=0.10s Sys=0.00s Real=0.05s
[216.599s][info][gc,start    ] GC(424) Pause Young (Concurrent Start) (G1 Humongous Allocation)
[216.599s][info][gc,task     ] GC(424) Using 2 workers of 2 for evacuation
[216.633s][info][gc,phases   ] GC(424)   Pre Evacuate Collection Set: 0.18ms
[216.633s][info][gc,phases   ] GC(424)   Merge Heap Roots: 0.09ms
[216.633s][info][gc,phases   ] GC(424)   Evacuate Collection Set: 31.47ms
[216.633s][info][gc,phases   ] GC(424)   Post Evacuate Collection Set: 1.32ms
[216.633s][info][gc,phases   ] GC(424)   Other: 0.19ms
[216.633s][info][gc,heap     ] GC(424) Eden regions: 14->0(182)
[216.633s][info][gc,heap     ] GC(424) Survivor regions: 15->10(16)
[216.633s][info][gc,heap     ] GC(424) Old regions: 93->107
[216.633s][info][gc,heap     ] GC(424) Humongous regions: 9->9
[216.633s][info][gc,metaspace] GC(424) Metaspace: 42168K(42624K)->42168K(42624K) NonClass: 37831K(38080K)->37831K(38080K) Class: 4337K(4544K)->4337K(4544K)
[216.633s][info][gc          ] GC(424) Pause Young (Concurrent Start) (G1 Humongous Allocation) 129M->125M(393M) 33.490ms
[216.633s][info][gc,cpu      ] GC(424) User=0.07s Sys=0.00s Real=0.04s
[216.633s][info][gc          ] GC(425) Concurrent Mark Cycle
[216.633s][info][gc,marking  ] GC(425) Concurrent Scan Root Regions
[216.687s][info][gc,marking  ] GC(425) Concurrent Scan Root Regions 53.653ms
[216.687s][info][gc,marking  ] GC(425) Concurrent Mark
[216.687s][info][gc,marking  ] GC(425) Concurrent Mark From Roots
[216.687s][info][gc,task     ] GC(425) Using 1 workers of 1 for marking
[216.815s][info][gc,marking  ] GC(425) Concurrent Mark From Roots 127.874ms
[216.815s][info][gc,marking  ] GC(425) Concurrent Preclean
[216.815s][info][gc,marking  ] GC(425) Concurrent Preclean 0.041ms
[216.815s][info][gc,start    ] GC(425) Pause Remark
[216.830s][info][gc          ] GC(425) Pause Remark 139M->137M(393M) 15.627ms
[216.830s][info][gc,cpu      ] GC(425) User=0.03s Sys=0.00s Real=0.02s
[216.834s][info][gc,marking  ] GC(425) Concurrent Mark 147.731ms
[216.834s][info][gc,marking  ] GC(425) Concurrent Rebuild Remembered Sets and Scrub Regions
[216.904s][info][gc,marking  ] GC(425) Concurrent Rebuild Remembered Sets and Scrub Regions 69.568ms
[216.904s][info][gc,start    ] GC(425) Pause Cleanup
[216.904s][info][gc          ] GC(425) Pause Cleanup 145M->145M(393M) 0.080ms
[216.904s][info][gc,cpu      ] GC(425) User=0.00s Sys=0.00s Real=0.00s
[216.904s][info][gc,marking  ] GC(425) Concurrent Clear Claimed Marks
[216.904s][info][gc,marking  ] GC(425) Concurrent Clear Claimed Marks 0.057ms
[216.904s][info][gc,marking  ] GC(425) Concurrent Cleanup for Next Mark
[216.907s][info][gc,marking  ] GC(425) Concurrent Cleanup for Next Mark 2.616ms
[216.907s][info][gc          ] GC(425) Concurrent Mark Cycle 274.372ms
[218.113s][info][gc,start    ] GC(426) Pause Young (Prepare Mixed) (G1 Evacuation Pause)
[218.113s][info][gc,task     ] GC(426) Using 2 workers of 2 for evacuation
[218.145s][info][gc,phases   ] GC(426)   Pre Evacuate Collection Set: 0.25ms
[218.145s][info][gc,phases   ] GC(426)   Merge Heap Roots: 0.15ms
[218.145s][info][gc,phases   ] GC(426)   Evacuate Collection Set: 30.72ms
[218.145s][info][gc,phases   ] GC(426)   Post Evacuate Collection Set: 0.54ms
[218.145s][info][gc,phases   ] GC(426)   Other: 0.08ms
[218.145s][info][gc,heap     ] GC(426) Eden regions: 182->0(167)
[218.145s][info][gc,heap     ] GC(426) Survivor regions: 10->24(24)
[218.145s][info][gc,heap     ] GC(426) Old regions: 107->113
[218.145s][info][gc,heap     ] GC(426) Humongous regions: 15->13
[218.145s][info][gc,metaspace] GC(426) Metaspace: 42169K(42624K)->42169K(42624K) NonClass: 37831K(38080K)->37831K(38080K) Class: 4337K(4544K)->4337K(4544K)
[218.145s][info][gc          ] GC(426) Pause Young (Prepare Mixed) (G1 Evacuation Pause) 313M->150M(393M) 31.937ms
[218.145s][info][gc,cpu      ] GC(426) User=0.06s Sys=0.00s Real=0.03s
[219.014s][info][gc,start    ] GC(427) Pause Young (Mixed) (G1 Evacuation Pause)
[219.014s][info][gc,task     ] GC(427) Using 2 workers of 2 for evacuation
[219.051s][info][gc,phases   ] GC(427)   Pre Evacuate Collection Set: 0.18ms
[219.051s][info][gc,phases   ] GC(427)   Merge Heap Roots: 0.15ms
[219.051s][info][gc,phases   ] GC(427)   Evacuate Collection Set: 36.03ms
[219.051s][info][gc,phases   ] GC(427)   Post Evacuate Collection Set: 0.53ms
[219.051s][info][gc,phases   ] GC(427)   Other: 0.08ms
[219.051s][info][gc,heap     ] GC(427) Eden regions: 167->0(168)
[219.051s][info][gc,heap     ] GC(427) Survivor regions: 24->12(24)
[219.051s][info][gc,heap     ] GC(427) Old regions: 113->134
[219.051s][info][gc,heap     ] GC(427) Humongous regions: 13->13
[219.051s][info][gc,metaspace] GC(427) Metaspace: 42169K(42624K)->42169K(42624K) NonClass: 37831K(38080K)->37831K(38080K) Class: 4337K(4544K)->4337K(4544K)
[219.051s][info][gc          ] GC(427) Pause Young (Mixed) (G1 Evacuation Pause) 317M->158M(393M) 37.183ms
[219.051s][info][gc,cpu      ] GC(427) User=0.07s Sys=0.00s Real=0.04s
[220.113s][info][gc,start    ] GC(428) Pause Young (Concurrent Start) (G1 Evacuation Pause)
[220.113s][info][gc,task     ] GC(428) Using 2 workers of 2 for evacuation
[220.141s][info][gc,phases   ] GC(428)   Pre Evacuate Collection Set: 0.22ms
[220.141s][info][gc,phases   ] GC(428)   Merge Heap Roots: 0.08ms
[220.141s][info][gc,phases   ] GC(428)   Evacuate Collection Set: 26.94ms
[220.141s][info][gc,phases   ] GC(428)   Post Evacuate Collection Set: 0.47ms
[220.141s][info][gc,phases   ] GC(428)   Other: 0.09ms
[220.141s][info][gc,heap     ] GC(428) Eden regions: 168->0(160)
[220.141s][info][gc,heap     ] GC(428) Survivor regions: 12->23(23)
[220.141s][info][gc,heap     ] GC(428) Old regions: 134->139
[220.141s][info][gc,heap     ] GC(428) Humongous regions: 13->13
[220.141s][info][gc,metaspace] GC(428) Metaspace: 42169K(42624K)->42169K(42624K) NonClass: 37831K(38080K)->37831K(38080K) Class: 4337K(4544K)->4337K(4544K)
[220.141s][info][gc          ] GC(428) Pause Young (Concurrent Start) (G1 Evacuation Pause) 326M->175M(393M) 27.998ms
[220.141s][info][gc,cpu      ] GC(428) User=0.06s Sys=0.00s Real=0.03s
[220.141s][info][gc          ] GC(429) Concurrent Mark Cycle
[220.141s][info][gc,marking  ] GC(429) Concurrent Scan Root Regions
[220.184s][info][gc,marking  ] GC(429) Concurrent Scan Root Regions 42.502ms
[220.184s][info][gc,marking  ] GC(429) Concurrent Mark
[220.184s][info][gc,marking  ] GC(429) Concurrent Mark From Roots
[220.184s][info][gc,task     ] GC(429) Using 1 workers of 1 for marking
[220.220s][info][gc,marking  ] GC(429) Concurrent Mark From Roots 36.202ms
[220.220s][info][gc,marking  ] GC(429) Concurrent Preclean
[220.220s][info][gc,marking  ] GC(429) Concurrent Preclean 0.036ms
[220.220s][info][gc,start    ] GC(429) Pause Remark
[220.236s][info][gc          ] GC(429) Pause Remark 185M->89M(264M) 15.676ms
[220.236s][info][gc,cpu      ] GC(429) User=0.03s Sys=0.00s Real=0.01s
[220.236s][info][gc,marking  ] GC(429) Concurrent Mark 52.181ms
[220.236s][info][gc,marking  ] GC(429) Concurrent Rebuild Remembered Sets and Scrub Regions
[220.255s][info][gc,marking  ] GC(429) Concurrent Rebuild Remembered Sets and Scrub Regions 18.942ms
[220.255s][info][gc,start    ] GC(429) Pause Cleanup
[220.255s][info][gc          ] GC(429) Pause Cleanup 92M->92M(264M) 0.041ms
[220.255s][info][gc,cpu      ] GC(429) User=0.00s Sys=0.00s Real=0.00s
[220.255s][info][gc,marking  ] GC(429) Concurrent Clear Claimed Marks
[220.255s][info][gc,marking  ] GC(429) Concurrent Clear Claimed Marks 0.049ms
[220.255s][info][gc,marking  ] GC(429) Concurrent Cleanup for Next Mark
[220.256s][info][gc,marking  ] GC(429) Concurrent Cleanup for Next Mark 0.748ms
[220.256s][info][gc          ] GC(429) Concurrent Mark Cycle 115.450ms
[220.943s][info][gc,start    ] GC(430) Pause Young (Prepare Mixed) (G1 Evacuation Pause)
[220.943s][info][gc,task     ] GC(430) Using 2 workers of 2 for evacuation
[220.965s][info][gc,phases   ] GC(430)   Pre Evacuate Collection Set: 0.17ms
[220.965s][info][gc,phases   ] GC(430)   Merge Heap Roots: 0.12ms
[220.965s][info][gc,phases   ] GC(430)   Evacuate Collection Set: 21.39ms
[220.965s][info][gc,phases   ] GC(430)   Post Evacuate Collection Set: 0.45ms
[220.965s][info][gc,phases   ] GC(430)   Other: 0.08ms
[220.965s][info][gc,heap     ] GC(430) Eden regions: 135->0(138)
[220.965s][info][gc,heap     ] GC(430) Survivor regions: 23->15(20)
[220.965s][info][gc,heap     ] GC(430) Old regions: 55->62
[220.965s][info][gc,heap     ] GC(430) Humongous regions: 1->1
[220.965s][info][gc,metaspace] GC(430) Metaspace: 42169K(42624K)->42169K(42624K) NonClass: 37831K(38080K)->37831K(38080K) Class: 4337K(4544K)->4337K(4544K)
[220.965s][info][gc          ] GC(430) Pause Young (Prepare Mixed) (G1 Evacuation Pause) 214M->77M(264M) 22.440ms
[220.965s][info][gc,cpu      ] GC(430) User=0.05s Sys=0.00s Real=0.02s
[221.834s][info][gc,start    ] GC(431) Pause Young (Mixed) (G1 Evacuation Pause)
[221.834s][info][gc,task     ] GC(431) Using 2 workers of 2 for evacuation
[221.857s][info][gc,phases   ] GC(431)   Pre Evacuate Collection Set: 0.21ms
[221.858s][info][gc,phases   ] GC(431)   Merge Heap Roots: 0.11ms
[221.858s][info][gc,phases   ] GC(431)   Evacuate Collection Set: 22.55ms
[221.858s][info][gc,phases   ] GC(431)   Post Evacuate Collection Set: 0.43ms
[221.858s][info][gc,phases   ] GC(431)   Other: 0.07ms
[221.858s][info][gc,heap     ] GC(431) Eden regions: 138->0(135)
[221.858s][info][gc,heap     ] GC(431) Survivor regions: 15->14(20)
[221.858s][info][gc,heap     ] GC(431) Old regions: 62->68
[221.858s][info][gc,heap     ] GC(431) Humongous regions: 2->2
[221.858s][info][gc,metaspace] GC(431) Metaspace: 42170K(42624K)->42170K(42624K) NonClass: 37832K(38080K)->37832K(38080K) Class: 4337K(4544K)->4337K(4544K)
[221.858s][info][gc          ] GC(431) Pause Young (Mixed) (G1 Evacuation Pause) 216M->83M(264M) 23.561ms
[221.858s][info][gc,cpu      ] GC(431) User=0.04s Sys=0.00s Real=0.02s
[222.659s][info][gc,start    ] GC(432) Pause Young (Concurrent Start) (G1 Evacuation Pause)
[222.659s][info][gc,task     ] GC(432) Using 2 workers of 2 for evacuation
[222.684s][info][gc,phases   ] GC(432)   Pre Evacuate Collection Set: 0.21ms
[222.684s][info][gc,phases   ] GC(432)   Merge Heap Roots: 0.09ms
[222.684s][info][gc,phases   ] GC(432)   Evacuate Collection Set: 23.85ms
[222.684s][info][gc,phases   ] GC(432)   Post Evacuate Collection Set: 0.46ms
[222.684s][info][gc,phases   ] GC(432)   Other: 0.09ms
[222.684s][info][gc,heap     ] GC(432) Eden regions: 135->0(127)
[222.684s][info][gc,heap     ] GC(432) Survivor regions: 14->13(19)
[222.684s][info][gc,heap     ] GC(432) Old regions: 68->82
[222.684s][info][gc,heap     ] GC(432) Humongous regions: 2->2
[222.684s][info][gc,metaspace] GC(432) Metaspace: 42170K(42624K)->42170K(42624K) NonClass: 37832K(38080K)->37832K(38080K) Class: 4337K(4544K)->4337K(4544K)
[222.684s][info][gc          ] GC(432) Pause Young (Concurrent Start) (G1 Evacuation Pause) 218M->96M(264M) 24.932ms
[222.684s][info][gc,cpu      ] GC(432) User=0.05s Sys=0.00s Real=0.03s
[222.684s][info][gc          ] GC(433) Concurrent Mark Cycle
[222.684s][info][gc,marking  ] GC(433) Concurrent Scan Root Regions
[222.701s][info][gc,marking  ] GC(433) Concurrent Scan Root Regions 17.316ms
[222.701s][info][gc,marking  ] GC(433) Concurrent Mark
[222.701s][info][gc,marking  ] GC(433) Concurrent Mark From Roots
[222.701s][info][gc,task     ] GC(433) Using 1 workers of 1 for marking
[222.741s][info][gc,marking  ] GC(433) Concurrent Mark From Roots 39.768ms
[222.741s][info][gc,marking  ] GC(433) Concurrent Preclean
[222.741s][info][gc,marking  ] GC(433) Concurrent Preclean 0.038ms
[222.741s][info][gc,start    ] GC(433) Pause Remark
[222.757s][info][gc          ] GC(433) Pause Remark 102M->95M(264M) 15.810ms
[222.757s][info][gc,cpu      ] GC(433) User=0.03s Sys=0.00s Real=0.01s
[222.757s][info][gc,marking  ] GC(433) Concurrent Mark 55.804ms
[222.757s][info][gc,marking  ] GC(433) Concurrent Rebuild Remembered Sets and Scrub Regions
[222.783s][info][gc,marking  ] GC(433) Concurrent Rebuild Remembered Sets and Scrub Regions 25.384ms
[222.783s][info][gc,start    ] GC(433) Pause Cleanup
[222.783s][info][gc          ] GC(433) Pause Cleanup 99M->99M(264M) 0.047ms
[222.783s][info][gc,cpu      ] GC(433) User=0.00s Sys=0.00s Real=0.00s
[222.783s][info][gc,marking  ] GC(433) Concurrent Clear Claimed Marks
[222.783s][info][gc,marking  ] GC(433) Concurrent Clear Claimed Marks 0.038ms
[222.783s][info][gc,marking  ] GC(433) Concurrent Cleanup for Next Mark
[222.784s][info][gc,marking  ] GC(433) Concurrent Cleanup for Next Mark 0.802ms
[222.784s][info][gc          ] GC(433) Concurrent Mark Cycle 99.710ms
[223.340s][info][gc,start    ] GC(434) Pause Young (Prepare Mixed) (G1 Evacuation Pause)
[223.340s][info][gc,task     ] GC(434) Using 2 workers of 2 for evacuation
[223.367s][info][gc,phases   ] GC(434)   Pre Evacuate Collection Set: 0.19ms
[223.367s][info][gc,phases   ] GC(434)   Merge Heap Roots: 0.09ms
[223.367s][info][gc,phases   ] GC(434)   Evacuate Collection Set: 26.19ms
[223.367s][info][gc,phases   ] GC(434)   Post Evacuate Collection Set: 0.43ms
[223.367s][info][gc,phases   ] GC(434)   Other: 0.12ms
[223.367s][info][gc,heap     ] GC(434) Eden regions: 127->0(119)
[223.367s][info][gc,heap     ] GC(434) Survivor regions: 13->18(18)
[223.367s][info][gc,heap     ] GC(434) Old regions: 75->81
[223.367s][info][gc,heap     ] GC(434) Humongous regions: 6->4
[223.367s][info][gc,metaspace] GC(434) Metaspace: 42177K(42624K)->42177K(42624K) NonClass: 37839K(38080K)->37839K(38080K) Class: 4337K(4544K)->4337K(4544K)
[223.367s][info][gc          ] GC(434) Pause Young (Prepare Mixed) (G1 Evacuation Pause) 220M->102M(264M) 27.220ms
[223.367s][info][gc,cpu      ] GC(434) User=0.05s Sys=0.00s Real=0.03s
[223.892s][info][gc,start    ] GC(435) Pause Young (Mixed) (G1 Evacuation Pause)
[223.892s][info][gc,task     ] GC(435) Using 2 workers of 2 for evacuation
[223.910s][info][gc,phases   ] GC(435)   Pre Evacuate Collection Set: 0.20ms
[223.910s][info][gc,phases   ] GC(435)   Merge Heap Roots: 0.26ms
[223.910s][info][gc,phases   ] GC(435)   Evacuate Collection Set: 16.70ms
[223.910s][info][gc,phases   ] GC(435)   Post Evacuate Collection Set: 0.51ms
[223.910s][info][gc,phases   ] GC(435)   Other: 0.09ms
[223.910s][info][gc,heap     ] GC(435) Eden regions: 119->0(149)
[223.910s][info][gc,heap     ] GC(435) Survivor regions: 18->4(18)
[223.910s][info][gc,heap     ] GC(435) Old regions: 81->64
[223.910s][info][gc,heap     ] GC(435) Humongous regions: 20->4
[223.910s][info][gc,metaspace] GC(435) Metaspace: 42185K(42688K)->42185K(42688K) NonClass: 37848K(38144K)->37848K(38144K) Class: 4337K(4544K)->4337K(4544K)
[223.910s][info][gc          ] GC(435) Pause Young (Mixed) (G1 Evacuation Pause) 237M->72M(264M) 17.990ms
[223.910s][info][gc,cpu      ] GC(435) User=0.04s Sys=0.00s Real=0.01s
[223.951s][info][gc,start    ] GC(436) Pause Young (Concurrent Start) (G1 Humongous Allocation)
[223.951s][info][gc,task     ] GC(436) Using 2 workers of 2 for evacuation
[223.957s][info][gc,phases   ] GC(436)   Pre Evacuate Collection Set: 0.19ms
[223.957s][info][gc,phases   ] GC(436)   Merge Heap Roots: 0.04ms
[223.957s][info][gc,phases   ] GC(436)   Evacuate Collection Set: 5.60ms
[223.957s][info][gc,phases   ] GC(436)   Post Evacuate Collection Set: 0.39ms
[223.957s][info][gc,phases   ] GC(436)   Other: 0.08ms
[223.957s][info][gc,heap     ] GC(436) Eden regions: 9->0(118)
[223.957s][info][gc,heap     ] GC(436) Survivor regions: 4->7(20)
[223.957s][info][gc,heap     ] GC(436) Old regions: 64->64
[223.957s][info][gc,heap     ] GC(436) Humongous regions: 4->4
[223.957s][info][gc,metaspace] GC(436) Metaspace: 42185K(42688K)->42185K(42688K) NonClass: 37848K(38144K)->37848K(38144K) Class: 4337K(4544K)->4337K(4544K)
[223.957s][info][gc          ] GC(436) Pause Young (Concurrent Start) (G1 Humongous Allocation) 80M->75M(264M) 6.488ms
[223.957s][info][gc,cpu      ] GC(436) User=0.01s Sys=0.00s Real=0.00s
[223.958s][info][gc          ] GC(437) Concurrent Mark Cycle
[223.958s][info][gc,marking  ] GC(437) Concurrent Scan Root Regions
[223.969s][info][gc,marking  ] GC(437) Concurrent Scan Root Regions 11.852ms
[223.969s][info][gc,marking  ] GC(437) Concurrent Mark
[223.969s][info][gc,marking  ] GC(437) Concurrent Mark From Roots
[223.969s][info][gc,task     ] GC(437) Using 1 workers of 1 for marking
[224.026s][info][gc,marking  ] GC(437) Concurrent Mark From Roots 57.033ms
[224.027s][info][gc,marking  ] GC(437) Concurrent Preclean
[224.027s][info][gc,marking  ] GC(437) Concurrent Preclean 0.044ms
[224.027s][info][gc,start    ] GC(437) Pause Remark
[224.043s][info][gc          ] GC(437) Pause Remark 90M->85M(256M) 16.666ms
[224.043s][info][gc,cpu      ] GC(437) User=0.03s Sys=0.01s Real=0.02s
[224.044s][info][gc,marking  ] GC(437) Concurrent Mark 74.977ms
[224.044s][info][gc,marking  ] GC(437) Concurrent Rebuild Remembered Sets and Scrub Regions
[224.064s][info][gc,marking  ] GC(437) Concurrent Rebuild Remembered Sets and Scrub Regions 19.065ms
[224.064s][info][gc,start    ] GC(437) Pause Cleanup
[224.064s][info][gc          ] GC(437) Pause Cleanup 87M->87M(256M) 0.072ms
[224.064s][info][gc,cpu      ] GC(437) User=0.00s Sys=0.00s Real=0.00s
[224.064s][info][gc,marking  ] GC(437) Concurrent Clear Claimed Marks
[224.064s][info][gc,marking  ] GC(437) Concurrent Clear Claimed Marks 0.047ms
[224.064s][info][gc,marking  ] GC(437) Concurrent Cleanup for Next Mark
[224.065s][info][gc,marking  ] GC(437) Concurrent Cleanup for Next Mark 0.789ms
[224.065s][info][gc          ] GC(437) Concurrent Mark Cycle 107.170ms
[224.527s][info][gc,start    ] GC(438) Pause Young (Prepare Mixed) (G1 Evacuation Pause)
[224.527s][info][gc,task     ] GC(438) Using 2 workers of 2 for evacuation
[224.534s][info][gc,phases   ] GC(438)   Pre Evacuate Collection Set: 0.22ms
[224.534s][info][gc,phases   ] GC(438)   Merge Heap Roots: 0.09ms
[224.534s][info][gc,phases   ] GC(438)   Evacuate Collection Set: 5.72ms
[224.534s][info][gc,phases   ] GC(438)   Post Evacuate Collection Set: 0.39ms
[224.534s][info][gc,phases   ] GC(438)   Other: 0.07ms
[224.534s][info][gc,heap     ] GC(438) Eden regions: 118->0(124)
[224.534s][info][gc,heap     ] GC(438) Survivor regions: 7->7(16)
[224.534s][info][gc,heap     ] GC(438) Old regions: 60->60
[224.534s][info][gc,heap     ] GC(438) Humongous regions: 7->3
[224.534s][info][gc,metaspace] GC(438) Metaspace: 42185K(42688K)->42185K(42688K) NonClass: 37848K(38144K)->37848K(38144K) Class: 4337K(4544K)->4337K(4544K)
[224.534s][info][gc          ] GC(438) Pause Young (Prepare Mixed) (G1 Evacuation Pause) 192M->69M(256M) 6.686ms
[224.534s][info][gc,cpu      ] GC(438) User=0.02s Sys=0.00s Real=0.01s
[225.120s][info][gc,start    ] GC(439) Pause Young (Mixed) (G1 Evacuation Pause)
[225.120s][info][gc,task     ] GC(439) Using 2 workers of 2 for evacuation
[225.125s][info][gc,phases   ] GC(439)   Pre Evacuate Collection Set: 0.15ms
[225.125s][info][gc,phases   ] GC(439)   Merge Heap Roots: 0.08ms
[225.125s][info][gc,phases   ] GC(439)   Evacuate Collection Set: 3.98ms
[225.125s][info][gc,phases   ] GC(439)   Post Evacuate Collection Set: 0.41ms
[225.125s][info][gc,phases   ] GC(439)   Other: 0.07ms
[225.125s][info][gc,heap     ] GC(439) Eden regions: 124->0(148)
[225.125s][info][gc,heap     ] GC(439) Survivor regions: 7->4(17)
[225.125s][info][gc,heap     ] GC(439) Old regions: 60->41
[225.125s][info][gc,heap     ] GC(439) Humongous regions: 11->3
[225.125s][info][gc,metaspace] GC(439) Metaspace: 42187K(42688K)->42187K(42688K) NonClass: 37849K(38144K)->37849K(38144K) Class: 4337K(4544K)->4337K(4544K)
[225.125s][info][gc          ] GC(439) Pause Young (Mixed) (G1 Evacuation Pause) 201M->47M(256M) 4.864ms
[225.125s][info][gc,cpu      ] GC(439) User=0.01s Sys=0.00s Real=0.01s
[225.789s][info][gc,start    ] GC(440) Pause Young (Concurrent Start) (G1 Evacuation Pause)
[225.789s][info][gc,task     ] GC(440) Using 2 workers of 2 for evacuation
[225.811s][info][gc,phases   ] GC(440)   Pre Evacuate Collection Set: 0.17ms
[225.811s][info][gc,phases   ] GC(440)   Merge Heap Roots: 0.06ms
[225.811s][info][gc,phases   ] GC(440)   Evacuate Collection Set: 21.36ms
[225.811s][info][gc,phases   ] GC(440)   Post Evacuate Collection Set: 0.44ms
[225.811s][info][gc,phases   ] GC(440)   Other: 0.09ms
[225.811s][info][gc,heap     ] GC(440) Eden regions: 148->0(134)
[225.811s][info][gc,heap     ] GC(440) Survivor regions: 4->19(19)
[225.811s][info][gc,heap     ] GC(440) Old regions: 41->41
[225.811s][info][gc,heap     ] GC(440) Humongous regions: 3->3
[225.811s][info][gc,metaspace] GC(440) Metaspace: 42188K(42688K)->42188K(42688K) NonClass: 37851K(38144K)->37851K(38144K) Class: 4337K(4544K)->4337K(4544K)
[225.811s][info][gc          ] GC(440) Pause Young (Concurrent Start) (G1 Evacuation Pause) 195M->62M(256M) 22.305ms
[225.811s][info][gc          ] GC(441) Concurrent Mark Cycle
[225.811s][info][gc,marking  ] GC(441) Concurrent Scan Root Regions
[225.811s][info][gc,cpu      ] GC(440) User=0.05s Sys=0.00s Real=0.03s
[225.833s][info][gc,marking  ] GC(441) Concurrent Scan Root Regions 21.254ms
[225.833s][info][gc,marking  ] GC(441) Concurrent Mark
[225.833s][info][gc,marking  ] GC(441) Concurrent Mark From Roots
[225.833s][info][gc,task     ] GC(441) Using 1 workers of 1 for marking
[225.894s][info][gc,marking  ] GC(441) Concurrent Mark From Roots 61.258ms
[225.894s][info][gc,marking  ] GC(441) Concurrent Preclean
[225.894s][info][gc,marking  ] GC(441) Concurrent Preclean 0.037ms
[225.894s][info][gc,start    ] GC(441) Pause Remark
[225.910s][info][gc          ] GC(441) Pause Remark 76M->76M(256M) 16.002ms
[225.910s][info][gc,cpu      ] GC(441) User=0.03s Sys=0.00s Real=0.01s
[225.911s][info][gc,marking  ] GC(441) Concurrent Mark 78.161ms
[225.911s][info][gc,marking  ] GC(441) Concurrent Rebuild Remembered Sets and Scrub Regions
[225.945s][info][gc,marking  ] GC(441) Concurrent Rebuild Remembered Sets and Scrub Regions 33.742ms
[225.946s][info][gc,start    ] GC(441) Pause Cleanup
[225.946s][info][gc          ] GC(441) Pause Cleanup 82M->82M(256M) 0.051ms
[225.946s][info][gc,cpu      ] GC(441) User=0.00s Sys=0.00s Real=0.00s
[225.946s][info][gc,marking  ] GC(441) Concurrent Clear Claimed Marks
[225.946s][info][gc,marking  ] GC(441) Concurrent Clear Claimed Marks 0.040ms
[225.946s][info][gc,marking  ] GC(441) Concurrent Cleanup for Next Mark
[225.948s][info][gc,marking  ] GC(441) Concurrent Cleanup for Next Mark 1.640ms
[225.948s][info][gc          ] GC(441) Concurrent Mark Cycle 136.466ms
[226.366s][info][gc,start    ] GC(442) Pause Young (Prepare Mixed) (G1 Evacuation Pause)
[226.366s][info][gc,task     ] GC(442) Using 2 workers of 2 for evacuation
[226.385s][info][gc,phases   ] GC(442)   Pre Evacuate Collection Set: 0.16ms
[226.385s][info][gc,phases   ] GC(442)   Merge Heap Roots: 0.08ms
[226.385s][info][gc,phases   ] GC(442)   Evacuate Collection Set: 18.80ms
[226.385s][info][gc,phases   ] GC(442)   Post Evacuate Collection Set: 0.46ms
[226.385s][info][gc,phases   ] GC(442)   Other: 0.07ms
[226.385s][info][gc,heap     ] GC(442) Eden regions: 134->0(143)
[226.385s][info][gc,heap     ] GC(442) Survivor regions: 19->6(20)
[226.385s][info][gc,heap     ] GC(442) Old regions: 41->55
[226.385s][info][gc,heap     ] GC(442) Humongous regions: 17->3
[226.385s][info][gc,metaspace] GC(442) Metaspace: 42197K(42688K)->42197K(42688K) NonClass: 37860K(38144K)->37860K(38144K) Class: 4337K(4544K)->4337K(4544K)
[226.385s][info][gc          ] GC(442) Pause Young (Prepare Mixed) (G1 Evacuation Pause) 210M->64M(256M) 19.761ms
[226.385s][info][gc,cpu      ] GC(442) User=0.03s Sys=0.00s Real=0.02s
[226.940s][info][gc,start    ] GC(443) Pause Young (Mixed) (G1 Evacuation Pause)
[226.940s][info][gc,task     ] GC(443) Using 2 workers of 2 for evacuation
[226.956s][info][gc,phases   ] GC(443)   Pre Evacuate Collection Set: 0.14ms
[226.956s][info][gc,phases   ] GC(443)   Merge Heap Roots: 0.12ms
[226.956s][info][gc,phases   ] GC(443)   Evacuate Collection Set: 15.19ms
[226.956s][info][gc,phases   ] GC(443)   Post Evacuate Collection Set: 0.45ms
[226.956s][info][gc,phases   ] GC(443)   Other: 0.07ms
[226.956s][info][gc,heap     ] GC(443) Eden regions: 143->0(142)
[226.956s][info][gc,heap     ] GC(443) Survivor regions: 6->11(19)
[226.956s][info][gc,heap     ] GC(443) Old regions: 55->53
[226.956s][info][gc,heap     ] GC(443) Humongous regions: 13->3
[226.956s][info][gc,metaspace] GC(443) Metaspace: 42197K(42688K)->42197K(42688K) NonClass: 37860K(38144K)->37860K(38144K) Class: 4337K(4544K)->4337K(4544K)
[226.956s][info][gc          ] GC(443) Pause Young (Mixed) (G1 Evacuation Pause) 217M->66M(256M) 16.159ms
[226.956s][info][gc,cpu      ] GC(443) User=0.03s Sys=0.00s Real=0.02s
[227.035s][info][gc,start    ] GC(444) Pause Young (Concurrent Start) (G1 Humongous Allocation)
[227.035s][info][gc,task     ] GC(444) Using 2 workers of 2 for evacuation
[227.041s][info][gc,phases   ] GC(444)   Pre Evacuate Collection Set: 0.16ms
[227.041s][info][gc,phases   ] GC(444)   Merge Heap Roots: 0.06ms
[227.041s][info][gc,phases   ] GC(444)   Evacuate Collection Set: 5.54ms
[227.041s][info][gc,phases   ] GC(444)   Post Evacuate Collection Set: 0.31ms
[227.041s][info][gc,phases   ] GC(444)   Other: 0.08ms
[227.041s][info][gc,heap     ] GC(444) Eden regions: 19->0(148)
[227.041s][info][gc,heap     ] GC(444) Survivor regions: 11->5(20)
[227.041s][info][gc,heap     ] GC(444) Old regions: 53->53
[227.041s][info][gc,heap     ] GC(444) Humongous regions: 3->1
[227.041s][info][gc,metaspace] GC(444) Metaspace: 42197K(42688K)->42197K(42688K) NonClass: 37860K(38144K)->37860K(38144K) Class: 4337K(4544K)->4337K(4544K)
[227.041s][info][gc          ] GC(444) Pause Young (Concurrent Start) (G1 Humongous Allocation) 84M->58M(256M) 6.314ms
[227.041s][info][gc,cpu      ] GC(444) User=0.01s Sys=0.00s Real=0.01s
[227.041s][info][gc          ] GC(445) Concurrent Mark Cycle
[227.041s][info][gc,marking  ] GC(445) Concurrent Scan Root Regions
[227.049s][info][gc,marking  ] GC(445) Concurrent Scan Root Regions 7.728ms
[227.049s][info][gc,marking  ] GC(445) Concurrent Mark
[227.049s][info][gc,marking  ] GC(445) Concurrent Mark From Roots
[227.049s][info][gc,task     ] GC(445) Using 1 workers of 1 for marking
[227.115s][info][gc,marking  ] GC(445) Concurrent Mark From Roots 66.049ms
[227.115s][info][gc,marking  ] GC(445) Concurrent Preclean
[227.115s][info][gc,marking  ] GC(445) Concurrent Preclean 0.035ms
[227.115s][info][gc,start    ] GC(445) Pause Remark
[227.131s][info][gc          ] GC(445) Pause Remark 69M->69M(256M) 16.035ms
[227.132s][info][gc,cpu      ] GC(445) User=0.03s Sys=0.00s Real=0.02s
[227.132s][info][gc,marking  ] GC(445) Concurrent Mark 82.401ms
[227.132s][info][gc,marking  ] GC(445) Concurrent Rebuild Remembered Sets and Scrub Regions
[227.159s][info][gc,marking  ] GC(445) Concurrent Rebuild Remembered Sets and Scrub Regions 27.612ms
[227.159s][info][gc,start    ] GC(445) Pause Cleanup
[227.159s][info][gc          ] GC(445) Pause Cleanup 69M->69M(256M) 0.039ms
[227.159s][info][gc,cpu      ] GC(445) User=0.00s Sys=0.00s Real=0.00s
[227.159s][info][gc,marking  ] GC(445) Concurrent Clear Claimed Marks
[227.159s][info][gc,marking  ] GC(445) Concurrent Clear Claimed Marks 0.079ms
[227.159s][info][gc,marking  ] GC(445) Concurrent Cleanup for Next Mark
[227.160s][info][gc,marking  ] GC(445) Concurrent Cleanup for Next Mark 0.753ms
[227.160s][info][gc          ] GC(445) Concurrent Mark Cycle 118.870ms
[227.746s][info][gc,start    ] GC(446) Pause Young (Prepare Mixed) (G1 Evacuation Pause)
[227.747s][info][gc,task     ] GC(446) Using 2 workers of 2 for evacuation
[227.759s][info][gc,phases   ] GC(446)   Pre Evacuate Collection Set: 0.16ms
[227.759s][info][gc,phases   ] GC(446)   Merge Heap Roots: 0.10ms
[227.759s][info][gc,phases   ] GC(446)   Evacuate Collection Set: 11.91ms
[227.759s][info][gc,phases   ] GC(446)   Post Evacuate Collection Set: 0.50ms
[227.759s][info][gc,phases   ] GC(446)   Other: 0.10ms
[227.759s][info][gc,heap     ] GC(446) Eden regions: 148->0(140)
[227.759s][info][gc,heap     ] GC(446) Survivor regions: 5->13(20)
[227.759s][info][gc,heap     ] GC(446) Old regions: 53->53
[227.759s][info][gc,heap     ] GC(446) Humongous regions: 15->3
[227.760s][info][gc,metaspace] GC(446) Metaspace: 42199K(42688K)->42199K(42688K) NonClass: 37861K(38144K)->37861K(38144K) Class: 4337K(4544K)->4337K(4544K)
[227.760s][info][gc          ] GC(446) Pause Young (Prepare Mixed) (G1 Evacuation Pause) 220M->68M(256M) 13.062ms
[227.760s][info][gc,cpu      ] GC(446) User=0.02s Sys=0.01s Real=0.01s
[228.308s][info][gc,start    ] GC(447) Pause Young (Mixed) (G1 Evacuation Pause)
[228.308s][info][gc,task     ] GC(447) Using 2 workers of 2 for evacuation
[228.337s][info][gc,phases   ] GC(447)   Pre Evacuate Collection Set: 0.15ms
[228.337s][info][gc,phases   ] GC(447)   Merge Heap Roots: 0.09ms
[228.337s][info][gc,phases   ] GC(447)   Evacuate Collection Set: 27.96ms
[228.337s][info][gc,phases   ] GC(447)   Post Evacuate Collection Set: 0.64ms
[228.337s][info][gc,phases   ] GC(447)   Other: 0.07ms
[228.337s][info][gc,heap     ] GC(447) Eden regions: 140->0(133)
[228.337s][info][gc,heap     ] GC(447) Survivor regions: 13->20(20)
[228.337s][info][gc,heap     ] GC(447) Old regions: 53->57
[228.337s][info][gc,heap     ] GC(447) Humongous regions: 3->3
[228.337s][info][gc,metaspace] GC(447) Metaspace: 42200K(42688K)->42200K(42688K) NonClass: 37863K(38144K)->37863K(38144K) Class: 4337K(4544K)->4337K(4544K)
[228.337s][info][gc          ] GC(447) Pause Young (Mixed) (G1 Evacuation Pause) 208M->79M(256M) 29.088ms
[228.337s][info][gc,cpu      ] GC(447) User=0.06s Sys=0.00s Real=0.03s
[228.943s][info][gc,start    ] GC(448) Pause Young (Concurrent Start) (G1 Humongous Allocation)
[228.943s][info][gc,task     ] GC(448) Using 2 workers of 2 for evacuation
[228.969s][info][gc,phases   ] GC(448)   Pre Evacuate Collection Set: 0.17ms
[228.969s][info][gc,phases   ] GC(448)   Merge Heap Roots: 0.11ms
[228.969s][info][gc,phases   ] GC(448)   Evacuate Collection Set: 25.44ms
[228.969s][info][gc,phases   ] GC(448)   Post Evacuate Collection Set: 0.71ms
[228.969s][info][gc,phases   ] GC(448)   Other: 0.12ms
[228.969s][info][gc,heap     ] GC(448) Eden regions: 132->0(153)
[228.969s][info][gc,heap     ] GC(448) Survivor regions: 20->15(20)
[228.969s][info][gc,heap     ] GC(448) Old regions: 57->67
[228.969s][info][gc,heap     ] GC(448) Humongous regions: 3->1
[228.969s][info][gc,metaspace] GC(448) Metaspace: 42200K(42688K)->42200K(42688K) NonClass: 37863K(38144K)->37863K(38144K) Class: 4337K(4544K)->4337K(4544K)
[228.969s][info][gc          ] GC(448) Pause Young (Concurrent Start) (G1 Humongous Allocation) 211M->82M(285M) 26.749ms
[228.969s][info][gc,cpu      ] GC(448) User=0.05s Sys=0.00s Real=0.02s
[228.969s][info][gc          ] GC(449) Concurrent Mark Cycle
[228.969s][info][gc,marking  ] GC(449) Concurrent Scan Root Regions
[228.992s][info][gc,marking  ] GC(449) Concurrent Scan Root Regions 22.600ms
[228.992s][info][gc,marking  ] GC(449) Concurrent Mark
[228.992s][info][gc,marking  ] GC(449) Concurrent Mark From Roots
[228.992s][info][gc,task     ] GC(449) Using 1 workers of 1 for marking
[229.044s][info][gc,marking  ] GC(449) Concurrent Mark From Roots 52.190ms
[229.044s][info][gc,marking  ] GC(449) Concurrent Preclean
[229.044s][info][gc,marking  ] GC(449) Concurrent Preclean 0.047ms
[229.045s][info][gc,start    ] GC(449) Pause Remark
[229.072s][info][gc          ] GC(449) Pause Remark 101M->94M(260M) 27.316ms
[229.072s][info][gc,cpu      ] GC(449) User=0.03s Sys=0.00s Real=0.03s
[229.074s][info][gc,marking  ] GC(449) Concurrent Mark 81.993ms
[229.074s][info][gc,marking  ] GC(449) Concurrent Rebuild Remembered Sets and Scrub Regions
[229.117s][info][gc,marking  ] GC(449) Concurrent Rebuild Remembered Sets and Scrub Regions 42.391ms
[229.117s][info][gc,start    ] GC(449) Pause Cleanup
[229.117s][info][gc          ] GC(449) Pause Cleanup 99M->99M(260M) 0.048ms
[229.117s][info][gc,cpu      ] GC(449) User=0.00s Sys=0.00s Real=0.00s
[229.117s][info][gc,marking  ] GC(449) Concurrent Clear Claimed Marks
[229.117s][info][gc,marking  ] GC(449) Concurrent Clear Claimed Marks 0.040ms
[229.117s][info][gc,marking  ] GC(449) Concurrent Cleanup for Next Mark
[229.118s][info][gc,marking  ] GC(449) Concurrent Cleanup for Next Mark 0.934ms
[229.118s][info][gc          ] GC(449) Concurrent Mark Cycle 148.320ms
[229.614s][info][gc,start    ] GC(450) Pause Young (Prepare Mixed) (G1 Evacuation Pause)
[229.614s][info][gc,task     ] GC(450) Using 2 workers of 2 for evacuation
[229.630s][info][gc,phases   ] GC(450)   Pre Evacuate Collection Set: 0.17ms
[229.630s][info][gc,phases   ] GC(450)   Merge Heap Roots: 0.13ms
[229.630s][info][gc,phases   ] GC(450)   Evacuate Collection Set: 14.88ms
[229.630s][info][gc,phases   ] GC(450)   Post Evacuate Collection Set: 0.42ms
[229.630s][info][gc,phases   ] GC(450)   Other: 0.11ms
[229.630s][info][gc,heap     ] GC(450) Eden regions: 141->0(142)
[229.630s][info][gc,heap     ] GC(450) Survivor regions: 15->3(20)
[229.630s][info][gc,heap     ] GC(450) Old regions: 60->75
[229.630s][info][gc,heap     ] GC(450) Humongous regions: 7->3
[229.630s][info][gc,metaspace] GC(450) Metaspace: 42200K(42688K)->42200K(42688K) NonClass: 37863K(38144K)->37863K(38144K) Class: 4337K(4544K)->4337K(4544K)
[229.630s][info][gc          ] GC(450) Pause Young (Prepare Mixed) (G1 Evacuation Pause) 222M->80M(260M) 15.866ms
[229.630s][info][gc,cpu      ] GC(450) User=0.04s Sys=0.00s Real=0.01s
[230.239s][info][gc,start    ] GC(451) Pause Young (Mixed) (G1 Evacuation Pause)
[230.239s][info][gc,task     ] GC(451) Using 2 workers of 2 for evacuation
[230.246s][info][gc,phases   ] GC(451)   Pre Evacuate Collection Set: 0.15ms
[230.246s][info][gc,phases   ] GC(451)   Merge Heap Roots: 0.07ms
[230.246s][info][gc,phases   ] GC(451)   Evacuate Collection Set: 6.60ms
[230.246s][info][gc,phases   ] GC(451)   Post Evacuate Collection Set: 0.40ms
[230.246s][info][gc,phases   ] GC(451)   Other: 0.08ms
[230.246s][info][gc,heap     ] GC(451) Eden regions: 142->0(146)
[230.246s][info][gc,heap     ] GC(451) Survivor regions: 3->7(19)
[230.246s][info][gc,heap     ] GC(451) Old regions: 75->70
[230.246s][info][gc,heap     ] GC(451) Humongous regions: 11->3
[230.246s][info][gc,metaspace] GC(451) Metaspace: 42201K(42688K)->42201K(42688K) NonClass: 37864K(38144K)->37864K(38144K) Class: 4337K(4544K)->4337K(4544K)
[230.246s][info][gc          ] GC(451) Pause Young (Mixed) (G1 Evacuation Pause) 230M->79M(260M) 7.486ms
[230.246s][info][gc,cpu      ] GC(451) User=0.01s Sys=0.00s Real=0.01s
[230.301s][info][gc,start    ] GC(452) Pause Young (Concurrent Start) (G1 Humongous Allocation)
[230.301s][info][gc,task     ] GC(452) Using 2 workers of 2 for evacuation
[230.315s][info][gc,phases   ] GC(452)   Pre Evacuate Collection Set: 0.16ms
[230.315s][info][gc,phases   ] GC(452)   Merge Heap Roots: 0.06ms
[230.315s][info][gc,phases   ] GC(452)   Evacuate Collection Set: 13.07ms
[230.315s][info][gc,phases   ] GC(452)   Post Evacuate Collection Set: 0.36ms
[230.315s][info][gc,phases   ] GC(452)   Other: 0.10ms
[230.315s][info][gc,heap     ] GC(452) Eden regions: 12->0(154)
[230.315s][info][gc,heap     ] GC(452) Survivor regions: 7->2(20)
[230.315s][info][gc,heap     ] GC(452) Old regions: 70->70
[230.315s][info][gc,heap     ] GC(452) Humongous regions: 3->1
[230.315s][info][gc,metaspace] GC(452) Metaspace: 42201K(42688K)->42201K(42688K) NonClass: 37864K(38144K)->37864K(38144K) Class: 4337K(4544K)->4337K(4544K)
[230.315s][info][gc          ] GC(452) Pause Young (Concurrent Start) (G1 Humongous Allocation) 91M->73M(260M) 13.938ms
[230.315s][info][gc,cpu      ] GC(452) User=0.01s Sys=0.00s Real=0.01s
[230.315s][info][gc          ] GC(453) Concurrent Mark Cycle
[230.315s][info][gc,marking  ] GC(453) Concurrent Scan Root Regions
[230.317s][info][gc,marking  ] GC(453) Concurrent Scan Root Regions 2.273ms
[230.317s][info][gc,marking  ] GC(453) Concurrent Mark
[230.317s][info][gc,marking  ] GC(453) Concurrent Mark From Roots
[230.317s][info][gc,task     ] GC(453) Using 1 workers of 1 for marking
[230.390s][info][gc,marking  ] GC(453) Concurrent Mark From Roots 73.089ms
[230.390s][info][gc,marking  ] GC(453) Concurrent Preclean
[230.391s][info][gc,marking  ] GC(453) Concurrent Preclean 0.043ms
[230.391s][info][gc,start    ] GC(453) Pause Remark
[230.407s][info][gc          ] GC(453) Pause Remark 89M->83M(256M) 16.470ms
[230.407s][info][gc,cpu      ] GC(453) User=0.03s Sys=0.00s Real=0.01s
[230.408s][info][gc,marking  ] GC(453) Concurrent Mark 90.469ms
[230.408s][info][gc,marking  ] GC(453) Concurrent Rebuild Remembered Sets and Scrub Regions
[230.430s][info][gc,marking  ] GC(453) Concurrent Rebuild Remembered Sets and Scrub Regions 21.982ms
[230.430s][info][gc,start    ] GC(453) Pause Cleanup
[230.430s][info][gc          ] GC(453) Pause Cleanup 90M->90M(256M) 0.049ms
[230.430s][info][gc,cpu      ] GC(453) User=0.00s Sys=0.00s Real=0.00s
[230.430s][info][gc,marking  ] GC(453) Concurrent Clear Claimed Marks
[230.430s][info][gc,marking  ] GC(453) Concurrent Clear Claimed Marks 0.039ms
[230.430s][info][gc,marking  ] GC(453) Concurrent Cleanup for Next Mark
[230.431s][info][gc,marking  ] GC(453) Concurrent Cleanup for Next Mark 0.778ms
[230.431s][info][gc          ] GC(453) Concurrent Mark Cycle 115.925ms
[230.967s][info][gc,start    ] GC(454) Pause Young (Prepare Mixed) (G1 Evacuation Pause)
[230.967s][info][gc,task     ] GC(454) Using 2 workers of 2 for evacuation
[230.978s][info][gc,phases   ] GC(454)   Pre Evacuate Collection Set: 0.20ms
[230.978s][info][gc,phases   ] GC(454)   Merge Heap Roots: 0.08ms
[230.978s][info][gc,phases   ] GC(454)   Evacuate Collection Set: 9.40ms
[230.978s][info][gc,phases   ] GC(454)   Post Evacuate Collection Set: 0.44ms
[230.978s][info][gc,phases   ] GC(454)   Other: 0.08ms
[230.978s][info][gc,heap     ] GC(454) Eden regions: 151->0(143)
[230.978s][info][gc,heap     ] GC(454) Survivor regions: 2->10(20)
[230.978s][info][gc,heap     ] GC(454) Old regions: 64->64
[230.978s][info][gc,heap     ] GC(454) Humongous regions: 5->3
[230.978s][info][gc,metaspace] GC(454) Metaspace: 42202K(42688K)->42202K(42688K) NonClass: 37865K(38144K)->37865K(38144K) Class: 4337K(4544K)->4337K(4544K)
[230.978s][info][gc          ] GC(454) Pause Young (Prepare Mixed) (G1 Evacuation Pause) 222M->76M(256M) 10.374ms
[230.978s][info][gc,cpu      ] GC(454) User=0.02s Sys=0.00s Real=0.01s
[231.505s][info][gc,start    ] GC(455) Pause Young (Mixed) (G1 Evacuation Pause)
[231.505s][info][gc,task     ] GC(455) Using 2 workers of 2 for evacuation
[231.514s][info][gc,phases   ] GC(455)   Pre Evacuate Collection Set: 0.21ms
[231.514s][info][gc,phases   ] GC(455)   Merge Heap Roots: 0.14ms
[231.514s][info][gc,phases   ] GC(455)   Evacuate Collection Set: 7.96ms
[231.514s][info][gc,phases   ] GC(455)   Post Evacuate Collection Set: 0.45ms
[231.514s][info][gc,phases   ] GC(455)   Other: 0.07ms
[231.514s][info][gc,heap     ] GC(455) Eden regions: 143->0(146)
[231.514s][info][gc,heap     ] GC(455) Survivor regions: 10->7(20)
[231.514s][info][gc,heap     ] GC(455) Old regions: 64->46
[231.514s][info][gc,heap     ] GC(455) Humongous regions: 11->3
[231.514s][info][gc,metaspace] GC(455) Metaspace: 42202K(42688K)->42202K(42688K) NonClass: 37865K(38144K)->37865K(38144K) Class: 4337K(4544K)->4337K(4544K)
[231.514s][info][gc          ] GC(455) Pause Young (Mixed) (G1 Evacuation Pause) 227M->55M(256M) 9.021ms
[231.514s][info][gc,cpu      ] GC(455) User=0.01s Sys=0.00s Real=0.01s
[231.868s][info][gc,start    ] GC(456) Pause Young (Concurrent Start) (G1 Humongous Allocation)
[231.868s][info][gc,task     ] GC(456) Using 2 workers of 2 for evacuation
[231.889s][info][gc,phases   ] GC(456)   Pre Evacuate Collection Set: 0.16ms
[231.889s][info][gc,phases   ] GC(456)   Merge Heap Roots: 0.04ms
[231.889s][info][gc,phases   ] GC(456)   Evacuate Collection Set: 20.19ms
[231.889s][info][gc,phases   ] GC(456)   Post Evacuate Collection Set: 0.46ms
[231.889s][info][gc,phases   ] GC(456)   Other: 0.10ms
[231.889s][info][gc,heap     ] GC(456) Eden regions: 89->0(149)
[231.889s][info][gc,heap     ] GC(456) Survivor regions: 7->4(20)
[231.889s][info][gc,heap     ] GC(456) Old regions: 46->46
[231.889s][info][gc,heap     ] GC(456) Humongous regions: 3->1
[231.889s][info][gc,metaspace] GC(456) Metaspace: 42202K(42688K)->42202K(42688K) NonClass: 37865K(38144K)->37865K(38144K) Class: 4337K(4544K)->4337K(4544K)
[231.889s][info][gc          ] GC(456) Pause Young (Concurrent Start) (G1 Humongous Allocation) 144M->50M(256M) 21.131ms
[231.889s][info][gc,cpu      ] GC(456) User=0.02s Sys=0.00s Real=0.02s
[231.891s][info][gc          ] GC(457) Concurrent Mark Cycle
[231.891s][info][gc,marking  ] GC(457) Concurrent Scan Root Regions
[231.901s][info][gc,marking  ] GC(457) Concurrent Scan Root Regions 9.109ms
[231.901s][info][gc,marking  ] GC(457) Concurrent Mark
[231.901s][info][gc,marking  ] GC(457) Concurrent Mark From Roots
[231.901s][info][gc,task     ] GC(457) Using 1 workers of 1 for marking
[231.966s][info][gc,marking  ] GC(457) Concurrent Mark From Roots 65.821ms
[231.966s][info][gc,marking  ] GC(457) Concurrent Preclean
[231.966s][info][gc,marking  ] GC(457) Concurrent Preclean 0.041ms
[231.967s][info][gc,start    ] GC(457) Pause Remark
[231.984s][info][gc          ] GC(457) Pause Remark 69M->69M(256M) 17.189ms
[231.984s][info][gc,cpu      ] GC(457) User=0.03s Sys=0.00s Real=0.02s
[231.984s][info][gc,marking  ] GC(457) Concurrent Mark 83.363ms
[231.984s][info][gc,marking  ] GC(457) Concurrent Rebuild Remembered Sets and Scrub Regions
[232.005s][info][gc,marking  ] GC(457) Concurrent Rebuild Remembered Sets and Scrub Regions 20.759ms
[232.005s][info][gc,start    ] GC(457) Pause Cleanup
[232.005s][info][gc          ] GC(457) Pause Cleanup 76M->76M(256M) 0.044ms
[232.005s][info][gc,cpu      ] GC(457) User=0.00s Sys=0.00s Real=0.00s
[232.005s][info][gc,marking  ] GC(457) Concurrent Clear Claimed Marks
[232.005s][info][gc,marking  ] GC(457) Concurrent Clear Claimed Marks 0.038ms
[232.005s][info][gc,marking  ] GC(457) Concurrent Cleanup for Next Mark
[232.006s][info][gc,marking  ] GC(457) Concurrent Cleanup for Next Mark 0.744ms
[232.006s][info][gc          ] GC(457) Concurrent Mark Cycle 114.343ms
[232.534s][info][gc,start    ] GC(458) Pause Young (Prepare Mixed) (G1 Evacuation Pause)
[232.534s][info][gc,task     ] GC(458) Using 2 workers of 2 for evacuation
[232.540s][info][gc,phases   ] GC(458)   Pre Evacuate Collection Set: 0.14ms
[232.541s][info][gc,phases   ] GC(458)   Merge Heap Roots: 0.08ms
[232.541s][info][gc,phases   ] GC(458)   Evacuate Collection Set: 5.55ms
[232.541s][info][gc,phases   ] GC(458)   Post Evacuate Collection Set: 0.43ms
[232.541s][info][gc,phases   ] GC(458)   Other: 0.10ms
[232.541s][info][gc,heap     ] GC(458) Eden regions: 149->0(147)
[232.541s][info][gc,heap     ] GC(458) Survivor regions: 4->6(20)
[232.541s][info][gc,heap     ] GC(458) Old regions: 46->46
[232.541s][info][gc,heap     ] GC(458) Humongous regions: 9->3
[232.541s][info][gc,metaspace] GC(458) Metaspace: 42202K(42688K)->42202K(42688K) NonClass: 37865K(38144K)->37865K(38144K) Class: 4337K(4544K)->4337K(4544K)
[232.541s][info][gc          ] GC(458) Pause Young (Prepare Mixed) (G1 Evacuation Pause) 207M->54M(256M) 6.492ms
[232.541s][info][gc,cpu      ] GC(458) User=0.01s Sys=0.00s Real=0.01s
[232.965s][info][gc,start    ] GC(459) Pause Young (Mixed) (G1 Evacuation Pause)
[232.965s][info][gc,task     ] GC(459) Using 2 workers of 2 for evacuation
[233.006s][info][gc,phases   ] GC(459)   Pre Evacuate Collection Set: 0.21ms
[233.006s][info][gc,phases   ] GC(459)   Merge Heap Roots: 0.09ms
[233.006s][info][gc,phases   ] GC(459)   Evacuate Collection Set: 39.80ms
[233.006s][info][gc,phases   ] GC(459)   Post Evacuate Collection Set: 0.56ms
[233.006s][info][gc,phases   ] GC(459)   Other: 0.07ms
[233.006s][info][gc,heap     ] GC(459) Eden regions: 147->0(127)
[233.006s][info][gc,heap     ] GC(459) Survivor regions: 6->20(20)
[233.006s][info][gc,heap     ] GC(459) Old regions: 46->64
[233.006s][info][gc,heap     ] GC(459) Humongous regions: 3->3
[233.006s][info][gc,metaspace] GC(459) Metaspace: 42202K(42688K)->42202K(42688K) NonClass: 37865K(38144K)->37865K(38144K) Class: 4337K(4544K)->4337K(4544K)
[233.006s][info][gc          ] GC(459) Pause Young (Mixed) (G1 Evacuation Pause) 201M->86M(256M) 40.931ms
[233.006s][info][gc,cpu      ] GC(459) User=0.08s Sys=0.00s Real=0.04s
[233.629s][info][gc,start    ] GC(460) Pause Young (Concurrent Start) (G1 Evacuation Pause)
[233.630s][info][gc,task     ] GC(460) Using 2 workers of 2 for evacuation
[233.687s][info][gc,phases   ] GC(460)   Pre Evacuate Collection Set: 0.16ms
[233.687s][info][gc,phases   ] GC(460)   Merge Heap Roots: 0.32ms
[233.687s][info][gc,phases   ] GC(460)   Evacuate Collection Set: 56.78ms
[233.687s][info][gc,phases   ] GC(460)   Post Evacuate Collection Set: 0.47ms
[233.687s][info][gc,phases   ] GC(460)   Other: 0.10ms
[233.687s][info][gc,heap     ] GC(460) Eden regions: 127->0(101)
[233.687s][info][gc,heap     ] GC(460) Survivor regions: 20->19(19)
[233.687s][info][gc,heap     ] GC(460) Old regions: 64->89
[233.687s][info][gc,heap     ] GC(460) Humongous regions: 3->3
[233.687s][info][gc,metaspace] GC(460) Metaspace: 42202K(42688K)->42202K(42688K) NonClass: 37865K(38144K)->37865K(38144K) Class: 4337K(4544K)->4337K(4544K)
[233.688s][info][gc          ] GC(460) Pause Young (Concurrent Start) (G1 Evacuation Pause) 213M->111M(258M) 58.049ms
[233.688s][info][gc,cpu      ] GC(460) User=0.12s Sys=0.00s Real=0.06s
[233.688s][info][gc          ] GC(461) Concurrent Mark Cycle
[233.688s][info][gc,marking  ] GC(461) Concurrent Scan Root Regions
[233.752s][info][gc,marking  ] GC(461) Concurrent Scan Root Regions 63.788ms
[233.752s][info][gc,marking  ] GC(461) Concurrent Mark
[233.752s][info][gc,marking  ] GC(461) Concurrent Mark From Roots
[233.752s][info][gc,task     ] GC(461) Using 1 workers of 1 for marking
[233.954s][info][gc,marking  ] GC(461) Concurrent Mark From Roots 201.483ms
[233.954s][info][gc,marking  ] GC(461) Concurrent Preclean
[233.954s][info][gc,marking  ] GC(461) Concurrent Preclean 0.051ms
[233.955s][info][gc,start    ] GC(461) Pause Remark
[233.971s][info][gc          ] GC(461) Pause Remark 143M->143M(258M) 16.456ms
[233.971s][info][gc,cpu      ] GC(461) User=0.03s Sys=0.00s Real=0.02s
[233.973s][info][gc,marking  ] GC(461) Concurrent Mark 220.359ms
[233.973s][info][gc,marking  ] GC(461) Concurrent Rebuild Remembered Sets and Scrub Regions
[234.041s][info][gc,marking  ] GC(461) Concurrent Rebuild Remembered Sets and Scrub Regions 68.158ms
[234.043s][info][gc,start    ] GC(461) Pause Cleanup
[234.043s][info][gc          ] GC(461) Pause Cleanup 152M->152M(258M) 0.060ms
[234.043s][info][gc,cpu      ] GC(461) User=0.00s Sys=0.00s Real=0.00s
[234.044s][info][gc,marking  ] GC(461) Concurrent Clear Claimed Marks
[234.045s][info][gc,marking  ] GC(461) Concurrent Clear Claimed Marks 0.075ms
[234.045s][info][gc,marking  ] GC(461) Concurrent Cleanup for Next Mark
[234.046s][info][gc,marking  ] GC(461) Concurrent Cleanup for Next Mark 0.984ms
[234.046s][info][gc          ] GC(461) Concurrent Mark Cycle 358.025ms
[234.382s][info][gc,start    ] GC(462) Pause Young (Prepare Mixed) (G1 Evacuation Pause)
[234.382s][info][gc,task     ] GC(462) Using 2 workers of 2 for evacuation
[234.440s][info][gc,phases   ] GC(462)   Pre Evacuate Collection Set: 0.18ms
[234.440s][info][gc,phases   ] GC(462)   Merge Heap Roots: 0.37ms
[234.440s][info][gc,phases   ] GC(462)   Evacuate Collection Set: 56.41ms
[234.440s][info][gc,phases   ] GC(462)   Post Evacuate Collection Set: 0.50ms
[234.440s][info][gc,phases   ] GC(462)   Other: 0.07ms
[234.440s][info][gc,heap     ] GC(462) Eden regions: 101->0(77)
[234.440s][info][gc,heap     ] GC(462) Survivor regions: 19->15(15)
[234.440s][info][gc,heap     ] GC(462) Old regions: 89->121
[234.440s][info][gc,heap     ] GC(462) Humongous regions: 3->3
[234.440s][info][gc,metaspace] GC(462) Metaspace: 42202K(42688K)->42202K(42688K) NonClass: 37865K(38144K)->37865K(38144K) Class: 4337K(4544K)->4337K(4544K)
[234.440s][info][gc          ] GC(462) Pause Young (Prepare Mixed) (G1 Evacuation Pause) 212M->139M(259M) 57.712ms
[234.440s][info][gc,cpu      ] GC(462) User=0.11s Sys=0.00s Real=0.05s
[234.829s][info][gc,start    ] GC(463) Pause Young (Mixed) (G1 Evacuation Pause)
[234.829s][info][gc,task     ] GC(463) Using 2 workers of 2 for evacuation
[234.890s][info][gc,phases   ] GC(463)   Pre Evacuate Collection Set: 0.16ms
[234.890s][info][gc,phases   ] GC(463)   Merge Heap Roots: 0.54ms
[234.890s][info][gc,phases   ] GC(463)   Evacuate Collection Set: 59.61ms
[234.890s][info][gc,phases   ] GC(463)   Post Evacuate Collection Set: 0.47ms
[234.890s][info][gc,phases   ] GC(463)   Other: 0.07ms
[234.890s][info][gc,heap     ] GC(463) Eden regions: 77->0(61)
[234.890s][info][gc,heap     ] GC(463) Survivor regions: 15->12(12)
[234.890s][info][gc,heap     ] GC(463) Old regions: 121->143
[234.890s][info][gc,heap     ] GC(463) Humongous regions: 5->3
[234.890s][info][gc,metaspace] GC(463) Metaspace: 42202K(42688K)->42202K(42688K) NonClass: 37865K(38144K)->37865K(38144K) Class: 4337K(4544K)->4337K(4544K)
[234.890s][info][gc          ] GC(463) Pause Young (Mixed) (G1 Evacuation Pause) 218M->158M(259M) 61.078ms
[234.890s][info][gc,cpu      ] GC(463) User=0.12s Sys=0.00s Real=0.07s
[235.135s][info][gc,start    ] GC(464) Pause Young (Concurrent Start) (G1 Evacuation Pause)
[235.135s][info][gc,task     ] GC(464) Using 2 workers of 2 for evacuation
[235.158s][info][gc,phases   ] GC(464)   Pre Evacuate Collection Set: 0.18ms
[235.158s][info][gc,phases   ] GC(464)   Merge Heap Roots: 0.16ms
[235.158s][info][gc,phases   ] GC(464)   Evacuate Collection Set: 22.52ms
[235.158s][info][gc,phases   ] GC(464)   Post Evacuate Collection Set: 0.35ms
[235.158s][info][gc,phases   ] GC(464)   Other: 0.08ms
[235.158s][info][gc,heap     ] GC(464) Eden regions: 61->0(59)
[235.158s][info][gc,heap     ] GC(464) Survivor regions: 12->9(10)
[235.158s][info][gc,heap     ] GC(464) Old regions: 143->154
[235.158s][info][gc,heap     ] GC(464) Humongous regions: 3->3
[235.158s][info][gc,metaspace] GC(464) Metaspace: 42202K(42688K)->42202K(42688K) NonClass: 37865K(38144K)->37865K(38144K) Class: 4337K(4544K)->4337K(4544K)
[235.158s][info][gc          ] GC(464) Pause Young (Concurrent Start) (G1 Evacuation Pause) 219M->165M(259M) 23.506ms
[235.159s][info][gc,cpu      ] GC(464) User=0.05s Sys=0.00s Real=0.02s
[235.159s][info][gc          ] GC(465) Concurrent Mark Cycle
[235.159s][info][gc,marking  ] GC(465) Concurrent Scan Root Regions
[235.179s][info][gc,marking  ] GC(465) Concurrent Scan Root Regions 20.199ms
[235.179s][info][gc,marking  ] GC(465) Concurrent Mark
[235.179s][info][gc,marking  ] GC(465) Concurrent Mark From Roots
[235.179s][info][gc,task     ] GC(465) Using 1 workers of 1 for marking
[235.295s][info][gc,marking  ] GC(465) Concurrent Mark From Roots 115.917ms
[235.295s][info][gc,marking  ] GC(465) Concurrent Preclean
[235.295s][info][gc,marking  ] GC(465) Concurrent Preclean 0.045ms
[235.295s][info][gc,start    ] GC(465) Pause Remark
[235.311s][info][gc          ] GC(465) Pause Remark 183M->183M(277M) 15.886ms
[235.311s][info][gc,cpu      ] GC(465) User=0.03s Sys=0.00s Real=0.02s
[235.311s][info][gc,marking  ] GC(465) Concurrent Mark 132.635ms
[235.311s][info][gc,marking  ] GC(465) Concurrent Rebuild Remembered Sets and Scrub Regions
[235.398s][info][gc,marking  ] GC(465) Concurrent Rebuild Remembered Sets and Scrub Regions 86.203ms
[235.398s][info][gc,start    ] GC(465) Pause Cleanup
[235.398s][info][gc          ] GC(465) Pause Cleanup 202M->202M(277M) 0.081ms
[235.398s][info][gc,cpu      ] GC(465) User=0.00s Sys=0.00s Real=0.00s
[235.398s][info][gc,marking  ] GC(465) Concurrent Clear Claimed Marks
[235.398s][info][gc,marking  ] GC(465) Concurrent Clear Claimed Marks 0.039ms
[235.398s][info][gc,marking  ] GC(465) Concurrent Cleanup for Next Mark
[235.399s][info][gc,marking  ] GC(465) Concurrent Cleanup for Next Mark 1.042ms
[235.399s][info][gc          ] GC(465) Concurrent Mark Cycle 240.543ms
[235.489s][info][gc,start    ] GC(466) Pause Young (Prepare Mixed) (G1 Evacuation Pause)
[235.489s][info][gc,task     ] GC(466) Using 2 workers of 2 for evacuation
[235.507s][info][gc,phases   ] GC(466)   Pre Evacuate Collection Set: 0.20ms
[235.507s][info][gc,phases   ] GC(466)   Merge Heap Roots: 0.08ms
[235.507s][info][gc,phases   ] GC(466)   Evacuate Collection Set: 17.61ms
[235.507s][info][gc,phases   ] GC(466)   Post Evacuate Collection Set: 0.41ms
[235.507s][info][gc,phases   ] GC(466)   Other: 0.07ms
[235.507s][info][gc,heap     ] GC(466) Eden regions: 59->0(66)
[235.507s][info][gc,heap     ] GC(466) Survivor regions: 9->9(9)
[235.507s][info][gc,heap     ] GC(466) Old regions: 154->163
[235.507s][info][gc,heap     ] GC(466) Humongous regions: 7->3
[235.507s][info][gc,metaspace] GC(466) Metaspace: 42204K(42688K)->42204K(42688K) NonClass: 37867K(38144K)->37867K(38144K) Class: 4337K(4544K)->4337K(4544K)
[235.507s][info][gc          ] GC(466) Pause Young (Prepare Mixed) (G1 Evacuation Pause) 228M->174M(277M) 18.564ms
[235.507s][info][gc,cpu      ] GC(466) User=0.04s Sys=0.00s Real=0.02s
[235.763s][info][gc,start    ] GC(467) Pause Young (Mixed) (G1 Evacuation Pause)
[235.763s][info][gc,task     ] GC(467) Using 2 workers of 2 for evacuation
[235.788s][info][gc,phases   ] GC(467)   Pre Evacuate Collection Set: 0.18ms
[235.789s][info][gc,phases   ] GC(467)   Merge Heap Roots: 0.24ms
[235.789s][info][gc,phases   ] GC(467)   Evacuate Collection Set: 23.41ms
[235.789s][info][gc,phases   ] GC(467)   Post Evacuate Collection Set: 1.46ms
[235.789s][info][gc,phases   ] GC(467)   Other: 0.08ms
[235.789s][info][gc,heap     ] GC(467) Eden regions: 66->0(180)
[235.789s][info][gc,heap     ] GC(467) Survivor regions: 9->9(10)
[235.789s][info][gc,heap     ] GC(467) Old regions: 163->145
[235.789s][info][gc,heap     ] GC(467) Humongous regions: 3->3
[235.789s][info][gc,metaspace] GC(467) Metaspace: 42204K(42688K)->42204K(42688K) NonClass: 37867K(38144K)->37867K(38144K) Class: 4337K(4544K)->4337K(4544K)
[235.789s][info][gc          ] GC(467) Pause Young (Mixed) (G1 Evacuation Pause) 240M->157M(418M) 25.544ms
[235.789s][info][gc,cpu      ] GC(467) User=0.05s Sys=0.00s Real=0.02s
[236.486s][info][gc,start    ] GC(468) Pause Young (Mixed) (G1 Evacuation Pause)
[236.486s][info][gc,task     ] GC(468) Using 2 workers of 2 for evacuation
[236.544s][info][gc,phases   ] GC(468)   Pre Evacuate Collection Set: 0.24ms
[236.544s][info][gc,phases   ] GC(468)   Merge Heap Roots: 0.42ms
[236.544s][info][gc,phases   ] GC(468)   Evacuate Collection Set: 56.57ms
[236.544s][info][gc,phases   ] GC(468)   Post Evacuate Collection Set: 0.74ms
[236.544s][info][gc,phases   ] GC(468)   Other: 0.08ms
[236.544s][info][gc,heap     ] GC(468) Eden regions: 180->0(160)
[236.544s][info][gc,heap     ] GC(468) Survivor regions: 9->24(24)
[236.544s][info][gc,heap     ] GC(468) Old regions: 145->140
[236.544s][info][gc,heap     ] GC(468) Humongous regions: 12->4
[236.544s][info][gc,metaspace] GC(468) Metaspace: 42215K(42688K)->42215K(42688K) NonClass: 37878K(38144K)->37878K(38144K) Class: 4337K(4544K)->4337K(4544K)
[236.544s][info][gc          ] GC(468) Pause Young (Mixed) (G1 Evacuation Pause) 346M->167M(418M) 58.283ms
[236.544s][info][gc,cpu      ] GC(468) User=0.12s Sys=0.00s Real=0.06s
[237.088s][info][gc,start    ] GC(469) Pause Young (Mixed) (G1 Evacuation Pause)
[237.088s][info][gc,task     ] GC(469) Using 2 workers of 2 for evacuation
[237.148s][info][gc,phases   ] GC(469)   Pre Evacuate Collection Set: 0.20ms
[237.149s][info][gc,phases   ] GC(469)   Merge Heap Roots: 1.14ms
[237.149s][info][gc,phases   ] GC(469)   Evacuate Collection Set: 58.55ms
[237.149s][info][gc,phases   ] GC(469)   Post Evacuate Collection Set: 0.59ms
[237.149s][info][gc,phases   ] GC(469)   Other: 0.07ms
[237.149s][info][gc,heap     ] GC(469) Eden regions: 160->0(166)
[237.149s][info][gc,heap     ] GC(469) Survivor regions: 24->11(23)
[237.149s][info][gc,heap     ] GC(469) Old regions: 140->156
[237.149s][info][gc,heap     ] GC(469) Humongous regions: 5->4
[237.149s][info][gc,metaspace] GC(469) Metaspace: 42216K(42688K)->42216K(42688K) NonClass: 37879K(38144K)->37879K(38144K) Class: 4337K(4544K)->4337K(4544K)
[237.149s][info][gc          ] GC(469) Pause Young (Mixed) (G1 Evacuation Pause) 328M->170M(418M) 60.755ms
[237.149s][info][gc,cpu      ] GC(469) User=0.12s Sys=0.00s Real=0.06s
[237.390s][info][gc,start    ] GC(470) Pause Young (Concurrent Start) (G1 Humongous Allocation)
[237.390s][info][gc,task     ] GC(470) Using 2 workers of 2 for evacuation
[237.417s][info][gc,phases   ] GC(470)   Pre Evacuate Collection Set: 0.23ms
[237.417s][info][gc,phases   ] GC(470)   Merge Heap Roots: 0.10ms
[237.417s][info][gc,phases   ] GC(470)   Evacuate Collection Set: 26.00ms
[237.417s][info][gc,phases   ] GC(470)   Post Evacuate Collection Set: 0.40ms
[237.417s][info][gc,phases   ] GC(470)   Other: 0.09ms
[237.417s][info][gc,heap     ] GC(470) Eden regions: 71->0(142)
[237.417s][info][gc,heap     ] GC(470) Survivor regions: 11->23(23)
[237.417s][info][gc,heap     ] GC(470) Old regions: 156->172
[237.417s][info][gc,heap     ] GC(470) Humongous regions: 4->4
[237.417s][info][gc,metaspace] GC(470) Metaspace: 42216K(42688K)->42216K(42688K) NonClass: 37879K(38144K)->37879K(38144K) Class: 4337K(4544K)->4337K(4544K)
[237.417s][info][gc          ] GC(470) Pause Young (Concurrent Start) (G1 Humongous Allocation) 240M->198M(418M) 27.071ms
[237.417s][info][gc,cpu      ] GC(470) User=0.05s Sys=0.00s Real=0.03s
[237.417s][info][gc          ] GC(471) Concurrent Mark Cycle
[237.418s][info][gc,marking  ] GC(471) Concurrent Scan Root Regions
[237.437s][info][gc,marking  ] GC(471) Concurrent Scan Root Regions 19.975ms
[237.438s][info][gc,marking  ] GC(471) Concurrent Mark
[237.438s][info][gc,marking  ] GC(471) Concurrent Mark From Roots
[237.438s][info][gc,task     ] GC(471) Using 1 workers of 1 for marking
[237.538s][info][gc,marking  ] GC(471) Concurrent Mark From Roots 100.181ms
[237.538s][info][gc,marking  ] GC(471) Concurrent Preclean
[237.538s][info][gc,marking  ] GC(471) Concurrent Preclean 0.058ms
[237.538s][info][gc,start    ] GC(471) Pause Remark
[237.554s][info][gc          ] GC(471) Pause Remark 228M->216M(418M) 15.762ms
[237.554s][info][gc,cpu      ] GC(471) User=0.04s Sys=0.00s Real=0.02s
[237.554s][info][gc,marking  ] GC(471) Concurrent Mark 116.307ms
[237.554s][info][gc,marking  ] GC(471) Concurrent Rebuild Remembered Sets and Scrub Regions
[237.621s][info][gc,marking  ] GC(471) Concurrent Rebuild Remembered Sets and Scrub Regions 67.525ms
[237.622s][info][gc,start    ] GC(471) Pause Cleanup
[237.622s][info][gc          ] GC(471) Pause Cleanup 235M->235M(418M) 0.092ms
[237.622s][info][gc,cpu      ] GC(471) User=0.00s Sys=0.00s Real=0.00s
[237.622s][info][gc,marking  ] GC(471) Concurrent Clear Claimed Marks
[237.622s][info][gc,marking  ] GC(471) Concurrent Clear Claimed Marks 0.052ms
[237.622s][info][gc,marking  ] GC(471) Concurrent Cleanup for Next Mark
[237.625s][info][gc,marking  ] GC(471) Concurrent Cleanup for Next Mark 2.720ms
[237.625s][info][gc          ] GC(471) Concurrent Mark Cycle 207.203ms
[237.939s][info][gc,start    ] GC(472) Pause Young (Prepare Mixed) (G1 Evacuation Pause)
[237.939s][info][gc,task     ] GC(472) Using 2 workers of 2 for evacuation
[237.987s][info][gc,phases   ] GC(472)   Pre Evacuate Collection Set: 0.22ms
[237.987s][info][gc,phases   ] GC(472)   Merge Heap Roots: 0.25ms
[237.987s][info][gc,phases   ] GC(472)   Evacuate Collection Set: 46.58ms
[237.987s][info][gc,phases   ] GC(472)   Post Evacuate Collection Set: 0.53ms
[237.987s][info][gc,phases   ] GC(472)   Other: 0.08ms
[237.987s][info][gc,heap     ] GC(472) Eden regions: 142->0(103)
[237.987s][info][gc,heap     ] GC(472) Survivor regions: 23->21(21)
[237.987s][info][gc,heap     ] GC(472) Old regions: 160->207
[237.987s][info][gc,heap     ] GC(472) Humongous regions: 6->5
[237.987s][info][gc,metaspace] GC(472) Metaspace: 42217K(42688K)->42217K(42688K) NonClass: 37879K(38144K)->37879K(38144K) Class: 4337K(4544K)->4337K(4544K)
[237.987s][info][gc          ] GC(472) Pause Young (Prepare Mixed) (G1 Evacuation Pause) 330M->233M(418M) 47.862ms
[237.987s][info][gc,cpu      ] GC(472) User=0.10s Sys=0.00s Real=0.05s
[238.342s][info][gc,start    ] GC(473) Pause Young (Mixed) (G1 Evacuation Pause)
[238.343s][info][gc,task     ] GC(473) Using 2 workers of 2 for evacuation
[238.406s][info][gc,phases   ] GC(473)   Pre Evacuate Collection Set: 0.27ms
[238.406s][info][gc,phases   ] GC(473)   Merge Heap Roots: 0.38ms
[238.406s][info][gc,phases   ] GC(473)   Evacuate Collection Set: 61.77ms
[238.406s][info][gc,phases   ] GC(473)   Post Evacuate Collection Set: 1.05ms
[238.406s][info][gc,phases   ] GC(473)   Other: 0.08ms
[238.406s][info][gc,heap     ] GC(473) Eden regions: 103->0(108)
[238.406s][info][gc,heap     ] GC(473) Survivor regions: 21->16(16)
[238.406s][info][gc,heap     ] GC(473) Old regions: 207->223
[238.406s][info][gc,heap     ] GC(473) Humongous regions: 5->5
[238.406s][info][gc,metaspace] GC(473) Metaspace: 42218K(42688K)->42218K(42688K) NonClass: 37880K(38144K)->37880K(38144K) Class: 4337K(4544K)->4337K(4544K)
[238.406s][info][gc          ] GC(473) Pause Young (Mixed) (G1 Evacuation Pause) 336M->243M(467M) 63.754ms
[238.406s][info][gc,cpu      ] GC(473) User=0.13s Sys=0.00s Real=0.06s
[238.891s][info][gc,start    ] GC(474) Pause Young (Mixed) (G1 Evacuation Pause)
[238.891s][info][gc,task     ] GC(474) Using 2 workers of 2 for evacuation
[238.970s][info][gc,phases   ] GC(474)   Pre Evacuate Collection Set: 0.30ms
[238.970s][info][gc,phases   ] GC(474)   Merge Heap Roots: 1.00ms
[238.970s][info][gc,phases   ] GC(474)   Evacuate Collection Set: 77.19ms
[238.970s][info][gc,phases   ] GC(474)   Post Evacuate Collection Set: 0.58ms
[238.970s][info][gc,phases   ] GC(474)   Other: 0.07ms
[238.970s][info][gc,heap     ] GC(474) Eden regions: 108->0(82)
[238.970s][info][gc,heap     ] GC(474) Survivor regions: 16->16(16)
[238.970s][info][gc,heap     ] GC(474) Old regions: 223->258
[238.970s][info][gc,heap     ] GC(474) Humongous regions: 6->6
[238.970s][info][gc,metaspace] GC(474) Metaspace: 42218K(42688K)->42218K(42688K) NonClass: 37880K(38144K)->37880K(38144K) Class: 4337K(4544K)->4337K(4544K)
[238.970s][info][gc          ] GC(474) Pause Young (Mixed) (G1 Evacuation Pause) 352M->280M(467M) 79.374ms
[238.970s][info][gc,cpu      ] GC(474) User=0.16s Sys=0.00s Real=0.07s
[239.257s][info][gc,start    ] GC(475) Pause Young (Concurrent Start) (G1 Evacuation Pause)
[239.257s][info][gc,task     ] GC(475) Using 2 workers of 2 for evacuation
[239.286s][info][gc,phases   ] GC(475)   Pre Evacuate Collection Set: 0.25ms
[239.286s][info][gc,phases   ] GC(475)   Merge Heap Roots: 0.29ms
[239.286s][info][gc,phases   ] GC(475)   Evacuate Collection Set: 27.83ms
[239.286s][info][gc,phases   ] GC(475)   Post Evacuate Collection Set: 0.41ms
[239.286s][info][gc,phases   ] GC(475)   Other: 0.10ms
[239.286s][info][gc,heap     ] GC(475) Eden regions: 82->0(82)
[239.286s][info][gc,heap     ] GC(475) Survivor regions: 16->11(13)
[239.286s][info][gc,heap     ] GC(475) Old regions: 258->275
[239.286s][info][gc,heap     ] GC(475) Humongous regions: 6->6
[239.286s][info][gc,metaspace] GC(475) Metaspace: 42219K(42688K)->42219K(42688K) NonClass: 37881K(38144K)->37881K(38144K) Class: 4337K(4544K)->4337K(4544K)
[239.286s][info][gc          ] GC(475) Pause Young (Concurrent Start) (G1 Evacuation Pause) 362M->291M(467M) 29.108ms
[239.286s][info][gc,cpu      ] GC(475) User=0.06s Sys=0.00s Real=0.03s
[239.286s][info][gc          ] GC(476) Concurrent Mark Cycle
[239.288s][info][gc,marking  ] GC(476) Concurrent Scan Root Regions
[239.304s][info][gc,marking  ] GC(476) Concurrent Scan Root Regions 15.268ms
[239.304s][info][gc,marking  ] GC(476) Concurrent Mark
[239.304s][info][gc,marking  ] GC(476) Concurrent Mark From Roots
[239.304s][info][gc,task     ] GC(476) Using 1 workers of 1 for marking
[239.439s][info][gc,marking  ] GC(476) Concurrent Mark From Roots 135.125ms
[239.439s][info][gc,marking  ] GC(476) Concurrent Preclean
[239.439s][info][gc,marking  ] GC(476) Concurrent Preclean 0.054ms
[239.439s][info][gc,start    ] GC(476) Pause Remark
[239.455s][info][gc          ] GC(476) Pause Remark 332M->280M(467M) 16.175ms
[239.455s][info][gc,cpu      ] GC(476) User=0.03s Sys=0.00s Real=0.02s
[239.455s][info][gc,marking  ] GC(476) Concurrent Mark 151.705ms
[239.455s][info][gc,marking  ] GC(476) Concurrent Rebuild Remembered Sets and Scrub Regions
[239.525s][info][gc,marking  ] GC(476) Concurrent Rebuild Remembered Sets and Scrub Regions 69.175ms
[239.525s][info][gc,start    ] GC(476) Pause Cleanup
[239.525s][info][gc          ] GC(476) Pause Cleanup 300M->300M(467M) 0.110ms
[239.525s][info][gc,cpu      ] GC(476) User=0.00s Sys=0.00s Real=0.00s
[239.525s][info][gc,marking  ] GC(476) Concurrent Clear Claimed Marks
[239.525s][info][gc,marking  ] GC(476) Concurrent Clear Claimed Marks 0.050ms
[239.525s][info][gc,marking  ] GC(476) Concurrent Cleanup for Next Mark
[239.527s][info][gc,marking  ] GC(476) Concurrent Cleanup for Next Mark 1.917ms
[239.527s][info][gc          ] GC(476) Concurrent Mark Cycle 240.838ms
[239.599s][info][gc,start    ] GC(477) Pause Young (Prepare Mixed) (G1 Evacuation Pause)
[239.599s][info][gc,task     ] GC(477) Using 2 workers of 2 for evacuation
[239.614s][info][gc,phases   ] GC(477)   Pre Evacuate Collection Set: 0.22ms
[239.614s][info][gc,phases   ] GC(477)   Merge Heap Roots: 0.13ms
[239.614s][info][gc,phases   ] GC(477)   Evacuate Collection Set: 13.67ms
[239.614s][info][gc,phases   ] GC(477)   Post Evacuate Collection Set: 0.37ms
[239.614s][info][gc,phases   ] GC(477)   Other: 0.07ms
[239.614s][info][gc,heap     ] GC(477) Eden regions: 82->0(115)
[239.614s][info][gc,heap     ] GC(477) Survivor regions: 11->12(12)
[239.614s][info][gc,heap     ] GC(477) Old regions: 225->231
[239.614s][info][gc,heap     ] GC(477) Humongous regions: 4->4
[239.614s][info][gc,metaspace] GC(477) Metaspace: 42219K(42688K)->42219K(42688K) NonClass: 37881K(38144K)->37881K(38144K) Class: 4337K(4544K)->4337K(4544K)
[239.614s][info][gc          ] GC(477) Pause Young (Prepare Mixed) (G1 Evacuation Pause) 321M->246M(467M) 14.646ms
[239.614s][info][gc,cpu      ] GC(477) User=0.03s Sys=0.00s Real=0.02s
[240.032s][info][gc,start    ] GC(478) Pause Young (Mixed) (G1 Evacuation Pause)
[240.032s][info][gc,task     ] GC(478) Using 2 workers of 2 for evacuation
[240.073s][info][gc,phases   ] GC(478)   Pre Evacuate Collection Set: 0.28ms
[240.073s][info][gc,phases   ] GC(478)   Merge Heap Roots: 0.13ms
[240.073s][info][gc,phases   ] GC(478)   Evacuate Collection Set: 40.20ms
[240.073s][info][gc,phases   ] GC(478)   Post Evacuate Collection Set: 0.52ms
[240.073s][info][gc,phases   ] GC(478)   Other: 0.09ms
[240.074s][info][gc,heap     ] GC(478) Eden regions: 115->0(101)
[240.074s][info][gc,heap     ] GC(478) Survivor regions: 12->16(16)
[240.074s][info][gc,heap     ] GC(478) Old regions: 231->231
[240.074s][info][gc,heap     ] GC(478) Humongous regions: 5->5
[240.074s][info][gc,metaspace] GC(478) Metaspace: 42219K(42688K)->42219K(42688K) NonClass: 37881K(38144K)->37881K(38144K) Class: 4337K(4544K)->4337K(4544K)
[240.074s][info][gc          ] GC(478) Pause Young (Mixed) (G1 Evacuation Pause) 362M->252M(467M) 41.471ms
[240.074s][info][gc,cpu      ] GC(478) User=0.08s Sys=0.00s Real=0.04s
[240.447s][info][gc,start    ] GC(479) Pause Young (Mixed) (G1 Evacuation Pause)
[240.447s][info][gc,task     ] GC(479) Using 2 workers of 2 for evacuation
[240.518s][info][gc,phases   ] GC(479)   Pre Evacuate Collection Set: 0.23ms
[240.518s][info][gc,phases   ] GC(479)   Merge Heap Roots: 0.42ms
[240.518s][info][gc,phases   ] GC(479)   Evacuate Collection Set: 69.45ms
[240.518s][info][gc,phases   ] GC(479)   Post Evacuate Collection Set: 1.17ms
[240.518s][info][gc,phases   ] GC(479)   Other: 0.08ms
[240.518s][info][gc,heap     ] GC(479) Eden regions: 101->0(127)
[240.518s][info][gc,heap     ] GC(479) Survivor regions: 16->15(15)
[240.518s][info][gc,heap     ] GC(479) Old regions: 231->257
[240.518s][info][gc,heap     ] GC(479) Humongous regions: 6->6
[240.518s][info][gc,metaspace] GC(479) Metaspace: 42220K(42688K)->42220K(42688K) NonClass: 37883K(38144K)->37883K(38144K) Class: 4337K(4544K)->4337K(4544K)
[240.518s][info][gc          ] GC(479) Pause Young (Mixed) (G1 Evacuation Pause) 354M->277M(551M) 71.559ms
[240.518s][info][gc,cpu      ] GC(479) User=0.14s Sys=0.00s Real=0.07s
[241.077s][info][gc,start    ] GC(480) Pause Young (Mixed) (G1 Evacuation Pause)
[241.077s][info][gc,task     ] GC(480) Using 2 workers of 2 for evacuation
[241.153s][info][gc,phases   ] GC(480)   Pre Evacuate Collection Set: 0.27ms
[241.153s][info][gc,phases   ] GC(480)   Merge Heap Roots: 0.35ms
[241.153s][info][gc,phases   ] GC(480)   Evacuate Collection Set: 74.75ms
[241.153s][info][gc,phases   ] GC(480)   Post Evacuate Collection Set: 0.52ms
[241.154s][info][gc,phases   ] GC(480)   Other: 0.10ms
[241.154s][info][gc,heap     ] GC(480) Eden regions: 127->0(80)
[241.154s][info][gc,heap     ] GC(480) Survivor regions: 15->18(18)
[241.154s][info][gc,heap     ] GC(480) Old regions: 257->329
[241.154s][info][gc,heap     ] GC(480) Humongous regions: 7->7
[241.154s][info][gc,metaspace] GC(480) Metaspace: 42220K(42688K)->42220K(42688K) NonClass: 37883K(38144K)->37883K(38144K) Class: 4337K(4544K)->4337K(4544K)
[241.154s][info][gc          ] GC(480) Pause Young (Mixed) (G1 Evacuation Pause) 405M->354M(551M) 76.258ms
[241.154s][info][gc,cpu      ] GC(480) User=0.15s Sys=0.01s Real=0.08s
[241.465s][info][gc,start    ] GC(481) Pause Young (Concurrent Start) (G1 Evacuation Pause)
[241.465s][info][gc,task     ] GC(481) Using 2 workers of 2 for evacuation
[241.515s][info][gc,phases   ] GC(481)   Pre Evacuate Collection Set: 0.30ms
[241.515s][info][gc,phases   ] GC(481)   Merge Heap Roots: 0.34ms
[241.515s][info][gc,phases   ] GC(481)   Evacuate Collection Set: 48.83ms
[241.515s][info][gc,phases   ] GC(481)   Post Evacuate Collection Set: 0.44ms
[241.515s][info][gc,phases   ] GC(481)   Other: 0.10ms
[241.515s][info][gc,heap     ] GC(481) Eden regions: 80->0(67)
[241.515s][info][gc,heap     ] GC(481) Survivor regions: 18->13(13)
[241.515s][info][gc,heap     ] GC(481) Old regions: 329->371
[241.515s][info][gc,heap     ] GC(481) Humongous regions: 7->7
[241.515s][info][gc,metaspace] GC(481) Metaspace: 42220K(42688K)->42220K(42688K) NonClass: 37883K(38144K)->37883K(38144K) Class: 4337K(4544K)->4337K(4544K)
[241.515s][info][gc          ] GC(481) Pause Young (Concurrent Start) (G1 Evacuation Pause) 434M->390M(551M) 50.236ms
[241.515s][info][gc,cpu      ] GC(481) User=0.09s Sys=0.00s Real=0.05s
[241.515s][info][gc          ] GC(482) Concurrent Mark Cycle
[241.515s][info][gc,marking  ] GC(482) Concurrent Scan Root Regions
[241.545s][info][gc,marking  ] GC(482) Concurrent Scan Root Regions 29.036ms
[241.545s][info][gc,marking  ] GC(482) Concurrent Mark
[241.545s][info][gc,marking  ] GC(482) Concurrent Mark From Roots
[241.545s][info][gc,task     ] GC(482) Using 1 workers of 1 for marking
[241.706s][info][gc,marking  ] GC(482) Concurrent Mark From Roots 161.144ms
[241.706s][info][gc,marking  ] GC(482) Concurrent Preclean
[241.706s][info][gc,marking  ] GC(482) Concurrent Preclean 0.063ms
[241.706s][info][gc,start    ] GC(482) Pause Remark
[241.722s][info][gc          ] GC(482) Pause Remark 435M->369M(551M) 15.755ms
[241.722s][info][gc,cpu      ] GC(482) User=0.03s Sys=0.00s Real=0.02s
[241.722s][info][gc,marking  ] GC(482) Concurrent Mark 177.281ms
[241.722s][info][gc,marking  ] GC(482) Concurrent Rebuild Remembered Sets and Scrub Regions
[241.814s][info][gc,start    ] GC(483) Pause Young (Normal) (G1 Evacuation Pause)
[241.814s][info][gc,task     ] GC(483) Using 2 workers of 2 for evacuation
[241.840s][info][gc,phases   ] GC(483)   Pre Evacuate Collection Set: 0.27ms
[241.840s][info][gc,phases   ] GC(483)   Merge Heap Roots: 0.43ms
[241.840s][info][gc,phases   ] GC(483)   Evacuate Collection Set: 25.55ms
[241.840s][info][gc,phases   ] GC(483)   Post Evacuate Collection Set: 0.40ms
[241.840s][info][gc,phases   ] GC(483)   Other: 0.07ms
[241.840s][info][gc,heap     ] GC(483) Eden regions: 67->0(93)
[241.840s][info][gc,heap     ] GC(483) Survivor regions: 13->10(10)
[241.840s][info][gc,heap     ] GC(483) Old regions: 307->325
[241.840s][info][gc,heap     ] GC(483) Humongous regions: 6->5
[241.840s][info][gc,metaspace] GC(483) Metaspace: 42221K(42688K)->42221K(42688K) NonClass: 37884K(38144K)->37884K(38144K) Class: 4337K(4544K)->4337K(4544K)
[241.841s][info][gc          ] GC(483) Pause Young (Normal) (G1 Evacuation Pause) 392M->340M(551M) 26.956ms
[241.841s][info][gc,cpu      ] GC(483) User=0.05s Sys=0.00s Real=0.03s
[241.857s][info][gc,marking  ] GC(482) Concurrent Rebuild Remembered Sets and Scrub Regions 135.289ms
[241.857s][info][gc,start    ] GC(482) Pause Cleanup
[241.857s][info][gc          ] GC(482) Pause Cleanup 344M->344M(551M) 0.161ms
[241.857s][info][gc,cpu      ] GC(482) User=0.00s Sys=0.00s Real=0.00s
[241.857s][info][gc,marking  ] GC(482) Concurrent Clear Claimed Marks
[241.858s][info][gc,marking  ] GC(482) Concurrent Clear Claimed Marks 0.046ms
[241.858s][info][gc,marking  ] GC(482) Concurrent Cleanup for Next Mark
[241.860s][info][gc,marking  ] GC(482) Concurrent Cleanup for Next Mark 2.506ms
[241.860s][info][gc          ] GC(482) Concurrent Mark Cycle 344.649ms
[242.187s][info][gc,start    ] GC(484) Pause Young (Prepare Mixed) (G1 Evacuation Pause)
[242.187s][info][gc,task     ] GC(484) Using 2 workers of 2 for evacuation
[242.206s][info][gc,phases   ] GC(484)   Pre Evacuate Collection Set: 0.31ms
[242.207s][info][gc,phases   ] GC(484)   Merge Heap Roots: 0.20ms
[242.207s][info][gc,phases   ] GC(484)   Evacuate Collection Set: 18.84ms
[242.207s][info][gc,phases   ] GC(484)   Post Evacuate Collection Set: 0.45ms
[242.207s][info][gc,phases   ] GC(484)   Other: 0.07ms
[242.207s][info][gc,heap     ] GC(484) Eden regions: 93->0(96)
[242.207s][info][gc,heap     ] GC(484) Survivor regions: 10->13(13)
[242.207s][info][gc,heap     ] GC(484) Old regions: 325->331
[242.207s][info][gc,heap     ] GC(484) Humongous regions: 5->5
[242.207s][info][gc,metaspace] GC(484) Metaspace: 42221K(42688K)->42221K(42688K) NonClass: 37884K(38144K)->37884K(38144K) Class: 4337K(4544K)->4337K(4544K)
[242.207s][info][gc          ] GC(484) Pause Young (Prepare Mixed) (G1 Evacuation Pause) 433M->348M(551M) 20.077ms
[242.207s][info][gc,cpu      ] GC(484) User=0.04s Sys=0.00s Real=0.02s
[242.542s][info][gc,start    ] GC(485) Pause Young (Mixed) (G1 Evacuation Pause)
[242.543s][info][gc,task     ] GC(485) Using 2 workers of 2 for evacuation
[242.571s][info][gc,phases   ] GC(485)   Pre Evacuate Collection Set: 0.25ms
[242.571s][info][gc,phases   ] GC(485)   Merge Heap Roots: 0.41ms
[242.571s][info][gc,phases   ] GC(485)   Evacuate Collection Set: 27.07ms
[242.571s][info][gc,phases   ] GC(485)   Post Evacuate Collection Set: 0.54ms
[242.571s][info][gc,phases   ] GC(485)   Other: 0.08ms
[242.571s][info][gc,heap     ] GC(485) Eden regions: 96->0(118)
[242.571s][info][gc,heap     ] GC(485) Survivor regions: 13->14(14)
[242.571s][info][gc,heap     ] GC(485) Old regions: 331->291
[242.571s][info][gc,heap     ] GC(485) Humongous regions: 5->5
[242.571s][info][gc,metaspace] GC(485) Metaspace: 42221K(42688K)->42221K(42688K) NonClass: 37884K(38144K)->37884K(38144K) Class: 4337K(4544K)->4337K(4544K)
[242.571s][info][gc          ] GC(485) Pause Young (Mixed) (G1 Evacuation Pause) 444M->310M(551M) 28.602ms
[242.571s][info][gc,cpu      ] GC(485) User=0.05s Sys=0.00s Real=0.03s
[243.013s][info][gc,start    ] GC(486) Pause Young (Mixed) (G1 Evacuation Pause)
[243.013s][info][gc,task     ] GC(486) Using 2 workers of 2 for evacuation
[243.046s][info][gc,phases   ] GC(486)   Pre Evacuate Collection Set: 0.24ms
[243.046s][info][gc,phases   ] GC(486)   Merge Heap Roots: 0.43ms
[243.046s][info][gc,phases   ] GC(486)   Evacuate Collection Set: 31.57ms
[243.046s][info][gc,phases   ] GC(486)   Post Evacuate Collection Set: 0.56ms
[243.046s][info][gc,phases   ] GC(486)   Other: 0.10ms
[243.046s][info][gc,heap     ] GC(486) Eden regions: 118->0(146)
[243.046s][info][gc,heap     ] GC(486) Survivor regions: 14->8(17)
[243.046s][info][gc,heap     ] GC(486) Old regions: 291->257
[243.046s][info][gc,heap     ] GC(486) Humongous regions: 6->5
[243.046s][info][gc,metaspace] GC(486) Metaspace: 42221K(42688K)->42221K(42688K) NonClass: 37884K(38144K)->37884K(38144K) Class: 4337K(4544K)->4337K(4544K)
[243.047s][info][gc          ] GC(486) Pause Young (Mixed) (G1 Evacuation Pause) 429M->270M(551M) 33.157ms
[243.047s][info][gc,cpu      ] GC(486) User=0.07s Sys=0.00s Real=0.03s
[243.581s][info][gc,start    ] GC(487) Pause Young (Mixed) (G1 Evacuation Pause)
[243.581s][info][gc,task     ] GC(487) Using 2 workers of 2 for evacuation
[243.621s][info][gc,phases   ] GC(487)   Pre Evacuate Collection Set: 0.23ms
[243.622s][info][gc,phases   ] GC(487)   Merge Heap Roots: 1.06ms
[243.622s][info][gc,phases   ] GC(487)   Evacuate Collection Set: 38.62ms
[243.622s][info][gc,phases   ] GC(487)   Post Evacuate Collection Set: 0.55ms
[243.622s][info][gc,phases   ] GC(487)   Other: 0.07ms
[243.622s][info][gc,heap     ] GC(487) Eden regions: 146->0(166)
[243.622s][info][gc,heap     ] GC(487) Survivor regions: 8->3(20)
[243.622s][info][gc,heap     ] GC(487) Old regions: 257->246
[243.622s][info][gc,heap     ] GC(487) Humongous regions: 6->5
[243.622s][info][gc,metaspace] GC(487) Metaspace: 42221K(42688K)->42221K(42688K) NonClass: 37884K(38144K)->37884K(38144K) Class: 4337K(4544K)->4337K(4544K)
[243.622s][info][gc          ] GC(487) Pause Young (Mixed) (G1 Evacuation Pause) 417M->253M(551M) 40.732ms
[243.622s][info][gc,cpu      ] GC(487) User=0.08s Sys=0.00s Real=0.04s
[243.747s][info][gc,start    ] GC(488) Pause Young (Concurrent Start) (G1 Humongous Allocation)
[243.747s][info][gc,task     ] GC(488) Using 2 workers of 2 for evacuation
[243.753s][info][gc,phases   ] GC(488)   Pre Evacuate Collection Set: 0.25ms
[243.753s][info][gc,phases   ] GC(488)   Merge Heap Roots: 0.06ms
[243.753s][info][gc,phases   ] GC(488)   Evacuate Collection Set: 5.47ms
[243.753s][info][gc,phases   ] GC(488)   Post Evacuate Collection Set: 0.34ms
[243.753s][info][gc,phases   ] GC(488)   Other: 0.10ms
[243.753s][info][gc,heap     ] GC(488) Eden regions: 40->0(175)
[243.753s][info][gc,heap     ] GC(488) Survivor regions: 3->9(22)
[243.753s][info][gc,heap     ] GC(488) Old regions: 246->246
[243.753s][info][gc,heap     ] GC(488) Humongous regions: 5->5
[243.753s][info][gc,metaspace] GC(488) Metaspace: 42221K(42688K)->42221K(42688K) NonClass: 37884K(38144K)->37884K(38144K) Class: 4337K(4544K)->4337K(4544K)
[243.753s][info][gc          ] GC(488) Pause Young (Concurrent Start) (G1 Humongous Allocation) 292M->259M(551M) 6.403ms
[243.753s][info][gc,cpu      ] GC(488) User=0.01s Sys=0.00s Real=0.01s
[243.753s][info][gc          ] GC(489) Concurrent Mark Cycle
[243.753s][info][gc,marking  ] GC(489) Concurrent Scan Root Regions
[243.757s][info][gc,marking  ] GC(489) Concurrent Scan Root Regions 4.045ms
[243.757s][info][gc,marking  ] GC(489) Concurrent Mark
[243.757s][info][gc,marking  ] GC(489) Concurrent Mark From Roots
[243.757s][info][gc,task     ] GC(489) Using 1 workers of 1 for marking
[243.872s][info][gc,marking  ] GC(489) Concurrent Mark From Roots 114.584ms
[243.872s][info][gc,marking  ] GC(489) Concurrent Preclean
[243.872s][info][gc,marking  ] GC(489) Concurrent Preclean 0.080ms
[243.872s][info][gc,start    ] GC(489) Pause Remark
[243.888s][info][gc          ] GC(489) Pause Remark 292M->183M(507M) 16.060ms
[243.888s][info][gc,cpu      ] GC(489) User=0.03s Sys=0.00s Real=0.01s
[243.888s][info][gc,marking  ] GC(489) Concurrent Mark 131.042ms
[243.888s][info][gc,marking  ] GC(489) Concurrent Rebuild Remembered Sets and Scrub Regions
[243.925s][info][gc,marking  ] GC(489) Concurrent Rebuild Remembered Sets and Scrub Regions 36.585ms
[243.925s][info][gc,start    ] GC(489) Pause Cleanup
[243.925s][info][gc          ] GC(489) Pause Cleanup 194M->194M(507M) 0.073ms
[243.925s][info][gc,cpu      ] GC(489) User=0.00s Sys=0.00s Real=0.00s
[243.925s][info][gc,marking  ] GC(489) Concurrent Clear Claimed Marks
[243.925s][info][gc,marking  ] GC(489) Concurrent Clear Claimed Marks 0.040ms
[243.925s][info][gc,marking  ] GC(489) Concurrent Cleanup for Next Mark
[243.927s][info][gc,marking  ] GC(489) Concurrent Cleanup for Next Mark 1.450ms
[243.927s][info][gc          ] GC(489) Concurrent Mark Cycle 173.582ms
[244.399s][info][gc,start    ] GC(490) Pause Young (Prepare Mixed) (G1 Evacuation Pause)
[244.399s][info][gc,task     ] GC(490) Using 2 workers of 2 for evacuation
[244.420s][info][gc,phases   ] GC(490)   Pre Evacuate Collection Set: 0.24ms
[244.420s][info][gc,phases   ] GC(490)   Merge Heap Roots: 0.09ms
[244.420s][info][gc,phases   ] GC(490)   Evacuate Collection Set: 20.29ms
[244.420s][info][gc,phases   ] GC(490)   Post Evacuate Collection Set: 0.49ms
[244.420s][info][gc,phases   ] GC(490)   Other: 0.08ms
[244.420s][info][gc,heap     ] GC(490) Eden regions: 175->0(197)
[244.420s][info][gc,heap     ] GC(490) Survivor regions: 9->23(23)
[244.420s][info][gc,heap     ] GC(490) Old regions: 139->149
[244.420s][info][gc,heap     ] GC(490) Humongous regions: 6->4
[244.420s][info][gc,metaspace] GC(490) Metaspace: 42221K(42688K)->42221K(42688K) NonClass: 37884K(38144K)->37884K(38144K) Class: 4337K(4544K)->4337K(4544K)
[244.420s][info][gc          ] GC(490) Pause Young (Prepare Mixed) (G1 Evacuation Pause) 328M->175M(507M) 21.439ms
[244.420s][info][gc,cpu      ] GC(490) User=0.04s Sys=0.00s Real=0.03s
[245.108s][info][gc,start    ] GC(491) Pause Young (Mixed) (G1 Evacuation Pause)
[245.108s][info][gc,task     ] GC(491) Using 2 workers of 2 for evacuation
[245.133s][info][gc,phases   ] GC(491)   Pre Evacuate Collection Set: 0.23ms
[245.134s][info][gc,phases   ] GC(491)   Merge Heap Roots: 0.22ms
[245.134s][info][gc,phases   ] GC(491)   Evacuate Collection Set: 24.57ms
[245.134s][info][gc,phases   ] GC(491)   Post Evacuate Collection Set: 0.53ms
[245.134s][info][gc,phases   ] GC(491)   Other: 0.08ms
[245.134s][info][gc,heap     ] GC(491) Eden regions: 197->0(233)
[245.134s][info][gc,heap     ] GC(491) Survivor regions: 23->13(28)
[245.134s][info][gc,heap     ] GC(491) Old regions: 149->118
[245.134s][info][gc,heap     ] GC(491) Humongous regions: 6->4
[245.134s][info][gc,metaspace] GC(491) Metaspace: 42221K(42688K)->42221K(42688K) NonClass: 37884K(38144K)->37884K(38144K) Class: 4337K(4544K)->4337K(4544K)
[245.134s][info][gc          ] GC(491) Pause Young (Mixed) (G1 Evacuation Pause) 374M->134M(507M) 25.832ms
[245.134s][info][gc,cpu      ] GC(491) User=0.05s Sys=0.00s Real=0.03s
[245.207s][info][gc,start    ] GC(492) Pause Young (Concurrent Start) (G1 Humongous Allocation)
[245.207s][info][gc,task     ] GC(492) Using 2 workers of 2 for evacuation
[245.225s][info][gc,phases   ] GC(492)   Pre Evacuate Collection Set: 0.22ms
[245.225s][info][gc,phases   ] GC(492)   Merge Heap Roots: 0.07ms
[245.225s][info][gc,phases   ] GC(492)   Evacuate Collection Set: 17.11ms
[245.225s][info][gc,phases   ] GC(492)   Post Evacuate Collection Set: 0.33ms
[245.225s][info][gc,phases   ] GC(492)   Other: 0.10ms
[245.225s][info][gc,heap     ] GC(492) Eden regions: 23->0(171)
[245.225s][info][gc,heap     ] GC(492) Survivor regions: 13->28(31)
[245.225s][info][gc,heap     ] GC(492) Old regions: 118->118
[245.225s][info][gc,heap     ] GC(492) Humongous regions: 4->4
[245.225s][info][gc,metaspace] GC(492) Metaspace: 42221K(42688K)->42221K(42688K) NonClass: 37884K(38144K)->37884K(38144K) Class: 4337K(4544K)->4337K(4544K)
[245.225s][info][gc          ] GC(492) Pause Young (Concurrent Start) (G1 Humongous Allocation) 157M->149M(507M) 18.055ms
[245.225s][info][gc,cpu      ] GC(492) User=0.03s Sys=0.00s Real=0.02s
[245.225s][info][gc          ] GC(493) Concurrent Mark Cycle
[245.225s][info][gc,marking  ] GC(493) Concurrent Scan Root Regions
[245.237s][info][gc,marking  ] GC(493) Concurrent Scan Root Regions 12.112ms
[245.237s][info][gc,marking  ] GC(493) Concurrent Mark
[245.237s][info][gc,marking  ] GC(493) Concurrent Mark From Roots
[245.237s][info][gc,task     ] GC(493) Using 1 workers of 1 for marking
[245.340s][info][gc,marking  ] GC(493) Concurrent Mark From Roots 102.823ms
[245.340s][info][gc,marking  ] GC(493) Concurrent Preclean
[245.340s][info][gc,marking  ] GC(493) Concurrent Preclean 0.053ms
[245.340s][info][gc,start    ] GC(493) Pause Remark
[245.356s][info][gc          ] GC(493) Pause Remark 180M->166M(457M) 15.807ms
[245.356s][info][gc,cpu      ] GC(493) User=0.03s Sys=0.00s Real=0.02s
[245.356s][info][gc,marking  ] GC(493) Concurrent Mark 118.980ms
[245.356s][info][gc,marking  ] GC(493) Concurrent Rebuild Remembered Sets and Scrub Regions
[245.397s][info][gc,marking  ] GC(493) Concurrent Rebuild Remembered Sets and Scrub Regions 41.089ms
[245.397s][info][gc,start    ] GC(493) Pause Cleanup
[245.398s][info][gc          ] GC(493) Pause Cleanup 177M->177M(457M) 0.055ms
[245.398s][info][gc,cpu      ] GC(493) User=0.00s Sys=0.00s Real=0.00s
[245.398s][info][gc,marking  ] GC(493) Concurrent Clear Claimed Marks
[245.398s][info][gc,marking  ] GC(493) Concurrent Clear Claimed Marks 0.042ms
[245.398s][info][gc,marking  ] GC(493) Concurrent Cleanup for Next Mark
[245.399s][info][gc,marking  ] GC(493) Concurrent Cleanup for Next Mark 1.351ms
[245.399s][info][gc          ] GC(493) Concurrent Mark Cycle 173.983ms
[245.821s][info][gc,start    ] GC(494) Pause Young (Prepare Mixed) (G1 Evacuation Pause)
[245.821s][info][gc,task     ] GC(494) Using 2 workers of 2 for evacuation
[245.837s][info][gc,phases   ] GC(494)   Pre Evacuate Collection Set: 0.28ms
[245.837s][info][gc,phases   ] GC(494)   Merge Heap Roots: 0.20ms
[245.837s][info][gc,phases   ] GC(494)   Evacuate Collection Set: 15.51ms
[245.837s][info][gc,phases   ] GC(494)   Post Evacuate Collection Set: 0.46ms
[245.837s][info][gc,phases   ] GC(494)   Other: 0.08ms
[245.837s][info][gc,heap     ] GC(494) Eden regions: 171->0(169)
[245.837s][info][gc,heap     ] GC(494) Survivor regions: 28->20(25)
[245.837s][info][gc,heap     ] GC(494) Old regions: 104->107
[245.837s][info][gc,heap     ] GC(494) Humongous regions: 7->4
[245.837s][info][gc,metaspace] GC(494) Metaspace: 42221K(42688K)->42221K(42688K) NonClass: 37884K(38144K)->37884K(38144K) Class: 4337K(4544K)->4337K(4544K)
[245.837s][info][gc          ] GC(494) Pause Young (Prepare Mixed) (G1 Evacuation Pause) 309M->129M(457M) 16.734ms
[245.837s][info][gc,cpu      ] GC(494) User=0.03s Sys=0.00s Real=0.01s
[246.367s][info][gc,start    ] GC(495) Pause Young (Mixed) (G1 Evacuation Pause)
[246.367s][info][gc,task     ] GC(495) Using 2 workers of 2 for evacuation
[246.380s][info][gc,phases   ] GC(495)   Pre Evacuate Collection Set: 0.22ms
[246.380s][info][gc,phases   ] GC(495)   Merge Heap Roots: 0.08ms
[246.380s][info][gc,phases   ] GC(495)   Evacuate Collection Set: 12.19ms
[246.380s][info][gc,phases   ] GC(495)   Post Evacuate Collection Set: 0.43ms
[246.380s][info][gc,phases   ] GC(495)   Other: 0.09ms
[246.380s][info][gc,heap     ] GC(495) Eden regions: 169->0(192)
[246.380s][info][gc,heap     ] GC(495) Survivor regions: 20->2(24)
[246.380s][info][gc,heap     ] GC(495) Old regions: 107->116
[246.380s][info][gc,heap     ] GC(495) Humongous regions: 4->4
[246.380s][info][gc,metaspace] GC(495) Metaspace: 42221K(42688K)->42221K(42688K) NonClass: 37884K(38144K)->37884K(38144K) Class: 4337K(4544K)->4337K(4544K)
[246.380s][info][gc          ] GC(495) Pause Young (Mixed) (G1 Evacuation Pause) 298M->121M(457M) 13.240ms
[246.380s][info][gc,cpu      ] GC(495) User=0.03s Sys=0.00s Real=0.02s
[246.677s][info][gc,start    ] GC(496) Pause Young (Concurrent Start) (G1 Humongous Allocation)
[246.677s][info][gc,task     ] GC(496) Using 2 workers of 2 for evacuation
[246.682s][info][gc,phases   ] GC(496)   Pre Evacuate Collection Set: 0.24ms
[246.682s][info][gc,phases   ] GC(496)   Merge Heap Roots: 0.05ms
[246.682s][info][gc,phases   ] GC(496)   Evacuate Collection Set: 4.53ms
[246.682s][info][gc,phases   ] GC(496)   Post Evacuate Collection Set: 0.36ms
[246.682s][info][gc,phases   ] GC(496)   Other: 0.12ms
[246.682s][info][gc,heap     ] GC(496) Eden regions: 92->0(209)
[246.682s][info][gc,heap     ] GC(496) Survivor regions: 2->2(25)
[246.682s][info][gc,heap     ] GC(496) Old regions: 116->116
[246.682s][info][gc,heap     ] GC(496) Humongous regions: 4->4
[246.682s][info][gc,metaspace] GC(496) Metaspace: 42221K(42688K)->42221K(42688K) NonClass: 37884K(38144K)->37884K(38144K) Class: 4337K(4544K)->4337K(4544K)
[246.682s][info][gc          ] GC(496) Pause Young (Concurrent Start) (G1 Humongous Allocation) 213M->121M(457M) 5.475ms
[246.682s][info][gc,cpu      ] GC(496) User=0.01s Sys=0.00s Real=0.01s
[246.682s][info][gc          ] GC(497) Concurrent Mark Cycle
[246.682s][info][gc,marking  ] GC(497) Concurrent Scan Root Regions
[246.683s][info][gc,marking  ] GC(497) Concurrent Scan Root Regions 0.808ms
[246.683s][info][gc,marking  ] GC(497) Concurrent Mark
[246.683s][info][gc,marking  ] GC(497) Concurrent Mark From Roots
[246.683s][info][gc,task     ] GC(497) Using 1 workers of 1 for marking
[246.761s][info][gc,marking  ] GC(497) Concurrent Mark From Roots 77.998ms
[246.761s][info][gc,marking  ] GC(497) Concurrent Preclean
[246.761s][info][gc,marking  ] GC(497) Concurrent Preclean 0.048ms
[246.761s][info][gc,start    ] GC(497) Pause Remark
[246.777s][info][gc          ] GC(497) Pause Remark 146M->113M(300M) 15.634ms
[246.777s][info][gc,cpu      ] GC(497) User=0.03s Sys=0.00s Real=0.01s
[246.777s][info][gc,marking  ] GC(497) Concurrent Mark 93.960ms
[246.777s][info][gc,marking  ] GC(497) Concurrent Rebuild Remembered Sets and Scrub Regions
[246.810s][info][gc,marking  ] GC(497) Concurrent Rebuild Remembered Sets and Scrub Regions 32.910ms
[246.810s][info][gc,start    ] GC(497) Pause Cleanup
[246.810s][info][gc          ] GC(497) Pause Cleanup 123M->123M(300M) 0.049ms
[246.810s][info][gc,cpu      ] GC(497) User=0.00s Sys=0.00s Real=0.00s
[246.810s][info][gc,marking  ] GC(497) Concurrent Clear Claimed Marks
[246.810s][info][gc,marking  ] GC(497) Concurrent Clear Claimed Marks 0.039ms
[246.810s][info][gc,marking  ] GC(497) Concurrent Cleanup for Next Mark
[246.811s][info][gc,marking  ] GC(497) Concurrent Cleanup for Next Mark 0.865ms
[246.811s][info][gc          ] GC(497) Concurrent Mark Cycle 128.902ms
[247.246s][info][gc,start    ] GC(498) Pause Young (Prepare Mixed) (G1 Evacuation Pause)
[247.246s][info][gc,task     ] GC(498) Using 2 workers of 2 for evacuation
[247.251s][info][gc,phases   ] GC(498)   Pre Evacuate Collection Set: 0.15ms
[247.251s][info][gc,phases   ] GC(498)   Merge Heap Roots: 0.07ms
[247.251s][info][gc,phases   ] GC(498)   Evacuate Collection Set: 3.77ms
[247.251s][info][gc,phases   ] GC(498)   Post Evacuate Collection Set: 0.44ms
[247.251s][info][gc,phases   ] GC(498)   Other: 0.08ms
[247.251s][info][gc,heap     ] GC(498) Eden regions: 178->0(141)
[247.251s][info][gc,heap     ] GC(498) Survivor regions: 2->5(23)
[247.251s][info][gc,heap     ] GC(498) Old regions: 84->84
[247.251s][info][gc,heap     ] GC(498) Humongous regions: 4->1
[247.251s][info][gc,metaspace] GC(498) Metaspace: 42224K(42688K)->42224K(42688K) NonClass: 37887K(38144K)->37887K(38144K) Class: 4337K(4544K)->4337K(4544K)
[247.251s][info][gc          ] GC(498) Pause Young (Prepare Mixed) (G1 Evacuation Pause) 267M->89M(300M) 4.712ms
[247.251s][info][gc,cpu      ] GC(498) User=0.01s Sys=0.00s Real=0.01s
[247.510s][info][gc,start    ] GC(499) Pause Young (Mixed) (G1 Evacuation Pause)
[247.510s][info][gc,task     ] GC(499) Using 2 workers of 2 for evacuation
[247.520s][info][gc,phases   ] GC(499)   Pre Evacuate Collection Set: 0.17ms
[247.520s][info][gc,phases   ] GC(499)   Merge Heap Roots: 0.13ms
[247.520s][info][gc,phases   ] GC(499)   Evacuate Collection Set: 8.74ms
[247.520s][info][gc,phases   ] GC(499)   Post Evacuate Collection Set: 0.51ms
[247.520s][info][gc,phases   ] GC(499)   Other: 0.09ms
[247.520s][info][gc,heap     ] GC(499) Eden regions: 141->0(160)
[247.520s][info][gc,heap     ] GC(499) Survivor regions: 5->5(19)
[247.520s][info][gc,heap     ] GC(499) Old regions: 84->71
[247.520s][info][gc,heap     ] GC(499) Humongous regions: 1->1
[247.520s][info][gc,metaspace] GC(499) Metaspace: 42224K(42688K)->42224K(42688K) NonClass: 37887K(38144K)->37887K(38144K) Class: 4337K(4544K)->4337K(4544K)
[247.520s][info][gc          ] GC(499) Pause Young (Mixed) (G1 Evacuation Pause) 230M->76M(300M) 9.841ms
[247.520s][info][gc,cpu      ] GC(499) User=0.02s Sys=0.00s Real=0.01s
[247.811s][info][gc,start    ] GC(500) Pause Young (Concurrent Start) (G1 Evacuation Pause)
[247.811s][info][gc,task     ] GC(500) Using 2 workers of 2 for evacuation
[247.816s][info][gc,phases   ] GC(500)   Pre Evacuate Collection Set: 0.18ms
[247.816s][info][gc,phases   ] GC(500)   Merge Heap Roots: 0.07ms
[247.816s][info][gc,phases   ] GC(500)   Evacuate Collection Set: 4.07ms
[247.816s][info][gc,phases   ] GC(500)   Post Evacuate Collection Set: 0.42ms
[247.816s][info][gc,phases   ] GC(500)   Other: 0.16ms
[247.816s][info][gc,heap     ] GC(500) Eden regions: 160->0(167)
[247.816s][info][gc,heap     ] GC(500) Survivor regions: 5->6(21)
[247.816s][info][gc,heap     ] GC(500) Old regions: 71->71
[247.816s][info][gc,heap     ] GC(500) Humongous regions: 1->1
[247.816s][info][gc,metaspace] GC(500) Metaspace: 42224K(42688K)->42224K(42688K) NonClass: 37887K(38144K)->37887K(38144K) Class: 4337K(4544K)->4337K(4544K)
[247.816s][info][gc          ] GC(500) Pause Young (Concurrent Start) (G1 Evacuation Pause) 236M->77M(300M) 5.093ms
[247.816s][info][gc,cpu      ] GC(500) User=0.01s Sys=0.00s Real=0.00s
[247.816s][info][gc          ] GC(501) Concurrent Mark Cycle
[247.816s][info][gc,marking  ] GC(501) Concurrent Scan Root Regions
[247.819s][info][gc,marking  ] GC(501) Concurrent Scan Root Regions 2.729ms
[247.819s][info][gc,marking  ] GC(501) Concurrent Mark
[247.819s][info][gc,marking  ] GC(501) Concurrent Mark From Roots
[247.819s][info][gc,task     ] GC(501) Using 1 workers of 1 for marking
[247.890s][info][gc,marking  ] GC(501) Concurrent Mark From Roots 71.248ms
[247.890s][info][gc,marking  ] GC(501) Concurrent Preclean
[247.890s][info][gc,marking  ] GC(501) Concurrent Preclean 0.042ms
[247.890s][info][gc,start    ] GC(501) Pause Remark
[247.906s][info][gc          ] GC(501) Pause Remark 118M->113M(256M) 15.712ms
[247.906s][info][gc,cpu      ] GC(501) User=0.03s Sys=0.00s Real=0.01s
[247.906s][info][gc,marking  ] GC(501) Concurrent Mark 87.225ms
[247.906s][info][gc,marking  ] GC(501) Concurrent Rebuild Remembered Sets and Scrub Regions
[247.938s][info][gc,marking  ] GC(501) Concurrent Rebuild Remembered Sets and Scrub Regions 31.721ms
[247.938s][info][gc,start    ] GC(501) Pause Cleanup
[247.938s][info][gc          ] GC(501) Pause Cleanup 130M->130M(256M) 0.051ms
[247.938s][info][gc,cpu      ] GC(501) User=0.00s Sys=0.00s Real=0.00s
[247.938s][info][gc,marking  ] GC(501) Concurrent Clear Claimed Marks
[247.938s][info][gc,marking  ] GC(501) Concurrent Clear Claimed Marks 0.040ms
[247.938s][info][gc,marking  ] GC(501) Concurrent Cleanup for Next Mark
[247.939s][info][gc,marking  ] GC(501) Concurrent Cleanup for Next Mark 0.740ms
[247.939s][info][gc          ] GC(501) Concurrent Mark Cycle 122.845ms
[248.356s][info][gc,start    ] GC(502) Pause Young (Prepare Mixed) (G1 Evacuation Pause)
[248.356s][info][gc,task     ] GC(502) Using 2 workers of 2 for evacuation
[248.366s][info][gc,phases   ] GC(502)   Pre Evacuate Collection Set: 0.18ms
[248.366s][info][gc,phases   ] GC(502)   Merge Heap Roots: 0.09ms
[248.366s][info][gc,phases   ] GC(502)   Evacuate Collection Set: 9.15ms
[248.366s][info][gc,phases   ] GC(502)   Post Evacuate Collection Set: 0.66ms
[248.366s][info][gc,phases   ] GC(502)   Other: 0.07ms
[248.366s][info][gc,heap     ] GC(502) Eden regions: 137->0(199)
[248.366s][info][gc,heap     ] GC(502) Survivor regions: 6->8(22)
[248.366s][info][gc,heap     ] GC(502) Old regions: 66->66
[248.366s][info][gc,heap     ] GC(502) Humongous regions: 129->3
[248.366s][info][gc,metaspace] GC(502) Metaspace: 42225K(42688K)->42225K(42688K) NonClass: 37888K(38144K)->37888K(38144K) Class: 4337K(4544K)->4337K(4544K)
[248.366s][info][gc          ] GC(502) Pause Young (Prepare Mixed) (G1 Evacuation Pause) 337M->76M(346M) 10.382ms
[248.366s][info][gc,cpu      ] GC(502) User=0.01s Sys=0.00s Real=0.01s
[248.835s][info][gc,start    ] GC(503) Pause Young (Mixed) (G1 Evacuation Pause)
[248.835s][info][gc,task     ] GC(503) Using 2 workers of 2 for evacuation
[248.858s][info][gc,phases   ] GC(503)   Pre Evacuate Collection Set: 0.23ms
[248.858s][info][gc,phases   ] GC(503)   Merge Heap Roots: 0.22ms
[248.858s][info][gc,phases   ] GC(503)   Evacuate Collection Set: 21.59ms
[248.858s][info][gc,phases   ] GC(503)   Post Evacuate Collection Set: 0.86ms
[248.858s][info][gc,phases   ] GC(503)   Other: 0.07ms
[248.858s][info][gc,heap     ] GC(503) Eden regions: 47->0(252)
[248.858s][info][gc,heap     ] GC(503) Survivor regions: 8->10(27)
[248.858s][info][gc,heap     ] GC(503) Old regions: 66->56
[248.858s][info][gc,heap     ] GC(503) Humongous regions: 303->3
[248.858s][info][gc,metaspace] GC(503) Metaspace: 42225K(42688K)->42225K(42688K) NonClass: 37888K(38144K)->37888K(38144K) Class: 4337K(4544K)->4337K(4544K)
[248.858s][info][gc          ] GC(503) Pause Young (Mixed) (G1 Evacuation Pause) 422M->68M(438M) 23.168ms
[248.858s][info][gc,cpu      ] GC(503) User=0.04s Sys=0.01s Real=0.02s
[248.861s][info][gc,start    ] GC(504) Pause Young (Concurrent Start) (G1 Humongous Allocation)
[248.861s][info][gc,task     ] GC(504) Using 2 workers of 2 for evacuation
[248.870s][info][gc,phases   ] GC(504)   Pre Evacuate Collection Set: 0.22ms
[248.870s][info][gc,phases   ] GC(504)   Merge Heap Roots: 0.05ms
[248.870s][info][gc,phases   ] GC(504)   Evacuate Collection Set: 7.85ms
[248.870s][info][gc,phases   ] GC(504)   Post Evacuate Collection Set: 0.51ms
[248.870s][info][gc,phases   ] GC(504)   Other: 0.08ms
[248.870s][info][gc,heap     ] GC(504) Eden regions: 1->0(252)
[248.870s][info][gc,heap     ] GC(504) Survivor regions: 10->10(33)
[248.870s][info][gc,heap     ] GC(504) Old regions: 56->56
[248.870s][info][gc,heap     ] GC(504) Humongous regions: 3->1
[248.870s][info][gc,metaspace] GC(504) Metaspace: 42225K(42688K)->42225K(42688K) NonClass: 37888K(38144K)->37888K(38144K) Class: 4337K(4544K)->4337K(4544K)
[248.870s][info][gc          ] GC(504) Pause Young (Concurrent Start) (G1 Humongous Allocation) 69M->66M(438M) 8.872ms
[248.870s][info][gc,cpu      ] GC(504) User=0.02s Sys=0.00s Real=0.00s
[248.870s][info][gc          ] GC(505) Concurrent Mark Cycle
[248.870s][info][gc,marking  ] GC(505) Concurrent Scan Root Regions
[248.876s][info][gc,marking  ] GC(505) Concurrent Scan Root Regions 5.963ms
[248.876s][info][gc,marking  ] GC(505) Concurrent Mark
[248.876s][info][gc,marking  ] GC(505) Concurrent Mark From Roots
[248.876s][info][gc,task     ] GC(505) Using 1 workers of 1 for marking
[248.946s][info][gc,marking  ] GC(505) Concurrent Mark From Roots 69.865ms
[248.946s][info][gc,marking  ] GC(505) Concurrent Preclean
[248.946s][info][gc,marking  ] GC(505) Concurrent Preclean 0.045ms
[248.946s][info][gc,start    ] GC(505) Pause Remark
[248.962s][info][gc          ] GC(505) Pause Remark 124M->123M(387M) 16.063ms
[248.962s][info][gc,cpu      ] GC(505) User=0.03s Sys=0.01s Real=0.02s
[248.963s][info][gc,marking  ] GC(505) Concurrent Mark 86.276ms
[248.963s][info][gc,marking  ] GC(505) Concurrent Rebuild Remembered Sets and Scrub Regions
[248.990s][info][gc,marking  ] GC(505) Concurrent Rebuild Remembered Sets and Scrub Regions 27.825ms
[248.991s][info][gc,start    ] GC(505) Pause Cleanup
[248.991s][info][gc          ] GC(505) Pause Cleanup 146M->146M(387M) 0.053ms
[248.991s][info][gc,cpu      ] GC(505) User=0.00s Sys=0.00s Real=0.00s
[248.991s][info][gc,marking  ] GC(505) Concurrent Clear Claimed Marks
[248.991s][info][gc,marking  ] GC(505) Concurrent Clear Claimed Marks 0.042ms
[248.991s][info][gc,marking  ] GC(505) Concurrent Cleanup for Next Mark
[248.993s][info][gc,marking  ] GC(505) Concurrent Cleanup for Next Mark 2.379ms
[248.993s][info][gc          ] GC(505) Concurrent Mark Cycle 122.921ms
[249.454s][info][gc,start    ] GC(506) Pause Young (Prepare Mixed) (G1 Evacuation Pause)
[249.454s][info][gc,task     ] GC(506) Using 2 workers of 2 for evacuation
[249.477s][info][gc,phases   ] GC(506)   Pre Evacuate Collection Set: 0.24ms
[249.477s][info][gc,phases   ] GC(506)   Merge Heap Roots: 0.09ms
[249.477s][info][gc,phases   ] GC(506)   Evacuate Collection Set: 21.45ms
[249.477s][info][gc,phases   ] GC(506)   Post Evacuate Collection Set: 0.86ms
[249.477s][info][gc,phases   ] GC(506)   Other: 0.07ms
[249.477s][info][gc,heap     ] GC(506) Eden regions: 59->0(272)
[249.477s][info][gc,heap     ] GC(506) Survivor regions: 10->17(35)
[249.477s][info][gc,heap     ] GC(506) Old regions: 55->55
[249.477s][info][gc,heap     ] GC(506) Humongous regions: 341->3
[249.477s][info][gc,metaspace] GC(506) Metaspace: 42225K(42688K)->42225K(42688K) NonClass: 37888K(38144K)->37888K(38144K) Class: 4337K(4544K)->4337K(4544K)
[249.477s][info][gc          ] GC(506) Pause Young (Prepare Mixed) (G1 Evacuation Pause) 464M->73M(482M) 22.920ms
[249.477s][info][gc,cpu      ] GC(506) User=0.03s Sys=0.01s Real=0.02s
[250.148s][info][gc,start    ] GC(507) Pause Young (Mixed) (G1 Evacuation Pause)
[250.148s][info][gc,task     ] GC(507) Using 2 workers of 2 for evacuation
[250.190s][info][gc,phases   ] GC(507)   Pre Evacuate Collection Set: 0.27ms
[250.190s][info][gc,phases   ] GC(507)   Merge Heap Roots: 0.11ms
[250.190s][info][gc,phases   ] GC(507)   Evacuate Collection Set: 40.23ms
[250.190s][info][gc,phases   ] GC(507)   Post Evacuate Collection Set: 0.89ms
[250.190s][info][gc,phases   ] GC(507)   Other: 0.10ms
[250.190s][info][gc,heap     ] GC(507) Eden regions: 79->0(317)
[250.190s][info][gc,heap     ] GC(507) Survivor regions: 17->28(41)
[250.190s][info][gc,heap     ] GC(507) Old regions: 55->52
[250.190s][info][gc,heap     ] GC(507) Humongous regions: 395->1
[250.190s][info][gc,metaspace] GC(507) Metaspace: 42226K(42688K)->42226K(42688K) NonClass: 37889K(38144K)->37889K(38144K) Class: 4337K(4544K)->4337K(4544K)
[250.190s][info][gc          ] GC(507) Pause Young (Mixed) (G1 Evacuation Pause) 544M->80M(576M) 41.800ms
[250.190s][info][gc,cpu      ] GC(507) User=0.06s Sys=0.02s Real=0.04s
[250.243s][info][gc,start    ] GC(508) Pause Young (Concurrent Start) (G1 Humongous Allocation)
[250.243s][info][gc,task     ] GC(508) Using 2 workers of 2 for evacuation
[250.271s][info][gc,phases   ] GC(508)   Pre Evacuate Collection Set: 0.27ms
[250.271s][info][gc,phases   ] GC(508)   Merge Heap Roots: 0.05ms
[250.271s][info][gc,phases   ] GC(508)   Evacuate Collection Set: 27.06ms
[250.271s][info][gc,phases   ] GC(508)   Post Evacuate Collection Set: 0.39ms
[250.271s][info][gc,phases   ] GC(508)   Other: 0.15ms
[250.271s][info][gc,heap     ] GC(508) Eden regions: 7->0(293)
[250.271s][info][gc,heap     ] GC(508) Survivor regions: 28->23(44)
[250.271s][info][gc,heap     ] GC(508) Old regions: 52->58
[250.271s][info][gc,heap     ] GC(508) Humongous regions: 37->1
[250.271s][info][gc,metaspace] GC(508) Metaspace: 42226K(42688K)->42226K(42688K) NonClass: 37889K(38144K)->37889K(38144K) Class: 4337K(4544K)->4337K(4544K)
[250.271s][info][gc          ] GC(508) Pause Young (Concurrent Start) (G1 Humongous Allocation) 122M->81M(576M) 28.134ms
[250.271s][info][gc,cpu      ] GC(508) User=0.06s Sys=0.00s Real=0.03s
[250.271s][info][gc          ] GC(509) Concurrent Undo Cycle
[250.271s][info][gc,marking  ] GC(509) Concurrent Clear Claimed Marks
[250.271s][info][gc,marking  ] GC(509) Concurrent Clear Claimed Marks 0.061ms
[250.271s][info][gc,marking  ] GC(509) Concurrent Cleanup for Next Mark
[250.272s][info][gc,marking  ] GC(509) Concurrent Cleanup for Next Mark 0.208ms
[250.272s][info][gc          ] GC(509) Concurrent Undo Cycle 0.369ms
[250.275s][info][gc,start    ] GC(510) Pause Young (Concurrent Start) (G1 Humongous Allocation)
[250.275s][info][gc,task     ] GC(510) Using 2 workers of 2 for evacuation
[250.298s][info][gc,phases   ] GC(510)   Pre Evacuate Collection Set: 0.22ms
[250.298s][info][gc,phases   ] GC(510)   Merge Heap Roots: 0.06ms
[250.298s][info][gc,phases   ] GC(510)   Evacuate Collection Set: 22.75ms
[250.298s][info][gc,phases   ] GC(510)   Post Evacuate Collection Set: 0.34ms
[250.298s][info][gc,phases   ] GC(510)   Other: 0.08ms
[250.298s][info][gc,heap     ] GC(510) Eden regions: 1->0(321)
[250.298s][info][gc,heap     ] GC(510) Survivor regions: 23->20(40)
[250.298s][info][gc,heap     ] GC(510) Old regions: 58->61
[250.298s][info][gc,heap     ] GC(510) Humongous regions: 3->1
[250.298s][info][gc,metaspace] GC(510) Metaspace: 42226K(42688K)->42226K(42688K) NonClass: 37889K(38144K)->37889K(38144K) Class: 4337K(4544K)->4337K(4544K)
[250.298s][info][gc          ] GC(510) Pause Young (Concurrent Start) (G1 Humongous Allocation) 83M->81M(576M) 23.635ms
[250.298s][info][gc          ] GC(511) Concurrent Mark Cycle
[250.298s][info][gc,marking  ] GC(511) Concurrent Scan Root Regions
[250.298s][info][gc,cpu      ] GC(510) User=0.04s Sys=0.00s Real=0.02s
[250.316s][info][gc,marking  ] GC(511) Concurrent Scan Root Regions 17.684ms
[250.316s][info][gc,marking  ] GC(511) Concurrent Mark
[250.316s][info][gc,marking  ] GC(511) Concurrent Mark From Roots
[250.316s][info][gc,task     ] GC(511) Using 1 workers of 1 for marking
[250.396s][info][gc,marking  ] GC(511) Concurrent Mark From Roots 79.402ms
[250.396s][info][gc,marking  ] GC(511) Concurrent Preclean
[250.396s][info][gc,marking  ] GC(511) Concurrent Preclean 0.114ms
[250.396s][info][gc,start    ] GC(511) Pause Remark
[250.413s][info][gc          ] GC(511) Pause Remark 163M->163M(514M) 16.411ms
[250.413s][info][gc,cpu      ] GC(511) User=0.03s Sys=0.00s Real=0.02s
[250.413s][info][gc,marking  ] GC(511) Concurrent Mark 96.518ms
[250.413s][info][gc,marking  ] GC(511) Concurrent Rebuild Remembered Sets and Scrub Regions
[250.448s][info][gc,marking  ] GC(511) Concurrent Rebuild Remembered Sets and Scrub Regions 35.251ms
[250.448s][info][gc,start    ] GC(511) Pause Cleanup
[250.448s][info][gc          ] GC(511) Pause Cleanup 189M->189M(514M) 0.062ms
[250.448s][info][gc,cpu      ] GC(511) User=0.00s Sys=0.00s Real=0.00s
[250.448s][info][gc,marking  ] GC(511) Concurrent Clear Claimed Marks
[250.448s][info][gc,marking  ] GC(511) Concurrent Clear Claimed Marks 0.041ms
[250.448s][info][gc,marking  ] GC(511) Concurrent Cleanup for Next Mark
[250.451s][info][gc,marking  ] GC(511) Concurrent Cleanup for Next Mark 2.775ms
[250.451s][info][gc          ] GC(511) Concurrent Mark Cycle 152.704ms
[251.236s][info][gc,start    ] GC(512) Pause Young (Prepare Mixed) (G1 Evacuation Pause)
[251.236s][info][gc,task     ] GC(512) Using 2 workers of 2 for evacuation
[251.291s][info][gc,phases   ] GC(512)   Pre Evacuate Collection Set: 0.26ms
[251.291s][info][gc,phases   ] GC(512)   Merge Heap Roots: 0.14ms
[251.291s][info][gc,phases   ] GC(512)   Evacuate Collection Set: 53.76ms
[251.291s][info][gc,phases   ] GC(512)   Post Evacuate Collection Set: 0.80ms
[251.291s][info][gc,phases   ] GC(512)   Other: 0.09ms
[251.291s][info][gc,heap     ] GC(512) Eden regions: 246->0(301)
[251.291s][info][gc,heap     ] GC(512) Survivor regions: 20->28(39)
[251.291s][info][gc,heap     ] GC(512) Old regions: 61->68
[251.291s][info][gc,heap     ] GC(512) Humongous regions: 187->1
[251.291s][info][gc,metaspace] GC(512) Metaspace: 42253K(42752K)->42253K(42752K) NonClass: 37915K(38208K)->37915K(38208K) Class: 4337K(4544K)->4337K(4544K)
[251.291s][info][gc          ] GC(512) Pause Young (Prepare Mixed) (G1 Evacuation Pause) 513M->96M(549M) 55.275ms
[251.291s][info][gc,cpu      ] GC(512) User=0.08s Sys=0.03s Real=0.06s
[252.039s][info][gc,start    ] GC(513) Pause Young (Mixed) (G1 Evacuation Pause)
[252.039s][info][gc,task     ] GC(513) Using 2 workers of 2 for evacuation
[252.068s][info][gc,phases   ] GC(513)   Pre Evacuate Collection Set: 0.23ms
[252.068s][info][gc,phases   ] GC(513)   Merge Heap Roots: 0.13ms
[252.068s][info][gc,phases   ] GC(513)   Evacuate Collection Set: 27.64ms
[252.068s][info][gc,phases   ] GC(513)   Post Evacuate Collection Set: 0.72ms
[252.068s][info][gc,phases   ] GC(513)   Other: 0.14ms
[252.068s][info][gc,heap     ] GC(513) Eden regions: 301->0(312)
[252.068s][info][gc,heap     ] GC(513) Survivor regions: 28->17(42)
[252.068s][info][gc,heap     ] GC(513) Old regions: 68->78
[252.068s][info][gc,heap     ] GC(513) Humongous regions: 1->1
[252.068s][info][gc,metaspace] GC(513) Metaspace: 42253K(42752K)->42253K(42752K) NonClass: 37916K(38208K)->37916K(38208K) Class: 4337K(4544K)->4337K(4544K)
[252.068s][info][gc          ] GC(513) Pause Young (Mixed) (G1 Evacuation Pause) 397M->94M(549M) 29.083ms
[252.068s][info][gc,cpu      ] GC(513) User=0.05s Sys=0.00s Real=0.03s
[252.806s][info][gc,start    ] GC(514) Pause Young (Concurrent Start) (G1 Evacuation Pause)
[252.806s][info][gc,task     ] GC(514) Using 2 workers of 2 for evacuation
[252.820s][info][gc,phases   ] GC(514)   Pre Evacuate Collection Set: 0.23ms
[252.820s][info][gc,phases   ] GC(514)   Merge Heap Roots: 0.09ms
[252.820s][info][gc,phases   ] GC(514)   Evacuate Collection Set: 13.37ms
[252.820s][info][gc,phases   ] GC(514)   Post Evacuate Collection Set: 0.68ms
[252.820s][info][gc,phases   ] GC(514)   Other: 0.19ms
[252.820s][info][gc,heap     ] GC(514) Eden regions: 312->0(312)
[252.820s][info][gc,heap     ] GC(514) Survivor regions: 17->17(42)
[252.820s][info][gc,heap     ] GC(514) Old regions: 78->78
[252.820s][info][gc,heap     ] GC(514) Humongous regions: 1->1
[252.820s][info][gc,metaspace] GC(514) Metaspace: 42267K(42752K)->42267K(42752K) NonClass: 37930K(38208K)->37930K(38208K) Class: 4337K(4544K)->4337K(4544K)
[252.821s][info][gc          ] GC(514) Pause Young (Concurrent Start) (G1 Evacuation Pause) 406M->94M(549M) 14.777ms
[252.821s][info][gc,cpu      ] GC(514) User=0.03s Sys=0.00s Real=0.02s
[252.821s][info][gc          ] GC(515) Concurrent Mark Cycle
[252.821s][info][gc,marking  ] GC(515) Concurrent Scan Root Regions
[252.831s][info][gc,marking  ] GC(515) Concurrent Scan Root Regions 10.725ms
[252.831s][info][gc,marking  ] GC(515) Concurrent Mark
[252.831s][info][gc,marking  ] GC(515) Concurrent Mark From Roots
[252.831s][info][gc,task     ] GC(515) Using 1 workers of 1 for marking
[252.947s][info][gc,marking  ] GC(515) Concurrent Mark From Roots 115.889ms
[252.947s][info][gc,marking  ] GC(515) Concurrent Preclean
[252.947s][info][gc,marking  ] GC(515) Concurrent Preclean 0.150ms
[252.948s][info][gc,start    ] GC(515) Pause Remark
[252.964s][info][gc          ] GC(515) Pause Remark 141M->140M(317M) 15.922ms
[252.964s][info][gc,cpu      ] GC(515) User=0.03s Sys=0.00s Real=0.02s
[252.964s][info][gc,marking  ] GC(515) Concurrent Mark 132.264ms
[252.964s][info][gc,marking  ] GC(515) Concurrent Rebuild Remembered Sets and Scrub Regions
[253.009s][info][gc,marking  ] GC(515) Concurrent Rebuild Remembered Sets and Scrub Regions 45.385ms
[253.009s][info][gc,start    ] GC(515) Pause Cleanup
[253.009s][info][gc          ] GC(515) Pause Cleanup 159M->159M(317M) 0.050ms
[253.009s][info][gc,cpu      ] GC(515) User=0.00s Sys=0.00s Real=0.00s
[253.009s][info][gc,marking  ] GC(515) Concurrent Clear Claimed Marks
[253.009s][info][gc,marking  ] GC(515) Concurrent Clear Claimed Marks 0.093ms
[253.009s][info][gc,marking  ] GC(515) Concurrent Cleanup for Next Mark
[253.011s][info][gc,marking  ] GC(515) Concurrent Cleanup for Next Mark 1.151ms
[253.011s][info][gc          ] GC(515) Concurrent Mark Cycle 190.058ms
[253.337s][info][gc,start    ] GC(516) Pause Young (Prepare Mixed) (G1 Evacuation Pause)
[253.337s][info][gc,task     ] GC(516) Using 2 workers of 2 for evacuation
[253.350s][info][gc,phases   ] GC(516)   Pre Evacuate Collection Set: 0.18ms
[253.350s][info][gc,phases   ] GC(516)   Merge Heap Roots: 0.10ms
[253.350s][info][gc,phases   ] GC(516)   Evacuate Collection Set: 12.70ms
[253.350s][info][gc,phases   ] GC(516)   Post Evacuate Collection Set: 0.46ms
[253.350s][info][gc,phases   ] GC(516)   Other: 0.09ms
[253.350s][info][gc,heap     ] GC(516) Eden regions: 173->0(177)
[253.350s][info][gc,heap     ] GC(516) Survivor regions: 17->5(24)
[253.350s][info][gc,heap     ] GC(516) Old regions: 77->90
[253.350s][info][gc,heap     ] GC(516) Humongous regions: 1->1
[253.350s][info][gc,metaspace] GC(516) Metaspace: 42333K(42816K)->42333K(42816K) NonClass: 37995K(38272K)->37995K(38272K) Class: 4337K(4544K)->4337K(4544K)
[253.350s][info][gc          ] GC(516) Pause Young (Prepare Mixed) (G1 Evacuation Pause) 266M->95M(317M) 13.791ms
[253.350s][info][gc,cpu      ] GC(516) User=0.03s Sys=0.00s Real=0.02s
[253.806s][info][gc,start    ] GC(517) Pause Young (Mixed) (G1 Evacuation Pause)
[253.806s][info][gc,task     ] GC(517) Using 2 workers of 2 for evacuation
[253.817s][info][gc,phases   ] GC(517)   Pre Evacuate Collection Set: 0.20ms
[253.817s][info][gc,phases   ] GC(517)   Merge Heap Roots: 0.11ms
[253.817s][info][gc,phases   ] GC(517)   Evacuate Collection Set: 9.67ms
[253.817s][info][gc,phases   ] GC(517)   Post Evacuate Collection Set: 0.42ms
[253.817s][info][gc,phases   ] GC(517)   Other: 0.11ms
[253.817s][info][gc,heap     ] GC(517) Eden regions: 177->0(180)
[253.817s][info][gc,heap     ] GC(517) Survivor regions: 5->8(23)
[253.817s][info][gc,heap     ] GC(517) Old regions: 90->87
[253.817s][info][gc,heap     ] GC(517) Humongous regions: 1->1
[253.817s][info][gc,metaspace] GC(517) Metaspace: 42449K(42944K)->42449K(42944K) NonClass: 38112K(38400K)->38112K(38400K) Class: 4337K(4544K)->4337K(4544K)
[253.817s][info][gc          ] GC(517) Pause Young (Mixed) (G1 Evacuation Pause) 272M->94M(317M) 10.754ms
[253.817s][info][gc,cpu      ] GC(517) User=0.02s Sys=0.00s Real=0.01s
[254.791s][info][gc,start    ] GC(518) Pause Young (Concurrent Start) (G1 Humongous Allocation)
[254.791s][info][gc,task     ] GC(518) Using 2 workers of 2 for evacuation
[254.797s][info][gc,phases   ] GC(518)   Pre Evacuate Collection Set: 0.18ms
[254.797s][info][gc,phases   ] GC(518)   Merge Heap Roots: 0.08ms
[254.797s][info][gc,phases   ] GC(518)   Evacuate Collection Set: 4.81ms
[254.797s][info][gc,phases   ] GC(518)   Post Evacuate Collection Set: 0.54ms
[254.797s][info][gc,phases   ] GC(518)   Other: 0.08ms
[254.797s][info][gc,heap     ] GC(518) Eden regions: 160->0(186)
[254.797s][info][gc,heap     ] GC(518) Survivor regions: 8->4(24)
[254.797s][info][gc,heap     ] GC(518) Old regions: 87->87
[254.797s][info][gc,heap     ] GC(518) Humongous regions: 1->1
[254.797s][info][gc,metaspace] GC(518) Metaspace: 42468K(42944K)->42468K(42944K) NonClass: 38131K(38400K)->38131K(38400K) Class: 4337K(4544K)->4337K(4544K)
[254.797s][info][gc          ] GC(518) Pause Young (Concurrent Start) (G1 Humongous Allocation) 254M->90M(317M) 5.848ms
[254.797s][info][gc,cpu      ] GC(518) User=0.01s Sys=0.00s Real=0.00s
[254.797s][info][gc          ] GC(519) Concurrent Mark Cycle
[254.797s][info][gc,marking  ] GC(519) Concurrent Scan Root Regions
[254.801s][info][gc,marking  ] GC(519) Concurrent Scan Root Regions 4.533ms
[254.801s][info][gc,marking  ] GC(519) Concurrent Mark
[254.801s][info][gc,marking  ] GC(519) Concurrent Mark From Roots
[254.801s][info][gc,task     ] GC(519) Using 1 workers of 1 for marking
[254.873s][info][gc,marking  ] GC(519) Concurrent Mark From Roots 71.995ms
[254.873s][info][gc,marking  ] GC(519) Concurrent Preclean
[254.874s][info][gc,marking  ] GC(519) Concurrent Preclean 0.224ms
[254.874s][info][gc,start    ] GC(519) Pause Remark
[254.892s][info][gc          ] GC(519) Pause Remark 102M->89M(270M) 18.164ms
[254.892s][info][gc,cpu      ] GC(519) User=0.03s Sys=0.00s Real=0.02s
[254.894s][info][gc,marking  ] GC(519) Concurrent Mark 92.388ms
[254.894s][info][gc,marking  ] GC(519) Concurrent Rebuild Remembered Sets and Scrub Regions
[254.925s][info][gc,marking  ] GC(519) Concurrent Rebuild Remembered Sets and Scrub Regions 31.476ms
[254.925s][info][gc,start    ] GC(519) Pause Cleanup
[254.926s][info][gc          ] GC(519) Pause Cleanup 94M->94M(270M) 0.058ms
[254.926s][info][gc,cpu      ] GC(519) User=0.00s Sys=0.00s Real=0.00s
[254.926s][info][gc,marking  ] GC(519) Concurrent Clear Claimed Marks
[254.926s][info][gc,marking  ] GC(519) Concurrent Clear Claimed Marks 0.038ms
[254.926s][info][gc,marking  ] GC(519) Concurrent Cleanup for Next Mark
[254.926s][info][gc,marking  ] GC(519) Concurrent Cleanup for Next Mark 0.791ms
[254.926s][info][gc          ] GC(519) Concurrent Mark Cycle 129.641ms
[255.679s][info][gc,start    ] GC(520) Pause Young (Prepare Mixed) (G1 Evacuation Pause)
[255.679s][info][gc,task     ] GC(520) Using 2 workers of 2 for evacuation
[255.693s][info][gc,phases   ] GC(520)   Pre Evacuate Collection Set: 0.25ms
[255.693s][info][gc,phases   ] GC(520)   Merge Heap Roots: 0.10ms
[255.693s][info][gc,phases   ] GC(520)   Evacuate Collection Set: 12.75ms
[255.693s][info][gc,phases   ] GC(520)   Post Evacuate Collection Set: 0.53ms
[255.693s][info][gc,phases   ] GC(520)   Other: 0.08ms
[255.693s][info][gc,heap     ] GC(520) Eden regions: 158->0(146)
[255.693s][info][gc,heap     ] GC(520) Survivor regions: 4->14(21)
[255.693s][info][gc,heap     ] GC(520) Old regions: 74->74
[255.693s][info][gc,heap     ] GC(520) Humongous regions: 13->3
[255.693s][info][gc,metaspace] GC(520) Metaspace: 42504K(42944K)->42504K(42944K) NonClass: 38167K(38400K)->38167K(38400K) Class: 4337K(4544K)->4337K(4544K)
[255.693s][info][gc          ] GC(520) Pause Young (Prepare Mixed) (G1 Evacuation Pause) 247M->89M(270M) 13.898ms
[255.693s][info][gc,cpu      ] GC(520) User=0.03s Sys=0.00s Real=0.02s
[256.031s][info][gc,start    ] GC(521) Pause Young (Mixed) (G1 Evacuation Pause)
[256.031s][info][gc,task     ] GC(521) Using 2 workers of 2 for evacuation
[256.063s][info][gc,phases   ] GC(521)   Pre Evacuate Collection Set: 0.17ms
[256.063s][info][gc,phases   ] GC(521)   Merge Heap Roots: 0.11ms
[256.063s][info][gc,phases   ] GC(521)   Evacuate Collection Set: 30.78ms
[256.063s][info][gc,phases   ] GC(521)   Post Evacuate Collection Set: 0.53ms
[256.063s][info][gc,phases   ] GC(521)   Other: 0.09ms
[256.063s][info][gc,heap     ] GC(521) Eden regions: 146->0(145)
[256.063s][info][gc,heap     ] GC(521) Survivor regions: 14->17(20)
[256.063s][info][gc,heap     ] GC(521) Old regions: 74->60
[256.063s][info][gc,heap     ] GC(521) Humongous regions: 4->4
[256.063s][info][gc,metaspace] GC(521) Metaspace: 42504K(42944K)->42504K(42944K) NonClass: 38167K(38400K)->38167K(38400K) Class: 4337K(4544K)->4337K(4544K)
[256.063s][info][gc          ] GC(521) Pause Young (Mixed) (G1 Evacuation Pause) 236M->79M(270M) 31.873ms
[256.063s][info][gc,cpu      ] GC(521) User=0.06s Sys=0.00s Real=0.03s
[256.430s][info][gc,start    ] GC(522) Pause Young (Mixed) (G1 Evacuation Pause)
[256.430s][info][gc,task     ] GC(522) Using 2 workers of 2 for evacuation
[256.468s][info][gc,phases   ] GC(522)   Pre Evacuate Collection Set: 0.15ms
[256.468s][info][gc,phases   ] GC(522)   Merge Heap Roots: 0.11ms
[256.468s][info][gc,phases   ] GC(522)   Evacuate Collection Set: 37.01ms
[256.468s][info][gc,phases   ] GC(522)   Post Evacuate Collection Set: 0.47ms
[256.468s][info][gc,phases   ] GC(522)   Other: 0.09ms
[256.468s][info][gc,heap     ] GC(522) Eden regions: 145->0(134)
[256.468s][info][gc,heap     ] GC(522) Survivor regions: 17->17(21)
[256.468s][info][gc,heap     ] GC(522) Old regions: 60->75
[256.468s][info][gc,heap     ] GC(522) Humongous regions: 6->6
[256.468s][info][gc,metaspace] GC(522) Metaspace: 42504K(42944K)->42504K(42944K) NonClass: 38167K(38400K)->38167K(38400K) Class: 4337K(4544K)->4337K(4544K)
[256.468s][info][gc          ] GC(522) Pause Young (Mixed) (G1 Evacuation Pause) 226M->97M(270M) 38.021ms
[256.468s][info][gc,cpu      ] GC(522) User=0.08s Sys=0.00s Real=0.04s
[256.764s][info][gc,start    ] GC(523) Pause Young (Concurrent Start) (G1 Evacuation Pause)
[256.764s][info][gc,task     ] GC(523) Using 2 workers of 2 for evacuation
[256.799s][info][gc,phases   ] GC(523)   Pre Evacuate Collection Set: 0.21ms
[256.799s][info][gc,phases   ] GC(523)   Merge Heap Roots: 0.09ms
[256.799s][info][gc,phases   ] GC(523)   Evacuate Collection Set: 33.61ms
[256.799s][info][gc,phases   ] GC(523)   Post Evacuate Collection Set: 0.45ms
[256.799s][info][gc,phases   ] GC(523)   Other: 0.16ms
[256.799s][info][gc,heap     ] GC(523) Eden regions: 134->0(123)
[256.799s][info][gc,heap     ] GC(523) Survivor regions: 17->15(19)
[256.799s][info][gc,heap     ] GC(523) Old regions: 75->91
[256.799s][info][gc,heap     ] GC(523) Humongous regions: 6->6
[256.799s][info][gc,metaspace] GC(523) Metaspace: 42504K(42944K)->42504K(42944K) NonClass: 38167K(38400K)->38167K(38400K) Class: 4337K(4544K)->4337K(4544K)
[256.799s][info][gc          ] GC(523) Pause Young (Concurrent Start) (G1 Evacuation Pause) 231M->111M(270M) 34.737ms
[256.799s][info][gc,cpu      ] GC(523) User=0.07s Sys=0.00s Real=0.03s
[256.799s][info][gc          ] GC(524) Concurrent Mark Cycle
[256.799s][info][gc,marking  ] GC(524) Concurrent Scan Root Regions
[256.853s][info][gc,marking  ] GC(524) Concurrent Scan Root Regions 54.312ms
[256.853s][info][gc,marking  ] GC(524) Concurrent Mark
[256.853s][info][gc,marking  ] GC(524) Concurrent Mark From Roots
[256.853s][info][gc,task     ] GC(524) Using 1 workers of 1 for marking
[257.023s][info][gc,marking  ] GC(524) Concurrent Mark From Roots 169.338ms
[257.023s][info][gc,marking  ] GC(524) Concurrent Preclean
[257.023s][info][gc,marking  ] GC(524) Concurrent Preclean 0.070ms
[257.023s][info][gc,start    ] GC(524) Pause Remark
[257.040s][info][gc          ] GC(524) Pause Remark 165M->162M(270M) 16.927ms
[257.040s][info][gc,cpu      ] GC(524) User=0.03s Sys=0.00s Real=0.01s
[257.040s][info][gc,marking  ] GC(524) Concurrent Mark 186.823ms
[257.040s][info][gc,marking  ] GC(524) Concurrent Rebuild Remembered Sets and Scrub Regions
[257.128s][info][gc,marking  ] GC(524) Concurrent Rebuild Remembered Sets and Scrub Regions 87.639ms
[257.128s][info][gc,start    ] GC(524) Pause Cleanup
[257.128s][info][gc          ] GC(524) Pause Cleanup 180M->180M(270M) 0.050ms
[257.128s][info][gc,cpu      ] GC(524) User=0.00s Sys=0.00s Real=0.00s
[257.128s][info][gc,marking  ] GC(524) Concurrent Clear Claimed Marks
[257.128s][info][gc,marking  ] GC(524) Concurrent Clear Claimed Marks 0.040ms
[257.128s][info][gc,marking  ] GC(524) Concurrent Cleanup for Next Mark
[257.129s][info][gc,marking  ] GC(524) Concurrent Cleanup for Next Mark 0.817ms
[257.129s][info][gc          ] GC(524) Concurrent Mark Cycle 329.985ms
[257.303s][info][gc,start    ] GC(525) Pause Young (Prepare Mixed) (G1 Evacuation Pause)
[257.304s][info][gc,task     ] GC(525) Using 2 workers of 2 for evacuation
[257.340s][info][gc,phases   ] GC(525)   Pre Evacuate Collection Set: 0.16ms
[257.340s][info][gc,phases   ] GC(525)   Merge Heap Roots: 0.13ms
[257.340s][info][gc,phases   ] GC(525)   Evacuate Collection Set: 35.30ms
[257.340s][info][gc,phases   ] GC(525)   Post Evacuate Collection Set: 0.50ms
[257.340s][info][gc,phases   ] GC(525)   Other: 0.10ms
[257.340s][info][gc,heap     ] GC(525) Eden regions: 123->0(112)
[257.340s][info][gc,heap     ] GC(525) Survivor regions: 15->13(18)
[257.340s][info][gc,heap     ] GC(525) Old regions: 89->104
[257.340s][info][gc,heap     ] GC(525) Humongous regions: 9->9
[257.340s][info][gc,metaspace] GC(525) Metaspace: 42504K(42944K)->42504K(42944K) NonClass: 38167K(38400K)->38167K(38400K) Class: 4337K(4544K)->4337K(4544K)
[257.340s][info][gc          ] GC(525) Pause Young (Prepare Mixed) (G1 Evacuation Pause) 235M->124M(270M) 36.500ms
[257.340s][info][gc,cpu      ] GC(525) User=0.07s Sys=0.01s Real=0.03s
[257.642s][info][gc,start    ] GC(526) Pause Young (Mixed) (G1 Evacuation Pause)
[257.642s][info][gc,task     ] GC(526) Using 2 workers of 2 for evacuation
[257.676s][info][gc,phases   ] GC(526)   Pre Evacuate Collection Set: 0.16ms
[257.676s][info][gc,phases   ] GC(526)   Merge Heap Roots: 0.17ms
[257.676s][info][gc,phases   ] GC(526)   Evacuate Collection Set: 32.71ms
[257.676s][info][gc,phases   ] GC(526)   Post Evacuate Collection Set: 0.48ms
[257.676s][info][gc,phases   ] GC(526)   Other: 0.07ms
[257.676s][info][gc,heap     ] GC(526) Eden regions: 112->0(114)
[257.676s][info][gc,heap     ] GC(526) Survivor regions: 13->11(16)
[257.676s][info][gc,heap     ] GC(526) Old regions: 104->104
[257.676s][info][gc,heap     ] GC(526) Humongous regions: 11->9
[257.676s][info][gc,metaspace] GC(526) Metaspace: 42505K(42944K)->42505K(42944K) NonClass: 38167K(38400K)->38167K(38400K) Class: 4337K(4544K)->4337K(4544K)
[257.676s][info][gc          ] GC(526) Pause Young (Mixed) (G1 Evacuation Pause) 238M->124M(270M) 33.803ms
[257.676s][info][gc,cpu      ] GC(526) User=0.06s Sys=0.00s Real=0.03s
[260.410s][info][gc,start    ] GC(527) Pause Young (Concurrent Start) (G1 Humongous Allocation)
[260.410s][info][gc,task     ] GC(527) Using 2 workers of 2 for evacuation
[260.431s][info][gc,phases   ] GC(527)   Pre Evacuate Collection Set: 0.19ms
[260.431s][info][gc,phases   ] GC(527)   Merge Heap Roots: 0.10ms
[260.431s][info][gc,phases   ] GC(527)   Evacuate Collection Set: 19.79ms
[260.431s][info][gc,phases   ] GC(527)   Post Evacuate Collection Set: 0.36ms
[260.431s][info][gc,phases   ] GC(527)   Other: 0.09ms
[260.431s][info][gc,heap     ] GC(527) Eden regions: 54->0(112)
[260.431s][info][gc,heap     ] GC(527) Survivor regions: 11->6(16)
[260.431s][info][gc,heap     ] GC(527) Old regions: 104->116
[260.431s][info][gc,heap     ] GC(527) Humongous regions: 9->7
[260.431s][info][gc,metaspace] GC(527) Metaspace: 42507K(42944K)->42507K(42944K) NonClass: 38169K(38400K)->38169K(38400K) Class: 4337K(4544K)->4337K(4544K)
[260.431s][info][gc          ] GC(527) Pause Young (Concurrent Start) (G1 Humongous Allocation) 177M->128M(270M) 20.697ms
[260.431s][info][gc,cpu      ] GC(527) User=0.04s Sys=0.00s Real=0.03s
[260.431s][info][gc          ] GC(528) Concurrent Mark Cycle
[260.431s][info][gc,marking  ] GC(528) Concurrent Scan Root Regions
[260.451s][info][gc,marking  ] GC(528) Concurrent Scan Root Regions 20.129ms
[260.451s][info][gc,marking  ] GC(528) Concurrent Mark
[260.451s][info][gc,marking  ] GC(528) Concurrent Mark From Roots
[260.451s][info][gc,task     ] GC(528) Using 1 workers of 1 for marking
[260.622s][info][gc,marking  ] GC(528) Concurrent Mark From Roots 170.536ms
[260.622s][info][gc,marking  ] GC(528) Concurrent Preclean
[260.622s][info][gc,marking  ] GC(528) Concurrent Preclean 0.067ms
[260.622s][info][gc,start    ] GC(528) Pause Remark
[260.646s][info][gc          ] GC(528) Pause Remark 154M->148M(270M) 23.917ms
[260.646s][info][gc,cpu      ] GC(528) User=0.05s Sys=0.00s Real=0.02s
[260.647s][info][gc,marking  ] GC(528) Concurrent Mark 195.334ms
[260.647s][info][gc,marking  ] GC(528) Concurrent Rebuild Remembered Sets and Scrub Regions
[260.721s][info][gc,marking  ] GC(528) Concurrent Rebuild Remembered Sets and Scrub Regions 74.397ms
[260.721s][info][gc,start    ] GC(528) Pause Cleanup
[260.722s][info][gc          ] GC(528) Pause Cleanup 160M->160M(270M) 0.050ms
[260.722s][info][gc,cpu      ] GC(528) User=0.00s Sys=0.00s Real=0.00s
[260.722s][info][gc,marking  ] GC(528) Concurrent Clear Claimed Marks
[260.722s][info][gc,marking  ] GC(528) Concurrent Clear Claimed Marks 0.037ms
[260.722s][info][gc,marking  ] GC(528) Concurrent Cleanup for Next Mark
[260.722s][info][gc,marking  ] GC(528) Concurrent Cleanup for Next Mark 0.809ms
[260.722s][info][gc          ] GC(528) Concurrent Mark Cycle 291.400ms
[260.999s][info][gc,start    ] GC(529) Pause Young (Prepare Mixed) (G1 Evacuation Pause)
[260.999s][info][gc,task     ] GC(529) Using 2 workers of 2 for evacuation
[261.009s][info][gc,phases   ] GC(529)   Pre Evacuate Collection Set: 0.15ms
[261.009s][info][gc,phases   ] GC(529)   Merge Heap Roots: 0.09ms
[261.009s][info][gc,phases   ] GC(529)   Evacuate Collection Set: 9.64ms
[261.009s][info][gc,phases   ] GC(529)   Post Evacuate Collection Set: 0.48ms
[261.009s][info][gc,phases   ] GC(529)   Other: 0.07ms
[261.009s][info][gc,heap     ] GC(529) Eden regions: 112->0(117)
[261.009s][info][gc,heap     ] GC(529) Survivor regions: 6->9(15)
[261.009s][info][gc,heap     ] GC(529) Old regions: 116->116
[261.009s][info][gc,heap     ] GC(529) Humongous regions: 3->1
[261.009s][info][gc,metaspace] GC(529) Metaspace: 42519K(42944K)->42519K(42944K) NonClass: 38181K(38400K)->38181K(38400K) Class: 4337K(4544K)->4337K(4544K)
[261.009s][info][gc          ] GC(529) Pause Young (Prepare Mixed) (G1 Evacuation Pause) 236M->125M(270M) 10.617ms
[261.009s][info][gc,cpu      ] GC(529) User=0.02s Sys=0.00s Real=0.01s
[261.429s][info][gc,start    ] GC(530) Pause Young (Mixed) (G1 Evacuation Pause)
[261.430s][info][gc,task     ] GC(530) Using 2 workers of 2 for evacuation
[261.453s][info][gc,phases   ] GC(530)   Pre Evacuate Collection Set: 0.17ms
[261.453s][info][gc,phases   ] GC(530)   Merge Heap Roots: 0.67ms
[261.453s][info][gc,phases   ] GC(530)   Evacuate Collection Set: 22.42ms
[261.453s][info][gc,phases   ] GC(530)   Post Evacuate Collection Set: 0.55ms
[261.454s][info][gc,phases   ] GC(530)   Other: 0.10ms
[261.454s][info][gc,heap     ] GC(530) Eden regions: 117->0(121)
[261.454s][info][gc,heap     ] GC(530) Survivor regions: 9->6(16)
[261.454s][info][gc,heap     ] GC(530) Old regions: 116->117
[261.454s][info][gc,heap     ] GC(530) Humongous regions: 3->3
[261.454s][info][gc,metaspace] GC(530) Metaspace: 42527K(42944K)->42527K(42944K) NonClass: 38190K(38400K)->38190K(38400K) Class: 4337K(4544K)->4337K(4544K)
[261.454s][info][gc          ] GC(530) Pause Young (Mixed) (G1 Evacuation Pause) 244M->125M(270M) 24.123ms
[261.454s][info][gc,cpu      ] GC(530) User=0.03s Sys=0.00s Real=0.03s
[261.704s][info][gc,start    ] GC(531) Pause Young (Concurrent Start) (G1 Humongous Allocation)
[261.704s][info][gc,task     ] GC(531) Using 2 workers of 2 for evacuation
[261.723s][info][gc,phases   ] GC(531)   Pre Evacuate Collection Set: 0.18ms
[261.723s][info][gc,phases   ] GC(531)   Merge Heap Roots: 0.05ms
[261.723s][info][gc,phases   ] GC(531)   Evacuate Collection Set: 17.85ms
[261.723s][info][gc,phases   ] GC(531)   Post Evacuate Collection Set: 0.41ms
[261.723s][info][gc,phases   ] GC(531)   Other: 0.11ms
[261.723s][info][gc,heap     ] GC(531) Eden regions: 101->0(102)
[261.723s][info][gc,heap     ] GC(531) Survivor regions: 6->16(16)
[261.723s][info][gc,heap     ] GC(531) Old regions: 117->119
[261.723s][info][gc,heap     ] GC(531) Humongous regions: 3->3
[261.723s][info][gc,metaspace] GC(531) Metaspace: 42527K(42944K)->42527K(42944K) NonClass: 38190K(38400K)->38190K(38400K) Class: 4337K(4544K)->4337K(4544K)
[261.723s][info][gc          ] GC(531) Pause Young (Concurrent Start) (G1 Humongous Allocation) 226M->137M(270M) 18.824ms
[261.723s][info][gc,cpu      ] GC(531) User=0.04s Sys=0.00s Real=0.02s
[261.723s][info][gc          ] GC(532) Concurrent Mark Cycle
[261.723s][info][gc,marking  ] GC(532) Concurrent Scan Root Regions
[261.737s][info][gc,marking  ] GC(532) Concurrent Scan Root Regions 13.422ms
[261.737s][info][gc,marking  ] GC(532) Concurrent Mark
[261.737s][info][gc,marking  ] GC(532) Concurrent Mark From Roots
[261.737s][info][gc,task     ] GC(532) Using 1 workers of 1 for marking
[261.762s][info][gc,marking  ] GC(532) Concurrent Mark From Roots 25.058ms
[261.762s][info][gc,marking  ] GC(532) Concurrent Preclean
[261.762s][info][gc,marking  ] GC(532) Concurrent Preclean 0.046ms
[261.762s][info][gc,start    ] GC(532) Pause Remark
[261.779s][info][gc          ] GC(532) Pause Remark 150M->71M(256M) 16.461ms
[261.779s][info][gc,cpu      ] GC(532) User=0.03s Sys=0.01s Real=0.01s
[261.780s][info][gc,marking  ] GC(532) Concurrent Mark 43.664ms
[261.780s][info][gc,marking  ] GC(532) Concurrent Rebuild Remembered Sets and Scrub Regions
[261.798s][info][gc,marking  ] GC(532) Concurrent Rebuild Remembered Sets and Scrub Regions 17.599ms
[261.798s][info][gc,start    ] GC(532) Pause Cleanup
[261.798s][info][gc          ] GC(532) Pause Cleanup 79M->79M(256M) 0.043ms
[261.798s][info][gc,cpu      ] GC(532) User=0.00s Sys=0.00s Real=0.00s
[261.798s][info][gc,marking  ] GC(532) Concurrent Clear Claimed Marks
[261.798s][info][gc,marking  ] GC(532) Concurrent Clear Claimed Marks 0.037ms
[261.798s][info][gc,marking  ] GC(532) Concurrent Cleanup for Next Mark
[261.799s][info][gc,marking  ] GC(532) Concurrent Cleanup for Next Mark 0.731ms
[261.799s][info][gc          ] GC(532) Concurrent Mark Cycle 75.871ms
[261.997s][info][gc,start    ] GC(533) Pause Young (Prepare Mixed) (G1 Evacuation Pause)
[261.997s][info][gc,task     ] GC(533) Using 2 workers of 2 for evacuation
[262.027s][info][gc,phases   ] GC(533)   Pre Evacuate Collection Set: 0.16ms
[262.027s][info][gc,phases   ] GC(533)   Merge Heap Roots: 0.10ms
[262.027s][info][gc,phases   ] GC(533)   Evacuate Collection Set: 28.49ms
[262.027s][info][gc,phases   ] GC(533)   Post Evacuate Collection Set: 0.43ms
[262.027s][info][gc,phases   ] GC(533)   Other: 0.08ms
[262.027s][info][gc,heap     ] GC(533) Eden regions: 102->0(140)
[262.027s][info][gc,heap     ] GC(533) Survivor regions: 16->13(15)
[262.027s][info][gc,heap     ] GC(533) Old regions: 40->56
[262.027s][info][gc,heap     ] GC(533) Humongous regions: 4->4
[262.027s][info][gc,metaspace] GC(533) Metaspace: 42527K(42944K)->42527K(42944K) NonClass: 38190K(38400K)->38190K(38400K) Class: 4337K(4544K)->4337K(4544K)
[262.027s][info][gc          ] GC(533) Pause Young (Prepare Mixed) (G1 Evacuation Pause) 161M->72M(256M) 29.498ms
[262.027s][info][gc,cpu      ] GC(533) User=0.05s Sys=0.01s Real=0.03s
[262.381s][info][gc,start    ] GC(534) Pause Young (Mixed) (G1 Evacuation Pause)
[262.381s][info][gc,task     ] GC(534) Using 2 workers of 2 for evacuation
[262.416s][info][gc,phases   ] GC(534)   Pre Evacuate Collection Set: 0.15ms
[262.416s][info][gc,phases   ] GC(534)   Merge Heap Roots: 0.10ms
[262.416s][info][gc,phases   ] GC(534)   Evacuate Collection Set: 33.15ms
[262.416s][info][gc,phases   ] GC(534)   Post Evacuate Collection Set: 1.45ms
[262.416s][info][gc,phases   ] GC(534)   Other: 0.10ms
[262.416s][info][gc,heap     ] GC(534) Eden regions: 140->0(218)
[262.417s][info][gc,heap     ] GC(534) Survivor regions: 13->17(20)
[262.417s][info][gc,heap     ] GC(534) Old regions: 56->57
[262.417s][info][gc,heap     ] GC(534) Humongous regions: 6->6
[262.417s][info][gc,metaspace] GC(534) Metaspace: 42527K(42944K)->42527K(42944K) NonClass: 38190K(38400K)->38190K(38400K) Class: 4337K(4544K)->4337K(4544K)
[262.417s][info][gc          ] GC(534) Pause Young (Mixed) (G1 Evacuation Pause) 214M->79M(393M) 35.202ms
[262.417s][info][gc,cpu      ] GC(534) User=0.07s Sys=0.00s Real=0.03s
[262.943s][info][gc,start    ] GC(535) Pause Young (Concurrent Start) (G1 Humongous Allocation)
[262.944s][info][gc,task     ] GC(535) Using 2 workers of 2 for evacuation
[262.984s][info][gc,phases   ] GC(535)   Pre Evacuate Collection Set: 0.21ms
[262.984s][info][gc,phases   ] GC(535)   Merge Heap Roots: 0.10ms
[262.984s][info][gc,phases   ] GC(535)   Evacuate Collection Set: 39.70ms
[262.984s][info][gc,phases   ] GC(535)   Post Evacuate Collection Set: 0.48ms
[262.984s][info][gc,phases   ] GC(535)   Other: 0.09ms
[262.984s][info][gc,heap     ] GC(535) Eden regions: 168->0(215)
[262.984s][info][gc,heap     ] GC(535) Survivor regions: 17->20(30)
[262.984s][info][gc,heap     ] GC(535) Old regions: 57->73
[262.984s][info][gc,heap     ] GC(535) Humongous regions: 6->6
[262.984s][info][gc,metaspace] GC(535) Metaspace: 42527K(42944K)->42527K(42944K) NonClass: 38190K(38400K)->38190K(38400K) Class: 4337K(4544K)->4337K(4544K)
[262.984s][info][gc          ] GC(535) Pause Young (Concurrent Start) (G1 Humongous Allocation) 247M->98M(393M) 40.820ms
[262.984s][info][gc,cpu      ] GC(535) User=0.09s Sys=0.00s Real=0.04s
[262.984s][info][gc          ] GC(536) Concurrent Mark Cycle
[262.984s][info][gc,marking  ] GC(536) Concurrent Scan Root Regions
[263.015s][info][gc,marking  ] GC(536) Concurrent Scan Root Regions 30.122ms
[263.015s][info][gc,marking  ] GC(536) Concurrent Mark
[263.015s][info][gc,marking  ] GC(536) Concurrent Mark From Roots
[263.015s][info][gc,task     ] GC(536) Using 1 workers of 1 for marking
[263.077s][info][gc,marking  ] GC(536) Concurrent Mark From Roots 62.147ms
[263.077s][info][gc,marking  ] GC(536) Concurrent Preclean
[263.077s][info][gc,marking  ] GC(536) Concurrent Preclean 0.036ms
[263.077s][info][gc,start    ] GC(536) Pause Remark
[263.096s][info][gc          ] GC(536) Pause Remark 123M->122M(340M) 19.044ms
[263.096s][info][gc,cpu      ] GC(536) User=0.04s Sys=0.00s Real=0.02s
[263.096s][info][gc,marking  ] GC(536) Concurrent Mark 81.544ms
[263.096s][info][gc,marking  ] GC(536) Concurrent Rebuild Remembered Sets and Scrub Regions
[263.148s][info][gc,marking  ] GC(536) Concurrent Rebuild Remembered Sets and Scrub Regions 52.149ms
[263.148s][info][gc,start    ] GC(536) Pause Cleanup
[263.149s][info][gc          ] GC(536) Pause Cleanup 144M->144M(340M) 0.047ms
[263.149s][info][gc,cpu      ] GC(536) User=0.00s Sys=0.00s Real=0.00s
[263.149s][info][gc,marking  ] GC(536) Concurrent Clear Claimed Marks
[263.149s][info][gc,marking  ] GC(536) Concurrent Clear Claimed Marks 0.041ms
[263.149s][info][gc,marking  ] GC(536) Concurrent Cleanup for Next Mark
[263.151s][info][gc,marking  ] GC(536) Concurrent Cleanup for Next Mark 1.849ms
[263.151s][info][gc          ] GC(536) Concurrent Mark Cycle 166.201ms
[264.391s][info][gc,start    ] GC(537) Pause Young (Prepare Mixed) (G1 Evacuation Pause)
[264.391s][info][gc,task     ] GC(537) Using 2 workers of 2 for evacuation
[264.451s][info][gc,phases   ] GC(537)   Pre Evacuate Collection Set: 0.21ms
[264.451s][info][gc,phases   ] GC(537)   Merge Heap Roots: 0.19ms
[264.451s][info][gc,phases   ] GC(537)   Evacuate Collection Set: 58.28ms
[264.451s][info][gc,phases   ] GC(537)   Post Evacuate Collection Set: 0.53ms
[264.451s][info][gc,phases   ] GC(537)   Other: 0.08ms
[264.451s][info][gc,heap     ] GC(537) Eden regions: 184->0(167)
[264.451s][info][gc,heap     ] GC(537) Survivor regions: 20->20(26)
[264.451s][info][gc,heap     ] GC(537) Old regions: 73->93
[264.451s][info][gc,heap     ] GC(537) Humongous regions: 17->15
[264.451s][info][gc,metaspace] GC(537) Metaspace: 42527K(42944K)->42527K(42944K) NonClass: 38190K(38400K)->38190K(38400K) Class: 4337K(4544K)->4337K(4544K)
[264.451s][info][gc          ] GC(537) Pause Young (Prepare Mixed) (G1 Evacuation Pause) 293M->126M(340M) 59.568ms
[264.451s][info][gc,cpu      ] GC(537) User=0.11s Sys=0.00s Real=0.06s
[265.139s][info][gc,start    ] GC(538) Pause Young (Mixed) (G1 Evacuation Pause)
[265.139s][info][gc,task     ] GC(538) Using 2 workers of 2 for evacuation
[265.177s][info][gc,phases   ] GC(538)   Pre Evacuate Collection Set: 0.23ms
[265.177s][info][gc,phases   ] GC(538)   Merge Heap Roots: 0.18ms
[265.177s][info][gc,phases   ] GC(538)   Evacuate Collection Set: 36.87ms
[265.177s][info][gc,phases   ] GC(538)   Post Evacuate Collection Set: 0.47ms
[265.177s][info][gc,phases   ] GC(538)   Other: 0.09ms
[265.177s][info][gc,heap     ] GC(538) Eden regions: 167->0(163)
[265.177s][info][gc,heap     ] GC(538) Survivor regions: 20->10(24)
[265.177s][info][gc,heap     ] GC(538) Old regions: 93->109
[265.177s][info][gc,heap     ] GC(538) Humongous regions: 15->15
[265.177s][info][gc,metaspace] GC(538) Metaspace: 42527K(42944K)->42527K(42944K) NonClass: 38190K(38400K)->38190K(38400K) Class: 4337K(4544K)->4337K(4544K)
[265.177s][info][gc          ] GC(538) Pause Young (Mixed) (G1 Evacuation Pause) 293M->133M(340M) 38.035ms
[265.177s][info][gc,cpu      ] GC(538) User=0.07s Sys=0.00s Real=0.04s
[266.094s][info][gc,start    ] GC(539) Pause Young (Concurrent Start) (G1 Evacuation Pause)
[266.094s][info][gc,task     ] GC(539) Using 2 workers of 2 for evacuation
[266.101s][info][gc,phases   ] GC(539)   Pre Evacuate Collection Set: 0.20ms
[266.101s][info][gc,phases   ] GC(539)   Merge Heap Roots: 0.08ms
[266.101s][info][gc,phases   ] GC(539)   Evacuate Collection Set: 5.81ms
[266.101s][info][gc,phases   ] GC(539)   Post Evacuate Collection Set: 0.42ms
[266.101s][info][gc,phases   ] GC(539)   Other: 0.12ms
[266.101s][info][gc,heap     ] GC(539) Eden regions: 163->0(170)
[266.101s][info][gc,heap     ] GC(539) Survivor regions: 10->10(22)
[266.101s][info][gc,heap     ] GC(539) Old regions: 109->109
[266.101s][info][gc,heap     ] GC(539) Humongous regions: 15->15
[266.101s][info][gc,metaspace] GC(539) Metaspace: 42527K(42944K)->42527K(42944K) NonClass: 38190K(38400K)->38190K(38400K) Class: 4337K(4544K)->4337K(4544K)
[266.101s][info][gc          ] GC(539) Pause Young (Concurrent Start) (G1 Evacuation Pause) 296M->133M(340M) 6.817ms
[266.101s][info][gc          ] GC(540) Concurrent Mark Cycle
[266.101s][info][gc,marking  ] GC(540) Concurrent Scan Root Regions
[266.103s][info][gc,cpu      ] GC(539) User=0.01s Sys=0.00s Real=0.01s
[266.105s][info][gc,marking  ] GC(540) Concurrent Scan Root Regions 4.481ms
[266.105s][info][gc,marking  ] GC(540) Concurrent Mark
[266.105s][info][gc,marking  ] GC(540) Concurrent Mark From Roots
[266.105s][info][gc,task     ] GC(540) Using 1 workers of 1 for marking
[266.136s][info][gc,marking  ] GC(540) Concurrent Mark From Roots 30.604ms
[266.136s][info][gc,marking  ] GC(540) Concurrent Preclean
[266.136s][info][gc,marking  ] GC(540) Concurrent Preclean 0.036ms
[266.136s][info][gc,start    ] GC(540) Pause Remark
[266.152s][info][gc          ] GC(540) Pause Remark 138M->51M(256M) 15.959ms
[266.152s][info][gc,cpu      ] GC(540) User=0.03s Sys=0.01s Real=0.02s
[266.154s][info][gc,marking  ] GC(540) Concurrent Mark 48.947ms
[266.154s][info][gc,marking  ] GC(540) Concurrent Rebuild Remembered Sets and Scrub Regions
[266.166s][info][gc,marking  ] GC(540) Concurrent Rebuild Remembered Sets and Scrub Regions 11.107ms
[266.166s][info][gc,start    ] GC(540) Pause Cleanup
[266.166s][info][gc          ] GC(540) Pause Cleanup 53M->53M(256M) 0.041ms
[266.166s][info][gc,cpu      ] GC(540) User=0.00s Sys=0.00s Real=0.00s
[266.166s][info][gc,marking  ] GC(540) Concurrent Clear Claimed Marks
[266.166s][info][gc,marking  ] GC(540) Concurrent Clear Claimed Marks 0.045ms
[266.166s][info][gc,marking  ] GC(540) Concurrent Cleanup for Next Mark
[266.167s][info][gc,marking  ] GC(540) Concurrent Cleanup for Next Mark 0.731ms
[266.167s][info][gc          ] GC(540) Concurrent Mark Cycle 66.302ms
[267.005s][info][gc,start    ] GC(541) Pause Young (Prepare Mixed) (G1 Evacuation Pause)
[267.005s][info][gc,task     ] GC(541) Using 2 workers of 2 for evacuation
[267.011s][info][gc,phases   ] GC(541)   Pre Evacuate Collection Set: 0.14ms
[267.011s][info][gc,phases   ] GC(541)   Merge Heap Roots: 0.06ms
[267.011s][info][gc,phases   ] GC(541)   Evacuate Collection Set: 5.56ms
[267.011s][info][gc,phases   ] GC(541)   Post Evacuate Collection Set: 0.39ms
[267.011s][info][gc,phases   ] GC(541)   Other: 0.07ms
[267.011s][info][gc,heap     ] GC(541) Eden regions: 143->0(144)
[267.011s][info][gc,heap     ] GC(541) Survivor regions: 10->9(20)
[267.011s][info][gc,heap     ] GC(541) Old regions: 36->36
[267.011s][info][gc,heap     ] GC(541) Humongous regions: 1->1
[267.011s][info][gc,metaspace] GC(541) Metaspace: 42528K(42944K)->42528K(42944K) NonClass: 38191K(38400K)->38191K(38400K) Class: 4337K(4544K)->4337K(4544K)
[267.011s][info][gc          ] GC(541) Pause Young (Prepare Mixed) (G1 Evacuation Pause) 189M->45M(256M) 6.420ms
[267.011s][info][gc,cpu      ] GC(541) User=0.01s Sys=0.00s Real=0.01s
[267.877s][info][gc,start    ] GC(542) Pause Young (Mixed) (G1 Evacuation Pause)
[267.877s][info][gc,task     ] GC(542) Using 2 workers of 2 for evacuation
[267.883s][info][gc,phases   ] GC(542)   Pre Evacuate Collection Set: 0.15ms
[267.883s][info][gc,phases   ] GC(542)   Merge Heap Roots: 0.09ms
[267.883s][info][gc,phases   ] GC(542)   Evacuate Collection Set: 5.22ms
[267.883s][info][gc,phases   ] GC(542)   Post Evacuate Collection Set: 0.37ms
[267.883s][info][gc,phases   ] GC(542)   Other: 0.07ms
[267.883s][info][gc,heap     ] GC(542) Eden regions: 144->0(144)
[267.883s][info][gc,heap     ] GC(542) Survivor regions: 9->9(20)
[267.883s][info][gc,heap     ] GC(542) Old regions: 36->33
[267.883s][info][gc,heap     ] GC(542) Humongous regions: 1->1
[267.883s][info][gc,metaspace] GC(542) Metaspace: 42528K(42944K)->42528K(42944K) NonClass: 38191K(38400K)->38191K(38400K) Class: 4337K(4544K)->4337K(4544K)
[267.883s][info][gc          ] GC(542) Pause Young (Mixed) (G1 Evacuation Pause) 189M->41M(256M) 6.067ms
[267.883s][info][gc,cpu      ] GC(542) User=0.01s Sys=0.00s Real=0.01s
[268.237s][info][gc,start    ] GC(543) Pause Young (Concurrent Start) (G1 Humongous Allocation)
[268.237s][info][gc,task     ] GC(543) Using 2 workers of 2 for evacuation
[268.242s][info][gc,phases   ] GC(543)   Pre Evacuate Collection Set: 0.17ms
[268.242s][info][gc,phases   ] GC(543)   Merge Heap Roots: 0.04ms
[268.242s][info][gc,phases   ] GC(543)   Evacuate Collection Set: 4.41ms
[268.242s][info][gc,phases   ] GC(543)   Post Evacuate Collection Set: 0.37ms
[268.242s][info][gc,phases   ] GC(543)   Other: 0.09ms
[268.242s][info][gc,heap     ] GC(543) Eden regions: 58->0(145)
[268.242s][info][gc,heap     ] GC(543) Survivor regions: 9->8(20)
[268.242s][info][gc,heap     ] GC(543) Old regions: 33->33
[268.242s][info][gc,heap     ] GC(543) Humongous regions: 1->1
[268.242s][info][gc,metaspace] GC(543) Metaspace: 42528K(42944K)->42528K(42944K) NonClass: 38191K(38400K)->38191K(38400K) Class: 4337K(4544K)->4337K(4544K)
[268.242s][info][gc          ] GC(543) Pause Young (Concurrent Start) (G1 Humongous Allocation) 98M->40M(256M) 5.246ms
[268.242s][info][gc,cpu      ] GC(543) User=0.01s Sys=0.00s Real=0.01s
[268.242s][info][gc          ] GC(544) Concurrent Mark Cycle
[268.243s][info][gc,marking  ] GC(544) Concurrent Scan Root Regions
[268.247s][info][gc,marking  ] GC(544) Concurrent Scan Root Regions 3.382ms
[268.247s][info][gc,marking  ] GC(544) Concurrent Mark
[268.247s][info][gc,marking  ] GC(544) Concurrent Mark From Roots
[268.247s][info][gc,task     ] GC(544) Using 1 workers of 1 for marking
[268.277s][info][gc,marking  ] GC(544) Concurrent Mark From Roots 30.069ms
[268.277s][info][gc,marking  ] GC(544) Concurrent Preclean
[268.277s][info][gc,marking  ] GC(544) Concurrent Preclean 0.035ms
[268.277s][info][gc,start    ] GC(544) Pause Remark
[268.293s][info][gc          ] GC(544) Pause Remark 48M->48M(256M) 15.814ms
[268.293s][info][gc,cpu      ] GC(544) User=0.03s Sys=0.00s Real=0.02s
[268.293s][info][gc,marking  ] GC(544) Concurrent Mark 46.174ms
[268.293s][info][gc,marking  ] GC(544) Concurrent Rebuild Remembered Sets and Scrub Regions
[268.304s][info][gc,marking  ] GC(544) Concurrent Rebuild Remembered Sets and Scrub Regions 11.352ms
[268.304s][info][gc,start    ] GC(544) Pause Cleanup
[268.304s][info][gc          ] GC(544) Pause Cleanup 50M->50M(256M) 0.038ms
[268.304s][info][gc,cpu      ] GC(544) User=0.00s Sys=0.00s Real=0.00s
[268.305s][info][gc,marking  ] GC(544) Concurrent Clear Claimed Marks
[268.305s][info][gc,marking  ] GC(544) Concurrent Clear Claimed Marks 0.037ms
[268.305s][info][gc,marking  ] GC(544) Concurrent Cleanup for Next Mark
[268.305s][info][gc,marking  ] GC(544) Concurrent Cleanup for Next Mark 0.711ms
[268.305s][info][gc          ] GC(544) Concurrent Mark Cycle 63.317ms
[269.076s][info][gc,start    ] GC(545) Pause Young (Prepare Mixed) (G1 Evacuation Pause)
[269.076s][info][gc,task     ] GC(545) Using 2 workers of 2 for evacuation
[269.086s][info][gc,phases   ] GC(545)   Pre Evacuate Collection Set: 0.17ms
[269.086s][info][gc,phases   ] GC(545)   Merge Heap Roots: 0.08ms
[269.086s][info][gc,phases   ] GC(545)   Evacuate Collection Set: 8.88ms
[269.086s][info][gc,phases   ] GC(545)   Post Evacuate Collection Set: 0.42ms
[269.086s][info][gc,phases   ] GC(545)   Other: 0.09ms
[269.086s][info][gc,heap     ] GC(545) Eden regions: 145->0(142)
[269.086s][info][gc,heap     ] GC(545) Survivor regions: 8->11(20)
[269.086s][info][gc,heap     ] GC(545) Old regions: 33->33
[269.086s][info][gc,heap     ] GC(545) Humongous regions: 2->1
[269.086s][info][gc,metaspace] GC(545) Metaspace: 42528K(42944K)->42528K(42944K) NonClass: 38191K(38400K)->38191K(38400K) Class: 4337K(4544K)->4337K(4544K)
[269.086s][info][gc          ] GC(545) Pause Young (Prepare Mixed) (G1 Evacuation Pause) 186M->43M(256M) 9.820ms
[269.086s][info][gc,cpu      ] GC(545) User=0.01s Sys=0.00s Real=0.01s
[269.892s][info][gc,start    ] GC(546) Pause Young (Mixed) (G1 Evacuation Pause)
[269.892s][info][gc,task     ] GC(546) Using 2 workers of 2 for evacuation
[269.901s][info][gc,phases   ] GC(546)   Pre Evacuate Collection Set: 0.15ms
[269.901s][info][gc,phases   ] GC(546)   Merge Heap Roots: 0.09ms
[269.901s][info][gc,phases   ] GC(546)   Evacuate Collection Set: 7.45ms
[269.901s][info][gc,phases   ] GC(546)   Post Evacuate Collection Set: 0.45ms
[269.901s][info][gc,phases   ] GC(546)   Other: 0.07ms
[269.901s][info][gc,heap     ] GC(546) Eden regions: 142->0(146)
[269.901s][info][gc,heap     ] GC(546) Survivor regions: 11->7(20)
[269.901s][info][gc,heap     ] GC(546) Old regions: 33->32
[269.901s][info][gc,heap     ] GC(546) Humongous regions: 3->3
[269.901s][info][gc,metaspace] GC(546) Metaspace: 42528K(42944K)->42528K(42944K) NonClass: 38191K(38400K)->38191K(38400K) Class: 4337K(4544K)->4337K(4544K)
[269.901s][info][gc          ] GC(546) Pause Young (Mixed) (G1 Evacuation Pause) 187M->41M(256M) 8.437ms
[269.901s][info][gc,cpu      ] GC(546) User=0.02s Sys=0.01s Real=0.01s
[270.162s][info][gc,start    ] GC(547) Pause Young (Concurrent Start) (G1 Humongous Allocation)
[270.162s][info][gc,task     ] GC(547) Using 2 workers of 2 for evacuation
[270.180s][info][gc,phases   ] GC(547)   Pre Evacuate Collection Set: 0.18ms
[270.180s][info][gc,phases   ] GC(547)   Merge Heap Roots: 0.05ms
[270.180s][info][gc,phases   ] GC(547)   Evacuate Collection Set: 18.10ms
[270.180s][info][gc,phases   ] GC(547)   Post Evacuate Collection Set: 0.40ms
[270.181s][info][gc,phases   ] GC(547)   Other: 0.11ms
[270.181s][info][gc,heap     ] GC(547) Eden regions: 107->0(133)
[270.181s][info][gc,heap     ] GC(547) Survivor regions: 7->20(20)
[270.181s][info][gc,heap     ] GC(547) Old regions: 32->32
[270.181s][info][gc,heap     ] GC(547) Humongous regions: 3->3
[270.181s][info][gc,metaspace] GC(547) Metaspace: 42528K(42944K)->42528K(42944K) NonClass: 38191K(38400K)->38191K(38400K) Class: 4337K(4544K)->4337K(4544K)
[270.181s][info][gc          ] GC(547) Pause Young (Concurrent Start) (G1 Humongous Allocation) 147M->54M(256M) 19.057ms
[270.181s][info][gc,cpu      ] GC(547) User=0.04s Sys=0.00s Real=0.02s
[270.181s][info][gc          ] GC(548) Concurrent Mark Cycle
[270.181s][info][gc,marking  ] GC(548) Concurrent Scan Root Regions
[270.193s][info][gc,marking  ] GC(548) Concurrent Scan Root Regions 12.767ms
[270.193s][info][gc,marking  ] GC(548) Concurrent Mark
[270.193s][info][gc,marking  ] GC(548) Concurrent Mark From Roots
[270.193s][info][gc,task     ] GC(548) Using 1 workers of 1 for marking
[270.224s][info][gc,marking  ] GC(548) Concurrent Mark From Roots 30.910ms
[270.224s][info][gc,marking  ] GC(548) Concurrent Preclean
[270.224s][info][gc,marking  ] GC(548) Concurrent Preclean 0.036ms
[270.225s][info][gc,start    ] GC(548) Pause Remark
[270.241s][info][gc          ] GC(548) Pause Remark 71M->71M(256M) 15.960ms
[270.241s][info][gc,cpu      ] GC(548) User=0.03s Sys=0.00s Real=0.02s
[270.241s][info][gc,marking  ] GC(548) Concurrent Mark 47.259ms
[270.241s][info][gc,marking  ] GC(548) Concurrent Rebuild Remembered Sets and Scrub Regions
[270.256s][info][gc,marking  ] GC(548) Concurrent Rebuild Remembered Sets and Scrub Regions 15.166ms
[270.256s][info][gc,start    ] GC(548) Pause Cleanup
[270.256s][info][gc          ] GC(548) Pause Cleanup 77M->77M(256M) 0.040ms
[270.256s][info][gc,cpu      ] GC(548) User=0.00s Sys=0.00s Real=0.00s
[270.256s][info][gc,marking  ] GC(548) Concurrent Clear Claimed Marks
[270.256s][info][gc,marking  ] GC(548) Concurrent Clear Claimed Marks 0.035ms
[270.256s][info][gc,marking  ] GC(548) Concurrent Cleanup for Next Mark
[270.257s][info][gc,marking  ] GC(548) Concurrent Cleanup for Next Mark 0.754ms
[270.257s][info][gc          ] GC(548) Concurrent Mark Cycle 76.312ms
[270.523s][info][gc,start    ] GC(549) Pause Young (Prepare Mixed) (G1 Evacuation Pause)
[270.523s][info][gc,task     ] GC(549) Using 2 workers of 2 for evacuation
[270.557s][info][gc,phases   ] GC(549)   Pre Evacuate Collection Set: 0.19ms
[270.557s][info][gc,phases   ] GC(549)   Merge Heap Roots: 0.07ms
[270.557s][info][gc,phases   ] GC(549)   Evacuate Collection Set: 32.91ms
[270.557s][info][gc,phases   ] GC(549)   Post Evacuate Collection Set: 0.41ms
[270.557s][info][gc,phases   ] GC(549)   Other: 0.07ms
[270.557s][info][gc,heap     ] GC(549) Eden regions: 133->0(136)
[270.557s][info][gc,heap     ] GC(549) Survivor regions: 20->17(20)
[270.557s][info][gc,heap     ] GC(549) Old regions: 32->49
[270.557s][info][gc,heap     ] GC(549) Humongous regions: 4->4
[270.557s][info][gc,metaspace] GC(549) Metaspace: 42528K(42944K)->42528K(42944K) NonClass: 38191K(38400K)->38191K(38400K) Class: 4337K(4544K)->4337K(4544K)
[270.557s][info][gc          ] GC(549) Pause Young (Prepare Mixed) (G1 Evacuation Pause) 188M->69M(256M) 33.907ms
[270.557s][info][gc,cpu      ] GC(549) User=0.07s Sys=0.00s Real=0.03s
[270.902s][info][gc,start    ] GC(550) Pause Young (Mixed) (G1 Evacuation Pause)
[270.902s][info][gc,task     ] GC(550) Using 2 workers of 2 for evacuation
[270.940s][info][gc,phases   ] GC(550)   Pre Evacuate Collection Set: 0.16ms
[270.940s][info][gc,phases   ] GC(550)   Merge Heap Roots: 0.10ms
[270.940s][info][gc,phases   ] GC(550)   Evacuate Collection Set: 37.37ms
[270.940s][info][gc,phases   ] GC(550)   Post Evacuate Collection Set: 0.52ms
[270.940s][info][gc,phases   ] GC(550)   Other: 0.09ms
[270.940s][info][gc,heap     ] GC(550) Eden regions: 136->0(135)
[270.940s][info][gc,heap     ] GC(550) Survivor regions: 17->16(20)
[270.940s][info][gc,heap     ] GC(550) Old regions: 49->63
[270.940s][info][gc,heap     ] GC(550) Humongous regions: 6->6
[270.940s][info][gc,metaspace] GC(550) Metaspace: 42528K(42944K)->42528K(42944K) NonClass: 38191K(38400K)->38191K(38400K) Class: 4337K(4544K)->4337K(4544K)
[270.940s][info][gc          ] GC(550) Pause Young (Mixed) (G1 Evacuation Pause) 207M->84M(256M) 38.455ms
[270.940s][info][gc,cpu      ] GC(550) User=0.07s Sys=0.00s Real=0.03s
[271.268s][info][gc,start    ] GC(551) Pause Young (Concurrent Start) (G1 Evacuation Pause)
[271.268s][info][gc,task     ] GC(551) Using 2 workers of 2 for evacuation
[271.303s][info][gc,phases   ] GC(551)   Pre Evacuate Collection Set: 0.16ms
[271.303s][info][gc,phases   ] GC(551)   Merge Heap Roots: 0.10ms
[271.303s][info][gc,phases   ] GC(551)   Evacuate Collection Set: 34.62ms
[271.303s][info][gc,phases   ] GC(551)   Post Evacuate Collection Set: 0.42ms
[271.303s][info][gc,phases   ] GC(551)   Other: 0.14ms
[271.303s][info][gc,heap     ] GC(551) Eden regions: 135->0(121)
[271.303s][info][gc,heap     ] GC(551) Survivor regions: 16->16(19)
[271.303s][info][gc,heap     ] GC(551) Old regions: 63->79
[271.303s][info][gc,heap     ] GC(551) Humongous regions: 6->6
[271.303s][info][gc,metaspace] GC(551) Metaspace: 42528K(42944K)->42528K(42944K) NonClass: 38191K(38400K)->38191K(38400K) Class: 4337K(4544K)->4337K(4544K)
[271.303s][info][gc          ] GC(551) Pause Young (Concurrent Start) (G1 Evacuation Pause) 219M->100M(256M) 35.700ms
[271.303s][info][gc,cpu      ] GC(551) User=0.07s Sys=0.00s Real=0.04s
[271.303s][info][gc          ] GC(552) Concurrent Mark Cycle
[271.304s][info][gc,marking  ] GC(552) Concurrent Scan Root Regions
[271.331s][info][gc,marking  ] GC(552) Concurrent Scan Root Regions 27.062ms
[271.331s][info][gc,marking  ] GC(552) Concurrent Mark
[271.331s][info][gc,marking  ] GC(552) Concurrent Mark From Roots
[271.331s][info][gc,task     ] GC(552) Using 1 workers of 1 for marking
[271.401s][info][gc,marking  ] GC(552) Concurrent Mark From Roots 69.856ms
[271.401s][info][gc,marking  ] GC(552) Concurrent Preclean
[271.401s][info][gc,marking  ] GC(552) Concurrent Preclean 0.038ms
[271.401s][info][gc,start    ] GC(552) Pause Remark
[271.419s][info][gc          ] GC(552) Pause Remark 127M->126M(256M) 18.423ms
[271.419s][info][gc,cpu      ] GC(552) User=0.03s Sys=0.00s Real=0.01s
[271.419s][info][gc,marking  ] GC(552) Concurrent Mark 88.682ms
[271.419s][info][gc,marking  ] GC(552) Concurrent Rebuild Remembered Sets and Scrub Regions
[271.476s][info][gc,marking  ] GC(552) Concurrent Rebuild Remembered Sets and Scrub Regions 56.436ms
[271.476s][info][gc,start    ] GC(552) Pause Cleanup
[271.476s][info][gc          ] GC(552) Pause Cleanup 149M->149M(256M) 0.046ms
[271.476s][info][gc,cpu      ] GC(552) User=0.00s Sys=0.00s Real=0.00s
[271.476s][info][gc,marking  ] GC(552) Concurrent Clear Claimed Marks
[271.476s][info][gc,marking  ] GC(552) Concurrent Clear Claimed Marks 0.042ms
[271.476s][info][gc,marking  ] GC(552) Concurrent Cleanup for Next Mark
[271.477s][info][gc,marking  ] GC(552) Concurrent Cleanup for Next Mark 0.753ms
[271.477s][info][gc          ] GC(552) Concurrent Mark Cycle 173.501ms
[271.667s][info][gc,start    ] GC(553) Pause Young (Prepare Mixed) (G1 Evacuation Pause)
[271.667s][info][gc,task     ] GC(553) Using 2 workers of 2 for evacuation
[271.706s][info][gc,phases   ] GC(553)   Pre Evacuate Collection Set: 0.16ms
[271.706s][info][gc,phases   ] GC(553)   Merge Heap Roots: 0.11ms
[271.706s][info][gc,phases   ] GC(553)   Evacuate Collection Set: 37.92ms
[271.706s][info][gc,phases   ] GC(553)   Post Evacuate Collection Set: 0.45ms
[271.706s][info][gc,phases   ] GC(553)   Other: 0.09ms
[271.706s][info][gc,heap     ] GC(553) Eden regions: 121->0(108)
[271.706s][info][gc,heap     ] GC(553) Survivor regions: 16->14(18)
[271.706s][info][gc,heap     ] GC(553) Old regions: 79->95
[271.706s][info][gc,heap     ] GC(553) Humongous regions: 9->9
[271.706s][info][gc,metaspace] GC(553) Metaspace: 42528K(42944K)->42528K(42944K) NonClass: 38191K(38400K)->38191K(38400K) Class: 4337K(4544K)->4337K(4544K)
[271.706s][info][gc          ] GC(553) Pause Young (Prepare Mixed) (G1 Evacuation Pause) 224M->117M(256M) 38.965ms
[271.706s][info][gc,cpu      ] GC(553) User=0.08s Sys=0.00s Real=0.04s
[272.897s][info][gc,start    ] GC(554) Pause Young (Mixed) (G1 Evacuation Pause)
[272.898s][info][gc,task     ] GC(554) Using 2 workers of 2 for evacuation
[272.934s][info][gc,phases   ] GC(554)   Pre Evacuate Collection Set: 0.15ms
[272.934s][info][gc,phases   ] GC(554)   Merge Heap Roots: 0.18ms
[272.934s][info][gc,phases   ] GC(554)   Evacuate Collection Set: 35.96ms
[272.934s][info][gc,phases   ] GC(554)   Post Evacuate Collection Set: 0.43ms
[272.934s][info][gc,phases   ] GC(554)   Other: 0.07ms
[272.934s][info][gc,heap     ] GC(554) Eden regions: 108->0(101)
[272.934s][info][gc,heap     ] GC(554) Survivor regions: 14->7(16)
[272.934s][info][gc,heap     ] GC(554) Old regions: 95->107
[272.934s][info][gc,heap     ] GC(554) Humongous regions: 17->15
[272.934s][info][gc,metaspace] GC(554) Metaspace: 42528K(42944K)->42528K(42944K) NonClass: 38191K(38400K)->38191K(38400K) Class: 4337K(4544K)->4337K(4544K)
[272.935s][info][gc          ] GC(554) Pause Young (Mixed) (G1 Evacuation Pause) 233M->128M(256M) 37.014ms
[272.935s][info][gc,cpu      ] GC(554) User=0.08s Sys=0.00s Real=0.04s
[273.299s][info][gc,start    ] GC(555) Pause Young (Concurrent Start) (G1 Evacuation Pause)
[273.299s][info][gc,task     ] GC(555) Using 2 workers of 2 for evacuation
[273.318s][info][gc,phases   ] GC(555)   Pre Evacuate Collection Set: 0.16ms
[273.319s][info][gc,phases   ] GC(555)   Merge Heap Roots: 0.14ms
[273.319s][info][gc,phases   ] GC(555)   Evacuate Collection Set: 18.93ms
[273.319s][info][gc,phases   ] GC(555)   Post Evacuate Collection Set: 0.40ms
[273.319s][info][gc,phases   ] GC(555)   Other: 0.09ms
[273.319s][info][gc,heap     ] GC(555) Eden regions: 101->0(100)
[273.319s][info][gc,heap     ] GC(555) Survivor regions: 7->10(14)
[273.319s][info][gc,heap     ] GC(555) Old regions: 107->107
[273.319s][info][gc,heap     ] GC(555) Humongous regions: 15->15
[273.319s][info][gc,metaspace] GC(555) Metaspace: 42528K(42944K)->42528K(42944K) NonClass: 38191K(38400K)->38191K(38400K) Class: 4337K(4544K)->4337K(4544K)
[273.319s][info][gc          ] GC(555) Pause Young (Concurrent Start) (G1 Evacuation Pause) 229M->131M(256M) 19.893ms
[273.319s][info][gc,cpu      ] GC(555) User=0.04s Sys=0.00s Real=0.02s
[273.319s][info][gc          ] GC(556) Concurrent Mark Cycle
[273.319s][info][gc,marking  ] GC(556) Concurrent Scan Root Regions
[273.326s][info][gc,marking  ] GC(556) Concurrent Scan Root Regions 7.486ms
[273.326s][info][gc,marking  ] GC(556) Concurrent Mark
[273.326s][info][gc,marking  ] GC(556) Concurrent Mark From Roots
[273.326s][info][gc,task     ] GC(556) Using 1 workers of 1 for marking
[273.361s][info][gc,marking  ] GC(556) Concurrent Mark From Roots 34.932ms
[273.361s][info][gc,marking  ] GC(556) Concurrent Preclean
[273.361s][info][gc,marking  ] GC(556) Concurrent Preclean 0.064ms
[273.361s][info][gc,start    ] GC(556) Pause Remark
[273.377s][info][gc          ] GC(556) Pause Remark 151M->129M(256M) 16.102ms
[273.378s][info][gc,cpu      ] GC(556) User=0.03s Sys=0.00s Real=0.01s
[273.378s][info][gc,marking  ] GC(556) Concurrent Mark 51.397ms
[273.378s][info][gc,marking  ] GC(556) Concurrent Rebuild Remembered Sets and Scrub Regions
[273.393s][info][gc,marking  ] GC(556) Concurrent Rebuild Remembered Sets and Scrub Regions 15.380ms
[273.393s][info][gc,start    ] GC(556) Pause Cleanup
[273.393s][info][gc          ] GC(556) Pause Cleanup 133M->133M(256M) 0.075ms
[273.393s][info][gc,cpu      ] GC(556) User=0.00s Sys=0.00s Real=0.00s
[273.393s][info][gc,marking  ] GC(556) Concurrent Clear Claimed Marks
[273.393s][info][gc,marking  ] GC(556) Concurrent Clear Claimed Marks 0.040ms
[273.393s][info][gc,marking  ] GC(556) Concurrent Cleanup for Next Mark
[273.394s][info][gc,marking  ] GC(556) Concurrent Cleanup for Next Mark 0.733ms
[273.394s][info][gc          ] GC(556) Concurrent Mark Cycle 75.430ms
[273.799s][info][gc,start    ] GC(557) Pause Young (Prepare Mixed) (G1 Evacuation Pause)
[273.800s][info][gc,task     ] GC(557) Using 2 workers of 2 for evacuation
[273.807s][info][gc,phases   ] GC(557)   Pre Evacuate Collection Set: 0.15ms
[273.807s][info][gc,phases   ] GC(557)   Merge Heap Roots: 0.12ms
[273.807s][info][gc,phases   ] GC(557)   Evacuate Collection Set: 6.48ms
[273.807s][info][gc,phases   ] GC(557)   Post Evacuate Collection Set: 0.37ms
[273.807s][info][gc,phases   ] GC(557)   Other: 0.09ms
[273.807s][info][gc,heap     ] GC(557) Eden regions: 100->0(121)
[273.807s][info][gc,heap     ] GC(557) Survivor regions: 10->9(14)
[273.807s][info][gc,heap     ] GC(557) Old regions: 99->99
[273.807s][info][gc,heap     ] GC(557) Humongous regions: 1->1
[273.807s][info][gc,metaspace] GC(557) Metaspace: 42528K(42944K)->42528K(42944K) NonClass: 38191K(38400K)->38191K(38400K) Class: 4337K(4544K)->4337K(4544K)
[273.807s][info][gc          ] GC(557) Pause Young (Prepare Mixed) (G1 Evacuation Pause) 209M->108M(256M) 7.403ms
[273.807s][info][gc,cpu      ] GC(557) User=0.01s Sys=0.00s Real=0.01s
[274.479s][info][gc,start    ] GC(558) Pause Young (Mixed) (G1 Evacuation Pause)
[274.479s][info][gc,task     ] GC(558) Using 2 workers of 2 for evacuation
[274.483s][info][gc,phases   ] GC(558)   Pre Evacuate Collection Set: 0.15ms
[274.483s][info][gc,phases   ] GC(558)   Merge Heap Roots: 0.06ms
[274.483s][info][gc,phases   ] GC(558)   Evacuate Collection Set: 3.86ms
[274.483s][info][gc,phases   ] GC(558)   Post Evacuate Collection Set: 0.35ms
[274.483s][info][gc,phases   ] GC(558)   Other: 0.09ms
[274.483s][info][gc,heap     ] GC(558) Eden regions: 121->0(146)
[274.483s][info][gc,heap     ] GC(558) Survivor regions: 9->7(17)
[274.483s][info][gc,heap     ] GC(558) Old regions: 99->73
[274.483s][info][gc,heap     ] GC(558) Humongous regions: 1->1
[274.483s][info][gc,metaspace] GC(558) Metaspace: 42528K(42944K)->42528K(42944K) NonClass: 38191K(38400K)->38191K(38400K) Class: 4337K(4544K)->4337K(4544K)
[274.483s][info][gc          ] GC(558) Pause Young (Mixed) (G1 Evacuation Pause) 229M->80M(256M) 4.701ms
[274.483s][info][gc,cpu      ] GC(558) User=0.01s Sys=0.00s Real=0.01s
[275.348s][info][gc,start    ] GC(559) Pause Young (Mixed) (G1 Evacuation Pause)
[275.348s][info][gc,task     ] GC(559) Using 2 workers of 2 for evacuation
[275.353s][info][gc,phases   ] GC(559)   Pre Evacuate Collection Set: 0.22ms
[275.353s][info][gc,phases   ] GC(559)   Merge Heap Roots: 0.07ms
[275.353s][info][gc,phases   ] GC(559)   Evacuate Collection Set: 4.67ms
[275.353s][info][gc,phases   ] GC(559)   Post Evacuate Collection Set: 0.36ms
[275.353s][info][gc,phases   ] GC(559)   Other: 0.09ms
[275.353s][info][gc,heap     ] GC(559) Eden regions: 146->0(146)
[275.353s][info][gc,heap     ] GC(559) Survivor regions: 7->7(20)
[275.353s][info][gc,heap     ] GC(559) Old regions: 73->47
[275.353s][info][gc,heap     ] GC(559) Humongous regions: 1->1
[275.353s][info][gc,metaspace] GC(559) Metaspace: 42528K(42944K)->42528K(42944K) NonClass: 38191K(38400K)->38191K(38400K) Class: 4337K(4544K)->4337K(4544K)
[275.353s][info][gc          ] GC(559) Pause Young (Mixed) (G1 Evacuation Pause) 226M->55M(256M) 5.640ms
[275.353s][info][gc,cpu      ] GC(559) User=0.00s Sys=0.00s Real=0.01s
[276.222s][info][gc,start    ] GC(560) Pause Young (Mixed) (G1 Evacuation Pause)
[276.222s][info][gc,task     ] GC(560) Using 2 workers of 2 for evacuation
[276.227s][info][gc,phases   ] GC(560)   Pre Evacuate Collection Set: 0.16ms
[276.227s][info][gc,phases   ] GC(560)   Merge Heap Roots: 0.06ms
[276.227s][info][gc,phases   ] GC(560)   Evacuate Collection Set: 4.19ms
[276.227s][info][gc,phases   ] GC(560)   Post Evacuate Collection Set: 0.41ms
[276.227s][info][gc,phases   ] GC(560)   Other: 0.07ms
[276.227s][info][gc,heap     ] GC(560) Eden regions: 146->0(147)
[276.227s][info][gc,heap     ] GC(560) Survivor regions: 7->6(20)
[276.227s][info][gc,heap     ] GC(560) Old regions: 47->36
[276.227s][info][gc,heap     ] GC(560) Humongous regions: 1->1
[276.227s][info][gc,metaspace] GC(560) Metaspace: 42528K(42944K)->42528K(42944K) NonClass: 38191K(38400K)->38191K(38400K) Class: 4337K(4544K)->4337K(4544K)
[276.227s][info][gc          ] GC(560) Pause Young (Mixed) (G1 Evacuation Pause) 201M->42M(256M) 5.065ms
[276.227s][info][gc,cpu      ] GC(560) User=0.01s Sys=0.00s Real=0.00s
[276.490s][info][gc,start    ] GC(561) Pause Young (Concurrent Start) (G1 Humongous Allocation)
[276.490s][info][gc,task     ] GC(561) Using 2 workers of 2 for evacuation
[276.494s][info][gc,phases   ] GC(561)   Pre Evacuate Collection Set: 0.17ms
[276.494s][info][gc,phases   ] GC(561)   Merge Heap Roots: 0.04ms
[276.494s][info][gc,phases   ] GC(561)   Evacuate Collection Set: 3.12ms
[276.494s][info][gc,phases   ] GC(561)   Post Evacuate Collection Set: 0.31ms
[276.494s][info][gc,phases   ] GC(561)   Other: 0.08ms
[276.494s][info][gc,heap     ] GC(561) Eden regions: 41->0(147)
[276.494s][info][gc,heap     ] GC(561) Survivor regions: 6->6(20)
[276.494s][info][gc,heap     ] GC(561) Old regions: 36->36
[276.494s][info][gc,heap     ] GC(561) Humongous regions: 1->1
[276.494s][info][gc,metaspace] GC(561) Metaspace: 42528K(42944K)->42528K(42944K) NonClass: 38191K(38400K)->38191K(38400K) Class: 4337K(4544K)->4337K(4544K)
[276.494s][info][gc          ] GC(561) Pause Young (Concurrent Start) (G1 Humongous Allocation) 82M->41M(256M) 3.880ms
[276.494s][info][gc,cpu      ] GC(561) User=0.01s Sys=0.00s Real=0.01s
[276.495s][info][gc          ] GC(562) Concurrent Mark Cycle
[276.495s][info][gc,marking  ] GC(562) Concurrent Scan Root Regions
[276.500s][info][gc,marking  ] GC(562) Concurrent Scan Root Regions 4.776ms
[276.500s][info][gc,marking  ] GC(562) Concurrent Mark
[276.500s][info][gc,marking  ] GC(562) Concurrent Mark From Roots
[276.500s][info][gc,task     ] GC(562) Using 1 workers of 1 for marking
[276.534s][info][gc,marking  ] GC(562) Concurrent Mark From Roots 33.809ms
[276.534s][info][gc,marking  ] GC(562) Concurrent Preclean
[276.534s][info][gc,marking  ] GC(562) Concurrent Preclean 0.038ms
[276.534s][info][gc,start    ] GC(562) Pause Remark
[276.550s][info][gc          ] GC(562) Pause Remark 50M->48M(256M) 15.746ms
[276.550s][info][gc,cpu      ] GC(562) User=0.03s Sys=0.00s Real=0.01s
[276.550s][info][gc,marking  ] GC(562) Concurrent Mark 49.803ms
[276.550s][info][gc,marking  ] GC(562) Concurrent Rebuild Remembered Sets and Scrub Regions
[276.564s][info][gc,marking  ] GC(562) Concurrent Rebuild Remembered Sets and Scrub Regions 13.453ms
[276.564s][info][gc,start    ] GC(562) Pause Cleanup
[276.564s][info][gc          ] GC(562) Pause Cleanup 50M->50M(256M) 0.055ms
[276.564s][info][gc,cpu      ] GC(562) User=0.00s Sys=0.00s Real=0.00s
[276.564s][info][gc,marking  ] GC(562) Concurrent Clear Claimed Marks
[276.564s][info][gc,marking  ] GC(562) Concurrent Clear Claimed Marks 0.042ms
[276.564s][info][gc,marking  ] GC(562) Concurrent Cleanup for Next Mark
[276.565s][info][gc,marking  ] GC(562) Concurrent Cleanup for Next Mark 0.764ms
[276.565s][info][gc          ] GC(562) Concurrent Mark Cycle 69.161ms
[277.377s][info][gc,start    ] GC(563) Pause Young (Prepare Mixed) (G1 Evacuation Pause)
[277.377s][info][gc,task     ] GC(563) Using 2 workers of 2 for evacuation
[277.381s][info][gc,phases   ] GC(563)   Pre Evacuate Collection Set: 0.16ms
[277.381s][info][gc,phases   ] GC(563)   Merge Heap Roots: 0.07ms
[277.381s][info][gc,phases   ] GC(563)   Evacuate Collection Set: 2.89ms
[277.381s][info][gc,phases   ] GC(563)   Post Evacuate Collection Set: 0.41ms
[277.381s][info][gc,phases   ] GC(563)   Other: 0.09ms
[277.381s][info][gc,heap     ] GC(563) Eden regions: 147->0(148)
[277.381s][info][gc,heap     ] GC(563) Survivor regions: 6->5(20)
[277.381s][info][gc,heap     ] GC(563) Old regions: 34->34
[277.381s][info][gc,heap     ] GC(563) Humongous regions: 2->1
[277.381s][info][gc,metaspace] GC(563) Metaspace: 42528K(42944K)->42528K(42944K) NonClass: 38191K(38400K)->38191K(38400K) Class: 4337K(4544K)->4337K(4544K)
[277.381s][info][gc          ] GC(563) Pause Young (Prepare Mixed) (G1 Evacuation Pause) 187M->38M(256M) 3.786ms
[277.381s][info][gc,cpu      ] GC(563) User=0.01s Sys=0.00s Real=0.01s
[278.120s][info][gc,start    ] GC(564) Pause Young (Mixed) (G1 Evacuation Pause)
[278.120s][info][gc,task     ] GC(564) Using 2 workers of 2 for evacuation
[278.130s][info][gc,phases   ] GC(564)   Pre Evacuate Collection Set: 0.15ms
[278.130s][info][gc,phases   ] GC(564)   Merge Heap Roots: 0.08ms
[278.130s][info][gc,phases   ] GC(564)   Evacuate Collection Set: 9.97ms
[278.130s][info][gc,phases   ] GC(564)   Post Evacuate Collection Set: 0.40ms
[278.130s][info][gc,phases   ] GC(564)   Other: 0.09ms
[278.130s][info][gc,heap     ] GC(564) Eden regions: 148->0(141)
[278.130s][info][gc,heap     ] GC(564) Survivor regions: 5->12(20)
[278.130s][info][gc,heap     ] GC(564) Old regions: 34->31
[278.130s][info][gc,heap     ] GC(564) Humongous regions: 5->3
[278.130s][info][gc,metaspace] GC(564) Metaspace: 42534K(42944K)->42534K(42944K) NonClass: 38197K(38400K)->38197K(38400K) Class: 4337K(4544K)->4337K(4544K)
[278.130s][info][gc          ] GC(564) Pause Young (Mixed) (G1 Evacuation Pause) 190M->44M(256M) 10.898ms
[278.131s][info][gc,cpu      ] GC(564) User=0.02s Sys=0.00s Real=0.02s
[278.314s][info][gc,start    ] GC(565) Pause Young (Concurrent Start) (G1 Humongous Allocation)
[278.314s][info][gc,task     ] GC(565) Using 2 workers of 2 for evacuation
[278.323s][info][gc,phases   ] GC(565)   Pre Evacuate Collection Set: 0.17ms
[278.323s][info][gc,phases   ] GC(565)   Merge Heap Roots: 0.04ms
[278.323s][info][gc,phases   ] GC(565)   Evacuate Collection Set: 8.15ms
[278.323s][info][gc,phases   ] GC(565)   Post Evacuate Collection Set: 0.44ms
[278.323s][info][gc,phases   ] GC(565)   Other: 0.12ms
[278.323s][info][gc,heap     ] GC(565) Eden regions: 41->0(151)
[278.323s][info][gc,heap     ] GC(565) Survivor regions: 12->2(20)
[278.323s][info][gc,heap     ] GC(565) Old regions: 31->37
[278.323s][info][gc,heap     ] GC(565) Humongous regions: 3->1
[278.323s][info][gc,metaspace] GC(565) Metaspace: 42534K(42944K)->42534K(42944K) NonClass: 38197K(38400K)->38197K(38400K) Class: 4337K(4544K)->4337K(4544K)
[278.323s][info][gc          ] GC(565) Pause Young (Concurrent Start) (G1 Humongous Allocation) 85M->39M(256M) 9.119ms
[278.323s][info][gc,cpu      ] GC(565) User=0.01s Sys=0.00s Real=0.01s
[278.323s][info][gc          ] GC(566) Concurrent Mark Cycle
[278.323s][info][gc,marking  ] GC(566) Concurrent Scan Root Regions
[278.338s][info][gc,marking  ] GC(566) Concurrent Scan Root Regions 15.134ms
[278.338s][info][gc,marking  ] GC(566) Concurrent Mark
[278.338s][info][gc,marking  ] GC(566) Concurrent Mark From Roots
[278.338s][info][gc,task     ] GC(566) Using 1 workers of 1 for marking
[278.371s][info][gc,marking  ] GC(566) Concurrent Mark From Roots 32.541ms
[278.371s][info][gc,marking  ] GC(566) Concurrent Preclean
[278.371s][info][gc,marking  ] GC(566) Concurrent Preclean 0.035ms
[278.371s][info][gc,start    ] GC(566) Pause Remark
[278.387s][info][gc          ] GC(566) Pause Remark 47M->47M(256M) 16.147ms
[278.387s][info][gc,cpu      ] GC(566) User=0.03s Sys=0.00s Real=0.01s
[278.387s][info][gc,marking  ] GC(566) Concurrent Mark 49.001ms
[278.387s][info][gc,marking  ] GC(566) Concurrent Rebuild Remembered Sets and Scrub Regions
[278.405s][info][gc,marking  ] GC(566) Concurrent Rebuild Remembered Sets and Scrub Regions 17.694ms
[278.405s][info][gc,start    ] GC(566) Pause Cleanup
[278.405s][info][gc          ] GC(566) Pause Cleanup 52M->52M(256M) 0.053ms
[278.405s][info][gc,cpu      ] GC(566) User=0.00s Sys=0.00s Real=0.00s
[278.405s][info][gc,marking  ] GC(566) Concurrent Clear Claimed Marks
[278.405s][info][gc,marking  ] GC(566) Concurrent Clear Claimed Marks 0.049ms
[278.405s][info][gc,marking  ] GC(566) Concurrent Cleanup for Next Mark
[278.406s][info][gc,marking  ] GC(566) Concurrent Cleanup for Next Mark 0.729ms
[278.406s][info][gc          ] GC(566) Concurrent Mark Cycle 83.387ms
[278.949s][info][gc,start    ] GC(567) Pause Young (Prepare Mixed) (G1 Evacuation Pause)
[278.949s][info][gc,task     ] GC(567) Using 2 workers of 2 for evacuation
[278.960s][info][gc,phases   ] GC(567)   Pre Evacuate Collection Set: 0.16ms
[278.960s][info][gc,phases   ] GC(567)   Merge Heap Roots: 0.06ms
[278.960s][info][gc,phases   ] GC(567)   Evacuate Collection Set: 10.20ms
[278.960s][info][gc,phases   ] GC(567)   Post Evacuate Collection Set: 0.53ms
[278.960s][info][gc,phases   ] GC(567)   Other: 0.08ms
[278.960s][info][gc,heap     ] GC(567) Eden regions: 151->0(141)
[278.960s][info][gc,heap     ] GC(567) Survivor regions: 2->12(20)
[278.960s][info][gc,heap     ] GC(567) Old regions: 37->37
[278.960s][info][gc,heap     ] GC(567) Humongous regions: 18->3
[278.960s][info][gc,metaspace] GC(567) Metaspace: 42548K(43008K)->42548K(43008K) NonClass: 38211K(38464K)->38211K(38464K) Class: 4337K(4544K)->4337K(4544K)
[278.960s][info][gc          ] GC(567) Pause Young (Prepare Mixed) (G1 Evacuation Pause) 207M->51M(256M) 11.211ms
[278.960s][info][gc,cpu      ] GC(567) User=0.02s Sys=0.00s Real=0.01s
[279.549s][info][gc,start    ] GC(568) Pause Young (Mixed) (G1 Evacuation Pause)
[279.549s][info][gc,task     ] GC(568) Using 2 workers of 2 for evacuation
[279.557s][info][gc,phases   ] GC(568)   Pre Evacuate Collection Set: 0.17ms
[279.557s][info][gc,phases   ] GC(568)   Merge Heap Roots: 0.11ms
[279.557s][info][gc,phases   ] GC(568)   Evacuate Collection Set: 7.22ms
[279.557s][info][gc,phases   ] GC(568)   Post Evacuate Collection Set: 0.43ms
[279.557s][info][gc,phases   ] GC(568)   Other: 0.07ms
[279.557s][info][gc,heap     ] GC(568) Eden regions: 141->0(149)
[279.557s][info][gc,heap     ] GC(568) Survivor regions: 12->4(20)
[279.557s][info][gc,heap     ] GC(568) Old regions: 37->36
[279.557s][info][gc,heap     ] GC(568) Humongous regions: 8->3
[279.557s][info][gc,metaspace] GC(568) Metaspace: 42548K(43008K)->42548K(43008K) NonClass: 38211K(38464K)->38211K(38464K) Class: 4337K(4544K)->4337K(4544K)
[279.557s][info][gc          ] GC(568) Pause Young (Mixed) (G1 Evacuation Pause) 197M->41M(256M) 8.187ms
[279.557s][info][gc,cpu      ] GC(568) User=0.02s Sys=0.00s Real=0.01s
[279.580s][info][gc,start    ] GC(569) Pause Young (Concurrent Start) (G1 Humongous Allocation)
[279.580s][info][gc,task     ] GC(569) Using 2 workers of 2 for evacuation
[279.582s][info][gc,phases   ] GC(569)   Pre Evacuate Collection Set: 0.15ms
[279.582s][info][gc,phases   ] GC(569)   Merge Heap Roots: 0.04ms
[279.582s][info][gc,phases   ] GC(569)   Evacuate Collection Set: 1.48ms
[279.582s][info][gc,phases   ] GC(569)   Post Evacuate Collection Set: 0.29ms
[279.582s][info][gc,phases   ] GC(569)   Other: 0.10ms
[279.582s][info][gc,heap     ] GC(569) Eden regions: 6->0(151)
[279.582s][info][gc,heap     ] GC(569) Survivor regions: 4->2(20)
[279.582s][info][gc,heap     ] GC(569) Old regions: 36->36
[279.582s][info][gc,heap     ] GC(569) Humongous regions: 3->1
[279.582s][info][gc,metaspace] GC(569) Metaspace: 42548K(43008K)->42548K(43008K) NonClass: 38211K(38464K)->38211K(38464K) Class: 4337K(4544K)->4337K(4544K)
[279.582s][info][gc          ] GC(569) Pause Young (Concurrent Start) (G1 Humongous Allocation) 47M->37M(256M) 2.219ms
[279.582s][info][gc,cpu      ] GC(569) User=0.00s Sys=0.00s Real=0.01s
[279.582s][info][gc          ] GC(570) Concurrent Mark Cycle
[279.582s][info][gc,marking  ] GC(570) Concurrent Scan Root Regions
[279.584s][info][gc,marking  ] GC(570) Concurrent Scan Root Regions 1.521ms
[279.584s][info][gc,marking  ] GC(570) Concurrent Mark
[279.584s][info][gc,marking  ] GC(570) Concurrent Mark From Roots
[279.584s][info][gc,task     ] GC(570) Using 1 workers of 1 for marking
[279.633s][info][gc,marking  ] GC(570) Concurrent Mark From Roots 49.141ms
[279.633s][info][gc,marking  ] GC(570) Concurrent Preclean
[279.633s][info][gc,marking  ] GC(570) Concurrent Preclean 0.041ms
[279.633s][info][gc,start    ] GC(570) Pause Remark
[279.650s][info][gc          ] GC(570) Pause Remark 50M->50M(256M) 16.444ms
[279.650s][info][gc,cpu      ] GC(570) User=0.03s Sys=0.00s Real=0.01s
[279.650s][info][gc,marking  ] GC(570) Concurrent Mark 65.902ms
[279.650s][info][gc,marking  ] GC(570) Concurrent Rebuild Remembered Sets and Scrub Regions
[279.669s][info][gc,marking  ] GC(570) Concurrent Rebuild Remembered Sets and Scrub Regions 19.272ms
[279.669s][info][gc,start    ] GC(570) Pause Cleanup
[279.669s][info][gc          ] GC(570) Pause Cleanup 55M->55M(256M) 0.038ms
[279.669s][info][gc,cpu      ] GC(570) User=0.00s Sys=0.00s Real=0.00s
[279.669s][info][gc,marking  ] GC(570) Concurrent Clear Claimed Marks
[279.669s][info][gc,marking  ] GC(570) Concurrent Clear Claimed Marks 0.037ms
[279.669s][info][gc,marking  ] GC(570) Concurrent Cleanup for Next Mark
[279.670s][info][gc,marking  ] GC(570) Concurrent Cleanup for Next Mark 0.748ms
[279.670s][info][gc          ] GC(570) Concurrent Mark Cycle 87.744ms
[280.199s][info][gc,start    ] GC(571) Pause Young (Prepare Mixed) (G1 Evacuation Pause)
[280.199s][info][gc,task     ] GC(571) Using 2 workers of 2 for evacuation
[280.223s][info][gc,phases   ] GC(571)   Pre Evacuate Collection Set: 0.19ms
[280.223s][info][gc,phases   ] GC(571)   Merge Heap Roots: 0.06ms
[280.223s][info][gc,phases   ] GC(571)   Evacuate Collection Set: 22.86ms
[280.223s][info][gc,phases   ] GC(571)   Post Evacuate Collection Set: 0.57ms
[280.223s][info][gc,phases   ] GC(571)   Other: 0.07ms
[280.223s][info][gc,heap     ] GC(571) Eden regions: 151->0(133)
[280.223s][info][gc,heap     ] GC(571) Survivor regions: 2->20(20)
[280.223s][info][gc,heap     ] GC(571) Old regions: 36->36
[280.223s][info][gc,heap     ] GC(571) Humongous regions: 7->3
[280.223s][info][gc,metaspace] GC(571) Metaspace: 42548K(43008K)->42548K(43008K) NonClass: 38211K(38464K)->38211K(38464K) Class: 4337K(4544K)->4337K(4544K)
[280.223s][info][gc          ] GC(571) Pause Young (Prepare Mixed) (G1 Evacuation Pause) 194M->58M(256M) 23.938ms
[280.223s][info][gc,cpu      ] GC(571) User=0.03s Sys=0.00s Real=0.03s
[280.940s][info][gc,start    ] GC(572) Pause Young (Mixed) (G1 Evacuation Pause)
[280.940s][info][gc,task     ] GC(572) Using 2 workers of 2 for evacuation
[280.957s][info][gc,phases   ] GC(572)   Pre Evacuate Collection Set: 0.23ms
[280.957s][info][gc,phases   ] GC(572)   Merge Heap Roots: 0.06ms
[280.957s][info][gc,phases   ] GC(572)   Evacuate Collection Set: 16.28ms
[280.957s][info][gc,phases   ] GC(572)   Post Evacuate Collection Set: 0.49ms
[280.957s][info][gc,phases   ] GC(572)   Other: 0.09ms
[280.957s][info][gc,heap     ] GC(572) Eden regions: 133->0(151)
[280.957s][info][gc,heap     ] GC(572) Survivor regions: 20->2(20)
[280.957s][info][gc,heap     ] GC(572) Old regions: 36->36
[280.957s][info][gc,heap     ] GC(572) Humongous regions: 11->3
[280.957s][info][gc,metaspace] GC(572) Metaspace: 42548K(43008K)->42548K(43008K) NonClass: 38211K(38464K)->38211K(38464K) Class: 4337K(4544K)->4337K(4544K)
[280.957s][info][gc          ] GC(572) Pause Young (Mixed) (G1 Evacuation Pause) 199M->40M(256M) 17.334ms
[280.957s][info][gc,cpu      ] GC(572) User=0.02s Sys=0.00s Real=0.02s
[281.035s][info][gc,start    ] GC(573) Pause Young (Concurrent Start) (G1 Humongous Allocation)
[281.035s][info][gc,task     ] GC(573) Using 2 workers of 2 for evacuation
[281.037s][info][gc,phases   ] GC(573)   Pre Evacuate Collection Set: 0.19ms
[281.037s][info][gc,phases   ] GC(573)   Merge Heap Roots: 0.05ms
[281.037s][info][gc,phases   ] GC(573)   Evacuate Collection Set: 1.52ms
[281.037s][info][gc,phases   ] GC(573)   Post Evacuate Collection Set: 0.28ms
[281.037s][info][gc,phases   ] GC(573)   Other: 0.10ms
[281.037s][info][gc,heap     ] GC(573) Eden regions: 23->0(151)
[281.037s][info][gc,heap     ] GC(573) Survivor regions: 2->2(20)
[281.037s][info][gc,heap     ] GC(573) Old regions: 36->36
[281.037s][info][gc,heap     ] GC(573) Humongous regions: 3->1
[281.037s][info][gc,metaspace] GC(573) Metaspace: 42548K(43008K)->42548K(43008K) NonClass: 38211K(38464K)->38211K(38464K) Class: 4337K(4544K)->4337K(4544K)
[281.037s][info][gc          ] GC(573) Pause Young (Concurrent Start) (G1 Humongous Allocation) 63M->37M(256M) 2.302ms
[281.037s][info][gc,cpu      ] GC(573) User=0.00s Sys=0.00s Real=0.00s
[281.037s][info][gc          ] GC(574) Concurrent Mark Cycle
[281.037s][info][gc,marking  ] GC(574) Concurrent Scan Root Regions
[281.039s][info][gc,marking  ] GC(574) Concurrent Scan Root Regions 1.814ms
[281.039s][info][gc,marking  ] GC(574) Concurrent Mark
[281.039s][info][gc,marking  ] GC(574) Concurrent Mark From Roots
[281.039s][info][gc,task     ] GC(574) Using 1 workers of 1 for marking
[281.084s][info][gc,marking  ] GC(574) Concurrent Mark From Roots 44.605ms
[281.084s][info][gc,marking  ] GC(574) Concurrent Preclean
[281.084s][info][gc,marking  ] GC(574) Concurrent Preclean 0.035ms
[281.084s][info][gc,start    ] GC(574) Pause Remark
[281.100s][info][gc          ] GC(574) Pause Remark 50M->50M(256M) 16.002ms
[281.100s][info][gc,cpu      ] GC(574) User=0.03s Sys=0.00s Real=0.01s
[281.100s][info][gc,marking  ] GC(574) Concurrent Mark 60.942ms
[281.100s][info][gc,marking  ] GC(574) Concurrent Rebuild Remembered Sets and Scrub Regions
[281.119s][info][gc,marking  ] GC(574) Concurrent Rebuild Remembered Sets and Scrub Regions 18.698ms
[281.119s][info][gc,start    ] GC(574) Pause Cleanup
[281.119s][info][gc          ] GC(574) Pause Cleanup 53M->53M(256M) 0.044ms
[281.119s][info][gc,cpu      ] GC(574) User=0.00s Sys=0.00s Real=0.00s
[281.119s][info][gc,marking  ] GC(574) Concurrent Clear Claimed Marks
[281.119s][info][gc,marking  ] GC(574) Concurrent Clear Claimed Marks 0.043ms
[281.119s][info][gc,marking  ] GC(574) Concurrent Cleanup for Next Mark
[281.120s][info][gc,marking  ] GC(574) Concurrent Cleanup for Next Mark 0.774ms
[281.120s][info][gc          ] GC(574) Concurrent Mark Cycle 82.875ms
[281.605s][info][gc,start    ] GC(575) Pause Young (Prepare Mixed) (G1 Evacuation Pause)
[281.605s][info][gc,task     ] GC(575) Using 2 workers of 2 for evacuation
[281.609s][info][gc,phases   ] GC(575)   Pre Evacuate Collection Set: 0.16ms
[281.609s][info][gc,phases   ] GC(575)   Merge Heap Roots: 0.06ms
[281.609s][info][gc,phases   ] GC(575)   Evacuate Collection Set: 2.93ms
[281.609s][info][gc,phases   ] GC(575)   Post Evacuate Collection Set: 0.39ms
[281.609s][info][gc,phases   ] GC(575)   Other: 0.07ms
[281.609s][info][gc,heap     ] GC(575) Eden regions: 151->0(149)
[281.609s][info][gc,heap     ] GC(575) Survivor regions: 2->4(20)
[281.609s][info][gc,heap     ] GC(575) Old regions: 36->36
[281.609s][info][gc,heap     ] GC(575) Humongous regions: 17->3
[281.609s][info][gc,metaspace] GC(575) Metaspace: 42548K(43008K)->42548K(43008K) NonClass: 38211K(38464K)->38211K(38464K) Class: 4337K(4544K)->4337K(4544K)
[281.609s][info][gc          ] GC(575) Pause Young (Prepare Mixed) (G1 Evacuation Pause) 204M->41M(256M) 3.787ms
[281.609s][info][gc,cpu      ] GC(575) User=0.01s Sys=0.00s Real=0.00s
[282.225s][info][gc,start    ] GC(576) Pause Young (Mixed) (G1 Evacuation Pause)
[282.225s][info][gc,task     ] GC(576) Using 2 workers of 2 for evacuation
[282.236s][info][gc,phases   ] GC(576)   Pre Evacuate Collection Set: 0.15ms
[282.236s][info][gc,phases   ] GC(576)   Merge Heap Roots: 0.09ms
[282.236s][info][gc,phases   ] GC(576)   Evacuate Collection Set: 10.44ms
[282.236s][info][gc,phases   ] GC(576)   Post Evacuate Collection Set: 0.48ms
[282.236s][info][gc,phases   ] GC(576)   Other: 0.07ms
[282.236s][info][gc,heap     ] GC(576) Eden regions: 149->0(145)
[282.236s][info][gc,heap     ] GC(576) Survivor regions: 4->8(20)
[282.236s][info][gc,heap     ] GC(576) Old regions: 36->35
[282.236s][info][gc,heap     ] GC(576) Humongous regions: 13->3
[282.236s][info][gc,metaspace] GC(576) Metaspace: 42558K(43008K)->42558K(43008K) NonClass: 38219K(38464K)->38219K(38464K) Class: 4339K(4544K)->4339K(4544K)
[282.236s][info][gc          ] GC(576) Pause Young (Mixed) (G1 Evacuation Pause) 200M->45M(256M) 11.432ms
[282.236s][info][gc,cpu      ] GC(576) User=0.02s Sys=0.00s Real=0.01s
[282.337s][info][gc,start    ] GC(577) Pause Young (Concurrent Start) (G1 Humongous Allocation)
[282.337s][info][gc,task     ] GC(577) Using 2 workers of 2 for evacuation
[282.340s][info][gc,phases   ] GC(577)   Pre Evacuate Collection Set: 0.16ms
[282.340s][info][gc,phases   ] GC(577)   Merge Heap Roots: 0.04ms
[282.340s][info][gc,phases   ] GC(577)   Evacuate Collection Set: 3.10ms
[282.340s][info][gc,phases   ] GC(577)   Post Evacuate Collection Set: 0.30ms
[282.340s][info][gc,phases   ] GC(577)   Other: 0.08ms
[282.340s][info][gc,heap     ] GC(577) Eden regions: 23->0(149)
[282.340s][info][gc,heap     ] GC(577) Survivor regions: 8->4(20)
[282.340s][info][gc,heap     ] GC(577) Old regions: 35->35
[282.340s][info][gc,heap     ] GC(577) Humongous regions: 3->1
[282.340s][info][gc,metaspace] GC(577) Metaspace: 42558K(43008K)->42558K(43008K) NonClass: 38219K(38464K)->38219K(38464K) Class: 4339K(4544K)->4339K(4544K)
[282.340s][info][gc          ] GC(577) Pause Young (Concurrent Start) (G1 Humongous Allocation) 68M->38M(256M) 3.861ms
[282.340s][info][gc,cpu      ] GC(577) User=0.01s Sys=0.00s Real=0.01s
[282.341s][info][gc          ] GC(578) Concurrent Mark Cycle
[282.341s][info][gc,marking  ] GC(578) Concurrent Scan Root Regions
[282.344s][info][gc,marking  ] GC(578) Concurrent Scan Root Regions 3.750ms
[282.344s][info][gc,marking  ] GC(578) Concurrent Mark
[282.344s][info][gc,marking  ] GC(578) Concurrent Mark From Roots
[282.344s][info][gc,task     ] GC(578) Using 1 workers of 1 for marking
[282.387s][info][gc,marking  ] GC(578) Concurrent Mark From Roots 43.079ms
[282.387s][info][gc,marking  ] GC(578) Concurrent Preclean
[282.387s][info][gc,marking  ] GC(578) Concurrent Preclean 0.036ms
[282.388s][info][gc,start    ] GC(578) Pause Remark
[282.404s][info][gc          ] GC(578) Pause Remark 48M->48M(256M) 16.030ms
[282.404s][info][gc,cpu      ] GC(578) User=0.04s Sys=0.00s Real=0.02s
[282.404s][info][gc,marking  ] GC(578) Concurrent Mark 59.485ms
[282.404s][info][gc,marking  ] GC(578) Concurrent Rebuild Remembered Sets and Scrub Regions
[282.423s][info][gc,marking  ] GC(578) Concurrent Rebuild Remembered Sets and Scrub Regions 19.269ms
[282.423s][info][gc,start    ] GC(578) Pause Cleanup
[282.423s][info][gc          ] GC(578) Pause Cleanup 55M->55M(256M) 0.043ms
[282.423s][info][gc,cpu      ] GC(578) User=0.00s Sys=0.00s Real=0.00s
[282.423s][info][gc,marking  ] GC(578) Concurrent Clear Claimed Marks
[282.423s][info][gc,marking  ] GC(578) Concurrent Clear Claimed Marks 0.047ms
[282.423s][info][gc,marking  ] GC(578) Concurrent Cleanup for Next Mark
[282.424s][info][gc,marking  ] GC(578) Concurrent Cleanup for Next Mark 0.971ms
[282.425s][info][gc          ] GC(578) Concurrent Mark Cycle 84.051ms
[282.964s][info][gc,start    ] GC(579) Pause Young (Prepare Mixed) (G1 Evacuation Pause)
[282.964s][info][gc,task     ] GC(579) Using 2 workers of 2 for evacuation
[282.987s][info][gc,phases   ] GC(579)   Pre Evacuate Collection Set: 0.15ms
[282.987s][info][gc,phases   ] GC(579)   Merge Heap Roots: 0.06ms
[282.987s][info][gc,phases   ] GC(579)   Evacuate Collection Set: 22.18ms
[282.987s][info][gc,phases   ] GC(579)   Post Evacuate Collection Set: 0.61ms
[282.987s][info][gc,phases   ] GC(579)   Other: 0.07ms
[282.987s][info][gc,heap     ] GC(579) Eden regions: 149->0(133)
[282.987s][info][gc,heap     ] GC(579) Survivor regions: 4->20(20)
[282.987s][info][gc,heap     ] GC(579) Old regions: 35->39
[282.987s][info][gc,heap     ] GC(579) Humongous regions: 5->3
[282.987s][info][gc,metaspace] GC(579) Metaspace: 42558K(43008K)->42558K(43008K) NonClass: 38219K(38464K)->38219K(38464K) Class: 4339K(4544K)->4339K(4544K)
[282.987s][info][gc          ] GC(579) Pause Young (Prepare Mixed) (G1 Evacuation Pause) 191M->61M(256M) 23.283ms
[282.987s][info][gc,cpu      ] GC(579) User=0.05s Sys=0.00s Real=0.02s
[283.610s][info][gc,start    ] GC(580) Pause Young (Mixed) (G1 Evacuation Pause)
[283.610s][info][gc,task     ] GC(580) Using 2 workers of 2 for evacuation
[283.639s][info][gc,phases   ] GC(580)   Pre Evacuate Collection Set: 0.19ms
[283.639s][info][gc,phases   ] GC(580)   Merge Heap Roots: 0.12ms
[283.639s][info][gc,phases   ] GC(580)   Evacuate Collection Set: 28.29ms
[283.639s][info][gc,phases   ] GC(580)   Post Evacuate Collection Set: 0.41ms
[283.639s][info][gc,phases   ] GC(580)   Other: 0.07ms
[283.639s][info][gc,heap     ] GC(580) Eden regions: 133->0(136)
[283.639s][info][gc,heap     ] GC(580) Survivor regions: 20->17(20)
[283.639s][info][gc,heap     ] GC(580) Old regions: 39->48
[283.639s][info][gc,heap     ] GC(580) Humongous regions: 3->3
[283.639s][info][gc,metaspace] GC(580) Metaspace: 42558K(43008K)->42558K(43008K) NonClass: 38219K(38464K)->38219K(38464K) Class: 4339K(4544K)->4339K(4544K)
[283.639s][info][gc          ] GC(580) Pause Young (Mixed) (G1 Evacuation Pause) 194M->67M(256M) 29.302ms
[283.639s][info][gc,cpu      ] GC(580) User=0.05s Sys=0.00s Real=0.03s
[283.747s][info][gc,start    ] GC(581) Pause Young (Concurrent Start) (G1 Humongous Allocation)
[283.747s][info][gc,task     ] GC(581) Using 2 workers of 2 for evacuation
[283.770s][info][gc,phases   ] GC(581)   Pre Evacuate Collection Set: 0.16ms
[283.770s][info][gc,phases   ] GC(581)   Merge Heap Roots: 0.09ms
[283.770s][info][gc,phases   ] GC(581)   Evacuate Collection Set: 22.28ms
[283.770s][info][gc,phases   ] GC(581)   Post Evacuate Collection Set: 0.35ms
[283.770s][info][gc,phases   ] GC(581)   Other: 0.09ms
[283.770s][info][gc,heap     ] GC(581) Eden regions: 27->0(131)
[283.770s][info][gc,heap     ] GC(581) Survivor regions: 17->6(20)
[283.770s][info][gc,heap     ] GC(581) Old regions: 48->64
[283.770s][info][gc,heap     ] GC(581) Humongous regions: 3->1
[283.770s][info][gc,metaspace] GC(581) Metaspace: 42558K(43008K)->42558K(43008K) NonClass: 38219K(38464K)->38219K(38464K) Class: 4339K(4544K)->4339K(4544K)
[283.770s][info][gc          ] GC(581) Pause Young (Concurrent Start) (G1 Humongous Allocation) 93M->70M(256M) 23.148ms
[283.770s][info][gc,cpu      ] GC(581) User=0.04s Sys=0.00s Real=0.02s
[283.770s][info][gc          ] GC(582) Concurrent Mark Cycle
[283.770s][info][gc,marking  ] GC(582) Concurrent Scan Root Regions
[283.796s][info][gc,marking  ] GC(582) Concurrent Scan Root Regions 26.141ms
[283.796s][info][gc,marking  ] GC(582) Concurrent Mark
[283.796s][info][gc,marking  ] GC(582) Concurrent Mark From Roots
[283.796s][info][gc,task     ] GC(582) Using 1 workers of 1 for marking
[283.877s][info][gc,marking  ] GC(582) Concurrent Mark From Roots 80.310ms
[283.877s][info][gc,marking  ] GC(582) Concurrent Preclean
[283.877s][info][gc,marking  ] GC(582) Concurrent Preclean 0.045ms
[283.877s][info][gc,start    ] GC(582) Pause Remark
[283.893s][info][gc          ] GC(582) Pause Remark 105M->105M(256M) 15.780ms
[283.893s][info][gc,cpu      ] GC(582) User=0.03s Sys=0.00s Real=0.02s
[283.893s][info][gc,marking  ] GC(582) Concurrent Mark 96.899ms
[283.893s][info][gc,marking  ] GC(582) Concurrent Rebuild Remembered Sets and Scrub Regions
[283.947s][info][gc,marking  ] GC(582) Concurrent Rebuild Remembered Sets and Scrub Regions 54.078ms
[283.950s][info][gc,start    ] GC(582) Pause Cleanup
[283.950s][info][gc          ] GC(582) Pause Cleanup 118M->118M(256M) 0.058ms
[283.951s][info][gc,cpu      ] GC(582) User=0.00s Sys=0.00s Real=0.00s
[283.952s][info][gc,marking  ] GC(582) Concurrent Clear Claimed Marks
[283.952s][info][gc,marking  ] GC(582) Concurrent Clear Claimed Marks 0.047ms
[283.952s][info][gc,marking  ] GC(582) Concurrent Cleanup for Next Mark
[283.954s][info][gc,marking  ] GC(582) Concurrent Cleanup for Next Mark 1.879ms
[283.954s][info][gc          ] GC(582) Concurrent Mark Cycle 184.172ms
[284.308s][info][gc,start    ] GC(583) Pause Young (Prepare Mixed) (G1 Evacuation Pause)
[284.308s][info][gc,task     ] GC(583) Using 2 workers of 2 for evacuation
[284.325s][info][gc,phases   ] GC(583)   Pre Evacuate Collection Set: 0.16ms
[284.325s][info][gc,phases   ] GC(583)   Merge Heap Roots: 0.10ms
[284.325s][info][gc,phases   ] GC(583)   Evacuate Collection Set: 16.19ms
[284.325s][info][gc,phases   ] GC(583)   Post Evacuate Collection Set: 0.47ms
[284.325s][info][gc,phases   ] GC(583)   Other: 0.07ms
[284.325s][info][gc,heap     ] GC(583) Eden regions: 131->0(125)
[284.325s][info][gc,heap     ] GC(583) Survivor regions: 6->16(18)
[284.325s][info][gc,heap     ] GC(583) Old regions: 64->64
[284.325s][info][gc,heap     ] GC(583) Humongous regions: 5->3
[284.325s][info][gc,metaspace] GC(583) Metaspace: 42558K(43008K)->42558K(43008K) NonClass: 38219K(38464K)->38219K(38464K) Class: 4339K(4544K)->4339K(4544K)
[284.325s][info][gc          ] GC(583) Pause Young (Prepare Mixed) (G1 Evacuation Pause) 205M->82M(256M) 17.171ms
[284.325s][info][gc,cpu      ] GC(583) User=0.03s Sys=0.00s Real=0.02s
[284.900s][info][gc,start    ] GC(584) Pause Young (Mixed) (G1 Evacuation Pause)
[284.900s][info][gc,task     ] GC(584) Using 2 workers of 2 for evacuation
[284.915s][info][gc,phases   ] GC(584)   Pre Evacuate Collection Set: 0.22ms
[284.915s][info][gc,phases   ] GC(584)   Merge Heap Roots: 0.13ms
[284.915s][info][gc,phases   ] GC(584)   Evacuate Collection Set: 13.05ms
[284.915s][info][gc,phases   ] GC(584)   Post Evacuate Collection Set: 0.68ms
[284.915s][info][gc,phases   ] GC(584)   Other: 0.10ms
[284.915s][info][gc,heap     ] GC(584) Eden regions: 125->0(162)
[284.915s][info][gc,heap     ] GC(584) Survivor regions: 16->3(18)
[284.915s][info][gc,heap     ] GC(584) Old regions: 64->69
[284.915s][info][gc,heap     ] GC(584) Humongous regions: 13->3
[284.915s][info][gc,metaspace] GC(584) Metaspace: 42559K(43008K)->42559K(43008K) NonClass: 38220K(38464K)->38220K(38464K) Class: 4339K(4544K)->4339K(4544K)
[284.915s][info][gc          ] GC(584) Pause Young (Mixed) (G1 Evacuation Pause) 217M->74M(285M) 14.372ms
[284.915s][info][gc,cpu      ] GC(584) User=0.02s Sys=0.01s Real=0.02s
[285.075s][info][gc,start    ] GC(585) Pause Young (Concurrent Start) (G1 Humongous Allocation)
[285.075s][info][gc,task     ] GC(585) Using 2 workers of 2 for evacuation
[285.079s][info][gc,phases   ] GC(585)   Pre Evacuate Collection Set: 0.17ms
[285.079s][info][gc,phases   ] GC(585)   Merge Heap Roots: 0.04ms
[285.079s][info][gc,phases   ] GC(585)   Evacuate Collection Set: 3.04ms
[285.079s][info][gc,phases   ] GC(585)   Post Evacuate Collection Set: 0.38ms
[285.079s][info][gc,phases   ] GC(585)   Other: 0.14ms
[285.079s][info][gc,heap     ] GC(585) Eden regions: 38->0(169)
[285.079s][info][gc,heap     ] GC(585) Survivor regions: 3->2(21)
[285.079s][info][gc,heap     ] GC(585) Old regions: 69->69
[285.079s][info][gc,heap     ] GC(585) Humongous regions: 3->1
[285.079s][info][gc,metaspace] GC(585) Metaspace: 42559K(43008K)->42559K(43008K) NonClass: 38220K(38464K)->38220K(38464K) Class: 4339K(4544K)->4339K(4544K)
[285.079s][info][gc          ] GC(585) Pause Young (Concurrent Start) (G1 Humongous Allocation) 112M->72M(285M) 3.985ms
[285.079s][info][gc,cpu      ] GC(585) User=0.00s Sys=0.00s Real=0.00s
[285.081s][info][gc          ] GC(586) Concurrent Mark Cycle
[285.081s][info][gc,marking  ] GC(586) Concurrent Scan Root Regions
[285.084s][info][gc,marking  ] GC(586) Concurrent Scan Root Regions 2.939ms
[285.084s][info][gc,marking  ] GC(586) Concurrent Mark
[285.084s][info][gc,marking  ] GC(586) Concurrent Mark From Roots
[285.084s][info][gc,task     ] GC(586) Using 1 workers of 1 for marking
[285.165s][info][gc,marking  ] GC(586) Concurrent Mark From Roots 81.529ms
[285.165s][info][gc,marking  ] GC(586) Concurrent Preclean
[285.165s][info][gc,marking  ] GC(586) Concurrent Preclean 0.062ms
[285.166s][info][gc,start    ] GC(586) Pause Remark
[285.182s][info][gc          ] GC(586) Pause Remark 93M->82M(256M) 16.408ms
[285.182s][info][gc,cpu      ] GC(586) User=0.03s Sys=0.00s Real=0.02s
[285.182s][info][gc,marking  ] GC(586) Concurrent Mark 98.320ms
[285.182s][info][gc,marking  ] GC(586) Concurrent Rebuild Remembered Sets and Scrub Regions
[285.206s][info][gc,marking  ] GC(586) Concurrent Rebuild Remembered Sets and Scrub Regions 23.339ms
[285.206s][info][gc,start    ] GC(586) Pause Cleanup
[285.206s][info][gc          ] GC(586) Pause Cleanup 90M->90M(256M) 0.062ms
[285.206s][info][gc,cpu      ] GC(586) User=0.00s Sys=0.00s Real=0.00s
[285.206s][info][gc,marking  ] GC(586) Concurrent Clear Claimed Marks
[285.206s][info][gc,marking  ] GC(586) Concurrent Clear Claimed Marks 0.042ms
[285.206s][info][gc,marking  ] GC(586) Concurrent Cleanup for Next Mark
[285.207s][info][gc,marking  ] GC(586) Concurrent Cleanup for Next Mark 0.900ms
[285.207s][info][gc          ] GC(586) Concurrent Mark Cycle 125.940ms
[285.731s][info][gc,start    ] GC(587) Pause Young (Prepare Mixed) (G1 Evacuation Pause)
[285.731s][info][gc,task     ] GC(587) Using 2 workers of 2 for evacuation
[285.741s][info][gc,phases   ] GC(587)   Pre Evacuate Collection Set: 0.14ms
[285.741s][info][gc,phases   ] GC(587)   Merge Heap Roots: 0.06ms
[285.741s][info][gc,phases   ] GC(587)   Evacuate Collection Set: 9.08ms
[285.741s][info][gc,phases   ] GC(587)   Post Evacuate Collection Set: 0.40ms
[285.741s][info][gc,phases   ] GC(587)   Other: 0.07ms
[285.741s][info][gc,heap     ] GC(587) Eden regions: 151->0(143)
[285.741s][info][gc,heap     ] GC(587) Survivor regions: 2->10(20)
[285.741s][info][gc,heap     ] GC(587) Old regions: 58->58
[285.741s][info][gc,heap     ] GC(587) Humongous regions: 5->3
[285.741s][info][gc,metaspace] GC(587) Metaspace: 42559K(43008K)->42559K(43008K) NonClass: 38220K(38464K)->38220K(38464K) Class: 4339K(4544K)->4339K(4544K)
[285.741s][info][gc          ] GC(587) Pause Young (Prepare Mixed) (G1 Evacuation Pause) 216M->70M(256M) 9.924ms
[285.741s][info][gc,cpu      ] GC(587) User=0.02s Sys=0.00s Real=0.01s
[286.260s][info][gc,start    ] GC(588) Pause Young (Mixed) (G1 Evacuation Pause)
[286.260s][info][gc,task     ] GC(588) Using 2 workers of 2 for evacuation
[286.267s][info][gc,phases   ] GC(588)   Pre Evacuate Collection Set: 0.21ms
[286.267s][info][gc,phases   ] GC(588)   Merge Heap Roots: 0.07ms
[286.267s][info][gc,phases   ] GC(588)   Evacuate Collection Set: 5.79ms
[286.267s][info][gc,phases   ] GC(588)   Post Evacuate Collection Set: 0.41ms
[286.267s][info][gc,phases   ] GC(588)   Other: 0.08ms
[286.267s][info][gc,heap     ] GC(588) Eden regions: 143->0(147)
[286.267s][info][gc,heap     ] GC(588) Survivor regions: 10->6(20)
[286.267s][info][gc,heap     ] GC(588) Old regions: 58->48
[286.267s][info][gc,heap     ] GC(588) Humongous regions: 11->3
[286.267s][info][gc,metaspace] GC(588) Metaspace: 42559K(43008K)->42559K(43008K) NonClass: 38220K(38464K)->38220K(38464K) Class: 4339K(4544K)->4339K(4544K)
[286.267s][info][gc          ] GC(588) Pause Young (Mixed) (G1 Evacuation Pause) 221M->56M(256M) 6.748ms
[286.267s][info][gc,cpu      ] GC(588) User=0.01s Sys=0.00s Real=0.01s
[286.636s][info][gc,start    ] GC(589) Pause Young (Concurrent Start) (G1 Humongous Allocation)
[286.636s][info][gc,task     ] GC(589) Using 2 workers of 2 for evacuation
[286.640s][info][gc,phases   ] GC(589)   Pre Evacuate Collection Set: 0.17ms
[286.640s][info][gc,phases   ] GC(589)   Merge Heap Roots: 0.05ms
[286.640s][info][gc,phases   ] GC(589)   Evacuate Collection Set: 3.19ms
[286.640s][info][gc,phases   ] GC(589)   Post Evacuate Collection Set: 0.36ms
[286.640s][info][gc,phases   ] GC(589)   Other: 0.08ms
[286.640s][info][gc,heap     ] GC(589) Eden regions: 87->0(150)
[286.640s][info][gc,heap     ] GC(589) Survivor regions: 6->3(20)
[286.640s][info][gc,heap     ] GC(589) Old regions: 48->48
[286.640s][info][gc,heap     ] GC(589) Humongous regions: 3->1
[286.640s][info][gc,metaspace] GC(589) Metaspace: 42559K(43008K)->42559K(43008K) NonClass: 38220K(38464K)->38220K(38464K) Class: 4339K(4544K)->4339K(4544K)
[286.640s][info][gc          ] GC(589) Pause Young (Concurrent Start) (G1 Humongous Allocation) 143M->51M(256M) 4.028ms
[286.640s][info][gc,cpu      ] GC(589) User=0.01s Sys=0.00s Real=0.00s
[286.640s][info][gc          ] GC(590) Concurrent Mark Cycle
[286.640s][info][gc,marking  ] GC(590) Concurrent Scan Root Regions
[286.647s][info][gc,marking  ] GC(590) Concurrent Scan Root Regions 7.185ms
[286.647s][info][gc,marking  ] GC(590) Concurrent Mark
[286.647s][info][gc,marking  ] GC(590) Concurrent Mark From Roots
[286.647s][info][gc,task     ] GC(590) Using 1 workers of 1 for marking
[286.716s][info][gc,marking  ] GC(590) Concurrent Mark From Roots 68.587ms
[286.716s][info][gc,marking  ] GC(590) Concurrent Preclean
[286.716s][info][gc,marking  ] GC(590) Concurrent Preclean 0.042ms
[286.716s][info][gc,start    ] GC(590) Pause Remark
[286.734s][info][gc          ] GC(590) Pause Remark 71M->71M(256M) 18.367ms
[286.734s][info][gc,cpu      ] GC(590) User=0.03s Sys=0.00s Real=0.02s
[286.734s][info][gc,marking  ] GC(590) Concurrent Mark 87.283ms
[286.734s][info][gc,marking  ] GC(590) Concurrent Rebuild Remembered Sets and Scrub Regions
[286.755s][info][gc,marking  ] GC(590) Concurrent Rebuild Remembered Sets and Scrub Regions 20.781ms
[286.755s][info][gc,start    ] GC(590) Pause Cleanup
[286.755s][info][gc          ] GC(590) Pause Cleanup 77M->77M(256M) 0.042ms
[286.755s][info][gc,cpu      ] GC(590) User=0.00s Sys=0.00s Real=0.00s
[286.755s][info][gc,marking  ] GC(590) Concurrent Clear Claimed Marks
[286.755s][info][gc,marking  ] GC(590) Concurrent Clear Claimed Marks 0.039ms
[286.755s][info][gc,marking  ] GC(590) Concurrent Cleanup for Next Mark
[286.756s][info][gc,marking  ] GC(590) Concurrent Cleanup for Next Mark 0.746ms
[286.756s][info][gc          ] GC(590) Concurrent Mark Cycle 116.417ms
[287.310s][info][gc,start    ] GC(591) Pause Young (Prepare Mixed) (G1 Evacuation Pause)
[287.310s][info][gc,task     ] GC(591) Using 2 workers of 2 for evacuation
[287.317s][info][gc,phases   ] GC(591)   Pre Evacuate Collection Set: 0.15ms
[287.317s][info][gc,phases   ] GC(591)   Merge Heap Roots: 0.07ms
[287.317s][info][gc,phases   ] GC(591)   Evacuate Collection Set: 6.04ms
[287.317s][info][gc,phases   ] GC(591)   Post Evacuate Collection Set: 0.42ms
[287.317s][info][gc,phases   ] GC(591)   Other: 0.11ms
[287.317s][info][gc,heap     ] GC(591) Eden regions: 150->0(146)
[287.317s][info][gc,heap     ] GC(591) Survivor regions: 3->7(20)
[287.317s][info][gc,heap     ] GC(591) Old regions: 48->48
[287.317s][info][gc,heap     ] GC(591) Humongous regions: 9->3
[287.317s][info][gc,metaspace] GC(591) Metaspace: 42559K(43008K)->42559K(43008K) NonClass: 38220K(38464K)->38220K(38464K) Class: 4339K(4544K)->4339K(4544K)
[287.317s][info][gc          ] GC(591) Pause Young (Prepare Mixed) (G1 Evacuation Pause) 209M->57M(256M) 6.952ms
[287.317s][info][gc,cpu      ] GC(591) User=0.01s Sys=0.00s Real=0.01s
[287.740s][info][gc,start    ] GC(592) Pause Young (Mixed) (G1 Evacuation Pause)
[287.740s][info][gc,task     ] GC(592) Using 2 workers of 2 for evacuation
[287.777s][info][gc,phases   ] GC(592)   Pre Evacuate Collection Set: 0.15ms
[287.777s][info][gc,phases   ] GC(592)   Merge Heap Roots: 0.06ms
[287.777s][info][gc,phases   ] GC(592)   Evacuate Collection Set: 36.68ms
[287.777s][info][gc,phases   ] GC(592)   Post Evacuate Collection Set: 0.51ms
[287.777s][info][gc,phases   ] GC(592)   Other: 0.09ms
[287.777s][info][gc,heap     ] GC(592) Eden regions: 146->0(126)
[287.777s][info][gc,heap     ] GC(592) Survivor regions: 7->20(20)
[287.777s][info][gc,heap     ] GC(592) Old regions: 48->64
[287.777s][info][gc,heap     ] GC(592) Humongous regions: 3->3
[287.777s][info][gc,metaspace] GC(592) Metaspace: 42559K(43008K)->42559K(43008K) NonClass: 38220K(38464K)->38220K(38464K) Class: 4339K(4544K)->4339K(4544K)
[287.778s][info][gc          ] GC(592) Pause Young (Mixed) (G1 Evacuation Pause) 203M->86M(256M) 37.688ms
[287.778s][info][gc,cpu      ] GC(592) User=0.07s Sys=0.00s Real=0.04s
[288.423s][info][gc,start    ] GC(593) Pause Young (Concurrent Start) (G1 Evacuation Pause)
[288.423s][info][gc,task     ] GC(593) Using 2 workers of 2 for evacuation
[288.490s][info][gc,phases   ] GC(593)   Pre Evacuate Collection Set: 0.17ms
[288.490s][info][gc,phases   ] GC(593)   Merge Heap Roots: 0.24ms
[288.490s][info][gc,phases   ] GC(593)   Evacuate Collection Set: 65.74ms
[288.490s][info][gc,phases   ] GC(593)   Post Evacuate Collection Set: 0.50ms
[288.490s][info][gc,phases   ] GC(593)   Other: 0.09ms
[288.490s][info][gc,heap     ] GC(593) Eden regions: 126->0(99)
[288.490s][info][gc,heap     ] GC(593) Survivor regions: 20->19(19)
[288.490s][info][gc,heap     ] GC(593) Old regions: 64->96
[288.490s][info][gc,heap     ] GC(593) Humongous regions: 3->3
[288.490s][info][gc,metaspace] GC(593) Metaspace: 42560K(43008K)->42560K(43008K) NonClass: 38221K(38464K)->38221K(38464K) Class: 4339K(4544K)->4339K(4544K)
[288.490s][info][gc          ] GC(593) Pause Young (Concurrent Start) (G1 Evacuation Pause) 212M->117M(264M) 66.926ms
[288.490s][info][gc,cpu      ] GC(593) User=0.13s Sys=0.01s Real=0.06s
[288.490s][info][gc          ] GC(594) Concurrent Mark Cycle
[288.491s][info][gc,marking  ] GC(594) Concurrent Scan Root Regions
[288.594s][info][gc,marking  ] GC(594) Concurrent Scan Root Regions 102.394ms
[288.594s][info][gc,marking  ] GC(594) Concurrent Mark
[288.594s][info][gc,marking  ] GC(594) Concurrent Mark From Roots
[288.594s][info][gc,task     ] GC(594) Using 1 workers of 1 for marking
[288.786s][info][gc,marking  ] GC(594) Concurrent Mark From Roots 192.602ms
[288.787s][info][gc,marking  ] GC(594) Concurrent Preclean
[288.787s][info][gc,marking  ] GC(594) Concurrent Preclean 0.048ms
[288.787s][info][gc,start    ] GC(594) Pause Remark
[288.803s][info][gc          ] GC(594) Pause Remark 150M->150M(264M) 15.966ms
[288.803s][info][gc,cpu      ] GC(594) User=0.03s Sys=0.00s Real=0.02s
[288.803s][info][gc,marking  ] GC(594) Concurrent Mark 208.901ms
[288.803s][info][gc,marking  ] GC(594) Concurrent Rebuild Remembered Sets and Scrub Regions
[288.866s][info][gc,marking  ] GC(594) Concurrent Rebuild Remembered Sets and Scrub Regions 62.879ms
[288.866s][info][gc,start    ] GC(594) Pause Cleanup
[288.866s][info][gc          ] GC(594) Pause Cleanup 159M->159M(264M) 0.062ms
[288.866s][info][gc,cpu      ] GC(594) User=0.00s Sys=0.00s Real=0.00s
[288.866s][info][gc,marking  ] GC(594) Concurrent Clear Claimed Marks
[288.866s][info][gc,marking  ] GC(594) Concurrent Clear Claimed Marks 0.046ms
[288.866s][info][gc,marking  ] GC(594) Concurrent Cleanup for Next Mark
[288.867s][info][gc,marking  ] GC(594) Concurrent Cleanup for Next Mark 0.894ms
[288.867s][info][gc          ] GC(594) Concurrent Mark Cycle 377.128ms
[289.175s][info][gc,start    ] GC(595) Pause Young (Prepare Mixed) (G1 Evacuation Pause)
[289.175s][info][gc,task     ] GC(595) Using 2 workers of 2 for evacuation
[289.233s][info][gc,phases   ] GC(595)   Pre Evacuate Collection Set: 0.15ms
[289.233s][info][gc,phases   ] GC(595)   Merge Heap Roots: 0.44ms
[289.233s][info][gc,phases   ] GC(595)   Evacuate Collection Set: 56.88ms
[289.233s][info][gc,phases   ] GC(595)   Post Evacuate Collection Set: 0.46ms
[289.233s][info][gc,phases   ] GC(595)   Other: 0.09ms
[289.233s][info][gc,heap     ] GC(595) Eden regions: 99->0(75)
[289.233s][info][gc,heap     ] GC(595) Survivor regions: 19->15(15)
[289.233s][info][gc,heap     ] GC(595) Old regions: 96->127
[289.233s][info][gc,heap     ] GC(595) Humongous regions: 3->3
[289.233s][info][gc,metaspace] GC(595) Metaspace: 42560K(43008K)->42560K(43008K) NonClass: 38221K(38464K)->38221K(38464K) Class: 4339K(4544K)->4339K(4544K)
[289.233s][info][gc          ] GC(595) Pause Young (Prepare Mixed) (G1 Evacuation Pause) 216M->144M(264M) 58.210ms
[289.233s][info][gc,cpu      ] GC(595) User=0.12s Sys=0.00s Real=0.06s
[289.613s][info][gc,start    ] GC(596) Pause Young (Mixed) (G1 Evacuation Pause)
[289.613s][info][gc,task     ] GC(596) Using 2 workers of 2 for evacuation
[289.657s][info][gc,phases   ] GC(596)   Pre Evacuate Collection Set: 0.18ms
[289.657s][info][gc,phases   ] GC(596)   Merge Heap Roots: 0.22ms
[289.657s][info][gc,phases   ] GC(596)   Evacuate Collection Set: 42.99ms
[289.657s][info][gc,phases   ] GC(596)   Post Evacuate Collection Set: 0.40ms
[289.657s][info][gc,phases   ] GC(596)   Other: 0.06ms
[289.657s][info][gc,heap     ] GC(596) Eden regions: 75->0(60)
[289.657s][info][gc,heap     ] GC(596) Survivor regions: 15->12(12)
[289.657s][info][gc,heap     ] GC(596) Old regions: 127->149
[289.657s][info][gc,heap     ] GC(596) Humongous regions: 5->3
[289.657s][info][gc,metaspace] GC(596) Metaspace: 42560K(43008K)->42560K(43008K) NonClass: 38221K(38464K)->38221K(38464K) Class: 4339K(4544K)->4339K(4544K)
[289.657s][info][gc          ] GC(596) Pause Young (Mixed) (G1 Evacuation Pause) 221M->163M(264M) 44.113ms
[289.657s][info][gc,cpu      ] GC(596) User=0.08s Sys=0.00s Real=0.04s
[289.870s][info][gc,start    ] GC(597) Pause Young (Concurrent Start) (G1 Evacuation Pause)
[289.870s][info][gc,task     ] GC(597) Using 2 workers of 2 for evacuation
[289.900s][info][gc,phases   ] GC(597)   Pre Evacuate Collection Set: 0.18ms
[289.900s][info][gc,phases   ] GC(597)   Merge Heap Roots: 0.17ms
[289.900s][info][gc,phases   ] GC(597)   Evacuate Collection Set: 28.87ms
[289.900s][info][gc,phases   ] GC(597)   Post Evacuate Collection Set: 0.43ms
[289.900s][info][gc,phases   ] GC(597)   Other: 0.08ms
[289.900s][info][gc,heap     ] GC(597) Eden regions: 60->0(52)
[289.900s][info][gc,heap     ] GC(597) Survivor regions: 12->9(9)
[289.900s][info][gc,heap     ] GC(597) Old regions: 149->165
[289.900s][info][gc,heap     ] GC(597) Humongous regions: 3->3
[289.900s][info][gc,metaspace] GC(597) Metaspace: 42560K(43008K)->42560K(43008K) NonClass: 38221K(38464K)->38221K(38464K) Class: 4339K(4544K)->4339K(4544K)
[289.900s][info][gc          ] GC(597) Pause Young (Concurrent Start) (G1 Evacuation Pause) 223M->176M(264M) 29.917ms
[289.900s][info][gc,cpu      ] GC(597) User=0.06s Sys=0.00s Real=0.03s
[289.900s][info][gc          ] GC(598) Concurrent Mark Cycle
[289.900s][info][gc,marking  ] GC(598) Concurrent Scan Root Regions
[289.926s][info][gc,marking  ] GC(598) Concurrent Scan Root Regions 25.779ms
[289.926s][info][gc,marking  ] GC(598) Concurrent Mark
[289.926s][info][gc,marking  ] GC(598) Concurrent Mark From Roots
[289.926s][info][gc,task     ] GC(598) Using 1 workers of 1 for marking
[290.040s][info][gc,marking  ] GC(598) Concurrent Mark From Roots 114.217ms
[290.040s][info][gc,marking  ] GC(598) Concurrent Preclean
[290.040s][info][gc,marking  ] GC(598) Concurrent Preclean 0.049ms
[290.040s][info][gc,start    ] GC(598) Pause Remark
[290.057s][info][gc          ] GC(598) Pause Remark 194M->194M(295M) 16.345ms
[290.057s][info][gc,cpu      ] GC(598) User=0.03s Sys=0.00s Real=0.02s
[290.057s][info][gc,marking  ] GC(598) Concurrent Mark 130.874ms
[290.057s][info][gc,marking  ] GC(598) Concurrent Rebuild Remembered Sets and Scrub Regions
[290.147s][info][gc,marking  ] GC(598) Concurrent Rebuild Remembered Sets and Scrub Regions 90.024ms
[290.147s][info][gc,start    ] GC(598) Pause Cleanup
[290.147s][info][gc          ] GC(598) Pause Cleanup 202M->202M(295M) 0.091ms
[290.147s][info][gc,cpu      ] GC(598) User=0.00s Sys=0.00s Real=0.00s
[290.148s][info][gc,marking  ] GC(598) Concurrent Clear Claimed Marks
[290.148s][info][gc,marking  ] GC(598) Concurrent Clear Claimed Marks 0.063ms
[290.148s][info][gc,marking  ] GC(598) Concurrent Cleanup for Next Mark
[290.149s][info][gc,marking  ] GC(598) Concurrent Cleanup for Next Mark 1.243ms
[290.149s][info][gc          ] GC(598) Concurrent Mark Cycle 249.020ms
[290.384s][info][gc,start    ] GC(599) Pause Young (Prepare Mixed) (G1 Evacuation Pause)
[290.384s][info][gc,task     ] GC(599) Using 2 workers of 2 for evacuation
[290.404s][info][gc,phases   ] GC(599)   Pre Evacuate Collection Set: 0.15ms
[290.404s][info][gc,phases   ] GC(599)   Merge Heap Roots: 0.14ms
[290.404s][info][gc,phases   ] GC(599)   Evacuate Collection Set: 18.91ms
[290.404s][info][gc,phases   ] GC(599)   Post Evacuate Collection Set: 0.43ms
[290.404s][info][gc,phases   ] GC(599)   Other: 0.07ms
[290.404s][info][gc,heap     ] GC(599) Eden regions: 52->0(69)
[290.404s][info][gc,heap     ] GC(599) Survivor regions: 9->8(8)
[290.404s][info][gc,heap     ] GC(599) Old regions: 165->173
[290.404s][info][gc,heap     ] GC(599) Humongous regions: 7->3
[290.404s][info][gc,metaspace] GC(599) Metaspace: 42560K(43008K)->42560K(43008K) NonClass: 38221K(38464K)->38221K(38464K) Class: 4339K(4544K)->4339K(4544K)
[290.404s][info][gc          ] GC(599) Pause Young (Prepare Mixed) (G1 Evacuation Pause) 232M->183M(295M) 19.902ms
[290.404s][info][gc,cpu      ] GC(599) User=0.04s Sys=0.01s Real=0.02s
[290.678s][info][gc,start    ] GC(600) Pause Young (Mixed) (G1 Evacuation Pause)
[290.680s][info][gc,task     ] GC(600) Using 2 workers of 2 for evacuation
[290.703s][info][gc,phases   ] GC(600)   Pre Evacuate Collection Set: 0.23ms
[290.703s][info][gc,phases   ] GC(600)   Merge Heap Roots: 0.17ms
[290.703s][info][gc,phases   ] GC(600)   Evacuate Collection Set: 21.61ms
[290.703s][info][gc,phases   ] GC(600)   Post Evacuate Collection Set: 1.14ms
[290.703s][info][gc,phases   ] GC(600)   Other: 0.08ms
[290.703s][info][gc,heap     ] GC(600) Eden regions: 69->0(147)
[290.703s][info][gc,heap     ] GC(600) Survivor regions: 8->9(10)
[290.703s][info][gc,heap     ] GC(600) Old regions: 173->151
[290.703s][info][gc,heap     ] GC(600) Humongous regions: 3->3
[290.703s][info][gc,metaspace] GC(600) Metaspace: 42560K(43008K)->42560K(43008K) NonClass: 38221K(38464K)->38221K(38464K) Class: 4339K(4544K)->4339K(4544K)
[290.703s][info][gc          ] GC(600) Pause Young (Mixed) (G1 Evacuation Pause) 252M->163M(399M) 24.747ms
[290.703s][info][gc,cpu      ] GC(600) User=0.04s Sys=0.00s Real=0.03s
[291.288s][info][gc,start    ] GC(601) Pause Young (Mixed) (G1 Evacuation Pause)
[291.288s][info][gc,task     ] GC(601) Using 2 workers of 2 for evacuation
[291.328s][info][gc,phases   ] GC(601)   Pre Evacuate Collection Set: 0.20ms
[291.328s][info][gc,phases   ] GC(601)   Merge Heap Roots: 0.34ms
[291.328s][info][gc,phases   ] GC(601)   Evacuate Collection Set: 39.21ms
[291.328s][info][gc,phases   ] GC(601)   Post Evacuate Collection Set: 0.57ms
[291.328s][info][gc,phases   ] GC(601)   Other: 0.08ms
[291.328s][info][gc,heap     ] GC(601) Eden regions: 147->0(157)
[291.328s][info][gc,heap     ] GC(601) Survivor regions: 9->20(20)
[291.328s][info][gc,heap     ] GC(601) Old regions: 151->128
[291.328s][info][gc,heap     ] GC(601) Humongous regions: 11->3
[291.328s][info][gc,metaspace] GC(601) Metaspace: 42565K(43008K)->42565K(43008K) NonClass: 38226K(38464K)->38226K(38464K) Class: 4339K(4544K)->4339K(4544K)
[291.328s][info][gc          ] GC(601) Pause Young (Mixed) (G1 Evacuation Pause) 318M->151M(399M) 40.602ms
[291.328s][info][gc,cpu      ] GC(601) User=0.08s Sys=0.00s Real=0.04s
[291.871s][info][gc,start    ] GC(602) Pause Young (Mixed) (G1 Evacuation Pause)
[291.871s][info][gc,task     ] GC(602) Using 2 workers of 2 for evacuation
[291.929s][info][gc,phases   ] GC(602)   Pre Evacuate Collection Set: 0.20ms
[291.929s][info][gc,phases   ] GC(602)   Merge Heap Roots: 0.79ms
[291.929s][info][gc,phases   ] GC(602)   Evacuate Collection Set: 55.75ms
[291.929s][info][gc,phases   ] GC(602)   Post Evacuate Collection Set: 0.53ms
[291.929s][info][gc,phases   ] GC(602)   Other: 0.09ms
[291.929s][info][gc,heap     ] GC(602) Eden regions: 157->0(141)
[291.929s][info][gc,heap     ] GC(602) Survivor regions: 20->23(23)
[291.929s][info][gc,heap     ] GC(602) Old regions: 128->143
[291.929s][info][gc,heap     ] GC(602) Humongous regions: 5->4
[291.929s][info][gc,metaspace] GC(602) Metaspace: 42565K(43008K)->42565K(43008K) NonClass: 38226K(38464K)->38226K(38464K) Class: 4339K(4544K)->4339K(4544K)
[291.929s][info][gc          ] GC(602) Pause Young (Mixed) (G1 Evacuation Pause) 310M->169M(399M) 57.591ms
[291.929s][info][gc,cpu      ] GC(602) User=0.12s Sys=0.00s Real=0.05s
[292.412s][info][gc,start    ] GC(603) Pause Young (Normal) (G1 Evacuation Pause)
[292.412s][info][gc,task     ] GC(603) Using 2 workers of 2 for evacuation
[292.437s][info][gc,phases   ] GC(603)   Pre Evacuate Collection Set: 0.19ms
[292.437s][info][gc,phases   ] GC(603)   Merge Heap Roots: 0.11ms
[292.437s][info][gc,phases   ] GC(603)   Evacuate Collection Set: 24.03ms
[292.437s][info][gc,phases   ] GC(603)   Post Evacuate Collection Set: 0.44ms
[292.437s][info][gc,phases   ] GC(603)   Other: 0.09ms
[292.437s][info][gc,heap     ] GC(603) Eden regions: 141->0(130)
[292.437s][info][gc,heap     ] GC(603) Survivor regions: 23->21(21)
[292.437s][info][gc,heap     ] GC(603) Old regions: 143->162
[292.437s][info][gc,heap     ] GC(603) Humongous regions: 5->5
[292.437s][info][gc,metaspace] GC(603) Metaspace: 42565K(43008K)->42565K(43008K) NonClass: 38226K(38464K)->38226K(38464K) Class: 4339K(4544K)->4339K(4544K)
[292.437s][info][gc          ] GC(603) Pause Young (Normal) (G1 Evacuation Pause) 311M->187M(399M) 25.134ms
[292.437s][info][gc,cpu      ] GC(603) User=0.05s Sys=0.00s Real=0.02s
[292.555s][info][gc,start    ] GC(604) Pause Young (Concurrent Start) (G1 Humongous Allocation)
[292.555s][info][gc,task     ] GC(604) Using 2 workers of 2 for evacuation
[292.569s][info][gc,phases   ] GC(604)   Pre Evacuate Collection Set: 0.22ms
[292.569s][info][gc,phases   ] GC(604)   Merge Heap Roots: 0.13ms
[292.569s][info][gc,phases   ] GC(604)   Evacuate Collection Set: 13.42ms
[292.569s][info][gc,phases   ] GC(604)   Post Evacuate Collection Set: 0.35ms
[292.569s][info][gc,phases   ] GC(604)   Other: 0.09ms
[292.569s][info][gc,heap     ] GC(604) Eden regions: 37->0(139)
[292.569s][info][gc,heap     ] GC(604) Survivor regions: 21->3(19)
[292.569s][info][gc,heap     ] GC(604) Old regions: 162->183
[292.569s][info][gc,heap     ] GC(604) Humongous regions: 5->5
[292.569s][info][gc,metaspace] GC(604) Metaspace: 42565K(43008K)->42565K(43008K) NonClass: 38226K(38464K)->38226K(38464K) Class: 4339K(4544K)->4339K(4544K)
[292.569s][info][gc          ] GC(604) Pause Young (Concurrent Start) (G1 Humongous Allocation) 224M->190M(399M) 14.438ms
[292.569s][info][gc          ] GC(605) Concurrent Mark Cycle
[292.569s][info][gc,marking  ] GC(605) Concurrent Scan Root Regions
[292.570s][info][gc,cpu      ] GC(604) User=0.03s Sys=0.00s Real=0.01s
[292.578s][info][gc,marking  ] GC(605) Concurrent Scan Root Regions 8.707ms
[292.578s][info][gc,marking  ] GC(605) Concurrent Mark
[292.578s][info][gc,marking  ] GC(605) Concurrent Mark From Roots
[292.578s][info][gc,task     ] GC(605) Using 1 workers of 1 for marking
[292.653s][info][gc,marking  ] GC(605) Concurrent Mark From Roots 74.968ms
[292.653s][info][gc,marking  ] GC(605) Concurrent Preclean
[292.653s][info][gc,marking  ] GC(605) Concurrent Preclean 0.051ms
[292.653s][info][gc,start    ] GC(605) Pause Remark
[292.670s][info][gc          ] GC(605) Pause Remark 212M->177M(399M) 16.140ms
[292.670s][info][gc,cpu      ] GC(605) User=0.03s Sys=0.00s Real=0.01s
[292.670s][info][gc,marking  ] GC(605) Concurrent Mark 91.447ms
[292.670s][info][gc,marking  ] GC(605) Concurrent Rebuild Remembered Sets and Scrub Regions
[292.709s][info][gc,marking  ] GC(605) Concurrent Rebuild Remembered Sets and Scrub Regions 39.564ms
[292.709s][info][gc,start    ] GC(605) Pause Cleanup
[292.709s][info][gc          ] GC(605) Pause Cleanup 188M->188M(399M) 0.076ms
[292.710s][info][gc,cpu      ] GC(605) User=0.00s Sys=0.00s Real=0.00s
[292.710s][info][gc,marking  ] GC(605) Concurrent Clear Claimed Marks
[292.710s][info][gc,marking  ] GC(605) Concurrent Clear Claimed Marks 0.039ms
[292.710s][info][gc,marking  ] GC(605) Concurrent Cleanup for Next Mark
[292.712s][info][gc,marking  ] GC(605) Concurrent Cleanup for Next Mark 2.213ms
[292.712s][info][gc          ] GC(605) Concurrent Mark Cycle 142.351ms
[293.079s][info][gc,start    ] GC(606) Pause Young (Prepare Mixed) (G1 Evacuation Pause)
[293.079s][info][gc,task     ] GC(606) Using 2 workers of 2 for evacuation
[293.105s][info][gc,phases   ] GC(606)   Pre Evacuate Collection Set: 0.20ms
[293.105s][info][gc,phases   ] GC(606)   Merge Heap Roots: 0.07ms
[293.105s][info][gc,phases   ] GC(606)   Evacuate Collection Set: 24.48ms
[293.105s][info][gc,phases   ] GC(606)   Post Evacuate Collection Set: 1.10ms
[293.105s][info][gc,phases   ] GC(606)   Other: 0.07ms
[293.105s][info][gc,heap     ] GC(606) Eden regions: 139->0(140)
[293.105s][info][gc,heap     ] GC(606) Survivor regions: 3->18(18)
[293.105s][info][gc,heap     ] GC(606) Old regions: 149->159
[293.105s][info][gc,heap     ] GC(606) Humongous regions: 5->4
[293.105s][info][gc,metaspace] GC(606) Metaspace: 42565K(43008K)->42565K(43008K) NonClass: 38226K(38464K)->38226K(38464K) Class: 4339K(4544K)->4339K(4544K)
[293.105s][info][gc          ] GC(606) Pause Young (Prepare Mixed) (G1 Evacuation Pause) 295M->181M(399M) 26.155ms
[293.105s][info][gc,cpu      ] GC(606) User=0.05s Sys=0.00s Real=0.03s
[293.629s][info][gc,start    ] GC(607) Pause Young (Mixed) (G1 Evacuation Pause)
[293.630s][info][gc,task     ] GC(607) Using 2 workers of 2 for evacuation
[293.681s][info][gc,phases   ] GC(607)   Pre Evacuate Collection Set: 0.20ms
[293.681s][info][gc,phases   ] GC(607)   Merge Heap Roots: 0.16ms
[293.681s][info][gc,phases   ] GC(607)   Evacuate Collection Set: 49.81ms
[293.681s][info][gc,phases   ] GC(607)   Post Evacuate Collection Set: 0.81ms
[293.681s][info][gc,phases   ] GC(607)   Other: 0.12ms
[293.681s][info][gc,heap     ] GC(607) Eden regions: 140->0(122)
[293.681s][info][gc,heap     ] GC(607) Survivor regions: 18->20(20)
[293.681s][info][gc,heap     ] GC(607) Old regions: 159->170
[293.681s][info][gc,heap     ] GC(607) Humongous regions: 5->5
[293.681s][info][gc,metaspace] GC(607) Metaspace: 42565K(43008K)->42565K(43008K) NonClass: 38226K(38464K)->38226K(38464K) Class: 4339K(4544K)->4339K(4544K)
[293.681s][info][gc          ] GC(607) Pause Young (Mixed) (G1 Evacuation Pause) 322M->195M(423M) 51.305ms
[293.681s][info][gc,cpu      ] GC(607) User=0.10s Sys=0.00s Real=0.06s
[294.142s][info][gc,start    ] GC(608) Pause Young (Mixed) (G1 Evacuation Pause)
[294.142s][info][gc,task     ] GC(608) Using 2 workers of 2 for evacuation
[294.190s][info][gc,phases   ] GC(608)   Pre Evacuate Collection Set: 0.21ms
[294.190s][info][gc,phases   ] GC(608)   Merge Heap Roots: 0.41ms
[294.190s][info][gc,phases   ] GC(608)   Evacuate Collection Set: 46.64ms
[294.190s][info][gc,phases   ] GC(608)   Post Evacuate Collection Set: 0.43ms
[294.190s][info][gc,phases   ] GC(608)   Other: 0.08ms
[294.190s][info][gc,heap     ] GC(608) Eden regions: 122->0(116)
[294.190s][info][gc,heap     ] GC(608) Survivor regions: 20->18(18)
[294.190s][info][gc,heap     ] GC(608) Old regions: 170->186
[294.190s][info][gc,heap     ] GC(608) Humongous regions: 5->5
[294.190s][info][gc,metaspace] GC(608) Metaspace: 42566K(43008K)->42566K(43008K) NonClass: 38226K(38464K)->38226K(38464K) Class: 4339K(4544K)->4339K(4544K)
[294.190s][info][gc          ] GC(608) Pause Young (Mixed) (G1 Evacuation Pause) 317M->208M(423M) 48.010ms
[294.190s][info][gc,cpu      ] GC(608) User=0.10s Sys=0.00s Real=0.04s
[294.578s][info][gc,start    ] GC(609) Pause Young (Concurrent Start) (G1 Humongous Allocation)
[294.578s][info][gc,task     ] GC(609) Using 2 workers of 2 for evacuation
[294.626s][info][gc,phases   ] GC(609)   Pre Evacuate Collection Set: 0.23ms
[294.626s][info][gc,phases   ] GC(609)   Merge Heap Roots: 0.11ms
[294.626s][info][gc,phases   ] GC(609)   Evacuate Collection Set: 46.91ms
[294.626s][info][gc,phases   ] GC(609)   Post Evacuate Collection Set: 0.49ms
[294.626s][info][gc,phases   ] GC(609)   Other: 0.10ms
[294.626s][info][gc,heap     ] GC(609) Eden regions: 114->0(67)
[294.626s][info][gc,heap     ] GC(609) Survivor regions: 18->17(17)
[294.626s][info][gc,heap     ] GC(609) Old regions: 186->245
[294.626s][info][gc,heap     ] GC(609) Humongous regions: 5->5
[294.626s][info][gc,metaspace] GC(609) Metaspace: 42566K(43008K)->42566K(43008K) NonClass: 38226K(38464K)->38226K(38464K) Class: 4339K(4544K)->4339K(4544K)
[294.626s][info][gc          ] GC(609) Pause Young (Concurrent Start) (G1 Humongous Allocation) 322M->266M(423M) 48.052ms
[294.626s][info][gc,cpu      ] GC(609) User=0.10s Sys=0.00s Real=0.05s
[294.626s][info][gc          ] GC(610) Concurrent Mark Cycle
[294.626s][info][gc,marking  ] GC(610) Concurrent Scan Root Regions
[294.658s][info][gc,marking  ] GC(610) Concurrent Scan Root Regions 32.184ms
[294.658s][info][gc,marking  ] GC(610) Concurrent Mark
[294.658s][info][gc,marking  ] GC(610) Concurrent Mark From Roots
[294.658s][info][gc,task     ] GC(610) Using 1 workers of 1 for marking
[294.769s][info][gc,marking  ] GC(610) Concurrent Mark From Roots 111.256ms
[294.769s][info][gc,marking  ] GC(610) Concurrent Preclean
[294.769s][info][gc,marking  ] GC(610) Concurrent Preclean 0.066ms
[294.770s][info][gc,start    ] GC(610) Pause Remark
[294.786s][info][gc          ] GC(610) Pause Remark 300M->267M(423M) 16.387ms
[294.786s][info][gc,cpu      ] GC(610) User=0.04s Sys=0.00s Real=0.02s
[294.786s][info][gc,marking  ] GC(610) Concurrent Mark 128.044ms
[294.786s][info][gc,marking  ] GC(610) Concurrent Rebuild Remembered Sets and Scrub Regions
[294.879s][info][gc,marking  ] GC(610) Concurrent Rebuild Remembered Sets and Scrub Regions 92.637ms
[294.879s][info][gc,start    ] GC(610) Pause Cleanup
[294.879s][info][gc          ] GC(610) Pause Cleanup 289M->289M(423M) 0.075ms
[294.879s][info][gc,cpu      ] GC(610) User=0.00s Sys=0.00s Real=0.00s
[294.879s][info][gc,marking  ] GC(610) Concurrent Clear Claimed Marks
[294.879s][info][gc,marking  ] GC(610) Concurrent Clear Claimed Marks 0.041ms
[294.879s][info][gc,marking  ] GC(610) Concurrent Cleanup for Next Mark
[294.881s][info][gc,marking  ] GC(610) Concurrent Cleanup for Next Mark 1.501ms
[294.881s][info][gc          ] GC(610) Concurrent Mark Cycle 254.825ms
[294.936s][info][gc,start    ] GC(611) Pause Young (Prepare Mixed) (G1 Evacuation Pause)
[294.936s][info][gc,task     ] GC(611) Using 2 workers of 2 for evacuation
[294.978s][info][gc,phases   ] GC(611)   Pre Evacuate Collection Set: 0.19ms
[294.978s][info][gc,phases   ] GC(611)   Merge Heap Roots: 0.42ms
[294.978s][info][gc,phases   ] GC(611)   Evacuate Collection Set: 40.45ms
[294.978s][info][gc,phases   ] GC(611)   Post Evacuate Collection Set: 0.44ms
[294.978s][info][gc,phases   ] GC(611)   Other: 0.07ms
[294.978s][info][gc,heap     ] GC(611) Eden regions: 67->0(67)
[294.978s][info][gc,heap     ] GC(611) Survivor regions: 17->11(11)
[294.978s][info][gc,heap     ] GC(611) Old regions: 213->252
[294.978s][info][gc,heap     ] GC(611) Humongous regions: 5->5
[294.978s][info][gc,metaspace] GC(611) Metaspace: 42566K(43008K)->42566K(43008K) NonClass: 38226K(38464K)->38226K(38464K) Class: 4339K(4544K)->4339K(4544K)
[294.978s][info][gc          ] GC(611) Pause Young (Prepare Mixed) (G1 Evacuation Pause) 301M->268M(423M) 41.783ms
[294.978s][info][gc,cpu      ] GC(611) User=0.08s Sys=0.00s Real=0.04s
[295.219s][info][gc,start    ] GC(612) Pause Young (Mixed) (G1 Evacuation Pause)
[295.220s][info][gc,task     ] GC(612) Using 2 workers of 2 for evacuation
[295.270s][info][gc,phases   ] GC(612)   Pre Evacuate Collection Set: 0.25ms
[295.270s][info][gc,phases   ] GC(612)   Merge Heap Roots: 0.32ms
[295.270s][info][gc,phases   ] GC(612)   Evacuate Collection Set: 49.38ms
[295.270s][info][gc,phases   ] GC(612)   Post Evacuate Collection Set: 0.49ms
[295.270s][info][gc,phases   ] GC(612)   Other: 0.07ms
[295.270s][info][gc,heap     ] GC(612) Eden regions: 67->0(58)
[295.270s][info][gc,heap     ] GC(612) Survivor regions: 11->10(10)
[295.270s][info][gc,heap     ] GC(612) Old regions: 252->263
[295.270s][info][gc,heap     ] GC(612) Humongous regions: 5->5
[295.270s][info][gc,metaspace] GC(612) Metaspace: 42566K(43008K)->42566K(43008K) NonClass: 38226K(38464K)->38226K(38464K) Class: 4339K(4544K)->4339K(4544K)
[295.270s][info][gc          ] GC(612) Pause Young (Mixed) (G1 Evacuation Pause) 335M->277M(423M) 50.719ms
[295.270s][info][gc,cpu      ] GC(612) User=0.11s Sys=0.00s Real=0.05s
[295.504s][info][gc,start    ] GC(613) Pause Young (Mixed) (G1 Evacuation Pause)
[295.504s][info][gc,task     ] GC(613) Using 2 workers of 2 for evacuation
[295.559s][info][gc,phases   ] GC(613)   Pre Evacuate Collection Set: 0.26ms
[295.559s][info][gc,phases   ] GC(613)   Merge Heap Roots: 0.75ms
[295.559s][info][gc,phases   ] GC(613)   Evacuate Collection Set: 52.68ms
[295.559s][info][gc,phases   ] GC(613)   Post Evacuate Collection Set: 1.25ms
[295.559s][info][gc,phases   ] GC(613)   Other: 0.09ms
[295.559s][info][gc,heap     ] GC(613) Eden regions: 58->0(105)
[295.559s][info][gc,heap     ] GC(613) Survivor regions: 10->9(9)
[295.559s][info][gc,heap     ] GC(613) Old regions: 263->288
[295.559s][info][gc,heap     ] GC(613) Humongous regions: 6->6
[295.559s][info][gc,metaspace] GC(613) Metaspace: 42566K(43008K)->42566K(43008K) NonClass: 38226K(38464K)->38226K(38464K) Class: 4339K(4544K)->4339K(4544K)
[295.559s][info][gc          ] GC(613) Pause Young (Mixed) (G1 Evacuation Pause) 336M->303M(543M) 55.281ms
[295.559s][info][gc,cpu      ] GC(613) User=0.11s Sys=0.00s Real=0.05s
[296.029s][info][gc,start    ] GC(614) Pause Young (Normal) (G1 Evacuation Pause)
[296.029s][info][gc,task     ] GC(614) Using 2 workers of 2 for evacuation
[296.086s][info][gc,phases   ] GC(614)   Pre Evacuate Collection Set: 0.25ms
[296.086s][info][gc,phases   ] GC(614)   Merge Heap Roots: 0.14ms
[296.086s][info][gc,phases   ] GC(614)   Evacuate Collection Set: 56.02ms
[296.086s][info][gc,phases   ] GC(614)   Post Evacuate Collection Set: 0.50ms
[296.086s][info][gc,phases   ] GC(614)   Other: 0.07ms
[296.086s][info][gc,heap     ] GC(614) Eden regions: 105->0(71)
[296.086s][info][gc,heap     ] GC(614) Survivor regions: 9->15(15)
[296.086s][info][gc,heap     ] GC(614) Old regions: 288->347
[296.086s][info][gc,heap     ] GC(614) Humongous regions: 7->7
[296.086s][info][gc,metaspace] GC(614) Metaspace: 42566K(43008K)->42566K(43008K) NonClass: 38226K(38464K)->38226K(38464K) Class: 4339K(4544K)->4339K(4544K)
[296.086s][info][gc          ] GC(614) Pause Young (Normal) (G1 Evacuation Pause) 409M->368M(543M) 57.182ms
[296.086s][info][gc,cpu      ] GC(614) User=0.10s Sys=0.02s Real=0.06s
[296.366s][info][gc,start    ] GC(615) Pause Young (Concurrent Start) (G1 Evacuation Pause)
[296.366s][info][gc,task     ] GC(615) Using 2 workers of 2 for evacuation
[296.408s][info][gc,phases   ] GC(615)   Pre Evacuate Collection Set: 0.26ms
[296.408s][info][gc,phases   ] GC(615)   Merge Heap Roots: 0.31ms
[296.408s][info][gc,phases   ] GC(615)   Evacuate Collection Set: 41.19ms
[296.408s][info][gc,phases   ] GC(615)   Post Evacuate Collection Set: 0.43ms
[296.408s][info][gc,phases   ] GC(615)   Other: 0.10ms
[296.408s][info][gc,heap     ] GC(615) Eden regions: 71->0(60)
[296.408s][info][gc,heap     ] GC(615) Survivor regions: 15->11(11)
[296.408s][info][gc,heap     ] GC(615) Old regions: 347->383
[296.408s][info][gc,heap     ] GC(615) Humongous regions: 7->7
[296.408s][info][gc,metaspace] GC(615) Metaspace: 42566K(43008K)->42566K(43008K) NonClass: 38226K(38464K)->38226K(38464K) Class: 4339K(4544K)->4339K(4544K)
[296.408s][info][gc          ] GC(615) Pause Young (Concurrent Start) (G1 Evacuation Pause) 439M->400M(543M) 42.534ms
[296.408s][info][gc          ] GC(616) Concurrent Mark Cycle
[296.408s][info][gc,marking  ] GC(616) Concurrent Scan Root Regions
[296.410s][info][gc,cpu      ] GC(615) User=0.08s Sys=0.00s Real=0.05s
[296.428s][info][gc,marking  ] GC(616) Concurrent Scan Root Regions 19.687ms
[296.428s][info][gc,marking  ] GC(616) Concurrent Mark
[296.428s][info][gc,marking  ] GC(616) Concurrent Mark From Roots
[296.428s][info][gc,task     ] GC(616) Using 1 workers of 1 for marking
[296.541s][info][gc,marking  ] GC(616) Concurrent Mark From Roots 113.064ms
[296.541s][info][gc,marking  ] GC(616) Concurrent Preclean
[296.541s][info][gc,marking  ] GC(616) Concurrent Preclean 0.058ms
[296.542s][info][gc,start    ] GC(616) Pause Remark
[296.558s][info][gc          ] GC(616) Pause Remark 433M->297M(543M) 16.195ms
[296.558s][info][gc,cpu      ] GC(616) User=0.03s Sys=0.00s Real=0.01s
[296.558s][info][gc,marking  ] GC(616) Concurrent Mark 129.650ms
[296.558s][info][gc,marking  ] GC(616) Concurrent Rebuild Remembered Sets and Scrub Regions
[296.628s][info][gc,marking  ] GC(616) Concurrent Rebuild Remembered Sets and Scrub Regions 69.856ms
[296.628s][info][gc,start    ] GC(616) Pause Cleanup
[296.628s][info][gc          ] GC(616) Pause Cleanup 314M->314M(543M) 0.105ms
[296.628s][info][gc,cpu      ] GC(616) User=0.00s Sys=0.00s Real=0.00s
[296.628s][info][gc,marking  ] GC(616) Concurrent Clear Claimed Marks
[296.628s][info][gc,marking  ] GC(616) Concurrent Clear Claimed Marks 0.042ms
[296.628s][info][gc,marking  ] GC(616) Concurrent Cleanup for Next Mark
[296.631s][info][gc,marking  ] GC(616) Concurrent Cleanup for Next Mark 2.813ms
[296.631s][info][gc          ] GC(616) Concurrent Mark Cycle 222.494ms
[296.665s][info][gc,start    ] GC(617) Pause Young (Prepare Mixed) (G1 Evacuation Pause)
[296.665s][info][gc,task     ] GC(617) Using 2 workers of 2 for evacuation
[296.695s][info][gc,phases   ] GC(617)   Pre Evacuate Collection Set: 0.21ms
[296.695s][info][gc,phases   ] GC(617)   Merge Heap Roots: 0.30ms
[296.695s][info][gc,phases   ] GC(617)   Evacuate Collection Set: 28.27ms
[296.695s][info][gc,phases   ] GC(617)   Post Evacuate Collection Set: 0.44ms
[296.695s][info][gc,phases   ] GC(617)   Other: 0.07ms
[296.695s][info][gc,heap     ] GC(617) Eden regions: 60->0(116)
[296.695s][info][gc,heap     ] GC(617) Survivor regions: 11->9(9)
[296.695s][info][gc,heap     ] GC(617) Old regions: 250->276
[296.695s][info][gc,heap     ] GC(617) Humongous regions: 5->5
[296.695s][info][gc,metaspace] GC(617) Metaspace: 42566K(43008K)->42566K(43008K) NonClass: 38226K(38464K)->38226K(38464K) Class: 4339K(4544K)->4339K(4544K)
[296.695s][info][gc          ] GC(617) Pause Young (Prepare Mixed) (G1 Evacuation Pause) 325M->290M(543M) 29.477ms
[296.695s][info][gc,cpu      ] GC(617) User=0.06s Sys=0.00s Real=0.03s
[297.116s][info][gc,start    ] GC(618) Pause Young (Mixed) (G1 Evacuation Pause)
[297.116s][info][gc,task     ] GC(618) Using 2 workers of 2 for evacuation
[297.134s][info][gc,phases   ] GC(618)   Pre Evacuate Collection Set: 0.26ms
[297.134s][info][gc,phases   ] GC(618)   Merge Heap Roots: 0.22ms
[297.134s][info][gc,phases   ] GC(618)   Evacuate Collection Set: 17.15ms
[297.134s][info][gc,phases   ] GC(618)   Post Evacuate Collection Set: 0.49ms
[297.134s][info][gc,phases   ] GC(618)   Other: 0.08ms
[297.134s][info][gc,heap     ] GC(618) Eden regions: 116->0(153)
[297.134s][info][gc,heap     ] GC(618) Survivor regions: 9->9(16)
[297.134s][info][gc,heap     ] GC(618) Old regions: 276->226
[297.134s][info][gc,heap     ] GC(618) Humongous regions: 5->5
[297.134s][info][gc,metaspace] GC(618) Metaspace: 42566K(43008K)->42566K(43008K) NonClass: 38227K(38464K)->38227K(38464K) Class: 4339K(4544K)->4339K(4544K)
[297.134s][info][gc          ] GC(618) Pause Young (Mixed) (G1 Evacuation Pause) 406M->239M(543M) 18.391ms
[297.134s][info][gc,cpu      ] GC(618) User=0.03s Sys=0.00s Real=0.02s
[297.693s][info][gc,start    ] GC(619) Pause Young (Mixed) (G1 Evacuation Pause)
[297.693s][info][gc,task     ] GC(619) Using 2 workers of 2 for evacuation
[297.710s][info][gc,phases   ] GC(619)   Pre Evacuate Collection Set: 0.32ms
[297.710s][info][gc,phases   ] GC(619)   Merge Heap Roots: 0.43ms
[297.710s][info][gc,phases   ] GC(619)   Evacuate Collection Set: 15.45ms
[297.710s][info][gc,phases   ] GC(619)   Post Evacuate Collection Set: 0.53ms
[297.710s][info][gc,phases   ] GC(619)   Other: 0.10ms
[297.710s][info][gc,heap     ] GC(619) Eden regions: 153->0(197)
[297.710s][info][gc,heap     ] GC(619) Survivor regions: 9->10(21)
[297.710s][info][gc,heap     ] GC(619) Old regions: 226->172
[297.710s][info][gc,heap     ] GC(619) Humongous regions: 6->5
[297.710s][info][gc,metaspace] GC(619) Metaspace: 42567K(43008K)->42567K(43008K) NonClass: 38228K(38464K)->38228K(38464K) Class: 4339K(4544K)->4339K(4544K)
[297.710s][info][gc          ] GC(619) Pause Young (Mixed) (G1 Evacuation Pause) 393M->187M(543M) 17.017ms
[297.710s][info][gc,cpu      ] GC(619) User=0.04s Sys=0.00s Real=0.01s
[298.416s][info][gc,start    ] GC(620) Pause Young (Normal) (G1 Evacuation Pause)
[298.416s][info][gc,task     ] GC(620) Using 2 workers of 2 for evacuation
[298.427s][info][gc,phases   ] GC(620)   Pre Evacuate Collection Set: 0.24ms
[298.427s][info][gc,phases   ] GC(620)   Merge Heap Roots: 0.11ms
[298.427s][info][gc,phases   ] GC(620)   Evacuate Collection Set: 9.54ms
[298.427s][info][gc,phases   ] GC(620)   Post Evacuate Collection Set: 0.48ms
[298.427s][info][gc,phases   ] GC(620)   Other: 0.15ms
[298.427s][info][gc,heap     ] GC(620) Eden regions: 197->0(214)
[298.427s][info][gc,heap     ] GC(620) Survivor regions: 10->12(26)
[298.427s][info][gc,heap     ] GC(620) Old regions: 172->172
[298.427s][info][gc,heap     ] GC(620) Humongous regions: 6->5
[298.427s][info][gc,metaspace] GC(620) Metaspace: 42567K(43008K)->42567K(43008K) NonClass: 38228K(38464K)->38228K(38464K) Class: 4339K(4544K)->4339K(4544K)
[298.427s][info][gc          ] GC(620) Pause Young (Normal) (G1 Evacuation Pause) 385M->189M(543M) 10.740ms
[298.427s][info][gc,cpu      ] GC(620) User=0.02s Sys=0.01s Real=0.01s
[298.521s][info][gc,start    ] GC(621) Pause Young (Concurrent Start) (G1 Humongous Allocation)
[298.521s][info][gc,task     ] GC(621) Using 2 workers of 2 for evacuation
[298.532s][info][gc,phases   ] GC(621)   Pre Evacuate Collection Set: 0.23ms
[298.532s][info][gc,phases   ] GC(621)   Merge Heap Roots: 0.08ms
[298.532s][info][gc,phases   ] GC(621)   Evacuate Collection Set: 10.69ms
[298.532s][info][gc,phases   ] GC(621)   Post Evacuate Collection Set: 0.36ms
[298.532s][info][gc,phases   ] GC(621)   Other: 0.12ms
[298.532s][info][gc,heap     ] GC(621) Eden regions: 29->0(229)
[298.532s][info][gc,heap     ] GC(621) Survivor regions: 12->15(29)
[298.532s][info][gc,heap     ] GC(621) Old regions: 172->172
[298.532s][info][gc,heap     ] GC(621) Humongous regions: 5->5
[298.532s][info][gc,metaspace] GC(621) Metaspace: 42567K(43008K)->42567K(43008K) NonClass: 38228K(38464K)->38228K(38464K) Class: 4339K(4544K)->4339K(4544K)
[298.532s][info][gc          ] GC(621) Pause Young (Concurrent Start) (G1 Humongous Allocation) 217M->192M(543M) 11.704ms
[298.533s][info][gc,cpu      ] GC(621) User=0.02s Sys=0.00s Real=0.01s
[298.533s][info][gc          ] GC(622) Concurrent Mark Cycle
[298.533s][info][gc,marking  ] GC(622) Concurrent Scan Root Regions
[298.540s][info][gc,marking  ] GC(622) Concurrent Scan Root Regions 7.635ms
[298.540s][info][gc,marking  ] GC(622) Concurrent Mark
[298.540s][info][gc,marking  ] GC(622) Concurrent Mark From Roots
[298.540s][info][gc,task     ] GC(622) Using 1 workers of 1 for marking
[298.619s][info][gc,marking  ] GC(622) Concurrent Mark From Roots 78.969ms
[298.619s][info][gc,marking  ] GC(622) Concurrent Preclean
[298.619s][info][gc,marking  ] GC(622) Concurrent Preclean 0.050ms
[298.619s][info][gc,start    ] GC(622) Pause Remark
[298.636s][info][gc          ] GC(622) Pause Remark 215M->164M(474M) 16.062ms
[298.636s][info][gc,cpu      ] GC(622) User=0.03s Sys=0.00s Real=0.02s
[298.636s][info][gc,marking  ] GC(622) Concurrent Mark 95.419ms
[298.636s][info][gc,marking  ] GC(622) Concurrent Rebuild Remembered Sets and Scrub Regions
[298.669s][info][gc,marking  ] GC(622) Concurrent Rebuild Remembered Sets and Scrub Regions 33.086ms
[298.669s][info][gc,start    ] GC(622) Pause Cleanup
[298.669s][info][gc          ] GC(622) Pause Cleanup 174M->174M(474M) 0.073ms
[298.669s][info][gc,cpu      ] GC(622) User=0.00s Sys=0.00s Real=0.00s
[298.669s][info][gc,marking  ] GC(622) Concurrent Clear Claimed Marks
[298.669s][info][gc,marking  ] GC(622) Concurrent Clear Claimed Marks 0.039ms
[298.669s][info][gc,marking  ] GC(622) Concurrent Cleanup for Next Mark
[298.670s][info][gc,marking  ] GC(622) Concurrent Cleanup for Next Mark 1.361ms
[298.671s][info][gc          ] GC(622) Concurrent Mark Cycle 137.982ms
[299.358s][info][gc,start    ] GC(623) Pause Young (Prepare Mixed) (G1 Evacuation Pause)
[299.358s][info][gc,task     ] GC(623) Using 2 workers of 2 for evacuation
[299.371s][info][gc,phases   ] GC(623)   Pre Evacuate Collection Set: 0.33ms
[299.371s][info][gc,phases   ] GC(623)   Merge Heap Roots: 0.15ms
[299.371s][info][gc,phases   ] GC(623)   Evacuate Collection Set: 11.29ms
[299.371s][info][gc,phases   ] GC(623)   Post Evacuate Collection Set: 0.51ms
[299.371s][info][gc,phases   ] GC(623)   Other: 0.07ms
[299.371s][info][gc,heap     ] GC(623) Eden regions: 229->0(230)
[299.371s][info][gc,heap     ] GC(623) Survivor regions: 15->16(31)
[299.371s][info][gc,heap     ] GC(623) Old regions: 123->123
[299.371s][info][gc,heap     ] GC(623) Humongous regions: 6->3
[299.371s][info][gc,metaspace] GC(623) Metaspace: 42567K(43008K)->42567K(43008K) NonClass: 38228K(38464K)->38228K(38464K) Class: 4339K(4544K)->4339K(4544K)
[299.371s][info][gc          ] GC(623) Pause Young (Prepare Mixed) (G1 Evacuation Pause) 373M->142M(474M) 12.577ms
[299.371s][info][gc,cpu      ] GC(623) User=0.03s Sys=0.00s Real=0.02s
[300.168s][info][gc,start    ] GC(624) Pause Young (Mixed) (G1 Evacuation Pause)
[300.168s][info][gc,task     ] GC(624) Using 2 workers of 2 for evacuation
[300.184s][info][gc,phases   ] GC(624)   Pre Evacuate Collection Set: 0.27ms
[300.184s][info][gc,phases   ] GC(624)   Merge Heap Roots: 0.13ms
[300.184s][info][gc,phases   ] GC(624)   Evacuate Collection Set: 14.79ms
[300.184s][info][gc,phases   ] GC(624)   Post Evacuate Collection Set: 0.55ms
[300.184s][info][gc,phases   ] GC(624)   Other: 0.08ms
[300.184s][info][gc,heap     ] GC(624) Eden regions: 230->0(264)
[300.184s][info][gc,heap     ] GC(624) Survivor regions: 16->20(31)
[300.184s][info][gc,heap     ] GC(624) Old regions: 123->77
[300.184s][info][gc,heap     ] GC(624) Humongous regions: 6->3
[300.184s][info][gc,metaspace] GC(624) Metaspace: 42567K(43008K)->42567K(43008K) NonClass: 38228K(38464K)->38228K(38464K) Class: 4339K(4544K)->4339K(4544K)
[300.184s][info][gc          ] GC(624) Pause Young (Mixed) (G1 Evacuation Pause) 375M->99M(474M) 16.025ms
[300.184s][info][gc,cpu      ] GC(624) User=0.03s Sys=0.00s Real=0.02s
[301.010s][info][gc,start    ] GC(625) Pause Young (Normal) (G1 Evacuation Pause)
[301.010s][info][gc,task     ] GC(625) Using 2 workers of 2 for evacuation
[301.030s][info][gc,phases   ] GC(625)   Pre Evacuate Collection Set: 0.22ms
[301.030s][info][gc,phases   ] GC(625)   Merge Heap Roots: 0.12ms
[301.030s][info][gc,phases   ] GC(625)   Evacuate Collection Set: 18.85ms
[301.030s][info][gc,phases   ] GC(625)   Post Evacuate Collection Set: 0.56ms
[301.030s][info][gc,phases   ] GC(625)   Other: 0.08ms
[301.030s][info][gc,heap     ] GC(625) Eden regions: 264->0(262)
[301.030s][info][gc,heap     ] GC(625) Survivor regions: 20->22(36)
[301.030s][info][gc,heap     ] GC(625) Old regions: 77->83
[301.030s][info][gc,heap     ] GC(625) Humongous regions: 5->3
[301.030s][info][gc,metaspace] GC(625) Metaspace: 42569K(43008K)->42569K(43008K) NonClass: 38230K(38464K)->38230K(38464K) Class: 4339K(4544K)->4339K(4544K)
[301.030s][info][gc          ] GC(625) Pause Young (Normal) (G1 Evacuation Pause) 365M->107M(474M) 20.035ms
[301.030s][info][gc,cpu      ] GC(625) User=0.04s Sys=0.00s Real=0.02s
[301.363s][info][gc,start    ] GC(626) Pause Young (Concurrent Start) (G1 Humongous Allocation)
[301.364s][info][gc,task     ] GC(626) Using 2 workers of 2 for evacuation
[301.377s][info][gc,phases   ] GC(626)   Pre Evacuate Collection Set: 0.24ms
[301.377s][info][gc,phases   ] GC(626)   Merge Heap Roots: 0.06ms
[301.377s][info][gc,phases   ] GC(626)   Evacuate Collection Set: 12.43ms
[301.377s][info][gc,phases   ] GC(626)   Post Evacuate Collection Set: 0.42ms
[301.377s][info][gc,phases   ] GC(626)   Other: 0.09ms
[301.377s][info][gc,heap     ] GC(626) Eden regions: 103->0(282)
[301.377s][info][gc,heap     ] GC(626) Survivor regions: 22->2(36)
[301.377s][info][gc,heap     ] GC(626) Old regions: 83->103
[301.377s][info][gc,heap     ] GC(626) Humongous regions: 3->3
[301.377s][info][gc,metaspace] GC(626) Metaspace: 42570K(43008K)->42570K(43008K) NonClass: 38231K(38464K)->38231K(38464K) Class: 4339K(4544K)->4339K(4544K)
[301.377s][info][gc          ] GC(626) Pause Young (Concurrent Start) (G1 Humongous Allocation) 209M->107M(474M) 13.447ms
[301.377s][info][gc,cpu      ] GC(626) User=0.02s Sys=0.00s Real=0.01s
[301.377s][info][gc          ] GC(627) Concurrent Mark Cycle
[301.377s][info][gc,marking  ] GC(627) Concurrent Scan Root Regions
[301.389s][info][gc,marking  ] GC(627) Concurrent Scan Root Regions 12.311ms
[301.389s][info][gc,marking  ] GC(627) Concurrent Mark
[301.389s][info][gc,marking  ] GC(627) Concurrent Mark From Roots
[301.389s][info][gc,task     ] GC(627) Using 1 workers of 1 for marking
[301.459s][info][gc,marking  ] GC(627) Concurrent Mark From Roots 69.523ms
[301.459s][info][gc,marking  ] GC(627) Concurrent Preclean
[301.459s][info][gc,marking  ] GC(627) Concurrent Preclean 0.043ms
[301.459s][info][gc,start    ] GC(627) Pause Remark
[301.475s][info][gc          ] GC(627) Pause Remark 132M->120M(324M) 16.113ms
[301.475s][info][gc,cpu      ] GC(627) User=0.03s Sys=0.00s Real=0.02s
[301.475s][info][gc,marking  ] GC(627) Concurrent Mark 85.919ms
[301.475s][info][gc,marking  ] GC(627) Concurrent Rebuild Remembered Sets and Scrub Regions
[301.512s][info][gc,marking  ] GC(627) Concurrent Rebuild Remembered Sets and Scrub Regions 36.506ms
[301.512s][info][gc,start    ] GC(627) Pause Cleanup
[301.512s][info][gc          ] GC(627) Pause Cleanup 131M->131M(324M) 0.045ms
[301.512s][info][gc,cpu      ] GC(627) User=0.00s Sys=0.00s Real=0.00s
[301.512s][info][gc,marking  ] GC(627) Concurrent Clear Claimed Marks
[301.512s][info][gc,marking  ] GC(627) Concurrent Clear Claimed Marks 0.042ms
[301.512s][info][gc,marking  ] GC(627) Concurrent Cleanup for Next Mark
[301.513s][info][gc,marking  ] GC(627) Concurrent Cleanup for Next Mark 0.928ms
[301.513s][info][gc          ] GC(627) Concurrent Mark Cycle 136.081ms
[301.972s][info][gc,start    ] GC(628) Pause Young (Prepare Mixed) (G1 Evacuation Pause)
[301.972s][info][gc,task     ] GC(628) Using 2 workers of 2 for evacuation
[301.976s][info][gc,phases   ] GC(628)   Pre Evacuate Collection Set: 0.24ms
[301.976s][info][gc,phases   ] GC(628)   Merge Heap Roots: 0.08ms
[301.976s][info][gc,phases   ] GC(628)   Evacuate Collection Set: 3.05ms
[301.976s][info][gc,phases   ] GC(628)   Post Evacuate Collection Set: 0.43ms
[301.976s][info][gc,phases   ] GC(628)   Other: 0.10ms
[301.976s][info][gc,heap     ] GC(628) Eden regions: 192->0(189)
[301.976s][info][gc,heap     ] GC(628) Survivor regions: 2->3(25)
[301.976s][info][gc,heap     ] GC(628) Old regions: 91->91
[301.976s][info][gc,heap     ] GC(628) Humongous regions: 4->1
[301.976s][info][gc,metaspace] GC(628) Metaspace: 42570K(43008K)->42570K(43008K) NonClass: 38231K(38464K)->38231K(38464K) Class: 4339K(4544K)->4339K(4544K)
[301.976s][info][gc          ] GC(628) Pause Young (Prepare Mixed) (G1 Evacuation Pause) 288M->95M(324M) 4.100ms
[301.976s][info][gc,cpu      ] GC(628) User=0.01s Sys=0.00s Real=0.00s
[302.316s][info][gc,start    ] GC(629) Pause Young (Mixed) (G1 Evacuation Pause)
[302.316s][info][gc,task     ] GC(629) Using 2 workers of 2 for evacuation
[302.322s][info][gc,phases   ] GC(629)   Pre Evacuate Collection Set: 0.17ms
[302.322s][info][gc,phases   ] GC(629)   Merge Heap Roots: 0.16ms
[302.322s][info][gc,phases   ] GC(629)   Evacuate Collection Set: 5.37ms
[302.322s][info][gc,phases   ] GC(629)   Post Evacuate Collection Set: 0.49ms
[302.322s][info][gc,phases   ] GC(629)   Other: 0.08ms
[302.323s][info][gc,heap     ] GC(629) Eden regions: 189->0(189)
[302.323s][info][gc,heap     ] GC(629) Survivor regions: 3->5(24)
[302.323s][info][gc,heap     ] GC(629) Old regions: 91->85
[302.323s][info][gc,heap     ] GC(629) Humongous regions: 1->1
[302.323s][info][gc,metaspace] GC(629) Metaspace: 42580K(43008K)->42580K(43008K) NonClass: 38238K(38464K)->38238K(38464K) Class: 4341K(4544K)->4341K(4544K)
[302.323s][info][gc          ] GC(629) Pause Young (Mixed) (G1 Evacuation Pause) 284M->89M(324M) 6.494ms
[302.323s][info][gc,cpu      ] GC(629) User=0.01s Sys=0.00s Real=0.01s
[302.647s][info][gc,start    ] GC(630) Pause Young (Concurrent Start) (G1 Humongous Allocation)
[302.647s][info][gc,task     ] GC(630) Using 2 workers of 2 for evacuation
[302.652s][info][gc,phases   ] GC(630)   Pre Evacuate Collection Set: 0.18ms
[302.652s][info][gc,phases   ] GC(630)   Merge Heap Roots: 0.11ms
[302.652s][info][gc,phases   ] GC(630)   Evacuate Collection Set: 3.62ms
[302.652s][info][gc,phases   ] GC(630)   Post Evacuate Collection Set: 0.44ms
[302.652s][info][gc,phases   ] GC(630)   Other: 0.09ms
[302.652s][info][gc,heap     ] GC(630) Eden regions: 177->0(190)
[302.652s][info][gc,heap     ] GC(630) Survivor regions: 5->4(25)
[302.652s][info][gc,heap     ] GC(630) Old regions: 85->85
[302.652s][info][gc,heap     ] GC(630) Humongous regions: 1->1
[302.652s][info][gc,metaspace] GC(630) Metaspace: 42580K(43008K)->42580K(43008K) NonClass: 38238K(38464K)->38238K(38464K) Class: 4341K(4544K)->4341K(4544K)
[302.652s][info][gc          ] GC(630) Pause Young (Concurrent Start) (G1 Humongous Allocation) 266M->88M(324M) 4.658ms
[302.652s][info][gc          ] GC(631) Concurrent Mark Cycle
[302.652s][info][gc,marking  ] GC(631) Concurrent Scan Root Regions
[302.652s][info][gc,cpu      ] GC(630) User=0.01s Sys=0.00s Real=0.01s
[302.654s][info][gc,marking  ] GC(631) Concurrent Scan Root Regions 2.111ms
[302.654s][info][gc,marking  ] GC(631) Concurrent Mark
[302.654s][info][gc,marking  ] GC(631) Concurrent Mark From Roots
[302.654s][info][gc,task     ] GC(631) Using 1 workers of 1 for marking
[302.729s][info][gc,marking  ] GC(631) Concurrent Mark From Roots 75.248ms
[302.729s][info][gc,marking  ] GC(631) Concurrent Preclean
[302.729s][info][gc,marking  ] GC(631) Concurrent Preclean 0.052ms
[302.729s][info][gc,start    ] GC(631) Pause Remark
[302.745s][info][gc          ] GC(631) Pause Remark 109M->101M(280M) 16.015ms
[302.745s][info][gc,cpu      ] GC(631) User=0.03s Sys=0.00s Real=0.02s
[302.747s][info][gc,marking  ] GC(631) Concurrent Mark 93.555ms
[302.747s][info][gc,marking  ] GC(631) Concurrent Rebuild Remembered Sets and Scrub Regions
[302.781s][info][gc,marking  ] GC(631) Concurrent Rebuild Remembered Sets and Scrub Regions 33.544ms
[302.781s][info][gc,start    ] GC(631) Pause Cleanup
[302.781s][info][gc          ] GC(631) Pause Cleanup 110M->110M(280M) 0.057ms
[302.781s][info][gc,cpu      ] GC(631) User=0.00s Sys=0.00s Real=0.00s
[302.781s][info][gc,marking  ] GC(631) Concurrent Clear Claimed Marks
[302.781s][info][gc,marking  ] GC(631) Concurrent Clear Claimed Marks 0.039ms
[302.781s][info][gc,marking  ] GC(631) Concurrent Cleanup for Next Mark
[302.782s][info][gc,marking  ] GC(631) Concurrent Cleanup for Next Mark 0.816ms
[302.782s][info][gc          ] GC(631) Concurrent Mark Cycle 130.410ms
[303.152s][info][gc,start    ] GC(632) Pause Young (Prepare Mixed) (G1 Evacuation Pause)
[303.152s][info][gc,task     ] GC(632) Using 2 workers of 2 for evacuation
[303.167s][info][gc,phases   ] GC(632)   Pre Evacuate Collection Set: 0.21ms
[303.167s][info][gc,phases   ] GC(632)   Merge Heap Roots: 0.10ms
[303.167s][info][gc,phases   ] GC(632)   Evacuate Collection Set: 13.41ms
[303.167s][info][gc,phases   ] GC(632)   Post Evacuate Collection Set: 0.82ms
[303.167s][info][gc,phases   ] GC(632)   Other: 0.08ms
[303.167s][info][gc,heap     ] GC(632) Eden regions: 72->0(210)
[303.167s][info][gc,heap     ] GC(632) Survivor regions: 4->8(26)
[303.167s][info][gc,heap     ] GC(632) Old regions: 77->77
[303.167s][info][gc,heap     ] GC(632) Humongous regions: 203->3
[303.167s][info][gc,metaspace] GC(632) Metaspace: 42581K(43008K)->42581K(43008K) NonClass: 38240K(38464K)->38240K(38464K) Class: 4341K(4544K)->4341K(4544K)
[303.167s][info][gc          ] GC(632) Pause Young (Prepare Mixed) (G1 Evacuation Pause) 354M->87M(364M) 14.819ms
[303.167s][info][gc,cpu      ] GC(632) User=0.02s Sys=0.01s Real=0.01s
[303.649s][info][gc,start    ] GC(633) Pause Young (Mixed) (G1 Evacuation Pause)
[303.649s][info][gc,task     ] GC(633) Using 2 workers of 2 for evacuation
[303.677s][info][gc,phases   ] GC(633)   Pre Evacuate Collection Set: 0.34ms
[303.677s][info][gc,phases   ] GC(633)   Merge Heap Roots: 0.40ms
[303.677s][info][gc,phases   ] GC(633)   Evacuate Collection Set: 25.51ms
[303.677s][info][gc,phases   ] GC(633)   Post Evacuate Collection Set: 1.30ms
[303.677s][info][gc,phases   ] GC(633)   Other: 0.07ms
[303.677s][info][gc,heap     ] GC(633) Eden regions: 48->0(263)
[303.677s][info][gc,heap     ] GC(633) Survivor regions: 8->11(31)
[303.677s][info][gc,heap     ] GC(633) Old regions: 77->55
[303.677s][info][gc,heap     ] GC(633) Humongous regions: 309->3
[303.677s][info][gc,metaspace] GC(633) Metaspace: 42581K(43008K)->42581K(43008K) NonClass: 38240K(38464K)->38240K(38464K) Class: 4341K(4544K)->4341K(4544K)
[303.677s][info][gc          ] GC(633) Pause Young (Mixed) (G1 Evacuation Pause) 441M->67M(457M) 27.878ms
[303.677s][info][gc,cpu      ] GC(633) User=0.05s Sys=0.00s Real=0.03s
[303.763s][info][gc,start    ] GC(634) Pause Young (Concurrent Start) (G1 Humongous Allocation)
[303.763s][info][gc,task     ] GC(634) Using 2 workers of 2 for evacuation
[303.775s][info][gc,phases   ] GC(634)   Pre Evacuate Collection Set: 0.29ms
[303.775s][info][gc,phases   ] GC(634)   Merge Heap Roots: 0.13ms
[303.775s][info][gc,phases   ] GC(634)   Evacuate Collection Set: 11.19ms
[303.775s][info][gc,phases   ] GC(634)   Post Evacuate Collection Set: 0.61ms
[303.775s][info][gc,phases   ] GC(634)   Other: 0.17ms
[303.775s][info][gc,heap     ] GC(634) Eden regions: 11->0(262)
[303.775s][info][gc,heap     ] GC(634) Survivor regions: 11->12(35)
[303.775s][info][gc,heap     ] GC(634) Old regions: 55->55
[303.775s][info][gc,heap     ] GC(634) Humongous regions: 57->1
[303.775s][info][gc,metaspace] GC(634) Metaspace: 42581K(43008K)->42581K(43008K) NonClass: 38240K(38464K)->38240K(38464K) Class: 4341K(4544K)->4341K(4544K)
[303.776s][info][gc          ] GC(634) Pause Young (Concurrent Start) (G1 Humongous Allocation) 131M->67M(457M) 12.596ms
[303.776s][info][gc,cpu      ] GC(634) User=0.02s Sys=0.00s Real=0.01s
[303.776s][info][gc          ] GC(635) Concurrent Undo Cycle
[303.776s][info][gc,marking  ] GC(635) Concurrent Clear Claimed Marks
[303.776s][info][gc,marking  ] GC(635) Concurrent Clear Claimed Marks 0.040ms
[303.776s][info][gc,marking  ] GC(635) Concurrent Cleanup for Next Mark
[303.776s][info][gc,marking  ] GC(635) Concurrent Cleanup for Next Mark 0.212ms
[303.776s][info][gc          ] GC(635) Concurrent Undo Cycle 0.325ms
[303.787s][info][gc,start    ] GC(636) Pause Young (Concurrent Start) (G1 Humongous Allocation)
[303.787s][info][gc,task     ] GC(636) Using 2 workers of 2 for evacuation
[303.799s][info][gc,phases   ] GC(636)   Pre Evacuate Collection Set: 0.20ms
[303.799s][info][gc,phases   ] GC(636)   Merge Heap Roots: 0.06ms
[303.799s][info][gc,phases   ] GC(636)   Evacuate Collection Set: 11.14ms
[303.799s][info][gc,phases   ] GC(636)   Post Evacuate Collection Set: 0.58ms
[303.799s][info][gc,phases   ] GC(636)   Other: 0.10ms
[303.799s][info][gc,heap     ] GC(636) Eden regions: 2->0(250)
[303.799s][info][gc,heap     ] GC(636) Survivor regions: 12->13(35)
[303.799s][info][gc,heap     ] GC(636) Old regions: 55->55
[303.799s][info][gc,heap     ] GC(636) Humongous regions: 5->1
[303.799s][info][gc,metaspace] GC(636) Metaspace: 42581K(43008K)->42581K(43008K) NonClass: 38240K(38464K)->38240K(38464K) Class: 4341K(4544K)->4341K(4544K)
[303.799s][info][gc          ] GC(636) Pause Young (Concurrent Start) (G1 Humongous Allocation) 72M->67M(457M) 12.264ms
[303.799s][info][gc,cpu      ] GC(636) User=0.03s Sys=0.00s Real=0.01s
[303.799s][info][gc          ] GC(637) Concurrent Undo Cycle
[303.799s][info][gc,marking  ] GC(637) Concurrent Clear Claimed Marks
[303.799s][info][gc,marking  ] GC(637) Concurrent Clear Claimed Marks 0.035ms
[303.799s][info][gc,marking  ] GC(637) Concurrent Cleanup for Next Mark
[303.799s][info][gc,marking  ] GC(637) Concurrent Cleanup for Next Mark 0.183ms
[303.799s][info][gc          ] GC(637) Concurrent Undo Cycle 0.291ms
[303.824s][info][gc,start    ] GC(638) Pause Young (Concurrent Start) (G1 Humongous Allocation)
[303.824s][info][gc,task     ] GC(638) Using 2 workers of 2 for evacuation
[303.836s][info][gc,phases   ] GC(638)   Pre Evacuate Collection Set: 0.24ms
[303.836s][info][gc,phases   ] GC(638)   Merge Heap Roots: 0.08ms
[303.836s][info][gc,phases   ] GC(638)   Evacuate Collection Set: 10.84ms
[303.836s][info][gc,phases   ] GC(638)   Post Evacuate Collection Set: 0.67ms
[303.836s][info][gc,phases   ] GC(638)   Other: 0.11ms
[303.836s][info][gc,heap     ] GC(638) Eden regions: 3->0(261)
[303.836s][info][gc,heap     ] GC(638) Survivor regions: 13->13(33)
[303.836s][info][gc,heap     ] GC(638) Old regions: 55->55
[303.836s][info][gc,heap     ] GC(638) Humongous regions: 19->1
[303.836s][info][gc,metaspace] GC(638) Metaspace: 42581K(43008K)->42581K(43008K) NonClass: 38240K(38464K)->38240K(38464K) Class: 4341K(4544K)->4341K(4544K)
[303.836s][info][gc          ] GC(638) Pause Young (Concurrent Start) (G1 Humongous Allocation) 88M->67M(457M) 12.163ms
[303.836s][info][gc,cpu      ] GC(638) User=0.02s Sys=0.00s Real=0.01s
[303.836s][info][gc          ] GC(639) Concurrent Undo Cycle
[303.836s][info][gc,marking  ] GC(639) Concurrent Clear Claimed Marks
[303.836s][info][gc,marking  ] GC(639) Concurrent Clear Claimed Marks 0.039ms
[303.836s][info][gc,marking  ] GC(639) Concurrent Cleanup for Next Mark
[303.836s][info][gc,marking  ] GC(639) Concurrent Cleanup for Next Mark 0.183ms
[303.837s][info][gc          ] GC(639) Concurrent Undo Cycle 0.302ms
[303.856s][info][gc,start    ] GC(640) Pause Young (Concurrent Start) (G1 Humongous Allocation)
[303.856s][info][gc,task     ] GC(640) Using 2 workers of 2 for evacuation
[303.868s][info][gc,phases   ] GC(640)   Pre Evacuate Collection Set: 0.21ms
[303.868s][info][gc,phases   ] GC(640)   Merge Heap Roots: 0.07ms
[303.868s][info][gc,phases   ] GC(640)   Evacuate Collection Set: 11.09ms
[303.868s][info][gc,phases   ] GC(640)   Post Evacuate Collection Set: 0.68ms
[303.868s][info][gc,phases   ] GC(640)   Other: 0.10ms
[303.868s][info][gc,heap     ] GC(640) Eden regions: 2->0(255)
[303.868s][info][gc,heap     ] GC(640) Survivor regions: 13->13(35)
[303.868s][info][gc,heap     ] GC(640) Old regions: 55->55
[303.868s][info][gc,heap     ] GC(640) Humongous regions: 11->1
[303.868s][info][gc,metaspace] GC(640) Metaspace: 42581K(43008K)->42581K(43008K) NonClass: 38240K(38464K)->38240K(38464K) Class: 4341K(4544K)->4341K(4544K)
[303.868s][info][gc          ] GC(640) Pause Young (Concurrent Start) (G1 Humongous Allocation) 79M->68M(457M) 12.349ms
[303.868s][info][gc,cpu      ] GC(640) User=0.02s Sys=0.00s Real=0.01s
[303.868s][info][gc          ] GC(641) Concurrent Undo Cycle
[303.868s][info][gc,marking  ] GC(641) Concurrent Clear Claimed Marks
[303.868s][info][gc,marking  ] GC(641) Concurrent Clear Claimed Marks 0.040ms
[303.868s][info][gc,marking  ] GC(641) Concurrent Cleanup for Next Mark
[303.868s][info][gc,marking  ] GC(641) Concurrent Cleanup for Next Mark 0.185ms
[303.868s][info][gc          ] GC(641) Concurrent Undo Cycle 0.304ms
[303.902s][info][gc,start    ] GC(642) Pause Young (Concurrent Start) (G1 Humongous Allocation)
[303.902s][info][gc,task     ] GC(642) Using 2 workers of 2 for evacuation
[303.915s][info][gc,phases   ] GC(642)   Pre Evacuate Collection Set: 0.25ms
[303.915s][info][gc,phases   ] GC(642)   Merge Heap Roots: 0.07ms
[303.915s][info][gc,phases   ] GC(642)   Evacuate Collection Set: 11.42ms
[303.915s][info][gc,phases   ] GC(642)   Post Evacuate Collection Set: 1.79ms
[303.915s][info][gc,phases   ] GC(642)   Other: 0.14ms
[303.915s][info][gc,heap     ] GC(642) Eden regions: 4->0(384)
[303.915s][info][gc,heap     ] GC(642) Survivor regions: 13->13(34)
[303.915s][info][gc,heap     ] GC(642) Old regions: 55->55
[303.915s][info][gc,heap     ] GC(642) Humongous regions: 21->1
[303.915s][info][gc,metaspace] GC(642) Metaspace: 42581K(43008K)->42581K(43008K) NonClass: 38240K(38464K)->38240K(38464K) Class: 4341K(4544K)->4341K(4544K)
[303.915s][info][gc          ] GC(642) Pause Young (Concurrent Start) (G1 Humongous Allocation) 92M->68M(662M) 13.896ms
[303.916s][info][gc,cpu      ] GC(642) User=0.02s Sys=0.00s Real=0.01s
[303.916s][info][gc          ] GC(643) Concurrent Undo Cycle
[303.916s][info][gc,marking  ] GC(643) Concurrent Clear Claimed Marks
[303.916s][info][gc,marking  ] GC(643) Concurrent Clear Claimed Marks 0.038ms
[303.916s][info][gc,marking  ] GC(643) Concurrent Cleanup for Next Mark
[303.916s][info][gc,marking  ] GC(643) Concurrent Cleanup for Next Mark 0.275ms
[303.916s][info][gc          ] GC(643) Concurrent Undo Cycle 0.354ms
[304.055s][info][gc,start    ] GC(644) Pause Young (Concurrent Start) (G1 Humongous Allocation)
[304.055s][info][gc,task     ] GC(644) Using 2 workers of 2 for evacuation
[304.076s][info][gc,phases   ] GC(644)   Pre Evacuate Collection Set: 0.27ms
[304.076s][info][gc,phases   ] GC(644)   Merge Heap Roots: 0.07ms
[304.076s][info][gc,phases   ] GC(644)   Evacuate Collection Set: 19.67ms
[304.076s][info][gc,phases   ] GC(644)   Post Evacuate Collection Set: 0.66ms
[304.076s][info][gc,phases   ] GC(644)   Other: 0.13ms
[304.076s][info][gc,heap     ] GC(644) Eden regions: 17->0(353)
[304.076s][info][gc,heap     ] GC(644) Survivor regions: 13->16(50)
[304.076s][info][gc,heap     ] GC(644) Old regions: 55->55
[304.076s][info][gc,heap     ] GC(644) Humongous regions: 89->1
[304.076s][info][gc,metaspace] GC(644) Metaspace: 42581K(43008K)->42581K(43008K) NonClass: 38240K(38464K)->38240K(38464K) Class: 4341K(4544K)->4341K(4544K)
[304.076s][info][gc          ] GC(644) Pause Young (Concurrent Start) (G1 Humongous Allocation) 172M->70M(662M) 21.069ms
[304.076s][info][gc,cpu      ] GC(644) User=0.03s Sys=0.01s Real=0.02s
[304.076s][info][gc          ] GC(645) Concurrent Undo Cycle
[304.076s][info][gc,marking  ] GC(645) Concurrent Clear Claimed Marks
[304.077s][info][gc,marking  ] GC(645) Concurrent Clear Claimed Marks 0.040ms
[304.077s][info][gc,marking  ] GC(645) Concurrent Cleanup for Next Mark
[304.078s][info][gc,marking  ] GC(645) Concurrent Cleanup for Next Mark 1.882ms
[304.078s][info][gc          ] GC(645) Concurrent Undo Cycle 2.005ms
[304.262s][info][gc,start    ] GC(646) Pause Young (Concurrent Start) (G1 Humongous Allocation)
[304.262s][info][gc,task     ] GC(646) Using 2 workers of 2 for evacuation
[304.285s][info][gc,phases   ] GC(646)   Pre Evacuate Collection Set: 0.30ms
[304.286s][info][gc,phases   ] GC(646)   Merge Heap Roots: 0.08ms
[304.286s][info][gc,phases   ] GC(646)   Evacuate Collection Set: 22.31ms
[304.286s][info][gc,phases   ] GC(646)   Post Evacuate Collection Set: 0.54ms
[304.286s][info][gc,phases   ] GC(646)   Other: 0.11ms
[304.286s][info][gc,heap     ] GC(646) Eden regions: 21->0(379)
[304.286s][info][gc,heap     ] GC(646) Survivor regions: 16->18(47)
[304.286s][info][gc,heap     ] GC(646) Old regions: 55->55
[304.286s][info][gc,heap     ] GC(646) Humongous regions: 121->1
[304.286s][info][gc,metaspace] GC(646) Metaspace: 42581K(43008K)->42581K(43008K) NonClass: 38240K(38464K)->38240K(38464K) Class: 4341K(4544K)->4341K(4544K)
[304.286s][info][gc          ] GC(646) Pause Young (Concurrent Start) (G1 Humongous Allocation) 211M->72M(662M) 23.559ms
[304.286s][info][gc,cpu      ] GC(646) User=0.04s Sys=0.01s Real=0.02s
[304.286s][info][gc          ] GC(647) Concurrent Undo Cycle
[304.286s][info][gc,marking  ] GC(647) Concurrent Clear Claimed Marks
[304.286s][info][gc,marking  ] GC(647) Concurrent Clear Claimed Marks 0.039ms
[304.286s][info][gc,marking  ] GC(647) Concurrent Cleanup for Next Mark
[304.286s][info][gc,marking  ] GC(647) Concurrent Cleanup for Next Mark 0.140ms
[304.286s][info][gc          ] GC(647) Concurrent Undo Cycle 0.225ms
[304.443s][info][gc,start    ] GC(648) Pause Young (Concurrent Start) (G1 Humongous Allocation)
[304.443s][info][gc,task     ] GC(648) Using 2 workers of 2 for evacuation
[304.465s][info][gc,phases   ] GC(648)   Pre Evacuate Collection Set: 0.27ms
[304.465s][info][gc,phases   ] GC(648)   Merge Heap Roots: 0.08ms
[304.465s][info][gc,phases   ] GC(648)   Evacuate Collection Set: 21.18ms
[304.465s][info][gc,phases   ] GC(648)   Post Evacuate Collection Set: 0.81ms
[304.465s][info][gc,phases   ] GC(648)   Other: 0.09ms
[304.465s][info][gc,heap     ] GC(648) Eden regions: 20->0(343)
[304.465s][info][gc,heap     ] GC(648) Survivor regions: 18->21(50)
[304.465s][info][gc,heap     ] GC(648) Old regions: 55->55
[304.465s][info][gc,heap     ] GC(648) Humongous regions: 95->1
[304.465s][info][gc,metaspace] GC(648) Metaspace: 42581K(43008K)->42581K(43008K) NonClass: 38240K(38464K)->38240K(38464K) Class: 4341K(4544K)->4341K(4544K)
[304.465s][info][gc          ] GC(648) Pause Young (Concurrent Start) (G1 Humongous Allocation) 186M->75M(662M) 22.677ms
[304.466s][info][gc,cpu      ] GC(648) User=0.04s Sys=0.01s Real=0.02s
[304.466s][info][gc          ] GC(649) Concurrent Undo Cycle
[304.466s][info][gc,marking  ] GC(649) Concurrent Clear Claimed Marks
[304.466s][info][gc,marking  ] GC(649) Concurrent Clear Claimed Marks 0.039ms
[304.466s][info][gc,marking  ] GC(649) Concurrent Cleanup for Next Mark
[304.466s][info][gc,marking  ] GC(649) Concurrent Cleanup for Next Mark 0.117ms
[304.466s][info][gc          ] GC(649) Concurrent Undo Cycle 0.196ms
[304.673s][info][gc,start    ] GC(650) Pause Young (Concurrent Start) (G1 Humongous Allocation)
[304.673s][info][gc,task     ] GC(650) Using 2 workers of 2 for evacuation
[304.702s][info][gc,phases   ] GC(650)   Pre Evacuate Collection Set: 0.31ms
[304.702s][info][gc,phases   ] GC(650)   Merge Heap Roots: 0.09ms
[304.702s][info][gc,phases   ] GC(650)   Evacuate Collection Set: 27.25ms
[304.702s][info][gc,phases   ] GC(650)   Post Evacuate Collection Set: 1.14ms
[304.702s][info][gc,phases   ] GC(650)   Other: 0.10ms
[304.702s][info][gc,heap     ] GC(650) Eden regions: 25->0(409)
[304.702s][info][gc,heap     ] GC(650) Survivor regions: 21->25(46)
[304.702s][info][gc,heap     ] GC(650) Old regions: 55->55
[304.702s][info][gc,heap     ] GC(650) Humongous regions: 131->1
[304.702s][info][gc,metaspace] GC(650) Metaspace: 42581K(43008K)->42581K(43008K) NonClass: 38240K(38464K)->38240K(38464K) Class: 4341K(4544K)->4341K(4544K)
[304.702s][info][gc          ] GC(650) Pause Young (Concurrent Start) (G1 Humongous Allocation) 230M->79M(726M) 29.102ms
[304.702s][info][gc,cpu      ] GC(650) User=0.05s Sys=0.02s Real=0.03s
[304.702s][info][gc          ] GC(651) Concurrent Undo Cycle
[304.702s][info][gc,marking  ] GC(651) Concurrent Clear Claimed Marks
[304.702s][info][gc,marking  ] GC(651) Concurrent Clear Claimed Marks 0.038ms
[304.702s][info][gc,marking  ] GC(651) Concurrent Cleanup for Next Mark
[304.702s][info][gc,marking  ] GC(651) Concurrent Cleanup for Next Mark 0.143ms
[304.702s][info][gc          ] GC(651) Concurrent Undo Cycle 0.222ms
[304.935s][info][gc,start    ] GC(652) Pause Young (Concurrent Start) (G1 Humongous Allocation)
[304.935s][info][gc,task     ] GC(652) Using 2 workers of 2 for evacuation
[304.974s][info][gc,phases   ] GC(652)   Pre Evacuate Collection Set: 0.29ms
[304.974s][info][gc,phases   ] GC(652)   Merge Heap Roots: 0.08ms
[304.974s][info][gc,phases   ] GC(652)   Evacuate Collection Set: 38.30ms
[304.974s][info][gc,phases   ] GC(652)   Post Evacuate Collection Set: 0.58ms
[304.974s][info][gc,phases   ] GC(652)   Other: 0.13ms
[304.974s][info][gc,heap     ] GC(652) Eden regions: 29->0(385)
[304.974s][info][gc,heap     ] GC(652) Survivor regions: 25->29(55)
[304.974s][info][gc,heap     ] GC(652) Old regions: 55->56
[304.974s][info][gc,heap     ] GC(652) Humongous regions: 125->1
[304.974s][info][gc,metaspace] GC(652) Metaspace: 42581K(43008K)->42581K(43008K) NonClass: 38240K(38464K)->38240K(38464K) Class: 4341K(4544K)->4341K(4544K)
[304.974s][info][gc          ] GC(652) Pause Young (Concurrent Start) (G1 Humongous Allocation) 232M->83M(726M) 39.618ms
[304.974s][info][gc,cpu      ] GC(652) User=0.06s Sys=0.02s Real=0.04s
[304.974s][info][gc          ] GC(653) Concurrent Undo Cycle
[304.974s][info][gc,marking  ] GC(653) Concurrent Clear Claimed Marks
[304.975s][info][gc,marking  ] GC(653) Concurrent Clear Claimed Marks 0.039ms
[304.975s][info][gc,marking  ] GC(653) Concurrent Cleanup for Next Mark
[304.975s][info][gc,marking  ] GC(653) Concurrent Cleanup for Next Mark 0.889ms
[304.975s][info][gc          ] GC(653) Concurrent Undo Cycle 0.996ms
[305.199s][info][gc,start    ] GC(654) Pause Young (Concurrent Start) (G1 Humongous Allocation)
[305.199s][info][gc,task     ] GC(654) Using 2 workers of 2 for evacuation
[305.239s][info][gc,phases   ] GC(654)   Pre Evacuate Collection Set: 0.39ms
[305.239s][info][gc,phases   ] GC(654)   Merge Heap Roots: 0.08ms
[305.239s][info][gc,phases   ] GC(654)   Evacuate Collection Set: 38.44ms
[305.239s][info][gc,phases   ] GC(654)   Post Evacuate Collection Set: 0.78ms
[305.239s][info][gc,phases   ] GC(654)   Other: 0.18ms
[305.239s][info][gc,heap     ] GC(654) Eden regions: 29->0(405)
[305.239s][info][gc,heap     ] GC(654) Survivor regions: 29->30(52)
[305.239s][info][gc,heap     ] GC(654) Old regions: 56->58
[305.239s][info][gc,heap     ] GC(654) Humongous regions: 147->1
[305.239s][info][gc,metaspace] GC(654) Metaspace: 42581K(43008K)->42581K(43008K) NonClass: 38240K(38464K)->38240K(38464K) Class: 4341K(4544K)->4341K(4544K)
[305.239s][info][gc          ] GC(654) Pause Young (Concurrent Start) (G1 Humongous Allocation) 258M->87M(726M) 40.099ms
[305.239s][info][gc,cpu      ] GC(654) User=0.07s Sys=0.02s Real=0.04s
[305.239s][info][gc          ] GC(655) Concurrent Undo Cycle
[305.239s][info][gc,marking  ] GC(655) Concurrent Clear Claimed Marks
[305.239s][info][gc,marking  ] GC(655) Concurrent Clear Claimed Marks 0.058ms
[305.239s][info][gc,marking  ] GC(655) Concurrent Cleanup for Next Mark
[305.240s][info][gc,marking  ] GC(655) Concurrent Cleanup for Next Mark 0.195ms
[305.240s][info][gc          ] GC(655) Concurrent Undo Cycle 0.333ms
[306.539s][info][gc,start    ] GC(656) Pause Young (Normal) (G1 Evacuation Pause)
[306.539s][info][gc,task     ] GC(656) Using 2 workers of 2 for evacuation
[306.549s][info][gc,phases   ] GC(656)   Pre Evacuate Collection Set: 0.30ms
[306.549s][info][gc,phases   ] GC(656)   Merge Heap Roots: 0.11ms
[306.549s][info][gc,phases   ] GC(656)   Evacuate Collection Set: 8.17ms
[306.549s][info][gc,phases   ] GC(656)   Post Evacuate Collection Set: 0.70ms
[306.549s][info][gc,phases   ] GC(656)   Other: 0.16ms
[306.549s][info][gc,heap     ] GC(656) Eden regions: 405->0(417)
[306.549s][info][gc,heap     ] GC(656) Survivor regions: 30->9(55)
[306.549s][info][gc,heap     ] GC(656) Old regions: 58->60
[306.549s][info][gc,heap     ] GC(656) Humongous regions: 69->1
[306.549s][info][gc,metaspace] GC(656) Metaspace: 42601K(43072K)->42601K(43072K) NonClass: 38259K(38528K)->38259K(38528K) Class: 4341K(4544K)->4341K(4544K)
[306.549s][info][gc          ] GC(656) Pause Young (Normal) (G1 Evacuation Pause) 560M->68M(726M) 9.633ms
[306.549s][info][gc,cpu      ] GC(656) User=0.02s Sys=0.00s Real=0.01s
[307.550s][info][gc,start    ] GC(657) Pause Young (Normal) (G1 Evacuation Pause)
[307.550s][info][gc,task     ] GC(657) Using 2 workers of 2 for evacuation
[307.557s][info][gc,phases   ] GC(657)   Pre Evacuate Collection Set: 0.27ms
[307.557s][info][gc,phases   ] GC(657)   Merge Heap Roots: 0.12ms
[307.557s][info][gc,phases   ] GC(657)   Evacuate Collection Set: 5.96ms
[307.557s][info][gc,phases   ] GC(657)   Post Evacuate Collection Set: 0.64ms
[307.557s][info][gc,phases   ] GC(657)   Other: 0.12ms
[307.557s][info][gc,heap     ] GC(657) Eden regions: 417->0(426)
[307.557s][info][gc,heap     ] GC(657) Survivor regions: 9->9(54)
[307.557s][info][gc,heap     ] GC(657) Old regions: 60->60
[307.557s][info][gc,heap     ] GC(657) Humongous regions: 1->1
[307.557s][info][gc,metaspace] GC(657) Metaspace: 42602K(43072K)->42602K(43072K) NonClass: 38260K(38528K)->38260K(38528K) Class: 4341K(4544K)->4341K(4544K)
[307.557s][info][gc          ] GC(657) Pause Young (Normal) (G1 Evacuation Pause) 485M->68M(726M) 7.291ms
[307.557s][info][gc,cpu      ] GC(657) User=0.01s Sys=0.00s Real=0.01s
[308.687s][info][gc,start    ] GC(658) Pause Young (Normal) (G1 Evacuation Pause)
[308.687s][info][gc,task     ] GC(658) Using 2 workers of 2 for evacuation
[308.693s][info][gc,phases   ] GC(658)   Pre Evacuate Collection Set: 0.24ms
[308.693s][info][gc,phases   ] GC(658)   Merge Heap Roots: 0.11ms
[308.693s][info][gc,phases   ] GC(658)   Evacuate Collection Set: 5.25ms
[308.693s][info][gc,phases   ] GC(658)   Post Evacuate Collection Set: 0.62ms
[308.693s][info][gc,phases   ] GC(658)   Other: 0.12ms
[308.693s][info][gc,heap     ] GC(658) Eden regions: 426->0(425)
[308.693s][info][gc,heap     ] GC(658) Survivor regions: 9->10(55)
[308.693s][info][gc,heap     ] GC(658) Old regions: 60->60
[308.693s][info][gc,heap     ] GC(658) Humongous regions: 1->1
[308.693s][info][gc,metaspace] GC(658) Metaspace: 42657K(43136K)->42657K(43136K) NonClass: 38316K(38592K)->38316K(38592K) Class: 4341K(4544K)->4341K(4544K)
[308.693s][info][gc          ] GC(658) Pause Young (Normal) (G1 Evacuation Pause) 494M->69M(726M) 6.558ms
[308.693s][info][gc,cpu      ] GC(658) User=0.01s Sys=0.00s Real=0.01s
[310.651s][info][gc,start    ] GC(659) Pause Young (Normal) (G1 Evacuation Pause)
[310.651s][info][gc,task     ] GC(659) Using 2 workers of 2 for evacuation
[310.690s][info][gc,phases   ] GC(659)   Pre Evacuate Collection Set: 0.25ms
[310.690s][info][gc,phases   ] GC(659)   Merge Heap Roots: 0.13ms
[310.690s][info][gc,phases   ] GC(659)   Evacuate Collection Set: 38.04ms
[310.690s][info][gc,phases   ] GC(659)   Post Evacuate Collection Set: 0.94ms
[310.690s][info][gc,phases   ] GC(659)   Other: 0.10ms
[310.690s][info][gc,heap     ] GC(659) Eden regions: 425->0(399)
[310.690s][info][gc,heap     ] GC(659) Survivor regions: 10->36(55)
[310.690s][info][gc,heap     ] GC(659) Old regions: 60->60
[310.690s][info][gc,heap     ] GC(659) Humongous regions: 14->4
[310.690s][info][gc,metaspace] GC(659) Metaspace: 42690K(43200K)->42690K(43200K) NonClass: 38349K(38656K)->38349K(38656K) Class: 4341K(4544K)->4341K(4544K)
[310.690s][info][gc          ] GC(659) Pause Young (Normal) (G1 Evacuation Pause) 507M->98M(726M) 39.671ms
[310.690s][info][gc,cpu      ] GC(659) User=0.07s Sys=0.00s Real=0.03s
[311.674s][info][gc,start    ] GC(660) Pause Young (Normal) (G1 Evacuation Pause)
[311.674s][info][gc,task     ] GC(660) Using 2 workers of 2 for evacuation
[311.772s][info][gc,phases   ] GC(660)   Pre Evacuate Collection Set: 0.37ms
[311.772s][info][gc,phases   ] GC(660)   Merge Heap Roots: 0.21ms
[311.772s][info][gc,phases   ] GC(660)   Evacuate Collection Set: 96.02ms
[311.772s][info][gc,phases   ] GC(660)   Post Evacuate Collection Set: 0.75ms
[311.772s][info][gc,phases   ] GC(660)   Other: 0.10ms
[311.772s][info][gc,heap     ] GC(660) Eden regions: 399->0(393)
[311.772s][info][gc,heap     ] GC(660) Survivor regions: 36->42(55)
[311.772s][info][gc,heap     ] GC(660) Old regions: 60->95
[311.772s][info][gc,heap     ] GC(660) Humongous regions: 10->10
[311.772s][info][gc,metaspace] GC(660) Metaspace: 42690K(43200K)->42690K(43200K) NonClass: 38349K(38656K)->38349K(38656K) Class: 4341K(4544K)->4341K(4544K)
[311.772s][info][gc          ] GC(660) Pause Young (Normal) (G1 Evacuation Pause) 503M->145M(726M) 97.645ms
[311.772s][info][gc,cpu      ] GC(660) User=0.20s Sys=0.00s Real=0.10s
[315.648s][info][gc,start    ] GC(661) Pause Young (Normal) (G1 Evacuation Pause)
[315.648s][info][gc,task     ] GC(661) Using 2 workers of 2 for evacuation
[315.721s][info][gc,phases   ] GC(661)   Pre Evacuate Collection Set: 0.30ms
[315.721s][info][gc,phases   ] GC(661)   Merge Heap Roots: 0.18ms
[315.721s][info][gc,phases   ] GC(661)   Evacuate Collection Set: 70.87ms
[315.721s][info][gc,phases   ] GC(661)   Post Evacuate Collection Set: 1.19ms
[315.721s][info][gc,phases   ] GC(661)   Other: 0.11ms
[315.721s][info][gc,heap     ] GC(661) Eden regions: 393->0(434)
[315.721s][info][gc,heap     ] GC(661) Survivor regions: 42->21(55)
[315.721s][info][gc,heap     ] GC(661) Old regions: 95->137
[315.721s][info][gc,heap     ] GC(661) Humongous regions: 16->10
[315.721s][info][gc,metaspace] GC(661) Metaspace: 42711K(43200K)->42711K(43200K) NonClass: 38370K(38656K)->38370K(38656K) Class: 4341K(4544K)->4341K(4544K)
[315.721s][info][gc          ] GC(661) Pause Young (Normal) (G1 Evacuation Pause) 544M->166M(759M) 72.855ms
[315.721s][info][gc,cpu      ] GC(661) User=0.14s Sys=0.00s Real=0.08s
[316.846s][info][gc,start    ] GC(662) Pause Young (Normal) (G1 Evacuation Pause)
[316.846s][info][gc,task     ] GC(662) Using 2 workers of 2 for evacuation
[316.937s][info][gc,phases   ] GC(662)   Pre Evacuate Collection Set: 0.30ms
[316.937s][info][gc,phases   ] GC(662)   Merge Heap Roots: 0.17ms
[316.937s][info][gc,phases   ] GC(662)   Evacuate Collection Set: 88.87ms
[316.937s][info][gc,phases   ] GC(662)   Post Evacuate Collection Set: 0.89ms
[316.937s][info][gc,phases   ] GC(662)   Other: 0.13ms
[316.937s][info][gc,heap     ] GC(662) Eden regions: 434->0(398)
[316.937s][info][gc,heap     ] GC(662) Survivor regions: 21->57(57)
[316.937s][info][gc,heap     ] GC(662) Old regions: 137->151
[316.937s][info][gc,heap     ] GC(662) Humongous regions: 13->13
[316.937s][info][gc,metaspace] GC(662) Metaspace: 42711K(43200K)->42711K(43200K) NonClass: 38370K(38656K)->38370K(38656K) Class: 4341K(4544K)->4341K(4544K)
[316.937s][info][gc          ] GC(662) Pause Young (Normal) (G1 Evacuation Pause) 603M->220M(759M) 90.599ms
[316.937s][info][gc,cpu      ] GC(662) User=0.18s Sys=0.00s Real=0.09s
[319.169s][info][gc,start    ] GC(663) Pause Young (Normal) (G1 Evacuation Pause)
[319.169s][info][gc,task     ] GC(663) Using 2 workers of 2 for evacuation
[319.261s][info][gc,phases   ] GC(663)   Pre Evacuate Collection Set: 0.29ms
[319.261s][info][gc,phases   ] GC(663)   Merge Heap Roots: 0.24ms
[319.261s][info][gc,phases   ] GC(663)   Evacuate Collection Set: 90.68ms
[319.261s][info][gc,phases   ] GC(663)   Post Evacuate Collection Set: 0.71ms
[319.261s][info][gc,phases   ] GC(663)   Other: 0.08ms
[319.261s][info][gc,heap     ] GC(663) Eden regions: 398->0(402)
[319.261s][info][gc,heap     ] GC(663) Survivor regions: 57->26(57)
[319.261s][info][gc,heap     ] GC(663) Old regions: 151->202
[319.261s][info][gc,heap     ] GC(663) Humongous regions: 25->23
[319.261s][info][gc,metaspace] GC(663) Metaspace: 42711K(43200K)->42711K(43200K) NonClass: 38370K(38656K)->38370K(38656K) Class: 4341K(4544K)->4341K(4544K)
[319.261s][info][gc          ] GC(663) Pause Young (Normal) (G1 Evacuation Pause) 630M->250M(759M) 92.247ms
[319.261s][info][gc,cpu      ] GC(663) User=0.19s Sys=0.00s Real=0.10s
[321.608s][info][gc,start    ] GC(664) Pause Young (Concurrent Start) (G1 Evacuation Pause)
[321.608s][info][gc,task     ] GC(664) Using 2 workers of 2 for evacuation
[321.645s][info][gc,phases   ] GC(664)   Pre Evacuate Collection Set: 0.32ms
[321.645s][info][gc,phases   ] GC(664)   Merge Heap Roots: 0.22ms
[321.645s][info][gc,phases   ] GC(664)   Evacuate Collection Set: 35.71ms
[321.645s][info][gc,phases   ] GC(664)   Post Evacuate Collection Set: 0.68ms
[321.645s][info][gc,phases   ] GC(664)   Other: 0.10ms
[321.645s][info][gc,heap     ] GC(664) Eden regions: 402->0(410)
[321.645s][info][gc,heap     ] GC(664) Survivor regions: 26->33(54)
[321.645s][info][gc,heap     ] GC(664) Old regions: 202->202
[321.645s][info][gc,heap     ] GC(664) Humongous regions: 23->23
[321.645s][info][gc,metaspace] GC(664) Metaspace: 42711K(43200K)->42711K(43200K) NonClass: 38370K(38656K)->38370K(38656K) Class: 4341K(4544K)->4341K(4544K)
[321.645s][info][gc          ] GC(664) Pause Young (Concurrent Start) (G1 Evacuation Pause) 652M->256M(759M) 37.257ms
[321.645s][info][gc,cpu      ] GC(664) User=0.07s Sys=0.00s Real=0.04s
[321.645s][info][gc          ] GC(665) Concurrent Mark Cycle
[321.645s][info][gc,marking  ] GC(665) Concurrent Scan Root Regions
[321.663s][info][gc,marking  ] GC(665) Concurrent Scan Root Regions 17.272ms
[321.663s][info][gc,marking  ] GC(665) Concurrent Mark
[321.663s][info][gc,marking  ] GC(665) Concurrent Mark From Roots
[321.663s][info][gc,task     ] GC(665) Using 1 workers of 1 for marking
[321.696s][info][gc,marking  ] GC(665) Concurrent Mark From Roots 33.324ms
[321.696s][info][gc,marking  ] GC(665) Concurrent Preclean
[321.696s][info][gc,marking  ] GC(665) Concurrent Preclean 0.163ms
[321.696s][info][gc,start    ] GC(665) Pause Remark
[321.714s][info][gc          ] GC(665) Pause Remark 264M->106M(334M) 17.409ms
[321.714s][info][gc,cpu      ] GC(665) User=0.03s Sys=0.00s Real=0.02s
[321.714s][info][gc,marking  ] GC(665) Concurrent Mark 51.600ms
[321.714s][info][gc,marking  ] GC(665) Concurrent Rebuild Remembered Sets and Scrub Regions
[321.726s][info][gc,marking  ] GC(665) Concurrent Rebuild Remembered Sets and Scrub Regions 11.409ms
[321.726s][info][gc,start    ] GC(665) Pause Cleanup
[321.726s][info][gc          ] GC(665) Pause Cleanup 107M->107M(334M) 0.047ms
[321.726s][info][gc,cpu      ] GC(665) User=0.00s Sys=0.00s Real=0.00s
[321.726s][info][gc,marking  ] GC(665) Concurrent Clear Claimed Marks
[321.726s][info][gc,marking  ] GC(665) Concurrent Clear Claimed Marks 0.058ms
[321.726s][info][gc,marking  ] GC(665) Concurrent Cleanup for Next Mark
[321.732s][info][gc,marking  ] GC(665) Concurrent Cleanup for Next Mark 5.653ms
[321.732s][info][gc          ] GC(665) Concurrent Mark Cycle 86.392ms
[323.090s][info][gc,start    ] GC(666) Pause Young (Prepare Mixed) (G1 Evacuation Pause)
[323.090s][info][gc,task     ] GC(666) Using 2 workers of 2 for evacuation
[323.096s][info][gc,phases   ] GC(666)   Pre Evacuate Collection Set: 0.17ms
[323.096s][info][gc,phases   ] GC(666)   Merge Heap Roots: 0.15ms
[323.096s][info][gc,phases   ] GC(666)   Evacuate Collection Set: 5.51ms
[323.096s][info][gc,phases   ] GC(666)   Post Evacuate Collection Set: 0.44ms
[323.096s][info][gc,phases   ] GC(666)   Other: 0.07ms
[323.096s][info][gc,heap     ] GC(666) Eden regions: 167->0(198)
[323.096s][info][gc,heap     ] GC(666) Survivor regions: 33->2(25)
[323.096s][info][gc,heap     ] GC(666) Old regions: 66->73
[323.096s][info][gc,heap     ] GC(666) Humongous regions: 2->1
[323.096s][info][gc,metaspace] GC(666) Metaspace: 42711K(43200K)->42711K(43200K) NonClass: 38370K(38656K)->38370K(38656K) Class: 4341K(4544K)->4341K(4544K)
[323.096s][info][gc          ] GC(666) Pause Young (Prepare Mixed) (G1 Evacuation Pause) 266M->75M(334M) 6.514ms
[323.096s][info][gc,cpu      ] GC(666) User=0.02s Sys=0.00s Real=0.01s
[324.303s][info][gc,start    ] GC(667) Pause Young (Mixed) (G1 Evacuation Pause)
[324.303s][info][gc,task     ] GC(667) Using 2 workers of 2 for evacuation
[324.324s][info][gc,phases   ] GC(667)   Pre Evacuate Collection Set: 0.18ms
[324.324s][info][gc,phases   ] GC(667)   Merge Heap Roots: 0.08ms
[324.324s][info][gc,phases   ] GC(667)   Evacuate Collection Set: 20.16ms
[324.324s][info][gc,phases   ] GC(667)   Post Evacuate Collection Set: 0.47ms
[324.324s][info][gc,phases   ] GC(667)   Other: 0.11ms
[324.324s][info][gc,heap     ] GC(667) Eden regions: 198->0(180)
[324.324s][info][gc,heap     ] GC(667) Survivor regions: 2->20(25)
[324.324s][info][gc,heap     ] GC(667) Old regions: 73->62
[324.324s][info][gc,heap     ] GC(667) Humongous regions: 1->1
[324.324s][info][gc,metaspace] GC(667) Metaspace: 42712K(43200K)->42712K(43200K) NonClass: 38370K(38656K)->38370K(38656K) Class: 4341K(4544K)->4341K(4544K)
[324.324s][info][gc          ] GC(667) Pause Young (Mixed) (G1 Evacuation Pause) 273M->81M(334M) 21.210ms
[324.324s][info][gc,cpu      ] GC(667) User=0.04s Sys=0.00s Real=0.02s
[324.392s][info][gc,start    ] GC(668) Pause Young (Concurrent Start) (G1 Humongous Allocation)
[324.392s][info][gc,task     ] GC(668) Using 2 workers of 2 for evacuation
[324.413s][info][gc,phases   ] GC(668)   Pre Evacuate Collection Set: 0.19ms
[324.413s][info][gc,phases   ] GC(668)   Merge Heap Roots: 0.05ms
[324.413s][info][gc,phases   ] GC(668)   Evacuate Collection Set: 19.84ms
[324.413s][info][gc,phases   ] GC(668)   Post Evacuate Collection Set: 0.39ms
[324.413s][info][gc,phases   ] GC(668)   Other: 0.09ms
[324.413s][info][gc,heap     ] GC(668) Eden regions: 22->0(154)
[324.413s][info][gc,heap     ] GC(668) Survivor regions: 20->7(25)
[324.413s][info][gc,heap     ] GC(668) Old regions: 62->81
[324.413s][info][gc,heap     ] GC(668) Humongous regions: 1->1
[324.413s][info][gc,metaspace] GC(668) Metaspace: 42712K(43200K)->42712K(43200K) NonClass: 38370K(38656K)->38370K(38656K) Class: 4341K(4544K)->4341K(4544K)
[324.413s][info][gc          ] GC(668) Pause Young (Concurrent Start) (G1 Humongous Allocation) 102M->88M(334M) 20.747ms
[324.413s][info][gc,cpu      ] GC(668) User=0.04s Sys=0.00s Real=0.02s
[324.413s][info][gc          ] GC(669) Concurrent Mark Cycle
[324.413s][info][gc,marking  ] GC(669) Concurrent Scan Root Regions
[324.433s][info][gc,marking  ] GC(669) Concurrent Scan Root Regions 20.323ms
[324.433s][info][gc,marking  ] GC(669) Concurrent Mark
[324.433s][info][gc,marking  ] GC(669) Concurrent Mark From Roots
[324.433s][info][gc,task     ] GC(669) Using 1 workers of 1 for marking
[324.466s][info][gc,marking  ] GC(669) Concurrent Mark From Roots 32.330ms
[324.466s][info][gc,marking  ] GC(669) Concurrent Preclean
[324.466s][info][gc,marking  ] GC(669) Concurrent Preclean 0.038ms
[324.466s][info][gc,start    ] GC(669) Pause Remark
[324.483s][info][gc          ] GC(669) Pause Remark 110M->110M(304M) 17.031ms
[324.483s][info][gc,cpu      ] GC(669) User=0.03s Sys=0.00s Real=0.02s
[324.483s][info][gc,marking  ] GC(669) Concurrent Mark 49.620ms
[324.483s][info][gc,marking  ] GC(669) Concurrent Rebuild Remembered Sets and Scrub Regions
[324.508s][info][gc,marking  ] GC(669) Concurrent Rebuild Remembered Sets and Scrub Regions 25.387ms
[324.508s][info][gc,start    ] GC(669) Pause Cleanup
[324.508s][info][gc          ] GC(669) Pause Cleanup 119M->119M(304M) 0.062ms
[324.508s][info][gc,cpu      ] GC(669) User=0.00s Sys=0.00s Real=0.00s
[324.508s][info][gc,marking  ] GC(669) Concurrent Clear Claimed Marks
[324.509s][info][gc,marking  ] GC(669) Concurrent Clear Claimed Marks 0.038ms
[324.509s][info][gc,marking  ] GC(669) Concurrent Cleanup for Next Mark
[324.509s][info][gc,marking  ] GC(669) Concurrent Cleanup for Next Mark 0.916ms
[324.509s][info][gc          ] GC(669) Concurrent Mark Cycle 96.688ms
[324.828s][info][gc,start    ] GC(670) Pause Young (Prepare Mixed) (G1 Evacuation Pause)
[324.828s][info][gc,task     ] GC(670) Using 2 workers of 2 for evacuation
[324.852s][info][gc,phases   ] GC(670)   Pre Evacuate Collection Set: 0.17ms
[324.852s][info][gc,phases   ] GC(670)   Merge Heap Roots: 0.08ms
[324.852s][info][gc,phases   ] GC(670)   Evacuate Collection Set: 23.01ms
[324.852s][info][gc,phases   ] GC(670)   Post Evacuate Collection Set: 0.48ms
[324.852s][info][gc,phases   ] GC(670)   Other: 0.08ms
[324.852s][info][gc,heap     ] GC(670) Eden regions: 154->0(128)
[324.852s][info][gc,heap     ] GC(670) Survivor regions: 7->21(21)
[324.852s][info][gc,heap     ] GC(670) Old regions: 81->84
[324.852s][info][gc,heap     ] GC(670) Humongous regions: 4->4
[324.852s][info][gc,metaspace] GC(670) Metaspace: 42712K(43200K)->42712K(43200K) NonClass: 38370K(38656K)->38370K(38656K) Class: 4341K(4544K)->4341K(4544K)
[324.852s][info][gc          ] GC(670) Pause Young (Prepare Mixed) (G1 Evacuation Pause) 245M->107M(304M) 24.017ms
[324.852s][info][gc,cpu      ] GC(670) User=0.05s Sys=0.00s Real=0.03s
[325.187s][info][gc,start    ] GC(671) Pause Young (Mixed) (G1 Evacuation Pause)
[325.187s][info][gc,task     ] GC(671) Using 2 workers of 2 for evacuation
[325.227s][info][gc,phases   ] GC(671)   Pre Evacuate Collection Set: 0.24ms
[325.227s][info][gc,phases   ] GC(671)   Merge Heap Roots: 0.28ms
[325.227s][info][gc,phases   ] GC(671)   Evacuate Collection Set: 39.27ms
[325.227s][info][gc,phases   ] GC(671)   Post Evacuate Collection Set: 0.54ms
[325.227s][info][gc,phases   ] GC(671)   Other: 0.09ms
[325.228s][info][gc,heap     ] GC(671) Eden regions: 128->0(137)
[325.228s][info][gc,heap     ] GC(671) Survivor regions: 21->16(19)
[325.228s][info][gc,heap     ] GC(671) Old regions: 84->79
[325.228s][info][gc,heap     ] GC(671) Humongous regions: 6->6
[325.228s][info][gc,metaspace] GC(671) Metaspace: 42712K(43200K)->42712K(43200K) NonClass: 38370K(38656K)->38370K(38656K) Class: 4341K(4544K)->4341K(4544K)
[325.228s][info][gc          ] GC(671) Pause Young (Mixed) (G1 Evacuation Pause) 237M->100M(304M) 40.663ms
[325.228s][info][gc,cpu      ] GC(671) User=0.08s Sys=0.00s Real=0.04s
[325.557s][info][gc,start    ] GC(672) Pause Young (Concurrent Start) (G1 Evacuation Pause)
[325.557s][info][gc,task     ] GC(672) Using 2 workers of 2 for evacuation
[325.594s][info][gc,phases   ] GC(672)   Pre Evacuate Collection Set: 0.20ms
[325.594s][info][gc,phases   ] GC(672)   Merge Heap Roots: 0.09ms
[325.594s][info][gc,phases   ] GC(672)   Evacuate Collection Set: 35.44ms
[325.594s][info][gc,phases   ] GC(672)   Post Evacuate Collection Set: 0.46ms
[325.594s][info][gc,phases   ] GC(672)   Other: 0.14ms
[325.594s][info][gc,heap     ] GC(672) Eden regions: 137->0(130)
[325.594s][info][gc,heap     ] GC(672) Survivor regions: 16->17(20)
[325.594s][info][gc,heap     ] GC(672) Old regions: 79->95
[325.594s][info][gc,heap     ] GC(672) Humongous regions: 6->6
[325.594s][info][gc,metaspace] GC(672) Metaspace: 42712K(43200K)->42712K(43200K) NonClass: 38370K(38656K)->38370K(38656K) Class: 4341K(4544K)->4341K(4544K)
[325.594s][info][gc          ] GC(672) Pause Young (Concurrent Start) (G1 Evacuation Pause) 237M->117M(304M) 36.575ms
[325.594s][info][gc          ] GC(673) Concurrent Mark Cycle
[325.594s][info][gc,marking  ] GC(673) Concurrent Scan Root Regions
[325.594s][info][gc,cpu      ] GC(672) User=0.07s Sys=0.00s Real=0.04s
[325.618s][info][gc,marking  ] GC(673) Concurrent Scan Root Regions 24.478ms
[325.618s][info][gc,marking  ] GC(673) Concurrent Mark
[325.618s][info][gc,marking  ] GC(673) Concurrent Mark From Roots
[325.618s][info][gc,task     ] GC(673) Using 1 workers of 1 for marking
[325.681s][info][gc,marking  ] GC(673) Concurrent Mark From Roots 63.156ms
[325.681s][info][gc,marking  ] GC(673) Concurrent Preclean
[325.681s][info][gc,marking  ] GC(673) Concurrent Preclean 0.037ms
[325.682s][info][gc,start    ] GC(673) Pause Remark
[325.699s][info][gc          ] GC(673) Pause Remark 154M->146M(304M) 17.783ms
[325.699s][info][gc,cpu      ] GC(673) User=0.03s Sys=0.00s Real=0.01s
[325.700s][info][gc,marking  ] GC(673) Concurrent Mark 81.273ms
[325.700s][info][gc,marking  ] GC(673) Concurrent Rebuild Remembered Sets and Scrub Regions
[325.740s][info][gc,marking  ] GC(673) Concurrent Rebuild Remembered Sets and Scrub Regions 40.895ms
[325.741s][info][gc,start    ] GC(673) Pause Cleanup
[325.741s][info][gc          ] GC(673) Pause Cleanup 163M->163M(304M) 0.053ms
[325.741s][info][gc,cpu      ] GC(673) User=0.00s Sys=0.00s Real=0.00s
[325.741s][info][gc,marking  ] GC(673) Concurrent Clear Claimed Marks
[325.741s][info][gc,marking  ] GC(673) Concurrent Clear Claimed Marks 0.039ms
[325.741s][info][gc,marking  ] GC(673) Concurrent Cleanup for Next Mark
[325.742s][info][gc,marking  ] GC(673) Concurrent Cleanup for Next Mark 0.902ms
[325.742s][info][gc          ] GC(673) Concurrent Mark Cycle 147.962ms
[325.982s][info][gc,start    ] GC(674) Pause Young (Prepare Mixed) (G1 Evacuation Pause)
[325.982s][info][gc,task     ] GC(674) Using 2 workers of 2 for evacuation
[326.021s][info][gc,phases   ] GC(674)   Pre Evacuate Collection Set: 0.20ms
[326.021s][info][gc,phases   ] GC(674)   Merge Heap Roots: 0.11ms
[326.021s][info][gc,phases   ] GC(674)   Evacuate Collection Set: 38.10ms
[326.021s][info][gc,phases   ] GC(674)   Post Evacuate Collection Set: 0.44ms
[326.021s][info][gc,phases   ] GC(674)   Other: 0.07ms
[326.021s][info][gc,heap     ] GC(674) Eden regions: 130->0(126)
[326.021s][info][gc,heap     ] GC(674) Survivor regions: 17->15(19)
[326.021s][info][gc,heap     ] GC(674) Old regions: 88->104
[326.021s][info][gc,heap     ] GC(674) Humongous regions: 9->9
[326.021s][info][gc,metaspace] GC(674) Metaspace: 42712K(43200K)->42712K(43200K) NonClass: 38370K(38656K)->38370K(38656K) Class: 4341K(4544K)->4341K(4544K)
[326.021s][info][gc          ] GC(674) Pause Young (Prepare Mixed) (G1 Evacuation Pause) 243M->128M(304M) 39.126ms
[326.021s][info][gc,cpu      ] GC(674) User=0.08s Sys=0.00s Real=0.04s
[326.417s][info][gc,start    ] GC(675) Pause Young (Mixed) (G1 Evacuation Pause)
[326.417s][info][gc,task     ] GC(675) Using 2 workers of 2 for evacuation
[326.462s][info][gc,phases   ] GC(675)   Pre Evacuate Collection Set: 0.20ms
[326.462s][info][gc,phases   ] GC(675)   Merge Heap Roots: 0.17ms
[326.462s][info][gc,phases   ] GC(675)   Evacuate Collection Set: 44.29ms
[326.462s][info][gc,phases   ] GC(675)   Post Evacuate Collection Set: 0.46ms
[326.462s][info][gc,phases   ] GC(675)   Other: 0.07ms
[326.462s][info][gc,heap     ] GC(675) Eden regions: 126->0(123)
[326.462s][info][gc,heap     ] GC(675) Survivor regions: 15->18(18)
[326.462s][info][gc,heap     ] GC(675) Old regions: 104->104
[326.462s][info][gc,heap     ] GC(675) Humongous regions: 9->9
[326.462s][info][gc,metaspace] GC(675) Metaspace: 42712K(43200K)->42712K(43200K) NonClass: 38370K(38656K)->38370K(38656K) Class: 4341K(4544K)->4341K(4544K)
[326.462s][info][gc          ] GC(675) Pause Young (Mixed) (G1 Evacuation Pause) 254M->131M(304M) 45.462ms
[326.463s][info][gc,cpu      ] GC(675) User=0.09s Sys=0.00s Real=0.05s
[326.546s][info][gc,start    ] GC(676) Pause Young (Concurrent Start) (G1 Humongous Allocation)
[326.546s][info][gc,task     ] GC(676) Using 2 workers of 2 for evacuation
[326.573s][info][gc,phases   ] GC(676)   Pre Evacuate Collection Set: 0.21ms
[326.573s][info][gc,phases   ] GC(676)   Merge Heap Roots: 0.08ms
[326.573s][info][gc,phases   ] GC(676)   Evacuate Collection Set: 25.47ms
[326.573s][info][gc,phases   ] GC(676)   Post Evacuate Collection Set: 1.11ms
[326.573s][info][gc,phases   ] GC(676)   Other: 0.10ms
[326.573s][info][gc,heap     ] GC(676) Eden regions: 7->0(116)
[326.573s][info][gc,heap     ] GC(676) Survivor regions: 18->7(18)
[326.573s][info][gc,heap     ] GC(676) Old regions: 104->121
[326.573s][info][gc,heap     ] GC(676) Humongous regions: 9->9
[326.573s][info][gc,metaspace] GC(676) Metaspace: 42712K(43200K)->42712K(43200K) NonClass: 38370K(38656K)->38370K(38656K) Class: 4341K(4544K)->4341K(4544K)
[326.573s][info][gc          ] GC(676) Pause Young (Concurrent Start) (G1 Humongous Allocation) 137M->136M(404M) 27.195ms
[326.573s][info][gc          ] GC(677) Concurrent Undo Cycle
[326.573s][info][gc,marking  ] GC(677) Concurrent Clear Claimed Marks
[326.573s][info][gc,marking  ] GC(677) Concurrent Clear Claimed Marks 0.040ms
[326.573s][info][gc,marking  ] GC(677) Concurrent Cleanup for Next Mark
[326.573s][info][gc,cpu      ] GC(676) User=0.06s Sys=0.00s Real=0.03s
[326.573s][info][gc,marking  ] GC(677) Concurrent Cleanup for Next Mark 0.227ms
[326.573s][info][gc          ] GC(677) Concurrent Undo Cycle 0.309ms
[327.776s][info][gc,start    ] GC(678) Pause Young (Normal) (G1 Evacuation Pause)
[327.776s][info][gc,task     ] GC(678) Using 2 workers of 2 for evacuation
[327.809s][info][gc,phases   ] GC(678)   Pre Evacuate Collection Set: 0.21ms
[327.809s][info][gc,phases   ] GC(678)   Merge Heap Roots: 0.15ms
[327.809s][info][gc,phases   ] GC(678)   Evacuate Collection Set: 31.67ms
[327.809s][info][gc,phases   ] GC(678)   Post Evacuate Collection Set: 0.47ms
[327.809s][info][gc,phases   ] GC(678)   Other: 0.07ms
[327.809s][info][gc,heap     ] GC(678) Eden regions: 116->0(113)
[327.809s][info][gc,heap     ] GC(678) Survivor regions: 7->16(16)
[327.809s][info][gc,heap     ] GC(678) Old regions: 121->130
[327.809s][info][gc,heap     ] GC(678) Humongous regions: 17->15
[327.809s][info][gc,metaspace] GC(678) Metaspace: 42712K(43200K)->42712K(43200K) NonClass: 38370K(38656K)->38370K(38656K) Class: 4341K(4544K)->4341K(4544K)
[327.809s][info][gc          ] GC(678) Pause Young (Normal) (G1 Evacuation Pause) 260M->161M(404M) 32.781ms
[327.809s][info][gc,cpu      ] GC(678) User=0.06s Sys=0.01s Real=0.03s
[328.310s][info][gc,start    ] GC(679) Pause Young (Normal) (G1 Evacuation Pause)
[328.310s][info][gc,task     ] GC(679) Using 2 workers of 2 for evacuation
[328.331s][info][gc,phases   ] GC(679)   Pre Evacuate Collection Set: 0.23ms
[328.331s][info][gc,phases   ] GC(679)   Merge Heap Roots: 0.10ms
[328.331s][info][gc,phases   ] GC(679)   Evacuate Collection Set: 20.04ms
[328.331s][info][gc,phases   ] GC(679)   Post Evacuate Collection Set: 0.40ms
[328.331s][info][gc,phases   ] GC(679)   Other: 0.07ms
[328.331s][info][gc,heap     ] GC(679) Eden regions: 113->0(122)
[328.331s][info][gc,heap     ] GC(679) Survivor regions: 16->6(17)
[328.331s][info][gc,heap     ] GC(679) Old regions: 130->146
[328.331s][info][gc,heap     ] GC(679) Humongous regions: 15->15
[328.331s][info][gc,metaspace] GC(679) Metaspace: 42712K(43200K)->42712K(43200K) NonClass: 38370K(38656K)->38370K(38656K) Class: 4341K(4544K)->4341K(4544K)
[328.331s][info][gc          ] GC(679) Pause Young (Normal) (G1 Evacuation Pause) 274M->167M(404M) 21.044ms
[328.331s][info][gc,cpu      ] GC(679) User=0.04s Sys=0.00s Real=0.03s
[329.001s][info][gc,start    ] GC(680) Pause Young (Concurrent Start) (G1 Evacuation Pause)
[329.001s][info][gc,task     ] GC(680) Using 2 workers of 2 for evacuation
[329.016s][info][gc,phases   ] GC(680)   Pre Evacuate Collection Set: 0.97ms
[329.016s][info][gc,phases   ] GC(680)   Merge Heap Roots: 0.05ms
[329.016s][info][gc,phases   ] GC(680)   Evacuate Collection Set: 14.18ms
[329.016s][info][gc,phases   ] GC(680)   Post Evacuate Collection Set: 0.40ms
[329.016s][info][gc,phases   ] GC(680)   Other: 0.13ms
[329.016s][info][gc,heap     ] GC(680) Eden regions: 122->0(128)
[329.016s][info][gc,heap     ] GC(680) Survivor regions: 6->15(16)
[329.016s][info][gc,heap     ] GC(680) Old regions: 146->146
[329.016s][info][gc,heap     ] GC(680) Humongous regions: 15->15
[329.016s][info][gc,metaspace] GC(680) Metaspace: 42712K(43200K)->42712K(43200K) NonClass: 38370K(38656K)->38370K(38656K) Class: 4341K(4544K)->4341K(4544K)
[329.016s][info][gc          ] GC(680) Pause Young (Concurrent Start) (G1 Evacuation Pause) 289M->176M(404M) 15.971ms
[329.017s][info][gc,cpu      ] GC(680) User=0.03s Sys=0.00s Real=0.01s
[329.017s][info][gc          ] GC(681) Concurrent Mark Cycle
[329.017s][info][gc,marking  ] GC(681) Concurrent Scan Root Regions
[329.028s][info][gc,marking  ] GC(681) Concurrent Scan Root Regions 11.433ms
[329.028s][info][gc,marking  ] GC(681) Concurrent Mark
[329.028s][info][gc,marking  ] GC(681) Concurrent Mark From Roots
[329.028s][info][gc,task     ] GC(681) Using 1 workers of 1 for marking
[329.067s][info][gc,marking  ] GC(681) Concurrent Mark From Roots 39.140ms
[329.067s][info][gc,marking  ] GC(681) Concurrent Preclean
[329.067s][info][gc,marking  ] GC(681) Concurrent Preclean 0.034ms
[329.067s][info][gc,start    ] GC(681) Pause Remark
[329.084s][info][gc          ] GC(681) Pause Remark 184M->74M(256M) 16.547ms
[329.084s][info][gc,cpu      ] GC(681) User=0.03s Sys=0.00s Real=0.02s
[329.084s][info][gc,marking  ] GC(681) Concurrent Mark 56.042ms
[329.084s][info][gc,marking  ] GC(681) Concurrent Rebuild Remembered Sets and Scrub Regions
[329.099s][info][gc,marking  ] GC(681) Concurrent Rebuild Remembered Sets and Scrub Regions 14.879ms
[329.099s][info][gc,start    ] GC(681) Pause Cleanup
[329.099s][info][gc          ] GC(681) Pause Cleanup 76M->76M(256M) 0.040ms
[329.099s][info][gc,cpu      ] GC(681) User=0.00s Sys=0.00s Real=0.00s
[329.099s][info][gc,marking  ] GC(681) Concurrent Clear Claimed Marks
[329.099s][info][gc,marking  ] GC(681) Concurrent Clear Claimed Marks 0.038ms
[329.099s][info][gc,marking  ] GC(681) Concurrent Cleanup for Next Mark
[329.100s][info][gc,marking  ] GC(681) Concurrent Cleanup for Next Mark 0.784ms
[329.100s][info][gc          ] GC(681) Concurrent Mark Cycle 83.454ms
[329.817s][info][gc,start    ] GC(682) Pause Young (Prepare Mixed) (G1 Evacuation Pause)
[329.817s][info][gc,task     ] GC(682) Using 2 workers of 2 for evacuation
[329.835s][info][gc,phases   ] GC(682)   Pre Evacuate Collection Set: 0.15ms
[329.835s][info][gc,phases   ] GC(682)   Merge Heap Roots: 0.09ms
[329.835s][info][gc,phases   ] GC(682)   Evacuate Collection Set: 17.10ms
[329.835s][info][gc,phases   ] GC(682)   Post Evacuate Collection Set: 0.42ms
[329.835s][info][gc,phases   ] GC(682)   Other: 0.07ms
[329.835s][info][gc,heap     ] GC(682) Eden regions: 128->0(111)
[329.835s][info][gc,heap     ] GC(682) Survivor regions: 15->16(18)
[329.835s][info][gc,heap     ] GC(682) Old regions: 50->54
[329.835s][info][gc,heap     ] GC(682) Humongous regions: 1->1
[329.835s][info][gc,metaspace] GC(682) Metaspace: 42712K(43200K)->42712K(43200K) NonClass: 38370K(38656K)->38370K(38656K) Class: 4341K(4544K)->4341K(4544K)
[329.835s][info][gc          ] GC(682) Pause Young (Prepare Mixed) (G1 Evacuation Pause) 194M->71M(256M) 18.058ms
[329.835s][info][gc,cpu      ] GC(682) User=0.04s Sys=0.00s Real=0.02s
[330.491s][info][gc,start    ] GC(683) Pause Young (Mixed) (G1 Evacuation Pause)
[330.491s][info][gc,task     ] GC(683) Using 2 workers of 2 for evacuation
[330.515s][info][gc,phases   ] GC(683)   Pre Evacuate Collection Set: 0.16ms
[330.515s][info][gc,phases   ] GC(683)   Merge Heap Roots: 0.07ms
[330.515s][info][gc,phases   ] GC(683)   Evacuate Collection Set: 23.08ms
[330.515s][info][gc,phases   ] GC(683)   Post Evacuate Collection Set: 0.38ms
[330.515s][info][gc,phases   ] GC(683)   Other: 0.09ms
[330.515s][info][gc,heap     ] GC(683) Eden regions: 111->0(112)
[330.515s][info][gc,heap     ] GC(683) Survivor regions: 16->12(16)
[330.515s][info][gc,heap     ] GC(683) Old regions: 54->65
[330.515s][info][gc,heap     ] GC(683) Humongous regions: 1->1
[330.515s][info][gc,metaspace] GC(683) Metaspace: 42712K(43200K)->42712K(43200K) NonClass: 38370K(38656K)->38370K(38656K) Class: 4341K(4544K)->4341K(4544K)
[330.515s][info][gc          ] GC(683) Pause Young (Mixed) (G1 Evacuation Pause) 182M->77M(256M) 24.024ms
[330.515s][info][gc,cpu      ] GC(683) User=0.05s Sys=0.00s Real=0.02s
[331.207s][info][gc,start    ] GC(684) Pause Young (Concurrent Start) (G1 Evacuation Pause)
[331.207s][info][gc,task     ] GC(684) Using 2 workers of 2 for evacuation
[331.228s][info][gc,phases   ] GC(684)   Pre Evacuate Collection Set: 0.20ms
[331.228s][info][gc,phases   ] GC(684)   Merge Heap Roots: 0.06ms
[331.228s][info][gc,phases   ] GC(684)   Evacuate Collection Set: 20.42ms
[331.228s][info][gc,phases   ] GC(684)   Post Evacuate Collection Set: 0.42ms
[331.228s][info][gc,phases   ] GC(684)   Other: 0.14ms
[331.229s][info][gc,heap     ] GC(684) Eden regions: 112->0(111)
[331.229s][info][gc,heap     ] GC(684) Survivor regions: 12->11(16)
[331.229s][info][gc,heap     ] GC(684) Old regions: 65->77
[331.229s][info][gc,heap     ] GC(684) Humongous regions: 1->1
[331.229s][info][gc,metaspace] GC(684) Metaspace: 42712K(43200K)->42712K(43200K) NonClass: 38371K(38656K)->38371K(38656K) Class: 4341K(4544K)->4341K(4544K)
[331.229s][info][gc          ] GC(684) Pause Young (Concurrent Start) (G1 Evacuation Pause) 189M->88M(256M) 21.441ms
[331.229s][info][gc,cpu      ] GC(684) User=0.04s Sys=0.00s Real=0.02s
[331.229s][info][gc          ] GC(685) Concurrent Mark Cycle
[331.229s][info][gc,marking  ] GC(685) Concurrent Scan Root Regions
[331.245s][info][gc,marking  ] GC(685) Concurrent Scan Root Regions 16.412ms
[331.245s][info][gc,marking  ] GC(685) Concurrent Mark
[331.245s][info][gc,marking  ] GC(685) Concurrent Mark From Roots
[331.245s][info][gc,task     ] GC(685) Using 1 workers of 1 for marking
[331.286s][info][gc,marking  ] GC(685) Concurrent Mark From Roots 40.718ms
[331.286s][info][gc,marking  ] GC(685) Concurrent Preclean
[331.286s][info][gc,marking  ] GC(685) Concurrent Preclean 0.041ms
[331.286s][info][gc,start    ] GC(685) Pause Remark
[331.303s][info][gc          ] GC(685) Pause Remark 95M->90M(256M) 16.488ms
[331.303s][info][gc,cpu      ] GC(685) User=0.03s Sys=0.00s Real=0.02s
[331.303s][info][gc,marking  ] GC(685) Concurrent Mark 58.249ms
[331.303s][info][gc,marking  ] GC(685) Concurrent Rebuild Remembered Sets and Scrub Regions
[331.329s][info][gc,marking  ] GC(685) Concurrent Rebuild Remembered Sets and Scrub Regions 25.342ms
[331.329s][info][gc,start    ] GC(685) Pause Cleanup
[331.329s][info][gc          ] GC(685) Pause Cleanup 93M->93M(256M) 0.069ms
[331.329s][info][gc,cpu      ] GC(685) User=0.00s Sys=0.00s Real=0.00s
[331.329s][info][gc,marking  ] GC(685) Concurrent Clear Claimed Marks
[331.329s][info][gc,marking  ] GC(685) Concurrent Clear Claimed Marks 0.045ms
[331.329s][info][gc,marking  ] GC(685) Concurrent Cleanup for Next Mark
[331.331s][info][gc,marking  ] GC(685) Concurrent Cleanup for Next Mark 2.258ms
[331.331s][info][gc          ] GC(685) Concurrent Mark Cycle 102.732ms
[331.928s][info][gc,start    ] GC(686) Pause Young (Prepare Mixed) (G1 Evacuation Pause)
[331.928s][info][gc,task     ] GC(686) Using 2 workers of 2 for evacuation
[331.941s][info][gc,phases   ] GC(686)   Pre Evacuate Collection Set: 0.15ms
[331.941s][info][gc,phases   ] GC(686)   Merge Heap Roots: 0.06ms
[331.941s][info][gc,phases   ] GC(686)   Evacuate Collection Set: 11.86ms
[331.941s][info][gc,phases   ] GC(686)   Post Evacuate Collection Set: 0.38ms
[331.941s][info][gc,phases   ] GC(686)   Other: 0.14ms
[331.941s][info][gc,heap     ] GC(686) Eden regions: 111->0(117)
[331.941s][info][gc,heap     ] GC(686) Survivor regions: 11->11(16)
[331.941s][info][gc,heap     ] GC(686) Old regions: 72->73
[331.941s][info][gc,heap     ] GC(686) Humongous regions: 2->2
[331.941s][info][gc,metaspace] GC(686) Metaspace: 42712K(43200K)->42712K(43200K) NonClass: 38371K(38656K)->38371K(38656K) Class: 4341K(4544K)->4341K(4544K)
[331.941s][info][gc          ] GC(686) Pause Young (Prepare Mixed) (G1 Evacuation Pause) 195M->86M(256M) 12.800ms
[331.941s][info][gc,cpu      ] GC(686) User=0.03s Sys=0.00s Real=0.02s
[332.648s][info][gc,start    ] GC(687) Pause Young (Mixed) (G1 Evacuation Pause)
[332.648s][info][gc,task     ] GC(687) Using 2 workers of 2 for evacuation
[332.666s][info][gc,phases   ] GC(687)   Pre Evacuate Collection Set: 0.17ms
[332.666s][info][gc,phases   ] GC(687)   Merge Heap Roots: 0.19ms
[332.666s][info][gc,phases   ] GC(687)   Evacuate Collection Set: 17.78ms
[332.666s][info][gc,phases   ] GC(687)   Post Evacuate Collection Set: 0.40ms
[332.666s][info][gc,phases   ] GC(687)   Other: 0.07ms
[332.666s][info][gc,heap     ] GC(687) Eden regions: 117->0(131)
[332.666s][info][gc,heap     ] GC(687) Survivor regions: 11->11(16)
[332.666s][info][gc,heap     ] GC(687) Old regions: 73->56
[332.666s][info][gc,heap     ] GC(687) Humongous regions: 2->2
[332.666s][info][gc,metaspace] GC(687) Metaspace: 42712K(43200K)->42712K(43200K) NonClass: 38371K(38656K)->38371K(38656K) Class: 4341K(4544K)->4341K(4544K)
[332.667s][info][gc          ] GC(687) Pause Young (Mixed) (G1 Evacuation Pause) 203M->69M(256M) 18.822ms
[332.667s][info][gc,cpu      ] GC(687) User=0.04s Sys=0.00s Real=0.02s
[332.928s][info][gc,start    ] GC(688) Pause Young (Concurrent Start) (G1 Humongous Allocation)
[332.928s][info][gc,task     ] GC(688) Using 2 workers of 2 for evacuation
[332.944s][info][gc,phases   ] GC(688)   Pre Evacuate Collection Set: 0.17ms
[332.944s][info][gc,phases   ] GC(688)   Merge Heap Roots: 0.06ms
[332.944s][info][gc,phases   ] GC(688)   Evacuate Collection Set: 15.57ms
[332.944s][info][gc,phases   ] GC(688)   Post Evacuate Collection Set: 0.36ms
[332.944s][info][gc,phases   ] GC(688)   Other: 0.10ms
[332.944s][info][gc,heap     ] GC(688) Eden regions: 57->0(127)
[332.944s][info][gc,heap     ] GC(688) Survivor regions: 11->9(18)
[332.944s][info][gc,heap     ] GC(688) Old regions: 56->67
[332.944s][info][gc,heap     ] GC(688) Humongous regions: 2->2
[332.944s][info][gc,metaspace] GC(688) Metaspace: 42712K(43200K)->42712K(43200K) NonClass: 38371K(38656K)->38371K(38656K) Class: 4341K(4544K)->4341K(4544K)
[332.944s][info][gc          ] GC(688) Pause Young (Concurrent Start) (G1 Humongous Allocation) 125M->78M(256M) 16.484ms
[332.945s][info][gc,cpu      ] GC(688) User=0.03s Sys=0.00s Real=0.02s
[332.945s][info][gc          ] GC(689) Concurrent Mark Cycle
[332.945s][info][gc,marking  ] GC(689) Concurrent Scan Root Regions
[332.968s][info][gc,marking  ] GC(689) Concurrent Scan Root Regions 23.910ms
[332.969s][info][gc,marking  ] GC(689) Concurrent Mark
[332.969s][info][gc,marking  ] GC(689) Concurrent Mark From Roots
[332.969s][info][gc,task     ] GC(689) Using 1 workers of 1 for marking
[333.020s][info][gc,marking  ] GC(689) Concurrent Mark From Roots 51.936ms
[333.021s][info][gc,marking  ] GC(689) Concurrent Preclean
[333.021s][info][gc,marking  ] GC(689) Concurrent Preclean 0.038ms
[333.021s][info][gc,start    ] GC(689) Pause Remark
[333.038s][info][gc          ] GC(689) Pause Remark 94M->85M(256M) 16.859ms
[333.038s][info][gc,cpu      ] GC(689) User=0.03s Sys=0.00s Real=0.01s
[333.038s][info][gc,marking  ] GC(689) Concurrent Mark 69.941ms
[333.038s][info][gc,marking  ] GC(689) Concurrent Rebuild Remembered Sets and Scrub Regions
[333.067s][info][gc,marking  ] GC(689) Concurrent Rebuild Remembered Sets and Scrub Regions 28.843ms
[333.067s][info][gc,start    ] GC(689) Pause Cleanup
[333.068s][info][gc          ] GC(689) Pause Cleanup 92M->92M(256M) 0.047ms
[333.068s][info][gc,cpu      ] GC(689) User=0.00s Sys=0.00s Real=0.00s
[333.068s][info][gc,marking  ] GC(689) Concurrent Clear Claimed Marks
[333.068s][info][gc,marking  ] GC(689) Concurrent Clear Claimed Marks 0.039ms
[333.068s][info][gc,marking  ] GC(689) Concurrent Cleanup for Next Mark
[333.068s][info][gc,marking  ] GC(689) Concurrent Cleanup for Next Mark 0.804ms
[333.068s][info][gc          ] GC(689) Concurrent Mark Cycle 123.943ms
[333.503s][info][gc,start    ] GC(690) Pause Young (Prepare Mixed) (G1 Evacuation Pause)
[333.503s][info][gc,task     ] GC(690) Using 2 workers of 2 for evacuation
[333.509s][info][gc,phases   ] GC(690)   Pre Evacuate Collection Set: 0.15ms
[333.509s][info][gc,phases   ] GC(690)   Merge Heap Roots: 0.06ms
[333.509s][info][gc,phases   ] GC(690)   Evacuate Collection Set: 5.34ms
[333.509s][info][gc,phases   ] GC(690)   Post Evacuate Collection Set: 0.44ms
[333.509s][info][gc,phases   ] GC(690)   Other: 0.07ms
[333.509s][info][gc,heap     ] GC(690) Eden regions: 127->0(139)
[333.509s][info][gc,heap     ] GC(690) Survivor regions: 9->8(17)
[333.509s][info][gc,heap     ] GC(690) Old regions: 59->59
[333.509s][info][gc,heap     ] GC(690) Humongous regions: 13->3
[333.509s][info][gc,metaspace] GC(690) Metaspace: 42712K(43200K)->42712K(43200K) NonClass: 38371K(38656K)->38371K(38656K) Class: 4341K(4544K)->4341K(4544K)
[333.509s][info][gc          ] GC(690) Pause Young (Prepare Mixed) (G1 Evacuation Pause) 208M->69M(256M) 6.237ms
[333.509s][info][gc,cpu      ] GC(690) User=0.02s Sys=0.00s Real=0.00s
[334.108s][info][gc,start    ] GC(691) Pause Young (Mixed) (G1 Evacuation Pause)
[334.108s][info][gc,task     ] GC(691) Using 2 workers of 2 for evacuation
[334.124s][info][gc,phases   ] GC(691)   Pre Evacuate Collection Set: 0.17ms
[334.124s][info][gc,phases   ] GC(691)   Merge Heap Roots: 0.14ms
[334.124s][info][gc,phases   ] GC(691)   Evacuate Collection Set: 15.63ms
[334.124s][info][gc,phases   ] GC(691)   Post Evacuate Collection Set: 0.47ms
[334.124s][info][gc,phases   ] GC(691)   Other: 0.07ms
[334.124s][info][gc,heap     ] GC(691) Eden regions: 139->0(137)
[334.124s][info][gc,heap     ] GC(691) Survivor regions: 8->16(19)
[334.124s][info][gc,heap     ] GC(691) Old regions: 59->46
[334.124s][info][gc,heap     ] GC(691) Humongous regions: 12->3
[334.124s][info][gc,metaspace] GC(691) Metaspace: 42713K(43200K)->42713K(43200K) NonClass: 38371K(38656K)->38371K(38656K) Class: 4341K(4544K)->4341K(4544K)
[334.124s][info][gc          ] GC(691) Pause Young (Mixed) (G1 Evacuation Pause) 217M->64M(256M) 16.664ms
[334.124s][info][gc,cpu      ] GC(691) User=0.03s Sys=0.00s Real=0.02s
[334.190s][info][gc,start    ] GC(692) Pause Young (Concurrent Start) (G1 Humongous Allocation)
[334.190s][info][gc,task     ] GC(692) Using 2 workers of 2 for evacuation
[334.211s][info][gc,phases   ] GC(692)   Pre Evacuate Collection Set: 0.43ms
[334.211s][info][gc,phases   ] GC(692)   Merge Heap Roots: 0.04ms
[334.211s][info][gc,phases   ] GC(692)   Evacuate Collection Set: 20.32ms
[334.211s][info][gc,phases   ] GC(692)   Post Evacuate Collection Set: 0.37ms
[334.211s][info][gc,phases   ] GC(692)   Other: 0.12ms
[334.211s][info][gc,heap     ] GC(692) Eden regions: 14->0(141)
[334.211s][info][gc,heap     ] GC(692) Survivor regions: 16->12(20)
[334.211s][info][gc,heap     ] GC(692) Old regions: 46->52
[334.211s][info][gc,heap     ] GC(692) Humongous regions: 3->3
[334.211s][info][gc,metaspace] GC(692) Metaspace: 42713K(43200K)->42713K(43200K) NonClass: 38371K(38656K)->38371K(38656K) Class: 4341K(4544K)->4341K(4544K)
[334.211s][info][gc          ] GC(692) Pause Young (Concurrent Start) (G1 Humongous Allocation) 78M->66M(256M) 21.451ms
[334.211s][info][gc,cpu      ] GC(692) User=0.03s Sys=0.00s Real=0.03s
[334.211s][info][gc          ] GC(693) Concurrent Mark Cycle
[334.211s][info][gc,marking  ] GC(693) Concurrent Scan Root Regions
[334.238s][info][gc,marking  ] GC(693) Concurrent Scan Root Regions 26.827ms
[334.238s][info][gc,marking  ] GC(693) Concurrent Mark
[334.238s][info][gc,marking  ] GC(693) Concurrent Mark From Roots
[334.238s][info][gc,task     ] GC(693) Using 1 workers of 1 for marking
[334.278s][info][gc,marking  ] GC(693) Concurrent Mark From Roots 39.561ms
[334.278s][info][gc,marking  ] GC(693) Concurrent Preclean
[334.278s][info][gc,marking  ] GC(693) Concurrent Preclean 0.043ms
[334.278s][info][gc,start    ] GC(693) Pause Remark
[334.295s][info][gc          ] GC(693) Pause Remark 73M->68M(256M) 17.022ms
[334.295s][info][gc,cpu      ] GC(693) User=0.03s Sys=0.00s Real=0.02s
[334.296s][info][gc,marking  ] GC(693) Concurrent Mark 58.115ms
[334.297s][info][gc,marking  ] GC(693) Concurrent Rebuild Remembered Sets and Scrub Regions
[334.313s][info][gc,marking  ] GC(693) Concurrent Rebuild Remembered Sets and Scrub Regions 16.433ms
[334.313s][info][gc,start    ] GC(693) Pause Cleanup
[334.313s][info][gc          ] GC(693) Pause Cleanup 70M->70M(256M) 0.063ms
[334.313s][info][gc,cpu      ] GC(693) User=0.00s Sys=0.00s Real=0.00s
[334.313s][info][gc,marking  ] GC(693) Concurrent Clear Claimed Marks
[334.313s][info][gc,marking  ] GC(693) Concurrent Clear Claimed Marks 0.042ms
[334.313s][info][gc,marking  ] GC(693) Concurrent Cleanup for Next Mark
[334.314s][info][gc,marking  ] GC(693) Concurrent Cleanup for Next Mark 0.751ms
[334.314s][info][gc          ] GC(693) Concurrent Mark Cycle 102.602ms
[334.966s][info][gc,start    ] GC(694) Pause Young (Prepare Mixed) (G1 Evacuation Pause)
[334.966s][info][gc,task     ] GC(694) Using 2 workers of 2 for evacuation
[334.971s][info][gc,phases   ] GC(694)   Pre Evacuate Collection Set: 0.17ms
[334.971s][info][gc,phases   ] GC(694)   Merge Heap Roots: 0.06ms
[334.971s][info][gc,phases   ] GC(694)   Evacuate Collection Set: 3.50ms
[334.971s][info][gc,phases   ] GC(694)   Post Evacuate Collection Set: 0.45ms
[334.971s][info][gc,phases   ] GC(694)   Other: 0.09ms
[334.971s][info][gc,heap     ] GC(694) Eden regions: 141->0(150)
[334.971s][info][gc,heap     ] GC(694) Survivor regions: 12->3(20)
[334.971s][info][gc,heap     ] GC(694) Old regions: 47->48
[334.971s][info][gc,heap     ] GC(694) Humongous regions: 12->3
[334.971s][info][gc,metaspace] GC(694) Metaspace: 42713K(43200K)->42713K(43200K) NonClass: 38371K(38656K)->38371K(38656K) Class: 4341K(4544K)->4341K(4544K)
[334.971s][info][gc          ] GC(694) Pause Young (Prepare Mixed) (G1 Evacuation Pause) 211M->54M(256M) 4.443ms
[334.971s][info][gc,cpu      ] GC(694) User=0.01s Sys=0.00s Real=0.01s
[335.639s][info][gc,start    ] GC(695) Pause Young (Mixed) (G1 Evacuation Pause)
[335.639s][info][gc,task     ] GC(695) Using 2 workers of 2 for evacuation
[335.661s][info][gc,phases   ] GC(695)   Pre Evacuate Collection Set: 0.15ms
[335.661s][info][gc,phases   ] GC(695)   Merge Heap Roots: 0.06ms
[335.661s][info][gc,phases   ] GC(695)   Evacuate Collection Set: 20.16ms
[335.661s][info][gc,phases   ] GC(695)   Post Evacuate Collection Set: 0.58ms
[335.661s][info][gc,phases   ] GC(695)   Other: 0.09ms
[335.661s][info][gc,heap     ] GC(695) Eden regions: 150->0(133)
[335.661s][info][gc,heap     ] GC(695) Survivor regions: 3->20(20)
[335.661s][info][gc,heap     ] GC(695) Old regions: 48->43
[335.661s][info][gc,heap     ] GC(695) Humongous regions: 5->3
[335.661s][info][gc,metaspace] GC(695) Metaspace: 42713K(43200K)->42713K(43200K) NonClass: 38371K(38656K)->38371K(38656K) Class: 4341K(4544K)->4341K(4544K)
[335.661s][info][gc          ] GC(695) Pause Young (Mixed) (G1 Evacuation Pause) 206M->64M(256M) 21.235ms
[335.661s][info][gc,cpu      ] GC(695) User=0.04s Sys=0.00s Real=0.03s
[335.805s][info][gc,start    ] GC(696) Pause Young (Concurrent Start) (G1 Humongous Allocation)
[335.805s][info][gc,task     ] GC(696) Using 2 workers of 2 for evacuation
[335.809s][info][gc,phases   ] GC(696)   Pre Evacuate Collection Set: 0.18ms
[335.809s][info][gc,phases   ] GC(696)   Merge Heap Roots: 0.08ms
[335.809s][info][gc,phases   ] GC(696)   Evacuate Collection Set: 3.52ms
[335.809s][info][gc,phases   ] GC(696)   Post Evacuate Collection Set: 0.33ms
[335.809s][info][gc,phases   ] GC(696)   Other: 0.08ms
[335.809s][info][gc,heap     ] GC(696) Eden regions: 32->0(152)
[335.809s][info][gc,heap     ] GC(696) Survivor regions: 20->1(20)
[335.809s][info][gc,heap     ] GC(696) Old regions: 43->44
[335.809s][info][gc,heap     ] GC(696) Humongous regions: 3->1
[335.809s][info][gc,metaspace] GC(696) Metaspace: 42713K(43200K)->42713K(43200K) NonClass: 38371K(38656K)->38371K(38656K) Class: 4341K(4544K)->4341K(4544K)
[335.809s][info][gc          ] GC(696) Pause Young (Concurrent Start) (G1 Humongous Allocation) 96M->45M(256M) 4.373ms
[335.809s][info][gc,cpu      ] GC(696) User=0.01s Sys=0.00s Real=0.00s
[335.809s][info][gc          ] GC(697) Concurrent Mark Cycle
[335.809s][info][gc,marking  ] GC(697) Concurrent Scan Root Regions
[335.812s][info][gc,marking  ] GC(697) Concurrent Scan Root Regions 2.776ms
[335.812s][info][gc,marking  ] GC(697) Concurrent Mark
[335.812s][info][gc,marking  ] GC(697) Concurrent Mark From Roots
[335.812s][info][gc,task     ] GC(697) Using 1 workers of 1 for marking
[335.855s][info][gc,marking  ] GC(697) Concurrent Mark From Roots 43.007ms
[335.855s][info][gc,marking  ] GC(697) Concurrent Preclean
[335.855s][info][gc,marking  ] GC(697) Concurrent Preclean 0.039ms
[335.855s][info][gc,start    ] GC(697) Pause Remark
[335.872s][info][gc          ] GC(697) Pause Remark 61M->61M(256M) 16.470ms
[335.872s][info][gc,cpu      ] GC(697) User=0.03s Sys=0.00s Real=0.02s
[335.872s][info][gc,marking  ] GC(697) Concurrent Mark 60.083ms
[335.872s][info][gc,marking  ] GC(697) Concurrent Rebuild Remembered Sets and Scrub Regions
[335.898s][info][gc,marking  ] GC(697) Concurrent Rebuild Remembered Sets and Scrub Regions 26.155ms
[335.898s][info][gc,start    ] GC(697) Pause Cleanup
[335.898s][info][gc          ] GC(697) Pause Cleanup 68M->68M(256M) 0.055ms
[335.898s][info][gc,cpu      ] GC(697) User=0.00s Sys=0.00s Real=0.00s
[335.899s][info][gc,marking  ] GC(697) Concurrent Clear Claimed Marks
[335.899s][info][gc,marking  ] GC(697) Concurrent Clear Claimed Marks 0.048ms
[335.899s][info][gc,marking  ] GC(697) Concurrent Cleanup for Next Mark
[335.900s][info][gc,marking  ] GC(697) Concurrent Cleanup for Next Mark 0.793ms
[335.900s][info][gc          ] GC(697) Concurrent Mark Cycle 90.878ms
[336.396s][info][gc,start    ] GC(698) Pause Young (Prepare Mixed) (G1 Evacuation Pause)
[336.396s][info][gc,task     ] GC(698) Using 2 workers of 2 for evacuation
[336.399s][info][gc,phases   ] GC(698)   Pre Evacuate Collection Set: 0.16ms
[336.399s][info][gc,phases   ] GC(698)   Merge Heap Roots: 0.07ms
[336.399s][info][gc,phases   ] GC(698)   Evacuate Collection Set: 2.54ms
[336.399s][info][gc,phases   ] GC(698)   Post Evacuate Collection Set: 0.40ms
[336.399s][info][gc,phases   ] GC(698)   Other: 0.09ms
[336.399s][info][gc,heap     ] GC(698) Eden regions: 152->0(150)
[336.399s][info][gc,heap     ] GC(698) Survivor regions: 1->3(20)
[336.399s][info][gc,heap     ] GC(698) Old regions: 44->44
[336.399s][info][gc,heap     ] GC(698) Humongous regions: 17->3
[336.399s][info][gc,metaspace] GC(698) Metaspace: 42713K(43200K)->42713K(43200K) NonClass: 38371K(38656K)->38371K(38656K) Class: 4341K(4544K)->4341K(4544K)
[336.399s][info][gc          ] GC(698) Pause Young (Prepare Mixed) (G1 Evacuation Pause) 213M->49M(256M) 3.427ms
[336.399s][info][gc,cpu      ] GC(698) User=0.01s Sys=0.00s Real=0.00s
[336.973s][info][gc,start    ] GC(699) Pause Young (Mixed) (G1 Evacuation Pause)
[336.973s][info][gc,task     ] GC(699) Using 2 workers of 2 for evacuation
[336.993s][info][gc,phases   ] GC(699)   Pre Evacuate Collection Set: 0.31ms
[336.993s][info][gc,phases   ] GC(699)   Merge Heap Roots: 0.17ms
[336.993s][info][gc,phases   ] GC(699)   Evacuate Collection Set: 18.77ms
[336.993s][info][gc,phases   ] GC(699)   Post Evacuate Collection Set: 0.74ms
[336.993s][info][gc,phases   ] GC(699)   Other: 0.10ms
[336.993s][info][gc,heap     ] GC(699) Eden regions: 150->0(147)
[336.993s][info][gc,heap     ] GC(699) Survivor regions: 3->6(20)
[336.993s][info][gc,heap     ] GC(699) Old regions: 44->42
[336.993s][info][gc,heap     ] GC(699) Humongous regions: 15->3
[336.993s][info][gc,metaspace] GC(699) Metaspace: 42713K(43200K)->42713K(43200K) NonClass: 38372K(38656K)->38372K(38656K) Class: 4341K(4544K)->4341K(4544K)
[336.993s][info][gc          ] GC(699) Pause Young (Mixed) (G1 Evacuation Pause) 211M->49M(256M) 20.274ms
[336.993s][info][gc,cpu      ] GC(699) User=0.02s Sys=0.00s Real=0.02s
[337.026s][info][gc,start    ] GC(700) Pause Young (Concurrent Start) (G1 Humongous Allocation)
[337.026s][info][gc,task     ] GC(700) Using 2 workers of 2 for evacuation
[337.029s][info][gc,phases   ] GC(700)   Pre Evacuate Collection Set: 0.15ms
[337.029s][info][gc,phases   ] GC(700)   Merge Heap Roots: 0.04ms
[337.029s][info][gc,phases   ] GC(700)   Evacuate Collection Set: 2.94ms
[337.029s][info][gc,phases   ] GC(700)   Post Evacuate Collection Set: 0.30ms
[337.029s][info][gc,phases   ] GC(700)   Other: 0.12ms
[337.029s][info][gc,heap     ] GC(700) Eden regions: 7->0(150)
[337.029s][info][gc,heap     ] GC(700) Survivor regions: 6->3(20)
[337.029s][info][gc,heap     ] GC(700) Old regions: 42->42
[337.029s][info][gc,heap     ] GC(700) Humongous regions: 3->1
[337.029s][info][gc,metaspace] GC(700) Metaspace: 42713K(43200K)->42713K(43200K) NonClass: 38372K(38656K)->38372K(38656K) Class: 4341K(4544K)->4341K(4544K)
[337.030s][info][gc          ] GC(700) Pause Young (Concurrent Start) (G1 Humongous Allocation) 56M->44M(256M) 3.741ms
[337.030s][info][gc          ] GC(701) Concurrent Mark Cycle
[337.030s][info][gc,marking  ] GC(701) Concurrent Scan Root Regions
[337.030s][info][gc,cpu      ] GC(700) User=0.00s Sys=0.00s Real=0.00s
[337.034s][info][gc,marking  ] GC(701) Concurrent Scan Root Regions 4.788ms
[337.034s][info][gc,marking  ] GC(701) Concurrent Mark
[337.034s][info][gc,marking  ] GC(701) Concurrent Mark From Roots
[337.034s][info][gc,task     ] GC(701) Using 1 workers of 1 for marking
[337.098s][info][gc,marking  ] GC(701) Concurrent Mark From Roots 63.964ms
[337.098s][info][gc,marking  ] GC(701) Concurrent Preclean
[337.098s][info][gc,marking  ] GC(701) Concurrent Preclean 0.048ms
[337.099s][info][gc,start    ] GC(701) Pause Remark
[337.115s][info][gc          ] GC(701) Pause Remark 63M->63M(256M) 16.411ms
[337.115s][info][gc,cpu      ] GC(701) User=0.03s Sys=0.00s Real=0.02s
[337.115s][info][gc,marking  ] GC(701) Concurrent Mark 80.715ms
[337.115s][info][gc,marking  ] GC(701) Concurrent Rebuild Remembered Sets and Scrub Regions
[337.137s][info][gc,marking  ] GC(701) Concurrent Rebuild Remembered Sets and Scrub Regions 22.228ms
[337.137s][info][gc,start    ] GC(701) Pause Cleanup
[337.137s][info][gc          ] GC(701) Pause Cleanup 67M->67M(256M) 0.042ms
[337.137s][info][gc,cpu      ] GC(701) User=0.00s Sys=0.00s Real=0.00s
[337.138s][info][gc,marking  ] GC(701) Concurrent Clear Claimed Marks
[337.138s][info][gc,marking  ] GC(701) Concurrent Clear Claimed Marks 0.038ms
[337.138s][info][gc,marking  ] GC(701) Concurrent Cleanup for Next Mark
[337.138s][info][gc,marking  ] GC(701) Concurrent Cleanup for Next Mark 0.730ms
[337.138s][info][gc          ] GC(701) Concurrent Mark Cycle 108.779ms
[337.651s][info][gc,start    ] GC(702) Pause Young (Prepare Mixed) (G1 Evacuation Pause)
[337.651s][info][gc,task     ] GC(702) Using 2 workers of 2 for evacuation
[337.665s][info][gc,phases   ] GC(702)   Pre Evacuate Collection Set: 0.22ms
[337.665s][info][gc,phases   ] GC(702)   Merge Heap Roots: 0.08ms
[337.665s][info][gc,phases   ] GC(702)   Evacuate Collection Set: 13.68ms
[337.665s][info][gc,phases   ] GC(702)   Post Evacuate Collection Set: 0.46ms
[337.665s][info][gc,phases   ] GC(702)   Other: 0.09ms
[337.665s][info][gc,heap     ] GC(702) Eden regions: 150->0(135)
[337.665s][info][gc,heap     ] GC(702) Survivor regions: 3->18(20)
[337.665s][info][gc,heap     ] GC(702) Old regions: 42->42
[337.665s][info][gc,heap     ] GC(702) Humongous regions: 11->3
[337.665s][info][gc,metaspace] GC(702) Metaspace: 42713K(43200K)->42713K(43200K) NonClass: 38372K(38656K)->38372K(38656K) Class: 4341K(4544K)->4341K(4544K)
[337.665s][info][gc          ] GC(702) Pause Young (Prepare Mixed) (G1 Evacuation Pause) 204M->61M(256M) 14.720ms
[337.665s][info][gc,cpu      ] GC(702) User=0.02s Sys=0.00s Real=0.01s
[338.257s][info][gc,start    ] GC(703) Pause Young (Mixed) (G1 Evacuation Pause)
[338.257s][info][gc,task     ] GC(703) Using 2 workers of 2 for evacuation
[338.283s][info][gc,phases   ] GC(703)   Pre Evacuate Collection Set: 0.18ms
[338.283s][info][gc,phases   ] GC(703)   Merge Heap Roots: 0.18ms
[338.283s][info][gc,phases   ] GC(703)   Evacuate Collection Set: 24.88ms
[338.283s][info][gc,phases   ] GC(703)   Post Evacuate Collection Set: 0.49ms
[338.283s][info][gc,phases   ] GC(703)   Other: 0.10ms
[338.283s][info][gc,heap     ] GC(703) Eden regions: 135->0(141)
[338.283s][info][gc,heap     ] GC(703) Survivor regions: 18->12(20)
[338.283s][info][gc,heap     ] GC(703) Old regions: 42->50
[338.283s][info][gc,heap     ] GC(703) Humongous regions: 3->3
[338.283s][info][gc,metaspace] GC(703) Metaspace: 42713K(43200K)->42713K(43200K) NonClass: 38372K(38656K)->38372K(38656K) Class: 4341K(4544K)->4341K(4544K)
[338.283s][info][gc          ] GC(703) Pause Young (Mixed) (G1 Evacuation Pause) 196M->65M(256M) 26.056ms
[338.283s][info][gc,cpu      ] GC(703) User=0.05s Sys=0.00s Real=0.03s
[338.741s][info][gc,start    ] GC(704) Pause Young (Concurrent Start) (G1 Humongous Allocation)
[338.741s][info][gc,task     ] GC(704) Using 2 workers of 2 for evacuation
[338.784s][info][gc,phases   ] GC(704)   Pre Evacuate Collection Set: 0.17ms
[338.784s][info][gc,phases   ] GC(704)   Merge Heap Roots: 0.13ms
[338.784s][info][gc,phases   ] GC(704)   Evacuate Collection Set: 41.70ms
[338.784s][info][gc,phases   ] GC(704)   Post Evacuate Collection Set: 0.49ms
[338.784s][info][gc,phases   ] GC(704)   Other: 0.14ms
[338.784s][info][gc,heap     ] GC(704) Eden regions: 101->0(115)
[338.784s][info][gc,heap     ] GC(704) Survivor regions: 12->20(20)
[338.784s][info][gc,heap     ] GC(704) Old regions: 50->70
[338.784s][info][gc,heap     ] GC(704) Humongous regions: 3->1
[338.784s][info][gc,metaspace] GC(704) Metaspace: 42713K(43200K)->42713K(43200K) NonClass: 38372K(38656K)->38372K(38656K) Class: 4341K(4544K)->4341K(4544K)
[338.784s][info][gc          ] GC(704) Pause Young (Concurrent Start) (G1 Humongous Allocation) 166M->90M(256M) 42.816ms
[338.784s][info][gc,cpu      ] GC(704) User=0.08s Sys=0.00s Real=0.04s
[338.784s][info][gc          ] GC(705) Concurrent Mark Cycle
[338.784s][info][gc,marking  ] GC(705) Concurrent Scan Root Regions
[338.827s][info][gc,marking  ] GC(705) Concurrent Scan Root Regions 43.057ms
[338.827s][info][gc,marking  ] GC(705) Concurrent Mark
[338.827s][info][gc,marking  ] GC(705) Concurrent Mark From Roots
[338.827s][info][gc,task     ] GC(705) Using 1 workers of 1 for marking
[338.888s][info][gc,marking  ] GC(705) Concurrent Mark From Roots 61.094ms
[338.888s][info][gc,marking  ] GC(705) Concurrent Preclean
[338.888s][info][gc,marking  ] GC(705) Concurrent Preclean 0.036ms
[338.889s][info][gc,start    ] GC(705) Pause Remark
[338.905s][info][gc          ] GC(705) Pause Remark 120M->120M(256M) 16.443ms
[338.905s][info][gc,cpu      ] GC(705) User=0.04s Sys=0.00s Real=0.02s
[338.905s][info][gc,marking  ] GC(705) Concurrent Mark 77.865ms
[338.905s][info][gc,marking  ] GC(705) Concurrent Rebuild Remembered Sets and Scrub Regions
[338.947s][info][gc,marking  ] GC(705) Concurrent Rebuild Remembered Sets and Scrub Regions 42.041ms
[338.947s][info][gc,start    ] GC(705) Pause Cleanup
[338.947s][info][gc          ] GC(705) Pause Cleanup 129M->129M(256M) 0.044ms
[338.947s][info][gc,cpu      ] GC(705) User=0.00s Sys=0.00s Real=0.00s
[338.947s][info][gc,marking  ] GC(705) Concurrent Clear Claimed Marks
[338.947s][info][gc,marking  ] GC(705) Concurrent Clear Claimed Marks 0.052ms
[338.947s][info][gc,marking  ] GC(705) Concurrent Cleanup for Next Mark
[338.948s][info][gc,marking  ] GC(705) Concurrent Cleanup for Next Mark 0.751ms
[338.948s][info][gc          ] GC(705) Concurrent Mark Cycle 164.224ms
[339.249s][info][gc,start    ] GC(706) Pause Young (Prepare Mixed) (G1 Evacuation Pause)
[339.249s][info][gc,task     ] GC(706) Using 2 workers of 2 for evacuation
[339.286s][info][gc,phases   ] GC(706)   Pre Evacuate Collection Set: 0.15ms
[339.286s][info][gc,phases   ] GC(706)   Merge Heap Roots: 0.34ms
[339.286s][info][gc,phases   ] GC(706)   Evacuate Collection Set: 35.98ms
[339.286s][info][gc,phases   ] GC(706)   Post Evacuate Collection Set: 0.45ms
[339.286s][info][gc,phases   ] GC(706)   Other: 0.09ms
[339.286s][info][gc,heap     ] GC(706) Eden regions: 115->0(104)
[339.286s][info][gc,heap     ] GC(706) Survivor regions: 20->14(17)
[339.286s][info][gc,heap     ] GC(706) Old regions: 70->90
[339.286s][info][gc,heap     ] GC(706) Humongous regions: 5->3
[339.286s][info][gc,metaspace] GC(706) Metaspace: 42713K(43200K)->42713K(43200K) NonClass: 38372K(38656K)->38372K(38656K) Class: 4341K(4544K)->4341K(4544K)
[339.286s][info][gc          ] GC(706) Pause Young (Prepare Mixed) (G1 Evacuation Pause) 209M->107M(256M) 37.224ms
[339.286s][info][gc,cpu      ] GC(706) User=0.08s Sys=0.00s Real=0.04s
[339.668s][info][gc,start    ] GC(707) Pause Young (Mixed) (G1 Evacuation Pause)
[339.668s][info][gc,task     ] GC(707) Using 2 workers of 2 for evacuation
[339.679s][info][gc,phases   ] GC(707)   Pre Evacuate Collection Set: 0.21ms
[339.679s][info][gc,phases   ] GC(707)   Merge Heap Roots: 0.11ms
[339.679s][info][gc,phases   ] GC(707)   Evacuate Collection Set: 10.26ms
[339.679s][info][gc,phases   ] GC(707)   Post Evacuate Collection Set: 0.42ms
[339.679s][info][gc,phases   ] GC(707)   Other: 0.09ms
[339.679s][info][gc,heap     ] GC(707) Eden regions: 104->0(114)
[339.680s][info][gc,heap     ] GC(707) Survivor regions: 14->5(15)
[339.680s][info][gc,heap     ] GC(707) Old regions: 90->93
[339.680s][info][gc,heap     ] GC(707) Humongous regions: 11->3
[339.680s][info][gc,metaspace] GC(707) Metaspace: 42713K(43200K)->42713K(43200K) NonClass: 38372K(38656K)->38372K(38656K) Class: 4341K(4544K)->4341K(4544K)
[339.680s][info][gc          ] GC(707) Pause Young (Mixed) (G1 Evacuation Pause) 219M->100M(256M) 11.272ms
[339.680s][info][gc,cpu      ] GC(707) User=0.02s Sys=0.00s Real=0.01s
[339.823s][info][gc,start    ] GC(708) Pause Young (Concurrent Start) (G1 Humongous Allocation)
[339.823s][info][gc,task     ] GC(708) Using 2 workers of 2 for evacuation
[339.828s][info][gc,phases   ] GC(708)   Pre Evacuate Collection Set: 0.20ms
[339.828s][info][gc,phases   ] GC(708)   Merge Heap Roots: 0.04ms
[339.828s][info][gc,phases   ] GC(708)   Evacuate Collection Set: 3.73ms
[339.828s][info][gc,phases   ] GC(708)   Post Evacuate Collection Set: 0.44ms
[339.828s][info][gc,phases   ] GC(708)   Other: 0.10ms
[339.828s][info][gc,heap     ] GC(708) Eden regions: 32->0(126)
[339.828s][info][gc,heap     ] GC(708) Survivor regions: 5->1(15)
[339.828s][info][gc,heap     ] GC(708) Old regions: 93->93
[339.828s][info][gc,heap     ] GC(708) Humongous regions: 3->1
[339.828s][info][gc,metaspace] GC(708) Metaspace: 42713K(43200K)->42713K(43200K) NonClass: 38372K(38656K)->38372K(38656K) Class: 4341K(4544K)->4341K(4544K)
[339.828s][info][gc          ] GC(708) Pause Young (Concurrent Start) (G1 Humongous Allocation) 132M->94M(256M) 4.665ms
[339.828s][info][gc,cpu      ] GC(708) User=0.00s Sys=0.00s Real=0.00s
[339.829s][info][gc          ] GC(709) Concurrent Mark Cycle
[339.829s][info][gc,marking  ] GC(709) Concurrent Scan Root Regions
[339.832s][info][gc,marking  ] GC(709) Concurrent Scan Root Regions 3.621ms
[339.832s][info][gc,marking  ] GC(709) Concurrent Mark
[339.832s][info][gc,marking  ] GC(709) Concurrent Mark From Roots
[339.832s][info][gc,task     ] GC(709) Using 1 workers of 1 for marking
[339.947s][info][gc,marking  ] GC(709) Concurrent Mark From Roots 114.540ms
[339.947s][info][gc,marking  ] GC(709) Concurrent Preclean
[339.947s][info][gc,marking  ] GC(709) Concurrent Preclean 0.040ms
[339.948s][info][gc,start    ] GC(709) Pause Remark
[339.965s][info][gc          ] GC(709) Pause Remark 126M->108M(256M) 17.347ms
[339.965s][info][gc,cpu      ] GC(709) User=0.04s Sys=0.00s Real=0.02s
[339.966s][info][gc,marking  ] GC(709) Concurrent Mark 133.628ms
[339.966s][info][gc,marking  ] GC(709) Concurrent Rebuild Remembered Sets and Scrub Regions
[339.996s][info][gc,marking  ] GC(709) Concurrent Rebuild Remembered Sets and Scrub Regions 30.368ms
[339.996s][info][gc,start    ] GC(709) Pause Cleanup
[339.996s][info][gc          ] GC(709) Pause Cleanup 115M->115M(256M) 0.072ms
[339.996s][info][gc,cpu      ] GC(709) User=0.00s Sys=0.00s Real=0.00s
[339.997s][info][gc,marking  ] GC(709) Concurrent Clear Claimed Marks
[339.997s][info][gc,marking  ] GC(709) Concurrent Clear Claimed Marks 0.074ms
[339.998s][info][gc,marking  ] GC(709) Concurrent Cleanup for Next Mark
[339.999s][info][gc,marking  ] GC(709) Concurrent Cleanup for Next Mark 1.108ms
[339.999s][info][gc          ] GC(709) Concurrent Mark Cycle 170.089ms
[340.366s][info][gc,start    ] GC(710) Pause Young (Prepare Mixed) (G1 Evacuation Pause)
[340.366s][info][gc,task     ] GC(710) Using 2 workers of 2 for evacuation
[340.386s][info][gc,phases   ] GC(710)   Pre Evacuate Collection Set: 0.19ms
[340.387s][info][gc,phases   ] GC(710)   Merge Heap Roots: 0.06ms
[340.387s][info][gc,phases   ] GC(710)   Evacuate Collection Set: 19.93ms
[340.387s][info][gc,phases   ] GC(710)   Post Evacuate Collection Set: 0.46ms
[340.387s][info][gc,phases   ] GC(710)   Other: 0.07ms
[340.387s][info][gc,heap     ] GC(710) Eden regions: 126->0(130)
[340.387s][info][gc,heap     ] GC(710) Survivor regions: 1->12(16)
[340.387s][info][gc,heap     ] GC(710) Old regions: 75->75
[340.387s][info][gc,heap     ] GC(710) Humongous regions: 5->3
[340.387s][info][gc,metaspace] GC(710) Metaspace: 42713K(43200K)->42713K(43200K) NonClass: 38372K(38656K)->38372K(38656K) Class: 4341K(4544K)->4341K(4544K)
[340.387s][info][gc          ] GC(710) Pause Young (Prepare Mixed) (G1 Evacuation Pause) 206M->89M(256M) 20.882ms
[340.387s][info][gc,cpu      ] GC(710) User=0.02s Sys=0.00s Real=0.02s
[340.898s][info][gc,start    ] GC(711) Pause Young (Mixed) (G1 Evacuation Pause)
[340.898s][info][gc,task     ] GC(711) Using 2 workers of 2 for evacuation
[340.906s][info][gc,phases   ] GC(711)   Pre Evacuate Collection Set: 0.26ms
[340.906s][info][gc,phases   ] GC(711)   Merge Heap Roots: 0.09ms
[340.906s][info][gc,phases   ] GC(711)   Evacuate Collection Set: 7.18ms
[340.906s][info][gc,phases   ] GC(711)   Post Evacuate Collection Set: 0.45ms
[340.906s][info][gc,phases   ] GC(711)   Other: 0.08ms
[340.906s][info][gc,heap     ] GC(711) Eden regions: 130->0(147)
[340.906s][info][gc,heap     ] GC(711) Survivor regions: 12->6(18)
[340.906s][info][gc,heap     ] GC(711) Old regions: 75->50
[340.906s][info][gc,heap     ] GC(711) Humongous regions: 9->3
[340.906s][info][gc,metaspace] GC(711) Metaspace: 42713K(43200K)->42713K(43200K) NonClass: 38372K(38656K)->38372K(38656K) Class: 4341K(4544K)->4341K(4544K)
[340.906s][info][gc          ] GC(711) Pause Young (Mixed) (G1 Evacuation Pause) 225M->58M(256M) 8.254ms
[340.907s][info][gc,cpu      ] GC(711) User=0.01s Sys=0.01s Real=0.01s
[341.449s][info][gc,start    ] GC(712) Pause Young (Mixed) (G1 Evacuation Pause)
[341.449s][info][gc,task     ] GC(712) Using 2 workers of 2 for evacuation
[341.462s][info][gc,phases   ] GC(712)   Pre Evacuate Collection Set: 0.15ms
[341.462s][info][gc,phases   ] GC(712)   Merge Heap Roots: 0.07ms
[341.462s][info][gc,phases   ] GC(712)   Evacuate Collection Set: 11.40ms
[341.462s][info][gc,phases   ] GC(712)   Post Evacuate Collection Set: 0.43ms
[341.462s][info][gc,phases   ] GC(712)   Other: 0.10ms
[341.462s][info][gc,heap     ] GC(712) Eden regions: 147->0(142)
[341.462s][info][gc,heap     ] GC(712) Survivor regions: 6->11(20)
[341.462s][info][gc,heap     ] GC(712) Old regions: 50->48
[341.462s][info][gc,heap     ] GC(712) Humongous regions: 7->3
[341.462s][info][gc,metaspace] GC(712) Metaspace: 42713K(43200K)->42713K(43200K) NonClass: 38372K(38656K)->38372K(38656K) Class: 4341K(4544K)->4341K(4544K)
[341.462s][info][gc          ] GC(712) Pause Young (Mixed) (G1 Evacuation Pause) 209M->61M(256M) 12.320ms
[341.462s][info][gc,cpu      ] GC(712) User=0.03s Sys=0.00s Real=0.02s
[341.566s][info][gc,start    ] GC(713) Pause Young (Concurrent Start) (G1 Humongous Allocation)
[341.566s][info][gc,task     ] GC(713) Using 2 workers of 2 for evacuation
[341.568s][info][gc,phases   ] GC(713)   Pre Evacuate Collection Set: 0.17ms
[341.568s][info][gc,phases   ] GC(713)   Merge Heap Roots: 0.04ms
[341.568s][info][gc,phases   ] GC(713)   Evacuate Collection Set: 2.12ms
[341.568s][info][gc,phases   ] GC(713)   Post Evacuate Collection Set: 0.31ms
[341.568s][info][gc,phases   ] GC(713)   Other: 0.09ms
[341.569s][info][gc,heap     ] GC(713) Eden regions: 26->0(151)
[341.569s][info][gc,heap     ] GC(713) Survivor regions: 11->2(20)
[341.569s][info][gc,heap     ] GC(713) Old regions: 48->49
[341.569s][info][gc,heap     ] GC(713) Humongous regions: 3->1
[341.569s][info][gc,metaspace] GC(713) Metaspace: 42713K(43200K)->42713K(43200K) NonClass: 38372K(38656K)->38372K(38656K) Class: 4341K(4544K)->4341K(4544K)
[341.569s][info][gc          ] GC(713) Pause Young (Concurrent Start) (G1 Humongous Allocation) 87M->50M(256M) 2.901ms
[341.569s][info][gc,cpu      ] GC(713) User=0.01s Sys=0.00s Real=0.00s
[341.569s][info][gc          ] GC(714) Concurrent Mark Cycle
[341.569s][info][gc,marking  ] GC(714) Concurrent Scan Root Regions
[341.571s][info][gc,marking  ] GC(714) Concurrent Scan Root Regions 2.487ms
[341.571s][info][gc,marking  ] GC(714) Concurrent Mark
[341.571s][info][gc,marking  ] GC(714) Concurrent Mark From Roots
[341.571s][info][gc,task     ] GC(714) Using 1 workers of 1 for marking
[341.634s][info][gc,marking  ] GC(714) Concurrent Mark From Roots 62.973ms
[341.634s][info][gc,marking  ] GC(714) Concurrent Preclean
[341.634s][info][gc,marking  ] GC(714) Concurrent Preclean 0.035ms
[341.634s][info][gc,start    ] GC(714) Pause Remark
[341.651s][info][gc          ] GC(714) Pause Remark 69M->69M(256M) 16.418ms
[341.651s][info][gc,cpu      ] GC(714) User=0.03s Sys=0.00s Real=0.02s
[341.651s][info][gc,marking  ] GC(714) Concurrent Mark 79.723ms
[341.651s][info][gc,marking  ] GC(714) Concurrent Rebuild Remembered Sets and Scrub Regions
[341.674s][info][gc,marking  ] GC(714) Concurrent Rebuild Remembered Sets and Scrub Regions 22.956ms
[341.674s][info][gc,start    ] GC(714) Pause Cleanup
[341.674s][info][gc          ] GC(714) Pause Cleanup 77M->77M(256M) 0.044ms
[341.674s][info][gc,cpu      ] GC(714) User=0.00s Sys=0.00s Real=0.00s
[341.674s][info][gc,marking  ] GC(714) Concurrent Clear Claimed Marks
[341.674s][info][gc,marking  ] GC(714) Concurrent Clear Claimed Marks 0.038ms
[341.674s][info][gc,marking  ] GC(714) Concurrent Cleanup for Next Mark
[341.675s][info][gc,marking  ] GC(714) Concurrent Cleanup for Next Mark 0.751ms
[341.675s][info][gc          ] GC(714) Concurrent Mark Cycle 106.331ms
[342.219s][info][gc,start    ] GC(715) Pause Young (Prepare Mixed) (G1 Evacuation Pause)
[342.219s][info][gc,task     ] GC(715) Using 2 workers of 2 for evacuation
[342.223s][info][gc,phases   ] GC(715)   Pre Evacuate Collection Set: 0.15ms
[342.223s][info][gc,phases   ] GC(715)   Merge Heap Roots: 0.07ms
[342.223s][info][gc,phases   ] GC(715)   Evacuate Collection Set: 3.98ms
[342.223s][info][gc,phases   ] GC(715)   Post Evacuate Collection Set: 0.44ms
[342.223s][info][gc,phases   ] GC(715)   Other: 0.07ms
[342.223s][info][gc,heap     ] GC(715) Eden regions: 151->0(148)
[342.223s][info][gc,heap     ] GC(715) Survivor regions: 2->5(20)
[342.223s][info][gc,heap     ] GC(715) Old regions: 49->49
[342.223s][info][gc,heap     ] GC(715) Humongous regions: 9->3
[342.223s][info][gc,metaspace] GC(715) Metaspace: 42713K(43200K)->42713K(43200K) NonClass: 38372K(38656K)->38372K(38656K) Class: 4341K(4544K)->4341K(4544K)
[342.223s][info][gc          ] GC(715) Pause Young (Prepare Mixed) (G1 Evacuation Pause) 209M->55M(256M) 4.915ms
[342.223s][info][gc,cpu      ] GC(715) User=0.01s Sys=0.00s Real=0.01s
[342.652s][info][gc,start    ] GC(716) Pause Young (Mixed) (G1 Evacuation Pause)
[342.652s][info][gc,task     ] GC(716) Using 2 workers of 2 for evacuation
[342.691s][info][gc,phases   ] GC(716)   Pre Evacuate Collection Set: 0.15ms
[342.691s][info][gc,phases   ] GC(716)   Merge Heap Roots: 0.09ms
[342.691s][info][gc,phases   ] GC(716)   Evacuate Collection Set: 38.34ms
[342.691s][info][gc,phases   ] GC(716)   Post Evacuate Collection Set: 0.51ms
[342.691s][info][gc,phases   ] GC(716)   Other: 0.07ms
[342.691s][info][gc,heap     ] GC(716) Eden regions: 148->0(125)
[342.691s][info][gc,heap     ] GC(716) Survivor regions: 5->20(20)
[342.691s][info][gc,heap     ] GC(716) Old regions: 49->64
[342.691s][info][gc,heap     ] GC(716) Humongous regions: 3->3
[342.691s][info][gc,metaspace] GC(716) Metaspace: 42713K(43200K)->42713K(43200K) NonClass: 38372K(38656K)->38372K(38656K) Class: 4341K(4544K)->4341K(4544K)
[342.691s][info][gc          ] GC(716) Pause Young (Mixed) (G1 Evacuation Pause) 203M->86M(256M) 39.387ms
[342.691s][info][gc,cpu      ] GC(716) User=0.07s Sys=0.00s Real=0.04s
[343.333s][info][gc,start    ] GC(717) Pause Young (Concurrent Start) (G1 Evacuation Pause)
[343.333s][info][gc,task     ] GC(717) Using 2 workers of 2 for evacuation
[343.390s][info][gc,phases   ] GC(717)   Pre Evacuate Collection Set: 0.18ms
[343.390s][info][gc,phases   ] GC(717)   Merge Heap Roots: 0.21ms
[343.390s][info][gc,phases   ] GC(717)   Evacuate Collection Set: 55.33ms
[343.390s][info][gc,phases   ] GC(717)   Post Evacuate Collection Set: 0.75ms
[343.390s][info][gc,phases   ] GC(717)   Other: 0.11ms
[343.390s][info][gc,heap     ] GC(717) Eden regions: 125->0(120)
[343.390s][info][gc,heap     ] GC(717) Survivor regions: 20->19(19)
[343.390s][info][gc,heap     ] GC(717) Old regions: 64->90
[343.390s][info][gc,heap     ] GC(717) Humongous regions: 3->3
[343.390s][info][gc,metaspace] GC(717) Metaspace: 42713K(43200K)->42713K(43200K) NonClass: 38372K(38656K)->38372K(38656K) Class: 4341K(4544K)->4341K(4544K)
[343.390s][info][gc          ] GC(717) Pause Young (Concurrent Start) (G1 Evacuation Pause) 211M->112M(286M) 56.760ms
[343.390s][info][gc,cpu      ] GC(717) User=0.11s Sys=0.00s Real=0.05s
[343.390s][info][gc          ] GC(718) Concurrent Mark Cycle
[343.390s][info][gc,marking  ] GC(718) Concurrent Scan Root Regions
[343.451s][info][gc,marking  ] GC(718) Concurrent Scan Root Regions 60.995ms
[343.451s][info][gc,marking  ] GC(718) Concurrent Mark
[343.451s][info][gc,marking  ] GC(718) Concurrent Mark From Roots
[343.451s][info][gc,task     ] GC(718) Using 1 workers of 1 for marking
[343.577s][info][gc,marking  ] GC(718) Concurrent Mark From Roots 125.992ms
[343.577s][info][gc,marking  ] GC(718) Concurrent Preclean
[343.577s][info][gc,marking  ] GC(718) Concurrent Preclean 0.041ms
[343.578s][info][gc,start    ] GC(718) Pause Remark
[343.594s][info][gc          ] GC(718) Pause Remark 143M->143M(286M) 16.468ms
[343.594s][info][gc,cpu      ] GC(718) User=0.03s Sys=0.00s Real=0.02s
[343.594s][info][gc,marking  ] GC(718) Concurrent Mark 143.054ms
[343.594s][info][gc,marking  ] GC(718) Concurrent Rebuild Remembered Sets and Scrub Regions
[343.666s][info][gc,marking  ] GC(718) Concurrent Rebuild Remembered Sets and Scrub Regions 71.401ms
[343.666s][info][gc,start    ] GC(718) Pause Cleanup
[343.666s][info][gc          ] GC(718) Pause Cleanup 153M->153M(286M) 0.049ms
[343.666s][info][gc,cpu      ] GC(718) User=0.00s Sys=0.00s Real=0.00s
[343.666s][info][gc,marking  ] GC(718) Concurrent Clear Claimed Marks
[343.666s][info][gc,marking  ] GC(718) Concurrent Clear Claimed Marks 0.041ms
[343.666s][info][gc,marking  ] GC(718) Concurrent Cleanup for Next Mark
[343.667s][info][gc,marking  ] GC(718) Concurrent Cleanup for Next Mark 1.210ms
[343.667s][info][gc          ] GC(718) Concurrent Mark Cycle 277.073ms
[344.104s][info][gc,start    ] GC(719) Pause Young (Prepare Mixed) (G1 Evacuation Pause)
[344.104s][info][gc,task     ] GC(719) Using 2 workers of 2 for evacuation
[344.166s][info][gc,phases   ] GC(719)   Pre Evacuate Collection Set: 0.16ms
[344.166s][info][gc,phases   ] GC(719)   Merge Heap Roots: 0.40ms
[344.166s][info][gc,phases   ] GC(719)   Evacuate Collection Set: 61.26ms
[344.166s][info][gc,phases   ] GC(719)   Post Evacuate Collection Set: 0.46ms
[344.166s][info][gc,phases   ] GC(719)   Other: 0.09ms
[344.166s][info][gc,heap     ] GC(719) Eden regions: 120->0(92)
[344.166s][info][gc,heap     ] GC(719) Survivor regions: 19->18(18)
[344.166s][info][gc,heap     ] GC(719) Old regions: 90->124
[344.166s][info][gc,heap     ] GC(719) Humongous regions: 3->3
[344.166s][info][gc,metaspace] GC(719) Metaspace: 42713K(43200K)->42713K(43200K) NonClass: 38372K(38656K)->38372K(38656K) Class: 4341K(4544K)->4341K(4544K)
[344.166s][info][gc          ] GC(719) Pause Young (Prepare Mixed) (G1 Evacuation Pause) 232M->144M(286M) 62.577ms
[344.167s][info][gc,cpu      ] GC(719) User=0.12s Sys=0.00s Real=0.06s
[344.585s][info][gc,start    ] GC(720) Pause Young (Mixed) (G1 Evacuation Pause)
[344.585s][info][gc,task     ] GC(720) Using 2 workers of 2 for evacuation
[344.636s][info][gc,phases   ] GC(720)   Pre Evacuate Collection Set: 0.21ms
[344.636s][info][gc,phases   ] GC(720)   Merge Heap Roots: 0.27ms
[344.636s][info][gc,phases   ] GC(720)   Evacuate Collection Set: 49.44ms
[344.636s][info][gc,phases   ] GC(720)   Post Evacuate Collection Set: 0.47ms
[344.636s][info][gc,phases   ] GC(720)   Other: 0.07ms
[344.636s][info][gc,heap     ] GC(720) Eden regions: 92->0(76)
[344.636s][info][gc,heap     ] GC(720) Survivor regions: 18->14(14)
[344.636s][info][gc,heap     ] GC(720) Old regions: 124->148
[344.636s][info][gc,heap     ] GC(720) Humongous regions: 5->3
[344.636s][info][gc,metaspace] GC(720) Metaspace: 42713K(43200K)->42713K(43200K) NonClass: 38372K(38656K)->38372K(38656K) Class: 4341K(4544K)->4341K(4544K)
[344.636s][info][gc          ] GC(720) Pause Young (Mixed) (G1 Evacuation Pause) 238M->164M(286M) 50.652ms
[344.636s][info][gc,cpu      ] GC(720) User=0.10s Sys=0.00s Real=0.05s
[344.900s][info][gc,start    ] GC(721) Pause Young (Concurrent Start) (G1 Humongous Allocation)
[344.900s][info][gc,task     ] GC(721) Using 2 workers of 2 for evacuation
[344.931s][info][gc,phases   ] GC(721)   Pre Evacuate Collection Set: 0.29ms
[344.931s][info][gc,phases   ] GC(721)   Merge Heap Roots: 0.21ms
[344.931s][info][gc,phases   ] GC(721)   Evacuate Collection Set: 30.11ms
[344.931s][info][gc,phases   ] GC(721)   Post Evacuate Collection Set: 0.38ms
[344.931s][info][gc,phases   ] GC(721)   Other: 0.12ms
[344.931s][info][gc,heap     ] GC(721) Eden regions: 54->0(82)
[344.931s][info][gc,heap     ] GC(721) Survivor regions: 14->5(12)
[344.931s][info][gc,heap     ] GC(721) Old regions: 148->158
[344.931s][info][gc,heap     ] GC(721) Humongous regions: 3->1
[344.931s][info][gc,metaspace] GC(721) Metaspace: 42713K(43200K)->42713K(43200K) NonClass: 38372K(38656K)->38372K(38656K) Class: 4341K(4544K)->4341K(4544K)
[344.931s][info][gc          ] GC(721) Pause Young (Concurrent Start) (G1 Humongous Allocation) 218M->163M(286M) 31.302ms
[344.932s][info][gc,cpu      ] GC(721) User=0.03s Sys=0.00s Real=0.04s
[344.932s][info][gc          ] GC(722) Concurrent Mark Cycle
[344.932s][info][gc,marking  ] GC(722) Concurrent Scan Root Regions
[344.948s][info][gc,marking  ] GC(722) Concurrent Scan Root Regions 16.829ms
[344.948s][info][gc,marking  ] GC(722) Concurrent Mark
[344.948s][info][gc,marking  ] GC(722) Concurrent Mark From Roots
[344.948s][info][gc,task     ] GC(722) Using 1 workers of 1 for marking
[345.058s][info][gc,marking  ] GC(722) Concurrent Mark From Roots 110.029ms
[345.059s][info][gc,marking  ] GC(722) Concurrent Preclean
[345.059s][info][gc,marking  ] GC(722) Concurrent Preclean 0.039ms
[345.059s][info][gc,start    ] GC(722) Pause Remark
[345.075s][info][gc          ] GC(722) Pause Remark 183M->183M(286M) 16.610ms
[345.075s][info][gc,cpu      ] GC(722) User=0.03s Sys=0.00s Real=0.02s
[345.075s][info][gc,marking  ] GC(722) Concurrent Mark 126.875ms
[345.075s][info][gc,marking  ] GC(722) Concurrent Rebuild Remembered Sets and Scrub Regions
[345.142s][info][gc,marking  ] GC(722) Concurrent Rebuild Remembered Sets and Scrub Regions 66.921ms
[345.142s][info][gc,start    ] GC(722) Pause Cleanup
[345.142s][info][gc          ] GC(722) Pause Cleanup 190M->190M(286M) 0.081ms
[345.142s][info][gc,cpu      ] GC(722) User=0.00s Sys=0.00s Real=0.00s
[345.143s][info][gc,marking  ] GC(722) Concurrent Clear Claimed Marks
[345.143s][info][gc,marking  ] GC(722) Concurrent Clear Claimed Marks 0.040ms
[345.143s][info][gc,marking  ] GC(722) Concurrent Cleanup for Next Mark
[345.143s][info][gc,marking  ] GC(722) Concurrent Cleanup for Next Mark 0.838ms
[345.143s][info][gc          ] GC(722) Concurrent Mark Cycle 211.886ms
[345.352s][info][gc,start    ] GC(723) Pause Young (Prepare Mixed) (G1 Evacuation Pause)
[345.352s][info][gc,task     ] GC(723) Using 2 workers of 2 for evacuation
[345.366s][info][gc,phases   ] GC(723)   Pre Evacuate Collection Set: 0.17ms
[345.366s][info][gc,phases   ] GC(723)   Merge Heap Roots: 0.09ms
[345.366s][info][gc,phases   ] GC(723)   Evacuate Collection Set: 13.73ms
[345.366s][info][gc,phases   ] GC(723)   Post Evacuate Collection Set: 0.43ms
[345.366s][info][gc,phases   ] GC(723)   Other: 0.09ms
[345.366s][info][gc,heap     ] GC(723) Eden regions: 82->0(77)
[345.366s][info][gc,heap     ] GC(723) Survivor regions: 5->11(11)
[345.366s][info][gc,heap     ] GC(723) Old regions: 158->160
[345.366s][info][gc,heap     ] GC(723) Humongous regions: 5->3
[345.366s][info][gc,metaspace] GC(723) Metaspace: 42713K(43200K)->42713K(43200K) NonClass: 38372K(38656K)->38372K(38656K) Class: 4341K(4544K)->4341K(4544K)
[345.366s][info][gc          ] GC(723) Pause Young (Prepare Mixed) (G1 Evacuation Pause) 249M->174M(286M) 14.742ms
[345.366s][info][gc,cpu      ] GC(723) User=0.02s Sys=0.00s Real=0.01s
[345.654s][info][gc,start    ] GC(724) Pause Young (Mixed) (G1 Evacuation Pause)
[345.654s][info][gc,task     ] GC(724) Using 2 workers of 2 for evacuation
[345.673s][info][gc,phases   ] GC(724)   Pre Evacuate Collection Set: 0.20ms
[345.674s][info][gc,phases   ] GC(724)   Merge Heap Roots: 0.16ms
[345.674s][info][gc,phases   ] GC(724)   Evacuate Collection Set: 18.97ms
[345.674s][info][gc,phases   ] GC(724)   Post Evacuate Collection Set: 0.43ms
[345.674s][info][gc,phases   ] GC(724)   Other: 0.07ms
[345.674s][info][gc,heap     ] GC(724) Eden regions: 77->0(96)
[345.674s][info][gc,heap     ] GC(724) Survivor regions: 11->6(11)
[345.674s][info][gc,heap     ] GC(724) Old regions: 160->143
[345.674s][info][gc,heap     ] GC(724) Humongous regions: 9->1
[345.674s][info][gc,metaspace] GC(724) Metaspace: 42713K(43200K)->42713K(43200K) NonClass: 38372K(38656K)->38372K(38656K) Class: 4341K(4544K)->4341K(4544K)
[345.674s][info][gc          ] GC(724) Pause Young (Mixed) (G1 Evacuation Pause) 257M->149M(286M) 20.016ms
[345.674s][info][gc,cpu      ] GC(724) User=0.04s Sys=0.00s Real=0.02s
[345.929s][info][gc,start    ] GC(725) Pause Young (Mixed) (G1 Evacuation Pause)
[345.929s][info][gc,task     ] GC(725) Using 2 workers of 2 for evacuation
[345.962s][info][gc,phases   ] GC(725)   Pre Evacuate Collection Set: 0.23ms
[345.962s][info][gc,phases   ] GC(725)   Merge Heap Roots: 0.28ms
[345.962s][info][gc,phases   ] GC(725)   Evacuate Collection Set: 31.35ms
[345.962s][info][gc,phases   ] GC(725)   Post Evacuate Collection Set: 1.05ms
[345.962s][info][gc,phases   ] GC(725)   Other: 0.08ms
[345.962s][info][gc,heap     ] GC(725) Eden regions: 96->0(145)
[345.962s][info][gc,heap     ] GC(725) Survivor regions: 6->13(13)
[345.962s][info][gc,heap     ] GC(725) Old regions: 143->137
[345.962s][info][gc,heap     ] GC(725) Humongous regions: 3->3
[345.962s][info][gc,metaspace] GC(725) Metaspace: 42713K(43200K)->42713K(43200K) NonClass: 38372K(38656K)->38372K(38656K) Class: 4341K(4544K)->4341K(4544K)
[345.962s][info][gc          ] GC(725) Pause Young (Mixed) (G1 Evacuation Pause) 246M->152M(368M) 33.191ms
[345.962s][info][gc,cpu      ] GC(725) User=0.07s Sys=0.00s Real=0.04s
[346.541s][info][gc,start    ] GC(726) Pause Young (Mixed) (G1 Evacuation Pause)
[346.541s][info][gc,task     ] GC(726) Using 2 workers of 2 for evacuation
[346.587s][info][gc,phases   ] GC(726)   Pre Evacuate Collection Set: 0.19ms
[346.587s][info][gc,phases   ] GC(726)   Merge Heap Roots: 0.48ms
[346.587s][info][gc,phases   ] GC(726)   Evacuate Collection Set: 44.96ms
[346.587s][info][gc,phases   ] GC(726)   Post Evacuate Collection Set: 0.48ms
[346.587s][info][gc,phases   ] GC(726)   Other: 0.08ms
[346.587s][info][gc,heap     ] GC(726) Eden regions: 145->0(134)
[346.587s][info][gc,heap     ] GC(726) Survivor regions: 13->20(20)
[346.587s][info][gc,heap     ] GC(726) Old regions: 137->138
[346.587s][info][gc,heap     ] GC(726) Humongous regions: 5->4
[346.587s][info][gc,metaspace] GC(726) Metaspace: 42713K(43200K)->42713K(43200K) NonClass: 38372K(38656K)->38372K(38656K) Class: 4341K(4544K)->4341K(4544K)
[346.588s][info][gc          ] GC(726) Pause Young (Mixed) (G1 Evacuation Pause) 299M->161M(368M) 46.477ms
[346.588s][info][gc,cpu      ] GC(726) User=0.09s Sys=0.00s Real=0.04s
[347.050s][info][gc,start    ] GC(727) Pause Young (Normal) (G1 Evacuation Pause)
[347.051s][info][gc,task     ] GC(727) Using 2 workers of 2 for evacuation
[347.081s][info][gc,phases   ] GC(727)   Pre Evacuate Collection Set: 0.19ms
[347.081s][info][gc,phases   ] GC(727)   Merge Heap Roots: 0.14ms
[347.081s][info][gc,phases   ] GC(727)   Evacuate Collection Set: 29.62ms
[347.081s][info][gc,phases   ] GC(727)   Post Evacuate Collection Set: 0.43ms
[347.081s][info][gc,phases   ] GC(727)   Other: 0.08ms
[347.081s][info][gc,heap     ] GC(727) Eden regions: 134->0(114)
[347.081s][info][gc,heap     ] GC(727) Survivor regions: 20->20(20)
[347.081s][info][gc,heap     ] GC(727) Old regions: 138->163
[347.081s][info][gc,heap     ] GC(727) Humongous regions: 5->5
[347.081s][info][gc,metaspace] GC(727) Metaspace: 42714K(43200K)->42714K(43200K) NonClass: 38372K(38656K)->38372K(38656K) Class: 4341K(4544K)->4341K(4544K)
[347.081s][info][gc          ] GC(727) Pause Young (Normal) (G1 Evacuation Pause) 296M->188M(368M) 30.669ms
[347.081s][info][gc,cpu      ] GC(727) User=0.06s Sys=0.00s Real=0.03s
[347.214s][info][gc,start    ] GC(728) Pause Young (Concurrent Start) (G1 Humongous Allocation)
[347.214s][info][gc,task     ] GC(728) Using 2 workers of 2 for evacuation
[347.229s][info][gc,phases   ] GC(728)   Pre Evacuate Collection Set: 0.24ms
[347.229s][info][gc,phases   ] GC(728)   Merge Heap Roots: 0.09ms
[347.229s][info][gc,phases   ] GC(728)   Evacuate Collection Set: 13.98ms
[347.229s][info][gc,phases   ] GC(728)   Post Evacuate Collection Set: 0.38ms
[347.229s][info][gc,phases   ] GC(728)   Other: 0.09ms
[347.229s][info][gc,heap     ] GC(728) Eden regions: 41->0(118)
[347.229s][info][gc,heap     ] GC(728) Survivor regions: 20->4(17)
[347.229s][info][gc,heap     ] GC(728) Old regions: 163->183
[347.229s][info][gc,heap     ] GC(728) Humongous regions: 5->5
[347.229s][info][gc,metaspace] GC(728) Metaspace: 42714K(43200K)->42714K(43200K) NonClass: 38372K(38656K)->38372K(38656K) Class: 4341K(4544K)->4341K(4544K)
[347.229s][info][gc          ] GC(728) Pause Young (Concurrent Start) (G1 Humongous Allocation) 228M->191M(368M) 14.967ms
[347.229s][info][gc,cpu      ] GC(728) User=0.03s Sys=0.00s Real=0.01s
[347.229s][info][gc          ] GC(729) Concurrent Mark Cycle
[347.229s][info][gc,marking  ] GC(729) Concurrent Scan Root Regions
[347.240s][info][gc,marking  ] GC(729) Concurrent Scan Root Regions 10.685ms
[347.240s][info][gc,marking  ] GC(729) Concurrent Mark
[347.240s][info][gc,marking  ] GC(729) Concurrent Mark From Roots
[347.240s][info][gc,task     ] GC(729) Using 1 workers of 1 for marking
[347.319s][info][gc,marking  ] GC(729) Concurrent Mark From Roots 79.543ms
[347.319s][info][gc,marking  ] GC(729) Concurrent Preclean
[347.320s][info][gc,marking  ] GC(729) Concurrent Preclean 0.058ms
[347.320s][info][gc,start    ] GC(729) Pause Remark
[347.336s][info][gc          ] GC(729) Pause Remark 215M->194M(368M) 16.496ms
[347.336s][info][gc,cpu      ] GC(729) User=0.03s Sys=0.00s Real=0.02s
[347.336s][info][gc,marking  ] GC(729) Concurrent Mark 96.536ms
[347.336s][info][gc,marking  ] GC(729) Concurrent Rebuild Remembered Sets and Scrub Regions
[347.379s][info][gc,marking  ] GC(729) Concurrent Rebuild Remembered Sets and Scrub Regions 42.233ms
[347.379s][info][gc,start    ] GC(729) Pause Cleanup
[347.379s][info][gc          ] GC(729) Pause Cleanup 208M->208M(368M) 0.083ms
[347.379s][info][gc,cpu      ] GC(729) User=0.00s Sys=0.00s Real=0.00s
[347.379s][info][gc,marking  ] GC(729) Concurrent Clear Claimed Marks
[347.379s][info][gc,marking  ] GC(729) Concurrent Clear Claimed Marks 0.039ms
[347.379s][info][gc,marking  ] GC(729) Concurrent Cleanup for Next Mark
[347.381s][info][gc,marking  ] GC(729) Concurrent Cleanup for Next Mark 1.967ms
[347.381s][info][gc          ] GC(729) Concurrent Mark Cycle 151.878ms
[347.664s][info][gc,start    ] GC(730) Pause Young (Prepare Mixed) (G1 Evacuation Pause)
[347.664s][info][gc,task     ] GC(730) Using 2 workers of 2 for evacuation
[347.672s][info][gc,phases   ] GC(730)   Pre Evacuate Collection Set: 0.18ms
[347.672s][info][gc,phases   ] GC(730)   Merge Heap Roots: 0.08ms
[347.672s][info][gc,phases   ] GC(730)   Evacuate Collection Set: 7.80ms
[347.672s][info][gc,phases   ] GC(730)   Post Evacuate Collection Set: 0.38ms
[347.672s][info][gc,phases   ] GC(730)   Other: 0.07ms
[347.672s][info][gc,heap     ] GC(730) Eden regions: 118->0(132)
[347.672s][info][gc,heap     ] GC(730) Survivor regions: 4->11(16)
[347.672s][info][gc,heap     ] GC(730) Old regions: 163->163
[347.672s][info][gc,heap     ] GC(730) Humongous regions: 5->4
[347.672s][info][gc,metaspace] GC(730) Metaspace: 42714K(43200K)->42714K(43200K) NonClass: 38372K(38656K)->38372K(38656K) Class: 4341K(4544K)->4341K(4544K)
[347.672s][info][gc          ] GC(730) Pause Young (Prepare Mixed) (G1 Evacuation Pause) 289M->178M(368M) 8.729ms
[347.672s][info][gc,cpu      ] GC(730) User=0.02s Sys=0.00s Real=0.01s
[348.162s][info][gc,start    ] GC(731) Pause Young (Mixed) (G1 Evacuation Pause)
[348.162s][info][gc,task     ] GC(731) Using 2 workers of 2 for evacuation
[348.184s][info][gc,phases   ] GC(731)   Pre Evacuate Collection Set: 0.22ms
[348.184s][info][gc,phases   ] GC(731)   Merge Heap Roots: 0.10ms
[348.184s][info][gc,phases   ] GC(731)   Evacuate Collection Set: 20.80ms
[348.184s][info][gc,phases   ] GC(731)   Post Evacuate Collection Set: 0.45ms
[348.184s][info][gc,phases   ] GC(731)   Other: 0.08ms
[348.184s][info][gc,heap     ] GC(731) Eden regions: 132->0(136)
[348.184s][info][gc,heap     ] GC(731) Survivor regions: 11->18(18)
[348.184s][info][gc,heap     ] GC(731) Old regions: 163->139
[348.184s][info][gc,heap     ] GC(731) Humongous regions: 4->4
[348.184s][info][gc,metaspace] GC(731) Metaspace: 42714K(43200K)->42714K(43200K) NonClass: 38372K(38656K)->38372K(38656K) Class: 4341K(4544K)->4341K(4544K)
[348.184s][info][gc          ] GC(731) Pause Young (Mixed) (G1 Evacuation Pause) 310M->161M(368M) 21.860ms
[348.184s][info][gc,cpu      ] GC(731) User=0.04s Sys=0.00s Real=0.02s
[348.691s][info][gc,start    ] GC(732) Pause Young (Mixed) (G1 Evacuation Pause)
[348.691s][info][gc,task     ] GC(732) Using 2 workers of 2 for evacuation
[348.731s][info][gc,phases   ] GC(732)   Pre Evacuate Collection Set: 0.23ms
[348.731s][info][gc,phases   ] GC(732)   Merge Heap Roots: 0.20ms
[348.731s][info][gc,phases   ] GC(732)   Evacuate Collection Set: 38.96ms
[348.731s][info][gc,phases   ] GC(732)   Post Evacuate Collection Set: 0.50ms
[348.731s][info][gc,phases   ] GC(732)   Other: 0.07ms
[348.731s][info][gc,heap     ] GC(732) Eden regions: 136->0(124)
[348.731s][info][gc,heap     ] GC(732) Survivor regions: 18->20(20)
[348.731s][info][gc,heap     ] GC(732) Old regions: 139->139
[348.731s][info][gc,heap     ] GC(732) Humongous regions: 5->5
[348.731s][info][gc,metaspace] GC(732) Metaspace: 42714K(43200K)->42714K(43200K) NonClass: 38372K(38656K)->38372K(38656K) Class: 4341K(4544K)->4341K(4544K)
[348.731s][info][gc          ] GC(732) Pause Young (Mixed) (G1 Evacuation Pause) 298M->163M(368M) 40.177ms
[348.731s][info][gc,cpu      ] GC(732) User=0.08s Sys=0.00s Real=0.04s
[349.152s][info][gc,start    ] GC(733) Pause Young (Mixed) (G1 Evacuation Pause)
[349.152s][info][gc,task     ] GC(733) Using 2 workers of 2 for evacuation
[349.210s][info][gc,phases   ] GC(733)   Pre Evacuate Collection Set: 0.20ms
[349.210s][info][gc,phases   ] GC(733)   Merge Heap Roots: 0.19ms
[349.210s][info][gc,phases   ] GC(733)   Evacuate Collection Set: 57.34ms
[349.210s][info][gc,phases   ] GC(733)   Post Evacuate Collection Set: 0.73ms
[349.210s][info][gc,phases   ] GC(733)   Other: 0.08ms
[349.210s][info][gc,heap     ] GC(733) Eden regions: 124->0(96)
[349.210s][info][gc,heap     ] GC(733) Survivor regions: 20->18(18)
[349.210s][info][gc,heap     ] GC(733) Old regions: 139->199
[349.210s][info][gc,heap     ] GC(733) Humongous regions: 5->5
[349.210s][info][gc,metaspace] GC(733) Metaspace: 42714K(43200K)->42714K(43200K) NonClass: 38372K(38656K)->38372K(38656K) Class: 4341K(4544K)->4341K(4544K)
[349.211s][info][gc          ] GC(733) Pause Young (Mixed) (G1 Evacuation Pause) 287M->221M(409M) 58.818ms
[349.211s][info][gc,cpu      ] GC(733) User=0.12s Sys=0.01s Real=0.06s
[349.231s][info][gc,start    ] GC(734) Pause Young (Concurrent Start) (G1 Humongous Allocation)
[349.231s][info][gc,task     ] GC(734) Using 2 workers of 2 for evacuation
[349.248s][info][gc,phases   ] GC(734)   Pre Evacuate Collection Set: 0.22ms
[349.248s][info][gc,phases   ] GC(734)   Merge Heap Roots: 0.18ms
[349.248s][info][gc,phases   ] GC(734)   Evacuate Collection Set: 15.79ms
[349.248s][info][gc,phases   ] GC(734)   Post Evacuate Collection Set: 0.35ms
[349.248s][info][gc,phases   ] GC(734)   Other: 0.08ms
[349.248s][info][gc,heap     ] GC(734) Eden regions: 5->0(86)
[349.248s][info][gc,heap     ] GC(734) Survivor regions: 18->4(15)
[349.248s][info][gc,heap     ] GC(734) Old regions: 199->217
[349.248s][info][gc,heap     ] GC(734) Humongous regions: 5->5
[349.248s][info][gc,metaspace] GC(734) Metaspace: 42714K(43200K)->42714K(43200K) NonClass: 38372K(38656K)->38372K(38656K) Class: 4341K(4544K)->4341K(4544K)
[349.248s][info][gc          ] GC(734) Pause Young (Concurrent Start) (G1 Humongous Allocation) 226M->225M(409M) 16.810ms
[349.248s][info][gc,cpu      ] GC(734) User=0.04s Sys=0.00s Real=0.01s
[349.248s][info][gc          ] GC(735) Concurrent Mark Cycle
[349.248s][info][gc,marking  ] GC(735) Concurrent Scan Root Regions
[349.257s][info][gc,marking  ] GC(735) Concurrent Scan Root Regions 9.225ms
[349.257s][info][gc,marking  ] GC(735) Concurrent Mark
[349.257s][info][gc,marking  ] GC(735) Concurrent Mark From Roots
[349.257s][info][gc,task     ] GC(735) Using 1 workers of 1 for marking
[349.375s][info][gc,marking  ] GC(735) Concurrent Mark From Roots 117.628ms
[349.375s][info][gc,marking  ] GC(735) Concurrent Preclean
[349.375s][info][gc,marking  ] GC(735) Concurrent Preclean 0.055ms
[349.375s][info][gc,start    ] GC(735) Pause Remark
[349.392s][info][gc          ] GC(735) Pause Remark 251M->172M(409M) 16.849ms
[349.392s][info][gc,cpu      ] GC(735) User=0.03s Sys=0.00s Real=0.02s
[349.392s][info][gc,marking  ] GC(735) Concurrent Mark 134.785ms
[349.392s][info][gc,marking  ] GC(735) Concurrent Rebuild Remembered Sets and Scrub Regions
[349.451s][info][gc,marking  ] GC(735) Concurrent Rebuild Remembered Sets and Scrub Regions 59.318ms
[349.451s][info][gc,start    ] GC(735) Pause Cleanup
[349.451s][info][gc          ] GC(735) Pause Cleanup 184M->184M(409M) 0.071ms
[349.451s][info][gc,cpu      ] GC(735) User=0.00s Sys=0.00s Real=0.00s
[349.452s][info][gc,marking  ] GC(735) Concurrent Clear Claimed Marks
[349.452s][info][gc,marking  ] GC(735) Concurrent Clear Claimed Marks 0.042ms
[349.452s][info][gc,marking  ] GC(735) Concurrent Cleanup for Next Mark
[349.453s][info][gc,marking  ] GC(735) Concurrent Cleanup for Next Mark 1.770ms
[349.453s][info][gc          ] GC(735) Concurrent Mark Cycle 205.572ms
[349.665s][info][gc,start    ] GC(736) Pause Young (Prepare Mixed) (G1 Evacuation Pause)
[349.665s][info][gc,task     ] GC(736) Using 2 workers of 2 for evacuation
[349.706s][info][gc,phases   ] GC(736)   Pre Evacuate Collection Set: 0.20ms
[349.706s][info][gc,phases   ] GC(736)   Merge Heap Roots: 0.29ms
[349.706s][info][gc,phases   ] GC(736)   Evacuate Collection Set: 39.89ms
[349.706s][info][gc,phases   ] GC(736)   Post Evacuate Collection Set: 0.48ms
[349.706s][info][gc,phases   ] GC(736)   Other: 0.09ms
[349.706s][info][gc,heap     ] GC(736) Eden regions: 86->0(95)
[349.706s][info][gc,heap     ] GC(736) Survivor regions: 4->12(12)
[349.706s][info][gc,heap     ] GC(736) Old regions: 140->181
[349.706s][info][gc,heap     ] GC(736) Humongous regions: 4->4
[349.706s][info][gc,metaspace] GC(736) Metaspace: 42714K(43200K)->42714K(43200K) NonClass: 38372K(38656K)->38372K(38656K) Class: 4341K(4544K)->4341K(4544K)
[349.706s][info][gc          ] GC(736) Pause Young (Prepare Mixed) (G1 Evacuation Pause) 233M->196M(409M) 41.184ms
[349.706s][info][gc,cpu      ] GC(736) User=0.08s Sys=0.00s Real=0.04s
[350.071s][info][gc,start    ] GC(737) Pause Young (Mixed) (G1 Evacuation Pause)
[350.071s][info][gc,task     ] GC(737) Using 2 workers of 2 for evacuation
[350.128s][info][gc,phases   ] GC(737)   Pre Evacuate Collection Set: 0.20ms
[350.128s][info][gc,phases   ] GC(737)   Merge Heap Roots: 0.45ms
[350.128s][info][gc,phases   ] GC(737)   Evacuate Collection Set: 55.70ms
[350.128s][info][gc,phases   ] GC(737)   Post Evacuate Collection Set: 0.51ms
[350.128s][info][gc,phases   ] GC(737)   Other: 0.09ms
[350.128s][info][gc,heap     ] GC(737) Eden regions: 95->0(79)
[350.128s][info][gc,heap     ] GC(737) Survivor regions: 12->14(14)
[350.128s][info][gc,heap     ] GC(737) Old regions: 181->207
[350.128s][info][gc,heap     ] GC(737) Humongous regions: 5->5
[350.128s][info][gc,metaspace] GC(737) Metaspace: 42714K(43200K)->42714K(43200K) NonClass: 38372K(38656K)->38372K(38656K) Class: 4341K(4544K)->4341K(4544K)
[350.128s][info][gc          ] GC(737) Pause Young (Mixed) (G1 Evacuation Pause) 292M->225M(409M) 57.175ms
[350.128s][info][gc,cpu      ] GC(737) User=0.11s Sys=0.00s Real=0.05s
[350.408s][info][gc,start    ] GC(738) Pause Young (Concurrent Start) (G1 Evacuation Pause)
[350.408s][info][gc,task     ] GC(738) Using 2 workers of 2 for evacuation
[350.461s][info][gc,phases   ] GC(738)   Pre Evacuate Collection Set: 0.28ms
[350.461s][info][gc,phases   ] GC(738)   Merge Heap Roots: 0.25ms
[350.461s][info][gc,phases   ] GC(738)   Evacuate Collection Set: 51.95ms
[350.461s][info][gc,phases   ] GC(738)   Post Evacuate Collection Set: 0.46ms
[350.461s][info][gc,phases   ] GC(738)   Other: 0.10ms
[350.461s][info][gc,heap     ] GC(738) Eden regions: 79->0(50)
[350.461s][info][gc,heap     ] GC(738) Survivor regions: 14->12(12)
[350.461s][info][gc,heap     ] GC(738) Old regions: 207->267
[350.461s][info][gc,heap     ] GC(738) Humongous regions: 5->5
[350.462s][info][gc,metaspace] GC(738) Metaspace: 42714K(43200K)->42714K(43200K) NonClass: 38372K(38656K)->38372K(38656K) Class: 4341K(4544K)->4341K(4544K)
[350.462s][info][gc          ] GC(738) Pause Young (Concurrent Start) (G1 Evacuation Pause) 304M->284M(409M) 53.301ms
[350.462s][info][gc          ] GC(739) Concurrent Mark Cycle
[350.462s][info][gc,marking  ] GC(739) Concurrent Scan Root Regions
[350.462s][info][gc,cpu      ] GC(738) User=0.11s Sys=0.00s Real=0.06s
[350.489s][info][gc,marking  ] GC(739) Concurrent Scan Root Regions 27.404ms
[350.489s][info][gc,marking  ] GC(739) Concurrent Mark
[350.489s][info][gc,marking  ] GC(739) Concurrent Mark From Roots
[350.489s][info][gc,task     ] GC(739) Using 1 workers of 1 for marking
[350.613s][info][gc,marking  ] GC(739) Concurrent Mark From Roots 124.328ms
[350.613s][info][gc,marking  ] GC(739) Concurrent Preclean
[350.613s][info][gc,marking  ] GC(739) Concurrent Preclean 0.051ms
[350.614s][info][gc,start    ] GC(739) Pause Remark
[350.631s][info][gc          ] GC(739) Pause Remark 315M->308M(464M) 16.993ms
[350.631s][info][gc,cpu      ] GC(739) User=0.03s Sys=0.01s Real=0.02s
[350.631s][info][gc,marking  ] GC(739) Concurrent Mark 141.706ms
[350.631s][info][gc,marking  ] GC(739) Concurrent Rebuild Remembered Sets and Scrub Regions
[350.723s][info][gc,marking  ] GC(739) Concurrent Rebuild Remembered Sets and Scrub Regions 92.327ms
[350.723s][info][gc,start    ] GC(739) Pause Cleanup
[350.723s][info][gc          ] GC(739) Pause Cleanup 325M->325M(464M) 0.187ms
[350.723s][info][gc,cpu      ] GC(739) User=0.00s Sys=0.00s Real=0.00s
[350.724s][info][gc,marking  ] GC(739) Concurrent Clear Claimed Marks
[350.724s][info][gc,marking  ] GC(739) Concurrent Clear Claimed Marks 0.048ms
[350.724s][info][gc,marking  ] GC(739) Concurrent Cleanup for Next Mark
[350.726s][info][gc,marking  ] GC(739) Concurrent Cleanup for Next Mark 2.001ms
[350.726s][info][gc          ] GC(739) Concurrent Mark Cycle 264.067ms
[350.742s][info][gc,start    ] GC(740) Pause Young (Prepare Mixed) (G1 Evacuation Pause)
[350.742s][info][gc,task     ] GC(740) Using 2 workers of 2 for evacuation
[350.780s][info][gc,phases   ] GC(740)   Pre Evacuate Collection Set: 0.27ms
[350.780s][info][gc,phases   ] GC(740)   Merge Heap Roots: 0.65ms
[350.780s][info][gc,phases   ] GC(740)   Evacuate Collection Set: 35.99ms
[350.780s][info][gc,phases   ] GC(740)   Post Evacuate Collection Set: 0.45ms
[350.780s][info][gc,phases   ] GC(740)   Other: 0.12ms
[350.780s][info][gc,heap     ] GC(740) Eden regions: 50->0(66)
[350.780s][info][gc,heap     ] GC(740) Survivor regions: 12->8(8)
[350.780s][info][gc,heap     ] GC(740) Old regions: 261->289
[350.780s][info][gc,heap     ] GC(740) Humongous regions: 5->5
[350.780s][info][gc,metaspace] GC(740) Metaspace: 42714K(43200K)->42714K(43200K) NonClass: 38372K(38656K)->38372K(38656K) Class: 4341K(4544K)->4341K(4544K)
[350.780s][info][gc          ] GC(740) Pause Young (Prepare Mixed) (G1 Evacuation Pause) 328M->302M(464M) 37.701ms
[350.780s][info][gc,cpu      ] GC(740) User=0.08s Sys=0.00s Real=0.03s
[351.048s][info][gc,start    ] GC(741) Pause Young (Mixed) (G1 Evacuation Pause)
[351.048s][info][gc,task     ] GC(741) Using 2 workers of 2 for evacuation
[351.084s][info][gc,phases   ] GC(741)   Pre Evacuate Collection Set: 0.23ms
[351.084s][info][gc,phases   ] GC(741)   Merge Heap Roots: 0.26ms
[351.084s][info][gc,phases   ] GC(741)   Evacuate Collection Set: 34.55ms
[351.084s][info][gc,phases   ] GC(741)   Post Evacuate Collection Set: 1.57ms
[351.084s][info][gc,phases   ] GC(741)   Other: 0.10ms
[351.084s][info][gc,heap     ] GC(741) Eden regions: 66->0(143)
[351.084s][info][gc,heap     ] GC(741) Survivor regions: 8->10(10)
[351.084s][info][gc,heap     ] GC(741) Old regions: 289->274
[351.084s][info][gc,heap     ] GC(741) Humongous regions: 5->5
[351.084s][info][gc,metaspace] GC(741) Metaspace: 42714K(43200K)->42714K(43200K) NonClass: 38372K(38656K)->38372K(38656K) Class: 4341K(4544K)->4341K(4544K)
[351.084s][info][gc          ] GC(741) Pause Young (Mixed) (G1 Evacuation Pause) 368M->288M(622M) 36.947ms
[351.084s][info][gc,cpu      ] GC(741) User=0.07s Sys=0.00s Real=0.04s
[351.715s][info][gc,start    ] GC(742) Pause Young (Mixed) (G1 Evacuation Pause)
[351.715s][info][gc,task     ] GC(742) Using 2 workers of 2 for evacuation
[351.763s][info][gc,phases   ] GC(742)   Pre Evacuate Collection Set: 0.29ms
[351.763s][info][gc,phases   ] GC(742)   Merge Heap Roots: 0.72ms
[351.763s][info][gc,phases   ] GC(742)   Evacuate Collection Set: 45.98ms
[351.763s][info][gc,phases   ] GC(742)   Post Evacuate Collection Set: 0.59ms
[351.763s][info][gc,phases   ] GC(742)   Other: 0.08ms
[351.763s][info][gc,heap     ] GC(742) Eden regions: 143->0(171)
[351.763s][info][gc,heap     ] GC(742) Survivor regions: 10->20(20)
[351.763s][info][gc,heap     ] GC(742) Old regions: 274->228
[351.763s][info][gc,heap     ] GC(742) Humongous regions: 6->6
[351.763s][info][gc,metaspace] GC(742) Metaspace: 42714K(43200K)->42714K(43200K) NonClass: 38372K(38656K)->38372K(38656K) Class: 4341K(4544K)->4341K(4544K)
[351.763s][info][gc          ] GC(742) Pause Young (Mixed) (G1 Evacuation Pause) 432M->253M(622M) 47.874ms
[351.763s][info][gc,cpu      ] GC(742) User=0.08s Sys=0.02s Real=0.05s
[352.401s][info][gc,start    ] GC(743) Pause Young (Normal) (G1 Evacuation Pause)
[352.401s][info][gc,task     ] GC(743) Using 2 workers of 2 for evacuation
[352.424s][info][gc,phases   ] GC(743)   Pre Evacuate Collection Set: 0.25ms
[352.425s][info][gc,phases   ] GC(743)   Merge Heap Roots: 0.21ms
[352.425s][info][gc,phases   ] GC(743)   Evacuate Collection Set: 22.14ms
[352.425s][info][gc,phases   ] GC(743)   Post Evacuate Collection Set: 0.48ms
[352.425s][info][gc,phases   ] GC(743)   Other: 0.11ms
[352.425s][info][gc,heap     ] GC(743) Eden regions: 171->0(184)
[352.425s][info][gc,heap     ] GC(743) Survivor regions: 20->13(24)
[352.425s][info][gc,heap     ] GC(743) Old regions: 228->243
[352.425s][info][gc,heap     ] GC(743) Humongous regions: 7->6
[352.425s][info][gc,metaspace] GC(743) Metaspace: 42714K(43200K)->42714K(43200K) NonClass: 38372K(38656K)->38372K(38656K) Class: 4341K(4544K)->4341K(4544K)
[352.425s][info][gc          ] GC(743) Pause Young (Normal) (G1 Evacuation Pause) 425M->261M(622M) 23.395ms
[352.425s][info][gc,cpu      ] GC(743) User=0.05s Sys=0.00s Real=0.02s
[352.810s][info][gc,start    ] GC(744) Pause Young (Concurrent Start) (G1 Humongous Allocation)
[352.810s][info][gc,task     ] GC(744) Using 2 workers of 2 for evacuation
[352.835s][info][gc,phases   ] GC(744)   Pre Evacuate Collection Set: 0.25ms
[352.835s][info][gc,phases   ] GC(744)   Merge Heap Roots: 0.07ms
[352.835s][info][gc,phases   ] GC(744)   Evacuate Collection Set: 24.40ms
[352.835s][info][gc,phases   ] GC(744)   Post Evacuate Collection Set: 0.49ms
[352.835s][info][gc,phases   ] GC(744)   Other: 0.17ms
[352.835s][info][gc,heap     ] GC(744) Eden regions: 108->0(178)
[352.835s][info][gc,heap     ] GC(744) Survivor regions: 13->25(25)
[352.835s][info][gc,heap     ] GC(744) Old regions: 243->258
[352.835s][info][gc,heap     ] GC(744) Humongous regions: 6->6
[352.835s][info][gc,metaspace] GC(744) Metaspace: 42714K(43200K)->42714K(43200K) NonClass: 38372K(38656K)->38372K(38656K) Class: 4341K(4544K)->4341K(4544K)
[352.835s][info][gc          ] GC(744) Pause Young (Concurrent Start) (G1 Humongous Allocation) 368M->288M(622M) 25.594ms
[352.835s][info][gc,cpu      ] GC(744) User=0.05s Sys=0.00s Real=0.03s
[352.835s][info][gc          ] GC(745) Concurrent Mark Cycle
[352.835s][info][gc,marking  ] GC(745) Concurrent Scan Root Regions
[352.852s][info][gc,marking  ] GC(745) Concurrent Scan Root Regions 16.498ms
[352.852s][info][gc,marking  ] GC(745) Concurrent Mark
[352.852s][info][gc,marking  ] GC(745) Concurrent Mark From Roots
[352.852s][info][gc,task     ] GC(745) Using 1 workers of 1 for marking
[352.928s][info][gc,marking  ] GC(745) Concurrent Mark From Roots 75.852ms
[352.928s][info][gc,marking  ] GC(745) Concurrent Preclean
[352.928s][info][gc,marking  ] GC(745) Concurrent Preclean 0.052ms
[352.928s][info][gc,start    ] GC(745) Pause Remark
[352.944s][info][gc          ] GC(745) Pause Remark 308M->167M(497M) 16.593ms
[352.945s][info][gc,cpu      ] GC(745) User=0.03s Sys=0.01s Real=0.02s
[352.946s][info][gc,marking  ] GC(745) Concurrent Mark 94.504ms
[352.946s][info][gc,marking  ] GC(745) Concurrent Rebuild Remembered Sets and Scrub Regions
[352.989s][info][gc,marking  ] GC(745) Concurrent Rebuild Remembered Sets and Scrub Regions 42.858ms
[352.989s][info][gc,start    ] GC(745) Pause Cleanup
[352.989s][info][gc          ] GC(745) Pause Cleanup 177M->177M(497M) 0.073ms
[352.989s][info][gc,cpu      ] GC(745) User=0.00s Sys=0.00s Real=0.00s
[352.990s][info][gc,marking  ] GC(745) Concurrent Clear Claimed Marks
[352.990s][info][gc,marking  ] GC(745) Concurrent Clear Claimed Marks 0.040ms
[352.990s][info][gc,marking  ] GC(745) Concurrent Cleanup for Next Mark
[352.991s][info][gc,marking  ] GC(745) Concurrent Cleanup for Next Mark 1.775ms
[352.991s][info][gc          ] GC(745) Concurrent Mark Cycle 156.029ms
[353.499s][info][gc,start    ] GC(746) Pause Young (Prepare Mixed) (G1 Evacuation Pause)
[353.499s][info][gc,task     ] GC(746) Using 2 workers of 2 for evacuation
[353.527s][info][gc,phases   ] GC(746)   Pre Evacuate Collection Set: 0.21ms
[353.527s][info][gc,phases   ] GC(746)   Merge Heap Roots: 0.22ms
[353.527s][info][gc,phases   ] GC(746)   Evacuate Collection Set: 27.34ms
[353.527s][info][gc,phases   ] GC(746)   Post Evacuate Collection Set: 0.51ms
[353.527s][info][gc,phases   ] GC(746)   Other: 0.07ms
[353.527s][info][gc,heap     ] GC(746) Eden regions: 178->0(192)
[353.527s][info][gc,heap     ] GC(746) Survivor regions: 25->13(26)
[353.527s][info][gc,heap     ] GC(746) Old regions: 120->144
[353.527s][info][gc,heap     ] GC(746) Humongous regions: 6->4
[353.527s][info][gc,metaspace] GC(746) Metaspace: 42714K(43200K)->42714K(43200K) NonClass: 38372K(38656K)->38372K(38656K) Class: 4341K(4544K)->4341K(4544K)
[353.527s][info][gc          ] GC(746) Pause Young (Prepare Mixed) (G1 Evacuation Pause) 328M->160M(497M) 28.565ms
[353.527s][info][gc,cpu      ] GC(746) User=0.06s Sys=0.00s Real=0.03s
[354.196s][info][gc,start    ] GC(747) Pause Young (Mixed) (G1 Evacuation Pause)
[354.196s][info][gc,task     ] GC(747) Using 2 workers of 2 for evacuation
[354.218s][info][gc,phases   ] GC(747)   Pre Evacuate Collection Set: 0.23ms
[354.218s][info][gc,phases   ] GC(747)   Merge Heap Roots: 0.23ms
[354.218s][info][gc,phases   ] GC(747)   Evacuate Collection Set: 20.82ms
[354.218s][info][gc,phases   ] GC(747)   Post Evacuate Collection Set: 0.54ms
[354.218s][info][gc,phases   ] GC(747)   Other: 0.10ms
[354.218s][info][gc,heap     ] GC(747) Eden regions: 192->0(208)
[354.218s][info][gc,heap     ] GC(747) Survivor regions: 13->26(26)
[354.218s][info][gc,heap     ] GC(747) Old regions: 144->115
[354.218s][info][gc,heap     ] GC(747) Humongous regions: 6->5
[354.218s][info][gc,metaspace] GC(747) Metaspace: 42714K(43200K)->42714K(43200K) NonClass: 38372K(38656K)->38372K(38656K) Class: 4341K(4544K)->4341K(4544K)
[354.218s][info][gc          ] GC(747) Pause Young (Mixed) (G1 Evacuation Pause) 353M->145M(497M) 22.115ms
[354.218s][info][gc,cpu      ] GC(747) User=0.04s Sys=0.00s Real=0.02s
[354.611s][info][gc,start    ] GC(748) Pause Young (Concurrent Start) (G1 Humongous Allocation)
[354.611s][info][gc,task     ] GC(748) Using 2 workers of 2 for evacuation
[354.637s][info][gc,phases   ] GC(748)   Pre Evacuate Collection Set: 0.24ms
[354.637s][info][gc,phases   ] GC(748)   Merge Heap Roots: 0.12ms
[354.637s][info][gc,phases   ] GC(748)   Evacuate Collection Set: 25.00ms
[354.637s][info][gc,phases   ] GC(748)   Post Evacuate Collection Set: 0.41ms
[354.637s][info][gc,phases   ] GC(748)   Other: 0.14ms
[354.637s][info][gc,heap     ] GC(748) Eden regions: 111->0(211)
[354.637s][info][gc,heap     ] GC(748) Survivor regions: 26->25(30)
[354.637s][info][gc,heap     ] GC(748) Old regions: 115->124
[354.637s][info][gc,heap     ] GC(748) Humongous regions: 5->4
[354.637s][info][gc,metaspace] GC(748) Metaspace: 42714K(43200K)->42714K(43200K) NonClass: 38372K(38656K)->38372K(38656K) Class: 4341K(4544K)->4341K(4544K)
[354.637s][info][gc          ] GC(748) Pause Young (Concurrent Start) (G1 Humongous Allocation) 255M->151M(497M) 26.113ms
[354.637s][info][gc,cpu      ] GC(748) User=0.05s Sys=0.00s Real=0.02s
[354.637s][info][gc          ] GC(749) Concurrent Mark Cycle
[354.637s][info][gc,marking  ] GC(749) Concurrent Scan Root Regions
[354.654s][info][gc,marking  ] GC(749) Concurrent Scan Root Regions 16.568ms
[354.654s][info][gc,marking  ] GC(749) Concurrent Mark
[354.654s][info][gc,marking  ] GC(749) Concurrent Mark From Roots
[354.654s][info][gc,task     ] GC(749) Using 1 workers of 1 for marking
[354.756s][info][gc,marking  ] GC(749) Concurrent Mark From Roots 102.061ms
[354.756s][info][gc,marking  ] GC(749) Concurrent Preclean
[354.756s][info][gc,marking  ] GC(749) Concurrent Preclean 0.046ms
[354.756s][info][gc,start    ] GC(749) Pause Remark
[354.773s][info][gc          ] GC(749) Pause Remark 180M->175M(497M) 16.481ms
[354.773s][info][gc,cpu      ] GC(749) User=0.03s Sys=0.00s Real=0.02s
[354.773s][info][gc,marking  ] GC(749) Concurrent Mark 118.868ms
[354.773s][info][gc,marking  ] GC(749) Concurrent Rebuild Remembered Sets and Scrub Regions
[354.822s][info][gc,marking  ] GC(749) Concurrent Rebuild Remembered Sets and Scrub Regions 49.154ms
[354.822s][info][gc,start    ] GC(749) Pause Cleanup
[354.822s][info][gc          ] GC(749) Pause Cleanup 190M->190M(497M) 0.057ms
[354.822s][info][gc,cpu      ] GC(749) User=0.00s Sys=0.00s Real=0.00s
[354.822s][info][gc,marking  ] GC(749) Concurrent Clear Claimed Marks
[354.822s][info][gc,marking  ] GC(749) Concurrent Clear Claimed Marks 0.041ms
[354.822s][info][gc,marking  ] GC(749) Concurrent Cleanup for Next Mark
[354.824s][info][gc,marking  ] GC(749) Concurrent Cleanup for Next Mark 1.446ms
[354.824s][info][gc          ] GC(749) Concurrent Mark Cycle 186.451ms
[355.375s][info][gc,start    ] GC(750) Pause Young (Prepare Mixed) (G1 Evacuation Pause)
[355.375s][info][gc,task     ] GC(750) Using 2 workers of 2 for evacuation
[355.388s][info][gc,phases   ] GC(750)   Pre Evacuate Collection Set: 0.23ms
[355.388s][info][gc,phases   ] GC(750)   Merge Heap Roots: 0.09ms
[355.388s][info][gc,phases   ] GC(750)   Evacuate Collection Set: 12.67ms
[355.388s][info][gc,phases   ] GC(750)   Post Evacuate Collection Set: 0.50ms
[355.389s][info][gc,phases   ] GC(750)   Other: 0.10ms
[355.389s][info][gc,heap     ] GC(750) Eden regions: 211->0(224)
[355.389s][info][gc,heap     ] GC(750) Survivor regions: 25->20(30)
[355.389s][info][gc,heap     ] GC(750) Old regions: 119->120
[355.389s][info][gc,heap     ] GC(750) Humongous regions: 8->4
[355.389s][info][gc,metaspace] GC(750) Metaspace: 42714K(43200K)->42714K(43200K) NonClass: 38372K(38656K)->38372K(38656K) Class: 4341K(4544K)->4341K(4544K)
[355.389s][info][gc          ] GC(750) Pause Young (Prepare Mixed) (G1 Evacuation Pause) 361M->143M(497M) 13.811ms
[355.389s][info][gc,cpu      ] GC(750) User=0.03s Sys=0.00s Real=0.01s
[356.098s][info][gc,start    ] GC(751) Pause Young (Mixed) (G1 Evacuation Pause)
[356.098s][info][gc,task     ] GC(751) Using 2 workers of 2 for evacuation
[356.115s][info][gc,phases   ] GC(751)   Pre Evacuate Collection Set: 0.22ms
[356.115s][info][gc,phases   ] GC(751)   Merge Heap Roots: 0.21ms
[356.115s][info][gc,phases   ] GC(751)   Evacuate Collection Set: 15.87ms
[356.115s][info][gc,phases   ] GC(751)   Post Evacuate Collection Set: 0.51ms
[356.115s][info][gc,phases   ] GC(751)   Other: 0.08ms
[356.115s][info][gc,heap     ] GC(751) Eden regions: 224->0(250)
[356.115s][info][gc,heap     ] GC(751) Survivor regions: 20->1(31)
[356.115s][info][gc,heap     ] GC(751) Old regions: 120->123
[356.115s][info][gc,heap     ] GC(751) Humongous regions: 4->4
[356.115s][info][gc,metaspace] GC(751) Metaspace: 42714K(43200K)->42714K(43200K) NonClass: 38372K(38656K)->38372K(38656K) Class: 4341K(4544K)->4341K(4544K)
[356.115s][info][gc          ] GC(751) Pause Young (Mixed) (G1 Evacuation Pause) 367M->127M(497M) 17.090ms
[356.115s][info][gc,cpu      ] GC(751) User=0.03s Sys=0.00s Real=0.02s
[356.232s][info][gc,start    ] GC(752) Pause Young (Concurrent Start) (G1 Humongous Allocation)
[356.232s][info][gc,task     ] GC(752) Using 2 workers of 2 for evacuation
[356.234s][info][gc,phases   ] GC(752)   Pre Evacuate Collection Set: 0.24ms
[356.234s][info][gc,phases   ] GC(752)   Merge Heap Roots: 0.05ms
[356.234s][info][gc,phases   ] GC(752)   Evacuate Collection Set: 1.12ms
[356.234s][info][gc,phases   ] GC(752)   Post Evacuate Collection Set: 0.37ms
[356.234s][info][gc,phases   ] GC(752)   Other: 0.08ms
[356.234s][info][gc,heap     ] GC(752) Eden regions: 36->0(266)
[356.234s][info][gc,heap     ] GC(752) Survivor regions: 1->1(32)
[356.234s][info][gc,heap     ] GC(752) Old regions: 123->123
[356.234s][info][gc,heap     ] GC(752) Humongous regions: 4->4
[356.234s][info][gc,metaspace] GC(752) Metaspace: 42714K(43200K)->42714K(43200K) NonClass: 38372K(38656K)->38372K(38656K) Class: 4341K(4544K)->4341K(4544K)
[356.234s][info][gc          ] GC(752) Pause Young (Concurrent Start) (G1 Humongous Allocation) 163M->127M(497M) 2.034ms
[356.234s][info][gc,cpu      ] GC(752) User=0.00s Sys=0.00s Real=0.00s
[356.234s][info][gc          ] GC(753) Concurrent Mark Cycle
[356.234s][info][gc,marking  ] GC(753) Concurrent Scan Root Regions
[356.235s][info][gc,marking  ] GC(753) Concurrent Scan Root Regions 0.632ms
[356.235s][info][gc,marking  ] GC(753) Concurrent Mark
[356.235s][info][gc,marking  ] GC(753) Concurrent Mark From Roots
[356.235s][info][gc,task     ] GC(753) Using 1 workers of 1 for marking
[356.313s][info][gc,marking  ] GC(753) Concurrent Mark From Roots 78.611ms
[356.313s][info][gc,marking  ] GC(753) Concurrent Preclean
[356.313s][info][gc,marking  ] GC(753) Concurrent Preclean 0.056ms
[356.313s][info][gc,start    ] GC(753) Pause Remark
[356.330s][info][gc          ] GC(753) Pause Remark 151M->119M(324M) 16.653ms
[356.330s][info][gc,cpu      ] GC(753) User=0.03s Sys=0.00s Real=0.01s
[356.330s][info][gc,marking  ] GC(753) Concurrent Mark 95.604ms
[356.330s][info][gc,marking  ] GC(753) Concurrent Rebuild Remembered Sets and Scrub Regions
[356.362s][info][gc,marking  ] GC(753) Concurrent Rebuild Remembered Sets and Scrub Regions 32.243ms
[356.363s][info][gc,start    ] GC(753) Pause Cleanup
[356.363s][info][gc          ] GC(753) Pause Cleanup 129M->129M(324M) 0.050ms
[356.363s][info][gc,cpu      ] GC(753) User=0.00s Sys=0.00s Real=0.00s
[356.363s][info][gc,marking  ] GC(753) Concurrent Clear Claimed Marks
[356.363s][info][gc,marking  ] GC(753) Concurrent Clear Claimed Marks 0.038ms
[356.363s][info][gc,marking  ] GC(753) Concurrent Cleanup for Next Mark
[356.364s][info][gc,marking  ] GC(753) Concurrent Cleanup for Next Mark 0.945ms
[356.364s][info][gc          ] GC(753) Concurrent Mark Cycle 129.812ms
[356.832s][info][gc,start    ] GC(754) Pause Young (Prepare Mixed) (G1 Evacuation Pause)
[356.832s][info][gc,task     ] GC(754) Using 2 workers of 2 for evacuation
[356.836s][info][gc,phases   ] GC(754)   Pre Evacuate Collection Set: 0.18ms
[356.836s][info][gc,phases   ] GC(754)   Merge Heap Roots: 0.07ms
[356.836s][info][gc,phases   ] GC(754)   Evacuate Collection Set: 3.65ms
[356.836s][info][gc,phases   ] GC(754)   Post Evacuate Collection Set: 0.44ms
[356.836s][info][gc,phases   ] GC(754)   Other: 0.07ms
[356.836s][info][gc,heap     ] GC(754) Eden regions: 193->0(175)
[356.836s][info][gc,heap     ] GC(754) Survivor regions: 1->5(25)
[356.836s][info][gc,heap     ] GC(754) Old regions: 92->92
[356.836s][info][gc,heap     ] GC(754) Humongous regions: 4->1
[356.836s][info][gc,metaspace] GC(754) Metaspace: 42714K(43200K)->42714K(43200K) NonClass: 38372K(38656K)->38372K(38656K) Class: 4341K(4544K)->4341K(4544K)
[356.836s][info][gc          ] GC(754) Pause Young (Prepare Mixed) (G1 Evacuation Pause) 289M->96M(324M) 4.605ms
[356.836s][info][gc,cpu      ] GC(754) User=0.01s Sys=0.00s Real=0.00s
[357.149s][info][gc,start    ] GC(755) Pause Young (Mixed) (G1 Evacuation Pause)
[357.149s][info][gc,task     ] GC(755) Using 2 workers of 2 for evacuation
[357.156s][info][gc,phases   ] GC(755)   Pre Evacuate Collection Set: 0.19ms
[357.156s][info][gc,phases   ] GC(755)   Merge Heap Roots: 0.08ms
[357.156s][info][gc,phases   ] GC(755)   Evacuate Collection Set: 5.84ms
[357.156s][info][gc,phases   ] GC(755)   Post Evacuate Collection Set: 0.47ms
[357.156s][info][gc,phases   ] GC(755)   Other: 0.08ms
[357.156s][info][gc,heap     ] GC(755) Eden regions: 175->0(189)
[357.156s][info][gc,heap     ] GC(755) Survivor regions: 5->5(23)
[357.156s][info][gc,heap     ] GC(755) Old regions: 92->73
[357.156s][info][gc,heap     ] GC(755) Humongous regions: 1->1
[357.156s][info][gc,metaspace] GC(755) Metaspace: 42714K(43200K)->42714K(43200K) NonClass: 38372K(38656K)->38372K(38656K) Class: 4341K(4544K)->4341K(4544K)
[357.156s][info][gc          ] GC(755) Pause Young (Mixed) (G1 Evacuation Pause) 271M->77M(324M) 6.851ms
[357.156s][info][gc,cpu      ] GC(755) User=0.01s Sys=0.00s Real=0.01s
[357.495s][info][gc,start    ] GC(756) Pause Young (Concurrent Start) (G1 Humongous Allocation)
[357.495s][info][gc,task     ] GC(756) Using 2 workers of 2 for evacuation
[357.498s][info][gc,phases   ] GC(756)   Pre Evacuate Collection Set: 0.19ms
[357.498s][info][gc,phases   ] GC(756)   Merge Heap Roots: 0.06ms
[357.498s][info][gc,phases   ] GC(756)   Evacuate Collection Set: 2.38ms
[357.498s][info][gc,phases   ] GC(756)   Post Evacuate Collection Set: 0.53ms
[357.498s][info][gc,phases   ] GC(756)   Other: 0.09ms
[357.498s][info][gc,heap     ] GC(756) Eden regions: 188->0(191)
[357.498s][info][gc,heap     ] GC(756) Survivor regions: 5->3(25)
[357.498s][info][gc,heap     ] GC(756) Old regions: 73->73
[357.498s][info][gc,heap     ] GC(756) Humongous regions: 1->1
[357.498s][info][gc,metaspace] GC(756) Metaspace: 42714K(43200K)->42714K(43200K) NonClass: 38372K(38656K)->38372K(38656K) Class: 4341K(4544K)->4341K(4544K)
[357.498s][info][gc          ] GC(756) Pause Young (Concurrent Start) (G1 Humongous Allocation) 265M->75M(324M) 3.425ms
[357.498s][info][gc,cpu      ] GC(756) User=0.01s Sys=0.00s Real=0.00s
[357.498s][info][gc          ] GC(757) Concurrent Mark Cycle
[357.498s][info][gc,marking  ] GC(757) Concurrent Scan Root Regions
[357.500s][info][gc,marking  ] GC(757) Concurrent Scan Root Regions 1.636ms
[357.500s][info][gc,marking  ] GC(757) Concurrent Mark
[357.500s][info][gc,marking  ] GC(757) Concurrent Mark From Roots
[357.500s][info][gc,task     ] GC(757) Using 1 workers of 1 for marking
[357.571s][info][gc,marking  ] GC(757) Concurrent Mark From Roots 71.168ms
[357.571s][info][gc,marking  ] GC(757) Concurrent Preclean
[357.571s][info][gc,marking  ] GC(757) Concurrent Preclean 0.039ms
[357.571s][info][gc,start    ] GC(757) Pause Remark
[357.588s][info][gc          ] GC(757) Pause Remark 96M->90M(256M) 17.356ms
[357.588s][info][gc,cpu      ] GC(757) User=0.03s Sys=0.00s Real=0.01s
[357.590s][info][gc,marking  ] GC(757) Concurrent Mark 90.636ms
[357.590s][info][gc,marking  ] GC(757) Concurrent Rebuild Remembered Sets and Scrub Regions
[357.619s][info][gc,marking  ] GC(757) Concurrent Rebuild Remembered Sets and Scrub Regions 29.085ms
[357.620s][info][gc,start    ] GC(757) Pause Cleanup
[357.620s][info][gc          ] GC(757) Pause Cleanup 98M->98M(256M) 0.049ms
[357.620s][info][gc,cpu      ] GC(757) User=0.00s Sys=0.00s Real=0.00s
[357.620s][info][gc,marking  ] GC(757) Concurrent Clear Claimed Marks
[357.620s][info][gc,marking  ] GC(757) Concurrent Clear Claimed Marks 0.039ms
[357.620s][info][gc,marking  ] GC(757) Concurrent Cleanup for Next Mark
[357.621s][info][gc,marking  ] GC(757) Concurrent Cleanup for Next Mark 0.755ms
[357.621s][info][gc          ] GC(757) Concurrent Mark Cycle 122.491ms
[358.017s][info][gc,start    ] GC(758) Pause Young (Prepare Mixed) (G1 Evacuation Pause)
[358.017s][info][gc,task     ] GC(758) Using 2 workers of 2 for evacuation
[358.028s][info][gc,phases   ] GC(758)   Pre Evacuate Collection Set: 0.20ms
[358.028s][info][gc,phases   ] GC(758)   Merge Heap Roots: 0.07ms
[358.028s][info][gc,phases   ] GC(758)   Evacuate Collection Set: 10.14ms
[358.028s][info][gc,phases   ] GC(758)   Post Evacuate Collection Set: 0.96ms
[358.028s][info][gc,phases   ] GC(758)   Other: 0.07ms
[358.028s][info][gc,heap     ] GC(758) Eden regions: 73->0(208)
[358.028s][info][gc,heap     ] GC(758) Survivor regions: 3->8(26)
[358.028s][info][gc,heap     ] GC(758) Old regions: 67->67
[358.028s][info][gc,heap     ] GC(758) Humongous regions: 209->3
[358.028s][info][gc,metaspace] GC(758) Metaspace: 42714K(43200K)->42714K(43200K) NonClass: 38372K(38656K)->38372K(38656K) Class: 4341K(4544K)->4341K(4544K)
[358.028s][info][gc          ] GC(758) Pause Young (Prepare Mixed) (G1 Evacuation Pause) 350M->76M(360M) 11.663ms
[358.028s][info][gc,cpu      ] GC(758) User=0.02s Sys=0.01s Real=0.01s
[358.562s][info][gc,start    ] GC(759) Pause Young (Mixed) (G1 Evacuation Pause)
[358.562s][info][gc,task     ] GC(759) Using 2 workers of 2 for evacuation
[358.582s][info][gc,phases   ] GC(759)   Pre Evacuate Collection Set: 0.25ms
[358.582s][info][gc,phases   ] GC(759)   Merge Heap Roots: 0.12ms
[358.582s][info][gc,phases   ] GC(759)   Evacuate Collection Set: 19.09ms
[358.582s][info][gc,phases   ] GC(759)   Post Evacuate Collection Set: 1.15ms
[358.582s][info][gc,phases   ] GC(759)   Other: 0.08ms
[358.582s][info][gc,heap     ] GC(759) Eden regions: 52->0(270)
[358.582s][info][gc,heap     ] GC(759) Survivor regions: 8->12(31)
[358.582s][info][gc,heap     ] GC(759) Old regions: 67->56
[358.582s][info][gc,heap     ] GC(759) Humongous regions: 329->1
[358.582s][info][gc,metaspace] GC(759) Metaspace: 42714K(43200K)->42714K(43200K) NonClass: 38372K(38656K)->38372K(38656K) Class: 4341K(4544K)->4341K(4544K)
[358.583s][info][gc          ] GC(759) Pause Young (Mixed) (G1 Evacuation Pause) 454M->67M(471M) 20.903ms
[358.583s][info][gc,cpu      ] GC(759) User=0.03s Sys=0.01s Real=0.02s
[358.603s][info][gc,start    ] GC(760) Pause Young (Concurrent Start) (G1 Humongous Allocation)
[358.603s][info][gc,task     ] GC(760) Using 2 workers of 2 for evacuation
[358.613s][info][gc,phases   ] GC(760)   Pre Evacuate Collection Set: 0.21ms
[358.613s][info][gc,phases   ] GC(760)   Merge Heap Roots: 0.06ms
[358.613s][info][gc,phases   ] GC(760)   Evacuate Collection Set: 9.51ms
[358.613s][info][gc,phases   ] GC(760)   Post Evacuate Collection Set: 0.57ms
[358.613s][info][gc,phases   ] GC(760)   Other: 0.10ms
[358.613s][info][gc,heap     ] GC(760) Eden regions: 3->0(263)
[358.613s][info][gc,heap     ] GC(760) Survivor regions: 12->12(36)
[358.613s][info][gc,heap     ] GC(760) Old regions: 56->56
[358.613s][info][gc,heap     ] GC(760) Humongous regions: 11->1
[358.613s][info][gc,metaspace] GC(760) Metaspace: 42714K(43200K)->42714K(43200K) NonClass: 38372K(38656K)->38372K(38656K) Class: 4341K(4544K)->4341K(4544K)
[358.613s][info][gc          ] GC(760) Pause Young (Concurrent Start) (G1 Humongous Allocation) 80M->67M(471M) 10.673ms
[358.613s][info][gc,cpu      ] GC(760) User=0.02s Sys=0.00s Real=0.01s
[358.613s][info][gc          ] GC(761) Concurrent Undo Cycle
[358.613s][info][gc,marking  ] GC(761) Concurrent Clear Claimed Marks
[358.613s][info][gc,marking  ] GC(761) Concurrent Clear Claimed Marks 0.037ms
[358.613s][info][gc,marking  ] GC(761) Concurrent Cleanup for Next Mark
[358.614s][info][gc,marking  ] GC(761) Concurrent Cleanup for Next Mark 0.250ms
[358.614s][info][gc          ] GC(761) Concurrent Undo Cycle 0.342ms
[358.617s][info][gc,start    ] GC(762) Pause Young (Concurrent Start) (G1 Humongous Allocation)
[358.617s][info][gc,task     ] GC(762) Using 2 workers of 2 for evacuation
[358.629s][info][gc,phases   ] GC(762)   Pre Evacuate Collection Set: 0.26ms
[358.629s][info][gc,phases   ] GC(762)   Merge Heap Roots: 0.08ms
[358.629s][info][gc,phases   ] GC(762)   Evacuate Collection Set: 10.22ms
[358.629s][info][gc,phases   ] GC(762)   Post Evacuate Collection Set: 0.58ms
[358.629s][info][gc,phases   ] GC(762)   Other: 0.11ms
[358.629s][info][gc,heap     ] GC(762) Eden regions: 1->0(270)
[358.629s][info][gc,heap     ] GC(762) Survivor regions: 12->12(35)
[358.629s][info][gc,heap     ] GC(762) Old regions: 56->56
[358.629s][info][gc,heap     ] GC(762) Humongous regions: 3->1
[358.629s][info][gc,metaspace] GC(762) Metaspace: 42714K(43200K)->42714K(43200K) NonClass: 38372K(38656K)->38372K(38656K) Class: 4341K(4544K)->4341K(4544K)
[358.629s][info][gc          ] GC(762) Pause Young (Concurrent Start) (G1 Humongous Allocation) 70M->67M(471M) 11.412ms
[358.629s][info][gc,cpu      ] GC(762) User=0.02s Sys=0.00s Real=0.01s
[358.629s][info][gc          ] GC(763) Concurrent Mark Cycle
[358.629s][info][gc,marking  ] GC(763) Concurrent Scan Root Regions
[358.636s][info][gc,marking  ] GC(763) Concurrent Scan Root Regions 6.868ms
[358.636s][info][gc,marking  ] GC(763) Concurrent Mark
[358.636s][info][gc,marking  ] GC(763) Concurrent Mark From Roots
[358.636s][info][gc,task     ] GC(763) Using 1 workers of 1 for marking
[358.705s][info][gc,marking  ] GC(763) Concurrent Mark From Roots 68.829ms
[358.705s][info][gc,marking  ] GC(763) Concurrent Preclean
[358.705s][info][gc,marking  ] GC(763) Concurrent Preclean 0.049ms
[358.705s][info][gc,start    ] GC(763) Pause Remark
[358.721s][info][gc          ] GC(763) Pause Remark 126M->126M(397M) 16.660ms
[358.721s][info][gc,cpu      ] GC(763) User=0.03s Sys=0.00s Real=0.02s
[358.722s][info][gc,marking  ] GC(763) Concurrent Mark 85.832ms
[358.722s][info][gc,marking  ] GC(763) Concurrent Rebuild Remembered Sets and Scrub Regions
[358.750s][info][gc,marking  ] GC(763) Concurrent Rebuild Remembered Sets and Scrub Regions 28.958ms
[358.751s][info][gc,start    ] GC(763) Pause Cleanup
[358.751s][info][gc          ] GC(763) Pause Cleanup 144M->144M(397M) 0.055ms
[358.751s][info][gc,cpu      ] GC(763) User=0.00s Sys=0.00s Real=0.00s
[358.751s][info][gc,marking  ] GC(763) Concurrent Clear Claimed Marks
[358.751s][info][gc,marking  ] GC(763) Concurrent Clear Claimed Marks 0.043ms
[358.751s][info][gc,marking  ] GC(763) Concurrent Cleanup for Next Mark
[358.753s][info][gc,marking  ] GC(763) Concurrent Cleanup for Next Mark 2.525ms
[358.753s][info][gc          ] GC(763) Concurrent Mark Cycle 124.624ms
[359.192s][info][gc,start    ] GC(764) Pause Young (Prepare Mixed) (G1 Evacuation Pause)
[359.192s][info][gc,task     ] GC(764) Using 2 workers of 2 for evacuation
[359.220s][info][gc,phases   ] GC(764)   Pre Evacuate Collection Set: 0.26ms
[359.220s][info][gc,phases   ] GC(764)   Merge Heap Roots: 0.07ms
[359.220s][info][gc,phases   ] GC(764)   Evacuate Collection Set: 26.31ms
[359.220s][info][gc,phases   ] GC(764)   Post Evacuate Collection Set: 1.02ms
[359.220s][info][gc,phases   ] GC(764)   Other: 0.07ms
[359.220s][info][gc,heap     ] GC(764) Eden regions: 60->0(266)
[359.220s][info][gc,heap     ] GC(764) Survivor regions: 12->20(34)
[359.220s][info][gc,heap     ] GC(764) Old regions: 56->56
[359.220s][info][gc,heap     ] GC(764) Humongous regions: 329->3
[359.220s][info][gc,metaspace] GC(764) Metaspace: 42714K(43200K)->42714K(43200K) NonClass: 38372K(38656K)->38372K(38656K) Class: 4341K(4544K)->4341K(4544K)
[359.220s][info][gc          ] GC(764) Pause Young (Prepare Mixed) (G1 Evacuation Pause) 455M->78M(477M) 27.959ms
[359.220s][info][gc,cpu      ] GC(764) User=0.04s Sys=0.01s Real=0.02s
[359.932s][info][gc,start    ] GC(765) Pause Young (Mixed) (G1 Evacuation Pause)
[359.932s][info][gc,task     ] GC(765) Using 2 workers of 2 for evacuation
[359.977s][info][gc,phases   ] GC(765)   Pre Evacuate Collection Set: 0.30ms
[359.977s][info][gc,phases   ] GC(765)   Merge Heap Roots: 0.10ms
[359.977s][info][gc,phases   ] GC(765)   Evacuate Collection Set: 42.92ms
[359.977s][info][gc,phases   ] GC(765)   Post Evacuate Collection Set: 1.25ms
[359.977s][info][gc,phases   ] GC(765)   Other: 0.08ms
[359.977s][info][gc,heap     ] GC(765) Eden regions: 78->0(334)
[359.977s][info][gc,heap     ] GC(765) Survivor regions: 20->29(39)
[359.977s][info][gc,heap     ] GC(765) Old regions: 56->53
[359.977s][info][gc,heap     ] GC(765) Humongous regions: 421->3
[359.977s][info][gc,metaspace] GC(765) Metaspace: 42714K(43200K)->42714K(43200K) NonClass: 38372K(38656K)->38372K(38656K) Class: 4341K(4544K)->4341K(4544K)
[359.977s][info][gc          ] GC(765) Pause Young (Mixed) (G1 Evacuation Pause) 573M->84M(606M) 44.868ms
[359.977s][info][gc,cpu      ] GC(765) User=0.06s Sys=0.02s Real=0.04s
[360.462s][info][gc,start    ] GC(766) Pause Young (Concurrent Start) (G1 Humongous Allocation)
[360.463s][info][gc,task     ] GC(766) Using 2 workers of 2 for evacuation
[360.471s][info][gc,phases   ] GC(766)   Pre Evacuate Collection Set: 0.28ms
[360.471s][info][gc,phases   ] GC(766)   Merge Heap Roots: 0.07ms
[360.471s][info][gc,phases   ] GC(766)   Evacuate Collection Set: 7.81ms
[360.471s][info][gc,phases   ] GC(766)   Post Evacuate Collection Set: 0.65ms
[360.472s][info][gc,phases   ] GC(766)   Other: 0.11ms
[360.472s][info][gc,heap     ] GC(766) Eden regions: 125->0(356)
[360.472s][info][gc,heap     ] GC(766) Survivor regions: 29->7(46)
[360.472s][info][gc,heap     ] GC(766) Old regions: 53->56
[360.472s][info][gc,heap     ] GC(766) Humongous regions: 87->1
[360.472s][info][gc,metaspace] GC(766) Metaspace: 42714K(43200K)->42714K(43200K) NonClass: 38373K(38656K)->38373K(38656K) Class: 4341K(4544K)->4341K(4544K)
[360.472s][info][gc          ] GC(766) Pause Young (Concurrent Start) (G1 Humongous Allocation) 293M->63M(606M) 9.115ms
[360.472s][info][gc,cpu      ] GC(766) User=0.01s Sys=0.00s Real=0.01s
[360.472s][info][gc          ] GC(767) Concurrent Undo Cycle
[360.472s][info][gc,marking  ] GC(767) Concurrent Clear Claimed Marks
[360.472s][info][gc,marking  ] GC(767) Concurrent Clear Claimed Marks 0.038ms
[360.472s][info][gc,marking  ] GC(767) Concurrent Cleanup for Next Mark
[360.472s][info][gc,marking  ] GC(767) Concurrent Cleanup for Next Mark 0.697ms
[360.472s][info][gc          ] GC(767) Concurrent Undo Cycle 0.801ms
[361.371s][info][gc,start    ] GC(768) Pause Young (Normal) (G1 Evacuation Pause)
[361.371s][info][gc,task     ] GC(768) Using 2 workers of 2 for evacuation
[361.379s][info][gc,phases   ] GC(768)   Pre Evacuate Collection Set: 0.23ms
[361.379s][info][gc,phases   ] GC(768)   Merge Heap Roots: 0.09ms
[361.379s][info][gc,phases   ] GC(768)   Evacuate Collection Set: 6.00ms
[361.379s][info][gc,phases   ] GC(768)   Post Evacuate Collection Set: 0.79ms
[361.379s][info][gc,phases   ] GC(768)   Other: 0.09ms
[361.379s][info][gc,heap     ] GC(768) Eden regions: 356->0(354)
[361.379s][info][gc,heap     ] GC(768) Survivor regions: 7->9(46)
[361.379s][info][gc,heap     ] GC(768) Old regions: 56->56
[361.379s][info][gc,heap     ] GC(768) Humongous regions: 9->1
[361.379s][info][gc,metaspace] GC(768) Metaspace: 42838K(43328K)->42838K(43328K) NonClass: 38497K(38784K)->38497K(38784K) Class: 4341K(4544K)->4341K(4544K)
[361.379s][info][gc          ] GC(768) Pause Young (Normal) (G1 Evacuation Pause) 427M->64M(606M) 7.460ms
[361.379s][info][gc,cpu      ] GC(768) User=0.01s Sys=0.00s Real=0.00s
[362.231s][info][gc,start    ] GC(769) Pause Young (Normal) (G1 Evacuation Pause)
[362.231s][info][gc,task     ] GC(769) Using 2 workers of 2 for evacuation
[362.238s][info][gc,phases   ] GC(769)   Pre Evacuate Collection Set: 0.24ms
[362.238s][info][gc,phases   ] GC(769)   Merge Heap Roots: 0.10ms
[362.238s][info][gc,phases   ] GC(769)   Evacuate Collection Set: 6.16ms
[362.238s][info][gc,phases   ] GC(769)   Post Evacuate Collection Set: 0.61ms
[362.238s][info][gc,phases   ] GC(769)   Other: 0.09ms
[362.238s][info][gc,heap     ] GC(769) Eden regions: 354->0(354)
[362.238s][info][gc,heap     ] GC(769) Survivor regions: 9->9(46)
[362.238s][info][gc,heap     ] GC(769) Old regions: 56->56
[362.238s][info][gc,heap     ] GC(769) Humongous regions: 1->1
[362.238s][info][gc,metaspace] GC(769) Metaspace: 42854K(43328K)->42854K(43328K) NonClass: 38513K(38784K)->38513K(38784K) Class: 4341K(4544K)->4341K(4544K)
[362.238s][info][gc          ] GC(769) Pause Young (Normal) (G1 Evacuation Pause) 418M->64M(606M) 7.400ms
[362.238s][info][gc,cpu      ] GC(769) User=0.01s Sys=0.00s Real=0.00s
[363.176s][info][gc,start    ] GC(770) Pause Young (Normal) (G1 Evacuation Pause)
[363.176s][info][gc,task     ] GC(770) Using 2 workers of 2 for evacuation
[363.185s][info][gc,phases   ] GC(770)   Pre Evacuate Collection Set: 0.25ms
[363.185s][info][gc,phases   ] GC(770)   Merge Heap Roots: 0.14ms
[363.185s][info][gc,phases   ] GC(770)   Evacuate Collection Set: 7.88ms
[363.185s][info][gc,phases   ] GC(770)   Post Evacuate Collection Set: 0.62ms
[363.185s][info][gc,phases   ] GC(770)   Other: 0.09ms
[363.185s][info][gc,heap     ] GC(770) Eden regions: 354->0(349)
[363.185s][info][gc,heap     ] GC(770) Survivor regions: 9->14(46)
[363.185s][info][gc,heap     ] GC(770) Old regions: 56->56
[363.185s][info][gc,heap     ] GC(770) Humongous regions: 1->1
[363.185s][info][gc,metaspace] GC(770) Metaspace: 42861K(43328K)->42861K(43328K) NonClass: 38519K(38784K)->38519K(38784K) Class: 4341K(4544K)->4341K(4544K)
[363.185s][info][gc          ] GC(770) Pause Young (Normal) (G1 Evacuation Pause) 418M->69M(606M) 9.182ms
[363.185s][info][gc,cpu      ] GC(770) User=0.01s Sys=0.00s Real=0.01s
[365.046s][info][gc,start    ] GC(771) Pause Young (Normal) (G1 Evacuation Pause)
[365.046s][info][gc,task     ] GC(771) Using 2 workers of 2 for evacuation
[365.068s][info][gc,phases   ] GC(771)   Pre Evacuate Collection Set: 0.27ms
[365.068s][info][gc,phases   ] GC(771)   Merge Heap Roots: 0.13ms
[365.068s][info][gc,phases   ] GC(771)   Evacuate Collection Set: 20.09ms
[365.068s][info][gc,phases   ] GC(771)   Post Evacuate Collection Set: 0.88ms
[365.068s][info][gc,phases   ] GC(771)   Other: 0.11ms
[365.068s][info][gc,heap     ] GC(771) Eden regions: 349->0(341)
[365.068s][info][gc,heap     ] GC(771) Survivor regions: 14->22(46)
[365.068s][info][gc,heap     ] GC(771) Old regions: 56->56
[365.068s][info][gc,heap     ] GC(771) Humongous regions: 13->3
[365.068s][info][gc,metaspace] GC(771) Metaspace: 42896K(43328K)->42896K(43328K) NonClass: 38555K(38784K)->38555K(38784K) Class: 4341K(4544K)->4341K(4544K)
[365.068s][info][gc          ] GC(771) Pause Young (Normal) (G1 Evacuation Pause) 430M->79M(606M) 21.685ms
[365.068s][info][gc,cpu      ] GC(771) User=0.04s Sys=0.00s Real=0.02s
[365.889s][info][gc,start    ] GC(772) Pause Young (Normal) (G1 Evacuation Pause)
[365.889s][info][gc,task     ] GC(772) Using 2 workers of 2 for evacuation
[365.956s][info][gc,phases   ] GC(772)   Pre Evacuate Collection Set: 0.25ms
[365.956s][info][gc,phases   ] GC(772)   Merge Heap Roots: 0.14ms
[365.956s][info][gc,phases   ] GC(772)   Evacuate Collection Set: 65.46ms
[365.956s][info][gc,phases   ] GC(772)   Post Evacuate Collection Set: 0.79ms
[365.956s][info][gc,phases   ] GC(772)   Other: 0.10ms
[365.956s][info][gc,heap     ] GC(772) Eden regions: 341->0(317)
[365.956s][info][gc,heap     ] GC(772) Survivor regions: 22->46(46)
[365.956s][info][gc,heap     ] GC(772) Old regions: 56->67
[365.956s][info][gc,heap     ] GC(772) Humongous regions: 6->6
[365.956s][info][gc,metaspace] GC(772) Metaspace: 42896K(43328K)->42896K(43328K) NonClass: 38555K(38784K)->38555K(38784K) Class: 4341K(4544K)->4341K(4544K)
[365.956s][info][gc          ] GC(772) Pause Young (Normal) (G1 Evacuation Pause) 423M->118M(606M) 66.981ms
[365.956s][info][gc,cpu      ] GC(772) User=0.14s Sys=0.00s Real=0.07s
[366.757s][info][gc,start    ] GC(773) Pause Young (Normal) (G1 Evacuation Pause)
[366.757s][info][gc,task     ] GC(773) Using 2 workers of 2 for evacuation
[366.854s][info][gc,phases   ] GC(773)   Pre Evacuate Collection Set: 0.26ms
[366.854s][info][gc,phases   ] GC(773)   Merge Heap Roots: 0.30ms
[366.854s][info][gc,phases   ] GC(773)   Evacuate Collection Set: 95.44ms
[366.854s][info][gc,phases   ] GC(773)   Post Evacuate Collection Set: 0.70ms
[366.854s][info][gc,phases   ] GC(773)   Other: 0.08ms
[366.854s][info][gc,heap     ] GC(773) Eden regions: 317->0(331)
[366.854s][info][gc,heap     ] GC(773) Survivor regions: 46->32(46)
[366.854s][info][gc,heap     ] GC(773) Old regions: 67->113
[366.854s][info][gc,heap     ] GC(773) Humongous regions: 12->10
[366.854s][info][gc,metaspace] GC(773) Metaspace: 42897K(43328K)->42897K(43328K) NonClass: 38556K(38784K)->38556K(38784K) Class: 4341K(4544K)->4341K(4544K)
[366.854s][info][gc          ] GC(773) Pause Young (Normal) (G1 Evacuation Pause) 441M->154M(606M) 96.975ms
[366.854s][info][gc,cpu      ] GC(773) User=0.19s Sys=0.00s Real=0.10s
[369.570s][info][gc,start    ] GC(774) Pause Young (Concurrent Start) (G1 Humongous Allocation)
[369.570s][info][gc,task     ] GC(774) Using 2 workers of 2 for evacuation
[369.606s][info][gc,phases   ] GC(774)   Pre Evacuate Collection Set: 0.26ms
[369.606s][info][gc,phases   ] GC(774)   Merge Heap Roots: 0.11ms
[369.606s][info][gc,phases   ] GC(774)   Evacuate Collection Set: 35.07ms
[369.606s][info][gc,phases   ] GC(774)   Post Evacuate Collection Set: 0.40ms
[369.606s][info][gc,phases   ] GC(774)   Other: 0.09ms
[369.606s][info][gc,heap     ] GC(774) Eden regions: 24->0(361)
[369.606s][info][gc,heap     ] GC(774) Survivor regions: 32->2(46)
[369.606s][info][gc,heap     ] GC(774) Old regions: 113->145
[369.606s][info][gc,heap     ] GC(774) Humongous regions: 10->8
[369.606s][info][gc,metaspace] GC(774) Metaspace: 42899K(43328K)->42899K(43328K) NonClass: 38558K(38784K)->38558K(38784K) Class: 4341K(4544K)->4341K(4544K)
[369.606s][info][gc          ] GC(774) Pause Young (Concurrent Start) (G1 Humongous Allocation) 177M->153M(606M) 36.105ms
[369.606s][info][gc,cpu      ] GC(774) User=0.07s Sys=0.00s Real=0.04s
[369.606s][info][gc          ] GC(775) Concurrent Mark Cycle
[369.606s][info][gc,marking  ] GC(775) Concurrent Scan Root Regions
[369.638s][info][gc,marking  ] GC(775) Concurrent Scan Root Regions 32.531ms
[369.639s][info][gc,marking  ] GC(775) Concurrent Mark
[369.639s][info][gc,marking  ] GC(775) Concurrent Mark From Roots
[369.639s][info][gc,task     ] GC(775) Using 1 workers of 1 for marking
[369.738s][info][gc,marking  ] GC(775) Concurrent Mark From Roots 99.534ms
[369.738s][info][gc,marking  ] GC(775) Concurrent Preclean
[369.738s][info][gc,marking  ] GC(775) Concurrent Preclean 0.215ms
[369.739s][info][gc,start    ] GC(775) Pause Remark
[369.764s][info][gc          ] GC(775) Pause Remark 178M->166M(484M) 25.132ms
[369.764s][info][gc,cpu      ] GC(775) User=0.05s Sys=0.00s Real=0.03s
[369.764s][info][gc,marking  ] GC(775) Concurrent Mark 125.613ms
[369.764s][info][gc,marking  ] GC(775) Concurrent Rebuild Remembered Sets and Scrub Regions
[369.864s][info][gc,marking  ] GC(775) Concurrent Rebuild Remembered Sets and Scrub Regions 99.858ms
[369.878s][info][gc,start    ] GC(775) Pause Cleanup
[369.878s][info][gc          ] GC(775) Pause Cleanup 182M->182M(484M) 0.111ms
[369.878s][info][gc,cpu      ] GC(775) User=0.00s Sys=0.00s Real=0.00s
[369.878s][info][gc,marking  ] GC(775) Concurrent Clear Claimed Marks
[369.879s][info][gc,marking  ] GC(775) Concurrent Clear Claimed Marks 0.043ms
[369.879s][info][gc,marking  ] GC(775) Concurrent Cleanup for Next Mark
[369.883s][info][gc,marking  ] GC(775) Concurrent Cleanup for Next Mark 4.333ms
[369.883s][info][gc          ] GC(775) Concurrent Mark Cycle 276.963ms
[370.701s][info][gc,start    ] GC(776) Pause Young (Prepare Mixed) (G1 Evacuation Pause)
[370.701s][info][gc,task     ] GC(776) Using 2 workers of 2 for evacuation
[370.718s][info][gc,phases   ] GC(776)   Pre Evacuate Collection Set: 0.26ms
[370.718s][info][gc,phases   ] GC(776)   Merge Heap Roots: 0.20ms
[370.718s][info][gc,phases   ] GC(776)   Evacuate Collection Set: 15.39ms
[370.718s][info][gc,phases   ] GC(776)   Post Evacuate Collection Set: 0.57ms
[370.718s][info][gc,phases   ] GC(776)   Other: 0.12ms
[370.718s][info][gc,heap     ] GC(776) Eden regions: 288->0(266)
[370.718s][info][gc,heap     ] GC(776) Survivor regions: 2->14(37)
[370.718s][info][gc,heap     ] GC(776) Old regions: 140->140
[370.718s][info][gc,heap     ] GC(776) Humongous regions: 5->3
[370.718s][info][gc,metaspace] GC(776) Metaspace: 42910K(43392K)->42910K(43392K) NonClass: 38567K(38848K)->38567K(38848K) Class: 4342K(4544K)->4342K(4544K)
[370.718s][info][gc          ] GC(776) Pause Young (Prepare Mixed) (G1 Evacuation Pause) 433M->155M(484M) 16.737ms
[370.718s][info][gc,cpu      ] GC(776) User=0.03s Sys=0.00s Real=0.01s
[371.377s][info][gc,start    ] GC(777) Pause Young (Mixed) (G1 Evacuation Pause)
[371.377s][info][gc,task     ] GC(777) Using 2 workers of 2 for evacuation
[371.431s][info][gc,phases   ] GC(777)   Pre Evacuate Collection Set: 0.33ms
[371.431s][info][gc,phases   ] GC(777)   Merge Heap Roots: 0.16ms
[371.431s][info][gc,phases   ] GC(777)   Evacuate Collection Set: 52.88ms
[371.431s][info][gc,phases   ] GC(777)   Post Evacuate Collection Set: 0.67ms
[371.431s][info][gc,phases   ] GC(777)   Other: 0.10ms
[371.431s][info][gc,heap     ] GC(777) Eden regions: 266->0(239)
[371.431s][info][gc,heap     ] GC(777) Survivor regions: 14->35(35)
[371.431s][info][gc,heap     ] GC(777) Old regions: 140->143
[371.431s][info][gc,heap     ] GC(777) Humongous regions: 6->6
[371.431s][info][gc,metaspace] GC(777) Metaspace: 42910K(43392K)->42910K(43392K) NonClass: 38567K(38848K)->38567K(38848K) Class: 4342K(4544K)->4342K(4544K)
[371.431s][info][gc          ] GC(777) Pause Young (Mixed) (G1 Evacuation Pause) 424M->183M(484M) 54.346ms
[371.431s][info][gc,cpu      ] GC(777) User=0.11s Sys=0.00s Real=0.06s
[371.867s][info][gc,start    ] GC(778) Pause Young (Concurrent Start) (G1 Humongous Allocation)
[371.867s][info][gc,task     ] GC(778) Using 2 workers of 2 for evacuation
[371.935s][info][gc,phases   ] GC(778)   Pre Evacuate Collection Set: 0.26ms
[371.935s][info][gc,phases   ] GC(778)   Merge Heap Roots: 0.23ms
[371.935s][info][gc,phases   ] GC(778)   Evacuate Collection Set: 67.71ms
[371.935s][info][gc,phases   ] GC(778)   Post Evacuate Collection Set: 0.48ms
[371.935s][info][gc,phases   ] GC(778)   Other: 0.13ms
[371.935s][info][gc,heap     ] GC(778) Eden regions: 189->0(218)
[371.935s][info][gc,heap     ] GC(778) Survivor regions: 35->22(35)
[371.936s][info][gc,heap     ] GC(778) Old regions: 143->179
[371.936s][info][gc,heap     ] GC(778) Humongous regions: 6->6
[371.936s][info][gc,metaspace] GC(778) Metaspace: 42910K(43392K)->42910K(43392K) NonClass: 38567K(38848K)->38567K(38848K) Class: 4342K(4544K)->4342K(4544K)
[371.936s][info][gc          ] GC(778) Pause Young (Concurrent Start) (G1 Humongous Allocation) 371M->205M(484M) 69.026ms
[371.936s][info][gc,cpu      ] GC(778) User=0.13s Sys=0.00s Real=0.07s
[371.936s][info][gc          ] GC(779) Concurrent Mark Cycle
[371.936s][info][gc,marking  ] GC(779) Concurrent Scan Root Regions
[371.963s][info][gc,marking  ] GC(779) Concurrent Scan Root Regions 27.105ms
[371.963s][info][gc,marking  ] GC(779) Concurrent Mark
[371.963s][info][gc,marking  ] GC(779) Concurrent Mark From Roots
[371.963s][info][gc,task     ] GC(779) Using 1 workers of 1 for marking
[372.016s][info][gc,marking  ] GC(779) Concurrent Mark From Roots 52.631ms
[372.016s][info][gc,marking  ] GC(779) Concurrent Preclean
[372.016s][info][gc,marking  ] GC(779) Concurrent Preclean 0.061ms
[372.016s][info][gc,start    ] GC(779) Pause Remark
[372.033s][info][gc          ] GC(779) Pause Remark 217M->184M(484M) 17.233ms
[372.033s][info][gc,cpu      ] GC(779) User=0.03s Sys=0.00s Real=0.02s
[372.034s][info][gc,marking  ] GC(779) Concurrent Mark 71.505ms
[372.034s][info][gc,marking  ] GC(779) Concurrent Rebuild Remembered Sets and Scrub Regions
[372.094s][info][gc,marking  ] GC(779) Concurrent Rebuild Remembered Sets and Scrub Regions 59.951ms
[372.095s][info][gc,start    ] GC(779) Pause Cleanup
[372.095s][info][gc          ] GC(779) Pause Cleanup 208M->208M(484M) 0.086ms
[372.095s][info][gc,cpu      ] GC(779) User=0.00s Sys=0.00s Real=0.00s
[372.095s][info][gc,marking  ] GC(779) Concurrent Clear Claimed Marks
[372.096s][info][gc,marking  ] GC(779) Concurrent Clear Claimed Marks 0.058ms
[372.096s][info][gc,marking  ] GC(779) Concurrent Cleanup for Next Mark
[372.097s][info][gc,marking  ] GC(779) Concurrent Cleanup for Next Mark 1.442ms
[372.097s][info][gc          ] GC(779) Concurrent Mark Cycle 161.442ms
[373.659s][info][gc,start    ] GC(780) Pause Young (Prepare Mixed) (G1 Evacuation Pause)
[373.659s][info][gc,task     ] GC(780) Using 2 workers of 2 for evacuation
[373.723s][info][gc,phases   ] GC(780)   Pre Evacuate Collection Set: 0.23ms
[373.723s][info][gc,phases   ] GC(780)   Merge Heap Roots: 0.18ms
[373.723s][info][gc,phases   ] GC(780)   Evacuate Collection Set: 63.16ms
[373.723s][info][gc,phases   ] GC(780)   Post Evacuate Collection Set: 0.57ms
[373.723s][info][gc,phases   ] GC(780)   Other: 0.08ms
[373.723s][info][gc,heap     ] GC(780) Eden regions: 218->0(220)
[373.723s][info][gc,heap     ] GC(780) Survivor regions: 22->22(30)
[373.723s][info][gc,heap     ] GC(780) Old regions: 146->168
[373.723s][info][gc,heap     ] GC(780) Humongous regions: 17->15
[373.723s][info][gc,metaspace] GC(780) Metaspace: 42910K(43392K)->42910K(43392K) NonClass: 38567K(38848K)->38567K(38848K) Class: 4342K(4544K)->4342K(4544K)
[373.723s][info][gc          ] GC(780) Pause Young (Prepare Mixed) (G1 Evacuation Pause) 402M->203M(484M) 64.430ms
[373.723s][info][gc,cpu      ] GC(780) User=0.13s Sys=0.00s Real=0.07s
[374.730s][info][gc,start    ] GC(781) Pause Young (Mixed) (G1 Evacuation Pause)
[374.730s][info][gc,task     ] GC(781) Using 2 workers of 2 for evacuation
[374.772s][info][gc,phases   ] GC(781)   Pre Evacuate Collection Set: 0.23ms
[374.772s][info][gc,phases   ] GC(781)   Merge Heap Roots: 0.21ms
[374.772s][info][gc,phases   ] GC(781)   Evacuate Collection Set: 41.25ms
[374.772s][info][gc,phases   ] GC(781)   Post Evacuate Collection Set: 0.50ms
[374.772s][info][gc,phases   ] GC(781)   Other: 0.08ms
[374.772s][info][gc,heap     ] GC(781) Eden regions: 220->0(252)
[374.772s][info][gc,heap     ] GC(781) Survivor regions: 22->13(31)
[374.772s][info][gc,heap     ] GC(781) Old regions: 168->140
[374.772s][info][gc,heap     ] GC(781) Humongous regions: 15->15
[374.772s][info][gc,metaspace] GC(781) Metaspace: 42910K(43392K)->42910K(43392K) NonClass: 38567K(38848K)->38567K(38848K) Class: 4342K(4544K)->4342K(4544K)
[374.772s][info][gc          ] GC(781) Pause Young (Mixed) (G1 Evacuation Pause) 423M->167M(484M) 42.502ms
[374.772s][info][gc,cpu      ] GC(781) User=0.08s Sys=0.00s Real=0.05s
[376.304s][info][gc,start    ] GC(782) Pause Young (Mixed) (G1 Evacuation Pause)
[376.304s][info][gc,task     ] GC(782) Using 2 workers of 2 for evacuation
[376.339s][info][gc,phases   ] GC(782)   Pre Evacuate Collection Set: 0.30ms
[376.339s][info][gc,phases   ] GC(782)   Merge Heap Roots: 0.15ms
[376.339s][info][gc,phases   ] GC(782)   Evacuate Collection Set: 33.91ms
[376.339s][info][gc,phases   ] GC(782)   Post Evacuate Collection Set: 0.59ms
[376.339s][info][gc,phases   ] GC(782)   Other: 0.08ms
[376.339s][info][gc,heap     ] GC(782) Eden regions: 252->0(241)
[376.339s][info][gc,heap     ] GC(782) Survivor regions: 13->34(34)
[376.339s][info][gc,heap     ] GC(782) Old regions: 140->130
[376.339s][info][gc,heap     ] GC(782) Humongous regions: 15->15
[376.339s][info][gc,metaspace] GC(782) Metaspace: 42910K(43392K)->42910K(43392K) NonClass: 38567K(38848K)->38567K(38848K) Class: 4342K(4544K)->4342K(4544K)
[376.339s][info][gc          ] GC(782) Pause Young (Mixed) (G1 Evacuation Pause) 419M->178M(484M) 35.244ms
[376.339s][info][gc,cpu      ] GC(782) User=0.07s Sys=0.00s Real=0.03s
[377.393s][info][gc,start    ] GC(783) Pause Young (Concurrent Start) (G1 Humongous Allocation)
[377.393s][info][gc,task     ] GC(783) Using 2 workers of 2 for evacuation
[377.433s][info][gc,phases   ] GC(783)   Pre Evacuate Collection Set: 0.24ms
[377.433s][info][gc,phases   ] GC(783)   Merge Heap Roots: 0.12ms
[377.433s][info][gc,phases   ] GC(783)   Evacuate Collection Set: 39.52ms
[377.433s][info][gc,phases   ] GC(783)   Post Evacuate Collection Set: 0.47ms
[377.433s][info][gc,phases   ] GC(783)   Other: 0.09ms
[377.433s][info][gc,heap     ] GC(783) Eden regions: 171->0(236)
[377.433s][info][gc,heap     ] GC(783) Survivor regions: 34->12(35)
[377.433s][info][gc,heap     ] GC(783) Old regions: 130->164
[377.433s][info][gc,heap     ] GC(783) Humongous regions: 15->15
[377.433s][info][gc,metaspace] GC(783) Metaspace: 42910K(43392K)->42910K(43392K) NonClass: 38567K(38848K)->38567K(38848K) Class: 4342K(4544K)->4342K(4544K)
[377.433s][info][gc          ] GC(783) Pause Young (Concurrent Start) (G1 Humongous Allocation) 348M->190M(484M) 40.631ms
[377.433s][info][gc,cpu      ] GC(783) User=0.08s Sys=0.00s Real=0.04s
[377.433s][info][gc          ] GC(784) Concurrent Mark Cycle
[377.433s][info][gc,marking  ] GC(784) Concurrent Scan Root Regions
[377.464s][info][gc,marking  ] GC(784) Concurrent Scan Root Regions 31.089ms
[377.464s][info][gc,marking  ] GC(784) Concurrent Mark
[377.464s][info][gc,marking  ] GC(784) Concurrent Mark From Roots
[377.464s][info][gc,task     ] GC(784) Using 1 workers of 1 for marking
[377.507s][info][gc,marking  ] GC(784) Concurrent Mark From Roots 42.186ms
[377.507s][info][gc,marking  ] GC(784) Concurrent Preclean
[377.507s][info][gc,marking  ] GC(784) Concurrent Preclean 0.040ms
[377.508s][info][gc,start    ] GC(784) Pause Remark
[377.526s][info][gc          ] GC(784) Pause Remark 203M->112M(337M) 17.994ms
[377.526s][info][gc,cpu      ] GC(784) User=0.03s Sys=0.00s Real=0.02s
[377.526s][info][gc,marking  ] GC(784) Concurrent Mark 61.632ms
[377.526s][info][gc,marking  ] GC(784) Concurrent Rebuild Remembered Sets and Scrub Regions
[377.560s][info][gc,marking  ] GC(784) Concurrent Rebuild Remembered Sets and Scrub Regions 33.803ms
[377.560s][info][gc,start    ] GC(784) Pause Cleanup
[377.560s][info][gc          ] GC(784) Pause Cleanup 117M->117M(337M) 0.061ms
[377.560s][info][gc,cpu      ] GC(784) User=0.00s Sys=0.00s Real=0.00s
[377.560s][info][gc,marking  ] GC(784) Concurrent Clear Claimed Marks
[377.560s][info][gc,marking  ] GC(784) Concurrent Clear Claimed Marks 0.047ms
[377.560s][info][gc,marking  ] GC(784) Concurrent Cleanup for Next Mark
[377.561s][info][gc,marking  ] GC(784) Concurrent Cleanup for Next Mark 1.027ms
[377.561s][info][gc          ] GC(784) Concurrent Mark Cycle 128.059ms
[378.608s][info][gc,start    ] GC(785) Pause Young (Prepare Mixed) (G1 Evacuation Pause)
[378.608s][info][gc,task     ] GC(785) Using 2 workers of 2 for evacuation
[378.627s][info][gc,phases   ] GC(785)   Pre Evacuate Collection Set: 0.19ms
[378.627s][info][gc,phases   ] GC(785)   Merge Heap Roots: 0.08ms
[378.627s][info][gc,phases   ] GC(785)   Evacuate Collection Set: 18.06ms
[378.627s][info][gc,phases   ] GC(785)   Post Evacuate Collection Set: 0.44ms
[378.627s][info][gc,phases   ] GC(785)   Other: 0.07ms
[378.627s][info][gc,heap     ] GC(785) Eden regions: 190->0(184)
[378.627s][info][gc,heap     ] GC(785) Survivor regions: 12->18(26)
[378.627s][info][gc,heap     ] GC(785) Old regions: 87->87
[378.627s][info][gc,heap     ] GC(785) Humongous regions: 2->2
[378.627s][info][gc,metaspace] GC(785) Metaspace: 42910K(43392K)->42910K(43392K) NonClass: 38567K(38848K)->38567K(38848K) Class: 4342K(4544K)->4342K(4544K)
[378.628s][info][gc          ] GC(785) Pause Young (Prepare Mixed) (G1 Evacuation Pause) 290M->105M(337M) 19.091ms
[378.628s][info][gc,cpu      ] GC(785) User=0.03s Sys=0.00s Real=0.02s
[379.333s][info][gc,start    ] GC(786) Pause Young (Mixed) (G1 Evacuation Pause)
[379.333s][info][gc,task     ] GC(786) Using 2 workers of 2 for evacuation
[379.373s][info][gc,phases   ] GC(786)   Pre Evacuate Collection Set: 0.19ms
[379.373s][info][gc,phases   ] GC(786)   Merge Heap Roots: 0.15ms
[379.373s][info][gc,phases   ] GC(786)   Evacuate Collection Set: 39.05ms
[379.373s][info][gc,phases   ] GC(786)   Post Evacuate Collection Set: 0.50ms
[379.373s][info][gc,phases   ] GC(786)   Other: 0.08ms
[379.373s][info][gc,heap     ] GC(786) Eden regions: 184->0(163)
[379.373s][info][gc,heap     ] GC(786) Survivor regions: 18->25(26)
[379.373s][info][gc,heap     ] GC(786) Old regions: 87->95
[379.373s][info][gc,heap     ] GC(786) Humongous regions: 4->4
[379.373s][info][gc,metaspace] GC(786) Metaspace: 42910K(43392K)->42910K(43392K) NonClass: 38567K(38848K)->38567K(38848K) Class: 4342K(4544K)->4342K(4544K)
[379.373s][info][gc          ] GC(786) Pause Young (Mixed) (G1 Evacuation Pause) 291M->123M(337M) 40.182ms
[379.373s][info][gc,cpu      ] GC(786) User=0.08s Sys=0.00s Real=0.04s
[379.418s][info][gc,start    ] GC(787) Pause Young (Concurrent Start) (G1 Humongous Allocation)
[379.418s][info][gc,task     ] GC(787) Using 2 workers of 2 for evacuation
[379.440s][info][gc,phases   ] GC(787)   Pre Evacuate Collection Set: 0.19ms
[379.440s][info][gc,phases   ] GC(787)   Merge Heap Roots: 0.05ms
[379.440s][info][gc,phases   ] GC(787)   Evacuate Collection Set: 21.11ms
[379.440s][info][gc,phases   ] GC(787)   Post Evacuate Collection Set: 0.34ms
[379.440s][info][gc,phases   ] GC(787)   Other: 0.09ms
[379.440s][info][gc,heap     ] GC(787) Eden regions: 19->0(158)
[379.440s][info][gc,heap     ] GC(787) Survivor regions: 25->3(24)
[379.440s][info][gc,heap     ] GC(787) Old regions: 95->120
[379.440s][info][gc,heap     ] GC(787) Humongous regions: 4->4
[379.440s][info][gc,metaspace] GC(787) Metaspace: 42910K(43392K)->42910K(43392K) NonClass: 38567K(38848K)->38567K(38848K) Class: 4342K(4544K)->4342K(4544K)
[379.440s][info][gc          ] GC(787) Pause Young (Concurrent Start) (G1 Humongous Allocation) 142M->126M(337M) 22.011ms
[379.440s][info][gc,cpu      ] GC(787) User=0.04s Sys=0.00s Real=0.02s
[379.440s][info][gc          ] GC(788) Concurrent Mark Cycle
[379.440s][info][gc,marking  ] GC(788) Concurrent Scan Root Regions
[379.461s][info][gc,marking  ] GC(788) Concurrent Scan Root Regions 20.958ms
[379.461s][info][gc,marking  ] GC(788) Concurrent Mark
[379.461s][info][gc,marking  ] GC(788) Concurrent Mark From Roots
[379.461s][info][gc,task     ] GC(788) Using 1 workers of 1 for marking
[379.496s][info][gc,marking  ] GC(788) Concurrent Mark From Roots 34.722ms
[379.496s][info][gc,marking  ] GC(788) Concurrent Preclean
[379.496s][info][gc,marking  ] GC(788) Concurrent Preclean 0.037ms
[379.496s][info][gc,start    ] GC(788) Pause Remark
[379.513s][info][gc          ] GC(788) Pause Remark 145M->105M(294M) 16.618ms
[379.513s][info][gc,cpu      ] GC(788) User=0.03s Sys=0.00s Real=0.02s
[379.513s][info][gc,marking  ] GC(788) Concurrent Mark 51.680ms
[379.513s][info][gc,marking  ] GC(788) Concurrent Rebuild Remembered Sets and Scrub Regions
[379.545s][info][gc,marking  ] GC(788) Concurrent Rebuild Remembered Sets and Scrub Regions 32.239ms
[379.546s][info][gc,start    ] GC(788) Pause Cleanup
[379.546s][info][gc          ] GC(788) Pause Cleanup 118M->118M(294M) 0.054ms
[379.546s][info][gc,cpu      ] GC(788) User=0.00s Sys=0.00s Real=0.00s
[379.546s][info][gc,marking  ] GC(788) Concurrent Clear Claimed Marks
[379.546s][info][gc,marking  ] GC(788) Concurrent Clear Claimed Marks 0.040ms
[379.546s][info][gc,marking  ] GC(788) Concurrent Cleanup for Next Mark
[379.547s][info][gc,marking  ] GC(788) Concurrent Cleanup for Next Mark 0.870ms
[379.547s][info][gc          ] GC(788) Concurrent Mark Cycle 106.592ms
[379.888s][info][gc,start    ] GC(789) Pause Young (Prepare Mixed) (G1 Evacuation Pause)
[379.888s][info][gc,task     ] GC(789) Using 2 workers of 2 for evacuation
[379.914s][info][gc,phases   ] GC(789)   Pre Evacuate Collection Set: 0.17ms
[379.914s][info][gc,phases   ] GC(789)   Merge Heap Roots: 0.14ms
[379.914s][info][gc,phases   ] GC(789)   Evacuate Collection Set: 25.24ms
[379.914s][info][gc,phases   ] GC(789)   Post Evacuate Collection Set: 0.43ms
[379.914s][info][gc,phases   ] GC(789)   Other: 0.08ms
[379.914s][info][gc,heap     ] GC(789) Eden regions: 158->0(140)
[379.914s][info][gc,heap     ] GC(789) Survivor regions: 3->21(21)
[379.914s][info][gc,heap     ] GC(789) Old regions: 81->82
[379.914s][info][gc,heap     ] GC(789) Humongous regions: 6->6
[379.914s][info][gc,metaspace] GC(789) Metaspace: 42910K(43392K)->42910K(43392K) NonClass: 38567K(38848K)->38567K(38848K) Class: 4342K(4544K)->4342K(4544K)
[379.914s][info][gc          ] GC(789) Pause Young (Prepare Mixed) (G1 Evacuation Pause) 247M->108M(294M) 26.268ms
[379.914s][info][gc,cpu      ] GC(789) User=0.05s Sys=0.00s Real=0.03s
[380.249s][info][gc,start    ] GC(790) Pause Young (Mixed) (G1 Evacuation Pause)
[380.249s][info][gc,task     ] GC(790) Using 2 workers of 2 for evacuation
[380.292s][info][gc,phases   ] GC(790)   Pre Evacuate Collection Set: 0.19ms
[380.292s][info][gc,phases   ] GC(790)   Merge Heap Roots: 0.12ms
[380.292s][info][gc,phases   ] GC(790)   Evacuate Collection Set: 42.17ms
[380.292s][info][gc,phases   ] GC(790)   Post Evacuate Collection Set: 0.46ms
[380.292s][info][gc,phases   ] GC(790)   Other: 0.08ms
[380.292s][info][gc,heap     ] GC(790) Eden regions: 140->0(141)
[380.292s][info][gc,heap     ] GC(790) Survivor regions: 21->17(21)
[380.292s][info][gc,heap     ] GC(790) Old regions: 82->86
[380.292s][info][gc,heap     ] GC(790) Humongous regions: 6->6
[380.292s][info][gc,metaspace] GC(790) Metaspace: 42910K(43392K)->42910K(43392K) NonClass: 38567K(38848K)->38567K(38848K) Class: 4342K(4544K)->4342K(4544K)
[380.292s][info][gc          ] GC(790) Pause Young (Mixed) (G1 Evacuation Pause) 248M->108M(294M) 43.243ms
[380.292s][info][gc,cpu      ] GC(790) User=0.08s Sys=0.01s Real=0.05s
[380.575s][info][gc,start    ] GC(791) Pause Young (Concurrent Start) (G1 Humongous Allocation)
[380.575s][info][gc,task     ] GC(791) Using 2 workers of 2 for evacuation
[380.608s][info][gc,phases   ] GC(791)   Pre Evacuate Collection Set: 0.19ms
[380.608s][info][gc,phases   ] GC(791)   Merge Heap Roots: 0.07ms
[380.608s][info][gc,phases   ] GC(791)   Evacuate Collection Set: 32.40ms
[380.608s][info][gc,phases   ] GC(791)   Post Evacuate Collection Set: 0.42ms
[380.608s][info][gc,phases   ] GC(791)   Other: 0.10ms
[380.608s][info][gc,heap     ] GC(791) Eden regions: 112->0(132)
[380.608s][info][gc,heap     ] GC(791) Survivor regions: 17->14(20)
[380.608s][info][gc,heap     ] GC(791) Old regions: 86->102
[380.608s][info][gc,heap     ] GC(791) Humongous regions: 6->6
[380.608s][info][gc,metaspace] GC(791) Metaspace: 42910K(43392K)->42910K(43392K) NonClass: 38567K(38848K)->38567K(38848K) Class: 4342K(4544K)->4342K(4544K)
[380.608s][info][gc          ] GC(791) Pause Young (Concurrent Start) (G1 Humongous Allocation) 220M->121M(294M) 33.409ms
[380.608s][info][gc,cpu      ] GC(791) User=0.06s Sys=0.00s Real=0.03s
[380.608s][info][gc          ] GC(792) Concurrent Mark Cycle
[380.608s][info][gc,marking  ] GC(792) Concurrent Scan Root Regions
[380.634s][info][gc,marking  ] GC(792) Concurrent Scan Root Regions 25.287ms
[380.634s][info][gc,marking  ] GC(792) Concurrent Mark
[380.634s][info][gc,marking  ] GC(792) Concurrent Mark From Roots
[380.634s][info][gc,task     ] GC(792) Using 1 workers of 1 for marking
[380.718s][info][gc,marking  ] GC(792) Concurrent Mark From Roots 84.664ms
[380.719s][info][gc,marking  ] GC(792) Concurrent Preclean
[380.719s][info][gc,marking  ] GC(792) Concurrent Preclean 0.041ms
[380.719s][info][gc,start    ] GC(792) Pause Remark
[380.735s][info][gc          ] GC(792) Pause Remark 149M->143M(294M) 16.753ms
[380.736s][info][gc,cpu      ] GC(792) User=0.03s Sys=0.00s Real=0.02s
[380.736s][info][gc,marking  ] GC(792) Concurrent Mark 101.782ms
[380.736s][info][gc,marking  ] GC(792) Concurrent Rebuild Remembered Sets and Scrub Regions
[380.794s][info][gc,marking  ] GC(792) Concurrent Rebuild Remembered Sets and Scrub Regions 58.235ms
[380.794s][info][gc,start    ] GC(792) Pause Cleanup
[380.794s][info][gc          ] GC(792) Pause Cleanup 170M->170M(294M) 0.048ms
[380.794s][info][gc,cpu      ] GC(792) User=0.00s Sys=0.00s Real=0.00s
[380.794s][info][gc,marking  ] GC(792) Concurrent Clear Claimed Marks
[380.794s][info][gc,marking  ] GC(792) Concurrent Clear Claimed Marks 0.039ms
[380.794s][info][gc,marking  ] GC(792) Concurrent Cleanup for Next Mark
[380.795s][info][gc,marking  ] GC(792) Concurrent Cleanup for Next Mark 0.849ms
[380.795s][info][gc          ] GC(792) Concurrent Mark Cycle 186.507ms
[381.007s][info][gc,start    ] GC(793) Pause Young (Prepare Mixed) (G1 Evacuation Pause)
[381.007s][info][gc,task     ] GC(793) Using 2 workers of 2 for evacuation
[381.043s][info][gc,phases   ] GC(793)   Pre Evacuate Collection Set: 0.16ms
[381.043s][info][gc,phases   ] GC(793)   Merge Heap Roots: 0.11ms
[381.043s][info][gc,phases   ] GC(793)   Evacuate Collection Set: 35.22ms
[381.043s][info][gc,phases   ] GC(793)   Post Evacuate Collection Set: 0.43ms
[381.044s][info][gc,phases   ] GC(793)   Other: 0.08ms
[381.044s][info][gc,heap     ] GC(793) Eden regions: 132->0(123)
[381.044s][info][gc,heap     ] GC(793) Survivor regions: 14->16(19)
[381.044s][info][gc,heap     ] GC(793) Old regions: 97->110
[381.044s][info][gc,heap     ] GC(793) Humongous regions: 9->9
[381.044s][info][gc,metaspace] GC(793) Metaspace: 42910K(43392K)->42910K(43392K) NonClass: 38567K(38848K)->38567K(38848K) Class: 4342K(4544K)->4342K(4544K)
[381.044s][info][gc          ] GC(793) Pause Young (Prepare Mixed) (G1 Evacuation Pause) 251M->134M(294M) 36.240ms
[381.044s][info][gc,cpu      ] GC(793) User=0.07s Sys=0.01s Real=0.04s
[382.283s][info][gc,start    ] GC(794) Pause Young (Mixed) (G1 Evacuation Pause)
[382.283s][info][gc,task     ] GC(794) Using 2 workers of 2 for evacuation
[382.317s][info][gc,phases   ] GC(794)   Pre Evacuate Collection Set: 0.18ms
[382.317s][info][gc,phases   ] GC(794)   Merge Heap Roots: 0.20ms
[382.317s][info][gc,phases   ] GC(794)   Evacuate Collection Set: 32.09ms
[382.317s][info][gc,phases   ] GC(794)   Post Evacuate Collection Set: 1.10ms
[382.317s][info][gc,phases   ] GC(794)   Other: 0.07ms
[382.317s][info][gc,heap     ] GC(794) Eden regions: 123->0(195)
[382.317s][info][gc,heap     ] GC(794) Survivor regions: 16->6(18)
[382.317s][info][gc,heap     ] GC(794) Old regions: 110->112
[382.317s][info][gc,heap     ] GC(794) Humongous regions: 17->15
[382.317s][info][gc,metaspace] GC(794) Metaspace: 42910K(43392K)->42910K(43392K) NonClass: 38567K(38848K)->38567K(38848K) Class: 4342K(4544K)->4342K(4544K)
[382.317s][info][gc          ] GC(794) Pause Young (Mixed) (G1 Evacuation Pause) 265M->132M(382M) 33.842ms
[382.317s][info][gc,cpu      ] GC(794) User=0.06s Sys=0.01s Real=0.03s
[383.240s][info][gc,start    ] GC(795) Pause Young (Concurrent Start) (G1 Evacuation Pause)
[383.241s][info][gc,task     ] GC(795) Using 2 workers of 2 for evacuation
[383.261s][info][gc,phases   ] GC(795)   Pre Evacuate Collection Set: 0.21ms
[383.261s][info][gc,phases   ] GC(795)   Merge Heap Roots: 0.13ms
[383.261s][info][gc,phases   ] GC(795)   Evacuate Collection Set: 19.95ms
[383.261s][info][gc,phases   ] GC(795)   Post Evacuate Collection Set: 0.45ms
[383.261s][info][gc,phases   ] GC(795)   Other: 0.09ms
[383.261s][info][gc,heap     ] GC(795) Eden regions: 195->0(191)
[383.261s][info][gc,heap     ] GC(795) Survivor regions: 6->15(26)
[383.261s][info][gc,heap     ] GC(795) Old regions: 112->112
[383.261s][info][gc,heap     ] GC(795) Humongous regions: 15->15
[383.261s][info][gc,metaspace] GC(795) Metaspace: 42910K(43392K)->42910K(43392K) NonClass: 38567K(38848K)->38567K(38848K) Class: 4342K(4544K)->4342K(4544K)
[383.262s][info][gc          ] GC(795) Pause Young (Concurrent Start) (G1 Evacuation Pause) 327M->141M(382M) 21.073ms
[383.262s][info][gc,cpu      ] GC(795) User=0.04s Sys=0.00s Real=0.02s
[383.262s][info][gc          ] GC(796) Concurrent Mark Cycle
[383.262s][info][gc,marking  ] GC(796) Concurrent Scan Root Regions
[383.272s][info][gc,marking  ] GC(796) Concurrent Scan Root Regions 10.243ms
[383.272s][info][gc,marking  ] GC(796) Concurrent Mark
[383.272s][info][gc,marking  ] GC(796) Concurrent Mark From Roots
[383.272s][info][gc,task     ] GC(796) Using 1 workers of 1 for marking
[383.307s][info][gc,marking  ] GC(796) Concurrent Mark From Roots 34.629ms
[383.307s][info][gc,marking  ] GC(796) Concurrent Preclean
[383.307s][info][gc,marking  ] GC(796) Concurrent Preclean 0.036ms
[383.307s][info][gc,start    ] GC(796) Pause Remark
[383.323s][info][gc          ] GC(796) Pause Remark 148M->67M(256M) 16.395ms
[383.323s][info][gc,cpu      ] GC(796) User=0.04s Sys=0.00s Real=0.02s
[383.323s][info][gc,marking  ] GC(796) Concurrent Mark 51.334ms
[383.323s][info][gc,marking  ] GC(796) Concurrent Rebuild Remembered Sets and Scrub Regions
[383.336s][info][gc,marking  ] GC(796) Concurrent Rebuild Remembered Sets and Scrub Regions 13.225ms
[383.337s][info][gc,start    ] GC(796) Pause Cleanup
[383.337s][info][gc          ] GC(796) Pause Cleanup 70M->70M(256M) 0.042ms
[383.337s][info][gc,cpu      ] GC(796) User=0.00s Sys=0.00s Real=0.00s
[383.337s][info][gc,marking  ] GC(796) Concurrent Clear Claimed Marks
[383.337s][info][gc,marking  ] GC(796) Concurrent Clear Claimed Marks 0.036ms
[383.337s][info][gc,marking  ] GC(796) Concurrent Cleanup for Next Mark
[383.338s][info][gc,marking  ] GC(796) Concurrent Cleanup for Next Mark 0.754ms
[383.338s][info][gc          ] GC(796) Concurrent Mark Cycle 75.926ms
[384.099s][info][gc,start    ] GC(797) Pause Young (Prepare Mixed) (G1 Evacuation Pause)
[384.099s][info][gc,task     ] GC(797) Using 2 workers of 2 for evacuation
[384.104s][info][gc,phases   ] GC(797)   Pre Evacuate Collection Set: 0.16ms
[384.104s][info][gc,phases   ] GC(797)   Merge Heap Roots: 0.13ms
[384.104s][info][gc,phases   ] GC(797)   Evacuate Collection Set: 4.49ms
[384.104s][info][gc,phases   ] GC(797)   Post Evacuate Collection Set: 0.40ms
[384.104s][info][gc,phases   ] GC(797)   Other: 0.09ms
[384.104s][info][gc,heap     ] GC(797) Eden regions: 138->0(146)
[384.104s][info][gc,heap     ] GC(797) Survivor regions: 15->7(20)
[384.104s][info][gc,heap     ] GC(797) Old regions: 45->46
[384.104s][info][gc,heap     ] GC(797) Humongous regions: 1->1
[384.105s][info][gc,metaspace] GC(797) Metaspace: 42910K(43392K)->42910K(43392K) NonClass: 38567K(38848K)->38567K(38848K) Class: 4342K(4544K)->4342K(4544K)
[384.105s][info][gc          ] GC(797) Pause Young (Prepare Mixed) (G1 Evacuation Pause) 198M->53M(256M) 5.455ms
[384.105s][info][gc,cpu      ] GC(797) User=0.01s Sys=0.01s Real=0.01s
[384.950s][info][gc,start    ] GC(798) Pause Young (Mixed) (G1 Evacuation Pause)
[384.950s][info][gc,task     ] GC(798) Using 2 workers of 2 for evacuation
[384.962s][info][gc,phases   ] GC(798)   Pre Evacuate Collection Set: 0.14ms
[384.962s][info][gc,phases   ] GC(798)   Merge Heap Roots: 0.07ms
[384.962s][info][gc,phases   ] GC(798)   Evacuate Collection Set: 11.62ms
[384.962s][info][gc,phases   ] GC(798)   Post Evacuate Collection Set: 0.41ms
[384.962s][info][gc,phases   ] GC(798)   Other: 0.07ms
[384.962s][info][gc,heap     ] GC(798) Eden regions: 146->0(139)
[384.962s][info][gc,heap     ] GC(798) Survivor regions: 7->14(20)
[384.962s][info][gc,heap     ] GC(798) Old regions: 46->42
[384.962s][info][gc,heap     ] GC(798) Humongous regions: 1->1
[384.962s][info][gc,metaspace] GC(798) Metaspace: 42910K(43392K)->42910K(43392K) NonClass: 38567K(38848K)->38567K(38848K) Class: 4342K(4544K)->4342K(4544K)
[384.962s][info][gc          ] GC(798) Pause Young (Mixed) (G1 Evacuation Pause) 199M->56M(256M) 12.496ms
[384.962s][info][gc,cpu      ] GC(798) User=0.03s Sys=0.00s Real=0.02s
[385.803s][info][gc,start    ] GC(799) Pause Young (Concurrent Start) (G1 Evacuation Pause)
[385.803s][info][gc,task     ] GC(799) Using 2 workers of 2 for evacuation
[385.811s][info][gc,phases   ] GC(799)   Pre Evacuate Collection Set: 0.18ms
[385.811s][info][gc,phases   ] GC(799)   Merge Heap Roots: 0.06ms
[385.811s][info][gc,phases   ] GC(799)   Evacuate Collection Set: 6.35ms
[385.811s][info][gc,phases   ] GC(799)   Post Evacuate Collection Set: 0.40ms
[385.811s][info][gc,phases   ] GC(799)   Other: 0.11ms
[385.811s][info][gc,heap     ] GC(799) Eden regions: 139->0(148)
[385.811s][info][gc,heap     ] GC(799) Survivor regions: 14->5(20)
[385.811s][info][gc,heap     ] GC(799) Old regions: 42->47
[385.811s][info][gc,heap     ] GC(799) Humongous regions: 1->1
[385.811s][info][gc,metaspace] GC(799) Metaspace: 42910K(43392K)->42910K(43392K) NonClass: 38567K(38848K)->38567K(38848K) Class: 4342K(4544K)->4342K(4544K)
[385.811s][info][gc          ] GC(799) Pause Young (Concurrent Start) (G1 Evacuation Pause) 195M->51M(256M) 7.280ms
[385.811s][info][gc          ] GC(800) Concurrent Mark Cycle
[385.811s][info][gc,marking  ] GC(800) Concurrent Scan Root Regions
[385.811s][info][gc,cpu      ] GC(799) User=0.02s Sys=0.00s Real=0.01s
[385.818s][info][gc,marking  ] GC(800) Concurrent Scan Root Regions 7.483ms
[385.818s][info][gc,marking  ] GC(800) Concurrent Mark
[385.818s][info][gc,marking  ] GC(800) Concurrent Mark From Roots
[385.818s][info][gc,task     ] GC(800) Using 1 workers of 1 for marking
[385.853s][info][gc,marking  ] GC(800) Concurrent Mark From Roots 34.315ms
[385.853s][info][gc,marking  ] GC(800) Concurrent Preclean
[385.853s][info][gc,marking  ] GC(800) Concurrent Preclean 0.036ms
[385.853s][info][gc,start    ] GC(800) Pause Remark
[385.869s][info][gc          ] GC(800) Pause Remark 58M->58M(256M) 16.667ms
[385.870s][info][gc,cpu      ] GC(800) User=0.03s Sys=0.00s Real=0.01s
[385.870s][info][gc,marking  ] GC(800) Concurrent Mark 51.307ms
[385.870s][info][gc,marking  ] GC(800) Concurrent Rebuild Remembered Sets and Scrub Regions
[385.886s][info][gc,marking  ] GC(800) Concurrent Rebuild Remembered Sets and Scrub Regions 15.969ms
[385.886s][info][gc,start    ] GC(800) Pause Cleanup
[385.886s][info][gc          ] GC(800) Pause Cleanup 62M->62M(256M) 0.047ms
[385.886s][info][gc,cpu      ] GC(800) User=0.00s Sys=0.00s Real=0.00s
[385.886s][info][gc,marking  ] GC(800) Concurrent Clear Claimed Marks
[385.886s][info][gc,marking  ] GC(800) Concurrent Clear Claimed Marks 0.040ms
[385.886s][info][gc,marking  ] GC(800) Concurrent Cleanup for Next Mark
[385.887s][info][gc,marking  ] GC(800) Concurrent Cleanup for Next Mark 0.756ms
[385.887s][info][gc          ] GC(800) Concurrent Mark Cycle 75.893ms
[386.712s][info][gc,start    ] GC(801) Pause Young (Prepare Mixed) (G1 Evacuation Pause)
[386.712s][info][gc,task     ] GC(801) Using 2 workers of 2 for evacuation
[386.728s][info][gc,phases   ] GC(801)   Pre Evacuate Collection Set: 0.24ms
[386.728s][info][gc,phases   ] GC(801)   Merge Heap Roots: 0.08ms
[386.728s][info][gc,phases   ] GC(801)   Evacuate Collection Set: 15.10ms
[386.728s][info][gc,phases   ] GC(801)   Post Evacuate Collection Set: 0.41ms
[386.728s][info][gc,phases   ] GC(801)   Other: 0.10ms
[386.728s][info][gc,heap     ] GC(801) Eden regions: 148->0(137)
[386.728s][info][gc,heap     ] GC(801) Survivor regions: 5->16(20)
[386.728s][info][gc,heap     ] GC(801) Old regions: 47->47
[386.728s][info][gc,heap     ] GC(801) Humongous regions: 2->2
[386.728s][info][gc,metaspace] GC(801) Metaspace: 42910K(43392K)->42910K(43392K) NonClass: 38567K(38848K)->38567K(38848K) Class: 4342K(4544K)->4342K(4544K)
[386.728s][info][gc          ] GC(801) Pause Young (Prepare Mixed) (G1 Evacuation Pause) 200M->63M(256M) 16.136ms
[386.728s][info][gc,cpu      ] GC(801) User=0.03s Sys=0.00s Real=0.01s
[387.451s][info][gc,start    ] GC(802) Pause Young (Mixed) (G1 Evacuation Pause)
[387.451s][info][gc,task     ] GC(802) Using 2 workers of 2 for evacuation
[387.479s][info][gc,phases   ] GC(802)   Pre Evacuate Collection Set: 0.16ms
[387.479s][info][gc,phases   ] GC(802)   Merge Heap Roots: 0.08ms
[387.479s][info][gc,phases   ] GC(802)   Evacuate Collection Set: 26.49ms
[387.479s][info][gc,phases   ] GC(802)   Post Evacuate Collection Set: 0.45ms
[387.479s][info][gc,phases   ] GC(802)   Other: 0.10ms
[387.479s][info][gc,heap     ] GC(802) Eden regions: 137->0(137)
[387.479s][info][gc,heap     ] GC(802) Survivor regions: 16->16(20)
[387.479s][info][gc,heap     ] GC(802) Old regions: 47->54
[387.479s][info][gc,heap     ] GC(802) Humongous regions: 6->4
[387.479s][info][gc,metaspace] GC(802) Metaspace: 42918K(43392K)->42918K(43392K) NonClass: 38576K(38848K)->38576K(38848K) Class: 4342K(4544K)->4342K(4544K)
[387.479s][info][gc          ] GC(802) Pause Young (Mixed) (G1 Evacuation Pause) 204M->74M(256M) 27.504ms
[387.479s][info][gc,cpu      ] GC(802) User=0.05s Sys=0.00s Real=0.02s
[387.708s][info][gc,start    ] GC(803) Pause Young (Concurrent Start) (G1 Humongous Allocation)
[387.708s][info][gc,task     ] GC(803) Using 2 workers of 2 for evacuation
[387.720s][info][gc,phases   ] GC(803)   Pre Evacuate Collection Set: 0.16ms
[387.720s][info][gc,phases   ] GC(803)   Merge Heap Roots: 0.05ms
[387.720s][info][gc,phases   ] GC(803)   Evacuate Collection Set: 11.33ms
[387.720s][info][gc,phases   ] GC(803)   Post Evacuate Collection Set: 0.39ms
[387.720s][info][gc,phases   ] GC(803)   Other: 0.10ms
[387.720s][info][gc,heap     ] GC(803) Eden regions: 54->0(152)
[387.720s][info][gc,heap     ] GC(803) Survivor regions: 16->1(20)
[387.720s][info][gc,heap     ] GC(803) Old regions: 54->68
[387.720s][info][gc,heap     ] GC(803) Humongous regions: 4->2
[387.720s][info][gc,metaspace] GC(803) Metaspace: 42918K(43392K)->42918K(43392K) NonClass: 38576K(38848K)->38576K(38848K) Class: 4342K(4544K)->4342K(4544K)
[387.720s][info][gc          ] GC(803) Pause Young (Concurrent Start) (G1 Humongous Allocation) 127M->71M(256M) 12.211ms
[387.720s][info][gc,cpu      ] GC(803) User=0.02s Sys=0.00s Real=0.01s
[387.720s][info][gc          ] GC(804) Concurrent Mark Cycle
[387.720s][info][gc,marking  ] GC(804) Concurrent Scan Root Regions
[387.737s][info][gc,marking  ] GC(804) Concurrent Scan Root Regions 16.388ms
[387.737s][info][gc,marking  ] GC(804) Concurrent Mark
[387.737s][info][gc,marking  ] GC(804) Concurrent Mark From Roots
[387.737s][info][gc,task     ] GC(804) Using 1 workers of 1 for marking
[387.776s][info][gc,marking  ] GC(804) Concurrent Mark From Roots 39.492ms
[387.776s][info][gc,marking  ] GC(804) Concurrent Preclean
[387.776s][info][gc,marking  ] GC(804) Concurrent Preclean 0.038ms
[387.776s][info][gc,start    ] GC(804) Pause Remark
[387.793s][info][gc          ] GC(804) Pause Remark 85M->81M(256M) 16.349ms
[387.793s][info][gc,cpu      ] GC(804) User=0.04s Sys=0.00s Real=0.02s
[387.793s][info][gc,marking  ] GC(804) Concurrent Mark 56.161ms
[387.793s][info][gc,marking  ] GC(804) Concurrent Rebuild Remembered Sets and Scrub Regions
[387.816s][info][gc,marking  ] GC(804) Concurrent Rebuild Remembered Sets and Scrub Regions 23.380ms
[387.816s][info][gc,start    ] GC(804) Pause Cleanup
[387.816s][info][gc          ] GC(804) Pause Cleanup 84M->84M(256M) 0.053ms
[387.816s][info][gc,cpu      ] GC(804) User=0.00s Sys=0.00s Real=0.00s
[387.816s][info][gc,marking  ] GC(804) Concurrent Clear Claimed Marks
[387.816s][info][gc,marking  ] GC(804) Concurrent Clear Claimed Marks 0.038ms
[387.816s][info][gc,marking  ] GC(804) Concurrent Cleanup for Next Mark
[387.817s][info][gc,marking  ] GC(804) Concurrent Cleanup for Next Mark 0.735ms
[387.817s][info][gc          ] GC(804) Concurrent Mark Cycle 97.130ms
[388.358s][info][gc,start    ] GC(805) Pause Young (Prepare Mixed) (G1 Evacuation Pause)
[388.359s][info][gc,task     ] GC(805) Using 2 workers of 2 for evacuation
[388.383s][info][gc,phases   ] GC(805)   Pre Evacuate Collection Set: 0.17ms
[388.383s][info][gc,phases   ] GC(805)   Merge Heap Roots: 0.28ms
[388.383s][info][gc,phases   ] GC(805)   Evacuate Collection Set: 23.42ms
[388.383s][info][gc,phases   ] GC(805)   Post Evacuate Collection Set: 0.63ms
[388.383s][info][gc,phases   ] GC(805)   Other: 0.07ms
[388.383s][info][gc,heap     ] GC(805) Eden regions: 152->0(139)
[388.383s][info][gc,heap     ] GC(805) Survivor regions: 1->14(20)
[388.383s][info][gc,heap     ] GC(805) Old regions: 65->65
[388.383s][info][gc,heap     ] GC(805) Humongous regions: 18->3
[388.383s][info][gc,metaspace] GC(805) Metaspace: 42938K(43392K)->42938K(43392K) NonClass: 38595K(38848K)->38595K(38848K) Class: 4342K(4544K)->4342K(4544K)
[388.383s][info][gc          ] GC(805) Pause Young (Prepare Mixed) (G1 Evacuation Pause) 236M->81M(256M) 24.793ms
[388.383s][info][gc,cpu      ] GC(805) User=0.03s Sys=0.00s Real=0.03s
[388.994s][info][gc,start    ] GC(806) Pause Young (Mixed) (G1 Evacuation Pause)
[388.994s][info][gc,task     ] GC(806) Using 2 workers of 2 for evacuation
[389.015s][info][gc,phases   ] GC(806)   Pre Evacuate Collection Set: 0.25ms
[389.015s][info][gc,phases   ] GC(806)   Merge Heap Roots: 0.61ms
[389.015s][info][gc,phases   ] GC(806)   Evacuate Collection Set: 19.64ms
[389.015s][info][gc,phases   ] GC(806)   Post Evacuate Collection Set: 0.46ms
[389.015s][info][gc,phases   ] GC(806)   Other: 0.07ms
[389.015s][info][gc,heap     ] GC(806) Eden regions: 139->0(150)
[389.015s][info][gc,heap     ] GC(806) Survivor regions: 14->3(20)
[389.015s][info][gc,heap     ] GC(806) Old regions: 65->50
[389.015s][info][gc,heap     ] GC(806) Humongous regions: 10->3
[389.015s][info][gc,metaspace] GC(806) Metaspace: 42938K(43392K)->42938K(43392K) NonClass: 38595K(38848K)->38595K(38848K) Class: 4342K(4544K)->4342K(4544K)
[389.015s][info][gc          ] GC(806) Pause Young (Mixed) (G1 Evacuation Pause) 227M->54M(256M) 21.202ms
[389.015s][info][gc,cpu      ] GC(806) User=0.02s Sys=0.00s Real=0.02s
[389.236s][info][gc,start    ] GC(807) Pause Young (Concurrent Start) (G1 Humongous Allocation)
[389.236s][info][gc,task     ] GC(807) Using 2 workers of 2 for evacuation
[389.239s][info][gc,phases   ] GC(807)   Pre Evacuate Collection Set: 0.17ms
[389.239s][info][gc,phases   ] GC(807)   Merge Heap Roots: 0.04ms
[389.239s][info][gc,phases   ] GC(807)   Evacuate Collection Set: 1.60ms
[389.239s][info][gc,phases   ] GC(807)   Post Evacuate Collection Set: 0.34ms
[389.239s][info][gc,phases   ] GC(807)   Other: 0.09ms
[389.239s][info][gc,heap     ] GC(807) Eden regions: 54->0(151)
[389.239s][info][gc,heap     ] GC(807) Survivor regions: 3->2(20)
[389.239s][info][gc,heap     ] GC(807) Old regions: 50->50
[389.239s][info][gc,heap     ] GC(807) Humongous regions: 3->1
[389.239s][info][gc,metaspace] GC(807) Metaspace: 42938K(43392K)->42938K(43392K) NonClass: 38596K(38848K)->38596K(38848K) Class: 4342K(4544K)->4342K(4544K)
[389.239s][info][gc          ] GC(807) Pause Young (Concurrent Start) (G1 Humongous Allocation) 108M->52M(256M) 2.406ms
[389.239s][info][gc,cpu      ] GC(807) User=0.01s Sys=0.01s Real=0.00s
[389.239s][info][gc          ] GC(808) Concurrent Mark Cycle
[389.239s][info][gc,marking  ] GC(808) Concurrent Scan Root Regions
[389.240s][info][gc,marking  ] GC(808) Concurrent Scan Root Regions 1.783ms
[389.241s][info][gc,marking  ] GC(808) Concurrent Mark
[389.241s][info][gc,marking  ] GC(808) Concurrent Mark From Roots
[389.241s][info][gc,task     ] GC(808) Using 1 workers of 1 for marking
[389.282s][info][gc,marking  ] GC(808) Concurrent Mark From Roots 41.759ms
[389.282s][info][gc,marking  ] GC(808) Concurrent Preclean
[389.282s][info][gc,marking  ] GC(808) Concurrent Preclean 0.044ms
[389.282s][info][gc,start    ] GC(808) Pause Remark
[389.299s][info][gc          ] GC(808) Pause Remark 66M->63M(256M) 16.253ms
[389.299s][info][gc,cpu      ] GC(808) User=0.03s Sys=0.00s Real=0.01s
[389.299s][info][gc,marking  ] GC(808) Concurrent Mark 58.315ms
[389.299s][info][gc,marking  ] GC(808) Concurrent Rebuild Remembered Sets and Scrub Regions
[389.317s][info][gc,marking  ] GC(808) Concurrent Rebuild Remembered Sets and Scrub Regions 18.111ms
[389.317s][info][gc,start    ] GC(808) Pause Cleanup
[389.317s][info][gc          ] GC(808) Pause Cleanup 69M->69M(256M) 0.043ms
[389.317s][info][gc,cpu      ] GC(808) User=0.00s Sys=0.00s Real=0.00s
[389.317s][info][gc,marking  ] GC(808) Concurrent Clear Claimed Marks
[389.317s][info][gc,marking  ] GC(808) Concurrent Clear Claimed Marks 0.036ms
[389.317s][info][gc,marking  ] GC(808) Concurrent Cleanup for Next Mark
[389.318s][info][gc,marking  ] GC(808) Concurrent Cleanup for Next Mark 0.967ms
[389.318s][info][gc          ] GC(808) Concurrent Mark Cycle 79.562ms
[389.885s][info][gc,start    ] GC(809) Pause Young (Prepare Mixed) (G1 Evacuation Pause)
[389.885s][info][gc,task     ] GC(809) Using 2 workers of 2 for evacuation
[389.907s][info][gc,phases   ] GC(809)   Pre Evacuate Collection Set: 0.15ms
[389.907s][info][gc,phases   ] GC(809)   Merge Heap Roots: 0.06ms
[389.907s][info][gc,phases   ] GC(809)   Evacuate Collection Set: 20.51ms
[389.907s][info][gc,phases   ] GC(809)   Post Evacuate Collection Set: 0.58ms
[389.907s][info][gc,phases   ] GC(809)   Other: 0.07ms
[389.907s][info][gc,heap     ] GC(809) Eden regions: 151->0(133)
[389.907s][info][gc,heap     ] GC(809) Survivor regions: 2->20(20)
[389.907s][info][gc,heap     ] GC(809) Old regions: 47->47
[389.907s][info][gc,heap     ] GC(809) Humongous regions: 5->3
[389.907s][info][gc,metaspace] GC(809) Metaspace: 42938K(43392K)->42938K(43392K) NonClass: 38596K(38848K)->38596K(38848K) Class: 4342K(4544K)->4342K(4544K)
[389.907s][info][gc          ] GC(809) Pause Young (Prepare Mixed) (G1 Evacuation Pause) 204M->68M(256M) 21.546ms
[389.907s][info][gc,cpu      ] GC(809) User=0.04s Sys=0.00s Real=0.02s
[390.424s][info][gc,start    ] GC(810) Pause Young (Mixed) (G1 Evacuation Pause)
[390.424s][info][gc,task     ] GC(810) Using 2 workers of 2 for evacuation
[390.429s][info][gc,phases   ] GC(810)   Pre Evacuate Collection Set: 0.18ms
[390.429s][info][gc,phases   ] GC(810)   Merge Heap Roots: 0.06ms
[390.429s][info][gc,phases   ] GC(810)   Evacuate Collection Set: 3.64ms
[390.429s][info][gc,phases   ] GC(810)   Post Evacuate Collection Set: 0.40ms
[390.429s][info][gc,phases   ] GC(810)   Other: 0.09ms
[390.429s][info][gc,heap     ] GC(810) Eden regions: 133->0(151)
[390.429s][info][gc,heap     ] GC(810) Survivor regions: 20->2(20)
[390.429s][info][gc,heap     ] GC(810) Old regions: 47->43
[390.429s][info][gc,heap     ] GC(810) Humongous regions: 15->3
[390.429s][info][gc,metaspace] GC(810) Metaspace: 42939K(43392K)->42939K(43392K) NonClass: 38597K(38848K)->38597K(38848K) Class: 4342K(4544K)->4342K(4544K)
[390.429s][info][gc          ] GC(810) Pause Young (Mixed) (G1 Evacuation Pause) 213M->47M(256M) 4.533ms
[390.429s][info][gc,cpu      ] GC(810) User=0.01s Sys=0.00s Real=0.00s
[390.462s][info][gc,start    ] GC(811) Pause Young (Concurrent Start) (G1 Humongous Allocation)
[390.462s][info][gc,task     ] GC(811) Using 2 workers of 2 for evacuation
[390.464s][info][gc,phases   ] GC(811)   Pre Evacuate Collection Set: 0.16ms
[390.464s][info][gc,phases   ] GC(811)   Merge Heap Roots: 0.03ms
[390.464s][info][gc,phases   ] GC(811)   Evacuate Collection Set: 1.36ms
[390.464s][info][gc,phases   ] GC(811)   Post Evacuate Collection Set: 0.28ms
[390.464s][info][gc,phases   ] GC(811)   Other: 0.11ms
[390.464s][info][gc,heap     ] GC(811) Eden regions: 12->0(151)
[390.464s][info][gc,heap     ] GC(811) Survivor regions: 2->2(20)
[390.464s][info][gc,heap     ] GC(811) Old regions: 43->43
[390.464s][info][gc,heap     ] GC(811) Humongous regions: 3->1
[390.464s][info][gc,metaspace] GC(811) Metaspace: 42939K(43392K)->42939K(43392K) NonClass: 38597K(38848K)->38597K(38848K) Class: 4342K(4544K)->4342K(4544K)
[390.464s][info][gc          ] GC(811) Pause Young (Concurrent Start) (G1 Humongous Allocation) 59M->45M(256M) 2.102ms
[390.464s][info][gc,cpu      ] GC(811) User=0.01s Sys=0.00s Real=0.00s
[390.464s][info][gc          ] GC(812) Concurrent Mark Cycle
[390.464s][info][gc,marking  ] GC(812) Concurrent Scan Root Regions
[390.466s][info][gc,marking  ] GC(812) Concurrent Scan Root Regions 1.741ms
[390.466s][info][gc,marking  ] GC(812) Concurrent Mark
[390.466s][info][gc,marking  ] GC(812) Concurrent Mark From Roots
[390.466s][info][gc,task     ] GC(812) Using 1 workers of 1 for marking
[390.514s][info][gc,marking  ] GC(812) Concurrent Mark From Roots 48.320ms
[390.514s][info][gc,marking  ] GC(812) Concurrent Preclean
[390.514s][info][gc,marking  ] GC(812) Concurrent Preclean 0.051ms
[390.514s][info][gc,start    ] GC(812) Pause Remark
[390.531s][info][gc          ] GC(812) Pause Remark 59M->59M(256M) 16.563ms
[390.531s][info][gc,cpu      ] GC(812) User=0.03s Sys=0.00s Real=0.02s
[390.531s][info][gc,marking  ] GC(812) Concurrent Mark 65.226ms
[390.531s][info][gc,marking  ] GC(812) Concurrent Rebuild Remembered Sets and Scrub Regions
[390.550s][info][gc,marking  ] GC(812) Concurrent Rebuild Remembered Sets and Scrub Regions 18.778ms
[390.550s][info][gc,start    ] GC(812) Pause Cleanup
[390.550s][info][gc          ] GC(812) Pause Cleanup 63M->63M(256M) 0.043ms
[390.550s][info][gc,cpu      ] GC(812) User=0.00s Sys=0.00s Real=0.00s
[390.550s][info][gc,marking  ] GC(812) Concurrent Clear Claimed Marks
[390.550s][info][gc,marking  ] GC(812) Concurrent Clear Claimed Marks 0.037ms
[390.550s][info][gc,marking  ] GC(812) Concurrent Cleanup for Next Mark
[390.551s][info][gc,marking  ] GC(812) Concurrent Cleanup for Next Mark 0.740ms
[390.551s][info][gc          ] GC(812) Concurrent Mark Cycle 86.858ms
[391.073s][info][gc,start    ] GC(813) Pause Young (Prepare Mixed) (G1 Evacuation Pause)
[391.073s][info][gc,task     ] GC(813) Using 2 workers of 2 for evacuation
[391.081s][info][gc,phases   ] GC(813)   Pre Evacuate Collection Set: 0.21ms
[391.082s][info][gc,phases   ] GC(813)   Merge Heap Roots: 0.08ms
[391.082s][info][gc,phases   ] GC(813)   Evacuate Collection Set: 7.81ms
[391.082s][info][gc,phases   ] GC(813)   Post Evacuate Collection Set: 0.49ms
[391.082s][info][gc,phases   ] GC(813)   Other: 0.09ms
[391.082s][info][gc,heap     ] GC(813) Eden regions: 151->0(145)
[391.082s][info][gc,heap     ] GC(813) Survivor regions: 2->8(20)
[391.082s][info][gc,heap     ] GC(813) Old regions: 43->43
[391.082s][info][gc,heap     ] GC(813) Humongous regions: 13->3
[391.082s][info][gc,metaspace] GC(813) Metaspace: 42939K(43392K)->42939K(43392K) NonClass: 38597K(38848K)->38597K(38848K) Class: 4342K(4544K)->4342K(4544K)
[391.082s][info][gc          ] GC(813) Pause Young (Prepare Mixed) (G1 Evacuation Pause) 208M->53M(256M) 8.847ms
[391.082s][info][gc,cpu      ] GC(813) User=0.02s Sys=0.00s Real=0.01s
[391.675s][info][gc,start    ] GC(814) Pause Young (Mixed) (G1 Evacuation Pause)
[391.675s][info][gc,task     ] GC(814) Using 2 workers of 2 for evacuation
[391.682s][info][gc,phases   ] GC(814)   Pre Evacuate Collection Set: 0.19ms
[391.682s][info][gc,phases   ] GC(814)   Merge Heap Roots: 0.07ms
[391.682s][info][gc,phases   ] GC(814)   Evacuate Collection Set: 6.51ms
[391.682s][info][gc,phases   ] GC(814)   Post Evacuate Collection Set: 0.44ms
[391.682s][info][gc,phases   ] GC(814)   Other: 0.07ms
[391.682s][info][gc,heap     ] GC(814) Eden regions: 145->0(147)
[391.682s][info][gc,heap     ] GC(814) Survivor regions: 8->6(20)
[391.682s][info][gc,heap     ] GC(814) Old regions: 43->40
[391.682s][info][gc,heap     ] GC(814) Humongous regions: 17->3
[391.682s][info][gc,metaspace] GC(814) Metaspace: 42939K(43392K)->42939K(43392K) NonClass: 38597K(38848K)->38597K(38848K) Class: 4342K(4544K)->4342K(4544K)
[391.682s][info][gc          ] GC(814) Pause Young (Mixed) (G1 Evacuation Pause) 212M->48M(256M) 7.483ms
[391.682s][info][gc,cpu      ] GC(814) User=0.01s Sys=0.00s Real=0.01s
[392.242s][info][gc,start    ] GC(815) Pause Young (Concurrent Start) (G1 Evacuation Pause)
[392.242s][info][gc,task     ] GC(815) Using 2 workers of 2 for evacuation
[392.264s][info][gc,phases   ] GC(815)   Pre Evacuate Collection Set: 0.17ms
[392.264s][info][gc,phases   ] GC(815)   Merge Heap Roots: 0.06ms
[392.264s][info][gc,phases   ] GC(815)   Evacuate Collection Set: 21.25ms
[392.264s][info][gc,phases   ] GC(815)   Post Evacuate Collection Set: 0.48ms
[392.264s][info][gc,phases   ] GC(815)   Other: 0.10ms
[392.264s][info][gc,heap     ] GC(815) Eden regions: 147->0(133)
[392.264s][info][gc,heap     ] GC(815) Survivor regions: 6->20(20)
[392.264s][info][gc,heap     ] GC(815) Old regions: 40->44
[392.264s][info][gc,heap     ] GC(815) Humongous regions: 3->3
[392.264s][info][gc,metaspace] GC(815) Metaspace: 42939K(43392K)->42939K(43392K) NonClass: 38597K(38848K)->38597K(38848K) Class: 4342K(4544K)->4342K(4544K)
[392.264s][info][gc          ] GC(815) Pause Young (Concurrent Start) (G1 Evacuation Pause) 195M->67M(256M) 22.280ms
[392.264s][info][gc,cpu      ] GC(815) User=0.04s Sys=0.00s Real=0.02s
[392.264s][info][gc          ] GC(816) Concurrent Mark Cycle
[392.264s][info][gc,marking  ] GC(816) Concurrent Scan Root Regions
[392.280s][info][gc,marking  ] GC(816) Concurrent Scan Root Regions 15.346ms
[392.280s][info][gc,marking  ] GC(816) Concurrent Mark
[392.280s][info][gc,marking  ] GC(816) Concurrent Mark From Roots
[392.280s][info][gc,task     ] GC(816) Using 1 workers of 1 for marking
[392.339s][info][gc,marking  ] GC(816) Concurrent Mark From Roots 59.024ms
[392.339s][info][gc,marking  ] GC(816) Concurrent Preclean
[392.339s][info][gc,marking  ] GC(816) Concurrent Preclean 0.037ms
[392.339s][info][gc,start    ] GC(816) Pause Remark
[392.356s][info][gc          ] GC(816) Pause Remark 80M->80M(256M) 16.684ms
[392.356s][info][gc,cpu      ] GC(816) User=0.03s Sys=0.00s Real=0.02s
[392.357s][info][gc,marking  ] GC(816) Concurrent Mark 77.643ms
[392.357s][info][gc,marking  ] GC(816) Concurrent Rebuild Remembered Sets and Scrub Regions
[392.386s][info][gc,marking  ] GC(816) Concurrent Rebuild Remembered Sets and Scrub Regions 28.992ms
[392.387s][info][gc,start    ] GC(816) Pause Cleanup
[392.387s][info][gc          ] GC(816) Pause Cleanup 85M->85M(256M) 0.049ms
[392.387s][info][gc,cpu      ] GC(816) User=0.00s Sys=0.00s Real=0.00s
[392.388s][info][gc,marking  ] GC(816) Concurrent Clear Claimed Marks
[392.388s][info][gc,marking  ] GC(816) Concurrent Clear Claimed Marks 0.046ms
[392.388s][info][gc,marking  ] GC(816) Concurrent Cleanup for Next Mark
[392.389s][info][gc,marking  ] GC(816) Concurrent Cleanup for Next Mark 0.946ms
[392.389s][info][gc          ] GC(816) Concurrent Mark Cycle 124.251ms
[392.916s][info][gc,start    ] GC(817) Pause Young (Prepare Mixed) (G1 Evacuation Pause)
[392.916s][info][gc,task     ] GC(817) Using 2 workers of 2 for evacuation
[392.948s][info][gc,phases   ] GC(817)   Pre Evacuate Collection Set: 0.15ms
[392.948s][info][gc,phases   ] GC(817)   Merge Heap Roots: 0.12ms
[392.948s][info][gc,phases   ] GC(817)   Evacuate Collection Set: 30.88ms
[392.948s][info][gc,phases   ] GC(817)   Post Evacuate Collection Set: 0.49ms
[392.948s][info][gc,phases   ] GC(817)   Other: 0.07ms
[392.948s][info][gc,heap     ] GC(817) Eden regions: 133->0(133)
[392.948s][info][gc,heap     ] GC(817) Survivor regions: 20->20(20)
[392.948s][info][gc,heap     ] GC(817) Old regions: 44->54
[392.948s][info][gc,heap     ] GC(817) Humongous regions: 3->3
[392.948s][info][gc,metaspace] GC(817) Metaspace: 42939K(43392K)->42939K(43392K) NonClass: 38597K(38848K)->38597K(38848K) Class: 4342K(4544K)->4342K(4544K)
[392.948s][info][gc          ] GC(817) Pause Young (Prepare Mixed) (G1 Evacuation Pause) 200M->76M(256M) 31.887ms
[392.948s][info][gc,cpu      ] GC(817) User=0.06s Sys=0.00s Real=0.03s
[393.455s][info][gc,start    ] GC(818) Pause Young (Mixed) (G1 Evacuation Pause)
[393.455s][info][gc,task     ] GC(818) Using 2 workers of 2 for evacuation
[393.501s][info][gc,phases   ] GC(818)   Pre Evacuate Collection Set: 0.23ms
[393.501s][info][gc,phases   ] GC(818)   Merge Heap Roots: 0.23ms
[393.501s][info][gc,phases   ] GC(818)   Evacuate Collection Set: 45.09ms
[393.501s][info][gc,phases   ] GC(818)   Post Evacuate Collection Set: 0.51ms
[393.501s][info][gc,phases   ] GC(818)   Other: 0.10ms
[393.501s][info][gc,heap     ] GC(818) Eden regions: 133->0(126)
[393.502s][info][gc,heap     ] GC(818) Survivor regions: 20->14(20)
[393.502s][info][gc,heap     ] GC(818) Old regions: 54->72
[393.502s][info][gc,heap     ] GC(818) Humongous regions: 7->3
[393.502s][info][gc,metaspace] GC(818) Metaspace: 42939K(43392K)->42939K(43392K) NonClass: 38597K(38848K)->38597K(38848K) Class: 4342K(4544K)->4342K(4544K)
[393.502s][info][gc          ] GC(818) Pause Young (Mixed) (G1 Evacuation Pause) 213M->88M(256M) 46.355ms
[393.502s][info][gc,cpu      ] GC(818) User=0.08s Sys=0.00s Real=0.05s
[393.601s][info][gc,start    ] GC(819) Pause Young (Concurrent Start) (G1 Humongous Allocation)
[393.601s][info][gc,task     ] GC(819) Using 2 workers of 2 for evacuation
[393.607s][info][gc,phases   ] GC(819)   Pre Evacuate Collection Set: 0.17ms
[393.607s][info][gc,phases   ] GC(819)   Merge Heap Roots: 0.05ms
[393.607s][info][gc,phases   ] GC(819)   Evacuate Collection Set: 4.25ms
[393.607s][info][gc,phases   ] GC(819)   Post Evacuate Collection Set: 0.55ms
[393.607s][info][gc,phases   ] GC(819)   Other: 0.08ms
[393.607s][info][gc,heap     ] GC(819) Eden regions: 22->0(153)
[393.607s][info][gc,heap     ] GC(819) Survivor regions: 14->2(18)
[393.607s][info][gc,heap     ] GC(819) Old regions: 72->75
[393.607s][info][gc,heap     ] GC(819) Humongous regions: 3->1
[393.607s][info][gc,metaspace] GC(819) Metaspace: 42939K(43392K)->42939K(43392K) NonClass: 38597K(38848K)->38597K(38848K) Class: 4342K(4544K)->4342K(4544K)
[393.607s][info][gc          ] GC(819) Pause Young (Concurrent Start) (G1 Humongous Allocation) 110M->77M(285M) 5.278ms
[393.607s][info][gc          ] GC(820) Concurrent Mark Cycle
[393.607s][info][gc,marking  ] GC(820) Concurrent Scan Root Regions
[393.608s][info][gc,cpu      ] GC(819) User=0.01s Sys=0.00s Real=0.00s
[393.611s][info][gc,marking  ] GC(820) Concurrent Scan Root Regions 4.257ms
[393.611s][info][gc,marking  ] GC(820) Concurrent Mark
[393.611s][info][gc,marking  ] GC(820) Concurrent Mark From Roots
[393.611s][info][gc,task     ] GC(820) Using 1 workers of 1 for marking
[393.692s][info][gc,marking  ] GC(820) Concurrent Mark From Roots 80.638ms
[393.692s][info][gc,marking  ] GC(820) Concurrent Preclean
[393.692s][info][gc,marking  ] GC(820) Concurrent Preclean 0.035ms
[393.692s][info][gc,start    ] GC(820) Pause Remark
[393.708s][info][gc          ] GC(820) Pause Remark 95M->95M(267M) 16.586ms
[393.709s][info][gc,cpu      ] GC(820) User=0.03s Sys=0.00s Real=0.01s
[393.710s][info][gc,marking  ] GC(820) Concurrent Mark 99.342ms
[393.710s][info][gc,marking  ] GC(820) Concurrent Rebuild Remembered Sets and Scrub Regions
[393.746s][info][gc,marking  ] GC(820) Concurrent Rebuild Remembered Sets and Scrub Regions 35.711ms
[393.746s][info][gc,start    ] GC(820) Pause Cleanup
[393.746s][info][gc          ] GC(820) Pause Cleanup 101M->101M(267M) 0.048ms
[393.746s][info][gc,cpu      ] GC(820) User=0.00s Sys=0.00s Real=0.00s
[393.746s][info][gc,marking  ] GC(820) Concurrent Clear Claimed Marks
[393.746s][info][gc,marking  ] GC(820) Concurrent Clear Claimed Marks 0.056ms
[393.746s][info][gc,marking  ] GC(820) Concurrent Cleanup for Next Mark
[393.747s][info][gc,marking  ] GC(820) Concurrent Cleanup for Next Mark 0.885ms
[393.747s][info][gc          ] GC(820) Concurrent Mark Cycle 140.575ms
[394.258s][info][gc,start    ] GC(821) Pause Young (Prepare Mixed) (G1 Evacuation Pause)
[394.258s][info][gc,task     ] GC(821) Using 2 workers of 2 for evacuation
[394.260s][info][gc,phases   ] GC(821)   Pre Evacuate Collection Set: 0.15ms
[394.260s][info][gc,phases   ] GC(821)   Merge Heap Roots: 0.06ms
[394.260s][info][gc,phases   ] GC(821)   Evacuate Collection Set: 1.86ms
[394.260s][info][gc,phases   ] GC(821)   Post Evacuate Collection Set: 0.42ms
[394.261s][info][gc,phases   ] GC(821)   Other: 0.07ms
[394.261s][info][gc,heap     ] GC(821) Eden regions: 153->0(148)
[394.261s][info][gc,heap     ] GC(821) Survivor regions: 2->2(20)
[394.261s][info][gc,heap     ] GC(821) Old regions: 75->75
[394.261s][info][gc,heap     ] GC(821) Humongous regions: 13->3
[394.261s][info][gc,metaspace] GC(821) Metaspace: 42940K(43392K)->42940K(43392K) NonClass: 38598K(38848K)->38598K(38848K) Class: 4342K(4544K)->4342K(4544K)
[394.261s][info][gc          ] GC(821) Pause Young (Prepare Mixed) (G1 Evacuation Pause) 242M->80M(267M) 2.728ms
[394.261s][info][gc,cpu      ] GC(821) User=0.01s Sys=0.00s Real=0.01s
[394.854s][info][gc,start    ] GC(822) Pause Young (Mixed) (G1 Evacuation Pause)
[394.854s][info][gc,task     ] GC(822) Using 2 workers of 2 for evacuation
[394.868s][info][gc,phases   ] GC(822)   Pre Evacuate Collection Set: 0.21ms
[394.868s][info][gc,phases   ] GC(822)   Merge Heap Roots: 0.14ms
[394.868s][info][gc,phases   ] GC(822)   Evacuate Collection Set: 13.22ms
[394.868s][info][gc,phases   ] GC(822)   Post Evacuate Collection Set: 0.46ms
[394.868s][info][gc,phases   ] GC(822)   Other: 0.07ms
[394.868s][info][gc,heap     ] GC(822) Eden regions: 148->0(150)
[394.868s][info][gc,heap     ] GC(822) Survivor regions: 2->9(19)
[394.868s][info][gc,heap     ] GC(822) Old regions: 75->66
[394.868s][info][gc,heap     ] GC(822) Humongous regions: 5->3
[394.868s][info][gc,metaspace] GC(822) Metaspace: 42940K(43392K)->42940K(43392K) NonClass: 38598K(38848K)->38598K(38848K) Class: 4342K(4544K)->4342K(4544K)
[394.868s][info][gc          ] GC(822) Pause Young (Mixed) (G1 Evacuation Pause) 230M->77M(267M) 14.306ms
[394.868s][info][gc,cpu      ] GC(822) User=0.03s Sys=0.00s Real=0.01s
[394.941s][info][gc,start    ] GC(823) Pause Young (Concurrent Start) (G1 Humongous Allocation)
[394.941s][info][gc,task     ] GC(823) Using 2 workers of 2 for evacuation
[394.944s][info][gc,phases   ] GC(823)   Pre Evacuate Collection Set: 0.16ms
[394.944s][info][gc,phases   ] GC(823)   Merge Heap Roots: 0.05ms
[394.944s][info][gc,phases   ] GC(823)   Evacuate Collection Set: 2.11ms
[394.944s][info][gc,phases   ] GC(823)   Post Evacuate Collection Set: 0.33ms
[394.944s][info][gc,phases   ] GC(823)   Other: 0.09ms
[394.944s][info][gc,heap     ] GC(823) Eden regions: 19->0(157)
[394.944s][info][gc,heap     ] GC(823) Survivor regions: 9->3(20)
[394.944s][info][gc,heap     ] GC(823) Old regions: 66->66
[394.944s][info][gc,heap     ] GC(823) Humongous regions: 3->1
[394.944s][info][gc,metaspace] GC(823) Metaspace: 42940K(43392K)->42940K(43392K) NonClass: 38598K(38848K)->38598K(38848K) Class: 4342K(4544K)->4342K(4544K)
[394.944s][info][gc          ] GC(823) Pause Young (Concurrent Start) (G1 Humongous Allocation) 96M->68M(267M) 2.898ms
[394.944s][info][gc,cpu      ] GC(823) User=0.00s Sys=0.00s Real=0.00s
[394.944s][info][gc          ] GC(824) Concurrent Mark Cycle
[394.944s][info][gc,marking  ] GC(824) Concurrent Scan Root Regions
[394.947s][info][gc,marking  ] GC(824) Concurrent Scan Root Regions 3.619ms
[394.947s][info][gc,marking  ] GC(824) Concurrent Mark
[394.947s][info][gc,marking  ] GC(824) Concurrent Mark From Roots
[394.947s][info][gc,task     ] GC(824) Using 1 workers of 1 for marking
[395.002s][info][gc,marking  ] GC(824) Concurrent Mark From Roots 55.003ms
[395.002s][info][gc,marking  ] GC(824) Concurrent Preclean
[395.003s][info][gc,marking  ] GC(824) Concurrent Preclean 0.034ms
[395.003s][info][gc,start    ] GC(824) Pause Remark
[395.019s][info][gc          ] GC(824) Pause Remark 85M->77M(256M) 16.772ms
[395.019s][info][gc,cpu      ] GC(824) User=0.03s Sys=0.00s Real=0.01s
[395.020s][info][gc,marking  ] GC(824) Concurrent Mark 72.126ms
[395.020s][info][gc,marking  ] GC(824) Concurrent Rebuild Remembered Sets and Scrub Regions
[395.045s][info][gc,marking  ] GC(824) Concurrent Rebuild Remembered Sets and Scrub Regions 25.748ms
[395.046s][info][gc,start    ] GC(824) Pause Cleanup
[395.046s][info][gc          ] GC(824) Pause Cleanup 79M->79M(256M) 0.047ms
[395.046s][info][gc,cpu      ] GC(824) User=0.00s Sys=0.00s Real=0.00s
[395.046s][info][gc,marking  ] GC(824) Concurrent Clear Claimed Marks
[395.046s][info][gc,marking  ] GC(824) Concurrent Clear Claimed Marks 0.041ms
[395.046s][info][gc,marking  ] GC(824) Concurrent Cleanup for Next Mark
[395.048s][info][gc,marking  ] GC(824) Concurrent Cleanup for Next Mark 2.788ms
[395.048s][info][gc          ] GC(824) Concurrent Mark Cycle 104.707ms
[395.522s][info][gc,start    ] GC(825) Pause Young (Prepare Mixed) (G1 Evacuation Pause)
[395.522s][info][gc,task     ] GC(825) Using 2 workers of 2 for evacuation
[395.533s][info][gc,phases   ] GC(825)   Pre Evacuate Collection Set: 0.15ms
[395.533s][info][gc,phases   ] GC(825)   Merge Heap Roots: 0.06ms
[395.533s][info][gc,phases   ] GC(825)   Evacuate Collection Set: 10.16ms
[395.533s][info][gc,phases   ] GC(825)   Post Evacuate Collection Set: 0.48ms
[395.533s][info][gc,phases   ] GC(825)   Other: 0.08ms
[395.533s][info][gc,heap     ] GC(825) Eden regions: 150->0(143)
[395.533s][info][gc,heap     ] GC(825) Survivor regions: 3->10(20)
[395.533s][info][gc,heap     ] GC(825) Old regions: 57->57
[395.533s][info][gc,heap     ] GC(825) Humongous regions: 9->3
[395.533s][info][gc,metaspace] GC(825) Metaspace: 42940K(43392K)->42940K(43392K) NonClass: 38598K(38848K)->38598K(38848K) Class: 4342K(4544K)->4342K(4544K)
[395.533s][info][gc          ] GC(825) Pause Young (Prepare Mixed) (G1 Evacuation Pause) 218M->70M(256M) 11.163ms
[395.533s][info][gc,cpu      ] GC(825) User=0.02s Sys=0.00s Real=0.01s
[396.136s][info][gc,start    ] GC(826) Pause Young (Mixed) (G1 Evacuation Pause)
[396.136s][info][gc,task     ] GC(826) Using 2 workers of 2 for evacuation
[396.152s][info][gc,phases   ] GC(826)   Pre Evacuate Collection Set: 0.21ms
[396.152s][info][gc,phases   ] GC(826)   Merge Heap Roots: 0.09ms
[396.152s][info][gc,phases   ] GC(826)   Evacuate Collection Set: 15.06ms
[396.152s][info][gc,phases   ] GC(826)   Post Evacuate Collection Set: 0.45ms
[396.152s][info][gc,phases   ] GC(826)   Other: 0.07ms
[396.152s][info][gc,heap     ] GC(826) Eden regions: 143->0(139)
[396.152s][info][gc,heap     ] GC(826) Survivor regions: 10->14(20)
[396.152s][info][gc,heap     ] GC(826) Old regions: 57->47
[396.152s][info][gc,heap     ] GC(826) Humongous regions: 5->3
[396.152s][info][gc,metaspace] GC(826) Metaspace: 42940K(43392K)->42940K(43392K) NonClass: 38598K(38848K)->38598K(38848K) Class: 4342K(4544K)->4342K(4544K)
[396.152s][info][gc          ] GC(826) Pause Young (Mixed) (G1 Evacuation Pause) 215M->63M(256M) 16.065ms
[396.152s][info][gc,cpu      ] GC(826) User=0.03s Sys=0.00s Real=0.02s
[396.199s][info][gc,start    ] GC(827) Pause Young (Concurrent Start) (G1 Humongous Allocation)
[396.199s][info][gc,task     ] GC(827) Using 2 workers of 2 for evacuation
[396.203s][info][gc,phases   ] GC(827)   Pre Evacuate Collection Set: 0.17ms
[396.203s][info][gc,phases   ] GC(827)   Merge Heap Roots: 0.04ms
[396.203s][info][gc,phases   ] GC(827)   Evacuate Collection Set: 3.24ms
[396.203s][info][gc,phases   ] GC(827)   Post Evacuate Collection Set: 0.31ms
[396.203s][info][gc,phases   ] GC(827)   Other: 0.08ms
[396.203s][info][gc,heap     ] GC(827) Eden regions: 11->0(152)
[396.203s][info][gc,heap     ] GC(827) Survivor regions: 14->1(20)
[396.203s][info][gc,heap     ] GC(827) Old regions: 47->50
[396.203s][info][gc,heap     ] GC(827) Humongous regions: 3->1
[396.203s][info][gc,metaspace] GC(827) Metaspace: 42940K(43392K)->42940K(43392K) NonClass: 38598K(38848K)->38598K(38848K) Class: 4342K(4544K)->4342K(4544K)
[396.203s][info][gc          ] GC(827) Pause Young (Concurrent Start) (G1 Humongous Allocation) 74M->51M(256M) 4.003ms
[396.203s][info][gc,cpu      ] GC(827) User=0.01s Sys=0.00s Real=0.01s
[396.203s][info][gc          ] GC(828) Concurrent Mark Cycle
[396.203s][info][gc,marking  ] GC(828) Concurrent Scan Root Regions
[396.207s][info][gc,marking  ] GC(828) Concurrent Scan Root Regions 4.403ms
[396.207s][info][gc,marking  ] GC(828) Concurrent Mark
[396.207s][info][gc,marking  ] GC(828) Concurrent Mark From Roots
[396.207s][info][gc,task     ] GC(828) Using 1 workers of 1 for marking
[396.267s][info][gc,marking  ] GC(828) Concurrent Mark From Roots 59.685ms
[396.267s][info][gc,marking  ] GC(828) Concurrent Preclean
[396.267s][info][gc,marking  ] GC(828) Concurrent Preclean 0.034ms
[396.267s][info][gc,start    ] GC(828) Pause Remark
[396.284s][info][gc          ] GC(828) Pause Remark 69M->69M(256M) 16.571ms
[396.284s][info][gc,cpu      ] GC(828) User=0.03s Sys=0.00s Real=0.02s
[396.284s][info][gc,marking  ] GC(828) Concurrent Mark 76.596ms
[396.284s][info][gc,marking  ] GC(828) Concurrent Rebuild Remembered Sets and Scrub Regions
[396.307s][info][gc,marking  ] GC(828) Concurrent Rebuild Remembered Sets and Scrub Regions 22.921ms
[396.307s][info][gc,start    ] GC(828) Pause Cleanup
[396.307s][info][gc          ] GC(828) Pause Cleanup 74M->74M(256M) 0.044ms
[396.307s][info][gc,cpu      ] GC(828) User=0.00s Sys=0.00s Real=0.00s
[396.307s][info][gc,marking  ] GC(828) Concurrent Clear Claimed Marks
[396.307s][info][gc,marking  ] GC(828) Concurrent Clear Claimed Marks 0.039ms
[396.307s][info][gc,marking  ] GC(828) Concurrent Cleanup for Next Mark
[396.308s][info][gc,marking  ] GC(828) Concurrent Cleanup for Next Mark 0.746ms
[396.308s][info][gc          ] GC(828) Concurrent Mark Cycle 105.075ms
[396.737s][info][gc,start    ] GC(829) Pause Young (Prepare Mixed) (G1 Evacuation Pause)
[396.737s][info][gc,task     ] GC(829) Using 2 workers of 2 for evacuation
[396.758s][info][gc,phases   ] GC(829)   Pre Evacuate Collection Set: 0.18ms
[396.758s][info][gc,phases   ] GC(829)   Merge Heap Roots: 0.07ms
[396.758s][info][gc,phases   ] GC(829)   Evacuate Collection Set: 19.86ms
[396.758s][info][gc,phases   ] GC(829)   Post Evacuate Collection Set: 0.46ms
[396.758s][info][gc,phases   ] GC(829)   Other: 0.09ms
[396.758s][info][gc,heap     ] GC(829) Eden regions: 152->0(133)
[396.758s][info][gc,heap     ] GC(829) Survivor regions: 1->20(20)
[396.758s][info][gc,heap     ] GC(829) Old regions: 50->55
[396.758s][info][gc,heap     ] GC(829) Humongous regions: 7->3
[396.758s][info][gc,metaspace] GC(829) Metaspace: 42940K(43392K)->42940K(43392K) NonClass: 38598K(38848K)->38598K(38848K) Class: 4342K(4544K)->4342K(4544K)
[396.758s][info][gc          ] GC(829) Pause Young (Prepare Mixed) (G1 Evacuation Pause) 209M->77M(256M) 20.871ms
[396.758s][info][gc,cpu      ] GC(829) User=0.04s Sys=0.00s Real=0.02s
[397.288s][info][gc,start    ] GC(830) Pause Young (Mixed) (G1 Evacuation Pause)
[397.288s][info][gc,task     ] GC(830) Using 2 workers of 2 for evacuation
[397.335s][info][gc,phases   ] GC(830)   Pre Evacuate Collection Set: 0.18ms
[397.335s][info][gc,phases   ] GC(830)   Merge Heap Roots: 0.12ms
[397.335s][info][gc,phases   ] GC(830)   Evacuate Collection Set: 45.51ms
[397.335s][info][gc,phases   ] GC(830)   Post Evacuate Collection Set: 0.71ms
[397.335s][info][gc,phases   ] GC(830)   Other: 0.08ms
[397.335s][info][gc,heap     ] GC(830) Eden regions: 133->0(108)
[397.335s][info][gc,heap     ] GC(830) Survivor regions: 20->20(20)
[397.335s][info][gc,heap     ] GC(830) Old regions: 55->74
[397.335s][info][gc,heap     ] GC(830) Humongous regions: 3->3
[397.335s][info][gc,metaspace] GC(830) Metaspace: 42940K(43392K)->42940K(43392K) NonClass: 38598K(38848K)->38598K(38848K) Class: 4342K(4544K)->4342K(4544K)
[397.335s][info][gc          ] GC(830) Pause Young (Mixed) (G1 Evacuation Pause) 210M->97M(256M) 46.791ms
[397.335s][info][gc,cpu      ] GC(830) User=0.09s Sys=0.00s Real=0.05s
[397.892s][info][gc,start    ] GC(831) Pause Young (Concurrent Start) (G1 Evacuation Pause)
[397.892s][info][gc,task     ] GC(831) Using 2 workers of 2 for evacuation
[397.973s][info][gc,phases   ] GC(831)   Pre Evacuate Collection Set: 0.17ms
[397.973s][info][gc,phases   ] GC(831)   Merge Heap Roots: 0.32ms
[397.973s][info][gc,phases   ] GC(831)   Evacuate Collection Set: 80.19ms
[397.973s][info][gc,phases   ] GC(831)   Post Evacuate Collection Set: 0.46ms
[397.973s][info][gc,phases   ] GC(831)   Other: 0.10ms
[397.973s][info][gc,heap     ] GC(831) Eden regions: 108->0(82)
[397.973s][info][gc,heap     ] GC(831) Survivor regions: 20->16(16)
[397.973s][info][gc,heap     ] GC(831) Old regions: 74->108
[397.973s][info][gc,heap     ] GC(831) Humongous regions: 3->3
[397.973s][info][gc,metaspace] GC(831) Metaspace: 42940K(43392K)->42940K(43392K) NonClass: 38598K(38848K)->38598K(38848K) Class: 4342K(4544K)->4342K(4544K)
[397.973s][info][gc          ] GC(831) Pause Young (Concurrent Start) (G1 Evacuation Pause) 205M->127M(256M) 81.480ms
[397.974s][info][gc          ] GC(832) Concurrent Mark Cycle
[397.974s][info][gc,marking  ] GC(832) Concurrent Scan Root Regions
[397.974s][info][gc,cpu      ] GC(831) User=0.13s Sys=0.00s Real=0.08s
[398.032s][info][gc,marking  ] GC(832) Concurrent Scan Root Regions 58.912ms
[398.032s][info][gc,marking  ] GC(832) Concurrent Mark
[398.032s][info][gc,marking  ] GC(832) Concurrent Mark From Roots
[398.032s][info][gc,task     ] GC(832) Using 1 workers of 1 for marking
[398.132s][info][gc,marking  ] GC(832) Concurrent Mark From Roots 99.978ms
[398.132s][info][gc,marking  ] GC(832) Concurrent Preclean
[398.133s][info][gc,marking  ] GC(832) Concurrent Preclean 0.045ms
[398.133s][info][gc,start    ] GC(832) Pause Remark
[398.149s][info][gc          ] GC(832) Pause Remark 146M->146M(256M) 16.494ms
[398.149s][info][gc,cpu      ] GC(832) User=0.04s Sys=0.00s Real=0.01s
[398.149s][info][gc,marking  ] GC(832) Concurrent Mark 116.807ms
[398.149s][info][gc,marking  ] GC(832) Concurrent Rebuild Remembered Sets and Scrub Regions
[398.242s][info][gc,marking  ] GC(832) Concurrent Rebuild Remembered Sets and Scrub Regions 92.575ms
[398.245s][info][gc,start    ] GC(832) Pause Cleanup
[398.245s][info][gc          ] GC(832) Pause Cleanup 160M->160M(256M) 0.056ms
[398.245s][info][gc,cpu      ] GC(832) User=0.00s Sys=0.00s Real=0.00s
[398.245s][info][gc,marking  ] GC(832) Concurrent Clear Claimed Marks
[398.245s][info][gc,marking  ] GC(832) Concurrent Clear Claimed Marks 0.057ms
[398.245s][info][gc,marking  ] GC(832) Concurrent Cleanup for Next Mark
[398.247s][info][gc,marking  ] GC(832) Concurrent Cleanup for Next Mark 1.602ms
[398.247s][info][gc          ] GC(832) Concurrent Mark Cycle 273.199ms
[398.510s][info][gc,start    ] GC(833) Pause Young (Prepare Mixed) (G1 Evacuation Pause)
[398.510s][info][gc,task     ] GC(833) Using 2 workers of 2 for evacuation
[398.559s][info][gc,phases   ] GC(833)   Pre Evacuate Collection Set: 0.23ms
[398.559s][info][gc,phases   ] GC(833)   Merge Heap Roots: 0.63ms
[398.559s][info][gc,phases   ] GC(833)   Evacuate Collection Set: 47.39ms
[398.559s][info][gc,phases   ] GC(833)   Post Evacuate Collection Set: 0.43ms
[398.559s][info][gc,phases   ] GC(833)   Other: 0.09ms
[398.559s][info][gc,heap     ] GC(833) Eden regions: 82->0(65)
[398.559s][info][gc,heap     ] GC(833) Survivor regions: 16->13(13)
[398.559s][info][gc,heap     ] GC(833) Old regions: 108->134
[398.559s][info][gc,heap     ] GC(833) Humongous regions: 3->3
[398.559s][info][gc,metaspace] GC(833) Metaspace: 42940K(43392K)->42940K(43392K) NonClass: 38598K(38848K)->38598K(38848K) Class: 4342K(4544K)->4342K(4544K)
[398.559s][info][gc          ] GC(833) Pause Young (Prepare Mixed) (G1 Evacuation Pause) 209M->150M(256M) 48.958ms
[398.559s][info][gc,cpu      ] GC(833) User=0.10s Sys=0.00s Real=0.05s
[398.828s][info][gc,start    ] GC(834) Pause Young (Mixed) (G1 Evacuation Pause)
[398.828s][info][gc,task     ] GC(834) Using 2 workers of 2 for evacuation
[398.865s][info][gc,phases   ] GC(834)   Pre Evacuate Collection Set: 0.16ms
[398.865s][info][gc,phases   ] GC(834)   Merge Heap Roots: 0.24ms
[398.865s][info][gc,phases   ] GC(834)   Evacuate Collection Set: 36.76ms
[398.865s][info][gc,phases   ] GC(834)   Post Evacuate Collection Set: 0.40ms
[398.865s][info][gc,phases   ] GC(834)   Other: 0.06ms
[398.865s][info][gc,heap     ] GC(834) Eden regions: 65->0(57)
[398.865s][info][gc,heap     ] GC(834) Survivor regions: 13->10(10)
[398.865s][info][gc,heap     ] GC(834) Old regions: 134->149
[398.865s][info][gc,heap     ] GC(834) Humongous regions: 5->3
[398.865s][info][gc,metaspace] GC(834) Metaspace: 42940K(43392K)->42940K(43392K) NonClass: 38598K(38848K)->38598K(38848K) Class: 4342K(4544K)->4342K(4544K)
[398.865s][info][gc          ] GC(834) Pause Young (Mixed) (G1 Evacuation Pause) 217M->161M(256M) 37.828ms
[398.865s][info][gc,cpu      ] GC(834) User=0.07s Sys=0.00s Real=0.04s
[399.138s][info][gc,start    ] GC(835) Pause Young (Concurrent Start) (G1 Evacuation Pause)
[399.370s][info][gc,task     ] GC(835) Using 2 workers of 2 for evacuation
[399.403s][info][gc,phases   ] GC(835)   Pre Evacuate Collection Set: 0.23ms
[399.403s][info][gc,phases   ] GC(835)   Merge Heap Roots: 0.17ms
[399.403s][info][gc,phases   ] GC(835)   Evacuate Collection Set: 30.85ms
[399.403s][info][gc,phases   ] GC(835)   Post Evacuate Collection Set: 1.24ms
[399.403s][info][gc,phases   ] GC(835)   Other: 0.10ms
[399.403s][info][gc,heap     ] GC(835) Eden regions: 57->0(126)
[399.403s][info][gc,heap     ] GC(835) Survivor regions: 10->9(9)
[399.403s][info][gc,heap     ] GC(835) Old regions: 149->164
[399.403s][info][gc,heap     ] GC(835) Humongous regions: 3->3
[399.403s][info][gc,metaspace] GC(835) Metaspace: 42940K(43392K)->42940K(43392K) NonClass: 38598K(38848K)->38598K(38848K) Class: 4342K(4544K)->4342K(4544K)
[399.403s][info][gc          ] GC(835) Pause Young (Concurrent Start) (G1 Evacuation Pause) 218M->176M(371M) 265.277ms
[399.403s][info][gc,cpu      ] GC(835) User=0.06s Sys=0.00s Real=0.27s
[399.403s][info][gc          ] GC(836) Concurrent Mark Cycle
[399.403s][info][gc,marking  ] GC(836) Concurrent Scan Root Regions
[399.442s][info][gc,marking  ] GC(836) Concurrent Scan Root Regions 39.477ms
[399.442s][info][gc,marking  ] GC(836) Concurrent Mark
[399.442s][info][gc,marking  ] GC(836) Concurrent Mark From Roots
[399.442s][info][gc,task     ] GC(836) Using 1 workers of 1 for marking
[399.567s][info][gc,marking  ] GC(836) Concurrent Mark From Roots 124.260ms
[399.567s][info][gc,marking  ] GC(836) Concurrent Preclean
[399.567s][info][gc,marking  ] GC(836) Concurrent Preclean 0.037ms
[399.567s][info][gc,start    ] GC(836) Pause Remark
[399.584s][info][gc          ] GC(836) Pause Remark 207M->207M(371M) 16.726ms
[399.584s][info][gc,cpu      ] GC(836) User=0.03s Sys=0.00s Real=0.02s
[399.585s][info][gc,marking  ] GC(836) Concurrent Mark 141.955ms
[399.585s][info][gc,marking  ] GC(836) Concurrent Rebuild Remembered Sets and Scrub Regions
[399.675s][info][gc,marking  ] GC(836) Concurrent Rebuild Remembered Sets and Scrub Regions 90.580ms
[399.675s][info][gc,start    ] GC(836) Pause Cleanup
[399.675s][info][gc          ] GC(836) Pause Cleanup 223M->223M(371M) 0.074ms
[399.675s][info][gc,cpu      ] GC(836) User=0.00s Sys=0.00s Real=0.00s
[399.675s][info][gc,marking  ] GC(836) Concurrent Clear Claimed Marks
[399.675s][info][gc,marking  ] GC(836) Concurrent Clear Claimed Marks 0.062ms
[399.675s][info][gc,marking  ] GC(836) Concurrent Cleanup for Next Mark
[399.678s][info][gc,marking  ] GC(836) Concurrent Cleanup for Next Mark 2.280ms
[399.678s][info][gc          ] GC(836) Concurrent Mark Cycle 274.828ms
[400.222s][info][gc,start    ] GC(837) Pause Young (Prepare Mixed) (G1 Evacuation Pause)
[400.222s][info][gc,task     ] GC(837) Using 2 workers of 2 for evacuation
[400.238s][info][gc,phases   ] GC(837)   Pre Evacuate Collection Set: 0.18ms
[400.238s][info][gc,phases   ] GC(837)   Merge Heap Roots: 0.17ms
[400.238s][info][gc,phases   ] GC(837)   Evacuate Collection Set: 15.83ms
[400.238s][info][gc,phases   ] GC(837)   Post Evacuate Collection Set: 0.45ms
[400.238s][info][gc,phases   ] GC(837)   Other: 0.10ms
[400.238s][info][gc,heap     ] GC(837) Eden regions: 126->0(130)
[400.238s][info][gc,heap     ] GC(837) Survivor regions: 9->4(17)
[400.238s][info][gc,heap     ] GC(837) Old regions: 164->174
[400.238s][info][gc,heap     ] GC(837) Humongous regions: 13->3
[400.238s][info][gc,metaspace] GC(837) Metaspace: 42940K(43392K)->42940K(43392K) NonClass: 38598K(38848K)->38598K(38848K) Class: 4342K(4544K)->4342K(4544K)
[400.238s][info][gc          ] GC(837) Pause Young (Prepare Mixed) (G1 Evacuation Pause) 312M->180M(371M) 16.938ms
[400.239s][info][gc,cpu      ] GC(837) User=0.03s Sys=0.00s Real=0.01s
[400.629s][info][gc,start    ] GC(838) Pause Young (Mixed) (G1 Evacuation Pause)
[400.629s][info][gc,task     ] GC(838) Using 2 workers of 2 for evacuation
[400.658s][info][gc,phases   ] GC(838)   Pre Evacuate Collection Set: 0.29ms
[400.658s][info][gc,phases   ] GC(838)   Merge Heap Roots: 0.20ms
[400.658s][info][gc,phases   ] GC(838)   Evacuate Collection Set: 27.65ms
[400.658s][info][gc,phases   ] GC(838)   Post Evacuate Collection Set: 0.54ms
[400.658s][info][gc,phases   ] GC(838)   Other: 0.09ms
[400.658s][info][gc,heap     ] GC(838) Eden regions: 130->0(132)
[400.658s][info][gc,heap     ] GC(838) Survivor regions: 4->17(17)
[400.658s][info][gc,heap     ] GC(838) Old regions: 174->151
[400.658s][info][gc,heap     ] GC(838) Humongous regions: 5->3
[400.658s][info][gc,metaspace] GC(838) Metaspace: 42949K(43392K)->42949K(43392K) NonClass: 38606K(38848K)->38606K(38848K) Class: 4342K(4544K)->4342K(4544K)
[400.658s][info][gc          ] GC(838) Pause Young (Mixed) (G1 Evacuation Pause) 312M->171M(371M) 28.995ms
[400.658s][info][gc,cpu      ] GC(838) User=0.05s Sys=0.00s Real=0.03s
[401.122s][info][gc,start    ] GC(839) Pause Young (Mixed) (G1 Evacuation Pause)
[401.122s][info][gc,task     ] GC(839) Using 2 workers of 2 for evacuation
[401.181s][info][gc,phases   ] GC(839)   Pre Evacuate Collection Set: 0.28ms
[401.181s][info][gc,phases   ] GC(839)   Merge Heap Roots: 0.98ms
[401.181s][info][gc,phases   ] GC(839)   Evacuate Collection Set: 57.29ms
[401.181s][info][gc,phases   ] GC(839)   Post Evacuate Collection Set: 0.49ms
[401.181s][info][gc,phases   ] GC(839)   Other: 0.09ms
[401.181s][info][gc,heap     ] GC(839) Eden regions: 132->0(115)
[401.181s][info][gc,heap     ] GC(839) Survivor regions: 17->19(19)
[401.181s][info][gc,heap     ] GC(839) Old regions: 151->158
[401.181s][info][gc,heap     ] GC(839) Humongous regions: 5->4
[401.181s][info][gc,metaspace] GC(839) Metaspace: 42949K(43392K)->42949K(43392K) NonClass: 38606K(38848K)->38606K(38848K) Class: 4342K(4544K)->4342K(4544K)
[401.181s][info][gc          ] GC(839) Pause Young (Mixed) (G1 Evacuation Pause) 305M->181M(371M) 59.393ms
[401.181s][info][gc,cpu      ] GC(839) User=0.11s Sys=0.00s Real=0.06s
[401.564s][info][gc,start    ] GC(840) Pause Young (Concurrent Start) (G1 Evacuation Pause)
[401.564s][info][gc,task     ] GC(840) Using 2 workers of 2 for evacuation
[401.594s][info][gc,phases   ] GC(840)   Pre Evacuate Collection Set: 0.21ms
[401.594s][info][gc,phases   ] GC(840)   Merge Heap Roots: 0.16ms
[401.594s][info][gc,phases   ] GC(840)   Evacuate Collection Set: 29.30ms
[401.594s][info][gc,phases   ] GC(840)   Post Evacuate Collection Set: 0.45ms
[401.594s][info][gc,phases   ] GC(840)   Other: 0.11ms
[401.594s][info][gc,heap     ] GC(840) Eden regions: 115->0(101)
[401.594s][info][gc,heap     ] GC(840) Survivor regions: 19->17(17)
[401.594s][info][gc,heap     ] GC(840) Old regions: 158->178
[401.594s][info][gc,heap     ] GC(840) Humongous regions: 4->4
[401.594s][info][gc,metaspace] GC(840) Metaspace: 42949K(43392K)->42949K(43392K) NonClass: 38606K(38848K)->38606K(38848K) Class: 4342K(4544K)->4342K(4544K)
[401.594s][info][gc          ] GC(840) Pause Young (Concurrent Start) (G1 Evacuation Pause) 296M->198M(371M) 30.458ms
[401.594s][info][gc,cpu      ] GC(840) User=0.06s Sys=0.01s Real=0.03s
[401.594s][info][gc          ] GC(841) Concurrent Mark Cycle
[401.594s][info][gc,marking  ] GC(841) Concurrent Scan Root Regions
[401.611s][info][gc,marking  ] GC(841) Concurrent Scan Root Regions 16.380ms
[401.611s][info][gc,marking  ] GC(841) Concurrent Mark
[401.611s][info][gc,marking  ] GC(841) Concurrent Mark From Roots
[401.611s][info][gc,task     ] GC(841) Using 1 workers of 1 for marking
[401.710s][info][gc,marking  ] GC(841) Concurrent Mark From Roots 99.432ms
[401.710s][info][gc,marking  ] GC(841) Concurrent Preclean
[401.710s][info][gc,marking  ] GC(841) Concurrent Preclean 0.050ms
[401.710s][info][gc,start    ] GC(841) Pause Remark
[401.727s][info][gc          ] GC(841) Pause Remark 227M->208M(371M) 16.742ms
[401.727s][info][gc,cpu      ] GC(841) User=0.03s Sys=0.00s Real=0.02s
[401.727s][info][gc,marking  ] GC(841) Concurrent Mark 116.526ms
[401.727s][info][gc,marking  ] GC(841) Concurrent Rebuild Remembered Sets and Scrub Regions
[401.789s][info][gc,marking  ] GC(841) Concurrent Rebuild Remembered Sets and Scrub Regions 61.527ms
[401.789s][info][gc,start    ] GC(841) Pause Cleanup
[401.789s][info][gc          ] GC(841) Pause Cleanup 225M->225M(371M) 0.069ms
[401.789s][info][gc,cpu      ] GC(841) User=0.00s Sys=0.00s Real=0.00s
[401.789s][info][gc,marking  ] GC(841) Concurrent Clear Claimed Marks
[401.789s][info][gc,marking  ] GC(841) Concurrent Clear Claimed Marks 0.040ms
[401.789s][info][gc,marking  ] GC(841) Concurrent Cleanup for Next Mark
[401.790s][info][gc,marking  ] GC(841) Concurrent Cleanup for Next Mark 1.085ms
[401.790s][info][gc          ] GC(841) Concurrent Mark Cycle 195.966ms
[401.981s][info][gc,start    ] GC(842) Pause Young (Prepare Mixed) (G1 Evacuation Pause)
[401.981s][info][gc,task     ] GC(842) Using 2 workers of 2 for evacuation
[402.004s][info][gc,phases   ] GC(842)   Pre Evacuate Collection Set: 0.22ms
[402.004s][info][gc,phases   ] GC(842)   Merge Heap Roots: 0.22ms
[402.004s][info][gc,phases   ] GC(842)   Evacuate Collection Set: 21.46ms
[402.004s][info][gc,phases   ] GC(842)   Post Evacuate Collection Set: 0.47ms
[402.004s][info][gc,phases   ] GC(842)   Other: 0.10ms
[402.004s][info][gc,heap     ] GC(842) Eden regions: 101->0(108)
[402.004s][info][gc,heap     ] GC(842) Survivor regions: 17->15(15)
[402.004s][info][gc,heap     ] GC(842) Old regions: 159->171
[402.004s][info][gc,heap     ] GC(842) Humongous regions: 6->5
[402.004s][info][gc,metaspace] GC(842) Metaspace: 42949K(43392K)->42949K(43392K) NonClass: 38606K(38848K)->38606K(38848K) Class: 4342K(4544K)->4342K(4544K)
[402.004s][info][gc          ] GC(842) Pause Young (Prepare Mixed) (G1 Evacuation Pause) 282M->190M(371M) 22.698ms
[402.004s][info][gc,cpu      ] GC(842) User=0.05s Sys=0.00s Real=0.02s
[402.372s][info][gc,start    ] GC(843) Pause Young (Mixed) (G1 Evacuation Pause)
[402.372s][info][gc,task     ] GC(843) Using 2 workers of 2 for evacuation
[402.401s][info][gc,phases   ] GC(843)   Pre Evacuate Collection Set: 0.25ms
[402.401s][info][gc,phases   ] GC(843)   Merge Heap Roots: 0.21ms
[402.401s][info][gc,phases   ] GC(843)   Evacuate Collection Set: 27.94ms
[402.401s][info][gc,phases   ] GC(843)   Post Evacuate Collection Set: 0.42ms
[402.402s][info][gc,phases   ] GC(843)   Other: 0.12ms
[402.402s][info][gc,heap     ] GC(843) Eden regions: 108->0(117)
[402.402s][info][gc,heap     ] GC(843) Survivor regions: 15->16(16)
[402.402s][info][gc,heap     ] GC(843) Old regions: 171->155
[402.402s][info][gc,heap     ] GC(843) Humongous regions: 5->5
[402.402s][info][gc,metaspace] GC(843) Metaspace: 42949K(43392K)->42949K(43392K) NonClass: 38606K(38848K)->38606K(38848K) Class: 4342K(4544K)->4342K(4544K)
[402.402s][info][gc          ] GC(843) Pause Young (Mixed) (G1 Evacuation Pause) 298M->175M(371M) 29.145ms
[402.402s][info][gc,cpu      ] GC(843) User=0.06s Sys=0.00s Real=0.03s
[402.841s][info][gc,start    ] GC(844) Pause Young (Mixed) (G1 Evacuation Pause)
[402.841s][info][gc,task     ] GC(844) Using 2 workers of 2 for evacuation
[402.904s][info][gc,phases   ] GC(844)   Pre Evacuate Collection Set: 0.25ms
[402.905s][info][gc,phases   ] GC(844)   Merge Heap Roots: 0.62ms
[402.905s][info][gc,phases   ] GC(844)   Evacuate Collection Set: 61.72ms
[402.905s][info][gc,phases   ] GC(844)   Post Evacuate Collection Set: 0.88ms
[402.905s][info][gc,phases   ] GC(844)   Other: 0.10ms
[402.905s][info][gc,heap     ] GC(844) Eden regions: 117->0(105)
[402.905s][info][gc,heap     ] GC(844) Survivor regions: 16->17(17)
[402.905s][info][gc,heap     ] GC(844) Old regions: 155->193
[402.905s][info][gc,heap     ] GC(844) Humongous regions: 5->5
[402.905s][info][gc,metaspace] GC(844) Metaspace: 42949K(43392K)->42949K(43392K) NonClass: 38606K(38848K)->38606K(38848K) Class: 4342K(4544K)->4342K(4544K)
[402.905s][info][gc          ] GC(844) Pause Young (Mixed) (G1 Evacuation Pause) 292M->214M(421M) 63.777ms
[402.905s][info][gc,cpu      ] GC(844) User=0.12s Sys=0.01s Real=0.06s
[402.992s][info][gc,start    ] GC(845) Pause Young (Concurrent Start) (G1 Humongous Allocation)
[402.992s][info][gc,task     ] GC(845) Using 2 workers of 2 for evacuation
[403.016s][info][gc,phases   ] GC(845)   Pre Evacuate Collection Set: 0.27ms
[403.016s][info][gc,phases   ] GC(845)   Merge Heap Roots: 0.13ms
[403.016s][info][gc,phases   ] GC(845)   Evacuate Collection Set: 23.04ms
[403.016s][info][gc,phases   ] GC(845)   Post Evacuate Collection Set: 0.35ms
[403.016s][info][gc,phases   ] GC(845)   Other: 0.11ms
[403.016s][info][gc,heap     ] GC(845) Eden regions: 21->0(88)
[403.016s][info][gc,heap     ] GC(845) Survivor regions: 17->13(16)
[403.016s][info][gc,heap     ] GC(845) Old regions: 193->208
[403.016s][info][gc,heap     ] GC(845) Humongous regions: 5->5
[403.016s][info][gc,metaspace] GC(845) Metaspace: 42949K(43392K)->42949K(43392K) NonClass: 38606K(38848K)->38606K(38848K) Class: 4342K(4544K)->4342K(4544K)
[403.016s][info][gc          ] GC(845) Pause Young (Concurrent Start) (G1 Humongous Allocation) 235M->224M(421M) 24.148ms
[403.016s][info][gc,cpu      ] GC(845) User=0.04s Sys=0.01s Real=0.02s
[403.016s][info][gc          ] GC(846) Concurrent Mark Cycle
[403.016s][info][gc,marking  ] GC(846) Concurrent Scan Root Regions
[403.025s][info][gc,marking  ] GC(846) Concurrent Scan Root Regions 8.948ms
[403.025s][info][gc,marking  ] GC(846) Concurrent Mark
[403.025s][info][gc,marking  ] GC(846) Concurrent Mark From Roots
[403.025s][info][gc,task     ] GC(846) Using 1 workers of 1 for marking
[403.119s][info][gc,marking  ] GC(846) Concurrent Mark From Roots 93.198ms
[403.119s][info][gc,marking  ] GC(846) Concurrent Preclean
[403.119s][info][gc,marking  ] GC(846) Concurrent Preclean 0.046ms
[403.119s][info][gc,start    ] GC(846) Pause Remark
[403.136s][info][gc          ] GC(846) Pause Remark 244M->170M(421M) 17.004ms
[403.136s][info][gc,cpu      ] GC(846) User=0.03s Sys=0.01s Real=0.02s
[403.136s][info][gc,marking  ] GC(846) Concurrent Mark 110.558ms
[403.136s][info][gc,marking  ] GC(846) Concurrent Rebuild Remembered Sets and Scrub Regions
[403.185s][info][gc,marking  ] GC(846) Concurrent Rebuild Remembered Sets and Scrub Regions 48.495ms
[403.187s][info][gc,start    ] GC(846) Pause Cleanup
[403.187s][info][gc          ] GC(846) Pause Cleanup 179M->179M(421M) 0.096ms
[403.187s][info][gc,cpu      ] GC(846) User=0.00s Sys=0.00s Real=0.00s
[403.187s][info][gc,marking  ] GC(846) Concurrent Clear Claimed Marks
[403.187s][info][gc,marking  ] GC(846) Concurrent Clear Claimed Marks 0.047ms
[403.187s][info][gc,marking  ] GC(846) Concurrent Cleanup for Next Mark
[403.188s][info][gc,marking  ] GC(846) Concurrent Cleanup for Next Mark 1.748ms
[403.189s][info][gc          ] GC(846) Concurrent Mark Cycle 172.073ms
[403.419s][info][gc,start    ] GC(847) Pause Young (Prepare Mixed) (G1 Evacuation Pause)
[403.419s][info][gc,task     ] GC(847) Using 2 workers of 2 for evacuation
[403.450s][info][gc,phases   ] GC(847)   Pre Evacuate Collection Set: 0.27ms
[403.450s][info][gc,phases   ] GC(847)   Merge Heap Roots: 0.21ms
[403.450s][info][gc,phases   ] GC(847)   Evacuate Collection Set: 30.60ms
[403.450s][info][gc,phases   ] GC(847)   Post Evacuate Collection Set: 0.43ms
[403.450s][info][gc,phases   ] GC(847)   Other: 0.07ms
[403.450s][info][gc,heap     ] GC(847) Eden regions: 88->0(110)
[403.450s][info][gc,heap     ] GC(847) Survivor regions: 13->13(13)
[403.450s][info][gc,heap     ] GC(847) Old regions: 136->166
[403.450s][info][gc,heap     ] GC(847) Humongous regions: 4->4
[403.450s][info][gc,metaspace] GC(847) Metaspace: 42949K(43392K)->42949K(43392K) NonClass: 38606K(38848K)->38606K(38848K) Class: 4342K(4544K)->4342K(4544K)
[403.450s][info][gc          ] GC(847) Pause Young (Prepare Mixed) (G1 Evacuation Pause) 239M->183M(421M) 31.791ms
[403.450s][info][gc,cpu      ] GC(847) User=0.07s Sys=0.00s Real=0.03s
[403.825s][info][gc,start    ] GC(848) Pause Young (Mixed) (G1 Evacuation Pause)
[403.825s][info][gc,task     ] GC(848) Using 2 workers of 2 for evacuation
[403.861s][info][gc,phases   ] GC(848)   Pre Evacuate Collection Set: 0.39ms
[403.861s][info][gc,phases   ] GC(848)   Merge Heap Roots: 0.36ms
[403.861s][info][gc,phases   ] GC(848)   Evacuate Collection Set: 34.24ms
[403.861s][info][gc,phases   ] GC(848)   Post Evacuate Collection Set: 0.64ms
[403.861s][info][gc,phases   ] GC(848)   Other: 0.10ms
[403.861s][info][gc,heap     ] GC(848) Eden regions: 110->0(121)
[403.861s][info][gc,heap     ] GC(848) Survivor regions: 13->16(16)
[403.861s][info][gc,heap     ] GC(848) Old regions: 166->148
[403.861s][info][gc,heap     ] GC(848) Humongous regions: 4->4
[403.861s][info][gc,metaspace] GC(848) Metaspace: 42949K(43392K)->42949K(43392K) NonClass: 38606K(38848K)->38606K(38848K) Class: 4342K(4544K)->4342K(4544K)
[403.861s][info][gc          ] GC(848) Pause Young (Mixed) (G1 Evacuation Pause) 293M->168M(421M) 35.928ms
[403.861s][info][gc,cpu      ] GC(848) User=0.07s Sys=0.00s Real=0.04s
[404.316s][info][gc,start    ] GC(849) Pause Young (Mixed) (G1 Evacuation Pause)
[404.316s][info][gc,task     ] GC(849) Using 2 workers of 2 for evacuation
[404.376s][info][gc,phases   ] GC(849)   Pre Evacuate Collection Set: 0.21ms
[404.376s][info][gc,phases   ] GC(849)   Merge Heap Roots: 0.31ms
[404.376s][info][gc,phases   ] GC(849)   Evacuate Collection Set: 59.17ms
[404.376s][info][gc,phases   ] GC(849)   Post Evacuate Collection Set: 0.57ms
[404.376s][info][gc,phases   ] GC(849)   Other: 0.07ms
[404.376s][info][gc,heap     ] GC(849) Eden regions: 121->0(89)
[404.376s][info][gc,heap     ] GC(849) Survivor regions: 16->18(18)
[404.376s][info][gc,heap     ] GC(849) Old regions: 148->202
[404.376s][info][gc,heap     ] GC(849) Humongous regions: 5->5
[404.376s][info][gc,metaspace] GC(849) Metaspace: 42949K(43392K)->42949K(43392K) NonClass: 38606K(38848K)->38606K(38848K) Class: 4342K(4544K)->4342K(4544K)
[404.376s][info][gc          ] GC(849) Pause Young (Mixed) (G1 Evacuation Pause) 290M->224M(421M) 60.579ms
[404.376s][info][gc,cpu      ] GC(849) User=0.11s Sys=0.00s Real=0.06s
[404.584s][info][gc,start    ] GC(850) Pause Young (Concurrent Start) (G1 Humongous Allocation)
[404.585s][info][gc,task     ] GC(850) Using 2 workers of 2 for evacuation
[404.634s][info][gc,phases   ] GC(850)   Pre Evacuate Collection Set: 0.22ms
[404.634s][info][gc,phases   ] GC(850)   Merge Heap Roots: 0.33ms
[404.634s][info][gc,phases   ] GC(850)   Evacuate Collection Set: 48.03ms
[404.634s][info][gc,phases   ] GC(850)   Post Evacuate Collection Set: 0.92ms
[404.634s][info][gc,phases   ] GC(850)   Other: 0.09ms
[404.634s][info][gc,heap     ] GC(850) Eden regions: 60->0(89)
[404.634s][info][gc,heap     ] GC(850) Survivor regions: 18->14(14)
[404.634s][info][gc,heap     ] GC(850) Old regions: 202->248
[404.634s][info][gc,heap     ] GC(850) Humongous regions: 5->5
[404.634s][info][gc,metaspace] GC(850) Metaspace: 42949K(43392K)->42949K(43392K) NonClass: 38606K(38848K)->38606K(38848K) Class: 4342K(4544K)->4342K(4544K)
[404.634s][info][gc          ] GC(850) Pause Young (Concurrent Start) (G1 Humongous Allocation) 283M->266M(488M) 49.796ms
[404.634s][info][gc,cpu      ] GC(850) User=0.09s Sys=0.01s Real=0.05s
[404.634s][info][gc          ] GC(851) Concurrent Mark Cycle
[404.634s][info][gc,marking  ] GC(851) Concurrent Scan Root Regions
[404.657s][info][gc,marking  ] GC(851) Concurrent Scan Root Regions 22.980ms
[404.657s][info][gc,marking  ] GC(851) Concurrent Mark
[404.657s][info][gc,marking  ] GC(851) Concurrent Mark From Roots
[404.657s][info][gc,task     ] GC(851) Using 1 workers of 1 for marking
[404.780s][info][gc,marking  ] GC(851) Concurrent Mark From Roots 122.196ms
[404.780s][info][gc,marking  ] GC(851) Concurrent Preclean
[404.780s][info][gc,marking  ] GC(851) Concurrent Preclean 0.047ms
[404.780s][info][gc,start    ] GC(851) Pause Remark
[404.796s][info][gc          ] GC(851) Pause Remark 295M->265M(488M) 16.619ms
[404.797s][info][gc,cpu      ] GC(851) User=0.03s Sys=0.00s Real=0.02s
[404.797s][info][gc,marking  ] GC(851) Concurrent Mark 139.212ms
[404.797s][info][gc,marking  ] GC(851) Concurrent Rebuild Remembered Sets and Scrub Regions
[404.877s][info][gc,marking  ] GC(851) Concurrent Rebuild Remembered Sets and Scrub Regions 80.827ms
[404.878s][info][gc,start    ] GC(851) Pause Cleanup
[404.878s][info][gc          ] GC(851) Pause Cleanup 280M->280M(488M) 0.087ms
[404.878s][info][gc,cpu      ] GC(851) User=0.00s Sys=0.00s Real=0.00s
[404.878s][info][gc,marking  ] GC(851) Concurrent Clear Claimed Marks
[404.878s][info][gc,marking  ] GC(851) Concurrent Clear Claimed Marks 0.042ms
[404.878s][info][gc,marking  ] GC(851) Concurrent Cleanup for Next Mark
[404.880s][info][gc,marking  ] GC(851) Concurrent Cleanup for Next Mark 2.145ms
[404.880s][info][gc          ] GC(851) Concurrent Mark Cycle 245.697ms
[405.086s][info][gc,start    ] GC(852) Pause Young (Prepare Mixed) (G1 Evacuation Pause)
[405.086s][info][gc,task     ] GC(852) Using 2 workers of 2 for evacuation
[405.139s][info][gc,phases   ] GC(852)   Pre Evacuate Collection Set: 0.24ms
[405.139s][info][gc,phases   ] GC(852)   Merge Heap Roots: 0.36ms
[405.139s][info][gc,phases   ] GC(852)   Evacuate Collection Set: 52.33ms
[405.139s][info][gc,phases   ] GC(852)   Post Evacuate Collection Set: 0.43ms
[405.139s][info][gc,phases   ] GC(852)   Other: 0.07ms
[405.139s][info][gc,heap     ] GC(852) Eden regions: 89->0(76)
[405.139s][info][gc,heap     ] GC(852) Survivor regions: 14->13(13)
[405.139s][info][gc,heap     ] GC(852) Old regions: 219->278
[405.139s][info][gc,heap     ] GC(852) Humongous regions: 5->5
[405.139s][info][gc,metaspace] GC(852) Metaspace: 42949K(43392K)->42949K(43392K) NonClass: 38606K(38848K)->38606K(38848K) Class: 4342K(4544K)->4342K(4544K)
[405.139s][info][gc          ] GC(852) Pause Young (Prepare Mixed) (G1 Evacuation Pause) 326M->295M(488M) 53.710ms
[405.139s][info][gc,cpu      ] GC(852) User=0.10s Sys=0.00s Real=0.05s
[405.427s][info][gc,start    ] GC(853) Pause Young (Mixed) (G1 Evacuation Pause)
[405.427s][info][gc,task     ] GC(853) Using 2 workers of 2 for evacuation
[405.476s][info][gc,phases   ] GC(853)   Pre Evacuate Collection Set: 0.31ms
[405.476s][info][gc,phases   ] GC(853)   Merge Heap Roots: 0.37ms
[405.476s][info][gc,phases   ] GC(853)   Evacuate Collection Set: 47.87ms
[405.476s][info][gc,phases   ] GC(853)   Post Evacuate Collection Set: 0.54ms
[405.476s][info][gc,phases   ] GC(853)   Other: 0.08ms
[405.476s][info][gc,heap     ] GC(853) Eden regions: 76->0(77)
[405.476s][info][gc,heap     ] GC(853) Survivor regions: 13->12(12)
[405.476s][info][gc,heap     ] GC(853) Old regions: 278->275
[405.476s][info][gc,heap     ] GC(853) Humongous regions: 6->6
[405.476s][info][gc,metaspace] GC(853) Metaspace: 42949K(43392K)->42949K(43392K) NonClass: 38606K(38848K)->38606K(38848K) Class: 4342K(4544K)->4342K(4544K)
[405.476s][info][gc          ] GC(853) Pause Young (Mixed) (G1 Evacuation Pause) 372M->293M(488M) 49.386ms
[405.476s][info][gc,cpu      ] GC(853) User=0.09s Sys=0.00s Real=0.05s
[405.765s][info][gc,start    ] GC(854) Pause Young (Mixed) (G1 Evacuation Pause)
[405.765s][info][gc,task     ] GC(854) Using 2 workers of 2 for evacuation
[405.821s][info][gc,phases   ] GC(854)   Pre Evacuate Collection Set: 0.30ms
[405.821s][info][gc,phases   ] GC(854)   Merge Heap Roots: 0.64ms
[405.821s][info][gc,phases   ] GC(854)   Evacuate Collection Set: 54.13ms
[405.821s][info][gc,phases   ] GC(854)   Post Evacuate Collection Set: 0.47ms
[405.821s][info][gc,phases   ] GC(854)   Other: 0.07ms
[405.821s][info][gc,heap     ] GC(854) Eden regions: 77->0(69)
[405.821s][info][gc,heap     ] GC(854) Survivor regions: 12->12(12)
[405.821s][info][gc,heap     ] GC(854) Old regions: 275->302
[405.821s][info][gc,heap     ] GC(854) Humongous regions: 6->6
[405.821s][info][gc,metaspace] GC(854) Metaspace: 42949K(43392K)->42949K(43392K) NonClass: 38606K(38848K)->38606K(38848K) Class: 4342K(4544K)->4342K(4544K)
[405.821s][info][gc          ] GC(854) Pause Young (Mixed) (G1 Evacuation Pause) 370M->319M(488M) 55.821ms
[405.821s][info][gc,cpu      ] GC(854) User=0.11s Sys=0.00s Real=0.06s
[405.877s][info][gc,start    ] GC(855) Pause Young (Concurrent Start) (G1 Humongous Allocation)
[405.877s][info][gc,task     ] GC(855) Using 2 workers of 2 for evacuation
[405.894s][info][gc,phases   ] GC(855)   Pre Evacuate Collection Set: 0.24ms
[405.894s][info][gc,phases   ] GC(855)   Merge Heap Roots: 0.13ms
[405.894s][info][gc,phases   ] GC(855)   Evacuate Collection Set: 16.90ms
[405.894s][info][gc,phases   ] GC(855)   Post Evacuate Collection Set: 0.34ms
[405.894s][info][gc,phases   ] GC(855)   Other: 0.17ms
[405.894s][info][gc,heap     ] GC(855) Eden regions: 17->0(60)
[405.894s][info][gc,heap     ] GC(855) Survivor regions: 12->11(11)
[405.895s][info][gc,heap     ] GC(855) Old regions: 302->314
[405.895s][info][gc,heap     ] GC(855) Humongous regions: 6->6
[405.895s][info][gc,metaspace] GC(855) Metaspace: 42949K(43392K)->42949K(43392K) NonClass: 38606K(38848K)->38606K(38848K) Class: 4342K(4544K)->4342K(4544K)
[405.895s][info][gc          ] GC(855) Pause Young (Concurrent Start) (G1 Humongous Allocation) 336M->330M(488M) 17.976ms
[405.895s][info][gc,cpu      ] GC(855) User=0.04s Sys=0.00s Real=0.02s
[405.895s][info][gc          ] GC(856) Concurrent Mark Cycle
[405.895s][info][gc,marking  ] GC(856) Concurrent Scan Root Regions
[405.904s][info][gc,marking  ] GC(856) Concurrent Scan Root Regions 8.936ms
[405.904s][info][gc,marking  ] GC(856) Concurrent Mark
[405.904s][info][gc,marking  ] GC(856) Concurrent Mark From Roots
[405.904s][info][gc,task     ] GC(856) Using 1 workers of 1 for marking
[406.045s][info][gc,marking  ] GC(856) Concurrent Mark From Roots 140.893ms
[406.045s][info][gc,marking  ] GC(856) Concurrent Preclean
[406.045s][info][gc,marking  ] GC(856) Concurrent Preclean 0.045ms
[406.046s][info][gc,start    ] GC(856) Pause Remark
[406.063s][info][gc          ] GC(856) Pause Remark 368M->284M(488M) 16.987ms
[406.063s][info][gc,cpu      ] GC(856) User=0.03s Sys=0.00s Real=0.02s
[406.064s][info][gc,marking  ] GC(856) Concurrent Mark 159.920ms
[406.064s][info][gc,marking  ] GC(856) Concurrent Rebuild Remembered Sets and Scrub Regions
[406.147s][info][gc,marking  ] GC(856) Concurrent Rebuild Remembered Sets and Scrub Regions 83.596ms
[406.147s][info][gc,start    ] GC(856) Pause Cleanup
[406.147s][info][gc          ] GC(856) Pause Cleanup 304M->304M(488M) 0.097ms
[406.147s][info][gc,cpu      ] GC(856) User=0.00s Sys=0.00s Real=0.00s
[406.148s][info][gc,marking  ] GC(856) Concurrent Clear Claimed Marks
[406.148s][info][gc,marking  ] GC(856) Concurrent Clear Claimed Marks 0.042ms
[406.148s][info][gc,marking  ] GC(856) Concurrent Cleanup for Next Mark
[406.149s][info][gc,marking  ] GC(856) Concurrent Cleanup for Next Mark 1.414ms
[406.149s][info][gc          ] GC(856) Concurrent Mark Cycle 254.414ms
[406.159s][info][gc,start    ] GC(857) Pause Young (Prepare Mixed) (G1 Evacuation Pause)
[406.159s][info][gc,task     ] GC(857) Using 2 workers of 2 for evacuation
[406.174s][info][gc,phases   ] GC(857)   Pre Evacuate Collection Set: 0.19ms
[406.174s][info][gc,phases   ] GC(857)   Merge Heap Roots: 0.11ms
[406.174s][info][gc,phases   ] GC(857)   Evacuate Collection Set: 13.43ms
[406.174s][info][gc,phases   ] GC(857)   Post Evacuate Collection Set: 0.39ms
[406.174s][info][gc,phases   ] GC(857)   Other: 0.07ms
[406.174s][info][gc,heap     ] GC(857) Eden regions: 60->0(94)
[406.174s][info][gc,heap     ] GC(857) Survivor regions: 11->9(9)
[406.174s][info][gc,heap     ] GC(857) Old regions: 232->240
[406.174s][info][gc,heap     ] GC(857) Humongous regions: 5->5
[406.174s][info][gc,metaspace] GC(857) Metaspace: 42949K(43392K)->42949K(43392K) NonClass: 38606K(38848K)->38606K(38848K) Class: 4342K(4544K)->4342K(4544K)
[406.174s][info][gc          ] GC(857) Pause Young (Prepare Mixed) (G1 Evacuation Pause) 307M->254M(488M) 14.372ms
[406.174s][info][gc,cpu      ] GC(857) User=0.03s Sys=0.00s Real=0.02s
[406.524s][info][gc,start    ] GC(858) Pause Young (Mixed) (G1 Evacuation Pause)
[406.524s][info][gc,task     ] GC(858) Using 2 workers of 2 for evacuation
[406.539s][info][gc,phases   ] GC(858)   Pre Evacuate Collection Set: 0.25ms
[406.539s][info][gc,phases   ] GC(858)   Merge Heap Roots: 0.20ms
[406.539s][info][gc,phases   ] GC(858)   Evacuate Collection Set: 12.86ms
[406.539s][info][gc,phases   ] GC(858)   Post Evacuate Collection Set: 1.48ms
[406.539s][info][gc,phases   ] GC(858)   Other: 0.08ms
[406.539s][info][gc,heap     ] GC(858) Eden regions: 94->0(175)
[406.539s][info][gc,heap     ] GC(858) Survivor regions: 9->5(13)
[406.539s][info][gc,heap     ] GC(858) Old regions: 240->200
[406.539s][info][gc,heap     ] GC(858) Humongous regions: 5->5
[406.539s][info][gc,metaspace] GC(858) Metaspace: 42949K(43392K)->42949K(43392K) NonClass: 38606K(38848K)->38606K(38848K) Class: 4342K(4544K)->4342K(4544K)
[406.539s][info][gc          ] GC(858) Pause Young (Mixed) (G1 Evacuation Pause) 348M->209M(632M) 15.070ms
[406.539s][info][gc,cpu      ] GC(858) User=0.02s Sys=0.00s Real=0.01s
[407.307s][info][gc,start    ] GC(859) Pause Young (Mixed) (G1 Evacuation Pause)
[407.307s][info][gc,task     ] GC(859) Using 2 workers of 2 for evacuation
[407.334s][info][gc,phases   ] GC(859)   Pre Evacuate Collection Set: 0.39ms
[407.334s][info][gc,phases   ] GC(859)   Merge Heap Roots: 0.78ms
[407.334s][info][gc,phases   ] GC(859)   Evacuate Collection Set: 25.54ms
[407.334s][info][gc,phases   ] GC(859)   Post Evacuate Collection Set: 0.47ms
[407.334s][info][gc,phases   ] GC(859)   Other: 0.10ms
[407.334s][info][gc,heap     ] GC(859) Eden regions: 175->0(201)
[407.334s][info][gc,heap     ] GC(859) Survivor regions: 5->12(23)
[407.334s][info][gc,heap     ] GC(859) Old regions: 200->165
[407.334s][info][gc,heap     ] GC(859) Humongous regions: 6->5
[407.334s][info][gc,metaspace] GC(859) Metaspace: 42949K(43392K)->42949K(43392K) NonClass: 38606K(38848K)->38606K(38848K) Class: 4342K(4544K)->4342K(4544K)
[407.334s][info][gc          ] GC(859) Pause Young (Mixed) (G1 Evacuation Pause) 385M->181M(632M) 27.504ms
[407.334s][info][gc,cpu      ] GC(859) User=0.05s Sys=0.00s Real=0.03s
[408.057s][info][gc,start    ] GC(860) Pause Young (Normal) (G1 Evacuation Pause)
[408.057s][info][gc,task     ] GC(860) Using 2 workers of 2 for evacuation
[408.065s][info][gc,phases   ] GC(860)   Pre Evacuate Collection Set: 0.26ms
[408.065s][info][gc,phases   ] GC(860)   Merge Heap Roots: 0.08ms
[408.065s][info][gc,phases   ] GC(860)   Evacuate Collection Set: 6.71ms
[408.065s][info][gc,phases   ] GC(860)   Post Evacuate Collection Set: 0.51ms
[408.065s][info][gc,phases   ] GC(860)   Other: 0.07ms
[408.065s][info][gc,heap     ] GC(860) Eden regions: 201->0(222)
[408.065s][info][gc,heap     ] GC(860) Survivor regions: 12->10(27)
[408.065s][info][gc,heap     ] GC(860) Old regions: 165->165
[408.065s][info][gc,heap     ] GC(860) Humongous regions: 7->6
[408.065s][info][gc,metaspace] GC(860) Metaspace: 42949K(43392K)->42949K(43392K) NonClass: 38606K(38848K)->38606K(38848K) Class: 4342K(4544K)->4342K(4544K)
[408.065s][info][gc          ] GC(860) Pause Young (Normal) (G1 Evacuation Pause) 384M->180M(632M) 7.836ms
[408.065s][info][gc,cpu      ] GC(860) User=0.01s Sys=0.00s Real=0.01s
[408.831s][info][gc,start    ] GC(861) Pause Young (Normal) (G1 Evacuation Pause)
[408.831s][info][gc,task     ] GC(861) Using 2 workers of 2 for evacuation
[408.837s][info][gc,phases   ] GC(861)   Pre Evacuate Collection Set: 0.23ms
[408.837s][info][gc,phases   ] GC(861)   Merge Heap Roots: 0.10ms
[408.837s][info][gc,phases   ] GC(861)   Evacuate Collection Set: 4.82ms
[408.837s][info][gc,phases   ] GC(861)   Post Evacuate Collection Set: 0.50ms
[408.837s][info][gc,phases   ] GC(861)   Other: 0.09ms
[408.837s][info][gc,heap     ] GC(861) Eden regions: 222->0(247)
[408.837s][info][gc,heap     ] GC(861) Survivor regions: 10->6(29)
[408.837s][info][gc,heap     ] GC(861) Old regions: 165->165
[408.837s][info][gc,heap     ] GC(861) Humongous regions: 8->5
[408.837s][info][gc,metaspace] GC(861) Metaspace: 42949K(43392K)->42949K(43392K) NonClass: 38606K(38848K)->38606K(38848K) Class: 4342K(4544K)->4342K(4544K)
[408.837s][info][gc          ] GC(861) Pause Young (Normal) (G1 Evacuation Pause) 404M->175M(632M) 5.930ms
[408.837s][info][gc,cpu      ] GC(861) User=0.01s Sys=0.00s Real=0.00s
[409.702s][info][gc,start    ] GC(862) Pause Young (Normal) (G1 Evacuation Pause)
[409.702s][info][gc,task     ] GC(862) Using 2 workers of 2 for evacuation
[409.711s][info][gc,phases   ] GC(862)   Pre Evacuate Collection Set: 0.23ms
[409.711s][info][gc,phases   ] GC(862)   Merge Heap Roots: 0.10ms
[409.711s][info][gc,phases   ] GC(862)   Evacuate Collection Set: 8.12ms
[409.711s][info][gc,phases   ] GC(862)   Post Evacuate Collection Set: 0.53ms
[409.711s][info][gc,phases   ] GC(862)   Other: 0.07ms
[409.711s][info][gc,heap     ] GC(862) Eden regions: 247->0(268)
[409.711s][info][gc,heap     ] GC(862) Survivor regions: 6->9(32)
[409.711s][info][gc,heap     ] GC(862) Old regions: 165->165
[409.711s][info][gc,heap     ] GC(862) Humongous regions: 8->5
[409.711s][info][gc,metaspace] GC(862) Metaspace: 42949K(43392K)->42949K(43392K) NonClass: 38606K(38848K)->38606K(38848K) Class: 4342K(4544K)->4342K(4544K)
[409.711s][info][gc          ] GC(862) Pause Young (Normal) (G1 Evacuation Pause) 425M->178M(632M) 9.275ms
[409.711s][info][gc,cpu      ] GC(862) User=0.02s Sys=0.00s Real=0.01s
[410.559s][info][gc,start    ] GC(863) Pause Young (Normal) (G1 Evacuation Pause)
[410.559s][info][gc,task     ] GC(863) Using 2 workers of 2 for evacuation
[410.578s][info][gc,phases   ] GC(863)   Pre Evacuate Collection Set: 0.24ms
[410.578s][info][gc,phases   ] GC(863)   Merge Heap Roots: 0.10ms
[410.578s][info][gc,phases   ] GC(863)   Evacuate Collection Set: 17.70ms
[410.578s][info][gc,phases   ] GC(863)   Post Evacuate Collection Set: 0.61ms
[410.578s][info][gc,phases   ] GC(863)   Other: 0.10ms
[410.578s][info][gc,heap     ] GC(863) Eden regions: 268->0(275)
[410.578s][info][gc,heap     ] GC(863) Survivor regions: 9->24(35)
[410.578s][info][gc,heap     ] GC(863) Old regions: 165->165
[410.578s][info][gc,heap     ] GC(863) Humongous regions: 7->5
[410.578s][info][gc,metaspace] GC(863) Metaspace: 42949K(43392K)->42949K(43392K) NonClass: 38606K(38848K)->38606K(38848K) Class: 4342K(4544K)->4342K(4544K)
[410.578s][info][gc          ] GC(863) Pause Young (Normal) (G1 Evacuation Pause) 448M->193M(632M) 19.003ms
[410.578s][info][gc,cpu      ] GC(863) User=0.03s Sys=0.00s Real=0.02s
[411.422s][info][gc,start    ] GC(864) Pause Young (Normal) (G1 Evacuation Pause)
[411.422s][info][gc,task     ] GC(864) Using 2 workers of 2 for evacuation
[411.439s][info][gc,phases   ] GC(864)   Pre Evacuate Collection Set: 0.24ms
[411.439s][info][gc,phases   ] GC(864)   Merge Heap Roots: 0.12ms
[411.439s][info][gc,phases   ] GC(864)   Evacuate Collection Set: 15.92ms
[411.439s][info][gc,phases   ] GC(864)   Post Evacuate Collection Set: 0.58ms
[411.439s][info][gc,phases   ] GC(864)   Other: 0.08ms
[411.439s][info][gc,heap     ] GC(864) Eden regions: 275->0(297)
[411.439s][info][gc,heap     ] GC(864) Survivor regions: 24->4(38)
[411.439s][info][gc,heap     ] GC(864) Old regions: 165->186
[411.439s][info][gc,heap     ] GC(864) Humongous regions: 6->3
[411.439s][info][gc,metaspace] GC(864) Metaspace: 42949K(43392K)->42949K(43392K) NonClass: 38606K(38848K)->38606K(38848K) Class: 4342K(4544K)->4342K(4544K)
[411.439s][info][gc          ] GC(864) Pause Young (Normal) (G1 Evacuation Pause) 469M->193M(632M) 17.140ms
[411.439s][info][gc,cpu      ] GC(864) User=0.03s Sys=0.00s Real=0.01s
[411.983s][info][gc,start    ] GC(865) Pause Young (Concurrent Start) (G1 Evacuation Pause)
[411.983s][info][gc,task     ] GC(865) Using 2 workers of 2 for evacuation
[411.986s][info][gc,phases   ] GC(865)   Pre Evacuate Collection Set: 0.26ms
[411.986s][info][gc,phases   ] GC(865)   Merge Heap Roots: 0.09ms
[411.986s][info][gc,phases   ] GC(865)   Evacuate Collection Set: 2.51ms
[411.986s][info][gc,phases   ] GC(865)   Post Evacuate Collection Set: 0.56ms
[411.986s][info][gc,phases   ] GC(865)   Other: 0.09ms
[411.987s][info][gc,heap     ] GC(865) Eden regions: 297->0(318)
[411.987s][info][gc,heap     ] GC(865) Survivor regions: 4->3(38)
[411.987s][info][gc,heap     ] GC(865) Old regions: 186->186
[411.987s][info][gc,heap     ] GC(865) Humongous regions: 3->3
[411.987s][info][gc,metaspace] GC(865) Metaspace: 42949K(43392K)->42949K(43392K) NonClass: 38606K(38848K)->38606K(38848K) Class: 4342K(4544K)->4342K(4544K)
[411.987s][info][gc          ] GC(865) Pause Young (Concurrent Start) (G1 Evacuation Pause) 490M->192M(632M) 3.704ms
[411.987s][info][gc,cpu      ] GC(865) User=0.01s Sys=0.00s Real=0.00s
[411.987s][info][gc          ] GC(866) Concurrent Mark Cycle
[411.987s][info][gc,marking  ] GC(866) Concurrent Scan Root Regions
[411.988s][info][gc,marking  ] GC(866) Concurrent Scan Root Regions 1.765ms
[411.988s][info][gc,marking  ] GC(866) Concurrent Mark
[411.988s][info][gc,marking  ] GC(866) Concurrent Mark From Roots
[411.988s][info][gc,task     ] GC(866) Using 1 workers of 1 for marking
[412.064s][info][gc,marking  ] GC(866) Concurrent Mark From Roots 75.404ms
[412.064s][info][gc,marking  ] GC(866) Concurrent Preclean
[412.064s][info][gc,marking  ] GC(866) Concurrent Preclean 0.044ms
[412.064s][info][gc,start    ] GC(866) Pause Remark
[412.081s][info][gc          ] GC(866) Pause Remark 235M->132M(297M) 17.009ms
[412.081s][info][gc,cpu      ] GC(866) User=0.04s Sys=0.00s Real=0.02s
[412.081s][info][gc,marking  ] GC(866) Concurrent Mark 92.789ms
[412.081s][info][gc,marking  ] GC(866) Concurrent Rebuild Remembered Sets and Scrub Regions
[412.111s][info][gc,marking  ] GC(866) Concurrent Rebuild Remembered Sets and Scrub Regions 29.890ms
[412.111s][info][gc,start    ] GC(866) Pause Cleanup
[412.111s][info][gc          ] GC(866) Pause Cleanup 148M->148M(297M) 0.065ms
[412.111s][info][gc,cpu      ] GC(866) User=0.00s Sys=0.00s Real=0.00s
[412.111s][info][gc,marking  ] GC(866) Concurrent Clear Claimed Marks
[412.111s][info][gc,marking  ] GC(866) Concurrent Clear Claimed Marks 0.039ms
[412.111s][info][gc,marking  ] GC(866) Concurrent Cleanup for Next Mark
[412.113s][info][gc,marking  ] GC(866) Concurrent Cleanup for Next Mark 1.244ms
[412.113s][info][gc          ] GC(866) Concurrent Mark Cycle 126.152ms
[412.708s][info][gc,start    ] GC(867) Pause Young (Prepare Mixed) (G1 Evacuation Pause)
[412.708s][info][gc,task     ] GC(867) Using 2 workers of 2 for evacuation
[412.720s][info][gc,phases   ] GC(867)   Pre Evacuate Collection Set: 0.22ms
[412.720s][info][gc,phases   ] GC(867)   Merge Heap Roots: 0.08ms
[412.720s][info][gc,phases   ] GC(867)   Evacuate Collection Set: 10.25ms
[412.720s][info][gc,phases   ] GC(867)   Post Evacuate Collection Set: 0.95ms
[412.720s][info][gc,phases   ] GC(867)   Other: 0.07ms
[412.720s][info][gc,heap     ] GC(867) Eden regions: 148->0(277)
[412.720s][info][gc,heap     ] GC(867) Survivor regions: 3->8(33)
[412.720s][info][gc,heap     ] GC(867) Old regions: 85->85
[412.720s][info][gc,heap     ] GC(867) Humongous regions: 231->3
[412.720s][info][gc,metaspace] GC(867) Metaspace: 42949K(43392K)->42949K(43392K) NonClass: 38606K(38848K)->38606K(38848K) Class: 4342K(4544K)->4342K(4544K)
[412.720s][info][gc          ] GC(867) Pause Young (Prepare Mixed) (G1 Evacuation Pause) 466M->96M(475M) 11.783ms
[412.720s][info][gc,cpu      ] GC(867) User=0.02s Sys=0.00s Real=0.01s
[413.473s][info][gc,start    ] GC(868) Pause Young (Mixed) (G1 Evacuation Pause)
[413.474s][info][gc,task     ] GC(868) Using 2 workers of 2 for evacuation
[413.498s][info][gc,phases   ] GC(868)   Pre Evacuate Collection Set: 0.42ms
[413.498s][info][gc,phases   ] GC(868)   Merge Heap Roots: 0.15ms
[413.498s][info][gc,phases   ] GC(868)   Evacuate Collection Set: 22.04ms
[413.498s][info][gc,phases   ] GC(868)   Post Evacuate Collection Set: 1.46ms
[413.498s][info][gc,phases   ] GC(868)   Other: 0.07ms
[413.498s][info][gc,heap     ] GC(868) Eden regions: 75->0(364)
[413.498s][info][gc,heap     ] GC(868) Survivor regions: 8->15(37)
[413.498s][info][gc,heap     ] GC(868) Old regions: 85->72
[413.498s][info][gc,heap     ] GC(868) Humongous regions: 449->3
[413.498s][info][gc,metaspace] GC(868) Metaspace: 42949K(43392K)->42949K(43392K) NonClass: 38606K(38848K)->38606K(38848K) Class: 4342K(4544K)->4342K(4544K)
[413.498s][info][gc          ] GC(868) Pause Young (Mixed) (G1 Evacuation Pause) 616M->89M(633M) 24.344ms
[413.498s][info][gc,cpu      ] GC(868) User=0.03s Sys=0.01s Real=0.02s
[413.683s][info][gc,start    ] GC(869) Pause Young (Concurrent Start) (G1 Humongous Allocation)
[413.683s][info][gc,task     ] GC(869) Using 2 workers of 2 for evacuation
[413.699s][info][gc,phases   ] GC(869)   Pre Evacuate Collection Set: 0.27ms
[413.699s][info][gc,phases   ] GC(869)   Merge Heap Roots: 0.06ms
[413.699s][info][gc,phases   ] GC(869)   Evacuate Collection Set: 14.06ms
[413.699s][info][gc,phases   ] GC(869)   Post Evacuate Collection Set: 0.80ms
[413.699s][info][gc,phases   ] GC(869)   Other: 0.13ms
[413.699s][info][gc,heap     ] GC(869) Eden regions: 21->0(363)
[413.699s][info][gc,heap     ] GC(869) Survivor regions: 15->16(48)
[413.699s][info][gc,heap     ] GC(869) Old regions: 72->72
[413.699s][info][gc,heap     ] GC(869) Humongous regions: 133->1
[413.699s][info][gc,metaspace] GC(869) Metaspace: 42949K(43392K)->42949K(43392K) NonClass: 38606K(38848K)->38606K(38848K) Class: 4342K(4544K)->4342K(4544K)
[413.699s][info][gc          ] GC(869) Pause Young (Concurrent Start) (G1 Humongous Allocation) 240M->88M(633M) 15.582ms
[413.699s][info][gc,cpu      ] GC(869) User=0.03s Sys=0.00s Real=0.01s
[413.699s][info][gc          ] GC(870) Concurrent Undo Cycle
[413.699s][info][gc,marking  ] GC(870) Concurrent Clear Claimed Marks
[413.699s][info][gc,marking  ] GC(870) Concurrent Clear Claimed Marks 0.039ms
[413.699s][info][gc,marking  ] GC(870) Concurrent Cleanup for Next Mark
[413.699s][info][gc,marking  ] GC(870) Concurrent Cleanup for Next Mark 0.214ms
[413.699s][info][gc          ] GC(870) Concurrent Undo Cycle 0.333ms
[413.774s][info][gc,start    ] GC(871) Pause Young (Concurrent Start) (G1 Humongous Allocation)
[413.775s][info][gc,task     ] GC(871) Using 2 workers of 2 for evacuation
[413.792s][info][gc,phases   ] GC(871)   Pre Evacuate Collection Set: 0.32ms
[413.792s][info][gc,phases   ] GC(871)   Merge Heap Roots: 0.06ms
[413.792s][info][gc,phases   ] GC(871)   Evacuate Collection Set: 15.83ms
[413.792s][info][gc,phases   ] GC(871)   Post Evacuate Collection Set: 0.78ms
[413.792s][info][gc,phases   ] GC(871)   Other: 0.14ms
[413.792s][info][gc,heap     ] GC(871) Eden regions: 9->0(361)
[413.792s][info][gc,heap     ] GC(871) Survivor regions: 16->18(48)
[413.792s][info][gc,heap     ] GC(871) Old regions: 72->72
[413.792s][info][gc,heap     ] GC(871) Humongous regions: 43->1
[413.792s][info][gc,metaspace] GC(871) Metaspace: 42949K(43392K)->42949K(43392K) NonClass: 38606K(38848K)->38606K(38848K) Class: 4342K(4544K)->4342K(4544K)
[413.792s][info][gc          ] GC(871) Pause Young (Concurrent Start) (G1 Humongous Allocation) 139M->90M(633M) 17.347ms
[413.792s][info][gc,cpu      ] GC(871) User=0.03s Sys=0.00s Real=0.02s
[413.792s][info][gc          ] GC(872) Concurrent Undo Cycle
[413.792s][info][gc,marking  ] GC(872) Concurrent Clear Claimed Marks
[413.792s][info][gc,marking  ] GC(872) Concurrent Clear Claimed Marks 0.040ms
[413.792s][info][gc,marking  ] GC(872) Concurrent Cleanup for Next Mark
[413.792s][info][gc,marking  ] GC(872) Concurrent Cleanup for Next Mark 0.120ms
[413.792s][info][gc          ] GC(872) Concurrent Undo Cycle 0.200ms
[413.870s][info][gc,start    ] GC(873) Pause Young (Concurrent Start) (G1 Humongous Allocation)
[413.870s][info][gc,task     ] GC(873) Using 2 workers of 2 for evacuation
[413.888s][info][gc,phases   ] GC(873)   Pre Evacuate Collection Set: 0.27ms
[413.888s][info][gc,phases   ] GC(873)   Merge Heap Roots: 0.09ms
[413.888s][info][gc,phases   ] GC(873)   Evacuate Collection Set: 17.33ms
[413.888s][info][gc,phases   ] GC(873)   Post Evacuate Collection Set: 0.47ms
[413.888s][info][gc,phases   ] GC(873)   Other: 0.13ms
[413.888s][info][gc,heap     ] GC(873) Eden regions: 10->0(359)
[413.888s][info][gc,heap     ] GC(873) Survivor regions: 18->20(48)
[413.888s][info][gc,heap     ] GC(873) Old regions: 72->72
[413.888s][info][gc,heap     ] GC(873) Humongous regions: 47->1
[413.888s][info][gc,metaspace] GC(873) Metaspace: 42949K(43392K)->42949K(43392K) NonClass: 38606K(38848K)->38606K(38848K) Class: 4342K(4544K)->4342K(4544K)
[413.888s][info][gc          ] GC(873) Pause Young (Concurrent Start) (G1 Humongous Allocation) 146M->91M(633M) 18.522ms
[413.888s][info][gc,cpu      ] GC(873) User=0.04s Sys=0.00s Real=0.02s
[413.889s][info][gc          ] GC(874) Concurrent Undo Cycle
[413.889s][info][gc,marking  ] GC(874) Concurrent Clear Claimed Marks
[413.889s][info][gc,marking  ] GC(874) Concurrent Clear Claimed Marks 0.040ms
[413.889s][info][gc,marking  ] GC(874) Concurrent Cleanup for Next Mark
[413.889s][info][gc,marking  ] GC(874) Concurrent Cleanup for Next Mark 0.155ms
[413.889s][info][gc          ] GC(874) Concurrent Undo Cycle 0.234ms
[413.972s][info][gc,start    ] GC(875) Pause Young (Concurrent Start) (G1 Humongous Allocation)
[413.973s][info][gc,task     ] GC(875) Using 2 workers of 2 for evacuation
[413.992s][info][gc,phases   ] GC(875)   Pre Evacuate Collection Set: 0.27ms
[413.992s][info][gc,phases   ] GC(875)   Merge Heap Roots: 0.06ms
[413.992s][info][gc,phases   ] GC(875)   Evacuate Collection Set: 18.81ms
[413.993s][info][gc,phases   ] GC(875)   Post Evacuate Collection Set: 0.67ms
[413.993s][info][gc,phases   ] GC(875)   Other: 0.10ms
[413.993s][info][gc,heap     ] GC(875) Eden regions: 11->0(357)
[413.993s][info][gc,heap     ] GC(875) Survivor regions: 20->22(48)
[413.993s][info][gc,heap     ] GC(875) Old regions: 72->72
[413.993s][info][gc,heap     ] GC(875) Humongous regions: 49->1
[413.993s][info][gc,metaspace] GC(875) Metaspace: 42949K(43392K)->42949K(43392K) NonClass: 38606K(38848K)->38606K(38848K) Class: 4342K(4544K)->4342K(4544K)
[413.993s][info][gc          ] GC(875) Pause Young (Concurrent Start) (G1 Humongous Allocation) 150M->93M(633M) 20.129ms
[413.993s][info][gc,cpu      ] GC(875) User=0.04s Sys=0.00s Real=0.02s
[413.993s][info][gc          ] GC(876) Concurrent Undo Cycle
[413.993s][info][gc,marking  ] GC(876) Concurrent Clear Claimed Marks
[413.993s][info][gc,marking  ] GC(876) Concurrent Clear Claimed Marks 0.039ms
[413.993s][info][gc,marking  ] GC(876) Concurrent Cleanup for Next Mark
[413.993s][info][gc,marking  ] GC(876) Concurrent Cleanup for Next Mark 0.123ms
[413.993s][info][gc          ] GC(876) Concurrent Undo Cycle 0.201ms
[414.069s][info][gc,start    ] GC(877) Pause Young (Concurrent Start) (G1 Humongous Allocation)
[414.069s][info][gc,task     ] GC(877) Using 2 workers of 2 for evacuation
[414.089s][info][gc,phases   ] GC(877)   Pre Evacuate Collection Set: 0.30ms
[414.089s][info][gc,phases   ] GC(877)   Merge Heap Roots: 0.05ms
[414.089s][info][gc,phases   ] GC(877)   Evacuate Collection Set: 18.77ms
[414.089s][info][gc,phases   ] GC(877)   Post Evacuate Collection Set: 0.45ms
[414.089s][info][gc,phases   ] GC(877)   Other: 0.13ms
[414.089s][info][gc,heap     ] GC(877) Eden regions: 8->0(357)
[414.089s][info][gc,heap     ] GC(877) Survivor regions: 22->22(48)
[414.089s][info][gc,heap     ] GC(877) Old regions: 72->72
[414.089s][info][gc,heap     ] GC(877) Humongous regions: 53->1
[414.089s][info][gc,metaspace] GC(877) Metaspace: 42949K(43392K)->42949K(43392K) NonClass: 38606K(38848K)->38606K(38848K) Class: 4342K(4544K)->4342K(4544K)
[414.089s][info][gc          ] GC(877) Pause Young (Concurrent Start) (G1 Humongous Allocation) 153M->93M(633M) 19.905ms
[414.089s][info][gc,cpu      ] GC(877) User=0.04s Sys=0.00s Real=0.02s
[414.089s][info][gc          ] GC(878) Concurrent Undo Cycle
[414.089s][info][gc,marking  ] GC(878) Concurrent Clear Claimed Marks
[414.089s][info][gc,marking  ] GC(878) Concurrent Clear Claimed Marks 0.038ms
[414.089s][info][gc,marking  ] GC(878) Concurrent Cleanup for Next Mark
[414.089s][info][gc,marking  ] GC(878) Concurrent Cleanup for Next Mark 0.220ms
[414.089s][info][gc          ] GC(878) Concurrent Undo Cycle 0.300ms
[414.191s][info][gc,start    ] GC(879) Pause Young (Concurrent Start) (G1 Humongous Allocation)
[414.191s][info][gc,task     ] GC(879) Using 2 workers of 2 for evacuation
[414.214s][info][gc,phases   ] GC(879)   Pre Evacuate Collection Set: 0.27ms
[414.214s][info][gc,phases   ] GC(879)   Merge Heap Roots: 0.05ms
[414.214s][info][gc,phases   ] GC(879)   Evacuate Collection Set: 21.62ms
[414.214s][info][gc,phases   ] GC(879)   Post Evacuate Collection Set: 0.94ms
[414.214s][info][gc,phases   ] GC(879)   Other: 0.12ms
[414.214s][info][gc,heap     ] GC(879) Eden regions: 13->0(396)
[414.214s][info][gc,heap     ] GC(879) Survivor regions: 22->25(48)
[414.214s][info][gc,heap     ] GC(879) Old regions: 72->72
[414.214s][info][gc,heap     ] GC(879) Humongous regions: 57->1
[414.214s][info][gc,metaspace] GC(879) Metaspace: 42949K(43392K)->42949K(43392K) NonClass: 38606K(38848K)->38606K(38848K) Class: 4342K(4544K)->4342K(4544K)
[414.214s][info][gc          ] GC(879) Pause Young (Concurrent Start) (G1 Humongous Allocation) 162M->96M(702M) 23.207ms
[414.214s][info][gc,cpu      ] GC(879) User=0.04s Sys=0.00s Real=0.02s
[414.214s][info][gc          ] GC(880) Concurrent Undo Cycle
[414.214s][info][gc,marking  ] GC(880) Concurrent Clear Claimed Marks
[414.214s][info][gc,marking  ] GC(880) Concurrent Clear Claimed Marks 0.042ms
[414.214s][info][gc,marking  ] GC(880) Concurrent Cleanup for Next Mark
[414.214s][info][gc,marking  ] GC(880) Concurrent Cleanup for Next Mark 0.119ms
[414.214s][info][gc          ] GC(880) Concurrent Undo Cycle 0.221ms
[414.365s][info][gc,start    ] GC(881) Pause Young (Concurrent Start) (G1 Humongous Allocation)
[414.365s][info][gc,task     ] GC(881) Using 2 workers of 2 for evacuation
[414.401s][info][gc,phases   ] GC(881)   Pre Evacuate Collection Set: 0.27ms
[414.401s][info][gc,phases   ] GC(881)   Merge Heap Roots: 0.06ms
[414.401s][info][gc,phases   ] GC(881)   Evacuate Collection Set: 34.68ms
[414.401s][info][gc,phases   ] GC(881)   Post Evacuate Collection Set: 0.52ms
[414.401s][info][gc,phases   ] GC(881)   Other: 0.12ms
[414.401s][info][gc,heap     ] GC(881) Eden regions: 18->0(395)
[414.401s][info][gc,heap     ] GC(881) Survivor regions: 25->26(53)
[414.401s][info][gc,heap     ] GC(881) Old regions: 72->72
[414.401s][info][gc,heap     ] GC(881) Humongous regions: 83->1
[414.401s][info][gc,metaspace] GC(881) Metaspace: 42949K(43392K)->42949K(43392K) NonClass: 38606K(38848K)->38606K(38848K) Class: 4342K(4544K)->4342K(4544K)
[414.401s][info][gc          ] GC(881) Pause Young (Concurrent Start) (G1 Humongous Allocation) 196M->98M(702M) 35.901ms
[414.401s][info][gc,cpu      ] GC(881) User=0.05s Sys=0.02s Real=0.04s
[414.401s][info][gc          ] GC(882) Concurrent Undo Cycle
[414.401s][info][gc,marking  ] GC(882) Concurrent Clear Claimed Marks
[414.401s][info][gc,marking  ] GC(882) Concurrent Clear Claimed Marks 0.037ms
[414.401s][info][gc,marking  ] GC(882) Concurrent Cleanup for Next Mark
[414.404s][info][gc,marking  ] GC(882) Concurrent Cleanup for Next Mark 2.132ms
[414.404s][info][gc          ] GC(882) Concurrent Undo Cycle 2.229ms
[414.542s][info][gc,start    ] GC(883) Pause Young (Concurrent Start) (G1 Humongous Allocation)
[414.542s][info][gc,task     ] GC(883) Using 2 workers of 2 for evacuation
[414.580s][info][gc,phases   ] GC(883)   Pre Evacuate Collection Set: 0.29ms
[414.580s][info][gc,phases   ] GC(883)   Merge Heap Roots: 0.06ms
[414.580s][info][gc,phases   ] GC(883)   Evacuate Collection Set: 36.86ms
[414.580s][info][gc,phases   ] GC(883)   Post Evacuate Collection Set: 0.72ms
[414.580s][info][gc,phases   ] GC(883)   Other: 0.14ms
[414.580s][info][gc,heap     ] GC(883) Eden regions: 17->0(392)
[414.580s][info][gc,heap     ] GC(883) Survivor regions: 26->29(53)
[414.580s][info][gc,heap     ] GC(883) Old regions: 72->72
[414.580s][info][gc,heap     ] GC(883) Humongous regions: 87->1
[414.580s][info][gc,metaspace] GC(883) Metaspace: 42949K(43392K)->42949K(43392K) NonClass: 38606K(38848K)->38606K(38848K) Class: 4342K(4544K)->4342K(4544K)
[414.581s][info][gc          ] GC(883) Pause Young (Concurrent Start) (G1 Humongous Allocation) 200M->100M(702M) 38.306ms
[414.581s][info][gc          ] GC(884) Concurrent Undo Cycle
[414.581s][info][gc,marking  ] GC(884) Concurrent Clear Claimed Marks
[414.581s][info][gc,marking  ] GC(884) Concurrent Clear Claimed Marks 0.039ms
[414.581s][info][gc,marking  ] GC(884) Concurrent Cleanup for Next Mark
[414.581s][info][gc,cpu      ] GC(883) User=0.05s Sys=0.03s Real=0.04s
[414.581s][info][gc,marking  ] GC(884) Concurrent Cleanup for Next Mark 0.194ms
[414.581s][info][gc          ] GC(884) Concurrent Undo Cycle 0.272ms
[414.734s][info][gc,start    ] GC(885) Pause Young (Concurrent Start) (G1 Humongous Allocation)
[414.734s][info][gc,task     ] GC(885) Using 2 workers of 2 for evacuation
[414.767s][info][gc,phases   ] GC(885)   Pre Evacuate Collection Set: 0.30ms
[414.767s][info][gc,phases   ] GC(885)   Merge Heap Roots: 0.05ms
[414.767s][info][gc,phases   ] GC(885)   Evacuate Collection Set: 31.93ms
[414.767s][info][gc,phases   ] GC(885)   Post Evacuate Collection Set: 0.44ms
[414.767s][info][gc,phases   ] GC(885)   Other: 0.11ms
[414.767s][info][gc,heap     ] GC(885) Eden regions: 21->0(389)
[414.767s][info][gc,heap     ] GC(885) Survivor regions: 29->32(53)
[414.767s][info][gc,heap     ] GC(885) Old regions: 72->73
[414.767s][info][gc,heap     ] GC(885) Humongous regions: 89->1
[414.767s][info][gc,metaspace] GC(885) Metaspace: 42949K(43392K)->42949K(43392K) NonClass: 38606K(38848K)->38606K(38848K) Class: 4342K(4544K)->4342K(4544K)
[414.767s][info][gc          ] GC(885) Pause Young (Concurrent Start) (G1 Humongous Allocation) 209M->105M(702M) 33.059ms
[414.767s][info][gc          ] GC(886) Concurrent Undo Cycle
[414.767s][info][gc,marking  ] GC(886) Concurrent Clear Claimed Marks
[414.767s][info][gc,marking  ] GC(886) Concurrent Clear Claimed Marks 0.037ms
[414.767s][info][gc,marking  ] GC(886) Concurrent Cleanup for Next Mark
[414.767s][info][gc,cpu      ] GC(885) User=0.06s Sys=0.01s Real=0.03s
[414.767s][info][gc,marking  ] GC(886) Concurrent Cleanup for Next Mark 0.227ms
[414.767s][info][gc          ] GC(886) Concurrent Undo Cycle 0.306ms
[415.886s][info][gc,start    ] GC(887) Pause Young (Normal) (G1 Evacuation Pause)
[415.886s][info][gc,task     ] GC(887) Using 2 workers of 2 for evacuation
[415.897s][info][gc,phases   ] GC(887)   Pre Evacuate Collection Set: 0.27ms
[415.897s][info][gc,phases   ] GC(887)   Merge Heap Roots: 0.11ms
[415.897s][info][gc,phases   ] GC(887)   Evacuate Collection Set: 9.44ms
[415.897s][info][gc,phases   ] GC(887)   Post Evacuate Collection Set: 1.15ms
[415.897s][info][gc,phases   ] GC(887)   Other: 0.09ms
[415.897s][info][gc,heap     ] GC(887) Eden regions: 389->0(445)
[415.897s][info][gc,heap     ] GC(887) Survivor regions: 32->9(53)
[415.897s][info][gc,heap     ] GC(887) Old regions: 73->76
[415.897s][info][gc,heap     ] GC(887) Humongous regions: 79->1
[415.897s][info][gc,metaspace] GC(887) Metaspace: 42954K(43392K)->42954K(43392K) NonClass: 38612K(38848K)->38612K(38848K) Class: 4342K(4544K)->4342K(4544K)
[415.897s][info][gc          ] GC(887) Pause Young (Normal) (G1 Evacuation Pause) 572M->85M(758M) 11.264ms
[415.897s][info][gc,cpu      ] GC(887) User=0.02s Sys=0.00s Real=0.01s
[417.019s][info][gc,start    ] GC(888) Pause Young (Normal) (G1 Evacuation Pause)
[417.019s][info][gc,task     ] GC(888) Using 2 workers of 2 for evacuation
[417.029s][info][gc,phases   ] GC(888)   Pre Evacuate Collection Set: 0.26ms
[417.029s][info][gc,phases   ] GC(888)   Merge Heap Roots: 0.11ms
[417.029s][info][gc,phases   ] GC(888)   Evacuate Collection Set: 8.27ms
[417.029s][info][gc,phases   ] GC(888)   Post Evacuate Collection Set: 0.86ms
[417.029s][info][gc,phases   ] GC(888)   Other: 0.09ms
[417.029s][info][gc,heap     ] GC(888) Eden regions: 445->0(442)
[417.029s][info][gc,heap     ] GC(888) Survivor regions: 9->12(57)
[417.029s][info][gc,heap     ] GC(888) Old regions: 76->76
[417.029s][info][gc,heap     ] GC(888) Humongous regions: 1->1
[417.029s][info][gc,metaspace] GC(888) Metaspace: 42992K(43456K)->42992K(43456K) NonClass: 38650K(38912K)->38650K(38912K) Class: 4342K(4544K)->4342K(4544K)
[417.029s][info][gc          ] GC(888) Pause Young (Normal) (G1 Evacuation Pause) 530M->88M(758M) 9.812ms
[417.029s][info][gc,cpu      ] GC(888) User=0.02s Sys=0.00s Real=0.01s
[418.331s][info][gc,start    ] GC(889) Pause Young (Normal) (G1 Evacuation Pause)
[418.331s][info][gc,task     ] GC(889) Using 2 workers of 2 for evacuation
[418.336s][info][gc,phases   ] GC(889)   Pre Evacuate Collection Set: 0.24ms
[418.336s][info][gc,phases   ] GC(889)   Merge Heap Roots: 0.12ms
[418.336s][info][gc,phases   ] GC(889)   Evacuate Collection Set: 3.34ms
[418.336s][info][gc,phases   ] GC(889)   Post Evacuate Collection Set: 0.95ms
[418.336s][info][gc,phases   ] GC(889)   Other: 0.12ms
[418.336s][info][gc,heap     ] GC(889) Eden regions: 442->0(450)
[418.336s][info][gc,heap     ] GC(889) Survivor regions: 12->4(57)
[418.336s][info][gc,heap     ] GC(889) Old regions: 76->76
[418.336s][info][gc,heap     ] GC(889) Humongous regions: 1->1
[418.336s][info][gc,metaspace] GC(889) Metaspace: 43007K(43456K)->43007K(43456K) NonClass: 38665K(38912K)->38665K(38912K) Class: 4342K(4544K)->4342K(4544K)
[418.336s][info][gc          ] GC(889) Pause Young (Normal) (G1 Evacuation Pause) 530M->79M(758M) 4.937ms
[418.336s][info][gc,cpu      ] GC(889) User=0.01s Sys=0.00s Real=0.00s
[420.297s][info][gc,start    ] GC(890) Pause Young (Normal) (G1 Evacuation Pause)
[420.297s][info][gc,task     ] GC(890) Using 2 workers of 2 for evacuation
[420.348s][info][gc,phases   ] GC(890)   Pre Evacuate Collection Set: 0.25ms
[420.348s][info][gc,phases   ] GC(890)   Merge Heap Roots: 0.18ms
[420.348s][info][gc,phases   ] GC(890)   Evacuate Collection Set: 49.45ms
[420.348s][info][gc,phases   ] GC(890)   Post Evacuate Collection Set: 0.82ms
[420.348s][info][gc,phases   ] GC(890)   Other: 0.11ms
[420.348s][info][gc,heap     ] GC(890) Eden regions: 450->0(411)
[420.348s][info][gc,heap     ] GC(890) Survivor regions: 4->43(57)
[420.348s][info][gc,heap     ] GC(890) Old regions: 76->76
[420.348s][info][gc,heap     ] GC(890) Humongous regions: 16->6
[420.348s][info][gc,metaspace] GC(890) Metaspace: 43026K(43456K)->43026K(43456K) NonClass: 38684K(38912K)->38684K(38912K) Class: 4342K(4544K)->4342K(4544K)
[420.348s][info][gc          ] GC(890) Pause Young (Normal) (G1 Evacuation Pause) 544M->123M(758M) 51.019ms
[420.348s][info][gc,cpu      ] GC(890) User=0.10s Sys=0.00s Real=0.05s
[421.431s][info][gc,start    ] GC(891) Pause Young (Normal) (G1 Evacuation Pause)
[421.431s][info][gc,task     ] GC(891) Using 2 workers of 2 for evacuation
[421.535s][info][gc,phases   ] GC(891)   Pre Evacuate Collection Set: 0.25ms
[421.535s][info][gc,phases   ] GC(891)   Merge Heap Roots: 0.21ms
[421.535s][info][gc,phases   ] GC(891)   Evacuate Collection Set: 102.45ms
[421.535s][info][gc,phases   ] GC(891)   Post Evacuate Collection Set: 0.79ms
[421.535s][info][gc,phases   ] GC(891)   Other: 0.09ms
[421.535s][info][gc,heap     ] GC(891) Eden regions: 411->0(411)
[421.535s][info][gc,heap     ] GC(891) Survivor regions: 43->43(57)
[421.535s][info][gc,heap     ] GC(891) Old regions: 76->117
[421.535s][info][gc,heap     ] GC(891) Humongous regions: 11->10
[421.535s][info][gc,metaspace] GC(891) Metaspace: 43028K(43456K)->43028K(43456K) NonClass: 38686K(38912K)->38686K(38912K) Class: 4342K(4544K)->4342K(4544K)
[421.535s][info][gc          ] GC(891) Pause Young (Normal) (G1 Evacuation Pause) 539M->169M(758M) 103.996ms
[421.535s][info][gc,cpu      ] GC(891) User=0.20s Sys=0.00s Real=0.10s
[425.581s][info][gc,start    ] GC(892) Pause Young (Normal) (G1 Evacuation Pause)
[425.581s][info][gc,task     ] GC(892) Using 2 workers of 2 for evacuation
[425.659s][info][gc,phases   ] GC(892)   Pre Evacuate Collection Set: 0.28ms
[425.659s][info][gc,phases   ] GC(892)   Merge Heap Roots: 0.27ms
[425.659s][info][gc,phases   ] GC(892)   Evacuate Collection Set: 77.04ms
[425.659s][info][gc,phases   ] GC(892)   Post Evacuate Collection Set: 0.78ms
[425.659s][info][gc,phases   ] GC(892)   Other: 0.09ms
[425.659s][info][gc,heap     ] GC(892) Eden regions: 411->0(434)
[425.659s][info][gc,heap     ] GC(892) Survivor regions: 43->20(57)
[425.659s][info][gc,heap     ] GC(892) Old regions: 117->159
[425.659s][info][gc,heap     ] GC(892) Humongous regions: 20->16
[425.659s][info][gc,metaspace] GC(892) Metaspace: 43035K(43456K)->43035K(43456K) NonClass: 38693K(38912K)->38693K(38912K) Class: 4342K(4544K)->4342K(4544K)
[425.659s][info][gc          ] GC(892) Pause Young (Normal) (G1 Evacuation Pause) 590M->195M(758M) 78.694ms
[425.659s][info][gc,cpu      ] GC(892) User=0.16s Sys=0.00s Real=0.07s
[428.116s][info][gc,start    ] GC(893) Pause Young (Normal) (G1 Evacuation Pause)
[428.116s][info][gc,task     ] GC(893) Using 2 workers of 2 for evacuation
[428.148s][info][gc,phases   ] GC(893)   Pre Evacuate Collection Set: 0.25ms
[428.148s][info][gc,phases   ] GC(893)   Merge Heap Roots: 0.20ms
[428.148s][info][gc,phases   ] GC(893)   Evacuate Collection Set: 30.01ms
[428.148s][info][gc,phases   ] GC(893)   Post Evacuate Collection Set: 0.72ms
[428.148s][info][gc,phases   ] GC(893)   Other: 0.11ms
[428.148s][info][gc,heap     ] GC(893) Eden regions: 434->0(428)
[428.148s][info][gc,heap     ] GC(893) Survivor regions: 20->26(57)
[428.148s][info][gc,heap     ] GC(893) Old regions: 159->159
[428.148s][info][gc,heap     ] GC(893) Humongous regions: 16->16
[428.148s][info][gc,metaspace] GC(893) Metaspace: 43035K(43456K)->43035K(43456K) NonClass: 38693K(38912K)->38693K(38912K) Class: 4342K(4544K)->4342K(4544K)
[428.148s][info][gc          ] GC(893) Pause Young (Normal) (G1 Evacuation Pause) 629M->200M(758M) 31.506ms
[428.148s][info][gc,cpu      ] GC(893) User=0.06s Sys=0.00s Real=0.03s
[430.680s][info][gc,start    ] GC(894) Pause Young (Normal) (G1 Evacuation Pause)
[430.680s][info][gc,task     ] GC(894) Using 2 workers of 2 for evacuation
[430.709s][info][gc,phases   ] GC(894)   Pre Evacuate Collection Set: 0.25ms
[430.709s][info][gc,phases   ] GC(894)   Merge Heap Roots: 0.19ms
[430.709s][info][gc,phases   ] GC(894)   Evacuate Collection Set: 27.92ms
[430.709s][info][gc,phases   ] GC(894)   Post Evacuate Collection Set: 0.76ms
[430.709s][info][gc,phases   ] GC(894)   Other: 0.08ms
[430.709s][info][gc,heap     ] GC(894) Eden regions: 428->0(429)
[430.709s][info][gc,heap     ] GC(894) Survivor regions: 26->25(57)
[430.709s][info][gc,heap     ] GC(894) Old regions: 159->159
[430.709s][info][gc,heap     ] GC(894) Humongous regions: 17->16
[430.709s][info][gc,metaspace] GC(894) Metaspace: 43035K(43456K)->43035K(43456K) NonClass: 38693K(38912K)->38693K(38912K) Class: 4342K(4544K)->4342K(4544K)
[430.709s][info][gc          ] GC(894) Pause Young (Normal) (G1 Evacuation Pause) 629M->199M(758M) 29.395ms
[430.709s][info][gc,cpu      ] GC(894) User=0.06s Sys=0.00s Real=0.03s
[431.819s][info][gc,start    ] GC(895) Pause Young (Normal) (G1 Evacuation Pause)
[431.819s][info][gc,task     ] GC(895) Using 2 workers of 2 for evacuation
[431.912s][info][gc,phases   ] GC(895)   Pre Evacuate Collection Set: 0.26ms
[431.912s][info][gc,phases   ] GC(895)   Merge Heap Roots: 0.26ms
[431.912s][info][gc,phases   ] GC(895)   Evacuate Collection Set: 91.78ms
[431.912s][info][gc,phases   ] GC(895)   Post Evacuate Collection Set: 0.90ms
[431.912s][info][gc,phases   ] GC(895)   Other: 0.09ms
[431.912s][info][gc,heap     ] GC(895) Eden regions: 429->0(397)
[431.912s][info][gc,heap     ] GC(895) Survivor regions: 25->57(57)
[431.912s][info][gc,heap     ] GC(895) Old regions: 159->174
[431.912s][info][gc,heap     ] GC(895) Humongous regions: 21->21
[431.912s][info][gc,metaspace] GC(895) Metaspace: 43035K(43456K)->43035K(43456K) NonClass: 38693K(38912K)->38693K(38912K) Class: 4342K(4544K)->4342K(4544K)
[431.912s][info][gc          ] GC(895) Pause Young (Normal) (G1 Evacuation Pause) 633M->252M(758M) 93.496ms
[431.912s][info][gc,cpu      ] GC(895) User=0.18s Sys=0.00s Real=0.10s
[432.938s][info][gc,start    ] GC(896) Pause Young (Concurrent Start) (G1 Humongous Allocation)
[432.939s][info][gc,task     ] GC(896) Using 2 workers of 2 for evacuation
[433.072s][info][gc,phases   ] GC(896)   Pre Evacuate Collection Set: 0.31ms
[433.072s][info][gc,phases   ] GC(896)   Merge Heap Roots: 0.48ms
[433.072s][info][gc,phases   ] GC(896)   Evacuate Collection Set: 132.21ms
[433.072s][info][gc,phases   ] GC(896)   Post Evacuate Collection Set: 0.64ms
[433.072s][info][gc,phases   ] GC(896)   Other: 0.10ms
[433.072s][info][gc,heap     ] GC(896) Eden regions: 269->0(355)
[433.072s][info][gc,heap     ] GC(896) Survivor regions: 57->45(57)
[433.072s][info][gc,heap     ] GC(896) Old regions: 174->232
[433.072s][info][gc,heap     ] GC(896) Humongous regions: 27->27
[433.072s][info][gc,metaspace] GC(896) Metaspace: 43035K(43456K)->43035K(43456K) NonClass: 38693K(38912K)->38693K(38912K) Class: 4342K(4544K)->4342K(4544K)
[433.072s][info][gc          ] GC(896) Pause Young (Concurrent Start) (G1 Humongous Allocation) 526M->303M(758M) 134.001ms
[433.072s][info][gc          ] GC(897) Concurrent Mark Cycle
[433.072s][info][gc,marking  ] GC(897) Concurrent Scan Root Regions
[433.073s][info][gc,cpu      ] GC(896) User=0.27s Sys=0.00s Real=0.14s
[433.126s][info][gc,marking  ] GC(897) Concurrent Scan Root Regions 53.723ms
[433.126s][info][gc,marking  ] GC(897) Concurrent Mark
[433.126s][info][gc,marking  ] GC(897) Concurrent Mark From Roots
[433.126s][info][gc,task     ] GC(897) Using 1 workers of 1 for marking
[433.197s][info][gc,marking  ] GC(897) Concurrent Mark From Roots 70.880ms
[433.197s][info][gc,marking  ] GC(897) Concurrent Preclean
[433.197s][info][gc,marking  ] GC(897) Concurrent Preclean 0.224ms
[433.199s][info][gc,start    ] GC(897) Pause Remark
[433.216s][info][gc          ] GC(897) Pause Remark 314M->248M(758M) 17.967ms
[433.217s][info][gc,cpu      ] GC(897) User=0.04s Sys=0.00s Real=0.02s
[433.218s][info][gc,marking  ] GC(897) Concurrent Mark 92.122ms
[433.218s][info][gc,marking  ] GC(897) Concurrent Rebuild Remembered Sets and Scrub Regions
[433.311s][info][gc,marking  ] GC(897) Concurrent Rebuild Remembered Sets and Scrub Regions 92.274ms
[433.311s][info][gc,start    ] GC(897) Pause Cleanup
[433.311s][info][gc          ] GC(897) Pause Cleanup 253M->253M(758M) 0.105ms
[433.311s][info][gc,cpu      ] GC(897) User=0.00s Sys=0.00s Real=0.00s
[433.311s][info][gc,marking  ] GC(897) Concurrent Clear Claimed Marks
[433.311s][info][gc,marking  ] GC(897) Concurrent Clear Claimed Marks 0.043ms
[433.311s][info][gc,marking  ] GC(897) Concurrent Cleanup for Next Mark
[433.318s][info][gc,marking  ] GC(897) Concurrent Cleanup for Next Mark 6.699ms
[433.318s][info][gc          ] GC(897) Concurrent Mark Cycle 245.338ms
[435.234s][info][gc,start    ] GC(898) Pause Young (Prepare Mixed) (G1 Evacuation Pause)
[435.234s][info][gc,task     ] GC(898) Using 2 workers of 2 for evacuation
[435.283s][info][gc,phases   ] GC(898)   Pre Evacuate Collection Set: 0.24ms
[435.283s][info][gc,phases   ] GC(898)   Merge Heap Roots: 0.23ms
[435.283s][info][gc,phases   ] GC(898)   Evacuate Collection Set: 47.62ms
[435.283s][info][gc,phases   ] GC(898)   Post Evacuate Collection Set: 0.70ms
[435.283s][info][gc,phases   ] GC(898)   Other: 0.08ms
[435.283s][info][gc,heap     ] GC(898) Eden regions: 355->0(421)
[435.283s][info][gc,heap     ] GC(898) Survivor regions: 45->12(50)
[435.283s][info][gc,heap     ] GC(898) Old regions: 184->213
[435.283s][info][gc,heap     ] GC(898) Humongous regions: 15->13
[435.283s][info][gc,metaspace] GC(898) Metaspace: 43035K(43456K)->43035K(43456K) NonClass: 38693K(38912K)->38693K(38912K) Class: 4342K(4544K)->4342K(4544K)
[435.283s][info][gc          ] GC(898) Pause Young (Prepare Mixed) (G1 Evacuation Pause) 598M->237M(758M) 49.076ms
[435.283s][info][gc,cpu      ] GC(898) User=0.10s Sys=0.00s Real=0.05s
[437.793s][info][gc,start    ] GC(899) Pause Young (Mixed) (G1 Evacuation Pause)
[437.793s][info][gc,task     ] GC(899) Using 2 workers of 2 for evacuation
[437.806s][info][gc,phases   ] GC(899)   Pre Evacuate Collection Set: 0.28ms
[437.807s][info][gc,phases   ] GC(899)   Merge Heap Roots: 0.37ms
[437.807s][info][gc,phases   ] GC(899)   Evacuate Collection Set: 11.79ms
[437.807s][info][gc,phases   ] GC(899)   Post Evacuate Collection Set: 0.72ms
[437.807s][info][gc,phases   ] GC(899)   Other: 0.09ms
[437.807s][info][gc,heap     ] GC(899) Eden regions: 421->0(444)
[437.807s][info][gc,heap     ] GC(899) Survivor regions: 12->10(55)
[437.807s][info][gc,heap     ] GC(899) Old regions: 213->153
[437.807s][info][gc,heap     ] GC(899) Humongous regions: 14->13
[437.807s][info][gc,metaspace] GC(899) Metaspace: 43035K(43456K)->43035K(43456K) NonClass: 38693K(38912K)->38693K(38912K) Class: 4342K(4544K)->4342K(4544K)
[437.807s][info][gc          ] GC(899) Pause Young (Mixed) (G1 Evacuation Pause) 659M->175M(758M) 13.429ms
[437.807s][info][gc,cpu      ] GC(899) User=0.03s Sys=0.00s Real=0.01s
[439.928s][info][gc,start    ] GC(900) Pause Young (Normal) (G1 Evacuation Pause)
[439.928s][info][gc,task     ] GC(900) Using 2 workers of 2 for evacuation
[439.948s][info][gc,phases   ] GC(900)   Pre Evacuate Collection Set: 0.25ms
[439.949s][info][gc,phases   ] GC(900)   Merge Heap Roots: 0.14ms
[439.949s][info][gc,phases   ] GC(900)   Evacuate Collection Set: 19.68ms
[439.949s][info][gc,phases   ] GC(900)   Post Evacuate Collection Set: 0.75ms
[439.949s][info][gc,phases   ] GC(900)   Other: 0.09ms
[439.949s][info][gc,heap     ] GC(900) Eden regions: 444->0(434)
[439.949s][info][gc,heap     ] GC(900) Survivor regions: 10->20(57)
[439.949s][info][gc,heap     ] GC(900) Old regions: 153->153
[439.949s][info][gc,heap     ] GC(900) Humongous regions: 34->15
[439.949s][info][gc,metaspace] GC(900) Metaspace: 43037K(43456K)->43037K(43456K) NonClass: 38695K(38912K)->38695K(38912K) Class: 4342K(4544K)->4342K(4544K)
[439.949s][info][gc          ] GC(900) Pause Young (Normal) (G1 Evacuation Pause) 640M->187M(758M) 21.115ms
[439.949s][info][gc,cpu      ] GC(900) User=0.04s Sys=0.00s Real=0.02s
[441.612s][info][gc,start    ] GC(901) Pause Young (Concurrent Start) (G1 Humongous Allocation)
[441.612s][info][gc,task     ] GC(901) Using 2 workers of 2 for evacuation
[441.627s][info][gc,phases   ] GC(901)   Pre Evacuate Collection Set: 0.28ms
[441.627s][info][gc,phases   ] GC(901)   Merge Heap Roots: 0.16ms
[441.628s][info][gc,phases   ] GC(901)   Evacuate Collection Set: 14.25ms
[441.628s][info][gc,phases   ] GC(901)   Post Evacuate Collection Set: 0.73ms
[441.628s][info][gc,phases   ] GC(901)   Other: 0.09ms
[441.628s][info][gc,heap     ] GC(901) Eden regions: 398->0(440)
[441.628s][info][gc,heap     ] GC(901) Survivor regions: 20->14(57)
[441.628s][info][gc,heap     ] GC(901) Old regions: 153->153
[441.628s][info][gc,heap     ] GC(901) Humongous regions: 32->13
[441.628s][info][gc,metaspace] GC(901) Metaspace: 43038K(43456K)->43038K(43456K) NonClass: 38695K(38912K)->38695K(38912K) Class: 4342K(4544K)->4342K(4544K)
[441.628s][info][gc          ] GC(901) Pause Young (Concurrent Start) (G1 Humongous Allocation) 602M->179M(758M) 15.699ms
[441.628s][info][gc,cpu      ] GC(901) User=0.03s Sys=0.00s Real=0.01s
[441.628s][info][gc          ] GC(902) Concurrent Undo Cycle
[441.628s][info][gc,marking  ] GC(902) Concurrent Clear Claimed Marks
[441.628s][info][gc,marking  ] GC(902) Concurrent Clear Claimed Marks 0.038ms
[441.628s][info][gc,marking  ] GC(902) Concurrent Cleanup for Next Mark
[441.628s][info][gc,marking  ] GC(902) Concurrent Cleanup for Next Mark 0.169ms
[441.628s][info][gc          ] GC(902) Concurrent Undo Cycle 0.276ms
[442.535s][info][gc,start    ] GC(903) Pause Young (Concurrent Start) (G1 Humongous Allocation)
[442.535s][info][gc,task     ] GC(903) Using 2 workers of 2 for evacuation
[442.551s][info][gc,phases   ] GC(903)   Pre Evacuate Collection Set: 0.28ms
[442.551s][info][gc,phases   ] GC(903)   Merge Heap Roots: 0.10ms
[442.551s][info][gc,phases   ] GC(903)   Evacuate Collection Set: 14.75ms
[442.551s][info][gc,phases   ] GC(903)   Post Evacuate Collection Set: 0.58ms
[442.551s][info][gc,phases   ] GC(903)   Other: 0.11ms
[442.551s][info][gc,heap     ] GC(903) Eden regions: 243->0(439)
[442.551s][info][gc,heap     ] GC(903) Survivor regions: 14->15(57)
[442.551s][info][gc,heap     ] GC(903) Old regions: 153->153
[442.551s][info][gc,heap     ] GC(903) Humongous regions: 33->13
[442.551s][info][gc,metaspace] GC(903) Metaspace: 43038K(43456K)->43038K(43456K) NonClass: 38695K(38912K)->38695K(38912K) Class: 4342K(4544K)->4342K(4544K)
[442.551s][info][gc          ] GC(903) Pause Young (Concurrent Start) (G1 Humongous Allocation) 442M->180M(758M) 16.007ms
[442.551s][info][gc,cpu      ] GC(903) User=0.03s Sys=0.00s Real=0.02s
[442.551s][info][gc          ] GC(904) Concurrent Undo Cycle
[442.551s][info][gc,marking  ] GC(904) Concurrent Clear Claimed Marks
[442.551s][info][gc,marking  ] GC(904) Concurrent Clear Claimed Marks 0.037ms
[442.551s][info][gc,marking  ] GC(904) Concurrent Cleanup for Next Mark
[442.551s][info][gc,marking  ] GC(904) Concurrent Cleanup for Next Mark 0.161ms
[442.551s][info][gc          ] GC(904) Concurrent Undo Cycle 0.239ms
[444.405s][info][gc,start    ] GC(905) Pause Young (Normal) (G1 Evacuation Pause)
[444.405s][info][gc,task     ] GC(905) Using 2 workers of 2 for evacuation
[444.427s][info][gc,phases   ] GC(905)   Pre Evacuate Collection Set: 0.25ms
[444.427s][info][gc,phases   ] GC(905)   Merge Heap Roots: 0.14ms
[444.427s][info][gc,phases   ] GC(905)   Evacuate Collection Set: 21.10ms
[444.427s][info][gc,phases   ] GC(905)   Post Evacuate Collection Set: 0.76ms
[444.427s][info][gc,phases   ] GC(905)   Other: 0.11ms
[444.427s][info][gc,heap     ] GC(905) Eden regions: 439->0(432)
[444.427s][info][gc,heap     ] GC(905) Survivor regions: 15->22(57)
[444.427s][info][gc,heap     ] GC(905) Old regions: 153->153
[444.427s][info][gc,heap     ] GC(905) Humongous regions: 27->15
[444.427s][info][gc,metaspace] GC(905) Metaspace: 43039K(43456K)->43039K(43456K) NonClass: 38696K(38912K)->38696K(38912K) Class: 4342K(4544K)->4342K(4544K)
[444.427s][info][gc          ] GC(905) Pause Young (Normal) (G1 Evacuation Pause) 633M->189M(758M) 22.572ms
[444.427s][info][gc,cpu      ] GC(905) User=0.05s Sys=0.00s Real=0.02s
[446.121s][info][gc,start    ] GC(906) Pause Young (Normal) (G1 Evacuation Pause)
[446.121s][info][gc,task     ] GC(906) Using 2 workers of 2 for evacuation
[446.148s][info][gc,phases   ] GC(906)   Pre Evacuate Collection Set: 0.41ms
[446.148s][info][gc,phases   ] GC(906)   Merge Heap Roots: 0.16ms
[446.148s][info][gc,phases   ] GC(906)   Evacuate Collection Set: 25.18ms
[446.148s][info][gc,phases   ] GC(906)   Post Evacuate Collection Set: 0.74ms
[446.148s][info][gc,phases   ] GC(906)   Other: 0.13ms
[446.148s][info][gc,heap     ] GC(906) Eden regions: 432->0(428)
[446.148s][info][gc,heap     ] GC(906) Survivor regions: 22->26(57)
[446.148s][info][gc,heap     ] GC(906) Old regions: 153->153
[446.148s][info][gc,heap     ] GC(906) Humongous regions: 31->15
[446.148s][info][gc,metaspace] GC(906) Metaspace: 43042K(43456K)->43042K(43456K) NonClass: 38700K(38912K)->38700K(38912K) Class: 4342K(4544K)->4342K(4544K)
[446.148s][info][gc          ] GC(906) Pause Young (Normal) (G1 Evacuation Pause) 637M->193M(758M) 26.818ms
[446.148s][info][gc,cpu      ] GC(906) User=0.05s Sys=0.00s Real=0.02s
[447.809s][info][gc,start    ] GC(907) Pause Young (Normal) (G1 Evacuation Pause)
[447.809s][info][gc,task     ] GC(907) Using 2 workers of 2 for evacuation
[447.846s][info][gc,phases   ] GC(907)   Pre Evacuate Collection Set: 0.24ms
[447.846s][info][gc,phases   ] GC(907)   Merge Heap Roots: 0.14ms
[447.846s][info][gc,phases   ] GC(907)   Evacuate Collection Set: 35.58ms
[447.846s][info][gc,phases   ] GC(907)   Post Evacuate Collection Set: 0.73ms
[447.846s][info][gc,phases   ] GC(907)   Other: 0.10ms
[447.846s][info][gc,heap     ] GC(907) Eden regions: 428->0(411)
[447.846s][info][gc,heap     ] GC(907) Survivor regions: 26->43(57)
[447.846s][info][gc,heap     ] GC(907) Old regions: 153->153
[447.846s][info][gc,heap     ] GC(907) Humongous regions: 31->15
[447.846s][info][gc,metaspace] GC(907) Metaspace: 43042K(43456K)->43042K(43456K) NonClass: 38700K(38912K)->38700K(38912K) Class: 4342K(4544K)->4342K(4544K)
[447.846s][info][gc          ] GC(907) Pause Young (Normal) (G1 Evacuation Pause) 637M->210M(758M) 37.005ms
[447.846s][info][gc,cpu      ] GC(907) User=0.07s Sys=0.00s Real=0.04s
[449.709s][info][gc,start    ] GC(908) Pause Young (Normal) (G1 Evacuation Pause)
[449.710s][info][gc,task     ] GC(908) Using 2 workers of 2 for evacuation
[449.747s][info][gc,phases   ] GC(908)   Pre Evacuate Collection Set: 0.40ms
[449.747s][info][gc,phases   ] GC(908)   Merge Heap Roots: 0.13ms
[449.747s][info][gc,phases   ] GC(908)   Evacuate Collection Set: 36.33ms
[449.747s][info][gc,phases   ] GC(908)   Post Evacuate Collection Set: 0.73ms
[449.747s][info][gc,phases   ] GC(908)   Other: 0.09ms
[449.747s][info][gc,heap     ] GC(908) Eden regions: 411->0(438)
[449.747s][info][gc,heap     ] GC(908) Survivor regions: 43->16(57)
[449.747s][info][gc,heap     ] GC(908) Old regions: 153->168
[449.747s][info][gc,heap     ] GC(908) Humongous regions: 17->15
[449.747s][info][gc,metaspace] GC(908) Metaspace: 43042K(43456K)->43042K(43456K) NonClass: 38700K(38912K)->38700K(38912K) Class: 4342K(4544K)->4342K(4544K)
[449.747s][info][gc          ] GC(908) Pause Young (Normal) (G1 Evacuation Pause) 623M->198M(758M) 37.871ms
[449.747s][info][gc,cpu      ] GC(908) User=0.06s Sys=0.00s Real=0.04s
[451.304s][info][gc,start    ] GC(909) Pause Young (Normal) (G1 Evacuation Pause)
[451.304s][info][gc,task     ] GC(909) Using 2 workers of 2 for evacuation
[451.327s][info][gc,phases   ] GC(909)   Pre Evacuate Collection Set: 0.24ms
[451.327s][info][gc,phases   ] GC(909)   Merge Heap Roots: 0.12ms
[451.327s][info][gc,phases   ] GC(909)   Evacuate Collection Set: 22.27ms
[451.327s][info][gc,phases   ] GC(909)   Post Evacuate Collection Set: 0.78ms
[451.327s][info][gc,phases   ] GC(909)   Other: 0.11ms
[451.327s][info][gc,heap     ] GC(909) Eden regions: 438->0(425)
[451.327s][info][gc,heap     ] GC(909) Survivor regions: 16->29(57)
[451.327s][info][gc,heap     ] GC(909) Old regions: 168->168
[451.327s][info][gc,heap     ] GC(909) Humongous regions: 29->15
[451.327s][info][gc,metaspace] GC(909) Metaspace: 43042K(43456K)->43042K(43456K) NonClass: 38700K(38912K)->38700K(38912K) Class: 4342K(4544K)->4342K(4544K)
[451.327s][info][gc          ] GC(909) Pause Young (Normal) (G1 Evacuation Pause) 650M->211M(758M) 23.751ms
[451.327s][info][gc,cpu      ] GC(909) User=0.05s Sys=0.00s Real=0.02s
[452.801s][info][gc,start    ] GC(910) Pause Young (Normal) (G1 Evacuation Pause)
[452.801s][info][gc,task     ] GC(910) Using 2 workers of 2 for evacuation
[452.823s][info][gc,phases   ] GC(910)   Pre Evacuate Collection Set: 0.37ms
[452.824s][info][gc,phases   ] GC(910)   Merge Heap Roots: 0.14ms
[452.824s][info][gc,phases   ] GC(910)   Evacuate Collection Set: 21.42ms
[452.824s][info][gc,phases   ] GC(910)   Post Evacuate Collection Set: 0.70ms
[452.824s][info][gc,phases   ] GC(910)   Other: 0.09ms
[452.824s][info][gc,heap     ] GC(910) Eden regions: 425->0(425)
[452.824s][info][gc,heap     ] GC(910) Survivor regions: 29->29(57)
[452.824s][info][gc,heap     ] GC(910) Old regions: 168->168
[452.824s][info][gc,heap     ] GC(910) Humongous regions: 17->15
[452.824s][info][gc,metaspace] GC(910) Metaspace: 43043K(43456K)->43043K(43456K) NonClass: 38700K(38912K)->38700K(38912K) Class: 4342K(4544K)->4342K(4544K)
[452.824s][info][gc          ] GC(910) Pause Young (Normal) (G1 Evacuation Pause) 638M->211M(758M) 22.919ms
[452.824s][info][gc,cpu      ] GC(910) User=0.04s Sys=0.00s Real=0.02s
[454.350s][info][gc,start    ] GC(911) Pause Young (Normal) (G1 Evacuation Pause)
[454.351s][info][gc,task     ] GC(911) Using 2 workers of 2 for evacuation
[454.396s][info][gc,phases   ] GC(911)   Pre Evacuate Collection Set: 0.27ms
[454.396s][info][gc,phases   ] GC(911)   Merge Heap Roots: 0.13ms
[454.396s][info][gc,phases   ] GC(911)   Evacuate Collection Set: 44.20ms
[454.396s][info][gc,phases   ] GC(911)   Post Evacuate Collection Set: 0.80ms
[454.396s][info][gc,phases   ] GC(911)   Other: 0.09ms
[454.396s][info][gc,heap     ] GC(911) Eden regions: 425->0(397)
[454.396s][info][gc,heap     ] GC(911) Survivor regions: 29->57(57)
[454.396s][info][gc,heap     ] GC(911) Old regions: 168->176
[454.396s][info][gc,heap     ] GC(911) Humongous regions: 18->16
[454.396s][info][gc,metaspace] GC(911) Metaspace: 43043K(43456K)->43043K(43456K) NonClass: 38700K(38912K)->38700K(38912K) Class: 4342K(4544K)->4342K(4544K)
[454.396s][info][gc          ] GC(911) Pause Young (Normal) (G1 Evacuation Pause) 639M->249M(758M) 45.699ms
[454.396s][info][gc,cpu      ] GC(911) User=0.09s Sys=0.00s Real=0.04s
[455.886s][info][gc,start    ] GC(912) Pause Young (Normal) (G1 Evacuation Pause)
[455.886s][info][gc,task     ] GC(912) Using 2 workers of 2 for evacuation
[456.027s][info][gc,phases   ] GC(912)   Pre Evacuate Collection Set: 0.27ms
[456.027s][info][gc,phases   ] GC(912)   Merge Heap Roots: 0.19ms
[456.027s][info][gc,phases   ] GC(912)   Evacuate Collection Set: 139.55ms
[456.027s][info][gc,phases   ] GC(912)   Post Evacuate Collection Set: 0.89ms
[456.027s][info][gc,phases   ] GC(912)   Other: 0.08ms
[456.027s][info][gc,heap     ] GC(912) Eden regions: 397->0(304)
[456.027s][info][gc,heap     ] GC(912) Survivor regions: 57->57(57)
[456.027s][info][gc,heap     ] GC(912) Old regions: 176->282
[456.027s][info][gc,heap     ] GC(912) Humongous regions: 18->17
[456.027s][info][gc,metaspace] GC(912) Metaspace: 43043K(43456K)->43043K(43456K) NonClass: 38700K(38912K)->38700K(38912K) Class: 4342K(4544K)->4342K(4544K)
[456.027s][info][gc          ] GC(912) Pause Young (Normal) (G1 Evacuation Pause) 648M->356M(811M) 141.181ms
[456.027s][info][gc,cpu      ] GC(912) User=0.23s Sys=0.03s Real=0.14s
[457.151s][info][gc,start    ] GC(913) Pause Young (Concurrent Start) (G1 Evacuation Pause)
[457.151s][info][gc,task     ] GC(913) Using 2 workers of 2 for evacuation
[457.203s][info][gc,phases   ] GC(913)   Pre Evacuate Collection Set: 0.30ms
[457.203s][info][gc,phases   ] GC(913)   Merge Heap Roots: 0.45ms
[457.203s][info][gc,phases   ] GC(913)   Evacuate Collection Set: 50.55ms
[457.203s][info][gc,phases   ] GC(913)   Post Evacuate Collection Set: 0.61ms
[457.203s][info][gc,phases   ] GC(913)   Other: 0.10ms
[457.203s][info][gc,heap     ] GC(913) Eden regions: 304->0(314)
[457.203s][info][gc,heap     ] GC(913) Survivor regions: 57->14(46)
[457.203s][info][gc,heap     ] GC(913) Old regions: 282->332
[457.203s][info][gc,heap     ] GC(913) Humongous regions: 19->17
[457.203s][info][gc,metaspace] GC(913) Metaspace: 43043K(43456K)->43043K(43456K) NonClass: 38700K(38912K)->38700K(38912K) Class: 4342K(4544K)->4342K(4544K)
[457.203s][info][gc          ] GC(913) Pause Young (Concurrent Start) (G1 Evacuation Pause) 662M->362M(811M) 52.215ms
[457.203s][info][gc,cpu      ] GC(913) User=0.11s Sys=0.00s Real=0.05s
[457.203s][info][gc          ] GC(914) Concurrent Mark Cycle
[457.203s][info][gc,marking  ] GC(914) Concurrent Scan Root Regions
[457.232s][info][gc,marking  ] GC(914) Concurrent Scan Root Regions 28.466ms
[457.232s][info][gc,marking  ] GC(914) Concurrent Mark
[457.232s][info][gc,marking  ] GC(914) Concurrent Mark From Roots
[457.232s][info][gc,task     ] GC(914) Using 1 workers of 1 for marking
[457.357s][info][gc,marking  ] GC(914) Concurrent Mark From Roots 124.954ms
[457.357s][info][gc,marking  ] GC(914) Concurrent Preclean
[457.357s][info][gc,marking  ] GC(914) Concurrent Preclean 0.064ms
[457.357s][info][gc,start    ] GC(914) Pause Remark
[457.375s][info][gc          ] GC(914) Pause Remark 397M->260M(754M) 17.577ms
[457.375s][info][gc,cpu      ] GC(914) User=0.03s Sys=0.00s Real=0.02s
[457.375s][info][gc,marking  ] GC(914) Concurrent Mark 142.902ms
[457.375s][info][gc,marking  ] GC(914) Concurrent Rebuild Remembered Sets and Scrub Regions
[457.440s][info][gc,marking  ] GC(914) Concurrent Rebuild Remembered Sets and Scrub Regions 64.626ms
[457.441s][info][gc,start    ] GC(914) Pause Cleanup
[457.441s][info][gc          ] GC(914) Pause Cleanup 282M->282M(754M) 0.098ms
[457.441s][info][gc,cpu      ] GC(914) User=0.00s Sys=0.00s Real=0.00s
[457.441s][info][gc,marking  ] GC(914) Concurrent Clear Claimed Marks
[457.441s][info][gc,marking  ] GC(914) Concurrent Clear Claimed Marks 0.047ms
[457.441s][info][gc,marking  ] GC(914) Concurrent Cleanup for Next Mark
[457.443s][info][gc,marking  ] GC(914) Concurrent Cleanup for Next Mark 2.526ms
[457.443s][info][gc          ] GC(914) Concurrent Mark Cycle 239.882ms
[458.321s][info][gc,start    ] GC(915) Pause Young (Prepare Mixed) (G1 Evacuation Pause)
[458.321s][info][gc,task     ] GC(915) Using 2 workers of 2 for evacuation
[458.330s][info][gc,phases   ] GC(915)   Pre Evacuate Collection Set: 0.39ms
[458.330s][info][gc,phases   ] GC(915)   Merge Heap Roots: 0.14ms
[458.330s][info][gc,phases   ] GC(915)   Evacuate Collection Set: 7.89ms
[458.330s][info][gc,phases   ] GC(915)   Post Evacuate Collection Set: 0.59ms
[458.330s][info][gc,phases   ] GC(915)   Other: 0.08ms
[458.330s][info][gc,heap     ] GC(915) Eden regions: 314->0(379)
[458.330s][info][gc,heap     ] GC(915) Survivor regions: 14->10(41)
[458.330s][info][gc,heap     ] GC(915) Old regions: 207->207
[458.330s][info][gc,heap     ] GC(915) Humongous regions: 8->5
[458.330s][info][gc,metaspace] GC(915) Metaspace: 43043K(43456K)->43043K(43456K) NonClass: 38700K(38912K)->38700K(38912K) Class: 4342K(4544K)->4342K(4544K)
[458.330s][info][gc          ] GC(915) Pause Young (Prepare Mixed) (G1 Evacuation Pause) 542M->222M(754M) 9.274ms
[458.330s][info][gc,cpu      ] GC(915) User=0.02s Sys=0.00s Real=0.00s
[459.596s][info][gc,start    ] GC(916) Pause Young (Mixed) (G1 Evacuation Pause)
[459.596s][info][gc,task     ] GC(916) Using 2 workers of 2 for evacuation
[459.616s][info][gc,phases   ] GC(916)   Pre Evacuate Collection Set: 0.52ms
[459.616s][info][gc,phases   ] GC(916)   Merge Heap Roots: 0.17ms
[459.616s][info][gc,phases   ] GC(916)   Evacuate Collection Set: 17.95ms
[459.616s][info][gc,phases   ] GC(916)   Post Evacuate Collection Set: 0.71ms
[459.616s][info][gc,phases   ] GC(916)   Other: 0.09ms
[459.616s][info][gc,heap     ] GC(916) Eden regions: 379->0(390)
[459.616s][info][gc,heap     ] GC(916) Survivor regions: 10->25(49)
[459.616s][info][gc,heap     ] GC(916) Old regions: 207->183
[459.616s][info][gc,heap     ] GC(916) Humongous regions: 10->5
[459.616s][info][gc,metaspace] GC(916) Metaspace: 43043K(43456K)->43043K(43456K) NonClass: 38700K(38912K)->38700K(38912K) Class: 4342K(4544K)->4342K(4544K)
[459.616s][info][gc          ] GC(916) Pause Young (Mixed) (G1 Evacuation Pause) 606M->212M(754M) 19.662ms
[459.616s][info][gc,cpu      ] GC(916) User=0.04s Sys=0.01s Real=0.02s
[460.845s][info][gc,start    ] GC(917) Pause Young (Normal) (G1 Evacuation Pause)
[460.845s][info][gc,task     ] GC(917) Using 2 workers of 2 for evacuation
[460.862s][info][gc,phases   ] GC(917)   Pre Evacuate Collection Set: 0.25ms
[460.862s][info][gc,phases   ] GC(917)   Merge Heap Roots: 0.14ms
[460.862s][info][gc,phases   ] GC(917)   Evacuate Collection Set: 16.16ms
[460.862s][info][gc,phases   ] GC(917)   Post Evacuate Collection Set: 0.67ms
[460.862s][info][gc,phases   ] GC(917)   Other: 0.09ms
[460.862s][info][gc,heap     ] GC(917) Eden regions: 390->0(410)
[460.862s][info][gc,heap     ] GC(917) Survivor regions: 25->26(52)
[460.862s][info][gc,heap     ] GC(917) Old regions: 183->183
[460.862s][info][gc,heap     ] GC(917) Humongous regions: 6->3
[460.862s][info][gc,metaspace] GC(917) Metaspace: 43043K(43456K)->43043K(43456K) NonClass: 38700K(38912K)->38700K(38912K) Class: 4342K(4544K)->4342K(4544K)
[460.862s][info][gc          ] GC(917) Pause Young (Normal) (G1 Evacuation Pause) 603M->212M(754M) 17.534ms
[460.863s][info][gc,cpu      ] GC(917) User=0.04s Sys=0.00s Real=0.02s
[461.652s][info][gc,start    ] GC(918) Pause Young (Normal) (G1 Evacuation Pause)
[461.652s][info][gc,task     ] GC(918) Using 2 workers of 2 for evacuation
[461.675s][info][gc,phases   ] GC(918)   Pre Evacuate Collection Set: 2.30ms
[461.675s][info][gc,phases   ] GC(918)   Merge Heap Roots: 0.16ms
[461.675s][info][gc,phases   ] GC(918)   Evacuate Collection Set: 19.55ms
[461.675s][info][gc,phases   ] GC(918)   Post Evacuate Collection Set: 0.75ms
[461.675s][info][gc,phases   ] GC(918)   Other: 0.09ms
[461.675s][info][gc,heap     ] GC(918) Eden regions: 410->0(418)
[461.675s][info][gc,heap     ] GC(918) Survivor regions: 26->34(55)
[461.675s][info][gc,heap     ] GC(918) Old regions: 183->183
[461.675s][info][gc,heap     ] GC(918) Humongous regions: 5->5
[461.675s][info][gc,metaspace] GC(918) Metaspace: 43043K(43456K)->43043K(43456K) NonClass: 38700K(38912K)->38700K(38912K) Class: 4342K(4544K)->4342K(4544K)
[461.675s][info][gc          ] GC(918) Pause Young (Normal) (G1 Evacuation Pause) 624M->221M(754M) 23.112ms
[461.675s][info][gc,cpu      ] GC(918) User=0.04s Sys=0.00s Real=0.02s
[461.773s][info][gc,start    ] GC(919) Pause Young (Concurrent Start) (G1 Humongous Allocation)
[461.774s][info][gc,task     ] GC(919) Using 2 workers of 2 for evacuation
[461.793s][info][gc,phases   ] GC(919)   Pre Evacuate Collection Set: 0.29ms
[461.793s][info][gc,phases   ] GC(919)   Merge Heap Roots: 0.08ms
[461.793s][info][gc,phases   ] GC(919)   Evacuate Collection Set: 18.34ms
[461.793s][info][gc,phases   ] GC(919)   Post Evacuate Collection Set: 0.69ms
[461.793s][info][gc,phases   ] GC(919)   Other: 0.11ms
[461.793s][info][gc,heap     ] GC(919) Eden regions: 25->0(431)
[461.793s][info][gc,heap     ] GC(919) Survivor regions: 34->7(57)
[461.793s][info][gc,heap     ] GC(919) Old regions: 183->205
[461.793s][info][gc,heap     ] GC(919) Humongous regions: 17->3
[461.793s][info][gc,metaspace] GC(919) Metaspace: 43043K(43456K)->43043K(43456K) NonClass: 38701K(38912K)->38701K(38912K) Class: 4342K(4544K)->4342K(4544K)
[461.793s][info][gc          ] GC(919) Pause Young (Concurrent Start) (G1 Humongous Allocation) 258M->214M(754M) 19.693ms
[461.793s][info][gc,cpu      ] GC(919) User=0.04s Sys=0.00s Real=0.02s
[461.793s][info][gc          ] GC(920) Concurrent Mark Cycle
[461.793s][info][gc,marking  ] GC(920) Concurrent Scan Root Regions
[461.819s][info][gc,marking  ] GC(920) Concurrent Scan Root Regions 26.037ms
[461.819s][info][gc,marking  ] GC(920) Concurrent Mark
[461.819s][info][gc,marking  ] GC(920) Concurrent Mark From Roots
[461.819s][info][gc,task     ] GC(920) Using 1 workers of 1 for marking
[461.891s][info][gc,marking  ] GC(920) Concurrent Mark From Roots 71.245ms
[461.891s][info][gc,marking  ] GC(920) Concurrent Preclean
[461.891s][info][gc,marking  ] GC(920) Concurrent Preclean 0.049ms
[461.891s][info][gc,start    ] GC(920) Pause Remark
[461.909s][info][gc          ] GC(920) Pause Remark 287M->190M(607M) 18.367ms
[461.909s][info][gc,cpu      ] GC(920) User=0.03s Sys=0.00s Real=0.01s
[461.909s][info][gc,marking  ] GC(920) Concurrent Mark 89.992ms
[461.909s][info][gc,marking  ] GC(920) Concurrent Rebuild Remembered Sets and Scrub Regions
[461.946s][info][gc,marking  ] GC(920) Concurrent Rebuild Remembered Sets and Scrub Regions 36.689ms
[461.946s][info][gc,start    ] GC(920) Pause Cleanup
[461.946s][info][gc          ] GC(920) Pause Cleanup 222M->222M(607M) 0.069ms
[461.946s][info][gc,cpu      ] GC(920) User=0.00s Sys=0.00s Real=0.00s
[461.946s][info][gc,marking  ] GC(920) Concurrent Clear Claimed Marks
[461.946s][info][gc,marking  ] GC(920) Concurrent Clear Claimed Marks 0.042ms
[461.946s][info][gc,marking  ] GC(920) Concurrent Cleanup for Next Mark
[461.948s][info][gc,marking  ] GC(920) Concurrent Cleanup for Next Mark 1.816ms
[461.948s][info][gc          ] GC(920) Concurrent Mark Cycle 154.901ms
[462.635s][info][gc,start    ] GC(921) Pause Young (Prepare Mixed) (G1 Evacuation Pause)
[462.635s][info][gc,task     ] GC(921) Using 2 workers of 2 for evacuation
[462.651s][info][gc,phases   ] GC(921)   Pre Evacuate Collection Set: 0.47ms
[462.651s][info][gc,phases   ] GC(921)   Merge Heap Roots: 0.12ms
[462.651s][info][gc,phases   ] GC(921)   Evacuate Collection Set: 14.13ms
[462.651s][info][gc,phases   ] GC(921)   Post Evacuate Collection Set: 1.18ms
[462.651s][info][gc,phases   ] GC(921)   Other: 0.10ms
[462.651s][info][gc,heap     ] GC(921) Eden regions: 81->0(428)
[462.651s][info][gc,heap     ] GC(921) Survivor regions: 7->11(54)
[462.651s][info][gc,heap     ] GC(921) Old regions: 110->110
[462.651s][info][gc,heap     ] GC(921) Humongous regions: 523->1
[462.651s][info][gc,metaspace] GC(921) Metaspace: 43045K(43456K)->43045K(43456K) NonClass: 38703K(38912K)->38703K(38912K) Class: 4342K(4544K)->4342K(4544K)
[462.651s][info][gc          ] GC(921) Pause Young (Prepare Mixed) (G1 Evacuation Pause) 720M->121M(732M) 16.188ms
[462.651s][info][gc,cpu      ] GC(921) User=0.03s Sys=0.00s Real=0.02s
[463.602s][info][gc,start    ] GC(922) Pause Young (Mixed) (G1 Evacuation Pause)
[463.602s][info][gc,task     ] GC(922) Using 2 workers of 2 for evacuation
[463.641s][info][gc,phases   ] GC(922)   Pre Evacuate Collection Set: 0.29ms
[463.641s][info][gc,phases   ] GC(922)   Merge Heap Roots: 0.14ms
[463.641s][info][gc,phases   ] GC(922)   Evacuate Collection Set: 36.72ms
[463.641s][info][gc,phases   ] GC(922)   Post Evacuate Collection Set: 1.50ms
[463.641s][info][gc,phases   ] GC(922)   Other: 0.09ms
[463.641s][info][gc,heap     ] GC(922) Eden regions: 110->0(477)
[463.641s][info][gc,heap     ] GC(922) Survivor regions: 11->26(61)
[463.641s][info][gc,heap     ] GC(922) Old regions: 110->100
[463.641s][info][gc,heap     ] GC(922) Humongous regions: 581->1
[463.641s][info][gc,metaspace] GC(922) Metaspace: 43048K(43456K)->43048K(43456K) NonClass: 38706K(38912K)->38706K(38912K) Class: 4342K(4544K)->4342K(4544K)
[463.641s][info][gc          ] GC(922) Pause Young (Mixed) (G1 Evacuation Pause) 811M->126M(839M) 38.939ms
[463.641s][info][gc,cpu      ] GC(922) User=0.06s Sys=0.02s Real=0.04s
[463.881s][info][gc,start    ] GC(923) Pause Young (Concurrent Start) (G1 Humongous Allocation)
[463.881s][info][gc,task     ] GC(923) Using 2 workers of 2 for evacuation
[463.909s][info][gc,phases   ] GC(923)   Pre Evacuate Collection Set: 0.33ms
[463.910s][info][gc,phases   ] GC(923)   Merge Heap Roots: 0.06ms
[463.910s][info][gc,phases   ] GC(923)   Evacuate Collection Set: 27.45ms
[463.910s][info][gc,phases   ] GC(923)   Post Evacuate Collection Set: 0.51ms
[463.910s][info][gc,phases   ] GC(923)   Other: 0.17ms
[463.910s][info][gc,heap     ] GC(923) Eden regions: 28->0(466)
[463.910s][info][gc,heap     ] GC(923) Survivor regions: 26->29(63)
[463.910s][info][gc,heap     ] GC(923) Old regions: 100->100
[463.910s][info][gc,heap     ] GC(923) Humongous regions: 163->1
[463.910s][info][gc,metaspace] GC(923) Metaspace: 43048K(43456K)->43048K(43456K) NonClass: 38706K(38912K)->38706K(38912K) Class: 4342K(4544K)->4342K(4544K)
[463.910s][info][gc          ] GC(923) Pause Young (Concurrent Start) (G1 Humongous Allocation) 316M->128M(839M) 28.722ms
[463.910s][info][gc          ] GC(924) Concurrent Undo Cycle
[463.910s][info][gc,marking  ] GC(924) Concurrent Clear Claimed Marks
[463.910s][info][gc,marking  ] GC(924) Concurrent Clear Claimed Marks 0.039ms
[463.910s][info][gc,marking  ] GC(924) Concurrent Cleanup for Next Mark
[463.910s][info][gc,cpu      ] GC(923) User=0.05s Sys=0.00s Real=0.02s
[463.910s][info][gc,marking  ] GC(924) Concurrent Cleanup for Next Mark 0.203ms
[463.910s][info][gc          ] GC(924) Concurrent Undo Cycle 0.283ms
[465.269s][info][gc,start    ] GC(925) Pause Young (Normal) (G1 Evacuation Pause)
[465.269s][info][gc,task     ] GC(925) Using 2 workers of 2 for evacuation
[465.278s][info][gc,phases   ] GC(925)   Pre Evacuate Collection Set: 0.27ms
[465.278s][info][gc,phases   ] GC(925)   Merge Heap Roots: 0.13ms
[465.278s][info][gc,phases   ] GC(925)   Evacuate Collection Set: 7.28ms
[465.278s][info][gc,phases   ] GC(925)   Post Evacuate Collection Set: 1.03ms
[465.278s][info][gc,phases   ] GC(925)   Other: 0.12ms
[465.278s][info][gc,heap     ] GC(925) Eden regions: 466->0(494)
[465.278s][info][gc,heap     ] GC(925) Survivor regions: 29->9(62)
[465.278s][info][gc,heap     ] GC(925) Old regions: 100->100
[465.278s][info][gc,heap     ] GC(925) Humongous regions: 107->1
[465.278s][info][gc,metaspace] GC(925) Metaspace: 43050K(43456K)->43050K(43456K) NonClass: 38708K(38912K)->38708K(38912K) Class: 4342K(4544K)->4342K(4544K)
[465.278s][info][gc          ] GC(925) Pause Young (Normal) (G1 Evacuation Pause) 700M->109M(839M) 9.099ms
[465.278s][info][gc,cpu      ] GC(925) User=0.02s Sys=0.00s Real=0.01s
[466.489s][info][gc,start    ] GC(926) Pause Young (Normal) (G1 Evacuation Pause)
[466.489s][info][gc,task     ] GC(926) Using 2 workers of 2 for evacuation
[466.499s][info][gc,phases   ] GC(926)   Pre Evacuate Collection Set: 0.26ms
[466.499s][info][gc,phases   ] GC(926)   Merge Heap Roots: 0.13ms
[466.499s][info][gc,phases   ] GC(926)   Evacuate Collection Set: 8.47ms
[466.499s][info][gc,phases   ] GC(926)   Post Evacuate Collection Set: 1.22ms
[466.499s][info][gc,phases   ] GC(926)   Other: 0.12ms
[466.499s][info][gc,heap     ] GC(926) Eden regions: 494->0(491)
[466.499s][info][gc,heap     ] GC(926) Survivor regions: 9->12(63)
[466.499s][info][gc,heap     ] GC(926) Old regions: 100->100
[466.499s][info][gc,heap     ] GC(926) Humongous regions: 1->1
[466.499s][info][gc,metaspace] GC(926) Metaspace: 43051K(43456K)->43051K(43456K) NonClass: 38709K(38912K)->38709K(38912K) Class: 4342K(4544K)->4342K(4544K)
[466.499s][info][gc          ] GC(926) Pause Young (Normal) (G1 Evacuation Pause) 603M->112M(839M) 10.420ms
[466.499s][info][gc,cpu      ] GC(926) User=0.02s Sys=0.00s Real=0.01s
[468.515s][info][gc,start    ] GC(927) Pause Young (Normal) (G1 Evacuation Pause)
[468.515s][info][gc,task     ] GC(927) Using 2 workers of 2 for evacuation
[468.528s][info][gc,phases   ] GC(927)   Pre Evacuate Collection Set: 0.30ms
[468.528s][info][gc,phases   ] GC(927)   Merge Heap Roots: 0.14ms
[468.528s][info][gc,phases   ] GC(927)   Evacuate Collection Set: 10.35ms
[468.528s][info][gc,phases   ] GC(927)   Post Evacuate Collection Set: 1.91ms
[468.528s][info][gc,phases   ] GC(927)   Other: 0.09ms
[468.528s][info][gc,heap     ] GC(927) Eden regions: 491->0(492)
[468.528s][info][gc,heap     ] GC(927) Survivor regions: 12->11(63)
[468.528s][info][gc,heap     ] GC(927) Old regions: 100->100
[468.528s][info][gc,heap     ] GC(927) Humongous regions: 11->1
[468.528s][info][gc,metaspace] GC(927) Metaspace: 43058K(43456K)->43058K(43456K) NonClass: 38715K(38912K)->38715K(38912K) Class: 4343K(4544K)->4343K(4544K)
[468.528s][info][gc          ] GC(927) Pause Young (Normal) (G1 Evacuation Pause) 613M->110M(839M) 12.980ms
[468.528s][info][gc,cpu      ] GC(927) User=0.02s Sys=0.00s Real=0.01s
[469.898s][info][gc,start    ] GC(928) Pause Young (Normal) (G1 Evacuation Pause)
[469.898s][info][gc,task     ] GC(928) Using 2 workers of 2 for evacuation
[469.976s][info][gc,phases   ] GC(928)   Pre Evacuate Collection Set: 0.46ms
[469.976s][info][gc,phases   ] GC(928)   Merge Heap Roots: 0.16ms
[469.976s][info][gc,phases   ] GC(928)   Evacuate Collection Set: 76.32ms
[469.976s][info][gc,phases   ] GC(928)   Post Evacuate Collection Set: 0.87ms
[469.976s][info][gc,phases   ] GC(928)   Other: 0.11ms
[469.976s][info][gc,heap     ] GC(928) Eden regions: 492->0(440)
[469.976s][info][gc,heap     ] GC(928) Survivor regions: 11->63(63)
[469.976s][info][gc,heap     ] GC(928) Old regions: 100->100
[469.976s][info][gc,heap     ] GC(928) Humongous regions: 6->6
[469.976s][info][gc,metaspace] GC(928) Metaspace: 43058K(43456K)->43058K(43456K) NonClass: 38715K(38912K)->38715K(38912K) Class: 4343K(4544K)->4343K(4544K)
[469.976s][info][gc          ] GC(928) Pause Young (Normal) (G1 Evacuation Pause) 607M->168M(839M) 78.120ms
[469.976s][info][gc,cpu      ] GC(928) User=0.15s Sys=0.00s Real=0.08s
[474.195s][info][gc,start    ] GC(929) Pause Young (Normal) (G1 Evacuation Pause)
[474.195s][info][gc,task     ] GC(929) Using 2 workers of 2 for evacuation
[474.264s][info][gc,phases   ] GC(929)   Pre Evacuate Collection Set: 0.27ms
[474.264s][info][gc,phases   ] GC(929)   Merge Heap Roots: 0.28ms
[474.264s][info][gc,phases   ] GC(929)   Evacuate Collection Set: 68.13ms
[474.264s][info][gc,phases   ] GC(929)   Post Evacuate Collection Set: 0.79ms
[474.264s][info][gc,phases   ] GC(929)   Other: 0.11ms
[474.264s][info][gc,heap     ] GC(929) Eden regions: 440->0(481)
[474.264s][info][gc,heap     ] GC(929) Survivor regions: 63->22(63)
[474.264s][info][gc,heap     ] GC(929) Old regions: 100->144
[474.264s][info][gc,heap     ] GC(929) Humongous regions: 21->16
[474.264s][info][gc,metaspace] GC(929) Metaspace: 43062K(43456K)->43062K(43456K) NonClass: 38719K(38912K)->38719K(38912K) Class: 4343K(4544K)->4343K(4544K)
[474.264s][info][gc          ] GC(929) Pause Young (Normal) (G1 Evacuation Pause) 623M->181M(839M) 69.805ms
[474.264s][info][gc,cpu      ] GC(929) User=0.14s Sys=0.00s Real=0.07s
[476.618s][info][gc,start    ] GC(930) Pause Young (Normal) (G1 Evacuation Pause)
[476.618s][info][gc,task     ] GC(930) Using 2 workers of 2 for evacuation
[476.651s][info][gc,phases   ] GC(930)   Pre Evacuate Collection Set: 0.26ms
[476.651s][info][gc,phases   ] GC(930)   Merge Heap Roots: 0.22ms
[476.651s][info][gc,phases   ] GC(930)   Evacuate Collection Set: 32.05ms
[476.651s][info][gc,phases   ] GC(930)   Post Evacuate Collection Set: 0.95ms
[476.651s][info][gc,phases   ] GC(930)   Other: 0.09ms
[476.651s][info][gc,heap     ] GC(930) Eden regions: 481->0(477)
[476.651s][info][gc,heap     ] GC(930) Survivor regions: 22->26(63)
[476.651s][info][gc,heap     ] GC(930) Old regions: 144->144
[476.651s][info][gc,heap     ] GC(930) Humongous regions: 16->16
[476.651s][info][gc,metaspace] GC(930) Metaspace: 43062K(43456K)->43062K(43456K) NonClass: 38719K(38912K)->38719K(38912K) Class: 4343K(4544K)->4343K(4544K)
[476.651s][info][gc          ] GC(930) Pause Young (Normal) (G1 Evacuation Pause) 662M->185M(839M) 33.885ms
[476.652s][info][gc,cpu      ] GC(930) User=0.07s Sys=0.00s Real=0.04s
[479.542s][info][gc,start    ] GC(931) Pause Young (Normal) (G1 Evacuation Pause)
[479.542s][info][gc,task     ] GC(931) Using 2 workers of 2 for evacuation
[479.576s][info][gc,phases   ] GC(931)   Pre Evacuate Collection Set: 0.29ms
[479.576s][info][gc,phases   ] GC(931)   Merge Heap Roots: 0.23ms
[479.576s][info][gc,phases   ] GC(931)   Evacuate Collection Set: 32.11ms
[479.576s][info][gc,phases   ] GC(931)   Post Evacuate Collection Set: 0.80ms
[479.576s][info][gc,phases   ] GC(931)   Other: 0.10ms
[479.576s][info][gc,heap     ] GC(931) Eden regions: 477->0(476)
[479.576s][info][gc,heap     ] GC(931) Survivor regions: 26->27(63)
[479.576s][info][gc,heap     ] GC(931) Old regions: 144->144
[479.576s][info][gc,heap     ] GC(931) Humongous regions: 17->16
[479.576s][info][gc,metaspace] GC(931) Metaspace: 43062K(43456K)->43062K(43456K) NonClass: 38719K(38912K)->38719K(38912K) Class: 4343K(4544K)->4343K(4544K)
[479.576s][info][gc          ] GC(931) Pause Young (Normal) (G1 Evacuation Pause) 663M->186M(839M) 33.730ms
[479.576s][info][gc,cpu      ] GC(931) User=0.06s Sys=0.00s Real=0.03s
[480.974s][info][gc,start    ] GC(932) Pause Young (Normal) (G1 Evacuation Pause)
[480.974s][info][gc,task     ] GC(932) Using 2 workers of 2 for evacuation
[481.075s][info][gc,phases   ] GC(932)   Pre Evacuate Collection Set: 0.27ms
[481.075s][info][gc,phases   ] GC(932)   Merge Heap Roots: 0.25ms
[481.075s][info][gc,phases   ] GC(932)   Evacuate Collection Set: 99.98ms
[481.075s][info][gc,phases   ] GC(932)   Post Evacuate Collection Set: 0.95ms
[481.075s][info][gc,phases   ] GC(932)   Other: 0.09ms
[481.075s][info][gc,heap     ] GC(932) Eden regions: 476->0(440)
[481.075s][info][gc,heap     ] GC(932) Survivor regions: 27->63(63)
[481.075s][info][gc,heap     ] GC(932) Old regions: 144->154
[481.075s][info][gc,heap     ] GC(932) Humongous regions: 21->21
[481.075s][info][gc,metaspace] GC(932) Metaspace: 43062K(43456K)->43062K(43456K) NonClass: 38719K(38912K)->38719K(38912K) Class: 4343K(4544K)->4343K(4544K)
[481.075s][info][gc          ] GC(932) Pause Young (Normal) (G1 Evacuation Pause) 667M->237M(839M) 101.777ms
[481.075s][info][gc,cpu      ] GC(932) User=0.19s Sys=0.00s Real=0.10s
[483.305s][info][gc,start    ] GC(933) Pause Young (Normal) (G1 Evacuation Pause)
[483.305s][info][gc,task     ] GC(933) Using 2 workers of 2 for evacuation
[483.406s][info][gc,phases   ] GC(933)   Pre Evacuate Collection Set: 0.26ms
[483.406s][info][gc,phases   ] GC(933)   Merge Heap Roots: 0.26ms
[483.406s][info][gc,phases   ] GC(933)   Evacuate Collection Set: 100.14ms
[483.406s][info][gc,phases   ] GC(933)   Post Evacuate Collection Set: 0.75ms
[483.406s][info][gc,phases   ] GC(933)   Other: 0.08ms
[483.406s][info][gc,heap     ] GC(933) Eden regions: 440->0(476)
[483.406s][info][gc,heap     ] GC(933) Survivor regions: 63->25(63)
[483.406s][info][gc,heap     ] GC(933) Old regions: 154->210
[483.406s][info][gc,heap     ] GC(933) Humongous regions: 33->31
[483.406s][info][gc,metaspace] GC(933) Metaspace: 43062K(43456K)->43062K(43456K) NonClass: 38719K(38912K)->38719K(38912K) Class: 4343K(4544K)->4343K(4544K)
[483.406s][info][gc          ] GC(933) Pause Young (Normal) (G1 Evacuation Pause) 689M->265M(839M) 101.755ms
[483.407s][info][gc,cpu      ] GC(933) User=0.20s Sys=0.00s Real=0.10s
[486.012s][info][gc,start    ] GC(934) Pause Young (Concurrent Start) (G1 Evacuation Pause)
[486.012s][info][gc,task     ] GC(934) Using 2 workers of 2 for evacuation
[486.055s][info][gc,phases   ] GC(934)   Pre Evacuate Collection Set: 0.31ms
[486.055s][info][gc,phases   ] GC(934)   Merge Heap Roots: 0.22ms
[486.055s][info][gc,phases   ] GC(934)   Evacuate Collection Set: 41.66ms
[486.055s][info][gc,phases   ] GC(934)   Post Evacuate Collection Set: 0.75ms
[486.055s][info][gc,phases   ] GC(934)   Other: 0.12ms
[486.055s][info][gc,heap     ] GC(934) Eden regions: 476->0(464)
[486.055s][info][gc,heap     ] GC(934) Survivor regions: 25->39(63)
[486.055s][info][gc,heap     ] GC(934) Old regions: 210->210
[486.055s][info][gc,heap     ] GC(934) Humongous regions: 31->31
[486.055s][info][gc,metaspace] GC(934) Metaspace: 43062K(43456K)->43062K(43456K) NonClass: 38719K(38912K)->38719K(38912K) Class: 4343K(4544K)->4343K(4544K)
[486.055s][info][gc          ] GC(934) Pause Young (Concurrent Start) (G1 Evacuation Pause) 741M->279M(839M) 43.319ms
[486.055s][info][gc,cpu      ] GC(934) User=0.08s Sys=0.00s Real=0.04s
[486.056s][info][gc          ] GC(935) Concurrent Mark Cycle
[486.056s][info][gc,marking  ] GC(935) Concurrent Scan Root Regions
[486.076s][info][gc,marking  ] GC(935) Concurrent Scan Root Regions 20.155ms
[486.076s][info][gc,marking  ] GC(935) Concurrent Mark
[486.076s][info][gc,marking  ] GC(935) Concurrent Mark From Roots
[486.076s][info][gc,task     ] GC(935) Using 1 workers of 1 for marking
[486.109s][info][gc,marking  ] GC(935) Concurrent Mark From Roots 33.235ms
[486.109s][info][gc,marking  ] GC(935) Concurrent Preclean
[486.109s][info][gc,marking  ] GC(935) Concurrent Preclean 0.066ms
[486.109s][info][gc,start    ] GC(935) Pause Remark
[486.127s][info][gc          ] GC(935) Pause Remark 288M->120M(374M) 17.954ms
[486.127s][info][gc,cpu      ] GC(935) User=0.04s Sys=0.00s Real=0.02s
[486.127s][info][gc,marking  ] GC(935) Concurrent Mark 51.635ms
[486.127s][info][gc,marking  ] GC(935) Concurrent Rebuild Remembered Sets and Scrub Regions
[486.139s][info][gc,marking  ] GC(935) Concurrent Rebuild Remembered Sets and Scrub Regions 12.085ms
[486.140s][info][gc,start    ] GC(935) Pause Cleanup
[486.140s][info][gc          ] GC(935) Pause Cleanup 122M->122M(374M) 0.051ms
[486.140s][info][gc,cpu      ] GC(935) User=0.00s Sys=0.00s Real=0.00s
[486.140s][info][gc,marking  ] GC(935) Concurrent Clear Claimed Marks
[486.140s][info][gc,marking  ] GC(935) Concurrent Clear Claimed Marks 0.040ms
[486.140s][info][gc,marking  ] GC(935) Concurrent Cleanup for Next Mark
[486.141s][info][gc,marking  ] GC(935) Concurrent Cleanup for Next Mark 1.116ms
[486.141s][info][gc          ] GC(935) Concurrent Mark Cycle 85.459ms
[487.220s][info][gc,start    ] GC(936) Pause Young (Prepare Mixed) (G1 Evacuation Pause)
[487.220s][info][gc,task     ] GC(936) Using 2 workers of 2 for evacuation
[487.226s][info][gc,phases   ] GC(936)   Pre Evacuate Collection Set: 0.19ms
[487.226s][info][gc,phases   ] GC(936)   Merge Heap Roots: 0.15ms
[487.226s][info][gc,phases   ] GC(936)   Evacuate Collection Set: 4.90ms
[487.226s][info][gc,phases   ] GC(936)   Post Evacuate Collection Set: 0.48ms
[487.226s][info][gc,phases   ] GC(936)   Other: 0.07ms
[487.226s][info][gc,heap     ] GC(936) Eden regions: 185->0(223)
[487.226s][info][gc,heap     ] GC(936) Survivor regions: 39->1(28)
[487.226s][info][gc,heap     ] GC(936) Old regions: 72->79
[487.226s][info][gc,heap     ] GC(936) Humongous regions: 2->1
[487.226s][info][gc,metaspace] GC(936) Metaspace: 43062K(43456K)->43062K(43456K) NonClass: 38719K(38912K)->38719K(38912K) Class: 4343K(4544K)->4343K(4544K)
[487.226s][info][gc          ] GC(936) Pause Young (Prepare Mixed) (G1 Evacuation Pause) 297M->81M(374M) 6.014ms
[487.226s][info][gc,cpu      ] GC(936) User=0.02s Sys=0.00s Real=0.01s
[488.373s][info][gc,start    ] GC(937) Pause Young (Mixed) (G1 Evacuation Pause)
[488.373s][info][gc,task     ] GC(937) Using 2 workers of 2 for evacuation
[488.397s][info][gc,phases   ] GC(937)   Pre Evacuate Collection Set: 0.20ms
[488.398s][info][gc,phases   ] GC(937)   Merge Heap Roots: 0.09ms
[488.398s][info][gc,phases   ] GC(937)   Evacuate Collection Set: 23.92ms
[488.398s][info][gc,phases   ] GC(937)   Post Evacuate Collection Set: 0.55ms
[488.398s][info][gc,phases   ] GC(937)   Other: 0.07ms
[488.398s][info][gc,heap     ] GC(937) Eden regions: 223->0(200)
[488.398s][info][gc,heap     ] GC(937) Survivor regions: 1->24(28)
[488.398s][info][gc,heap     ] GC(937) Old regions: 79->68
[488.398s][info][gc,heap     ] GC(937) Humongous regions: 5->3
[488.398s][info][gc,metaspace] GC(937) Metaspace: 43063K(43456K)->43063K(43456K) NonClass: 38720K(38912K)->38720K(38912K) Class: 4343K(4544K)->4343K(4544K)
[488.398s][info][gc          ] GC(937) Pause Young (Mixed) (G1 Evacuation Pause) 308M->95M(374M) 25.016ms
[488.398s][info][gc,cpu      ] GC(937) User=0.05s Sys=0.00s Real=0.02s
[488.424s][info][gc,start    ] GC(938) Pause Young (Concurrent Start) (G1 Humongous Allocation)
[488.424s][info][gc,task     ] GC(938) Using 2 workers of 2 for evacuation
[488.439s][info][gc,phases   ] GC(938)   Pre Evacuate Collection Set: 0.20ms
[488.439s][info][gc,phases   ] GC(938)   Merge Heap Roots: 0.05ms
[488.439s][info][gc,phases   ] GC(938)   Evacuate Collection Set: 13.57ms
[488.439s][info][gc,phases   ] GC(938)   Post Evacuate Collection Set: 0.35ms
[488.439s][info][gc,phases   ] GC(938)   Other: 0.10ms
[488.439s][info][gc,heap     ] GC(938) Eden regions: 6->0(223)
[488.439s][info][gc,heap     ] GC(938) Survivor regions: 24->1(28)
[488.439s][info][gc,heap     ] GC(938) Old regions: 68->86
[488.439s][info][gc,heap     ] GC(938) Humongous regions: 3->1
[488.439s][info][gc,metaspace] GC(938) Metaspace: 43063K(43456K)->43063K(43456K) NonClass: 38720K(38912K)->38720K(38912K) Class: 4343K(4544K)->4343K(4544K)
[488.439s][info][gc          ] GC(938) Pause Young (Concurrent Start) (G1 Humongous Allocation) 100M->88M(374M) 14.494ms
[488.439s][info][gc          ] GC(939) Concurrent Mark Cycle
[488.439s][info][gc,marking  ] GC(939) Concurrent Scan Root Regions
[488.441s][info][gc,cpu      ] GC(938) User=0.03s Sys=0.00s Real=0.02s
[488.457s][info][gc,marking  ] GC(939) Concurrent Scan Root Regions 18.056ms
[488.457s][info][gc,marking  ] GC(939) Concurrent Mark
[488.457s][info][gc,marking  ] GC(939) Concurrent Mark From Roots
[488.457s][info][gc,task     ] GC(939) Using 1 workers of 1 for marking
[488.496s][info][gc,marking  ] GC(939) Concurrent Mark From Roots 39.021ms
[488.496s][info][gc,marking  ] GC(939) Concurrent Preclean
[488.496s][info][gc,marking  ] GC(939) Concurrent Preclean 0.040ms
[488.496s][info][gc,start    ] GC(939) Pause Remark
[488.513s][info][gc          ] GC(939) Pause Remark 102M->102M(300M) 17.017ms
[488.513s][info][gc,cpu      ] GC(939) User=0.04s Sys=0.00s Real=0.02s
[488.513s][info][gc,marking  ] GC(939) Concurrent Mark 56.417ms
[488.513s][info][gc,marking  ] GC(939) Concurrent Rebuild Remembered Sets and Scrub Regions
[488.540s][info][gc,marking  ] GC(939) Concurrent Rebuild Remembered Sets and Scrub Regions 26.350ms
[488.540s][info][gc,start    ] GC(939) Pause Cleanup
[488.540s][info][gc          ] GC(939) Pause Cleanup 106M->106M(300M) 0.071ms
[488.540s][info][gc,cpu      ] GC(939) User=0.00s Sys=0.00s Real=0.00s
[488.540s][info][gc,marking  ] GC(939) Concurrent Clear Claimed Marks
[488.540s][info][gc,marking  ] GC(939) Concurrent Clear Claimed Marks 0.043ms
[488.540s][info][gc,marking  ] GC(939) Concurrent Cleanup for Next Mark
[488.541s][info][gc,marking  ] GC(939) Concurrent Cleanup for Next Mark 0.892ms
[488.541s][info][gc          ] GC(939) Concurrent Mark Cycle 102.086ms
[489.211s][info][gc,start    ] GC(940) Pause Young (Prepare Mixed) (G1 Evacuation Pause)
[489.211s][info][gc,task     ] GC(940) Using 2 workers of 2 for evacuation
[489.222s][info][gc,phases   ] GC(940)   Pre Evacuate Collection Set: 0.18ms
[489.223s][info][gc,phases   ] GC(940)   Merge Heap Roots: 0.07ms
[489.223s][info][gc,phases   ] GC(940)   Evacuate Collection Set: 10.27ms
[489.223s][info][gc,phases   ] GC(940)   Post Evacuate Collection Set: 0.48ms
[489.223s][info][gc,phases   ] GC(940)   Other: 0.13ms
[489.223s][info][gc,heap     ] GC(940) Eden regions: 179->0(167)
[489.223s][info][gc,heap     ] GC(940) Survivor regions: 1->12(23)
[489.223s][info][gc,heap     ] GC(940) Old regions: 86->86
[489.223s][info][gc,heap     ] GC(940) Humongous regions: 18->3
[489.223s][info][gc,metaspace] GC(940) Metaspace: 43063K(43456K)->43063K(43456K) NonClass: 38720K(38912K)->38720K(38912K) Class: 4343K(4544K)->4343K(4544K)
[489.223s][info][gc          ] GC(940) Pause Young (Prepare Mixed) (G1 Evacuation Pause) 284M->100M(300M) 11.314ms
[489.223s][info][gc,cpu      ] GC(940) User=0.02s Sys=0.00s Real=0.01s
[489.936s][info][gc,start    ] GC(941) Pause Young (Mixed) (G1 Evacuation Pause)
[489.936s][info][gc,task     ] GC(941) Using 2 workers of 2 for evacuation
[489.941s][info][gc,phases   ] GC(941)   Pre Evacuate Collection Set: 0.19ms
[489.941s][info][gc,phases   ] GC(941)   Merge Heap Roots: 0.14ms
[489.941s][info][gc,phases   ] GC(941)   Evacuate Collection Set: 4.31ms
[489.941s][info][gc,phases   ] GC(941)   Post Evacuate Collection Set: 0.45ms
[489.941s][info][gc,phases   ] GC(941)   Other: 0.09ms
[489.941s][info][gc,heap     ] GC(941) Eden regions: 167->0(178)
[489.941s][info][gc,heap     ] GC(941) Survivor regions: 12->2(23)
[489.941s][info][gc,heap     ] GC(941) Old regions: 86->59
[489.941s][info][gc,heap     ] GC(941) Humongous regions: 12->3
[489.941s][info][gc,metaspace] GC(941) Metaspace: 43094K(43520K)->43094K(43520K) NonClass: 38751K(38976K)->38751K(38976K) Class: 4343K(4544K)->4343K(4544K)
[489.942s][info][gc          ] GC(941) Pause Young (Mixed) (G1 Evacuation Pause) 276M->63M(300M) 5.408ms
[489.942s][info][gc,cpu      ] GC(941) User=0.01s Sys=0.00s Real=0.01s
[489.987s][info][gc,start    ] GC(942) Pause Young (Concurrent Start) (G1 Humongous Allocation)
[489.987s][info][gc,task     ] GC(942) Using 2 workers of 2 for evacuation
[489.990s][info][gc,phases   ] GC(942)   Pre Evacuate Collection Set: 0.18ms
[489.990s][info][gc,phases   ] GC(942)   Merge Heap Roots: 0.04ms
[489.990s][info][gc,phases   ] GC(942)   Evacuate Collection Set: 2.62ms
[489.990s][info][gc,phases   ] GC(942)   Post Evacuate Collection Set: 0.30ms
[489.990s][info][gc,phases   ] GC(942)   Other: 0.07ms
[489.990s][info][gc,heap     ] GC(942) Eden regions: 15->0(177)
[489.990s][info][gc,heap     ] GC(942) Survivor regions: 2->3(23)
[489.990s][info][gc,heap     ] GC(942) Old regions: 59->59
[489.990s][info][gc,heap     ] GC(942) Humongous regions: 3->1
[489.990s][info][gc,metaspace] GC(942) Metaspace: 43094K(43520K)->43094K(43520K) NonClass: 38751K(38976K)->38751K(38976K) Class: 4343K(4544K)->4343K(4544K)
[489.990s][info][gc          ] GC(942) Pause Young (Concurrent Start) (G1 Humongous Allocation) 78M->62M(300M) 3.382ms
[489.990s][info][gc          ] GC(943) Concurrent Mark Cycle
[489.990s][info][gc,marking  ] GC(943) Concurrent Scan Root Regions
[489.990s][info][gc,cpu      ] GC(942) User=0.00s Sys=0.00s Real=0.00s
[489.995s][info][gc,marking  ] GC(943) Concurrent Scan Root Regions 5.105ms
[489.995s][info][gc,marking  ] GC(943) Concurrent Mark
[489.995s][info][gc,marking  ] GC(943) Concurrent Mark From Roots
[489.995s][info][gc,task     ] GC(943) Using 1 workers of 1 for marking
[490.044s][info][gc,marking  ] GC(943) Concurrent Mark From Roots 48.719ms
[490.044s][info][gc,marking  ] GC(943) Concurrent Preclean
[490.044s][info][gc,marking  ] GC(943) Concurrent Preclean 0.041ms
[490.044s][info][gc,start    ] GC(943) Pause Remark
[490.062s][info][gc          ] GC(943) Pause Remark 72M->71M(256M) 17.837ms
[490.062s][info][gc,cpu      ] GC(943) User=0.03s Sys=0.00s Real=0.02s
[490.062s][info][gc,marking  ] GC(943) Concurrent Mark 66.933ms
[490.062s][info][gc,marking  ] GC(943) Concurrent Rebuild Remembered Sets and Scrub Regions
[490.081s][info][gc,marking  ] GC(943) Concurrent Rebuild Remembered Sets and Scrub Regions 18.295ms
[490.081s][info][gc,start    ] GC(943) Pause Cleanup
[490.081s][info][gc          ] GC(943) Pause Cleanup 74M->74M(256M) 0.051ms
[490.081s][info][gc,cpu      ] GC(943) User=0.00s Sys=0.00s Real=0.00s
[490.081s][info][gc,marking  ] GC(943) Concurrent Clear Claimed Marks
[490.081s][info][gc,marking  ] GC(943) Concurrent Clear Claimed Marks 0.038ms
[490.081s][info][gc,marking  ] GC(943) Concurrent Cleanup for Next Mark
[490.082s][info][gc,marking  ] GC(943) Concurrent Cleanup for Next Mark 0.747ms
[490.082s][info][gc          ] GC(943) Concurrent Mark Cycle 91.468ms
[490.670s][info][gc,start    ] GC(944) Pause Young (Prepare Mixed) (G1 Evacuation Pause)
[490.670s][info][gc,task     ] GC(944) Using 2 workers of 2 for evacuation
[490.690s][info][gc,phases   ] GC(944)   Pre Evacuate Collection Set: 0.15ms
[490.691s][info][gc,phases   ] GC(944)   Merge Heap Roots: 0.06ms
[490.691s][info][gc,phases   ] GC(944)   Evacuate Collection Set: 20.10ms
[490.691s][info][gc,phases   ] GC(944)   Post Evacuate Collection Set: 0.46ms
[490.691s][info][gc,phases   ] GC(944)   Other: 0.09ms
[490.691s][info][gc,heap     ] GC(944) Eden regions: 150->0(134)
[490.691s][info][gc,heap     ] GC(944) Survivor regions: 3->19(20)
[490.691s][info][gc,heap     ] GC(944) Old regions: 58->58
[490.691s][info][gc,heap     ] GC(944) Humongous regions: 3->3
[490.691s][info][gc,metaspace] GC(944) Metaspace: 43094K(43520K)->43094K(43520K) NonClass: 38751K(38976K)->38751K(38976K) Class: 4343K(4544K)->4343K(4544K)
[490.691s][info][gc          ] GC(944) Pause Young (Prepare Mixed) (G1 Evacuation Pause) 213M->79M(256M) 21.076ms
[490.691s][info][gc,cpu      ] GC(944) User=0.04s Sys=0.00s Real=0.03s
[491.197s][info][gc,start    ] GC(945) Pause Young (Mixed) (G1 Evacuation Pause)
[491.197s][info][gc,task     ] GC(945) Using 2 workers of 2 for evacuation
[491.215s][info][gc,phases   ] GC(945)   Pre Evacuate Collection Set: 0.20ms
[491.215s][info][gc,phases   ] GC(945)   Merge Heap Roots: 0.19ms
[491.215s][info][gc,phases   ] GC(945)   Evacuate Collection Set: 17.09ms
[491.215s][info][gc,phases   ] GC(945)   Post Evacuate Collection Set: 0.46ms
[491.215s][info][gc,phases   ] GC(945)   Other: 0.09ms
[491.215s][info][gc,heap     ] GC(945) Eden regions: 134->0(150)
[491.215s][info][gc,heap     ] GC(945) Survivor regions: 19->3(20)
[491.215s][info][gc,heap     ] GC(945) Old regions: 58->46
[491.215s][info][gc,heap     ] GC(945) Humongous regions: 17->3
[491.215s][info][gc,metaspace] GC(945) Metaspace: 43094K(43520K)->43094K(43520K) NonClass: 38751K(38976K)->38751K(38976K) Class: 4343K(4544K)->4343K(4544K)
[491.215s][info][gc          ] GC(945) Pause Young (Mixed) (G1 Evacuation Pause) 227M->50M(256M) 18.215ms
[491.215s][info][gc,cpu      ] GC(945) User=0.02s Sys=0.00s Real=0.02s
[491.362s][info][gc,start    ] GC(946) Pause Young (Concurrent Start) (G1 Humongous Allocation)
[491.362s][info][gc,task     ] GC(946) Using 2 workers of 2 for evacuation
[491.364s][info][gc,phases   ] GC(946)   Pre Evacuate Collection Set: 0.16ms
[491.364s][info][gc,phases   ] GC(946)   Merge Heap Roots: 0.04ms
[491.364s][info][gc,phases   ] GC(946)   Evacuate Collection Set: 1.36ms
[491.364s][info][gc,phases   ] GC(946)   Post Evacuate Collection Set: 0.36ms
[491.364s][info][gc,phases   ] GC(946)   Other: 0.10ms
[491.364s][info][gc,heap     ] GC(946) Eden regions: 38->0(151)
[491.364s][info][gc,heap     ] GC(946) Survivor regions: 3->2(20)
[491.364s][info][gc,heap     ] GC(946) Old regions: 46->46
[491.364s][info][gc,heap     ] GC(946) Humongous regions: 3->1
[491.364s][info][gc,metaspace] GC(946) Metaspace: 43094K(43520K)->43094K(43520K) NonClass: 38751K(38976K)->38751K(38976K) Class: 4343K(4544K)->4343K(4544K)
[491.364s][info][gc          ] GC(946) Pause Young (Concurrent Start) (G1 Humongous Allocation) 88M->47M(256M) 2.192ms
[491.364s][info][gc,cpu      ] GC(946) User=0.00s Sys=0.00s Real=0.00s
[491.364s][info][gc          ] GC(947) Concurrent Mark Cycle
[491.364s][info][gc,marking  ] GC(947) Concurrent Scan Root Regions
[491.366s][info][gc,marking  ] GC(947) Concurrent Scan Root Regions 2.146ms
[491.366s][info][gc,marking  ] GC(947) Concurrent Mark
[491.366s][info][gc,marking  ] GC(947) Concurrent Mark From Roots
[491.366s][info][gc,task     ] GC(947) Using 1 workers of 1 for marking
[491.412s][info][gc,marking  ] GC(947) Concurrent Mark From Roots 46.002ms
[491.412s][info][gc,marking  ] GC(947) Concurrent Preclean
[491.412s][info][gc,marking  ] GC(947) Concurrent Preclean 0.037ms
[491.412s][info][gc,start    ] GC(947) Pause Remark
[491.429s][info][gc          ] GC(947) Pause Remark 60M->60M(256M) 16.885ms
[491.429s][info][gc,cpu      ] GC(947) User=0.03s Sys=0.00s Real=0.01s
[491.429s][info][gc,marking  ] GC(947) Concurrent Mark 63.155ms
[491.429s][info][gc,marking  ] GC(947) Concurrent Rebuild Remembered Sets and Scrub Regions
[491.448s][info][gc,marking  ] GC(947) Concurrent Rebuild Remembered Sets and Scrub Regions 18.589ms
[491.448s][info][gc,start    ] GC(947) Pause Cleanup
[491.448s][info][gc          ] GC(947) Pause Cleanup 65M->65M(256M) 0.044ms
[491.448s][info][gc,cpu      ] GC(947) User=0.00s Sys=0.00s Real=0.00s
[491.448s][info][gc,marking  ] GC(947) Concurrent Clear Claimed Marks
[491.448s][info][gc,marking  ] GC(947) Concurrent Clear Claimed Marks 0.037ms
[491.448s][info][gc,marking  ] GC(947) Concurrent Cleanup for Next Mark
[491.449s][info][gc,marking  ] GC(947) Concurrent Cleanup for Next Mark 0.760ms
[491.449s][info][gc          ] GC(947) Concurrent Mark Cycle 85.012ms
[492.075s][info][gc,start    ] GC(948) Pause Young (Prepare Mixed) (G1 Evacuation Pause)
[492.075s][info][gc,task     ] GC(948) Using 2 workers of 2 for evacuation
[492.081s][info][gc,phases   ] GC(948)   Pre Evacuate Collection Set: 0.18ms
[492.081s][info][gc,phases   ] GC(948)   Merge Heap Roots: 0.07ms
[492.081s][info][gc,phases   ] GC(948)   Evacuate Collection Set: 4.84ms
[492.081s][info][gc,phases   ] GC(948)   Post Evacuate Collection Set: 0.43ms
[492.081s][info][gc,phases   ] GC(948)   Other: 0.08ms
[492.081s][info][gc,heap     ] GC(948) Eden regions: 151->0(148)
[492.081s][info][gc,heap     ] GC(948) Survivor regions: 2->5(20)
[492.081s][info][gc,heap     ] GC(948) Old regions: 46->46
[492.081s][info][gc,heap     ] GC(948) Humongous regions: 15->3
[492.081s][info][gc,metaspace] GC(948) Metaspace: 43094K(43520K)->43094K(43520K) NonClass: 38751K(38976K)->38751K(38976K) Class: 4343K(4544K)->4343K(4544K)
[492.081s][info][gc          ] GC(948) Pause Young (Prepare Mixed) (G1 Evacuation Pause) 212M->52M(256M) 5.761ms
[492.081s][info][gc,cpu      ] GC(948) User=0.01s Sys=0.00s Real=0.01s
[492.653s][info][gc,start    ] GC(949) Pause Young (Mixed) (G1 Evacuation Pause)
[492.653s][info][gc,task     ] GC(949) Using 2 workers of 2 for evacuation
[492.667s][info][gc,phases   ] GC(949)   Pre Evacuate Collection Set: 0.19ms
[492.667s][info][gc,phases   ] GC(949)   Merge Heap Roots: 0.12ms
[492.667s][info][gc,phases   ] GC(949)   Evacuate Collection Set: 13.02ms
[492.667s][info][gc,phases   ] GC(949)   Post Evacuate Collection Set: 0.44ms
[492.667s][info][gc,phases   ] GC(949)   Other: 0.10ms
[492.667s][info][gc,heap     ] GC(949) Eden regions: 148->0(136)
[492.667s][info][gc,heap     ] GC(949) Survivor regions: 5->17(20)
[492.667s][info][gc,heap     ] GC(949) Old regions: 46->43
[492.667s][info][gc,heap     ] GC(949) Humongous regions: 13->3
[492.667s][info][gc,metaspace] GC(949) Metaspace: 43094K(43520K)->43094K(43520K) NonClass: 38751K(38976K)->38751K(38976K) Class: 4343K(4544K)->4343K(4544K)
[492.667s][info][gc          ] GC(949) Pause Young (Mixed) (G1 Evacuation Pause) 210M->61M(256M) 14.130ms
[492.667s][info][gc,cpu      ] GC(949) User=0.03s Sys=0.00s Real=0.01s
[493.233s][info][gc,start    ] GC(950) Pause Young (Concurrent Start) (G1 Evacuation Pause)
[493.233s][info][gc,task     ] GC(950) Using 2 workers of 2 for evacuation
[493.262s][info][gc,phases   ] GC(950)   Pre Evacuate Collection Set: 0.18ms
[493.262s][info][gc,phases   ] GC(950)   Merge Heap Roots: 0.05ms
[493.262s][info][gc,phases   ] GC(950)   Evacuate Collection Set: 27.23ms
[493.262s][info][gc,phases   ] GC(950)   Post Evacuate Collection Set: 0.59ms
[493.262s][info][gc,phases   ] GC(950)   Other: 0.12ms
[493.262s][info][gc,heap     ] GC(950) Eden regions: 136->0(142)
[493.262s][info][gc,heap     ] GC(950) Survivor regions: 17->11(20)
[493.262s][info][gc,heap     ] GC(950) Old regions: 43->53
[493.262s][info][gc,heap     ] GC(950) Humongous regions: 3->3
[493.262s][info][gc,metaspace] GC(950) Metaspace: 43094K(43520K)->43094K(43520K) NonClass: 38751K(38976K)->38751K(38976K) Class: 4343K(4544K)->4343K(4544K)
[493.262s][info][gc          ] GC(950) Pause Young (Concurrent Start) (G1 Evacuation Pause) 197M->66M(256M) 28.378ms
[493.262s][info][gc          ] GC(951) Concurrent Mark Cycle
[493.262s][info][gc,marking  ] GC(951) Concurrent Scan Root Regions
[493.263s][info][gc,cpu      ] GC(950) User=0.06s Sys=0.00s Real=0.03s
[493.288s][info][gc,marking  ] GC(951) Concurrent Scan Root Regions 26.640ms
[493.289s][info][gc,marking  ] GC(951) Concurrent Mark
[493.289s][info][gc,marking  ] GC(951) Concurrent Mark From Roots
[493.289s][info][gc,task     ] GC(951) Using 1 workers of 1 for marking
[493.334s][info][gc,marking  ] GC(951) Concurrent Mark From Roots 45.459ms
[493.334s][info][gc,marking  ] GC(951) Concurrent Preclean
[493.334s][info][gc,marking  ] GC(951) Concurrent Preclean 0.056ms
[493.334s][info][gc,start    ] GC(951) Pause Remark
[493.351s][info][gc          ] GC(951) Pause Remark 74M->74M(256M) 16.951ms
[493.351s][info][gc,cpu      ] GC(951) User=0.04s Sys=0.00s Real=0.02s
[493.351s][info][gc,marking  ] GC(951) Concurrent Mark 62.741ms
[493.351s][info][gc,marking  ] GC(951) Concurrent Rebuild Remembered Sets and Scrub Regions
[493.383s][info][gc,marking  ] GC(951) Concurrent Rebuild Remembered Sets and Scrub Regions 31.457ms
[493.383s][info][gc,start    ] GC(951) Pause Cleanup
[493.384s][info][gc          ] GC(951) Pause Cleanup 80M->80M(256M) 0.049ms
[493.384s][info][gc,cpu      ] GC(951) User=0.00s Sys=0.00s Real=0.00s
[493.384s][info][gc,marking  ] GC(951) Concurrent Clear Claimed Marks
[493.384s][info][gc,marking  ] GC(951) Concurrent Clear Claimed Marks 0.040ms
[493.384s][info][gc,marking  ] GC(951) Concurrent Cleanup for Next Mark
[493.384s][info][gc,marking  ] GC(951) Concurrent Cleanup for Next Mark 0.739ms
[493.384s][info][gc          ] GC(951) Concurrent Mark Cycle 122.552ms
[493.932s][info][gc,start    ] GC(952) Pause Young (Prepare Mixed) (G1 Evacuation Pause)
[493.932s][info][gc,task     ] GC(952) Using 2 workers of 2 for evacuation
[493.983s][info][gc,phases   ] GC(952)   Pre Evacuate Collection Set: 0.15ms
[493.983s][info][gc,phases   ] GC(952)   Merge Heap Roots: 0.15ms
[493.983s][info][gc,phases   ] GC(952)   Evacuate Collection Set: 50.38ms
[493.983s][info][gc,phases   ] GC(952)   Post Evacuate Collection Set: 0.55ms
[493.983s][info][gc,phases   ] GC(952)   Other: 0.07ms
[493.983s][info][gc,heap     ] GC(952) Eden regions: 142->0(109)
[493.983s][info][gc,heap     ] GC(952) Survivor regions: 11->20(20)
[493.983s][info][gc,heap     ] GC(952) Old regions: 53->80
[493.983s][info][gc,heap     ] GC(952) Humongous regions: 5->3
[493.983s][info][gc,metaspace] GC(952) Metaspace: 43094K(43520K)->43094K(43520K) NonClass: 38751K(38976K)->38751K(38976K) Class: 4343K(4544K)->4343K(4544K)
[493.983s][info][gc          ] GC(952) Pause Young (Prepare Mixed) (G1 Evacuation Pause) 210M->102M(258M) 51.499ms
[493.983s][info][gc,cpu      ] GC(952) User=0.10s Sys=0.00s Real=0.05s
[494.405s][info][gc,start    ] GC(953) Pause Young (Mixed) (G1 Evacuation Pause)
[494.405s][info][gc,task     ] GC(953) Using 2 workers of 2 for evacuation
[494.449s][info][gc,phases   ] GC(953)   Pre Evacuate Collection Set: 0.16ms
[494.449s][info][gc,phases   ] GC(953)   Merge Heap Roots: 0.26ms
[494.449s][info][gc,phases   ] GC(953)   Evacuate Collection Set: 43.44ms
[494.449s][info][gc,phases   ] GC(953)   Post Evacuate Collection Set: 0.47ms
[494.449s][info][gc,phases   ] GC(953)   Other: 0.10ms
[494.449s][info][gc,heap     ] GC(953) Eden regions: 109->0(98)
[494.449s][info][gc,heap     ] GC(953) Survivor regions: 20->17(17)
[494.449s][info][gc,heap     ] GC(953) Old regions: 80->97
[494.449s][info][gc,heap     ] GC(953) Humongous regions: 5->3
[494.449s][info][gc,metaspace] GC(953) Metaspace: 43094K(43520K)->43094K(43520K) NonClass: 38751K(38976K)->38751K(38976K) Class: 4343K(4544K)->4343K(4544K)
[494.450s][info][gc          ] GC(953) Pause Young (Mixed) (G1 Evacuation Pause) 213M->116M(258M) 44.628ms
[494.450s][info][gc,cpu      ] GC(953) User=0.09s Sys=0.00s Real=0.04s
[494.477s][info][gc,start    ] GC(954) Pause Young (Concurrent Start) (G1 Humongous Allocation)
[494.477s][info][gc,task     ] GC(954) Using 2 workers of 2 for evacuation
[494.486s][info][gc,phases   ] GC(954)   Pre Evacuate Collection Set: 0.16ms
[494.486s][info][gc,phases   ] GC(954)   Merge Heap Roots: 0.07ms
[494.486s][info][gc,phases   ] GC(954)   Evacuate Collection Set: 8.25ms
[494.486s][info][gc,phases   ] GC(954)   Post Evacuate Collection Set: 0.32ms
[494.486s][info][gc,phases   ] GC(954)   Other: 0.10ms
[494.486s][info][gc,heap     ] GC(954) Eden regions: 6->0(112)
[494.486s][info][gc,heap     ] GC(954) Survivor regions: 17->1(15)
[494.486s][info][gc,heap     ] GC(954) Old regions: 97->104
[494.486s][info][gc,heap     ] GC(954) Humongous regions: 3->1
[494.486s][info][gc,metaspace] GC(954) Metaspace: 43094K(43520K)->43094K(43520K) NonClass: 38751K(38976K)->38751K(38976K) Class: 4343K(4544K)->4343K(4544K)
[494.486s][info][gc          ] GC(954) Pause Young (Concurrent Start) (G1 Humongous Allocation) 122M->105M(258M) 9.117ms
[494.487s][info][gc,cpu      ] GC(954) User=0.02s Sys=0.00s Real=0.01s
[494.487s][info][gc          ] GC(955) Concurrent Mark Cycle
[494.487s][info][gc,marking  ] GC(955) Concurrent Scan Root Regions
[494.494s][info][gc,marking  ] GC(955) Concurrent Scan Root Regions 7.480ms
[494.494s][info][gc,marking  ] GC(955) Concurrent Mark
[494.494s][info][gc,marking  ] GC(955) Concurrent Mark From Roots
[494.494s][info][gc,task     ] GC(955) Using 1 workers of 1 for marking
[494.558s][info][gc,marking  ] GC(955) Concurrent Mark From Roots 63.944ms
[494.558s][info][gc,marking  ] GC(955) Concurrent Preclean
[494.558s][info][gc,marking  ] GC(955) Concurrent Preclean 0.037ms
[494.558s][info][gc,start    ] GC(955) Pause Remark
[494.575s][info][gc          ] GC(955) Pause Remark 122M->105M(258M) 17.091ms
[494.575s][info][gc,cpu      ] GC(955) User=0.03s Sys=0.00s Real=0.02s
[494.575s][info][gc,marking  ] GC(955) Concurrent Mark 81.418ms
[494.575s][info][gc,marking  ] GC(955) Concurrent Rebuild Remembered Sets and Scrub Regions
[494.607s][info][gc,marking  ] GC(955) Concurrent Rebuild Remembered Sets and Scrub Regions 31.307ms
[494.607s][info][gc,start    ] GC(955) Pause Cleanup
[494.607s][info][gc          ] GC(955) Pause Cleanup 110M->110M(258M) 0.058ms
[494.607s][info][gc,cpu      ] GC(955) User=0.00s Sys=0.00s Real=0.00s
[494.607s][info][gc,marking  ] GC(955) Concurrent Clear Claimed Marks
[494.607s][info][gc,marking  ] GC(955) Concurrent Clear Claimed Marks 0.038ms
[494.607s][info][gc,marking  ] GC(955) Concurrent Cleanup for Next Mark
[494.608s][info][gc,marking  ] GC(955) Concurrent Cleanup for Next Mark 0.791ms
[494.608s][info][gc          ] GC(955) Concurrent Mark Cycle 121.368ms
[495.067s][info][gc,start    ] GC(956) Pause Young (Prepare Mixed) (G1 Evacuation Pause)
[495.067s][info][gc,task     ] GC(956) Using 2 workers of 2 for evacuation
[495.070s][info][gc,phases   ] GC(956)   Pre Evacuate Collection Set: 0.16ms
[495.070s][info][gc,phases   ] GC(956)   Merge Heap Roots: 0.07ms
[495.070s][info][gc,phases   ] GC(956)   Evacuate Collection Set: 2.19ms
[495.070s][info][gc,phases   ] GC(956)   Post Evacuate Collection Set: 0.37ms
[495.070s][info][gc,phases   ] GC(956)   Other: 0.09ms
[495.070s][info][gc,heap     ] GC(956) Eden regions: 112->0(128)
[495.070s][info][gc,heap     ] GC(956) Survivor regions: 1->3(15)
[495.070s][info][gc,heap     ] GC(956) Old regions: 87->87
[495.070s][info][gc,heap     ] GC(956) Humongous regions: 11->3
[495.070s][info][gc,metaspace] GC(956) Metaspace: 43094K(43520K)->43094K(43520K) NonClass: 38751K(38976K)->38751K(38976K) Class: 4343K(4544K)->4343K(4544K)
[495.070s][info][gc          ] GC(956) Pause Young (Prepare Mixed) (G1 Evacuation Pause) 210M->91M(258M) 3.053ms
[495.070s][info][gc,cpu      ] GC(956) User=0.00s Sys=0.00s Real=0.00s
[495.551s][info][gc,start    ] GC(957) Pause Young (Mixed) (G1 Evacuation Pause)
[495.551s][info][gc,task     ] GC(957) Using 2 workers of 2 for evacuation
[495.566s][info][gc,phases   ] GC(957)   Pre Evacuate Collection Set: 0.17ms
[495.566s][info][gc,phases   ] GC(957)   Merge Heap Roots: 0.09ms
[495.566s][info][gc,phases   ] GC(957)   Evacuate Collection Set: 14.43ms
[495.566s][info][gc,phases   ] GC(957)   Post Evacuate Collection Set: 0.42ms
[495.566s][info][gc,phases   ] GC(957)   Other: 0.08ms
[495.566s][info][gc,heap     ] GC(957) Eden regions: 128->0(139)
[495.566s][info][gc,heap     ] GC(957) Survivor regions: 3->14(17)
[495.566s][info][gc,heap     ] GC(957) Old regions: 87->61
[495.566s][info][gc,heap     ] GC(957) Humongous regions: 5->3
[495.566s][info][gc,metaspace] GC(957) Metaspace: 43094K(43520K)->43094K(43520K) NonClass: 38751K(38976K)->38751K(38976K) Class: 4343K(4544K)->4343K(4544K)
[495.566s][info][gc          ] GC(957) Pause Young (Mixed) (G1 Evacuation Pause) 221M->76M(258M) 15.369ms
[495.566s][info][gc,cpu      ] GC(957) User=0.03s Sys=0.00s Real=0.01s
[496.120s][info][gc,start    ] GC(958) Pause Young (Mixed) (G1 Evacuation Pause)
[496.120s][info][gc,task     ] GC(958) Using 2 workers of 2 for evacuation
[496.128s][info][gc,phases   ] GC(958)   Pre Evacuate Collection Set: 0.18ms
[496.128s][info][gc,phases   ] GC(958)   Merge Heap Roots: 0.17ms
[496.128s][info][gc,phases   ] GC(958)   Evacuate Collection Set: 6.85ms
[496.128s][info][gc,phases   ] GC(958)   Post Evacuate Collection Set: 0.43ms
[496.128s][info][gc,phases   ] GC(958)   Other: 0.07ms
[496.128s][info][gc,heap     ] GC(958) Eden regions: 139->0(151)
[496.128s][info][gc,heap     ] GC(958) Survivor regions: 14->3(20)
[496.128s][info][gc,heap     ] GC(958) Old regions: 61->58
[496.128s][info][gc,heap     ] GC(958) Humongous regions: 11->3
[496.128s][info][gc,metaspace] GC(958) Metaspace: 43094K(43520K)->43094K(43520K) NonClass: 38751K(38976K)->38751K(38976K) Class: 4343K(4544K)->4343K(4544K)
[496.128s][info][gc          ] GC(958) Pause Young (Mixed) (G1 Evacuation Pause) 223M->62M(258M) 7.874ms
[496.128s][info][gc,cpu      ] GC(958) User=0.01s Sys=0.00s Real=0.01s
[496.320s][info][gc,start    ] GC(959) Pause Young (Concurrent Start) (G1 Humongous Allocation)
[496.320s][info][gc,task     ] GC(959) Using 2 workers of 2 for evacuation
[496.322s][info][gc,phases   ] GC(959)   Pre Evacuate Collection Set: 0.17ms
[496.322s][info][gc,phases   ] GC(959)   Merge Heap Roots: 0.04ms
[496.322s][info][gc,phases   ] GC(959)   Evacuate Collection Set: 1.72ms
[496.322s][info][gc,phases   ] GC(959)   Post Evacuate Collection Set: 0.37ms
[496.322s][info][gc,phases   ] GC(959)   Other: 0.08ms
[496.322s][info][gc,heap     ] GC(959) Eden regions: 56->0(152)
[496.322s][info][gc,heap     ] GC(959) Survivor regions: 3->2(20)
[496.322s][info][gc,heap     ] GC(959) Old regions: 58->58
[496.322s][info][gc,heap     ] GC(959) Humongous regions: 3->1
[496.322s][info][gc,metaspace] GC(959) Metaspace: 43094K(43520K)->43094K(43520K) NonClass: 38751K(38976K)->38751K(38976K) Class: 4343K(4544K)->4343K(4544K)
[496.322s][info][gc          ] GC(959) Pause Young (Concurrent Start) (G1 Humongous Allocation) 118M->60M(258M) 2.537ms
[496.322s][info][gc,cpu      ] GC(959) User=0.00s Sys=0.00s Real=0.01s
[496.322s][info][gc          ] GC(960) Concurrent Mark Cycle
[496.322s][info][gc,marking  ] GC(960) Concurrent Scan Root Regions
[496.324s][info][gc,marking  ] GC(960) Concurrent Scan Root Regions 1.802ms
[496.324s][info][gc,marking  ] GC(960) Concurrent Mark
[496.324s][info][gc,marking  ] GC(960) Concurrent Mark From Roots
[496.324s][info][gc,task     ] GC(960) Using 1 workers of 1 for marking
[496.386s][info][gc,marking  ] GC(960) Concurrent Mark From Roots 61.761ms
[496.386s][info][gc,marking  ] GC(960) Concurrent Preclean
[496.386s][info][gc,marking  ] GC(960) Concurrent Preclean 0.042ms
[496.386s][info][gc,start    ] GC(960) Pause Remark
[496.404s][info][gc          ] GC(960) Pause Remark 79M->76M(256M) 17.406ms
[496.404s][info][gc,cpu      ] GC(960) User=0.03s Sys=0.00s Real=0.02s
[496.404s][info][gc,marking  ] GC(960) Concurrent Mark 79.408ms
[496.404s][info][gc,marking  ] GC(960) Concurrent Rebuild Remembered Sets and Scrub Regions
[496.427s][info][gc,marking  ] GC(960) Concurrent Rebuild Remembered Sets and Scrub Regions 22.857ms
[496.427s][info][gc,start    ] GC(960) Pause Cleanup
[496.427s][info][gc          ] GC(960) Pause Cleanup 83M->83M(256M) 0.047ms
[496.427s][info][gc,cpu      ] GC(960) User=0.01s Sys=0.00s Real=0.00s
[496.427s][info][gc,marking  ] GC(960) Concurrent Clear Claimed Marks
[496.427s][info][gc,marking  ] GC(960) Concurrent Clear Claimed Marks 0.038ms
[496.427s][info][gc,marking  ] GC(960) Concurrent Cleanup for Next Mark
[496.428s][info][gc,marking  ] GC(960) Concurrent Cleanup for Next Mark 0.753ms
[496.428s][info][gc          ] GC(960) Concurrent Mark Cycle 105.255ms
[496.955s][info][gc,start    ] GC(961) Pause Young (Prepare Mixed) (G1 Evacuation Pause)
[496.955s][info][gc,task     ] GC(961) Using 2 workers of 2 for evacuation
[496.967s][info][gc,phases   ] GC(961)   Pre Evacuate Collection Set: 0.17ms
[496.967s][info][gc,phases   ] GC(961)   Merge Heap Roots: 0.06ms
[496.967s][info][gc,phases   ] GC(961)   Evacuate Collection Set: 10.48ms
[496.967s][info][gc,phases   ] GC(961)   Post Evacuate Collection Set: 0.45ms
[496.967s][info][gc,phases   ] GC(961)   Other: 0.09ms
[496.967s][info][gc,heap     ] GC(961) Eden regions: 151->0(142)
[496.967s][info][gc,heap     ] GC(961) Survivor regions: 2->11(20)
[496.967s][info][gc,heap     ] GC(961) Old regions: 55->55
[496.967s][info][gc,heap     ] GC(961) Humongous regions: 5->3
[496.967s][info][gc,metaspace] GC(961) Metaspace: 43094K(43520K)->43094K(43520K) NonClass: 38751K(38976K)->38751K(38976K) Class: 4343K(4544K)->4343K(4544K)
[496.967s][info][gc          ] GC(961) Pause Young (Prepare Mixed) (G1 Evacuation Pause) 212M->68M(256M) 11.469ms
[496.967s][info][gc,cpu      ] GC(961) User=0.03s Sys=0.00s Real=0.01s
[497.519s][info][gc,start    ] GC(962) Pause Young (Mixed) (G1 Evacuation Pause)
[497.519s][info][gc,task     ] GC(962) Using 2 workers of 2 for evacuation
[497.536s][info][gc,phases   ] GC(962)   Pre Evacuate Collection Set: 0.15ms
[497.536s][info][gc,phases   ] GC(962)   Merge Heap Roots: 0.10ms
[497.536s][info][gc,phases   ] GC(962)   Evacuate Collection Set: 16.02ms
[497.536s][info][gc,phases   ] GC(962)   Post Evacuate Collection Set: 0.46ms
[497.536s][info][gc,phases   ] GC(962)   Other: 0.07ms
[497.536s][info][gc,heap     ] GC(962) Eden regions: 142->0(135)
[497.536s][info][gc,heap     ] GC(962) Survivor regions: 11->18(20)
[497.536s][info][gc,heap     ] GC(962) Old regions: 55->49
[497.536s][info][gc,heap     ] GC(962) Humongous regions: 9->3
[497.536s][info][gc,metaspace] GC(962) Metaspace: 43094K(43520K)->43094K(43520K) NonClass: 38751K(38976K)->38751K(38976K) Class: 4343K(4544K)->4343K(4544K)
[497.536s][info][gc          ] GC(962) Pause Young (Mixed) (G1 Evacuation Pause) 216M->68M(256M) 16.997ms
[497.536s][info][gc,cpu      ] GC(962) User=0.04s Sys=0.00s Real=0.02s
[497.955s][info][gc,start    ] GC(963) Pause Young (Concurrent Start) (G1 Evacuation Pause)
[497.955s][info][gc,task     ] GC(963) Using 2 workers of 2 for evacuation
[497.994s][info][gc,phases   ] GC(963)   Pre Evacuate Collection Set: 0.17ms
[497.994s][info][gc,phases   ] GC(963)   Merge Heap Roots: 0.06ms
[497.994s][info][gc,phases   ] GC(963)   Evacuate Collection Set: 38.07ms
[497.994s][info][gc,phases   ] GC(963)   Post Evacuate Collection Set: 0.55ms
[497.994s][info][gc,phases   ] GC(963)   Other: 0.11ms
[497.994s][info][gc,heap     ] GC(963) Eden regions: 135->0(120)
[497.994s][info][gc,heap     ] GC(963) Survivor regions: 18->20(20)
[497.994s][info][gc,heap     ] GC(963) Old regions: 49->69
[497.994s][info][gc,heap     ] GC(963) Humongous regions: 3->3
[497.994s][info][gc,metaspace] GC(963) Metaspace: 43094K(43520K)->43094K(43520K) NonClass: 38751K(38976K)->38751K(38976K) Class: 4343K(4544K)->4343K(4544K)
[497.994s][info][gc          ] GC(963) Pause Young (Concurrent Start) (G1 Evacuation Pause) 203M->90M(256M) 39.137ms
[497.994s][info][gc,cpu      ] GC(963) User=0.08s Sys=0.00s Real=0.04s
[497.994s][info][gc          ] GC(964) Concurrent Mark Cycle
[497.994s][info][gc,marking  ] GC(964) Concurrent Scan Root Regions
[498.035s][info][gc,marking  ] GC(964) Concurrent Scan Root Regions 41.467ms
[498.035s][info][gc,marking  ] GC(964) Concurrent Mark
[498.035s][info][gc,marking  ] GC(964) Concurrent Mark From Roots
[498.035s][info][gc,task     ] GC(964) Using 1 workers of 1 for marking
[498.102s][info][gc,marking  ] GC(964) Concurrent Mark From Roots 66.345ms
[498.102s][info][gc,marking  ] GC(964) Concurrent Preclean
[498.102s][info][gc,marking  ] GC(964) Concurrent Preclean 0.042ms
[498.102s][info][gc,start    ] GC(964) Pause Remark
[498.119s][info][gc          ] GC(964) Pause Remark 105M->105M(256M) 16.658ms
[498.119s][info][gc,cpu      ] GC(964) User=0.03s Sys=0.00s Real=0.01s
[498.119s][info][gc,marking  ] GC(964) Concurrent Mark 83.346ms
[498.119s][info][gc,marking  ] GC(964) Concurrent Rebuild Remembered Sets and Scrub Regions
[498.182s][info][gc,marking  ] GC(964) Concurrent Rebuild Remembered Sets and Scrub Regions 63.503ms
[498.184s][info][gc,start    ] GC(964) Pause Cleanup
[498.184s][info][gc          ] GC(964) Pause Cleanup 120M->120M(256M) 0.048ms
[498.184s][info][gc,cpu      ] GC(964) User=0.00s Sys=0.00s Real=0.00s
[498.184s][info][gc,marking  ] GC(964) Concurrent Clear Claimed Marks
[498.184s][info][gc,marking  ] GC(964) Concurrent Clear Claimed Marks 0.039ms
[498.184s][info][gc,marking  ] GC(964) Concurrent Cleanup for Next Mark
[498.184s][info][gc,marking  ] GC(964) Concurrent Cleanup for Next Mark 0.760ms
[498.184s][info][gc          ] GC(964) Concurrent Mark Cycle 190.489ms
[498.643s][info][gc,start    ] GC(965) Pause Young (Prepare Mixed) (G1 Evacuation Pause)
[498.643s][info][gc,task     ] GC(965) Using 2 workers of 2 for evacuation
[498.708s][info][gc,phases   ] GC(965)   Pre Evacuate Collection Set: 0.15ms
[498.708s][info][gc,phases   ] GC(965)   Merge Heap Roots: 0.28ms
[498.708s][info][gc,phases   ] GC(965)   Evacuate Collection Set: 63.85ms
[498.708s][info][gc,phases   ] GC(965)   Post Evacuate Collection Set: 0.51ms
[498.708s][info][gc,phases   ] GC(965)   Other: 0.07ms
[498.708s][info][gc,heap     ] GC(965) Eden regions: 120->0(89)
[498.708s][info][gc,heap     ] GC(965) Survivor regions: 20->18(18)
[498.708s][info][gc,heap     ] GC(965) Old regions: 69->102
[498.708s][info][gc,heap     ] GC(965) Humongous regions: 3->3
[498.708s][info][gc,metaspace] GC(965) Metaspace: 43094K(43520K)->43094K(43520K) NonClass: 38751K(38976K)->38751K(38976K) Class: 4343K(4544K)->4343K(4544K)
[498.708s][info][gc          ] GC(965) Pause Young (Prepare Mixed) (G1 Evacuation Pause) 210M->122M(263M) 65.058ms
[498.708s][info][gc,cpu      ] GC(965) User=0.12s Sys=0.00s Real=0.06s
[499.172s][info][gc,start    ] GC(966) Pause Young (Mixed) (G1 Evacuation Pause)
[499.172s][info][gc,task     ] GC(966) Using 2 workers of 2 for evacuation
[499.236s][info][gc,phases   ] GC(966)   Pre Evacuate Collection Set: 0.16ms
[499.236s][info][gc,phases   ] GC(966)   Merge Heap Roots: 0.43ms
[499.236s][info][gc,phases   ] GC(966)   Evacuate Collection Set: 62.44ms
[499.236s][info][gc,phases   ] GC(966)   Post Evacuate Collection Set: 0.76ms
[499.236s][info][gc,phases   ] GC(966)   Other: 0.07ms
[499.236s][info][gc,heap     ] GC(966) Eden regions: 89->0(88)
[499.236s][info][gc,heap     ] GC(966) Survivor regions: 18->14(14)
[499.236s][info][gc,heap     ] GC(966) Old regions: 102->130
[499.236s][info][gc,heap     ] GC(966) Humongous regions: 3->3
[499.236s][info][gc,metaspace] GC(966) Metaspace: 43094K(43520K)->43094K(43520K) NonClass: 38751K(38976K)->38751K(38976K) Class: 4343K(4544K)->4343K(4544K)
[499.236s][info][gc          ] GC(966) Pause Young (Mixed) (G1 Evacuation Pause) 211M->146M(292M) 64.060ms
[499.236s][info][gc,cpu      ] GC(966) User=0.13s Sys=0.00s Real=0.06s
[499.565s][info][gc,start    ] GC(967) Pause Young (Concurrent Start) (G1 Humongous Allocation)
[499.565s][info][gc,task     ] GC(967) Using 2 workers of 2 for evacuation
[499.606s][info][gc,phases   ] GC(967)   Pre Evacuate Collection Set: 0.21ms
[499.606s][info][gc,phases   ] GC(967)   Merge Heap Roots: 0.36ms
[499.606s][info][gc,phases   ] GC(967)   Evacuate Collection Set: 39.89ms
[499.606s][info][gc,phases   ] GC(967)   Post Evacuate Collection Set: 0.41ms
[499.606s][info][gc,phases   ] GC(967)   Other: 0.10ms
[499.606s][info][gc,heap     ] GC(967) Eden regions: 54->0(78)
[499.606s][info][gc,heap     ] GC(967) Survivor regions: 14->13(13)
[499.606s][info][gc,heap     ] GC(967) Old regions: 130->147
[499.606s][info][gc,heap     ] GC(967) Humongous regions: 3->1
[499.606s][info][gc,metaspace] GC(967) Metaspace: 43094K(43520K)->43094K(43520K) NonClass: 38751K(38976K)->38751K(38976K) Class: 4343K(4544K)->4343K(4544K)
[499.606s][info][gc          ] GC(967) Pause Young (Concurrent Start) (G1 Humongous Allocation) 200M->160M(292M) 41.168ms
[499.606s][info][gc,cpu      ] GC(967) User=0.07s Sys=0.00s Real=0.04s
[499.606s][info][gc          ] GC(968) Concurrent Mark Cycle
[499.606s][info][gc,marking  ] GC(968) Concurrent Scan Root Regions
[499.641s][info][gc,marking  ] GC(968) Concurrent Scan Root Regions 35.192ms
[499.641s][info][gc,marking  ] GC(968) Concurrent Mark
[499.641s][info][gc,marking  ] GC(968) Concurrent Mark From Roots
[499.641s][info][gc,task     ] GC(968) Using 1 workers of 1 for marking
[499.761s][info][gc,marking  ] GC(968) Concurrent Mark From Roots 119.879ms
[499.761s][info][gc,marking  ] GC(968) Concurrent Preclean
[499.761s][info][gc,marking  ] GC(968) Concurrent Preclean 0.046ms
[499.764s][info][gc,start    ] GC(968) Pause Remark
[499.781s][info][gc          ] GC(968) Pause Remark 200M->200M(292M) 17.061ms
[499.781s][info][gc,cpu      ] GC(968) User=0.03s Sys=0.00s Real=0.02s
[499.781s][info][gc,marking  ] GC(968) Concurrent Mark 139.433ms
[499.781s][info][gc,marking  ] GC(968) Concurrent Rebuild Remembered Sets and Scrub Regions
[499.866s][info][gc,marking  ] GC(968) Concurrent Rebuild Remembered Sets and Scrub Regions 85.189ms
[499.866s][info][gc,start    ] GC(968) Pause Cleanup
[499.866s][info][gc          ] GC(968) Pause Cleanup 216M->216M(292M) 0.088ms
[499.866s][info][gc,cpu      ] GC(968) User=0.00s Sys=0.00s Real=0.00s
[499.866s][info][gc,marking  ] GC(968) Concurrent Clear Claimed Marks
[499.866s][info][gc,marking  ] GC(968) Concurrent Clear Claimed Marks 0.047ms
[499.866s][info][gc,marking  ] GC(968) Concurrent Cleanup for Next Mark
[499.868s][info][gc,marking  ] GC(968) Concurrent Cleanup for Next Mark 1.225ms
[499.868s][info][gc          ] GC(968) Concurrent Mark Cycle 261.512ms
[499.993s][info][gc,start    ] GC(969) Pause Young (Prepare Mixed) (G1 Evacuation Pause)
[499.993s][info][gc,task     ] GC(969) Using 2 workers of 2 for evacuation
[500.018s][info][gc,phases   ] GC(969)   Pre Evacuate Collection Set: 0.17ms
[500.018s][info][gc,phases   ] GC(969)   Merge Heap Roots: 0.15ms
[500.018s][info][gc,phases   ] GC(969)   Evacuate Collection Set: 23.86ms
[500.018s][info][gc,phases   ] GC(969)   Post Evacuate Collection Set: 0.42ms
[500.018s][info][gc,phases   ] GC(969)   Other: 0.07ms
[500.018s][info][gc,heap     ] GC(969) Eden regions: 78->0(73)
[500.018s][info][gc,heap     ] GC(969) Survivor regions: 13->11(12)
[500.018s][info][gc,heap     ] GC(969) Old regions: 147->160
[500.018s][info][gc,heap     ] GC(969) Humongous regions: 3->3
[500.018s][info][gc,metaspace] GC(969) Metaspace: 43094K(43520K)->43094K(43520K) NonClass: 38751K(38976K)->38751K(38976K) Class: 4343K(4544K)->4343K(4544K)
[500.018s][info][gc          ] GC(969) Pause Young (Prepare Mixed) (G1 Evacuation Pause) 240M->172M(292M) 24.887ms
[500.018s][info][gc,cpu      ] GC(969) User=0.05s Sys=0.00s Real=0.02s
[500.290s][info][gc,start    ] GC(970) Pause Young (Mixed) (G1 Evacuation Pause)
[500.290s][info][gc,task     ] GC(970) Using 2 workers of 2 for evacuation
[500.317s][info][gc,phases   ] GC(970)   Pre Evacuate Collection Set: 0.18ms
[500.317s][info][gc,phases   ] GC(970)   Merge Heap Roots: 0.20ms
[500.317s][info][gc,phases   ] GC(970)   Evacuate Collection Set: 26.24ms
[500.317s][info][gc,phases   ] GC(970)   Post Evacuate Collection Set: 0.49ms
[500.317s][info][gc,phases   ] GC(970)   Other: 0.09ms
[500.317s][info][gc,heap     ] GC(970) Eden regions: 73->0(87)
[500.317s][info][gc,heap     ] GC(970) Survivor regions: 11->10(11)
[500.317s][info][gc,heap     ] GC(970) Old regions: 160->142
[500.317s][info][gc,heap     ] GC(970) Humongous regions: 7->3
[500.317s][info][gc,metaspace] GC(970) Metaspace: 43094K(43520K)->43094K(43520K) NonClass: 38751K(38976K)->38751K(38976K) Class: 4343K(4544K)->4343K(4544K)
[500.317s][info][gc          ] GC(970) Pause Young (Mixed) (G1 Evacuation Pause) 249M->154M(292M) 27.388ms
[500.317s][info][gc,cpu      ] GC(970) User=0.05s Sys=0.00s Real=0.03s
[500.652s][info][gc,start    ] GC(971) Pause Young (Mixed) (G1 Evacuation Pause)
[500.652s][info][gc,task     ] GC(971) Using 2 workers of 2 for evacuation
[500.692s][info][gc,phases   ] GC(971)   Pre Evacuate Collection Set: 0.22ms
[500.692s][info][gc,phases   ] GC(971)   Merge Heap Roots: 0.83ms
[500.692s][info][gc,phases   ] GC(971)   Evacuate Collection Set: 38.40ms
[500.692s][info][gc,phases   ] GC(971)   Post Evacuate Collection Set: 0.60ms
[500.692s][info][gc,phases   ] GC(971)   Other: 0.07ms
[500.692s][info][gc,heap     ] GC(971) Eden regions: 87->0(103)
[500.692s][info][gc,heap     ] GC(971) Survivor regions: 10->6(13)
[500.692s][info][gc,heap     ] GC(971) Old regions: 142->125
[500.692s][info][gc,heap     ] GC(971) Humongous regions: 9->3
[500.692s][info][gc,metaspace] GC(971) Metaspace: 43094K(43520K)->43094K(43520K) NonClass: 38751K(38976K)->38751K(38976K) Class: 4343K(4544K)->4343K(4544K)
[500.692s][info][gc          ] GC(971) Pause Young (Mixed) (G1 Evacuation Pause) 247M->133M(292M) 40.343ms
[500.692s][info][gc,cpu      ] GC(971) User=0.08s Sys=0.00s Real=0.04s
[500.818s][info][gc,start    ] GC(972) Pause Young (Concurrent Start) (G1 Humongous Allocation)
[500.818s][info][gc,task     ] GC(972) Using 2 workers of 2 for evacuation
[500.824s][info][gc,phases   ] GC(972)   Pre Evacuate Collection Set: 0.19ms
[500.824s][info][gc,phases   ] GC(972)   Merge Heap Roots: 0.09ms
[500.824s][info][gc,phases   ] GC(972)   Evacuate Collection Set: 3.87ms
[500.824s][info][gc,phases   ] GC(972)   Post Evacuate Collection Set: 1.36ms
[500.824s][info][gc,phases   ] GC(972)   Other: 0.09ms
[500.824s][info][gc,heap     ] GC(972) Eden regions: 42->0(192)
[500.824s][info][gc,heap     ] GC(972) Survivor regions: 6->5(14)
[500.824s][info][gc,heap     ] GC(972) Old regions: 125->125
[500.824s][info][gc,heap     ] GC(972) Humongous regions: 3->1
[500.824s][info][gc,metaspace] GC(972) Metaspace: 43094K(43520K)->43094K(43520K) NonClass: 38751K(38976K)->38751K(38976K) Class: 4343K(4544K)->4343K(4544K)
[500.824s][info][gc          ] GC(972) Pause Young (Concurrent Start) (G1 Humongous Allocation) 175M->130M(425M) 5.777ms
[500.824s][info][gc,cpu      ] GC(972) User=0.01s Sys=0.00s Real=0.01s
[500.824s][info][gc          ] GC(973) Concurrent Undo Cycle
[500.824s][info][gc,marking  ] GC(973) Concurrent Clear Claimed Marks
[500.824s][info][gc,marking  ] GC(973) Concurrent Clear Claimed Marks 0.034ms
[500.824s][info][gc,marking  ] GC(973) Concurrent Cleanup for Next Mark
[500.827s][info][gc,marking  ] GC(973) Concurrent Cleanup for Next Mark 2.571ms
[500.827s][info][gc          ] GC(973) Concurrent Undo Cycle 2.667ms
[501.091s][info][gc,start    ] GC(974) Pause Young (Concurrent Start) (G1 Humongous Allocation)
[501.091s][info][gc,task     ] GC(974) Using 2 workers of 2 for evacuation
[501.123s][info][gc,phases   ] GC(974)   Pre Evacuate Collection Set: 0.24ms
[501.123s][info][gc,phases   ] GC(974)   Merge Heap Roots: 0.08ms
[501.123s][info][gc,phases   ] GC(974)   Evacuate Collection Set: 31.32ms
[501.123s][info][gc,phases   ] GC(974)   Post Evacuate Collection Set: 0.47ms
[501.123s][info][gc,phases   ] GC(974)   Other: 0.09ms
[501.123s][info][gc,heap     ] GC(974) Eden regions: 79->0(162)
[501.123s][info][gc,heap     ] GC(974) Survivor regions: 5->25(25)
[501.123s][info][gc,heap     ] GC(974) Old regions: 125->132
[501.123s][info][gc,heap     ] GC(974) Humongous regions: 3->3
[501.123s][info][gc,metaspace] GC(974) Metaspace: 43094K(43520K)->43094K(43520K) NonClass: 38751K(38976K)->38751K(38976K) Class: 4343K(4544K)->4343K(4544K)
[501.123s][info][gc          ] GC(974) Pause Young (Concurrent Start) (G1 Humongous Allocation) 210M->159M(425M) 32.406ms
[501.123s][info][gc          ] GC(975) Concurrent Mark Cycle
[501.123s][info][gc,marking  ] GC(975) Concurrent Scan Root Regions
[501.125s][info][gc,cpu      ] GC(974) User=0.04s Sys=0.02s Real=0.03s
[501.139s][info][gc,marking  ] GC(975) Concurrent Scan Root Regions 15.402ms
[501.139s][info][gc,marking  ] GC(975) Concurrent Mark
[501.139s][info][gc,marking  ] GC(975) Concurrent Mark From Roots
[501.139s][info][gc,task     ] GC(975) Using 1 workers of 1 for marking
[501.203s][info][gc,marking  ] GC(975) Concurrent Mark From Roots 64.585ms
[501.203s][info][gc,marking  ] GC(975) Concurrent Preclean
[501.203s][info][gc,marking  ] GC(975) Concurrent Preclean 0.042ms
[501.203s][info][gc,start    ] GC(975) Pause Remark
[501.220s][info][gc          ] GC(975) Pause Remark 178M->155M(425M) 17.004ms
[501.221s][info][gc,cpu      ] GC(975) User=0.03s Sys=0.00s Real=0.02s
[501.221s][info][gc,marking  ] GC(975) Concurrent Mark 82.007ms
[501.221s][info][gc,marking  ] GC(975) Concurrent Rebuild Remembered Sets and Scrub Regions
[501.255s][info][gc,marking  ] GC(975) Concurrent Rebuild Remembered Sets and Scrub Regions 34.318ms
[501.255s][info][gc,start    ] GC(975) Pause Cleanup
[501.255s][info][gc          ] GC(975) Pause Cleanup 163M->163M(425M) 0.071ms
[501.255s][info][gc,cpu      ] GC(975) User=0.00s Sys=0.00s Real=0.00s
[501.255s][info][gc,marking  ] GC(975) Concurrent Clear Claimed Marks
[501.255s][info][gc,marking  ] GC(975) Concurrent Clear Claimed Marks 0.040ms
[501.255s][info][gc,marking  ] GC(975) Concurrent Cleanup for Next Mark
[501.258s][info][gc,marking  ] GC(975) Concurrent Cleanup for Next Mark 2.586ms
[501.258s][info][gc          ] GC(975) Concurrent Mark Cycle 134.755ms
[501.740s][info][gc,start    ] GC(976) Pause Young (Prepare Mixed) (G1 Evacuation Pause)
[501.740s][info][gc,task     ] GC(976) Using 2 workers of 2 for evacuation
[501.769s][info][gc,phases   ] GC(976)   Pre Evacuate Collection Set: 0.22ms
[501.769s][info][gc,phases   ] GC(976)   Merge Heap Roots: 0.13ms
[501.769s][info][gc,phases   ] GC(976)   Evacuate Collection Set: 28.31ms
[501.769s][info][gc,phases   ] GC(976)   Post Evacuate Collection Set: 0.48ms
[501.769s][info][gc,phases   ] GC(976)   Other: 0.08ms
[501.769s][info][gc,heap     ] GC(976) Eden regions: 162->0(165)
[501.769s][info][gc,heap     ] GC(976) Survivor regions: 25->24(24)
[501.769s][info][gc,heap     ] GC(976) Old regions: 109->128
[501.769s][info][gc,heap     ] GC(976) Humongous regions: 5->4
[501.769s][info][gc,metaspace] GC(976) Metaspace: 43094K(43520K)->43094K(43520K) NonClass: 38751K(38976K)->38751K(38976K) Class: 4343K(4544K)->4343K(4544K)
[501.769s][info][gc          ] GC(976) Pause Young (Prepare Mixed) (G1 Evacuation Pause) 300M->155M(425M) 29.432ms
[501.769s][info][gc,cpu      ] GC(976) User=0.06s Sys=0.00s Real=0.03s
[502.304s][info][gc,start    ] GC(977) Pause Young (Mixed) (G1 Evacuation Pause)
[502.304s][info][gc,task     ] GC(977) Using 2 workers of 2 for evacuation
[502.325s][info][gc,phases   ] GC(977)   Pre Evacuate Collection Set: 0.24ms
[502.325s][info][gc,phases   ] GC(977)   Merge Heap Roots: 0.16ms
[502.325s][info][gc,phases   ] GC(977)   Evacuate Collection Set: 19.76ms
[502.325s][info][gc,phases   ] GC(977)   Post Evacuate Collection Set: 0.52ms
[502.325s][info][gc,phases   ] GC(977)   Other: 0.10ms
[502.325s][info][gc,heap     ] GC(977) Eden regions: 165->0(191)
[502.325s][info][gc,heap     ] GC(977) Survivor regions: 24->12(24)
[502.325s][info][gc,heap     ] GC(977) Old regions: 128->103
[502.325s][info][gc,heap     ] GC(977) Humongous regions: 6->5
[502.325s][info][gc,metaspace] GC(977) Metaspace: 43094K(43520K)->43094K(43520K) NonClass: 38751K(38976K)->38751K(38976K) Class: 4343K(4544K)->4343K(4544K)
[502.325s][info][gc          ] GC(977) Pause Young (Mixed) (G1 Evacuation Pause) 322M->119M(425M) 20.991ms
[502.325s][info][gc,cpu      ] GC(977) User=0.04s Sys=0.00s Real=0.02s
[502.964s][info][gc,start    ] GC(978) Pause Young (Mixed) (G1 Evacuation Pause)
[502.964s][info][gc,task     ] GC(978) Using 2 workers of 2 for evacuation
[502.996s][info][gc,phases   ] GC(978)   Pre Evacuate Collection Set: 0.20ms
[502.996s][info][gc,phases   ] GC(978)   Merge Heap Roots: 0.12ms
[502.996s][info][gc,phases   ] GC(978)   Evacuate Collection Set: 30.87ms
[502.996s][info][gc,phases   ] GC(978)   Post Evacuate Collection Set: 0.53ms
[502.996s][info][gc,phases   ] GC(978)   Other: 0.08ms
[502.996s][info][gc,heap     ] GC(978) Eden regions: 191->0(172)
[502.996s][info][gc,heap     ] GC(978) Survivor regions: 12->26(26)
[502.996s][info][gc,heap     ] GC(978) Old regions: 103->116
[502.996s][info][gc,heap     ] GC(978) Humongous regions: 5->4
[502.996s][info][gc,metaspace] GC(978) Metaspace: 43094K(43520K)->43094K(43520K) NonClass: 38751K(38976K)->38751K(38976K) Class: 4343K(4544K)->4343K(4544K)
[502.996s][info][gc          ] GC(978) Pause Young (Mixed) (G1 Evacuation Pause) 310M->145M(425M) 32.060ms
[502.996s][info][gc,cpu      ] GC(978) User=0.06s Sys=0.01s Real=0.03s
[503.234s][info][gc,start    ] GC(979) Pause Young (Concurrent Start) (G1 Humongous Allocation)
[503.235s][info][gc,task     ] GC(979) Using 2 workers of 2 for evacuation
[503.276s][info][gc,phases   ] GC(979)   Pre Evacuate Collection Set: 0.23ms
[503.276s][info][gc,phases   ] GC(979)   Merge Heap Roots: 0.15ms
[503.276s][info][gc,phases   ] GC(979)   Evacuate Collection Set: 40.29ms
[503.276s][info][gc,phases   ] GC(979)   Post Evacuate Collection Set: 0.48ms
[503.276s][info][gc,phases   ] GC(979)   Other: 0.09ms
[503.276s][info][gc,heap     ] GC(979) Eden regions: 68->0(140)
[503.276s][info][gc,heap     ] GC(979) Survivor regions: 26->25(25)
[503.276s][info][gc,heap     ] GC(979) Old regions: 116->154
[503.276s][info][gc,heap     ] GC(979) Humongous regions: 4->4
[503.276s][info][gc,metaspace] GC(979) Metaspace: 43094K(43520K)->43094K(43520K) NonClass: 38751K(38976K)->38751K(38976K) Class: 4343K(4544K)->4343K(4544K)
[503.276s][info][gc          ] GC(979) Pause Young (Concurrent Start) (G1 Humongous Allocation) 213M->182M(425M) 41.448ms
[503.276s][info][gc,cpu      ] GC(979) User=0.08s Sys=0.00s Real=0.04s
[503.276s][info][gc          ] GC(980) Concurrent Mark Cycle
[503.276s][info][gc,marking  ] GC(980) Concurrent Scan Root Regions
[503.300s][info][gc,marking  ] GC(980) Concurrent Scan Root Regions 24.439ms
[503.301s][info][gc,marking  ] GC(980) Concurrent Mark
[503.301s][info][gc,marking  ] GC(980) Concurrent Mark From Roots
[503.301s][info][gc,task     ] GC(980) Using 1 workers of 1 for marking
[503.384s][info][gc,marking  ] GC(980) Concurrent Mark From Roots 83.210ms
[503.384s][info][gc,marking  ] GC(980) Concurrent Preclean
[503.384s][info][gc,marking  ] GC(980) Concurrent Preclean 0.059ms
[503.384s][info][gc,start    ] GC(980) Pause Remark
[503.401s][info][gc          ] GC(980) Pause Remark 203M->188M(425M) 17.016ms
[503.401s][info][gc,cpu      ] GC(980) User=0.03s Sys=0.00s Real=0.02s
[503.401s][info][gc,marking  ] GC(980) Concurrent Mark 100.596ms
[503.401s][info][gc,marking  ] GC(980) Concurrent Rebuild Remembered Sets and Scrub Regions
[503.458s][info][gc,marking  ] GC(980) Concurrent Rebuild Remembered Sets and Scrub Regions 57.194ms
[503.459s][info][gc,start    ] GC(980) Pause Cleanup
[503.459s][info][gc          ] GC(980) Pause Cleanup 201M->201M(425M) 0.070ms
[503.459s][info][gc,cpu      ] GC(980) User=0.00s Sys=0.00s Real=0.00s
[503.459s][info][gc,marking  ] GC(980) Concurrent Clear Claimed Marks
[503.459s][info][gc,marking  ] GC(980) Concurrent Clear Claimed Marks 0.043ms
[503.459s][info][gc,marking  ] GC(980) Concurrent Cleanup for Next Mark
[503.460s][info][gc,marking  ] GC(980) Concurrent Cleanup for Next Mark 1.273ms
[503.460s][info][gc          ] GC(980) Concurrent Mark Cycle 183.959ms
[503.802s][info][gc,start    ] GC(981) Pause Young (Prepare Mixed) (G1 Evacuation Pause)
[503.803s][info][gc,task     ] GC(981) Using 2 workers of 2 for evacuation
[503.846s][info][gc,phases   ] GC(981)   Pre Evacuate Collection Set: 0.19ms
[503.846s][info][gc,phases   ] GC(981)   Merge Heap Roots: 0.27ms
[503.846s][info][gc,phases   ] GC(981)   Evacuate Collection Set: 42.76ms
[503.846s][info][gc,phases   ] GC(981)   Post Evacuate Collection Set: 0.49ms
[503.846s][info][gc,phases   ] GC(981)   Other: 0.11ms
[503.847s][info][gc,heap     ] GC(981) Eden regions: 140->0(123)
[503.847s][info][gc,heap     ] GC(981) Survivor regions: 25->21(21)
[503.847s][info][gc,heap     ] GC(981) Old regions: 140->183
[503.847s][info][gc,heap     ] GC(981) Humongous regions: 4->4
[503.847s][info][gc,metaspace] GC(981) Metaspace: 43094K(43520K)->43094K(43520K) NonClass: 38751K(38976K)->38751K(38976K) Class: 4343K(4544K)->4343K(4544K)
[503.847s][info][gc          ] GC(981) Pause Young (Prepare Mixed) (G1 Evacuation Pause) 308M->207M(425M) 44.073ms
[503.847s][info][gc,cpu      ] GC(981) User=0.09s Sys=0.00s Real=0.04s
[504.250s][info][gc,start    ] GC(982) Pause Young (Mixed) (G1 Evacuation Pause)
[504.250s][info][gc,task     ] GC(982) Using 2 workers of 2 for evacuation
[504.309s][info][gc,phases   ] GC(982)   Pre Evacuate Collection Set: 0.36ms
[504.309s][info][gc,phases   ] GC(982)   Merge Heap Roots: 0.30ms
[504.309s][info][gc,phases   ] GC(982)   Evacuate Collection Set: 57.20ms
[504.309s][info][gc,phases   ] GC(982)   Post Evacuate Collection Set: 0.55ms
[504.309s][info][gc,phases   ] GC(982)   Other: 0.07ms
[504.309s][info][gc,heap     ] GC(982) Eden regions: 123->0(82)
[504.309s][info][gc,heap     ] GC(982) Survivor regions: 21->18(18)
[504.309s][info][gc,heap     ] GC(982) Old regions: 183->217
[504.309s][info][gc,heap     ] GC(982) Humongous regions: 5->5
[504.309s][info][gc,metaspace] GC(982) Metaspace: 43094K(43520K)->43094K(43520K) NonClass: 38751K(38976K)->38751K(38976K) Class: 4343K(4544K)->4343K(4544K)
[504.309s][info][gc          ] GC(982) Pause Young (Mixed) (G1 Evacuation Pause) 331M->239M(425M) 58.717ms
[504.309s][info][gc,cpu      ] GC(982) User=0.12s Sys=0.00s Real=0.06s
[504.626s][info][gc,start    ] GC(983) Pause Young (Concurrent Start) (G1 Evacuation Pause)
[504.626s][info][gc,task     ] GC(983) Using 2 workers of 2 for evacuation
[504.678s][info][gc,phases   ] GC(983)   Pre Evacuate Collection Set: 0.25ms
[504.678s][info][gc,phases   ] GC(983)   Merge Heap Roots: 0.28ms
[504.678s][info][gc,phases   ] GC(983)   Evacuate Collection Set: 51.63ms
[504.678s][info][gc,phases   ] GC(983)   Post Evacuate Collection Set: 0.46ms
[504.678s][info][gc,phases   ] GC(983)   Other: 0.09ms
[504.678s][info][gc,heap     ] GC(983) Eden regions: 82->0(55)
[504.678s][info][gc,heap     ] GC(983) Survivor regions: 18->13(13)
[504.678s][info][gc,heap     ] GC(983) Old regions: 217->272
[504.678s][info][gc,heap     ] GC(983) Humongous regions: 5->5
[504.678s][info][gc,metaspace] GC(983) Metaspace: 43094K(43520K)->43094K(43520K) NonClass: 38751K(38976K)->38751K(38976K) Class: 4343K(4544K)->4343K(4544K)
[504.678s][info][gc          ] GC(983) Pause Young (Concurrent Start) (G1 Evacuation Pause) 321M->289M(425M) 52.955ms
[504.678s][info][gc,cpu      ] GC(983) User=0.11s Sys=0.00s Real=0.05s
[504.679s][info][gc          ] GC(984) Concurrent Mark Cycle
[504.679s][info][gc,marking  ] GC(984) Concurrent Scan Root Regions
[504.708s][info][gc,marking  ] GC(984) Concurrent Scan Root Regions 29.927ms
[504.709s][info][gc,marking  ] GC(984) Concurrent Mark
[504.709s][info][gc,marking  ] GC(984) Concurrent Mark From Roots
[504.709s][info][gc,task     ] GC(984) Using 1 workers of 1 for marking
[504.842s][info][gc,marking  ] GC(984) Concurrent Mark From Roots 133.080ms
[504.842s][info][gc,marking  ] GC(984) Concurrent Preclean
[504.842s][info][gc,marking  ] GC(984) Concurrent Preclean 0.065ms
[504.842s][info][gc,start    ] GC(984) Pause Remark
[504.859s][info][gc          ] GC(984) Pause Remark 334M->291M(425M) 17.093ms
[504.859s][info][gc,cpu      ] GC(984) User=0.03s Sys=0.00s Real=0.01s
[504.859s][info][gc,marking  ] GC(984) Concurrent Mark 150.597ms
[504.859s][info][gc,marking  ] GC(984) Concurrent Rebuild Remembered Sets and Scrub Regions
[504.912s][info][gc,start    ] GC(985) Pause Young (Normal) (G1 Evacuation Pause)
[504.912s][info][gc,task     ] GC(985) Using 2 workers of 2 for evacuation
[504.948s][info][gc,phases   ] GC(985)   Pre Evacuate Collection Set: 0.20ms
[504.948s][info][gc,phases   ] GC(985)   Merge Heap Roots: 0.26ms
[504.948s][info][gc,phases   ] GC(985)   Evacuate Collection Set: 34.23ms
[504.948s][info][gc,phases   ] GC(985)   Post Evacuate Collection Set: 0.42ms
[504.948s][info][gc,phases   ] GC(985)   Other: 0.09ms
[504.948s][info][gc,heap     ] GC(985) Eden regions: 55->0(58)
[504.948s][info][gc,heap     ] GC(985) Survivor regions: 13->9(9)
[504.948s][info][gc,heap     ] GC(985) Old regions: 230->268
[504.948s][info][gc,heap     ] GC(985) Humongous regions: 5->5
[504.948s][info][gc,metaspace] GC(985) Metaspace: 43094K(43520K)->43094K(43520K) NonClass: 38751K(38976K)->38751K(38976K) Class: 4343K(4544K)->4343K(4544K)
[504.948s][info][gc          ] GC(985) Pause Young (Normal) (G1 Evacuation Pause) 302M->281M(425M) 35.392ms
[504.948s][info][gc,cpu      ] GC(985) User=0.07s Sys=0.00s Real=0.03s
[504.993s][info][gc,marking  ] GC(984) Concurrent Rebuild Remembered Sets and Scrub Regions 133.988ms
[504.993s][info][gc,start    ] GC(984) Pause Cleanup
[504.993s][info][gc          ] GC(984) Pause Cleanup 290M->290M(425M) 0.112ms
[504.993s][info][gc,cpu      ] GC(984) User=0.00s Sys=0.00s Real=0.00s
[504.993s][info][gc,marking  ] GC(984) Concurrent Clear Claimed Marks
[504.993s][info][gc,marking  ] GC(984) Concurrent Clear Claimed Marks 0.043ms
[504.994s][info][gc,marking  ] GC(984) Concurrent Cleanup for Next Mark
[504.995s][info][gc,marking  ] GC(984) Concurrent Cleanup for Next Mark 1.249ms
[504.995s][info][gc          ] GC(984) Concurrent Mark Cycle 316.246ms
[505.182s][info][gc,start    ] GC(986) Pause Young (Prepare Mixed) (G1 Evacuation Pause)
[505.182s][info][gc,task     ] GC(986) Using 2 workers of 2 for evacuation
[505.222s][info][gc,phases   ] GC(986)   Pre Evacuate Collection Set: 0.20ms
[505.222s][info][gc,phases   ] GC(986)   Merge Heap Roots: 0.27ms
[505.222s][info][gc,phases   ] GC(986)   Evacuate Collection Set: 38.72ms
[505.222s][info][gc,phases   ] GC(986)   Post Evacuate Collection Set: 0.44ms
[505.222s][info][gc,phases   ] GC(986)   Other: 0.09ms
[505.222s][info][gc,heap     ] GC(986) Eden regions: 58->0(40)
[505.222s][info][gc,heap     ] GC(986) Survivor regions: 9->9(9)
[505.222s][info][gc,heap     ] GC(986) Old regions: 268->306
[505.222s][info][gc,heap     ] GC(986) Humongous regions: 5->5
[505.222s][info][gc,metaspace] GC(986) Metaspace: 43094K(43520K)->43094K(43520K) NonClass: 38751K(38976K)->38751K(38976K) Class: 4343K(4544K)->4343K(4544K)
[505.222s][info][gc          ] GC(986) Pause Young (Prepare Mixed) (G1 Evacuation Pause) 339M->319M(425M) 39.986ms
[505.222s][info][gc,cpu      ] GC(986) User=0.08s Sys=0.00s Real=0.04s
[505.345s][info][gc,start    ] GC(987) Pause Young (Mixed) (G1 Evacuation Pause)
[505.346s][info][gc,task     ] GC(987) Using 2 workers of 2 for evacuation
[505.384s][info][gc,phases   ] GC(987)   Pre Evacuate Collection Set: 0.22ms
[505.384s][info][gc,phases   ] GC(987)   Merge Heap Roots: 0.30ms
[505.384s][info][gc,phases   ] GC(987)   Evacuate Collection Set: 37.16ms
[505.384s][info][gc,phases   ] GC(987)   Post Evacuate Collection Set: 1.08ms
[505.384s][info][gc,phases   ] GC(987)   Other: 0.10ms
[505.384s][info][gc,heap     ] GC(987) Eden regions: 40->0(81)
[505.384s][info][gc,heap     ] GC(987) Survivor regions: 9->7(7)
[505.384s][info][gc,heap     ] GC(987) Old regions: 306->298
[505.384s][info][gc,heap     ] GC(987) Humongous regions: 5->5
[505.385s][info][gc,metaspace] GC(987) Metaspace: 43094K(43520K)->43094K(43520K) NonClass: 38751K(38976K)->38751K(38976K) Class: 4343K(4544K)->4343K(4544K)
[505.385s][info][gc          ] GC(987) Pause Young (Mixed) (G1 Evacuation Pause) 359M->309M(512M) 39.099ms
[505.385s][info][gc,cpu      ] GC(987) User=0.08s Sys=0.00s Real=0.04s
[505.756s][info][gc,start    ] GC(988) Pause Young (Mixed) (G1 Evacuation Pause)
[505.756s][info][gc,task     ] GC(988) Using 2 workers of 2 for evacuation
[505.830s][info][gc,phases   ] GC(988)   Pre Evacuate Collection Set: 0.37ms
[505.830s][info][gc,phases   ] GC(988)   Merge Heap Roots: 0.82ms
[505.830s][info][gc,phases   ] GC(988)   Evacuate Collection Set: 72.42ms
[505.830s][info][gc,phases   ] GC(988)   Post Evacuate Collection Set: 0.47ms
[505.830s][info][gc,phases   ] GC(988)   Other: 0.07ms
[505.830s][info][gc,heap     ] GC(988) Eden regions: 81->0(71)
[505.830s][info][gc,heap     ] GC(988) Survivor regions: 7->11(11)
[505.830s][info][gc,heap     ] GC(988) Old regions: 298->320
[505.830s][info][gc,heap     ] GC(988) Humongous regions: 6->6
[505.830s][info][gc,metaspace] GC(988) Metaspace: 43094K(43520K)->43094K(43520K) NonClass: 38751K(38976K)->38751K(38976K) Class: 4343K(4544K)->4343K(4544K)
[505.830s][info][gc          ] GC(988) Pause Young (Mixed) (G1 Evacuation Pause) 391M->336M(512M) 74.410ms
[505.830s][info][gc,cpu      ] GC(988) User=0.13s Sys=0.01s Real=0.08s
[506.023s][info][gc,start    ] GC(989) Pause Young (Concurrent Start) (G1 Humongous Allocation)
[506.023s][info][gc,task     ] GC(989) Using 2 workers of 2 for evacuation
[506.057s][info][gc,phases   ] GC(989)   Pre Evacuate Collection Set: 0.28ms
[506.057s][info][gc,phases   ] GC(989)   Merge Heap Roots: 0.22ms
[506.057s][info][gc,phases   ] GC(989)   Evacuate Collection Set: 32.89ms
[506.057s][info][gc,phases   ] GC(989)   Post Evacuate Collection Set: 0.41ms
[506.057s][info][gc,phases   ] GC(989)   Other: 0.09ms
[506.057s][info][gc,heap     ] GC(989) Eden regions: 58->0(57)
[506.057s][info][gc,heap     ] GC(989) Survivor regions: 11->11(11)
[506.057s][info][gc,heap     ] GC(989) Old regions: 320->354
[506.057s][info][gc,heap     ] GC(989) Humongous regions: 6->6
[506.057s][info][gc,metaspace] GC(989) Metaspace: 43094K(43520K)->43094K(43520K) NonClass: 38751K(38976K)->38751K(38976K) Class: 4343K(4544K)->4343K(4544K)
[506.057s][info][gc          ] GC(989) Pause Young (Concurrent Start) (G1 Humongous Allocation) 394M->370M(512M) 34.124ms
[506.057s][info][gc,cpu      ] GC(989) User=0.07s Sys=0.00s Real=0.03s
[506.057s][info][gc          ] GC(990) Concurrent Mark Cycle
[506.057s][info][gc,marking  ] GC(990) Concurrent Scan Root Regions
[506.075s][info][gc,marking  ] GC(990) Concurrent Scan Root Regions 18.151ms
[506.075s][info][gc,marking  ] GC(990) Concurrent Mark
[506.075s][info][gc,marking  ] GC(990) Concurrent Mark From Roots
[506.075s][info][gc,task     ] GC(990) Using 1 workers of 1 for marking
[506.194s][info][gc,marking  ] GC(990) Concurrent Mark From Roots 118.312ms
[506.194s][info][gc,marking  ] GC(990) Concurrent Preclean
[506.194s][info][gc,marking  ] GC(990) Concurrent Preclean 0.065ms
[506.194s][info][gc,start    ] GC(990) Pause Remark
[506.211s][info][gc          ] GC(990) Pause Remark 404M->311M(512M) 16.930ms
[506.211s][info][gc,cpu      ] GC(990) User=0.03s Sys=0.00s Real=0.02s
[506.211s][info][gc,marking  ] GC(990) Concurrent Mark 135.635ms
[506.211s][info][gc,marking  ] GC(990) Concurrent Rebuild Remembered Sets and Scrub Regions
[506.290s][info][gc,marking  ] GC(990) Concurrent Rebuild Remembered Sets and Scrub Regions 79.451ms
[506.291s][info][gc,start    ] GC(990) Pause Cleanup
[506.291s][info][gc          ] GC(990) Pause Cleanup 330M->330M(512M) 0.106ms
[506.291s][info][gc,cpu      ] GC(990) User=0.00s Sys=0.00s Real=0.00s
[506.291s][info][gc,marking  ] GC(990) Concurrent Clear Claimed Marks
[506.291s][info][gc,marking  ] GC(990) Concurrent Clear Claimed Marks 0.043ms
[506.291s][info][gc,marking  ] GC(990) Concurrent Cleanup for Next Mark
[506.293s][info][gc,marking  ] GC(990) Concurrent Cleanup for Next Mark 2.386ms
[506.293s][info][gc          ] GC(990) Concurrent Mark Cycle 236.194ms
[506.308s][info][gc,start    ] GC(991) Pause Young (Prepare Mixed) (G1 Evacuation Pause)
[506.308s][info][gc,task     ] GC(991) Using 2 workers of 2 for evacuation
[506.325s][info][gc,phases   ] GC(991)   Pre Evacuate Collection Set: 0.22ms
[506.325s][info][gc,phases   ] GC(991)   Merge Heap Roots: 0.24ms
[506.325s][info][gc,phases   ] GC(991)   Evacuate Collection Set: 15.65ms
[506.325s][info][gc,phases   ] GC(991)   Post Evacuate Collection Set: 0.48ms
[506.325s][info][gc,phases   ] GC(991)   Other: 0.09ms
[506.325s][info][gc,heap     ] GC(991) Eden regions: 57->0(95)
[506.325s][info][gc,heap     ] GC(991) Survivor regions: 11->9(9)
[506.325s][info][gc,heap     ] GC(991) Old regions: 263->272
[506.325s][info][gc,heap     ] GC(991) Humongous regions: 5->5
[506.325s][info][gc,metaspace] GC(991) Metaspace: 43094K(43520K)->43094K(43520K) NonClass: 38751K(38976K)->38751K(38976K) Class: 4343K(4544K)->4343K(4544K)
[506.325s][info][gc          ] GC(991) Pause Young (Prepare Mixed) (G1 Evacuation Pause) 335M->285M(512M) 16.844ms
[506.325s][info][gc,cpu      ] GC(991) User=0.03s Sys=0.00s Real=0.02s
[506.657s][info][gc,start    ] GC(992) Pause Young (Mixed) (G1 Evacuation Pause)
[506.657s][info][gc,task     ] GC(992) Using 2 workers of 2 for evacuation
[506.668s][info][gc,phases   ] GC(992)   Pre Evacuate Collection Set: 0.35ms
[506.668s][info][gc,phases   ] GC(992)   Merge Heap Roots: 0.17ms
[506.668s][info][gc,phases   ] GC(992)   Evacuate Collection Set: 9.99ms
[506.668s][info][gc,phases   ] GC(992)   Post Evacuate Collection Set: 0.45ms
[506.668s][info][gc,phases   ] GC(992)   Other: 0.07ms
[506.668s][info][gc,heap     ] GC(992) Eden regions: 95->0(126)
[506.668s][info][gc,heap     ] GC(992) Survivor regions: 9->3(13)
[506.668s][info][gc,heap     ] GC(992) Old regions: 272->226
[506.668s][info][gc,heap     ] GC(992) Humongous regions: 5->5
[506.668s][info][gc,metaspace] GC(992) Metaspace: 43094K(43520K)->43094K(43520K) NonClass: 38751K(38976K)->38751K(38976K) Class: 4343K(4544K)->4343K(4544K)
[506.668s][info][gc          ] GC(992) Pause Young (Mixed) (G1 Evacuation Pause) 380M->233M(512M) 11.260ms
[506.668s][info][gc,cpu      ] GC(992) User=0.02s Sys=0.01s Real=0.01s
[507.112s][info][gc,start    ] GC(993) Pause Young (Mixed) (G1 Evacuation Pause)
[507.112s][info][gc,task     ] GC(993) Using 2 workers of 2 for evacuation
[507.137s][info][gc,phases   ] GC(993)   Pre Evacuate Collection Set: 0.37ms
[507.137s][info][gc,phases   ] GC(993)   Merge Heap Roots: 0.26ms
[507.137s][info][gc,phases   ] GC(993)   Evacuate Collection Set: 23.19ms
[507.137s][info][gc,phases   ] GC(993)   Post Evacuate Collection Set: 0.54ms
[507.137s][info][gc,phases   ] GC(993)   Other: 0.08ms
[507.137s][info][gc,heap     ] GC(993) Eden regions: 126->0(143)
[507.137s][info][gc,heap     ] GC(993) Survivor regions: 3->17(17)
[507.137s][info][gc,heap     ] GC(993) Old regions: 226->183
[507.137s][info][gc,heap     ] GC(993) Humongous regions: 6->6
[507.137s][info][gc,metaspace] GC(993) Metaspace: 43094K(43520K)->43094K(43520K) NonClass: 38751K(38976K)->38751K(38976K) Class: 4343K(4544K)->4343K(4544K)
[507.137s][info][gc          ] GC(993) Pause Young (Mixed) (G1 Evacuation Pause) 360M->204M(512M) 24.644ms
[507.137s][info][gc,cpu      ] GC(993) User=0.05s Sys=0.00s Real=0.02s
[507.635s][info][gc,start    ] GC(994) Pause Young (Mixed) (G1 Evacuation Pause)
[507.635s][info][gc,task     ] GC(994) Using 2 workers of 2 for evacuation
[507.676s][info][gc,phases   ] GC(994)   Pre Evacuate Collection Set: 0.37ms
[507.676s][info][gc,phases   ] GC(994)   Merge Heap Roots: 0.57ms
[507.676s][info][gc,phases   ] GC(994)   Evacuate Collection Set: 39.14ms
[507.676s][info][gc,phases   ] GC(994)   Post Evacuate Collection Set: 0.47ms
[507.676s][info][gc,phases   ] GC(994)   Other: 0.07ms
[507.676s][info][gc,heap     ] GC(994) Eden regions: 143->0(145)
[507.676s][info][gc,heap     ] GC(994) Survivor regions: 17->20(20)
[507.676s][info][gc,heap     ] GC(994) Old regions: 183->189
[507.676s][info][gc,heap     ] GC(994) Humongous regions: 7->6
[507.676s][info][gc,metaspace] GC(994) Metaspace: 43094K(43520K)->43094K(43520K) NonClass: 38751K(38976K)->38751K(38976K) Class: 4343K(4544K)->4343K(4544K)
[507.676s][info][gc          ] GC(994) Pause Young (Mixed) (G1 Evacuation Pause) 348M->214M(512M) 40.866ms
[507.676s][info][gc,cpu      ] GC(994) User=0.08s Sys=0.00s Real=0.04s
[508.149s][info][gc,start    ] GC(995) Pause Young (Normal) (G1 Evacuation Pause)
[508.149s][info][gc,task     ] GC(995) Using 2 workers of 2 for evacuation
[508.177s][info][gc,phases   ] GC(995)   Pre Evacuate Collection Set: 0.26ms
[508.177s][info][gc,phases   ] GC(995)   Merge Heap Roots: 0.16ms
[508.177s][info][gc,phases   ] GC(995)   Evacuate Collection Set: 26.32ms
[508.177s][info][gc,phases   ] GC(995)   Post Evacuate Collection Set: 0.53ms
[508.177s][info][gc,phases   ] GC(995)   Other: 0.07ms
[508.177s][info][gc,heap     ] GC(995) Eden regions: 145->0(145)
[508.177s][info][gc,heap     ] GC(995) Survivor regions: 20->20(21)
[508.177s][info][gc,heap     ] GC(995) Old regions: 189->209
[508.177s][info][gc,heap     ] GC(995) Humongous regions: 7->6
[508.177s][info][gc,metaspace] GC(995) Metaspace: 43094K(43520K)->43094K(43520K) NonClass: 38751K(38976K)->38751K(38976K) Class: 4343K(4544K)->4343K(4544K)
[508.177s][info][gc          ] GC(995) Pause Young (Normal) (G1 Evacuation Pause) 360M->234M(512M) 27.554ms
[508.177s][info][gc,cpu      ] GC(995) User=0.05s Sys=0.00s Real=0.03s
[508.187s][info][gc,start    ] GC(996) Pause Young (Concurrent Start) (G1 Humongous Allocation)
[508.187s][info][gc,task     ] GC(996) Using 2 workers of 2 for evacuation
[508.200s][info][gc,phases   ] GC(996)   Pre Evacuate Collection Set: 0.24ms
[508.200s][info][gc,phases   ] GC(996)   Merge Heap Roots: 0.08ms
[508.200s][info][gc,phases   ] GC(996)   Evacuate Collection Set: 11.82ms
[508.200s][info][gc,phases   ] GC(996)   Post Evacuate Collection Set: 0.35ms
[508.200s][info][gc,phases   ] GC(996)   Other: 0.08ms
[508.200s][info][gc,heap     ] GC(996) Eden regions: 4->0(137)
[508.200s][info][gc,heap     ] GC(996) Survivor regions: 20->2(21)
[508.200s][info][gc,heap     ] GC(996) Old regions: 209->228
[508.200s][info][gc,heap     ] GC(996) Humongous regions: 6->6
[508.200s][info][gc,metaspace] GC(996) Metaspace: 43094K(43520K)->43094K(43520K) NonClass: 38751K(38976K)->38751K(38976K) Class: 4343K(4544K)->4343K(4544K)
[508.200s][info][gc          ] GC(996) Pause Young (Concurrent Start) (G1 Humongous Allocation) 238M->235M(512M) 12.745ms
[508.200s][info][gc,cpu      ] GC(996) User=0.02s Sys=0.00s Real=0.01s
[508.200s][info][gc          ] GC(997) Concurrent Mark Cycle
[508.200s][info][gc,marking  ] GC(997) Concurrent Scan Root Regions
[508.208s][info][gc,marking  ] GC(997) Concurrent Scan Root Regions 8.626ms
[508.209s][info][gc,marking  ] GC(997) Concurrent Mark
[508.209s][info][gc,marking  ] GC(997) Concurrent Mark From Roots
[508.209s][info][gc,task     ] GC(997) Using 1 workers of 1 for marking
[508.309s][info][gc,marking  ] GC(997) Concurrent Mark From Roots 100.209ms
[508.309s][info][gc,marking  ] GC(997) Concurrent Preclean
[508.309s][info][gc,marking  ] GC(997) Concurrent Preclean 0.065ms
[508.309s][info][gc,start    ] GC(997) Pause Remark
[508.326s][info][gc          ] GC(997) Pause Remark 265M->189M(512M) 17.011ms
[508.326s][info][gc,cpu      ] GC(997) User=0.03s Sys=0.00s Real=0.02s
[508.326s][info][gc,marking  ] GC(997) Concurrent Mark 117.614ms
[508.326s][info][gc,marking  ] GC(997) Concurrent Rebuild Remembered Sets and Scrub Regions
[508.376s][info][gc,marking  ] GC(997) Concurrent Rebuild Remembered Sets and Scrub Regions 49.496ms
[508.376s][info][gc,start    ] GC(997) Pause Cleanup
[508.376s][info][gc          ] GC(997) Pause Cleanup 203M->203M(512M) 0.092ms
[508.376s][info][gc,cpu      ] GC(997) User=0.00s Sys=0.00s Real=0.00s
[508.376s][info][gc,marking  ] GC(997) Concurrent Clear Claimed Marks
[508.376s][info][gc,marking  ] GC(997) Concurrent Clear Claimed Marks 0.047ms
[508.376s][info][gc,marking  ] GC(997) Concurrent Cleanup for Next Mark
[508.378s][info][gc,marking  ] GC(997) Concurrent Cleanup for Next Mark 1.583ms
[508.378s][info][gc          ] GC(997) Concurrent Mark Cycle 177.729ms
[508.704s][info][gc,start    ] GC(998) Pause Young (Prepare Mixed) (G1 Evacuation Pause)
[508.705s][info][gc,task     ] GC(998) Using 2 workers of 2 for evacuation
[508.728s][info][gc,phases   ] GC(998)   Pre Evacuate Collection Set: 0.22ms
[508.728s][info][gc,phases   ] GC(998)   Merge Heap Roots: 0.11ms
[508.728s][info][gc,phases   ] GC(998)   Evacuate Collection Set: 22.90ms
[508.728s][info][gc,phases   ] GC(998)   Post Evacuate Collection Set: 0.46ms
[508.728s][info][gc,phases   ] GC(998)   Other: 0.08ms
[508.728s][info][gc,heap     ] GC(998) Eden regions: 137->0(159)
[508.728s][info][gc,heap     ] GC(998) Survivor regions: 2->18(18)
[508.728s][info][gc,heap     ] GC(998) Old regions: 154->171
[508.728s][info][gc,heap     ] GC(998) Humongous regions: 6->6
[508.728s][info][gc,metaspace] GC(998) Metaspace: 43094K(43520K)->43094K(43520K) NonClass: 38751K(38976K)->38751K(38976K) Class: 4343K(4544K)->4343K(4544K)
[508.728s][info][gc          ] GC(998) Pause Young (Prepare Mixed) (G1 Evacuation Pause) 298M->194M(512M) 24.019ms
[508.728s][info][gc,cpu      ] GC(998) User=0.05s Sys=0.00s Real=0.02s
[509.257s][info][gc,start    ] GC(999) Pause Young (Mixed) (G1 Evacuation Pause)
[509.257s][info][gc,task     ] GC(999) Using 2 workers of 2 for evacuation
[509.298s][info][gc,phases   ] GC(999)   Pre Evacuate Collection Set: 0.34ms
[509.298s][info][gc,phases   ] GC(999)   Merge Heap Roots: 0.27ms
[509.298s][info][gc,phases   ] GC(999)   Evacuate Collection Set: 39.65ms
[509.298s][info][gc,phases   ] GC(999)   Post Evacuate Collection Set: 0.53ms
[509.298s][info][gc,phases   ] GC(999)   Other: 0.09ms
[509.298s][info][gc,heap     ] GC(999) Eden regions: 159->0(167)
[509.298s][info][gc,heap     ] GC(999) Survivor regions: 18->23(23)
[509.298s][info][gc,heap     ] GC(999) Old regions: 171->159
[509.298s][info][gc,heap     ] GC(999) Humongous regions: 7->6
[509.298s][info][gc,metaspace] GC(999) Metaspace: 43094K(43520K)->43094K(43520K) NonClass: 38751K(38976K)->38751K(38976K) Class: 4343K(4544K)->4343K(4544K)
[509.298s][info][gc          ] GC(999) Pause Young (Mixed) (G1 Evacuation Pause) 354M->187M(512M) 41.121ms
[509.298s][info][gc,cpu      ] GC(999) User=0.08s Sys=0.00s Real=0.04s
[509.361s][info][gc,start    ] GC(1000) Pause Young (Concurrent Start) (G1 Humongous Allocation)
[509.361s][info][gc,task     ] GC(1000) Using 2 workers of 2 for evacuation
[509.380s][info][gc,phases   ] GC(1000)   Pre Evacuate Collection Set: 0.29ms
[509.380s][info][gc,phases   ] GC(1000)   Merge Heap Roots: 0.13ms
[509.380s][info][gc,phases   ] GC(1000)   Evacuate Collection Set: 18.15ms
[509.380s][info][gc,phases   ] GC(1000)   Post Evacuate Collection Set: 0.40ms
[509.380s][info][gc,phases   ] GC(1000)   Other: 0.09ms
[509.380s][info][gc,heap     ] GC(1000) Eden regions: 20->0(174)
[509.380s][info][gc,heap     ] GC(1000) Survivor regions: 23->5(24)
[509.380s][info][gc,heap     ] GC(1000) Old regions: 159->179
[509.380s][info][gc,heap     ] GC(1000) Humongous regions: 6->6
[509.380s][info][gc,metaspace] GC(1000) Metaspace: 43094K(43520K)->43094K(43520K) NonClass: 38751K(38976K)->38751K(38976K) Class: 4343K(4544K)->4343K(4544K)
[509.380s][info][gc          ] GC(1000) Pause Young (Concurrent Start) (G1 Humongous Allocation) 207M->189M(512M) 19.277ms
[509.380s][info][gc,cpu      ] GC(1000) User=0.03s Sys=0.00s Real=0.02s
[509.380s][info][gc          ] GC(1001) Concurrent Mark Cycle
[509.380s][info][gc,marking  ] GC(1001) Concurrent Scan Root Regions
[509.391s][info][gc,marking  ] GC(1001) Concurrent Scan Root Regions 10.882ms
[509.391s][info][gc,marking  ] GC(1001) Concurrent Mark
[509.391s][info][gc,marking  ] GC(1001) Concurrent Mark From Roots
[509.391s][info][gc,task     ] GC(1001) Using 1 workers of 1 for marking
[509.505s][info][gc,marking  ] GC(1001) Concurrent Mark From Roots 113.192ms
[509.505s][info][gc,marking  ] GC(1001) Concurrent Preclean
[509.505s][info][gc,marking  ] GC(1001) Concurrent Preclean 0.071ms
[509.505s][info][gc,start    ] GC(1001) Pause Remark
[509.522s][info][gc          ] GC(1001) Pause Remark 219M->211M(512M) 16.957ms
[509.522s][info][gc,cpu      ] GC(1001) User=0.03s Sys=0.00s Real=0.02s
[509.522s][info][gc,marking  ] GC(1001) Concurrent Mark 131.015ms
[509.522s][info][gc,marking  ] GC(1001) Concurrent Rebuild Remembered Sets and Scrub Regions
[509.584s][info][gc,marking  ] GC(1001) Concurrent Rebuild Remembered Sets and Scrub Regions 61.465ms
[509.584s][info][gc,start    ] GC(1001) Pause Cleanup
[509.584s][info][gc          ] GC(1001) Pause Cleanup 230M->230M(512M) 0.074ms
[509.584s][info][gc,cpu      ] GC(1001) User=0.00s Sys=0.00s Real=0.00s
[509.584s][info][gc,marking  ] GC(1001) Concurrent Clear Claimed Marks
[509.584s][info][gc,marking  ] GC(1001) Concurrent Clear Claimed Marks 0.042ms
[509.584s][info][gc,marking  ] GC(1001) Concurrent Cleanup for Next Mark
[509.586s][info][gc,marking  ] GC(1001) Concurrent Cleanup for Next Mark 1.502ms
[509.586s][info][gc          ] GC(1001) Concurrent Mark Cycle 205.271ms
[509.987s][info][gc,start    ] GC(1002) Pause Young (Prepare Mixed) (G1 Evacuation Pause)
[509.987s][info][gc,task     ] GC(1002) Using 2 workers of 2 for evacuation
[510.027s][info][gc,phases   ] GC(1002)   Pre Evacuate Collection Set: 0.23ms
[510.027s][info][gc,phases   ] GC(1002)   Merge Heap Roots: 0.18ms
[510.027s][info][gc,phases   ] GC(1002)   Evacuate Collection Set: 38.39ms
[510.027s][info][gc,phases   ] GC(1002)   Post Evacuate Collection Set: 0.57ms
[510.027s][info][gc,phases   ] GC(1002)   Other: 0.10ms
[510.027s][info][gc,heap     ] GC(1002) Eden regions: 174->0(154)
[510.027s][info][gc,heap     ] GC(1002) Survivor regions: 5->23(23)
[510.027s][info][gc,heap     ] GC(1002) Old regions: 173->203
[510.027s][info][gc,heap     ] GC(1002) Humongous regions: 8->6
[510.027s][info][gc,metaspace] GC(1002) Metaspace: 43094K(43520K)->43094K(43520K) NonClass: 38751K(38976K)->38751K(38976K) Class: 4343K(4544K)->4343K(4544K)
[510.027s][info][gc          ] GC(1002) Pause Young (Prepare Mixed) (G1 Evacuation Pause) 359M->231M(512M) 39.770ms
[510.027s][info][gc,cpu      ] GC(1002) User=0.08s Sys=0.00s Real=0.04s
[510.475s][info][gc,start    ] GC(1003) Pause Young (Mixed) (G1 Evacuation Pause)
[510.475s][info][gc,task     ] GC(1003) Using 2 workers of 2 for evacuation
[510.505s][info][gc,phases   ] GC(1003)   Pre Evacuate Collection Set: 0.26ms
[510.505s][info][gc,phases   ] GC(1003)   Merge Heap Roots: 0.53ms
[510.505s][info][gc,phases   ] GC(1003)   Evacuate Collection Set: 28.34ms
[510.505s][info][gc,phases   ] GC(1003)   Post Evacuate Collection Set: 0.52ms
[510.505s][info][gc,phases   ] GC(1003)   Other: 0.08ms
[510.505s][info][gc,heap     ] GC(1003) Eden regions: 154->0(189)
[510.505s][info][gc,heap     ] GC(1003) Survivor regions: 23->2(23)
[510.505s][info][gc,heap     ] GC(1003) Old regions: 203->175
[510.505s][info][gc,heap     ] GC(1003) Humongous regions: 6->6
[510.505s][info][gc,metaspace] GC(1003) Metaspace: 43094K(43520K)->43094K(43520K) NonClass: 38751K(38976K)->38751K(38976K) Class: 4343K(4544K)->4343K(4544K)
[510.505s][info][gc          ] GC(1003) Pause Young (Mixed) (G1 Evacuation Pause) 385M->182M(512M) 29.934ms
[510.505s][info][gc,cpu      ] GC(1003) User=0.06s Sys=0.00s Real=0.03s
[510.945s][info][gc,start    ] GC(1004) Pause Young (Concurrent Start) (G1 Humongous Allocation)
[510.946s][info][gc,task     ] GC(1004) Using 2 workers of 2 for evacuation
[510.949s][info][gc,phases   ] GC(1004)   Pre Evacuate Collection Set: 0.26ms
[510.949s][info][gc,phases   ] GC(1004)   Merge Heap Roots: 0.06ms
[510.949s][info][gc,phases   ] GC(1004)   Evacuate Collection Set: 2.34ms
[510.949s][info][gc,phases   ] GC(1004)   Post Evacuate Collection Set: 0.45ms
[510.949s][info][gc,phases   ] GC(1004)   Other: 0.09ms
[510.949s][info][gc,heap     ] GC(1004) Eden regions: 144->0(203)
[510.949s][info][gc,heap     ] GC(1004) Survivor regions: 2->3(24)
[510.949s][info][gc,heap     ] GC(1004) Old regions: 175->175
[510.949s][info][gc,heap     ] GC(1004) Humongous regions: 6->6
[510.949s][info][gc,metaspace] GC(1004) Metaspace: 43094K(43520K)->43094K(43520K) NonClass: 38751K(38976K)->38751K(38976K) Class: 4343K(4544K)->4343K(4544K)
[510.949s][info][gc          ] GC(1004) Pause Young (Concurrent Start) (G1 Humongous Allocation) 326M->183M(512M) 3.395ms
[510.949s][info][gc          ] GC(1005) Concurrent Mark Cycle
[510.949s][info][gc,marking  ] GC(1005) Concurrent Scan Root Regions
[510.950s][info][gc,marking  ] GC(1005) Concurrent Scan Root Regions 1.423ms
[510.950s][info][gc,marking  ] GC(1005) Concurrent Mark
[510.950s][info][gc,marking  ] GC(1005) Concurrent Mark From Roots
[510.950s][info][gc,task     ] GC(1005) Using 1 workers of 1 for marking
[510.950s][info][gc,cpu      ] GC(1004) User=0.00s Sys=0.00s Real=0.01s
[511.033s][info][gc,marking  ] GC(1005) Concurrent Mark From Roots 82.391ms
[511.033s][info][gc,marking  ] GC(1005) Concurrent Preclean
[511.033s][info][gc,marking  ] GC(1005) Concurrent Preclean 0.068ms
[511.033s][info][gc,start    ] GC(1005) Pause Remark
[511.051s][info][gc          ] GC(1005) Pause Remark 207M->131M(364M) 17.654ms
[511.051s][info][gc,cpu      ] GC(1005) User=0.03s Sys=0.00s Real=0.02s
[511.052s][info][gc,marking  ] GC(1005) Concurrent Mark 102.055ms
[511.052s][info][gc,marking  ] GC(1005) Concurrent Rebuild Remembered Sets and Scrub Regions
[511.086s][info][gc,marking  ] GC(1005) Concurrent Rebuild Remembered Sets and Scrub Regions 33.276ms
[511.086s][info][gc,start    ] GC(1005) Pause Cleanup
[511.086s][info][gc          ] GC(1005) Pause Cleanup 142M->142M(364M) 0.084ms
[511.086s][info][gc,cpu      ] GC(1005) User=0.00s Sys=0.00s Real=0.00s
[511.086s][info][gc,marking  ] GC(1005) Concurrent Clear Claimed Marks
[511.086s][info][gc,marking  ] GC(1005) Concurrent Clear Claimed Marks 0.041ms
[511.086s][info][gc,marking  ] GC(1005) Concurrent Cleanup for Next Mark
[511.087s][info][gc,marking  ] GC(1005) Concurrent Cleanup for Next Mark 1.060ms
[511.087s][info][gc          ] GC(1005) Concurrent Mark Cycle 138.240ms
[511.550s][info][gc,start    ] GC(1006) Pause Young (Prepare Mixed) (G1 Evacuation Pause)
[511.550s][info][gc,task     ] GC(1006) Using 2 workers of 2 for evacuation
[511.555s][info][gc,phases   ] GC(1006)   Pre Evacuate Collection Set: 0.26ms
[511.555s][info][gc,phases   ] GC(1006)   Merge Heap Roots: 0.09ms
[511.555s][info][gc,phases   ] GC(1006)   Evacuate Collection Set: 3.78ms
[511.555s][info][gc,phases   ] GC(1006)   Post Evacuate Collection Set: 0.48ms
[511.555s][info][gc,phases   ] GC(1006)   Other: 0.07ms
[511.555s][info][gc,heap     ] GC(1006) Eden regions: 203->0(176)
[511.555s][info][gc,heap     ] GC(1006) Survivor regions: 3->5(26)
[511.555s][info][gc,heap     ] GC(1006) Old regions: 102->102
[511.555s][info][gc,heap     ] GC(1006) Humongous regions: 4->1
[511.555s][info][gc,metaspace] GC(1006) Metaspace: 43094K(43520K)->43094K(43520K) NonClass: 38751K(38976K)->38751K(38976K) Class: 4343K(4544K)->4343K(4544K)
[511.555s][info][gc          ] GC(1006) Pause Young (Prepare Mixed) (G1 Evacuation Pause) 311M->107M(364M) 4.879ms
[511.555s][info][gc,cpu      ] GC(1006) User=0.01s Sys=0.00s Real=0.01s
[511.871s][info][gc,start    ] GC(1007) Pause Young (Mixed) (G1 Evacuation Pause)
[511.871s][info][gc,task     ] GC(1007) Using 2 workers of 2 for evacuation
[511.877s][info][gc,phases   ] GC(1007)   Pre Evacuate Collection Set: 0.19ms
[511.877s][info][gc,phases   ] GC(1007)   Merge Heap Roots: 0.09ms
[511.877s][info][gc,phases   ] GC(1007)   Evacuate Collection Set: 4.94ms
[511.877s][info][gc,phases   ] GC(1007)   Post Evacuate Collection Set: 0.47ms
[511.877s][info][gc,phases   ] GC(1007)   Other: 0.07ms
[511.877s][info][gc,heap     ] GC(1007) Eden regions: 176->0(201)
[511.877s][info][gc,heap     ] GC(1007) Survivor regions: 5->4(23)
[511.877s][info][gc,heap     ] GC(1007) Old regions: 102->73
[511.877s][info][gc,heap     ] GC(1007) Humongous regions: 1->1
[511.877s][info][gc,metaspace] GC(1007) Metaspace: 43094K(43520K)->43094K(43520K) NonClass: 38751K(38976K)->38751K(38976K) Class: 4343K(4544K)->4343K(4544K)
[511.877s][info][gc          ] GC(1007) Pause Young (Mixed) (G1 Evacuation Pause) 283M->76M(364M) 5.958ms
[511.877s][info][gc,cpu      ] GC(1007) User=0.01s Sys=0.00s Real=0.00s
[512.195s][info][gc,start    ] GC(1008) Pause Young (Concurrent Start) (G1 Humongous Allocation)
[512.195s][info][gc,task     ] GC(1008) Using 2 workers of 2 for evacuation
[512.198s][info][gc,phases   ] GC(1008)   Pre Evacuate Collection Set: 0.22ms
[512.198s][info][gc,phases   ] GC(1008)   Merge Heap Roots: 0.08ms
[512.198s][info][gc,phases   ] GC(1008)   Evacuate Collection Set: 2.46ms
[512.198s][info][gc,phases   ] GC(1008)   Post Evacuate Collection Set: 0.44ms
[512.198s][info][gc,phases   ] GC(1008)   Other: 0.09ms
[512.198s][info][gc,heap     ] GC(1008) Eden regions: 177->0(213)
[512.198s][info][gc,heap     ] GC(1008) Survivor regions: 4->3(26)
[512.198s][info][gc,heap     ] GC(1008) Old regions: 73->73
[512.198s][info][gc,heap     ] GC(1008) Humongous regions: 1->1
[512.198s][info][gc,metaspace] GC(1008) Metaspace: 43094K(43520K)->43094K(43520K) NonClass: 38751K(38976K)->38751K(38976K) Class: 4343K(4544K)->4343K(4544K)
[512.198s][info][gc          ] GC(1008) Pause Young (Concurrent Start) (G1 Humongous Allocation) 253M->76M(364M) 3.490ms
[512.198s][info][gc,cpu      ] GC(1008) User=0.01s Sys=0.00s Real=0.00s
[512.198s][info][gc          ] GC(1009) Concurrent Mark Cycle
[512.198s][info][gc,marking  ] GC(1009) Concurrent Scan Root Regions
[512.200s][info][gc,marking  ] GC(1009) Concurrent Scan Root Regions 1.637ms
[512.200s][info][gc,marking  ] GC(1009) Concurrent Mark
[512.200s][info][gc,marking  ] GC(1009) Concurrent Mark From Roots
[512.200s][info][gc,task     ] GC(1009) Using 1 workers of 1 for marking
[512.282s][info][gc,marking  ] GC(1009) Concurrent Mark From Roots 82.313ms
[512.283s][info][gc,marking  ] GC(1009) Concurrent Preclean
[512.283s][info][gc,marking  ] GC(1009) Concurrent Preclean 0.053ms
[512.283s][info][gc,start    ] GC(1009) Pause Remark
[512.300s][info][gc          ] GC(1009) Pause Remark 100M->95M(256M) 16.835ms
[512.300s][info][gc,cpu      ] GC(1009) User=0.03s Sys=0.00s Real=0.01s
[512.300s][info][gc,marking  ] GC(1009) Concurrent Mark 99.487ms
[512.300s][info][gc,marking  ] GC(1009) Concurrent Rebuild Remembered Sets and Scrub Regions
[512.331s][info][gc,marking  ] GC(1009) Concurrent Rebuild Remembered Sets and Scrub Regions 31.078ms
[512.331s][info][gc,start    ] GC(1009) Pause Cleanup
[512.331s][info][gc          ] GC(1009) Pause Cleanup 104M->104M(256M) 0.051ms
[512.331s][info][gc,cpu      ] GC(1009) User=0.00s Sys=0.00s Real=0.00s
[512.331s][info][gc,marking  ] GC(1009) Concurrent Clear Claimed Marks
[512.331s][info][gc,marking  ] GC(1009) Concurrent Clear Claimed Marks 0.041ms
[512.331s][info][gc,marking  ] GC(1009) Concurrent Cleanup for Next Mark
[512.332s][info][gc,marking  ] GC(1009) Concurrent Cleanup for Next Mark 0.760ms
[512.332s][info][gc          ] GC(1009) Concurrent Mark Cycle 133.373ms
[512.664s][info][gc,start    ] GC(1010) Pause Young (Prepare Mixed) (G1 Evacuation Pause)
[512.664s][info][gc,task     ] GC(1010) Using 2 workers of 2 for evacuation
[512.675s][info][gc,phases   ] GC(1010)   Pre Evacuate Collection Set: 0.20ms
[512.675s][info][gc,phases   ] GC(1010)   Merge Heap Roots: 0.10ms
[512.675s][info][gc,phases   ] GC(1010)   Evacuate Collection Set: 9.41ms
[512.675s][info][gc,phases   ] GC(1010)   Post Evacuate Collection Set: 0.90ms
[512.675s][info][gc,phases   ] GC(1010)   Other: 0.07ms
[512.675s][info][gc,heap     ] GC(1010) Eden regions: 70->0(196)
[512.675s][info][gc,heap     ] GC(1010) Survivor regions: 3->8(25)
[512.675s][info][gc,heap     ] GC(1010) Old regions: 68->68
[512.675s][info][gc,heap     ] GC(1010) Humongous regions: 191->1
[512.675s][info][gc,metaspace] GC(1010) Metaspace: 43094K(43520K)->43094K(43520K) NonClass: 38751K(38976K)->38751K(38976K) Class: 4343K(4544K)->4343K(4544K)
[512.675s][info][gc          ] GC(1010) Pause Young (Prepare Mixed) (G1 Evacuation Pause) 331M->76M(340M) 10.879ms
[512.675s][info][gc,cpu      ] GC(1010) User=0.02s Sys=0.01s Real=0.01s
[513.154s][info][gc,start    ] GC(1011) Pause Young (Mixed) (G1 Evacuation Pause)
[513.154s][info][gc,task     ] GC(1011) Using 2 workers of 2 for evacuation
[513.176s][info][gc,phases   ] GC(1011)   Pre Evacuate Collection Set: 0.27ms
[513.176s][info][gc,phases   ] GC(1011)   Merge Heap Roots: 0.19ms
[513.176s][info][gc,phases   ] GC(1011)   Evacuate Collection Set: 20.52ms
[513.176s][info][gc,phases   ] GC(1011)   Post Evacuate Collection Set: 0.85ms
[513.176s][info][gc,phases   ] GC(1011)   Other: 0.07ms
[513.176s][info][gc,heap     ] GC(1011) Eden regions: 49->0(259)
[513.176s][info][gc,heap     ] GC(1011) Survivor regions: 8->11(27)
[513.176s][info][gc,heap     ] GC(1011) Old regions: 68->58
[513.176s][info][gc,heap     ] GC(1011) Humongous regions: 311->3
[513.176s][info][gc,metaspace] GC(1011) Metaspace: 43094K(43520K)->43094K(43520K) NonClass: 38751K(38976K)->38751K(38976K) Class: 4343K(4544K)->4343K(4544K)
[513.176s][info][gc          ] GC(1011) Pause Young (Mixed) (G1 Evacuation Pause) 435M->70M(450M) 22.113ms
[513.176s][info][gc,cpu      ] GC(1011) User=0.04s Sys=0.01s Real=0.02s
[513.179s][info][gc,start    ] GC(1012) Pause Young (Concurrent Start) (G1 Humongous Allocation)
[513.179s][info][gc,task     ] GC(1012) Using 2 workers of 2 for evacuation
[513.188s][info][gc,phases   ] GC(1012)   Pre Evacuate Collection Set: 0.22ms
[513.188s][info][gc,phases   ] GC(1012)   Merge Heap Roots: 0.06ms
[513.188s][info][gc,phases   ] GC(1012)   Evacuate Collection Set: 8.26ms
[513.188s][info][gc,phases   ] GC(1012)   Post Evacuate Collection Set: 0.40ms
[513.188s][info][gc,phases   ] GC(1012)   Other: 0.08ms
[513.188s][info][gc,heap     ] GC(1012) Eden regions: 1->0(259)
[513.188s][info][gc,heap     ] GC(1012) Survivor regions: 11->11(34)
[513.188s][info][gc,heap     ] GC(1012) Old regions: 58->58
[513.188s][info][gc,heap     ] GC(1012) Humongous regions: 3->1
[513.188s][info][gc,metaspace] GC(1012) Metaspace: 43094K(43520K)->43094K(43520K) NonClass: 38751K(38976K)->38751K(38976K) Class: 4343K(4544K)->4343K(4544K)
[513.188s][info][gc          ] GC(1012) Pause Young (Concurrent Start) (G1 Humongous Allocation) 71M->67M(450M) 9.191ms
[513.188s][info][gc,cpu      ] GC(1012) User=0.02s Sys=0.00s Real=0.01s
[513.188s][info][gc          ] GC(1013) Concurrent Mark Cycle
[513.188s][info][gc,marking  ] GC(1013) Concurrent Scan Root Regions
[513.194s][info][gc,marking  ] GC(1013) Concurrent Scan Root Regions 6.188ms
[513.194s][info][gc,marking  ] GC(1013) Concurrent Mark
[513.194s][info][gc,marking  ] GC(1013) Concurrent Mark From Roots
[513.194s][info][gc,task     ] GC(1013) Using 1 workers of 1 for marking
[513.264s][info][gc,marking  ] GC(1013) Concurrent Mark From Roots 69.984ms
[513.264s][info][gc,marking  ] GC(1013) Concurrent Preclean
[513.264s][info][gc,marking  ] GC(1013) Concurrent Preclean 0.054ms
[513.264s][info][gc,start    ] GC(1013) Pause Remark
[513.281s][info][gc          ] GC(1013) Pause Remark 124M->124M(394M) 17.164ms
[513.282s][info][gc,cpu      ] GC(1013) User=0.03s Sys=0.00s Real=0.02s
[513.282s][info][gc,marking  ] GC(1013) Concurrent Mark 87.532ms
[513.282s][info][gc,marking  ] GC(1013) Concurrent Rebuild Remembered Sets and Scrub Regions
[513.313s][info][gc,marking  ] GC(1013) Concurrent Rebuild Remembered Sets and Scrub Regions 31.572ms
[513.313s][info][gc,start    ] GC(1013) Pause Cleanup
[513.313s][info][gc          ] GC(1013) Pause Cleanup 143M->143M(394M) 0.054ms
[513.313s][info][gc,cpu      ] GC(1013) User=0.00s Sys=0.00s Real=0.00s
[513.313s][info][gc,marking  ] GC(1013) Concurrent Clear Claimed Marks
[513.313s][info][gc,marking  ] GC(1013) Concurrent Clear Claimed Marks 0.051ms
[513.313s][info][gc,marking  ] GC(1013) Concurrent Cleanup for Next Mark
[513.316s][info][gc,marking  ] GC(1013) Concurrent Cleanup for Next Mark 2.464ms
[513.316s][info][gc          ] GC(1013) Concurrent Mark Cycle 128.136ms
[513.783s][info][gc,start    ] GC(1014) Pause Young (Prepare Mixed) (G1 Evacuation Pause)
[513.783s][info][gc,task     ] GC(1014) Using 2 workers of 2 for evacuation
[513.808s][info][gc,phases   ] GC(1014)   Pre Evacuate Collection Set: 0.29ms
[513.808s][info][gc,phases   ] GC(1014)   Merge Heap Roots: 0.09ms
[513.809s][info][gc,phases   ] GC(1014)   Evacuate Collection Set: 23.58ms
[513.809s][info][gc,phases   ] GC(1014)   Post Evacuate Collection Set: 1.27ms
[513.809s][info][gc,phases   ] GC(1014)   Other: 0.07ms
[513.809s][info][gc,heap     ] GC(1014) Eden regions: 62->0(281)
[513.809s][info][gc,heap     ] GC(1014) Survivor regions: 11->19(35)
[513.809s][info][gc,heap     ] GC(1014) Old regions: 58->58
[513.809s][info][gc,heap     ] GC(1014) Humongous regions: 351->3
[513.809s][info][gc,metaspace] GC(1014) Metaspace: 43094K(43520K)->43094K(43520K) NonClass: 38751K(38976K)->38751K(38976K) Class: 4343K(4544K)->4343K(4544K)
[513.809s][info][gc          ] GC(1014) Pause Young (Prepare Mixed) (G1 Evacuation Pause) 479M->77M(501M) 25.507ms
[513.809s][info][gc,cpu      ] GC(1014) User=0.04s Sys=0.01s Real=0.02s
[514.552s][info][gc,start    ] GC(1015) Pause Young (Mixed) (G1 Evacuation Pause)
[514.552s][info][gc,task     ] GC(1015) Using 2 workers of 2 for evacuation
[514.602s][info][gc,phases   ] GC(1015)   Pre Evacuate Collection Set: 0.31ms
[514.602s][info][gc,phases   ] GC(1015)   Merge Heap Roots: 0.18ms
[514.602s][info][gc,phases   ] GC(1015)   Evacuate Collection Set: 47.57ms
[514.602s][info][gc,phases   ] GC(1015)   Post Evacuate Collection Set: 1.38ms
[514.602s][info][gc,phases   ] GC(1015)   Other: 0.09ms
[514.602s][info][gc,heap     ] GC(1015) Eden regions: 85->0(357)
[514.602s][info][gc,heap     ] GC(1015) Survivor regions: 19->29(43)
[514.602s][info][gc,heap     ] GC(1015) Old regions: 58->55
[514.602s][info][gc,heap     ] GC(1015) Humongous regions: 451->3
[514.602s][info][gc,metaspace] GC(1015) Metaspace: 43094K(43520K)->43094K(43520K) NonClass: 38751K(38976K)->38751K(38976K) Class: 4343K(4544K)->4343K(4544K)
[514.602s][info][gc          ] GC(1015) Pause Young (Mixed) (G1 Evacuation Pause) 610M->85M(644M) 49.764ms
[514.602s][info][gc,cpu      ] GC(1015) User=0.07s Sys=0.02s Real=0.05s
[514.605s][info][gc,start    ] GC(1016) Pause Young (Concurrent Start) (G1 Humongous Allocation)
[514.605s][info][gc,task     ] GC(1016) Using 2 workers of 2 for evacuation
[514.633s][info][gc,phases   ] GC(1016)   Pre Evacuate Collection Set: 0.25ms
[514.633s][info][gc,phases   ] GC(1016)   Merge Heap Roots: 0.05ms
[514.633s][info][gc,phases   ] GC(1016)   Evacuate Collection Set: 26.49ms
[514.633s][info][gc,phases   ] GC(1016)   Post Evacuate Collection Set: 0.38ms
[514.633s][info][gc,phases   ] GC(1016)   Other: 0.09ms
[514.633s][info][gc,heap     ] GC(1016) Eden regions: 1->0(363)
[514.633s][info][gc,heap     ] GC(1016) Survivor regions: 29->23(49)
[514.633s][info][gc,heap     ] GC(1016) Old regions: 55->61
[514.633s][info][gc,heap     ] GC(1016) Humongous regions: 3->1
[514.633s][info][gc,metaspace] GC(1016) Metaspace: 43094K(43520K)->43094K(43520K) NonClass: 38751K(38976K)->38751K(38976K) Class: 4343K(4544K)->4343K(4544K)
[514.633s][info][gc          ] GC(1016) Pause Young (Concurrent Start) (G1 Humongous Allocation) 86M->83M(644M) 27.447ms
[514.633s][info][gc,cpu      ] GC(1016) User=0.05s Sys=0.00s Real=0.03s
[514.633s][info][gc          ] GC(1017) Concurrent Mark Cycle
[514.633s][info][gc,marking  ] GC(1017) Concurrent Scan Root Regions
[514.659s][info][gc,marking  ] GC(1017) Concurrent Scan Root Regions 26.663ms
[514.659s][info][gc,marking  ] GC(1017) Concurrent Mark
[514.659s][info][gc,marking  ] GC(1017) Concurrent Mark From Roots
[514.659s][info][gc,task     ] GC(1017) Using 1 workers of 1 for marking
[514.803s][info][gc,marking  ] GC(1017) Concurrent Mark From Roots 143.467ms
[514.803s][info][gc,marking  ] GC(1017) Concurrent Preclean
[514.803s][info][gc,marking  ] GC(1017) Concurrent Preclean 0.054ms
[514.803s][info][gc,start    ] GC(1017) Pause Remark
[514.821s][info][gc          ] GC(1017) Pause Remark 149M->149M(424M) 17.374ms
[514.821s][info][gc,cpu      ] GC(1017) User=0.04s Sys=0.00s Real=0.02s
[514.821s][info][gc,marking  ] GC(1017) Concurrent Mark 161.967ms
[514.821s][info][gc,marking  ] GC(1017) Concurrent Rebuild Remembered Sets and Scrub Regions
[514.858s][info][gc,marking  ] GC(1017) Concurrent Rebuild Remembered Sets and Scrub Regions 36.319ms
[514.858s][info][gc,start    ] GC(1017) Pause Cleanup
[514.858s][info][gc          ] GC(1017) Pause Cleanup 156M->156M(424M) 0.057ms
[514.858s][info][gc,cpu      ] GC(1017) User=0.00s Sys=0.00s Real=0.00s
[514.860s][info][gc,marking  ] GC(1017) Concurrent Clear Claimed Marks
[514.860s][info][gc,marking  ] GC(1017) Concurrent Clear Claimed Marks 0.061ms
[514.861s][info][gc,marking  ] GC(1017) Concurrent Cleanup for Next Mark
[514.862s][info][gc,marking  ] GC(1017) Concurrent Cleanup for Next Mark 1.584ms
[514.862s][info][gc          ] GC(1017) Concurrent Mark Cycle 229.405ms
[515.434s][info][gc,start    ] GC(1018) Pause Young (Prepare Mixed) (G1 Evacuation Pause)
[515.434s][info][gc,task     ] GC(1018) Using 2 workers of 2 for evacuation
[515.475s][info][gc,phases   ] GC(1018)   Pre Evacuate Collection Set: 0.24ms
[515.475s][info][gc,phases   ] GC(1018)   Merge Heap Roots: 0.13ms
[515.475s][info][gc,phases   ] GC(1018)   Evacuate Collection Set: 39.65ms
[515.475s][info][gc,phases   ] GC(1018)   Post Evacuate Collection Set: 0.73ms
[515.475s][info][gc,phases   ] GC(1018)   Other: 0.10ms
[515.475s][info][gc,heap     ] GC(1018) Eden regions: 231->0(237)
[515.475s][info][gc,heap     ] GC(1018) Survivor regions: 23->26(32)
[515.475s][info][gc,heap     ] GC(1018) Old regions: 61->72
[515.475s][info][gc,heap     ] GC(1018) Humongous regions: 87->1
[515.475s][info][gc,metaspace] GC(1018) Metaspace: 43098K(43520K)->43098K(43520K) NonClass: 38755K(38976K)->38755K(38976K) Class: 4343K(4544K)->4343K(4544K)
[515.475s][info][gc          ] GC(1018) Pause Young (Prepare Mixed) (G1 Evacuation Pause) 400M->96M(439M) 41.074ms
[515.475s][info][gc,cpu      ] GC(1018) User=0.07s Sys=0.01s Real=0.04s
[516.067s][info][gc,start    ] GC(1019) Pause Young (Mixed) (G1 Evacuation Pause)
[516.067s][info][gc,task     ] GC(1019) Using 2 workers of 2 for evacuation
[516.094s][info][gc,phases   ] GC(1019)   Pre Evacuate Collection Set: 0.24ms
[516.094s][info][gc,phases   ] GC(1019)   Merge Heap Roots: 0.16ms
[516.094s][info][gc,phases   ] GC(1019)   Evacuate Collection Set: 25.66ms
[516.094s][info][gc,phases   ] GC(1019)   Post Evacuate Collection Set: 0.63ms
[516.094s][info][gc,phases   ] GC(1019)   Other: 0.07ms
[516.094s][info][gc,heap     ] GC(1019) Eden regions: 237->0(248)
[516.094s][info][gc,heap     ] GC(1019) Survivor regions: 26->15(33)
[516.094s][info][gc,heap     ] GC(1019) Old regions: 72->80
[516.094s][info][gc,heap     ] GC(1019) Humongous regions: 1->1
[516.094s][info][gc,metaspace] GC(1019) Metaspace: 43116K(43520K)->43116K(43520K) NonClass: 38773K(38976K)->38773K(38976K) Class: 4343K(4544K)->4343K(4544K)
[516.094s][info][gc          ] GC(1019) Pause Young (Mixed) (G1 Evacuation Pause) 333M->95M(439M) 26.976ms
[516.094s][info][gc,cpu      ] GC(1019) User=0.05s Sys=0.00s Real=0.03s
[516.663s][info][gc,start    ] GC(1020) Pause Young (Concurrent Start) (G1 Evacuation Pause)
[516.663s][info][gc,task     ] GC(1020) Using 2 workers of 2 for evacuation
[516.677s][info][gc,phases   ] GC(1020)   Pre Evacuate Collection Set: 0.24ms
[516.677s][info][gc,phases   ] GC(1020)   Merge Heap Roots: 0.10ms
[516.677s][info][gc,phases   ] GC(1020)   Evacuate Collection Set: 13.62ms
[516.677s][info][gc,phases   ] GC(1020)   Post Evacuate Collection Set: 0.72ms
[516.677s][info][gc,phases   ] GC(1020)   Other: 0.10ms
[516.678s][info][gc,heap     ] GC(1020) Eden regions: 248->0(246)
[516.678s][info][gc,heap     ] GC(1020) Survivor regions: 15->17(33)
[516.678s][info][gc,heap     ] GC(1020) Old regions: 80->80
[516.678s][info][gc,heap     ] GC(1020) Humongous regions: 1->1
[516.678s][info][gc,metaspace] GC(1020) Metaspace: 43119K(43520K)->43119K(43520K) NonClass: 38775K(38976K)->38775K(38976K) Class: 4343K(4544K)->4343K(4544K)
[516.678s][info][gc          ] GC(1020) Pause Young (Concurrent Start) (G1 Evacuation Pause) 343M->97M(439M) 14.984ms
[516.678s][info][gc,cpu      ] GC(1020) User=0.03s Sys=0.01s Real=0.01s
[516.678s][info][gc          ] GC(1021) Concurrent Mark Cycle
[516.678s][info][gc,marking  ] GC(1021) Concurrent Scan Root Regions
[516.690s][info][gc,marking  ] GC(1021) Concurrent Scan Root Regions 12.649ms
[516.690s][info][gc,marking  ] GC(1021) Concurrent Mark
[516.690s][info][gc,marking  ] GC(1021) Concurrent Mark From Roots
[516.690s][info][gc,task     ] GC(1021) Using 1 workers of 1 for marking
[516.804s][info][gc,marking  ] GC(1021) Concurrent Mark From Roots 113.138ms
[516.804s][info][gc,marking  ] GC(1021) Concurrent Preclean
[516.804s][info][gc,marking  ] GC(1021) Concurrent Preclean 0.090ms
[516.804s][info][gc,start    ] GC(1021) Pause Remark
[516.821s][info][gc          ] GC(1021) Pause Remark 146M->146M(327M) 17.096ms
[516.821s][info][gc,cpu      ] GC(1021) User=0.04s Sys=0.00s Real=0.02s
[516.821s][info][gc,marking  ] GC(1021) Concurrent Mark 130.668ms
[516.821s][info][gc,marking  ] GC(1021) Concurrent Rebuild Remembered Sets and Scrub Regions
[516.867s][info][gc,marking  ] GC(1021) Concurrent Rebuild Remembered Sets and Scrub Regions 45.607ms
[516.867s][info][gc,start    ] GC(1021) Pause Cleanup
[516.867s][info][gc          ] GC(1021) Pause Cleanup 161M->161M(327M) 0.052ms
[516.867s][info][gc,cpu      ] GC(1021) User=0.00s Sys=0.00s Real=0.00s
[516.867s][info][gc,marking  ] GC(1021) Concurrent Clear Claimed Marks
[516.867s][info][gc,marking  ] GC(1021) Concurrent Clear Claimed Marks 0.041ms
[516.867s][info][gc,marking  ] GC(1021) Concurrent Cleanup for Next Mark
[516.868s][info][gc,marking  ] GC(1021) Concurrent Cleanup for Next Mark 0.990ms
[516.868s][info][gc          ] GC(1021) Concurrent Mark Cycle 190.384ms
[517.126s][info][gc,start    ] GC(1022) Pause Young (Prepare Mixed) (G1 Evacuation Pause)
[517.126s][info][gc,task     ] GC(1022) Using 2 workers of 2 for evacuation
[517.141s][info][gc,phases   ] GC(1022)   Pre Evacuate Collection Set: 0.18ms
[517.141s][info][gc,phases   ] GC(1022)   Merge Heap Roots: 0.10ms
[517.141s][info][gc,phases   ] GC(1022)   Evacuate Collection Set: 14.34ms
[517.141s][info][gc,phases   ] GC(1022)   Post Evacuate Collection Set: 0.50ms
[517.141s][info][gc,phases   ] GC(1022)   Other: 0.08ms
[517.141s][info][gc,heap     ] GC(1022) Eden regions: 179->0(190)
[517.141s][info][gc,heap     ] GC(1022) Survivor regions: 17->6(25)
[517.141s][info][gc,heap     ] GC(1022) Old regions: 80->93
[517.141s][info][gc,heap     ] GC(1022) Humongous regions: 1->1
[517.141s][info][gc,metaspace] GC(1022) Metaspace: 43119K(43520K)->43119K(43520K) NonClass: 38775K(38976K)->38775K(38976K) Class: 4343K(4544K)->4343K(4544K)
[517.141s][info][gc          ] GC(1022) Pause Young (Prepare Mixed) (G1 Evacuation Pause) 276M->98M(327M) 15.410ms
[517.141s][info][gc,cpu      ] GC(1022) User=0.03s Sys=0.00s Real=0.02s
[517.637s][info][gc,start    ] GC(1023) Pause Young (Mixed) (G1 Evacuation Pause)
[517.637s][info][gc,task     ] GC(1023) Using 2 workers of 2 for evacuation
[517.641s][info][gc,phases   ] GC(1023)   Pre Evacuate Collection Set: 0.19ms
[517.641s][info][gc,phases   ] GC(1023)   Merge Heap Roots: 0.08ms
[517.641s][info][gc,phases   ] GC(1023)   Evacuate Collection Set: 3.33ms
[517.641s][info][gc,phases   ] GC(1023)   Post Evacuate Collection Set: 0.52ms
[517.641s][info][gc,phases   ] GC(1023)   Other: 0.08ms
[517.641s][info][gc,heap     ] GC(1023) Eden regions: 190->0(191)
[517.641s][info][gc,heap     ] GC(1023) Survivor regions: 6->5(25)
[517.641s][info][gc,heap     ] GC(1023) Old regions: 93->89
[517.641s][info][gc,heap     ] GC(1023) Humongous regions: 1->1
[517.641s][info][gc,metaspace] GC(1023) Metaspace: 43124K(43520K)->43124K(43520K) NonClass: 38781K(38976K)->38781K(38976K) Class: 4343K(4544K)->4343K(4544K)
[517.641s][info][gc          ] GC(1023) Pause Young (Mixed) (G1 Evacuation Pause) 288M->93M(327M) 4.400ms
[517.641s][info][gc,cpu      ] GC(1023) User=0.01s Sys=0.00s Real=0.01s
[518.191s][info][gc,start    ] GC(1024) Pause Young (Concurrent Start) (G1 Evacuation Pause)
[518.191s][info][gc,task     ] GC(1024) Using 2 workers of 2 for evacuation
[518.197s][info][gc,phases   ] GC(1024)   Pre Evacuate Collection Set: 0.18ms
[518.197s][info][gc,phases   ] GC(1024)   Merge Heap Roots: 0.07ms
[518.197s][info][gc,phases   ] GC(1024)   Evacuate Collection Set: 4.28ms
[518.197s][info][gc,phases   ] GC(1024)   Post Evacuate Collection Set: 0.48ms
[518.197s][info][gc,phases   ] GC(1024)   Other: 0.09ms
[518.197s][info][gc,heap     ] GC(1024) Eden regions: 191->0(188)
[518.197s][info][gc,heap     ] GC(1024) Survivor regions: 5->8(25)
[518.197s][info][gc,heap     ] GC(1024) Old regions: 89->89
[518.197s][info][gc,heap     ] GC(1024) Humongous regions: 1->1
[518.197s][info][gc,metaspace] GC(1024) Metaspace: 43125K(43520K)->43125K(43520K) NonClass: 38782K(38976K)->38782K(38976K) Class: 4343K(4544K)->4343K(4544K)
[518.197s][info][gc          ] GC(1024) Pause Young (Concurrent Start) (G1 Evacuation Pause) 284M->96M(327M) 5.296ms
[518.197s][info][gc,cpu      ] GC(1024) User=0.01s Sys=0.00s Real=0.00s
[518.197s][info][gc          ] GC(1025) Concurrent Mark Cycle
[518.197s][info][gc,marking  ] GC(1025) Concurrent Scan Root Regions
[518.199s][info][gc,marking  ] GC(1025) Concurrent Scan Root Regions 2.288ms
[518.199s][info][gc,marking  ] GC(1025) Concurrent Mark
[518.199s][info][gc,marking  ] GC(1025) Concurrent Mark From Roots
[518.199s][info][gc,task     ] GC(1025) Using 1 workers of 1 for marking
[518.266s][info][gc,marking  ] GC(1025) Concurrent Mark From Roots 66.735ms
[518.266s][info][gc,marking  ] GC(1025) Concurrent Preclean
[518.266s][info][gc,marking  ] GC(1025) Concurrent Preclean 0.101ms
[518.266s][info][gc,start    ] GC(1025) Pause Remark
[518.283s][info][gc          ] GC(1025) Pause Remark 103M->89M(280M) 17.298ms
[518.283s][info][gc,cpu      ] GC(1025) User=0.03s Sys=0.00s Real=0.02s
[518.285s][info][gc,marking  ] GC(1025) Concurrent Mark 86.349ms
[518.285s][info][gc,marking  ] GC(1025) Concurrent Rebuild Remembered Sets and Scrub Regions
[518.314s][info][gc,marking  ] GC(1025) Concurrent Rebuild Remembered Sets and Scrub Regions 28.395ms
[518.314s][info][gc,start    ] GC(1025) Pause Cleanup
[518.314s][info][gc          ] GC(1025) Pause Cleanup 94M->94M(280M) 0.052ms
[518.314s][info][gc,cpu      ] GC(1025) User=0.00s Sys=0.00s Real=0.00s
[518.314s][info][gc,marking  ] GC(1025) Concurrent Clear Claimed Marks
[518.314s][info][gc,marking  ] GC(1025) Concurrent Clear Claimed Marks 0.038ms
[518.314s][info][gc,marking  ] GC(1025) Concurrent Cleanup for Next Mark
[518.315s][info][gc,marking  ] GC(1025) Concurrent Cleanup for Next Mark 0.842ms
[518.315s][info][gc          ] GC(1025) Concurrent Mark Cycle 118.197ms
[519.225s][info][gc,start    ] GC(1026) Pause Young (Prepare Mixed) (G1 Evacuation Pause)
[519.225s][info][gc,task     ] GC(1026) Using 2 workers of 2 for evacuation
[519.236s][info][gc,phases   ] GC(1026)   Pre Evacuate Collection Set: 0.16ms
[519.236s][info][gc,phases   ] GC(1026)   Merge Heap Roots: 0.10ms
[519.236s][info][gc,phases   ] GC(1026)   Evacuate Collection Set: 10.27ms
[519.236s][info][gc,phases   ] GC(1026)   Post Evacuate Collection Set: 0.67ms
[519.236s][info][gc,phases   ] GC(1026)   Other: 0.11ms
[519.236s][info][gc,heap     ] GC(1026) Eden regions: 160->0(161)
[519.236s][info][gc,heap     ] GC(1026) Survivor regions: 8->7(21)
[519.236s][info][gc,heap     ] GC(1026) Old regions: 75->75
[519.236s][info][gc,heap     ] GC(1026) Humongous regions: 11->1
[519.236s][info][gc,metaspace] GC(1026) Metaspace: 43133K(43520K)->43133K(43520K) NonClass: 38789K(38976K)->38789K(38976K) Class: 4343K(4544K)->4343K(4544K)
[519.236s][info][gc          ] GC(1026) Pause Young (Prepare Mixed) (G1 Evacuation Pause) 252M->81M(280M) 11.491ms
[519.236s][info][gc,cpu      ] GC(1026) User=0.02s Sys=0.00s Real=0.01s
[519.835s][info][gc,start    ] GC(1027) Pause Young (Mixed) (G1 Evacuation Pause)
[519.836s][info][gc,task     ] GC(1027) Using 2 workers of 2 for evacuation
[519.863s][info][gc,phases   ] GC(1027)   Pre Evacuate Collection Set: 0.19ms
[519.863s][info][gc,phases   ] GC(1027)   Merge Heap Roots: 0.14ms
[519.863s][info][gc,phases   ] GC(1027)   Evacuate Collection Set: 26.24ms
[519.863s][info][gc,phases   ] GC(1027)   Post Evacuate Collection Set: 0.54ms
[519.863s][info][gc,phases   ] GC(1027)   Other: 0.09ms
[519.863s][info][gc,heap     ] GC(1027) Eden regions: 161->0(147)
[519.863s][info][gc,heap     ] GC(1027) Survivor regions: 7->21(21)
[519.863s][info][gc,heap     ] GC(1027) Old regions: 75->54
[519.863s][info][gc,heap     ] GC(1027) Humongous regions: 4->4
[519.863s][info][gc,metaspace] GC(1027) Metaspace: 43139K(43520K)->43139K(43520K) NonClass: 38795K(38976K)->38795K(38976K) Class: 4343K(4544K)->4343K(4544K)
[519.863s][info][gc          ] GC(1027) Pause Young (Mixed) (G1 Evacuation Pause) 245M->78M(280M) 27.385ms
[519.863s][info][gc,cpu      ] GC(1027) User=0.05s Sys=0.00s Real=0.03s
[520.193s][info][gc,start    ] GC(1028) Pause Young (Concurrent Start) (G1 Evacuation Pause)
[520.193s][info][gc,task     ] GC(1028) Using 2 workers of 2 for evacuation
[520.231s][info][gc,phases   ] GC(1028)   Pre Evacuate Collection Set: 0.18ms
[520.231s][info][gc,phases   ] GC(1028)   Merge Heap Roots: 0.11ms
[520.231s][info][gc,phases   ] GC(1028)   Evacuate Collection Set: 37.22ms
[520.231s][info][gc,phases   ] GC(1028)   Post Evacuate Collection Set: 0.50ms
[520.231s][info][gc,phases   ] GC(1028)   Other: 0.09ms
[520.231s][info][gc,heap     ] GC(1028) Eden regions: 147->0(148)
[520.231s][info][gc,heap     ] GC(1028) Survivor regions: 21->17(21)
[520.231s][info][gc,heap     ] GC(1028) Old regions: 54->76
[520.231s][info][gc,heap     ] GC(1028) Humongous regions: 4->4
[520.231s][info][gc,metaspace] GC(1028) Metaspace: 43139K(43520K)->43139K(43520K) NonClass: 38796K(38976K)->38796K(38976K) Class: 4343K(4544K)->4343K(4544K)
[520.231s][info][gc          ] GC(1028) Pause Young (Concurrent Start) (G1 Evacuation Pause) 225M->95M(280M) 38.331ms
[520.231s][info][gc          ] GC(1029) Concurrent Mark Cycle
[520.231s][info][gc,marking  ] GC(1029) Concurrent Scan Root Regions
[520.233s][info][gc,cpu      ] GC(1028) User=0.08s Sys=0.00s Real=0.04s
[520.272s][info][gc,marking  ] GC(1029) Concurrent Scan Root Regions 40.694ms
[520.272s][info][gc,marking  ] GC(1029) Concurrent Mark
[520.272s][info][gc,marking  ] GC(1029) Concurrent Mark From Roots
[520.272s][info][gc,task     ] GC(1029) Using 1 workers of 1 for marking
[520.395s][info][gc,marking  ] GC(1029) Concurrent Mark From Roots 123.514ms
[520.395s][info][gc,marking  ] GC(1029) Concurrent Preclean
[520.396s][info][gc,marking  ] GC(1029) Concurrent Preclean 0.233ms
[520.396s][info][gc,start    ] GC(1029) Pause Remark
[520.413s][info][gc          ] GC(1029) Pause Remark 126M->122M(280M) 17.535ms
[520.413s][info][gc,cpu      ] GC(1029) User=0.03s Sys=0.00s Real=0.02s
[520.414s][info][gc,marking  ] GC(1029) Concurrent Mark 142.671ms
[520.414s][info][gc,marking  ] GC(1029) Concurrent Rebuild Remembered Sets and Scrub Regions
[520.498s][info][gc,marking  ] GC(1029) Concurrent Rebuild Remembered Sets and Scrub Regions 83.741ms
[520.498s][info][gc,start    ] GC(1029) Pause Cleanup
[520.498s][info][gc          ] GC(1029) Pause Cleanup 141M->141M(280M) 0.078ms
[520.498s][info][gc,cpu      ] GC(1029) User=0.00s Sys=0.00s Real=0.00s
[520.499s][info][gc,marking  ] GC(1029) Concurrent Clear Claimed Marks
[520.499s][info][gc,marking  ] GC(1029) Concurrent Clear Claimed Marks 0.058ms
[520.500s][info][gc,marking  ] GC(1029) Concurrent Cleanup for Next Mark
[520.501s][info][gc,marking  ] GC(1029) Concurrent Cleanup for Next Mark 1.686ms
[520.501s][info][gc          ] GC(1029) Concurrent Mark Cycle 270.231ms
[520.746s][info][gc,start    ] GC(1030) Pause Young (Prepare Mixed) (G1 Evacuation Pause)
[520.746s][info][gc,task     ] GC(1030) Using 2 workers of 2 for evacuation
[520.782s][info][gc,phases   ] GC(1030)   Pre Evacuate Collection Set: 0.16ms
[520.782s][info][gc,phases   ] GC(1030)   Merge Heap Roots: 0.14ms
[520.782s][info][gc,phases   ] GC(1030)   Evacuate Collection Set: 35.02ms
[520.782s][info][gc,phases   ] GC(1030)   Post Evacuate Collection Set: 0.49ms
[520.782s][info][gc,phases   ] GC(1030)   Other: 0.08ms
[520.782s][info][gc,heap     ] GC(1030) Eden regions: 148->0(135)
[520.782s][info][gc,heap     ] GC(1030) Survivor regions: 17->16(21)
[520.782s][info][gc,heap     ] GC(1030) Old regions: 72->88
[520.782s][info][gc,heap     ] GC(1030) Humongous regions: 6->6
[520.782s][info][gc,metaspace] GC(1030) Metaspace: 43139K(43520K)->43139K(43520K) NonClass: 38796K(38976K)->38796K(38976K) Class: 4343K(4544K)->4343K(4544K)
[520.782s][info][gc          ] GC(1030) Pause Young (Prepare Mixed) (G1 Evacuation Pause) 241M->109M(280M) 36.092ms
[520.782s][info][gc,cpu      ] GC(1030) User=0.07s Sys=0.00s Real=0.04s
[521.084s][info][gc,start    ] GC(1031) Pause Young (Mixed) (G1 Evacuation Pause)
[521.084s][info][gc,task     ] GC(1031) Using 2 workers of 2 for evacuation
[521.119s][info][gc,phases   ] GC(1031)   Pre Evacuate Collection Set: 0.22ms
[521.119s][info][gc,phases   ] GC(1031)   Merge Heap Roots: 0.11ms
[521.119s][info][gc,phases   ] GC(1031)   Evacuate Collection Set: 33.69ms
[521.119s][info][gc,phases   ] GC(1031)   Post Evacuate Collection Set: 0.48ms
[521.119s][info][gc,phases   ] GC(1031)   Other: 0.07ms
[521.119s][info][gc,heap     ] GC(1031) Eden regions: 135->0(128)
[521.119s][info][gc,heap     ] GC(1031) Survivor regions: 16->15(19)
[521.119s][info][gc,heap     ] GC(1031) Old regions: 88->97
[521.119s][info][gc,heap     ] GC(1031) Humongous regions: 6->6
[521.119s][info][gc,metaspace] GC(1031) Metaspace: 43139K(43520K)->43139K(43520K) NonClass: 38796K(38976K)->38796K(38976K) Class: 4343K(4544K)->4343K(4544K)
[521.119s][info][gc          ] GC(1031) Pause Young (Mixed) (G1 Evacuation Pause) 244M->116M(280M) 34.779ms
[521.119s][info][gc,cpu      ] GC(1031) User=0.07s Sys=0.00s Real=0.03s
[521.147s][info][gc,start    ] GC(1032) Pause Young (Concurrent Start) (G1 Humongous Allocation)
[521.147s][info][gc,task     ] GC(1032) Using 2 workers of 2 for evacuation
[521.164s][info][gc,phases   ] GC(1032)   Pre Evacuate Collection Set: 0.20ms
[521.164s][info][gc,phases   ] GC(1032)   Merge Heap Roots: 0.09ms
[521.164s][info][gc,phases   ] GC(1032)   Evacuate Collection Set: 16.72ms
[521.164s][info][gc,phases   ] GC(1032)   Post Evacuate Collection Set: 0.34ms
[521.164s][info][gc,phases   ] GC(1032)   Other: 0.11ms
[521.164s][info][gc,heap     ] GC(1032) Eden regions: 12->0(129)
[521.164s][info][gc,heap     ] GC(1032) Survivor regions: 15->2(18)
[521.164s][info][gc,heap     ] GC(1032) Old regions: 97->111
[521.164s][info][gc,heap     ] GC(1032) Humongous regions: 6->6
[521.164s][info][gc,metaspace] GC(1032) Metaspace: 43139K(43520K)->43139K(43520K) NonClass: 38796K(38976K)->38796K(38976K) Class: 4343K(4544K)->4343K(4544K)
[521.164s][info][gc          ] GC(1032) Pause Young (Concurrent Start) (G1 Humongous Allocation) 128M->118M(280M) 17.651ms
[521.164s][info][gc          ] GC(1033) Concurrent Mark Cycle
[521.164s][info][gc,marking  ] GC(1033) Concurrent Scan Root Regions
[521.164s][info][gc,cpu      ] GC(1032) User=0.04s Sys=0.00s Real=0.02s
[521.197s][info][gc,marking  ] GC(1033) Concurrent Scan Root Regions 32.327ms
[521.197s][info][gc,marking  ] GC(1033) Concurrent Mark
[521.197s][info][gc,marking  ] GC(1033) Concurrent Mark From Roots
[521.197s][info][gc,task     ] GC(1033) Using 1 workers of 1 for marking
[521.409s][info][gc,marking  ] GC(1033) Concurrent Mark From Roots 212.257ms
[521.409s][info][gc,marking  ] GC(1033) Concurrent Preclean
[521.409s][info][gc,marking  ] GC(1033) Concurrent Preclean 0.067ms
[521.410s][info][gc,start    ] GC(1033) Pause Remark
[521.429s][info][gc          ] GC(1033) Pause Remark 183M->182M(280M) 19.970ms
[521.430s][info][gc,cpu      ] GC(1033) User=0.04s Sys=0.00s Real=0.02s
[521.433s][info][gc,marking  ] GC(1033) Concurrent Mark 236.727ms
[521.433s][info][gc,marking  ] GC(1033) Concurrent Rebuild Remembered Sets and Scrub Regions
[521.537s][info][gc,marking  ] GC(1033) Concurrent Rebuild Remembered Sets and Scrub Regions 103.816ms
[521.537s][info][gc,start    ] GC(1033) Pause Cleanup
[521.537s][info][gc          ] GC(1033) Pause Cleanup 217M->217M(280M) 0.081ms
[521.537s][info][gc,cpu      ] GC(1033) User=0.00s Sys=0.00s Real=0.00s
[521.539s][info][gc,marking  ] GC(1033) Concurrent Clear Claimed Marks
[521.539s][info][gc,marking  ] GC(1033) Concurrent Clear Claimed Marks 0.059ms
[521.539s][info][gc,marking  ] GC(1033) Concurrent Cleanup for Next Mark
[521.542s][info][gc,marking  ] GC(1033) Concurrent Cleanup for Next Mark 2.778ms
[521.542s][info][gc          ] GC(1033) Concurrent Mark Cycle 377.975ms
[521.624s][info][gc,start    ] GC(1034) Pause Young (Prepare Mixed) (G1 Evacuation Pause)
[521.624s][info][gc,task     ] GC(1034) Using 2 workers of 2 for evacuation
[521.646s][info][gc,phases   ] GC(1034)   Pre Evacuate Collection Set: 0.15ms
[521.646s][info][gc,phases   ] GC(1034)   Merge Heap Roots: 0.12ms
[521.646s][info][gc,phases   ] GC(1034)   Evacuate Collection Set: 20.93ms
[521.646s][info][gc,phases   ] GC(1034)   Post Evacuate Collection Set: 0.45ms
[521.646s][info][gc,phases   ] GC(1034)   Other: 0.09ms
[521.646s][info][gc,heap     ] GC(1034) Eden regions: 129->0(115)
[521.646s][info][gc,heap     ] GC(1034) Survivor regions: 2->15(17)
[521.646s][info][gc,heap     ] GC(1034) Old regions: 111->111
[521.646s][info][gc,heap     ] GC(1034) Humongous regions: 10->9
[521.646s][info][gc,metaspace] GC(1034) Metaspace: 43139K(43520K)->43139K(43520K) NonClass: 38796K(38976K)->38796K(38976K) Class: 4343K(4544K)->4343K(4544K)
[521.646s][info][gc          ] GC(1034) Pause Young (Prepare Mixed) (G1 Evacuation Pause) 251M->134M(280M) 21.926ms
[521.646s][info][gc,cpu      ] GC(1034) User=0.05s Sys=0.00s Real=0.02s
[524.792s][info][gc,start    ] GC(1035) Pause Young (Mixed) (G1 Evacuation Pause)
[524.792s][info][gc,task     ] GC(1035) Using 2 workers of 2 for evacuation
[524.820s][info][gc,phases   ] GC(1035)   Pre Evacuate Collection Set: 0.26ms
[524.820s][info][gc,phases   ] GC(1035)   Merge Heap Roots: 0.17ms
[524.820s][info][gc,phases   ] GC(1035)   Evacuate Collection Set: 25.63ms
[524.820s][info][gc,phases   ] GC(1035)   Post Evacuate Collection Set: 1.48ms
[524.820s][info][gc,phases   ] GC(1035)   Other: 0.10ms
[524.820s][info][gc,heap     ] GC(1035) Eden regions: 115->0(242)
[524.820s][info][gc,heap     ] GC(1035) Survivor regions: 15->6(17)
[524.820s][info][gc,heap     ] GC(1035) Old regions: 111->117
[524.820s][info][gc,heap     ] GC(1035) Humongous regions: 12->7
[524.820s][info][gc,metaspace] GC(1035) Metaspace: 43149K(43584K)->43149K(43584K) NonClass: 38805K(39040K)->38805K(39040K) Class: 4343K(4544K)->4343K(4544K)
[524.820s][info][gc          ] GC(1035) Pause Young (Mixed) (G1 Evacuation Pause) 252M->129M(420M) 27.832ms
[524.820s][info][gc,cpu      ] GC(1035) User=0.05s Sys=0.00s Real=0.02s
[525.385s][info][gc,start    ] GC(1036) Pause Young (Concurrent Start) (G1 Humongous Allocation)
[525.386s][info][gc,task     ] GC(1036) Using 2 workers of 2 for evacuation
[525.397s][info][gc,phases   ] GC(1036)   Pre Evacuate Collection Set: 0.23ms
[525.397s][info][gc,phases   ] GC(1036)   Merge Heap Roots: 0.11ms
[525.397s][info][gc,phases   ] GC(1036)   Evacuate Collection Set: 10.62ms
[525.397s][info][gc,phases   ] GC(1036)   Post Evacuate Collection Set: 0.44ms
[525.397s][info][gc,phases   ] GC(1036)   Other: 0.12ms
[525.397s][info][gc,heap     ] GC(1036) Eden regions: 155->0(244)
[525.397s][info][gc,heap     ] GC(1036) Survivor regions: 6->8(31)
[525.397s][info][gc,heap     ] GC(1036) Old regions: 117->117
[525.397s][info][gc,heap     ] GC(1036) Humongous regions: 7->7
[525.397s][info][gc,metaspace] GC(1036) Metaspace: 43149K(43584K)->43149K(43584K) NonClass: 38805K(39040K)->38805K(39040K) Class: 4343K(4544K)->4343K(4544K)
[525.397s][info][gc          ] GC(1036) Pause Young (Concurrent Start) (G1 Humongous Allocation) 283M->131M(420M) 11.686ms
[525.397s][info][gc,cpu      ] GC(1036) User=0.02s Sys=0.00s Real=0.01s
[525.397s][info][gc          ] GC(1037) Concurrent Mark Cycle
[525.397s][info][gc,marking  ] GC(1037) Concurrent Scan Root Regions
[525.413s][info][gc,marking  ] GC(1037) Concurrent Scan Root Regions 15.768ms
[525.413s][info][gc,marking  ] GC(1037) Concurrent Mark
[525.413s][info][gc,marking  ] GC(1037) Concurrent Mark From Roots
[525.413s][info][gc,task     ] GC(1037) Using 1 workers of 1 for marking
[525.453s][info][gc,marking  ] GC(1037) Concurrent Mark From Roots 40.117ms
[525.453s][info][gc,marking  ] GC(1037) Concurrent Preclean
[525.453s][info][gc,marking  ] GC(1037) Concurrent Preclean 0.059ms
[525.453s][info][gc,start    ] GC(1037) Pause Remark
[525.471s][info][gc          ] GC(1037) Pause Remark 149M->129M(380M) 17.093ms
[525.471s][info][gc,cpu      ] GC(1037) User=0.03s Sys=0.00s Real=0.02s
[525.471s][info][gc,marking  ] GC(1037) Concurrent Mark 57.974ms
[525.471s][info][gc,marking  ] GC(1037) Concurrent Rebuild Remembered Sets and Scrub Regions
[525.484s][info][gc,marking  ] GC(1037) Concurrent Rebuild Remembered Sets and Scrub Regions 13.134ms
[525.484s][info][gc,start    ] GC(1037) Pause Cleanup
[525.484s][info][gc          ] GC(1037) Pause Cleanup 134M->134M(380M) 0.111ms
[525.484s][info][gc,cpu      ] GC(1037) User=0.00s Sys=0.00s Real=0.00s
[525.484s][info][gc,marking  ] GC(1037) Concurrent Clear Claimed Marks
[525.485s][info][gc,marking  ] GC(1037) Concurrent Clear Claimed Marks 0.042ms
[525.485s][info][gc,marking  ] GC(1037) Concurrent Cleanup for Next Mark
[525.488s][info][gc,marking  ] GC(1037) Concurrent Cleanup for Next Mark 3.854ms
[525.488s][info][gc          ] GC(1037) Concurrent Mark Cycle 91.257ms
[525.966s][info][gc,start    ] GC(1038) Pause Young (Prepare Mixed) (G1 Evacuation Pause)
[525.966s][info][gc,task     ] GC(1038) Using 2 workers of 2 for evacuation
[525.999s][info][gc,phases   ] GC(1038)   Pre Evacuate Collection Set: 0.20ms
[525.999s][info][gc,phases   ] GC(1038)   Merge Heap Roots: 0.12ms
[525.999s][info][gc,phases   ] GC(1038)   Evacuate Collection Set: 32.42ms
[525.999s][info][gc,phases   ] GC(1038)   Post Evacuate Collection Set: 0.53ms
[525.999s][info][gc,phases   ] GC(1038)   Other: 0.08ms
[525.999s][info][gc,heap     ] GC(1038) Eden regions: 220->0(194)
[525.999s][info][gc,heap     ] GC(1038) Survivor regions: 8->29(29)
[525.999s][info][gc,heap     ] GC(1038) Old regions: 103->105
[525.999s][info][gc,heap     ] GC(1038) Humongous regions: 4->4
[525.999s][info][gc,metaspace] GC(1038) Metaspace: 43149K(43584K)->43149K(43584K) NonClass: 38805K(39040K)->38805K(39040K) Class: 4343K(4544K)->4343K(4544K)
[526.000s][info][gc          ] GC(1038) Pause Young (Prepare Mixed) (G1 Evacuation Pause) 334M->137M(380M) 33.621ms
[526.000s][info][gc,cpu      ] GC(1038) User=0.06s Sys=0.00s Real=0.03s
[526.504s][info][gc,start    ] GC(1039) Pause Young (Mixed) (G1 Evacuation Pause)
[526.504s][info][gc,task     ] GC(1039) Using 2 workers of 2 for evacuation
[526.562s][info][gc,phases   ] GC(1039)   Pre Evacuate Collection Set: 0.21ms
[526.562s][info][gc,phases   ] GC(1039)   Merge Heap Roots: 0.13ms
[526.562s][info][gc,phases   ] GC(1039)   Evacuate Collection Set: 56.51ms
[526.562s][info][gc,phases   ] GC(1039)   Post Evacuate Collection Set: 0.54ms
[526.562s][info][gc,phases   ] GC(1039)   Other: 0.08ms
[526.562s][info][gc,heap     ] GC(1039) Eden regions: 194->0(208)
[526.562s][info][gc,heap     ] GC(1039) Survivor regions: 29->24(28)
[526.562s][info][gc,heap     ] GC(1039) Old regions: 105->96
[526.562s][info][gc,heap     ] GC(1039) Humongous regions: 6->6
[526.562s][info][gc,metaspace] GC(1039) Metaspace: 43149K(43584K)->43149K(43584K) NonClass: 38805K(39040K)->38805K(39040K) Class: 4343K(4544K)->4343K(4544K)
[526.562s][info][gc          ] GC(1039) Pause Young (Mixed) (G1 Evacuation Pause) 333M->124M(387M) 57.726ms
[526.562s][info][gc,cpu      ] GC(1039) User=0.11s Sys=0.01s Real=0.06s
[527.126s][info][gc,start    ] GC(1040) Pause Young (Mixed) (G1 Evacuation Pause)
[527.126s][info][gc,task     ] GC(1040) Using 2 workers of 2 for evacuation
[527.185s][info][gc,phases   ] GC(1040)   Pre Evacuate Collection Set: 0.33ms
[527.185s][info][gc,phases   ] GC(1040)   Merge Heap Roots: 0.18ms
[527.185s][info][gc,phases   ] GC(1040)   Evacuate Collection Set: 57.49ms
[527.185s][info][gc,phases   ] GC(1040)   Post Evacuate Collection Set: 0.59ms
[527.185s][info][gc,phases   ] GC(1040)   Other: 0.08ms
[527.185s][info][gc,heap     ] GC(1040) Eden regions: 208->0(208)
[527.185s][info][gc,heap     ] GC(1040) Survivor regions: 24->24(29)
[527.185s][info][gc,heap     ] GC(1040) Old regions: 96->90
[527.185s][info][gc,heap     ] GC(1040) Humongous regions: 10->10
[527.185s][info][gc,metaspace] GC(1040) Metaspace: 43149K(43584K)->43149K(43584K) NonClass: 38805K(39040K)->38805K(39040K) Class: 4343K(4544K)->4343K(4544K)
[527.185s][info][gc          ] GC(1040) Pause Young (Mixed) (G1 Evacuation Pause) 336M->123M(387M) 58.868ms
[527.185s][info][gc,cpu      ] GC(1040) User=0.11s Sys=0.00s Real=0.06s
[527.481s][info][gc,start    ] GC(1041) Pause Young (Concurrent Start) (G1 Humongous Allocation)
[527.481s][info][gc,task     ] GC(1041) Using 2 workers of 2 for evacuation
[527.526s][info][gc,phases   ] GC(1041)   Pre Evacuate Collection Set: 0.25ms
[527.526s][info][gc,phases   ] GC(1041)   Merge Heap Roots: 0.11ms
[527.526s][info][gc,phases   ] GC(1041)   Evacuate Collection Set: 43.58ms
[527.526s][info][gc,phases   ] GC(1041)   Post Evacuate Collection Set: 0.45ms
[527.526s][info][gc,phases   ] GC(1041)   Other: 0.10ms
[527.526s][info][gc,heap     ] GC(1041) Eden regions: 61->0(189)
[527.526s][info][gc,heap     ] GC(1041) Survivor regions: 24->16(29)
[527.526s][info][gc,heap     ] GC(1041) Old regions: 90->113
[527.526s][info][gc,heap     ] GC(1041) Humongous regions: 10->10
[527.526s][info][gc,metaspace] GC(1041) Metaspace: 43149K(43584K)->43149K(43584K) NonClass: 38805K(39040K)->38805K(39040K) Class: 4343K(4544K)->4343K(4544K)
[527.526s][info][gc          ] GC(1041) Pause Young (Concurrent Start) (G1 Humongous Allocation) 184M->138M(387M) 44.720ms
[527.526s][info][gc          ] GC(1042) Concurrent Mark Cycle
[527.526s][info][gc,marking  ] GC(1042) Concurrent Scan Root Regions
[527.526s][info][gc,cpu      ] GC(1041) User=0.08s Sys=0.00s Real=0.04s
[527.570s][info][gc,marking  ] GC(1042) Concurrent Scan Root Regions 44.062ms
[527.570s][info][gc,marking  ] GC(1042) Concurrent Mark
[527.570s][info][gc,marking  ] GC(1042) Concurrent Mark From Roots
[527.570s][info][gc,task     ] GC(1042) Using 1 workers of 1 for marking
[527.672s][info][gc,marking  ] GC(1042) Concurrent Mark From Roots 101.611ms
[527.672s][info][gc,marking  ] GC(1042) Concurrent Preclean
[527.672s][info][gc,marking  ] GC(1042) Concurrent Preclean 0.048ms
[527.672s][info][gc,start    ] GC(1042) Pause Remark
[527.690s][info][gc          ] GC(1042) Pause Remark 149M->138M(387M) 17.762ms
[527.690s][info][gc,cpu      ] GC(1042) User=0.03s Sys=0.00s Real=0.01s
[527.690s][info][gc,marking  ] GC(1042) Concurrent Mark 120.580ms
[527.690s][info][gc,marking  ] GC(1042) Concurrent Rebuild Remembered Sets and Scrub Regions
[527.757s][info][gc,marking  ] GC(1042) Concurrent Rebuild Remembered Sets and Scrub Regions 66.472ms
[527.757s][info][gc,start    ] GC(1042) Pause Cleanup
[527.757s][info][gc          ] GC(1042) Pause Cleanup 144M->144M(387M) 0.081ms
[527.757s][info][gc,cpu      ] GC(1042) User=0.00s Sys=0.00s Real=0.00s
[527.757s][info][gc,marking  ] GC(1042) Concurrent Clear Claimed Marks
[527.757s][info][gc,marking  ] GC(1042) Concurrent Clear Claimed Marks 0.066ms
[527.757s][info][gc,marking  ] GC(1042) Concurrent Cleanup for Next Mark
[527.759s][info][gc,marking  ] GC(1042) Concurrent Cleanup for Next Mark 1.217ms
[527.759s][info][gc          ] GC(1042) Concurrent Mark Cycle 232.946ms
[528.986s][info][gc,start    ] GC(1043) Pause Young (Prepare Mixed) (G1 Evacuation Pause)
[528.986s][info][gc,task     ] GC(1043) Using 2 workers of 2 for evacuation
[529.015s][info][gc,phases   ] GC(1043)   Pre Evacuate Collection Set: 0.26ms
[529.015s][info][gc,phases   ] GC(1043)   Merge Heap Roots: 0.17ms
[529.015s][info][gc,phases   ] GC(1043)   Evacuate Collection Set: 28.54ms
[529.015s][info][gc,phases   ] GC(1043)   Post Evacuate Collection Set: 0.51ms
[529.015s][info][gc,phases   ] GC(1043)   Other: 0.07ms
[529.015s][info][gc,heap     ] GC(1043) Eden regions: 189->0(191)
[529.015s][info][gc,heap     ] GC(1043) Survivor regions: 16->13(26)
[529.015s][info][gc,heap     ] GC(1043) Old regions: 105->112
[529.015s][info][gc,heap     ] GC(1043) Humongous regions: 15->13
[529.015s][info][gc,metaspace] GC(1043) Metaspace: 43149K(43584K)->43149K(43584K) NonClass: 38805K(39040K)->38805K(39040K) Class: 4343K(4544K)->4343K(4544K)
[529.015s][info][gc          ] GC(1043) Pause Young (Prepare Mixed) (G1 Evacuation Pause) 324M->136M(387M) 29.756ms
[529.015s][info][gc,cpu      ] GC(1043) User=0.06s Sys=0.00s Real=0.03s
[530.100s][info][gc,start    ] GC(1044) Pause Young (Mixed) (G1 Evacuation Pause)
[530.100s][info][gc,task     ] GC(1044) Using 2 workers of 2 for evacuation
[530.115s][info][gc,phases   ] GC(1044)   Pre Evacuate Collection Set: 0.19ms
[530.115s][info][gc,phases   ] GC(1044)   Merge Heap Roots: 0.11ms
[530.115s][info][gc,phases   ] GC(1044)   Evacuate Collection Set: 13.96ms
[530.115s][info][gc,phases   ] GC(1044)   Post Evacuate Collection Set: 0.46ms
[530.115s][info][gc,phases   ] GC(1044)   Other: 0.10ms
[530.115s][info][gc,heap     ] GC(1044) Eden regions: 191->0(203)
[530.115s][info][gc,heap     ] GC(1044) Survivor regions: 13->13(26)
[530.115s][info][gc,heap     ] GC(1044) Old regions: 112->109
[530.115s][info][gc,heap     ] GC(1044) Humongous regions: 13->13
[530.115s][info][gc,metaspace] GC(1044) Metaspace: 43149K(43584K)->43149K(43584K) NonClass: 38805K(39040K)->38805K(39040K) Class: 4343K(4544K)->4343K(4544K)
[530.115s][info][gc          ] GC(1044) Pause Young (Mixed) (G1 Evacuation Pause) 327M->133M(387M) 15.007ms
[530.115s][info][gc,cpu      ] GC(1044) User=0.03s Sys=0.00s Real=0.02s
[531.322s][info][gc,start    ] GC(1045) Pause Young (Concurrent Start) (G1 Evacuation Pause)
[531.322s][info][gc,task     ] GC(1045) Using 2 workers of 2 for evacuation
[531.342s][info][gc,phases   ] GC(1045)   Pre Evacuate Collection Set: 0.23ms
[531.342s][info][gc,phases   ] GC(1045)   Merge Heap Roots: 0.10ms
[531.342s][info][gc,phases   ] GC(1045)   Evacuate Collection Set: 19.21ms
[531.342s][info][gc,phases   ] GC(1045)   Post Evacuate Collection Set: 0.52ms
[531.342s][info][gc,phases   ] GC(1045)   Other: 0.10ms
[531.342s][info][gc,heap     ] GC(1045) Eden regions: 203->0(202)
[531.342s][info][gc,heap     ] GC(1045) Survivor regions: 13->19(27)
[531.342s][info][gc,heap     ] GC(1045) Old regions: 109->109
[531.342s][info][gc,heap     ] GC(1045) Humongous regions: 13->13
[531.342s][info][gc,metaspace] GC(1045) Metaspace: 43149K(43584K)->43149K(43584K) NonClass: 38805K(39040K)->38805K(39040K) Class: 4343K(4544K)->4343K(4544K)
[531.342s][info][gc          ] GC(1045) Pause Young (Concurrent Start) (G1 Evacuation Pause) 336M->139M(387M) 20.385ms
[531.342s][info][gc          ] GC(1046) Concurrent Mark Cycle
[531.342s][info][gc,marking  ] GC(1046) Concurrent Scan Root Regions
[531.342s][info][gc,cpu      ] GC(1045) User=0.04s Sys=0.00s Real=0.02s
[531.355s][info][gc,marking  ] GC(1046) Concurrent Scan Root Regions 13.029ms
[531.355s][info][gc,marking  ] GC(1046) Concurrent Mark
[531.355s][info][gc,marking  ] GC(1046) Concurrent Mark From Roots
[531.355s][info][gc,task     ] GC(1046) Using 1 workers of 1 for marking
[531.386s][info][gc,marking  ] GC(1046) Concurrent Mark From Roots 31.161ms
[531.386s][info][gc,marking  ] GC(1046) Concurrent Preclean
[531.386s][info][gc,marking  ] GC(1046) Concurrent Preclean 0.037ms
[531.386s][info][gc,start    ] GC(1046) Pause Remark
[531.404s][info][gc          ] GC(1046) Pause Remark 147M->65M(256M) 17.020ms
[531.404s][info][gc,cpu      ] GC(1046) User=0.03s Sys=0.00s Real=0.02s
[531.404s][info][gc,marking  ] GC(1046) Concurrent Mark 48.577ms
[531.404s][info][gc,marking  ] GC(1046) Concurrent Rebuild Remembered Sets and Scrub Regions
[531.415s][info][gc,marking  ] GC(1046) Concurrent Rebuild Remembered Sets and Scrub Regions 11.541ms
[531.415s][info][gc,start    ] GC(1046) Pause Cleanup
[531.415s][info][gc          ] GC(1046) Pause Cleanup 66M->66M(256M) 0.036ms
[531.415s][info][gc,cpu      ] GC(1046) User=0.00s Sys=0.00s Real=0.00s
[531.415s][info][gc,marking  ] GC(1046) Concurrent Clear Claimed Marks
[531.415s][info][gc,marking  ] GC(1046) Concurrent Clear Claimed Marks 0.046ms
[531.415s][info][gc,marking  ] GC(1046) Concurrent Cleanup for Next Mark
[531.416s][info][gc,marking  ] GC(1046) Concurrent Cleanup for Next Mark 0.717ms
[531.416s][info][gc          ] GC(1046) Concurrent Mark Cycle 74.152ms
[532.197s][info][gc,start    ] GC(1047) Pause Young (Prepare Mixed) (G1 Evacuation Pause)
[532.197s][info][gc,task     ] GC(1047) Using 2 workers of 2 for evacuation
[532.204s][info][gc,phases   ] GC(1047)   Pre Evacuate Collection Set: 0.22ms
[532.204s][info][gc,phases   ] GC(1047)   Merge Heap Roots: 0.15ms
[532.204s][info][gc,phases   ] GC(1047)   Evacuate Collection Set: 6.09ms
[532.204s][info][gc,phases   ] GC(1047)   Post Evacuate Collection Set: 0.42ms
[532.204s][info][gc,phases   ] GC(1047)   Other: 0.07ms
[532.204s][info][gc,heap     ] GC(1047) Eden regions: 134->0(150)
[532.204s][info][gc,heap     ] GC(1047) Survivor regions: 19->3(20)
[532.204s][info][gc,heap     ] GC(1047) Old regions: 39->47
[532.204s][info][gc,heap     ] GC(1047) Humongous regions: 2->1
[532.204s][info][gc,metaspace] GC(1047) Metaspace: 43149K(43584K)->43149K(43584K) NonClass: 38805K(39040K)->38805K(39040K) Class: 4343K(4544K)->4343K(4544K)
[532.204s][info][gc          ] GC(1047) Pause Young (Prepare Mixed) (G1 Evacuation Pause) 192M->48M(256M) 7.137ms
[532.204s][info][gc,cpu      ] GC(1047) User=0.02s Sys=0.00s Real=0.01s
[533.116s][info][gc,start    ] GC(1048) Pause Young (Mixed) (G1 Evacuation Pause)
[533.116s][info][gc,task     ] GC(1048) Using 2 workers of 2 for evacuation
[533.132s][info][gc,phases   ] GC(1048)   Pre Evacuate Collection Set: 0.15ms
[533.132s][info][gc,phases   ] GC(1048)   Merge Heap Roots: 0.09ms
[533.132s][info][gc,phases   ] GC(1048)   Evacuate Collection Set: 14.81ms
[533.132s][info][gc,phases   ] GC(1048)   Post Evacuate Collection Set: 0.42ms
[533.132s][info][gc,phases   ] GC(1048)   Other: 0.07ms
[533.132s][info][gc,heap     ] GC(1048) Eden regions: 150->0(138)
[533.132s][info][gc,heap     ] GC(1048) Survivor regions: 3->15(20)
[533.132s][info][gc,heap     ] GC(1048) Old regions: 47->43
[533.132s][info][gc,heap     ] GC(1048) Humongous regions: 1->1
[533.132s][info][gc,metaspace] GC(1048) Metaspace: 43149K(43584K)->43149K(43584K) NonClass: 38805K(39040K)->38805K(39040K) Class: 4343K(4544K)->4343K(4544K)
[533.132s][info][gc          ] GC(1048) Pause Young (Mixed) (G1 Evacuation Pause) 198M->57M(256M) 15.801ms
[533.132s][info][gc,cpu      ] GC(1048) User=0.03s Sys=0.00s Real=0.02s
[533.740s][info][gc,start    ] GC(1049) Pause Young (Concurrent Start) (G1 Humongous Allocation)
[533.740s][info][gc,task     ] GC(1049) Using 2 workers of 2 for evacuation
[533.766s][info][gc,phases   ] GC(1049)   Pre Evacuate Collection Set: 0.18ms
[533.766s][info][gc,phases   ] GC(1049)   Merge Heap Roots: 0.07ms
[533.766s][info][gc,phases   ] GC(1049)   Evacuate Collection Set: 25.29ms
[533.766s][info][gc,phases   ] GC(1049)   Post Evacuate Collection Set: 0.42ms
[533.766s][info][gc,phases   ] GC(1049)   Other: 0.10ms
[533.766s][info][gc,heap     ] GC(1049) Eden regions: 112->0(138)
[533.766s][info][gc,heap     ] GC(1049) Survivor regions: 15->15(20)
[533.766s][info][gc,heap     ] GC(1049) Old regions: 43->57
[533.766s][info][gc,heap     ] GC(1049) Humongous regions: 1->1
[533.766s][info][gc,metaspace] GC(1049) Metaspace: 43149K(43584K)->43149K(43584K) NonClass: 38805K(39040K)->38805K(39040K) Class: 4343K(4544K)->4343K(4544K)
[533.766s][info][gc          ] GC(1049) Pause Young (Concurrent Start) (G1 Humongous Allocation) 169M->71M(256M) 26.284ms
[533.766s][info][gc          ] GC(1050) Concurrent Mark Cycle
[533.766s][info][gc,marking  ] GC(1050) Concurrent Scan Root Regions
[533.767s][info][gc,cpu      ] GC(1049) User=0.05s Sys=0.00s Real=0.03s
[533.802s][info][gc,marking  ] GC(1050) Concurrent Scan Root Regions 35.333ms
[533.802s][info][gc,marking  ] GC(1050) Concurrent Mark
[533.802s][info][gc,marking  ] GC(1050) Concurrent Mark From Roots
[533.802s][info][gc,task     ] GC(1050) Using 1 workers of 1 for marking
[533.857s][info][gc,marking  ] GC(1050) Concurrent Mark From Roots 55.393ms
[533.857s][info][gc,marking  ] GC(1050) Concurrent Preclean
[533.857s][info][gc,marking  ] GC(1050) Concurrent Preclean 0.039ms
[533.858s][info][gc,start    ] GC(1050) Pause Remark
[533.875s][info][gc          ] GC(1050) Pause Remark 109M->109M(256M) 17.213ms
[533.875s][info][gc,cpu      ] GC(1050) User=0.03s Sys=0.00s Real=0.02s
[533.876s][info][gc,marking  ] GC(1050) Concurrent Mark 73.753ms
[533.876s][info][gc,marking  ] GC(1050) Concurrent Rebuild Remembered Sets and Scrub Regions
[533.898s][info][gc,marking  ] GC(1050) Concurrent Rebuild Remembered Sets and Scrub Regions 21.910ms
[533.898s][info][gc,start    ] GC(1050) Pause Cleanup
[533.898s][info][gc          ] GC(1050) Pause Cleanup 118M->118M(256M) 0.047ms
[533.898s][info][gc,cpu      ] GC(1050) User=0.00s Sys=0.00s Real=0.00s
[533.898s][info][gc,marking  ] GC(1050) Concurrent Clear Claimed Marks
[533.898s][info][gc,marking  ] GC(1050) Concurrent Clear Claimed Marks 0.038ms
[533.898s][info][gc,marking  ] GC(1050) Concurrent Cleanup for Next Mark
[533.899s][info][gc,marking  ] GC(1050) Concurrent Cleanup for Next Mark 0.752ms
[533.899s][info][gc          ] GC(1050) Concurrent Mark Cycle 132.151ms
[534.142s][info][gc,start    ] GC(1051) Pause Young (Prepare Mixed) (G1 Evacuation Pause)
[534.143s][info][gc,task     ] GC(1051) Using 2 workers of 2 for evacuation
[534.165s][info][gc,phases   ] GC(1051)   Pre Evacuate Collection Set: 0.14ms
[534.165s][info][gc,phases   ] GC(1051)   Merge Heap Roots: 0.08ms
[534.165s][info][gc,phases   ] GC(1051)   Evacuate Collection Set: 21.45ms
[534.165s][info][gc,phases   ] GC(1051)   Post Evacuate Collection Set: 0.42ms
[534.165s][info][gc,phases   ] GC(1051)   Other: 0.08ms
[534.165s][info][gc,heap     ] GC(1051) Eden regions: 138->0(134)
[534.165s][info][gc,heap     ] GC(1051) Survivor regions: 15->18(20)
[534.165s][info][gc,heap     ] GC(1051) Old regions: 57->62
[534.165s][info][gc,heap     ] GC(1051) Humongous regions: 4->4
[534.165s][info][gc,metaspace] GC(1051) Metaspace: 43149K(43584K)->43149K(43584K) NonClass: 38805K(39040K)->38805K(39040K) Class: 4343K(4544K)->4343K(4544K)
[534.165s][info][gc          ] GC(1051) Pause Young (Prepare Mixed) (G1 Evacuation Pause) 212M->82M(256M) 22.402ms
[534.165s][info][gc,cpu      ] GC(1051) User=0.04s Sys=0.00s Real=0.02s
[534.515s][info][gc,start    ] GC(1052) Pause Young (Mixed) (G1 Evacuation Pause)
[534.515s][info][gc,task     ] GC(1052) Using 2 workers of 2 for evacuation
[534.555s][info][gc,phases   ] GC(1052)   Pre Evacuate Collection Set: 0.17ms
[534.555s][info][gc,phases   ] GC(1052)   Merge Heap Roots: 0.15ms
[534.555s][info][gc,phases   ] GC(1052)   Evacuate Collection Set: 38.85ms
[534.555s][info][gc,phases   ] GC(1052)   Post Evacuate Collection Set: 0.74ms
[534.555s][info][gc,phases   ] GC(1052)   Other: 0.07ms
[534.555s][info][gc,heap     ] GC(1052) Eden regions: 134->0(148)
[534.555s][info][gc,heap     ] GC(1052) Survivor regions: 18->17(19)
[534.555s][info][gc,heap     ] GC(1052) Old regions: 62->68
[534.555s][info][gc,heap     ] GC(1052) Humongous regions: 6->6
[534.555s][info][gc,metaspace] GC(1052) Metaspace: 43149K(43584K)->43149K(43584K) NonClass: 38805K(39040K)->38805K(39040K) Class: 4343K(4544K)->4343K(4544K)
[534.555s][info][gc          ] GC(1052) Pause Young (Mixed) (G1 Evacuation Pause) 218M->90M(285M) 40.191ms
[534.555s][info][gc,cpu      ] GC(1052) User=0.08s Sys=0.00s Real=0.04s
[534.935s][info][gc,start    ] GC(1053) Pause Young (Concurrent Start) (G1 Evacuation Pause)
[534.935s][info][gc,task     ] GC(1053) Using 2 workers of 2 for evacuation
[534.973s][info][gc,phases   ] GC(1053)   Pre Evacuate Collection Set: 0.18ms
[534.973s][info][gc,phases   ] GC(1053)   Merge Heap Roots: 0.08ms
[534.973s][info][gc,phases   ] GC(1053)   Evacuate Collection Set: 36.69ms
[534.973s][info][gc,phases   ] GC(1053)   Post Evacuate Collection Set: 0.50ms
[534.973s][info][gc,phases   ] GC(1053)   Other: 0.09ms
[534.973s][info][gc,heap     ] GC(1053) Eden regions: 148->0(136)
[534.973s][info][gc,heap     ] GC(1053) Survivor regions: 17->18(21)
[534.973s][info][gc,heap     ] GC(1053) Old regions: 68->85
[534.973s][info][gc,heap     ] GC(1053) Humongous regions: 6->6
[534.973s][info][gc,metaspace] GC(1053) Metaspace: 43149K(43584K)->43149K(43584K) NonClass: 38805K(39040K)->38805K(39040K) Class: 4343K(4544K)->4343K(4544K)
[534.973s][info][gc          ] GC(1053) Pause Young (Concurrent Start) (G1 Evacuation Pause) 238M->108M(285M) 37.745ms
[534.973s][info][gc,cpu      ] GC(1053) User=0.07s Sys=0.00s Real=0.04s
[534.973s][info][gc          ] GC(1054) Concurrent Mark Cycle
[534.973s][info][gc,marking  ] GC(1054) Concurrent Scan Root Regions
[534.998s][info][gc,marking  ] GC(1054) Concurrent Scan Root Regions 25.719ms
[534.999s][info][gc,marking  ] GC(1054) Concurrent Mark
[534.999s][info][gc,marking  ] GC(1054) Concurrent Mark From Roots
[534.999s][info][gc,task     ] GC(1054) Using 1 workers of 1 for marking
[535.055s][info][gc,marking  ] GC(1054) Concurrent Mark From Roots 56.844ms
[535.055s][info][gc,marking  ] GC(1054) Concurrent Preclean
[535.055s][info][gc,marking  ] GC(1054) Concurrent Preclean 0.040ms
[535.056s][info][gc,start    ] GC(1054) Pause Remark
[535.073s][info][gc          ] GC(1054) Pause Remark 144M->132M(285M) 17.036ms
[535.073s][info][gc,cpu      ] GC(1054) User=0.03s Sys=0.00s Real=0.02s
[535.073s][info][gc,marking  ] GC(1054) Concurrent Mark 74.228ms
[535.073s][info][gc,marking  ] GC(1054) Concurrent Rebuild Remembered Sets and Scrub Regions
[535.111s][info][gc,marking  ] GC(1054) Concurrent Rebuild Remembered Sets and Scrub Regions 38.710ms
[535.112s][info][gc,start    ] GC(1054) Pause Cleanup
[535.112s][info][gc          ] GC(1054) Pause Cleanup 148M->148M(285M) 0.048ms
[535.112s][info][gc,cpu      ] GC(1054) User=0.00s Sys=0.00s Real=0.00s
[535.112s][info][gc,marking  ] GC(1054) Concurrent Clear Claimed Marks
[535.112s][info][gc,marking  ] GC(1054) Concurrent Clear Claimed Marks 0.039ms
[535.112s][info][gc,marking  ] GC(1054) Concurrent Cleanup for Next Mark
[535.113s][info][gc,marking  ] GC(1054) Concurrent Cleanup for Next Mark 1.145ms
[535.113s][info][gc          ] GC(1054) Concurrent Mark Cycle 140.257ms
[535.367s][info][gc,start    ] GC(1055) Pause Young (Prepare Mixed) (G1 Evacuation Pause)
[535.367s][info][gc,task     ] GC(1055) Using 2 workers of 2 for evacuation
[535.408s][info][gc,phases   ] GC(1055)   Pre Evacuate Collection Set: 0.17ms
[535.408s][info][gc,phases   ] GC(1055)   Merge Heap Roots: 0.12ms
[535.408s][info][gc,phases   ] GC(1055)   Evacuate Collection Set: 39.99ms
[535.408s][info][gc,phases   ] GC(1055)   Post Evacuate Collection Set: 0.49ms
[535.408s][info][gc,phases   ] GC(1055)   Other: 0.10ms
[535.408s][info][gc,heap     ] GC(1055) Eden regions: 136->0(131)
[535.408s][info][gc,heap     ] GC(1055) Survivor regions: 18->16(20)
[535.408s][info][gc,heap     ] GC(1055) Old regions: 74->91
[535.408s][info][gc,heap     ] GC(1055) Humongous regions: 9->9
[535.408s][info][gc,metaspace] GC(1055) Metaspace: 43149K(43584K)->43149K(43584K) NonClass: 38805K(39040K)->38805K(39040K) Class: 4343K(4544K)->4343K(4544K)
[535.408s][info][gc          ] GC(1055) Pause Young (Prepare Mixed) (G1 Evacuation Pause) 236M->116M(285M) 41.078ms
[535.408s][info][gc,cpu      ] GC(1055) User=0.08s Sys=0.00s Real=0.04s
[535.975s][info][gc,start    ] GC(1056) Pause Young (Mixed) (G1 Evacuation Pause)
[535.975s][info][gc,task     ] GC(1056) Using 2 workers of 2 for evacuation
[536.029s][info][gc,phases   ] GC(1056)   Pre Evacuate Collection Set: 0.27ms
[536.029s][info][gc,phases   ] GC(1056)   Merge Heap Roots: 0.15ms
[536.029s][info][gc,phases   ] GC(1056)   Evacuate Collection Set: 53.82ms
[536.029s][info][gc,phases   ] GC(1056)   Post Evacuate Collection Set: 0.46ms
[536.029s][info][gc,phases   ] GC(1056)   Other: 0.10ms
[536.029s][info][gc,heap     ] GC(1056) Eden regions: 131->0(108)
[536.030s][info][gc,heap     ] GC(1056) Survivor regions: 16->19(19)
[536.030s][info][gc,heap     ] GC(1056) Old regions: 91->110
[536.030s][info][gc,heap     ] GC(1056) Humongous regions: 11->11
[536.030s][info][gc,metaspace] GC(1056) Metaspace: 43149K(43584K)->43149K(43584K) NonClass: 38805K(39040K)->38805K(39040K) Class: 4343K(4544K)->4343K(4544K)
[536.030s][info][gc          ] GC(1056) Pause Young (Mixed) (G1 Evacuation Pause) 249M->139M(291M) 55.052ms
[536.030s][info][gc,cpu      ] GC(1056) User=0.10s Sys=0.01s Real=0.05s
[536.119s][info][gc,start    ] GC(1057) Pause Young (Concurrent Start) (G1 Humongous Allocation)
[536.119s][info][gc,task     ] GC(1057) Using 2 workers of 2 for evacuation
[536.149s][info][gc,phases   ] GC(1057)   Pre Evacuate Collection Set: 0.20ms
[536.149s][info][gc,phases   ] GC(1057)   Merge Heap Roots: 0.14ms
[536.149s][info][gc,phases   ] GC(1057)   Evacuate Collection Set: 29.62ms
[536.149s][info][gc,phases   ] GC(1057)   Post Evacuate Collection Set: 0.38ms
[536.149s][info][gc,phases   ] GC(1057)   Other: 0.10ms
[536.149s][info][gc,heap     ] GC(1057) Eden regions: 6->0(62)
[536.149s][info][gc,heap     ] GC(1057) Survivor regions: 19->6(16)
[536.149s][info][gc,heap     ] GC(1057) Old regions: 110->128
[536.149s][info][gc,heap     ] GC(1057) Humongous regions: 11->11
[536.149s][info][gc,metaspace] GC(1057) Metaspace: 43149K(43584K)->43149K(43584K) NonClass: 38805K(39040K)->38805K(39040K) Class: 4343K(4544K)->4343K(4544K)
[536.149s][info][gc          ] GC(1057) Pause Young (Concurrent Start) (G1 Humongous Allocation) 145M->145M(291M) 30.679ms
[536.149s][info][gc,cpu      ] GC(1057) User=0.05s Sys=0.00s Real=0.03s
[536.149s][info][gc          ] GC(1058) Concurrent Mark Cycle
[536.149s][info][gc,marking  ] GC(1058) Concurrent Scan Root Regions
[536.185s][info][gc,marking  ] GC(1058) Concurrent Scan Root Regions 35.159ms
[536.185s][info][gc,marking  ] GC(1058) Concurrent Mark
[536.185s][info][gc,marking  ] GC(1058) Concurrent Mark From Roots
[536.185s][info][gc,task     ] GC(1058) Using 1 workers of 1 for marking
[536.329s][info][gc,marking  ] GC(1058) Concurrent Mark From Roots 144.551ms
[536.329s][info][gc,marking  ] GC(1058) Concurrent Preclean
[536.329s][info][gc,marking  ] GC(1058) Concurrent Preclean 0.044ms
[536.329s][info][gc,start    ] GC(1058) Pause Remark
[536.349s][info][gc          ] GC(1058) Pause Remark 158M->156M(291M) 19.789ms
[536.349s][info][gc,cpu      ] GC(1058) User=0.04s Sys=0.00s Real=0.02s
[536.349s][info][gc,marking  ] GC(1058) Concurrent Mark 164.734ms
[536.349s][info][gc,marking  ] GC(1058) Concurrent Rebuild Remembered Sets and Scrub Regions
[536.452s][info][gc,marking  ] GC(1058) Concurrent Rebuild Remembered Sets and Scrub Regions 103.144ms
[536.453s][info][gc,start    ] GC(1058) Pause Cleanup
[536.453s][info][gc          ] GC(1058) Pause Cleanup 159M->159M(291M) 0.055ms
[536.453s][info][gc,cpu      ] GC(1058) User=0.00s Sys=0.00s Real=0.00s
[536.453s][info][gc,marking  ] GC(1058) Concurrent Clear Claimed Marks
[536.453s][info][gc,marking  ] GC(1058) Concurrent Clear Claimed Marks 0.043ms
[536.453s][info][gc,marking  ] GC(1058) Concurrent Cleanup for Next Mark
[536.454s][info][gc,marking  ] GC(1058) Concurrent Cleanup for Next Mark 0.905ms
[536.454s][info][gc          ] GC(1058) Concurrent Mark Cycle 304.379ms
[536.997s][info][gc,start    ] GC(1059) Pause Young (Prepare Mixed) (G1 Evacuation Pause)
[536.997s][info][gc,task     ] GC(1059) Using 2 workers of 2 for evacuation
[537.022s][info][gc,phases   ] GC(1059)   Pre Evacuate Collection Set: 0.17ms
[537.022s][info][gc,phases   ] GC(1059)   Merge Heap Roots: 0.65ms
[537.022s][info][gc,phases   ] GC(1059)   Evacuate Collection Set: 23.27ms
[537.022s][info][gc,phases   ] GC(1059)   Post Evacuate Collection Set: 0.44ms
[537.022s][info][gc,phases   ] GC(1059)   Other: 0.07ms
[537.022s][info][gc,heap     ] GC(1059) Eden regions: 62->0(62)
[537.022s][info][gc,heap     ] GC(1059) Survivor regions: 6->9(9)
[537.022s][info][gc,heap     ] GC(1059) Old regions: 128->135
[537.022s][info][gc,heap     ] GC(1059) Humongous regions: 15->13
[537.022s][info][gc,metaspace] GC(1059) Metaspace: 43149K(43584K)->43149K(43584K) NonClass: 38805K(39040K)->38805K(39040K) Class: 4343K(4544K)->4343K(4544K)
[537.022s][info][gc          ] GC(1059) Pause Young (Prepare Mixed) (G1 Evacuation Pause) 211M->157M(291M) 24.787ms
[537.022s][info][gc,cpu      ] GC(1059) User=0.04s Sys=0.00s Real=0.03s
[537.233s][info][gc,start    ] GC(1060) Pause Young (Mixed) (G1 Evacuation Pause)
[537.233s][info][gc,task     ] GC(1060) Using 2 workers of 2 for evacuation
[537.249s][info][gc,phases   ] GC(1060)   Pre Evacuate Collection Set: 0.20ms
[537.250s][info][gc,phases   ] GC(1060)   Merge Heap Roots: 0.15ms
[537.250s][info][gc,phases   ] GC(1060)   Evacuate Collection Set: 15.48ms
[537.250s][info][gc,phases   ] GC(1060)   Post Evacuate Collection Set: 0.37ms
[537.250s][info][gc,phases   ] GC(1060)   Other: 0.07ms
[537.250s][info][gc,heap     ] GC(1060) Eden regions: 62->0(66)
[537.250s][info][gc,heap     ] GC(1060) Survivor regions: 9->4(9)
[537.250s][info][gc,heap     ] GC(1060) Old regions: 135->141
[537.250s][info][gc,heap     ] GC(1060) Humongous regions: 13->13
[537.250s][info][gc,metaspace] GC(1060) Metaspace: 43149K(43584K)->43149K(43584K) NonClass: 38805K(39040K)->38805K(39040K) Class: 4343K(4544K)->4343K(4544K)
[537.250s][info][gc          ] GC(1060) Pause Young (Mixed) (G1 Evacuation Pause) 219M->157M(291M) 16.458ms
[537.250s][info][gc,cpu      ] GC(1060) User=0.03s Sys=0.00s Real=0.01s
[537.497s][info][gc,start    ] GC(1061) Pause Young (Concurrent Start) (G1 Evacuation Pause)
[537.497s][info][gc,task     ] GC(1061) Using 2 workers of 2 for evacuation
[537.504s][info][gc,phases   ] GC(1061)   Pre Evacuate Collection Set: 0.21ms
[537.504s][info][gc,phases   ] GC(1061)   Merge Heap Roots: 0.05ms
[537.504s][info][gc,phases   ] GC(1061)   Evacuate Collection Set: 5.43ms
[537.504s][info][gc,phases   ] GC(1061)   Post Evacuate Collection Set: 1.04ms
[537.504s][info][gc,phases   ] GC(1061)   Other: 0.11ms
[537.504s][info][gc,heap     ] GC(1061) Eden regions: 66->0(111)
[537.504s][info][gc,heap     ] GC(1061) Survivor regions: 4->8(9)
[537.504s][info][gc,heap     ] GC(1061) Old regions: 141->141
[537.504s][info][gc,heap     ] GC(1061) Humongous regions: 13->13
[537.504s][info][gc,metaspace] GC(1061) Metaspace: 43149K(43584K)->43149K(43584K) NonClass: 38805K(39040K)->38805K(39040K) Class: 4343K(4544K)->4343K(4544K)
[537.504s][info][gc          ] GC(1061) Pause Young (Concurrent Start) (G1 Evacuation Pause) 223M->161M(388M) 7.028ms
[537.504s][info][gc,cpu      ] GC(1061) User=0.01s Sys=0.01s Real=0.01s
[537.504s][info][gc          ] GC(1062) Concurrent Mark Cycle
[537.504s][info][gc,marking  ] GC(1062) Concurrent Scan Root Regions
[537.510s][info][gc,marking  ] GC(1062) Concurrent Scan Root Regions 6.068ms
[537.510s][info][gc,marking  ] GC(1062) Concurrent Mark
[537.510s][info][gc,marking  ] GC(1062) Concurrent Mark From Roots
[537.510s][info][gc,task     ] GC(1062) Using 1 workers of 1 for marking
[537.545s][info][gc,marking  ] GC(1062) Concurrent Mark From Roots 34.543ms
[537.545s][info][gc,marking  ] GC(1062) Concurrent Preclean
[537.545s][info][gc,marking  ] GC(1062) Concurrent Preclean 0.036ms
[537.545s][info][gc,start    ] GC(1062) Pause Remark
[537.562s][info][gc          ] GC(1062) Pause Remark 168M->61M(256M) 17.204ms
[537.562s][info][gc,cpu      ] GC(1062) User=0.04s Sys=0.00s Real=0.02s
[537.562s][info][gc,marking  ] GC(1062) Concurrent Mark 52.054ms
[537.563s][info][gc,marking  ] GC(1062) Concurrent Rebuild Remembered Sets and Scrub Regions
[537.576s][info][gc,marking  ] GC(1062) Concurrent Rebuild Remembered Sets and Scrub Regions 13.197ms
[537.576s][info][gc,start    ] GC(1062) Pause Cleanup
[537.576s][info][gc          ] GC(1062) Pause Cleanup 63M->63M(256M) 0.041ms
[537.576s][info][gc,cpu      ] GC(1062) User=0.00s Sys=0.00s Real=0.00s
[537.576s][info][gc,marking  ] GC(1062) Concurrent Clear Claimed Marks
[537.576s][info][gc,marking  ] GC(1062) Concurrent Clear Claimed Marks 0.038ms
[537.576s][info][gc,marking  ] GC(1062) Concurrent Cleanup for Next Mark
[537.577s][info][gc,marking  ] GC(1062) Concurrent Cleanup for Next Mark 0.765ms
[537.577s][info][gc          ] GC(1062) Concurrent Mark Cycle 72.445ms
[538.100s][info][gc,start    ] GC(1063) Pause Young (Prepare Mixed) (G1 Evacuation Pause)
[538.100s][info][gc,task     ] GC(1063) Using 2 workers of 2 for evacuation
[538.111s][info][gc,phases   ] GC(1063)   Pre Evacuate Collection Set: 0.16ms
[538.111s][info][gc,phases   ] GC(1063)   Merge Heap Roots: 0.07ms
[538.111s][info][gc,phases   ] GC(1063)   Evacuate Collection Set: 10.33ms
[538.111s][info][gc,phases   ] GC(1063)   Post Evacuate Collection Set: 0.38ms
[538.111s][info][gc,phases   ] GC(1063)   Other: 0.07ms
[538.111s][info][gc,heap     ] GC(1063) Eden regions: 111->0(107)
[538.111s][info][gc,heap     ] GC(1063) Survivor regions: 8->13(15)
[538.111s][info][gc,heap     ] GC(1063) Old regions: 45->45
[538.111s][info][gc,heap     ] GC(1063) Humongous regions: 1->1
[538.111s][info][gc,metaspace] GC(1063) Metaspace: 43149K(43584K)->43149K(43584K) NonClass: 38805K(39040K)->38805K(39040K) Class: 4343K(4544K)->4343K(4544K)
[538.111s][info][gc          ] GC(1063) Pause Young (Prepare Mixed) (G1 Evacuation Pause) 164M->58M(256M) 11.197ms
[538.111s][info][gc,cpu      ] GC(1063) User=0.01s Sys=0.01s Real=0.02s
[538.742s][info][gc,start    ] GC(1064) Pause Young (Mixed) (G1 Evacuation Pause)
[538.742s][info][gc,task     ] GC(1064) Using 2 workers of 2 for evacuation
[538.747s][info][gc,phases   ] GC(1064)   Pre Evacuate Collection Set: 0.22ms
[538.747s][info][gc,phases   ] GC(1064)   Merge Heap Roots: 0.07ms
[538.747s][info][gc,phases   ] GC(1064)   Evacuate Collection Set: 4.24ms
[538.747s][info][gc,phases   ] GC(1064)   Post Evacuate Collection Set: 0.37ms
[538.747s][info][gc,phases   ] GC(1064)   Other: 0.07ms
[538.747s][info][gc,heap     ] GC(1064) Eden regions: 107->0(121)
[538.747s][info][gc,heap     ] GC(1064) Survivor regions: 13->2(15)
[538.747s][info][gc,heap     ] GC(1064) Old regions: 45->46
[538.747s][info][gc,heap     ] GC(1064) Humongous regions: 1->1
[538.747s][info][gc,metaspace] GC(1064) Metaspace: 43149K(43584K)->43149K(43584K) NonClass: 38805K(39040K)->38805K(39040K) Class: 4343K(4544K)->4343K(4544K)
[538.747s][info][gc          ] GC(1064) Pause Young (Mixed) (G1 Evacuation Pause) 165M->48M(256M) 5.155ms
[538.747s][info][gc,cpu      ] GC(1064) User=0.01s Sys=0.00s Real=0.00s
[539.468s][info][gc,start    ] GC(1065) Pause Young (Concurrent Start) (G1 Evacuation Pause)
[539.468s][info][gc,task     ] GC(1065) Using 2 workers of 2 for evacuation
[539.483s][info][gc,phases   ] GC(1065)   Pre Evacuate Collection Set: 0.22ms
[539.483s][info][gc,phases   ] GC(1065)   Merge Heap Roots: 0.05ms
[539.483s][info][gc,phases   ] GC(1065)   Evacuate Collection Set: 14.27ms
[539.483s][info][gc,phases   ] GC(1065)   Post Evacuate Collection Set: 0.42ms
[539.483s][info][gc,phases   ] GC(1065)   Other: 0.09ms
[539.483s][info][gc,heap     ] GC(1065) Eden regions: 121->0(120)
[539.483s][info][gc,heap     ] GC(1065) Survivor regions: 2->15(16)
[539.483s][info][gc,heap     ] GC(1065) Old regions: 46->46
[539.483s][info][gc,heap     ] GC(1065) Humongous regions: 1->1
[539.483s][info][gc,metaspace] GC(1065) Metaspace: 43149K(43584K)->43149K(43584K) NonClass: 38805K(39040K)->38805K(39040K) Class: 4343K(4544K)->4343K(4544K)
[539.483s][info][gc          ] GC(1065) Pause Young (Concurrent Start) (G1 Evacuation Pause) 169M->61M(256M) 15.276ms
[539.483s][info][gc,cpu      ] GC(1065) User=0.03s Sys=0.00s Real=0.02s
[539.483s][info][gc          ] GC(1066) Concurrent Mark Cycle
[539.484s][info][gc,marking  ] GC(1066) Concurrent Scan Root Regions
[539.495s][info][gc,marking  ] GC(1066) Concurrent Scan Root Regions 11.279ms
[539.495s][info][gc,marking  ] GC(1066) Concurrent Mark
[539.495s][info][gc,marking  ] GC(1066) Concurrent Mark From Roots
[539.495s][info][gc,task     ] GC(1066) Using 1 workers of 1 for marking
[539.535s][info][gc,marking  ] GC(1066) Concurrent Mark From Roots 40.183ms
[539.535s][info][gc,marking  ] GC(1066) Concurrent Preclean
[539.535s][info][gc,marking  ] GC(1066) Concurrent Preclean 0.036ms
[539.535s][info][gc,start    ] GC(1066) Pause Remark
[539.552s][info][gc          ] GC(1066) Pause Remark 70M->70M(256M) 17.157ms
[539.552s][info][gc,cpu      ] GC(1066) User=0.04s Sys=0.00s Real=0.02s
[539.553s][info][gc,marking  ] GC(1066) Concurrent Mark 57.752ms
[539.553s][info][gc,marking  ] GC(1066) Concurrent Rebuild Remembered Sets and Scrub Regions
[539.569s][info][gc,marking  ] GC(1066) Concurrent Rebuild Remembered Sets and Scrub Regions 16.002ms
[539.569s][info][gc,start    ] GC(1066) Pause Cleanup
[539.569s][info][gc          ] GC(1066) Pause Cleanup 72M->72M(256M) 0.040ms
[539.569s][info][gc,cpu      ] GC(1066) User=0.00s Sys=0.00s Real=0.00s
[539.569s][info][gc,marking  ] GC(1066) Concurrent Clear Claimed Marks
[539.569s][info][gc,marking  ] GC(1066) Concurrent Clear Claimed Marks 0.037ms
[539.569s][info][gc,marking  ] GC(1066) Concurrent Cleanup for Next Mark
[539.570s][info][gc,marking  ] GC(1066) Concurrent Cleanup for Next Mark 0.746ms
[539.570s][info][gc          ] GC(1066) Concurrent Mark Cycle 86.185ms
[540.234s][info][gc,start    ] GC(1067) Pause Young (Prepare Mixed) (G1 Evacuation Pause)
[540.234s][info][gc,task     ] GC(1067) Using 2 workers of 2 for evacuation
[540.248s][info][gc,phases   ] GC(1067)   Pre Evacuate Collection Set: 0.15ms
[540.248s][info][gc,phases   ] GC(1067)   Merge Heap Roots: 0.07ms
[540.248s][info][gc,phases   ] GC(1067)   Evacuate Collection Set: 13.32ms
[540.248s][info][gc,phases   ] GC(1067)   Post Evacuate Collection Set: 0.40ms
[540.248s][info][gc,phases   ] GC(1067)   Other: 0.07ms
[540.248s][info][gc,heap     ] GC(1067) Eden regions: 120->0(127)
[540.248s][info][gc,heap     ] GC(1067) Survivor regions: 15->11(17)
[540.248s][info][gc,heap     ] GC(1067) Old regions: 46->49
[540.248s][info][gc,heap     ] GC(1067) Humongous regions: 1->1
[540.248s][info][gc,metaspace] GC(1067) Metaspace: 43149K(43584K)->43149K(43584K) NonClass: 38805K(39040K)->38805K(39040K) Class: 4343K(4544K)->4343K(4544K)
[540.248s][info][gc          ] GC(1067) Pause Young (Prepare Mixed) (G1 Evacuation Pause) 181M->60M(256M) 14.226ms
[540.248s][info][gc,cpu      ] GC(1067) User=0.03s Sys=0.00s Real=0.01s
[540.995s][info][gc,start    ] GC(1068) Pause Young (Mixed) (G1 Evacuation Pause)
[540.995s][info][gc,task     ] GC(1068) Using 2 workers of 2 for evacuation
[541.017s][info][gc,phases   ] GC(1068)   Pre Evacuate Collection Set: 0.18ms
[541.017s][info][gc,phases   ] GC(1068)   Merge Heap Roots: 0.07ms
[541.017s][info][gc,phases   ] GC(1068)   Evacuate Collection Set: 20.64ms
[541.017s][info][gc,phases   ] GC(1068)   Post Evacuate Collection Set: 0.41ms
[541.017s][info][gc,phases   ] GC(1068)   Other: 0.08ms
[541.017s][info][gc,heap     ] GC(1068) Eden regions: 127->0(125)
[541.017s][info][gc,heap     ] GC(1068) Survivor regions: 11->14(18)
[541.017s][info][gc,heap     ] GC(1068) Old regions: 49->54
[541.017s][info][gc,heap     ] GC(1068) Humongous regions: 2->2
[541.017s][info][gc,metaspace] GC(1068) Metaspace: 43149K(43584K)->43149K(43584K) NonClass: 38805K(39040K)->38805K(39040K) Class: 4343K(4544K)->4343K(4544K)
[541.017s][info][gc          ] GC(1068) Pause Young (Mixed) (G1 Evacuation Pause) 188M->69M(256M) 21.576ms
[541.017s][info][gc,cpu      ] GC(1068) User=0.05s Sys=0.00s Real=0.02s
[541.759s][info][gc,start    ] GC(1069) Pause Young (Concurrent Start) (G1 Evacuation Pause)
[541.759s][info][gc,task     ] GC(1069) Using 2 workers of 2 for evacuation
[541.782s][info][gc,phases   ] GC(1069)   Pre Evacuate Collection Set: 0.18ms
[541.782s][info][gc,phases   ] GC(1069)   Merge Heap Roots: 0.07ms
[541.782s][info][gc,phases   ] GC(1069)   Evacuate Collection Set: 22.16ms
[541.782s][info][gc,phases   ] GC(1069)   Post Evacuate Collection Set: 0.48ms
[541.782s][info][gc,phases   ] GC(1069)   Other: 0.10ms
[541.782s][info][gc,heap     ] GC(1069) Eden regions: 125->0(122)
[541.782s][info][gc,heap     ] GC(1069) Survivor regions: 14->12(18)
[541.782s][info][gc,heap     ] GC(1069) Old regions: 54->67
[541.782s][info][gc,heap     ] GC(1069) Humongous regions: 2->2
[541.782s][info][gc,metaspace] GC(1069) Metaspace: 43149K(43584K)->43149K(43584K) NonClass: 38805K(39040K)->38805K(39040K) Class: 4343K(4544K)->4343K(4544K)
[541.782s][info][gc          ] GC(1069) Pause Young (Concurrent Start) (G1 Evacuation Pause) 194M->81M(256M) 23.186ms
[541.782s][info][gc,cpu      ] GC(1069) User=0.04s Sys=0.00s Real=0.03s
[541.782s][info][gc          ] GC(1070) Concurrent Mark Cycle
[541.782s][info][gc,marking  ] GC(1070) Concurrent Scan Root Regions
[541.801s][info][gc,marking  ] GC(1070) Concurrent Scan Root Regions 19.015ms
[541.801s][info][gc,marking  ] GC(1070) Concurrent Mark
[541.801s][info][gc,marking  ] GC(1070) Concurrent Mark From Roots
[541.801s][info][gc,task     ] GC(1070) Using 1 workers of 1 for marking
[541.840s][info][gc,marking  ] GC(1070) Concurrent Mark From Roots 39.252ms
[541.840s][info][gc,marking  ] GC(1070) Concurrent Preclean
[541.840s][info][gc,marking  ] GC(1070) Concurrent Preclean 0.036ms
[541.840s][info][gc,start    ] GC(1070) Pause Remark
[541.858s][info][gc          ] GC(1070) Pause Remark 90M->88M(256M) 17.122ms
[541.858s][info][gc,cpu      ] GC(1070) User=0.04s Sys=0.00s Real=0.01s
[541.858s][info][gc,marking  ] GC(1070) Concurrent Mark 56.715ms
[541.858s][info][gc,marking  ] GC(1070) Concurrent Rebuild Remembered Sets and Scrub Regions
[541.882s][info][gc,marking  ] GC(1070) Concurrent Rebuild Remembered Sets and Scrub Regions 24.759ms
[541.883s][info][gc,start    ] GC(1070) Pause Cleanup
[541.883s][info][gc          ] GC(1070) Pause Cleanup 92M->92M(256M) 0.049ms
[541.883s][info][gc,cpu      ] GC(1070) User=0.00s Sys=0.00s Real=0.00s
[541.883s][info][gc,marking  ] GC(1070) Concurrent Clear Claimed Marks
[541.883s][info][gc,marking  ] GC(1070) Concurrent Clear Claimed Marks 0.039ms
[541.883s][info][gc,marking  ] GC(1070) Concurrent Cleanup for Next Mark
[541.884s][info][gc,marking  ] GC(1070) Concurrent Cleanup for Next Mark 0.742ms
[541.884s][info][gc          ] GC(1070) Concurrent Mark Cycle 101.670ms
[542.376s][info][gc,start    ] GC(1071) Pause Young (Prepare Mixed) (G1 Evacuation Pause)
[542.376s][info][gc,task     ] GC(1071) Using 2 workers of 2 for evacuation
[542.394s][info][gc,phases   ] GC(1071)   Pre Evacuate Collection Set: 0.17ms
[542.394s][info][gc,phases   ] GC(1071)   Merge Heap Roots: 0.08ms
[542.394s][info][gc,phases   ] GC(1071)   Evacuate Collection Set: 17.80ms
[542.394s][info][gc,phases   ] GC(1071)   Post Evacuate Collection Set: 0.43ms
[542.394s][info][gc,phases   ] GC(1071)   Other: 0.08ms
[542.394s][info][gc,heap     ] GC(1071) Eden regions: 122->0(116)
[542.394s][info][gc,heap     ] GC(1071) Survivor regions: 12->16(17)
[542.394s][info][gc,heap     ] GC(1071) Old regions: 65->70
[542.394s][info][gc,heap     ] GC(1071) Humongous regions: 6->4
[542.394s][info][gc,metaspace] GC(1071) Metaspace: 43149K(43584K)->43149K(43584K) NonClass: 38805K(39040K)->38805K(39040K) Class: 4343K(4544K)->4343K(4544K)
[542.394s][info][gc          ] GC(1071) Pause Young (Prepare Mixed) (G1 Evacuation Pause) 205M->89M(256M) 18.781ms
[542.394s][info][gc,cpu      ] GC(1071) User=0.04s Sys=0.00s Real=0.02s
[542.857s][info][gc,start    ] GC(1072) Pause Young (Mixed) (G1 Evacuation Pause)
[542.857s][info][gc,task     ] GC(1072) Using 2 workers of 2 for evacuation
[542.869s][info][gc,phases   ] GC(1072)   Pre Evacuate Collection Set: 0.22ms
[542.869s][info][gc,phases   ] GC(1072)   Merge Heap Roots: 0.14ms
[542.869s][info][gc,phases   ] GC(1072)   Evacuate Collection Set: 11.23ms
[542.869s][info][gc,phases   ] GC(1072)   Post Evacuate Collection Set: 0.44ms
[542.869s][info][gc,phases   ] GC(1072)   Other: 0.09ms
[542.869s][info][gc,heap     ] GC(1072) Eden regions: 116->0(134)
[542.869s][info][gc,heap     ] GC(1072) Survivor regions: 16->3(17)
[542.869s][info][gc,heap     ] GC(1072) Old regions: 70->66
[542.869s][info][gc,heap     ] GC(1072) Humongous regions: 16->4
[542.869s][info][gc,metaspace] GC(1072) Metaspace: 43149K(43584K)->43149K(43584K) NonClass: 38805K(39040K)->38805K(39040K) Class: 4343K(4544K)->4343K(4544K)
[542.869s][info][gc          ] GC(1072) Pause Young (Mixed) (G1 Evacuation Pause) 217M->72M(256M) 12.300ms
[542.869s][info][gc,cpu      ] GC(1072) User=0.02s Sys=0.00s Real=0.01s
[542.876s][info][gc,start    ] GC(1073) Pause Young (Concurrent Start) (G1 Humongous Allocation)
[542.876s][info][gc,task     ] GC(1073) Using 2 workers of 2 for evacuation
[542.877s][info][gc,phases   ] GC(1073)   Pre Evacuate Collection Set: 0.15ms
[542.877s][info][gc,phases   ] GC(1073)   Merge Heap Roots: 0.04ms
[542.877s][info][gc,phases   ] GC(1073)   Evacuate Collection Set: 1.10ms
[542.877s][info][gc,phases   ] GC(1073)   Post Evacuate Collection Set: 0.28ms
[542.877s][info][gc,phases   ] GC(1073)   Other: 0.06ms
[542.877s][info][gc,heap     ] GC(1073) Eden regions: 2->0(141)
[542.877s][info][gc,heap     ] GC(1073) Survivor regions: 3->1(18)
[542.877s][info][gc,heap     ] GC(1073) Old regions: 66->66
[542.877s][info][gc,heap     ] GC(1073) Humongous regions: 4->2
[542.878s][info][gc,metaspace] GC(1073) Metaspace: 43149K(43584K)->43149K(43584K) NonClass: 38805K(39040K)->38805K(39040K) Class: 4343K(4544K)->4343K(4544K)
[542.878s][info][gc          ] GC(1073) Pause Young (Concurrent Start) (G1 Humongous Allocation) 74M->68M(256M) 1.784ms
[542.878s][info][gc          ] GC(1074) Concurrent Mark Cycle
[542.878s][info][gc,marking  ] GC(1074) Concurrent Scan Root Regions
[542.878s][info][gc,cpu      ] GC(1073) User=0.01s Sys=0.00s Real=0.00s
[542.881s][info][gc,marking  ] GC(1074) Concurrent Scan Root Regions 3.074ms
[542.881s][info][gc,marking  ] GC(1074) Concurrent Mark
[542.881s][info][gc,marking  ] GC(1074) Concurrent Mark From Roots
[542.881s][info][gc,task     ] GC(1074) Using 1 workers of 1 for marking
[542.923s][info][gc,marking  ] GC(1074) Concurrent Mark From Roots 42.043ms
[542.923s][info][gc,marking  ] GC(1074) Concurrent Preclean
[542.923s][info][gc,marking  ] GC(1074) Concurrent Preclean 0.039ms
[542.923s][info][gc,start    ] GC(1074) Pause Remark
[542.940s][info][gc          ] GC(1074) Pause Remark 78M->65M(256M) 16.759ms
[542.940s][info][gc,cpu      ] GC(1074) User=0.04s Sys=0.00s Real=0.01s
[542.940s][info][gc,marking  ] GC(1074) Concurrent Mark 59.057ms
[542.940s][info][gc,marking  ] GC(1074) Concurrent Rebuild Remembered Sets and Scrub Regions
[542.959s][info][gc,marking  ] GC(1074) Concurrent Rebuild Remembered Sets and Scrub Regions 19.307ms
[542.959s][info][gc,start    ] GC(1074) Pause Cleanup
[542.959s][info][gc          ] GC(1074) Pause Cleanup 71M->71M(256M) 0.050ms
[542.959s][info][gc,cpu      ] GC(1074) User=0.00s Sys=0.00s Real=0.00s
[542.959s][info][gc,marking  ] GC(1074) Concurrent Clear Claimed Marks
[542.959s][info][gc,marking  ] GC(1074) Concurrent Clear Claimed Marks 0.040ms
[542.959s][info][gc,marking  ] GC(1074) Concurrent Cleanup for Next Mark
[542.960s][info][gc,marking  ] GC(1074) Concurrent Cleanup for Next Mark 0.856ms
[542.960s][info][gc          ] GC(1074) Concurrent Mark Cycle 82.665ms
[543.518s][info][gc,start    ] GC(1075) Pause Young (Prepare Mixed) (G1 Evacuation Pause)
[543.518s][info][gc,task     ] GC(1075) Using 2 workers of 2 for evacuation
[543.524s][info][gc,phases   ] GC(1075)   Pre Evacuate Collection Set: 0.15ms
[543.524s][info][gc,phases   ] GC(1075)   Merge Heap Roots: 0.08ms
[543.524s][info][gc,phases   ] GC(1075)   Evacuate Collection Set: 5.10ms
[543.524s][info][gc,phases   ] GC(1075)   Post Evacuate Collection Set: 0.44ms
[543.524s][info][gc,phases   ] GC(1075)   Other: 0.08ms
[543.524s][info][gc,heap     ] GC(1075) Eden regions: 141->0(147)
[543.524s][info][gc,heap     ] GC(1075) Survivor regions: 1->6(18)
[543.524s][info][gc,heap     ] GC(1075) Old regions: 54->54
[543.524s][info][gc,heap     ] GC(1075) Humongous regions: 9->3
[543.524s][info][gc,metaspace] GC(1075) Metaspace: 43149K(43584K)->43149K(43584K) NonClass: 38805K(39040K)->38805K(39040K) Class: 4343K(4544K)->4343K(4544K)
[543.524s][info][gc          ] GC(1075) Pause Young (Prepare Mixed) (G1 Evacuation Pause) 204M->62M(256M) 6.012ms
[543.524s][info][gc,cpu      ] GC(1075) User=0.01s Sys=0.00s Real=0.01s
[544.110s][info][gc,start    ] GC(1076) Pause Young (Mixed) (G1 Evacuation Pause)
[544.110s][info][gc,task     ] GC(1076) Using 2 workers of 2 for evacuation
[544.121s][info][gc,phases   ] GC(1076)   Pre Evacuate Collection Set: 0.15ms
[544.121s][info][gc,phases   ] GC(1076)   Merge Heap Roots: 0.09ms
[544.121s][info][gc,phases   ] GC(1076)   Evacuate Collection Set: 9.58ms
[544.121s][info][gc,phases   ] GC(1076)   Post Evacuate Collection Set: 0.49ms
[544.121s][info][gc,phases   ] GC(1076)   Other: 0.10ms
[544.121s][info][gc,heap     ] GC(1076) Eden regions: 147->0(143)
[544.121s][info][gc,heap     ] GC(1076) Survivor regions: 6->10(20)
[544.121s][info][gc,heap     ] GC(1076) Old regions: 54->41
[544.121s][info][gc,heap     ] GC(1076) Humongous regions: 11->3
[544.121s][info][gc,metaspace] GC(1076) Metaspace: 43149K(43584K)->43149K(43584K) NonClass: 38805K(39040K)->38805K(39040K) Class: 4343K(4544K)->4343K(4544K)
[544.121s][info][gc          ] GC(1076) Pause Young (Mixed) (G1 Evacuation Pause) 217M->53M(256M) 10.586ms
[544.121s][info][gc,cpu      ] GC(1076) User=0.02s Sys=0.00s Real=0.02s
[544.731s][info][gc,start    ] GC(1077) Pause Young (Concurrent Start) (G1 Evacuation Pause)
[544.731s][info][gc,task     ] GC(1077) Using 2 workers of 2 for evacuation
[544.755s][info][gc,phases   ] GC(1077)   Pre Evacuate Collection Set: 0.17ms
[544.755s][info][gc,phases   ] GC(1077)   Merge Heap Roots: 0.07ms
[544.755s][info][gc,phases   ] GC(1077)   Evacuate Collection Set: 23.40ms
[544.755s][info][gc,phases   ] GC(1077)   Post Evacuate Collection Set: 0.45ms
[544.755s][info][gc,phases   ] GC(1077)   Other: 0.11ms
[544.755s][info][gc,heap     ] GC(1077) Eden regions: 143->0(133)
[544.755s][info][gc,heap     ] GC(1077) Survivor regions: 10->20(20)
[544.755s][info][gc,heap     ] GC(1077) Old regions: 41->43
[544.755s][info][gc,heap     ] GC(1077) Humongous regions: 3->3
[544.755s][info][gc,metaspace] GC(1077) Metaspace: 43149K(43584K)->43149K(43584K) NonClass: 38805K(39040K)->38805K(39040K) Class: 4343K(4544K)->4343K(4544K)
[544.755s][info][gc          ] GC(1077) Pause Young (Concurrent Start) (G1 Evacuation Pause) 196M->65M(256M) 24.441ms
[544.755s][info][gc,cpu      ] GC(1077) User=0.05s Sys=0.00s Real=0.02s
[544.756s][info][gc          ] GC(1078) Concurrent Mark Cycle
[544.756s][info][gc,marking  ] GC(1078) Concurrent Scan Root Regions
[544.780s][info][gc,marking  ] GC(1078) Concurrent Scan Root Regions 24.734ms
[544.780s][info][gc,marking  ] GC(1078) Concurrent Mark
[544.780s][info][gc,marking  ] GC(1078) Concurrent Mark From Roots
[544.780s][info][gc,task     ] GC(1078) Using 1 workers of 1 for marking
[544.849s][info][gc,marking  ] GC(1078) Concurrent Mark From Roots 69.025ms
[544.849s][info][gc,marking  ] GC(1078) Concurrent Preclean
[544.849s][info][gc,marking  ] GC(1078) Concurrent Preclean 0.039ms
[544.850s][info][gc,start    ] GC(1078) Pause Remark
[544.867s][info][gc          ] GC(1078) Pause Remark 81M->81M(256M) 17.294ms
[544.867s][info][gc,cpu      ] GC(1078) User=0.04s Sys=0.00s Real=0.02s
[544.867s][info][gc,marking  ] GC(1078) Concurrent Mark 86.662ms
[544.867s][info][gc,marking  ] GC(1078) Concurrent Rebuild Remembered Sets and Scrub Regions
[544.888s][info][gc,marking  ] GC(1078) Concurrent Rebuild Remembered Sets and Scrub Regions 20.824ms
[544.888s][info][gc,start    ] GC(1078) Pause Cleanup
[544.888s][info][gc          ] GC(1078) Pause Cleanup 87M->87M(256M) 0.060ms
[544.888s][info][gc,cpu      ] GC(1078) User=0.00s Sys=0.00s Real=0.00s
[544.888s][info][gc,marking  ] GC(1078) Concurrent Clear Claimed Marks
[544.888s][info][gc,marking  ] GC(1078) Concurrent Clear Claimed Marks 0.045ms
[544.888s][info][gc,marking  ] GC(1078) Concurrent Cleanup for Next Mark
[544.890s][info][gc,marking  ] GC(1078) Concurrent Cleanup for Next Mark 2.225ms
[544.891s][info][gc          ] GC(1078) Concurrent Mark Cycle 135.015ms
[545.291s][info][gc,start    ] GC(1079) Pause Young (Prepare Mixed) (G1 Evacuation Pause)
[545.291s][info][gc,task     ] GC(1079) Using 2 workers of 2 for evacuation
[545.314s][info][gc,phases   ] GC(1079)   Pre Evacuate Collection Set: 0.16ms
[545.314s][info][gc,phases   ] GC(1079)   Merge Heap Roots: 0.10ms
[545.314s][info][gc,phases   ] GC(1079)   Evacuate Collection Set: 22.80ms
[545.314s][info][gc,phases   ] GC(1079)   Post Evacuate Collection Set: 0.52ms
[545.314s][info][gc,phases   ] GC(1079)   Other: 0.10ms
[545.315s][info][gc,heap     ] GC(1079) Eden regions: 133->0(144)
[545.315s][info][gc,heap     ] GC(1079) Survivor regions: 20->8(20)
[545.315s][info][gc,heap     ] GC(1079) Old regions: 43->60
[545.315s][info][gc,heap     ] GC(1079) Humongous regions: 17->3
[545.315s][info][gc,metaspace] GC(1079) Metaspace: 43149K(43584K)->43149K(43584K) NonClass: 38805K(39040K)->38805K(39040K) Class: 4343K(4544K)->4343K(4544K)
[545.315s][info][gc          ] GC(1079) Pause Young (Prepare Mixed) (G1 Evacuation Pause) 212M->70M(256M) 23.866ms
[545.315s][info][gc,cpu      ] GC(1079) User=0.04s Sys=0.00s Real=0.02s
[545.875s][info][gc,start    ] GC(1080) Pause Young (Mixed) (G1 Evacuation Pause)
[545.875s][info][gc,task     ] GC(1080) Using 2 workers of 2 for evacuation
[545.890s][info][gc,phases   ] GC(1080)   Pre Evacuate Collection Set: 0.17ms
[545.890s][info][gc,phases   ] GC(1080)   Merge Heap Roots: 0.12ms
[545.890s][info][gc,phases   ] GC(1080)   Evacuate Collection Set: 14.57ms
[545.890s][info][gc,phases   ] GC(1080)   Post Evacuate Collection Set: 0.46ms
[545.890s][info][gc,phases   ] GC(1080)   Other: 0.11ms
[545.890s][info][gc,heap     ] GC(1080) Eden regions: 144->0(143)
[545.890s][info][gc,heap     ] GC(1080) Survivor regions: 8->10(19)
[545.890s][info][gc,heap     ] GC(1080) Old regions: 60->58
[545.890s][info][gc,heap     ] GC(1080) Humongous regions: 13->3
[545.890s][info][gc,metaspace] GC(1080) Metaspace: 43149K(43584K)->43149K(43584K) NonClass: 38805K(39040K)->38805K(39040K) Class: 4343K(4544K)->4343K(4544K)
[545.891s][info][gc          ] GC(1080) Pause Young (Mixed) (G1 Evacuation Pause) 224M->70M(256M) 15.627ms
[545.891s][info][gc,cpu      ] GC(1080) User=0.03s Sys=0.00s Real=0.02s
[545.941s][info][gc,start    ] GC(1081) Pause Young (Concurrent Start) (G1 Humongous Allocation)
[545.941s][info][gc,task     ] GC(1081) Using 2 workers of 2 for evacuation
[545.947s][info][gc,phases   ] GC(1081)   Pre Evacuate Collection Set: 0.30ms
[545.947s][info][gc,phases   ] GC(1081)   Merge Heap Roots: 0.06ms
[545.947s][info][gc,phases   ] GC(1081)   Evacuate Collection Set: 5.16ms
[545.947s][info][gc,phases   ] GC(1081)   Post Evacuate Collection Set: 0.43ms
[545.947s][info][gc,phases   ] GC(1081)   Other: 0.14ms
[545.947s][info][gc,heap     ] GC(1081) Eden regions: 12->0(150)
[545.947s][info][gc,heap     ] GC(1081) Survivor regions: 10->3(20)
[545.947s][info][gc,heap     ] GC(1081) Old regions: 58->58
[545.947s][info][gc,heap     ] GC(1081) Humongous regions: 3->1
[545.947s][info][gc,metaspace] GC(1081) Metaspace: 43149K(43584K)->43149K(43584K) NonClass: 38805K(39040K)->38805K(39040K) Class: 4343K(4544K)->4343K(4544K)
[545.947s][info][gc          ] GC(1081) Pause Young (Concurrent Start) (G1 Humongous Allocation) 82M->61M(256M) 6.262ms
[545.947s][info][gc,cpu      ] GC(1081) User=0.01s Sys=0.00s Real=0.00s
[545.952s][info][gc          ] GC(1082) Concurrent Mark Cycle
[545.952s][info][gc,marking  ] GC(1082) Concurrent Scan Root Regions
[545.956s][info][gc,marking  ] GC(1082) Concurrent Scan Root Regions 3.998ms
[545.956s][info][gc,marking  ] GC(1082) Concurrent Mark
[545.956s][info][gc,marking  ] GC(1082) Concurrent Mark From Roots
[545.956s][info][gc,task     ] GC(1082) Using 1 workers of 1 for marking
[546.043s][info][gc,marking  ] GC(1082) Concurrent Mark From Roots 87.089ms
[546.043s][info][gc,marking  ] GC(1082) Concurrent Preclean
[546.043s][info][gc,marking  ] GC(1082) Concurrent Preclean 0.040ms
[546.043s][info][gc,start    ] GC(1082) Pause Remark
[546.061s][info][gc          ] GC(1082) Pause Remark 84M->84M(256M) 17.517ms
[546.061s][info][gc,cpu      ] GC(1082) User=0.03s Sys=0.00s Real=0.02s
[546.063s][info][gc,marking  ] GC(1082) Concurrent Mark 107.341ms
[546.064s][info][gc,marking  ] GC(1082) Concurrent Rebuild Remembered Sets and Scrub Regions
[546.095s][info][gc,marking  ] GC(1082) Concurrent Rebuild Remembered Sets and Scrub Regions 30.988ms
[546.095s][info][gc,start    ] GC(1082) Pause Cleanup
[546.095s][info][gc          ] GC(1082) Pause Cleanup 90M->90M(256M) 0.067ms
[546.095s][info][gc,cpu      ] GC(1082) User=0.00s Sys=0.00s Real=0.00s
[546.095s][info][gc,marking  ] GC(1082) Concurrent Clear Claimed Marks
[546.095s][info][gc,marking  ] GC(1082) Concurrent Clear Claimed Marks 0.046ms
[546.095s][info][gc,marking  ] GC(1082) Concurrent Cleanup for Next Mark
[546.096s][info][gc,marking  ] GC(1082) Concurrent Cleanup for Next Mark 0.791ms
[546.096s][info][gc          ] GC(1082) Concurrent Mark Cycle 143.527ms
[546.589s][info][gc,start    ] GC(1083) Pause Young (Prepare Mixed) (G1 Evacuation Pause)
[546.589s][info][gc,task     ] GC(1083) Using 2 workers of 2 for evacuation
[546.606s][info][gc,phases   ] GC(1083)   Pre Evacuate Collection Set: 0.42ms
[546.606s][info][gc,phases   ] GC(1083)   Merge Heap Roots: 0.14ms
[546.606s][info][gc,phases   ] GC(1083)   Evacuate Collection Set: 15.67ms
[546.606s][info][gc,phases   ] GC(1083)   Post Evacuate Collection Set: 0.47ms
[546.606s][info][gc,phases   ] GC(1083)   Other: 0.10ms
[546.606s][info][gc,heap     ] GC(1083) Eden regions: 150->0(141)
[546.606s][info][gc,heap     ] GC(1083) Survivor regions: 3->12(20)
[546.606s][info][gc,heap     ] GC(1083) Old regions: 58->58
[546.606s][info][gc,heap     ] GC(1083) Humongous regions: 15->3
[546.606s][info][gc,metaspace] GC(1083) Metaspace: 43149K(43584K)->43149K(43584K) NonClass: 38805K(39040K)->38805K(39040K) Class: 4343K(4544K)->4343K(4544K)
[546.606s][info][gc          ] GC(1083) Pause Young (Prepare Mixed) (G1 Evacuation Pause) 225M->72M(256M) 17.001ms
[546.606s][info][gc,cpu      ] GC(1083) User=0.02s Sys=0.00s Real=0.02s
[547.168s][info][gc,start    ] GC(1084) Pause Young (Mixed) (G1 Evacuation Pause)
[547.168s][info][gc,task     ] GC(1084) Using 2 workers of 2 for evacuation
[547.223s][info][gc,phases   ] GC(1084)   Pre Evacuate Collection Set: 0.18ms
[547.223s][info][gc,phases   ] GC(1084)   Merge Heap Roots: 0.17ms
[547.223s][info][gc,phases   ] GC(1084)   Evacuate Collection Set: 54.45ms
[547.223s][info][gc,phases   ] GC(1084)   Post Evacuate Collection Set: 0.49ms
[547.223s][info][gc,phases   ] GC(1084)   Other: 0.07ms
[547.223s][info][gc,heap     ] GC(1084) Eden regions: 141->0(133)
[547.223s][info][gc,heap     ] GC(1084) Survivor regions: 12->20(20)
[547.223s][info][gc,heap     ] GC(1084) Old regions: 58->59
[547.223s][info][gc,heap     ] GC(1084) Humongous regions: 3->3
[547.223s][info][gc,metaspace] GC(1084) Metaspace: 43149K(43584K)->43149K(43584K) NonClass: 38806K(39040K)->38806K(39040K) Class: 4343K(4544K)->4343K(4544K)
[547.223s][info][gc          ] GC(1084) Pause Young (Mixed) (G1 Evacuation Pause) 213M->82M(256M) 55.574ms
[547.223s][info][gc,cpu      ] GC(1084) User=0.07s Sys=0.00s Real=0.06s
[547.823s][info][gc,start    ] GC(1085) Pause Young (Concurrent Start) (G1 Humongous Allocation)
[547.823s][info][gc,task     ] GC(1085) Using 2 workers of 2 for evacuation
[547.844s][info][gc,phases   ] GC(1085)   Pre Evacuate Collection Set: 0.16ms
[547.844s][info][gc,phases   ] GC(1085)   Merge Heap Roots: 0.06ms
[547.844s][info][gc,phases   ] GC(1085)   Evacuate Collection Set: 19.85ms
[547.844s][info][gc,phases   ] GC(1085)   Post Evacuate Collection Set: 0.44ms
[547.844s][info][gc,phases   ] GC(1085)   Other: 0.13ms
[547.844s][info][gc,heap     ] GC(1085) Eden regions: 131->0(136)
[547.844s][info][gc,heap     ] GC(1085) Survivor regions: 20->12(20)
[547.844s][info][gc,heap     ] GC(1085) Old regions: 59->67
[547.844s][info][gc,heap     ] GC(1085) Humongous regions: 3->1
[547.844s][info][gc,metaspace] GC(1085) Metaspace: 43149K(43584K)->43149K(43584K) NonClass: 38806K(39040K)->38806K(39040K) Class: 4343K(4544K)->4343K(4544K)
[547.844s][info][gc          ] GC(1085) Pause Young (Concurrent Start) (G1 Humongous Allocation) 213M->79M(256M) 20.826ms
[547.844s][info][gc,cpu      ] GC(1085) User=0.04s Sys=0.00s Real=0.02s
[547.844s][info][gc          ] GC(1086) Concurrent Mark Cycle
[547.844s][info][gc,marking  ] GC(1086) Concurrent Scan Root Regions
[547.860s][info][gc,marking  ] GC(1086) Concurrent Scan Root Regions 16.008ms
[547.860s][info][gc,marking  ] GC(1086) Concurrent Mark
[547.860s][info][gc,marking  ] GC(1086) Concurrent Mark From Roots
[547.860s][info][gc,task     ] GC(1086) Using 1 workers of 1 for marking
[547.915s][info][gc,marking  ] GC(1086) Concurrent Mark From Roots 55.114ms
[547.915s][info][gc,marking  ] GC(1086) Concurrent Preclean
[547.916s][info][gc,marking  ] GC(1086) Concurrent Preclean 0.035ms
[547.916s][info][gc,start    ] GC(1086) Pause Remark
[547.933s][info][gc          ] GC(1086) Pause Remark 100M->86M(256M) 17.090ms
[547.933s][info][gc,cpu      ] GC(1086) User=0.03s Sys=0.00s Real=0.02s
[547.933s][info][gc,marking  ] GC(1086) Concurrent Mark 72.513ms
[547.933s][info][gc,marking  ] GC(1086) Concurrent Rebuild Remembered Sets and Scrub Regions
[547.960s][info][gc,marking  ] GC(1086) Concurrent Rebuild Remembered Sets and Scrub Regions 27.125ms
[547.960s][info][gc,start    ] GC(1086) Pause Cleanup
[547.960s][info][gc          ] GC(1086) Pause Cleanup 93M->93M(256M) 0.044ms
[547.960s][info][gc,cpu      ] GC(1086) User=0.01s Sys=0.00s Real=0.00s
[547.960s][info][gc,marking  ] GC(1086) Concurrent Clear Claimed Marks
[547.960s][info][gc,marking  ] GC(1086) Concurrent Clear Claimed Marks 0.039ms
[547.960s][info][gc,marking  ] GC(1086) Concurrent Cleanup for Next Mark
[547.961s][info][gc,marking  ] GC(1086) Concurrent Cleanup for Next Mark 0.754ms
[547.961s][info][gc          ] GC(1086) Concurrent Mark Cycle 116.804ms
[548.395s][info][gc,start    ] GC(1087) Pause Young (Prepare Mixed) (G1 Evacuation Pause)
[548.395s][info][gc,task     ] GC(1087) Using 2 workers of 2 for evacuation
[548.418s][info][gc,phases   ] GC(1087)   Pre Evacuate Collection Set: 0.17ms
[548.418s][info][gc,phases   ] GC(1087)   Merge Heap Roots: 0.12ms
[548.418s][info][gc,phases   ] GC(1087)   Evacuate Collection Set: 22.37ms
[548.418s][info][gc,phases   ] GC(1087)   Post Evacuate Collection Set: 0.47ms
[548.418s][info][gc,phases   ] GC(1087)   Other: 0.10ms
[548.418s][info][gc,heap     ] GC(1087) Eden regions: 136->0(136)
[548.418s][info][gc,heap     ] GC(1087) Survivor regions: 12->12(19)
[548.418s][info][gc,heap     ] GC(1087) Old regions: 53->65
[548.418s][info][gc,heap     ] GC(1087) Humongous regions: 5->3
[548.418s][info][gc,metaspace] GC(1087) Metaspace: 43149K(43584K)->43149K(43584K) NonClass: 38806K(39040K)->38806K(39040K) Class: 4343K(4544K)->4343K(4544K)
[548.418s][info][gc          ] GC(1087) Pause Young (Prepare Mixed) (G1 Evacuation Pause) 205M->79M(256M) 23.433ms
[548.418s][info][gc,cpu      ] GC(1087) User=0.05s Sys=0.00s Real=0.02s
[548.932s][info][gc,start    ] GC(1088) Pause Young (Mixed) (G1 Evacuation Pause)
[548.932s][info][gc,task     ] GC(1088) Using 2 workers of 2 for evacuation
[548.941s][info][gc,phases   ] GC(1088)   Pre Evacuate Collection Set: 0.16ms
[548.941s][info][gc,phases   ] GC(1088)   Merge Heap Roots: 0.11ms
[548.941s][info][gc,phases   ] GC(1088)   Evacuate Collection Set: 8.12ms
[548.941s][info][gc,phases   ] GC(1088)   Post Evacuate Collection Set: 0.45ms
[548.941s][info][gc,phases   ] GC(1088)   Other: 0.08ms
[548.941s][info][gc,heap     ] GC(1088) Eden regions: 136->0(148)
[548.941s][info][gc,heap     ] GC(1088) Survivor regions: 12->5(19)
[548.941s][info][gc,heap     ] GC(1088) Old regions: 65->63
[548.941s][info][gc,heap     ] GC(1088) Humongous regions: 13->3
[548.941s][info][gc,metaspace] GC(1088) Metaspace: 43149K(43584K)->43149K(43584K) NonClass: 38806K(39040K)->38806K(39040K) Class: 4343K(4544K)->4343K(4544K)
[548.941s][info][gc          ] GC(1088) Pause Young (Mixed) (G1 Evacuation Pause) 225M->70M(256M) 9.102ms
[548.941s][info][gc,cpu      ] GC(1088) User=0.02s Sys=0.00s Real=0.01s
[549.032s][info][gc,start    ] GC(1089) Pause Young (Concurrent Start) (G1 Humongous Allocation)
[549.032s][info][gc,task     ] GC(1089) Using 2 workers of 2 for evacuation
[549.035s][info][gc,phases   ] GC(1089)   Pre Evacuate Collection Set: 0.21ms
[549.035s][info][gc,phases   ] GC(1089)   Merge Heap Roots: 0.04ms
[549.035s][info][gc,phases   ] GC(1089)   Evacuate Collection Set: 1.61ms
[549.035s][info][gc,phases   ] GC(1089)   Post Evacuate Collection Set: 0.42ms
[549.035s][info][gc,phases   ] GC(1089)   Other: 0.09ms
[549.035s][info][gc,heap     ] GC(1089) Eden regions: 24->0(151)
[549.035s][info][gc,heap     ] GC(1089) Survivor regions: 5->2(20)
[549.035s][info][gc,heap     ] GC(1089) Old regions: 63->63
[549.035s][info][gc,heap     ] GC(1089) Humongous regions: 3->1
[549.035s][info][gc,metaspace] GC(1089) Metaspace: 43149K(43584K)->43149K(43584K) NonClass: 38806K(39040K)->38806K(39040K) Class: 4343K(4544K)->4343K(4544K)
[549.035s][info][gc          ] GC(1089) Pause Young (Concurrent Start) (G1 Humongous Allocation) 94M->65M(256M) 2.532ms
[549.035s][info][gc          ] GC(1090) Concurrent Mark Cycle
[549.035s][info][gc,marking  ] GC(1090) Concurrent Scan Root Regions
[549.036s][info][gc,marking  ] GC(1090) Concurrent Scan Root Regions 1.558ms
[549.036s][info][gc,marking  ] GC(1090) Concurrent Mark
[549.036s][info][gc,marking  ] GC(1090) Concurrent Mark From Roots
[549.036s][info][gc,task     ] GC(1090) Using 1 workers of 1 for marking
[549.036s][info][gc,cpu      ] GC(1089) User=0.00s Sys=0.00s Real=0.00s
[549.097s][info][gc,marking  ] GC(1090) Concurrent Mark From Roots 60.244ms
[549.097s][info][gc,marking  ] GC(1090) Concurrent Preclean
[549.097s][info][gc,marking  ] GC(1090) Concurrent Preclean 0.042ms
[549.097s][info][gc,start    ] GC(1090) Pause Remark
[549.132s][info][gc          ] GC(1090) Pause Remark 75M->75M(256M) 34.952ms
[549.132s][info][gc,cpu      ] GC(1090) User=0.04s Sys=0.00s Real=0.04s
[549.132s][info][gc,marking  ] GC(1090) Concurrent Mark 95.659ms
[549.132s][info][gc,marking  ] GC(1090) Concurrent Rebuild Remembered Sets and Scrub Regions
[549.161s][info][gc,marking  ] GC(1090) Concurrent Rebuild Remembered Sets and Scrub Regions 29.265ms
[549.161s][info][gc,start    ] GC(1090) Pause Cleanup
[549.162s][info][gc          ] GC(1090) Pause Cleanup 78M->78M(256M) 0.089ms
[549.162s][info][gc,cpu      ] GC(1090) User=0.00s Sys=0.00s Real=0.00s
[549.162s][info][gc,marking  ] GC(1090) Concurrent Clear Claimed Marks
[549.162s][info][gc,marking  ] GC(1090) Concurrent Clear Claimed Marks 0.051ms
[549.162s][info][gc,marking  ] GC(1090) Concurrent Cleanup for Next Mark
[549.163s][info][gc,marking  ] GC(1090) Concurrent Cleanup for Next Mark 0.881ms
[549.163s][info][gc          ] GC(1090) Concurrent Mark Cycle 127.872ms
[549.749s][info][gc,start    ] GC(1091) Pause Young (Prepare Mixed) (G1 Evacuation Pause)
[549.749s][info][gc,task     ] GC(1091) Using 2 workers of 2 for evacuation
[549.759s][info][gc,phases   ] GC(1091)   Pre Evacuate Collection Set: 0.18ms
[549.759s][info][gc,phases   ] GC(1091)   Merge Heap Roots: 0.06ms
[549.759s][info][gc,phases   ] GC(1091)   Evacuate Collection Set: 9.26ms
[549.759s][info][gc,phases   ] GC(1091)   Post Evacuate Collection Set: 0.49ms
[549.759s][info][gc,phases   ] GC(1091)   Other: 0.11ms
[549.759s][info][gc,heap     ] GC(1091) Eden regions: 151->0(143)
[549.759s][info][gc,heap     ] GC(1091) Survivor regions: 2->10(20)
[549.759s][info][gc,heap     ] GC(1091) Old regions: 63->63
[549.759s][info][gc,heap     ] GC(1091) Humongous regions: 5->3
[549.759s][info][gc,metaspace] GC(1091) Metaspace: 43149K(43584K)->43149K(43584K) NonClass: 38806K(39040K)->38806K(39040K) Class: 4343K(4544K)->4343K(4544K)
[549.759s][info][gc          ] GC(1091) Pause Young (Prepare Mixed) (G1 Evacuation Pause) 220M->75M(256M) 10.277ms
[549.759s][info][gc,cpu      ] GC(1091) User=0.01s Sys=0.00s Real=0.01s
[550.279s][info][gc,start    ] GC(1092) Pause Young (Mixed) (G1 Evacuation Pause)
[550.279s][info][gc,task     ] GC(1092) Using 2 workers of 2 for evacuation
[550.286s][info][gc,phases   ] GC(1092)   Pre Evacuate Collection Set: 0.16ms
[550.286s][info][gc,phases   ] GC(1092)   Merge Heap Roots: 0.07ms
[550.286s][info][gc,phases   ] GC(1092)   Evacuate Collection Set: 5.75ms
[550.286s][info][gc,phases   ] GC(1092)   Post Evacuate Collection Set: 0.44ms
[550.286s][info][gc,phases   ] GC(1092)   Other: 0.08ms
[550.286s][info][gc,heap     ] GC(1092) Eden regions: 143->0(146)
[550.286s][info][gc,heap     ] GC(1092) Survivor regions: 10->7(20)
[550.286s][info][gc,heap     ] GC(1092) Old regions: 63->47
[550.286s][info][gc,heap     ] GC(1092) Humongous regions: 11->3
[550.286s][info][gc,metaspace] GC(1092) Metaspace: 43149K(43584K)->43149K(43584K) NonClass: 38806K(39040K)->38806K(39040K) Class: 4343K(4544K)->4343K(4544K)
[550.286s][info][gc          ] GC(1092) Pause Young (Mixed) (G1 Evacuation Pause) 226M->55M(256M) 6.678ms
[550.286s][info][gc,cpu      ] GC(1092) User=0.01s Sys=0.00s Real=0.01s
[550.648s][info][gc,start    ] GC(1093) Pause Young (Concurrent Start) (G1 Humongous Allocation)
[550.648s][info][gc,task     ] GC(1093) Using 2 workers of 2 for evacuation
[550.652s][info][gc,phases   ] GC(1093)   Pre Evacuate Collection Set: 0.16ms
[550.652s][info][gc,phases   ] GC(1093)   Merge Heap Roots: 0.05ms
[550.652s][info][gc,phases   ] GC(1093)   Evacuate Collection Set: 3.16ms
[550.652s][info][gc,phases   ] GC(1093)   Post Evacuate Collection Set: 0.68ms
[550.652s][info][gc,phases   ] GC(1093)   Other: 0.09ms
[550.652s][info][gc,heap     ] GC(1093) Eden regions: 88->0(167)
[550.652s][info][gc,heap     ] GC(1093) Survivor regions: 7->4(20)
[550.652s][info][gc,heap     ] GC(1093) Old regions: 47->47
[550.652s][info][gc,heap     ] GC(1093) Humongous regions: 3->1
[550.652s][info][gc,metaspace] GC(1093) Metaspace: 43149K(43584K)->43149K(43584K) NonClass: 38806K(39040K)->38806K(39040K) Class: 4343K(4544K)->4343K(4544K)
[550.652s][info][gc          ] GC(1093) Pause Young (Concurrent Start) (G1 Humongous Allocation) 143M->50M(285M) 4.303ms
[550.652s][info][gc,cpu      ] GC(1093) User=0.00s Sys=0.00s Real=0.01s
[550.652s][info][gc          ] GC(1094) Concurrent Mark Cycle
[550.652s][info][gc,marking  ] GC(1094) Concurrent Scan Root Regions
[550.656s][info][gc,marking  ] GC(1094) Concurrent Scan Root Regions 4.087ms
[550.656s][info][gc,marking  ] GC(1094) Concurrent Mark
[550.656s][info][gc,marking  ] GC(1094) Concurrent Mark From Roots
[550.656s][info][gc,task     ] GC(1094) Using 1 workers of 1 for marking
[550.718s][info][gc,marking  ] GC(1094) Concurrent Mark From Roots 61.399ms
[550.718s][info][gc,marking  ] GC(1094) Concurrent Preclean
[550.718s][info][gc,marking  ] GC(1094) Concurrent Preclean 0.035ms
[550.718s][info][gc,start    ] GC(1094) Pause Remark
[550.735s][info][gc          ] GC(1094) Pause Remark 65M->65M(256M) 17.220ms
[550.735s][info][gc,cpu      ] GC(1094) User=0.03s Sys=0.00s Real=0.02s
[550.735s][info][gc,marking  ] GC(1094) Concurrent Mark 78.967ms
[550.735s][info][gc,marking  ] GC(1094) Concurrent Rebuild Remembered Sets and Scrub Regions
[550.757s][info][gc,marking  ] GC(1094) Concurrent Rebuild Remembered Sets and Scrub Regions 21.995ms
[550.757s][info][gc,start    ] GC(1094) Pause Cleanup
[550.757s][info][gc          ] GC(1094) Pause Cleanup 74M->74M(256M) 0.037ms
[550.757s][info][gc,cpu      ] GC(1094) User=0.00s Sys=0.00s Real=0.00s
[550.757s][info][gc,marking  ] GC(1094) Concurrent Clear Claimed Marks
[550.757s][info][gc,marking  ] GC(1094) Concurrent Clear Claimed Marks 0.038ms
[550.757s][info][gc,marking  ] GC(1094) Concurrent Cleanup for Next Mark
[550.758s][info][gc,marking  ] GC(1094) Concurrent Cleanup for Next Mark 0.801ms
[550.758s][info][gc          ] GC(1094) Concurrent Mark Cycle 106.134ms
[551.300s][info][gc,start    ] GC(1095) Pause Young (Prepare Mixed) (G1 Evacuation Pause)
[551.300s][info][gc,task     ] GC(1095) Using 2 workers of 2 for evacuation
[551.306s][info][gc,phases   ] GC(1095)   Pre Evacuate Collection Set: 0.17ms
[551.306s][info][gc,phases   ] GC(1095)   Merge Heap Roots: 0.06ms
[551.306s][info][gc,phases   ] GC(1095)   Evacuate Collection Set: 5.25ms
[551.306s][info][gc,phases   ] GC(1095)   Post Evacuate Collection Set: 0.45ms
[551.306s][info][gc,phases   ] GC(1095)   Other: 0.07ms
[551.306s][info][gc,heap     ] GC(1095) Eden regions: 149->0(147)
[551.306s][info][gc,heap     ] GC(1095) Survivor regions: 4->6(20)
[551.306s][info][gc,heap     ] GC(1095) Old regions: 47->47
[551.306s][info][gc,heap     ] GC(1095) Humongous regions: 9->3
[551.306s][info][gc,metaspace] GC(1095) Metaspace: 43149K(43584K)->43149K(43584K) NonClass: 38806K(39040K)->38806K(39040K) Class: 4343K(4544K)->4343K(4544K)
[551.306s][info][gc          ] GC(1095) Pause Young (Prepare Mixed) (G1 Evacuation Pause) 207M->54M(256M) 6.180ms
[551.306s][info][gc,cpu      ] GC(1095) User=0.01s Sys=0.00s Real=0.01s
[551.728s][info][gc,start    ] GC(1096) Pause Young (Mixed) (G1 Evacuation Pause)
[551.728s][info][gc,task     ] GC(1096) Using 2 workers of 2 for evacuation
[551.769s][info][gc,phases   ] GC(1096)   Pre Evacuate Collection Set: 0.16ms
[551.769s][info][gc,phases   ] GC(1096)   Merge Heap Roots: 0.11ms
[551.769s][info][gc,phases   ] GC(1096)   Evacuate Collection Set: 40.01ms
[551.769s][info][gc,phases   ] GC(1096)   Post Evacuate Collection Set: 0.56ms
[551.769s][info][gc,phases   ] GC(1096)   Other: 0.07ms
[551.769s][info][gc,heap     ] GC(1096) Eden regions: 147->0(127)
[551.769s][info][gc,heap     ] GC(1096) Survivor regions: 6->20(20)
[551.769s][info][gc,heap     ] GC(1096) Old regions: 47->64
[551.769s][info][gc,heap     ] GC(1096) Humongous regions: 3->3
[551.769s][info][gc,metaspace] GC(1096) Metaspace: 43149K(43584K)->43149K(43584K) NonClass: 38806K(39040K)->38806K(39040K) Class: 4343K(4544K)->4343K(4544K)
[551.769s][info][gc          ] GC(1096) Pause Young (Mixed) (G1 Evacuation Pause) 201M->86M(256M) 41.106ms
[551.769s][info][gc,cpu      ] GC(1096) User=0.08s Sys=0.01s Real=0.04s
[552.388s][info][gc,start    ] GC(1097) Pause Young (Concurrent Start) (G1 Evacuation Pause)
[552.388s][info][gc,task     ] GC(1097) Using 2 workers of 2 for evacuation
[552.457s][info][gc,phases   ] GC(1097)   Pre Evacuate Collection Set: 0.18ms
[552.457s][info][gc,phases   ] GC(1097)   Merge Heap Roots: 0.24ms
[552.457s][info][gc,phases   ] GC(1097)   Evacuate Collection Set: 68.15ms
[552.457s][info][gc,phases   ] GC(1097)   Post Evacuate Collection Set: 0.52ms
[552.458s][info][gc,phases   ] GC(1097)   Other: 0.10ms
[552.458s][info][gc,heap     ] GC(1097) Eden regions: 127->0(99)
[552.458s][info][gc,heap     ] GC(1097) Survivor regions: 20->19(19)
[552.458s][info][gc,heap     ] GC(1097) Old regions: 64->97
[552.458s][info][gc,heap     ] GC(1097) Humongous regions: 3->3
[552.458s][info][gc,metaspace] GC(1097) Metaspace: 43149K(43584K)->43149K(43584K) NonClass: 38806K(39040K)->38806K(39040K) Class: 4343K(4544K)->4343K(4544K)
[552.458s][info][gc          ] GC(1097) Pause Young (Concurrent Start) (G1 Evacuation Pause) 213M->118M(266M) 69.394ms
[552.458s][info][gc,cpu      ] GC(1097) User=0.13s Sys=0.01s Real=0.07s
[552.458s][info][gc          ] GC(1098) Concurrent Mark Cycle
[552.458s][info][gc,marking  ] GC(1098) Concurrent Scan Root Regions
[552.546s][info][gc,marking  ] GC(1098) Concurrent Scan Root Regions 88.484ms
[552.546s][info][gc,marking  ] GC(1098) Concurrent Mark
[552.546s][info][gc,marking  ] GC(1098) Concurrent Mark From Roots
[552.546s][info][gc,task     ] GC(1098) Using 1 workers of 1 for marking
[552.630s][info][gc,marking  ] GC(1098) Concurrent Mark From Roots 83.775ms
[552.630s][info][gc,marking  ] GC(1098) Concurrent Preclean
[552.630s][info][gc,marking  ] GC(1098) Concurrent Preclean 0.042ms
[552.630s][info][gc,start    ] GC(1098) Pause Remark
[552.647s][info][gc          ] GC(1098) Pause Remark 137M->137M(266M) 17.039ms
[552.647s][info][gc,cpu      ] GC(1098) User=0.04s Sys=0.00s Real=0.02s
[552.649s][info][gc,marking  ] GC(1098) Concurrent Mark 103.192ms
[552.649s][info][gc,marking  ] GC(1098) Concurrent Rebuild Remembered Sets and Scrub Regions
[552.712s][info][gc,marking  ] GC(1098) Concurrent Rebuild Remembered Sets and Scrub Regions 62.683ms
[552.712s][info][gc,start    ] GC(1098) Pause Cleanup
[552.712s][info][gc          ] GC(1098) Pause Cleanup 145M->145M(266M) 0.094ms
[552.712s][info][gc,cpu      ] GC(1098) User=0.00s Sys=0.00s Real=0.00s
[552.712s][info][gc,marking  ] GC(1098) Concurrent Clear Claimed Marks
[552.712s][info][gc,marking  ] GC(1098) Concurrent Clear Claimed Marks 0.048ms
[552.713s][info][gc,marking  ] GC(1098) Concurrent Cleanup for Next Mark
[552.713s][info][gc,marking  ] GC(1098) Concurrent Cleanup for Next Mark 0.927ms
[552.713s][info][gc          ] GC(1098) Concurrent Mark Cycle 255.838ms
[553.075s][info][gc,start    ] GC(1099) Pause Young (Prepare Mixed) (G1 Evacuation Pause)
[553.075s][info][gc,task     ] GC(1099) Using 2 workers of 2 for evacuation
[553.133s][info][gc,phases   ] GC(1099)   Pre Evacuate Collection Set: 0.17ms
[553.133s][info][gc,phases   ] GC(1099)   Merge Heap Roots: 0.42ms
[553.133s][info][gc,phases   ] GC(1099)   Evacuate Collection Set: 56.60ms
[553.133s][info][gc,phases   ] GC(1099)   Post Evacuate Collection Set: 0.48ms
[553.133s][info][gc,phases   ] GC(1099)   Other: 0.09ms
[553.133s][info][gc,heap     ] GC(1099) Eden regions: 99->0(73)
[553.133s][info][gc,heap     ] GC(1099) Survivor regions: 19->15(15)
[553.133s][info][gc,heap     ] GC(1099) Old regions: 97->130
[553.133s][info][gc,heap     ] GC(1099) Humongous regions: 3->3
[553.133s][info][gc,metaspace] GC(1099) Metaspace: 43152K(43584K)->43152K(43584K) NonClass: 38809K(39040K)->38809K(39040K) Class: 4343K(4544K)->4343K(4544K)
[553.133s][info][gc          ] GC(1099) Pause Young (Prepare Mixed) (G1 Evacuation Pause) 217M->147M(266M) 57.950ms
[553.133s][info][gc,cpu      ] GC(1099) User=0.12s Sys=0.00s Real=0.06s
[553.515s][info][gc,start    ] GC(1100) Pause Young (Mixed) (G1 Evacuation Pause)
[553.515s][info][gc,task     ] GC(1100) Using 2 workers of 2 for evacuation
[553.559s][info][gc,phases   ] GC(1100)   Pre Evacuate Collection Set: 0.15ms
[553.559s][info][gc,phases   ] GC(1100)   Merge Heap Roots: 0.22ms
[553.559s][info][gc,phases   ] GC(1100)   Evacuate Collection Set: 43.78ms
[553.559s][info][gc,phases   ] GC(1100)   Post Evacuate Collection Set: 0.42ms
[553.559s][info][gc,phases   ] GC(1100)   Other: 0.08ms
[553.559s][info][gc,heap     ] GC(1100) Eden regions: 73->0(59)
[553.559s][info][gc,heap     ] GC(1100) Survivor regions: 15->11(11)
[553.559s][info][gc,heap     ] GC(1100) Old regions: 130->152
[553.559s][info][gc,heap     ] GC(1100) Humongous regions: 5->3
[553.559s][info][gc,metaspace] GC(1100) Metaspace: 43152K(43584K)->43152K(43584K) NonClass: 38809K(39040K)->38809K(39040K) Class: 4343K(4544K)->4343K(4544K)
[553.559s][info][gc          ] GC(1100) Pause Young (Mixed) (G1 Evacuation Pause) 222M->166M(266M) 44.894ms
[553.560s][info][gc,cpu      ] GC(1100) User=0.09s Sys=0.00s Real=0.04s
[553.763s][info][gc,start    ] GC(1101) Pause Young (Concurrent Start) (G1 Evacuation Pause)
[553.763s][info][gc,task     ] GC(1101) Using 2 workers of 2 for evacuation
[553.788s][info][gc,phases   ] GC(1101)   Pre Evacuate Collection Set: 0.18ms
[553.788s][info][gc,phases   ] GC(1101)   Merge Heap Roots: 0.13ms
[553.788s][info][gc,phases   ] GC(1101)   Evacuate Collection Set: 24.47ms
[553.788s][info][gc,phases   ] GC(1101)   Post Evacuate Collection Set: 0.39ms
[553.788s][info][gc,phases   ] GC(1101)   Other: 0.11ms
[553.788s][info][gc,heap     ] GC(1101) Eden regions: 59->0(53)
[553.788s][info][gc,heap     ] GC(1101) Survivor regions: 11->9(9)
[553.788s][info][gc,heap     ] GC(1101) Old regions: 152->166
[553.788s][info][gc,heap     ] GC(1101) Humongous regions: 3->3
[553.788s][info][gc,metaspace] GC(1101) Metaspace: 43152K(43584K)->43152K(43584K) NonClass: 38809K(39040K)->38809K(39040K) Class: 4343K(4544K)->4343K(4544K)
[553.788s][info][gc          ] GC(1101) Pause Young (Concurrent Start) (G1 Evacuation Pause) 225M->177M(266M) 25.466ms
[553.788s][info][gc          ] GC(1102) Concurrent Mark Cycle
[553.788s][info][gc,marking  ] GC(1102) Concurrent Scan Root Regions
[553.788s][info][gc,cpu      ] GC(1101) User=0.05s Sys=0.00s Real=0.02s
[553.820s][info][gc,marking  ] GC(1102) Concurrent Scan Root Regions 32.399ms
[553.820s][info][gc,marking  ] GC(1102) Concurrent Mark
[553.820s][info][gc,marking  ] GC(1102) Concurrent Mark From Roots
[553.820s][info][gc,task     ] GC(1102) Using 1 workers of 1 for marking
[554.019s][info][gc,marking  ] GC(1102) Concurrent Mark From Roots 199.017ms
[554.020s][info][gc,marking  ] GC(1102) Concurrent Preclean
[554.020s][info][gc,marking  ] GC(1102) Concurrent Preclean 0.039ms
[554.020s][info][gc,start    ] GC(1102) Pause Remark
[554.038s][info][gc          ] GC(1102) Pause Remark 216M->216M(297M) 18.630ms
[554.038s][info][gc,cpu      ] GC(1102) User=0.03s Sys=0.00s Real=0.02s
[554.038s][info][gc,marking  ] GC(1102) Concurrent Mark 217.873ms
[554.038s][info][gc,marking  ] GC(1102) Concurrent Rebuild Remembered Sets and Scrub Regions
[554.117s][info][gc,marking  ] GC(1102) Concurrent Rebuild Remembered Sets and Scrub Regions 78.802ms
[554.117s][info][gc,start    ] GC(1102) Pause Cleanup
[554.117s][info][gc          ] GC(1102) Pause Cleanup 232M->232M(297M) 0.115ms
[554.117s][info][gc,cpu      ] GC(1102) User=0.00s Sys=0.00s Real=0.00s
[554.117s][info][gc,marking  ] GC(1102) Concurrent Clear Claimed Marks
[554.118s][info][gc,marking  ] GC(1102) Concurrent Clear Claimed Marks 0.041ms
[554.118s][info][gc,marking  ] GC(1102) Concurrent Cleanup for Next Mark
[554.118s][info][gc,start    ] GC(1103) Pause Young (Prepare Mixed) (G1 Evacuation Pause)
[554.119s][info][gc,task     ] GC(1103) Using 2 workers of 2 for evacuation
[554.137s][info][gc,phases   ] GC(1103)   Pre Evacuate Collection Set: 0.15ms
[554.137s][info][gc,phases   ] GC(1103)   Merge Heap Roots: 0.08ms
[554.137s][info][gc,phases   ] GC(1103)   Evacuate Collection Set: 18.04ms
[554.137s][info][gc,phases   ] GC(1103)   Post Evacuate Collection Set: 0.39ms
[554.137s][info][gc,phases   ] GC(1103)   Other: 0.07ms
[554.137s][info][gc,heap     ] GC(1103) Eden regions: 53->0(74)
[554.137s][info][gc,heap     ] GC(1103) Survivor regions: 9->8(8)
[554.137s][info][gc,heap     ] GC(1103) Old regions: 166->172
[554.137s][info][gc,heap     ] GC(1103) Humongous regions: 5->3
[554.137s][info][gc,metaspace] GC(1103) Metaspace: 43152K(43584K)->43152K(43584K) NonClass: 38809K(39040K)->38809K(39040K) Class: 4343K(4544K)->4343K(4544K)
[554.137s][info][gc          ] GC(1103) Pause Young (Prepare Mixed) (G1 Evacuation Pause) 232M->183M(297M) 18.918ms
[554.137s][info][gc,cpu      ] GC(1103) User=0.03s Sys=0.00s Real=0.02s
[554.138s][info][gc,marking  ] GC(1102) Concurrent Cleanup for Next Mark 20.250ms
[554.138s][info][gc          ] GC(1102) Concurrent Mark Cycle 349.794ms
[554.412s][info][gc,start    ] GC(1104) Pause Young (Mixed) (G1 Evacuation Pause)
[554.412s][info][gc,task     ] GC(1104) Using 2 workers of 2 for evacuation
[554.433s][info][gc,phases   ] GC(1104)   Pre Evacuate Collection Set: 0.20ms
[554.433s][info][gc,phases   ] GC(1104)   Merge Heap Roots: 0.16ms
[554.433s][info][gc,phases   ] GC(1104)   Evacuate Collection Set: 18.40ms
[554.433s][info][gc,phases   ] GC(1104)   Post Evacuate Collection Set: 2.19ms
[554.433s][info][gc,phases   ] GC(1104)   Other: 0.07ms
[554.433s][info][gc,heap     ] GC(1104) Eden regions: 74->0(288)
[554.433s][info][gc,heap     ] GC(1104) Survivor regions: 8->10(11)
[554.433s][info][gc,heap     ] GC(1104) Old regions: 172->149
[554.433s][info][gc,heap     ] GC(1104) Humongous regions: 5->3
[554.433s][info][gc,metaspace] GC(1104) Metaspace: 43152K(43584K)->43152K(43584K) NonClass: 38809K(39040K)->38809K(39040K) Class: 4343K(4544K)->4343K(4544K)
[554.433s][info][gc          ] GC(1104) Pause Young (Mixed) (G1 Evacuation Pause) 259M->161M(570M) 21.239ms
[554.433s][info][gc,cpu      ] GC(1104) User=0.04s Sys=0.01s Real=0.02s
[555.598s][info][gc,start    ] GC(1105) Pause Young (Mixed) (G1 Evacuation Pause)
[555.598s][info][gc,task     ] GC(1105) Using 2 workers of 2 for evacuation
[555.639s][info][gc,phases   ] GC(1105)   Pre Evacuate Collection Set: 0.43ms
[555.639s][info][gc,phases   ] GC(1105)   Merge Heap Roots: 0.78ms
[555.639s][info][gc,phases   ] GC(1105)   Evacuate Collection Set: 38.66ms
[555.639s][info][gc,phases   ] GC(1105)   Post Evacuate Collection Set: 0.79ms
[555.639s][info][gc,phases   ] GC(1105)   Other: 0.11ms
[555.639s][info][gc,heap     ] GC(1105) Eden regions: 288->0(314)
[555.639s][info][gc,heap     ] GC(1105) Survivor regions: 10->23(38)
[555.639s][info][gc,heap     ] GC(1105) Old regions: 149->107
[555.639s][info][gc,heap     ] GC(1105) Humongous regions: 13->3
[555.639s][info][gc,metaspace] GC(1105) Metaspace: 43152K(43584K)->43152K(43584K) NonClass: 38809K(39040K)->38809K(39040K) Class: 4343K(4544K)->4343K(4544K)
[555.639s][info][gc          ] GC(1105) Pause Young (Mixed) (G1 Evacuation Pause) 459M->132M(570M) 40.981ms
[555.639s][info][gc,cpu      ] GC(1105) User=0.08s Sys=0.00s Real=0.04s
[556.689s][info][gc,start    ] GC(1106) Pause Young (Mixed) (G1 Evacuation Pause)
[556.689s][info][gc,task     ] GC(1106) Using 2 workers of 2 for evacuation
[556.713s][info][gc,phases   ] GC(1106)   Pre Evacuate Collection Set: 0.26ms
[556.713s][info][gc,phases   ] GC(1106)   Merge Heap Roots: 0.34ms
[556.713s][info][gc,phases   ] GC(1106)   Evacuate Collection Set: 22.67ms
[556.713s][info][gc,phases   ] GC(1106)   Post Evacuate Collection Set: 0.59ms
[556.713s][info][gc,phases   ] GC(1106)   Other: 0.09ms
[556.713s][info][gc,heap     ] GC(1106) Eden regions: 314->0(333)
[556.713s][info][gc,heap     ] GC(1106) Survivor regions: 23->9(43)
[556.713s][info][gc,heap     ] GC(1106) Old regions: 107->112
[556.713s][info][gc,heap     ] GC(1106) Humongous regions: 5->3
[556.713s][info][gc,metaspace] GC(1106) Metaspace: 43153K(43584K)->43153K(43584K) NonClass: 38810K(39040K)->38810K(39040K) Class: 4343K(4544K)->4343K(4544K)
[556.713s][info][gc          ] GC(1106) Pause Young (Mixed) (G1 Evacuation Pause) 448M->124M(570M) 24.158ms
[556.713s][info][gc,cpu      ] GC(1106) User=0.05s Sys=0.00s Real=0.03s
[557.915s][info][gc,start    ] GC(1107) Pause Young (Normal) (G1 Evacuation Pause)
[557.915s][info][gc,task     ] GC(1107) Using 2 workers of 2 for evacuation
[557.924s][info][gc,phases   ] GC(1107)   Pre Evacuate Collection Set: 0.25ms
[557.924s][info][gc,phases   ] GC(1107)   Merge Heap Roots: 0.10ms
[557.924s][info][gc,phases   ] GC(1107)   Evacuate Collection Set: 7.80ms
[557.924s][info][gc,phases   ] GC(1107)   Post Evacuate Collection Set: 0.59ms
[557.924s][info][gc,phases   ] GC(1107)   Other: 0.11ms
[557.924s][info][gc,heap     ] GC(1107) Eden regions: 333->0(332)
[557.924s][info][gc,heap     ] GC(1107) Survivor regions: 9->10(43)
[557.924s][info][gc,heap     ] GC(1107) Old regions: 112->112
[557.924s][info][gc,heap     ] GC(1107) Humongous regions: 4->3
[557.924s][info][gc,metaspace] GC(1107) Metaspace: 43153K(43584K)->43153K(43584K) NonClass: 38810K(39040K)->38810K(39040K) Class: 4343K(4544K)->4343K(4544K)
[557.924s][info][gc          ] GC(1107) Pause Young (Normal) (G1 Evacuation Pause) 458M->125M(570M) 9.087ms
[557.924s][info][gc,cpu      ] GC(1107) User=0.01s Sys=0.00s Real=0.01s
[558.146s][info][gc,start    ] GC(1108) Pause Young (Concurrent Start) (G1 Humongous Allocation)
[558.146s][info][gc,task     ] GC(1108) Using 2 workers of 2 for evacuation
[558.181s][info][gc,phases   ] GC(1108)   Pre Evacuate Collection Set: 0.24ms
[558.181s][info][gc,phases   ] GC(1108)   Merge Heap Roots: 0.07ms
[558.181s][info][gc,phases   ] GC(1108)   Evacuate Collection Set: 34.50ms
[558.181s][info][gc,phases   ] GC(1108)   Post Evacuate Collection Set: 0.42ms
[558.181s][info][gc,phases   ] GC(1108)   Other: 0.12ms
[558.181s][info][gc,heap     ] GC(1108) Eden regions: 66->0(196)
[558.181s][info][gc,heap     ] GC(1108) Survivor regions: 10->43(43)
[558.181s][info][gc,heap     ] GC(1108) Old regions: 112->125
[558.181s][info][gc,heap     ] GC(1108) Humongous regions: 3->3
[558.181s][info][gc,metaspace] GC(1108) Metaspace: 43153K(43584K)->43153K(43584K) NonClass: 38810K(39040K)->38810K(39040K) Class: 4343K(4544K)->4343K(4544K)
[558.181s][info][gc          ] GC(1108) Pause Young (Concurrent Start) (G1 Humongous Allocation) 190M->170M(570M) 35.555ms
[558.181s][info][gc,cpu      ] GC(1108) User=0.07s Sys=0.00s Real=0.04s
[558.181s][info][gc          ] GC(1109) Concurrent Mark Cycle
[558.181s][info][gc,marking  ] GC(1109) Concurrent Scan Root Regions
[558.204s][info][gc,marking  ] GC(1109) Concurrent Scan Root Regions 22.931ms
[558.204s][info][gc,marking  ] GC(1109) Concurrent Mark
[558.204s][info][gc,marking  ] GC(1109) Concurrent Mark From Roots
[558.204s][info][gc,task     ] GC(1109) Using 1 workers of 1 for marking
[558.276s][info][gc,marking  ] GC(1109) Concurrent Mark From Roots 71.647ms
[558.276s][info][gc,marking  ] GC(1109) Concurrent Preclean
[558.276s][info][gc,marking  ] GC(1109) Concurrent Preclean 0.050ms
[558.276s][info][gc,start    ] GC(1109) Pause Remark
[558.294s][info][gc          ] GC(1109) Pause Remark 193M->175M(514M) 17.570ms
[558.294s][info][gc,cpu      ] GC(1109) User=0.03s Sys=0.00s Real=0.02s
[558.294s][info][gc,marking  ] GC(1109) Concurrent Mark 89.603ms
[558.294s][info][gc,marking  ] GC(1109) Concurrent Rebuild Remembered Sets and Scrub Regions
[558.330s][info][gc,marking  ] GC(1109) Concurrent Rebuild Remembered Sets and Scrub Regions 35.926ms
[558.330s][info][gc,start    ] GC(1109) Pause Cleanup
[558.330s][info][gc          ] GC(1109) Pause Cleanup 184M->184M(514M) 0.083ms
[558.330s][info][gc,cpu      ] GC(1109) User=0.00s Sys=0.00s Real=0.00s
[558.330s][info][gc,marking  ] GC(1109) Concurrent Clear Claimed Marks
[558.330s][info][gc,marking  ] GC(1109) Concurrent Clear Claimed Marks 0.047ms
[558.330s][info][gc,marking  ] GC(1109) Concurrent Cleanup for Next Mark
[558.334s][info][gc,marking  ] GC(1109) Concurrent Cleanup for Next Mark 3.710ms
[558.334s][info][gc          ] GC(1109) Concurrent Mark Cycle 152.738ms
[558.974s][info][gc,start    ] GC(1110) Pause Young (Prepare Mixed) (G1 Evacuation Pause)
[558.974s][info][gc,task     ] GC(1110) Using 2 workers of 2 for evacuation
[559.053s][info][gc,phases   ] GC(1110)   Pre Evacuate Collection Set: 0.25ms
[559.053s][info][gc,phases   ] GC(1110)   Merge Heap Roots: 0.17ms
[559.053s][info][gc,phases   ] GC(1110)   Evacuate Collection Set: 77.26ms
[559.053s][info][gc,phases   ] GC(1110)   Post Evacuate Collection Set: 0.56ms
[559.053s][info][gc,phases   ] GC(1110)   Other: 0.08ms
[559.053s][info][gc,heap     ] GC(1110) Eden regions: 196->0(132)
[559.053s][info][gc,heap     ] GC(1110) Survivor regions: 43->30(30)
[559.053s][info][gc,heap     ] GC(1110) Old regions: 107->197
[559.053s][info][gc,heap     ] GC(1110) Humongous regions: 5->5
[559.053s][info][gc,metaspace] GC(1110) Metaspace: 43153K(43584K)->43153K(43584K) NonClass: 38810K(39040K)->38810K(39040K) Class: 4343K(4544K)->4343K(4544K)
[559.053s][info][gc          ] GC(1110) Pause Young (Prepare Mixed) (G1 Evacuation Pause) 350M->231M(514M) 78.621ms
[559.053s][info][gc,cpu      ] GC(1110) User=0.15s Sys=0.00s Real=0.08s
[559.566s][info][gc,start    ] GC(1111) Pause Young (Mixed) (G1 Evacuation Pause)
[559.566s][info][gc,task     ] GC(1111) Using 2 workers of 2 for evacuation
[559.638s][info][gc,phases   ] GC(1111)   Pre Evacuate Collection Set: 0.24ms
[559.638s][info][gc,phases   ] GC(1111)   Merge Heap Roots: 0.27ms
[559.638s][info][gc,phases   ] GC(1111)   Evacuate Collection Set: 70.58ms
[559.638s][info][gc,phases   ] GC(1111)   Post Evacuate Collection Set: 0.63ms
[559.638s][info][gc,phases   ] GC(1111)   Other: 0.08ms
[559.638s][info][gc,heap     ] GC(1111) Eden regions: 132->0(103)
[559.638s][info][gc,heap     ] GC(1111) Survivor regions: 30->21(21)
[559.638s][info][gc,heap     ] GC(1111) Old regions: 197->252
[559.638s][info][gc,heap     ] GC(1111) Humongous regions: 6->6
[559.638s][info][gc,metaspace] GC(1111) Metaspace: 43153K(43584K)->43153K(43584K) NonClass: 38810K(39040K)->38810K(39040K) Class: 4343K(4544K)->4343K(4544K)
[559.638s][info][gc          ] GC(1111) Pause Young (Mixed) (G1 Evacuation Pause) 364M->278M(514M) 72.006ms
[559.638s][info][gc,cpu      ] GC(1111) User=0.14s Sys=0.00s Real=0.07s
[559.858s][info][gc,start    ] GC(1112) Pause Young (Concurrent Start) (G1 Humongous Allocation)
[559.858s][info][gc,task     ] GC(1112) Using 2 workers of 2 for evacuation
[559.908s][info][gc,phases   ] GC(1112)   Pre Evacuate Collection Set: 0.26ms
[559.908s][info][gc,phases   ] GC(1112)   Merge Heap Roots: 0.36ms
[559.908s][info][gc,phases   ] GC(1112)   Evacuate Collection Set: 48.61ms
[559.908s][info][gc,phases   ] GC(1112)   Post Evacuate Collection Set: 0.37ms
[559.908s][info][gc,phases   ] GC(1112)   Other: 0.15ms
[559.908s][info][gc,heap     ] GC(1112) Eden regions: 65->0(84)
[559.908s][info][gc,heap     ] GC(1112) Survivor regions: 21->16(16)
[559.908s][info][gc,heap     ] GC(1112) Old regions: 252->297
[559.908s][info][gc,heap     ] GC(1112) Humongous regions: 6->6
[559.908s][info][gc,metaspace] GC(1112) Metaspace: 43153K(43584K)->43153K(43584K) NonClass: 38810K(39040K)->38810K(39040K) Class: 4343K(4544K)->4343K(4544K)
[559.908s][info][gc          ] GC(1112) Pause Young (Concurrent Start) (G1 Humongous Allocation) 343M->318M(514M) 49.953ms
[559.908s][info][gc,cpu      ] GC(1112) User=0.10s Sys=0.00s Real=0.05s
[559.908s][info][gc          ] GC(1113) Concurrent Mark Cycle
[559.908s][info][gc,marking  ] GC(1113) Concurrent Scan Root Regions
[559.935s][info][gc,marking  ] GC(1113) Concurrent Scan Root Regions 26.379ms
[559.935s][info][gc,marking  ] GC(1113) Concurrent Mark
[559.935s][info][gc,marking  ] GC(1113) Concurrent Mark From Roots
[559.935s][info][gc,task     ] GC(1113) Using 1 workers of 1 for marking
[560.040s][info][gc,marking  ] GC(1113) Concurrent Mark From Roots 104.853ms
[560.040s][info][gc,marking  ] GC(1113) Concurrent Preclean
[560.040s][info][gc,marking  ] GC(1113) Concurrent Preclean 0.056ms
[560.040s][info][gc,start    ] GC(1113) Pause Remark
[560.057s][info][gc          ] GC(1113) Pause Remark 348M->303M(514M) 17.176ms
[560.057s][info][gc,cpu      ] GC(1113) User=0.03s Sys=0.00s Real=0.02s
[560.059s][info][gc,marking  ] GC(1113) Concurrent Mark 124.639ms
[560.059s][info][gc,marking  ] GC(1113) Concurrent Rebuild Remembered Sets and Scrub Regions
[560.130s][info][gc,marking  ] GC(1113) Concurrent Rebuild Remembered Sets and Scrub Regions 70.757ms
[560.130s][info][gc,start    ] GC(1113) Pause Cleanup
[560.130s][info][gc          ] GC(1113) Pause Cleanup 322M->322M(514M) 0.101ms
[560.130s][info][gc,cpu      ] GC(1113) User=0.00s Sys=0.00s Real=0.01s
[560.130s][info][gc,marking  ] GC(1113) Concurrent Clear Claimed Marks
[560.130s][info][gc,marking  ] GC(1113) Concurrent Clear Claimed Marks 0.043ms
[560.130s][info][gc,marking  ] GC(1113) Concurrent Cleanup for Next Mark
[560.132s][info][gc,marking  ] GC(1113) Concurrent Cleanup for Next Mark 1.491ms
[560.132s][info][gc          ] GC(1113) Concurrent Mark Cycle 223.733ms
[560.257s][info][gc,start    ] GC(1114) Pause Young (Prepare Mixed) (G1 Evacuation Pause)
[560.258s][info][gc,task     ] GC(1114) Using 2 workers of 2 for evacuation
[560.275s][info][gc,phases   ] GC(1114)   Pre Evacuate Collection Set: 0.34ms
[560.275s][info][gc,phases   ] GC(1114)   Merge Heap Roots: 0.19ms
[560.275s][info][gc,phases   ] GC(1114)   Evacuate Collection Set: 16.35ms
[560.275s][info][gc,phases   ] GC(1114)   Post Evacuate Collection Set: 0.40ms
[560.275s][info][gc,phases   ] GC(1114)   Other: 0.09ms
[560.275s][info][gc,heap     ] GC(1114) Eden regions: 84->0(104)
[560.275s][info][gc,heap     ] GC(1114) Survivor regions: 16->13(13)
[560.275s][info][gc,heap     ] GC(1114) Old regions: 254->267
[560.275s][info][gc,heap     ] GC(1114) Humongous regions: 5->5
[560.275s][info][gc,metaspace] GC(1114) Metaspace: 43153K(43584K)->43153K(43584K) NonClass: 38810K(39040K)->38810K(39040K) Class: 4343K(4544K)->4343K(4544K)
[560.275s][info][gc          ] GC(1114) Pause Young (Prepare Mixed) (G1 Evacuation Pause) 358M->284M(514M) 17.574ms
[560.275s][info][gc,cpu      ] GC(1114) User=0.03s Sys=0.00s Real=0.02s
[560.648s][info][gc,start    ] GC(1115) Pause Young (Mixed) (G1 Evacuation Pause)
[560.648s][info][gc,task     ] GC(1115) Using 2 workers of 2 for evacuation
[560.665s][info][gc,phases   ] GC(1115)   Pre Evacuate Collection Set: 0.25ms
[560.665s][info][gc,phases   ] GC(1115)   Merge Heap Roots: 0.15ms
[560.665s][info][gc,phases   ] GC(1115)   Evacuate Collection Set: 15.31ms
[560.665s][info][gc,phases   ] GC(1115)   Post Evacuate Collection Set: 0.49ms
[560.665s][info][gc,phases   ] GC(1115)   Other: 0.08ms
[560.665s][info][gc,heap     ] GC(1115) Eden regions: 104->0(134)
[560.665s][info][gc,heap     ] GC(1115) Survivor regions: 13->7(15)
[560.665s][info][gc,heap     ] GC(1115) Old regions: 267->228
[560.665s][info][gc,heap     ] GC(1115) Humongous regions: 5->5
[560.665s][info][gc,metaspace] GC(1115) Metaspace: 43154K(43584K)->43154K(43584K) NonClass: 38811K(39040K)->38811K(39040K) Class: 4343K(4544K)->4343K(4544K)
[560.665s][info][gc          ] GC(1115) Pause Young (Mixed) (G1 Evacuation Pause) 388M->239M(514M) 16.527ms
[560.665s][info][gc,cpu      ] GC(1115) User=0.03s Sys=0.00s Real=0.02s
[561.166s][info][gc,start    ] GC(1116) Pause Young (Mixed) (G1 Evacuation Pause)
[561.166s][info][gc,task     ] GC(1116) Using 2 workers of 2 for evacuation
[561.181s][info][gc,phases   ] GC(1116)   Pre Evacuate Collection Set: 0.29ms
[561.181s][info][gc,phases   ] GC(1116)   Merge Heap Roots: 0.26ms
[561.181s][info][gc,phases   ] GC(1116)   Evacuate Collection Set: 13.04ms
[561.181s][info][gc,phases   ] GC(1116)   Post Evacuate Collection Set: 0.52ms
[561.181s][info][gc,phases   ] GC(1116)   Other: 0.08ms
[561.181s][info][gc,heap     ] GC(1116) Eden regions: 134->0(166)
[561.181s][info][gc,heap     ] GC(1116) Survivor regions: 7->8(18)
[561.181s][info][gc,heap     ] GC(1116) Old regions: 228->180
[561.181s][info][gc,heap     ] GC(1116) Humongous regions: 6->5
[561.181s][info][gc,metaspace] GC(1116) Metaspace: 43154K(43584K)->43154K(43584K) NonClass: 38811K(39040K)->38811K(39040K) Class: 4343K(4544K)->4343K(4544K)
[561.181s][info][gc          ] GC(1116) Pause Young (Mixed) (G1 Evacuation Pause) 374M->192M(514M) 14.391ms
[561.181s][info][gc,cpu      ] GC(1116) User=0.03s Sys=0.00s Real=0.02s
[561.798s][info][gc,start    ] GC(1117) Pause Young (Mixed) (G1 Evacuation Pause)
[561.798s][info][gc,task     ] GC(1117) Using 2 workers of 2 for evacuation
[561.816s][info][gc,phases   ] GC(1117)   Pre Evacuate Collection Set: 0.22ms
[561.816s][info][gc,phases   ] GC(1117)   Merge Heap Roots: 0.45ms
[561.816s][info][gc,phases   ] GC(1117)   Evacuate Collection Set: 17.40ms
[561.816s][info][gc,phases   ] GC(1117)   Post Evacuate Collection Set: 0.45ms
[561.816s][info][gc,phases   ] GC(1117)   Other: 0.07ms
[561.816s][info][gc,heap     ] GC(1117) Eden regions: 166->0(184)
[561.816s][info][gc,heap     ] GC(1117) Survivor regions: 8->6(22)
[561.816s][info][gc,heap     ] GC(1117) Old regions: 180->171
[561.816s][info][gc,heap     ] GC(1117) Humongous regions: 6->5
[561.816s][info][gc,metaspace] GC(1117) Metaspace: 43154K(43584K)->43154K(43584K) NonClass: 38811K(39040K)->38811K(39040K) Class: 4343K(4544K)->4343K(4544K)
[561.817s][info][gc          ] GC(1117) Pause Young (Mixed) (G1 Evacuation Pause) 359M->181M(514M) 18.848ms
[561.817s][info][gc,cpu      ] GC(1117) User=0.03s Sys=0.00s Real=0.02s
[562.436s][info][gc,start    ] GC(1118) Pause Young (Normal) (G1 Evacuation Pause)
[562.436s][info][gc,task     ] GC(1118) Using 2 workers of 2 for evacuation
[562.462s][info][gc,phases   ] GC(1118)   Pre Evacuate Collection Set: 0.22ms
[562.462s][info][gc,phases   ] GC(1118)   Merge Heap Roots: 0.08ms
[562.462s][info][gc,phases   ] GC(1118)   Evacuate Collection Set: 25.50ms
[562.462s][info][gc,phases   ] GC(1118)   Post Evacuate Collection Set: 0.53ms
[562.462s][info][gc,phases   ] GC(1118)   Other: 0.07ms
[562.462s][info][gc,heap     ] GC(1118) Eden regions: 184->0(169)
[562.462s][info][gc,heap     ] GC(1118) Survivor regions: 6->24(24)
[562.462s][info][gc,heap     ] GC(1118) Old regions: 171->186
[562.462s][info][gc,heap     ] GC(1118) Humongous regions: 7->5
[562.462s][info][gc,metaspace] GC(1118) Metaspace: 43154K(43584K)->43154K(43584K) NonClass: 38811K(39040K)->38811K(39040K) Class: 4343K(4544K)->4343K(4544K)
[562.462s][info][gc          ] GC(1118) Pause Young (Normal) (G1 Evacuation Pause) 367M->215M(514M) 26.631ms
[562.462s][info][gc,cpu      ] GC(1118) User=0.06s Sys=0.00s Real=0.03s
[562.485s][info][gc,start    ] GC(1119) Pause Young (Concurrent Start) (G1 Humongous Allocation)
[562.485s][info][gc,task     ] GC(1119) Using 2 workers of 2 for evacuation
[562.505s][info][gc,phases   ] GC(1119)   Pre Evacuate Collection Set: 0.26ms
[562.505s][info][gc,phases   ] GC(1119)   Merge Heap Roots: 0.11ms
[562.505s][info][gc,phases   ] GC(1119)   Evacuate Collection Set: 18.79ms
[562.505s][info][gc,phases   ] GC(1119)   Post Evacuate Collection Set: 0.32ms
[562.505s][info][gc,phases   ] GC(1119)   Other: 0.09ms
[562.505s][info][gc,heap     ] GC(1119) Eden regions: 6->0(145)
[562.505s][info][gc,heap     ] GC(1119) Survivor regions: 24->4(25)
[562.505s][info][gc,heap     ] GC(1119) Old regions: 186->210
[562.505s][info][gc,heap     ] GC(1119) Humongous regions: 5->5
[562.505s][info][gc,metaspace] GC(1119) Metaspace: 43154K(43584K)->43154K(43584K) NonClass: 38811K(39040K)->38811K(39040K) Class: 4343K(4544K)->4343K(4544K)
[562.505s][info][gc          ] GC(1119) Pause Young (Concurrent Start) (G1 Humongous Allocation) 220M->218M(514M) 19.738ms
[562.505s][info][gc          ] GC(1120) Concurrent Mark Cycle
[562.505s][info][gc,marking  ] GC(1120) Concurrent Scan Root Regions
[562.506s][info][gc,cpu      ] GC(1119) User=0.04s Sys=0.00s Real=0.02s
[562.516s][info][gc,marking  ] GC(1120) Concurrent Scan Root Regions 10.765ms
[562.516s][info][gc,marking  ] GC(1120) Concurrent Mark
[562.516s][info][gc,marking  ] GC(1120) Concurrent Mark From Roots
[562.516s][info][gc,task     ] GC(1120) Using 1 workers of 1 for marking
[562.619s][info][gc,marking  ] GC(1120) Concurrent Mark From Roots 103.784ms
[562.620s][info][gc,marking  ] GC(1120) Concurrent Preclean
[562.620s][info][gc,marking  ] GC(1120) Concurrent Preclean 0.059ms
[562.620s][info][gc,start    ] GC(1120) Pause Remark
[562.637s][info][gc          ] GC(1120) Pause Remark 246M->176M(500M) 17.185ms
[562.637s][info][gc,cpu      ] GC(1120) User=0.03s Sys=0.00s Real=0.02s
[562.637s][info][gc,marking  ] GC(1120) Concurrent Mark 121.345ms
[562.637s][info][gc,marking  ] GC(1120) Concurrent Rebuild Remembered Sets and Scrub Regions
[562.695s][info][gc,marking  ] GC(1120) Concurrent Rebuild Remembered Sets and Scrub Regions 58.279ms
[562.696s][info][gc,start    ] GC(1120) Pause Cleanup
[562.696s][info][gc          ] GC(1120) Pause Cleanup 191M->191M(500M) 0.063ms
[562.696s][info][gc,cpu      ] GC(1120) User=0.00s Sys=0.00s Real=0.00s
[562.696s][info][gc,marking  ] GC(1120) Concurrent Clear Claimed Marks
[562.696s][info][gc,marking  ] GC(1120) Concurrent Clear Claimed Marks 0.042ms
[562.696s][info][gc,marking  ] GC(1120) Concurrent Cleanup for Next Mark
[562.697s][info][gc,marking  ] GC(1120) Concurrent Cleanup for Next Mark 1.454ms
[562.697s][info][gc          ] GC(1120) Concurrent Mark Cycle 192.292ms
[563.067s][info][gc,start    ] GC(1121) Pause Young (Prepare Mixed) (G1 Evacuation Pause)
[563.067s][info][gc,task     ] GC(1121) Using 2 workers of 2 for evacuation
[563.099s][info][gc,phases   ] GC(1121)   Pre Evacuate Collection Set: 0.23ms
[563.099s][info][gc,phases   ] GC(1121)   Merge Heap Roots: 0.27ms
[563.099s][info][gc,phases   ] GC(1121)   Evacuate Collection Set: 31.28ms
[563.099s][info][gc,phases   ] GC(1121)   Post Evacuate Collection Set: 0.49ms
[563.099s][info][gc,phases   ] GC(1121)   Other: 0.07ms
[563.099s][info][gc,heap     ] GC(1121) Eden regions: 145->0(158)
[563.099s][info][gc,heap     ] GC(1121) Survivor regions: 4->19(19)
[563.099s][info][gc,heap     ] GC(1121) Old regions: 142->162
[563.099s][info][gc,heap     ] GC(1121) Humongous regions: 5->4
[563.099s][info][gc,metaspace] GC(1121) Metaspace: 43154K(43584K)->43154K(43584K) NonClass: 38811K(39040K)->38811K(39040K) Class: 4343K(4544K)->4343K(4544K)
[563.099s][info][gc          ] GC(1121) Pause Young (Prepare Mixed) (G1 Evacuation Pause) 295M->184M(500M) 32.562ms
[563.099s][info][gc,cpu      ] GC(1121) User=0.07s Sys=0.00s Real=0.03s
[563.639s][info][gc,start    ] GC(1122) Pause Young (Mixed) (G1 Evacuation Pause)
[563.639s][info][gc,task     ] GC(1122) Using 2 workers of 2 for evacuation
[563.706s][info][gc,phases   ] GC(1122)   Pre Evacuate Collection Set: 0.33ms
[563.706s][info][gc,phases   ] GC(1122)   Merge Heap Roots: 0.40ms
[563.706s][info][gc,phases   ] GC(1122)   Evacuate Collection Set: 64.85ms
[563.706s][info][gc,phases   ] GC(1122)   Post Evacuate Collection Set: 0.92ms
[563.706s][info][gc,phases   ] GC(1122)   Other: 0.09ms
[563.706s][info][gc,heap     ] GC(1122) Eden regions: 158->0(159)
[563.706s][info][gc,heap     ] GC(1122) Survivor regions: 19->23(23)
[563.706s][info][gc,heap     ] GC(1122) Old regions: 162->190
[563.706s][info][gc,heap     ] GC(1122) Humongous regions: 6->6
[563.706s][info][gc,metaspace] GC(1122) Metaspace: 43154K(43584K)->43154K(43584K) NonClass: 38811K(39040K)->38811K(39040K) Class: 4343K(4544K)->4343K(4544K)
[563.706s][info][gc          ] GC(1122) Pause Young (Mixed) (G1 Evacuation Pause) 344M->219M(539M) 66.815ms
[563.706s][info][gc,cpu      ] GC(1122) User=0.14s Sys=0.00s Real=0.07s
[563.940s][info][gc,start    ] GC(1123) Pause Young (Concurrent Start) (G1 Humongous Allocation)
[563.940s][info][gc,task     ] GC(1123) Using 2 workers of 2 for evacuation
[563.982s][info][gc,phases   ] GC(1123)   Pre Evacuate Collection Set: 0.31ms
[563.982s][info][gc,phases   ] GC(1123)   Merge Heap Roots: 0.37ms
[563.982s][info][gc,phases   ] GC(1123)   Evacuate Collection Set: 40.97ms
[563.982s][info][gc,phases   ] GC(1123)   Post Evacuate Collection Set: 0.45ms
[563.982s][info][gc,phases   ] GC(1123)   Other: 0.09ms
[563.982s][info][gc,heap     ] GC(1123) Eden regions: 62->0(151)
[563.982s][info][gc,heap     ] GC(1123) Survivor regions: 23->23(23)
[563.982s][info][gc,heap     ] GC(1123) Old regions: 190->213
[563.982s][info][gc,heap     ] GC(1123) Humongous regions: 6->4
[563.982s][info][gc,metaspace] GC(1123) Metaspace: 43154K(43584K)->43154K(43584K) NonClass: 38811K(39040K)->38811K(39040K) Class: 4343K(4544K)->4343K(4544K)
[563.982s][info][gc          ] GC(1123) Pause Young (Concurrent Start) (G1 Humongous Allocation) 280M->240M(539M) 42.431ms
[563.982s][info][gc,cpu      ] GC(1123) User=0.08s Sys=0.00s Real=0.05s
[563.983s][info][gc          ] GC(1124) Concurrent Mark Cycle
[563.983s][info][gc,marking  ] GC(1124) Concurrent Scan Root Regions
[564.003s][info][gc,marking  ] GC(1124) Concurrent Scan Root Regions 20.164ms
[564.003s][info][gc,marking  ] GC(1124) Concurrent Mark
[564.003s][info][gc,marking  ] GC(1124) Concurrent Mark From Roots
[564.003s][info][gc,task     ] GC(1124) Using 1 workers of 1 for marking
[564.086s][info][gc,marking  ] GC(1124) Concurrent Mark From Roots 83.406ms
[564.086s][info][gc,marking  ] GC(1124) Concurrent Preclean
[564.086s][info][gc,marking  ] GC(1124) Concurrent Preclean 0.047ms
[564.086s][info][gc,start    ] GC(1124) Pause Remark
[564.104s][info][gc          ] GC(1124) Pause Remark 272M->200M(539M) 17.482ms
[564.104s][info][gc,cpu      ] GC(1124) User=0.04s Sys=0.00s Real=0.02s
[564.104s][info][gc,marking  ] GC(1124) Concurrent Mark 101.256ms
[564.104s][info][gc,marking  ] GC(1124) Concurrent Rebuild Remembered Sets and Scrub Regions
[564.154s][info][gc,marking  ] GC(1124) Concurrent Rebuild Remembered Sets and Scrub Regions 49.585ms
[564.154s][info][gc,start    ] GC(1124) Pause Cleanup
[564.154s][info][gc          ] GC(1124) Pause Cleanup 215M->215M(539M) 0.071ms
[564.154s][info][gc,cpu      ] GC(1124) User=0.00s Sys=0.00s Real=0.00s
[564.154s][info][gc,marking  ] GC(1124) Concurrent Clear Claimed Marks
[564.154s][info][gc,marking  ] GC(1124) Concurrent Clear Claimed Marks 0.041ms
[564.154s][info][gc,marking  ] GC(1124) Concurrent Cleanup for Next Mark
[564.156s][info][gc,marking  ] GC(1124) Concurrent Cleanup for Next Mark 1.985ms
[564.156s][info][gc          ] GC(1124) Concurrent Mark Cycle 173.412ms
[564.485s][info][gc,start    ] GC(1125) Pause Young (Prepare Mixed) (G1 Evacuation Pause)
[564.485s][info][gc,task     ] GC(1125) Using 2 workers of 2 for evacuation
[564.502s][info][gc,phases   ] GC(1125)   Pre Evacuate Collection Set: 0.24ms
[564.502s][info][gc,phases   ] GC(1125)   Merge Heap Roots: 0.12ms
[564.502s][info][gc,phases   ] GC(1125)   Evacuate Collection Set: 15.44ms
[564.502s][info][gc,phases   ] GC(1125)   Post Evacuate Collection Set: 0.53ms
[564.502s][info][gc,phases   ] GC(1125)   Other: 0.11ms
[564.502s][info][gc,heap     ] GC(1125) Eden regions: 151->0(199)
[564.502s][info][gc,heap     ] GC(1125) Survivor regions: 23->2(22)
[564.502s][info][gc,heap     ] GC(1125) Old regions: 143->165
[564.502s][info][gc,heap     ] GC(1125) Humongous regions: 4->4
[564.502s][info][gc,metaspace] GC(1125) Metaspace: 43154K(43584K)->43154K(43584K) NonClass: 38811K(39040K)->38811K(39040K) Class: 4343K(4544K)->4343K(4544K)
[564.502s][info][gc          ] GC(1125) Pause Young (Prepare Mixed) (G1 Evacuation Pause) 321M->170M(539M) 16.660ms
[564.502s][info][gc,cpu      ] GC(1125) User=0.03s Sys=0.00s Real=0.02s
[565.137s][info][gc,start    ] GC(1126) Pause Young (Mixed) (G1 Evacuation Pause)
[565.137s][info][gc,task     ] GC(1126) Using 2 workers of 2 for evacuation
[565.147s][info][gc,phases   ] GC(1126)   Pre Evacuate Collection Set: 0.25ms
[565.147s][info][gc,phases   ] GC(1126)   Merge Heap Roots: 0.30ms
[565.147s][info][gc,phases   ] GC(1126)   Evacuate Collection Set: 9.27ms
[565.147s][info][gc,phases   ] GC(1126)   Post Evacuate Collection Set: 0.50ms
[565.147s][info][gc,phases   ] GC(1126)   Other: 0.07ms
[565.147s][info][gc,heap     ] GC(1126) Eden regions: 199->0(237)
[565.147s][info][gc,heap     ] GC(1126) Survivor regions: 2->3(26)
[565.147s][info][gc,heap     ] GC(1126) Old regions: 165->119
[565.147s][info][gc,heap     ] GC(1126) Humongous regions: 5->4
[565.147s][info][gc,metaspace] GC(1126) Metaspace: 43154K(43584K)->43154K(43584K) NonClass: 38811K(39040K)->38811K(39040K) Class: 4343K(4544K)->4343K(4544K)
[565.148s][info][gc          ] GC(1126) Pause Young (Mixed) (G1 Evacuation Pause) 370M->125M(539M) 10.608ms
[565.148s][info][gc,cpu      ] GC(1126) User=0.02s Sys=0.00s Real=0.01s
[565.751s][info][gc,start    ] GC(1127) Pause Young (Concurrent Start) (G1 Evacuation Pause)
[565.751s][info][gc,task     ] GC(1127) Using 2 workers of 2 for evacuation
[565.755s][info][gc,phases   ] GC(1127)   Pre Evacuate Collection Set: 0.24ms
[565.755s][info][gc,phases   ] GC(1127)   Merge Heap Roots: 0.09ms
[565.755s][info][gc,phases   ] GC(1127)   Evacuate Collection Set: 3.37ms
[565.755s][info][gc,phases   ] GC(1127)   Post Evacuate Collection Set: 0.48ms
[565.755s][info][gc,phases   ] GC(1127)   Other: 0.09ms
[565.755s][info][gc,heap     ] GC(1127) Eden regions: 237->0(257)
[565.755s][info][gc,heap     ] GC(1127) Survivor regions: 3->4(30)
[565.755s][info][gc,heap     ] GC(1127) Old regions: 119->119
[565.755s][info][gc,heap     ] GC(1127) Humongous regions: 4->2
[565.755s][info][gc,metaspace] GC(1127) Metaspace: 43154K(43584K)->43154K(43584K) NonClass: 38811K(39040K)->38811K(39040K) Class: 4343K(4544K)->4343K(4544K)
[565.755s][info][gc          ] GC(1127) Pause Young (Concurrent Start) (G1 Evacuation Pause) 362M->124M(539M) 4.539ms
[565.755s][info][gc          ] GC(1128) Concurrent Mark Cycle
[565.755s][info][gc,marking  ] GC(1128) Concurrent Scan Root Regions
[565.757s][info][gc,cpu      ] GC(1127) User=0.01s Sys=0.00s Real=0.00s
[565.758s][info][gc,marking  ] GC(1128) Concurrent Scan Root Regions 2.058ms
[565.758s][info][gc,marking  ] GC(1128) Concurrent Mark
[565.758s][info][gc,marking  ] GC(1128) Concurrent Mark From Roots
[565.758s][info][gc,task     ] GC(1128) Using 1 workers of 1 for marking
[565.832s][info][gc,marking  ] GC(1128) Concurrent Mark From Roots 74.166ms
[565.832s][info][gc,marking  ] GC(1128) Concurrent Preclean
[565.832s][info][gc,marking  ] GC(1128) Concurrent Preclean 0.047ms
[565.832s][info][gc,start    ] GC(1128) Pause Remark
[565.849s][info][gc          ] GC(1128) Pause Remark 165M->122M(274M) 17.173ms
[565.849s][info][gc,cpu      ] GC(1128) User=0.03s Sys=0.00s Real=0.01s
[565.849s][info][gc,marking  ] GC(1128) Concurrent Mark 91.685ms
[565.849s][info][gc,marking  ] GC(1128) Concurrent Rebuild Remembered Sets and Scrub Regions
[565.881s][info][gc,marking  ] GC(1128) Concurrent Rebuild Remembered Sets and Scrub Regions 31.445ms
[565.881s][info][gc,start    ] GC(1128) Pause Cleanup
[565.881s][info][gc          ] GC(1128) Pause Cleanup 138M->138M(274M) 0.048ms
[565.881s][info][gc,cpu      ] GC(1128) User=0.00s Sys=0.00s Real=0.00s
[565.881s][info][gc,marking  ] GC(1128) Concurrent Clear Claimed Marks
[565.881s][info][gc,marking  ] GC(1128) Concurrent Clear Claimed Marks 0.041ms
[565.881s][info][gc,marking  ] GC(1128) Concurrent Cleanup for Next Mark
[565.882s][info][gc,marking  ] GC(1128) Concurrent Cleanup for Next Mark 0.799ms
[565.882s][info][gc          ] GC(1128) Concurrent Mark Cycle 126.349ms
[566.068s][info][gc,start    ] GC(1129) Pause Young (Prepare Mixed) (G1 Evacuation Pause)
[566.069s][info][gc,task     ] GC(1129) Using 2 workers of 2 for evacuation
[566.073s][info][gc,phases   ] GC(1129)   Pre Evacuate Collection Set: 0.15ms
[566.073s][info][gc,phases   ] GC(1129)   Merge Heap Roots: 0.07ms
[566.073s][info][gc,phases   ] GC(1129)   Evacuate Collection Set: 3.72ms
[566.073s][info][gc,phases   ] GC(1129)   Post Evacuate Collection Set: 0.45ms
[566.073s][info][gc,phases   ] GC(1129)   Other: 0.07ms
[566.073s][info][gc,heap     ] GC(1129) Eden regions: 160->0(137)
[566.073s][info][gc,heap     ] GC(1129) Survivor regions: 4->5(21)
[566.073s][info][gc,heap     ] GC(1129) Old regions: 77->77
[566.073s][info][gc,heap     ] GC(1129) Humongous regions: 1->1
[566.073s][info][gc,metaspace] GC(1129) Metaspace: 43154K(43584K)->43154K(43584K) NonClass: 38811K(39040K)->38811K(39040K) Class: 4343K(4544K)->4343K(4544K)
[566.073s][info][gc          ] GC(1129) Pause Young (Prepare Mixed) (G1 Evacuation Pause) 241M->82M(274M) 4.644ms
[566.073s][info][gc,cpu      ] GC(1129) User=0.01s Sys=0.00s Real=0.01s
[566.350s][info][gc,start    ] GC(1130) Pause Young (Mixed) (G1 Evacuation Pause)
[566.350s][info][gc,task     ] GC(1130) Using 2 workers of 2 for evacuation
[566.357s][info][gc,phases   ] GC(1130)   Pre Evacuate Collection Set: 0.20ms
[566.357s][info][gc,phases   ] GC(1130)   Merge Heap Roots: 0.08ms
[566.357s][info][gc,phases   ] GC(1130)   Evacuate Collection Set: 6.72ms
[566.357s][info][gc,phases   ] GC(1130)   Post Evacuate Collection Set: 0.43ms
[566.357s][info][gc,phases   ] GC(1130)   Other: 0.07ms
[566.357s][info][gc,heap     ] GC(1130) Eden regions: 137->0(138)
[566.357s][info][gc,heap     ] GC(1130) Survivor regions: 5->13(18)
[566.357s][info][gc,heap     ] GC(1130) Old regions: 77->69
[566.357s][info][gc,heap     ] GC(1130) Humongous regions: 3->3
[566.357s][info][gc,metaspace] GC(1130) Metaspace: 43154K(43584K)->43154K(43584K) NonClass: 38811K(39040K)->38811K(39040K) Class: 4343K(4544K)->4343K(4544K)
[566.357s][info][gc          ] GC(1130) Pause Young (Mixed) (G1 Evacuation Pause) 221M->83M(274M) 7.725ms
[566.357s][info][gc,cpu      ] GC(1130) User=0.02s Sys=0.00s Real=0.01s
[566.450s][info][gc,start    ] GC(1131) Pause Young (Concurrent Start) (G1 Humongous Allocation)
[566.451s][info][gc,task     ] GC(1131) Using 2 workers of 2 for evacuation
[566.457s][info][gc,phases   ] GC(1131)   Pre Evacuate Collection Set: 0.17ms
[566.457s][info][gc,phases   ] GC(1131)   Merge Heap Roots: 0.06ms
[566.457s][info][gc,phases   ] GC(1131)   Evacuate Collection Set: 5.92ms
[566.457s][info][gc,phases   ] GC(1131)   Post Evacuate Collection Set: 0.35ms
[566.457s][info][gc,phases   ] GC(1131)   Other: 0.10ms
[566.457s][info][gc,heap     ] GC(1131) Eden regions: 28->0(142)
[566.457s][info][gc,heap     ] GC(1131) Survivor regions: 13->5(19)
[566.457s][info][gc,heap     ] GC(1131) Old regions: 69->72
[566.457s][info][gc,heap     ] GC(1131) Humongous regions: 3->1
[566.457s][info][gc,metaspace] GC(1131) Metaspace: 43154K(43584K)->43154K(43584K) NonClass: 38811K(39040K)->38811K(39040K) Class: 4343K(4544K)->4343K(4544K)
[566.457s][info][gc          ] GC(1131) Pause Young (Concurrent Start) (G1 Humongous Allocation) 111M->76M(274M) 6.784ms
[566.457s][info][gc,cpu      ] GC(1131) User=0.01s Sys=0.00s Real=0.00s
[566.457s][info][gc          ] GC(1132) Concurrent Mark Cycle
[566.457s][info][gc,marking  ] GC(1132) Concurrent Scan Root Regions
[566.461s][info][gc,marking  ] GC(1132) Concurrent Scan Root Regions 3.606ms
[566.461s][info][gc,marking  ] GC(1132) Concurrent Mark
[566.461s][info][gc,marking  ] GC(1132) Concurrent Mark From Roots
[566.461s][info][gc,task     ] GC(1132) Using 1 workers of 1 for marking
[566.531s][info][gc,marking  ] GC(1132) Concurrent Mark From Roots 69.737ms
[566.531s][info][gc,marking  ] GC(1132) Concurrent Preclean
[566.531s][info][gc,marking  ] GC(1132) Concurrent Preclean 0.055ms
[566.531s][info][gc,start    ] GC(1132) Pause Remark
[566.548s][info][gc          ] GC(1132) Pause Remark 139M->138M(274M) 17.301ms
[566.549s][info][gc,cpu      ] GC(1132) User=0.03s Sys=0.00s Real=0.01s
[566.549s][info][gc,marking  ] GC(1132) Concurrent Mark 87.554ms
[566.549s][info][gc,marking  ] GC(1132) Concurrent Rebuild Remembered Sets and Scrub Regions
[566.586s][info][gc,marking  ] GC(1132) Concurrent Rebuild Remembered Sets and Scrub Regions 37.318ms
[566.586s][info][gc,start    ] GC(1132) Pause Cleanup
[566.586s][info][gc          ] GC(1132) Pause Cleanup 168M->168M(274M) 0.060ms
[566.586s][info][gc,cpu      ] GC(1132) User=0.00s Sys=0.00s Real=0.00s
[566.586s][info][gc,marking  ] GC(1132) Concurrent Clear Claimed Marks
[566.586s][info][gc,marking  ] GC(1132) Concurrent Clear Claimed Marks 0.060ms
[566.586s][info][gc,marking  ] GC(1132) Concurrent Cleanup for Next Mark
[566.587s][info][gc,marking  ] GC(1132) Concurrent Cleanup for Next Mark 0.833ms
[566.587s][info][gc          ] GC(1132) Concurrent Mark Cycle 129.749ms
[566.930s][info][gc,start    ] GC(1133) Pause Young (Prepare Mixed) (G1 Evacuation Pause)
[566.930s][info][gc,task     ] GC(1133) Using 2 workers of 2 for evacuation
[566.939s][info][gc,phases   ] GC(1133)   Pre Evacuate Collection Set: 0.30ms
[566.939s][info][gc,phases   ] GC(1133)   Merge Heap Roots: 0.12ms
[566.939s][info][gc,phases   ] GC(1133)   Evacuate Collection Set: 8.41ms
[566.939s][info][gc,phases   ] GC(1133)   Post Evacuate Collection Set: 0.81ms
[566.939s][info][gc,phases   ] GC(1133)   Other: 0.11ms
[566.939s][info][gc,heap     ] GC(1133) Eden regions: 41->0(234)
[566.939s][info][gc,heap     ] GC(1133) Survivor regions: 5->6(19)
[566.940s][info][gc,heap     ] GC(1133) Old regions: 71->71
[566.940s][info][gc,heap     ] GC(1133) Humongous regions: 277->3
[566.940s][info][gc,metaspace] GC(1133) Metaspace: 43154K(43584K)->43154K(43584K) NonClass: 38811K(39040K)->38811K(39040K) Class: 4343K(4544K)->4343K(4544K)
[566.940s][info][gc          ] GC(1133) Pause Young (Prepare Mixed) (G1 Evacuation Pause) 391M->78M(400M) 9.982ms
[566.940s][info][gc,cpu      ] GC(1133) User=0.01s Sys=0.00s Real=0.01s
[567.521s][info][gc,start    ] GC(1134) Pause Young (Mixed) (G1 Evacuation Pause)
[567.521s][info][gc,task     ] GC(1134) Using 2 workers of 2 for evacuation
[567.552s][info][gc,phases   ] GC(1134)   Pre Evacuate Collection Set: 0.37ms
[567.552s][info][gc,phases   ] GC(1134)   Merge Heap Roots: 0.32ms
[567.552s][info][gc,phases   ] GC(1134)   Evacuate Collection Set: 29.10ms
[567.552s][info][gc,phases   ] GC(1134)   Post Evacuate Collection Set: 1.09ms
[567.552s][info][gc,phases   ] GC(1134)   Other: 0.08ms
[567.552s][info][gc,heap     ] GC(1134) Eden regions: 60->0(294)
[567.552s][info][gc,heap     ] GC(1134) Survivor regions: 6->12(30)
[567.552s][info][gc,heap     ] GC(1134) Old regions: 71->56
[567.552s][info][gc,heap     ] GC(1134) Humongous regions: 357->3
[567.552s][info][gc,metaspace] GC(1134) Metaspace: 43154K(43584K)->43154K(43584K) NonClass: 38811K(39040K)->38811K(39040K) Class: 4343K(4544K)->4343K(4544K)
[567.552s][info][gc          ] GC(1134) Pause Young (Mixed) (G1 Evacuation Pause) 492M->70M(510M) 31.169ms
[567.552s][info][gc,cpu      ] GC(1134) User=0.05s Sys=0.01s Real=0.03s
[567.554s][info][gc,start    ] GC(1135) Pause Young (Concurrent Start) (G1 Humongous Allocation)
[567.554s][info][gc,task     ] GC(1135) Using 2 workers of 2 for evacuation
[567.565s][info][gc,phases   ] GC(1135)   Pre Evacuate Collection Set: 0.21ms
[567.565s][info][gc,phases   ] GC(1135)   Merge Heap Roots: 0.04ms
[567.565s][info][gc,phases   ] GC(1135)   Evacuate Collection Set: 10.18ms
[567.565s][info][gc,phases   ] GC(1135)   Post Evacuate Collection Set: 0.31ms
[567.565s][info][gc,phases   ] GC(1135)   Other: 0.09ms
[567.565s][info][gc,heap     ] GC(1135) Eden regions: 1->0(294)
[567.565s][info][gc,heap     ] GC(1135) Survivor regions: 12->12(39)
[567.565s][info][gc,heap     ] GC(1135) Old regions: 56->56
[567.565s][info][gc,heap     ] GC(1135) Humongous regions: 3->1
[567.565s][info][gc,metaspace] GC(1135) Metaspace: 43154K(43584K)->43154K(43584K) NonClass: 38811K(39040K)->38811K(39040K) Class: 4343K(4544K)->4343K(4544K)
[567.565s][info][gc          ] GC(1135) Pause Young (Concurrent Start) (G1 Humongous Allocation) 71M->68M(510M) 10.991ms
[567.565s][info][gc,cpu      ] GC(1135) User=0.03s Sys=0.00s Real=0.01s
[567.565s][info][gc          ] GC(1136) Concurrent Mark Cycle
[567.565s][info][gc,marking  ] GC(1136) Concurrent Scan Root Regions
[567.573s][info][gc,marking  ] GC(1136) Concurrent Scan Root Regions 7.553ms
[567.573s][info][gc,marking  ] GC(1136) Concurrent Mark
[567.573s][info][gc,marking  ] GC(1136) Concurrent Mark From Roots
[567.573s][info][gc,task     ] GC(1136) Using 1 workers of 1 for marking
[567.647s][info][gc,marking  ] GC(1136) Concurrent Mark From Roots 74.514ms
[567.647s][info][gc,marking  ] GC(1136) Concurrent Preclean
[567.647s][info][gc,marking  ] GC(1136) Concurrent Preclean 0.051ms
[567.648s][info][gc,start    ] GC(1136) Pause Remark
[567.665s][info][gc          ] GC(1136) Pause Remark 131M->131M(410M) 17.568ms
[567.665s][info][gc,cpu      ] GC(1136) User=0.04s Sys=0.00s Real=0.02s
[567.665s][info][gc,marking  ] GC(1136) Concurrent Mark 92.522ms
[567.665s][info][gc,marking  ] GC(1136) Concurrent Rebuild Remembered Sets and Scrub Regions
[567.695s][info][gc,marking  ] GC(1136) Concurrent Rebuild Remembered Sets and Scrub Regions 29.586ms
[567.695s][info][gc,start    ] GC(1136) Pause Cleanup
[567.695s][info][gc          ] GC(1136) Pause Cleanup 154M->154M(410M) 0.059ms
[567.695s][info][gc,cpu      ] GC(1136) User=0.00s Sys=0.00s Real=0.00s
[567.695s][info][gc,marking  ] GC(1136) Concurrent Clear Claimed Marks
[567.695s][info][gc,marking  ] GC(1136) Concurrent Clear Claimed Marks 0.044ms
[567.695s][info][gc,marking  ] GC(1136) Concurrent Cleanup for Next Mark
[567.698s][info][gc,marking  ] GC(1136) Concurrent Cleanup for Next Mark 2.627ms
[567.698s][info][gc          ] GC(1136) Concurrent Mark Cycle 132.728ms
[568.171s][info][gc,start    ] GC(1137) Pause Young (Prepare Mixed) (G1 Evacuation Pause)
[568.171s][info][gc,task     ] GC(1137) Using 2 workers of 2 for evacuation
[568.199s][info][gc,phases   ] GC(1137)   Pre Evacuate Collection Set: 0.39ms
[568.199s][info][gc,phases   ] GC(1137)   Merge Heap Roots: 0.08ms
[568.199s][info][gc,phases   ] GC(1137)   Evacuate Collection Set: 26.30ms
[568.199s][info][gc,phases   ] GC(1137)   Post Evacuate Collection Set: 1.08ms
[568.199s][info][gc,phases   ] GC(1137)   Other: 0.08ms
[568.199s][info][gc,heap     ] GC(1137) Eden regions: 63->0(281)
[568.199s][info][gc,heap     ] GC(1137) Survivor regions: 12->19(35)
[568.199s][info][gc,heap     ] GC(1137) Old regions: 56->56
[568.199s][info][gc,heap     ] GC(1137) Humongous regions: 351->3
[568.199s][info][gc,metaspace] GC(1137) Metaspace: 43155K(43584K)->43155K(43584K) NonClass: 38812K(39040K)->38812K(39040K) Class: 4343K(4544K)->4343K(4544K)
[568.199s][info][gc          ] GC(1137) Pause Young (Prepare Mixed) (G1 Evacuation Pause) 481M->77M(501M) 28.179ms
[568.199s][info][gc,cpu      ] GC(1137) User=0.04s Sys=0.02s Real=0.02s
[568.833s][info][gc,start    ] GC(1138) Pause Young (Mixed) (G1 Evacuation Pause)
[568.833s][info][gc,task     ] GC(1138) Using 2 workers of 2 for evacuation
[568.842s][info][gc,phases   ] GC(1138)   Pre Evacuate Collection Set: 0.26ms
[568.842s][info][gc,phases   ] GC(1138)   Merge Heap Roots: 0.09ms
[568.842s][info][gc,phases   ] GC(1138)   Evacuate Collection Set: 7.61ms
[568.842s][info][gc,phases   ] GC(1138)   Post Evacuate Collection Set: 0.91ms
[568.842s][info][gc,phases   ] GC(1138)   Other: 0.07ms
[568.842s][info][gc,heap     ] GC(1138) Eden regions: 85->0(312)
[568.842s][info][gc,heap     ] GC(1138) Survivor regions: 19->4(38)
[568.842s][info][gc,heap     ] GC(1138) Old regions: 56->54
[568.842s][info][gc,heap     ] GC(1138) Humongous regions: 361->1
[568.842s][info][gc,metaspace] GC(1138) Metaspace: 43155K(43584K)->43155K(43584K) NonClass: 38812K(39040K)->38812K(39040K) Class: 4343K(4544K)->4343K(4544K)
[568.842s][info][gc          ] GC(1138) Pause Young (Mixed) (G1 Evacuation Pause) 520M->57M(527M) 9.143ms
[568.842s][info][gc,cpu      ] GC(1138) User=0.01s Sys=0.00s Real=0.01s
[568.950s][info][gc,start    ] GC(1139) Pause Young (Concurrent Start) (G1 Humongous Allocation)
[568.950s][info][gc,task     ] GC(1139) Using 2 workers of 2 for evacuation
[568.956s][info][gc,phases   ] GC(1139)   Pre Evacuate Collection Set: 0.22ms
[568.956s][info][gc,phases   ] GC(1139)   Merge Heap Roots: 0.05ms
[568.956s][info][gc,phases   ] GC(1139)   Evacuate Collection Set: 4.61ms
[568.956s][info][gc,phases   ] GC(1139)   Post Evacuate Collection Set: 0.40ms
[568.956s][info][gc,phases   ] GC(1139)   Other: 0.12ms
[568.956s][info][gc,heap     ] GC(1139) Eden regions: 26->0(310)
[568.956s][info][gc,heap     ] GC(1139) Survivor regions: 4->6(40)
[568.956s][info][gc,heap     ] GC(1139) Old regions: 54->54
[568.956s][info][gc,heap     ] GC(1139) Humongous regions: 1->1
[568.956s][info][gc,metaspace] GC(1139) Metaspace: 43155K(43584K)->43155K(43584K) NonClass: 38812K(39040K)->38812K(39040K) Class: 4343K(4544K)->4343K(4544K)
[568.956s][info][gc          ] GC(1139) Pause Young (Concurrent Start) (G1 Humongous Allocation) 83M->59M(527M) 5.614ms
[568.956s][info][gc,cpu      ] GC(1139) User=0.01s Sys=0.00s Real=0.01s
[568.956s][info][gc          ] GC(1140) Concurrent Mark Cycle
[568.956s][info][gc,marking  ] GC(1140) Concurrent Scan Root Regions
[568.959s][info][gc,marking  ] GC(1140) Concurrent Scan Root Regions 2.794ms
[568.959s][info][gc,marking  ] GC(1140) Concurrent Mark
[568.959s][info][gc,marking  ] GC(1140) Concurrent Mark From Roots
[568.959s][info][gc,task     ] GC(1140) Using 1 workers of 1 for marking
[569.032s][info][gc,marking  ] GC(1140) Concurrent Mark From Roots 72.678ms
[569.032s][info][gc,marking  ] GC(1140) Concurrent Preclean
[569.032s][info][gc,marking  ] GC(1140) Concurrent Preclean 0.042ms
[569.032s][info][gc,start    ] GC(1140) Pause Remark
[569.049s][info][gc          ] GC(1140) Pause Remark 103M->100M(294M) 17.576ms
[569.050s][info][gc,cpu      ] GC(1140) User=0.04s Sys=0.00s Real=0.01s
[569.050s][info][gc,marking  ] GC(1140) Concurrent Mark 90.631ms
[569.050s][info][gc,marking  ] GC(1140) Concurrent Rebuild Remembered Sets and Scrub Regions
[569.077s][info][gc,marking  ] GC(1140) Concurrent Rebuild Remembered Sets and Scrub Regions 27.243ms
[569.077s][info][gc,start    ] GC(1140) Pause Cleanup
[569.077s][info][gc          ] GC(1140) Pause Cleanup 111M->111M(294M) 0.049ms
[569.077s][info][gc,cpu      ] GC(1140) User=0.00s Sys=0.00s Real=0.00s
[569.077s][info][gc,marking  ] GC(1140) Concurrent Clear Claimed Marks
[569.077s][info][gc,marking  ] GC(1140) Concurrent Clear Claimed Marks 0.042ms
[569.077s][info][gc,marking  ] GC(1140) Concurrent Cleanup for Next Mark
[569.078s][info][gc,marking  ] GC(1140) Concurrent Cleanup for Next Mark 0.938ms
[569.078s][info][gc          ] GC(1140) Concurrent Mark Cycle 122.152ms
[569.461s][info][gc,start    ] GC(1141) Pause Young (Prepare Mixed) (G1 Evacuation Pause)
[569.461s][info][gc,task     ] GC(1141) Using 2 workers of 2 for evacuation
[569.470s][info][gc,phases   ] GC(1141)   Pre Evacuate Collection Set: 0.17ms
[569.470s][info][gc,phases   ] GC(1141)   Merge Heap Roots: 0.08ms
[569.470s][info][gc,phases   ] GC(1141)   Evacuate Collection Set: 7.63ms
[569.470s][info][gc,phases   ] GC(1141)   Post Evacuate Collection Set: 0.88ms
[569.470s][info][gc,phases   ] GC(1141)   Other: 0.12ms
[569.470s][info][gc,heap     ] GC(1141) Eden regions: 170->0(166)
[569.470s][info][gc,heap     ] GC(1141) Survivor regions: 6->10(22)
[569.470s][info][gc,heap     ] GC(1141) Old regions: 51->51
[569.470s][info][gc,heap     ] GC(1141) Humongous regions: 45->1
[569.470s][info][gc,metaspace] GC(1141) Metaspace: 43155K(43584K)->43155K(43584K) NonClass: 38812K(39040K)->38812K(39040K) Class: 4343K(4544K)->4343K(4544K)
[569.470s][info][gc          ] GC(1141) Pause Young (Prepare Mixed) (G1 Evacuation Pause) 270M->61M(294M) 9.069ms
[569.470s][info][gc,cpu      ] GC(1141) User=0.02s Sys=0.00s Real=0.01s
[569.873s][info][gc,start    ] GC(1142) Pause Young (Mixed) (G1 Evacuation Pause)
[569.873s][info][gc,task     ] GC(1142) Using 2 workers of 2 for evacuation
[569.884s][info][gc,phases   ] GC(1142)   Pre Evacuate Collection Set: 0.16ms
[569.884s][info][gc,phases   ] GC(1142)   Merge Heap Roots: 0.10ms
[569.884s][info][gc,phases   ] GC(1142)   Evacuate Collection Set: 9.68ms
[569.884s][info][gc,phases   ] GC(1142)   Post Evacuate Collection Set: 0.77ms
[569.884s][info][gc,phases   ] GC(1142)   Other: 0.07ms
[569.884s][info][gc,heap     ] GC(1142) Eden regions: 166->0(165)
[569.884s][info][gc,heap     ] GC(1142) Survivor regions: 10->11(22)
[569.884s][info][gc,heap     ] GC(1142) Old regions: 51->48
[569.884s][info][gc,heap     ] GC(1142) Humongous regions: 1->1
[569.884s][info][gc,metaspace] GC(1142) Metaspace: 43157K(43584K)->43157K(43584K) NonClass: 38814K(39040K)->38814K(39040K) Class: 4343K(4544K)->4343K(4544K)
[569.884s][info][gc          ] GC(1142) Pause Young (Mixed) (G1 Evacuation Pause) 227M->58M(294M) 10.983ms
[569.884s][info][gc,cpu      ] GC(1142) User=0.02s Sys=0.00s Real=0.01s
[570.279s][info][gc,start    ] GC(1143) Pause Young (Concurrent Start) (G1 Evacuation Pause)
[570.279s][info][gc,task     ] GC(1143) Using 2 workers of 2 for evacuation
[570.287s][info][gc,phases   ] GC(1143)   Pre Evacuate Collection Set: 0.18ms
[570.287s][info][gc,phases   ] GC(1143)   Merge Heap Roots: 0.07ms
[570.287s][info][gc,phases   ] GC(1143)   Evacuate Collection Set: 7.12ms
[570.287s][info][gc,phases   ] GC(1143)   Post Evacuate Collection Set: 0.48ms
[570.287s][info][gc,phases   ] GC(1143)   Other: 0.12ms
[570.287s][info][gc,heap     ] GC(1143) Eden regions: 165->0(166)
[570.287s][info][gc,heap     ] GC(1143) Survivor regions: 11->10(22)
[570.287s][info][gc,heap     ] GC(1143) Old regions: 48->48
[570.287s][info][gc,heap     ] GC(1143) Humongous regions: 1->1
[570.287s][info][gc,metaspace] GC(1143) Metaspace: 43157K(43584K)->43157K(43584K) NonClass: 38814K(39040K)->38814K(39040K) Class: 4343K(4544K)->4343K(4544K)
[570.287s][info][gc          ] GC(1143) Pause Young (Concurrent Start) (G1 Evacuation Pause) 223M->57M(294M) 8.208ms
[570.287s][info][gc,cpu      ] GC(1143) User=0.01s Sys=0.00s Real=0.01s
[570.287s][info][gc          ] GC(1144) Concurrent Mark Cycle
[570.287s][info][gc,marking  ] GC(1144) Concurrent Scan Root Regions
[570.293s][info][gc,marking  ] GC(1144) Concurrent Scan Root Regions 6.161ms
[570.293s][info][gc,marking  ] GC(1144) Concurrent Mark
[570.293s][info][gc,marking  ] GC(1144) Concurrent Mark From Roots
[570.293s][info][gc,task     ] GC(1144) Using 1 workers of 1 for marking
[570.367s][info][gc,marking  ] GC(1144) Concurrent Mark From Roots 73.916ms
[570.367s][info][gc,marking  ] GC(1144) Concurrent Preclean
[570.367s][info][gc,marking  ] GC(1144) Concurrent Preclean 0.043ms
[570.367s][info][gc,start    ] GC(1144) Pause Remark
[570.385s][info][gc          ] GC(1144) Pause Remark 89M->89M(256M) 17.111ms
[570.385s][info][gc,cpu      ] GC(1144) User=0.03s Sys=0.00s Real=0.02s
[570.386s][info][gc,marking  ] GC(1144) Concurrent Mark 93.130ms
[570.386s][info][gc,marking  ] GC(1144) Concurrent Rebuild Remembered Sets and Scrub Regions
[570.414s][info][gc,marking  ] GC(1144) Concurrent Rebuild Remembered Sets and Scrub Regions 27.155ms
[570.414s][info][gc,start    ] GC(1144) Pause Cleanup
[570.414s][info][gc          ] GC(1144) Pause Cleanup 97M->97M(256M) 0.046ms
[570.414s][info][gc,cpu      ] GC(1144) User=0.00s Sys=0.00s Real=0.00s
[570.414s][info][gc,marking  ] GC(1144) Concurrent Clear Claimed Marks
[570.414s][info][gc,marking  ] GC(1144) Concurrent Clear Claimed Marks 0.041ms
[570.414s][info][gc,marking  ] GC(1144) Concurrent Cleanup for Next Mark
[570.415s][info][gc,marking  ] GC(1144) Concurrent Cleanup for Next Mark 0.753ms
[570.415s][info][gc          ] GC(1144) Concurrent Mark Cycle 127.581ms
[570.670s][info][gc,start    ] GC(1145) Pause Young (Prepare Mixed) (G1 Evacuation Pause)
[570.670s][info][gc,task     ] GC(1145) Using 2 workers of 2 for evacuation
[570.679s][info][gc,phases   ] GC(1145)   Pre Evacuate Collection Set: 0.19ms
[570.679s][info][gc,phases   ] GC(1145)   Merge Heap Roots: 0.07ms
[570.679s][info][gc,phases   ] GC(1145)   Evacuate Collection Set: 7.22ms
[570.679s][info][gc,phases   ] GC(1145)   Post Evacuate Collection Set: 0.84ms
[570.679s][info][gc,phases   ] GC(1145)   Other: 0.07ms
[570.679s][info][gc,heap     ] GC(1145) Eden regions: 143->0(143)
[570.679s][info][gc,heap     ] GC(1145) Survivor regions: 10->10(20)
[570.679s][info][gc,heap     ] GC(1145) Old regions: 48->48
[570.679s][info][gc,heap     ] GC(1145) Humongous regions: 1->1
[570.679s][info][gc,metaspace] GC(1145) Metaspace: 43160K(43584K)->43160K(43584K) NonClass: 38817K(39040K)->38817K(39040K) Class: 4343K(4544K)->4343K(4544K)
[570.679s][info][gc          ] GC(1145) Pause Young (Prepare Mixed) (G1 Evacuation Pause) 200M->57M(256M) 8.605ms
[570.679s][info][gc,cpu      ] GC(1145) User=0.02s Sys=0.00s Real=0.01s
[571.011s][info][gc,start    ] GC(1146) Pause Young (Mixed) (G1 Evacuation Pause)
[571.011s][info][gc,task     ] GC(1146) Using 2 workers of 2 for evacuation
[571.022s][info][gc,phases   ] GC(1146)   Pre Evacuate Collection Set: 0.17ms
[571.023s][info][gc,phases   ] GC(1146)   Merge Heap Roots: 0.08ms
[571.023s][info][gc,phases   ] GC(1146)   Evacuate Collection Set: 10.71ms
[571.023s][info][gc,phases   ] GC(1146)   Post Evacuate Collection Set: 0.81ms
[571.023s][info][gc,phases   ] GC(1146)   Other: 0.08ms
[571.023s][info][gc,heap     ] GC(1146) Eden regions: 143->0(141)
[571.023s][info][gc,heap     ] GC(1146) Survivor regions: 10->12(20)
[571.023s][info][gc,heap     ] GC(1146) Old regions: 48->46
[571.023s][info][gc,heap     ] GC(1146) Humongous regions: 1->1
[571.023s][info][gc,metaspace] GC(1146) Metaspace: 43160K(43584K)->43160K(43584K) NonClass: 38817K(39040K)->38817K(39040K) Class: 4343K(4544K)->4343K(4544K)
[571.023s][info][gc          ] GC(1146) Pause Young (Mixed) (G1 Evacuation Pause) 200M->58M(256M) 12.064ms
[571.023s][info][gc,cpu      ] GC(1146) User=0.02s Sys=0.00s Real=0.01s
[571.399s][info][gc,start    ] GC(1147) Pause Young (Concurrent Start) (G1 Evacuation Pause)
[571.400s][info][gc,task     ] GC(1147) Using 2 workers of 2 for evacuation
[571.408s][info][gc,phases   ] GC(1147)   Pre Evacuate Collection Set: 0.17ms
[571.409s][info][gc,phases   ] GC(1147)   Merge Heap Roots: 0.06ms
[571.409s][info][gc,phases   ] GC(1147)   Evacuate Collection Set: 7.88ms
[571.409s][info][gc,phases   ] GC(1147)   Post Evacuate Collection Set: 0.70ms
[571.409s][info][gc,phases   ] GC(1147)   Other: 0.11ms
[571.409s][info][gc,heap     ] GC(1147) Eden regions: 141->0(143)
[571.409s][info][gc,heap     ] GC(1147) Survivor regions: 12->10(20)
[571.409s][info][gc,heap     ] GC(1147) Old regions: 46->48
[571.409s][info][gc,heap     ] GC(1147) Humongous regions: 1->1
[571.409s][info][gc,metaspace] GC(1147) Metaspace: 43181K(43648K)->43181K(43648K) NonClass: 38838K(39104K)->38838K(39104K) Class: 4343K(4544K)->4343K(4544K)
[571.409s][info][gc          ] GC(1147) Pause Young (Concurrent Start) (G1 Evacuation Pause) 199M->58M(256M) 9.139ms
[571.409s][info][gc,cpu      ] GC(1147) User=0.02s Sys=0.00s Real=0.01s
[571.409s][info][gc          ] GC(1148) Concurrent Mark Cycle
[571.409s][info][gc,marking  ] GC(1148) Concurrent Scan Root Regions
[571.414s][info][gc,marking  ] GC(1148) Concurrent Scan Root Regions 5.060ms
[571.414s][info][gc,marking  ] GC(1148) Concurrent Mark
[571.414s][info][gc,marking  ] GC(1148) Concurrent Mark From Roots
[571.414s][info][gc,task     ] GC(1148) Using 1 workers of 1 for marking
[571.483s][info][gc,marking  ] GC(1148) Concurrent Mark From Roots 68.764ms
[571.483s][info][gc,marking  ] GC(1148) Concurrent Preclean
[571.483s][info][gc,marking  ] GC(1148) Concurrent Preclean 0.047ms
[571.483s][info][gc,start    ] GC(1148) Pause Remark
[571.500s][info][gc          ] GC(1148) Pause Remark 80M->80M(256M) 17.289ms
[571.500s][info][gc,cpu      ] GC(1148) User=0.03s Sys=0.00s Real=0.01s
[571.502s][info][gc,marking  ] GC(1148) Concurrent Mark 88.012ms
[571.502s][info][gc,marking  ] GC(1148) Concurrent Rebuild Remembered Sets and Scrub Regions
[571.532s][info][gc,marking  ] GC(1148) Concurrent Rebuild Remembered Sets and Scrub Regions 29.687ms
[571.532s][info][gc,start    ] GC(1148) Pause Cleanup
[571.532s][info][gc          ] GC(1148) Pause Cleanup 90M->90M(256M) 0.050ms
[571.532s][info][gc,cpu      ] GC(1148) User=0.00s Sys=0.00s Real=0.00s
[571.532s][info][gc,marking  ] GC(1148) Concurrent Clear Claimed Marks
[571.532s][info][gc,marking  ] GC(1148) Concurrent Clear Claimed Marks 0.051ms
[571.532s][info][gc,marking  ] GC(1148) Concurrent Cleanup for Next Mark
[571.533s][info][gc,marking  ] GC(1148) Concurrent Cleanup for Next Mark 0.770ms
[571.533s][info][gc          ] GC(1148) Concurrent Mark Cycle 124.609ms
[571.815s][info][gc,start    ] GC(1149) Pause Young (Prepare Mixed) (G1 Evacuation Pause)
[571.815s][info][gc,task     ] GC(1149) Using 2 workers of 2 for evacuation
[571.824s][info][gc,phases   ] GC(1149)   Pre Evacuate Collection Set: 0.20ms
[571.824s][info][gc,phases   ] GC(1149)   Merge Heap Roots: 0.07ms
[571.824s][info][gc,phases   ] GC(1149)   Evacuate Collection Set: 7.75ms
[571.824s][info][gc,phases   ] GC(1149)   Post Evacuate Collection Set: 0.48ms
[571.824s][info][gc,phases   ] GC(1149)   Other: 0.11ms
[571.824s][info][gc,heap     ] GC(1149) Eden regions: 143->0(140)
[571.824s][info][gc,heap     ] GC(1149) Survivor regions: 10->13(20)
[571.824s][info][gc,heap     ] GC(1149) Old regions: 48->48
[571.824s][info][gc,heap     ] GC(1149) Humongous regions: 1->1
[571.824s][info][gc,metaspace] GC(1149) Metaspace: 43181K(43648K)->43181K(43648K) NonClass: 38838K(39104K)->38838K(39104K) Class: 4343K(4544K)->4343K(4544K)
[571.824s][info][gc          ] GC(1149) Pause Young (Prepare Mixed) (G1 Evacuation Pause) 201M->61M(256M) 8.820ms
[571.824s][info][gc,cpu      ] GC(1149) User=0.02s Sys=0.00s Real=0.01s
[572.212s][info][gc,start    ] GC(1150) Pause Young (Mixed) (G1 Evacuation Pause)
[572.212s][info][gc,task     ] GC(1150) Using 2 workers of 2 for evacuation
[572.223s][info][gc,phases   ] GC(1150)   Pre Evacuate Collection Set: 0.16ms
[572.223s][info][gc,phases   ] GC(1150)   Merge Heap Roots: 0.17ms
[572.223s][info][gc,phases   ] GC(1150)   Evacuate Collection Set: 10.05ms
[572.223s][info][gc,phases   ] GC(1150)   Post Evacuate Collection Set: 0.43ms
[572.223s][info][gc,phases   ] GC(1150)   Other: 0.07ms
[572.223s][info][gc,heap     ] GC(1150) Eden regions: 140->0(144)
[572.223s][info][gc,heap     ] GC(1150) Survivor regions: 13->9(20)
[572.223s][info][gc,heap     ] GC(1150) Old regions: 48->49
[572.223s][info][gc,heap     ] GC(1150) Humongous regions: 1->1
[572.223s][info][gc,metaspace] GC(1150) Metaspace: 43181K(43648K)->43181K(43648K) NonClass: 38838K(39104K)->38838K(39104K) Class: 4343K(4544K)->4343K(4544K)
[572.223s][info][gc          ] GC(1150) Pause Young (Mixed) (G1 Evacuation Pause) 201M->58M(256M) 11.106ms
[572.223s][info][gc,cpu      ] GC(1150) User=0.02s Sys=0.00s Real=0.01s
[572.950s][info][gc,start    ] GC(1151) Pause Young (Concurrent Start) (G1 Humongous Allocation)
[572.950s][info][gc,task     ] GC(1151) Using 2 workers of 2 for evacuation
[572.955s][info][gc,phases   ] GC(1151)   Pre Evacuate Collection Set: 0.16ms
[572.955s][info][gc,phases   ] GC(1151)   Merge Heap Roots: 0.07ms
[572.955s][info][gc,phases   ] GC(1151)   Evacuate Collection Set: 4.34ms
[572.955s][info][gc,phases   ] GC(1151)   Post Evacuate Collection Set: 0.53ms
[572.955s][info][gc,phases   ] GC(1151)   Other: 0.09ms
[572.955s][info][gc,heap     ] GC(1151) Eden regions: 90->0(149)
[572.955s][info][gc,heap     ] GC(1151) Survivor regions: 9->4(20)
[572.955s][info][gc,heap     ] GC(1151) Old regions: 49->49
[572.955s][info][gc,heap     ] GC(1151) Humongous regions: 1->1
[572.955s][info][gc,metaspace] GC(1151) Metaspace: 43181K(43648K)->43181K(43648K) NonClass: 38838K(39104K)->38838K(39104K) Class: 4343K(4544K)->4343K(4544K)
[572.955s][info][gc          ] GC(1151) Pause Young (Concurrent Start) (G1 Humongous Allocation) 147M->53M(256M) 5.358ms
[572.955s][info][gc,cpu      ] GC(1151) User=0.01s Sys=0.00s Real=0.01s
[572.955s][info][gc          ] GC(1152) Concurrent Mark Cycle
[572.955s][info][gc,marking  ] GC(1152) Concurrent Scan Root Regions
[572.958s][info][gc,marking  ] GC(1152) Concurrent Scan Root Regions 2.859ms
[572.958s][info][gc,marking  ] GC(1152) Concurrent Mark
[572.958s][info][gc,marking  ] GC(1152) Concurrent Mark From Roots
[572.958s][info][gc,task     ] GC(1152) Using 1 workers of 1 for marking
[573.026s][info][gc,marking  ] GC(1152) Concurrent Mark From Roots 67.652ms
[573.026s][info][gc,marking  ] GC(1152) Concurrent Preclean
[573.026s][info][gc,marking  ] GC(1152) Concurrent Preclean 0.209ms
[573.026s][info][gc,start    ] GC(1152) Pause Remark
[573.044s][info][gc          ] GC(1152) Pause Remark 65M->64M(256M) 17.351ms
[573.044s][info][gc,cpu      ] GC(1152) User=0.04s Sys=0.00s Real=0.02s
[573.045s][info][gc,marking  ] GC(1152) Concurrent Mark 86.489ms
[573.045s][info][gc,marking  ] GC(1152) Concurrent Rebuild Remembered Sets and Scrub Regions
[573.072s][info][gc,marking  ] GC(1152) Concurrent Rebuild Remembered Sets and Scrub Regions 27.287ms
[573.072s][info][gc,start    ] GC(1152) Pause Cleanup
[573.072s][info][gc          ] GC(1152) Pause Cleanup 67M->67M(256M) 0.042ms
[573.072s][info][gc,cpu      ] GC(1152) User=0.00s Sys=0.00s Real=0.00s
[573.072s][info][gc,marking  ] GC(1152) Concurrent Clear Claimed Marks
[573.072s][info][gc,marking  ] GC(1152) Concurrent Clear Claimed Marks 0.037ms
[573.072s][info][gc,marking  ] GC(1152) Concurrent Cleanup for Next Mark
[573.073s][info][gc,marking  ] GC(1152) Concurrent Cleanup for Next Mark 0.778ms
[573.073s][info][gc          ] GC(1152) Concurrent Mark Cycle 117.736ms
[573.780s][info][gc,start    ] GC(1153) Pause Young (Prepare Mixed) (G1 Evacuation Pause)
[573.780s][info][gc,task     ] GC(1153) Using 2 workers of 2 for evacuation
[573.794s][info][gc,phases   ] GC(1153)   Pre Evacuate Collection Set: 0.19ms
[573.794s][info][gc,phases   ] GC(1153)   Merge Heap Roots: 0.10ms
[573.794s][info][gc,phases   ] GC(1153)   Evacuate Collection Set: 12.62ms
[573.794s][info][gc,phases   ] GC(1153)   Post Evacuate Collection Set: 0.61ms
[573.794s][info][gc,phases   ] GC(1153)   Other: 0.11ms
[573.794s][info][gc,heap     ] GC(1153) Eden regions: 149->0(140)
[573.794s][info][gc,heap     ] GC(1153) Survivor regions: 4->13(20)
[573.794s][info][gc,heap     ] GC(1153) Old regions: 48->48
[573.794s][info][gc,heap     ] GC(1153) Humongous regions: 13->3
[573.794s][info][gc,metaspace] GC(1153) Metaspace: 43194K(43712K)->43194K(43712K) NonClass: 38851K(39168K)->38851K(39168K) Class: 4343K(4544K)->4343K(4544K)
[573.794s][info][gc          ] GC(1153) Pause Young (Prepare Mixed) (G1 Evacuation Pause) 213M->63M(256M) 13.826ms
[573.794s][info][gc,cpu      ] GC(1153) User=0.03s Sys=0.00s Real=0.02s
[574.122s][info][gc,start    ] GC(1154) Pause Young (Mixed) (G1 Evacuation Pause)
[574.122s][info][gc,task     ] GC(1154) Using 2 workers of 2 for evacuation
[574.153s][info][gc,phases   ] GC(1154)   Pre Evacuate Collection Set: 0.19ms
[574.153s][info][gc,phases   ] GC(1154)   Merge Heap Roots: 0.16ms
[574.153s][info][gc,phases   ] GC(1154)   Evacuate Collection Set: 29.78ms
[574.153s][info][gc,phases   ] GC(1154)   Post Evacuate Collection Set: 0.46ms
[574.153s][info][gc,phases   ] GC(1154)   Other: 0.10ms
[574.153s][info][gc,heap     ] GC(1154) Eden regions: 140->0(137)
[574.153s][info][gc,heap     ] GC(1154) Survivor regions: 13->16(20)
[574.153s][info][gc,heap     ] GC(1154) Old regions: 48->56
[574.153s][info][gc,heap     ] GC(1154) Humongous regions: 4->4
[574.153s][info][gc,metaspace] GC(1154) Metaspace: 43194K(43712K)->43194K(43712K) NonClass: 38851K(39168K)->38851K(39168K) Class: 4343K(4544K)->4343K(4544K)
[574.153s][info][gc          ] GC(1154) Pause Young (Mixed) (G1 Evacuation Pause) 204M->75M(256M) 30.884ms
[574.153s][info][gc,cpu      ] GC(1154) User=0.06s Sys=0.00s Real=0.03s
[574.399s][info][gc,start    ] GC(1155) Pause Young (Concurrent Start) (G1 Humongous Allocation)
[574.399s][info][gc,task     ] GC(1155) Using 2 workers of 2 for evacuation
[574.428s][info][gc,phases   ] GC(1155)   Pre Evacuate Collection Set: 0.18ms
[574.428s][info][gc,phases   ] GC(1155)   Merge Heap Roots: 0.09ms
[574.428s][info][gc,phases   ] GC(1155)   Evacuate Collection Set: 28.10ms
[574.428s][info][gc,phases   ] GC(1155)   Post Evacuate Collection Set: 0.43ms
[574.428s][info][gc,phases   ] GC(1155)   Other: 0.10ms
[574.428s][info][gc,heap     ] GC(1155) Eden regions: 105->0(134)
[574.428s][info][gc,heap     ] GC(1155) Survivor regions: 16->13(20)
[574.428s][info][gc,heap     ] GC(1155) Old regions: 56->72
[574.428s][info][gc,heap     ] GC(1155) Humongous regions: 4->4
[574.428s][info][gc,metaspace] GC(1155) Metaspace: 43194K(43712K)->43194K(43712K) NonClass: 38851K(39168K)->38851K(39168K) Class: 4343K(4544K)->4343K(4544K)
[574.428s][info][gc          ] GC(1155) Pause Young (Concurrent Start) (G1 Humongous Allocation) 180M->88M(256M) 29.112ms
[574.428s][info][gc,cpu      ] GC(1155) User=0.05s Sys=0.00s Real=0.03s
[574.428s][info][gc          ] GC(1156) Concurrent Mark Cycle
[574.428s][info][gc,marking  ] GC(1156) Concurrent Scan Root Regions
[574.470s][info][gc,marking  ] GC(1156) Concurrent Scan Root Regions 42.236ms
[574.470s][info][gc,marking  ] GC(1156) Concurrent Mark
[574.470s][info][gc,marking  ] GC(1156) Concurrent Mark From Roots
[574.470s][info][gc,task     ] GC(1156) Using 1 workers of 1 for marking
[574.594s][info][gc,marking  ] GC(1156) Concurrent Mark From Roots 123.083ms
[574.594s][info][gc,marking  ] GC(1156) Concurrent Preclean
[574.594s][info][gc,marking  ] GC(1156) Concurrent Preclean 0.057ms
[574.594s][info][gc,start    ] GC(1156) Pause Remark
[574.612s][info][gc          ] GC(1156) Pause Remark 142M->138M(256M) 18.583ms
[574.612s][info][gc,cpu      ] GC(1156) User=0.03s Sys=0.00s Real=0.02s
[574.614s][info][gc,marking  ] GC(1156) Concurrent Mark 143.952ms
[574.614s][info][gc,marking  ] GC(1156) Concurrent Rebuild Remembered Sets and Scrub Regions
[574.700s][info][gc,marking  ] GC(1156) Concurrent Rebuild Remembered Sets and Scrub Regions 85.960ms
[574.701s][info][gc,start    ] GC(1156) Pause Cleanup
[574.701s][info][gc          ] GC(1156) Pause Cleanup 175M->175M(256M) 0.062ms
[574.701s][info][gc,cpu      ] GC(1156) User=0.00s Sys=0.00s Real=0.00s
[574.701s][info][gc,marking  ] GC(1156) Concurrent Clear Claimed Marks
[574.702s][info][gc,marking  ] GC(1156) Concurrent Clear Claimed Marks 0.058ms
[574.702s][info][gc,marking  ] GC(1156) Concurrent Cleanup for Next Mark
[574.702s][info][gc,marking  ] GC(1156) Concurrent Cleanup for Next Mark 0.752ms
[574.702s][info][gc          ] GC(1156) Concurrent Mark Cycle 274.195ms
[574.820s][info][gc,start    ] GC(1157) Pause Young (Prepare Mixed) (G1 Evacuation Pause)
[574.820s][info][gc,task     ] GC(1157) Using 2 workers of 2 for evacuation
[574.852s][info][gc,phases   ] GC(1157)   Pre Evacuate Collection Set: 0.18ms
[574.852s][info][gc,phases   ] GC(1157)   Merge Heap Roots: 0.13ms
[574.852s][info][gc,phases   ] GC(1157)   Evacuate Collection Set: 31.04ms
[574.852s][info][gc,phases   ] GC(1157)   Post Evacuate Collection Set: 0.49ms
[574.852s][info][gc,phases   ] GC(1157)   Other: 0.09ms
[574.852s][info][gc,heap     ] GC(1157) Eden regions: 134->0(122)
[574.852s][info][gc,heap     ] GC(1157) Survivor regions: 13->15(19)
[574.852s][info][gc,heap     ] GC(1157) Old regions: 68->80
[574.852s][info][gc,heap     ] GC(1157) Humongous regions: 6->6
[574.852s][info][gc,metaspace] GC(1157) Metaspace: 43194K(43712K)->43194K(43712K) NonClass: 38851K(39168K)->38851K(39168K) Class: 4343K(4544K)->4343K(4544K)
[574.852s][info][gc          ] GC(1157) Pause Young (Prepare Mixed) (G1 Evacuation Pause) 220M->101M(256M) 32.117ms
[574.852s][info][gc,cpu      ] GC(1157) User=0.06s Sys=0.00s Real=0.04s
[575.123s][info][gc,start    ] GC(1158) Pause Young (Mixed) (G1 Evacuation Pause)
[575.123s][info][gc,task     ] GC(1158) Using 2 workers of 2 for evacuation
[575.154s][info][gc,phases   ] GC(1158)   Pre Evacuate Collection Set: 0.17ms
[575.154s][info][gc,phases   ] GC(1158)   Merge Heap Roots: 0.09ms
[575.154s][info][gc,phases   ] GC(1158)   Evacuate Collection Set: 30.03ms
[575.154s][info][gc,phases   ] GC(1158)   Post Evacuate Collection Set: 0.44ms
[575.154s][info][gc,phases   ] GC(1158)   Other: 0.09ms
[575.154s][info][gc,heap     ] GC(1158) Eden regions: 122->0(116)
[575.154s][info][gc,heap     ] GC(1158) Survivor regions: 15->13(18)
[575.154s][info][gc,heap     ] GC(1158) Old regions: 80->89
[575.154s][info][gc,heap     ] GC(1158) Humongous regions: 6->6
[575.154s][info][gc,metaspace] GC(1158) Metaspace: 43194K(43712K)->43194K(43712K) NonClass: 38851K(39168K)->38851K(39168K) Class: 4343K(4544K)->4343K(4544K)
[575.154s][info][gc          ] GC(1158) Pause Young (Mixed) (G1 Evacuation Pause) 223M->108M(256M) 31.014ms
[575.154s][info][gc,cpu      ] GC(1158) User=0.06s Sys=0.00s Real=0.03s
[575.234s][info][gc,start    ] GC(1159) Pause Young (Concurrent Start) (G1 Humongous Allocation)
[575.234s][info][gc,task     ] GC(1159) Using 2 workers of 2 for evacuation
[575.253s][info][gc,phases   ] GC(1159)   Pre Evacuate Collection Set: 0.19ms
[575.253s][info][gc,phases   ] GC(1159)   Merge Heap Roots: 0.06ms
[575.253s][info][gc,phases   ] GC(1159)   Evacuate Collection Set: 18.06ms
[575.253s][info][gc,phases   ] GC(1159)   Post Evacuate Collection Set: 0.35ms
[575.253s][info][gc,phases   ] GC(1159)   Other: 0.12ms
[575.253s][info][gc,heap     ] GC(1159) Eden regions: 33->0(115)
[575.253s][info][gc,heap     ] GC(1159) Survivor regions: 13->4(17)
[575.253s][info][gc,heap     ] GC(1159) Old regions: 89->102
[575.253s][info][gc,heap     ] GC(1159) Humongous regions: 6->6
[575.253s][info][gc,metaspace] GC(1159) Metaspace: 43194K(43712K)->43194K(43712K) NonClass: 38851K(39168K)->38851K(39168K) Class: 4343K(4544K)->4343K(4544K)
[575.253s][info][gc          ] GC(1159) Pause Young (Concurrent Start) (G1 Humongous Allocation) 141M->112M(256M) 18.972ms
[575.253s][info][gc          ] GC(1160) Concurrent Mark Cycle
[575.253s][info][gc,marking  ] GC(1160) Concurrent Scan Root Regions
[575.255s][info][gc,cpu      ] GC(1159) User=0.04s Sys=0.00s Real=0.02s
[575.282s][info][gc,marking  ] GC(1160) Concurrent Scan Root Regions 29.185ms
[575.283s][info][gc,marking  ] GC(1160) Concurrent Mark
[575.283s][info][gc,marking  ] GC(1160) Concurrent Mark From Roots
[575.283s][info][gc,task     ] GC(1160) Using 1 workers of 1 for marking
[575.450s][info][gc,marking  ] GC(1160) Concurrent Mark From Roots 167.342ms
[575.450s][info][gc,marking  ] GC(1160) Concurrent Preclean
[575.450s][info][gc,marking  ] GC(1160) Concurrent Preclean 0.046ms
[575.450s][info][gc,start    ] GC(1160) Pause Remark
[575.468s][info][gc          ] GC(1160) Pause Remark 156M->155M(256M) 17.665ms
[575.468s][info][gc,cpu      ] GC(1160) User=0.03s Sys=0.00s Real=0.02s
[575.468s][info][gc,marking  ] GC(1160) Concurrent Mark 185.316ms
[575.468s][info][gc,marking  ] GC(1160) Concurrent Rebuild Remembered Sets and Scrub Regions
[575.535s][info][gc,marking  ] GC(1160) Concurrent Rebuild Remembered Sets and Scrub Regions 67.248ms
[575.535s][info][gc,start    ] GC(1160) Pause Cleanup
[575.535s][info][gc          ] GC(1160) Pause Cleanup 172M->172M(256M) 0.046ms
[575.535s][info][gc,cpu      ] GC(1160) User=0.00s Sys=0.00s Real=0.00s
[575.535s][info][gc,marking  ] GC(1160) Concurrent Clear Claimed Marks
[575.535s][info][gc,marking  ] GC(1160) Concurrent Clear Claimed Marks 0.065ms
[575.535s][info][gc,marking  ] GC(1160) Concurrent Cleanup for Next Mark
[575.536s][info][gc,marking  ] GC(1160) Concurrent Cleanup for Next Mark 0.733ms
[575.536s][info][gc          ] GC(1160) Concurrent Mark Cycle 282.905ms
[575.710s][info][gc,start    ] GC(1161) Pause Young (Prepare Mixed) (G1 Evacuation Pause)
[575.710s][info][gc,task     ] GC(1161) Using 2 workers of 2 for evacuation
[575.733s][info][gc,phases   ] GC(1161)   Pre Evacuate Collection Set: 0.23ms
[575.733s][info][gc,phases   ] GC(1161)   Merge Heap Roots: 0.14ms
[575.733s][info][gc,phases   ] GC(1161)   Evacuate Collection Set: 21.46ms
[575.733s][info][gc,phases   ] GC(1161)   Post Evacuate Collection Set: 0.47ms
[575.733s][info][gc,phases   ] GC(1161)   Other: 0.09ms
[575.733s][info][gc,heap     ] GC(1161) Eden regions: 115->0(101)
[575.733s][info][gc,heap     ] GC(1161) Survivor regions: 4->15(15)
[575.733s][info][gc,heap     ] GC(1161) Old regions: 102->102
[575.733s][info][gc,heap     ] GC(1161) Humongous regions: 10->9
[575.733s][info][gc,metaspace] GC(1161) Metaspace: 43195K(43712K)->43195K(43712K) NonClass: 38852K(39168K)->38852K(39168K) Class: 4343K(4544K)->4343K(4544K)
[575.733s][info][gc          ] GC(1161) Pause Young (Prepare Mixed) (G1 Evacuation Pause) 231M->125M(256M) 22.571ms
[575.733s][info][gc,cpu      ] GC(1161) User=0.04s Sys=0.00s Real=0.02s
[578.706s][info][gc,start    ] GC(1162) Pause Young (Mixed) (G1 Evacuation Pause)
[578.706s][info][gc,task     ] GC(1162) Using 2 workers of 2 for evacuation
[578.736s][info][gc,phases   ] GC(1162)   Pre Evacuate Collection Set: 0.17ms
[578.737s][info][gc,phases   ] GC(1162)   Merge Heap Roots: 0.19ms
[578.737s][info][gc,phases   ] GC(1162)   Evacuate Collection Set: 28.38ms
[578.737s][info][gc,phases   ] GC(1162)   Post Evacuate Collection Set: 1.58ms
[578.737s][info][gc,phases   ] GC(1162)   Other: 0.08ms
[578.737s][info][gc,heap     ] GC(1162) Eden regions: 101->0(233)
[578.737s][info][gc,heap     ] GC(1162) Survivor regions: 15->7(15)
[578.737s][info][gc,heap     ] GC(1162) Old regions: 102->114
[578.737s][info][gc,heap     ] GC(1162) Humongous regions: 11->7
[578.737s][info][gc,metaspace] GC(1162) Metaspace: 43197K(43712K)->43197K(43712K) NonClass: 38854K(39168K)->38854K(39168K) Class: 4343K(4544K)->4343K(4544K)
[578.737s][info][gc          ] GC(1162) Pause Young (Mixed) (G1 Evacuation Pause) 228M->127M(401M) 30.581ms
[578.737s][info][gc,cpu      ] GC(1162) User=0.05s Sys=0.00s Real=0.03s
[579.449s][info][gc,start    ] GC(1163) Pause Young (Concurrent Start) (G1 Humongous Allocation)
[579.449s][info][gc,task     ] GC(1163) Using 2 workers of 2 for evacuation
[579.465s][info][gc,phases   ] GC(1163)   Pre Evacuate Collection Set: 0.25ms
[579.465s][info][gc,phases   ] GC(1163)   Merge Heap Roots: 0.12ms
[579.465s][info][gc,phases   ] GC(1163)   Evacuate Collection Set: 15.76ms
[579.465s][info][gc,phases   ] GC(1163)   Post Evacuate Collection Set: 0.50ms
[579.466s][info][gc,phases   ] GC(1163)   Other: 0.12ms
[579.466s][info][gc,heap     ] GC(1163) Eden regions: 173->0(231)
[579.466s][info][gc,heap     ] GC(1163) Survivor regions: 7->9(30)
[579.466s][info][gc,heap     ] GC(1163) Old regions: 114->114
[579.466s][info][gc,heap     ] GC(1163) Humongous regions: 7->7
[579.466s][info][gc,metaspace] GC(1163) Metaspace: 43197K(43712K)->43197K(43712K) NonClass: 38854K(39168K)->38854K(39168K) Class: 4343K(4544K)->4343K(4544K)
[579.466s][info][gc          ] GC(1163) Pause Young (Concurrent Start) (G1 Humongous Allocation) 299M->129M(401M) 16.956ms
[579.466s][info][gc,cpu      ] GC(1163) User=0.02s Sys=0.01s Real=0.02s
[579.466s][info][gc          ] GC(1164) Concurrent Mark Cycle
[579.466s][info][gc,marking  ] GC(1164) Concurrent Scan Root Regions
[579.503s][info][gc,marking  ] GC(1164) Concurrent Scan Root Regions 36.988ms
[579.503s][info][gc,marking  ] GC(1164) Concurrent Mark
[579.503s][info][gc,marking  ] GC(1164) Concurrent Mark From Roots
[579.503s][info][gc,task     ] GC(1164) Using 1 workers of 1 for marking
[579.549s][info][gc,marking  ] GC(1164) Concurrent Mark From Roots 46.097ms
[579.549s][info][gc,marking  ] GC(1164) Concurrent Preclean
[579.549s][info][gc,marking  ] GC(1164) Concurrent Preclean 0.059ms
[579.549s][info][gc,start    ] GC(1164) Pause Remark
[579.567s][info][gc          ] GC(1164) Pause Remark 162M->142M(374M) 17.498ms
[579.567s][info][gc,cpu      ] GC(1164) User=0.04s Sys=0.00s Real=0.02s
[579.567s][info][gc,marking  ] GC(1164) Concurrent Mark 64.025ms
[579.567s][info][gc,marking  ] GC(1164) Concurrent Rebuild Remembered Sets and Scrub Regions
[579.579s][info][gc,marking  ] GC(1164) Concurrent Rebuild Remembered Sets and Scrub Regions 12.350ms
[579.581s][info][gc,start    ] GC(1164) Pause Cleanup
[579.581s][info][gc          ] GC(1164) Pause Cleanup 148M->148M(374M) 0.086ms
[579.581s][info][gc,cpu      ] GC(1164) User=0.00s Sys=0.00s Real=0.00s
[579.581s][info][gc,marking  ] GC(1164) Concurrent Clear Claimed Marks
[579.581s][info][gc,marking  ] GC(1164) Concurrent Clear Claimed Marks 0.064ms
[579.581s][info][gc,marking  ] GC(1164) Concurrent Cleanup for Next Mark
[579.583s][info][gc,marking  ] GC(1164) Concurrent Cleanup for Next Mark 2.310ms
[579.583s][info][gc          ] GC(1164) Concurrent Mark Cycle 117.544ms
[580.034s][info][gc,start    ] GC(1165) Pause Young (Prepare Mixed) (G1 Evacuation Pause)
[580.034s][info][gc,task     ] GC(1165) Using 2 workers of 2 for evacuation
[580.067s][info][gc,phases   ] GC(1165)   Pre Evacuate Collection Set: 0.19ms
[580.067s][info][gc,phases   ] GC(1165)   Merge Heap Roots: 0.11ms
[580.067s][info][gc,phases   ] GC(1165)   Evacuate Collection Set: 32.53ms
[580.067s][info][gc,phases   ] GC(1165)   Post Evacuate Collection Set: 0.54ms
[580.067s][info][gc,phases   ] GC(1165)   Other: 0.08ms
[580.067s][info][gc,heap     ] GC(1165) Eden regions: 215->0(192)
[580.067s][info][gc,heap     ] GC(1165) Survivor regions: 9->28(28)
[580.067s][info][gc,heap     ] GC(1165) Old regions: 100->102
[580.067s][info][gc,heap     ] GC(1165) Humongous regions: 4->4
[580.067s][info][gc,metaspace] GC(1165) Metaspace: 43197K(43712K)->43197K(43712K) NonClass: 38854K(39168K)->38854K(39168K) Class: 4343K(4544K)->4343K(4544K)
[580.067s][info][gc          ] GC(1165) Pause Young (Prepare Mixed) (G1 Evacuation Pause) 327M->133M(374M) 33.654ms
[580.067s][info][gc,cpu      ] GC(1165) User=0.06s Sys=0.00s Real=0.03s
[580.548s][info][gc,start    ] GC(1166) Pause Young (Mixed) (G1 Evacuation Pause)
[580.548s][info][gc,task     ] GC(1166) Using 2 workers of 2 for evacuation
[580.604s][info][gc,phases   ] GC(1166)   Pre Evacuate Collection Set: 0.19ms
[580.604s][info][gc,phases   ] GC(1166)   Merge Heap Roots: 0.15ms
[580.604s][info][gc,phases   ] GC(1166)   Evacuate Collection Set: 54.67ms
[580.604s][info][gc,phases   ] GC(1166)   Post Evacuate Collection Set: 0.51ms
[580.604s][info][gc,phases   ] GC(1166)   Other: 0.08ms
[580.604s][info][gc,heap     ] GC(1166) Eden regions: 192->0(204)
[580.604s][info][gc,heap     ] GC(1166) Survivor regions: 28->23(28)
[580.604s][info][gc,heap     ] GC(1166) Old regions: 102->92
[580.604s][info][gc,heap     ] GC(1166) Humongous regions: 6->6
[580.604s][info][gc,metaspace] GC(1166) Metaspace: 43197K(43712K)->43197K(43712K) NonClass: 38854K(39168K)->38854K(39168K) Class: 4343K(4544K)->4343K(4544K)
[580.604s][info][gc          ] GC(1166) Pause Young (Mixed) (G1 Evacuation Pause) 327M->120M(379M) 55.848ms
[580.604s][info][gc,cpu      ] GC(1166) User=0.11s Sys=0.00s Real=0.06s
[581.158s][info][gc,start    ] GC(1167) Pause Young (Mixed) (G1 Evacuation Pause)
[581.158s][info][gc,task     ] GC(1167) Using 2 workers of 2 for evacuation
[581.217s][info][gc,phases   ] GC(1167)   Pre Evacuate Collection Set: 0.26ms
[581.217s][info][gc,phases   ] GC(1167)   Merge Heap Roots: 0.25ms
[581.217s][info][gc,phases   ] GC(1167)   Evacuate Collection Set: 56.99ms
[581.217s][info][gc,phases   ] GC(1167)   Post Evacuate Collection Set: 0.57ms
[581.217s][info][gc,phases   ] GC(1167)   Other: 0.08ms
[581.217s][info][gc,heap     ] GC(1167) Eden regions: 204->0(204)
[581.217s][info][gc,heap     ] GC(1167) Survivor regions: 23->23(29)
[581.217s][info][gc,heap     ] GC(1167) Old regions: 92->87
[581.217s][info][gc,heap     ] GC(1167) Humongous regions: 10->10
[581.217s][info][gc,metaspace] GC(1167) Metaspace: 43197K(43712K)->43197K(43712K) NonClass: 38854K(39168K)->38854K(39168K) Class: 4343K(4544K)->4343K(4544K)
[581.217s][info][gc          ] GC(1167) Pause Young (Mixed) (G1 Evacuation Pause) 328M->119M(379M) 58.407ms
[581.217s][info][gc,cpu      ] GC(1167) User=0.11s Sys=0.00s Real=0.06s
[581.543s][info][gc,start    ] GC(1168) Pause Young (Concurrent Start) (G1 Humongous Allocation)
[581.543s][info][gc,task     ] GC(1168) Using 2 workers of 2 for evacuation
[581.590s][info][gc,phases   ] GC(1168)   Pre Evacuate Collection Set: 0.23ms
[581.590s][info][gc,phases   ] GC(1168)   Merge Heap Roots: 0.14ms
[581.590s][info][gc,phases   ] GC(1168)   Evacuate Collection Set: 45.76ms
[581.590s][info][gc,phases   ] GC(1168)   Post Evacuate Collection Set: 0.43ms
[581.590s][info][gc,phases   ] GC(1168)   Other: 0.10ms
[581.590s][info][gc,heap     ] GC(1168) Eden regions: 71->0(184)
[581.590s][info][gc,heap     ] GC(1168) Survivor regions: 23->17(29)
[581.590s][info][gc,heap     ] GC(1168) Old regions: 87->111
[581.590s][info][gc,heap     ] GC(1168) Humongous regions: 10->10
[581.590s][info][gc,metaspace] GC(1168) Metaspace: 43197K(43712K)->43197K(43712K) NonClass: 38854K(39168K)->38854K(39168K) Class: 4343K(4544K)->4343K(4544K)
[581.590s][info][gc          ] GC(1168) Pause Young (Concurrent Start) (G1 Humongous Allocation) 190M->136M(379M) 46.914ms
[581.590s][info][gc,cpu      ] GC(1168) User=0.09s Sys=0.01s Real=0.04s
[581.590s][info][gc          ] GC(1169) Concurrent Mark Cycle
[581.590s][info][gc,marking  ] GC(1169) Concurrent Scan Root Regions
[581.635s][info][gc,marking  ] GC(1169) Concurrent Scan Root Regions 45.458ms
[581.635s][info][gc,marking  ] GC(1169) Concurrent Mark
[581.635s][info][gc,marking  ] GC(1169) Concurrent Mark From Roots
[581.635s][info][gc,task     ] GC(1169) Using 1 workers of 1 for marking
[581.736s][info][gc,marking  ] GC(1169) Concurrent Mark From Roots 100.544ms
[581.736s][info][gc,marking  ] GC(1169) Concurrent Preclean
[581.736s][info][gc,marking  ] GC(1169) Concurrent Preclean 0.045ms
[581.736s][info][gc,start    ] GC(1169) Pause Remark
[581.754s][info][gc          ] GC(1169) Pause Remark 147M->137M(379M) 17.779ms
[581.754s][info][gc,cpu      ] GC(1169) User=0.03s Sys=0.00s Real=0.02s
[581.754s][info][gc,marking  ] GC(1169) Concurrent Mark 118.760ms
[581.754s][info][gc,marking  ] GC(1169) Concurrent Rebuild Remembered Sets and Scrub Regions
[581.820s][info][gc,marking  ] GC(1169) Concurrent Rebuild Remembered Sets and Scrub Regions 65.794ms
[581.820s][info][gc,start    ] GC(1169) Pause Cleanup
[581.820s][info][gc          ] GC(1169) Pause Cleanup 144M->144M(379M) 0.063ms
[581.820s][info][gc,cpu      ] GC(1169) User=0.00s Sys=0.00s Real=0.00s
[581.820s][info][gc,marking  ] GC(1169) Concurrent Clear Claimed Marks
[581.820s][info][gc,marking  ] GC(1169) Concurrent Clear Claimed Marks 0.054ms
[581.820s][info][gc,marking  ] GC(1169) Concurrent Cleanup for Next Mark
[581.822s][info][gc,marking  ] GC(1169) Concurrent Cleanup for Next Mark 1.173ms
[581.822s][info][gc          ] GC(1169) Concurrent Mark Cycle 231.721ms
[583.025s][info][gc,start    ] GC(1170) Pause Young (Prepare Mixed) (G1 Evacuation Pause)
[583.025s][info][gc,task     ] GC(1170) Using 2 workers of 2 for evacuation
[583.054s][info][gc,phases   ] GC(1170)   Pre Evacuate Collection Set: 0.20ms
[583.055s][info][gc,phases   ] GC(1170)   Merge Heap Roots: 0.16ms
[583.055s][info][gc,phases   ] GC(1170)   Evacuate Collection Set: 28.85ms
[583.055s][info][gc,phases   ] GC(1170)   Post Evacuate Collection Set: 0.50ms
[583.055s][info][gc,phases   ] GC(1170)   Other: 0.07ms
[583.055s][info][gc,heap     ] GC(1170) Eden regions: 184->0(185)
[583.055s][info][gc,heap     ] GC(1170) Survivor regions: 17->13(26)
[583.055s][info][gc,heap     ] GC(1170) Old regions: 104->111
[583.055s][info][gc,heap     ] GC(1170) Humongous regions: 15->13
[583.055s][info][gc,metaspace] GC(1170) Metaspace: 43197K(43712K)->43197K(43712K) NonClass: 38854K(39168K)->38854K(39168K) Class: 4343K(4544K)->4343K(4544K)
[583.055s][info][gc          ] GC(1170) Pause Young (Prepare Mixed) (G1 Evacuation Pause) 318M->135M(379M) 29.989ms
[583.055s][info][gc,cpu      ] GC(1170) User=0.06s Sys=0.00s Real=0.03s
[584.091s][info][gc,start    ] GC(1171) Pause Young (Mixed) (G1 Evacuation Pause)
[584.091s][info][gc,task     ] GC(1171) Using 2 workers of 2 for evacuation
[584.106s][info][gc,phases   ] GC(1171)   Pre Evacuate Collection Set: 0.19ms
[584.106s][info][gc,phases   ] GC(1171)   Merge Heap Roots: 0.10ms
[584.106s][info][gc,phases   ] GC(1171)   Evacuate Collection Set: 13.93ms
[584.106s][info][gc,phases   ] GC(1171)   Post Evacuate Collection Set: 0.48ms
[584.106s][info][gc,phases   ] GC(1171)   Other: 0.07ms
[584.106s][info][gc,heap     ] GC(1171) Eden regions: 185->0(195)
[584.106s][info][gc,heap     ] GC(1171) Survivor regions: 13->14(25)
[584.106s][info][gc,heap     ] GC(1171) Old regions: 111->109
[584.106s][info][gc,heap     ] GC(1171) Humongous regions: 13->13
[584.106s][info][gc,metaspace] GC(1171) Metaspace: 43197K(43712K)->43197K(43712K) NonClass: 38854K(39168K)->38854K(39168K) Class: 4343K(4544K)->4343K(4544K)
[584.106s][info][gc          ] GC(1171) Pause Young (Mixed) (G1 Evacuation Pause) 320M->134M(379M) 14.970ms
[584.106s][info][gc,cpu      ] GC(1171) User=0.03s Sys=0.01s Real=0.01s
[585.267s][info][gc,start    ] GC(1172) Pause Young (Concurrent Start) (G1 Evacuation Pause)
[585.267s][info][gc,task     ] GC(1172) Using 2 workers of 2 for evacuation
[585.285s][info][gc,phases   ] GC(1172)   Pre Evacuate Collection Set: 0.21ms
[585.285s][info][gc,phases   ] GC(1172)   Merge Heap Roots: 0.10ms
[585.285s][info][gc,phases   ] GC(1172)   Evacuate Collection Set: 17.19ms
[585.285s][info][gc,phases   ] GC(1172)   Post Evacuate Collection Set: 0.48ms
[585.285s][info][gc,phases   ] GC(1172)   Other: 0.17ms
[585.285s][info][gc,heap     ] GC(1172) Eden regions: 195->0(198)
[585.285s][info][gc,heap     ] GC(1172) Survivor regions: 14->17(27)
[585.285s][info][gc,heap     ] GC(1172) Old regions: 109->109
[585.285s][info][gc,heap     ] GC(1172) Humongous regions: 13->13
[585.285s][info][gc,metaspace] GC(1172) Metaspace: 43197K(43712K)->43197K(43712K) NonClass: 38854K(39168K)->38854K(39168K) Class: 4343K(4544K)->4343K(4544K)
[585.286s][info][gc          ] GC(1172) Pause Young (Concurrent Start) (G1 Evacuation Pause) 329M->137M(379M) 18.344ms
[585.286s][info][gc          ] GC(1173) Concurrent Mark Cycle
[585.286s][info][gc,marking  ] GC(1173) Concurrent Scan Root Regions
[585.287s][info][gc,cpu      ] GC(1172) User=0.03s Sys=0.00s Real=0.02s
[585.302s][info][gc,marking  ] GC(1173) Concurrent Scan Root Regions 16.664ms
[585.302s][info][gc,marking  ] GC(1173) Concurrent Mark
[585.302s][info][gc,marking  ] GC(1173) Concurrent Mark From Roots
[585.302s][info][gc,task     ] GC(1173) Using 1 workers of 1 for marking
[585.341s][info][gc,marking  ] GC(1173) Concurrent Mark From Roots 38.801ms
[585.341s][info][gc,marking  ] GC(1173) Concurrent Preclean
[585.341s][info][gc,marking  ] GC(1173) Concurrent Preclean 0.036ms
[585.341s][info][gc,start    ] GC(1173) Pause Remark
[585.358s][info][gc          ] GC(1173) Pause Remark 144M->63M(256M) 17.211ms
[585.359s][info][gc,cpu      ] GC(1173) User=0.03s Sys=0.00s Real=0.01s
[585.359s][info][gc,marking  ] GC(1173) Concurrent Mark 56.333ms
[585.359s][info][gc,marking  ] GC(1173) Concurrent Rebuild Remembered Sets and Scrub Regions
[585.370s][info][gc,marking  ] GC(1173) Concurrent Rebuild Remembered Sets and Scrub Regions 11.160ms
[585.370s][info][gc,start    ] GC(1173) Pause Cleanup
[585.370s][info][gc          ] GC(1173) Pause Cleanup 65M->65M(256M) 0.041ms
[585.370s][info][gc,cpu      ] GC(1173) User=0.00s Sys=0.00s Real=0.00s
[585.370s][info][gc,marking  ] GC(1173) Concurrent Clear Claimed Marks
[585.370s][info][gc,marking  ] GC(1173) Concurrent Clear Claimed Marks 0.036ms
[585.370s][info][gc,marking  ] GC(1173) Concurrent Cleanup for Next Mark
[585.371s][info][gc,marking  ] GC(1173) Concurrent Cleanup for Next Mark 0.743ms
[585.371s][info][gc          ] GC(1173) Concurrent Mark Cycle 85.256ms
[586.170s][info][gc,start    ] GC(1174) Pause Young (Prepare Mixed) (G1 Evacuation Pause)
[586.170s][info][gc,task     ] GC(1174) Using 2 workers of 2 for evacuation
[586.177s][info][gc,phases   ] GC(1174)   Pre Evacuate Collection Set: 0.17ms
[586.177s][info][gc,phases   ] GC(1174)   Merge Heap Roots: 0.09ms
[586.177s][info][gc,phases   ] GC(1174)   Evacuate Collection Set: 5.43ms
[586.177s][info][gc,phases   ] GC(1174)   Post Evacuate Collection Set: 0.46ms
[586.177s][info][gc,phases   ] GC(1174)   Other: 0.07ms
[586.177s][info][gc,heap     ] GC(1174) Eden regions: 136->0(151)
[586.177s][info][gc,heap     ] GC(1174) Survivor regions: 17->2(20)
[586.177s][info][gc,heap     ] GC(1174) Old regions: 40->48
[586.177s][info][gc,heap     ] GC(1174) Humongous regions: 1->1
[586.177s][info][gc,metaspace] GC(1174) Metaspace: 43197K(43712K)->43197K(43712K) NonClass: 38854K(39168K)->38854K(39168K) Class: 4343K(4544K)->4343K(4544K)
[586.177s][info][gc          ] GC(1174) Pause Young (Prepare Mixed) (G1 Evacuation Pause) 192M->49M(256M) 6.394ms
[586.177s][info][gc,cpu      ] GC(1174) User=0.01s Sys=0.00s Real=0.01s
[587.095s][info][gc,start    ] GC(1175) Pause Young (Mixed) (G1 Evacuation Pause)
[587.095s][info][gc,task     ] GC(1175) Using 2 workers of 2 for evacuation
[587.111s][info][gc,phases   ] GC(1175)   Pre Evacuate Collection Set: 0.15ms
[587.111s][info][gc,phases   ] GC(1175)   Merge Heap Roots: 0.07ms
[587.111s][info][gc,phases   ] GC(1175)   Evacuate Collection Set: 15.15ms
[587.111s][info][gc,phases   ] GC(1175)   Post Evacuate Collection Set: 0.41ms
[587.111s][info][gc,phases   ] GC(1175)   Other: 0.08ms
[587.111s][info][gc,heap     ] GC(1175) Eden regions: 151->0(138)
[587.111s][info][gc,heap     ] GC(1175) Survivor regions: 2->15(20)
[587.111s][info][gc,heap     ] GC(1175) Old regions: 48->45
[587.111s][info][gc,heap     ] GC(1175) Humongous regions: 2->2
[587.111s][info][gc,metaspace] GC(1175) Metaspace: 43197K(43712K)->43197K(43712K) NonClass: 38854K(39168K)->38854K(39168K) Class: 4343K(4544K)->4343K(4544K)
[587.111s][info][gc          ] GC(1175) Pause Young (Mixed) (G1 Evacuation Pause) 201M->60M(256M) 16.115ms
[587.111s][info][gc,cpu      ] GC(1175) User=0.03s Sys=0.00s Real=0.02s
[587.816s][info][gc,start    ] GC(1176) Pause Young (Concurrent Start) (G1 Humongous Allocation)
[587.816s][info][gc,task     ] GC(1176) Using 2 workers of 2 for evacuation
[587.843s][info][gc,phases   ] GC(1176)   Pre Evacuate Collection Set: 0.18ms
[587.843s][info][gc,phases   ] GC(1176)   Merge Heap Roots: 0.08ms
[587.843s][info][gc,phases   ] GC(1176)   Evacuate Collection Set: 26.32ms
[587.843s][info][gc,phases   ] GC(1176)   Post Evacuate Collection Set: 0.47ms
[587.843s][info][gc,phases   ] GC(1176)   Other: 0.09ms
[587.843s][info][gc,heap     ] GC(1176) Eden regions: 129->0(137)
[587.843s][info][gc,heap     ] GC(1176) Survivor regions: 15->16(20)
[587.843s][info][gc,heap     ] GC(1176) Old regions: 45->59
[587.843s][info][gc,heap     ] GC(1176) Humongous regions: 2->2
[587.843s][info][gc,metaspace] GC(1176) Metaspace: 43197K(43712K)->43197K(43712K) NonClass: 38854K(39168K)->38854K(39168K) Class: 4343K(4544K)->4343K(4544K)
[587.843s][info][gc          ] GC(1176) Pause Young (Concurrent Start) (G1 Humongous Allocation) 189M->76M(256M) 27.354ms
[587.843s][info][gc          ] GC(1177) Concurrent Mark Cycle
[587.843s][info][gc,marking  ] GC(1177) Concurrent Scan Root Regions
[587.844s][info][gc,cpu      ] GC(1176) User=0.06s Sys=0.00s Real=0.03s
[587.863s][info][gc,marking  ] GC(1177) Concurrent Scan Root Regions 20.340ms
[587.863s][info][gc,marking  ] GC(1177) Concurrent Mark
[587.863s][info][gc,marking  ] GC(1177) Concurrent Mark From Roots
[587.863s][info][gc,task     ] GC(1177) Using 1 workers of 1 for marking
[587.895s][info][gc,marking  ] GC(1177) Concurrent Mark From Roots 31.446ms
[587.895s][info][gc,marking  ] GC(1177) Concurrent Preclean
[587.895s][info][gc,marking  ] GC(1177) Concurrent Preclean 0.036ms
[587.895s][info][gc,start    ] GC(1177) Pause Remark
[587.922s][info][gc          ] GC(1177) Pause Remark 87M->85M(256M) 27.320ms
[587.922s][info][gc,cpu      ] GC(1177) User=0.06s Sys=0.00s Real=0.03s
[587.922s][info][gc,marking  ] GC(1177) Concurrent Mark 59.125ms
[587.922s][info][gc,marking  ] GC(1177) Concurrent Rebuild Remembered Sets and Scrub Regions
[587.945s][info][gc,marking  ] GC(1177) Concurrent Rebuild Remembered Sets and Scrub Regions 22.586ms
[587.945s][info][gc,start    ] GC(1177) Pause Cleanup
[587.945s][info][gc          ] GC(1177) Pause Cleanup 93M->93M(256M) 0.048ms
[587.945s][info][gc,cpu      ] GC(1177) User=0.00s Sys=0.00s Real=0.00s
[587.945s][info][gc,marking  ] GC(1177) Concurrent Clear Claimed Marks
[587.945s][info][gc,marking  ] GC(1177) Concurrent Clear Claimed Marks 0.040ms
[587.945s][info][gc,marking  ] GC(1177) Concurrent Cleanup for Next Mark
[587.946s][info][gc,marking  ] GC(1177) Concurrent Cleanup for Next Mark 0.758ms
[587.946s][info][gc          ] GC(1177) Concurrent Mark Cycle 103.196ms
[588.254s][info][gc,start    ] GC(1178) Pause Young (Prepare Mixed) (G1 Evacuation Pause)
[588.254s][info][gc,task     ] GC(1178) Using 2 workers of 2 for evacuation
[588.276s][info][gc,phases   ] GC(1178)   Pre Evacuate Collection Set: 0.18ms
[588.276s][info][gc,phases   ] GC(1178)   Merge Heap Roots: 0.09ms
[588.276s][info][gc,phases   ] GC(1178)   Evacuate Collection Set: 20.89ms
[588.276s][info][gc,phases   ] GC(1178)   Post Evacuate Collection Set: 0.46ms
[588.276s][info][gc,phases   ] GC(1178)   Other: 0.08ms
[588.276s][info][gc,heap     ] GC(1178) Eden regions: 137->0(133)
[588.276s][info][gc,heap     ] GC(1178) Survivor regions: 16->18(20)
[588.276s][info][gc,heap     ] GC(1178) Old regions: 57->62
[588.276s][info][gc,heap     ] GC(1178) Humongous regions: 5->5
[588.276s][info][gc,metaspace] GC(1178) Metaspace: 43197K(43712K)->43197K(43712K) NonClass: 38854K(39168K)->38854K(39168K) Class: 4343K(4544K)->4343K(4544K)
[588.276s][info][gc          ] GC(1178) Pause Young (Prepare Mixed) (G1 Evacuation Pause) 214M->83M(256M) 21.908ms
[588.276s][info][gc,cpu      ] GC(1178) User=0.04s Sys=0.00s Real=0.02s
[588.623s][info][gc,start    ] GC(1179) Pause Young (Mixed) (G1 Evacuation Pause)
[588.623s][info][gc,task     ] GC(1179) Using 2 workers of 2 for evacuation
[588.663s][info][gc,phases   ] GC(1179)   Pre Evacuate Collection Set: 0.16ms
[588.663s][info][gc,phases   ] GC(1179)   Merge Heap Roots: 0.13ms
[588.663s][info][gc,phases   ] GC(1179)   Evacuate Collection Set: 38.75ms
[588.663s][info][gc,phases   ] GC(1179)   Post Evacuate Collection Set: 0.72ms
[588.663s][info][gc,phases   ] GC(1179)   Other: 0.08ms
[588.663s][info][gc,heap     ] GC(1179) Eden regions: 133->0(147)
[588.663s][info][gc,heap     ] GC(1179) Survivor regions: 18->17(19)
[588.663s][info][gc,heap     ] GC(1179) Old regions: 62->69
[588.663s][info][gc,heap     ] GC(1179) Humongous regions: 7->7
[588.663s][info][gc,metaspace] GC(1179) Metaspace: 43197K(43712K)->43197K(43712K) NonClass: 38854K(39168K)->38854K(39168K) Class: 4343K(4544K)->4343K(4544K)
[588.663s][info][gc          ] GC(1179) Pause Young (Mixed) (G1 Evacuation Pause) 218M->92M(285M) 40.137ms
[588.663s][info][gc,cpu      ] GC(1179) User=0.08s Sys=0.00s Real=0.04s
[589.042s][info][gc,start    ] GC(1180) Pause Young (Concurrent Start) (G1 Evacuation Pause)
[589.042s][info][gc,task     ] GC(1180) Using 2 workers of 2 for evacuation
[589.080s][info][gc,phases   ] GC(1180)   Pre Evacuate Collection Set: 0.19ms
[589.080s][info][gc,phases   ] GC(1180)   Merge Heap Roots: 0.09ms
[589.080s][info][gc,phases   ] GC(1180)   Evacuate Collection Set: 37.18ms
[589.080s][info][gc,phases   ] GC(1180)   Post Evacuate Collection Set: 0.47ms
[589.080s][info][gc,phases   ] GC(1180)   Other: 0.12ms
[589.080s][info][gc,heap     ] GC(1180) Eden regions: 147->0(135)
[589.080s][info][gc,heap     ] GC(1180) Survivor regions: 17->18(21)
[589.080s][info][gc,heap     ] GC(1180) Old regions: 69->85
[589.080s][info][gc,heap     ] GC(1180) Humongous regions: 7->7
[589.080s][info][gc,metaspace] GC(1180) Metaspace: 43197K(43712K)->43197K(43712K) NonClass: 38854K(39168K)->38854K(39168K) Class: 4343K(4544K)->4343K(4544K)
[589.080s][info][gc          ] GC(1180) Pause Young (Concurrent Start) (G1 Evacuation Pause) 239M->109M(285M) 38.265ms
[589.080s][info][gc,cpu      ] GC(1180) User=0.07s Sys=0.00s Real=0.03s
[589.080s][info][gc          ] GC(1181) Concurrent Mark Cycle
[589.080s][info][gc,marking  ] GC(1181) Concurrent Scan Root Regions
[589.106s][info][gc,marking  ] GC(1181) Concurrent Scan Root Regions 26.053ms
[589.106s][info][gc,marking  ] GC(1181) Concurrent Mark
[589.106s][info][gc,marking  ] GC(1181) Concurrent Mark From Roots
[589.106s][info][gc,task     ] GC(1181) Using 1 workers of 1 for marking
[589.164s][info][gc,marking  ] GC(1181) Concurrent Mark From Roots 57.768ms
[589.164s][info][gc,marking  ] GC(1181) Concurrent Preclean
[589.164s][info][gc,marking  ] GC(1181) Concurrent Preclean 0.036ms
[589.164s][info][gc,start    ] GC(1181) Pause Remark
[589.182s][info][gc          ] GC(1181) Pause Remark 145M->140M(285M) 17.472ms
[589.182s][info][gc,cpu      ] GC(1181) User=0.03s Sys=0.00s Real=0.02s
[589.182s][info][gc,marking  ] GC(1181) Concurrent Mark 75.566ms
[589.182s][info][gc,marking  ] GC(1181) Concurrent Rebuild Remembered Sets and Scrub Regions
[589.221s][info][gc,marking  ] GC(1181) Concurrent Rebuild Remembered Sets and Scrub Regions 39.418ms
[589.221s][info][gc,start    ] GC(1181) Pause Cleanup
[589.221s][info][gc          ] GC(1181) Pause Cleanup 156M->156M(285M) 0.051ms
[589.221s][info][gc,cpu      ] GC(1181) User=0.00s Sys=0.00s Real=0.00s
[589.221s][info][gc,marking  ] GC(1181) Concurrent Clear Claimed Marks
[589.221s][info][gc,marking  ] GC(1181) Concurrent Clear Claimed Marks 0.041ms
[589.221s][info][gc,marking  ] GC(1181) Concurrent Cleanup for Next Mark
[589.223s][info][gc,marking  ] GC(1181) Concurrent Cleanup for Next Mark 1.150ms
[589.223s][info][gc          ] GC(1181) Concurrent Mark Cycle 142.630ms
[589.480s][info][gc,start    ] GC(1182) Pause Young (Prepare Mixed) (G1 Evacuation Pause)
[589.480s][info][gc,task     ] GC(1182) Using 2 workers of 2 for evacuation
[589.522s][info][gc,phases   ] GC(1182)   Pre Evacuate Collection Set: 0.20ms
[589.522s][info][gc,phases   ] GC(1182)   Merge Heap Roots: 0.11ms
[589.522s][info][gc,phases   ] GC(1182)   Evacuate Collection Set: 40.43ms
[589.522s][info][gc,phases   ] GC(1182)   Post Evacuate Collection Set: 0.49ms
[589.522s][info][gc,phases   ] GC(1182)   Other: 0.10ms
[589.522s][info][gc,heap     ] GC(1182) Eden regions: 135->0(124)
[589.522s][info][gc,heap     ] GC(1182) Survivor regions: 18->16(20)
[589.522s][info][gc,heap     ] GC(1182) Old regions: 82->100
[589.522s][info][gc,heap     ] GC(1182) Humongous regions: 9->9
[589.522s][info][gc,metaspace] GC(1182) Metaspace: 43197K(43712K)->43197K(43712K) NonClass: 38854K(39168K)->38854K(39168K) Class: 4343K(4544K)->4343K(4544K)
[589.522s][info][gc          ] GC(1182) Pause Young (Prepare Mixed) (G1 Evacuation Pause) 243M->124M(285M) 41.564ms
[589.522s][info][gc,cpu      ] GC(1182) User=0.08s Sys=0.00s Real=0.05s
[589.928s][info][gc,start    ] GC(1183) Pause Young (Mixed) (G1 Evacuation Pause)
[589.928s][info][gc,task     ] GC(1183) Using 2 workers of 2 for evacuation
[589.972s][info][gc,phases   ] GC(1183)   Pre Evacuate Collection Set: 0.25ms
[589.972s][info][gc,phases   ] GC(1183)   Merge Heap Roots: 0.14ms
[589.972s][info][gc,phases   ] GC(1183)   Evacuate Collection Set: 43.64ms
[589.972s][info][gc,phases   ] GC(1183)   Post Evacuate Collection Set: 0.48ms
[589.972s][info][gc,phases   ] GC(1183)   Other: 0.07ms
[589.972s][info][gc,heap     ] GC(1183) Eden regions: 124->0(115)
[589.972s][info][gc,heap     ] GC(1183) Survivor regions: 16->18(18)
[589.972s][info][gc,heap     ] GC(1183) Old regions: 100->103
[589.972s][info][gc,heap     ] GC(1183) Humongous regions: 9->9
[589.972s][info][gc,metaspace] GC(1183) Metaspace: 43197K(43712K)->43197K(43712K) NonClass: 38854K(39168K)->38854K(39168K) Class: 4343K(4544K)->4343K(4544K)
[589.972s][info][gc          ] GC(1183) Pause Young (Mixed) (G1 Evacuation Pause) 248M->129M(285M) 44.819ms
[589.972s][info][gc,cpu      ] GC(1183) User=0.09s Sys=0.00s Real=0.05s
[590.039s][info][gc,start    ] GC(1184) Pause Young (Concurrent Start) (G1 Humongous Allocation)
[590.040s][info][gc,task     ] GC(1184) Using 2 workers of 2 for evacuation
[590.065s][info][gc,phases   ] GC(1184)   Pre Evacuate Collection Set: 0.19ms
[590.065s][info][gc,phases   ] GC(1184)   Merge Heap Roots: 0.09ms
[590.065s][info][gc,phases   ] GC(1184)   Evacuate Collection Set: 24.95ms
[590.065s][info][gc,phases   ] GC(1184)   Post Evacuate Collection Set: 0.35ms
[590.065s][info][gc,phases   ] GC(1184)   Other: 0.08ms
[590.065s][info][gc,heap     ] GC(1184) Eden regions: 6->0(65)
[590.065s][info][gc,heap     ] GC(1184) Survivor regions: 18->6(17)
[590.065s][info][gc,heap     ] GC(1184) Old regions: 103->120
[590.065s][info][gc,heap     ] GC(1184) Humongous regions: 9->9
[590.065s][info][gc,metaspace] GC(1184) Metaspace: 43197K(43712K)->43197K(43712K) NonClass: 38854K(39168K)->38854K(39168K) Class: 4343K(4544K)->4343K(4544K)
[590.065s][info][gc          ] GC(1184) Pause Young (Concurrent Start) (G1 Humongous Allocation) 135M->134M(285M) 25.892ms
[590.065s][info][gc,cpu      ] GC(1184) User=0.05s Sys=0.00s Real=0.03s
[590.065s][info][gc          ] GC(1185) Concurrent Mark Cycle
[590.065s][info][gc,marking  ] GC(1185) Concurrent Scan Root Regions
[590.100s][info][gc,marking  ] GC(1185) Concurrent Scan Root Regions 34.917ms
[590.100s][info][gc,marking  ] GC(1185) Concurrent Mark
[590.100s][info][gc,marking  ] GC(1185) Concurrent Mark From Roots
[590.100s][info][gc,task     ] GC(1185) Using 1 workers of 1 for marking
[590.231s][info][gc,marking  ] GC(1185) Concurrent Mark From Roots 130.045ms
[590.231s][info][gc,marking  ] GC(1185) Concurrent Preclean
[590.231s][info][gc,marking  ] GC(1185) Concurrent Preclean 0.044ms
[590.231s][info][gc,start    ] GC(1185) Pause Remark
[590.248s][info][gc          ] GC(1185) Pause Remark 146M->144M(285M) 17.319ms
[590.248s][info][gc,cpu      ] GC(1185) User=0.03s Sys=0.00s Real=0.01s
[590.250s][info][gc,marking  ] GC(1185) Concurrent Mark 149.906ms
[590.250s][info][gc,marking  ] GC(1185) Concurrent Rebuild Remembered Sets and Scrub Regions
[590.328s][info][gc,marking  ] GC(1185) Concurrent Rebuild Remembered Sets and Scrub Regions 77.212ms
[590.328s][info][gc,start    ] GC(1185) Pause Cleanup
[590.328s][info][gc          ] GC(1185) Pause Cleanup 153M->153M(285M) 0.055ms
[590.328s][info][gc,cpu      ] GC(1185) User=0.00s Sys=0.00s Real=0.00s
[590.328s][info][gc,marking  ] GC(1185) Concurrent Clear Claimed Marks
[590.328s][info][gc,marking  ] GC(1185) Concurrent Clear Claimed Marks 0.043ms
[590.328s][info][gc,marking  ] GC(1185) Concurrent Cleanup for Next Mark
[590.329s][info][gc,marking  ] GC(1185) Concurrent Cleanup for Next Mark 0.854ms
[590.329s][info][gc          ] GC(1185) Concurrent Mark Cycle 263.483ms
[591.058s][info][gc,start    ] GC(1186) Pause Young (Prepare Mixed) (G1 Evacuation Pause)
[591.058s][info][gc,task     ] GC(1186) Using 2 workers of 2 for evacuation
[591.085s][info][gc,phases   ] GC(1186)   Pre Evacuate Collection Set: 0.17ms
[591.085s][info][gc,phases   ] GC(1186)   Merge Heap Roots: 0.17ms
[591.085s][info][gc,phases   ] GC(1186)   Evacuate Collection Set: 26.58ms
[591.085s][info][gc,phases   ] GC(1186)   Post Evacuate Collection Set: 0.42ms
[591.085s][info][gc,phases   ] GC(1186)   Other: 0.07ms
[591.085s][info][gc,heap     ] GC(1186) Eden regions: 65->0(59)
[591.085s][info][gc,heap     ] GC(1186) Survivor regions: 6->9(9)
[591.085s][info][gc,heap     ] GC(1186) Old regions: 120->133
[591.085s][info][gc,heap     ] GC(1186) Humongous regions: 15->13
[591.085s][info][gc,metaspace] GC(1186) Metaspace: 43197K(43712K)->43197K(43712K) NonClass: 38854K(39168K)->38854K(39168K) Class: 4343K(4544K)->4343K(4544K)
[591.085s][info][gc          ] GC(1186) Pause Young (Prepare Mixed) (G1 Evacuation Pause) 205M->154M(285M) 27.620ms
[591.085s][info][gc,cpu      ] GC(1186) User=0.06s Sys=0.00s Real=0.03s
[591.286s][info][gc,start    ] GC(1187) Pause Young (Mixed) (G1 Evacuation Pause)
[591.286s][info][gc,task     ] GC(1187) Using 2 workers of 2 for evacuation
[591.302s][info][gc,phases   ] GC(1187)   Pre Evacuate Collection Set: 0.17ms
[591.302s][info][gc,phases   ] GC(1187)   Merge Heap Roots: 0.13ms
[591.302s][info][gc,phases   ] GC(1187)   Evacuate Collection Set: 15.22ms
[591.302s][info][gc,phases   ] GC(1187)   Post Evacuate Collection Set: 0.34ms
[591.302s][info][gc,phases   ] GC(1187)   Other: 0.09ms
[591.302s][info][gc,heap     ] GC(1187) Eden regions: 59->0(65)
[591.302s][info][gc,heap     ] GC(1187) Survivor regions: 9->4(9)
[591.302s][info][gc,heap     ] GC(1187) Old regions: 133->138
[591.302s][info][gc,heap     ] GC(1187) Humongous regions: 13->13
[591.302s][info][gc,metaspace] GC(1187) Metaspace: 43197K(43712K)->43197K(43712K) NonClass: 38854K(39168K)->38854K(39168K) Class: 4343K(4544K)->4343K(4544K)
[591.302s][info][gc          ] GC(1187) Pause Young (Mixed) (G1 Evacuation Pause) 213M->154M(285M) 16.133ms
[591.302s][info][gc,cpu      ] GC(1187) User=0.03s Sys=0.00s Real=0.02s
[591.523s][info][gc,start    ] GC(1188) Pause Young (Concurrent Start) (G1 Evacuation Pause)
[591.523s][info][gc,task     ] GC(1188) Using 2 workers of 2 for evacuation
[591.529s][info][gc,phases   ] GC(1188)   Pre Evacuate Collection Set: 0.18ms
[591.529s][info][gc,phases   ] GC(1188)   Merge Heap Roots: 0.04ms
[591.529s][info][gc,phases   ] GC(1188)   Evacuate Collection Set: 4.78ms
[591.529s][info][gc,phases   ] GC(1188)   Post Evacuate Collection Set: 1.09ms
[591.529s][info][gc,phases   ] GC(1188)   Other: 0.11ms
[591.529s][info][gc,heap     ] GC(1188) Eden regions: 65->0(119)
[591.529s][info][gc,heap     ] GC(1188) Survivor regions: 4->7(9)
[591.529s][info][gc,heap     ] GC(1188) Old regions: 138->138
[591.529s][info][gc,heap     ] GC(1188) Humongous regions: 13->13
[591.529s][info][gc,metaspace] GC(1188) Metaspace: 43197K(43712K)->43197K(43712K) NonClass: 38854K(39168K)->38854K(39168K) Class: 4343K(4544K)->4343K(4544K)
[591.529s][info][gc          ] GC(1188) Pause Young (Concurrent Start) (G1 Evacuation Pause) 219M->158M(391M) 6.378ms
[591.529s][info][gc          ] GC(1189) Concurrent Mark Cycle
[591.529s][info][gc,marking  ] GC(1189) Concurrent Scan Root Regions
[591.530s][info][gc,cpu      ] GC(1188) User=0.01s Sys=0.00s Real=0.01s
[591.537s][info][gc,marking  ] GC(1189) Concurrent Scan Root Regions 7.579ms
[591.537s][info][gc,marking  ] GC(1189) Concurrent Mark
[591.537s][info][gc,marking  ] GC(1189) Concurrent Mark From Roots
[591.537s][info][gc,task     ] GC(1189) Using 1 workers of 1 for marking
[591.573s][info][gc,marking  ] GC(1189) Concurrent Mark From Roots 35.538ms
[591.573s][info][gc,marking  ] GC(1189) Concurrent Preclean
[591.573s][info][gc,marking  ] GC(1189) Concurrent Preclean 0.038ms
[591.573s][info][gc,start    ] GC(1189) Pause Remark
[591.590s][info][gc          ] GC(1189) Pause Remark 164M->58M(256M) 17.147ms
[591.590s][info][gc,cpu      ] GC(1189) User=0.03s Sys=0.00s Real=0.01s
[591.590s][info][gc,marking  ] GC(1189) Concurrent Mark 53.090ms
[591.590s][info][gc,marking  ] GC(1189) Concurrent Rebuild Remembered Sets and Scrub Regions
[591.604s][info][gc,marking  ] GC(1189) Concurrent Rebuild Remembered Sets and Scrub Regions 13.831ms
[591.604s][info][gc,start    ] GC(1189) Pause Cleanup
[591.604s][info][gc          ] GC(1189) Pause Cleanup 60M->60M(256M) 0.043ms
[591.604s][info][gc,cpu      ] GC(1189) User=0.00s Sys=0.00s Real=0.00s
[591.604s][info][gc,marking  ] GC(1189) Concurrent Clear Claimed Marks
[591.604s][info][gc,marking  ] GC(1189) Concurrent Clear Claimed Marks 0.038ms
[591.604s][info][gc,marking  ] GC(1189) Concurrent Cleanup for Next Mark
[591.605s][info][gc,marking  ] GC(1189) Concurrent Cleanup for Next Mark 0.743ms
[591.605s][info][gc          ] GC(1189) Concurrent Mark Cycle 75.597ms
[592.174s][info][gc,start    ] GC(1190) Pause Young (Prepare Mixed) (G1 Evacuation Pause)
[592.174s][info][gc,task     ] GC(1190) Using 2 workers of 2 for evacuation
[592.184s][info][gc,phases   ] GC(1190)   Pre Evacuate Collection Set: 0.17ms
[592.184s][info][gc,phases   ] GC(1190)   Merge Heap Roots: 0.05ms
[592.184s][info][gc,phases   ] GC(1190)   Evacuate Collection Set: 8.54ms
[592.184s][info][gc,phases   ] GC(1190)   Post Evacuate Collection Set: 0.43ms
[592.184s][info][gc,phases   ] GC(1190)   Other: 0.08ms
[592.184s][info][gc,heap     ] GC(1190) Eden regions: 119->0(113)
[592.184s][info][gc,heap     ] GC(1190) Survivor regions: 7->11(16)
[592.184s][info][gc,heap     ] GC(1190) Old regions: 44->44
[592.184s][info][gc,heap     ] GC(1190) Humongous regions: 1->1
[592.184s][info][gc,metaspace] GC(1190) Metaspace: 43197K(43712K)->43197K(43712K) NonClass: 38854K(39168K)->38854K(39168K) Class: 4343K(4544K)->4343K(4544K)
[592.184s][info][gc          ] GC(1190) Pause Young (Prepare Mixed) (G1 Evacuation Pause) 170M->56M(256M) 9.503ms
[592.184s][info][gc,cpu      ] GC(1190) User=0.02s Sys=0.00s Real=0.01s
[592.843s][info][gc,start    ] GC(1191) Pause Young (Mixed) (G1 Evacuation Pause)
[592.843s][info][gc,task     ] GC(1191) Using 2 workers of 2 for evacuation
[592.848s][info][gc,phases   ] GC(1191)   Pre Evacuate Collection Set: 0.16ms
[592.848s][info][gc,phases   ] GC(1191)   Merge Heap Roots: 0.06ms
[592.848s][info][gc,phases   ] GC(1191)   Evacuate Collection Set: 4.44ms
[592.848s][info][gc,phases   ] GC(1191)   Post Evacuate Collection Set: 0.35ms
[592.848s][info][gc,phases   ] GC(1191)   Other: 0.07ms
[592.848s][info][gc,heap     ] GC(1191) Eden regions: 113->0(127)
[592.848s][info][gc,heap     ] GC(1191) Survivor regions: 11->2(16)
[592.848s][info][gc,heap     ] GC(1191) Old regions: 44->45
[592.848s][info][gc,heap     ] GC(1191) Humongous regions: 1->1
[592.848s][info][gc,metaspace] GC(1191) Metaspace: 43197K(43712K)->43197K(43712K) NonClass: 38854K(39168K)->38854K(39168K) Class: 4343K(4544K)->4343K(4544K)
[592.848s][info][gc          ] GC(1191) Pause Young (Mixed) (G1 Evacuation Pause) 169M->47M(256M) 5.257ms
[592.848s][info][gc,cpu      ] GC(1191) User=0.01s Sys=0.00s Real=0.00s
[593.599s][info][gc,start    ] GC(1192) Pause Young (Concurrent Start) (G1 Evacuation Pause)
[593.599s][info][gc,task     ] GC(1192) Using 2 workers of 2 for evacuation
[593.615s][info][gc,phases   ] GC(1192)   Pre Evacuate Collection Set: 0.20ms
[593.615s][info][gc,phases   ] GC(1192)   Merge Heap Roots: 0.07ms
[593.615s][info][gc,phases   ] GC(1192)   Evacuate Collection Set: 14.95ms
[593.615s][info][gc,phases   ] GC(1192)   Post Evacuate Collection Set: 0.42ms
[593.615s][info][gc,phases   ] GC(1192)   Other: 0.11ms
[593.615s][info][gc,heap     ] GC(1192) Eden regions: 127->0(124)
[593.615s][info][gc,heap     ] GC(1192) Survivor regions: 2->16(17)
[593.615s][info][gc,heap     ] GC(1192) Old regions: 45->45
[593.615s][info][gc,heap     ] GC(1192) Humongous regions: 1->1
[593.615s][info][gc,metaspace] GC(1192) Metaspace: 43197K(43712K)->43197K(43712K) NonClass: 38854K(39168K)->38854K(39168K) Class: 4343K(4544K)->4343K(4544K)
[593.615s][info][gc          ] GC(1192) Pause Young (Concurrent Start) (G1 Evacuation Pause) 174M->61M(256M) 15.948ms
[593.615s][info][gc          ] GC(1193) Concurrent Mark Cycle
[593.615s][info][gc,marking  ] GC(1193) Concurrent Scan Root Regions
[593.617s][info][gc,cpu      ] GC(1192) User=0.04s Sys=0.00s Real=0.02s
[593.625s][info][gc,marking  ] GC(1193) Concurrent Scan Root Regions 9.856ms
[593.625s][info][gc,marking  ] GC(1193) Concurrent Mark
[593.625s][info][gc,marking  ] GC(1193) Concurrent Mark From Roots
[593.625s][info][gc,task     ] GC(1193) Using 1 workers of 1 for marking
[593.665s][info][gc,marking  ] GC(1193) Concurrent Mark From Roots 40.210ms
[593.665s][info][gc,marking  ] GC(1193) Concurrent Preclean
[593.665s][info][gc,marking  ] GC(1193) Concurrent Preclean 0.036ms
[593.665s][info][gc,start    ] GC(1193) Pause Remark
[593.683s][info][gc          ] GC(1193) Pause Remark 69M->69M(256M) 17.247ms
[593.683s][info][gc,cpu      ] GC(1193) User=0.03s Sys=0.00s Real=0.02s
[593.683s][info][gc,marking  ] GC(1193) Concurrent Mark 57.881ms
[593.683s][info][gc,marking  ] GC(1193) Concurrent Rebuild Remembered Sets and Scrub Regions
[593.699s][info][gc,marking  ] GC(1193) Concurrent Rebuild Remembered Sets and Scrub Regions 15.849ms
[593.699s][info][gc,start    ] GC(1193) Pause Cleanup
[593.699s][info][gc          ] GC(1193) Pause Cleanup 71M->71M(256M) 0.060ms
[593.699s][info][gc,cpu      ] GC(1193) User=0.00s Sys=0.00s Real=0.00s
[593.699s][info][gc,marking  ] GC(1193) Concurrent Clear Claimed Marks
[593.699s][info][gc,marking  ] GC(1193) Concurrent Clear Claimed Marks 0.038ms
[593.699s][info][gc,marking  ] GC(1193) Concurrent Cleanup for Next Mark
[593.700s][info][gc,marking  ] GC(1193) Concurrent Cleanup for Next Mark 0.742ms
[593.700s][info][gc          ] GC(1193) Concurrent Mark Cycle 84.719ms
[594.392s][info][gc,start    ] GC(1194) Pause Young (Prepare Mixed) (G1 Evacuation Pause)
[594.392s][info][gc,task     ] GC(1194) Using 2 workers of 2 for evacuation
[594.407s][info][gc,phases   ] GC(1194)   Pre Evacuate Collection Set: 0.21ms
[594.407s][info][gc,phases   ] GC(1194)   Merge Heap Roots: 0.08ms
[594.407s][info][gc,phases   ] GC(1194)   Evacuate Collection Set: 14.05ms
[594.407s][info][gc,phases   ] GC(1194)   Post Evacuate Collection Set: 0.45ms
[594.407s][info][gc,phases   ] GC(1194)   Other: 0.11ms
[594.407s][info][gc,heap     ] GC(1194) Eden regions: 124->0(130)
[594.407s][info][gc,heap     ] GC(1194) Survivor regions: 16->11(18)
[594.407s][info][gc,heap     ] GC(1194) Old regions: 45->49
[594.407s][info][gc,heap     ] GC(1194) Humongous regions: 1->1
[594.407s][info][gc,metaspace] GC(1194) Metaspace: 43197K(43712K)->43197K(43712K) NonClass: 38854K(39168K)->38854K(39168K) Class: 4343K(4544K)->4343K(4544K)
[594.407s][info][gc          ] GC(1194) Pause Young (Prepare Mixed) (G1 Evacuation Pause) 185M->60M(256M) 15.089ms
[594.407s][info][gc,cpu      ] GC(1194) User=0.03s Sys=0.00s Real=0.01s
[595.187s][info][gc,start    ] GC(1195) Pause Young (Mixed) (G1 Evacuation Pause)
[595.187s][info][gc,task     ] GC(1195) Using 2 workers of 2 for evacuation
[595.209s][info][gc,phases   ] GC(1195)   Pre Evacuate Collection Set: 0.26ms
[595.209s][info][gc,phases   ] GC(1195)   Merge Heap Roots: 0.08ms
[595.209s][info][gc,phases   ] GC(1195)   Evacuate Collection Set: 20.95ms
[595.209s][info][gc,phases   ] GC(1195)   Post Evacuate Collection Set: 0.38ms
[595.209s][info][gc,phases   ] GC(1195)   Other: 0.07ms
[595.209s][info][gc,heap     ] GC(1195) Eden regions: 130->0(128)
[595.209s][info][gc,heap     ] GC(1195) Survivor regions: 11->14(18)
[595.209s][info][gc,heap     ] GC(1195) Old regions: 49->55
[595.209s][info][gc,heap     ] GC(1195) Humongous regions: 2->2
[595.209s][info][gc,metaspace] GC(1195) Metaspace: 43197K(43712K)->43197K(43712K) NonClass: 38854K(39168K)->38854K(39168K) Class: 4343K(4544K)->4343K(4544K)
[595.209s][info][gc          ] GC(1195) Pause Young (Mixed) (G1 Evacuation Pause) 191M->70M(256M) 21.930ms
[595.209s][info][gc,cpu      ] GC(1195) User=0.05s Sys=0.00s Real=0.02s
[595.961s][info][gc,start    ] GC(1196) Pause Young (Concurrent Start) (G1 Evacuation Pause)
[595.961s][info][gc,task     ] GC(1196) Using 2 workers of 2 for evacuation
[595.985s][info][gc,phases   ] GC(1196)   Pre Evacuate Collection Set: 0.17ms
[595.985s][info][gc,phases   ] GC(1196)   Merge Heap Roots: 0.07ms
[595.985s][info][gc,phases   ] GC(1196)   Evacuate Collection Set: 22.44ms
[595.985s][info][gc,phases   ] GC(1196)   Post Evacuate Collection Set: 0.46ms
[595.985s][info][gc,phases   ] GC(1196)   Other: 0.12ms
[595.985s][info][gc,heap     ] GC(1196) Eden regions: 128->0(124)
[595.985s][info][gc,heap     ] GC(1196) Survivor regions: 14->12(18)
[595.985s][info][gc,heap     ] GC(1196) Old regions: 55->68
[595.985s][info][gc,heap     ] GC(1196) Humongous regions: 2->2
[595.985s][info][gc,metaspace] GC(1196) Metaspace: 43197K(43712K)->43197K(43712K) NonClass: 38854K(39168K)->38854K(39168K) Class: 4343K(4544K)->4343K(4544K)
[595.985s][info][gc          ] GC(1196) Pause Young (Concurrent Start) (G1 Evacuation Pause) 198M->82M(256M) 23.456ms
[595.985s][info][gc,cpu      ] GC(1196) User=0.05s Sys=0.00s Real=0.02s
[595.985s][info][gc          ] GC(1197) Concurrent Mark Cycle
[595.987s][info][gc,marking  ] GC(1197) Concurrent Scan Root Regions
[596.006s][info][gc,marking  ] GC(1197) Concurrent Scan Root Regions 18.308ms
[596.006s][info][gc,marking  ] GC(1197) Concurrent Mark
[596.006s][info][gc,marking  ] GC(1197) Concurrent Mark From Roots
[596.006s][info][gc,task     ] GC(1197) Using 1 workers of 1 for marking
[596.045s][info][gc,marking  ] GC(1197) Concurrent Mark From Roots 38.874ms
[596.045s][info][gc,marking  ] GC(1197) Concurrent Preclean
[596.045s][info][gc,marking  ] GC(1197) Concurrent Preclean 0.035ms
[596.045s][info][gc,start    ] GC(1197) Pause Remark
[596.062s][info][gc          ] GC(1197) Pause Remark 91M->87M(256M) 17.320ms
[596.062s][info][gc,cpu      ] GC(1197) User=0.03s Sys=0.00s Real=0.02s
[596.062s][info][gc,marking  ] GC(1197) Concurrent Mark 56.515ms
[596.062s][info][gc,marking  ] GC(1197) Concurrent Rebuild Remembered Sets and Scrub Regions
[596.088s][info][gc,marking  ] GC(1197) Concurrent Rebuild Remembered Sets and Scrub Regions 25.921ms
[596.088s][info][gc,start    ] GC(1197) Pause Cleanup
[596.088s][info][gc          ] GC(1197) Pause Cleanup 90M->90M(256M) 0.044ms
[596.088s][info][gc,cpu      ] GC(1197) User=0.00s Sys=0.00s Real=0.00s
[596.088s][info][gc,marking  ] GC(1197) Concurrent Clear Claimed Marks
[596.088s][info][gc,marking  ] GC(1197) Concurrent Clear Claimed Marks 0.046ms
[596.088s][info][gc,marking  ] GC(1197) Concurrent Cleanup for Next Mark
[596.089s][info][gc,marking  ] GC(1197) Concurrent Cleanup for Next Mark 0.766ms
[596.089s][info][gc          ] GC(1197) Concurrent Mark Cycle 104.485ms
[596.573s][info][gc,start    ] GC(1198) Pause Young (Prepare Mixed) (G1 Evacuation Pause)
[596.573s][info][gc,task     ] GC(1198) Using 2 workers of 2 for evacuation
[596.594s][info][gc,phases   ] GC(1198)   Pre Evacuate Collection Set: 0.22ms
[596.594s][info][gc,phases   ] GC(1198)   Merge Heap Roots: 0.17ms
[596.594s][info][gc,phases   ] GC(1198)   Evacuate Collection Set: 19.36ms
[596.594s][info][gc,phases   ] GC(1198)   Post Evacuate Collection Set: 0.71ms
[596.594s][info][gc,phases   ] GC(1198)   Other: 0.11ms
[596.594s][info][gc,heap     ] GC(1198) Eden regions: 124->0(119)
[596.594s][info][gc,heap     ] GC(1198) Survivor regions: 12->16(17)
[596.594s][info][gc,heap     ] GC(1198) Old regions: 64->70
[596.594s][info][gc,heap     ] GC(1198) Humongous regions: 6->4
[596.594s][info][gc,metaspace] GC(1198) Metaspace: 43197K(43712K)->43197K(43712K) NonClass: 38854K(39168K)->38854K(39168K) Class: 4343K(4544K)->4343K(4544K)
[596.594s][info][gc          ] GC(1198) Pause Young (Prepare Mixed) (G1 Evacuation Pause) 205M->89M(256M) 20.774ms
[596.594s][info][gc,cpu      ] GC(1198) User=0.04s Sys=0.00s Real=0.02s
[597.123s][info][gc,start    ] GC(1199) Pause Young (Mixed) (G1 Evacuation Pause)
[597.123s][info][gc,task     ] GC(1199) Using 2 workers of 2 for evacuation
[597.138s][info][gc,phases   ] GC(1199)   Pre Evacuate Collection Set: 0.23ms
[597.138s][info][gc,phases   ] GC(1199)   Merge Heap Roots: 0.23ms
[597.138s][info][gc,phases   ] GC(1199)   Evacuate Collection Set: 13.00ms
[597.138s][info][gc,phases   ] GC(1199)   Post Evacuate Collection Set: 0.52ms
[597.138s][info][gc,phases   ] GC(1199)   Other: 0.11ms
[597.138s][info][gc,heap     ] GC(1199) Eden regions: 119->0(133)
[597.138s][info][gc,heap     ] GC(1199) Survivor regions: 16->5(17)
[597.138s][info][gc,heap     ] GC(1199) Old regions: 70->67
[597.138s][info][gc,heap     ] GC(1199) Humongous regions: 20->4
[597.138s][info][gc,metaspace] GC(1199) Metaspace: 43197K(43712K)->43197K(43712K) NonClass: 38854K(39168K)->38854K(39168K) Class: 4343K(4544K)->4343K(4544K)
[597.138s][info][gc          ] GC(1199) Pause Young (Mixed) (G1 Evacuation Pause) 224M->75M(256M) 14.372ms
[597.138s][info][gc,cpu      ] GC(1199) User=0.02s Sys=0.00s Real=0.01s
[597.161s][info][gc,start    ] GC(1200) Pause Young (Concurrent Start) (G1 Humongous Allocation)
[597.161s][info][gc,task     ] GC(1200) Using 2 workers of 2 for evacuation
[597.167s][info][gc,phases   ] GC(1200)   Pre Evacuate Collection Set: 0.21ms
[597.167s][info][gc,phases   ] GC(1200)   Merge Heap Roots: 0.04ms
[597.167s][info][gc,phases   ] GC(1200)   Evacuate Collection Set: 4.74ms
[597.167s][info][gc,phases   ] GC(1200)   Post Evacuate Collection Set: 0.36ms
[597.167s][info][gc,phases   ] GC(1200)   Other: 0.11ms
[597.167s][info][gc,heap     ] GC(1200) Eden regions: 8->0(123)
[597.167s][info][gc,heap     ] GC(1200) Survivor regions: 5->7(18)
[597.167s][info][gc,heap     ] GC(1200) Old regions: 67->67
[597.167s][info][gc,heap     ] GC(1200) Humongous regions: 4->4
[597.167s][info][gc,metaspace] GC(1200) Metaspace: 43197K(43712K)->43197K(43712K) NonClass: 38854K(39168K)->38854K(39168K) Class: 4343K(4544K)->4343K(4544K)
[597.167s][info][gc          ] GC(1200) Pause Young (Concurrent Start) (G1 Humongous Allocation) 82M->77M(256M) 5.672ms
[597.167s][info][gc,cpu      ] GC(1200) User=0.01s Sys=0.00s Real=0.00s
[597.167s][info][gc          ] GC(1201) Concurrent Mark Cycle
[597.167s][info][gc,marking  ] GC(1201) Concurrent Scan Root Regions
[597.172s][info][gc,marking  ] GC(1201) Concurrent Scan Root Regions 4.966ms
[597.172s][info][gc,marking  ] GC(1201) Concurrent Mark
[597.172s][info][gc,marking  ] GC(1201) Concurrent Mark From Roots
[597.172s][info][gc,task     ] GC(1201) Using 1 workers of 1 for marking
[597.227s][info][gc,marking  ] GC(1201) Concurrent Mark From Roots 54.793ms
[597.227s][info][gc,marking  ] GC(1201) Concurrent Preclean
[597.227s][info][gc,marking  ] GC(1201) Concurrent Preclean 0.047ms
[597.227s][info][gc,start    ] GC(1201) Pause Remark
[597.246s][info][gc          ] GC(1201) Pause Remark 90M->86M(256M) 18.662ms
[597.246s][info][gc,cpu      ] GC(1201) User=0.04s Sys=0.00s Real=0.02s
[597.246s][info][gc,marking  ] GC(1201) Concurrent Mark 73.814ms
[597.246s][info][gc,marking  ] GC(1201) Concurrent Rebuild Remembered Sets and Scrub Regions
[597.264s][info][gc,marking  ] GC(1201) Concurrent Rebuild Remembered Sets and Scrub Regions 18.059ms
[597.264s][info][gc,start    ] GC(1201) Pause Cleanup
[597.264s][info][gc          ] GC(1201) Pause Cleanup 88M->88M(256M) 0.066ms
[597.264s][info][gc,cpu      ] GC(1201) User=0.00s Sys=0.00s Real=0.00s
[597.264s][info][gc,marking  ] GC(1201) Concurrent Clear Claimed Marks
[597.264s][info][gc,marking  ] GC(1201) Concurrent Clear Claimed Marks 0.043ms
[597.264s][info][gc,marking  ] GC(1201) Concurrent Cleanup for Next Mark
[597.265s][info][gc,marking  ] GC(1201) Concurrent Cleanup for Next Mark 0.830ms
[597.265s][info][gc          ] GC(1201) Concurrent Mark Cycle 98.144ms
[597.803s][info][gc,start    ] GC(1202) Pause Young (Prepare Mixed) (G1 Evacuation Pause)
[597.803s][info][gc,task     ] GC(1202) Using 2 workers of 2 for evacuation
[597.811s][info][gc,phases   ] GC(1202)   Pre Evacuate Collection Set: 0.15ms
[597.811s][info][gc,phases   ] GC(1202)   Merge Heap Roots: 0.06ms
[597.811s][info][gc,phases   ] GC(1202)   Evacuate Collection Set: 6.50ms
[597.811s][info][gc,phases   ] GC(1202)   Post Evacuate Collection Set: 0.43ms
[597.811s][info][gc,phases   ] GC(1202)   Other: 0.08ms
[597.811s][info][gc,heap     ] GC(1202) Eden regions: 123->0(131)
[597.811s][info][gc,heap     ] GC(1202) Survivor regions: 7->7(17)
[597.811s][info][gc,heap     ] GC(1202) Old regions: 64->64
[597.811s][info][gc,heap     ] GC(1202) Humongous regions: 7->3
[597.811s][info][gc,metaspace] GC(1202) Metaspace: 43197K(43712K)->43197K(43712K) NonClass: 38854K(39168K)->38854K(39168K) Class: 4343K(4544K)->4343K(4544K)
[597.811s][info][gc          ] GC(1202) Pause Young (Prepare Mixed) (G1 Evacuation Pause) 200M->73M(256M) 7.449ms
[597.811s][info][gc,cpu      ] GC(1202) User=0.01s Sys=0.00s Real=0.01s
[598.354s][info][gc,start    ] GC(1203) Pause Young (Mixed) (G1 Evacuation Pause)
[598.354s][info][gc,task     ] GC(1203) Using 2 workers of 2 for evacuation
[598.363s][info][gc,phases   ] GC(1203)   Pre Evacuate Collection Set: 0.17ms
[598.363s][info][gc,phases   ] GC(1203)   Merge Heap Roots: 0.08ms
[598.363s][info][gc,phases   ] GC(1203)   Evacuate Collection Set: 8.45ms
[598.363s][info][gc,phases   ] GC(1203)   Post Evacuate Collection Set: 0.59ms
[598.363s][info][gc,phases   ] GC(1203)   Other: 0.09ms
[598.363s][info][gc,heap     ] GC(1203) Eden regions: 131->0(143)
[598.363s][info][gc,heap     ] GC(1203) Survivor regions: 7->10(18)
[598.363s][info][gc,heap     ] GC(1203) Old regions: 64->42
[598.363s][info][gc,heap     ] GC(1203) Humongous regions: 11->3
[598.363s][info][gc,metaspace] GC(1203) Metaspace: 43197K(43712K)->43197K(43712K) NonClass: 38854K(39168K)->38854K(39168K) Class: 4343K(4544K)->4343K(4544K)
[598.363s][info][gc          ] GC(1203) Pause Young (Mixed) (G1 Evacuation Pause) 212M->53M(256M) 9.616ms
[598.363s][info][gc,cpu      ] GC(1203) User=0.02s Sys=0.00s Real=0.01s
[598.948s][info][gc,start    ] GC(1204) Pause Young (Concurrent Start) (G1 Evacuation Pause)
[598.948s][info][gc,task     ] GC(1204) Using 2 workers of 2 for evacuation
[598.969s][info][gc,phases   ] GC(1204)   Pre Evacuate Collection Set: 0.18ms
[598.969s][info][gc,phases   ] GC(1204)   Merge Heap Roots: 0.07ms
[598.969s][info][gc,phases   ] GC(1204)   Evacuate Collection Set: 20.43ms
[598.969s][info][gc,phases   ] GC(1204)   Post Evacuate Collection Set: 0.46ms
[598.969s][info][gc,phases   ] GC(1204)   Other: 0.15ms
[598.969s][info][gc,heap     ] GC(1204) Eden regions: 143->0(133)
[598.969s][info][gc,heap     ] GC(1204) Survivor regions: 10->20(20)
[598.969s][info][gc,heap     ] GC(1204) Old regions: 42->42
[598.969s][info][gc,heap     ] GC(1204) Humongous regions: 3->3
[598.969s][info][gc,metaspace] GC(1204) Metaspace: 43197K(43712K)->43197K(43712K) NonClass: 38854K(39168K)->38854K(39168K) Class: 4343K(4544K)->4343K(4544K)
[598.969s][info][gc          ] GC(1204) Pause Young (Concurrent Start) (G1 Evacuation Pause) 196M->63M(256M) 21.480ms
[598.969s][info][gc          ] GC(1205) Concurrent Mark Cycle
[598.969s][info][gc,marking  ] GC(1205) Concurrent Scan Root Regions
[598.971s][info][gc,cpu      ] GC(1204) User=0.05s Sys=0.00s Real=0.03s
[598.985s][info][gc,marking  ] GC(1205) Concurrent Scan Root Regions 16.133ms
[598.985s][info][gc,marking  ] GC(1205) Concurrent Mark
[598.985s][info][gc,marking  ] GC(1205) Concurrent Mark From Roots
[598.985s][info][gc,task     ] GC(1205) Using 1 workers of 1 for marking
[599.026s][info][gc,marking  ] GC(1205) Concurrent Mark From Roots 40.607ms
[599.026s][info][gc,marking  ] GC(1205) Concurrent Preclean
[599.026s][info][gc,marking  ] GC(1205) Concurrent Preclean 0.036ms
[599.026s][info][gc,start    ] GC(1205) Pause Remark
[599.044s][info][gc          ] GC(1205) Pause Remark 70M->70M(256M) 17.271ms
[599.044s][info][gc,cpu      ] GC(1205) User=0.03s Sys=0.00s Real=0.02s
[599.044s][info][gc,marking  ] GC(1205) Concurrent Mark 58.184ms
[599.044s][info][gc,marking  ] GC(1205) Concurrent Rebuild Remembered Sets and Scrub Regions
[599.061s][info][gc,marking  ] GC(1205) Concurrent Rebuild Remembered Sets and Scrub Regions 17.567ms
[599.061s][info][gc,start    ] GC(1205) Pause Cleanup
[599.061s][info][gc          ] GC(1205) Pause Cleanup 72M->72M(256M) 0.067ms
[599.061s][info][gc,cpu      ] GC(1205) User=0.00s Sys=0.00s Real=0.00s
[599.061s][info][gc,marking  ] GC(1205) Concurrent Clear Claimed Marks
[599.062s][info][gc,marking  ] GC(1205) Concurrent Clear Claimed Marks 0.039ms
[599.062s][info][gc,marking  ] GC(1205) Concurrent Cleanup for Next Mark
[599.062s][info][gc,marking  ] GC(1205) Concurrent Cleanup for Next Mark 0.729ms
[599.062s][info][gc          ] GC(1205) Concurrent Mark Cycle 93.016ms
[599.502s][info][gc,start    ] GC(1206) Pause Young (Prepare Mixed) (G1 Evacuation Pause)
[599.502s][info][gc,task     ] GC(1206) Using 2 workers of 2 for evacuation
[599.510s][info][gc,phases   ] GC(1206)   Pre Evacuate Collection Set: 0.16ms
[599.510s][info][gc,phases   ] GC(1206)   Merge Heap Roots: 0.06ms
[599.510s][info][gc,phases   ] GC(1206)   Evacuate Collection Set: 6.97ms
[599.510s][info][gc,phases   ] GC(1206)   Post Evacuate Collection Set: 0.45ms
[599.510s][info][gc,phases   ] GC(1206)   Other: 0.11ms
[599.510s][info][gc,heap     ] GC(1206) Eden regions: 133->0(147)
[599.510s][info][gc,heap     ] GC(1206) Survivor regions: 20->6(20)
[599.510s][info][gc,heap     ] GC(1206) Old regions: 42->44
[599.510s][info][gc,heap     ] GC(1206) Humongous regions: 17->3
[599.510s][info][gc,metaspace] GC(1206) Metaspace: 43216K(43712K)->43216K(43712K) NonClass: 38873K(39168K)->38873K(39168K) Class: 4343K(4544K)->4343K(4544K)
[599.510s][info][gc          ] GC(1206) Pause Young (Prepare Mixed) (G1 Evacuation Pause) 210M->52M(256M) 7.919ms
[599.510s][info][gc,cpu      ] GC(1206) User=0.02s Sys=0.00s Real=0.00s
[600.169s][info][gc,start    ] GC(1207) Pause Young (Mixed) (G1 Evacuation Pause)
[600.169s][info][gc,task     ] GC(1207) Using 2 workers of 2 for evacuation
[600.183s][info][gc,phases   ] GC(1207)   Pre Evacuate Collection Set: 0.16ms
[600.183s][info][gc,phases   ] GC(1207)   Merge Heap Roots: 0.09ms
[600.183s][info][gc,phases   ] GC(1207)   Evacuate Collection Set: 13.10ms
[600.183s][info][gc,phases   ] GC(1207)   Post Evacuate Collection Set: 0.50ms
[600.183s][info][gc,phases   ] GC(1207)   Other: 0.07ms
[600.183s][info][gc,heap     ] GC(1207) Eden regions: 147->0(144)
[600.183s][info][gc,heap     ] GC(1207) Survivor regions: 6->9(20)
[600.183s][info][gc,heap     ] GC(1207) Old regions: 44->41
[600.183s][info][gc,heap     ] GC(1207) Humongous regions: 13->3
[600.183s][info][gc,metaspace] GC(1207) Metaspace: 43216K(43712K)->43216K(43712K) NonClass: 38873K(39168K)->38873K(39168K) Class: 4343K(4544K)->4343K(4544K)
[600.183s][info][gc          ] GC(1207) Pause Young (Mixed) (G1 Evacuation Pause) 209M->52M(256M) 14.106ms
[600.183s][info][gc,cpu      ] GC(1207) User=0.03s Sys=0.00s Real=0.02s
[600.213s][info][gc,start    ] GC(1208) Pause Young (Concurrent Start) (G1 Humongous Allocation)
[600.213s][info][gc,task     ] GC(1208) Using 2 workers of 2 for evacuation
[600.216s][info][gc,phases   ] GC(1208)   Pre Evacuate Collection Set: 0.16ms
[600.216s][info][gc,phases   ] GC(1208)   Merge Heap Roots: 0.05ms
[600.216s][info][gc,phases   ] GC(1208)   Evacuate Collection Set: 2.01ms
[600.216s][info][gc,phases   ] GC(1208)   Post Evacuate Collection Set: 0.31ms
[600.216s][info][gc,phases   ] GC(1208)   Other: 0.07ms
[600.216s][info][gc,heap     ] GC(1208) Eden regions: 10->0(151)
[600.216s][info][gc,heap     ] GC(1208) Survivor regions: 9->2(20)
[600.216s][info][gc,heap     ] GC(1208) Old regions: 41->41
[600.216s][info][gc,heap     ] GC(1208) Humongous regions: 3->1
[600.216s][info][gc,metaspace] GC(1208) Metaspace: 43216K(43712K)->43216K(43712K) NonClass: 38873K(39168K)->38873K(39168K) Class: 4343K(4544K)->4343K(4544K)
[600.216s][info][gc          ] GC(1208) Pause Young (Concurrent Start) (G1 Humongous Allocation) 62M->43M(256M) 2.761ms
[600.216s][info][gc,cpu      ] GC(1208) User=0.00s Sys=0.00s Real=0.00s
[600.216s][info][gc          ] GC(1209) Concurrent Mark Cycle
[600.216s][info][gc,marking  ] GC(1209) Concurrent Scan Root Regions
[600.218s][info][gc,marking  ] GC(1209) Concurrent Scan Root Regions 2.372ms
[600.218s][info][gc,marking  ] GC(1209) Concurrent Mark
[600.218s][info][gc,marking  ] GC(1209) Concurrent Mark From Roots
[600.218s][info][gc,task     ] GC(1209) Using 1 workers of 1 for marking
[600.264s][info][gc,marking  ] GC(1209) Concurrent Mark From Roots 45.609ms
[600.264s][info][gc,marking  ] GC(1209) Concurrent Preclean
[600.264s][info][gc,marking  ] GC(1209) Concurrent Preclean 0.034ms
[600.264s][info][gc,start    ] GC(1209) Pause Remark
[600.281s][info][gc          ] GC(1209) Pause Remark 53M->53M(256M) 17.051ms
[600.281s][info][gc,cpu      ] GC(1209) User=0.04s Sys=0.00s Real=0.02s
[600.281s][info][gc,marking  ] GC(1209) Concurrent Mark 62.961ms
[600.281s][info][gc,marking  ] GC(1209) Concurrent Rebuild Remembered Sets and Scrub Regions
[600.299s][info][gc,marking  ] GC(1209) Concurrent Rebuild Remembered Sets and Scrub Regions 17.729ms
[600.299s][info][gc,start    ] GC(1209) Pause Cleanup
[600.299s][info][gc          ] GC(1209) Pause Cleanup 53M->53M(256M) 0.059ms
[600.299s][info][gc,cpu      ] GC(1209) User=0.00s Sys=0.00s Real=0.00s
[600.299s][info][gc,marking  ] GC(1209) Concurrent Clear Claimed Marks
[600.299s][info][gc,marking  ] GC(1209) Concurrent Clear Claimed Marks 0.042ms
[600.299s][info][gc,marking  ] GC(1209) Concurrent Cleanup for Next Mark
[600.300s][info][gc,marking  ] GC(1209) Concurrent Cleanup for Next Mark 0.777ms
[600.300s][info][gc          ] GC(1209) Concurrent Mark Cycle 84.278ms
[600.915s][info][gc,start    ] GC(1210) Pause Young (Prepare Mixed) (G1 Evacuation Pause)
[600.915s][info][gc,task     ] GC(1210) Using 2 workers of 2 for evacuation
[600.924s][info][gc,phases   ] GC(1210)   Pre Evacuate Collection Set: 0.15ms
[600.924s][info][gc,phases   ] GC(1210)   Merge Heap Roots: 0.07ms
[600.924s][info][gc,phases   ] GC(1210)   Evacuate Collection Set: 8.17ms
[600.924s][info][gc,phases   ] GC(1210)   Post Evacuate Collection Set: 0.47ms
[600.924s][info][gc,phases   ] GC(1210)   Other: 0.07ms
[600.924s][info][gc,heap     ] GC(1210) Eden regions: 151->0(141)
[600.924s][info][gc,heap     ] GC(1210) Survivor regions: 2->12(20)
[600.924s][info][gc,heap     ] GC(1210) Old regions: 41->41
[600.924s][info][gc,heap     ] GC(1210) Humongous regions: 15->3
[600.924s][info][gc,metaspace] GC(1210) Metaspace: 43216K(43712K)->43216K(43712K) NonClass: 38873K(39168K)->38873K(39168K) Class: 4343K(4544K)->4343K(4544K)
[600.924s][info][gc          ] GC(1210) Pause Young (Prepare Mixed) (G1 Evacuation Pause) 208M->55M(256M) 9.115ms
[600.924s][info][gc,cpu      ] GC(1210) User=0.02s Sys=0.00s Real=0.01s
[601.496s][info][gc,start    ] GC(1211) Pause Young (Mixed) (G1 Evacuation Pause)
[601.496s][info][gc,task     ] GC(1211) Using 2 workers of 2 for evacuation
[601.518s][info][gc,phases   ] GC(1211)   Pre Evacuate Collection Set: 0.16ms
[601.518s][info][gc,phases   ] GC(1211)   Merge Heap Roots: 0.06ms
[601.519s][info][gc,phases   ] GC(1211)   Evacuate Collection Set: 22.09ms
[601.519s][info][gc,phases   ] GC(1211)   Post Evacuate Collection Set: 0.47ms
[601.519s][info][gc,phases   ] GC(1211)   Other: 0.07ms
[601.519s][info][gc,heap     ] GC(1211) Eden regions: 141->0(133)
[601.519s][info][gc,heap     ] GC(1211) Survivor regions: 12->20(20)
[601.519s][info][gc,heap     ] GC(1211) Old regions: 41->43
[601.519s][info][gc,heap     ] GC(1211) Humongous regions: 3->3
[601.519s][info][gc,metaspace] GC(1211) Metaspace: 43216K(43712K)->43216K(43712K) NonClass: 38873K(39168K)->38873K(39168K) Class: 4343K(4544K)->4343K(4544K)
[601.519s][info][gc          ] GC(1211) Pause Young (Mixed) (G1 Evacuation Pause) 196M->65M(256M) 23.034ms
[601.519s][info][gc,cpu      ] GC(1211) User=0.05s Sys=0.00s Real=0.02s
[602.098s][info][gc,start    ] GC(1212) Pause Young (Concurrent Start) (G1 Humongous Allocation)
[602.098s][info][gc,task     ] GC(1212) Using 2 workers of 2 for evacuation
[602.120s][info][gc,phases   ] GC(1212)   Pre Evacuate Collection Set: 0.17ms
[602.120s][info][gc,phases   ] GC(1212)   Merge Heap Roots: 0.07ms
[602.120s][info][gc,phases   ] GC(1212)   Evacuate Collection Set: 21.05ms
[602.120s][info][gc,phases   ] GC(1212)   Post Evacuate Collection Set: 0.44ms
[602.120s][info][gc,phases   ] GC(1212)   Other: 0.11ms
[602.120s][info][gc,heap     ] GC(1212) Eden regions: 128->0(141)
[602.120s][info][gc,heap     ] GC(1212) Survivor regions: 20->12(20)
[602.120s][info][gc,heap     ] GC(1212) Old regions: 43->52
[602.120s][info][gc,heap     ] GC(1212) Humongous regions: 3->1
[602.120s][info][gc,metaspace] GC(1212) Metaspace: 43217K(43712K)->43217K(43712K) NonClass: 38874K(39168K)->38874K(39168K) Class: 4343K(4544K)->4343K(4544K)
[602.120s][info][gc          ] GC(1212) Pause Young (Concurrent Start) (G1 Humongous Allocation) 193M->64M(256M) 22.039ms
[602.120s][info][gc,cpu      ] GC(1212) User=0.05s Sys=0.00s Real=0.02s
[602.120s][info][gc          ] GC(1213) Concurrent Mark Cycle
[602.120s][info][gc,marking  ] GC(1213) Concurrent Scan Root Regions
[602.140s][info][gc,marking  ] GC(1213) Concurrent Scan Root Regions 19.951ms
[602.140s][info][gc,marking  ] GC(1213) Concurrent Mark
[602.140s][info][gc,marking  ] GC(1213) Concurrent Mark From Roots
[602.140s][info][gc,task     ] GC(1213) Using 1 workers of 1 for marking
[602.194s][info][gc,marking  ] GC(1213) Concurrent Mark From Roots 53.403ms
[602.194s][info][gc,marking  ] GC(1213) Concurrent Preclean
[602.194s][info][gc,marking  ] GC(1213) Concurrent Preclean 0.035ms
[602.194s][info][gc,start    ] GC(1213) Pause Remark
[602.211s][info][gc          ] GC(1213) Pause Remark 85M->85M(256M) 17.386ms
[602.211s][info][gc,cpu      ] GC(1213) User=0.03s Sys=0.00s Real=0.02s
[602.211s][info][gc,marking  ] GC(1213) Concurrent Mark 71.151ms
[602.211s][info][gc,marking  ] GC(1213) Concurrent Rebuild Remembered Sets and Scrub Regions
[602.238s][info][gc,marking  ] GC(1213) Concurrent Rebuild Remembered Sets and Scrub Regions 26.663ms
[602.238s][info][gc,start    ] GC(1213) Pause Cleanup
[602.238s][info][gc          ] GC(1213) Pause Cleanup 90M->90M(256M) 0.041ms
[602.238s][info][gc,cpu      ] GC(1213) User=0.00s Sys=0.00s Real=0.00s
[602.238s][info][gc,marking  ] GC(1213) Concurrent Clear Claimed Marks
[602.238s][info][gc,marking  ] GC(1213) Concurrent Clear Claimed Marks 0.041ms
[602.238s][info][gc,marking  ] GC(1213) Concurrent Cleanup for Next Mark
[602.239s][info][gc,marking  ] GC(1213) Concurrent Cleanup for Next Mark 0.756ms
[602.239s][info][gc          ] GC(1213) Concurrent Mark Cycle 118.812ms
[602.727s][info][gc,start    ] GC(1214) Pause Young (Prepare Mixed) (G1 Evacuation Pause)
[602.727s][info][gc,task     ] GC(1214) Using 2 workers of 2 for evacuation
[602.740s][info][gc,phases   ] GC(1214)   Pre Evacuate Collection Set: 0.15ms
[602.740s][info][gc,phases   ] GC(1214)   Merge Heap Roots: 0.13ms
[602.740s][info][gc,phases   ] GC(1214)   Evacuate Collection Set: 12.33ms
[602.740s][info][gc,phases   ] GC(1214)   Post Evacuate Collection Set: 0.46ms
[602.741s][info][gc,phases   ] GC(1214)   Other: 0.09ms
[602.741s][info][gc,heap     ] GC(1214) Eden regions: 141->0(151)
[602.741s][info][gc,heap     ] GC(1214) Survivor regions: 12->2(20)
[602.741s][info][gc,heap     ] GC(1214) Old regions: 52->63
[602.741s][info][gc,heap     ] GC(1214) Humongous regions: 5->1
[602.741s][info][gc,metaspace] GC(1214) Metaspace: 43217K(43712K)->43217K(43712K) NonClass: 38874K(39168K)->38874K(39168K) Class: 4343K(4544K)->4343K(4544K)
[602.741s][info][gc          ] GC(1214) Pause Young (Prepare Mixed) (G1 Evacuation Pause) 209M->65M(256M) 13.331ms
[602.741s][info][gc,cpu      ] GC(1214) User=0.03s Sys=0.00s Real=0.02s
[603.293s][info][gc,start    ] GC(1215) Pause Young (Mixed) (G1 Evacuation Pause)
[603.293s][info][gc,task     ] GC(1215) Using 2 workers of 2 for evacuation
[603.302s][info][gc,phases   ] GC(1215)   Pre Evacuate Collection Set: 0.15ms
[603.302s][info][gc,phases   ] GC(1215)   Merge Heap Roots: 0.07ms
[603.302s][info][gc,phases   ] GC(1215)   Evacuate Collection Set: 8.92ms
[603.302s][info][gc,phases   ] GC(1215)   Post Evacuate Collection Set: 0.42ms
[603.302s][info][gc,phases   ] GC(1215)   Other: 0.07ms
[603.302s][info][gc,heap     ] GC(1215) Eden regions: 151->0(146)
[603.302s][info][gc,heap     ] GC(1215) Survivor regions: 2->7(20)
[603.302s][info][gc,heap     ] GC(1215) Old regions: 63->62
[603.302s][info][gc,heap     ] GC(1215) Humongous regions: 11->3
[603.302s][info][gc,metaspace] GC(1215) Metaspace: 43217K(43712K)->43217K(43712K) NonClass: 38874K(39168K)->38874K(39168K) Class: 4343K(4544K)->4343K(4544K)
[603.302s][info][gc          ] GC(1215) Pause Young (Mixed) (G1 Evacuation Pause) 226M->71M(256M) 9.845ms
[603.302s][info][gc,cpu      ] GC(1215) User=0.01s Sys=0.00s Real=0.01s
[603.319s][info][gc,start    ] GC(1216) Pause Young (Concurrent Start) (G1 Humongous Allocation)
[603.319s][info][gc,task     ] GC(1216) Using 2 workers of 2 for evacuation
[603.322s][info][gc,phases   ] GC(1216)   Pre Evacuate Collection Set: 0.16ms
[603.322s][info][gc,phases   ] GC(1216)   Merge Heap Roots: 0.04ms
[603.322s][info][gc,phases   ] GC(1216)   Evacuate Collection Set: 2.10ms
[603.322s][info][gc,phases   ] GC(1216)   Post Evacuate Collection Set: 0.29ms
[603.322s][info][gc,phases   ] GC(1216)   Other: 0.07ms
[603.322s][info][gc,heap     ] GC(1216) Eden regions: 5->0(150)
[603.322s][info][gc,heap     ] GC(1216) Survivor regions: 7->3(20)
[603.322s][info][gc,heap     ] GC(1216) Old regions: 62->62
[603.322s][info][gc,heap     ] GC(1216) Humongous regions: 3->1
[603.322s][info][gc,metaspace] GC(1216) Metaspace: 43217K(43712K)->43217K(43712K) NonClass: 38874K(39168K)->38874K(39168K) Class: 4343K(4544K)->4343K(4544K)
[603.322s][info][gc          ] GC(1216) Pause Young (Concurrent Start) (G1 Humongous Allocation) 76M->65M(256M) 2.807ms
[603.322s][info][gc,cpu      ] GC(1216) User=0.00s Sys=0.00s Real=0.01s
[603.322s][info][gc          ] GC(1217) Concurrent Mark Cycle
[603.322s][info][gc,marking  ] GC(1217) Concurrent Scan Root Regions
[603.327s][info][gc,marking  ] GC(1217) Concurrent Scan Root Regions 4.306ms
[603.327s][info][gc,marking  ] GC(1217) Concurrent Mark
[603.327s][info][gc,marking  ] GC(1217) Concurrent Mark From Roots
[603.327s][info][gc,task     ] GC(1217) Using 1 workers of 1 for marking
[603.384s][info][gc,marking  ] GC(1217) Concurrent Mark From Roots 57.845ms
[603.385s][info][gc,marking  ] GC(1217) Concurrent Preclean
[603.385s][info][gc,marking  ] GC(1217) Concurrent Preclean 0.035ms
[603.385s][info][gc,start    ] GC(1217) Pause Remark
[603.402s][info][gc          ] GC(1217) Pause Remark 79M->75M(256M) 17.214ms
[603.402s][info][gc,cpu      ] GC(1217) User=0.03s Sys=0.00s Real=0.02s
[603.402s][info][gc,marking  ] GC(1217) Concurrent Mark 75.383ms
[603.402s][info][gc,marking  ] GC(1217) Concurrent Rebuild Remembered Sets and Scrub Regions
[603.423s][info][gc,marking  ] GC(1217) Concurrent Rebuild Remembered Sets and Scrub Regions 20.864ms
[603.423s][info][gc,start    ] GC(1217) Pause Cleanup
[603.423s][info][gc          ] GC(1217) Pause Cleanup 79M->79M(256M) 0.045ms
[603.423s][info][gc,cpu      ] GC(1217) User=0.00s Sys=0.00s Real=0.00s
[603.423s][info][gc,marking  ] GC(1217) Concurrent Clear Claimed Marks
[603.423s][info][gc,marking  ] GC(1217) Concurrent Clear Claimed Marks 0.037ms
[603.423s][info][gc,marking  ] GC(1217) Concurrent Cleanup for Next Mark
[603.424s][info][gc,marking  ] GC(1217) Concurrent Cleanup for Next Mark 0.739ms
[603.424s][info][gc          ] GC(1217) Concurrent Mark Cycle 101.645ms
[603.968s][info][gc,start    ] GC(1218) Pause Young (Prepare Mixed) (G1 Evacuation Pause)
[603.968s][info][gc,task     ] GC(1218) Using 2 workers of 2 for evacuation
[603.978s][info][gc,phases   ] GC(1218)   Pre Evacuate Collection Set: 0.16ms
[603.978s][info][gc,phases   ] GC(1218)   Merge Heap Roots: 0.06ms
[603.978s][info][gc,phases   ] GC(1218)   Evacuate Collection Set: 9.05ms
[603.978s][info][gc,phases   ] GC(1218)   Post Evacuate Collection Set: 0.44ms
[603.978s][info][gc,phases   ] GC(1218)   Other: 0.07ms
[603.978s][info][gc,heap     ] GC(1218) Eden regions: 150->0(143)
[603.978s][info][gc,heap     ] GC(1218) Survivor regions: 3->10(20)
[603.978s][info][gc,heap     ] GC(1218) Old regions: 58->58
[603.978s][info][gc,heap     ] GC(1218) Humongous regions: 5->3
[603.978s][info][gc,metaspace] GC(1218) Metaspace: 43217K(43712K)->43217K(43712K) NonClass: 38874K(39168K)->38874K(39168K) Class: 4343K(4544K)->4343K(4544K)
[603.978s][info][gc          ] GC(1218) Pause Young (Prepare Mixed) (G1 Evacuation Pause) 215M->70M(256M) 9.984ms
[603.978s][info][gc,cpu      ] GC(1218) User=0.02s Sys=0.00s Real=0.01s
[604.505s][info][gc,start    ] GC(1219) Pause Young (Mixed) (G1 Evacuation Pause)
[604.505s][info][gc,task     ] GC(1219) Using 2 workers of 2 for evacuation
[604.511s][info][gc,phases   ] GC(1219)   Pre Evacuate Collection Set: 0.16ms
[604.511s][info][gc,phases   ] GC(1219)   Merge Heap Roots: 0.08ms
[604.511s][info][gc,phases   ] GC(1219)   Evacuate Collection Set: 5.72ms
[604.511s][info][gc,phases   ] GC(1219)   Post Evacuate Collection Set: 0.42ms
[604.511s][info][gc,phases   ] GC(1219)   Other: 0.07ms
[604.511s][info][gc,heap     ] GC(1219) Eden regions: 143->0(146)
[604.511s][info][gc,heap     ] GC(1219) Survivor regions: 10->7(20)
[604.511s][info][gc,heap     ] GC(1219) Old regions: 58->46
[604.511s][info][gc,heap     ] GC(1219) Humongous regions: 11->3
[604.511s][info][gc,metaspace] GC(1219) Metaspace: 43217K(43712K)->43217K(43712K) NonClass: 38874K(39168K)->38874K(39168K) Class: 4343K(4544K)->4343K(4544K)
[604.511s][info][gc          ] GC(1219) Pause Young (Mixed) (G1 Evacuation Pause) 221M->55M(256M) 6.667ms
[604.511s][info][gc,cpu      ] GC(1219) User=0.01s Sys=0.00s Real=0.01s
[604.885s][info][gc,start    ] GC(1220) Pause Young (Concurrent Start) (G1 Humongous Allocation)
[604.885s][info][gc,task     ] GC(1220) Using 2 workers of 2 for evacuation
[604.889s][info][gc,phases   ] GC(1220)   Pre Evacuate Collection Set: 0.16ms
[604.889s][info][gc,phases   ] GC(1220)   Merge Heap Roots: 0.05ms
[604.889s][info][gc,phases   ] GC(1220)   Evacuate Collection Set: 3.73ms
[604.889s][info][gc,phases   ] GC(1220)   Post Evacuate Collection Set: 0.35ms
[604.889s][info][gc,phases   ] GC(1220)   Other: 0.07ms
[604.889s][info][gc,heap     ] GC(1220) Eden regions: 91->0(149)
[604.889s][info][gc,heap     ] GC(1220) Survivor regions: 7->4(20)
[604.889s][info][gc,heap     ] GC(1220) Old regions: 46->46
[604.889s][info][gc,heap     ] GC(1220) Humongous regions: 3->1
[604.889s][info][gc,metaspace] GC(1220) Metaspace: 43217K(43712K)->43217K(43712K) NonClass: 38874K(39168K)->38874K(39168K) Class: 4343K(4544K)->4343K(4544K)
[604.889s][info][gc          ] GC(1220) Pause Young (Concurrent Start) (G1 Humongous Allocation) 146M->50M(256M) 4.536ms
[604.889s][info][gc,cpu      ] GC(1220) User=0.01s Sys=0.01s Real=0.00s
[604.889s][info][gc          ] GC(1221) Concurrent Mark Cycle
[604.889s][info][gc,marking  ] GC(1221) Concurrent Scan Root Regions
[604.894s][info][gc,marking  ] GC(1221) Concurrent Scan Root Regions 4.990ms
[604.894s][info][gc,marking  ] GC(1221) Concurrent Mark
[604.894s][info][gc,marking  ] GC(1221) Concurrent Mark From Roots
[604.895s][info][gc,task     ] GC(1221) Using 1 workers of 1 for marking
[604.961s][info][gc,marking  ] GC(1221) Concurrent Mark From Roots 66.687ms
[604.961s][info][gc,marking  ] GC(1221) Concurrent Preclean
[604.961s][info][gc,marking  ] GC(1221) Concurrent Preclean 0.040ms
[604.962s][info][gc,start    ] GC(1221) Pause Remark
[604.990s][info][gc          ] GC(1221) Pause Remark 68M->68M(256M) 28.186ms
[604.990s][info][gc,cpu      ] GC(1221) User=0.04s Sys=0.00s Real=0.03s
[604.991s][info][gc,marking  ] GC(1221) Concurrent Mark 96.946ms
[604.991s][info][gc,marking  ] GC(1221) Concurrent Rebuild Remembered Sets and Scrub Regions
[605.029s][info][gc,marking  ] GC(1221) Concurrent Rebuild Remembered Sets and Scrub Regions 37.166ms
[605.029s][info][gc,start    ] GC(1221) Pause Cleanup
[605.029s][info][gc          ] GC(1221) Pause Cleanup 75M->75M(256M) 0.042ms
[605.029s][info][gc,cpu      ] GC(1221) User=0.00s Sys=0.00s Real=0.00s
[605.029s][info][gc,marking  ] GC(1221) Concurrent Clear Claimed Marks
[605.029s][info][gc,marking  ] GC(1221) Concurrent Clear Claimed Marks 0.039ms
[605.029s][info][gc,marking  ] GC(1221) Concurrent Cleanup for Next Mark
[605.030s][info][gc,marking  ] GC(1221) Concurrent Cleanup for Next Mark 0.762ms
[605.030s][info][gc          ] GC(1221) Concurrent Mark Cycle 140.295ms
[605.583s][info][gc,start    ] GC(1222) Pause Young (Prepare Mixed) (G1 Evacuation Pause)
[605.583s][info][gc,task     ] GC(1222) Using 2 workers of 2 for evacuation
[605.595s][info][gc,phases   ] GC(1222)   Pre Evacuate Collection Set: 1.75ms
[605.595s][info][gc,phases   ] GC(1222)   Merge Heap Roots: 0.27ms
[605.595s][info][gc,phases   ] GC(1222)   Evacuate Collection Set: 8.95ms
[605.595s][info][gc,phases   ] GC(1222)   Post Evacuate Collection Set: 0.56ms
[605.595s][info][gc,phases   ] GC(1222)   Other: 0.09ms
[605.595s][info][gc,heap     ] GC(1222) Eden regions: 149->0(146)
[605.595s][info][gc,heap     ] GC(1222) Survivor regions: 4->7(20)
[605.595s][info][gc,heap     ] GC(1222) Old regions: 46->46
[605.595s][info][gc,heap     ] GC(1222) Humongous regions: 9->3
[605.595s][info][gc,metaspace] GC(1222) Metaspace: 43217K(43712K)->43217K(43712K) NonClass: 38874K(39168K)->38874K(39168K) Class: 4343K(4544K)->4343K(4544K)
[605.595s][info][gc          ] GC(1222) Pause Young (Prepare Mixed) (G1 Evacuation Pause) 207M->55M(256M) 11.814ms
[605.595s][info][gc,cpu      ] GC(1222) User=0.02s Sys=0.00s Real=0.01s
[606.038s][info][gc,start    ] GC(1223) Pause Young (Mixed) (G1 Evacuation Pause)
[606.038s][info][gc,task     ] GC(1223) Using 2 workers of 2 for evacuation
[606.078s][info][gc,phases   ] GC(1223)   Pre Evacuate Collection Set: 0.20ms
[606.078s][info][gc,phases   ] GC(1223)   Merge Heap Roots: 0.08ms
[606.078s][info][gc,phases   ] GC(1223)   Evacuate Collection Set: 39.29ms
[606.078s][info][gc,phases   ] GC(1223)   Post Evacuate Collection Set: 0.55ms
[606.078s][info][gc,phases   ] GC(1223)   Other: 0.07ms
[606.078s][info][gc,heap     ] GC(1223) Eden regions: 146->0(128)
[606.078s][info][gc,heap     ] GC(1223) Survivor regions: 7->20(20)
[606.078s][info][gc,heap     ] GC(1223) Old regions: 46->63
[606.078s][info][gc,heap     ] GC(1223) Humongous regions: 3->3
[606.078s][info][gc,metaspace] GC(1223) Metaspace: 43217K(43712K)->43217K(43712K) NonClass: 38874K(39168K)->38874K(39168K) Class: 4343K(4544K)->4343K(4544K)
[606.078s][info][gc          ] GC(1223) Pause Young (Mixed) (G1 Evacuation Pause) 201M->85M(256M) 40.378ms
[606.078s][info][gc,cpu      ] GC(1223) User=0.08s Sys=0.00s Real=0.04s
[606.709s][info][gc,start    ] GC(1224) Pause Young (Concurrent Start) (G1 Evacuation Pause)
[606.710s][info][gc,task     ] GC(1224) Using 2 workers of 2 for evacuation
[606.780s][info][gc,phases   ] GC(1224)   Pre Evacuate Collection Set: 0.20ms
[606.780s][info][gc,phases   ] GC(1224)   Merge Heap Roots: 0.40ms
[606.780s][info][gc,phases   ] GC(1224)   Evacuate Collection Set: 68.86ms
[606.780s][info][gc,phases   ] GC(1224)   Post Evacuate Collection Set: 0.54ms
[606.780s][info][gc,phases   ] GC(1224)   Other: 0.15ms
[606.780s][info][gc,heap     ] GC(1224) Eden regions: 128->0(101)
[606.780s][info][gc,heap     ] GC(1224) Survivor regions: 20->19(19)
[606.780s][info][gc,heap     ] GC(1224) Old regions: 63->94
[606.780s][info][gc,heap     ] GC(1224) Humongous regions: 3->3
[606.780s][info][gc,metaspace] GC(1224) Metaspace: 43217K(43712K)->43217K(43712K) NonClass: 38874K(39168K)->38874K(39168K) Class: 4343K(4544K)->4343K(4544K)
[606.780s][info][gc          ] GC(1224) Pause Young (Concurrent Start) (G1 Evacuation Pause) 213M->116M(264M) 70.370ms
[606.780s][info][gc,cpu      ] GC(1224) User=0.13s Sys=0.01s Real=0.07s
[606.780s][info][gc          ] GC(1225) Concurrent Mark Cycle
[606.780s][info][gc,marking  ] GC(1225) Concurrent Scan Root Regions
[606.849s][info][gc,marking  ] GC(1225) Concurrent Scan Root Regions 68.760ms
[606.849s][info][gc,marking  ] GC(1225) Concurrent Mark
[606.849s][info][gc,marking  ] GC(1225) Concurrent Mark From Roots
[606.849s][info][gc,task     ] GC(1225) Using 1 workers of 1 for marking
[606.980s][info][gc,marking  ] GC(1225) Concurrent Mark From Roots 131.065ms
[606.980s][info][gc,marking  ] GC(1225) Concurrent Preclean
[606.980s][info][gc,marking  ] GC(1225) Concurrent Preclean 0.038ms
[606.980s][info][gc,start    ] GC(1225) Pause Remark
[606.997s][info][gc          ] GC(1225) Pause Remark 150M->150M(264M) 17.342ms
[606.997s][info][gc,cpu      ] GC(1225) User=0.03s Sys=0.00s Real=0.02s
[606.999s][info][gc,marking  ] GC(1225) Concurrent Mark 150.699ms
[606.999s][info][gc,marking  ] GC(1225) Concurrent Rebuild Remembered Sets and Scrub Regions
[607.138s][info][gc,marking  ] GC(1225) Concurrent Rebuild Remembered Sets and Scrub Regions 138.114ms
[607.138s][info][gc,start    ] GC(1225) Pause Cleanup
[607.138s][info][gc          ] GC(1225) Pause Cleanup 172M->172M(264M) 0.048ms
[607.138s][info][gc,cpu      ] GC(1225) User=0.00s Sys=0.00s Real=0.00s
[607.138s][info][gc,marking  ] GC(1225) Concurrent Clear Claimed Marks
[607.138s][info][gc,marking  ] GC(1225) Concurrent Clear Claimed Marks 0.041ms
[607.138s][info][gc,marking  ] GC(1225) Concurrent Cleanup for Next Mark
[607.139s][info][gc,marking  ] GC(1225) Concurrent Cleanup for Next Mark 0.908ms
[607.139s][info][gc          ] GC(1225) Concurrent Mark Cycle 358.865ms
[607.388s][info][gc,start    ] GC(1226) Pause Young (Prepare Mixed) (G1 Evacuation Pause)
[607.388s][info][gc,task     ] GC(1226) Using 2 workers of 2 for evacuation
[607.452s][info][gc,phases   ] GC(1226)   Pre Evacuate Collection Set: 0.16ms
[607.452s][info][gc,phases   ] GC(1226)   Merge Heap Roots: 0.43ms
[607.452s][info][gc,phases   ] GC(1226)   Evacuate Collection Set: 62.35ms
[607.452s][info][gc,phases   ] GC(1226)   Post Evacuate Collection Set: 0.62ms
[607.452s][info][gc,phases   ] GC(1226)   Other: 0.07ms
[607.452s][info][gc,heap     ] GC(1226) Eden regions: 101->0(76)
[607.452s][info][gc,heap     ] GC(1226) Survivor regions: 19->15(15)
[607.452s][info][gc,heap     ] GC(1226) Old regions: 94->126
[607.452s][info][gc,heap     ] GC(1226) Humongous regions: 3->3
[607.452s][info][gc,metaspace] GC(1226) Metaspace: 43217K(43712K)->43217K(43712K) NonClass: 38874K(39168K)->38874K(39168K) Class: 4343K(4544K)->4343K(4544K)
[607.452s][info][gc          ] GC(1226) Pause Young (Prepare Mixed) (G1 Evacuation Pause) 217M->143M(264M) 63.851ms
[607.452s][info][gc,cpu      ] GC(1226) User=0.13s Sys=0.01s Real=0.07s
[607.822s][info][gc,start    ] GC(1227) Pause Young (Mixed) (G1 Evacuation Pause)
[607.822s][info][gc,task     ] GC(1227) Using 2 workers of 2 for evacuation
[607.895s][info][gc,phases   ] GC(1227)   Pre Evacuate Collection Set: 0.18ms
[607.895s][info][gc,phases   ] GC(1227)   Merge Heap Roots: 1.59ms
[607.895s][info][gc,phases   ] GC(1227)   Evacuate Collection Set: 71.15ms
[607.895s][info][gc,phases   ] GC(1227)   Post Evacuate Collection Set: 0.42ms
[607.895s][info][gc,phases   ] GC(1227)   Other: 0.09ms
[607.895s][info][gc,heap     ] GC(1227) Eden regions: 76->0(61)
[607.895s][info][gc,heap     ] GC(1227) Survivor regions: 15->12(12)
[607.895s][info][gc,heap     ] GC(1227) Old regions: 126->147
[607.895s][info][gc,heap     ] GC(1227) Humongous regions: 5->3
[607.895s][info][gc,metaspace] GC(1227) Metaspace: 43217K(43712K)->43217K(43712K) NonClass: 38874K(39168K)->38874K(39168K) Class: 4343K(4544K)->4343K(4544K)
[607.895s][info][gc          ] GC(1227) Pause Young (Mixed) (G1 Evacuation Pause) 221M->162M(264M) 73.615ms
[607.895s][info][gc,cpu      ] GC(1227) User=0.14s Sys=0.00s Real=0.07s
[608.144s][info][gc,start    ] GC(1228) Pause Young (Concurrent Start) (G1 Evacuation Pause)
[608.144s][info][gc,task     ] GC(1228) Using 2 workers of 2 for evacuation
[608.168s][info][gc,phases   ] GC(1228)   Pre Evacuate Collection Set: 0.18ms
[608.168s][info][gc,phases   ] GC(1228)   Merge Heap Roots: 0.15ms
[608.168s][info][gc,phases   ] GC(1228)   Evacuate Collection Set: 23.13ms
[608.168s][info][gc,phases   ] GC(1228)   Post Evacuate Collection Set: 0.39ms
[608.168s][info][gc,phases   ] GC(1228)   Other: 0.12ms
[608.168s][info][gc,heap     ] GC(1228) Eden regions: 61->0(58)
[608.168s][info][gc,heap     ] GC(1228) Survivor regions: 12->9(10)
[608.168s][info][gc,heap     ] GC(1228) Old regions: 147->159
[608.168s][info][gc,heap     ] GC(1228) Humongous regions: 3->3
[608.168s][info][gc,metaspace] GC(1228) Metaspace: 43217K(43712K)->43217K(43712K) NonClass: 38874K(39168K)->38874K(39168K) Class: 4343K(4544K)->4343K(4544K)
[608.168s][info][gc          ] GC(1228) Pause Young (Concurrent Start) (G1 Evacuation Pause) 223M->170M(264M) 24.155ms
[608.168s][info][gc,cpu      ] GC(1228) User=0.04s Sys=0.00s Real=0.02s
[608.168s][info][gc          ] GC(1229) Concurrent Mark Cycle
[608.168s][info][gc,marking  ] GC(1229) Concurrent Scan Root Regions
[608.187s][info][gc,marking  ] GC(1229) Concurrent Scan Root Regions 19.228ms
[608.187s][info][gc,marking  ] GC(1229) Concurrent Mark
[608.188s][info][gc,marking  ] GC(1229) Concurrent Mark From Roots
[608.188s][info][gc,task     ] GC(1229) Using 1 workers of 1 for marking
[608.303s][info][gc,marking  ] GC(1229) Concurrent Mark From Roots 115.519ms
[608.303s][info][gc,marking  ] GC(1229) Concurrent Preclean
[608.303s][info][gc,marking  ] GC(1229) Concurrent Preclean 0.044ms
[608.303s][info][gc,start    ] GC(1229) Pause Remark
[608.321s][info][gc          ] GC(1229) Pause Remark 188M->188M(285M) 17.761ms
[608.321s][info][gc,cpu      ] GC(1229) User=0.04s Sys=0.00s Real=0.02s
[608.321s][info][gc,marking  ] GC(1229) Concurrent Mark 133.623ms
[608.321s][info][gc,marking  ] GC(1229) Concurrent Rebuild Remembered Sets and Scrub Regions
[608.393s][info][gc,marking  ] GC(1229) Concurrent Rebuild Remembered Sets and Scrub Regions 71.523ms
[608.393s][info][gc,start    ] GC(1229) Pause Cleanup
[608.393s][info][gc          ] GC(1229) Pause Cleanup 195M->195M(285M) 0.097ms
[608.393s][info][gc,cpu      ] GC(1229) User=0.00s Sys=0.00s Real=0.00s
[608.393s][info][gc,marking  ] GC(1229) Concurrent Clear Claimed Marks
[608.393s][info][gc,marking  ] GC(1229) Concurrent Clear Claimed Marks 0.046ms
[608.393s][info][gc,marking  ] GC(1229) Concurrent Cleanup for Next Mark
[608.394s][info][gc,marking  ] GC(1229) Concurrent Cleanup for Next Mark 1.085ms
[608.394s][info][gc          ] GC(1229) Concurrent Mark Cycle 225.896ms
[608.614s][info][gc,start    ] GC(1230) Pause Young (Prepare Mixed) (G1 Evacuation Pause)
[608.614s][info][gc,task     ] GC(1230) Using 2 workers of 2 for evacuation
[608.634s][info][gc,phases   ] GC(1230)   Pre Evacuate Collection Set: 0.16ms
[608.634s][info][gc,phases   ] GC(1230)   Merge Heap Roots: 0.07ms
[608.634s][info][gc,phases   ] GC(1230)   Evacuate Collection Set: 19.17ms
[608.634s][info][gc,phases   ] GC(1230)   Post Evacuate Collection Set: 0.39ms
[608.634s][info][gc,phases   ] GC(1230)   Other: 0.07ms
[608.634s][info][gc,heap     ] GC(1230) Eden regions: 58->0(67)
[608.634s][info][gc,heap     ] GC(1230) Survivor regions: 9->9(9)
[608.634s][info][gc,heap     ] GC(1230) Old regions: 159->168
[608.634s][info][gc,heap     ] GC(1230) Humongous regions: 7->3
[608.634s][info][gc,metaspace] GC(1230) Metaspace: 43217K(43712K)->43217K(43712K) NonClass: 38874K(39168K)->38874K(39168K) Class: 4343K(4544K)->4343K(4544K)
[608.634s][info][gc          ] GC(1230) Pause Young (Prepare Mixed) (G1 Evacuation Pause) 232M->179M(285M) 20.046ms
[608.634s][info][gc,cpu      ] GC(1230) User=0.04s Sys=0.00s Real=0.02s
[608.883s][info][gc,start    ] GC(1231) Pause Young (Mixed) (G1 Evacuation Pause)
[608.883s][info][gc,task     ] GC(1231) Using 2 workers of 2 for evacuation
[608.906s][info][gc,phases   ] GC(1231)   Pre Evacuate Collection Set: 0.18ms
[608.906s][info][gc,phases   ] GC(1231)   Merge Heap Roots: 0.17ms
[608.906s][info][gc,phases   ] GC(1231)   Evacuate Collection Set: 21.78ms
[608.906s][info][gc,phases   ] GC(1231)   Post Evacuate Collection Set: 1.37ms
[608.907s][info][gc,phases   ] GC(1231)   Other: 0.10ms
[608.907s][info][gc,heap     ] GC(1231) Eden regions: 67->0(185)
[608.907s][info][gc,heap     ] GC(1231) Survivor regions: 9->10(10)
[608.907s][info][gc,heap     ] GC(1231) Old regions: 168->149
[608.907s][info][gc,heap     ] GC(1231) Humongous regions: 3->3
[608.907s][info][gc,metaspace] GC(1231) Metaspace: 43217K(43712K)->43217K(43712K) NonClass: 38874K(39168K)->38874K(39168K) Class: 4343K(4544K)->4343K(4544K)
[608.907s][info][gc          ] GC(1231) Pause Young (Mixed) (G1 Evacuation Pause) 246M->161M(424M) 23.781ms
[608.907s][info][gc,cpu      ] GC(1231) User=0.05s Sys=0.00s Real=0.02s
[609.612s][info][gc,start    ] GC(1232) Pause Young (Mixed) (G1 Evacuation Pause)
[609.612s][info][gc,task     ] GC(1232) Using 2 workers of 2 for evacuation
[609.675s][info][gc,phases   ] GC(1232)   Pre Evacuate Collection Set: 0.30ms
[609.675s][info][gc,phases   ] GC(1232)   Merge Heap Roots: 0.66ms
[609.675s][info][gc,phases   ] GC(1232)   Evacuate Collection Set: 61.12ms
[609.675s][info][gc,phases   ] GC(1232)   Post Evacuate Collection Set: 0.67ms
[609.675s][info][gc,phases   ] GC(1232)   Other: 0.12ms
[609.675s][info][gc,heap     ] GC(1232) Eden regions: 185->0(165)
[609.675s][info][gc,heap     ] GC(1232) Survivor regions: 10->25(25)
[609.675s][info][gc,heap     ] GC(1232) Old regions: 149->142
[609.675s][info][gc,heap     ] GC(1232) Humongous regions: 12->4
[609.675s][info][gc,metaspace] GC(1232) Metaspace: 43217K(43712K)->43217K(43712K) NonClass: 38874K(39168K)->38874K(39168K) Class: 4343K(4544K)->4343K(4544K)
[609.675s][info][gc          ] GC(1232) Pause Young (Mixed) (G1 Evacuation Pause) 355M->170M(424M) 63.126ms
[609.675s][info][gc,cpu      ] GC(1232) User=0.10s Sys=0.00s Real=0.06s
[610.238s][info][gc,start    ] GC(1233) Pause Young (Mixed) (G1 Evacuation Pause)
[610.238s][info][gc,task     ] GC(1233) Using 2 workers of 2 for evacuation
[610.288s][info][gc,phases   ] GC(1233)   Pre Evacuate Collection Set: 0.23ms
[610.288s][info][gc,phases   ] GC(1233)   Merge Heap Roots: 0.54ms
[610.288s][info][gc,phases   ] GC(1233)   Evacuate Collection Set: 48.19ms
[610.288s][info][gc,phases   ] GC(1233)   Post Evacuate Collection Set: 0.49ms
[610.288s][info][gc,phases   ] GC(1233)   Other: 0.10ms
[610.288s][info][gc,heap     ] GC(1233) Eden regions: 165->0(168)
[610.288s][info][gc,heap     ] GC(1233) Survivor regions: 25->13(24)
[610.288s][info][gc,heap     ] GC(1233) Old regions: 142->159
[610.288s][info][gc,heap     ] GC(1233) Humongous regions: 5->4
[610.288s][info][gc,metaspace] GC(1233) Metaspace: 43217K(43712K)->43217K(43712K) NonClass: 38874K(39168K)->38874K(39168K) Class: 4343K(4544K)->4343K(4544K)
[610.288s][info][gc          ] GC(1233) Pause Young (Mixed) (G1 Evacuation Pause) 336M->175M(424M) 49.760ms
[610.288s][info][gc,cpu      ] GC(1233) User=0.10s Sys=0.00s Real=0.05s
[610.859s][info][gc,start    ] GC(1234) Pause Young (Normal) (G1 Evacuation Pause)
[610.859s][info][gc,task     ] GC(1234) Using 2 workers of 2 for evacuation
[610.873s][info][gc,phases   ] GC(1234)   Pre Evacuate Collection Set: 0.20ms
[610.873s][info][gc,phases   ] GC(1234)   Merge Heap Roots: 0.12ms
[610.873s][info][gc,phases   ] GC(1234)   Evacuate Collection Set: 12.96ms
[610.873s][info][gc,phases   ] GC(1234)   Post Evacuate Collection Set: 0.45ms
[610.873s][info][gc,phases   ] GC(1234)   Other: 0.07ms
[610.873s][info][gc,heap     ] GC(1234) Eden regions: 168->0(174)
[610.873s][info][gc,heap     ] GC(1234) Survivor regions: 13->9(23)
[610.873s][info][gc,heap     ] GC(1234) Old regions: 159->167
[610.873s][info][gc,heap     ] GC(1234) Humongous regions: 6->4
[610.873s][info][gc,metaspace] GC(1234) Metaspace: 43217K(43712K)->43217K(43712K) NonClass: 38874K(39168K)->38874K(39168K) Class: 4343K(4544K)->4343K(4544K)
[610.873s][info][gc          ] GC(1234) Pause Young (Normal) (G1 Evacuation Pause) 345M->179M(424M) 14.040ms
[610.873s][info][gc,cpu      ] GC(1234) User=0.02s Sys=0.00s Real=0.02s
[611.505s][info][gc,start    ] GC(1235) Pause Young (Normal) (G1 Evacuation Pause)
[611.505s][info][gc,task     ] GC(1235) Using 2 workers of 2 for evacuation
[611.511s][info][gc,phases   ] GC(1235)   Pre Evacuate Collection Set: 0.22ms
[611.511s][info][gc,phases   ] GC(1235)   Merge Heap Roots: 0.09ms
[611.511s][info][gc,phases   ] GC(1235)   Evacuate Collection Set: 5.56ms
[611.511s][info][gc,phases   ] GC(1235)   Post Evacuate Collection Set: 0.45ms
[611.511s][info][gc,phases   ] GC(1235)   Other: 0.09ms
[611.511s][info][gc,heap     ] GC(1235) Eden regions: 174->0(186)
[611.511s][info][gc,heap     ] GC(1235) Survivor regions: 9->7(23)
[611.511s][info][gc,heap     ] GC(1235) Old regions: 167->167
[611.512s][info][gc,heap     ] GC(1235) Humongous regions: 4->4
[611.512s][info][gc,metaspace] GC(1235) Metaspace: 43217K(43712K)->43217K(43712K) NonClass: 38874K(39168K)->38874K(39168K) Class: 4343K(4544K)->4343K(4544K)
[611.512s][info][gc          ] GC(1235) Pause Young (Normal) (G1 Evacuation Pause) 353M->177M(424M) 6.636ms
[611.512s][info][gc,cpu      ] GC(1235) User=0.01s Sys=0.00s Real=0.01s
[611.705s][info][gc,start    ] GC(1236) Pause Young (Concurrent Start) (G1 Humongous Allocation)
[611.705s][info][gc,task     ] GC(1236) Using 2 workers of 2 for evacuation
[611.730s][info][gc,phases   ] GC(1236)   Pre Evacuate Collection Set: 0.25ms
[611.730s][info][gc,phases   ] GC(1236)   Merge Heap Roots: 0.08ms
[611.730s][info][gc,phases   ] GC(1236)   Evacuate Collection Set: 24.08ms
[611.730s][info][gc,phases   ] GC(1236)   Post Evacuate Collection Set: 0.43ms
[611.730s][info][gc,phases   ] GC(1236)   Other: 0.09ms
[611.730s][info][gc,heap     ] GC(1236) Eden regions: 55->0(108)
[611.730s][info][gc,heap     ] GC(1236) Survivor regions: 7->25(25)
[611.730s][info][gc,heap     ] GC(1236) Old regions: 167->181
[611.730s][info][gc,heap     ] GC(1236) Humongous regions: 4->4
[611.730s][info][gc,metaspace] GC(1236) Metaspace: 43217K(43712K)->43217K(43712K) NonClass: 38874K(39168K)->38874K(39168K) Class: 4343K(4544K)->4343K(4544K)
[611.730s][info][gc          ] GC(1236) Pause Young (Concurrent Start) (G1 Humongous Allocation) 232M->210M(424M) 25.137ms
[611.730s][info][gc,cpu      ] GC(1236) User=0.05s Sys=0.00s Real=0.02s
[611.730s][info][gc          ] GC(1237) Concurrent Mark Cycle
[611.730s][info][gc,marking  ] GC(1237) Concurrent Scan Root Regions
[611.748s][info][gc,marking  ] GC(1237) Concurrent Scan Root Regions 18.064ms
[611.748s][info][gc,marking  ] GC(1237) Concurrent Mark
[611.748s][info][gc,marking  ] GC(1237) Concurrent Mark From Roots
[611.748s][info][gc,task     ] GC(1237) Using 1 workers of 1 for marking
[611.822s][info][gc,marking  ] GC(1237) Concurrent Mark From Roots 73.849ms
[611.822s][info][gc,marking  ] GC(1237) Concurrent Preclean
[611.822s][info][gc,marking  ] GC(1237) Concurrent Preclean 0.049ms
[611.822s][info][gc,start    ] GC(1237) Pause Remark
[611.840s][info][gc          ] GC(1237) Pause Remark 229M->169M(424M) 17.786ms
[611.840s][info][gc,cpu      ] GC(1237) User=0.04s Sys=0.00s Real=0.01s
[611.840s][info][gc,marking  ] GC(1237) Concurrent Mark 91.980ms
[611.840s][info][gc,marking  ] GC(1237) Concurrent Rebuild Remembered Sets and Scrub Regions
[611.885s][info][gc,marking  ] GC(1237) Concurrent Rebuild Remembered Sets and Scrub Regions 44.440ms
[611.885s][info][gc,start    ] GC(1237) Pause Cleanup
[611.885s][info][gc          ] GC(1237) Pause Cleanup 176M->176M(424M) 0.067ms
[611.885s][info][gc,cpu      ] GC(1237) User=0.00s Sys=0.00s Real=0.00s
[611.885s][info][gc,marking  ] GC(1237) Concurrent Clear Claimed Marks
[611.885s][info][gc,marking  ] GC(1237) Concurrent Clear Claimed Marks 0.042ms
[611.885s][info][gc,marking  ] GC(1237) Concurrent Cleanup for Next Mark
[611.888s][info][gc,marking  ] GC(1237) Concurrent Cleanup for Next Mark 2.689ms
[611.888s][info][gc          ] GC(1237) Concurrent Mark Cycle 157.602ms
[612.173s][info][gc,start    ] GC(1238) Pause Young (Prepare Mixed) (G1 Evacuation Pause)
[612.173s][info][gc,task     ] GC(1238) Using 2 workers of 2 for evacuation
[612.207s][info][gc,phases   ] GC(1238)   Pre Evacuate Collection Set: 0.21ms
[612.207s][info][gc,phases   ] GC(1238)   Merge Heap Roots: 0.23ms
[612.207s][info][gc,phases   ] GC(1238)   Evacuate Collection Set: 33.44ms
[612.207s][info][gc,phases   ] GC(1238)   Post Evacuate Collection Set: 0.47ms
[612.207s][info][gc,phases   ] GC(1238)   Other: 0.08ms
[612.207s][info][gc,heap     ] GC(1238) Eden regions: 108->0(128)
[612.207s][info][gc,heap     ] GC(1238) Survivor regions: 25->17(17)
[612.207s][info][gc,heap     ] GC(1238) Old regions: 122->154
[612.207s][info][gc,heap     ] GC(1238) Humongous regions: 4->4
[612.207s][info][gc,metaspace] GC(1238) Metaspace: 43217K(43712K)->43217K(43712K) NonClass: 38874K(39168K)->38874K(39168K) Class: 4343K(4544K)->4343K(4544K)
[612.207s][info][gc          ] GC(1238) Pause Young (Prepare Mixed) (G1 Evacuation Pause) 259M->174M(424M) 34.639ms
[612.207s][info][gc,cpu      ] GC(1238) User=0.07s Sys=0.00s Real=0.03s
[612.641s][info][gc,start    ] GC(1239) Pause Young (Mixed) (G1 Evacuation Pause)
[612.641s][info][gc,task     ] GC(1239) Using 2 workers of 2 for evacuation
[612.697s][info][gc,phases   ] GC(1239)   Pre Evacuate Collection Set: 0.23ms
[612.697s][info][gc,phases   ] GC(1239)   Merge Heap Roots: 0.16ms
[612.697s][info][gc,phases   ] GC(1239)   Evacuate Collection Set: 54.82ms
[612.697s][info][gc,phases   ] GC(1239)   Post Evacuate Collection Set: 0.82ms
[612.697s][info][gc,phases   ] GC(1239)   Other: 0.08ms
[612.697s][info][gc,heap     ] GC(1239) Eden regions: 128->0(120)
[612.697s][info][gc,heap     ] GC(1239) Survivor regions: 17->19(19)
[612.697s][info][gc,heap     ] GC(1239) Old regions: 154->178
[612.697s][info][gc,heap     ] GC(1239) Humongous regions: 4->4
[612.697s][info][gc,metaspace] GC(1239) Metaspace: 43217K(43712K)->43217K(43712K) NonClass: 38874K(39168K)->38874K(39168K) Class: 4343K(4544K)->4343K(4544K)
[612.697s][info][gc          ] GC(1239) Pause Young (Mixed) (G1 Evacuation Pause) 302M->200M(457M) 56.316ms
[612.697s][info][gc,cpu      ] GC(1239) User=0.11s Sys=0.00s Real=0.05s
[613.192s][info][gc,start    ] GC(1240) Pause Young (Mixed) (G1 Evacuation Pause)
[613.192s][info][gc,task     ] GC(1240) Using 2 workers of 2 for evacuation
[613.262s][info][gc,phases   ] GC(1240)   Pre Evacuate Collection Set: 0.22ms
[613.262s][info][gc,phases   ] GC(1240)   Merge Heap Roots: 0.33ms
[613.262s][info][gc,phases   ] GC(1240)   Evacuate Collection Set: 69.28ms
[613.262s][info][gc,phases   ] GC(1240)   Post Evacuate Collection Set: 0.51ms
[613.262s][info][gc,phases   ] GC(1240)   Other: 0.10ms
[613.262s][info][gc,heap     ] GC(1240) Eden regions: 120->0(79)
[613.262s][info][gc,heap     ] GC(1240) Survivor regions: 19->18(18)
[613.262s][info][gc,heap     ] GC(1240) Old regions: 178->249
[613.262s][info][gc,heap     ] GC(1240) Humongous regions: 5->5
[613.262s][info][gc,metaspace] GC(1240) Metaspace: 43217K(43712K)->43217K(43712K) NonClass: 38874K(39168K)->38874K(39168K) Class: 4343K(4544K)->4343K(4544K)
[613.262s][info][gc          ] GC(1240) Pause Young (Mixed) (G1 Evacuation Pause) 321M->271M(457M) 70.706ms
[613.262s][info][gc,cpu      ] GC(1240) User=0.14s Sys=0.00s Real=0.07s
[613.337s][info][gc,start    ] GC(1241) Pause Young (Concurrent Start) (G1 Humongous Allocation)
[613.337s][info][gc,task     ] GC(1241) Using 2 workers of 2 for evacuation
[613.365s][info][gc,phases   ] GC(1241)   Pre Evacuate Collection Set: 0.25ms
[613.365s][info][gc,phases   ] GC(1241)   Merge Heap Roots: 0.27ms
[613.365s][info][gc,phases   ] GC(1241)   Evacuate Collection Set: 27.08ms
[613.365s][info][gc,phases   ] GC(1241)   Post Evacuate Collection Set: 0.33ms
[613.365s][info][gc,phases   ] GC(1241)   Other: 0.11ms
[613.365s][info][gc,heap     ] GC(1241) Eden regions: 23->0(76)
[613.365s][info][gc,heap     ] GC(1241) Survivor regions: 18->13(13)
[613.365s][info][gc,heap     ] GC(1241) Old regions: 249->268
[613.365s][info][gc,heap     ] GC(1241) Humongous regions: 5->5
[613.365s][info][gc,metaspace] GC(1241) Metaspace: 43217K(43712K)->43217K(43712K) NonClass: 38874K(39168K)->38874K(39168K) Class: 4343K(4544K)->4343K(4544K)
[613.365s][info][gc          ] GC(1241) Pause Young (Concurrent Start) (G1 Humongous Allocation) 293M->285M(457M) 28.245ms
[613.365s][info][gc          ] GC(1242) Concurrent Mark Cycle
[613.365s][info][gc,marking  ] GC(1242) Concurrent Scan Root Regions
[613.367s][info][gc,cpu      ] GC(1241) User=0.06s Sys=0.00s Real=0.03s
[613.377s][info][gc,marking  ] GC(1242) Concurrent Scan Root Regions 11.741ms
[613.377s][info][gc,marking  ] GC(1242) Concurrent Mark
[613.377s][info][gc,marking  ] GC(1242) Concurrent Mark From Roots
[613.377s][info][gc,task     ] GC(1242) Using 1 workers of 1 for marking
[613.538s][info][gc,marking  ] GC(1242) Concurrent Mark From Roots 161.096ms
[613.538s][info][gc,marking  ] GC(1242) Concurrent Preclean
[613.538s][info][gc,marking  ] GC(1242) Concurrent Preclean 0.058ms
[613.538s][info][gc,start    ] GC(1242) Pause Remark
[613.556s][info][gc          ] GC(1242) Pause Remark 323M->269M(457M) 17.953ms
[613.556s][info][gc,cpu      ] GC(1242) User=0.03s Sys=0.00s Real=0.02s
[613.558s][info][gc,marking  ] GC(1242) Concurrent Mark 181.376ms
[613.558s][info][gc,marking  ] GC(1242) Concurrent Rebuild Remembered Sets and Scrub Regions
[613.641s][info][gc,marking  ] GC(1242) Concurrent Rebuild Remembered Sets and Scrub Regions 82.315ms
[613.641s][info][gc,start    ] GC(1242) Pause Cleanup
[613.641s][info][gc          ] GC(1242) Pause Cleanup 288M->288M(457M) 0.077ms
[613.641s][info][gc,cpu      ] GC(1242) User=0.00s Sys=0.00s Real=0.00s
[613.641s][info][gc,marking  ] GC(1242) Concurrent Clear Claimed Marks
[613.641s][info][gc,marking  ] GC(1242) Concurrent Clear Claimed Marks 0.043ms
[613.641s][info][gc,marking  ] GC(1242) Concurrent Cleanup for Next Mark
[613.643s][info][gc,marking  ] GC(1242) Concurrent Cleanup for Next Mark 1.707ms
[613.643s][info][gc          ] GC(1242) Concurrent Mark Cycle 277.573ms
[613.719s][info][gc,start    ] GC(1243) Pause Young (Prepare Mixed) (G1 Evacuation Pause)
[613.719s][info][gc,task     ] GC(1243) Using 2 workers of 2 for evacuation
[613.763s][info][gc,phases   ] GC(1243)   Pre Evacuate Collection Set: 0.21ms
[613.763s][info][gc,phases   ] GC(1243)   Merge Heap Roots: 0.31ms
[613.763s][info][gc,phases   ] GC(1243)   Evacuate Collection Set: 42.91ms
[613.763s][info][gc,phases   ] GC(1243)   Post Evacuate Collection Set: 0.44ms
[613.763s][info][gc,phases   ] GC(1243)   Other: 0.10ms
[613.763s][info][gc,heap     ] GC(1243) Eden regions: 76->0(75)
[613.763s][info][gc,heap     ] GC(1243) Survivor regions: 13->12(12)
[613.763s][info][gc,heap     ] GC(1243) Old regions: 215->263
[613.763s][info][gc,heap     ] GC(1243) Humongous regions: 5->5
[613.763s][info][gc,metaspace] GC(1243) Metaspace: 43217K(43712K)->43217K(43712K) NonClass: 38874K(39168K)->38874K(39168K) Class: 4343K(4544K)->4343K(4544K)
[613.763s][info][gc          ] GC(1243) Pause Young (Prepare Mixed) (G1 Evacuation Pause) 308M->279M(457M) 44.182ms
[613.763s][info][gc,cpu      ] GC(1243) User=0.09s Sys=0.00s Real=0.05s
[614.043s][info][gc,start    ] GC(1244) Pause Young (Mixed) (G1 Evacuation Pause)
[614.043s][info][gc,task     ] GC(1244) Using 2 workers of 2 for evacuation
[614.094s][info][gc,phases   ] GC(1244)   Pre Evacuate Collection Set: 0.34ms
[614.094s][info][gc,phases   ] GC(1244)   Merge Heap Roots: 0.31ms
[614.094s][info][gc,phases   ] GC(1244)   Evacuate Collection Set: 49.51ms
[614.094s][info][gc,phases   ] GC(1244)   Post Evacuate Collection Set: 0.51ms
[614.094s][info][gc,phases   ] GC(1244)   Other: 0.10ms
[614.094s][info][gc,heap     ] GC(1244) Eden regions: 75->0(69)
[614.094s][info][gc,heap     ] GC(1244) Survivor regions: 12->11(11)
[614.094s][info][gc,heap     ] GC(1244) Old regions: 263->270
[614.094s][info][gc,heap     ] GC(1244) Humongous regions: 6->6
[614.094s][info][gc,metaspace] GC(1244) Metaspace: 43217K(43712K)->43217K(43712K) NonClass: 38874K(39168K)->38874K(39168K) Class: 4343K(4544K)->4343K(4544K)
[614.094s][info][gc          ] GC(1244) Pause Young (Mixed) (G1 Evacuation Pause) 355M->286M(457M) 51.001ms
[614.094s][info][gc,cpu      ] GC(1244) User=0.10s Sys=0.01s Real=0.05s
[614.376s][info][gc,start    ] GC(1245) Pause Young (Mixed) (G1 Evacuation Pause)
[614.376s][info][gc,task     ] GC(1245) Using 2 workers of 2 for evacuation
[614.430s][info][gc,phases   ] GC(1245)   Pre Evacuate Collection Set: 0.27ms
[614.430s][info][gc,phases   ] GC(1245)   Merge Heap Roots: 0.54ms
[614.430s][info][gc,phases   ] GC(1245)   Evacuate Collection Set: 51.27ms
[614.430s][info][gc,phases   ] GC(1245)   Post Evacuate Collection Set: 1.22ms
[614.430s][info][gc,phases   ] GC(1245)   Other: 0.10ms
[614.430s][info][gc,heap     ] GC(1245) Eden regions: 69->0(109)
[614.430s][info][gc,heap     ] GC(1245) Survivor regions: 11->10(10)
[614.430s][info][gc,heap     ] GC(1245) Old regions: 270->292
[614.430s][info][gc,heap     ] GC(1245) Humongous regions: 6->6
[614.430s][info][gc,metaspace] GC(1245) Metaspace: 43217K(43712K)->43217K(43712K) NonClass: 38874K(39168K)->38874K(39168K) Class: 4343K(4544K)->4343K(4544K)
[614.430s][info][gc          ] GC(1245) Pause Young (Mixed) (G1 Evacuation Pause) 355M->308M(562M) 53.635ms
[614.430s][info][gc,cpu      ] GC(1245) User=0.10s Sys=0.01s Real=0.05s
[614.917s][info][gc,start    ] GC(1246) Pause Young (Normal) (G1 Evacuation Pause)
[614.917s][info][gc,task     ] GC(1246) Using 2 workers of 2 for evacuation
[614.940s][info][gc,phases   ] GC(1246)   Pre Evacuate Collection Set: 0.27ms
[614.940s][info][gc,phases   ] GC(1246)   Merge Heap Roots: 0.19ms
[614.940s][info][gc,phases   ] GC(1246)   Evacuate Collection Set: 22.13ms
[614.940s][info][gc,phases   ] GC(1246)   Post Evacuate Collection Set: 0.44ms
[614.940s][info][gc,phases   ] GC(1246)   Other: 0.08ms
[614.940s][info][gc,heap     ] GC(1246) Eden regions: 109->0(114)
[614.940s][info][gc,heap     ] GC(1246) Survivor regions: 10->12(15)
[614.940s][info][gc,heap     ] GC(1246) Old regions: 292->302
[614.940s][info][gc,heap     ] GC(1246) Humongous regions: 7->6
[614.940s][info][gc,metaspace] GC(1246) Metaspace: 43217K(43712K)->43217K(43712K) NonClass: 38874K(39168K)->38874K(39168K) Class: 4343K(4544K)->4343K(4544K)
[614.940s][info][gc          ] GC(1246) Pause Young (Normal) (G1 Evacuation Pause) 418M->320M(562M) 23.350ms
[614.941s][info][gc,cpu      ] GC(1246) User=0.04s Sys=0.01s Real=0.03s
[615.352s][info][gc,start    ] GC(1247) Pause Young (Normal) (G1 Evacuation Pause)
[615.352s][info][gc,task     ] GC(1247) Using 2 workers of 2 for evacuation
[615.360s][info][gc,phases   ] GC(1247)   Pre Evacuate Collection Set: 0.25ms
[615.360s][info][gc,phases   ] GC(1247)   Merge Heap Roots: 0.10ms
[615.360s][info][gc,phases   ] GC(1247)   Evacuate Collection Set: 7.72ms
[615.360s][info][gc,phases   ] GC(1247)   Post Evacuate Collection Set: 0.43ms
[615.360s][info][gc,phases   ] GC(1247)   Other: 0.08ms
[615.360s][info][gc,heap     ] GC(1247) Eden regions: 114->0(127)
[615.360s][info][gc,heap     ] GC(1247) Survivor regions: 12->5(16)
[615.360s][info][gc,heap     ] GC(1247) Old regions: 302->309
[615.360s][info][gc,heap     ] GC(1247) Humongous regions: 6->6
[615.360s][info][gc,metaspace] GC(1247) Metaspace: 43217K(43712K)->43217K(43712K) NonClass: 38874K(39168K)->38874K(39168K) Class: 4343K(4544K)->4343K(4544K)
[615.361s][info][gc          ] GC(1247) Pause Young (Normal) (G1 Evacuation Pause) 434M->319M(562M) 8.804ms
[615.361s][info][gc,cpu      ] GC(1247) User=0.02s Sys=0.00s Real=0.01s
[615.663s][info][gc,start    ] GC(1248) Pause Young (Concurrent Start) (G1 Humongous Allocation)
[615.663s][info][gc,task     ] GC(1248) Using 2 workers of 2 for evacuation
[615.685s][info][gc,phases   ] GC(1248)   Pre Evacuate Collection Set: 0.30ms
[615.685s][info][gc,phases   ] GC(1248)   Merge Heap Roots: 0.05ms
[615.685s][info][gc,phases   ] GC(1248)   Evacuate Collection Set: 21.04ms
[615.685s][info][gc,phases   ] GC(1248)   Post Evacuate Collection Set: 0.44ms
[615.685s][info][gc,phases   ] GC(1248)   Other: 0.09ms
[615.685s][info][gc,heap     ] GC(1248) Eden regions: 80->0(112)
[615.685s][info][gc,heap     ] GC(1248) Survivor regions: 5->17(17)
[615.685s][info][gc,heap     ] GC(1248) Old regions: 309->324
[615.685s][info][gc,heap     ] GC(1248) Humongous regions: 6->6
[615.685s][info][gc,metaspace] GC(1248) Metaspace: 43217K(43712K)->43217K(43712K) NonClass: 38874K(39168K)->38874K(39168K) Class: 4343K(4544K)->4343K(4544K)
[615.685s][info][gc          ] GC(1248) Pause Young (Concurrent Start) (G1 Humongous Allocation) 399M->347M(562M) 22.126ms
[615.685s][info][gc          ] GC(1249) Concurrent Mark Cycle
[615.685s][info][gc,marking  ] GC(1249) Concurrent Scan Root Regions
[615.687s][info][gc,cpu      ] GC(1248) User=0.05s Sys=0.00s Real=0.02s
[615.700s][info][gc,marking  ] GC(1249) Concurrent Scan Root Regions 15.063ms
[615.700s][info][gc,marking  ] GC(1249) Concurrent Mark
[615.700s][info][gc,marking  ] GC(1249) Concurrent Mark From Roots
[615.700s][info][gc,task     ] GC(1249) Using 1 workers of 1 for marking
[615.775s][info][gc,marking  ] GC(1249) Concurrent Mark From Roots 75.118ms
[615.775s][info][gc,marking  ] GC(1249) Concurrent Preclean
[615.776s][info][gc,marking  ] GC(1249) Concurrent Preclean 0.050ms
[615.776s][info][gc,start    ] GC(1249) Pause Remark
[615.793s][info][gc          ] GC(1249) Pause Remark 364M->172M(520M) 17.558ms
[615.793s][info][gc,cpu      ] GC(1249) User=0.03s Sys=0.00s Real=0.02s
[615.793s][info][gc,marking  ] GC(1249) Concurrent Mark 93.024ms
[615.793s][info][gc,marking  ] GC(1249) Concurrent Rebuild Remembered Sets and Scrub Regions
[615.837s][info][gc,marking  ] GC(1249) Concurrent Rebuild Remembered Sets and Scrub Regions 43.622ms
[615.837s][info][gc,start    ] GC(1249) Pause Cleanup
[615.837s][info][gc          ] GC(1249) Pause Cleanup 182M->182M(520M) 0.081ms
[615.837s][info][gc,cpu      ] GC(1249) User=0.00s Sys=0.00s Real=0.00s
[615.837s][info][gc,marking  ] GC(1249) Concurrent Clear Claimed Marks
[615.837s][info][gc,marking  ] GC(1249) Concurrent Clear Claimed Marks 0.042ms
[615.837s][info][gc,marking  ] GC(1249) Concurrent Cleanup for Next Mark
[615.840s][info][gc,marking  ] GC(1249) Concurrent Cleanup for Next Mark 2.203ms
[615.840s][info][gc          ] GC(1249) Concurrent Mark Cycle 154.342ms
[616.154s][info][gc,start    ] GC(1250) Pause Young (Prepare Mixed) (G1 Evacuation Pause)
[616.154s][info][gc,task     ] GC(1250) Using 2 workers of 2 for evacuation
[616.182s][info][gc,phases   ] GC(1250)   Pre Evacuate Collection Set: 0.24ms
[616.182s][info][gc,phases   ] GC(1250)   Merge Heap Roots: 0.23ms
[616.182s][info][gc,phases   ] GC(1250)   Evacuate Collection Set: 26.91ms
[616.182s][info][gc,phases   ] GC(1250)   Post Evacuate Collection Set: 0.47ms
[616.182s][info][gc,phases   ] GC(1250)   Other: 0.08ms
[616.182s][info][gc,heap     ] GC(1250) Eden regions: 112->0(206)
[616.182s][info][gc,heap     ] GC(1250) Survivor regions: 17->17(17)
[616.182s][info][gc,heap     ] GC(1250) Old regions: 135->148
[616.182s][info][gc,heap     ] GC(1250) Humongous regions: 4->3
[616.182s][info][gc,metaspace] GC(1250) Metaspace: 43217K(43712K)->43217K(43712K) NonClass: 38874K(39168K)->38874K(39168K) Class: 4343K(4544K)->4343K(4544K)
[616.182s][info][gc          ] GC(1250) Pause Young (Prepare Mixed) (G1 Evacuation Pause) 268M->167M(520M) 28.135ms
[616.182s][info][gc,cpu      ] GC(1250) User=0.05s Sys=0.00s Real=0.03s
[616.924s][info][gc,start    ] GC(1251) Pause Young (Mixed) (G1 Evacuation Pause)
[616.924s][info][gc,task     ] GC(1251) Using 2 workers of 2 for evacuation
[616.954s][info][gc,phases   ] GC(1251)   Pre Evacuate Collection Set: 0.27ms
[616.954s][info][gc,phases   ] GC(1251)   Merge Heap Roots: 0.24ms
[616.954s][info][gc,phases   ] GC(1251)   Evacuate Collection Set: 28.64ms
[616.954s][info][gc,phases   ] GC(1251)   Post Evacuate Collection Set: 0.60ms
[616.954s][info][gc,phases   ] GC(1251)   Other: 0.08ms
[616.954s][info][gc,heap     ] GC(1251) Eden regions: 206->0(232)
[616.954s][info][gc,heap     ] GC(1251) Survivor regions: 17->28(28)
[616.954s][info][gc,heap     ] GC(1251) Old regions: 148->108
[616.954s][info][gc,heap     ] GC(1251) Humongous regions: 6->4
[616.954s][info][gc,metaspace] GC(1251) Metaspace: 43217K(43712K)->43217K(43712K) NonClass: 38874K(39168K)->38874K(39168K) Class: 4343K(4544K)->4343K(4544K)
[616.954s][info][gc          ] GC(1251) Pause Young (Mixed) (G1 Evacuation Pause) 376M->139M(520M) 30.075ms
[616.955s][info][gc,cpu      ] GC(1251) User=0.06s Sys=0.00s Real=0.03s
[617.853s][info][gc,start    ] GC(1252) Pause Young (Normal) (G1 Evacuation Pause)
[617.853s][info][gc,task     ] GC(1252) Using 2 workers of 2 for evacuation
[617.883s][info][gc,phases   ] GC(1252)   Pre Evacuate Collection Set: 0.24ms
[617.883s][info][gc,phases   ] GC(1252)   Merge Heap Roots: 0.12ms
[617.883s][info][gc,phases   ] GC(1252)   Evacuate Collection Set: 28.48ms
[617.883s][info][gc,phases   ] GC(1252)   Post Evacuate Collection Set: 0.58ms
[617.883s][info][gc,phases   ] GC(1252)   Other: 0.09ms
[617.883s][info][gc,heap     ] GC(1252) Eden regions: 232->0(236)
[617.883s][info][gc,heap     ] GC(1252) Survivor regions: 28->20(33)
[617.883s][info][gc,heap     ] GC(1252) Old regions: 108->131
[617.883s][info][gc,heap     ] GC(1252) Humongous regions: 6->4
[617.883s][info][gc,metaspace] GC(1252) Metaspace: 43217K(43712K)->43217K(43712K) NonClass: 38874K(39168K)->38874K(39168K) Class: 4343K(4544K)->4343K(4544K)
[617.883s][info][gc          ] GC(1252) Pause Young (Normal) (G1 Evacuation Pause) 373M->154M(520M) 29.766ms
[617.883s][info][gc,cpu      ] GC(1252) User=0.05s Sys=0.00s Real=0.03s
[618.133s][info][gc,start    ] GC(1253) Pause Young (Concurrent Start) (G1 Humongous Allocation)
[618.133s][info][gc,task     ] GC(1253) Using 2 workers of 2 for evacuation
[618.151s][info][gc,phases   ] GC(1253)   Pre Evacuate Collection Set: 0.29ms
[618.151s][info][gc,phases   ] GC(1253)   Merge Heap Roots: 0.06ms
[618.151s][info][gc,phases   ] GC(1253)   Evacuate Collection Set: 17.48ms
[618.151s][info][gc,phases   ] GC(1253)   Post Evacuate Collection Set: 0.46ms
[618.151s][info][gc,phases   ] GC(1253)   Other: 0.11ms
[618.151s][info][gc,heap     ] GC(1253) Eden regions: 71->0(236)
[618.151s][info][gc,heap     ] GC(1253) Survivor regions: 20->24(32)
[618.151s][info][gc,heap     ] GC(1253) Old regions: 131->133
[618.151s][info][gc,heap     ] GC(1253) Humongous regions: 4->4
[618.151s][info][gc,metaspace] GC(1253) Metaspace: 43217K(43712K)->43217K(43712K) NonClass: 38874K(39168K)->38874K(39168K) Class: 4343K(4544K)->4343K(4544K)
[618.151s][info][gc          ] GC(1253) Pause Young (Concurrent Start) (G1 Humongous Allocation) 224M->159M(520M) 18.656ms
[618.151s][info][gc,cpu      ] GC(1253) User=0.04s Sys=0.00s Real=0.02s
[618.152s][info][gc          ] GC(1254) Concurrent Mark Cycle
[618.152s][info][gc,marking  ] GC(1254) Concurrent Scan Root Regions
[618.166s][info][gc,marking  ] GC(1254) Concurrent Scan Root Regions 14.320ms
[618.166s][info][gc,marking  ] GC(1254) Concurrent Mark
[618.166s][info][gc,marking  ] GC(1254) Concurrent Mark From Roots
[618.166s][info][gc,task     ] GC(1254) Using 1 workers of 1 for marking
[618.249s][info][gc,marking  ] GC(1254) Concurrent Mark From Roots 83.381ms
[618.249s][info][gc,marking  ] GC(1254) Concurrent Preclean
[618.249s][info][gc,marking  ] GC(1254) Concurrent Preclean 0.076ms
[618.250s][info][gc,start    ] GC(1254) Pause Remark
[618.268s][info][gc          ] GC(1254) Pause Remark 179M->141M(414M) 18.845ms
[618.268s][info][gc,cpu      ] GC(1254) User=0.04s Sys=0.00s Real=0.02s
[618.269s][info][gc,marking  ] GC(1254) Concurrent Mark 102.649ms
[618.269s][info][gc,marking  ] GC(1254) Concurrent Rebuild Remembered Sets and Scrub Regions
[618.307s][info][gc,marking  ] GC(1254) Concurrent Rebuild Remembered Sets and Scrub Regions 38.131ms
[618.307s][info][gc,start    ] GC(1254) Pause Cleanup
[618.307s][info][gc          ] GC(1254) Pause Cleanup 150M->150M(414M) 0.076ms
[618.307s][info][gc,cpu      ] GC(1254) User=0.00s Sys=0.00s Real=0.00s
[618.307s][info][gc,marking  ] GC(1254) Concurrent Clear Claimed Marks
[618.307s][info][gc,marking  ] GC(1254) Concurrent Clear Claimed Marks 0.042ms
[618.307s][info][gc,marking  ] GC(1254) Concurrent Cleanup for Next Mark
[618.308s][info][gc,marking  ] GC(1254) Concurrent Cleanup for Next Mark 1.227ms
[618.308s][info][gc          ] GC(1254) Concurrent Mark Cycle 156.821ms
[618.968s][info][gc,start    ] GC(1255) Pause Young (Prepare Mixed) (G1 Evacuation Pause)
[618.968s][info][gc,task     ] GC(1255) Using 2 workers of 2 for evacuation
[619.019s][info][gc,phases   ] GC(1255)   Pre Evacuate Collection Set: 0.26ms
[619.019s][info][gc,phases   ] GC(1255)   Merge Heap Roots: 0.17ms
[619.019s][info][gc,phases   ] GC(1255)   Evacuate Collection Set: 49.97ms
[619.019s][info][gc,phases   ] GC(1255)   Post Evacuate Collection Set: 0.59ms
[619.019s][info][gc,phases   ] GC(1255)   Other: 0.08ms
[619.019s][info][gc,heap     ] GC(1255) Eden regions: 224->0(160)
[619.019s][info][gc,heap     ] GC(1255) Survivor regions: 24->31(31)
[619.019s][info][gc,heap     ] GC(1255) Old regions: 96->136
[619.019s][info][gc,heap     ] GC(1255) Humongous regions: 7->5
[619.019s][info][gc,metaspace] GC(1255) Metaspace: 43217K(43712K)->43217K(43712K) NonClass: 38874K(39168K)->38874K(39168K) Class: 4343K(4544K)->4343K(4544K)
[619.019s][info][gc          ] GC(1255) Pause Young (Prepare Mixed) (G1 Evacuation Pause) 349M->171M(422M) 51.335ms
[619.019s][info][gc,cpu      ] GC(1255) User=0.09s Sys=0.00s Real=0.05s
[619.539s][info][gc,start    ] GC(1256) Pause Young (Mixed) (G1 Evacuation Pause)
[619.539s][info][gc,task     ] GC(1256) Using 2 workers of 2 for evacuation
[619.570s][info][gc,phases   ] GC(1256)   Pre Evacuate Collection Set: 0.23ms
[619.570s][info][gc,phases   ] GC(1256)   Merge Heap Roots: 0.31ms
[619.570s][info][gc,phases   ] GC(1256)   Evacuate Collection Set: 29.83ms
[619.570s][info][gc,phases   ] GC(1256)   Post Evacuate Collection Set: 0.50ms
[619.570s][info][gc,phases   ] GC(1256)   Other: 0.08ms
[619.570s][info][gc,heap     ] GC(1256) Eden regions: 160->0(184)
[619.570s][info][gc,heap     ] GC(1256) Survivor regions: 31->2(24)
[619.570s][info][gc,heap     ] GC(1256) Old regions: 136->145
[619.570s][info][gc,heap     ] GC(1256) Humongous regions: 5->5
[619.570s][info][gc,metaspace] GC(1256) Metaspace: 43217K(43712K)->43217K(43712K) NonClass: 38874K(39168K)->38874K(39168K) Class: 4343K(4544K)->4343K(4544K)
[619.570s][info][gc          ] GC(1256) Pause Young (Mixed) (G1 Evacuation Pause) 331M->151M(422M) 31.158ms
[619.570s][info][gc,cpu      ] GC(1256) User=0.06s Sys=0.00s Real=0.03s
[619.864s][info][gc,start    ] GC(1257) Pause Young (Concurrent Start) (G1 Humongous Allocation)
[619.864s][info][gc,task     ] GC(1257) Using 2 workers of 2 for evacuation
[619.867s][info][gc,phases   ] GC(1257)   Pre Evacuate Collection Set: 0.22ms
[619.867s][info][gc,phases   ] GC(1257)   Merge Heap Roots: 0.05ms
[619.867s][info][gc,phases   ] GC(1257)   Evacuate Collection Set: 1.75ms
[619.867s][info][gc,phases   ] GC(1257)   Post Evacuate Collection Set: 0.40ms
[619.867s][info][gc,phases   ] GC(1257)   Other: 0.14ms
[619.867s][info][gc,heap     ] GC(1257) Eden regions: 87->0(194)
[619.867s][info][gc,heap     ] GC(1257) Survivor regions: 2->2(24)
[619.867s][info][gc,heap     ] GC(1257) Old regions: 145->145
[619.867s][info][gc,heap     ] GC(1257) Humongous regions: 5->5
[619.867s][info][gc,metaspace] GC(1257) Metaspace: 43217K(43712K)->43217K(43712K) NonClass: 38874K(39168K)->38874K(39168K) Class: 4343K(4544K)->4343K(4544K)
[619.867s][info][gc          ] GC(1257) Pause Young (Concurrent Start) (G1 Humongous Allocation) 238M->150M(422M) 2.755ms
[619.867s][info][gc,cpu      ] GC(1257) User=0.00s Sys=0.00s Real=0.00s
[619.867s][info][gc          ] GC(1258) Concurrent Mark Cycle
[619.867s][info][gc,marking  ] GC(1258) Concurrent Scan Root Regions
[619.868s][info][gc,marking  ] GC(1258) Concurrent Scan Root Regions 0.987ms
[619.868s][info][gc,marking  ] GC(1258) Concurrent Mark
[619.868s][info][gc,marking  ] GC(1258) Concurrent Mark From Roots
[619.868s][info][gc,task     ] GC(1258) Using 1 workers of 1 for marking
[619.951s][info][gc,marking  ] GC(1258) Concurrent Mark From Roots 83.417ms
[619.951s][info][gc,marking  ] GC(1258) Concurrent Preclean
[619.951s][info][gc,marking  ] GC(1258) Concurrent Preclean 0.052ms
[619.951s][info][gc,start    ] GC(1258) Pause Remark
[619.969s][info][gc          ] GC(1258) Pause Remark 175M->118M(317M) 17.727ms
[619.969s][info][gc,cpu      ] GC(1258) User=0.03s Sys=0.00s Real=0.01s
[619.969s][info][gc,marking  ] GC(1258) Concurrent Mark 101.518ms
[619.969s][info][gc,marking  ] GC(1258) Concurrent Rebuild Remembered Sets and Scrub Regions
[620.003s][info][gc,marking  ] GC(1258) Concurrent Rebuild Remembered Sets and Scrub Regions 33.254ms
[620.003s][info][gc,start    ] GC(1258) Pause Cleanup
[620.003s][info][gc          ] GC(1258) Pause Cleanup 128M->128M(317M) 0.062ms
[620.003s][info][gc,cpu      ] GC(1258) User=0.00s Sys=0.00s Real=0.00s
[620.003s][info][gc,marking  ] GC(1258) Concurrent Clear Claimed Marks
[620.003s][info][gc,marking  ] GC(1258) Concurrent Clear Claimed Marks 0.042ms
[620.003s][info][gc,marking  ] GC(1258) Concurrent Cleanup for Next Mark
[620.004s][info][gc,marking  ] GC(1258) Concurrent Cleanup for Next Mark 0.914ms
[620.004s][info][gc          ] GC(1258) Concurrent Mark Cycle 137.092ms
[620.471s][info][gc,start    ] GC(1259) Pause Young (Prepare Mixed) (G1 Evacuation Pause)
[620.471s][info][gc,task     ] GC(1259) Using 2 workers of 2 for evacuation
[620.476s][info][gc,phases   ] GC(1259)   Pre Evacuate Collection Set: 0.17ms
[620.476s][info][gc,phases   ] GC(1259)   Merge Heap Roots: 0.08ms
[620.476s][info][gc,phases   ] GC(1259)   Evacuate Collection Set: 4.27ms
[620.476s][info][gc,phases   ] GC(1259)   Post Evacuate Collection Set: 0.75ms
[620.476s][info][gc,phases   ] GC(1259)   Other: 0.07ms
[620.476s][info][gc,heap     ] GC(1259) Eden regions: 188->0(189)
[620.476s][info][gc,heap     ] GC(1259) Survivor regions: 2->5(24)
[620.476s][info][gc,heap     ] GC(1259) Old regions: 89->89
[620.476s][info][gc,heap     ] GC(1259) Humongous regions: 4->1
[620.476s][info][gc,metaspace] GC(1259) Metaspace: 43217K(43712K)->43217K(43712K) NonClass: 38874K(39168K)->38874K(39168K) Class: 4343K(4544K)->4343K(4544K)
[620.476s][info][gc          ] GC(1259) Pause Young (Prepare Mixed) (G1 Evacuation Pause) 282M->94M(344M) 5.539ms
[620.476s][info][gc,cpu      ] GC(1259) User=0.01s Sys=0.00s Real=0.00s
[620.854s][info][gc,start    ] GC(1260) Pause Young (Mixed) (G1 Evacuation Pause)
[620.854s][info][gc,task     ] GC(1260) Using 2 workers of 2 for evacuation
[620.862s][info][gc,phases   ] GC(1260)   Pre Evacuate Collection Set: 0.19ms
[620.862s][info][gc,phases   ] GC(1260)   Merge Heap Roots: 0.08ms
[620.862s][info][gc,phases   ] GC(1260)   Evacuate Collection Set: 6.65ms
[620.862s][info][gc,phases   ] GC(1260)   Post Evacuate Collection Set: 0.47ms
[620.862s][info][gc,phases   ] GC(1260)   Other: 0.11ms
[620.862s][info][gc,heap     ] GC(1260) Eden regions: 189->0(201)
[620.862s][info][gc,heap     ] GC(1260) Survivor regions: 5->5(25)
[620.862s][info][gc,heap     ] GC(1260) Old regions: 89->70
[620.862s][info][gc,heap     ] GC(1260) Humongous regions: 1->1
[620.862s][info][gc,metaspace] GC(1260) Metaspace: 43217K(43712K)->43217K(43712K) NonClass: 38874K(39168K)->38874K(39168K) Class: 4343K(4544K)->4343K(4544K)
[620.862s][info][gc          ] GC(1260) Pause Young (Mixed) (G1 Evacuation Pause) 283M->74M(344M) 7.712ms
[620.862s][info][gc,cpu      ] GC(1260) User=0.02s Sys=0.00s Real=0.01s
[621.191s][info][gc,start    ] GC(1261) Pause Young (Concurrent Start) (G1 Humongous Allocation)
[621.191s][info][gc,task     ] GC(1261) Using 2 workers of 2 for evacuation
[621.194s][info][gc,phases   ] GC(1261)   Pre Evacuate Collection Set: 0.21ms
[621.194s][info][gc,phases   ] GC(1261)   Merge Heap Roots: 0.06ms
[621.194s][info][gc,phases   ] GC(1261)   Evacuate Collection Set: 2.55ms
[621.194s][info][gc,phases   ] GC(1261)   Post Evacuate Collection Set: 0.46ms
[621.194s][info][gc,phases   ] GC(1261)   Other: 0.09ms
[621.194s][info][gc,heap     ] GC(1261) Eden regions: 179->0(202)
[621.194s][info][gc,heap     ] GC(1261) Survivor regions: 5->4(26)
[621.194s][info][gc,heap     ] GC(1261) Old regions: 70->70
[621.194s][info][gc,heap     ] GC(1261) Humongous regions: 1->1
[621.194s][info][gc,metaspace] GC(1261) Metaspace: 43217K(43712K)->43217K(43712K) NonClass: 38874K(39168K)->38874K(39168K) Class: 4343K(4544K)->4343K(4544K)
[621.195s][info][gc          ] GC(1261) Pause Young (Concurrent Start) (G1 Humongous Allocation) 253M->73M(344M) 3.590ms
[621.195s][info][gc,cpu      ] GC(1261) User=0.00s Sys=0.00s Real=0.00s
[621.195s][info][gc          ] GC(1262) Concurrent Mark Cycle
[621.195s][info][gc,marking  ] GC(1262) Concurrent Scan Root Regions
[621.196s][info][gc,marking  ] GC(1262) Concurrent Scan Root Regions 1.661ms
[621.196s][info][gc,marking  ] GC(1262) Concurrent Mark
[621.196s][info][gc,marking  ] GC(1262) Concurrent Mark From Roots
[621.196s][info][gc,task     ] GC(1262) Using 1 workers of 1 for marking
[621.280s][info][gc,marking  ] GC(1262) Concurrent Mark From Roots 83.950ms
[621.280s][info][gc,marking  ] GC(1262) Concurrent Preclean
[621.280s][info][gc,marking  ] GC(1262) Concurrent Preclean 0.057ms
[621.282s][info][gc,start    ] GC(1262) Pause Remark
[621.300s][info][gc          ] GC(1262) Pause Remark 97M->92M(256M) 17.888ms
[621.300s][info][gc,cpu      ] GC(1262) User=0.03s Sys=0.00s Real=0.02s
[621.300s][info][gc,marking  ] GC(1262) Concurrent Mark 104.164ms
[621.300s][info][gc,marking  ] GC(1262) Concurrent Rebuild Remembered Sets and Scrub Regions
[621.335s][info][gc,marking  ] GC(1262) Concurrent Rebuild Remembered Sets and Scrub Regions 34.093ms
[621.335s][info][gc,start    ] GC(1262) Pause Cleanup
[621.335s][info][gc          ] GC(1262) Pause Cleanup 101M->101M(256M) 0.048ms
[621.335s][info][gc,cpu      ] GC(1262) User=0.00s Sys=0.00s Real=0.00s
[621.335s][info][gc,marking  ] GC(1262) Concurrent Clear Claimed Marks
[621.335s][info][gc,marking  ] GC(1262) Concurrent Clear Claimed Marks 0.041ms
[621.335s][info][gc,marking  ] GC(1262) Concurrent Cleanup for Next Mark
[621.336s][info][gc,marking  ] GC(1262) Concurrent Cleanup for Next Mark 0.758ms
[621.336s][info][gc          ] GC(1262) Concurrent Mark Cycle 141.045ms
[621.739s][info][gc,start    ] GC(1263) Pause Young (Prepare Mixed) (G1 Evacuation Pause)
[621.739s][info][gc,task     ] GC(1263) Using 2 workers of 2 for evacuation
[621.751s][info][gc,phases   ] GC(1263)   Pre Evacuate Collection Set: 0.24ms
[621.751s][info][gc,phases   ] GC(1263)   Merge Heap Roots: 0.08ms
[621.751s][info][gc,phases   ] GC(1263)   Evacuate Collection Set: 10.49ms
[621.751s][info][gc,phases   ] GC(1263)   Post Evacuate Collection Set: 0.76ms
[621.751s][info][gc,phases   ] GC(1263)   Other: 0.08ms
[621.751s][info][gc,heap     ] GC(1263) Eden regions: 74->0(211)
[621.751s][info][gc,heap     ] GC(1263) Survivor regions: 4->9(26)
[621.751s][info][gc,heap     ] GC(1263) Old regions: 65->65
[621.751s][info][gc,heap     ] GC(1263) Humongous regions: 215->3
[621.751s][info][gc,metaspace] GC(1263) Metaspace: 43217K(43712K)->43217K(43712K) NonClass: 38874K(39168K)->38874K(39168K) Class: 4343K(4544K)->4343K(4544K)
[621.751s][info][gc          ] GC(1263) Pause Young (Prepare Mixed) (G1 Evacuation Pause) 356M->75M(367M) 11.851ms
[621.751s][info][gc,cpu      ] GC(1263) User=0.02s Sys=0.01s Real=0.02s
[622.270s][info][gc,start    ] GC(1264) Pause Young (Mixed) (G1 Evacuation Pause)
[622.270s][info][gc,task     ] GC(1264) Using 2 workers of 2 for evacuation
[622.296s][info][gc,phases   ] GC(1264)   Pre Evacuate Collection Set: 0.25ms
[622.296s][info][gc,phases   ] GC(1264)   Merge Heap Roots: 0.37ms
[622.296s][info][gc,phases   ] GC(1264)   Evacuate Collection Set: 23.59ms
[622.296s][info][gc,phases   ] GC(1264)   Post Evacuate Collection Set: 1.08ms
[622.296s][info][gc,phases   ] GC(1264)   Other: 0.08ms
[622.296s][info][gc,heap     ] GC(1264) Eden regions: 50->0(265)
[622.296s][info][gc,heap     ] GC(1264) Survivor regions: 9->11(31)
[622.296s][info][gc,heap     ] GC(1264) Old regions: 65->57
[622.296s][info][gc,heap     ] GC(1264) Humongous regions: 323->1
[622.296s][info][gc,metaspace] GC(1264) Metaspace: 43217K(43712K)->43217K(43712K) NonClass: 38874K(39168K)->38874K(39168K) Class: 4343K(4544K)->4343K(4544K)
[622.296s][info][gc          ] GC(1264) Pause Young (Mixed) (G1 Evacuation Pause) 445M->67M(461M) 25.578ms
[622.296s][info][gc,cpu      ] GC(1264) User=0.04s Sys=0.01s Real=0.03s
[622.408s][info][gc,start    ] GC(1265) Pause Young (Concurrent Start) (G1 Humongous Allocation)
[622.408s][info][gc,task     ] GC(1265) Using 2 workers of 2 for evacuation
[622.420s][info][gc,phases   ] GC(1265)   Pre Evacuate Collection Set: 0.26ms
[622.420s][info][gc,phases   ] GC(1265)   Merge Heap Roots: 0.05ms
[622.420s][info][gc,phases   ] GC(1265)   Evacuate Collection Set: 11.12ms
[622.420s][info][gc,phases   ] GC(1265)   Post Evacuate Collection Set: 0.48ms
[622.420s][info][gc,phases   ] GC(1265)   Other: 0.10ms
[622.420s][info][gc,heap     ] GC(1265) Eden regions: 14->0(232)
[622.420s][info][gc,heap     ] GC(1265) Survivor regions: 11->13(35)
[622.420s][info][gc,heap     ] GC(1265) Old regions: 57->57
[622.420s][info][gc,heap     ] GC(1265) Humongous regions: 71->1
[622.420s][info][gc,metaspace] GC(1265) Metaspace: 43217K(43712K)->43217K(43712K) NonClass: 38874K(39168K)->38874K(39168K) Class: 4343K(4544K)->4343K(4544K)
[622.420s][info][gc          ] GC(1265) Pause Young (Concurrent Start) (G1 Humongous Allocation) 151M->69M(461M) 12.234ms
[622.420s][info][gc,cpu      ] GC(1265) User=0.02s Sys=0.00s Real=0.01s
[622.420s][info][gc          ] GC(1266) Concurrent Undo Cycle
[622.420s][info][gc,marking  ] GC(1266) Concurrent Clear Claimed Marks
[622.420s][info][gc,marking  ] GC(1266) Concurrent Clear Claimed Marks 0.040ms
[622.420s][info][gc,marking  ] GC(1266) Concurrent Cleanup for Next Mark
[622.420s][info][gc,marking  ] GC(1266) Concurrent Cleanup for Next Mark 0.110ms
[622.420s][info][gc          ] GC(1266) Concurrent Undo Cycle 0.189ms
[622.508s][info][gc,start    ] GC(1267) Pause Young (Concurrent Start) (G1 Humongous Allocation)
[622.509s][info][gc,task     ] GC(1267) Using 2 workers of 2 for evacuation
[622.523s][info][gc,phases   ] GC(1267)   Pre Evacuate Collection Set: 0.28ms
[622.523s][info][gc,phases   ] GC(1267)   Merge Heap Roots: 0.05ms
[622.523s][info][gc,phases   ] GC(1267)   Evacuate Collection Set: 13.65ms
[622.523s][info][gc,phases   ] GC(1267)   Post Evacuate Collection Set: 0.68ms
[622.523s][info][gc,phases   ] GC(1267)   Other: 0.10ms
[622.523s][info][gc,heap     ] GC(1267) Eden regions: 11->0(249)
[622.523s][info][gc,heap     ] GC(1267) Survivor regions: 13->16(31)
[622.523s][info][gc,heap     ] GC(1267) Old regions: 57->57
[622.523s][info][gc,heap     ] GC(1267) Humongous regions: 49->1
[622.523s][info][gc,metaspace] GC(1267) Metaspace: 43217K(43712K)->43217K(43712K) NonClass: 38874K(39168K)->38874K(39168K) Class: 4343K(4544K)->4343K(4544K)
[622.523s][info][gc          ] GC(1267) Pause Young (Concurrent Start) (G1 Humongous Allocation) 128M->72M(461M) 15.009ms
[622.523s][info][gc,cpu      ] GC(1267) User=0.03s Sys=0.00s Real=0.02s
[622.524s][info][gc          ] GC(1268) Concurrent Undo Cycle
[622.524s][info][gc,marking  ] GC(1268) Concurrent Clear Claimed Marks
[622.524s][info][gc,marking  ] GC(1268) Concurrent Clear Claimed Marks 0.039ms
[622.524s][info][gc,marking  ] GC(1268) Concurrent Cleanup for Next Mark
[622.524s][info][gc,marking  ] GC(1268) Concurrent Cleanup for Next Mark 0.107ms
[622.524s][info][gc          ] GC(1268) Concurrent Undo Cycle 0.186ms
[622.570s][info][gc,start    ] GC(1269) Pause Young (Concurrent Start) (G1 Humongous Allocation)
[622.570s][info][gc,task     ] GC(1269) Using 2 workers of 2 for evacuation
[622.584s][info][gc,phases   ] GC(1269)   Pre Evacuate Collection Set: 0.28ms
[622.584s][info][gc,phases   ] GC(1269)   Merge Heap Roots: 0.05ms
[622.584s][info][gc,phases   ] GC(1269)   Evacuate Collection Set: 13.13ms
[622.584s][info][gc,phases   ] GC(1269)   Post Evacuate Collection Set: 0.63ms
[622.584s][info][gc,phases   ] GC(1269)   Other: 0.10ms
[622.584s][info][gc,heap     ] GC(1269) Eden regions: 5->0(260)
[622.584s][info][gc,heap     ] GC(1269) Survivor regions: 16->16(34)
[622.584s][info][gc,heap     ] GC(1269) Old regions: 57->57
[622.584s][info][gc,heap     ] GC(1269) Humongous regions: 33->1
[622.584s][info][gc,metaspace] GC(1269) Metaspace: 43217K(43712K)->43217K(43712K) NonClass: 38874K(39168K)->38874K(39168K) Class: 4343K(4544K)->4343K(4544K)
[622.584s][info][gc          ] GC(1269) Pause Young (Concurrent Start) (G1 Humongous Allocation) 109M->72M(461M) 14.449ms
[622.585s][info][gc,cpu      ] GC(1269) User=0.02s Sys=0.01s Real=0.02s
[622.585s][info][gc          ] GC(1270) Concurrent Undo Cycle
[622.585s][info][gc,marking  ] GC(1270) Concurrent Clear Claimed Marks
[622.585s][info][gc,marking  ] GC(1270) Concurrent Clear Claimed Marks 0.045ms
[622.585s][info][gc,marking  ] GC(1270) Concurrent Cleanup for Next Mark
[622.585s][info][gc,marking  ] GC(1270) Concurrent Cleanup for Next Mark 0.178ms
[622.585s][info][gc          ] GC(1270) Concurrent Undo Cycle 0.276ms
[622.620s][info][gc,start    ] GC(1271) Pause Young (Concurrent Start) (G1 Humongous Allocation)
[622.621s][info][gc,task     ] GC(1271) Using 2 workers of 2 for evacuation
[622.634s][info][gc,phases   ] GC(1271)   Pre Evacuate Collection Set: 0.26ms
[622.634s][info][gc,phases   ] GC(1271)   Merge Heap Roots: 0.05ms
[622.634s][info][gc,phases   ] GC(1271)   Evacuate Collection Set: 13.01ms
[622.634s][info][gc,phases   ] GC(1271)   Post Evacuate Collection Set: 0.38ms
[622.634s][info][gc,phases   ] GC(1271)   Other: 0.10ms
[622.634s][info][gc,heap     ] GC(1271) Eden regions: 4->0(261)
[622.634s][info][gc,heap     ] GC(1271) Survivor regions: 16->15(35)
[622.635s][info][gc,heap     ] GC(1271) Old regions: 57->57
[622.635s][info][gc,heap     ] GC(1271) Humongous regions: 25->1
[622.635s][info][gc,metaspace] GC(1271) Metaspace: 43217K(43712K)->43217K(43712K) NonClass: 38874K(39168K)->38874K(39168K) Class: 4343K(4544K)->4343K(4544K)
[622.635s][info][gc          ] GC(1271) Pause Young (Concurrent Start) (G1 Humongous Allocation) 100M->71M(461M) 14.054ms
[622.635s][info][gc,cpu      ] GC(1271) User=0.03s Sys=0.00s Real=0.01s
[622.635s][info][gc          ] GC(1272) Concurrent Undo Cycle
[622.635s][info][gc,marking  ] GC(1272) Concurrent Clear Claimed Marks
[622.635s][info][gc,marking  ] GC(1272) Concurrent Clear Claimed Marks 0.040ms
[622.635s][info][gc,marking  ] GC(1272) Concurrent Cleanup for Next Mark
[622.635s][info][gc,marking  ] GC(1272) Concurrent Cleanup for Next Mark 0.130ms
[622.635s][info][gc          ] GC(1272) Concurrent Undo Cycle 0.211ms
[622.674s][info][gc,start    ] GC(1273) Pause Young (Concurrent Start) (G1 Humongous Allocation)
[622.674s][info][gc,task     ] GC(1273) Using 2 workers of 2 for evacuation
[622.689s][info][gc,phases   ] GC(1273)   Pre Evacuate Collection Set: 0.26ms
[622.689s][info][gc,phases   ] GC(1273)   Merge Heap Roots: 0.06ms
[622.689s][info][gc,phases   ] GC(1273)   Evacuate Collection Set: 13.39ms
[622.689s][info][gc,phases   ] GC(1273)   Post Evacuate Collection Set: 1.54ms
[622.689s][info][gc,phases   ] GC(1273)   Other: 0.11ms
[622.689s][info][gc,heap     ] GC(1273) Eden regions: 4->0(323)
[622.689s][info][gc,heap     ] GC(1273) Survivor regions: 15->16(35)
[622.689s][info][gc,heap     ] GC(1273) Old regions: 57->57
[622.689s][info][gc,heap     ] GC(1273) Humongous regions: 27->1
[622.689s][info][gc,metaspace] GC(1273) Metaspace: 43217K(43712K)->43217K(43712K) NonClass: 38874K(39168K)->38874K(39168K) Class: 4343K(4544K)->4343K(4544K)
[622.689s][info][gc          ] GC(1273) Pause Young (Concurrent Start) (G1 Humongous Allocation) 101M->72M(565M) 15.589ms
[622.689s][info][gc,cpu      ] GC(1273) User=0.03s Sys=0.00s Real=0.01s
[622.689s][info][gc          ] GC(1274) Concurrent Undo Cycle
[622.689s][info][gc,marking  ] GC(1274) Concurrent Clear Claimed Marks
[622.690s][info][gc,marking  ] GC(1274) Concurrent Clear Claimed Marks 0.041ms
[622.690s][info][gc,marking  ] GC(1274) Concurrent Cleanup for Next Mark
[622.690s][info][gc,marking  ] GC(1274) Concurrent Cleanup for Next Mark 0.190ms
[622.690s][info][gc          ] GC(1274) Concurrent Undo Cycle 0.307ms
[622.795s][info][gc,start    ] GC(1275) Pause Young (Concurrent Start) (G1 Humongous Allocation)
[622.795s][info][gc,task     ] GC(1275) Using 2 workers of 2 for evacuation
[622.818s][info][gc,phases   ] GC(1275)   Pre Evacuate Collection Set: 0.27ms
[622.818s][info][gc,phases   ] GC(1275)   Merge Heap Roots: 0.06ms
[622.818s][info][gc,phases   ] GC(1275)   Evacuate Collection Set: 21.37ms
[622.818s][info][gc,phases   ] GC(1275)   Post Evacuate Collection Set: 0.78ms
[622.818s][info][gc,phases   ] GC(1275)   Other: 0.12ms
[622.818s][info][gc,heap     ] GC(1275) Eden regions: 12->0(322)
[622.818s][info][gc,heap     ] GC(1275) Survivor regions: 16->17(43)
[622.818s][info][gc,heap     ] GC(1275) Old regions: 57->57
[622.818s][info][gc,heap     ] GC(1275) Humongous regions: 65->1
[622.818s][info][gc,metaspace] GC(1275) Metaspace: 43217K(43712K)->43217K(43712K) NonClass: 38874K(39168K)->38874K(39168K) Class: 4343K(4544K)->4343K(4544K)
[622.818s][info][gc          ] GC(1275) Pause Young (Concurrent Start) (G1 Humongous Allocation) 147M->73M(565M) 22.817ms
[622.818s][info][gc,cpu      ] GC(1275) User=0.04s Sys=0.01s Real=0.02s
[622.818s][info][gc          ] GC(1276) Concurrent Undo Cycle
[622.818s][info][gc,marking  ] GC(1276) Concurrent Clear Claimed Marks
[622.818s][info][gc,marking  ] GC(1276) Concurrent Clear Claimed Marks 0.042ms
[622.818s][info][gc,marking  ] GC(1276) Concurrent Cleanup for Next Mark
[622.818s][info][gc,marking  ] GC(1276) Concurrent Cleanup for Next Mark 0.178ms
[622.818s][info][gc          ] GC(1276) Concurrent Undo Cycle 0.325ms
[622.930s][info][gc,start    ] GC(1277) Pause Young (Concurrent Start) (G1 Humongous Allocation)
[622.930s][info][gc,task     ] GC(1277) Using 2 workers of 2 for evacuation
[622.952s][info][gc,phases   ] GC(1277)   Pre Evacuate Collection Set: 0.25ms
[622.952s][info][gc,phases   ] GC(1277)   Merge Heap Roots: 0.05ms
[622.952s][info][gc,phases   ] GC(1277)   Evacuate Collection Set: 21.06ms
[622.952s][info][gc,phases   ] GC(1277)   Post Evacuate Collection Set: 0.84ms
[622.952s][info][gc,phases   ] GC(1277)   Other: 0.13ms
[622.952s][info][gc,heap     ] GC(1277) Eden regions: 13->0(321)
[622.952s][info][gc,heap     ] GC(1277) Survivor regions: 17->18(43)
[622.952s][info][gc,heap     ] GC(1277) Old regions: 57->57
[622.952s][info][gc,heap     ] GC(1277) Humongous regions: 69->1
[622.952s][info][gc,metaspace] GC(1277) Metaspace: 43217K(43712K)->43217K(43712K) NonClass: 38874K(39168K)->38874K(39168K) Class: 4343K(4544K)->4343K(4544K)
[622.952s][info][gc          ] GC(1277) Pause Young (Concurrent Start) (G1 Humongous Allocation) 154M->74M(565M) 22.564ms
[622.952s][info][gc,cpu      ] GC(1277) User=0.04s Sys=0.01s Real=0.03s
[622.952s][info][gc          ] GC(1278) Concurrent Undo Cycle
[622.952s][info][gc,marking  ] GC(1278) Concurrent Clear Claimed Marks
[622.953s][info][gc,marking  ] GC(1278) Concurrent Clear Claimed Marks 0.042ms
[622.953s][info][gc,marking  ] GC(1278) Concurrent Cleanup for Next Mark
[622.953s][info][gc,marking  ] GC(1278) Concurrent Cleanup for Next Mark 0.177ms
[622.953s][info][gc          ] GC(1278) Concurrent Undo Cycle 0.298ms
[623.077s][info][gc,start    ] GC(1279) Pause Young (Concurrent Start) (G1 Humongous Allocation)
[623.077s][info][gc,task     ] GC(1279) Using 2 workers of 2 for evacuation
[623.101s][info][gc,phases   ] GC(1279)   Pre Evacuate Collection Set: 0.26ms
[623.101s][info][gc,phases   ] GC(1279)   Merge Heap Roots: 0.06ms
[623.101s][info][gc,phases   ] GC(1279)   Evacuate Collection Set: 22.76ms
[623.101s][info][gc,phases   ] GC(1279)   Post Evacuate Collection Set: 0.79ms
[623.101s][info][gc,phases   ] GC(1279)   Other: 0.13ms
[623.101s][info][gc,heap     ] GC(1279) Eden regions: 16->0(317)
[623.101s][info][gc,heap     ] GC(1279) Survivor regions: 18->22(43)
[623.101s][info][gc,heap     ] GC(1279) Old regions: 57->57
[623.101s][info][gc,heap     ] GC(1279) Humongous regions: 71->1
[623.101s][info][gc,metaspace] GC(1279) Metaspace: 43217K(43712K)->43217K(43712K) NonClass: 38874K(39168K)->38874K(39168K) Class: 4343K(4544K)->4343K(4544K)
[623.101s][info][gc          ] GC(1279) Pause Young (Concurrent Start) (G1 Humongous Allocation) 160M->78M(565M) 24.216ms
[623.101s][info][gc,cpu      ] GC(1279) User=0.05s Sys=0.01s Real=0.03s
[623.101s][info][gc          ] GC(1280) Concurrent Undo Cycle
[623.101s][info][gc,marking  ] GC(1280) Concurrent Clear Claimed Marks
[623.101s][info][gc,marking  ] GC(1280) Concurrent Clear Claimed Marks 0.042ms
[623.101s][info][gc,marking  ] GC(1280) Concurrent Cleanup for Next Mark
[623.101s][info][gc,marking  ] GC(1280) Concurrent Cleanup for Next Mark 0.167ms
[623.101s][info][gc          ] GC(1280) Concurrent Undo Cycle 0.290ms
[623.206s][info][gc,start    ] GC(1281) Pause Young (Concurrent Start) (G1 Humongous Allocation)
[623.206s][info][gc,task     ] GC(1281) Using 2 workers of 2 for evacuation
[623.228s][info][gc,phases   ] GC(1281)   Pre Evacuate Collection Set: 0.28ms
[623.228s][info][gc,phases   ] GC(1281)   Merge Heap Roots: 0.07ms
[623.228s][info][gc,phases   ] GC(1281)   Evacuate Collection Set: 20.06ms
[623.228s][info][gc,phases   ] GC(1281)   Post Evacuate Collection Set: 1.49ms
[623.228s][info][gc,phases   ] GC(1281)   Other: 0.10ms
[623.229s][info][gc,heap     ] GC(1281) Eden regions: 11->0(368)
[623.229s][info][gc,heap     ] GC(1281) Survivor regions: 22->22(43)
[623.229s][info][gc,heap     ] GC(1281) Old regions: 57->57
[623.229s][info][gc,heap     ] GC(1281) Humongous regions: 73->1
[623.229s][info][gc,metaspace] GC(1281) Metaspace: 43217K(43712K)->43217K(43712K) NonClass: 38874K(39168K)->38874K(39168K) Class: 4343K(4544K)->4343K(4544K)
[623.229s][info][gc          ] GC(1281) Pause Young (Concurrent Start) (G1 Humongous Allocation) 161M->78M(650M) 22.297ms
[623.229s][info][gc,cpu      ] GC(1281) User=0.04s Sys=0.00s Real=0.02s
[623.229s][info][gc          ] GC(1282) Concurrent Undo Cycle
[623.229s][info][gc,marking  ] GC(1282) Concurrent Clear Claimed Marks
[623.229s][info][gc,marking  ] GC(1282) Concurrent Clear Claimed Marks 0.040ms
[623.229s][info][gc,marking  ] GC(1282) Concurrent Cleanup for Next Mark
[623.231s][info][gc,marking  ] GC(1282) Concurrent Cleanup for Next Mark 1.831ms
[623.231s][info][gc          ] GC(1282) Concurrent Undo Cycle 1.915ms
[623.432s][info][gc,start    ] GC(1283) Pause Young (Concurrent Start) (G1 Humongous Allocation)
[623.432s][info][gc,task     ] GC(1283) Using 2 workers of 2 for evacuation
[623.469s][info][gc,phases   ] GC(1283)   Pre Evacuate Collection Set: 0.40ms
[623.469s][info][gc,phases   ] GC(1283)   Merge Heap Roots: 0.08ms
[623.469s][info][gc,phases   ] GC(1283)   Evacuate Collection Set: 35.84ms
[623.469s][info][gc,phases   ] GC(1283)   Post Evacuate Collection Set: 0.49ms
[623.469s][info][gc,phases   ] GC(1283)   Other: 0.17ms
[623.469s][info][gc,heap     ] GC(1283) Eden regions: 25->0(364)
[623.469s][info][gc,heap     ] GC(1283) Survivor regions: 22->26(49)
[623.469s][info][gc,heap     ] GC(1283) Old regions: 57->57
[623.469s][info][gc,heap     ] GC(1283) Humongous regions: 105->1
[623.469s][info][gc,metaspace] GC(1283) Metaspace: 43217K(43712K)->43217K(43712K) NonClass: 38874K(39168K)->38874K(39168K) Class: 4343K(4544K)->4343K(4544K)
[623.469s][info][gc          ] GC(1283) Pause Young (Concurrent Start) (G1 Humongous Allocation) 207M->82M(650M) 37.193ms
[623.469s][info][gc          ] GC(1284) Concurrent Undo Cycle
[623.469s][info][gc,marking  ] GC(1284) Concurrent Clear Claimed Marks
[623.469s][info][gc,marking  ] GC(1284) Concurrent Clear Claimed Marks 0.039ms
[623.469s][info][gc,marking  ] GC(1284) Concurrent Cleanup for Next Mark
[623.469s][info][gc,cpu      ] GC(1283) User=0.05s Sys=0.01s Real=0.03s
[623.469s][info][gc,marking  ] GC(1284) Concurrent Cleanup for Next Mark 0.187ms
[623.469s][info][gc          ] GC(1284) Concurrent Undo Cycle 0.265ms
[623.643s][info][gc,start    ] GC(1285) Pause Young (Concurrent Start) (G1 Humongous Allocation)
[623.643s][info][gc,task     ] GC(1285) Using 2 workers of 2 for evacuation
[623.680s][info][gc,phases   ] GC(1285)   Pre Evacuate Collection Set: 0.29ms
[623.680s][info][gc,phases   ] GC(1285)   Merge Heap Roots: 0.06ms
[623.680s][info][gc,phases   ] GC(1285)   Evacuate Collection Set: 35.11ms
[623.680s][info][gc,phases   ] GC(1285)   Post Evacuate Collection Set: 0.80ms
[623.680s][info][gc,phases   ] GC(1285)   Other: 0.11ms
[623.680s][info][gc,heap     ] GC(1285) Eden regions: 21->0(362)
[623.680s][info][gc,heap     ] GC(1285) Survivor regions: 26->28(49)
[623.680s][info][gc,heap     ] GC(1285) Old regions: 57->59
[623.680s][info][gc,heap     ] GC(1285) Humongous regions: 107->1
[623.680s][info][gc,metaspace] GC(1285) Metaspace: 43217K(43712K)->43217K(43712K) NonClass: 38874K(39168K)->38874K(39168K) Class: 4343K(4544K)->4343K(4544K)
[623.680s][info][gc          ] GC(1285) Pause Young (Concurrent Start) (G1 Humongous Allocation) 208M->86M(650M) 36.631ms
[623.680s][info][gc          ] GC(1286) Concurrent Undo Cycle
[623.680s][info][gc,marking  ] GC(1286) Concurrent Clear Claimed Marks
[623.680s][info][gc,marking  ] GC(1286) Concurrent Clear Claimed Marks 0.040ms
[623.680s][info][gc,marking  ] GC(1286) Concurrent Cleanup for Next Mark
[623.680s][info][gc,cpu      ] GC(1285) User=0.06s Sys=0.01s Real=0.03s
[623.682s][info][gc,marking  ] GC(1286) Concurrent Cleanup for Next Mark 2.460ms
[623.683s][info][gc          ] GC(1286) Concurrent Undo Cycle 2.567ms
[623.859s][info][gc,start    ] GC(1287) Pause Young (Concurrent Start) (G1 Humongous Allocation)
[623.859s][info][gc,task     ] GC(1287) Using 2 workers of 2 for evacuation
[623.892s][info][gc,phases   ] GC(1287)   Pre Evacuate Collection Set: 0.27ms
[623.892s][info][gc,phases   ] GC(1287)   Merge Heap Roots: 0.06ms
[623.892s][info][gc,phases   ] GC(1287)   Evacuate Collection Set: 31.65ms
[623.892s][info][gc,phases   ] GC(1287)   Post Evacuate Collection Set: 0.54ms
[623.892s][info][gc,phases   ] GC(1287)   Other: 0.18ms
[623.892s][info][gc,heap     ] GC(1287) Eden regions: 23->0(363)
[623.892s][info][gc,heap     ] GC(1287) Survivor regions: 28->27(49)
[623.892s][info][gc,heap     ] GC(1287) Old regions: 59->64
[623.892s][info][gc,heap     ] GC(1287) Humongous regions: 107->1
[623.892s][info][gc,metaspace] GC(1287) Metaspace: 43217K(43712K)->43217K(43712K) NonClass: 38874K(39168K)->38874K(39168K) Class: 4343K(4544K)->4343K(4544K)
[623.892s][info][gc          ] GC(1287) Pause Young (Concurrent Start) (G1 Humongous Allocation) 214M->90M(650M) 32.903ms
[623.892s][info][gc,cpu      ] GC(1287) User=0.06s Sys=0.00s Real=0.04s
[623.892s][info][gc          ] GC(1288) Concurrent Undo Cycle
[623.892s][info][gc,marking  ] GC(1288) Concurrent Clear Claimed Marks
[623.892s][info][gc,marking  ] GC(1288) Concurrent Clear Claimed Marks 0.041ms
[623.892s][info][gc,marking  ] GC(1288) Concurrent Cleanup for Next Mark
[623.892s][info][gc,marking  ] GC(1288) Concurrent Cleanup for Next Mark 0.146ms
[623.892s][info][gc          ] GC(1288) Concurrent Undo Cycle 0.316ms
[625.054s][info][gc,start    ] GC(1289) Pause Young (Normal) (G1 Evacuation Pause)
[625.054s][info][gc,task     ] GC(1289) Using 2 workers of 2 for evacuation
[625.091s][info][gc,phases   ] GC(1289)   Pre Evacuate Collection Set: 0.25ms
[625.091s][info][gc,phases   ] GC(1289)   Merge Heap Roots: 0.14ms
[625.091s][info][gc,phases   ] GC(1289)   Evacuate Collection Set: 34.98ms
[625.091s][info][gc,phases   ] GC(1289)   Post Evacuate Collection Set: 1.38ms
[625.091s][info][gc,phases   ] GC(1289)   Other: 0.09ms
[625.091s][info][gc,heap     ] GC(1289) Eden regions: 363->0(395)
[625.091s][info][gc,heap     ] GC(1289) Survivor regions: 27->34(49)
[625.091s][info][gc,heap     ] GC(1289) Old regions: 64->67
[625.091s][info][gc,heap     ] GC(1289) Humongous regions: 61->1
[625.091s][info][gc,metaspace] GC(1289) Metaspace: 43228K(43712K)->43228K(43712K) NonClass: 38884K(39168K)->38884K(39168K) Class: 4343K(4544K)->4343K(4544K)
[625.091s][info][gc          ] GC(1289) Pause Young (Normal) (G1 Evacuation Pause) 513M->100M(716M) 37.056ms
[625.091s][info][gc,cpu      ] GC(1289) User=0.07s Sys=0.01s Real=0.04s
[626.111s][info][gc,start    ] GC(1290) Pause Young (Normal) (G1 Evacuation Pause)
[626.111s][info][gc,task     ] GC(1290) Using 2 workers of 2 for evacuation
[626.144s][info][gc,phases   ] GC(1290)   Pre Evacuate Collection Set: 0.43ms
[626.145s][info][gc,phases   ] GC(1290)   Merge Heap Roots: 0.15ms
[626.145s][info][gc,phases   ] GC(1290)   Evacuate Collection Set: 31.80ms
[626.145s][info][gc,phases   ] GC(1290)   Post Evacuate Collection Set: 0.77ms
[626.145s][info][gc,phases   ] GC(1290)   Other: 0.09ms
[626.145s][info][gc,heap     ] GC(1290) Eden regions: 395->0(401)
[626.145s][info][gc,heap     ] GC(1290) Survivor regions: 34->28(54)
[626.145s][info][gc,heap     ] GC(1290) Old regions: 67->75
[626.145s][info][gc,heap     ] GC(1290) Humongous regions: 1->1
[626.145s][info][gc,metaspace] GC(1290) Metaspace: 43228K(43712K)->43228K(43712K) NonClass: 38884K(39168K)->38884K(39168K) Class: 4343K(4544K)->4343K(4544K)
[626.145s][info][gc          ] GC(1290) Pause Young (Normal) (G1 Evacuation Pause) 495M->102M(716M) 33.461ms
[626.145s][info][gc,cpu      ] GC(1290) User=0.06s Sys=0.00s Real=0.03s
[627.195s][info][gc,start    ] GC(1291) Pause Young (Normal) (G1 Evacuation Pause)
[627.195s][info][gc,task     ] GC(1291) Using 2 workers of 2 for evacuation
[627.221s][info][gc,phases   ] GC(1291)   Pre Evacuate Collection Set: 0.31ms
[627.221s][info][gc,phases   ] GC(1291)   Merge Heap Roots: 0.14ms
[627.222s][info][gc,phases   ] GC(1291)   Evacuate Collection Set: 24.93ms
[627.222s][info][gc,phases   ] GC(1291)   Post Evacuate Collection Set: 0.89ms
[627.222s][info][gc,phases   ] GC(1291)   Other: 0.11ms
[627.222s][info][gc,heap     ] GC(1291) Eden regions: 401->0(401)
[627.222s][info][gc,heap     ] GC(1291) Survivor regions: 28->28(54)
[627.222s][info][gc,heap     ] GC(1291) Old regions: 75->79
[627.222s][info][gc,heap     ] GC(1291) Humongous regions: 1->1
[627.222s][info][gc,metaspace] GC(1291) Metaspace: 43228K(43712K)->43228K(43712K) NonClass: 38884K(39168K)->38884K(39168K) Class: 4343K(4544K)->4343K(4544K)
[627.222s][info][gc          ] GC(1291) Pause Young (Normal) (G1 Evacuation Pause) 503M->106M(716M) 26.631ms
[627.222s][info][gc,cpu      ] GC(1291) User=0.05s Sys=0.00s Real=0.03s
[629.257s][info][gc,start    ] GC(1292) Pause Young (Normal) (G1 Evacuation Pause)
[629.257s][info][gc,task     ] GC(1292) Using 2 workers of 2 for evacuation
[629.299s][info][gc,phases   ] GC(1292)   Pre Evacuate Collection Set: 0.28ms
[629.300s][info][gc,phases   ] GC(1292)   Merge Heap Roots: 0.16ms
[629.300s][info][gc,phases   ] GC(1292)   Evacuate Collection Set: 40.65ms
[629.300s][info][gc,phases   ] GC(1292)   Post Evacuate Collection Set: 0.98ms
[629.300s][info][gc,phases   ] GC(1292)   Other: 0.08ms
[629.300s][info][gc,heap     ] GC(1292) Eden regions: 401->0(388)
[629.300s][info][gc,heap     ] GC(1292) Survivor regions: 28->41(54)
[629.300s][info][gc,heap     ] GC(1292) Old regions: 79->79
[629.300s][info][gc,heap     ] GC(1292) Humongous regions: 13->3
[629.300s][info][gc,metaspace] GC(1292) Metaspace: 43234K(43712K)->43234K(43712K) NonClass: 38891K(39168K)->38891K(39168K) Class: 4343K(4544K)->4343K(4544K)
[629.300s][info][gc          ] GC(1292) Pause Young (Normal) (G1 Evacuation Pause) 519M->121M(716M) 42.347ms
[629.300s][info][gc,cpu      ] GC(1292) User=0.08s Sys=0.00s Real=0.04s
[630.277s][info][gc,start    ] GC(1293) Pause Young (Normal) (G1 Evacuation Pause)
[630.277s][info][gc,task     ] GC(1293) Using 2 workers of 2 for evacuation
[630.371s][info][gc,phases   ] GC(1293)   Pre Evacuate Collection Set: 0.27ms
[630.371s][info][gc,phases   ] GC(1293)   Merge Heap Roots: 0.20ms
[630.371s][info][gc,phases   ] GC(1293)   Evacuate Collection Set: 92.39ms
[630.371s][info][gc,phases   ] GC(1293)   Post Evacuate Collection Set: 0.86ms
[630.371s][info][gc,phases   ] GC(1293)   Other: 0.11ms
[630.371s][info][gc,heap     ] GC(1293) Eden regions: 388->0(375)
[630.371s][info][gc,heap     ] GC(1293) Survivor regions: 41->54(54)
[630.371s][info][gc,heap     ] GC(1293) Old regions: 79->107
[630.371s][info][gc,heap     ] GC(1293) Humongous regions: 6->6
[630.371s][info][gc,metaspace] GC(1293) Metaspace: 43234K(43712K)->43234K(43712K) NonClass: 38891K(39168K)->38891K(39168K) Class: 4343K(4544K)->4343K(4544K)
[630.371s][info][gc          ] GC(1293) Pause Young (Normal) (G1 Evacuation Pause) 512M->166M(716M) 94.038ms
[630.371s][info][gc,cpu      ] GC(1293) User=0.19s Sys=0.00s Real=0.10s
[630.951s][info][gc,heap,exit] Heap
[630.951s][info][gc,heap,exit]  garbage-first heap   total reserved 1001472K, committed 733184K, used 383880K [0x00000000c2e00000, 0x0000000100000000)
[630.951s][info][gc,heap,exit]   region size 1024K, 258 young (264192K), 54 survivors (55296K)
[630.951s][info][gc,heap,exit]  Metaspace       used 43376K, committed 43776K, reserved 1114112K
[630.951s][info][gc,heap,exit]   class space    used 4369K, committed 4544K, reserved 1048576K
