[0.002s][info][metaspace]  - commit_granule_bytes: 65536.
[0.002s][info][metaspace]  - commit_granule_words: 8192.
[0.002s][info][metaspace]  - virtual_space_node_default_size: 8388608.
[0.002s][info][metaspace]  - enlarge_chunks_in_place: 1.
[0.005s][info][gc,init  ] CardTable entry size: 512
[0.008s][info][gc       ] Using G1
[0.012s][info][gc,init  ] Version: 24-internal-adhoc.root.jdk (release)
[0.012s][info][gc,init  ] CPUs: 2 total, 2 available
[0.012s][info][gc,init  ] Memory: 3908M
[0.012s][info][gc,init  ] Large Page Support: Disabled
[0.012s][info][gc,init  ] NUMA Support: Disabled
[0.012s][info][gc,init  ] Compressed Oops: Enabled (32-bit)
[0.012s][info][gc,init  ] Heap Region Size: 1M
[0.012s][info][gc,init  ] Heap Min Capacity: 256M
[0.012s][info][gc,init  ] Heap Initial Capacity: 256M
[0.012s][info][gc,init  ] Heap Max Capacity: 978M
[0.012s][info][gc,init  ] Pre-touch: Disabled
[0.012s][info][gc,init  ] Parallel Workers: 2
[0.012s][info][gc,init  ] Concurrent Workers: 1
[0.012s][info][gc,init  ] Concurrent Refinement Workers: 2
[0.012s][info][gc,init  ] Periodic GC: Disabled
[0.028s][info][gc,metaspace] CDS archive(s) mapped at: [0x00007f728a000000-0x00007f728ae7b000-0x00007f728ae7b000), size 15183872, SharedBaseAddress: 0x00007f728a000000, ArchiveRelocationMode: 1.
[0.028s][info][gc,metaspace] Compressed class space mapped at: 0x00007f728b000000-0x00007f72cb000000, reserved size: 1073741824
[0.028s][info][gc,metaspace] UseCompressedClassPointers 1, UseCompactObjectHeaders 1
[0.028s][info][gc,metaspace] Narrow klass pointer bits 22, Max shift 10
[0.028s][info][gc,metaspace] Narrow klass base: 0x00007f728a000000, Narrow klass shift: 10
[0.028s][info][gc,metaspace] Encoding Range: [0x00007f728a000000 - 0x00007f738a000000), (4294967296 bytes)
[0.028s][info][gc,metaspace] Klass Range:    [0x00007f728a000000 - 0x00007f72cb000000), (1090519040 bytes)
[0.028s][info][gc,metaspace] Klass ID Range:  [1 - 1064960) (1064959)
[0.303s][info][gc,start    ] GC(0) Pause Young (Normal) (G1 Evacuation Pause)
[0.304s][info][gc,task     ] GC(0) Using 2 workers of 2 for evacuation
[0.307s][info][gc,phases   ] GC(0)   Pre Evacuate Collection Set: 0.18ms
[0.307s][info][gc,phases   ] GC(0)   Merge Heap Roots: 0.11ms
[0.307s][info][gc,phases   ] GC(0)   Evacuate Collection Set: 2.71ms
[0.307s][info][gc,phases   ] GC(0)   Post Evacuate Collection Set: 0.27ms
[0.307s][info][gc,phases   ] GC(0)   Other: 0.25ms
[0.307s][info][gc,heap     ] GC(0) Eden regions: 12->0(10)
[0.307s][info][gc,heap     ] GC(0) Survivor regions: 0->2(2)
[0.307s][info][gc,heap     ] GC(0) Old regions: 2->2
[0.307s][info][gc,heap     ] GC(0) Humongous regions: 0->0
[0.307s][info][gc,metaspace] GC(0) Metaspace: 2363K(2496K)->2363K(2496K) NonClass: 2037K(2112K)->2037K(2112K) Class: 325K(384K)->325K(384K)
[0.307s][info][gc          ] GC(0) Pause Young (Normal) (G1 Evacuation Pause) 13M->2M(258M) 3.748ms
[0.307s][info][gc,cpu      ] GC(0) User=0.00s Sys=0.00s Real=0.01s
[0.356s][info][gc,start    ] GC(1) Pause Young (Normal) (G1 Evacuation Pause)
[0.356s][info][gc,task     ] GC(1) Using 2 workers of 2 for evacuation
[0.360s][info][gc,phases   ] GC(1)   Pre Evacuate Collection Set: 0.16ms
[0.360s][info][gc,phases   ] GC(1)   Merge Heap Roots: 0.03ms
[0.360s][info][gc,phases   ] GC(1)   Evacuate Collection Set: 3.47ms
[0.360s][info][gc,phases   ] GC(1)   Post Evacuate Collection Set: 0.18ms
[0.360s][info][gc,phases   ] GC(1)   Other: 0.08ms
[0.360s][info][gc,heap     ] GC(1) Eden regions: 10->0(20)
[0.360s][info][gc,heap     ] GC(1) Survivor regions: 2->1(2)
[0.360s][info][gc,heap     ] GC(1) Old regions: 2->4
[0.360s][info][gc,heap     ] GC(1) Humongous regions: 0->0
[0.360s][info][gc,metaspace] GC(1) Metaspace: 2441K(2560K)->2441K(2560K) NonClass: 2114K(2176K)->2114K(2176K) Class: 327K(384K)->327K(384K)
[0.360s][info][gc          ] GC(1) Pause Young (Normal) (G1 Evacuation Pause) 12M->3M(258M) 4.107ms
[0.360s][info][gc,cpu      ] GC(1) User=0.01s Sys=0.00s Real=0.00s
[0.919s][info][gc,start    ] GC(2) Pause Young (Normal) (G1 Evacuation Pause)
[0.919s][info][gc,task     ] GC(2) Using 2 workers of 2 for evacuation
[0.922s][info][gc,phases   ] GC(2)   Pre Evacuate Collection Set: 0.19ms
[0.922s][info][gc,phases   ] GC(2)   Merge Heap Roots: 0.05ms
[0.922s][info][gc,phases   ] GC(2)   Evacuate Collection Set: 2.16ms
[0.922s][info][gc,phases   ] GC(2)   Post Evacuate Collection Set: 0.19ms
[0.922s][info][gc,phases   ] GC(2)   Other: 0.10ms
[0.922s][info][gc,heap     ] GC(2) Eden regions: 20->0(23)
[0.922s][info][gc,heap     ] GC(2) Survivor regions: 1->2(3)
[0.922s][info][gc,heap     ] GC(2) Old regions: 4->4
[0.922s][info][gc,heap     ] GC(2) Humongous regions: 0->0
[0.922s][info][gc,metaspace] GC(2) Metaspace: 4770K(4928K)->4770K(4928K) NonClass: 4123K(4224K)->4123K(4224K) Class: 646K(704K)->646K(704K)
[0.922s][info][gc          ] GC(2) Pause Young (Normal) (G1 Evacuation Pause) 23M->4M(258M) 2.864ms
[0.922s][info][gc,cpu      ] GC(2) User=0.01s Sys=0.01s Real=0.00s
[1.384s][info][gc,start    ] GC(3) Pause Young (Normal) (G1 Evacuation Pause)
[1.384s][info][gc,task     ] GC(3) Using 2 workers of 2 for evacuation
[1.390s][info][gc,phases   ] GC(3)   Pre Evacuate Collection Set: 0.14ms
[1.390s][info][gc,phases   ] GC(3)   Merge Heap Roots: 0.04ms
[1.390s][info][gc,phases   ] GC(3)   Evacuate Collection Set: 5.64ms
[1.390s][info][gc,phases   ] GC(3)   Post Evacuate Collection Set: 0.27ms
[1.390s][info][gc,phases   ] GC(3)   Other: 0.06ms
[1.390s][info][gc,heap     ] GC(3) Eden regions: 23->0(27)
[1.390s][info][gc,heap     ] GC(3) Survivor regions: 2->4(4)
[1.390s][info][gc,heap     ] GC(3) Old regions: 4->4
[1.390s][info][gc,heap     ] GC(3) Humongous regions: 0->0
[1.390s][info][gc,metaspace] GC(3) Metaspace: 8812K(9088K)->8812K(9088K) NonClass: 7601K(7744K)->7601K(7744K) Class: 1211K(1344K)->1211K(1344K)
[1.390s][info][gc          ] GC(3) Pause Young (Normal) (G1 Evacuation Pause) 27M->6M(258M) 6.332ms
[1.390s][info][gc,cpu      ] GC(3) User=0.01s Sys=0.01s Real=0.01s
[2.029s][info][gc,start    ] GC(4) Pause Young (Normal) (G1 Evacuation Pause)
[2.029s][info][gc,task     ] GC(4) Using 2 workers of 2 for evacuation
[2.041s][info][gc,phases   ] GC(4)   Pre Evacuate Collection Set: 0.17ms
[2.041s][info][gc,phases   ] GC(4)   Merge Heap Roots: 0.06ms
[2.041s][info][gc,phases   ] GC(4)   Evacuate Collection Set: 10.92ms
[2.041s][info][gc,phases   ] GC(4)   Post Evacuate Collection Set: 0.47ms
[2.041s][info][gc,phases   ] GC(4)   Other: 0.07ms
[2.041s][info][gc,heap     ] GC(4) Eden regions: 27->0(36)
[2.041s][info][gc,heap     ] GC(4) Survivor regions: 4->3(4)
[2.041s][info][gc,heap     ] GC(4) Old regions: 4->8
[2.041s][info][gc,heap     ] GC(4) Humongous regions: 0->0
[2.041s][info][gc,metaspace] GC(4) Metaspace: 17184K(17536K)->17184K(17536K) NonClass: 15023K(15232K)->15023K(15232K) Class: 2161K(2304K)->2161K(2304K)
[2.041s][info][gc          ] GC(4) Pause Young (Normal) (G1 Evacuation Pause) 33M->9M(258M) 11.907ms
[2.041s][info][gc,cpu      ] GC(4) User=0.01s Sys=0.00s Real=0.01s
[5.548s][info][metaspace   ] ChkMgr @0x00007f7300162700 (non-class-space): failed to commit 687 words on chunk @0x00007f73007cad58, f, base 0x00007f7281240000, level lv10.
[5.548s][info][metaspace   ] Arena @0x00007f7300603300 (non-class arena): failed to allocate new chunk for requested word size 687.
[5.548s][info][metaspace   ] Arena @0x00007f7300603300 (non-class arena): allocation failed, returned null.
[5.548s][info][metaspace   ] ChkMgr @0x00007f7300162700 (non-class-space): failed to commit 687 words on chunk @0x00007f73007cad58, f, base 0x00007f7281240000, level lv10.
[5.548s][info][metaspace   ] Arena @0x00007f7300603300 (non-class arena): failed to allocate new chunk for requested word size 687.
[5.548s][info][metaspace   ] Arena @0x00007f7300603300 (non-class arena): allocation failed, returned null.
[5.548s][info][metaspace   ] ChkMgr @0x00007f7300162700 (non-class-space): failed to commit 687 words on chunk @0x00007f73007cad58, f, base 0x00007f7281240000, level lv10.
[5.548s][info][metaspace   ] Arena @0x00007f7300603300 (non-class arena): failed to allocate new chunk for requested word size 687.
[5.548s][info][metaspace   ] Arena @0x00007f7300603300 (non-class arena): allocation failed, returned null.
[5.548s][info][gc,start    ] GC(5) Pause Young (Concurrent Start) (Metadata GC Threshold)
[5.548s][info][gc,task     ] GC(5) Using 2 workers of 2 for evacuation
[5.554s][info][gc,phases   ] GC(5)   Pre Evacuate Collection Set: 0.16ms
[5.554s][info][gc,phases   ] GC(5)   Merge Heap Roots: 0.04ms
[5.554s][info][gc,phases   ] GC(5)   Evacuate Collection Set: 5.79ms
[5.554s][info][gc,phases   ] GC(5)   Post Evacuate Collection Set: 0.38ms
[5.554s][info][gc,phases   ] GC(5)   Other: 0.09ms
[5.554s][info][gc,heap     ] GC(5) Eden regions: 33->0(47)
[5.554s][info][gc,heap     ] GC(5) Survivor regions: 3->3(5)
[5.554s][info][gc,heap     ] GC(5) Old regions: 8->8
[5.554s][info][gc,heap     ] GC(5) Humongous regions: 0->0
[5.554s][info][gc,metaspace] GC(5) Metaspace: 21100K(21504K)->21100K(21504K) NonClass: 18603K(18816K)->18603K(18816K) Class: 2496K(2688K)->2496K(2688K)
[5.554s][info][gc          ] GC(5) Pause Young (Concurrent Start) (Metadata GC Threshold) 41M->9M(258M) 6.629ms
[5.555s][info][gc,cpu      ] GC(5) User=0.02s Sys=0.00s Real=0.00s
[5.555s][info][metaspace   ] CLMS @0x00007f73006032d0 : GC threshold increased: 22020096->22347776.
[5.555s][info][gc          ] GC(6) Concurrent Mark Cycle
[5.555s][info][gc,marking  ] GC(6) Concurrent Scan Root Regions
[5.560s][info][gc,marking  ] GC(6) Concurrent Scan Root Regions 4.877ms
[5.560s][info][gc,marking  ] GC(6) Concurrent Mark
[5.560s][info][gc,marking  ] GC(6) Concurrent Mark From Roots
[5.560s][info][gc,task     ] GC(6) Using 1 workers of 1 for marking
[5.570s][info][gc,marking  ] GC(6) Concurrent Mark From Roots 10.466ms
[5.570s][info][gc,marking  ] GC(6) Concurrent Preclean
[5.570s][info][gc,marking  ] GC(6) Concurrent Preclean 0.032ms
[5.571s][info][gc,start    ] GC(6) Pause Remark
[5.574s][info][gc          ] GC(6) Pause Remark 10M->10M(256M) 3.406ms
[5.574s][info][gc,cpu      ] GC(6) User=0.01s Sys=0.00s Real=0.00s
[5.575s][info][gc,marking  ] GC(6) Concurrent Mark 15.303ms
[5.575s][info][gc,marking  ] GC(6) Concurrent Rebuild Remembered Sets and Scrub Regions
[5.580s][info][gc,marking  ] GC(6) Concurrent Rebuild Remembered Sets and Scrub Regions 5.174ms
[5.580s][info][gc,start    ] GC(6) Pause Cleanup
[5.581s][info][gc          ] GC(6) Pause Cleanup 10M->10M(256M) 0.053ms
[5.581s][info][gc,cpu      ] GC(6) User=0.00s Sys=0.00s Real=0.00s
[5.583s][info][gc,marking  ] GC(6) Concurrent Clear Claimed Marks
[5.583s][info][gc,marking  ] GC(6) Concurrent Clear Claimed Marks 0.039ms
[5.583s][info][gc,marking  ] GC(6) Concurrent Cleanup for Next Mark
[5.587s][info][gc,marking  ] GC(6) Concurrent Cleanup for Next Mark 3.625ms
[5.587s][info][gc          ] GC(6) Concurrent Mark Cycle 31.732ms
[6.381s][info][gc,start    ] GC(7) Pause Young (Prepare Mixed) (G1 Evacuation Pause)
[6.381s][info][gc,task     ] GC(7) Using 2 workers of 2 for evacuation
[6.392s][info][gc,phases   ] GC(7)   Pre Evacuate Collection Set: 0.16ms
[6.392s][info][gc,phases   ] GC(7)   Merge Heap Roots: 0.06ms
[6.392s][info][gc,phases   ] GC(7)   Evacuate Collection Set: 10.09ms
[6.392s][info][gc,phases   ] GC(7)   Post Evacuate Collection Set: 0.55ms
[6.392s][info][gc,phases   ] GC(7)   Other: 0.07ms
[6.392s][info][gc,heap     ] GC(7) Eden regions: 45->0(53)
[6.392s][info][gc,heap     ] GC(7) Survivor regions: 3->5(6)
[6.392s][info][gc,heap     ] GC(7) Old regions: 8->8
[6.392s][info][gc,heap     ] GC(7) Humongous regions: 0->0
[6.392s][info][gc,metaspace] GC(7) Metaspace: 23932K(24384K)->23932K(24384K) NonClass: 21142K(21440K)->21142K(21440K) Class: 2790K(2944K)->2790K(2944K)
[6.392s][info][gc          ] GC(7) Pause Young (Prepare Mixed) (G1 Evacuation Pause) 54M->11M(256M) 11.123ms
[6.392s][info][gc,cpu      ] GC(7) User=0.02s Sys=0.00s Real=0.01s
[6.908s][info][gc,start    ] GC(8) Pause Young (Mixed) (G1 Evacuation Pause)
[6.908s][info][gc,task     ] GC(8) Using 2 workers of 2 for evacuation
[6.921s][info][gc,phases   ] GC(8)   Pre Evacuate Collection Set: 0.16ms
[6.921s][info][gc,phases   ] GC(8)   Merge Heap Roots: 0.05ms
[6.921s][info][gc,phases   ] GC(8)   Evacuate Collection Set: 11.84ms
[6.921s][info][gc,phases   ] GC(8)   Post Evacuate Collection Set: 0.60ms
[6.921s][info][gc,phases   ] GC(8)   Other: 0.11ms
[6.921s][info][gc,heap     ] GC(8) Eden regions: 53->0(66)
[6.921s][info][gc,heap     ] GC(8) Survivor regions: 5->3(8)
[6.921s][info][gc,heap     ] GC(8) Old regions: 8->10
[6.921s][info][gc,heap     ] GC(8) Humongous regions: 0->0
[6.921s][info][gc,metaspace] GC(8) Metaspace: 24310K(24640K)->24310K(24640K) NonClass: 21508K(21696K)->21508K(21696K) Class: 2802K(2944K)->2802K(2944K)
[6.921s][info][gc          ] GC(8) Pause Young (Mixed) (G1 Evacuation Pause) 64M->11M(256M) 12.968ms
[6.921s][info][gc,cpu      ] GC(8) User=0.02s Sys=0.00s Real=0.01s
[7.453s][info][gc,start    ] GC(9) Pause Young (Normal) (G1 Evacuation Pause)
[7.453s][info][gc,task     ] GC(9) Using 2 workers of 2 for evacuation
[7.462s][info][gc,phases   ] GC(9)   Pre Evacuate Collection Set: 0.15ms
[7.462s][info][gc,phases   ] GC(9)   Merge Heap Roots: 0.05ms
[7.462s][info][gc,phases   ] GC(9)   Evacuate Collection Set: 8.52ms
[7.462s][info][gc,phases   ] GC(9)   Post Evacuate Collection Set: 0.38ms
[7.462s][info][gc,phases   ] GC(9)   Other: 0.11ms
[7.462s][info][gc,heap     ] GC(9) Eden regions: 68->0(78)
[7.462s][info][gc,heap     ] GC(9) Survivor regions: 3->5(9)
[7.462s][info][gc,heap     ] GC(9) Old regions: 10->10
[7.462s][info][gc,heap     ] GC(9) Humongous regions: 0->0
[7.462s][info][gc,metaspace] GC(9) Metaspace: 25706K(26176K)->25706K(26176K) NonClass: 22709K(22976K)->22709K(22976K) Class: 2996K(3200K)->2996K(3200K)
[7.462s][info][gc          ] GC(9) Pause Young (Normal) (G1 Evacuation Pause) 79M->13M(256M) 9.418ms
[7.462s][info][gc,cpu      ] GC(9) User=0.02s Sys=0.00s Real=0.01s
[8.184s][info][gc,start    ] GC(10) Pause Young (Concurrent Start) (G1 Humongous Allocation)
[8.184s][info][gc,task     ] GC(10) Using 2 workers of 2 for evacuation
[8.195s][info][gc,phases   ] GC(10)   Pre Evacuate Collection Set: 0.17ms
[8.196s][info][gc,phases   ] GC(10)   Merge Heap Roots: 0.05ms
[8.196s][info][gc,phases   ] GC(10)   Evacuate Collection Set: 10.33ms
[8.196s][info][gc,phases   ] GC(10)   Post Evacuate Collection Set: 0.60ms
[8.196s][info][gc,phases   ] GC(10)   Other: 0.14ms
[8.196s][info][gc,heap     ] GC(10) Eden regions: 65->0(112)
[8.196s][info][gc,heap     ] GC(10) Survivor regions: 5->6(11)
[8.196s][info][gc,heap     ] GC(10) Old regions: 10->10
[8.196s][info][gc,heap     ] GC(10) Humongous regions: 104->0
[8.196s][info][gc,metaspace] GC(10) Metaspace: 26026K(26496K)->26026K(26496K) NonClass: 23026K(23296K)->23026K(23296K) Class: 3000K(3200K)->3000K(3200K)
[8.196s][info][gc          ] GC(10) Pause Young (Concurrent Start) (G1 Humongous Allocation) 182M->14M(256M) 11.483ms
[8.196s][info][gc,cpu      ] GC(10) User=0.03s Sys=0.00s Real=0.02s
[8.196s][info][gc          ] GC(11) Concurrent Undo Cycle
[8.200s][info][gc,marking  ] GC(11) Concurrent Clear Claimed Marks
[8.200s][info][gc,marking  ] GC(11) Concurrent Clear Claimed Marks 0.046ms
[8.200s][info][gc,marking  ] GC(11) Concurrent Cleanup for Next Mark
[8.200s][info][gc,marking  ] GC(11) Concurrent Cleanup for Next Mark 0.095ms
[8.200s][info][gc          ] GC(11) Concurrent Undo Cycle 4.833ms
[9.199s][info][gc,start    ] GC(12) Pause Young (Normal) (G1 Evacuation Pause)
[9.200s][info][gc,task     ] GC(12) Using 2 workers of 2 for evacuation
[9.217s][info][gc,phases   ] GC(12)   Pre Evacuate Collection Set: 0.18ms
[9.217s][info][gc,phases   ] GC(12)   Merge Heap Roots: 0.05ms
[9.217s][info][gc,phases   ] GC(12)   Evacuate Collection Set: 16.55ms
[9.217s][info][gc,phases   ] GC(12)   Post Evacuate Collection Set: 0.56ms
[9.217s][info][gc,phases   ] GC(12)   Other: 0.10ms
[9.217s][info][gc,heap     ] GC(12) Eden regions: 113->0(108)
[9.217s][info][gc,heap     ] GC(12) Survivor regions: 6->9(15)
[9.217s][info][gc,heap     ] GC(12) Old regions: 10->10
[9.217s][info][gc,heap     ] GC(12) Humongous regions: 24->0
[9.217s][info][gc,metaspace] GC(12) Metaspace: 26689K(27136K)->26689K(27136K) NonClass: 23636K(23872K)->23636K(23872K) Class: 3052K(3264K)->3052K(3264K)
[9.217s][info][gc          ] GC(12) Pause Young (Normal) (G1 Evacuation Pause) 151M->17M(256M) 17.674ms
[9.217s][info][gc,cpu      ] GC(12) User=0.03s Sys=0.01s Real=0.02s
[11.015s][info][gc,start    ] GC(13) Pause Young (Normal) (G1 Evacuation Pause)
[11.015s][info][gc,task     ] GC(13) Using 2 workers of 2 for evacuation
[11.028s][info][gc,phases   ] GC(13)   Pre Evacuate Collection Set: 0.15ms
[11.028s][info][gc,phases   ] GC(13)   Merge Heap Roots: 0.07ms
[11.028s][info][gc,phases   ] GC(13)   Evacuate Collection Set: 12.17ms
[11.028s][info][gc,phases   ] GC(13)   Post Evacuate Collection Set: 0.51ms
[11.028s][info][gc,phases   ] GC(13)   Other: 0.07ms
[11.028s][info][gc,heap     ] GC(13) Eden regions: 109->0(143)
[11.028s][info][gc,heap     ] GC(13) Survivor regions: 9->10(15)
[11.028s][info][gc,heap     ] GC(13) Old regions: 10->10
[11.028s][info][gc,heap     ] GC(13) Humongous regions: 0->0
[11.028s][info][gc,metaspace] GC(13) Metaspace: 28443K(28928K)->28443K(28928K) NonClass: 25232K(25472K)->25232K(25472K) Class: 3210K(3456K)->3210K(3456K)
[11.028s][info][gc          ] GC(13) Pause Young (Normal) (G1 Evacuation Pause) 126M->19M(256M) 13.184ms
[11.028s][info][gc,cpu      ] GC(13) User=0.03s Sys=0.00s Real=0.01s
[12.200s][info][gc,start    ] GC(14) Pause Young (Normal) (G1 Evacuation Pause)
[12.200s][info][gc,task     ] GC(14) Using 2 workers of 2 for evacuation
[12.218s][info][gc,phases   ] GC(14)   Pre Evacuate Collection Set: 0.16ms
[12.218s][info][gc,phases   ] GC(14)   Merge Heap Roots: 0.06ms
[12.218s][info][gc,phases   ] GC(14)   Evacuate Collection Set: 16.04ms
[12.218s][info][gc,phases   ] GC(14)   Post Evacuate Collection Set: 0.65ms
[12.218s][info][gc,phases   ] GC(14)   Other: 0.11ms
[12.218s][info][gc,heap     ] GC(14) Eden regions: 143->0(137)
[12.218s][info][gc,heap     ] GC(14) Survivor regions: 10->16(20)
[12.218s][info][gc,heap     ] GC(14) Old regions: 10->10
[12.218s][info][gc,heap     ] GC(14) Humongous regions: 2->2
[12.218s][info][gc,metaspace] GC(14) Metaspace: 28596K(29056K)->28596K(29056K) NonClass: 25358K(25600K)->25358K(25600K) Class: 3237K(3456K)->3237K(3456K)
[12.218s][info][gc          ] GC(14) Pause Young (Normal) (G1 Evacuation Pause) 164M->26M(256M) 17.237ms
[12.218s][info][gc,cpu      ] GC(14) User=0.04s Sys=0.00s Real=0.02s
[12.690s][info][gc,start    ] GC(15) Pause Young (Normal) (G1 Evacuation Pause)
[12.690s][info][gc,task     ] GC(15) Using 2 workers of 2 for evacuation
[12.737s][info][gc,phases   ] GC(15)   Pre Evacuate Collection Set: 0.17ms
[12.737s][info][gc,phases   ] GC(15)   Merge Heap Roots: 0.07ms
[12.737s][info][gc,phases   ] GC(15)   Evacuate Collection Set: 46.32ms
[12.737s][info][gc,phases   ] GC(15)   Post Evacuate Collection Set: 0.74ms
[12.737s][info][gc,phases   ] GC(15)   Other: 0.15ms
[12.737s][info][gc,heap     ] GC(15) Eden regions: 137->0(133)
[12.737s][info][gc,heap     ] GC(15) Survivor regions: 16->20(20)
[12.737s][info][gc,heap     ] GC(15) Old regions: 10->22
[12.737s][info][gc,heap     ] GC(15) Humongous regions: 3->3
[12.737s][info][gc,metaspace] GC(15) Metaspace: 28629K(29120K)->28629K(29120K) NonClass: 25380K(25664K)->25380K(25664K) Class: 3248K(3456K)->3248K(3456K)
[12.737s][info][gc          ] GC(15) Pause Young (Normal) (G1 Evacuation Pause) 164M->44M(256M) 47.661ms
[12.737s][info][gc,cpu      ] GC(15) User=0.10s Sys=0.01s Real=0.05s
[12.740s][info][gc,start    ] GC(16) Pause Young (Normal) (G1 Evacuation Pause)
[12.740s][info][gc,task     ] GC(16) Using 2 workers of 2 for evacuation
[12.768s][info][gc,phases   ] GC(16)   Pre Evacuate Collection Set: 0.11ms
[12.768s][info][gc,phases   ] GC(16)   Merge Heap Roots: 0.14ms
[12.768s][info][gc,phases   ] GC(16)   Evacuate Collection Set: 27.63ms
[12.768s][info][gc,phases   ] GC(16)   Post Evacuate Collection Set: 0.35ms
[12.768s][info][gc,phases   ] GC(16)   Other: 0.06ms
[12.769s][info][gc,heap     ] GC(16) Eden regions: 1->0(148)
[12.769s][info][gc,heap     ] GC(16) Survivor regions: 20->1(3)
[12.769s][info][gc,heap     ] GC(16) Old regions: 22->42
[12.769s][info][gc,heap     ] GC(16) Humongous regions: 3->3
[12.769s][info][gc,metaspace] GC(16) Metaspace: 28629K(29120K)->28629K(29120K) NonClass: 25380K(25664K)->25380K(25664K) Class: 3248K(3456K)->3248K(3456K)
[12.769s][info][gc          ] GC(16) Pause Young (Normal) (G1 Evacuation Pause) 45M->45M(256M) 28.507ms
[12.769s][info][gc,cpu      ] GC(16) User=0.06s Sys=0.00s Real=0.03s
[13.317s][info][gc,start    ] GC(17) Pause Young (Normal) (G1 Evacuation Pause)
[13.317s][info][gc,task     ] GC(17) Using 2 workers of 2 for evacuation
[13.342s][info][gc,phases   ] GC(17)   Pre Evacuate Collection Set: 0.13ms
[13.342s][info][gc,phases   ] GC(17)   Merge Heap Roots: 0.16ms
[13.342s][info][gc,phases   ] GC(17)   Evacuate Collection Set: 24.36ms
[13.342s][info][gc,phases   ] GC(17)   Post Evacuate Collection Set: 0.41ms
[13.342s][info][gc,phases   ] GC(17)   Other: 0.09ms
[13.342s][info][gc,heap     ] GC(17) Eden regions: 148->0(135)
[13.342s][info][gc,heap     ] GC(17) Survivor regions: 1->18(19)
[13.342s][info][gc,heap     ] GC(17) Old regions: 42->42
[13.342s][info][gc,heap     ] GC(17) Humongous regions: 5->5
[13.342s][info][gc,metaspace] GC(17) Metaspace: 28685K(29184K)->28685K(29184K) NonClass: 25431K(25728K)->25431K(25728K) Class: 3254K(3456K)->3254K(3456K)
[13.342s][info][gc          ] GC(17) Pause Young (Normal) (G1 Evacuation Pause) 195M->64M(256M) 25.385ms
[13.342s][info][gc,cpu      ] GC(17) User=0.05s Sys=0.00s Real=0.02s
[13.765s][info][gc,start    ] GC(18) Pause Young (Normal) (G1 Evacuation Pause)
[13.765s][info][gc,task     ] GC(18) Using 2 workers of 2 for evacuation
[13.816s][info][gc,phases   ] GC(18)   Pre Evacuate Collection Set: 0.17ms
[13.816s][info][gc,phases   ] GC(18)   Merge Heap Roots: 0.11ms
[13.816s][info][gc,phases   ] GC(18)   Evacuate Collection Set: 50.92ms
[13.816s][info][gc,phases   ] GC(18)   Post Evacuate Collection Set: 0.49ms
[13.817s][info][gc,phases   ] GC(18)   Other: 0.09ms
[13.817s][info][gc,heap     ] GC(18) Eden regions: 135->0(130)
[13.817s][info][gc,heap     ] GC(18) Survivor regions: 18->16(20)
[13.817s][info][gc,heap     ] GC(18) Old regions: 42->60
[13.817s][info][gc,heap     ] GC(18) Humongous regions: 5->5
[13.817s][info][gc,metaspace] GC(18) Metaspace: 28687K(29184K)->28687K(29184K) NonClass: 25433K(25728K)->25433K(25728K) Class: 3254K(3456K)->3254K(3456K)
[13.817s][info][gc          ] GC(18) Pause Young (Normal) (G1 Evacuation Pause) 199M->80M(256M) 51.988ms
[13.817s][info][gc,cpu      ] GC(18) User=0.10s Sys=0.00s Real=0.06s
[14.257s][info][gc,start    ] GC(19) Pause Young (Normal) (G1 Evacuation Pause)
[14.257s][info][gc,task     ] GC(19) Using 2 workers of 2 for evacuation
[14.307s][info][gc,phases   ] GC(19)   Pre Evacuate Collection Set: 0.20ms
[14.307s][info][gc,phases   ] GC(19)   Merge Heap Roots: 0.14ms
[14.307s][info][gc,phases   ] GC(19)   Evacuate Collection Set: 46.45ms
[14.307s][info][gc,phases   ] GC(19)   Post Evacuate Collection Set: 3.72ms
[14.308s][info][gc,phases   ] GC(19)   Other: 0.09ms
[14.308s][info][gc,heap     ] GC(19) Eden regions: 130->0(288)
[14.308s][info][gc,heap     ] GC(19) Survivor regions: 16->15(19)
[14.308s][info][gc,heap     ] GC(19) Old regions: 60->76
[14.308s][info][gc,heap     ] GC(19) Humongous regions: 9->9
[14.308s][info][gc,metaspace] GC(19) Metaspace: 28687K(29184K)->28687K(29184K) NonClass: 25433K(25728K)->25433K(25728K) Class: 3254K(3456K)->3254K(3456K)
[14.308s][info][gc          ] GC(19) Pause Young (Normal) (G1 Evacuation Pause) 214M->99M(525M) 50.805ms
[14.308s][info][gc,cpu      ] GC(19) User=0.09s Sys=0.01s Real=0.05s
[16.795s][info][gc,start    ] GC(20) Pause Young (Normal) (G1 Evacuation Pause)
[16.795s][info][gc,task     ] GC(20) Using 2 workers of 2 for evacuation
[16.858s][info][gc,phases   ] GC(20)   Pre Evacuate Collection Set: 0.25ms
[16.858s][info][gc,phases   ] GC(20)   Merge Heap Roots: 0.21ms
[16.858s][info][gc,phases   ] GC(20)   Evacuate Collection Set: 61.75ms
[16.858s][info][gc,phases   ] GC(20)   Post Evacuate Collection Set: 0.49ms
[16.858s][info][gc,phases   ] GC(20)   Other: 0.12ms
[16.858s][info][gc,heap     ] GC(20) Eden regions: 206->0(207)
[16.858s][info][gc,heap     ] GC(20) Survivor regions: 15->22(28)
[16.858s][info][gc,heap     ] GC(20) Old regions: 76->91
[16.858s][info][gc,heap     ] GC(20) Humongous regions: 17->15
[16.858s][info][gc,metaspace] GC(20) Metaspace: 28725K(29184K)->28725K(29184K) NonClass: 25471K(25728K)->25471K(25728K) Class: 3254K(3456K)->3254K(3456K)
[16.858s][info][gc          ] GC(20) Pause Young (Normal) (G1 Evacuation Pause) 313M->127M(525M) 63.071ms
[16.858s][info][gc,cpu      ] GC(20) User=0.10s Sys=0.02s Real=0.06s
[18.308s][info][gc,start    ] GC(21) Pause Young (Normal) (G1 Evacuation Pause)
[18.308s][info][gc,task     ] GC(21) Using 2 workers of 2 for evacuation
[18.360s][info][gc,phases   ] GC(21)   Pre Evacuate Collection Set: 0.76ms
[18.360s][info][gc,phases   ] GC(21)   Merge Heap Roots: 0.18ms
[18.360s][info][gc,phases   ] GC(21)   Evacuate Collection Set: 50.66ms
[18.360s][info][gc,phases   ] GC(21)   Post Evacuate Collection Set: 0.48ms
[18.360s][info][gc,phases   ] GC(21)   Other: 0.12ms
[18.360s][info][gc,heap     ] GC(21) Eden regions: 188->0(251)
[18.360s][info][gc,heap     ] GC(21) Survivor regions: 22->18(27)
[18.360s][info][gc,heap     ] GC(21) Old regions: 91->113
[18.360s][info][gc,heap     ] GC(21) Humongous regions: 15->15
[18.360s][info][gc,metaspace] GC(21) Metaspace: 28748K(29184K)->28748K(29184K) NonClass: 25491K(25728K)->25491K(25728K) Class: 3257K(3456K)->3257K(3456K)
[18.360s][info][gc          ] GC(21) Pause Young (Normal) (G1 Evacuation Pause) 315M->145M(525M) 52.411ms
[18.360s][info][gc,cpu      ] GC(21) User=0.10s Sys=0.00s Real=0.05s
[20.225s][info][gc,start    ] GC(22) Pause Young (Normal) (G1 Evacuation Pause)
[20.225s][info][gc,task     ] GC(22) Using 2 workers of 2 for evacuation
[20.268s][info][gc,phases   ] GC(22)   Pre Evacuate Collection Set: 0.31ms
[20.268s][info][gc,phases   ] GC(22)   Merge Heap Roots: 0.13ms
[20.268s][info][gc,phases   ] GC(22)   Evacuate Collection Set: 42.61ms
[20.268s][info][gc,phases   ] GC(22)   Post Evacuate Collection Set: 0.47ms
[20.268s][info][gc,phases   ] GC(22)   Other: 0.12ms
[20.268s][info][gc,heap     ] GC(22) Eden regions: 251->0(233)
[20.268s][info][gc,heap     ] GC(22) Survivor regions: 18->28(34)
[20.268s][info][gc,heap     ] GC(22) Old regions: 113->131
[20.268s][info][gc,heap     ] GC(22) Humongous regions: 16->16
[20.268s][info][gc,metaspace] GC(22) Metaspace: 28823K(29312K)->28823K(29312K) NonClass: 25564K(25792K)->25564K(25792K) Class: 3258K(3520K)->3258K(3520K)
[20.269s][info][gc          ] GC(22) Pause Young (Normal) (G1 Evacuation Pause) 397M->174M(525M) 43.848ms
[20.269s][info][gc,cpu      ] GC(22) User=0.08s Sys=0.00s Real=0.05s
[21.611s][info][gc,start    ] GC(23) Pause Young (Normal) (G1 Evacuation Pause)
[21.611s][info][gc,task     ] GC(23) Using 2 workers of 2 for evacuation
[21.663s][info][gc,phases   ] GC(23)   Pre Evacuate Collection Set: 0.23ms
[21.663s][info][gc,phases   ] GC(23)   Merge Heap Roots: 0.12ms
[21.663s][info][gc,phases   ] GC(23)   Evacuate Collection Set: 50.98ms
[21.663s][info][gc,phases   ] GC(23)   Post Evacuate Collection Set: 0.53ms
[21.663s][info][gc,phases   ] GC(23)   Other: 0.12ms
[21.663s][info][gc,heap     ] GC(23) Eden regions: 233->0(225)
[21.663s][info][gc,heap     ] GC(23) Survivor regions: 28->28(33)
[21.663s][info][gc,heap     ] GC(23) Old regions: 131->156
[21.663s][info][gc,heap     ] GC(23) Humongous regions: 18->18
[21.663s][info][gc,metaspace] GC(23) Metaspace: 28877K(29376K)->28877K(29376K) NonClass: 25612K(25856K)->25612K(25856K) Class: 3265K(3520K)->3265K(3520K)
[21.663s][info][gc          ] GC(23) Pause Young (Normal) (G1 Evacuation Pause) 409M->201M(525M) 52.196ms
[21.663s][info][gc,cpu      ] GC(23) User=0.10s Sys=0.00s Real=0.05s
[22.328s][info][gc,start    ] GC(24) Pause Young (Normal) (G1 Evacuation Pause)
[22.328s][info][gc,task     ] GC(24) Using 2 workers of 2 for evacuation
[22.386s][info][gc,phases   ] GC(24)   Pre Evacuate Collection Set: 0.32ms
[22.386s][info][gc,phases   ] GC(24)   Merge Heap Roots: 0.14ms
[22.386s][info][gc,phases   ] GC(24)   Evacuate Collection Set: 57.19ms
[22.386s][info][gc,phases   ] GC(24)   Post Evacuate Collection Set: 0.53ms
[22.386s][info][gc,phases   ] GC(24)   Other: 0.08ms
[22.386s][info][gc,heap     ] GC(24) Eden regions: 225->0(212)
[22.386s][info][gc,heap     ] GC(24) Survivor regions: 28->27(32)
[22.386s][info][gc,heap     ] GC(24) Old regions: 156->183
[22.386s][info][gc,heap     ] GC(24) Humongous regions: 21->21
[22.386s][info][gc,metaspace] GC(24) Metaspace: 28879K(29376K)->28879K(29376K) NonClass: 25614K(25856K)->25614K(25856K) Class: 3265K(3520K)->3265K(3520K)
[22.386s][info][gc          ] GC(24) Pause Young (Normal) (G1 Evacuation Pause) 429M->230M(525M) 58.478ms
[22.386s][info][gc,cpu      ] GC(24) User=0.11s Sys=0.00s Real=0.06s
[22.990s][info][gc,start    ] GC(25) Pause Young (Normal) (G1 Evacuation Pause)
[22.990s][info][gc,task     ] GC(25) Using 2 workers of 2 for evacuation
[23.056s][info][gc,phases   ] GC(25)   Pre Evacuate Collection Set: 0.22ms
[23.056s][info][gc,phases   ] GC(25)   Merge Heap Roots: 0.15ms
[23.056s][info][gc,phases   ] GC(25)   Evacuate Collection Set: 64.90ms
[23.056s][info][gc,phases   ] GC(25)   Post Evacuate Collection Set: 0.51ms
[23.056s][info][gc,phases   ] GC(25)   Other: 0.08ms
[23.056s][info][gc,heap     ] GC(25) Eden regions: 212->0(196)
[23.056s][info][gc,heap     ] GC(25) Survivor regions: 27->25(30)
[23.056s][info][gc,heap     ] GC(25) Old regions: 183->210
[23.056s][info][gc,heap     ] GC(25) Humongous regions: 25->25
[23.056s][info][gc,metaspace] GC(25) Metaspace: 28880K(29376K)->28880K(29376K) NonClass: 25615K(25856K)->25615K(25856K) Class: 3265K(3520K)->3265K(3520K)
[23.056s][info][gc          ] GC(25) Pause Young (Normal) (G1 Evacuation Pause) 446M->258M(525M) 66.065ms
[23.056s][info][gc,cpu      ] GC(25) User=0.13s Sys=0.00s Real=0.07s
[23.633s][info][gc,start    ] GC(26) Pause Young (Concurrent Start) (G1 Humongous Allocation)
[23.633s][info][gc,task     ] GC(26) Using 2 workers of 2 for evacuation
[23.696s][info][gc,phases   ] GC(26)   Pre Evacuate Collection Set: 0.26ms
[23.696s][info][gc,phases   ] GC(26)   Merge Heap Roots: 0.13ms
[23.696s][info][gc,phases   ] GC(26)   Evacuate Collection Set: 61.68ms
[23.696s][info][gc,phases   ] GC(26)   Post Evacuate Collection Set: 0.44ms
[23.696s][info][gc,phases   ] GC(26)   Other: 0.10ms
[23.696s][info][gc,heap     ] GC(26) Eden regions: 157->0(172)
[23.696s][info][gc,heap     ] GC(26) Survivor regions: 25->27(28)
[23.696s][info][gc,heap     ] GC(26) Old regions: 210->234
[23.696s][info][gc,heap     ] GC(26) Humongous regions: 26->26
[23.696s][info][gc,metaspace] GC(26) Metaspace: 28880K(29376K)->28880K(29376K) NonClass: 25615K(25856K)->25615K(25856K) Class: 3265K(3520K)->3265K(3520K)
[23.696s][info][gc          ] GC(26) Pause Young (Concurrent Start) (G1 Humongous Allocation) 416M->286M(525M) 62.886ms
[23.696s][info][gc          ] GC(27) Concurrent Mark Cycle
[23.696s][info][gc,marking  ] GC(27) Concurrent Scan Root Regions
[23.697s][info][gc,cpu      ] GC(26) User=0.12s Sys=0.00s Real=0.07s
[23.752s][info][gc,marking  ] GC(27) Concurrent Scan Root Regions 55.500ms
[23.752s][info][gc,marking  ] GC(27) Concurrent Mark
[23.752s][info][gc,marking  ] GC(27) Concurrent Mark From Roots
[23.752s][info][gc,task     ] GC(27) Using 1 workers of 1 for marking
[23.838s][info][gc,marking  ] GC(27) Concurrent Mark From Roots 86.137ms
[23.838s][info][gc,marking  ] GC(27) Concurrent Preclean
[23.838s][info][gc,marking  ] GC(27) Concurrent Preclean 0.047ms
[23.838s][info][gc,start    ] GC(27) Pause Remark
[23.851s][info][gc          ] GC(27) Pause Remark 294M->166M(525M) 12.651ms
[23.851s][info][gc,cpu      ] GC(27) User=0.03s Sys=0.00s Real=0.01s
[23.851s][info][gc,marking  ] GC(27) Concurrent Mark 99.283ms
[23.851s][info][gc,marking  ] GC(27) Concurrent Rebuild Remembered Sets and Scrub Regions
[23.911s][info][gc,marking  ] GC(27) Concurrent Rebuild Remembered Sets and Scrub Regions 60.429ms
[23.912s][info][gc,start    ] GC(27) Pause Cleanup
[23.912s][info][gc          ] GC(27) Pause Cleanup 169M->169M(525M) 0.097ms
[23.912s][info][gc,cpu      ] GC(27) User=0.00s Sys=0.00s Real=0.00s
[23.912s][info][gc,marking  ] GC(27) Concurrent Clear Claimed Marks
[23.912s][info][gc,marking  ] GC(27) Concurrent Clear Claimed Marks 0.043ms
[23.912s][info][gc,marking  ] GC(27) Concurrent Cleanup for Next Mark
[23.917s][info][gc,marking  ] GC(27) Concurrent Cleanup for Next Mark 4.742ms
[23.917s][info][gc          ] GC(27) Concurrent Mark Cycle 220.575ms
[25.296s][info][gc,start    ] GC(28) Pause Young (Prepare Mixed) (G1 Evacuation Pause)
[25.296s][info][gc,task     ] GC(28) Using 2 workers of 2 for evacuation
[25.330s][info][gc,phases   ] GC(28)   Pre Evacuate Collection Set: 0.27ms
[25.330s][info][gc,phases   ] GC(28)   Merge Heap Roots: 0.16ms
[25.330s][info][gc,phases   ] GC(28)   Evacuate Collection Set: 33.30ms
[25.330s][info][gc,phases   ] GC(28)   Post Evacuate Collection Set: 0.45ms
[25.330s][info][gc,phases   ] GC(28)   Other: 0.10ms
[25.330s][info][gc,heap     ] GC(28) Eden regions: 172->0(270)
[25.330s][info][gc,heap     ] GC(28) Survivor regions: 27->8(25)
[25.330s][info][gc,heap     ] GC(28) Old regions: 125->142
[25.330s][info][gc,heap     ] GC(28) Humongous regions: 14->12
[25.330s][info][gc,metaspace] GC(28) Metaspace: 28925K(29376K)->28925K(29376K) NonClass: 25660K(25856K)->25660K(25856K) Class: 3265K(3520K)->3265K(3520K)
[25.330s][info][gc          ] GC(28) Pause Young (Prepare Mixed) (G1 Evacuation Pause) 337M->161M(525M) 34.491ms
[25.330s][info][gc,cpu      ] GC(28) User=0.07s Sys=0.00s Real=0.03s
[26.943s][info][gc,start    ] GC(29) Pause Young (Mixed) (G1 Evacuation Pause)
[26.943s][info][gc,task     ] GC(29) Using 2 workers of 2 for evacuation
[26.959s][info][gc,phases   ] GC(29)   Pre Evacuate Collection Set: 0.24ms
[26.959s][info][gc,phases   ] GC(29)   Merge Heap Roots: 0.12ms
[26.959s][info][gc,phases   ] GC(29)   Evacuate Collection Set: 14.71ms
[26.959s][info][gc,phases   ] GC(29)   Post Evacuate Collection Set: 0.54ms
[26.959s][info][gc,phases   ] GC(29)   Other: 0.12ms
[26.959s][info][gc,heap     ] GC(29) Eden regions: 270->0(277)
[26.959s][info][gc,heap     ] GC(29) Survivor regions: 8->11(35)
[26.959s][info][gc,heap     ] GC(29) Old regions: 142->125
[26.959s][info][gc,heap     ] GC(29) Humongous regions: 12->12
[26.959s][info][gc,metaspace] GC(29) Metaspace: 28934K(29440K)->28934K(29440K) NonClass: 25669K(25920K)->25669K(25920K) Class: 3265K(3520K)->3265K(3520K)
[26.959s][info][gc          ] GC(29) Pause Young (Mixed) (G1 Evacuation Pause) 431M->146M(525M) 15.995ms
[26.959s][info][gc,cpu      ] GC(29) User=0.03s Sys=0.00s Real=0.02s
[28.716s][info][gc,start    ] GC(30) Pause Young (Normal) (G1 Evacuation Pause)
[28.716s][info][gc,task     ] GC(30) Using 2 workers of 2 for evacuation
[28.727s][info][gc,phases   ] GC(30)   Pre Evacuate Collection Set: 0.25ms
[28.728s][info][gc,phases   ] GC(30)   Merge Heap Roots: 0.11ms
[28.728s][info][gc,phases   ] GC(30)   Evacuate Collection Set: 10.83ms
[28.728s][info][gc,phases   ] GC(30)   Post Evacuate Collection Set: 0.51ms
[28.728s][info][gc,phases   ] GC(30)   Other: 0.08ms
[28.728s][info][gc,heap     ] GC(30) Eden regions: 277->0(290)
[28.728s][info][gc,heap     ] GC(30) Survivor regions: 11->8(36)
[28.728s][info][gc,heap     ] GC(30) Old regions: 125->125
[28.728s][info][gc,heap     ] GC(30) Humongous regions: 12->12
[28.728s][info][gc,metaspace] GC(30) Metaspace: 28943K(29440K)->28943K(29440K) NonClass: 25678K(25920K)->25678K(25920K) Class: 3265K(3520K)->3265K(3520K)
[28.728s][info][gc          ] GC(30) Pause Young (Normal) (G1 Evacuation Pause) 423M->143M(525M) 11.981ms
[28.728s][info][gc,cpu      ] GC(30) User=0.02s Sys=0.00s Real=0.01s
[30.867s][info][gc,start    ] GC(31) Pause Young (Normal) (G1 Evacuation Pause)
[30.867s][info][gc,task     ] GC(31) Using 2 workers of 2 for evacuation
[30.883s][info][gc,phases   ] GC(31)   Pre Evacuate Collection Set: 0.22ms
[30.883s][info][gc,phases   ] GC(31)   Merge Heap Roots: 0.11ms
[30.883s][info][gc,phases   ] GC(31)   Evacuate Collection Set: 15.18ms
[30.883s][info][gc,phases   ] GC(31)   Post Evacuate Collection Set: 0.61ms
[30.883s][info][gc,phases   ] GC(31)   Other: 0.11ms
[30.883s][info][gc,heap     ] GC(31) Eden regions: 290->0(293)
[30.883s][info][gc,heap     ] GC(31) Survivor regions: 8->11(38)
[30.883s][info][gc,heap     ] GC(31) Old regions: 125->125
[30.883s][info][gc,heap     ] GC(31) Humongous regions: 17->14
[30.883s][info][gc,metaspace] GC(31) Metaspace: 31227K(31744K)->31227K(31744K) NonClass: 27683K(27968K)->27683K(27968K) Class: 3544K(3776K)->3544K(3776K)
[30.883s][info][gc          ] GC(31) Pause Young (Normal) (G1 Evacuation Pause) 438M->148M(525M) 16.478ms
[30.883s][info][gc,cpu      ] GC(31) User=0.04s Sys=0.00s Real=0.01s
[35.416s][info][gc,start    ] GC(32) Pause Young (Normal) (G1 Evacuation Pause)
[35.416s][info][gc,task     ] GC(32) Using 2 workers of 2 for evacuation
[35.435s][info][gc,phases   ] GC(32)   Pre Evacuate Collection Set: 0.23ms
[35.435s][info][gc,phases   ] GC(32)   Merge Heap Roots: 0.11ms
[35.435s][info][gc,phases   ] GC(32)   Evacuate Collection Set: 18.01ms
[35.435s][info][gc,phases   ] GC(32)   Post Evacuate Collection Set: 0.65ms
[35.435s][info][gc,phases   ] GC(32)   Other: 0.12ms
[35.435s][info][gc,heap     ] GC(32) Eden regions: 293->0(298)
[35.435s][info][gc,heap     ] GC(32) Survivor regions: 11->15(38)
[35.435s][info][gc,heap     ] GC(32) Old regions: 125->125
[35.435s][info][gc,heap     ] GC(32) Humongous regions: 34->14
[35.435s][info][gc,metaspace] GC(32) Metaspace: 33980K(34432K)->33980K(34432K) NonClass: 30396K(30656K)->30396K(30656K) Class: 3584K(3776K)->3584K(3776K)
[35.435s][info][gc          ] GC(32) Pause Young (Normal) (G1 Evacuation Pause) 461M->152M(525M) 19.315ms
[35.435s][info][gc,cpu      ] GC(32) User=0.04s Sys=0.00s Real=0.02s
[38.374s][info][gc,start    ] GC(33) Pause Young (Normal) (G1 Evacuation Pause)
[38.374s][info][gc,task     ] GC(33) Using 2 workers of 2 for evacuation
[38.393s][info][gc,phases   ] GC(33)   Pre Evacuate Collection Set: 0.27ms
[38.393s][info][gc,phases   ] GC(33)   Merge Heap Roots: 0.13ms
[38.393s][info][gc,phases   ] GC(33)   Evacuate Collection Set: 17.58ms
[38.393s][info][gc,phases   ] GC(33)   Post Evacuate Collection Set: 0.76ms
[38.393s][info][gc,phases   ] GC(33)   Other: 0.11ms
[38.393s][info][gc,heap     ] GC(33) Eden regions: 298->0(302)
[38.393s][info][gc,heap     ] GC(33) Survivor regions: 15->13(40)
[38.393s][info][gc,heap     ] GC(33) Old regions: 125->125
[38.393s][info][gc,heap     ] GC(33) Humongous regions: 22->12
[38.393s][info][gc,metaspace] GC(33) Metaspace: 34196K(34624K)->34196K(34624K) NonClass: 30609K(30848K)->30609K(30848K) Class: 3587K(3776K)->3587K(3776K)
[38.393s][info][gc          ] GC(33) Pause Young (Normal) (G1 Evacuation Pause) 458M->148M(525M) 19.048ms
[38.393s][info][gc,cpu      ] GC(33) User=0.04s Sys=0.00s Real=0.02s
[41.131s][info][gc,start    ] GC(34) Pause Young (Normal) (G1 Evacuation Pause)
[41.131s][info][gc,task     ] GC(34) Using 2 workers of 2 for evacuation
[41.154s][info][gc,phases   ] GC(34)   Pre Evacuate Collection Set: 0.28ms
[41.154s][info][gc,phases   ] GC(34)   Merge Heap Roots: 0.13ms
[41.154s][info][gc,phases   ] GC(34)   Evacuate Collection Set: 22.43ms
[41.154s][info][gc,phases   ] GC(34)   Post Evacuate Collection Set: 0.63ms
[41.154s][info][gc,phases   ] GC(34)   Other: 0.09ms
[41.154s][info][gc,heap     ] GC(34) Eden regions: 302->0(297)
[41.154s][info][gc,heap     ] GC(34) Survivor regions: 13->18(40)
[41.154s][info][gc,heap     ] GC(34) Old regions: 125->125
[41.154s][info][gc,heap     ] GC(34) Humongous regions: 40->14
[41.154s][info][gc,metaspace] GC(34) Metaspace: 34260K(34688K)->34260K(34688K) NonClass: 30673K(30912K)->30673K(30912K) Class: 3587K(3776K)->3587K(3776K)
[41.154s][info][gc          ] GC(34) Pause Young (Normal) (G1 Evacuation Pause) 478M->156M(525M) 23.750ms
[41.154s][info][gc,cpu      ] GC(34) User=0.05s Sys=0.00s Real=0.02s
[43.482s][info][gc,start    ] GC(35) Pause Young (Normal) (G1 Evacuation Pause)
[43.482s][info][gc,task     ] GC(35) Using 2 workers of 2 for evacuation
[43.536s][info][gc,phases   ] GC(35)   Pre Evacuate Collection Set: 1.18ms
[43.536s][info][gc,phases   ] GC(35)   Merge Heap Roots: 0.13ms
[43.536s][info][gc,phases   ] GC(35)   Evacuate Collection Set: 52.04ms
[43.536s][info][gc,phases   ] GC(35)   Post Evacuate Collection Set: 0.65ms
[43.536s][info][gc,phases   ] GC(35)   Other: 0.08ms
[43.536s][info][gc,heap     ] GC(35) Eden regions: 297->0(281)
[43.536s][info][gc,heap     ] GC(35) Survivor regions: 18->34(40)
[43.536s][info][gc,heap     ] GC(35) Old regions: 125->125
[43.536s][info][gc,heap     ] GC(35) Humongous regions: 24->14
[43.536s][info][gc,metaspace] GC(35) Metaspace: 34307K(34752K)->34307K(34752K) NonClass: 30720K(30976K)->30720K(30976K) Class: 3587K(3776K)->3587K(3776K)
[43.536s][info][gc          ] GC(35) Pause Young (Normal) (G1 Evacuation Pause) 463M->171M(525M) 54.347ms
[43.536s][info][gc,cpu      ] GC(35) User=0.10s Sys=0.00s Real=0.06s
[45.750s][info][gc,start    ] GC(36) Pause Young (Normal) (G1 Evacuation Pause)
[45.750s][info][gc,task     ] GC(36) Using 2 workers of 2 for evacuation
[45.786s][info][gc,phases   ] GC(36)   Pre Evacuate Collection Set: 0.29ms
[45.786s][info][gc,phases   ] GC(36)   Merge Heap Roots: 1.35ms
[45.786s][info][gc,phases   ] GC(36)   Evacuate Collection Set: 32.39ms
[45.786s][info][gc,phases   ] GC(36)   Post Evacuate Collection Set: 1.61ms
[45.786s][info][gc,phases   ] GC(36)   Other: 0.08ms
[45.786s][info][gc,heap     ] GC(36) Eden regions: 281->0(310)
[45.786s][info][gc,heap     ] GC(36) Survivor regions: 34->5(40)
[45.786s][info][gc,heap     ] GC(36) Old regions: 125->139
[45.786s][info][gc,heap     ] GC(36) Humongous regions: 24->14
[45.786s][info][gc,metaspace] GC(36) Metaspace: 34357K(34752K)->34357K(34752K) NonClass: 30769K(30976K)->30769K(30976K) Class: 3587K(3776K)->3587K(3776K)
[45.786s][info][gc          ] GC(36) Pause Young (Normal) (G1 Evacuation Pause) 462M->156M(525M) 35.922ms
[45.786s][info][gc,cpu      ] GC(36) User=0.07s Sys=0.00s Real=0.04s
[48.056s][info][gc,start    ] GC(37) Pause Young (Normal) (G1 Evacuation Pause)
[48.056s][info][gc,task     ] GC(37) Using 2 workers of 2 for evacuation
[48.066s][info][gc,phases   ] GC(37)   Pre Evacuate Collection Set: 0.30ms
[48.066s][info][gc,phases   ] GC(37)   Merge Heap Roots: 0.08ms
[48.066s][info][gc,phases   ] GC(37)   Evacuate Collection Set: 9.40ms
[48.066s][info][gc,phases   ] GC(37)   Post Evacuate Collection Set: 0.57ms
[48.066s][info][gc,phases   ] GC(37)   Other: 0.10ms
[48.066s][info][gc,heap     ] GC(37) Eden regions: 310->0(307)
[48.066s][info][gc,heap     ] GC(37) Survivor regions: 5->8(40)
[48.066s][info][gc,heap     ] GC(37) Old regions: 139->139
[48.066s][info][gc,heap     ] GC(37) Humongous regions: 26->14
[48.066s][info][gc,metaspace] GC(37) Metaspace: 34373K(34816K)->34373K(34816K) NonClass: 30786K(31040K)->30786K(31040K) Class: 3587K(3776K)->3587K(3776K)
[48.066s][info][gc          ] GC(37) Pause Young (Normal) (G1 Evacuation Pause) 478M->159M(525M) 10.643ms
[48.066s][info][gc,cpu      ] GC(37) User=0.02s Sys=0.00s Real=0.01s
[50.175s][info][gc,start    ] GC(38) Pause Young (Normal) (G1 Evacuation Pause)
[50.175s][info][gc,task     ] GC(38) Using 2 workers of 2 for evacuation
[50.197s][info][gc,phases   ] GC(38)   Pre Evacuate Collection Set: 0.27ms
[50.197s][info][gc,phases   ] GC(38)   Merge Heap Roots: 0.07ms
[50.197s][info][gc,phases   ] GC(38)   Evacuate Collection Set: 20.40ms
[50.197s][info][gc,phases   ] GC(38)   Post Evacuate Collection Set: 0.73ms
[50.197s][info][gc,phases   ] GC(38)   Other: 0.11ms
[50.197s][info][gc,heap     ] GC(38) Eden regions: 307->0(308)
[50.197s][info][gc,heap     ] GC(38) Survivor regions: 8->7(40)
[50.197s][info][gc,heap     ] GC(38) Old regions: 139->139
[50.197s][info][gc,heap     ] GC(38) Humongous regions: 24->14
[50.197s][info][gc,metaspace] GC(38) Metaspace: 34430K(34880K)->34430K(34880K) NonClass: 30843K(31104K)->30843K(31104K) Class: 3587K(3776K)->3587K(3776K)
[50.197s][info][gc          ] GC(38) Pause Young (Normal) (G1 Evacuation Pause) 476M->159M(525M) 21.786ms
[50.197s][info][gc,cpu      ] GC(38) User=0.02s Sys=0.00s Real=0.02s
[52.016s][info][gc,start    ] GC(39) Pause Young (Normal) (G1 Evacuation Pause)
[52.016s][info][gc,task     ] GC(39) Using 2 workers of 2 for evacuation
[52.071s][info][gc,phases   ] GC(39)   Pre Evacuate Collection Set: 0.25ms
[52.071s][info][gc,phases   ] GC(39)   Merge Heap Roots: 0.07ms
[52.071s][info][gc,phases   ] GC(39)   Evacuate Collection Set: 53.71ms
[52.071s][info][gc,phases   ] GC(39)   Post Evacuate Collection Set: 0.64ms
[52.071s][info][gc,phases   ] GC(39)   Other: 0.08ms
[52.071s][info][gc,heap     ] GC(39) Eden regions: 308->0(259)
[52.071s][info][gc,heap     ] GC(39) Survivor regions: 7->40(40)
[52.071s][info][gc,heap     ] GC(39) Old regions: 139->145
[52.071s][info][gc,heap     ] GC(39) Humongous regions: 16->14
[52.071s][info][gc,metaspace] GC(39) Metaspace: 34439K(34880K)->34439K(34880K) NonClass: 30852K(31104K)->30852K(31104K) Class: 3587K(3776K)->3587K(3776K)
[52.071s][info][gc          ] GC(39) Pause Young (Normal) (G1 Evacuation Pause) 469M->198M(525M) 54.984ms
[52.071s][info][gc,cpu      ] GC(39) User=0.11s Sys=0.00s Real=0.05s
[54.066s][info][gc,start    ] GC(40) Pause Young (Normal) (G1 Evacuation Pause)
[54.066s][info][gc,task     ] GC(40) Using 2 workers of 2 for evacuation
[54.111s][info][gc,phases   ] GC(40)   Pre Evacuate Collection Set: 0.27ms
[54.111s][info][gc,phases   ] GC(40)   Merge Heap Roots: 0.21ms
[54.111s][info][gc,phases   ] GC(40)   Evacuate Collection Set: 43.84ms
[54.111s][info][gc,phases   ] GC(40)   Post Evacuate Collection Set: 0.59ms
[54.111s][info][gc,phases   ] GC(40)   Other: 0.12ms
[54.111s][info][gc,heap     ] GC(40) Eden regions: 259->0(274)
[54.111s][info][gc,heap     ] GC(40) Survivor regions: 40->13(38)
[54.111s][info][gc,heap     ] GC(40) Old regions: 145->167
[54.111s][info][gc,heap     ] GC(40) Humongous regions: 18->14
[54.111s][info][gc,metaspace] GC(40) Metaspace: 34451K(34880K)->34451K(34880K) NonClass: 30864K(31104K)->30864K(31104K) Class: 3587K(3776K)->3587K(3776K)
[54.111s][info][gc          ] GC(40) Pause Young (Normal) (G1 Evacuation Pause) 461M->193M(525M) 45.251ms
[54.111s][info][gc,cpu      ] GC(40) User=0.09s Sys=0.00s Real=0.04s
[56.130s][info][gc,start    ] GC(41) Pause Young (Normal) (G1 Evacuation Pause)
[56.130s][info][gc,task     ] GC(41) Using 2 workers of 2 for evacuation
[56.177s][info][gc,phases   ] GC(41)   Pre Evacuate Collection Set: 1.82ms
[56.177s][info][gc,phases   ] GC(41)   Merge Heap Roots: 0.20ms
[56.177s][info][gc,phases   ] GC(41)   Evacuate Collection Set: 44.78ms
[56.177s][info][gc,phases   ] GC(41)   Post Evacuate Collection Set: 0.64ms
[56.177s][info][gc,phases   ] GC(41)   Other: 0.08ms
[56.177s][info][gc,heap     ] GC(41) Eden regions: 274->0(225)
[56.177s][info][gc,heap     ] GC(41) Survivor regions: 13->36(36)
[56.177s][info][gc,heap     ] GC(41) Old regions: 167->183
[56.177s][info][gc,heap     ] GC(41) Humongous regions: 25->15
[56.177s][info][gc,metaspace] GC(41) Metaspace: 35195K(35648K)->35195K(35648K) NonClass: 31521K(31744K)->31521K(31744K) Class: 3674K(3904K)->3674K(3904K)
[56.177s][info][gc          ] GC(41) Pause Young (Normal) (G1 Evacuation Pause) 478M->233M(531M) 47.737ms
[56.177s][info][gc,cpu      ] GC(41) User=0.09s Sys=0.00s Real=0.05s
[57.263s][info][gc,start    ] GC(42) Pause Young (Normal) (G1 Evacuation Pause)
[57.263s][info][gc,task     ] GC(42) Using 2 workers of 2 for evacuation
[57.331s][info][gc,phases   ] GC(42)   Pre Evacuate Collection Set: 0.27ms
[57.331s][info][gc,phases   ] GC(42)   Merge Heap Roots: 0.27ms
[57.331s][info][gc,phases   ] GC(42)   Evacuate Collection Set: 66.67ms
[57.331s][info][gc,phases   ] GC(42)   Post Evacuate Collection Set: 0.53ms
[57.331s][info][gc,phases   ] GC(42)   Other: 0.09ms
[57.331s][info][gc,heap     ] GC(42) Eden regions: 225->0(200)
[57.331s][info][gc,heap     ] GC(42) Survivor regions: 36->29(33)
[57.331s][info][gc,heap     ] GC(42) Old regions: 183->216
[57.331s][info][gc,heap     ] GC(42) Humongous regions: 16->15
[57.331s][info][gc,metaspace] GC(42) Metaspace: 35412K(35840K)->35412K(35840K) NonClass: 31736K(31936K)->31736K(31936K) Class: 3676K(3904K)->3676K(3904K)
[57.331s][info][gc          ] GC(42) Pause Young (Normal) (G1 Evacuation Pause) 459M->258M(531M) 68.047ms
[57.331s][info][gc,cpu      ] GC(42) User=0.13s Sys=0.00s Real=0.07s
[58.267s][info][gc,start    ] GC(43) Pause Young (Normal) (G1 Evacuation Pause)
[58.267s][info][gc,task     ] GC(43) Using 2 workers of 2 for evacuation
[58.285s][info][gc,phases   ] GC(43)   Pre Evacuate Collection Set: 0.36ms
[58.285s][info][gc,phases   ] GC(43)   Merge Heap Roots: 0.12ms
[58.285s][info][gc,phases   ] GC(43)   Evacuate Collection Set: 17.12ms
[58.285s][info][gc,phases   ] GC(43)   Post Evacuate Collection Set: 0.48ms
[58.285s][info][gc,phases   ] GC(43)   Other: 0.11ms
[58.285s][info][gc,heap     ] GC(43) Eden regions: 200->0(211)
[58.285s][info][gc,heap     ] GC(43) Survivor regions: 29->13(29)
[58.285s][info][gc,heap     ] GC(43) Old regions: 216->225
[58.285s][info][gc,heap     ] GC(43) Humongous regions: 17->15
[58.285s][info][gc,metaspace] GC(43) Metaspace: 35485K(35968K)->35485K(35968K) NonClass: 31809K(32064K)->31809K(32064K) Class: 3676K(3904K)->3676K(3904K)
[58.285s][info][gc          ] GC(43) Pause Young (Normal) (G1 Evacuation Pause) 460M->252M(531M) 18.392ms
[58.285s][info][gc,cpu      ] GC(43) User=0.03s Sys=0.00s Real=0.02s
[58.979s][info][gc,start    ] GC(44) Pause Young (Concurrent Start) (G1 Humongous Allocation)
[58.979s][info][gc,task     ] GC(44) Using 2 workers of 2 for evacuation
[59.005s][info][gc,phases   ] GC(44)   Pre Evacuate Collection Set: 0.28ms
[59.005s][info][gc,phases   ] GC(44)   Merge Heap Roots: 0.08ms
[59.005s][info][gc,phases   ] GC(44)   Evacuate Collection Set: 24.58ms
[59.005s][info][gc,phases   ] GC(44)   Post Evacuate Collection Set: 0.50ms
[59.005s][info][gc,phases   ] GC(44)   Other: 0.09ms
[59.005s][info][gc,heap     ] GC(44) Eden regions: 167->0(174)
[59.005s][info][gc,heap     ] GC(44) Survivor regions: 13->28(28)
[59.005s][info][gc,heap     ] GC(44) Old regions: 225->236
[59.005s][info][gc,heap     ] GC(44) Humongous regions: 15->15
[59.005s][info][gc,metaspace] GC(44) Metaspace: 35492K(35968K)->35492K(35968K) NonClass: 31815K(32064K)->31815K(32064K) Class: 3676K(3904K)->3676K(3904K)
[59.005s][info][gc          ] GC(44) Pause Young (Concurrent Start) (G1 Humongous Allocation) 418M->278M(531M) 25.725ms
[59.005s][info][gc,cpu      ] GC(44) User=0.05s Sys=0.00s Real=0.03s
[59.005s][info][gc          ] GC(45) Concurrent Mark Cycle
[59.007s][info][gc,marking  ] GC(45) Concurrent Scan Root Regions
[59.040s][info][gc,marking  ] GC(45) Concurrent Scan Root Regions 33.274ms
[59.040s][info][gc,marking  ] GC(45) Concurrent Mark
[59.040s][info][gc,marking  ] GC(45) Concurrent Mark From Roots
[59.040s][info][gc,task     ] GC(45) Using 1 workers of 1 for marking
[59.132s][info][gc,marking  ] GC(45) Concurrent Mark From Roots 91.794ms
[59.132s][info][gc,marking  ] GC(45) Concurrent Preclean
[59.132s][info][gc,marking  ] GC(45) Concurrent Preclean 0.043ms
[59.132s][info][gc,start    ] GC(45) Pause Remark
[59.157s][info][gc          ] GC(45) Pause Remark 290M->172M(531M) 24.376ms
[59.157s][info][gc,cpu      ] GC(45) User=0.04s Sys=0.00s Real=0.03s
[59.157s][info][gc,marking  ] GC(45) Concurrent Mark 116.542ms
[59.157s][info][gc,marking  ] GC(45) Concurrent Rebuild Remembered Sets and Scrub Regions
[59.197s][info][gc,marking  ] GC(45) Concurrent Rebuild Remembered Sets and Scrub Regions 40.174ms
[59.199s][info][gc,start    ] GC(45) Pause Cleanup
[59.199s][info][gc          ] GC(45) Pause Cleanup 176M->176M(531M) 0.106ms
[59.199s][info][gc,cpu      ] GC(45) User=0.00s Sys=0.00s Real=0.00s
[59.199s][info][gc,marking  ] GC(45) Concurrent Clear Claimed Marks
[59.199s][info][gc,marking  ] GC(45) Concurrent Clear Claimed Marks 0.058ms
[59.199s][info][gc,marking  ] GC(45) Concurrent Cleanup for Next Mark
[59.203s][info][gc,marking  ] GC(45) Concurrent Cleanup for Next Mark 3.433ms
[59.203s][info][gc          ] GC(45) Concurrent Mark Cycle 197.604ms
[59.852s][info][gc,start    ] GC(46) Pause Young (Prepare Mixed) (G1 Evacuation Pause)
[59.852s][info][gc,task     ] GC(46) Using 2 workers of 2 for evacuation
[59.891s][info][gc,phases   ] GC(46)   Pre Evacuate Collection Set: 0.27ms
[59.891s][info][gc,phases   ] GC(46)   Merge Heap Roots: 0.26ms
[59.891s][info][gc,phases   ] GC(46)   Evacuate Collection Set: 37.21ms
[59.891s][info][gc,phases   ] GC(46)   Post Evacuate Collection Set: 0.64ms
[59.891s][info][gc,phases   ] GC(46)   Other: 0.08ms
[59.891s][info][gc,heap     ] GC(46) Eden regions: 174->0(231)
[59.891s][info][gc,heap     ] GC(46) Survivor regions: 28->20(26)
[59.891s][info][gc,heap     ] GC(46) Old regions: 131->154
[59.891s][info][gc,heap     ] GC(46) Humongous regions: 3->3
[59.891s][info][gc,metaspace] GC(46) Metaspace: 35493K(35968K)->35493K(35968K) NonClass: 31817K(32064K)->31817K(32064K) Class: 3676K(3904K)->3676K(3904K)
[59.891s][info][gc          ] GC(46) Pause Young (Prepare Mixed) (G1 Evacuation Pause) 335M->175M(531M) 38.694ms
[59.891s][info][gc,cpu      ] GC(46) User=0.07s Sys=0.00s Real=0.04s
[60.814s][info][gc,start    ] GC(47) Pause Young (Mixed) (G1 Evacuation Pause)
[60.814s][info][gc,task     ] GC(47) Using 2 workers of 2 for evacuation
[60.861s][info][gc,phases   ] GC(47)   Pre Evacuate Collection Set: 0.26ms
[60.861s][info][gc,phases   ] GC(47)   Merge Heap Roots: 0.33ms
[60.861s][info][gc,phases   ] GC(47)   Evacuate Collection Set: 46.30ms
[60.861s][info][gc,phases   ] GC(47)   Post Evacuate Collection Set: 0.67ms
[60.861s][info][gc,phases   ] GC(47)   Other: 0.08ms
[60.861s][info][gc,heap     ] GC(47) Eden regions: 231->0(222)
[60.861s][info][gc,heap     ] GC(47) Survivor regions: 20->32(32)
[60.861s][info][gc,heap     ] GC(47) Old regions: 154->141
[60.861s][info][gc,heap     ] GC(47) Humongous regions: 5->4
[60.861s][info][gc,metaspace] GC(47) Metaspace: 35501K(35968K)->35501K(35968K) NonClass: 31825K(32064K)->31825K(32064K) Class: 3676K(3904K)->3676K(3904K)
[60.862s][info][gc          ] GC(47) Pause Young (Mixed) (G1 Evacuation Pause) 408M->176M(531M) 47.856ms
[60.862s][info][gc,cpu      ] GC(47) User=0.09s Sys=0.00s Real=0.05s
[61.300s][info][gc,start    ] GC(48) Pause Young (Concurrent Start) (G1 Humongous Allocation)
[61.300s][info][gc,task     ] GC(48) Using 2 workers of 2 for evacuation
[61.391s][info][gc,phases   ] GC(48)   Pre Evacuate Collection Set: 0.27ms
[61.391s][info][gc,phases   ] GC(48)   Merge Heap Roots: 0.20ms
[61.391s][info][gc,phases   ] GC(48)   Evacuate Collection Set: 89.14ms
[61.391s][info][gc,phases   ] GC(48)   Post Evacuate Collection Set: 0.55ms
[61.391s][info][gc,phases   ] GC(48)   Other: 0.10ms
[61.391s][info][gc,heap     ] GC(48) Eden regions: 114->0(140)
[61.391s][info][gc,heap     ] GC(48) Survivor regions: 32->32(32)
[61.391s][info][gc,heap     ] GC(48) Old regions: 141->212
[61.391s][info][gc,heap     ] GC(48) Humongous regions: 4->4
[61.391s][info][gc,metaspace] GC(48) Metaspace: 35501K(35968K)->35501K(35968K) NonClass: 31825K(32064K)->31825K(32064K) Class: 3676K(3904K)->3676K(3904K)
[61.391s][info][gc          ] GC(48) Pause Young (Concurrent Start) (G1 Humongous Allocation) 289M->247M(531M) 90.476ms
[61.391s][info][gc,cpu      ] GC(48) User=0.18s Sys=0.00s Real=0.09s
[61.391s][info][gc          ] GC(49) Concurrent Mark Cycle
[61.393s][info][gc,marking  ] GC(49) Concurrent Scan Root Regions
[61.449s][info][gc,marking  ] GC(49) Concurrent Scan Root Regions 56.391ms
[61.449s][info][gc,marking  ] GC(49) Concurrent Mark
[61.449s][info][gc,marking  ] GC(49) Concurrent Mark From Roots
[61.449s][info][gc,task     ] GC(49) Using 1 workers of 1 for marking
[61.550s][info][gc,marking  ] GC(49) Concurrent Mark From Roots 100.514ms
[61.550s][info][gc,marking  ] GC(49) Concurrent Preclean
[61.550s][info][gc,marking  ] GC(49) Concurrent Preclean 0.045ms
[61.550s][info][gc,start    ] GC(49) Pause Remark
[61.581s][info][gc          ] GC(49) Pause Remark 264M->240M(531M) 30.748ms
[61.581s][info][gc,cpu      ] GC(49) User=0.05s Sys=0.00s Real=0.03s
[61.581s][info][gc,marking  ] GC(49) Concurrent Mark 131.654ms
[61.581s][info][gc,marking  ] GC(49) Concurrent Rebuild Remembered Sets and Scrub Regions
[61.721s][info][gc,marking  ] GC(49) Concurrent Rebuild Remembered Sets and Scrub Regions 140.029ms
[61.722s][info][gc,start    ] GC(49) Pause Cleanup
[61.722s][info][gc          ] GC(49) Pause Cleanup 259M->259M(531M) 0.085ms
[61.722s][info][gc,cpu      ] GC(49) User=0.00s Sys=0.00s Real=0.00s
[61.722s][info][gc,marking  ] GC(49) Concurrent Clear Claimed Marks
[61.722s][info][gc,marking  ] GC(49) Concurrent Clear Claimed Marks 0.038ms
[61.722s][info][gc,marking  ] GC(49) Concurrent Cleanup for Next Mark
[61.724s][info][gc,marking  ] GC(49) Concurrent Cleanup for Next Mark 2.145ms
[61.724s][info][gc          ] GC(49) Concurrent Mark Cycle 333.051ms
[62.177s][info][gc,start    ] GC(50) Pause Young (Prepare Mixed) (G1 Evacuation Pause)
[62.177s][info][gc,task     ] GC(50) Using 2 workers of 2 for evacuation
[62.262s][info][gc,phases   ] GC(50)   Pre Evacuate Collection Set: 0.27ms
[62.262s][info][gc,phases   ] GC(50)   Merge Heap Roots: 0.88ms
[62.262s][info][gc,phases   ] GC(50)   Evacuate Collection Set: 82.65ms
[62.262s][info][gc,phases   ] GC(50)   Post Evacuate Collection Set: 0.96ms
[62.262s][info][gc,phases   ] GC(50)   Other: 0.10ms
[62.262s][info][gc,heap     ] GC(50) Eden regions: 140->0(129)
[62.262s][info][gc,heap     ] GC(50) Survivor regions: 32->22(22)
[62.262s][info][gc,heap     ] GC(50) Old regions: 189->244
[62.262s][info][gc,heap     ] GC(50) Humongous regions: 5->4
[62.262s][info][gc,metaspace] GC(50) Metaspace: 35502K(35968K)->35502K(35968K) NonClass: 31826K(32064K)->31826K(32064K) Class: 3676K(3904K)->3676K(3904K)
[62.262s][info][gc          ] GC(50) Pause Young (Prepare Mixed) (G1 Evacuation Pause) 365M->269M(531M) 85.145ms
[62.262s][info][gc,cpu      ] GC(50) User=0.17s Sys=0.00s Real=0.08s
[62.781s][info][gc,start    ] GC(51) Pause Young (Mixed) (G1 Evacuation Pause)
[62.781s][info][gc,task     ] GC(51) Using 2 workers of 2 for evacuation
[62.837s][info][gc,phases   ] GC(51)   Pre Evacuate Collection Set: 0.33ms
[62.837s][info][gc,phases   ] GC(51)   Merge Heap Roots: 0.63ms
[62.837s][info][gc,phases   ] GC(51)   Evacuate Collection Set: 54.68ms
[62.837s][info][gc,phases   ] GC(51)   Post Evacuate Collection Set: 0.63ms
[62.837s][info][gc,phases   ] GC(51)   Other: 0.09ms
[62.837s][info][gc,heap     ] GC(51) Eden regions: 124->0(126)
[62.837s][info][gc,heap     ] GC(51) Survivor regions: 22->19(19)
[62.837s][info][gc,heap     ] GC(51) Old regions: 244->262
[62.837s][info][gc,heap     ] GC(51) Humongous regions: 4->4
[62.837s][info][gc,metaspace] GC(51) Metaspace: 35505K(35968K)->35505K(35968K) NonClass: 31829K(32064K)->31829K(32064K) Class: 3676K(3904K)->3676K(3904K)
[62.837s][info][gc          ] GC(51) Pause Young (Mixed) (G1 Evacuation Pause) 393M->284M(531M) 56.585ms
[62.837s][info][gc,cpu      ] GC(51) User=0.10s Sys=0.00s Real=0.06s
[63.340s][info][gc,start    ] GC(52) Pause Young (Mixed) (G1 Evacuation Pause)
[63.340s][info][gc,task     ] GC(52) Using 2 workers of 2 for evacuation
[63.397s][info][gc,phases   ] GC(52)   Pre Evacuate Collection Set: 0.28ms
[63.397s][info][gc,phases   ] GC(52)   Merge Heap Roots: 0.64ms
[63.397s][info][gc,phases   ] GC(52)   Evacuate Collection Set: 55.12ms
[63.397s][info][gc,phases   ] GC(52)   Post Evacuate Collection Set: 0.70ms
[63.397s][info][gc,phases   ] GC(52)   Other: 0.10ms
[63.397s][info][gc,heap     ] GC(52) Eden regions: 126->0(121)
[63.397s][info][gc,heap     ] GC(52) Survivor regions: 19->19(19)
[63.397s][info][gc,heap     ] GC(52) Old regions: 262->268
[63.397s][info][gc,heap     ] GC(52) Humongous regions: 5->5
[63.397s][info][gc,metaspace] GC(52) Metaspace: 35511K(35968K)->35511K(35968K) NonClass: 31832K(32064K)->31832K(32064K) Class: 3679K(3904K)->3679K(3904K)
[63.397s][info][gc          ] GC(52) Pause Young (Mixed) (G1 Evacuation Pause) 411M->291M(531M) 57.045ms
[63.397s][info][gc,cpu      ] GC(52) User=0.12s Sys=0.00s Real=0.06s
[63.915s][info][gc,start    ] GC(53) Pause Young (Mixed) (G1 Evacuation Pause)
[63.915s][info][gc,task     ] GC(53) Using 2 workers of 2 for evacuation
[63.996s][info][gc,phases   ] GC(53)   Pre Evacuate Collection Set: 0.29ms
[63.996s][info][gc,phases   ] GC(53)   Merge Heap Roots: 1.13ms
[63.996s][info][gc,phases   ] GC(53)   Evacuate Collection Set: 79.42ms
[63.996s][info][gc,phases   ] GC(53)   Post Evacuate Collection Set: 0.71ms
[63.996s][info][gc,phases   ] GC(53)   Other: 0.07ms
[63.996s][info][gc,heap     ] GC(53) Eden regions: 121->0(113)
[63.996s][info][gc,heap     ] GC(53) Survivor regions: 19->18(18)
[63.996s][info][gc,heap     ] GC(53) Old regions: 268->287
[63.996s][info][gc,heap     ] GC(53) Humongous regions: 5->4
[63.996s][info][gc,metaspace] GC(53) Metaspace: 35515K(35968K)->35515K(35968K) NonClass: 31836K(32064K)->31836K(32064K) Class: 3679K(3904K)->3679K(3904K)
[63.996s][info][gc          ] GC(53) Pause Young (Mixed) (G1 Evacuation Pause) 412M->308M(531M) 81.870ms
[63.996s][info][gc,cpu      ] GC(53) User=0.17s Sys=0.00s Real=0.09s
[64.051s][info][gc,start    ] GC(54) Pause Young (Concurrent Start) (G1 Humongous Allocation)
[64.051s][info][gc,task     ] GC(54) Using 2 workers of 2 for evacuation
[64.074s][info][gc,phases   ] GC(54)   Pre Evacuate Collection Set: 0.24ms
[64.074s][info][gc,phases   ] GC(54)   Merge Heap Roots: 0.23ms
[64.074s][info][gc,phases   ] GC(54)   Evacuate Collection Set: 20.68ms
[64.074s][info][gc,phases   ] GC(54)   Post Evacuate Collection Set: 0.89ms
[64.074s][info][gc,phases   ] GC(54)   Other: 0.15ms
[64.074s][info][gc,heap     ] GC(54) Eden regions: 13->0(136)
[64.074s][info][gc,heap     ] GC(54) Survivor regions: 18->7(17)
[64.074s][info][gc,heap     ] GC(54) Old regions: 287->304
[64.074s][info][gc,heap     ] GC(54) Humongous regions: 4->4
[64.074s][info][gc,metaspace] GC(54) Metaspace: 35515K(35968K)->35515K(35968K) NonClass: 31836K(32064K)->31836K(32064K) Class: 3679K(3904K)->3679K(3904K)
[64.074s][info][gc          ] GC(54) Pause Young (Concurrent Start) (G1 Humongous Allocation) 320M->314M(585M) 22.403ms
[64.074s][info][gc,cpu      ] GC(54) User=0.04s Sys=0.00s Real=0.02s
[64.074s][info][gc          ] GC(55) Concurrent Mark Cycle
[64.074s][info][gc,marking  ] GC(55) Concurrent Scan Root Regions
[64.094s][info][gc,marking  ] GC(55) Concurrent Scan Root Regions 20.103ms
[64.094s][info][gc,marking  ] GC(55) Concurrent Mark
[64.094s][info][gc,marking  ] GC(55) Concurrent Mark From Roots
[64.094s][info][gc,task     ] GC(55) Using 1 workers of 1 for marking
[64.248s][info][gc,marking  ] GC(55) Concurrent Mark From Roots 153.748ms
[64.248s][info][gc,marking  ] GC(55) Concurrent Preclean
[64.248s][info][gc,marking  ] GC(55) Concurrent Preclean 0.045ms
[64.248s][info][gc,start    ] GC(55) Pause Remark
[64.260s][info][gc          ] GC(55) Pause Remark 337M->181M(534M) 12.483ms
[64.261s][info][gc,cpu      ] GC(55) User=0.03s Sys=0.00s Real=0.01s
[64.263s][info][gc,marking  ] GC(55) Concurrent Mark 168.975ms
[64.263s][info][gc,marking  ] GC(55) Concurrent Rebuild Remembered Sets and Scrub Regions
[64.365s][info][gc,marking  ] GC(55) Concurrent Rebuild Remembered Sets and Scrub Regions 102.109ms
[64.365s][info][gc,start    ] GC(55) Pause Cleanup
[64.365s][info][gc          ] GC(55) Pause Cleanup 193M->193M(534M) 0.109ms
[64.365s][info][gc,cpu      ] GC(55) User=0.00s Sys=0.00s Real=0.00s
[64.365s][info][gc,marking  ] GC(55) Concurrent Clear Claimed Marks
[64.365s][info][gc,marking  ] GC(55) Concurrent Clear Claimed Marks 0.046ms
[64.365s][info][gc,marking  ] GC(55) Concurrent Cleanup for Next Mark
[64.369s][info][gc,marking  ] GC(55) Concurrent Cleanup for Next Mark 3.404ms
[64.369s][info][gc          ] GC(55) Concurrent Mark Cycle 295.096ms
[64.743s][info][gc,start    ] GC(56) Pause Young (Prepare Mixed) (G1 Evacuation Pause)
[64.743s][info][gc,task     ] GC(56) Using 2 workers of 2 for evacuation
[64.769s][info][gc,phases   ] GC(56)   Pre Evacuate Collection Set: 0.24ms
[64.769s][info][gc,phases   ] GC(56)   Merge Heap Roots: 0.24ms
[64.769s][info][gc,phases   ] GC(56)   Evacuate Collection Set: 24.01ms
[64.769s][info][gc,phases   ] GC(56)   Post Evacuate Collection Set: 0.68ms
[64.769s][info][gc,phases   ] GC(56)   Other: 0.10ms
[64.769s][info][gc,heap     ] GC(56) Eden regions: 136->0(187)
[64.769s][info][gc,heap     ] GC(56) Survivor regions: 7->18(18)
[64.769s][info][gc,heap     ] GC(56) Old regions: 150->150
[64.769s][info][gc,heap     ] GC(56) Humongous regions: 4->3
[64.769s][info][gc,metaspace] GC(56) Metaspace: 35519K(35968K)->35519K(35968K) NonClass: 31840K(32064K)->31840K(32064K) Class: 3679K(3904K)->3679K(3904K)
[64.769s][info][gc          ] GC(56) Pause Young (Prepare Mixed) (G1 Evacuation Pause) 296M->170M(534M) 25.543ms
[64.769s][info][gc,cpu      ] GC(56) User=0.05s Sys=0.00s Real=0.03s
[65.454s][info][gc,start    ] GC(57) Pause Young (Mixed) (G1 Evacuation Pause)
[65.454s][info][gc,task     ] GC(57) Using 2 workers of 2 for evacuation
[65.475s][info][gc,phases   ] GC(57)   Pre Evacuate Collection Set: 0.33ms
[65.475s][info][gc,phases   ] GC(57)   Merge Heap Roots: 0.31ms
[65.475s][info][gc,phases   ] GC(57)   Evacuate Collection Set: 19.78ms
[65.475s][info][gc,phases   ] GC(57)   Post Evacuate Collection Set: 0.54ms
[65.475s][info][gc,phases   ] GC(57)   Other: 0.08ms
[65.475s][info][gc,heap     ] GC(57) Eden regions: 187->0(221)
[65.475s][info][gc,heap     ] GC(57) Survivor regions: 18->14(26)
[65.475s][info][gc,heap     ] GC(57) Old regions: 150->109
[65.475s][info][gc,heap     ] GC(57) Humongous regions: 5->3
[65.475s][info][gc,metaspace] GC(57) Metaspace: 35520K(35968K)->35520K(35968K) NonClass: 31841K(32064K)->31841K(32064K) Class: 3679K(3904K)->3679K(3904K)
[65.475s][info][gc          ] GC(57) Pause Young (Mixed) (G1 Evacuation Pause) 359M->125M(534M) 21.284ms
[65.475s][info][gc,cpu      ] GC(57) User=0.04s Sys=0.00s Real=0.03s
[65.644s][info][gc,start    ] GC(58) Pause Young (Concurrent Start) (G1 Humongous Allocation)
[65.644s][info][gc,task     ] GC(58) Using 2 workers of 2 for evacuation
[65.664s][info][gc,phases   ] GC(58)   Pre Evacuate Collection Set: 0.22ms
[65.664s][info][gc,phases   ] GC(58)   Merge Heap Roots: 0.13ms
[65.664s][info][gc,phases   ] GC(58)   Evacuate Collection Set: 18.94ms
[65.664s][info][gc,phases   ] GC(58)   Post Evacuate Collection Set: 0.42ms
[65.664s][info][gc,phases   ] GC(58)   Other: 0.11ms
[65.664s][info][gc,heap     ] GC(58) Eden regions: 50->0(231)
[65.664s][info][gc,heap     ] GC(58) Survivor regions: 14->24(30)
[65.664s][info][gc,heap     ] GC(58) Old regions: 109->109
[65.664s][info][gc,heap     ] GC(58) Humongous regions: 3->3
[65.664s][info][gc,metaspace] GC(58) Metaspace: 35520K(35968K)->35520K(35968K) NonClass: 31841K(32064K)->31841K(32064K) Class: 3679K(3904K)->3679K(3904K)
[65.664s][info][gc          ] GC(58) Pause Young (Concurrent Start) (G1 Humongous Allocation) 174M->135M(534M) 20.013ms
[65.664s][info][gc          ] GC(59) Concurrent Mark Cycle
[65.664s][info][gc,marking  ] GC(59) Concurrent Scan Root Regions
[65.664s][info][gc,cpu      ] GC(58) User=0.04s Sys=0.00s Real=0.02s
[65.678s][info][gc,marking  ] GC(59) Concurrent Scan Root Regions 13.909ms
[65.678s][info][gc,marking  ] GC(59) Concurrent Mark
[65.678s][info][gc,marking  ] GC(59) Concurrent Mark From Roots
[65.678s][info][gc,task     ] GC(59) Using 1 workers of 1 for marking
[65.875s][info][gc,marking  ] GC(59) Concurrent Mark From Roots 196.780ms
[65.875s][info][gc,marking  ] GC(59) Concurrent Preclean
[65.875s][info][gc,marking  ] GC(59) Concurrent Preclean 0.051ms
[65.875s][info][gc,start    ] GC(59) Pause Remark
[65.888s][info][gc          ] GC(59) Pause Remark 180M->179M(454M) 12.133ms
[65.888s][info][gc,cpu      ] GC(59) User=0.02s Sys=0.00s Real=0.01s
[65.888s][info][gc,marking  ] GC(59) Concurrent Mark 209.519ms
[65.888s][info][gc,marking  ] GC(59) Concurrent Rebuild Remembered Sets and Scrub Regions
[65.938s][info][gc,marking  ] GC(59) Concurrent Rebuild Remembered Sets and Scrub Regions 50.505ms
[65.938s][info][gc,start    ] GC(59) Pause Cleanup
[65.938s][info][gc          ] GC(59) Pause Cleanup 190M->190M(454M) 0.062ms
[65.938s][info][gc,cpu      ] GC(59) User=0.00s Sys=0.00s Real=0.00s
[65.938s][info][gc,marking  ] GC(59) Concurrent Clear Claimed Marks
[65.938s][info][gc,marking  ] GC(59) Concurrent Clear Claimed Marks 0.039ms
[65.938s][info][gc,marking  ] GC(59) Concurrent Cleanup for Next Mark
[65.940s][info][gc,marking  ] GC(59) Concurrent Cleanup for Next Mark 1.363ms
[65.940s][info][gc          ] GC(59) Concurrent Mark Cycle 275.734ms
[66.621s][info][gc,start    ] GC(60) Pause Young (Prepare Mixed) (G1 Evacuation Pause)
[66.621s][info][gc,task     ] GC(60) Using 2 workers of 2 for evacuation
[66.641s][info][gc,phases   ] GC(60)   Pre Evacuate Collection Set: 0.24ms
[66.641s][info][gc,phases   ] GC(60)   Merge Heap Roots: 0.32ms
[66.641s][info][gc,phases   ] GC(60)   Evacuate Collection Set: 18.69ms
[66.641s][info][gc,phases   ] GC(60)   Post Evacuate Collection Set: 0.66ms
[66.642s][info][gc,phases   ] GC(60)   Other: 0.08ms
[66.642s][info][gc,heap     ] GC(60) Eden regions: 231->0(211)
[66.642s][info][gc,heap     ] GC(60) Survivor regions: 24->6(32)
[66.642s][info][gc,heap     ] GC(60) Old regions: 108->117
[66.642s][info][gc,heap     ] GC(60) Humongous regions: 6->3
[66.642s][info][gc,metaspace] GC(60) Metaspace: 35522K(35968K)->35522K(35968K) NonClass: 31843K(32064K)->31843K(32064K) Class: 3679K(3904K)->3679K(3904K)
[66.642s][info][gc          ] GC(60) Pause Young (Prepare Mixed) (G1 Evacuation Pause) 368M->124M(454M) 20.190ms
[66.642s][info][gc,cpu      ] GC(60) User=0.04s Sys=0.00s Real=0.02s
[67.421s][info][gc,start    ] GC(61) Pause Young (Mixed) (G1 Evacuation Pause)
[67.421s][info][gc,task     ] GC(61) Using 2 workers of 2 for evacuation
[67.445s][info][gc,phases   ] GC(61)   Pre Evacuate Collection Set: 0.29ms
[67.445s][info][gc,phases   ] GC(61)   Merge Heap Roots: 0.44ms
[67.445s][info][gc,phases   ] GC(61)   Evacuate Collection Set: 22.24ms
[67.445s][info][gc,phases   ] GC(61)   Post Evacuate Collection Set: 0.49ms
[67.445s][info][gc,phases   ] GC(61)   Other: 0.10ms
[67.445s][info][gc,heap     ] GC(61) Eden regions: 211->0(215)
[67.445s][info][gc,heap     ] GC(61) Survivor regions: 6->21(28)
[67.445s][info][gc,heap     ] GC(61) Old regions: 117->106
[67.445s][info][gc,heap     ] GC(61) Humongous regions: 5->3
[67.445s][info][gc,metaspace] GC(61) Metaspace: 35577K(36032K)->35577K(36032K) NonClass: 31894K(32128K)->31894K(32128K) Class: 3683K(3904K)->3683K(3904K)
[67.445s][info][gc          ] GC(61) Pause Young (Mixed) (G1 Evacuation Pause) 337M->128M(454M) 23.782ms
[67.445s][info][gc,cpu      ] GC(61) User=0.05s Sys=0.00s Real=0.02s
[67.928s][info][gc,start    ] GC(62) Pause Young (Concurrent Start) (G1 Humongous Allocation)
[67.928s][info][gc,task     ] GC(62) Using 2 workers of 2 for evacuation
[67.945s][info][gc,phases   ] GC(62)   Pre Evacuate Collection Set: 0.21ms
[67.945s][info][gc,phases   ] GC(62)   Merge Heap Roots: 0.05ms
[67.945s][info][gc,phases   ] GC(62)   Evacuate Collection Set: 16.58ms
[67.945s][info][gc,phases   ] GC(62)   Post Evacuate Collection Set: 0.39ms
[67.945s][info][gc,phases   ] GC(62)   Other: 0.11ms
[67.945s][info][gc,heap     ] GC(62) Eden regions: 145->0(228)
[67.945s][info][gc,heap     ] GC(62) Survivor regions: 21->2(30)
[67.945s][info][gc,heap     ] GC(62) Old regions: 106->126
[67.945s][info][gc,heap     ] GC(62) Humongous regions: 3->3
[67.945s][info][gc,metaspace] GC(62) Metaspace: 35579K(36032K)->35579K(36032K) NonClass: 31895K(32128K)->31895K(32128K) Class: 3683K(3904K)->3683K(3904K)
[67.945s][info][gc          ] GC(62) Pause Young (Concurrent Start) (G1 Humongous Allocation) 273M->129M(454M) 17.541ms
[67.946s][info][gc,cpu      ] GC(62) User=0.03s Sys=0.00s Real=0.02s
[67.947s][info][gc          ] GC(63) Concurrent Mark Cycle
[67.947s][info][gc,marking  ] GC(63) Concurrent Scan Root Regions
[67.964s][info][gc,marking  ] GC(63) Concurrent Scan Root Regions 16.869ms
[67.964s][info][gc,marking  ] GC(63) Concurrent Mark
[67.964s][info][gc,marking  ] GC(63) Concurrent Mark From Roots
[67.964s][info][gc,task     ] GC(63) Using 1 workers of 1 for marking
[68.112s][info][gc,marking  ] GC(63) Concurrent Mark From Roots 148.400ms
[68.112s][info][gc,marking  ] GC(63) Concurrent Preclean
[68.112s][info][gc,marking  ] GC(63) Concurrent Preclean 0.038ms
[68.113s][info][gc,start    ] GC(63) Pause Remark
[68.126s][info][gc          ] GC(63) Pause Remark 175M->147M(347M) 13.098ms
[68.126s][info][gc,cpu      ] GC(63) User=0.02s Sys=0.00s Real=0.02s
[68.126s][info][gc,marking  ] GC(63) Concurrent Mark 161.900ms
[68.126s][info][gc,marking  ] GC(63) Concurrent Rebuild Remembered Sets and Scrub Regions
[68.164s][info][gc,marking  ] GC(63) Concurrent Rebuild Remembered Sets and Scrub Regions 37.885ms
[68.166s][info][gc,start    ] GC(63) Pause Cleanup
[68.166s][info][gc          ] GC(63) Pause Cleanup 159M->159M(347M) 0.075ms
[68.166s][info][gc,cpu      ] GC(63) User=0.00s Sys=0.00s Real=0.00s
[68.166s][info][gc,marking  ] GC(63) Concurrent Clear Claimed Marks
[68.166s][info][gc,marking  ] GC(63) Concurrent Clear Claimed Marks 0.047ms
[68.166s][info][gc,marking  ] GC(63) Concurrent Cleanup for Next Mark
[68.167s][info][gc,marking  ] GC(63) Concurrent Cleanup for Next Mark 1.062ms
[68.167s][info][gc          ] GC(63) Concurrent Mark Cycle 220.405ms
[68.683s][info][gc,start    ] GC(64) Pause Young (Prepare Mixed) (G1 Evacuation Pause)
[68.684s][info][gc,task     ] GC(64) Using 2 workers of 2 for evacuation
[68.690s][info][gc,phases   ] GC(64)   Pre Evacuate Collection Set: 0.21ms
[68.690s][info][gc,phases   ] GC(64)   Merge Heap Roots: 0.09ms
[68.690s][info][gc,phases   ] GC(64)   Evacuate Collection Set: 5.67ms
[68.690s][info][gc,phases   ] GC(64)   Post Evacuate Collection Set: 0.45ms
[68.690s][info][gc,phases   ] GC(64)   Other: 0.07ms
[68.690s][info][gc,heap     ] GC(64) Eden regions: 206->0(187)
[68.690s][info][gc,heap     ] GC(64) Survivor regions: 2->5(26)
[68.690s][info][gc,heap     ] GC(64) Old regions: 99->99
[68.690s][info][gc,heap     ] GC(64) Humongous regions: 4->1
[68.690s][info][gc,metaspace] GC(64) Metaspace: 35972K(36416K)->35972K(36416K) NonClass: 32190K(32448K)->32190K(32448K) Class: 3782K(3968K)->3782K(3968K)
[68.690s][info][gc          ] GC(64) Pause Young (Prepare Mixed) (G1 Evacuation Pause) 309M->103M(347M) 6.682ms
[68.690s][info][gc,cpu      ] GC(64) User=0.01s Sys=0.00s Real=0.01s
[69.053s][info][gc,start    ] GC(65) Pause Young (Mixed) (G1 Evacuation Pause)
[69.053s][info][gc,task     ] GC(65) Using 2 workers of 2 for evacuation
[69.060s][info][gc,phases   ] GC(65)   Pre Evacuate Collection Set: 0.18ms
[69.060s][info][gc,phases   ] GC(65)   Merge Heap Roots: 0.14ms
[69.060s][info][gc,phases   ] GC(65)   Evacuate Collection Set: 6.60ms
[69.060s][info][gc,phases   ] GC(65)   Post Evacuate Collection Set: 0.53ms
[69.060s][info][gc,phases   ] GC(65)   Other: 0.08ms
[69.060s][info][gc,heap     ] GC(65) Eden regions: 187->0(201)
[69.060s][info][gc,heap     ] GC(65) Survivor regions: 5->5(24)
[69.060s][info][gc,heap     ] GC(65) Old regions: 99->85
[69.060s][info][gc,heap     ] GC(65) Humongous regions: 1->1
[69.060s][info][gc,metaspace] GC(65) Metaspace: 35998K(36416K)->35998K(36416K) NonClass: 32216K(32448K)->32216K(32448K) Class: 3782K(3968K)->3782K(3968K)
[69.060s][info][gc          ] GC(65) Pause Young (Mixed) (G1 Evacuation Pause) 290M->89M(347M) 7.739ms
[69.060s][info][gc,cpu      ] GC(65) User=0.02s Sys=0.00s Real=0.01s
[69.384s][info][gc,start    ] GC(66) Pause Young (Concurrent Start) (G1 Humongous Allocation)
[69.385s][info][gc,task     ] GC(66) Using 2 workers of 2 for evacuation
[69.389s][info][gc,phases   ] GC(66)   Pre Evacuate Collection Set: 0.19ms
[69.389s][info][gc,phases   ] GC(66)   Merge Heap Roots: 0.06ms
[69.389s][info][gc,phases   ] GC(66)   Evacuate Collection Set: 3.73ms
[69.389s][info][gc,phases   ] GC(66)   Post Evacuate Collection Set: 0.43ms
[69.389s][info][gc,phases   ] GC(66)   Other: 0.10ms
[69.389s][info][gc,heap     ] GC(66) Eden regions: 165->0(204)
[69.389s][info][gc,heap     ] GC(66) Survivor regions: 5->4(26)
[69.389s][info][gc,heap     ] GC(66) Old regions: 85->85
[69.389s][info][gc,heap     ] GC(66) Humongous regions: 1->1
[69.389s][info][gc,metaspace] GC(66) Metaspace: 36148K(36608K)->36148K(36608K) NonClass: 32345K(32576K)->32345K(32576K) Class: 3803K(4032K)->3803K(4032K)
[69.389s][info][gc          ] GC(66) Pause Young (Concurrent Start) (G1 Humongous Allocation) 254M->88M(347M) 4.712ms
[69.389s][info][gc          ] GC(67) Concurrent Mark Cycle
[69.389s][info][gc,marking  ] GC(67) Concurrent Scan Root Regions
[69.390s][info][gc,cpu      ] GC(66) User=0.01s Sys=0.00s Real=0.01s
[69.393s][info][gc,marking  ] GC(67) Concurrent Scan Root Regions 4.301ms
[69.394s][info][gc,marking  ] GC(67) Concurrent Mark
[69.394s][info][gc,marking  ] GC(67) Concurrent Mark From Roots
[69.394s][info][gc,task     ] GC(67) Using 1 workers of 1 for marking
[69.497s][info][gc,marking  ] GC(67) Concurrent Mark From Roots 103.965ms
[69.498s][info][gc,marking  ] GC(67) Concurrent Preclean
[69.498s][info][gc,marking  ] GC(67) Concurrent Preclean 0.041ms
[69.498s][info][gc,start    ] GC(67) Pause Remark
[69.514s][info][gc          ] GC(67) Pause Remark 102M->87M(256M) 16.762ms
[69.515s][info][gc,cpu      ] GC(67) User=0.03s Sys=0.00s Real=0.01s
[69.515s][info][gc,marking  ] GC(67) Concurrent Mark 121.074ms
[69.515s][info][gc,marking  ] GC(67) Concurrent Rebuild Remembered Sets and Scrub Regions
[69.544s][info][gc,marking  ] GC(67) Concurrent Rebuild Remembered Sets and Scrub Regions 29.835ms
[69.545s][info][gc,start    ] GC(67) Pause Cleanup
[69.545s][info][gc          ] GC(67) Pause Cleanup 88M->88M(256M) 0.055ms
[69.545s][info][gc,cpu      ] GC(67) User=0.00s Sys=0.00s Real=0.00s
[69.545s][info][gc,marking  ] GC(67) Concurrent Clear Claimed Marks
[69.545s][info][gc,marking  ] GC(67) Concurrent Clear Claimed Marks 0.035ms
[69.545s][info][gc,marking  ] GC(67) Concurrent Cleanup for Next Mark
[69.546s][info][gc,marking  ] GC(67) Concurrent Cleanup for Next Mark 0.789ms
[69.546s][info][gc          ] GC(67) Concurrent Mark Cycle 156.496ms
[70.248s][info][gc,start    ] GC(68) Pause Young (Prepare Mixed) (G1 Evacuation Pause)
[70.248s][info][gc,task     ] GC(68) Using 2 workers of 2 for evacuation
[70.264s][info][gc,phases   ] GC(68)   Pre Evacuate Collection Set: 0.26ms
[70.264s][info][gc,phases   ] GC(68)   Merge Heap Roots: 0.07ms
[70.264s][info][gc,phases   ] GC(68)   Evacuate Collection Set: 15.03ms
[70.264s][info][gc,phases   ] GC(68)   Post Evacuate Collection Set: 0.63ms
[70.264s][info][gc,phases   ] GC(68)   Other: 0.11ms
[70.264s][info][gc,heap     ] GC(68) Eden regions: 72->0(201)
[70.264s][info][gc,heap     ] GC(68) Survivor regions: 4->9(26)
[70.264s][info][gc,heap     ] GC(68) Old regions: 69->69
[70.264s][info][gc,heap     ] GC(68) Humongous regions: 197->3
[70.264s][info][gc,metaspace] GC(68) Metaspace: 36609K(36992K)->36609K(36992K) NonClass: 32764K(32960K)->32764K(32960K) Class: 3844K(4032K)->3844K(4032K)
[70.264s][info][gc          ] GC(68) Pause Young (Prepare Mixed) (G1 Evacuation Pause) 341M->79M(351M) 16.338ms
[70.264s][info][gc,cpu      ] GC(68) User=0.03s Sys=0.01s Real=0.01s
[71.027s][info][gc,start    ] GC(69) Pause Young (Mixed) (G1 Evacuation Pause)
[71.028s][info][gc,task     ] GC(69) Using 2 workers of 2 for evacuation
[71.063s][info][gc,phases   ] GC(69)   Pre Evacuate Collection Set: 0.23ms
[71.063s][info][gc,phases   ] GC(69)   Merge Heap Roots: 0.15ms
[71.063s][info][gc,phases   ] GC(69)   Evacuate Collection Set: 34.07ms
[71.063s][info][gc,phases   ] GC(69)   Post Evacuate Collection Set: 1.01ms
[71.063s][info][gc,phases   ] GC(69)   Other: 0.07ms
[71.063s][info][gc,heap     ] GC(69) Eden regions: 48->0(247)
[71.063s][info][gc,heap     ] GC(69) Survivor regions: 9->11(29)
[71.063s][info][gc,heap     ] GC(69) Old regions: 69->57
[71.063s][info][gc,heap     ] GC(69) Humongous regions: 291->3
[71.063s][info][gc,metaspace] GC(69) Metaspace: 38104K(38528K)->38104K(38528K) NonClass: 34104K(34304K)->34104K(34304K) Class: 3999K(4224K)->3999K(4224K)
[71.063s][info][gc          ] GC(69) Pause Young (Mixed) (G1 Evacuation Pause) 415M->69M(430M) 35.745ms
[71.063s][info][gc,cpu      ] GC(69) User=0.07s Sys=0.01s Real=0.03s
[71.070s][info][gc,start    ] GC(70) Pause Young (Concurrent Start) (G1 Humongous Allocation)
[71.070s][info][gc,task     ] GC(70) Using 2 workers of 2 for evacuation
[71.084s][info][gc,phases   ] GC(70)   Pre Evacuate Collection Set: 0.18ms
[71.084s][info][gc,phases   ] GC(70)   Merge Heap Roots: 0.05ms
[71.084s][info][gc,phases   ] GC(70)   Evacuate Collection Set: 13.56ms
[71.084s][info][gc,phases   ] GC(70)   Post Evacuate Collection Set: 0.30ms
[71.084s][info][gc,phases   ] GC(70)   Other: 0.11ms
[71.084s][info][gc,heap     ] GC(70) Eden regions: 1->0(247)
[71.084s][info][gc,heap     ] GC(70) Survivor regions: 11->11(33)
[71.084s][info][gc,heap     ] GC(70) Old regions: 57->57
[71.084s][info][gc,heap     ] GC(70) Humongous regions: 3->1
[71.084s][info][gc,metaspace] GC(70) Metaspace: 38104K(38528K)->38104K(38528K) NonClass: 34104K(34304K)->34104K(34304K) Class: 3999K(4224K)->3999K(4224K)
[71.084s][info][gc          ] GC(70) Pause Young (Concurrent Start) (G1 Humongous Allocation) 69M->67M(430M) 14.403ms
[71.084s][info][gc,cpu      ] GC(70) User=0.03s Sys=0.00s Real=0.01s
[71.085s][info][gc          ] GC(71) Concurrent Mark Cycle
[71.085s][info][gc,marking  ] GC(71) Concurrent Scan Root Regions
[71.091s][info][gc,marking  ] GC(71) Concurrent Scan Root Regions 6.898ms
[71.091s][info][gc,marking  ] GC(71) Concurrent Mark
[71.091s][info][gc,marking  ] GC(71) Concurrent Mark From Roots
[71.091s][info][gc,task     ] GC(71) Using 1 workers of 1 for marking
[71.165s][info][gc,marking  ] GC(71) Concurrent Mark From Roots 73.907ms
[71.165s][info][gc,marking  ] GC(71) Concurrent Preclean
[71.165s][info][gc,marking  ] GC(71) Concurrent Preclean 0.040ms
[71.166s][info][gc,start    ] GC(71) Pause Remark
[71.175s][info][gc          ] GC(71) Pause Remark 93M->93M(304M) 9.277ms
[71.175s][info][gc,cpu      ] GC(71) User=0.01s Sys=0.01s Real=0.01s
[71.175s][info][gc,marking  ] GC(71) Concurrent Mark 83.523ms
[71.175s][info][gc,marking  ] GC(71) Concurrent Rebuild Remembered Sets and Scrub Regions
[71.232s][info][gc,marking  ] GC(71) Concurrent Rebuild Remembered Sets and Scrub Regions 57.026ms
[71.232s][info][gc,start    ] GC(71) Pause Cleanup
[71.232s][info][gc          ] GC(71) Pause Cleanup 106M->106M(304M) 0.053ms
[71.232s][info][gc,cpu      ] GC(71) User=0.00s Sys=0.00s Real=0.00s
[71.232s][info][gc,marking  ] GC(71) Concurrent Clear Claimed Marks
[71.232s][info][gc,marking  ] GC(71) Concurrent Clear Claimed Marks 0.038ms
[71.232s][info][gc,marking  ] GC(71) Concurrent Cleanup for Next Mark
[71.234s][info][gc,marking  ] GC(71) Concurrent Cleanup for Next Mark 1.382ms
[71.234s][info][gc          ] GC(71) Concurrent Mark Cycle 149.153ms
[71.870s][info][gc,start    ] GC(72) Pause Young (Prepare Mixed) (G1 Evacuation Pause)
[71.871s][info][gc,task     ] GC(72) Using 2 workers of 2 for evacuation
[71.904s][info][gc,phases   ] GC(72)   Pre Evacuate Collection Set: 0.26ms
[71.904s][info][gc,phases   ] GC(72)   Merge Heap Roots: 0.06ms
[71.904s][info][gc,phases   ] GC(72)   Evacuate Collection Set: 31.48ms
[71.904s][info][gc,phases   ] GC(72)   Post Evacuate Collection Set: 0.80ms
[71.904s][info][gc,phases   ] GC(72)   Other: 0.11ms
[71.904s][info][gc,heap     ] GC(72) Eden regions: 49->0(230)
[71.904s][info][gc,heap     ] GC(72) Survivor regions: 11->17(29)
[71.904s][info][gc,heap     ] GC(72) Old regions: 57->57
[71.904s][info][gc,heap     ] GC(72) Humongous regions: 279->3
[71.904s][info][gc,metaspace] GC(72) Metaspace: 38295K(38720K)->38295K(38720K) NonClass: 34295K(34496K)->34295K(34496K) Class: 3999K(4224K)->3999K(4224K)
[71.904s][info][gc          ] GC(72) Pause Young (Prepare Mixed) (G1 Evacuation Pause) 394M->75M(413M) 33.943ms
[71.904s][info][gc,cpu      ] GC(72) User=0.04s Sys=0.02s Real=0.03s
[72.782s][info][gc,start    ] GC(73) Pause Young (Mixed) (G1 Evacuation Pause)
[72.782s][info][gc,task     ] GC(73) Using 2 workers of 2 for evacuation
[72.827s][info][gc,phases   ] GC(73)   Pre Evacuate Collection Set: 0.30ms
[72.827s][info][gc,phases   ] GC(73)   Merge Heap Roots: 0.08ms
[72.827s][info][gc,phases   ] GC(73)   Evacuate Collection Set: 43.41ms
[72.827s][info][gc,phases   ] GC(73)   Post Evacuate Collection Set: 1.40ms
[72.827s][info][gc,phases   ] GC(73)   Other: 0.11ms
[72.827s][info][gc,heap     ] GC(73) Eden regions: 68->0(278)
[72.827s][info][gc,heap     ] GC(73) Survivor regions: 17->28(35)
[72.827s][info][gc,heap     ] GC(73) Old regions: 57->54
[72.827s][info][gc,heap     ] GC(73) Humongous regions: 339->3
[72.827s][info][gc,metaspace] GC(73) Metaspace: 38418K(38848K)->38418K(38848K) NonClass: 34419K(34624K)->34419K(34624K) Class: 3999K(4224K)->3999K(4224K)
[72.827s][info][gc          ] GC(73) Pause Young (Mixed) (G1 Evacuation Pause) 479M->82M(511M) 45.532ms
[72.828s][info][gc,cpu      ] GC(73) User=0.06s Sys=0.03s Real=0.05s
[72.834s][info][gc,start    ] GC(74) Pause Young (Concurrent Start) (G1 Humongous Allocation)
[72.834s][info][gc,task     ] GC(74) Using 2 workers of 2 for evacuation
[72.862s][info][gc,phases   ] GC(74)   Pre Evacuate Collection Set: 0.20ms
[72.862s][info][gc,phases   ] GC(74)   Merge Heap Roots: 0.05ms
[72.862s][info][gc,phases   ] GC(74)   Evacuate Collection Set: 26.85ms
[72.862s][info][gc,phases   ] GC(74)   Post Evacuate Collection Set: 0.40ms
[72.862s][info][gc,phases   ] GC(74)   Other: 0.13ms
[72.862s][info][gc,heap     ] GC(74) Eden regions: 1->0(286)
[72.862s][info][gc,heap     ] GC(74) Survivor regions: 28->20(39)
[72.862s][info][gc,heap     ] GC(74) Old regions: 54->61
[72.862s][info][gc,heap     ] GC(74) Humongous regions: 3->1
[72.862s][info][gc,metaspace] GC(74) Metaspace: 38418K(38848K)->38418K(38848K) NonClass: 34419K(34624K)->34419K(34624K) Class: 3999K(4224K)->3999K(4224K)
[72.862s][info][gc          ] GC(74) Pause Young (Concurrent Start) (G1 Humongous Allocation) 83M->79M(511M) 27.845ms
[72.862s][info][gc,cpu      ] GC(74) User=0.05s Sys=0.00s Real=0.03s
[72.862s][info][gc          ] GC(75) Concurrent Mark Cycle
[72.862s][info][gc,marking  ] GC(75) Concurrent Scan Root Regions
[72.904s][info][gc,marking  ] GC(75) Concurrent Scan Root Regions 41.832ms
[72.904s][info][gc,marking  ] GC(75) Concurrent Mark
[72.904s][info][gc,marking  ] GC(75) Concurrent Mark From Roots
[72.904s][info][gc,task     ] GC(75) Using 1 workers of 1 for marking
[73.057s][info][gc,marking  ] GC(75) Concurrent Mark From Roots 153.016ms
[73.057s][info][gc,marking  ] GC(75) Concurrent Preclean
[73.057s][info][gc,marking  ] GC(75) Concurrent Preclean 0.042ms
[73.057s][info][gc,start    ] GC(75) Pause Remark
[73.067s][info][gc          ] GC(75) Pause Remark 131M->131M(414M) 10.228ms
[73.068s][info][gc,cpu      ] GC(75) User=0.02s Sys=0.00s Real=0.01s
[73.068s][info][gc,marking  ] GC(75) Concurrent Mark 163.583ms
[73.068s][info][gc,marking  ] GC(75) Concurrent Rebuild Remembered Sets and Scrub Regions
[73.140s][info][gc,marking  ] GC(75) Concurrent Rebuild Remembered Sets and Scrub Regions 72.517ms
[73.140s][info][gc,start    ] GC(75) Pause Cleanup
[73.140s][info][gc          ] GC(75) Pause Cleanup 148M->148M(414M) 0.061ms
[73.140s][info][gc,cpu      ] GC(75) User=0.00s Sys=0.00s Real=0.00s
[73.141s][info][gc,marking  ] GC(75) Concurrent Clear Claimed Marks
[73.141s][info][gc,marking  ] GC(75) Concurrent Clear Claimed Marks 0.055ms
[73.141s][info][gc,marking  ] GC(75) Concurrent Cleanup for Next Mark
[73.146s][info][gc,marking  ] GC(75) Concurrent Cleanup for Next Mark 5.288ms
[73.146s][info][gc          ] GC(75) Concurrent Mark Cycle 284.293ms
[74.013s][info][gc,start    ] GC(76) Pause Young (Prepare Mixed) (G1 Evacuation Pause)
[74.013s][info][gc,task     ] GC(76) Using 2 workers of 2 for evacuation
[74.074s][info][gc,phases   ] GC(76)   Pre Evacuate Collection Set: 0.30ms
[74.074s][info][gc,phases   ] GC(76)   Merge Heap Roots: 0.20ms
[74.074s][info][gc,phases   ] GC(76)   Evacuate Collection Set: 58.94ms
[74.074s][info][gc,phases   ] GC(76)   Post Evacuate Collection Set: 0.78ms
[74.074s][info][gc,phases   ] GC(76)   Other: 0.10ms
[74.074s][info][gc,heap     ] GC(76) Eden regions: 90->0(247)
[74.074s][info][gc,heap     ] GC(76) Survivor regions: 20->25(32)
[74.074s][info][gc,heap     ] GC(76) Old regions: 61->70
[74.074s][info][gc,heap     ] GC(76) Humongous regions: 249->1
[74.074s][info][gc,metaspace] GC(76) Metaspace: 38880K(39296K)->38880K(39296K) NonClass: 34794K(35008K)->34794K(35008K) Class: 4086K(4288K)->4086K(4288K)
[74.074s][info][gc          ] GC(76) Pause Young (Prepare Mixed) (G1 Evacuation Pause) 417M->93M(454M) 60.530ms
[74.074s][info][gc,cpu      ] GC(76) User=0.09s Sys=0.03s Real=0.06s
[75.721s][info][gc,start    ] GC(77) Pause Young (Mixed) (G1 Evacuation Pause)
[75.721s][info][gc,task     ] GC(77) Using 2 workers of 2 for evacuation
[75.751s][info][gc,phases   ] GC(77)   Pre Evacuate Collection Set: 0.22ms
[75.751s][info][gc,phases   ] GC(77)   Merge Heap Roots: 0.15ms
[75.751s][info][gc,phases   ] GC(77)   Evacuate Collection Set: 29.15ms
[75.751s][info][gc,phases   ] GC(77)   Post Evacuate Collection Set: 0.57ms
[75.751s][info][gc,phases   ] GC(77)   Other: 0.10ms
[75.751s][info][gc,heap     ] GC(77) Eden regions: 247->0(255)
[75.751s][info][gc,heap     ] GC(77) Survivor regions: 25->17(34)
[75.751s][info][gc,heap     ] GC(77) Old regions: 70->78
[75.751s][info][gc,heap     ] GC(77) Humongous regions: 39->1
[75.751s][info][gc,metaspace] GC(77) Metaspace: 39458K(39936K)->39458K(39936K) NonClass: 35335K(35584K)->35335K(35584K) Class: 4123K(4352K)->4123K(4352K)
[75.751s][info][gc          ] GC(77) Pause Young (Mixed) (G1 Evacuation Pause) 378M->93M(454M) 30.425ms
[75.751s][info][gc,cpu      ] GC(77) User=0.06s Sys=0.00s Real=0.03s
[76.573s][info][gc,start    ] GC(78) Pause Young (Concurrent Start) (G1 Evacuation Pause)
[76.573s][info][gc,task     ] GC(78) Using 2 workers of 2 for evacuation
[76.594s][info][gc,phases   ] GC(78)   Pre Evacuate Collection Set: 0.23ms
[76.594s][info][gc,phases   ] GC(78)   Merge Heap Roots: 0.09ms
[76.594s][info][gc,phases   ] GC(78)   Evacuate Collection Set: 19.30ms
[76.594s][info][gc,phases   ] GC(78)   Post Evacuate Collection Set: 0.52ms
[76.594s][info][gc,phases   ] GC(78)   Other: 0.13ms
[76.594s][info][gc,heap     ] GC(78) Eden regions: 255->0(254)
[76.594s][info][gc,heap     ] GC(78) Survivor regions: 17->18(34)
[76.594s][info][gc,heap     ] GC(78) Old regions: 78->78
[76.594s][info][gc,heap     ] GC(78) Humongous regions: 1->1
[76.594s][info][gc,metaspace] GC(78) Metaspace: 39464K(39936K)->39464K(39936K) NonClass: 35340K(35584K)->35340K(35584K) Class: 4123K(4352K)->4123K(4352K)
[76.594s][info][gc          ] GC(78) Pause Young (Concurrent Start) (G1 Evacuation Pause) 348M->94M(454M) 20.480ms
[76.594s][info][gc          ] GC(79) Concurrent Mark Cycle
[76.594s][info][gc,marking  ] GC(79) Concurrent Scan Root Regions
[76.594s][info][gc,cpu      ] GC(78) User=0.04s Sys=0.00s Real=0.02s
[76.623s][info][gc,marking  ] GC(79) Concurrent Scan Root Regions 29.496ms
[76.623s][info][gc,marking  ] GC(79) Concurrent Mark
[76.623s][info][gc,marking  ] GC(79) Concurrent Mark From Roots
[76.623s][info][gc,task     ] GC(79) Using 1 workers of 1 for marking
[76.825s][info][gc,marking  ] GC(79) Concurrent Mark From Roots 201.365ms
[76.825s][info][gc,marking  ] GC(79) Concurrent Preclean
[76.825s][info][gc,marking  ] GC(79) Concurrent Preclean 0.049ms
[76.825s][info][gc,start    ] GC(79) Pause Remark
[76.835s][info][gc          ] GC(79) Pause Remark 138M->136M(317M) 10.221ms
[76.835s][info][gc,cpu      ] GC(79) User=0.02s Sys=0.00s Real=0.01s
[76.837s][info][gc,marking  ] GC(79) Concurrent Mark 213.515ms
[76.837s][info][gc,marking  ] GC(79) Concurrent Rebuild Remembered Sets and Scrub Regions
[76.894s][info][gc,marking  ] GC(79) Concurrent Rebuild Remembered Sets and Scrub Regions 57.288ms
[76.894s][info][gc,start    ] GC(79) Pause Cleanup
[76.894s][info][gc          ] GC(79) Pause Cleanup 149M->149M(317M) 0.057ms
[76.894s][info][gc,cpu      ] GC(79) User=0.00s Sys=0.00s Real=0.00s
[76.894s][info][gc,marking  ] GC(79) Concurrent Clear Claimed Marks
[76.894s][info][gc,marking  ] GC(79) Concurrent Clear Claimed Marks 0.039ms
[76.894s][info][gc,marking  ] GC(79) Concurrent Cleanup for Next Mark
[76.896s][info][gc,marking  ] GC(79) Concurrent Cleanup for Next Mark 1.154ms
[76.896s][info][gc          ] GC(79) Concurrent Mark Cycle 301.914ms
[77.308s][info][gc,start    ] GC(80) Pause Young (Prepare Mixed) (G1 Evacuation Pause)
[77.308s][info][gc,task     ] GC(80) Using 2 workers of 2 for evacuation
[77.323s][info][gc,phases   ] GC(80)   Pre Evacuate Collection Set: 0.20ms
[77.323s][info][gc,phases   ] GC(80)   Merge Heap Roots: 0.11ms
[77.323s][info][gc,phases   ] GC(80)   Evacuate Collection Set: 14.20ms
[77.323s][info][gc,phases   ] GC(80)   Post Evacuate Collection Set: 0.46ms
[77.323s][info][gc,phases   ] GC(80)   Other: 0.11ms
[77.323s][info][gc,heap     ] GC(80) Eden regions: 172->0(186)
[77.323s][info][gc,heap     ] GC(80) Survivor regions: 18->4(24)
[77.323s][info][gc,heap     ] GC(80) Old regions: 76->89
[77.323s][info][gc,heap     ] GC(80) Humongous regions: 1->1
[77.323s][info][gc,metaspace] GC(80) Metaspace: 39493K(40000K)->39493K(40000K) NonClass: 35369K(35648K)->35369K(35648K) Class: 4124K(4352K)->4124K(4352K)
[77.323s][info][gc          ] GC(80) Pause Young (Prepare Mixed) (G1 Evacuation Pause) 264M->92M(317M) 15.301ms
[77.323s][info][gc,cpu      ] GC(80) User=0.03s Sys=0.00s Real=0.01s
[77.838s][info][gc,start    ] GC(81) Pause Young (Mixed) (G1 Evacuation Pause)
[77.838s][info][gc,task     ] GC(81) Using 2 workers of 2 for evacuation
[77.844s][info][gc,phases   ] GC(81)   Pre Evacuate Collection Set: 0.20ms
[77.844s][info][gc,phases   ] GC(81)   Merge Heap Roots: 0.08ms
[77.844s][info][gc,phases   ] GC(81)   Evacuate Collection Set: 5.47ms
[77.844s][info][gc,phases   ] GC(81)   Post Evacuate Collection Set: 0.49ms
[77.844s][info][gc,phases   ] GC(81)   Other: 0.08ms
[77.844s][info][gc,heap     ] GC(81) Eden regions: 186->0(183)
[77.844s][info][gc,heap     ] GC(81) Survivor regions: 4->7(24)
[77.844s][info][gc,heap     ] GC(81) Old regions: 89->86
[77.844s][info][gc,heap     ] GC(81) Humongous regions: 1->1
[77.844s][info][gc,metaspace] GC(81) Metaspace: 39495K(40000K)->39495K(40000K) NonClass: 35371K(35648K)->35371K(35648K) Class: 4124K(4352K)->4124K(4352K)
[77.844s][info][gc          ] GC(81) Pause Young (Mixed) (G1 Evacuation Pause) 278M->92M(317M) 6.522ms
[77.844s][info][gc,cpu      ] GC(81) User=0.01s Sys=0.00s Real=0.00s
[79.362s][info][gc,start    ] GC(82) Pause Young (Concurrent Start) (G1 Evacuation Pause)
[79.362s][info][gc,task     ] GC(82) Using 2 workers of 2 for evacuation
[79.368s][info][gc,phases   ] GC(82)   Pre Evacuate Collection Set: 0.18ms
[79.368s][info][gc,phases   ] GC(82)   Merge Heap Roots: 0.07ms
[79.368s][info][gc,phases   ] GC(82)   Evacuate Collection Set: 5.51ms
[79.368s][info][gc,phases   ] GC(82)   Post Evacuate Collection Set: 0.60ms
[79.368s][info][gc,phases   ] GC(82)   Other: 0.12ms
[79.368s][info][gc,heap     ] GC(82) Eden regions: 183->0(183)
[79.369s][info][gc,heap     ] GC(82) Survivor regions: 7->7(24)
[79.369s][info][gc,heap     ] GC(82) Old regions: 86->86
[79.369s][info][gc,heap     ] GC(82) Humongous regions: 1->1
[79.369s][info][gc,metaspace] GC(82) Metaspace: 40364K(40768K)->40364K(40768K) NonClass: 36075K(36288K)->36075K(36288K) Class: 4288K(4480K)->4288K(4480K)
[79.369s][info][gc          ] GC(82) Pause Young (Concurrent Start) (G1 Evacuation Pause) 275M->92M(317M) 6.732ms
[79.369s][info][gc,cpu      ] GC(82) User=0.01s Sys=0.00s Real=0.01s
[79.369s][info][gc          ] GC(83) Concurrent Mark Cycle
[79.369s][info][gc,marking  ] GC(83) Concurrent Scan Root Regions
[79.375s][info][gc,marking  ] GC(83) Concurrent Scan Root Regions 6.639ms
[79.375s][info][gc,marking  ] GC(83) Concurrent Mark
[79.375s][info][gc,marking  ] GC(83) Concurrent Mark From Roots
[79.375s][info][gc,task     ] GC(83) Using 1 workers of 1 for marking
[79.539s][info][gc,marking  ] GC(83) Concurrent Mark From Roots 163.521ms
[79.539s][info][gc,marking  ] GC(83) Concurrent Preclean
[79.539s][info][gc,marking  ] GC(83) Concurrent Preclean 0.047ms
[79.540s][info][gc,start    ] GC(83) Pause Remark
[79.555s][info][gc          ] GC(83) Pause Remark 110M->98M(274M) 15.138ms
[79.555s][info][gc,cpu      ] GC(83) User=0.03s Sys=0.00s Real=0.02s
[79.555s][info][gc,marking  ] GC(83) Concurrent Mark 179.850ms
[79.555s][info][gc,marking  ] GC(83) Concurrent Rebuild Remembered Sets and Scrub Regions
[79.620s][info][gc,marking  ] GC(83) Concurrent Rebuild Remembered Sets and Scrub Regions 64.614ms
[79.620s][info][gc,start    ] GC(83) Pause Cleanup
[79.620s][info][gc          ] GC(83) Pause Cleanup 106M->106M(274M) 0.065ms
[79.620s][info][gc,cpu      ] GC(83) User=0.00s Sys=0.00s Real=0.00s
[79.620s][info][gc,marking  ] GC(83) Concurrent Clear Claimed Marks
[79.620s][info][gc,marking  ] GC(83) Concurrent Clear Claimed Marks 0.041ms
[79.620s][info][gc,marking  ] GC(83) Concurrent Cleanup for Next Mark
[79.621s][info][gc,marking  ] GC(83) Concurrent Cleanup for Next Mark 0.845ms
[79.621s][info][gc          ] GC(83) Concurrent Mark Cycle 252.510ms
[80.427s][info][gc,start    ] GC(84) Pause Young (Prepare Mixed) (G1 Evacuation Pause)
[80.427s][info][gc,task     ] GC(84) Using 2 workers of 2 for evacuation
[80.438s][info][gc,phases   ] GC(84)   Pre Evacuate Collection Set: 0.18ms
[80.438s][info][gc,phases   ] GC(84)   Merge Heap Roots: 0.08ms
[80.438s][info][gc,phases   ] GC(84)   Evacuate Collection Set: 8.46ms
[80.438s][info][gc,phases   ] GC(84)   Post Evacuate Collection Set: 2.58ms
[80.438s][info][gc,phases   ] GC(84)   Other: 0.08ms
[80.439s][info][gc,heap     ] GC(84) Eden regions: 157->0(154)
[80.439s][info][gc,heap     ] GC(84) Survivor regions: 7->10(21)
[80.439s][info][gc,heap     ] GC(84) Old regions: 74->74
[80.439s][info][gc,heap     ] GC(84) Humongous regions: 1->1
[80.439s][info][gc,metaspace] GC(84) Metaspace: 40410K(40832K)->40410K(40832K) NonClass: 36122K(36352K)->36122K(36352K) Class: 4288K(4480K)->4288K(4480K)
[80.439s][info][gc          ] GC(84) Pause Young (Prepare Mixed) (G1 Evacuation Pause) 237M->82M(274M) 11.621ms
[80.439s][info][gc,cpu      ] GC(84) User=0.02s Sys=0.00s Real=0.01s
[82.126s][info][gc,start    ] GC(85) Pause Young (Mixed) (G1 Evacuation Pause)
[82.126s][info][gc,task     ] GC(85) Using 2 workers of 2 for evacuation
[82.140s][info][gc,phases   ] GC(85)   Pre Evacuate Collection Set: 0.23ms
[82.140s][info][gc,phases   ] GC(85)   Merge Heap Roots: 0.24ms
[82.140s][info][gc,phases   ] GC(85)   Evacuate Collection Set: 12.83ms
[82.140s][info][gc,phases   ] GC(85)   Post Evacuate Collection Set: 0.79ms
[82.140s][info][gc,phases   ] GC(85)   Other: 0.10ms
[82.140s][info][gc,heap     ] GC(85) Eden regions: 154->0(160)
[82.140s][info][gc,heap     ] GC(85) Survivor regions: 10->4(21)
[82.140s][info][gc,heap     ] GC(85) Old regions: 74->58
[82.140s][info][gc,heap     ] GC(85) Humongous regions: 1->1
[82.140s][info][gc,metaspace] GC(85) Metaspace: 40559K(41024K)->40559K(41024K) NonClass: 36260K(36544K)->36260K(36544K) Class: 4299K(4480K)->4299K(4480K)
[82.140s][info][gc          ] GC(85) Pause Young (Mixed) (G1 Evacuation Pause) 236M->60M(274M) 14.399ms
[82.140s][info][gc,cpu      ] GC(85) User=0.02s Sys=0.00s Real=0.01s
[82.212s][info][gc,start    ] GC(86) Pause Young (Concurrent Start) (G1 Humongous Allocation)
[82.212s][info][gc,task     ] GC(86) Using 2 workers of 2 for evacuation
[82.218s][info][gc,phases   ] GC(86)   Pre Evacuate Collection Set: 0.17ms
[82.218s][info][gc,phases   ] GC(86)   Merge Heap Roots: 0.05ms
[82.218s][info][gc,phases   ] GC(86)   Evacuate Collection Set: 4.69ms
[82.218s][info][gc,phases   ] GC(86)   Post Evacuate Collection Set: 0.43ms
[82.218s][info][gc,phases   ] GC(86)   Other: 0.10ms
[82.218s][info][gc,heap     ] GC(86) Eden regions: 7->0(160)
[82.218s][info][gc,heap     ] GC(86) Survivor regions: 4->4(21)
[82.218s][info][gc,heap     ] GC(86) Old regions: 58->58
[82.218s][info][gc,heap     ] GC(86) Humongous regions: 1->1
[82.218s][info][gc,metaspace] GC(86) Metaspace: 40596K(41088K)->40596K(41088K) NonClass: 36289K(36544K)->36289K(36544K) Class: 4307K(4544K)->4307K(4544K)
[82.218s][info][gc          ] GC(86) Pause Young (Concurrent Start) (G1 Humongous Allocation) 66M->60M(274M) 5.610ms
[82.218s][info][gc,cpu      ] GC(86) User=0.01s Sys=0.00s Real=0.01s
[82.218s][info][gc          ] GC(87) Concurrent Mark Cycle
[82.220s][info][gc,marking  ] GC(87) Concurrent Scan Root Regions
[82.229s][info][gc,marking  ] GC(87) Concurrent Scan Root Regions 8.966ms
[82.229s][info][gc,marking  ] GC(87) Concurrent Mark
[82.229s][info][gc,marking  ] GC(87) Concurrent Mark From Roots
[82.229s][info][gc,task     ] GC(87) Using 1 workers of 1 for marking
[82.355s][info][gc,marking  ] GC(87) Concurrent Mark From Roots 126.230ms
[82.355s][info][gc,marking  ] GC(87) Concurrent Preclean
[82.355s][info][gc,marking  ] GC(87) Concurrent Preclean 0.201ms
[82.356s][info][gc,start    ] GC(87) Pause Remark
[82.368s][info][gc          ] GC(87) Pause Remark 69M->69M(256M) 12.063ms
[82.368s][info][gc,cpu      ] GC(87) User=0.02s Sys=0.00s Real=0.01s
[82.368s][info][gc,marking  ] GC(87) Concurrent Mark 139.157ms
[82.368s][info][gc,marking  ] GC(87) Concurrent Rebuild Remembered Sets and Scrub Regions
[82.416s][info][gc,marking  ] GC(87) Concurrent Rebuild Remembered Sets and Scrub Regions 48.209ms
[82.418s][info][gc,start    ] GC(87) Pause Cleanup
[82.418s][info][gc          ] GC(87) Pause Cleanup 70M->70M(256M) 0.067ms
[82.418s][info][gc,cpu      ] GC(87) User=0.00s Sys=0.00s Real=0.00s
[82.419s][info][gc,marking  ] GC(87) Concurrent Clear Claimed Marks
[82.420s][info][gc,marking  ] GC(87) Concurrent Clear Claimed Marks 0.051ms
[82.420s][info][gc,marking  ] GC(87) Concurrent Cleanup for Next Mark
[82.422s][info][gc,marking  ] GC(87) Concurrent Cleanup for Next Mark 2.040ms
[82.422s][info][gc          ] GC(87) Concurrent Mark Cycle 203.708ms
[83.542s][info][gc,start    ] GC(88) Pause Young (Prepare Mixed) (G1 Evacuation Pause)
[83.542s][info][gc,task     ] GC(88) Using 2 workers of 2 for evacuation
[83.561s][info][gc,phases   ] GC(88)   Pre Evacuate Collection Set: 0.20ms
[83.561s][info][gc,phases   ] GC(88)   Merge Heap Roots: 0.10ms
[83.561s][info][gc,phases   ] GC(88)   Evacuate Collection Set: 17.67ms
[83.561s][info][gc,phases   ] GC(88)   Post Evacuate Collection Set: 0.77ms
[83.561s][info][gc,phases   ] GC(88)   Other: 0.11ms
[83.561s][info][gc,heap     ] GC(88) Eden regions: 149->0(140)
[83.561s][info][gc,heap     ] GC(88) Survivor regions: 4->13(20)
[83.561s][info][gc,heap     ] GC(88) Old regions: 58->58
[83.561s][info][gc,heap     ] GC(88) Humongous regions: 13->3
[83.561s][info][gc,metaspace] GC(88) Metaspace: 40838K(41344K)->40838K(41344K) NonClass: 36504K(36800K)->36504K(36800K) Class: 4333K(4544K)->4333K(4544K)
[83.561s][info][gc          ] GC(88) Pause Young (Prepare Mixed) (G1 Evacuation Pause) 221M->71M(256M) 19.048ms
[83.561s][info][gc,cpu      ] GC(88) User=0.03s Sys=0.00s Real=0.02s
[84.254s][info][gc,start    ] GC(89) Pause Young (Mixed) (G1 Evacuation Pause)
[84.254s][info][gc,task     ] GC(89) Using 2 workers of 2 for evacuation
[84.292s][info][gc,phases   ] GC(89)   Pre Evacuate Collection Set: 0.20ms
[84.292s][info][gc,phases   ] GC(89)   Merge Heap Roots: 0.17ms
[84.292s][info][gc,phases   ] GC(89)   Evacuate Collection Set: 37.44ms
[84.292s][info][gc,phases   ] GC(89)   Post Evacuate Collection Set: 0.50ms
[84.292s][info][gc,phases   ] GC(89)   Other: 0.09ms
[84.293s][info][gc,heap     ] GC(89) Eden regions: 140->0(138)
[84.293s][info][gc,heap     ] GC(89) Survivor regions: 13->15(20)
[84.293s][info][gc,heap     ] GC(89) Old regions: 58->59
[84.293s][info][gc,heap     ] GC(89) Humongous regions: 4->4
[84.293s][info][gc,metaspace] GC(89) Metaspace: 40859K(41344K)->40859K(41344K) NonClass: 36525K(36800K)->36525K(36800K) Class: 4333K(4544K)->4333K(4544K)
[84.293s][info][gc          ] GC(89) Pause Young (Mixed) (G1 Evacuation Pause) 212M->75M(256M) 38.590ms
[84.293s][info][gc,cpu      ] GC(89) User=0.08s Sys=0.00s Real=0.04s
[84.781s][info][gc,start    ] GC(90) Pause Young (Concurrent Start) (G1 Humongous Allocation)
[84.781s][info][gc,task     ] GC(90) Using 2 workers of 2 for evacuation
[84.823s][info][gc,phases   ] GC(90)   Pre Evacuate Collection Set: 0.17ms
[84.824s][info][gc,phases   ] GC(90)   Merge Heap Roots: 0.07ms
[84.824s][info][gc,phases   ] GC(90)   Evacuate Collection Set: 39.94ms
[84.824s][info][gc,phases   ] GC(90)   Post Evacuate Collection Set: 0.40ms
[84.824s][info][gc,phases   ] GC(90)   Other: 1.90ms
[84.824s][info][gc,heap     ] GC(90) Eden regions: 122->0(134)
[84.824s][info][gc,heap     ] GC(90) Survivor regions: 15->13(20)
[84.824s][info][gc,heap     ] GC(90) Old regions: 59->73
[84.824s][info][gc,heap     ] GC(90) Humongous regions: 4->4
[84.824s][info][gc,metaspace] GC(90) Metaspace: 40865K(41344K)->40865K(41344K) NonClass: 36531K(36800K)->36531K(36800K) Class: 4333K(4544K)->4333K(4544K)
[84.824s][info][gc          ] GC(90) Pause Young (Concurrent Start) (G1 Humongous Allocation) 197M->88M(256M) 42.714ms
[84.824s][info][gc          ] GC(91) Concurrent Mark Cycle
[84.824s][info][gc,marking  ] GC(91) Concurrent Scan Root Regions
[84.824s][info][gc,cpu      ] GC(90) User=0.08s Sys=0.00s Real=0.04s
[84.872s][info][gc,marking  ] GC(91) Concurrent Scan Root Regions 48.144ms
[84.872s][info][gc,marking  ] GC(91) Concurrent Mark
[84.872s][info][gc,marking  ] GC(91) Concurrent Mark From Roots
[84.872s][info][gc,task     ] GC(91) Using 1 workers of 1 for marking
[85.000s][info][gc,marking  ] GC(91) Concurrent Mark From Roots 128.044ms
[85.000s][info][gc,marking  ] GC(91) Concurrent Preclean
[85.000s][info][gc,marking  ] GC(91) Concurrent Preclean 0.054ms
[85.000s][info][gc,start    ] GC(91) Pause Remark
[85.018s][info][gc          ] GC(91) Pause Remark 113M->110M(256M) 17.654ms
[85.018s][info][gc,cpu      ] GC(91) User=0.04s Sys=0.00s Real=0.02s
[85.019s][info][gc,marking  ] GC(91) Concurrent Mark 147.056ms
[85.019s][info][gc,marking  ] GC(91) Concurrent Rebuild Remembered Sets and Scrub Regions
[85.110s][info][gc,marking  ] GC(91) Concurrent Rebuild Remembered Sets and Scrub Regions 91.406ms
[85.111s][info][gc,start    ] GC(91) Pause Cleanup
[85.111s][info][gc          ] GC(91) Pause Cleanup 124M->124M(256M) 0.055ms
[85.111s][info][gc,cpu      ] GC(91) User=0.00s Sys=0.00s Real=0.00s
[85.115s][info][gc,marking  ] GC(91) Concurrent Clear Claimed Marks
[85.115s][info][gc,marking  ] GC(91) Concurrent Clear Claimed Marks 0.058ms
[85.115s][info][gc,marking  ] GC(91) Concurrent Cleanup for Next Mark
[85.118s][info][gc,marking  ] GC(91) Concurrent Cleanup for Next Mark 2.732ms
[85.118s][info][gc          ] GC(91) Concurrent Mark Cycle 294.073ms
[85.610s][info][gc,start    ] GC(92) Pause Young (Prepare Mixed) (G1 Evacuation Pause)
[85.610s][info][gc,task     ] GC(92) Using 2 workers of 2 for evacuation
[85.674s][info][gc,phases   ] GC(92)   Pre Evacuate Collection Set: 1.70ms
[85.674s][info][gc,phases   ] GC(92)   Merge Heap Roots: 0.13ms
[85.674s][info][gc,phases   ] GC(92)   Evacuate Collection Set: 61.40ms
[85.674s][info][gc,phases   ] GC(92)   Post Evacuate Collection Set: 0.69ms
[85.674s][info][gc,phases   ] GC(92)   Other: 0.08ms
[85.674s][info][gc,heap     ] GC(92) Eden regions: 134->0(122)
[85.674s][info][gc,heap     ] GC(92) Survivor regions: 13->14(19)
[85.674s][info][gc,heap     ] GC(92) Old regions: 70->83
[85.674s][info][gc,heap     ] GC(92) Humongous regions: 6->6
[85.674s][info][gc,metaspace] GC(92) Metaspace: 40872K(41344K)->40872K(41344K) NonClass: 36539K(36800K)->36539K(36800K) Class: 4333K(4544K)->4333K(4544K)
[85.674s][info][gc          ] GC(92) Pause Young (Prepare Mixed) (G1 Evacuation Pause) 221M->101M(256M) 64.204ms
[85.675s][info][gc,cpu      ] GC(92) User=0.12s Sys=0.00s Real=0.06s
[86.213s][info][gc,start    ] GC(93) Pause Young (Mixed) (G1 Evacuation Pause)
[86.213s][info][gc,task     ] GC(93) Using 2 workers of 2 for evacuation
[86.252s][info][gc,phases   ] GC(93)   Pre Evacuate Collection Set: 0.22ms
[86.252s][info][gc,phases   ] GC(93)   Merge Heap Roots: 0.13ms
[86.252s][info][gc,phases   ] GC(93)   Evacuate Collection Set: 37.89ms
[86.252s][info][gc,phases   ] GC(93)   Post Evacuate Collection Set: 0.69ms
[86.252s][info][gc,phases   ] GC(93)   Other: 0.07ms
[86.252s][info][gc,heap     ] GC(93) Eden regions: 122->0(119)
[86.252s][info][gc,heap     ] GC(93) Survivor regions: 14->13(17)
[86.252s][info][gc,heap     ] GC(93) Old regions: 83->87
[86.252s][info][gc,heap     ] GC(93) Humongous regions: 6->6
[86.252s][info][gc,metaspace] GC(93) Metaspace: 40881K(41344K)->40881K(41344K) NonClass: 36548K(36800K)->36548K(36800K) Class: 4333K(4544K)->4333K(4544K)
[86.252s][info][gc          ] GC(93) Pause Young (Mixed) (G1 Evacuation Pause) 223M->105M(256M) 39.207ms
[86.252s][info][gc,cpu      ] GC(93) User=0.08s Sys=0.00s Real=0.04s
[86.523s][info][gc,start    ] GC(94) Pause Young (Concurrent Start) (G1 Humongous Allocation)
[86.523s][info][gc,task     ] GC(94) Using 2 workers of 2 for evacuation
[86.551s][info][gc,phases   ] GC(94)   Pre Evacuate Collection Set: 0.16ms
[86.551s][info][gc,phases   ] GC(94)   Merge Heap Roots: 0.07ms
[86.551s][info][gc,phases   ] GC(94)   Evacuate Collection Set: 27.06ms
[86.551s][info][gc,phases   ] GC(94)   Post Evacuate Collection Set: 0.36ms
[86.551s][info][gc,phases   ] GC(94)   Other: 0.13ms
[86.551s][info][gc,heap     ] GC(94) Eden regions: 51->0(115)
[86.551s][info][gc,heap     ] GC(94) Survivor regions: 13->6(17)
[86.551s][info][gc,heap     ] GC(94) Old regions: 87->100
[86.551s][info][gc,heap     ] GC(94) Humongous regions: 6->6
[86.551s][info][gc,metaspace] GC(94) Metaspace: 40881K(41344K)->40881K(41344K) NonClass: 36548K(36800K)->36548K(36800K) Class: 4333K(4544K)->4333K(4544K)
[86.551s][info][gc          ] GC(94) Pause Young (Concurrent Start) (G1 Humongous Allocation) 156M->110M(256M) 28.014ms
[86.551s][info][gc,cpu      ] GC(94) User=0.06s Sys=0.00s Real=0.03s
[86.551s][info][gc          ] GC(95) Concurrent Mark Cycle
[86.551s][info][gc,marking  ] GC(95) Concurrent Scan Root Regions
[86.584s][info][gc,marking  ] GC(95) Concurrent Scan Root Regions 33.172ms
[86.584s][info][gc,marking  ] GC(95) Concurrent Mark
[86.584s][info][gc,marking  ] GC(95) Concurrent Mark From Roots
[86.584s][info][gc,task     ] GC(95) Using 1 workers of 1 for marking
[86.862s][info][gc,marking  ] GC(95) Concurrent Mark From Roots 277.345ms
[86.862s][info][gc,marking  ] GC(95) Concurrent Preclean
[86.862s][info][gc,marking  ] GC(95) Concurrent Preclean 0.036ms
[86.862s][info][gc,start    ] GC(95) Pause Remark
[86.874s][info][gc          ] GC(95) Pause Remark 156M->155M(256M) 12.287ms
[86.874s][info][gc,cpu      ] GC(95) User=0.03s Sys=0.00s Real=0.01s
[86.877s][info][gc,marking  ] GC(95) Concurrent Mark 292.464ms
[86.877s][info][gc,marking  ] GC(95) Concurrent Rebuild Remembered Sets and Scrub Regions
[87.017s][info][gc,marking  ] GC(95) Concurrent Rebuild Remembered Sets and Scrub Regions 140.520ms
[87.017s][info][gc,start    ] GC(95) Pause Cleanup
[87.018s][info][gc          ] GC(95) Pause Cleanup 177M->177M(256M) 0.059ms
[87.018s][info][gc,cpu      ] GC(95) User=0.00s Sys=0.00s Real=0.00s
[87.020s][info][gc,marking  ] GC(95) Concurrent Clear Claimed Marks
[87.020s][info][gc,marking  ] GC(95) Concurrent Clear Claimed Marks 0.059ms
[87.020s][info][gc,marking  ] GC(95) Concurrent Cleanup for Next Mark
[87.021s][info][gc,marking  ] GC(95) Concurrent Cleanup for Next Mark 0.777ms
[87.021s][info][gc          ] GC(95) Concurrent Mark Cycle 469.771ms
[87.349s][info][gc,start    ] GC(96) Pause Young (Prepare Mixed) (G1 Evacuation Pause)
[87.349s][info][gc,task     ] GC(96) Using 2 workers of 2 for evacuation
[87.374s][info][gc,phases   ] GC(96)   Pre Evacuate Collection Set: 0.19ms
[87.374s][info][gc,phases   ] GC(96)   Merge Heap Roots: 0.15ms
[87.374s][info][gc,phases   ] GC(96)   Evacuate Collection Set: 24.60ms
[87.374s][info][gc,phases   ] GC(96)   Post Evacuate Collection Set: 0.48ms
[87.374s][info][gc,phases   ] GC(96)   Other: 0.08ms
[87.374s][info][gc,heap     ] GC(96) Eden regions: 115->0(100)
[87.374s][info][gc,heap     ] GC(96) Survivor regions: 6->16(16)
[87.374s][info][gc,heap     ] GC(96) Old regions: 100->101
[87.374s][info][gc,heap     ] GC(96) Humongous regions: 11->9
[87.374s][info][gc,metaspace] GC(96) Metaspace: 40884K(41344K)->40884K(41344K) NonClass: 36551K(36800K)->36551K(36800K) Class: 4333K(4544K)->4333K(4544K)
[87.374s][info][gc          ] GC(96) Pause Young (Prepare Mixed) (G1 Evacuation Pause) 230M->125M(256M) 25.665ms
[87.374s][info][gc,cpu      ] GC(96) User=0.05s Sys=0.00s Real=0.02s
[89.836s][info][gc,start    ] GC(97) Pause Young (Mixed) (G1 Evacuation Pause)
[89.836s][info][gc,task     ] GC(97) Using 2 workers of 2 for evacuation
[89.893s][info][gc,phases   ] GC(97)   Pre Evacuate Collection Set: 0.20ms
[89.893s][info][gc,phases   ] GC(97)   Merge Heap Roots: 0.27ms
[89.893s][info][gc,phases   ] GC(97)   Evacuate Collection Set: 54.79ms
[89.893s][info][gc,phases   ] GC(97)   Post Evacuate Collection Set: 1.02ms
[89.893s][info][gc,phases   ] GC(97)   Other: 0.07ms
[89.893s][info][gc,heap     ] GC(97) Eden regions: 100->0(148)
[89.893s][info][gc,heap     ] GC(97) Survivor regions: 16->12(15)
[89.893s][info][gc,heap     ] GC(97) Old regions: 101->116
[89.893s][info][gc,heap     ] GC(97) Humongous regions: 17->17
[89.893s][info][gc,metaspace] GC(97) Metaspace: 40884K(41344K)->40884K(41344K) NonClass: 36551K(36800K)->36551K(36800K) Class: 4333K(4544K)->4333K(4544K)
[89.893s][info][gc          ] GC(97) Pause Young (Mixed) (G1 Evacuation Pause) (Evacuation Failure: Pinned) 233M->143M(328M) 56.580ms
[89.893s][info][gc,cpu      ] GC(97) User=0.09s Sys=0.01s Real=0.05s
[91.232s][info][gc,start    ] GC(98) Pause Young (Concurrent Start) (G1 Humongous Allocation)
[91.232s][info][gc,task     ] GC(98) Using 2 workers of 2 for evacuation
[91.262s][info][gc,phases   ] GC(98)   Pre Evacuate Collection Set: 0.23ms
[91.262s][info][gc,phases   ] GC(98)   Merge Heap Roots: 0.23ms
[91.262s][info][gc,phases   ] GC(98)   Evacuate Collection Set: 28.54ms
[91.262s][info][gc,phases   ] GC(98)   Post Evacuate Collection Set: 0.31ms
[91.262s][info][gc,phases   ] GC(98)   Other: 0.12ms
[91.262s][info][gc,heap     ] GC(98) Eden regions: 26->0(150)
[91.262s][info][gc,heap     ] GC(98) Survivor regions: 12->6(20)
[91.262s][info][gc,heap     ] GC(98) Old regions: 116->124
[91.262s][info][gc,heap     ] GC(98) Humongous regions: 17->15
[91.262s][info][gc,metaspace] GC(98) Metaspace: 40886K(41344K)->40886K(41344K) NonClass: 36552K(36800K)->36552K(36800K) Class: 4333K(4544K)->4333K(4544K)
[91.262s][info][gc          ] GC(98) Pause Young (Concurrent Start) (G1 Humongous Allocation) 169M->143M(328M) 29.639ms
[91.262s][info][gc,cpu      ] GC(98) User=0.05s Sys=0.01s Real=0.03s
[91.262s][info][gc          ] GC(99) Concurrent Mark Cycle
[91.262s][info][gc,marking  ] GC(99) Concurrent Scan Root Regions
[91.287s][info][gc,marking  ] GC(99) Concurrent Scan Root Regions 24.898ms
[91.287s][info][gc,marking  ] GC(99) Concurrent Mark
[91.287s][info][gc,marking  ] GC(99) Concurrent Mark From Roots
[91.287s][info][gc,task     ] GC(99) Using 1 workers of 1 for marking
[91.367s][info][gc,marking  ] GC(99) Concurrent Mark From Roots 79.737ms
[91.367s][info][gc,marking  ] GC(99) Concurrent Preclean
[91.367s][info][gc,marking  ] GC(99) Concurrent Preclean 0.036ms
[91.368s][info][gc,start    ] GC(99) Pause Remark
[91.380s][info][gc          ] GC(99) Pause Remark 161M->140M(328M) 12.158ms
[91.380s][info][gc,cpu      ] GC(99) User=0.03s Sys=0.00s Real=0.01s
[91.380s][info][gc,marking  ] GC(99) Concurrent Mark 92.829ms
[91.380s][info][gc,marking  ] GC(99) Concurrent Rebuild Remembered Sets and Scrub Regions
[91.424s][info][gc,marking  ] GC(99) Concurrent Rebuild Remembered Sets and Scrub Regions 44.627ms
[91.425s][info][gc,start    ] GC(99) Pause Cleanup
[91.425s][info][gc          ] GC(99) Pause Cleanup 145M->145M(328M) 0.125ms
[91.425s][info][gc,cpu      ] GC(99) User=0.00s Sys=0.00s Real=0.01s
[91.425s][info][gc,marking  ] GC(99) Concurrent Clear Claimed Marks
[91.425s][info][gc,marking  ] GC(99) Concurrent Clear Claimed Marks 0.044ms
[91.425s][info][gc,marking  ] GC(99) Concurrent Cleanup for Next Mark
[91.429s][info][gc,marking  ] GC(99) Concurrent Cleanup for Next Mark 3.916ms
[91.429s][info][gc          ] GC(99) Concurrent Mark Cycle 167.089ms
[92.157s][info][gc,start    ] GC(100) Pause Young (Prepare Mixed) (G1 Evacuation Pause)
[92.157s][info][gc,task     ] GC(100) Using 2 workers of 2 for evacuation
[92.167s][info][gc,phases   ] GC(100)   Pre Evacuate Collection Set: 0.24ms
[92.167s][info][gc,phases   ] GC(100)   Merge Heap Roots: 0.06ms
[92.167s][info][gc,phases   ] GC(100)   Evacuate Collection Set: 9.57ms
[92.167s][info][gc,phases   ] GC(100)   Post Evacuate Collection Set: 0.42ms
[92.167s][info][gc,phases   ] GC(100)   Other: 0.07ms
[92.167s][info][gc,heap     ] GC(100) Eden regions: 150->0(173)
[92.167s][info][gc,heap     ] GC(100) Survivor regions: 6->8(20)
[92.167s][info][gc,heap     ] GC(100) Old regions: 117->117
[92.167s][info][gc,heap     ] GC(100) Humongous regions: 3->1
[92.167s][info][gc,metaspace] GC(100) Metaspace: 41039K(41536K)->41039K(41536K) NonClass: 36705K(36992K)->36705K(36992K) Class: 4333K(4544K)->4333K(4544K)
[92.167s][info][gc          ] GC(100) Pause Young (Prepare Mixed) (G1 Evacuation Pause) 274M->125M(328M) 10.547ms
[92.167s][info][gc,cpu      ] GC(100) User=0.02s Sys=0.00s Real=0.01s
[93.012s][info][gc,start    ] GC(101) Pause Young (Mixed) (G1 Evacuation Pause)
[93.012s][info][gc,task     ] GC(101) Using 2 workers of 2 for evacuation
[93.030s][info][gc,phases   ] GC(101)   Pre Evacuate Collection Set: 0.22ms
[93.030s][info][gc,phases   ] GC(101)   Merge Heap Roots: 0.14ms
[93.030s][info][gc,phases   ] GC(101)   Evacuate Collection Set: 16.79ms
[93.030s][info][gc,phases   ] GC(101)   Post Evacuate Collection Set: 0.61ms
[93.030s][info][gc,phases   ] GC(101)   Other: 0.08ms
[93.030s][info][gc,heap     ] GC(101) Eden regions: 173->0(183)
[93.030s][info][gc,heap     ] GC(101) Survivor regions: 8->13(23)
[93.030s][info][gc,heap     ] GC(101) Old regions: 117->84
[93.030s][info][gc,heap     ] GC(101) Humongous regions: 1->1
[93.030s][info][gc,metaspace] GC(101) Metaspace: 41125K(41600K)->41125K(41600K) NonClass: 36792K(37056K)->36792K(37056K) Class: 4333K(4544K)->4333K(4544K)
[93.030s][info][gc          ] GC(101) Pause Young (Mixed) (G1 Evacuation Pause) 298M->97M(328M) 18.048ms
[93.030s][info][gc,cpu      ] GC(101) User=0.03s Sys=0.00s Real=0.02s
[94.428s][info][gc,start    ] GC(102) Pause Young (Mixed) (G1 Evacuation Pause)
[94.428s][info][gc,task     ] GC(102) Using 2 workers of 2 for evacuation
[94.453s][info][gc,phases   ] GC(102)   Pre Evacuate Collection Set: 0.68ms
[94.453s][info][gc,phases   ] GC(102)   Merge Heap Roots: 0.58ms
[94.453s][info][gc,phases   ] GC(102)   Evacuate Collection Set: 23.09ms
[94.453s][info][gc,phases   ] GC(102)   Post Evacuate Collection Set: 0.50ms
[94.453s][info][gc,phases   ] GC(102)   Other: 0.08ms
[94.453s][info][gc,heap     ] GC(102) Eden regions: 183->0(175)
[94.453s][info][gc,heap     ] GC(102) Survivor regions: 13->21(25)
[94.453s][info][gc,heap     ] GC(102) Old regions: 84->54
[94.453s][info][gc,heap     ] GC(102) Humongous regions: 1->1
[94.453s][info][gc,metaspace] GC(102) Metaspace: 41127K(41600K)->41127K(41600K) NonClass: 36794K(37056K)->36794K(37056K) Class: 4333K(4544K)->4333K(4544K)
[94.453s][info][gc          ] GC(102) Pause Young (Mixed) (G1 Evacuation Pause) 280M->74M(328M) 25.145ms
[94.453s][info][gc,cpu      ] GC(102) User=0.04s Sys=0.00s Real=0.02s
[95.796s][info][gc,start    ] GC(103) Pause Young (Concurrent Start) (G1 Evacuation Pause)
[95.796s][info][gc,task     ] GC(103) Using 2 workers of 2 for evacuation
[95.806s][info][gc,phases   ] GC(103)   Pre Evacuate Collection Set: 0.22ms
[95.806s][info][gc,phases   ] GC(103)   Merge Heap Roots: 0.07ms
[95.806s][info][gc,phases   ] GC(103)   Evacuate Collection Set: 8.97ms
[95.806s][info][gc,phases   ] GC(103)   Post Evacuate Collection Set: 0.42ms
[95.806s][info][gc,phases   ] GC(103)   Other: 0.09ms
[95.806s][info][gc,heap     ] GC(103) Eden regions: 175->0(194)
[95.806s][info][gc,heap     ] GC(103) Survivor regions: 21->2(25)
[95.806s][info][gc,heap     ] GC(103) Old regions: 54->64
[95.806s][info][gc,heap     ] GC(103) Humongous regions: 1->1
[95.806s][info][gc,metaspace] GC(103) Metaspace: 41128K(41600K)->41128K(41600K) NonClass: 36794K(37056K)->36794K(37056K) Class: 4333K(4544K)->4333K(4544K)
[95.806s][info][gc          ] GC(103) Pause Young (Concurrent Start) (G1 Evacuation Pause) 249M->65M(328M) 9.938ms
[95.806s][info][gc,cpu      ] GC(103) User=0.02s Sys=0.00s Real=0.01s
[95.806s][info][gc          ] GC(104) Concurrent Mark Cycle
[95.806s][info][gc,marking  ] GC(104) Concurrent Scan Root Regions
[95.816s][info][gc,marking  ] GC(104) Concurrent Scan Root Regions 10.074ms
[95.816s][info][gc,marking  ] GC(104) Concurrent Mark
[95.816s][info][gc,marking  ] GC(104) Concurrent Mark From Roots
[95.816s][info][gc,task     ] GC(104) Using 1 workers of 1 for marking
[95.870s][info][gc,marking  ] GC(104) Concurrent Mark From Roots 54.143ms
[95.870s][info][gc,marking  ] GC(104) Concurrent Preclean
[95.870s][info][gc,marking  ] GC(104) Concurrent Preclean 0.067ms
[95.870s][info][gc,start    ] GC(104) Pause Remark
[95.888s][info][gc          ] GC(104) Pause Remark 70M->59M(256M) 17.828ms
[95.888s][info][gc,cpu      ] GC(104) User=0.03s Sys=0.00s Real=0.02s
[95.891s][info][gc,marking  ] GC(104) Concurrent Mark 74.915ms
[95.891s][info][gc,marking  ] GC(104) Concurrent Rebuild Remembered Sets and Scrub Regions
[95.922s][info][gc,marking  ] GC(104) Concurrent Rebuild Remembered Sets and Scrub Regions 31.128ms
[95.922s][info][gc,start    ] GC(104) Pause Cleanup
[95.922s][info][gc          ] GC(104) Pause Cleanup 61M->61M(256M) 0.054ms
[95.922s][info][gc,cpu      ] GC(104) User=0.00s Sys=0.00s Real=0.00s
[95.924s][info][gc,marking  ] GC(104) Concurrent Clear Claimed Marks
[95.924s][info][gc,marking  ] GC(104) Concurrent Clear Claimed Marks 0.056ms
[95.924s][info][gc,marking  ] GC(104) Concurrent Cleanup for Next Mark
[95.925s][info][gc,marking  ] GC(104) Concurrent Cleanup for Next Mark 0.773ms
[95.925s][info][gc          ] GC(104) Concurrent Mark Cycle 119.093ms
[97.000s][info][gc,start    ] GC(105) Pause Young (Prepare Mixed) (G1 Evacuation Pause)
[97.000s][info][gc,task     ] GC(105) Using 2 workers of 2 for evacuation
[97.047s][info][gc,phases   ] GC(105)   Pre Evacuate Collection Set: 3.14ms
[97.047s][info][gc,phases   ] GC(105)   Merge Heap Roots: 0.07ms
[97.047s][info][gc,phases   ] GC(105)   Evacuate Collection Set: 43.41ms
[97.047s][info][gc,phases   ] GC(105)   Post Evacuate Collection Set: 0.65ms
[97.047s][info][gc,phases   ] GC(105)   Other: 0.09ms
[97.047s][info][gc,heap     ] GC(105) Eden regions: 151->0(139)
[97.047s][info][gc,heap     ] GC(105) Survivor regions: 2->14(20)
[97.047s][info][gc,heap     ] GC(105) Old regions: 53->53
[97.047s][info][gc,heap     ] GC(105) Humongous regions: 1->1
[97.047s][info][gc,metaspace] GC(105) Metaspace: 41128K(41600K)->41128K(41600K) NonClass: 36794K(37056K)->36794K(37056K) Class: 4333K(4544K)->4333K(4544K)
[97.047s][info][gc          ] GC(105) Pause Young (Prepare Mixed) (G1 Evacuation Pause) 205M->66M(256M) 47.571ms
[97.047s][info][gc,cpu      ] GC(105) User=0.07s Sys=0.00s Real=0.05s
[97.973s][info][gc,start    ] GC(106) Pause Young (Mixed) (G1 Evacuation Pause)
[97.973s][info][gc,task     ] GC(106) Using 2 workers of 2 for evacuation
[98.003s][info][gc,phases   ] GC(106)   Pre Evacuate Collection Set: 0.19ms
[98.003s][info][gc,phases   ] GC(106)   Merge Heap Roots: 0.11ms
[98.003s][info][gc,phases   ] GC(106)   Evacuate Collection Set: 29.42ms
[98.003s][info][gc,phases   ] GC(106)   Post Evacuate Collection Set: 0.45ms
[98.003s][info][gc,phases   ] GC(106)   Other: 0.09ms
[98.003s][info][gc,heap     ] GC(106) Eden regions: 139->0(139)
[98.003s][info][gc,heap     ] GC(106) Survivor regions: 14->14(20)
[98.003s][info][gc,heap     ] GC(106) Old regions: 53->55
[98.003s][info][gc,heap     ] GC(106) Humongous regions: 2->2
[98.003s][info][gc,metaspace] GC(106) Metaspace: 41129K(41600K)->41129K(41600K) NonClass: 36796K(37056K)->36796K(37056K) Class: 4333K(4544K)->4333K(4544K)
[98.003s][info][gc          ] GC(106) Pause Young (Mixed) (G1 Evacuation Pause) 206M->69M(256M) 30.511ms
[98.003s][info][gc,cpu      ] GC(106) User=0.05s Sys=0.00s Real=0.03s
[98.854s][info][gc,start    ] GC(107) Pause Young (Concurrent Start) (G1 Evacuation Pause)
[98.854s][info][gc,task     ] GC(107) Using 2 workers of 2 for evacuation
[98.881s][info][gc,phases   ] GC(107)   Pre Evacuate Collection Set: 0.17ms
[98.881s][info][gc,phases   ] GC(107)   Merge Heap Roots: 0.08ms
[98.881s][info][gc,phases   ] GC(107)   Evacuate Collection Set: 25.41ms
[98.881s][info][gc,phases   ] GC(107)   Post Evacuate Collection Set: 0.43ms
[98.881s][info][gc,phases   ] GC(107)   Other: 0.11ms
[98.881s][info][gc,heap     ] GC(107) Eden regions: 139->0(139)
[98.881s][info][gc,heap     ] GC(107) Survivor regions: 14->14(20)
[98.881s][info][gc,heap     ] GC(107) Old regions: 55->68
[98.881s][info][gc,heap     ] GC(107) Humongous regions: 2->2
[98.881s][info][gc,metaspace] GC(107) Metaspace: 41130K(41600K)->41130K(41600K) NonClass: 36796K(37056K)->36796K(37056K) Class: 4333K(4544K)->4333K(4544K)
[98.881s][info][gc          ] GC(107) Pause Young (Concurrent Start) (G1 Evacuation Pause) 208M->82M(256M) 26.427ms
[98.881s][info][gc          ] GC(108) Concurrent Mark Cycle
[98.881s][info][gc,marking  ] GC(108) Concurrent Scan Root Regions
[98.883s][info][gc,cpu      ] GC(107) User=0.06s Sys=0.00s Real=0.03s
[98.900s][info][gc,marking  ] GC(108) Concurrent Scan Root Regions 19.018ms
[98.900s][info][gc,marking  ] GC(108) Concurrent Mark
[98.900s][info][gc,marking  ] GC(108) Concurrent Mark From Roots
[98.900s][info][gc,task     ] GC(108) Using 1 workers of 1 for marking
[98.933s][info][gc,marking  ] GC(108) Concurrent Mark From Roots 33.411ms
[98.933s][info][gc,marking  ] GC(108) Concurrent Preclean
[98.933s][info][gc,marking  ] GC(108) Concurrent Preclean 0.033ms
[98.934s][info][gc,start    ] GC(108) Pause Remark
[98.947s][info][gc          ] GC(108) Pause Remark 90M->82M(256M) 13.431ms
[98.947s][info][gc,cpu      ] GC(108) User=0.02s Sys=0.00s Real=0.02s
[98.947s][info][gc,marking  ] GC(108) Concurrent Mark 47.244ms
[98.947s][info][gc,marking  ] GC(108) Concurrent Rebuild Remembered Sets and Scrub Regions
[98.972s][info][gc,marking  ] GC(108) Concurrent Rebuild Remembered Sets and Scrub Regions 24.330ms
[98.972s][info][gc,start    ] GC(108) Pause Cleanup
[98.972s][info][gc          ] GC(108) Pause Cleanup 86M->86M(256M) 0.045ms
[98.972s][info][gc,cpu      ] GC(108) User=0.00s Sys=0.00s Real=0.00s
[98.972s][info][gc,marking  ] GC(108) Concurrent Clear Claimed Marks
[98.972s][info][gc,marking  ] GC(108) Concurrent Clear Claimed Marks 0.038ms
[98.972s][info][gc,marking  ] GC(108) Concurrent Cleanup for Next Mark
[98.973s][info][gc,marking  ] GC(108) Concurrent Cleanup for Next Mark 0.776ms
[98.973s][info][gc          ] GC(108) Concurrent Mark Cycle 91.741ms
[99.570s][info][gc,start    ] GC(109) Pause Young (Prepare Mixed) (G1 Evacuation Pause)
[99.570s][info][gc,task     ] GC(109) Using 2 workers of 2 for evacuation
[99.603s][info][gc,phases   ] GC(109)   Pre Evacuate Collection Set: 0.18ms
[99.603s][info][gc,phases   ] GC(109)   Merge Heap Roots: 0.08ms
[99.603s][info][gc,phases   ] GC(109)   Evacuate Collection Set: 32.18ms
[99.603s][info][gc,phases   ] GC(109)   Post Evacuate Collection Set: 0.43ms
[99.603s][info][gc,phases   ] GC(109)   Other: 0.10ms
[99.604s][info][gc,heap     ] GC(109) Eden regions: 139->0(127)
[99.604s][info][gc,heap     ] GC(109) Survivor regions: 14->20(20)
[99.604s][info][gc,heap     ] GC(109) Old regions: 60->67
[99.604s][info][gc,heap     ] GC(109) Humongous regions: 4->4
[99.604s][info][gc,metaspace] GC(109) Metaspace: 41134K(41600K)->41134K(41600K) NonClass: 36800K(37056K)->36800K(37056K) Class: 4333K(4544K)->4333K(4544K)
[99.604s][info][gc          ] GC(109) Pause Young (Prepare Mixed) (G1 Evacuation Pause) 215M->88M(256M) 33.192ms
[99.604s][info][gc,cpu      ] GC(109) User=0.07s Sys=0.00s Real=0.03s
[99.963s][info][gc,start    ] GC(110) Pause Young (Mixed) (G1 Evacuation Pause)
[99.963s][info][gc,task     ] GC(110) Using 2 workers of 2 for evacuation
[100.000s][info][gc,phases   ] GC(110)   Pre Evacuate Collection Set: 0.27ms
[100.000s][info][gc,phases   ] GC(110)   Merge Heap Roots: 0.26ms
[100.000s][info][gc,phases   ] GC(110)   Evacuate Collection Set: 35.80ms
[100.000s][info][gc,phases   ] GC(110)   Post Evacuate Collection Set: 0.53ms
[100.000s][info][gc,phases   ] GC(110)   Other: 0.10ms
[100.000s][info][gc,heap     ] GC(110) Eden regions: 127->0(127)
[100.000s][info][gc,heap     ] GC(110) Survivor regions: 20->16(19)
[100.000s][info][gc,heap     ] GC(110) Old regions: 67->69
[100.000s][info][gc,heap     ] GC(110) Humongous regions: 5->5
[100.000s][info][gc,metaspace] GC(110) Metaspace: 41134K(41600K)->41134K(41600K) NonClass: 36800K(37056K)->36800K(37056K) Class: 4333K(4544K)->4333K(4544K)
[100.000s][info][gc          ] GC(110) Pause Young (Mixed) (G1 Evacuation Pause) 216M->88M(256M) 37.174ms
[100.000s][info][gc,cpu      ] GC(110) User=0.07s Sys=0.00s Real=0.04s
[100.170s][info][gc,start    ] GC(111) Pause Young (Concurrent Start) (G1 Humongous Allocation)
[100.170s][info][gc,task     ] GC(111) Using 2 workers of 2 for evacuation
[100.191s][info][gc,phases   ] GC(111)   Pre Evacuate Collection Set: 0.17ms
[100.191s][info][gc,phases   ] GC(111)   Merge Heap Roots: 0.06ms
[100.191s][info][gc,phases   ] GC(111)   Evacuate Collection Set: 20.58ms
[100.191s][info][gc,phases   ] GC(111)   Post Evacuate Collection Set: 0.34ms
[100.191s][info][gc,phases   ] GC(111)   Other: 0.16ms
[100.191s][info][gc,heap     ] GC(111) Eden regions: 61->0(122)
[100.191s][info][gc,heap     ] GC(111) Survivor regions: 16->8(18)
[100.192s][info][gc,heap     ] GC(111) Old regions: 69->85
[100.192s][info][gc,heap     ] GC(111) Humongous regions: 5->5
[100.192s][info][gc,metaspace] GC(111) Metaspace: 41134K(41600K)->41134K(41600K) NonClass: 36800K(37056K)->36800K(37056K) Class: 4333K(4544K)->4333K(4544K)
[100.192s][info][gc          ] GC(111) Pause Young (Concurrent Start) (G1 Humongous Allocation) 149M->96M(256M) 21.549ms
[100.192s][info][gc          ] GC(112) Concurrent Mark Cycle
[100.192s][info][gc,marking  ] GC(112) Concurrent Scan Root Regions
[100.194s][info][gc,cpu      ] GC(111) User=0.05s Sys=0.00s Real=0.02s
[100.208s][info][gc,marking  ] GC(112) Concurrent Scan Root Regions 16.856ms
[100.209s][info][gc,marking  ] GC(112) Concurrent Mark
[100.209s][info][gc,marking  ] GC(112) Concurrent Mark From Roots
[100.209s][info][gc,task     ] GC(112) Using 1 workers of 1 for marking
[100.253s][info][gc,marking  ] GC(112) Concurrent Mark From Roots 44.471ms
[100.253s][info][gc,marking  ] GC(112) Concurrent Preclean
[100.253s][info][gc,marking  ] GC(112) Concurrent Preclean 0.038ms
[100.253s][info][gc,start    ] GC(112) Pause Remark
[100.267s][info][gc          ] GC(112) Pause Remark 114M->101M(256M) 13.696ms
[100.267s][info][gc,cpu      ] GC(112) User=0.03s Sys=0.00s Real=0.02s
[100.267s][info][gc,marking  ] GC(112) Concurrent Mark 58.476ms
[100.267s][info][gc,marking  ] GC(112) Concurrent Rebuild Remembered Sets and Scrub Regions
[100.302s][info][gc,marking  ] GC(112) Concurrent Rebuild Remembered Sets and Scrub Regions 34.665ms
[100.302s][info][gc,start    ] GC(112) Pause Cleanup
[100.302s][info][gc          ] GC(112) Pause Cleanup 114M->114M(256M) 0.054ms
[100.302s][info][gc,cpu      ] GC(112) User=0.00s Sys=0.00s Real=0.00s
[100.302s][info][gc,marking  ] GC(112) Concurrent Clear Claimed Marks
[100.302s][info][gc,marking  ] GC(112) Concurrent Clear Claimed Marks 0.042ms
[100.302s][info][gc,marking  ] GC(112) Concurrent Cleanup for Next Mark
[100.303s][info][gc,marking  ] GC(112) Concurrent Cleanup for Next Mark 0.772ms
[100.303s][info][gc          ] GC(112) Concurrent Mark Cycle 111.194ms
[100.546s][info][gc,start    ] GC(113) Pause Young (Prepare Mixed) (G1 Evacuation Pause)
[100.546s][info][gc,task     ] GC(113) Using 2 workers of 2 for evacuation
[100.572s][info][gc,phases   ] GC(113)   Pre Evacuate Collection Set: 0.18ms
[100.572s][info][gc,phases   ] GC(113)   Merge Heap Roots: 0.15ms
[100.572s][info][gc,phases   ] GC(113)   Evacuate Collection Set: 25.85ms
[100.573s][info][gc,phases   ] GC(113)   Post Evacuate Collection Set: 0.39ms
[100.573s][info][gc,phases   ] GC(113)   Other: 0.08ms
[100.573s][info][gc,heap     ] GC(113) Eden regions: 122->0(120)
[100.573s][info][gc,heap     ] GC(113) Survivor regions: 8->17(17)
[100.573s][info][gc,heap     ] GC(113) Old regions: 72->77
[100.573s][info][gc,heap     ] GC(113) Humongous regions: 6->6
[100.573s][info][gc,metaspace] GC(113) Metaspace: 41134K(41600K)->41134K(41600K) NonClass: 36801K(37056K)->36801K(37056K) Class: 4333K(4544K)->4333K(4544K)
[100.573s][info][gc          ] GC(113) Pause Young (Prepare Mixed) (G1 Evacuation Pause) 207M->99M(256M) 26.869ms
[100.573s][info][gc,cpu      ] GC(113) User=0.05s Sys=0.00s Real=0.02s
[100.881s][info][gc,start    ] GC(114) Pause Young (Mixed) (G1 Evacuation Pause)
[100.881s][info][gc,task     ] GC(114) Using 2 workers of 2 for evacuation
[100.922s][info][gc,phases   ] GC(114)   Pre Evacuate Collection Set: 0.16ms
[100.922s][info][gc,phases   ] GC(114)   Merge Heap Roots: 0.17ms
[100.922s][info][gc,phases   ] GC(114)   Evacuate Collection Set: 39.34ms
[100.922s][info][gc,phases   ] GC(114)   Post Evacuate Collection Set: 0.93ms
[100.922s][info][gc,phases   ] GC(114)   Other: 0.08ms
[100.922s][info][gc,heap     ] GC(114) Eden regions: 120->0(170)
[100.922s][info][gc,heap     ] GC(114) Survivor regions: 17->14(18)
[100.922s][info][gc,heap     ] GC(114) Old regions: 77->80
[100.922s][info][gc,heap     ] GC(114) Humongous regions: 6->6
[100.922s][info][gc,metaspace] GC(114) Metaspace: 41134K(41600K)->41134K(41600K) NonClass: 36801K(37056K)->36801K(37056K) Class: 4333K(4544K)->4333K(4544K)
[100.922s][info][gc          ] GC(114) Pause Young (Mixed) (G1 Evacuation Pause) 219M->99M(315M) 40.919ms
[100.922s][info][gc,cpu      ] GC(114) User=0.08s Sys=0.00s Real=0.04s
[100.995s][info][gc,start    ] GC(115) Pause Young (Concurrent Start) (G1 Humongous Allocation)
[100.995s][info][gc,task     ] GC(115) Using 2 workers of 2 for evacuation
[101.015s][info][gc,phases   ] GC(115)   Pre Evacuate Collection Set: 0.19ms
[101.015s][info][gc,phases   ] GC(115)   Merge Heap Roots: 0.07ms
[101.015s][info][gc,phases   ] GC(115)   Evacuate Collection Set: 18.90ms
[101.015s][info][gc,phases   ] GC(115)   Post Evacuate Collection Set: 0.30ms
[101.015s][info][gc,phases   ] GC(115)   Other: 0.15ms
[101.015s][info][gc,heap     ] GC(115) Eden regions: 21->0(166)
[101.015s][info][gc,heap     ] GC(115) Survivor regions: 14->3(23)
[101.015s][info][gc,heap     ] GC(115) Old regions: 80->94
[101.015s][info][gc,heap     ] GC(115) Humongous regions: 6->6
[101.015s][info][gc,metaspace] GC(115) Metaspace: 41134K(41600K)->41134K(41600K) NonClass: 36801K(37056K)->36801K(37056K) Class: 4333K(4544K)->4333K(4544K)
[101.015s][info][gc          ] GC(115) Pause Young (Concurrent Start) (G1 Humongous Allocation) 119M->102M(315M) 19.859ms
[101.015s][info][gc,cpu      ] GC(115) User=0.04s Sys=0.00s Real=0.02s
[101.015s][info][gc          ] GC(116) Concurrent Mark Cycle
[101.015s][info][gc,marking  ] GC(116) Concurrent Scan Root Regions
[101.030s][info][gc,marking  ] GC(116) Concurrent Scan Root Regions 15.249ms
[101.031s][info][gc,marking  ] GC(116) Concurrent Mark
[101.031s][info][gc,marking  ] GC(116) Concurrent Mark From Roots
[101.031s][info][gc,task     ] GC(116) Using 1 workers of 1 for marking
[101.143s][info][gc,marking  ] GC(116) Concurrent Mark From Roots 112.435ms
[101.143s][info][gc,marking  ] GC(116) Concurrent Preclean
[101.143s][info][gc,marking  ] GC(116) Concurrent Preclean 0.042ms
[101.143s][info][gc,start    ] GC(116) Pause Remark
[101.155s][info][gc          ] GC(116) Pause Remark 131M->130M(315M) 12.119ms
[101.155s][info][gc,cpu      ] GC(116) User=0.03s Sys=0.00s Real=0.02s
[101.155s][info][gc,marking  ] GC(116) Concurrent Mark 124.901ms
[101.155s][info][gc,marking  ] GC(116) Concurrent Rebuild Remembered Sets and Scrub Regions
[101.257s][info][gc,marking  ] GC(116) Concurrent Rebuild Remembered Sets and Scrub Regions 101.838ms
[101.258s][info][gc,start    ] GC(116) Pause Cleanup
[101.258s][info][gc          ] GC(116) Pause Cleanup 158M->158M(315M) 0.056ms
[101.258s][info][gc,cpu      ] GC(116) User=0.00s Sys=0.00s Real=0.00s
[101.258s][info][gc,marking  ] GC(116) Concurrent Clear Claimed Marks
[101.258s][info][gc,marking  ] GC(116) Concurrent Clear Claimed Marks 0.042ms
[101.258s][info][gc,marking  ] GC(116) Concurrent Cleanup for Next Mark
[101.260s][info][gc,marking  ] GC(116) Concurrent Cleanup for Next Mark 1.670ms
[101.260s][info][gc          ] GC(116) Concurrent Mark Cycle 244.764ms
[101.864s][info][gc,start    ] GC(117) Pause Young (Prepare Mixed) (G1 Evacuation Pause)
[101.864s][info][gc,task     ] GC(117) Using 2 workers of 2 for evacuation
[101.911s][info][gc,phases   ] GC(117)   Pre Evacuate Collection Set: 0.23ms
[101.911s][info][gc,phases   ] GC(117)   Merge Heap Roots: 0.14ms
[101.911s][info][gc,phases   ] GC(117)   Evacuate Collection Set: 46.08ms
[101.911s][info][gc,phases   ] GC(117)   Post Evacuate Collection Set: 0.53ms
[101.911s][info][gc,phases   ] GC(117)   Other: 0.14ms
[101.911s][info][gc,heap     ] GC(117) Eden regions: 166->0(127)
[101.911s][info][gc,heap     ] GC(117) Survivor regions: 3->22(22)
[101.911s][info][gc,heap     ] GC(117) Old regions: 94->105
[101.911s][info][gc,heap     ] GC(117) Humongous regions: 11->11
[101.911s][info][gc,metaspace] GC(117) Metaspace: 41134K(41600K)->41134K(41600K) NonClass: 36801K(37056K)->36801K(37056K) Class: 4333K(4544K)->4333K(4544K)
[101.911s][info][gc          ] GC(117) Pause Young (Prepare Mixed) (G1 Evacuation Pause) 273M->137M(315M) 47.395ms
[101.911s][info][gc,cpu      ] GC(117) User=0.09s Sys=0.00s Real=0.05s
[103.039s][info][gc,start    ] GC(118) Pause Young (Mixed) (G1 Evacuation Pause)
[103.039s][info][gc,task     ] GC(118) Using 2 workers of 2 for evacuation
[103.091s][info][gc,phases   ] GC(118)   Pre Evacuate Collection Set: 0.19ms
[103.091s][info][gc,phases   ] GC(118)   Merge Heap Roots: 0.27ms
[103.091s][info][gc,phases   ] GC(118)   Evacuate Collection Set: 50.48ms
[103.091s][info][gc,phases   ] GC(118)   Post Evacuate Collection Set: 0.50ms
[103.091s][info][gc,phases   ] GC(118)   Other: 0.07ms
[103.091s][info][gc,heap     ] GC(118) Eden regions: 127->0(118)
[103.091s][info][gc,heap     ] GC(118) Survivor regions: 22->14(19)
[103.091s][info][gc,heap     ] GC(118) Old regions: 105->122
[103.091s][info][gc,heap     ] GC(118) Humongous regions: 17->15
[103.091s][info][gc,metaspace] GC(118) Metaspace: 41143K(41664K)->41143K(41664K) NonClass: 36810K(37120K)->36810K(37120K) Class: 4333K(4544K)->4333K(4544K)
[103.091s][info][gc          ] GC(118) Pause Young (Mixed) (G1 Evacuation Pause) 270M->150M(315M) 51.709ms
[103.091s][info][gc,cpu      ] GC(118) User=0.11s Sys=0.00s Real=0.05s
[103.668s][info][gc,start    ] GC(119) Pause Young (Concurrent Start) (G1 Evacuation Pause)
[103.668s][info][gc,task     ] GC(119) Using 2 workers of 2 for evacuation
[103.691s][info][gc,phases   ] GC(119)   Pre Evacuate Collection Set: 0.19ms
[103.691s][info][gc,phases   ] GC(119)   Merge Heap Roots: 0.17ms
[103.691s][info][gc,phases   ] GC(119)   Evacuate Collection Set: 22.64ms
[103.692s][info][gc,phases   ] GC(119)   Post Evacuate Collection Set: 0.38ms
[103.692s][info][gc,phases   ] GC(119)   Other: 0.11ms
[103.692s][info][gc,heap     ] GC(119) Eden regions: 118->0(114)
[103.692s][info][gc,heap     ] GC(119) Survivor regions: 14->9(17)
[103.692s][info][gc,heap     ] GC(119) Old regions: 122->136
[103.692s][info][gc,heap     ] GC(119) Humongous regions: 15->15
[103.692s][info][gc,metaspace] GC(119) Metaspace: 41147K(41664K)->41147K(41664K) NonClass: 36814K(37120K)->36814K(37120K) Class: 4333K(4544K)->4333K(4544K)
[103.692s][info][gc          ] GC(119) Pause Young (Concurrent Start) (G1 Evacuation Pause) 268M->158M(315M) 23.728ms
[103.692s][info][gc,cpu      ] GC(119) User=0.04s Sys=0.00s Real=0.02s
[103.692s][info][gc          ] GC(120) Concurrent Mark Cycle
[103.692s][info][gc,marking  ] GC(120) Concurrent Scan Root Regions
[103.717s][info][gc,marking  ] GC(120) Concurrent Scan Root Regions 25.732ms
[103.717s][info][gc,marking  ] GC(120) Concurrent Mark
[103.717s][info][gc,marking  ] GC(120) Concurrent Mark From Roots
[103.717s][info][gc,task     ] GC(120) Using 1 workers of 1 for marking
[103.759s][info][gc,marking  ] GC(120) Concurrent Mark From Roots 41.520ms
[103.759s][info][gc,marking  ] GC(120) Concurrent Preclean
[103.759s][info][gc,marking  ] GC(120) Concurrent Preclean 0.036ms
[103.759s][info][gc,start    ] GC(120) Pause Remark
[103.772s][info][gc          ] GC(120) Pause Remark 168M->138M(315M) 12.144ms
[103.772s][info][gc,cpu      ] GC(120) User=0.03s Sys=0.00s Real=0.01s
[103.774s][info][gc,marking  ] GC(120) Concurrent Mark 56.497ms
[103.774s][info][gc,marking  ] GC(120) Concurrent Rebuild Remembered Sets and Scrub Regions
[103.818s][info][gc,marking  ] GC(120) Concurrent Rebuild Remembered Sets and Scrub Regions 43.944ms
[103.818s][info][gc,start    ] GC(120) Pause Cleanup
[103.818s][info][gc          ] GC(120) Pause Cleanup 142M->142M(315M) 0.116ms
[103.818s][info][gc,cpu      ] GC(120) User=0.00s Sys=0.00s Real=0.00s
[103.818s][info][gc,marking  ] GC(120) Concurrent Clear Claimed Marks
[103.818s][info][gc,marking  ] GC(120) Concurrent Clear Claimed Marks 0.049ms
[103.818s][info][gc,marking  ] GC(120) Concurrent Cleanup for Next Mark
[103.819s][info][gc,marking  ] GC(120) Concurrent Cleanup for Next Mark 0.989ms
[103.819s][info][gc          ] GC(120) Concurrent Mark Cycle 127.759ms
[104.417s][info][gc,start    ] GC(121) Pause Young (Prepare Mixed) (G1 Evacuation Pause)
[104.417s][info][gc,task     ] GC(121) Using 2 workers of 2 for evacuation
[104.431s][info][gc,phases   ] GC(121)   Pre Evacuate Collection Set: 0.19ms
[104.431s][info][gc,phases   ] GC(121)   Merge Heap Roots: 0.09ms
[104.431s][info][gc,phases   ] GC(121)   Evacuate Collection Set: 13.72ms
[104.431s][info][gc,phases   ] GC(121)   Post Evacuate Collection Set: 0.38ms
[104.431s][info][gc,phases   ] GC(121)   Other: 0.08ms
[104.431s][info][gc,heap     ] GC(121) Eden regions: 114->0(134)
[104.431s][info][gc,heap     ] GC(121) Survivor regions: 9->16(16)
[104.431s][info][gc,heap     ] GC(121) Old regions: 120->120
[104.431s][info][gc,heap     ] GC(121) Humongous regions: 1->1
[104.431s][info][gc,metaspace] GC(121) Metaspace: 41147K(41664K)->41147K(41664K) NonClass: 36814K(37120K)->36814K(37120K) Class: 4333K(4544K)->4333K(4544K)
[104.431s][info][gc          ] GC(121) Pause Young (Prepare Mixed) (G1 Evacuation Pause) 242M->135M(315M) 14.679ms
[104.431s][info][gc,cpu      ] GC(121) User=0.03s Sys=0.00s Real=0.01s
[105.307s][info][gc,start    ] GC(122) Pause Young (Mixed) (G1 Evacuation Pause)
[105.307s][info][gc,task     ] GC(122) Using 2 workers of 2 for evacuation
[105.339s][info][gc,phases   ] GC(122)   Pre Evacuate Collection Set: 0.26ms
[105.339s][info][gc,phases   ] GC(122)   Merge Heap Roots: 0.20ms
[105.339s][info][gc,phases   ] GC(122)   Evacuate Collection Set: 30.59ms
[105.339s][info][gc,phases   ] GC(122)   Post Evacuate Collection Set: 0.46ms
[105.339s][info][gc,phases   ] GC(122)   Other: 0.08ms
[105.339s][info][gc,heap     ] GC(122) Eden regions: 134->0(147)
[105.339s][info][gc,heap     ] GC(122) Survivor regions: 16->19(19)
[105.339s][info][gc,heap     ] GC(122) Old regions: 120->101
[105.339s][info][gc,heap     ] GC(122) Humongous regions: 1->1
[105.339s][info][gc,metaspace] GC(122) Metaspace: 41147K(41664K)->41147K(41664K) NonClass: 36814K(37120K)->36814K(37120K) Class: 4333K(4544K)->4333K(4544K)
[105.339s][info][gc          ] GC(122) Pause Young (Mixed) (G1 Evacuation Pause) 269M->120M(315M) 31.808ms
[105.339s][info][gc,cpu      ] GC(122) User=0.07s Sys=0.00s Real=0.03s
[106.238s][info][gc,start    ] GC(123) Pause Young (Mixed) (G1 Evacuation Pause)
[106.238s][info][gc,task     ] GC(123) Using 2 workers of 2 for evacuation
[106.275s][info][gc,phases   ] GC(123)   Pre Evacuate Collection Set: 0.25ms
[106.275s][info][gc,phases   ] GC(123)   Merge Heap Roots: 0.34ms
[106.275s][info][gc,phases   ] GC(123)   Evacuate Collection Set: 35.36ms
[106.275s][info][gc,phases   ] GC(123)   Post Evacuate Collection Set: 0.48ms
[106.275s][info][gc,phases   ] GC(123)   Other: 0.10ms
[106.275s][info][gc,heap     ] GC(123) Eden regions: 147->0(160)
[106.275s][info][gc,heap     ] GC(123) Survivor regions: 19->15(21)
[106.275s][info][gc,heap     ] GC(123) Old regions: 101->91
[106.275s][info][gc,heap     ] GC(123) Humongous regions: 1->1
[106.275s][info][gc,metaspace] GC(123) Metaspace: 41147K(41664K)->41147K(41664K) NonClass: 36814K(37120K)->36814K(37120K) Class: 4333K(4544K)->4333K(4544K)
[106.275s][info][gc          ] GC(123) Pause Young (Mixed) (G1 Evacuation Pause) 267M->106M(315M) 36.731ms
[106.275s][info][gc,cpu      ] GC(123) User=0.07s Sys=0.00s Real=0.04s
[107.344s][info][gc,start    ] GC(124) Pause Young (Mixed) (G1 Evacuation Pause)
[107.344s][info][gc,task     ] GC(124) Using 2 workers of 2 for evacuation
[107.373s][info][gc,phases   ] GC(124)   Pre Evacuate Collection Set: 0.20ms
[107.373s][info][gc,phases   ] GC(124)   Merge Heap Roots: 0.15ms
[107.373s][info][gc,phases   ] GC(124)   Evacuate Collection Set: 28.40ms
[107.373s][info][gc,phases   ] GC(124)   Post Evacuate Collection Set: 0.44ms
[107.373s][info][gc,phases   ] GC(124)   Other: 0.10ms
[107.373s][info][gc,heap     ] GC(124) Eden regions: 160->0(152)
[107.373s][info][gc,heap     ] GC(124) Survivor regions: 15->16(22)
[107.373s][info][gc,heap     ] GC(124) Old regions: 91->99
[107.373s][info][gc,heap     ] GC(124) Humongous regions: 2->2
[107.373s][info][gc,metaspace] GC(124) Metaspace: 41147K(41664K)->41147K(41664K) NonClass: 36814K(37120K)->36814K(37120K) Class: 4333K(4544K)->4333K(4544K)
[107.373s][info][gc          ] GC(124) Pause Young (Mixed) (G1 Evacuation Pause) 267M->116M(315M) 29.516ms
[107.373s][info][gc,cpu      ] GC(124) User=0.06s Sys=0.00s Real=0.03s
[108.344s][info][gc,start    ] GC(125) Pause Young (Concurrent Start) (G1 Evacuation Pause)
[108.344s][info][gc,task     ] GC(125) Using 2 workers of 2 for evacuation
[108.372s][info][gc,phases   ] GC(125)   Pre Evacuate Collection Set: 0.22ms
[108.372s][info][gc,phases   ] GC(125)   Merge Heap Roots: 0.08ms
[108.372s][info][gc,phases   ] GC(125)   Evacuate Collection Set: 27.31ms
[108.372s][info][gc,phases   ] GC(125)   Post Evacuate Collection Set: 0.44ms
[108.372s][info][gc,phases   ] GC(125)   Other: 0.09ms
[108.372s][info][gc,heap     ] GC(125) Eden regions: 152->0(143)
[108.372s][info][gc,heap     ] GC(125) Survivor regions: 16->14(21)
[108.372s][info][gc,heap     ] GC(125) Old regions: 99->115
[108.372s][info][gc,heap     ] GC(125) Humongous regions: 2->2
[108.372s][info][gc,metaspace] GC(125) Metaspace: 41148K(41664K)->41148K(41664K) NonClass: 36815K(37120K)->36815K(37120K) Class: 4333K(4544K)->4333K(4544K)
[108.372s][info][gc          ] GC(125) Pause Young (Concurrent Start) (G1 Evacuation Pause) 268M->130M(315M) 28.349ms
[108.372s][info][gc,cpu      ] GC(125) User=0.05s Sys=0.00s Real=0.03s
[108.372s][info][gc          ] GC(126) Concurrent Mark Cycle
[108.374s][info][gc,marking  ] GC(126) Concurrent Scan Root Regions
[108.398s][info][gc,marking  ] GC(126) Concurrent Scan Root Regions 24.017ms
[108.398s][info][gc,marking  ] GC(126) Concurrent Mark
[108.398s][info][gc,marking  ] GC(126) Concurrent Mark From Roots
[108.398s][info][gc,task     ] GC(126) Using 1 workers of 1 for marking
[108.443s][info][gc,marking  ] GC(126) Concurrent Mark From Roots 44.655ms
[108.443s][info][gc,marking  ] GC(126) Concurrent Preclean
[108.443s][info][gc,marking  ] GC(126) Concurrent Preclean 0.041ms
[108.443s][info][gc,start    ] GC(126) Pause Remark
[108.456s][info][gc          ] GC(126) Pause Remark 151M->126M(315M) 12.632ms
[108.456s][info][gc,cpu      ] GC(126) User=0.03s Sys=0.00s Real=0.02s
[108.456s][info][gc,marking  ] GC(126) Concurrent Mark 57.651ms
[108.456s][info][gc,marking  ] GC(126) Concurrent Rebuild Remembered Sets and Scrub Regions
[108.525s][info][gc,marking  ] GC(126) Concurrent Rebuild Remembered Sets and Scrub Regions 69.814ms
[108.526s][info][gc,start    ] GC(126) Pause Cleanup
[108.526s][info][gc          ] GC(126) Pause Cleanup 135M->135M(315M) 0.089ms
[108.526s][info][gc,cpu      ] GC(126) User=0.00s Sys=0.00s Real=0.00s
[108.526s][info][gc,marking  ] GC(126) Concurrent Clear Claimed Marks
[108.527s][info][gc,marking  ] GC(126) Concurrent Clear Claimed Marks 0.058ms
[108.527s][info][gc,marking  ] GC(126) Concurrent Cleanup for Next Mark
[108.528s][info][gc,marking  ] GC(126) Concurrent Cleanup for Next Mark 1.623ms
[108.528s][info][gc          ] GC(126) Concurrent Mark Cycle 156.022ms
[109.717s][info][gc,start    ] GC(127) Pause Young (Prepare Mixed) (G1 Evacuation Pause)
[109.717s][info][gc,task     ] GC(127) Using 2 workers of 2 for evacuation
[109.725s][info][gc,phases   ] GC(127)   Pre Evacuate Collection Set: 0.20ms
[109.725s][info][gc,phases   ] GC(127)   Merge Heap Roots: 0.09ms
[109.726s][info][gc,phases   ] GC(127)   Evacuate Collection Set: 7.24ms
[109.726s][info][gc,phases   ] GC(127)   Post Evacuate Collection Set: 0.44ms
[109.726s][info][gc,phases   ] GC(127)   Other: 0.08ms
[109.726s][info][gc,heap     ] GC(127) Eden regions: 143->0(167)
[109.726s][info][gc,heap     ] GC(127) Survivor regions: 14->8(20)
[109.726s][info][gc,heap     ] GC(127) Old regions: 90->92
[109.726s][info][gc,heap     ] GC(127) Humongous regions: 12->4
[109.726s][info][gc,metaspace] GC(127) Metaspace: 41172K(41664K)->41172K(41664K) NonClass: 36839K(37120K)->36839K(37120K) Class: 4333K(4544K)->4333K(4544K)
[109.726s][info][gc          ] GC(127) Pause Young (Prepare Mixed) (G1 Evacuation Pause) 258M->102M(315M) 8.275ms
[109.726s][info][gc,cpu      ] GC(127) User=0.01s Sys=0.00s Real=0.01s
[111.047s][info][gc,start    ] GC(128) Pause Young (Mixed) (G1 Evacuation Pause)
[111.047s][info][gc,task     ] GC(128) Using 2 workers of 2 for evacuation
[111.065s][info][gc,phases   ] GC(128)   Pre Evacuate Collection Set: 0.20ms
[111.065s][info][gc,phases   ] GC(128)   Merge Heap Roots: 0.17ms
[111.065s][info][gc,phases   ] GC(128)   Evacuate Collection Set: 17.08ms
[111.065s][info][gc,phases   ] GC(128)   Post Evacuate Collection Set: 0.49ms
[111.065s][info][gc,phases   ] GC(128)   Other: 0.08ms
[111.065s][info][gc,heap     ] GC(128) Eden regions: 167->0(172)
[111.065s][info][gc,heap     ] GC(128) Survivor regions: 8->17(22)
[111.065s][info][gc,heap     ] GC(128) Old regions: 92->61
[111.065s][info][gc,heap     ] GC(128) Humongous regions: 16->5
[111.065s][info][gc,metaspace] GC(128) Metaspace: 41176K(41664K)->41176K(41664K) NonClass: 36842K(37120K)->36842K(37120K) Class: 4333K(4544K)->4333K(4544K)
[111.065s][info][gc          ] GC(128) Pause Young (Mixed) (G1 Evacuation Pause) 281M->82M(315M) 18.188ms
[111.065s][info][gc,cpu      ] GC(128) User=0.04s Sys=0.00s Real=0.01s
[112.364s][info][gc,start    ] GC(129) Pause Young (Mixed) (G1 Evacuation Pause)
[112.364s][info][gc,task     ] GC(129) Using 2 workers of 2 for evacuation
[112.380s][info][gc,phases   ] GC(129)   Pre Evacuate Collection Set: 0.18ms
[112.380s][info][gc,phases   ] GC(129)   Merge Heap Roots: 0.10ms
[112.380s][info][gc,phases   ] GC(129)   Evacuate Collection Set: 14.57ms
[112.380s][info][gc,phases   ] GC(129)   Post Evacuate Collection Set: 0.47ms
[112.380s][info][gc,phases   ] GC(129)   Other: 0.09ms
[112.380s][info][gc,heap     ] GC(129) Eden regions: 172->0(179)
[112.380s][info][gc,heap     ] GC(129) Survivor regions: 17->10(24)
[112.380s][info][gc,heap     ] GC(129) Old regions: 61->65
[112.380s][info][gc,heap     ] GC(129) Humongous regions: 15->4
[112.380s][info][gc,metaspace] GC(129) Metaspace: 41187K(41664K)->41187K(41664K) NonClass: 36854K(37120K)->36854K(37120K) Class: 4333K(4544K)->4333K(4544K)
[112.380s][info][gc          ] GC(129) Pause Young (Mixed) (G1 Evacuation Pause) 264M->77M(315M) 15.632ms
[112.380s][info][gc,cpu      ] GC(129) User=0.03s Sys=0.00s Real=0.02s
[113.531s][info][gc,start    ] GC(130) Pause Young (Concurrent Start) (G1 Humongous Allocation)
[113.531s][info][gc,task     ] GC(130) Using 2 workers of 2 for evacuation
[113.539s][info][gc,phases   ] GC(130)   Pre Evacuate Collection Set: 0.20ms
[113.539s][info][gc,phases   ] GC(130)   Merge Heap Roots: 0.06ms
[113.539s][info][gc,phases   ] GC(130)   Evacuate Collection Set: 4.59ms
[113.539s][info][gc,phases   ] GC(130)   Post Evacuate Collection Set: 0.47ms
[113.539s][info][gc,phases   ] GC(130)   Other: 2.55ms
[113.539s][info][gc,heap     ] GC(130) Eden regions: 153->0(186)
[113.539s][info][gc,heap     ] GC(130) Survivor regions: 10->3(24)
[113.539s][info][gc,heap     ] GC(130) Old regions: 65->65
[113.539s][info][gc,heap     ] GC(130) Humongous regions: 4->2
[113.539s][info][gc,metaspace] GC(130) Metaspace: 41193K(41664K)->41193K(41664K) NonClass: 36860K(37120K)->36860K(37120K) Class: 4333K(4544K)->4333K(4544K)
[113.539s][info][gc          ] GC(130) Pause Young (Concurrent Start) (G1 Humongous Allocation) 230M->69M(315M) 8.064ms
[113.539s][info][gc,cpu      ] GC(130) User=0.01s Sys=0.00s Real=0.01s
[113.539s][info][gc          ] GC(131) Concurrent Mark Cycle
[113.539s][info][gc,marking  ] GC(131) Concurrent Scan Root Regions
[113.545s][info][gc,marking  ] GC(131) Concurrent Scan Root Regions 5.666ms
[113.545s][info][gc,marking  ] GC(131) Concurrent Mark
[113.545s][info][gc,marking  ] GC(131) Concurrent Mark From Roots
[113.545s][info][gc,task     ] GC(131) Using 1 workers of 1 for marking
[113.632s][info][gc,marking  ] GC(131) Concurrent Mark From Roots 87.162ms
[113.632s][info][gc,marking  ] GC(131) Concurrent Preclean
[113.632s][info][gc,marking  ] GC(131) Concurrent Preclean 0.040ms
[113.632s][info][gc,start    ] GC(131) Pause Remark
[113.648s][info][gc          ] GC(131) Pause Remark 90M->80M(256M) 15.336ms
[113.648s][info][gc,cpu      ] GC(131) User=0.03s Sys=0.00s Real=0.02s
[113.650s][info][gc,marking  ] GC(131) Concurrent Mark 105.074ms
[113.650s][info][gc,marking  ] GC(131) Concurrent Rebuild Remembered Sets and Scrub Regions
[113.685s][info][gc,marking  ] GC(131) Concurrent Rebuild Remembered Sets and Scrub Regions 34.964ms
[113.685s][info][gc,start    ] GC(131) Pause Cleanup
[113.685s][info][gc          ] GC(131) Pause Cleanup 87M->87M(256M) 0.054ms
[113.685s][info][gc,cpu      ] GC(131) User=0.00s Sys=0.00s Real=0.00s
[113.685s][info][gc,marking  ] GC(131) Concurrent Clear Claimed Marks
[113.685s][info][gc,marking  ] GC(131) Concurrent Clear Claimed Marks 0.036ms
[113.685s][info][gc,marking  ] GC(131) Concurrent Cleanup for Next Mark
[113.686s][info][gc,marking  ] GC(131) Concurrent Cleanup for Next Mark 0.817ms
[113.686s][info][gc          ] GC(131) Concurrent Mark Cycle 146.932ms
[114.493s][info][gc,start    ] GC(132) Pause Young (Prepare Mixed) (G1 Evacuation Pause)
[114.493s][info][gc,task     ] GC(132) Using 2 workers of 2 for evacuation
[114.498s][info][gc,phases   ] GC(132)   Pre Evacuate Collection Set: 0.18ms
[114.498s][info][gc,phases   ] GC(132)   Merge Heap Roots: 0.08ms
[114.498s][info][gc,phases   ] GC(132)   Evacuate Collection Set: 5.00ms
[114.498s][info][gc,phases   ] GC(132)   Post Evacuate Collection Set: 0.41ms
[114.498s][info][gc,phases   ] GC(132)   Other: 0.07ms
[114.498s][info][gc,heap     ] GC(132) Eden regions: 150->0(148)
[114.498s][info][gc,heap     ] GC(132) Survivor regions: 3->5(20)
[114.498s][info][gc,heap     ] GC(132) Old regions: 56->56
[114.498s][info][gc,heap     ] GC(132) Humongous regions: 17->3
[114.498s][info][gc,metaspace] GC(132) Metaspace: 41203K(41664K)->41203K(41664K) NonClass: 36870K(37120K)->36870K(37120K) Class: 4333K(4544K)->4333K(4544K)
[114.498s][info][gc          ] GC(132) Pause Young (Prepare Mixed) (G1 Evacuation Pause) 225M->63M(256M) 5.904ms
[114.498s][info][gc,cpu      ] GC(132) User=0.01s Sys=0.00s Real=0.01s
[115.444s][info][gc,start    ] GC(133) Pause Young (Mixed) (G1 Evacuation Pause)
[115.444s][info][gc,task     ] GC(133) Using 2 workers of 2 for evacuation
[115.455s][info][gc,phases   ] GC(133)   Pre Evacuate Collection Set: 2.25ms
[115.455s][info][gc,phases   ] GC(133)   Merge Heap Roots: 0.11ms
[115.455s][info][gc,phases   ] GC(133)   Evacuate Collection Set: 8.63ms
[115.455s][info][gc,phases   ] GC(133)   Post Evacuate Collection Set: 0.61ms
[115.455s][info][gc,phases   ] GC(133)   Other: 0.08ms
[115.455s][info][gc,heap     ] GC(133) Eden regions: 148->0(145)
[115.455s][info][gc,heap     ] GC(133) Survivor regions: 5->8(20)
[115.455s][info][gc,heap     ] GC(133) Old regions: 56->45
[115.455s][info][gc,heap     ] GC(133) Humongous regions: 15->3
[115.455s][info][gc,metaspace] GC(133) Metaspace: 41208K(41728K)->41208K(41728K) NonClass: 36875K(37184K)->36875K(37184K) Class: 4333K(4544K)->4333K(4544K)
[115.455s][info][gc          ] GC(133) Pause Young (Mixed) (G1 Evacuation Pause) 223M->53M(256M) 11.873ms
[115.455s][info][gc,cpu      ] GC(133) User=0.02s Sys=0.00s Real=0.02s
[115.536s][info][gc,start    ] GC(134) Pause Young (Concurrent Start) (G1 Humongous Allocation)
[115.536s][info][gc,task     ] GC(134) Using 2 workers of 2 for evacuation
[115.542s][info][gc,phases   ] GC(134)   Pre Evacuate Collection Set: 0.21ms
[115.542s][info][gc,phases   ] GC(134)   Merge Heap Roots: 0.04ms
[115.542s][info][gc,phases   ] GC(134)   Evacuate Collection Set: 5.09ms
[115.542s][info][gc,phases   ] GC(134)   Post Evacuate Collection Set: 0.28ms
[115.542s][info][gc,phases   ] GC(134)   Other: 0.11ms
[115.542s][info][gc,heap     ] GC(134) Eden regions: 12->0(148)
[115.542s][info][gc,heap     ] GC(134) Survivor regions: 8->5(20)
[115.542s][info][gc,heap     ] GC(134) Old regions: 45->45
[115.542s][info][gc,heap     ] GC(134) Humongous regions: 3->1
[115.542s][info][gc,metaspace] GC(134) Metaspace: 41208K(41728K)->41208K(41728K) NonClass: 36875K(37184K)->36875K(37184K) Class: 4333K(4544K)->4333K(4544K)
[115.542s][info][gc          ] GC(134) Pause Young (Concurrent Start) (G1 Humongous Allocation) 65M->48M(256M) 5.931ms
[115.542s][info][gc          ] GC(135) Concurrent Mark Cycle
[115.542s][info][gc,marking  ] GC(135) Concurrent Scan Root Regions
[115.544s][info][gc,cpu      ] GC(134) User=0.02s Sys=0.00s Real=0.00s
[115.551s][info][gc,marking  ] GC(135) Concurrent Scan Root Regions 8.486ms
[115.551s][info][gc,marking  ] GC(135) Concurrent Mark
[115.551s][info][gc,marking  ] GC(135) Concurrent Mark From Roots
[115.551s][info][gc,task     ] GC(135) Using 1 workers of 1 for marking
[115.613s][info][gc,marking  ] GC(135) Concurrent Mark From Roots 62.384ms
[115.613s][info][gc,marking  ] GC(135) Concurrent Preclean
[115.613s][info][gc,marking  ] GC(135) Concurrent Preclean 0.036ms
[115.614s][info][gc,start    ] GC(135) Pause Remark
[115.630s][info][gc          ] GC(135) Pause Remark 57M->57M(256M) 16.125ms
[115.630s][info][gc,cpu      ] GC(135) User=0.03s Sys=0.00s Real=0.02s
[115.630s][info][gc,marking  ] GC(135) Concurrent Mark 79.644ms
[115.630s][info][gc,marking  ] GC(135) Concurrent Rebuild Remembered Sets and Scrub Regions
[115.649s][info][gc,marking  ] GC(135) Concurrent Rebuild Remembered Sets and Scrub Regions 18.501ms
[115.649s][info][gc,start    ] GC(135) Pause Cleanup
[115.649s][info][gc          ] GC(135) Pause Cleanup 58M->58M(256M) 0.054ms
[115.649s][info][gc,cpu      ] GC(135) User=0.00s Sys=0.00s Real=0.00s
[115.649s][info][gc,marking  ] GC(135) Concurrent Clear Claimed Marks
[115.649s][info][gc,marking  ] GC(135) Concurrent Clear Claimed Marks 0.038ms
[115.649s][info][gc,marking  ] GC(135) Concurrent Cleanup for Next Mark
[115.650s][info][gc,marking  ] GC(135) Concurrent Cleanup for Next Mark 0.761ms
[115.650s][info][gc          ] GC(135) Concurrent Mark Cycle 107.760ms
[116.565s][info][gc,start    ] GC(136) Pause Young (Prepare Mixed) (G1 Evacuation Pause)
[116.565s][info][gc,task     ] GC(136) Using 2 workers of 2 for evacuation
[116.581s][info][gc,phases   ] GC(136)   Pre Evacuate Collection Set: 0.20ms
[116.581s][info][gc,phases   ] GC(136)   Merge Heap Roots: 0.07ms
[116.581s][info][gc,phases   ] GC(136)   Evacuate Collection Set: 15.69ms
[116.581s][info][gc,phases   ] GC(136)   Post Evacuate Collection Set: 0.46ms
[116.581s][info][gc,phases   ] GC(136)   Other: 0.08ms
[116.582s][info][gc,heap     ] GC(136) Eden regions: 148->0(134)
[116.582s][info][gc,heap     ] GC(136) Survivor regions: 5->19(20)
[116.582s][info][gc,heap     ] GC(136) Old regions: 45->45
[116.582s][info][gc,heap     ] GC(136) Humongous regions: 11->3
[116.582s][info][gc,metaspace] GC(136) Metaspace: 41224K(41728K)->41224K(41728K) NonClass: 36891K(37184K)->36891K(37184K) Class: 4333K(4544K)->4333K(4544K)
[116.582s][info][gc          ] GC(136) Pause Young (Prepare Mixed) (G1 Evacuation Pause) 206M->65M(256M) 16.724ms
[116.582s][info][gc,cpu      ] GC(136) User=0.04s Sys=0.00s Real=0.02s
[117.419s][info][gc,start    ] GC(137) Pause Young (Mixed) (G1 Evacuation Pause)
[117.419s][info][gc,task     ] GC(137) Using 2 workers of 2 for evacuation
[117.452s][info][gc,phases   ] GC(137)   Pre Evacuate Collection Set: 0.20ms
[117.452s][info][gc,phases   ] GC(137)   Merge Heap Roots: 0.07ms
[117.453s][info][gc,phases   ] GC(137)   Evacuate Collection Set: 32.74ms
[117.453s][info][gc,phases   ] GC(137)   Post Evacuate Collection Set: 0.49ms
[117.453s][info][gc,phases   ] GC(137)   Other: 0.08ms
[117.453s][info][gc,heap     ] GC(137) Eden regions: 134->0(142)
[117.453s][info][gc,heap     ] GC(137) Survivor regions: 19->11(20)
[117.453s][info][gc,heap     ] GC(137) Old regions: 45->54
[117.453s][info][gc,heap     ] GC(137) Humongous regions: 3->3
[117.453s][info][gc,metaspace] GC(137) Metaspace: 41231K(41728K)->41231K(41728K) NonClass: 36898K(37184K)->36898K(37184K) Class: 4333K(4544K)->4333K(4544K)
[117.453s][info][gc          ] GC(137) Pause Young (Mixed) (G1 Evacuation Pause) 199M->66M(256M) 33.806ms
[117.453s][info][gc,cpu      ] GC(137) User=0.06s Sys=0.00s Real=0.03s
[118.175s][info][gc,start    ] GC(138) Pause Young (Concurrent Start) (G1 Humongous Allocation)
[118.175s][info][gc,task     ] GC(138) Using 2 workers of 2 for evacuation
[118.220s][info][gc,phases   ] GC(138)   Pre Evacuate Collection Set: 0.21ms
[118.220s][info][gc,phases   ] GC(138)   Merge Heap Roots: 0.11ms
[118.220s][info][gc,phases   ] GC(138)   Evacuate Collection Set: 44.22ms
[118.220s][info][gc,phases   ] GC(138)   Post Evacuate Collection Set: 0.46ms
[118.220s][info][gc,phases   ] GC(138)   Other: 0.10ms
[118.220s][info][gc,heap     ] GC(138) Eden regions: 106->0(114)
[118.220s][info][gc,heap     ] GC(138) Survivor regions: 11->20(20)
[118.220s][info][gc,heap     ] GC(138) Old regions: 54->73
[118.220s][info][gc,heap     ] GC(138) Humongous regions: 3->1
[118.220s][info][gc,metaspace] GC(138) Metaspace: 41235K(41728K)->41235K(41728K) NonClass: 36901K(37184K)->36901K(37184K) Class: 4333K(4544K)->4333K(4544K)
[118.220s][info][gc          ] GC(138) Pause Young (Concurrent Start) (G1 Humongous Allocation) 172M->93M(256M) 45.285ms
[118.220s][info][gc          ] GC(139) Concurrent Mark Cycle
[118.220s][info][gc,marking  ] GC(139) Concurrent Scan Root Regions
[118.222s][info][gc,cpu      ] GC(138) User=0.09s Sys=0.00s Real=0.05s
[118.307s][info][gc,marking  ] GC(139) Concurrent Scan Root Regions 86.988ms
[118.307s][info][gc,marking  ] GC(139) Concurrent Mark
[118.307s][info][gc,marking  ] GC(139) Concurrent Mark From Roots
[118.307s][info][gc,task     ] GC(139) Using 1 workers of 1 for marking
[118.441s][info][gc,marking  ] GC(139) Concurrent Mark From Roots 133.576ms
[118.441s][info][gc,marking  ] GC(139) Concurrent Preclean
[118.441s][info][gc,marking  ] GC(139) Concurrent Preclean 0.037ms
[118.441s][info][gc,start    ] GC(139) Pause Remark
[118.457s][info][gc          ] GC(139) Pause Remark 128M->128M(256M) 16.004ms
[118.457s][info][gc,cpu      ] GC(139) User=0.03s Sys=0.00s Real=0.02s
[118.459s][info][gc,marking  ] GC(139) Concurrent Mark 151.796ms
[118.459s][info][gc,marking  ] GC(139) Concurrent Rebuild Remembered Sets and Scrub Regions
[118.549s][info][gc,marking  ] GC(139) Concurrent Rebuild Remembered Sets and Scrub Regions 89.816ms
[118.549s][info][gc,start    ] GC(139) Pause Cleanup
[118.549s][info][gc          ] GC(139) Pause Cleanup 136M->136M(256M) 0.047ms
[118.549s][info][gc,cpu      ] GC(139) User=0.00s Sys=0.00s Real=0.00s
[118.549s][info][gc,marking  ] GC(139) Concurrent Clear Claimed Marks
[118.549s][info][gc,marking  ] GC(139) Concurrent Clear Claimed Marks 0.037ms
[118.549s][info][gc,marking  ] GC(139) Concurrent Cleanup for Next Mark
[118.550s][info][gc,marking  ] GC(139) Concurrent Cleanup for Next Mark 0.781ms
[118.550s][info][gc          ] GC(139) Concurrent Mark Cycle 329.772ms
[118.983s][info][gc,start    ] GC(140) Pause Young (Prepare Mixed) (G1 Evacuation Pause)
[118.983s][info][gc,task     ] GC(140) Using 2 workers of 2 for evacuation
[119.022s][info][gc,phases   ] GC(140)   Pre Evacuate Collection Set: 0.16ms
[119.022s][info][gc,phases   ] GC(140)   Merge Heap Roots: 0.30ms
[119.022s][info][gc,phases   ] GC(140)   Evacuate Collection Set: 37.55ms
[119.022s][info][gc,phases   ] GC(140)   Post Evacuate Collection Set: 0.48ms
[119.022s][info][gc,phases   ] GC(140)   Other: 0.07ms
[119.022s][info][gc,heap     ] GC(140) Eden regions: 114->0(102)
[119.022s][info][gc,heap     ] GC(140) Survivor regions: 20->14(17)
[119.022s][info][gc,heap     ] GC(140) Old regions: 73->94
[119.022s][info][gc,heap     ] GC(140) Humongous regions: 5->3
[119.022s][info][gc,metaspace] GC(140) Metaspace: 41235K(41728K)->41235K(41728K) NonClass: 36901K(37184K)->36901K(37184K) Class: 4333K(4544K)->4333K(4544K)
[119.022s][info][gc          ] GC(140) Pause Young (Prepare Mixed) (G1 Evacuation Pause) 211M->109M(256M) 38.756ms
[119.022s][info][gc,cpu      ] GC(140) User=0.08s Sys=0.00s Real=0.04s
[119.720s][info][gc,start    ] GC(141) Pause Young (Mixed) (G1 Evacuation Pause)
[119.720s][info][gc,task     ] GC(141) Using 2 workers of 2 for evacuation
[119.734s][info][gc,phases   ] GC(141)   Pre Evacuate Collection Set: 0.19ms
[119.734s][info][gc,phases   ] GC(141)   Merge Heap Roots: 0.12ms
[119.734s][info][gc,phases   ] GC(141)   Evacuate Collection Set: 13.03ms
[119.734s][info][gc,phases   ] GC(141)   Post Evacuate Collection Set: 0.41ms
[119.734s][info][gc,phases   ] GC(141)   Other: 0.10ms
[119.734s][info][gc,heap     ] GC(141) Eden regions: 102->0(111)
[119.734s][info][gc,heap     ] GC(141) Survivor regions: 14->5(15)
[119.734s][info][gc,heap     ] GC(141) Old regions: 94->97
[119.734s][info][gc,heap     ] GC(141) Humongous regions: 11->3
[119.734s][info][gc,metaspace] GC(141) Metaspace: 41239K(41728K)->41239K(41728K) NonClass: 36906K(37184K)->36906K(37184K) Class: 4333K(4544K)->4333K(4544K)
[119.734s][info][gc          ] GC(141) Pause Young (Mixed) (G1 Evacuation Pause) 219M->103M(256M) 14.024ms
[119.734s][info][gc,cpu      ] GC(141) User=0.02s Sys=0.00s Real=0.01s
[119.986s][info][gc,start    ] GC(142) Pause Young (Concurrent Start) (G1 Humongous Allocation)
[119.986s][info][gc,task     ] GC(142) Using 2 workers of 2 for evacuation
[119.989s][info][gc,phases   ] GC(142)   Pre Evacuate Collection Set: 0.15ms
[119.989s][info][gc,phases   ] GC(142)   Merge Heap Roots: 0.05ms
[119.989s][info][gc,phases   ] GC(142)   Evacuate Collection Set: 2.12ms
[119.989s][info][gc,phases   ] GC(142)   Post Evacuate Collection Set: 0.29ms
[119.989s][info][gc,phases   ] GC(142)   Other: 0.11ms
[119.989s][info][gc,heap     ] GC(142) Eden regions: 34->0(122)
[119.989s][info][gc,heap     ] GC(142) Survivor regions: 5->2(15)
[119.989s][info][gc,heap     ] GC(142) Old regions: 97->97
[119.989s][info][gc,heap     ] GC(142) Humongous regions: 3->1
[119.989s][info][gc,metaspace] GC(142) Metaspace: 41239K(41728K)->41239K(41728K) NonClass: 36906K(37184K)->36906K(37184K) Class: 4333K(4544K)->4333K(4544K)
[119.989s][info][gc          ] GC(142) Pause Young (Concurrent Start) (G1 Humongous Allocation) 137M->98M(256M) 2.886ms
[119.989s][info][gc,cpu      ] GC(142) User=0.01s Sys=0.00s Real=0.00s
[119.989s][info][gc          ] GC(143) Concurrent Mark Cycle
[119.989s][info][gc,marking  ] GC(143) Concurrent Scan Root Regions
[119.992s][info][gc,marking  ] GC(143) Concurrent Scan Root Regions 3.233ms
[119.992s][info][gc,marking  ] GC(143) Concurrent Mark
[119.992s][info][gc,marking  ] GC(143) Concurrent Mark From Roots
[119.992s][info][gc,task     ] GC(143) Using 1 workers of 1 for marking
[120.105s][info][gc,marking  ] GC(143) Concurrent Mark From Roots 112.787ms
[120.105s][info][gc,marking  ] GC(143) Concurrent Preclean
[120.105s][info][gc,marking  ] GC(143) Concurrent Preclean 0.035ms
[120.105s][info][gc,start    ] GC(143) Pause Remark
[120.120s][info][gc          ] GC(143) Pause Remark 125M->109M(256M) 14.181ms
[120.120s][info][gc,cpu      ] GC(143) User=0.03s Sys=0.00s Real=0.01s
[120.120s][info][gc,marking  ] GC(143) Concurrent Mark 127.271ms
[120.120s][info][gc,marking  ] GC(143) Concurrent Rebuild Remembered Sets and Scrub Regions
[120.168s][info][gc,marking  ] GC(143) Concurrent Rebuild Remembered Sets and Scrub Regions 48.273ms
[120.168s][info][gc,start    ] GC(143) Pause Cleanup
[120.168s][info][gc          ] GC(143) Pause Cleanup 118M->118M(256M) 0.068ms
[120.168s][info][gc,cpu      ] GC(143) User=0.00s Sys=0.00s Real=0.00s
[120.168s][info][gc,marking  ] GC(143) Concurrent Clear Claimed Marks
[120.168s][info][gc,marking  ] GC(143) Concurrent Clear Claimed Marks 0.038ms
[120.168s][info][gc,marking  ] GC(143) Concurrent Cleanup for Next Mark
[120.169s][info][gc,marking  ] GC(143) Concurrent Cleanup for Next Mark 0.795ms
[120.169s][info][gc          ] GC(143) Concurrent Mark Cycle 179.958ms
[120.692s][info][gc,start    ] GC(144) Pause Young (Prepare Mixed) (G1 Evacuation Pause)
[120.692s][info][gc,task     ] GC(144) Using 2 workers of 2 for evacuation
[120.707s][info][gc,phases   ] GC(144)   Pre Evacuate Collection Set: 0.16ms
[120.707s][info][gc,phases   ] GC(144)   Merge Heap Roots: 0.07ms
[120.707s][info][gc,phases   ] GC(144)   Evacuate Collection Set: 14.52ms
[120.707s][info][gc,phases   ] GC(144)   Post Evacuate Collection Set: 0.39ms
[120.707s][info][gc,phases   ] GC(144)   Other: 0.08ms
[120.707s][info][gc,heap     ] GC(144) Eden regions: 122->0(124)
[120.707s][info][gc,heap     ] GC(144) Survivor regions: 2->12(16)
[120.707s][info][gc,heap     ] GC(144) Old regions: 81->81
[120.707s][info][gc,heap     ] GC(144) Humongous regions: 5->3
[120.707s][info][gc,metaspace] GC(144) Metaspace: 41241K(41728K)->41241K(41728K) NonClass: 36908K(37184K)->36908K(37184K) Class: 4333K(4544K)->4333K(4544K)
[120.707s][info][gc          ] GC(144) Pause Young (Prepare Mixed) (G1 Evacuation Pause) 208M->94M(256M) 15.458ms
[120.707s][info][gc,cpu      ] GC(144) User=0.03s Sys=0.00s Real=0.02s
[121.398s][info][gc,start    ] GC(145) Pause Young (Mixed) (G1 Evacuation Pause)
[121.398s][info][gc,task     ] GC(145) Using 2 workers of 2 for evacuation
[121.404s][info][gc,phases   ] GC(145)   Pre Evacuate Collection Set: 0.20ms
[121.404s][info][gc,phases   ] GC(145)   Merge Heap Roots: 0.08ms
[121.404s][info][gc,phases   ] GC(145)   Evacuate Collection Set: 5.71ms
[121.404s][info][gc,phases   ] GC(145)   Post Evacuate Collection Set: 0.43ms
[121.404s][info][gc,phases   ] GC(145)   Other: 0.09ms
[121.404s][info][gc,heap     ] GC(145) Eden regions: 124->0(148)
[121.404s][info][gc,heap     ] GC(145) Survivor regions: 12->5(17)
[121.404s][info][gc,heap     ] GC(145) Old regions: 81->56
[121.404s][info][gc,heap     ] GC(145) Humongous regions: 9->3
[121.404s][info][gc,metaspace] GC(145) Metaspace: 41247K(41728K)->41247K(41728K) NonClass: 36913K(37184K)->36913K(37184K) Class: 4333K(4544K)->4333K(4544K)
[121.404s][info][gc          ] GC(145) Pause Young (Mixed) (G1 Evacuation Pause) 224M->62M(256M) 6.702ms
[121.404s][info][gc,cpu      ] GC(145) User=0.02s Sys=0.00s Real=0.00s
[122.258s][info][gc,start    ] GC(146) Pause Young (Mixed) (G1 Evacuation Pause)
[122.258s][info][gc,task     ] GC(146) Using 2 workers of 2 for evacuation
[122.279s][info][gc,phases   ] GC(146)   Pre Evacuate Collection Set: 0.19ms
[122.279s][info][gc,phases   ] GC(146)   Merge Heap Roots: 0.15ms
[122.279s][info][gc,phases   ] GC(146)   Evacuate Collection Set: 19.29ms
[122.279s][info][gc,phases   ] GC(146)   Post Evacuate Collection Set: 0.58ms
[122.279s][info][gc,phases   ] GC(146)   Other: 0.07ms
[122.279s][info][gc,heap     ] GC(146) Eden regions: 148->0(142)
[122.279s][info][gc,heap     ] GC(146) Survivor regions: 5->11(20)
[122.279s][info][gc,heap     ] GC(146) Old regions: 56->48
[122.279s][info][gc,heap     ] GC(146) Humongous regions: 7->3
[122.279s][info][gc,metaspace] GC(146) Metaspace: 41247K(41728K)->41247K(41728K) NonClass: 36913K(37184K)->36913K(37184K) Class: 4333K(4544K)->4333K(4544K)
[122.279s][info][gc          ] GC(146) Pause Young (Mixed) (G1 Evacuation Pause) 214M->61M(256M) 20.478ms
[122.279s][info][gc,cpu      ] GC(146) User=0.05s Sys=0.00s Real=0.02s
[122.431s][info][gc,start    ] GC(147) Pause Young (Concurrent Start) (G1 Humongous Allocation)
[122.431s][info][gc,task     ] GC(147) Using 2 workers of 2 for evacuation
[122.435s][info][gc,phases   ] GC(147)   Pre Evacuate Collection Set: 0.16ms
[122.435s][info][gc,phases   ] GC(147)   Merge Heap Roots: 0.04ms
[122.435s][info][gc,phases   ] GC(147)   Evacuate Collection Set: 2.95ms
[122.435s][info][gc,phases   ] GC(147)   Post Evacuate Collection Set: 0.32ms
[122.435s][info][gc,phases   ] GC(147)   Other: 0.11ms
[122.435s][info][gc,heap     ] GC(147) Eden regions: 32->0(151)
[122.435s][info][gc,heap     ] GC(147) Survivor regions: 11->2(20)
[122.435s][info][gc,heap     ] GC(147) Old regions: 48->49
[122.435s][info][gc,heap     ] GC(147) Humongous regions: 3->1
[122.435s][info][gc,metaspace] GC(147) Metaspace: 41252K(41728K)->41252K(41728K) NonClass: 36919K(37184K)->36919K(37184K) Class: 4333K(4544K)->4333K(4544K)
[122.435s][info][gc          ] GC(147) Pause Young (Concurrent Start) (G1 Humongous Allocation) 93M->50M(256M) 3.752ms
[122.435s][info][gc          ] GC(148) Concurrent Mark Cycle
[122.435s][info][gc,marking  ] GC(148) Concurrent Scan Root Regions
[122.437s][info][gc,cpu      ] GC(147) User=0.01s Sys=0.00s Real=0.01s
[122.443s][info][gc,marking  ] GC(148) Concurrent Scan Root Regions 7.656ms
[122.443s][info][gc,marking  ] GC(148) Concurrent Mark
[122.443s][info][gc,marking  ] GC(148) Concurrent Mark From Roots
[122.443s][info][gc,task     ] GC(148) Using 1 workers of 1 for marking
[122.542s][info][gc,marking  ] GC(148) Concurrent Mark From Roots 99.499ms
[122.542s][info][gc,marking  ] GC(148) Concurrent Preclean
[122.542s][info][gc,marking  ] GC(148) Concurrent Preclean 0.038ms
[122.542s][info][gc,start    ] GC(148) Pause Remark
[122.557s][info][gc          ] GC(148) Pause Remark 64M->64M(256M) 14.274ms
[122.557s][info][gc,cpu      ] GC(148) User=0.03s Sys=0.00s Real=0.02s
[122.559s][info][gc,marking  ] GC(148) Concurrent Mark 116.082ms
[122.559s][info][gc,marking  ] GC(148) Concurrent Rebuild Remembered Sets and Scrub Regions
[122.587s][info][gc,marking  ] GC(148) Concurrent Rebuild Remembered Sets and Scrub Regions 27.603ms
[122.587s][info][gc,start    ] GC(148) Pause Cleanup
[122.587s][info][gc          ] GC(148) Pause Cleanup 71M->71M(256M) 0.044ms
[122.587s][info][gc,cpu      ] GC(148) User=0.00s Sys=0.00s Real=0.00s
[122.587s][info][gc,marking  ] GC(148) Concurrent Clear Claimed Marks
[122.587s][info][gc,marking  ] GC(148) Concurrent Clear Claimed Marks 0.040ms
[122.587s][info][gc,marking  ] GC(148) Concurrent Cleanup for Next Mark
[122.588s][info][gc,marking  ] GC(148) Concurrent Cleanup for Next Mark 0.791ms
[122.588s][info][gc          ] GC(148) Concurrent Mark Cycle 152.424ms
[123.402s][info][gc,start    ] GC(149) Pause Young (Prepare Mixed) (G1 Evacuation Pause)
[123.402s][info][gc,task     ] GC(149) Using 2 workers of 2 for evacuation
[123.408s][info][gc,phases   ] GC(149)   Pre Evacuate Collection Set: 0.16ms
[123.408s][info][gc,phases   ] GC(149)   Merge Heap Roots: 0.06ms
[123.408s][info][gc,phases   ] GC(149)   Evacuate Collection Set: 4.74ms
[123.408s][info][gc,phases   ] GC(149)   Post Evacuate Collection Set: 0.43ms
[123.408s][info][gc,phases   ] GC(149)   Other: 0.09ms
[123.408s][info][gc,heap     ] GC(149) Eden regions: 151->0(148)
[123.408s][info][gc,heap     ] GC(149) Survivor regions: 2->5(20)
[123.408s][info][gc,heap     ] GC(149) Old regions: 49->49
[123.408s][info][gc,heap     ] GC(149) Humongous regions: 9->3
[123.408s][info][gc,metaspace] GC(149) Metaspace: 41267K(41792K)->41267K(41792K) NonClass: 36934K(37248K)->36934K(37248K) Class: 4333K(4544K)->4333K(4544K)
[123.408s][info][gc          ] GC(149) Pause Young (Prepare Mixed) (G1 Evacuation Pause) 209M->55M(256M) 5.665ms
[123.408s][info][gc,cpu      ] GC(149) User=0.02s Sys=0.00s Real=0.01s
[123.934s][info][gc,start    ] GC(150) Pause Young (Mixed) (G1 Evacuation Pause)
[123.934s][info][gc,task     ] GC(150) Using 2 workers of 2 for evacuation
[123.991s][info][gc,phases   ] GC(150)   Pre Evacuate Collection Set: 0.17ms
[123.991s][info][gc,phases   ] GC(150)   Merge Heap Roots: 0.16ms
[123.991s][info][gc,phases   ] GC(150)   Evacuate Collection Set: 56.19ms
[123.991s][info][gc,phases   ] GC(150)   Post Evacuate Collection Set: 0.72ms
[123.991s][info][gc,phases   ] GC(150)   Other: 0.07ms
[123.991s][info][gc,heap     ] GC(150) Eden regions: 148->0(125)
[123.992s][info][gc,heap     ] GC(150) Survivor regions: 5->20(20)
[123.992s][info][gc,heap     ] GC(150) Old regions: 49->64
[123.992s][info][gc,heap     ] GC(150) Humongous regions: 3->3
[123.992s][info][gc,metaspace] GC(150) Metaspace: 41268K(41792K)->41268K(41792K) NonClass: 36935K(37248K)->36935K(37248K) Class: 4333K(4544K)->4333K(4544K)
[123.992s][info][gc          ] GC(150) Pause Young (Mixed) (G1 Evacuation Pause) 203M->86M(256M) 57.513ms
[123.992s][info][gc,cpu      ] GC(150) User=0.11s Sys=0.00s Real=0.06s
[124.685s][info][gc,start    ] GC(151) Pause Young (Concurrent Start) (G1 Evacuation Pause)
[124.685s][info][gc,task     ] GC(151) Using 2 workers of 2 for evacuation
[124.762s][info][gc,phases   ] GC(151)   Pre Evacuate Collection Set: 0.16ms
[124.762s][info][gc,phases   ] GC(151)   Merge Heap Roots: 0.29ms
[124.762s][info][gc,phases   ] GC(151)   Evacuate Collection Set: 75.44ms
[124.762s][info][gc,phases   ] GC(151)   Post Evacuate Collection Set: 0.48ms
[124.762s][info][gc,phases   ] GC(151)   Other: 0.11ms
[124.762s][info][gc,heap     ] GC(151) Eden regions: 125->0(97)
[124.762s][info][gc,heap     ] GC(151) Survivor regions: 20->19(19)
[124.762s][info][gc,heap     ] GC(151) Old regions: 64->94
[124.762s][info][gc,heap     ] GC(151) Humongous regions: 3->3
[124.762s][info][gc,metaspace] GC(151) Metaspace: 41268K(41792K)->41268K(41792K) NonClass: 36935K(37248K)->36935K(37248K) Class: 4333K(4544K)->4333K(4544K)
[124.762s][info][gc          ] GC(151) Pause Young (Concurrent Start) (G1 Evacuation Pause) 211M->115M(261M) 76.752ms
[124.762s][info][gc,cpu      ] GC(151) User=0.14s Sys=0.01s Real=0.07s
[124.762s][info][gc          ] GC(152) Concurrent Mark Cycle
[124.762s][info][gc,marking  ] GC(152) Concurrent Scan Root Regions
[124.859s][info][gc,marking  ] GC(152) Concurrent Scan Root Regions 96.827ms
[124.859s][info][gc,marking  ] GC(152) Concurrent Mark
[124.859s][info][gc,marking  ] GC(152) Concurrent Mark From Roots
[124.859s][info][gc,task     ] GC(152) Using 1 workers of 1 for marking
[124.976s][info][gc,marking  ] GC(152) Concurrent Mark From Roots 116.764ms
[124.976s][info][gc,marking  ] GC(152) Concurrent Preclean
[124.976s][info][gc,marking  ] GC(152) Concurrent Preclean 0.040ms
[124.976s][info][gc,start    ] GC(152) Pause Remark
[124.990s][info][gc          ] GC(152) Pause Remark 136M->136M(261M) 14.200ms
[124.990s][info][gc,cpu      ] GC(152) User=0.03s Sys=0.00s Real=0.01s
[124.990s][info][gc,marking  ] GC(152) Concurrent Mark 131.336ms
[124.990s][info][gc,marking  ] GC(152) Concurrent Rebuild Remembered Sets and Scrub Regions
[125.063s][info][gc,marking  ] GC(152) Concurrent Rebuild Remembered Sets and Scrub Regions 72.331ms
[125.063s][info][gc,start    ] GC(152) Pause Cleanup
[125.063s][info][gc          ] GC(152) Pause Cleanup 145M->145M(261M) 0.051ms
[125.063s][info][gc,cpu      ] GC(152) User=0.00s Sys=0.00s Real=0.00s
[125.063s][info][gc,marking  ] GC(152) Concurrent Clear Claimed Marks
[125.063s][info][gc,marking  ] GC(152) Concurrent Clear Claimed Marks 0.041ms
[125.063s][info][gc,marking  ] GC(152) Concurrent Cleanup for Next Mark
[125.064s][info][gc,marking  ] GC(152) Concurrent Cleanup for Next Mark 0.860ms
[125.064s][info][gc          ] GC(152) Concurrent Mark Cycle 301.808ms
[125.489s][info][gc,start    ] GC(153) Pause Young (Prepare Mixed) (G1 Evacuation Pause)
[125.489s][info][gc,task     ] GC(153) Using 2 workers of 2 for evacuation
[125.547s][info][gc,phases   ] GC(153)   Pre Evacuate Collection Set: 0.19ms
[125.547s][info][gc,phases   ] GC(153)   Merge Heap Roots: 0.37ms
[125.547s][info][gc,phases   ] GC(153)   Evacuate Collection Set: 57.30ms
[125.547s][info][gc,phases   ] GC(153)   Post Evacuate Collection Set: 0.64ms
[125.547s][info][gc,phases   ] GC(153)   Other: 0.07ms
[125.547s][info][gc,heap     ] GC(153) Eden regions: 97->0(74)
[125.547s][info][gc,heap     ] GC(153) Survivor regions: 19->15(15)
[125.547s][info][gc,heap     ] GC(153) Old regions: 94->125
[125.547s][info][gc,heap     ] GC(153) Humongous regions: 3->3
[125.547s][info][gc,metaspace] GC(153) Metaspace: 41268K(41792K)->41268K(41792K) NonClass: 36935K(37248K)->36935K(37248K) Class: 4333K(4544K)->4333K(4544K)
[125.547s][info][gc          ] GC(153) Pause Young (Prepare Mixed) (G1 Evacuation Pause) (Evacuation Failure: Pinned) 212M->142M(261M) 58.788ms
[125.547s][info][gc,cpu      ] GC(153) User=0.12s Sys=0.00s Real=0.06s
[126.061s][info][gc,start    ] GC(154) Pause Young (Mixed) (G1 Evacuation Pause)
[126.061s][info][gc,task     ] GC(154) Using 2 workers of 2 for evacuation
[126.130s][info][gc,phases   ] GC(154)   Pre Evacuate Collection Set: 0.18ms
[126.130s][info][gc,phases   ] GC(154)   Merge Heap Roots: 1.16ms
[126.130s][info][gc,phases   ] GC(154)   Evacuate Collection Set: 66.82ms
[126.130s][info][gc,phases   ] GC(154)   Post Evacuate Collection Set: 0.92ms
[126.130s][info][gc,phases   ] GC(154)   Other: 0.08ms
[126.130s][info][gc,heap     ] GC(154) Eden regions: 74->0(84)
[126.130s][info][gc,heap     ] GC(154) Survivor regions: 15->12(12)
[126.130s][info][gc,heap     ] GC(154) Old regions: 125->145
[126.130s][info][gc,heap     ] GC(154) Humongous regions: 5->3
[126.130s][info][gc,metaspace] GC(154) Metaspace: 41270K(41792K)->41270K(41792K) NonClass: 36937K(37248K)->36937K(37248K) Class: 4333K(4544K)->4333K(4544K)
[126.130s][info][gc          ] GC(154) Pause Young (Mixed) (G1 Evacuation Pause) 218M->160M(297M) 69.385ms
[126.130s][info][gc,cpu      ] GC(154) User=0.13s Sys=0.00s Real=0.07s
[126.523s][info][gc,start    ] GC(155) Pause Young (Concurrent Start) (G1 Evacuation Pause)
[126.523s][info][gc,task     ] GC(155) Using 2 workers of 2 for evacuation
[126.554s][info][gc,phases   ] GC(155)   Pre Evacuate Collection Set: 0.19ms
[126.554s][info][gc,phases   ] GC(155)   Merge Heap Roots: 0.13ms
[126.554s][info][gc,phases   ] GC(155)   Evacuate Collection Set: 29.67ms
[126.554s][info][gc,phases   ] GC(155)   Post Evacuate Collection Set: 0.36ms
[126.554s][info][gc,phases   ] GC(155)   Other: 0.11ms
[126.554s][info][gc,heap     ] GC(155) Eden regions: 84->0(78)
[126.554s][info][gc,heap     ] GC(155) Survivor regions: 12->12(12)
[126.554s][info][gc,heap     ] GC(155) Old regions: 145->159
[126.554s][info][gc,heap     ] GC(155) Humongous regions: 3->3
[126.554s][info][gc,metaspace] GC(155) Metaspace: 41287K(41792K)->41287K(41792K) NonClass: 36954K(37248K)->36954K(37248K) Class: 4333K(4544K)->4333K(4544K)
[126.554s][info][gc          ] GC(155) Pause Young (Concurrent Start) (G1 Evacuation Pause) 244M->173M(297M) 30.655ms
[126.554s][info][gc,cpu      ] GC(155) User=0.06s Sys=0.00s Real=0.03s
[126.554s][info][gc          ] GC(156) Concurrent Mark Cycle
[126.554s][info][gc,marking  ] GC(156) Concurrent Scan Root Regions
[126.602s][info][gc,marking  ] GC(156) Concurrent Scan Root Regions 48.050ms
[126.602s][info][gc,marking  ] GC(156) Concurrent Mark
[126.602s][info][gc,marking  ] GC(156) Concurrent Mark From Roots
[126.602s][info][gc,task     ] GC(156) Using 1 workers of 1 for marking
[126.768s][info][gc,marking  ] GC(156) Concurrent Mark From Roots 166.504ms
[126.768s][info][gc,marking  ] GC(156) Concurrent Preclean
[126.769s][info][gc,marking  ] GC(156) Concurrent Preclean 0.035ms
[126.769s][info][gc,start    ] GC(156) Pause Remark
[126.782s][info][gc          ] GC(156) Pause Remark 199M->199M(297M) 13.778ms
[126.782s][info][gc,cpu      ] GC(156) User=0.03s Sys=0.00s Real=0.01s
[126.783s][info][gc,marking  ] GC(156) Concurrent Mark 180.599ms
[126.783s][info][gc,marking  ] GC(156) Concurrent Rebuild Remembered Sets and Scrub Regions
[126.859s][info][gc,marking  ] GC(156) Concurrent Rebuild Remembered Sets and Scrub Regions 76.546ms
[126.859s][info][gc,start    ] GC(156) Pause Cleanup
[126.859s][info][gc          ] GC(156) Pause Cleanup 207M->207M(297M) 0.087ms
[126.859s][info][gc,cpu      ] GC(156) User=0.00s Sys=0.00s Real=0.00s
[126.859s][info][gc,marking  ] GC(156) Concurrent Clear Claimed Marks
[126.860s][info][gc,marking  ] GC(156) Concurrent Clear Claimed Marks 0.041ms
[126.860s][info][gc,marking  ] GC(156) Concurrent Cleanup for Next Mark
[126.861s][info][gc,marking  ] GC(156) Concurrent Cleanup for Next Mark 1.429ms
[126.861s][info][gc          ] GC(156) Concurrent Mark Cycle 307.200ms
[127.016s][info][gc,start    ] GC(157) Pause Young (Prepare Mixed) (G1 Evacuation Pause)
[127.016s][info][gc,task     ] GC(157) Using 2 workers of 2 for evacuation
[127.039s][info][gc,phases   ] GC(157)   Pre Evacuate Collection Set: 0.17ms
[127.039s][info][gc,phases   ] GC(157)   Merge Heap Roots: 0.08ms
[127.039s][info][gc,phases   ] GC(157)   Evacuate Collection Set: 22.21ms
[127.039s][info][gc,phases   ] GC(157)   Post Evacuate Collection Set: 0.36ms
[127.039s][info][gc,phases   ] GC(157)   Other: 0.09ms
[127.039s][info][gc,heap     ] GC(157) Eden regions: 78->0(73)
[127.039s][info][gc,heap     ] GC(157) Survivor regions: 12->11(12)
[127.039s][info][gc,heap     ] GC(157) Old regions: 159->170
[127.039s][info][gc,heap     ] GC(157) Humongous regions: 7->3
[127.039s][info][gc,metaspace] GC(157) Metaspace: 41290K(41792K)->41290K(41792K) NonClass: 36956K(37248K)->36956K(37248K) Class: 4333K(4544K)->4333K(4544K)
[127.039s][info][gc          ] GC(157) Pause Young (Prepare Mixed) (G1 Evacuation Pause) 255M->183M(297M) 23.155ms
[127.039s][info][gc,cpu      ] GC(157) User=0.05s Sys=0.00s Real=0.02s
[127.488s][info][gc,start    ] GC(158) Pause Young (Mixed) (G1 Evacuation Pause)
[127.488s][info][gc,task     ] GC(158) Using 2 workers of 2 for evacuation
[127.518s][info][gc,phases   ] GC(158)   Pre Evacuate Collection Set: 0.19ms
[127.518s][info][gc,phases   ] GC(158)   Merge Heap Roots: 0.13ms
[127.518s][info][gc,phases   ] GC(158)   Evacuate Collection Set: 28.24ms
[127.518s][info][gc,phases   ] GC(158)   Post Evacuate Collection Set: 0.46ms
[127.518s][info][gc,phases   ] GC(158)   Other: 0.09ms
[127.518s][info][gc,heap     ] GC(158) Eden regions: 73->0(99)
[127.518s][info][gc,heap     ] GC(158) Survivor regions: 11->6(11)
[127.518s][info][gc,heap     ] GC(158) Old regions: 170->144
[127.518s][info][gc,heap     ] GC(158) Humongous regions: 9->3
[127.518s][info][gc,metaspace] GC(158) Metaspace: 41290K(41792K)->41290K(41792K) NonClass: 36956K(37248K)->36956K(37248K) Class: 4333K(4544K)->4333K(4544K)
[127.518s][info][gc          ] GC(158) Pause Young (Mixed) (G1 Evacuation Pause) 262M->152M(297M) 29.313ms
[127.518s][info][gc,cpu      ] GC(158) User=0.03s Sys=0.00s Real=0.03s
[127.996s][info][gc,start    ] GC(159) Pause Young (Mixed) (G1 Evacuation Pause)
[127.996s][info][gc,task     ] GC(159) Using 2 workers of 2 for evacuation
[128.021s][info][gc,phases   ] GC(159)   Pre Evacuate Collection Set: 0.19ms
[128.021s][info][gc,phases   ] GC(159)   Merge Heap Roots: 0.41ms
[128.021s][info][gc,phases   ] GC(159)   Evacuate Collection Set: 23.98ms
[128.021s][info][gc,phases   ] GC(159)   Post Evacuate Collection Set: 0.50ms
[128.021s][info][gc,phases   ] GC(159)   Other: 0.11ms
[128.021s][info][gc,heap     ] GC(159) Eden regions: 99->0(105)
[128.021s][info][gc,heap     ] GC(159) Survivor regions: 6->14(14)
[128.021s][info][gc,heap     ] GC(159) Old regions: 144->124
[128.021s][info][gc,heap     ] GC(159) Humongous regions: 5->3
[128.021s][info][gc,metaspace] GC(159) Metaspace: 41306K(41792K)->41306K(41792K) NonClass: 36973K(37248K)->36973K(37248K) Class: 4333K(4544K)->4333K(4544K)
[128.021s][info][gc          ] GC(159) Pause Young (Mixed) (G1 Evacuation Pause) 253M->140M(297M) 25.401ms
[128.021s][info][gc,cpu      ] GC(159) User=0.05s Sys=0.00s Real=0.02s
[128.462s][info][gc,start    ] GC(160) Pause Young (Mixed) (G1 Evacuation Pause)
[128.462s][info][gc,task     ] GC(160) Using 2 workers of 2 for evacuation
[128.532s][info][gc,phases   ] GC(160)   Pre Evacuate Collection Set: 0.25ms
[128.532s][info][gc,phases   ] GC(160)   Merge Heap Roots: 0.52ms
[128.532s][info][gc,phases   ] GC(160)   Evacuate Collection Set: 67.55ms
[128.532s][info][gc,phases   ] GC(160)   Post Evacuate Collection Set: 1.03ms
[128.532s][info][gc,phases   ] GC(160)   Other: 0.09ms
[128.532s][info][gc,heap     ] GC(160) Eden regions: 105->0(118)
[128.532s][info][gc,heap     ] GC(160) Survivor regions: 14->15(15)
[128.532s][info][gc,heap     ] GC(160) Old regions: 124->158
[128.532s][info][gc,heap     ] GC(160) Humongous regions: 5->5
[128.532s][info][gc,metaspace] GC(160) Metaspace: 41312K(41792K)->41312K(41792K) NonClass: 36978K(37248K)->36978K(37248K) Class: 4333K(4544K)->4333K(4544K)
[128.532s][info][gc          ] GC(160) Pause Young (Mixed) (G1 Evacuation Pause) 247M->177M(384M) 69.682ms
[128.532s][info][gc,cpu      ] GC(160) User=0.12s Sys=0.01s Real=0.07s
[129.068s][info][gc,start    ] GC(161) Pause Young (Concurrent Start) (G1 Evacuation Pause)
[129.068s][info][gc,task     ] GC(161) Using 2 workers of 2 for evacuation
[129.087s][info][gc,phases   ] GC(161)   Pre Evacuate Collection Set: 0.23ms
[129.088s][info][gc,phases   ] GC(161)   Merge Heap Roots: 0.18ms
[129.088s][info][gc,phases   ] GC(161)   Evacuate Collection Set: 18.69ms
[129.088s][info][gc,phases   ] GC(161)   Post Evacuate Collection Set: 0.37ms
[129.088s][info][gc,phases   ] GC(161)   Other: 0.09ms
[129.088s][info][gc,heap     ] GC(161) Eden regions: 118->0(123)
[129.088s][info][gc,heap     ] GC(161) Survivor regions: 15->7(17)
[129.088s][info][gc,heap     ] GC(161) Old regions: 158->173
[129.088s][info][gc,heap     ] GC(161) Humongous regions: 5->5
[129.088s][info][gc,metaspace] GC(161) Metaspace: 41312K(41792K)->41312K(41792K) NonClass: 36979K(37248K)->36979K(37248K) Class: 4333K(4544K)->4333K(4544K)
[129.088s][info][gc          ] GC(161) Pause Young (Concurrent Start) (G1 Evacuation Pause) 295M->184M(384M) 19.842ms
[129.088s][info][gc,cpu      ] GC(161) User=0.04s Sys=0.00s Real=0.02s
[129.088s][info][gc          ] GC(162) Concurrent Mark Cycle
[129.088s][info][gc,marking  ] GC(162) Concurrent Scan Root Regions
[129.097s][info][gc,marking  ] GC(162) Concurrent Scan Root Regions 8.864ms
[129.097s][info][gc,marking  ] GC(162) Concurrent Mark
[129.097s][info][gc,marking  ] GC(162) Concurrent Mark From Roots
[129.097s][info][gc,task     ] GC(162) Using 1 workers of 1 for marking
[129.240s][info][gc,marking  ] GC(162) Concurrent Mark From Roots 143.062ms
[129.240s][info][gc,marking  ] GC(162) Concurrent Preclean
[129.240s][info][gc,marking  ] GC(162) Concurrent Preclean 0.046ms
[129.240s][info][gc,start    ] GC(162) Pause Remark
[129.254s][info][gc          ] GC(162) Pause Remark 219M->208M(384M) 14.027ms
[129.254s][info][gc,cpu      ] GC(162) User=0.03s Sys=0.00s Real=0.01s
[129.254s][info][gc,marking  ] GC(162) Concurrent Mark 157.640ms
[129.254s][info][gc,marking  ] GC(162) Concurrent Rebuild Remembered Sets and Scrub Regions
[129.306s][info][gc,marking  ] GC(162) Concurrent Rebuild Remembered Sets and Scrub Regions 51.625ms
[129.306s][info][gc,start    ] GC(162) Pause Cleanup
[129.306s][info][gc          ] GC(162) Pause Cleanup 221M->221M(384M) 0.083ms
[129.306s][info][gc,cpu      ] GC(162) User=0.00s Sys=0.00s Real=0.00s
[129.306s][info][gc,marking  ] GC(162) Concurrent Clear Claimed Marks
[129.306s][info][gc,marking  ] GC(162) Concurrent Clear Claimed Marks 0.040ms
[129.306s][info][gc,marking  ] GC(162) Concurrent Cleanup for Next Mark
[129.308s][info][gc,marking  ] GC(162) Concurrent Cleanup for Next Mark 2.153ms
[129.308s][info][gc          ] GC(162) Concurrent Mark Cycle 220.727ms
[129.594s][info][gc,start    ] GC(163) Pause Young (Prepare Mixed) (G1 Evacuation Pause)
[129.594s][info][gc,task     ] GC(163) Using 2 workers of 2 for evacuation
[129.607s][info][gc,phases   ] GC(163)   Pre Evacuate Collection Set: 0.29ms
[129.608s][info][gc,phases   ] GC(163)   Merge Heap Roots: 0.10ms
[129.608s][info][gc,phases   ] GC(163)   Evacuate Collection Set: 12.60ms
[129.608s][info][gc,phases   ] GC(163)   Post Evacuate Collection Set: 0.62ms
[129.608s][info][gc,phases   ] GC(163)   Other: 0.11ms
[129.608s][info][gc,heap     ] GC(163) Eden regions: 123->0(137)
[129.608s][info][gc,heap     ] GC(163) Survivor regions: 7->9(17)
[129.608s][info][gc,heap     ] GC(163) Old regions: 162->162
[129.608s][info][gc,heap     ] GC(163) Humongous regions: 7->6
[129.608s][info][gc,metaspace] GC(163) Metaspace: 41312K(41792K)->41312K(41792K) NonClass: 36979K(37248K)->36979K(37248K) Class: 4333K(4544K)->4333K(4544K)
[129.608s][info][gc          ] GC(163) Pause Young (Prepare Mixed) (G1 Evacuation Pause) 298M->176M(384M) 13.935ms
[129.608s][info][gc,cpu      ] GC(163) User=0.03s Sys=0.00s Real=0.02s
[130.116s][info][gc,start    ] GC(164) Pause Young (Mixed) (G1 Evacuation Pause)
[130.116s][info][gc,task     ] GC(164) Using 2 workers of 2 for evacuation
[130.145s][info][gc,phases   ] GC(164)   Pre Evacuate Collection Set: 0.68ms
[130.145s][info][gc,phases   ] GC(164)   Merge Heap Roots: 0.14ms
[130.145s][info][gc,phases   ] GC(164)   Evacuate Collection Set: 27.07ms
[130.145s][info][gc,phases   ] GC(164)   Post Evacuate Collection Set: 0.52ms
[130.145s][info][gc,phases   ] GC(164)   Other: 0.11ms
[130.145s][info][gc,heap     ] GC(164) Eden regions: 137->0(137)
[130.145s][info][gc,heap     ] GC(164) Survivor regions: 9->19(19)
[130.145s][info][gc,heap     ] GC(164) Old regions: 162->140
[130.145s][info][gc,heap     ] GC(164) Humongous regions: 6->5
[130.145s][info][gc,metaspace] GC(164) Metaspace: 41314K(41792K)->41314K(41792K) NonClass: 36981K(37248K)->36981K(37248K) Class: 4333K(4544K)->4333K(4544K)
[130.145s][info][gc          ] GC(164) Pause Young (Mixed) (G1 Evacuation Pause) 313M->163M(384M) 28.758ms
[130.145s][info][gc,cpu      ] GC(164) User=0.06s Sys=0.00s Real=0.03s
[130.720s][info][gc,start    ] GC(165) Pause Young (Mixed) (G1 Evacuation Pause)
[130.720s][info][gc,task     ] GC(165) Using 2 workers of 2 for evacuation
[130.783s][info][gc,phases   ] GC(165)   Pre Evacuate Collection Set: 0.29ms
[130.783s][info][gc,phases   ] GC(165)   Merge Heap Roots: 0.28ms
[130.783s][info][gc,phases   ] GC(165)   Evacuate Collection Set: 61.39ms
[130.783s][info][gc,phases   ] GC(165)   Post Evacuate Collection Set: 0.50ms
[130.783s][info][gc,phases   ] GC(165)   Other: 0.07ms
[130.783s][info][gc,heap     ] GC(165) Eden regions: 137->0(87)
[130.783s][info][gc,heap     ] GC(165) Survivor regions: 19->20(20)
[130.783s][info][gc,heap     ] GC(165) Old regions: 140->186
[130.783s][info][gc,heap     ] GC(165) Humongous regions: 6->6
[130.783s][info][gc,metaspace] GC(165) Metaspace: 41314K(41792K)->41314K(41792K) NonClass: 36981K(37248K)->36981K(37248K) Class: 4333K(4544K)->4333K(4544K)
[130.783s][info][gc          ] GC(165) Pause Young (Mixed) (G1 Evacuation Pause) 301M->211M(384M) 62.788ms
[130.783s][info][gc,cpu      ] GC(165) User=0.12s Sys=0.00s Real=0.06s
[131.123s][info][gc,start    ] GC(166) Pause Young (Concurrent Start) (G1 Evacuation Pause)
[131.123s][info][gc,task     ] GC(166) Using 2 workers of 2 for evacuation
[131.158s][info][gc,phases   ] GC(166)   Pre Evacuate Collection Set: 0.21ms
[131.158s][info][gc,phases   ] GC(166)   Merge Heap Roots: 0.24ms
[131.158s][info][gc,phases   ] GC(166)   Evacuate Collection Set: 34.14ms
[131.158s][info][gc,phases   ] GC(166)   Post Evacuate Collection Set: 0.40ms
[131.158s][info][gc,phases   ] GC(166)   Other: 0.12ms
[131.158s][info][gc,heap     ] GC(166) Eden regions: 87->0(84)
[131.158s][info][gc,heap     ] GC(166) Survivor regions: 20->13(14)
[131.158s][info][gc,heap     ] GC(166) Old regions: 186->206
[131.158s][info][gc,heap     ] GC(166) Humongous regions: 6->6
[131.158s][info][gc,metaspace] GC(166) Metaspace: 41315K(41792K)->41315K(41792K) NonClass: 36982K(37248K)->36982K(37248K) Class: 4333K(4544K)->4333K(4544K)
[131.159s][info][gc          ] GC(166) Pause Young (Concurrent Start) (G1 Evacuation Pause) 298M->225M(384M) 35.323ms
[131.159s][info][gc,cpu      ] GC(166) User=0.07s Sys=0.00s Real=0.04s
[131.159s][info][gc          ] GC(167) Concurrent Mark Cycle
[131.159s][info][gc,marking  ] GC(167) Concurrent Scan Root Regions
[131.185s][info][gc,marking  ] GC(167) Concurrent Scan Root Regions 26.112ms
[131.185s][info][gc,marking  ] GC(167) Concurrent Mark
[131.185s][info][gc,marking  ] GC(167) Concurrent Mark From Roots
[131.185s][info][gc,task     ] GC(167) Using 1 workers of 1 for marking
[131.321s][info][gc,marking  ] GC(167) Concurrent Mark From Roots 136.681ms
[131.321s][info][gc,marking  ] GC(167) Concurrent Preclean
[131.322s][info][gc,marking  ] GC(167) Concurrent Preclean 0.043ms
[131.322s][info][gc,start    ] GC(167) Pause Remark
[131.336s][info][gc          ] GC(167) Pause Remark 258M->187M(384M) 14.470ms
[131.336s][info][gc,cpu      ] GC(167) User=0.03s Sys=0.00s Real=0.02s
[131.336s][info][gc,marking  ] GC(167) Concurrent Mark 151.505ms
[131.336s][info][gc,marking  ] GC(167) Concurrent Rebuild Remembered Sets and Scrub Regions
[131.396s][info][gc,marking  ] GC(167) Concurrent Rebuild Remembered Sets and Scrub Regions 59.797ms
[131.397s][info][gc,start    ] GC(167) Pause Cleanup
[131.397s][info][gc          ] GC(167) Pause Cleanup 199M->199M(384M) 0.107ms
[131.397s][info][gc,cpu      ] GC(167) User=0.00s Sys=0.00s Real=0.00s
[131.397s][info][gc,marking  ] GC(167) Concurrent Clear Claimed Marks
[131.397s][info][gc,marking  ] GC(167) Concurrent Clear Claimed Marks 0.040ms
[131.397s][info][gc,marking  ] GC(167) Concurrent Cleanup for Next Mark
[131.398s][info][gc,marking  ] GC(167) Concurrent Cleanup for Next Mark 1.176ms
[131.398s][info][gc          ] GC(167) Concurrent Mark Cycle 239.727ms
[131.543s][info][gc,start    ] GC(168) Pause Young (Prepare Mixed) (G1 Evacuation Pause)
[131.543s][info][gc,task     ] GC(168) Using 2 workers of 2 for evacuation
[131.561s][info][gc,phases   ] GC(168)   Pre Evacuate Collection Set: 0.28ms
[131.561s][info][gc,phases   ] GC(168)   Merge Heap Roots: 0.17ms
[131.561s][info][gc,phases   ] GC(168)   Evacuate Collection Set: 16.94ms
[131.561s][info][gc,phases   ] GC(168)   Post Evacuate Collection Set: 0.34ms
[131.561s][info][gc,phases   ] GC(168)   Other: 0.09ms
[131.561s][info][gc,heap     ] GC(168) Eden regions: 84->0(125)
[131.561s][info][gc,heap     ] GC(168) Survivor regions: 13->13(13)
[131.561s][info][gc,heap     ] GC(168) Old regions: 137->146
[131.561s][info][gc,heap     ] GC(168) Humongous regions: 4->4
[131.561s][info][gc,metaspace] GC(168) Metaspace: 41315K(41792K)->41315K(41792K) NonClass: 36982K(37248K)->36982K(37248K) Class: 4333K(4544K)->4333K(4544K)
[131.561s][info][gc          ] GC(168) Pause Young (Prepare Mixed) (G1 Evacuation Pause) 238M->162M(384M) 18.117ms
[131.561s][info][gc,cpu      ] GC(168) User=0.03s Sys=0.00s Real=0.02s
[132.054s][info][gc,start    ] GC(169) Pause Young (Mixed) (G1 Evacuation Pause)
[132.054s][info][gc,task     ] GC(169) Using 2 workers of 2 for evacuation
[132.096s][info][gc,phases   ] GC(169)   Pre Evacuate Collection Set: 0.21ms
[132.096s][info][gc,phases   ] GC(169)   Merge Heap Roots: 0.14ms
[132.096s][info][gc,phases   ] GC(169)   Evacuate Collection Set: 40.61ms
[132.096s][info][gc,phases   ] GC(169)   Post Evacuate Collection Set: 0.58ms
[132.096s][info][gc,phases   ] GC(169)   Other: 0.10ms
[132.096s][info][gc,heap     ] GC(169) Eden regions: 125->0(106)
[132.096s][info][gc,heap     ] GC(169) Survivor regions: 13->18(18)
[132.096s][info][gc,heap     ] GC(169) Old regions: 146->151
[132.096s][info][gc,heap     ] GC(169) Humongous regions: 5->5
[132.096s][info][gc,metaspace] GC(169) Metaspace: 41315K(41792K)->41315K(41792K) NonClass: 36982K(37248K)->36982K(37248K) Class: 4333K(4544K)->4333K(4544K)
[132.096s][info][gc          ] GC(169) Pause Young (Mixed) (G1 Evacuation Pause) 288M->173M(384M) 41.903ms
[132.096s][info][gc,cpu      ] GC(169) User=0.09s Sys=0.00s Real=0.05s
[132.510s][info][gc,start    ] GC(170) Pause Young (Mixed) (G1 Evacuation Pause)
[132.510s][info][gc,task     ] GC(170) Using 2 workers of 2 for evacuation
[132.580s][info][gc,phases   ] GC(170)   Pre Evacuate Collection Set: 0.24ms
[132.580s][info][gc,phases   ] GC(170)   Merge Heap Roots: 0.41ms
[132.580s][info][gc,phases   ] GC(170)   Evacuate Collection Set: 68.61ms
[132.580s][info][gc,phases   ] GC(170)   Post Evacuate Collection Set: 1.13ms
[132.580s][info][gc,phases   ] GC(170)   Other: 0.08ms
[132.580s][info][gc,heap     ] GC(170) Eden regions: 106->0(104)
[132.580s][info][gc,heap     ] GC(170) Survivor regions: 18->16(16)
[132.580s][info][gc,heap     ] GC(170) Old regions: 151->208
[132.580s][info][gc,heap     ] GC(170) Humongous regions: 6->6
[132.580s][info][gc,metaspace] GC(170) Metaspace: 41315K(41792K)->41315K(41792K) NonClass: 36982K(37248K)->36982K(37248K) Class: 4333K(4544K)->4333K(4544K)
[132.580s][info][gc          ] GC(170) Pause Young (Mixed) (G1 Evacuation Pause) 280M->230M(453M) 70.689ms
[132.580s][info][gc,cpu      ] GC(170) User=0.14s Sys=0.00s Real=0.07s
[133.037s][info][gc,start    ] GC(171) Pause Young (Concurrent Start) (G1 Humongous Allocation)
[133.038s][info][gc,task     ] GC(171) Using 2 workers of 2 for evacuation
[133.101s][info][gc,phases   ] GC(171)   Pre Evacuate Collection Set: 0.24ms
[133.101s][info][gc,phases   ] GC(171)   Merge Heap Roots: 0.29ms
[133.101s][info][gc,phases   ] GC(171)   Evacuate Collection Set: 62.75ms
[133.101s][info][gc,phases   ] GC(171)   Post Evacuate Collection Set: 0.48ms
[133.101s][info][gc,phases   ] GC(171)   Other: 0.10ms
[133.101s][info][gc,heap     ] GC(171) Eden regions: 103->0(65)
[133.101s][info][gc,heap     ] GC(171) Survivor regions: 16->15(15)
[133.101s][info][gc,heap     ] GC(171) Old regions: 208->278
[133.101s][info][gc,heap     ] GC(171) Humongous regions: 6->6
[133.101s][info][gc,metaspace] GC(171) Metaspace: 41315K(41792K)->41315K(41792K) NonClass: 36982K(37248K)->36982K(37248K) Class: 4333K(4544K)->4333K(4544K)
[133.102s][info][gc          ] GC(171) Pause Young (Concurrent Start) (G1 Humongous Allocation) 332M->298M(453M) 64.090ms
[133.102s][info][gc,cpu      ] GC(171) User=0.13s Sys=0.00s Real=0.06s
[133.102s][info][gc          ] GC(172) Concurrent Mark Cycle
[133.102s][info][gc,marking  ] GC(172) Concurrent Scan Root Regions
[133.145s][info][gc,marking  ] GC(172) Concurrent Scan Root Regions 43.315ms
[133.145s][info][gc,marking  ] GC(172) Concurrent Mark
[133.145s][info][gc,marking  ] GC(172) Concurrent Mark From Roots
[133.145s][info][gc,task     ] GC(172) Using 1 workers of 1 for marking
[133.260s][info][gc,marking  ] GC(172) Concurrent Mark From Roots 115.133ms
[133.260s][info][gc,marking  ] GC(172) Concurrent Preclean
[133.260s][info][gc,marking  ] GC(172) Concurrent Preclean 0.041ms
[133.260s][info][gc,start    ] GC(172) Pause Remark
[133.274s][info][gc          ] GC(172) Pause Remark 330M->269M(453M) 13.771ms
[133.274s][info][gc,cpu      ] GC(172) User=0.03s Sys=0.00s Real=0.01s
[133.274s][info][gc,marking  ] GC(172) Concurrent Mark 129.241ms
[133.274s][info][gc,marking  ] GC(172) Concurrent Rebuild Remembered Sets and Scrub Regions
[133.369s][info][gc,marking  ] GC(172) Concurrent Rebuild Remembered Sets and Scrub Regions 95.107ms
[133.370s][info][gc,start    ] GC(172) Pause Cleanup
[133.370s][info][gc          ] GC(172) Pause Cleanup 289M->289M(453M) 0.088ms
[133.370s][info][gc,cpu      ] GC(172) User=0.00s Sys=0.00s Real=0.00s
[133.370s][info][gc,marking  ] GC(172) Concurrent Clear Claimed Marks
[133.370s][info][gc,marking  ] GC(172) Concurrent Clear Claimed Marks 0.041ms
[133.370s][info][gc,marking  ] GC(172) Concurrent Cleanup for Next Mark
[133.372s][info][gc,marking  ] GC(172) Concurrent Cleanup for Next Mark 2.146ms
[133.372s][info][gc          ] GC(172) Concurrent Mark Cycle 270.310ms
[133.421s][info][gc,start    ] GC(173) Pause Young (Prepare Mixed) (G1 Evacuation Pause)
[133.421s][info][gc,task     ] GC(173) Using 2 workers of 2 for evacuation
[133.466s][info][gc,phases   ] GC(173)   Pre Evacuate Collection Set: 0.24ms
[133.466s][info][gc,phases   ] GC(173)   Merge Heap Roots: 0.51ms
[133.466s][info][gc,phases   ] GC(173)   Evacuate Collection Set: 43.91ms
[133.466s][info][gc,phases   ] GC(173)   Post Evacuate Collection Set: 0.43ms
[133.466s][info][gc,phases   ] GC(173)   Other: 0.10ms
[133.466s][info][gc,heap     ] GC(173) Eden regions: 65->0(76)
[133.466s][info][gc,heap     ] GC(173) Survivor regions: 15->10(10)
[133.466s][info][gc,heap     ] GC(173) Old regions: 219->258
[133.466s][info][gc,heap     ] GC(173) Humongous regions: 5->5
[133.466s][info][gc,metaspace] GC(173) Metaspace: 41315K(41792K)->41315K(41792K) NonClass: 36982K(37248K)->36982K(37248K) Class: 4333K(4544K)->4333K(4544K)
[133.466s][info][gc          ] GC(173) Pause Young (Prepare Mixed) (G1 Evacuation Pause) 303M->272M(453M) 45.427ms
[133.466s][info][gc,cpu      ] GC(173) User=0.09s Sys=0.00s Real=0.05s
[133.759s][info][gc,start    ] GC(174) Pause Young (Mixed) (G1 Evacuation Pause)
[133.760s][info][gc,task     ] GC(174) Using 2 workers of 2 for evacuation
[133.790s][info][gc,phases   ] GC(174)   Pre Evacuate Collection Set: 0.23ms
[133.790s][info][gc,phases   ] GC(174)   Merge Heap Roots: 0.35ms
[133.791s][info][gc,phases   ] GC(174)   Evacuate Collection Set: 29.80ms
[133.791s][info][gc,phases   ] GC(174)   Post Evacuate Collection Set: 0.44ms
[133.791s][info][gc,phases   ] GC(174)   Other: 0.08ms
[133.791s][info][gc,heap     ] GC(174) Eden regions: 76->0(90)
[133.791s][info][gc,heap     ] GC(174) Survivor regions: 10->11(11)
[133.791s][info][gc,heap     ] GC(174) Old regions: 258->233
[133.791s][info][gc,heap     ] GC(174) Humongous regions: 6->5
[133.791s][info][gc,metaspace] GC(174) Metaspace: 41315K(41792K)->41315K(41792K) NonClass: 36982K(37248K)->36982K(37248K) Class: 4333K(4544K)->4333K(4544K)
[133.791s][info][gc          ] GC(174) Pause Young (Mixed) (G1 Evacuation Pause) 349M->248M(453M) 31.144ms
[133.791s][info][gc,cpu      ] GC(174) User=0.06s Sys=0.00s Real=0.03s
[134.147s][info][gc,start    ] GC(175) Pause Young (Mixed) (G1 Evacuation Pause)
[134.147s][info][gc,task     ] GC(175) Using 2 workers of 2 for evacuation
[134.175s][info][gc,phases   ] GC(175)   Pre Evacuate Collection Set: 0.22ms
[134.175s][info][gc,phases   ] GC(175)   Merge Heap Roots: 0.31ms
[134.175s][info][gc,phases   ] GC(175)   Evacuate Collection Set: 26.81ms
[134.175s][info][gc,phases   ] GC(175)   Post Evacuate Collection Set: 0.37ms
[134.175s][info][gc,phases   ] GC(175)   Other: 0.10ms
[134.175s][info][gc,heap     ] GC(175) Eden regions: 90->0(93)
[134.175s][info][gc,heap     ] GC(175) Survivor regions: 11->13(13)
[134.175s][info][gc,heap     ] GC(175) Old regions: 233->238
[134.175s][info][gc,heap     ] GC(175) Humongous regions: 5->5
[134.175s][info][gc,metaspace] GC(175) Metaspace: 41315K(41792K)->41315K(41792K) NonClass: 36982K(37248K)->36982K(37248K) Class: 4333K(4544K)->4333K(4544K)
[134.175s][info][gc          ] GC(175) Pause Young (Mixed) (G1 Evacuation Pause) 338M->255M(453M) 28.029ms
[134.175s][info][gc,cpu      ] GC(175) User=0.06s Sys=0.00s Real=0.02s
[134.529s][info][gc,start    ] GC(176) Pause Young (Concurrent Start) (G1 Evacuation Pause)
[134.529s][info][gc,task     ] GC(176) Using 2 workers of 2 for evacuation
[134.548s][info][gc,phases   ] GC(176)   Pre Evacuate Collection Set: 0.28ms
[134.548s][info][gc,phases   ] GC(176)   Merge Heap Roots: 0.11ms
[134.548s][info][gc,phases   ] GC(176)   Evacuate Collection Set: 17.39ms
[134.548s][info][gc,phases   ] GC(176)   Post Evacuate Collection Set: 1.21ms
[134.548s][info][gc,phases   ] GC(176)   Other: 0.10ms
[134.548s][info][gc,heap     ] GC(176) Eden regions: 93->0(152)
[134.548s][info][gc,heap     ] GC(176) Survivor regions: 13->13(14)
[134.548s][info][gc,heap     ] GC(176) Old regions: 238->247
[134.548s][info][gc,heap     ] GC(176) Humongous regions: 5->5
[134.548s][info][gc,metaspace] GC(176) Metaspace: 41315K(41792K)->41315K(41792K) NonClass: 36982K(37248K)->36982K(37248K) Class: 4333K(4544K)->4333K(4544K)
[134.548s][info][gc          ] GC(176) Pause Young (Concurrent Start) (G1 Evacuation Pause) 348M->264M(564M) 19.287ms
[134.548s][info][gc,cpu      ] GC(176) User=0.04s Sys=0.00s Real=0.02s
[134.548s][info][gc          ] GC(177) Concurrent Mark Cycle
[134.548s][info][gc,marking  ] GC(177) Concurrent Scan Root Regions
[134.571s][info][gc,marking  ] GC(177) Concurrent Scan Root Regions 22.657ms
[134.571s][info][gc,marking  ] GC(177) Concurrent Mark
[134.571s][info][gc,marking  ] GC(177) Concurrent Mark From Roots
[134.571s][info][gc,task     ] GC(177) Using 1 workers of 1 for marking
[134.710s][info][gc,marking  ] GC(177) Concurrent Mark From Roots 138.844ms
[134.710s][info][gc,marking  ] GC(177) Concurrent Preclean
[134.710s][info][gc,marking  ] GC(177) Concurrent Preclean 0.043ms
[134.710s][info][gc,start    ] GC(177) Pause Remark
[134.727s][info][gc          ] GC(177) Pause Remark 290M->187M(540M) 16.983ms
[134.727s][info][gc,cpu      ] GC(177) User=0.03s Sys=0.00s Real=0.02s
[134.728s][info][gc,marking  ] GC(177) Concurrent Mark 156.819ms
[134.728s][info][gc,marking  ] GC(177) Concurrent Rebuild Remembered Sets and Scrub Regions
[134.765s][info][gc,marking  ] GC(177) Concurrent Rebuild Remembered Sets and Scrub Regions 36.679ms
[134.765s][info][gc,start    ] GC(177) Pause Cleanup
[134.765s][info][gc          ] GC(177) Pause Cleanup 190M->190M(540M) 0.112ms
[134.765s][info][gc,cpu      ] GC(177) User=0.00s Sys=0.00s Real=0.01s
[134.765s][info][gc,marking  ] GC(177) Concurrent Clear Claimed Marks
[134.765s][info][gc,marking  ] GC(177) Concurrent Clear Claimed Marks 0.040ms
[134.765s][info][gc,marking  ] GC(177) Concurrent Cleanup for Next Mark
[134.768s][info][gc,marking  ] GC(177) Concurrent Cleanup for Next Mark 2.612ms
[134.768s][info][gc          ] GC(177) Concurrent Mark Cycle 219.334ms
[135.353s][info][gc,start    ] GC(178) Pause Young (Prepare Mixed) (G1 Evacuation Pause)
[135.353s][info][gc,task     ] GC(178) Using 2 workers of 2 for evacuation
[135.360s][info][gc,phases   ] GC(178)   Pre Evacuate Collection Set: 0.25ms
[135.360s][info][gc,phases   ] GC(178)   Merge Heap Roots: 0.10ms
[135.360s][info][gc,phases   ] GC(178)   Evacuate Collection Set: 6.28ms
[135.360s][info][gc,phases   ] GC(178)   Post Evacuate Collection Set: 0.39ms
[135.360s][info][gc,phases   ] GC(178)   Other: 0.08ms
[135.360s][info][gc,heap     ] GC(178) Eden regions: 152->0(217)
[135.361s][info][gc,heap     ] GC(178) Survivor regions: 13->6(21)
[135.361s][info][gc,heap     ] GC(178) Old regions: 146->148
[135.361s][info][gc,heap     ] GC(178) Humongous regions: 4->3
[135.361s][info][gc,metaspace] GC(178) Metaspace: 41317K(41792K)->41317K(41792K) NonClass: 36984K(37248K)->36984K(37248K) Class: 4333K(4544K)->4333K(4544K)
[135.361s][info][gc          ] GC(178) Pause Young (Prepare Mixed) (G1 Evacuation Pause) 314M->156M(540M) 7.293ms
[135.361s][info][gc,cpu      ] GC(178) User=0.01s Sys=0.00s Real=0.01s
[136.173s][info][gc,start    ] GC(179) Pause Young (Mixed) (G1 Evacuation Pause)
[136.173s][info][gc,task     ] GC(179) Using 2 workers of 2 for evacuation
[136.187s][info][gc,phases   ] GC(179)   Pre Evacuate Collection Set: 0.29ms
[136.187s][info][gc,phases   ] GC(179)   Merge Heap Roots: 0.12ms
[136.187s][info][gc,phases   ] GC(179)   Evacuate Collection Set: 13.31ms
[136.187s][info][gc,phases   ] GC(179)   Post Evacuate Collection Set: 0.57ms
[136.187s][info][gc,phases   ] GC(179)   Other: 0.09ms
[136.187s][info][gc,heap     ] GC(179) Eden regions: 217->0(251)
[136.187s][info][gc,heap     ] GC(179) Survivor regions: 6->21(28)
[136.187s][info][gc,heap     ] GC(179) Old regions: 148->95
[136.187s][info][gc,heap     ] GC(179) Humongous regions: 6->4
[136.187s][info][gc,metaspace] GC(179) Metaspace: 41324K(41792K)->41324K(41792K) NonClass: 36991K(37248K)->36991K(37248K) Class: 4333K(4544K)->4333K(4544K)
[136.187s][info][gc          ] GC(179) Pause Young (Mixed) (G1 Evacuation Pause) 376M->119M(540M) 14.575ms
[136.187s][info][gc,cpu      ] GC(179) User=0.02s Sys=0.00s Real=0.02s
[137.117s][info][gc,start    ] GC(180) Pause Young (Mixed) (G1 Evacuation Pause)
[137.117s][info][gc,task     ] GC(180) Using 2 workers of 2 for evacuation
[137.139s][info][gc,phases   ] GC(180)   Pre Evacuate Collection Set: 0.25ms
[137.139s][info][gc,phases   ] GC(180)   Merge Heap Roots: 0.11ms
[137.139s][info][gc,phases   ] GC(180)   Evacuate Collection Set: 20.50ms
[137.139s][info][gc,phases   ] GC(180)   Post Evacuate Collection Set: 0.51ms
[137.139s][info][gc,phases   ] GC(180)   Other: 0.08ms
[137.139s][info][gc,heap     ] GC(180) Eden regions: 251->0(259)
[137.139s][info][gc,heap     ] GC(180) Survivor regions: 21->29(34)
[137.139s][info][gc,heap     ] GC(180) Old regions: 95->92
[137.139s][info][gc,heap     ] GC(180) Humongous regions: 6->3
[137.139s][info][gc,metaspace] GC(180) Metaspace: 41324K(41792K)->41324K(41792K) NonClass: 36991K(37248K)->36991K(37248K) Class: 4333K(4544K)->4333K(4544K)
[137.139s][info][gc          ] GC(180) Pause Young (Mixed) (G1 Evacuation Pause) 372M->122M(540M) 21.661ms
[137.139s][info][gc,cpu      ] GC(180) User=0.04s Sys=0.00s Real=0.02s
[137.339s][info][gc,start    ] GC(181) Pause Young (Concurrent Start) (G1 Humongous Allocation)
[137.339s][info][gc,task     ] GC(181) Using 2 workers of 2 for evacuation
[137.356s][info][gc,phases   ] GC(181)   Pre Evacuate Collection Set: 0.28ms
[137.356s][info][gc,phases   ] GC(181)   Merge Heap Roots: 0.04ms
[137.356s][info][gc,phases   ] GC(181)   Evacuate Collection Set: 16.39ms
[137.356s][info][gc,phases   ] GC(181)   Post Evacuate Collection Set: 0.39ms
[137.356s][info][gc,phases   ] GC(181)   Other: 0.13ms
[137.356s][info][gc,heap     ] GC(181) Eden regions: 59->0(218)
[137.356s][info][gc,heap     ] GC(181) Survivor regions: 29->19(36)
[137.356s][info][gc,heap     ] GC(181) Old regions: 92->99
[137.356s][info][gc,heap     ] GC(181) Humongous regions: 3->3
[137.356s][info][gc,metaspace] GC(181) Metaspace: 41329K(41792K)->41329K(41792K) NonClass: 36996K(37248K)->36996K(37248K) Class: 4333K(4544K)->4333K(4544K)
[137.356s][info][gc          ] GC(181) Pause Young (Concurrent Start) (G1 Humongous Allocation) 180M->119M(540M) 17.466ms
[137.356s][info][gc,cpu      ] GC(181) User=0.03s Sys=0.00s Real=0.02s
[137.356s][info][gc          ] GC(182) Concurrent Mark Cycle
[137.356s][info][gc,marking  ] GC(182) Concurrent Scan Root Regions
[137.377s][info][gc,marking  ] GC(182) Concurrent Scan Root Regions 20.907ms
[137.377s][info][gc,marking  ] GC(182) Concurrent Mark
[137.377s][info][gc,marking  ] GC(182) Concurrent Mark From Roots
[137.377s][info][gc,task     ] GC(182) Using 1 workers of 1 for marking
[137.471s][info][gc,marking  ] GC(182) Concurrent Mark From Roots 94.168ms
[137.471s][info][gc,marking  ] GC(182) Concurrent Preclean
[137.471s][info][gc,marking  ] GC(182) Concurrent Preclean 0.047ms
[137.472s][info][gc,start    ] GC(182) Pause Remark
[137.485s][info][gc          ] GC(182) Pause Remark 146M->139M(384M) 13.632ms
[137.485s][info][gc,cpu      ] GC(182) User=0.02s Sys=0.00s Real=0.02s
[137.485s][info][gc,marking  ] GC(182) Concurrent Mark 108.148ms
[137.485s][info][gc,marking  ] GC(182) Concurrent Rebuild Remembered Sets and Scrub Regions
[137.520s][info][gc,marking  ] GC(182) Concurrent Rebuild Remembered Sets and Scrub Regions 35.179ms
[137.521s][info][gc,start    ] GC(182) Pause Cleanup
[137.521s][info][gc          ] GC(182) Pause Cleanup 149M->149M(384M) 0.077ms
[137.521s][info][gc,cpu      ] GC(182) User=0.00s Sys=0.00s Real=0.00s
[137.521s][info][gc,marking  ] GC(182) Concurrent Clear Claimed Marks
[137.521s][info][gc,marking  ] GC(182) Concurrent Clear Claimed Marks 0.044ms
[137.521s][info][gc,marking  ] GC(182) Concurrent Cleanup for Next Mark
[137.522s][info][gc,marking  ] GC(182) Concurrent Cleanup for Next Mark 1.148ms
[137.522s][info][gc          ] GC(182) Concurrent Mark Cycle 165.899ms
[138.126s][info][gc,start    ] GC(183) Pause Young (Prepare Mixed) (G1 Evacuation Pause)
[138.126s][info][gc,task     ] GC(183) Using 2 workers of 2 for evacuation
[138.178s][info][gc,phases   ] GC(183)   Pre Evacuate Collection Set: 0.25ms
[138.178s][info][gc,phases   ] GC(183)   Merge Heap Roots: 0.13ms
[138.179s][info][gc,phases   ] GC(183)   Evacuate Collection Set: 51.52ms
[138.179s][info][gc,phases   ] GC(183)   Post Evacuate Collection Set: 0.56ms
[138.179s][info][gc,phases   ] GC(183)   Other: 0.11ms
[138.179s][info][gc,heap     ] GC(183) Eden regions: 211->0(126)
[138.179s][info][gc,heap     ] GC(183) Survivor regions: 19->29(29)
[138.179s][info][gc,heap     ] GC(183) Old regions: 92->131
[138.179s][info][gc,heap     ] GC(183) Humongous regions: 7->5
[138.179s][info][gc,metaspace] GC(183) Metaspace: 41331K(41792K)->41331K(41792K) NonClass: 36998K(37248K)->36998K(37248K) Class: 4333K(4544K)->4333K(4544K)
[138.179s][info][gc          ] GC(183) Pause Young (Prepare Mixed) (G1 Evacuation Pause) 327M->163M(397M) 52.797ms
[138.179s][info][gc,cpu      ] GC(183) User=0.09s Sys=0.01s Real=0.05s
[138.579s][info][gc,start    ] GC(184) Pause Young (Mixed) (G1 Evacuation Pause)
[138.579s][info][gc,task     ] GC(184) Using 2 workers of 2 for evacuation
[138.602s][info][gc,phases   ] GC(184)   Pre Evacuate Collection Set: 0.21ms
[138.602s][info][gc,phases   ] GC(184)   Merge Heap Roots: 0.21ms
[138.602s][info][gc,phases   ] GC(184)   Evacuate Collection Set: 22.28ms
[138.602s][info][gc,phases   ] GC(184)   Post Evacuate Collection Set: 0.47ms
[138.602s][info][gc,phases   ] GC(184)   Other: 0.08ms
[138.602s][info][gc,heap     ] GC(184) Eden regions: 126->0(144)
[138.602s][info][gc,heap     ] GC(184) Survivor regions: 29->2(20)
[138.602s][info][gc,heap     ] GC(184) Old regions: 131->148
[138.602s][info][gc,heap     ] GC(184) Humongous regions: 5->5
[138.602s][info][gc,metaspace] GC(184) Metaspace: 41331K(41792K)->41331K(41792K) NonClass: 36998K(37248K)->36998K(37248K) Class: 4333K(4544K)->4333K(4544K)
[138.602s][info][gc          ] GC(184) Pause Young (Mixed) (G1 Evacuation Pause) 289M->154M(397M) 23.462ms
[138.603s][info][gc,cpu      ] GC(184) User=0.04s Sys=0.00s Real=0.02s
[139.053s][info][gc,start    ] GC(185) Pause Young (Concurrent Start) (G1 Humongous Allocation)
[139.053s][info][gc,task     ] GC(185) Using 2 workers of 2 for evacuation
[139.055s][info][gc,phases   ] GC(185)   Pre Evacuate Collection Set: 0.24ms
[139.055s][info][gc,phases   ] GC(185)   Merge Heap Roots: 0.07ms
[139.055s][info][gc,phases   ] GC(185)   Evacuate Collection Set: 1.79ms
[139.055s][info][gc,phases   ] GC(185)   Post Evacuate Collection Set: 0.38ms
[139.055s][info][gc,phases   ] GC(185)   Other: 0.13ms
[139.055s][info][gc,heap     ] GC(185) Eden regions: 134->0(156)
[139.055s][info][gc,heap     ] GC(185) Survivor regions: 2->2(19)
[139.055s][info][gc,heap     ] GC(185) Old regions: 148->148
[139.055s][info][gc,heap     ] GC(185) Humongous regions: 5->5
[139.055s][info][gc,metaspace] GC(185) Metaspace: 41331K(41792K)->41331K(41792K) NonClass: 36998K(37248K)->36998K(37248K) Class: 4333K(4544K)->4333K(4544K)
[139.056s][info][gc          ] GC(185) Pause Young (Concurrent Start) (G1 Humongous Allocation) 287M->154M(397M) 2.799ms
[139.056s][info][gc,cpu      ] GC(185) User=0.01s Sys=0.00s Real=0.01s
[139.056s][info][gc          ] GC(186) Concurrent Mark Cycle
[139.056s][info][gc,marking  ] GC(186) Concurrent Scan Root Regions
[139.058s][info][gc,marking  ] GC(186) Concurrent Scan Root Regions 2.482ms
[139.058s][info][gc,marking  ] GC(186) Concurrent Mark
[139.058s][info][gc,marking  ] GC(186) Concurrent Mark From Roots
[139.058s][info][gc,task     ] GC(186) Using 1 workers of 1 for marking
[139.140s][info][gc,marking  ] GC(186) Concurrent Mark From Roots 81.750ms
[139.140s][info][gc,marking  ] GC(186) Concurrent Preclean
[139.140s][info][gc,marking  ] GC(186) Concurrent Preclean 0.056ms
[139.140s][info][gc,start    ] GC(186) Pause Remark
[139.154s][info][gc          ] GC(186) Pause Remark 178M->125M(344M) 13.631ms
[139.154s][info][gc,cpu      ] GC(186) User=0.03s Sys=0.00s Real=0.01s
[139.154s][info][gc,marking  ] GC(186) Concurrent Mark 95.817ms
[139.154s][info][gc,marking  ] GC(186) Concurrent Rebuild Remembered Sets and Scrub Regions
[139.188s][info][gc,marking  ] GC(186) Concurrent Rebuild Remembered Sets and Scrub Regions 33.707ms
[139.188s][info][gc,start    ] GC(186) Pause Cleanup
[139.188s][info][gc          ] GC(186) Pause Cleanup 135M->135M(344M) 0.087ms
[139.188s][info][gc,cpu      ] GC(186) User=0.00s Sys=0.00s Real=0.00s
[139.188s][info][gc,marking  ] GC(186) Concurrent Clear Claimed Marks
[139.188s][info][gc,marking  ] GC(186) Concurrent Clear Claimed Marks 0.039ms
[139.188s][info][gc,marking  ] GC(186) Concurrent Cleanup for Next Mark
[139.189s][info][gc,marking  ] GC(186) Concurrent Cleanup for Next Mark 1.126ms
[139.189s][info][gc          ] GC(186) Concurrent Mark Cycle 133.602ms
[139.628s][info][gc,start    ] GC(187) Pause Young (Prepare Mixed) (G1 Evacuation Pause)
[139.628s][info][gc,task     ] GC(187) Using 2 workers of 2 for evacuation
[139.633s][info][gc,phases   ] GC(187)   Pre Evacuate Collection Set: 0.18ms
[139.633s][info][gc,phases   ] GC(187)   Merge Heap Roots: 0.07ms
[139.633s][info][gc,phases   ] GC(187)   Evacuate Collection Set: 3.44ms
[139.633s][info][gc,phases   ] GC(187)   Post Evacuate Collection Set: 0.42ms
[139.633s][info][gc,phases   ] GC(187)   Other: 0.07ms
[139.633s][info][gc,heap     ] GC(187) Eden regions: 156->0(166)
[139.633s][info][gc,heap     ] GC(187) Survivor regions: 2->4(20)
[139.633s][info][gc,heap     ] GC(187) Old regions: 97->97
[139.633s][info][gc,heap     ] GC(187) Humongous regions: 4->1
[139.633s][info][gc,metaspace] GC(187) Metaspace: 41337K(41792K)->41337K(41792K) NonClass: 37003K(37248K)->37003K(37248K) Class: 4333K(4544K)->4333K(4544K)
[139.633s][info][gc          ] GC(187) Pause Young (Prepare Mixed) (G1 Evacuation Pause) 258M->100M(344M) 4.383ms
[139.633s][info][gc,cpu      ] GC(187) User=0.01s Sys=0.00s Real=0.00s
[139.955s][info][gc,start    ] GC(188) Pause Young (Mixed) (G1 Evacuation Pause)
[139.955s][info][gc,task     ] GC(188) Using 2 workers of 2 for evacuation
[139.963s][info][gc,phases   ] GC(188)   Pre Evacuate Collection Set: 0.28ms
[139.963s][info][gc,phases   ] GC(188)   Merge Heap Roots: 0.12ms
[139.963s][info][gc,phases   ] GC(188)   Evacuate Collection Set: 7.04ms
[139.963s][info][gc,phases   ] GC(188)   Post Evacuate Collection Set: 0.47ms
[139.963s][info][gc,phases   ] GC(188)   Other: 0.07ms
[139.963s][info][gc,heap     ] GC(188) Eden regions: 166->0(193)
[139.963s][info][gc,heap     ] GC(188) Survivor regions: 4->4(22)
[139.963s][info][gc,heap     ] GC(188) Old regions: 97->68
[139.963s][info][gc,heap     ] GC(188) Humongous regions: 1->1
[139.963s][info][gc,metaspace] GC(188) Metaspace: 41340K(41856K)->41340K(41856K) NonClass: 37007K(37312K)->37007K(37312K) Class: 4333K(4544K)->4333K(4544K)
[139.963s][info][gc          ] GC(188) Pause Young (Mixed) (G1 Evacuation Pause) 266M->71M(344M) 8.219ms
[139.963s][info][gc,cpu      ] GC(188) User=0.02s Sys=0.00s Real=0.01s
[140.327s][info][gc,start    ] GC(189) Pause Young (Concurrent Start) (G1 Evacuation Pause)
[140.327s][info][gc,task     ] GC(189) Using 2 workers of 2 for evacuation
[140.332s][info][gc,phases   ] GC(189)   Pre Evacuate Collection Set: 0.18ms
[140.332s][info][gc,phases   ] GC(189)   Merge Heap Roots: 0.08ms
[140.332s][info][gc,phases   ] GC(189)   Evacuate Collection Set: 4.19ms
[140.332s][info][gc,phases   ] GC(189)   Post Evacuate Collection Set: 0.44ms
[140.332s][info][gc,phases   ] GC(189)   Other: 0.10ms
[140.332s][info][gc,heap     ] GC(189) Eden regions: 193->0(200)
[140.332s][info][gc,heap     ] GC(189) Survivor regions: 4->6(25)
[140.332s][info][gc,heap     ] GC(189) Old regions: 68->68
[140.332s][info][gc,heap     ] GC(189) Humongous regions: 1->1
[140.332s][info][gc,metaspace] GC(189) Metaspace: 41357K(41856K)->41357K(41856K) NonClass: 37024K(37312K)->37024K(37312K) Class: 4333K(4544K)->4333K(4544K)
[140.332s][info][gc          ] GC(189) Pause Young (Concurrent Start) (G1 Evacuation Pause) 264M->74M(344M) 5.193ms
[140.332s][info][gc,cpu      ] GC(189) User=0.01s Sys=0.00s Real=0.00s
[140.332s][info][gc          ] GC(190) Concurrent Mark Cycle
[140.332s][info][gc,marking  ] GC(190) Concurrent Scan Root Regions
[140.335s][info][gc,marking  ] GC(190) Concurrent Scan Root Regions 2.816ms
[140.335s][info][gc,marking  ] GC(190) Concurrent Mark
[140.335s][info][gc,marking  ] GC(190) Concurrent Mark From Roots
[140.335s][info][gc,task     ] GC(190) Using 1 workers of 1 for marking
[140.413s][info][gc,marking  ] GC(190) Concurrent Mark From Roots 77.698ms
[140.413s][info][gc,marking  ] GC(190) Concurrent Preclean
[140.413s][info][gc,marking  ] GC(190) Concurrent Preclean 0.047ms
[140.413s][info][gc,start    ] GC(190) Pause Remark
[140.427s][info][gc          ] GC(190) Pause Remark 117M->115M(256M) 13.785ms
[140.427s][info][gc,cpu      ] GC(190) User=0.03s Sys=0.00s Real=0.02s
[140.429s][info][gc,marking  ] GC(190) Concurrent Mark 93.892ms
[140.429s][info][gc,marking  ] GC(190) Concurrent Rebuild Remembered Sets and Scrub Regions
[140.493s][info][gc,marking  ] GC(190) Concurrent Rebuild Remembered Sets and Scrub Regions 63.869ms
[140.495s][info][gc,start    ] GC(190) Pause Cleanup
[140.495s][info][gc          ] GC(190) Pause Cleanup 132M->132M(256M) 0.055ms
[140.495s][info][gc,cpu      ] GC(190) User=0.00s Sys=0.00s Real=0.00s
[140.495s][info][gc,marking  ] GC(190) Concurrent Clear Claimed Marks
[140.495s][info][gc,marking  ] GC(190) Concurrent Clear Claimed Marks 0.037ms
[140.495s][info][gc,marking  ] GC(190) Concurrent Cleanup for Next Mark
[140.496s][info][gc,marking  ] GC(190) Concurrent Cleanup for Next Mark 0.765ms
[140.496s][info][gc          ] GC(190) Concurrent Mark Cycle 163.769ms
[140.970s][info][gc,start    ] GC(191) Pause Young (Prepare Mixed) (G1 Evacuation Pause)
[140.970s][info][gc,task     ] GC(191) Using 2 workers of 2 for evacuation
[140.982s][info][gc,phases   ] GC(191)   Pre Evacuate Collection Set: 0.21ms
[140.982s][info][gc,phases   ] GC(191)   Merge Heap Roots: 0.07ms
[140.982s][info][gc,phases   ] GC(191)   Evacuate Collection Set: 10.12ms
[140.982s][info][gc,phases   ] GC(191)   Post Evacuate Collection Set: 1.03ms
[140.982s][info][gc,phases   ] GC(191)   Other: 0.07ms
[140.982s][info][gc,heap     ] GC(191) Eden regions: 115->0(221)
[140.982s][info][gc,heap     ] GC(191) Survivor regions: 6->8(26)
[140.982s][info][gc,heap     ] GC(191) Old regions: 66->66
[140.982s][info][gc,heap     ] GC(191) Humongous regions: 187->3
[140.982s][info][gc,metaspace] GC(191) Metaspace: 41397K(41856K)->41397K(41856K) NonClass: 37063K(37312K)->37063K(37312K) Class: 4333K(4544K)->4333K(4544K)
[140.982s][info][gc          ] GC(191) Pause Young (Prepare Mixed) (G1 Evacuation Pause) 373M->76M(382M) 11.734ms
[140.982s][info][gc,cpu      ] GC(191) User=0.02s Sys=0.01s Real=0.01s
[141.630s][info][gc,start    ] GC(192) Pause Young (Mixed) (G1 Evacuation Pause)
[141.630s][info][gc,task     ] GC(192) Using 2 workers of 2 for evacuation
[141.658s][info][gc,phases   ] GC(192)   Pre Evacuate Collection Set: 0.26ms
[141.658s][info][gc,phases   ] GC(192)   Merge Heap Roots: 0.19ms
[141.658s][info][gc,phases   ] GC(192)   Evacuate Collection Set: 26.07ms
[141.658s][info][gc,phases   ] GC(192)   Post Evacuate Collection Set: 1.02ms
[141.658s][info][gc,phases   ] GC(192)   Other: 0.07ms
[141.658s][info][gc,heap     ] GC(192) Eden regions: 59->0(297)
[141.658s][info][gc,heap     ] GC(192) Survivor regions: 8->12(31)
[141.658s][info][gc,heap     ] GC(192) Old regions: 66->59
[141.658s][info][gc,heap     ] GC(192) Humongous regions: 367->3
[141.658s][info][gc,metaspace] GC(192) Metaspace: 41398K(41856K)->41398K(41856K) NonClass: 37065K(37312K)->37065K(37312K) Class: 4333K(4544K)->4333K(4544K)
[141.658s][info][gc          ] GC(192) Pause Young (Mixed) (G1 Evacuation Pause) 499M->72M(515M) 27.850ms
[141.658s][info][gc,cpu      ] GC(192) User=0.04s Sys=0.01s Real=0.03s
[141.672s][info][gc,start    ] GC(193) Pause Young (Concurrent Start) (G1 Humongous Allocation)
[141.672s][info][gc,task     ] GC(193) Using 2 workers of 2 for evacuation
[141.684s][info][gc,phases   ] GC(193)   Pre Evacuate Collection Set: 0.24ms
[141.684s][info][gc,phases   ] GC(193)   Merge Heap Roots: 0.06ms
[141.684s][info][gc,phases   ] GC(193)   Evacuate Collection Set: 11.48ms
[141.684s][info][gc,phases   ] GC(193)   Post Evacuate Collection Set: 0.33ms
[141.684s][info][gc,phases   ] GC(193)   Other: 0.11ms
[141.684s][info][gc,heap     ] GC(193) Eden regions: 2->0(294)
[141.684s][info][gc,heap     ] GC(193) Survivor regions: 12->12(39)
[141.684s][info][gc,heap     ] GC(193) Old regions: 59->59
[141.684s][info][gc,heap     ] GC(193) Humongous regions: 9->1
[141.684s][info][gc,metaspace] GC(193) Metaspace: 41398K(41856K)->41398K(41856K) NonClass: 37065K(37312K)->37065K(37312K) Class: 4333K(4544K)->4333K(4544K)
[141.684s][info][gc          ] GC(193) Pause Young (Concurrent Start) (G1 Humongous Allocation) 80M->70M(515M) 12.424ms
[141.684s][info][gc,cpu      ] GC(193) User=0.02s Sys=0.00s Real=0.01s
[141.684s][info][gc          ] GC(194) Concurrent Undo Cycle
[141.684s][info][gc,marking  ] GC(194) Concurrent Clear Claimed Marks
[141.684s][info][gc,marking  ] GC(194) Concurrent Clear Claimed Marks 0.036ms
[141.684s][info][gc,marking  ] GC(194) Concurrent Cleanup for Next Mark
[141.685s][info][gc,marking  ] GC(194) Concurrent Cleanup for Next Mark 0.197ms
[141.685s][info][gc          ] GC(194) Concurrent Undo Cycle 0.274ms
[141.688s][info][gc,start    ] GC(195) Pause Young (Concurrent Start) (G1 Humongous Allocation)
[141.688s][info][gc,task     ] GC(195) Using 2 workers of 2 for evacuation
[141.698s][info][gc,phases   ] GC(195)   Pre Evacuate Collection Set: 0.27ms
[141.698s][info][gc,phases   ] GC(195)   Merge Heap Roots: 0.05ms
[141.698s][info][gc,phases   ] GC(195)   Evacuate Collection Set: 9.95ms
[141.698s][info][gc,phases   ] GC(195)   Post Evacuate Collection Set: 0.29ms
[141.698s][info][gc,phases   ] GC(195)   Other: 0.07ms
[141.698s][info][gc,heap     ] GC(195) Eden regions: 1->0(297)
[141.698s][info][gc,heap     ] GC(195) Survivor regions: 12->12(39)
[141.698s][info][gc,heap     ] GC(195) Old regions: 59->59
[141.698s][info][gc,heap     ] GC(195) Humongous regions: 3->1
[141.698s][info][gc,metaspace] GC(195) Metaspace: 41398K(41856K)->41398K(41856K) NonClass: 37065K(37312K)->37065K(37312K) Class: 4333K(4544K)->4333K(4544K)
[141.698s][info][gc          ] GC(195) Pause Young (Concurrent Start) (G1 Humongous Allocation) 73M->70M(515M) 10.833ms
[141.698s][info][gc,cpu      ] GC(195) User=0.02s Sys=0.00s Real=0.01s
[141.698s][info][gc          ] GC(196) Concurrent Mark Cycle
[141.699s][info][gc,marking  ] GC(196) Concurrent Scan Root Regions
[141.714s][info][gc,marking  ] GC(196) Concurrent Scan Root Regions 15.705ms
[141.714s][info][gc,marking  ] GC(196) Concurrent Mark
[141.714s][info][gc,marking  ] GC(196) Concurrent Mark From Roots
[141.714s][info][gc,task     ] GC(196) Using 1 workers of 1 for marking
[141.864s][info][gc,marking  ] GC(196) Concurrent Mark From Roots 150.076ms
[141.864s][info][gc,marking  ] GC(196) Concurrent Preclean
[141.864s][info][gc,marking  ] GC(196) Concurrent Preclean 0.055ms
[141.866s][info][gc,start    ] GC(196) Pause Remark
[141.886s][info][gc          ] GC(196) Pause Remark 166M->165M(504M) 19.822ms
[141.886s][info][gc,cpu      ] GC(196) User=0.04s Sys=0.00s Real=0.02s
[141.886s][info][gc,marking  ] GC(196) Concurrent Mark 171.707ms
[141.886s][info][gc,marking  ] GC(196) Concurrent Rebuild Remembered Sets and Scrub Regions
[141.945s][info][gc,marking  ] GC(196) Concurrent Rebuild Remembered Sets and Scrub Regions 59.482ms
[141.946s][info][gc,start    ] GC(196) Pause Cleanup
[141.946s][info][gc          ] GC(196) Pause Cleanup 180M->180M(504M) 0.062ms
[141.946s][info][gc,cpu      ] GC(196) User=0.00s Sys=0.00s Real=0.00s
[141.946s][info][gc,marking  ] GC(196) Concurrent Clear Claimed Marks
[141.946s][info][gc,marking  ] GC(196) Concurrent Clear Claimed Marks 0.038ms
[141.946s][info][gc,marking  ] GC(196) Concurrent Cleanup for Next Mark
[141.953s][info][gc,marking  ] GC(196) Concurrent Cleanup for Next Mark 7.211ms
[141.953s][info][gc          ] GC(196) Concurrent Mark Cycle 254.624ms
[142.556s][info][gc,start    ] GC(197) Pause Young (Prepare Mixed) (G1 Evacuation Pause)
[142.556s][info][gc,task     ] GC(197) Using 2 workers of 2 for evacuation
[142.591s][info][gc,phases   ] GC(197)   Pre Evacuate Collection Set: 0.26ms
[142.591s][info][gc,phases   ] GC(197)   Merge Heap Roots: 0.09ms
[142.591s][info][gc,phases   ] GC(197)   Evacuate Collection Set: 32.91ms
[142.591s][info][gc,phases   ] GC(197)   Post Evacuate Collection Set: 1.36ms
[142.591s][info][gc,phases   ] GC(197)   Other: 0.08ms
[142.591s][info][gc,heap     ] GC(197) Eden regions: 79->0(342)
[142.591s][info][gc,heap     ] GC(197) Survivor regions: 12->23(41)
[142.591s][info][gc,heap     ] GC(197) Old regions: 58->58
[142.591s][info][gc,heap     ] GC(197) Humongous regions: 437->3
[142.591s][info][gc,metaspace] GC(197) Metaspace: 41424K(41920K)->41424K(41920K) NonClass: 37090K(37376K)->37090K(37376K) Class: 4333K(4544K)->4333K(4544K)
[142.591s][info][gc          ] GC(197) Pause Young (Prepare Mixed) (G1 Evacuation Pause) 584M->82M(609M) 34.910ms
[142.591s][info][gc,cpu      ] GC(197) User=0.05s Sys=0.02s Real=0.03s
[143.554s][info][gc,start    ] GC(198) Pause Young (Mixed) (G1 Evacuation Pause)
[143.554s][info][gc,task     ] GC(198) Using 2 workers of 2 for evacuation
[143.569s][info][gc,phases   ] GC(198)   Pre Evacuate Collection Set: 0.42ms
[143.569s][info][gc,phases   ] GC(198)   Merge Heap Roots: 0.17ms
[143.569s][info][gc,phases   ] GC(198)   Evacuate Collection Set: 12.89ms
[143.569s][info][gc,phases   ] GC(198)   Post Evacuate Collection Set: 1.20ms
[143.569s][info][gc,phases   ] GC(198)   Other: 0.11ms
[143.569s][info][gc,heap     ] GC(198) Eden regions: 147->0(362)
[143.569s][info][gc,heap     ] GC(198) Survivor regions: 23->9(46)
[143.569s][info][gc,heap     ] GC(198) Old regions: 58->54
[143.569s][info][gc,heap     ] GC(198) Humongous regions: 381->1
[143.569s][info][gc,metaspace] GC(198) Metaspace: 41488K(41984K)->41488K(41984K) NonClass: 37153K(37440K)->37153K(37440K) Class: 4335K(4544K)->4335K(4544K)
[143.569s][info][gc          ] GC(198) Pause Young (Mixed) (G1 Evacuation Pause) 607M->62M(619M) 15.052ms
[143.569s][info][gc,cpu      ] GC(198) User=0.02s Sys=0.01s Real=0.02s
[143.676s][info][gc,start    ] GC(199) Pause Young (Concurrent Start) (G1 Humongous Allocation)
[143.676s][info][gc,task     ] GC(199) Using 2 workers of 2 for evacuation
[143.685s][info][gc,phases   ] GC(199)   Pre Evacuate Collection Set: 0.26ms
[143.685s][info][gc,phases   ] GC(199)   Merge Heap Roots: 0.05ms
[143.685s][info][gc,phases   ] GC(199)   Evacuate Collection Set: 7.26ms
[143.685s][info][gc,phases   ] GC(199)   Post Evacuate Collection Set: 0.77ms
[143.685s][info][gc,phases   ] GC(199)   Other: 0.15ms
[143.685s][info][gc,heap     ] GC(199) Eden regions: 35->0(361)
[143.685s][info][gc,heap     ] GC(199) Survivor regions: 9->10(47)
[143.685s][info][gc,heap     ] GC(199) Old regions: 54->54
[143.685s][info][gc,heap     ] GC(199) Humongous regions: 1->1
[143.685s][info][gc,metaspace] GC(199) Metaspace: 41493K(41984K)->41493K(41984K) NonClass: 37158K(37440K)->37158K(37440K) Class: 4335K(4544K)->4335K(4544K)
[143.685s][info][gc          ] GC(199) Pause Young (Concurrent Start) (G1 Humongous Allocation) 96M->63M(619M) 8.700ms
[143.685s][info][gc,cpu      ] GC(199) User=0.01s Sys=0.00s Real=0.01s
[143.685s][info][gc          ] GC(200) Concurrent Mark Cycle
[143.685s][info][gc,marking  ] GC(200) Concurrent Scan Root Regions
[143.696s][info][gc,marking  ] GC(200) Concurrent Scan Root Regions 10.429ms
[143.696s][info][gc,marking  ] GC(200) Concurrent Mark
[143.696s][info][gc,marking  ] GC(200) Concurrent Mark From Roots
[143.696s][info][gc,task     ] GC(200) Using 1 workers of 1 for marking
[143.843s][info][gc,marking  ] GC(200) Concurrent Mark From Roots 147.452ms
[143.843s][info][gc,marking  ] GC(200) Concurrent Preclean
[143.843s][info][gc,marking  ] GC(200) Concurrent Preclean 0.054ms
[143.843s][info][gc,start    ] GC(200) Pause Remark
[143.858s][info][gc          ] GC(200) Pause Remark 98M->97M(256M) 14.978ms
[143.858s][info][gc,cpu      ] GC(200) User=0.03s Sys=0.00s Real=0.02s
[143.859s][info][gc,marking  ] GC(200) Concurrent Mark 162.875ms
[143.859s][info][gc,marking  ] GC(200) Concurrent Rebuild Remembered Sets and Scrub Regions
[143.889s][info][gc,marking  ] GC(200) Concurrent Rebuild Remembered Sets and Scrub Regions 30.952ms
[143.890s][info][gc,start    ] GC(200) Pause Cleanup
[143.890s][info][gc          ] GC(200) Pause Cleanup 102M->102M(256M) 0.049ms
[143.890s][info][gc,cpu      ] GC(200) User=0.00s Sys=0.00s Real=0.00s
[143.890s][info][gc,marking  ] GC(200) Concurrent Clear Claimed Marks
[143.890s][info][gc,marking  ] GC(200) Concurrent Clear Claimed Marks 0.039ms
[143.890s][info][gc,marking  ] GC(200) Concurrent Cleanup for Next Mark
[143.891s][info][gc,marking  ] GC(200) Concurrent Cleanup for Next Mark 0.914ms
[143.891s][info][gc          ] GC(200) Concurrent Mark Cycle 205.591ms
[144.271s][info][gc,start    ] GC(201) Pause Young (Prepare Mixed) (G1 Evacuation Pause)
[144.271s][info][gc,task     ] GC(201) Using 2 workers of 2 for evacuation
[144.292s][info][gc,phases   ] GC(201)   Pre Evacuate Collection Set: 0.96ms
[144.292s][info][gc,phases   ] GC(201)   Merge Heap Roots: 0.08ms
[144.292s][info][gc,phases   ] GC(201)   Evacuate Collection Set: 17.59ms
[144.292s][info][gc,phases   ] GC(201)   Post Evacuate Collection Set: 2.08ms
[144.292s][info][gc,phases   ] GC(201)   Other: 0.09ms
[144.292s][info][gc,heap     ] GC(201) Eden regions: 143->0(142)
[144.292s][info][gc,heap     ] GC(201) Survivor regions: 10->11(20)
[144.292s][info][gc,heap     ] GC(201) Old regions: 53->53
[144.292s][info][gc,heap     ] GC(201) Humongous regions: 13->1
[144.292s][info][gc,metaspace] GC(201) Metaspace: 41508K(42048K)->41508K(42048K) NonClass: 37172K(37504K)->37172K(37504K) Class: 4335K(4544K)->4335K(4544K)
[144.292s][info][gc          ] GC(201) Pause Young (Prepare Mixed) (G1 Evacuation Pause) 217M->63M(256M) 21.059ms
[144.292s][info][gc,cpu      ] GC(201) User=0.04s Sys=0.00s Real=0.02s
[144.677s][info][gc,start    ] GC(202) Pause Young (Mixed) (G1 Evacuation Pause)
[144.677s][info][gc,task     ] GC(202) Using 2 workers of 2 for evacuation
[144.695s][info][gc,phases   ] GC(202)   Pre Evacuate Collection Set: 0.19ms
[144.695s][info][gc,phases   ] GC(202)   Merge Heap Roots: 0.22ms
[144.695s][info][gc,phases   ] GC(202)   Evacuate Collection Set: 17.68ms
[144.695s][info][gc,phases   ] GC(202)   Post Evacuate Collection Set: 0.47ms
[144.695s][info][gc,phases   ] GC(202)   Other: 0.09ms
[144.695s][info][gc,heap     ] GC(202) Eden regions: 142->0(145)
[144.695s][info][gc,heap     ] GC(202) Survivor regions: 11->8(20)
[144.695s][info][gc,heap     ] GC(202) Old regions: 53->52
[144.695s][info][gc,heap     ] GC(202) Humongous regions: 1->1
[144.695s][info][gc,metaspace] GC(202) Metaspace: 41512K(42048K)->41512K(42048K) NonClass: 37177K(37504K)->37177K(37504K) Class: 4335K(4544K)->4335K(4544K)
[144.695s][info][gc          ] GC(202) Pause Young (Mixed) (G1 Evacuation Pause) 205M->59M(256M) 18.880ms
[144.695s][info][gc,cpu      ] GC(202) User=0.04s Sys=0.00s Real=0.02s
[145.077s][info][gc,start    ] GC(203) Pause Young (Concurrent Start) (G1 Evacuation Pause)
[145.077s][info][gc,task     ] GC(203) Using 2 workers of 2 for evacuation
[145.083s][info][gc,phases   ] GC(203)   Pre Evacuate Collection Set: 0.16ms
[145.083s][info][gc,phases   ] GC(203)   Merge Heap Roots: 0.08ms
[145.083s][info][gc,phases   ] GC(203)   Evacuate Collection Set: 4.93ms
[145.083s][info][gc,phases   ] GC(203)   Post Evacuate Collection Set: 0.42ms
[145.083s][info][gc,phases   ] GC(203)   Other: 0.12ms
[145.083s][info][gc,heap     ] GC(203) Eden regions: 145->0(146)
[145.083s][info][gc,heap     ] GC(203) Survivor regions: 8->7(20)
[145.083s][info][gc,heap     ] GC(203) Old regions: 52->52
[145.083s][info][gc,heap     ] GC(203) Humongous regions: 1->1
[145.083s][info][gc,metaspace] GC(203) Metaspace: 41515K(42048K)->41515K(42048K) NonClass: 37179K(37504K)->37179K(37504K) Class: 4335K(4544K)->4335K(4544K)
[145.083s][info][gc          ] GC(203) Pause Young (Concurrent Start) (G1 Evacuation Pause) 204M->58M(256M) 5.912ms
[145.083s][info][gc,cpu      ] GC(203) User=0.01s Sys=0.00s Real=0.00s
[145.083s][info][gc          ] GC(204) Concurrent Mark Cycle
[145.083s][info][gc,marking  ] GC(204) Concurrent Scan Root Regions
[145.092s][info][gc,marking  ] GC(204) Concurrent Scan Root Regions 8.852ms
[145.092s][info][gc,marking  ] GC(204) Concurrent Mark
[145.092s][info][gc,marking  ] GC(204) Concurrent Mark From Roots
[145.092s][info][gc,task     ] GC(204) Using 1 workers of 1 for marking
[145.186s][info][gc,marking  ] GC(204) Concurrent Mark From Roots 93.923ms
[145.186s][info][gc,marking  ] GC(204) Concurrent Preclean
[145.186s][info][gc,marking  ] GC(204) Concurrent Preclean 0.042ms
[145.186s][info][gc,start    ] GC(204) Pause Remark
[145.201s][info][gc          ] GC(204) Pause Remark 87M->87M(256M) 15.172ms
[145.202s][info][gc,cpu      ] GC(204) User=0.03s Sys=0.00s Real=0.01s
[145.204s][info][gc,marking  ] GC(204) Concurrent Mark 111.882ms
[145.204s][info][gc,marking  ] GC(204) Concurrent Rebuild Remembered Sets and Scrub Regions
[145.235s][info][gc,marking  ] GC(204) Concurrent Rebuild Remembered Sets and Scrub Regions 30.760ms
[145.237s][info][gc,start    ] GC(204) Pause Cleanup
[145.237s][info][gc          ] GC(204) Pause Cleanup 94M->94M(256M) 0.054ms
[145.237s][info][gc,cpu      ] GC(204) User=0.00s Sys=0.00s Real=0.00s
[145.237s][info][gc,marking  ] GC(204) Concurrent Clear Claimed Marks
[145.237s][info][gc,marking  ] GC(204) Concurrent Clear Claimed Marks 0.042ms
[145.237s][info][gc,marking  ] GC(204) Concurrent Cleanup for Next Mark
[145.238s][info][gc,marking  ] GC(204) Concurrent Cleanup for Next Mark 0.793ms
[145.238s][info][gc          ] GC(204) Concurrent Mark Cycle 154.756ms
[145.547s][info][gc,start    ] GC(205) Pause Young (Prepare Mixed) (G1 Evacuation Pause)
[145.547s][info][gc,task     ] GC(205) Using 2 workers of 2 for evacuation
[145.558s][info][gc,phases   ] GC(205)   Pre Evacuate Collection Set: 0.83ms
[145.558s][info][gc,phases   ] GC(205)   Merge Heap Roots: 0.08ms
[145.558s][info][gc,phases   ] GC(205)   Evacuate Collection Set: 9.02ms
[145.558s][info][gc,phases   ] GC(205)   Post Evacuate Collection Set: 0.55ms
[145.558s][info][gc,phases   ] GC(205)   Other: 0.11ms
[145.558s][info][gc,heap     ] GC(205) Eden regions: 146->0(145)
[145.558s][info][gc,heap     ] GC(205) Survivor regions: 7->8(20)
[145.558s][info][gc,heap     ] GC(205) Old regions: 52->52
[145.558s][info][gc,heap     ] GC(205) Humongous regions: 1->1
[145.558s][info][gc,metaspace] GC(205) Metaspace: 41517K(42048K)->41517K(42048K) NonClass: 37182K(37504K)->37182K(37504K) Class: 4335K(4544K)->4335K(4544K)
[145.558s][info][gc          ] GC(205) Pause Young (Prepare Mixed) (G1 Evacuation Pause) 204M->59M(256M) 10.847ms
[145.558s][info][gc,cpu      ] GC(205) User=0.02s Sys=0.01s Real=0.01s
[145.932s][info][gc,start    ] GC(206) Pause Young (Mixed) (G1 Evacuation Pause)
[145.932s][info][gc,task     ] GC(206) Using 2 workers of 2 for evacuation
[145.946s][info][gc,phases   ] GC(206)   Pre Evacuate Collection Set: 0.14ms
[145.946s][info][gc,phases   ] GC(206)   Merge Heap Roots: 0.14ms
[145.946s][info][gc,phases   ] GC(206)   Evacuate Collection Set: 13.32ms
[145.946s][info][gc,phases   ] GC(206)   Post Evacuate Collection Set: 0.74ms
[145.946s][info][gc,phases   ] GC(206)   Other: 0.07ms
[145.946s][info][gc,heap     ] GC(206) Eden regions: 145->0(143)
[145.946s][info][gc,heap     ] GC(206) Survivor regions: 8->10(20)
[145.946s][info][gc,heap     ] GC(206) Old regions: 52->49
[145.946s][info][gc,heap     ] GC(206) Humongous regions: 1->1
[145.946s][info][gc,metaspace] GC(206) Metaspace: 41517K(42048K)->41517K(42048K) NonClass: 37182K(37504K)->37182K(37504K) Class: 4335K(4544K)->4335K(4544K)
[145.947s][info][gc          ] GC(206) Pause Young (Mixed) (G1 Evacuation Pause) 204M->59M(256M) 14.647ms
[145.947s][info][gc,cpu      ] GC(206) User=0.03s Sys=0.00s Real=0.02s
[146.402s][info][gc,start    ] GC(207) Pause Young (Concurrent Start) (G1 Evacuation Pause)
[146.402s][info][gc,task     ] GC(207) Using 2 workers of 2 for evacuation
[146.412s][info][gc,phases   ] GC(207)   Pre Evacuate Collection Set: 1.11ms
[146.412s][info][gc,phases   ] GC(207)   Merge Heap Roots: 0.09ms
[146.412s][info][gc,phases   ] GC(207)   Evacuate Collection Set: 7.76ms
[146.412s][info][gc,phases   ] GC(207)   Post Evacuate Collection Set: 0.61ms
[146.412s][info][gc,phases   ] GC(207)   Other: 0.13ms
[146.412s][info][gc,heap     ] GC(207) Eden regions: 143->0(143)
[146.412s][info][gc,heap     ] GC(207) Survivor regions: 10->10(20)
[146.412s][info][gc,heap     ] GC(207) Old regions: 49->49
[146.412s][info][gc,heap     ] GC(207) Humongous regions: 1->1
[146.412s][info][gc,metaspace] GC(207) Metaspace: 41522K(42048K)->41522K(42048K) NonClass: 37186K(37504K)->37186K(37504K) Class: 4335K(4544K)->4335K(4544K)
[146.412s][info][gc          ] GC(207) Pause Young (Concurrent Start) (G1 Evacuation Pause) 202M->59M(256M) 9.941ms
[146.412s][info][gc,cpu      ] GC(207) User=0.02s Sys=0.00s Real=0.01s
[146.412s][info][gc          ] GC(208) Concurrent Mark Cycle
[146.412s][info][gc,marking  ] GC(208) Concurrent Scan Root Regions
[146.422s][info][gc,marking  ] GC(208) Concurrent Scan Root Regions 10.101ms
[146.422s][info][gc,marking  ] GC(208) Concurrent Mark
[146.422s][info][gc,marking  ] GC(208) Concurrent Mark From Roots
[146.422s][info][gc,task     ] GC(208) Using 1 workers of 1 for marking
[146.553s][info][gc,marking  ] GC(208) Concurrent Mark From Roots 131.245ms
[146.553s][info][gc,marking  ] GC(208) Concurrent Preclean
[146.553s][info][gc,marking  ] GC(208) Concurrent Preclean 0.055ms
[146.554s][info][gc,start    ] GC(208) Pause Remark
[146.568s][info][gc          ] GC(208) Pause Remark 87M->87M(256M) 14.139ms
[146.568s][info][gc,cpu      ] GC(208) User=0.03s Sys=0.00s Real=0.02s
[146.570s][info][gc,marking  ] GC(208) Concurrent Mark 147.897ms
[146.570s][info][gc,marking  ] GC(208) Concurrent Rebuild Remembered Sets and Scrub Regions
[146.599s][info][gc,marking  ] GC(208) Concurrent Rebuild Remembered Sets and Scrub Regions 29.343ms
[146.600s][info][gc,start    ] GC(208) Pause Cleanup
[146.600s][info][gc          ] GC(208) Pause Cleanup 91M->91M(256M) 0.082ms
[146.600s][info][gc,cpu      ] GC(208) User=0.00s Sys=0.00s Real=0.00s
[146.600s][info][gc,marking  ] GC(208) Concurrent Clear Claimed Marks
[146.600s][info][gc,marking  ] GC(208) Concurrent Clear Claimed Marks 0.040ms
[146.600s][info][gc,marking  ] GC(208) Concurrent Cleanup for Next Mark
[146.601s][info][gc,marking  ] GC(208) Concurrent Cleanup for Next Mark 0.804ms
[146.601s][info][gc          ] GC(208) Concurrent Mark Cycle 188.738ms
[146.943s][info][gc,start    ] GC(209) Pause Young (Prepare Mixed) (G1 Evacuation Pause)
[146.943s][info][gc,task     ] GC(209) Using 2 workers of 2 for evacuation
[146.952s][info][gc,phases   ] GC(209)   Pre Evacuate Collection Set: 0.16ms
[146.952s][info][gc,phases   ] GC(209)   Merge Heap Roots: 0.07ms
[146.952s][info][gc,phases   ] GC(209)   Evacuate Collection Set: 7.98ms
[146.952s][info][gc,phases   ] GC(209)   Post Evacuate Collection Set: 0.46ms
[146.952s][info][gc,phases   ] GC(209)   Other: 0.11ms
[146.952s][info][gc,heap     ] GC(209) Eden regions: 143->0(140)
[146.952s][info][gc,heap     ] GC(209) Survivor regions: 10->13(20)
[146.952s][info][gc,heap     ] GC(209) Old regions: 49->49
[146.952s][info][gc,heap     ] GC(209) Humongous regions: 1->1
[146.952s][info][gc,metaspace] GC(209) Metaspace: 41522K(42048K)->41522K(42048K) NonClass: 37187K(37504K)->37187K(37504K) Class: 4335K(4544K)->4335K(4544K)
[146.952s][info][gc          ] GC(209) Pause Young (Prepare Mixed) (G1 Evacuation Pause) 202M->62M(256M) 9.002ms
[146.952s][info][gc,cpu      ] GC(209) User=0.02s Sys=0.00s Real=0.01s
[147.392s][info][gc,start    ] GC(210) Pause Young (Mixed) (G1 Evacuation Pause)
[147.392s][info][gc,task     ] GC(210) Using 2 workers of 2 for evacuation
[147.402s][info][gc,phases   ] GC(210)   Pre Evacuate Collection Set: 0.18ms
[147.402s][info][gc,phases   ] GC(210)   Merge Heap Roots: 0.08ms
[147.402s][info][gc,phases   ] GC(210)   Evacuate Collection Set: 8.71ms
[147.402s][info][gc,phases   ] GC(210)   Post Evacuate Collection Set: 0.59ms
[147.402s][info][gc,phases   ] GC(210)   Other: 0.10ms
[147.402s][info][gc,heap     ] GC(210) Eden regions: 140->0(147)
[147.402s][info][gc,heap     ] GC(210) Survivor regions: 13->6(20)
[147.402s][info][gc,heap     ] GC(210) Old regions: 49->51
[147.402s][info][gc,heap     ] GC(210) Humongous regions: 1->1
[147.402s][info][gc,metaspace] GC(210) Metaspace: 41525K(42048K)->41525K(42048K) NonClass: 37190K(37504K)->37190K(37504K) Class: 4335K(4544K)->4335K(4544K)
[147.402s][info][gc          ] GC(210) Pause Young (Mixed) (G1 Evacuation Pause) 202M->57M(256M) 9.847ms
[147.402s][info][gc,cpu      ] GC(210) User=0.02s Sys=0.00s Real=0.01s
[148.360s][info][gc,start    ] GC(211) Pause Young (Concurrent Start) (G1 Humongous Allocation)
[148.361s][info][gc,task     ] GC(211) Using 2 workers of 2 for evacuation
[148.370s][info][gc,phases   ] GC(211)   Pre Evacuate Collection Set: 1.50ms
[148.370s][info][gc,phases   ] GC(211)   Merge Heap Roots: 0.08ms
[148.370s][info][gc,phases   ] GC(211)   Evacuate Collection Set: 7.74ms
[148.370s][info][gc,phases   ] GC(211)   Post Evacuate Collection Set: 0.44ms
[148.370s][info][gc,phases   ] GC(211)   Other: 0.15ms
[148.370s][info][gc,heap     ] GC(211) Eden regions: 92->0(149)
[148.370s][info][gc,heap     ] GC(211) Survivor regions: 6->4(20)
[148.371s][info][gc,heap     ] GC(211) Old regions: 51->51
[148.371s][info][gc,heap     ] GC(211) Humongous regions: 1->1
[148.371s][info][gc,metaspace] GC(211) Metaspace: 41556K(42048K)->41556K(42048K) NonClass: 37221K(37504K)->37221K(37504K) Class: 4335K(4544K)->4335K(4544K)
[148.371s][info][gc          ] GC(211) Pause Young (Concurrent Start) (G1 Humongous Allocation) 148M->54M(256M) 10.091ms
[148.371s][info][gc,cpu      ] GC(211) User=0.02s Sys=0.00s Real=0.01s
[148.371s][info][gc          ] GC(212) Concurrent Mark Cycle
[148.371s][info][gc,marking  ] GC(212) Concurrent Scan Root Regions
[148.377s][info][gc,marking  ] GC(212) Concurrent Scan Root Regions 6.140ms
[148.377s][info][gc,marking  ] GC(212) Concurrent Mark
[148.377s][info][gc,marking  ] GC(212) Concurrent Mark From Roots
[148.377s][info][gc,task     ] GC(212) Using 1 workers of 1 for marking
[148.504s][info][gc,marking  ] GC(212) Concurrent Mark From Roots 127.057ms
[148.504s][info][gc,marking  ] GC(212) Concurrent Preclean
[148.504s][info][gc,marking  ] GC(212) Concurrent Preclean 0.233ms
[148.505s][info][gc,start    ] GC(212) Pause Remark
[148.524s][info][gc          ] GC(212) Pause Remark 73M->72M(256M) 19.139ms
[148.524s][info][gc,cpu      ] GC(212) User=0.04s Sys=0.00s Real=0.02s
[148.527s][info][gc,marking  ] GC(212) Concurrent Mark 150.096ms
[148.527s][info][gc,marking  ] GC(212) Concurrent Rebuild Remembered Sets and Scrub Regions
[148.573s][info][gc,marking  ] GC(212) Concurrent Rebuild Remembered Sets and Scrub Regions 46.357ms
[148.574s][info][gc,start    ] GC(212) Pause Cleanup
[148.574s][info][gc          ] GC(212) Pause Cleanup 77M->77M(256M) 0.064ms
[148.574s][info][gc,cpu      ] GC(212) User=0.00s Sys=0.00s Real=0.00s
[148.574s][info][gc,marking  ] GC(212) Concurrent Clear Claimed Marks
[148.574s][info][gc,marking  ] GC(212) Concurrent Clear Claimed Marks 0.047ms
[148.574s][info][gc,marking  ] GC(212) Concurrent Cleanup for Next Mark
[148.577s][info][gc,marking  ] GC(212) Concurrent Cleanup for Next Mark 2.711ms
[148.577s][info][gc          ] GC(212) Concurrent Mark Cycle 206.179ms
[149.484s][info][gc,start    ] GC(213) Pause Young (Prepare Mixed) (G1 Evacuation Pause)
[149.484s][info][gc,task     ] GC(213) Using 2 workers of 2 for evacuation
[149.500s][info][gc,phases   ] GC(213)   Pre Evacuate Collection Set: 0.22ms
[149.500s][info][gc,phases   ] GC(213)   Merge Heap Roots: 0.18ms
[149.500s][info][gc,phases   ] GC(213)   Evacuate Collection Set: 14.89ms
[149.500s][info][gc,phases   ] GC(213)   Post Evacuate Collection Set: 0.55ms
[149.500s][info][gc,phases   ] GC(213)   Other: 0.11ms
[149.500s][info][gc,heap     ] GC(213) Eden regions: 149->0(140)
[149.500s][info][gc,heap     ] GC(213) Survivor regions: 4->13(20)
[149.500s][info][gc,heap     ] GC(213) Old regions: 50->50
[149.500s][info][gc,heap     ] GC(213) Humongous regions: 13->3
[149.500s][info][gc,metaspace] GC(213) Metaspace: 41696K(42240K)->41696K(42240K) NonClass: 37361K(37696K)->37361K(37696K) Class: 4335K(4544K)->4335K(4544K)
[149.500s][info][gc          ] GC(213) Pause Young (Prepare Mixed) (G1 Evacuation Pause) 214M->65M(256M) 16.147ms
[149.500s][info][gc,cpu      ] GC(213) User=0.03s Sys=0.00s Real=0.02s
[150.128s][info][gc,start    ] GC(214) Pause Young (Mixed) (G1 Evacuation Pause)
[150.128s][info][gc,task     ] GC(214) Using 2 workers of 2 for evacuation
[150.164s][info][gc,phases   ] GC(214)   Pre Evacuate Collection Set: 0.20ms
[150.164s][info][gc,phases   ] GC(214)   Merge Heap Roots: 0.13ms
[150.164s][info][gc,phases   ] GC(214)   Evacuate Collection Set: 34.71ms
[150.164s][info][gc,phases   ] GC(214)   Post Evacuate Collection Set: 0.42ms
[150.164s][info][gc,phases   ] GC(214)   Other: 0.09ms
[150.164s][info][gc,heap     ] GC(214) Eden regions: 140->0(138)
[150.164s][info][gc,heap     ] GC(214) Survivor regions: 13->15(20)
[150.164s][info][gc,heap     ] GC(214) Old regions: 50->57
[150.164s][info][gc,heap     ] GC(214) Humongous regions: 4->4
[150.164s][info][gc,metaspace] GC(214) Metaspace: 41696K(42240K)->41696K(42240K) NonClass: 37361K(37696K)->37361K(37696K) Class: 4335K(4544K)->4335K(4544K)
[150.164s][info][gc          ] GC(214) Pause Young (Mixed) (G1 Evacuation Pause) 206M->75M(256M) 35.784ms
[150.164s][info][gc,cpu      ] GC(214) User=0.07s Sys=0.00s Real=0.03s
[150.454s][info][gc,start    ] GC(215) Pause Young (Concurrent Start) (G1 Humongous Allocation)
[150.454s][info][gc,task     ] GC(215) Using 2 workers of 2 for evacuation
[150.484s][info][gc,phases   ] GC(215)   Pre Evacuate Collection Set: 0.19ms
[150.484s][info][gc,phases   ] GC(215)   Merge Heap Roots: 0.06ms
[150.484s][info][gc,phases   ] GC(215)   Evacuate Collection Set: 28.99ms
[150.484s][info][gc,phases   ] GC(215)   Post Evacuate Collection Set: 0.44ms
[150.484s][info][gc,phases   ] GC(215)   Other: 0.13ms
[150.484s][info][gc,heap     ] GC(215) Eden regions: 110->0(134)
[150.484s][info][gc,heap     ] GC(215) Survivor regions: 15->13(20)
[150.484s][info][gc,heap     ] GC(215) Old regions: 57->72
[150.484s][info][gc,heap     ] GC(215) Humongous regions: 4->4
[150.484s][info][gc,metaspace] GC(215) Metaspace: 41696K(42240K)->41696K(42240K) NonClass: 37361K(37696K)->37361K(37696K) Class: 4335K(4544K)->4335K(4544K)
[150.484s][info][gc          ] GC(215) Pause Young (Concurrent Start) (G1 Humongous Allocation) 184M->88M(256M) 30.035ms
[150.484s][info][gc,cpu      ] GC(215) User=0.05s Sys=0.00s Real=0.03s
[150.484s][info][gc          ] GC(216) Concurrent Mark Cycle
[150.485s][info][gc,marking  ] GC(216) Concurrent Scan Root Regions
[150.523s][info][gc,marking  ] GC(216) Concurrent Scan Root Regions 38.130ms
[150.523s][info][gc,marking  ] GC(216) Concurrent Mark
[150.523s][info][gc,marking  ] GC(216) Concurrent Mark From Roots
[150.523s][info][gc,task     ] GC(216) Using 1 workers of 1 for marking
[150.669s][info][gc,marking  ] GC(216) Concurrent Mark From Roots 145.843ms
[150.669s][info][gc,marking  ] GC(216) Concurrent Preclean
[150.669s][info][gc,marking  ] GC(216) Concurrent Preclean 0.063ms
[150.669s][info][gc,start    ] GC(216) Pause Remark
[150.685s][info][gc          ] GC(216) Pause Remark 138M->136M(256M) 15.680ms
[150.685s][info][gc,cpu      ] GC(216) User=0.03s Sys=0.00s Real=0.01s
[150.685s][info][gc,marking  ] GC(216) Concurrent Mark 161.968ms
[150.685s][info][gc,marking  ] GC(216) Concurrent Rebuild Remembered Sets and Scrub Regions
[150.772s][info][gc,marking  ] GC(216) Concurrent Rebuild Remembered Sets and Scrub Regions 87.175ms
[150.772s][info][gc,start    ] GC(216) Pause Cleanup
[150.772s][info][gc          ] GC(216) Pause Cleanup 154M->154M(256M) 0.071ms
[150.772s][info][gc,cpu      ] GC(216) User=0.00s Sys=0.00s Real=0.00s
[150.772s][info][gc,marking  ] GC(216) Concurrent Clear Claimed Marks
[150.772s][info][gc,marking  ] GC(216) Concurrent Clear Claimed Marks 0.044ms
[150.772s][info][gc,marking  ] GC(216) Concurrent Cleanup for Next Mark
[150.774s][info][gc,marking  ] GC(216) Concurrent Cleanup for Next Mark 1.491ms
[150.774s][info][gc          ] GC(216) Concurrent Mark Cycle 289.279ms
[150.943s][info][gc,start    ] GC(217) Pause Young (Prepare Mixed) (G1 Evacuation Pause)
[150.943s][info][gc,task     ] GC(217) Using 2 workers of 2 for evacuation
[150.978s][info][gc,phases   ] GC(217)   Pre Evacuate Collection Set: 0.21ms
[150.978s][info][gc,phases   ] GC(217)   Merge Heap Roots: 0.17ms
[150.978s][info][gc,phases   ] GC(217)   Evacuate Collection Set: 33.47ms
[150.978s][info][gc,phases   ] GC(217)   Post Evacuate Collection Set: 0.46ms
[150.978s][info][gc,phases   ] GC(217)   Other: 0.10ms
[150.978s][info][gc,heap     ] GC(217) Eden regions: 134->0(120)
[150.978s][info][gc,heap     ] GC(217) Survivor regions: 13->15(19)
[150.978s][info][gc,heap     ] GC(217) Old regions: 70->83
[150.978s][info][gc,heap     ] GC(217) Humongous regions: 6->6
[150.978s][info][gc,metaspace] GC(217) Metaspace: 41697K(42240K)->41697K(42240K) NonClass: 37361K(37696K)->37361K(37696K) Class: 4335K(4544K)->4335K(4544K)
[150.978s][info][gc          ] GC(217) Pause Young (Prepare Mixed) (G1 Evacuation Pause) 222M->102M(256M) 34.632ms
[150.978s][info][gc,cpu      ] GC(217) User=0.06s Sys=0.00s Real=0.04s
[151.293s][info][gc,start    ] GC(218) Pause Young (Mixed) (G1 Evacuation Pause)
[151.293s][info][gc,task     ] GC(218) Using 2 workers of 2 for evacuation
[151.328s][info][gc,phases   ] GC(218)   Pre Evacuate Collection Set: 0.28ms
[151.328s][info][gc,phases   ] GC(218)   Merge Heap Roots: 0.12ms
[151.328s][info][gc,phases   ] GC(218)   Evacuate Collection Set: 33.39ms
[151.328s][info][gc,phases   ] GC(218)   Post Evacuate Collection Set: 0.48ms
[151.328s][info][gc,phases   ] GC(218)   Other: 0.10ms
[151.328s][info][gc,heap     ] GC(218) Eden regions: 120->0(117)
[151.328s][info][gc,heap     ] GC(218) Survivor regions: 15->13(17)
[151.328s][info][gc,heap     ] GC(218) Old regions: 83->88
[151.328s][info][gc,heap     ] GC(218) Humongous regions: 6->6
[151.328s][info][gc,metaspace] GC(218) Metaspace: 41699K(42240K)->41699K(42240K) NonClass: 37364K(37696K)->37364K(37696K) Class: 4335K(4544K)->4335K(4544K)
[151.328s][info][gc          ] GC(218) Pause Young (Mixed) (G1 Evacuation Pause) 222M->106M(256M) 34.627ms
[151.328s][info][gc,cpu      ] GC(218) User=0.07s Sys=0.00s Real=0.04s
[151.448s][info][gc,start    ] GC(219) Pause Young (Concurrent Start) (G1 Humongous Allocation)
[151.448s][info][gc,task     ] GC(219) Using 2 workers of 2 for evacuation
[151.467s][info][gc,phases   ] GC(219)   Pre Evacuate Collection Set: 0.17ms
[151.467s][info][gc,phases   ] GC(219)   Merge Heap Roots: 0.07ms
[151.467s][info][gc,phases   ] GC(219)   Evacuate Collection Set: 17.82ms
[151.467s][info][gc,phases   ] GC(219)   Post Evacuate Collection Set: 0.32ms
[151.467s][info][gc,phases   ] GC(219)   Other: 0.10ms
[151.467s][info][gc,heap     ] GC(219) Eden regions: 35->0(115)
[151.467s][info][gc,heap     ] GC(219) Survivor regions: 13->4(17)
[151.467s][info][gc,heap     ] GC(219) Old regions: 88->101
[151.467s][info][gc,heap     ] GC(219) Humongous regions: 6->6
[151.467s][info][gc,metaspace] GC(219) Metaspace: 41699K(42240K)->41699K(42240K) NonClass: 37364K(37696K)->37364K(37696K) Class: 4335K(4544K)->4335K(4544K)
[151.467s][info][gc          ] GC(219) Pause Young (Concurrent Start) (G1 Humongous Allocation) 141M->110M(256M) 18.675ms
[151.467s][info][gc          ] GC(220) Concurrent Mark Cycle
[151.467s][info][gc,marking  ] GC(220) Concurrent Scan Root Regions
[151.467s][info][gc,cpu      ] GC(219) User=0.03s Sys=0.00s Real=0.02s
[151.497s][info][gc,marking  ] GC(220) Concurrent Scan Root Regions 30.171ms
[151.497s][info][gc,marking  ] GC(220) Concurrent Mark
[151.497s][info][gc,marking  ] GC(220) Concurrent Mark From Roots
[151.497s][info][gc,task     ] GC(220) Using 1 workers of 1 for marking
[151.765s][info][gc,marking  ] GC(220) Concurrent Mark From Roots 268.247ms
[151.765s][info][gc,marking  ] GC(220) Concurrent Preclean
[151.765s][info][gc,marking  ] GC(220) Concurrent Preclean 0.041ms
[151.765s][info][gc,start    ] GC(220) Pause Remark
[151.780s][info][gc          ] GC(220) Pause Remark 181M->180M(256M) 14.718ms
[151.780s][info][gc,cpu      ] GC(220) User=0.03s Sys=0.00s Real=0.01s
[151.780s][info][gc,marking  ] GC(220) Concurrent Mark 283.264ms
[151.780s][info][gc,marking  ] GC(220) Concurrent Rebuild Remembered Sets and Scrub Regions
[151.923s][info][gc,marking  ] GC(220) Concurrent Rebuild Remembered Sets and Scrub Regions 142.391ms
[151.923s][info][gc,start    ] GC(220) Pause Cleanup
[151.923s][info][gc          ] GC(220) Pause Cleanup 214M->214M(256M) 0.051ms
[151.923s][info][gc,cpu      ] GC(220) User=0.00s Sys=0.00s Real=0.00s
[151.924s][info][gc,marking  ] GC(220) Concurrent Clear Claimed Marks
[151.924s][info][gc,marking  ] GC(220) Concurrent Clear Claimed Marks 0.050ms
[151.924s][info][gc,marking  ] GC(220) Concurrent Cleanup for Next Mark
[151.925s][info][gc,marking  ] GC(220) Concurrent Cleanup for Next Mark 0.793ms
[151.925s][info][gc          ] GC(220) Concurrent Mark Cycle 458.072ms
[151.964s][info][gc,start    ] GC(221) Pause Young (Prepare Mixed) (G1 Evacuation Pause)
[151.964s][info][gc,task     ] GC(221) Using 2 workers of 2 for evacuation
[151.988s][info][gc,phases   ] GC(221)   Pre Evacuate Collection Set: 0.22ms
[151.988s][info][gc,phases   ] GC(221)   Merge Heap Roots: 0.12ms
[151.988s][info][gc,phases   ] GC(221)   Evacuate Collection Set: 23.74ms
[151.988s][info][gc,phases   ] GC(221)   Post Evacuate Collection Set: 0.45ms
[151.988s][info][gc,phases   ] GC(221)   Other: 0.09ms
[151.988s][info][gc,heap     ] GC(221) Eden regions: 115->0(102)
[151.988s][info][gc,heap     ] GC(221) Survivor regions: 4->15(15)
[151.988s][info][gc,heap     ] GC(221) Old regions: 101->101
[151.988s][info][gc,heap     ] GC(221) Humongous regions: 9->9
[151.988s][info][gc,metaspace] GC(221) Metaspace: 41699K(42240K)->41699K(42240K) NonClass: 37364K(37696K)->37364K(37696K) Class: 4335K(4544K)->4335K(4544K)
[151.988s][info][gc          ] GC(221) Pause Young (Prepare Mixed) (G1 Evacuation Pause) 228M->124M(256M) 24.829ms
[151.989s][info][gc,cpu      ] GC(221) User=0.05s Sys=0.00s Real=0.03s
[155.486s][info][gc,start    ] GC(222) Pause Young (Mixed) (G1 Evacuation Pause)
[155.486s][info][gc,task     ] GC(222) Using 2 workers of 2 for evacuation
[155.519s][info][gc,phases   ] GC(222)   Pre Evacuate Collection Set: 0.20ms
[155.519s][info][gc,phases   ] GC(222)   Merge Heap Roots: 0.18ms
[155.519s][info][gc,phases   ] GC(222)   Evacuate Collection Set: 31.80ms
[155.519s][info][gc,phases   ] GC(222)   Post Evacuate Collection Set: 0.51ms
[155.519s][info][gc,phases   ] GC(222)   Other: 0.07ms
[155.519s][info][gc,heap     ] GC(222) Eden regions: 102->0(101)
[155.519s][info][gc,heap     ] GC(222) Survivor regions: 15->8(15)
[155.519s][info][gc,heap     ] GC(222) Old regions: 101->114
[155.519s][info][gc,heap     ] GC(222) Humongous regions: 11->7
[155.519s][info][gc,metaspace] GC(222) Metaspace: 41738K(42240K)->41738K(42240K) NonClass: 37402K(37696K)->37402K(37696K) Class: 4335K(4544K)->4335K(4544K)
[155.519s][info][gc          ] GC(222) Pause Young (Mixed) (G1 Evacuation Pause) 228M->127M(256M) 32.957ms
[155.519s][info][gc,cpu      ] GC(222) User=0.07s Sys=0.00s Real=0.03s
[156.023s][info][gc,start    ] GC(223) Pause Young (Concurrent Start) (G1 Evacuation Pause)
[156.023s][info][gc,task     ] GC(223) Using 2 workers of 2 for evacuation
[156.042s][info][gc,phases   ] GC(223)   Pre Evacuate Collection Set: 0.19ms
[156.042s][info][gc,phases   ] GC(223)   Merge Heap Roots: 0.11ms
[156.042s][info][gc,phases   ] GC(223)   Evacuate Collection Set: 17.80ms
[156.042s][info][gc,phases   ] GC(223)   Post Evacuate Collection Set: 0.36ms
[156.042s][info][gc,phases   ] GC(223)   Other: 0.15ms
[156.042s][info][gc,heap     ] GC(223) Eden regions: 101->0(103)
[156.042s][info][gc,heap     ] GC(223) Survivor regions: 8->9(14)
[156.042s][info][gc,heap     ] GC(223) Old regions: 114->114
[156.042s][info][gc,heap     ] GC(223) Humongous regions: 7->7
[156.042s][info][gc,metaspace] GC(223) Metaspace: 41770K(42240K)->41770K(42240K) NonClass: 37435K(37696K)->37435K(37696K) Class: 4335K(4544K)->4335K(4544K)
[156.042s][info][gc          ] GC(223) Pause Young (Concurrent Start) (G1 Evacuation Pause) 228M->129M(256M) 18.799ms
[156.042s][info][gc,cpu      ] GC(223) User=0.04s Sys=0.00s Real=0.02s
[156.042s][info][gc          ] GC(224) Concurrent Mark Cycle
[156.044s][info][gc,marking  ] GC(224) Concurrent Scan Root Regions
[156.069s][info][gc,marking  ] GC(224) Concurrent Scan Root Regions 24.759ms
[156.069s][info][gc,marking  ] GC(224) Concurrent Mark
[156.069s][info][gc,marking  ] GC(224) Concurrent Mark From Roots
[156.069s][info][gc,task     ] GC(224) Using 1 workers of 1 for marking
[156.146s][info][gc,marking  ] GC(224) Concurrent Mark From Roots 77.215ms
[156.146s][info][gc,marking  ] GC(224) Concurrent Preclean
[156.146s][info][gc,marking  ] GC(224) Concurrent Preclean 0.064ms
[156.148s][info][gc,start    ] GC(224) Pause Remark
[156.162s][info][gc          ] GC(224) Pause Remark 151M->127M(256M) 14.469ms
[156.162s][info][gc,cpu      ] GC(224) User=0.03s Sys=0.00s Real=0.01s
[156.163s][info][gc,marking  ] GC(224) Concurrent Mark 94.499ms
[156.163s][info][gc,marking  ] GC(224) Concurrent Rebuild Remembered Sets and Scrub Regions
[156.191s][info][gc,marking  ] GC(224) Concurrent Rebuild Remembered Sets and Scrub Regions 28.177ms
[156.192s][info][gc,start    ] GC(224) Pause Cleanup
[156.192s][info][gc          ] GC(224) Pause Cleanup 132M->132M(256M) 0.097ms
[156.192s][info][gc,cpu      ] GC(224) User=0.00s Sys=0.00s Real=0.00s
[156.194s][info][gc,marking  ] GC(224) Concurrent Clear Claimed Marks
[156.194s][info][gc,marking  ] GC(224) Concurrent Clear Claimed Marks 0.102ms
[156.194s][info][gc,marking  ] GC(224) Concurrent Cleanup for Next Mark
[156.195s][info][gc,marking  ] GC(224) Concurrent Cleanup for Next Mark 0.792ms
[156.195s][info][gc          ] GC(224) Concurrent Mark Cycle 153.146ms
[156.480s][info][gc,start    ] GC(225) Pause Young (Prepare Mixed) (G1 Evacuation Pause)
[156.480s][info][gc,task     ] GC(225) Using 2 workers of 2 for evacuation
[156.489s][info][gc,phases   ] GC(225)   Pre Evacuate Collection Set: 0.20ms
[156.489s][info][gc,phases   ] GC(225)   Merge Heap Roots: 0.10ms
[156.489s][info][gc,phases   ] GC(225)   Evacuate Collection Set: 8.19ms
[156.489s][info][gc,phases   ] GC(225)   Post Evacuate Collection Set: 0.62ms
[156.489s][info][gc,phases   ] GC(225)   Other: 0.11ms
[156.489s][info][gc,heap     ] GC(225) Eden regions: 103->0(126)
[156.489s][info][gc,heap     ] GC(225) Survivor regions: 9->7(14)
[156.489s][info][gc,heap     ] GC(225) Old regions: 96->97
[156.489s][info][gc,heap     ] GC(225) Humongous regions: 3->3
[156.489s][info][gc,metaspace] GC(225) Metaspace: 41787K(42240K)->41787K(42240K) NonClass: 37452K(37696K)->37452K(37696K) Class: 4335K(4544K)->4335K(4544K)
[156.489s][info][gc          ] GC(225) Pause Young (Prepare Mixed) (G1 Evacuation Pause) 210M->106M(256M) 9.420ms
[156.489s][info][gc,cpu      ] GC(225) User=0.02s Sys=0.00s Real=0.01s
[156.865s][info][gc,start    ] GC(226) Pause Young (Mixed) (G1 Evacuation Pause)
[156.865s][info][gc,task     ] GC(226) Using 2 workers of 2 for evacuation
[156.891s][info][gc,phases   ] GC(226)   Pre Evacuate Collection Set: 0.36ms
[156.891s][info][gc,phases   ] GC(226)   Merge Heap Roots: 0.12ms
[156.891s][info][gc,phases   ] GC(226)   Evacuate Collection Set: 24.64ms
[156.891s][info][gc,phases   ] GC(226)   Post Evacuate Collection Set: 0.50ms
[156.891s][info][gc,phases   ] GC(226)   Other: 0.10ms
[156.891s][info][gc,heap     ] GC(226) Eden regions: 126->0(129)
[156.891s][info][gc,heap     ] GC(226) Survivor regions: 7->17(17)
[156.891s][info][gc,heap     ] GC(226) Old regions: 97->75
[156.891s][info][gc,heap     ] GC(226) Humongous regions: 4->4
[156.891s][info][gc,metaspace] GC(226) Metaspace: 41787K(42240K)->41787K(42240K) NonClass: 37452K(37696K)->37452K(37696K) Class: 4335K(4544K)->4335K(4544K)
[156.891s][info][gc          ] GC(226) Pause Young (Mixed) (G1 Evacuation Pause) 233M->95M(256M) 25.932ms
[156.891s][info][gc,cpu      ] GC(226) User=0.05s Sys=0.00s Real=0.02s
[157.277s][info][gc,start    ] GC(227) Pause Young (Mixed) (G1 Evacuation Pause)
[157.277s][info][gc,task     ] GC(227) Using 2 workers of 2 for evacuation
[157.327s][info][gc,phases   ] GC(227)   Pre Evacuate Collection Set: 0.21ms
[157.327s][info][gc,phases   ] GC(227)   Merge Heap Roots: 0.24ms
[157.327s][info][gc,phases   ] GC(227)   Evacuate Collection Set: 47.64ms
[157.327s][info][gc,phases   ] GC(227)   Post Evacuate Collection Set: 1.57ms
[157.327s][info][gc,phases   ] GC(227)   Other: 0.10ms
[157.327s][info][gc,heap     ] GC(227) Eden regions: 129->0(237)
[157.327s][info][gc,heap     ] GC(227) Survivor regions: 17->16(19)
[157.327s][info][gc,heap     ] GC(227) Old regions: 75->66
[157.327s][info][gc,heap     ] GC(227) Humongous regions: 6->6
[157.327s][info][gc,metaspace] GC(227) Metaspace: 41787K(42240K)->41787K(42240K) NonClass: 37452K(37696K)->37452K(37696K) Class: 4335K(4544K)->4335K(4544K)
[157.327s][info][gc          ] GC(227) Pause Young (Mixed) (G1 Evacuation Pause) 226M->87M(423M) 50.006ms
[157.327s][info][gc,cpu      ] GC(227) User=0.09s Sys=0.00s Real=0.05s
[158.128s][info][gc,start    ] GC(228) Pause Young (Mixed) (G1 Evacuation Pause)
[158.129s][info][gc,task     ] GC(228) Using 2 workers of 2 for evacuation
[158.185s][info][gc,phases   ] GC(228)   Pre Evacuate Collection Set: 0.36ms
[158.185s][info][gc,phases   ] GC(228)   Merge Heap Roots: 0.31ms
[158.185s][info][gc,phases   ] GC(228)   Evacuate Collection Set: 54.45ms
[158.185s][info][gc,phases   ] GC(228)   Post Evacuate Collection Set: 0.69ms
[158.185s][info][gc,phases   ] GC(228)   Other: 0.10ms
[158.185s][info][gc,heap     ] GC(228) Eden regions: 237->0(221)
[158.185s][info][gc,heap     ] GC(228) Survivor regions: 16->32(32)
[158.185s][info][gc,heap     ] GC(228) Old regions: 66->63
[158.185s][info][gc,heap     ] GC(228) Humongous regions: 6->6
[158.185s][info][gc,metaspace] GC(228) Metaspace: 41787K(42240K)->41787K(42240K) NonClass: 37452K(37696K)->37452K(37696K) Class: 4335K(4544K)->4335K(4544K)
[158.185s][info][gc          ] GC(228) Pause Young (Mixed) (G1 Evacuation Pause) 324M->100M(423M) 56.153ms
[158.185s][info][gc,cpu      ] GC(228) User=0.10s Sys=0.00s Real=0.05s
[159.786s][info][gc,start    ] GC(229) Pause Young (Normal) (G1 Evacuation Pause)
[159.786s][info][gc,task     ] GC(229) Using 2 workers of 2 for evacuation
[159.869s][info][gc,phases   ] GC(229)   Pre Evacuate Collection Set: 0.21ms
[159.869s][info][gc,phases   ] GC(229)   Merge Heap Roots: 0.23ms
[159.869s][info][gc,phases   ] GC(229)   Evacuate Collection Set: 82.12ms
[159.869s][info][gc,phases   ] GC(229)   Post Evacuate Collection Set: 0.58ms
[159.869s][info][gc,phases   ] GC(229)   Other: 0.10ms
[159.869s][info][gc,heap     ] GC(229) Eden regions: 221->0(231)
[159.869s][info][gc,heap     ] GC(229) Survivor regions: 32->22(32)
[159.869s][info][gc,heap     ] GC(229) Old regions: 63->95
[159.869s][info][gc,heap     ] GC(229) Humongous regions: 18->16
[159.869s][info][gc,metaspace] GC(229) Metaspace: 41788K(42240K)->41788K(42240K) NonClass: 37452K(37696K)->37452K(37696K) Class: 4335K(4544K)->4335K(4544K)
[159.869s][info][gc          ] GC(229) Pause Young (Normal) (G1 Evacuation Pause) 333M->133M(423M) 83.481ms
[159.869s][info][gc,cpu      ] GC(229) User=0.16s Sys=0.00s Real=0.08s
[161.024s][info][gc,start    ] GC(230) Pause Young (Normal) (G1 Evacuation Pause)
[161.025s][info][gc,task     ] GC(230) Using 2 workers of 2 for evacuation
[161.070s][info][gc,phases   ] GC(230)   Pre Evacuate Collection Set: 0.22ms
[161.070s][info][gc,phases   ] GC(230)   Merge Heap Roots: 0.23ms
[161.070s][info][gc,phases   ] GC(230)   Evacuate Collection Set: 44.22ms
[161.070s][info][gc,phases   ] GC(230)   Post Evacuate Collection Set: 0.48ms
[161.070s][info][gc,phases   ] GC(230)   Other: 0.10ms
[161.070s][info][gc,heap     ] GC(230) Eden regions: 231->0(225)
[161.070s][info][gc,heap     ] GC(230) Survivor regions: 22->14(32)
[161.070s][info][gc,heap     ] GC(230) Old regions: 95->116
[161.070s][info][gc,heap     ] GC(230) Humongous regions: 16->16
[161.070s][info][gc,metaspace] GC(230) Metaspace: 41788K(42240K)->41788K(42240K) NonClass: 37452K(37696K)->37452K(37696K) Class: 4335K(4544K)->4335K(4544K)
[161.070s][info][gc          ] GC(230) Pause Young (Normal) (G1 Evacuation Pause) 364M->146M(423M) 45.502ms
[161.070s][info][gc,cpu      ] GC(230) User=0.09s Sys=0.00s Real=0.05s
[162.663s][info][gc,start    ] GC(231) Pause Young (Concurrent Start) (G1 Evacuation Pause)
[162.663s][info][gc,task     ] GC(231) Using 2 workers of 2 for evacuation
[162.696s][info][gc,phases   ] GC(231)   Pre Evacuate Collection Set: 0.22ms
[162.696s][info][gc,phases   ] GC(231)   Merge Heap Roots: 0.08ms
[162.696s][info][gc,phases   ] GC(231)   Evacuate Collection Set: 32.38ms
[162.696s][info][gc,phases   ] GC(231)   Post Evacuate Collection Set: 0.50ms
[162.696s][info][gc,phases   ] GC(231)   Other: 0.11ms
[162.696s][info][gc,heap     ] GC(231) Eden regions: 225->0(203)
[162.696s][info][gc,heap     ] GC(231) Survivor regions: 14->30(30)
[162.696s][info][gc,heap     ] GC(231) Old regions: 116->122
[162.696s][info][gc,heap     ] GC(231) Humongous regions: 16->16
[162.696s][info][gc,metaspace] GC(231) Metaspace: 41790K(42304K)->41790K(42304K) NonClass: 37455K(37760K)->37455K(37760K) Class: 4335K(4544K)->4335K(4544K)
[162.697s][info][gc          ] GC(231) Pause Young (Concurrent Start) (G1 Evacuation Pause) 371M->168M(423M) 33.522ms
[162.697s][info][gc,cpu      ] GC(231) User=0.07s Sys=0.00s Real=0.04s
[162.697s][info][gc          ] GC(232) Concurrent Mark Cycle
[162.697s][info][gc,marking  ] GC(232) Concurrent Scan Root Regions
[162.719s][info][gc,marking  ] GC(232) Concurrent Scan Root Regions 21.914ms
[162.719s][info][gc,marking  ] GC(232) Concurrent Mark
[162.719s][info][gc,marking  ] GC(232) Concurrent Mark From Roots
[162.719s][info][gc,task     ] GC(232) Using 1 workers of 1 for marking
[162.750s][info][gc,marking  ] GC(232) Concurrent Mark From Roots 31.484ms
[162.750s][info][gc,marking  ] GC(232) Concurrent Preclean
[162.750s][info][gc,marking  ] GC(232) Concurrent Preclean 0.033ms
[162.750s][info][gc,start    ] GC(232) Pause Remark
[162.765s][info][gc          ] GC(232) Pause Remark 176M->86M(260M) 14.905ms
[162.765s][info][gc,cpu      ] GC(232) User=0.02s Sys=0.00s Real=0.02s
[162.765s][info][gc,marking  ] GC(232) Concurrent Mark 46.702ms
[162.765s][info][gc,marking  ] GC(232) Concurrent Rebuild Remembered Sets and Scrub Regions
[162.781s][info][gc,marking  ] GC(232) Concurrent Rebuild Remembered Sets and Scrub Regions 15.277ms
[162.781s][info][gc,start    ] GC(232) Pause Cleanup
[162.781s][info][gc          ] GC(232) Pause Cleanup 89M->89M(260M) 0.063ms
[162.781s][info][gc,cpu      ] GC(232) User=0.00s Sys=0.00s Real=0.00s
[162.781s][info][gc,marking  ] GC(232) Concurrent Clear Claimed Marks
[162.781s][info][gc,marking  ] GC(232) Concurrent Clear Claimed Marks 0.035ms
[162.781s][info][gc,marking  ] GC(232) Concurrent Cleanup for Next Mark
[162.782s][info][gc,marking  ] GC(232) Concurrent Cleanup for Next Mark 1.242ms
[162.782s][info][gc          ] GC(232) Concurrent Mark Cycle 85.891ms
[163.560s][info][gc,start    ] GC(233) Pause Young (Prepare Mixed) (G1 Evacuation Pause)
[163.561s][info][gc,task     ] GC(233) Using 2 workers of 2 for evacuation
[163.576s][info][gc,phases   ] GC(233)   Pre Evacuate Collection Set: 0.21ms
[163.576s][info][gc,phases   ] GC(233)   Merge Heap Roots: 0.11ms
[163.576s][info][gc,phases   ] GC(233)   Evacuate Collection Set: 15.10ms
[163.576s][info][gc,phases   ] GC(233)   Post Evacuate Collection Set: 0.42ms
[163.577s][info][gc,phases   ] GC(233)   Other: 0.08ms
[163.577s][info][gc,heap     ] GC(233) Eden regions: 126->0(146)
[163.577s][info][gc,heap     ] GC(233) Survivor regions: 30->10(20)
[163.577s][info][gc,heap     ] GC(233) Old regions: 47->54
[163.577s][info][gc,heap     ] GC(233) Humongous regions: 1->1
[163.577s][info][gc,metaspace] GC(233) Metaspace: 41790K(42304K)->41790K(42304K) NonClass: 37455K(37760K)->37455K(37760K) Class: 4335K(4544K)->4335K(4544K)
[163.577s][info][gc          ] GC(233) Pause Young (Prepare Mixed) (G1 Evacuation Pause) 204M->64M(260M) 16.101ms
[163.577s][info][gc,cpu      ] GC(233) User=0.03s Sys=0.01s Real=0.02s
[164.543s][info][gc,start    ] GC(234) Pause Young (Mixed) (G1 Evacuation Pause)
[164.543s][info][gc,task     ] GC(234) Using 2 workers of 2 for evacuation
[164.566s][info][gc,phases   ] GC(234)   Pre Evacuate Collection Set: 0.15ms
[164.566s][info][gc,phases   ] GC(234)   Merge Heap Roots: 0.07ms
[164.566s][info][gc,phases   ] GC(234)   Evacuate Collection Set: 21.92ms
[164.566s][info][gc,phases   ] GC(234)   Post Evacuate Collection Set: 0.47ms
[164.566s][info][gc,phases   ] GC(234)   Other: 0.07ms
[164.566s][info][gc,heap     ] GC(234) Eden regions: 146->0(136)
[164.566s][info][gc,heap     ] GC(234) Survivor regions: 10->20(20)
[164.566s][info][gc,heap     ] GC(234) Old regions: 54->54
[164.566s][info][gc,heap     ] GC(234) Humongous regions: 2->2
[164.566s][info][gc,metaspace] GC(234) Metaspace: 41790K(42304K)->41790K(42304K) NonClass: 37455K(37760K)->37455K(37760K) Class: 4335K(4544K)->4335K(4544K)
[164.566s][info][gc          ] GC(234) Pause Young (Mixed) (G1 Evacuation Pause) 211M->75M(260M) 22.881ms
[164.566s][info][gc,cpu      ] GC(234) User=0.04s Sys=0.00s Real=0.03s
[165.452s][info][gc,start    ] GC(235) Pause Young (Concurrent Start) (G1 Evacuation Pause)
[165.452s][info][gc,task     ] GC(235) Using 2 workers of 2 for evacuation
[165.484s][info][gc,phases   ] GC(235)   Pre Evacuate Collection Set: 0.17ms
[165.485s][info][gc,phases   ] GC(235)   Merge Heap Roots: 0.12ms
[165.485s][info][gc,phases   ] GC(235)   Evacuate Collection Set: 31.68ms
[165.485s][info][gc,phases   ] GC(235)   Post Evacuate Collection Set: 0.41ms
[165.485s][info][gc,phases   ] GC(235)   Other: 0.13ms
[165.485s][info][gc,heap     ] GC(235) Eden regions: 136->0(135)
[165.485s][info][gc,heap     ] GC(235) Survivor regions: 20->14(20)
[165.485s][info][gc,heap     ] GC(235) Old regions: 54->74
[165.485s][info][gc,heap     ] GC(235) Humongous regions: 2->2
[165.485s][info][gc,metaspace] GC(235) Metaspace: 41790K(42304K)->41790K(42304K) NonClass: 37455K(37760K)->37455K(37760K) Class: 4335K(4544K)->4335K(4544K)
[165.485s][info][gc          ] GC(235) Pause Young (Concurrent Start) (G1 Evacuation Pause) 211M->89M(260M) 32.758ms
[165.485s][info][gc,cpu      ] GC(235) User=0.06s Sys=0.00s Real=0.03s
[165.485s][info][gc          ] GC(236) Concurrent Mark Cycle
[165.485s][info][gc,marking  ] GC(236) Concurrent Scan Root Regions
[165.508s][info][gc,marking  ] GC(236) Concurrent Scan Root Regions 23.064ms
[165.508s][info][gc,marking  ] GC(236) Concurrent Mark
[165.508s][info][gc,marking  ] GC(236) Concurrent Mark From Roots
[165.508s][info][gc,task     ] GC(236) Using 1 workers of 1 for marking
[165.553s][info][gc,marking  ] GC(236) Concurrent Mark From Roots 45.306ms
[165.553s][info][gc,marking  ] GC(236) Concurrent Preclean
[165.553s][info][gc,marking  ] GC(236) Concurrent Preclean 0.036ms
[165.553s][info][gc,start    ] GC(236) Pause Remark
[165.568s][info][gc          ] GC(236) Pause Remark 95M->94M(260M) 14.644ms
[165.568s][info][gc,cpu      ] GC(236) User=0.03s Sys=0.00s Real=0.02s
[165.568s][info][gc,marking  ] GC(236) Concurrent Mark 60.265ms
[165.568s][info][gc,marking  ] GC(236) Concurrent Rebuild Remembered Sets and Scrub Regions
[165.599s][info][gc,marking  ] GC(236) Concurrent Rebuild Remembered Sets and Scrub Regions 31.041ms
[165.599s][info][gc,start    ] GC(236) Pause Cleanup
[165.599s][info][gc          ] GC(236) Pause Cleanup 100M->100M(260M) 0.051ms
[165.599s][info][gc,cpu      ] GC(236) User=0.00s Sys=0.00s Real=0.00s
[165.599s][info][gc,marking  ] GC(236) Concurrent Clear Claimed Marks
[165.600s][info][gc,marking  ] GC(236) Concurrent Clear Claimed Marks 0.038ms
[165.600s][info][gc,marking  ] GC(236) Concurrent Cleanup for Next Mark
[165.600s][info][gc,marking  ] GC(236) Concurrent Cleanup for Next Mark 0.794ms
[165.600s][info][gc          ] GC(236) Concurrent Mark Cycle 115.559ms
[166.037s][info][gc,start    ] GC(237) Pause Young (Prepare Mixed) (G1 Evacuation Pause)
[166.038s][info][gc,task     ] GC(237) Using 2 workers of 2 for evacuation
[166.062s][info][gc,phases   ] GC(237)   Pre Evacuate Collection Set: 0.20ms
[166.062s][info][gc,phases   ] GC(237)   Merge Heap Roots: 0.08ms
[166.062s][info][gc,phases   ] GC(237)   Evacuate Collection Set: 23.66ms
[166.062s][info][gc,phases   ] GC(237)   Post Evacuate Collection Set: 0.46ms
[166.062s][info][gc,phases   ] GC(237)   Other: 0.07ms
[166.062s][info][gc,heap     ] GC(237) Eden regions: 135->0(120)
[166.062s][info][gc,heap     ] GC(237) Survivor regions: 14->19(19)
[166.062s][info][gc,heap     ] GC(237) Old regions: 73->79
[166.062s][info][gc,heap     ] GC(237) Humongous regions: 4->4
[166.062s][info][gc,metaspace] GC(237) Metaspace: 41790K(42304K)->41790K(42304K) NonClass: 37455K(37760K)->37455K(37760K) Class: 4335K(4544K)->4335K(4544K)
[166.062s][info][gc          ] GC(237) Pause Young (Prepare Mixed) (G1 Evacuation Pause) 225M->102M(260M) 24.675ms
[166.062s][info][gc,cpu      ] GC(237) User=0.05s Sys=0.00s Real=0.02s
[166.386s][info][gc,start    ] GC(238) Pause Young (Mixed) (G1 Evacuation Pause)
[166.386s][info][gc,task     ] GC(238) Using 2 workers of 2 for evacuation
[166.421s][info][gc,phases   ] GC(238)   Pre Evacuate Collection Set: 0.17ms
[166.421s][info][gc,phases   ] GC(238)   Merge Heap Roots: 0.12ms
[166.421s][info][gc,phases   ] GC(238)   Evacuate Collection Set: 34.28ms
[166.421s][info][gc,phases   ] GC(238)   Post Evacuate Collection Set: 0.48ms
[166.421s][info][gc,phases   ] GC(238)   Other: 0.08ms
[166.421s][info][gc,heap     ] GC(238) Eden regions: 120->0(117)
[166.421s][info][gc,heap     ] GC(238) Survivor regions: 19->15(18)
[166.421s][info][gc,heap     ] GC(238) Old regions: 79->86
[166.421s][info][gc,heap     ] GC(238) Humongous regions: 5->5
[166.421s][info][gc,metaspace] GC(238) Metaspace: 41790K(42304K)->41790K(42304K) NonClass: 37455K(37760K)->37455K(37760K) Class: 4335K(4544K)->4335K(4544K)
[166.421s][info][gc          ] GC(238) Pause Young (Mixed) (G1 Evacuation Pause) 223M->105M(260M) 35.376ms
[166.421s][info][gc,cpu      ] GC(238) User=0.07s Sys=0.00s Real=0.03s
[166.596s][info][gc,start    ] GC(239) Pause Young (Concurrent Start) (G1 Humongous Allocation)
[166.596s][info][gc,task     ] GC(239) Using 2 workers of 2 for evacuation
[166.617s][info][gc,phases   ] GC(239)   Pre Evacuate Collection Set: 0.18ms
[166.617s][info][gc,phases   ] GC(239)   Merge Heap Roots: 0.07ms
[166.617s][info][gc,phases   ] GC(239)   Evacuate Collection Set: 20.23ms
[166.617s][info][gc,phases   ] GC(239)   Post Evacuate Collection Set: 0.34ms
[166.617s][info][gc,phases   ] GC(239)   Other: 0.15ms
[166.617s][info][gc,heap     ] GC(239) Eden regions: 65->0(111)
[166.617s][info][gc,heap     ] GC(239) Survivor regions: 15->8(17)
[166.617s][info][gc,heap     ] GC(239) Old regions: 86->101
[166.617s][info][gc,heap     ] GC(239) Humongous regions: 5->5
[166.617s][info][gc,metaspace] GC(239) Metaspace: 41790K(42304K)->41790K(42304K) NonClass: 37455K(37760K)->37455K(37760K) Class: 4335K(4544K)->4335K(4544K)
[166.617s][info][gc          ] GC(239) Pause Young (Concurrent Start) (G1 Humongous Allocation) 170M->113M(260M) 21.198ms
[166.618s][info][gc          ] GC(240) Concurrent Mark Cycle
[166.618s][info][gc,marking  ] GC(240) Concurrent Scan Root Regions
[166.620s][info][gc,cpu      ] GC(239) User=0.04s Sys=0.00s Real=0.02s
[166.634s][info][gc,marking  ] GC(240) Concurrent Scan Root Regions 16.334ms
[166.634s][info][gc,marking  ] GC(240) Concurrent Mark
[166.634s][info][gc,marking  ] GC(240) Concurrent Mark From Roots
[166.634s][info][gc,task     ] GC(240) Using 1 workers of 1 for marking
[166.681s][info][gc,marking  ] GC(240) Concurrent Mark From Roots 46.955ms
[166.681s][info][gc,marking  ] GC(240) Concurrent Preclean
[166.681s][info][gc,marking  ] GC(240) Concurrent Preclean 0.043ms
[166.681s][info][gc,start    ] GC(240) Pause Remark
[166.696s][info][gc          ] GC(240) Pause Remark 131M->113M(260M) 15.208ms
[166.696s][info][gc,cpu      ] GC(240) User=0.03s Sys=0.00s Real=0.02s
[166.698s][info][gc,marking  ] GC(240) Concurrent Mark 64.464ms
[166.698s][info][gc,marking  ] GC(240) Concurrent Rebuild Remembered Sets and Scrub Regions
[166.734s][info][gc,marking  ] GC(240) Concurrent Rebuild Remembered Sets and Scrub Regions 35.646ms
[166.734s][info][gc,start    ] GC(240) Pause Cleanup
[166.734s][info][gc          ] GC(240) Pause Cleanup 127M->127M(260M) 0.052ms
[166.734s][info][gc,cpu      ] GC(240) User=0.00s Sys=0.00s Real=0.00s
[166.734s][info][gc,marking  ] GC(240) Concurrent Clear Claimed Marks
[166.734s][info][gc,marking  ] GC(240) Concurrent Clear Claimed Marks 0.038ms
[166.734s][info][gc,marking  ] GC(240) Concurrent Cleanup for Next Mark
[166.735s][info][gc,marking  ] GC(240) Concurrent Cleanup for Next Mark 0.819ms
[166.735s][info][gc          ] GC(240) Concurrent Mark Cycle 117.643ms
[166.940s][info][gc,start    ] GC(241) Pause Young (Prepare Mixed) (G1 Evacuation Pause)
[166.940s][info][gc,task     ] GC(241) Using 2 workers of 2 for evacuation
[166.967s][info][gc,phases   ] GC(241)   Pre Evacuate Collection Set: 0.16ms
[166.967s][info][gc,phases   ] GC(241)   Merge Heap Roots: 0.15ms
[166.967s][info][gc,phases   ] GC(241)   Evacuate Collection Set: 26.00ms
[166.967s][info][gc,phases   ] GC(241)   Post Evacuate Collection Set: 0.67ms
[166.967s][info][gc,phases   ] GC(241)   Other: 0.11ms
[166.967s][info][gc,heap     ] GC(241) Eden regions: 111->0(136)
[166.967s][info][gc,heap     ] GC(241) Survivor regions: 8->14(15)
[166.967s][info][gc,heap     ] GC(241) Old regions: 84->92
[166.967s][info][gc,heap     ] GC(241) Humongous regions: 6->6
[166.967s][info][gc,metaspace] GC(241) Metaspace: 41790K(42304K)->41790K(42304K) NonClass: 37455K(37760K)->37455K(37760K) Class: 4335K(4544K)->4335K(4544K)
[166.967s][info][gc          ] GC(241) Pause Young (Prepare Mixed) (G1 Evacuation Pause) 208M->111M(289M) 27.290ms
[166.967s][info][gc,cpu      ] GC(241) User=0.05s Sys=0.00s Real=0.03s
[167.345s][info][gc,start    ] GC(242) Pause Young (Mixed) (G1 Evacuation Pause)
[167.345s][info][gc,task     ] GC(242) Using 2 workers of 2 for evacuation
[167.382s][info][gc,phases   ] GC(242)   Pre Evacuate Collection Set: 0.18ms
[167.382s][info][gc,phases   ] GC(242)   Merge Heap Roots: 0.12ms
[167.382s][info][gc,phases   ] GC(242)   Evacuate Collection Set: 35.91ms
[167.382s][info][gc,phases   ] GC(242)   Post Evacuate Collection Set: 0.66ms
[167.382s][info][gc,phases   ] GC(242)   Other: 0.08ms
[167.383s][info][gc,heap     ] GC(242) Eden regions: 136->0(144)
[167.383s][info][gc,heap     ] GC(242) Survivor regions: 14->16(19)
[167.383s][info][gc,heap     ] GC(242) Old regions: 92->81
[167.383s][info][gc,heap     ] GC(242) Humongous regions: 6->6
[167.383s][info][gc,metaspace] GC(242) Metaspace: 41790K(42304K)->41790K(42304K) NonClass: 37455K(37760K)->37455K(37760K) Class: 4335K(4544K)->4335K(4544K)
[167.383s][info][gc          ] GC(242) Pause Young (Mixed) (G1 Evacuation Pause) 247M->103M(289M) 37.215ms
[167.383s][info][gc,cpu      ] GC(242) User=0.07s Sys=0.00s Real=0.03s
[167.428s][info][gc,start    ] GC(243) Pause Young (Concurrent Start) (G1 Humongous Allocation)
[167.429s][info][gc,task     ] GC(243) Using 2 workers of 2 for evacuation
[167.448s][info][gc,phases   ] GC(243)   Pre Evacuate Collection Set: 0.19ms
[167.448s][info][gc,phases   ] GC(243)   Merge Heap Roots: 0.06ms
[167.448s][info][gc,phases   ] GC(243)   Evacuate Collection Set: 18.94ms
[167.448s][info][gc,phases   ] GC(243)   Post Evacuate Collection Set: 0.32ms
[167.448s][info][gc,phases   ] GC(243)   Other: 0.10ms
[167.448s][info][gc,heap     ] GC(243) Eden regions: 16->0(143)
[167.448s][info][gc,heap     ] GC(243) Survivor regions: 16->3(20)
[167.448s][info][gc,heap     ] GC(243) Old regions: 81->97
[167.448s][info][gc,heap     ] GC(243) Humongous regions: 6->6
[167.448s][info][gc,metaspace] GC(243) Metaspace: 41790K(42304K)->41790K(42304K) NonClass: 37455K(37760K)->37455K(37760K) Class: 4335K(4544K)->4335K(4544K)
[167.448s][info][gc          ] GC(243) Pause Young (Concurrent Start) (G1 Humongous Allocation) 118M->105M(289M) 19.813ms
[167.448s][info][gc,cpu      ] GC(243) User=0.03s Sys=0.00s Real=0.02s
[167.448s][info][gc          ] GC(244) Concurrent Mark Cycle
[167.448s][info][gc,marking  ] GC(244) Concurrent Scan Root Regions
[167.464s][info][gc,marking  ] GC(244) Concurrent Scan Root Regions 15.873ms
[167.464s][info][gc,marking  ] GC(244) Concurrent Mark
[167.464s][info][gc,marking  ] GC(244) Concurrent Mark From Roots
[167.464s][info][gc,task     ] GC(244) Using 1 workers of 1 for marking
[167.563s][info][gc,marking  ] GC(244) Concurrent Mark From Roots 98.234ms
[167.563s][info][gc,marking  ] GC(244) Concurrent Preclean
[167.563s][info][gc,marking  ] GC(244) Concurrent Preclean 0.039ms
[167.563s][info][gc,start    ] GC(244) Pause Remark
[167.577s][info][gc          ] GC(244) Pause Remark 130M->129M(289M) 14.041ms
[167.577s][info][gc,cpu      ] GC(244) User=0.02s Sys=0.00s Real=0.02s
[167.577s][info][gc,marking  ] GC(244) Concurrent Mark 112.678ms
[167.577s][info][gc,marking  ] GC(244) Concurrent Rebuild Remembered Sets and Scrub Regions
[167.641s][info][gc,marking  ] GC(244) Concurrent Rebuild Remembered Sets and Scrub Regions 63.791ms
[167.641s][info][gc,start    ] GC(244) Pause Cleanup
[167.641s][info][gc          ] GC(244) Pause Cleanup 155M->155M(289M) 0.072ms
[167.641s][info][gc,cpu      ] GC(244) User=0.00s Sys=0.00s Real=0.00s
[167.641s][info][gc,marking  ] GC(244) Concurrent Clear Claimed Marks
[167.641s][info][gc,marking  ] GC(244) Concurrent Clear Claimed Marks 0.047ms
[167.641s][info][gc,marking  ] GC(244) Concurrent Cleanup for Next Mark
[167.643s][info][gc,marking  ] GC(244) Concurrent Cleanup for Next Mark 1.218ms
[167.643s][info][gc          ] GC(244) Concurrent Mark Cycle 194.187ms
[167.919s][info][gc,start    ] GC(245) Pause Young (Prepare Mixed) (G1 Evacuation Pause)
[167.919s][info][gc,task     ] GC(245) Using 2 workers of 2 for evacuation
[167.946s][info][gc,phases   ] GC(245)   Pre Evacuate Collection Set: 0.27ms
[167.946s][info][gc,phases   ] GC(245)   Merge Heap Roots: 0.13ms
[167.946s][info][gc,phases   ] GC(245)   Evacuate Collection Set: 26.26ms
[167.946s][info][gc,phases   ] GC(245)   Post Evacuate Collection Set: 0.47ms
[167.946s][info][gc,phases   ] GC(245)   Other: 0.07ms
[167.946s][info][gc,heap     ] GC(245) Eden regions: 143->0(128)
[167.946s][info][gc,heap     ] GC(245) Survivor regions: 3->19(19)
[167.946s][info][gc,heap     ] GC(245) Old regions: 97->97
[167.946s][info][gc,heap     ] GC(245) Humongous regions: 9->9
[167.946s][info][gc,metaspace] GC(245) Metaspace: 41790K(42304K)->41790K(42304K) NonClass: 37455K(37760K)->37455K(37760K) Class: 4335K(4544K)->4335K(4544K)
[167.946s][info][gc          ] GC(245) Pause Young (Prepare Mixed) (G1 Evacuation Pause) 251M->124M(289M) 27.414ms
[167.946s][info][gc,cpu      ] GC(245) User=0.05s Sys=0.00s Real=0.03s
[169.301s][info][gc,start    ] GC(246) Pause Young (Mixed) (G1 Evacuation Pause)
[169.301s][info][gc,task     ] GC(246) Using 2 workers of 2 for evacuation
[169.345s][info][gc,phases   ] GC(246)   Pre Evacuate Collection Set: 0.20ms
[169.345s][info][gc,phases   ] GC(246)   Merge Heap Roots: 0.22ms
[169.345s][info][gc,phases   ] GC(246)   Evacuate Collection Set: 43.07ms
[169.345s][info][gc,phases   ] GC(246)   Post Evacuate Collection Set: 0.54ms
[169.345s][info][gc,phases   ] GC(246)   Other: 0.09ms
[169.345s][info][gc,heap     ] GC(246) Eden regions: 128->0(121)
[169.345s][info][gc,heap     ] GC(246) Survivor regions: 19->8(19)
[169.345s][info][gc,heap     ] GC(246) Old regions: 97->112
[169.345s][info][gc,heap     ] GC(246) Humongous regions: 17->15
[169.345s][info][gc,metaspace] GC(246) Metaspace: 41790K(42304K)->41790K(42304K) NonClass: 37455K(37760K)->37455K(37760K) Class: 4335K(4544K)->4335K(4544K)
[169.345s][info][gc          ] GC(246) Pause Young (Mixed) (G1 Evacuation Pause) 260M->134M(289M) 44.348ms
[169.345s][info][gc,cpu      ] GC(246) User=0.08s Sys=0.00s Real=0.05s
[169.911s][info][gc,start    ] GC(247) Pause Young (Concurrent Start) (G1 Evacuation Pause)
[169.911s][info][gc,task     ] GC(247) Using 2 workers of 2 for evacuation
[169.925s][info][gc,phases   ] GC(247)   Pre Evacuate Collection Set: 0.19ms
[169.925s][info][gc,phases   ] GC(247)   Merge Heap Roots: 0.09ms
[169.925s][info][gc,phases   ] GC(247)   Evacuate Collection Set: 13.24ms
[169.925s][info][gc,phases   ] GC(247)   Post Evacuate Collection Set: 0.41ms
[169.925s][info][gc,phases   ] GC(247)   Other: 0.11ms
[169.925s][info][gc,heap     ] GC(247) Eden regions: 121->0(122)
[169.925s][info][gc,heap     ] GC(247) Survivor regions: 8->10(17)
[169.925s][info][gc,heap     ] GC(247) Old regions: 112->112
[169.925s][info][gc,heap     ] GC(247) Humongous regions: 15->15
[169.925s][info][gc,metaspace] GC(247) Metaspace: 41790K(42304K)->41790K(42304K) NonClass: 37455K(37760K)->37455K(37760K) Class: 4335K(4544K)->4335K(4544K)
[169.925s][info][gc          ] GC(247) Pause Young (Concurrent Start) (G1 Evacuation Pause) 255M->137M(289M) 14.220ms
[169.925s][info][gc,cpu      ] GC(247) User=0.03s Sys=0.00s Real=0.02s
[169.925s][info][gc          ] GC(248) Concurrent Mark Cycle
[169.926s][info][gc,marking  ] GC(248) Concurrent Scan Root Regions
[169.942s][info][gc,marking  ] GC(248) Concurrent Scan Root Regions 16.402ms
[169.942s][info][gc,marking  ] GC(248) Concurrent Mark
[169.942s][info][gc,marking  ] GC(248) Concurrent Mark From Roots
[169.942s][info][gc,task     ] GC(248) Using 1 workers of 1 for marking
[169.989s][info][gc,marking  ] GC(248) Concurrent Mark From Roots 46.933ms
[169.989s][info][gc,marking  ] GC(248) Concurrent Preclean
[169.989s][info][gc,marking  ] GC(248) Concurrent Preclean 0.037ms
[169.989s][info][gc,start    ] GC(248) Pause Remark
[170.003s][info][gc          ] GC(248) Pause Remark 144M->60M(256M) 14.255ms
[170.003s][info][gc,cpu      ] GC(248) User=0.02s Sys=0.00s Real=0.01s
[170.004s][info][gc,marking  ] GC(248) Concurrent Mark 61.550ms
[170.004s][info][gc,marking  ] GC(248) Concurrent Rebuild Remembered Sets and Scrub Regions
[170.017s][info][gc,marking  ] GC(248) Concurrent Rebuild Remembered Sets and Scrub Regions 13.289ms
[170.017s][info][gc,start    ] GC(248) Pause Cleanup
[170.017s][info][gc          ] GC(248) Pause Cleanup 63M->63M(256M) 0.044ms
[170.017s][info][gc,cpu      ] GC(248) User=0.00s Sys=0.00s Real=0.00s
[170.017s][info][gc,marking  ] GC(248) Concurrent Clear Claimed Marks
[170.017s][info][gc,marking  ] GC(248) Concurrent Clear Claimed Marks 0.061ms
[170.017s][info][gc,marking  ] GC(248) Concurrent Cleanup for Next Mark
[170.018s][info][gc,marking  ] GC(248) Concurrent Cleanup for Next Mark 0.768ms
[170.018s][info][gc          ] GC(248) Concurrent Mark Cycle 92.481ms
[170.673s][info][gc,start    ] GC(249) Pause Young (Prepare Mixed) (G1 Evacuation Pause)
[170.673s][info][gc,task     ] GC(249) Using 2 workers of 2 for evacuation
[170.678s][info][gc,phases   ] GC(249)   Pre Evacuate Collection Set: 0.23ms
[170.678s][info][gc,phases   ] GC(249)   Merge Heap Roots: 0.09ms
[170.678s][info][gc,phases   ] GC(249)   Evacuate Collection Set: 4.25ms
[170.678s][info][gc,phases   ] GC(249)   Post Evacuate Collection Set: 0.35ms
[170.678s][info][gc,phases   ] GC(249)   Other: 0.10ms
[170.678s][info][gc,heap     ] GC(249) Eden regions: 122->0(148)
[170.678s][info][gc,heap     ] GC(249) Survivor regions: 10->5(17)
[170.678s][info][gc,heap     ] GC(249) Old regions: 42->45
[170.678s][info][gc,heap     ] GC(249) Humongous regions: 1->1
[170.678s][info][gc,metaspace] GC(249) Metaspace: 41790K(42304K)->41790K(42304K) NonClass: 37455K(37760K)->37455K(37760K) Class: 4335K(4544K)->4335K(4544K)
[170.678s][info][gc          ] GC(249) Pause Young (Prepare Mixed) (G1 Evacuation Pause) 175M->49M(256M) 5.205ms
[170.678s][info][gc,cpu      ] GC(249) User=0.01s Sys=0.00s Real=0.01s
[171.647s][info][gc,start    ] GC(250) Pause Young (Mixed) (G1 Evacuation Pause)
[171.647s][info][gc,task     ] GC(250) Using 2 workers of 2 for evacuation
[171.669s][info][gc,phases   ] GC(250)   Pre Evacuate Collection Set: 0.18ms
[171.669s][info][gc,phases   ] GC(250)   Merge Heap Roots: 0.09ms
[171.669s][info][gc,phases   ] GC(250)   Evacuate Collection Set: 20.74ms
[171.669s][info][gc,phases   ] GC(250)   Post Evacuate Collection Set: 0.44ms
[171.669s][info][gc,phases   ] GC(250)   Other: 0.07ms
[171.669s][info][gc,heap     ] GC(250) Eden regions: 148->0(133)
[171.669s][info][gc,heap     ] GC(250) Survivor regions: 5->20(20)
[171.669s][info][gc,heap     ] GC(250) Old regions: 45->41
[171.669s][info][gc,heap     ] GC(250) Humongous regions: 1->1
[171.669s][info][gc,metaspace] GC(250) Metaspace: 41790K(42304K)->41790K(42304K) NonClass: 37455K(37760K)->37455K(37760K) Class: 4335K(4544K)->4335K(4544K)
[171.669s][info][gc          ] GC(250) Pause Young (Mixed) (G1 Evacuation Pause) 197M->61M(256M) 21.784ms
[171.669s][info][gc,cpu      ] GC(250) User=0.04s Sys=0.00s Real=0.02s
[172.486s][info][gc,start    ] GC(251) Pause Young (Concurrent Start) (G1 Evacuation Pause)
[172.486s][info][gc,task     ] GC(251) Using 2 workers of 2 for evacuation
[172.517s][info][gc,phases   ] GC(251)   Pre Evacuate Collection Set: 0.17ms
[172.517s][info][gc,phases   ] GC(251)   Merge Heap Roots: 0.09ms
[172.517s][info][gc,phases   ] GC(251)   Evacuate Collection Set: 30.07ms
[172.517s][info][gc,phases   ] GC(251)   Post Evacuate Collection Set: 0.39ms
[172.517s][info][gc,phases   ] GC(251)   Other: 0.18ms
[172.517s][info][gc,heap     ] GC(251) Eden regions: 133->0(139)
[172.517s][info][gc,heap     ] GC(251) Survivor regions: 20->14(20)
[172.517s][info][gc,heap     ] GC(251) Old regions: 41->61
[172.517s][info][gc,heap     ] GC(251) Humongous regions: 1->1
[172.517s][info][gc,metaspace] GC(251) Metaspace: 41791K(42304K)->41791K(42304K) NonClass: 37456K(37760K)->37456K(37760K) Class: 4335K(4544K)->4335K(4544K)
[172.517s][info][gc          ] GC(251) Pause Young (Concurrent Start) (G1 Evacuation Pause) 194M->75M(256M) 31.113ms
[172.517s][info][gc,cpu      ] GC(251) User=0.06s Sys=0.00s Real=0.03s
[172.517s][info][gc          ] GC(252) Concurrent Mark Cycle
[172.517s][info][gc,marking  ] GC(252) Concurrent Scan Root Regions
[172.541s][info][gc,marking  ] GC(252) Concurrent Scan Root Regions 23.744ms
[172.541s][info][gc,marking  ] GC(252) Concurrent Mark
[172.541s][info][gc,marking  ] GC(252) Concurrent Mark From Roots
[172.541s][info][gc,task     ] GC(252) Using 1 workers of 1 for marking
[172.578s][info][gc,marking  ] GC(252) Concurrent Mark From Roots 37.160ms
[172.578s][info][gc,marking  ] GC(252) Concurrent Preclean
[172.578s][info][gc,marking  ] GC(252) Concurrent Preclean 0.036ms
[172.579s][info][gc,start    ] GC(252) Pause Remark
[172.593s][info][gc          ] GC(252) Pause Remark 84M->84M(256M) 14.012ms
[172.593s][info][gc,cpu      ] GC(252) User=0.03s Sys=0.00s Real=0.01s
[172.593s][info][gc,marking  ] GC(252) Concurrent Mark 51.551ms
[172.593s][info][gc,marking  ] GC(252) Concurrent Rebuild Remembered Sets and Scrub Regions
[172.621s][info][gc,marking  ] GC(252) Concurrent Rebuild Remembered Sets and Scrub Regions 28.370ms
[172.621s][info][gc,start    ] GC(252) Pause Cleanup
[172.621s][info][gc          ] GC(252) Pause Cleanup 88M->88M(256M) 0.051ms
[172.621s][info][gc,cpu      ] GC(252) User=0.00s Sys=0.00s Real=0.00s
[172.621s][info][gc,marking  ] GC(252) Concurrent Clear Claimed Marks
[172.621s][info][gc,marking  ] GC(252) Concurrent Clear Claimed Marks 0.041ms
[172.621s][info][gc,marking  ] GC(252) Concurrent Cleanup for Next Mark
[172.622s][info][gc,marking  ] GC(252) Concurrent Cleanup for Next Mark 0.803ms
[172.622s][info][gc          ] GC(252) Concurrent Mark Cycle 105.062ms
[173.481s][info][gc,start    ] GC(253) Pause Young (Prepare Mixed) (G1 Evacuation Pause)
[173.481s][info][gc,task     ] GC(253) Using 2 workers of 2 for evacuation
[173.504s][info][gc,phases   ] GC(253)   Pre Evacuate Collection Set: 0.17ms
[173.504s][info][gc,phases   ] GC(253)   Merge Heap Roots: 0.08ms
[173.504s][info][gc,phases   ] GC(253)   Evacuate Collection Set: 21.81ms
[173.504s][info][gc,phases   ] GC(253)   Post Evacuate Collection Set: 0.57ms
[173.504s][info][gc,phases   ] GC(253)   Other: 0.08ms
[173.504s][info][gc,heap     ] GC(253) Eden regions: 139->0(134)
[173.504s][info][gc,heap     ] GC(253) Survivor regions: 14->14(20)
[173.504s][info][gc,heap     ] GC(253) Old regions: 61->71
[173.504s][info][gc,heap     ] GC(253) Humongous regions: 2->2
[173.504s][info][gc,metaspace] GC(253) Metaspace: 41791K(42304K)->41791K(42304K) NonClass: 37456K(37760K)->37456K(37760K) Class: 4335K(4544K)->4335K(4544K)
[173.504s][info][gc          ] GC(253) Pause Young (Prepare Mixed) (G1 Evacuation Pause) 215M->86M(256M) 22.944ms
[173.504s][info][gc,cpu      ] GC(253) User=0.05s Sys=0.00s Real=0.02s
[174.386s][info][gc,start    ] GC(254) Pause Young (Mixed) (G1 Evacuation Pause)
[174.387s][info][gc,task     ] GC(254) Using 2 workers of 2 for evacuation
[174.414s][info][gc,phases   ] GC(254)   Pre Evacuate Collection Set: 0.23ms
[174.414s][info][gc,phases   ] GC(254)   Merge Heap Roots: 0.15ms
[174.414s][info][gc,phases   ] GC(254)   Evacuate Collection Set: 26.22ms
[174.414s][info][gc,phases   ] GC(254)   Post Evacuate Collection Set: 0.41ms
[174.414s][info][gc,phases   ] GC(254)   Other: 0.09ms
[174.414s][info][gc,heap     ] GC(254) Eden regions: 134->0(127)
[174.414s][info][gc,heap     ] GC(254) Survivor regions: 14->13(19)
[174.414s][info][gc,heap     ] GC(254) Old regions: 71->81
[174.414s][info][gc,heap     ] GC(254) Humongous regions: 2->2
[174.414s][info][gc,metaspace] GC(254) Metaspace: 41791K(42304K)->41791K(42304K) NonClass: 37456K(37760K)->37456K(37760K) Class: 4335K(4544K)->4335K(4544K)
[174.414s][info][gc          ] GC(254) Pause Young (Mixed) (G1 Evacuation Pause) 220M->95M(256M) 27.321ms
[174.414s][info][gc,cpu      ] GC(254) User=0.05s Sys=0.00s Real=0.02s
[174.847s][info][gc,start    ] GC(255) Pause Young (Concurrent Start) (G1 Humongous Allocation)
[174.847s][info][gc,task     ] GC(255) Using 2 workers of 2 for evacuation
[174.868s][info][gc,phases   ] GC(255)   Pre Evacuate Collection Set: 0.18ms
[174.868s][info][gc,phases   ] GC(255)   Merge Heap Roots: 0.07ms
[174.868s][info][gc,phases   ] GC(255)   Evacuate Collection Set: 19.70ms
[174.868s][info][gc,phases   ] GC(255)   Post Evacuate Collection Set: 0.37ms
[174.868s][info][gc,phases   ] GC(255)   Other: 0.10ms
[174.868s][info][gc,heap     ] GC(255) Eden regions: 76->0(117)
[174.868s][info][gc,heap     ] GC(255) Survivor regions: 13->10(18)
[174.868s][info][gc,heap     ] GC(255) Old regions: 81->94
[174.868s][info][gc,heap     ] GC(255) Humongous regions: 2->2
[174.868s][info][gc,metaspace] GC(255) Metaspace: 41797K(42304K)->41797K(42304K) NonClass: 37461K(37760K)->37461K(37760K) Class: 4335K(4544K)->4335K(4544K)
[174.868s][info][gc          ] GC(255) Pause Young (Concurrent Start) (G1 Humongous Allocation) 171M->105M(256M) 20.681ms
[174.868s][info][gc,cpu      ] GC(255) User=0.04s Sys=0.00s Real=0.02s
[174.868s][info][gc          ] GC(256) Concurrent Mark Cycle
[174.868s][info][gc,marking  ] GC(256) Concurrent Scan Root Regions
[174.887s][info][gc,marking  ] GC(256) Concurrent Scan Root Regions 19.117ms
[174.887s][info][gc,marking  ] GC(256) Concurrent Mark
[174.887s][info][gc,marking  ] GC(256) Concurrent Mark From Roots
[174.887s][info][gc,task     ] GC(256) Using 1 workers of 1 for marking
[174.969s][info][gc,marking  ] GC(256) Concurrent Mark From Roots 81.478ms
[174.969s][info][gc,marking  ] GC(256) Concurrent Preclean
[174.969s][info][gc,marking  ] GC(256) Concurrent Preclean 0.040ms
[174.970s][info][gc,start    ] GC(256) Pause Remark
[174.984s][info][gc          ] GC(256) Pause Remark 125M->107M(256M) 14.503ms
[174.984s][info][gc,cpu      ] GC(256) User=0.03s Sys=0.00s Real=0.01s
[174.984s][info][gc,marking  ] GC(256) Concurrent Mark 97.082ms
[174.984s][info][gc,marking  ] GC(256) Concurrent Rebuild Remembered Sets and Scrub Regions
[175.033s][info][gc,marking  ] GC(256) Concurrent Rebuild Remembered Sets and Scrub Regions 48.429ms
[175.035s][info][gc,start    ] GC(256) Pause Cleanup
[175.035s][info][gc          ] GC(256) Pause Cleanup 118M->118M(256M) 0.089ms
[175.035s][info][gc,cpu      ] GC(256) User=0.00s Sys=0.00s Real=0.00s
[175.035s][info][gc,marking  ] GC(256) Concurrent Clear Claimed Marks
[175.035s][info][gc,marking  ] GC(256) Concurrent Clear Claimed Marks 0.041ms
[175.035s][info][gc,marking  ] GC(256) Concurrent Cleanup for Next Mark
[175.036s][info][gc,marking  ] GC(256) Concurrent Cleanup for Next Mark 0.807ms
[175.036s][info][gc          ] GC(256) Concurrent Mark Cycle 167.986ms
[175.648s][info][gc,start    ] GC(257) Pause Young (Prepare Mixed) (G1 Evacuation Pause)
[175.648s][info][gc,task     ] GC(257) Using 2 workers of 2 for evacuation
[175.655s][info][gc,phases   ] GC(257)   Pre Evacuate Collection Set: 0.16ms
[175.655s][info][gc,phases   ] GC(257)   Merge Heap Roots: 0.07ms
[175.655s][info][gc,phases   ] GC(257)   Evacuate Collection Set: 5.73ms
[175.655s][info][gc,phases   ] GC(257)   Post Evacuate Collection Set: 0.40ms
[175.655s][info][gc,phases   ] GC(257)   Other: 0.08ms
[175.655s][info][gc,heap     ] GC(257) Eden regions: 117->0(136)
[175.655s][info][gc,heap     ] GC(257) Survivor regions: 10->2(16)
[175.655s][info][gc,heap     ] GC(257) Old regions: 77->84
[175.655s][info][gc,heap     ] GC(257) Humongous regions: 13->3
[175.655s][info][gc,metaspace] GC(257) Metaspace: 41803K(42304K)->41803K(42304K) NonClass: 37467K(37760K)->37467K(37760K) Class: 4335K(4544K)->4335K(4544K)
[175.655s][info][gc          ] GC(257) Pause Young (Prepare Mixed) (G1 Evacuation Pause) 216M->88M(256M) 6.629ms
[175.655s][info][gc,cpu      ] GC(257) User=0.02s Sys=0.00s Real=0.00s
[176.253s][info][gc,start    ] GC(258) Pause Young (Mixed) (G1 Evacuation Pause)
[176.253s][info][gc,task     ] GC(258) Using 2 workers of 2 for evacuation
[176.272s][info][gc,phases   ] GC(258)   Pre Evacuate Collection Set: 0.19ms
[176.272s][info][gc,phases   ] GC(258)   Merge Heap Roots: 0.11ms
[176.272s][info][gc,phases   ] GC(258)   Evacuate Collection Set: 17.46ms
[176.272s][info][gc,phases   ] GC(258)   Post Evacuate Collection Set: 0.53ms
[176.272s][info][gc,phases   ] GC(258)   Other: 0.08ms
[176.272s][info][gc,heap     ] GC(258) Eden regions: 136->0(140)
[176.272s][info][gc,heap     ] GC(258) Survivor regions: 2->13(18)
[176.272s][info][gc,heap     ] GC(258) Old regions: 84->58
[176.272s][info][gc,heap     ] GC(258) Humongous regions: 12->3
[176.272s][info][gc,metaspace] GC(258) Metaspace: 41806K(42304K)->41806K(42304K) NonClass: 37470K(37760K)->37470K(37760K) Class: 4335K(4544K)->4335K(4544K)
[176.272s][info][gc          ] GC(258) Pause Young (Mixed) (G1 Evacuation Pause) 233M->73M(256M) 18.617ms
[176.272s][info][gc,cpu      ] GC(258) User=0.04s Sys=0.00s Real=0.02s
[176.983s][info][gc,start    ] GC(259) Pause Young (Mixed) (G1 Evacuation Pause)
[176.983s][info][gc,task     ] GC(259) Using 2 workers of 2 for evacuation
[176.995s][info][gc,phases   ] GC(259)   Pre Evacuate Collection Set: 0.17ms
[176.995s][info][gc,phases   ] GC(259)   Merge Heap Roots: 0.11ms
[176.995s][info][gc,phases   ] GC(259)   Evacuate Collection Set: 11.11ms
[176.995s][info][gc,phases   ] GC(259)   Post Evacuate Collection Set: 0.45ms
[176.995s][info][gc,phases   ] GC(259)   Other: 0.08ms
[176.995s][info][gc,heap     ] GC(259) Eden regions: 140->0(144)
[176.995s][info][gc,heap     ] GC(259) Survivor regions: 13->9(20)
[176.995s][info][gc,heap     ] GC(259) Old regions: 58->57
[176.995s][info][gc,heap     ] GC(259) Humongous regions: 10->3
[176.995s][info][gc,metaspace] GC(259) Metaspace: 41807K(42304K)->41807K(42304K) NonClass: 37472K(37760K)->37472K(37760K) Class: 4335K(4544K)->4335K(4544K)
[176.995s][info][gc          ] GC(259) Pause Young (Mixed) (G1 Evacuation Pause) 220M->68M(256M) 12.120ms
[176.995s][info][gc,cpu      ] GC(259) User=0.03s Sys=0.00s Real=0.01s
[177.104s][info][gc,start    ] GC(260) Pause Young (Concurrent Start) (G1 Humongous Allocation)
[177.104s][info][gc,task     ] GC(260) Using 2 workers of 2 for evacuation
[177.109s][info][gc,phases   ] GC(260)   Pre Evacuate Collection Set: 0.17ms
[177.109s][info][gc,phases   ] GC(260)   Merge Heap Roots: 0.04ms
[177.109s][info][gc,phases   ] GC(260)   Evacuate Collection Set: 4.21ms
[177.109s][info][gc,phases   ] GC(260)   Post Evacuate Collection Set: 0.39ms
[177.109s][info][gc,phases   ] GC(260)   Other: 0.11ms
[177.109s][info][gc,heap     ] GC(260) Eden regions: 19->0(151)
[177.109s][info][gc,heap     ] GC(260) Survivor regions: 9->2(20)
[177.109s][info][gc,heap     ] GC(260) Old regions: 57->57
[177.109s][info][gc,heap     ] GC(260) Humongous regions: 3->1
[177.110s][info][gc,metaspace] GC(260) Metaspace: 41808K(42304K)->41808K(42304K) NonClass: 37473K(37760K)->37473K(37760K) Class: 4335K(4544K)->4335K(4544K)
[177.110s][info][gc          ] GC(260) Pause Young (Concurrent Start) (G1 Humongous Allocation) 87M->59M(256M) 5.112ms
[177.110s][info][gc          ] GC(261) Concurrent Mark Cycle
[177.110s][info][gc,marking  ] GC(261) Concurrent Scan Root Regions
[177.112s][info][gc,cpu      ] GC(260) User=0.01s Sys=0.00s Real=0.01s
[177.112s][info][gc,marking  ] GC(261) Concurrent Scan Root Regions 2.162ms
[177.112s][info][gc,marking  ] GC(261) Concurrent Mark
[177.112s][info][gc,marking  ] GC(261) Concurrent Mark From Roots
[177.112s][info][gc,task     ] GC(261) Using 1 workers of 1 for marking
[177.190s][info][gc,marking  ] GC(261) Concurrent Mark From Roots 78.360ms
[177.190s][info][gc,marking  ] GC(261) Concurrent Preclean
[177.190s][info][gc,marking  ] GC(261) Concurrent Preclean 0.046ms
[177.190s][info][gc,start    ] GC(261) Pause Remark
[177.206s][info][gc          ] GC(261) Pause Remark 72M->71M(256M) 15.495ms
[177.206s][info][gc,cpu      ] GC(261) User=0.03s Sys=0.00s Real=0.02s
[177.207s][info][gc,marking  ] GC(261) Concurrent Mark 95.190ms
[177.207s][info][gc,marking  ] GC(261) Concurrent Rebuild Remembered Sets and Scrub Regions
[177.225s][info][gc,marking  ] GC(261) Concurrent Rebuild Remembered Sets and Scrub Regions 17.924ms
[177.225s][info][gc,start    ] GC(261) Pause Cleanup
[177.225s][info][gc          ] GC(261) Pause Cleanup 73M->73M(256M) 0.077ms
[177.225s][info][gc,cpu      ] GC(261) User=0.00s Sys=0.00s Real=0.00s
[177.225s][info][gc,marking  ] GC(261) Concurrent Clear Claimed Marks
[177.225s][info][gc,marking  ] GC(261) Concurrent Clear Claimed Marks 0.045ms
[177.225s][info][gc,marking  ] GC(261) Concurrent Cleanup for Next Mark
[177.226s][info][gc,marking  ] GC(261) Concurrent Cleanup for Next Mark 0.817ms
[177.226s][info][gc          ] GC(261) Concurrent Mark Cycle 116.555ms
[177.855s][info][gc,start    ] GC(262) Pause Young (Prepare Mixed) (G1 Evacuation Pause)
[177.855s][info][gc,task     ] GC(262) Using 2 workers of 2 for evacuation
[177.889s][info][gc,phases   ] GC(262)   Pre Evacuate Collection Set: 0.76ms
[177.889s][info][gc,phases   ] GC(262)   Merge Heap Roots: 0.08ms
[177.889s][info][gc,phases   ] GC(262)   Evacuate Collection Set: 32.34ms
[177.889s][info][gc,phases   ] GC(262)   Post Evacuate Collection Set: 0.47ms
[177.889s][info][gc,phases   ] GC(262)   Other: 0.08ms
[177.889s][info][gc,heap     ] GC(262) Eden regions: 151->0(133)
[177.889s][info][gc,heap     ] GC(262) Survivor regions: 2->20(20)
[177.889s][info][gc,heap     ] GC(262) Old regions: 56->56
[177.889s][info][gc,heap     ] GC(262) Humongous regions: 5->3
[177.889s][info][gc,metaspace] GC(262) Metaspace: 41813K(42304K)->41813K(42304K) NonClass: 37477K(37760K)->37477K(37760K) Class: 4335K(4544K)->4335K(4544K)
[177.889s][info][gc          ] GC(262) Pause Young (Prepare Mixed) (G1 Evacuation Pause) 213M->79M(256M) 33.939ms
[177.889s][info][gc,cpu      ] GC(262) User=0.05s Sys=0.00s Real=0.03s
[178.495s][info][gc,start    ] GC(263) Pause Young (Mixed) (G1 Evacuation Pause)
[178.496s][info][gc,task     ] GC(263) Using 2 workers of 2 for evacuation
[178.517s][info][gc,phases   ] GC(263)   Pre Evacuate Collection Set: 0.17ms
[178.517s][info][gc,phases   ] GC(263)   Merge Heap Roots: 0.08ms
[178.517s][info][gc,phases   ] GC(263)   Evacuate Collection Set: 20.68ms
[178.517s][info][gc,phases   ] GC(263)   Post Evacuate Collection Set: 0.50ms
[178.517s][info][gc,phases   ] GC(263)   Other: 0.07ms
[178.517s][info][gc,heap     ] GC(263) Eden regions: 133->0(147)
[178.517s][info][gc,heap     ] GC(263) Survivor regions: 20->6(20)
[178.517s][info][gc,heap     ] GC(263) Old regions: 56->55
[178.517s][info][gc,heap     ] GC(263) Humongous regions: 15->3
[178.517s][info][gc,metaspace] GC(263) Metaspace: 41813K(42304K)->41813K(42304K) NonClass: 37478K(37760K)->37478K(37760K) Class: 4335K(4544K)->4335K(4544K)
[178.517s][info][gc          ] GC(263) Pause Young (Mixed) (G1 Evacuation Pause) 224M->64M(256M) 21.693ms
[178.517s][info][gc,cpu      ] GC(263) User=0.04s Sys=0.00s Real=0.02s
[178.548s][info][gc,start    ] GC(264) Pause Young (Concurrent Start) (G1 Humongous Allocation)
[178.548s][info][gc,task     ] GC(264) Using 2 workers of 2 for evacuation
[178.554s][info][gc,phases   ] GC(264)   Pre Evacuate Collection Set: 0.16ms
[178.554s][info][gc,phases   ] GC(264)   Merge Heap Roots: 0.09ms
[178.554s][info][gc,phases   ] GC(264)   Evacuate Collection Set: 6.16ms
[178.554s][info][gc,phases   ] GC(264)   Post Evacuate Collection Set: 0.29ms
[178.554s][info][gc,phases   ] GC(264)   Other: 0.09ms
[178.554s][info][gc,heap     ] GC(264) Eden regions: 7->0(147)
[178.555s][info][gc,heap     ] GC(264) Survivor regions: 6->6(20)
[178.555s][info][gc,heap     ] GC(264) Old regions: 55->55
[178.555s][info][gc,heap     ] GC(264) Humongous regions: 3->1
[178.555s][info][gc,metaspace] GC(264) Metaspace: 41813K(42304K)->41813K(42304K) NonClass: 37478K(37760K)->37478K(37760K) Class: 4335K(4544K)->4335K(4544K)
[178.555s][info][gc          ] GC(264) Pause Young (Concurrent Start) (G1 Humongous Allocation) 71M->61M(256M) 6.973ms
[178.555s][info][gc          ] GC(265) Concurrent Mark Cycle
[178.555s][info][gc,marking  ] GC(265) Concurrent Scan Root Regions
[178.555s][info][gc,cpu      ] GC(264) User=0.01s Sys=0.00s Real=0.00s
[178.568s][info][gc,marking  ] GC(265) Concurrent Scan Root Regions 13.645ms
[178.568s][info][gc,marking  ] GC(265) Concurrent Mark
[178.568s][info][gc,marking  ] GC(265) Concurrent Mark From Roots
[178.568s][info][gc,task     ] GC(265) Using 1 workers of 1 for marking
[178.657s][info][gc,marking  ] GC(265) Concurrent Mark From Roots 88.218ms
[178.657s][info][gc,marking  ] GC(265) Concurrent Preclean
[178.657s][info][gc,marking  ] GC(265) Concurrent Preclean 0.040ms
[178.657s][info][gc,start    ] GC(265) Pause Remark
[178.672s][info][gc          ] GC(265) Pause Remark 84M->84M(256M) 14.799ms
[178.672s][info][gc,cpu      ] GC(265) User=0.03s Sys=0.00s Real=0.01s
[178.675s][info][gc,marking  ] GC(265) Concurrent Mark 106.657ms
[178.675s][info][gc,marking  ] GC(265) Concurrent Rebuild Remembered Sets and Scrub Regions
[178.705s][info][gc,marking  ] GC(265) Concurrent Rebuild Remembered Sets and Scrub Regions 30.411ms
[178.706s][info][gc,start    ] GC(265) Pause Cleanup
[178.706s][info][gc          ] GC(265) Pause Cleanup 90M->90M(256M) 0.073ms
[178.706s][info][gc,cpu      ] GC(265) User=0.00s Sys=0.00s Real=0.00s
[178.706s][info][gc,marking  ] GC(265) Concurrent Clear Claimed Marks
[178.706s][info][gc,marking  ] GC(265) Concurrent Clear Claimed Marks 0.051ms
[178.706s][info][gc,marking  ] GC(265) Concurrent Cleanup for Next Mark
[178.707s][info][gc,marking  ] GC(265) Concurrent Cleanup for Next Mark 0.811ms
[178.707s][info][gc          ] GC(265) Concurrent Mark Cycle 152.059ms
[179.243s][info][gc,start    ] GC(266) Pause Young (Prepare Mixed) (G1 Evacuation Pause)
[179.243s][info][gc,task     ] GC(266) Using 2 workers of 2 for evacuation
[179.258s][info][gc,phases   ] GC(266)   Pre Evacuate Collection Set: 0.18ms
[179.258s][info][gc,phases   ] GC(266)   Merge Heap Roots: 0.11ms
[179.258s][info][gc,phases   ] GC(266)   Evacuate Collection Set: 14.44ms
[179.258s][info][gc,phases   ] GC(266)   Post Evacuate Collection Set: 0.46ms
[179.258s][info][gc,phases   ] GC(266)   Other: 0.08ms
[179.259s][info][gc,heap     ] GC(266) Eden regions: 147->0(141)
[179.259s][info][gc,heap     ] GC(266) Survivor regions: 6->12(20)
[179.259s][info][gc,heap     ] GC(266) Old regions: 55->55
[179.259s][info][gc,heap     ] GC(266) Humongous regions: 13->3
[179.259s][info][gc,metaspace] GC(266) Metaspace: 41813K(42304K)->41813K(42304K) NonClass: 37478K(37760K)->37478K(37760K) Class: 4335K(4544K)->4335K(4544K)
[179.259s][info][gc          ] GC(266) Pause Young (Prepare Mixed) (G1 Evacuation Pause) 220M->69M(256M) 15.469ms
[179.259s][info][gc,cpu      ] GC(266) User=0.03s Sys=0.00s Real=0.02s
[180.001s][info][gc,start    ] GC(267) Pause Young (Mixed) (G1 Evacuation Pause)
[180.001s][info][gc,task     ] GC(267) Using 2 workers of 2 for evacuation
[180.016s][info][gc,phases   ] GC(267)   Pre Evacuate Collection Set: 0.16ms
[180.016s][info][gc,phases   ] GC(267)   Merge Heap Roots: 0.17ms
[180.016s][info][gc,phases   ] GC(267)   Evacuate Collection Set: 14.78ms
[180.016s][info][gc,phases   ] GC(267)   Post Evacuate Collection Set: 0.55ms
[180.016s][info][gc,phases   ] GC(267)   Other: 0.08ms
[180.016s][info][gc,heap     ] GC(267) Eden regions: 141->0(149)
[180.016s][info][gc,heap     ] GC(267) Survivor regions: 12->4(20)
[180.017s][info][gc,heap     ] GC(267) Old regions: 55->57
[180.017s][info][gc,heap     ] GC(267) Humongous regions: 15->3
[180.017s][info][gc,metaspace] GC(267) Metaspace: 41813K(42304K)->41813K(42304K) NonClass: 37478K(37760K)->37478K(37760K) Class: 4335K(4544K)->4335K(4544K)
[180.017s][info][gc          ] GC(267) Pause Young (Mixed) (G1 Evacuation Pause) 222M->63M(256M) 15.940ms
[180.017s][info][gc,cpu      ] GC(267) User=0.03s Sys=0.00s Real=0.02s
[180.042s][info][gc,start    ] GC(268) Pause Young (Concurrent Start) (G1 Humongous Allocation)
[180.042s][info][gc,task     ] GC(268) Using 2 workers of 2 for evacuation
[180.046s][info][gc,phases   ] GC(268)   Pre Evacuate Collection Set: 0.16ms
[180.046s][info][gc,phases   ] GC(268)   Merge Heap Roots: 0.03ms
[180.046s][info][gc,phases   ] GC(268)   Evacuate Collection Set: 3.00ms
[180.046s][info][gc,phases   ] GC(268)   Post Evacuate Collection Set: 0.29ms
[180.046s][info][gc,phases   ] GC(268)   Other: 0.08ms
[180.046s][info][gc,heap     ] GC(268) Eden regions: 6->0(150)
[180.046s][info][gc,heap     ] GC(268) Survivor regions: 4->3(20)
[180.046s][info][gc,heap     ] GC(268) Old regions: 57->57
[180.046s][info][gc,heap     ] GC(268) Humongous regions: 3->1
[180.046s][info][gc,metaspace] GC(268) Metaspace: 41813K(42304K)->41813K(42304K) NonClass: 37478K(37760K)->37478K(37760K) Class: 4335K(4544K)->4335K(4544K)
[180.046s][info][gc          ] GC(268) Pause Young (Concurrent Start) (G1 Humongous Allocation) 69M->60M(256M) 3.751ms
[180.046s][info][gc          ] GC(269) Concurrent Mark Cycle
[180.046s][info][gc,cpu      ] GC(268) User=0.00s Sys=0.00s Real=0.01s
[180.046s][info][gc,marking  ] GC(269) Concurrent Scan Root Regions
[180.051s][info][gc,marking  ] GC(269) Concurrent Scan Root Regions 5.313ms
[180.051s][info][gc,marking  ] GC(269) Concurrent Mark
[180.051s][info][gc,marking  ] GC(269) Concurrent Mark From Roots
[180.051s][info][gc,task     ] GC(269) Using 1 workers of 1 for marking
[180.109s][info][gc,marking  ] GC(269) Concurrent Mark From Roots 57.417ms
[180.109s][info][gc,marking  ] GC(269) Concurrent Preclean
[180.109s][info][gc,marking  ] GC(269) Concurrent Preclean 0.035ms
[180.109s][info][gc,start    ] GC(269) Pause Remark
[180.124s][info][gc          ] GC(269) Pause Remark 78M->69M(256M) 14.547ms
[180.124s][info][gc,cpu      ] GC(269) User=0.03s Sys=0.00s Real=0.01s
[180.124s][info][gc,marking  ] GC(269) Concurrent Mark 72.438ms
[180.124s][info][gc,marking  ] GC(269) Concurrent Rebuild Remembered Sets and Scrub Regions
[180.145s][info][gc,marking  ] GC(269) Concurrent Rebuild Remembered Sets and Scrub Regions 21.121ms
[180.145s][info][gc,start    ] GC(269) Pause Cleanup
[180.145s][info][gc          ] GC(269) Pause Cleanup 74M->74M(256M) 0.052ms
[180.145s][info][gc,cpu      ] GC(269) User=0.00s Sys=0.00s Real=0.00s
[180.145s][info][gc,marking  ] GC(269) Concurrent Clear Claimed Marks
[180.145s][info][gc,marking  ] GC(269) Concurrent Clear Claimed Marks 0.041ms
[180.145s][info][gc,marking  ] GC(269) Concurrent Cleanup for Next Mark
[180.146s][info][gc,marking  ] GC(269) Concurrent Cleanup for Next Mark 0.936ms
[180.146s][info][gc          ] GC(269) Concurrent Mark Cycle 100.283ms
[180.689s][info][gc,start    ] GC(270) Pause Young (Prepare Mixed) (G1 Evacuation Pause)
[180.689s][info][gc,task     ] GC(270) Using 2 workers of 2 for evacuation
[180.713s][info][gc,phases   ] GC(270)   Pre Evacuate Collection Set: 0.17ms
[180.713s][info][gc,phases   ] GC(270)   Merge Heap Roots: 0.07ms
[180.713s][info][gc,phases   ] GC(270)   Evacuate Collection Set: 22.58ms
[180.713s][info][gc,phases   ] GC(270)   Post Evacuate Collection Set: 0.45ms
[180.713s][info][gc,phases   ] GC(270)   Other: 0.11ms
[180.713s][info][gc,heap     ] GC(270) Eden regions: 150->0(133)
[180.713s][info][gc,heap     ] GC(270) Survivor regions: 3->20(20)
[180.713s][info][gc,heap     ] GC(270) Old regions: 48->51
[180.713s][info][gc,heap     ] GC(270) Humongous regions: 3->3
[180.713s][info][gc,metaspace] GC(270) Metaspace: 41814K(42304K)->41814K(42304K) NonClass: 37479K(37760K)->37479K(37760K) Class: 4335K(4544K)->4335K(4544K)
[180.713s][info][gc          ] GC(270) Pause Young (Prepare Mixed) (G1 Evacuation Pause) 203M->73M(256M) 23.611ms
[180.713s][info][gc,cpu      ] GC(270) User=0.05s Sys=0.00s Real=0.02s
[181.444s][info][gc,start    ] GC(271) Pause Young (Mixed) (G1 Evacuation Pause)
[181.444s][info][gc,task     ] GC(271) Using 2 workers of 2 for evacuation
[181.470s][info][gc,phases   ] GC(271)   Pre Evacuate Collection Set: 0.18ms
[181.470s][info][gc,phases   ] GC(271)   Merge Heap Roots: 0.11ms
[181.470s][info][gc,phases   ] GC(271)   Evacuate Collection Set: 24.79ms
[181.470s][info][gc,phases   ] GC(271)   Post Evacuate Collection Set: 0.47ms
[181.470s][info][gc,phases   ] GC(271)   Other: 0.10ms
[181.470s][info][gc,heap     ] GC(271) Eden regions: 133->0(141)
[181.470s][info][gc,heap     ] GC(271) Survivor regions: 20->12(20)
[181.470s][info][gc,heap     ] GC(271) Old regions: 51->59
[181.470s][info][gc,heap     ] GC(271) Humongous regions: 3->3
[181.470s][info][gc,metaspace] GC(271) Metaspace: 41815K(42304K)->41815K(42304K) NonClass: 37479K(37760K)->37479K(37760K) Class: 4335K(4544K)->4335K(4544K)
[181.470s][info][gc          ] GC(271) Pause Young (Mixed) (G1 Evacuation Pause) 206M->73M(256M) 25.847ms
[181.470s][info][gc,cpu      ] GC(271) User=0.05s Sys=0.00s Real=0.03s
[181.538s][info][gc,start    ] GC(272) Pause Young (Concurrent Start) (G1 Humongous Allocation)
[181.539s][info][gc,task     ] GC(272) Using 2 workers of 2 for evacuation
[181.555s][info][gc,phases   ] GC(272)   Pre Evacuate Collection Set: 0.17ms
[181.555s][info][gc,phases   ] GC(272)   Merge Heap Roots: 0.13ms
[181.555s][info][gc,phases   ] GC(272)   Evacuate Collection Set: 15.93ms
[181.555s][info][gc,phases   ] GC(272)   Post Evacuate Collection Set: 0.38ms
[181.555s][info][gc,phases   ] GC(272)   Other: 0.08ms
[181.555s][info][gc,heap     ] GC(272) Eden regions: 15->0(139)
[181.555s][info][gc,heap     ] GC(272) Survivor regions: 12->4(20)
[181.555s][info][gc,heap     ] GC(272) Old regions: 59->70
[181.555s][info][gc,heap     ] GC(272) Humongous regions: 3->1
[181.555s][info][gc,metaspace] GC(272) Metaspace: 41815K(42304K)->41815K(42304K) NonClass: 37479K(37760K)->37479K(37760K) Class: 4335K(4544K)->4335K(4544K)
[181.555s][info][gc          ] GC(272) Pause Young (Concurrent Start) (G1 Humongous Allocation) 87M->74M(256M) 16.896ms
[181.555s][info][gc,cpu      ] GC(272) User=0.03s Sys=0.00s Real=0.02s
[181.555s][info][gc          ] GC(273) Concurrent Mark Cycle
[181.555s][info][gc,marking  ] GC(273) Concurrent Scan Root Regions
[181.571s][info][gc,marking  ] GC(273) Concurrent Scan Root Regions 15.747ms
[181.571s][info][gc,marking  ] GC(273) Concurrent Mark
[181.571s][info][gc,marking  ] GC(273) Concurrent Mark From Roots
[181.571s][info][gc,task     ] GC(273) Using 1 workers of 1 for marking
[181.644s][info][gc,marking  ] GC(273) Concurrent Mark From Roots 72.384ms
[181.644s][info][gc,marking  ] GC(273) Concurrent Preclean
[181.644s][info][gc,marking  ] GC(273) Concurrent Preclean 0.034ms
[181.644s][info][gc,start    ] GC(273) Pause Remark
[181.658s][info][gc          ] GC(273) Pause Remark 98M->98M(256M) 14.159ms
[181.658s][info][gc,cpu      ] GC(273) User=0.03s Sys=0.00s Real=0.02s
[181.658s][info][gc,marking  ] GC(273) Concurrent Mark 86.972ms
[181.658s][info][gc,marking  ] GC(273) Concurrent Rebuild Remembered Sets and Scrub Regions
[181.700s][info][gc,marking  ] GC(273) Concurrent Rebuild Remembered Sets and Scrub Regions 41.731ms
[181.700s][info][gc,start    ] GC(273) Pause Cleanup
[181.700s][info][gc          ] GC(273) Pause Cleanup 107M->107M(256M) 0.050ms
[181.700s][info][gc,cpu      ] GC(273) User=0.00s Sys=0.00s Real=0.00s
[181.700s][info][gc,marking  ] GC(273) Concurrent Clear Claimed Marks
[181.700s][info][gc,marking  ] GC(273) Concurrent Clear Claimed Marks 0.038ms
[181.700s][info][gc,marking  ] GC(273) Concurrent Cleanup for Next Mark
[181.701s][info][gc,marking  ] GC(273) Concurrent Cleanup for Next Mark 0.789ms
[181.701s][info][gc          ] GC(273) Concurrent Mark Cycle 145.674ms
[182.174s][info][gc,start    ] GC(274) Pause Young (Prepare Mixed) (G1 Evacuation Pause)
[182.174s][info][gc,task     ] GC(274) Using 2 workers of 2 for evacuation
[182.180s][info][gc,phases   ] GC(274)   Pre Evacuate Collection Set: 0.15ms
[182.180s][info][gc,phases   ] GC(274)   Merge Heap Roots: 0.09ms
[182.180s][info][gc,phases   ] GC(274)   Evacuate Collection Set: 4.82ms
[182.180s][info][gc,phases   ] GC(274)   Post Evacuate Collection Set: 0.40ms
[182.180s][info][gc,phases   ] GC(274)   Other: 0.07ms
[182.180s][info][gc,heap     ] GC(274) Eden regions: 139->0(147)
[182.180s][info][gc,heap     ] GC(274) Survivor regions: 4->4(18)
[182.180s][info][gc,heap     ] GC(274) Old regions: 70->70
[182.180s][info][gc,heap     ] GC(274) Humongous regions: 5->1
[182.180s][info][gc,metaspace] GC(274) Metaspace: 41815K(42304K)->41815K(42304K) NonClass: 37479K(37760K)->37479K(37760K) Class: 4335K(4544K)->4335K(4544K)
[182.180s][info][gc          ] GC(274) Pause Young (Prepare Mixed) (G1 Evacuation Pause) 217M->74M(256M) 5.705ms
[182.180s][info][gc,cpu      ] GC(274) User=0.01s Sys=0.00s Real=0.01s
[182.842s][info][gc,start    ] GC(275) Pause Young (Mixed) (G1 Evacuation Pause)
[182.842s][info][gc,task     ] GC(275) Using 2 workers of 2 for evacuation
[182.855s][info][gc,phases   ] GC(275)   Pre Evacuate Collection Set: 0.16ms
[182.855s][info][gc,phases   ] GC(275)   Merge Heap Roots: 0.09ms
[182.855s][info][gc,phases   ] GC(275)   Evacuate Collection Set: 11.73ms
[182.855s][info][gc,phases   ] GC(275)   Post Evacuate Collection Set: 0.44ms
[182.855s][info][gc,phases   ] GC(275)   Other: 0.07ms
[182.855s][info][gc,heap     ] GC(275) Eden regions: 147->0(144)
[182.855s][info][gc,heap     ] GC(275) Survivor regions: 4->9(19)
[182.855s][info][gc,heap     ] GC(275) Old regions: 70->65
[182.855s][info][gc,heap     ] GC(275) Humongous regions: 11->3
[182.855s][info][gc,metaspace] GC(275) Metaspace: 41815K(42304K)->41815K(42304K) NonClass: 37479K(37760K)->37479K(37760K) Class: 4335K(4544K)->4335K(4544K)
[182.855s][info][gc          ] GC(275) Pause Young (Mixed) (G1 Evacuation Pause) 231M->76M(256M) 12.707ms
[182.855s][info][gc,cpu      ] GC(275) User=0.02s Sys=0.00s Real=0.02s
[182.894s][info][gc,start    ] GC(276) Pause Young (Concurrent Start) (G1 Humongous Allocation)
[182.894s][info][gc,task     ] GC(276) Using 2 workers of 2 for evacuation
[182.900s][info][gc,phases   ] GC(276)   Pre Evacuate Collection Set: 0.14ms
[182.900s][info][gc,phases   ] GC(276)   Merge Heap Roots: 0.08ms
[182.900s][info][gc,phases   ] GC(276)   Evacuate Collection Set: 5.57ms
[182.900s][info][gc,phases   ] GC(276)   Post Evacuate Collection Set: 0.51ms
[182.900s][info][gc,phases   ] GC(276)   Other: 0.12ms
[182.900s][info][gc,heap     ] GC(276) Eden regions: 9->0(165)
[182.900s][info][gc,heap     ] GC(276) Survivor regions: 9->6(20)
[182.900s][info][gc,heap     ] GC(276) Old regions: 65->65
[182.900s][info][gc,heap     ] GC(276) Humongous regions: 3->1
[182.900s][info][gc,metaspace] GC(276) Metaspace: 41815K(42304K)->41815K(42304K) NonClass: 37479K(37760K)->37479K(37760K) Class: 4335K(4544K)->4335K(4544K)
[182.900s][info][gc          ] GC(276) Pause Young (Concurrent Start) (G1 Humongous Allocation) 85M->70M(285M) 6.573ms
[182.900s][info][gc,cpu      ] GC(276) User=0.01s Sys=0.00s Real=0.01s
[182.900s][info][gc          ] GC(277) Concurrent Mark Cycle
[182.900s][info][gc,marking  ] GC(277) Concurrent Scan Root Regions
[182.912s][info][gc,marking  ] GC(277) Concurrent Scan Root Regions 11.407ms
[182.912s][info][gc,marking  ] GC(277) Concurrent Mark
[182.912s][info][gc,marking  ] GC(277) Concurrent Mark From Roots
[182.912s][info][gc,task     ] GC(277) Using 1 workers of 1 for marking
[183.014s][info][gc,marking  ] GC(277) Concurrent Mark From Roots 102.541ms
[183.014s][info][gc,marking  ] GC(277) Concurrent Preclean
[183.014s][info][gc,marking  ] GC(277) Concurrent Preclean 0.035ms
[183.014s][info][gc,start    ] GC(277) Pause Remark
[183.028s][info][gc          ] GC(277) Pause Remark 100M->100M(256M) 13.819ms
[183.028s][info][gc,cpu      ] GC(277) User=0.02s Sys=0.00s Real=0.02s
[183.028s][info][gc,marking  ] GC(277) Concurrent Mark 116.667ms
[183.028s][info][gc,marking  ] GC(277) Concurrent Rebuild Remembered Sets and Scrub Regions
[183.063s][info][gc,marking  ] GC(277) Concurrent Rebuild Remembered Sets and Scrub Regions 35.050ms
[183.064s][info][gc,start    ] GC(277) Pause Cleanup
[183.064s][info][gc          ] GC(277) Pause Cleanup 107M->107M(256M) 0.046ms
[183.064s][info][gc,cpu      ] GC(277) User=0.00s Sys=0.00s Real=0.00s
[183.064s][info][gc,marking  ] GC(277) Concurrent Clear Claimed Marks
[183.064s][info][gc,marking  ] GC(277) Concurrent Clear Claimed Marks 0.038ms
[183.064s][info][gc,marking  ] GC(277) Concurrent Cleanup for Next Mark
[183.065s][info][gc,marking  ] GC(277) Concurrent Cleanup for Next Mark 1.005ms
[183.065s][info][gc          ] GC(277) Concurrent Mark Cycle 164.497ms
[183.584s][info][gc,start    ] GC(278) Pause Young (Prepare Mixed) (G1 Evacuation Pause)
[183.584s][info][gc,task     ] GC(278) Using 2 workers of 2 for evacuation
[183.597s][info][gc,phases   ] GC(278)   Pre Evacuate Collection Set: 0.17ms
[183.598s][info][gc,phases   ] GC(278)   Merge Heap Roots: 0.08ms
[183.598s][info][gc,phases   ] GC(278)   Evacuate Collection Set: 12.39ms
[183.598s][info][gc,phases   ] GC(278)   Post Evacuate Collection Set: 0.41ms
[183.598s][info][gc,phases   ] GC(278)   Other: 0.07ms
[183.598s][info][gc,heap     ] GC(278) Eden regions: 147->0(140)
[183.598s][info][gc,heap     ] GC(278) Survivor regions: 6->13(20)
[183.598s][info][gc,heap     ] GC(278) Old regions: 65->65
[183.598s][info][gc,heap     ] GC(278) Humongous regions: 5->3
[183.598s][info][gc,metaspace] GC(278) Metaspace: 41815K(42304K)->41815K(42304K) NonClass: 37479K(37760K)->37479K(37760K) Class: 4335K(4544K)->4335K(4544K)
[183.598s][info][gc          ] GC(278) Pause Young (Prepare Mixed) (G1 Evacuation Pause) 221M->79M(256M) 13.312ms
[183.598s][info][gc,cpu      ] GC(278) User=0.03s Sys=0.00s Real=0.02s
[184.222s][info][gc,start    ] GC(279) Pause Young (Mixed) (G1 Evacuation Pause)
[184.222s][info][gc,task     ] GC(279) Using 2 workers of 2 for evacuation
[184.244s][info][gc,phases   ] GC(279)   Pre Evacuate Collection Set: 0.18ms
[184.244s][info][gc,phases   ] GC(279)   Merge Heap Roots: 0.30ms
[184.244s][info][gc,phases   ] GC(279)   Evacuate Collection Set: 21.14ms
[184.244s][info][gc,phases   ] GC(279)   Post Evacuate Collection Set: 0.61ms
[184.244s][info][gc,phases   ] GC(279)   Other: 0.10ms
[184.244s][info][gc,heap     ] GC(279) Eden regions: 140->0(148)
[184.244s][info][gc,heap     ] GC(279) Survivor regions: 13->5(20)
[184.244s][info][gc,heap     ] GC(279) Old regions: 65->65
[184.244s][info][gc,heap     ] GC(279) Humongous regions: 11->3
[184.244s][info][gc,metaspace] GC(279) Metaspace: 41815K(42304K)->41815K(42304K) NonClass: 37479K(37760K)->37479K(37760K) Class: 4335K(4544K)->4335K(4544K)
[184.244s][info][gc          ] GC(279) Pause Young (Mixed) (G1 Evacuation Pause) 227M->71M(256M) 22.544ms
[184.244s][info][gc,cpu      ] GC(279) User=0.04s Sys=0.00s Real=0.02s
[184.761s][info][gc,start    ] GC(280) Pause Young (Concurrent Start) (G1 Humongous Allocation)
[184.761s][info][gc,task     ] GC(280) Using 2 workers of 2 for evacuation
[184.766s][info][gc,phases   ] GC(280)   Pre Evacuate Collection Set: 0.16ms
[184.766s][info][gc,phases   ] GC(280)   Merge Heap Roots: 0.05ms
[184.766s][info][gc,phases   ] GC(280)   Evacuate Collection Set: 3.82ms
[184.766s][info][gc,phases   ] GC(280)   Post Evacuate Collection Set: 0.34ms
[184.766s][info][gc,phases   ] GC(280)   Other: 0.08ms
[184.766s][info][gc,heap     ] GC(280) Eden regions: 99->0(149)
[184.766s][info][gc,heap     ] GC(280) Survivor regions: 5->4(20)
[184.766s][info][gc,heap     ] GC(280) Old regions: 65->65
[184.766s][info][gc,heap     ] GC(280) Humongous regions: 3->1
[184.766s][info][gc,metaspace] GC(280) Metaspace: 41815K(42304K)->41815K(42304K) NonClass: 37479K(37760K)->37479K(37760K) Class: 4335K(4544K)->4335K(4544K)
[184.766s][info][gc          ] GC(280) Pause Young (Concurrent Start) (G1 Humongous Allocation) 170M->68M(256M) 4.614ms
[184.766s][info][gc,cpu      ] GC(280) User=0.01s Sys=0.00s Real=0.01s
[184.766s][info][gc          ] GC(281) Concurrent Mark Cycle
[184.766s][info][gc,marking  ] GC(281) Concurrent Scan Root Regions
[184.770s][info][gc,marking  ] GC(281) Concurrent Scan Root Regions 4.528ms
[184.770s][info][gc,marking  ] GC(281) Concurrent Mark
[184.770s][info][gc,marking  ] GC(281) Concurrent Mark From Roots
[184.770s][info][gc,task     ] GC(281) Using 1 workers of 1 for marking
[184.839s][info][gc,marking  ] GC(281) Concurrent Mark From Roots 68.591ms
[184.839s][info][gc,marking  ] GC(281) Concurrent Preclean
[184.839s][info][gc,marking  ] GC(281) Concurrent Preclean 0.036ms
[184.839s][info][gc,start    ] GC(281) Pause Remark
[184.854s][info][gc          ] GC(281) Pause Remark 90M->81M(256M) 14.552ms
[184.854s][info][gc,cpu      ] GC(281) User=0.03s Sys=0.00s Real=0.01s
[184.854s][info][gc,marking  ] GC(281) Concurrent Mark 83.503ms
[184.854s][info][gc,marking  ] GC(281) Concurrent Rebuild Remembered Sets and Scrub Regions
[184.876s][info][gc,marking  ] GC(281) Concurrent Rebuild Remembered Sets and Scrub Regions 22.198ms
[184.876s][info][gc,start    ] GC(281) Pause Cleanup
[184.876s][info][gc          ] GC(281) Pause Cleanup 87M->87M(256M) 0.051ms
[184.876s][info][gc,cpu      ] GC(281) User=0.00s Sys=0.00s Real=0.00s
[184.876s][info][gc,marking  ] GC(281) Concurrent Clear Claimed Marks
[184.876s][info][gc,marking  ] GC(281) Concurrent Clear Claimed Marks 0.038ms
[184.876s][info][gc,marking  ] GC(281) Concurrent Cleanup for Next Mark
[184.877s][info][gc,marking  ] GC(281) Concurrent Cleanup for Next Mark 0.793ms
[184.877s][info][gc          ] GC(281) Concurrent Mark Cycle 111.438ms
[185.452s][info][gc,start    ] GC(282) Pause Young (Prepare Mixed) (G1 Evacuation Pause)
[185.452s][info][gc,task     ] GC(282) Using 2 workers of 2 for evacuation
[185.459s][info][gc,phases   ] GC(282)   Pre Evacuate Collection Set: 0.14ms
[185.459s][info][gc,phases   ] GC(282)   Merge Heap Roots: 0.09ms
[185.459s][info][gc,phases   ] GC(282)   Evacuate Collection Set: 6.42ms
[185.459s][info][gc,phases   ] GC(282)   Post Evacuate Collection Set: 0.43ms
[185.459s][info][gc,phases   ] GC(282)   Other: 0.07ms
[185.459s][info][gc,heap     ] GC(282) Eden regions: 149->0(146)
[185.459s][info][gc,heap     ] GC(282) Survivor regions: 4->7(20)
[185.459s][info][gc,heap     ] GC(282) Old regions: 55->55
[185.459s][info][gc,heap     ] GC(282) Humongous regions: 9->3
[185.459s][info][gc,metaspace] GC(282) Metaspace: 41816K(42304K)->41816K(42304K) NonClass: 37481K(37760K)->37481K(37760K) Class: 4335K(4544K)->4335K(4544K)
[185.459s][info][gc          ] GC(282) Pause Young (Prepare Mixed) (G1 Evacuation Pause) 216M->64M(256M) 7.338ms
[185.459s][info][gc,cpu      ] GC(282) User=0.01s Sys=0.00s Real=0.01s
[185.887s][info][gc,start    ] GC(283) Pause Young (Mixed) (G1 Evacuation Pause)
[185.887s][info][gc,task     ] GC(283) Using 2 workers of 2 for evacuation
[185.929s][info][gc,phases   ] GC(283)   Pre Evacuate Collection Set: 0.23ms
[185.929s][info][gc,phases   ] GC(283)   Merge Heap Roots: 0.10ms
[185.929s][info][gc,phases   ] GC(283)   Evacuate Collection Set: 41.50ms
[185.929s][info][gc,phases   ] GC(283)   Post Evacuate Collection Set: 0.54ms
[185.929s][info][gc,phases   ] GC(283)   Other: 0.07ms
[185.929s][info][gc,heap     ] GC(283) Eden regions: 146->0(126)
[185.929s][info][gc,heap     ] GC(283) Survivor regions: 7->20(20)
[185.929s][info][gc,heap     ] GC(283) Old regions: 55->67
[185.929s][info][gc,heap     ] GC(283) Humongous regions: 3->3
[185.929s][info][gc,metaspace] GC(283) Metaspace: 41816K(42304K)->41816K(42304K) NonClass: 37481K(37760K)->37481K(37760K) Class: 4335K(4544K)->4335K(4544K)
[185.929s][info][gc          ] GC(283) Pause Young (Mixed) (G1 Evacuation Pause) 210M->89M(256M) 42.639ms
[185.929s][info][gc,cpu      ] GC(283) User=0.09s Sys=0.00s Real=0.04s
[186.565s][info][gc,start    ] GC(284) Pause Young (Concurrent Start) (G1 Evacuation Pause)
[186.565s][info][gc,task     ] GC(284) Using 2 workers of 2 for evacuation
[186.631s][info][gc,phases   ] GC(284)   Pre Evacuate Collection Set: 0.19ms
[186.631s][info][gc,phases   ] GC(284)   Merge Heap Roots: 0.41ms
[186.631s][info][gc,phases   ] GC(284)   Evacuate Collection Set: 64.62ms
[186.631s][info][gc,phases   ] GC(284)   Post Evacuate Collection Set: 0.48ms
[186.631s][info][gc,phases   ] GC(284)   Other: 0.13ms
[186.631s][info][gc,heap     ] GC(284) Eden regions: 126->0(101)
[186.631s][info][gc,heap     ] GC(284) Survivor regions: 20->19(19)
[186.631s][info][gc,heap     ] GC(284) Old regions: 67->95
[186.631s][info][gc,heap     ] GC(284) Humongous regions: 3->3
[186.631s][info][gc,metaspace] GC(284) Metaspace: 41816K(42304K)->41816K(42304K) NonClass: 37481K(37760K)->37481K(37760K) Class: 4335K(4544K)->4335K(4544K)
[186.631s][info][gc          ] GC(284) Pause Young (Concurrent Start) (G1 Evacuation Pause) 215M->116M(263M) 66.038ms
[186.631s][info][gc,cpu      ] GC(284) User=0.12s Sys=0.00s Real=0.06s
[186.631s][info][gc          ] GC(285) Concurrent Mark Cycle
[186.634s][info][gc,marking  ] GC(285) Concurrent Scan Root Regions
[186.716s][info][gc,marking  ] GC(285) Concurrent Scan Root Regions 81.638ms
[186.716s][info][gc,marking  ] GC(285) Concurrent Mark
[186.716s][info][gc,marking  ] GC(285) Concurrent Mark From Roots
[186.716s][info][gc,task     ] GC(285) Using 1 workers of 1 for marking
[186.847s][info][gc,marking  ] GC(285) Concurrent Mark From Roots 131.347ms
[186.847s][info][gc,marking  ] GC(285) Concurrent Preclean
[186.847s][info][gc,marking  ] GC(285) Concurrent Preclean 0.037ms
[186.848s][info][gc,start    ] GC(285) Pause Remark
[186.862s][info][gc          ] GC(285) Pause Remark 148M->148M(263M) 13.874ms
[186.862s][info][gc,cpu      ] GC(285) User=0.03s Sys=0.00s Real=0.01s
[186.864s][info][gc,marking  ] GC(285) Concurrent Mark 148.575ms
[186.864s][info][gc,marking  ] GC(285) Concurrent Rebuild Remembered Sets and Scrub Regions
[186.963s][info][gc,marking  ] GC(285) Concurrent Rebuild Remembered Sets and Scrub Regions 98.458ms
[186.963s][info][gc,start    ] GC(285) Pause Cleanup
[186.963s][info][gc          ] GC(285) Pause Cleanup 166M->166M(263M) 0.049ms
[186.963s][info][gc,cpu      ] GC(285) User=0.00s Sys=0.00s Real=0.00s
[186.963s][info][gc,marking  ] GC(285) Concurrent Clear Claimed Marks
[186.963s][info][gc,marking  ] GC(285) Concurrent Clear Claimed Marks 0.038ms
[186.963s][info][gc,marking  ] GC(285) Concurrent Cleanup for Next Mark
[186.965s][info][gc,marking  ] GC(285) Concurrent Cleanup for Next Mark 1.362ms
[186.965s][info][gc          ] GC(285) Concurrent Mark Cycle 333.402ms
[187.262s][info][gc,start    ] GC(286) Pause Young (Prepare Mixed) (G1 Evacuation Pause)
[187.262s][info][gc,task     ] GC(286) Using 2 workers of 2 for evacuation
[187.322s][info][gc,phases   ] GC(286)   Pre Evacuate Collection Set: 0.19ms
[187.322s][info][gc,phases   ] GC(286)   Merge Heap Roots: 0.39ms
[187.322s][info][gc,phases   ] GC(286)   Evacuate Collection Set: 58.50ms
[187.322s][info][gc,phases   ] GC(286)   Post Evacuate Collection Set: 0.59ms
[187.322s][info][gc,phases   ] GC(286)   Other: 0.09ms
[187.322s][info][gc,heap     ] GC(286) Eden regions: 101->0(77)
[187.322s][info][gc,heap     ] GC(286) Survivor regions: 19->15(15)
[187.322s][info][gc,heap     ] GC(286) Old regions: 95->126
[187.322s][info][gc,heap     ] GC(286) Humongous regions: 3->3
[187.322s][info][gc,metaspace] GC(286) Metaspace: 41816K(42304K)->41816K(42304K) NonClass: 37481K(37760K)->37481K(37760K) Class: 4335K(4544K)->4335K(4544K)
[187.322s][info][gc          ] GC(286) Pause Young (Prepare Mixed) (G1 Evacuation Pause) 217M->143M(264M) 59.939ms
[187.322s][info][gc,cpu      ] GC(286) User=0.11s Sys=0.00s Real=0.06s
[187.740s][info][gc,start    ] GC(287) Pause Young (Mixed) (G1 Evacuation Pause)
[187.740s][info][gc,task     ] GC(287) Using 2 workers of 2 for evacuation
[187.814s][info][gc,phases   ] GC(287)   Pre Evacuate Collection Set: 0.29ms
[187.814s][info][gc,phases   ] GC(287)   Merge Heap Roots: 0.78ms
[187.814s][info][gc,phases   ] GC(287)   Evacuate Collection Set: 72.08ms
[187.814s][info][gc,phases   ] GC(287)   Post Evacuate Collection Set: 0.55ms
[187.814s][info][gc,phases   ] GC(287)   Other: 0.08ms
[187.814s][info][gc,heap     ] GC(287) Eden regions: 77->0(61)
[187.814s][info][gc,heap     ] GC(287) Survivor regions: 15->12(12)
[187.814s][info][gc,heap     ] GC(287) Old regions: 126->147
[187.814s][info][gc,heap     ] GC(287) Humongous regions: 5->3
[187.814s][info][gc,metaspace] GC(287) Metaspace: 41817K(42304K)->41817K(42304K) NonClass: 37482K(37760K)->37482K(37760K) Class: 4335K(4544K)->4335K(4544K)
[187.814s][info][gc          ] GC(287) Pause Young (Mixed) (G1 Evacuation Pause) 222M->162M(264M) 73.977ms
[187.814s][info][gc,cpu      ] GC(287) User=0.14s Sys=0.00s Real=0.07s
[188.100s][info][gc,start    ] GC(288) Pause Young (Concurrent Start) (G1 Evacuation Pause)
[188.100s][info][gc,task     ] GC(288) Using 2 workers of 2 for evacuation
[188.131s][info][gc,phases   ] GC(288)   Pre Evacuate Collection Set: 0.17ms
[188.131s][info][gc,phases   ] GC(288)   Merge Heap Roots: 0.17ms
[188.131s][info][gc,phases   ] GC(288)   Evacuate Collection Set: 29.95ms
[188.131s][info][gc,phases   ] GC(288)   Post Evacuate Collection Set: 0.32ms
[188.131s][info][gc,phases   ] GC(288)   Other: 0.13ms
[188.131s][info][gc,heap     ] GC(288) Eden regions: 61->0(60)
[188.131s][info][gc,heap     ] GC(288) Survivor regions: 12->8(10)
[188.131s][info][gc,heap     ] GC(288) Old regions: 147->158
[188.131s][info][gc,heap     ] GC(288) Humongous regions: 3->3
[188.131s][info][gc,metaspace] GC(288) Metaspace: 41817K(42304K)->41817K(42304K) NonClass: 37482K(37760K)->37482K(37760K) Class: 4335K(4544K)->4335K(4544K)
[188.131s][info][gc          ] GC(288) Pause Young (Concurrent Start) (G1 Evacuation Pause) 223M->169M(264M) 30.937ms
[188.131s][info][gc,cpu      ] GC(288) User=0.06s Sys=0.00s Real=0.03s
[188.132s][info][gc          ] GC(289) Concurrent Mark Cycle
[188.132s][info][gc,marking  ] GC(289) Concurrent Scan Root Regions
[188.160s][info][gc,marking  ] GC(289) Concurrent Scan Root Regions 28.277ms
[188.160s][info][gc,marking  ] GC(289) Concurrent Mark
[188.160s][info][gc,marking  ] GC(289) Concurrent Mark From Roots
[188.160s][info][gc,task     ] GC(289) Using 1 workers of 1 for marking
[188.441s][info][gc,marking  ] GC(289) Concurrent Mark From Roots 280.301ms
[188.441s][info][gc,marking  ] GC(289) Concurrent Preclean
[188.441s][info][gc,marking  ] GC(289) Concurrent Preclean 0.040ms
[188.441s][info][gc,start    ] GC(289) Pause Remark
[188.455s][info][gc          ] GC(289) Pause Remark 222M->222M(289M) 14.591ms
[188.455s][info][gc,cpu      ] GC(289) User=0.03s Sys=0.00s Real=0.02s
[188.456s][info][gc,marking  ] GC(289) Concurrent Mark 295.189ms
[188.456s][info][gc,marking  ] GC(289) Concurrent Rebuild Remembered Sets and Scrub Regions
[188.517s][info][gc,start    ] GC(290) Pause Young (Normal) (G1 Evacuation Pause)
[188.517s][info][gc,task     ] GC(290) Using 2 workers of 2 for evacuation
[188.541s][info][gc,phases   ] GC(290)   Pre Evacuate Collection Set: 0.14ms
[188.541s][info][gc,phases   ] GC(290)   Merge Heap Roots: 0.08ms
[188.541s][info][gc,phases   ] GC(290)   Evacuate Collection Set: 23.52ms
[188.541s][info][gc,phases   ] GC(290)   Post Evacuate Collection Set: 0.36ms
[188.541s][info][gc,phases   ] GC(290)   Other: 0.09ms
[188.541s][info][gc,heap     ] GC(290) Eden regions: 60->0(68)
[188.541s][info][gc,heap     ] GC(290) Survivor regions: 8->9(9)
[188.541s][info][gc,heap     ] GC(290) Old regions: 158->169
[188.541s][info][gc,heap     ] GC(290) Humongous regions: 7->3
[188.541s][info][gc,metaspace] GC(290) Metaspace: 41817K(42304K)->41817K(42304K) NonClass: 37482K(37760K)->37482K(37760K) Class: 4335K(4544K)->4335K(4544K)
[188.541s][info][gc          ] GC(290) Pause Young (Normal) (G1 Evacuation Pause) 233M->181M(289M) 24.389ms
[188.542s][info][gc,cpu      ] GC(290) User=0.04s Sys=0.01s Real=0.02s
[188.647s][info][gc,marking  ] GC(289) Concurrent Rebuild Remembered Sets and Scrub Regions 191.404ms
[188.647s][info][gc,start    ] GC(289) Pause Cleanup
[188.647s][info][gc          ] GC(289) Pause Cleanup 211M->211M(289M) 0.104ms
[188.647s][info][gc,cpu      ] GC(289) User=0.00s Sys=0.00s Real=0.00s
[188.650s][info][gc,marking  ] GC(289) Concurrent Clear Claimed Marks
[188.650s][info][gc,marking  ] GC(289) Concurrent Clear Claimed Marks 0.058ms
[188.650s][info][gc,marking  ] GC(289) Concurrent Cleanup for Next Mark
[188.652s][info][gc,marking  ] GC(289) Concurrent Cleanup for Next Mark 2.370ms
[188.652s][info][gc          ] GC(289) Concurrent Mark Cycle 520.172ms
[188.848s][info][gc,start    ] GC(291) Pause Young (Prepare Mixed) (G1 Evacuation Pause)
[188.848s][info][gc,task     ] GC(291) Using 2 workers of 2 for evacuation
[188.882s][info][gc,phases   ] GC(291)   Pre Evacuate Collection Set: 0.20ms
[188.882s][info][gc,phases   ] GC(291)   Merge Heap Roots: 0.17ms
[188.882s][info][gc,phases   ] GC(291)   Evacuate Collection Set: 32.59ms
[188.882s][info][gc,phases   ] GC(291)   Post Evacuate Collection Set: 0.57ms
[188.882s][info][gc,phases   ] GC(291)   Other: 0.09ms
[188.882s][info][gc,heap     ] GC(291) Eden regions: 68->0(65)
[188.882s][info][gc,heap     ] GC(291) Survivor regions: 9->9(10)
[188.882s][info][gc,heap     ] GC(291) Old regions: 169->177
[188.882s][info][gc,heap     ] GC(291) Humongous regions: 3->3
[188.882s][info][gc,metaspace] GC(291) Metaspace: 41817K(42304K)->41817K(42304K) NonClass: 37482K(37760K)->37482K(37760K) Class: 4335K(4544K)->4335K(4544K)
[188.882s][info][gc          ] GC(291) Pause Young (Prepare Mixed) (G1 Evacuation Pause) 248M->188M(289M) 33.829ms
[188.882s][info][gc,cpu      ] GC(291) User=0.07s Sys=0.00s Real=0.03s
[189.195s][info][gc,start    ] GC(292) Pause Young (Mixed) (G1 Evacuation Pause)
[189.195s][info][gc,task     ] GC(292) Using 2 workers of 2 for evacuation
[189.216s][info][gc,phases   ] GC(292)   Pre Evacuate Collection Set: 0.20ms
[189.216s][info][gc,phases   ] GC(292)   Merge Heap Roots: 0.34ms
[189.216s][info][gc,phases   ] GC(292)   Evacuate Collection Set: 19.69ms
[189.216s][info][gc,phases   ] GC(292)   Post Evacuate Collection Set: 1.47ms
[189.216s][info][gc,phases   ] GC(292)   Other: 0.12ms
[189.216s][info][gc,heap     ] GC(292) Eden regions: 65->0(204)
[189.216s][info][gc,heap     ] GC(292) Survivor regions: 9->3(10)
[189.216s][info][gc,heap     ] GC(292) Old regions: 177->159
[189.216s][info][gc,heap     ] GC(292) Humongous regions: 9->1
[189.216s][info][gc,metaspace] GC(292) Metaspace: 41818K(42304K)->41818K(42304K) NonClass: 37482K(37760K)->37482K(37760K) Class: 4335K(4544K)->4335K(4544K)
[189.217s][info][gc          ] GC(292) Pause Young (Mixed) (G1 Evacuation Pause) 259M->162M(427M) 22.003ms
[189.217s][info][gc,cpu      ] GC(292) User=0.04s Sys=0.00s Real=0.03s
[190.012s][info][gc,start    ] GC(293) Pause Young (Mixed) (G1 Evacuation Pause)
[190.012s][info][gc,task     ] GC(293) Using 2 workers of 2 for evacuation
[190.048s][info][gc,phases   ] GC(293)   Pre Evacuate Collection Set: 0.24ms
[190.048s][info][gc,phases   ] GC(293)   Merge Heap Roots: 0.43ms
[190.048s][info][gc,phases   ] GC(293)   Evacuate Collection Set: 35.09ms
[190.048s][info][gc,phases   ] GC(293)   Post Evacuate Collection Set: 0.69ms
[190.048s][info][gc,phases   ] GC(293)   Other: 0.08ms
[190.048s][info][gc,heap     ] GC(293) Eden regions: 204->0(219)
[190.048s][info][gc,heap     ] GC(293) Survivor regions: 3->17(26)
[190.048s][info][gc,heap     ] GC(293) Old regions: 159->126
[190.048s][info][gc,heap     ] GC(293) Humongous regions: 5->3
[190.048s][info][gc,metaspace] GC(293) Metaspace: 41824K(42304K)->41824K(42304K) NonClass: 37489K(37760K)->37489K(37760K) Class: 4335K(4544K)->4335K(4544K)
[190.048s][info][gc          ] GC(293) Pause Young (Mixed) (G1 Evacuation Pause) 370M->145M(427M) 36.725ms
[190.048s][info][gc,cpu      ] GC(293) User=0.07s Sys=0.00s Real=0.04s
[190.802s][info][gc,start    ] GC(294) Pause Young (Mixed) (G1 Evacuation Pause)
[190.802s][info][gc,task     ] GC(294) Using 2 workers of 2 for evacuation
[190.849s][info][gc,phases   ] GC(294)   Pre Evacuate Collection Set: 0.22ms
[190.849s][info][gc,phases   ] GC(294)   Merge Heap Roots: 0.75ms
[190.849s][info][gc,phases   ] GC(294)   Evacuate Collection Set: 44.88ms
[190.849s][info][gc,phases   ] GC(294)   Post Evacuate Collection Set: 0.70ms
[190.849s][info][gc,phases   ] GC(294)   Other: 0.08ms
[190.849s][info][gc,heap     ] GC(294) Eden regions: 219->0(232)
[190.849s][info][gc,heap     ] GC(294) Survivor regions: 17->16(30)
[190.849s][info][gc,heap     ] GC(294) Old regions: 126->118
[190.849s][info][gc,heap     ] GC(294) Humongous regions: 5->4
[190.849s][info][gc,metaspace] GC(294) Metaspace: 41824K(42304K)->41824K(42304K) NonClass: 37489K(37760K)->37489K(37760K) Class: 4335K(4544K)->4335K(4544K)
[190.849s][info][gc          ] GC(294) Pause Young (Mixed) (G1 Evacuation Pause) 366M->137M(427M) 46.829ms
[190.849s][info][gc,cpu      ] GC(294) User=0.09s Sys=0.00s Real=0.05s
[191.688s][info][gc,start    ] GC(295) Pause Young (Normal) (G1 Evacuation Pause)
[191.688s][info][gc,task     ] GC(295) Using 2 workers of 2 for evacuation
[191.712s][info][gc,phases   ] GC(295)   Pre Evacuate Collection Set: 0.29ms
[191.712s][info][gc,phases   ] GC(295)   Merge Heap Roots: 0.10ms
[191.712s][info][gc,phases   ] GC(295)   Evacuate Collection Set: 22.84ms
[191.712s][info][gc,phases   ] GC(295)   Post Evacuate Collection Set: 0.54ms
[191.712s][info][gc,phases   ] GC(295)   Other: 0.07ms
[191.712s][info][gc,heap     ] GC(295) Eden regions: 232->0(206)
[191.712s][info][gc,heap     ] GC(295) Survivor regions: 16->31(31)
[191.712s][info][gc,heap     ] GC(295) Old regions: 118->122
[191.712s][info][gc,heap     ] GC(295) Humongous regions: 4->3
[191.712s][info][gc,metaspace] GC(295) Metaspace: 41830K(42304K)->41830K(42304K) NonClass: 37495K(37760K)->37495K(37760K) Class: 4335K(4544K)->4335K(4544K)
[191.712s][info][gc          ] GC(295) Pause Young (Normal) (G1 Evacuation Pause) 369M->155M(427M) 24.080ms
[191.712s][info][gc,cpu      ] GC(295) User=0.05s Sys=0.00s Real=0.02s
[191.805s][info][gc,start    ] GC(296) Pause Young (Concurrent Start) (G1 Humongous Allocation)
[191.805s][info][gc,task     ] GC(296) Using 2 workers of 2 for evacuation
[191.832s][info][gc,phases   ] GC(296)   Pre Evacuate Collection Set: 0.25ms
[191.832s][info][gc,phases   ] GC(296)   Merge Heap Roots: 0.06ms
[191.832s][info][gc,phases   ] GC(296)   Evacuate Collection Set: 26.00ms
[191.832s][info][gc,phases   ] GC(296)   Post Evacuate Collection Set: 0.34ms
[191.832s][info][gc,phases   ] GC(296)   Other: 0.14ms
[191.832s][info][gc,heap     ] GC(296) Eden regions: 26->0(134)
[191.832s][info][gc,heap     ] GC(296) Survivor regions: 31->15(30)
[191.832s][info][gc,heap     ] GC(296) Old regions: 122->150
[191.832s][info][gc,heap     ] GC(296) Humongous regions: 3->3
[191.832s][info][gc,metaspace] GC(296) Metaspace: 41830K(42304K)->41830K(42304K) NonClass: 37495K(37760K)->37495K(37760K) Class: 4335K(4544K)->4335K(4544K)
[191.832s][info][gc          ] GC(296) Pause Young (Concurrent Start) (G1 Humongous Allocation) 181M->168M(427M) 26.999ms
[191.832s][info][gc,cpu      ] GC(296) User=0.06s Sys=0.00s Real=0.03s
[191.832s][info][gc          ] GC(297) Concurrent Mark Cycle
[191.832s][info][gc,marking  ] GC(297) Concurrent Scan Root Regions
[191.851s][info][gc,marking  ] GC(297) Concurrent Scan Root Regions 19.291ms
[191.851s][info][gc,marking  ] GC(297) Concurrent Mark
[191.851s][info][gc,marking  ] GC(297) Concurrent Mark From Roots
[191.851s][info][gc,task     ] GC(297) Using 1 workers of 1 for marking
[191.921s][info][gc,marking  ] GC(297) Concurrent Mark From Roots 69.419ms
[191.921s][info][gc,marking  ] GC(297) Concurrent Preclean
[191.921s][info][gc,marking  ] GC(297) Concurrent Preclean 0.039ms
[191.921s][info][gc,start    ] GC(297) Pause Remark
[191.935s][info][gc          ] GC(297) Pause Remark 187M->169M(427M) 14.324ms
[191.935s][info][gc,cpu      ] GC(297) User=0.03s Sys=0.00s Real=0.02s
[191.935s][info][gc,marking  ] GC(297) Concurrent Mark 84.070ms
[191.935s][info][gc,marking  ] GC(297) Concurrent Rebuild Remembered Sets and Scrub Regions
[191.980s][info][gc,marking  ] GC(297) Concurrent Rebuild Remembered Sets and Scrub Regions 44.416ms
[191.980s][info][gc,start    ] GC(297) Pause Cleanup
[191.980s][info][gc          ] GC(297) Pause Cleanup 176M->176M(427M) 0.066ms
[191.980s][info][gc,cpu      ] GC(297) User=0.00s Sys=0.00s Real=0.00s
[191.980s][info][gc,marking  ] GC(297) Concurrent Clear Claimed Marks
[191.980s][info][gc,marking  ] GC(297) Concurrent Clear Claimed Marks 0.039ms
[191.980s][info][gc,marking  ] GC(297) Concurrent Cleanup for Next Mark
[191.983s][info][gc,marking  ] GC(297) Concurrent Cleanup for Next Mark 2.931ms
[191.983s][info][gc          ] GC(297) Concurrent Mark Cycle 151.226ms
[192.362s][info][gc,start    ] GC(298) Pause Young (Prepare Mixed) (G1 Evacuation Pause)
[192.362s][info][gc,task     ] GC(298) Using 2 workers of 2 for evacuation
[192.399s][info][gc,phases   ] GC(298)   Pre Evacuate Collection Set: 0.21ms
[192.399s][info][gc,phases   ] GC(298)   Merge Heap Roots: 0.19ms
[192.399s][info][gc,phases   ] GC(298)   Evacuate Collection Set: 35.64ms
[192.399s][info][gc,phases   ] GC(298)   Post Evacuate Collection Set: 0.43ms
[192.399s][info][gc,phases   ] GC(298)   Other: 0.08ms
[192.399s][info][gc,heap     ] GC(298) Eden regions: 134->0(123)
[192.399s][info][gc,heap     ] GC(298) Survivor regions: 15->19(19)
[192.399s][info][gc,heap     ] GC(298) Old regions: 132->168
[192.399s][info][gc,heap     ] GC(298) Humongous regions: 4->4
[192.399s][info][gc,metaspace] GC(298) Metaspace: 41831K(42304K)->41831K(42304K) NonClass: 37495K(37760K)->37495K(37760K) Class: 4335K(4544K)->4335K(4544K)
[192.399s][info][gc          ] GC(298) Pause Young (Prepare Mixed) (G1 Evacuation Pause) 285M->190M(427M) 36.783ms
[192.399s][info][gc,cpu      ] GC(298) User=0.07s Sys=0.00s Real=0.04s
[192.847s][info][gc,start    ] GC(299) Pause Young (Mixed) (G1 Evacuation Pause)
[192.847s][info][gc,task     ] GC(299) Using 2 workers of 2 for evacuation
[192.902s][info][gc,phases   ] GC(299)   Pre Evacuate Collection Set: 0.22ms
[192.902s][info][gc,phases   ] GC(299)   Merge Heap Roots: 0.19ms
[192.902s][info][gc,phases   ] GC(299)   Evacuate Collection Set: 54.32ms
[192.902s][info][gc,phases   ] GC(299)   Post Evacuate Collection Set: 0.49ms
[192.902s][info][gc,phases   ] GC(299)   Other: 0.08ms
[192.902s][info][gc,heap     ] GC(299) Eden regions: 123->0(101)
[192.902s][info][gc,heap     ] GC(299) Survivor regions: 19->18(18)
[192.902s][info][gc,heap     ] GC(299) Old regions: 168->190
[192.902s][info][gc,heap     ] GC(299) Humongous regions: 5->5
[192.902s][info][gc,metaspace] GC(299) Metaspace: 41831K(42304K)->41831K(42304K) NonClass: 37495K(37760K)->37495K(37760K) Class: 4335K(4544K)->4335K(4544K)
[192.902s][info][gc          ] GC(299) Pause Young (Mixed) (G1 Evacuation Pause) 314M->212M(427M) 55.587ms
[192.902s][info][gc,cpu      ] GC(299) User=0.11s Sys=0.00s Real=0.05s
[193.313s][info][gc,start    ] GC(300) Pause Young (Concurrent Start) (G1 Evacuation Pause)
[193.313s][info][gc,task     ] GC(300) Using 2 workers of 2 for evacuation
[193.376s][info][gc,phases   ] GC(300)   Pre Evacuate Collection Set: 0.24ms
[193.376s][info][gc,phases   ] GC(300)   Merge Heap Roots: 0.27ms
[193.376s][info][gc,phases   ] GC(300)   Evacuate Collection Set: 61.79ms
[193.376s][info][gc,phases   ] GC(300)   Post Evacuate Collection Set: 0.48ms
[193.376s][info][gc,phases   ] GC(300)   Other: 0.09ms
[193.376s][info][gc,heap     ] GC(300) Eden regions: 101->0(63)
[193.376s][info][gc,heap     ] GC(300) Survivor regions: 18->15(15)
[193.376s][info][gc,heap     ] GC(300) Old regions: 190->255
[193.376s][info][gc,heap     ] GC(300) Humongous regions: 5->5
[193.376s][info][gc,metaspace] GC(300) Metaspace: 41831K(42304K)->41831K(42304K) NonClass: 37495K(37760K)->37495K(37760K) Class: 4335K(4544K)->4335K(4544K)
[193.376s][info][gc          ] GC(300) Pause Young (Concurrent Start) (G1 Evacuation Pause) 313M->275M(427M) 63.115ms
[193.376s][info][gc,cpu      ] GC(300) User=0.12s Sys=0.00s Real=0.07s
[193.376s][info][gc          ] GC(301) Concurrent Mark Cycle
[193.376s][info][gc,marking  ] GC(301) Concurrent Scan Root Regions
[193.412s][info][gc,marking  ] GC(301) Concurrent Scan Root Regions 35.891ms
[193.412s][info][gc,marking  ] GC(301) Concurrent Mark
[193.412s][info][gc,marking  ] GC(301) Concurrent Mark From Roots
[193.412s][info][gc,task     ] GC(301) Using 1 workers of 1 for marking
[193.547s][info][gc,marking  ] GC(301) Concurrent Mark From Roots 135.116ms
[193.547s][info][gc,marking  ] GC(301) Concurrent Preclean
[193.547s][info][gc,marking  ] GC(301) Concurrent Preclean 0.040ms
[193.548s][info][gc,start    ] GC(301) Pause Remark
[193.562s][info][gc          ] GC(301) Pause Remark 316M->313M(455M) 14.912ms
[193.563s][info][gc,cpu      ] GC(301) User=0.03s Sys=0.00s Real=0.01s
[193.563s][info][gc,marking  ] GC(301) Concurrent Mark 150.371ms
[193.563s][info][gc,marking  ] GC(301) Concurrent Rebuild Remembered Sets and Scrub Regions
[193.686s][info][gc,marking  ] GC(301) Concurrent Rebuild Remembered Sets and Scrub Regions 123.592ms
[193.686s][info][gc,start    ] GC(301) Pause Cleanup
[193.687s][info][gc          ] GC(301) Pause Cleanup 335M->335M(455M) 0.103ms
[193.687s][info][gc,cpu      ] GC(301) User=0.00s Sys=0.00s Real=0.00s
[193.687s][info][gc,marking  ] GC(301) Concurrent Clear Claimed Marks
[193.687s][info][gc,marking  ] GC(301) Concurrent Clear Claimed Marks 0.042ms
[193.687s][info][gc,marking  ] GC(301) Concurrent Cleanup for Next Mark
[193.688s][info][gc,marking  ] GC(301) Concurrent Cleanup for Next Mark 1.708ms
[193.688s][info][gc          ] GC(301) Concurrent Mark Cycle 312.119ms
[193.693s][info][gc,start    ] GC(302) Pause Young (Prepare Mixed) (G1 Evacuation Pause)
[193.693s][info][gc,task     ] GC(302) Using 2 workers of 2 for evacuation
[193.738s][info][gc,phases   ] GC(302)   Pre Evacuate Collection Set: 0.21ms
[193.738s][info][gc,phases   ] GC(302)   Merge Heap Roots: 0.43ms
[193.738s][info][gc,phases   ] GC(302)   Evacuate Collection Set: 43.59ms
[193.738s][info][gc,phases   ] GC(302)   Post Evacuate Collection Set: 0.51ms
[193.738s][info][gc,phases   ] GC(302)   Other: 0.07ms
[193.738s][info][gc,heap     ] GC(302) Eden regions: 63->0(61)
[193.738s][info][gc,heap     ] GC(302) Survivor regions: 15->10(10)
[193.738s][info][gc,heap     ] GC(302) Old regions: 253->293
[193.738s][info][gc,heap     ] GC(302) Humongous regions: 5->5
[193.738s][info][gc,metaspace] GC(302) Metaspace: 41831K(42304K)->41831K(42304K) NonClass: 37495K(37760K)->37495K(37760K) Class: 4335K(4544K)->4335K(4544K)
[193.738s][info][gc          ] GC(302) Pause Young (Prepare Mixed) (G1 Evacuation Pause) 336M->308M(455M) 45.020ms
[193.738s][info][gc,cpu      ] GC(302) User=0.08s Sys=0.01s Real=0.05s
[193.967s][info][gc,start    ] GC(303) Pause Young (Mixed) (G1 Evacuation Pause)
[193.967s][info][gc,task     ] GC(303) Using 2 workers of 2 for evacuation
[194.022s][info][gc,phases   ] GC(303)   Pre Evacuate Collection Set: 0.28ms
[194.022s][info][gc,phases   ] GC(303)   Merge Heap Roots: 0.44ms
[194.022s][info][gc,phases   ] GC(303)   Evacuate Collection Set: 54.12ms
[194.022s][info][gc,phases   ] GC(303)   Post Evacuate Collection Set: 0.64ms
[194.022s][info][gc,phases   ] GC(303)   Other: 0.08ms
[194.022s][info][gc,heap     ] GC(303) Eden regions: 61->0(55)
[194.022s][info][gc,heap     ] GC(303) Survivor regions: 10->9(9)
[194.022s][info][gc,heap     ] GC(303) Old regions: 293->298
[194.022s][info][gc,heap     ] GC(303) Humongous regions: 5->5
[194.022s][info][gc,metaspace] GC(303) Metaspace: 41831K(42304K)->41831K(42304K) NonClass: 37495K(37760K)->37495K(37760K) Class: 4335K(4544K)->4335K(4544K)
[194.023s][info][gc          ] GC(303) Pause Young (Mixed) (G1 Evacuation Pause) 369M->311M(455M) 55.781ms
[194.023s][info][gc,cpu      ] GC(303) User=0.11s Sys=0.00s Real=0.05s
[194.249s][info][gc,start    ] GC(304) Pause Young (Mixed) (G1 Evacuation Pause)
[194.249s][info][gc,task     ] GC(304) Using 2 workers of 2 for evacuation
[194.335s][info][gc,phases   ] GC(304)   Pre Evacuate Collection Set: 0.22ms
[194.335s][info][gc,phases   ] GC(304)   Merge Heap Roots: 1.58ms
[194.335s][info][gc,phases   ] GC(304)   Evacuate Collection Set: 81.37ms
[194.335s][info][gc,phases   ] GC(304)   Post Evacuate Collection Set: 2.09ms
[194.335s][info][gc,phases   ] GC(304)   Other: 0.07ms
[194.335s][info][gc,heap     ] GC(304) Eden regions: 55->0(139)
[194.335s][info][gc,heap     ] GC(304) Survivor regions: 9->8(8)
[194.335s][info][gc,heap     ] GC(304) Old regions: 298->303
[194.335s][info][gc,heap     ] GC(304) Humongous regions: 6->6
[194.335s][info][gc,metaspace] GC(304) Metaspace: 41831K(42304K)->41831K(42304K) NonClass: 37495K(37760K)->37495K(37760K) Class: 4335K(4544K)->4335K(4544K)
[194.335s][info][gc          ] GC(304) Pause Young (Mixed) (G1 Evacuation Pause) 367M->316M(647M) 85.555ms
[194.335s][info][gc,cpu      ] GC(304) User=0.17s Sys=0.01s Real=0.08s
[194.984s][info][gc,start    ] GC(305) Pause Young (Normal) (G1 Evacuation Pause)
[194.984s][info][gc,task     ] GC(305) Using 2 workers of 2 for evacuation
[195.039s][info][gc,phases   ] GC(305)   Pre Evacuate Collection Set: 0.27ms
[195.039s][info][gc,phases   ] GC(305)   Merge Heap Roots: 0.30ms
[195.039s][info][gc,phases   ] GC(305)   Evacuate Collection Set: 53.68ms
[195.039s][info][gc,phases   ] GC(305)   Post Evacuate Collection Set: 0.56ms
[195.039s][info][gc,phases   ] GC(305)   Other: 0.10ms
[195.039s][info][gc,heap     ] GC(305) Eden regions: 139->0(125)
[195.039s][info][gc,heap     ] GC(305) Survivor regions: 8->19(19)
[195.039s][info][gc,heap     ] GC(305) Old regions: 303->338
[195.039s][info][gc,heap     ] GC(305) Humongous regions: 7->6
[195.039s][info][gc,metaspace] GC(305) Metaspace: 41831K(42304K)->41831K(42304K) NonClass: 37495K(37760K)->37495K(37760K) Class: 4335K(4544K)->4335K(4544K)
[195.039s][info][gc          ] GC(305) Pause Young (Normal) (G1 Evacuation Pause) 456M->363M(647M) 55.149ms
[195.039s][info][gc,cpu      ] GC(305) User=0.10s Sys=0.01s Real=0.06s
[195.498s][info][gc,start    ] GC(306) Pause Young (Normal) (G1 Evacuation Pause)
[195.498s][info][gc,task     ] GC(306) Using 2 workers of 2 for evacuation
[195.525s][info][gc,phases   ] GC(306)   Pre Evacuate Collection Set: 0.23ms
[195.525s][info][gc,phases   ] GC(306)   Merge Heap Roots: 0.33ms
[195.525s][info][gc,phases   ] GC(306)   Evacuate Collection Set: 26.78ms
[195.525s][info][gc,phases   ] GC(306)   Post Evacuate Collection Set: 0.42ms
[195.525s][info][gc,phases   ] GC(306)   Other: 0.07ms
[195.525s][info][gc,heap     ] GC(306) Eden regions: 125->0(133)
[195.526s][info][gc,heap     ] GC(306) Survivor regions: 19->12(18)
[195.526s][info][gc,heap     ] GC(306) Old regions: 338->354
[195.526s][info][gc,heap     ] GC(306) Humongous regions: 6->6
[195.526s][info][gc,metaspace] GC(306) Metaspace: 41832K(42304K)->41832K(42304K) NonClass: 37497K(37760K)->37497K(37760K) Class: 4335K(4544K)->4335K(4544K)
[195.526s][info][gc          ] GC(306) Pause Young (Normal) (G1 Evacuation Pause) 488M->371M(647M) 28.061ms
[195.526s][info][gc,cpu      ] GC(306) User=0.05s Sys=0.00s Real=0.03s
[195.899s][info][gc,start    ] GC(307) Pause Young (Concurrent Start) (G1 Humongous Allocation)
[195.899s][info][gc,task     ] GC(307) Using 2 workers of 2 for evacuation
[195.925s][info][gc,phases   ] GC(307)   Pre Evacuate Collection Set: 0.28ms
[195.925s][info][gc,phases   ] GC(307)   Merge Heap Roots: 0.11ms
[195.925s][info][gc,phases   ] GC(307)   Evacuate Collection Set: 24.31ms
[195.925s][info][gc,phases   ] GC(307)   Post Evacuate Collection Set: 0.44ms
[195.925s][info][gc,phases   ] GC(307)   Other: 0.10ms
[195.925s][info][gc,heap     ] GC(307) Eden regions: 99->0(125)
[195.925s][info][gc,heap     ] GC(307) Survivor regions: 12->19(19)
[195.925s][info][gc,heap     ] GC(307) Old regions: 354->371
[195.925s][info][gc,heap     ] GC(307) Humongous regions: 6->6
[195.925s][info][gc,metaspace] GC(307) Metaspace: 41833K(42304K)->41833K(42304K) NonClass: 37498K(37760K)->37498K(37760K) Class: 4335K(4544K)->4335K(4544K)
[195.925s][info][gc          ] GC(307) Pause Young (Concurrent Start) (G1 Humongous Allocation) 469M->396M(647M) 25.449ms
[195.925s][info][gc,cpu      ] GC(307) User=0.05s Sys=0.00s Real=0.02s
[195.925s][info][gc          ] GC(308) Concurrent Mark Cycle
[195.925s][info][gc,marking  ] GC(308) Concurrent Scan Root Regions
[195.942s][info][gc,marking  ] GC(308) Concurrent Scan Root Regions 16.999ms
[195.942s][info][gc,marking  ] GC(308) Concurrent Mark
[195.942s][info][gc,marking  ] GC(308) Concurrent Mark From Roots
[195.942s][info][gc,task     ] GC(308) Using 1 workers of 1 for marking
[196.027s][info][gc,marking  ] GC(308) Concurrent Mark From Roots 84.614ms
[196.027s][info][gc,marking  ] GC(308) Concurrent Preclean
[196.027s][info][gc,marking  ] GC(308) Concurrent Preclean 0.043ms
[196.027s][info][gc,start    ] GC(308) Pause Remark
[196.041s][info][gc          ] GC(308) Pause Remark 416M->217M(647M) 14.202ms
[196.041s][info][gc,cpu      ] GC(308) User=0.02s Sys=0.00s Real=0.01s
[196.041s][info][gc,marking  ] GC(308) Concurrent Mark 99.148ms
[196.041s][info][gc,marking  ] GC(308) Concurrent Rebuild Remembered Sets and Scrub Regions
[196.097s][info][gc,marking  ] GC(308) Concurrent Rebuild Remembered Sets and Scrub Regions 55.397ms
[196.097s][info][gc,start    ] GC(308) Pause Cleanup
[196.097s][info][gc          ] GC(308) Pause Cleanup 232M->232M(647M) 0.094ms
[196.097s][info][gc,cpu      ] GC(308) User=0.00s Sys=0.00s Real=0.00s
[196.097s][info][gc,marking  ] GC(308) Concurrent Clear Claimed Marks
[196.097s][info][gc,marking  ] GC(308) Concurrent Clear Claimed Marks 0.052ms
[196.097s][info][gc,marking  ] GC(308) Concurrent Cleanup for Next Mark
[196.101s][info][gc,marking  ] GC(308) Concurrent Cleanup for Next Mark 4.040ms
[196.101s][info][gc          ] GC(308) Concurrent Mark Cycle 176.047ms
[196.476s][info][gc,start    ] GC(309) Pause Young (Prepare Mixed) (G1 Evacuation Pause)
[196.476s][info][gc,task     ] GC(309) Using 2 workers of 2 for evacuation
[196.511s][info][gc,phases   ] GC(309)   Pre Evacuate Collection Set: 0.27ms
[196.511s][info][gc,phases   ] GC(309)   Merge Heap Roots: 0.25ms
[196.511s][info][gc,phases   ] GC(309)   Evacuate Collection Set: 33.78ms
[196.511s][info][gc,phases   ] GC(309)   Post Evacuate Collection Set: 0.54ms
[196.511s][info][gc,phases   ] GC(309)   Other: 0.08ms
[196.511s][info][gc,heap     ] GC(309) Eden regions: 125->0(231)
[196.511s][info][gc,heap     ] GC(309) Survivor regions: 19->18(18)
[196.511s][info][gc,heap     ] GC(309) Old regions: 175->195
[196.511s][info][gc,heap     ] GC(309) Humongous regions: 4->3
[196.511s][info][gc,metaspace] GC(309) Metaspace: 41833K(42304K)->41833K(42304K) NonClass: 37498K(37760K)->37498K(37760K) Class: 4335K(4544K)->4335K(4544K)
[196.512s][info][gc          ] GC(309) Pause Young (Prepare Mixed) (G1 Evacuation Pause) 323M->215M(647M) 35.180ms
[196.512s][info][gc,cpu      ] GC(309) User=0.07s Sys=0.00s Real=0.03s
[197.398s][info][gc,start    ] GC(310) Pause Young (Mixed) (G1 Evacuation Pause)
[197.398s][info][gc,task     ] GC(310) Using 2 workers of 2 for evacuation
[197.438s][info][gc,phases   ] GC(310)   Pre Evacuate Collection Set: 0.28ms
[197.438s][info][gc,phases   ] GC(310)   Merge Heap Roots: 0.40ms
[197.438s][info][gc,phases   ] GC(310)   Evacuate Collection Set: 38.08ms
[197.438s][info][gc,phases   ] GC(310)   Post Evacuate Collection Set: 0.74ms
[197.438s][info][gc,phases   ] GC(310)   Other: 0.08ms
[197.438s][info][gc,heap     ] GC(310) Eden regions: 231->0(270)
[197.438s][info][gc,heap     ] GC(310) Survivor regions: 18->25(32)
[197.438s][info][gc,heap     ] GC(310) Old regions: 195->147
[197.438s][info][gc,heap     ] GC(310) Humongous regions: 6->4
[197.438s][info][gc,metaspace] GC(310) Metaspace: 41833K(42304K)->41833K(42304K) NonClass: 37498K(37760K)->37498K(37760K) Class: 4335K(4544K)->4335K(4544K)
[197.438s][info][gc          ] GC(310) Pause Young (Mixed) (G1 Evacuation Pause) 449M->175M(647M) 39.814ms
[197.438s][info][gc,cpu      ] GC(310) User=0.08s Sys=0.00s Real=0.04s
[198.469s][info][gc,start    ] GC(311) Pause Young (Mixed) (G1 Evacuation Pause)
[198.469s][info][gc,task     ] GC(311) Using 2 workers of 2 for evacuation
[198.506s][info][gc,phases   ] GC(311)   Pre Evacuate Collection Set: 0.26ms
[198.506s][info][gc,phases   ] GC(311)   Merge Heap Roots: 0.59ms
[198.506s][info][gc,phases   ] GC(311)   Evacuate Collection Set: 34.74ms
[198.506s][info][gc,phases   ] GC(311)   Post Evacuate Collection Set: 0.63ms
[198.506s][info][gc,phases   ] GC(311)   Other: 0.08ms
[198.506s][info][gc,heap     ] GC(311) Eden regions: 270->0(301)
[198.506s][info][gc,heap     ] GC(311) Survivor regions: 25->4(37)
[198.506s][info][gc,heap     ] GC(311) Old regions: 147->155
[198.506s][info][gc,heap     ] GC(311) Humongous regions: 7->4
[198.506s][info][gc,metaspace] GC(311) Metaspace: 41833K(42304K)->41833K(42304K) NonClass: 37498K(37760K)->37498K(37760K) Class: 4335K(4544K)->4335K(4544K)
[198.506s][info][gc          ] GC(311) Pause Young (Mixed) (G1 Evacuation Pause) 448M->162M(647M) 36.524ms
[198.506s][info][gc,cpu      ] GC(311) User=0.08s Sys=0.00s Real=0.04s
[199.540s][info][gc,start    ] GC(312) Pause Young (Normal) (G1 Evacuation Pause)
[199.540s][info][gc,task     ] GC(312) Using 2 workers of 2 for evacuation
[199.554s][info][gc,phases   ] GC(312)   Pre Evacuate Collection Set: 0.28ms
[199.554s][info][gc,phases   ] GC(312)   Merge Heap Roots: 0.09ms
[199.554s][info][gc,phases   ] GC(312)   Evacuate Collection Set: 13.29ms
[199.554s][info][gc,phases   ] GC(312)   Post Evacuate Collection Set: 0.59ms
[199.554s][info][gc,phases   ] GC(312)   Other: 0.08ms
[199.554s][info][gc,heap     ] GC(312) Eden regions: 301->0(306)
[199.554s][info][gc,heap     ] GC(312) Survivor regions: 4->20(39)
[199.554s][info][gc,heap     ] GC(312) Old regions: 155->155
[199.554s][info][gc,heap     ] GC(312) Humongous regions: 7->4
[199.554s][info][gc,metaspace] GC(312) Metaspace: 41834K(42304K)->41834K(42304K) NonClass: 37499K(37760K)->37499K(37760K) Class: 4335K(4544K)->4335K(4544K)
[199.554s][info][gc          ] GC(312) Pause Young (Normal) (G1 Evacuation Pause) 466M->178M(647M) 14.525ms
[199.554s][info][gc,cpu      ] GC(312) User=0.03s Sys=0.00s Real=0.01s
[200.086s][info][gc,start    ] GC(313) Pause Young (Concurrent Start) (G1 Humongous Allocation)
[200.087s][info][gc,task     ] GC(313) Using 2 workers of 2 for evacuation
[200.099s][info][gc,phases   ] GC(313)   Pre Evacuate Collection Set: 0.32ms
[200.099s][info][gc,phases   ] GC(313)   Merge Heap Roots: 0.08ms
[200.099s][info][gc,phases   ] GC(313)   Evacuate Collection Set: 11.64ms
[200.099s][info][gc,phases   ] GC(313)   Post Evacuate Collection Set: 0.47ms
[200.099s][info][gc,phases   ] GC(313)   Other: 0.10ms
[200.099s][info][gc,heap     ] GC(313) Eden regions: 163->0(329)
[200.099s][info][gc,heap     ] GC(313) Survivor regions: 20->21(41)
[200.099s][info][gc,heap     ] GC(313) Old regions: 155->155
[200.099s][info][gc,heap     ] GC(313) Humongous regions: 4->4
[200.099s][info][gc,metaspace] GC(313) Metaspace: 41834K(42304K)->41834K(42304K) NonClass: 37499K(37760K)->37499K(37760K) Class: 4335K(4544K)->4335K(4544K)
[200.099s][info][gc          ] GC(313) Pause Young (Concurrent Start) (G1 Humongous Allocation) 341M->179M(647M) 12.825ms
[200.099s][info][gc          ] GC(314) Concurrent Mark Cycle
[200.099s][info][gc,marking  ] GC(314) Concurrent Scan Root Regions
[200.100s][info][gc,cpu      ] GC(313) User=0.02s Sys=0.01s Real=0.01s
[200.108s][info][gc,marking  ] GC(314) Concurrent Scan Root Regions 8.627ms
[200.108s][info][gc,marking  ] GC(314) Concurrent Mark
[200.108s][info][gc,marking  ] GC(314) Concurrent Mark From Roots
[200.108s][info][gc,task     ] GC(314) Using 1 workers of 1 for marking
[200.182s][info][gc,marking  ] GC(314) Concurrent Mark From Roots 74.017ms
[200.182s][info][gc,marking  ] GC(314) Concurrent Preclean
[200.182s][info][gc,marking  ] GC(314) Concurrent Preclean 0.039ms
[200.182s][info][gc,start    ] GC(314) Pause Remark
[200.197s][info][gc          ] GC(314) Pause Remark 203M->142M(400M) 14.283ms
[200.197s][info][gc,cpu      ] GC(314) User=0.03s Sys=0.00s Real=0.02s
[200.197s][info][gc,marking  ] GC(314) Concurrent Mark 88.652ms
[200.197s][info][gc,marking  ] GC(314) Concurrent Rebuild Remembered Sets and Scrub Regions
[200.226s][info][gc,marking  ] GC(314) Concurrent Rebuild Remembered Sets and Scrub Regions 29.647ms
[200.226s][info][gc,start    ] GC(314) Pause Cleanup
[200.227s][info][gc          ] GC(314) Pause Cleanup 150M->150M(400M) 0.056ms
[200.227s][info][gc,cpu      ] GC(314) User=0.00s Sys=0.00s Real=0.00s
[200.227s][info][gc,marking  ] GC(314) Concurrent Clear Claimed Marks
[200.227s][info][gc,marking  ] GC(314) Concurrent Clear Claimed Marks 0.038ms
[200.227s][info][gc,marking  ] GC(314) Concurrent Cleanup for Next Mark
[200.228s][info][gc,marking  ] GC(314) Concurrent Cleanup for Next Mark 1.194ms
[200.228s][info][gc          ] GC(314) Concurrent Mark Cycle 128.501ms
[200.770s][info][gc,start    ] GC(315) Pause Young (Prepare Mixed) (G1 Evacuation Pause)
[200.770s][info][gc,task     ] GC(315) Using 2 workers of 2 for evacuation
[200.784s][info][gc,phases   ] GC(315)   Pre Evacuate Collection Set: 0.21ms
[200.784s][info][gc,phases   ] GC(315)   Merge Heap Roots: 0.09ms
[200.784s][info][gc,phases   ] GC(315)   Evacuate Collection Set: 12.88ms
[200.784s][info][gc,phases   ] GC(315)   Post Evacuate Collection Set: 0.53ms
[200.784s][info][gc,phases   ] GC(315)   Other: 0.08ms
[200.784s][info][gc,heap     ] GC(315) Eden regions: 219->0(209)
[200.784s][info][gc,heap     ] GC(315) Survivor regions: 21->4(30)
[200.784s][info][gc,heap     ] GC(315) Old regions: 95->114
[200.784s][info][gc,heap     ] GC(315) Humongous regions: 4->1
[200.784s][info][gc,metaspace] GC(315) Metaspace: 41841K(42304K)->41841K(42304K) NonClass: 37506K(37760K)->37506K(37760K) Class: 4335K(4544K)->4335K(4544K)
[200.784s][info][gc          ] GC(315) Pause Young (Prepare Mixed) (G1 Evacuation Pause) 338M->118M(400M) 13.994ms
[200.784s][info][gc,cpu      ] GC(315) User=0.03s Sys=0.00s Real=0.01s
[201.180s][info][gc,start    ] GC(316) Pause Young (Mixed) (G1 Evacuation Pause)
[201.180s][info][gc,task     ] GC(316) Using 2 workers of 2 for evacuation
[201.184s][info][gc,phases   ] GC(316)   Pre Evacuate Collection Set: 0.21ms
[201.184s][info][gc,phases   ] GC(316)   Merge Heap Roots: 0.09ms
[201.184s][info][gc,phases   ] GC(316)   Evacuate Collection Set: 3.40ms
[201.184s][info][gc,phases   ] GC(316)   Post Evacuate Collection Set: 0.49ms
[201.184s][info][gc,phases   ] GC(316)   Other: 0.12ms
[201.184s][info][gc,heap     ] GC(316) Eden regions: 209->0(235)
[201.184s][info][gc,heap     ] GC(316) Survivor regions: 4->3(27)
[201.184s][info][gc,heap     ] GC(316) Old regions: 114->95
[201.184s][info][gc,heap     ] GC(316) Humongous regions: 1->1
[201.185s][info][gc,metaspace] GC(316) Metaspace: 41841K(42304K)->41841K(42304K) NonClass: 37506K(37760K)->37506K(37760K) Class: 4335K(4544K)->4335K(4544K)
[201.185s][info][gc          ] GC(316) Pause Young (Mixed) (G1 Evacuation Pause) 327M->98M(400M) 4.508ms
[201.185s][info][gc,cpu      ] GC(316) User=0.00s Sys=0.00s Real=0.00s
[201.427s][info][gc,start    ] GC(317) Pause Young (Concurrent Start) (G1 Humongous Allocation)
[201.427s][info][gc,task     ] GC(317) Using 2 workers of 2 for evacuation
[201.430s][info][gc,phases   ] GC(317)   Pre Evacuate Collection Set: 0.25ms
[201.430s][info][gc,phases   ] GC(317)   Merge Heap Roots: 0.05ms
[201.430s][info][gc,phases   ] GC(317)   Evacuate Collection Set: 2.13ms
[201.430s][info][gc,phases   ] GC(317)   Post Evacuate Collection Set: 0.39ms
[201.430s][info][gc,phases   ] GC(317)   Other: 0.10ms
[201.430s][info][gc,heap     ] GC(317) Eden regions: 128->0(237)
[201.430s][info][gc,heap     ] GC(317) Survivor regions: 3->3(30)
[201.430s][info][gc,heap     ] GC(317) Old regions: 95->95
[201.430s][info][gc,heap     ] GC(317) Humongous regions: 1->1
[201.430s][info][gc,metaspace] GC(317) Metaspace: 41841K(42304K)->41841K(42304K) NonClass: 37506K(37760K)->37506K(37760K) Class: 4335K(4544K)->4335K(4544K)
[201.430s][info][gc          ] GC(317) Pause Young (Concurrent Start) (G1 Humongous Allocation) 225M->97M(400M) 3.108ms
[201.430s][info][gc,cpu      ] GC(317) User=0.00s Sys=0.00s Real=0.00s
[201.430s][info][gc          ] GC(318) Concurrent Mark Cycle
[201.430s][info][gc,marking  ] GC(318) Concurrent Scan Root Regions
[201.431s][info][gc,marking  ] GC(318) Concurrent Scan Root Regions 1.443ms
[201.431s][info][gc,marking  ] GC(318) Concurrent Mark
[201.431s][info][gc,marking  ] GC(318) Concurrent Mark From Roots
[201.431s][info][gc,task     ] GC(318) Using 1 workers of 1 for marking
[201.535s][info][gc,marking  ] GC(318) Concurrent Mark From Roots 104.158ms
[201.536s][info][gc,marking  ] GC(318) Concurrent Preclean
[201.536s][info][gc,marking  ] GC(318) Concurrent Preclean 0.041ms
[201.536s][info][gc,start    ] GC(318) Pause Remark
[201.550s][info][gc          ] GC(318) Pause Remark 124M->115M(307M) 14.503ms
[201.550s][info][gc,cpu      ] GC(318) User=0.03s Sys=0.00s Real=0.01s
[201.551s][info][gc,marking  ] GC(318) Concurrent Mark 119.640ms
[201.551s][info][gc,marking  ] GC(318) Concurrent Rebuild Remembered Sets and Scrub Regions
[201.595s][info][gc,marking  ] GC(318) Concurrent Rebuild Remembered Sets and Scrub Regions 44.426ms
[201.597s][info][gc,start    ] GC(318) Pause Cleanup
[201.597s][info][gc          ] GC(318) Pause Cleanup 123M->123M(307M) 0.085ms
[201.597s][info][gc,cpu      ] GC(318) User=0.00s Sys=0.00s Real=0.00s
[201.597s][info][gc,marking  ] GC(318) Concurrent Clear Claimed Marks
[201.597s][info][gc,marking  ] GC(318) Concurrent Clear Claimed Marks 0.040ms
[201.597s][info][gc,marking  ] GC(318) Concurrent Cleanup for Next Mark
[201.598s][info][gc,marking  ] GC(318) Concurrent Cleanup for Next Mark 0.939ms
[201.598s][info][gc          ] GC(318) Concurrent Mark Cycle 168.368ms
[202.114s][info][gc,start    ] GC(319) Pause Young (Prepare Mixed) (G1 Evacuation Pause)
[202.114s][info][gc,task     ] GC(319) Using 2 workers of 2 for evacuation
[202.128s][info][gc,phases   ] GC(319)   Pre Evacuate Collection Set: 0.23ms
[202.128s][info][gc,phases   ] GC(319)   Merge Heap Roots: 0.09ms
[202.128s][info][gc,phases   ] GC(319)   Evacuate Collection Set: 11.63ms
[202.128s][info][gc,phases   ] GC(319)   Post Evacuate Collection Set: 1.13ms
[202.128s][info][gc,phases   ] GC(319)   Other: 0.07ms
[202.128s][info][gc,heap     ] GC(319) Eden regions: 81->0(253)
[202.128s][info][gc,heap     ] GC(319) Survivor regions: 3->9(32)
[202.128s][info][gc,heap     ] GC(319) Old regions: 86->86
[202.128s][info][gc,heap     ] GC(319) Humongous regions: 259->1
[202.128s][info][gc,metaspace] GC(319) Metaspace: 41863K(42304K)->41863K(42304K) NonClass: 37527K(37760K)->37527K(37760K) Class: 4335K(4544K)->4335K(4544K)
[202.128s][info][gc          ] GC(319) Pause Young (Prepare Mixed) (G1 Evacuation Pause) 427M->94M(438M) 13.387ms
[202.128s][info][gc,cpu      ] GC(319) User=0.02s Sys=0.00s Real=0.02s
[202.796s][info][gc,start    ] GC(320) Pause Young (Mixed) (G1 Evacuation Pause)
[202.796s][info][gc,task     ] GC(320) Using 2 workers of 2 for evacuation
[202.825s][info][gc,phases   ] GC(320)   Pre Evacuate Collection Set: 0.26ms
[202.825s][info][gc,phases   ] GC(320)   Merge Heap Roots: 0.12ms
[202.825s][info][gc,phases   ] GC(320)   Evacuate Collection Set: 26.61ms
[202.825s][info][gc,phases   ] GC(320)   Post Evacuate Collection Set: 1.28ms
[202.825s][info][gc,phases   ] GC(320)   Other: 0.07ms
[202.825s][info][gc,heap     ] GC(320) Eden regions: 64->0(319)
[202.825s][info][gc,heap     ] GC(320) Survivor regions: 9->15(37)
[202.825s][info][gc,heap     ] GC(320) Old regions: 86->59
[202.825s][info][gc,heap     ] GC(320) Humongous regions: 379->3
[202.825s][info][gc,metaspace] GC(320) Metaspace: 41864K(42304K)->41864K(42304K) NonClass: 37529K(37760K)->37529K(37760K) Class: 4335K(4544K)->4335K(4544K)
[202.825s][info][gc          ] GC(320) Pause Young (Mixed) (G1 Evacuation Pause) 536M->76M(557M) 28.555ms
[202.825s][info][gc,cpu      ] GC(320) User=0.05s Sys=0.01s Real=0.02s
[202.957s][info][gc,start    ] GC(321) Pause Young (Concurrent Start) (G1 Humongous Allocation)
[202.957s][info][gc,task     ] GC(321) Using 2 workers of 2 for evacuation
[202.974s][info][gc,phases   ] GC(321)   Pre Evacuate Collection Set: 0.27ms
[202.974s][info][gc,phases   ] GC(321)   Merge Heap Roots: 0.06ms
[202.974s][info][gc,phases   ] GC(321)   Evacuate Collection Set: 16.02ms
[202.974s][info][gc,phases   ] GC(321)   Post Evacuate Collection Set: 0.43ms
[202.974s][info][gc,phases   ] GC(321)   Other: 0.09ms
[202.974s][info][gc,heap     ] GC(321) Eden regions: 14->0(318)
[202.974s][info][gc,heap     ] GC(321) Survivor regions: 15->16(42)
[202.974s][info][gc,heap     ] GC(321) Old regions: 59->59
[202.974s][info][gc,heap     ] GC(321) Humongous regions: 89->1
[202.974s][info][gc,metaspace] GC(321) Metaspace: 41865K(42304K)->41865K(42304K) NonClass: 37530K(37760K)->37530K(37760K) Class: 4335K(4544K)->4335K(4544K)
[202.974s][info][gc          ] GC(321) Pause Young (Concurrent Start) (G1 Humongous Allocation) 175M->74M(557M) 17.078ms
[202.974s][info][gc,cpu      ] GC(321) User=0.03s Sys=0.00s Real=0.01s
[202.974s][info][gc          ] GC(322) Concurrent Undo Cycle
[202.974s][info][gc,marking  ] GC(322) Concurrent Clear Claimed Marks
[202.974s][info][gc,marking  ] GC(322) Concurrent Clear Claimed Marks 0.056ms
[202.974s][info][gc,marking  ] GC(322) Concurrent Cleanup for Next Mark
[202.975s][info][gc,marking  ] GC(322) Concurrent Cleanup for Next Mark 0.354ms
[202.975s][info][gc          ] GC(322) Concurrent Undo Cycle 0.537ms
[203.005s][info][gc,start    ] GC(323) Pause Young (Concurrent Start) (G1 Humongous Allocation)
[203.005s][info][gc,task     ] GC(323) Using 2 workers of 2 for evacuation
[203.020s][info][gc,phases   ] GC(323)   Pre Evacuate Collection Set: 0.29ms
[203.020s][info][gc,phases   ] GC(323)   Merge Heap Roots: 0.06ms
[203.020s][info][gc,phases   ] GC(323)   Evacuate Collection Set: 13.81ms
[203.020s][info][gc,phases   ] GC(323)   Post Evacuate Collection Set: 0.65ms
[203.020s][info][gc,phases   ] GC(323)   Other: 0.09ms
[203.020s][info][gc,heap     ] GC(323) Eden regions: 3->0(318)
[203.020s][info][gc,heap     ] GC(323) Survivor regions: 16->16(42)
[203.020s][info][gc,heap     ] GC(323) Old regions: 59->59
[203.020s][info][gc,heap     ] GC(323) Humongous regions: 21->1
[203.020s][info][gc,metaspace] GC(323) Metaspace: 41865K(42304K)->41865K(42304K) NonClass: 37530K(37760K)->37530K(37760K) Class: 4335K(4544K)->4335K(4544K)
[203.020s][info][gc          ] GC(323) Pause Young (Concurrent Start) (G1 Humongous Allocation) 97M->74M(557M) 15.136ms
[203.020s][info][gc,cpu      ] GC(323) User=0.03s Sys=0.00s Real=0.02s
[203.020s][info][gc          ] GC(324) Concurrent Undo Cycle
[203.020s][info][gc,marking  ] GC(324) Concurrent Clear Claimed Marks
[203.020s][info][gc,marking  ] GC(324) Concurrent Clear Claimed Marks 0.042ms
[203.020s][info][gc,marking  ] GC(324) Concurrent Cleanup for Next Mark
[203.020s][info][gc,marking  ] GC(324) Concurrent Cleanup for Next Mark 0.236ms
[203.020s][info][gc          ] GC(324) Concurrent Undo Cycle 0.360ms
[203.063s][info][gc,start    ] GC(325) Pause Young (Concurrent Start) (G1 Humongous Allocation)
[203.063s][info][gc,task     ] GC(325) Using 2 workers of 2 for evacuation
[203.080s][info][gc,phases   ] GC(325)   Pre Evacuate Collection Set: 0.30ms
[203.080s][info][gc,phases   ] GC(325)   Merge Heap Roots: 0.09ms
[203.080s][info][gc,phases   ] GC(325)   Evacuate Collection Set: 15.29ms
[203.080s][info][gc,phases   ] GC(325)   Post Evacuate Collection Set: 0.70ms
[203.080s][info][gc,phases   ] GC(325)   Other: 0.12ms
[203.080s][info][gc,heap     ] GC(325) Eden regions: 5->0(318)
[203.080s][info][gc,heap     ] GC(325) Survivor regions: 16->16(42)
[203.080s][info][gc,heap     ] GC(325) Old regions: 59->59
[203.080s][info][gc,heap     ] GC(325) Humongous regions: 25->1
[203.080s][info][gc,metaspace] GC(325) Metaspace: 41865K(42304K)->41865K(42304K) NonClass: 37530K(37760K)->37530K(37760K) Class: 4335K(4544K)->4335K(4544K)
[203.080s][info][gc          ] GC(325) Pause Young (Concurrent Start) (G1 Humongous Allocation) 103M->75M(557M) 16.726ms
[203.080s][info][gc,cpu      ] GC(325) User=0.03s Sys=0.00s Real=0.02s
[203.080s][info][gc          ] GC(326) Concurrent Undo Cycle
[203.080s][info][gc,marking  ] GC(326) Concurrent Clear Claimed Marks
[203.080s][info][gc,marking  ] GC(326) Concurrent Clear Claimed Marks 0.041ms
[203.080s][info][gc,marking  ] GC(326) Concurrent Cleanup for Next Mark
[203.080s][info][gc,marking  ] GC(326) Concurrent Cleanup for Next Mark 0.197ms
[203.080s][info][gc          ] GC(326) Concurrent Undo Cycle 0.319ms
[203.128s][info][gc,start    ] GC(327) Pause Young (Concurrent Start) (G1 Humongous Allocation)
[203.128s][info][gc,task     ] GC(327) Using 2 workers of 2 for evacuation
[203.144s][info][gc,phases   ] GC(327)   Pre Evacuate Collection Set: 0.24ms
[203.144s][info][gc,phases   ] GC(327)   Merge Heap Roots: 0.06ms
[203.144s][info][gc,phases   ] GC(327)   Evacuate Collection Set: 14.43ms
[203.144s][info][gc,phases   ] GC(327)   Post Evacuate Collection Set: 0.37ms
[203.144s][info][gc,phases   ] GC(327)   Other: 0.13ms
[203.144s][info][gc,heap     ] GC(327) Eden regions: 5->0(317)
[203.144s][info][gc,heap     ] GC(327) Survivor regions: 16->17(42)
[203.144s][info][gc,heap     ] GC(327) Old regions: 59->59
[203.144s][info][gc,heap     ] GC(327) Humongous regions: 29->1
[203.144s][info][gc,metaspace] GC(327) Metaspace: 41865K(42304K)->41865K(42304K) NonClass: 37530K(37760K)->37530K(37760K) Class: 4335K(4544K)->4335K(4544K)
[203.144s][info][gc          ] GC(327) Pause Young (Concurrent Start) (G1 Humongous Allocation) 108M->75M(557M) 15.448ms
[203.144s][info][gc,cpu      ] GC(327) User=0.03s Sys=0.00s Real=0.01s
[203.144s][info][gc          ] GC(328) Concurrent Undo Cycle
[203.144s][info][gc,marking  ] GC(328) Concurrent Clear Claimed Marks
[203.144s][info][gc,marking  ] GC(328) Concurrent Clear Claimed Marks 0.041ms
[203.144s][info][gc,marking  ] GC(328) Concurrent Cleanup for Next Mark
[203.144s][info][gc,marking  ] GC(328) Concurrent Cleanup for Next Mark 0.204ms
[203.144s][info][gc          ] GC(328) Concurrent Undo Cycle 0.345ms
[203.190s][info][gc,start    ] GC(329) Pause Young (Concurrent Start) (G1 Humongous Allocation)
[203.190s][info][gc,task     ] GC(329) Using 2 workers of 2 for evacuation
[203.207s][info][gc,phases   ] GC(329)   Pre Evacuate Collection Set: 0.27ms
[203.207s][info][gc,phases   ] GC(329)   Merge Heap Roots: 0.06ms
[203.207s][info][gc,phases   ] GC(329)   Evacuate Collection Set: 14.46ms
[203.207s][info][gc,phases   ] GC(329)   Post Evacuate Collection Set: 1.74ms
[203.207s][info][gc,phases   ] GC(329)   Other: 0.16ms
[203.207s][info][gc,heap     ] GC(329) Eden regions: 5->0(383)
[203.207s][info][gc,heap     ] GC(329) Survivor regions: 17->17(42)
[203.207s][info][gc,heap     ] GC(329) Old regions: 59->59
[203.207s][info][gc,heap     ] GC(329) Humongous regions: 33->1
[203.207s][info][gc,metaspace] GC(329) Metaspace: 41865K(42304K)->41865K(42304K) NonClass: 37530K(37760K)->37530K(37760K) Class: 4335K(4544K)->4335K(4544K)
[203.207s][info][gc          ] GC(329) Pause Young (Concurrent Start) (G1 Humongous Allocation) 112M->76M(667M) 16.906ms
[203.207s][info][gc,cpu      ] GC(329) User=0.03s Sys=0.00s Real=0.02s
[203.207s][info][gc          ] GC(330) Concurrent Undo Cycle
[203.207s][info][gc,marking  ] GC(330) Concurrent Clear Claimed Marks
[203.207s][info][gc,marking  ] GC(330) Concurrent Clear Claimed Marks 0.038ms
[203.207s][info][gc,marking  ] GC(330) Concurrent Cleanup for Next Mark
[203.207s][info][gc,marking  ] GC(330) Concurrent Cleanup for Next Mark 0.217ms
[203.207s][info][gc          ] GC(330) Concurrent Undo Cycle 0.296ms
[203.339s][info][gc,start    ] GC(331) Pause Young (Concurrent Start) (G1 Humongous Allocation)
[203.339s][info][gc,task     ] GC(331) Using 2 workers of 2 for evacuation
[203.366s][info][gc,phases   ] GC(331)   Pre Evacuate Collection Set: 0.33ms
[203.366s][info][gc,phases   ] GC(331)   Merge Heap Roots: 0.06ms
[203.366s][info][gc,phases   ] GC(331)   Evacuate Collection Set: 26.19ms
[203.366s][info][gc,phases   ] GC(331)   Post Evacuate Collection Set: 0.81ms
[203.366s][info][gc,phases   ] GC(331)   Other: 0.13ms
[203.366s][info][gc,heap     ] GC(331) Eden regions: 16->0(381)
[203.366s][info][gc,heap     ] GC(331) Survivor regions: 17->19(50)
[203.366s][info][gc,heap     ] GC(331) Old regions: 59->59
[203.366s][info][gc,heap     ] GC(331) Humongous regions: 75->1
[203.366s][info][gc,metaspace] GC(331) Metaspace: 41865K(42304K)->41865K(42304K) NonClass: 37530K(37760K)->37530K(37760K) Class: 4335K(4544K)->4335K(4544K)
[203.367s][info][gc          ] GC(331) Pause Young (Concurrent Start) (G1 Humongous Allocation) 166M->78M(667M) 27.749ms
[203.367s][info][gc,cpu      ] GC(331) User=0.04s Sys=0.02s Real=0.03s
[203.367s][info][gc          ] GC(332) Concurrent Undo Cycle
[203.367s][info][gc,marking  ] GC(332) Concurrent Clear Claimed Marks
[203.367s][info][gc,marking  ] GC(332) Concurrent Clear Claimed Marks 0.038ms
[203.367s][info][gc,marking  ] GC(332) Concurrent Cleanup for Next Mark
[203.367s][info][gc,marking  ] GC(332) Concurrent Cleanup for Next Mark 0.190ms
[203.367s][info][gc          ] GC(332) Concurrent Undo Cycle 0.268ms
[203.502s][info][gc,start    ] GC(333) Pause Young (Concurrent Start) (G1 Humongous Allocation)
[203.502s][info][gc,task     ] GC(333) Using 2 workers of 2 for evacuation
[203.530s][info][gc,phases   ] GC(333)   Pre Evacuate Collection Set: 0.32ms
[203.531s][info][gc,phases   ] GC(333)   Merge Heap Roots: 0.08ms
[203.531s][info][gc,phases   ] GC(333)   Evacuate Collection Set: 27.07ms
[203.531s][info][gc,phases   ] GC(333)   Post Evacuate Collection Set: 0.42ms
[203.531s][info][gc,phases   ] GC(333)   Other: 0.14ms
[203.531s][info][gc,heap     ] GC(333) Eden regions: 16->0(378)
[203.531s][info][gc,heap     ] GC(333) Survivor regions: 19->22(50)
[203.531s][info][gc,heap     ] GC(333) Old regions: 59->59
[203.531s][info][gc,heap     ] GC(333) Humongous regions: 77->1
[203.531s][info][gc,metaspace] GC(333) Metaspace: 41866K(42304K)->41866K(42304K) NonClass: 37530K(37760K)->37530K(37760K) Class: 4335K(4544K)->4335K(4544K)
[203.531s][info][gc          ] GC(333) Pause Young (Concurrent Start) (G1 Humongous Allocation) 169M->81M(667M) 28.248ms
[203.531s][info][gc,cpu      ] GC(333) User=0.05s Sys=0.01s Real=0.03s
[203.531s][info][gc          ] GC(334) Concurrent Undo Cycle
[203.531s][info][gc,marking  ] GC(334) Concurrent Clear Claimed Marks
[203.531s][info][gc,marking  ] GC(334) Concurrent Clear Claimed Marks 0.041ms
[203.531s][info][gc,marking  ] GC(334) Concurrent Cleanup for Next Mark
[203.533s][info][gc,marking  ] GC(334) Concurrent Cleanup for Next Mark 2.277ms
[203.533s][info][gc          ] GC(334) Concurrent Undo Cycle 2.387ms
[203.675s][info][gc,start    ] GC(335) Pause Young (Concurrent Start) (G1 Humongous Allocation)
[203.675s][info][gc,task     ] GC(335) Using 2 workers of 2 for evacuation
[203.701s][info][gc,phases   ] GC(335)   Pre Evacuate Collection Set: 0.28ms
[203.701s][info][gc,phases   ] GC(335)   Merge Heap Roots: 0.05ms
[203.701s][info][gc,phases   ] GC(335)   Evacuate Collection Set: 24.19ms
[203.701s][info][gc,phases   ] GC(335)   Post Evacuate Collection Set: 0.83ms
[203.701s][info][gc,phases   ] GC(335)   Other: 0.12ms
[203.701s][info][gc,heap     ] GC(335) Eden regions: 16->0(376)
[203.701s][info][gc,heap     ] GC(335) Survivor regions: 22->24(50)
[203.701s][info][gc,heap     ] GC(335) Old regions: 59->59
[203.701s][info][gc,heap     ] GC(335) Humongous regions: 81->1
[203.701s][info][gc,metaspace] GC(335) Metaspace: 41866K(42304K)->41866K(42304K) NonClass: 37531K(37760K)->37531K(37760K) Class: 4335K(4544K)->4335K(4544K)
[203.701s][info][gc          ] GC(335) Pause Young (Concurrent Start) (G1 Humongous Allocation) 177M->83M(667M) 25.716ms
[203.701s][info][gc          ] GC(336) Concurrent Undo Cycle
[203.701s][info][gc,marking  ] GC(336) Concurrent Clear Claimed Marks
[203.701s][info][gc,marking  ] GC(336) Concurrent Clear Claimed Marks 0.039ms
[203.701s][info][gc,marking  ] GC(336) Concurrent Cleanup for Next Mark
[203.701s][info][gc,cpu      ] GC(335) User=0.05s Sys=0.00s Real=0.02s
[203.703s][info][gc,marking  ] GC(336) Concurrent Cleanup for Next Mark 1.866ms
[203.703s][info][gc          ] GC(336) Concurrent Undo Cycle 1.948ms
[203.878s][info][gc,start    ] GC(337) Pause Young (Concurrent Start) (G1 Humongous Allocation)
[203.878s][info][gc,task     ] GC(337) Using 2 workers of 2 for evacuation
[203.912s][info][gc,phases   ] GC(337)   Pre Evacuate Collection Set: 0.28ms
[203.912s][info][gc,phases   ] GC(337)   Merge Heap Roots: 0.07ms
[203.912s][info][gc,phases   ] GC(337)   Evacuate Collection Set: 32.05ms
[203.912s][info][gc,phases   ] GC(337)   Post Evacuate Collection Set: 1.29ms
[203.912s][info][gc,phases   ] GC(337)   Other: 0.09ms
[203.912s][info][gc,heap     ] GC(337) Eden regions: 22->0(410)
[203.912s][info][gc,heap     ] GC(337) Survivor regions: 24->28(50)
[203.912s][info][gc,heap     ] GC(337) Old regions: 59->59
[203.912s][info][gc,heap     ] GC(337) Humongous regions: 85->1
[203.912s][info][gc,metaspace] GC(337) Metaspace: 41868K(42368K)->41868K(42368K) NonClass: 37533K(37824K)->37533K(37824K) Class: 4335K(4544K)->4335K(4544K)
[203.912s][info][gc          ] GC(337) Pause Young (Concurrent Start) (G1 Humongous Allocation) 188M->87M(730M) 33.997ms
[203.912s][info][gc,cpu      ] GC(337) User=0.06s Sys=0.01s Real=0.03s
[203.912s][info][gc          ] GC(338) Concurrent Undo Cycle
[203.912s][info][gc,marking  ] GC(338) Concurrent Clear Claimed Marks
[203.912s][info][gc,marking  ] GC(338) Concurrent Clear Claimed Marks 0.041ms
[203.912s][info][gc,marking  ] GC(338) Concurrent Cleanup for Next Mark
[203.913s][info][gc,marking  ] GC(338) Concurrent Cleanup for Next Mark 0.166ms
[203.913s][info][gc          ] GC(338) Concurrent Undo Cycle 0.335ms
[204.068s][info][gc,start    ] GC(339) Pause Young (Concurrent Start) (G1 Humongous Allocation)
[204.068s][info][gc,task     ] GC(339) Using 2 workers of 2 for evacuation
[204.108s][info][gc,phases   ] GC(339)   Pre Evacuate Collection Set: 0.27ms
[204.108s][info][gc,phases   ] GC(339)   Merge Heap Roots: 0.07ms
[204.108s][info][gc,phases   ] GC(339)   Evacuate Collection Set: 38.81ms
[204.108s][info][gc,phases   ] GC(339)   Post Evacuate Collection Set: 0.54ms
[204.108s][info][gc,phases   ] GC(339)   Other: 0.16ms
[204.108s][info][gc,heap     ] GC(339) Eden regions: 16->0(410)
[204.108s][info][gc,heap     ] GC(339) Survivor regions: 28->28(55)
[204.108s][info][gc,heap     ] GC(339) Old regions: 59->60
[204.108s][info][gc,heap     ] GC(339) Humongous regions: 109->1
[204.108s][info][gc,metaspace] GC(339) Metaspace: 41868K(42368K)->41868K(42368K) NonClass: 37533K(37824K)->37533K(37824K) Class: 4335K(4544K)->4335K(4544K)
[204.108s][info][gc          ] GC(339) Pause Young (Concurrent Start) (G1 Humongous Allocation) 211M->87M(730M) 40.096ms
[204.108s][info][gc,cpu      ] GC(339) User=0.06s Sys=0.03s Real=0.04s
[204.108s][info][gc          ] GC(340) Concurrent Undo Cycle
[204.108s][info][gc,marking  ] GC(340) Concurrent Clear Claimed Marks
[204.108s][info][gc,marking  ] GC(340) Concurrent Clear Claimed Marks 0.041ms
[204.108s][info][gc,marking  ] GC(340) Concurrent Cleanup for Next Mark
[204.108s][info][gc,marking  ] GC(340) Concurrent Cleanup for Next Mark 0.210ms
[204.108s][info][gc          ] GC(340) Concurrent Undo Cycle 0.333ms
[204.529s][info][gc,start    ] GC(341) Pause Young (Concurrent Start) (G1 Humongous Allocation)
[204.529s][info][gc,task     ] GC(341) Using 2 workers of 2 for evacuation
[204.538s][info][gc,phases   ] GC(341)   Pre Evacuate Collection Set: 0.34ms
[204.538s][info][gc,phases   ] GC(341)   Merge Heap Roots: 0.06ms
[204.538s][info][gc,phases   ] GC(341)   Evacuate Collection Set: 7.54ms
[204.538s][info][gc,phases   ] GC(341)   Post Evacuate Collection Set: 0.81ms
[204.538s][info][gc,phases   ] GC(341)   Other: 0.12ms
[204.538s][info][gc,heap     ] GC(341) Eden regions: 69->0(429)
[204.538s][info][gc,heap     ] GC(341) Survivor regions: 28->9(55)
[204.538s][info][gc,heap     ] GC(341) Old regions: 60->60
[204.538s][info][gc,heap     ] GC(341) Humongous regions: 111->1
[204.538s][info][gc,metaspace] GC(341) Metaspace: 41881K(42368K)->41881K(42368K) NonClass: 37545K(37824K)->37545K(37824K) Class: 4335K(4544K)->4335K(4544K)
[204.538s][info][gc          ] GC(341) Pause Young (Concurrent Start) (G1 Humongous Allocation) 266M->68M(730M) 9.069ms
[204.538s][info][gc,cpu      ] GC(341) User=0.02s Sys=0.00s Real=0.01s
[204.538s][info][gc          ] GC(342) Concurrent Undo Cycle
[204.538s][info][gc,marking  ] GC(342) Concurrent Clear Claimed Marks
[204.538s][info][gc,marking  ] GC(342) Concurrent Clear Claimed Marks 0.039ms
[204.538s][info][gc,marking  ] GC(342) Concurrent Cleanup for Next Mark
[204.539s][info][gc,marking  ] GC(342) Concurrent Cleanup for Next Mark 0.173ms
[204.539s][info][gc          ] GC(342) Concurrent Undo Cycle 0.305ms
[205.759s][info][gc,start    ] GC(343) Pause Young (Normal) (G1 Evacuation Pause)
[205.759s][info][gc,task     ] GC(343) Using 2 workers of 2 for evacuation
[205.768s][info][gc,phases   ] GC(343)   Pre Evacuate Collection Set: 0.27ms
[205.769s][info][gc,phases   ] GC(343)   Merge Heap Roots: 0.13ms
[205.769s][info][gc,phases   ] GC(343)   Evacuate Collection Set: 7.70ms
[205.769s][info][gc,phases   ] GC(343)   Post Evacuate Collection Set: 0.79ms
[205.769s][info][gc,phases   ] GC(343)   Other: 0.22ms
[205.769s][info][gc,heap     ] GC(343) Eden regions: 429->0(428)
[205.769s][info][gc,heap     ] GC(343) Survivor regions: 9->10(55)
[205.769s][info][gc,heap     ] GC(343) Old regions: 60->60
[205.769s][info][gc,heap     ] GC(343) Humongous regions: 27->1
[205.769s][info][gc,metaspace] GC(343) Metaspace: 41964K(42432K)->41964K(42432K) NonClass: 37627K(37888K)->37627K(37888K) Class: 4336K(4544K)->4336K(4544K)
[205.769s][info][gc          ] GC(343) Pause Young (Normal) (G1 Evacuation Pause) 523M->69M(730M) 9.305ms
[205.769s][info][gc,cpu      ] GC(343) User=0.02s Sys=0.00s Real=0.01s
[206.856s][info][gc,start    ] GC(344) Pause Young (Normal) (G1 Evacuation Pause)
[206.857s][info][gc,task     ] GC(344) Using 2 workers of 2 for evacuation
[206.868s][info][gc,phases   ] GC(344)   Pre Evacuate Collection Set: 0.29ms
[206.868s][info][gc,phases   ] GC(344)   Merge Heap Roots: 0.13ms
[206.868s][info][gc,phases   ] GC(344)   Evacuate Collection Set: 10.21ms
[206.868s][info][gc,phases   ] GC(344)   Post Evacuate Collection Set: 0.82ms
[206.868s][info][gc,phases   ] GC(344)   Other: 0.10ms
[206.868s][info][gc,heap     ] GC(344) Eden regions: 428->0(426)
[206.868s][info][gc,heap     ] GC(344) Survivor regions: 10->12(55)
[206.868s][info][gc,heap     ] GC(344) Old regions: 60->60
[206.868s][info][gc,heap     ] GC(344) Humongous regions: 1->1
[206.868s][info][gc,metaspace] GC(344) Metaspace: 41975K(42432K)->41975K(42432K) NonClass: 37638K(37888K)->37638K(37888K) Class: 4336K(4544K)->4336K(4544K)
[206.868s][info][gc          ] GC(344) Pause Young (Normal) (G1 Evacuation Pause) 497M->72M(730M) 11.820ms
[206.868s][info][gc,cpu      ] GC(344) User=0.02s Sys=0.00s Real=0.01s
[208.606s][info][gc,start    ] GC(345) Pause Young (Normal) (G1 Evacuation Pause)
[208.606s][info][gc,task     ] GC(345) Using 2 workers of 2 for evacuation
[208.620s][info][gc,phases   ] GC(345)   Pre Evacuate Collection Set: 0.38ms
[208.620s][info][gc,phases   ] GC(345)   Merge Heap Roots: 0.11ms
[208.620s][info][gc,phases   ] GC(345)   Evacuate Collection Set: 12.74ms
[208.620s][info][gc,phases   ] GC(345)   Post Evacuate Collection Set: 0.84ms
[208.620s][info][gc,phases   ] GC(345)   Other: 0.13ms
[208.620s][info][gc,heap     ] GC(345) Eden regions: 426->0(430)
[208.620s][info][gc,heap     ] GC(345) Survivor regions: 12->8(55)
[208.620s][info][gc,heap     ] GC(345) Old regions: 60->61
[208.620s][info][gc,heap     ] GC(345) Humongous regions: 1->1
[208.620s][info][gc,metaspace] GC(345) Metaspace: 41995K(42432K)->41995K(42432K) NonClass: 37658K(37888K)->37658K(37888K) Class: 4336K(4544K)->4336K(4544K)
[208.620s][info][gc          ] GC(345) Pause Young (Normal) (G1 Evacuation Pause) 498M->69M(730M) 14.476ms
[208.620s][info][gc,cpu      ] GC(345) User=0.02s Sys=0.00s Real=0.01s
[210.459s][info][gc,start    ] GC(346) Pause Young (Normal) (G1 Evacuation Pause)
[210.459s][info][gc,task     ] GC(346) Using 2 workers of 2 for evacuation
[210.516s][info][gc,phases   ] GC(346)   Pre Evacuate Collection Set: 0.38ms
[210.516s][info][gc,phases   ] GC(346)   Merge Heap Roots: 0.19ms
[210.516s][info][gc,phases   ] GC(346)   Evacuate Collection Set: 55.10ms
[210.516s][info][gc,phases   ] GC(346)   Post Evacuate Collection Set: 0.73ms
[210.516s][info][gc,phases   ] GC(346)   Other: 0.09ms
[210.516s][info][gc,heap     ] GC(346) Eden regions: 430->0(392)
[210.516s][info][gc,heap     ] GC(346) Survivor regions: 8->46(55)
[210.516s][info][gc,heap     ] GC(346) Old regions: 61->62
[210.516s][info][gc,heap     ] GC(346) Humongous regions: 16->6
[210.516s][info][gc,metaspace] GC(346) Metaspace: 42069K(42560K)->42069K(42560K) NonClass: 37733K(38016K)->37733K(38016K) Class: 4336K(4544K)->4336K(4544K)
[210.516s][info][gc          ] GC(346) Pause Young (Normal) (G1 Evacuation Pause) 514M->112M(730M) 56.740ms
[210.516s][info][gc,cpu      ] GC(346) User=0.10s Sys=0.00s Real=0.06s
[211.917s][info][gc,start    ] GC(347) Pause Young (Normal) (G1 Evacuation Pause)
[211.917s][info][gc,task     ] GC(347) Using 2 workers of 2 for evacuation
[212.022s][info][gc,phases   ] GC(347)   Pre Evacuate Collection Set: 0.27ms
[212.022s][info][gc,phases   ] GC(347)   Merge Heap Roots: 0.18ms
[212.022s][info][gc,phases   ] GC(347)   Evacuate Collection Set: 103.69ms
[212.022s][info][gc,phases   ] GC(347)   Post Evacuate Collection Set: 0.70ms
[212.022s][info][gc,phases   ] GC(347)   Other: 0.13ms
[212.022s][info][gc,heap     ] GC(347) Eden regions: 392->0(399)
[212.022s][info][gc,heap     ] GC(347) Survivor regions: 46->39(55)
[212.022s][info][gc,heap     ] GC(347) Old regions: 62->107
[212.022s][info][gc,heap     ] GC(347) Humongous regions: 10->10
[212.022s][info][gc,metaspace] GC(347) Metaspace: 42071K(42560K)->42071K(42560K) NonClass: 37734K(38016K)->37734K(38016K) Class: 4336K(4544K)->4336K(4544K)
[212.022s][info][gc          ] GC(347) Pause Young (Normal) (G1 Evacuation Pause) (Evacuation Failure: Pinned) 508M->155M(730M) 105.189ms
[212.022s][info][gc,cpu      ] GC(347) User=0.21s Sys=0.01s Real=0.10s
[216.317s][info][gc,start    ] GC(348) Pause Young (Normal) (G1 Evacuation Pause)
[216.317s][info][gc,task     ] GC(348) Using 2 workers of 2 for evacuation
[216.387s][info][gc,phases   ] GC(348)   Pre Evacuate Collection Set: 0.27ms
[216.387s][info][gc,phases   ] GC(348)   Merge Heap Roots: 0.19ms
[216.387s][info][gc,phases   ] GC(348)   Evacuate Collection Set: 68.93ms
[216.387s][info][gc,phases   ] GC(348)   Post Evacuate Collection Set: 0.75ms
[216.387s][info][gc,phases   ] GC(348)   Other: 0.11ms
[216.387s][info][gc,heap     ] GC(348) Eden regions: 399->0(414)
[216.387s][info][gc,heap     ] GC(348) Survivor regions: 39->24(55)
[216.388s][info][gc,heap     ] GC(348) Old regions: 107->146
[216.388s][info][gc,heap     ] GC(348) Humongous regions: 15->11
[216.388s][info][gc,metaspace] GC(348) Metaspace: 42128K(42624K)->42128K(42624K) NonClass: 37792K(38080K)->37792K(38080K) Class: 4336K(4544K)->4336K(4544K)
[216.388s][info][gc          ] GC(348) Pause Young (Normal) (G1 Evacuation Pause) 559M->179M(730M) 70.472ms
[216.388s][info][gc,cpu      ] GC(348) User=0.14s Sys=0.00s Real=0.07s
[217.521s][info][gc,start    ] GC(349) Pause Young (Normal) (G1 Evacuation Pause)
[217.521s][info][gc,task     ] GC(349) Using 2 workers of 2 for evacuation
[217.618s][info][gc,phases   ] GC(349)   Pre Evacuate Collection Set: 0.23ms
[217.618s][info][gc,phases   ] GC(349)   Merge Heap Roots: 0.20ms
[217.618s][info][gc,phases   ] GC(349)   Evacuate Collection Set: 95.78ms
[217.618s][info][gc,phases   ] GC(349)   Post Evacuate Collection Set: 0.93ms
[217.618s][info][gc,phases   ] GC(349)   Other: 0.09ms
[217.618s][info][gc,heap     ] GC(349) Eden regions: 414->0(383)
[217.618s][info][gc,heap     ] GC(349) Survivor regions: 24->55(55)
[217.618s][info][gc,heap     ] GC(349) Old regions: 146->162
[217.618s][info][gc,heap     ] GC(349) Humongous regions: 17->17
[217.618s][info][gc,metaspace] GC(349) Metaspace: 42128K(42624K)->42128K(42624K) NonClass: 37792K(38080K)->37792K(38080K) Class: 4336K(4544K)->4336K(4544K)
[217.618s][info][gc          ] GC(349) Pause Young (Normal) (G1 Evacuation Pause) 599M->233M(730M) 97.467ms
[217.618s][info][gc,cpu      ] GC(349) User=0.20s Sys=0.00s Real=0.10s
[219.981s][info][gc,start    ] GC(350) Pause Young (Normal) (G1 Evacuation Pause)
[219.981s][info][gc,task     ] GC(350) Using 2 workers of 2 for evacuation
[220.074s][info][gc,phases   ] GC(350)   Pre Evacuate Collection Set: 0.29ms
[220.074s][info][gc,phases   ] GC(350)   Merge Heap Roots: 0.27ms
[220.074s][info][gc,phases   ] GC(350)   Evacuate Collection Set: 91.49ms
[220.074s][info][gc,phases   ] GC(350)   Post Evacuate Collection Set: 0.71ms
[220.074s][info][gc,phases   ] GC(350)   Other: 0.11ms
[220.074s][info][gc,heap     ] GC(350) Eden regions: 383->0(377)
[220.074s][info][gc,heap     ] GC(350) Survivor regions: 55->25(55)
[220.074s][info][gc,heap     ] GC(350) Old regions: 162->211
[220.074s][info][gc,heap     ] GC(350) Humongous regions: 25->23
[220.074s][info][gc,metaspace] GC(350) Metaspace: 42129K(42624K)->42129K(42624K) NonClass: 37792K(38080K)->37792K(38080K) Class: 4336K(4544K)->4336K(4544K)
[220.074s][info][gc          ] GC(350) Pause Young (Normal) (G1 Evacuation Pause) 624M->258M(730M) 93.124ms
[220.074s][info][gc,cpu      ] GC(350) User=0.18s Sys=0.00s Real=0.09s
[222.409s][info][gc,start    ] GC(351) Pause Young (Concurrent Start) (G1 Evacuation Pause)
[222.409s][info][gc,task     ] GC(351) Using 2 workers of 2 for evacuation
[222.443s][info][gc,phases   ] GC(351)   Pre Evacuate Collection Set: 0.29ms
[222.444s][info][gc,phases   ] GC(351)   Merge Heap Roots: 0.20ms
[222.444s][info][gc,phases   ] GC(351)   Evacuate Collection Set: 33.25ms
[222.444s][info][gc,phases   ] GC(351)   Post Evacuate Collection Set: 0.65ms
[222.444s][info][gc,phases   ] GC(351)   Other: 0.10ms
[222.444s][info][gc,heap     ] GC(351) Eden regions: 377->0(385)
[222.444s][info][gc,heap     ] GC(351) Survivor regions: 25->30(51)
[222.444s][info][gc,heap     ] GC(351) Old regions: 211->211
[222.444s][info][gc,heap     ] GC(351) Humongous regions: 23->23
[222.444s][info][gc,metaspace] GC(351) Metaspace: 42137K(42624K)->42137K(42624K) NonClass: 37800K(38080K)->37800K(38080K) Class: 4336K(4544K)->4336K(4544K)
[222.444s][info][gc          ] GC(351) Pause Young (Concurrent Start) (G1 Evacuation Pause) 635M->263M(730M) 34.771ms
[222.444s][info][gc,cpu      ] GC(351) User=0.07s Sys=0.00s Real=0.03s
[222.444s][info][gc          ] GC(352) Concurrent Mark Cycle
[222.444s][info][gc,marking  ] GC(352) Concurrent Scan Root Regions
[222.458s][info][gc,marking  ] GC(352) Concurrent Scan Root Regions 14.248ms
[222.458s][info][gc,marking  ] GC(352) Concurrent Mark
[222.458s][info][gc,marking  ] GC(352) Concurrent Mark From Roots
[222.458s][info][gc,task     ] GC(352) Using 1 workers of 1 for marking
[222.490s][info][gc,marking  ] GC(352) Concurrent Mark From Roots 31.888ms
[222.490s][info][gc,marking  ] GC(352) Concurrent Preclean
[222.490s][info][gc,marking  ] GC(352) Concurrent Preclean 0.179ms
[222.490s][info][gc,start    ] GC(352) Pause Remark
[222.507s][info][gc          ] GC(352) Pause Remark 270M->107M(337M) 16.164ms
[222.507s][info][gc,cpu      ] GC(352) User=0.03s Sys=0.00s Real=0.02s
[222.507s][info][gc,marking  ] GC(352) Concurrent Mark 48.637ms
[222.507s][info][gc,marking  ] GC(352) Concurrent Rebuild Remembered Sets and Scrub Regions
[222.518s][info][gc,marking  ] GC(352) Concurrent Rebuild Remembered Sets and Scrub Regions 11.737ms
[222.519s][info][gc,start    ] GC(352) Pause Cleanup
[222.519s][info][gc          ] GC(352) Pause Cleanup 109M->109M(337M) 0.056ms
[222.519s][info][gc,cpu      ] GC(352) User=0.00s Sys=0.00s Real=0.00s
[222.519s][info][gc,marking  ] GC(352) Concurrent Clear Claimed Marks
[222.519s][info][gc,marking  ] GC(352) Concurrent Clear Claimed Marks 0.037ms
[222.519s][info][gc,marking  ] GC(352) Concurrent Cleanup for Next Mark
[222.520s][info][gc,marking  ] GC(352) Concurrent Cleanup for Next Mark 1.611ms
[222.520s][info][gc          ] GC(352) Concurrent Mark Cycle 76.688ms
[223.631s][info][gc,start    ] GC(353) Pause Young (Prepare Mixed) (G1 Evacuation Pause)
[223.631s][info][gc,task     ] GC(353) Using 2 workers of 2 for evacuation
[223.639s][info][gc,phases   ] GC(353)   Pre Evacuate Collection Set: 0.19ms
[223.639s][info][gc,phases   ] GC(353)   Merge Heap Roots: 0.16ms
[223.639s][info][gc,phases   ] GC(353)   Evacuate Collection Set: 6.51ms
[223.639s][info][gc,phases   ] GC(353)   Post Evacuate Collection Set: 0.42ms
[223.639s][info][gc,phases   ] GC(353)   Other: 0.10ms
[223.639s][info][gc,heap     ] GC(353) Eden regions: 172->0(199)
[223.639s][info][gc,heap     ] GC(353) Survivor regions: 30->3(26)
[223.639s][info][gc,heap     ] GC(353) Old regions: 70->77
[223.639s][info][gc,heap     ] GC(353) Humongous regions: 2->1
[223.639s][info][gc,metaspace] GC(353) Metaspace: 42137K(42624K)->42137K(42624K) NonClass: 37800K(38080K)->37800K(38080K) Class: 4336K(4544K)->4336K(4544K)
[223.639s][info][gc          ] GC(353) Pause Young (Prepare Mixed) (G1 Evacuation Pause) 273M->80M(337M) 7.640ms
[223.639s][info][gc,cpu      ] GC(353) User=0.02s Sys=0.00s Real=0.01s
[224.876s][info][gc,start    ] GC(354) Pause Young (Mixed) (G1 Evacuation Pause)
[224.876s][info][gc,task     ] GC(354) Using 2 workers of 2 for evacuation
[224.901s][info][gc,phases   ] GC(354)   Pre Evacuate Collection Set: 0.20ms
[224.901s][info][gc,phases   ] GC(354)   Merge Heap Roots: 0.09ms
[224.901s][info][gc,phases   ] GC(354)   Evacuate Collection Set: 24.47ms
[224.901s][info][gc,phases   ] GC(354)   Post Evacuate Collection Set: 0.52ms
[224.901s][info][gc,phases   ] GC(354)   Other: 0.09ms
[224.901s][info][gc,heap     ] GC(354) Eden regions: 199->0(177)
[224.901s][info][gc,heap     ] GC(354) Survivor regions: 3->25(26)
[224.901s][info][gc,heap     ] GC(354) Old regions: 77->60
[224.901s][info][gc,heap     ] GC(354) Humongous regions: 3->3
[224.901s][info][gc,metaspace] GC(354) Metaspace: 42137K(42624K)->42137K(42624K) NonClass: 37800K(38080K)->37800K(38080K) Class: 4336K(4544K)->4336K(4544K)
[224.901s][info][gc          ] GC(354) Pause Young (Mixed) (G1 Evacuation Pause) 281M->87M(337M) 25.588ms
[224.901s][info][gc,cpu      ] GC(354) User=0.05s Sys=0.00s Real=0.02s
[225.187s][info][gc,start    ] GC(355) Pause Young (Concurrent Start) (G1 Humongous Allocation)
[225.187s][info][gc,task     ] GC(355) Using 2 workers of 2 for evacuation
[225.221s][info][gc,phases   ] GC(355)   Pre Evacuate Collection Set: 0.21ms
[225.221s][info][gc,phases   ] GC(355)   Merge Heap Roots: 0.07ms
[225.221s][info][gc,phases   ] GC(355)   Evacuate Collection Set: 32.90ms
[225.221s][info][gc,phases   ] GC(355)   Post Evacuate Collection Set: 0.43ms
[225.221s][info][gc,phases   ] GC(355)   Other: 0.11ms
[225.221s][info][gc,heap     ] GC(355) Eden regions: 113->0(184)
[225.221s][info][gc,heap     ] GC(355) Survivor regions: 25->15(26)
[225.221s][info][gc,heap     ] GC(355) Old regions: 60->85
[225.221s][info][gc,heap     ] GC(355) Humongous regions: 3->3
[225.221s][info][gc,metaspace] GC(355) Metaspace: 42137K(42624K)->42137K(42624K) NonClass: 37800K(38080K)->37800K(38080K) Class: 4336K(4544K)->4336K(4544K)
[225.221s][info][gc          ] GC(355) Pause Young (Concurrent Start) (G1 Humongous Allocation) 200M->101M(337M) 33.963ms
[225.221s][info][gc          ] GC(356) Concurrent Mark Cycle
[225.221s][info][gc,marking  ] GC(356) Concurrent Scan Root Regions
[225.222s][info][gc,cpu      ] GC(355) User=0.07s Sys=0.00s Real=0.03s
[225.247s][info][gc,marking  ] GC(356) Concurrent Scan Root Regions 25.405ms
[225.247s][info][gc,marking  ] GC(356) Concurrent Mark
[225.247s][info][gc,marking  ] GC(356) Concurrent Mark From Roots
[225.247s][info][gc,task     ] GC(356) Using 1 workers of 1 for marking
[225.279s][info][gc,marking  ] GC(356) Concurrent Mark From Roots 31.926ms
[225.279s][info][gc,marking  ] GC(356) Concurrent Preclean
[225.279s][info][gc,marking  ] GC(356) Concurrent Preclean 0.041ms
[225.279s][info][gc,start    ] GC(356) Pause Remark
[225.295s][info][gc          ] GC(356) Pause Remark 120M->120M(337M) 15.672ms
[225.295s][info][gc,cpu      ] GC(356) User=0.03s Sys=0.00s Real=0.01s
[225.295s][info][gc,marking  ] GC(356) Concurrent Mark 47.984ms
[225.295s][info][gc,marking  ] GC(356) Concurrent Rebuild Remembered Sets and Scrub Regions
[225.327s][info][gc,marking  ] GC(356) Concurrent Rebuild Remembered Sets and Scrub Regions 32.325ms
[225.327s][info][gc,start    ] GC(356) Pause Cleanup
[225.327s][info][gc          ] GC(356) Pause Cleanup 133M->133M(337M) 0.058ms
[225.327s][info][gc,cpu      ] GC(356) User=0.00s Sys=0.00s Real=0.00s
[225.327s][info][gc,marking  ] GC(356) Concurrent Clear Claimed Marks
[225.327s][info][gc,marking  ] GC(356) Concurrent Clear Claimed Marks 0.038ms
[225.327s][info][gc,marking  ] GC(356) Concurrent Cleanup for Next Mark
[225.328s][info][gc,marking  ] GC(356) Concurrent Cleanup for Next Mark 1.001ms
[225.328s][info][gc          ] GC(356) Concurrent Mark Cycle 107.144ms
[225.745s][info][gc,start    ] GC(357) Pause Young (Prepare Mixed) (G1 Evacuation Pause)
[225.745s][info][gc,task     ] GC(357) Using 2 workers of 2 for evacuation
[225.789s][info][gc,phases   ] GC(357)   Pre Evacuate Collection Set: 0.22ms
[225.789s][info][gc,phases   ] GC(357)   Merge Heap Roots: 0.10ms
[225.789s][info][gc,phases   ] GC(357)   Evacuate Collection Set: 43.20ms
[225.789s][info][gc,phases   ] GC(357)   Post Evacuate Collection Set: 0.45ms
[225.789s][info][gc,phases   ] GC(357)   Other: 0.10ms
[225.789s][info][gc,heap     ] GC(357) Eden regions: 184->0(162)
[225.789s][info][gc,heap     ] GC(357) Survivor regions: 15->23(25)
[225.789s][info][gc,heap     ] GC(357) Old regions: 85->99
[225.789s][info][gc,heap     ] GC(357) Humongous regions: 6->6
[225.789s][info][gc,metaspace] GC(357) Metaspace: 42137K(42624K)->42137K(42624K) NonClass: 37800K(38080K)->37800K(38080K) Class: 4336K(4544K)->4336K(4544K)
[225.789s][info][gc          ] GC(357) Pause Young (Prepare Mixed) (G1 Evacuation Pause) 288M->126M(337M) 44.321ms
[225.789s][info][gc,cpu      ] GC(357) User=0.08s Sys=0.00s Real=0.05s
[226.186s][info][gc,start    ] GC(358) Pause Young (Mixed) (G1 Evacuation Pause)
[226.187s][info][gc,task     ] GC(358) Using 2 workers of 2 for evacuation
[226.236s][info][gc,phases   ] GC(358)   Pre Evacuate Collection Set: 0.25ms
[226.236s][info][gc,phases   ] GC(358)   Merge Heap Roots: 0.20ms
[226.236s][info][gc,phases   ] GC(358)   Evacuate Collection Set: 47.91ms
[226.236s][info][gc,phases   ] GC(358)   Post Evacuate Collection Set: 0.61ms
[226.236s][info][gc,phases   ] GC(358)   Other: 0.08ms
[226.236s][info][gc,heap     ] GC(358) Eden regions: 162->0(166)
[226.236s][info][gc,heap     ] GC(358) Survivor regions: 23->19(24)
[226.236s][info][gc,heap     ] GC(358) Old regions: 99->97
[226.236s][info][gc,heap     ] GC(358) Humongous regions: 6->6
[226.236s][info][gc,metaspace] GC(358) Metaspace: 42137K(42624K)->42137K(42624K) NonClass: 37800K(38080K)->37800K(38080K) Class: 4336K(4544K)->4336K(4544K)
[226.236s][info][gc          ] GC(358) Pause Young (Mixed) (G1 Evacuation Pause) 288M->121M(337M) 49.306ms
[226.236s][info][gc,cpu      ] GC(358) User=0.09s Sys=0.00s Real=0.05s
[226.400s][info][gc,start    ] GC(359) Pause Young (Concurrent Start) (G1 Humongous Allocation)
[226.400s][info][gc,task     ] GC(359) Using 2 workers of 2 for evacuation
[226.428s][info][gc,phases   ] GC(359)   Pre Evacuate Collection Set: 0.22ms
[226.428s][info][gc,phases   ] GC(359)   Merge Heap Roots: 0.08ms
[226.428s][info][gc,phases   ] GC(359)   Evacuate Collection Set: 26.93ms
[226.428s][info][gc,phases   ] GC(359)   Post Evacuate Collection Set: 0.36ms
[226.428s][info][gc,phases   ] GC(359)   Other: 0.09ms
[226.428s][info][gc,heap     ] GC(359) Eden regions: 64->0(160)
[226.428s][info][gc,heap     ] GC(359) Survivor regions: 19->8(24)
[226.428s][info][gc,heap     ] GC(359) Old regions: 97->116
[226.428s][info][gc,heap     ] GC(359) Humongous regions: 6->6
[226.428s][info][gc,metaspace] GC(359) Metaspace: 42137K(42624K)->42137K(42624K) NonClass: 37800K(38080K)->37800K(38080K) Class: 4336K(4544K)->4336K(4544K)
[226.428s][info][gc          ] GC(359) Pause Young (Concurrent Start) (G1 Humongous Allocation) 185M->130M(337M) 27.926ms
[226.428s][info][gc,cpu      ] GC(359) User=0.05s Sys=0.00s Real=0.03s
[226.428s][info][gc          ] GC(360) Concurrent Mark Cycle
[226.428s][info][gc,marking  ] GC(360) Concurrent Scan Root Regions
[226.451s][info][gc,marking  ] GC(360) Concurrent Scan Root Regions 23.023ms
[226.451s][info][gc,marking  ] GC(360) Concurrent Mark
[226.451s][info][gc,marking  ] GC(360) Concurrent Mark From Roots
[226.451s][info][gc,task     ] GC(360) Using 1 workers of 1 for marking
[226.535s][info][gc,marking  ] GC(360) Concurrent Mark From Roots 84.243ms
[226.535s][info][gc,marking  ] GC(360) Concurrent Preclean
[226.535s][info][gc,marking  ] GC(360) Concurrent Preclean 0.041ms
[226.535s][info][gc,start    ] GC(360) Pause Remark
[226.552s][info][gc          ] GC(360) Pause Remark 159M->143M(337M) 16.414ms
[226.552s][info][gc,cpu      ] GC(360) User=0.03s Sys=0.00s Real=0.01s
[226.552s][info][gc,marking  ] GC(360) Concurrent Mark 101.036ms
[226.552s][info][gc,marking  ] GC(360) Concurrent Rebuild Remembered Sets and Scrub Regions
[226.611s][info][gc,marking  ] GC(360) Concurrent Rebuild Remembered Sets and Scrub Regions 58.940ms
[226.611s][info][gc,start    ] GC(360) Pause Cleanup
[226.611s][info][gc          ] GC(360) Pause Cleanup 170M->170M(337M) 0.058ms
[226.611s][info][gc,cpu      ] GC(360) User=0.00s Sys=0.00s Real=0.00s
[226.611s][info][gc,marking  ] GC(360) Concurrent Clear Claimed Marks
[226.611s][info][gc,marking  ] GC(360) Concurrent Clear Claimed Marks 0.042ms
[226.611s][info][gc,marking  ] GC(360) Concurrent Cleanup for Next Mark
[226.612s][info][gc,marking  ] GC(360) Concurrent Cleanup for Next Mark 1.010ms
[226.612s][info][gc          ] GC(360) Concurrent Mark Cycle 184.542ms
[227.083s][info][gc,start    ] GC(361) Pause Young (Prepare Mixed) (G1 Evacuation Pause)
[227.083s][info][gc,task     ] GC(361) Using 2 workers of 2 for evacuation
[227.129s][info][gc,phases   ] GC(361)   Pre Evacuate Collection Set: 0.20ms
[227.129s][info][gc,phases   ] GC(361)   Merge Heap Roots: 0.14ms
[227.129s][info][gc,phases   ] GC(361)   Evacuate Collection Set: 44.45ms
[227.129s][info][gc,phases   ] GC(361)   Post Evacuate Collection Set: 0.48ms
[227.129s][info][gc,phases   ] GC(361)   Other: 0.10ms
[227.129s][info][gc,heap     ] GC(361) Eden regions: 160->0(141)
[227.129s][info][gc,heap     ] GC(361) Survivor regions: 8->21(21)
[227.129s][info][gc,heap     ] GC(361) Old regions: 101->114
[227.129s][info][gc,heap     ] GC(361) Humongous regions: 11->11
[227.129s][info][gc,metaspace] GC(361) Metaspace: 42137K(42624K)->42137K(42624K) NonClass: 37800K(38080K)->37800K(38080K) Class: 4336K(4544K)->4336K(4544K)
[227.129s][info][gc          ] GC(361) Pause Young (Prepare Mixed) (G1 Evacuation Pause) 280M->146M(337M) 45.675ms
[227.129s][info][gc,cpu      ] GC(361) User=0.09s Sys=0.00s Real=0.05s
[228.357s][info][gc,start    ] GC(362) Pause Young (Mixed) (G1 Evacuation Pause)
[228.357s][info][gc,task     ] GC(362) Using 2 workers of 2 for evacuation
[228.420s][info][gc,phases   ] GC(362)   Pre Evacuate Collection Set: 0.22ms
[228.420s][info][gc,phases   ] GC(362)   Merge Heap Roots: 0.30ms
[228.420s][info][gc,phases   ] GC(362)   Evacuate Collection Set: 62.51ms
[228.420s][info][gc,phases   ] GC(362)   Post Evacuate Collection Set: 0.49ms
[228.420s][info][gc,phases   ] GC(362)   Other: 0.07ms
[228.420s][info][gc,heap     ] GC(362) Eden regions: 141->0(126)
[228.420s][info][gc,heap     ] GC(362) Survivor regions: 21->21(21)
[228.420s][info][gc,heap     ] GC(362) Old regions: 114->129
[228.420s][info][gc,heap     ] GC(362) Humongous regions: 17->15
[228.420s][info][gc,metaspace] GC(362) Metaspace: 42137K(42624K)->42137K(42624K) NonClass: 37800K(38080K)->37800K(38080K) Class: 4336K(4544K)->4336K(4544K)
[228.420s][info][gc          ] GC(362) Pause Young (Mixed) (G1 Evacuation Pause) 293M->164M(337M) 63.806ms
[228.420s][info][gc,cpu      ] GC(362) User=0.12s Sys=0.00s Real=0.06s
[229.016s][info][gc,start    ] GC(363) Pause Young (Concurrent Start) (G1 Evacuation Pause)
[229.016s][info][gc,task     ] GC(363) Using 2 workers of 2 for evacuation
[229.044s][info][gc,phases   ] GC(363)   Pre Evacuate Collection Set: 0.20ms
[229.044s][info][gc,phases   ] GC(363)   Merge Heap Roots: 0.16ms
[229.044s][info][gc,phases   ] GC(363)   Evacuate Collection Set: 27.09ms
[229.044s][info][gc,phases   ] GC(363)   Post Evacuate Collection Set: 0.39ms
[229.044s][info][gc,phases   ] GC(363)   Other: 0.09ms
[229.044s][info][gc,heap     ] GC(363) Eden regions: 126->0(125)
[229.044s][info][gc,heap     ] GC(363) Survivor regions: 21->7(19)
[229.044s][info][gc,heap     ] GC(363) Old regions: 129->150
[229.044s][info][gc,heap     ] GC(363) Humongous regions: 15->15
[229.044s][info][gc,metaspace] GC(363) Metaspace: 42137K(42624K)->42137K(42624K) NonClass: 37800K(38080K)->37800K(38080K) Class: 4336K(4544K)->4336K(4544K)
[229.044s][info][gc          ] GC(363) Pause Young (Concurrent Start) (G1 Evacuation Pause) 290M->171M(337M) 28.148ms
[229.044s][info][gc,cpu      ] GC(363) User=0.05s Sys=0.00s Real=0.02s
[229.044s][info][gc          ] GC(364) Concurrent Mark Cycle
[229.044s][info][gc,marking  ] GC(364) Concurrent Scan Root Regions
[229.082s][info][gc,marking  ] GC(364) Concurrent Scan Root Regions 37.604ms
[229.082s][info][gc,marking  ] GC(364) Concurrent Mark
[229.082s][info][gc,marking  ] GC(364) Concurrent Mark From Roots
[229.082s][info][gc,task     ] GC(364) Using 1 workers of 1 for marking
[229.130s][info][gc,marking  ] GC(364) Concurrent Mark From Roots 48.593ms
[229.131s][info][gc,marking  ] GC(364) Concurrent Preclean
[229.131s][info][gc,marking  ] GC(364) Concurrent Preclean 0.034ms
[229.131s][info][gc,start    ] GC(364) Pause Remark
[229.145s][info][gc          ] GC(364) Pause Remark 185M->151M(337M) 14.393ms
[229.145s][info][gc,cpu      ] GC(364) User=0.02s Sys=0.00s Real=0.02s
[229.145s][info][gc,marking  ] GC(364) Concurrent Mark 63.325ms
[229.145s][info][gc,marking  ] GC(364) Concurrent Rebuild Remembered Sets and Scrub Regions
[229.201s][info][gc,marking  ] GC(364) Concurrent Rebuild Remembered Sets and Scrub Regions 56.287ms
[229.202s][info][gc,start    ] GC(364) Pause Cleanup
[229.202s][info][gc          ] GC(364) Pause Cleanup 161M->161M(337M) 0.078ms
[229.202s][info][gc,cpu      ] GC(364) User=0.00s Sys=0.00s Real=0.00s
[229.202s][info][gc,marking  ] GC(364) Concurrent Clear Claimed Marks
[229.202s][info][gc,marking  ] GC(364) Concurrent Clear Claimed Marks 0.039ms
[229.202s][info][gc,marking  ] GC(364) Concurrent Cleanup for Next Mark
[229.203s][info][gc,marking  ] GC(364) Concurrent Cleanup for Next Mark 1.006ms
[229.203s][info][gc          ] GC(364) Concurrent Mark Cycle 158.694ms
[229.803s][info][gc,start    ] GC(365) Pause Young (Prepare Mixed) (G1 Evacuation Pause)
[229.803s][info][gc,task     ] GC(365) Using 2 workers of 2 for evacuation
[229.817s][info][gc,phases   ] GC(365)   Pre Evacuate Collection Set: 0.20ms
[229.817s][info][gc,phases   ] GC(365)   Merge Heap Roots: 0.08ms
[229.817s][info][gc,phases   ] GC(365)   Evacuate Collection Set: 13.85ms
[229.817s][info][gc,phases   ] GC(365)   Post Evacuate Collection Set: 0.39ms
[229.817s][info][gc,phases   ] GC(365)   Other: 0.07ms
[229.817s][info][gc,heap     ] GC(365) Eden regions: 125->0(142)
[229.817s][info][gc,heap     ] GC(365) Survivor regions: 7->16(17)
[229.817s][info][gc,heap     ] GC(365) Old regions: 130->130
[229.817s][info][gc,heap     ] GC(365) Humongous regions: 1->1
[229.817s][info][gc,metaspace] GC(365) Metaspace: 42137K(42624K)->42137K(42624K) NonClass: 37800K(38080K)->37800K(38080K) Class: 4336K(4544K)->4336K(4544K)
[229.817s][info][gc          ] GC(365) Pause Young (Prepare Mixed) (G1 Evacuation Pause) 262M->145M(337M) 14.766ms
[229.817s][info][gc,cpu      ] GC(365) User=0.03s Sys=0.01s Real=0.02s
[230.697s][info][gc,start    ] GC(366) Pause Young (Mixed) (G1 Evacuation Pause)
[230.698s][info][gc,task     ] GC(366) Using 2 workers of 2 for evacuation
[230.736s][info][gc,phases   ] GC(366)   Pre Evacuate Collection Set: 0.23ms
[230.736s][info][gc,phases   ] GC(366)   Merge Heap Roots: 0.29ms
[230.736s][info][gc,phases   ] GC(366)   Evacuate Collection Set: 37.12ms
[230.736s][info][gc,phases   ] GC(366)   Post Evacuate Collection Set: 0.50ms
[230.736s][info][gc,phases   ] GC(366)   Other: 0.07ms
[230.736s][info][gc,heap     ] GC(366) Eden regions: 142->0(153)
[230.736s][info][gc,heap     ] GC(366) Survivor regions: 16->20(20)
[230.736s][info][gc,heap     ] GC(366) Old regions: 130->112
[230.736s][info][gc,heap     ] GC(366) Humongous regions: 1->1
[230.736s][info][gc,metaspace] GC(366) Metaspace: 42137K(42624K)->42137K(42624K) NonClass: 37800K(38080K)->37800K(38080K) Class: 4336K(4544K)->4336K(4544K)
[230.736s][info][gc          ] GC(366) Pause Young (Mixed) (G1 Evacuation Pause) 287M->133M(337M) 38.391ms
[230.736s][info][gc,cpu      ] GC(366) User=0.07s Sys=0.00s Real=0.04s
[231.623s][info][gc,start    ] GC(367) Pause Young (Mixed) (G1 Evacuation Pause)
[231.623s][info][gc,task     ] GC(367) Using 2 workers of 2 for evacuation
[231.666s][info][gc,phases   ] GC(367)   Pre Evacuate Collection Set: 0.18ms
[231.666s][info][gc,phases   ] GC(367)   Merge Heap Roots: 0.65ms
[231.666s][info][gc,phases   ] GC(367)   Evacuate Collection Set: 41.40ms
[231.666s][info][gc,phases   ] GC(367)   Post Evacuate Collection Set: 0.62ms
[231.666s][info][gc,phases   ] GC(367)   Other: 0.07ms
[231.666s][info][gc,heap     ] GC(367) Eden regions: 153->0(164)
[231.666s][info][gc,heap     ] GC(367) Survivor regions: 20->13(22)
[231.666s][info][gc,heap     ] GC(367) Old regions: 112->109
[231.666s][info][gc,heap     ] GC(367) Humongous regions: 1->1
[231.666s][info][gc,metaspace] GC(367) Metaspace: 42137K(42624K)->42137K(42624K) NonClass: 37800K(38080K)->37800K(38080K) Class: 4336K(4544K)->4336K(4544K)
[231.666s][info][gc          ] GC(367) Pause Young (Mixed) (G1 Evacuation Pause) 286M->123M(337M) 43.141ms
[231.666s][info][gc,cpu      ] GC(367) User=0.09s Sys=0.00s Real=0.05s
[231.856s][info][gc,start    ] GC(368) Pause Young (Concurrent Start) (G1 Humongous Allocation)
[231.856s][info][gc,task     ] GC(368) Using 2 workers of 2 for evacuation
[231.870s][info][gc,phases   ] GC(368)   Pre Evacuate Collection Set: 0.24ms
[231.870s][info][gc,phases   ] GC(368)   Merge Heap Roots: 0.05ms
[231.870s][info][gc,phases   ] GC(368)   Evacuate Collection Set: 13.31ms
[231.870s][info][gc,phases   ] GC(368)   Post Evacuate Collection Set: 0.32ms
[231.870s][info][gc,phases   ] GC(368)   Other: 0.09ms
[231.870s][info][gc,heap     ] GC(368) Eden regions: 31->0(157)
[231.870s][info][gc,heap     ] GC(368) Survivor regions: 13->5(23)
[231.870s][info][gc,heap     ] GC(368) Old regions: 109->123
[231.870s][info][gc,heap     ] GC(368) Humongous regions: 1->1
[231.870s][info][gc,metaspace] GC(368) Metaspace: 42137K(42624K)->42137K(42624K) NonClass: 37801K(38080K)->37801K(38080K) Class: 4336K(4544K)->4336K(4544K)
[231.870s][info][gc          ] GC(368) Pause Young (Concurrent Start) (G1 Humongous Allocation) 153M->128M(337M) 14.198ms
[231.870s][info][gc,cpu      ] GC(368) User=0.03s Sys=0.00s Real=0.01s
[231.870s][info][gc          ] GC(369) Concurrent Mark Cycle
[231.870s][info][gc,marking  ] GC(369) Concurrent Scan Root Regions
[231.884s][info][gc,marking  ] GC(369) Concurrent Scan Root Regions 14.433ms
[231.884s][info][gc,marking  ] GC(369) Concurrent Mark
[231.884s][info][gc,marking  ] GC(369) Concurrent Mark From Roots
[231.884s][info][gc,task     ] GC(369) Using 1 workers of 1 for marking
[231.923s][info][gc,marking  ] GC(369) Concurrent Mark From Roots 38.332ms
[231.923s][info][gc,marking  ] GC(369) Concurrent Preclean
[231.923s][info][gc,marking  ] GC(369) Concurrent Preclean 0.036ms
[231.923s][info][gc,start    ] GC(369) Pause Remark
[231.937s][info][gc          ] GC(369) Pause Remark 139M->104M(317M) 14.082ms
[231.937s][info][gc,cpu      ] GC(369) User=0.03s Sys=0.00s Real=0.02s
[231.937s][info][gc,marking  ] GC(369) Concurrent Mark 52.642ms
[231.937s][info][gc,marking  ] GC(369) Concurrent Rebuild Remembered Sets and Scrub Regions
[231.963s][info][gc,marking  ] GC(369) Concurrent Rebuild Remembered Sets and Scrub Regions 26.432ms
[231.964s][info][gc,start    ] GC(369) Pause Cleanup
[231.964s][info][gc          ] GC(369) Pause Cleanup 109M->109M(317M) 0.054ms
[231.964s][info][gc,cpu      ] GC(369) User=0.00s Sys=0.00s Real=0.00s
[231.964s][info][gc,marking  ] GC(369) Concurrent Clear Claimed Marks
[231.964s][info][gc,marking  ] GC(369) Concurrent Clear Claimed Marks 0.034ms
[231.964s][info][gc,marking  ] GC(369) Concurrent Cleanup for Next Mark
[231.965s][info][gc,marking  ] GC(369) Concurrent Cleanup for Next Mark 0.904ms
[231.965s][info][gc          ] GC(369) Concurrent Mark Cycle 94.775ms
[232.811s][info][gc,start    ] GC(370) Pause Young (Prepare Mixed) (G1 Evacuation Pause)
[232.811s][info][gc,task     ] GC(370) Using 2 workers of 2 for evacuation
[232.827s][info][gc,phases   ] GC(370)   Pre Evacuate Collection Set: 0.17ms
[232.827s][info][gc,phases   ] GC(370)   Merge Heap Roots: 0.07ms
[232.827s][info][gc,phases   ] GC(370)   Evacuate Collection Set: 14.97ms
[232.827s][info][gc,phases   ] GC(370)   Post Evacuate Collection Set: 0.40ms
[232.827s][info][gc,phases   ] GC(370)   Other: 0.07ms
[232.827s][info][gc,heap     ] GC(370) Eden regions: 157->0(160)
[232.827s][info][gc,heap     ] GC(370) Survivor regions: 5->16(21)
[232.827s][info][gc,heap     ] GC(370) Old regions: 88->88
[232.827s][info][gc,heap     ] GC(370) Humongous regions: 2->2
[232.827s][info][gc,metaspace] GC(370) Metaspace: 42137K(42624K)->42137K(42624K) NonClass: 37801K(38080K)->37801K(38080K) Class: 4336K(4544K)->4336K(4544K)
[232.827s][info][gc          ] GC(370) Pause Young (Prepare Mixed) (G1 Evacuation Pause) 251M->105M(317M) 15.853ms
[232.827s][info][gc,cpu      ] GC(370) User=0.03s Sys=0.00s Real=0.02s
[233.690s][info][gc,start    ] GC(371) Pause Young (Mixed) (G1 Evacuation Pause)
[233.690s][info][gc,task     ] GC(371) Using 2 workers of 2 for evacuation
[233.720s][info][gc,phases   ] GC(371)   Pre Evacuate Collection Set: 0.18ms
[233.720s][info][gc,phases   ] GC(371)   Merge Heap Roots: 0.24ms
[233.720s][info][gc,phases   ] GC(371)   Evacuate Collection Set: 29.25ms
[233.720s][info][gc,phases   ] GC(371)   Post Evacuate Collection Set: 0.60ms
[233.720s][info][gc,phases   ] GC(371)   Other: 0.09ms
[233.720s][info][gc,heap     ] GC(371) Eden regions: 160->0(166)
[233.720s][info][gc,heap     ] GC(371) Survivor regions: 16->20(22)
[233.720s][info][gc,heap     ] GC(371) Old regions: 88->68
[233.720s][info][gc,heap     ] GC(371) Humongous regions: 6->4
[233.720s][info][gc,metaspace] GC(371) Metaspace: 42144K(42624K)->42144K(42624K) NonClass: 37808K(38080K)->37808K(38080K) Class: 4336K(4544K)->4336K(4544K)
[233.720s][info][gc          ] GC(371) Pause Young (Mixed) (G1 Evacuation Pause) 269M->91M(317M) 30.566ms
[233.720s][info][gc,cpu      ] GC(371) User=0.06s Sys=0.00s Real=0.03s
[233.789s][info][gc,start    ] GC(372) Pause Young (Concurrent Start) (G1 Humongous Allocation)
[233.789s][info][gc,task     ] GC(372) Using 2 workers of 2 for evacuation
[233.798s][info][gc,phases   ] GC(372)   Pre Evacuate Collection Set: 0.21ms
[233.798s][info][gc,phases   ] GC(372)   Merge Heap Roots: 0.05ms
[233.798s][info][gc,phases   ] GC(372)   Evacuate Collection Set: 8.88ms
[233.798s][info][gc,phases   ] GC(372)   Post Evacuate Collection Set: 0.31ms
[233.798s][info][gc,phases   ] GC(372)   Other: 0.08ms
[233.798s][info][gc,heap     ] GC(372) Eden regions: 16->0(178)
[233.798s][info][gc,heap     ] GC(372) Survivor regions: 20->1(24)
[233.798s][info][gc,heap     ] GC(372) Old regions: 68->81
[233.798s][info][gc,heap     ] GC(372) Humongous regions: 4->2
[233.798s][info][gc,metaspace] GC(372) Metaspace: 42149K(42624K)->42149K(42624K) NonClass: 37812K(38080K)->37812K(38080K) Class: 4336K(4544K)->4336K(4544K)
[233.798s][info][gc          ] GC(372) Pause Young (Concurrent Start) (G1 Humongous Allocation) 107M->83M(317M) 9.692ms
[233.798s][info][gc,cpu      ] GC(372) User=0.01s Sys=0.00s Real=0.01s
[233.798s][info][gc          ] GC(373) Concurrent Mark Cycle
[233.798s][info][gc,marking  ] GC(373) Concurrent Scan Root Regions
[233.809s][info][gc,marking  ] GC(373) Concurrent Scan Root Regions 11.010ms
[233.809s][info][gc,marking  ] GC(373) Concurrent Mark
[233.809s][info][gc,marking  ] GC(373) Concurrent Mark From Roots
[233.809s][info][gc,task     ] GC(373) Using 1 workers of 1 for marking
[233.847s][info][gc,marking  ] GC(373) Concurrent Mark From Roots 37.177ms
[233.847s][info][gc,marking  ] GC(373) Concurrent Preclean
[233.847s][info][gc,marking  ] GC(373) Concurrent Preclean 0.037ms
[233.847s][info][gc,start    ] GC(373) Pause Remark
[233.860s][info][gc          ] GC(373) Pause Remark 95M->80M(256M) 13.478ms
[233.860s][info][gc,cpu      ] GC(373) User=0.03s Sys=0.00s Real=0.01s
[233.860s][info][gc,marking  ] GC(373) Concurrent Mark 50.942ms
[233.860s][info][gc,marking  ] GC(373) Concurrent Rebuild Remembered Sets and Scrub Regions
[233.882s][info][gc,marking  ] GC(373) Concurrent Rebuild Remembered Sets and Scrub Regions 21.622ms
[233.882s][info][gc,start    ] GC(373) Pause Cleanup
[233.882s][info][gc          ] GC(373) Pause Cleanup 83M->83M(256M) 0.049ms
[233.882s][info][gc,cpu      ] GC(373) User=0.00s Sys=0.00s Real=0.00s
[233.882s][info][gc,marking  ] GC(373) Concurrent Clear Claimed Marks
[233.882s][info][gc,marking  ] GC(373) Concurrent Clear Claimed Marks 0.035ms
[233.882s][info][gc,marking  ] GC(373) Concurrent Cleanup for Next Mark
[233.883s][info][gc,marking  ] GC(373) Concurrent Cleanup for Next Mark 0.777ms
[233.883s][info][gc          ] GC(373) Concurrent Mark Cycle 84.740ms
[234.595s][info][gc,start    ] GC(374) Pause Young (Prepare Mixed) (G1 Evacuation Pause)
[234.595s][info][gc,task     ] GC(374) Using 2 workers of 2 for evacuation
[234.608s][info][gc,phases   ] GC(374)   Pre Evacuate Collection Set: 0.15ms
[234.608s][info][gc,phases   ] GC(374)   Merge Heap Roots: 0.07ms
[234.608s][info][gc,phases   ] GC(374)   Evacuate Collection Set: 12.13ms
[234.608s][info][gc,phases   ] GC(374)   Post Evacuate Collection Set: 0.92ms
[234.608s][info][gc,phases   ] GC(374)   Other: 0.09ms
[234.608s][info][gc,heap     ] GC(374) Eden regions: 152->0(138)
[234.608s][info][gc,heap     ] GC(374) Survivor regions: 1->11(20)
[234.608s][info][gc,heap     ] GC(374) Old regions: 66->66
[234.608s][info][gc,heap     ] GC(374) Humongous regions: 18->3
[234.608s][info][gc,metaspace] GC(374) Metaspace: 42158K(42624K)->42158K(42624K) NonClass: 37822K(38080K)->37822K(38080K) Class: 4336K(4544K)->4336K(4544K)
[234.608s][info][gc          ] GC(374) Pause Young (Prepare Mixed) (G1 Evacuation Pause) 237M->79M(256M) 13.563ms
[234.608s][info][gc,cpu      ] GC(374) User=0.02s Sys=0.00s Real=0.02s
[235.505s][info][gc,start    ] GC(375) Pause Young (Mixed) (G1 Evacuation Pause)
[235.505s][info][gc,task     ] GC(375) Using 2 workers of 2 for evacuation
[235.509s][info][gc,phases   ] GC(375)   Pre Evacuate Collection Set: 0.17ms
[235.509s][info][gc,phases   ] GC(375)   Merge Heap Roots: 0.07ms
[235.509s][info][gc,phases   ] GC(375)   Evacuate Collection Set: 2.49ms
[235.509s][info][gc,phases   ] GC(375)   Post Evacuate Collection Set: 0.38ms
[235.509s][info][gc,phases   ] GC(375)   Other: 0.09ms
[235.509s][info][gc,heap     ] GC(375) Eden regions: 138->0(152)
[235.509s][info][gc,heap     ] GC(375) Survivor regions: 11->1(19)
[235.509s][info][gc,heap     ] GC(375) Old regions: 66->52
[235.509s][info][gc,heap     ] GC(375) Humongous regions: 8->1
[235.509s][info][gc,metaspace] GC(375) Metaspace: 42158K(42624K)->42158K(42624K) NonClass: 37822K(38080K)->37822K(38080K) Class: 4336K(4544K)->4336K(4544K)
[235.509s][info][gc          ] GC(375) Pause Young (Mixed) (G1 Evacuation Pause) 222M->53M(256M) 3.365ms
[235.509s][info][gc,cpu      ] GC(375) User=0.01s Sys=0.00s Real=0.00s
[235.514s][info][gc,start    ] GC(376) Pause Young (Concurrent Start) (G1 Humongous Allocation)
[235.514s][info][gc,task     ] GC(376) Using 2 workers of 2 for evacuation
[235.516s][info][gc,phases   ] GC(376)   Pre Evacuate Collection Set: 0.13ms
[235.516s][info][gc,phases   ] GC(376)   Merge Heap Roots: 0.03ms
[235.516s][info][gc,phases   ] GC(376)   Evacuate Collection Set: 1.92ms
[235.516s][info][gc,phases   ] GC(376)   Post Evacuate Collection Set: 0.22ms
[235.516s][info][gc,phases   ] GC(376)   Other: 0.09ms
[235.516s][info][gc,heap     ] GC(376) Eden regions: 1->0(119)
[235.516s][info][gc,heap     ] GC(376) Survivor regions: 1->2(20)
[235.516s][info][gc,heap     ] GC(376) Old regions: 52->52
[235.516s][info][gc,heap     ] GC(376) Humongous regions: 1->1
[235.516s][info][gc,metaspace] GC(376) Metaspace: 42158K(42624K)->42158K(42624K) NonClass: 37822K(38080K)->37822K(38080K) Class: 4336K(4544K)->4336K(4544K)
[235.516s][info][gc          ] GC(376) Pause Young (Concurrent Start) (G1 Humongous Allocation) 54M->54M(256M) 2.543ms
[235.516s][info][gc,cpu      ] GC(376) User=0.01s Sys=0.00s Real=0.01s
[235.516s][info][gc          ] GC(377) Concurrent Mark Cycle
[235.516s][info][gc,marking  ] GC(377) Concurrent Scan Root Regions
[235.520s][info][gc,marking  ] GC(377) Concurrent Scan Root Regions 3.840ms
[235.520s][info][gc,marking  ] GC(377) Concurrent Mark
[235.520s][info][gc,marking  ] GC(377) Concurrent Mark From Roots
[235.520s][info][gc,task     ] GC(377) Using 1 workers of 1 for marking
[235.606s][info][gc,marking  ] GC(377) Concurrent Mark From Roots 85.299ms
[235.606s][info][gc,marking  ] GC(377) Concurrent Preclean
[235.606s][info][gc,marking  ] GC(377) Concurrent Preclean 0.041ms
[235.606s][info][gc,start    ] GC(377) Pause Remark
[235.627s][info][gc          ] GC(377) Pause Remark 67M->67M(256M) 21.228ms
[235.627s][info][gc,cpu      ] GC(377) User=0.04s Sys=0.00s Real=0.02s
[235.627s][info][gc,marking  ] GC(377) Concurrent Mark 106.840ms
[235.627s][info][gc,marking  ] GC(377) Concurrent Rebuild Remembered Sets and Scrub Regions
[235.659s][info][gc,marking  ] GC(377) Concurrent Rebuild Remembered Sets and Scrub Regions 32.163ms
[235.660s][info][gc,start    ] GC(377) Pause Cleanup
[235.660s][info][gc          ] GC(377) Pause Cleanup 72M->72M(256M) 0.068ms
[235.660s][info][gc,cpu      ] GC(377) User=0.00s Sys=0.00s Real=0.00s
[235.660s][info][gc,marking  ] GC(377) Concurrent Clear Claimed Marks
[235.660s][info][gc,marking  ] GC(377) Concurrent Clear Claimed Marks 0.047ms
[235.660s][info][gc,marking  ] GC(377) Concurrent Cleanup for Next Mark
[235.661s][info][gc,marking  ] GC(377) Concurrent Cleanup for Next Mark 0.808ms
[235.661s][info][gc          ] GC(377) Concurrent Mark Cycle 144.125ms
[236.014s][info][gc,start    ] GC(378) Pause Young (Prepare Mixed) (G1 Evacuation Pause)
[236.014s][info][gc,task     ] GC(378) Using 2 workers of 2 for evacuation
[236.044s][info][gc,phases   ] GC(378)   Pre Evacuate Collection Set: 0.17ms
[236.044s][info][gc,phases   ] GC(378)   Merge Heap Roots: 0.06ms
[236.044s][info][gc,phases   ] GC(378)   Evacuate Collection Set: 28.66ms
[236.044s][info][gc,phases   ] GC(378)   Post Evacuate Collection Set: 0.59ms
[236.044s][info][gc,phases   ] GC(378)   Other: 0.08ms
[236.044s][info][gc,heap     ] GC(378) Eden regions: 119->0(113)
[236.044s][info][gc,heap     ] GC(378) Survivor regions: 2->16(16)
[236.044s][info][gc,heap     ] GC(378) Old regions: 52->53
[236.044s][info][gc,heap     ] GC(378) Humongous regions: 7->3
[236.044s][info][gc,metaspace] GC(378) Metaspace: 42160K(42624K)->42160K(42624K) NonClass: 37823K(38080K)->37823K(38080K) Class: 4336K(4544K)->4336K(4544K)
[236.044s][info][gc          ] GC(378) Pause Young (Prepare Mixed) (G1 Evacuation Pause) 179M->71M(256M) 29.725ms
[236.044s][info][gc,cpu      ] GC(378) User=0.03s Sys=0.00s Real=0.03s
[236.540s][info][gc,start    ] GC(379) Pause Young (Mixed) (G1 Evacuation Pause)
[236.540s][info][gc,task     ] GC(379) Using 2 workers of 2 for evacuation
[236.566s][info][gc,phases   ] GC(379)   Pre Evacuate Collection Set: 0.24ms
[236.566s][info][gc,phases   ] GC(379)   Merge Heap Roots: 0.19ms
[236.566s][info][gc,phases   ] GC(379)   Evacuate Collection Set: 25.06ms
[236.566s][info][gc,phases   ] GC(379)   Post Evacuate Collection Set: 0.62ms
[236.566s][info][gc,phases   ] GC(379)   Other: 0.07ms
[236.566s][info][gc,heap     ] GC(379) Eden regions: 113->0(124)
[236.566s][info][gc,heap     ] GC(379) Survivor regions: 16->11(17)
[236.566s][info][gc,heap     ] GC(379) Old regions: 53->50
[236.566s][info][gc,heap     ] GC(379) Humongous regions: 3->3
[236.566s][info][gc,metaspace] GC(379) Metaspace: 42163K(42624K)->42163K(42624K) NonClass: 37826K(38080K)->37826K(38080K) Class: 4336K(4544K)->4336K(4544K)
[236.566s][info][gc          ] GC(379) Pause Young (Mixed) (G1 Evacuation Pause) 184M->63M(256M) 26.359ms
[236.566s][info][gc,cpu      ] GC(379) User=0.05s Sys=0.01s Real=0.03s
[236.640s][info][gc,start    ] GC(380) Pause Young (Concurrent Start) (G1 Humongous Allocation)
[236.640s][info][gc,task     ] GC(380) Using 2 workers of 2 for evacuation
[236.665s][info][gc,phases   ] GC(380)   Pre Evacuate Collection Set: 0.17ms
[236.665s][info][gc,phases   ] GC(380)   Merge Heap Roots: 0.15ms
[236.665s][info][gc,phases   ] GC(380)   Evacuate Collection Set: 24.66ms
[236.665s][info][gc,phases   ] GC(380)   Post Evacuate Collection Set: 0.38ms
[236.665s][info][gc,phases   ] GC(380)   Other: 0.09ms
[236.665s][info][gc,heap     ] GC(380) Eden regions: 15->0(123)
[236.665s][info][gc,heap     ] GC(380) Survivor regions: 11->5(17)
[236.665s][info][gc,heap     ] GC(380) Old regions: 50->60
[236.665s][info][gc,heap     ] GC(380) Humongous regions: 3->1
[236.665s][info][gc,metaspace] GC(380) Metaspace: 42164K(42624K)->42164K(42624K) NonClass: 37827K(38080K)->37827K(38080K) Class: 4336K(4544K)->4336K(4544K)
[236.665s][info][gc          ] GC(380) Pause Young (Concurrent Start) (G1 Humongous Allocation) 78M->65M(256M) 25.619ms
[236.665s][info][gc,cpu      ] GC(380) User=0.03s Sys=0.00s Real=0.03s
[236.665s][info][gc          ] GC(381) Concurrent Mark Cycle
[236.665s][info][gc,marking  ] GC(381) Concurrent Scan Root Regions
[236.688s][info][gc,marking  ] GC(381) Concurrent Scan Root Regions 22.647ms
[236.688s][info][gc,marking  ] GC(381) Concurrent Mark
[236.688s][info][gc,marking  ] GC(381) Concurrent Mark From Roots
[236.688s][info][gc,task     ] GC(381) Using 1 workers of 1 for marking
[236.743s][info][gc,marking  ] GC(381) Concurrent Mark From Roots 55.295ms
[236.743s][info][gc,marking  ] GC(381) Concurrent Preclean
[236.743s][info][gc,marking  ] GC(381) Concurrent Preclean 0.036ms
[236.743s][info][gc,start    ] GC(381) Pause Remark
[236.758s][info][gc          ] GC(381) Pause Remark 85M->85M(256M) 14.133ms
[236.758s][info][gc,cpu      ] GC(381) User=0.02s Sys=0.00s Real=0.02s
[236.758s][info][gc,marking  ] GC(381) Concurrent Mark 69.717ms
[236.758s][info][gc,marking  ] GC(381) Concurrent Rebuild Remembered Sets and Scrub Regions
[236.789s][info][gc,marking  ] GC(381) Concurrent Rebuild Remembered Sets and Scrub Regions 31.342ms
[236.789s][info][gc,start    ] GC(381) Pause Cleanup
[236.789s][info][gc          ] GC(381) Pause Cleanup 88M->88M(256M) 0.038ms
[236.789s][info][gc,cpu      ] GC(381) User=0.00s Sys=0.00s Real=0.00s
[236.789s][info][gc,marking  ] GC(381) Concurrent Clear Claimed Marks
[236.789s][info][gc,marking  ] GC(381) Concurrent Clear Claimed Marks 0.033ms
[236.789s][info][gc,marking  ] GC(381) Concurrent Cleanup for Next Mark
[236.790s][info][gc,marking  ] GC(381) Concurrent Cleanup for Next Mark 0.737ms
[236.790s][info][gc          ] GC(381) Concurrent Mark Cycle 124.729ms
[237.236s][info][gc,start    ] GC(382) Pause Young (Prepare Mixed) (G1 Evacuation Pause)
[237.236s][info][gc,task     ] GC(382) Using 2 workers of 2 for evacuation
[237.246s][info][gc,phases   ] GC(382)   Pre Evacuate Collection Set: 0.17ms
[237.246s][info][gc,phases   ] GC(382)   Merge Heap Roots: 0.10ms
[237.246s][info][gc,phases   ] GC(382)   Evacuate Collection Set: 9.26ms
[237.246s][info][gc,phases   ] GC(382)   Post Evacuate Collection Set: 0.42ms
[237.246s][info][gc,phases   ] GC(382)   Other: 0.07ms
[237.246s][info][gc,heap     ] GC(382) Eden regions: 123->0(126)
[237.246s][info][gc,heap     ] GC(382) Survivor regions: 5->10(16)
[237.246s][info][gc,heap     ] GC(382) Old regions: 60->60
[237.246s][info][gc,heap     ] GC(382) Humongous regions: 15->3
[237.246s][info][gc,metaspace] GC(382) Metaspace: 42172K(42624K)->42172K(42624K) NonClass: 37836K(38080K)->37836K(38080K) Class: 4336K(4544K)->4336K(4544K)
[237.246s][info][gc          ] GC(382) Pause Young (Prepare Mixed) (G1 Evacuation Pause) 202M->73M(256M) 10.206ms
[237.246s][info][gc,cpu      ] GC(382) User=0.02s Sys=0.00s Real=0.01s
[237.705s][info][gc,start    ] GC(383) Pause Young (Mixed) (G1 Evacuation Pause)
[237.705s][info][gc,task     ] GC(383) Using 2 workers of 2 for evacuation
[237.722s][info][gc,phases   ] GC(383)   Pre Evacuate Collection Set: 0.20ms
[237.722s][info][gc,phases   ] GC(383)   Merge Heap Roots: 0.16ms
[237.722s][info][gc,phases   ] GC(383)   Evacuate Collection Set: 16.88ms
[237.722s][info][gc,phases   ] GC(383)   Post Evacuate Collection Set: 0.42ms
[237.722s][info][gc,phases   ] GC(383)   Other: 0.06ms
[237.722s][info][gc,heap     ] GC(383) Eden regions: 126->0(132)
[237.722s][info][gc,heap     ] GC(383) Survivor regions: 10->8(17)
[237.722s][info][gc,heap     ] GC(383) Old regions: 60->62
[237.722s][info][gc,heap     ] GC(383) Humongous regions: 13->3
[237.722s][info][gc,metaspace] GC(383) Metaspace: 42172K(42624K)->42172K(42624K) NonClass: 37836K(38080K)->37836K(38080K) Class: 4336K(4544K)->4336K(4544K)
[237.723s][info][gc          ] GC(383) Pause Young (Mixed) (G1 Evacuation Pause) 209M->72M(256M) 17.880ms
[237.723s][info][gc,cpu      ] GC(383) User=0.03s Sys=0.00s Real=0.02s
[237.857s][info][gc,start    ] GC(384) Pause Young (Concurrent Start) (G1 Humongous Allocation)
[237.857s][info][gc,task     ] GC(384) Using 2 workers of 2 for evacuation
[237.859s][info][gc,phases   ] GC(384)   Pre Evacuate Collection Set: 0.18ms
[237.859s][info][gc,phases   ] GC(384)   Merge Heap Roots: 0.06ms
[237.859s][info][gc,phases   ] GC(384)   Evacuate Collection Set: 1.86ms
[237.859s][info][gc,phases   ] GC(384)   Post Evacuate Collection Set: 0.30ms
[237.859s][info][gc,phases   ] GC(384)   Other: 0.10ms
[237.859s][info][gc,heap     ] GC(384) Eden regions: 27->0(145)
[237.859s][info][gc,heap     ] GC(384) Survivor regions: 8->2(18)
[237.859s][info][gc,heap     ] GC(384) Old regions: 62->62
[237.859s][info][gc,heap     ] GC(384) Humongous regions: 3->1
[237.859s][info][gc,metaspace] GC(384) Metaspace: 42172K(42624K)->42172K(42624K) NonClass: 37836K(38080K)->37836K(38080K) Class: 4336K(4544K)->4336K(4544K)
[237.859s][info][gc          ] GC(384) Pause Young (Concurrent Start) (G1 Humongous Allocation) 99M->64M(256M) 2.665ms
[237.859s][info][gc          ] GC(385) Concurrent Mark Cycle
[237.859s][info][gc,marking  ] GC(385) Concurrent Scan Root Regions
[237.860s][info][gc,cpu      ] GC(384) User=0.01s Sys=0.00s Real=0.00s
[237.861s][info][gc,marking  ] GC(385) Concurrent Scan Root Regions 1.963ms
[237.861s][info][gc,marking  ] GC(385) Concurrent Mark
[237.861s][info][gc,marking  ] GC(385) Concurrent Mark From Roots
[237.861s][info][gc,task     ] GC(385) Using 1 workers of 1 for marking
[237.906s][info][gc,marking  ] GC(385) Concurrent Mark From Roots 44.503ms
[237.906s][info][gc,marking  ] GC(385) Concurrent Preclean
[237.906s][info][gc,marking  ] GC(385) Concurrent Preclean 0.048ms
[237.906s][info][gc,start    ] GC(385) Pause Remark
[237.920s][info][gc          ] GC(385) Pause Remark 74M->74M(256M) 13.829ms
[237.920s][info][gc,cpu      ] GC(385) User=0.02s Sys=0.00s Real=0.01s
[237.921s][info][gc,marking  ] GC(385) Concurrent Mark 59.644ms
[237.921s][info][gc,marking  ] GC(385) Concurrent Rebuild Remembered Sets and Scrub Regions
[237.940s][info][gc,marking  ] GC(385) Concurrent Rebuild Remembered Sets and Scrub Regions 19.010ms
[237.940s][info][gc,start    ] GC(385) Pause Cleanup
[237.940s][info][gc          ] GC(385) Pause Cleanup 80M->80M(256M) 0.057ms
[237.940s][info][gc,cpu      ] GC(385) User=0.00s Sys=0.00s Real=0.00s
[237.940s][info][gc,marking  ] GC(385) Concurrent Clear Claimed Marks
[237.940s][info][gc,marking  ] GC(385) Concurrent Clear Claimed Marks 0.033ms
[237.940s][info][gc,marking  ] GC(385) Concurrent Cleanup for Next Mark
[237.941s][info][gc,marking  ] GC(385) Concurrent Cleanup for Next Mark 0.754ms
[237.941s][info][gc          ] GC(385) Concurrent Mark Cycle 81.739ms
[238.440s][info][gc,start    ] GC(386) Pause Young (Prepare Mixed) (G1 Evacuation Pause)
[238.441s][info][gc,task     ] GC(386) Using 2 workers of 2 for evacuation
[238.448s][info][gc,phases   ] GC(386)   Pre Evacuate Collection Set: 0.14ms
[238.448s][info][gc,phases   ] GC(386)   Merge Heap Roots: 0.06ms
[238.448s][info][gc,phases   ] GC(386)   Evacuate Collection Set: 6.70ms
[238.448s][info][gc,phases   ] GC(386)   Post Evacuate Collection Set: 0.37ms
[238.448s][info][gc,phases   ] GC(386)   Other: 0.06ms
[238.448s][info][gc,heap     ] GC(386) Eden regions: 145->0(141)
[238.448s][info][gc,heap     ] GC(386) Survivor regions: 2->9(19)
[238.448s][info][gc,heap     ] GC(386) Old regions: 62->62
[238.448s][info][gc,heap     ] GC(386) Humongous regions: 15->3
[238.448s][info][gc,metaspace] GC(386) Metaspace: 42173K(42624K)->42173K(42624K) NonClass: 37837K(38080K)->37837K(38080K) Class: 4336K(4544K)->4336K(4544K)
[238.448s][info][gc          ] GC(386) Pause Young (Prepare Mixed) (G1 Evacuation Pause) 223M->73M(256M) 7.533ms
[238.448s][info][gc,cpu      ] GC(386) User=0.01s Sys=0.00s Real=0.01s
[238.970s][info][gc,start    ] GC(387) Pause Young (Mixed) (G1 Evacuation Pause)
[238.970s][info][gc,task     ] GC(387) Using 2 workers of 2 for evacuation
[238.998s][info][gc,phases   ] GC(387)   Pre Evacuate Collection Set: 0.16ms
[238.998s][info][gc,phases   ] GC(387)   Merge Heap Roots: 0.11ms
[238.998s][info][gc,phases   ] GC(387)   Evacuate Collection Set: 27.02ms
[238.998s][info][gc,phases   ] GC(387)   Post Evacuate Collection Set: 0.64ms
[238.998s][info][gc,phases   ] GC(387)   Other: 0.10ms
[238.998s][info][gc,heap     ] GC(387) Eden regions: 141->0(134)
[238.998s][info][gc,heap     ] GC(387) Survivor regions: 9->19(19)
[238.998s][info][gc,heap     ] GC(387) Old regions: 62->49
[238.998s][info][gc,heap     ] GC(387) Humongous regions: 3->3
[238.998s][info][gc,metaspace] GC(387) Metaspace: 42175K(42624K)->42175K(42624K) NonClass: 37838K(38080K)->37838K(38080K) Class: 4336K(4544K)->4336K(4544K)
[238.998s][info][gc          ] GC(387) Pause Young (Mixed) (G1 Evacuation Pause) 214M->70M(256M) 28.196ms
[238.998s][info][gc,cpu      ] GC(387) User=0.06s Sys=0.00s Real=0.03s
[239.601s][info][gc,start    ] GC(388) Pause Young (Concurrent Start) (G1 Evacuation Pause)
[239.601s][info][gc,task     ] GC(388) Using 2 workers of 2 for evacuation
[239.658s][info][gc,phases   ] GC(388)   Pre Evacuate Collection Set: 2.34ms
[239.658s][info][gc,phases   ] GC(388)   Merge Heap Roots: 0.59ms
[239.658s][info][gc,phases   ] GC(388)   Evacuate Collection Set: 52.78ms
[239.658s][info][gc,phases   ] GC(388)   Post Evacuate Collection Set: 0.42ms
[239.658s][info][gc,phases   ] GC(388)   Other: 0.93ms
[239.658s][info][gc,heap     ] GC(388) Eden regions: 134->0(137)
[239.658s][info][gc,heap     ] GC(388) Survivor regions: 19->13(20)
[239.658s][info][gc,heap     ] GC(388) Old regions: 49->59
[239.658s][info][gc,heap     ] GC(388) Humongous regions: 3->1
[239.658s][info][gc,metaspace] GC(388) Metaspace: 42175K(42624K)->42175K(42624K) NonClass: 37839K(38080K)->37839K(38080K) Class: 4336K(4544K)->4336K(4544K)
[239.658s][info][gc          ] GC(388) Pause Young (Concurrent Start) (G1 Evacuation Pause) 204M->72M(256M) 57.262ms
[239.659s][info][gc,cpu      ] GC(388) User=0.08s Sys=0.00s Real=0.06s
[239.659s][info][gc          ] GC(389) Concurrent Mark Cycle
[239.659s][info][gc,marking  ] GC(389) Concurrent Scan Root Regions
[239.678s][info][gc,marking  ] GC(389) Concurrent Scan Root Regions 19.854ms
[239.678s][info][gc,marking  ] GC(389) Concurrent Mark
[239.678s][info][gc,marking  ] GC(389) Concurrent Mark From Roots
[239.678s][info][gc,task     ] GC(389) Using 1 workers of 1 for marking
[239.725s][info][gc,marking  ] GC(389) Concurrent Mark From Roots 46.503ms
[239.725s][info][gc,marking  ] GC(389) Concurrent Preclean
[239.725s][info][gc,marking  ] GC(389) Concurrent Preclean 0.036ms
[239.725s][info][gc,start    ] GC(389) Pause Remark
[239.739s][info][gc          ] GC(389) Pause Remark 90M->89M(256M) 13.990ms
[239.739s][info][gc,cpu      ] GC(389) User=0.03s Sys=0.00s Real=0.01s
[239.739s][info][gc,marking  ] GC(389) Concurrent Mark 60.783ms
[239.739s][info][gc,marking  ] GC(389) Concurrent Rebuild Remembered Sets and Scrub Regions
[239.768s][info][gc,marking  ] GC(389) Concurrent Rebuild Remembered Sets and Scrub Regions 28.778ms
[239.768s][info][gc,start    ] GC(389) Pause Cleanup
[239.768s][info][gc          ] GC(389) Pause Cleanup 95M->95M(256M) 0.041ms
[239.768s][info][gc,cpu      ] GC(389) User=0.00s Sys=0.00s Real=0.00s
[239.768s][info][gc,marking  ] GC(389) Concurrent Clear Claimed Marks
[239.768s][info][gc,marking  ] GC(389) Concurrent Clear Claimed Marks 0.035ms
[239.768s][info][gc,marking  ] GC(389) Concurrent Cleanup for Next Mark
[239.769s][info][gc,marking  ] GC(389) Concurrent Cleanup for Next Mark 0.749ms
[239.769s][info][gc          ] GC(389) Concurrent Mark Cycle 110.532ms
[240.212s][info][gc,start    ] GC(390) Pause Young (Prepare Mixed) (G1 Evacuation Pause)
[240.212s][info][gc,task     ] GC(390) Using 2 workers of 2 for evacuation
[240.236s][info][gc,phases   ] GC(390)   Pre Evacuate Collection Set: 0.17ms
[240.236s][info][gc,phases   ] GC(390)   Merge Heap Roots: 0.17ms
[240.236s][info][gc,phases   ] GC(390)   Evacuate Collection Set: 23.05ms
[240.236s][info][gc,phases   ] GC(390)   Post Evacuate Collection Set: 0.48ms
[240.236s][info][gc,phases   ] GC(390)   Other: 0.07ms
[240.236s][info][gc,heap     ] GC(390) Eden regions: 137->0(129)
[240.236s][info][gc,heap     ] GC(390) Survivor regions: 13->12(19)
[240.236s][info][gc,heap     ] GC(390) Old regions: 58->70
[240.236s][info][gc,heap     ] GC(390) Humongous regions: 5->3
[240.236s][info][gc,metaspace] GC(390) Metaspace: 42175K(42624K)->42175K(42624K) NonClass: 37839K(38080K)->37839K(38080K) Class: 4336K(4544K)->4336K(4544K)
[240.236s][info][gc          ] GC(390) Pause Young (Prepare Mixed) (G1 Evacuation Pause) 212M->84M(256M) 24.105ms
[240.236s][info][gc,cpu      ] GC(390) User=0.04s Sys=0.00s Real=0.03s
[240.724s][info][gc,start    ] GC(391) Pause Young (Mixed) (G1 Evacuation Pause)
[240.724s][info][gc,task     ] GC(391) Using 2 workers of 2 for evacuation
[240.740s][info][gc,phases   ] GC(391)   Pre Evacuate Collection Set: 0.16ms
[240.740s][info][gc,phases   ] GC(391)   Merge Heap Roots: 0.30ms
[240.740s][info][gc,phases   ] GC(391)   Evacuate Collection Set: 14.85ms
[240.740s][info][gc,phases   ] GC(391)   Post Evacuate Collection Set: 0.68ms
[240.740s][info][gc,phases   ] GC(391)   Other: 0.08ms
[240.740s][info][gc,heap     ] GC(391) Eden regions: 129->0(168)
[240.740s][info][gc,heap     ] GC(391) Survivor regions: 12->4(18)
[240.740s][info][gc,heap     ] GC(391) Old regions: 70->68
[240.740s][info][gc,heap     ] GC(391) Humongous regions: 13->3
[240.740s][info][gc,metaspace] GC(391) Metaspace: 42176K(42624K)->42176K(42624K) NonClass: 37839K(38080K)->37839K(38080K) Class: 4336K(4544K)->4336K(4544K)
[240.740s][info][gc          ] GC(391) Pause Young (Mixed) (G1 Evacuation Pause) 223M->74M(288M) 16.241ms
[240.740s][info][gc,cpu      ] GC(391) User=0.03s Sys=0.00s Real=0.02s
[240.866s][info][gc,start    ] GC(392) Pause Young (Concurrent Start) (G1 Humongous Allocation)
[240.866s][info][gc,task     ] GC(392) Using 2 workers of 2 for evacuation
[240.869s][info][gc,phases   ] GC(392)   Pre Evacuate Collection Set: 0.20ms
[240.869s][info][gc,phases   ] GC(392)   Merge Heap Roots: 0.06ms
[240.869s][info][gc,phases   ] GC(392)   Evacuate Collection Set: 2.58ms
[240.869s][info][gc,phases   ] GC(392)   Post Evacuate Collection Set: 0.30ms
[240.869s][info][gc,phases   ] GC(392)   Other: 0.08ms
[240.869s][info][gc,heap     ] GC(392) Eden regions: 31->0(170)
[240.869s][info][gc,heap     ] GC(392) Survivor regions: 4->2(22)
[240.869s][info][gc,heap     ] GC(392) Old regions: 68->68
[240.869s][info][gc,heap     ] GC(392) Humongous regions: 3->1
[240.869s][info][gc,metaspace] GC(392) Metaspace: 42176K(42624K)->42176K(42624K) NonClass: 37839K(38080K)->37839K(38080K) Class: 4336K(4544K)->4336K(4544K)
[240.869s][info][gc          ] GC(392) Pause Young (Concurrent Start) (G1 Humongous Allocation) 105M->70M(288M) 3.380ms
[240.869s][info][gc,cpu      ] GC(392) User=0.01s Sys=0.00s Real=0.00s
[240.869s][info][gc          ] GC(393) Concurrent Mark Cycle
[240.869s][info][gc,marking  ] GC(393) Concurrent Scan Root Regions
[240.871s][info][gc,marking  ] GC(393) Concurrent Scan Root Regions 1.515ms
[240.871s][info][gc,marking  ] GC(393) Concurrent Mark
[240.871s][info][gc,marking  ] GC(393) Concurrent Mark From Roots
[240.871s][info][gc,task     ] GC(393) Using 1 workers of 1 for marking
[240.922s][info][gc,marking  ] GC(393) Concurrent Mark From Roots 51.723ms
[240.922s][info][gc,marking  ] GC(393) Concurrent Preclean
[240.922s][info][gc,marking  ] GC(393) Concurrent Preclean 0.031ms
[240.923s][info][gc,start    ] GC(393) Pause Remark
[240.937s][info][gc          ] GC(393) Pause Remark 83M->77M(256M) 14.219ms
[240.937s][info][gc,cpu      ] GC(393) User=0.03s Sys=0.00s Real=0.02s
[240.937s][info][gc,marking  ] GC(393) Concurrent Mark 66.237ms
[240.937s][info][gc,marking  ] GC(393) Concurrent Rebuild Remembered Sets and Scrub Regions
[240.957s][info][gc,marking  ] GC(393) Concurrent Rebuild Remembered Sets and Scrub Regions 20.386ms
[240.957s][info][gc,start    ] GC(393) Pause Cleanup
[240.957s][info][gc          ] GC(393) Pause Cleanup 82M->82M(256M) 0.042ms
[240.958s][info][gc,cpu      ] GC(393) User=0.00s Sys=0.00s Real=0.00s
[240.958s][info][gc,marking  ] GC(393) Concurrent Clear Claimed Marks
[240.958s][info][gc,marking  ] GC(393) Concurrent Clear Claimed Marks 0.034ms
[240.958s][info][gc,marking  ] GC(393) Concurrent Cleanup for Next Mark
[240.958s][info][gc,marking  ] GC(393) Concurrent Cleanup for Next Mark 0.785ms
[240.958s][info][gc          ] GC(393) Concurrent Mark Cycle 89.290ms
[241.512s][info][gc,start    ] GC(394) Pause Young (Prepare Mixed) (G1 Evacuation Pause)
[241.512s][info][gc,task     ] GC(394) Using 2 workers of 2 for evacuation
[241.521s][info][gc,phases   ] GC(394)   Pre Evacuate Collection Set: 0.16ms
[241.521s][info][gc,phases   ] GC(394)   Merge Heap Roots: 0.07ms
[241.521s][info][gc,phases   ] GC(394)   Evacuate Collection Set: 8.24ms
[241.521s][info][gc,phases   ] GC(394)   Post Evacuate Collection Set: 0.41ms
[241.521s][info][gc,phases   ] GC(394)   Other: 0.07ms
[241.521s][info][gc,heap     ] GC(394) Eden regions: 151->0(144)
[241.521s][info][gc,heap     ] GC(394) Survivor regions: 2->9(20)
[241.521s][info][gc,heap     ] GC(394) Old regions: 62->62
[241.521s][info][gc,heap     ] GC(394) Humongous regions: 5->3
[241.521s][info][gc,metaspace] GC(394) Metaspace: 42177K(42624K)->42177K(42624K) NonClass: 37841K(38080K)->37841K(38080K) Class: 4336K(4544K)->4336K(4544K)
[241.521s][info][gc          ] GC(394) Pause Young (Prepare Mixed) (G1 Evacuation Pause) 219M->73M(256M) 9.140ms
[241.521s][info][gc,cpu      ] GC(394) User=0.01s Sys=0.00s Real=0.01s
[242.024s][info][gc,start    ] GC(395) Pause Young (Mixed) (G1 Evacuation Pause)
[242.024s][info][gc,task     ] GC(395) Using 2 workers of 2 for evacuation
[242.030s][info][gc,phases   ] GC(395)   Pre Evacuate Collection Set: 0.19ms
[242.030s][info][gc,phases   ] GC(395)   Merge Heap Roots: 0.11ms
[242.030s][info][gc,phases   ] GC(395)   Evacuate Collection Set: 6.05ms
[242.030s][info][gc,phases   ] GC(395)   Post Evacuate Collection Set: 0.41ms
[242.030s][info][gc,phases   ] GC(395)   Other: 0.09ms
[242.030s][info][gc,heap     ] GC(395) Eden regions: 144->0(147)
[242.030s][info][gc,heap     ] GC(395) Survivor regions: 9->6(20)
[242.030s][info][gc,heap     ] GC(395) Old regions: 62->49
[242.030s][info][gc,heap     ] GC(395) Humongous regions: 11->3
[242.030s][info][gc,metaspace] GC(395) Metaspace: 42177K(42624K)->42177K(42624K) NonClass: 37841K(38080K)->37841K(38080K) Class: 4336K(4544K)->4336K(4544K)
[242.031s][info][gc          ] GC(395) Pause Young (Mixed) (G1 Evacuation Pause) 225M->57M(256M) 7.021ms
[242.031s][info][gc,cpu      ] GC(395) User=0.02s Sys=0.00s Real=0.01s
[242.404s][info][gc,start    ] GC(396) Pause Young (Concurrent Start) (G1 Humongous Allocation)
[242.404s][info][gc,task     ] GC(396) Using 2 workers of 2 for evacuation
[242.409s][info][gc,phases   ] GC(396)   Pre Evacuate Collection Set: 0.19ms
[242.409s][info][gc,phases   ] GC(396)   Merge Heap Roots: 0.08ms
[242.409s][info][gc,phases   ] GC(396)   Evacuate Collection Set: 4.19ms
[242.409s][info][gc,phases   ] GC(396)   Post Evacuate Collection Set: 0.33ms
[242.409s][info][gc,phases   ] GC(396)   Other: 0.08ms
[242.409s][info][gc,heap     ] GC(396) Eden regions: 89->0(149)
[242.409s][info][gc,heap     ] GC(396) Survivor regions: 6->4(20)
[242.409s][info][gc,heap     ] GC(396) Old regions: 49->49
[242.409s][info][gc,heap     ] GC(396) Humongous regions: 3->1
[242.409s][info][gc,metaspace] GC(396) Metaspace: 42177K(42624K)->42177K(42624K) NonClass: 37841K(38080K)->37841K(38080K) Class: 4336K(4544K)->4336K(4544K)
[242.409s][info][gc          ] GC(396) Pause Young (Concurrent Start) (G1 Humongous Allocation) 146M->52M(256M) 5.026ms
[242.409s][info][gc          ] GC(397) Concurrent Mark Cycle
[242.409s][info][gc,marking  ] GC(397) Concurrent Scan Root Regions
[242.412s][info][gc,cpu      ] GC(396) User=0.01s Sys=0.00s Real=0.01s
[242.417s][info][gc,marking  ] GC(397) Concurrent Scan Root Regions 7.582ms
[242.417s][info][gc,marking  ] GC(397) Concurrent Mark
[242.417s][info][gc,marking  ] GC(397) Concurrent Mark From Roots
[242.417s][info][gc,task     ] GC(397) Using 1 workers of 1 for marking
[242.486s][info][gc,marking  ] GC(397) Concurrent Mark From Roots 68.531ms
[242.486s][info][gc,marking  ] GC(397) Concurrent Preclean
[242.486s][info][gc,marking  ] GC(397) Concurrent Preclean 0.036ms
[242.486s][info][gc,start    ] GC(397) Pause Remark
[242.500s][info][gc          ] GC(397) Pause Remark 73M->73M(256M) 14.149ms
[242.500s][info][gc,cpu      ] GC(397) User=0.03s Sys=0.00s Real=0.01s
[242.501s][info][gc,marking  ] GC(397) Concurrent Mark 83.875ms
[242.501s][info][gc,marking  ] GC(397) Concurrent Rebuild Remembered Sets and Scrub Regions
[242.521s][info][gc,marking  ] GC(397) Concurrent Rebuild Remembered Sets and Scrub Regions 20.103ms
[242.521s][info][gc,start    ] GC(397) Pause Cleanup
[242.521s][info][gc          ] GC(397) Pause Cleanup 79M->79M(256M) 0.037ms
[242.521s][info][gc,cpu      ] GC(397) User=0.00s Sys=0.00s Real=0.00s
[242.521s][info][gc,marking  ] GC(397) Concurrent Clear Claimed Marks
[242.521s][info][gc,marking  ] GC(397) Concurrent Clear Claimed Marks 0.034ms
[242.521s][info][gc,marking  ] GC(397) Concurrent Cleanup for Next Mark
[242.522s][info][gc,marking  ] GC(397) Concurrent Cleanup for Next Mark 0.959ms
[242.522s][info][gc          ] GC(397) Concurrent Mark Cycle 112.793ms
[243.042s][info][gc,start    ] GC(398) Pause Young (Prepare Mixed) (G1 Evacuation Pause)
[243.042s][info][gc,task     ] GC(398) Using 2 workers of 2 for evacuation
[243.048s][info][gc,phases   ] GC(398)   Pre Evacuate Collection Set: 0.14ms
[243.048s][info][gc,phases   ] GC(398)   Merge Heap Roots: 0.06ms
[243.048s][info][gc,phases   ] GC(398)   Evacuate Collection Set: 4.67ms
[243.048s][info][gc,phases   ] GC(398)   Post Evacuate Collection Set: 0.40ms
[243.048s][info][gc,phases   ] GC(398)   Other: 0.06ms
[243.048s][info][gc,heap     ] GC(398) Eden regions: 149->0(148)
[243.048s][info][gc,heap     ] GC(398) Survivor regions: 4->5(20)
[243.048s][info][gc,heap     ] GC(398) Old regions: 49->49
[243.048s][info][gc,heap     ] GC(398) Humongous regions: 9->3
[243.048s][info][gc,metaspace] GC(398) Metaspace: 42177K(42624K)->42177K(42624K) NonClass: 37841K(38080K)->37841K(38080K) Class: 4336K(4544K)->4336K(4544K)
[243.048s][info][gc          ] GC(398) Pause Young (Prepare Mixed) (G1 Evacuation Pause) 209M->56M(256M) 5.492ms
[243.048s][info][gc,cpu      ] GC(398) User=0.01s Sys=0.00s Real=0.01s
[243.465s][info][gc,start    ] GC(399) Pause Young (Mixed) (G1 Evacuation Pause)
[243.465s][info][gc,task     ] GC(399) Using 2 workers of 2 for evacuation
[243.510s][info][gc,phases   ] GC(399)   Pre Evacuate Collection Set: 0.17ms
[243.510s][info][gc,phases   ] GC(399)   Merge Heap Roots: 0.07ms
[243.510s][info][gc,phases   ] GC(399)   Evacuate Collection Set: 43.79ms
[243.510s][info][gc,phases   ] GC(399)   Post Evacuate Collection Set: 0.54ms
[243.510s][info][gc,phases   ] GC(399)   Other: 0.09ms
[243.510s][info][gc,heap     ] GC(399) Eden regions: 148->0(124)
[243.510s][info][gc,heap     ] GC(399) Survivor regions: 5->20(20)
[243.510s][info][gc,heap     ] GC(399) Old regions: 49->67
[243.510s][info][gc,heap     ] GC(399) Humongous regions: 3->3
[243.510s][info][gc,metaspace] GC(399) Metaspace: 42177K(42624K)->42177K(42624K) NonClass: 37841K(38080K)->37841K(38080K) Class: 4336K(4544K)->4336K(4544K)
[243.510s][info][gc          ] GC(399) Pause Young (Mixed) (G1 Evacuation Pause) 204M->89M(256M) 44.847ms
[243.510s][info][gc,cpu      ] GC(399) User=0.08s Sys=0.00s Real=0.04s
[244.086s][info][gc,start    ] GC(400) Pause Young (Concurrent Start) (G1 Evacuation Pause)
[244.086s][info][gc,task     ] GC(400) Using 2 workers of 2 for evacuation
[244.148s][info][gc,phases   ] GC(400)   Pre Evacuate Collection Set: 0.16ms
[244.148s][info][gc,phases   ] GC(400)   Merge Heap Roots: 0.23ms
[244.148s][info][gc,phases   ] GC(400)   Evacuate Collection Set: 60.84ms
[244.148s][info][gc,phases   ] GC(400)   Post Evacuate Collection Set: 0.47ms
[244.148s][info][gc,phases   ] GC(400)   Other: 0.08ms
[244.148s][info][gc,heap     ] GC(400) Eden regions: 124->0(98)
[244.148s][info][gc,heap     ] GC(400) Survivor regions: 20->18(18)
[244.148s][info][gc,heap     ] GC(400) Old regions: 67->98
[244.148s][info][gc,heap     ] GC(400) Humongous regions: 3->3
[244.148s][info][gc,metaspace] GC(400) Metaspace: 42177K(42624K)->42177K(42624K) NonClass: 37841K(38080K)->37841K(38080K) Class: 4336K(4544K)->4336K(4544K)
[244.148s][info][gc          ] GC(400) Pause Young (Concurrent Start) (G1 Evacuation Pause) 213M->119M(263M) 61.959ms
[244.148s][info][gc,cpu      ] GC(400) User=0.11s Sys=0.00s Real=0.06s
[244.149s][info][gc          ] GC(401) Concurrent Mark Cycle
[244.149s][info][gc,marking  ] GC(401) Concurrent Scan Root Regions
[244.234s][info][gc,marking  ] GC(401) Concurrent Scan Root Regions 85.266ms
[244.234s][info][gc,marking  ] GC(401) Concurrent Mark
[244.234s][info][gc,marking  ] GC(401) Concurrent Mark From Roots
[244.234s][info][gc,task     ] GC(401) Using 1 workers of 1 for marking
[244.402s][info][gc,marking  ] GC(401) Concurrent Mark From Roots 168.207ms
[244.402s][info][gc,marking  ] GC(401) Concurrent Preclean
[244.402s][info][gc,marking  ] GC(401) Concurrent Preclean 0.041ms
[244.402s][info][gc,start    ] GC(401) Pause Remark
[244.417s][info][gc          ] GC(401) Pause Remark 150M->150M(263M) 14.255ms
[244.417s][info][gc,cpu      ] GC(401) User=0.03s Sys=0.00s Real=0.02s
[244.417s][info][gc,marking  ] GC(401) Concurrent Mark 182.804ms
[244.417s][info][gc,marking  ] GC(401) Concurrent Rebuild Remembered Sets and Scrub Regions
[244.476s][info][gc,marking  ] GC(401) Concurrent Rebuild Remembered Sets and Scrub Regions 59.567ms
[244.477s][info][gc,start    ] GC(401) Pause Cleanup
[244.477s][info][gc          ] GC(401) Pause Cleanup 159M->159M(263M) 0.059ms
[244.477s][info][gc,cpu      ] GC(401) User=0.00s Sys=0.00s Real=0.00s
[244.477s][info][gc,marking  ] GC(401) Concurrent Clear Claimed Marks
[244.477s][info][gc,marking  ] GC(401) Concurrent Clear Claimed Marks 0.046ms
[244.477s][info][gc,marking  ] GC(401) Concurrent Cleanup for Next Mark
[244.478s][info][gc,marking  ] GC(401) Concurrent Cleanup for Next Mark 0.881ms
[244.478s][info][gc          ] GC(401) Concurrent Mark Cycle 328.982ms
[244.762s][info][gc,start    ] GC(402) Pause Young (Prepare Mixed) (G1 Evacuation Pause)
[244.762s][info][gc,task     ] GC(402) Using 2 workers of 2 for evacuation
[244.816s][info][gc,phases   ] GC(402)   Pre Evacuate Collection Set: 0.14ms
[244.816s][info][gc,phases   ] GC(402)   Merge Heap Roots: 0.39ms
[244.816s][info][gc,phases   ] GC(402)   Evacuate Collection Set: 52.51ms
[244.816s][info][gc,phases   ] GC(402)   Post Evacuate Collection Set: 0.41ms
[244.816s][info][gc,phases   ] GC(402)   Other: 0.06ms
[244.816s][info][gc,heap     ] GC(402) Eden regions: 98->0(73)
[244.816s][info][gc,heap     ] GC(402) Survivor regions: 18->15(15)
[244.816s][info][gc,heap     ] GC(402) Old regions: 98->129
[244.816s][info][gc,heap     ] GC(402) Humongous regions: 3->3
[244.816s][info][gc,metaspace] GC(402) Metaspace: 42177K(42624K)->42177K(42624K) NonClass: 37841K(38080K)->37841K(38080K) Class: 4336K(4544K)->4336K(4544K)
[244.816s][info][gc          ] GC(402) Pause Young (Prepare Mixed) (G1 Evacuation Pause) 217M->146M(263M) 53.703ms
[244.816s][info][gc,cpu      ] GC(402) User=0.10s Sys=0.00s Real=0.06s
[245.205s][info][gc,start    ] GC(403) Pause Young (Mixed) (G1 Evacuation Pause)
[245.205s][info][gc,task     ] GC(403) Using 2 workers of 2 for evacuation
[245.249s][info][gc,phases   ] GC(403)   Pre Evacuate Collection Set: 0.15ms
[245.249s][info][gc,phases   ] GC(403)   Merge Heap Roots: 0.25ms
[245.249s][info][gc,phases   ] GC(403)   Evacuate Collection Set: 42.95ms
[245.249s][info][gc,phases   ] GC(403)   Post Evacuate Collection Set: 0.41ms
[245.249s][info][gc,phases   ] GC(403)   Other: 0.08ms
[245.249s][info][gc,heap     ] GC(403) Eden regions: 73->0(57)
[245.249s][info][gc,heap     ] GC(403) Survivor regions: 15->11(11)
[245.249s][info][gc,heap     ] GC(403) Old regions: 129->152
[245.249s][info][gc,heap     ] GC(403) Humongous regions: 5->3
[245.249s][info][gc,metaspace] GC(403) Metaspace: 42177K(42624K)->42177K(42624K) NonClass: 37841K(38080K)->37841K(38080K) Class: 4336K(4544K)->4336K(4544K)
[245.249s][info][gc          ] GC(403) Pause Young (Mixed) (G1 Evacuation Pause) 221M->165M(263M) 44.002ms
[245.249s][info][gc,cpu      ] GC(403) User=0.08s Sys=0.00s Real=0.04s
[245.454s][info][gc,start    ] GC(404) Pause Young (Concurrent Start) (G1 Evacuation Pause)
[245.454s][info][gc,task     ] GC(404) Using 2 workers of 2 for evacuation
[245.481s][info][gc,phases   ] GC(404)   Pre Evacuate Collection Set: 0.19ms
[245.481s][info][gc,phases   ] GC(404)   Merge Heap Roots: 0.13ms
[245.481s][info][gc,phases   ] GC(404)   Evacuate Collection Set: 25.68ms
[245.481s][info][gc,phases   ] GC(404)   Post Evacuate Collection Set: 0.37ms
[245.481s][info][gc,phases   ] GC(404)   Other: 0.09ms
[245.481s][info][gc,heap     ] GC(404) Eden regions: 57->0(51)
[245.481s][info][gc,heap     ] GC(404) Survivor regions: 11->9(9)
[245.481s][info][gc,heap     ] GC(404) Old regions: 152->166
[245.481s][info][gc,heap     ] GC(404) Humongous regions: 3->3
[245.481s][info][gc,metaspace] GC(404) Metaspace: 42177K(42624K)->42177K(42624K) NonClass: 37841K(38080K)->37841K(38080K) Class: 4336K(4544K)->4336K(4544K)
[245.481s][info][gc          ] GC(404) Pause Young (Concurrent Start) (G1 Evacuation Pause) 222M->177M(263M) 26.651ms
[245.481s][info][gc          ] GC(405) Concurrent Mark Cycle
[245.481s][info][gc,marking  ] GC(405) Concurrent Scan Root Regions
[245.481s][info][gc,cpu      ] GC(404) User=0.05s Sys=0.00s Real=0.03s
[245.514s][info][gc,marking  ] GC(405) Concurrent Scan Root Regions 33.087ms
[245.514s][info][gc,marking  ] GC(405) Concurrent Mark
[245.514s][info][gc,marking  ] GC(405) Concurrent Mark From Roots
[245.514s][info][gc,task     ] GC(405) Using 1 workers of 1 for marking
[245.672s][info][gc,marking  ] GC(405) Concurrent Mark From Roots 157.824ms
[245.672s][info][gc,marking  ] GC(405) Concurrent Preclean
[245.672s][info][gc,marking  ] GC(405) Concurrent Preclean 0.041ms
[245.672s][info][gc,start    ] GC(405) Pause Remark
[245.699s][info][gc          ] GC(405) Pause Remark 208M->208M(297M) 26.155ms
[245.699s][info][gc,cpu      ] GC(405) User=0.03s Sys=0.00s Real=0.03s
[245.701s][info][gc,marking  ] GC(405) Concurrent Mark 186.690ms
[245.701s][info][gc,marking  ] GC(405) Concurrent Rebuild Remembered Sets and Scrub Regions
[245.785s][info][gc,marking  ] GC(405) Concurrent Rebuild Remembered Sets and Scrub Regions 84.194ms
[245.785s][info][gc,start    ] GC(405) Pause Cleanup
[245.785s][info][gc          ] GC(405) Pause Cleanup 218M->218M(297M) 0.084ms
[245.785s][info][gc,cpu      ] GC(405) User=0.00s Sys=0.00s Real=0.00s
[245.785s][info][gc,marking  ] GC(405) Concurrent Clear Claimed Marks
[245.785s][info][gc,marking  ] GC(405) Concurrent Clear Claimed Marks 0.037ms
[245.785s][info][gc,marking  ] GC(405) Concurrent Cleanup for Next Mark
[245.787s][info][gc,marking  ] GC(405) Concurrent Cleanup for Next Mark 1.249ms
[245.787s][info][gc          ] GC(405) Concurrent Mark Cycle 305.561ms
[245.903s][info][gc,start    ] GC(406) Pause Young (Prepare Mixed) (G1 Evacuation Pause)
[245.903s][info][gc,task     ] GC(406) Using 2 workers of 2 for evacuation
[245.921s][info][gc,phases   ] GC(406)   Pre Evacuate Collection Set: 0.20ms
[245.921s][info][gc,phases   ] GC(406)   Merge Heap Roots: 0.12ms
[245.921s][info][gc,phases   ] GC(406)   Evacuate Collection Set: 16.94ms
[245.921s][info][gc,phases   ] GC(406)   Post Evacuate Collection Set: 0.39ms
[245.921s][info][gc,phases   ] GC(406)   Other: 0.07ms
[245.921s][info][gc,heap     ] GC(406) Eden regions: 51->0(72)
[245.921s][info][gc,heap     ] GC(406) Survivor regions: 9->7(8)
[245.921s][info][gc,heap     ] GC(406) Old regions: 166->172
[245.921s][info][gc,heap     ] GC(406) Humongous regions: 5->3
[245.921s][info][gc,metaspace] GC(406) Metaspace: 42177K(42624K)->42177K(42624K) NonClass: 37841K(38080K)->37841K(38080K) Class: 4336K(4544K)->4336K(4544K)
[245.921s][info][gc          ] GC(406) Pause Young (Prepare Mixed) (G1 Evacuation Pause) 230M->181M(297M) 17.921ms
[245.921s][info][gc,cpu      ] GC(406) User=0.03s Sys=0.01s Real=0.02s
[246.188s][info][gc,start    ] GC(407) Pause Young (Mixed) (G1 Evacuation Pause)
[246.188s][info][gc,task     ] GC(407) Using 2 workers of 2 for evacuation
[246.209s][info][gc,phases   ] GC(407)   Pre Evacuate Collection Set: 0.20ms
[246.209s][info][gc,phases   ] GC(407)   Merge Heap Roots: 0.17ms
[246.209s][info][gc,phases   ] GC(407)   Evacuate Collection Set: 18.33ms
[246.209s][info][gc,phases   ] GC(407)   Post Evacuate Collection Set: 1.41ms
[246.209s][info][gc,phases   ] GC(407)   Other: 0.07ms
[246.209s][info][gc,heap     ] GC(407) Eden regions: 72->0(175)
[246.209s][info][gc,heap     ] GC(407) Survivor regions: 7->10(10)
[246.209s][info][gc,heap     ] GC(407) Old regions: 172->149
[246.209s][info][gc,heap     ] GC(407) Humongous regions: 5->3
[246.209s][info][gc,metaspace] GC(407) Metaspace: 42179K(42624K)->42179K(42624K) NonClass: 37843K(38080K)->37843K(38080K) Class: 4336K(4544K)->4336K(4544K)
[246.209s][info][gc          ] GC(407) Pause Young (Mixed) (G1 Evacuation Pause) 255M->161M(430M) 20.355ms
[246.209s][info][gc,cpu      ] GC(407) User=0.04s Sys=0.01s Real=0.02s
[246.851s][info][gc,start    ] GC(408) Pause Young (Mixed) (G1 Evacuation Pause)
[246.851s][info][gc,task     ] GC(408) Using 2 workers of 2 for evacuation
[246.888s][info][gc,phases   ] GC(408)   Pre Evacuate Collection Set: 0.21ms
[246.888s][info][gc,phases   ] GC(408)   Merge Heap Roots: 0.32ms
[246.888s][info][gc,phases   ] GC(408)   Evacuate Collection Set: 36.22ms
[246.888s][info][gc,phases   ] GC(408)   Post Evacuate Collection Set: 0.59ms
[246.888s][info][gc,phases   ] GC(408)   Other: 0.07ms
[246.888s][info][gc,heap     ] GC(408) Eden regions: 175->0(180)
[246.888s][info][gc,heap     ] GC(408) Survivor regions: 10->24(24)
[246.888s][info][gc,heap     ] GC(408) Old regions: 149->123
[246.888s][info][gc,heap     ] GC(408) Humongous regions: 11->3
[246.888s][info][gc,metaspace] GC(408) Metaspace: 42192K(42688K)->42192K(42688K) NonClass: 37856K(38144K)->37856K(38144K) Class: 4336K(4544K)->4336K(4544K)
[246.888s][info][gc          ] GC(408) Pause Young (Mixed) (G1 Evacuation Pause) 344M->150M(430M) 37.629ms
[246.888s][info][gc,cpu      ] GC(408) User=0.08s Sys=0.00s Real=0.04s
[247.473s][info][gc,start    ] GC(409) Pause Young (Mixed) (G1 Evacuation Pause)
[247.473s][info][gc,task     ] GC(409) Using 2 workers of 2 for evacuation
[247.523s][info][gc,phases   ] GC(409)   Pre Evacuate Collection Set: 0.24ms
[247.523s][info][gc,phases   ] GC(409)   Merge Heap Roots: 0.66ms
[247.523s][info][gc,phases   ] GC(409)   Evacuate Collection Set: 48.99ms
[247.523s][info][gc,phases   ] GC(409)   Post Evacuate Collection Set: 0.49ms
[247.523s][info][gc,phases   ] GC(409)   Other: 0.07ms
[247.523s][info][gc,heap     ] GC(409) Eden regions: 180->0(182)
[247.523s][info][gc,heap     ] GC(409) Survivor regions: 24->22(26)
[247.523s][info][gc,heap     ] GC(409) Old regions: 123->125
[247.523s][info][gc,heap     ] GC(409) Humongous regions: 5->4
[247.523s][info][gc,metaspace] GC(409) Metaspace: 42193K(42688K)->42193K(42688K) NonClass: 37857K(38144K)->37857K(38144K) Class: 4336K(4544K)->4336K(4544K)
[247.523s][info][gc          ] GC(409) Pause Young (Mixed) (G1 Evacuation Pause) 332M->150M(430M) 50.634ms
[247.523s][info][gc,cpu      ] GC(409) User=0.10s Sys=0.00s Real=0.05s
[248.114s][info][gc,start    ] GC(410) Pause Young (Normal) (G1 Evacuation Pause)
[248.114s][info][gc,task     ] GC(410) Using 2 workers of 2 for evacuation
[248.133s][info][gc,phases   ] GC(410)   Pre Evacuate Collection Set: 0.21ms
[248.133s][info][gc,phases   ] GC(410)   Merge Heap Roots: 0.10ms
[248.133s][info][gc,phases   ] GC(410)   Evacuate Collection Set: 18.80ms
[248.133s][info][gc,phases   ] GC(410)   Post Evacuate Collection Set: 0.44ms
[248.133s][info][gc,phases   ] GC(410)   Other: 0.07ms
[248.133s][info][gc,heap     ] GC(410) Eden regions: 182->0(183)
[248.133s][info][gc,heap     ] GC(410) Survivor regions: 22->12(26)
[248.133s][info][gc,heap     ] GC(410) Old regions: 125->146
[248.133s][info][gc,heap     ] GC(410) Humongous regions: 6->4
[248.133s][info][gc,metaspace] GC(410) Metaspace: 42194K(42688K)->42194K(42688K) NonClass: 37858K(38144K)->37858K(38144K) Class: 4336K(4544K)->4336K(4544K)
[248.134s][info][gc          ] GC(410) Pause Young (Normal) (G1 Evacuation Pause) 334M->161M(430M) 19.814ms
[248.134s][info][gc,cpu      ] GC(410) User=0.04s Sys=0.00s Real=0.02s
[248.760s][info][gc,start    ] GC(411) Pause Young (Normal) (G1 Evacuation Pause)
[248.760s][info][gc,task     ] GC(411) Using 2 workers of 2 for evacuation
[248.773s][info][gc,phases   ] GC(411)   Pre Evacuate Collection Set: 0.20ms
[248.773s][info][gc,phases   ] GC(411)   Merge Heap Roots: 0.06ms
[248.773s][info][gc,phases   ] GC(411)   Evacuate Collection Set: 11.51ms
[248.773s][info][gc,phases   ] GC(411)   Post Evacuate Collection Set: 0.41ms
[248.773s][info][gc,phases   ] GC(411)   Other: 0.07ms
[248.773s][info][gc,heap     ] GC(411) Eden regions: 183->0(183)
[248.773s][info][gc,heap     ] GC(411) Survivor regions: 12->18(25)
[248.773s][info][gc,heap     ] GC(411) Old regions: 146->146
[248.773s][info][gc,heap     ] GC(411) Humongous regions: 4->4
[248.773s][info][gc,metaspace] GC(411) Metaspace: 42195K(42688K)->42195K(42688K) NonClass: 37859K(38144K)->37859K(38144K) Class: 4336K(4544K)->4336K(4544K)
[248.773s][info][gc          ] GC(411) Pause Young (Normal) (G1 Evacuation Pause) 344M->167M(430M) 12.430ms
[248.773s][info][gc,cpu      ] GC(411) User=0.02s Sys=0.00s Real=0.01s
[248.904s][info][gc,start    ] GC(412) Pause Young (Concurrent Start) (G1 Humongous Allocation)
[248.904s][info][gc,task     ] GC(412) Using 2 workers of 2 for evacuation
[248.927s][info][gc,phases   ] GC(412)   Pre Evacuate Collection Set: 0.24ms
[248.927s][info][gc,phases   ] GC(412)   Merge Heap Roots: 0.05ms
[248.927s][info][gc,phases   ] GC(412)   Evacuate Collection Set: 22.12ms
[248.927s][info][gc,phases   ] GC(412)   Post Evacuate Collection Set: 0.36ms
[248.927s][info][gc,phases   ] GC(412)   Other: 0.09ms
[248.927s][info][gc,heap     ] GC(412) Eden regions: 42->0(127)
[248.927s][info][gc,heap     ] GC(412) Survivor regions: 18->26(26)
[248.927s][info][gc,heap     ] GC(412) Old regions: 146->160
[248.927s][info][gc,heap     ] GC(412) Humongous regions: 4->4
[248.927s][info][gc,metaspace] GC(412) Metaspace: 42195K(42688K)->42195K(42688K) NonClass: 37859K(38144K)->37859K(38144K) Class: 4336K(4544K)->4336K(4544K)
[248.927s][info][gc          ] GC(412) Pause Young (Concurrent Start) (G1 Humongous Allocation) 208M->189M(430M) 23.054ms
[248.927s][info][gc,cpu      ] GC(412) User=0.04s Sys=0.00s Real=0.03s
[248.927s][info][gc          ] GC(413) Concurrent Mark Cycle
[248.927s][info][gc,marking  ] GC(413) Concurrent Scan Root Regions
[248.942s][info][gc,marking  ] GC(413) Concurrent Scan Root Regions 14.816ms
[248.942s][info][gc,marking  ] GC(413) Concurrent Mark
[248.942s][info][gc,marking  ] GC(413) Concurrent Mark From Roots
[248.942s][info][gc,task     ] GC(413) Using 1 workers of 1 for marking
[249.014s][info][gc,marking  ] GC(413) Concurrent Mark From Roots 71.794ms
[249.014s][info][gc,marking  ] GC(413) Concurrent Preclean
[249.014s][info][gc,marking  ] GC(413) Concurrent Preclean 0.048ms
[249.014s][info][gc,start    ] GC(413) Pause Remark
[249.029s][info][gc          ] GC(413) Pause Remark 208M->181M(430M) 14.227ms
[249.029s][info][gc,cpu      ] GC(413) User=0.02s Sys=0.00s Real=0.02s
[249.029s][info][gc,marking  ] GC(413) Concurrent Mark 86.347ms
[249.029s][info][gc,marking  ] GC(413) Concurrent Rebuild Remembered Sets and Scrub Regions
[249.067s][info][gc,marking  ] GC(413) Concurrent Rebuild Remembered Sets and Scrub Regions 38.731ms
[249.068s][info][gc,start    ] GC(413) Pause Cleanup
[249.068s][info][gc          ] GC(413) Pause Cleanup 189M->189M(430M) 0.067ms
[249.068s][info][gc,cpu      ] GC(413) User=0.00s Sys=0.00s Real=0.00s
[249.068s][info][gc,marking  ] GC(413) Concurrent Clear Claimed Marks
[249.068s][info][gc,marking  ] GC(413) Concurrent Clear Claimed Marks 0.038ms
[249.068s][info][gc,marking  ] GC(413) Concurrent Cleanup for Next Mark
[249.070s][info][gc,marking  ] GC(413) Concurrent Cleanup for Next Mark 2.625ms
[249.070s][info][gc          ] GC(413) Concurrent Mark Cycle 142.946ms
[249.392s][info][gc,start    ] GC(414) Pause Young (Prepare Mixed) (G1 Evacuation Pause)
[249.392s][info][gc,task     ] GC(414) Using 2 workers of 2 for evacuation
[249.429s][info][gc,phases   ] GC(414)   Pre Evacuate Collection Set: 0.20ms
[249.429s][info][gc,phases   ] GC(414)   Merge Heap Roots: 0.15ms
[249.429s][info][gc,phases   ] GC(414)   Evacuate Collection Set: 36.23ms
[249.429s][info][gc,phases   ] GC(414)   Post Evacuate Collection Set: 0.43ms
[249.429s][info][gc,phases   ] GC(414)   Other: 0.07ms
[249.429s][info][gc,heap     ] GC(414) Eden regions: 127->0(124)
[249.429s][info][gc,heap     ] GC(414) Survivor regions: 26->20(20)
[249.429s][info][gc,heap     ] GC(414) Old regions: 134->174
[249.429s][info][gc,heap     ] GC(414) Humongous regions: 4->4
[249.429s][info][gc,metaspace] GC(414) Metaspace: 42196K(42688K)->42196K(42688K) NonClass: 37860K(38144K)->37860K(38144K) Class: 4336K(4544K)->4336K(4544K)
[249.429s][info][gc          ] GC(414) Pause Young (Prepare Mixed) (G1 Evacuation Pause) 290M->198M(430M) 37.350ms
[249.429s][info][gc,cpu      ] GC(414) User=0.08s Sys=0.00s Real=0.04s
[249.835s][info][gc,start    ] GC(415) Pause Young (Mixed) (G1 Evacuation Pause)
[249.835s][info][gc,task     ] GC(415) Using 2 workers of 2 for evacuation
[249.897s][info][gc,phases   ] GC(415)   Pre Evacuate Collection Set: 0.26ms
[249.897s][info][gc,phases   ] GC(415)   Merge Heap Roots: 0.17ms
[249.897s][info][gc,phases   ] GC(415)   Evacuate Collection Set: 60.86ms
[249.897s][info][gc,phases   ] GC(415)   Post Evacuate Collection Set: 0.65ms
[249.897s][info][gc,phases   ] GC(415)   Other: 0.09ms
[249.897s][info][gc,heap     ] GC(415) Eden regions: 124->0(101)
[249.897s][info][gc,heap     ] GC(415) Survivor regions: 20->18(18)
[249.897s][info][gc,heap     ] GC(415) Old regions: 174->197
[249.897s][info][gc,heap     ] GC(415) Humongous regions: 5->5
[249.897s][info][gc,metaspace] GC(415) Metaspace: 42197K(42688K)->42197K(42688K) NonClass: 37860K(38144K)->37860K(38144K) Class: 4337K(4544K)->4337K(4544K)
[249.897s][info][gc          ] GC(415) Pause Young (Mixed) (G1 Evacuation Pause) 323M->220M(430M) 62.256ms
[249.897s][info][gc,cpu      ] GC(415) User=0.10s Sys=0.00s Real=0.07s
[250.278s][info][gc,start    ] GC(416) Pause Young (Mixed) (G1 Evacuation Pause)
[250.278s][info][gc,task     ] GC(416) Using 2 workers of 2 for evacuation
[250.338s][info][gc,phases   ] GC(416)   Pre Evacuate Collection Set: 0.22ms
[250.338s][info][gc,phases   ] GC(416)   Merge Heap Roots: 0.33ms
[250.338s][info][gc,phases   ] GC(416)   Evacuate Collection Set: 59.00ms
[250.338s][info][gc,phases   ] GC(416)   Post Evacuate Collection Set: 0.85ms
[250.338s][info][gc,phases   ] GC(416)   Other: 0.07ms
[250.338s][info][gc,heap     ] GC(416) Eden regions: 101->0(88)
[250.338s][info][gc,heap     ] GC(416) Survivor regions: 18->15(15)
[250.338s][info][gc,heap     ] GC(416) Old regions: 197->249
[250.338s][info][gc,heap     ] GC(416) Humongous regions: 5->5
[250.338s][info][gc,metaspace] GC(416) Metaspace: 42199K(42688K)->42199K(42688K) NonClass: 37861K(38144K)->37861K(38144K) Class: 4337K(4544K)->4337K(4544K)
[250.338s][info][gc          ] GC(416) Pause Young (Mixed) (G1 Evacuation Pause) 321M->269M(471M) 60.660ms
[250.338s][info][gc,cpu      ] GC(416) User=0.12s Sys=0.01s Real=0.06s
[250.425s][info][gc,start    ] GC(417) Pause Young (Concurrent Start) (G1 Humongous Allocation)
[250.425s][info][gc,task     ] GC(417) Using 2 workers of 2 for evacuation
[250.454s][info][gc,phases   ] GC(417)   Pre Evacuate Collection Set: 0.23ms
[250.454s][info][gc,phases   ] GC(417)   Merge Heap Roots: 0.20ms
[250.454s][info][gc,phases   ] GC(417)   Evacuate Collection Set: 28.23ms
[250.454s][info][gc,phases   ] GC(417)   Post Evacuate Collection Set: 0.33ms
[250.454s][info][gc,phases   ] GC(417)   Other: 0.09ms
[250.454s][info][gc,heap     ] GC(417) Eden regions: 26->0(76)
[250.454s][info][gc,heap     ] GC(417) Survivor regions: 15->13(13)
[250.454s][info][gc,heap     ] GC(417) Old regions: 249->268
[250.454s][info][gc,heap     ] GC(417) Humongous regions: 5->5
[250.454s][info][gc,metaspace] GC(417) Metaspace: 42199K(42688K)->42199K(42688K) NonClass: 37861K(38144K)->37861K(38144K) Class: 4337K(4544K)->4337K(4544K)
[250.454s][info][gc          ] GC(417) Pause Young (Concurrent Start) (G1 Humongous Allocation) 294M->285M(471M) 29.292ms
[250.455s][info][gc,cpu      ] GC(417) User=0.05s Sys=0.01s Real=0.02s
[250.455s][info][gc          ] GC(418) Concurrent Mark Cycle
[250.455s][info][gc,marking  ] GC(418) Concurrent Scan Root Regions
[250.467s][info][gc,marking  ] GC(418) Concurrent Scan Root Regions 12.103ms
[250.467s][info][gc,marking  ] GC(418) Concurrent Mark
[250.467s][info][gc,marking  ] GC(418) Concurrent Mark From Roots
[250.467s][info][gc,task     ] GC(418) Using 1 workers of 1 for marking
[250.620s][info][gc,marking  ] GC(418) Concurrent Mark From Roots 153.467ms
[250.620s][info][gc,marking  ] GC(418) Concurrent Preclean
[250.620s][info][gc,marking  ] GC(418) Concurrent Preclean 0.060ms
[250.620s][info][gc,start    ] GC(418) Pause Remark
[250.635s][info][gc          ] GC(418) Pause Remark 323M->286M(471M) 14.334ms
[250.635s][info][gc,cpu      ] GC(418) User=0.03s Sys=0.00s Real=0.01s
[250.635s][info][gc,marking  ] GC(418) Concurrent Mark 168.153ms
[250.635s][info][gc,marking  ] GC(418) Concurrent Rebuild Remembered Sets and Scrub Regions
[250.726s][info][gc,marking  ] GC(418) Concurrent Rebuild Remembered Sets and Scrub Regions 90.857ms
[250.727s][info][gc,start    ] GC(418) Pause Cleanup
[250.727s][info][gc          ] GC(418) Pause Cleanup 306M->306M(471M) 0.100ms
[250.727s][info][gc,cpu      ] GC(418) User=0.00s Sys=0.00s Real=0.00s
[250.727s][info][gc,marking  ] GC(418) Concurrent Clear Claimed Marks
[250.727s][info][gc,marking  ] GC(418) Concurrent Clear Claimed Marks 0.057ms
[250.727s][info][gc,marking  ] GC(418) Concurrent Cleanup for Next Mark
[250.730s][info][gc,marking  ] GC(418) Concurrent Cleanup for Next Mark 2.924ms
[250.730s][info][gc          ] GC(418) Concurrent Mark Cycle 275.681ms
[250.796s][info][gc,start    ] GC(419) Pause Young (Prepare Mixed) (G1 Evacuation Pause)
[250.796s][info][gc,task     ] GC(419) Using 2 workers of 2 for evacuation
[250.838s][info][gc,phases   ] GC(419)   Pre Evacuate Collection Set: 0.28ms
[250.838s][info][gc,phases   ] GC(419)   Merge Heap Roots: 0.32ms
[250.838s][info][gc,phases   ] GC(419)   Evacuate Collection Set: 40.89ms
[250.838s][info][gc,phases   ] GC(419)   Post Evacuate Collection Set: 0.39ms
[250.838s][info][gc,phases   ] GC(419)   Other: 0.07ms
[250.838s][info][gc,heap     ] GC(419) Eden regions: 76->0(70)
[250.838s][info][gc,heap     ] GC(419) Survivor regions: 13->12(12)
[250.838s][info][gc,heap     ] GC(419) Old regions: 232->280
[250.838s][info][gc,heap     ] GC(419) Humongous regions: 5->5
[250.838s][info][gc,metaspace] GC(419) Metaspace: 42199K(42688K)->42199K(42688K) NonClass: 37861K(38144K)->37861K(38144K) Class: 4337K(4544K)->4337K(4544K)
[250.838s][info][gc          ] GC(419) Pause Young (Prepare Mixed) (G1 Evacuation Pause) 325M->296M(471M) 42.113ms
[250.838s][info][gc,cpu      ] GC(419) User=0.09s Sys=0.00s Real=0.04s
[251.072s][info][gc,start    ] GC(420) Pause Young (Mixed) (G1 Evacuation Pause)
[251.072s][info][gc,task     ] GC(420) Using 2 workers of 2 for evacuation
[251.118s][info][gc,phases   ] GC(420)   Pre Evacuate Collection Set: 0.26ms
[251.118s][info][gc,phases   ] GC(420)   Merge Heap Roots: 0.29ms
[251.118s][info][gc,phases   ] GC(420)   Evacuate Collection Set: 44.66ms
[251.118s][info][gc,phases   ] GC(420)   Post Evacuate Collection Set: 0.46ms
[251.118s][info][gc,phases   ] GC(420)   Other: 0.08ms
[251.118s][info][gc,heap     ] GC(420) Eden regions: 70->0(68)
[251.118s][info][gc,heap     ] GC(420) Survivor regions: 12->11(11)
[251.118s][info][gc,heap     ] GC(420) Old regions: 280->282
[251.118s][info][gc,heap     ] GC(420) Humongous regions: 6->6
[251.118s][info][gc,metaspace] GC(420) Metaspace: 42199K(42688K)->42199K(42688K) NonClass: 37861K(38144K)->37861K(38144K) Class: 4337K(4544K)->4337K(4544K)
[251.118s][info][gc          ] GC(420) Pause Young (Mixed) (G1 Evacuation Pause) 367M->299M(471M) 45.971ms
[251.118s][info][gc,cpu      ] GC(420) User=0.09s Sys=0.00s Real=0.05s
[251.370s][info][gc,start    ] GC(421) Pause Young (Mixed) (G1 Evacuation Pause)
[251.370s][info][gc,task     ] GC(421) Using 2 workers of 2 for evacuation
[251.428s][info][gc,phases   ] GC(421)   Pre Evacuate Collection Set: 0.29ms
[251.428s][info][gc,phases   ] GC(421)   Merge Heap Roots: 0.71ms
[251.428s][info][gc,phases   ] GC(421)   Evacuate Collection Set: 56.19ms
[251.428s][info][gc,phases   ] GC(421)   Post Evacuate Collection Set: 0.39ms
[251.428s][info][gc,phases   ] GC(421)   Other: 0.06ms
[251.428s][info][gc,heap     ] GC(421) Eden regions: 68->0(67)
[251.428s][info][gc,heap     ] GC(421) Survivor regions: 11->10(10)
[251.428s][info][gc,heap     ] GC(421) Old regions: 282->291
[251.428s][info][gc,heap     ] GC(421) Humongous regions: 6->6
[251.428s][info][gc,metaspace] GC(421) Metaspace: 42199K(42688K)->42199K(42688K) NonClass: 37861K(38144K)->37861K(38144K) Class: 4337K(4544K)->4337K(4544K)
[251.428s][info][gc          ] GC(421) Pause Young (Mixed) (G1 Evacuation Pause) 367M->306M(471M) 57.869ms
[251.428s][info][gc,cpu      ] GC(421) User=0.11s Sys=0.00s Real=0.06s
[251.575s][info][gc,start    ] GC(422) Pause Young (Concurrent Start) (G1 Humongous Allocation)
[251.575s][info][gc,task     ] GC(422) Using 2 workers of 2 for evacuation
[251.599s][info][gc,phases   ] GC(422)   Pre Evacuate Collection Set: 0.27ms
[251.599s][info][gc,phases   ] GC(422)   Merge Heap Roots: 0.11ms
[251.599s][info][gc,phases   ] GC(422)   Evacuate Collection Set: 22.63ms
[251.599s][info][gc,phases   ] GC(422)   Post Evacuate Collection Set: 1.33ms
[251.599s][info][gc,phases   ] GC(422)   Other: 0.11ms
[251.599s][info][gc,heap     ] GC(422) Eden regions: 45->0(106)
[251.599s][info][gc,heap     ] GC(422) Survivor regions: 10->10(10)
[251.599s][info][gc,heap     ] GC(422) Old regions: 291->316
[251.599s][info][gc,heap     ] GC(422) Humongous regions: 6->6
[251.599s][info][gc,metaspace] GC(422) Metaspace: 42199K(42688K)->42199K(42688K) NonClass: 37861K(38144K)->37861K(38144K) Class: 4337K(4544K)->4337K(4544K)
[251.599s][info][gc          ] GC(422) Pause Young (Concurrent Start) (G1 Humongous Allocation) 350M->331M(590M) 24.667ms
[251.599s][info][gc          ] GC(423) Concurrent Undo Cycle
[251.599s][info][gc,marking  ] GC(423) Concurrent Clear Claimed Marks
[251.599s][info][gc,marking  ] GC(423) Concurrent Clear Claimed Marks 0.040ms
[251.599s][info][gc,marking  ] GC(423) Concurrent Cleanup for Next Mark
[251.599s][info][gc,cpu      ] GC(422) User=0.05s Sys=0.00s Real=0.03s
[251.600s][info][gc,marking  ] GC(423) Concurrent Cleanup for Next Mark 0.212ms
[251.600s][info][gc          ] GC(423) Concurrent Undo Cycle 0.290ms
[252.047s][info][gc,start    ] GC(424) Pause Young (Normal) (G1 Evacuation Pause)
[252.047s][info][gc,task     ] GC(424) Using 2 workers of 2 for evacuation
[252.073s][info][gc,phases   ] GC(424)   Pre Evacuate Collection Set: 0.24ms
[252.073s][info][gc,phases   ] GC(424)   Merge Heap Roots: 0.14ms
[252.073s][info][gc,phases   ] GC(424)   Evacuate Collection Set: 25.17ms
[252.073s][info][gc,phases   ] GC(424)   Post Evacuate Collection Set: 0.41ms
[252.073s][info][gc,phases   ] GC(424)   Other: 0.07ms
[252.073s][info][gc,heap     ] GC(424) Eden regions: 106->0(107)
[252.073s][info][gc,heap     ] GC(424) Survivor regions: 10->15(15)
[252.073s][info][gc,heap     ] GC(424) Old regions: 316->327
[252.073s][info][gc,heap     ] GC(424) Humongous regions: 7->7
[252.073s][info][gc,metaspace] GC(424) Metaspace: 42200K(42688K)->42200K(42688K) NonClass: 37863K(38144K)->37863K(38144K) Class: 4337K(4544K)->4337K(4544K)
[252.073s][info][gc          ] GC(424) Pause Young (Normal) (G1 Evacuation Pause) 438M->349M(590M) 26.234ms
[252.073s][info][gc,cpu      ] GC(424) User=0.04s Sys=0.01s Real=0.02s
[252.424s][info][gc,start    ] GC(425) Pause Young (Concurrent Start) (G1 Evacuation Pause)
[252.424s][info][gc,task     ] GC(425) Using 2 workers of 2 for evacuation
[252.449s][info][gc,phases   ] GC(425)   Pre Evacuate Collection Set: 0.29ms
[252.449s][info][gc,phases   ] GC(425)   Merge Heap Roots: 0.13ms
[252.449s][info][gc,phases   ] GC(425)   Evacuate Collection Set: 23.98ms
[252.449s][info][gc,phases   ] GC(425)   Post Evacuate Collection Set: 0.40ms
[252.449s][info][gc,phases   ] GC(425)   Other: 0.09ms
[252.449s][info][gc,heap     ] GC(425) Eden regions: 107->0(111)
[252.449s][info][gc,heap     ] GC(425) Survivor regions: 15->16(16)
[252.449s][info][gc,heap     ] GC(425) Old regions: 327->336
[252.449s][info][gc,heap     ] GC(425) Humongous regions: 7->7
[252.449s][info][gc,metaspace] GC(425) Metaspace: 42200K(42688K)->42200K(42688K) NonClass: 37863K(38144K)->37863K(38144K) Class: 4337K(4544K)->4337K(4544K)
[252.449s][info][gc          ] GC(425) Pause Young (Concurrent Start) (G1 Evacuation Pause) 456M->358M(590M) 25.112ms
[252.449s][info][gc          ] GC(426) Concurrent Mark Cycle
[252.449s][info][gc,marking  ] GC(426) Concurrent Scan Root Regions
[252.451s][info][gc,cpu      ] GC(425) User=0.05s Sys=0.01s Real=0.03s
[252.461s][info][gc,marking  ] GC(426) Concurrent Scan Root Regions 11.911ms
[252.461s][info][gc,marking  ] GC(426) Concurrent Mark
[252.461s][info][gc,marking  ] GC(426) Concurrent Mark From Roots
[252.461s][info][gc,task     ] GC(426) Using 1 workers of 1 for marking
[252.546s][info][gc,marking  ] GC(426) Concurrent Mark From Roots 84.827ms
[252.546s][info][gc,marking  ] GC(426) Concurrent Preclean
[252.546s][info][gc,marking  ] GC(426) Concurrent Preclean 0.042ms
[252.546s][info][gc,start    ] GC(426) Pause Remark
[252.560s][info][gc          ] GC(426) Pause Remark 381M->257M(590M) 14.213ms
[252.560s][info][gc,cpu      ] GC(426) User=0.03s Sys=0.00s Real=0.01s
[252.560s][info][gc,marking  ] GC(426) Concurrent Mark 99.374ms
[252.560s][info][gc,marking  ] GC(426) Concurrent Rebuild Remembered Sets and Scrub Regions
[252.603s][info][gc,marking  ] GC(426) Concurrent Rebuild Remembered Sets and Scrub Regions 42.272ms
[252.603s][info][gc,start    ] GC(426) Pause Cleanup
[252.603s][info][gc          ] GC(426) Pause Cleanup 268M->268M(590M) 0.120ms
[252.603s][info][gc,cpu      ] GC(426) User=0.00s Sys=0.00s Real=0.00s
[252.603s][info][gc,marking  ] GC(426) Concurrent Clear Claimed Marks
[252.603s][info][gc,marking  ] GC(426) Concurrent Clear Claimed Marks 0.038ms
[252.603s][info][gc,marking  ] GC(426) Concurrent Cleanup for Next Mark
[252.606s][info][gc,marking  ] GC(426) Concurrent Cleanup for Next Mark 3.024ms
[252.606s][info][gc          ] GC(426) Concurrent Mark Cycle 156.939ms
[252.881s][info][gc,start    ] GC(427) Pause Young (Prepare Mixed) (G1 Evacuation Pause)
[252.881s][info][gc,task     ] GC(427) Using 2 workers of 2 for evacuation
[252.897s][info][gc,phases   ] GC(427)   Pre Evacuate Collection Set: 0.25ms
[252.897s][info][gc,phases   ] GC(427)   Merge Heap Roots: 0.11ms
[252.897s][info][gc,phases   ] GC(427)   Evacuate Collection Set: 15.38ms
[252.897s][info][gc,phases   ] GC(427)   Post Evacuate Collection Set: 0.39ms
[252.897s][info][gc,phases   ] GC(427)   Other: 0.09ms
[252.897s][info][gc,heap     ] GC(427) Eden regions: 111->0(172)
[252.897s][info][gc,heap     ] GC(427) Survivor regions: 16->14(16)
[252.897s][info][gc,heap     ] GC(427) Old regions: 215->226
[252.897s][info][gc,heap     ] GC(427) Humongous regions: 5->4
[252.897s][info][gc,metaspace] GC(427) Metaspace: 42200K(42688K)->42200K(42688K) NonClass: 37863K(38144K)->37863K(38144K) Class: 4337K(4544K)->4337K(4544K)
[252.897s][info][gc          ] GC(427) Pause Young (Prepare Mixed) (G1 Evacuation Pause) 346M->244M(590M) 16.441ms
[252.897s][info][gc,cpu      ] GC(427) User=0.03s Sys=0.00s Real=0.02s
[253.485s][info][gc,start    ] GC(428) Pause Young (Mixed) (G1 Evacuation Pause)
[253.485s][info][gc,task     ] GC(428) Using 2 workers of 2 for evacuation
[253.493s][info][gc,phases   ] GC(428)   Pre Evacuate Collection Set: 0.28ms
[253.493s][info][gc,phases   ] GC(428)   Merge Heap Roots: 0.12ms
[253.493s][info][gc,phases   ] GC(428)   Evacuate Collection Set: 7.61ms
[253.493s][info][gc,phases   ] GC(428)   Post Evacuate Collection Set: 0.47ms
[253.493s][info][gc,phases   ] GC(428)   Other: 0.08ms
[253.493s][info][gc,heap     ] GC(428) Eden regions: 172->0(215)
[253.493s][info][gc,heap     ] GC(428) Survivor regions: 14->4(24)
[253.493s][info][gc,heap     ] GC(428) Old regions: 226->175
[253.493s][info][gc,heap     ] GC(428) Humongous regions: 5->4
[253.493s][info][gc,metaspace] GC(428) Metaspace: 42200K(42688K)->42200K(42688K) NonClass: 37863K(38144K)->37863K(38144K) Class: 4337K(4544K)->4337K(4544K)
[253.494s][info][gc          ] GC(428) Pause Young (Mixed) (G1 Evacuation Pause) 417M->182M(590M) 8.732ms
[253.494s][info][gc,cpu      ] GC(428) User=0.02s Sys=0.00s Real=0.01s
[254.192s][info][gc,start    ] GC(429) Pause Young (Mixed) (G1 Evacuation Pause)
[254.192s][info][gc,task     ] GC(429) Using 2 workers of 2 for evacuation
[254.213s][info][gc,phases   ] GC(429)   Pre Evacuate Collection Set: 0.27ms
[254.213s][info][gc,phases   ] GC(429)   Merge Heap Roots: 0.17ms
[254.213s][info][gc,phases   ] GC(429)   Evacuate Collection Set: 20.34ms
[254.213s][info][gc,phases   ] GC(429)   Post Evacuate Collection Set: 0.55ms
[254.213s][info][gc,phases   ] GC(429)   Other: 0.08ms
[254.213s][info][gc,heap     ] GC(429) Eden regions: 215->0(238)
[254.213s][info][gc,heap     ] GC(429) Survivor regions: 4->28(28)
[254.213s][info][gc,heap     ] GC(429) Old regions: 175->119
[254.213s][info][gc,heap     ] GC(429) Humongous regions: 7->5
[254.213s][info][gc,metaspace] GC(429) Metaspace: 42200K(42688K)->42200K(42688K) NonClass: 37863K(38144K)->37863K(38144K) Class: 4337K(4544K)->4337K(4544K)
[254.213s][info][gc          ] GC(429) Pause Young (Mixed) (G1 Evacuation Pause) 400M->151M(590M) 21.623ms
[254.213s][info][gc,cpu      ] GC(429) User=0.04s Sys=0.00s Real=0.02s
[254.991s][info][gc,start    ] GC(430) Pause Young (Mixed) (G1 Evacuation Pause)
[254.991s][info][gc,task     ] GC(430) Using 2 workers of 2 for evacuation
[255.026s][info][gc,phases   ] GC(430)   Pre Evacuate Collection Set: 0.33ms
[255.026s][info][gc,phases   ] GC(430)   Merge Heap Roots: 0.24ms
[255.026s][info][gc,phases   ] GC(430)   Evacuate Collection Set: 33.56ms
[255.026s][info][gc,phases   ] GC(430)   Post Evacuate Collection Set: 0.48ms
[255.026s][info][gc,phases   ] GC(430)   Other: 0.07ms
[255.026s][info][gc,heap     ] GC(430) Eden regions: 238->0(240)
[255.026s][info][gc,heap     ] GC(430) Survivor regions: 28->27(34)
[255.026s][info][gc,heap     ] GC(430) Old regions: 119->138
[255.026s][info][gc,heap     ] GC(430) Humongous regions: 8->6
[255.026s][info][gc,metaspace] GC(430) Metaspace: 42200K(42688K)->42200K(42688K) NonClass: 37863K(38144K)->37863K(38144K) Class: 4337K(4544K)->4337K(4544K)
[255.026s][info][gc          ] GC(430) Pause Young (Mixed) (G1 Evacuation Pause) 392M->170M(590M) 34.919ms
[255.026s][info][gc,cpu      ] GC(430) User=0.06s Sys=0.00s Real=0.04s
[255.735s][info][gc,start    ] GC(431) Pause Young (Normal) (G1 Evacuation Pause)
[255.736s][info][gc,task     ] GC(431) Using 2 workers of 2 for evacuation
[255.749s][info][gc,phases   ] GC(431)   Pre Evacuate Collection Set: 0.22ms
[255.749s][info][gc,phases   ] GC(431)   Merge Heap Roots: 0.09ms
[255.749s][info][gc,phases   ] GC(431)   Evacuate Collection Set: 12.52ms
[255.749s][info][gc,phases   ] GC(431)   Post Evacuate Collection Set: 0.49ms
[255.749s][info][gc,phases   ] GC(431)   Other: 0.10ms
[255.749s][info][gc,heap     ] GC(431) Eden regions: 240->0(256)
[255.749s][info][gc,heap     ] GC(431) Survivor regions: 27->20(34)
[255.749s][info][gc,heap     ] GC(431) Old regions: 138->139
[255.749s][info][gc,heap     ] GC(431) Humongous regions: 8->5
[255.749s][info][gc,metaspace] GC(431) Metaspace: 42201K(42688K)->42201K(42688K) NonClass: 37864K(38144K)->37864K(38144K) Class: 4337K(4544K)->4337K(4544K)
[255.749s][info][gc          ] GC(431) Pause Young (Normal) (G1 Evacuation Pause) 412M->163M(590M) 13.622ms
[255.749s][info][gc,cpu      ] GC(431) User=0.02s Sys=0.00s Real=0.01s
[256.486s][info][gc,start    ] GC(432) Pause Young (Normal) (G1 Evacuation Pause)
[256.486s][info][gc,task     ] GC(432) Using 2 workers of 2 for evacuation
[256.497s][info][gc,phases   ] GC(432)   Pre Evacuate Collection Set: 0.24ms
[256.497s][info][gc,phases   ] GC(432)   Merge Heap Roots: 0.09ms
[256.497s][info][gc,phases   ] GC(432)   Evacuate Collection Set: 10.24ms
[256.497s][info][gc,phases   ] GC(432)   Post Evacuate Collection Set: 0.52ms
[256.497s][info][gc,phases   ] GC(432)   Other: 0.07ms
[256.497s][info][gc,heap     ] GC(432) Eden regions: 256->0(276)
[256.497s][info][gc,heap     ] GC(432) Survivor regions: 20->2(35)
[256.497s][info][gc,heap     ] GC(432) Old regions: 139->158
[256.497s][info][gc,heap     ] GC(432) Humongous regions: 6->5
[256.497s][info][gc,metaspace] GC(432) Metaspace: 42201K(42688K)->42201K(42688K) NonClass: 37864K(38144K)->37864K(38144K) Class: 4337K(4544K)->4337K(4544K)
[256.497s][info][gc          ] GC(432) Pause Young (Normal) (G1 Evacuation Pause) 420M->164M(590M) 11.340ms
[256.497s][info][gc,cpu      ] GC(432) User=0.02s Sys=0.00s Real=0.01s
[257.079s][info][gc,start    ] GC(433) Pause Young (Normal) (G1 Evacuation Pause)
[257.079s][info][gc,task     ] GC(433) Using 2 workers of 2 for evacuation
[257.084s][info][gc,phases   ] GC(433)   Pre Evacuate Collection Set: 0.23ms
[257.084s][info][gc,phases   ] GC(433)   Merge Heap Roots: 0.08ms
[257.084s][info][gc,phases   ] GC(433)   Evacuate Collection Set: 3.73ms
[257.084s][info][gc,phases   ] GC(433)   Post Evacuate Collection Set: 0.49ms
[257.084s][info][gc,phases   ] GC(433)   Other: 0.07ms
[257.084s][info][gc,heap     ] GC(433) Eden regions: 276->0(293)
[257.084s][info][gc,heap     ] GC(433) Survivor regions: 2->5(35)
[257.084s][info][gc,heap     ] GC(433) Old regions: 158->158
[257.084s][info][gc,heap     ] GC(433) Humongous regions: 5->3
[257.084s][info][gc,metaspace] GC(433) Metaspace: 42201K(42688K)->42201K(42688K) NonClass: 37864K(38144K)->37864K(38144K) Class: 4337K(4544K)->4337K(4544K)
[257.084s][info][gc          ] GC(433) Pause Young (Normal) (G1 Evacuation Pause) 440M->166M(590M) 4.809ms
[257.084s][info][gc,cpu      ] GC(433) User=0.00s Sys=0.00s Real=0.00s
[257.417s][info][gc,start    ] GC(434) Pause Young (Concurrent Start) (G1 Humongous Allocation)
[257.418s][info][gc,task     ] GC(434) Using 2 workers of 2 for evacuation
[257.421s][info][gc,phases   ] GC(434)   Pre Evacuate Collection Set: 0.28ms
[257.421s][info][gc,phases   ] GC(434)   Merge Heap Roots: 0.08ms
[257.421s][info][gc,phases   ] GC(434)   Evacuate Collection Set: 2.31ms
[257.421s][info][gc,phases   ] GC(434)   Post Evacuate Collection Set: 0.41ms
[257.421s][info][gc,phases   ] GC(434)   Other: 0.09ms
[257.421s][info][gc,heap     ] GC(434) Eden regions: 189->0(309)
[257.421s][info][gc,heap     ] GC(434) Survivor regions: 5->4(38)
[257.421s][info][gc,heap     ] GC(434) Old regions: 158->158
[257.421s][info][gc,heap     ] GC(434) Humongous regions: 3->3
[257.421s][info][gc,metaspace] GC(434) Metaspace: 42201K(42688K)->42201K(42688K) NonClass: 37864K(38144K)->37864K(38144K) Class: 4337K(4544K)->4337K(4544K)
[257.421s][info][gc          ] GC(434) Pause Young (Concurrent Start) (G1 Humongous Allocation) 354M->164M(590M) 3.352ms
[257.421s][info][gc          ] GC(435) Concurrent Mark Cycle
[257.421s][info][gc,marking  ] GC(435) Concurrent Scan Root Regions
[257.423s][info][gc,cpu      ] GC(434) User=0.01s Sys=0.00s Real=0.00s
[257.423s][info][gc,marking  ] GC(435) Concurrent Scan Root Regions 1.674ms
[257.423s][info][gc,marking  ] GC(435) Concurrent Mark
[257.423s][info][gc,marking  ] GC(435) Concurrent Mark From Roots
[257.423s][info][gc,task     ] GC(435) Using 1 workers of 1 for marking
[257.551s][info][gc,marking  ] GC(435) Concurrent Mark From Roots 128.554ms
[257.551s][info][gc,marking  ] GC(435) Concurrent Preclean
[257.551s][info][gc,marking  ] GC(435) Concurrent Preclean 0.039ms
[257.551s][info][gc,start    ] GC(435) Pause Remark
[257.566s][info][gc          ] GC(435) Pause Remark 198M->125M(314M) 14.417ms
[257.566s][info][gc,cpu      ] GC(435) User=0.03s Sys=0.00s Real=0.02s
[257.566s][info][gc,marking  ] GC(435) Concurrent Mark 143.309ms
[257.566s][info][gc,marking  ] GC(435) Concurrent Rebuild Remembered Sets and Scrub Regions
[257.625s][info][gc,marking  ] GC(435) Concurrent Rebuild Remembered Sets and Scrub Regions 58.977ms
[257.625s][info][gc,start    ] GC(435) Pause Cleanup
[257.625s][info][gc          ] GC(435) Pause Cleanup 147M->147M(314M) 0.059ms
[257.625s][info][gc,cpu      ] GC(435) User=0.00s Sys=0.00s Real=0.00s
[257.626s][info][gc,marking  ] GC(435) Concurrent Clear Claimed Marks
[257.626s][info][gc,marking  ] GC(435) Concurrent Clear Claimed Marks 0.067ms
[257.626s][info][gc,marking  ] GC(435) Concurrent Cleanup for Next Mark
[257.627s][info][gc,marking  ] GC(435) Concurrent Cleanup for Next Mark 0.956ms
[257.627s][info][gc          ] GC(435) Concurrent Mark Cycle 206.043ms
[258.073s][info][gc,start    ] GC(436) Pause Young (Prepare Mixed) (G1 Evacuation Pause)
[258.073s][info][gc,task     ] GC(436) Using 2 workers of 2 for evacuation
[258.086s][info][gc,phases   ] GC(436)   Pre Evacuate Collection Set: 0.31ms
[258.086s][info][gc,phases   ] GC(436)   Merge Heap Roots: 0.12ms
[258.086s][info][gc,phases   ] GC(436)   Evacuate Collection Set: 11.47ms
[258.086s][info][gc,phases   ] GC(436)   Post Evacuate Collection Set: 1.02ms
[258.086s][info][gc,phases   ] GC(436)   Other: 0.07ms
[258.086s][info][gc,heap     ] GC(436) Eden regions: 84->0(268)
[258.086s][info][gc,heap     ] GC(436) Survivor regions: 4->9(33)
[258.086s][info][gc,heap     ] GC(436) Old regions: 87->87
[258.086s][info][gc,heap     ] GC(436) Humongous regions: 279->3
[258.086s][info][gc,metaspace] GC(436) Metaspace: 42204K(42688K)->42204K(42688K) NonClass: 37867K(38144K)->37867K(38144K) Class: 4337K(4544K)->4337K(4544K)
[258.086s][info][gc          ] GC(436) Pause Young (Prepare Mixed) (G1 Evacuation Pause) 453M->99M(463M) 13.215ms
[258.086s][info][gc,cpu      ] GC(436) User=0.02s Sys=0.00s Real=0.02s
[258.770s][info][gc,start    ] GC(437) Pause Young (Mixed) (G1 Evacuation Pause)
[258.770s][info][gc,task     ] GC(437) Using 2 workers of 2 for evacuation
[258.799s][info][gc,phases   ] GC(437)   Pre Evacuate Collection Set: 0.43ms
[258.799s][info][gc,phases   ] GC(437)   Merge Heap Roots: 0.18ms
[258.799s][info][gc,phases   ] GC(437)   Evacuate Collection Set: 27.38ms
[258.799s][info][gc,phases   ] GC(437)   Post Evacuate Collection Set: 1.01ms
[258.799s][info][gc,phases   ] GC(437)   Other: 0.08ms
[258.799s][info][gc,heap     ] GC(437) Eden regions: 72->0(352)
[258.799s][info][gc,heap     ] GC(437) Survivor regions: 9->16(36)
[258.799s][info][gc,heap     ] GC(437) Old regions: 87->68
[258.799s][info][gc,heap     ] GC(437) Humongous regions: 429->3
[258.799s][info][gc,metaspace] GC(437) Metaspace: 42204K(42688K)->42204K(42688K) NonClass: 37867K(38144K)->37867K(38144K) Class: 4337K(4544K)->4337K(4544K)
[258.799s][info][gc          ] GC(437) Pause Young (Mixed) (G1 Evacuation Pause) 596M->87M(614M) 29.273ms
[258.799s][info][gc,cpu      ] GC(437) User=0.04s Sys=0.01s Real=0.03s
[258.981s][info][gc,start    ] GC(438) Pause Young (Concurrent Start) (G1 Humongous Allocation)
[258.981s][info][gc,task     ] GC(438) Using 2 workers of 2 for evacuation
[258.996s][info][gc,phases   ] GC(438)   Pre Evacuate Collection Set: 0.29ms
[258.996s][info][gc,phases   ] GC(438)   Merge Heap Roots: 0.05ms
[258.996s][info][gc,phases   ] GC(438)   Evacuate Collection Set: 13.91ms
[258.996s][info][gc,phases   ] GC(438)   Post Evacuate Collection Set: 0.52ms
[258.996s][info][gc,phases   ] GC(438)   Other: 0.10ms
[258.996s][info][gc,heap     ] GC(438) Eden regions: 22->0(351)
[258.996s][info][gc,heap     ] GC(438) Survivor regions: 16->17(46)
[258.996s][info][gc,heap     ] GC(438) Old regions: 68->68
[258.996s][info][gc,heap     ] GC(438) Humongous regions: 139->1
[258.996s][info][gc,metaspace] GC(438) Metaspace: 42204K(42688K)->42204K(42688K) NonClass: 37867K(38144K)->37867K(38144K) Class: 4337K(4544K)->4337K(4544K)
[258.996s][info][gc          ] GC(438) Pause Young (Concurrent Start) (G1 Humongous Allocation) 244M->86M(614M) 15.069ms
[258.996s][info][gc,cpu      ] GC(438) User=0.03s Sys=0.00s Real=0.02s
[258.996s][info][gc          ] GC(439) Concurrent Undo Cycle
[258.996s][info][gc,marking  ] GC(439) Concurrent Clear Claimed Marks
[258.996s][info][gc,marking  ] GC(439) Concurrent Clear Claimed Marks 0.036ms
[258.996s][info][gc,marking  ] GC(439) Concurrent Cleanup for Next Mark
[258.997s][info][gc,marking  ] GC(439) Concurrent Cleanup for Next Mark 0.620ms
[258.997s][info][gc          ] GC(439) Concurrent Undo Cycle 0.733ms
[259.085s][info][gc,start    ] GC(440) Pause Young (Concurrent Start) (G1 Humongous Allocation)
[259.085s][info][gc,task     ] GC(440) Using 2 workers of 2 for evacuation
[259.103s][info][gc,phases   ] GC(440)   Pre Evacuate Collection Set: 0.28ms
[259.103s][info][gc,phases   ] GC(440)   Merge Heap Roots: 0.06ms
[259.103s][info][gc,phases   ] GC(440)   Evacuate Collection Set: 17.01ms
[259.103s][info][gc,phases   ] GC(440)   Post Evacuate Collection Set: 0.35ms
[259.103s][info][gc,phases   ] GC(440)   Other: 0.12ms
[259.103s][info][gc,heap     ] GC(440) Eden regions: 13->0(339)
[259.103s][info][gc,heap     ] GC(440) Survivor regions: 17->20(46)
[259.103s][info][gc,heap     ] GC(440) Old regions: 68->68
[259.103s][info][gc,heap     ] GC(440) Humongous regions: 51->1
[259.103s][info][gc,metaspace] GC(440) Metaspace: 42204K(42688K)->42204K(42688K) NonClass: 37867K(38144K)->37867K(38144K) Class: 4337K(4544K)->4337K(4544K)
[259.103s][info][gc          ] GC(440) Pause Young (Concurrent Start) (G1 Humongous Allocation) 148M->89M(614M) 18.080ms
[259.103s][info][gc,cpu      ] GC(440) User=0.04s Sys=0.00s Real=0.02s
[259.103s][info][gc          ] GC(441) Concurrent Undo Cycle
[259.103s][info][gc,marking  ] GC(441) Concurrent Clear Claimed Marks
[259.103s][info][gc,marking  ] GC(441) Concurrent Clear Claimed Marks 0.040ms
[259.103s][info][gc,marking  ] GC(441) Concurrent Cleanup for Next Mark
[259.105s][info][gc,marking  ] GC(441) Concurrent Cleanup for Next Mark 1.861ms
[259.105s][info][gc          ] GC(441) Concurrent Undo Cycle 1.997ms
[259.203s][info][gc,start    ] GC(442) Pause Young (Concurrent Start) (G1 Humongous Allocation)
[259.203s][info][gc,task     ] GC(442) Using 2 workers of 2 for evacuation
[259.223s][info][gc,phases   ] GC(442)   Pre Evacuate Collection Set: 0.28ms
[259.223s][info][gc,phases   ] GC(442)   Merge Heap Roots: 0.05ms
[259.223s][info][gc,phases   ] GC(442)   Evacuate Collection Set: 19.01ms
[259.223s][info][gc,phases   ] GC(442)   Post Evacuate Collection Set: 0.45ms
[259.223s][info][gc,phases   ] GC(442)   Other: 0.17ms
[259.223s][info][gc,heap     ] GC(442) Eden regions: 14->0(346)
[259.223s][info][gc,heap     ] GC(442) Survivor regions: 20->22(45)
[259.223s][info][gc,heap     ] GC(442) Old regions: 68->68
[259.223s][info][gc,heap     ] GC(442) Humongous regions: 63->1
[259.223s][info][gc,metaspace] GC(442) Metaspace: 42204K(42688K)->42204K(42688K) NonClass: 37867K(38144K)->37867K(38144K) Class: 4337K(4544K)->4337K(4544K)
[259.223s][info][gc          ] GC(442) Pause Young (Concurrent Start) (G1 Humongous Allocation) 164M->91M(614M) 20.176ms
[259.223s][info][gc          ] GC(443) Concurrent Undo Cycle
[259.223s][info][gc,marking  ] GC(443) Concurrent Clear Claimed Marks
[259.223s][info][gc,marking  ] GC(443) Concurrent Clear Claimed Marks 0.037ms
[259.223s][info][gc,marking  ] GC(443) Concurrent Cleanup for Next Mark
[259.223s][info][gc,cpu      ] GC(442) User=0.03s Sys=0.00s Real=0.02s
[259.223s][info][gc,marking  ] GC(443) Concurrent Cleanup for Next Mark 0.181ms
[259.223s][info][gc          ] GC(443) Concurrent Undo Cycle 0.255ms
[259.305s][info][gc,start    ] GC(444) Pause Young (Concurrent Start) (G1 Humongous Allocation)
[259.305s][info][gc,task     ] GC(444) Using 2 workers of 2 for evacuation
[259.326s][info][gc,phases   ] GC(444)   Pre Evacuate Collection Set: 0.25ms
[259.326s][info][gc,phases   ] GC(444)   Merge Heap Roots: 0.05ms
[259.326s][info][gc,phases   ] GC(444)   Evacuate Collection Set: 19.52ms
[259.326s][info][gc,phases   ] GC(444)   Post Evacuate Collection Set: 0.64ms
[259.326s][info][gc,phases   ] GC(444)   Other: 0.12ms
[259.326s][info][gc,heap     ] GC(444) Eden regions: 10->0(345)
[259.326s][info][gc,heap     ] GC(444) Survivor regions: 22->23(46)
[259.326s][info][gc,heap     ] GC(444) Old regions: 68->68
[259.326s][info][gc,heap     ] GC(444) Humongous regions: 59->1
[259.326s][info][gc,metaspace] GC(444) Metaspace: 42204K(42688K)->42204K(42688K) NonClass: 37867K(38144K)->37867K(38144K) Class: 4337K(4544K)->4337K(4544K)
[259.326s][info][gc          ] GC(444) Pause Young (Concurrent Start) (G1 Humongous Allocation) 158M->92M(614M) 20.797ms
[259.326s][info][gc          ] GC(445) Concurrent Undo Cycle
[259.326s][info][gc,marking  ] GC(445) Concurrent Clear Claimed Marks
[259.326s][info][gc,marking  ] GC(445) Concurrent Clear Claimed Marks 0.038ms
[259.326s][info][gc,marking  ] GC(445) Concurrent Cleanup for Next Mark
[259.326s][info][gc,cpu      ] GC(444) User=0.04s Sys=0.00s Real=0.02s
[259.326s][info][gc,marking  ] GC(445) Concurrent Cleanup for Next Mark 0.173ms
[259.326s][info][gc          ] GC(445) Concurrent Undo Cycle 0.249ms
[259.437s][info][gc,start    ] GC(446) Pause Young (Concurrent Start) (G1 Humongous Allocation)
[259.437s][info][gc,task     ] GC(446) Using 2 workers of 2 for evacuation
[259.461s][info][gc,phases   ] GC(446)   Pre Evacuate Collection Set: 0.24ms
[259.461s][info][gc,phases   ] GC(446)   Merge Heap Roots: 0.07ms
[259.461s][info][gc,phases   ] GC(446)   Evacuate Collection Set: 22.93ms
[259.461s][info][gc,phases   ] GC(446)   Post Evacuate Collection Set: 0.47ms
[259.461s][info][gc,phases   ] GC(446)   Other: 0.10ms
[259.461s][info][gc,heap     ] GC(446) Eden regions: 16->0(341)
[259.461s][info][gc,heap     ] GC(446) Survivor regions: 23->27(46)
[259.461s][info][gc,heap     ] GC(446) Old regions: 68->68
[259.461s][info][gc,heap     ] GC(446) Humongous regions: 61->1
[259.461s][info][gc,metaspace] GC(446) Metaspace: 42204K(42688K)->42204K(42688K) NonClass: 37867K(38144K)->37867K(38144K) Class: 4337K(4544K)->4337K(4544K)
[259.461s][info][gc          ] GC(446) Pause Young (Concurrent Start) (G1 Humongous Allocation) 167M->95M(614M) 24.016ms
[259.461s][info][gc,cpu      ] GC(446) User=0.05s Sys=0.00s Real=0.02s
[259.461s][info][gc          ] GC(447) Concurrent Undo Cycle
[259.462s][info][gc,marking  ] GC(447) Concurrent Clear Claimed Marks
[259.462s][info][gc,marking  ] GC(447) Concurrent Clear Claimed Marks 0.041ms
[259.462s][info][gc,marking  ] GC(447) Concurrent Cleanup for Next Mark
[259.462s][info][gc,marking  ] GC(447) Concurrent Cleanup for Next Mark 0.147ms
[259.462s][info][gc          ] GC(447) Concurrent Undo Cycle 0.916ms
[259.569s][info][gc,start    ] GC(448) Pause Young (Concurrent Start) (G1 Humongous Allocation)
[259.569s][info][gc,task     ] GC(448) Using 2 workers of 2 for evacuation
[259.597s][info][gc,phases   ] GC(448)   Pre Evacuate Collection Set: 0.28ms
[259.597s][info][gc,phases   ] GC(448)   Merge Heap Roots: 0.07ms
[259.597s][info][gc,phases   ] GC(448)   Evacuate Collection Set: 26.00ms
[259.597s][info][gc,phases   ] GC(448)   Post Evacuate Collection Set: 0.95ms
[259.597s][info][gc,phases   ] GC(448)   Other: 0.10ms
[259.597s][info][gc,heap     ] GC(448) Eden regions: 14->0(392)
[259.597s][info][gc,heap     ] GC(448) Survivor regions: 27->20(46)
[259.597s][info][gc,heap     ] GC(448) Old regions: 68->76
[259.597s][info][gc,heap     ] GC(448) Humongous regions: 65->1
[259.597s][info][gc,metaspace] GC(448) Metaspace: 42204K(42688K)->42204K(42688K) NonClass: 37867K(38144K)->37867K(38144K) Class: 4337K(4544K)->4337K(4544K)
[259.597s][info][gc          ] GC(448) Pause Young (Concurrent Start) (G1 Humongous Allocation) 173M->96M(687M) 27.597ms
[259.597s][info][gc,cpu      ] GC(448) User=0.05s Sys=0.00s Real=0.03s
[259.597s][info][gc          ] GC(449) Concurrent Undo Cycle
[259.597s][info][gc,marking  ] GC(449) Concurrent Clear Claimed Marks
[259.597s][info][gc,marking  ] GC(449) Concurrent Clear Claimed Marks 0.040ms
[259.597s][info][gc,marking  ] GC(449) Concurrent Cleanup for Next Mark
[259.597s][info][gc,marking  ] GC(449) Concurrent Cleanup for Next Mark 0.235ms
[259.597s][info][gc          ] GC(449) Concurrent Undo Cycle 0.351ms
[259.707s][info][gc,start    ] GC(450) Pause Young (Concurrent Start) (G1 Humongous Allocation)
[259.708s][info][gc,task     ] GC(450) Using 2 workers of 2 for evacuation
[259.738s][info][gc,phases   ] GC(450)   Pre Evacuate Collection Set: 0.28ms
[259.738s][info][gc,phases   ] GC(450)   Merge Heap Roots: 0.10ms
[259.738s][info][gc,phases   ] GC(450)   Evacuate Collection Set: 29.24ms
[259.738s][info][gc,phases   ] GC(450)   Post Evacuate Collection Set: 0.39ms
[259.738s][info][gc,phases   ] GC(450)   Other: 0.10ms
[259.738s][info][gc,heap     ] GC(450) Eden regions: 13->0(390)
[259.738s][info][gc,heap     ] GC(450) Survivor regions: 20->22(52)
[259.738s][info][gc,heap     ] GC(450) Old regions: 76->76
[259.738s][info][gc,heap     ] GC(450) Humongous regions: 79->1
[259.738s][info][gc,metaspace] GC(450) Metaspace: 42204K(42688K)->42204K(42688K) NonClass: 37867K(38144K)->37867K(38144K) Class: 4337K(4544K)->4337K(4544K)
[259.738s][info][gc          ] GC(450) Pause Young (Concurrent Start) (G1 Humongous Allocation) 187M->98M(687M) 30.319ms
[259.738s][info][gc,cpu      ] GC(450) User=0.05s Sys=0.01s Real=0.03s
[259.738s][info][gc          ] GC(451) Concurrent Undo Cycle
[259.738s][info][gc,marking  ] GC(451) Concurrent Clear Claimed Marks
[259.738s][info][gc,marking  ] GC(451) Concurrent Clear Claimed Marks 0.054ms
[259.738s][info][gc,marking  ] GC(451) Concurrent Cleanup for Next Mark
[259.738s][info][gc,marking  ] GC(451) Concurrent Cleanup for Next Mark 0.217ms
[259.738s][info][gc          ] GC(451) Concurrent Undo Cycle 0.380ms
[259.853s][info][gc,start    ] GC(452) Pause Young (Concurrent Start) (G1 Humongous Allocation)
[259.853s][info][gc,task     ] GC(452) Using 2 workers of 2 for evacuation
[259.888s][info][gc,phases   ] GC(452)   Pre Evacuate Collection Set: 0.35ms
[259.889s][info][gc,phases   ] GC(452)   Merge Heap Roots: 0.09ms
[259.889s][info][gc,phases   ] GC(452)   Evacuate Collection Set: 34.02ms
[259.889s][info][gc,phases   ] GC(452)   Post Evacuate Collection Set: 0.39ms
[259.889s][info][gc,phases   ] GC(452)   Other: 0.12ms
[259.889s][info][gc,heap     ] GC(452) Eden regions: 14->0(390)
[259.889s][info][gc,heap     ] GC(452) Survivor regions: 22->22(52)
[259.889s][info][gc,heap     ] GC(452) Old regions: 76->76
[259.889s][info][gc,heap     ] GC(452) Humongous regions: 81->1
[259.889s][info][gc,metaspace] GC(452) Metaspace: 42204K(42688K)->42204K(42688K) NonClass: 37867K(38144K)->37867K(38144K) Class: 4337K(4544K)->4337K(4544K)
[259.889s][info][gc          ] GC(452) Pause Young (Concurrent Start) (G1 Humongous Allocation) 191M->98M(687M) 35.172ms
[259.889s][info][gc,cpu      ] GC(452) User=0.05s Sys=0.02s Real=0.04s
[259.889s][info][gc          ] GC(453) Concurrent Undo Cycle
[259.891s][info][gc,marking  ] GC(453) Concurrent Clear Claimed Marks
[259.891s][info][gc,marking  ] GC(453) Concurrent Clear Claimed Marks 0.046ms
[259.891s][info][gc,marking  ] GC(453) Concurrent Cleanup for Next Mark
[259.891s][info][gc,marking  ] GC(453) Concurrent Cleanup for Next Mark 0.194ms
[259.891s][info][gc          ] GC(453) Concurrent Undo Cycle 2.621ms
[260.388s][info][gc,start    ] GC(454) Pause Young (Concurrent Start) (G1 Humongous Allocation)
[260.388s][info][gc,task     ] GC(454) Using 2 workers of 2 for evacuation
[260.421s][info][gc,phases   ] GC(454)   Pre Evacuate Collection Set: 0.28ms
[260.421s][info][gc,phases   ] GC(454)   Merge Heap Roots: 0.11ms
[260.421s][info][gc,phases   ] GC(454)   Evacuate Collection Set: 31.71ms
[260.421s][info][gc,phases   ] GC(454)   Post Evacuate Collection Set: 0.53ms
[260.421s][info][gc,phases   ] GC(454)   Other: 0.09ms
[260.421s][info][gc,heap     ] GC(454) Eden regions: 124->0(378)
[260.421s][info][gc,heap     ] GC(454) Survivor regions: 22->34(52)
[260.421s][info][gc,heap     ] GC(454) Old regions: 76->76
[260.421s][info][gc,heap     ] GC(454) Humongous regions: 85->1
[260.421s][info][gc,metaspace] GC(454) Metaspace: 42211K(42688K)->42211K(42688K) NonClass: 37874K(38144K)->37874K(38144K) Class: 4337K(4544K)->4337K(4544K)
[260.421s][info][gc          ] GC(454) Pause Young (Concurrent Start) (G1 Humongous Allocation) 305M->110M(687M) 32.907ms
[260.421s][info][gc,cpu      ] GC(454) User=0.07s Sys=0.00s Real=0.03s
[260.421s][info][gc          ] GC(455) Concurrent Undo Cycle
[260.423s][info][gc,marking  ] GC(455) Concurrent Clear Claimed Marks
[260.423s][info][gc,marking  ] GC(455) Concurrent Clear Claimed Marks 0.068ms
[260.423s][info][gc,marking  ] GC(455) Concurrent Cleanup for Next Mark
[260.423s][info][gc,marking  ] GC(455) Concurrent Cleanup for Next Mark 0.224ms
[260.423s][info][gc          ] GC(455) Concurrent Undo Cycle 2.019ms
[261.341s][info][gc,start    ] GC(456) Pause Young (Normal) (G1 Evacuation Pause)
[261.341s][info][gc,task     ] GC(456) Using 2 workers of 2 for evacuation
[261.375s][info][gc,phases   ] GC(456)   Pre Evacuate Collection Set: 0.26ms
[261.375s][info][gc,phases   ] GC(456)   Merge Heap Roots: 0.22ms
[261.375s][info][gc,phases   ] GC(456)   Evacuate Collection Set: 32.58ms
[261.375s][info][gc,phases   ] GC(456)   Post Evacuate Collection Set: 0.84ms
[261.375s][info][gc,phases   ] GC(456)   Other: 0.07ms
[261.375s][info][gc,heap     ] GC(456) Eden regions: 378->0(385)
[261.375s][info][gc,heap     ] GC(456) Survivor regions: 34->27(52)
[261.375s][info][gc,heap     ] GC(456) Old regions: 76->84
[261.375s][info][gc,heap     ] GC(456) Humongous regions: 9->1
[261.375s][info][gc,metaspace] GC(456) Metaspace: 42233K(42688K)->42233K(42688K) NonClass: 37895K(38144K)->37895K(38144K) Class: 4337K(4544K)->4337K(4544K)
[261.375s][info][gc          ] GC(456) Pause Young (Normal) (G1 Evacuation Pause) 496M->111M(687M) 34.199ms
[261.375s][info][gc,cpu      ] GC(456) User=0.07s Sys=0.00s Real=0.04s
[262.238s][info][gc,start    ] GC(457) Pause Young (Normal) (G1 Evacuation Pause)
[262.238s][info][gc,task     ] GC(457) Using 2 workers of 2 for evacuation
[262.263s][info][gc,phases   ] GC(457)   Pre Evacuate Collection Set: 0.26ms
[262.263s][info][gc,phases   ] GC(457)   Merge Heap Roots: 0.14ms
[262.263s][info][gc,phases   ] GC(457)   Evacuate Collection Set: 23.72ms
[262.263s][info][gc,phases   ] GC(457)   Post Evacuate Collection Set: 0.66ms
[262.263s][info][gc,phases   ] GC(457)   Other: 0.08ms
[262.263s][info][gc,heap     ] GC(457) Eden regions: 385->0(385)
[262.263s][info][gc,heap     ] GC(457) Survivor regions: 27->27(52)
[262.263s][info][gc,heap     ] GC(457) Old regions: 84->87
[262.263s][info][gc,heap     ] GC(457) Humongous regions: 1->1
[262.263s][info][gc,metaspace] GC(457) Metaspace: 42247K(42688K)->42247K(42688K) NonClass: 37909K(38144K)->37909K(38144K) Class: 4337K(4544K)->4337K(4544K)
[262.263s][info][gc          ] GC(457) Pause Young (Normal) (G1 Evacuation Pause) 496M->114M(687M) 25.070ms
[262.263s][info][gc,cpu      ] GC(457) User=0.05s Sys=0.00s Real=0.02s
[263.270s][info][gc,start    ] GC(458) Pause Young (Normal) (G1 Evacuation Pause)
[263.270s][info][gc,task     ] GC(458) Using 2 workers of 2 for evacuation
[263.294s][info][gc,phases   ] GC(458)   Pre Evacuate Collection Set: 0.34ms
[263.294s][info][gc,phases   ] GC(458)   Merge Heap Roots: 0.12ms
[263.294s][info][gc,phases   ] GC(458)   Evacuate Collection Set: 22.98ms
[263.294s][info][gc,phases   ] GC(458)   Post Evacuate Collection Set: 0.92ms
[263.294s][info][gc,phases   ] GC(458)   Other: 0.11ms
[263.294s][info][gc,heap     ] GC(458) Eden regions: 385->0(382)
[263.294s][info][gc,heap     ] GC(458) Survivor regions: 27->30(52)
[263.294s][info][gc,heap     ] GC(458) Old regions: 87->87
[263.294s][info][gc,heap     ] GC(458) Humongous regions: 1->1
[263.294s][info][gc,metaspace] GC(458) Metaspace: 42436K(42880K)->42436K(42880K) NonClass: 38098K(38336K)->38098K(38336K) Class: 4337K(4544K)->4337K(4544K)
[263.294s][info][gc          ] GC(458) Pause Young (Normal) (G1 Evacuation Pause) 499M->118M(687M) 24.649ms
[263.294s][info][gc,cpu      ] GC(458) User=0.05s Sys=0.00s Real=0.02s
[265.152s][info][gc,start    ] GC(459) Pause Young (Normal) (G1 Evacuation Pause)
[265.152s][info][gc,task     ] GC(459) Using 2 workers of 2 for evacuation
[265.202s][info][gc,phases   ] GC(459)   Pre Evacuate Collection Set: 0.25ms
[265.202s][info][gc,phases   ] GC(459)   Merge Heap Roots: 0.19ms
[265.202s][info][gc,phases   ] GC(459)   Evacuate Collection Set: 49.44ms
[265.202s][info][gc,phases   ] GC(459)   Post Evacuate Collection Set: 0.84ms
[265.202s][info][gc,phases   ] GC(459)   Other: 0.09ms
[265.202s][info][gc,heap     ] GC(459) Eden regions: 382->0(367)
[265.202s][info][gc,heap     ] GC(459) Survivor regions: 30->45(52)
[265.202s][info][gc,heap     ] GC(459) Old regions: 87->94
[265.202s][info][gc,heap     ] GC(459) Humongous regions: 14->4
[265.202s][info][gc,metaspace] GC(459) Metaspace: 42494K(42944K)->42494K(42944K) NonClass: 38157K(38400K)->38157K(38400K) Class: 4337K(4544K)->4337K(4544K)
[265.203s][info][gc          ] GC(459) Pause Young (Normal) (G1 Evacuation Pause) 512M->142M(687M) 51.005ms
[265.203s][info][gc,cpu      ] GC(459) User=0.10s Sys=0.00s Real=0.05s
[266.037s][info][gc,start    ] GC(460) Pause Young (Normal) (G1 Evacuation Pause)
[266.037s][info][gc,task     ] GC(460) Using 2 workers of 2 for evacuation
[266.128s][info][gc,phases   ] GC(460)   Pre Evacuate Collection Set: 0.25ms
[266.128s][info][gc,phases   ] GC(460)   Merge Heap Roots: 0.16ms
[266.128s][info][gc,phases   ] GC(460)   Evacuate Collection Set: 89.90ms
[266.128s][info][gc,phases   ] GC(460)   Post Evacuate Collection Set: 0.65ms
[266.128s][info][gc,phases   ] GC(460)   Other: 0.11ms
[266.128s][info][gc,heap     ] GC(460) Eden regions: 367->0(372)
[266.128s][info][gc,heap     ] GC(460) Survivor regions: 45->40(52)
[266.128s][info][gc,heap     ] GC(460) Old regions: 94->138
[266.128s][info][gc,heap     ] GC(460) Humongous regions: 6->6
[266.128s][info][gc,metaspace] GC(460) Metaspace: 42494K(42944K)->42494K(42944K) NonClass: 38157K(38400K)->38157K(38400K) Class: 4337K(4544K)->4337K(4544K)
[266.128s][info][gc          ] GC(460) Pause Young (Normal) (G1 Evacuation Pause) 511M->184M(687M) 91.291ms
[266.128s][info][gc,cpu      ] GC(460) User=0.19s Sys=0.00s Real=0.09s
[270.193s][info][gc,start    ] GC(461) Pause Young (Normal) (G1 Evacuation Pause)
[270.193s][info][gc,task     ] GC(461) Using 2 workers of 2 for evacuation
[270.278s][info][gc,phases   ] GC(461)   Pre Evacuate Collection Set: 0.27ms
[270.278s][info][gc,phases   ] GC(461)   Merge Heap Roots: 0.22ms
[270.278s][info][gc,phases   ] GC(461)   Evacuate Collection Set: 83.39ms
[270.278s][info][gc,phases   ] GC(461)   Post Evacuate Collection Set: 1.21ms
[270.278s][info][gc,phases   ] GC(461)   Other: 0.08ms
[270.278s][info][gc,heap     ] GC(461) Eden regions: 372->0(422)
[270.278s][info][gc,heap     ] GC(461) Survivor regions: 40->25(52)
[270.278s][info][gc,heap     ] GC(461) Old regions: 138->179
[270.278s][info][gc,heap     ] GC(461) Humongous regions: 21->16
[270.278s][info][gc,metaspace] GC(461) Metaspace: 42511K(42944K)->42511K(42944K) NonClass: 38173K(38400K)->38173K(38400K) Class: 4337K(4544K)->4337K(4544K)
[270.278s][info][gc          ] GC(461) Pause Young (Normal) (G1 Evacuation Pause) (Evacuation Failure: Pinned) 571M->219M(746M) 85.393ms
[270.278s][info][gc,cpu      ] GC(461) User=0.17s Sys=0.00s Real=0.09s
[272.333s][info][gc,start    ] GC(462) Pause Young (Normal) (G1 Evacuation Pause)
[272.333s][info][gc,task     ] GC(462) Using 2 workers of 2 for evacuation
[272.370s][info][gc,phases   ] GC(462)   Pre Evacuate Collection Set: 0.41ms
[272.370s][info][gc,phases   ] GC(462)   Merge Heap Roots: 0.21ms
[272.370s][info][gc,phases   ] GC(462)   Evacuate Collection Set: 36.35ms
[272.370s][info][gc,phases   ] GC(462)   Post Evacuate Collection Set: 0.69ms
[272.370s][info][gc,phases   ] GC(462)   Other: 0.09ms
[272.371s][info][gc,heap     ] GC(462) Eden regions: 422->0(418)
[272.371s][info][gc,heap     ] GC(462) Survivor regions: 25->29(56)
[272.371s][info][gc,heap     ] GC(462) Old regions: 179->178
[272.371s][info][gc,heap     ] GC(462) Humongous regions: 16->16
[272.371s][info][gc,metaspace] GC(462) Metaspace: 42521K(42944K)->42521K(42944K) NonClass: 38184K(38400K)->38184K(38400K) Class: 4337K(4544K)->4337K(4544K)
[272.371s][info][gc          ] GC(462) Pause Young (Normal) (G1 Evacuation Pause) 641M->222M(746M) 37.928ms
[272.371s][info][gc,cpu      ] GC(462) User=0.07s Sys=0.00s Real=0.04s
[274.931s][info][gc,start    ] GC(463) Pause Young (Normal) (G1 Evacuation Pause)
[274.931s][info][gc,task     ] GC(463) Using 2 workers of 2 for evacuation
[274.965s][info][gc,phases   ] GC(463)   Pre Evacuate Collection Set: 0.27ms
[274.965s][info][gc,phases   ] GC(463)   Merge Heap Roots: 0.20ms
[274.965s][info][gc,phases   ] GC(463)   Evacuate Collection Set: 33.34ms
[274.965s][info][gc,phases   ] GC(463)   Post Evacuate Collection Set: 0.67ms
[274.965s][info][gc,phases   ] GC(463)   Other: 0.09ms
[274.965s][info][gc,heap     ] GC(463) Eden regions: 418->0(443)
[274.965s][info][gc,heap     ] GC(463) Survivor regions: 29->4(56)
[274.965s][info][gc,heap     ] GC(463) Old regions: 178->202
[274.965s][info][gc,heap     ] GC(463) Humongous regions: 17->16
[274.965s][info][gc,metaspace] GC(463) Metaspace: 42522K(42944K)->42522K(42944K) NonClass: 38185K(38400K)->38185K(38400K) Class: 4337K(4544K)->4337K(4544K)
[274.965s][info][gc          ] GC(463) Pause Young (Normal) (G1 Evacuation Pause) 641M->221M(746M) 34.745ms
[274.965s][info][gc,cpu      ] GC(463) User=0.07s Sys=0.00s Real=0.04s
[275.939s][info][gc,start    ] GC(464) Pause Young (Concurrent Start) (G1 Humongous Allocation)
[275.939s][info][gc,task     ] GC(464) Using 2 workers of 2 for evacuation
[275.943s][info][gc,phases   ] GC(464)   Pre Evacuate Collection Set: 0.27ms
[275.943s][info][gc,phases   ] GC(464)   Merge Heap Roots: 0.10ms
[275.943s][info][gc,phases   ] GC(464)   Evacuate Collection Set: 3.55ms
[275.943s][info][gc,phases   ] GC(464)   Post Evacuate Collection Set: 0.43ms
[275.943s][info][gc,phases   ] GC(464)   Other: 0.10ms
[275.943s][info][gc,heap     ] GC(464) Eden regions: 174->0(443)
[275.943s][info][gc,heap     ] GC(464) Survivor regions: 4->4(56)
[275.943s][info][gc,heap     ] GC(464) Old regions: 202->202
[275.943s][info][gc,heap     ] GC(464) Humongous regions: 16->16
[275.943s][info][gc,metaspace] GC(464) Metaspace: 42522K(42944K)->42522K(42944K) NonClass: 38185K(38400K)->38185K(38400K) Class: 4337K(4544K)->4337K(4544K)
[275.943s][info][gc          ] GC(464) Pause Young (Concurrent Start) (G1 Humongous Allocation) 394M->221M(746M) 4.603ms
[275.943s][info][gc,cpu      ] GC(464) User=0.00s Sys=0.00s Real=0.00s
[275.943s][info][gc          ] GC(465) Concurrent Mark Cycle
[275.943s][info][gc,marking  ] GC(465) Concurrent Scan Root Regions
[275.945s][info][gc,marking  ] GC(465) Concurrent Scan Root Regions 1.877ms
[275.945s][info][gc,marking  ] GC(465) Concurrent Mark
[275.945s][info][gc,marking  ] GC(465) Concurrent Mark From Roots
[275.945s][info][gc,task     ] GC(465) Using 1 workers of 1 for marking
[275.975s][info][gc,marking  ] GC(465) Concurrent Mark From Roots 29.533ms
[275.975s][info][gc,marking  ] GC(465) Concurrent Preclean
[275.975s][info][gc,marking  ] GC(465) Concurrent Preclean 0.226ms
[275.975s][info][gc,start    ] GC(465) Pause Remark
[275.991s][info][gc          ] GC(465) Pause Remark 235M->111M(330M) 15.473ms
[275.991s][info][gc,cpu      ] GC(465) User=0.03s Sys=0.00s Real=0.01s
[275.991s][info][gc,marking  ] GC(465) Concurrent Mark 45.490ms
[275.991s][info][gc,marking  ] GC(465) Concurrent Rebuild Remembered Sets and Scrub Regions
[276.002s][info][gc,marking  ] GC(465) Concurrent Rebuild Remembered Sets and Scrub Regions 11.541ms
[276.003s][info][gc,start    ] GC(465) Pause Cleanup
[276.003s][info][gc          ] GC(465) Pause Cleanup 116M->116M(330M) 0.052ms
[276.003s][info][gc,cpu      ] GC(465) User=0.00s Sys=0.00s Real=0.00s
[276.003s][info][gc,marking  ] GC(465) Concurrent Clear Claimed Marks
[276.003s][info][gc,marking  ] GC(465) Concurrent Clear Claimed Marks 0.032ms
[276.003s][info][gc,marking  ] GC(465) Concurrent Cleanup for Next Mark
[276.004s][info][gc,marking  ] GC(465) Concurrent Cleanup for Next Mark 1.331ms
[276.004s][info][gc          ] GC(465) Concurrent Mark Cycle 60.597ms
[276.443s][info][gc,start    ] GC(466) Pause Young (Prepare Mixed) (G1 Evacuation Pause)
[276.443s][info][gc,task     ] GC(466) Using 2 workers of 2 for evacuation
[276.473s][info][gc,phases   ] GC(466)   Pre Evacuate Collection Set: 0.17ms
[276.473s][info][gc,phases   ] GC(466)   Merge Heap Roots: 0.12ms
[276.473s][info][gc,phases   ] GC(466)   Evacuate Collection Set: 29.48ms
[276.473s][info][gc,phases   ] GC(466)   Post Evacuate Collection Set: 0.52ms
[276.473s][info][gc,phases   ] GC(466)   Other: 0.07ms
[276.473s][info][gc,heap     ] GC(466) Eden regions: 194->0(164)
[276.473s][info][gc,heap     ] GC(466) Survivor regions: 4->25(25)
[276.473s][info][gc,heap     ] GC(466) Old regions: 92->95
[276.473s][info][gc,heap     ] GC(466) Humongous regions: 4->4
[276.473s][info][gc,metaspace] GC(466) Metaspace: 42522K(42944K)->42522K(42944K) NonClass: 38185K(38400K)->38185K(38400K) Class: 4337K(4544K)->4337K(4544K)
[276.473s][info][gc          ] GC(466) Pause Young (Prepare Mixed) (G1 Evacuation Pause) 294M->123M(330M) 30.602ms
[276.473s][info][gc,cpu      ] GC(466) User=0.06s Sys=0.00s Real=0.03s
[276.877s][info][gc,start    ] GC(467) Pause Young (Mixed) (G1 Evacuation Pause)
[276.877s][info][gc,task     ] GC(467) Using 2 workers of 2 for evacuation
[276.928s][info][gc,phases   ] GC(467)   Pre Evacuate Collection Set: 0.18ms
[276.928s][info][gc,phases   ] GC(467)   Merge Heap Roots: 0.18ms
[276.928s][info][gc,phases   ] GC(467)   Evacuate Collection Set: 50.00ms
[276.928s][info][gc,phases   ] GC(467)   Post Evacuate Collection Set: 0.51ms
[276.928s][info][gc,phases   ] GC(467)   Other: 0.08ms
[276.928s][info][gc,heap     ] GC(467) Eden regions: 164->0(180)
[276.928s][info][gc,heap     ] GC(467) Survivor regions: 25->20(24)
[276.928s][info][gc,heap     ] GC(467) Old regions: 95->87
[276.928s][info][gc,heap     ] GC(467) Humongous regions: 6->6
[276.928s][info][gc,metaspace] GC(467) Metaspace: 42522K(42944K)->42522K(42944K) NonClass: 38185K(38400K)->38185K(38400K) Class: 4337K(4544K)->4337K(4544K)
[276.928s][info][gc          ] GC(467) Pause Young (Mixed) (G1 Evacuation Pause) 289M->113M(335M) 51.185ms
[276.928s][info][gc,cpu      ] GC(467) User=0.10s Sys=0.00s Real=0.05s
[277.417s][info][gc,start    ] GC(468) Pause Young (Mixed) (G1 Evacuation Pause)
[277.417s][info][gc,task     ] GC(468) Using 2 workers of 2 for evacuation
[277.469s][info][gc,phases   ] GC(468)   Pre Evacuate Collection Set: 0.21ms
[277.469s][info][gc,phases   ] GC(468)   Merge Heap Roots: 0.17ms
[277.469s][info][gc,phases   ] GC(468)   Evacuate Collection Set: 51.71ms
[277.469s][info][gc,phases   ] GC(468)   Post Evacuate Collection Set: 0.49ms
[277.469s][info][gc,phases   ] GC(468)   Other: 0.07ms
[277.469s][info][gc,heap     ] GC(468) Eden regions: 180->0(164)
[277.469s][info][gc,heap     ] GC(468) Survivor regions: 20->21(25)
[277.469s][info][gc,heap     ] GC(468) Old regions: 87->101
[277.469s][info][gc,heap     ] GC(468) Humongous regions: 10->10
[277.469s][info][gc,metaspace] GC(468) Metaspace: 42522K(42944K)->42522K(42944K) NonClass: 38185K(38400K)->38185K(38400K) Class: 4337K(4544K)->4337K(4544K)
[277.469s][info][gc          ] GC(468) Pause Young (Mixed) (G1 Evacuation Pause) 297M->131M(338M) 52.864ms
[277.469s][info][gc,cpu      ] GC(468) User=0.10s Sys=0.00s Real=0.05s
[277.960s][info][gc,start    ] GC(469) Pause Young (Concurrent Start) (G1 Humongous Allocation)
[277.960s][info][gc,task     ] GC(469) Using 2 workers of 2 for evacuation
[278.017s][info][gc,phases   ] GC(469)   Pre Evacuate Collection Set: 0.22ms
[278.017s][info][gc,phases   ] GC(469)   Merge Heap Roots: 0.14ms
[278.017s][info][gc,phases   ] GC(469)   Evacuate Collection Set: 55.54ms
[278.017s][info][gc,phases   ] GC(469)   Post Evacuate Collection Set: 0.50ms
[278.017s][info][gc,phases   ] GC(469)   Other: 0.11ms
[278.017s][info][gc,heap     ] GC(469) Eden regions: 144->0(137)
[278.017s][info][gc,heap     ] GC(469) Survivor regions: 21->24(24)
[278.017s][info][gc,heap     ] GC(469) Old regions: 101->122
[278.017s][info][gc,heap     ] GC(469) Humongous regions: 10->10
[278.017s][info][gc,metaspace] GC(469) Metaspace: 42522K(42944K)->42522K(42944K) NonClass: 38185K(38400K)->38185K(38400K) Class: 4337K(4544K)->4337K(4544K)
[278.017s][info][gc          ] GC(469) Pause Young (Concurrent Start) (G1 Humongous Allocation) 275M->156M(338M) 56.758ms
[278.017s][info][gc,cpu      ] GC(469) User=0.12s Sys=0.00s Real=0.06s
[278.017s][info][gc          ] GC(470) Concurrent Mark Cycle
[278.017s][info][gc,marking  ] GC(470) Concurrent Scan Root Regions
[278.068s][info][gc,marking  ] GC(470) Concurrent Scan Root Regions 51.364ms
[278.069s][info][gc,marking  ] GC(470) Concurrent Mark
[278.069s][info][gc,marking  ] GC(470) Concurrent Mark From Roots
[278.069s][info][gc,task     ] GC(470) Using 1 workers of 1 for marking
[278.162s][info][gc,marking  ] GC(470) Concurrent Mark From Roots 93.516ms
[278.162s][info][gc,marking  ] GC(470) Concurrent Preclean
[278.162s][info][gc,marking  ] GC(470) Concurrent Preclean 0.055ms
[278.162s][info][gc,start    ] GC(470) Pause Remark
[278.178s][info][gc          ] GC(470) Pause Remark 167M->164M(338M) 15.663ms
[278.178s][info][gc,cpu      ] GC(470) User=0.03s Sys=0.00s Real=0.02s
[278.180s][info][gc,marking  ] GC(470) Concurrent Mark 111.408ms
[278.180s][info][gc,marking  ] GC(470) Concurrent Rebuild Remembered Sets and Scrub Regions
[278.246s][info][gc,marking  ] GC(470) Concurrent Rebuild Remembered Sets and Scrub Regions 65.886ms
[278.246s][info][gc,start    ] GC(470) Pause Cleanup
[278.246s][info][gc          ] GC(470) Pause Cleanup 171M->171M(338M) 0.072ms
[278.246s][info][gc,cpu      ] GC(470) User=0.00s Sys=0.00s Real=0.00s
[278.248s][info][gc,marking  ] GC(470) Concurrent Clear Claimed Marks
[278.248s][info][gc,marking  ] GC(470) Concurrent Clear Claimed Marks 0.062ms
[278.248s][info][gc,marking  ] GC(470) Concurrent Cleanup for Next Mark
[278.249s][info][gc,marking  ] GC(470) Concurrent Cleanup for Next Mark 1.156ms
[278.249s][info][gc          ] GC(470) Concurrent Mark Cycle 232.109ms
[279.202s][info][gc,start    ] GC(471) Pause Young (Prepare Mixed) (G1 Evacuation Pause)
[279.202s][info][gc,task     ] GC(471) Using 2 workers of 2 for evacuation
[279.235s][info][gc,phases   ] GC(471)   Pre Evacuate Collection Set: 0.18ms
[279.235s][info][gc,phases   ] GC(471)   Merge Heap Roots: 0.17ms
[279.235s][info][gc,phases   ] GC(471)   Evacuate Collection Set: 31.83ms
[279.235s][info][gc,phases   ] GC(471)   Post Evacuate Collection Set: 0.45ms
[279.235s][info][gc,phases   ] GC(471)   Other: 0.07ms
[279.235s][info][gc,heap     ] GC(471) Eden regions: 137->0(138)
[279.235s][info][gc,heap     ] GC(471) Survivor regions: 24->8(21)
[279.235s][info][gc,heap     ] GC(471) Old regions: 122->138
[279.235s][info][gc,heap     ] GC(471) Humongous regions: 15->13
[279.235s][info][gc,metaspace] GC(471) Metaspace: 42522K(42944K)->42522K(42944K) NonClass: 38185K(38400K)->38185K(38400K) Class: 4337K(4544K)->4337K(4544K)
[279.235s][info][gc          ] GC(471) Pause Young (Prepare Mixed) (G1 Evacuation Pause) 298M->158M(338M) 32.890ms
[279.235s][info][gc,cpu      ] GC(471) User=0.07s Sys=0.00s Real=0.04s
[279.844s][info][gc,start    ] GC(472) Pause Young (Mixed) (G1 Evacuation Pause)
[279.844s][info][gc,task     ] GC(472) Using 2 workers of 2 for evacuation
[279.864s][info][gc,phases   ] GC(472)   Pre Evacuate Collection Set: 0.22ms
[279.864s][info][gc,phases   ] GC(472)   Merge Heap Roots: 0.14ms
[279.864s][info][gc,phases   ] GC(472)   Evacuate Collection Set: 18.90ms
[279.864s][info][gc,phases   ] GC(472)   Post Evacuate Collection Set: 0.46ms
[279.864s][info][gc,phases   ] GC(472)   Other: 0.07ms
[279.864s][info][gc,heap     ] GC(472) Eden regions: 138->0(149)
[279.864s][info][gc,heap     ] GC(472) Survivor regions: 8->16(19)
[279.864s][info][gc,heap     ] GC(472) Old regions: 138->117
[279.864s][info][gc,heap     ] GC(472) Humongous regions: 13->13
[279.864s][info][gc,metaspace] GC(472) Metaspace: 42522K(42944K)->42522K(42944K) NonClass: 38185K(38400K)->38185K(38400K) Class: 4337K(4544K)->4337K(4544K)
[279.864s][info][gc          ] GC(472) Pause Young (Mixed) (G1 Evacuation Pause) 296M->145M(338M) 19.987ms
[279.864s][info][gc,cpu      ] GC(472) User=0.04s Sys=0.00s Real=0.02s
[280.712s][info][gc,start    ] GC(473) Pause Young (Concurrent Start) (G1 Evacuation Pause)
[280.712s][info][gc,task     ] GC(473) Using 2 workers of 2 for evacuation
[280.726s][info][gc,phases   ] GC(473)   Pre Evacuate Collection Set: 0.20ms
[280.726s][info][gc,phases   ] GC(473)   Merge Heap Roots: 0.12ms
[280.726s][info][gc,phases   ] GC(473)   Evacuate Collection Set: 14.03ms
[280.726s][info][gc,phases   ] GC(473)   Post Evacuate Collection Set: 0.39ms
[280.727s][info][gc,phases   ] GC(473)   Other: 0.09ms
[280.727s][info][gc,heap     ] GC(473) Eden regions: 149->0(158)
[280.727s][info][gc,heap     ] GC(473) Survivor regions: 16->8(21)
[280.727s][info][gc,heap     ] GC(473) Old regions: 117->123
[280.727s][info][gc,heap     ] GC(473) Humongous regions: 13->13
[280.727s][info][gc,metaspace] GC(473) Metaspace: 42522K(42944K)->42522K(42944K) NonClass: 38185K(38400K)->38185K(38400K) Class: 4337K(4544K)->4337K(4544K)
[280.727s][info][gc          ] GC(473) Pause Young (Concurrent Start) (G1 Evacuation Pause) 294M->143M(338M) 15.021ms
[280.727s][info][gc          ] GC(474) Concurrent Mark Cycle
[280.727s][info][gc,marking  ] GC(474) Concurrent Scan Root Regions
[280.727s][info][gc,cpu      ] GC(473) User=0.03s Sys=0.00s Real=0.02s
[280.738s][info][gc,marking  ] GC(474) Concurrent Scan Root Regions 10.890ms
[280.738s][info][gc,marking  ] GC(474) Concurrent Mark
[280.738s][info][gc,marking  ] GC(474) Concurrent Mark From Roots
[280.738s][info][gc,task     ] GC(474) Using 1 workers of 1 for marking
[280.772s][info][gc,marking  ] GC(474) Concurrent Mark From Roots 34.171ms
[280.772s][info][gc,marking  ] GC(474) Concurrent Preclean
[280.772s][info][gc,marking  ] GC(474) Concurrent Preclean 0.035ms
[280.772s][info][gc,start    ] GC(474) Pause Remark
[280.788s][info][gc          ] GC(474) Pause Remark 150M->129M(338M) 16.553ms
[280.789s][info][gc,cpu      ] GC(474) User=0.04s Sys=0.00s Real=0.02s
[280.791s][info][gc,marking  ] GC(474) Concurrent Mark 53.410ms
[280.791s][info][gc,marking  ] GC(474) Concurrent Rebuild Remembered Sets and Scrub Regions
[280.812s][info][gc,marking  ] GC(474) Concurrent Rebuild Remembered Sets and Scrub Regions 21.483ms
[280.813s][info][gc,start    ] GC(474) Pause Cleanup
[280.813s][info][gc          ] GC(474) Pause Cleanup 133M->133M(338M) 0.071ms
[280.813s][info][gc,cpu      ] GC(474) User=0.00s Sys=0.00s Real=0.00s
[280.813s][info][gc,marking  ] GC(474) Concurrent Clear Claimed Marks
[280.813s][info][gc,marking  ] GC(474) Concurrent Clear Claimed Marks 0.056ms
[280.813s][info][gc,marking  ] GC(474) Concurrent Cleanup for Next Mark
[280.814s][info][gc,marking  ] GC(474) Concurrent Cleanup for Next Mark 0.975ms
[280.814s][info][gc          ] GC(474) Concurrent Mark Cycle 87.346ms
[281.687s][info][gc,start    ] GC(475) Pause Young (Prepare Mixed) (G1 Evacuation Pause)
[281.687s][info][gc,task     ] GC(475) Using 2 workers of 2 for evacuation
[281.709s][info][gc,phases   ] GC(475)   Pre Evacuate Collection Set: 0.21ms
[281.709s][info][gc,phases   ] GC(475)   Merge Heap Roots: 0.09ms
[281.709s][info][gc,phases   ] GC(475)   Evacuate Collection Set: 21.57ms
[281.709s][info][gc,phases   ] GC(475)   Post Evacuate Collection Set: 0.41ms
[281.709s][info][gc,phases   ] GC(475)   Other: 0.10ms
[281.709s][info][gc,heap     ] GC(475) Eden regions: 158->0(160)
[281.710s][info][gc,heap     ] GC(475) Survivor regions: 8->21(21)
[281.710s][info][gc,heap     ] GC(475) Old regions: 114->116
[281.710s][info][gc,heap     ] GC(475) Humongous regions: 1->1
[281.710s][info][gc,metaspace] GC(475) Metaspace: 42522K(42944K)->42522K(42944K) NonClass: 38185K(38400K)->38185K(38400K) Class: 4337K(4544K)->4337K(4544K)
[281.710s][info][gc          ] GC(475) Pause Young (Prepare Mixed) (G1 Evacuation Pause) 280M->137M(338M) 22.580ms
[281.710s][info][gc,cpu      ] GC(475) User=0.05s Sys=0.00s Real=0.02s
[282.668s][info][gc,start    ] GC(476) Pause Young (Mixed) (G1 Evacuation Pause)
[282.668s][info][gc,task     ] GC(476) Using 2 workers of 2 for evacuation
[282.704s][info][gc,phases   ] GC(476)   Pre Evacuate Collection Set: 0.28ms
[282.704s][info][gc,phases   ] GC(476)   Merge Heap Roots: 0.32ms
[282.704s][info][gc,phases   ] GC(476)   Evacuate Collection Set: 34.57ms
[282.704s][info][gc,phases   ] GC(476)   Post Evacuate Collection Set: 0.45ms
[282.704s][info][gc,phases   ] GC(476)   Other: 0.09ms
[282.704s][info][gc,heap     ] GC(476) Eden regions: 160->0(171)
[282.704s][info][gc,heap     ] GC(476) Survivor regions: 21->17(23)
[282.704s][info][gc,heap     ] GC(476) Old regions: 116->104
[282.704s][info][gc,heap     ] GC(476) Humongous regions: 2->2
[282.704s][info][gc,metaspace] GC(476) Metaspace: 42522K(42944K)->42522K(42944K) NonClass: 38185K(38400K)->38185K(38400K) Class: 4337K(4544K)->4337K(4544K)
[282.704s][info][gc          ] GC(476) Pause Young (Mixed) (G1 Evacuation Pause) 298M->122M(338M) 35.939ms
[282.704s][info][gc,cpu      ] GC(476) User=0.06s Sys=0.00s Real=0.03s
[283.714s][info][gc,start    ] GC(477) Pause Young (Mixed) (G1 Evacuation Pause)
[283.714s][info][gc,task     ] GC(477) Using 2 workers of 2 for evacuation
[283.744s][info][gc,phases   ] GC(477)   Pre Evacuate Collection Set: 0.27ms
[283.744s][info][gc,phases   ] GC(477)   Merge Heap Roots: 0.16ms
[283.744s][info][gc,phases   ] GC(477)   Evacuate Collection Set: 29.17ms
[283.744s][info][gc,phases   ] GC(477)   Post Evacuate Collection Set: 0.48ms
[283.744s][info][gc,phases   ] GC(477)   Other: 0.07ms
[283.744s][info][gc,heap     ] GC(477) Eden regions: 171->0(186)
[283.744s][info][gc,heap     ] GC(477) Survivor regions: 17->16(24)
[283.744s][info][gc,heap     ] GC(477) Old regions: 104->87
[283.744s][info][gc,heap     ] GC(477) Humongous regions: 2->2
[283.744s][info][gc,metaspace] GC(477) Metaspace: 42522K(42944K)->42522K(42944K) NonClass: 38185K(38400K)->38185K(38400K) Class: 4337K(4544K)->4337K(4544K)
[283.744s][info][gc          ] GC(477) Pause Young (Mixed) (G1 Evacuation Pause) 293M->104M(338M) 30.407ms
[283.744s][info][gc,cpu      ] GC(477) User=0.06s Sys=0.01s Real=0.03s
[284.623s][info][gc,start    ] GC(478) Pause Young (Mixed) (G1 Evacuation Pause)
[284.623s][info][gc,task     ] GC(478) Using 2 workers of 2 for evacuation
[284.647s][info][gc,phases   ] GC(478)   Pre Evacuate Collection Set: 0.18ms
[284.647s][info][gc,phases   ] GC(478)   Merge Heap Roots: 0.13ms
[284.647s][info][gc,phases   ] GC(478)   Evacuate Collection Set: 23.14ms
[284.647s][info][gc,phases   ] GC(478)   Post Evacuate Collection Set: 0.48ms
[284.647s][info][gc,phases   ] GC(478)   Other: 0.09ms
[284.647s][info][gc,heap     ] GC(478) Eden regions: 186->0(182)
[284.647s][info][gc,heap     ] GC(478) Survivor regions: 16->11(26)
[284.647s][info][gc,heap     ] GC(478) Old regions: 87->99
[284.647s][info][gc,heap     ] GC(478) Humongous regions: 10->2
[284.647s][info][gc,metaspace] GC(478) Metaspace: 42529K(42944K)->42529K(42944K) NonClass: 38192K(38400K)->38192K(38400K) Class: 4337K(4544K)->4337K(4544K)
[284.647s][info][gc          ] GC(478) Pause Young (Mixed) (G1 Evacuation Pause) 298M->111M(338M) 24.204ms
[284.647s][info][gc,cpu      ] GC(478) User=0.05s Sys=0.00s Real=0.03s
[284.651s][info][gc,start    ] GC(479) Pause Young (Concurrent Start) (G1 Humongous Allocation)
[284.651s][info][gc,task     ] GC(479) Using 2 workers of 2 for evacuation
[284.659s][info][gc,phases   ] GC(479)   Pre Evacuate Collection Set: 0.18ms
[284.659s][info][gc,phases   ] GC(479)   Merge Heap Roots: 0.05ms
[284.659s][info][gc,phases   ] GC(479)   Evacuate Collection Set: 7.07ms
[284.659s][info][gc,phases   ] GC(479)   Post Evacuate Collection Set: 0.28ms
[284.659s][info][gc,phases   ] GC(479)   Other: 0.07ms
[284.659s][info][gc,heap     ] GC(479) Eden regions: 1->0(185)
[284.659s][info][gc,heap     ] GC(479) Survivor regions: 11->11(25)
[284.659s][info][gc,heap     ] GC(479) Old regions: 99->99
[284.659s][info][gc,heap     ] GC(479) Humongous regions: 2->2
[284.659s][info][gc,metaspace] GC(479) Metaspace: 42529K(42944K)->42529K(42944K) NonClass: 38192K(38400K)->38192K(38400K) Class: 4337K(4544K)->4337K(4544K)
[284.659s][info][gc          ] GC(479) Pause Young (Concurrent Start) (G1 Humongous Allocation) 111M->111M(338M) 7.789ms
[284.659s][info][gc,cpu      ] GC(479) User=0.02s Sys=0.00s Real=0.01s
[284.659s][info][gc          ] GC(480) Concurrent Mark Cycle
[284.659s][info][gc,marking  ] GC(480) Concurrent Scan Root Regions
[284.672s][info][gc,marking  ] GC(480) Concurrent Scan Root Regions 13.038ms
[284.672s][info][gc,marking  ] GC(480) Concurrent Mark
[284.672s][info][gc,marking  ] GC(480) Concurrent Mark From Roots
[284.672s][info][gc,task     ] GC(480) Using 1 workers of 1 for marking
[284.709s][info][gc,marking  ] GC(480) Concurrent Mark From Roots 37.054ms
[284.709s][info][gc,marking  ] GC(480) Concurrent Preclean
[284.709s][info][gc,marking  ] GC(480) Concurrent Preclean 0.037ms
[284.709s][info][gc,start    ] GC(480) Pause Remark
[284.724s][info][gc          ] GC(480) Pause Remark 124M->103M(314M) 14.590ms
[284.724s][info][gc,cpu      ] GC(480) User=0.02s Sys=0.00s Real=0.01s
[284.724s][info][gc,marking  ] GC(480) Concurrent Mark 51.945ms
[284.724s][info][gc,marking  ] GC(480) Concurrent Rebuild Remembered Sets and Scrub Regions
[284.739s][info][gc,marking  ] GC(480) Concurrent Rebuild Remembered Sets and Scrub Regions 15.342ms
[284.739s][info][gc,start    ] GC(480) Pause Cleanup
[284.739s][info][gc          ] GC(480) Pause Cleanup 106M->106M(314M) 0.061ms
[284.740s][info][gc,cpu      ] GC(480) User=0.00s Sys=0.00s Real=0.00s
[284.740s][info][gc,marking  ] GC(480) Concurrent Clear Claimed Marks
[284.740s][info][gc,marking  ] GC(480) Concurrent Clear Claimed Marks 0.051ms
[284.740s][info][gc,marking  ] GC(480) Concurrent Cleanup for Next Mark
[284.741s][info][gc,marking  ] GC(480) Concurrent Cleanup for Next Mark 0.965ms
[284.741s][info][gc          ] GC(480) Concurrent Mark Cycle 81.726ms
[285.431s][info][gc,start    ] GC(481) Pause Young (Prepare Mixed) (G1 Evacuation Pause)
[285.431s][info][gc,task     ] GC(481) Using 2 workers of 2 for evacuation
[285.449s][info][gc,phases   ] GC(481)   Pre Evacuate Collection Set: 0.23ms
[285.449s][info][gc,phases   ] GC(481)   Merge Heap Roots: 0.15ms
[285.449s][info][gc,phases   ] GC(481)   Evacuate Collection Set: 16.33ms
[285.449s][info][gc,phases   ] GC(481)   Post Evacuate Collection Set: 0.45ms
[285.449s][info][gc,phases   ] GC(481)   Other: 0.07ms
[285.449s][info][gc,heap     ] GC(481) Eden regions: 177->0(170)
[285.449s][info][gc,heap     ] GC(481) Survivor regions: 11->18(24)
[285.449s][info][gc,heap     ] GC(481) Old regions: 78->78
[285.449s][info][gc,heap     ] GC(481) Humongous regions: 15->3
[285.449s][info][gc,metaspace] GC(481) Metaspace: 42547K(43008K)->42547K(43008K) NonClass: 38209K(38464K)->38209K(38464K) Class: 4337K(4544K)->4337K(4544K)
[285.449s][info][gc          ] GC(481) Pause Young (Prepare Mixed) (G1 Evacuation Pause) 280M->99M(314M) 17.392ms
[285.449s][info][gc,cpu      ] GC(481) User=0.03s Sys=0.00s Real=0.02s
[286.118s][info][gc,start    ] GC(482) Pause Young (Mixed) (G1 Evacuation Pause)
[286.118s][info][gc,task     ] GC(482) Using 2 workers of 2 for evacuation
[286.131s][info][gc,phases   ] GC(482)   Pre Evacuate Collection Set: 0.18ms
[286.131s][info][gc,phases   ] GC(482)   Merge Heap Roots: 0.09ms
[286.131s][info][gc,phases   ] GC(482)   Evacuate Collection Set: 11.53ms
[286.131s][info][gc,phases   ] GC(482)   Post Evacuate Collection Set: 0.50ms
[286.131s][info][gc,phases   ] GC(482)   Other: 0.09ms
[286.131s][info][gc,heap     ] GC(482) Eden regions: 170->0(178)
[286.131s][info][gc,heap     ] GC(482) Survivor regions: 18->10(24)
[286.131s][info][gc,heap     ] GC(482) Old regions: 78->53
[286.131s][info][gc,heap     ] GC(482) Humongous regions: 13->3
[286.131s][info][gc,metaspace] GC(482) Metaspace: 42547K(43008K)->42547K(43008K) NonClass: 38209K(38464K)->38209K(38464K) Class: 4337K(4544K)->4337K(4544K)
[286.131s][info][gc          ] GC(482) Pause Young (Mixed) (G1 Evacuation Pause) 279M->65M(314M) 12.567ms
[286.131s][info][gc,cpu      ] GC(482) User=0.02s Sys=0.00s Real=0.01s
[286.921s][info][gc,start    ] GC(483) Pause Young (Mixed) (G1 Evacuation Pause)
[286.921s][info][gc,task     ] GC(483) Using 2 workers of 2 for evacuation
[286.928s][info][gc,phases   ] GC(483)   Pre Evacuate Collection Set: 0.18ms
[286.928s][info][gc,phases   ] GC(483)   Merge Heap Roots: 0.10ms
[286.928s][info][gc,phases   ] GC(483)   Evacuate Collection Set: 6.63ms
[286.928s][info][gc,phases   ] GC(483)   Post Evacuate Collection Set: 0.61ms
[286.928s][info][gc,phases   ] GC(483)   Other: 0.07ms
[286.928s][info][gc,heap     ] GC(483) Eden regions: 178->0(183)
[286.928s][info][gc,heap     ] GC(483) Survivor regions: 10->5(24)
[286.928s][info][gc,heap     ] GC(483) Old regions: 53->46
[286.928s][info][gc,heap     ] GC(483) Humongous regions: 9->3
[286.928s][info][gc,metaspace] GC(483) Metaspace: 42547K(43008K)->42547K(43008K) NonClass: 38209K(38464K)->38209K(38464K) Class: 4337K(4544K)->4337K(4544K)
[286.928s][info][gc          ] GC(483) Pause Young (Mixed) (G1 Evacuation Pause) 249M->53M(314M) 7.746ms
[286.928s][info][gc,cpu      ] GC(483) User=0.01s Sys=0.00s Real=0.01s
[287.202s][info][gc,start    ] GC(484) Pause Young (Concurrent Start) (G1 Humongous Allocation)
[287.202s][info][gc,task     ] GC(484) Using 2 workers of 2 for evacuation
[287.206s][info][gc,phases   ] GC(484)   Pre Evacuate Collection Set: 0.19ms
[287.206s][info][gc,phases   ] GC(484)   Merge Heap Roots: 0.05ms
[287.206s][info][gc,phases   ] GC(484)   Evacuate Collection Set: 3.08ms
[287.206s][info][gc,phases   ] GC(484)   Post Evacuate Collection Set: 0.36ms
[287.206s][info][gc,phases   ] GC(484)   Other: 0.08ms
[287.206s][info][gc,heap     ] GC(484) Eden regions: 77->0(184)
[287.206s][info][gc,heap     ] GC(484) Survivor regions: 5->4(24)
[287.206s][info][gc,heap     ] GC(484) Old regions: 46->46
[287.206s][info][gc,heap     ] GC(484) Humongous regions: 9->1
[287.206s][info][gc,metaspace] GC(484) Metaspace: 42547K(43008K)->42547K(43008K) NonClass: 38209K(38464K)->38209K(38464K) Class: 4337K(4544K)->4337K(4544K)
[287.206s][info][gc          ] GC(484) Pause Young (Concurrent Start) (G1 Humongous Allocation) 136M->49M(314M) 3.939ms
[287.206s][info][gc,cpu      ] GC(484) User=0.01s Sys=0.00s Real=0.01s
[287.206s][info][gc          ] GC(485) Concurrent Undo Cycle
[287.206s][info][gc,marking  ] GC(485) Concurrent Clear Claimed Marks
[287.206s][info][gc,marking  ] GC(485) Concurrent Clear Claimed Marks 0.038ms
[287.206s][info][gc,marking  ] GC(485) Concurrent Cleanup for Next Mark
[287.206s][info][gc,marking  ] GC(485) Concurrent Cleanup for Next Mark 0.178ms
[287.206s][info][gc          ] GC(485) Concurrent Undo Cycle 0.292ms
[287.591s][info][gc,start    ] GC(486) Pause Young (Concurrent Start) (G1 Humongous Allocation)
[287.591s][info][gc,task     ] GC(486) Using 2 workers of 2 for evacuation
[287.596s][info][gc,phases   ] GC(486)   Pre Evacuate Collection Set: 0.18ms
[287.596s][info][gc,phases   ] GC(486)   Merge Heap Roots: 0.05ms
[287.596s][info][gc,phases   ] GC(486)   Evacuate Collection Set: 3.94ms
[287.596s][info][gc,phases   ] GC(486)   Post Evacuate Collection Set: 0.40ms
[287.596s][info][gc,phases   ] GC(486)   Other: 0.09ms
[287.596s][info][gc,heap     ] GC(486) Eden regions: 110->0(184)
[287.596s][info][gc,heap     ] GC(486) Survivor regions: 4->4(24)
[287.596s][info][gc,heap     ] GC(486) Old regions: 46->46
[287.596s][info][gc,heap     ] GC(486) Humongous regions: 11->1
[287.596s][info][gc,metaspace] GC(486) Metaspace: 42547K(43008K)->42547K(43008K) NonClass: 38209K(38464K)->38209K(38464K) Class: 4337K(4544K)->4337K(4544K)
[287.596s][info][gc          ] GC(486) Pause Young (Concurrent Start) (G1 Humongous Allocation) 169M->50M(314M) 4.836ms
[287.596s][info][gc,cpu      ] GC(486) User=0.01s Sys=0.00s Real=0.01s
[287.596s][info][gc          ] GC(487) Concurrent Undo Cycle
[287.596s][info][gc,marking  ] GC(487) Concurrent Clear Claimed Marks
[287.596s][info][gc,marking  ] GC(487) Concurrent Clear Claimed Marks 0.040ms
[287.596s][info][gc,marking  ] GC(487) Concurrent Cleanup for Next Mark
[287.597s][info][gc,marking  ] GC(487) Concurrent Cleanup for Next Mark 0.119ms
[287.597s][info][gc          ] GC(487) Concurrent Undo Cycle 0.300ms
[288.313s][info][gc,start    ] GC(488) Pause Young (Concurrent Start) (G1 Humongous Allocation)
[288.313s][info][gc,task     ] GC(488) Using 2 workers of 2 for evacuation
[288.319s][info][gc,phases   ] GC(488)   Pre Evacuate Collection Set: 0.18ms
[288.319s][info][gc,phases   ] GC(488)   Merge Heap Roots: 0.07ms
[288.319s][info][gc,phases   ] GC(488)   Evacuate Collection Set: 4.73ms
[288.319s][info][gc,phases   ] GC(488)   Post Evacuate Collection Set: 0.46ms
[288.319s][info][gc,phases   ] GC(488)   Other: 0.09ms
[288.319s][info][gc,heap     ] GC(488) Eden regions: 173->0(183)
[288.319s][info][gc,heap     ] GC(488) Survivor regions: 4->5(24)
[288.319s][info][gc,heap     ] GC(488) Old regions: 46->46
[288.319s][info][gc,heap     ] GC(488) Humongous regions: 13->1
[288.319s][info][gc,metaspace] GC(488) Metaspace: 42550K(43008K)->42550K(43008K) NonClass: 38212K(38464K)->38212K(38464K) Class: 4337K(4544K)->4337K(4544K)
[288.319s][info][gc          ] GC(488) Pause Young (Concurrent Start) (G1 Humongous Allocation) 235M->51M(314M) 5.694ms
[288.319s][info][gc,cpu      ] GC(488) User=0.01s Sys=0.00s Real=0.01s
[288.319s][info][gc          ] GC(489) Concurrent Undo Cycle
[288.319s][info][gc,marking  ] GC(489) Concurrent Clear Claimed Marks
[288.319s][info][gc,marking  ] GC(489) Concurrent Clear Claimed Marks 0.037ms
[288.319s][info][gc,marking  ] GC(489) Concurrent Cleanup for Next Mark
[288.319s][info][gc,marking  ] GC(489) Concurrent Cleanup for Next Mark 0.124ms
[288.319s][info][gc          ] GC(489) Concurrent Undo Cycle 0.240ms
[289.132s][info][gc,start    ] GC(490) Pause Young (Normal) (G1 Evacuation Pause)
[289.132s][info][gc,task     ] GC(490) Using 2 workers of 2 for evacuation
[289.153s][info][gc,phases   ] GC(490)   Pre Evacuate Collection Set: 0.16ms
[289.153s][info][gc,phases   ] GC(490)   Merge Heap Roots: 0.06ms
[289.153s][info][gc,phases   ] GC(490)   Evacuate Collection Set: 20.40ms
[289.153s][info][gc,phases   ] GC(490)   Post Evacuate Collection Set: 0.47ms
[289.153s][info][gc,phases   ] GC(490)   Other: 0.09ms
[289.153s][info][gc,heap     ] GC(490) Eden regions: 183->0(164)
[289.153s][info][gc,heap     ] GC(490) Survivor regions: 5->24(24)
[289.153s][info][gc,heap     ] GC(490) Old regions: 46->46
[289.153s][info][gc,heap     ] GC(490) Humongous regions: 5->3
[289.153s][info][gc,metaspace] GC(490) Metaspace: 42550K(43008K)->42550K(43008K) NonClass: 38212K(38464K)->38212K(38464K) Class: 4337K(4544K)->4337K(4544K)
[289.153s][info][gc          ] GC(490) Pause Young (Normal) (G1 Evacuation Pause) 238M->71M(314M) 21.344ms
[289.153s][info][gc,cpu      ] GC(490) User=0.04s Sys=0.00s Real=0.02s
[289.797s][info][gc,start    ] GC(491) Pause Young (Normal) (G1 Evacuation Pause)
[289.797s][info][gc,task     ] GC(491) Using 2 workers of 2 for evacuation
[289.808s][info][gc,phases   ] GC(491)   Pre Evacuate Collection Set: 0.17ms
[289.808s][info][gc,phases   ] GC(491)   Merge Heap Roots: 0.07ms
[289.808s][info][gc,phases   ] GC(491)   Evacuate Collection Set: 10.73ms
[289.808s][info][gc,phases   ] GC(491)   Post Evacuate Collection Set: 0.43ms
[289.808s][info][gc,phases   ] GC(491)   Other: 0.11ms
[289.808s][info][gc,heap     ] GC(491) Eden regions: 164->0(181)
[289.808s][info][gc,heap     ] GC(491) Survivor regions: 24->7(24)
[289.808s][info][gc,heap     ] GC(491) Old regions: 46->50
[289.808s][info][gc,heap     ] GC(491) Humongous regions: 5->3
[289.808s][info][gc,metaspace] GC(491) Metaspace: 42550K(43008K)->42550K(43008K) NonClass: 38212K(38464K)->38212K(38464K) Class: 4337K(4544K)->4337K(4544K)
[289.808s][info][gc          ] GC(491) Pause Young (Normal) (G1 Evacuation Pause) 237M->60M(314M) 11.672ms
[289.809s][info][gc,cpu      ] GC(491) User=0.02s Sys=0.00s Real=0.01s
[290.478s][info][gc,start    ] GC(492) Pause Young (Normal) (G1 Evacuation Pause)
[290.478s][info][gc,task     ] GC(492) Using 2 workers of 2 for evacuation
[290.484s][info][gc,phases   ] GC(492)   Pre Evacuate Collection Set: 0.17ms
[290.484s][info][gc,phases   ] GC(492)   Merge Heap Roots: 0.06ms
[290.484s][info][gc,phases   ] GC(492)   Evacuate Collection Set: 5.39ms
[290.484s][info][gc,phases   ] GC(492)   Post Evacuate Collection Set: 0.46ms
[290.484s][info][gc,phases   ] GC(492)   Other: 0.07ms
[290.484s][info][gc,heap     ] GC(492) Eden regions: 181->0(182)
[290.484s][info][gc,heap     ] GC(492) Survivor regions: 7->6(24)
[290.484s][info][gc,heap     ] GC(492) Old regions: 50->50
[290.484s][info][gc,heap     ] GC(492) Humongous regions: 13->3
[290.484s][info][gc,metaspace] GC(492) Metaspace: 42550K(43008K)->42550K(43008K) NonClass: 38212K(38464K)->38212K(38464K) Class: 4337K(4544K)->4337K(4544K)
[290.484s][info][gc          ] GC(492) Pause Young (Normal) (G1 Evacuation Pause) 251M->59M(314M) 6.318ms
[290.484s][info][gc,cpu      ] GC(492) User=0.01s Sys=0.00s Real=0.00s
[291.182s][info][gc,start    ] GC(493) Pause Young (Normal) (G1 Evacuation Pause)
[291.182s][info][gc,task     ] GC(493) Using 2 workers of 2 for evacuation
[291.197s][info][gc,phases   ] GC(493)   Pre Evacuate Collection Set: 0.17ms
[291.197s][info][gc,phases   ] GC(493)   Merge Heap Roots: 0.07ms
[291.197s][info][gc,phases   ] GC(493)   Evacuate Collection Set: 14.70ms
[291.197s][info][gc,phases   ] GC(493)   Post Evacuate Collection Set: 0.57ms
[291.197s][info][gc,phases   ] GC(493)   Other: 0.08ms
[291.197s][info][gc,heap     ] GC(493) Eden regions: 182->0(173)
[291.197s][info][gc,heap     ] GC(493) Survivor regions: 6->15(24)
[291.197s][info][gc,heap     ] GC(493) Old regions: 50->50
[291.197s][info][gc,heap     ] GC(493) Humongous regions: 7->3
[291.197s][info][gc,metaspace] GC(493) Metaspace: 42551K(43008K)->42551K(43008K) NonClass: 38213K(38464K)->38213K(38464K) Class: 4337K(4544K)->4337K(4544K)
[291.197s][info][gc          ] GC(493) Pause Young (Normal) (G1 Evacuation Pause) 245M->67M(314M) 15.785ms
[291.197s][info][gc,cpu      ] GC(493) User=0.03s Sys=0.00s Real=0.02s
[291.844s][info][gc,start    ] GC(494) Pause Young (Normal) (G1 Evacuation Pause)
[291.844s][info][gc,task     ] GC(494) Using 2 workers of 2 for evacuation
[291.855s][info][gc,phases   ] GC(494)   Pre Evacuate Collection Set: 0.26ms
[291.855s][info][gc,phases   ] GC(494)   Merge Heap Roots: 0.12ms
[291.855s][info][gc,phases   ] GC(494)   Evacuate Collection Set: 10.33ms
[291.855s][info][gc,phases   ] GC(494)   Post Evacuate Collection Set: 0.46ms
[291.855s][info][gc,phases   ] GC(494)   Other: 0.08ms
[291.855s][info][gc,heap     ] GC(494) Eden regions: 173->0(180)
[291.855s][info][gc,heap     ] GC(494) Survivor regions: 15->8(24)
[291.855s][info][gc,heap     ] GC(494) Old regions: 50->53
[291.855s][info][gc,heap     ] GC(494) Humongous regions: 11->3
[291.855s][info][gc,metaspace] GC(494) Metaspace: 42551K(43008K)->42551K(43008K) NonClass: 38213K(38464K)->38213K(38464K) Class: 4337K(4544K)->4337K(4544K)
[291.855s][info][gc          ] GC(494) Pause Young (Normal) (G1 Evacuation Pause) 248M->63M(314M) 11.422ms
[291.855s][info][gc,cpu      ] GC(494) User=0.02s Sys=0.00s Real=0.02s
[292.651s][info][gc,start    ] GC(495) Pause Young (Normal) (G1 Evacuation Pause)
[292.651s][info][gc,task     ] GC(495) Using 2 workers of 2 for evacuation
[292.662s][info][gc,phases   ] GC(495)   Pre Evacuate Collection Set: 0.18ms
[292.662s][info][gc,phases   ] GC(495)   Merge Heap Roots: 0.06ms
[292.662s][info][gc,phases   ] GC(495)   Evacuate Collection Set: 9.68ms
[292.662s][info][gc,phases   ] GC(495)   Post Evacuate Collection Set: 0.51ms
[292.662s][info][gc,phases   ] GC(495)   Other: 0.07ms
[292.662s][info][gc,heap     ] GC(495) Eden regions: 180->0(178)
[292.662s][info][gc,heap     ] GC(495) Survivor regions: 8->10(24)
[292.662s][info][gc,heap     ] GC(495) Old regions: 53->53
[292.662s][info][gc,heap     ] GC(495) Humongous regions: 7->3
[292.662s][info][gc,metaspace] GC(495) Metaspace: 42551K(43008K)->42551K(43008K) NonClass: 38213K(38464K)->38213K(38464K) Class: 4337K(4544K)->4337K(4544K)
[292.662s][info][gc          ] GC(495) Pause Young (Normal) (G1 Evacuation Pause) 247M->65M(314M) 10.656ms
[292.662s][info][gc,cpu      ] GC(495) User=0.02s Sys=0.00s Real=0.01s
[293.220s][info][gc,start    ] GC(496) Pause Young (Normal) (G1 Evacuation Pause)
[293.220s][info][gc,task     ] GC(496) Using 2 workers of 2 for evacuation
[293.244s][info][gc,phases   ] GC(496)   Pre Evacuate Collection Set: 0.20ms
[293.244s][info][gc,phases   ] GC(496)   Merge Heap Roots: 0.06ms
[293.244s][info][gc,phases   ] GC(496)   Evacuate Collection Set: 23.08ms
[293.244s][info][gc,phases   ] GC(496)   Post Evacuate Collection Set: 0.60ms
[293.244s][info][gc,phases   ] GC(496)   Other: 0.08ms
[293.244s][info][gc,heap     ] GC(496) Eden regions: 178->0(164)
[293.244s][info][gc,heap     ] GC(496) Survivor regions: 10->24(24)
[293.244s][info][gc,heap     ] GC(496) Old regions: 53->57
[293.244s][info][gc,heap     ] GC(496) Humongous regions: 9->3
[293.244s][info][gc,metaspace] GC(496) Metaspace: 42551K(43008K)->42551K(43008K) NonClass: 38213K(38464K)->38213K(38464K) Class: 4337K(4544K)->4337K(4544K)
[293.245s][info][gc          ] GC(496) Pause Young (Normal) (G1 Evacuation Pause) 249M->83M(314M) 24.215ms
[293.245s][info][gc,cpu      ] GC(496) User=0.05s Sys=0.00s Real=0.02s
[293.930s][info][gc,start    ] GC(497) Pause Young (Normal) (G1 Evacuation Pause)
[293.930s][info][gc,task     ] GC(497) Using 2 workers of 2 for evacuation
[293.979s][info][gc,phases   ] GC(497)   Pre Evacuate Collection Set: 0.17ms
[293.979s][info][gc,phases   ] GC(497)   Merge Heap Roots: 0.10ms
[293.979s][info][gc,phases   ] GC(497)   Evacuate Collection Set: 47.89ms
[293.979s][info][gc,phases   ] GC(497)   Post Evacuate Collection Set: 0.55ms
[293.979s][info][gc,phases   ] GC(497)   Other: 0.07ms
[293.979s][info][gc,heap     ] GC(497) Eden regions: 164->0(151)
[293.979s][info][gc,heap     ] GC(497) Survivor regions: 24->24(24)
[293.979s][info][gc,heap     ] GC(497) Old regions: 57->80
[293.979s][info][gc,heap     ] GC(497) Humongous regions: 3->3
[293.979s][info][gc,metaspace] GC(497) Metaspace: 42552K(43008K)->42552K(43008K) NonClass: 38214K(38464K)->38214K(38464K) Class: 4337K(4544K)->4337K(4544K)
[293.979s][info][gc          ] GC(497) Pause Young (Normal) (G1 Evacuation Pause) 247M->106M(314M) 48.980ms
[293.979s][info][gc,cpu      ] GC(497) User=0.10s Sys=0.00s Real=0.05s
[294.724s][info][gc,start    ] GC(498) Pause Young (Concurrent Start) (G1 Evacuation Pause)
[294.724s][info][gc,task     ] GC(498) Using 2 workers of 2 for evacuation
[294.806s][info][gc,phases   ] GC(498)   Pre Evacuate Collection Set: 0.19ms
[294.806s][info][gc,phases   ] GC(498)   Merge Heap Roots: 0.21ms
[294.806s][info][gc,phases   ] GC(498)   Evacuate Collection Set: 80.73ms
[294.806s][info][gc,phases   ] GC(498)   Post Evacuate Collection Set: 0.48ms
[294.806s][info][gc,phases   ] GC(498)   Other: 0.09ms
[294.806s][info][gc,heap     ] GC(498) Eden regions: 151->0(113)
[294.806s][info][gc,heap     ] GC(498) Survivor regions: 24->22(22)
[294.806s][info][gc,heap     ] GC(498) Old regions: 80->126
[294.806s][info][gc,heap     ] GC(498) Humongous regions: 3->3
[294.806s][info][gc,metaspace] GC(498) Metaspace: 42552K(43008K)->42552K(43008K) NonClass: 38215K(38464K)->38215K(38464K) Class: 4337K(4544K)->4337K(4544K)
[294.806s][info][gc          ] GC(498) Pause Young (Concurrent Start) (G1 Evacuation Pause) 257M->151M(326M) 81.904ms
[294.806s][info][gc,cpu      ] GC(498) User=0.16s Sys=0.01s Real=0.09s
[294.806s][info][gc          ] GC(499) Concurrent Mark Cycle
[294.806s][info][gc,marking  ] GC(499) Concurrent Scan Root Regions
[294.893s][info][gc,marking  ] GC(499) Concurrent Scan Root Regions 86.687ms
[294.893s][info][gc,marking  ] GC(499) Concurrent Mark
[294.893s][info][gc,marking  ] GC(499) Concurrent Mark From Roots
[294.893s][info][gc,task     ] GC(499) Using 1 workers of 1 for marking
[295.033s][info][gc,marking  ] GC(499) Concurrent Mark From Roots 140.111ms
[295.033s][info][gc,marking  ] GC(499) Concurrent Preclean
[295.033s][info][gc,marking  ] GC(499) Concurrent Preclean 0.038ms
[295.033s][info][gc,start    ] GC(499) Pause Remark
[295.048s][info][gc          ] GC(499) Pause Remark 198M->198M(326M) 14.915ms
[295.048s][info][gc,cpu      ] GC(499) User=0.02s Sys=0.00s Real=0.02s
[295.049s][info][gc,marking  ] GC(499) Concurrent Mark 156.168ms
[295.049s][info][gc,marking  ] GC(499) Concurrent Rebuild Remembered Sets and Scrub Regions
[295.144s][info][gc,marking  ] GC(499) Concurrent Rebuild Remembered Sets and Scrub Regions 95.172ms
[295.144s][info][gc,start    ] GC(499) Pause Cleanup
[295.144s][info][gc          ] GC(499) Pause Cleanup 226M->226M(326M) 0.051ms
[295.144s][info][gc,cpu      ] GC(499) User=0.00s Sys=0.00s Real=0.00s
[295.144s][info][gc,marking  ] GC(499) Concurrent Clear Claimed Marks
[295.144s][info][gc,marking  ] GC(499) Concurrent Clear Claimed Marks 0.037ms
[295.144s][info][gc,marking  ] GC(499) Concurrent Cleanup for Next Mark
[295.146s][info][gc,marking  ] GC(499) Concurrent Cleanup for Next Mark 1.136ms
[295.146s][info][gc          ] GC(499) Concurrent Mark Cycle 339.689ms
[295.331s][info][gc,start    ] GC(500) Pause Young (Prepare Mixed) (G1 Evacuation Pause)
[295.332s][info][gc,task     ] GC(500) Using 2 workers of 2 for evacuation
[295.380s][info][gc,phases   ] GC(500)   Pre Evacuate Collection Set: 0.17ms
[295.380s][info][gc,phases   ] GC(500)   Merge Heap Roots: 0.43ms
[295.380s][info][gc,phases   ] GC(500)   Evacuate Collection Set: 47.49ms
[295.380s][info][gc,phases   ] GC(500)   Post Evacuate Collection Set: 0.56ms
[295.380s][info][gc,phases   ] GC(500)   Other: 0.06ms
[295.380s][info][gc,heap     ] GC(500) Eden regions: 113->0(103)
[295.380s][info][gc,heap     ] GC(500) Survivor regions: 22->17(17)
[295.380s][info][gc,heap     ] GC(500) Old regions: 126->149
[295.380s][info][gc,heap     ] GC(500) Humongous regions: 5->3
[295.380s][info][gc,metaspace] GC(500) Metaspace: 42552K(43008K)->42552K(43008K) NonClass: 38215K(38464K)->38215K(38464K) Class: 4337K(4544K)->4337K(4544K)
[295.380s][info][gc          ] GC(500) Pause Young (Prepare Mixed) (G1 Evacuation Pause) 266M->168M(326M) 48.911ms
[295.380s][info][gc,cpu      ] GC(500) User=0.09s Sys=0.01s Real=0.05s
[295.749s][info][gc,start    ] GC(501) Pause Young (Mixed) (G1 Evacuation Pause)
[295.749s][info][gc,task     ] GC(501) Using 2 workers of 2 for evacuation
[295.807s][info][gc,phases   ] GC(501)   Pre Evacuate Collection Set: 0.19ms
[295.807s][info][gc,phases   ] GC(501)   Merge Heap Roots: 0.75ms
[295.807s][info][gc,phases   ] GC(501)   Evacuate Collection Set: 56.12ms
[295.807s][info][gc,phases   ] GC(501)   Post Evacuate Collection Set: 0.49ms
[295.807s][info][gc,phases   ] GC(501)   Other: 0.07ms
[295.807s][info][gc,heap     ] GC(501) Eden regions: 103->0(104)
[295.807s][info][gc,heap     ] GC(501) Survivor regions: 17->12(15)
[295.807s][info][gc,heap     ] GC(501) Old regions: 149->158
[295.807s][info][gc,heap     ] GC(501) Humongous regions: 7->3
[295.807s][info][gc,metaspace] GC(501) Metaspace: 42552K(43008K)->42552K(43008K) NonClass: 38215K(38464K)->38215K(38464K) Class: 4337K(4544K)->4337K(4544K)
[295.807s][info][gc          ] GC(501) Pause Young (Mixed) (G1 Evacuation Pause) 275M->172M(326M) 57.796ms
[295.807s][info][gc,cpu      ] GC(501) User=0.11s Sys=0.00s Real=0.06s
[295.870s][info][gc,start    ] GC(502) Pause Young (Concurrent Start) (G1 Humongous Allocation)
[295.870s][info][gc,task     ] GC(502) Using 2 workers of 2 for evacuation
[295.874s][info][gc,phases   ] GC(502)   Pre Evacuate Collection Set: 0.20ms
[295.874s][info][gc,phases   ] GC(502)   Merge Heap Roots: 0.06ms
[295.874s][info][gc,phases   ] GC(502)   Evacuate Collection Set: 2.96ms
[295.874s][info][gc,phases   ] GC(502)   Post Evacuate Collection Set: 0.30ms
[295.874s][info][gc,phases   ] GC(502)   Other: 0.08ms
[295.874s][info][gc,heap     ] GC(502) Eden regions: 16->0(118)
[295.874s][info][gc,heap     ] GC(502) Survivor regions: 12->1(15)
[295.874s][info][gc,heap     ] GC(502) Old regions: 158->160
[295.874s][info][gc,heap     ] GC(502) Humongous regions: 3->1
[295.874s][info][gc,metaspace] GC(502) Metaspace: 42552K(43008K)->42552K(43008K) NonClass: 38215K(38464K)->38215K(38464K) Class: 4337K(4544K)->4337K(4544K)
[295.874s][info][gc          ] GC(502) Pause Young (Concurrent Start) (G1 Humongous Allocation) 187M->162M(326M) 3.740ms
[295.874s][info][gc,cpu      ] GC(502) User=0.01s Sys=0.00s Real=0.00s
[295.874s][info][gc          ] GC(503) Concurrent Mark Cycle
[295.874s][info][gc,marking  ] GC(503) Concurrent Scan Root Regions
[295.877s][info][gc,marking  ] GC(503) Concurrent Scan Root Regions 3.080ms
[295.877s][info][gc,marking  ] GC(503) Concurrent Mark
[295.877s][info][gc,marking  ] GC(503) Concurrent Mark From Roots
[295.877s][info][gc,task     ] GC(503) Using 1 workers of 1 for marking
[295.951s][info][gc,marking  ] GC(503) Concurrent Mark From Roots 73.938ms
[295.951s][info][gc,marking  ] GC(503) Concurrent Preclean
[295.951s][info][gc,marking  ] GC(503) Concurrent Preclean 0.035ms
[295.951s][info][gc,start    ] GC(503) Pause Remark
[295.966s][info][gc          ] GC(503) Pause Remark 169M->133M(326M) 14.951ms
[295.966s][info][gc,cpu      ] GC(503) User=0.03s Sys=0.00s Real=0.02s
[295.969s][info][gc,marking  ] GC(503) Concurrent Mark 91.554ms
[295.969s][info][gc,marking  ] GC(503) Concurrent Rebuild Remembered Sets and Scrub Regions
[296.003s][info][gc,marking  ] GC(503) Concurrent Rebuild Remembered Sets and Scrub Regions 34.241ms
[296.003s][info][gc,start    ] GC(503) Pause Cleanup
[296.003s][info][gc          ] GC(503) Pause Cleanup 136M->136M(326M) 0.077ms
[296.003s][info][gc,cpu      ] GC(503) User=0.00s Sys=0.00s Real=0.00s
[296.003s][info][gc,marking  ] GC(503) Concurrent Clear Claimed Marks
[296.003s][info][gc,marking  ] GC(503) Concurrent Clear Claimed Marks 0.035ms
[296.003s][info][gc,marking  ] GC(503) Concurrent Cleanup for Next Mark
[296.004s][info][gc,marking  ] GC(503) Concurrent Cleanup for Next Mark 0.965ms
[296.004s][info][gc          ] GC(503) Concurrent Mark Cycle 130.272ms
[296.309s][info][gc,start    ] GC(504) Pause Young (Prepare Mixed) (G1 Evacuation Pause)
[296.309s][info][gc,task     ] GC(504) Using 2 workers of 2 for evacuation
[296.317s][info][gc,phases   ] GC(504)   Pre Evacuate Collection Set: 0.17ms
[296.317s][info][gc,phases   ] GC(504)   Merge Heap Roots: 0.08ms
[296.317s][info][gc,phases   ] GC(504)   Evacuate Collection Set: 7.50ms
[296.317s][info][gc,phases   ] GC(504)   Post Evacuate Collection Set: 0.39ms
[296.317s][info][gc,phases   ] GC(504)   Other: 0.06ms
[296.317s][info][gc,heap     ] GC(504) Eden regions: 118->0(143)
[296.317s][info][gc,heap     ] GC(504) Survivor regions: 1->8(15)
[296.317s][info][gc,heap     ] GC(504) Old regions: 124->124
[296.317s][info][gc,heap     ] GC(504) Humongous regions: 9->3
[296.317s][info][gc,metaspace] GC(504) Metaspace: 42554K(43008K)->42554K(43008K) NonClass: 38217K(38464K)->38217K(38464K) Class: 4337K(4544K)->4337K(4544K)
[296.317s][info][gc          ] GC(504) Pause Young (Prepare Mixed) (G1 Evacuation Pause) 252M->135M(326M) 8.434ms
[296.317s][info][gc,cpu      ] GC(504) User=0.02s Sys=0.00s Real=0.01s
[296.801s][info][gc,start    ] GC(505) Pause Young (Mixed) (G1 Evacuation Pause)
[296.801s][info][gc,task     ] GC(505) Using 2 workers of 2 for evacuation
[296.811s][info][gc,phases   ] GC(505)   Pre Evacuate Collection Set: 0.19ms
[296.812s][info][gc,phases   ] GC(505)   Merge Heap Roots: 0.09ms
[296.812s][info][gc,phases   ] GC(505)   Evacuate Collection Set: 9.60ms
[296.812s][info][gc,phases   ] GC(505)   Post Evacuate Collection Set: 0.42ms
[296.812s][info][gc,phases   ] GC(505)   Other: 0.09ms
[296.812s][info][gc,heap     ] GC(505) Eden regions: 143->0(166)
[296.812s][info][gc,heap     ] GC(505) Survivor regions: 8->14(19)
[296.812s][info][gc,heap     ] GC(505) Old regions: 124->92
[296.812s][info][gc,heap     ] GC(505) Humongous regions: 5->3
[296.812s][info][gc,metaspace] GC(505) Metaspace: 42556K(43008K)->42556K(43008K) NonClass: 38219K(38464K)->38219K(38464K) Class: 4337K(4544K)->4337K(4544K)
[296.812s][info][gc          ] GC(505) Pause Young (Mixed) (G1 Evacuation Pause) 280M->107M(326M) 10.570ms
[296.812s][info][gc,cpu      ] GC(505) User=0.02s Sys=0.00s Real=0.01s
[297.348s][info][gc,start    ] GC(506) Pause Young (Mixed) (G1 Evacuation Pause)
[297.348s][info][gc,task     ] GC(506) Using 2 workers of 2 for evacuation
[297.377s][info][gc,phases   ] GC(506)   Pre Evacuate Collection Set: 0.19ms
[297.377s][info][gc,phases   ] GC(506)   Merge Heap Roots: 0.17ms
[297.377s][info][gc,phases   ] GC(506)   Evacuate Collection Set: 27.31ms
[297.377s][info][gc,phases   ] GC(506)   Post Evacuate Collection Set: 0.51ms
[297.377s][info][gc,phases   ] GC(506)   Other: 0.07ms
[297.377s][info][gc,heap     ] GC(506) Eden regions: 166->0(157)
[297.377s][info][gc,heap     ] GC(506) Survivor regions: 14->23(23)
[297.377s][info][gc,heap     ] GC(506) Old regions: 92->79
[297.377s][info][gc,heap     ] GC(506) Humongous regions: 4->4
[297.377s][info][gc,metaspace] GC(506) Metaspace: 42556K(43008K)->42556K(43008K) NonClass: 38219K(38464K)->38219K(38464K) Class: 4337K(4544K)->4337K(4544K)
[297.377s][info][gc          ] GC(506) Pause Young (Mixed) (G1 Evacuation Pause) 274M->105M(326M) 28.477ms
[297.377s][info][gc,cpu      ] GC(506) User=0.05s Sys=0.00s Real=0.03s
[297.879s][info][gc,start    ] GC(507) Pause Young (Normal) (G1 Evacuation Pause)
[297.879s][info][gc,task     ] GC(507) Using 2 workers of 2 for evacuation
[297.899s][info][gc,phases   ] GC(507)   Pre Evacuate Collection Set: 0.23ms
[297.899s][info][gc,phases   ] GC(507)   Merge Heap Roots: 0.12ms
[297.899s][info][gc,phases   ] GC(507)   Evacuate Collection Set: 18.84ms
[297.899s][info][gc,phases   ] GC(507)   Post Evacuate Collection Set: 0.45ms
[297.899s][info][gc,phases   ] GC(507)   Other: 0.07ms
[297.899s][info][gc,heap     ] GC(507) Eden regions: 157->0(156)
[297.899s][info][gc,heap     ] GC(507) Survivor regions: 23->9(23)
[297.899s][info][gc,heap     ] GC(507) Old regions: 79->101
[297.899s][info][gc,heap     ] GC(507) Humongous regions: 5->4
[297.899s][info][gc,metaspace] GC(507) Metaspace: 42556K(43008K)->42556K(43008K) NonClass: 38219K(38464K)->38219K(38464K) Class: 4337K(4544K)->4337K(4544K)
[297.899s][info][gc          ] GC(507) Pause Young (Normal) (G1 Evacuation Pause) 263M->113M(326M) 19.934ms
[297.899s][info][gc,cpu      ] GC(507) User=0.04s Sys=0.00s Real=0.02s
[298.445s][info][gc,start    ] GC(508) Pause Young (Concurrent Start) (G1 Humongous Allocation)
[298.445s][info][gc,task     ] GC(508) Using 2 workers of 2 for evacuation
[298.470s][info][gc,phases   ] GC(508)   Pre Evacuate Collection Set: 0.18ms
[298.470s][info][gc,phases   ] GC(508)   Merge Heap Roots: 0.10ms
[298.470s][info][gc,phases   ] GC(508)   Evacuate Collection Set: 24.78ms
[298.470s][info][gc,phases   ] GC(508)   Post Evacuate Collection Set: 0.49ms
[298.470s][info][gc,phases   ] GC(508)   Other: 0.11ms
[298.470s][info][gc,heap     ] GC(508) Eden regions: 156->0(113)
[298.470s][info][gc,heap     ] GC(508) Survivor regions: 9->21(21)
[298.470s][info][gc,heap     ] GC(508) Old regions: 101->120
[298.470s][info][gc,heap     ] GC(508) Humongous regions: 4->4
[298.470s][info][gc,metaspace] GC(508) Metaspace: 42556K(43008K)->42556K(43008K) NonClass: 38219K(38464K)->38219K(38464K) Class: 4337K(4544K)->4337K(4544K)
[298.470s][info][gc          ] GC(508) Pause Young (Concurrent Start) (G1 Humongous Allocation) 269M->145M(326M) 25.872ms
[298.470s][info][gc          ] GC(509) Concurrent Mark Cycle
[298.470s][info][gc,marking  ] GC(509) Concurrent Scan Root Regions
[298.470s][info][gc,cpu      ] GC(508) User=0.05s Sys=0.00s Real=0.03s
[298.489s][info][gc,marking  ] GC(509) Concurrent Scan Root Regions 18.814ms
[298.489s][info][gc,marking  ] GC(509) Concurrent Mark
[298.489s][info][gc,marking  ] GC(509) Concurrent Mark From Roots
[298.489s][info][gc,task     ] GC(509) Using 1 workers of 1 for marking
[298.580s][info][gc,marking  ] GC(509) Concurrent Mark From Roots 90.492ms
[298.580s][info][gc,marking  ] GC(509) Concurrent Preclean
[298.580s][info][gc,marking  ] GC(509) Concurrent Preclean 0.045ms
[298.580s][info][gc,start    ] GC(509) Pause Remark
[298.595s][info][gc          ] GC(509) Pause Remark 167M->162M(326M) 14.981ms
[298.595s][info][gc,cpu      ] GC(509) User=0.03s Sys=0.01s Real=0.02s
[298.596s][info][gc,marking  ] GC(509) Concurrent Mark 106.667ms
[298.596s][info][gc,marking  ] GC(509) Concurrent Rebuild Remembered Sets and Scrub Regions
[298.659s][info][gc,marking  ] GC(509) Concurrent Rebuild Remembered Sets and Scrub Regions 62.680ms
[298.659s][info][gc,start    ] GC(509) Pause Cleanup
[298.659s][info][gc          ] GC(509) Pause Cleanup 177M->177M(326M) 0.087ms
[298.659s][info][gc,cpu      ] GC(509) User=0.00s Sys=0.00s Real=0.00s
[298.659s][info][gc,marking  ] GC(509) Concurrent Clear Claimed Marks
[298.659s][info][gc,marking  ] GC(509) Concurrent Clear Claimed Marks 0.045ms
[298.659s][info][gc,marking  ] GC(509) Concurrent Cleanup for Next Mark
[298.660s][info][gc,marking  ] GC(509) Concurrent Cleanup for Next Mark 0.997ms
[298.660s][info][gc          ] GC(509) Concurrent Mark Cycle 189.641ms
[298.918s][info][gc,start    ] GC(510) Pause Young (Prepare Mixed) (G1 Evacuation Pause)
[298.918s][info][gc,task     ] GC(510) Using 2 workers of 2 for evacuation
[298.961s][info][gc,phases   ] GC(510)   Pre Evacuate Collection Set: 0.22ms
[298.961s][info][gc,phases   ] GC(510)   Merge Heap Roots: 0.33ms
[298.961s][info][gc,phases   ] GC(510)   Evacuate Collection Set: 42.39ms
[298.961s][info][gc,phases   ] GC(510)   Post Evacuate Collection Set: 0.63ms
[298.961s][info][gc,phases   ] GC(510)   Other: 0.10ms
[298.962s][info][gc,heap     ] GC(510) Eden regions: 113->0(92)
[298.962s][info][gc,heap     ] GC(510) Survivor regions: 21->17(17)
[298.962s][info][gc,heap     ] GC(510) Old regions: 115->148
[298.962s][info][gc,heap     ] GC(510) Humongous regions: 5->5
[298.962s][info][gc,metaspace] GC(510) Metaspace: 42556K(43008K)->42556K(43008K) NonClass: 38219K(38464K)->38219K(38464K) Class: 4337K(4544K)->4337K(4544K)
[298.962s][info][gc          ] GC(510) Pause Young (Prepare Mixed) (G1 Evacuation Pause) 254M->169M(326M) 44.025ms
[298.962s][info][gc,cpu      ] GC(510) User=0.09s Sys=0.00s Real=0.04s
[299.296s][info][gc,start    ] GC(511) Pause Young (Mixed) (G1 Evacuation Pause)
[299.297s][info][gc,task     ] GC(511) Using 2 workers of 2 for evacuation
[299.353s][info][gc,phases   ] GC(511)   Pre Evacuate Collection Set: 0.26ms
[299.353s][info][gc,phases   ] GC(511)   Merge Heap Roots: 0.60ms
[299.353s][info][gc,phases   ] GC(511)   Evacuate Collection Set: 54.90ms
[299.353s][info][gc,phases   ] GC(511)   Post Evacuate Collection Set: 0.78ms
[299.353s][info][gc,phases   ] GC(511)   Other: 0.07ms
[299.353s][info][gc,heap     ] GC(511) Eden regions: 92->0(75)
[299.353s][info][gc,heap     ] GC(511) Survivor regions: 17->14(14)
[299.353s][info][gc,heap     ] GC(511) Old regions: 148->183
[299.353s][info][gc,heap     ] GC(511) Humongous regions: 5->5
[299.353s][info][gc,metaspace] GC(511) Metaspace: 42556K(43008K)->42556K(43008K) NonClass: 38219K(38464K)->38219K(38464K) Class: 4337K(4544K)->4337K(4544K)
[299.353s][info][gc          ] GC(511) Pause Young (Mixed) (G1 Evacuation Pause) 261M->202M(353M) 56.814ms
[299.353s][info][gc,cpu      ] GC(511) User=0.11s Sys=0.00s Real=0.05s
[299.477s][info][gc,start    ] GC(512) Pause Young (Concurrent Start) (G1 Humongous Allocation)
[299.477s][info][gc,task     ] GC(512) Using 2 workers of 2 for evacuation
[299.510s][info][gc,phases   ] GC(512)   Pre Evacuate Collection Set: 0.20ms
[299.510s][info][gc,phases   ] GC(512)   Merge Heap Roots: 0.14ms
[299.510s][info][gc,phases   ] GC(512)   Evacuate Collection Set: 31.43ms
[299.510s][info][gc,phases   ] GC(512)   Post Evacuate Collection Set: 0.31ms
[299.510s][info][gc,phases   ] GC(512)   Other: 0.09ms
[299.510s][info][gc,heap     ] GC(512) Eden regions: 39->0(55)
[299.510s][info][gc,heap     ] GC(512) Survivor regions: 14->12(12)
[299.510s][info][gc,heap     ] GC(512) Old regions: 183->210
[299.510s][info][gc,heap     ] GC(512) Humongous regions: 5->5
[299.510s][info][gc,metaspace] GC(512) Metaspace: 42556K(43008K)->42556K(43008K) NonClass: 38219K(38464K)->38219K(38464K) Class: 4337K(4544K)->4337K(4544K)
[299.510s][info][gc          ] GC(512) Pause Young (Concurrent Start) (G1 Humongous Allocation) 240M->226M(353M) 32.386ms
[299.510s][info][gc,cpu      ] GC(512) User=0.05s Sys=0.01s Real=0.03s
[299.510s][info][gc          ] GC(513) Concurrent Mark Cycle
[299.510s][info][gc,marking  ] GC(513) Concurrent Scan Root Regions
[299.528s][info][gc,marking  ] GC(513) Concurrent Scan Root Regions 18.057ms
[299.528s][info][gc,marking  ] GC(513) Concurrent Mark
[299.528s][info][gc,marking  ] GC(513) Concurrent Mark From Roots
[299.528s][info][gc,task     ] GC(513) Using 1 workers of 1 for marking
[299.625s][info][gc,marking  ] GC(513) Concurrent Mark From Roots 96.838ms
[299.625s][info][gc,marking  ] GC(513) Concurrent Preclean
[299.625s][info][gc,marking  ] GC(513) Concurrent Preclean 0.049ms
[299.625s][info][gc,start    ] GC(513) Pause Remark
[299.640s][info][gc          ] GC(513) Pause Remark 253M->177M(353M) 15.233ms
[299.640s][info][gc,cpu      ] GC(513) User=0.03s Sys=0.00s Real=0.01s
[299.640s][info][gc,marking  ] GC(513) Concurrent Mark 112.416ms
[299.640s][info][gc,marking  ] GC(513) Concurrent Rebuild Remembered Sets and Scrub Regions
[299.700s][info][gc,marking  ] GC(513) Concurrent Rebuild Remembered Sets and Scrub Regions 59.507ms
[299.700s][info][gc,start    ] GC(513) Pause Cleanup
[299.700s][info][gc          ] GC(513) Pause Cleanup 191M->191M(353M) 0.084ms
[299.700s][info][gc,cpu      ] GC(513) User=0.00s Sys=0.00s Real=0.00s
[299.700s][info][gc,marking  ] GC(513) Concurrent Clear Claimed Marks
[299.700s][info][gc,marking  ] GC(513) Concurrent Clear Claimed Marks 0.045ms
[299.700s][info][gc,marking  ] GC(513) Concurrent Cleanup for Next Mark
[299.702s][info][gc,marking  ] GC(513) Concurrent Cleanup for Next Mark 1.402ms
[299.702s][info][gc          ] GC(513) Concurrent Mark Cycle 191.896ms
[299.774s][info][gc,start    ] GC(514) Pause Young (Prepare Mixed) (G1 Evacuation Pause)
[299.774s][info][gc,task     ] GC(514) Using 2 workers of 2 for evacuation
[299.804s][info][gc,phases   ] GC(514)   Pre Evacuate Collection Set: 0.20ms
[299.805s][info][gc,phases   ] GC(514)   Merge Heap Roots: 0.27ms
[299.805s][info][gc,phases   ] GC(514)   Evacuate Collection Set: 29.93ms
[299.805s][info][gc,phases   ] GC(514)   Post Evacuate Collection Set: 0.39ms
[299.805s][info][gc,phases   ] GC(514)   Other: 0.10ms
[299.805s][info][gc,heap     ] GC(514) Eden regions: 55->0(75)
[299.805s][info][gc,heap     ] GC(514) Survivor regions: 12->9(9)
[299.805s][info][gc,heap     ] GC(514) Old regions: 136->168
[299.805s][info][gc,heap     ] GC(514) Humongous regions: 4->4
[299.805s][info][gc,metaspace] GC(514) Metaspace: 42556K(43008K)->42556K(43008K) NonClass: 38219K(38464K)->38219K(38464K) Class: 4337K(4544K)->4337K(4544K)
[299.805s][info][gc          ] GC(514) Pause Young (Prepare Mixed) (G1 Evacuation Pause) 206M->181M(353M) 31.087ms
[299.805s][info][gc,cpu      ] GC(514) User=0.06s Sys=0.00s Real=0.03s
[300.071s][info][gc,start    ] GC(515) Pause Young (Mixed) (G1 Evacuation Pause)
[300.071s][info][gc,task     ] GC(515) Using 2 workers of 2 for evacuation
[300.126s][info][gc,phases   ] GC(515)   Pre Evacuate Collection Set: 0.20ms
[300.126s][info][gc,phases   ] GC(515)   Merge Heap Roots: 0.50ms
[300.126s][info][gc,phases   ] GC(515)   Evacuate Collection Set: 52.94ms
[300.126s][info][gc,phases   ] GC(515)   Post Evacuate Collection Set: 0.45ms
[300.126s][info][gc,phases   ] GC(515)   Other: 0.08ms
[300.126s][info][gc,heap     ] GC(515) Eden regions: 75->0(62)
[300.126s][info][gc,heap     ] GC(515) Survivor regions: 9->11(11)
[300.126s][info][gc,heap     ] GC(515) Old regions: 168->185
[300.126s][info][gc,heap     ] GC(515) Humongous regions: 4->4
[300.126s][info][gc,metaspace] GC(515) Metaspace: 42556K(43008K)->42556K(43008K) NonClass: 38219K(38464K)->38219K(38464K) Class: 4337K(4544K)->4337K(4544K)
[300.126s][info][gc          ] GC(515) Pause Young (Mixed) (G1 Evacuation Pause) 256M->199M(353M) 54.387ms
[300.126s][info][gc,cpu      ] GC(515) User=0.10s Sys=0.00s Real=0.06s
[300.144s][info][gc,start    ] GC(516) Pause Young (Concurrent Start) (G1 Humongous Allocation)
[300.144s][info][gc,task     ] GC(516) Using 2 workers of 2 for evacuation
[300.156s][info][gc,phases   ] GC(516)   Pre Evacuate Collection Set: 0.20ms
[300.156s][info][gc,phases   ] GC(516)   Merge Heap Roots: 0.12ms
[300.156s][info][gc,phases   ] GC(516)   Evacuate Collection Set: 11.01ms
[300.156s][info][gc,phases   ] GC(516)   Post Evacuate Collection Set: 0.29ms
[300.156s][info][gc,phases   ] GC(516)   Other: 0.12ms
[300.156s][info][gc,heap     ] GC(516) Eden regions: 5->0(59)
[300.156s][info][gc,heap     ] GC(516) Survivor regions: 11->4(10)
[300.156s][info][gc,heap     ] GC(516) Old regions: 185->196
[300.156s][info][gc,heap     ] GC(516) Humongous regions: 4->4
[300.156s][info][gc,metaspace] GC(516) Metaspace: 42556K(43008K)->42556K(43008K) NonClass: 38219K(38464K)->38219K(38464K) Class: 4337K(4544K)->4337K(4544K)
[300.156s][info][gc          ] GC(516) Pause Young (Concurrent Start) (G1 Humongous Allocation) 204M->203M(353M) 11.916ms
[300.156s][info][gc,cpu      ] GC(516) User=0.02s Sys=0.00s Real=0.02s
[300.156s][info][gc          ] GC(517) Concurrent Mark Cycle
[300.156s][info][gc,marking  ] GC(517) Concurrent Scan Root Regions
[300.160s][info][gc,marking  ] GC(517) Concurrent Scan Root Regions 4.340ms
[300.160s][info][gc,marking  ] GC(517) Concurrent Mark
[300.160s][info][gc,marking  ] GC(517) Concurrent Mark From Roots
[300.160s][info][gc,task     ] GC(517) Using 1 workers of 1 for marking
[300.333s][info][gc,marking  ] GC(517) Concurrent Mark From Roots 172.880ms
[300.333s][info][gc,marking  ] GC(517) Concurrent Preclean
[300.333s][info][gc,marking  ] GC(517) Concurrent Preclean 0.054ms
[300.333s][info][gc,start    ] GC(517) Pause Remark
[300.348s][info][gc          ] GC(517) Pause Remark 242M->242M(353M) 14.761ms
[300.348s][info][gc,cpu      ] GC(517) User=0.03s Sys=0.00s Real=0.02s
[300.348s][info][gc,marking  ] GC(517) Concurrent Mark 188.019ms
[300.348s][info][gc,marking  ] GC(517) Concurrent Rebuild Remembered Sets and Scrub Regions
[300.438s][info][gc,start    ] GC(518) Pause Young (Normal) (G1 Evacuation Pause)
[300.438s][info][gc,task     ] GC(518) Using 2 workers of 2 for evacuation
[300.468s][info][gc,phases   ] GC(518)   Pre Evacuate Collection Set: 0.15ms
[300.468s][info][gc,phases   ] GC(518)   Merge Heap Roots: 0.27ms
[300.468s][info][gc,phases   ] GC(518)   Evacuate Collection Set: 28.33ms
[300.468s][info][gc,phases   ] GC(518)   Post Evacuate Collection Set: 1.48ms
[300.468s][info][gc,phases   ] GC(518)   Other: 0.07ms
[300.468s][info][gc,heap     ] GC(518) Eden regions: 59->0(99)
[300.468s][info][gc,heap     ] GC(518) Survivor regions: 4->8(8)
[300.468s][info][gc,heap     ] GC(518) Old regions: 196->223
[300.468s][info][gc,heap     ] GC(518) Humongous regions: 5->5
[300.468s][info][gc,metaspace] GC(518) Metaspace: 42556K(43008K)->42556K(43008K) NonClass: 38219K(38464K)->38219K(38464K) Class: 4337K(4544K)->4337K(4544K)
[300.469s][info][gc          ] GC(518) Pause Young (Normal) (G1 Evacuation Pause) 263M->236M(479M) 30.492ms
[300.469s][info][gc,cpu      ] GC(518) User=0.06s Sys=0.00s Real=0.03s
[300.476s][info][gc,marking  ] GC(517) Concurrent Rebuild Remembered Sets and Scrub Regions 127.638ms
[300.476s][info][gc,start    ] GC(517) Pause Cleanup
[300.476s][info][gc          ] GC(517) Pause Cleanup 237M->237M(479M) 0.056ms
[300.476s][info][gc,cpu      ] GC(517) User=0.00s Sys=0.00s Real=0.00s
[300.476s][info][gc,marking  ] GC(517) Concurrent Clear Claimed Marks
[300.476s][info][gc,marking  ] GC(517) Concurrent Clear Claimed Marks 0.039ms
[300.476s][info][gc,marking  ] GC(517) Concurrent Cleanup for Next Mark
[300.479s][info][gc,marking  ] GC(517) Concurrent Cleanup for Next Mark 2.819ms
[300.479s][info][gc          ] GC(517) Concurrent Mark Cycle 323.232ms
[300.894s][info][gc,start    ] GC(519) Pause Young (Prepare Mixed) (G1 Evacuation Pause)
[300.894s][info][gc,task     ] GC(519) Using 2 workers of 2 for evacuation
[300.957s][info][gc,phases   ] GC(519)   Pre Evacuate Collection Set: 0.23ms
[300.957s][info][gc,phases   ] GC(519)   Merge Heap Roots: 0.33ms
[300.957s][info][gc,phases   ] GC(519)   Evacuate Collection Set: 62.15ms
[300.957s][info][gc,phases   ] GC(519)   Post Evacuate Collection Set: 0.59ms
[300.957s][info][gc,phases   ] GC(519)   Other: 0.09ms
[300.957s][info][gc,heap     ] GC(519) Eden regions: 99->0(71)
[300.957s][info][gc,heap     ] GC(519) Survivor regions: 8->14(14)
[300.957s][info][gc,heap     ] GC(519) Old regions: 223->282
[300.957s][info][gc,heap     ] GC(519) Humongous regions: 6->6
[300.957s][info][gc,metaspace] GC(519) Metaspace: 42556K(43008K)->42556K(43008K) NonClass: 38219K(38464K)->38219K(38464K) Class: 4337K(4544K)->4337K(4544K)
[300.957s][info][gc          ] GC(519) Pause Young (Prepare Mixed) (G1 Evacuation Pause) 336M->301M(479M) 63.590ms
[300.957s][info][gc,cpu      ] GC(519) User=0.11s Sys=0.00s Real=0.07s
[301.221s][info][gc,start    ] GC(520) Pause Young (Mixed) (G1 Evacuation Pause)
[301.222s][info][gc,task     ] GC(520) Using 2 workers of 2 for evacuation
[301.302s][info][gc,phases   ] GC(520)   Pre Evacuate Collection Set: 0.27ms
[301.302s][info][gc,phases   ] GC(520)   Merge Heap Roots: 1.64ms
[301.302s][info][gc,phases   ] GC(520)   Evacuate Collection Set: 78.31ms
[301.302s][info][gc,phases   ] GC(520)   Post Evacuate Collection Set: 0.56ms
[301.302s][info][gc,phases   ] GC(520)   Other: 0.07ms
[301.302s][info][gc,heap     ] GC(520) Eden regions: 71->0(73)
[301.302s][info][gc,heap     ] GC(520) Survivor regions: 14->11(11)
[301.303s][info][gc,heap     ] GC(520) Old regions: 282->286
[301.303s][info][gc,heap     ] GC(520) Humongous regions: 6->6
[301.303s][info][gc,metaspace] GC(520) Metaspace: 42556K(43008K)->42556K(43008K) NonClass: 38219K(38464K)->38219K(38464K) Class: 4337K(4544K)->4337K(4544K)
[301.303s][info][gc          ] GC(520) Pause Young (Mixed) (G1 Evacuation Pause) 372M->302M(479M) 81.060ms
[301.303s][info][gc,cpu      ] GC(520) User=0.16s Sys=0.00s Real=0.08s
[301.399s][info][gc,start    ] GC(521) Pause Young (Concurrent Start) (G1 Humongous Allocation)
[301.400s][info][gc,task     ] GC(521) Using 2 workers of 2 for evacuation
[301.421s][info][gc,phases   ] GC(521)   Pre Evacuate Collection Set: 0.27ms
[301.421s][info][gc,phases   ] GC(521)   Merge Heap Roots: 0.13ms
[301.421s][info][gc,phases   ] GC(521)   Evacuate Collection Set: 20.47ms
[301.421s][info][gc,phases   ] GC(521)   Post Evacuate Collection Set: 0.33ms
[301.421s][info][gc,phases   ] GC(521)   Other: 0.19ms
[301.421s][info][gc,heap     ] GC(521) Eden regions: 30->0(63)
[301.421s][info][gc,heap     ] GC(521) Survivor regions: 11->11(11)
[301.421s][info][gc,heap     ] GC(521) Old regions: 286->305
[301.421s][info][gc,heap     ] GC(521) Humongous regions: 6->6
[301.421s][info][gc,metaspace] GC(521) Metaspace: 42556K(43008K)->42556K(43008K) NonClass: 38219K(38464K)->38219K(38464K) Class: 4337K(4544K)->4337K(4544K)
[301.421s][info][gc          ] GC(521) Pause Young (Concurrent Start) (G1 Humongous Allocation) 332M->321M(479M) 21.614ms
[301.421s][info][gc          ] GC(522) Concurrent Mark Cycle
[301.421s][info][gc,marking  ] GC(522) Concurrent Scan Root Regions
[301.423s][info][gc,cpu      ] GC(521) User=0.05s Sys=0.00s Real=0.02s
[301.433s][info][gc,marking  ] GC(522) Concurrent Scan Root Regions 11.869ms
[301.433s][info][gc,marking  ] GC(522) Concurrent Mark
[301.433s][info][gc,marking  ] GC(522) Concurrent Mark From Roots
[301.433s][info][gc,task     ] GC(522) Using 1 workers of 1 for marking
[301.515s][info][gc,marking  ] GC(522) Concurrent Mark From Roots 82.428ms
[301.516s][info][gc,marking  ] GC(522) Concurrent Preclean
[301.516s][info][gc,marking  ] GC(522) Concurrent Preclean 0.046ms
[301.516s][info][gc,start    ] GC(522) Pause Remark
[301.531s][info][gc          ] GC(522) Pause Remark 343M->234M(479M) 14.842ms
[301.531s][info][gc,cpu      ] GC(522) User=0.03s Sys=0.00s Real=0.01s
[301.531s][info][gc,marking  ] GC(522) Concurrent Mark 97.613ms
[301.531s][info][gc,marking  ] GC(522) Concurrent Rebuild Remembered Sets and Scrub Regions
[301.576s][info][gc,marking  ] GC(522) Concurrent Rebuild Remembered Sets and Scrub Regions 45.562ms
[301.576s][info][gc,start    ] GC(522) Pause Cleanup
[301.576s][info][gc          ] GC(522) Pause Cleanup 245M->245M(479M) 0.089ms
[301.576s][info][gc,cpu      ] GC(522) User=0.00s Sys=0.00s Real=0.00s
[301.576s][info][gc,marking  ] GC(522) Concurrent Clear Claimed Marks
[301.576s][info][gc,marking  ] GC(522) Concurrent Clear Claimed Marks 0.037ms
[301.576s][info][gc,marking  ] GC(522) Concurrent Cleanup for Next Mark
[301.578s][info][gc,marking  ] GC(522) Concurrent Cleanup for Next Mark 1.370ms
[301.578s][info][gc          ] GC(522) Concurrent Mark Cycle 156.733ms
[301.694s][info][gc,start    ] GC(523) Pause Young (Prepare Mixed) (G1 Evacuation Pause)
[301.694s][info][gc,task     ] GC(523) Using 2 workers of 2 for evacuation
[301.706s][info][gc,phases   ] GC(523)   Pre Evacuate Collection Set: 0.24ms
[301.706s][info][gc,phases   ] GC(523)   Merge Heap Roots: 0.14ms
[301.706s][info][gc,phases   ] GC(523)   Evacuate Collection Set: 11.06ms
[301.706s][info][gc,phases   ] GC(523)   Post Evacuate Collection Set: 0.37ms
[301.706s][info][gc,phases   ] GC(523)   Other: 0.08ms
[301.706s][info][gc,heap     ] GC(523) Eden regions: 63->0(111)
[301.706s][info][gc,heap     ] GC(523) Survivor regions: 11->6(10)
[301.706s][info][gc,heap     ] GC(523) Old regions: 199->206
[301.706s][info][gc,heap     ] GC(523) Humongous regions: 4->4
[301.706s][info][gc,metaspace] GC(523) Metaspace: 42557K(43008K)->42557K(43008K) NonClass: 38219K(38464K)->38219K(38464K) Class: 4337K(4544K)->4337K(4544K)
[301.706s][info][gc          ] GC(523) Pause Young (Prepare Mixed) (G1 Evacuation Pause) 276M->216M(479M) 12.071ms
[301.706s][info][gc,cpu      ] GC(523) User=0.02s Sys=0.00s Real=0.02s
[302.093s][info][gc,start    ] GC(524) Pause Young (Mixed) (G1 Evacuation Pause)
[302.093s][info][gc,task     ] GC(524) Using 2 workers of 2 for evacuation
[302.115s][info][gc,phases   ] GC(524)   Pre Evacuate Collection Set: 0.25ms
[302.115s][info][gc,phases   ] GC(524)   Merge Heap Roots: 0.23ms
[302.115s][info][gc,phases   ] GC(524)   Evacuate Collection Set: 20.74ms
[302.115s][info][gc,phases   ] GC(524)   Post Evacuate Collection Set: 0.46ms
[302.115s][info][gc,phases   ] GC(524)   Other: 0.08ms
[302.115s][info][gc,heap     ] GC(524) Eden regions: 111->0(135)
[302.115s][info][gc,heap     ] GC(524) Survivor regions: 6->15(15)
[302.115s][info][gc,heap     ] GC(524) Old regions: 206->159
[302.115s][info][gc,heap     ] GC(524) Humongous regions: 4->4
[302.115s][info][gc,metaspace] GC(524) Metaspace: 42566K(43008K)->42566K(43008K) NonClass: 38226K(38464K)->38226K(38464K) Class: 4339K(4544K)->4339K(4544K)
[302.115s][info][gc          ] GC(524) Pause Young (Mixed) (G1 Evacuation Pause) 327M->178M(479M) 21.973ms
[302.115s][info][gc,cpu      ] GC(524) User=0.03s Sys=0.01s Real=0.03s
[302.613s][info][gc,start    ] GC(525) Pause Young (Mixed) (G1 Evacuation Pause)
[302.613s][info][gc,task     ] GC(525) Using 2 workers of 2 for evacuation
[302.631s][info][gc,phases   ] GC(525)   Pre Evacuate Collection Set: 0.29ms
[302.631s][info][gc,phases   ] GC(525)   Merge Heap Roots: 0.21ms
[302.631s][info][gc,phases   ] GC(525)   Evacuate Collection Set: 16.76ms
[302.631s][info][gc,phases   ] GC(525)   Post Evacuate Collection Set: 0.47ms
[302.631s][info][gc,phases   ] GC(525)   Other: 0.08ms
[302.631s][info][gc,heap     ] GC(525) Eden regions: 135->0(164)
[302.631s][info][gc,heap     ] GC(525) Survivor regions: 15->7(19)
[302.631s][info][gc,heap     ] GC(525) Old regions: 159->126
[302.631s][info][gc,heap     ] GC(525) Humongous regions: 5->4
[302.631s][info][gc,metaspace] GC(525) Metaspace: 42566K(43008K)->42566K(43008K) NonClass: 38227K(38464K)->38227K(38464K) Class: 4339K(4544K)->4339K(4544K)
[302.631s][info][gc          ] GC(525) Pause Young (Mixed) (G1 Evacuation Pause) 314M->136M(479M) 18.002ms
[302.631s][info][gc,cpu      ] GC(525) User=0.03s Sys=0.00s Real=0.02s
[303.266s][info][gc,start    ] GC(526) Pause Young (Mixed) (G1 Evacuation Pause)
[303.266s][info][gc,task     ] GC(526) Using 2 workers of 2 for evacuation
[303.288s][info][gc,phases   ] GC(526)   Pre Evacuate Collection Set: 0.22ms
[303.288s][info][gc,phases   ] GC(526)   Merge Heap Roots: 0.28ms
[303.288s][info][gc,phases   ] GC(526)   Evacuate Collection Set: 20.42ms
[303.288s][info][gc,phases   ] GC(526)   Post Evacuate Collection Set: 0.82ms
[303.288s][info][gc,phases   ] GC(526)   Other: 0.08ms
[303.288s][info][gc,heap     ] GC(526) Eden regions: 164->0(169)
[303.288s][info][gc,heap     ] GC(526) Survivor regions: 7->22(22)
[303.288s][info][gc,heap     ] GC(526) Old regions: 126->120
[303.288s][info][gc,heap     ] GC(526) Humongous regions: 5->4
[303.288s][info][gc,metaspace] GC(526) Metaspace: 42567K(43008K)->42567K(43008K) NonClass: 38227K(38464K)->38227K(38464K) Class: 4339K(4544K)->4339K(4544K)
[303.288s][info][gc          ] GC(526) Pause Young (Mixed) (G1 Evacuation Pause) 301M->145M(479M) 22.066ms
[303.288s][info][gc,cpu      ] GC(526) User=0.04s Sys=0.00s Real=0.02s
[303.854s][info][gc,start    ] GC(527) Pause Young (Normal) (G1 Evacuation Pause)
[303.854s][info][gc,task     ] GC(527) Using 2 workers of 2 for evacuation
[303.868s][info][gc,phases   ] GC(527)   Pre Evacuate Collection Set: 0.25ms
[303.868s][info][gc,phases   ] GC(527)   Merge Heap Roots: 0.07ms
[303.868s][info][gc,phases   ] GC(527)   Evacuate Collection Set: 13.73ms
[303.868s][info][gc,phases   ] GC(527)   Post Evacuate Collection Set: 0.49ms
[303.868s][info][gc,phases   ] GC(527)   Other: 0.08ms
[303.868s][info][gc,heap     ] GC(527) Eden regions: 169->0(181)
[303.868s][info][gc,heap     ] GC(527) Survivor regions: 22->18(24)
[303.868s][info][gc,heap     ] GC(527) Old regions: 120->122
[303.868s][info][gc,heap     ] GC(527) Humongous regions: 6->4
[303.868s][info][gc,metaspace] GC(527) Metaspace: 42567K(43008K)->42567K(43008K) NonClass: 38227K(38464K)->38227K(38464K) Class: 4339K(4544K)->4339K(4544K)
[303.869s][info][gc          ] GC(527) Pause Young (Normal) (G1 Evacuation Pause) 316M->144M(479M) 14.809ms
[303.869s][info][gc,cpu      ] GC(527) User=0.03s Sys=0.00s Real=0.02s
[303.991s][info][gc,start    ] GC(528) Pause Young (Concurrent Start) (G1 Humongous Allocation)
[303.991s][info][gc,task     ] GC(528) Using 2 workers of 2 for evacuation
[304.016s][info][gc,phases   ] GC(528)   Pre Evacuate Collection Set: 0.24ms
[304.016s][info][gc,phases   ] GC(528)   Merge Heap Roots: 0.05ms
[304.016s][info][gc,phases   ] GC(528)   Evacuate Collection Set: 24.04ms
[304.016s][info][gc,phases   ] GC(528)   Post Evacuate Collection Set: 0.44ms
[304.016s][info][gc,phases   ] GC(528)   Other: 0.09ms
[304.016s][info][gc,heap     ] GC(528) Eden regions: 37->0(141)
[304.016s][info][gc,heap     ] GC(528) Survivor regions: 18->23(25)
[304.016s][info][gc,heap     ] GC(528) Old regions: 122->139
[304.016s][info][gc,heap     ] GC(528) Humongous regions: 4->4
[304.016s][info][gc,metaspace] GC(528) Metaspace: 42567K(43008K)->42567K(43008K) NonClass: 38227K(38464K)->38227K(38464K) Class: 4339K(4544K)->4339K(4544K)
[304.016s][info][gc          ] GC(528) Pause Young (Concurrent Start) (G1 Humongous Allocation) 180M->165M(479M) 25.058ms
[304.016s][info][gc          ] GC(529) Concurrent Mark Cycle
[304.016s][info][gc,marking  ] GC(529) Concurrent Scan Root Regions
[304.018s][info][gc,cpu      ] GC(528) User=0.05s Sys=0.00s Real=0.03s
[304.033s][info][gc,marking  ] GC(529) Concurrent Scan Root Regions 16.772ms
[304.033s][info][gc,marking  ] GC(529) Concurrent Mark
[304.033s][info][gc,marking  ] GC(529) Concurrent Mark From Roots
[304.033s][info][gc,task     ] GC(529) Using 1 workers of 1 for marking
[304.111s][info][gc,marking  ] GC(529) Concurrent Mark From Roots 77.416ms
[304.111s][info][gc,marking  ] GC(529) Concurrent Preclean
[304.111s][info][gc,marking  ] GC(529) Concurrent Preclean 0.047ms
[304.111s][info][gc,start    ] GC(529) Pause Remark
[304.126s][info][gc          ] GC(529) Pause Remark 188M->155M(447M) 15.110ms
[304.126s][info][gc,cpu      ] GC(529) User=0.03s Sys=0.00s Real=0.02s
[304.126s][info][gc,marking  ] GC(529) Concurrent Mark 92.900ms
[304.126s][info][gc,marking  ] GC(529) Concurrent Rebuild Remembered Sets and Scrub Regions
[304.174s][info][gc,marking  ] GC(529) Concurrent Rebuild Remembered Sets and Scrub Regions 48.055ms
[304.174s][info][gc,start    ] GC(529) Pause Cleanup
[304.174s][info][gc          ] GC(529) Pause Cleanup 166M->166M(447M) 0.058ms
[304.174s][info][gc,cpu      ] GC(529) User=0.00s Sys=0.00s Real=0.00s
[304.174s][info][gc,marking  ] GC(529) Concurrent Clear Claimed Marks
[304.174s][info][gc,marking  ] GC(529) Concurrent Clear Claimed Marks 0.039ms
[304.174s][info][gc,marking  ] GC(529) Concurrent Cleanup for Next Mark
[304.176s][info][gc,marking  ] GC(529) Concurrent Cleanup for Next Mark 1.309ms
[304.176s][info][gc          ] GC(529) Concurrent Mark Cycle 159.436ms
[304.555s][info][gc,start    ] GC(530) Pause Young (Prepare Mixed) (G1 Evacuation Pause)
[304.555s][info][gc,task     ] GC(530) Using 2 workers of 2 for evacuation
[304.596s][info][gc,phases   ] GC(530)   Pre Evacuate Collection Set: 0.21ms
[304.596s][info][gc,phases   ] GC(530)   Merge Heap Roots: 0.20ms
[304.596s][info][gc,phases   ] GC(530)   Evacuate Collection Set: 39.52ms
[304.596s][info][gc,phases   ] GC(530)   Post Evacuate Collection Set: 0.49ms
[304.596s][info][gc,phases   ] GC(530)   Other: 0.09ms
[304.596s][info][gc,heap     ] GC(530) Eden regions: 141->0(136)
[304.596s][info][gc,heap     ] GC(530) Survivor regions: 23->21(21)
[304.596s][info][gc,heap     ] GC(530) Old regions: 107->138
[304.596s][info][gc,heap     ] GC(530) Humongous regions: 5->4
[304.596s][info][gc,metaspace] GC(530) Metaspace: 42567K(43008K)->42567K(43008K) NonClass: 38227K(38464K)->38227K(38464K) Class: 4339K(4544K)->4339K(4544K)
[304.596s][info][gc          ] GC(530) Pause Young (Prepare Mixed) (G1 Evacuation Pause) 275M->162M(447M) 40.717ms
[304.596s][info][gc,cpu      ] GC(530) User=0.08s Sys=0.00s Real=0.04s
[305.058s][info][gc,start    ] GC(531) Pause Young (Mixed) (G1 Evacuation Pause)
[305.058s][info][gc,task     ] GC(531) Using 2 workers of 2 for evacuation
[305.120s][info][gc,phases   ] GC(531)   Pre Evacuate Collection Set: 0.22ms
[305.120s][info][gc,phases   ] GC(531)   Merge Heap Roots: 0.37ms
[305.120s][info][gc,phases   ] GC(531)   Evacuate Collection Set: 60.46ms
[305.120s][info][gc,phases   ] GC(531)   Post Evacuate Collection Set: 1.33ms
[305.120s][info][gc,phases   ] GC(531)   Other: 0.17ms
[305.120s][info][gc,heap     ] GC(531) Eden regions: 136->0(163)
[305.120s][info][gc,heap     ] GC(531) Survivor regions: 21->20(20)
[305.120s][info][gc,heap     ] GC(531) Old regions: 138->164
[305.121s][info][gc,heap     ] GC(531) Humongous regions: 6->6
[305.121s][info][gc,metaspace] GC(531) Metaspace: 42567K(43008K)->42567K(43008K) NonClass: 38227K(38464K)->38227K(38464K) Class: 4339K(4544K)->4339K(4544K)
[305.121s][info][gc          ] GC(531) Pause Young (Mixed) (G1 Evacuation Pause) 300M->189M(541M) 62.738ms
[305.121s][info][gc,cpu      ] GC(531) User=0.12s Sys=0.00s Real=0.06s
[305.698s][info][gc,start    ] GC(532) Pause Young (Normal) (G1 Evacuation Pause)
[305.698s][info][gc,task     ] GC(532) Using 2 workers of 2 for evacuation
[305.727s][info][gc,phases   ] GC(532)   Pre Evacuate Collection Set: 0.32ms
[305.727s][info][gc,phases   ] GC(532)   Merge Heap Roots: 0.23ms
[305.727s][info][gc,phases   ] GC(532)   Evacuate Collection Set: 27.78ms
[305.727s][info][gc,phases   ] GC(532)   Post Evacuate Collection Set: 0.50ms
[305.727s][info][gc,phases   ] GC(532)   Other: 0.10ms
[305.727s][info][gc,heap     ] GC(532) Eden regions: 163->0(166)
[305.727s][info][gc,heap     ] GC(532) Survivor regions: 20->21(23)
[305.727s][info][gc,heap     ] GC(532) Old regions: 164->184
[305.727s][info][gc,heap     ] GC(532) Humongous regions: 8->6
[305.727s][info][gc,metaspace] GC(532) Metaspace: 42568K(43008K)->42568K(43008K) NonClass: 38229K(38464K)->38229K(38464K) Class: 4339K(4544K)->4339K(4544K)
[305.727s][info][gc          ] GC(532) Pause Young (Normal) (G1 Evacuation Pause) 354M->210M(541M) 29.141ms
[305.728s][info][gc,cpu      ] GC(532) User=0.06s Sys=0.00s Real=0.03s
[306.248s][info][gc,start    ] GC(533) Pause Young (Concurrent Start) (G1 Evacuation Pause)
[306.248s][info][gc,task     ] GC(533) Using 2 workers of 2 for evacuation
[306.262s][info][gc,phases   ] GC(533)   Pre Evacuate Collection Set: 0.25ms
[306.262s][info][gc,phases   ] GC(533)   Merge Heap Roots: 0.10ms
[306.262s][info][gc,phases   ] GC(533)   Evacuate Collection Set: 13.40ms
[306.262s][info][gc,phases   ] GC(533)   Post Evacuate Collection Set: 0.43ms
[306.262s][info][gc,phases   ] GC(533)   Other: 0.09ms
[306.262s][info][gc,heap     ] GC(533) Eden regions: 166->0(182)
[306.262s][info][gc,heap     ] GC(533) Survivor regions: 21->2(24)
[306.262s][info][gc,heap     ] GC(533) Old regions: 184->204
[306.262s][info][gc,heap     ] GC(533) Humongous regions: 6->6
[306.263s][info][gc,metaspace] GC(533) Metaspace: 42568K(43008K)->42568K(43008K) NonClass: 38229K(38464K)->38229K(38464K) Class: 4339K(4544K)->4339K(4544K)
[306.263s][info][gc          ] GC(533) Pause Young (Concurrent Start) (G1 Evacuation Pause) 376M->211M(541M) 14.460ms
[306.263s][info][gc,cpu      ] GC(533) User=0.03s Sys=0.00s Real=0.01s
[306.263s][info][gc          ] GC(534) Concurrent Mark Cycle
[306.263s][info][gc,marking  ] GC(534) Concurrent Scan Root Regions
[306.273s][info][gc,marking  ] GC(534) Concurrent Scan Root Regions 9.889ms
[306.273s][info][gc,marking  ] GC(534) Concurrent Mark
[306.273s][info][gc,marking  ] GC(534) Concurrent Mark From Roots
[306.273s][info][gc,task     ] GC(534) Using 1 workers of 1 for marking
[306.368s][info][gc,marking  ] GC(534) Concurrent Mark From Roots 95.024ms
[306.368s][info][gc,marking  ] GC(534) Concurrent Preclean
[306.368s][info][gc,marking  ] GC(534) Concurrent Preclean 0.040ms
[306.368s][info][gc,start    ] GC(534) Pause Remark
[306.383s][info][gc          ] GC(534) Pause Remark 242M->177M(490M) 15.064ms
[306.383s][info][gc,cpu      ] GC(534) User=0.03s Sys=0.00s Real=0.01s
[306.383s][info][gc,marking  ] GC(534) Concurrent Mark 110.416ms
[306.383s][info][gc,marking  ] GC(534) Concurrent Rebuild Remembered Sets and Scrub Regions
[306.431s][info][gc,marking  ] GC(534) Concurrent Rebuild Remembered Sets and Scrub Regions 47.583ms
[306.431s][info][gc,start    ] GC(534) Pause Cleanup
[306.431s][info][gc          ] GC(534) Pause Cleanup 190M->190M(490M) 0.059ms
[306.431s][info][gc,cpu      ] GC(534) User=0.00s Sys=0.00s Real=0.00s
[306.431s][info][gc,marking  ] GC(534) Concurrent Clear Claimed Marks
[306.431s][info][gc,marking  ] GC(534) Concurrent Clear Claimed Marks 0.054ms
[306.431s][info][gc,marking  ] GC(534) Concurrent Cleanup for Next Mark
[306.433s][info][gc,marking  ] GC(534) Concurrent Cleanup for Next Mark 1.902ms
[306.433s][info][gc          ] GC(534) Concurrent Mark Cycle 170.298ms
[306.840s][info][gc,start    ] GC(535) Pause Young (Prepare Mixed) (G1 Evacuation Pause)
[306.840s][info][gc,task     ] GC(535) Using 2 workers of 2 for evacuation
[306.843s][info][gc,phases   ] GC(535)   Pre Evacuate Collection Set: 0.22ms
[306.843s][info][gc,phases   ] GC(535)   Merge Heap Roots: 0.08ms
[306.843s][info][gc,phases   ] GC(535)   Evacuate Collection Set: 1.92ms
[306.843s][info][gc,phases   ] GC(535)   Post Evacuate Collection Set: 0.44ms
[306.843s][info][gc,phases   ] GC(535)   Other: 0.07ms
[306.843s][info][gc,heap     ] GC(535) Eden regions: 182->0(207)
[306.843s][info][gc,heap     ] GC(535) Survivor regions: 2->2(23)
[306.843s][info][gc,heap     ] GC(535) Old regions: 141->141
[306.843s][info][gc,heap     ] GC(535) Humongous regions: 5->4
[306.843s][info][gc,metaspace] GC(535) Metaspace: 42569K(43008K)->42569K(43008K) NonClass: 38230K(38464K)->38230K(38464K) Class: 4339K(4544K)->4339K(4544K)
[306.843s][info][gc          ] GC(535) Pause Young (Prepare Mixed) (G1 Evacuation Pause) 329M->146M(490M) 2.910ms
[306.843s][info][gc,cpu      ] GC(535) User=0.01s Sys=0.00s Real=0.00s
[307.331s][info][gc,start    ] GC(536) Pause Young (Mixed) (G1 Evacuation Pause)
[307.331s][info][gc,task     ] GC(536) Using 2 workers of 2 for evacuation
[307.340s][info][gc,phases   ] GC(536)   Pre Evacuate Collection Set: 0.24ms
[307.340s][info][gc,phases   ] GC(536)   Merge Heap Roots: 0.14ms
[307.340s][info][gc,phases   ] GC(536)   Evacuate Collection Set: 7.49ms
[307.340s][info][gc,phases   ] GC(536)   Post Evacuate Collection Set: 0.48ms
[307.340s][info][gc,phases   ] GC(536)   Other: 0.07ms
[307.340s][info][gc,heap     ] GC(536) Eden regions: 207->0(238)
[307.340s][info][gc,heap     ] GC(536) Survivor regions: 2->5(27)
[307.340s][info][gc,heap     ] GC(536) Old regions: 141->111
[307.340s][info][gc,heap     ] GC(536) Humongous regions: 4->2
[307.340s][info][gc,metaspace] GC(536) Metaspace: 42569K(43008K)->42569K(43008K) NonClass: 38230K(38464K)->38230K(38464K) Class: 4339K(4544K)->4339K(4544K)
[307.340s][info][gc          ] GC(536) Pause Young (Mixed) (G1 Evacuation Pause) 353M->116M(490M) 8.599ms
[307.340s][info][gc,cpu      ] GC(536) User=0.02s Sys=0.00s Real=0.01s
[307.776s][info][gc,start    ] GC(537) Pause Young (Concurrent Start) (G1 Humongous Allocation)
[307.776s][info][gc,task     ] GC(537) Using 2 workers of 2 for evacuation
[307.780s][info][gc,phases   ] GC(537)   Pre Evacuate Collection Set: 0.24ms
[307.780s][info][gc,phases   ] GC(537)   Merge Heap Roots: 0.07ms
[307.780s][info][gc,phases   ] GC(537)   Evacuate Collection Set: 2.86ms
[307.780s][info][gc,phases   ] GC(537)   Post Evacuate Collection Set: 0.46ms
[307.780s][info][gc,phases   ] GC(537)   Other: 0.09ms
[307.780s][info][gc,heap     ] GC(537) Eden regions: 238->0(256)
[307.780s][info][gc,heap     ] GC(537) Survivor regions: 5->4(31)
[307.780s][info][gc,heap     ] GC(537) Old regions: 111->111
[307.780s][info][gc,heap     ] GC(537) Humongous regions: 2->2
[307.780s][info][gc,metaspace] GC(537) Metaspace: 42569K(43008K)->42569K(43008K) NonClass: 38230K(38464K)->38230K(38464K) Class: 4339K(4544K)->4339K(4544K)
[307.780s][info][gc          ] GC(537) Pause Young (Concurrent Start) (G1 Humongous Allocation) 354M->115M(490M) 3.915ms
[307.780s][info][gc,cpu      ] GC(537) User=0.01s Sys=0.00s Real=0.00s
[307.780s][info][gc          ] GC(538) Concurrent Mark Cycle
[307.780s][info][gc,marking  ] GC(538) Concurrent Scan Root Regions
[307.782s][info][gc,marking  ] GC(538) Concurrent Scan Root Regions 2.004ms
[307.782s][info][gc,marking  ] GC(538) Concurrent Mark
[307.782s][info][gc,marking  ] GC(538) Concurrent Mark From Roots
[307.782s][info][gc,task     ] GC(538) Using 1 workers of 1 for marking
[307.889s][info][gc,marking  ] GC(538) Concurrent Mark From Roots 106.979ms
[307.889s][info][gc,marking  ] GC(538) Concurrent Preclean
[307.889s][info][gc,marking  ] GC(538) Concurrent Preclean 0.044ms
[307.890s][info][gc,start    ] GC(538) Pause Remark
[307.909s][info][gc          ] GC(538) Pause Remark 144M->117M(307M) 19.449ms
[307.909s][info][gc,cpu      ] GC(538) User=0.03s Sys=0.00s Real=0.02s
[307.909s][info][gc,marking  ] GC(538) Concurrent Mark 126.799ms
[307.909s][info][gc,marking  ] GC(538) Concurrent Rebuild Remembered Sets and Scrub Regions
[307.945s][info][gc,marking  ] GC(538) Concurrent Rebuild Remembered Sets and Scrub Regions 35.976ms
[307.945s][info][gc,start    ] GC(538) Pause Cleanup
[307.945s][info][gc          ] GC(538) Pause Cleanup 124M->124M(307M) 0.053ms
[307.945s][info][gc,cpu      ] GC(538) User=0.00s Sys=0.00s Real=0.00s
[307.945s][info][gc,marking  ] GC(538) Concurrent Clear Claimed Marks
[307.945s][info][gc,marking  ] GC(538) Concurrent Clear Claimed Marks 0.036ms
[307.945s][info][gc,marking  ] GC(538) Concurrent Cleanup for Next Mark
[307.946s][info][gc,marking  ] GC(538) Concurrent Cleanup for Next Mark 0.936ms
[307.946s][info][gc          ] GC(538) Concurrent Mark Cycle 166.123ms
[308.439s][info][gc,start    ] GC(539) Pause Young (Prepare Mixed) (G1 Evacuation Pause)
[308.439s][info][gc,task     ] GC(539) Using 2 workers of 2 for evacuation
[308.452s][info][gc,phases   ] GC(539)   Pre Evacuate Collection Set: 0.33ms
[308.452s][info][gc,phases   ] GC(539)   Merge Heap Roots: 0.08ms
[308.452s][info][gc,phases   ] GC(539)   Evacuate Collection Set: 11.72ms
[308.452s][info][gc,phases   ] GC(539)   Post Evacuate Collection Set: 1.03ms
[308.452s][info][gc,phases   ] GC(539)   Other: 0.09ms
[308.452s][info][gc,heap     ] GC(539) Eden regions: 83->0(255)
[308.452s][info][gc,heap     ] GC(539) Survivor regions: 4->9(32)
[308.452s][info][gc,heap     ] GC(539) Old regions: 85->85
[308.452s][info][gc,heap     ] GC(539) Humongous regions: 271->3
[308.452s][info][gc,metaspace] GC(539) Metaspace: 42571K(43008K)->42571K(43008K) NonClass: 38232K(38464K)->38232K(38464K) Class: 4339K(4544K)->4339K(4544K)
[308.452s][info][gc          ] GC(539) Pause Young (Prepare Mixed) (G1 Evacuation Pause) 441M->95M(452M) 13.441ms
[308.452s][info][gc,cpu      ] GC(539) User=0.02s Sys=0.00s Real=0.01s
[309.098s][info][gc,start    ] GC(540) Pause Young (Mixed) (G1 Evacuation Pause)
[309.098s][info][gc,task     ] GC(540) Using 2 workers of 2 for evacuation
[309.127s][info][gc,phases   ] GC(540)   Pre Evacuate Collection Set: 0.29ms
[309.127s][info][gc,phases   ] GC(540)   Merge Heap Roots: 0.24ms
[309.127s][info][gc,phases   ] GC(540)   Evacuate Collection Set: 27.99ms
[309.127s][info][gc,phases   ] GC(540)   Post Evacuate Collection Set: 1.04ms
[309.127s][info][gc,phases   ] GC(540)   Other: 0.07ms
[309.127s][info][gc,heap     ] GC(540) Eden regions: 67->0(328)
[309.127s][info][gc,heap     ] GC(540) Survivor regions: 9->15(33)
[309.127s][info][gc,heap     ] GC(540) Old regions: 85->64
[309.127s][info][gc,heap     ] GC(540) Humongous regions: 395->3
[309.127s][info][gc,metaspace] GC(540) Metaspace: 42571K(43008K)->42571K(43008K) NonClass: 38232K(38464K)->38232K(38464K) Class: 4339K(4544K)->4339K(4544K)
[309.127s][info][gc          ] GC(540) Pause Young (Mixed) (G1 Evacuation Pause) 554M->80M(573M) 29.843ms
[309.127s][info][gc,cpu      ] GC(540) User=0.05s Sys=0.01s Real=0.03s
[309.211s][info][gc,start    ] GC(541) Pause Young (Concurrent Start) (G1 Humongous Allocation)
[309.211s][info][gc,task     ] GC(541) Using 2 workers of 2 for evacuation
[309.225s][info][gc,phases   ] GC(541)   Pre Evacuate Collection Set: 0.28ms
[309.225s][info][gc,phases   ] GC(541)   Merge Heap Roots: 0.05ms
[309.225s][info][gc,phases   ] GC(541)   Evacuate Collection Set: 13.06ms
[309.225s][info][gc,phases   ] GC(541)   Post Evacuate Collection Set: 0.67ms
[309.225s][info][gc,phases   ] GC(541)   Other: 0.13ms
[309.225s][info][gc,heap     ] GC(541) Eden regions: 10->0(327)
[309.225s][info][gc,heap     ] GC(541) Survivor regions: 15->16(43)
[309.225s][info][gc,heap     ] GC(541) Old regions: 64->64
[309.225s][info][gc,heap     ] GC(541) Humongous regions: 65->1
[309.225s][info][gc,metaspace] GC(541) Metaspace: 42571K(43008K)->42571K(43008K) NonClass: 38232K(38464K)->38232K(38464K) Class: 4339K(4544K)->4339K(4544K)
[309.225s][info][gc          ] GC(541) Pause Young (Concurrent Start) (G1 Humongous Allocation) 151M->78M(573M) 14.431ms
[309.225s][info][gc,cpu      ] GC(541) User=0.03s Sys=0.01s Real=0.02s
[309.225s][info][gc          ] GC(542) Concurrent Undo Cycle
[309.225s][info][gc,marking  ] GC(542) Concurrent Clear Claimed Marks
[309.225s][info][gc,marking  ] GC(542) Concurrent Clear Claimed Marks 0.040ms
[309.225s][info][gc,marking  ] GC(542) Concurrent Cleanup for Next Mark
[309.225s][info][gc,marking  ] GC(542) Concurrent Cleanup for Next Mark 0.245ms
[309.225s][info][gc          ] GC(542) Concurrent Undo Cycle 0.365ms
[309.229s][info][gc,start    ] GC(543) Pause Young (Concurrent Start) (G1 Humongous Allocation)
[309.229s][info][gc,task     ] GC(543) Using 2 workers of 2 for evacuation
[309.242s][info][gc,phases   ] GC(543)   Pre Evacuate Collection Set: 0.23ms
[309.242s][info][gc,phases   ] GC(543)   Merge Heap Roots: 0.05ms
[309.242s][info][gc,phases   ] GC(543)   Evacuate Collection Set: 12.87ms
[309.242s][info][gc,phases   ] GC(543)   Post Evacuate Collection Set: 0.36ms
[309.242s][info][gc,phases   ] GC(543)   Other: 0.08ms
[309.242s][info][gc,heap     ] GC(543) Eden regions: 1->0(328)
[309.242s][info][gc,heap     ] GC(543) Survivor regions: 16->15(43)
[309.242s][info][gc,heap     ] GC(543) Old regions: 64->64
[309.242s][info][gc,heap     ] GC(543) Humongous regions: 3->1
[309.242s][info][gc,metaspace] GC(543) Metaspace: 42571K(43008K)->42571K(43008K) NonClass: 38232K(38464K)->38232K(38464K) Class: 4339K(4544K)->4339K(4544K)
[309.242s][info][gc          ] GC(543) Pause Young (Concurrent Start) (G1 Humongous Allocation) 81M->78M(573M) 13.740ms
[309.243s][info][gc,cpu      ] GC(543) User=0.03s Sys=0.00s Real=0.01s
[309.243s][info][gc          ] GC(544) Concurrent Mark Cycle
[309.243s][info][gc,marking  ] GC(544) Concurrent Scan Root Regions
[309.252s][info][gc,marking  ] GC(544) Concurrent Scan Root Regions 9.362ms
[309.252s][info][gc,marking  ] GC(544) Concurrent Mark
[309.252s][info][gc,marking  ] GC(544) Concurrent Mark From Roots
[309.252s][info][gc,task     ] GC(544) Using 1 workers of 1 for marking
[309.322s][info][gc,marking  ] GC(544) Concurrent Mark From Roots 70.374ms
[309.322s][info][gc,marking  ] GC(544) Concurrent Preclean
[309.322s][info][gc,marking  ] GC(544) Concurrent Preclean 0.040ms
[309.323s][info][gc,start    ] GC(544) Pause Remark
[309.338s][info][gc          ] GC(544) Pause Remark 137M->137M(434M) 15.245ms
[309.338s][info][gc,cpu      ] GC(544) User=0.03s Sys=0.00s Real=0.02s
[309.338s][info][gc,marking  ] GC(544) Concurrent Mark 85.997ms
[309.338s][info][gc,marking  ] GC(544) Concurrent Rebuild Remembered Sets and Scrub Regions
[309.382s][info][gc,marking  ] GC(544) Concurrent Rebuild Remembered Sets and Scrub Regions 44.170ms
[309.383s][info][gc,start    ] GC(544) Pause Cleanup
[309.383s][info][gc          ] GC(544) Pause Cleanup 174M->174M(434M) 0.063ms
[309.383s][info][gc,cpu      ] GC(544) User=0.00s Sys=0.00s Real=0.00s
[309.383s][info][gc,marking  ] GC(544) Concurrent Clear Claimed Marks
[309.383s][info][gc,marking  ] GC(544) Concurrent Clear Claimed Marks 0.042ms
[309.383s][info][gc,marking  ] GC(544) Concurrent Cleanup for Next Mark
[309.385s][info][gc,marking  ] GC(544) Concurrent Cleanup for Next Mark 2.645ms
[309.385s][info][gc          ] GC(544) Concurrent Mark Cycle 142.840ms
[309.858s][info][gc,start    ] GC(545) Pause Young (Prepare Mixed) (G1 Evacuation Pause)
[309.858s][info][gc,task     ] GC(545) Using 2 workers of 2 for evacuation
[309.896s][info][gc,phases   ] GC(545)   Pre Evacuate Collection Set: 0.25ms
[309.896s][info][gc,phases   ] GC(545)   Merge Heap Roots: 0.07ms
[309.896s][info][gc,phases   ] GC(545)   Evacuate Collection Set: 35.86ms
[309.896s][info][gc,phases   ] GC(545)   Post Evacuate Collection Set: 1.21ms
[309.896s][info][gc,phases   ] GC(545)   Other: 0.07ms
[309.896s][info][gc,heap     ] GC(545) Eden regions: 68->0(286)
[309.896s][info][gc,heap     ] GC(545) Survivor regions: 15->26(36)
[309.896s][info][gc,heap     ] GC(545) Old regions: 64->64
[309.896s][info][gc,heap     ] GC(545) Humongous regions: 347->3
[309.896s][info][gc,metaspace] GC(545) Metaspace: 42571K(43008K)->42571K(43008K) NonClass: 38232K(38464K)->38232K(38464K) Class: 4339K(4544K)->4339K(4544K)
[309.896s][info][gc          ] GC(545) Pause Young (Prepare Mixed) (G1 Evacuation Pause) 492M->91M(520M) 37.706ms
[309.896s][info][gc,cpu      ] GC(545) User=0.06s Sys=0.02s Real=0.04s
[310.605s][info][gc,start    ] GC(546) Pause Young (Mixed) (G1 Evacuation Pause)
[310.605s][info][gc,task     ] GC(546) Using 2 workers of 2 for evacuation
[310.620s][info][gc,phases   ] GC(546)   Pre Evacuate Collection Set: 0.27ms
[310.620s][info][gc,phases   ] GC(546)   Merge Heap Roots: 0.16ms
[310.620s][info][gc,phases   ] GC(546)   Evacuate Collection Set: 13.74ms
[310.620s][info][gc,phases   ] GC(546)   Post Evacuate Collection Set: 0.75ms
[310.620s][info][gc,phases   ] GC(546)   Other: 0.08ms
[310.620s][info][gc,heap     ] GC(546) Eden regions: 127->0(312)
[310.620s][info][gc,heap     ] GC(546) Survivor regions: 26->5(39)
[310.620s][info][gc,heap     ] GC(546) Old regions: 64->62
[310.620s][info][gc,heap     ] GC(546) Humongous regions: 303->1
[310.620s][info][gc,metaspace] GC(546) Metaspace: 42573K(43008K)->42573K(43008K) NonClass: 38233K(38464K)->38233K(38464K) Class: 4339K(4544K)->4339K(4544K)
[310.620s][info][gc          ] GC(546) Pause Young (Mixed) (G1 Evacuation Pause) 518M->67M(529M) 15.195ms
[310.620s][info][gc,cpu      ] GC(546) User=0.02s Sys=0.00s Real=0.01s
[310.709s][info][gc,start    ] GC(547) Pause Young (Concurrent Start) (G1 Humongous Allocation)
[310.709s][info][gc,task     ] GC(547) Using 2 workers of 2 for evacuation
[310.714s][info][gc,phases   ] GC(547)   Pre Evacuate Collection Set: 0.21ms
[310.714s][info][gc,phases   ] GC(547)   Merge Heap Roots: 0.06ms
[310.714s][info][gc,phases   ] GC(547)   Evacuate Collection Set: 4.44ms
[310.714s][info][gc,phases   ] GC(547)   Post Evacuate Collection Set: 0.45ms
[310.714s][info][gc,phases   ] GC(547)   Other: 0.09ms
[310.714s][info][gc,heap     ] GC(547) Eden regions: 36->0(310)
[310.714s][info][gc,heap     ] GC(547) Survivor regions: 5->7(40)
[310.714s][info][gc,heap     ] GC(547) Old regions: 62->62
[310.714s][info][gc,heap     ] GC(547) Humongous regions: 1->1
[310.714s][info][gc,metaspace] GC(547) Metaspace: 42589K(43008K)->42589K(43008K) NonClass: 38250K(38464K)->38250K(38464K) Class: 4339K(4544K)->4339K(4544K)
[310.714s][info][gc          ] GC(547) Pause Young (Concurrent Start) (G1 Humongous Allocation) 102M->68M(529M) 5.426ms
[310.714s][info][gc,cpu      ] GC(547) User=0.01s Sys=0.00s Real=0.00s
[310.715s][info][gc          ] GC(548) Concurrent Mark Cycle
[310.715s][info][gc,marking  ] GC(548) Concurrent Scan Root Regions
[310.721s][info][gc,marking  ] GC(548) Concurrent Scan Root Regions 6.037ms
[310.721s][info][gc,marking  ] GC(548) Concurrent Mark
[310.721s][info][gc,marking  ] GC(548) Concurrent Mark From Roots
[310.721s][info][gc,task     ] GC(548) Using 1 workers of 1 for marking
[310.823s][info][gc,marking  ] GC(548) Concurrent Mark From Roots 102.715ms
[310.823s][info][gc,marking  ] GC(548) Concurrent Preclean
[310.823s][info][gc,marking  ] GC(548) Concurrent Preclean 0.091ms
[310.824s][info][gc,start    ] GC(548) Pause Remark
[310.840s][info][gc          ] GC(548) Pause Remark 113M->108M(256M) 15.642ms
[310.840s][info][gc,cpu      ] GC(548) User=0.03s Sys=0.00s Real=0.02s
[310.840s][info][gc,marking  ] GC(548) Concurrent Mark 119.206ms
[310.840s][info][gc,marking  ] GC(548) Concurrent Rebuild Remembered Sets and Scrub Regions
[310.877s][info][gc,marking  ] GC(548) Concurrent Rebuild Remembered Sets and Scrub Regions 37.081ms
[310.877s][info][gc,start    ] GC(548) Pause Cleanup
[310.877s][info][gc          ] GC(548) Pause Cleanup 120M->120M(256M) 0.048ms
[310.877s][info][gc,cpu      ] GC(548) User=0.00s Sys=0.00s Real=0.00s
[310.879s][info][gc,marking  ] GC(548) Concurrent Clear Claimed Marks
[310.879s][info][gc,marking  ] GC(548) Concurrent Clear Claimed Marks 0.066ms
[310.879s][info][gc,marking  ] GC(548) Concurrent Cleanup for Next Mark
[310.880s][info][gc,marking  ] GC(548) Concurrent Cleanup for Next Mark 1.048ms
[310.880s][info][gc          ] GC(548) Concurrent Mark Cycle 165.557ms
[311.135s][info][gc,start    ] GC(549) Pause Young (Prepare Mixed) (G1 Evacuation Pause)
[311.135s][info][gc,task     ] GC(549) Using 2 workers of 2 for evacuation
[311.145s][info][gc,phases   ] GC(549)   Pre Evacuate Collection Set: 0.17ms
[311.145s][info][gc,phases   ] GC(549)   Merge Heap Roots: 0.08ms
[311.145s][info][gc,phases   ] GC(549)   Evacuate Collection Set: 8.73ms
[311.145s][info][gc,phases   ] GC(549)   Post Evacuate Collection Set: 0.78ms
[311.145s][info][gc,phases   ] GC(549)   Other: 0.09ms
[311.145s][info][gc,heap     ] GC(549) Eden regions: 146->0(143)
[311.145s][info][gc,heap     ] GC(549) Survivor regions: 7->10(20)
[311.145s][info][gc,heap     ] GC(549) Old regions: 57->57
[311.145s][info][gc,heap     ] GC(549) Humongous regions: 13->1
[311.145s][info][gc,metaspace] GC(549) Metaspace: 42665K(43072K)->42665K(43072K) NonClass: 38326K(38528K)->38326K(38528K) Class: 4339K(4544K)->4339K(4544K)
[311.145s][info][gc          ] GC(549) Pause Young (Prepare Mixed) (G1 Evacuation Pause) 221M->66M(256M) 10.063ms
[311.145s][info][gc,cpu      ] GC(549) User=0.02s Sys=0.00s Real=0.01s
[311.499s][info][gc,start    ] GC(550) Pause Young (Mixed) (G1 Evacuation Pause)
[311.499s][info][gc,task     ] GC(550) Using 2 workers of 2 for evacuation
[311.507s][info][gc,phases   ] GC(550)   Pre Evacuate Collection Set: 0.28ms
[311.507s][info][gc,phases   ] GC(550)   Merge Heap Roots: 0.09ms
[311.507s][info][gc,phases   ] GC(550)   Evacuate Collection Set: 7.77ms
[311.507s][info][gc,phases   ] GC(550)   Post Evacuate Collection Set: 0.46ms
[311.507s][info][gc,phases   ] GC(550)   Other: 0.08ms
[311.507s][info][gc,heap     ] GC(550) Eden regions: 143->0(143)
[311.507s][info][gc,heap     ] GC(550) Survivor regions: 10->10(20)
[311.507s][info][gc,heap     ] GC(550) Old regions: 57->53
[311.507s][info][gc,heap     ] GC(550) Humongous regions: 1->1
[311.507s][info][gc,metaspace] GC(550) Metaspace: 42667K(43072K)->42667K(43072K) NonClass: 38328K(38528K)->38328K(38528K) Class: 4339K(4544K)->4339K(4544K)
[311.507s][info][gc          ] GC(550) Pause Young (Mixed) (G1 Evacuation Pause) 209M->62M(256M) 8.870ms
[311.508s][info][gc,cpu      ] GC(550) User=0.02s Sys=0.00s Real=0.01s
[311.848s][info][gc,start    ] GC(551) Pause Young (Concurrent Start) (G1 Evacuation Pause)
[311.848s][info][gc,task     ] GC(551) Using 2 workers of 2 for evacuation
[311.854s][info][gc,phases   ] GC(551)   Pre Evacuate Collection Set: 0.17ms
[311.854s][info][gc,phases   ] GC(551)   Merge Heap Roots: 0.07ms
[311.854s][info][gc,phases   ] GC(551)   Evacuate Collection Set: 5.73ms
[311.854s][info][gc,phases   ] GC(551)   Post Evacuate Collection Set: 0.60ms
[311.854s][info][gc,phases   ] GC(551)   Other: 0.10ms
[311.854s][info][gc,heap     ] GC(551) Eden regions: 143->0(145)
[311.854s][info][gc,heap     ] GC(551) Survivor regions: 10->8(20)
[311.854s][info][gc,heap     ] GC(551) Old regions: 53->53
[311.854s][info][gc,heap     ] GC(551) Humongous regions: 1->1
[311.854s][info][gc,metaspace] GC(551) Metaspace: 42667K(43072K)->42667K(43072K) NonClass: 38328K(38528K)->38328K(38528K) Class: 4339K(4544K)->4339K(4544K)
[311.854s][info][gc          ] GC(551) Pause Young (Concurrent Start) (G1 Evacuation Pause) 205M->60M(256M) 6.860ms
[311.854s][info][gc          ] GC(552) Concurrent Mark Cycle
[311.854s][info][gc,marking  ] GC(552) Concurrent Scan Root Regions
[311.857s][info][gc,cpu      ] GC(551) User=0.01s Sys=0.00s Real=0.01s
[311.860s][info][gc,marking  ] GC(552) Concurrent Scan Root Regions 5.959ms
[311.860s][info][gc,marking  ] GC(552) Concurrent Mark
[311.860s][info][gc,marking  ] GC(552) Concurrent Mark From Roots
[311.860s][info][gc,task     ] GC(552) Using 1 workers of 1 for marking
[311.936s][info][gc,marking  ] GC(552) Concurrent Mark From Roots 75.415ms
[311.936s][info][gc,marking  ] GC(552) Concurrent Preclean
[311.936s][info][gc,marking  ] GC(552) Concurrent Preclean 0.095ms
[311.936s][info][gc,start    ] GC(552) Pause Remark
[311.952s][info][gc          ] GC(552) Pause Remark 92M->92M(256M) 15.953ms
[311.952s][info][gc,cpu      ] GC(552) User=0.03s Sys=0.00s Real=0.01s
[311.953s][info][gc,marking  ] GC(552) Concurrent Mark 92.473ms
[311.953s][info][gc,marking  ] GC(552) Concurrent Rebuild Remembered Sets and Scrub Regions
[311.983s][info][gc,marking  ] GC(552) Concurrent Rebuild Remembered Sets and Scrub Regions 30.175ms
[311.983s][info][gc,start    ] GC(552) Pause Cleanup
[311.983s][info][gc          ] GC(552) Pause Cleanup 101M->101M(256M) 0.063ms
[311.983s][info][gc,cpu      ] GC(552) User=0.00s Sys=0.00s Real=0.00s
[311.983s][info][gc,marking  ] GC(552) Concurrent Clear Claimed Marks
[311.983s][info][gc,marking  ] GC(552) Concurrent Clear Claimed Marks 0.041ms
[311.983s][info][gc,marking  ] GC(552) Concurrent Cleanup for Next Mark
[311.984s][info][gc,marking  ] GC(552) Concurrent Cleanup for Next Mark 0.784ms
[311.984s][info][gc          ] GC(552) Concurrent Mark Cycle 129.829ms
[312.242s][info][gc,start    ] GC(553) Pause Young (Prepare Mixed) (G1 Evacuation Pause)
[312.242s][info][gc,task     ] GC(553) Using 2 workers of 2 for evacuation
[312.249s][info][gc,phases   ] GC(553)   Pre Evacuate Collection Set: 0.16ms
[312.249s][info][gc,phases   ] GC(553)   Merge Heap Roots: 0.08ms
[312.249s][info][gc,phases   ] GC(553)   Evacuate Collection Set: 6.10ms
[312.249s][info][gc,phases   ] GC(553)   Post Evacuate Collection Set: 0.59ms
[312.249s][info][gc,phases   ] GC(553)   Other: 0.09ms
[312.249s][info][gc,heap     ] GC(553) Eden regions: 145->0(144)
[312.249s][info][gc,heap     ] GC(553) Survivor regions: 8->9(20)
[312.249s][info][gc,heap     ] GC(553) Old regions: 53->53
[312.249s][info][gc,heap     ] GC(553) Humongous regions: 1->1
[312.249s][info][gc,metaspace] GC(553) Metaspace: 42669K(43136K)->42669K(43136K) NonClass: 38329K(38592K)->38329K(38592K) Class: 4339K(4544K)->4339K(4544K)
[312.249s][info][gc          ] GC(553) Pause Young (Prepare Mixed) (G1 Evacuation Pause) 205M->61M(256M) 7.255ms
[312.249s][info][gc,cpu      ] GC(553) User=0.02s Sys=0.00s Real=0.01s
[312.604s][info][gc,start    ] GC(554) Pause Young (Mixed) (G1 Evacuation Pause)
[312.604s][info][gc,task     ] GC(554) Using 2 workers of 2 for evacuation
[312.617s][info][gc,phases   ] GC(554)   Pre Evacuate Collection Set: 0.17ms
[312.617s][info][gc,phases   ] GC(554)   Merge Heap Roots: 0.15ms
[312.617s][info][gc,phases   ] GC(554)   Evacuate Collection Set: 11.85ms
[312.617s][info][gc,phases   ] GC(554)   Post Evacuate Collection Set: 0.60ms
[312.617s][info][gc,phases   ] GC(554)   Other: 0.07ms
[312.617s][info][gc,heap     ] GC(554) Eden regions: 144->0(143)
[312.617s][info][gc,heap     ] GC(554) Survivor regions: 9->10(20)
[312.617s][info][gc,heap     ] GC(554) Old regions: 53->51
[312.617s][info][gc,heap     ] GC(554) Humongous regions: 1->1
[312.617s][info][gc,metaspace] GC(554) Metaspace: 42669K(43136K)->42669K(43136K) NonClass: 38330K(38592K)->38330K(38592K) Class: 4339K(4544K)->4339K(4544K)
[312.617s][info][gc          ] GC(554) Pause Young (Mixed) (G1 Evacuation Pause) 205M->60M(256M) 13.034ms
[312.617s][info][gc,cpu      ] GC(554) User=0.02s Sys=0.00s Real=0.02s
[313.006s][info][gc,start    ] GC(555) Pause Young (Concurrent Start) (G1 Evacuation Pause)
[313.006s][info][gc,task     ] GC(555) Using 2 workers of 2 for evacuation
[313.016s][info][gc,phases   ] GC(555)   Pre Evacuate Collection Set: 0.17ms
[313.017s][info][gc,phases   ] GC(555)   Merge Heap Roots: 0.06ms
[313.017s][info][gc,phases   ] GC(555)   Evacuate Collection Set: 8.26ms
[313.017s][info][gc,phases   ] GC(555)   Post Evacuate Collection Set: 1.93ms
[313.017s][info][gc,phases   ] GC(555)   Other: 0.10ms
[313.017s][info][gc,heap     ] GC(555) Eden regions: 143->0(143)
[313.017s][info][gc,heap     ] GC(555) Survivor regions: 10->10(20)
[313.017s][info][gc,heap     ] GC(555) Old regions: 51->51
[313.017s][info][gc,heap     ] GC(555) Humongous regions: 1->1
[313.017s][info][gc,metaspace] GC(555) Metaspace: 42670K(43136K)->42670K(43136K) NonClass: 38330K(38592K)->38330K(38592K) Class: 4339K(4544K)->4339K(4544K)
[313.017s][info][gc          ] GC(555) Pause Young (Concurrent Start) (G1 Evacuation Pause) 203M->60M(256M) 10.778ms
[313.017s][info][gc,cpu      ] GC(555) User=0.02s Sys=0.00s Real=0.01s
[313.017s][info][gc          ] GC(556) Concurrent Mark Cycle
[313.017s][info][gc,marking  ] GC(556) Concurrent Scan Root Regions
[313.025s][info][gc,marking  ] GC(556) Concurrent Scan Root Regions 8.158ms
[313.025s][info][gc,marking  ] GC(556) Concurrent Mark
[313.025s][info][gc,marking  ] GC(556) Concurrent Mark From Roots
[313.025s][info][gc,task     ] GC(556) Using 1 workers of 1 for marking
[313.171s][info][gc,marking  ] GC(556) Concurrent Mark From Roots 145.564ms
[313.171s][info][gc,marking  ] GC(556) Concurrent Preclean
[313.171s][info][gc,marking  ] GC(556) Concurrent Preclean 0.097ms
[313.171s][info][gc,start    ] GC(556) Pause Remark
[313.186s][info][gc          ] GC(556) Pause Remark 94M->94M(256M) 15.567ms
[313.186s][info][gc,cpu      ] GC(556) User=0.03s Sys=0.00s Real=0.02s
[313.186s][info][gc,marking  ] GC(556) Concurrent Mark 161.541ms
[313.187s][info][gc,marking  ] GC(556) Concurrent Rebuild Remembered Sets and Scrub Regions
[313.220s][info][gc,marking  ] GC(556) Concurrent Rebuild Remembered Sets and Scrub Regions 33.050ms
[313.220s][info][gc,start    ] GC(556) Pause Cleanup
[313.220s][info][gc          ] GC(556) Pause Cleanup 104M->104M(256M) 0.048ms
[313.220s][info][gc,cpu      ] GC(556) User=0.00s Sys=0.00s Real=0.00s
[313.220s][info][gc,marking  ] GC(556) Concurrent Clear Claimed Marks
[313.220s][info][gc,marking  ] GC(556) Concurrent Clear Claimed Marks 0.040ms
[313.220s][info][gc,marking  ] GC(556) Concurrent Cleanup for Next Mark
[313.221s][info][gc,marking  ] GC(556) Concurrent Cleanup for Next Mark 0.776ms
[313.221s][info][gc          ] GC(556) Concurrent Mark Cycle 204.029ms
[313.468s][info][gc,start    ] GC(557) Pause Young (Prepare Mixed) (G1 Evacuation Pause)
[313.468s][info][gc,task     ] GC(557) Using 2 workers of 2 for evacuation
[313.474s][info][gc,phases   ] GC(557)   Pre Evacuate Collection Set: 0.17ms
[313.474s][info][gc,phases   ] GC(557)   Merge Heap Roots: 0.07ms
[313.474s][info][gc,phases   ] GC(557)   Evacuate Collection Set: 4.55ms
[313.474s][info][gc,phases   ] GC(557)   Post Evacuate Collection Set: 0.57ms
[313.474s][info][gc,phases   ] GC(557)   Other: 0.07ms
[313.474s][info][gc,heap     ] GC(557) Eden regions: 143->0(145)
[313.474s][info][gc,heap     ] GC(557) Survivor regions: 10->8(20)
[313.474s][info][gc,heap     ] GC(557) Old regions: 51->51
[313.474s][info][gc,heap     ] GC(557) Humongous regions: 1->1
[313.474s][info][gc,metaspace] GC(557) Metaspace: 42726K(43200K)->42726K(43200K) NonClass: 38387K(38656K)->38387K(38656K) Class: 4339K(4544K)->4339K(4544K)
[313.474s][info][gc          ] GC(557) Pause Young (Prepare Mixed) (G1 Evacuation Pause) 203M->58M(256M) 5.643ms
[313.474s][info][gc,cpu      ] GC(557) User=0.01s Sys=0.00s Real=0.00s
[313.897s][info][gc,start    ] GC(558) Pause Young (Mixed) (G1 Evacuation Pause)
[313.897s][info][gc,task     ] GC(558) Using 2 workers of 2 for evacuation
[313.912s][info][gc,phases   ] GC(558)   Pre Evacuate Collection Set: 0.19ms
[313.912s][info][gc,phases   ] GC(558)   Merge Heap Roots: 0.16ms
[313.912s][info][gc,phases   ] GC(558)   Evacuate Collection Set: 14.14ms
[313.912s][info][gc,phases   ] GC(558)   Post Evacuate Collection Set: 0.78ms
[313.912s][info][gc,phases   ] GC(558)   Other: 0.08ms
[313.912s][info][gc,heap     ] GC(558) Eden regions: 145->0(141)
[313.912s][info][gc,heap     ] GC(558) Survivor regions: 8->12(20)
[313.912s][info][gc,heap     ] GC(558) Old regions: 51->49
[313.912s][info][gc,heap     ] GC(558) Humongous regions: 1->1
[313.912s][info][gc,metaspace] GC(558) Metaspace: 42726K(43200K)->42726K(43200K) NonClass: 38387K(38656K)->38387K(38656K) Class: 4339K(4544K)->4339K(4544K)
[313.912s][info][gc          ] GC(558) Pause Young (Mixed) (G1 Evacuation Pause) 203M->60M(256M) 15.585ms
[313.912s][info][gc,cpu      ] GC(558) User=0.03s Sys=0.00s Real=0.01s
[314.571s][info][gc,start    ] GC(559) Pause Young (Concurrent Start) (G1 Humongous Allocation)
[314.571s][info][gc,task     ] GC(559) Using 2 workers of 2 for evacuation
[314.576s][info][gc,phases   ] GC(559)   Pre Evacuate Collection Set: 0.21ms
[314.576s][info][gc,phases   ] GC(559)   Merge Heap Roots: 0.07ms
[314.576s][info][gc,phases   ] GC(559)   Evacuate Collection Set: 4.79ms
[314.576s][info][gc,phases   ] GC(559)   Post Evacuate Collection Set: 0.42ms
[314.576s][info][gc,phases   ] GC(559)   Other: 0.09ms
[314.576s][info][gc,heap     ] GC(559) Eden regions: 78->0(149)
[314.576s][info][gc,heap     ] GC(559) Survivor regions: 12->4(20)
[314.576s][info][gc,heap     ] GC(559) Old regions: 49->51
[314.576s][info][gc,heap     ] GC(559) Humongous regions: 1->1
[314.576s][info][gc,metaspace] GC(559) Metaspace: 42749K(43264K)->42749K(43264K) NonClass: 38410K(38720K)->38410K(38720K) Class: 4339K(4544K)->4339K(4544K)
[314.576s][info][gc          ] GC(559) Pause Young (Concurrent Start) (G1 Humongous Allocation) 137M->54M(256M) 5.740ms
[314.576s][info][gc,cpu      ] GC(559) User=0.01s Sys=0.00s Real=0.01s
[314.577s][info][gc          ] GC(560) Concurrent Mark Cycle
[314.577s][info][gc,marking  ] GC(560) Concurrent Scan Root Regions
[314.581s][info][gc,marking  ] GC(560) Concurrent Scan Root Regions 4.046ms
[314.581s][info][gc,marking  ] GC(560) Concurrent Mark
[314.581s][info][gc,marking  ] GC(560) Concurrent Mark From Roots
[314.581s][info][gc,task     ] GC(560) Using 1 workers of 1 for marking
[314.650s][info][gc,marking  ] GC(560) Concurrent Mark From Roots 69.188ms
[314.650s][info][gc,marking  ] GC(560) Concurrent Preclean
[314.650s][info][gc,marking  ] GC(560) Concurrent Preclean 0.203ms
[314.651s][info][gc,start    ] GC(560) Pause Remark
[314.670s][info][gc          ] GC(560) Pause Remark 68M->68M(256M) 19.443ms
[314.670s][info][gc,cpu      ] GC(560) User=0.03s Sys=0.00s Real=0.02s
[314.673s][info][gc,marking  ] GC(560) Concurrent Mark 92.289ms
[314.673s][info][gc,marking  ] GC(560) Concurrent Rebuild Remembered Sets and Scrub Regions
[314.702s][info][gc,marking  ] GC(560) Concurrent Rebuild Remembered Sets and Scrub Regions 29.352ms
[314.702s][info][gc,start    ] GC(560) Pause Cleanup
[314.702s][info][gc          ] GC(560) Pause Cleanup 73M->73M(256M) 0.046ms
[314.703s][info][gc,cpu      ] GC(560) User=0.00s Sys=0.00s Real=0.00s
[314.703s][info][gc,marking  ] GC(560) Concurrent Clear Claimed Marks
[314.703s][info][gc,marking  ] GC(560) Concurrent Clear Claimed Marks 0.035ms
[314.703s][info][gc,marking  ] GC(560) Concurrent Cleanup for Next Mark
[314.703s][info][gc,marking  ] GC(560) Concurrent Cleanup for Next Mark 0.803ms
[314.703s][info][gc          ] GC(560) Concurrent Mark Cycle 126.860ms
[315.464s][info][gc,start    ] GC(561) Pause Young (Prepare Mixed) (G1 Evacuation Pause)
[315.464s][info][gc,task     ] GC(561) Using 2 workers of 2 for evacuation
[315.477s][info][gc,phases   ] GC(561)   Pre Evacuate Collection Set: 0.16ms
[315.477s][info][gc,phases   ] GC(561)   Merge Heap Roots: 0.08ms
[315.477s][info][gc,phases   ] GC(561)   Evacuate Collection Set: 12.64ms
[315.477s][info][gc,phases   ] GC(561)   Post Evacuate Collection Set: 0.53ms
[315.477s][info][gc,phases   ] GC(561)   Other: 0.10ms
[315.477s][info][gc,heap     ] GC(561) Eden regions: 149->0(140)
[315.477s][info][gc,heap     ] GC(561) Survivor regions: 4->13(20)
[315.477s][info][gc,heap     ] GC(561) Old regions: 51->51
[315.477s][info][gc,heap     ] GC(561) Humongous regions: 13->3
[315.478s][info][gc,metaspace] GC(561) Metaspace: 42764K(43264K)->42764K(43264K) NonClass: 38424K(38720K)->38424K(38720K) Class: 4339K(4544K)->4339K(4544K)
[315.478s][info][gc          ] GC(561) Pause Young (Prepare Mixed) (G1 Evacuation Pause) 215M->66M(256M) 13.705ms
[315.478s][info][gc,cpu      ] GC(561) User=0.02s Sys=0.00s Real=0.02s
[315.810s][info][gc,start    ] GC(562) Pause Young (Mixed) (G1 Evacuation Pause)
[315.810s][info][gc,task     ] GC(562) Using 2 workers of 2 for evacuation
[315.842s][info][gc,phases   ] GC(562)   Pre Evacuate Collection Set: 0.17ms
[315.842s][info][gc,phases   ] GC(562)   Merge Heap Roots: 0.12ms
[315.842s][info][gc,phases   ] GC(562)   Evacuate Collection Set: 31.14ms
[315.842s][info][gc,phases   ] GC(562)   Post Evacuate Collection Set: 0.46ms
[315.842s][info][gc,phases   ] GC(562)   Other: 0.08ms
[315.842s][info][gc,heap     ] GC(562) Eden regions: 140->0(136)
[315.842s][info][gc,heap     ] GC(562) Survivor regions: 13->17(20)
[315.842s][info][gc,heap     ] GC(562) Old regions: 51->59
[315.842s][info][gc,heap     ] GC(562) Humongous regions: 4->4
[315.842s][info][gc,metaspace] GC(562) Metaspace: 42764K(43264K)->42764K(43264K) NonClass: 38424K(38720K)->38424K(38720K) Class: 4339K(4544K)->4339K(4544K)
[315.842s][info][gc          ] GC(562) Pause Young (Mixed) (G1 Evacuation Pause) 207M->78M(256M) 32.171ms
[315.842s][info][gc,cpu      ] GC(562) User=0.06s Sys=0.00s Real=0.03s
[316.081s][info][gc,start    ] GC(563) Pause Young (Concurrent Start) (G1 Humongous Allocation)
[316.081s][info][gc,task     ] GC(563) Using 2 workers of 2 for evacuation
[316.107s][info][gc,phases   ] GC(563)   Pre Evacuate Collection Set: 0.17ms
[316.107s][info][gc,phases   ] GC(563)   Merge Heap Roots: 0.06ms
[316.107s][info][gc,phases   ] GC(563)   Evacuate Collection Set: 25.81ms
[316.107s][info][gc,phases   ] GC(563)   Post Evacuate Collection Set: 0.42ms
[316.107s][info][gc,phases   ] GC(563)   Other: 0.11ms
[316.107s][info][gc,heap     ] GC(563) Eden regions: 102->0(134)
[316.107s][info][gc,heap     ] GC(563) Survivor regions: 17->12(20)
[316.107s][info][gc,heap     ] GC(563) Old regions: 59->74
[316.107s][info][gc,heap     ] GC(563) Humongous regions: 4->4
[316.107s][info][gc,metaspace] GC(563) Metaspace: 42764K(43264K)->42764K(43264K) NonClass: 38424K(38720K)->38424K(38720K) Class: 4339K(4544K)->4339K(4544K)
[316.108s][info][gc          ] GC(563) Pause Young (Concurrent Start) (G1 Humongous Allocation) 180M->90M(256M) 26.767ms
[316.108s][info][gc          ] GC(564) Concurrent Mark Cycle
[316.108s][info][gc,marking  ] GC(564) Concurrent Scan Root Regions
[316.110s][info][gc,cpu      ] GC(563) User=0.05s Sys=0.01s Real=0.03s
[316.143s][info][gc,marking  ] GC(564) Concurrent Scan Root Regions 35.435ms
[316.143s][info][gc,marking  ] GC(564) Concurrent Mark
[316.143s][info][gc,marking  ] GC(564) Concurrent Mark From Roots
[316.143s][info][gc,task     ] GC(564) Using 1 workers of 1 for marking
[316.202s][info][gc,marking  ] GC(564) Concurrent Mark From Roots 58.584ms
[316.202s][info][gc,marking  ] GC(564) Concurrent Preclean
[316.202s][info][gc,marking  ] GC(564) Concurrent Preclean 0.114ms
[316.202s][info][gc,start    ] GC(564) Pause Remark
[316.219s][info][gc          ] GC(564) Pause Remark 109M->105M(256M) 16.770ms
[316.219s][info][gc,cpu      ] GC(564) User=0.03s Sys=0.00s Real=0.02s
[316.220s][info][gc,marking  ] GC(564) Concurrent Mark 77.225ms
[316.220s][info][gc,marking  ] GC(564) Concurrent Rebuild Remembered Sets and Scrub Regions
[316.270s][info][gc,marking  ] GC(564) Concurrent Rebuild Remembered Sets and Scrub Regions 49.632ms
[316.270s][info][gc,start    ] GC(564) Pause Cleanup
[316.270s][info][gc          ] GC(564) Pause Cleanup 116M->116M(256M) 0.055ms
[316.270s][info][gc,cpu      ] GC(564) User=0.00s Sys=0.00s Real=0.00s
[316.270s][info][gc,marking  ] GC(564) Concurrent Clear Claimed Marks
[316.270s][info][gc,marking  ] GC(564) Concurrent Clear Claimed Marks 0.045ms
[316.270s][info][gc,marking  ] GC(564) Concurrent Cleanup for Next Mark
[316.271s][info][gc,marking  ] GC(564) Concurrent Cleanup for Next Mark 0.798ms
[316.271s][info][gc          ] GC(564) Concurrent Mark Cycle 163.544ms
[316.505s][info][gc,start    ] GC(565) Pause Young (Prepare Mixed) (G1 Evacuation Pause)
[316.505s][info][gc,task     ] GC(565) Using 2 workers of 2 for evacuation
[316.534s][info][gc,phases   ] GC(565)   Pre Evacuate Collection Set: 0.15ms
[316.534s][info][gc,phases   ] GC(565)   Merge Heap Roots: 0.12ms
[316.534s][info][gc,phases   ] GC(565)   Evacuate Collection Set: 28.43ms
[316.534s][info][gc,phases   ] GC(565)   Post Evacuate Collection Set: 0.40ms
[316.534s][info][gc,phases   ] GC(565)   Other: 0.09ms
[316.534s][info][gc,heap     ] GC(565) Eden regions: 134->0(121)
[316.534s][info][gc,heap     ] GC(565) Survivor regions: 12->15(19)
[316.534s][info][gc,heap     ] GC(565) Old regions: 70->82
[316.534s][info][gc,heap     ] GC(565) Humongous regions: 6->6
[316.534s][info][gc,metaspace] GC(565) Metaspace: 42764K(43264K)->42764K(43264K) NonClass: 38425K(38720K)->38425K(38720K) Class: 4339K(4544K)->4339K(4544K)
[316.534s][info][gc          ] GC(565) Pause Young (Prepare Mixed) (G1 Evacuation Pause) 222M->102M(256M) 29.400ms
[316.534s][info][gc,cpu      ] GC(565) User=0.06s Sys=0.00s Real=0.03s
[316.813s][info][gc,start    ] GC(566) Pause Young (Mixed) (G1 Evacuation Pause)
[316.813s][info][gc,task     ] GC(566) Using 2 workers of 2 for evacuation
[316.846s][info][gc,phases   ] GC(566)   Pre Evacuate Collection Set: 0.15ms
[316.846s][info][gc,phases   ] GC(566)   Merge Heap Roots: 0.12ms
[316.846s][info][gc,phases   ] GC(566)   Evacuate Collection Set: 31.91ms
[316.846s][info][gc,phases   ] GC(566)   Post Evacuate Collection Set: 0.46ms
[316.846s][info][gc,phases   ] GC(566)   Other: 0.07ms
[316.846s][info][gc,heap     ] GC(566) Eden regions: 121->0(117)
[316.846s][info][gc,heap     ] GC(566) Survivor regions: 15->14(17)
[316.846s][info][gc,heap     ] GC(566) Old regions: 82->88
[316.846s][info][gc,heap     ] GC(566) Humongous regions: 6->6
[316.846s][info][gc,metaspace] GC(566) Metaspace: 42764K(43264K)->42764K(43264K) NonClass: 38425K(38720K)->38425K(38720K) Class: 4339K(4544K)->4339K(4544K)
[316.846s][info][gc          ] GC(566) Pause Young (Mixed) (G1 Evacuation Pause) 223M->107M(256M) 32.907ms
[316.846s][info][gc,cpu      ] GC(566) User=0.06s Sys=0.01s Real=0.04s
[316.926s][info][gc,start    ] GC(567) Pause Young (Concurrent Start) (G1 Humongous Allocation)
[316.926s][info][gc,task     ] GC(567) Using 2 workers of 2 for evacuation
[316.946s][info][gc,phases   ] GC(567)   Pre Evacuate Collection Set: 0.22ms
[316.946s][info][gc,phases   ] GC(567)   Merge Heap Roots: 0.12ms
[316.946s][info][gc,phases   ] GC(567)   Evacuate Collection Set: 19.67ms
[316.946s][info][gc,phases   ] GC(567)   Post Evacuate Collection Set: 0.40ms
[316.946s][info][gc,phases   ] GC(567)   Other: 0.12ms
[316.946s][info][gc,heap     ] GC(567) Eden regions: 34->0(116)
[316.946s][info][gc,heap     ] GC(567) Survivor regions: 14->4(17)
[316.946s][info][gc,heap     ] GC(567) Old regions: 88->101
[316.946s][info][gc,heap     ] GC(567) Humongous regions: 6->6
[316.946s][info][gc,metaspace] GC(567) Metaspace: 42764K(43264K)->42764K(43264K) NonClass: 38425K(38720K)->38425K(38720K) Class: 4339K(4544K)->4339K(4544K)
[316.946s][info][gc          ] GC(567) Pause Young (Concurrent Start) (G1 Humongous Allocation) 140M->111M(256M) 20.706ms
[316.946s][info][gc,cpu      ] GC(567) User=0.03s Sys=0.00s Real=0.02s
[316.946s][info][gc          ] GC(568) Concurrent Mark Cycle
[316.946s][info][gc,marking  ] GC(568) Concurrent Scan Root Regions
[316.974s][info][gc,marking  ] GC(568) Concurrent Scan Root Regions 27.420ms
[316.974s][info][gc,marking  ] GC(568) Concurrent Mark
[316.974s][info][gc,marking  ] GC(568) Concurrent Mark From Roots
[316.974s][info][gc,task     ] GC(568) Using 1 workers of 1 for marking
[317.215s][info][gc,marking  ] GC(568) Concurrent Mark From Roots 240.949ms
[317.215s][info][gc,marking  ] GC(568) Concurrent Preclean
[317.215s][info][gc,marking  ] GC(568) Concurrent Preclean 0.059ms
[317.215s][info][gc,start    ] GC(568) Pause Remark
[317.231s][info][gc          ] GC(568) Pause Remark 160M->159M(256M) 15.581ms
[317.231s][info][gc,cpu      ] GC(568) User=0.03s Sys=0.00s Real=0.01s
[317.232s][info][gc,marking  ] GC(568) Concurrent Mark 258.390ms
[317.232s][info][gc,marking  ] GC(568) Concurrent Rebuild Remembered Sets and Scrub Regions
[317.335s][info][gc,marking  ] GC(568) Concurrent Rebuild Remembered Sets and Scrub Regions 103.186ms
[317.336s][info][gc,start    ] GC(568) Pause Cleanup
[317.336s][info][gc          ] GC(568) Pause Cleanup 186M->186M(256M) 0.043ms
[317.336s][info][gc,cpu      ] GC(568) User=0.00s Sys=0.00s Real=0.00s
[317.336s][info][gc,marking  ] GC(568) Concurrent Clear Claimed Marks
[317.336s][info][gc,marking  ] GC(568) Concurrent Clear Claimed Marks 0.038ms
[317.336s][info][gc,marking  ] GC(568) Concurrent Cleanup for Next Mark
[317.336s][info][gc,marking  ] GC(568) Concurrent Cleanup for Next Mark 0.771ms
[317.337s][info][gc          ] GC(568) Concurrent Mark Cycle 390.119ms
[317.450s][info][gc,start    ] GC(569) Pause Young (Prepare Mixed) (G1 Evacuation Pause)
[317.450s][info][gc,task     ] GC(569) Using 2 workers of 2 for evacuation
[317.478s][info][gc,phases   ] GC(569)   Pre Evacuate Collection Set: 0.18ms
[317.478s][info][gc,phases   ] GC(569)   Merge Heap Roots: 0.15ms
[317.478s][info][gc,phases   ] GC(569)   Evacuate Collection Set: 26.77ms
[317.478s][info][gc,phases   ] GC(569)   Post Evacuate Collection Set: 0.41ms
[317.478s][info][gc,phases   ] GC(569)   Other: 0.07ms
[317.478s][info][gc,heap     ] GC(569) Eden regions: 116->0(102)
[317.478s][info][gc,heap     ] GC(569) Survivor regions: 4->15(15)
[317.478s][info][gc,heap     ] GC(569) Old regions: 101->101
[317.478s][info][gc,heap     ] GC(569) Humongous regions: 10->9
[317.478s][info][gc,metaspace] GC(569) Metaspace: 42766K(43264K)->42766K(43264K) NonClass: 38427K(38720K)->38427K(38720K) Class: 4339K(4544K)->4339K(4544K)
[317.478s][info][gc          ] GC(569) Pause Young (Prepare Mixed) (G1 Evacuation Pause) 231M->124M(256M) 27.765ms
[317.478s][info][gc,cpu      ] GC(569) User=0.06s Sys=0.00s Real=0.03s
[320.456s][info][gc,start    ] GC(570) Pause Young (Mixed) (G1 Evacuation Pause)
[320.456s][info][gc,task     ] GC(570) Using 2 workers of 2 for evacuation
[320.485s][info][gc,phases   ] GC(570)   Pre Evacuate Collection Set: 0.15ms
[320.485s][info][gc,phases   ] GC(570)   Merge Heap Roots: 0.14ms
[320.485s][info][gc,phases   ] GC(570)   Evacuate Collection Set: 27.20ms
[320.485s][info][gc,phases   ] GC(570)   Post Evacuate Collection Set: 1.46ms
[320.485s][info][gc,phases   ] GC(570)   Other: 0.08ms
[320.485s][info][gc,heap     ] GC(570) Eden regions: 102->0(233)
[320.485s][info][gc,heap     ] GC(570) Survivor regions: 15->7(15)
[320.485s][info][gc,heap     ] GC(570) Old regions: 101->112
[320.485s][info][gc,heap     ] GC(570) Humongous regions: 11->7
[320.485s][info][gc,metaspace] GC(570) Metaspace: 42767K(43264K)->42767K(43264K) NonClass: 38428K(38720K)->38428K(38720K) Class: 4339K(4544K)->4339K(4544K)
[320.485s][info][gc          ] GC(570) Pause Young (Mixed) (G1 Evacuation Pause) 228M->126M(401M) 29.217ms
[320.485s][info][gc,cpu      ] GC(570) User=0.05s Sys=0.01s Real=0.03s
[321.380s][info][gc,start    ] GC(571) Pause Young (Normal) (G1 Evacuation Pause)
[321.380s][info][gc,task     ] GC(571) Using 2 workers of 2 for evacuation
[321.399s][info][gc,phases   ] GC(571)   Pre Evacuate Collection Set: 0.24ms
[321.399s][info][gc,phases   ] GC(571)   Merge Heap Roots: 0.12ms
[321.399s][info][gc,phases   ] GC(571)   Evacuate Collection Set: 18.70ms
[321.399s][info][gc,phases   ] GC(571)   Post Evacuate Collection Set: 0.53ms
[321.399s][info][gc,phases   ] GC(571)   Other: 0.08ms
[321.399s][info][gc,heap     ] GC(571) Eden regions: 233->0(223)
[321.399s][info][gc,heap     ] GC(571) Survivor regions: 7->17(30)
[321.399s][info][gc,heap     ] GC(571) Old regions: 112->112
[321.399s][info][gc,heap     ] GC(571) Humongous regions: 9->9
[321.400s][info][gc,metaspace] GC(571) Metaspace: 42771K(43264K)->42771K(43264K) NonClass: 38432K(38720K)->38432K(38720K) Class: 4339K(4544K)->4339K(4544K)
[321.400s][info][gc          ] GC(571) Pause Young (Normal) (G1 Evacuation Pause) 361M->138M(401M) 19.893ms
[321.400s][info][gc,cpu      ] GC(571) User=0.04s Sys=0.00s Real=0.02s
[321.534s][info][gc,start    ] GC(572) Pause Young (Concurrent Start) (G1 Humongous Allocation)
[321.534s][info][gc,task     ] GC(572) Using 2 workers of 2 for evacuation
[321.561s][info][gc,phases   ] GC(572)   Pre Evacuate Collection Set: 0.24ms
[321.561s][info][gc,phases   ] GC(572)   Merge Heap Roots: 0.15ms
[321.561s][info][gc,phases   ] GC(572)   Evacuate Collection Set: 25.96ms
[321.561s][info][gc,phases   ] GC(572)   Post Evacuate Collection Set: 0.35ms
[321.561s][info][gc,phases   ] GC(572)   Other: 0.14ms
[321.561s][info][gc,heap     ] GC(572) Eden regions: 57->0(208)
[321.561s][info][gc,heap     ] GC(572) Survivor regions: 17->18(30)
[321.561s][info][gc,heap     ] GC(572) Old regions: 112->119
[321.561s][info][gc,heap     ] GC(572) Humongous regions: 9->9
[321.561s][info][gc,metaspace] GC(572) Metaspace: 42771K(43264K)->42771K(43264K) NonClass: 38432K(38720K)->38432K(38720K) Class: 4339K(4544K)->4339K(4544K)
[321.561s][info][gc          ] GC(572) Pause Young (Concurrent Start) (G1 Humongous Allocation) 195M->145M(401M) 27.049ms
[321.561s][info][gc          ] GC(573) Concurrent Mark Cycle
[321.561s][info][gc,marking  ] GC(573) Concurrent Scan Root Regions
[321.562s][info][gc,cpu      ] GC(572) User=0.05s Sys=0.00s Real=0.03s
[321.581s][info][gc,marking  ] GC(573) Concurrent Scan Root Regions 20.065ms
[321.581s][info][gc,marking  ] GC(573) Concurrent Mark
[321.581s][info][gc,marking  ] GC(573) Concurrent Mark From Roots
[321.581s][info][gc,task     ] GC(573) Using 1 workers of 1 for marking
[321.608s][info][gc,marking  ] GC(573) Concurrent Mark From Roots 27.111ms
[321.608s][info][gc,marking  ] GC(573) Concurrent Preclean
[321.608s][info][gc,marking  ] GC(573) Concurrent Preclean 0.042ms
[321.608s][info][gc,start    ] GC(573) Pause Remark
[321.624s][info][gc          ] GC(573) Pause Remark 160M->136M(401M) 15.218ms
[321.624s][info][gc,cpu      ] GC(573) User=0.03s Sys=0.00s Real=0.01s
[321.624s][info][gc,marking  ] GC(573) Concurrent Mark 42.575ms
[321.624s][info][gc,marking  ] GC(573) Concurrent Rebuild Remembered Sets and Scrub Regions
[321.650s][info][gc,marking  ] GC(573) Concurrent Rebuild Remembered Sets and Scrub Regions 25.778ms
[321.650s][info][gc,start    ] GC(573) Pause Cleanup
[321.650s][info][gc          ] GC(573) Pause Cleanup 147M->147M(401M) 0.068ms
[321.650s][info][gc,cpu      ] GC(573) User=0.00s Sys=0.00s Real=0.00s
[321.650s][info][gc,marking  ] GC(573) Concurrent Clear Claimed Marks
[321.650s][info][gc,marking  ] GC(573) Concurrent Clear Claimed Marks 0.034ms
[321.650s][info][gc,marking  ] GC(573) Concurrent Cleanup for Next Mark
[321.653s][info][gc,marking  ] GC(573) Concurrent Cleanup for Next Mark 2.826ms
[321.653s][info][gc          ] GC(573) Concurrent Mark Cycle 91.654ms
[322.111s][info][gc,start    ] GC(574) Pause Young (Prepare Mixed) (G1 Evacuation Pause)
[322.111s][info][gc,task     ] GC(574) Using 2 workers of 2 for evacuation
[322.160s][info][gc,phases   ] GC(574)   Pre Evacuate Collection Set: 0.20ms
[322.160s][info][gc,phases   ] GC(574)   Merge Heap Roots: 0.10ms
[322.160s][info][gc,phases   ] GC(574)   Evacuate Collection Set: 47.82ms
[322.160s][info][gc,phases   ] GC(574)   Post Evacuate Collection Set: 0.50ms
[322.160s][info][gc,phases   ] GC(574)   Other: 0.08ms
[322.160s][info][gc,heap     ] GC(574) Eden regions: 208->0(202)
[322.160s][info][gc,heap     ] GC(574) Survivor regions: 18->29(29)
[322.160s][info][gc,heap     ] GC(574) Old regions: 101->113
[322.160s][info][gc,heap     ] GC(574) Humongous regions: 6->6
[322.160s][info][gc,metaspace] GC(574) Metaspace: 42771K(43264K)->42771K(43264K) NonClass: 38432K(38720K)->38432K(38720K) Class: 4339K(4544K)->4339K(4544K)
[322.160s][info][gc          ] GC(574) Pause Young (Prepare Mixed) (G1 Evacuation Pause) 332M->148M(401M) 48.907ms
[322.160s][info][gc,cpu      ] GC(574) User=0.09s Sys=0.00s Real=0.05s
[322.717s][info][gc,start    ] GC(575) Pause Young (Mixed) (G1 Evacuation Pause)
[322.717s][info][gc,task     ] GC(575) Using 2 workers of 2 for evacuation
[322.789s][info][gc,phases   ] GC(575)   Pre Evacuate Collection Set: 0.25ms
[322.790s][info][gc,phases   ] GC(575)   Merge Heap Roots: 0.29ms
[322.790s][info][gc,phases   ] GC(575)   Evacuate Collection Set: 71.35ms
[322.790s][info][gc,phases   ] GC(575)   Post Evacuate Collection Set: 0.55ms
[322.790s][info][gc,phases   ] GC(575)   Other: 0.09ms
[322.790s][info][gc,heap     ] GC(575) Eden regions: 202->0(215)
[322.790s][info][gc,heap     ] GC(575) Survivor regions: 29->24(29)
[322.790s][info][gc,heap     ] GC(575) Old regions: 113->102
[322.790s][info][gc,heap     ] GC(575) Humongous regions: 10->10
[322.790s][info][gc,metaspace] GC(575) Metaspace: 42771K(43264K)->42771K(43264K) NonClass: 38432K(38720K)->38432K(38720K) Class: 4339K(4544K)->4339K(4544K)
[322.790s][info][gc          ] GC(575) Pause Young (Mixed) (G1 Evacuation Pause) 354M->135M(408M) 72.801ms
[322.790s][info][gc,cpu      ] GC(575) User=0.14s Sys=0.00s Real=0.07s
[324.189s][info][gc,start    ] GC(576) Pause Young (Mixed) (G1 Evacuation Pause)
[324.189s][info][gc,task     ] GC(576) Using 2 workers of 2 for evacuation
[324.257s][info][gc,phases   ] GC(576)   Pre Evacuate Collection Set: 0.22ms
[324.257s][info][gc,phases   ] GC(576)   Merge Heap Roots: 0.38ms
[324.257s][info][gc,phases   ] GC(576)   Evacuate Collection Set: 67.52ms
[324.257s][info][gc,phases   ] GC(576)   Post Evacuate Collection Set: 0.58ms
[324.257s][info][gc,phases   ] GC(576)   Other: 0.08ms
[324.258s][info][gc,heap     ] GC(576) Eden regions: 215->0(210)
[324.258s][info][gc,heap     ] GC(576) Survivor regions: 24->21(30)
[324.258s][info][gc,heap     ] GC(576) Old regions: 102->105
[324.258s][info][gc,heap     ] GC(576) Humongous regions: 18->16
[324.258s][info][gc,metaspace] GC(576) Metaspace: 42771K(43264K)->42771K(43264K) NonClass: 38432K(38720K)->38432K(38720K) Class: 4339K(4544K)->4339K(4544K)
[324.258s][info][gc          ] GC(576) Pause Young (Mixed) (G1 Evacuation Pause) 358M->142M(408M) 69.002ms
[324.258s][info][gc,cpu      ] GC(576) User=0.13s Sys=0.00s Real=0.07s
[325.260s][info][gc,start    ] GC(577) Pause Young (Concurrent Start) (G1 Evacuation Pause)
[325.260s][info][gc,task     ] GC(577) Using 2 workers of 2 for evacuation
[325.301s][info][gc,phases   ] GC(577)   Pre Evacuate Collection Set: 0.23ms
[325.301s][info][gc,phases   ] GC(577)   Merge Heap Roots: 0.16ms
[325.301s][info][gc,phases   ] GC(577)   Evacuate Collection Set: 39.99ms
[325.301s][info][gc,phases   ] GC(577)   Post Evacuate Collection Set: 0.50ms
[325.301s][info][gc,phases   ] GC(577)   Other: 0.10ms
[325.301s][info][gc,heap     ] GC(577) Eden regions: 210->0(201)
[325.301s][info][gc,heap     ] GC(577) Survivor regions: 21->13(29)
[325.301s][info][gc,heap     ] GC(577) Old regions: 105->126
[325.301s][info][gc,heap     ] GC(577) Humongous regions: 16->16
[325.301s][info][gc,metaspace] GC(577) Metaspace: 42771K(43264K)->42771K(43264K) NonClass: 38432K(38720K)->38432K(38720K) Class: 4339K(4544K)->4339K(4544K)
[325.301s][info][gc          ] GC(577) Pause Young (Concurrent Start) (G1 Evacuation Pause) 352M->154M(408M) 41.186ms
[325.301s][info][gc          ] GC(578) Concurrent Mark Cycle
[325.301s][info][gc,marking  ] GC(578) Concurrent Scan Root Regions
[325.303s][info][gc,cpu      ] GC(577) User=0.08s Sys=0.00s Real=0.04s
[325.344s][info][gc,marking  ] GC(578) Concurrent Scan Root Regions 42.794ms
[325.344s][info][gc,marking  ] GC(578) Concurrent Mark
[325.344s][info][gc,marking  ] GC(578) Concurrent Mark From Roots
[325.344s][info][gc,task     ] GC(578) Using 1 workers of 1 for marking
[325.461s][info][gc,marking  ] GC(578) Concurrent Mark From Roots 117.168ms
[325.461s][info][gc,marking  ] GC(578) Concurrent Preclean
[325.461s][info][gc,marking  ] GC(578) Concurrent Preclean 0.061ms
[325.461s][info][gc,start    ] GC(578) Pause Remark
[325.477s][info][gc          ] GC(578) Pause Remark 180M->156M(408M) 16.017ms
[325.477s][info][gc,cpu      ] GC(578) User=0.03s Sys=0.00s Real=0.02s
[325.477s][info][gc,marking  ] GC(578) Concurrent Mark 133.545ms
[325.477s][info][gc,marking  ] GC(578) Concurrent Rebuild Remembered Sets and Scrub Regions
[325.541s][info][gc,marking  ] GC(578) Concurrent Rebuild Remembered Sets and Scrub Regions 63.980ms
[325.543s][info][gc,start    ] GC(578) Pause Cleanup
[325.543s][info][gc          ] GC(578) Pause Cleanup 167M->167M(408M) 0.067ms
[325.543s][info][gc,cpu      ] GC(578) User=0.00s Sys=0.00s Real=0.00s
[325.543s][info][gc,marking  ] GC(578) Concurrent Clear Claimed Marks
[325.543s][info][gc,marking  ] GC(578) Concurrent Clear Claimed Marks 0.069ms
[325.543s][info][gc,marking  ] GC(578) Concurrent Cleanup for Next Mark
[325.545s][info][gc,marking  ] GC(578) Concurrent Cleanup for Next Mark 1.317ms
[325.545s][info][gc          ] GC(578) Concurrent Mark Cycle 243.717ms
[326.625s][info][gc,start    ] GC(579) Pause Young (Prepare Mixed) (G1 Evacuation Pause)
[326.625s][info][gc,task     ] GC(579) Using 2 workers of 2 for evacuation
[326.653s][info][gc,phases   ] GC(579)   Pre Evacuate Collection Set: 0.19ms
[326.653s][info][gc,phases   ] GC(579)   Merge Heap Roots: 0.08ms
[326.653s][info][gc,phases   ] GC(579)   Evacuate Collection Set: 27.58ms
[326.653s][info][gc,phases   ] GC(579)   Post Evacuate Collection Set: 0.43ms
[326.654s][info][gc,phases   ] GC(579)   Other: 0.10ms
[326.654s][info][gc,heap     ] GC(579) Eden regions: 201->0(206)
[326.654s][info][gc,heap     ] GC(579) Survivor regions: 13->27(27)
[326.654s][info][gc,heap     ] GC(579) Old regions: 117->121
[326.654s][info][gc,heap     ] GC(579) Humongous regions: 1->1
[326.654s][info][gc,metaspace] GC(579) Metaspace: 42772K(43264K)->42772K(43264K) NonClass: 38433K(38720K)->38433K(38720K) Class: 4339K(4544K)->4339K(4544K)
[326.654s][info][gc          ] GC(579) Pause Young (Prepare Mixed) (G1 Evacuation Pause) 331M->149M(408M) 28.577ms
[326.654s][info][gc,cpu      ] GC(579) User=0.05s Sys=0.00s Real=0.02s
[327.970s][info][gc,start    ] GC(580) Pause Young (Mixed) (G1 Evacuation Pause)
[327.970s][info][gc,task     ] GC(580) Using 2 workers of 2 for evacuation
[328.009s][info][gc,phases   ] GC(580)   Pre Evacuate Collection Set: 0.24ms
[328.010s][info][gc,phases   ] GC(580)   Merge Heap Roots: 0.11ms
[328.010s][info][gc,phases   ] GC(580)   Evacuate Collection Set: 38.70ms
[328.010s][info][gc,phases   ] GC(580)   Post Evacuate Collection Set: 0.47ms
[328.010s][info][gc,phases   ] GC(580)   Other: 0.09ms
[328.010s][info][gc,heap     ] GC(580) Eden regions: 206->0(197)
[328.010s][info][gc,heap     ] GC(580) Survivor regions: 27->17(30)
[328.010s][info][gc,heap     ] GC(580) Old regions: 121->144
[328.010s][info][gc,heap     ] GC(580) Humongous regions: 1->1
[328.010s][info][gc,metaspace] GC(580) Metaspace: 42772K(43264K)->42772K(43264K) NonClass: 38433K(38720K)->38433K(38720K) Class: 4339K(4544K)->4339K(4544K)
[328.010s][info][gc          ] GC(580) Pause Young (Mixed) (G1 Evacuation Pause) 355M->161M(408M) 39.814ms
[328.010s][info][gc,cpu      ] GC(580) User=0.08s Sys=0.00s Real=0.04s
[328.201s][info][gc,start    ] GC(581) Pause Young (Concurrent Start) (G1 Humongous Allocation)
[328.201s][info][gc,task     ] GC(581) Using 2 workers of 2 for evacuation
[328.218s][info][gc,phases   ] GC(581)   Pre Evacuate Collection Set: 0.24ms
[328.218s][info][gc,phases   ] GC(581)   Merge Heap Roots: 0.05ms
[328.218s][info][gc,phases   ] GC(581)   Evacuate Collection Set: 16.30ms
[328.218s][info][gc,phases   ] GC(581)   Post Evacuate Collection Set: 0.35ms
[328.218s][info][gc,phases   ] GC(581)   Other: 0.11ms
[328.218s][info][gc,heap     ] GC(581) Eden regions: 28->0(194)
[328.218s][info][gc,heap     ] GC(581) Survivor regions: 17->5(27)
[328.218s][info][gc,heap     ] GC(581) Old regions: 144->161
[328.218s][info][gc,heap     ] GC(581) Humongous regions: 1->1
[328.218s][info][gc,metaspace] GC(581) Metaspace: 42772K(43264K)->42772K(43264K) NonClass: 38433K(38720K)->38433K(38720K) Class: 4339K(4544K)->4339K(4544K)
[328.218s][info][gc          ] GC(581) Pause Young (Concurrent Start) (G1 Humongous Allocation) 189M->166M(408M) 17.228ms
[328.218s][info][gc,cpu      ] GC(581) User=0.04s Sys=0.00s Real=0.02s
[328.218s][info][gc          ] GC(582) Concurrent Mark Cycle
[328.218s][info][gc,marking  ] GC(582) Concurrent Scan Root Regions
[328.233s][info][gc,marking  ] GC(582) Concurrent Scan Root Regions 14.533ms
[328.233s][info][gc,marking  ] GC(582) Concurrent Mark
[328.233s][info][gc,marking  ] GC(582) Concurrent Mark From Roots
[328.233s][info][gc,task     ] GC(582) Using 1 workers of 1 for marking
[328.273s][info][gc,marking  ] GC(582) Concurrent Mark From Roots 40.299ms
[328.273s][info][gc,marking  ] GC(582) Concurrent Preclean
[328.273s][info][gc,marking  ] GC(582) Concurrent Preclean 0.037ms
[328.274s][info][gc,start    ] GC(582) Pause Remark
[328.289s][info][gc          ] GC(582) Pause Remark 177M->97M(294M) 15.539ms
[328.289s][info][gc,cpu      ] GC(582) User=0.03s Sys=0.00s Real=0.02s
[328.289s][info][gc,marking  ] GC(582) Concurrent Mark 56.158ms
[328.289s][info][gc,marking  ] GC(582) Concurrent Rebuild Remembered Sets and Scrub Regions
[328.317s][info][gc,marking  ] GC(582) Concurrent Rebuild Remembered Sets and Scrub Regions 27.441ms
[328.317s][info][gc,start    ] GC(582) Pause Cleanup
[328.317s][info][gc          ] GC(582) Pause Cleanup 101M->101M(294M) 0.049ms
[328.317s][info][gc,cpu      ] GC(582) User=0.00s Sys=0.00s Real=0.00s
[328.317s][info][gc,marking  ] GC(582) Concurrent Clear Claimed Marks
[328.317s][info][gc,marking  ] GC(582) Concurrent Clear Claimed Marks 0.037ms
[328.317s][info][gc,marking  ] GC(582) Concurrent Cleanup for Next Mark
[328.318s][info][gc,marking  ] GC(582) Concurrent Cleanup for Next Mark 0.874ms
[328.318s][info][gc          ] GC(582) Concurrent Mark Cycle 99.364ms
[329.339s][info][gc,start    ] GC(583) Pause Young (Prepare Mixed) (G1 Evacuation Pause)
[329.339s][info][gc,task     ] GC(583) Using 2 workers of 2 for evacuation
[329.357s][info][gc,phases   ] GC(583)   Pre Evacuate Collection Set: 0.27ms
[329.357s][info][gc,phases   ] GC(583)   Merge Heap Roots: 0.14ms
[329.357s][info][gc,phases   ] GC(583)   Evacuate Collection Set: 17.58ms
[329.357s][info][gc,phases   ] GC(583)   Post Evacuate Collection Set: 0.43ms
[329.357s][info][gc,phases   ] GC(583)   Other: 0.09ms
[329.357s][info][gc,heap     ] GC(583) Eden regions: 171->0(156)
[329.357s][info][gc,heap     ] GC(583) Survivor regions: 5->16(22)
[329.357s][info][gc,heap     ] GC(583) Old regions: 81->81
[329.357s][info][gc,heap     ] GC(583) Humongous regions: 2->2
[329.357s][info][gc,metaspace] GC(583) Metaspace: 42772K(43264K)->42772K(43264K) NonClass: 38433K(38720K)->38433K(38720K) Class: 4339K(4544K)->4339K(4544K)
[329.357s][info][gc          ] GC(583) Pause Young (Prepare Mixed) (G1 Evacuation Pause) 258M->98M(294M) 18.717ms
[329.357s][info][gc,cpu      ] GC(583) User=0.03s Sys=0.00s Real=0.02s
[330.093s][info][gc,start    ] GC(584) Pause Young (Mixed) (G1 Evacuation Pause)
[330.093s][info][gc,task     ] GC(584) Using 2 workers of 2 for evacuation
[330.128s][info][gc,phases   ] GC(584)   Pre Evacuate Collection Set: 0.18ms
[330.128s][info][gc,phases   ] GC(584)   Merge Heap Roots: 0.11ms
[330.128s][info][gc,phases   ] GC(584)   Evacuate Collection Set: 33.83ms
[330.128s][info][gc,phases   ] GC(584)   Post Evacuate Collection Set: 0.48ms
[330.128s][info][gc,phases   ] GC(584)   Other: 0.08ms
[330.128s][info][gc,heap     ] GC(584) Eden regions: 156->0(148)
[330.128s][info][gc,heap     ] GC(584) Survivor regions: 16->21(22)
[330.128s][info][gc,heap     ] GC(584) Old regions: 81->78
[330.128s][info][gc,heap     ] GC(584) Humongous regions: 4->4
[330.128s][info][gc,metaspace] GC(584) Metaspace: 42772K(43264K)->42772K(43264K) NonClass: 38433K(38720K)->38433K(38720K) Class: 4339K(4544K)->4339K(4544K)
[330.128s][info][gc          ] GC(584) Pause Young (Mixed) (G1 Evacuation Pause) 256M->102M(294M) 34.922ms
[330.128s][info][gc,cpu      ] GC(584) User=0.07s Sys=0.00s Real=0.04s
[330.294s][info][gc,start    ] GC(585) Pause Young (Concurrent Start) (G1 Humongous Allocation)
[330.294s][info][gc,task     ] GC(585) Using 2 workers of 2 for evacuation
[330.319s][info][gc,phases   ] GC(585)   Pre Evacuate Collection Set: 0.20ms
[330.319s][info][gc,phases   ] GC(585)   Merge Heap Roots: 0.06ms
[330.319s][info][gc,phases   ] GC(585)   Evacuate Collection Set: 24.28ms
[330.319s][info][gc,phases   ] GC(585)   Post Evacuate Collection Set: 0.37ms
[330.319s][info][gc,phases   ] GC(585)   Other: 0.10ms
[330.319s][info][gc,heap     ] GC(585) Eden regions: 66->0(139)
[330.319s][info][gc,heap     ] GC(585) Survivor regions: 21->9(22)
[330.319s][info][gc,heap     ] GC(585) Old regions: 78->99
[330.319s][info][gc,heap     ] GC(585) Humongous regions: 4->4
[330.319s][info][gc,metaspace] GC(585) Metaspace: 42772K(43264K)->42772K(43264K) NonClass: 38433K(38720K)->38433K(38720K) Class: 4339K(4544K)->4339K(4544K)
[330.319s][info][gc          ] GC(585) Pause Young (Concurrent Start) (G1 Humongous Allocation) 167M->111M(294M) 25.241ms
[330.319s][info][gc,cpu      ] GC(585) User=0.05s Sys=0.00s Real=0.03s
[330.319s][info][gc          ] GC(586) Concurrent Mark Cycle
[330.319s][info][gc,marking  ] GC(586) Concurrent Scan Root Regions
[330.357s][info][gc,marking  ] GC(586) Concurrent Scan Root Regions 38.027ms
[330.357s][info][gc,marking  ] GC(586) Concurrent Mark
[330.357s][info][gc,marking  ] GC(586) Concurrent Mark From Roots
[330.357s][info][gc,task     ] GC(586) Using 1 workers of 1 for marking
[330.391s][info][gc,marking  ] GC(586) Concurrent Mark From Roots 33.625ms
[330.391s][info][gc,marking  ] GC(586) Concurrent Preclean
[330.391s][info][gc,marking  ] GC(586) Concurrent Preclean 0.036ms
[330.391s][info][gc,start    ] GC(586) Pause Remark
[330.407s][info][gc          ] GC(586) Pause Remark 130M->115M(294M) 15.440ms
[330.407s][info][gc,cpu      ] GC(586) User=0.03s Sys=0.00s Real=0.02s
[330.407s][info][gc,marking  ] GC(586) Concurrent Mark 49.392ms
[330.407s][info][gc,marking  ] GC(586) Concurrent Rebuild Remembered Sets and Scrub Regions
[330.438s][info][gc,marking  ] GC(586) Concurrent Rebuild Remembered Sets and Scrub Regions 30.809ms
[330.438s][info][gc,start    ] GC(586) Pause Cleanup
[330.438s][info][gc          ] GC(586) Pause Cleanup 126M->126M(294M) 0.054ms
[330.438s][info][gc,cpu      ] GC(586) User=0.00s Sys=0.00s Real=0.00s
[330.438s][info][gc,marking  ] GC(586) Concurrent Clear Claimed Marks
[330.438s][info][gc,marking  ] GC(586) Concurrent Clear Claimed Marks 0.037ms
[330.438s][info][gc,marking  ] GC(586) Concurrent Cleanup for Next Mark
[330.439s][info][gc,marking  ] GC(586) Concurrent Cleanup for Next Mark 0.862ms
[330.439s][info][gc          ] GC(586) Concurrent Mark Cycle 119.532ms
[330.721s][info][gc,start    ] GC(587) Pause Young (Prepare Mixed) (G1 Evacuation Pause)
[330.721s][info][gc,task     ] GC(587) Using 2 workers of 2 for evacuation
[330.747s][info][gc,phases   ] GC(587)   Pre Evacuate Collection Set: 0.17ms
[330.747s][info][gc,phases   ] GC(587)   Merge Heap Roots: 0.08ms
[330.747s][info][gc,phases   ] GC(587)   Evacuate Collection Set: 25.66ms
[330.747s][info][gc,phases   ] GC(587)   Post Evacuate Collection Set: 0.45ms
[330.747s][info][gc,phases   ] GC(587)   Other: 0.08ms
[330.747s][info][gc,heap     ] GC(587) Eden regions: 139->0(138)
[330.747s][info][gc,heap     ] GC(587) Survivor regions: 9->19(19)
[330.747s][info][gc,heap     ] GC(587) Old regions: 84->90
[330.747s][info][gc,heap     ] GC(587) Humongous regions: 4->4
[330.747s][info][gc,metaspace] GC(587) Metaspace: 42772K(43264K)->42772K(43264K) NonClass: 38433K(38720K)->38433K(38720K) Class: 4339K(4544K)->4339K(4544K)
[330.747s][info][gc          ] GC(587) Pause Young (Prepare Mixed) (G1 Evacuation Pause) 235M->113M(294M) 26.660ms
[330.747s][info][gc,cpu      ] GC(587) User=0.05s Sys=0.00s Real=0.03s
[331.111s][info][gc,start    ] GC(588) Pause Young (Mixed) (G1 Evacuation Pause)
[331.111s][info][gc,task     ] GC(588) Using 2 workers of 2 for evacuation
[331.158s][info][gc,phases   ] GC(588)   Pre Evacuate Collection Set: 0.19ms
[331.158s][info][gc,phases   ] GC(588)   Merge Heap Roots: 0.31ms
[331.158s][info][gc,phases   ] GC(588)   Evacuate Collection Set: 46.03ms
[331.158s][info][gc,phases   ] GC(588)   Post Evacuate Collection Set: 0.74ms
[331.158s][info][gc,phases   ] GC(588)   Other: 0.08ms
[331.158s][info][gc,heap     ] GC(588) Eden regions: 138->0(168)
[331.158s][info][gc,heap     ] GC(588) Survivor regions: 19->17(20)
[331.158s][info][gc,heap     ] GC(588) Old regions: 90->81
[331.158s][info][gc,heap     ] GC(588) Humongous regions: 6->6
[331.158s][info][gc,metaspace] GC(588) Metaspace: 42772K(43264K)->42772K(43264K) NonClass: 38433K(38720K)->38433K(38720K) Class: 4339K(4544K)->4339K(4544K)
[331.159s][info][gc          ] GC(588) Pause Young (Mixed) (G1 Evacuation Pause) 253M->103M(322M) 47.583ms
[331.159s][info][gc,cpu      ] GC(588) User=0.10s Sys=0.00s Real=0.05s
[331.531s][info][gc,start    ] GC(589) Pause Young (Concurrent Start) (G1 Humongous Allocation)
[331.531s][info][gc,task     ] GC(589) Using 2 workers of 2 for evacuation
[331.568s][info][gc,phases   ] GC(589)   Pre Evacuate Collection Set: 0.21ms
[331.568s][info][gc,phases   ] GC(589)   Merge Heap Roots: 0.10ms
[331.568s][info][gc,phases   ] GC(589)   Evacuate Collection Set: 36.47ms
[331.568s][info][gc,phases   ] GC(589)   Post Evacuate Collection Set: 0.42ms
[331.568s][info][gc,phases   ] GC(589)   Other: 0.19ms
[331.568s][info][gc,heap     ] GC(589) Eden regions: 133->0(156)
[331.568s][info][gc,heap     ] GC(589) Survivor regions: 17->16(24)
[331.568s][info][gc,heap     ] GC(589) Old regions: 81->98
[331.568s][info][gc,heap     ] GC(589) Humongous regions: 6->6
[331.568s][info][gc,metaspace] GC(589) Metaspace: 42772K(43264K)->42772K(43264K) NonClass: 38433K(38720K)->38433K(38720K) Class: 4339K(4544K)->4339K(4544K)
[331.568s][info][gc          ] GC(589) Pause Young (Concurrent Start) (G1 Humongous Allocation) 236M->119M(322M) 37.595ms
[331.568s][info][gc,cpu      ] GC(589) User=0.07s Sys=0.00s Real=0.04s
[331.568s][info][gc          ] GC(590) Concurrent Mark Cycle
[331.568s][info][gc,marking  ] GC(590) Concurrent Scan Root Regions
[331.595s][info][gc,marking  ] GC(590) Concurrent Scan Root Regions 26.730ms
[331.595s][info][gc,marking  ] GC(590) Concurrent Mark
[331.595s][info][gc,marking  ] GC(590) Concurrent Mark From Roots
[331.595s][info][gc,task     ] GC(590) Using 1 workers of 1 for marking
[331.676s][info][gc,marking  ] GC(590) Concurrent Mark From Roots 80.373ms
[331.676s][info][gc,marking  ] GC(590) Concurrent Preclean
[331.676s][info][gc,marking  ] GC(590) Concurrent Preclean 0.038ms
[331.676s][info][gc,start    ] GC(590) Pause Remark
[331.691s][info][gc          ] GC(590) Pause Remark 145M->144M(322M) 15.383ms
[331.691s][info][gc,cpu      ] GC(590) User=0.03s Sys=0.00s Real=0.01s
[331.691s][info][gc,marking  ] GC(590) Concurrent Mark 96.140ms
[331.691s][info][gc,marking  ] GC(590) Concurrent Rebuild Remembered Sets and Scrub Regions
[331.749s][info][gc,marking  ] GC(590) Concurrent Rebuild Remembered Sets and Scrub Regions 57.197ms
[331.749s][info][gc,start    ] GC(590) Pause Cleanup
[331.749s][info][gc          ] GC(590) Pause Cleanup 166M->166M(322M) 0.055ms
[331.749s][info][gc,cpu      ] GC(590) User=0.00s Sys=0.00s Real=0.00s
[331.749s][info][gc,marking  ] GC(590) Concurrent Clear Claimed Marks
[331.749s][info][gc,marking  ] GC(590) Concurrent Clear Claimed Marks 0.040ms
[331.749s][info][gc,marking  ] GC(590) Concurrent Cleanup for Next Mark
[331.750s][info][gc,marking  ] GC(590) Concurrent Cleanup for Next Mark 1.272ms
[331.750s][info][gc          ] GC(590) Concurrent Mark Cycle 181.922ms
[332.173s][info][gc,start    ] GC(591) Pause Young (Prepare Mixed) (G1 Evacuation Pause)
[332.173s][info][gc,task     ] GC(591) Using 2 workers of 2 for evacuation
[332.225s][info][gc,phases   ] GC(591)   Pre Evacuate Collection Set: 0.33ms
[332.225s][info][gc,phases   ] GC(591)   Merge Heap Roots: 0.12ms
[332.225s][info][gc,phases   ] GC(591)   Evacuate Collection Set: 51.25ms
[332.225s][info][gc,phases   ] GC(591)   Post Evacuate Collection Set: 0.50ms
[332.225s][info][gc,phases   ] GC(591)   Other: 0.10ms
[332.225s][info][gc,heap     ] GC(591) Eden regions: 156->0(129)
[332.225s][info][gc,heap     ] GC(591) Survivor regions: 16->22(22)
[332.225s][info][gc,heap     ] GC(591) Old regions: 98->116
[332.225s][info][gc,heap     ] GC(591) Humongous regions: 9->9
[332.225s][info][gc,metaspace] GC(591) Metaspace: 42772K(43264K)->42772K(43264K) NonClass: 38433K(38720K)->38433K(38720K) Class: 4339K(4544K)->4339K(4544K)
[332.225s][info][gc          ] GC(591) Pause Young (Prepare Mixed) (G1 Evacuation Pause) 278M->147M(322M) 52.574ms
[332.225s][info][gc,cpu      ] GC(591) User=0.10s Sys=0.00s Real=0.06s
[333.450s][info][gc,start    ] GC(592) Pause Young (Mixed) (G1 Evacuation Pause)
[333.450s][info][gc,task     ] GC(592) Using 2 workers of 2 for evacuation
[333.487s][info][gc,phases   ] GC(592)   Pre Evacuate Collection Set: 0.23ms
[333.487s][info][gc,phases   ] GC(592)   Merge Heap Roots: 0.22ms
[333.487s][info][gc,phases   ] GC(592)   Evacuate Collection Set: 35.94ms
[333.487s][info][gc,phases   ] GC(592)   Post Evacuate Collection Set: 0.44ms
[333.487s][info][gc,phases   ] GC(592)   Other: 0.07ms
[333.487s][info][gc,heap     ] GC(592) Eden regions: 129->0(131)
[333.487s][info][gc,heap     ] GC(592) Survivor regions: 22->11(19)
[333.487s][info][gc,heap     ] GC(592) Old regions: 116->118
[333.487s][info][gc,heap     ] GC(592) Humongous regions: 17->15
[333.487s][info][gc,metaspace] GC(592) Metaspace: 42772K(43264K)->42772K(43264K) NonClass: 38433K(38720K)->38433K(38720K) Class: 4339K(4544K)->4339K(4544K)
[333.487s][info][gc          ] GC(592) Pause Young (Mixed) (G1 Evacuation Pause) 284M->143M(322M) 37.091ms
[333.487s][info][gc,cpu      ] GC(592) User=0.07s Sys=0.00s Real=0.04s
[334.103s][info][gc,start    ] GC(593) Pause Young (Concurrent Start) (G1 Evacuation Pause)
[334.103s][info][gc,task     ] GC(593) Using 2 workers of 2 for evacuation
[334.121s][info][gc,phases   ] GC(593)   Pre Evacuate Collection Set: 0.20ms
[334.121s][info][gc,phases   ] GC(593)   Merge Heap Roots: 0.15ms
[334.121s][info][gc,phases   ] GC(593)   Evacuate Collection Set: 16.95ms
[334.121s][info][gc,phases   ] GC(593)   Post Evacuate Collection Set: 0.40ms
[334.121s][info][gc,phases   ] GC(593)   Other: 0.12ms
[334.121s][info][gc,heap     ] GC(593) Eden regions: 131->0(132)
[334.121s][info][gc,heap     ] GC(593) Survivor regions: 11->6(18)
[334.121s][info][gc,heap     ] GC(593) Old regions: 118->128
[334.121s][info][gc,heap     ] GC(593) Humongous regions: 15->15
[334.121s][info][gc,metaspace] GC(593) Metaspace: 42772K(43264K)->42772K(43264K) NonClass: 38433K(38720K)->38433K(38720K) Class: 4339K(4544K)->4339K(4544K)
[334.121s][info][gc          ] GC(593) Pause Young (Concurrent Start) (G1 Evacuation Pause) 274M->148M(322M) 18.022ms
[334.121s][info][gc,cpu      ] GC(593) User=0.03s Sys=0.01s Real=0.02s
[334.122s][info][gc          ] GC(594) Concurrent Mark Cycle
[334.122s][info][gc,marking  ] GC(594) Concurrent Scan Root Regions
[334.133s][info][gc,marking  ] GC(594) Concurrent Scan Root Regions 11.202ms
[334.133s][info][gc,marking  ] GC(594) Concurrent Mark
[334.133s][info][gc,marking  ] GC(594) Concurrent Mark From Roots
[334.133s][info][gc,task     ] GC(594) Using 1 workers of 1 for marking
[334.170s][info][gc,marking  ] GC(594) Concurrent Mark From Roots 36.909ms
[334.170s][info][gc,marking  ] GC(594) Concurrent Preclean
[334.170s][info][gc,marking  ] GC(594) Concurrent Preclean 0.036ms
[334.170s][info][gc,start    ] GC(594) Pause Remark
[334.185s][info][gc          ] GC(594) Pause Remark 157M->129M(322M) 15.386ms
[334.185s][info][gc,cpu      ] GC(594) User=0.03s Sys=0.00s Real=0.02s
[334.185s][info][gc,marking  ] GC(594) Concurrent Mark 52.726ms
[334.186s][info][gc,marking  ] GC(594) Concurrent Rebuild Remembered Sets and Scrub Regions
[334.209s][info][gc,marking  ] GC(594) Concurrent Rebuild Remembered Sets and Scrub Regions 23.109ms
[334.209s][info][gc,start    ] GC(594) Pause Cleanup
[334.209s][info][gc          ] GC(594) Pause Cleanup 133M->133M(322M) 0.079ms
[334.209s][info][gc,cpu      ] GC(594) User=0.00s Sys=0.00s Real=0.00s
[334.209s][info][gc,marking  ] GC(594) Concurrent Clear Claimed Marks
[334.209s][info][gc,marking  ] GC(594) Concurrent Clear Claimed Marks 0.046ms
[334.209s][info][gc,marking  ] GC(594) Concurrent Cleanup for Next Mark
[334.210s][info][gc,marking  ] GC(594) Concurrent Cleanup for Next Mark 0.956ms
[334.210s][info][gc          ] GC(594) Concurrent Mark Cycle 88.439ms
[334.944s][info][gc,start    ] GC(595) Pause Young (Prepare Mixed) (G1 Evacuation Pause)
[334.945s][info][gc,task     ] GC(595) Using 2 workers of 2 for evacuation
[334.959s][info][gc,phases   ] GC(595)   Pre Evacuate Collection Set: 0.18ms
[334.959s][info][gc,phases   ] GC(595)   Merge Heap Roots: 0.07ms
[334.959s][info][gc,phases   ] GC(595)   Evacuate Collection Set: 14.16ms
[334.959s][info][gc,phases   ] GC(595)   Post Evacuate Collection Set: 0.39ms
[334.959s][info][gc,phases   ] GC(595)   Other: 0.08ms
[334.959s][info][gc,heap     ] GC(595) Eden regions: 132->0(149)
[334.959s][info][gc,heap     ] GC(595) Survivor regions: 6->16(18)
[334.959s][info][gc,heap     ] GC(595) Old regions: 114->114
[334.959s][info][gc,heap     ] GC(595) Humongous regions: 1->1
[334.959s][info][gc,metaspace] GC(595) Metaspace: 42772K(43264K)->42772K(43264K) NonClass: 38433K(38720K)->38433K(38720K) Class: 4339K(4544K)->4339K(4544K)
[334.960s][info][gc          ] GC(595) Pause Young (Prepare Mixed) (G1 Evacuation Pause) 252M->130M(322M) 15.068ms
[334.960s][info][gc,cpu      ] GC(595) User=0.03s Sys=0.00s Real=0.02s
[335.922s][info][gc,start    ] GC(596) Pause Young (Mixed) (G1 Evacuation Pause)
[335.922s][info][gc,task     ] GC(596) Using 2 workers of 2 for evacuation
[335.953s][info][gc,phases   ] GC(596)   Pre Evacuate Collection Set: 0.23ms
[335.953s][info][gc,phases   ] GC(596)   Merge Heap Roots: 0.13ms
[335.953s][info][gc,phases   ] GC(596)   Evacuate Collection Set: 29.82ms
[335.953s][info][gc,phases   ] GC(596)   Post Evacuate Collection Set: 0.47ms
[335.953s][info][gc,phases   ] GC(596)   Other: 0.09ms
[335.953s][info][gc,heap     ] GC(596) Eden regions: 149->0(159)
[335.953s][info][gc,heap     ] GC(596) Survivor regions: 16->21(21)
[335.953s][info][gc,heap     ] GC(596) Old regions: 114->94
[335.953s][info][gc,heap     ] GC(596) Humongous regions: 1->1
[335.953s][info][gc,metaspace] GC(596) Metaspace: 42772K(43264K)->42772K(43264K) NonClass: 38433K(38720K)->38433K(38720K) Class: 4339K(4544K)->4339K(4544K)
[335.953s][info][gc          ] GC(596) Pause Young (Mixed) (G1 Evacuation Pause) 279M->115M(322M) 30.979ms
[335.953s][info][gc,cpu      ] GC(596) User=0.06s Sys=0.00s Real=0.03s
[336.978s][info][gc,start    ] GC(597) Pause Young (Mixed) (G1 Evacuation Pause)
[336.978s][info][gc,task     ] GC(597) Using 2 workers of 2 for evacuation
[337.012s][info][gc,phases   ] GC(597)   Pre Evacuate Collection Set: 0.20ms
[337.012s][info][gc,phases   ] GC(597)   Merge Heap Roots: 0.15ms
[337.012s][info][gc,phases   ] GC(597)   Evacuate Collection Set: 33.21ms
[337.012s][info][gc,phases   ] GC(597)   Post Evacuate Collection Set: 0.47ms
[337.012s][info][gc,phases   ] GC(597)   Other: 0.07ms
[337.012s][info][gc,heap     ] GC(597) Eden regions: 159->0(175)
[337.012s][info][gc,heap     ] GC(597) Survivor regions: 21->15(23)
[337.012s][info][gc,heap     ] GC(597) Old regions: 94->83
[337.012s][info][gc,heap     ] GC(597) Humongous regions: 1->1
[337.012s][info][gc,metaspace] GC(597) Metaspace: 42772K(43264K)->42772K(43264K) NonClass: 38433K(38720K)->38433K(38720K) Class: 4339K(4544K)->4339K(4544K)
[337.013s][info][gc          ] GC(597) Pause Young (Mixed) (G1 Evacuation Pause) 274M->98M(322M) 34.329ms
[337.013s][info][gc,cpu      ] GC(597) User=0.07s Sys=0.00s Real=0.03s
[337.160s][info][gc,start    ] GC(598) Pause Young (Concurrent Start) (G1 Humongous Allocation)
[337.160s][info][gc,task     ] GC(598) Using 2 workers of 2 for evacuation
[337.174s][info][gc,phases   ] GC(598)   Pre Evacuate Collection Set: 0.20ms
[337.174s][info][gc,phases   ] GC(598)   Merge Heap Roots: 0.04ms
[337.174s][info][gc,phases   ] GC(598)   Evacuate Collection Set: 13.58ms
[337.174s][info][gc,phases   ] GC(598)   Post Evacuate Collection Set: 0.36ms
[337.174s][info][gc,phases   ] GC(598)   Other: 0.09ms
[337.174s][info][gc,heap     ] GC(598) Eden regions: 22->0(171)
[337.174s][info][gc,heap     ] GC(598) Survivor regions: 15->4(24)
[337.175s][info][gc,heap     ] GC(598) Old regions: 83->98
[337.175s][info][gc,heap     ] GC(598) Humongous regions: 1->1
[337.175s][info][gc,metaspace] GC(598) Metaspace: 42772K(43264K)->42772K(43264K) NonClass: 38433K(38720K)->38433K(38720K) Class: 4339K(4544K)->4339K(4544K)
[337.175s][info][gc          ] GC(598) Pause Young (Concurrent Start) (G1 Humongous Allocation) 119M->101M(322M) 14.487ms
[337.175s][info][gc,cpu      ] GC(598) User=0.03s Sys=0.00s Real=0.01s
[337.175s][info][gc          ] GC(599) Concurrent Mark Cycle
[337.175s][info][gc,marking  ] GC(599) Concurrent Scan Root Regions
[337.192s][info][gc,marking  ] GC(599) Concurrent Scan Root Regions 17.347ms
[337.192s][info][gc,marking  ] GC(599) Concurrent Mark
[337.192s][info][gc,marking  ] GC(599) Concurrent Mark From Roots
[337.192s][info][gc,task     ] GC(599) Using 1 workers of 1 for marking
[337.233s][info][gc,marking  ] GC(599) Concurrent Mark From Roots 41.375ms
[337.233s][info][gc,marking  ] GC(599) Concurrent Preclean
[337.234s][info][gc,marking  ] GC(599) Concurrent Preclean 0.037ms
[337.234s][info][gc,start    ] GC(599) Pause Remark
[337.250s][info][gc          ] GC(599) Pause Remark 112M->101M(310M) 15.866ms
[337.250s][info][gc,cpu      ] GC(599) User=0.03s Sys=0.01s Real=0.02s
[337.250s][info][gc,marking  ] GC(599) Concurrent Mark 57.571ms
[337.250s][info][gc,marking  ] GC(599) Concurrent Rebuild Remembered Sets and Scrub Regions
[337.280s][info][gc,marking  ] GC(599) Concurrent Rebuild Remembered Sets and Scrub Regions 30.247ms
[337.280s][info][gc,start    ] GC(599) Pause Cleanup
[337.280s][info][gc          ] GC(599) Pause Cleanup 106M->106M(310M) 0.056ms
[337.280s][info][gc,cpu      ] GC(599) User=0.00s Sys=0.00s Real=0.00s
[337.280s][info][gc,marking  ] GC(599) Concurrent Clear Claimed Marks
[337.280s][info][gc,marking  ] GC(599) Concurrent Clear Claimed Marks 0.040ms
[337.280s][info][gc,marking  ] GC(599) Concurrent Cleanup for Next Mark
[337.281s][info][gc,marking  ] GC(599) Concurrent Cleanup for Next Mark 0.931ms
[337.281s][info][gc          ] GC(599) Concurrent Mark Cycle 106.578ms
[338.280s][info][gc,start    ] GC(600) Pause Young (Prepare Mixed) (G1 Evacuation Pause)
[338.280s][info][gc,task     ] GC(600) Using 2 workers of 2 for evacuation
[338.298s][info][gc,phases   ] GC(600)   Pre Evacuate Collection Set: 0.18ms
[338.298s][info][gc,phases   ] GC(600)   Merge Heap Roots: 0.10ms
[338.298s][info][gc,phases   ] GC(600)   Evacuate Collection Set: 17.29ms
[338.298s][info][gc,phases   ] GC(600)   Post Evacuate Collection Set: 0.46ms
[338.298s][info][gc,phases   ] GC(600)   Other: 0.08ms
[338.298s][info][gc,heap     ] GC(600) Eden regions: 171->0(161)
[338.298s][info][gc,heap     ] GC(600) Survivor regions: 4->17(22)
[338.298s][info][gc,heap     ] GC(600) Old regions: 87->87
[338.298s][info][gc,heap     ] GC(600) Humongous regions: 2->2
[338.298s][info][gc,metaspace] GC(600) Metaspace: 42772K(43264K)->42772K(43264K) NonClass: 38433K(38720K)->38433K(38720K) Class: 4339K(4544K)->4339K(4544K)
[338.298s][info][gc          ] GC(600) Pause Young (Prepare Mixed) (G1 Evacuation Pause) 262M->105M(310M) 18.304ms
[338.298s][info][gc,cpu      ] GC(600) User=0.04s Sys=0.00s Real=0.02s
[339.118s][info][gc,start    ] GC(601) Pause Young (Mixed) (G1 Evacuation Pause)
[339.118s][info][gc,task     ] GC(601) Using 2 workers of 2 for evacuation
[339.151s][info][gc,phases   ] GC(601)   Pre Evacuate Collection Set: 0.19ms
[339.151s][info][gc,phases   ] GC(601)   Merge Heap Roots: 0.24ms
[339.151s][info][gc,phases   ] GC(601)   Evacuate Collection Set: 31.61ms
[339.151s][info][gc,phases   ] GC(601)   Post Evacuate Collection Set: 0.58ms
[339.151s][info][gc,phases   ] GC(601)   Other: 0.09ms
[339.151s][info][gc,heap     ] GC(601) Eden regions: 161->0(168)
[339.151s][info][gc,heap     ] GC(601) Survivor regions: 17->18(23)
[339.151s][info][gc,heap     ] GC(601) Old regions: 87->69
[339.151s][info][gc,heap     ] GC(601) Humongous regions: 6->4
[339.151s][info][gc,metaspace] GC(601) Metaspace: 42772K(43264K)->42772K(43264K) NonClass: 38433K(38720K)->38433K(38720K) Class: 4339K(4544K)->4339K(4544K)
[339.151s][info][gc          ] GC(601) Pause Young (Mixed) (G1 Evacuation Pause) 269M->90M(310M) 32.923ms
[339.151s][info][gc,cpu      ] GC(601) User=0.06s Sys=0.00s Real=0.03s
[339.160s][info][gc,start    ] GC(602) Pause Young (Concurrent Start) (G1 Humongous Allocation)
[339.160s][info][gc,task     ] GC(602) Using 2 workers of 2 for evacuation
[339.169s][info][gc,phases   ] GC(602)   Pre Evacuate Collection Set: 0.18ms
[339.169s][info][gc,phases   ] GC(602)   Merge Heap Roots: 0.06ms
[339.169s][info][gc,phases   ] GC(602)   Evacuate Collection Set: 8.77ms
[339.169s][info][gc,phases   ] GC(602)   Post Evacuate Collection Set: 0.31ms
[339.169s][info][gc,phases   ] GC(602)   Other: 0.09ms
[339.169s][info][gc,heap     ] GC(602) Eden regions: 2->0(176)
[339.169s][info][gc,heap     ] GC(602) Survivor regions: 18->1(24)
[339.169s][info][gc,heap     ] GC(602) Old regions: 69->81
[339.169s][info][gc,heap     ] GC(602) Humongous regions: 4->2
[339.169s][info][gc,metaspace] GC(602) Metaspace: 42772K(43264K)->42772K(43264K) NonClass: 38433K(38720K)->38433K(38720K) Class: 4339K(4544K)->4339K(4544K)
[339.169s][info][gc          ] GC(602) Pause Young (Concurrent Start) (G1 Humongous Allocation) 92M->83M(310M) 9.603ms
[339.169s][info][gc,cpu      ] GC(602) User=0.01s Sys=0.00s Real=0.01s
[339.170s][info][gc          ] GC(603) Concurrent Mark Cycle
[339.170s][info][gc,marking  ] GC(603) Concurrent Scan Root Regions
[339.192s][info][gc,marking  ] GC(603) Concurrent Scan Root Regions 22.317ms
[339.192s][info][gc,marking  ] GC(603) Concurrent Mark
[339.192s][info][gc,marking  ] GC(603) Concurrent Mark From Roots
[339.192s][info][gc,task     ] GC(603) Using 1 workers of 1 for marking
[339.235s][info][gc,marking  ] GC(603) Concurrent Mark From Roots 42.768ms
[339.235s][info][gc,marking  ] GC(603) Concurrent Preclean
[339.235s][info][gc,marking  ] GC(603) Concurrent Preclean 0.035ms
[339.235s][info][gc,start    ] GC(603) Pause Remark
[339.250s][info][gc          ] GC(603) Pause Remark 96M->80M(256M) 14.888ms
[339.250s][info][gc,cpu      ] GC(603) User=0.03s Sys=0.00s Real=0.01s
[339.250s][info][gc,marking  ] GC(603) Concurrent Mark 57.960ms
[339.250s][info][gc,marking  ] GC(603) Concurrent Rebuild Remembered Sets and Scrub Regions
[339.272s][info][gc,marking  ] GC(603) Concurrent Rebuild Remembered Sets and Scrub Regions 21.754ms
[339.272s][info][gc,start    ] GC(603) Pause Cleanup
[339.272s][info][gc          ] GC(603) Pause Cleanup 83M->83M(256M) 0.047ms
[339.272s][info][gc,cpu      ] GC(603) User=0.00s Sys=0.00s Real=0.00s
[339.272s][info][gc,marking  ] GC(603) Concurrent Clear Claimed Marks
[339.272s][info][gc,marking  ] GC(603) Concurrent Clear Claimed Marks 0.034ms
[339.272s][info][gc,marking  ] GC(603) Concurrent Cleanup for Next Mark
[339.273s][info][gc,marking  ] GC(603) Concurrent Cleanup for Next Mark 0.761ms
[339.273s][info][gc          ] GC(603) Concurrent Mark Cycle 103.189ms
[339.860s][info][gc,start    ] GC(604) Pause Young (Prepare Mixed) (G1 Evacuation Pause)
[339.860s][info][gc,task     ] GC(604) Using 2 workers of 2 for evacuation
[339.871s][info][gc,phases   ] GC(604)   Pre Evacuate Collection Set: 0.16ms
[339.871s][info][gc,phases   ] GC(604)   Merge Heap Roots: 0.09ms
[339.871s][info][gc,phases   ] GC(604)   Evacuate Collection Set: 9.84ms
[339.871s][info][gc,phases   ] GC(604)   Post Evacuate Collection Set: 0.42ms
[339.871s][info][gc,phases   ] GC(604)   Other: 0.10ms
[339.871s][info][gc,heap     ] GC(604) Eden regions: 152->0(136)
[339.871s][info][gc,heap     ] GC(604) Survivor regions: 1->12(20)
[339.871s][info][gc,heap     ] GC(604) Old regions: 65->65
[339.871s][info][gc,heap     ] GC(604) Humongous regions: 18->3
[339.871s][info][gc,metaspace] GC(604) Metaspace: 42772K(43264K)->42772K(43264K) NonClass: 38433K(38720K)->38433K(38720K) Class: 4339K(4544K)->4339K(4544K)
[339.871s][info][gc          ] GC(604) Pause Young (Prepare Mixed) (G1 Evacuation Pause) 235M->79M(256M) 10.792ms
[339.871s][info][gc,cpu      ] GC(604) User=0.02s Sys=0.00s Real=0.01s
[340.467s][info][gc,start    ] GC(605) Pause Young (Mixed) (G1 Evacuation Pause)
[340.467s][info][gc,task     ] GC(605) Using 2 workers of 2 for evacuation
[340.473s][info][gc,phases   ] GC(605)   Pre Evacuate Collection Set: 0.18ms
[340.473s][info][gc,phases   ] GC(605)   Merge Heap Roots: 0.10ms
[340.473s][info][gc,phases   ] GC(605)   Evacuate Collection Set: 6.03ms
[340.473s][info][gc,phases   ] GC(605)   Post Evacuate Collection Set: 0.43ms
[340.473s][info][gc,phases   ] GC(605)   Other: 0.09ms
[340.473s][info][gc,heap     ] GC(605) Eden regions: 136->0(148)
[340.473s][info][gc,heap     ] GC(605) Survivor regions: 12->5(19)
[340.474s][info][gc,heap     ] GC(605) Old regions: 65->52
[340.474s][info][gc,heap     ] GC(605) Humongous regions: 8->3
[340.474s][info][gc,metaspace] GC(605) Metaspace: 42772K(43264K)->42772K(43264K) NonClass: 38433K(38720K)->38433K(38720K) Class: 4339K(4544K)->4339K(4544K)
[340.474s][info][gc          ] GC(605) Pause Young (Mixed) (G1 Evacuation Pause) 220M->58M(256M) 6.989ms
[340.474s][info][gc,cpu      ] GC(605) User=0.01s Sys=0.00s Real=0.00s
[340.497s][info][gc,start    ] GC(606) Pause Young (Concurrent Start) (G1 Humongous Allocation)
[340.497s][info][gc,task     ] GC(606) Using 2 workers of 2 for evacuation
[340.499s][info][gc,phases   ] GC(606)   Pre Evacuate Collection Set: 0.15ms
[340.499s][info][gc,phases   ] GC(606)   Merge Heap Roots: 0.04ms
[340.499s][info][gc,phases   ] GC(606)   Evacuate Collection Set: 1.67ms
[340.499s][info][gc,phases   ] GC(606)   Post Evacuate Collection Set: 0.26ms
[340.499s][info][gc,phases   ] GC(606)   Other: 0.07ms
[340.499s][info][gc,heap     ] GC(606) Eden regions: 5->0(151)
[340.499s][info][gc,heap     ] GC(606) Survivor regions: 5->2(20)
[340.499s][info][gc,heap     ] GC(606) Old regions: 52->52
[340.499s][info][gc,heap     ] GC(606) Humongous regions: 3->1
[340.499s][info][gc,metaspace] GC(606) Metaspace: 42772K(43264K)->42772K(43264K) NonClass: 38433K(38720K)->38433K(38720K) Class: 4339K(4544K)->4339K(4544K)
[340.499s][info][gc          ] GC(606) Pause Young (Concurrent Start) (G1 Humongous Allocation) 63M->53M(256M) 2.369ms
[340.499s][info][gc,cpu      ] GC(606) User=0.01s Sys=0.00s Real=0.00s
[340.499s][info][gc          ] GC(607) Concurrent Mark Cycle
[340.499s][info][gc,marking  ] GC(607) Concurrent Scan Root Regions
[340.501s][info][gc,marking  ] GC(607) Concurrent Scan Root Regions 1.886ms
[340.501s][info][gc,marking  ] GC(607) Concurrent Mark
[340.501s][info][gc,marking  ] GC(607) Concurrent Mark From Roots
[340.501s][info][gc,task     ] GC(607) Using 1 workers of 1 for marking
[340.551s][info][gc,marking  ] GC(607) Concurrent Mark From Roots 49.616ms
[340.551s][info][gc,marking  ] GC(607) Concurrent Preclean
[340.551s][info][gc,marking  ] GC(607) Concurrent Preclean 0.036ms
[340.551s][info][gc,start    ] GC(607) Pause Remark
[340.566s][info][gc          ] GC(607) Pause Remark 66M->65M(256M) 15.242ms
[340.566s][info][gc,cpu      ] GC(607) User=0.03s Sys=0.00s Real=0.02s
[340.566s][info][gc,marking  ] GC(607) Concurrent Mark 65.159ms
[340.566s][info][gc,marking  ] GC(607) Concurrent Rebuild Remembered Sets and Scrub Regions
[340.587s][info][gc,marking  ] GC(607) Concurrent Rebuild Remembered Sets and Scrub Regions 21.078ms
[340.587s][info][gc,start    ] GC(607) Pause Cleanup
[340.587s][info][gc          ] GC(607) Pause Cleanup 70M->70M(256M) 0.046ms
[340.587s][info][gc,cpu      ] GC(607) User=0.00s Sys=0.00s Real=0.00s
[340.588s][info][gc,marking  ] GC(607) Concurrent Clear Claimed Marks
[340.588s][info][gc,marking  ] GC(607) Concurrent Clear Claimed Marks 0.052ms
[340.588s][info][gc,marking  ] GC(607) Concurrent Cleanup for Next Mark
[340.589s][info][gc,marking  ] GC(607) Concurrent Cleanup for Next Mark 0.784ms
[340.589s][info][gc          ] GC(607) Concurrent Mark Cycle 89.831ms
[341.108s][info][gc,start    ] GC(608) Pause Young (Prepare Mixed) (G1 Evacuation Pause)
[341.109s][info][gc,task     ] GC(608) Using 2 workers of 2 for evacuation
[341.129s][info][gc,phases   ] GC(608)   Pre Evacuate Collection Set: 0.18ms
[341.129s][info][gc,phases   ] GC(608)   Merge Heap Roots: 0.06ms
[341.129s][info][gc,phases   ] GC(608)   Evacuate Collection Set: 20.00ms
[341.129s][info][gc,phases   ] GC(608)   Post Evacuate Collection Set: 0.45ms
[341.129s][info][gc,phases   ] GC(608)   Other: 0.09ms
[341.129s][info][gc,heap     ] GC(608) Eden regions: 151->0(133)
[341.129s][info][gc,heap     ] GC(608) Survivor regions: 2->20(20)
[341.129s][info][gc,heap     ] GC(608) Old regions: 50->51
[341.129s][info][gc,heap     ] GC(608) Humongous regions: 7->3
[341.129s][info][gc,metaspace] GC(608) Metaspace: 42772K(43264K)->42772K(43264K) NonClass: 38433K(38720K)->38433K(38720K) Class: 4339K(4544K)->4339K(4544K)
[341.129s][info][gc          ] GC(608) Pause Young (Prepare Mixed) (G1 Evacuation Pause) 209M->73M(256M) 20.998ms
[341.129s][info][gc,cpu      ] GC(608) User=0.04s Sys=0.00s Real=0.02s
[341.743s][info][gc,start    ] GC(609) Pause Young (Mixed) (G1 Evacuation Pause)
[341.743s][info][gc,task     ] GC(609) Using 2 workers of 2 for evacuation
[341.770s][info][gc,phases   ] GC(609)   Pre Evacuate Collection Set: 0.19ms
[341.770s][info][gc,phases   ] GC(609)   Merge Heap Roots: 0.09ms
[341.770s][info][gc,phases   ] GC(609)   Evacuate Collection Set: 26.20ms
[341.770s][info][gc,phases   ] GC(609)   Post Evacuate Collection Set: 0.78ms
[341.770s][info][gc,phases   ] GC(609)   Other: 0.09ms
[341.770s][info][gc,heap     ] GC(609) Eden regions: 133->0(140)
[341.770s][info][gc,heap     ] GC(609) Survivor regions: 20->13(20)
[341.770s][info][gc,heap     ] GC(609) Old regions: 51->51
[341.770s][info][gc,heap     ] GC(609) Humongous regions: 9->3
[341.770s][info][gc,metaspace] GC(609) Metaspace: 42772K(43264K)->42772K(43264K) NonClass: 38433K(38720K)->38433K(38720K) Class: 4339K(4544K)->4339K(4544K)
[341.770s][info][gc          ] GC(609) Pause Young (Mixed) (G1 Evacuation Pause) 212M->66M(256M) 27.542ms
[341.770s][info][gc,cpu      ] GC(609) User=0.06s Sys=0.00s Real=0.03s
[341.777s][info][gc,start    ] GC(610) Pause Young (Concurrent Start) (G1 Humongous Allocation)
[341.777s][info][gc,task     ] GC(610) Using 2 workers of 2 for evacuation
[341.788s][info][gc,phases   ] GC(610)   Pre Evacuate Collection Set: 0.15ms
[341.788s][info][gc,phases   ] GC(610)   Merge Heap Roots: 0.07ms
[341.788s][info][gc,phases   ] GC(610)   Evacuate Collection Set: 9.64ms
[341.788s][info][gc,phases   ] GC(610)   Post Evacuate Collection Set: 0.28ms
[341.788s][info][gc,phases   ] GC(610)   Other: 0.10ms
[341.788s][info][gc,heap     ] GC(610) Eden regions: 2->0(149)
[341.788s][info][gc,heap     ] GC(610) Survivor regions: 13->1(20)
[341.788s][info][gc,heap     ] GC(610) Old regions: 51->60
[341.788s][info][gc,heap     ] GC(610) Humongous regions: 3->1
[341.788s][info][gc,metaspace] GC(610) Metaspace: 42772K(43264K)->42772K(43264K) NonClass: 38433K(38720K)->38433K(38720K) Class: 4339K(4544K)->4339K(4544K)
[341.788s][info][gc          ] GC(610) Pause Young (Concurrent Start) (G1 Humongous Allocation) 68M->61M(256M) 10.399ms
[341.788s][info][gc,cpu      ] GC(610) User=0.02s Sys=0.00s Real=0.01s
[341.788s][info][gc          ] GC(611) Concurrent Mark Cycle
[341.788s][info][gc,marking  ] GC(611) Concurrent Scan Root Regions
[341.805s][info][gc,marking  ] GC(611) Concurrent Scan Root Regions 17.171ms
[341.805s][info][gc,marking  ] GC(611) Concurrent Mark
[341.805s][info][gc,marking  ] GC(611) Concurrent Mark From Roots
[341.805s][info][gc,task     ] GC(611) Using 1 workers of 1 for marking
[341.865s][info][gc,marking  ] GC(611) Concurrent Mark From Roots 60.443ms
[341.865s][info][gc,marking  ] GC(611) Concurrent Preclean
[341.866s][info][gc,marking  ] GC(611) Concurrent Preclean 0.036ms
[341.866s][info][gc,start    ] GC(611) Pause Remark
[341.881s][info][gc          ] GC(611) Pause Remark 78M->78M(256M) 15.731ms
[341.881s][info][gc,cpu      ] GC(611) User=0.03s Sys=0.00s Real=0.01s
[341.884s][info][gc,marking  ] GC(611) Concurrent Mark 79.021ms
[341.884s][info][gc,marking  ] GC(611) Concurrent Rebuild Remembered Sets and Scrub Regions
[341.915s][info][gc,marking  ] GC(611) Concurrent Rebuild Remembered Sets and Scrub Regions 31.093ms
[341.915s][info][gc,start    ] GC(611) Pause Cleanup
[341.915s][info][gc          ] GC(611) Pause Cleanup 84M->84M(256M) 0.067ms
[341.915s][info][gc,cpu      ] GC(611) User=0.00s Sys=0.00s Real=0.00s
[341.915s][info][gc,marking  ] GC(611) Concurrent Clear Claimed Marks
[341.916s][info][gc,marking  ] GC(611) Concurrent Clear Claimed Marks 0.045ms
[341.916s][info][gc,marking  ] GC(611) Concurrent Cleanup for Next Mark
[341.916s][info][gc,marking  ] GC(611) Concurrent Cleanup for Next Mark 0.798ms
[341.916s][info][gc          ] GC(611) Concurrent Mark Cycle 128.631ms
[342.403s][info][gc,start    ] GC(612) Pause Young (Prepare Mixed) (G1 Evacuation Pause)
[342.403s][info][gc,task     ] GC(612) Using 2 workers of 2 for evacuation
[342.405s][info][gc,phases   ] GC(612)   Pre Evacuate Collection Set: 0.16ms
[342.405s][info][gc,phases   ] GC(612)   Merge Heap Roots: 0.08ms
[342.405s][info][gc,phases   ] GC(612)   Evacuate Collection Set: 1.67ms
[342.405s][info][gc,phases   ] GC(612)   Post Evacuate Collection Set: 0.41ms
[342.405s][info][gc,phases   ] GC(612)   Other: 0.07ms
[342.405s][info][gc,heap     ] GC(612) Eden regions: 149->0(151)
[342.405s][info][gc,heap     ] GC(612) Survivor regions: 1->2(19)
[342.405s][info][gc,heap     ] GC(612) Old regions: 60->60
[342.405s][info][gc,heap     ] GC(612) Humongous regions: 17->3
[342.405s][info][gc,metaspace] GC(612) Metaspace: 42772K(43264K)->42772K(43264K) NonClass: 38433K(38720K)->38433K(38720K) Class: 4339K(4544K)->4339K(4544K)
[342.405s][info][gc          ] GC(612) Pause Young (Prepare Mixed) (G1 Evacuation Pause) 226M->64M(256M) 2.555ms
[342.405s][info][gc,cpu      ] GC(612) User=0.00s Sys=0.00s Real=0.01s
[343.032s][info][gc,start    ] GC(613) Pause Young (Mixed) (G1 Evacuation Pause)
[343.032s][info][gc,task     ] GC(613) Using 2 workers of 2 for evacuation
[343.041s][info][gc,phases   ] GC(613)   Pre Evacuate Collection Set: 0.18ms
[343.041s][info][gc,phases   ] GC(613)   Merge Heap Roots: 0.11ms
[343.041s][info][gc,phases   ] GC(613)   Evacuate Collection Set: 8.31ms
[343.041s][info][gc,phases   ] GC(613)   Post Evacuate Collection Set: 0.41ms
[343.041s][info][gc,phases   ] GC(613)   Other: 0.08ms
[343.041s][info][gc,heap     ] GC(613) Eden regions: 151->0(148)
[343.041s][info][gc,heap     ] GC(613) Survivor regions: 2->5(20)
[343.041s][info][gc,heap     ] GC(613) Old regions: 60->57
[343.041s][info][gc,heap     ] GC(613) Humongous regions: 13->3
[343.041s][info][gc,metaspace] GC(613) Metaspace: 42773K(43264K)->42773K(43264K) NonClass: 38434K(38720K)->38434K(38720K) Class: 4339K(4544K)->4339K(4544K)
[343.041s][info][gc          ] GC(613) Pause Young (Mixed) (G1 Evacuation Pause) 225M->64M(256M) 9.283ms
[343.041s][info][gc,cpu      ] GC(613) User=0.02s Sys=0.00s Real=0.01s
[343.058s][info][gc,start    ] GC(614) Pause Young (Concurrent Start) (G1 Humongous Allocation)
[343.059s][info][gc,task     ] GC(614) Using 2 workers of 2 for evacuation
[343.061s][info][gc,phases   ] GC(614)   Pre Evacuate Collection Set: 0.17ms
[343.061s][info][gc,phases   ] GC(614)   Merge Heap Roots: 0.04ms
[343.061s][info][gc,phases   ] GC(614)   Evacuate Collection Set: 2.19ms
[343.061s][info][gc,phases   ] GC(614)   Post Evacuate Collection Set: 0.27ms
[343.061s][info][gc,phases   ] GC(614)   Other: 0.07ms
[343.061s][info][gc,heap     ] GC(614) Eden regions: 4->0(150)
[343.061s][info][gc,heap     ] GC(614) Survivor regions: 5->3(20)
[343.061s][info][gc,heap     ] GC(614) Old regions: 57->57
[343.061s][info][gc,heap     ] GC(614) Humongous regions: 3->1
[343.061s][info][gc,metaspace] GC(614) Metaspace: 42773K(43264K)->42773K(43264K) NonClass: 38434K(38720K)->38434K(38720K) Class: 4339K(4544K)->4339K(4544K)
[343.061s][info][gc          ] GC(614) Pause Young (Concurrent Start) (G1 Humongous Allocation) 68M->60M(256M) 2.904ms
[343.061s][info][gc,cpu      ] GC(614) User=0.00s Sys=0.00s Real=0.00s
[343.061s][info][gc          ] GC(615) Concurrent Mark Cycle
[343.061s][info][gc,marking  ] GC(615) Concurrent Scan Root Regions
[343.064s][info][gc,marking  ] GC(615) Concurrent Scan Root Regions 2.420ms
[343.064s][info][gc,marking  ] GC(615) Concurrent Mark
[343.064s][info][gc,marking  ] GC(615) Concurrent Mark From Roots
[343.064s][info][gc,task     ] GC(615) Using 1 workers of 1 for marking
[343.117s][info][gc,marking  ] GC(615) Concurrent Mark From Roots 52.719ms
[343.117s][info][gc,marking  ] GC(615) Concurrent Preclean
[343.117s][info][gc,marking  ] GC(615) Concurrent Preclean 0.036ms
[343.117s][info][gc,start    ] GC(615) Pause Remark
[343.133s][info][gc          ] GC(615) Pause Remark 74M->73M(256M) 16.352ms
[343.133s][info][gc,cpu      ] GC(615) User=0.04s Sys=0.00s Real=0.01s
[343.133s][info][gc,marking  ] GC(615) Concurrent Mark 69.501ms
[343.133s][info][gc,marking  ] GC(615) Concurrent Rebuild Remembered Sets and Scrub Regions
[343.153s][info][gc,marking  ] GC(615) Concurrent Rebuild Remembered Sets and Scrub Regions 19.753ms
[343.153s][info][gc,start    ] GC(615) Pause Cleanup
[343.153s][info][gc          ] GC(615) Pause Cleanup 76M->76M(256M) 0.050ms
[343.153s][info][gc,cpu      ] GC(615) User=0.00s Sys=0.00s Real=0.00s
[343.153s][info][gc,marking  ] GC(615) Concurrent Clear Claimed Marks
[343.153s][info][gc,marking  ] GC(615) Concurrent Clear Claimed Marks 0.038ms
[343.154s][info][gc,marking  ] GC(615) Concurrent Cleanup for Next Mark
[343.154s][info][gc,marking  ] GC(615) Concurrent Cleanup for Next Mark 0.786ms
[343.154s][info][gc          ] GC(615) Concurrent Mark Cycle 92.886ms
[343.684s][info][gc,start    ] GC(616) Pause Young (Prepare Mixed) (G1 Evacuation Pause)
[343.684s][info][gc,task     ] GC(616) Using 2 workers of 2 for evacuation
[343.708s][info][gc,phases   ] GC(616)   Pre Evacuate Collection Set: 0.17ms
[343.708s][info][gc,phases   ] GC(616)   Merge Heap Roots: 0.06ms
[343.708s][info][gc,phases   ] GC(616)   Evacuate Collection Set: 23.03ms
[343.708s][info][gc,phases   ] GC(616)   Post Evacuate Collection Set: 0.45ms
[343.708s][info][gc,phases   ] GC(616)   Other: 0.10ms
[343.708s][info][gc,heap     ] GC(616) Eden regions: 150->0(130)
[343.708s][info][gc,heap     ] GC(616) Survivor regions: 3->20(20)
[343.708s][info][gc,heap     ] GC(616) Old regions: 56->62
[343.708s][info][gc,heap     ] GC(616) Humongous regions: 7->3
[343.708s][info][gc,metaspace] GC(616) Metaspace: 42773K(43264K)->42773K(43264K) NonClass: 38434K(38720K)->38434K(38720K) Class: 4339K(4544K)->4339K(4544K)
[343.708s][info][gc          ] GC(616) Pause Young (Prepare Mixed) (G1 Evacuation Pause) 215M->84M(256M) 24.008ms
[343.708s][info][gc,cpu      ] GC(616) User=0.05s Sys=0.00s Real=0.03s
[344.373s][info][gc,start    ] GC(617) Pause Young (Mixed) (G1 Evacuation Pause)
[344.373s][info][gc,task     ] GC(617) Using 2 workers of 2 for evacuation
[344.413s][info][gc,phases   ] GC(617)   Pre Evacuate Collection Set: 0.20ms
[344.413s][info][gc,phases   ] GC(617)   Merge Heap Roots: 0.15ms
[344.413s][info][gc,phases   ] GC(617)   Evacuate Collection Set: 38.98ms
[344.413s][info][gc,phases   ] GC(617)   Post Evacuate Collection Set: 0.66ms
[344.413s][info][gc,phases   ] GC(617)   Other: 0.09ms
[344.413s][info][gc,heap     ] GC(617) Eden regions: 130->0(138)
[344.413s][info][gc,heap     ] GC(617) Survivor regions: 20->12(19)
[344.413s][info][gc,heap     ] GC(617) Old regions: 62->61
[344.413s][info][gc,heap     ] GC(617) Humongous regions: 3->3
[344.413s][info][gc,metaspace] GC(617) Metaspace: 42773K(43264K)->42773K(43264K) NonClass: 38434K(38720K)->38434K(38720K) Class: 4339K(4544K)->4339K(4544K)
[344.413s][info][gc          ] GC(617) Pause Young (Mixed) (G1 Evacuation Pause) 214M->75M(256M) 40.294ms
[344.413s][info][gc,cpu      ] GC(617) User=0.08s Sys=0.00s Real=0.04s
[344.943s][info][gc,start    ] GC(618) Pause Young (Concurrent Start) (G1 Humongous Allocation)
[344.943s][info][gc,task     ] GC(618) Using 2 workers of 2 for evacuation
[344.979s][info][gc,phases   ] GC(618)   Pre Evacuate Collection Set: 0.20ms
[344.979s][info][gc,phases   ] GC(618)   Merge Heap Roots: 0.20ms
[344.979s][info][gc,phases   ] GC(618)   Evacuate Collection Set: 35.17ms
[344.979s][info][gc,phases   ] GC(618)   Post Evacuate Collection Set: 0.39ms
[344.979s][info][gc,phases   ] GC(618)   Other: 0.11ms
[344.979s][info][gc,heap     ] GC(618) Eden regions: 72->0(111)
[344.979s][info][gc,heap     ] GC(618) Survivor regions: 12->19(19)
[344.979s][info][gc,heap     ] GC(618) Old regions: 61->74
[344.979s][info][gc,heap     ] GC(618) Humongous regions: 3->1
[344.979s][info][gc,metaspace] GC(618) Metaspace: 42773K(43264K)->42773K(43264K) NonClass: 38434K(38720K)->38434K(38720K) Class: 4339K(4544K)->4339K(4544K)
[344.980s][info][gc          ] GC(618) Pause Young (Concurrent Start) (G1 Humongous Allocation) 147M->93M(256M) 36.278ms
[344.980s][info][gc,cpu      ] GC(618) User=0.07s Sys=0.00s Real=0.04s
[344.980s][info][gc          ] GC(619) Concurrent Mark Cycle
[344.980s][info][gc,marking  ] GC(619) Concurrent Scan Root Regions
[345.018s][info][gc,marking  ] GC(619) Concurrent Scan Root Regions 38.121ms
[345.018s][info][gc,marking  ] GC(619) Concurrent Mark
[345.018s][info][gc,marking  ] GC(619) Concurrent Mark From Roots
[345.018s][info][gc,task     ] GC(619) Using 1 workers of 1 for marking
[345.089s][info][gc,marking  ] GC(619) Concurrent Mark From Roots 71.272ms
[345.089s][info][gc,marking  ] GC(619) Concurrent Preclean
[345.089s][info][gc,marking  ] GC(619) Concurrent Preclean 0.034ms
[345.089s][info][gc,start    ] GC(619) Pause Remark
[345.105s][info][gc          ] GC(619) Pause Remark 124M->124M(256M) 15.545ms
[345.105s][info][gc,cpu      ] GC(619) User=0.03s Sys=0.00s Real=0.02s
[345.105s][info][gc,marking  ] GC(619) Concurrent Mark 87.163ms
[345.105s][info][gc,marking  ] GC(619) Concurrent Rebuild Remembered Sets and Scrub Regions
[345.151s][info][gc,marking  ] GC(619) Concurrent Rebuild Remembered Sets and Scrub Regions 46.482ms
[345.152s][info][gc,start    ] GC(619) Pause Cleanup
[345.152s][info][gc          ] GC(619) Pause Cleanup 135M->135M(256M) 0.048ms
[345.152s][info][gc,cpu      ] GC(619) User=0.00s Sys=0.00s Real=0.00s
[345.152s][info][gc,marking  ] GC(619) Concurrent Clear Claimed Marks
[345.152s][info][gc,marking  ] GC(619) Concurrent Clear Claimed Marks 0.038ms
[345.152s][info][gc,marking  ] GC(619) Concurrent Cleanup for Next Mark
[345.153s][info][gc,marking  ] GC(619) Concurrent Cleanup for Next Mark 0.793ms
[345.153s][info][gc          ] GC(619) Concurrent Mark Cycle 172.981ms
[345.458s][info][gc,start    ] GC(620) Pause Young (Prepare Mixed) (G1 Evacuation Pause)
[345.458s][info][gc,task     ] GC(620) Using 2 workers of 2 for evacuation
[345.495s][info][gc,phases   ] GC(620)   Pre Evacuate Collection Set: 0.18ms
[345.495s][info][gc,phases   ] GC(620)   Merge Heap Roots: 0.18ms
[345.495s][info][gc,phases   ] GC(620)   Evacuate Collection Set: 35.88ms
[345.495s][info][gc,phases   ] GC(620)   Post Evacuate Collection Set: 0.45ms
[345.495s][info][gc,phases   ] GC(620)   Other: 0.07ms
[345.495s][info][gc,heap     ] GC(620) Eden regions: 111->0(97)
[345.495s][info][gc,heap     ] GC(620) Survivor regions: 19->16(17)
[345.495s][info][gc,heap     ] GC(620) Old regions: 74->93
[345.495s][info][gc,heap     ] GC(620) Humongous regions: 5->3
[345.495s][info][gc,metaspace] GC(620) Metaspace: 42773K(43264K)->42773K(43264K) NonClass: 38434K(38720K)->38434K(38720K) Class: 4339K(4544K)->4339K(4544K)
[345.495s][info][gc          ] GC(620) Pause Young (Prepare Mixed) (G1 Evacuation Pause) 208M->112M(256M) 36.969ms
[345.495s][info][gc,cpu      ] GC(620) User=0.07s Sys=0.00s Real=0.03s
[345.870s][info][gc,start    ] GC(621) Pause Young (Mixed) (G1 Evacuation Pause)
[345.870s][info][gc,task     ] GC(621) Using 2 workers of 2 for evacuation
[345.886s][info][gc,phases   ] GC(621)   Pre Evacuate Collection Set: 0.17ms
[345.886s][info][gc,phases   ] GC(621)   Merge Heap Roots: 0.20ms
[345.886s][info][gc,phases   ] GC(621)   Evacuate Collection Set: 15.13ms
[345.886s][info][gc,phases   ] GC(621)   Post Evacuate Collection Set: 0.73ms
[345.886s][info][gc,phases   ] GC(621)   Other: 0.07ms
[345.886s][info][gc,heap     ] GC(621) Eden regions: 97->0(149)
[345.886s][info][gc,heap     ] GC(621) Survivor regions: 16->3(15)
[345.886s][info][gc,heap     ] GC(621) Old regions: 93->94
[345.886s][info][gc,heap     ] GC(621) Humongous regions: 11->3
[345.886s][info][gc,metaspace] GC(621) Metaspace: 42773K(43264K)->42773K(43264K) NonClass: 38434K(38720K)->38434K(38720K) Class: 4339K(4544K)->4339K(4544K)
[345.886s][info][gc          ] GC(621) Pause Young (Mixed) (G1 Evacuation Pause) 217M->99M(298M) 16.507ms
[345.886s][info][gc,cpu      ] GC(621) User=0.03s Sys=0.00s Real=0.02s
[346.107s][info][gc,start    ] GC(622) Pause Young (Concurrent Start) (G1 Humongous Allocation)
[346.107s][info][gc,task     ] GC(622) Using 2 workers of 2 for evacuation
[346.110s][info][gc,phases   ] GC(622)   Pre Evacuate Collection Set: 0.19ms
[346.110s][info][gc,phases   ] GC(622)   Merge Heap Roots: 0.04ms
[346.110s][info][gc,phases   ] GC(622)   Evacuate Collection Set: 1.84ms
[346.110s][info][gc,phases   ] GC(622)   Post Evacuate Collection Set: 0.33ms
[346.110s][info][gc,phases   ] GC(622)   Other: 0.11ms
[346.110s][info][gc,heap     ] GC(622) Eden regions: 45->0(161)
[346.110s][info][gc,heap     ] GC(622) Survivor regions: 3->2(19)
[346.110s][info][gc,heap     ] GC(622) Old regions: 94->94
[346.110s][info][gc,heap     ] GC(622) Humongous regions: 3->1
[346.110s][info][gc,metaspace] GC(622) Metaspace: 42773K(43264K)->42773K(43264K) NonClass: 38434K(38720K)->38434K(38720K) Class: 4339K(4544K)->4339K(4544K)
[346.110s][info][gc          ] GC(622) Pause Young (Concurrent Start) (G1 Humongous Allocation) 144M->96M(298M) 2.672ms
[346.110s][info][gc,cpu      ] GC(622) User=0.00s Sys=0.00s Real=0.00s
[346.112s][info][gc          ] GC(623) Concurrent Mark Cycle
[346.112s][info][gc,marking  ] GC(623) Concurrent Scan Root Regions
[346.113s][info][gc,marking  ] GC(623) Concurrent Scan Root Regions 1.476ms
[346.114s][info][gc,marking  ] GC(623) Concurrent Mark
[346.114s][info][gc,marking  ] GC(623) Concurrent Mark From Roots
[346.114s][info][gc,task     ] GC(623) Using 1 workers of 1 for marking
[346.170s][info][gc,marking  ] GC(623) Concurrent Mark From Roots 56.435ms
[346.170s][info][gc,marking  ] GC(623) Concurrent Preclean
[346.170s][info][gc,marking  ] GC(623) Concurrent Preclean 0.037ms
[346.170s][info][gc,start    ] GC(623) Pause Remark
[346.186s][info][gc          ] GC(623) Pause Remark 115M->101M(284M) 15.913ms
[346.186s][info][gc,cpu      ] GC(623) User=0.03s Sys=0.00s Real=0.02s
[346.186s][info][gc,marking  ] GC(623) Concurrent Mark 72.666ms
[346.186s][info][gc,marking  ] GC(623) Concurrent Rebuild Remembered Sets and Scrub Regions
[346.209s][info][gc,marking  ] GC(623) Concurrent Rebuild Remembered Sets and Scrub Regions 22.466ms
[346.209s][info][gc,start    ] GC(623) Pause Cleanup
[346.209s][info][gc          ] GC(623) Pause Cleanup 104M->104M(284M) 0.062ms
[346.209s][info][gc,cpu      ] GC(623) User=0.00s Sys=0.00s Real=0.00s
[346.209s][info][gc,marking  ] GC(623) Concurrent Clear Claimed Marks
[346.209s][info][gc,marking  ] GC(623) Concurrent Clear Claimed Marks 0.040ms
[346.209s][info][gc,marking  ] GC(623) Concurrent Cleanup for Next Mark
[346.210s][info][gc,marking  ] GC(623) Concurrent Cleanup for Next Mark 1.180ms
[346.210s][info][gc          ] GC(623) Concurrent Mark Cycle 98.203ms
[346.846s][info][gc,start    ] GC(624) Pause Young (Prepare Mixed) (G1 Evacuation Pause)
[346.846s][info][gc,task     ] GC(624) Using 2 workers of 2 for evacuation
[346.849s][info][gc,phases   ] GC(624)   Pre Evacuate Collection Set: 0.17ms
[346.849s][info][gc,phases   ] GC(624)   Merge Heap Roots: 0.06ms
[346.849s][info][gc,phases   ] GC(624)   Evacuate Collection Set: 2.14ms
[346.849s][info][gc,phases   ] GC(624)   Post Evacuate Collection Set: 0.42ms
[346.849s][info][gc,phases   ] GC(624)   Other: 0.07ms
[346.849s][info][gc,heap     ] GC(624) Eden regions: 161->0(168)
[346.849s][info][gc,heap     ] GC(624) Survivor regions: 2->2(21)
[346.849s][info][gc,heap     ] GC(624) Old regions: 80->80
[346.849s][info][gc,heap     ] GC(624) Humongous regions: 5->1
[346.849s][info][gc,metaspace] GC(624) Metaspace: 42774K(43264K)->42774K(43264K) NonClass: 38434K(38720K)->38434K(38720K) Class: 4339K(4544K)->4339K(4544K)
[346.849s][info][gc          ] GC(624) Pause Young (Prepare Mixed) (G1 Evacuation Pause) 247M->82M(284M) 3.031ms
[346.849s][info][gc,cpu      ] GC(624) User=0.01s Sys=0.00s Real=0.00s
[347.499s][info][gc,start    ] GC(625) Pause Young (Mixed) (G1 Evacuation Pause)
[347.499s][info][gc,task     ] GC(625) Using 2 workers of 2 for evacuation
[347.503s][info][gc,phases   ] GC(625)   Pre Evacuate Collection Set: 0.17ms
[347.503s][info][gc,phases   ] GC(625)   Merge Heap Roots: 0.07ms
[347.503s][info][gc,phases   ] GC(625)   Evacuate Collection Set: 3.33ms
[347.503s][info][gc,phases   ] GC(625)   Post Evacuate Collection Set: 0.44ms
[347.503s][info][gc,phases   ] GC(625)   Other: 0.07ms
[347.503s][info][gc,heap     ] GC(625) Eden regions: 168->0(167)
[347.503s][info][gc,heap     ] GC(625) Survivor regions: 2->3(22)
[347.503s][info][gc,heap     ] GC(625) Old regions: 80->52
[347.503s][info][gc,heap     ] GC(625) Humongous regions: 9->1
[347.503s][info][gc,metaspace] GC(625) Metaspace: 42774K(43264K)->42774K(43264K) NonClass: 38434K(38720K)->38434K(38720K) Class: 4339K(4544K)->4339K(4544K)
[347.503s][info][gc          ] GC(625) Pause Young (Mixed) (G1 Evacuation Pause) 258M->55M(284M) 4.250ms
[347.503s][info][gc,cpu      ] GC(625) User=0.01s Sys=0.00s Real=0.00s
[348.189s][info][gc,start    ] GC(626) Pause Young (Mixed) (G1 Evacuation Pause)
[348.190s][info][gc,task     ] GC(626) Using 2 workers of 2 for evacuation
[348.217s][info][gc,phases   ] GC(626)   Pre Evacuate Collection Set: 0.22ms
[348.217s][info][gc,phases   ] GC(626)   Merge Heap Roots: 0.10ms
[348.217s][info][gc,phases   ] GC(626)   Evacuate Collection Set: 26.59ms
[348.217s][info][gc,phases   ] GC(626)   Post Evacuate Collection Set: 0.70ms
[348.217s][info][gc,phases   ] GC(626)   Other: 0.08ms
[348.217s][info][gc,heap     ] GC(626) Eden regions: 167->0(157)
[348.217s][info][gc,heap     ] GC(626) Survivor regions: 3->13(22)
[348.217s][info][gc,heap     ] GC(626) Old regions: 52->49
[348.217s][info][gc,heap     ] GC(626) Humongous regions: 5->3
[348.217s][info][gc,metaspace] GC(626) Metaspace: 42774K(43264K)->42774K(43264K) NonClass: 38435K(38720K)->38435K(38720K) Class: 4339K(4544K)->4339K(4544K)
[348.217s][info][gc          ] GC(626) Pause Young (Mixed) (G1 Evacuation Pause) 226M->63M(284M) 27.898ms
[348.217s][info][gc,cpu      ] GC(626) User=0.03s Sys=0.00s Real=0.03s
[348.316s][info][gc,start    ] GC(627) Pause Young (Concurrent Start) (G1 Humongous Allocation)
[348.316s][info][gc,task     ] GC(627) Using 2 workers of 2 for evacuation
[348.320s][info][gc,phases   ] GC(627)   Pre Evacuate Collection Set: 0.27ms
[348.320s][info][gc,phases   ] GC(627)   Merge Heap Roots: 0.05ms
[348.320s][info][gc,phases   ] GC(627)   Evacuate Collection Set: 3.47ms
[348.320s][info][gc,phases   ] GC(627)   Post Evacuate Collection Set: 0.31ms
[348.320s][info][gc,phases   ] GC(627)   Other: 0.17ms
[348.320s][info][gc,heap     ] GC(627) Eden regions: 21->0(168)
[348.320s][info][gc,heap     ] GC(627) Survivor regions: 13->2(22)
[348.320s][info][gc,heap     ] GC(627) Old regions: 49->50
[348.320s][info][gc,heap     ] GC(627) Humongous regions: 3->1
[348.320s][info][gc,metaspace] GC(627) Metaspace: 42774K(43264K)->42774K(43264K) NonClass: 38435K(38720K)->38435K(38720K) Class: 4339K(4544K)->4339K(4544K)
[348.320s][info][gc          ] GC(627) Pause Young (Concurrent Start) (G1 Humongous Allocation) 84M->52M(284M) 4.433ms
[348.320s][info][gc,cpu      ] GC(627) User=0.01s Sys=0.00s Real=0.00s
[348.320s][info][gc          ] GC(628) Concurrent Mark Cycle
[348.320s][info][gc,marking  ] GC(628) Concurrent Scan Root Regions
[348.325s][info][gc,marking  ] GC(628) Concurrent Scan Root Regions 4.496ms
[348.325s][info][gc,marking  ] GC(628) Concurrent Mark
[348.325s][info][gc,marking  ] GC(628) Concurrent Mark From Roots
[348.325s][info][gc,task     ] GC(628) Using 1 workers of 1 for marking
[348.384s][info][gc,marking  ] GC(628) Concurrent Mark From Roots 59.060ms
[348.384s][info][gc,marking  ] GC(628) Concurrent Preclean
[348.384s][info][gc,marking  ] GC(628) Concurrent Preclean 0.036ms
[348.384s][info][gc,start    ] GC(628) Pause Remark
[348.400s][info][gc          ] GC(628) Pause Remark 69M->69M(256M) 15.935ms
[348.400s][info][gc,cpu      ] GC(628) User=0.03s Sys=0.00s Real=0.02s
[348.401s][info][gc,marking  ] GC(628) Concurrent Mark 76.837ms
[348.402s][info][gc,marking  ] GC(628) Concurrent Rebuild Remembered Sets and Scrub Regions
[348.433s][info][gc,marking  ] GC(628) Concurrent Rebuild Remembered Sets and Scrub Regions 31.714ms
[348.435s][info][gc,start    ] GC(628) Pause Cleanup
[348.435s][info][gc          ] GC(628) Pause Cleanup 75M->75M(256M) 0.066ms
[348.435s][info][gc,cpu      ] GC(628) User=0.00s Sys=0.00s Real=0.00s
[348.437s][info][gc,marking  ] GC(628) Concurrent Clear Claimed Marks
[348.437s][info][gc,marking  ] GC(628) Concurrent Clear Claimed Marks 0.046ms
[348.437s][info][gc,marking  ] GC(628) Concurrent Cleanup for Next Mark
[348.438s][info][gc,marking  ] GC(628) Concurrent Cleanup for Next Mark 0.777ms
[348.438s][info][gc          ] GC(628) Concurrent Mark Cycle 117.705ms
[348.876s][info][gc,start    ] GC(629) Pause Young (Prepare Mixed) (G1 Evacuation Pause)
[348.877s][info][gc,task     ] GC(629) Using 2 workers of 2 for evacuation
[348.899s][info][gc,phases   ] GC(629)   Pre Evacuate Collection Set: 0.22ms
[348.899s][info][gc,phases   ] GC(629)   Merge Heap Roots: 0.08ms
[348.899s][info][gc,phases   ] GC(629)   Evacuate Collection Set: 21.93ms
[348.899s][info][gc,phases   ] GC(629)   Post Evacuate Collection Set: 0.50ms
[348.899s][info][gc,phases   ] GC(629)   Other: 0.08ms
[348.899s][info][gc,heap     ] GC(629) Eden regions: 151->0(133)
[348.899s][info][gc,heap     ] GC(629) Survivor regions: 2->20(20)
[348.899s][info][gc,heap     ] GC(629) Old regions: 50->57
[348.899s][info][gc,heap     ] GC(629) Humongous regions: 7->3
[348.899s][info][gc,metaspace] GC(629) Metaspace: 42774K(43264K)->42774K(43264K) NonClass: 38435K(38720K)->38435K(38720K) Class: 4339K(4544K)->4339K(4544K)
[348.899s][info][gc          ] GC(629) Pause Young (Prepare Mixed) (G1 Evacuation Pause) 209M->79M(256M) 23.038ms
[348.899s][info][gc,cpu      ] GC(629) User=0.04s Sys=0.00s Real=0.02s
[349.476s][info][gc,start    ] GC(630) Pause Young (Mixed) (G1 Evacuation Pause)
[349.476s][info][gc,task     ] GC(630) Using 2 workers of 2 for evacuation
[349.546s][info][gc,phases   ] GC(630)   Pre Evacuate Collection Set: 0.20ms
[349.546s][info][gc,phases   ] GC(630)   Merge Heap Roots: 0.24ms
[349.546s][info][gc,phases   ] GC(630)   Evacuate Collection Set: 68.55ms
[349.546s][info][gc,phases   ] GC(630)   Post Evacuate Collection Set: 0.54ms
[349.546s][info][gc,phases   ] GC(630)   Other: 0.07ms
[349.546s][info][gc,heap     ] GC(630) Eden regions: 133->0(107)
[349.546s][info][gc,heap     ] GC(630) Survivor regions: 20->20(20)
[349.546s][info][gc,heap     ] GC(630) Old regions: 57->79
[349.546s][info][gc,heap     ] GC(630) Humongous regions: 3->3
[349.546s][info][gc,metaspace] GC(630) Metaspace: 42774K(43264K)->42774K(43264K) NonClass: 38435K(38720K)->38435K(38720K) Class: 4339K(4544K)->4339K(4544K)
[349.546s][info][gc          ] GC(630) Pause Young (Mixed) (G1 Evacuation Pause) 212M->101M(259M) 69.838ms
[349.546s][info][gc,cpu      ] GC(630) User=0.11s Sys=0.00s Real=0.07s
[350.106s][info][gc,start    ] GC(631) Pause Young (Concurrent Start) (G1 Evacuation Pause)
[350.107s][info][gc,task     ] GC(631) Using 2 workers of 2 for evacuation
[350.173s][info][gc,phases   ] GC(631)   Pre Evacuate Collection Set: 0.18ms
[350.173s][info][gc,phases   ] GC(631)   Merge Heap Roots: 0.30ms
[350.173s][info][gc,phases   ] GC(631)   Evacuate Collection Set: 65.20ms
[350.173s][info][gc,phases   ] GC(631)   Post Evacuate Collection Set: 0.45ms
[350.173s][info][gc,phases   ] GC(631)   Other: 0.09ms
[350.173s][info][gc,heap     ] GC(631) Eden regions: 107->0(80)
[350.173s][info][gc,heap     ] GC(631) Survivor regions: 20->16(16)
[350.173s][info][gc,heap     ] GC(631) Old regions: 79->114
[350.173s][info][gc,heap     ] GC(631) Humongous regions: 3->3
[350.173s][info][gc,metaspace] GC(631) Metaspace: 42774K(43264K)->42774K(43264K) NonClass: 38435K(38720K)->38435K(38720K) Class: 4339K(4544K)->4339K(4544K)
[350.173s][info][gc          ] GC(631) Pause Young (Concurrent Start) (G1 Evacuation Pause) 208M->132M(260M) 66.476ms
[350.173s][info][gc,cpu      ] GC(631) User=0.13s Sys=0.00s Real=0.06s
[350.173s][info][gc          ] GC(632) Concurrent Mark Cycle
[350.173s][info][gc,marking  ] GC(632) Concurrent Scan Root Regions
[350.258s][info][gc,marking  ] GC(632) Concurrent Scan Root Regions 84.860ms
[350.258s][info][gc,marking  ] GC(632) Concurrent Mark
[350.258s][info][gc,marking  ] GC(632) Concurrent Mark From Roots
[350.258s][info][gc,task     ] GC(632) Using 1 workers of 1 for marking
[350.411s][info][gc,marking  ] GC(632) Concurrent Mark From Roots 152.955ms
[350.411s][info][gc,marking  ] GC(632) Concurrent Preclean
[350.411s][info][gc,marking  ] GC(632) Concurrent Preclean 0.039ms
[350.411s][info][gc,start    ] GC(632) Pause Remark
[350.427s][info][gc          ] GC(632) Pause Remark 168M->168M(260M) 15.818ms
[350.427s][info][gc,cpu      ] GC(632) User=0.03s Sys=0.00s Real=0.02s
[350.427s][info][gc,marking  ] GC(632) Concurrent Mark 169.121ms
[350.427s][info][gc,marking  ] GC(632) Concurrent Rebuild Remembered Sets and Scrub Regions
[350.500s][info][gc,marking  ] GC(632) Concurrent Rebuild Remembered Sets and Scrub Regions 72.769ms
[350.500s][info][gc,start    ] GC(632) Pause Cleanup
[350.500s][info][gc          ] GC(632) Pause Cleanup 176M->176M(260M) 0.068ms
[350.500s][info][gc,cpu      ] GC(632) User=0.00s Sys=0.00s Real=0.00s
[350.500s][info][gc,marking  ] GC(632) Concurrent Clear Claimed Marks
[350.500s][info][gc,marking  ] GC(632) Concurrent Clear Claimed Marks 0.044ms
[350.500s][info][gc,marking  ] GC(632) Concurrent Cleanup for Next Mark
[350.501s][info][gc,marking  ] GC(632) Concurrent Cleanup for Next Mark 0.859ms
[350.501s][info][gc          ] GC(632) Concurrent Mark Cycle 328.177ms
[350.714s][info][gc,start    ] GC(633) Pause Young (Prepare Mixed) (G1 Evacuation Pause)
[350.714s][info][gc,task     ] GC(633) Using 2 workers of 2 for evacuation
[350.765s][info][gc,phases   ] GC(633)   Pre Evacuate Collection Set: 0.16ms
[350.765s][info][gc,phases   ] GC(633)   Merge Heap Roots: 0.41ms
[350.765s][info][gc,phases   ] GC(633)   Evacuate Collection Set: 49.01ms
[350.765s][info][gc,phases   ] GC(633)   Post Evacuate Collection Set: 0.45ms
[350.765s][info][gc,phases   ] GC(633)   Other: 0.07ms
[350.765s][info][gc,heap     ] GC(633) Eden regions: 80->0(62)
[350.765s][info][gc,heap     ] GC(633) Survivor regions: 16->12(12)
[350.765s][info][gc,heap     ] GC(633) Old regions: 114->142
[350.765s][info][gc,heap     ] GC(633) Humongous regions: 3->3
[350.765s][info][gc,metaspace] GC(633) Metaspace: 42774K(43264K)->42774K(43264K) NonClass: 38435K(38720K)->38435K(38720K) Class: 4339K(4544K)->4339K(4544K)
[350.765s][info][gc          ] GC(633) Pause Young (Prepare Mixed) (G1 Evacuation Pause) 212M->156M(260M) 50.311ms
[350.765s][info][gc,cpu      ] GC(633) User=0.10s Sys=0.00s Real=0.05s
[351.048s][info][gc,start    ] GC(634) Pause Young (Mixed) (G1 Evacuation Pause)
[351.048s][info][gc,task     ] GC(634) Using 2 workers of 2 for evacuation
[351.087s][info][gc,phases   ] GC(634)   Pre Evacuate Collection Set: 0.17ms
[351.087s][info][gc,phases   ] GC(634)   Merge Heap Roots: 0.23ms
[351.087s][info][gc,phases   ] GC(634)   Evacuate Collection Set: 37.96ms
[351.087s][info][gc,phases   ] GC(634)   Post Evacuate Collection Set: 0.40ms
[351.087s][info][gc,phases   ] GC(634)   Other: 0.08ms
[351.087s][info][gc,heap     ] GC(634) Eden regions: 62->0(56)
[351.087s][info][gc,heap     ] GC(634) Survivor regions: 12->10(10)
[351.087s][info][gc,heap     ] GC(634) Old regions: 142->154
[351.087s][info][gc,heap     ] GC(634) Humongous regions: 5->3
[351.087s][info][gc,metaspace] GC(634) Metaspace: 42774K(43264K)->42774K(43264K) NonClass: 38435K(38720K)->38435K(38720K) Class: 4339K(4544K)->4339K(4544K)
[351.087s][info][gc          ] GC(634) Pause Young (Mixed) (G1 Evacuation Pause) 220M->166M(260M) 39.087ms
[351.087s][info][gc,cpu      ] GC(634) User=0.07s Sys=0.00s Real=0.04s
[351.343s][info][gc,start    ] GC(635) Pause Young (Concurrent Start) (G1 Evacuation Pause)
[351.343s][info][gc,task     ] GC(635) Using 2 workers of 2 for evacuation
[351.363s][info][gc,phases   ] GC(635)   Pre Evacuate Collection Set: 0.19ms
[351.363s][info][gc,phases   ] GC(635)   Merge Heap Roots: 0.12ms
[351.363s][info][gc,phases   ] GC(635)   Evacuate Collection Set: 17.98ms
[351.363s][info][gc,phases   ] GC(635)   Post Evacuate Collection Set: 1.41ms
[351.363s][info][gc,phases   ] GC(635)   Other: 0.11ms
[351.363s][info][gc,heap     ] GC(635) Eden regions: 56->0(153)
[351.363s][info][gc,heap     ] GC(635) Survivor regions: 10->7(9)
[351.363s][info][gc,heap     ] GC(635) Old regions: 154->161
[351.363s][info][gc,heap     ] GC(635) Humongous regions: 3->3
[351.363s][info][gc,metaspace] GC(635) Metaspace: 42774K(43264K)->42774K(43264K) NonClass: 38435K(38720K)->38435K(38720K) Class: 4339K(4544K)->4339K(4544K)
[351.363s][info][gc          ] GC(635) Pause Young (Concurrent Start) (G1 Evacuation Pause) 222M->170M(402M) 20.056ms
[351.363s][info][gc,cpu      ] GC(635) User=0.04s Sys=0.00s Real=0.02s
[351.365s][info][gc          ] GC(636) Concurrent Mark Cycle
[351.365s][info][gc,marking  ] GC(636) Concurrent Scan Root Regions
[351.389s][info][gc,marking  ] GC(636) Concurrent Scan Root Regions 23.880ms
[351.389s][info][gc,marking  ] GC(636) Concurrent Mark
[351.389s][info][gc,marking  ] GC(636) Concurrent Mark From Roots
[351.389s][info][gc,task     ] GC(636) Using 1 workers of 1 for marking
[351.567s][info][gc,marking  ] GC(636) Concurrent Mark From Roots 178.007ms
[351.567s][info][gc,marking  ] GC(636) Concurrent Preclean
[351.567s][info][gc,marking  ] GC(636) Concurrent Preclean 0.046ms
[351.567s][info][gc,start    ] GC(636) Pause Remark
[351.583s][info][gc          ] GC(636) Pause Remark 204M->204M(402M) 15.996ms
[351.583s][info][gc,cpu      ] GC(636) User=0.03s Sys=0.00s Real=0.01s
[351.584s][info][gc,marking  ] GC(636) Concurrent Mark 195.105ms
[351.584s][info][gc,marking  ] GC(636) Concurrent Rebuild Remembered Sets and Scrub Regions
[351.672s][info][gc,marking  ] GC(636) Concurrent Rebuild Remembered Sets and Scrub Regions 88.190ms
[351.672s][info][gc,start    ] GC(636) Pause Cleanup
[351.672s][info][gc          ] GC(636) Pause Cleanup 219M->219M(402M) 0.107ms
[351.672s][info][gc,cpu      ] GC(636) User=0.00s Sys=0.00s Real=0.00s
[351.672s][info][gc,marking  ] GC(636) Concurrent Clear Claimed Marks
[351.672s][info][gc,marking  ] GC(636) Concurrent Clear Claimed Marks 0.048ms
[351.672s][info][gc,marking  ] GC(636) Concurrent Cleanup for Next Mark
[351.675s][info][gc,marking  ] GC(636) Concurrent Cleanup for Next Mark 2.973ms
[351.676s][info][gc          ] GC(636) Concurrent Mark Cycle 310.591ms
[352.273s][info][gc,start    ] GC(637) Pause Young (Prepare Mixed) (G1 Evacuation Pause)
[352.273s][info][gc,task     ] GC(637) Using 2 workers of 2 for evacuation
[352.309s][info][gc,phases   ] GC(637)   Pre Evacuate Collection Set: 0.26ms
[352.309s][info][gc,phases   ] GC(637)   Merge Heap Roots: 0.14ms
[352.309s][info][gc,phases   ] GC(637)   Evacuate Collection Set: 34.67ms
[352.309s][info][gc,phases   ] GC(637)   Post Evacuate Collection Set: 0.46ms
[352.309s][info][gc,phases   ] GC(637)   Other: 0.08ms
[352.309s][info][gc,heap     ] GC(637) Eden regions: 153->0(154)
[352.309s][info][gc,heap     ] GC(637) Survivor regions: 7->16(20)
[352.309s][info][gc,heap     ] GC(637) Old regions: 161->161
[352.309s][info][gc,heap     ] GC(637) Humongous regions: 13->3
[352.309s][info][gc,metaspace] GC(637) Metaspace: 42774K(43264K)->42774K(43264K) NonClass: 38435K(38720K)->38435K(38720K) Class: 4339K(4544K)->4339K(4544K)
[352.309s][info][gc          ] GC(637) Pause Young (Prepare Mixed) (G1 Evacuation Pause) 333M->179M(402M) 35.817ms
[352.309s][info][gc,cpu      ] GC(637) User=0.03s Sys=0.00s Real=0.04s
[352.818s][info][gc,start    ] GC(638) Pause Young (Mixed) (G1 Evacuation Pause)
[352.818s][info][gc,task     ] GC(638) Using 2 workers of 2 for evacuation
[352.863s][info][gc,phases   ] GC(638)   Pre Evacuate Collection Set: 0.23ms
[352.863s][info][gc,phases   ] GC(638)   Merge Heap Roots: 0.21ms
[352.863s][info][gc,phases   ] GC(638)   Evacuate Collection Set: 44.01ms
[352.863s][info][gc,phases   ] GC(638)   Post Evacuate Collection Set: 0.66ms
[352.863s][info][gc,phases   ] GC(638)   Other: 0.11ms
[352.863s][info][gc,heap     ] GC(638) Eden regions: 154->0(142)
[352.863s][info][gc,heap     ] GC(638) Survivor regions: 16->22(22)
[352.863s][info][gc,heap     ] GC(638) Old regions: 161->153
[352.863s][info][gc,heap     ] GC(638) Humongous regions: 6->4
[352.863s][info][gc,metaspace] GC(638) Metaspace: 42774K(43264K)->42774K(43264K) NonClass: 38435K(38720K)->38435K(38720K) Class: 4339K(4544K)->4339K(4544K)
[352.863s][info][gc          ] GC(638) Pause Young (Mixed) (G1 Evacuation Pause) 336M->178M(402M) 45.469ms
[352.863s][info][gc,cpu      ] GC(638) User=0.08s Sys=0.00s Real=0.04s
[353.370s][info][gc,start    ] GC(639) Pause Young (Mixed) (G1 Evacuation Pause)
[353.370s][info][gc,task     ] GC(639) Using 2 workers of 2 for evacuation
[353.415s][info][gc,phases   ] GC(639)   Pre Evacuate Collection Set: 0.22ms
[353.415s][info][gc,phases   ] GC(639)   Merge Heap Roots: 0.66ms
[353.415s][info][gc,phases   ] GC(639)   Evacuate Collection Set: 43.68ms
[353.415s][info][gc,phases   ] GC(639)   Post Evacuate Collection Set: 0.52ms
[353.415s][info][gc,phases   ] GC(639)   Other: 0.08ms
[353.415s][info][gc,heap     ] GC(639) Eden regions: 142->0(164)
[353.415s][info][gc,heap     ] GC(639) Survivor regions: 22->9(21)
[353.415s][info][gc,heap     ] GC(639) Old regions: 153->148
[353.416s][info][gc,heap     ] GC(639) Humongous regions: 5->4
[353.416s][info][gc,metaspace] GC(639) Metaspace: 42774K(43264K)->42774K(43264K) NonClass: 38435K(38720K)->38435K(38720K) Class: 4339K(4544K)->4339K(4544K)
[353.416s][info][gc          ] GC(639) Pause Young (Mixed) (G1 Evacuation Pause) 321M->160M(402M) 45.409ms
[353.416s][info][gc,cpu      ] GC(639) User=0.09s Sys=0.00s Real=0.05s
[353.688s][info][gc,start    ] GC(640) Pause Young (Concurrent Start) (G1 Humongous Allocation)
[353.688s][info][gc,task     ] GC(640) Using 2 workers of 2 for evacuation
[353.711s][info][gc,phases   ] GC(640)   Pre Evacuate Collection Set: 0.21ms
[353.711s][info][gc,phases   ] GC(640)   Merge Heap Roots: 0.08ms
[353.711s][info][gc,phases   ] GC(640)   Evacuate Collection Set: 22.49ms
[353.711s][info][gc,phases   ] GC(640)   Post Evacuate Collection Set: 0.51ms
[353.711s][info][gc,phases   ] GC(640)   Other: 0.17ms
[353.711s][info][gc,heap     ] GC(640) Eden regions: 77->0(140)
[353.711s][info][gc,heap     ] GC(640) Survivor regions: 9->22(22)
[353.711s][info][gc,heap     ] GC(640) Old regions: 148->160
[353.711s][info][gc,heap     ] GC(640) Humongous regions: 4->4
[353.711s][info][gc,metaspace] GC(640) Metaspace: 42774K(43264K)->42774K(43264K) NonClass: 38435K(38720K)->38435K(38720K) Class: 4339K(4544K)->4339K(4544K)
[353.712s][info][gc          ] GC(640) Pause Young (Concurrent Start) (G1 Humongous Allocation) 237M->185M(402M) 23.684ms
[353.712s][info][gc,cpu      ] GC(640) User=0.05s Sys=0.00s Real=0.02s
[353.712s][info][gc          ] GC(641) Concurrent Mark Cycle
[353.712s][info][gc,marking  ] GC(641) Concurrent Scan Root Regions
[353.727s][info][gc,marking  ] GC(641) Concurrent Scan Root Regions 15.184ms
[353.727s][info][gc,marking  ] GC(641) Concurrent Mark
[353.727s][info][gc,marking  ] GC(641) Concurrent Mark From Roots
[353.727s][info][gc,task     ] GC(641) Using 1 workers of 1 for marking
[353.830s][info][gc,marking  ] GC(641) Concurrent Mark From Roots 103.337ms
[353.830s][info][gc,marking  ] GC(641) Concurrent Preclean
[353.830s][info][gc,marking  ] GC(641) Concurrent Preclean 0.055ms
[353.830s][info][gc,start    ] GC(641) Pause Remark
[353.847s][info][gc          ] GC(641) Pause Remark 212M->201M(402M) 17.022ms
[353.848s][info][gc,cpu      ] GC(641) User=0.04s Sys=0.00s Real=0.02s
[353.848s][info][gc,marking  ] GC(641) Concurrent Mark 120.759ms
[353.848s][info][gc,marking  ] GC(641) Concurrent Rebuild Remembered Sets and Scrub Regions
[353.911s][info][gc,marking  ] GC(641) Concurrent Rebuild Remembered Sets and Scrub Regions 63.726ms
[353.912s][info][gc,start    ] GC(641) Pause Cleanup
[353.912s][info][gc          ] GC(641) Pause Cleanup 220M->220M(402M) 0.081ms
[353.912s][info][gc,cpu      ] GC(641) User=0.00s Sys=0.00s Real=0.00s
[353.912s][info][gc,marking  ] GC(641) Concurrent Clear Claimed Marks
[353.912s][info][gc,marking  ] GC(641) Concurrent Clear Claimed Marks 0.041ms
[353.912s][info][gc,marking  ] GC(641) Concurrent Cleanup for Next Mark
[353.913s][info][gc,marking  ] GC(641) Concurrent Cleanup for Next Mark 1.255ms
[353.913s][info][gc          ] GC(641) Concurrent Mark Cycle 201.453ms
[354.262s][info][gc,start    ] GC(642) Pause Young (Prepare Mixed) (G1 Evacuation Pause)
[354.262s][info][gc,task     ] GC(642) Using 2 workers of 2 for evacuation
[354.308s][info][gc,phases   ] GC(642)   Pre Evacuate Collection Set: 0.29ms
[354.308s][info][gc,phases   ] GC(642)   Merge Heap Roots: 0.23ms
[354.308s][info][gc,phases   ] GC(642)   Evacuate Collection Set: 45.33ms
[354.308s][info][gc,phases   ] GC(642)   Post Evacuate Collection Set: 0.51ms
[354.308s][info][gc,phases   ] GC(642)   Other: 0.07ms
[354.308s][info][gc,heap     ] GC(642) Eden regions: 140->0(104)
[354.309s][info][gc,heap     ] GC(642) Survivor regions: 22->21(21)
[354.309s][info][gc,heap     ] GC(642) Old regions: 149->192
[354.309s][info][gc,heap     ] GC(642) Humongous regions: 6->5
[354.309s][info][gc,metaspace] GC(642) Metaspace: 42774K(43264K)->42774K(43264K) NonClass: 38435K(38720K)->38435K(38720K) Class: 4339K(4544K)->4339K(4544K)
[354.309s][info][gc          ] GC(642) Pause Young (Prepare Mixed) (G1 Evacuation Pause) 316M->217M(402M) 46.653ms
[354.309s][info][gc,cpu      ] GC(642) User=0.09s Sys=0.00s Real=0.05s
[354.684s][info][gc,start    ] GC(643) Pause Young (Mixed) (G1 Evacuation Pause)
[354.684s][info][gc,task     ] GC(643) Using 2 workers of 2 for evacuation
[354.747s][info][gc,phases   ] GC(643)   Pre Evacuate Collection Set: 0.24ms
[354.747s][info][gc,phases   ] GC(643)   Merge Heap Roots: 0.31ms
[354.747s][info][gc,phases   ] GC(643)   Evacuate Collection Set: 61.36ms
[354.747s][info][gc,phases   ] GC(643)   Post Evacuate Collection Set: 0.57ms
[354.747s][info][gc,phases   ] GC(643)   Other: 0.09ms
[354.747s][info][gc,heap     ] GC(643) Eden regions: 104->0(73)
[354.747s][info][gc,heap     ] GC(643) Survivor regions: 21->16(16)
[354.747s][info][gc,heap     ] GC(643) Old regions: 192->209
[354.747s][info][gc,heap     ] GC(643) Humongous regions: 5->5
[354.747s][info][gc,metaspace] GC(643) Metaspace: 42774K(43264K)->42774K(43264K) NonClass: 38435K(38720K)->38435K(38720K) Class: 4339K(4544K)->4339K(4544K)
[354.747s][info][gc          ] GC(643) Pause Young (Mixed) (G1 Evacuation Pause) 321M->229M(402M) 62.815ms
[354.747s][info][gc,cpu      ] GC(643) User=0.12s Sys=0.00s Real=0.07s
[355.048s][info][gc,start    ] GC(644) Pause Young (Mixed) (G1 Evacuation Pause)
[355.049s][info][gc,task     ] GC(644) Using 2 workers of 2 for evacuation
[355.116s][info][gc,phases   ] GC(644)   Pre Evacuate Collection Set: 0.29ms
[355.116s][info][gc,phases   ] GC(644)   Merge Heap Roots: 0.65ms
[355.116s][info][gc,phases   ] GC(644)   Evacuate Collection Set: 65.73ms
[355.116s][info][gc,phases   ] GC(644)   Post Evacuate Collection Set: 1.01ms
[355.116s][info][gc,phases   ] GC(644)   Other: 0.07ms
[355.116s][info][gc,heap     ] GC(644) Eden regions: 73->0(92)
[355.116s][info][gc,heap     ] GC(644) Survivor regions: 16->12(12)
[355.116s][info][gc,heap     ] GC(644) Old regions: 209->247
[355.116s][info][gc,heap     ] GC(644) Humongous regions: 5->5
[355.116s][info][gc,metaspace] GC(644) Metaspace: 42774K(43264K)->42774K(43264K) NonClass: 38435K(38720K)->38435K(38720K) Class: 4339K(4544K)->4339K(4544K)
[355.116s][info][gc          ] GC(644) Pause Young (Mixed) (G1 Evacuation Pause) 302M->263M(466M) 67.963ms
[355.116s][info][gc,cpu      ] GC(644) User=0.13s Sys=0.00s Real=0.07s
[355.183s][info][gc,start    ] GC(645) Pause Young (Concurrent Start) (G1 Humongous Allocation)
[355.183s][info][gc,task     ] GC(645) Using 2 workers of 2 for evacuation
[355.206s][info][gc,phases   ] GC(645)   Pre Evacuate Collection Set: 0.29ms
[355.206s][info][gc,phases   ] GC(645)   Merge Heap Roots: 0.14ms
[355.206s][info][gc,phases   ] GC(645)   Evacuate Collection Set: 21.35ms
[355.206s][info][gc,phases   ] GC(645)   Post Evacuate Collection Set: 0.35ms
[355.206s][info][gc,phases   ] GC(645)   Other: 0.08ms
[355.206s][info][gc,heap     ] GC(645) Eden regions: 17->0(78)
[355.206s][info][gc,heap     ] GC(645) Survivor regions: 12->10(13)
[355.206s][info][gc,heap     ] GC(645) Old regions: 247->260
[355.206s][info][gc,heap     ] GC(645) Humongous regions: 5->5
[355.206s][info][gc,metaspace] GC(645) Metaspace: 42774K(43264K)->42774K(43264K) NonClass: 38435K(38720K)->38435K(38720K) Class: 4339K(4544K)->4339K(4544K)
[355.206s][info][gc          ] GC(645) Pause Young (Concurrent Start) (G1 Humongous Allocation) 280M->274M(466M) 22.442ms
[355.206s][info][gc,cpu      ] GC(645) User=0.04s Sys=0.01s Real=0.03s
[355.206s][info][gc          ] GC(646) Concurrent Mark Cycle
[355.206s][info][gc,marking  ] GC(646) Concurrent Scan Root Regions
[355.214s][info][gc,marking  ] GC(646) Concurrent Scan Root Regions 8.132ms
[355.214s][info][gc,marking  ] GC(646) Concurrent Mark
[355.214s][info][gc,marking  ] GC(646) Concurrent Mark From Roots
[355.214s][info][gc,task     ] GC(646) Using 1 workers of 1 for marking
[355.345s][info][gc,marking  ] GC(646) Concurrent Mark From Roots 130.839ms
[355.345s][info][gc,marking  ] GC(646) Concurrent Preclean
[355.345s][info][gc,marking  ] GC(646) Concurrent Preclean 0.051ms
[355.345s][info][gc,start    ] GC(646) Pause Remark
[355.361s][info][gc          ] GC(646) Pause Remark 299M->226M(466M) 16.087ms
[355.361s][info][gc,cpu      ] GC(646) User=0.03s Sys=0.00s Real=0.01s
[355.361s][info][gc,marking  ] GC(646) Concurrent Mark 147.284ms
[355.361s][info][gc,marking  ] GC(646) Concurrent Rebuild Remembered Sets and Scrub Regions
[355.414s][info][gc,marking  ] GC(646) Concurrent Rebuild Remembered Sets and Scrub Regions 52.484ms
[355.414s][info][gc,start    ] GC(646) Pause Cleanup
[355.414s][info][gc          ] GC(646) Pause Cleanup 236M->236M(466M) 0.106ms
[355.414s][info][gc,cpu      ] GC(646) User=0.00s Sys=0.00s Real=0.00s
[355.414s][info][gc,marking  ] GC(646) Concurrent Clear Claimed Marks
[355.414s][info][gc,marking  ] GC(646) Concurrent Clear Claimed Marks 0.040ms
[355.414s][info][gc,marking  ] GC(646) Concurrent Cleanup for Next Mark
[355.416s][info][gc,marking  ] GC(646) Concurrent Cleanup for Next Mark 2.137ms
[355.416s][info][gc          ] GC(646) Concurrent Mark Cycle 210.633ms
[355.610s][info][gc,start    ] GC(647) Pause Young (Prepare Mixed) (G1 Evacuation Pause)
[355.610s][info][gc,task     ] GC(647) Using 2 workers of 2 for evacuation
[355.642s][info][gc,phases   ] GC(647)   Pre Evacuate Collection Set: 0.26ms
[355.643s][info][gc,phases   ] GC(647)   Merge Heap Roots: 0.21ms
[355.643s][info][gc,phases   ] GC(647)   Evacuate Collection Set: 31.76ms
[355.643s][info][gc,phases   ] GC(647)   Post Evacuate Collection Set: 0.44ms
[355.643s][info][gc,phases   ] GC(647)   Other: 0.10ms
[355.643s][info][gc,heap     ] GC(647) Eden regions: 78->0(99)
[355.643s][info][gc,heap     ] GC(647) Survivor regions: 10->11(11)
[355.643s][info][gc,heap     ] GC(647) Old regions: 189->220
[355.643s][info][gc,heap     ] GC(647) Humongous regions: 4->4
[355.643s][info][gc,metaspace] GC(647) Metaspace: 42774K(43264K)->42774K(43264K) NonClass: 38435K(38720K)->38435K(38720K) Class: 4339K(4544K)->4339K(4544K)
[355.643s][info][gc          ] GC(647) Pause Young (Prepare Mixed) (G1 Evacuation Pause) 280M->234M(466M) 32.983ms
[355.643s][info][gc,cpu      ] GC(647) User=0.06s Sys=0.00s Real=0.03s
[355.993s][info][gc,start    ] GC(648) Pause Young (Mixed) (G1 Evacuation Pause)
[355.993s][info][gc,task     ] GC(648) Using 2 workers of 2 for evacuation
[356.015s][info][gc,phases   ] GC(648)   Pre Evacuate Collection Set: 0.26ms
[356.015s][info][gc,phases   ] GC(648)   Merge Heap Roots: 0.28ms
[356.015s][info][gc,phases   ] GC(648)   Evacuate Collection Set: 20.82ms
[356.015s][info][gc,phases   ] GC(648)   Post Evacuate Collection Set: 0.47ms
[356.015s][info][gc,phases   ] GC(648)   Other: 0.10ms
[356.015s][info][gc,heap     ] GC(648) Eden regions: 99->0(124)
[356.015s][info][gc,heap     ] GC(648) Survivor regions: 11->13(14)
[356.015s][info][gc,heap     ] GC(648) Old regions: 220->184
[356.015s][info][gc,heap     ] GC(648) Humongous regions: 4->4
[356.015s][info][gc,metaspace] GC(648) Metaspace: 42774K(43264K)->42774K(43264K) NonClass: 38435K(38720K)->38435K(38720K) Class: 4339K(4544K)->4339K(4544K)
[356.015s][info][gc          ] GC(648) Pause Young (Mixed) (G1 Evacuation Pause) 333M->200M(466M) 22.173ms
[356.015s][info][gc,cpu      ] GC(648) User=0.04s Sys=0.00s Real=0.02s
[356.488s][info][gc,start    ] GC(649) Pause Young (Mixed) (G1 Evacuation Pause)
[356.488s][info][gc,task     ] GC(649) Using 2 workers of 2 for evacuation
[356.536s][info][gc,phases   ] GC(649)   Pre Evacuate Collection Set: 0.28ms
[356.536s][info][gc,phases   ] GC(649)   Merge Heap Roots: 0.27ms
[356.536s][info][gc,phases   ] GC(649)   Evacuate Collection Set: 47.36ms
[356.536s][info][gc,phases   ] GC(649)   Post Evacuate Collection Set: 0.53ms
[356.536s][info][gc,phases   ] GC(649)   Other: 0.08ms
[356.536s][info][gc,heap     ] GC(649) Eden regions: 124->0(115)
[356.536s][info][gc,heap     ] GC(649) Survivor regions: 13->18(18)
[356.536s][info][gc,heap     ] GC(649) Old regions: 184->189
[356.536s][info][gc,heap     ] GC(649) Humongous regions: 5->5
[356.536s][info][gc,metaspace] GC(649) Metaspace: 42774K(43264K)->42774K(43264K) NonClass: 38435K(38720K)->38435K(38720K) Class: 4339K(4544K)->4339K(4544K)
[356.537s][info][gc          ] GC(649) Pause Young (Mixed) (G1 Evacuation Pause) 325M->211M(466M) 48.761ms
[356.537s][info][gc,cpu      ] GC(649) User=0.09s Sys=0.00s Real=0.05s
[356.823s][info][gc,start    ] GC(650) Pause Young (Concurrent Start) (G1 Humongous Allocation)
[356.823s][info][gc,task     ] GC(650) Using 2 workers of 2 for evacuation
[356.873s][info][gc,phases   ] GC(650)   Pre Evacuate Collection Set: 0.26ms
[356.873s][info][gc,phases   ] GC(650)   Merge Heap Roots: 0.21ms
[356.873s][info][gc,phases   ] GC(650)   Evacuate Collection Set: 48.85ms
[356.873s][info][gc,phases   ] GC(650)   Post Evacuate Collection Set: 0.50ms
[356.873s][info][gc,phases   ] GC(650)   Other: 0.11ms
[356.873s][info][gc,heap     ] GC(650) Eden regions: 77->0(86)
[356.873s][info][gc,heap     ] GC(650) Survivor regions: 18->17(17)
[356.873s][info][gc,heap     ] GC(650) Old regions: 189->241
[356.873s][info][gc,heap     ] GC(650) Humongous regions: 5->5
[356.873s][info][gc,metaspace] GC(650) Metaspace: 42774K(43264K)->42774K(43264K) NonClass: 38435K(38720K)->38435K(38720K) Class: 4339K(4544K)->4339K(4544K)
[356.873s][info][gc          ] GC(650) Pause Young (Concurrent Start) (G1 Humongous Allocation) 288M->262M(466M) 50.138ms
[356.873s][info][gc          ] GC(651) Concurrent Mark Cycle
[356.873s][info][gc,marking  ] GC(651) Concurrent Scan Root Regions
[356.874s][info][gc,cpu      ] GC(650) User=0.10s Sys=0.00s Real=0.05s
[356.903s][info][gc,marking  ] GC(651) Concurrent Scan Root Regions 29.252ms
[356.903s][info][gc,marking  ] GC(651) Concurrent Mark
[356.903s][info][gc,marking  ] GC(651) Concurrent Mark From Roots
[356.903s][info][gc,task     ] GC(651) Using 1 workers of 1 for marking
[357.019s][info][gc,marking  ] GC(651) Concurrent Mark From Roots 115.919ms
[357.019s][info][gc,marking  ] GC(651) Concurrent Preclean
[357.019s][info][gc,marking  ] GC(651) Concurrent Preclean 0.049ms
[357.019s][info][gc,start    ] GC(651) Pause Remark
[357.035s][info][gc          ] GC(651) Pause Remark 295M->264M(466M) 15.787ms
[357.035s][info][gc,cpu      ] GC(651) User=0.03s Sys=0.00s Real=0.01s
[357.035s][info][gc,marking  ] GC(651) Concurrent Mark 132.070ms
[357.035s][info][gc,marking  ] GC(651) Concurrent Rebuild Remembered Sets and Scrub Regions
[357.119s][info][gc,marking  ] GC(651) Concurrent Rebuild Remembered Sets and Scrub Regions 83.878ms
[357.119s][info][gc,start    ] GC(651) Pause Cleanup
[357.119s][info][gc          ] GC(651) Pause Cleanup 281M->281M(466M) 0.088ms
[357.119s][info][gc,cpu      ] GC(651) User=0.00s Sys=0.00s Real=0.00s
[357.119s][info][gc,marking  ] GC(651) Concurrent Clear Claimed Marks
[357.119s][info][gc,marking  ] GC(651) Concurrent Clear Claimed Marks 0.063ms
[357.119s][info][gc,marking  ] GC(651) Concurrent Cleanup for Next Mark
[357.120s][info][gc,marking  ] GC(651) Concurrent Cleanup for Next Mark 1.393ms
[357.120s][info][gc          ] GC(651) Concurrent Mark Cycle 247.103ms
[357.262s][info][gc,start    ] GC(652) Pause Young (Prepare Mixed) (G1 Evacuation Pause)
[357.262s][info][gc,task     ] GC(652) Using 2 workers of 2 for evacuation
[357.316s][info][gc,phases   ] GC(652)   Pre Evacuate Collection Set: 0.23ms
[357.316s][info][gc,phases   ] GC(652)   Merge Heap Roots: 0.38ms
[357.316s][info][gc,phases   ] GC(652)   Evacuate Collection Set: 52.76ms
[357.316s][info][gc,phases   ] GC(652)   Post Evacuate Collection Set: 0.47ms
[357.316s][info][gc,phases   ] GC(652)   Other: 0.10ms
[357.316s][info][gc,heap     ] GC(652) Eden regions: 86->0(71)
[357.316s][info][gc,heap     ] GC(652) Survivor regions: 17->13(13)
[357.316s][info][gc,heap     ] GC(652) Old regions: 211->271
[357.316s][info][gc,heap     ] GC(652) Humongous regions: 5->5
[357.316s][info][gc,metaspace] GC(652) Metaspace: 42774K(43264K)->42774K(43264K) NonClass: 38435K(38720K)->38435K(38720K) Class: 4339K(4544K)->4339K(4544K)
[357.316s][info][gc          ] GC(652) Pause Young (Prepare Mixed) (G1 Evacuation Pause) 318M->288M(466M) 54.151ms
[357.316s][info][gc,cpu      ] GC(652) User=0.11s Sys=0.00s Real=0.06s
[357.588s][info][gc,start    ] GC(653) Pause Young (Mixed) (G1 Evacuation Pause)
[357.588s][info][gc,task     ] GC(653) Using 2 workers of 2 for evacuation
[357.636s][info][gc,phases   ] GC(653)   Pre Evacuate Collection Set: 0.34ms
[357.636s][info][gc,phases   ] GC(653)   Merge Heap Roots: 0.35ms
[357.637s][info][gc,phases   ] GC(653)   Evacuate Collection Set: 46.69ms
[357.637s][info][gc,phases   ] GC(653)   Post Evacuate Collection Set: 1.29ms
[357.637s][info][gc,phases   ] GC(653)   Other: 0.09ms
[357.637s][info][gc,heap     ] GC(653) Eden regions: 71->0(118)
[357.637s][info][gc,heap     ] GC(653) Survivor regions: 13->11(11)
[357.637s][info][gc,heap     ] GC(653) Old regions: 271->269
[357.637s][info][gc,heap     ] GC(653) Humongous regions: 6->6
[357.637s][info][gc,metaspace] GC(653) Metaspace: 42774K(43264K)->42774K(43264K) NonClass: 38435K(38720K)->38435K(38720K) Class: 4339K(4544K)->4339K(4544K)
[357.637s][info][gc          ] GC(653) Pause Young (Mixed) (G1 Evacuation Pause) 360M->285M(569M) 48.977ms
[357.637s][info][gc,cpu      ] GC(653) User=0.10s Sys=0.00s Real=0.05s
[358.194s][info][gc,start    ] GC(654) Pause Young (Mixed) (G1 Evacuation Pause)
[358.194s][info][gc,task     ] GC(654) Using 2 workers of 2 for evacuation
[358.246s][info][gc,phases   ] GC(654)   Pre Evacuate Collection Set: 0.34ms
[358.246s][info][gc,phases   ] GC(654)   Merge Heap Roots: 1.01ms
[358.246s][info][gc,phases   ] GC(654)   Evacuate Collection Set: 49.54ms
[358.246s][info][gc,phases   ] GC(654)   Post Evacuate Collection Set: 0.46ms
[358.246s][info][gc,phases   ] GC(654)   Other: 0.08ms
[358.246s][info][gc,heap     ] GC(654) Eden regions: 118->0(112)
[358.246s][info][gc,heap     ] GC(654) Survivor regions: 11->17(17)
[358.246s][info][gc,heap     ] GC(654) Old regions: 269->291
[358.246s][info][gc,heap     ] GC(654) Humongous regions: 7->6
[358.246s][info][gc,metaspace] GC(654) Metaspace: 42774K(43264K)->42774K(43264K) NonClass: 38435K(38720K)->38435K(38720K) Class: 4339K(4544K)->4339K(4544K)
[358.246s][info][gc          ] GC(654) Pause Young (Mixed) (G1 Evacuation Pause) 404M->313M(569M) 51.661ms
[358.246s][info][gc,cpu      ] GC(654) User=0.10s Sys=0.00s Real=0.06s
[358.667s][info][gc,start    ] GC(655) Pause Young (Concurrent Start) (G1 Evacuation Pause)
[358.667s][info][gc,task     ] GC(655) Using 2 workers of 2 for evacuation
[358.692s][info][gc,phases   ] GC(655)   Pre Evacuate Collection Set: 0.31ms
[358.692s][info][gc,phases   ] GC(655)   Merge Heap Roots: 0.18ms
[358.692s][info][gc,phases   ] GC(655)   Evacuate Collection Set: 24.74ms
[358.693s][info][gc,phases   ] GC(655)   Post Evacuate Collection Set: 0.38ms
[358.693s][info][gc,phases   ] GC(655)   Other: 0.10ms
[358.693s][info][gc,heap     ] GC(655) Eden regions: 112->0(112)
[358.693s][info][gc,heap     ] GC(655) Survivor regions: 17->17(17)
[358.693s][info][gc,heap     ] GC(655) Old regions: 291->309
[358.693s][info][gc,heap     ] GC(655) Humongous regions: 6->6
[358.693s][info][gc,metaspace] GC(655) Metaspace: 42774K(43264K)->42774K(43264K) NonClass: 38435K(38720K)->38435K(38720K) Class: 4339K(4544K)->4339K(4544K)
[358.693s][info][gc          ] GC(655) Pause Young (Concurrent Start) (G1 Evacuation Pause) 425M->331M(569M) 25.938ms
[358.693s][info][gc          ] GC(656) Concurrent Mark Cycle
[358.693s][info][gc,marking  ] GC(656) Concurrent Scan Root Regions
[358.695s][info][gc,cpu      ] GC(655) User=0.06s Sys=0.00s Real=0.03s
[358.706s][info][gc,marking  ] GC(656) Concurrent Scan Root Regions 13.853ms
[358.707s][info][gc,marking  ] GC(656) Concurrent Mark
[358.707s][info][gc,marking  ] GC(656) Concurrent Mark From Roots
[358.707s][info][gc,task     ] GC(656) Using 1 workers of 1 for marking
[358.834s][info][gc,marking  ] GC(656) Concurrent Mark From Roots 127.559ms
[358.834s][info][gc,marking  ] GC(656) Concurrent Preclean
[358.834s][info][gc,marking  ] GC(656) Concurrent Preclean 0.059ms
[358.834s][info][gc,start    ] GC(656) Pause Remark
[358.850s][info][gc          ] GC(656) Pause Remark 367M->305M(569M) 15.785ms
[358.850s][info][gc,cpu      ] GC(656) User=0.03s Sys=0.00s Real=0.02s
[358.850s][info][gc,marking  ] GC(656) Concurrent Mark 143.709ms
[358.850s][info][gc,marking  ] GC(656) Concurrent Rebuild Remembered Sets and Scrub Regions
[358.920s][info][gc,marking  ] GC(656) Concurrent Rebuild Remembered Sets and Scrub Regions 69.869ms
[358.920s][info][gc,start    ] GC(656) Pause Cleanup
[358.920s][info][gc          ] GC(656) Pause Cleanup 323M->323M(569M) 0.135ms
[358.920s][info][gc,cpu      ] GC(656) User=0.00s Sys=0.00s Real=0.00s
[358.920s][info][gc,marking  ] GC(656) Concurrent Clear Claimed Marks
[358.921s][info][gc,marking  ] GC(656) Concurrent Clear Claimed Marks 0.047ms
[358.921s][info][gc,marking  ] GC(656) Concurrent Cleanup for Next Mark
[358.923s][info][gc,marking  ] GC(656) Concurrent Cleanup for Next Mark 2.892ms
[358.923s][info][gc          ] GC(656) Concurrent Mark Cycle 230.869ms
[359.143s][info][gc,start    ] GC(657) Pause Young (Prepare Mixed) (G1 Evacuation Pause)
[359.143s][info][gc,task     ] GC(657) Using 2 workers of 2 for evacuation
[359.162s][info][gc,phases   ] GC(657)   Pre Evacuate Collection Set: 0.26ms
[359.162s][info][gc,phases   ] GC(657)   Merge Heap Roots: 0.09ms
[359.162s][info][gc,phases   ] GC(657)   Evacuate Collection Set: 18.30ms
[359.162s][info][gc,phases   ] GC(657)   Post Evacuate Collection Set: 0.41ms
[359.162s][info][gc,phases   ] GC(657)   Other: 0.09ms
[359.162s][info][gc,heap     ] GC(657) Eden regions: 112->0(142)
[359.162s][info][gc,heap     ] GC(657) Survivor regions: 17->17(17)
[359.162s][info][gc,heap     ] GC(657) Old regions: 249->261
[359.162s][info][gc,heap     ] GC(657) Humongous regions: 4->4
[359.162s][info][gc,metaspace] GC(657) Metaspace: 42774K(43264K)->42774K(43264K) NonClass: 38435K(38720K)->38435K(38720K) Class: 4339K(4544K)->4339K(4544K)
[359.162s][info][gc          ] GC(657) Pause Young (Prepare Mixed) (G1 Evacuation Pause) 381M->281M(569M) 19.363ms
[359.162s][info][gc,cpu      ] GC(657) User=0.04s Sys=0.00s Real=0.02s
[359.709s][info][gc,start    ] GC(658) Pause Young (Mixed) (G1 Evacuation Pause)
[359.709s][info][gc,task     ] GC(658) Using 2 workers of 2 for evacuation
[359.745s][info][gc,phases   ] GC(658)   Pre Evacuate Collection Set: 0.38ms
[359.745s][info][gc,phases   ] GC(658)   Merge Heap Roots: 0.15ms
[359.745s][info][gc,phases   ] GC(658)   Evacuate Collection Set: 34.78ms
[359.745s][info][gc,phases   ] GC(658)   Post Evacuate Collection Set: 0.50ms
[359.745s][info][gc,phases   ] GC(658)   Other: 0.08ms
[359.745s][info][gc,heap     ] GC(658) Eden regions: 142->0(158)
[359.745s][info][gc,heap     ] GC(658) Survivor regions: 17->20(20)
[359.745s][info][gc,heap     ] GC(658) Old regions: 261->230
[359.745s][info][gc,heap     ] GC(658) Humongous regions: 5->4
[359.745s][info][gc,metaspace] GC(658) Metaspace: 42774K(43264K)->42774K(43264K) NonClass: 38435K(38720K)->38435K(38720K) Class: 4339K(4544K)->4339K(4544K)
[359.745s][info][gc          ] GC(658) Pause Young (Mixed) (G1 Evacuation Pause) 424M->253M(569M) 36.155ms
[359.745s][info][gc,cpu      ] GC(658) User=0.08s Sys=0.00s Real=0.04s
[360.341s][info][gc,start    ] GC(659) Pause Young (Mixed) (G1 Evacuation Pause)
[360.341s][info][gc,task     ] GC(659) Using 2 workers of 2 for evacuation
[360.373s][info][gc,phases   ] GC(659)   Pre Evacuate Collection Set: 0.30ms
[360.373s][info][gc,phases   ] GC(659)   Merge Heap Roots: 0.62ms
[360.373s][info][gc,phases   ] GC(659)   Evacuate Collection Set: 30.82ms
[360.373s][info][gc,phases   ] GC(659)   Post Evacuate Collection Set: 0.54ms
[360.373s][info][gc,phases   ] GC(659)   Other: 0.10ms
[360.373s][info][gc,heap     ] GC(659) Eden regions: 158->0(186)
[360.373s][info][gc,heap     ] GC(659) Survivor regions: 20->23(23)
[360.373s][info][gc,heap     ] GC(659) Old regions: 230->187
[360.373s][info][gc,heap     ] GC(659) Humongous regions: 6->5
[360.373s][info][gc,metaspace] GC(659) Metaspace: 42774K(43264K)->42774K(43264K) NonClass: 38435K(38720K)->38435K(38720K) Class: 4339K(4544K)->4339K(4544K)
[360.373s][info][gc          ] GC(659) Pause Young (Mixed) (G1 Evacuation Pause) 413M->214M(569M) 32.604ms
[360.373s][info][gc,cpu      ] GC(659) User=0.06s Sys=0.00s Real=0.03s
[360.471s][info][gc,start    ] GC(660) Pause Young (Concurrent Start) (G1 Humongous Allocation)
[360.471s][info][gc,task     ] GC(660) Using 2 workers of 2 for evacuation
[360.493s][info][gc,phases   ] GC(660)   Pre Evacuate Collection Set: 0.29ms
[360.493s][info][gc,phases   ] GC(660)   Merge Heap Roots: 0.09ms
[360.493s][info][gc,phases   ] GC(660)   Evacuate Collection Set: 21.09ms
[360.493s][info][gc,phases   ] GC(660)   Post Evacuate Collection Set: 0.38ms
[360.493s][info][gc,phases   ] GC(660)   Other: 0.12ms
[360.493s][info][gc,heap     ] GC(660) Eden regions: 28->0(150)
[360.493s][info][gc,heap     ] GC(660) Survivor regions: 23->16(27)
[360.493s][info][gc,heap     ] GC(660) Old regions: 187->207
[360.493s][info][gc,heap     ] GC(660) Humongous regions: 5->5
[360.493s][info][gc,metaspace] GC(660) Metaspace: 42774K(43264K)->42774K(43264K) NonClass: 38435K(38720K)->38435K(38720K) Class: 4339K(4544K)->4339K(4544K)
[360.493s][info][gc          ] GC(660) Pause Young (Concurrent Start) (G1 Humongous Allocation) 242M->227M(569M) 22.180ms
[360.493s][info][gc,cpu      ] GC(660) User=0.05s Sys=0.00s Real=0.02s
[360.493s][info][gc          ] GC(661) Concurrent Mark Cycle
[360.493s][info][gc,marking  ] GC(661) Concurrent Scan Root Regions
[360.508s][info][gc,marking  ] GC(661) Concurrent Scan Root Regions 14.802ms
[360.508s][info][gc,marking  ] GC(661) Concurrent Mark
[360.508s][info][gc,marking  ] GC(661) Concurrent Mark From Roots
[360.508s][info][gc,task     ] GC(661) Using 1 workers of 1 for marking
[360.597s][info][gc,marking  ] GC(661) Concurrent Mark From Roots 88.536ms
[360.597s][info][gc,marking  ] GC(661) Concurrent Preclean
[360.597s][info][gc,marking  ] GC(661) Concurrent Preclean 0.051ms
[360.597s][info][gc,start    ] GC(661) Pause Remark
[360.613s][info][gc          ] GC(661) Pause Remark 254M->170M(484M) 16.282ms
[360.613s][info][gc,cpu      ] GC(661) User=0.03s Sys=0.00s Real=0.01s
[360.613s][info][gc,marking  ] GC(661) Concurrent Mark 105.139ms
[360.613s][info][gc,marking  ] GC(661) Concurrent Rebuild Remembered Sets and Scrub Regions
[360.659s][info][gc,marking  ] GC(661) Concurrent Rebuild Remembered Sets and Scrub Regions 45.514ms
[360.659s][info][gc,start    ] GC(661) Pause Cleanup
[360.659s][info][gc          ] GC(661) Pause Cleanup 180M->180M(484M) 0.063ms
[360.659s][info][gc,cpu      ] GC(661) User=0.00s Sys=0.00s Real=0.00s
[360.659s][info][gc,marking  ] GC(661) Concurrent Clear Claimed Marks
[360.659s][info][gc,marking  ] GC(661) Concurrent Clear Claimed Marks 0.040ms
[360.659s][info][gc,marking  ] GC(661) Concurrent Cleanup for Next Mark
[360.661s][info][gc,marking  ] GC(661) Concurrent Cleanup for Next Mark 1.445ms
[360.661s][info][gc          ] GC(661) Concurrent Mark Cycle 167.294ms
[361.095s][info][gc,start    ] GC(662) Pause Young (Prepare Mixed) (G1 Evacuation Pause)
[361.095s][info][gc,task     ] GC(662) Using 2 workers of 2 for evacuation
[361.109s][info][gc,phases   ] GC(662)   Pre Evacuate Collection Set: 0.27ms
[361.109s][info][gc,phases   ] GC(662)   Merge Heap Roots: 0.08ms
[361.109s][info][gc,phases   ] GC(662)   Evacuate Collection Set: 13.74ms
[361.109s][info][gc,phases   ] GC(662)   Post Evacuate Collection Set: 0.43ms
[361.109s][info][gc,phases   ] GC(662)   Other: 0.07ms
[361.109s][info][gc,heap     ] GC(662) Eden regions: 150->0(161)
[361.109s][info][gc,heap     ] GC(662) Survivor regions: 16->8(21)
[361.109s][info][gc,heap     ] GC(662) Old regions: 124->139
[361.109s][info][gc,heap     ] GC(662) Humongous regions: 6->5
[361.109s][info][gc,metaspace] GC(662) Metaspace: 42774K(43264K)->42774K(43264K) NonClass: 38435K(38720K)->38435K(38720K) Class: 4339K(4544K)->4339K(4544K)
[361.109s][info][gc          ] GC(662) Pause Young (Prepare Mixed) (G1 Evacuation Pause) 295M->151M(484M) 14.839ms
[361.109s][info][gc,cpu      ] GC(662) User=0.03s Sys=0.00s Real=0.02s
[361.696s][info][gc,start    ] GC(663) Pause Young (Mixed) (G1 Evacuation Pause)
[361.696s][info][gc,task     ] GC(663) Using 2 workers of 2 for evacuation
[361.719s][info][gc,phases   ] GC(663)   Pre Evacuate Collection Set: 0.24ms
[361.719s][info][gc,phases   ] GC(663)   Merge Heap Roots: 0.12ms
[361.719s][info][gc,phases   ] GC(663)   Evacuate Collection Set: 21.53ms
[361.719s][info][gc,phases   ] GC(663)   Post Evacuate Collection Set: 0.51ms
[361.719s][info][gc,phases   ] GC(663)   Other: 0.08ms
[361.719s][info][gc,heap     ] GC(663) Eden regions: 161->0(168)
[361.719s][info][gc,heap     ] GC(663) Survivor regions: 8->22(22)
[361.719s][info][gc,heap     ] GC(663) Old regions: 139->126
[361.719s][info][gc,heap     ] GC(663) Humongous regions: 6->5
[361.719s][info][gc,metaspace] GC(663) Metaspace: 42774K(43264K)->42774K(43264K) NonClass: 38435K(38720K)->38435K(38720K) Class: 4339K(4544K)->4339K(4544K)
[361.719s][info][gc          ] GC(663) Pause Young (Mixed) (G1 Evacuation Pause) 313M->152M(484M) 22.708ms
[361.719s][info][gc,cpu      ] GC(663) User=0.05s Sys=0.00s Real=0.02s
[361.731s][info][gc,start    ] GC(664) Pause Young (Concurrent Start) (G1 Humongous Allocation)
[361.731s][info][gc,task     ] GC(664) Using 2 workers of 2 for evacuation
[361.747s][info][gc,phases   ] GC(664)   Pre Evacuate Collection Set: 0.22ms
[361.747s][info][gc,phases   ] GC(664)   Merge Heap Roots: 0.10ms
[361.747s][info][gc,phases   ] GC(664)   Evacuate Collection Set: 14.96ms
[361.747s][info][gc,phases   ] GC(664)   Post Evacuate Collection Set: 0.36ms
[361.747s][info][gc,phases   ] GC(664)   Other: 0.11ms
[361.747s][info][gc,heap     ] GC(664) Eden regions: 4->0(181)
[361.747s][info][gc,heap     ] GC(664) Survivor regions: 22->1(24)
[361.747s][info][gc,heap     ] GC(664) Old regions: 126->148
[361.747s][info][gc,heap     ] GC(664) Humongous regions: 5->5
[361.747s][info][gc,metaspace] GC(664) Metaspace: 42774K(43264K)->42774K(43264K) NonClass: 38435K(38720K)->38435K(38720K) Class: 4339K(4544K)->4339K(4544K)
[361.747s][info][gc          ] GC(664) Pause Young (Concurrent Start) (G1 Humongous Allocation) 156M->153M(484M) 15.945ms
[361.747s][info][gc,cpu      ] GC(664) User=0.03s Sys=0.00s Real=0.02s
[361.747s][info][gc          ] GC(665) Concurrent Mark Cycle
[361.747s][info][gc,marking  ] GC(665) Concurrent Scan Root Regions
[361.757s][info][gc,marking  ] GC(665) Concurrent Scan Root Regions 9.120ms
[361.757s][info][gc,marking  ] GC(665) Concurrent Mark
[361.757s][info][gc,marking  ] GC(665) Concurrent Mark From Roots
[361.757s][info][gc,task     ] GC(665) Using 1 workers of 1 for marking
[361.859s][info][gc,marking  ] GC(665) Concurrent Mark From Roots 102.178ms
[361.859s][info][gc,marking  ] GC(665) Concurrent Preclean
[361.859s][info][gc,marking  ] GC(665) Concurrent Preclean 0.099ms
[361.859s][info][gc,start    ] GC(665) Pause Remark
[361.875s][info][gc          ] GC(665) Pause Remark 179M->165M(470M) 16.042ms
[361.875s][info][gc,cpu      ] GC(665) User=0.03s Sys=0.00s Real=0.02s
[361.875s][info][gc,marking  ] GC(665) Concurrent Mark 118.636ms
[361.875s][info][gc,marking  ] GC(665) Concurrent Rebuild Remembered Sets and Scrub Regions
[361.929s][info][gc,marking  ] GC(665) Concurrent Rebuild Remembered Sets and Scrub Regions 53.983ms
[361.929s][info][gc,start    ] GC(665) Pause Cleanup
[361.929s][info][gc          ] GC(665) Pause Cleanup 181M->181M(470M) 0.066ms
[361.929s][info][gc,cpu      ] GC(665) User=0.00s Sys=0.00s Real=0.00s
[361.930s][info][gc,marking  ] GC(665) Concurrent Clear Claimed Marks
[361.930s][info][gc,marking  ] GC(665) Concurrent Clear Claimed Marks 0.040ms
[361.930s][info][gc,marking  ] GC(665) Concurrent Cleanup for Next Mark
[361.931s][info][gc,marking  ] GC(665) Concurrent Cleanup for Next Mark 1.422ms
[361.931s][info][gc          ] GC(665) Concurrent Mark Cycle 183.658ms
[362.450s][info][gc,start    ] GC(666) Pause Young (Prepare Mixed) (G1 Evacuation Pause)
[362.451s][info][gc,task     ] GC(666) Using 2 workers of 2 for evacuation
[362.497s][info][gc,phases   ] GC(666)   Pre Evacuate Collection Set: 0.26ms
[362.497s][info][gc,phases   ] GC(666)   Merge Heap Roots: 0.18ms
[362.497s][info][gc,phases   ] GC(666)   Evacuate Collection Set: 45.58ms
[362.497s][info][gc,phases   ] GC(666)   Post Evacuate Collection Set: 0.60ms
[362.497s][info][gc,phases   ] GC(666)   Other: 0.09ms
[362.497s][info][gc,heap     ] GC(666) Eden regions: 181->0(157)
[362.497s][info][gc,heap     ] GC(666) Survivor regions: 1->23(23)
[362.497s][info][gc,heap     ] GC(666) Old regions: 135->162
[362.497s][info][gc,heap     ] GC(666) Humongous regions: 8->6
[362.497s][info][gc,metaspace] GC(666) Metaspace: 42774K(43264K)->42774K(43264K) NonClass: 38435K(38720K)->38435K(38720K) Class: 4339K(4544K)->4339K(4544K)
[362.497s][info][gc          ] GC(666) Pause Young (Prepare Mixed) (G1 Evacuation Pause) 324M->190M(470M) 46.934ms
[362.497s][info][gc,cpu      ] GC(666) User=0.10s Sys=0.00s Real=0.05s
[362.993s][info][gc,start    ] GC(667) Pause Young (Mixed) (G1 Evacuation Pause)
[362.993s][info][gc,task     ] GC(667) Using 2 workers of 2 for evacuation
[363.023s][info][gc,phases   ] GC(667)   Pre Evacuate Collection Set: 0.23ms
[363.024s][info][gc,phases   ] GC(667)   Merge Heap Roots: 0.43ms
[363.024s][info][gc,phases   ] GC(667)   Evacuate Collection Set: 28.74ms
[363.024s][info][gc,phases   ] GC(667)   Post Evacuate Collection Set: 0.71ms
[363.024s][info][gc,phases   ] GC(667)   Other: 0.09ms
[363.024s][info][gc,heap     ] GC(667) Eden regions: 157->0(188)
[363.024s][info][gc,heap     ] GC(667) Survivor regions: 23->2(23)
[363.024s][info][gc,heap     ] GC(667) Old regions: 162->164
[363.024s][info][gc,heap     ] GC(667) Humongous regions: 6->6
[363.024s][info][gc,metaspace] GC(667) Metaspace: 42774K(43264K)->42774K(43264K) NonClass: 38435K(38720K)->38435K(38720K) Class: 4339K(4544K)->4339K(4544K)
[363.024s][info][gc          ] GC(667) Pause Young (Mixed) (G1 Evacuation Pause) 347M->171M(491M) 30.409ms
[363.024s][info][gc,cpu      ] GC(667) User=0.05s Sys=0.00s Real=0.03s
[363.493s][info][gc,start    ] GC(668) Pause Young (Concurrent Start) (G1 Humongous Allocation)
[363.493s][info][gc,task     ] GC(668) Using 2 workers of 2 for evacuation
[363.496s][info][gc,phases   ] GC(668)   Pre Evacuate Collection Set: 0.26ms
[363.496s][info][gc,phases   ] GC(668)   Merge Heap Roots: 0.07ms
[363.496s][info][gc,phases   ] GC(668)   Evacuate Collection Set: 1.95ms
[363.496s][info][gc,phases   ] GC(668)   Post Evacuate Collection Set: 0.39ms
[363.496s][info][gc,phases   ] GC(668)   Other: 0.14ms
[363.496s][info][gc,heap     ] GC(668) Eden regions: 133->0(201)
[363.496s][info][gc,heap     ] GC(668) Survivor regions: 2->2(24)
[363.496s][info][gc,heap     ] GC(668) Old regions: 164->164
[363.496s][info][gc,heap     ] GC(668) Humongous regions: 6->6
[363.496s][info][gc,metaspace] GC(668) Metaspace: 42774K(43264K)->42774K(43264K) NonClass: 38435K(38720K)->38435K(38720K) Class: 4339K(4544K)->4339K(4544K)
[363.496s][info][gc          ] GC(668) Pause Young (Concurrent Start) (G1 Humongous Allocation) 304M->171M(491M) 3.044ms
[363.496s][info][gc,cpu      ] GC(668) User=0.00s Sys=0.00s Real=0.01s
[363.496s][info][gc          ] GC(669) Concurrent Mark Cycle
[363.496s][info][gc,marking  ] GC(669) Concurrent Scan Root Regions
[363.499s][info][gc,marking  ] GC(669) Concurrent Scan Root Regions 3.150ms
[363.499s][info][gc,marking  ] GC(669) Concurrent Mark
[363.499s][info][gc,marking  ] GC(669) Concurrent Mark From Roots
[363.499s][info][gc,task     ] GC(669) Using 1 workers of 1 for marking
[363.579s][info][gc,marking  ] GC(669) Concurrent Mark From Roots 80.431ms
[363.579s][info][gc,marking  ] GC(669) Concurrent Preclean
[363.580s][info][gc,marking  ] GC(669) Concurrent Preclean 0.056ms
[363.580s][info][gc,start    ] GC(669) Pause Remark
[363.596s][info][gc          ] GC(669) Pause Remark 195M->119M(324M) 16.305ms
[363.596s][info][gc,cpu      ] GC(669) User=0.03s Sys=0.00s Real=0.02s
[363.596s][info][gc,marking  ] GC(669) Concurrent Mark 97.081ms
[363.596s][info][gc,marking  ] GC(669) Concurrent Rebuild Remembered Sets and Scrub Regions
[363.630s][info][gc,marking  ] GC(669) Concurrent Rebuild Remembered Sets and Scrub Regions 34.125ms
[363.630s][info][gc,start    ] GC(669) Pause Cleanup
[363.630s][info][gc          ] GC(669) Pause Cleanup 129M->129M(324M) 0.057ms
[363.630s][info][gc,cpu      ] GC(669) User=0.00s Sys=0.00s Real=0.00s
[363.630s][info][gc,marking  ] GC(669) Concurrent Clear Claimed Marks
[363.630s][info][gc,marking  ] GC(669) Concurrent Clear Claimed Marks 0.039ms
[363.631s][info][gc,marking  ] GC(669) Concurrent Cleanup for Next Mark
[363.631s][info][gc,marking  ] GC(669) Concurrent Cleanup for Next Mark 0.991ms
[363.632s][info][gc          ] GC(669) Concurrent Mark Cycle 135.737ms
[364.116s][info][gc,start    ] GC(670) Pause Young (Prepare Mixed) (G1 Evacuation Pause)
[364.116s][info][gc,task     ] GC(670) Using 2 workers of 2 for evacuation
[364.120s][info][gc,phases   ] GC(670)   Pre Evacuate Collection Set: 0.17ms
[364.120s][info][gc,phases   ] GC(670)   Merge Heap Roots: 0.08ms
[364.120s][info][gc,phases   ] GC(670)   Evacuate Collection Set: 3.18ms
[364.120s][info][gc,phases   ] GC(670)   Post Evacuate Collection Set: 0.43ms
[364.120s][info][gc,phases   ] GC(670)   Other: 0.07ms
[364.120s][info][gc,heap     ] GC(670) Eden regions: 192->0(162)
[364.120s][info][gc,heap     ] GC(670) Survivor regions: 2->4(25)
[364.120s][info][gc,heap     ] GC(670) Old regions: 91->91
[364.120s][info][gc,heap     ] GC(670) Humongous regions: 4->1
[364.120s][info][gc,metaspace] GC(670) Metaspace: 42774K(43264K)->42774K(43264K) NonClass: 38435K(38720K)->38435K(38720K) Class: 4339K(4544K)->4339K(4544K)
[364.120s][info][gc          ] GC(670) Pause Young (Prepare Mixed) (G1 Evacuation Pause) 288M->94M(324M) 4.116ms
[364.120s][info][gc,cpu      ] GC(670) User=0.00s Sys=0.00s Real=0.00s
[364.434s][info][gc,start    ] GC(671) Pause Young (Mixed) (G1 Evacuation Pause)
[364.434s][info][gc,task     ] GC(671) Using 2 workers of 2 for evacuation
[364.441s][info][gc,phases   ] GC(671)   Pre Evacuate Collection Set: 0.20ms
[364.441s][info][gc,phases   ] GC(671)   Merge Heap Roots: 0.10ms
[364.441s][info][gc,phases   ] GC(671)   Evacuate Collection Set: 5.84ms
[364.441s][info][gc,phases   ] GC(671)   Post Evacuate Collection Set: 0.56ms
[364.441s][info][gc,phases   ] GC(671)   Other: 0.08ms
[364.441s][info][gc,heap     ] GC(671) Eden regions: 162->0(179)
[364.441s][info][gc,heap     ] GC(671) Survivor regions: 4->5(21)
[364.441s][info][gc,heap     ] GC(671) Old regions: 91->73
[364.441s][info][gc,heap     ] GC(671) Humongous regions: 1->1
[364.441s][info][gc,metaspace] GC(671) Metaspace: 42774K(43264K)->42774K(43264K) NonClass: 38435K(38720K)->38435K(38720K) Class: 4339K(4544K)->4339K(4544K)
[364.441s][info][gc          ] GC(671) Pause Young (Mixed) (G1 Evacuation Pause) 256M->77M(324M) 6.974ms
[364.441s][info][gc,cpu      ] GC(671) User=0.01s Sys=0.00s Real=0.01s
[364.781s][info][gc,start    ] GC(672) Pause Young (Concurrent Start) (G1 Evacuation Pause)
[364.781s][info][gc,task     ] GC(672) Using 2 workers of 2 for evacuation
[364.785s][info][gc,phases   ] GC(672)   Pre Evacuate Collection Set: 0.21ms
[364.786s][info][gc,phases   ] GC(672)   Merge Heap Roots: 0.06ms
[364.786s][info][gc,phases   ] GC(672)   Evacuate Collection Set: 3.20ms
[364.786s][info][gc,phases   ] GC(672)   Post Evacuate Collection Set: 0.46ms
[364.786s][info][gc,phases   ] GC(672)   Other: 0.10ms
[364.786s][info][gc,heap     ] GC(672) Eden regions: 179->0(187)
[364.786s][info][gc,heap     ] GC(672) Survivor regions: 5->4(23)
[364.786s][info][gc,heap     ] GC(672) Old regions: 73->73
[364.786s][info][gc,heap     ] GC(672) Humongous regions: 1->1
[364.786s][info][gc,metaspace] GC(672) Metaspace: 42774K(43264K)->42774K(43264K) NonClass: 38435K(38720K)->38435K(38720K) Class: 4339K(4544K)->4339K(4544K)
[364.786s][info][gc          ] GC(672) Pause Young (Concurrent Start) (G1 Evacuation Pause) 256M->76M(324M) 4.243ms
[364.786s][info][gc,cpu      ] GC(672) User=0.00s Sys=0.00s Real=0.01s
[364.786s][info][gc          ] GC(673) Concurrent Mark Cycle
[364.786s][info][gc,marking  ] GC(673) Concurrent Scan Root Regions
[364.788s][info][gc,marking  ] GC(673) Concurrent Scan Root Regions 2.441ms
[364.788s][info][gc,marking  ] GC(673) Concurrent Mark
[364.788s][info][gc,marking  ] GC(673) Concurrent Mark From Roots
[364.788s][info][gc,task     ] GC(673) Using 1 workers of 1 for marking
[364.862s][info][gc,marking  ] GC(673) Concurrent Mark From Roots 74.302ms
[364.863s][info][gc,marking  ] GC(673) Concurrent Preclean
[364.863s][info][gc,marking  ] GC(673) Concurrent Preclean 0.060ms
[364.863s][info][gc,start    ] GC(673) Pause Remark
[364.879s][info][gc          ] GC(673) Pause Remark 108M->103M(256M) 15.837ms
[364.879s][info][gc,cpu      ] GC(673) User=0.03s Sys=0.00s Real=0.02s
[364.881s][info][gc,marking  ] GC(673) Concurrent Mark 92.754ms
[364.881s][info][gc,marking  ] GC(673) Concurrent Rebuild Remembered Sets and Scrub Regions
[364.915s][info][gc,marking  ] GC(673) Concurrent Rebuild Remembered Sets and Scrub Regions 34.041ms
[364.915s][info][gc,start    ] GC(673) Pause Cleanup
[364.915s][info][gc          ] GC(673) Pause Cleanup 112M->112M(256M) 0.074ms
[364.915s][info][gc,cpu      ] GC(673) User=0.00s Sys=0.00s Real=0.00s
[364.915s][info][gc,marking  ] GC(673) Concurrent Clear Claimed Marks
[364.915s][info][gc,marking  ] GC(673) Concurrent Clear Claimed Marks 0.047ms
[364.915s][info][gc,marking  ] GC(673) Concurrent Cleanup for Next Mark
[364.916s][info][gc,marking  ] GC(673) Concurrent Cleanup for Next Mark 0.833ms
[364.916s][info][gc          ] GC(673) Concurrent Mark Cycle 130.589ms
[365.395s][info][gc,start    ] GC(674) Pause Young (Prepare Mixed) (G1 Evacuation Pause)
[365.395s][info][gc,task     ] GC(674) Using 2 workers of 2 for evacuation
[365.408s][info][gc,phases   ] GC(674)   Pre Evacuate Collection Set: 0.21ms
[365.408s][info][gc,phases   ] GC(674)   Merge Heap Roots: 0.08ms
[365.408s][info][gc,phases   ] GC(674)   Evacuate Collection Set: 11.00ms
[365.408s][info][gc,phases   ] GC(674)   Post Evacuate Collection Set: 0.79ms
[365.408s][info][gc,phases   ] GC(674)   Other: 0.07ms
[365.408s][info][gc,heap     ] GC(674) Eden regions: 95->0(222)
[365.408s][info][gc,heap     ] GC(674) Survivor regions: 4->8(24)
[365.408s][info][gc,heap     ] GC(674) Old regions: 68->68
[365.408s][info][gc,heap     ] GC(674) Humongous regions: 209->3
[365.408s][info][gc,metaspace] GC(674) Metaspace: 42774K(43264K)->42774K(43264K) NonClass: 38435K(38720K)->38435K(38720K) Class: 4339K(4544K)->4339K(4544K)
[365.408s][info][gc          ] GC(674) Pause Young (Prepare Mixed) (G1 Evacuation Pause) 374M->77M(384M) 12.356ms
[365.408s][info][gc,cpu      ] GC(674) User=0.02s Sys=0.00s Real=0.01s
[366.025s][info][gc,start    ] GC(675) Pause Young (Mixed) (G1 Evacuation Pause)
[366.025s][info][gc,task     ] GC(675) Using 2 workers of 2 for evacuation
[366.046s][info][gc,phases   ] GC(675)   Pre Evacuate Collection Set: 0.29ms
[366.046s][info][gc,phases   ] GC(675)   Merge Heap Roots: 0.21ms
[366.046s][info][gc,phases   ] GC(675)   Evacuate Collection Set: 19.43ms
[366.046s][info][gc,phases   ] GC(675)   Post Evacuate Collection Set: 0.94ms
[366.046s][info][gc,phases   ] GC(675)   Other: 0.07ms
[366.046s][info][gc,heap     ] GC(675) Eden regions: 59->0(295)
[366.046s][info][gc,heap     ] GC(675) Survivor regions: 8->12(30)
[366.046s][info][gc,heap     ] GC(675) Old regions: 68->58
[366.046s][info][gc,heap     ] GC(675) Humongous regions: 363->1
[366.046s][info][gc,metaspace] GC(675) Metaspace: 42774K(43264K)->42774K(43264K) NonClass: 38435K(38720K)->38435K(38720K) Class: 4339K(4544K)->4339K(4544K)
[366.046s][info][gc          ] GC(675) Pause Young (Mixed) (G1 Evacuation Pause) 496M->69M(512M) 21.162ms
[366.046s][info][gc,cpu      ] GC(675) User=0.04s Sys=0.01s Real=0.03s
[366.050s][info][gc,start    ] GC(676) Pause Young (Concurrent Start) (G1 Humongous Allocation)
[366.050s][info][gc,task     ] GC(676) Using 2 workers of 2 for evacuation
[366.061s][info][gc,phases   ] GC(676)   Pre Evacuate Collection Set: 0.23ms
[366.061s][info][gc,phases   ] GC(676)   Merge Heap Roots: 0.04ms
[366.061s][info][gc,phases   ] GC(676)   Evacuate Collection Set: 10.53ms
[366.061s][info][gc,phases   ] GC(676)   Post Evacuate Collection Set: 0.28ms
[366.061s][info][gc,phases   ] GC(676)   Other: 0.07ms
[366.061s][info][gc,heap     ] GC(676) Eden regions: 1->0(271)
[366.061s][info][gc,heap     ] GC(676) Survivor regions: 12->13(39)
[366.061s][info][gc,heap     ] GC(676) Old regions: 58->58
[366.061s][info][gc,heap     ] GC(676) Humongous regions: 1->1
[366.061s][info][gc,metaspace] GC(676) Metaspace: 42774K(43264K)->42774K(43264K) NonClass: 38435K(38720K)->38435K(38720K) Class: 4339K(4544K)->4339K(4544K)
[366.062s][info][gc          ] GC(676) Pause Young (Concurrent Start) (G1 Humongous Allocation) 70M->70M(512M) 11.300ms
[366.062s][info][gc,cpu      ] GC(676) User=0.02s Sys=0.00s Real=0.01s
[366.062s][info][gc          ] GC(677) Concurrent Mark Cycle
[366.062s][info][gc,marking  ] GC(677) Concurrent Scan Root Regions
[366.069s][info][gc,marking  ] GC(677) Concurrent Scan Root Regions 7.723ms
[366.069s][info][gc,marking  ] GC(677) Concurrent Mark
[366.069s][info][gc,marking  ] GC(677) Concurrent Mark From Roots
[366.069s][info][gc,task     ] GC(677) Using 1 workers of 1 for marking
[366.141s][info][gc,marking  ] GC(677) Concurrent Mark From Roots 71.532ms
[366.141s][info][gc,marking  ] GC(677) Concurrent Preclean
[366.141s][info][gc,marking  ] GC(677) Concurrent Preclean 0.057ms
[366.141s][info][gc,start    ] GC(677) Pause Remark
[366.157s][info][gc          ] GC(677) Pause Remark 124M->124M(394M) 16.005ms
[366.157s][info][gc,cpu      ] GC(677) User=0.03s Sys=0.00s Real=0.02s
[366.157s][info][gc,marking  ] GC(677) Concurrent Mark 87.912ms
[366.157s][info][gc,marking  ] GC(677) Concurrent Rebuild Remembered Sets and Scrub Regions
[366.187s][info][gc,marking  ] GC(677) Concurrent Rebuild Remembered Sets and Scrub Regions 30.152ms
[366.188s][info][gc,start    ] GC(677) Pause Cleanup
[366.188s][info][gc          ] GC(677) Pause Cleanup 145M->145M(394M) 0.061ms
[366.188s][info][gc,cpu      ] GC(677) User=0.00s Sys=0.00s Real=0.00s
[366.188s][info][gc,marking  ] GC(677) Concurrent Clear Claimed Marks
[366.188s][info][gc,marking  ] GC(677) Concurrent Clear Claimed Marks 0.042ms
[366.188s][info][gc,marking  ] GC(677) Concurrent Cleanup for Next Mark
[366.190s][info][gc,marking  ] GC(677) Concurrent Cleanup for Next Mark 2.603ms
[366.190s][info][gc          ] GC(677) Concurrent Mark Cycle 128.819ms
[366.692s][info][gc,start    ] GC(678) Pause Young (Prepare Mixed) (G1 Evacuation Pause)
[366.692s][info][gc,task     ] GC(678) Using 2 workers of 2 for evacuation
[366.722s][info][gc,phases   ] GC(678)   Pre Evacuate Collection Set: 0.26ms
[366.722s][info][gc,phases   ] GC(678)   Merge Heap Roots: 0.07ms
[366.722s][info][gc,phases   ] GC(678)   Evacuate Collection Set: 28.19ms
[366.722s][info][gc,phases   ] GC(678)   Post Evacuate Collection Set: 0.82ms
[366.722s][info][gc,phases   ] GC(678)   Other: 0.07ms
[366.722s][info][gc,heap     ] GC(678) Eden regions: 62->0(262)
[366.722s][info][gc,heap     ] GC(678) Survivor regions: 13->20(36)
[366.722s][info][gc,heap     ] GC(678) Old regions: 58->58
[366.722s][info][gc,heap     ] GC(678) Humongous regions: 347->1
[366.722s][info][gc,metaspace] GC(678) Metaspace: 42774K(43264K)->42774K(43264K) NonClass: 38435K(38720K)->38435K(38720K) Class: 4339K(4544K)->4339K(4544K)
[366.722s][info][gc          ] GC(678) Pause Young (Prepare Mixed) (G1 Evacuation Pause) 478M->77M(500M) 29.696ms
[366.722s][info][gc,cpu      ] GC(678) User=0.05s Sys=0.01s Real=0.03s
[367.443s][info][gc,start    ] GC(679) Pause Young (Mixed) (G1 Evacuation Pause)
[367.443s][info][gc,task     ] GC(679) Using 2 workers of 2 for evacuation
[367.498s][info][gc,phases   ] GC(679)   Pre Evacuate Collection Set: 0.28ms
[367.498s][info][gc,phases   ] GC(679)   Merge Heap Roots: 0.12ms
[367.498s][info][gc,phases   ] GC(679)   Evacuate Collection Set: 53.70ms
[367.498s][info][gc,phases   ] GC(679)   Post Evacuate Collection Set: 0.94ms
[367.498s][info][gc,phases   ] GC(679)   Other: 0.09ms
[367.498s][info][gc,heap     ] GC(679) Eden regions: 83->0(314)
[367.498s][info][gc,heap     ] GC(679) Survivor regions: 20->27(36)
[367.498s][info][gc,heap     ] GC(679) Old regions: 58->61
[367.498s][info][gc,heap     ] GC(679) Humongous regions: 401->1
[367.498s][info][gc,metaspace] GC(679) Metaspace: 42774K(43264K)->42774K(43264K) NonClass: 38435K(38720K)->38435K(38720K) Class: 4339K(4544K)->4339K(4544K)
[367.499s][info][gc          ] GC(679) Pause Young (Mixed) (G1 Evacuation Pause) 560M->87M(597M) 55.348ms
[367.499s][info][gc,cpu      ] GC(679) User=0.09s Sys=0.03s Real=0.06s
[367.502s][info][gc,start    ] GC(680) Pause Young (Concurrent Start) (G1 Humongous Allocation)
[367.502s][info][gc,task     ] GC(680) Using 2 workers of 2 for evacuation
[367.530s][info][gc,phases   ] GC(680)   Pre Evacuate Collection Set: 0.28ms
[367.530s][info][gc,phases   ] GC(680)   Merge Heap Roots: 0.08ms
[367.530s][info][gc,phases   ] GC(680)   Evacuate Collection Set: 27.18ms
[367.530s][info][gc,phases   ] GC(680)   Post Evacuate Collection Set: 0.35ms
[367.530s][info][gc,phases   ] GC(680)   Other: 0.08ms
[367.530s][info][gc,heap     ] GC(680) Eden regions: 1->0(300)
[367.530s][info][gc,heap     ] GC(680) Survivor regions: 27->15(43)
[367.530s][info][gc,heap     ] GC(680) Old regions: 61->74
[367.530s][info][gc,heap     ] GC(680) Humongous regions: 1->1
[367.530s][info][gc,metaspace] GC(680) Metaspace: 42774K(43264K)->42774K(43264K) NonClass: 38435K(38720K)->38435K(38720K) Class: 4339K(4544K)->4339K(4544K)
[367.530s][info][gc          ] GC(680) Pause Young (Concurrent Start) (G1 Humongous Allocation) 88M->88M(597M) 28.166ms
[367.530s][info][gc,cpu      ] GC(680) User=0.05s Sys=0.00s Real=0.03s
[367.530s][info][gc          ] GC(681) Concurrent Mark Cycle
[367.530s][info][gc,marking  ] GC(681) Concurrent Scan Root Regions
[367.554s][info][gc,marking  ] GC(681) Concurrent Scan Root Regions 23.803ms
[367.554s][info][gc,marking  ] GC(681) Concurrent Mark
[367.554s][info][gc,marking  ] GC(681) Concurrent Mark From Roots
[367.554s][info][gc,task     ] GC(681) Using 1 workers of 1 for marking
[367.638s][info][gc,marking  ] GC(681) Concurrent Mark From Roots 84.296ms
[367.638s][info][gc,marking  ] GC(681) Concurrent Preclean
[367.638s][info][gc,marking  ] GC(681) Concurrent Preclean 0.062ms
[367.638s][info][gc,start    ] GC(681) Pause Remark
[367.654s][info][gc          ] GC(681) Pause Remark 131M->131M(387M) 16.097ms
[367.655s][info][gc,cpu      ] GC(681) User=0.03s Sys=0.00s Real=0.01s
[367.655s][info][gc,marking  ] GC(681) Concurrent Mark 100.766ms
[367.655s][info][gc,marking  ] GC(681) Concurrent Rebuild Remembered Sets and Scrub Regions
[367.700s][info][gc,marking  ] GC(681) Concurrent Rebuild Remembered Sets and Scrub Regions 45.425ms
[367.701s][info][gc,start    ] GC(681) Pause Cleanup
[367.701s][info][gc          ] GC(681) Pause Cleanup 135M->135M(387M) 0.062ms
[367.701s][info][gc,cpu      ] GC(681) User=0.00s Sys=0.00s Real=0.00s
[367.701s][info][gc,marking  ] GC(681) Concurrent Clear Claimed Marks
[367.701s][info][gc,marking  ] GC(681) Concurrent Clear Claimed Marks 0.039ms
[367.701s][info][gc,marking  ] GC(681) Concurrent Cleanup for Next Mark
[367.703s][info][gc,marking  ] GC(681) Concurrent Cleanup for Next Mark 1.361ms
[367.703s][info][gc          ] GC(681) Concurrent Mark Cycle 172.730ms
[368.332s][info][gc,start    ] GC(682) Pause Young (Prepare Mixed) (G1 Evacuation Pause)
[368.332s][info][gc,task     ] GC(682) Using 2 workers of 2 for evacuation
[368.370s][info][gc,phases   ] GC(682)   Pre Evacuate Collection Set: 0.22ms
[368.370s][info][gc,phases   ] GC(682)   Merge Heap Roots: 0.13ms
[368.370s][info][gc,phases   ] GC(682)   Evacuate Collection Set: 37.00ms
[368.370s][info][gc,phases   ] GC(682)   Post Evacuate Collection Set: 0.54ms
[368.370s][info][gc,phases   ] GC(682)   Other: 0.09ms
[368.370s][info][gc,heap     ] GC(682) Eden regions: 217->0(195)
[368.370s][info][gc,heap     ] GC(682) Survivor regions: 15->23(29)
[368.370s][info][gc,heap     ] GC(682) Old regions: 74->74
[368.370s][info][gc,heap     ] GC(682) Humongous regions: 71->1
[368.370s][info][gc,metaspace] GC(682) Metaspace: 42813K(43264K)->42813K(43264K) NonClass: 38473K(38720K)->38473K(38720K) Class: 4339K(4544K)->4339K(4544K)
[368.370s][info][gc          ] GC(682) Pause Young (Prepare Mixed) (G1 Evacuation Pause) 375M->96M(400M) 38.200ms
[368.370s][info][gc,cpu      ] GC(682) User=0.06s Sys=0.01s Real=0.04s
[368.874s][info][gc,start    ] GC(683) Pause Young (Mixed) (G1 Evacuation Pause)
[368.874s][info][gc,task     ] GC(683) Using 2 workers of 2 for evacuation
[368.899s][info][gc,phases   ] GC(683)   Pre Evacuate Collection Set: 0.24ms
[368.899s][info][gc,phases   ] GC(683)   Merge Heap Roots: 0.19ms
[368.899s][info][gc,phases   ] GC(683)   Evacuate Collection Set: 23.43ms
[368.899s][info][gc,phases   ] GC(683)   Post Evacuate Collection Set: 0.58ms
[368.899s][info][gc,phases   ] GC(683)   Other: 0.11ms
[368.899s][info][gc,heap     ] GC(683) Eden regions: 195->0(211)
[368.899s][info][gc,heap     ] GC(683) Survivor regions: 23->9(28)
[368.899s][info][gc,heap     ] GC(683) Old regions: 74->85
[368.899s][info][gc,heap     ] GC(683) Humongous regions: 1->1
[368.899s][info][gc,metaspace] GC(683) Metaspace: 42814K(43264K)->42814K(43264K) NonClass: 38475K(38720K)->38475K(38720K) Class: 4339K(4544K)->4339K(4544K)
[368.899s][info][gc          ] GC(683) Pause Young (Mixed) (G1 Evacuation Pause) 291M->93M(400M) 24.773ms
[368.899s][info][gc,cpu      ] GC(683) User=0.05s Sys=0.00s Real=0.03s
[369.418s][info][gc,start    ] GC(684) Pause Young (Concurrent Start) (G1 Evacuation Pause)
[369.418s][info][gc,task     ] GC(684) Using 2 workers of 2 for evacuation
[369.425s][info][gc,phases   ] GC(684)   Pre Evacuate Collection Set: 0.20ms
[369.425s][info][gc,phases   ] GC(684)   Merge Heap Roots: 0.09ms
[369.425s][info][gc,phases   ] GC(684)   Evacuate Collection Set: 5.99ms
[369.425s][info][gc,phases   ] GC(684)   Post Evacuate Collection Set: 0.48ms
[369.425s][info][gc,phases   ] GC(684)   Other: 0.17ms
[369.425s][info][gc,heap     ] GC(684) Eden regions: 211->0(224)
[369.425s][info][gc,heap     ] GC(684) Survivor regions: 9->9(28)
[369.425s][info][gc,heap     ] GC(684) Old regions: 85->85
[369.425s][info][gc,heap     ] GC(684) Humongous regions: 1->1
[369.425s][info][gc,metaspace] GC(684) Metaspace: 42817K(43264K)->42817K(43264K) NonClass: 38478K(38720K)->38478K(38720K) Class: 4339K(4544K)->4339K(4544K)
[369.425s][info][gc          ] GC(684) Pause Young (Concurrent Start) (G1 Evacuation Pause) 304M->92M(400M) 7.128ms
[369.425s][info][gc,cpu      ] GC(684) User=0.01s Sys=0.00s Real=0.01s
[369.425s][info][gc          ] GC(685) Concurrent Mark Cycle
[369.425s][info][gc,marking  ] GC(685) Concurrent Scan Root Regions
[369.430s][info][gc,marking  ] GC(685) Concurrent Scan Root Regions 5.008ms
[369.430s][info][gc,marking  ] GC(685) Concurrent Mark
[369.430s][info][gc,marking  ] GC(685) Concurrent Mark From Roots
[369.430s][info][gc,task     ] GC(685) Using 1 workers of 1 for marking
[369.561s][info][gc,marking  ] GC(685) Concurrent Mark From Roots 130.542ms
[369.561s][info][gc,marking  ] GC(685) Concurrent Preclean
[369.561s][info][gc,marking  ] GC(685) Concurrent Preclean 0.084ms
[369.561s][info][gc,start    ] GC(685) Pause Remark
[369.577s][info][gc          ] GC(685) Pause Remark 144M->143M(314M) 15.851ms
[369.577s][info][gc,cpu      ] GC(685) User=0.03s Sys=0.00s Real=0.02s
[369.577s][info][gc,marking  ] GC(685) Concurrent Mark 146.788ms
[369.577s][info][gc,marking  ] GC(685) Concurrent Rebuild Remembered Sets and Scrub Regions
[369.639s][info][gc,marking  ] GC(685) Concurrent Rebuild Remembered Sets and Scrub Regions 61.675ms
[369.639s][info][gc,start    ] GC(685) Pause Cleanup
[369.639s][info][gc          ] GC(685) Pause Cleanup 166M->166M(314M) 0.055ms
[369.639s][info][gc,cpu      ] GC(685) User=0.00s Sys=0.00s Real=0.00s
[369.639s][info][gc,marking  ] GC(685) Concurrent Clear Claimed Marks
[369.639s][info][gc,marking  ] GC(685) Concurrent Clear Claimed Marks 0.039ms
[369.639s][info][gc,marking  ] GC(685) Concurrent Cleanup for Next Mark
[369.640s][info][gc,marking  ] GC(685) Concurrent Cleanup for Next Mark 1.115ms
[369.640s][info][gc          ] GC(685) Concurrent Mark Cycle 215.167ms
[369.901s][info][gc,start    ] GC(686) Pause Young (Prepare Mixed) (G1 Evacuation Pause)
[369.901s][info][gc,task     ] GC(686) Using 2 workers of 2 for evacuation
[369.910s][info][gc,phases   ] GC(686)   Pre Evacuate Collection Set: 0.18ms
[369.910s][info][gc,phases   ] GC(686)   Merge Heap Roots: 0.12ms
[369.910s][info][gc,phases   ] GC(686)   Evacuate Collection Set: 8.49ms
[369.910s][info][gc,phases   ] GC(686)   Post Evacuate Collection Set: 0.46ms
[369.910s][info][gc,phases   ] GC(686)   Other: 0.09ms
[369.910s][info][gc,heap     ] GC(686) Eden regions: 179->0(171)
[369.910s][info][gc,heap     ] GC(686) Survivor regions: 9->11(24)
[369.910s][info][gc,heap     ] GC(686) Old regions: 84->84
[369.910s][info][gc,heap     ] GC(686) Humongous regions: 1->1
[369.910s][info][gc,metaspace] GC(686) Metaspace: 42832K(43328K)->42832K(43328K) NonClass: 38493K(38784K)->38493K(38784K) Class: 4339K(4544K)->4339K(4544K)
[369.910s][info][gc          ] GC(686) Pause Young (Prepare Mixed) (G1 Evacuation Pause) 270M->94M(314M) 9.527ms
[369.910s][info][gc,cpu      ] GC(686) User=0.02s Sys=0.00s Real=0.01s
[370.368s][info][gc,start    ] GC(687) Pause Young (Mixed) (G1 Evacuation Pause)
[370.368s][info][gc,task     ] GC(687) Using 2 workers of 2 for evacuation
[370.379s][info][gc,phases   ] GC(687)   Pre Evacuate Collection Set: 0.22ms
[370.379s][info][gc,phases   ] GC(687)   Merge Heap Roots: 0.12ms
[370.379s][info][gc,phases   ] GC(687)   Evacuate Collection Set: 10.16ms
[370.379s][info][gc,phases   ] GC(687)   Post Evacuate Collection Set: 0.42ms
[370.379s][info][gc,phases   ] GC(687)   Other: 0.11ms
[370.379s][info][gc,heap     ] GC(687) Eden regions: 171->0(175)
[370.379s][info][gc,heap     ] GC(687) Survivor regions: 11->13(23)
[370.379s][info][gc,heap     ] GC(687) Old regions: 84->80
[370.379s][info][gc,heap     ] GC(687) Humongous regions: 1->1
[370.379s][info][gc,metaspace] GC(687) Metaspace: 42835K(43328K)->42835K(43328K) NonClass: 38496K(38784K)->38496K(38784K) Class: 4339K(4544K)->4339K(4544K)
[370.379s][info][gc          ] GC(687) Pause Young (Mixed) (G1 Evacuation Pause) 265M->92M(314M) 11.268ms
[370.379s][info][gc,cpu      ] GC(687) User=0.02s Sys=0.00s Real=0.01s
[370.845s][info][gc,start    ] GC(688) Pause Young (Concurrent Start) (G1 Evacuation Pause)
[370.845s][info][gc,task     ] GC(688) Using 2 workers of 2 for evacuation
[370.856s][info][gc,phases   ] GC(688)   Pre Evacuate Collection Set: 0.23ms
[370.856s][info][gc,phases   ] GC(688)   Merge Heap Roots: 0.09ms
[370.856s][info][gc,phases   ] GC(688)   Evacuate Collection Set: 10.08ms
[370.856s][info][gc,phases   ] GC(688)   Post Evacuate Collection Set: 0.66ms
[370.856s][info][gc,phases   ] GC(688)   Other: 0.18ms
[370.856s][info][gc,heap     ] GC(688) Eden regions: 175->0(173)
[370.856s][info][gc,heap     ] GC(688) Survivor regions: 13->15(24)
[370.856s][info][gc,heap     ] GC(688) Old regions: 80->80
[370.856s][info][gc,heap     ] GC(688) Humongous regions: 1->1
[370.856s][info][gc,metaspace] GC(688) Metaspace: 42838K(43328K)->42838K(43328K) NonClass: 38499K(38784K)->38499K(38784K) Class: 4339K(4544K)->4339K(4544K)
[370.856s][info][gc          ] GC(688) Pause Young (Concurrent Start) (G1 Evacuation Pause) 267M->94M(314M) 11.499ms
[370.856s][info][gc,cpu      ] GC(688) User=0.02s Sys=0.00s Real=0.02s
[370.856s][info][gc          ] GC(689) Concurrent Mark Cycle
[370.856s][info][gc,marking  ] GC(689) Concurrent Scan Root Regions
[370.864s][info][gc,marking  ] GC(689) Concurrent Scan Root Regions 7.601ms
[370.864s][info][gc,marking  ] GC(689) Concurrent Mark
[370.864s][info][gc,marking  ] GC(689) Concurrent Mark From Roots
[370.864s][info][gc,task     ] GC(689) Using 1 workers of 1 for marking
[370.995s][info][gc,marking  ] GC(689) Concurrent Mark From Roots 131.338ms
[370.995s][info][gc,marking  ] GC(689) Concurrent Preclean
[370.995s][info][gc,marking  ] GC(689) Concurrent Preclean 0.064ms
[370.995s][info][gc,start    ] GC(689) Pause Remark
[371.012s][info][gc          ] GC(689) Pause Remark 138M->138M(314M) 16.459ms
[371.012s][info][gc,cpu      ] GC(689) User=0.03s Sys=0.00s Real=0.01s
[371.012s][info][gc,marking  ] GC(689) Concurrent Mark 148.207ms
[371.012s][info][gc,marking  ] GC(689) Concurrent Rebuild Remembered Sets and Scrub Regions
[371.076s][info][gc,marking  ] GC(689) Concurrent Rebuild Remembered Sets and Scrub Regions 64.184ms
[371.076s][info][gc,start    ] GC(689) Pause Cleanup
[371.076s][info][gc          ] GC(689) Pause Cleanup 158M->158M(314M) 0.051ms
[371.076s][info][gc,cpu      ] GC(689) User=0.00s Sys=0.00s Real=0.00s
[371.076s][info][gc,marking  ] GC(689) Concurrent Clear Claimed Marks
[371.077s][info][gc,marking  ] GC(689) Concurrent Clear Claimed Marks 0.040ms
[371.077s][info][gc,marking  ] GC(689) Concurrent Cleanup for Next Mark
[371.077s][info][gc,marking  ] GC(689) Concurrent Cleanup for Next Mark 0.940ms
[371.078s][info][gc          ] GC(689) Concurrent Mark Cycle 221.381ms
[371.796s][info][gc,start    ] GC(690) Pause Young (Prepare Mixed) (G1 Evacuation Pause)
[371.796s][info][gc,task     ] GC(690) Using 2 workers of 2 for evacuation
[371.805s][info][gc,phases   ] GC(690)   Pre Evacuate Collection Set: 0.20ms
[371.805s][info][gc,phases   ] GC(690)   Merge Heap Roots: 0.12ms
[371.805s][info][gc,phases   ] GC(690)   Evacuate Collection Set: 7.76ms
[371.805s][info][gc,phases   ] GC(690)   Post Evacuate Collection Set: 0.57ms
[371.805s][info][gc,phases   ] GC(690)   Other: 0.08ms
[371.805s][info][gc,heap     ] GC(690) Eden regions: 173->0(184)
[371.805s][info][gc,heap     ] GC(690) Survivor regions: 15->4(24)
[371.805s][info][gc,heap     ] GC(690) Old regions: 80->86
[371.805s][info][gc,heap     ] GC(690) Humongous regions: 1->1
[371.805s][info][gc,metaspace] GC(690) Metaspace: 42840K(43328K)->42840K(43328K) NonClass: 38500K(38784K)->38500K(38784K) Class: 4339K(4544K)->4339K(4544K)
[371.805s][info][gc          ] GC(690) Pause Young (Prepare Mixed) (G1 Evacuation Pause) 267M->88M(314M) 8.927ms
[371.805s][info][gc,cpu      ] GC(690) User=0.02s Sys=0.00s Real=0.01s
[372.882s][info][gc,start    ] GC(691) Pause Young (Mixed) (G1 Evacuation Pause)
[372.882s][info][gc,task     ] GC(691) Using 2 workers of 2 for evacuation
[372.906s][info][gc,phases   ] GC(691)   Pre Evacuate Collection Set: 0.18ms
[372.906s][info][gc,phases   ] GC(691)   Merge Heap Roots: 0.26ms
[372.906s][info][gc,phases   ] GC(691)   Evacuate Collection Set: 23.55ms
[372.906s][info][gc,phases   ] GC(691)   Post Evacuate Collection Set: 0.58ms
[372.906s][info][gc,phases   ] GC(691)   Other: 0.08ms
[372.906s][info][gc,heap     ] GC(691) Eden regions: 184->0(172)
[372.906s][info][gc,heap     ] GC(691) Survivor regions: 4->16(24)
[372.906s][info][gc,heap     ] GC(691) Old regions: 86->83
[372.906s][info][gc,heap     ] GC(691) Humongous regions: 13->3
[372.906s][info][gc,metaspace] GC(691) Metaspace: 42874K(43328K)->42874K(43328K) NonClass: 38534K(38784K)->38534K(38784K) Class: 4339K(4544K)->4339K(4544K)
[372.906s][info][gc          ] GC(691) Pause Young (Mixed) (G1 Evacuation Pause) 284M->100M(314M) 24.864ms
[372.906s][info][gc,cpu      ] GC(691) User=0.05s Sys=0.00s Real=0.03s
[373.101s][info][gc,start    ] GC(692) Pause Young (Concurrent Start) (G1 Humongous Allocation)
[373.101s][info][gc,task     ] GC(692) Using 2 workers of 2 for evacuation
[373.125s][info][gc,phases   ] GC(692)   Pre Evacuate Collection Set: 0.21ms
[373.125s][info][gc,phases   ] GC(692)   Merge Heap Roots: 0.06ms
[373.125s][info][gc,phases   ] GC(692)   Evacuate Collection Set: 23.17ms
[373.125s][info][gc,phases   ] GC(692)   Post Evacuate Collection Set: 0.40ms
[373.125s][info][gc,phases   ] GC(692)   Other: 0.14ms
[373.125s][info][gc,heap     ] GC(692) Eden regions: 81->0(166)
[373.125s][info][gc,heap     ] GC(692) Survivor regions: 16->10(24)
[373.125s][info][gc,heap     ] GC(692) Old regions: 83->98
[373.125s][info][gc,heap     ] GC(692) Humongous regions: 3->3
[373.125s][info][gc,metaspace] GC(692) Metaspace: 42874K(43328K)->42874K(43328K) NonClass: 38534K(38784K)->38534K(38784K) Class: 4339K(4544K)->4339K(4544K)
[373.125s][info][gc          ] GC(692) Pause Young (Concurrent Start) (G1 Humongous Allocation) 181M->109M(314M) 24.195ms
[373.125s][info][gc          ] GC(693) Concurrent Mark Cycle
[373.125s][info][gc,marking  ] GC(693) Concurrent Scan Root Regions
[373.127s][info][gc,cpu      ] GC(692) User=0.05s Sys=0.00s Real=0.03s
[373.159s][info][gc,marking  ] GC(693) Concurrent Scan Root Regions 33.761ms
[373.159s][info][gc,marking  ] GC(693) Concurrent Mark
[373.159s][info][gc,marking  ] GC(693) Concurrent Mark From Roots
[373.159s][info][gc,task     ] GC(693) Using 1 workers of 1 for marking
[373.262s][info][gc,marking  ] GC(693) Concurrent Mark From Roots 102.424ms
[373.262s][info][gc,marking  ] GC(693) Concurrent Preclean
[373.262s][info][gc,marking  ] GC(693) Concurrent Preclean 0.244ms
[373.262s][info][gc,start    ] GC(693) Pause Remark
[373.279s][info][gc          ] GC(693) Pause Remark 151M->138M(314M) 17.457ms
[373.279s][info][gc,cpu      ] GC(693) User=0.03s Sys=0.00s Real=0.02s
[373.280s][info][gc,marking  ] GC(693) Concurrent Mark 120.527ms
[373.280s][info][gc,marking  ] GC(693) Concurrent Rebuild Remembered Sets and Scrub Regions
[373.357s][info][gc,marking  ] GC(693) Concurrent Rebuild Remembered Sets and Scrub Regions 77.669ms
[373.357s][info][gc,start    ] GC(693) Pause Cleanup
[373.358s][info][gc          ] GC(693) Pause Cleanup 168M->168M(314M) 0.066ms
[373.358s][info][gc,cpu      ] GC(693) User=0.00s Sys=0.00s Real=0.00s
[373.359s][info][gc,marking  ] GC(693) Concurrent Clear Claimed Marks
[373.359s][info][gc,marking  ] GC(693) Concurrent Clear Claimed Marks 0.055ms
[373.359s][info][gc,marking  ] GC(693) Concurrent Cleanup for Next Mark
[373.363s][info][gc,marking  ] GC(693) Concurrent Cleanup for Next Mark 4.188ms
[373.363s][info][gc          ] GC(693) Concurrent Mark Cycle 237.684ms
[373.628s][info][gc,start    ] GC(694) Pause Young (Prepare Mixed) (G1 Evacuation Pause)
[373.628s][info][gc,task     ] GC(694) Using 2 workers of 2 for evacuation
[373.662s][info][gc,phases   ] GC(694)   Pre Evacuate Collection Set: 0.29ms
[373.662s][info][gc,phases   ] GC(694)   Merge Heap Roots: 0.17ms
[373.662s][info][gc,phases   ] GC(694)   Evacuate Collection Set: 32.98ms
[373.662s][info][gc,phases   ] GC(694)   Post Evacuate Collection Set: 0.49ms
[373.662s][info][gc,phases   ] GC(694)   Other: 0.08ms
[373.662s][info][gc,heap     ] GC(694) Eden regions: 166->0(156)
[373.662s][info][gc,heap     ] GC(694) Survivor regions: 10->22(22)
[373.662s][info][gc,heap     ] GC(694) Old regions: 85->90
[373.662s][info][gc,heap     ] GC(694) Humongous regions: 6->6
[373.662s][info][gc,metaspace] GC(694) Metaspace: 42874K(43328K)->42874K(43328K) NonClass: 38534K(38784K)->38534K(38784K) Class: 4339K(4544K)->4339K(4544K)
[373.662s][info][gc          ] GC(694) Pause Young (Prepare Mixed) (G1 Evacuation Pause) 265M->117M(314M) 34.220ms
[373.662s][info][gc,cpu      ] GC(694) User=0.07s Sys=0.00s Real=0.03s
[374.031s][info][gc,start    ] GC(695) Pause Young (Mixed) (G1 Evacuation Pause)
[374.031s][info][gc,task     ] GC(695) Using 2 workers of 2 for evacuation
[374.084s][info][gc,phases   ] GC(695)   Pre Evacuate Collection Set: 0.20ms
[374.084s][info][gc,phases   ] GC(695)   Merge Heap Roots: 0.32ms
[374.084s][info][gc,phases   ] GC(695)   Evacuate Collection Set: 52.13ms
[374.084s][info][gc,phases   ] GC(695)   Post Evacuate Collection Set: 0.54ms
[374.084s][info][gc,phases   ] GC(695)   Other: 0.07ms
[374.084s][info][gc,heap     ] GC(695) Eden regions: 156->0(163)
[374.084s][info][gc,heap     ] GC(695) Survivor regions: 22->17(23)
[374.084s][info][gc,heap     ] GC(695) Old regions: 90->86
[374.084s][info][gc,heap     ] GC(695) Humongous regions: 6->6
[374.084s][info][gc,metaspace] GC(695) Metaspace: 42874K(43328K)->42874K(43328K) NonClass: 38534K(38784K)->38534K(38784K) Class: 4339K(4544K)->4339K(4544K)
[374.084s][info][gc          ] GC(695) Pause Young (Mixed) (G1 Evacuation Pause) 273M->107M(315M) 53.457ms
[374.084s][info][gc,cpu      ] GC(695) User=0.10s Sys=0.00s Real=0.05s
[374.354s][info][gc,start    ] GC(696) Pause Young (Concurrent Start) (G1 Humongous Allocation)
[374.355s][info][gc,task     ] GC(696) Using 2 workers of 2 for evacuation
[374.391s][info][gc,phases   ] GC(696)   Pre Evacuate Collection Set: 0.19ms
[374.391s][info][gc,phases   ] GC(696)   Merge Heap Roots: 0.07ms
[374.391s][info][gc,phases   ] GC(696)   Evacuate Collection Set: 35.30ms
[374.391s][info][gc,phases   ] GC(696)   Post Evacuate Collection Set: 0.43ms
[374.391s][info][gc,phases   ] GC(696)   Other: 0.09ms
[374.391s][info][gc,heap     ] GC(696) Eden regions: 118->0(149)
[374.391s][info][gc,heap     ] GC(696) Survivor regions: 17->15(23)
[374.391s][info][gc,heap     ] GC(696) Old regions: 86->103
[374.391s][info][gc,heap     ] GC(696) Humongous regions: 6->6
[374.391s][info][gc,metaspace] GC(696) Metaspace: 42874K(43328K)->42874K(43328K) NonClass: 38534K(38784K)->38534K(38784K) Class: 4339K(4544K)->4339K(4544K)
[374.391s][info][gc          ] GC(696) Pause Young (Concurrent Start) (G1 Humongous Allocation) 225M->122M(315M) 36.277ms
[374.391s][info][gc          ] GC(697) Concurrent Mark Cycle
[374.391s][info][gc,marking  ] GC(697) Concurrent Scan Root Regions
[374.391s][info][gc,cpu      ] GC(696) User=0.07s Sys=0.00s Real=0.04s
[374.456s][info][gc,marking  ] GC(697) Concurrent Scan Root Regions 64.977ms
[374.456s][info][gc,marking  ] GC(697) Concurrent Mark
[374.456s][info][gc,marking  ] GC(697) Concurrent Mark From Roots
[374.456s][info][gc,task     ] GC(697) Using 1 workers of 1 for marking
[374.657s][info][gc,marking  ] GC(697) Concurrent Mark From Roots 201.301ms
[374.657s][info][gc,marking  ] GC(697) Concurrent Preclean
[374.657s][info][gc,marking  ] GC(697) Concurrent Preclean 0.084ms
[374.657s][info][gc,start    ] GC(697) Pause Remark
[374.677s][info][gc          ] GC(697) Pause Remark 193M->191M(315M) 19.922ms
[374.677s][info][gc,cpu      ] GC(697) User=0.04s Sys=0.00s Real=0.02s
[374.681s][info][gc,marking  ] GC(697) Concurrent Mark 225.123ms
[374.681s][info][gc,marking  ] GC(697) Concurrent Rebuild Remembered Sets and Scrub Regions
[374.748s][info][gc,marking  ] GC(697) Concurrent Rebuild Remembered Sets and Scrub Regions 67.231ms
[374.748s][info][gc,start    ] GC(697) Pause Cleanup
[374.748s][info][gc          ] GC(697) Pause Cleanup 207M->207M(315M) 0.059ms
[374.748s][info][gc,cpu      ] GC(697) User=0.00s Sys=0.00s Real=0.00s
[374.748s][info][gc,marking  ] GC(697) Concurrent Clear Claimed Marks
[374.748s][info][gc,marking  ] GC(697) Concurrent Clear Claimed Marks 0.045ms
[374.748s][info][gc,marking  ] GC(697) Concurrent Cleanup for Next Mark
[374.749s][info][gc,marking  ] GC(697) Concurrent Cleanup for Next Mark 1.002ms
[374.750s][info][gc          ] GC(697) Concurrent Mark Cycle 358.761ms
[374.993s][info][gc,start    ] GC(698) Pause Young (Prepare Mixed) (G1 Evacuation Pause)
[374.993s][info][gc,task     ] GC(698) Using 2 workers of 2 for evacuation
[375.035s][info][gc,phases   ] GC(698)   Pre Evacuate Collection Set: 0.17ms
[375.035s][info][gc,phases   ] GC(698)   Merge Heap Roots: 0.14ms
[375.035s][info][gc,phases   ] GC(698)   Evacuate Collection Set: 41.38ms
[375.035s][info][gc,phases   ] GC(698)   Post Evacuate Collection Set: 0.47ms
[375.035s][info][gc,phases   ] GC(698)   Other: 0.10ms
[375.035s][info][gc,heap     ] GC(698) Eden regions: 149->0(134)
[375.035s][info][gc,heap     ] GC(698) Survivor regions: 15->18(21)
[375.035s][info][gc,heap     ] GC(698) Old regions: 102->114
[375.035s][info][gc,heap     ] GC(698) Humongous regions: 10->9
[375.035s][info][gc,metaspace] GC(698) Metaspace: 42881K(43328K)->42881K(43328K) NonClass: 38542K(38784K)->38542K(38784K) Class: 4339K(4544K)->4339K(4544K)
[375.035s][info][gc          ] GC(698) Pause Young (Prepare Mixed) (G1 Evacuation Pause) 274M->139M(315M) 42.490ms
[375.035s][info][gc,cpu      ] GC(698) User=0.08s Sys=0.00s Real=0.05s
[378.286s][info][gc,start    ] GC(699) Pause Young (Mixed) (G1 Evacuation Pause)
[378.286s][info][gc,task     ] GC(699) Using 2 workers of 2 for evacuation
[378.317s][info][gc,phases   ] GC(699)   Pre Evacuate Collection Set: 0.20ms
[378.317s][info][gc,phases   ] GC(699)   Merge Heap Roots: 0.29ms
[378.317s][info][gc,phases   ] GC(699)   Evacuate Collection Set: 29.59ms
[378.317s][info][gc,phases   ] GC(699)   Post Evacuate Collection Set: 0.50ms
[378.317s][info][gc,phases   ] GC(699)   Other: 0.11ms
[378.317s][info][gc,heap     ] GC(699) Eden regions: 134->0(144)
[378.317s][info][gc,heap     ] GC(699) Survivor regions: 18->6(19)
[378.317s][info][gc,heap     ] GC(699) Old regions: 114->121
[378.317s][info][gc,heap     ] GC(699) Humongous regions: 12->7
[378.317s][info][gc,metaspace] GC(699) Metaspace: 42887K(43328K)->42887K(43328K) NonClass: 38547K(38784K)->38547K(38784K) Class: 4339K(4544K)->4339K(4544K)
[378.317s][info][gc          ] GC(699) Pause Young (Mixed) (G1 Evacuation Pause) 276M->132M(315M) 30.875ms
[378.317s][info][gc,cpu      ] GC(699) User=0.06s Sys=0.00s Real=0.03s
[378.722s][info][gc,start    ] GC(700) Pause Young (Concurrent Start) (G1 Humongous Allocation)
[378.723s][info][gc,task     ] GC(700) Using 2 workers of 2 for evacuation
[378.733s][info][gc,phases   ] GC(700)   Pre Evacuate Collection Set: 0.20ms
[378.733s][info][gc,phases   ] GC(700)   Merge Heap Roots: 0.11ms
[378.733s][info][gc,phases   ] GC(700)   Evacuate Collection Set: 9.70ms
[378.733s][info][gc,phases   ] GC(700)   Post Evacuate Collection Set: 0.40ms
[378.733s][info][gc,phases   ] GC(700)   Other: 0.09ms
[378.733s][info][gc,heap     ] GC(700) Eden regions: 123->0(149)
[378.733s][info][gc,heap     ] GC(700) Survivor regions: 6->7(19)
[378.733s][info][gc,heap     ] GC(700) Old regions: 121->121
[378.733s][info][gc,heap     ] GC(700) Humongous regions: 7->7
[378.733s][info][gc,metaspace] GC(700) Metaspace: 42896K(43328K)->42896K(43328K) NonClass: 38556K(38784K)->38556K(38784K) Class: 4340K(4544K)->4340K(4544K)
[378.733s][info][gc          ] GC(700) Pause Young (Concurrent Start) (G1 Humongous Allocation) 255M->133M(315M) 10.661ms
[378.733s][info][gc,cpu      ] GC(700) User=0.02s Sys=0.00s Real=0.01s
[378.733s][info][gc          ] GC(701) Concurrent Mark Cycle
[378.733s][info][gc,marking  ] GC(701) Concurrent Scan Root Regions
[378.742s][info][gc,marking  ] GC(701) Concurrent Scan Root Regions 9.105ms
[378.742s][info][gc,marking  ] GC(701) Concurrent Mark
[378.742s][info][gc,marking  ] GC(701) Concurrent Mark From Roots
[378.742s][info][gc,task     ] GC(701) Using 1 workers of 1 for marking
[378.770s][info][gc,marking  ] GC(701) Concurrent Mark From Roots 27.919ms
[378.770s][info][gc,marking  ] GC(701) Concurrent Preclean
[378.770s][info][gc,marking  ] GC(701) Concurrent Preclean 0.064ms
[378.770s][info][gc,start    ] GC(701) Pause Remark
[378.787s][info][gc          ] GC(701) Pause Remark 149M->122M(315M) 16.616ms
[378.787s][info][gc,cpu      ] GC(701) User=0.03s Sys=0.00s Real=0.02s
[378.787s][info][gc,marking  ] GC(701) Concurrent Mark 44.887ms
[378.787s][info][gc,marking  ] GC(701) Concurrent Rebuild Remembered Sets and Scrub Regions
[378.800s][info][gc,marking  ] GC(701) Concurrent Rebuild Remembered Sets and Scrub Regions 12.451ms
[378.800s][info][gc,start    ] GC(701) Pause Cleanup
[378.800s][info][gc          ] GC(701) Pause Cleanup 126M->126M(315M) 0.118ms
[378.800s][info][gc,cpu      ] GC(701) User=0.00s Sys=0.00s Real=0.00s
[378.800s][info][gc,marking  ] GC(701) Concurrent Clear Claimed Marks
[378.800s][info][gc,marking  ] GC(701) Concurrent Clear Claimed Marks 0.040ms
[378.800s][info][gc,marking  ] GC(701) Concurrent Cleanup for Next Mark
[378.801s][info][gc,marking  ] GC(701) Concurrent Cleanup for Next Mark 0.945ms
[378.801s][info][gc          ] GC(701) Concurrent Mark Cycle 67.882ms
[379.172s][info][gc,start    ] GC(702) Pause Young (Prepare Mixed) (G1 Evacuation Pause)
[379.173s][info][gc,task     ] GC(702) Using 2 workers of 2 for evacuation
[379.198s][info][gc,phases   ] GC(702)   Pre Evacuate Collection Set: 0.20ms
[379.198s][info][gc,phases   ] GC(702)   Merge Heap Roots: 0.11ms
[379.198s][info][gc,phases   ] GC(702)   Evacuate Collection Set: 24.34ms
[379.198s][info][gc,phases   ] GC(702)   Post Evacuate Collection Set: 0.43ms
[379.198s][info][gc,phases   ] GC(702)   Other: 0.08ms
[379.198s][info][gc,heap     ] GC(702) Eden regions: 149->0(151)
[379.198s][info][gc,heap     ] GC(702) Survivor regions: 7->20(20)
[379.198s][info][gc,heap     ] GC(702) Old regions: 100->102
[379.198s][info][gc,heap     ] GC(702) Humongous regions: 4->4
[379.198s][info][gc,metaspace] GC(702) Metaspace: 42896K(43328K)->42896K(43328K) NonClass: 38556K(38784K)->38556K(38784K) Class: 4340K(4544K)->4340K(4544K)
[379.198s][info][gc          ] GC(702) Pause Young (Prepare Mixed) (G1 Evacuation Pause) 258M->125M(315M) 25.377ms
[379.198s][info][gc,cpu      ] GC(702) User=0.05s Sys=0.00s Real=0.03s
[379.645s][info][gc,start    ] GC(703) Pause Young (Mixed) (G1 Evacuation Pause)
[379.645s][info][gc,task     ] GC(703) Using 2 workers of 2 for evacuation
[379.694s][info][gc,phases   ] GC(703)   Pre Evacuate Collection Set: 0.25ms
[379.694s][info][gc,phases   ] GC(703)   Merge Heap Roots: 0.12ms
[379.694s][info][gc,phases   ] GC(703)   Evacuate Collection Set: 47.47ms
[379.694s][info][gc,phases   ] GC(703)   Post Evacuate Collection Set: 1.38ms
[379.694s][info][gc,phases   ] GC(703)   Other: 0.09ms
[379.694s][info][gc,heap     ] GC(703) Eden regions: 151->0(236)
[379.694s][info][gc,heap     ] GC(703) Survivor regions: 20->19(22)
[379.694s][info][gc,heap     ] GC(703) Old regions: 102->90
[379.694s][info][gc,heap     ] GC(703) Humongous regions: 6->6
[379.694s][info][gc,metaspace] GC(703) Metaspace: 42896K(43328K)->42896K(43328K) NonClass: 38556K(38784K)->38556K(38784K) Class: 4340K(4544K)->4340K(4544K)
[379.694s][info][gc          ] GC(703) Pause Young (Mixed) (G1 Evacuation Pause) 278M->114M(425M) 49.540ms
[379.694s][info][gc,cpu      ] GC(703) User=0.09s Sys=0.01s Real=0.05s
[380.510s][info][gc,start    ] GC(704) Pause Young (Mixed) (G1 Evacuation Pause)
[380.510s][info][gc,task     ] GC(704) Using 2 workers of 2 for evacuation
[380.575s][info][gc,phases   ] GC(704)   Pre Evacuate Collection Set: 0.38ms
[380.575s][info][gc,phases   ] GC(704)   Merge Heap Roots: 0.25ms
[380.575s][info][gc,phases   ] GC(704)   Evacuate Collection Set: 63.67ms
[380.575s][info][gc,phases   ] GC(704)   Post Evacuate Collection Set: 0.67ms
[380.575s][info][gc,phases   ] GC(704)   Other: 0.08ms
[380.575s][info][gc,heap     ] GC(704) Eden regions: 236->0(227)
[380.575s][info][gc,heap     ] GC(704) Survivor regions: 19->28(32)
[380.575s][info][gc,heap     ] GC(704) Old regions: 90->71
[380.575s][info][gc,heap     ] GC(704) Humongous regions: 10->10
[380.575s][info][gc,metaspace] GC(704) Metaspace: 42896K(43328K)->42896K(43328K) NonClass: 38556K(38784K)->38556K(38784K) Class: 4340K(4544K)->4340K(4544K)
[380.575s][info][gc          ] GC(704) Pause Young (Mixed) (G1 Evacuation Pause) 354M->108M(425M) 65.271ms
[380.575s][info][gc,cpu      ] GC(704) User=0.12s Sys=0.00s Real=0.06s
[381.148s][info][gc,start    ] GC(705) Pause Young (Concurrent Start) (G1 Humongous Allocation)
[381.148s][info][gc,task     ] GC(705) Using 2 workers of 2 for evacuation
[381.212s][info][gc,phases   ] GC(705)   Pre Evacuate Collection Set: 0.24ms
[381.212s][info][gc,phases   ] GC(705)   Merge Heap Roots: 0.12ms
[381.212s][info][gc,phases   ] GC(705)   Evacuate Collection Set: 63.53ms
[381.212s][info][gc,phases   ] GC(705)   Post Evacuate Collection Set: 0.53ms
[381.212s][info][gc,phases   ] GC(705)   Other: 0.16ms
[381.212s][info][gc,heap     ] GC(705) Eden regions: 146->0(218)
[381.212s][info][gc,heap     ] GC(705) Survivor regions: 28->25(32)
[381.212s][info][gc,heap     ] GC(705) Old regions: 71->98
[381.212s][info][gc,heap     ] GC(705) Humongous regions: 10->10
[381.212s][info][gc,metaspace] GC(705) Metaspace: 42896K(43328K)->42896K(43328K) NonClass: 38556K(38784K)->38556K(38784K) Class: 4340K(4544K)->4340K(4544K)
[381.212s][info][gc          ] GC(705) Pause Young (Concurrent Start) (G1 Humongous Allocation) 254M->133M(425M) 64.811ms
[381.212s][info][gc,cpu      ] GC(705) User=0.13s Sys=0.00s Real=0.06s
[381.212s][info][gc          ] GC(706) Concurrent Mark Cycle
[381.213s][info][gc,marking  ] GC(706) Concurrent Scan Root Regions
[381.267s][info][gc,marking  ] GC(706) Concurrent Scan Root Regions 54.307ms
[381.267s][info][gc,marking  ] GC(706) Concurrent Mark
[381.267s][info][gc,marking  ] GC(706) Concurrent Mark From Roots
[381.267s][info][gc,task     ] GC(706) Using 1 workers of 1 for marking
[381.359s][info][gc,marking  ] GC(706) Concurrent Mark From Roots 92.448ms
[381.360s][info][gc,marking  ] GC(706) Concurrent Preclean
[381.360s][info][gc,marking  ] GC(706) Concurrent Preclean 0.051ms
[381.360s][info][gc,start    ] GC(706) Pause Remark
[381.378s][info][gc          ] GC(706) Pause Remark 142M->139M(425M) 17.928ms
[381.378s][info][gc,cpu      ] GC(706) User=0.03s Sys=0.01s Real=0.02s
[381.378s][info][gc,marking  ] GC(706) Concurrent Mark 110.782ms
[381.378s][info][gc,marking  ] GC(706) Concurrent Rebuild Remembered Sets and Scrub Regions
[381.444s][info][gc,marking  ] GC(706) Concurrent Rebuild Remembered Sets and Scrub Regions 65.817ms
[381.444s][info][gc,start    ] GC(706) Pause Cleanup
[381.444s][info][gc          ] GC(706) Pause Cleanup 143M->143M(425M) 0.073ms
[381.444s][info][gc,cpu      ] GC(706) User=0.00s Sys=0.00s Real=0.00s
[381.444s][info][gc,marking  ] GC(706) Concurrent Clear Claimed Marks
[381.444s][info][gc,marking  ] GC(706) Concurrent Clear Claimed Marks 0.041ms
[381.444s][info][gc,marking  ] GC(706) Concurrent Cleanup for Next Mark
[381.448s][info][gc,marking  ] GC(706) Concurrent Cleanup for Next Mark 4.033ms
[381.448s][info][gc          ] GC(706) Concurrent Mark Cycle 235.687ms
[383.028s][info][gc,start    ] GC(707) Pause Young (Prepare Mixed) (G1 Evacuation Pause)
[383.028s][info][gc,task     ] GC(707) Using 2 workers of 2 for evacuation
[383.071s][info][gc,phases   ] GC(707)   Pre Evacuate Collection Set: 0.27ms
[383.071s][info][gc,phases   ] GC(707)   Merge Heap Roots: 0.20ms
[383.071s][info][gc,phases   ] GC(707)   Evacuate Collection Set: 41.92ms
[383.071s][info][gc,phases   ] GC(707)   Post Evacuate Collection Set: 0.58ms
[383.071s][info][gc,phases   ] GC(707)   Other: 0.10ms
[383.071s][info][gc,heap     ] GC(707) Eden regions: 218->0(216)
[383.071s][info][gc,heap     ] GC(707) Survivor regions: 25->14(31)
[383.071s][info][gc,heap     ] GC(707) Old regions: 98->114
[383.071s][info][gc,heap     ] GC(707) Humongous regions: 15->13
[383.071s][info][gc,metaspace] GC(707) Metaspace: 42896K(43328K)->42896K(43328K) NonClass: 38556K(38784K)->38556K(38784K) Class: 4340K(4544K)->4340K(4544K)
[383.071s][info][gc          ] GC(707) Pause Young (Prepare Mixed) (G1 Evacuation Pause) 356M->140M(425M) 43.357ms
[383.071s][info][gc,cpu      ] GC(707) User=0.08s Sys=0.00s Real=0.04s
[384.484s][info][gc,start    ] GC(708) Pause Young (Mixed) (G1 Evacuation Pause)
[384.484s][info][gc,task     ] GC(708) Using 2 workers of 2 for evacuation
[384.498s][info][gc,phases   ] GC(708)   Pre Evacuate Collection Set: 0.21ms
[384.498s][info][gc,phases   ] GC(708)   Merge Heap Roots: 0.13ms
[384.498s][info][gc,phases   ] GC(708)   Evacuate Collection Set: 13.18ms
[384.499s][info][gc,phases   ] GC(708)   Post Evacuate Collection Set: 0.51ms
[384.499s][info][gc,phases   ] GC(708)   Other: 0.08ms
[384.499s][info][gc,heap     ] GC(708) Eden regions: 216->0(229)
[384.499s][info][gc,heap     ] GC(708) Survivor regions: 14->13(29)
[384.499s][info][gc,heap     ] GC(708) Old regions: 114->111
[384.499s][info][gc,heap     ] GC(708) Humongous regions: 13->13
[384.499s][info][gc,metaspace] GC(708) Metaspace: 42896K(43328K)->42896K(43328K) NonClass: 38556K(38784K)->38556K(38784K) Class: 4340K(4544K)->4340K(4544K)
[384.499s][info][gc          ] GC(708) Pause Young (Mixed) (G1 Evacuation Pause) 356M->136M(425M) 14.346ms
[384.499s][info][gc,cpu      ] GC(708) User=0.03s Sys=0.00s Real=0.02s
[386.018s][info][gc,start    ] GC(709) Pause Young (Concurrent Start) (G1 Evacuation Pause)
[386.018s][info][gc,task     ] GC(709) Using 2 workers of 2 for evacuation
[386.033s][info][gc,phases   ] GC(709)   Pre Evacuate Collection Set: 0.24ms
[386.033s][info][gc,phases   ] GC(709)   Merge Heap Roots: 0.12ms
[386.033s][info][gc,phases   ] GC(709)   Evacuate Collection Set: 13.56ms
[386.033s][info][gc,phases   ] GC(709)   Post Evacuate Collection Set: 0.58ms
[386.033s][info][gc,phases   ] GC(709)   Other: 0.10ms
[386.033s][info][gc,heap     ] GC(709) Eden regions: 229->0(240)
[386.033s][info][gc,heap     ] GC(709) Survivor regions: 13->12(31)
[386.033s][info][gc,heap     ] GC(709) Old regions: 111->111
[386.033s][info][gc,heap     ] GC(709) Humongous regions: 13->13
[386.033s][info][gc,metaspace] GC(709) Metaspace: 42896K(43328K)->42896K(43328K) NonClass: 38556K(38784K)->38556K(38784K) Class: 4340K(4544K)->4340K(4544K)
[386.033s][info][gc          ] GC(709) Pause Young (Concurrent Start) (G1 Evacuation Pause) 365M->135M(425M) 14.810ms
[386.033s][info][gc          ] GC(710) Concurrent Mark Cycle
[386.033s][info][gc,marking  ] GC(710) Concurrent Scan Root Regions
[386.035s][info][gc,cpu      ] GC(709) User=0.03s Sys=0.00s Real=0.02s
[386.039s][info][gc,marking  ] GC(710) Concurrent Scan Root Regions 6.129ms
[386.039s][info][gc,marking  ] GC(710) Concurrent Mark
[386.039s][info][gc,marking  ] GC(710) Concurrent Mark From Roots
[386.039s][info][gc,task     ] GC(710) Using 1 workers of 1 for marking
[386.074s][info][gc,marking  ] GC(710) Concurrent Mark From Roots 34.330ms
[386.074s][info][gc,marking  ] GC(710) Concurrent Preclean
[386.074s][info][gc,marking  ] GC(710) Concurrent Preclean 0.043ms
[386.074s][info][gc,start    ] GC(710) Pause Remark
[386.090s][info][gc          ] GC(710) Pause Remark 140M->56M(256M) 16.609ms
[386.091s][info][gc,cpu      ] GC(710) User=0.04s Sys=0.00s Real=0.02s
[386.091s][info][gc,marking  ] GC(710) Concurrent Mark 51.278ms
[386.091s][info][gc,marking  ] GC(710) Concurrent Rebuild Remembered Sets and Scrub Regions
[386.103s][info][gc,marking  ] GC(710) Concurrent Rebuild Remembered Sets and Scrub Regions 11.845ms
[386.103s][info][gc,start    ] GC(710) Pause Cleanup
[386.103s][info][gc          ] GC(710) Pause Cleanup 57M->57M(256M) 0.045ms
[386.103s][info][gc,cpu      ] GC(710) User=0.00s Sys=0.00s Real=0.00s
[386.103s][info][gc,marking  ] GC(710) Concurrent Clear Claimed Marks
[386.103s][info][gc,marking  ] GC(710) Concurrent Clear Claimed Marks 0.040ms
[386.103s][info][gc,marking  ] GC(710) Concurrent Cleanup for Next Mark
[386.104s][info][gc,marking  ] GC(710) Concurrent Cleanup for Next Mark 0.766ms
[386.104s][info][gc          ] GC(710) Concurrent Mark Cycle 70.320ms
[387.004s][info][gc,start    ] GC(711) Pause Young (Prepare Mixed) (G1 Evacuation Pause)
[387.004s][info][gc,task     ] GC(711) Using 2 workers of 2 for evacuation
[387.010s][info][gc,phases   ] GC(711)   Pre Evacuate Collection Set: 0.16ms
[387.010s][info][gc,phases   ] GC(711)   Merge Heap Roots: 0.09ms
[387.010s][info][gc,phases   ] GC(711)   Evacuate Collection Set: 4.81ms
[387.010s][info][gc,phases   ] GC(711)   Post Evacuate Collection Set: 0.39ms
[387.010s][info][gc,phases   ] GC(711)   Other: 0.07ms
[387.010s][info][gc,heap     ] GC(711) Eden regions: 141->0(152)
[387.010s][info][gc,heap     ] GC(711) Survivor regions: 12->1(20)
[387.010s][info][gc,heap     ] GC(711) Old regions: 39->46
[387.010s][info][gc,heap     ] GC(711) Humongous regions: 2->1
[387.010s][info][gc,metaspace] GC(711) Metaspace: 42896K(43328K)->42896K(43328K) NonClass: 38556K(38784K)->38556K(38784K) Class: 4340K(4544K)->4340K(4544K)
[387.010s][info][gc          ] GC(711) Pause Young (Prepare Mixed) (G1 Evacuation Pause) 193M->47M(256M) 5.769ms
[387.010s][info][gc,cpu      ] GC(711) User=0.01s Sys=0.00s Real=0.01s
[388.028s][info][gc,start    ] GC(712) Pause Young (Mixed) (G1 Evacuation Pause)
[388.028s][info][gc,task     ] GC(712) Using 2 workers of 2 for evacuation
[388.044s][info][gc,phases   ] GC(712)   Pre Evacuate Collection Set: 0.26ms
[388.044s][info][gc,phases   ] GC(712)   Merge Heap Roots: 0.08ms
[388.044s][info][gc,phases   ] GC(712)   Evacuate Collection Set: 15.49ms
[388.044s][info][gc,phases   ] GC(712)   Post Evacuate Collection Set: 0.43ms
[388.044s][info][gc,phases   ] GC(712)   Other: 0.09ms
[388.044s][info][gc,heap     ] GC(712) Eden regions: 152->0(139)
[388.044s][info][gc,heap     ] GC(712) Survivor regions: 1->14(20)
[388.044s][info][gc,heap     ] GC(712) Old regions: 46->43
[388.044s][info][gc,heap     ] GC(712) Humongous regions: 1->1
[388.044s][info][gc,metaspace] GC(712) Metaspace: 42896K(43328K)->42896K(43328K) NonClass: 38556K(38784K)->38556K(38784K) Class: 4340K(4544K)->4340K(4544K)
[388.044s][info][gc          ] GC(712) Pause Young (Mixed) (G1 Evacuation Pause) 199M->57M(256M) 16.546ms
[388.044s][info][gc,cpu      ] GC(712) User=0.03s Sys=0.00s Real=0.01s
[388.121s][info][gc,start    ] GC(713) Pause Young (Concurrent Start) (G1 Humongous Allocation)
[388.121s][info][gc,task     ] GC(713) Using 2 workers of 2 for evacuation
[388.139s][info][gc,phases   ] GC(713)   Pre Evacuate Collection Set: 0.17ms
[388.139s][info][gc,phases   ] GC(713)   Merge Heap Roots: 0.06ms
[388.139s][info][gc,phases   ] GC(713)   Evacuate Collection Set: 16.92ms
[388.139s][info][gc,phases   ] GC(713)   Post Evacuate Collection Set: 0.34ms
[388.139s][info][gc,phases   ] GC(713)   Other: 0.14ms
[388.139s][info][gc,heap     ] GC(713) Eden regions: 25->0(145)
[388.139s][info][gc,heap     ] GC(713) Survivor regions: 14->8(20)
[388.139s][info][gc,heap     ] GC(713) Old regions: 43->57
[388.139s][info][gc,heap     ] GC(713) Humongous regions: 1->1
[388.139s][info][gc,metaspace] GC(713) Metaspace: 42896K(43328K)->42896K(43328K) NonClass: 38556K(38784K)->38556K(38784K) Class: 4340K(4544K)->4340K(4544K)
[388.139s][info][gc          ] GC(713) Pause Young (Concurrent Start) (G1 Humongous Allocation) 82M->65M(256M) 17.829ms
[388.139s][info][gc,cpu      ] GC(713) User=0.04s Sys=0.00s Real=0.02s
[388.139s][info][gc          ] GC(714) Concurrent Mark Cycle
[388.139s][info][gc,marking  ] GC(714) Concurrent Scan Root Regions
[388.154s][info][gc,marking  ] GC(714) Concurrent Scan Root Regions 14.711ms
[388.154s][info][gc,marking  ] GC(714) Concurrent Mark
[388.154s][info][gc,marking  ] GC(714) Concurrent Mark From Roots
[388.154s][info][gc,task     ] GC(714) Using 1 workers of 1 for marking
[388.187s][info][gc,marking  ] GC(714) Concurrent Mark From Roots 33.182ms
[388.187s][info][gc,marking  ] GC(714) Concurrent Preclean
[388.187s][info][gc,marking  ] GC(714) Concurrent Preclean 0.041ms
[388.187s][info][gc,start    ] GC(714) Pause Remark
[388.203s][info][gc          ] GC(714) Pause Remark 84M->84M(256M) 16.008ms
[388.203s][info][gc,cpu      ] GC(714) User=0.03s Sys=0.01s Real=0.01s
[388.204s][info][gc,marking  ] GC(714) Concurrent Mark 50.021ms
[388.204s][info][gc,marking  ] GC(714) Concurrent Rebuild Remembered Sets and Scrub Regions
[388.226s][info][gc,marking  ] GC(714) Concurrent Rebuild Remembered Sets and Scrub Regions 22.577ms
[388.226s][info][gc,start    ] GC(714) Pause Cleanup
[388.226s][info][gc          ] GC(714) Pause Cleanup 93M->93M(256M) 0.054ms
[388.226s][info][gc,cpu      ] GC(714) User=0.00s Sys=0.00s Real=0.00s
[388.227s][info][gc,marking  ] GC(714) Concurrent Clear Claimed Marks
[388.227s][info][gc,marking  ] GC(714) Concurrent Clear Claimed Marks 0.041ms
[388.227s][info][gc,marking  ] GC(714) Concurrent Cleanup for Next Mark
[388.227s][info][gc,marking  ] GC(714) Concurrent Cleanup for Next Mark 0.789ms
[388.227s][info][gc          ] GC(714) Concurrent Mark Cycle 88.608ms
[388.562s][info][gc,start    ] GC(715) Pause Young (Prepare Mixed) (G1 Evacuation Pause)
[388.562s][info][gc,task     ] GC(715) Using 2 workers of 2 for evacuation
[388.586s][info][gc,phases   ] GC(715)   Pre Evacuate Collection Set: 0.18ms
[388.586s][info][gc,phases   ] GC(715)   Merge Heap Roots: 0.10ms
[388.586s][info][gc,phases   ] GC(715)   Evacuate Collection Set: 23.11ms
[388.586s][info][gc,phases   ] GC(715)   Post Evacuate Collection Set: 0.50ms
[388.586s][info][gc,phases   ] GC(715)   Other: 0.08ms
[388.586s][info][gc,heap     ] GC(715) Eden regions: 145->0(133)
[388.586s][info][gc,heap     ] GC(715) Survivor regions: 8->20(20)
[388.586s][info][gc,heap     ] GC(715) Old regions: 57->60
[388.586s][info][gc,heap     ] GC(715) Humongous regions: 4->4
[388.586s][info][gc,metaspace] GC(715) Metaspace: 42896K(43328K)->42896K(43328K) NonClass: 38556K(38784K)->38556K(38784K) Class: 4340K(4544K)->4340K(4544K)
[388.586s][info][gc          ] GC(715) Pause Young (Prepare Mixed) (G1 Evacuation Pause) 213M->83M(256M) 24.187ms
[388.586s][info][gc,cpu      ] GC(715) User=0.05s Sys=0.00s Real=0.03s
[388.965s][info][gc,start    ] GC(716) Pause Young (Mixed) (G1 Evacuation Pause)
[388.965s][info][gc,task     ] GC(716) Using 2 workers of 2 for evacuation
[389.008s][info][gc,phases   ] GC(716)   Pre Evacuate Collection Set: 0.20ms
[389.008s][info][gc,phases   ] GC(716)   Merge Heap Roots: 0.18ms
[389.008s][info][gc,phases   ] GC(716)   Evacuate Collection Set: 42.34ms
[389.008s][info][gc,phases   ] GC(716)   Post Evacuate Collection Set: 0.58ms
[389.008s][info][gc,phases   ] GC(716)   Other: 0.08ms
[389.008s][info][gc,heap     ] GC(716) Eden regions: 133->0(126)
[389.008s][info][gc,heap     ] GC(716) Survivor regions: 20->17(20)
[389.008s][info][gc,heap     ] GC(716) Old regions: 60->69
[389.008s][info][gc,heap     ] GC(716) Humongous regions: 6->6
[389.008s][info][gc,metaspace] GC(716) Metaspace: 42896K(43328K)->42896K(43328K) NonClass: 38556K(38784K)->38556K(38784K) Class: 4340K(4544K)->4340K(4544K)
[389.008s][info][gc          ] GC(716) Pause Young (Mixed) (G1 Evacuation Pause) 218M->92M(257M) 43.614ms
[389.008s][info][gc,cpu      ] GC(716) User=0.08s Sys=0.00s Real=0.05s
[389.328s][info][gc,start    ] GC(717) Pause Young (Concurrent Start) (G1 Evacuation Pause)
[389.328s][info][gc,task     ] GC(717) Using 2 workers of 2 for evacuation
[389.366s][info][gc,phases   ] GC(717)   Pre Evacuate Collection Set: 0.19ms
[389.366s][info][gc,phases   ] GC(717)   Merge Heap Roots: 0.09ms
[389.366s][info][gc,phases   ] GC(717)   Evacuate Collection Set: 36.55ms
[389.366s][info][gc,phases   ] GC(717)   Post Evacuate Collection Set: 0.79ms
[389.366s][info][gc,phases   ] GC(717)   Other: 0.10ms
[389.366s][info][gc,heap     ] GC(717) Eden regions: 126->0(136)
[389.366s][info][gc,heap     ] GC(717) Survivor regions: 17->16(18)
[389.366s][info][gc,heap     ] GC(717) Old regions: 69->86
[389.366s][info][gc,heap     ] GC(717) Humongous regions: 6->6
[389.366s][info][gc,metaspace] GC(717) Metaspace: 42896K(43328K)->42896K(43328K) NonClass: 38556K(38784K)->38556K(38784K) Class: 4340K(4544K)->4340K(4544K)
[389.366s][info][gc          ] GC(717) Pause Young (Concurrent Start) (G1 Evacuation Pause) 218M->107M(286M) 37.939ms
[389.366s][info][gc,cpu      ] GC(717) User=0.07s Sys=0.00s Real=0.04s
[389.366s][info][gc          ] GC(718) Concurrent Mark Cycle
[389.366s][info][gc,marking  ] GC(718) Concurrent Scan Root Regions
[389.391s][info][gc,marking  ] GC(718) Concurrent Scan Root Regions 25.058ms
[389.391s][info][gc,marking  ] GC(718) Concurrent Mark
[389.391s][info][gc,marking  ] GC(718) Concurrent Mark From Roots
[389.391s][info][gc,task     ] GC(718) Using 1 workers of 1 for marking
[389.456s][info][gc,marking  ] GC(718) Concurrent Mark From Roots 64.969ms
[389.456s][info][gc,marking  ] GC(718) Concurrent Preclean
[389.457s][info][gc,marking  ] GC(718) Concurrent Preclean 0.071ms
[389.457s][info][gc,start    ] GC(718) Pause Remark
[389.473s][info][gc          ] GC(718) Pause Remark 132M->128M(286M) 16.108ms
[389.473s][info][gc,cpu      ] GC(718) User=0.04s Sys=0.00s Real=0.01s
[389.473s][info][gc,marking  ] GC(718) Concurrent Mark 81.528ms
[389.473s][info][gc,marking  ] GC(718) Concurrent Rebuild Remembered Sets and Scrub Regions
[389.514s][info][gc,marking  ] GC(718) Concurrent Rebuild Remembered Sets and Scrub Regions 40.887ms
[389.514s][info][gc,start    ] GC(718) Pause Cleanup
[389.514s][info][gc          ] GC(718) Pause Cleanup 141M->141M(286M) 0.060ms
[389.514s][info][gc,cpu      ] GC(718) User=0.00s Sys=0.00s Real=0.00s
[389.514s][info][gc,marking  ] GC(718) Concurrent Clear Claimed Marks
[389.514s][info][gc,marking  ] GC(718) Concurrent Clear Claimed Marks 0.042ms
[389.514s][info][gc,marking  ] GC(718) Concurrent Cleanup for Next Mark
[389.515s][info][gc,marking  ] GC(718) Concurrent Cleanup for Next Mark 1.261ms
[389.515s][info][gc          ] GC(718) Concurrent Mark Cycle 149.189ms
[389.838s][info][gc,start    ] GC(719) Pause Young (Prepare Mixed) (G1 Evacuation Pause)
[389.838s][info][gc,task     ] GC(719) Using 2 workers of 2 for evacuation
[389.881s][info][gc,phases   ] GC(719)   Pre Evacuate Collection Set: 0.19ms
[389.881s][info][gc,phases   ] GC(719)   Merge Heap Roots: 0.12ms
[389.881s][info][gc,phases   ] GC(719)   Evacuate Collection Set: 42.51ms
[389.881s][info][gc,phases   ] GC(719)   Post Evacuate Collection Set: 0.50ms
[389.881s][info][gc,phases   ] GC(719)   Other: 0.08ms
[389.882s][info][gc,heap     ] GC(719) Eden regions: 136->0(126)
[389.882s][info][gc,heap     ] GC(719) Survivor regions: 16->16(19)
[389.882s][info][gc,heap     ] GC(719) Old regions: 83->98
[389.882s][info][gc,heap     ] GC(719) Humongous regions: 9->9
[389.882s][info][gc,metaspace] GC(719) Metaspace: 42896K(43328K)->42896K(43328K) NonClass: 38556K(38784K)->38556K(38784K) Class: 4340K(4544K)->4340K(4544K)
[389.882s][info][gc          ] GC(719) Pause Young (Prepare Mixed) (G1 Evacuation Pause) 243M->122M(286M) 43.629ms
[389.882s][info][gc,cpu      ] GC(719) User=0.09s Sys=0.00s Real=0.04s
[390.251s][info][gc,start    ] GC(720) Pause Young (Mixed) (G1 Evacuation Pause)
[390.251s][info][gc,task     ] GC(720) Using 2 workers of 2 for evacuation
[390.295s][info][gc,phases   ] GC(720)   Pre Evacuate Collection Set: 0.19ms
[390.295s][info][gc,phases   ] GC(720)   Merge Heap Roots: 0.14ms
[390.295s][info][gc,phases   ] GC(720)   Evacuate Collection Set: 43.36ms
[390.295s][info][gc,phases   ] GC(720)   Post Evacuate Collection Set: 0.48ms
[390.295s][info][gc,phases   ] GC(720)   Other: 0.09ms
[390.295s][info][gc,heap     ] GC(720) Eden regions: 126->0(124)
[390.295s][info][gc,heap     ] GC(720) Survivor regions: 16->15(18)
[390.295s][info][gc,heap     ] GC(720) Old regions: 98->101
[390.295s][info][gc,heap     ] GC(720) Humongous regions: 9->9
[390.295s][info][gc,metaspace] GC(720) Metaspace: 42896K(43328K)->42896K(43328K) NonClass: 38556K(38784K)->38556K(38784K) Class: 4340K(4544K)->4340K(4544K)
[390.295s][info][gc          ] GC(720) Pause Young (Mixed) (G1 Evacuation Pause) 248M->125M(286M) 44.523ms
[390.295s][info][gc,cpu      ] GC(720) User=0.09s Sys=0.00s Real=0.05s
[390.479s][info][gc,start    ] GC(721) Pause Young (Concurrent Start) (G1 Humongous Allocation)
[390.479s][info][gc,task     ] GC(721) Using 2 workers of 2 for evacuation
[390.508s][info][gc,phases   ] GC(721)   Pre Evacuate Collection Set: 0.20ms
[390.508s][info][gc,phases   ] GC(721)   Merge Heap Roots: 0.08ms
[390.508s][info][gc,phases   ] GC(721)   Evacuate Collection Set: 28.61ms
[390.508s][info][gc,phases   ] GC(721)   Post Evacuate Collection Set: 0.32ms
[390.508s][info][gc,phases   ] GC(721)   Other: 0.10ms
[390.508s][info][gc,heap     ] GC(721) Eden regions: 16->0(112)
[390.508s][info][gc,heap     ] GC(721) Survivor regions: 15->10(18)
[390.508s][info][gc,heap     ] GC(721) Old regions: 101->116
[390.508s][info][gc,heap     ] GC(721) Humongous regions: 9->9
[390.508s][info][gc,metaspace] GC(721) Metaspace: 42896K(43328K)->42896K(43328K) NonClass: 38556K(38784K)->38556K(38784K) Class: 4340K(4544K)->4340K(4544K)
[390.509s][info][gc          ] GC(721) Pause Young (Concurrent Start) (G1 Humongous Allocation) 140M->134M(286M) 29.605ms
[390.509s][info][gc          ] GC(722) Concurrent Mark Cycle
[390.509s][info][gc,marking  ] GC(722) Concurrent Scan Root Regions
[390.511s][info][gc,cpu      ] GC(721) User=0.06s Sys=0.00s Real=0.03s
[390.548s][info][gc,marking  ] GC(722) Concurrent Scan Root Regions 39.167ms
[390.548s][info][gc,marking  ] GC(722) Concurrent Mark
[390.548s][info][gc,marking  ] GC(722) Concurrent Mark From Roots
[390.548s][info][gc,task     ] GC(722) Using 1 workers of 1 for marking
[390.684s][info][gc,marking  ] GC(722) Concurrent Mark From Roots 136.640ms
[390.685s][info][gc,marking  ] GC(722) Concurrent Preclean
[390.685s][info][gc,marking  ] GC(722) Concurrent Preclean 0.051ms
[390.685s][info][gc,start    ] GC(722) Pause Remark
[390.701s][info][gc          ] GC(722) Pause Remark 146M->144M(286M) 16.682ms
[390.701s][info][gc,cpu      ] GC(722) User=0.03s Sys=0.00s Real=0.02s
[390.702s][info][gc,marking  ] GC(722) Concurrent Mark 153.713ms
[390.702s][info][gc,marking  ] GC(722) Concurrent Rebuild Remembered Sets and Scrub Regions
[390.777s][info][gc,marking  ] GC(722) Concurrent Rebuild Remembered Sets and Scrub Regions 75.736ms
[390.777s][info][gc,start    ] GC(722) Pause Cleanup
[390.778s][info][gc          ] GC(722) Pause Cleanup 151M->151M(286M) 0.061ms
[390.778s][info][gc,cpu      ] GC(722) User=0.00s Sys=0.00s Real=0.00s
[390.778s][info][gc,marking  ] GC(722) Concurrent Clear Claimed Marks
[390.778s][info][gc,marking  ] GC(722) Concurrent Clear Claimed Marks 0.043ms
[390.778s][info][gc,marking  ] GC(722) Concurrent Cleanup for Next Mark
[390.779s][info][gc,marking  ] GC(722) Concurrent Cleanup for Next Mark 0.882ms
[390.779s][info][gc          ] GC(722) Concurrent Mark Cycle 269.980ms
[391.727s][info][gc,start    ] GC(723) Pause Young (Prepare Mixed) (G1 Evacuation Pause)
[391.727s][info][gc,task     ] GC(723) Using 2 workers of 2 for evacuation
[391.744s][info][gc,phases   ] GC(723)   Pre Evacuate Collection Set: 0.19ms
[391.744s][info][gc,phases   ] GC(723)   Merge Heap Roots: 0.12ms
[391.744s][info][gc,phases   ] GC(723)   Evacuate Collection Set: 16.46ms
[391.744s][info][gc,phases   ] GC(723)   Post Evacuate Collection Set: 0.44ms
[391.744s][info][gc,phases   ] GC(723)   Other: 0.08ms
[391.744s][info][gc,heap     ] GC(723) Eden regions: 112->0(113)
[391.744s][info][gc,heap     ] GC(723) Survivor regions: 10->7(16)
[391.744s][info][gc,heap     ] GC(723) Old regions: 116->117
[391.744s][info][gc,heap     ] GC(723) Humongous regions: 15->13
[391.744s][info][gc,metaspace] GC(723) Metaspace: 42896K(43328K)->42896K(43328K) NonClass: 38556K(38784K)->38556K(38784K) Class: 4340K(4544K)->4340K(4544K)
[391.744s][info][gc          ] GC(723) Pause Young (Prepare Mixed) (G1 Evacuation Pause) 252M->136M(286M) 17.514ms
[391.744s][info][gc,cpu      ] GC(723) User=0.03s Sys=0.00s Real=0.01s
[392.296s][info][gc,start    ] GC(724) Pause Young (Mixed) (G1 Evacuation Pause)
[392.296s][info][gc,task     ] GC(724) Using 2 workers of 2 for evacuation
[392.315s][info][gc,phases   ] GC(724)   Pre Evacuate Collection Set: 0.29ms
[392.315s][info][gc,phases   ] GC(724)   Merge Heap Roots: 0.17ms
[392.315s][info][gc,phases   ] GC(724)   Evacuate Collection Set: 16.96ms
[392.315s][info][gc,phases   ] GC(724)   Post Evacuate Collection Set: 0.60ms
[392.315s][info][gc,phases   ] GC(724)   Other: 0.10ms
[392.315s][info][gc,heap     ] GC(724) Eden regions: 113->0(115)
[392.315s][info][gc,heap     ] GC(724) Survivor regions: 7->10(15)
[392.315s][info][gc,heap     ] GC(724) Old regions: 117->115
[392.315s][info][gc,heap     ] GC(724) Humongous regions: 13->13
[392.315s][info][gc,metaspace] GC(724) Metaspace: 42896K(43328K)->42896K(43328K) NonClass: 38556K(38784K)->38556K(38784K) Class: 4340K(4544K)->4340K(4544K)
[392.315s][info][gc          ] GC(724) Pause Young (Mixed) (G1 Evacuation Pause) 249M->137M(286M) 18.334ms
[392.315s][info][gc,cpu      ] GC(724) User=0.03s Sys=0.00s Real=0.01s
[392.957s][info][gc,start    ] GC(725) Pause Young (Concurrent Start) (G1 Evacuation Pause)
[392.957s][info][gc,task     ] GC(725) Using 2 workers of 2 for evacuation
[392.976s][info][gc,phases   ] GC(725)   Pre Evacuate Collection Set: 0.21ms
[392.976s][info][gc,phases   ] GC(725)   Merge Heap Roots: 0.09ms
[392.976s][info][gc,phases   ] GC(725)   Evacuate Collection Set: 18.67ms
[392.976s][info][gc,phases   ] GC(725)   Post Evacuate Collection Set: 0.38ms
[392.976s][info][gc,phases   ] GC(725)   Other: 0.17ms
[392.976s][info][gc,heap     ] GC(725) Eden regions: 115->0(113)
[392.976s][info][gc,heap     ] GC(725) Survivor regions: 10->11(16)
[392.976s][info][gc,heap     ] GC(725) Old regions: 115->120
[392.976s][info][gc,heap     ] GC(725) Humongous regions: 13->13
[392.976s][info][gc,metaspace] GC(725) Metaspace: 42896K(43328K)->42896K(43328K) NonClass: 38556K(38784K)->38556K(38784K) Class: 4340K(4544K)->4340K(4544K)
[392.976s][info][gc          ] GC(725) Pause Young (Concurrent Start) (G1 Evacuation Pause) 252M->142M(286M) 19.737ms
[392.976s][info][gc,cpu      ] GC(725) User=0.04s Sys=0.00s Real=0.02s
[392.976s][info][gc          ] GC(726) Concurrent Mark Cycle
[392.976s][info][gc,marking  ] GC(726) Concurrent Scan Root Regions
[392.988s][info][gc,marking  ] GC(726) Concurrent Scan Root Regions 11.883ms
[392.988s][info][gc,marking  ] GC(726) Concurrent Mark
[392.988s][info][gc,marking  ] GC(726) Concurrent Mark From Roots
[392.988s][info][gc,task     ] GC(726) Using 1 workers of 1 for marking
[393.026s][info][gc,marking  ] GC(726) Concurrent Mark From Roots 37.983ms
[393.027s][info][gc,marking  ] GC(726) Concurrent Preclean
[393.027s][info][gc,marking  ] GC(726) Concurrent Preclean 0.049ms
[393.027s][info][gc,start    ] GC(726) Pause Remark
[393.044s][info][gc          ] GC(726) Pause Remark 150M->67M(256M) 16.975ms
[393.044s][info][gc,cpu      ] GC(726) User=0.04s Sys=0.00s Real=0.01s
[393.044s][info][gc,marking  ] GC(726) Concurrent Mark 55.405ms
[393.044s][info][gc,marking  ] GC(726) Concurrent Rebuild Remembered Sets and Scrub Regions
[393.061s][info][gc,marking  ] GC(726) Concurrent Rebuild Remembered Sets and Scrub Regions 17.593ms
[393.062s][info][gc,start    ] GC(726) Pause Cleanup
[393.062s][info][gc          ] GC(726) Pause Cleanup 69M->69M(256M) 0.053ms
[393.062s][info][gc,cpu      ] GC(726) User=0.00s Sys=0.00s Real=0.00s
[393.062s][info][gc,marking  ] GC(726) Concurrent Clear Claimed Marks
[393.062s][info][gc,marking  ] GC(726) Concurrent Clear Claimed Marks 0.044ms
[393.062s][info][gc,marking  ] GC(726) Concurrent Cleanup for Next Mark
[393.063s][info][gc,marking  ] GC(726) Concurrent Cleanup for Next Mark 0.842ms
[393.063s][info][gc          ] GC(726) Concurrent Mark Cycle 86.314ms
[393.800s][info][gc,start    ] GC(727) Pause Young (Prepare Mixed) (G1 Evacuation Pause)
[393.800s][info][gc,task     ] GC(727) Using 2 workers of 2 for evacuation
[393.821s][info][gc,phases   ] GC(727)   Pre Evacuate Collection Set: 0.17ms
[393.821s][info][gc,phases   ] GC(727)   Merge Heap Roots: 0.09ms
[393.821s][info][gc,phases   ] GC(727)   Evacuate Collection Set: 20.19ms
[393.821s][info][gc,phases   ] GC(727)   Post Evacuate Collection Set: 0.38ms
[393.821s][info][gc,phases   ] GC(727)   Other: 0.11ms
[393.821s][info][gc,heap     ] GC(727) Eden regions: 113->0(137)
[393.821s][info][gc,heap     ] GC(727) Survivor regions: 11->16(16)
[393.821s][info][gc,heap     ] GC(727) Old regions: 49->56
[393.821s][info][gc,heap     ] GC(727) Humongous regions: 1->1
[393.821s][info][gc,metaspace] GC(727) Metaspace: 42896K(43328K)->42896K(43328K) NonClass: 38556K(38784K)->38556K(38784K) Class: 4340K(4544K)->4340K(4544K)
[393.821s][info][gc          ] GC(727) Pause Young (Prepare Mixed) (G1 Evacuation Pause) 172M->72M(256M) 21.139ms
[393.821s][info][gc,cpu      ] GC(727) User=0.04s Sys=0.00s Real=0.02s
[394.692s][info][gc,start    ] GC(728) Pause Young (Mixed) (G1 Evacuation Pause)
[394.692s][info][gc,task     ] GC(728) Using 2 workers of 2 for evacuation
[394.723s][info][gc,phases   ] GC(728)   Pre Evacuate Collection Set: 0.19ms
[394.723s][info][gc,phases   ] GC(728)   Merge Heap Roots: 0.11ms
[394.723s][info][gc,phases   ] GC(728)   Evacuate Collection Set: 30.25ms
[394.723s][info][gc,phases   ] GC(728)   Post Evacuate Collection Set: 0.45ms
[394.723s][info][gc,phases   ] GC(728)   Other: 0.15ms
[394.723s][info][gc,heap     ] GC(728) Eden regions: 137->0(133)
[394.723s][info][gc,heap     ] GC(728) Survivor regions: 16->20(20)
[394.723s][info][gc,heap     ] GC(728) Old regions: 56->59
[394.723s][info][gc,heap     ] GC(728) Humongous regions: 1->1
[394.723s][info][gc,metaspace] GC(728) Metaspace: 42896K(43328K)->42896K(43328K) NonClass: 38556K(38784K)->38556K(38784K) Class: 4340K(4544K)->4340K(4544K)
[394.723s][info][gc          ] GC(728) Pause Young (Mixed) (G1 Evacuation Pause) 209M->79M(256M) 31.405ms
[394.723s][info][gc,cpu      ] GC(728) User=0.06s Sys=0.00s Real=0.03s
[395.636s][info][gc,start    ] GC(729) Pause Young (Concurrent Start) (G1 Humongous Allocation)
[395.636s][info][gc,task     ] GC(729) Using 2 workers of 2 for evacuation
[395.671s][info][gc,phases   ] GC(729)   Pre Evacuate Collection Set: 0.19ms
[395.671s][info][gc,phases   ] GC(729)   Merge Heap Roots: 0.13ms
[395.672s][info][gc,phases   ] GC(729)   Evacuate Collection Set: 34.92ms
[395.672s][info][gc,phases   ] GC(729)   Post Evacuate Collection Set: 0.46ms
[395.672s][info][gc,phases   ] GC(729)   Other: 0.11ms
[395.672s][info][gc,heap     ] GC(729) Eden regions: 130->0(127)
[395.672s][info][gc,heap     ] GC(729) Survivor regions: 20->14(20)
[395.672s][info][gc,heap     ] GC(729) Old regions: 59->79
[395.672s][info][gc,heap     ] GC(729) Humongous regions: 1->1
[395.672s][info][gc,metaspace] GC(729) Metaspace: 42896K(43328K)->42896K(43328K) NonClass: 38556K(38784K)->38556K(38784K) Class: 4340K(4544K)->4340K(4544K)
[395.672s][info][gc          ] GC(729) Pause Young (Concurrent Start) (G1 Humongous Allocation) 208M->92M(256M) 36.031ms
[395.672s][info][gc,cpu      ] GC(729) User=0.07s Sys=0.00s Real=0.03s
[395.672s][info][gc          ] GC(730) Concurrent Mark Cycle
[395.672s][info][gc,marking  ] GC(730) Concurrent Scan Root Regions
[395.697s][info][gc,marking  ] GC(730) Concurrent Scan Root Regions 24.848ms
[395.697s][info][gc,marking  ] GC(730) Concurrent Mark
[395.697s][info][gc,marking  ] GC(730) Concurrent Mark From Roots
[395.697s][info][gc,task     ] GC(730) Using 1 workers of 1 for marking
[395.742s][info][gc,marking  ] GC(730) Concurrent Mark From Roots 45.371ms
[395.742s][info][gc,marking  ] GC(730) Concurrent Preclean
[395.742s][info][gc,marking  ] GC(730) Concurrent Preclean 0.043ms
[395.742s][info][gc,start    ] GC(730) Pause Remark
[395.759s][info][gc          ] GC(730) Pause Remark 104M->102M(256M) 17.199ms
[395.759s][info][gc,cpu      ] GC(730) User=0.04s Sys=0.00s Real=0.02s
[395.760s][info][gc,marking  ] GC(730) Concurrent Mark 62.941ms
[395.760s][info][gc,marking  ] GC(730) Concurrent Rebuild Remembered Sets and Scrub Regions
[395.796s][info][gc,marking  ] GC(730) Concurrent Rebuild Remembered Sets and Scrub Regions 36.503ms
[395.796s][info][gc,start    ] GC(730) Pause Cleanup
[395.796s][info][gc          ] GC(730) Pause Cleanup 106M->106M(256M) 0.065ms
[395.796s][info][gc,cpu      ] GC(730) User=0.00s Sys=0.00s Real=0.00s
[395.796s][info][gc,marking  ] GC(730) Concurrent Clear Claimed Marks
[395.796s][info][gc,marking  ] GC(730) Concurrent Clear Claimed Marks 0.043ms
[395.796s][info][gc,marking  ] GC(730) Concurrent Cleanup for Next Mark
[395.797s][info][gc,marking  ] GC(730) Concurrent Cleanup for Next Mark 0.811ms
[395.797s][info][gc          ] GC(730) Concurrent Mark Cycle 125.572ms
[396.539s][info][gc,start    ] GC(731) Pause Young (Prepare Mixed) (G1 Evacuation Pause)
[396.539s][info][gc,task     ] GC(731) Using 2 workers of 2 for evacuation
[396.554s][info][gc,phases   ] GC(731)   Pre Evacuate Collection Set: 0.18ms
[396.554s][info][gc,phases   ] GC(731)   Merge Heap Roots: 0.07ms
[396.554s][info][gc,phases   ] GC(731)   Evacuate Collection Set: 13.90ms
[396.554s][info][gc,phases   ] GC(731)   Post Evacuate Collection Set: 0.42ms
[396.554s][info][gc,phases   ] GC(731)   Other: 0.11ms
[396.554s][info][gc,heap     ] GC(731) Eden regions: 127->0(128)
[396.554s][info][gc,heap     ] GC(731) Survivor regions: 14->13(18)
[396.554s][info][gc,heap     ] GC(731) Old regions: 76->78
[396.554s][info][gc,heap     ] GC(731) Humongous regions: 2->2
[396.554s][info][gc,metaspace] GC(731) Metaspace: 42896K(43328K)->42896K(43328K) NonClass: 38556K(38784K)->38556K(38784K) Class: 4340K(4544K)->4340K(4544K)
[396.554s][info][gc          ] GC(731) Pause Young (Prepare Mixed) (G1 Evacuation Pause) 218M->92M(256M) 14.944ms
[396.554s][info][gc,cpu      ] GC(731) User=0.02s Sys=0.00s Real=0.01s
[397.365s][info][gc,start    ] GC(732) Pause Young (Mixed) (G1 Evacuation Pause)
[397.365s][info][gc,task     ] GC(732) Using 2 workers of 2 for evacuation
[397.388s][info][gc,phases   ] GC(732)   Pre Evacuate Collection Set: 0.18ms
[397.388s][info][gc,phases   ] GC(732)   Merge Heap Roots: 0.16ms
[397.388s][info][gc,phases   ] GC(732)   Evacuate Collection Set: 21.88ms
[397.388s][info][gc,phases   ] GC(732)   Post Evacuate Collection Set: 0.55ms
[397.388s][info][gc,phases   ] GC(732)   Other: 0.08ms
[397.388s][info][gc,heap     ] GC(732) Eden regions: 128->0(137)
[397.388s][info][gc,heap     ] GC(732) Survivor regions: 13->11(18)
[397.388s][info][gc,heap     ] GC(732) Old regions: 78->67
[397.388s][info][gc,heap     ] GC(732) Humongous regions: 2->1
[397.388s][info][gc,metaspace] GC(732) Metaspace: 42896K(43328K)->42896K(43328K) NonClass: 38556K(38784K)->38556K(38784K) Class: 4340K(4544K)->4340K(4544K)
[397.388s][info][gc          ] GC(732) Pause Young (Mixed) (G1 Evacuation Pause) 220M->78M(256M) 23.065ms
[397.388s][info][gc,cpu      ] GC(732) User=0.05s Sys=0.00s Real=0.02s
[397.443s][info][gc,start    ] GC(733) Pause Young (Concurrent Start) (G1 Humongous Allocation)
[397.444s][info][gc,task     ] GC(733) Using 2 workers of 2 for evacuation
[397.457s][info][gc,phases   ] GC(733)   Pre Evacuate Collection Set: 0.18ms
[397.457s][info][gc,phases   ] GC(733)   Merge Heap Roots: 0.06ms
[397.457s][info][gc,phases   ] GC(733)   Evacuate Collection Set: 12.75ms
[397.457s][info][gc,phases   ] GC(733)   Post Evacuate Collection Set: 0.32ms
[397.457s][info][gc,phases   ] GC(733)   Other: 0.10ms
[397.457s][info][gc,heap     ] GC(733) Eden regions: 12->0(135)
[397.457s][info][gc,heap     ] GC(733) Survivor regions: 11->6(19)
[397.457s][info][gc,heap     ] GC(733) Old regions: 67->78
[397.457s][info][gc,heap     ] GC(733) Humongous regions: 1->1
[397.457s][info][gc,metaspace] GC(733) Metaspace: 42902K(43392K)->42902K(43392K) NonClass: 38562K(38848K)->38562K(38848K) Class: 4340K(4544K)->4340K(4544K)
[397.457s][info][gc          ] GC(733) Pause Young (Concurrent Start) (G1 Humongous Allocation) 90M->84M(256M) 13.613ms
[397.457s][info][gc          ] GC(734) Concurrent Mark Cycle
[397.457s][info][gc,marking  ] GC(734) Concurrent Scan Root Regions
[397.458s][info][gc,cpu      ] GC(733) User=0.03s Sys=0.00s Real=0.02s
[397.470s][info][gc,marking  ] GC(734) Concurrent Scan Root Regions 12.712ms
[397.470s][info][gc,marking  ] GC(734) Concurrent Mark
[397.470s][info][gc,marking  ] GC(734) Concurrent Mark From Roots
[397.470s][info][gc,task     ] GC(734) Using 1 workers of 1 for marking
[397.510s][info][gc,marking  ] GC(734) Concurrent Mark From Roots 39.705ms
[397.510s][info][gc,marking  ] GC(734) Concurrent Preclean
[397.510s][info][gc,marking  ] GC(734) Concurrent Preclean 0.040ms
[397.510s][info][gc,start    ] GC(734) Pause Remark
[397.527s][info][gc          ] GC(734) Pause Remark 94M->82M(256M) 16.499ms
[397.527s][info][gc,cpu      ] GC(734) User=0.03s Sys=0.00s Real=0.02s
[397.528s][info][gc,marking  ] GC(734) Concurrent Mark 57.792ms
[397.528s][info][gc,marking  ] GC(734) Concurrent Rebuild Remembered Sets and Scrub Regions
[397.555s][info][gc,marking  ] GC(734) Concurrent Rebuild Remembered Sets and Scrub Regions 27.507ms
[397.555s][info][gc,start    ] GC(734) Pause Cleanup
[397.555s][info][gc          ] GC(734) Pause Cleanup 90M->90M(256M) 0.078ms
[397.556s][info][gc,cpu      ] GC(734) User=0.00s Sys=0.00s Real=0.00s
[397.556s][info][gc,marking  ] GC(734) Concurrent Clear Claimed Marks
[397.556s][info][gc,marking  ] GC(734) Concurrent Clear Claimed Marks 0.047ms
[397.556s][info][gc,marking  ] GC(734) Concurrent Cleanup for Next Mark
[397.556s][info][gc,marking  ] GC(734) Concurrent Cleanup for Next Mark 0.798ms
[397.556s][info][gc          ] GC(734) Concurrent Mark Cycle 99.341ms
[398.093s][info][gc,start    ] GC(735) Pause Young (Prepare Mixed) (G1 Evacuation Pause)
[398.093s][info][gc,task     ] GC(735) Using 2 workers of 2 for evacuation
[398.098s][info][gc,phases   ] GC(735)   Pre Evacuate Collection Set: 0.16ms
[398.098s][info][gc,phases   ] GC(735)   Merge Heap Roots: 0.06ms
[398.098s][info][gc,phases   ] GC(735)   Evacuate Collection Set: 4.28ms
[398.098s][info][gc,phases   ] GC(735)   Post Evacuate Collection Set: 0.40ms
[398.098s][info][gc,phases   ] GC(735)   Other: 0.09ms
[398.098s][info][gc,heap     ] GC(735) Eden regions: 135->0(145)
[398.098s][info][gc,heap     ] GC(735) Survivor regions: 6->7(18)
[398.098s][info][gc,heap     ] GC(735) Old regions: 66->66
[398.098s][info][gc,heap     ] GC(735) Humongous regions: 15->3
[398.098s][info][gc,metaspace] GC(735) Metaspace: 42904K(43392K)->42904K(43392K) NonClass: 38564K(38848K)->38564K(38848K) Class: 4340K(4544K)->4340K(4544K)
[398.098s][info][gc          ] GC(735) Pause Young (Prepare Mixed) (G1 Evacuation Pause) 220M->75M(256M) 5.184ms
[398.098s][info][gc,cpu      ] GC(735) User=0.01s Sys=0.00s Real=0.01s
[398.753s][info][gc,start    ] GC(736) Pause Young (Mixed) (G1 Evacuation Pause)
[398.753s][info][gc,task     ] GC(736) Using 2 workers of 2 for evacuation
[398.779s][info][gc,phases   ] GC(736)   Pre Evacuate Collection Set: 0.20ms
[398.779s][info][gc,phases   ] GC(736)   Merge Heap Roots: 0.19ms
[398.779s][info][gc,phases   ] GC(736)   Evacuate Collection Set: 25.23ms
[398.779s][info][gc,phases   ] GC(736)   Post Evacuate Collection Set: 0.60ms
[398.779s][info][gc,phases   ] GC(736)   Other: 0.10ms
[398.779s][info][gc,heap     ] GC(736) Eden regions: 145->0(135)
[398.779s][info][gc,heap     ] GC(736) Survivor regions: 7->18(19)
[398.779s][info][gc,heap     ] GC(736) Old regions: 66->47
[398.779s][info][gc,heap     ] GC(736) Humongous regions: 10->3
[398.779s][info][gc,metaspace] GC(736) Metaspace: 42921K(43392K)->42921K(43392K) NonClass: 38581K(38848K)->38581K(38848K) Class: 4340K(4544K)->4340K(4544K)
[398.779s][info][gc          ] GC(736) Pause Young (Mixed) (G1 Evacuation Pause) 227M->67M(256M) 26.537ms
[398.779s][info][gc,cpu      ] GC(736) User=0.05s Sys=0.00s Real=0.03s
[398.810s][info][gc,start    ] GC(737) Pause Young (Concurrent Start) (G1 Humongous Allocation)
[398.810s][info][gc,task     ] GC(737) Using 2 workers of 2 for evacuation
[398.827s][info][gc,phases   ] GC(737)   Pre Evacuate Collection Set: 0.20ms
[398.827s][info][gc,phases   ] GC(737)   Merge Heap Roots: 0.07ms
[398.827s][info][gc,phases   ] GC(737)   Evacuate Collection Set: 16.28ms
[398.827s][info][gc,phases   ] GC(737)   Post Evacuate Collection Set: 0.32ms
[398.827s][info][gc,phases   ] GC(737)   Other: 0.14ms
[398.827s][info][gc,heap     ] GC(737) Eden regions: 7->0(102)
[398.827s][info][gc,heap     ] GC(737) Survivor regions: 18->2(20)
[398.827s][info][gc,heap     ] GC(737) Old regions: 47->64
[398.827s][info][gc,heap     ] GC(737) Humongous regions: 3->3
[398.827s][info][gc,metaspace] GC(737) Metaspace: 42921K(43392K)->42921K(43392K) NonClass: 38581K(38848K)->38581K(38848K) Class: 4340K(4544K)->4340K(4544K)
[398.827s][info][gc          ] GC(737) Pause Young (Concurrent Start) (G1 Humongous Allocation) 73M->69M(256M) 17.214ms
[398.827s][info][gc,cpu      ] GC(737) User=0.03s Sys=0.01s Real=0.02s
[398.828s][info][gc          ] GC(738) Concurrent Mark Cycle
[398.828s][info][gc,marking  ] GC(738) Concurrent Scan Root Regions
[398.841s][info][gc,marking  ] GC(738) Concurrent Scan Root Regions 13.338ms
[398.841s][info][gc,marking  ] GC(738) Concurrent Mark
[398.841s][info][gc,marking  ] GC(738) Concurrent Mark From Roots
[398.841s][info][gc,task     ] GC(738) Using 1 workers of 1 for marking
[398.883s][info][gc,marking  ] GC(738) Concurrent Mark From Roots 41.682ms
[398.883s][info][gc,marking  ] GC(738) Concurrent Preclean
[398.883s][info][gc,marking  ] GC(738) Concurrent Preclean 0.038ms
[398.883s][info][gc,start    ] GC(738) Pause Remark
[398.899s][info][gc          ] GC(738) Pause Remark 77M->76M(256M) 16.297ms
[398.899s][info][gc,cpu      ] GC(738) User=0.03s Sys=0.00s Real=0.02s
[398.899s][info][gc,marking  ] GC(738) Concurrent Mark 58.316ms
[398.899s][info][gc,marking  ] GC(738) Concurrent Rebuild Remembered Sets and Scrub Regions
[398.927s][info][gc,marking  ] GC(738) Concurrent Rebuild Remembered Sets and Scrub Regions 27.419ms
[398.927s][info][gc,start    ] GC(738) Pause Cleanup
[398.927s][info][gc          ] GC(738) Pause Cleanup 78M->78M(256M) 0.049ms
[398.927s][info][gc,cpu      ] GC(738) User=0.00s Sys=0.00s Real=0.00s
[398.927s][info][gc,marking  ] GC(738) Concurrent Clear Claimed Marks
[398.927s][info][gc,marking  ] GC(738) Concurrent Clear Claimed Marks 0.051ms
[398.927s][info][gc,marking  ] GC(738) Concurrent Cleanup for Next Mark
[398.928s][info][gc,marking  ] GC(738) Concurrent Cleanup for Next Mark 0.812ms
[398.928s][info][gc          ] GC(738) Concurrent Mark Cycle 100.265ms
[399.432s][info][gc,start    ] GC(739) Pause Young (Prepare Mixed) (G1 Evacuation Pause)
[399.432s][info][gc,task     ] GC(739) Using 2 workers of 2 for evacuation
[399.445s][info][gc,phases   ] GC(739)   Pre Evacuate Collection Set: 0.17ms
[399.445s][info][gc,phases   ] GC(739)   Merge Heap Roots: 0.11ms
[399.445s][info][gc,phases   ] GC(739)   Evacuate Collection Set: 12.80ms
[399.445s][info][gc,phases   ] GC(739)   Post Evacuate Collection Set: 0.42ms
[399.445s][info][gc,phases   ] GC(739)   Other: 0.10ms
[399.445s][info][gc,heap     ] GC(739) Eden regions: 102->0(103)
[399.445s][info][gc,heap     ] GC(739) Survivor regions: 2->12(13)
[399.445s][info][gc,heap     ] GC(739) Old regions: 63->63
[399.445s][info][gc,heap     ] GC(739) Humongous regions: 10->3
[399.445s][info][gc,metaspace] GC(739) Metaspace: 42922K(43392K)->42922K(43392K) NonClass: 38582K(38848K)->38582K(38848K) Class: 4340K(4544K)->4340K(4544K)
[399.445s][info][gc          ] GC(739) Pause Young (Prepare Mixed) (G1 Evacuation Pause) 177M->78M(256M) 13.813ms
[399.445s][info][gc,cpu      ] GC(739) User=0.02s Sys=0.00s Real=0.02s
[399.928s][info][gc,start    ] GC(740) Pause Young (Mixed) (G1 Evacuation Pause)
[399.928s][info][gc,task     ] GC(740) Using 2 workers of 2 for evacuation
[399.951s][info][gc,phases   ] GC(740)   Pre Evacuate Collection Set: 0.23ms
[399.951s][info][gc,phases   ] GC(740)   Merge Heap Roots: 0.19ms
[399.951s][info][gc,phases   ] GC(740)   Evacuate Collection Set: 21.79ms
[399.951s][info][gc,phases   ] GC(740)   Post Evacuate Collection Set: 0.46ms
[399.951s][info][gc,phases   ] GC(740)   Other: 0.10ms
[399.951s][info][gc,heap     ] GC(740) Eden regions: 103->0(105)
[399.951s][info][gc,heap     ] GC(740) Survivor regions: 12->15(15)
[399.951s][info][gc,heap     ] GC(740) Old regions: 63->60
[399.951s][info][gc,heap     ] GC(740) Humongous regions: 7->3
[399.951s][info][gc,metaspace] GC(740) Metaspace: 42922K(43392K)->42922K(43392K) NonClass: 38582K(38848K)->38582K(38848K) Class: 4340K(4544K)->4340K(4544K)
[399.951s][info][gc          ] GC(740) Pause Young (Mixed) (G1 Evacuation Pause) 185M->77M(256M) 22.993ms
[399.951s][info][gc,cpu      ] GC(740) User=0.04s Sys=0.00s Real=0.02s
[400.477s][info][gc,start    ] GC(741) Pause Young (Concurrent Start) (G1 Evacuation Pause)
[400.477s][info][gc,task     ] GC(741) Using 2 workers of 2 for evacuation
[400.498s][info][gc,phases   ] GC(741)   Pre Evacuate Collection Set: 0.23ms
[400.498s][info][gc,phases   ] GC(741)   Merge Heap Roots: 0.09ms
[400.498s][info][gc,phases   ] GC(741)   Evacuate Collection Set: 20.36ms
[400.498s][info][gc,phases   ] GC(741)   Post Evacuate Collection Set: 0.42ms
[400.498s][info][gc,phases   ] GC(741)   Other: 0.12ms
[400.498s][info][gc,heap     ] GC(741) Eden regions: 105->0(108)
[400.498s][info][gc,heap     ] GC(741) Survivor regions: 15->10(15)
[400.498s][info][gc,heap     ] GC(741) Old regions: 60->68
[400.498s][info][gc,heap     ] GC(741) Humongous regions: 3->3
[400.498s][info][gc,metaspace] GC(741) Metaspace: 42922K(43392K)->42922K(43392K) NonClass: 38582K(38848K)->38582K(38848K) Class: 4340K(4544K)->4340K(4544K)
[400.498s][info][gc          ] GC(741) Pause Young (Concurrent Start) (G1 Evacuation Pause) 182M->81M(256M) 21.439ms
[400.498s][info][gc,cpu      ] GC(741) User=0.04s Sys=0.01s Real=0.02s
[400.498s][info][gc          ] GC(742) Concurrent Mark Cycle
[400.498s][info][gc,marking  ] GC(742) Concurrent Scan Root Regions
[400.518s][info][gc,marking  ] GC(742) Concurrent Scan Root Regions 19.846ms
[400.518s][info][gc,marking  ] GC(742) Concurrent Mark
[400.518s][info][gc,marking  ] GC(742) Concurrent Mark From Roots
[400.518s][info][gc,task     ] GC(742) Using 1 workers of 1 for marking
[400.613s][info][gc,marking  ] GC(742) Concurrent Mark From Roots 94.996ms
[400.613s][info][gc,marking  ] GC(742) Concurrent Preclean
[400.613s][info][gc,marking  ] GC(742) Concurrent Preclean 0.045ms
[400.613s][info][gc,start    ] GC(742) Pause Remark
[400.629s][info][gc          ] GC(742) Pause Remark 98M->92M(256M) 16.156ms
[400.630s][info][gc,cpu      ] GC(742) User=0.03s Sys=0.00s Real=0.02s
[400.630s][info][gc,marking  ] GC(742) Concurrent Mark 112.102ms
[400.630s][info][gc,marking  ] GC(742) Concurrent Rebuild Remembered Sets and Scrub Regions
[400.661s][info][gc,marking  ] GC(742) Concurrent Rebuild Remembered Sets and Scrub Regions 31.004ms
[400.661s][info][gc,start    ] GC(742) Pause Cleanup
[400.661s][info][gc          ] GC(742) Pause Cleanup 101M->101M(256M) 0.050ms
[400.661s][info][gc,cpu      ] GC(742) User=0.00s Sys=0.00s Real=0.00s
[400.661s][info][gc,marking  ] GC(742) Concurrent Clear Claimed Marks
[400.661s][info][gc,marking  ] GC(742) Concurrent Clear Claimed Marks 0.038ms
[400.661s][info][gc,marking  ] GC(742) Concurrent Cleanup for Next Mark
[400.662s][info][gc,marking  ] GC(742) Concurrent Cleanup for Next Mark 0.840ms
[400.662s][info][gc          ] GC(742) Concurrent Mark Cycle 164.111ms
[400.992s][info][gc,start    ] GC(743) Pause Young (Prepare Mixed) (G1 Evacuation Pause)
[400.992s][info][gc,task     ] GC(743) Using 2 workers of 2 for evacuation
[401.011s][info][gc,phases   ] GC(743)   Pre Evacuate Collection Set: 0.16ms
[401.011s][info][gc,phases   ] GC(743)   Merge Heap Roots: 0.15ms
[401.011s][info][gc,phases   ] GC(743)   Evacuate Collection Set: 17.75ms
[401.011s][info][gc,phases   ] GC(743)   Post Evacuate Collection Set: 0.40ms
[401.011s][info][gc,phases   ] GC(743)   Other: 0.08ms
[401.011s][info][gc,heap     ] GC(743) Eden regions: 108->0(115)
[401.011s][info][gc,heap     ] GC(743) Survivor regions: 10->6(15)
[401.011s][info][gc,heap     ] GC(743) Old regions: 62->72
[401.011s][info][gc,heap     ] GC(743) Humongous regions: 13->1
[401.011s][info][gc,metaspace] GC(743) Metaspace: 42931K(43392K)->42931K(43392K) NonClass: 38588K(38848K)->38588K(38848K) Class: 4342K(4544K)->4342K(4544K)
[401.011s][info][gc          ] GC(743) Pause Young (Prepare Mixed) (G1 Evacuation Pause) 193M->79M(256M) 18.771ms
[401.011s][info][gc,cpu      ] GC(743) User=0.03s Sys=0.00s Real=0.02s
[401.447s][info][gc,start    ] GC(744) Pause Young (Mixed) (G1 Evacuation Pause)
[401.447s][info][gc,task     ] GC(744) Using 2 workers of 2 for evacuation
[401.467s][info][gc,phases   ] GC(744)   Pre Evacuate Collection Set: 0.23ms
[401.467s][info][gc,phases   ] GC(744)   Merge Heap Roots: 0.18ms
[401.467s][info][gc,phases   ] GC(744)   Evacuate Collection Set: 19.01ms
[401.467s][info][gc,phases   ] GC(744)   Post Evacuate Collection Set: 0.53ms
[401.467s][info][gc,phases   ] GC(744)   Other: 0.08ms
[401.467s][info][gc,heap     ] GC(744) Eden regions: 115->0(121)
[401.467s][info][gc,heap     ] GC(744) Survivor regions: 6->11(16)
[401.467s][info][gc,heap     ] GC(744) Old regions: 72->62
[401.467s][info][gc,heap     ] GC(744) Humongous regions: 13->3
[401.467s][info][gc,metaspace] GC(744) Metaspace: 42931K(43392K)->42931K(43392K) NonClass: 38588K(38848K)->38588K(38848K) Class: 4342K(4544K)->4342K(4544K)
[401.467s][info][gc          ] GC(744) Pause Young (Mixed) (G1 Evacuation Pause) 206M->75M(256M) 20.246ms
[401.467s][info][gc,cpu      ] GC(744) User=0.04s Sys=0.00s Real=0.02s
[401.489s][info][gc,start    ] GC(745) Pause Young (Concurrent Start) (G1 Humongous Allocation)
[401.489s][info][gc,task     ] GC(745) Using 2 workers of 2 for evacuation
[401.497s][info][gc,phases   ] GC(745)   Pre Evacuate Collection Set: 0.18ms
[401.497s][info][gc,phases   ] GC(745)   Merge Heap Roots: 0.08ms
[401.497s][info][gc,phases   ] GC(745)   Evacuate Collection Set: 7.21ms
[401.497s][info][gc,phases   ] GC(745)   Post Evacuate Collection Set: 0.30ms
[401.497s][info][gc,phases   ] GC(745)   Other: 0.08ms
[401.497s][info][gc,heap     ] GC(745) Eden regions: 6->0(129)
[401.497s][info][gc,heap     ] GC(745) Survivor regions: 11->2(17)
[401.497s][info][gc,heap     ] GC(745) Old regions: 62->68
[401.497s][info][gc,heap     ] GC(745) Humongous regions: 3->1
[401.497s][info][gc,metaspace] GC(745) Metaspace: 42931K(43392K)->42931K(43392K) NonClass: 38588K(38848K)->38588K(38848K) Class: 4342K(4544K)->4342K(4544K)
[401.497s][info][gc          ] GC(745) Pause Young (Concurrent Start) (G1 Humongous Allocation) 81M->70M(256M) 8.048ms
[401.497s][info][gc,cpu      ] GC(745) User=0.02s Sys=0.00s Real=0.01s
[401.497s][info][gc          ] GC(746) Concurrent Mark Cycle
[401.498s][info][gc,marking  ] GC(746) Concurrent Scan Root Regions
[401.506s][info][gc,marking  ] GC(746) Concurrent Scan Root Regions 8.338ms
[401.506s][info][gc,marking  ] GC(746) Concurrent Mark
[401.506s][info][gc,marking  ] GC(746) Concurrent Mark From Roots
[401.506s][info][gc,task     ] GC(746) Using 1 workers of 1 for marking
[401.590s][info][gc,marking  ] GC(746) Concurrent Mark From Roots 84.043ms
[401.590s][info][gc,marking  ] GC(746) Concurrent Preclean
[401.590s][info][gc,marking  ] GC(746) Concurrent Preclean 0.039ms
[401.590s][info][gc,start    ] GC(746) Pause Remark
[401.607s][info][gc          ] GC(746) Pause Remark 91M->91M(256M) 16.493ms
[401.607s][info][gc,cpu      ] GC(746) User=0.03s Sys=0.00s Real=0.02s
[401.607s][info][gc,marking  ] GC(746) Concurrent Mark 100.931ms
[401.607s][info][gc,marking  ] GC(746) Concurrent Rebuild Remembered Sets and Scrub Regions
[401.645s][info][gc,marking  ] GC(746) Concurrent Rebuild Remembered Sets and Scrub Regions 38.027ms
[401.645s][info][gc,start    ] GC(746) Pause Cleanup
[401.645s][info][gc          ] GC(746) Pause Cleanup 96M->96M(256M) 0.052ms
[401.645s][info][gc,cpu      ] GC(746) User=0.00s Sys=0.00s Real=0.00s
[401.645s][info][gc,marking  ] GC(746) Concurrent Clear Claimed Marks
[401.645s][info][gc,marking  ] GC(746) Concurrent Clear Claimed Marks 0.039ms
[401.645s][info][gc,marking  ] GC(746) Concurrent Cleanup for Next Mark
[401.646s][info][gc,marking  ] GC(746) Concurrent Cleanup for Next Mark 0.802ms
[401.646s][info][gc          ] GC(746) Concurrent Mark Cycle 148.649ms
[402.136s][info][gc,start    ] GC(747) Pause Young (Prepare Mixed) (G1 Evacuation Pause)
[402.136s][info][gc,task     ] GC(747) Using 2 workers of 2 for evacuation
[402.142s][info][gc,phases   ] GC(747)   Pre Evacuate Collection Set: 0.17ms
[402.142s][info][gc,phases   ] GC(747)   Merge Heap Roots: 0.07ms
[402.142s][info][gc,phases   ] GC(747)   Evacuate Collection Set: 4.80ms
[402.142s][info][gc,phases   ] GC(747)   Post Evacuate Collection Set: 0.40ms
[402.142s][info][gc,phases   ] GC(747)   Other: 0.08ms
[402.142s][info][gc,heap     ] GC(747) Eden regions: 129->0(132)
[402.142s][info][gc,heap     ] GC(747) Survivor regions: 2->5(17)
[402.142s][info][gc,heap     ] GC(747) Old regions: 68->68
[402.142s][info][gc,heap     ] GC(747) Humongous regions: 11->3
[402.142s][info][gc,metaspace] GC(747) Metaspace: 42931K(43392K)->42931K(43392K) NonClass: 38589K(38848K)->38589K(38848K) Class: 4342K(4544K)->4342K(4544K)
[402.142s][info][gc          ] GC(747) Pause Young (Prepare Mixed) (G1 Evacuation Pause) 209M->75M(256M) 5.720ms
[402.142s][info][gc,cpu      ] GC(747) User=0.01s Sys=0.00s Real=0.00s
[402.634s][info][gc,start    ] GC(748) Pause Young (Mixed) (G1 Evacuation Pause)
[402.634s][info][gc,task     ] GC(748) Using 2 workers of 2 for evacuation
[402.664s][info][gc,phases   ] GC(748)   Pre Evacuate Collection Set: 0.18ms
[402.664s][info][gc,phases   ] GC(748)   Merge Heap Roots: 0.16ms
[402.664s][info][gc,phases   ] GC(748)   Evacuate Collection Set: 28.47ms
[402.664s][info][gc,phases   ] GC(748)   Post Evacuate Collection Set: 0.54ms
[402.664s][info][gc,phases   ] GC(748)   Other: 0.08ms
[402.664s][info][gc,heap     ] GC(748) Eden regions: 132->0(118)
[402.664s][info][gc,heap     ] GC(748) Survivor regions: 5->18(18)
[402.664s][info][gc,heap     ] GC(748) Old regions: 68->67
[402.664s][info][gc,heap     ] GC(748) Humongous regions: 9->3
[402.664s][info][gc,metaspace] GC(748) Metaspace: 42931K(43392K)->42931K(43392K) NonClass: 38589K(38848K)->38589K(38848K) Class: 4342K(4544K)->4342K(4544K)
[402.664s][info][gc          ] GC(748) Pause Young (Mixed) (G1 Evacuation Pause) 213M->87M(256M) 29.672ms
[402.664s][info][gc,cpu      ] GC(748) User=0.06s Sys=0.00s Real=0.03s
[403.248s][info][gc,start    ] GC(749) Pause Young (Concurrent Start) (G1 Evacuation Pause)
[403.248s][info][gc,task     ] GC(749) Using 2 workers of 2 for evacuation
[403.274s][info][gc,phases   ] GC(749)   Pre Evacuate Collection Set: 0.19ms
[403.274s][info][gc,phases   ] GC(749)   Merge Heap Roots: 0.12ms
[403.274s][info][gc,phases   ] GC(749)   Evacuate Collection Set: 24.43ms
[403.274s][info][gc,phases   ] GC(749)   Post Evacuate Collection Set: 0.70ms
[403.274s][info][gc,phases   ] GC(749)   Other: 0.10ms
[403.274s][info][gc,heap     ] GC(749) Eden regions: 118->0(137)
[403.274s][info][gc,heap     ] GC(749) Survivor regions: 18->11(17)
[403.274s][info][gc,heap     ] GC(749) Old regions: 67->79
[403.274s][info][gc,heap     ] GC(749) Humongous regions: 3->3
[403.274s][info][gc,metaspace] GC(749) Metaspace: 42931K(43392K)->42931K(43392K) NonClass: 38589K(38848K)->38589K(38848K) Class: 4342K(4544K)->4342K(4544K)
[403.274s][info][gc          ] GC(749) Pause Young (Concurrent Start) (G1 Evacuation Pause) 205M->92M(285M) 25.748ms
[403.274s][info][gc,cpu      ] GC(749) User=0.05s Sys=0.00s Real=0.02s
[403.274s][info][gc          ] GC(750) Concurrent Mark Cycle
[403.274s][info][gc,marking  ] GC(750) Concurrent Scan Root Regions
[403.297s][info][gc,marking  ] GC(750) Concurrent Scan Root Regions 22.436ms
[403.297s][info][gc,marking  ] GC(750) Concurrent Mark
[403.297s][info][gc,marking  ] GC(750) Concurrent Mark From Roots
[403.297s][info][gc,task     ] GC(750) Using 1 workers of 1 for marking
[403.366s][info][gc,marking  ] GC(750) Concurrent Mark From Roots 69.637ms
[403.366s][info][gc,marking  ] GC(750) Concurrent Preclean
[403.366s][info][gc,marking  ] GC(750) Concurrent Preclean 0.042ms
[403.367s][info][gc,start    ] GC(750) Pause Remark
[403.383s][info][gc          ] GC(750) Pause Remark 111M->109M(285M) 16.060ms
[403.383s][info][gc,cpu      ] GC(750) User=0.03s Sys=0.00s Real=0.01s
[403.385s][info][gc,marking  ] GC(750) Concurrent Mark 88.201ms
[403.385s][info][gc,marking  ] GC(750) Concurrent Rebuild Remembered Sets and Scrub Regions
[403.438s][info][gc,marking  ] GC(750) Concurrent Rebuild Remembered Sets and Scrub Regions 53.240ms
[403.438s][info][gc,start    ] GC(750) Pause Cleanup
[403.438s][info][gc          ] GC(750) Pause Cleanup 119M->119M(285M) 0.053ms
[403.438s][info][gc,cpu      ] GC(750) User=0.00s Sys=0.00s Real=0.00s
[403.438s][info][gc,marking  ] GC(750) Concurrent Clear Claimed Marks
[403.438s][info][gc,marking  ] GC(750) Concurrent Clear Claimed Marks 0.039ms
[403.438s][info][gc,marking  ] GC(750) Concurrent Cleanup for Next Mark
[403.440s][info][gc,marking  ] GC(750) Concurrent Cleanup for Next Mark 1.215ms
[403.440s][info][gc          ] GC(750) Concurrent Mark Cycle 165.517ms
[403.942s][info][gc,start    ] GC(751) Pause Young (Prepare Mixed) (G1 Evacuation Pause)
[403.942s][info][gc,task     ] GC(751) Using 2 workers of 2 for evacuation
[403.994s][info][gc,phases   ] GC(751)   Pre Evacuate Collection Set: 0.25ms
[403.994s][info][gc,phases   ] GC(751)   Merge Heap Roots: 0.39ms
[403.994s][info][gc,phases   ] GC(751)   Evacuate Collection Set: 51.18ms
[403.994s][info][gc,phases   ] GC(751)   Post Evacuate Collection Set: 0.50ms
[403.994s][info][gc,phases   ] GC(751)   Other: 0.09ms
[403.994s][info][gc,heap     ] GC(751) Eden regions: 137->0(106)
[403.994s][info][gc,heap     ] GC(751) Survivor regions: 11->19(19)
[403.994s][info][gc,heap     ] GC(751) Old regions: 77->103
[403.994s][info][gc,heap     ] GC(751) Humongous regions: 5->3
[403.994s][info][gc,metaspace] GC(751) Metaspace: 42931K(43392K)->42931K(43392K) NonClass: 38589K(38848K)->38589K(38848K) Class: 4342K(4544K)->4342K(4544K)
[403.994s][info][gc          ] GC(751) Pause Young (Prepare Mixed) (G1 Evacuation Pause) 229M->125M(285M) 52.626ms
[403.994s][info][gc,cpu      ] GC(751) User=0.10s Sys=0.00s Real=0.05s
[404.439s][info][gc,start    ] GC(752) Pause Young (Mixed) (G1 Evacuation Pause)
[404.439s][info][gc,task     ] GC(752) Using 2 workers of 2 for evacuation
[404.476s][info][gc,phases   ] GC(752)   Pre Evacuate Collection Set: 0.19ms
[404.476s][info][gc,phases   ] GC(752)   Merge Heap Roots: 0.20ms
[404.476s][info][gc,phases   ] GC(752)   Evacuate Collection Set: 35.67ms
[404.476s][info][gc,phases   ] GC(752)   Post Evacuate Collection Set: 0.46ms
[404.476s][info][gc,phases   ] GC(752)   Other: 0.08ms
[404.476s][info][gc,heap     ] GC(752) Eden regions: 106->0(113)
[404.476s][info][gc,heap     ] GC(752) Survivor regions: 19->12(16)
[404.476s][info][gc,heap     ] GC(752) Old regions: 103->105
[404.476s][info][gc,heap     ] GC(752) Humongous regions: 5->3
[404.476s][info][gc,metaspace] GC(752) Metaspace: 42931K(43392K)->42931K(43392K) NonClass: 38589K(38848K)->38589K(38848K) Class: 4342K(4544K)->4342K(4544K)
[404.476s][info][gc          ] GC(752) Pause Young (Mixed) (G1 Evacuation Pause) 233M->120M(285M) 36.801ms
[404.476s][info][gc,cpu      ] GC(752) User=0.07s Sys=0.00s Real=0.04s
[404.487s][info][gc,start    ] GC(753) Pause Young (Concurrent Start) (G1 Humongous Allocation)
[404.487s][info][gc,task     ] GC(753) Using 2 workers of 2 for evacuation
[404.491s][info][gc,phases   ] GC(753)   Pre Evacuate Collection Set: 0.17ms
[404.491s][info][gc,phases   ] GC(753)   Merge Heap Roots: 0.05ms
[404.491s][info][gc,phases   ] GC(753)   Evacuate Collection Set: 2.85ms
[404.491s][info][gc,phases   ] GC(753)   Post Evacuate Collection Set: 0.29ms
[404.491s][info][gc,phases   ] GC(753)   Other: 0.08ms
[404.491s][info][gc,heap     ] GC(753) Eden regions: 3->0(127)
[404.491s][info][gc,heap     ] GC(753) Survivor regions: 12->1(16)
[404.491s][info][gc,heap     ] GC(753) Old regions: 105->107
[404.491s][info][gc,heap     ] GC(753) Humongous regions: 3->1
[404.491s][info][gc,metaspace] GC(753) Metaspace: 42931K(43392K)->42931K(43392K) NonClass: 38589K(38848K)->38589K(38848K) Class: 4342K(4544K)->4342K(4544K)
[404.491s][info][gc          ] GC(753) Pause Young (Concurrent Start) (G1 Humongous Allocation) 123M->109M(285M) 3.604ms
[404.491s][info][gc,cpu      ] GC(753) User=0.00s Sys=0.00s Real=0.00s
[404.491s][info][gc          ] GC(754) Concurrent Mark Cycle
[404.491s][info][gc,marking  ] GC(754) Concurrent Scan Root Regions
[404.500s][info][gc,marking  ] GC(754) Concurrent Scan Root Regions 8.952ms
[404.500s][info][gc,marking  ] GC(754) Concurrent Mark
[404.500s][info][gc,marking  ] GC(754) Concurrent Mark From Roots
[404.500s][info][gc,task     ] GC(754) Using 1 workers of 1 for marking
[404.566s][info][gc,marking  ] GC(754) Concurrent Mark From Roots 65.823ms
[404.566s][info][gc,marking  ] GC(754) Concurrent Preclean
[404.566s][info][gc,marking  ] GC(754) Concurrent Preclean 0.036ms
[404.566s][info][gc,start    ] GC(754) Pause Remark
[404.582s][info][gc          ] GC(754) Pause Remark 124M->107M(285M) 16.053ms
[404.582s][info][gc,cpu      ] GC(754) User=0.03s Sys=0.00s Real=0.01s
[404.582s][info][gc,marking  ] GC(754) Concurrent Mark 82.218ms
[404.582s][info][gc,marking  ] GC(754) Concurrent Rebuild Remembered Sets and Scrub Regions
[404.609s][info][gc,marking  ] GC(754) Concurrent Rebuild Remembered Sets and Scrub Regions 26.905ms
[404.609s][info][gc,start    ] GC(754) Pause Cleanup
[404.609s][info][gc          ] GC(754) Pause Cleanup 111M->111M(285M) 0.065ms
[404.609s][info][gc,cpu      ] GC(754) User=0.00s Sys=0.00s Real=0.00s
[404.609s][info][gc,marking  ] GC(754) Concurrent Clear Claimed Marks
[404.609s][info][gc,marking  ] GC(754) Concurrent Clear Claimed Marks 0.038ms
[404.609s][info][gc,marking  ] GC(754) Concurrent Cleanup for Next Mark
[404.610s][info][gc,marking  ] GC(754) Concurrent Cleanup for Next Mark 0.863ms
[404.610s][info][gc          ] GC(754) Concurrent Mark Cycle 119.407ms
[405.062s][info][gc,start    ] GC(755) Pause Young (Prepare Mixed) (G1 Evacuation Pause)
[405.062s][info][gc,task     ] GC(755) Using 2 workers of 2 for evacuation
[405.075s][info][gc,phases   ] GC(755)   Pre Evacuate Collection Set: 0.18ms
[405.075s][info][gc,phases   ] GC(755)   Merge Heap Roots: 0.06ms
[405.075s][info][gc,phases   ] GC(755)   Evacuate Collection Set: 12.10ms
[405.075s][info][gc,phases   ] GC(755)   Post Evacuate Collection Set: 0.76ms
[405.075s][info][gc,phases   ] GC(755)   Other: 0.08ms
[405.075s][info][gc,heap     ] GC(755) Eden regions: 127->0(142)
[405.075s][info][gc,heap     ] GC(755) Survivor regions: 1->4(16)
[405.075s][info][gc,heap     ] GC(755) Old regions: 90->90
[405.075s][info][gc,heap     ] GC(755) Humongous regions: 11->3
[405.075s][info][gc,metaspace] GC(755) Metaspace: 42932K(43392K)->42932K(43392K) NonClass: 38590K(38848K)->38590K(38848K) Class: 4342K(4544K)->4342K(4544K)
[405.075s][info][gc          ] GC(755) Pause Young (Prepare Mixed) (G1 Evacuation Pause) 229M->97M(285M) 13.486ms
[405.075s][info][gc,cpu      ] GC(755) User=0.01s Sys=0.00s Real=0.02s
[405.687s][info][gc,start    ] GC(756) Pause Young (Mixed) (G1 Evacuation Pause)
[405.687s][info][gc,task     ] GC(756) Using 2 workers of 2 for evacuation
[405.691s][info][gc,phases   ] GC(756)   Pre Evacuate Collection Set: 0.26ms
[405.691s][info][gc,phases   ] GC(756)   Merge Heap Roots: 0.11ms
[405.691s][info][gc,phases   ] GC(756)   Evacuate Collection Set: 3.39ms
[405.691s][info][gc,phases   ] GC(756)   Post Evacuate Collection Set: 0.45ms
[405.691s][info][gc,phases   ] GC(756)   Other: 0.09ms
[405.691s][info][gc,heap     ] GC(756) Eden regions: 142->0(169)
[405.691s][info][gc,heap     ] GC(756) Survivor regions: 4->2(19)
[405.691s][info][gc,heap     ] GC(756) Old regions: 90->62
[405.691s][info][gc,heap     ] GC(756) Humongous regions: 5->1
[405.691s][info][gc,metaspace] GC(756) Metaspace: 42932K(43392K)->42932K(43392K) NonClass: 38590K(38848K)->38590K(38848K) Class: 4342K(4544K)->4342K(4544K)
[405.691s][info][gc          ] GC(756) Pause Young (Mixed) (G1 Evacuation Pause) 241M->64M(285M) 4.478ms
[405.691s][info][gc,cpu      ] GC(756) User=0.01s Sys=0.00s Real=0.00s
[406.347s][info][gc,start    ] GC(757) Pause Young (Mixed) (G1 Evacuation Pause)
[406.347s][info][gc,task     ] GC(757) Using 2 workers of 2 for evacuation
[406.353s][info][gc,phases   ] GC(757)   Pre Evacuate Collection Set: 0.17ms
[406.353s][info][gc,phases   ] GC(757)   Merge Heap Roots: 0.13ms
[406.353s][info][gc,phases   ] GC(757)   Evacuate Collection Set: 5.33ms
[406.353s][info][gc,phases   ] GC(757)   Post Evacuate Collection Set: 0.43ms
[406.353s][info][gc,phases   ] GC(757)   Other: 0.11ms
[406.353s][info][gc,heap     ] GC(757) Eden regions: 169->0(167)
[406.353s][info][gc,heap     ] GC(757) Survivor regions: 2->4(22)
[406.353s][info][gc,heap     ] GC(757) Old regions: 62->53
[406.353s][info][gc,heap     ] GC(757) Humongous regions: 11->3
[406.353s][info][gc,metaspace] GC(757) Metaspace: 42932K(43392K)->42932K(43392K) NonClass: 38590K(38848K)->38590K(38848K) Class: 4342K(4544K)->4342K(4544K)
[406.353s][info][gc          ] GC(757) Pause Young (Mixed) (G1 Evacuation Pause) 243M->59M(285M) 6.370ms
[406.353s][info][gc,cpu      ] GC(757) User=0.01s Sys=0.00s Real=0.00s
[406.756s][info][gc,start    ] GC(758) Pause Young (Concurrent Start) (G1 Humongous Allocation)
[406.756s][info][gc,task     ] GC(758) Using 2 workers of 2 for evacuation
[406.760s][info][gc,phases   ] GC(758)   Pre Evacuate Collection Set: 0.22ms
[406.760s][info][gc,phases   ] GC(758)   Merge Heap Roots: 0.06ms
[406.760s][info][gc,phases   ] GC(758)   Evacuate Collection Set: 3.30ms
[406.760s][info][gc,phases   ] GC(758)   Post Evacuate Collection Set: 0.36ms
[406.760s][info][gc,phases   ] GC(758)   Other: 0.11ms
[406.760s][info][gc,heap     ] GC(758) Eden regions: 103->0(167)
[406.760s][info][gc,heap     ] GC(758) Survivor regions: 4->4(22)
[406.760s][info][gc,heap     ] GC(758) Old regions: 53->53
[406.760s][info][gc,heap     ] GC(758) Humongous regions: 3->1
[406.760s][info][gc,metaspace] GC(758) Metaspace: 42932K(43392K)->42932K(43392K) NonClass: 38590K(38848K)->38590K(38848K) Class: 4342K(4544K)->4342K(4544K)
[406.760s][info][gc          ] GC(758) Pause Young (Concurrent Start) (G1 Humongous Allocation) 161M->57M(285M) 4.264ms
[406.760s][info][gc,cpu      ] GC(758) User=0.01s Sys=0.00s Real=0.00s
[406.760s][info][gc          ] GC(759) Concurrent Mark Cycle
[406.760s][info][gc,marking  ] GC(759) Concurrent Scan Root Regions
[406.768s][info][gc,marking  ] GC(759) Concurrent Scan Root Regions 7.805ms
[406.768s][info][gc,marking  ] GC(759) Concurrent Mark
[406.768s][info][gc,marking  ] GC(759) Concurrent Mark From Roots
[406.768s][info][gc,task     ] GC(759) Using 1 workers of 1 for marking
[406.831s][info][gc,marking  ] GC(759) Concurrent Mark From Roots 63.091ms
[406.831s][info][gc,marking  ] GC(759) Concurrent Preclean
[406.831s][info][gc,marking  ] GC(759) Concurrent Preclean 0.035ms
[406.831s][info][gc,start    ] GC(759) Pause Remark
[406.848s][info][gc          ] GC(759) Pause Remark 76M->73M(256M) 16.573ms
[406.848s][info][gc,cpu      ] GC(759) User=0.03s Sys=0.00s Real=0.02s
[406.848s][info][gc,marking  ] GC(759) Concurrent Mark 80.188ms
[406.848s][info][gc,marking  ] GC(759) Concurrent Rebuild Remembered Sets and Scrub Regions
[406.870s][info][gc,marking  ] GC(759) Concurrent Rebuild Remembered Sets and Scrub Regions 22.297ms
[406.871s][info][gc,start    ] GC(759) Pause Cleanup
[406.871s][info][gc          ] GC(759) Pause Cleanup 80M->80M(256M) 0.043ms
[406.871s][info][gc,cpu      ] GC(759) User=0.00s Sys=0.00s Real=0.00s
[406.871s][info][gc,marking  ] GC(759) Concurrent Clear Claimed Marks
[406.871s][info][gc,marking  ] GC(759) Concurrent Clear Claimed Marks 0.038ms
[406.871s][info][gc,marking  ] GC(759) Concurrent Cleanup for Next Mark
[406.871s][info][gc,marking  ] GC(759) Concurrent Cleanup for Next Mark 0.798ms
[406.871s][info][gc          ] GC(759) Concurrent Mark Cycle 111.478ms
[407.434s][info][gc,start    ] GC(760) Pause Young (Prepare Mixed) (G1 Evacuation Pause)
[407.434s][info][gc,task     ] GC(760) Using 2 workers of 2 for evacuation
[407.441s][info][gc,phases   ] GC(760)   Pre Evacuate Collection Set: 0.18ms
[407.441s][info][gc,phases   ] GC(760)   Merge Heap Roots: 0.09ms
[407.441s][info][gc,phases   ] GC(760)   Evacuate Collection Set: 6.08ms
[407.441s][info][gc,phases   ] GC(760)   Post Evacuate Collection Set: 0.44ms
[407.441s][info][gc,phases   ] GC(760)   Other: 0.07ms
[407.441s][info][gc,heap     ] GC(760) Eden regions: 149->0(147)
[407.441s][info][gc,heap     ] GC(760) Survivor regions: 4->6(20)
[407.441s][info][gc,heap     ] GC(760) Old regions: 50->50
[407.441s][info][gc,heap     ] GC(760) Humongous regions: 9->3
[407.441s][info][gc,metaspace] GC(760) Metaspace: 42932K(43392K)->42932K(43392K) NonClass: 38590K(38848K)->38590K(38848K) Class: 4342K(4544K)->4342K(4544K)
[407.441s][info][gc          ] GC(760) Pause Young (Prepare Mixed) (G1 Evacuation Pause) 211M->58M(256M) 7.033ms
[407.441s][info][gc,cpu      ] GC(760) User=0.01s Sys=0.00s Real=0.01s
[407.875s][info][gc,start    ] GC(761) Pause Young (Mixed) (G1 Evacuation Pause)
[407.875s][info][gc,task     ] GC(761) Using 2 workers of 2 for evacuation
[407.916s][info][gc,phases   ] GC(761)   Pre Evacuate Collection Set: 0.18ms
[407.916s][info][gc,phases   ] GC(761)   Merge Heap Roots: 0.08ms
[407.916s][info][gc,phases   ] GC(761)   Evacuate Collection Set: 39.90ms
[407.916s][info][gc,phases   ] GC(761)   Post Evacuate Collection Set: 0.53ms
[407.916s][info][gc,phases   ] GC(761)   Other: 0.09ms
[407.916s][info][gc,heap     ] GC(761) Eden regions: 147->0(126)
[407.916s][info][gc,heap     ] GC(761) Survivor regions: 6->20(20)
[407.916s][info][gc,heap     ] GC(761) Old regions: 50->65
[407.916s][info][gc,heap     ] GC(761) Humongous regions: 3->3
[407.916s][info][gc,metaspace] GC(761) Metaspace: 42932K(43392K)->42932K(43392K) NonClass: 38590K(38848K)->38590K(38848K) Class: 4342K(4544K)->4342K(4544K)
[407.916s][info][gc          ] GC(761) Pause Young (Mixed) (G1 Evacuation Pause) 205M->88M(256M) 41.004ms
[407.916s][info][gc,cpu      ] GC(761) User=0.08s Sys=0.00s Real=0.05s
[408.586s][info][gc,start    ] GC(762) Pause Young (Concurrent Start) (G1 Evacuation Pause)
[408.586s][info][gc,task     ] GC(762) Using 2 workers of 2 for evacuation
[408.635s][info][gc,phases   ] GC(762)   Pre Evacuate Collection Set: 0.21ms
[408.635s][info][gc,phases   ] GC(762)   Merge Heap Roots: 0.37ms
[408.635s][info][gc,phases   ] GC(762)   Evacuate Collection Set: 47.43ms
[408.635s][info][gc,phases   ] GC(762)   Post Evacuate Collection Set: 0.47ms
[408.635s][info][gc,phases   ] GC(762)   Other: 0.11ms
[408.635s][info][gc,heap     ] GC(762) Eden regions: 126->0(109)
[408.635s][info][gc,heap     ] GC(762) Survivor regions: 20->19(19)
[408.635s][info][gc,heap     ] GC(762) Old regions: 65->82
[408.635s][info][gc,heap     ] GC(762) Humongous regions: 3->3
[408.635s][info][gc,metaspace] GC(762) Metaspace: 42932K(43392K)->42932K(43392K) NonClass: 38590K(38848K)->38590K(38848K) Class: 4342K(4544K)->4342K(4544K)
[408.635s][info][gc          ] GC(762) Pause Young (Concurrent Start) (G1 Evacuation Pause) 214M->104M(256M) 48.825ms
[408.635s][info][gc,cpu      ] GC(762) User=0.09s Sys=0.00s Real=0.04s
[408.635s][info][gc          ] GC(763) Concurrent Mark Cycle
[408.635s][info][gc,marking  ] GC(763) Concurrent Scan Root Regions
[408.679s][info][gc,marking  ] GC(763) Concurrent Scan Root Regions 43.981ms
[408.679s][info][gc,marking  ] GC(763) Concurrent Mark
[408.679s][info][gc,marking  ] GC(763) Concurrent Mark From Roots
[408.679s][info][gc,task     ] GC(763) Using 1 workers of 1 for marking
[408.837s][info][gc,marking  ] GC(763) Concurrent Mark From Roots 158.503ms
[408.837s][info][gc,marking  ] GC(763) Concurrent Preclean
[408.838s][info][gc,marking  ] GC(763) Concurrent Preclean 0.039ms
[408.839s][info][gc,start    ] GC(763) Pause Remark
[408.854s][info][gc          ] GC(763) Pause Remark 133M->133M(256M) 15.685ms
[408.854s][info][gc,cpu      ] GC(763) User=0.03s Sys=0.00s Real=0.01s
[408.855s][info][gc,marking  ] GC(763) Concurrent Mark 175.615ms
[408.855s][info][gc,marking  ] GC(763) Concurrent Rebuild Remembered Sets and Scrub Regions
[408.927s][info][gc,marking  ] GC(763) Concurrent Rebuild Remembered Sets and Scrub Regions 72.693ms
[408.927s][info][gc,start    ] GC(763) Pause Cleanup
[408.927s][info][gc          ] GC(763) Pause Cleanup 146M->146M(256M) 0.049ms
[408.927s][info][gc,cpu      ] GC(763) User=0.00s Sys=0.00s Real=0.00s
[408.929s][info][gc,marking  ] GC(763) Concurrent Clear Claimed Marks
[408.929s][info][gc,marking  ] GC(763) Concurrent Clear Claimed Marks 0.042ms
[408.929s][info][gc,marking  ] GC(763) Concurrent Cleanup for Next Mark
[408.931s][info][gc,marking  ] GC(763) Concurrent Cleanup for Next Mark 2.378ms
[408.931s][info][gc          ] GC(763) Concurrent Mark Cycle 296.544ms
[409.299s][info][gc,start    ] GC(764) Pause Young (Prepare Mixed) (G1 Evacuation Pause)
[409.299s][info][gc,task     ] GC(764) Using 2 workers of 2 for evacuation
[409.361s][info][gc,phases   ] GC(764)   Pre Evacuate Collection Set: 0.19ms
[409.361s][info][gc,phases   ] GC(764)   Merge Heap Roots: 0.32ms
[409.361s][info][gc,phases   ] GC(764)   Evacuate Collection Set: 60.79ms
[409.361s][info][gc,phases   ] GC(764)   Post Evacuate Collection Set: 0.45ms
[409.361s][info][gc,phases   ] GC(764)   Other: 0.09ms
[409.361s][info][gc,heap     ] GC(764) Eden regions: 109->0(84)
[409.361s][info][gc,heap     ] GC(764) Survivor regions: 19->16(16)
[409.361s][info][gc,heap     ] GC(764) Old regions: 82->115
[409.361s][info][gc,heap     ] GC(764) Humongous regions: 3->3
[409.361s][info][gc,metaspace] GC(764) Metaspace: 42932K(43392K)->42932K(43392K) NonClass: 38590K(38848K)->38590K(38848K) Class: 4342K(4544K)->4342K(4544K)
[409.361s][info][gc          ] GC(764) Pause Young (Prepare Mixed) (G1 Evacuation Pause) 213M->134M(262M) 62.119ms
[409.361s][info][gc,cpu      ] GC(764) User=0.12s Sys=0.00s Real=0.06s
[409.774s][info][gc,start    ] GC(765) Pause Young (Mixed) (G1 Evacuation Pause)
[409.774s][info][gc,task     ] GC(765) Using 2 workers of 2 for evacuation
[409.824s][info][gc,phases   ] GC(765)   Pre Evacuate Collection Set: 0.17ms
[409.824s][info][gc,phases   ] GC(765)   Merge Heap Roots: 0.23ms
[409.824s][info][gc,phases   ] GC(765)   Evacuate Collection Set: 48.35ms
[409.824s][info][gc,phases   ] GC(765)   Post Evacuate Collection Set: 0.83ms
[409.824s][info][gc,phases   ] GC(765)   Other: 0.09ms
[409.824s][info][gc,heap     ] GC(765) Eden regions: 84->0(86)
[409.824s][info][gc,heap     ] GC(765) Survivor regions: 16->13(13)
[409.824s][info][gc,heap     ] GC(765) Old regions: 115->138
[409.824s][info][gc,heap     ] GC(765) Humongous regions: 5->3
[409.824s][info][gc,metaspace] GC(765) Metaspace: 42932K(43392K)->42932K(43392K) NonClass: 38590K(38848K)->38590K(38848K) Class: 4342K(4544K)->4342K(4544K)
[409.824s][info][gc          ] GC(765) Pause Young (Mixed) (G1 Evacuation Pause) 220M->153M(291M) 49.868ms
[409.824s][info][gc,cpu      ] GC(765) User=0.10s Sys=0.00s Real=0.05s
[410.206s][info][gc,start    ] GC(766) Pause Young (Concurrent Start) (G1 Humongous Allocation)
[410.206s][info][gc,task     ] GC(766) Using 2 workers of 2 for evacuation
[410.242s][info][gc,phases   ] GC(766)   Pre Evacuate Collection Set: 0.20ms
[410.242s][info][gc,phases   ] GC(766)   Merge Heap Roots: 0.15ms
[410.242s][info][gc,phases   ] GC(766)   Evacuate Collection Set: 35.06ms
[410.242s][info][gc,phases   ] GC(766)   Post Evacuate Collection Set: 0.39ms
[410.242s][info][gc,phases   ] GC(766)   Other: 0.12ms
[410.242s][info][gc,heap     ] GC(766) Eden regions: 73->0(87)
[410.242s][info][gc,heap     ] GC(766) Survivor regions: 13->9(13)
[410.242s][info][gc,heap     ] GC(766) Old regions: 138->148
[410.242s][info][gc,heap     ] GC(766) Humongous regions: 3->1
[410.242s][info][gc,metaspace] GC(766) Metaspace: 42932K(43392K)->42932K(43392K) NonClass: 38590K(38848K)->38590K(38848K) Class: 4342K(4544K)->4342K(4544K)
[410.242s][info][gc          ] GC(766) Pause Young (Concurrent Start) (G1 Humongous Allocation) 226M->157M(291M) 36.104ms
[410.242s][info][gc          ] GC(767) Concurrent Mark Cycle
[410.242s][info][gc,marking  ] GC(767) Concurrent Scan Root Regions
[410.242s][info][gc,cpu      ] GC(766) User=0.04s Sys=0.01s Real=0.03s
[410.277s][info][gc,marking  ] GC(767) Concurrent Scan Root Regions 35.552ms
[410.278s][info][gc,marking  ] GC(767) Concurrent Mark
[410.278s][info][gc,marking  ] GC(767) Concurrent Mark From Roots
[410.278s][info][gc,task     ] GC(767) Using 1 workers of 1 for marking
[410.393s][info][gc,marking  ] GC(767) Concurrent Mark From Roots 115.315ms
[410.393s][info][gc,marking  ] GC(767) Concurrent Preclean
[410.393s][info][gc,marking  ] GC(767) Concurrent Preclean 0.082ms
[410.393s][info][gc,start    ] GC(767) Pause Remark
[410.409s][info][gc          ] GC(767) Pause Remark 186M->186M(291M) 16.182ms
[410.409s][info][gc,cpu      ] GC(767) User=0.03s Sys=0.01s Real=0.02s
[410.410s][info][gc,marking  ] GC(767) Concurrent Mark 132.737ms
[410.410s][info][gc,marking  ] GC(767) Concurrent Rebuild Remembered Sets and Scrub Regions
[410.481s][info][gc,marking  ] GC(767) Concurrent Rebuild Remembered Sets and Scrub Regions 71.130ms
[410.482s][info][gc,start    ] GC(767) Pause Cleanup
[410.482s][info][gc          ] GC(767) Pause Cleanup 211M->211M(291M) 0.085ms
[410.482s][info][gc,cpu      ] GC(767) User=0.00s Sys=0.00s Real=0.00s
[410.482s][info][gc,marking  ] GC(767) Concurrent Clear Claimed Marks
[410.482s][info][gc,marking  ] GC(767) Concurrent Clear Claimed Marks 0.056ms
[410.482s][info][gc,marking  ] GC(767) Concurrent Cleanup for Next Mark
[410.484s][info][gc,marking  ] GC(767) Concurrent Cleanup for Next Mark 1.282ms
[410.484s][info][gc          ] GC(767) Concurrent Mark Cycle 241.697ms
[410.646s][info][gc,start    ] GC(768) Pause Young (Prepare Mixed) (G1 Evacuation Pause)
[410.646s][info][gc,task     ] GC(768) Using 2 workers of 2 for evacuation
[410.664s][info][gc,phases   ] GC(768)   Pre Evacuate Collection Set: 0.17ms
[410.664s][info][gc,phases   ] GC(768)   Merge Heap Roots: 0.08ms
[410.664s][info][gc,phases   ] GC(768)   Evacuate Collection Set: 18.01ms
[410.664s][info][gc,phases   ] GC(768)   Post Evacuate Collection Set: 0.41ms
[410.664s][info][gc,phases   ] GC(768)   Other: 0.07ms
[410.664s][info][gc,heap     ] GC(768) Eden regions: 87->0(81)
[410.664s][info][gc,heap     ] GC(768) Survivor regions: 9->11(12)
[410.664s][info][gc,heap     ] GC(768) Old regions: 148->156
[410.664s][info][gc,heap     ] GC(768) Humongous regions: 5->3
[410.664s][info][gc,metaspace] GC(768) Metaspace: 42932K(43392K)->42932K(43392K) NonClass: 38590K(38848K)->38590K(38848K) Class: 4342K(4544K)->4342K(4544K)
[410.664s][info][gc          ] GC(768) Pause Young (Prepare Mixed) (G1 Evacuation Pause) 248M->169M(291M) 18.930ms
[410.664s][info][gc,cpu      ] GC(768) User=0.04s Sys=0.00s Real=0.01s
[411.070s][info][gc,start    ] GC(769) Pause Young (Mixed) (G1 Evacuation Pause)
[411.070s][info][gc,task     ] GC(769) Using 2 workers of 2 for evacuation
[411.079s][info][gc,phases   ] GC(769)   Pre Evacuate Collection Set: 0.20ms
[411.079s][info][gc,phases   ] GC(769)   Merge Heap Roots: 0.14ms
[411.079s][info][gc,phases   ] GC(769)   Evacuate Collection Set: 7.69ms
[411.079s][info][gc,phases   ] GC(769)   Post Evacuate Collection Set: 0.43ms
[411.079s][info][gc,phases   ] GC(769)   Other: 0.08ms
[411.079s][info][gc,heap     ] GC(769) Eden regions: 81->0(113)
[411.079s][info][gc,heap     ] GC(769) Survivor regions: 11->3(12)
[411.079s][info][gc,heap     ] GC(769) Old regions: 156->130
[411.079s][info][gc,heap     ] GC(769) Humongous regions: 9->1
[411.079s][info][gc,metaspace] GC(769) Metaspace: 42932K(43392K)->42932K(43392K) NonClass: 38590K(38848K)->38590K(38848K) Class: 4342K(4544K)->4342K(4544K)
[411.079s][info][gc          ] GC(769) Pause Young (Mixed) (G1 Evacuation Pause) 256M->133M(291M) 8.721ms
[411.079s][info][gc,cpu      ] GC(769) User=0.02s Sys=0.00s Real=0.01s
[411.397s][info][gc,start    ] GC(770) Pause Young (Mixed) (G1 Evacuation Pause)
[411.397s][info][gc,task     ] GC(770) Using 2 workers of 2 for evacuation
[411.440s][info][gc,phases   ] GC(770)   Pre Evacuate Collection Set: 0.19ms
[411.440s][info][gc,phases   ] GC(770)   Merge Heap Roots: 0.26ms
[411.440s][info][gc,phases   ] GC(770)   Evacuate Collection Set: 41.61ms
[411.440s][info][gc,phases   ] GC(770)   Post Evacuate Collection Set: 0.51ms
[411.440s][info][gc,phases   ] GC(770)   Other: 0.14ms
[411.440s][info][gc,heap     ] GC(770) Eden regions: 113->0(87)
[411.440s][info][gc,heap     ] GC(770) Survivor regions: 3->15(15)
[411.440s][info][gc,heap     ] GC(770) Old regions: 130->133
[411.440s][info][gc,heap     ] GC(770) Humongous regions: 4->4
[411.440s][info][gc,metaspace] GC(770) Metaspace: 42940K(43392K)->42940K(43392K) NonClass: 38598K(38848K)->38598K(38848K) Class: 4342K(4544K)->4342K(4544K)
[411.440s][info][gc          ] GC(770) Pause Young (Mixed) (G1 Evacuation Pause) 249M->152M(298M) 42.930ms
[411.440s][info][gc,cpu      ] GC(770) User=0.08s Sys=0.00s Real=0.04s
[411.752s][info][gc,start    ] GC(771) Pause Young (Mixed) (G1 Evacuation Pause)
[411.752s][info][gc,task     ] GC(771) Using 2 workers of 2 for evacuation
[411.794s][info][gc,phases   ] GC(771)   Pre Evacuate Collection Set: 0.22ms
[411.794s][info][gc,phases   ] GC(771)   Merge Heap Roots: 0.87ms
[411.794s][info][gc,phases   ] GC(771)   Evacuate Collection Set: 39.92ms
[411.794s][info][gc,phases   ] GC(771)   Post Evacuate Collection Set: 0.41ms
[411.794s][info][gc,phases   ] GC(771)   Other: 0.09ms
[411.794s][info][gc,heap     ] GC(771) Eden regions: 87->0(82)
[411.794s][info][gc,heap     ] GC(771) Survivor regions: 15->13(13)
[411.794s][info][gc,heap     ] GC(771) Old regions: 133->143
[411.794s][info][gc,heap     ] GC(771) Humongous regions: 5->4
[411.794s][info][gc,metaspace] GC(771) Metaspace: 42940K(43392K)->42940K(43392K) NonClass: 38598K(38848K)->38598K(38848K) Class: 4342K(4544K)->4342K(4544K)
[411.794s][info][gc          ] GC(771) Pause Young (Mixed) (G1 Evacuation Pause) 240M->160M(298M) 41.799ms
[411.794s][info][gc,cpu      ] GC(771) User=0.08s Sys=0.00s Real=0.04s
[412.061s][info][gc,start    ] GC(772) Pause Young (Concurrent Start) (G1 Evacuation Pause)
[412.061s][info][gc,task     ] GC(772) Using 2 workers of 2 for evacuation
[412.076s][info][gc,phases   ] GC(772)   Pre Evacuate Collection Set: 0.21ms
[412.076s][info][gc,phases   ] GC(772)   Merge Heap Roots: 0.09ms
[412.076s][info][gc,phases   ] GC(772)   Evacuate Collection Set: 13.55ms
[412.076s][info][gc,phases   ] GC(772)   Post Evacuate Collection Set: 1.20ms
[412.076s][info][gc,phases   ] GC(772)   Other: 0.10ms
[412.076s][info][gc,heap     ] GC(772) Eden regions: 82->0(174)
[412.076s][info][gc,heap     ] GC(772) Survivor regions: 13->11(12)
[412.076s][info][gc,heap     ] GC(772) Old regions: 143->149
[412.076s][info][gc,heap     ] GC(772) Humongous regions: 4->4
[412.076s][info][gc,metaspace] GC(772) Metaspace: 42940K(43392K)->42940K(43392K) NonClass: 38598K(38848K)->38598K(38848K) Class: 4342K(4544K)->4342K(4544K)
[412.076s][info][gc          ] GC(772) Pause Young (Concurrent Start) (G1 Evacuation Pause) 242M->164M(412M) 15.353ms
[412.076s][info][gc,cpu      ] GC(772) User=0.03s Sys=0.00s Real=0.02s
[412.076s][info][gc          ] GC(773) Concurrent Mark Cycle
[412.076s][info][gc,marking  ] GC(773) Concurrent Scan Root Regions
[412.085s][info][gc,marking  ] GC(773) Concurrent Scan Root Regions 8.892ms
[412.085s][info][gc,marking  ] GC(773) Concurrent Mark
[412.085s][info][gc,marking  ] GC(773) Concurrent Mark From Roots
[412.085s][info][gc,task     ] GC(773) Using 1 workers of 1 for marking
[412.181s][info][gc,marking  ] GC(773) Concurrent Mark From Roots 95.968ms
[412.181s][info][gc,marking  ] GC(773) Concurrent Preclean
[412.181s][info][gc,marking  ] GC(773) Concurrent Preclean 0.051ms
[412.182s][info][gc,start    ] GC(773) Pause Remark
[412.198s][info][gc          ] GC(773) Pause Remark 186M->178M(412M) 16.189ms
[412.198s][info][gc,cpu      ] GC(773) User=0.03s Sys=0.00s Real=0.02s
[412.198s][info][gc,marking  ] GC(773) Concurrent Mark 112.502ms
[412.198s][info][gc,marking  ] GC(773) Concurrent Rebuild Remembered Sets and Scrub Regions
[412.243s][info][gc,marking  ] GC(773) Concurrent Rebuild Remembered Sets and Scrub Regions 44.806ms
[412.243s][info][gc,start    ] GC(773) Pause Cleanup
[412.243s][info][gc          ] GC(773) Pause Cleanup 187M->187M(412M) 0.097ms
[412.243s][info][gc,cpu      ] GC(773) User=0.00s Sys=0.00s Real=0.00s
[412.243s][info][gc,marking  ] GC(773) Concurrent Clear Claimed Marks
[412.243s][info][gc,marking  ] GC(773) Concurrent Clear Claimed Marks 0.041ms
[412.243s][info][gc,marking  ] GC(773) Concurrent Cleanup for Next Mark
[412.246s][info][gc,marking  ] GC(773) Concurrent Cleanup for Next Mark 2.563ms
[412.246s][info][gc          ] GC(773) Concurrent Mark Cycle 169.217ms
[412.829s][info][gc,start    ] GC(774) Pause Young (Prepare Mixed) (G1 Evacuation Pause)
[412.829s][info][gc,task     ] GC(774) Using 2 workers of 2 for evacuation
[412.844s][info][gc,phases   ] GC(774)   Pre Evacuate Collection Set: 0.22ms
[412.844s][info][gc,phases   ] GC(774)   Merge Heap Roots: 0.08ms
[412.844s][info][gc,phases   ] GC(774)   Evacuate Collection Set: 13.57ms
[412.844s][info][gc,phases   ] GC(774)   Post Evacuate Collection Set: 0.42ms
[412.844s][info][gc,phases   ] GC(774)   Other: 0.08ms
[412.844s][info][gc,heap     ] GC(774) Eden regions: 174->0(177)
[412.844s][info][gc,heap     ] GC(774) Survivor regions: 11->21(24)
[412.844s][info][gc,heap     ] GC(774) Old regions: 141->141
[412.844s][info][gc,heap     ] GC(774) Humongous regions: 6->4
[412.844s][info][gc,metaspace] GC(774) Metaspace: 42940K(43392K)->42940K(43392K) NonClass: 38598K(38848K)->38598K(38848K) Class: 4342K(4544K)->4342K(4544K)
[412.844s][info][gc          ] GC(774) Pause Young (Prepare Mixed) (G1 Evacuation Pause) 332M->165M(412M) 14.578ms
[412.844s][info][gc,cpu      ] GC(774) User=0.03s Sys=0.00s Real=0.01s
[413.508s][info][gc,start    ] GC(775) Pause Young (Mixed) (G1 Evacuation Pause)
[413.508s][info][gc,task     ] GC(775) Using 2 workers of 2 for evacuation
[413.529s][info][gc,phases   ] GC(775)   Pre Evacuate Collection Set: 0.32ms
[413.529s][info][gc,phases   ] GC(775)   Merge Heap Roots: 0.17ms
[413.529s][info][gc,phases   ] GC(775)   Evacuate Collection Set: 19.88ms
[413.529s][info][gc,phases   ] GC(775)   Post Evacuate Collection Set: 0.52ms
[413.529s][info][gc,phases   ] GC(775)   Other: 0.07ms
[413.529s][info][gc,heap     ] GC(775) Eden regions: 177->0(214)
[413.529s][info][gc,heap     ] GC(775) Survivor regions: 21->16(25)
[413.529s][info][gc,heap     ] GC(775) Old regions: 141->108
[413.529s][info][gc,heap     ] GC(775) Humongous regions: 4->4
[413.529s][info][gc,metaspace] GC(775) Metaspace: 42940K(43392K)->42940K(43392K) NonClass: 38598K(38848K)->38598K(38848K) Class: 4342K(4544K)->4342K(4544K)
[413.529s][info][gc          ] GC(775) Pause Young (Mixed) (G1 Evacuation Pause) 342M->128M(412M) 21.178ms
[413.529s][info][gc,cpu      ] GC(775) User=0.04s Sys=0.00s Real=0.02s
[414.290s][info][gc,start    ] GC(776) Pause Young (Mixed) (G1 Evacuation Pause)
[414.290s][info][gc,task     ] GC(776) Using 2 workers of 2 for evacuation
[414.298s][info][gc,phases   ] GC(776)   Pre Evacuate Collection Set: 0.25ms
[414.298s][info][gc,phases   ] GC(776)   Merge Heap Roots: 0.17ms
[414.298s][info][gc,phases   ] GC(776)   Evacuate Collection Set: 7.31ms
[414.298s][info][gc,phases   ] GC(776)   Post Evacuate Collection Set: 0.46ms
[414.298s][info][gc,phases   ] GC(776)   Other: 0.08ms
[414.298s][info][gc,heap     ] GC(776) Eden regions: 214->0(242)
[414.298s][info][gc,heap     ] GC(776) Survivor regions: 16->3(29)
[414.298s][info][gc,heap     ] GC(776) Old regions: 108->102
[414.298s][info][gc,heap     ] GC(776) Humongous regions: 5->4
[414.298s][info][gc,metaspace] GC(776) Metaspace: 42940K(43392K)->42940K(43392K) NonClass: 38598K(38848K)->38598K(38848K) Class: 4342K(4544K)->4342K(4544K)
[414.298s][info][gc          ] GC(776) Pause Young (Mixed) (G1 Evacuation Pause) 343M->109M(412M) 8.448ms
[414.298s][info][gc,cpu      ] GC(776) User=0.02s Sys=0.00s Real=0.01s
[414.549s][info][gc,start    ] GC(777) Pause Young (Concurrent Start) (G1 Humongous Allocation)
[414.549s][info][gc,task     ] GC(777) Using 2 workers of 2 for evacuation
[414.584s][info][gc,phases   ] GC(777)   Pre Evacuate Collection Set: 0.27ms
[414.584s][info][gc,phases   ] GC(777)   Merge Heap Roots: 0.06ms
[414.584s][info][gc,phases   ] GC(777)   Evacuate Collection Set: 34.26ms
[414.584s][info][gc,phases   ] GC(777)   Post Evacuate Collection Set: 0.48ms
[414.584s][info][gc,phases   ] GC(777)   Other: 0.12ms
[414.584s][info][gc,heap     ] GC(777) Eden regions: 73->0(161)
[414.584s][info][gc,heap     ] GC(777) Survivor regions: 3->31(31)
[414.584s][info][gc,heap     ] GC(777) Old regions: 102->126
[414.584s][info][gc,heap     ] GC(777) Humongous regions: 4->4
[414.584s][info][gc,metaspace] GC(777) Metaspace: 42940K(43392K)->42940K(43392K) NonClass: 38598K(38848K)->38598K(38848K) Class: 4342K(4544K)->4342K(4544K)
[414.584s][info][gc          ] GC(777) Pause Young (Concurrent Start) (G1 Humongous Allocation) 181M->160M(412M) 35.390ms
[414.584s][info][gc          ] GC(778) Concurrent Mark Cycle
[414.584s][info][gc,marking  ] GC(778) Concurrent Scan Root Regions
[414.585s][info][gc,cpu      ] GC(777) User=0.07s Sys=0.00s Real=0.04s
[414.611s][info][gc,marking  ] GC(778) Concurrent Scan Root Regions 26.619ms
[414.611s][info][gc,marking  ] GC(778) Concurrent Mark
[414.611s][info][gc,marking  ] GC(778) Concurrent Mark From Roots
[414.611s][info][gc,task     ] GC(778) Using 1 workers of 1 for marking
[414.687s][info][gc,marking  ] GC(778) Concurrent Mark From Roots 75.746ms
[414.687s][info][gc,marking  ] GC(778) Concurrent Preclean
[414.687s][info][gc,marking  ] GC(778) Concurrent Preclean 0.081ms
[414.687s][info][gc,start    ] GC(778) Pause Remark
[414.703s][info][gc          ] GC(778) Pause Remark 184M->171M(412M) 16.020ms
[414.703s][info][gc,cpu      ] GC(778) User=0.03s Sys=0.00s Real=0.01s
[414.703s][info][gc,marking  ] GC(778) Concurrent Mark 92.192ms
[414.703s][info][gc,marking  ] GC(778) Concurrent Rebuild Remembered Sets and Scrub Regions
[414.750s][info][gc,marking  ] GC(778) Concurrent Rebuild Remembered Sets and Scrub Regions 46.826ms
[414.751s][info][gc,start    ] GC(778) Pause Cleanup
[414.751s][info][gc          ] GC(778) Pause Cleanup 182M->182M(412M) 0.086ms
[414.751s][info][gc,cpu      ] GC(778) User=0.00s Sys=0.00s Real=0.00s
[414.751s][info][gc,marking  ] GC(778) Concurrent Clear Claimed Marks
[414.751s][info][gc,marking  ] GC(778) Concurrent Clear Claimed Marks 0.046ms
[414.751s][info][gc,marking  ] GC(778) Concurrent Cleanup for Next Mark
[414.752s][info][gc,marking  ] GC(778) Concurrent Cleanup for Next Mark 1.251ms
[414.753s][info][gc          ] GC(778) Concurrent Mark Cycle 168.383ms
[415.237s][info][gc,start    ] GC(779) Pause Young (Prepare Mixed) (G1 Evacuation Pause)
[415.237s][info][gc,task     ] GC(779) Using 2 workers of 2 for evacuation
[415.319s][info][gc,phases   ] GC(779)   Pre Evacuate Collection Set: 0.20ms
[415.319s][info][gc,phases   ] GC(779)   Merge Heap Roots: 0.32ms
[415.319s][info][gc,phases   ] GC(779)   Evacuate Collection Set: 80.53ms
[415.319s][info][gc,phases   ] GC(779)   Post Evacuate Collection Set: 0.51ms
[415.319s][info][gc,phases   ] GC(779)   Other: 0.08ms
[415.319s][info][gc,heap     ] GC(779) Eden regions: 161->0(89)
[415.319s][info][gc,heap     ] GC(779) Survivor regions: 31->24(24)
[415.319s][info][gc,heap     ] GC(779) Old regions: 114->202
[415.319s][info][gc,heap     ] GC(779) Humongous regions: 5->5
[415.319s][info][gc,metaspace] GC(779) Metaspace: 42940K(43392K)->42940K(43392K) NonClass: 38598K(38848K)->38598K(38848K) Class: 4342K(4544K)->4342K(4544K)
[415.319s][info][gc          ] GC(779) Pause Young (Prepare Mixed) (G1 Evacuation Pause) 310M->230M(423M) 81.912ms
[415.319s][info][gc,cpu      ] GC(779) User=0.15s Sys=0.01s Real=0.08s
[415.644s][info][gc,start    ] GC(780) Pause Young (Mixed) (G1 Evacuation Pause)
[415.645s][info][gc,task     ] GC(780) Using 2 workers of 2 for evacuation
[415.711s][info][gc,phases   ] GC(780)   Pre Evacuate Collection Set: 0.23ms
[415.711s][info][gc,phases   ] GC(780)   Merge Heap Roots: 0.38ms
[415.711s][info][gc,phases   ] GC(780)   Evacuate Collection Set: 64.91ms
[415.711s][info][gc,phases   ] GC(780)   Post Evacuate Collection Set: 0.47ms
[415.711s][info][gc,phases   ] GC(780)   Other: 0.07ms
[415.711s][info][gc,heap     ] GC(780) Eden regions: 89->0(63)
[415.711s][info][gc,heap     ] GC(780) Survivor regions: 24->15(15)
[415.711s][info][gc,heap     ] GC(780) Old regions: 202->247
[415.711s][info][gc,heap     ] GC(780) Humongous regions: 5->5
[415.711s][info][gc,metaspace] GC(780) Metaspace: 42940K(43392K)->42940K(43392K) NonClass: 38598K(38848K)->38598K(38848K) Class: 4342K(4544K)->4342K(4544K)
[415.711s][info][gc          ] GC(780) Pause Young (Mixed) (G1 Evacuation Pause) 319M->266M(423M) 66.277ms
[415.711s][info][gc,cpu      ] GC(780) User=0.13s Sys=0.00s Real=0.07s
[415.805s][info][gc,start    ] GC(781) Pause Young (Concurrent Start) (G1 Humongous Allocation)
[415.805s][info][gc,task     ] GC(781) Using 2 workers of 2 for evacuation
[415.830s][info][gc,phases   ] GC(781)   Pre Evacuate Collection Set: 0.26ms
[415.830s][info][gc,phases   ] GC(781)   Merge Heap Roots: 0.21ms
[415.830s][info][gc,phases   ] GC(781)   Evacuate Collection Set: 23.73ms
[415.830s][info][gc,phases   ] GC(781)   Post Evacuate Collection Set: 0.34ms
[415.830s][info][gc,phases   ] GC(781)   Other: 0.09ms
[415.830s][info][gc,heap     ] GC(781) Eden regions: 25->0(56)
[415.830s][info][gc,heap     ] GC(781) Survivor regions: 15->10(10)
[415.830s][info][gc,heap     ] GC(781) Old regions: 247->267
[415.830s][info][gc,heap     ] GC(781) Humongous regions: 5->5
[415.830s][info][gc,metaspace] GC(781) Metaspace: 42940K(43392K)->42940K(43392K) NonClass: 38598K(38848K)->38598K(38848K) Class: 4342K(4544K)->4342K(4544K)
[415.830s][info][gc          ] GC(781) Pause Young (Concurrent Start) (G1 Humongous Allocation) 290M->281M(423M) 24.918ms
[415.830s][info][gc,cpu      ] GC(781) User=0.05s Sys=0.00s Real=0.02s
[415.830s][info][gc          ] GC(782) Concurrent Mark Cycle
[415.830s][info][gc,marking  ] GC(782) Concurrent Scan Root Regions
[415.844s][info][gc,marking  ] GC(782) Concurrent Scan Root Regions 13.253ms
[415.844s][info][gc,marking  ] GC(782) Concurrent Mark
[415.844s][info][gc,marking  ] GC(782) Concurrent Mark From Roots
[415.844s][info][gc,task     ] GC(782) Using 1 workers of 1 for marking
[416.019s][info][gc,marking  ] GC(782) Concurrent Mark From Roots 175.400ms
[416.019s][info][gc,marking  ] GC(782) Concurrent Preclean
[416.019s][info][gc,marking  ] GC(782) Concurrent Preclean 0.049ms
[416.019s][info][gc,start    ] GC(782) Pause Remark
[416.035s][info][gc          ] GC(782) Pause Remark 320M->309M(454M) 16.103ms
[416.035s][info][gc,cpu      ] GC(782) User=0.04s Sys=0.00s Real=0.02s
[416.035s][info][gc,marking  ] GC(782) Concurrent Mark 191.849ms
[416.035s][info][gc,marking  ] GC(782) Concurrent Rebuild Remembered Sets and Scrub Regions
[416.127s][info][gc,start    ] GC(783) Pause Young (Normal) (G1 Evacuation Pause)
[416.127s][info][gc,task     ] GC(783) Using 2 workers of 2 for evacuation
[416.166s][info][gc,phases   ] GC(783)   Pre Evacuate Collection Set: 0.19ms
[416.166s][info][gc,phases   ] GC(783)   Merge Heap Roots: 0.32ms
[416.166s][info][gc,phases   ] GC(783)   Evacuate Collection Set: 37.51ms
[416.166s][info][gc,phases   ] GC(783)   Post Evacuate Collection Set: 0.45ms
[416.166s][info][gc,phases   ] GC(783)   Other: 0.07ms
[416.166s][info][gc,heap     ] GC(783) Eden regions: 56->0(62)
[416.166s][info][gc,heap     ] GC(783) Survivor regions: 10->9(9)
[416.166s][info][gc,heap     ] GC(783) Old regions: 257->286
[416.166s][info][gc,heap     ] GC(783) Humongous regions: 5->5
[416.166s][info][gc,metaspace] GC(783) Metaspace: 42940K(43392K)->42940K(43392K) NonClass: 38598K(38848K)->38598K(38848K) Class: 4342K(4544K)->4342K(4544K)
[416.166s][info][gc          ] GC(783) Pause Young (Normal) (G1 Evacuation Pause) 327M->299M(454M) 38.791ms
[416.166s][info][gc,cpu      ] GC(783) User=0.07s Sys=0.01s Real=0.04s
[416.183s][info][gc,marking  ] GC(782) Concurrent Rebuild Remembered Sets and Scrub Regions 147.137ms
[416.183s][info][gc,start    ] GC(782) Pause Cleanup
[416.183s][info][gc          ] GC(782) Pause Cleanup 305M->305M(454M) 0.135ms
[416.183s][info][gc,cpu      ] GC(782) User=0.00s Sys=0.00s Real=0.00s
[416.183s][info][gc,marking  ] GC(782) Concurrent Clear Claimed Marks
[416.183s][info][gc,marking  ] GC(782) Concurrent Clear Claimed Marks 0.042ms
[416.183s][info][gc,marking  ] GC(782) Concurrent Cleanup for Next Mark
[416.185s][info][gc,marking  ] GC(782) Concurrent Cleanup for Next Mark 1.974ms
[416.185s][info][gc          ] GC(782) Concurrent Mark Cycle 354.816ms
[416.390s][info][gc,start    ] GC(784) Pause Young (Prepare Mixed) (G1 Evacuation Pause)
[416.390s][info][gc,task     ] GC(784) Using 2 workers of 2 for evacuation
[416.429s][info][gc,phases   ] GC(784)   Pre Evacuate Collection Set: 0.22ms
[416.429s][info][gc,phases   ] GC(784)   Merge Heap Roots: 0.29ms
[416.429s][info][gc,phases   ] GC(784)   Evacuate Collection Set: 37.66ms
[416.429s][info][gc,phases   ] GC(784)   Post Evacuate Collection Set: 0.50ms
[416.429s][info][gc,phases   ] GC(784)   Other: 0.11ms
[416.429s][info][gc,heap     ] GC(784) Eden regions: 62->0(48)
[416.429s][info][gc,heap     ] GC(784) Survivor regions: 9->9(9)
[416.429s][info][gc,heap     ] GC(784) Old regions: 286->322
[416.429s][info][gc,heap     ] GC(784) Humongous regions: 5->5
[416.429s][info][gc,metaspace] GC(784) Metaspace: 42940K(43392K)->42940K(43392K) NonClass: 38598K(38848K)->38598K(38848K) Class: 4342K(4544K)->4342K(4544K)
[416.429s][info][gc          ] GC(784) Pause Young (Prepare Mixed) (G1 Evacuation Pause) 361M->336M(454M) 38.995ms
[416.429s][info][gc,cpu      ] GC(784) User=0.08s Sys=0.00s Real=0.04s
[416.610s][info][gc,start    ] GC(785) Pause Young (Mixed) (G1 Evacuation Pause)
[416.610s][info][gc,task     ] GC(785) Using 2 workers of 2 for evacuation
[416.644s][info][gc,phases   ] GC(785)   Pre Evacuate Collection Set: 0.26ms
[416.644s][info][gc,phases   ] GC(785)   Merge Heap Roots: 0.39ms
[416.644s][info][gc,phases   ] GC(785)   Evacuate Collection Set: 32.17ms
[416.644s][info][gc,phases   ] GC(785)   Post Evacuate Collection Set: 1.12ms
[416.644s][info][gc,phases   ] GC(785)   Other: 0.07ms
[416.644s][info][gc,heap     ] GC(785) Eden regions: 48->0(99)
[416.644s][info][gc,heap     ] GC(785) Survivor regions: 9->8(8)
[416.644s][info][gc,heap     ] GC(785) Old regions: 322->294
[416.644s][info][gc,heap     ] GC(785) Humongous regions: 6->6
[416.644s][info][gc,metaspace] GC(785) Metaspace: 42940K(43392K)->42940K(43392K) NonClass: 38598K(38848K)->38598K(38848K) Class: 4342K(4544K)->4342K(4544K)
[416.644s][info][gc          ] GC(785) Pause Young (Mixed) (G1 Evacuation Pause) 385M->307M(544M) 34.260ms
[416.644s][info][gc,cpu      ] GC(785) User=0.07s Sys=0.00s Real=0.03s
[417.070s][info][gc,start    ] GC(786) Pause Young (Mixed) (G1 Evacuation Pause)
[417.070s][info][gc,task     ] GC(786) Using 2 workers of 2 for evacuation
[417.115s][info][gc,phases   ] GC(786)   Pre Evacuate Collection Set: 0.50ms
[417.115s][info][gc,phases   ] GC(786)   Merge Heap Roots: 0.88ms
[417.115s][info][gc,phases   ] GC(786)   Evacuate Collection Set: 43.43ms
[417.115s][info][gc,phases   ] GC(786)   Post Evacuate Collection Set: 0.61ms
[417.115s][info][gc,phases   ] GC(786)   Other: 0.08ms
[417.115s][info][gc,heap     ] GC(786) Eden regions: 99->0(121)
[417.115s][info][gc,heap     ] GC(786) Survivor regions: 8->11(14)
[417.115s][info][gc,heap     ] GC(786) Old regions: 294->262
[417.115s][info][gc,heap     ] GC(786) Humongous regions: 6->6
[417.115s][info][gc,metaspace] GC(786) Metaspace: 42940K(43392K)->42940K(43392K) NonClass: 38598K(38848K)->38598K(38848K) Class: 4342K(4544K)->4342K(4544K)
[417.115s][info][gc          ] GC(786) Pause Young (Mixed) (G1 Evacuation Pause) 406M->279M(544M) 45.716ms
[417.115s][info][gc,cpu      ] GC(786) User=0.09s Sys=0.00s Real=0.05s
[417.557s][info][gc,start    ] GC(787) Pause Young (Mixed) (G1 Evacuation Pause)
[417.558s][info][gc,task     ] GC(787) Using 2 workers of 2 for evacuation
[417.612s][info][gc,phases   ] GC(787)   Pre Evacuate Collection Set: 0.23ms
[417.612s][info][gc,phases   ] GC(787)   Merge Heap Roots: 1.07ms
[417.612s][info][gc,phases   ] GC(787)   Evacuate Collection Set: 52.29ms
[417.612s][info][gc,phases   ] GC(787)   Post Evacuate Collection Set: 0.43ms
[417.612s][info][gc,phases   ] GC(787)   Other: 0.07ms
[417.612s][info][gc,heap     ] GC(787) Eden regions: 121->0(116)
[417.612s][info][gc,heap     ] GC(787) Survivor regions: 11->17(17)
[417.612s][info][gc,heap     ] GC(787) Old regions: 262->272
[417.612s][info][gc,heap     ] GC(787) Humongous regions: 7->7
[417.612s][info][gc,metaspace] GC(787) Metaspace: 42940K(43392K)->42940K(43392K) NonClass: 38598K(38848K)->38598K(38848K) Class: 4342K(4544K)->4342K(4544K)
[417.612s][info][gc          ] GC(787) Pause Young (Mixed) (G1 Evacuation Pause) 401M->296M(544M) 54.318ms
[417.612s][info][gc,cpu      ] GC(787) User=0.10s Sys=0.00s Real=0.05s
[418.039s][info][gc,start    ] GC(788) Pause Young (Concurrent Start) (G1 Evacuation Pause)
[418.039s][info][gc,task     ] GC(788) Using 2 workers of 2 for evacuation
[418.070s][info][gc,phases   ] GC(788)   Pre Evacuate Collection Set: 0.28ms
[418.070s][info][gc,phases   ] GC(788)   Merge Heap Roots: 0.18ms
[418.070s][info][gc,phases   ] GC(788)   Evacuate Collection Set: 29.97ms
[418.070s][info][gc,phases   ] GC(788)   Post Evacuate Collection Set: 0.44ms
[418.070s][info][gc,phases   ] GC(788)   Other: 0.09ms
[418.070s][info][gc,heap     ] GC(788) Eden regions: 116->0(113)
[418.070s][info][gc,heap     ] GC(788) Survivor regions: 17->17(17)
[418.070s][info][gc,heap     ] GC(788) Old regions: 272->289
[418.070s][info][gc,heap     ] GC(788) Humongous regions: 7->6
[418.070s][info][gc,metaspace] GC(788) Metaspace: 42940K(43392K)->42940K(43392K) NonClass: 38598K(38848K)->38598K(38848K) Class: 4342K(4544K)->4342K(4544K)
[418.070s][info][gc          ] GC(788) Pause Young (Concurrent Start) (G1 Evacuation Pause) 412M->312M(544M) 31.185ms
[418.070s][info][gc,cpu      ] GC(788) User=0.06s Sys=0.00s Real=0.03s
[418.070s][info][gc          ] GC(789) Concurrent Mark Cycle
[418.070s][info][gc,marking  ] GC(789) Concurrent Scan Root Regions
[418.088s][info][gc,marking  ] GC(789) Concurrent Scan Root Regions 17.546ms
[418.088s][info][gc,marking  ] GC(789) Concurrent Mark
[418.088s][info][gc,marking  ] GC(789) Concurrent Mark From Roots
[418.088s][info][gc,task     ] GC(789) Using 1 workers of 1 for marking
[418.173s][info][gc,marking  ] GC(789) Concurrent Mark From Roots 84.997ms
[418.173s][info][gc,marking  ] GC(789) Concurrent Preclean
[418.173s][info][gc,marking  ] GC(789) Concurrent Preclean 0.056ms
[418.173s][info][gc,start    ] GC(789) Pause Remark
[418.189s][info][gc          ] GC(789) Pause Remark 337M->192M(544M) 15.977ms
[418.189s][info][gc,cpu      ] GC(789) User=0.03s Sys=0.00s Real=0.02s
[418.189s][info][gc,marking  ] GC(789) Concurrent Mark 101.351ms
[418.189s][info][gc,marking  ] GC(789) Concurrent Rebuild Remembered Sets and Scrub Regions
[418.238s][info][gc,marking  ] GC(789) Concurrent Rebuild Remembered Sets and Scrub Regions 48.830ms
[418.238s][info][gc,start    ] GC(789) Pause Cleanup
[418.238s][info][gc          ] GC(789) Pause Cleanup 202M->202M(544M) 0.078ms
[418.238s][info][gc,cpu      ] GC(789) User=0.00s Sys=0.00s Real=0.00s
[418.238s][info][gc,marking  ] GC(789) Concurrent Clear Claimed Marks
[418.238s][info][gc,marking  ] GC(789) Concurrent Clear Claimed Marks 0.041ms
[418.238s][info][gc,marking  ] GC(789) Concurrent Cleanup for Next Mark
[418.241s][info][gc,marking  ] GC(789) Concurrent Cleanup for Next Mark 2.597ms
[418.241s][info][gc          ] GC(789) Concurrent Mark Cycle 170.791ms
[418.516s][info][gc,start    ] GC(790) Pause Young (Prepare Mixed) (G1 Evacuation Pause)
[418.516s][info][gc,task     ] GC(790) Using 2 workers of 2 for evacuation
[418.537s][info][gc,phases   ] GC(790)   Pre Evacuate Collection Set: 0.23ms
[418.537s][info][gc,phases   ] GC(790)   Merge Heap Roots: 0.15ms
[418.537s][info][gc,phases   ] GC(790)   Evacuate Collection Set: 19.82ms
[418.537s][info][gc,phases   ] GC(790)   Post Evacuate Collection Set: 0.45ms
[418.537s][info][gc,phases   ] GC(790)   Other: 0.08ms
[418.537s][info][gc,heap     ] GC(790) Eden regions: 113->0(176)
[418.537s][info][gc,heap     ] GC(790) Survivor regions: 17->17(17)
[418.537s][info][gc,heap     ] GC(790) Old regions: 147->158
[418.537s][info][gc,heap     ] GC(790) Humongous regions: 4->4
[418.537s][info][gc,metaspace] GC(790) Metaspace: 42940K(43392K)->42940K(43392K) NonClass: 38598K(38848K)->38598K(38848K) Class: 4342K(4544K)->4342K(4544K)
[418.537s][info][gc          ] GC(790) Pause Young (Prepare Mixed) (G1 Evacuation Pause) 281M->179M(544M) 20.928ms
[418.537s][info][gc,cpu      ] GC(790) User=0.05s Sys=0.00s Real=0.02s
[419.127s][info][gc,start    ] GC(791) Pause Young (Mixed) (G1 Evacuation Pause)
[419.127s][info][gc,task     ] GC(791) Using 2 workers of 2 for evacuation
[419.175s][info][gc,phases   ] GC(791)   Pre Evacuate Collection Set: 0.26ms
[419.175s][info][gc,phases   ] GC(791)   Merge Heap Roots: 0.25ms
[419.175s][info][gc,phases   ] GC(791)   Evacuate Collection Set: 46.64ms
[419.175s][info][gc,phases   ] GC(791)   Post Evacuate Collection Set: 0.59ms
[419.175s][info][gc,phases   ] GC(791)   Other: 0.08ms
[419.175s][info][gc,heap     ] GC(791) Eden regions: 176->0(183)
[419.175s][info][gc,heap     ] GC(791) Survivor regions: 17->25(25)
[419.175s][info][gc,heap     ] GC(791) Old regions: 158->144
[419.175s][info][gc,heap     ] GC(791) Humongous regions: 6->4
[419.175s][info][gc,metaspace] GC(791) Metaspace: 42940K(43392K)->42940K(43392K) NonClass: 38598K(38848K)->38598K(38848K) Class: 4342K(4544K)->4342K(4544K)
[419.175s][info][gc          ] GC(791) Pause Young (Mixed) (G1 Evacuation Pause) 357M->173M(544M) 48.066ms
[419.175s][info][gc,cpu      ] GC(791) User=0.09s Sys=0.00s Real=0.05s
[419.194s][info][gc,start    ] GC(792) Pause Young (Concurrent Start) (G1 Humongous Allocation)
[419.194s][info][gc,task     ] GC(792) Using 2 workers of 2 for evacuation
[419.213s][info][gc,phases   ] GC(792)   Pre Evacuate Collection Set: 0.28ms
[419.213s][info][gc,phases   ] GC(792)   Merge Heap Roots: 0.13ms
[419.213s][info][gc,phases   ] GC(792)   Evacuate Collection Set: 18.74ms
[419.213s][info][gc,phases   ] GC(792)   Post Evacuate Collection Set: 0.30ms
[419.213s][info][gc,phases   ] GC(792)   Other: 0.08ms
[419.213s][info][gc,heap     ] GC(792) Eden regions: 5->0(171)
[419.213s][info][gc,heap     ] GC(792) Survivor regions: 25->4(26)
[419.213s][info][gc,heap     ] GC(792) Old regions: 144->170
[419.213s][info][gc,heap     ] GC(792) Humongous regions: 4->4
[419.213s][info][gc,metaspace] GC(792) Metaspace: 42940K(43392K)->42940K(43392K) NonClass: 38598K(38848K)->38598K(38848K) Class: 4342K(4544K)->4342K(4544K)
[419.213s][info][gc          ] GC(792) Pause Young (Concurrent Start) (G1 Humongous Allocation) 177M->176M(544M) 19.701ms
[419.213s][info][gc          ] GC(793) Concurrent Mark Cycle
[419.213s][info][gc,marking  ] GC(793) Concurrent Scan Root Regions
[419.216s][info][gc,cpu      ] GC(792) User=0.04s Sys=0.00s Real=0.03s
[419.223s][info][gc,marking  ] GC(793) Concurrent Scan Root Regions 9.896ms
[419.223s][info][gc,marking  ] GC(793) Concurrent Mark
[419.223s][info][gc,marking  ] GC(793) Concurrent Mark From Roots
[419.223s][info][gc,task     ] GC(793) Using 1 workers of 1 for marking
[419.351s][info][gc,marking  ] GC(793) Concurrent Mark From Roots 128.079ms
[419.351s][info][gc,marking  ] GC(793) Concurrent Preclean
[419.352s][info][gc,marking  ] GC(793) Concurrent Preclean 0.054ms
[419.352s][info][gc,start    ] GC(793) Pause Remark
[419.374s][info][gc          ] GC(793) Pause Remark 209M->190M(534M) 22.106ms
[419.374s][info][gc,cpu      ] GC(793) User=0.05s Sys=0.00s Real=0.02s
[419.374s][info][gc,marking  ] GC(793) Concurrent Mark 150.487ms
[419.374s][info][gc,marking  ] GC(793) Concurrent Rebuild Remembered Sets and Scrub Regions
[419.435s][info][gc,marking  ] GC(793) Concurrent Rebuild Remembered Sets and Scrub Regions 61.353ms
[419.435s][info][gc,start    ] GC(793) Pause Cleanup
[419.435s][info][gc          ] GC(793) Pause Cleanup 208M->208M(534M) 0.073ms
[419.436s][info][gc,cpu      ] GC(793) User=0.00s Sys=0.00s Real=0.00s
[419.436s][info][gc,marking  ] GC(793) Concurrent Clear Claimed Marks
[419.436s][info][gc,marking  ] GC(793) Concurrent Clear Claimed Marks 0.039ms
[419.436s][info][gc,marking  ] GC(793) Concurrent Cleanup for Next Mark
[419.437s][info][gc,marking  ] GC(793) Concurrent Cleanup for Next Mark 1.629ms
[419.437s][info][gc          ] GC(793) Concurrent Mark Cycle 223.826ms
[419.848s][info][gc,start    ] GC(794) Pause Young (Prepare Mixed) (G1 Evacuation Pause)
[419.848s][info][gc,task     ] GC(794) Using 2 workers of 2 for evacuation
[419.886s][info][gc,phases   ] GC(794)   Pre Evacuate Collection Set: 0.36ms
[419.886s][info][gc,phases   ] GC(794)   Merge Heap Roots: 0.45ms
[419.886s][info][gc,phases   ] GC(794)   Evacuate Collection Set: 36.41ms
[419.886s][info][gc,phases   ] GC(794)   Post Evacuate Collection Set: 0.48ms
[419.886s][info][gc,phases   ] GC(794)   Other: 0.08ms
[419.886s][info][gc,heap     ] GC(794) Eden regions: 171->0(162)
[419.886s][info][gc,heap     ] GC(794) Survivor regions: 4->22(22)
[419.886s][info][gc,heap     ] GC(794) Old regions: 152->178
[419.886s][info][gc,heap     ] GC(794) Humongous regions: 5->4
[419.886s][info][gc,metaspace] GC(794) Metaspace: 42940K(43392K)->42940K(43392K) NonClass: 38598K(38848K)->38598K(38848K) Class: 4342K(4544K)->4342K(4544K)
[419.886s][info][gc          ] GC(794) Pause Young (Prepare Mixed) (G1 Evacuation Pause) 330M->203M(534M) 37.997ms
[419.886s][info][gc,cpu      ] GC(794) User=0.07s Sys=0.00s Real=0.04s
[420.425s][info][gc,start    ] GC(795) Pause Young (Mixed) (G1 Evacuation Pause)
[420.425s][info][gc,task     ] GC(795) Using 2 workers of 2 for evacuation
[420.479s][info][gc,phases   ] GC(795)   Pre Evacuate Collection Set: 0.26ms
[420.479s][info][gc,phases   ] GC(795)   Merge Heap Roots: 0.40ms
[420.479s][info][gc,phases   ] GC(795)   Evacuate Collection Set: 52.03ms
[420.479s][info][gc,phases   ] GC(795)   Post Evacuate Collection Set: 0.89ms
[420.479s][info][gc,phases   ] GC(795)   Other: 0.11ms
[420.479s][info][gc,heap     ] GC(795) Eden regions: 162->0(178)
[420.479s][info][gc,heap     ] GC(795) Survivor regions: 22->23(23)
[420.479s][info][gc,heap     ] GC(795) Old regions: 178->185
[420.479s][info][gc,heap     ] GC(795) Humongous regions: 6->6
[420.479s][info][gc,metaspace] GC(795) Metaspace: 42940K(43392K)->42940K(43392K) NonClass: 38598K(38848K)->38598K(38848K) Class: 4342K(4544K)->4342K(4544K)
[420.479s][info][gc          ] GC(795) Pause Young (Mixed) (G1 Evacuation Pause) 367M->213M(575M) 53.937ms
[420.479s][info][gc,cpu      ] GC(795) User=0.10s Sys=0.00s Real=0.05s
[420.580s][info][gc,start    ] GC(796) Pause Young (Concurrent Start) (G1 Humongous Allocation)
[420.580s][info][gc,task     ] GC(796) Using 2 workers of 2 for evacuation
[420.611s][info][gc,phases   ] GC(796)   Pre Evacuate Collection Set: 0.29ms
[420.611s][info][gc,phases   ] GC(796)   Merge Heap Roots: 0.20ms
[420.611s][info][gc,phases   ] GC(796)   Evacuate Collection Set: 29.74ms
[420.611s][info][gc,phases   ] GC(796)   Post Evacuate Collection Set: 0.35ms
[420.611s][info][gc,phases   ] GC(796)   Other: 0.09ms
[420.611s][info][gc,heap     ] GC(796) Eden regions: 32->0(165)
[420.611s][info][gc,heap     ] GC(796) Survivor regions: 23->16(26)
[420.611s][info][gc,heap     ] GC(796) Old regions: 185->205
[420.611s][info][gc,heap     ] GC(796) Humongous regions: 6->4
[420.611s][info][gc,metaspace] GC(796) Metaspace: 42940K(43392K)->42940K(43392K) NonClass: 38598K(38848K)->38598K(38848K) Class: 4342K(4544K)->4342K(4544K)
[420.611s][info][gc          ] GC(796) Pause Young (Concurrent Start) (G1 Humongous Allocation) 244M->223M(575M) 30.881ms
[420.611s][info][gc,cpu      ] GC(796) User=0.04s Sys=0.01s Real=0.03s
[420.611s][info][gc          ] GC(797) Concurrent Mark Cycle
[420.611s][info][gc,marking  ] GC(797) Concurrent Scan Root Regions
[420.623s][info][gc,marking  ] GC(797) Concurrent Scan Root Regions 11.864ms
[420.623s][info][gc,marking  ] GC(797) Concurrent Mark
[420.623s][info][gc,marking  ] GC(797) Concurrent Mark From Roots
[420.623s][info][gc,task     ] GC(797) Using 1 workers of 1 for marking
[420.725s][info][gc,marking  ] GC(797) Concurrent Mark From Roots 102.197ms
[420.725s][info][gc,marking  ] GC(797) Concurrent Preclean
[420.725s][info][gc,marking  ] GC(797) Concurrent Preclean 0.038ms
[420.725s][info][gc,start    ] GC(797) Pause Remark
[420.741s][info][gc          ] GC(797) Pause Remark 258M->231M(575M) 15.446ms
[420.741s][info][gc,cpu      ] GC(797) User=0.03s Sys=0.00s Real=0.01s
[420.741s][info][gc,marking  ] GC(797) Concurrent Mark 117.969ms
[420.741s][info][gc,marking  ] GC(797) Concurrent Rebuild Remembered Sets and Scrub Regions
[420.791s][info][gc,marking  ] GC(797) Concurrent Rebuild Remembered Sets and Scrub Regions 50.173ms
[420.792s][info][gc,start    ] GC(797) Pause Cleanup
[420.792s][info][gc          ] GC(797) Pause Cleanup 245M->245M(575M) 0.103ms
[420.792s][info][gc,cpu      ] GC(797) User=0.00s Sys=0.00s Real=0.00s
[420.792s][info][gc,marking  ] GC(797) Concurrent Clear Claimed Marks
[420.792s][info][gc,marking  ] GC(797) Concurrent Clear Claimed Marks 0.047ms
[420.792s][info][gc,marking  ] GC(797) Concurrent Cleanup for Next Mark
[420.794s][info][gc,marking  ] GC(797) Concurrent Cleanup for Next Mark 2.178ms
[420.795s][info][gc          ] GC(797) Concurrent Mark Cycle 183.532ms
[421.147s][info][gc,start    ] GC(798) Pause Young (Prepare Mixed) (G1 Evacuation Pause)
[421.147s][info][gc,task     ] GC(798) Using 2 workers of 2 for evacuation
[421.157s][info][gc,phases   ] GC(798)   Pre Evacuate Collection Set: 0.24ms
[421.157s][info][gc,phases   ] GC(798)   Merge Heap Roots: 0.09ms
[421.157s][info][gc,phases   ] GC(798)   Evacuate Collection Set: 9.03ms
[421.157s][info][gc,phases   ] GC(798)   Post Evacuate Collection Set: 0.44ms
[421.157s][info][gc,phases   ] GC(798)   Other: 0.06ms
[421.157s][info][gc,heap     ] GC(798) Eden regions: 165->0(192)
[421.157s][info][gc,heap     ] GC(798) Survivor regions: 16->2(23)
[421.157s][info][gc,heap     ] GC(798) Old regions: 179->194
[421.157s][info][gc,heap     ] GC(798) Humongous regions: 5->5
[421.157s][info][gc,metaspace] GC(798) Metaspace: 42940K(43392K)->42940K(43392K) NonClass: 38598K(38848K)->38598K(38848K) Class: 4342K(4544K)->4342K(4544K)
[421.157s][info][gc          ] GC(798) Pause Young (Prepare Mixed) (G1 Evacuation Pause) 364M->201M(575M) 10.084ms
[421.157s][info][gc,cpu      ] GC(798) User=0.02s Sys=0.01s Real=0.01s
[421.733s][info][gc,start    ] GC(799) Pause Young (Mixed) (G1 Evacuation Pause)
[421.733s][info][gc,task     ] GC(799) Using 2 workers of 2 for evacuation
[421.740s][info][gc,phases   ] GC(799)   Pre Evacuate Collection Set: 0.35ms
[421.740s][info][gc,phases   ] GC(799)   Merge Heap Roots: 0.19ms
[421.740s][info][gc,phases   ] GC(799)   Evacuate Collection Set: 5.43ms
[421.740s][info][gc,phases   ] GC(799)   Post Evacuate Collection Set: 0.51ms
[421.740s][info][gc,phases   ] GC(799)   Other: 0.08ms
[421.740s][info][gc,heap     ] GC(799) Eden regions: 192->0(234)
[421.740s][info][gc,heap     ] GC(799) Survivor regions: 2->3(25)
[421.740s][info][gc,heap     ] GC(799) Old regions: 194->138
[421.740s][info][gc,heap     ] GC(799) Humongous regions: 6->5
[421.740s][info][gc,metaspace] GC(799) Metaspace: 42940K(43392K)->42940K(43392K) NonClass: 38598K(38848K)->38598K(38848K) Class: 4342K(4544K)->4342K(4544K)
[421.740s][info][gc          ] GC(799) Pause Young (Mixed) (G1 Evacuation Pause) 394M->145M(575M) 6.738ms
[421.740s][info][gc,cpu      ] GC(799) User=0.01s Sys=0.00s Real=0.01s
[422.314s][info][gc,start    ] GC(800) Pause Young (Mixed) (G1 Evacuation Pause)
[422.314s][info][gc,task     ] GC(800) Using 2 workers of 2 for evacuation
[422.327s][info][gc,phases   ] GC(800)   Pre Evacuate Collection Set: 0.26ms
[422.327s][info][gc,phases   ] GC(800)   Merge Heap Roots: 0.25ms
[422.327s][info][gc,phases   ] GC(800)   Evacuate Collection Set: 12.02ms
[422.327s][info][gc,phases   ] GC(800)   Post Evacuate Collection Set: 0.56ms
[422.327s][info][gc,phases   ] GC(800)   Other: 0.08ms
[422.327s][info][gc,heap     ] GC(800) Eden regions: 234->0(253)
[422.327s][info][gc,heap     ] GC(800) Survivor regions: 3->5(30)
[422.327s][info][gc,heap     ] GC(800) Old regions: 138->134
[422.327s][info][gc,heap     ] GC(800) Humongous regions: 5->3
[422.327s][info][gc,metaspace] GC(800) Metaspace: 42940K(43392K)->42940K(43392K) NonClass: 38598K(38848K)->38598K(38848K) Class: 4342K(4544K)->4342K(4544K)
[422.327s][info][gc          ] GC(800) Pause Young (Mixed) (G1 Evacuation Pause) 379M->141M(575M) 13.356ms
[422.327s][info][gc,cpu      ] GC(800) User=0.02s Sys=0.00s Real=0.02s
[422.782s][info][gc,start    ] GC(801) Pause Young (Concurrent Start) (G1 Evacuation Pause)
[422.782s][info][gc,task     ] GC(801) Using 2 workers of 2 for evacuation
[422.788s][info][gc,phases   ] GC(801)   Pre Evacuate Collection Set: 0.26ms
[422.788s][info][gc,phases   ] GC(801)   Merge Heap Roots: 0.07ms
[422.788s][info][gc,phases   ] GC(801)   Evacuate Collection Set: 4.61ms
[422.788s][info][gc,phases   ] GC(801)   Post Evacuate Collection Set: 0.49ms
[422.788s][info][gc,phases   ] GC(801)   Other: 0.09ms
[422.788s][info][gc,heap     ] GC(801) Eden regions: 253->0(270)
[422.788s][info][gc,heap     ] GC(801) Survivor regions: 5->6(33)
[422.788s][info][gc,heap     ] GC(801) Old regions: 134->134
[422.788s][info][gc,heap     ] GC(801) Humongous regions: 3->3
[422.788s][info][gc,metaspace] GC(801) Metaspace: 42940K(43392K)->42940K(43392K) NonClass: 38598K(38848K)->38598K(38848K) Class: 4342K(4544K)->4342K(4544K)
[422.788s][info][gc          ] GC(801) Pause Young (Concurrent Start) (G1 Evacuation Pause) 394M->143M(575M) 5.724ms
[422.788s][info][gc,cpu      ] GC(801) User=0.02s Sys=0.00s Real=0.01s
[422.788s][info][gc          ] GC(802) Concurrent Mark Cycle
[422.788s][info][gc,marking  ] GC(802) Concurrent Scan Root Regions
[422.796s][info][gc,marking  ] GC(802) Concurrent Scan Root Regions 7.791ms
[422.796s][info][gc,marking  ] GC(802) Concurrent Mark
[422.796s][info][gc,marking  ] GC(802) Concurrent Mark From Roots
[422.796s][info][gc,task     ] GC(802) Using 1 workers of 1 for marking
[422.884s][info][gc,marking  ] GC(802) Concurrent Mark From Roots 88.483ms
[422.884s][info][gc,marking  ] GC(802) Concurrent Preclean
[422.884s][info][gc,marking  ] GC(802) Concurrent Preclean 0.044ms
[422.885s][info][gc,start    ] GC(802) Pause Remark
[422.901s][info][gc          ] GC(802) Pause Remark 176M->116M(284M) 16.061ms
[422.901s][info][gc,cpu      ] GC(802) User=0.03s Sys=0.00s Real=0.02s
[422.903s][info][gc,marking  ] GC(802) Concurrent Mark 107.171ms
[422.903s][info][gc,marking  ] GC(802) Concurrent Rebuild Remembered Sets and Scrub Regions
[422.931s][info][gc,marking  ] GC(802) Concurrent Rebuild Remembered Sets and Scrub Regions 28.133ms
[422.931s][info][gc,start    ] GC(802) Pause Cleanup
[422.931s][info][gc          ] GC(802) Pause Cleanup 124M->124M(284M) 0.046ms
[422.931s][info][gc,cpu      ] GC(802) User=0.00s Sys=0.00s Real=0.00s
[422.931s][info][gc,marking  ] GC(802) Concurrent Clear Claimed Marks
[422.931s][info][gc,marking  ] GC(802) Concurrent Clear Claimed Marks 0.036ms
[422.931s][info][gc,marking  ] GC(802) Concurrent Cleanup for Next Mark
[422.932s][info][gc,marking  ] GC(802) Concurrent Cleanup for Next Mark 0.838ms
[422.932s][info][gc          ] GC(802) Concurrent Mark Cycle 144.388ms
[423.418s][info][gc,start    ] GC(803) Pause Young (Prepare Mixed) (G1 Evacuation Pause)
[423.418s][info][gc,task     ] GC(803) Using 2 workers of 2 for evacuation
[423.431s][info][gc,phases   ] GC(803)   Pre Evacuate Collection Set: 0.22ms
[423.431s][info][gc,phases   ] GC(803)   Merge Heap Roots: 0.07ms
[423.431s][info][gc,phases   ] GC(803)   Evacuate Collection Set: 11.15ms
[423.431s][info][gc,phases   ] GC(803)   Post Evacuate Collection Set: 1.09ms
[423.431s][info][gc,phases   ] GC(803)   Other: 0.07ms
[423.431s][info][gc,heap     ] GC(803) Eden regions: 101->0(233)
[423.431s][info][gc,heap     ] GC(803) Survivor regions: 6->9(30)
[423.431s][info][gc,heap     ] GC(803) Old regions: 76->76
[423.431s][info][gc,heap     ] GC(803) Humongous regions: 231->3
[423.431s][info][gc,metaspace] GC(803) Metaspace: 42940K(43392K)->42940K(43392K) NonClass: 38598K(38848K)->38598K(38848K) Class: 4342K(4544K)->4342K(4544K)
[423.431s][info][gc          ] GC(803) Pause Young (Prepare Mixed) (G1 Evacuation Pause) 413M->87M(423M) 12.823ms
[423.431s][info][gc,cpu      ] GC(803) User=0.02s Sys=0.01s Real=0.01s
[424.043s][info][gc,start    ] GC(804) Pause Young (Mixed) (G1 Evacuation Pause)
[424.043s][info][gc,task     ] GC(804) Using 2 workers of 2 for evacuation
[424.064s][info][gc,phases   ] GC(804)   Pre Evacuate Collection Set: 0.38ms
[424.064s][info][gc,phases   ] GC(804)   Merge Heap Roots: 0.08ms
[424.064s][info][gc,phases   ] GC(804)   Evacuate Collection Set: 19.13ms
[424.064s][info][gc,phases   ] GC(804)   Post Evacuate Collection Set: 1.15ms
[424.064s][info][gc,phases   ] GC(804)   Other: 0.09ms
[424.064s][info][gc,heap     ] GC(804) Eden regions: 63->0(303)
[424.064s][info][gc,heap     ] GC(804) Survivor regions: 9->14(31)
[424.064s][info][gc,heap     ] GC(804) Old regions: 76->69
[424.064s][info][gc,heap     ] GC(804) Humongous regions: 381->3
[424.064s][info][gc,metaspace] GC(804) Metaspace: 42940K(43392K)->42940K(43392K) NonClass: 38598K(38848K)->38598K(38848K) Class: 4342K(4544K)->4342K(4544K)
[424.064s][info][gc          ] GC(804) Pause Young (Mixed) (G1 Evacuation Pause) 528M->85M(544M) 21.051ms
[424.064s][info][gc,cpu      ] GC(804) User=0.03s Sys=0.01s Real=0.02s
[424.066s][info][gc,start    ] GC(805) Pause Young (Concurrent Start) (G1 Humongous Allocation)
[424.067s][info][gc,task     ] GC(805) Using 2 workers of 2 for evacuation
[424.079s][info][gc,phases   ] GC(805)   Pre Evacuate Collection Set: 0.24ms
[424.079s][info][gc,phases   ] GC(805)   Merge Heap Roots: 0.05ms
[424.079s][info][gc,phases   ] GC(805)   Evacuate Collection Set: 11.59ms
[424.079s][info][gc,phases   ] GC(805)   Post Evacuate Collection Set: 0.28ms
[424.079s][info][gc,phases   ] GC(805)   Other: 0.08ms
[424.079s][info][gc,heap     ] GC(805) Eden regions: 1->0(312)
[424.079s][info][gc,heap     ] GC(805) Survivor regions: 14->14(40)
[424.079s][info][gc,heap     ] GC(805) Old regions: 69->69
[424.079s][info][gc,heap     ] GC(805) Humongous regions: 3->1
[424.079s][info][gc,metaspace] GC(805) Metaspace: 42940K(43392K)->42940K(43392K) NonClass: 38598K(38848K)->38598K(38848K) Class: 4342K(4544K)->4342K(4544K)
[424.079s][info][gc          ] GC(805) Pause Young (Concurrent Start) (G1 Humongous Allocation) 85M->83M(544M) 12.458ms
[424.079s][info][gc,cpu      ] GC(805) User=0.03s Sys=0.00s Real=0.01s
[424.079s][info][gc          ] GC(806) Concurrent Mark Cycle
[424.079s][info][gc,marking  ] GC(806) Concurrent Scan Root Regions
[424.087s][info][gc,marking  ] GC(806) Concurrent Scan Root Regions 8.326ms
[424.087s][info][gc,marking  ] GC(806) Concurrent Mark
[424.087s][info][gc,marking  ] GC(806) Concurrent Mark From Roots
[424.087s][info][gc,task     ] GC(806) Using 1 workers of 1 for marking
[424.159s][info][gc,marking  ] GC(806) Concurrent Mark From Roots 71.773ms
[424.159s][info][gc,marking  ] GC(806) Concurrent Preclean
[424.159s][info][gc,marking  ] GC(806) Concurrent Preclean 0.042ms
[424.159s][info][gc,start    ] GC(806) Pause Remark
[424.176s][info][gc          ] GC(806) Pause Remark 138M->137M(430M) 16.307ms
[424.176s][info][gc,cpu      ] GC(806) User=0.03s Sys=0.00s Real=0.02s
[424.176s][info][gc,marking  ] GC(806) Concurrent Mark 88.427ms
[424.176s][info][gc,marking  ] GC(806) Concurrent Rebuild Remembered Sets and Scrub Regions
[424.204s][info][gc,marking  ] GC(806) Concurrent Rebuild Remembered Sets and Scrub Regions 28.032ms
[424.204s][info][gc,start    ] GC(806) Pause Cleanup
[424.204s][info][gc          ] GC(806) Pause Cleanup 162M->162M(430M) 0.067ms
[424.204s][info][gc,cpu      ] GC(806) User=0.00s Sys=0.00s Real=0.00s
[424.204s][info][gc,marking  ] GC(806) Concurrent Clear Claimed Marks
[424.204s][info][gc,marking  ] GC(806) Concurrent Clear Claimed Marks 0.041ms
[424.204s][info][gc,marking  ] GC(806) Concurrent Cleanup for Next Mark
[424.207s][info][gc,marking  ] GC(806) Concurrent Cleanup for Next Mark 2.976ms
[424.207s][info][gc          ] GC(806) Concurrent Mark Cycle 128.315ms
[424.745s][info][gc,start    ] GC(807) Pause Young (Prepare Mixed) (G1 Evacuation Pause)
[424.745s][info][gc,task     ] GC(807) Using 2 workers of 2 for evacuation
[424.778s][info][gc,phases   ] GC(807)   Pre Evacuate Collection Set: 0.30ms
[424.778s][info][gc,phases   ] GC(807)   Merge Heap Roots: 0.07ms
[424.778s][info][gc,phases   ] GC(807)   Evacuate Collection Set: 31.11ms
[424.778s][info][gc,phases   ] GC(807)   Post Evacuate Collection Set: 1.27ms
[424.778s][info][gc,phases   ] GC(807)   Other: 0.08ms
[424.778s][info][gc,heap     ] GC(807) Eden regions: 69->0(314)
[424.778s][info][gc,heap     ] GC(807) Survivor regions: 14->22(38)
[424.778s][info][gc,heap     ] GC(807) Old regions: 68->68
[424.778s][info][gc,heap     ] GC(807) Humongous regions: 387->1
[424.778s][info][gc,metaspace] GC(807) Metaspace: 42940K(43392K)->42940K(43392K) NonClass: 38598K(38848K)->38598K(38848K) Class: 4342K(4544K)->4342K(4544K)
[424.778s][info][gc          ] GC(807) Pause Young (Prepare Mixed) (G1 Evacuation Pause) 537M->90M(560M) 33.056ms
[424.778s][info][gc,cpu      ] GC(807) User=0.04s Sys=0.03s Real=0.04s
[425.578s][info][gc,start    ] GC(808) Pause Young (Mixed) (G1 Evacuation Pause)
[425.578s][info][gc,task     ] GC(808) Using 2 workers of 2 for evacuation
[425.590s][info][gc,phases   ] GC(808)   Pre Evacuate Collection Set: 0.43ms
[425.590s][info][gc,phases   ] GC(808)   Merge Heap Roots: 0.10ms
[425.590s][info][gc,phases   ] GC(808)   Evacuate Collection Set: 10.36ms
[425.590s][info][gc,phases   ] GC(808)   Post Evacuate Collection Set: 1.07ms
[425.590s][info][gc,phases   ] GC(808)   Other: 0.09ms
[425.590s][info][gc,heap     ] GC(808) Eden regions: 123->0(352)
[425.590s][info][gc,heap     ] GC(808) Survivor regions: 22->8(44)
[425.590s][info][gc,heap     ] GC(808) Old regions: 68->62
[425.590s][info][gc,heap     ] GC(808) Humongous regions: 379->1
[425.590s][info][gc,metaspace] GC(808) Metaspace: 42941K(43392K)->42941K(43392K) NonClass: 38599K(38848K)->38599K(38848K) Class: 4342K(4544K)->4342K(4544K)
[425.590s][info][gc          ] GC(808) Pause Young (Mixed) (G1 Evacuation Pause) 591M->69M(601M) 12.261ms
[425.590s][info][gc,cpu      ] GC(808) User=0.01s Sys=0.01s Real=0.01s
[425.731s][info][gc,start    ] GC(809) Pause Young (Concurrent Start) (G1 Humongous Allocation)
[425.731s][info][gc,task     ] GC(809) Using 2 workers of 2 for evacuation
[425.738s][info][gc,phases   ] GC(809)   Pre Evacuate Collection Set: 0.29ms
[425.738s][info][gc,phases   ] GC(809)   Merge Heap Roots: 0.06ms
[425.738s][info][gc,phases   ] GC(809)   Evacuate Collection Set: 6.58ms
[425.738s][info][gc,phases   ] GC(809)   Post Evacuate Collection Set: 0.37ms
[425.738s][info][gc,phases   ] GC(809)   Other: 0.08ms
[425.738s][info][gc,heap     ] GC(809) Eden regions: 59->0(350)
[425.738s][info][gc,heap     ] GC(809) Survivor regions: 8->10(45)
[425.738s][info][gc,heap     ] GC(809) Old regions: 62->62
[425.738s][info][gc,heap     ] GC(809) Humongous regions: 1->1
[425.738s][info][gc,metaspace] GC(809) Metaspace: 42941K(43392K)->42941K(43392K) NonClass: 38599K(38848K)->38599K(38848K) Class: 4342K(4544K)->4342K(4544K)
[425.738s][info][gc          ] GC(809) Pause Young (Concurrent Start) (G1 Humongous Allocation) 128M->71M(601M) 7.595ms
[425.738s][info][gc          ] GC(810) Concurrent Mark Cycle
[425.738s][info][gc,marking  ] GC(810) Concurrent Scan Root Regions
[425.739s][info][gc,cpu      ] GC(809) User=0.01s Sys=0.01s Real=0.01s
[425.743s][info][gc,marking  ] GC(810) Concurrent Scan Root Regions 4.479ms
[425.743s][info][gc,marking  ] GC(810) Concurrent Mark
[425.743s][info][gc,marking  ] GC(810) Concurrent Mark From Roots
[425.743s][info][gc,task     ] GC(810) Using 1 workers of 1 for marking
[425.847s][info][gc,marking  ] GC(810) Concurrent Mark From Roots 104.426ms
[425.847s][info][gc,marking  ] GC(810) Concurrent Preclean
[425.847s][info][gc,marking  ] GC(810) Concurrent Preclean 0.046ms
[425.848s][info][gc,start    ] GC(810) Pause Remark
[425.864s][info][gc          ] GC(810) Pause Remark 112M->108M(264M) 15.914ms
[425.864s][info][gc,cpu      ] GC(810) User=0.04s Sys=0.00s Real=0.01s
[425.864s][info][gc,marking  ] GC(810) Concurrent Mark 121.522ms
[425.864s][info][gc,marking  ] GC(810) Concurrent Rebuild Remembered Sets and Scrub Regions
[425.913s][info][gc,marking  ] GC(810) Concurrent Rebuild Remembered Sets and Scrub Regions 48.781ms
[425.913s][info][gc,start    ] GC(810) Pause Cleanup
[425.913s][info][gc          ] GC(810) Pause Cleanup 116M->116M(264M) 0.072ms
[425.913s][info][gc,cpu      ] GC(810) User=0.00s Sys=0.00s Real=0.00s
[425.913s][info][gc,marking  ] GC(810) Concurrent Clear Claimed Marks
[425.914s][info][gc,marking  ] GC(810) Concurrent Clear Claimed Marks 0.055ms
[425.914s][info][gc,marking  ] GC(810) Concurrent Cleanup for Next Mark
[425.915s][info][gc,marking  ] GC(810) Concurrent Cleanup for Next Mark 1.056ms
[425.915s][info][gc          ] GC(810) Concurrent Mark Cycle 176.273ms
[426.207s][info][gc,start    ] GC(811) Pause Young (Prepare Mixed) (G1 Evacuation Pause)
[426.207s][info][gc,task     ] GC(811) Using 2 workers of 2 for evacuation
[426.214s][info][gc,phases   ] GC(811)   Pre Evacuate Collection Set: 0.20ms
[426.214s][info][gc,phases   ] GC(811)   Merge Heap Roots: 0.08ms
[426.214s][info][gc,phases   ] GC(811)   Evacuate Collection Set: 6.26ms
[426.214s][info][gc,phases   ] GC(811)   Post Evacuate Collection Set: 0.85ms
[426.214s][info][gc,phases   ] GC(811)   Other: 0.09ms
[426.214s][info][gc,heap     ] GC(811) Eden regions: 148->0(149)
[426.214s][info][gc,heap     ] GC(811) Survivor regions: 10->9(20)
[426.214s][info][gc,heap     ] GC(811) Old regions: 58->58
[426.214s][info][gc,heap     ] GC(811) Humongous regions: 13->1
[426.214s][info][gc,metaspace] GC(811) Metaspace: 42943K(43392K)->42943K(43392K) NonClass: 38600K(38848K)->38600K(38848K) Class: 4342K(4544K)->4342K(4544K)
[426.214s][info][gc          ] GC(811) Pause Young (Prepare Mixed) (G1 Evacuation Pause) 227M->66M(264M) 7.699ms
[426.214s][info][gc,cpu      ] GC(811) User=0.01s Sys=0.00s Real=0.00s
[426.574s][info][gc,start    ] GC(812) Pause Young (Mixed) (G1 Evacuation Pause)
[426.574s][info][gc,task     ] GC(812) Using 2 workers of 2 for evacuation
[426.589s][info][gc,phases   ] GC(812)   Pre Evacuate Collection Set: 0.17ms
[426.589s][info][gc,phases   ] GC(812)   Merge Heap Roots: 0.12ms
[426.589s][info][gc,phases   ] GC(812)   Evacuate Collection Set: 12.87ms
[426.589s][info][gc,phases   ] GC(812)   Post Evacuate Collection Set: 0.91ms
[426.589s][info][gc,phases   ] GC(812)   Other: 0.08ms
[426.589s][info][gc,heap     ] GC(812) Eden regions: 149->0(146)
[426.589s][info][gc,heap     ] GC(812) Survivor regions: 9->12(20)
[426.589s][info][gc,heap     ] GC(812) Old regions: 58->54
[426.589s][info][gc,heap     ] GC(812) Humongous regions: 1->1
[426.589s][info][gc,metaspace] GC(812) Metaspace: 42945K(43392K)->42945K(43392K) NonClass: 38603K(38848K)->38603K(38848K) Class: 4342K(4544K)->4342K(4544K)
[426.589s][info][gc          ] GC(812) Pause Young (Mixed) (G1 Evacuation Pause) 215M->65M(264M) 14.352ms
[426.589s][info][gc,cpu      ] GC(812) User=0.03s Sys=0.00s Real=0.02s
[426.944s][info][gc,start    ] GC(813) Pause Young (Concurrent Start) (G1 Evacuation Pause)
[426.944s][info][gc,task     ] GC(813) Using 2 workers of 2 for evacuation
[426.953s][info][gc,phases   ] GC(813)   Pre Evacuate Collection Set: 0.17ms
[426.953s][info][gc,phases   ] GC(813)   Merge Heap Roots: 0.07ms
[426.953s][info][gc,phases   ] GC(813)   Evacuate Collection Set: 8.57ms
[426.953s][info][gc,phases   ] GC(813)   Post Evacuate Collection Set: 0.49ms
[426.953s][info][gc,phases   ] GC(813)   Other: 0.09ms
[426.953s][info][gc,heap     ] GC(813) Eden regions: 146->0(149)
[426.953s][info][gc,heap     ] GC(813) Survivor regions: 12->9(20)
[426.953s][info][gc,heap     ] GC(813) Old regions: 54->56
[426.953s][info][gc,heap     ] GC(813) Humongous regions: 1->1
[426.953s][info][gc,metaspace] GC(813) Metaspace: 42956K(43392K)->42956K(43392K) NonClass: 38614K(38848K)->38614K(38848K) Class: 4342K(4544K)->4342K(4544K)
[426.954s][info][gc          ] GC(813) Pause Young (Concurrent Start) (G1 Evacuation Pause) 211M->64M(264M) 9.641ms
[426.954s][info][gc,cpu      ] GC(813) User=0.02s Sys=0.00s Real=0.01s
[426.954s][info][gc          ] GC(814) Concurrent Mark Cycle
[426.954s][info][gc,marking  ] GC(814) Concurrent Scan Root Regions
[426.959s][info][gc,marking  ] GC(814) Concurrent Scan Root Regions 5.711ms
[426.959s][info][gc,marking  ] GC(814) Concurrent Mark
[426.959s][info][gc,marking  ] GC(814) Concurrent Mark From Roots
[426.959s][info][gc,task     ] GC(814) Using 1 workers of 1 for marking
[427.028s][info][gc,marking  ] GC(814) Concurrent Mark From Roots 68.275ms
[427.028s][info][gc,marking  ] GC(814) Concurrent Preclean
[427.028s][info][gc,marking  ] GC(814) Concurrent Preclean 0.038ms
[427.028s][info][gc,start    ] GC(814) Pause Remark
[427.044s][info][gc          ] GC(814) Pause Remark 90M->90M(256M) 16.268ms
[427.044s][info][gc,cpu      ] GC(814) User=0.04s Sys=0.00s Real=0.01s
[427.045s][info][gc,marking  ] GC(814) Concurrent Mark 85.505ms
[427.045s][info][gc,marking  ] GC(814) Concurrent Rebuild Remembered Sets and Scrub Regions
[427.074s][info][gc,marking  ] GC(814) Concurrent Rebuild Remembered Sets and Scrub Regions 29.480ms
[427.075s][info][gc,start    ] GC(814) Pause Cleanup
[427.075s][info][gc          ] GC(814) Pause Cleanup 103M->103M(256M) 0.051ms
[427.075s][info][gc,cpu      ] GC(814) User=0.00s Sys=0.00s Real=0.00s
[427.075s][info][gc,marking  ] GC(814) Concurrent Clear Claimed Marks
[427.075s][info][gc,marking  ] GC(814) Concurrent Clear Claimed Marks 0.040ms
[427.075s][info][gc,marking  ] GC(814) Concurrent Cleanup for Next Mark
[427.076s][info][gc,marking  ] GC(814) Concurrent Cleanup for Next Mark 0.806ms
[427.076s][info][gc          ] GC(814) Concurrent Mark Cycle 122.098ms
[427.333s][info][gc,start    ] GC(815) Pause Young (Prepare Mixed) (G1 Evacuation Pause)
[427.333s][info][gc,task     ] GC(815) Using 2 workers of 2 for evacuation
[427.342s][info][gc,phases   ] GC(815)   Pre Evacuate Collection Set: 0.17ms
[427.342s][info][gc,phases   ] GC(815)   Merge Heap Roots: 0.09ms
[427.342s][info][gc,phases   ] GC(815)   Evacuate Collection Set: 8.39ms
[427.342s][info][gc,phases   ] GC(815)   Post Evacuate Collection Set: 0.60ms
[427.342s][info][gc,phases   ] GC(815)   Other: 0.07ms
[427.342s][info][gc,heap     ] GC(815) Eden regions: 144->0(141)
[427.342s][info][gc,heap     ] GC(815) Survivor regions: 9->12(20)
[427.342s][info][gc,heap     ] GC(815) Old regions: 56->56
[427.342s][info][gc,heap     ] GC(815) Humongous regions: 1->1
[427.342s][info][gc,metaspace] GC(815) Metaspace: 42956K(43392K)->42956K(43392K) NonClass: 38614K(38848K)->38614K(38848K) Class: 4342K(4544K)->4342K(4544K)
[427.342s][info][gc          ] GC(815) Pause Young (Prepare Mixed) (G1 Evacuation Pause) 208M->68M(256M) 9.554ms
[427.342s][info][gc,cpu      ] GC(815) User=0.02s Sys=0.00s Real=0.01s
[427.679s][info][gc,start    ] GC(816) Pause Young (Mixed) (G1 Evacuation Pause)
[427.679s][info][gc,task     ] GC(816) Using 2 workers of 2 for evacuation
[427.690s][info][gc,phases   ] GC(816)   Pre Evacuate Collection Set: 0.17ms
[427.690s][info][gc,phases   ] GC(816)   Merge Heap Roots: 0.10ms
[427.690s][info][gc,phases   ] GC(816)   Evacuate Collection Set: 10.23ms
[427.690s][info][gc,phases   ] GC(816)   Post Evacuate Collection Set: 0.49ms
[427.690s][info][gc,phases   ] GC(816)   Other: 0.11ms
[427.690s][info][gc,heap     ] GC(816) Eden regions: 141->0(148)
[427.690s][info][gc,heap     ] GC(816) Survivor regions: 12->5(20)
[427.690s][info][gc,heap     ] GC(816) Old regions: 56->57
[427.690s][info][gc,heap     ] GC(816) Humongous regions: 1->1
[427.690s][info][gc,metaspace] GC(816) Metaspace: 42982K(43392K)->42982K(43392K) NonClass: 38640K(38848K)->38640K(38848K) Class: 4342K(4544K)->4342K(4544K)
[427.690s][info][gc          ] GC(816) Pause Young (Mixed) (G1 Evacuation Pause) 209M->61M(256M) 11.352ms
[427.690s][info][gc,cpu      ] GC(816) User=0.02s Sys=0.00s Real=0.01s
[428.110s][info][gc,start    ] GC(817) Pause Young (Concurrent Start) (G1 Evacuation Pause)
[428.110s][info][gc,task     ] GC(817) Using 2 workers of 2 for evacuation
[428.112s][info][gc,phases   ] GC(817)   Pre Evacuate Collection Set: 0.19ms
[428.112s][info][gc,phases   ] GC(817)   Merge Heap Roots: 0.10ms
[428.112s][info][gc,phases   ] GC(817)   Evacuate Collection Set: 1.68ms
[428.112s][info][gc,phases   ] GC(817)   Post Evacuate Collection Set: 0.40ms
[428.112s][info][gc,phases   ] GC(817)   Other: 0.09ms
[428.112s][info][gc,heap     ] GC(817) Eden regions: 148->0(150)
[428.112s][info][gc,heap     ] GC(817) Survivor regions: 5->3(20)
[428.112s][info][gc,heap     ] GC(817) Old regions: 57->57
[428.112s][info][gc,heap     ] GC(817) Humongous regions: 1->1
[428.112s][info][gc,metaspace] GC(817) Metaspace: 42985K(43392K)->42985K(43392K) NonClass: 38642K(38848K)->38642K(38848K) Class: 4342K(4544K)->4342K(4544K)
[428.112s][info][gc          ] GC(817) Pause Young (Concurrent Start) (G1 Evacuation Pause) 209M->59M(256M) 2.645ms
[428.112s][info][gc,cpu      ] GC(817) User=0.01s Sys=0.00s Real=0.00s
[428.112s][info][gc          ] GC(818) Concurrent Mark Cycle
[428.112s][info][gc,marking  ] GC(818) Concurrent Scan Root Regions
[428.113s][info][gc,marking  ] GC(818) Concurrent Scan Root Regions 0.808ms
[428.113s][info][gc,marking  ] GC(818) Concurrent Mark
[428.113s][info][gc,marking  ] GC(818) Concurrent Mark From Roots
[428.113s][info][gc,task     ] GC(818) Using 1 workers of 1 for marking
[428.202s][info][gc,marking  ] GC(818) Concurrent Mark From Roots 89.025ms
[428.202s][info][gc,marking  ] GC(818) Concurrent Preclean
[428.202s][info][gc,marking  ] GC(818) Concurrent Preclean 0.041ms
[428.202s][info][gc,start    ] GC(818) Pause Remark
[428.219s][info][gc          ] GC(818) Pause Remark 85M->85M(256M) 16.333ms
[428.219s][info][gc,cpu      ] GC(818) User=0.03s Sys=0.00s Real=0.02s
[428.219s][info][gc,marking  ] GC(818) Concurrent Mark 105.766ms
[428.219s][info][gc,marking  ] GC(818) Concurrent Rebuild Remembered Sets and Scrub Regions
[428.269s][info][gc,marking  ] GC(818) Concurrent Rebuild Remembered Sets and Scrub Regions 50.102ms
[428.269s][info][gc,start    ] GC(818) Pause Cleanup
[428.269s][info][gc          ] GC(818) Pause Cleanup 104M->104M(256M) 0.053ms
[428.269s][info][gc,cpu      ] GC(818) User=0.00s Sys=0.00s Real=0.00s
[428.269s][info][gc,marking  ] GC(818) Concurrent Clear Claimed Marks
[428.269s][info][gc,marking  ] GC(818) Concurrent Clear Claimed Marks 0.041ms
[428.269s][info][gc,marking  ] GC(818) Concurrent Cleanup for Next Mark
[428.270s][info][gc,marking  ] GC(818) Concurrent Cleanup for Next Mark 0.836ms
[428.270s][info][gc          ] GC(818) Concurrent Mark Cycle 157.897ms
[428.531s][info][gc,start    ] GC(819) Pause Young (Prepare Mixed) (G1 Evacuation Pause)
[428.531s][info][gc,task     ] GC(819) Using 2 workers of 2 for evacuation
[428.540s][info][gc,phases   ] GC(819)   Pre Evacuate Collection Set: 0.16ms
[428.540s][info][gc,phases   ] GC(819)   Merge Heap Roots: 0.08ms
[428.540s][info][gc,phases   ] GC(819)   Evacuate Collection Set: 5.48ms
[428.540s][info][gc,phases   ] GC(819)   Post Evacuate Collection Set: 3.02ms
[428.540s][info][gc,phases   ] GC(819)   Other: 0.07ms
[428.540s][info][gc,heap     ] GC(819) Eden regions: 150->0(147)
[428.540s][info][gc,heap     ] GC(819) Survivor regions: 3->6(20)
[428.540s][info][gc,heap     ] GC(819) Old regions: 57->57
[428.540s][info][gc,heap     ] GC(819) Humongous regions: 1->1
[428.540s][info][gc,metaspace] GC(819) Metaspace: 42985K(43392K)->42985K(43392K) NonClass: 38643K(38848K)->38643K(38848K) Class: 4342K(4544K)->4342K(4544K)
[428.540s][info][gc          ] GC(819) Pause Young (Prepare Mixed) (G1 Evacuation Pause) 209M->62M(256M) 9.028ms
[428.540s][info][gc,cpu      ] GC(819) User=0.01s Sys=0.00s Real=0.01s
[429.094s][info][gc,start    ] GC(820) Pause Young (Mixed) (G1 Evacuation Pause)
[429.094s][info][gc,task     ] GC(820) Using 2 workers of 2 for evacuation
[429.102s][info][gc,phases   ] GC(820)   Pre Evacuate Collection Set: 0.28ms
[429.102s][info][gc,phases   ] GC(820)   Merge Heap Roots: 0.18ms
[429.102s][info][gc,phases   ] GC(820)   Evacuate Collection Set: 6.97ms
[429.102s][info][gc,phases   ] GC(820)   Post Evacuate Collection Set: 0.49ms
[429.102s][info][gc,phases   ] GC(820)   Other: 0.09ms
[429.102s][info][gc,heap     ] GC(820) Eden regions: 147->0(150)
[429.102s][info][gc,heap     ] GC(820) Survivor regions: 6->3(20)
[429.102s][info][gc,heap     ] GC(820) Old regions: 57->54
[429.102s][info][gc,heap     ] GC(820) Humongous regions: 1->1
[429.102s][info][gc,metaspace] GC(820) Metaspace: 42994K(43456K)->42994K(43456K) NonClass: 38652K(38912K)->38652K(38912K) Class: 4342K(4544K)->4342K(4544K)
[429.102s][info][gc          ] GC(820) Pause Young (Mixed) (G1 Evacuation Pause) 209M->57M(256M) 8.213ms
[429.102s][info][gc,cpu      ] GC(820) User=0.01s Sys=0.00s Real=0.01s
[429.648s][info][gc,start    ] GC(821) Pause Young (Concurrent Start) (G1 Humongous Allocation)
[429.648s][info][gc,task     ] GC(821) Using 2 workers of 2 for evacuation
[429.652s][info][gc,phases   ] GC(821)   Pre Evacuate Collection Set: 0.46ms
[429.652s][info][gc,phases   ] GC(821)   Merge Heap Roots: 0.07ms
[429.652s][info][gc,phases   ] GC(821)   Evacuate Collection Set: 3.15ms
[429.652s][info][gc,phases   ] GC(821)   Post Evacuate Collection Set: 0.38ms
[429.652s][info][gc,phases   ] GC(821)   Other: 0.10ms
[429.652s][info][gc,heap     ] GC(821) Eden regions: 61->0(149)
[429.652s][info][gc,heap     ] GC(821) Survivor regions: 3->4(20)
[429.652s][info][gc,heap     ] GC(821) Old regions: 54->54
[429.652s][info][gc,heap     ] GC(821) Humongous regions: 1->1
[429.652s][info][gc,metaspace] GC(821) Metaspace: 42994K(43456K)->42994K(43456K) NonClass: 38652K(38912K)->38652K(38912K) Class: 4342K(4544K)->4342K(4544K)
[429.652s][info][gc          ] GC(821) Pause Young (Concurrent Start) (G1 Humongous Allocation) 117M->57M(256M) 4.340ms
[429.652s][info][gc,cpu      ] GC(821) User=0.00s Sys=0.00s Real=0.00s
[429.652s][info][gc          ] GC(822) Concurrent Mark Cycle
[429.653s][info][gc,marking  ] GC(822) Concurrent Scan Root Regions
[429.655s][info][gc,marking  ] GC(822) Concurrent Scan Root Regions 2.980ms
[429.656s][info][gc,marking  ] GC(822) Concurrent Mark
[429.656s][info][gc,marking  ] GC(822) Concurrent Mark From Roots
[429.656s][info][gc,task     ] GC(822) Using 1 workers of 1 for marking
[429.759s][info][gc,marking  ] GC(822) Concurrent Mark From Roots 103.071ms
[429.759s][info][gc,marking  ] GC(822) Concurrent Preclean
[429.759s][info][gc,marking  ] GC(822) Concurrent Preclean 0.240ms
[429.759s][info][gc,start    ] GC(822) Pause Remark
[429.775s][info][gc          ] GC(822) Pause Remark 72M->72M(256M) 16.315ms
[429.776s][info][gc,cpu      ] GC(822) User=0.03s Sys=0.00s Real=0.02s
[429.776s][info][gc,marking  ] GC(822) Concurrent Mark 120.012ms
[429.776s][info][gc,marking  ] GC(822) Concurrent Rebuild Remembered Sets and Scrub Regions
[429.808s][info][gc,marking  ] GC(822) Concurrent Rebuild Remembered Sets and Scrub Regions 32.410ms
[429.808s][info][gc,start    ] GC(822) Pause Cleanup
[429.808s][info][gc          ] GC(822) Pause Cleanup 77M->77M(256M) 0.051ms
[429.808s][info][gc,cpu      ] GC(822) User=0.00s Sys=0.00s Real=0.00s
[429.808s][info][gc,marking  ] GC(822) Concurrent Clear Claimed Marks
[429.808s][info][gc,marking  ] GC(822) Concurrent Clear Claimed Marks 0.038ms
[429.808s][info][gc,marking  ] GC(822) Concurrent Cleanup for Next Mark
[429.809s][info][gc,marking  ] GC(822) Concurrent Cleanup for Next Mark 0.808ms
[429.809s][info][gc          ] GC(822) Concurrent Mark Cycle 156.704ms
[430.466s][info][gc,start    ] GC(823) Pause Young (Prepare Mixed) (G1 Evacuation Pause)
[430.466s][info][gc,task     ] GC(823) Using 2 workers of 2 for evacuation
[430.478s][info][gc,phases   ] GC(823)   Pre Evacuate Collection Set: 0.18ms
[430.478s][info][gc,phases   ] GC(823)   Merge Heap Roots: 0.10ms
[430.478s][info][gc,phases   ] GC(823)   Evacuate Collection Set: 11.69ms
[430.478s][info][gc,phases   ] GC(823)   Post Evacuate Collection Set: 0.52ms
[430.478s][info][gc,phases   ] GC(823)   Other: 0.11ms
[430.478s][info][gc,heap     ] GC(823) Eden regions: 149->0(141)
[430.478s][info][gc,heap     ] GC(823) Survivor regions: 4->12(20)
[430.478s][info][gc,heap     ] GC(823) Old regions: 54->54
[430.478s][info][gc,heap     ] GC(823) Humongous regions: 13->3
[430.479s][info][gc,metaspace] GC(823) Metaspace: 43017K(43456K)->43017K(43456K) NonClass: 38675K(38912K)->38675K(38912K) Class: 4342K(4544K)->4342K(4544K)
[430.479s][info][gc          ] GC(823) Pause Young (Prepare Mixed) (G1 Evacuation Pause) 218M->67M(256M) 12.796ms
[430.479s][info][gc,cpu      ] GC(823) User=0.02s Sys=0.00s Real=0.01s
[430.812s][info][gc,start    ] GC(824) Pause Young (Mixed) (G1 Evacuation Pause)
[430.812s][info][gc,task     ] GC(824) Using 2 workers of 2 for evacuation
[430.842s][info][gc,phases   ] GC(824)   Pre Evacuate Collection Set: 0.17ms
[430.843s][info][gc,phases   ] GC(824)   Merge Heap Roots: 0.11ms
[430.843s][info][gc,phases   ] GC(824)   Evacuate Collection Set: 29.70ms
[430.843s][info][gc,phases   ] GC(824)   Post Evacuate Collection Set: 0.47ms
[430.843s][info][gc,phases   ] GC(824)   Other: 0.12ms
[430.843s][info][gc,heap     ] GC(824) Eden regions: 141->0(136)
[430.843s][info][gc,heap     ] GC(824) Survivor regions: 12->17(20)
[430.843s][info][gc,heap     ] GC(824) Old regions: 54->55
[430.843s][info][gc,heap     ] GC(824) Humongous regions: 4->4
[430.843s][info][gc,metaspace] GC(824) Metaspace: 43017K(43456K)->43017K(43456K) NonClass: 38675K(38912K)->38675K(38912K) Class: 4342K(4544K)->4342K(4544K)
[430.843s][info][gc          ] GC(824) Pause Young (Mixed) (G1 Evacuation Pause) 209M->75M(256M) 30.789ms
[430.843s][info][gc,cpu      ] GC(824) User=0.06s Sys=0.00s Real=0.03s
[431.115s][info][gc,start    ] GC(825) Pause Young (Concurrent Start) (G1 Humongous Allocation)
[431.115s][info][gc,task     ] GC(825) Using 2 workers of 2 for evacuation
[431.143s][info][gc,phases   ] GC(825)   Pre Evacuate Collection Set: 0.19ms
[431.143s][info][gc,phases   ] GC(825)   Merge Heap Roots: 0.06ms
[431.143s][info][gc,phases   ] GC(825)   Evacuate Collection Set: 26.69ms
[431.143s][info][gc,phases   ] GC(825)   Post Evacuate Collection Set: 0.41ms
[431.143s][info][gc,phases   ] GC(825)   Other: 0.10ms
[431.143s][info][gc,heap     ] GC(825) Eden regions: 113->0(136)
[431.143s][info][gc,heap     ] GC(825) Survivor regions: 17->13(20)
[431.143s][info][gc,heap     ] GC(825) Old regions: 55->72
[431.143s][info][gc,heap     ] GC(825) Humongous regions: 4->4
[431.143s][info][gc,metaspace] GC(825) Metaspace: 43017K(43456K)->43017K(43456K) NonClass: 38675K(38912K)->38675K(38912K) Class: 4342K(4544K)->4342K(4544K)
[431.143s][info][gc          ] GC(825) Pause Young (Concurrent Start) (G1 Humongous Allocation) 188M->88M(256M) 27.651ms
[431.143s][info][gc,cpu      ] GC(825) User=0.05s Sys=0.00s Real=0.02s
[431.143s][info][gc          ] GC(826) Concurrent Mark Cycle
[431.144s][info][gc,marking  ] GC(826) Concurrent Scan Root Regions
[431.185s][info][gc,marking  ] GC(826) Concurrent Scan Root Regions 41.147ms
[431.185s][info][gc,marking  ] GC(826) Concurrent Mark
[431.185s][info][gc,marking  ] GC(826) Concurrent Mark From Roots
[431.185s][info][gc,task     ] GC(826) Using 1 workers of 1 for marking
[431.309s][info][gc,marking  ] GC(826) Concurrent Mark From Roots 123.485ms
[431.309s][info][gc,marking  ] GC(826) Concurrent Preclean
[431.309s][info][gc,marking  ] GC(826) Concurrent Preclean 0.071ms
[431.310s][info][gc,start    ] GC(826) Pause Remark
[431.327s][info][gc          ] GC(826) Pause Remark 133M->130M(256M) 17.480ms
[431.328s][info][gc,cpu      ] GC(826) User=0.03s Sys=0.00s Real=0.02s
[431.328s][info][gc,marking  ] GC(826) Concurrent Mark 142.474ms
[431.328s][info][gc,marking  ] GC(826) Concurrent Rebuild Remembered Sets and Scrub Regions
[431.417s][info][gc,marking  ] GC(826) Concurrent Rebuild Remembered Sets and Scrub Regions 89.760ms
[431.419s][info][gc,start    ] GC(826) Pause Cleanup
[431.419s][info][gc          ] GC(826) Pause Cleanup 169M->169M(256M) 0.062ms
[431.419s][info][gc,cpu      ] GC(826) User=0.00s Sys=0.00s Real=0.00s
[431.419s][info][gc,marking  ] GC(826) Concurrent Clear Claimed Marks
[431.419s][info][gc,marking  ] GC(826) Concurrent Clear Claimed Marks 0.056ms
[431.419s][info][gc,marking  ] GC(826) Concurrent Cleanup for Next Mark
[431.420s][info][gc,marking  ] GC(826) Concurrent Cleanup for Next Mark 0.824ms
[431.420s][info][gc          ] GC(826) Concurrent Mark Cycle 277.236ms
[431.539s][info][gc,start    ] GC(827) Pause Young (Prepare Mixed) (G1 Evacuation Pause)
[431.539s][info][gc,task     ] GC(827) Using 2 workers of 2 for evacuation
[431.570s][info][gc,phases   ] GC(827)   Pre Evacuate Collection Set: 0.17ms
[431.570s][info][gc,phases   ] GC(827)   Merge Heap Roots: 0.12ms
[431.570s][info][gc,phases   ] GC(827)   Evacuate Collection Set: 30.00ms
[431.570s][info][gc,phases   ] GC(827)   Post Evacuate Collection Set: 0.42ms
[431.570s][info][gc,phases   ] GC(827)   Other: 0.07ms
[431.570s][info][gc,heap     ] GC(827) Eden regions: 136->0(122)
[431.570s][info][gc,heap     ] GC(827) Survivor regions: 13->15(19)
[431.570s][info][gc,heap     ] GC(827) Old regions: 69->82
[431.570s][info][gc,heap     ] GC(827) Humongous regions: 6->6
[431.570s][info][gc,metaspace] GC(827) Metaspace: 43017K(43456K)->43017K(43456K) NonClass: 38675K(38912K)->38675K(38912K) Class: 4342K(4544K)->4342K(4544K)
[431.570s][info][gc          ] GC(827) Pause Young (Prepare Mixed) (G1 Evacuation Pause) 223M->102M(256M) 30.975ms
[431.570s][info][gc,cpu      ] GC(827) User=0.06s Sys=0.00s Real=0.03s
[431.849s][info][gc,start    ] GC(828) Pause Young (Mixed) (G1 Evacuation Pause)
[431.849s][info][gc,task     ] GC(828) Using 2 workers of 2 for evacuation
[431.881s][info][gc,phases   ] GC(828)   Pre Evacuate Collection Set: 0.19ms
[431.881s][info][gc,phases   ] GC(828)   Merge Heap Roots: 0.10ms
[431.881s][info][gc,phases   ] GC(828)   Evacuate Collection Set: 31.42ms
[431.881s][info][gc,phases   ] GC(828)   Post Evacuate Collection Set: 0.46ms
[431.881s][info][gc,phases   ] GC(828)   Other: 0.07ms
[431.881s][info][gc,heap     ] GC(828) Eden regions: 122->0(117)
[431.881s][info][gc,heap     ] GC(828) Survivor regions: 15->14(18)
[431.881s][info][gc,heap     ] GC(828) Old regions: 82->88
[431.881s][info][gc,heap     ] GC(828) Humongous regions: 6->6
[431.881s][info][gc,metaspace] GC(828) Metaspace: 43017K(43456K)->43017K(43456K) NonClass: 38675K(38912K)->38675K(38912K) Class: 4342K(4544K)->4342K(4544K)
[431.881s][info][gc          ] GC(828) Pause Young (Mixed) (G1 Evacuation Pause) 224M->107M(256M) 32.500ms
[431.881s][info][gc,cpu      ] GC(828) User=0.06s Sys=0.00s Real=0.03s
[431.938s][info][gc,start    ] GC(829) Pause Young (Concurrent Start) (G1 Humongous Allocation)
[431.939s][info][gc,task     ] GC(829) Using 2 workers of 2 for evacuation
[431.959s][info][gc,phases   ] GC(829)   Pre Evacuate Collection Set: 0.17ms
[431.959s][info][gc,phases   ] GC(829)   Merge Heap Roots: 0.06ms
[431.959s][info][gc,phases   ] GC(829)   Evacuate Collection Set: 19.97ms
[431.959s][info][gc,phases   ] GC(829)   Post Evacuate Collection Set: 0.38ms
[431.959s][info][gc,phases   ] GC(829)   Other: 0.14ms
[431.959s][info][gc,heap     ] GC(829) Eden regions: 28->0(112)
[431.959s][info][gc,heap     ] GC(829) Survivor regions: 14->6(17)
[431.959s][info][gc,heap     ] GC(829) Old regions: 88->102
[431.959s][info][gc,heap     ] GC(829) Humongous regions: 6->6
[431.959s][info][gc,metaspace] GC(829) Metaspace: 43017K(43456K)->43017K(43456K) NonClass: 38675K(38912K)->38675K(38912K) Class: 4342K(4544K)->4342K(4544K)
[431.959s][info][gc          ] GC(829) Pause Young (Concurrent Start) (G1 Humongous Allocation) 135M->113M(256M) 20.925ms
[431.959s][info][gc          ] GC(830) Concurrent Mark Cycle
[431.959s][info][gc,marking  ] GC(830) Concurrent Scan Root Regions
[431.962s][info][gc,cpu      ] GC(829) User=0.05s Sys=0.00s Real=0.02s
[432.001s][info][gc,marking  ] GC(830) Concurrent Scan Root Regions 41.132ms
[432.001s][info][gc,marking  ] GC(830) Concurrent Mark
[432.001s][info][gc,marking  ] GC(830) Concurrent Mark From Roots
[432.001s][info][gc,task     ] GC(830) Using 1 workers of 1 for marking
[432.159s][info][gc,marking  ] GC(830) Concurrent Mark From Roots 158.827ms
[432.159s][info][gc,marking  ] GC(830) Concurrent Preclean
[432.160s][info][gc,marking  ] GC(830) Concurrent Preclean 0.064ms
[432.160s][info][gc,start    ] GC(830) Pause Remark
[432.177s][info][gc          ] GC(830) Pause Remark 160M->159M(256M) 17.132ms
[432.177s][info][gc,cpu      ] GC(830) User=0.04s Sys=0.00s Real=0.02s
[432.178s][info][gc,marking  ] GC(830) Concurrent Mark 177.333ms
[432.178s][info][gc,marking  ] GC(830) Concurrent Rebuild Remembered Sets and Scrub Regions
[432.325s][info][gc,marking  ] GC(830) Concurrent Rebuild Remembered Sets and Scrub Regions 146.941ms
[432.325s][info][gc,start    ] GC(830) Pause Cleanup
[432.325s][info][gc          ] GC(830) Pause Cleanup 195M->195M(256M) 0.076ms
[432.325s][info][gc,cpu      ] GC(830) User=0.00s Sys=0.00s Real=0.00s
[432.325s][info][gc,marking  ] GC(830) Concurrent Clear Claimed Marks
[432.325s][info][gc,marking  ] GC(830) Concurrent Clear Claimed Marks 0.051ms
[432.325s][info][gc,marking  ] GC(830) Concurrent Cleanup for Next Mark
[432.328s][info][gc,marking  ] GC(830) Concurrent Cleanup for Next Mark 2.845ms
[432.328s][info][gc          ] GC(830) Concurrent Mark Cycle 368.786ms
[432.458s][info][gc,start    ] GC(831) Pause Young (Prepare Mixed) (G1 Evacuation Pause)
[432.458s][info][gc,task     ] GC(831) Using 2 workers of 2 for evacuation
[432.480s][info][gc,phases   ] GC(831)   Pre Evacuate Collection Set: 0.17ms
[432.480s][info][gc,phases   ] GC(831)   Merge Heap Roots: 0.12ms
[432.480s][info][gc,phases   ] GC(831)   Evacuate Collection Set: 21.11ms
[432.480s][info][gc,phases   ] GC(831)   Post Evacuate Collection Set: 0.44ms
[432.480s][info][gc,phases   ] GC(831)   Other: 0.09ms
[432.480s][info][gc,heap     ] GC(831) Eden regions: 112->0(103)
[432.480s][info][gc,heap     ] GC(831) Survivor regions: 6->14(15)
[432.480s][info][gc,heap     ] GC(831) Old regions: 102->102
[432.480s][info][gc,heap     ] GC(831) Humongous regions: 10->9
[432.480s][info][gc,metaspace] GC(831) Metaspace: 43017K(43456K)->43017K(43456K) NonClass: 38675K(38912K)->38675K(38912K) Class: 4342K(4544K)->4342K(4544K)
[432.480s][info][gc          ] GC(831) Pause Young (Prepare Mixed) (G1 Evacuation Pause) 229M->124M(256M) 22.195ms
[432.480s][info][gc,cpu      ] GC(831) User=0.04s Sys=0.00s Real=0.02s
[435.334s][info][gc,start    ] GC(832) Pause Young (Mixed) (G1 Evacuation Pause)
[435.334s][info][gc,task     ] GC(832) Using 2 workers of 2 for evacuation
[435.376s][info][gc,phases   ] GC(832)   Pre Evacuate Collection Set: 0.21ms
[435.376s][info][gc,phases   ] GC(832)   Merge Heap Roots: 0.28ms
[435.376s][info][gc,phases   ] GC(832)   Evacuate Collection Set: 39.70ms
[435.376s][info][gc,phases   ] GC(832)   Post Evacuate Collection Set: 1.53ms
[435.376s][info][gc,phases   ] GC(832)   Other: 0.08ms
[435.376s][info][gc,heap     ] GC(832) Eden regions: 103->0(224)
[435.376s][info][gc,heap     ] GC(832) Survivor regions: 14->8(15)
[435.376s][info][gc,heap     ] GC(832) Old regions: 102->113
[435.376s][info][gc,heap     ] GC(832) Humongous regions: 12->7
[435.376s][info][gc,metaspace] GC(832) Metaspace: 43021K(43456K)->43021K(43456K) NonClass: 38679K(38912K)->38679K(38912K) Class: 4342K(4544K)->4342K(4544K)
[435.376s][info][gc          ] GC(832) Pause Young (Mixed) (G1 Evacuation Pause) 230M->127M(401M) 41.991ms
[435.376s][info][gc,cpu      ] GC(832) User=0.06s Sys=0.00s Real=0.05s
[436.123s][info][gc,start    ] GC(833) Pause Young (Concurrent Start) (G1 Humongous Allocation)
[436.123s][info][gc,task     ] GC(833) Using 2 workers of 2 for evacuation
[436.138s][info][gc,phases   ] GC(833)   Pre Evacuate Collection Set: 0.23ms
[436.138s][info][gc,phases   ] GC(833)   Merge Heap Roots: 0.11ms
[436.138s][info][gc,phases   ] GC(833)   Evacuate Collection Set: 13.99ms
[436.138s][info][gc,phases   ] GC(833)   Post Evacuate Collection Set: 0.44ms
[436.138s][info][gc,phases   ] GC(833)   Other: 0.12ms
[436.138s][info][gc,heap     ] GC(833) Eden regions: 189->0(229)
[436.138s][info][gc,heap     ] GC(833) Survivor regions: 8->10(29)
[436.138s][info][gc,heap     ] GC(833) Old regions: 113->113
[436.138s][info][gc,heap     ] GC(833) Humongous regions: 7->7
[436.138s][info][gc,metaspace] GC(833) Metaspace: 43025K(43456K)->43025K(43456K) NonClass: 38683K(38912K)->38683K(38912K) Class: 4342K(4544K)->4342K(4544K)
[436.138s][info][gc          ] GC(833) Pause Young (Concurrent Start) (G1 Humongous Allocation) 315M->129M(401M) 15.067ms
[436.138s][info][gc,cpu      ] GC(833) User=0.03s Sys=0.00s Real=0.02s
[436.138s][info][gc          ] GC(834) Concurrent Mark Cycle
[436.138s][info][gc,marking  ] GC(834) Concurrent Scan Root Regions
[436.153s][info][gc,marking  ] GC(834) Concurrent Scan Root Regions 15.427ms
[436.153s][info][gc,marking  ] GC(834) Concurrent Mark
[436.153s][info][gc,marking  ] GC(834) Concurrent Mark From Roots
[436.153s][info][gc,task     ] GC(834) Using 1 workers of 1 for marking
[436.183s][info][gc,marking  ] GC(834) Concurrent Mark From Roots 29.825ms
[436.183s][info][gc,marking  ] GC(834) Concurrent Preclean
[436.183s][info][gc,marking  ] GC(834) Concurrent Preclean 0.052ms
[436.183s][info][gc,start    ] GC(834) Pause Remark
[436.200s][info][gc          ] GC(834) Pause Remark 149M->122M(350M) 16.547ms
[436.200s][info][gc,cpu      ] GC(834) User=0.03s Sys=0.00s Real=0.02s
[436.201s][info][gc,marking  ] GC(834) Concurrent Mark 48.165ms
[436.201s][info][gc,marking  ] GC(834) Concurrent Rebuild Remembered Sets and Scrub Regions
[436.215s][info][gc,marking  ] GC(834) Concurrent Rebuild Remembered Sets and Scrub Regions 13.236ms
[436.215s][info][gc,start    ] GC(834) Pause Cleanup
[436.215s][info][gc          ] GC(834) Pause Cleanup 127M->127M(350M) 0.082ms
[436.215s][info][gc,cpu      ] GC(834) User=0.00s Sys=0.00s Real=0.00s
[436.215s][info][gc,marking  ] GC(834) Concurrent Clear Claimed Marks
[436.215s][info][gc,marking  ] GC(834) Concurrent Clear Claimed Marks 0.036ms
[436.215s][info][gc,marking  ] GC(834) Concurrent Cleanup for Next Mark
[436.217s][info][gc,marking  ] GC(834) Concurrent Cleanup for Next Mark 2.368ms
[436.218s][info][gc          ] GC(834) Concurrent Mark Cycle 79.706ms
[436.676s][info][gc,start    ] GC(835) Pause Young (Prepare Mixed) (G1 Evacuation Pause)
[436.676s][info][gc,task     ] GC(835) Using 2 workers of 2 for evacuation
[436.707s][info][gc,phases   ] GC(835)   Pre Evacuate Collection Set: 0.21ms
[436.707s][info][gc,phases   ] GC(835)   Merge Heap Roots: 0.11ms
[436.707s][info][gc,phases   ] GC(835)   Evacuate Collection Set: 30.08ms
[436.707s][info][gc,phases   ] GC(835)   Post Evacuate Collection Set: 0.49ms
[436.707s][info][gc,phases   ] GC(835)   Other: 0.08ms
[436.707s][info][gc,heap     ] GC(835) Eden regions: 200->0(181)
[436.707s][info][gc,heap     ] GC(835) Survivor regions: 10->27(27)
[436.707s][info][gc,heap     ] GC(835) Old regions: 92->93
[436.708s][info][gc,heap     ] GC(835) Humongous regions: 4->4
[436.708s][info][gc,metaspace] GC(835) Metaspace: 43026K(43456K)->43026K(43456K) NonClass: 38683K(38912K)->38683K(38912K) Class: 4342K(4544K)->4342K(4544K)
[436.708s][info][gc          ] GC(835) Pause Young (Prepare Mixed) (G1 Evacuation Pause) 305M->123M(350M) 31.184ms
[436.708s][info][gc,cpu      ] GC(835) User=0.06s Sys=0.00s Real=0.03s
[437.170s][info][gc,start    ] GC(836) Pause Young (Mixed) (G1 Evacuation Pause)
[437.170s][info][gc,task     ] GC(836) Using 2 workers of 2 for evacuation
[437.226s][info][gc,phases   ] GC(836)   Pre Evacuate Collection Set: 0.22ms
[437.226s][info][gc,phases   ] GC(836)   Merge Heap Roots: 0.12ms
[437.226s][info][gc,phases   ] GC(836)   Evacuate Collection Set: 54.56ms
[437.226s][info][gc,phases   ] GC(836)   Post Evacuate Collection Set: 0.48ms
[437.226s][info][gc,phases   ] GC(836)   Other: 0.08ms
[437.226s][info][gc,heap     ] GC(836) Eden regions: 181->0(191)
[437.226s][info][gc,heap     ] GC(836) Survivor regions: 27->22(26)
[437.226s][info][gc,heap     ] GC(836) Old regions: 93->85
[437.226s][info][gc,heap     ] GC(836) Humongous regions: 6->6
[437.226s][info][gc,metaspace] GC(836) Metaspace: 43026K(43456K)->43026K(43456K) NonClass: 38683K(38912K)->38683K(38912K) Class: 4342K(4544K)->4342K(4544K)
[437.226s][info][gc          ] GC(836) Pause Young (Mixed) (G1 Evacuation Pause) 306M->111M(356M) 55.664ms
[437.226s][info][gc,cpu      ] GC(836) User=0.11s Sys=0.01s Real=0.06s
[437.736s][info][gc,start    ] GC(837) Pause Young (Mixed) (G1 Evacuation Pause)
[437.736s][info][gc,task     ] GC(837) Using 2 workers of 2 for evacuation
[437.790s][info][gc,phases   ] GC(837)   Pre Evacuate Collection Set: 0.31ms
[437.790s][info][gc,phases   ] GC(837)   Merge Heap Roots: 0.19ms
[437.790s][info][gc,phases   ] GC(837)   Evacuate Collection Set: 53.51ms
[437.790s][info][gc,phases   ] GC(837)   Post Evacuate Collection Set: 0.53ms
[437.790s][info][gc,phases   ] GC(837)   Other: 0.08ms
[437.790s][info][gc,heap     ] GC(837) Eden regions: 191->0(189)
[437.790s][info][gc,heap     ] GC(837) Survivor regions: 22->22(27)
[437.790s][info][gc,heap     ] GC(837) Old regions: 85->85
[437.790s][info][gc,heap     ] GC(837) Humongous regions: 10->10
[437.790s][info][gc,metaspace] GC(837) Metaspace: 43026K(43456K)->43026K(43456K) NonClass: 38683K(38912K)->38683K(38912K) Class: 4342K(4544K)->4342K(4544K)
[437.791s][info][gc          ] GC(837) Pause Young (Mixed) (G1 Evacuation Pause) 306M->115M(356M) 54.853ms
[437.791s][info][gc,cpu      ] GC(837) User=0.10s Sys=0.00s Real=0.05s
[438.258s][info][gc,start    ] GC(838) Pause Young (Concurrent Start) (G1 Humongous Allocation)
[438.258s][info][gc,task     ] GC(838) Using 2 workers of 2 for evacuation
[438.311s][info][gc,phases   ] GC(838)   Pre Evacuate Collection Set: 0.25ms
[438.311s][info][gc,phases   ] GC(838)   Merge Heap Roots: 0.13ms
[438.311s][info][gc,phases   ] GC(838)   Evacuate Collection Set: 52.43ms
[438.311s][info][gc,phases   ] GC(838)   Post Evacuate Collection Set: 0.51ms
[438.311s][info][gc,phases   ] GC(838)   Other: 0.12ms
[438.311s][info][gc,heap     ] GC(838) Eden regions: 111->0(165)
[438.311s][info][gc,heap     ] GC(838) Survivor regions: 22->22(27)
[438.311s][info][gc,heap     ] GC(838) Old regions: 85->107
[438.311s][info][gc,heap     ] GC(838) Humongous regions: 10->10
[438.311s][info][gc,metaspace] GC(838) Metaspace: 43026K(43456K)->43026K(43456K) NonClass: 38683K(38912K)->38683K(38912K) Class: 4342K(4544K)->4342K(4544K)
[438.311s][info][gc          ] GC(838) Pause Young (Concurrent Start) (G1 Humongous Allocation) 226M->137M(356M) 53.700ms
[438.311s][info][gc,cpu      ] GC(838) User=0.10s Sys=0.00s Real=0.05s
[438.311s][info][gc          ] GC(839) Concurrent Mark Cycle
[438.312s][info][gc,marking  ] GC(839) Concurrent Scan Root Regions
[438.364s][info][gc,marking  ] GC(839) Concurrent Scan Root Regions 52.710ms
[438.364s][info][gc,marking  ] GC(839) Concurrent Mark
[438.364s][info][gc,marking  ] GC(839) Concurrent Mark From Roots
[438.364s][info][gc,task     ] GC(839) Using 1 workers of 1 for marking
[438.461s][info][gc,marking  ] GC(839) Concurrent Mark From Roots 96.278ms
[438.461s][info][gc,marking  ] GC(839) Concurrent Preclean
[438.461s][info][gc,marking  ] GC(839) Concurrent Preclean 0.041ms
[438.461s][info][gc,start    ] GC(839) Pause Remark
[438.478s][info][gc          ] GC(839) Pause Remark 147M->137M(356M) 16.682ms
[438.478s][info][gc,cpu      ] GC(839) User=0.03s Sys=0.00s Real=0.02s
[438.478s][info][gc,marking  ] GC(839) Concurrent Mark 113.377ms
[438.478s][info][gc,marking  ] GC(839) Concurrent Rebuild Remembered Sets and Scrub Regions
[438.542s][info][gc,marking  ] GC(839) Concurrent Rebuild Remembered Sets and Scrub Regions 64.013ms
[438.542s][info][gc,start    ] GC(839) Pause Cleanup
[438.542s][info][gc          ] GC(839) Pause Cleanup 141M->141M(356M) 0.070ms
[438.542s][info][gc,cpu      ] GC(839) User=0.00s Sys=0.00s Real=0.00s
[438.542s][info][gc,marking  ] GC(839) Concurrent Clear Claimed Marks
[438.542s][info][gc,marking  ] GC(839) Concurrent Clear Claimed Marks 0.042ms
[438.542s][info][gc,marking  ] GC(839) Concurrent Cleanup for Next Mark
[438.543s][info][gc,marking  ] GC(839) Concurrent Cleanup for Next Mark 1.113ms
[438.543s][info][gc          ] GC(839) Concurrent Mark Cycle 231.727ms
[439.691s][info][gc,start    ] GC(840) Pause Young (Prepare Mixed) (G1 Evacuation Pause)
[439.691s][info][gc,task     ] GC(840) Using 2 workers of 2 for evacuation
[439.726s][info][gc,phases   ] GC(840)   Pre Evacuate Collection Set: 0.29ms
[439.726s][info][gc,phases   ] GC(840)   Merge Heap Roots: 0.18ms
[439.726s][info][gc,phases   ] GC(840)   Evacuate Collection Set: 33.87ms
[439.726s][info][gc,phases   ] GC(840)   Post Evacuate Collection Set: 0.53ms
[439.726s][info][gc,phases   ] GC(840)   Other: 0.09ms
[439.726s][info][gc,heap     ] GC(840) Eden regions: 165->0(166)
[439.726s][info][gc,heap     ] GC(840) Survivor regions: 22->13(24)
[439.726s][info][gc,heap     ] GC(840) Old regions: 100->112
[439.726s][info][gc,heap     ] GC(840) Humongous regions: 15->13
[439.726s][info][gc,metaspace] GC(840) Metaspace: 43026K(43456K)->43026K(43456K) NonClass: 38683K(38912K)->38683K(38912K) Class: 4342K(4544K)->4342K(4544K)
[439.726s][info][gc          ] GC(840) Pause Young (Prepare Mixed) (G1 Evacuation Pause) 300M->136M(356M) 35.154ms
[439.726s][info][gc,cpu      ] GC(840) User=0.07s Sys=0.00s Real=0.04s
[440.698s][info][gc,start    ] GC(841) Pause Young (Mixed) (G1 Evacuation Pause)
[440.698s][info][gc,task     ] GC(841) Using 2 workers of 2 for evacuation
[440.712s][info][gc,phases   ] GC(841)   Pre Evacuate Collection Set: 0.23ms
[440.712s][info][gc,phases   ] GC(841)   Merge Heap Roots: 0.11ms
[440.712s][info][gc,phases   ] GC(841)   Evacuate Collection Set: 13.75ms
[440.712s][info][gc,phases   ] GC(841)   Post Evacuate Collection Set: 0.44ms
[440.712s][info][gc,phases   ] GC(841)   Other: 0.08ms
[440.712s][info][gc,heap     ] GC(841) Eden regions: 166->0(177)
[440.712s][info][gc,heap     ] GC(841) Survivor regions: 13->2(23)
[440.713s][info][gc,heap     ] GC(841) Old regions: 112->120
[440.713s][info][gc,heap     ] GC(841) Humongous regions: 13->13
[440.713s][info][gc,metaspace] GC(841) Metaspace: 43026K(43456K)->43026K(43456K) NonClass: 38683K(38912K)->38683K(38912K) Class: 4342K(4544K)->4342K(4544K)
[440.713s][info][gc          ] GC(841) Pause Young (Mixed) (G1 Evacuation Pause) 302M->134M(356M) 14.815ms
[440.713s][info][gc,cpu      ] GC(841) User=0.03s Sys=0.00s Real=0.01s
[441.866s][info][gc,start    ] GC(842) Pause Young (Concurrent Start) (G1 Evacuation Pause)
[441.866s][info][gc,task     ] GC(842) Using 2 workers of 2 for evacuation
[441.887s][info][gc,phases   ] GC(842)   Pre Evacuate Collection Set: 0.22ms
[441.887s][info][gc,phases   ] GC(842)   Merge Heap Roots: 0.11ms
[441.887s][info][gc,phases   ] GC(842)   Evacuate Collection Set: 20.84ms
[441.887s][info][gc,phases   ] GC(842)   Post Evacuate Collection Set: 0.44ms
[441.887s][info][gc,phases   ] GC(842)   Other: 0.09ms
[441.887s][info][gc,heap     ] GC(842) Eden regions: 177->0(157)
[441.887s][info][gc,heap     ] GC(842) Survivor regions: 2->22(23)
[441.887s][info][gc,heap     ] GC(842) Old regions: 120->120
[441.887s][info][gc,heap     ] GC(842) Humongous regions: 13->13
[441.887s][info][gc,metaspace] GC(842) Metaspace: 43026K(43456K)->43026K(43456K) NonClass: 38683K(38912K)->38683K(38912K) Class: 4342K(4544K)->4342K(4544K)
[441.887s][info][gc          ] GC(842) Pause Young (Concurrent Start) (G1 Evacuation Pause) 311M->153M(356M) 21.896ms
[441.887s][info][gc,cpu      ] GC(842) User=0.04s Sys=0.00s Real=0.02s
[441.887s][info][gc          ] GC(843) Concurrent Mark Cycle
[441.887s][info][gc,marking  ] GC(843) Concurrent Scan Root Regions
[441.904s][info][gc,marking  ] GC(843) Concurrent Scan Root Regions 16.297ms
[441.904s][info][gc,marking  ] GC(843) Concurrent Mark
[441.904s][info][gc,marking  ] GC(843) Concurrent Mark From Roots
[441.904s][info][gc,task     ] GC(843) Using 1 workers of 1 for marking
[441.942s][info][gc,marking  ] GC(843) Concurrent Mark From Roots 38.614ms
[441.942s][info][gc,marking  ] GC(843) Concurrent Preclean
[441.943s][info][gc,marking  ] GC(843) Concurrent Preclean 0.036ms
[441.943s][info][gc,start    ] GC(843) Pause Remark
[441.959s][info][gc          ] GC(843) Pause Remark 162M->78M(256M) 16.395ms
[441.959s][info][gc,cpu      ] GC(843) User=0.03s Sys=0.00s Real=0.02s
[441.959s][info][gc,marking  ] GC(843) Concurrent Mark 55.423ms
[441.959s][info][gc,marking  ] GC(843) Concurrent Rebuild Remembered Sets and Scrub Regions
[441.974s][info][gc,marking  ] GC(843) Concurrent Rebuild Remembered Sets and Scrub Regions 15.194ms
[441.975s][info][gc,start    ] GC(843) Pause Cleanup
[441.975s][info][gc          ] GC(843) Pause Cleanup 80M->80M(256M) 0.042ms
[441.975s][info][gc,cpu      ] GC(843) User=0.00s Sys=0.00s Real=0.00s
[441.975s][info][gc,marking  ] GC(843) Concurrent Clear Claimed Marks
[441.975s][info][gc,marking  ] GC(843) Concurrent Clear Claimed Marks 0.038ms
[441.975s][info][gc,marking  ] GC(843) Concurrent Cleanup for Next Mark
[441.976s][info][gc,marking  ] GC(843) Concurrent Cleanup for Next Mark 0.770ms
[441.976s][info][gc          ] GC(843) Concurrent Mark Cycle 88.080ms
[442.755s][info][gc,start    ] GC(844) Pause Young (Prepare Mixed) (G1 Evacuation Pause)
[442.755s][info][gc,task     ] GC(844) Using 2 workers of 2 for evacuation
[442.769s][info][gc,phases   ] GC(844)   Pre Evacuate Collection Set: 0.25ms
[442.770s][info][gc,phases   ] GC(844)   Merge Heap Roots: 0.12ms
[442.770s][info][gc,phases   ] GC(844)   Evacuate Collection Set: 14.05ms
[442.770s][info][gc,phases   ] GC(844)   Post Evacuate Collection Set: 0.39ms
[442.770s][info][gc,phases   ] GC(844)   Other: 0.07ms
[442.770s][info][gc,heap     ] GC(844) Eden regions: 131->0(142)
[442.770s][info][gc,heap     ] GC(844) Survivor regions: 22->11(20)
[442.770s][info][gc,heap     ] GC(844) Old regions: 48->51
[442.770s][info][gc,heap     ] GC(844) Humongous regions: 1->1
[442.771s][info][gc,metaspace] GC(844) Metaspace: 43026K(43456K)->43026K(43456K) NonClass: 38683K(38912K)->38683K(38912K) Class: 4342K(4544K)->4342K(4544K)
[442.771s][info][gc          ] GC(844) Pause Young (Prepare Mixed) (G1 Evacuation Pause) 200M->62M(256M) 16.788ms
[442.771s][info][gc,cpu      ] GC(844) User=0.03s Sys=0.00s Real=0.02s
[443.669s][info][gc,start    ] GC(845) Pause Young (Mixed) (G1 Evacuation Pause)
[443.669s][info][gc,task     ] GC(845) Using 2 workers of 2 for evacuation
[443.693s][info][gc,phases   ] GC(845)   Pre Evacuate Collection Set: 0.16ms
[443.693s][info][gc,phases   ] GC(845)   Merge Heap Roots: 0.08ms
[443.693s][info][gc,phases   ] GC(845)   Evacuate Collection Set: 22.54ms
[443.693s][info][gc,phases   ] GC(845)   Post Evacuate Collection Set: 0.42ms
[443.693s][info][gc,phases   ] GC(845)   Other: 0.07ms
[443.693s][info][gc,heap     ] GC(845) Eden regions: 142->0(139)
[443.693s][info][gc,heap     ] GC(845) Survivor regions: 11->14(20)
[443.693s][info][gc,heap     ] GC(845) Old regions: 51->56
[443.693s][info][gc,heap     ] GC(845) Humongous regions: 2->2
[443.693s][info][gc,metaspace] GC(845) Metaspace: 43026K(43456K)->43026K(43456K) NonClass: 38683K(38912K)->38683K(38912K) Class: 4342K(4544K)->4342K(4544K)
[443.693s][info][gc          ] GC(845) Pause Young (Mixed) (G1 Evacuation Pause) 205M->70M(256M) 23.481ms
[443.693s][info][gc,cpu      ] GC(845) User=0.05s Sys=0.00s Real=0.02s
[444.560s][info][gc,start    ] GC(846) Pause Young (Concurrent Start) (G1 Evacuation Pause)
[444.560s][info][gc,task     ] GC(846) Using 2 workers of 2 for evacuation
[444.586s][info][gc,phases   ] GC(846)   Pre Evacuate Collection Set: 0.20ms
[444.586s][info][gc,phases   ] GC(846)   Merge Heap Roots: 0.08ms
[444.586s][info][gc,phases   ] GC(846)   Evacuate Collection Set: 25.08ms
[444.586s][info][gc,phases   ] GC(846)   Post Evacuate Collection Set: 0.43ms
[444.586s][info][gc,phases   ] GC(846)   Other: 0.11ms
[444.586s][info][gc,heap     ] GC(846) Eden regions: 139->0(133)
[444.586s][info][gc,heap     ] GC(846) Survivor regions: 14->14(20)
[444.586s][info][gc,heap     ] GC(846) Old regions: 56->70
[444.586s][info][gc,heap     ] GC(846) Humongous regions: 2->2
[444.586s][info][gc,metaspace] GC(846) Metaspace: 43026K(43456K)->43026K(43456K) NonClass: 38683K(38912K)->38683K(38912K) Class: 4342K(4544K)->4342K(4544K)
[444.586s][info][gc          ] GC(846) Pause Young (Concurrent Start) (G1 Evacuation Pause) 209M->84M(256M) 26.112ms
[444.586s][info][gc,cpu      ] GC(846) User=0.05s Sys=0.00s Real=0.03s
[444.587s][info][gc          ] GC(847) Concurrent Mark Cycle
[444.587s][info][gc,marking  ] GC(847) Concurrent Scan Root Regions
[444.605s][info][gc,marking  ] GC(847) Concurrent Scan Root Regions 18.744ms
[444.605s][info][gc,marking  ] GC(847) Concurrent Mark
[444.605s][info][gc,marking  ] GC(847) Concurrent Mark From Roots
[444.605s][info][gc,task     ] GC(847) Using 1 workers of 1 for marking
[444.642s][info][gc,marking  ] GC(847) Concurrent Mark From Roots 36.581ms
[444.642s][info][gc,marking  ] GC(847) Concurrent Preclean
[444.642s][info][gc,marking  ] GC(847) Concurrent Preclean 0.036ms
[444.642s][info][gc,start    ] GC(847) Pause Remark
[444.658s][info][gc          ] GC(847) Pause Remark 88M->80M(256M) 16.016ms
[444.658s][info][gc,cpu      ] GC(847) User=0.03s Sys=0.00s Real=0.02s
[444.658s][info][gc,marking  ] GC(847) Concurrent Mark 52.910ms
[444.658s][info][gc,marking  ] GC(847) Concurrent Rebuild Remembered Sets and Scrub Regions
[444.685s][info][gc,marking  ] GC(847) Concurrent Rebuild Remembered Sets and Scrub Regions 27.086ms
[444.686s][info][gc,start    ] GC(847) Pause Cleanup
[444.686s][info][gc          ] GC(847) Pause Cleanup 85M->85M(256M) 0.049ms
[444.686s][info][gc,cpu      ] GC(847) User=0.00s Sys=0.00s Real=0.00s
[444.686s][info][gc,marking  ] GC(847) Concurrent Clear Claimed Marks
[444.686s][info][gc,marking  ] GC(847) Concurrent Clear Claimed Marks 0.039ms
[444.686s][info][gc,marking  ] GC(847) Concurrent Cleanup for Next Mark
[444.686s][info][gc,marking  ] GC(847) Concurrent Cleanup for Next Mark 0.773ms
[444.686s][info][gc          ] GC(847) Concurrent Mark Cycle 99.903ms
[445.101s][info][gc,start    ] GC(848) Pause Young (Prepare Mixed) (G1 Evacuation Pause)
[445.101s][info][gc,task     ] GC(848) Using 2 workers of 2 for evacuation
[445.125s][info][gc,phases   ] GC(848)   Pre Evacuate Collection Set: 0.20ms
[445.125s][info][gc,phases   ] GC(848)   Merge Heap Roots: 0.25ms
[445.125s][info][gc,phases   ] GC(848)   Evacuate Collection Set: 23.02ms
[445.125s][info][gc,phases   ] GC(848)   Post Evacuate Collection Set: 0.44ms
[445.125s][info][gc,phases   ] GC(848)   Other: 0.12ms
[445.125s][info][gc,heap     ] GC(848) Eden regions: 133->0(124)
[445.125s][info][gc,heap     ] GC(848) Survivor regions: 14->19(19)
[445.125s][info][gc,heap     ] GC(848) Old regions: 62->68
[445.125s][info][gc,heap     ] GC(848) Humongous regions: 4->4
[445.125s][info][gc,metaspace] GC(848) Metaspace: 43026K(43456K)->43026K(43456K) NonClass: 38683K(38912K)->38683K(38912K) Class: 4342K(4544K)->4342K(4544K)
[445.125s][info][gc          ] GC(848) Pause Young (Prepare Mixed) (G1 Evacuation Pause) 211M->90M(256M) 24.259ms
[445.125s][info][gc,cpu      ] GC(848) User=0.05s Sys=0.00s Real=0.03s
[445.434s][info][gc,start    ] GC(849) Pause Young (Mixed) (G1 Evacuation Pause)
[445.434s][info][gc,task     ] GC(849) Using 2 workers of 2 for evacuation
[445.492s][info][gc,phases   ] GC(849)   Pre Evacuate Collection Set: 0.19ms
[445.492s][info][gc,phases   ] GC(849)   Merge Heap Roots: 0.18ms
[445.492s][info][gc,phases   ] GC(849)   Evacuate Collection Set: 56.55ms
[445.493s][info][gc,phases   ] GC(849)   Post Evacuate Collection Set: 1.09ms
[445.493s][info][gc,phases   ] GC(849)   Other: 0.09ms
[445.493s][info][gc,heap     ] GC(849) Eden regions: 124->0(144)
[445.493s][info][gc,heap     ] GC(849) Survivor regions: 19->16(18)
[445.493s][info][gc,heap     ] GC(849) Old regions: 68->75
[445.493s][info][gc,heap     ] GC(849) Humongous regions: 5->5
[445.493s][info][gc,metaspace] GC(849) Metaspace: 43026K(43456K)->43026K(43456K) NonClass: 38683K(38912K)->38683K(38912K) Class: 4342K(4544K)->4342K(4544K)
[445.493s][info][gc          ] GC(849) Pause Young (Mixed) (G1 Evacuation Pause) 215M->95M(285M) 58.330ms
[445.493s][info][gc,cpu      ] GC(849) User=0.08s Sys=0.00s Real=0.06s
[445.676s][info][gc,start    ] GC(850) Pause Young (Concurrent Start) (G1 Humongous Allocation)
[445.676s][info][gc,task     ] GC(850) Using 2 workers of 2 for evacuation
[445.697s][info][gc,phases   ] GC(850)   Pre Evacuate Collection Set: 0.20ms
[445.697s][info][gc,phases   ] GC(850)   Merge Heap Roots: 0.06ms
[445.697s][info][gc,phases   ] GC(850)   Evacuate Collection Set: 19.86ms
[445.697s][info][gc,phases   ] GC(850)   Post Evacuate Collection Set: 0.34ms
[445.697s][info][gc,phases   ] GC(850)   Other: 0.10ms
[445.697s][info][gc,heap     ] GC(850) Eden regions: 64->0(137)
[445.697s][info][gc,heap     ] GC(850) Survivor regions: 16->8(20)
[445.697s][info][gc,heap     ] GC(850) Old regions: 75->91
[445.697s][info][gc,heap     ] GC(850) Humongous regions: 5->5
[445.697s][info][gc,metaspace] GC(850) Metaspace: 43026K(43456K)->43026K(43456K) NonClass: 38683K(38912K)->38683K(38912K) Class: 4342K(4544K)->4342K(4544K)
[445.697s][info][gc          ] GC(850) Pause Young (Concurrent Start) (G1 Humongous Allocation) 159M->103M(285M) 20.796ms
[445.697s][info][gc          ] GC(851) Concurrent Mark Cycle
[445.697s][info][gc,marking  ] GC(851) Concurrent Scan Root Regions
[445.698s][info][gc,cpu      ] GC(850) User=0.04s Sys=0.00s Real=0.02s
[445.713s][info][gc,marking  ] GC(851) Concurrent Scan Root Regions 16.045ms
[445.713s][info][gc,marking  ] GC(851) Concurrent Mark
[445.713s][info][gc,marking  ] GC(851) Concurrent Mark From Roots
[445.713s][info][gc,task     ] GC(851) Using 1 workers of 1 for marking
[445.760s][info][gc,marking  ] GC(851) Concurrent Mark From Roots 46.794ms
[445.760s][info][gc,marking  ] GC(851) Concurrent Preclean
[445.760s][info][gc,marking  ] GC(851) Concurrent Preclean 0.037ms
[445.760s][info][gc,start    ] GC(851) Pause Remark
[445.777s][info][gc          ] GC(851) Pause Remark 124M->107M(285M) 16.945ms
[445.777s][info][gc,cpu      ] GC(851) User=0.03s Sys=0.00s Real=0.02s
[445.777s][info][gc,marking  ] GC(851) Concurrent Mark 64.095ms
[445.777s][info][gc,marking  ] GC(851) Concurrent Rebuild Remembered Sets and Scrub Regions
[445.812s][info][gc,marking  ] GC(851) Concurrent Rebuild Remembered Sets and Scrub Regions 35.017ms
[445.812s][info][gc,start    ] GC(851) Pause Cleanup
[445.813s][info][gc          ] GC(851) Pause Cleanup 121M->121M(285M) 0.052ms
[445.813s][info][gc,cpu      ] GC(851) User=0.00s Sys=0.00s Real=0.00s
[445.813s][info][gc,marking  ] GC(851) Concurrent Clear Claimed Marks
[445.813s][info][gc,marking  ] GC(851) Concurrent Clear Claimed Marks 0.038ms
[445.813s][info][gc,marking  ] GC(851) Concurrent Cleanup for Next Mark
[445.814s][info][gc,marking  ] GC(851) Concurrent Cleanup for Next Mark 1.190ms
[445.814s][info][gc          ] GC(851) Concurrent Mark Cycle 116.735ms
[446.061s][info][gc,start    ] GC(852) Pause Young (Prepare Mixed) (G1 Evacuation Pause)
[446.062s][info][gc,task     ] GC(852) Using 2 workers of 2 for evacuation
[446.090s][info][gc,phases   ] GC(852)   Pre Evacuate Collection Set: 0.17ms
[446.090s][info][gc,phases   ] GC(852)   Merge Heap Roots: 0.10ms
[446.090s][info][gc,phases   ] GC(852)   Evacuate Collection Set: 28.14ms
[446.091s][info][gc,phases   ] GC(852)   Post Evacuate Collection Set: 0.40ms
[446.091s][info][gc,phases   ] GC(852)   Other: 0.10ms
[446.091s][info][gc,heap     ] GC(852) Eden regions: 137->0(138)
[446.091s][info][gc,heap     ] GC(852) Survivor regions: 8->19(19)
[446.091s][info][gc,heap     ] GC(852) Old regions: 75->79
[446.091s][info][gc,heap     ] GC(852) Humongous regions: 6->6
[446.091s][info][gc,metaspace] GC(852) Metaspace: 43026K(43456K)->43026K(43456K) NonClass: 38683K(38912K)->38683K(38912K) Class: 4342K(4544K)->4342K(4544K)
[446.091s][info][gc          ] GC(852) Pause Young (Prepare Mixed) (G1 Evacuation Pause) 225M->104M(285M) 29.143ms
[446.091s][info][gc,cpu      ] GC(852) User=0.06s Sys=0.00s Real=0.03s
[446.486s][info][gc,start    ] GC(853) Pause Young (Mixed) (G1 Evacuation Pause)
[446.486s][info][gc,task     ] GC(853) Using 2 workers of 2 for evacuation
[446.535s][info][gc,phases   ] GC(853)   Pre Evacuate Collection Set: 0.19ms
[446.536s][info][gc,phases   ] GC(853)   Merge Heap Roots: 0.18ms
[446.536s][info][gc,phases   ] GC(853)   Evacuate Collection Set: 48.37ms
[446.536s][info][gc,phases   ] GC(853)   Post Evacuate Collection Set: 0.48ms
[446.536s][info][gc,phases   ] GC(853)   Other: 0.08ms
[446.536s][info][gc,heap     ] GC(853) Eden regions: 138->0(133)
[446.536s][info][gc,heap     ] GC(853) Survivor regions: 19->16(20)
[446.536s][info][gc,heap     ] GC(853) Old regions: 79->85
[446.536s][info][gc,heap     ] GC(853) Humongous regions: 10->10
[446.536s][info][gc,metaspace] GC(853) Metaspace: 43026K(43456K)->43026K(43456K) NonClass: 38683K(38912K)->38683K(38912K) Class: 4342K(4544K)->4342K(4544K)
[446.536s][info][gc          ] GC(853) Pause Young (Mixed) (G1 Evacuation Pause) 246M->110M(285M) 49.535ms
[446.536s][info][gc,cpu      ] GC(853) User=0.10s Sys=0.00s Real=0.05s
[446.910s][info][gc,start    ] GC(854) Pause Young (Concurrent Start) (G1 Evacuation Pause)
[446.910s][info][gc,task     ] GC(854) Using 2 workers of 2 for evacuation
[446.953s][info][gc,phases   ] GC(854)   Pre Evacuate Collection Set: 0.20ms
[446.953s][info][gc,phases   ] GC(854)   Merge Heap Roots: 0.11ms
[446.953s][info][gc,phases   ] GC(854)   Evacuate Collection Set: 42.24ms
[446.953s][info][gc,phases   ] GC(854)   Post Evacuate Collection Set: 0.49ms
[446.953s][info][gc,phases   ] GC(854)   Other: 0.12ms
[446.953s][info][gc,heap     ] GC(854) Eden regions: 133->0(120)
[446.953s][info][gc,heap     ] GC(854) Survivor regions: 16->17(19)
[446.953s][info][gc,heap     ] GC(854) Old regions: 85->101
[446.953s][info][gc,heap     ] GC(854) Humongous regions: 10->10
[446.953s][info][gc,metaspace] GC(854) Metaspace: 43026K(43456K)->43026K(43456K) NonClass: 38683K(38912K)->38683K(38912K) Class: 4342K(4544K)->4342K(4544K)
[446.953s][info][gc          ] GC(854) Pause Young (Concurrent Start) (G1 Evacuation Pause) 243M->128M(285M) 43.410ms
[446.953s][info][gc,cpu      ] GC(854) User=0.08s Sys=0.00s Real=0.04s
[446.953s][info][gc          ] GC(855) Concurrent Mark Cycle
[446.953s][info][gc,marking  ] GC(855) Concurrent Scan Root Regions
[446.990s][info][gc,marking  ] GC(855) Concurrent Scan Root Regions 36.606ms
[446.990s][info][gc,marking  ] GC(855) Concurrent Mark
[446.990s][info][gc,marking  ] GC(855) Concurrent Mark From Roots
[446.990s][info][gc,task     ] GC(855) Using 1 workers of 1 for marking
[447.096s][info][gc,marking  ] GC(855) Concurrent Mark From Roots 105.801ms
[447.096s][info][gc,marking  ] GC(855) Concurrent Preclean
[447.096s][info][gc,marking  ] GC(855) Concurrent Preclean 0.042ms
[447.096s][info][gc,start    ] GC(855) Pause Remark
[447.112s][info][gc          ] GC(855) Pause Remark 139M->136M(285M) 16.115ms
[447.112s][info][gc,cpu      ] GC(855) User=0.03s Sys=0.00s Real=0.01s
[447.115s][info][gc,marking  ] GC(855) Concurrent Mark 124.807ms
[447.115s][info][gc,marking  ] GC(855) Concurrent Rebuild Remembered Sets and Scrub Regions
[447.175s][info][gc,marking  ] GC(855) Concurrent Rebuild Remembered Sets and Scrub Regions 59.850ms
[447.175s][info][gc,start    ] GC(855) Pause Cleanup
[447.175s][info][gc          ] GC(855) Pause Cleanup 142M->142M(285M) 0.058ms
[447.175s][info][gc,cpu      ] GC(855) User=0.00s Sys=0.00s Real=0.00s
[447.175s][info][gc,marking  ] GC(855) Concurrent Clear Claimed Marks
[447.175s][info][gc,marking  ] GC(855) Concurrent Clear Claimed Marks 0.041ms
[447.175s][info][gc,marking  ] GC(855) Concurrent Cleanup for Next Mark
[447.176s][info][gc,marking  ] GC(855) Concurrent Cleanup for Next Mark 0.875ms
[447.176s][info][gc          ] GC(855) Concurrent Mark Cycle 222.606ms
[448.233s][info][gc,start    ] GC(856) Pause Young (Prepare Mixed) (G1 Evacuation Pause)
[448.233s][info][gc,task     ] GC(856) Using 2 workers of 2 for evacuation
[448.263s][info][gc,phases   ] GC(856)   Pre Evacuate Collection Set: 0.17ms
[448.263s][info][gc,phases   ] GC(856)   Merge Heap Roots: 0.14ms
[448.263s][info][gc,phases   ] GC(856)   Evacuate Collection Set: 29.18ms
[448.263s][info][gc,phases   ] GC(856)   Post Evacuate Collection Set: 0.40ms
[448.263s][info][gc,phases   ] GC(856)   Other: 0.07ms
[448.263s][info][gc,heap     ] GC(856) Eden regions: 120->0(116)
[448.263s][info][gc,heap     ] GC(856) Survivor regions: 17->7(18)
[448.263s][info][gc,heap     ] GC(856) Old regions: 101->116
[448.264s][info][gc,heap     ] GC(856) Humongous regions: 15->13
[448.264s][info][gc,metaspace] GC(856) Metaspace: 43026K(43456K)->43026K(43456K) NonClass: 38683K(38912K)->38683K(38912K) Class: 4342K(4544K)->4342K(4544K)
[448.264s][info][gc          ] GC(856) Pause Young (Prepare Mixed) (G1 Evacuation Pause) 253M->135M(285M) 30.167ms
[448.264s][info][gc,cpu      ] GC(856) User=0.05s Sys=0.00s Real=0.03s
[448.757s][info][gc,start    ] GC(857) Pause Young (Mixed) (G1 Evacuation Pause)
[448.757s][info][gc,task     ] GC(857) Using 2 workers of 2 for evacuation
[448.773s][info][gc,phases   ] GC(857)   Pre Evacuate Collection Set: 0.22ms
[448.773s][info][gc,phases   ] GC(857)   Merge Heap Roots: 0.15ms
[448.773s][info][gc,phases   ] GC(857)   Evacuate Collection Set: 15.18ms
[448.773s][info][gc,phases   ] GC(857)   Post Evacuate Collection Set: 0.37ms
[448.773s][info][gc,phases   ] GC(857)   Other: 0.09ms
[448.773s][info][gc,heap     ] GC(857) Eden regions: 116->0(117)
[448.773s][info][gc,heap     ] GC(857) Survivor regions: 7->11(16)
[448.773s][info][gc,heap     ] GC(857) Old regions: 116->113
[448.773s][info][gc,heap     ] GC(857) Humongous regions: 13->13
[448.774s][info][gc,metaspace] GC(857) Metaspace: 43026K(43456K)->43026K(43456K) NonClass: 38683K(38912K)->38683K(38912K) Class: 4342K(4544K)->4342K(4544K)
[448.774s][info][gc          ] GC(857) Pause Young (Mixed) (G1 Evacuation Pause) 251M->136M(285M) 16.198ms
[448.774s][info][gc,cpu      ] GC(857) User=0.03s Sys=0.00s Real=0.01s
[449.379s][info][gc,start    ] GC(858) Pause Young (Concurrent Start) (G1 Evacuation Pause)
[449.379s][info][gc,task     ] GC(858) Using 2 workers of 2 for evacuation
[449.398s][info][gc,phases   ] GC(858)   Pre Evacuate Collection Set: 0.18ms
[449.398s][info][gc,phases   ] GC(858)   Merge Heap Roots: 0.08ms
[449.398s][info][gc,phases   ] GC(858)   Evacuate Collection Set: 18.28ms
[449.398s][info][gc,phases   ] GC(858)   Post Evacuate Collection Set: 0.39ms
[449.398s][info][gc,phases   ] GC(858)   Other: 0.12ms
[449.398s][info][gc,heap     ] GC(858) Eden regions: 117->0(115)
[449.398s][info][gc,heap     ] GC(858) Survivor regions: 11->11(16)
[449.398s][info][gc,heap     ] GC(858) Old regions: 113->119
[449.398s][info][gc,heap     ] GC(858) Humongous regions: 13->13
[449.398s][info][gc,metaspace] GC(858) Metaspace: 43026K(43456K)->43026K(43456K) NonClass: 38683K(38912K)->38683K(38912K) Class: 4342K(4544K)->4342K(4544K)
[449.398s][info][gc          ] GC(858) Pause Young (Concurrent Start) (G1 Evacuation Pause) 253M->142M(285M) 19.302ms
[449.398s][info][gc          ] GC(859) Concurrent Mark Cycle
[449.398s][info][gc,marking  ] GC(859) Concurrent Scan Root Regions
[449.399s][info][gc,cpu      ] GC(858) User=0.04s Sys=0.00s Real=0.02s
[449.422s][info][gc,marking  ] GC(859) Concurrent Scan Root Regions 23.715ms
[449.422s][info][gc,marking  ] GC(859) Concurrent Mark
[449.422s][info][gc,marking  ] GC(859) Concurrent Mark From Roots
[449.422s][info][gc,task     ] GC(859) Using 1 workers of 1 for marking
[449.463s][info][gc,marking  ] GC(859) Concurrent Mark From Roots 40.733ms
[449.463s][info][gc,marking  ] GC(859) Concurrent Preclean
[449.463s][info][gc,marking  ] GC(859) Concurrent Preclean 0.037ms
[449.463s][info][gc,start    ] GC(859) Pause Remark
[449.479s][info][gc          ] GC(859) Pause Remark 150M->63M(256M) 16.223ms
[449.479s][info][gc,cpu      ] GC(859) User=0.03s Sys=0.00s Real=0.02s
[449.479s][info][gc,marking  ] GC(859) Concurrent Mark 57.297ms
[449.479s][info][gc,marking  ] GC(859) Concurrent Rebuild Remembered Sets and Scrub Regions
[449.496s][info][gc,marking  ] GC(859) Concurrent Rebuild Remembered Sets and Scrub Regions 16.328ms
[449.496s][info][gc,start    ] GC(859) Pause Cleanup
[449.496s][info][gc          ] GC(859) Pause Cleanup 65M->65M(256M) 0.047ms
[449.496s][info][gc,cpu      ] GC(859) User=0.00s Sys=0.00s Real=0.00s
[449.496s][info][gc,marking  ] GC(859) Concurrent Clear Claimed Marks
[449.496s][info][gc,marking  ] GC(859) Concurrent Clear Claimed Marks 0.037ms
[449.496s][info][gc,marking  ] GC(859) Concurrent Cleanup for Next Mark
[449.497s][info][gc,marking  ] GC(859) Concurrent Cleanup for Next Mark 0.763ms
[449.497s][info][gc          ] GC(859) Concurrent Mark Cycle 98.496ms
[450.195s][info][gc,start    ] GC(860) Pause Young (Prepare Mixed) (G1 Evacuation Pause)
[450.195s][info][gc,task     ] GC(860) Using 2 workers of 2 for evacuation
[450.216s][info][gc,phases   ] GC(860)   Pre Evacuate Collection Set: 0.19ms
[450.216s][info][gc,phases   ] GC(860)   Merge Heap Roots: 0.07ms
[450.216s][info][gc,phases   ] GC(860)   Evacuate Collection Set: 20.33ms
[450.216s][info][gc,phases   ] GC(860)   Post Evacuate Collection Set: 0.37ms
[450.216s][info][gc,phases   ] GC(860)   Other: 0.08ms
[450.216s][info][gc,heap     ] GC(860) Eden regions: 115->0(137)
[450.216s][info][gc,heap     ] GC(860) Survivor regions: 11->16(16)
[450.216s][info][gc,heap     ] GC(860) Old regions: 44->52
[450.216s][info][gc,heap     ] GC(860) Humongous regions: 1->1
[450.216s][info][gc,metaspace] GC(860) Metaspace: 43026K(43456K)->43026K(43456K) NonClass: 38683K(38912K)->38683K(38912K) Class: 4342K(4544K)->4342K(4544K)
[450.216s][info][gc          ] GC(860) Pause Young (Prepare Mixed) (G1 Evacuation Pause) 170M->68M(256M) 21.247ms
[450.216s][info][gc,cpu      ] GC(860) User=0.04s Sys=0.01s Real=0.03s
[451.034s][info][gc,start    ] GC(861) Pause Young (Mixed) (G1 Evacuation Pause)
[451.034s][info][gc,task     ] GC(861) Using 2 workers of 2 for evacuation
[451.062s][info][gc,phases   ] GC(861)   Pre Evacuate Collection Set: 0.15ms
[451.062s][info][gc,phases   ] GC(861)   Merge Heap Roots: 0.10ms
[451.062s][info][gc,phases   ] GC(861)   Evacuate Collection Set: 27.70ms
[451.062s][info][gc,phases   ] GC(861)   Post Evacuate Collection Set: 0.40ms
[451.062s][info][gc,phases   ] GC(861)   Other: 0.07ms
[451.062s][info][gc,heap     ] GC(861) Eden regions: 137->0(133)
[451.063s][info][gc,heap     ] GC(861) Survivor regions: 16->20(20)
[451.063s][info][gc,heap     ] GC(861) Old regions: 52->58
[451.063s][info][gc,heap     ] GC(861) Humongous regions: 1->1
[451.063s][info][gc,metaspace] GC(861) Metaspace: 43026K(43456K)->43026K(43456K) NonClass: 38683K(38912K)->38683K(38912K) Class: 4342K(4544K)->4342K(4544K)
[451.063s][info][gc          ] GC(861) Pause Young (Mixed) (G1 Evacuation Pause) 205M->78M(256M) 28.669ms
[451.063s][info][gc,cpu      ] GC(861) User=0.05s Sys=0.00s Real=0.03s
[451.882s][info][gc,start    ] GC(862) Pause Young (Concurrent Start) (G1 Humongous Allocation)
[451.882s][info][gc,task     ] GC(862) Using 2 workers of 2 for evacuation
[451.914s][info][gc,phases   ] GC(862)   Pre Evacuate Collection Set: 0.18ms
[451.914s][info][gc,phases   ] GC(862)   Merge Heap Roots: 0.10ms
[451.914s][info][gc,phases   ] GC(862)   Evacuate Collection Set: 31.11ms
[451.914s][info][gc,phases   ] GC(862)   Post Evacuate Collection Set: 0.43ms
[451.914s][info][gc,phases   ] GC(862)   Other: 0.14ms
[451.914s][info][gc,heap     ] GC(862) Eden regions: 128->0(130)
[451.914s][info][gc,heap     ] GC(862) Survivor regions: 20->13(20)
[451.914s][info][gc,heap     ] GC(862) Old regions: 58->78
[451.914s][info][gc,heap     ] GC(862) Humongous regions: 1->1
[451.914s][info][gc,metaspace] GC(862) Metaspace: 43026K(43456K)->43026K(43456K) NonClass: 38683K(38912K)->38683K(38912K) Class: 4342K(4544K)->4342K(4544K)
[451.914s][info][gc          ] GC(862) Pause Young (Concurrent Start) (G1 Humongous Allocation) 205M->91M(256M) 32.154ms
[451.914s][info][gc          ] GC(863) Concurrent Mark Cycle
[451.914s][info][gc,marking  ] GC(863) Concurrent Scan Root Regions
[451.916s][info][gc,cpu      ] GC(862) User=0.07s Sys=0.00s Real=0.04s
[451.935s][info][gc,marking  ] GC(863) Concurrent Scan Root Regions 21.145ms
[451.935s][info][gc,marking  ] GC(863) Concurrent Mark
[451.935s][info][gc,marking  ] GC(863) Concurrent Mark From Roots
[451.935s][info][gc,task     ] GC(863) Using 1 workers of 1 for marking
[451.976s][info][gc,marking  ] GC(863) Concurrent Mark From Roots 40.975ms
[451.976s][info][gc,marking  ] GC(863) Concurrent Preclean
[451.976s][info][gc,marking  ] GC(863) Concurrent Preclean 0.035ms
[451.976s][info][gc,start    ] GC(863) Pause Remark
[451.992s][info][gc          ] GC(863) Pause Remark 103M->101M(256M) 15.827ms
[451.992s][info][gc,cpu      ] GC(863) User=0.03s Sys=0.00s Real=0.01s
[451.992s][info][gc,marking  ] GC(863) Concurrent Mark 57.116ms
[451.992s][info][gc,marking  ] GC(863) Concurrent Rebuild Remembered Sets and Scrub Regions
[452.022s][info][gc,marking  ] GC(863) Concurrent Rebuild Remembered Sets and Scrub Regions 29.671ms
[452.022s][info][gc,start    ] GC(863) Pause Cleanup
[452.022s][info][gc          ] GC(863) Pause Cleanup 106M->106M(256M) 0.049ms
[452.022s][info][gc,cpu      ] GC(863) User=0.00s Sys=0.00s Real=0.00s
[452.022s][info][gc,marking  ] GC(863) Concurrent Clear Claimed Marks
[452.022s][info][gc,marking  ] GC(863) Concurrent Clear Claimed Marks 0.038ms
[452.022s][info][gc,marking  ] GC(863) Concurrent Cleanup for Next Mark
[452.023s][info][gc,marking  ] GC(863) Concurrent Cleanup for Next Mark 0.762ms
[452.023s][info][gc          ] GC(863) Concurrent Mark Cycle 109.074ms
[452.721s][info][gc,start    ] GC(864) Pause Young (Prepare Mixed) (G1 Evacuation Pause)
[452.721s][info][gc,task     ] GC(864) Using 2 workers of 2 for evacuation
[452.735s][info][gc,phases   ] GC(864)   Pre Evacuate Collection Set: 0.24ms
[452.735s][info][gc,phases   ] GC(864)   Merge Heap Roots: 0.15ms
[452.735s][info][gc,phases   ] GC(864)   Evacuate Collection Set: 13.46ms
[452.735s][info][gc,phases   ] GC(864)   Post Evacuate Collection Set: 0.38ms
[452.735s][info][gc,phases   ] GC(864)   Other: 0.08ms
[452.735s][info][gc,heap     ] GC(864) Eden regions: 130->0(129)
[452.735s][info][gc,heap     ] GC(864) Survivor regions: 13->13(18)
[452.735s][info][gc,heap     ] GC(864) Old regions: 76->78
[452.735s][info][gc,heap     ] GC(864) Humongous regions: 2->2
[452.735s][info][gc,metaspace] GC(864) Metaspace: 43026K(43456K)->43026K(43456K) NonClass: 38683K(38912K)->38683K(38912K) Class: 4342K(4544K)->4342K(4544K)
[452.735s][info][gc          ] GC(864) Pause Young (Prepare Mixed) (G1 Evacuation Pause) 220M->92M(256M) 14.544ms
[452.735s][info][gc,cpu      ] GC(864) User=0.03s Sys=0.00s Real=0.02s
[453.451s][info][gc,start    ] GC(865) Pause Young (Mixed) (G1 Evacuation Pause)
[453.451s][info][gc,task     ] GC(865) Using 2 workers of 2 for evacuation
[453.464s][info][gc,phases   ] GC(865)   Pre Evacuate Collection Set: 0.18ms
[453.464s][info][gc,phases   ] GC(865)   Merge Heap Roots: 0.15ms
[453.464s][info][gc,phases   ] GC(865)   Evacuate Collection Set: 12.27ms
[453.464s][info][gc,phases   ] GC(865)   Post Evacuate Collection Set: 0.42ms
[453.464s][info][gc,phases   ] GC(865)   Other: 0.07ms
[453.464s][info][gc,heap     ] GC(865) Eden regions: 129->0(142)
[453.464s][info][gc,heap     ] GC(865) Survivor regions: 13->3(18)
[453.464s][info][gc,heap     ] GC(865) Old regions: 78->71
[453.464s][info][gc,heap     ] GC(865) Humongous regions: 2->2
[453.464s][info][gc,metaspace] GC(865) Metaspace: 43026K(43456K)->43026K(43456K) NonClass: 38683K(38912K)->38683K(38912K) Class: 4342K(4544K)->4342K(4544K)
[453.464s][info][gc          ] GC(865) Pause Young (Mixed) (G1 Evacuation Pause) 221M->75M(256M) 13.326ms
[453.464s][info][gc,cpu      ] GC(865) User=0.03s Sys=0.00s Real=0.01s
[453.502s][info][gc,start    ] GC(866) Pause Young (Concurrent Start) (G1 Humongous Allocation)
[453.502s][info][gc,task     ] GC(866) Using 2 workers of 2 for evacuation
[453.508s][info][gc,phases   ] GC(866)   Pre Evacuate Collection Set: 0.16ms
[453.508s][info][gc,phases   ] GC(866)   Merge Heap Roots: 0.05ms
[453.508s][info][gc,phases   ] GC(866)   Evacuate Collection Set: 5.37ms
[453.508s][info][gc,phases   ] GC(866)   Post Evacuate Collection Set: 0.29ms
[453.508s][info][gc,phases   ] GC(866)   Other: 0.09ms
[453.508s][info][gc,heap     ] GC(866) Eden regions: 8->0(81)
[453.508s][info][gc,heap     ] GC(866) Survivor regions: 3->8(19)
[453.508s][info][gc,heap     ] GC(866) Old regions: 71->71
[453.508s][info][gc,heap     ] GC(866) Humongous regions: 2->2
[453.508s][info][gc,metaspace] GC(866) Metaspace: 43026K(43456K)->43026K(43456K) NonClass: 38683K(38912K)->38683K(38912K) Class: 4342K(4544K)->4342K(4544K)
[453.508s][info][gc          ] GC(866) Pause Young (Concurrent Start) (G1 Humongous Allocation) 83M->80M(256M) 6.127ms
[453.508s][info][gc,cpu      ] GC(866) User=0.01s Sys=0.00s Real=0.01s
[453.508s][info][gc          ] GC(867) Concurrent Mark Cycle
[453.508s][info][gc,marking  ] GC(867) Concurrent Scan Root Regions
[453.515s][info][gc,marking  ] GC(867) Concurrent Scan Root Regions 6.542ms
[453.515s][info][gc,marking  ] GC(867) Concurrent Mark
[453.515s][info][gc,marking  ] GC(867) Concurrent Mark From Roots
[453.515s][info][gc,task     ] GC(867) Using 1 workers of 1 for marking
[453.552s][info][gc,marking  ] GC(867) Concurrent Mark From Roots 36.964ms
[453.552s][info][gc,marking  ] GC(867) Concurrent Preclean
[453.552s][info][gc,marking  ] GC(867) Concurrent Preclean 0.034ms
[453.552s][info][gc,start    ] GC(867) Pause Remark
[453.567s][info][gc          ] GC(867) Pause Remark 88M->73M(256M) 15.209ms
[453.567s][info][gc,cpu      ] GC(867) User=0.03s Sys=0.00s Real=0.02s
[453.567s][info][gc,marking  ] GC(867) Concurrent Mark 52.392ms
[453.567s][info][gc,marking  ] GC(867) Concurrent Rebuild Remembered Sets and Scrub Regions
[453.581s][info][gc,marking  ] GC(867) Concurrent Rebuild Remembered Sets and Scrub Regions 13.531ms
[453.581s][info][gc,start    ] GC(867) Pause Cleanup
[453.581s][info][gc          ] GC(867) Pause Cleanup 73M->73M(256M) 0.082ms
[453.581s][info][gc,cpu      ] GC(867) User=0.00s Sys=0.00s Real=0.00s
[453.581s][info][gc,marking  ] GC(867) Concurrent Clear Claimed Marks
[453.581s][info][gc,marking  ] GC(867) Concurrent Clear Claimed Marks 0.042ms
[453.581s][info][gc,marking  ] GC(867) Concurrent Cleanup for Next Mark
[453.582s][info][gc,marking  ] GC(867) Concurrent Cleanup for Next Mark 0.738ms
[453.582s][info][gc          ] GC(867) Concurrent Mark Cycle 73.729ms
[453.955s][info][gc,start    ] GC(868) Pause Young (Prepare Mixed) (G1 Evacuation Pause)
[453.955s][info][gc,task     ] GC(868) Using 2 workers of 2 for evacuation
[453.963s][info][gc,phases   ] GC(868)   Pre Evacuate Collection Set: 0.16ms
[453.963s][info][gc,phases   ] GC(868)   Merge Heap Roots: 0.08ms
[453.963s][info][gc,phases   ] GC(868)   Evacuate Collection Set: 6.79ms
[453.963s][info][gc,phases   ] GC(868)   Post Evacuate Collection Set: 0.36ms
[453.963s][info][gc,phases   ] GC(868)   Other: 0.08ms
[453.963s][info][gc,heap     ] GC(868) Eden regions: 81->0(97)
[453.963s][info][gc,heap     ] GC(868) Survivor regions: 8->9(12)
[453.963s][info][gc,heap     ] GC(868) Old regions: 57->58
[453.963s][info][gc,heap     ] GC(868) Humongous regions: 7->3
[453.963s][info][gc,metaspace] GC(868) Metaspace: 43028K(43456K)->43028K(43456K) NonClass: 38685K(38912K)->38685K(38912K) Class: 4342K(4544K)->4342K(4544K)
[453.963s][info][gc          ] GC(868) Pause Young (Prepare Mixed) (G1 Evacuation Pause) 152M->69M(256M) 7.678ms
[453.963s][info][gc,cpu      ] GC(868) User=0.02s Sys=0.00s Real=0.00s
[454.342s][info][gc,start    ] GC(869) Pause Young (Mixed) (G1 Evacuation Pause)
[454.342s][info][gc,task     ] GC(869) Using 2 workers of 2 for evacuation
[454.347s][info][gc,phases   ] GC(869)   Pre Evacuate Collection Set: 0.18ms
[454.347s][info][gc,phases   ] GC(869)   Merge Heap Roots: 0.09ms
[454.347s][info][gc,phases   ] GC(869)   Evacuate Collection Set: 4.40ms
[454.347s][info][gc,phases   ] GC(869)   Post Evacuate Collection Set: 0.39ms
[454.347s][info][gc,phases   ] GC(869)   Other: 0.06ms
[454.347s][info][gc,heap     ] GC(869) Eden regions: 97->0(119)
[454.347s][info][gc,heap     ] GC(869) Survivor regions: 9->3(14)
[454.347s][info][gc,heap     ] GC(869) Old regions: 58->42
[454.347s][info][gc,heap     ] GC(869) Humongous regions: 15->1
[454.347s][info][gc,metaspace] GC(869) Metaspace: 43028K(43456K)->43028K(43456K) NonClass: 38685K(38912K)->38685K(38912K) Class: 4342K(4544K)->4342K(4544K)
[454.347s][info][gc          ] GC(869) Pause Young (Mixed) (G1 Evacuation Pause) 178M->45M(256M) 5.290ms
[454.347s][info][gc,cpu      ] GC(869) User=0.01s Sys=0.00s Real=0.01s
[454.422s][info][gc,start    ] GC(870) Pause Young (Concurrent Start) (G1 Humongous Allocation)
[454.422s][info][gc,task     ] GC(870) Using 2 workers of 2 for evacuation
[454.428s][info][gc,phases   ] GC(870)   Pre Evacuate Collection Set: 0.16ms
[454.428s][info][gc,phases   ] GC(870)   Merge Heap Roots: 0.05ms
[454.428s][info][gc,phases   ] GC(870)   Evacuate Collection Set: 4.90ms
[454.428s][info][gc,phases   ] GC(870)   Post Evacuate Collection Set: 0.30ms
[454.428s][info][gc,phases   ] GC(870)   Other: 0.08ms
[454.428s][info][gc,heap     ] GC(870) Eden regions: 18->0(105)
[454.428s][info][gc,heap     ] GC(870) Survivor regions: 3->7(16)
[454.428s][info][gc,heap     ] GC(870) Old regions: 42->42
[454.428s][info][gc,heap     ] GC(870) Humongous regions: 3->3
[454.428s][info][gc,metaspace] GC(870) Metaspace: 43028K(43456K)->43028K(43456K) NonClass: 38685K(38912K)->38685K(38912K) Class: 4342K(4544K)->4342K(4544K)
[454.428s][info][gc          ] GC(870) Pause Young (Concurrent Start) (G1 Humongous Allocation) 64M->51M(256M) 5.691ms
[454.428s][info][gc,cpu      ] GC(870) User=0.01s Sys=0.00s Real=0.01s
[454.428s][info][gc          ] GC(871) Concurrent Mark Cycle
[454.428s][info][gc,marking  ] GC(871) Concurrent Scan Root Regions
[454.435s][info][gc,marking  ] GC(871) Concurrent Scan Root Regions 6.694ms
[454.435s][info][gc,marking  ] GC(871) Concurrent Mark
[454.435s][info][gc,marking  ] GC(871) Concurrent Mark From Roots
[454.435s][info][gc,task     ] GC(871) Using 1 workers of 1 for marking
[454.476s][info][gc,marking  ] GC(871) Concurrent Mark From Roots 41.296ms
[454.476s][info][gc,marking  ] GC(871) Concurrent Preclean
[454.476s][info][gc,marking  ] GC(871) Concurrent Preclean 0.035ms
[454.476s][info][gc,start    ] GC(871) Pause Remark
[454.492s][info][gc          ] GC(871) Pause Remark 65M->65M(256M) 15.526ms
[454.492s][info][gc,cpu      ] GC(871) User=0.03s Sys=0.00s Real=0.01s
[454.492s][info][gc,marking  ] GC(871) Concurrent Mark 57.160ms
[454.492s][info][gc,marking  ] GC(871) Concurrent Rebuild Remembered Sets and Scrub Regions
[454.510s][info][gc,marking  ] GC(871) Concurrent Rebuild Remembered Sets and Scrub Regions 17.688ms
[454.510s][info][gc,start    ] GC(871) Pause Cleanup
[454.510s][info][gc          ] GC(871) Pause Cleanup 68M->68M(256M) 0.048ms
[454.510s][info][gc,cpu      ] GC(871) User=0.00s Sys=0.00s Real=0.00s
[454.510s][info][gc,marking  ] GC(871) Concurrent Clear Claimed Marks
[454.510s][info][gc,marking  ] GC(871) Concurrent Clear Claimed Marks 0.049ms
[454.510s][info][gc,marking  ] GC(871) Concurrent Cleanup for Next Mark
[454.511s][info][gc,marking  ] GC(871) Concurrent Cleanup for Next Mark 0.753ms
[454.511s][info][gc          ] GC(871) Concurrent Mark Cycle 82.695ms
[454.946s][info][gc,start    ] GC(872) Pause Young (Prepare Mixed) (G1 Evacuation Pause)
[454.946s][info][gc,task     ] GC(872) Using 2 workers of 2 for evacuation
[454.950s][info][gc,phases   ] GC(872)   Pre Evacuate Collection Set: 0.19ms
[454.950s][info][gc,phases   ] GC(872)   Merge Heap Roots: 0.06ms
[454.950s][info][gc,phases   ] GC(872)   Evacuate Collection Set: 3.41ms
[454.950s][info][gc,phases   ] GC(872)   Post Evacuate Collection Set: 0.36ms
[454.950s][info][gc,phases   ] GC(872)   Other: 0.07ms
[454.950s][info][gc,heap     ] GC(872) Eden regions: 105->0(118)
[454.950s][info][gc,heap     ] GC(872) Survivor regions: 7->4(14)
[454.950s][info][gc,heap     ] GC(872) Old regions: 42->42
[454.950s][info][gc,heap     ] GC(872) Humongous regions: 7->3
[454.950s][info][gc,metaspace] GC(872) Metaspace: 43028K(43456K)->43028K(43456K) NonClass: 38686K(38912K)->38686K(38912K) Class: 4342K(4544K)->4342K(4544K)
[454.950s][info][gc          ] GC(872) Pause Young (Prepare Mixed) (G1 Evacuation Pause) 160M->48M(256M) 4.289ms
[454.950s][info][gc,cpu      ] GC(872) User=0.01s Sys=0.00s Real=0.00s
[455.439s][info][gc,start    ] GC(873) Pause Young (Mixed) (G1 Evacuation Pause)
[455.439s][info][gc,task     ] GC(873) Using 2 workers of 2 for evacuation
[455.447s][info][gc,phases   ] GC(873)   Pre Evacuate Collection Set: 0.17ms
[455.447s][info][gc,phases   ] GC(873)   Merge Heap Roots: 0.10ms
[455.447s][info][gc,phases   ] GC(873)   Evacuate Collection Set: 6.60ms
[455.447s][info][gc,phases   ] GC(873)   Post Evacuate Collection Set: 0.46ms
[455.447s][info][gc,phases   ] GC(873)   Other: 0.07ms
[455.447s][info][gc,heap     ] GC(873) Eden regions: 118->0(129)
[455.447s][info][gc,heap     ] GC(873) Survivor regions: 4->4(16)
[455.447s][info][gc,heap     ] GC(873) Old regions: 42->39
[455.447s][info][gc,heap     ] GC(873) Humongous regions: 9->3
[455.447s][info][gc,metaspace] GC(873) Metaspace: 43031K(43456K)->43031K(43456K) NonClass: 38689K(38912K)->38689K(38912K) Class: 4342K(4544K)->4342K(4544K)
[455.447s][info][gc          ] GC(873) Pause Young (Mixed) (G1 Evacuation Pause) 172M->45M(256M) 7.593ms
[455.447s][info][gc,cpu      ] GC(873) User=0.02s Sys=0.00s Real=0.01s
[455.482s][info][gc,start    ] GC(874) Pause Young (Concurrent Start) (G1 Humongous Allocation)
[455.482s][info][gc,task     ] GC(874) Using 2 workers of 2 for evacuation
[455.485s][info][gc,phases   ] GC(874)   Pre Evacuate Collection Set: 0.20ms
[455.485s][info][gc,phases   ] GC(874)   Merge Heap Roots: 0.04ms
[455.485s][info][gc,phases   ] GC(874)   Evacuate Collection Set: 2.89ms
[455.485s][info][gc,phases   ] GC(874)   Post Evacuate Collection Set: 0.29ms
[455.485s][info][gc,phases   ] GC(874)   Other: 0.07ms
[455.485s][info][gc,heap     ] GC(874) Eden regions: 12->0(141)
[455.485s][info][gc,heap     ] GC(874) Survivor regions: 4->3(17)
[455.485s][info][gc,heap     ] GC(874) Old regions: 39->39
[455.485s][info][gc,heap     ] GC(874) Humongous regions: 3->1
[455.485s][info][gc,metaspace] GC(874) Metaspace: 43031K(43456K)->43031K(43456K) NonClass: 38689K(38912K)->38689K(38912K) Class: 4342K(4544K)->4342K(4544K)
[455.485s][info][gc          ] GC(874) Pause Young (Concurrent Start) (G1 Humongous Allocation) 57M->42M(256M) 3.665ms
[455.485s][info][gc,cpu      ] GC(874) User=0.01s Sys=0.00s Real=0.01s
[455.486s][info][gc          ] GC(875) Concurrent Mark Cycle
[455.486s][info][gc,marking  ] GC(875) Concurrent Scan Root Regions
[455.492s][info][gc,marking  ] GC(875) Concurrent Scan Root Regions 6.319ms
[455.492s][info][gc,marking  ] GC(875) Concurrent Mark
[455.492s][info][gc,marking  ] GC(875) Concurrent Mark From Roots
[455.492s][info][gc,task     ] GC(875) Using 1 workers of 1 for marking
[455.544s][info][gc,marking  ] GC(875) Concurrent Mark From Roots 52.172ms
[455.544s][info][gc,marking  ] GC(875) Concurrent Preclean
[455.544s][info][gc,marking  ] GC(875) Concurrent Preclean 0.039ms
[455.544s][info][gc,start    ] GC(875) Pause Remark
[455.560s][info][gc          ] GC(875) Pause Remark 57M->57M(256M) 15.866ms
[455.560s][info][gc,cpu      ] GC(875) User=0.03s Sys=0.00s Real=0.02s
[455.560s][info][gc,marking  ] GC(875) Concurrent Mark 68.521ms
[455.560s][info][gc,marking  ] GC(875) Concurrent Rebuild Remembered Sets and Scrub Regions
[455.583s][info][gc,marking  ] GC(875) Concurrent Rebuild Remembered Sets and Scrub Regions 22.375ms
[455.583s][info][gc,start    ] GC(875) Pause Cleanup
[455.583s][info][gc          ] GC(875) Pause Cleanup 62M->62M(256M) 0.058ms
[455.583s][info][gc,cpu      ] GC(875) User=0.00s Sys=0.00s Real=0.00s
[455.583s][info][gc,marking  ] GC(875) Concurrent Clear Claimed Marks
[455.583s][info][gc,marking  ] GC(875) Concurrent Clear Claimed Marks 0.038ms
[455.583s][info][gc,marking  ] GC(875) Concurrent Cleanup for Next Mark
[455.584s][info][gc,marking  ] GC(875) Concurrent Cleanup for Next Mark 0.795ms
[455.584s][info][gc          ] GC(875) Concurrent Mark Cycle 98.481ms
[456.102s][info][gc,start    ] GC(876) Pause Young (Prepare Mixed) (G1 Evacuation Pause)
[456.102s][info][gc,task     ] GC(876) Using 2 workers of 2 for evacuation
[456.122s][info][gc,phases   ] GC(876)   Pre Evacuate Collection Set: 0.18ms
[456.122s][info][gc,phases   ] GC(876)   Merge Heap Roots: 0.06ms
[456.122s][info][gc,phases   ] GC(876)   Evacuate Collection Set: 19.76ms
[456.122s][info][gc,phases   ] GC(876)   Post Evacuate Collection Set: 0.50ms
[456.122s][info][gc,phases   ] GC(876)   Other: 0.07ms
[456.122s][info][gc,heap     ] GC(876) Eden regions: 141->0(131)
[456.122s][info][gc,heap     ] GC(876) Survivor regions: 3->18(18)
[456.122s][info][gc,heap     ] GC(876) Old regions: 39->41
[456.122s][info][gc,heap     ] GC(876) Humongous regions: 3->3
[456.122s][info][gc,metaspace] GC(876) Metaspace: 43031K(43456K)->43031K(43456K) NonClass: 38689K(38912K)->38689K(38912K) Class: 4342K(4544K)->4342K(4544K)
[456.122s][info][gc          ] GC(876) Pause Young (Prepare Mixed) (G1 Evacuation Pause) 185M->61M(256M) 20.734ms
[456.122s][info][gc,cpu      ] GC(876) User=0.04s Sys=0.00s Real=0.02s
[456.601s][info][gc,start    ] GC(877) Pause Young (Mixed) (G1 Evacuation Pause)
[456.601s][info][gc,task     ] GC(877) Using 2 workers of 2 for evacuation
[456.637s][info][gc,phases   ] GC(877)   Pre Evacuate Collection Set: 0.21ms
[456.637s][info][gc,phases   ] GC(877)   Merge Heap Roots: 0.12ms
[456.637s][info][gc,phases   ] GC(877)   Evacuate Collection Set: 35.40ms
[456.637s][info][gc,phases   ] GC(877)   Post Evacuate Collection Set: 0.43ms
[456.637s][info][gc,phases   ] GC(877)   Other: 0.09ms
[456.637s][info][gc,heap     ] GC(877) Eden regions: 131->0(137)
[456.637s][info][gc,heap     ] GC(877) Survivor regions: 18->7(19)
[456.637s][info][gc,heap     ] GC(877) Old regions: 41->52
[456.637s][info][gc,heap     ] GC(877) Humongous regions: 15->3
[456.637s][info][gc,metaspace] GC(877) Metaspace: 43031K(43456K)->43031K(43456K) NonClass: 38689K(38912K)->38689K(38912K) Class: 4342K(4544K)->4342K(4544K)
[456.637s][info][gc          ] GC(877) Pause Young (Mixed) (G1 Evacuation Pause) 204M->61M(256M) 36.421ms
[456.637s][info][gc,cpu      ] GC(877) User=0.05s Sys=0.00s Real=0.04s
[456.664s][info][gc,start    ] GC(878) Pause Young (Concurrent Start) (G1 Humongous Allocation)
[456.665s][info][gc,task     ] GC(878) Using 2 workers of 2 for evacuation
[456.671s][info][gc,phases   ] GC(878)   Pre Evacuate Collection Set: 0.17ms
[456.671s][info][gc,phases   ] GC(878)   Merge Heap Roots: 0.06ms
[456.671s][info][gc,phases   ] GC(878)   Evacuate Collection Set: 5.46ms
[456.671s][info][gc,phases   ] GC(878)   Post Evacuate Collection Set: 0.26ms
[456.671s][info][gc,phases   ] GC(878)   Other: 0.09ms
[456.671s][info][gc,heap     ] GC(878) Eden regions: 9->0(148)
[456.671s][info][gc,heap     ] GC(878) Survivor regions: 7->5(18)
[456.671s][info][gc,heap     ] GC(878) Old regions: 52->52
[456.671s][info][gc,heap     ] GC(878) Humongous regions: 3->1
[456.671s][info][gc,metaspace] GC(878) Metaspace: 43031K(43456K)->43031K(43456K) NonClass: 38689K(38912K)->38689K(38912K) Class: 4342K(4544K)->4342K(4544K)
[456.671s][info][gc          ] GC(878) Pause Young (Concurrent Start) (G1 Humongous Allocation) 70M->58M(256M) 6.193ms
[456.671s][info][gc,cpu      ] GC(878) User=0.01s Sys=0.00s Real=0.01s
[456.671s][info][gc          ] GC(879) Concurrent Mark Cycle
[456.671s][info][gc,marking  ] GC(879) Concurrent Scan Root Regions
[456.677s][info][gc,marking  ] GC(879) Concurrent Scan Root Regions 5.801ms
[456.677s][info][gc,marking  ] GC(879) Concurrent Mark
[456.677s][info][gc,marking  ] GC(879) Concurrent Mark From Roots
[456.677s][info][gc,task     ] GC(879) Using 1 workers of 1 for marking
[456.743s][info][gc,marking  ] GC(879) Concurrent Mark From Roots 66.264ms
[456.743s][info][gc,marking  ] GC(879) Concurrent Preclean
[456.743s][info][gc,marking  ] GC(879) Concurrent Preclean 0.035ms
[456.743s][info][gc,start    ] GC(879) Pause Remark
[456.758s][info][gc          ] GC(879) Pause Remark 78M->78M(256M) 15.213ms
[456.758s][info][gc,cpu      ] GC(879) User=0.03s Sys=0.00s Real=0.02s
[456.758s][info][gc,marking  ] GC(879) Concurrent Mark 81.785ms
[456.758s][info][gc,marking  ] GC(879) Concurrent Rebuild Remembered Sets and Scrub Regions
[456.784s][info][gc,marking  ] GC(879) Concurrent Rebuild Remembered Sets and Scrub Regions 26.076ms
[456.785s][info][gc,start    ] GC(879) Pause Cleanup
[456.785s][info][gc          ] GC(879) Pause Cleanup 82M->82M(256M) 0.040ms
[456.785s][info][gc,cpu      ] GC(879) User=0.00s Sys=0.00s Real=0.00s
[456.785s][info][gc,marking  ] GC(879) Concurrent Clear Claimed Marks
[456.785s][info][gc,marking  ] GC(879) Concurrent Clear Claimed Marks 0.034ms
[456.785s][info][gc,marking  ] GC(879) Concurrent Cleanup for Next Mark
[456.785s][info][gc,marking  ] GC(879) Concurrent Cleanup for Next Mark 0.795ms
[456.785s][info][gc          ] GC(879) Concurrent Mark Cycle 114.810ms
[457.232s][info][gc,start    ] GC(880) Pause Young (Prepare Mixed) (G1 Evacuation Pause)
[457.232s][info][gc,task     ] GC(880) Using 2 workers of 2 for evacuation
[457.247s][info][gc,phases   ] GC(880)   Pre Evacuate Collection Set: 0.16ms
[457.247s][info][gc,phases   ] GC(880)   Merge Heap Roots: 0.11ms
[457.247s][info][gc,phases   ] GC(880)   Evacuate Collection Set: 14.07ms
[457.247s][info][gc,phases   ] GC(880)   Post Evacuate Collection Set: 0.54ms
[457.247s][info][gc,phases   ] GC(880)   Other: 0.07ms
[457.247s][info][gc,heap     ] GC(880) Eden regions: 148->0(139)
[457.247s][info][gc,heap     ] GC(880) Survivor regions: 5->14(20)
[457.247s][info][gc,heap     ] GC(880) Old regions: 52->52
[457.247s][info][gc,heap     ] GC(880) Humongous regions: 13->3
[457.247s][info][gc,metaspace] GC(880) Metaspace: 43031K(43456K)->43031K(43456K) NonClass: 38689K(38912K)->38689K(38912K) Class: 4342K(4544K)->4342K(4544K)
[457.247s][info][gc          ] GC(880) Pause Young (Prepare Mixed) (G1 Evacuation Pause) 218M->68M(256M) 15.115ms
[457.247s][info][gc,cpu      ] GC(880) User=0.03s Sys=0.00s Real=0.02s
[457.794s][info][gc,start    ] GC(881) Pause Young (Mixed) (G1 Evacuation Pause)
[457.794s][info][gc,task     ] GC(881) Using 2 workers of 2 for evacuation
[457.805s][info][gc,phases   ] GC(881)   Pre Evacuate Collection Set: 0.19ms
[457.805s][info][gc,phases   ] GC(881)   Merge Heap Roots: 0.10ms
[457.805s][info][gc,phases   ] GC(881)   Evacuate Collection Set: 10.62ms
[457.805s][info][gc,phases   ] GC(881)   Post Evacuate Collection Set: 0.43ms
[457.805s][info][gc,phases   ] GC(881)   Other: 0.08ms
[457.805s][info][gc,heap     ] GC(881) Eden regions: 139->0(150)
[457.805s][info][gc,heap     ] GC(881) Survivor regions: 14->3(20)
[457.805s][info][gc,heap     ] GC(881) Old regions: 52->56
[457.805s][info][gc,heap     ] GC(881) Humongous regions: 15->3
[457.805s][info][gc,metaspace] GC(881) Metaspace: 43031K(43456K)->43031K(43456K) NonClass: 38689K(38912K)->38689K(38912K) Class: 4342K(4544K)->4342K(4544K)
[457.805s][info][gc          ] GC(881) Pause Young (Mixed) (G1 Evacuation Pause) 219M->61M(256M) 11.607ms
[457.805s][info][gc,cpu      ] GC(881) User=0.02s Sys=0.00s Real=0.02s
[457.834s][info][gc,start    ] GC(882) Pause Young (Concurrent Start) (G1 Humongous Allocation)
[457.834s][info][gc,task     ] GC(882) Using 2 workers of 2 for evacuation
[457.837s][info][gc,phases   ] GC(882)   Pre Evacuate Collection Set: 0.17ms
[457.837s][info][gc,phases   ] GC(882)   Merge Heap Roots: 0.05ms
[457.837s][info][gc,phases   ] GC(882)   Evacuate Collection Set: 2.63ms
[457.837s][info][gc,phases   ] GC(882)   Post Evacuate Collection Set: 0.25ms
[457.837s][info][gc,phases   ] GC(882)   Other: 0.07ms
[457.837s][info][gc,heap     ] GC(882) Eden regions: 6->0(149)
[457.837s][info][gc,heap     ] GC(882) Survivor regions: 3->4(20)
[457.837s][info][gc,heap     ] GC(882) Old regions: 56->56
[457.837s][info][gc,heap     ] GC(882) Humongous regions: 3->1
[457.837s][info][gc,metaspace] GC(882) Metaspace: 43032K(43456K)->43032K(43456K) NonClass: 38690K(38912K)->38690K(38912K) Class: 4342K(4544K)->4342K(4544K)
[457.837s][info][gc          ] GC(882) Pause Young (Concurrent Start) (G1 Humongous Allocation) 67M->59M(256M) 3.379ms
[457.837s][info][gc,cpu      ] GC(882) User=0.00s Sys=0.00s Real=0.01s
[457.837s][info][gc          ] GC(883) Concurrent Mark Cycle
[457.837s][info][gc,marking  ] GC(883) Concurrent Scan Root Regions
[457.844s][info][gc,marking  ] GC(883) Concurrent Scan Root Regions 6.386ms
[457.844s][info][gc,marking  ] GC(883) Concurrent Mark
[457.844s][info][gc,marking  ] GC(883) Concurrent Mark From Roots
[457.844s][info][gc,task     ] GC(883) Using 1 workers of 1 for marking
[457.946s][info][gc,marking  ] GC(883) Concurrent Mark From Roots 102.182ms
[457.946s][info][gc,marking  ] GC(883) Concurrent Preclean
[457.946s][info][gc,marking  ] GC(883) Concurrent Preclean 0.041ms
[457.948s][info][gc,start    ] GC(883) Pause Remark
[457.971s][info][gc          ] GC(883) Pause Remark 87M->87M(256M) 23.032ms
[457.971s][info][gc,cpu      ] GC(883) User=0.04s Sys=0.00s Real=0.02s
[457.971s][info][gc,marking  ] GC(883) Concurrent Mark 127.550ms
[457.971s][info][gc,marking  ] GC(883) Concurrent Rebuild Remembered Sets and Scrub Regions
[458.016s][info][gc,marking  ] GC(883) Concurrent Rebuild Remembered Sets and Scrub Regions 44.816ms
[458.016s][info][gc,start    ] GC(883) Pause Cleanup
[458.016s][info][gc          ] GC(883) Pause Cleanup 92M->92M(256M) 0.053ms
[458.016s][info][gc,cpu      ] GC(883) User=0.00s Sys=0.00s Real=0.00s
[458.016s][info][gc,marking  ] GC(883) Concurrent Clear Claimed Marks
[458.016s][info][gc,marking  ] GC(883) Concurrent Clear Claimed Marks 0.039ms
[458.016s][info][gc,marking  ] GC(883) Concurrent Cleanup for Next Mark
[458.018s][info][gc,marking  ] GC(883) Concurrent Cleanup for Next Mark 2.175ms
[458.018s][info][gc          ] GC(883) Concurrent Mark Cycle 181.347ms
[458.483s][info][gc,start    ] GC(884) Pause Young (Prepare Mixed) (G1 Evacuation Pause)
[458.483s][info][gc,task     ] GC(884) Using 2 workers of 2 for evacuation
[458.506s][info][gc,phases   ] GC(884)   Pre Evacuate Collection Set: 0.31ms
[458.506s][info][gc,phases   ] GC(884)   Merge Heap Roots: 0.09ms
[458.506s][info][gc,phases   ] GC(884)   Evacuate Collection Set: 22.58ms
[458.506s][info][gc,phases   ] GC(884)   Post Evacuate Collection Set: 0.48ms
[458.506s][info][gc,phases   ] GC(884)   Other: 0.10ms
[458.506s][info][gc,heap     ] GC(884) Eden regions: 149->0(131)
[458.506s][info][gc,heap     ] GC(884) Survivor regions: 4->20(20)
[458.506s][info][gc,heap     ] GC(884) Old regions: 56->61
[458.506s][info][gc,heap     ] GC(884) Humongous regions: 3->3
[458.506s][info][gc,metaspace] GC(884) Metaspace: 43032K(43456K)->43032K(43456K) NonClass: 38690K(38912K)->38690K(38912K) Class: 4342K(4544K)->4342K(4544K)
[458.506s][info][gc          ] GC(884) Pause Young (Prepare Mixed) (G1 Evacuation Pause) 210M->84M(256M) 23.754ms
[458.506s][info][gc,cpu      ] GC(884) User=0.04s Sys=0.00s Real=0.03s
[459.072s][info][gc,start    ] GC(885) Pause Young (Mixed) (G1 Evacuation Pause)
[459.072s][info][gc,task     ] GC(885) Using 2 workers of 2 for evacuation
[459.097s][info][gc,phases   ] GC(885)   Pre Evacuate Collection Set: 0.26ms
[459.097s][info][gc,phases   ] GC(885)   Merge Heap Roots: 0.16ms
[459.097s][info][gc,phases   ] GC(885)   Evacuate Collection Set: 23.97ms
[459.097s][info][gc,phases   ] GC(885)   Post Evacuate Collection Set: 0.43ms
[459.097s][info][gc,phases   ] GC(885)   Other: 0.08ms
[459.097s][info][gc,heap     ] GC(885) Eden regions: 131->0(140)
[459.097s][info][gc,heap     ] GC(885) Survivor regions: 20->11(19)
[459.097s][info][gc,heap     ] GC(885) Old regions: 61->59
[459.097s][info][gc,heap     ] GC(885) Humongous regions: 3->3
[459.097s][info][gc,metaspace] GC(885) Metaspace: 43032K(43456K)->43032K(43456K) NonClass: 38690K(38912K)->38690K(38912K) Class: 4342K(4544K)->4342K(4544K)
[459.097s][info][gc          ] GC(885) Pause Young (Mixed) (G1 Evacuation Pause) 215M->73M(256M) 25.089ms
[459.097s][info][gc,cpu      ] GC(885) User=0.05s Sys=0.00s Real=0.03s
[459.171s][info][gc,start    ] GC(886) Pause Young (Concurrent Start) (G1 Humongous Allocation)
[459.171s][info][gc,task     ] GC(886) Using 2 workers of 2 for evacuation
[459.187s][info][gc,phases   ] GC(886)   Pre Evacuate Collection Set: 0.16ms
[459.187s][info][gc,phases   ] GC(886)   Merge Heap Roots: 0.09ms
[459.187s][info][gc,phases   ] GC(886)   Evacuate Collection Set: 14.89ms
[459.187s][info][gc,phases   ] GC(886)   Post Evacuate Collection Set: 0.29ms
[459.187s][info][gc,phases   ] GC(886)   Other: 0.09ms
[459.187s][info][gc,heap     ] GC(886) Eden regions: 19->0(135)
[459.187s][info][gc,heap     ] GC(886) Survivor regions: 11->5(19)
[459.187s][info][gc,heap     ] GC(886) Old regions: 59->70
[459.187s][info][gc,heap     ] GC(886) Humongous regions: 3->1
[459.187s][info][gc,metaspace] GC(886) Metaspace: 43032K(43456K)->43032K(43456K) NonClass: 38690K(38912K)->38690K(38912K) Class: 4342K(4544K)->4342K(4544K)
[459.187s][info][gc          ] GC(886) Pause Young (Concurrent Start) (G1 Humongous Allocation) 91M->75M(256M) 15.727ms
[459.187s][info][gc          ] GC(887) Concurrent Mark Cycle
[459.187s][info][gc,marking  ] GC(887) Concurrent Scan Root Regions
[459.187s][info][gc,cpu      ] GC(886) User=0.03s Sys=0.00s Real=0.02s
[459.204s][info][gc,marking  ] GC(887) Concurrent Scan Root Regions 17.005ms
[459.204s][info][gc,marking  ] GC(887) Concurrent Mark
[459.204s][info][gc,marking  ] GC(887) Concurrent Mark From Roots
[459.204s][info][gc,task     ] GC(887) Using 1 workers of 1 for marking
[459.270s][info][gc,marking  ] GC(887) Concurrent Mark From Roots 66.057ms
[459.270s][info][gc,marking  ] GC(887) Concurrent Preclean
[459.270s][info][gc,marking  ] GC(887) Concurrent Preclean 0.035ms
[459.270s][info][gc,start    ] GC(887) Pause Remark
[459.287s][info][gc          ] GC(887) Pause Remark 99M->99M(256M) 16.120ms
[459.287s][info][gc,cpu      ] GC(887) User=0.03s Sys=0.00s Real=0.02s
[459.288s][info][gc,marking  ] GC(887) Concurrent Mark 83.856ms
[459.288s][info][gc,marking  ] GC(887) Concurrent Rebuild Remembered Sets and Scrub Regions
[459.320s][info][gc,marking  ] GC(887) Concurrent Rebuild Remembered Sets and Scrub Regions 32.427ms
[459.320s][info][gc,start    ] GC(887) Pause Cleanup
[459.320s][info][gc          ] GC(887) Pause Cleanup 108M->108M(256M) 0.042ms
[459.320s][info][gc,cpu      ] GC(887) User=0.00s Sys=0.00s Real=0.00s
[459.321s][info][gc,marking  ] GC(887) Concurrent Clear Claimed Marks
[459.321s][info][gc,marking  ] GC(887) Concurrent Clear Claimed Marks 0.036ms
[459.321s][info][gc,marking  ] GC(887) Concurrent Cleanup for Next Mark
[459.321s][info][gc,marking  ] GC(887) Concurrent Cleanup for Next Mark 0.764ms
[459.321s][info][gc          ] GC(887) Concurrent Mark Cycle 134.335ms
[459.728s][info][gc,start    ] GC(888) Pause Young (Prepare Mixed) (G1 Evacuation Pause)
[459.728s][info][gc,task     ] GC(888) Using 2 workers of 2 for evacuation
[459.743s][info][gc,phases   ] GC(888)   Pre Evacuate Collection Set: 0.20ms
[459.743s][info][gc,phases   ] GC(888)   Merge Heap Roots: 0.08ms
[459.743s][info][gc,phases   ] GC(888)   Evacuate Collection Set: 14.44ms
[459.743s][info][gc,phases   ] GC(888)   Post Evacuate Collection Set: 0.44ms
[459.743s][info][gc,phases   ] GC(888)   Other: 0.07ms
[459.743s][info][gc,heap     ] GC(888) Eden regions: 135->0(127)
[459.743s][info][gc,heap     ] GC(888) Survivor regions: 5->15(18)
[459.743s][info][gc,heap     ] GC(888) Old regions: 70->70
[459.743s][info][gc,heap     ] GC(888) Humongous regions: 5->3
[459.743s][info][gc,metaspace] GC(888) Metaspace: 43032K(43456K)->43032K(43456K) NonClass: 38690K(38912K)->38690K(38912K) Class: 4342K(4544K)->4342K(4544K)
[459.743s][info][gc          ] GC(888) Pause Young (Prepare Mixed) (G1 Evacuation Pause) 214M->87M(256M) 15.393ms
[459.743s][info][gc,cpu      ] GC(888) User=0.03s Sys=0.00s Real=0.01s
[460.207s][info][gc,start    ] GC(889) Pause Young (Mixed) (G1 Evacuation Pause)
[460.207s][info][gc,task     ] GC(889) Using 2 workers of 2 for evacuation
[460.217s][info][gc,phases   ] GC(889)   Pre Evacuate Collection Set: 0.16ms
[460.217s][info][gc,phases   ] GC(889)   Merge Heap Roots: 0.07ms
[460.217s][info][gc,phases   ] GC(889)   Evacuate Collection Set: 8.99ms
[460.217s][info][gc,phases   ] GC(889)   Post Evacuate Collection Set: 0.38ms
[460.217s][info][gc,phases   ] GC(889)   Other: 0.09ms
[460.217s][info][gc,heap     ] GC(889) Eden regions: 127->0(140)
[460.217s][info][gc,heap     ] GC(889) Survivor regions: 15->4(18)
[460.217s][info][gc,heap     ] GC(889) Old regions: 70->71
[460.217s][info][gc,heap     ] GC(889) Humongous regions: 13->3
[460.217s][info][gc,metaspace] GC(889) Metaspace: 43034K(43456K)->43034K(43456K) NonClass: 38692K(38912K)->38692K(38912K) Class: 4342K(4544K)->4342K(4544K)
[460.217s][info][gc          ] GC(889) Pause Young (Mixed) (G1 Evacuation Pause) 224M->77M(256M) 9.860ms
[460.217s][info][gc,cpu      ] GC(889) User=0.02s Sys=0.00s Real=0.01s
[460.333s][info][gc,start    ] GC(890) Pause Young (Concurrent Start) (G1 Humongous Allocation)
[460.333s][info][gc,task     ] GC(890) Using 2 workers of 2 for evacuation
[460.335s][info][gc,phases   ] GC(890)   Pre Evacuate Collection Set: 0.17ms
[460.335s][info][gc,phases   ] GC(890)   Merge Heap Roots: 0.04ms
[460.335s][info][gc,phases   ] GC(890)   Evacuate Collection Set: 1.51ms
[460.335s][info][gc,phases   ] GC(890)   Post Evacuate Collection Set: 0.28ms
[460.335s][info][gc,phases   ] GC(890)   Other: 0.07ms
[460.336s][info][gc,heap     ] GC(890) Eden regions: 36->0(150)
[460.336s][info][gc,heap     ] GC(890) Survivor regions: 4->2(18)
[460.336s][info][gc,heap     ] GC(890) Old regions: 71->71
[460.336s][info][gc,heap     ] GC(890) Humongous regions: 3->1
[460.336s][info][gc,metaspace] GC(890) Metaspace: 43034K(43456K)->43034K(43456K) NonClass: 38692K(38912K)->38692K(38912K) Class: 4342K(4544K)->4342K(4544K)
[460.336s][info][gc          ] GC(890) Pause Young (Concurrent Start) (G1 Humongous Allocation) 112M->73M(256M) 2.223ms
[460.336s][info][gc,cpu      ] GC(890) User=0.01s Sys=0.00s Real=0.01s
[460.336s][info][gc          ] GC(891) Concurrent Mark Cycle
[460.336s][info][gc,marking  ] GC(891) Concurrent Scan Root Regions
[460.337s][info][gc,marking  ] GC(891) Concurrent Scan Root Regions 1.485ms
[460.337s][info][gc,marking  ] GC(891) Concurrent Mark
[460.337s][info][gc,marking  ] GC(891) Concurrent Mark From Roots
[460.337s][info][gc,task     ] GC(891) Using 1 workers of 1 for marking
[460.403s][info][gc,marking  ] GC(891) Concurrent Mark From Roots 65.092ms
[460.403s][info][gc,marking  ] GC(891) Concurrent Preclean
[460.403s][info][gc,marking  ] GC(891) Concurrent Preclean 0.032ms
[460.403s][info][gc,start    ] GC(891) Pause Remark
[460.419s][info][gc          ] GC(891) Pause Remark 92M->86M(256M) 15.717ms
[460.419s][info][gc,cpu      ] GC(891) User=0.03s Sys=0.00s Real=0.02s
[460.419s][info][gc,marking  ] GC(891) Concurrent Mark 81.135ms
[460.419s][info][gc,marking  ] GC(891) Concurrent Rebuild Remembered Sets and Scrub Regions
[460.441s][info][gc,marking  ] GC(891) Concurrent Rebuild Remembered Sets and Scrub Regions 22.372ms
[460.441s][info][gc,start    ] GC(891) Pause Cleanup
[460.441s][info][gc          ] GC(891) Pause Cleanup 95M->95M(256M) 0.058ms
[460.441s][info][gc,cpu      ] GC(891) User=0.00s Sys=0.00s Real=0.00s
[460.441s][info][gc,marking  ] GC(891) Concurrent Clear Claimed Marks
[460.441s][info][gc,marking  ] GC(891) Concurrent Clear Claimed Marks 0.038ms
[460.441s][info][gc,marking  ] GC(891) Concurrent Cleanup for Next Mark
[460.442s][info][gc,marking  ] GC(891) Concurrent Cleanup for Next Mark 0.746ms
[460.442s][info][gc          ] GC(891) Concurrent Mark Cycle 106.131ms
[460.940s][info][gc,start    ] GC(892) Pause Young (Prepare Mixed) (G1 Evacuation Pause)
[460.940s][info][gc,task     ] GC(892) Using 2 workers of 2 for evacuation
[460.950s][info][gc,phases   ] GC(892)   Pre Evacuate Collection Set: 0.23ms
[460.950s][info][gc,phases   ] GC(892)   Merge Heap Roots: 0.12ms
[460.950s][info][gc,phases   ] GC(892)   Evacuate Collection Set: 9.69ms
[460.950s][info][gc,phases   ] GC(892)   Post Evacuate Collection Set: 0.64ms
[460.951s][info][gc,phases   ] GC(892)   Other: 0.07ms
[460.951s][info][gc,heap     ] GC(892) Eden regions: 150->0(162)
[460.951s][info][gc,heap     ] GC(892) Survivor regions: 2->9(19)
[460.951s][info][gc,heap     ] GC(892) Old regions: 65->65
[460.951s][info][gc,heap     ] GC(892) Humongous regions: 5->3
[460.951s][info][gc,metaspace] GC(892) Metaspace: 43035K(43456K)->43035K(43456K) NonClass: 38693K(38912K)->38693K(38912K) Class: 4342K(4544K)->4342K(4544K)
[460.951s][info][gc          ] GC(892) Pause Young (Prepare Mixed) (G1 Evacuation Pause) 221M->76M(285M) 10.921ms
[460.951s][info][gc,cpu      ] GC(892) User=0.02s Sys=0.00s Real=0.01s
[461.528s][info][gc,start    ] GC(893) Pause Young (Mixed) (G1 Evacuation Pause)
[461.528s][info][gc,task     ] GC(893) Using 2 workers of 2 for evacuation
[461.540s][info][gc,phases   ] GC(893)   Pre Evacuate Collection Set: 0.17ms
[461.540s][info][gc,phases   ] GC(893)   Merge Heap Roots: 0.07ms
[461.540s][info][gc,phases   ] GC(893)   Evacuate Collection Set: 10.87ms
[461.540s][info][gc,phases   ] GC(893)   Post Evacuate Collection Set: 0.43ms
[461.540s][info][gc,phases   ] GC(893)   Other: 0.09ms
[461.540s][info][gc,heap     ] GC(893) Eden regions: 162->0(161)
[461.540s][info][gc,heap     ] GC(893) Survivor regions: 9->10(22)
[461.540s][info][gc,heap     ] GC(893) Old regions: 65->47
[461.540s][info][gc,heap     ] GC(893) Humongous regions: 11->3
[461.540s][info][gc,metaspace] GC(893) Metaspace: 43035K(43456K)->43035K(43456K) NonClass: 38693K(38912K)->38693K(38912K) Class: 4342K(4544K)->4342K(4544K)
[461.540s][info][gc          ] GC(893) Pause Young (Mixed) (G1 Evacuation Pause) 246M->59M(285M) 11.799ms
[461.540s][info][gc,cpu      ] GC(893) User=0.03s Sys=0.00s Real=0.01s
[461.827s][info][gc,start    ] GC(894) Pause Young (Concurrent Start) (G1 Humongous Allocation)
[461.827s][info][gc,task     ] GC(894) Using 2 workers of 2 for evacuation
[461.831s][info][gc,phases   ] GC(894)   Pre Evacuate Collection Set: 0.17ms
[461.831s][info][gc,phases   ] GC(894)   Merge Heap Roots: 0.05ms
[461.831s][info][gc,phases   ] GC(894)   Evacuate Collection Set: 3.14ms
[461.831s][info][gc,phases   ] GC(894)   Post Evacuate Collection Set: 0.32ms
[461.831s][info][gc,phases   ] GC(894)   Other: 0.08ms
[461.831s][info][gc,heap     ] GC(894) Eden regions: 73->0(168)
[461.831s][info][gc,heap     ] GC(894) Survivor regions: 10->3(22)
[461.831s][info][gc,heap     ] GC(894) Old regions: 47->47
[461.831s][info][gc,heap     ] GC(894) Humongous regions: 3->1
[461.831s][info][gc,metaspace] GC(894) Metaspace: 43035K(43456K)->43035K(43456K) NonClass: 38693K(38912K)->38693K(38912K) Class: 4342K(4544K)->4342K(4544K)
[461.831s][info][gc          ] GC(894) Pause Young (Concurrent Start) (G1 Humongous Allocation) 131M->50M(285M) 3.983ms
[461.831s][info][gc          ] GC(895) Concurrent Mark Cycle
[461.831s][info][gc,marking  ] GC(895) Concurrent Scan Root Regions
[461.831s][info][gc,cpu      ] GC(894) User=0.01s Sys=0.00s Real=0.00s
[461.835s][info][gc,marking  ] GC(895) Concurrent Scan Root Regions 3.609ms
[461.835s][info][gc,marking  ] GC(895) Concurrent Mark
[461.835s][info][gc,marking  ] GC(895) Concurrent Mark From Roots
[461.835s][info][gc,task     ] GC(895) Using 1 workers of 1 for marking
[461.898s][info][gc,marking  ] GC(895) Concurrent Mark From Roots 63.342ms
[461.898s][info][gc,marking  ] GC(895) Concurrent Preclean
[461.898s][info][gc,marking  ] GC(895) Concurrent Preclean 0.034ms
[461.898s][info][gc,start    ] GC(895) Pause Remark
[461.914s][info][gc          ] GC(895) Pause Remark 72M->72M(256M) 15.633ms
[461.914s][info][gc,cpu      ] GC(895) User=0.03s Sys=0.00s Real=0.01s
[461.914s][info][gc,marking  ] GC(895) Concurrent Mark 79.265ms
[461.914s][info][gc,marking  ] GC(895) Concurrent Rebuild Remembered Sets and Scrub Regions
[461.934s][info][gc,marking  ] GC(895) Concurrent Rebuild Remembered Sets and Scrub Regions 20.590ms
[461.935s][info][gc,start    ] GC(895) Pause Cleanup
[461.935s][info][gc          ] GC(895) Pause Cleanup 78M->78M(256M) 0.037ms
[461.935s][info][gc,cpu      ] GC(895) User=0.00s Sys=0.00s Real=0.00s
[461.935s][info][gc,marking  ] GC(895) Concurrent Clear Claimed Marks
[461.935s][info][gc,marking  ] GC(895) Concurrent Clear Claimed Marks 0.035ms
[461.935s][info][gc,marking  ] GC(895) Concurrent Cleanup for Next Mark
[461.936s][info][gc,marking  ] GC(895) Concurrent Cleanup for Next Mark 0.882ms
[461.936s][info][gc          ] GC(895) Concurrent Mark Cycle 104.671ms
[462.493s][info][gc,start    ] GC(896) Pause Young (Prepare Mixed) (G1 Evacuation Pause)
[462.493s][info][gc,task     ] GC(896) Using 2 workers of 2 for evacuation
[462.500s][info][gc,phases   ] GC(896)   Pre Evacuate Collection Set: 0.16ms
[462.500s][info][gc,phases   ] GC(896)   Merge Heap Roots: 0.09ms
[462.500s][info][gc,phases   ] GC(896)   Evacuate Collection Set: 6.11ms
[462.500s][info][gc,phases   ] GC(896)   Post Evacuate Collection Set: 0.42ms
[462.500s][info][gc,phases   ] GC(896)   Other: 0.09ms
[462.500s][info][gc,heap     ] GC(896) Eden regions: 150->0(147)
[462.500s][info][gc,heap     ] GC(896) Survivor regions: 3->6(20)
[462.500s][info][gc,heap     ] GC(896) Old regions: 47->47
[462.500s][info][gc,heap     ] GC(896) Humongous regions: 9->3
[462.500s][info][gc,metaspace] GC(896) Metaspace: 43035K(43456K)->43035K(43456K) NonClass: 38693K(38912K)->38693K(38912K) Class: 4342K(4544K)->4342K(4544K)
[462.500s][info][gc          ] GC(896) Pause Young (Prepare Mixed) (G1 Evacuation Pause) 208M->55M(256M) 7.042ms
[462.500s][info][gc,cpu      ] GC(896) User=0.01s Sys=0.00s Real=0.01s
[462.896s][info][gc,start    ] GC(897) Pause Young (Mixed) (G1 Evacuation Pause)
[462.896s][info][gc,task     ] GC(897) Using 2 workers of 2 for evacuation
[462.934s][info][gc,phases   ] GC(897)   Pre Evacuate Collection Set: 0.16ms
[462.934s][info][gc,phases   ] GC(897)   Merge Heap Roots: 0.07ms
[462.934s][info][gc,phases   ] GC(897)   Evacuate Collection Set: 37.80ms
[462.934s][info][gc,phases   ] GC(897)   Post Evacuate Collection Set: 0.56ms
[462.934s][info][gc,phases   ] GC(897)   Other: 0.08ms
[462.934s][info][gc,heap     ] GC(897) Eden regions: 147->0(125)
[462.934s][info][gc,heap     ] GC(897) Survivor regions: 6->20(20)
[462.934s][info][gc,heap     ] GC(897) Old regions: 47->65
[462.934s][info][gc,heap     ] GC(897) Humongous regions: 3->3
[462.934s][info][gc,metaspace] GC(897) Metaspace: 43035K(43456K)->43035K(43456K) NonClass: 38693K(38912K)->38693K(38912K) Class: 4342K(4544K)->4342K(4544K)
[462.934s][info][gc          ] GC(897) Pause Young (Mixed) (G1 Evacuation Pause) 202M->87M(256M) 38.857ms
[462.934s][info][gc,cpu      ] GC(897) User=0.08s Sys=0.00s Real=0.03s
[463.510s][info][gc,start    ] GC(898) Pause Young (Concurrent Start) (G1 Evacuation Pause)
[463.510s][info][gc,task     ] GC(898) Using 2 workers of 2 for evacuation
[463.582s][info][gc,phases   ] GC(898)   Pre Evacuate Collection Set: 0.18ms
[463.582s][info][gc,phases   ] GC(898)   Merge Heap Roots: 0.24ms
[463.582s][info][gc,phases   ] GC(898)   Evacuate Collection Set: 70.85ms
[463.582s][info][gc,phases   ] GC(898)   Post Evacuate Collection Set: 0.47ms
[463.582s][info][gc,phases   ] GC(898)   Other: 0.13ms
[463.582s][info][gc,heap     ] GC(898) Eden regions: 125->0(100)
[463.582s][info][gc,heap     ] GC(898) Survivor regions: 20->19(19)
[463.582s][info][gc,heap     ] GC(898) Old regions: 65->94
[463.582s][info][gc,heap     ] GC(898) Humongous regions: 3->3
[463.582s][info][gc,metaspace] GC(898) Metaspace: 43035K(43456K)->43035K(43456K) NonClass: 38693K(38912K)->38693K(38912K) Class: 4342K(4544K)->4342K(4544K)
[463.582s][info][gc          ] GC(898) Pause Young (Concurrent Start) (G1 Evacuation Pause) 212M->115M(261M) 72.060ms
[463.582s][info][gc,cpu      ] GC(898) User=0.14s Sys=0.01s Real=0.07s
[463.582s][info][gc          ] GC(899) Concurrent Mark Cycle
[463.583s][info][gc,marking  ] GC(899) Concurrent Scan Root Regions
[463.664s][info][gc,marking  ] GC(899) Concurrent Scan Root Regions 80.739ms
[463.664s][info][gc,marking  ] GC(899) Concurrent Mark
[463.664s][info][gc,marking  ] GC(899) Concurrent Mark From Roots
[463.664s][info][gc,task     ] GC(899) Using 1 workers of 1 for marking
[463.800s][info][gc,marking  ] GC(899) Concurrent Mark From Roots 136.180ms
[463.800s][info][gc,marking  ] GC(899) Concurrent Preclean
[463.800s][info][gc,marking  ] GC(899) Concurrent Preclean 0.041ms
[463.800s][info][gc,start    ] GC(899) Pause Remark
[463.832s][info][gc          ] GC(899) Pause Remark 150M->150M(261M) 31.442ms
[463.832s][info][gc,cpu      ] GC(899) User=0.03s Sys=0.00s Real=0.03s
[463.832s][info][gc,marking  ] GC(899) Concurrent Mark 167.946ms
[463.832s][info][gc,marking  ] GC(899) Concurrent Rebuild Remembered Sets and Scrub Regions
[463.905s][info][gc,marking  ] GC(899) Concurrent Rebuild Remembered Sets and Scrub Regions 73.420ms
[463.905s][info][gc,start    ] GC(899) Pause Cleanup
[463.905s][info][gc          ] GC(899) Pause Cleanup 159M->159M(261M) 0.048ms
[463.905s][info][gc,cpu      ] GC(899) User=0.00s Sys=0.00s Real=0.00s
[463.905s][info][gc,marking  ] GC(899) Concurrent Clear Claimed Marks
[463.905s][info][gc,marking  ] GC(899) Concurrent Clear Claimed Marks 0.038ms
[463.905s][info][gc,marking  ] GC(899) Concurrent Cleanup for Next Mark
[463.906s][info][gc,marking  ] GC(899) Concurrent Cleanup for Next Mark 0.867ms
[463.906s][info][gc          ] GC(899) Concurrent Mark Cycle 324.365ms
[464.192s][info][gc,start    ] GC(900) Pause Young (Prepare Mixed) (G1 Evacuation Pause)
[464.193s][info][gc,task     ] GC(900) Using 2 workers of 2 for evacuation
[464.261s][info][gc,phases   ] GC(900)   Pre Evacuate Collection Set: 0.18ms
[464.261s][info][gc,phases   ] GC(900)   Merge Heap Roots: 0.66ms
[464.261s][info][gc,phases   ] GC(900)   Evacuate Collection Set: 66.84ms
[464.261s][info][gc,phases   ] GC(900)   Post Evacuate Collection Set: 0.43ms
[464.261s][info][gc,phases   ] GC(900)   Other: 0.08ms
[464.261s][info][gc,heap     ] GC(900) Eden regions: 100->0(76)
[464.261s][info][gc,heap     ] GC(900) Survivor regions: 19->15(15)
[464.261s][info][gc,heap     ] GC(900) Old regions: 94->126
[464.261s][info][gc,heap     ] GC(900) Humongous regions: 3->3
[464.261s][info][gc,metaspace] GC(900) Metaspace: 43035K(43456K)->43035K(43456K) NonClass: 38693K(38912K)->38693K(38912K) Class: 4342K(4544K)->4342K(4544K)
[464.261s][info][gc          ] GC(900) Pause Young (Prepare Mixed) (G1 Evacuation Pause) 215M->143M(263M) 68.379ms
[464.261s][info][gc,cpu      ] GC(900) User=0.11s Sys=0.00s Real=0.07s
[464.633s][info][gc,start    ] GC(901) Pause Young (Mixed) (G1 Evacuation Pause)
[464.633s][info][gc,task     ] GC(901) Using 2 workers of 2 for evacuation
[464.681s][info][gc,phases   ] GC(901)   Pre Evacuate Collection Set: 0.19ms
[464.681s][info][gc,phases   ] GC(901)   Merge Heap Roots: 0.27ms
[464.681s][info][gc,phases   ] GC(901)   Evacuate Collection Set: 47.26ms
[464.681s][info][gc,phases   ] GC(901)   Post Evacuate Collection Set: 0.45ms
[464.681s][info][gc,phases   ] GC(901)   Other: 0.07ms
[464.681s][info][gc,heap     ] GC(901) Eden regions: 76->0(61)
[464.681s][info][gc,heap     ] GC(901) Survivor regions: 15->12(12)
[464.681s][info][gc,heap     ] GC(901) Old regions: 126->147
[464.681s][info][gc,heap     ] GC(901) Humongous regions: 5->3
[464.681s][info][gc,metaspace] GC(901) Metaspace: 43035K(43456K)->43035K(43456K) NonClass: 38693K(38912K)->38693K(38912K) Class: 4342K(4544K)->4342K(4544K)
[464.681s][info][gc          ] GC(901) Pause Young (Mixed) (G1 Evacuation Pause) 221M->161M(263M) 48.445ms
[464.681s][info][gc,cpu      ] GC(901) User=0.10s Sys=0.00s Real=0.05s
[464.905s][info][gc,start    ] GC(902) Pause Young (Concurrent Start) (G1 Evacuation Pause)
[464.905s][info][gc,task     ] GC(902) Using 2 workers of 2 for evacuation
[464.935s][info][gc,phases   ] GC(902)   Pre Evacuate Collection Set: 0.17ms
[464.935s][info][gc,phases   ] GC(902)   Merge Heap Roots: 0.14ms
[464.935s][info][gc,phases   ] GC(902)   Evacuate Collection Set: 28.44ms
[464.935s][info][gc,phases   ] GC(902)   Post Evacuate Collection Set: 0.38ms
[464.935s][info][gc,phases   ] GC(902)   Other: 0.14ms
[464.935s][info][gc,heap     ] GC(902) Eden regions: 61->0(52)
[464.935s][info][gc,heap     ] GC(902) Survivor regions: 12->10(10)
[464.935s][info][gc,heap     ] GC(902) Old regions: 147->163
[464.935s][info][gc,heap     ] GC(902) Humongous regions: 3->3
[464.935s][info][gc,metaspace] GC(902) Metaspace: 43035K(43456K)->43035K(43456K) NonClass: 38693K(38912K)->38693K(38912K) Class: 4342K(4544K)->4342K(4544K)
[464.935s][info][gc          ] GC(902) Pause Young (Concurrent Start) (G1 Evacuation Pause) 222M->175M(263M) 29.451ms
[464.935s][info][gc          ] GC(903) Concurrent Mark Cycle
[464.935s][info][gc,marking  ] GC(903) Concurrent Scan Root Regions
[464.937s][info][gc,cpu      ] GC(902) User=0.05s Sys=0.00s Real=0.03s
[464.961s][info][gc,marking  ] GC(903) Concurrent Scan Root Regions 26.207ms
[464.961s][info][gc,marking  ] GC(903) Concurrent Mark
[464.961s][info][gc,marking  ] GC(903) Concurrent Mark From Roots
[464.961s][info][gc,task     ] GC(903) Using 1 workers of 1 for marking
[465.083s][info][gc,marking  ] GC(903) Concurrent Mark From Roots 121.479ms
[465.083s][info][gc,marking  ] GC(903) Concurrent Preclean
[465.083s][info][gc,marking  ] GC(903) Concurrent Preclean 0.041ms
[465.083s][info][gc,start    ] GC(903) Pause Remark
[465.098s][info][gc          ] GC(903) Pause Remark 195M->195M(294M) 15.688ms
[465.099s][info][gc,cpu      ] GC(903) User=0.03s Sys=0.00s Real=0.02s
[465.099s][info][gc,marking  ] GC(903) Concurrent Mark 137.467ms
[465.099s][info][gc,marking  ] GC(903) Concurrent Rebuild Remembered Sets and Scrub Regions
[465.194s][info][gc,marking  ] GC(903) Concurrent Rebuild Remembered Sets and Scrub Regions 95.822ms
[465.194s][info][gc,start    ] GC(903) Pause Cleanup
[465.195s][info][gc          ] GC(903) Pause Cleanup 204M->204M(294M) 0.078ms
[465.195s][info][gc,cpu      ] GC(903) User=0.00s Sys=0.00s Real=0.00s
[465.195s][info][gc,marking  ] GC(903) Concurrent Clear Claimed Marks
[465.195s][info][gc,marking  ] GC(903) Concurrent Clear Claimed Marks 0.038ms
[465.195s][info][gc,marking  ] GC(903) Concurrent Cleanup for Next Mark
[465.196s][info][gc,marking  ] GC(903) Concurrent Cleanup for Next Mark 1.262ms
[465.196s][info][gc          ] GC(903) Concurrent Mark Cycle 261.068ms
[465.380s][info][gc,start    ] GC(904) Pause Young (Prepare Mixed) (G1 Evacuation Pause)
[465.380s][info][gc,task     ] GC(904) Using 2 workers of 2 for evacuation
[465.399s][info][gc,phases   ] GC(904)   Pre Evacuate Collection Set: 0.21ms
[465.399s][info][gc,phases   ] GC(904)   Merge Heap Roots: 0.14ms
[465.399s][info][gc,phases   ] GC(904)   Evacuate Collection Set: 18.47ms
[465.399s][info][gc,phases   ] GC(904)   Post Evacuate Collection Set: 0.44ms
[465.399s][info][gc,phases   ] GC(904)   Other: 0.07ms
[465.399s][info][gc,heap     ] GC(904) Eden regions: 52->0(69)
[465.399s][info][gc,heap     ] GC(904) Survivor regions: 10->7(8)
[465.399s][info][gc,heap     ] GC(904) Old regions: 163->173
[465.399s][info][gc,heap     ] GC(904) Humongous regions: 7->3
[465.399s][info][gc,metaspace] GC(904) Metaspace: 43035K(43456K)->43035K(43456K) NonClass: 38693K(38912K)->38693K(38912K) Class: 4342K(4544K)->4342K(4544K)
[465.399s][info][gc          ] GC(904) Pause Young (Prepare Mixed) (G1 Evacuation Pause) 231M->182M(294M) 19.519ms
[465.399s][info][gc,cpu      ] GC(904) User=0.04s Sys=0.00s Real=0.02s
[465.648s][info][gc,start    ] GC(905) Pause Young (Mixed) (G1 Evacuation Pause)
[465.648s][info][gc,task     ] GC(905) Using 2 workers of 2 for evacuation
[465.672s][info][gc,phases   ] GC(905)   Pre Evacuate Collection Set: 0.18ms
[465.672s][info][gc,phases   ] GC(905)   Merge Heap Roots: 0.21ms
[465.672s][info][gc,phases   ] GC(905)   Evacuate Collection Set: 22.19ms
[465.672s][info][gc,phases   ] GC(905)   Post Evacuate Collection Set: 1.31ms
[465.672s][info][gc,phases   ] GC(905)   Other: 0.08ms
[465.672s][info][gc,heap     ] GC(905) Eden regions: 69->0(168)
[465.672s][info][gc,heap     ] GC(905) Survivor regions: 7->9(10)
[465.672s][info][gc,heap     ] GC(905) Old regions: 173->151
[465.672s][info][gc,heap     ] GC(905) Humongous regions: 3->3
[465.672s][info][gc,metaspace] GC(905) Metaspace: 43035K(43456K)->43035K(43456K) NonClass: 38693K(38912K)->38693K(38912K) Class: 4342K(4544K)->4342K(4544K)
[465.672s][info][gc          ] GC(905) Pause Young (Mixed) (G1 Evacuation Pause) 251M->162M(430M) 24.146ms
[465.672s][info][gc,cpu      ] GC(905) User=0.04s Sys=0.00s Real=0.02s
[466.283s][info][gc,start    ] GC(906) Pause Young (Mixed) (G1 Evacuation Pause)
[466.283s][info][gc,task     ] GC(906) Using 2 workers of 2 for evacuation
[466.337s][info][gc,phases   ] GC(906)   Pre Evacuate Collection Set: 0.24ms
[466.337s][info][gc,phases   ] GC(906)   Merge Heap Roots: 0.47ms
[466.337s][info][gc,phases   ] GC(906)   Evacuate Collection Set: 53.03ms
[466.337s][info][gc,phases   ] GC(906)   Post Evacuate Collection Set: 0.72ms
[466.337s][info][gc,phases   ] GC(906)   Other: 0.08ms
[466.337s][info][gc,heap     ] GC(906) Eden regions: 168->0(163)
[466.337s][info][gc,heap     ] GC(906) Survivor regions: 9->23(23)
[466.337s][info][gc,heap     ] GC(906) Old regions: 151->137
[466.337s][info][gc,heap     ] GC(906) Humongous regions: 12->4
[466.337s][info][gc,metaspace] GC(906) Metaspace: 43035K(43456K)->43035K(43456K) NonClass: 38693K(38912K)->38693K(38912K) Class: 4342K(4544K)->4342K(4544K)
[466.337s][info][gc          ] GC(906) Pause Young (Mixed) (G1 Evacuation Pause) 339M->163M(430M) 54.761ms
[466.337s][info][gc,cpu      ] GC(906) User=0.11s Sys=0.00s Real=0.06s
[466.885s][info][gc,start    ] GC(907) Pause Young (Mixed) (G1 Evacuation Pause)
[466.885s][info][gc,task     ] GC(907) Using 2 workers of 2 for evacuation
[466.957s][info][gc,phases   ] GC(907)   Pre Evacuate Collection Set: 0.23ms
[466.957s][info][gc,phases   ] GC(907)   Merge Heap Roots: 1.17ms
[466.957s][info][gc,phases   ] GC(907)   Evacuate Collection Set: 70.45ms
[466.957s][info][gc,phases   ] GC(907)   Post Evacuate Collection Set: 0.63ms
[466.957s][info][gc,phases   ] GC(907)   Other: 0.07ms
[466.957s][info][gc,heap     ] GC(907) Eden regions: 163->0(155)
[466.957s][info][gc,heap     ] GC(907) Survivor regions: 23->24(24)
[466.957s][info][gc,heap     ] GC(907) Old regions: 137->152
[466.957s][info][gc,heap     ] GC(907) Humongous regions: 5->4
[466.957s][info][gc,metaspace] GC(907) Metaspace: 43035K(43456K)->43035K(43456K) NonClass: 38693K(38912K)->38693K(38912K) Class: 4342K(4544K)->4342K(4544K)
[466.957s][info][gc          ] GC(907) Pause Young (Mixed) (G1 Evacuation Pause) 327M->179M(430M) 72.777ms
[466.957s][info][gc,cpu      ] GC(907) User=0.14s Sys=0.00s Real=0.08s
[467.467s][info][gc,start    ] GC(908) Pause Young (Normal) (G1 Evacuation Pause)
[467.467s][info][gc,task     ] GC(908) Using 2 workers of 2 for evacuation
[467.485s][info][gc,phases   ] GC(908)   Pre Evacuate Collection Set: 0.31ms
[467.485s][info][gc,phases   ] GC(908)   Merge Heap Roots: 0.18ms
[467.485s][info][gc,phases   ] GC(908)   Evacuate Collection Set: 16.84ms
[467.485s][info][gc,phases   ] GC(908)   Post Evacuate Collection Set: 0.44ms
[467.485s][info][gc,phases   ] GC(908)   Other: 0.12ms
[467.485s][info][gc,heap     ] GC(908) Eden regions: 155->0(163)
[467.485s][info][gc,heap     ] GC(908) Survivor regions: 24->8(23)
[467.485s][info][gc,heap     ] GC(908) Old regions: 152->169
[467.485s][info][gc,heap     ] GC(908) Humongous regions: 6->5
[467.485s][info][gc,metaspace] GC(908) Metaspace: 43035K(43456K)->43035K(43456K) NonClass: 38693K(38912K)->38693K(38912K) Class: 4342K(4544K)->4342K(4544K)
[467.485s][info][gc          ] GC(908) Pause Young (Normal) (G1 Evacuation Pause) 336M->181M(430M) 18.143ms
[467.485s][info][gc,cpu      ] GC(908) User=0.03s Sys=0.00s Real=0.02s
[468.019s][info][gc,start    ] GC(909) Pause Young (Normal) (G1 Evacuation Pause)
[468.020s][info][gc,task     ] GC(909) Using 2 workers of 2 for evacuation
[468.054s][info][gc,phases   ] GC(909)   Pre Evacuate Collection Set: 0.21ms
[468.054s][info][gc,phases   ] GC(909)   Merge Heap Roots: 0.11ms
[468.054s][info][gc,phases   ] GC(909)   Evacuate Collection Set: 33.91ms
[468.054s][info][gc,phases   ] GC(909)   Post Evacuate Collection Set: 0.54ms
[468.054s][info][gc,phases   ] GC(909)   Other: 0.08ms
[468.054s][info][gc,heap     ] GC(909) Eden regions: 163->0(115)
[468.054s][info][gc,heap     ] GC(909) Survivor regions: 8->22(22)
[468.055s][info][gc,heap     ] GC(909) Old regions: 169->200
[468.055s][info][gc,heap     ] GC(909) Humongous regions: 5->4
[468.055s][info][gc,metaspace] GC(909) Metaspace: 43036K(43456K)->43036K(43456K) NonClass: 38694K(38912K)->38694K(38912K) Class: 4342K(4544K)->4342K(4544K)
[468.055s][info][gc          ] GC(909) Pause Young (Normal) (G1 Evacuation Pause) 344M->225M(430M) 35.075ms
[468.055s][info][gc,cpu      ] GC(909) User=0.07s Sys=0.00s Real=0.03s
[468.432s][info][gc,start    ] GC(910) Pause Young (Concurrent Start) (G1 Humongous Allocation)
[468.432s][info][gc,task     ] GC(910) Using 2 workers of 2 for evacuation
[468.481s][info][gc,phases   ] GC(910)   Pre Evacuate Collection Set: 0.23ms
[468.481s][info][gc,phases   ] GC(910)   Merge Heap Roots: 0.22ms
[468.481s][info][gc,phases   ] GC(910)   Evacuate Collection Set: 48.38ms
[468.481s][info][gc,phases   ] GC(910)   Post Evacuate Collection Set: 0.53ms
[468.482s][info][gc,phases   ] GC(910)   Other: 0.09ms
[468.482s][info][gc,heap     ] GC(910) Eden regions: 102->0(75)
[468.482s][info][gc,heap     ] GC(910) Survivor regions: 22->18(18)
[468.482s][info][gc,heap     ] GC(910) Old regions: 200->246
[468.482s][info][gc,heap     ] GC(910) Humongous regions: 4->4
[468.482s][info][gc,metaspace] GC(910) Metaspace: 43036K(43456K)->43036K(43456K) NonClass: 38694K(38912K)->38694K(38912K) Class: 4342K(4544K)->4342K(4544K)
[468.482s][info][gc          ] GC(910) Pause Young (Concurrent Start) (G1 Humongous Allocation) 327M->267M(430M) 49.722ms
[468.482s][info][gc,cpu      ] GC(910) User=0.10s Sys=0.00s Real=0.05s
[468.482s][info][gc          ] GC(911) Concurrent Mark Cycle
[468.482s][info][gc,marking  ] GC(911) Concurrent Scan Root Regions
[468.513s][info][gc,marking  ] GC(911) Concurrent Scan Root Regions 31.168ms
[468.513s][info][gc,marking  ] GC(911) Concurrent Mark
[468.513s][info][gc,marking  ] GC(911) Concurrent Mark From Roots
[468.513s][info][gc,task     ] GC(911) Using 1 workers of 1 for marking
[468.607s][info][gc,marking  ] GC(911) Concurrent Mark From Roots 93.724ms
[468.607s][info][gc,marking  ] GC(911) Concurrent Preclean
[468.607s][info][gc,marking  ] GC(911) Concurrent Preclean 0.050ms
[468.607s][info][gc,start    ] GC(911) Pause Remark
[468.623s][info][gc          ] GC(911) Pause Remark 292M->245M(430M) 16.484ms
[468.623s][info][gc,cpu      ] GC(911) User=0.04s Sys=0.00s Real=0.01s
[468.623s][info][gc,marking  ] GC(911) Concurrent Mark 110.566ms
[468.623s][info][gc,marking  ] GC(911) Concurrent Rebuild Remembered Sets and Scrub Regions
[468.704s][info][gc,marking  ] GC(911) Concurrent Rebuild Remembered Sets and Scrub Regions 80.620ms
[468.704s][info][gc,start    ] GC(911) Pause Cleanup
[468.704s][info][gc          ] GC(911) Pause Cleanup 266M->266M(430M) 0.093ms
[468.704s][info][gc,cpu      ] GC(911) User=0.00s Sys=0.00s Real=0.00s
[468.704s][info][gc,marking  ] GC(911) Concurrent Clear Claimed Marks
[468.704s][info][gc,marking  ] GC(911) Concurrent Clear Claimed Marks 0.040ms
[468.704s][info][gc,marking  ] GC(911) Concurrent Cleanup for Next Mark
[468.707s][info][gc,marking  ] GC(911) Concurrent Cleanup for Next Mark 2.965ms
[468.707s][info][gc          ] GC(911) Concurrent Mark Cycle 225.830ms
[468.801s][info][gc,start    ] GC(912) Pause Young (Prepare Mixed) (G1 Evacuation Pause)
[468.801s][info][gc,task     ] GC(912) Using 2 workers of 2 for evacuation
[468.850s][info][gc,phases   ] GC(912)   Pre Evacuate Collection Set: 0.22ms
[468.850s][info][gc,phases   ] GC(912)   Merge Heap Roots: 0.57ms
[468.850s][info][gc,phases   ] GC(912)   Evacuate Collection Set: 46.85ms
[468.850s][info][gc,phases   ] GC(912)   Post Evacuate Collection Set: 0.50ms
[468.850s][info][gc,phases   ] GC(912)   Other: 0.08ms
[468.850s][info][gc,heap     ] GC(912) Eden regions: 75->0(78)
[468.850s][info][gc,heap     ] GC(912) Survivor regions: 18->12(12)
[468.850s][info][gc,heap     ] GC(912) Old regions: 200->242
[468.850s][info][gc,heap     ] GC(912) Humongous regions: 4->4
[468.850s][info][gc,metaspace] GC(912) Metaspace: 43036K(43456K)->43036K(43456K) NonClass: 38694K(38912K)->38694K(38912K) Class: 4342K(4544K)->4342K(4544K)
[468.850s][info][gc          ] GC(912) Pause Young (Prepare Mixed) (G1 Evacuation Pause) 296M->257M(430M) 48.426ms
[468.850s][info][gc,cpu      ] GC(912) User=0.09s Sys=0.00s Real=0.05s
[469.115s][info][gc,start    ] GC(913) Pause Young (Mixed) (G1 Evacuation Pause)
[469.115s][info][gc,task     ] GC(913) Using 2 workers of 2 for evacuation
[469.147s][info][gc,phases   ] GC(913)   Pre Evacuate Collection Set: 0.22ms
[469.147s][info][gc,phases   ] GC(913)   Merge Heap Roots: 0.38ms
[469.147s][info][gc,phases   ] GC(913)   Evacuate Collection Set: 29.69ms
[469.147s][info][gc,phases   ] GC(913)   Post Evacuate Collection Set: 1.38ms
[469.147s][info][gc,phases   ] GC(913)   Other: 0.07ms
[469.147s][info][gc,heap     ] GC(913) Eden regions: 78->0(148)
[469.147s][info][gc,heap     ] GC(913) Survivor regions: 12->12(12)
[469.147s][info][gc,heap     ] GC(913) Old regions: 242->211
[469.147s][info][gc,heap     ] GC(913) Humongous regions: 4->4
[469.147s][info][gc,metaspace] GC(913) Metaspace: 43036K(43456K)->43036K(43456K) NonClass: 38694K(38912K)->38694K(38912K) Class: 4342K(4544K)->4342K(4544K)
[469.147s][info][gc          ] GC(913) Pause Young (Mixed) (G1 Evacuation Pause) 335M->226M(540M) 31.943ms
[469.147s][info][gc,cpu      ] GC(913) User=0.06s Sys=0.00s Real=0.03s
[469.767s][info][gc,start    ] GC(914) Pause Young (Mixed) (G1 Evacuation Pause)
[469.767s][info][gc,task     ] GC(914) Using 2 workers of 2 for evacuation
[469.843s][info][gc,phases   ] GC(914)   Pre Evacuate Collection Set: 0.27ms
[469.843s][info][gc,phases   ] GC(914)   Merge Heap Roots: 0.78ms
[469.843s][info][gc,phases   ] GC(914)   Evacuate Collection Set: 73.83ms
[469.843s][info][gc,phases   ] GC(914)   Post Evacuate Collection Set: 0.71ms
[469.843s][info][gc,phases   ] GC(914)   Other: 0.07ms
[469.843s][info][gc,heap     ] GC(914) Eden regions: 148->0(133)
[469.843s][info][gc,heap     ] GC(914) Survivor regions: 12->20(20)
[469.843s][info][gc,heap     ] GC(914) Old regions: 211->230
[469.843s][info][gc,heap     ] GC(914) Humongous regions: 5->5
[469.843s][info][gc,metaspace] GC(914) Metaspace: 43036K(43456K)->43036K(43456K) NonClass: 38694K(38912K)->38694K(38912K) Class: 4342K(4544K)->4342K(4544K)
[469.843s][info][gc          ] GC(914) Pause Young (Mixed) (G1 Evacuation Pause) 375M->254M(540M) 75.893ms
[469.843s][info][gc,cpu      ] GC(914) User=0.15s Sys=0.00s Real=0.07s
[470.324s][info][gc,start    ] GC(915) Pause Young (Normal) (G1 Evacuation Pause)
[470.325s][info][gc,task     ] GC(915) Using 2 workers of 2 for evacuation
[470.387s][info][gc,phases   ] GC(915)   Pre Evacuate Collection Set: 0.38ms
[470.387s][info][gc,phases   ] GC(915)   Merge Heap Roots: 0.24ms
[470.387s][info][gc,phases   ] GC(915)   Evacuate Collection Set: 61.40ms
[470.387s][info][gc,phases   ] GC(915)   Post Evacuate Collection Set: 0.55ms
[470.387s][info][gc,phases   ] GC(915)   Other: 0.07ms
[470.387s][info][gc,heap     ] GC(915) Eden regions: 133->0(97)
[470.387s][info][gc,heap     ] GC(915) Survivor regions: 20->20(20)
[470.387s][info][gc,heap     ] GC(915) Old regions: 230->296
[470.387s][info][gc,heap     ] GC(915) Humongous regions: 6->6
[470.387s][info][gc,metaspace] GC(915) Metaspace: 43036K(43456K)->43036K(43456K) NonClass: 38694K(38912K)->38694K(38912K) Class: 4342K(4544K)->4342K(4544K)
[470.387s][info][gc          ] GC(915) Pause Young (Normal) (G1 Evacuation Pause) 388M->321M(540M) 62.887ms
[470.387s][info][gc,cpu      ] GC(915) User=0.12s Sys=0.00s Real=0.07s
[470.667s][info][gc,start    ] GC(916) Pause Young (Concurrent Start) (G1 Humongous Allocation)
[470.667s][info][gc,task     ] GC(916) Using 2 workers of 2 for evacuation
[470.726s][info][gc,phases   ] GC(916)   Pre Evacuate Collection Set: 0.27ms
[470.726s][info][gc,phases   ] GC(916)   Merge Heap Roots: 0.34ms
[470.726s][info][gc,phases   ] GC(916)   Evacuate Collection Set: 57.60ms
[470.726s][info][gc,phases   ] GC(916)   Post Evacuate Collection Set: 0.53ms
[470.726s][info][gc,phases   ] GC(916)   Other: 0.10ms
[470.726s][info][gc,heap     ] GC(916) Eden regions: 84->0(66)
[470.726s][info][gc,heap     ] GC(916) Survivor regions: 20->15(15)
[470.726s][info][gc,heap     ] GC(916) Old regions: 296->360
[470.726s][info][gc,heap     ] GC(916) Humongous regions: 6->6
[470.726s][info][gc,metaspace] GC(916) Metaspace: 43036K(43456K)->43036K(43456K) NonClass: 38694K(38912K)->38694K(38912K) Class: 4342K(4544K)->4342K(4544K)
[470.726s][info][gc          ] GC(916) Pause Young (Concurrent Start) (G1 Humongous Allocation) 404M->380M(540M) 59.033ms
[470.726s][info][gc,cpu      ] GC(916) User=0.12s Sys=0.00s Real=0.06s
[470.726s][info][gc          ] GC(917) Concurrent Mark Cycle
[470.726s][info][gc,marking  ] GC(917) Concurrent Scan Root Regions
[470.759s][info][gc,marking  ] GC(917) Concurrent Scan Root Regions 32.683ms
[470.759s][info][gc,marking  ] GC(917) Concurrent Mark
[470.759s][info][gc,marking  ] GC(917) Concurrent Mark From Roots
[470.759s][info][gc,task     ] GC(917) Using 1 workers of 1 for marking
[470.914s][info][gc,marking  ] GC(917) Concurrent Mark From Roots 154.980ms
[470.914s][info][gc,marking  ] GC(917) Concurrent Preclean
[470.914s][info][gc,marking  ] GC(917) Concurrent Preclean 0.045ms
[470.914s][info][gc,start    ] GC(917) Pause Remark
[470.930s][info][gc          ] GC(917) Pause Remark 420M->341M(540M) 15.513ms
[470.930s][info][gc,cpu      ] GC(917) User=0.03s Sys=0.00s Real=0.02s
[470.930s][info][gc,marking  ] GC(917) Concurrent Mark 170.828ms
[470.930s][info][gc,marking  ] GC(917) Concurrent Rebuild Remembered Sets and Scrub Regions
[471.023s][info][gc,start    ] GC(918) Pause Young (Normal) (G1 Evacuation Pause)
[471.023s][info][gc,task     ] GC(918) Using 2 workers of 2 for evacuation
[471.066s][info][gc,phases   ] GC(918)   Pre Evacuate Collection Set: 0.29ms
[471.067s][info][gc,phases   ] GC(918)   Merge Heap Roots: 0.71ms
[471.067s][info][gc,phases   ] GC(918)   Evacuate Collection Set: 41.69ms
[471.067s][info][gc,phases   ] GC(918)   Post Evacuate Collection Set: 0.40ms
[471.067s][info][gc,phases   ] GC(918)   Other: 0.07ms
[471.067s][info][gc,heap     ] GC(918) Eden regions: 66->0(84)
[471.067s][info][gc,heap     ] GC(918) Survivor regions: 15->11(11)
[471.067s][info][gc,heap     ] GC(918) Old regions: 282->320
[471.067s][info][gc,heap     ] GC(918) Humongous regions: 6->6
[471.067s][info][gc,metaspace] GC(918) Metaspace: 43036K(43456K)->43036K(43456K) NonClass: 38694K(38912K)->38694K(38912K) Class: 4342K(4544K)->4342K(4544K)
[471.067s][info][gc          ] GC(918) Pause Young (Normal) (G1 Evacuation Pause) 368M->336M(540M) 43.354ms
[471.067s][info][gc,cpu      ] GC(918) User=0.08s Sys=0.00s Real=0.05s
[471.073s][info][gc,marking  ] GC(917) Concurrent Rebuild Remembered Sets and Scrub Regions 142.804ms
[471.073s][info][gc,start    ] GC(917) Pause Cleanup
[471.073s][info][gc          ] GC(917) Pause Cleanup 337M->337M(540M) 0.095ms
[471.073s][info][gc,cpu      ] GC(917) User=0.00s Sys=0.00s Real=0.00s
[471.074s][info][gc,marking  ] GC(917) Concurrent Clear Claimed Marks
[471.074s][info][gc,marking  ] GC(917) Concurrent Clear Claimed Marks 0.039ms
[471.074s][info][gc,marking  ] GC(917) Concurrent Cleanup for Next Mark
[471.077s][info][gc,marking  ] GC(917) Concurrent Cleanup for Next Mark 2.908ms
[471.077s][info][gc          ] GC(917) Concurrent Mark Cycle 350.346ms
[471.358s][info][gc,start    ] GC(919) Pause Young (Prepare Mixed) (G1 Evacuation Pause)
[471.358s][info][gc,task     ] GC(919) Using 2 workers of 2 for evacuation
[471.389s][info][gc,phases   ] GC(919)   Pre Evacuate Collection Set: 0.34ms
[471.389s][info][gc,phases   ] GC(919)   Merge Heap Roots: 0.24ms
[471.389s][info][gc,phases   ] GC(919)   Evacuate Collection Set: 29.31ms
[471.389s][info][gc,phases   ] GC(919)   Post Evacuate Collection Set: 0.40ms
[471.389s][info][gc,phases   ] GC(919)   Other: 0.09ms
[471.389s][info][gc,heap     ] GC(919) Eden regions: 84->0(78)
[471.389s][info][gc,heap     ] GC(919) Survivor regions: 11->12(12)
[471.389s][info][gc,heap     ] GC(919) Old regions: 320->345
[471.389s][info][gc,heap     ] GC(919) Humongous regions: 7->6
[471.389s][info][gc,metaspace] GC(919) Metaspace: 43036K(43456K)->43036K(43456K) NonClass: 38694K(38912K)->38694K(38912K) Class: 4342K(4544K)->4342K(4544K)
[471.389s][info][gc          ] GC(919) Pause Young (Prepare Mixed) (G1 Evacuation Pause) 421M->362M(540M) 30.600ms
[471.389s][info][gc,cpu      ] GC(919) User=0.06s Sys=0.00s Real=0.03s
[471.666s][info][gc,start    ] GC(920) Pause Young (Mixed) (G1 Evacuation Pause)
[471.666s][info][gc,task     ] GC(920) Using 2 workers of 2 for evacuation
[471.693s][info][gc,phases   ] GC(920)   Pre Evacuate Collection Set: 0.28ms
[471.693s][info][gc,phases   ] GC(920)   Merge Heap Roots: 0.25ms
[471.693s][info][gc,phases   ] GC(920)   Evacuate Collection Set: 26.12ms
[471.693s][info][gc,phases   ] GC(920)   Post Evacuate Collection Set: 0.81ms
[471.693s][info][gc,phases   ] GC(920)   Other: 0.08ms
[471.693s][info][gc,heap     ] GC(920) Eden regions: 78->0(115)
[471.693s][info][gc,heap     ] GC(920) Survivor regions: 12->12(12)
[471.693s][info][gc,heap     ] GC(920) Old regions: 345->311
[471.693s][info][gc,heap     ] GC(920) Humongous regions: 6->6
[471.693s][info][gc,metaspace] GC(920) Metaspace: 43036K(43456K)->43036K(43456K) NonClass: 38694K(38912K)->38694K(38912K) Class: 4342K(4544K)->4342K(4544K)
[471.693s][info][gc          ] GC(920) Pause Young (Mixed) (G1 Evacuation Pause) 440M->328M(574M) 27.752ms
[471.693s][info][gc,cpu      ] GC(920) User=0.06s Sys=0.00s Real=0.02s
[472.144s][info][gc,start    ] GC(921) Pause Young (Mixed) (G1 Evacuation Pause)
[472.144s][info][gc,task     ] GC(921) Using 2 workers of 2 for evacuation
[472.171s][info][gc,phases   ] GC(921)   Pre Evacuate Collection Set: 0.25ms
[472.171s][info][gc,phases   ] GC(921)   Merge Heap Roots: 0.31ms
[472.171s][info][gc,phases   ] GC(921)   Evacuate Collection Set: 26.25ms
[472.171s][info][gc,phases   ] GC(921)   Post Evacuate Collection Set: 0.46ms
[472.171s][info][gc,phases   ] GC(921)   Other: 0.08ms
[472.171s][info][gc,heap     ] GC(921) Eden regions: 115->0(120)
[472.171s][info][gc,heap     ] GC(921) Survivor regions: 12->16(16)
[472.171s][info][gc,heap     ] GC(921) Old regions: 311->313
[472.171s][info][gc,heap     ] GC(921) Humongous regions: 6->6
[472.171s][info][gc,metaspace] GC(921) Metaspace: 43036K(43456K)->43036K(43456K) NonClass: 38694K(38912K)->38694K(38912K) Class: 4342K(4544K)->4342K(4544K)
[472.171s][info][gc          ] GC(921) Pause Young (Mixed) (G1 Evacuation Pause) 443M->334M(574M) 27.601ms
[472.171s][info][gc,cpu      ] GC(921) User=0.06s Sys=0.00s Real=0.03s
[472.327s][info][gc,start    ] GC(922) Pause Young (Concurrent Start) (G1 Humongous Allocation)
[472.327s][info][gc,task     ] GC(922) Using 2 workers of 2 for evacuation
[472.357s][info][gc,phases   ] GC(922)   Pre Evacuate Collection Set: 0.27ms
[472.357s][info][gc,phases   ] GC(922)   Merge Heap Roots: 0.05ms
[472.357s][info][gc,phases   ] GC(922)   Evacuate Collection Set: 29.57ms
[472.357s][info][gc,phases   ] GC(922)   Post Evacuate Collection Set: 0.38ms
[472.357s][info][gc,phases   ] GC(922)   Other: 0.09ms
[472.357s][info][gc,heap     ] GC(922) Eden regions: 40->0(96)
[472.357s][info][gc,heap     ] GC(922) Survivor regions: 16->17(17)
[472.358s][info][gc,heap     ] GC(922) Old regions: 313->343
[472.358s][info][gc,heap     ] GC(922) Humongous regions: 6->6
[472.358s][info][gc,metaspace] GC(922) Metaspace: 43036K(43456K)->43036K(43456K) NonClass: 38694K(38912K)->38694K(38912K) Class: 4342K(4544K)->4342K(4544K)
[472.358s][info][gc          ] GC(922) Pause Young (Concurrent Start) (G1 Humongous Allocation) 373M->365M(574M) 30.642ms
[472.358s][info][gc          ] GC(923) Concurrent Mark Cycle
[472.358s][info][gc,marking  ] GC(923) Concurrent Scan Root Regions
[472.360s][info][gc,cpu      ] GC(922) User=0.06s Sys=0.00s Real=0.03s
[472.378s][info][gc,marking  ] GC(923) Concurrent Scan Root Regions 19.974ms
[472.378s][info][gc,marking  ] GC(923) Concurrent Mark
[472.378s][info][gc,marking  ] GC(923) Concurrent Mark From Roots
[472.378s][info][gc,task     ] GC(923) Using 1 workers of 1 for marking
[472.455s][info][gc,marking  ] GC(923) Concurrent Mark From Roots 77.070ms
[472.455s][info][gc,marking  ] GC(923) Concurrent Preclean
[472.455s][info][gc,marking  ] GC(923) Concurrent Preclean 0.046ms
[472.455s][info][gc,start    ] GC(923) Pause Remark
[472.471s][info][gc          ] GC(923) Pause Remark 384M->195M(574M) 16.381ms
[472.471s][info][gc,cpu      ] GC(923) User=0.03s Sys=0.00s Real=0.01s
[472.471s][info][gc,marking  ] GC(923) Concurrent Mark 93.794ms
[472.471s][info][gc,marking  ] GC(923) Concurrent Rebuild Remembered Sets and Scrub Regions
[472.526s][info][gc,marking  ] GC(923) Concurrent Rebuild Remembered Sets and Scrub Regions 54.446ms
[472.526s][info][gc,start    ] GC(923) Pause Cleanup
[472.526s][info][gc          ] GC(923) Pause Cleanup 208M->208M(574M) 0.089ms
[472.526s][info][gc,cpu      ] GC(923) User=0.00s Sys=0.00s Real=0.00s
[472.526s][info][gc,marking  ] GC(923) Concurrent Clear Claimed Marks
[472.526s][info][gc,marking  ] GC(923) Concurrent Clear Claimed Marks 0.041ms
[472.526s][info][gc,marking  ] GC(923) Concurrent Cleanup for Next Mark
[472.528s][info][gc,marking  ] GC(923) Concurrent Cleanup for Next Mark 2.118ms
[472.528s][info][gc          ] GC(923) Concurrent Mark Cycle 170.805ms
[472.765s][info][gc,start    ] GC(924) Pause Young (Prepare Mixed) (G1 Evacuation Pause)
[472.765s][info][gc,task     ] GC(924) Using 2 workers of 2 for evacuation
[472.788s][info][gc,phases   ] GC(924)   Pre Evacuate Collection Set: 0.26ms
[472.788s][info][gc,phases   ] GC(924)   Merge Heap Roots: 0.25ms
[472.788s][info][gc,phases   ] GC(924)   Evacuate Collection Set: 21.25ms
[472.788s][info][gc,phases   ] GC(924)   Post Evacuate Collection Set: 0.49ms
[472.788s][info][gc,phases   ] GC(924)   Other: 0.10ms
[472.788s][info][gc,heap     ] GC(924) Eden regions: 96->0(200)
[472.788s][info][gc,heap     ] GC(924) Survivor regions: 17->15(15)
[472.788s][info][gc,heap     ] GC(924) Old regions: 157->162
[472.788s][info][gc,heap     ] GC(924) Humongous regions: 4->3
[472.788s][info][gc,metaspace] GC(924) Metaspace: 43036K(43456K)->43036K(43456K) NonClass: 38694K(38912K)->38694K(38912K) Class: 4342K(4544K)->4342K(4544K)
[472.788s][info][gc          ] GC(924) Pause Young (Prepare Mixed) (G1 Evacuation Pause) 273M->179M(574M) 22.548ms
[472.788s][info][gc,cpu      ] GC(924) User=0.05s Sys=0.00s Real=0.02s
[473.518s][info][gc,start    ] GC(925) Pause Young (Mixed) (G1 Evacuation Pause)
[473.519s][info][gc,task     ] GC(925) Using 2 workers of 2 for evacuation
[473.567s][info][gc,phases   ] GC(925)   Pre Evacuate Collection Set: 0.27ms
[473.567s][info][gc,phases   ] GC(925)   Merge Heap Roots: 0.44ms
[473.567s][info][gc,phases   ] GC(925)   Evacuate Collection Set: 47.23ms
[473.567s][info][gc,phases   ] GC(925)   Post Evacuate Collection Set: 0.75ms
[473.567s][info][gc,phases   ] GC(925)   Other: 0.08ms
[473.567s][info][gc,heap     ] GC(925) Eden regions: 200->0(214)
[473.567s][info][gc,heap     ] GC(925) Survivor regions: 15->27(27)
[473.567s][info][gc,heap     ] GC(925) Old regions: 162->136
[473.567s][info][gc,heap     ] GC(925) Humongous regions: 5->4
[473.567s][info][gc,metaspace] GC(925) Metaspace: 43036K(43456K)->43036K(43456K) NonClass: 38694K(38912K)->38694K(38912K) Class: 4342K(4544K)->4342K(4544K)
[473.567s][info][gc          ] GC(925) Pause Young (Mixed) (G1 Evacuation Pause) 381M->166M(574M) 49.004ms
[473.568s][info][gc,cpu      ] GC(925) User=0.10s Sys=0.00s Real=0.05s
[474.329s][info][gc,start    ] GC(926) Pause Young (Normal) (G1 Evacuation Pause)
[474.329s][info][gc,task     ] GC(926) Using 2 workers of 2 for evacuation
[474.363s][info][gc,phases   ] GC(926)   Pre Evacuate Collection Set: 0.26ms
[474.363s][info][gc,phases   ] GC(926)   Merge Heap Roots: 0.21ms
[474.363s][info][gc,phases   ] GC(926)   Evacuate Collection Set: 32.43ms
[474.363s][info][gc,phases   ] GC(926)   Post Evacuate Collection Set: 0.53ms
[474.363s][info][gc,phases   ] GC(926)   Other: 0.10ms
[474.363s][info][gc,heap     ] GC(926) Eden regions: 214->0(214)
[474.363s][info][gc,heap     ] GC(926) Survivor regions: 27->26(31)
[474.363s][info][gc,heap     ] GC(926) Old regions: 136->160
[474.363s][info][gc,heap     ] GC(926) Humongous regions: 7->6
[474.363s][info][gc,metaspace] GC(926) Metaspace: 43036K(43456K)->43036K(43456K) NonClass: 38694K(38912K)->38694K(38912K) Class: 4342K(4544K)->4342K(4544K)
[474.363s][info][gc          ] GC(926) Pause Young (Normal) (G1 Evacuation Pause) 383M->190M(574M) 33.736ms
[474.363s][info][gc,cpu      ] GC(926) User=0.07s Sys=0.00s Real=0.03s
[474.752s][info][gc,start    ] GC(927) Pause Young (Concurrent Start) (G1 Humongous Allocation)
[474.752s][info][gc,task     ] GC(927) Using 2 workers of 2 for evacuation
[474.774s][info][gc,phases   ] GC(927)   Pre Evacuate Collection Set: 0.32ms
[474.774s][info][gc,phases   ] GC(927)   Merge Heap Roots: 0.07ms
[474.774s][info][gc,phases   ] GC(927)   Evacuate Collection Set: 21.24ms
[474.774s][info][gc,phases   ] GC(927)   Post Evacuate Collection Set: 0.45ms
[474.774s][info][gc,phases   ] GC(927)   Other: 0.10ms
[474.774s][info][gc,heap     ] GC(927) Eden regions: 110->0(220)
[474.774s][info][gc,heap     ] GC(927) Survivor regions: 26->25(30)
[474.774s][info][gc,heap     ] GC(927) Old regions: 160->168
[474.774s][info][gc,heap     ] GC(927) Humongous regions: 6->5
[474.774s][info][gc,metaspace] GC(927) Metaspace: 43036K(43456K)->43036K(43456K) NonClass: 38694K(38912K)->38694K(38912K) Class: 4342K(4544K)->4342K(4544K)
[474.774s][info][gc          ] GC(927) Pause Young (Concurrent Start) (G1 Humongous Allocation) 300M->197M(574M) 22.403ms
[474.774s][info][gc,cpu      ] GC(927) User=0.04s Sys=0.00s Real=0.02s
[474.774s][info][gc          ] GC(928) Concurrent Mark Cycle
[474.774s][info][gc,marking  ] GC(928) Concurrent Scan Root Regions
[474.788s][info][gc,marking  ] GC(928) Concurrent Scan Root Regions 14.044ms
[474.788s][info][gc,marking  ] GC(928) Concurrent Mark
[474.788s][info][gc,marking  ] GC(928) Concurrent Mark From Roots
[474.788s][info][gc,task     ] GC(928) Using 1 workers of 1 for marking
[474.873s][info][gc,marking  ] GC(928) Concurrent Mark From Roots 84.997ms
[474.873s][info][gc,marking  ] GC(928) Concurrent Preclean
[474.873s][info][gc,marking  ] GC(928) Concurrent Preclean 0.054ms
[474.873s][info][gc,start    ] GC(928) Pause Remark
[474.890s][info][gc          ] GC(928) Pause Remark 220M->174M(510M) 16.301ms
[474.890s][info][gc,cpu      ] GC(928) User=0.04s Sys=0.00s Real=0.02s
[474.892s][info][gc,marking  ] GC(928) Concurrent Mark 103.599ms
[474.892s][info][gc,marking  ] GC(928) Concurrent Rebuild Remembered Sets and Scrub Regions
[474.932s][info][gc,marking  ] GC(928) Concurrent Rebuild Remembered Sets and Scrub Regions 40.531ms
[474.933s][info][gc,start    ] GC(928) Pause Cleanup
[474.933s][info][gc          ] GC(928) Pause Cleanup 186M->186M(510M) 0.075ms
[474.933s][info][gc,cpu      ] GC(928) User=0.00s Sys=0.00s Real=0.00s
[474.933s][info][gc,marking  ] GC(928) Concurrent Clear Claimed Marks
[474.933s][info][gc,marking  ] GC(928) Concurrent Clear Claimed Marks 0.041ms
[474.933s][info][gc,marking  ] GC(928) Concurrent Cleanup for Next Mark
[474.934s][info][gc,marking  ] GC(928) Concurrent Cleanup for Next Mark 1.542ms
[474.934s][info][gc          ] GC(928) Concurrent Mark Cycle 160.197ms
[475.547s][info][gc,start    ] GC(929) Pause Young (Prepare Mixed) (G1 Evacuation Pause)
[475.547s][info][gc,task     ] GC(929) Using 2 workers of 2 for evacuation
[475.563s][info][gc,phases   ] GC(929)   Pre Evacuate Collection Set: 0.30ms
[475.563s][info][gc,phases   ] GC(929)   Merge Heap Roots: 0.10ms
[475.563s][info][gc,phases   ] GC(929)   Evacuate Collection Set: 14.70ms
[475.563s][info][gc,phases   ] GC(929)   Post Evacuate Collection Set: 0.65ms
[475.563s][info][gc,phases   ] GC(929)   Other: 0.10ms
[475.563s][info][gc,heap     ] GC(929) Eden regions: 220->0(222)
[475.563s][info][gc,heap     ] GC(929) Survivor regions: 25->20(31)
[475.563s][info][gc,heap     ] GC(929) Old regions: 123->124
[475.563s][info][gc,heap     ] GC(929) Humongous regions: 8->4
[475.563s][info][gc,metaspace] GC(929) Metaspace: 43036K(43456K)->43036K(43456K) NonClass: 38694K(38912K)->38694K(38912K) Class: 4342K(4544K)->4342K(4544K)
[475.563s][info][gc          ] GC(929) Pause Young (Prepare Mixed) (G1 Evacuation Pause) 375M->146M(510M) 16.120ms
[475.563s][info][gc,cpu      ] GC(929) User=0.03s Sys=0.00s Real=0.01s
[476.248s][info][gc,start    ] GC(930) Pause Young (Mixed) (G1 Evacuation Pause)
[476.248s][info][gc,task     ] GC(930) Using 2 workers of 2 for evacuation
[476.266s][info][gc,phases   ] GC(930)   Pre Evacuate Collection Set: 0.35ms
[476.266s][info][gc,phases   ] GC(930)   Merge Heap Roots: 0.23ms
[476.266s][info][gc,phases   ] GC(930)   Evacuate Collection Set: 16.60ms
[476.266s][info][gc,phases   ] GC(930)   Post Evacuate Collection Set: 0.63ms
[476.266s][info][gc,phases   ] GC(930)   Other: 0.08ms
[476.266s][info][gc,heap     ] GC(930) Eden regions: 222->0(259)
[476.266s][info][gc,heap     ] GC(930) Survivor regions: 20->1(31)
[476.266s][info][gc,heap     ] GC(930) Old regions: 124->112
[476.266s][info][gc,heap     ] GC(930) Humongous regions: 4->4
[476.266s][info][gc,metaspace] GC(930) Metaspace: 43036K(43456K)->43036K(43456K) NonClass: 38694K(38912K)->38694K(38912K) Class: 4342K(4544K)->4342K(4544K)
[476.266s][info][gc          ] GC(930) Pause Young (Mixed) (G1 Evacuation Pause) 368M->115M(510M) 18.086ms
[476.266s][info][gc,cpu      ] GC(930) User=0.04s Sys=0.00s Real=0.02s
[476.354s][info][gc,start    ] GC(931) Pause Young (Concurrent Start) (G1 Humongous Allocation)
[476.354s][info][gc,task     ] GC(931) Using 2 workers of 2 for evacuation
[476.356s][info][gc,phases   ] GC(931)   Pre Evacuate Collection Set: 0.27ms
[476.356s][info][gc,phases   ] GC(931)   Merge Heap Roots: 0.05ms
[476.356s][info][gc,phases   ] GC(931)   Evacuate Collection Set: 1.26ms
[476.356s][info][gc,phases   ] GC(931)   Post Evacuate Collection Set: 0.35ms
[476.356s][info][gc,phases   ] GC(931)   Other: 0.08ms
[476.356s][info][gc,heap     ] GC(931) Eden regions: 29->0(277)
[476.356s][info][gc,heap     ] GC(931) Survivor regions: 1->2(33)
[476.356s][info][gc,heap     ] GC(931) Old regions: 112->112
[476.356s][info][gc,heap     ] GC(931) Humongous regions: 4->4
[476.356s][info][gc,metaspace] GC(931) Metaspace: 43036K(43456K)->43036K(43456K) NonClass: 38694K(38912K)->38694K(38912K) Class: 4342K(4544K)->4342K(4544K)
[476.356s][info][gc          ] GC(931) Pause Young (Concurrent Start) (G1 Humongous Allocation) 144M->116M(510M) 2.192ms
[476.356s][info][gc,cpu      ] GC(931) User=0.01s Sys=0.00s Real=0.01s
[476.356s][info][gc          ] GC(932) Concurrent Mark Cycle
[476.356s][info][gc,marking  ] GC(932) Concurrent Scan Root Regions
[476.357s][info][gc,marking  ] GC(932) Concurrent Scan Root Regions 0.954ms
[476.357s][info][gc,marking  ] GC(932) Concurrent Mark
[476.357s][info][gc,marking  ] GC(932) Concurrent Mark From Roots
[476.357s][info][gc,task     ] GC(932) Using 1 workers of 1 for marking
[476.470s][info][gc,marking  ] GC(932) Concurrent Mark From Roots 112.347ms
[476.470s][info][gc,marking  ] GC(932) Concurrent Preclean
[476.470s][info][gc,marking  ] GC(932) Concurrent Preclean 0.061ms
[476.470s][info][gc,start    ] GC(932) Pause Remark
[476.486s][info][gc          ] GC(932) Pause Remark 151M->132M(330M) 16.068ms
[476.486s][info][gc,cpu      ] GC(932) User=0.04s Sys=0.00s Real=0.02s
[476.486s][info][gc,marking  ] GC(932) Concurrent Mark 128.790ms
[476.486s][info][gc,marking  ] GC(932) Concurrent Rebuild Remembered Sets and Scrub Regions
[476.522s][info][gc,marking  ] GC(932) Concurrent Rebuild Remembered Sets and Scrub Regions 35.919ms
[476.522s][info][gc,start    ] GC(932) Pause Cleanup
[476.522s][info][gc          ] GC(932) Pause Cleanup 144M->144M(330M) 0.058ms
[476.522s][info][gc,cpu      ] GC(932) User=0.00s Sys=0.00s Real=0.00s
[476.522s][info][gc,marking  ] GC(932) Concurrent Clear Claimed Marks
[476.523s][info][gc,marking  ] GC(932) Concurrent Clear Claimed Marks 0.041ms
[476.523s][info][gc,marking  ] GC(932) Concurrent Cleanup for Next Mark
[476.524s][info][gc,marking  ] GC(932) Concurrent Cleanup for Next Mark 0.982ms
[476.524s][info][gc          ] GC(932) Concurrent Mark Cycle 167.157ms
[476.950s][info][gc,start    ] GC(933) Pause Young (Prepare Mixed) (G1 Evacuation Pause)
[476.950s][info][gc,task     ] GC(933) Using 2 workers of 2 for evacuation
[476.955s][info][gc,phases   ] GC(933)   Pre Evacuate Collection Set: 0.18ms
[476.955s][info][gc,phases   ] GC(933)   Merge Heap Roots: 0.08ms
[476.955s][info][gc,phases   ] GC(933)   Evacuate Collection Set: 3.71ms
[476.955s][info][gc,phases   ] GC(933)   Post Evacuate Collection Set: 0.42ms
[476.955s][info][gc,phases   ] GC(933)   Other: 0.07ms
[476.955s][info][gc,heap     ] GC(933) Eden regions: 196->0(174)
[476.955s][info][gc,heap     ] GC(933) Survivor regions: 2->5(25)
[476.955s][info][gc,heap     ] GC(933) Old regions: 93->93
[476.955s][info][gc,heap     ] GC(933) Humongous regions: 4->1
[476.955s][info][gc,metaspace] GC(933) Metaspace: 43036K(43456K)->43036K(43456K) NonClass: 38694K(38912K)->38694K(38912K) Class: 4342K(4544K)->4342K(4544K)
[476.955s][info][gc          ] GC(933) Pause Young (Prepare Mixed) (G1 Evacuation Pause) 293M->97M(330M) 4.649ms
[476.955s][info][gc,cpu      ] GC(933) User=0.00s Sys=0.00s Real=0.00s
[477.261s][info][gc,start    ] GC(934) Pause Young (Mixed) (G1 Evacuation Pause)
[477.261s][info][gc,task     ] GC(934) Using 2 workers of 2 for evacuation
[477.272s][info][gc,phases   ] GC(934)   Pre Evacuate Collection Set: 0.21ms
[477.272s][info][gc,phases   ] GC(934)   Merge Heap Roots: 0.14ms
[477.272s][info][gc,phases   ] GC(934)   Evacuate Collection Set: 9.73ms
[477.272s][info][gc,phases   ] GC(934)   Post Evacuate Collection Set: 0.49ms
[477.272s][info][gc,phases   ] GC(934)   Other: 0.11ms
[477.272s][info][gc,heap     ] GC(934) Eden regions: 174->0(193)
[477.272s][info][gc,heap     ] GC(934) Survivor regions: 5->5(23)
[477.272s][info][gc,heap     ] GC(934) Old regions: 93->75
[477.272s][info][gc,heap     ] GC(934) Humongous regions: 1->1
[477.272s][info][gc,metaspace] GC(934) Metaspace: 43036K(43456K)->43036K(43456K) NonClass: 38694K(38912K)->38694K(38912K) Class: 4342K(4544K)->4342K(4544K)
[477.272s][info][gc          ] GC(934) Pause Young (Mixed) (G1 Evacuation Pause) 271M->79M(330M) 10.875ms
[477.272s][info][gc,cpu      ] GC(934) User=0.02s Sys=0.00s Real=0.01s
[477.611s][info][gc,start    ] GC(935) Pause Young (Concurrent Start) (G1 Humongous Allocation)
[477.611s][info][gc,task     ] GC(935) Using 2 workers of 2 for evacuation
[477.615s][info][gc,phases   ] GC(935)   Pre Evacuate Collection Set: 0.20ms
[477.615s][info][gc,phases   ] GC(935)   Merge Heap Roots: 0.06ms
[477.615s][info][gc,phases   ] GC(935)   Evacuate Collection Set: 2.60ms
[477.615s][info][gc,phases   ] GC(935)   Post Evacuate Collection Set: 0.44ms
[477.615s][info][gc,phases   ] GC(935)   Other: 0.09ms
[477.615s][info][gc,heap     ] GC(935) Eden regions: 186->0(194)
[477.615s][info][gc,heap     ] GC(935) Survivor regions: 5->4(25)
[477.615s][info][gc,heap     ] GC(935) Old regions: 75->75
[477.615s][info][gc,heap     ] GC(935) Humongous regions: 1->1
[477.615s][info][gc,metaspace] GC(935) Metaspace: 43036K(43456K)->43036K(43456K) NonClass: 38694K(38912K)->38694K(38912K) Class: 4342K(4544K)->4342K(4544K)
[477.615s][info][gc          ] GC(935) Pause Young (Concurrent Start) (G1 Humongous Allocation) 264M->77M(330M) 3.604ms
[477.615s][info][gc          ] GC(936) Concurrent Mark Cycle
[477.615s][info][gc,marking  ] GC(936) Concurrent Scan Root Regions
[477.617s][info][gc,marking  ] GC(936) Concurrent Scan Root Regions 1.818ms
[477.617s][info][gc,marking  ] GC(936) Concurrent Mark
[477.617s][info][gc,marking  ] GC(936) Concurrent Mark From Roots
[477.617s][info][gc,task     ] GC(936) Using 1 workers of 1 for marking
[477.617s][info][gc,cpu      ] GC(935) User=0.01s Sys=0.00s Real=0.01s
[477.688s][info][gc,marking  ] GC(936) Concurrent Mark From Roots 71.030ms
[477.688s][info][gc,marking  ] GC(936) Concurrent Preclean
[477.688s][info][gc,marking  ] GC(936) Concurrent Preclean 0.035ms
[477.688s][info][gc,start    ] GC(936) Pause Remark
[477.704s][info][gc          ] GC(936) Pause Remark 97M->94M(264M) 15.850ms
[477.704s][info][gc,cpu      ] GC(936) User=0.03s Sys=0.00s Real=0.01s
[477.704s][info][gc,marking  ] GC(936) Concurrent Mark 87.786ms
[477.704s][info][gc,marking  ] GC(936) Concurrent Rebuild Remembered Sets and Scrub Regions
[477.737s][info][gc,marking  ] GC(936) Concurrent Rebuild Remembered Sets and Scrub Regions 32.611ms
[477.737s][info][gc,start    ] GC(936) Pause Cleanup
[477.737s][info][gc          ] GC(936) Pause Cleanup 104M->104M(264M) 0.055ms
[477.737s][info][gc,cpu      ] GC(936) User=0.00s Sys=0.00s Real=0.00s
[477.737s][info][gc,marking  ] GC(936) Concurrent Clear Claimed Marks
[477.737s][info][gc,marking  ] GC(936) Concurrent Clear Claimed Marks 0.037ms
[477.737s][info][gc,marking  ] GC(936) Concurrent Cleanup for Next Mark
[477.738s][info][gc,marking  ] GC(936) Concurrent Cleanup for Next Mark 0.799ms
[477.738s][info][gc          ] GC(936) Concurrent Mark Cycle 123.413ms
[478.132s][info][gc,start    ] GC(937) Pause Young (Prepare Mixed) (G1 Evacuation Pause)
[478.132s][info][gc,task     ] GC(937) Using 2 workers of 2 for evacuation
[478.144s][info][gc,phases   ] GC(937)   Pre Evacuate Collection Set: 0.21ms
[478.145s][info][gc,phases   ] GC(937)   Merge Heap Roots: 0.09ms
[478.145s][info][gc,phases   ] GC(937)   Evacuate Collection Set: 10.71ms
[478.145s][info][gc,phases   ] GC(937)   Post Evacuate Collection Set: 0.96ms
[478.145s][info][gc,phases   ] GC(937)   Other: 0.08ms
[478.145s][info][gc,heap     ] GC(937) Eden regions: 73->0(211)
[478.145s][info][gc,heap     ] GC(937) Survivor regions: 4->9(27)
[478.145s][info][gc,heap     ] GC(937) Old regions: 72->72
[478.145s][info][gc,heap     ] GC(937) Humongous regions: 209->3
[478.145s][info][gc,metaspace] GC(937) Metaspace: 43036K(43456K)->43036K(43456K) NonClass: 38694K(38912K)->38694K(38912K) Class: 4342K(4544K)->4342K(4544K)
[478.145s][info][gc          ] GC(937) Pause Young (Prepare Mixed) (G1 Evacuation Pause) 355M->81M(367M) 12.241ms
[478.145s][info][gc,cpu      ] GC(937) User=0.02s Sys=0.01s Real=0.01s
[478.694s][info][gc,start    ] GC(938) Pause Young (Mixed) (G1 Evacuation Pause)
[478.694s][info][gc,task     ] GC(938) Using 2 workers of 2 for evacuation
[478.719s][info][gc,phases   ] GC(938)   Pre Evacuate Collection Set: 0.28ms
[478.719s][info][gc,phases   ] GC(938)   Merge Heap Roots: 0.18ms
[478.719s][info][gc,phases   ] GC(938)   Evacuate Collection Set: 23.06ms
[478.719s][info][gc,phases   ] GC(938)   Post Evacuate Collection Set: 1.10ms
[478.719s][info][gc,phases   ] GC(938)   Other: 0.08ms
[478.719s][info][gc,heap     ] GC(938) Eden regions: 53->0(282)
[478.719s][info][gc,heap     ] GC(938) Survivor regions: 9->11(31)
[478.719s][info][gc,heap     ] GC(938) Old regions: 72->57
[478.719s][info][gc,heap     ] GC(938) Humongous regions: 341->3
[478.719s][info][gc,metaspace] GC(938) Metaspace: 43039K(43456K)->43039K(43456K) NonClass: 38697K(38912K)->38697K(38912K) Class: 4342K(4544K)->4342K(4544K)
[478.719s][info][gc          ] GC(938) Pause Young (Mixed) (G1 Evacuation Pause) 472M->69M(489M) 24.958ms
[478.719s][info][gc,cpu      ] GC(938) User=0.04s Sys=0.01s Real=0.03s
[478.825s][info][gc,start    ] GC(939) Pause Young (Concurrent Start) (G1 Humongous Allocation)
[478.826s][info][gc,task     ] GC(939) Using 2 workers of 2 for evacuation
[478.839s][info][gc,phases   ] GC(939)   Pre Evacuate Collection Set: 0.27ms
[478.839s][info][gc,phases   ] GC(939)   Merge Heap Roots: 0.08ms
[478.839s][info][gc,phases   ] GC(939)   Evacuate Collection Set: 12.30ms
[478.839s][info][gc,phases   ] GC(939)   Post Evacuate Collection Set: 0.60ms
[478.839s][info][gc,phases   ] GC(939)   Other: 0.10ms
[478.839s][info][gc,heap     ] GC(939) Eden regions: 14->0(279)
[478.839s][info][gc,heap     ] GC(939) Survivor regions: 11->14(37)
[478.839s][info][gc,heap     ] GC(939) Old regions: 57->57
[478.839s][info][gc,heap     ] GC(939) Humongous regions: 65->1
[478.839s][info][gc,metaspace] GC(939) Metaspace: 43039K(43456K)->43039K(43456K) NonClass: 38697K(38912K)->38697K(38912K) Class: 4342K(4544K)->4342K(4544K)
[478.839s][info][gc          ] GC(939) Pause Young (Concurrent Start) (G1 Humongous Allocation) 145M->70M(489M) 13.588ms
[478.839s][info][gc          ] GC(940) Concurrent Undo Cycle
[478.839s][info][gc,marking  ] GC(940) Concurrent Clear Claimed Marks
[478.839s][info][gc,marking  ] GC(940) Concurrent Clear Claimed Marks 0.038ms
[478.839s][info][gc,marking  ] GC(940) Concurrent Cleanup for Next Mark
[478.839s][info][gc,cpu      ] GC(939) User=0.02s Sys=0.00s Real=0.01s
[478.841s][info][gc,marking  ] GC(940) Concurrent Cleanup for Next Mark 1.913ms
[478.841s][info][gc          ] GC(940) Concurrent Undo Cycle 1.994ms
[478.845s][info][gc,start    ] GC(941) Pause Young (Concurrent Start) (G1 Humongous Allocation)
[478.845s][info][gc,task     ] GC(941) Using 2 workers of 2 for evacuation
[478.858s][info][gc,phases   ] GC(941)   Pre Evacuate Collection Set: 0.23ms
[478.858s][info][gc,phases   ] GC(941)   Merge Heap Roots: 0.05ms
[478.858s][info][gc,phases   ] GC(941)   Evacuate Collection Set: 11.41ms
[478.858s][info][gc,phases   ] GC(941)   Post Evacuate Collection Set: 0.62ms
[478.858s][info][gc,phases   ] GC(941)   Other: 0.10ms
[478.858s][info][gc,heap     ] GC(941) Eden regions: 1->0(279)
[478.858s][info][gc,heap     ] GC(941) Survivor regions: 14->14(37)
[478.858s][info][gc,heap     ] GC(941) Old regions: 57->57
[478.858s][info][gc,heap     ] GC(941) Humongous regions: 3->1
[478.858s][info][gc,metaspace] GC(941) Metaspace: 43039K(43456K)->43039K(43456K) NonClass: 38697K(38912K)->38697K(38912K) Class: 4342K(4544K)->4342K(4544K)
[478.858s][info][gc          ] GC(941) Pause Young (Concurrent Start) (G1 Humongous Allocation) 72M->70M(489M) 12.582ms
[478.858s][info][gc          ] GC(942) Concurrent Mark Cycle
[478.858s][info][gc,marking  ] GC(942) Concurrent Scan Root Regions
[478.860s][info][gc,cpu      ] GC(941) User=0.03s Sys=0.00s Real=0.01s
[478.866s][info][gc,marking  ] GC(942) Concurrent Scan Root Regions 8.279ms
[478.866s][info][gc,marking  ] GC(942) Concurrent Mark
[478.866s][info][gc,marking  ] GC(942) Concurrent Mark From Roots
[478.866s][info][gc,task     ] GC(942) Using 1 workers of 1 for marking
[478.937s][info][gc,marking  ] GC(942) Concurrent Mark From Roots 70.285ms
[478.937s][info][gc,marking  ] GC(942) Concurrent Preclean
[478.937s][info][gc,marking  ] GC(942) Concurrent Preclean 0.043ms
[478.937s][info][gc,start    ] GC(942) Pause Remark
[478.953s][info][gc          ] GC(942) Pause Remark 121M->121M(380M) 16.200ms
[478.953s][info][gc,cpu      ] GC(942) User=0.03s Sys=0.00s Real=0.01s
[478.953s][info][gc,marking  ] GC(942) Concurrent Mark 86.849ms
[478.953s][info][gc,marking  ] GC(942) Concurrent Rebuild Remembered Sets and Scrub Regions
[478.982s][info][gc,marking  ] GC(942) Concurrent Rebuild Remembered Sets and Scrub Regions 28.354ms
[478.982s][info][gc,start    ] GC(942) Pause Cleanup
[478.982s][info][gc          ] GC(942) Pause Cleanup 143M->143M(380M) 0.059ms
[478.982s][info][gc,cpu      ] GC(942) User=0.00s Sys=0.00s Real=0.00s
[478.982s][info][gc,marking  ] GC(942) Concurrent Clear Claimed Marks
[478.982s][info][gc,marking  ] GC(942) Concurrent Clear Claimed Marks 0.051ms
[478.982s][info][gc,marking  ] GC(942) Concurrent Cleanup for Next Mark
[478.984s][info][gc,marking  ] GC(942) Concurrent Cleanup for Next Mark 2.303ms
[478.984s][info][gc          ] GC(942) Concurrent Mark Cycle 126.241ms
[479.408s][info][gc,start    ] GC(943) Pause Young (Prepare Mixed) (G1 Evacuation Pause)
[479.408s][info][gc,task     ] GC(943) Using 2 workers of 2 for evacuation
[479.441s][info][gc,phases   ] GC(943)   Pre Evacuate Collection Set: 0.28ms
[479.441s][info][gc,phases   ] GC(943)   Merge Heap Roots: 0.07ms
[479.441s][info][gc,phases   ] GC(943)   Evacuate Collection Set: 31.25ms
[479.441s][info][gc,phases   ] GC(943)   Post Evacuate Collection Set: 1.08ms
[479.441s][info][gc,phases   ] GC(943)   Other: 0.09ms
[479.441s][info][gc,heap     ] GC(943) Eden regions: 58->0(255)
[479.441s][info][gc,heap     ] GC(943) Survivor regions: 14->22(33)
[479.441s][info][gc,heap     ] GC(943) Old regions: 57->57
[479.441s][info][gc,heap     ] GC(943) Humongous regions: 311->3
[479.441s][info][gc,metaspace] GC(943) Metaspace: 43039K(43456K)->43039K(43456K) NonClass: 38697K(38912K)->38697K(38912K) Class: 4342K(4544K)->4342K(4544K)
[479.441s][info][gc          ] GC(943) Pause Young (Prepare Mixed) (G1 Evacuation Pause) 438M->80M(462M) 33.003ms
[479.441s][info][gc,cpu      ] GC(943) User=0.06s Sys=0.01s Real=0.03s
[480.080s][info][gc,start    ] GC(944) Pause Young (Mixed) (G1 Evacuation Pause)
[480.080s][info][gc,task     ] GC(944) Using 2 workers of 2 for evacuation
[480.128s][info][gc,phases   ] GC(944)   Pre Evacuate Collection Set: 0.38ms
[480.128s][info][gc,phases   ] GC(944)   Merge Heap Roots: 0.16ms
[480.128s][info][gc,phases   ] GC(944)   Evacuate Collection Set: 45.76ms
[480.128s][info][gc,phases   ] GC(944)   Post Evacuate Collection Set: 1.22ms
[480.128s][info][gc,phases   ] GC(944)   Other: 0.09ms
[480.128s][info][gc,heap     ] GC(944) Eden regions: 72->0(312)
[480.128s][info][gc,heap     ] GC(944) Survivor regions: 22->28(38)
[480.128s][info][gc,heap     ] GC(944) Old regions: 57->56
[480.128s][info][gc,heap     ] GC(944) Humongous regions: 385->1
[480.128s][info][gc,metaspace] GC(944) Metaspace: 43042K(43456K)->43042K(43456K) NonClass: 38700K(38912K)->38700K(38912K) Class: 4342K(4544K)->4342K(4544K)
[480.128s][info][gc          ] GC(944) Pause Young (Mixed) (G1 Evacuation Pause) 534M->84M(568M) 47.818ms
[480.128s][info][gc,cpu      ] GC(944) User=0.07s Sys=0.02s Real=0.05s
[481.043s][info][gc,start    ] GC(945) Pause Young (Normal) (G1 Evacuation Pause)
[481.043s][info][gc,task     ] GC(945) Using 2 workers of 2 for evacuation
[481.051s][info][gc,phases   ] GC(945)   Pre Evacuate Collection Set: 0.27ms
[481.051s][info][gc,phases   ] GC(945)   Merge Heap Roots: 0.09ms
[481.051s][info][gc,phases   ] GC(945)   Evacuate Collection Set: 6.39ms
[481.051s][info][gc,phases   ] GC(945)   Post Evacuate Collection Set: 0.61ms
[481.051s][info][gc,phases   ] GC(945)   Other: 0.10ms
[481.051s][info][gc,heap     ] GC(945) Eden regions: 312->0(334)
[481.051s][info][gc,heap     ] GC(945) Survivor regions: 28->6(43)
[481.051s][info][gc,heap     ] GC(945) Old regions: 56->58
[481.051s][info][gc,heap     ] GC(945) Humongous regions: 83->1
[481.051s][info][gc,metaspace] GC(945) Metaspace: 43043K(43456K)->43043K(43456K) NonClass: 38700K(38912K)->38700K(38912K) Class: 4342K(4544K)->4342K(4544K)
[481.051s][info][gc          ] GC(945) Pause Young (Normal) (G1 Evacuation Pause) 478M->64M(568M) 7.702ms
[481.051s][info][gc,cpu      ] GC(945) User=0.01s Sys=0.00s Real=0.01s
[481.849s][info][gc,start    ] GC(946) Pause Young (Normal) (G1 Evacuation Pause)
[481.849s][info][gc,task     ] GC(946) Using 2 workers of 2 for evacuation
[481.858s][info][gc,phases   ] GC(946)   Pre Evacuate Collection Set: 0.37ms
[481.858s][info][gc,phases   ] GC(946)   Merge Heap Roots: 0.13ms
[481.858s][info][gc,phases   ] GC(946)   Evacuate Collection Set: 7.76ms
[481.858s][info][gc,phases   ] GC(946)   Post Evacuate Collection Set: 0.70ms
[481.858s][info][gc,phases   ] GC(946)   Other: 0.10ms
[481.858s][info][gc,heap     ] GC(946) Eden regions: 334->0(330)
[481.859s][info][gc,heap     ] GC(946) Survivor regions: 6->10(43)
[481.859s][info][gc,heap     ] GC(946) Old regions: 58->58
[481.859s][info][gc,heap     ] GC(946) Humongous regions: 1->1
[481.859s][info][gc,metaspace] GC(946) Metaspace: 43058K(43456K)->43058K(43456K) NonClass: 38716K(38912K)->38716K(38912K) Class: 4342K(4544K)->4342K(4544K)
[481.859s][info][gc          ] GC(946) Pause Young (Normal) (G1 Evacuation Pause) 398M->68M(568M) 9.274ms
[481.859s][info][gc,cpu      ] GC(946) User=0.02s Sys=0.00s Real=0.01s
[482.669s][info][gc,start    ] GC(947) Pause Young (Normal) (G1 Evacuation Pause)
[482.669s][info][gc,task     ] GC(947) Using 2 workers of 2 for evacuation
[482.675s][info][gc,phases   ] GC(947)   Pre Evacuate Collection Set: 0.25ms
[482.675s][info][gc,phases   ] GC(947)   Merge Heap Roots: 0.10ms
[482.675s][info][gc,phases   ] GC(947)   Evacuate Collection Set: 4.59ms
[482.675s][info][gc,phases   ] GC(947)   Post Evacuate Collection Set: 0.61ms
[482.675s][info][gc,phases   ] GC(947)   Other: 0.12ms
[482.675s][info][gc,heap     ] GC(947) Eden regions: 330->0(331)
[482.675s][info][gc,heap     ] GC(947) Survivor regions: 10->9(43)
[482.675s][info][gc,heap     ] GC(947) Old regions: 58->58
[482.675s][info][gc,heap     ] GC(947) Humongous regions: 1->1
[482.675s][info][gc,metaspace] GC(947) Metaspace: 43059K(43456K)->43059K(43456K) NonClass: 38716K(38912K)->38716K(38912K) Class: 4343K(4544K)->4343K(4544K)
[482.675s][info][gc          ] GC(947) Pause Young (Normal) (G1 Evacuation Pause) 398M->66M(568M) 5.870ms
[482.675s][info][gc,cpu      ] GC(947) User=0.01s Sys=0.00s Real=0.01s
[483.764s][info][gc,start    ] GC(948) Pause Young (Normal) (G1 Evacuation Pause)
[483.764s][info][gc,task     ] GC(948) Using 2 workers of 2 for evacuation
[483.771s][info][gc,phases   ] GC(948)   Pre Evacuate Collection Set: 0.24ms
[483.771s][info][gc,phases   ] GC(948)   Merge Heap Roots: 0.11ms
[483.771s][info][gc,phases   ] GC(948)   Evacuate Collection Set: 5.45ms
[483.771s][info][gc,phases   ] GC(948)   Post Evacuate Collection Set: 0.80ms
[483.771s][info][gc,phases   ] GC(948)   Other: 0.08ms
[483.771s][info][gc,heap     ] GC(948) Eden regions: 331->0(334)
[483.771s][info][gc,heap     ] GC(948) Survivor regions: 9->6(43)
[483.771s][info][gc,heap     ] GC(948) Old regions: 58->58
[483.771s][info][gc,heap     ] GC(948) Humongous regions: 1->1
[483.771s][info][gc,metaspace] GC(948) Metaspace: 43060K(43456K)->43060K(43456K) NonClass: 38716K(38912K)->38716K(38912K) Class: 4343K(4544K)->4343K(4544K)
[483.771s][info][gc          ] GC(948) Pause Young (Normal) (G1 Evacuation Pause) 397M->63M(568M) 6.860ms
[483.771s][info][gc,cpu      ] GC(948) User=0.01s Sys=0.00s Real=0.01s
[485.343s][info][gc,start    ] GC(949) Pause Young (Normal) (G1 Evacuation Pause)
[485.343s][info][gc,task     ] GC(949) Using 2 workers of 2 for evacuation
[485.377s][info][gc,phases   ] GC(949)   Pre Evacuate Collection Set: 0.26ms
[485.377s][info][gc,phases   ] GC(949)   Merge Heap Roots: 0.12ms
[485.377s][info][gc,phases   ] GC(949)   Evacuate Collection Set: 33.03ms
[485.377s][info][gc,phases   ] GC(949)   Post Evacuate Collection Set: 0.65ms
[485.377s][info][gc,phases   ] GC(949)   Other: 0.08ms
[485.377s][info][gc,heap     ] GC(949) Eden regions: 334->0(309)
[485.377s][info][gc,heap     ] GC(949) Survivor regions: 6->31(43)
[485.377s][info][gc,heap     ] GC(949) Old regions: 58->58
[485.377s][info][gc,heap     ] GC(949) Humongous regions: 14->4
[485.377s][info][gc,metaspace] GC(949) Metaspace: 43066K(43456K)->43066K(43456K) NonClass: 38723K(38912K)->38723K(38912K) Class: 4343K(4544K)->4343K(4544K)
[485.377s][info][gc          ] GC(949) Pause Young (Normal) (G1 Evacuation Pause) 410M->92M(568M) 34.337ms
[485.377s][info][gc,cpu      ] GC(949) User=0.07s Sys=0.00s Real=0.04s
[486.114s][info][gc,start    ] GC(950) Pause Young (Normal) (G1 Evacuation Pause)
[486.114s][info][gc,task     ] GC(950) Using 2 workers of 2 for evacuation
[486.186s][info][gc,phases   ] GC(950)   Pre Evacuate Collection Set: 0.23ms
[486.186s][info][gc,phases   ] GC(950)   Merge Heap Roots: 0.13ms
[486.186s][info][gc,phases   ] GC(950)   Evacuate Collection Set: 70.34ms
[486.186s][info][gc,phases   ] GC(950)   Post Evacuate Collection Set: 0.63ms
[486.186s][info][gc,phases   ] GC(950)   Other: 0.08ms
[486.186s][info][gc,heap     ] GC(950) Eden regions: 309->0(306)
[486.186s][info][gc,heap     ] GC(950) Survivor regions: 31->34(43)
[486.186s][info][gc,heap     ] GC(950) Old regions: 58->89
[486.186s][info][gc,heap     ] GC(950) Humongous regions: 6->6
[486.186s][info][gc,metaspace] GC(950) Metaspace: 43066K(43456K)->43066K(43456K) NonClass: 38723K(38912K)->38723K(38912K) Class: 4343K(4544K)->4343K(4544K)
[486.186s][info][gc          ] GC(950) Pause Young (Normal) (G1 Evacuation Pause) 403M->128M(568M) 71.634ms
[486.186s][info][gc,cpu      ] GC(950) User=0.14s Sys=0.00s Real=0.08s
[489.687s][info][gc,start    ] GC(951) Pause Young (Normal) (G1 Evacuation Pause)
[489.687s][info][gc,task     ] GC(951) Using 2 workers of 2 for evacuation
[489.763s][info][gc,phases   ] GC(951)   Pre Evacuate Collection Set: 0.23ms
[489.763s][info][gc,phases   ] GC(951)   Merge Heap Roots: 0.16ms
[489.763s][info][gc,phases   ] GC(951)   Evacuate Collection Set: 74.69ms
[489.763s][info][gc,phases   ] GC(951)   Post Evacuate Collection Set: 0.64ms
[489.763s][info][gc,phases   ] GC(951)   Other: 0.08ms
[489.763s][info][gc,heap     ] GC(951) Eden regions: 306->0(313)
[489.763s][info][gc,heap     ] GC(951) Survivor regions: 34->27(43)
[489.763s][info][gc,heap     ] GC(951) Old regions: 89->122
[489.763s][info][gc,heap     ] GC(951) Humongous regions: 14->8
[489.763s][info][gc,metaspace] GC(951) Metaspace: 43069K(43520K)->43069K(43520K) NonClass: 38725K(38976K)->38725K(38976K) Class: 4343K(4544K)->4343K(4544K)
[489.763s][info][gc          ] GC(951) Pause Young (Normal) (G1 Evacuation Pause) 442M->156M(568M) 76.001ms
[489.763s][info][gc,cpu      ] GC(951) User=0.15s Sys=0.00s Real=0.07s
[490.406s][info][gc,start    ] GC(952) Pause Young (Concurrent Start) (G1 Humongous Allocation)
[490.406s][info][gc,task     ] GC(952) Using 2 workers of 2 for evacuation
[490.439s][info][gc,phases   ] GC(952)   Pre Evacuate Collection Set: 0.28ms
[490.439s][info][gc,phases   ] GC(952)   Merge Heap Roots: 0.12ms
[490.439s][info][gc,phases   ] GC(952)   Evacuate Collection Set: 32.34ms
[490.439s][info][gc,phases   ] GC(952)   Post Evacuate Collection Set: 0.47ms
[490.439s][info][gc,phases   ] GC(952)   Other: 0.09ms
[490.439s][info][gc,heap     ] GC(952) Eden regions: 191->0(336)
[490.439s][info][gc,heap     ] GC(952) Survivor regions: 27->4(43)
[490.439s][info][gc,heap     ] GC(952) Old regions: 122->149
[490.439s][info][gc,heap     ] GC(952) Humongous regions: 8->8
[490.439s][info][gc,metaspace] GC(952) Metaspace: 43069K(43520K)->43069K(43520K) NonClass: 38725K(38976K)->38725K(38976K) Class: 4343K(4544K)->4343K(4544K)
[490.439s][info][gc          ] GC(952) Pause Young (Concurrent Start) (G1 Humongous Allocation) 346M->160M(568M) 33.487ms
[490.439s][info][gc,cpu      ] GC(952) User=0.06s Sys=0.00s Real=0.03s
[490.439s][info][gc          ] GC(953) Concurrent Mark Cycle
[490.439s][info][gc,marking  ] GC(953) Concurrent Scan Root Regions
[490.469s][info][gc,marking  ] GC(953) Concurrent Scan Root Regions 29.673ms
[490.469s][info][gc,marking  ] GC(953) Concurrent Mark
[490.469s][info][gc,marking  ] GC(953) Concurrent Mark From Roots
[490.469s][info][gc,task     ] GC(953) Using 1 workers of 1 for marking
[490.577s][info][gc,marking  ] GC(953) Concurrent Mark From Roots 108.283ms
[490.577s][info][gc,marking  ] GC(953) Concurrent Preclean
[490.578s][info][gc,marking  ] GC(953) Concurrent Preclean 0.198ms
[490.578s][info][gc,start    ] GC(953) Pause Remark
[490.595s][info][gc          ] GC(953) Pause Remark 216M->195M(474M) 16.560ms
[490.595s][info][gc,cpu      ] GC(953) User=0.03s Sys=0.00s Real=0.01s
[490.595s][info][gc,marking  ] GC(953) Concurrent Mark 125.594ms
[490.595s][info][gc,marking  ] GC(953) Concurrent Rebuild Remembered Sets and Scrub Regions
[490.656s][info][gc,marking  ] GC(953) Concurrent Rebuild Remembered Sets and Scrub Regions 60.967ms
[490.656s][info][gc,start    ] GC(953) Pause Cleanup
[490.656s][info][gc          ] GC(953) Pause Cleanup 218M->218M(474M) 0.082ms
[490.656s][info][gc,cpu      ] GC(953) User=0.00s Sys=0.00s Real=0.00s
[490.656s][info][gc,marking  ] GC(953) Concurrent Clear Claimed Marks
[490.656s][info][gc,marking  ] GC(953) Concurrent Clear Claimed Marks 0.040ms
[490.656s][info][gc,marking  ] GC(953) Concurrent Cleanup for Next Mark
[490.658s][info][gc,marking  ] GC(953) Concurrent Cleanup for Next Mark 2.383ms
[490.658s][info][gc          ] GC(953) Concurrent Mark Cycle 219.050ms
[491.217s][info][gc,start    ] GC(954) Pause Young (Prepare Mixed) (G1 Evacuation Pause)
[491.217s][info][gc,task     ] GC(954) Using 2 workers of 2 for evacuation
[491.263s][info][gc,phases   ] GC(954)   Pre Evacuate Collection Set: 0.31ms
[491.263s][info][gc,phases   ] GC(954)   Merge Heap Roots: 0.15ms
[491.263s][info][gc,phases   ] GC(954)   Evacuate Collection Set: 44.45ms
[491.263s][info][gc,phases   ] GC(954)   Post Evacuate Collection Set: 0.60ms
[491.263s][info][gc,phases   ] GC(954)   Other: 0.08ms
[491.263s][info][gc,heap     ] GC(954) Eden regions: 280->0(235)
[491.263s][info][gc,heap     ] GC(954) Survivor regions: 4->36(36)
[491.263s][info][gc,heap     ] GC(954) Old regions: 135->136
[491.263s][info][gc,heap     ] GC(954) Humongous regions: 6->6
[491.263s][info][gc,metaspace] GC(954) Metaspace: 43069K(43520K)->43069K(43520K) NonClass: 38725K(38976K)->38725K(38976K) Class: 4343K(4544K)->4343K(4544K)
[491.263s][info][gc          ] GC(954) Pause Young (Prepare Mixed) (G1 Evacuation Pause) 424M->177M(474M) 45.806ms
[491.263s][info][gc,cpu      ] GC(954) User=0.09s Sys=0.00s Real=0.04s
[491.835s][info][gc,start    ] GC(955) Pause Young (Mixed) (G1 Evacuation Pause)
[491.835s][info][gc,task     ] GC(955) Using 2 workers of 2 for evacuation
[491.901s][info][gc,phases   ] GC(955)   Pre Evacuate Collection Set: 0.31ms
[491.901s][info][gc,phases   ] GC(955)   Merge Heap Roots: 0.14ms
[491.901s][info][gc,phases   ] GC(955)   Evacuate Collection Set: 65.51ms
[491.901s][info][gc,phases   ] GC(955)   Post Evacuate Collection Set: 0.56ms
[491.901s][info][gc,phases   ] GC(955)   Other: 0.09ms
[491.901s][info][gc,heap     ] GC(955) Eden regions: 235->0(223)
[491.901s][info][gc,heap     ] GC(955) Survivor regions: 36->27(34)
[491.901s][info][gc,heap     ] GC(955) Old regions: 136->163
[491.901s][info][gc,heap     ] GC(955) Humongous regions: 6->6
[491.901s][info][gc,metaspace] GC(955) Metaspace: 43069K(43520K)->43069K(43520K) NonClass: 38725K(38976K)->38725K(38976K) Class: 4343K(4544K)->4343K(4544K)
[491.901s][info][gc          ] GC(955) Pause Young (Mixed) (G1 Evacuation Pause) 412M->195M(476M) 66.816ms
[491.901s][info][gc,cpu      ] GC(955) User=0.13s Sys=0.00s Real=0.07s
[491.925s][info][gc,start    ] GC(956) Pause Young (Concurrent Start) (G1 Humongous Allocation)
[491.925s][info][gc,task     ] GC(956) Using 2 workers of 2 for evacuation
[491.951s][info][gc,phases   ] GC(956)   Pre Evacuate Collection Set: 0.24ms
[491.951s][info][gc,phases   ] GC(956)   Merge Heap Roots: 0.06ms
[491.951s][info][gc,phases   ] GC(956)   Evacuate Collection Set: 24.47ms
[491.951s][info][gc,phases   ] GC(956)   Post Evacuate Collection Set: 0.31ms
[491.951s][info][gc,phases   ] GC(956)   Other: 0.11ms
[491.951s][info][gc,heap     ] GC(956) Eden regions: 9->0(218)
[491.951s][info][gc,heap     ] GC(956) Survivor regions: 27->2(32)
[491.951s][info][gc,heap     ] GC(956) Old regions: 163->191
[491.951s][info][gc,heap     ] GC(956) Humongous regions: 6->6
[491.951s][info][gc,metaspace] GC(956) Metaspace: 43069K(43520K)->43069K(43520K) NonClass: 38725K(38976K)->38725K(38976K) Class: 4343K(4544K)->4343K(4544K)
[491.951s][info][gc          ] GC(956) Pause Young (Concurrent Start) (G1 Humongous Allocation) 204M->198M(476M) 25.420ms
[491.951s][info][gc,cpu      ] GC(956) User=0.05s Sys=0.00s Real=0.02s
[491.951s][info][gc          ] GC(957) Concurrent Mark Cycle
[491.951s][info][gc,marking  ] GC(957) Concurrent Scan Root Regions
[491.977s][info][gc,marking  ] GC(957) Concurrent Scan Root Regions 26.433ms
[491.977s][info][gc,marking  ] GC(957) Concurrent Mark
[491.977s][info][gc,marking  ] GC(957) Concurrent Mark From Roots
[491.977s][info][gc,task     ] GC(957) Using 1 workers of 1 for marking
[492.051s][info][gc,marking  ] GC(957) Concurrent Mark From Roots 73.849ms
[492.051s][info][gc,marking  ] GC(957) Concurrent Preclean
[492.051s][info][gc,marking  ] GC(957) Concurrent Preclean 0.047ms
[492.051s][info][gc,start    ] GC(957) Pause Remark
[492.071s][info][gc          ] GC(957) Pause Remark 223M->142M(407M) 19.671ms
[492.071s][info][gc,cpu      ] GC(957) User=0.03s Sys=0.00s Real=0.02s
[492.071s][info][gc,marking  ] GC(957) Concurrent Mark 93.884ms
[492.071s][info][gc,marking  ] GC(957) Concurrent Rebuild Remembered Sets and Scrub Regions
[492.129s][info][gc,marking  ] GC(957) Concurrent Rebuild Remembered Sets and Scrub Regions 57.657ms
[492.129s][info][gc,start    ] GC(957) Pause Cleanup
[492.129s][info][gc          ] GC(957) Pause Cleanup 165M->165M(407M) 0.055ms
[492.129s][info][gc,cpu      ] GC(957) User=0.00s Sys=0.00s Real=0.00s
[492.129s][info][gc,marking  ] GC(957) Concurrent Clear Claimed Marks
[492.129s][info][gc,marking  ] GC(957) Concurrent Clear Claimed Marks 0.037ms
[492.129s][info][gc,marking  ] GC(957) Concurrent Cleanup for Next Mark
[492.130s][info][gc,marking  ] GC(957) Concurrent Cleanup for Next Mark 1.196ms
[492.130s][info][gc          ] GC(957) Concurrent Mark Cycle 179.607ms
[493.510s][info][gc,start    ] GC(958) Pause Young (Prepare Mixed) (G1 Evacuation Pause)
[493.510s][info][gc,task     ] GC(958) Using 2 workers of 2 for evacuation
[493.551s][info][gc,phases   ] GC(958)   Pre Evacuate Collection Set: 0.20ms
[493.551s][info][gc,phases   ] GC(958)   Merge Heap Roots: 0.20ms
[493.551s][info][gc,phases   ] GC(958)   Evacuate Collection Set: 40.23ms
[493.551s][info][gc,phases   ] GC(958)   Post Evacuate Collection Set: 0.51ms
[493.551s][info][gc,phases   ] GC(958)   Other: 0.07ms
[493.551s][info][gc,heap     ] GC(958) Eden regions: 218->0(203)
[493.551s][info][gc,heap     ] GC(958) Survivor regions: 2->23(28)
[493.551s][info][gc,heap     ] GC(958) Old regions: 111->111
[493.551s][info][gc,heap     ] GC(958) Humongous regions: 17->15
[493.551s][info][gc,metaspace] GC(958) Metaspace: 43069K(43520K)->43069K(43520K) NonClass: 38725K(38976K)->38725K(38976K) Class: 4343K(4544K)->4343K(4544K)
[493.551s][info][gc          ] GC(958) Pause Young (Prepare Mixed) (G1 Evacuation Pause) 347M->147M(407M) 41.447ms
[493.551s][info][gc,cpu      ] GC(958) User=0.08s Sys=0.00s Real=0.04s
[494.504s][info][gc,start    ] GC(959) Pause Young (Mixed) (G1 Evacuation Pause)
[494.504s][info][gc,task     ] GC(959) Using 2 workers of 2 for evacuation
[494.547s][info][gc,phases   ] GC(959)   Pre Evacuate Collection Set: 0.22ms
[494.547s][info][gc,phases   ] GC(959)   Merge Heap Roots: 0.20ms
[494.547s][info][gc,phases   ] GC(959)   Evacuate Collection Set: 41.65ms
[494.547s][info][gc,phases   ] GC(959)   Post Evacuate Collection Set: 0.46ms
[494.547s][info][gc,phases   ] GC(959)   Other: 0.08ms
[494.547s][info][gc,heap     ] GC(959) Eden regions: 203->0(203)
[494.547s][info][gc,heap     ] GC(959) Survivor regions: 23->12(29)
[494.547s][info][gc,heap     ] GC(959) Old regions: 111->125
[494.547s][info][gc,heap     ] GC(959) Humongous regions: 15->15
[494.547s][info][gc,metaspace] GC(959) Metaspace: 43069K(43520K)->43069K(43520K) NonClass: 38725K(38976K)->38725K(38976K) Class: 4343K(4544K)->4343K(4544K)
[494.547s][info][gc          ] GC(959) Pause Young (Mixed) (G1 Evacuation Pause) 350M->150M(407M) 42.811ms
[494.547s][info][gc,cpu      ] GC(959) User=0.09s Sys=0.00s Real=0.05s
[495.838s][info][gc,start    ] GC(960) Pause Young (Concurrent Start) (G1 Evacuation Pause)
[495.838s][info][gc,task     ] GC(960) Using 2 workers of 2 for evacuation
[495.867s][info][gc,phases   ] GC(960)   Pre Evacuate Collection Set: 0.25ms
[495.867s][info][gc,phases   ] GC(960)   Merge Heap Roots: 0.08ms
[495.867s][info][gc,phases   ] GC(960)   Evacuate Collection Set: 27.64ms
[495.867s][info][gc,phases   ] GC(960)   Post Evacuate Collection Set: 0.47ms
[495.867s][info][gc,phases   ] GC(960)   Other: 0.10ms
[495.867s][info][gc,heap     ] GC(960) Eden regions: 203->0(186)
[495.867s][info][gc,heap     ] GC(960) Survivor regions: 12->27(27)
[495.867s][info][gc,heap     ] GC(960) Old regions: 125->129
[495.867s][info][gc,heap     ] GC(960) Humongous regions: 15->15
[495.867s][info][gc,metaspace] GC(960) Metaspace: 43069K(43520K)->43069K(43520K) NonClass: 38725K(38976K)->38725K(38976K) Class: 4343K(4544K)->4343K(4544K)
[495.867s][info][gc          ] GC(960) Pause Young (Concurrent Start) (G1 Evacuation Pause) 353M->170M(407M) 28.781ms
[495.867s][info][gc,cpu      ] GC(960) User=0.05s Sys=0.00s Real=0.03s
[495.867s][info][gc          ] GC(961) Concurrent Mark Cycle
[495.867s][info][gc,marking  ] GC(961) Concurrent Scan Root Regions
[495.888s][info][gc,marking  ] GC(961) Concurrent Scan Root Regions 21.194ms
[495.888s][info][gc,marking  ] GC(961) Concurrent Mark
[495.888s][info][gc,marking  ] GC(961) Concurrent Mark From Roots
[495.888s][info][gc,task     ] GC(961) Using 1 workers of 1 for marking
[495.921s][info][gc,marking  ] GC(961) Concurrent Mark From Roots 32.813ms
[495.921s][info][gc,marking  ] GC(961) Concurrent Preclean
[495.921s][info][gc,marking  ] GC(961) Concurrent Preclean 0.043ms
[495.921s][info][gc,start    ] GC(961) Pause Remark
[495.938s][info][gc          ] GC(961) Pause Remark 178M->89M(274M) 16.215ms
[495.938s][info][gc,cpu      ] GC(961) User=0.03s Sys=0.00s Real=0.02s
[495.938s][info][gc,marking  ] GC(961) Concurrent Mark 49.331ms
[495.938s][info][gc,marking  ] GC(961) Concurrent Rebuild Remembered Sets and Scrub Regions
[495.952s][info][gc,marking  ] GC(961) Concurrent Rebuild Remembered Sets and Scrub Regions 14.623ms
[495.952s][info][gc,start    ] GC(961) Pause Cleanup
[495.953s][info][gc          ] GC(961) Pause Cleanup 91M->91M(274M) 0.059ms
[495.953s][info][gc,cpu      ] GC(961) User=0.00s Sys=0.00s Real=0.00s
[495.953s][info][gc,marking  ] GC(961) Concurrent Clear Claimed Marks
[495.953s][info][gc,marking  ] GC(961) Concurrent Clear Claimed Marks 0.041ms
[495.953s][info][gc,marking  ] GC(961) Concurrent Cleanup for Next Mark
[495.953s][info][gc,marking  ] GC(961) Concurrent Cleanup for Next Mark 0.815ms
[495.954s][info][gc          ] GC(961) Concurrent Mark Cycle 86.386ms
[496.718s][info][gc,start    ] GC(962) Pause Young (Prepare Mixed) (G1 Evacuation Pause)
[496.718s][info][gc,task     ] GC(962) Using 2 workers of 2 for evacuation
[496.738s][info][gc,phases   ] GC(962)   Pre Evacuate Collection Set: 0.21ms
[496.738s][info][gc,phases   ] GC(962)   Merge Heap Roots: 0.15ms
[496.738s][info][gc,phases   ] GC(962)   Evacuate Collection Set: 18.99ms
[496.738s][info][gc,phases   ] GC(962)   Post Evacuate Collection Set: 0.43ms
[496.738s][info][gc,phases   ] GC(962)   Other: 0.10ms
[496.738s][info][gc,heap     ] GC(962) Eden regions: 137->0(150)
[496.738s][info][gc,heap     ] GC(962) Survivor regions: 27->14(21)
[496.738s][info][gc,heap     ] GC(962) Old regions: 54->61
[496.738s][info][gc,heap     ] GC(962) Humongous regions: 1->1
[496.738s][info][gc,metaspace] GC(962) Metaspace: 43069K(43520K)->43069K(43520K) NonClass: 38725K(38976K)->38725K(38976K) Class: 4343K(4544K)->4343K(4544K)
[496.738s][info][gc          ] GC(962) Pause Young (Prepare Mixed) (G1 Evacuation Pause) 218M->74M(274M) 20.092ms
[496.738s][info][gc,cpu      ] GC(962) User=0.04s Sys=0.00s Real=0.02s
[497.714s][info][gc,start    ] GC(963) Pause Young (Mixed) (G1 Evacuation Pause)
[497.714s][info][gc,task     ] GC(963) Using 2 workers of 2 for evacuation
[497.741s][info][gc,phases   ] GC(963)   Pre Evacuate Collection Set: 0.26ms
[497.741s][info][gc,phases   ] GC(963)   Merge Heap Roots: 0.12ms
[497.741s][info][gc,phases   ] GC(963)   Evacuate Collection Set: 25.31ms
[497.741s][info][gc,phases   ] GC(963)   Post Evacuate Collection Set: 0.45ms
[497.741s][info][gc,phases   ] GC(963)   Other: 0.10ms
[497.741s][info][gc,heap     ] GC(963) Eden regions: 150->0(150)
[497.741s][info][gc,heap     ] GC(963) Survivor regions: 14->14(21)
[497.741s][info][gc,heap     ] GC(963) Old regions: 61->62
[497.741s][info][gc,heap     ] GC(963) Humongous regions: 2->2
[497.741s][info][gc,metaspace] GC(963) Metaspace: 43069K(43520K)->43069K(43520K) NonClass: 38725K(38976K)->38725K(38976K) Class: 4343K(4544K)->4343K(4544K)
[497.741s][info][gc          ] GC(963) Pause Young (Mixed) (G1 Evacuation Pause) 225M->78M(274M) 26.454ms
[497.741s][info][gc,cpu      ] GC(963) User=0.05s Sys=0.00s Real=0.03s
[498.664s][info][gc,start    ] GC(964) Pause Young (Concurrent Start) (G1 Evacuation Pause)
[498.665s][info][gc,task     ] GC(964) Using 2 workers of 2 for evacuation
[498.690s][info][gc,phases   ] GC(964)   Pre Evacuate Collection Set: 0.18ms
[498.691s][info][gc,phases   ] GC(964)   Merge Heap Roots: 0.09ms
[498.691s][info][gc,phases   ] GC(964)   Evacuate Collection Set: 25.12ms
[498.691s][info][gc,phases   ] GC(964)   Post Evacuate Collection Set: 0.40ms
[498.691s][info][gc,phases   ] GC(964)   Other: 0.14ms
[498.691s][info][gc,heap     ] GC(964) Eden regions: 150->0(143)
[498.691s][info][gc,heap     ] GC(964) Survivor regions: 14->15(21)
[498.691s][info][gc,heap     ] GC(964) Old regions: 62->76
[498.691s][info][gc,heap     ] GC(964) Humongous regions: 2->2
[498.691s][info][gc,metaspace] GC(964) Metaspace: 43069K(43520K)->43069K(43520K) NonClass: 38725K(38976K)->38725K(38976K) Class: 4343K(4544K)->4343K(4544K)
[498.691s][info][gc          ] GC(964) Pause Young (Concurrent Start) (G1 Evacuation Pause) 228M->92M(274M) 26.123ms
[498.691s][info][gc,cpu      ] GC(964) User=0.05s Sys=0.00s Real=0.03s
[498.691s][info][gc          ] GC(965) Concurrent Mark Cycle
[498.691s][info][gc,marking  ] GC(965) Concurrent Scan Root Regions
[498.710s][info][gc,marking  ] GC(965) Concurrent Scan Root Regions 19.103ms
[498.710s][info][gc,marking  ] GC(965) Concurrent Mark
[498.710s][info][gc,marking  ] GC(965) Concurrent Mark From Roots
[498.710s][info][gc,task     ] GC(965) Using 1 workers of 1 for marking
[498.747s][info][gc,marking  ] GC(965) Concurrent Mark From Roots 36.766ms
[498.747s][info][gc,marking  ] GC(965) Concurrent Preclean
[498.747s][info][gc,marking  ] GC(965) Concurrent Preclean 0.038ms
[498.747s][info][gc,start    ] GC(965) Pause Remark
[498.763s][info][gc          ] GC(965) Pause Remark 101M->98M(274M) 15.753ms
[498.763s][info][gc,cpu      ] GC(965) User=0.03s Sys=0.00s Real=0.01s
[498.763s][info][gc,marking  ] GC(965) Concurrent Mark 52.828ms
[498.763s][info][gc,marking  ] GC(965) Concurrent Rebuild Remembered Sets and Scrub Regions
[498.790s][info][gc,marking  ] GC(965) Concurrent Rebuild Remembered Sets and Scrub Regions 27.506ms
[498.790s][info][gc,start    ] GC(965) Pause Cleanup
[498.790s][info][gc          ] GC(965) Pause Cleanup 102M->102M(274M) 0.052ms
[498.790s][info][gc,cpu      ] GC(965) User=0.00s Sys=0.00s Real=0.00s
[498.790s][info][gc,marking  ] GC(965) Concurrent Clear Claimed Marks
[498.790s][info][gc,marking  ] GC(965) Concurrent Clear Claimed Marks 0.035ms
[498.791s][info][gc,marking  ] GC(965) Concurrent Cleanup for Next Mark
[498.791s][info][gc,marking  ] GC(965) Concurrent Cleanup for Next Mark 0.795ms
[498.791s][info][gc          ] GC(965) Concurrent Mark Cycle 100.671ms
[499.277s][info][gc,start    ] GC(966) Pause Young (Prepare Mixed) (G1 Evacuation Pause)
[499.278s][info][gc,task     ] GC(966) Using 2 workers of 2 for evacuation
[499.301s][info][gc,phases   ] GC(966)   Pre Evacuate Collection Set: 0.17ms
[499.301s][info][gc,phases   ] GC(966)   Merge Heap Roots: 0.09ms
[499.301s][info][gc,phases   ] GC(966)   Evacuate Collection Set: 22.34ms
[499.301s][info][gc,phases   ] GC(966)   Post Evacuate Collection Set: 0.44ms
[499.301s][info][gc,phases   ] GC(966)   Other: 0.10ms
[499.301s][info][gc,heap     ] GC(966) Eden regions: 143->0(130)
[499.301s][info][gc,heap     ] GC(966) Survivor regions: 15->20(20)
[499.301s][info][gc,heap     ] GC(966) Old regions: 73->78
[499.301s][info][gc,heap     ] GC(966) Humongous regions: 4->4
[499.301s][info][gc,metaspace] GC(966) Metaspace: 43069K(43520K)->43069K(43520K) NonClass: 38725K(38976K)->38725K(38976K) Class: 4343K(4544K)->4343K(4544K)
[499.301s][info][gc          ] GC(966) Pause Young (Prepare Mixed) (G1 Evacuation Pause) 233M->101M(274M) 23.373ms
[499.301s][info][gc,cpu      ] GC(966) User=0.04s Sys=0.00s Real=0.02s
[499.613s][info][gc,start    ] GC(967) Pause Young (Mixed) (G1 Evacuation Pause)
[499.613s][info][gc,task     ] GC(967) Using 2 workers of 2 for evacuation
[499.653s][info][gc,phases   ] GC(967)   Pre Evacuate Collection Set: 0.19ms
[499.653s][info][gc,phases   ] GC(967)   Merge Heap Roots: 0.26ms
[499.653s][info][gc,phases   ] GC(967)   Evacuate Collection Set: 38.24ms
[499.653s][info][gc,phases   ] GC(967)   Post Evacuate Collection Set: 0.63ms
[499.653s][info][gc,phases   ] GC(967)   Other: 0.07ms
[499.653s][info][gc,heap     ] GC(967) Eden regions: 130->0(135)
[499.653s][info][gc,heap     ] GC(967) Survivor regions: 20->16(19)
[499.653s][info][gc,heap     ] GC(967) Old regions: 78->75
[499.653s][info][gc,heap     ] GC(967) Humongous regions: 5->5
[499.653s][info][gc,metaspace] GC(967) Metaspace: 43069K(43520K)->43069K(43520K) NonClass: 38725K(38976K)->38725K(38976K) Class: 4343K(4544K)->4343K(4544K)
[499.653s][info][gc          ] GC(967) Pause Young (Mixed) (G1 Evacuation Pause) 232M->96M(274M) 39.606ms
[499.653s][info][gc,cpu      ] GC(967) User=0.07s Sys=0.00s Real=0.04s
[499.809s][info][gc,start    ] GC(968) Pause Young (Concurrent Start) (G1 Humongous Allocation)
[499.809s][info][gc,task     ] GC(968) Using 2 workers of 2 for evacuation
[499.831s][info][gc,phases   ] GC(968)   Pre Evacuate Collection Set: 0.18ms
[499.831s][info][gc,phases   ] GC(968)   Merge Heap Roots: 0.05ms
[499.831s][info][gc,phases   ] GC(968)   Evacuate Collection Set: 20.23ms
[499.831s][info][gc,phases   ] GC(968)   Post Evacuate Collection Set: 0.64ms
[499.831s][info][gc,phases   ] GC(968)   Other: 0.15ms
[499.831s][info][gc,heap     ] GC(968) Eden regions: 66->0(152)
[499.831s][info][gc,heap     ] GC(968) Survivor regions: 16->8(19)
[499.831s][info][gc,heap     ] GC(968) Old regions: 75->91
[499.831s][info][gc,heap     ] GC(968) Humongous regions: 5->5
[499.831s][info][gc,metaspace] GC(968) Metaspace: 43069K(43520K)->43069K(43520K) NonClass: 38726K(38976K)->38726K(38976K) Class: 4343K(4544K)->4343K(4544K)
[499.831s][info][gc          ] GC(968) Pause Young (Concurrent Start) (G1 Humongous Allocation) 161M->104M(303M) 21.450ms
[499.831s][info][gc          ] GC(969) Concurrent Mark Cycle
[499.831s][info][gc,marking  ] GC(969) Concurrent Scan Root Regions
[499.833s][info][gc,cpu      ] GC(968) User=0.05s Sys=0.00s Real=0.02s
[499.848s][info][gc,marking  ] GC(969) Concurrent Scan Root Regions 16.998ms
[499.848s][info][gc,marking  ] GC(969) Concurrent Mark
[499.848s][info][gc,marking  ] GC(969) Concurrent Mark From Roots
[499.848s][info][gc,task     ] GC(969) Using 1 workers of 1 for marking
[499.893s][info][gc,marking  ] GC(969) Concurrent Mark From Roots 45.133ms
[499.893s][info][gc,marking  ] GC(969) Concurrent Preclean
[499.893s][info][gc,marking  ] GC(969) Concurrent Preclean 0.046ms
[499.893s][info][gc,start    ] GC(969) Pause Remark
[499.910s][info][gc          ] GC(969) Pause Remark 122M->110M(303M) 16.693ms
[499.910s][info][gc,cpu      ] GC(969) User=0.03s Sys=0.00s Real=0.02s
[499.911s][info][gc,marking  ] GC(969) Concurrent Mark 63.013ms
[499.911s][info][gc,marking  ] GC(969) Concurrent Rebuild Remembered Sets and Scrub Regions
[499.947s][info][gc,marking  ] GC(969) Concurrent Rebuild Remembered Sets and Scrub Regions 36.465ms
[499.948s][info][gc,start    ] GC(969) Pause Cleanup
[499.948s][info][gc          ] GC(969) Pause Cleanup 121M->121M(303M) 0.059ms
[499.948s][info][gc,cpu      ] GC(969) User=0.00s Sys=0.00s Real=0.00s
[499.949s][info][gc,marking  ] GC(969) Concurrent Clear Claimed Marks
[499.949s][info][gc,marking  ] GC(969) Concurrent Clear Claimed Marks 0.075ms
[499.949s][info][gc,marking  ] GC(969) Concurrent Cleanup for Next Mark
[499.950s][info][gc,marking  ] GC(969) Concurrent Cleanup for Next Mark 1.269ms
[499.950s][info][gc          ] GC(969) Concurrent Mark Cycle 119.212ms
[500.250s][info][gc,start    ] GC(970) Pause Young (Prepare Mixed) (G1 Evacuation Pause)
[500.250s][info][gc,task     ] GC(970) Using 2 workers of 2 for evacuation
[500.281s][info][gc,phases   ] GC(970)   Pre Evacuate Collection Set: 0.21ms
[500.281s][info][gc,phases   ] GC(970)   Merge Heap Roots: 0.14ms
[500.281s][info][gc,phases   ] GC(970)   Evacuate Collection Set: 30.34ms
[500.281s][info][gc,phases   ] GC(970)   Post Evacuate Collection Set: 0.44ms
[500.281s][info][gc,phases   ] GC(970)   Other: 0.07ms
[500.281s][info][gc,heap     ] GC(970) Eden regions: 152->0(146)
[500.281s][info][gc,heap     ] GC(970) Survivor regions: 8->20(20)
[500.281s][info][gc,heap     ] GC(970) Old regions: 80->86
[500.281s][info][gc,heap     ] GC(970) Humongous regions: 6->6
[500.281s][info][gc,metaspace] GC(970) Metaspace: 43069K(43520K)->43069K(43520K) NonClass: 38726K(38976K)->38726K(38976K) Class: 4343K(4544K)->4343K(4544K)
[500.281s][info][gc          ] GC(970) Pause Young (Prepare Mixed) (G1 Evacuation Pause) 246M->112M(303M) 31.454ms
[500.281s][info][gc,cpu      ] GC(970) User=0.06s Sys=0.00s Real=0.03s
[500.691s][info][gc,start    ] GC(971) Pause Young (Mixed) (G1 Evacuation Pause)
[500.691s][info][gc,task     ] GC(971) Using 2 workers of 2 for evacuation
[500.752s][info][gc,phases   ] GC(971)   Pre Evacuate Collection Set: 0.23ms
[500.752s][info][gc,phases   ] GC(971)   Merge Heap Roots: 0.38ms
[500.752s][info][gc,phases   ] GC(971)   Evacuate Collection Set: 59.51ms
[500.752s][info][gc,phases   ] GC(971)   Post Evacuate Collection Set: 0.60ms
[500.752s][info][gc,phases   ] GC(971)   Other: 0.07ms
[500.752s][info][gc,heap     ] GC(971) Eden regions: 146->0(145)
[500.752s][info][gc,heap     ] GC(971) Survivor regions: 20->17(21)
[500.752s][info][gc,heap     ] GC(971) Old regions: 86->88
[500.752s][info][gc,heap     ] GC(971) Humongous regions: 10->10
[500.752s][info][gc,metaspace] GC(971) Metaspace: 43069K(43520K)->43069K(43520K) NonClass: 38726K(38976K)->38726K(38976K) Class: 4343K(4544K)->4343K(4544K)
[500.752s][info][gc          ] GC(971) Pause Young (Mixed) (G1 Evacuation Pause) 262M->114M(303M) 61.051ms
[500.752s][info][gc,cpu      ] GC(971) User=0.12s Sys=0.00s Real=0.06s
[501.222s][info][gc,start    ] GC(972) Pause Young (Concurrent Start) (G1 Humongous Allocation)
[501.222s][info][gc,task     ] GC(972) Using 2 workers of 2 for evacuation
[501.271s][info][gc,phases   ] GC(972)   Pre Evacuate Collection Set: 0.27ms
[501.271s][info][gc,phases   ] GC(972)   Merge Heap Roots: 0.12ms
[501.271s][info][gc,phases   ] GC(972)   Evacuate Collection Set: 48.72ms
[501.271s][info][gc,phases   ] GC(972)   Post Evacuate Collection Set: 0.49ms
[501.271s][info][gc,phases   ] GC(972)   Other: 0.10ms
[501.271s][info][gc,heap     ] GC(972) Eden regions: 123->0(121)
[501.271s][info][gc,heap     ] GC(972) Survivor regions: 17->21(21)
[501.271s][info][gc,heap     ] GC(972) Old regions: 88->106
[501.271s][info][gc,heap     ] GC(972) Humongous regions: 10->10
[501.271s][info][gc,metaspace] GC(972) Metaspace: 43069K(43520K)->43069K(43520K) NonClass: 38726K(38976K)->38726K(38976K) Class: 4343K(4544K)->4343K(4544K)
[501.271s][info][gc          ] GC(972) Pause Young (Concurrent Start) (G1 Humongous Allocation) 237M->137M(303M) 49.945ms
[501.272s][info][gc,cpu      ] GC(972) User=0.09s Sys=0.00s Real=0.05s
[501.272s][info][gc          ] GC(973) Concurrent Mark Cycle
[501.272s][info][gc,marking  ] GC(973) Concurrent Scan Root Regions
[501.318s][info][gc,marking  ] GC(973) Concurrent Scan Root Regions 46.204ms
[501.318s][info][gc,marking  ] GC(973) Concurrent Mark
[501.318s][info][gc,marking  ] GC(973) Concurrent Mark From Roots
[501.318s][info][gc,task     ] GC(973) Using 1 workers of 1 for marking
[501.426s][info][gc,marking  ] GC(973) Concurrent Mark From Roots 108.350ms
[501.426s][info][gc,marking  ] GC(973) Concurrent Preclean
[501.426s][info][gc,marking  ] GC(973) Concurrent Preclean 0.047ms
[501.427s][info][gc,start    ] GC(973) Pause Remark
[501.443s][info][gc          ] GC(973) Pause Remark 147M->144M(303M) 16.338ms
[501.443s][info][gc,cpu      ] GC(973) User=0.03s Sys=0.00s Real=0.01s
[501.443s][info][gc,marking  ] GC(973) Concurrent Mark 125.126ms
[501.443s][info][gc,marking  ] GC(973) Concurrent Rebuild Remembered Sets and Scrub Regions
[501.512s][info][gc,marking  ] GC(973) Concurrent Rebuild Remembered Sets and Scrub Regions 69.037ms
[501.512s][info][gc,start    ] GC(973) Pause Cleanup
[501.512s][info][gc          ] GC(973) Pause Cleanup 151M->151M(303M) 0.064ms
[501.512s][info][gc,cpu      ] GC(973) User=0.00s Sys=0.00s Real=0.00s
[501.512s][info][gc,marking  ] GC(973) Concurrent Clear Claimed Marks
[501.512s][info][gc,marking  ] GC(973) Concurrent Clear Claimed Marks 0.042ms
[501.512s][info][gc,marking  ] GC(973) Concurrent Cleanup for Next Mark
[501.513s][info][gc,marking  ] GC(973) Concurrent Cleanup for Next Mark 0.935ms
[501.513s][info][gc          ] GC(973) Concurrent Mark Cycle 241.812ms
[502.445s][info][gc,start    ] GC(974) Pause Young (Prepare Mixed) (G1 Evacuation Pause)
[502.445s][info][gc,task     ] GC(974) Using 2 workers of 2 for evacuation
[502.479s][info][gc,phases   ] GC(974)   Pre Evacuate Collection Set: 0.26ms
[502.479s][info][gc,phases   ] GC(974)   Merge Heap Roots: 0.18ms
[502.479s][info][gc,phases   ] GC(974)   Evacuate Collection Set: 32.18ms
[502.479s][info][gc,phases   ] GC(974)   Post Evacuate Collection Set: 0.44ms
[502.479s][info][gc,phases   ] GC(974)   Other: 0.06ms
[502.479s][info][gc,heap     ] GC(974) Eden regions: 121->0(118)
[502.479s][info][gc,heap     ] GC(974) Survivor regions: 21->10(18)
[502.479s][info][gc,heap     ] GC(974) Old regions: 106->120
[502.479s][info][gc,heap     ] GC(974) Humongous regions: 15->13
[502.479s][info][gc,metaspace] GC(974) Metaspace: 43069K(43520K)->43069K(43520K) NonClass: 38726K(38976K)->38726K(38976K) Class: 4343K(4544K)->4343K(4544K)
[502.479s][info][gc          ] GC(974) Pause Young (Prepare Mixed) (G1 Evacuation Pause) 263M->142M(303M) 33.312ms
[502.479s][info][gc,cpu      ] GC(974) User=0.06s Sys=0.00s Real=0.03s
[503.021s][info][gc,start    ] GC(975) Pause Young (Mixed) (G1 Evacuation Pause)
[503.021s][info][gc,task     ] GC(975) Using 2 workers of 2 for evacuation
[503.037s][info][gc,phases   ] GC(975)   Pre Evacuate Collection Set: 0.19ms
[503.037s][info][gc,phases   ] GC(975)   Merge Heap Roots: 0.11ms
[503.037s][info][gc,phases   ] GC(975)   Evacuate Collection Set: 14.85ms
[503.037s][info][gc,phases   ] GC(975)   Post Evacuate Collection Set: 0.36ms
[503.037s][info][gc,phases   ] GC(975)   Other: 0.07ms
[503.037s][info][gc,heap     ] GC(975) Eden regions: 118->0(121)
[503.037s][info][gc,heap     ] GC(975) Survivor regions: 10->6(16)
[503.037s][info][gc,heap     ] GC(975) Old regions: 120->124
[503.037s][info][gc,heap     ] GC(975) Humongous regions: 13->13
[503.037s][info][gc,metaspace] GC(975) Metaspace: 43069K(43520K)->43069K(43520K) NonClass: 38726K(38976K)->38726K(38976K) Class: 4343K(4544K)->4343K(4544K)
[503.037s][info][gc          ] GC(975) Pause Young (Mixed) (G1 Evacuation Pause) 260M->142M(303M) 15.755ms
[503.037s][info][gc,cpu      ] GC(975) User=0.03s Sys=0.00s Real=0.02s
[503.700s][info][gc,start    ] GC(976) Pause Young (Concurrent Start) (G1 Evacuation Pause)
[503.700s][info][gc,task     ] GC(976) Using 2 workers of 2 for evacuation
[503.712s][info][gc,phases   ] GC(976)   Pre Evacuate Collection Set: 0.20ms
[503.712s][info][gc,phases   ] GC(976)   Merge Heap Roots: 0.05ms
[503.712s][info][gc,phases   ] GC(976)   Evacuate Collection Set: 11.22ms
[503.712s][info][gc,phases   ] GC(976)   Post Evacuate Collection Set: 0.35ms
[503.712s][info][gc,phases   ] GC(976)   Other: 0.09ms
[503.712s][info][gc,heap     ] GC(976) Eden regions: 121->0(119)
[503.712s][info][gc,heap     ] GC(976) Survivor regions: 6->13(16)
[503.712s][info][gc,heap     ] GC(976) Old regions: 124->124
[503.713s][info][gc,heap     ] GC(976) Humongous regions: 13->13
[503.713s][info][gc,metaspace] GC(976) Metaspace: 43069K(43520K)->43069K(43520K) NonClass: 38726K(38976K)->38726K(38976K) Class: 4343K(4544K)->4343K(4544K)
[503.713s][info][gc          ] GC(976) Pause Young (Concurrent Start) (G1 Evacuation Pause) 263M->149M(303M) 12.143ms
[503.713s][info][gc,cpu      ] GC(976) User=0.03s Sys=0.00s Real=0.01s
[503.713s][info][gc          ] GC(977) Concurrent Mark Cycle
[503.713s][info][gc,marking  ] GC(977) Concurrent Scan Root Regions
[503.722s][info][gc,marking  ] GC(977) Concurrent Scan Root Regions 9.113ms
[503.722s][info][gc,marking  ] GC(977) Concurrent Mark
[503.722s][info][gc,marking  ] GC(977) Concurrent Mark From Roots
[503.722s][info][gc,task     ] GC(977) Using 1 workers of 1 for marking
[503.759s][info][gc,marking  ] GC(977) Concurrent Mark From Roots 37.599ms
[503.759s][info][gc,marking  ] GC(977) Concurrent Preclean
[503.760s][info][gc,marking  ] GC(977) Concurrent Preclean 0.035ms
[503.760s][info][gc,start    ] GC(977) Pause Remark
[503.776s][info][gc          ] GC(977) Pause Remark 155M->66M(256M) 16.394ms
[503.776s][info][gc,cpu      ] GC(977) User=0.03s Sys=0.00s Real=0.02s
[503.776s][info][gc,marking  ] GC(977) Concurrent Mark 54.218ms
[503.776s][info][gc,marking  ] GC(977) Concurrent Rebuild Remembered Sets and Scrub Regions
[503.790s][info][gc,marking  ] GC(977) Concurrent Rebuild Remembered Sets and Scrub Regions 14.139ms
[503.790s][info][gc,start    ] GC(977) Pause Cleanup
[503.790s][info][gc          ] GC(977) Pause Cleanup 68M->68M(256M) 0.046ms
[503.790s][info][gc,cpu      ] GC(977) User=0.00s Sys=0.00s Real=0.00s
[503.790s][info][gc,marking  ] GC(977) Concurrent Clear Claimed Marks
[503.790s][info][gc,marking  ] GC(977) Concurrent Clear Claimed Marks 0.037ms
[503.790s][info][gc,marking  ] GC(977) Concurrent Cleanup for Next Mark
[503.791s][info][gc,marking  ] GC(977) Concurrent Cleanup for Next Mark 0.763ms
[503.791s][info][gc          ] GC(977) Concurrent Mark Cycle 78.599ms
[504.469s][info][gc,start    ] GC(978) Pause Young (Prepare Mixed) (G1 Evacuation Pause)
[504.469s][info][gc,task     ] GC(978) Using 2 workers of 2 for evacuation
[504.485s][info][gc,phases   ] GC(978)   Pre Evacuate Collection Set: 0.15ms
[504.485s][info][gc,phases   ] GC(978)   Merge Heap Roots: 0.07ms
[504.485s][info][gc,phases   ] GC(978)   Evacuate Collection Set: 15.84ms
[504.485s][info][gc,phases   ] GC(978)   Post Evacuate Collection Set: 0.34ms
[504.485s][info][gc,phases   ] GC(978)   Other: 0.08ms
[504.485s][info][gc,heap     ] GC(978) Eden regions: 119->0(138)
[504.485s][info][gc,heap     ] GC(978) Survivor regions: 13->15(17)
[504.486s][info][gc,heap     ] GC(978) Old regions: 46->50
[504.486s][info][gc,heap     ] GC(978) Humongous regions: 1->1
[504.486s][info][gc,metaspace] GC(978) Metaspace: 43069K(43520K)->43069K(43520K) NonClass: 38726K(38976K)->38726K(38976K) Class: 4343K(4544K)->4343K(4544K)
[504.486s][info][gc          ] GC(978) Pause Young (Prepare Mixed) (G1 Evacuation Pause) 178M->66M(256M) 16.695ms
[504.486s][info][gc,cpu      ] GC(978) User=0.03s Sys=0.00s Real=0.02s
[505.262s][info][gc,start    ] GC(979) Pause Young (Mixed) (G1 Evacuation Pause)
[505.262s][info][gc,task     ] GC(979) Using 2 workers of 2 for evacuation
[505.287s][info][gc,phases   ] GC(979)   Pre Evacuate Collection Set: 0.17ms
[505.287s][info][gc,phases   ] GC(979)   Merge Heap Roots: 0.08ms
[505.287s][info][gc,phases   ] GC(979)   Evacuate Collection Set: 24.31ms
[505.287s][info][gc,phases   ] GC(979)   Post Evacuate Collection Set: 0.40ms
[505.287s][info][gc,phases   ] GC(979)   Other: 0.07ms
[505.287s][info][gc,heap     ] GC(979) Eden regions: 138->0(139)
[505.287s][info][gc,heap     ] GC(979) Survivor regions: 15->14(20)
[505.287s][info][gc,heap     ] GC(979) Old regions: 50->59
[505.287s][info][gc,heap     ] GC(979) Humongous regions: 1->1
[505.287s][info][gc,metaspace] GC(979) Metaspace: 43069K(43520K)->43069K(43520K) NonClass: 38726K(38976K)->38726K(38976K) Class: 4343K(4544K)->4343K(4544K)
[505.287s][info][gc          ] GC(979) Pause Young (Mixed) (G1 Evacuation Pause) 204M->73M(256M) 25.270ms
[505.287s][info][gc,cpu      ] GC(979) User=0.05s Sys=0.00s Real=0.03s
[505.928s][info][gc,start    ] GC(980) Pause Young (Concurrent Start) (G1 Humongous Allocation)
[505.928s][info][gc,task     ] GC(980) Using 2 workers of 2 for evacuation
[505.949s][info][gc,phases   ] GC(980)   Pre Evacuate Collection Set: 0.16ms
[505.949s][info][gc,phases   ] GC(980)   Merge Heap Roots: 0.06ms
[505.949s][info][gc,phases   ] GC(980)   Evacuate Collection Set: 20.04ms
[505.949s][info][gc,phases   ] GC(980)   Post Evacuate Collection Set: 0.38ms
[505.949s][info][gc,phases   ] GC(980)   Other: 0.08ms
[505.949s][info][gc,heap     ] GC(980) Eden regions: 103->0(132)
[505.949s][info][gc,heap     ] GC(980) Survivor regions: 14->11(20)
[505.949s][info][gc,heap     ] GC(980) Old regions: 59->73
[505.949s][info][gc,heap     ] GC(980) Humongous regions: 1->1
[505.949s][info][gc,metaspace] GC(980) Metaspace: 43069K(43520K)->43069K(43520K) NonClass: 38726K(38976K)->38726K(38976K) Class: 4343K(4544K)->4343K(4544K)
[505.949s][info][gc          ] GC(980) Pause Young (Concurrent Start) (G1 Humongous Allocation) 176M->84M(256M) 20.943ms
[505.949s][info][gc,cpu      ] GC(980) User=0.04s Sys=0.01s Real=0.02s
[505.949s][info][gc          ] GC(981) Concurrent Mark Cycle
[505.949s][info][gc,marking  ] GC(981) Concurrent Scan Root Regions
[505.964s][info][gc,marking  ] GC(981) Concurrent Scan Root Regions 14.655ms
[505.964s][info][gc,marking  ] GC(981) Concurrent Mark
[505.964s][info][gc,marking  ] GC(981) Concurrent Mark From Roots
[505.964s][info][gc,task     ] GC(981) Using 1 workers of 1 for marking
[506.002s][info][gc,marking  ] GC(981) Concurrent Mark From Roots 38.184ms
[506.002s][info][gc,marking  ] GC(981) Concurrent Preclean
[506.002s][info][gc,marking  ] GC(981) Concurrent Preclean 0.034ms
[506.002s][info][gc,start    ] GC(981) Pause Remark
[506.018s][info][gc          ] GC(981) Pause Remark 95M->93M(256M) 15.898ms
[506.018s][info][gc,cpu      ] GC(981) User=0.03s Sys=0.00s Real=0.02s
[506.018s][info][gc,marking  ] GC(981) Concurrent Mark 54.302ms
[506.018s][info][gc,marking  ] GC(981) Concurrent Rebuild Remembered Sets and Scrub Regions
[506.044s][info][gc,marking  ] GC(981) Concurrent Rebuild Remembered Sets and Scrub Regions 25.865ms
[506.044s][info][gc,start    ] GC(981) Pause Cleanup
[506.044s][info][gc          ] GC(981) Pause Cleanup 97M->97M(256M) 0.042ms
[506.044s][info][gc,cpu      ] GC(981) User=0.00s Sys=0.00s Real=0.00s
[506.044s][info][gc,marking  ] GC(981) Concurrent Clear Claimed Marks
[506.044s][info][gc,marking  ] GC(981) Concurrent Clear Claimed Marks 0.035ms
[506.044s][info][gc,marking  ] GC(981) Concurrent Cleanup for Next Mark
[506.045s][info][gc,marking  ] GC(981) Concurrent Cleanup for Next Mark 0.740ms
[506.045s][info][gc          ] GC(981) Concurrent Mark Cycle 95.908ms
[506.727s][info][gc,start    ] GC(982) Pause Young (Prepare Mixed) (G1 Evacuation Pause)
[506.728s][info][gc,task     ] GC(982) Using 2 workers of 2 for evacuation
[506.742s][info][gc,phases   ] GC(982)   Pre Evacuate Collection Set: 0.15ms
[506.742s][info][gc,phases   ] GC(982)   Merge Heap Roots: 0.09ms
[506.742s][info][gc,phases   ] GC(982)   Evacuate Collection Set: 13.48ms
[506.742s][info][gc,phases   ] GC(982)   Post Evacuate Collection Set: 0.34ms
[506.742s][info][gc,phases   ] GC(982)   Other: 0.07ms
[506.742s][info][gc,heap     ] GC(982) Eden regions: 132->0(130)
[506.742s][info][gc,heap     ] GC(982) Survivor regions: 11->13(18)
[506.742s][info][gc,heap     ] GC(982) Old regions: 71->74
[506.742s][info][gc,heap     ] GC(982) Humongous regions: 2->2
[506.742s][info][gc,metaspace] GC(982) Metaspace: 43069K(43520K)->43069K(43520K) NonClass: 38726K(38976K)->38726K(38976K) Class: 4343K(4544K)->4343K(4544K)
[506.742s][info][gc          ] GC(982) Pause Young (Prepare Mixed) (G1 Evacuation Pause) 215M->88M(256M) 14.316ms
[506.742s][info][gc,cpu      ] GC(982) User=0.03s Sys=0.00s Real=0.01s
[507.432s][info][gc,start    ] GC(983) Pause Young (Mixed) (G1 Evacuation Pause)
[507.432s][info][gc,task     ] GC(983) Using 2 workers of 2 for evacuation
[507.460s][info][gc,phases   ] GC(983)   Pre Evacuate Collection Set: 0.18ms
[507.460s][info][gc,phases   ] GC(983)   Merge Heap Roots: 0.17ms
[507.460s][info][gc,phases   ] GC(983)   Evacuate Collection Set: 27.12ms
[507.460s][info][gc,phases   ] GC(983)   Post Evacuate Collection Set: 0.52ms
[507.460s][info][gc,phases   ] GC(983)   Other: 0.10ms
[507.460s][info][gc,heap     ] GC(983) Eden regions: 130->0(133)
[507.460s][info][gc,heap     ] GC(983) Survivor regions: 13->13(18)
[507.460s][info][gc,heap     ] GC(983) Old regions: 74->69
[507.460s][info][gc,heap     ] GC(983) Humongous regions: 2->2
[507.460s][info][gc,metaspace] GC(983) Metaspace: 43069K(43520K)->43069K(43520K) NonClass: 38726K(38976K)->38726K(38976K) Class: 4343K(4544K)->4343K(4544K)
[507.460s][info][gc          ] GC(983) Pause Young (Mixed) (G1 Evacuation Pause) 218M->83M(256M) 28.327ms
[507.460s][info][gc,cpu      ] GC(983) User=0.06s Sys=0.00s Real=0.03s
[507.493s][info][gc,start    ] GC(984) Pause Young (Concurrent Start) (G1 Humongous Allocation)
[507.493s][info][gc,task     ] GC(984) Using 2 workers of 2 for evacuation
[507.507s][info][gc,phases   ] GC(984)   Pre Evacuate Collection Set: 0.17ms
[507.507s][info][gc,phases   ] GC(984)   Merge Heap Roots: 0.05ms
[507.507s][info][gc,phases   ] GC(984)   Evacuate Collection Set: 13.43ms
[507.507s][info][gc,phases   ] GC(984)   Post Evacuate Collection Set: 0.32ms
[507.507s][info][gc,phases   ] GC(984)   Other: 0.08ms
[507.507s][info][gc,heap     ] GC(984) Eden regions: 5->0(75)
[507.507s][info][gc,heap     ] GC(984) Survivor regions: 13->3(19)
[507.507s][info][gc,heap     ] GC(984) Old regions: 69->82
[507.507s][info][gc,heap     ] GC(984) Humongous regions: 2->2
[507.507s][info][gc,metaspace] GC(984) Metaspace: 43069K(43520K)->43069K(43520K) NonClass: 38726K(38976K)->38726K(38976K) Class: 4343K(4544K)->4343K(4544K)
[507.507s][info][gc          ] GC(984) Pause Young (Concurrent Start) (G1 Humongous Allocation) 88M->86M(256M) 14.245ms
[507.507s][info][gc,cpu      ] GC(984) User=0.03s Sys=0.00s Real=0.02s
[507.507s][info][gc          ] GC(985) Concurrent Mark Cycle
[507.507s][info][gc,marking  ] GC(985) Concurrent Scan Root Regions
[507.528s][info][gc,marking  ] GC(985) Concurrent Scan Root Regions 20.594ms
[507.528s][info][gc,marking  ] GC(985) Concurrent Mark
[507.528s][info][gc,marking  ] GC(985) Concurrent Mark From Roots
[507.528s][info][gc,task     ] GC(985) Using 1 workers of 1 for marking
[507.568s][info][gc,marking  ] GC(985) Concurrent Mark From Roots 40.489ms
[507.568s][info][gc,marking  ] GC(985) Concurrent Preclean
[507.568s][info][gc,marking  ] GC(985) Concurrent Preclean 0.037ms
[507.569s][info][gc,start    ] GC(985) Pause Remark
[507.584s][info][gc          ] GC(985) Pause Remark 102M->89M(256M) 15.668ms
[507.584s][info][gc,cpu      ] GC(985) User=0.03s Sys=0.00s Real=0.01s
[507.584s][info][gc,marking  ] GC(985) Concurrent Mark 56.513ms
[507.584s][info][gc,marking  ] GC(985) Concurrent Rebuild Remembered Sets and Scrub Regions
[507.609s][info][gc,marking  ] GC(985) Concurrent Rebuild Remembered Sets and Scrub Regions 24.453ms
[507.609s][info][gc,start    ] GC(985) Pause Cleanup
[507.609s][info][gc          ] GC(985) Pause Cleanup 93M->93M(256M) 0.050ms
[507.609s][info][gc,cpu      ] GC(985) User=0.00s Sys=0.00s Real=0.00s
[507.609s][info][gc,marking  ] GC(985) Concurrent Clear Claimed Marks
[507.609s][info][gc,marking  ] GC(985) Concurrent Clear Claimed Marks 0.033ms
[507.609s][info][gc,marking  ] GC(985) Concurrent Cleanup for Next Mark
[507.610s][info][gc,marking  ] GC(985) Concurrent Cleanup for Next Mark 0.730ms
[507.610s][info][gc          ] GC(985) Concurrent Mark Cycle 102.736ms
[507.862s][info][gc,start    ] GC(986) Pause Young (Prepare Mixed) (G1 Evacuation Pause)
[507.862s][info][gc,task     ] GC(986) Using 2 workers of 2 for evacuation
[507.865s][info][gc,phases   ] GC(986)   Pre Evacuate Collection Set: 0.19ms
[507.865s][info][gc,phases   ] GC(986)   Merge Heap Roots: 0.06ms
[507.866s][info][gc,phases   ] GC(986)   Evacuate Collection Set: 3.20ms
[507.866s][info][gc,phases   ] GC(986)   Post Evacuate Collection Set: 0.32ms
[507.866s][info][gc,phases   ] GC(986)   Other: 0.10ms
[507.866s][info][gc,heap     ] GC(986) Eden regions: 75->0(90)
[507.866s][info][gc,heap     ] GC(986) Survivor regions: 3->4(10)
[507.866s][info][gc,heap     ] GC(986) Old regions: 70->70
[507.866s][info][gc,heap     ] GC(986) Humongous regions: 7->3
[507.866s][info][gc,metaspace] GC(986) Metaspace: 43070K(43520K)->43070K(43520K) NonClass: 38727K(38976K)->38727K(38976K) Class: 4343K(4544K)->4343K(4544K)
[507.866s][info][gc          ] GC(986) Pause Young (Prepare Mixed) (G1 Evacuation Pause) 154M->77M(256M) 4.054ms
[507.866s][info][gc,cpu      ] GC(986) User=0.01s Sys=0.00s Real=0.01s
[508.317s][info][gc,start    ] GC(987) Pause Young (Mixed) (G1 Evacuation Pause)
[508.317s][info][gc,task     ] GC(987) Using 2 workers of 2 for evacuation
[508.326s][info][gc,phases   ] GC(987)   Pre Evacuate Collection Set: 0.18ms
[508.326s][info][gc,phases   ] GC(987)   Merge Heap Roots: 0.13ms
[508.326s][info][gc,phases   ] GC(987)   Evacuate Collection Set: 8.02ms
[508.326s][info][gc,phases   ] GC(987)   Post Evacuate Collection Set: 0.40ms
[508.326s][info][gc,phases   ] GC(987)   Other: 0.09ms
[508.326s][info][gc,heap     ] GC(987) Eden regions: 90->0(108)
[508.326s][info][gc,heap     ] GC(987) Survivor regions: 4->5(12)
[508.326s][info][gc,heap     ] GC(987) Old regions: 70->51
[508.326s][info][gc,heap     ] GC(987) Humongous regions: 13->3
[508.326s][info][gc,metaspace] GC(987) Metaspace: 43070K(43520K)->43070K(43520K) NonClass: 38727K(38976K)->38727K(38976K) Class: 4343K(4544K)->4343K(4544K)
[508.326s][info][gc          ] GC(987) Pause Young (Mixed) (G1 Evacuation Pause) 177M->58M(256M) 8.991ms
[508.326s][info][gc,cpu      ] GC(987) User=0.02s Sys=0.00s Real=0.01s
[508.336s][info][gc,start    ] GC(988) Pause Young (Concurrent Start) (G1 Humongous Allocation)
[508.336s][info][gc,task     ] GC(988) Using 2 workers of 2 for evacuation
[508.340s][info][gc,phases   ] GC(988)   Pre Evacuate Collection Set: 0.15ms
[508.340s][info][gc,phases   ] GC(988)   Merge Heap Roots: 0.03ms
[508.340s][info][gc,phases   ] GC(988)   Evacuate Collection Set: 2.78ms
[508.340s][info][gc,phases   ] GC(988)   Post Evacuate Collection Set: 0.25ms
[508.340s][info][gc,phases   ] GC(988)   Other: 0.07ms
[508.340s][info][gc,heap     ] GC(988) Eden regions: 3->0(118)
[508.340s][info][gc,heap     ] GC(988) Survivor regions: 5->3(15)
[508.340s][info][gc,heap     ] GC(988) Old regions: 51->51
[508.340s][info][gc,heap     ] GC(988) Humongous regions: 3->1
[508.340s][info][gc,metaspace] GC(988) Metaspace: 43070K(43520K)->43070K(43520K) NonClass: 38727K(38976K)->38727K(38976K) Class: 4343K(4544K)->4343K(4544K)
[508.340s][info][gc          ] GC(988) Pause Young (Concurrent Start) (G1 Humongous Allocation) 61M->54M(256M) 3.443ms
[508.340s][info][gc,cpu      ] GC(988) User=0.01s Sys=0.00s Real=0.00s
[508.340s][info][gc          ] GC(989) Concurrent Mark Cycle
[508.340s][info][gc,marking  ] GC(989) Concurrent Scan Root Regions
[508.344s][info][gc,marking  ] GC(989) Concurrent Scan Root Regions 4.133ms
[508.344s][info][gc,marking  ] GC(989) Concurrent Mark
[508.344s][info][gc,marking  ] GC(989) Concurrent Mark From Roots
[508.344s][info][gc,task     ] GC(989) Using 1 workers of 1 for marking
[508.384s][info][gc,marking  ] GC(989) Concurrent Mark From Roots 39.634ms
[508.384s][info][gc,marking  ] GC(989) Concurrent Preclean
[508.384s][info][gc,marking  ] GC(989) Concurrent Preclean 0.037ms
[508.384s][info][gc,start    ] GC(989) Pause Remark
[508.400s][info][gc          ] GC(989) Pause Remark 63M->61M(256M) 15.963ms
[508.400s][info][gc,cpu      ] GC(989) User=0.03s Sys=0.00s Real=0.02s
[508.400s][info][gc,marking  ] GC(989) Concurrent Mark 55.854ms
[508.400s][info][gc,marking  ] GC(989) Concurrent Rebuild Remembered Sets and Scrub Regions
[508.416s][info][gc,marking  ] GC(989) Concurrent Rebuild Remembered Sets and Scrub Regions 16.454ms
[508.416s][info][gc,start    ] GC(989) Pause Cleanup
[508.417s][info][gc          ] GC(989) Pause Cleanup 62M->62M(256M) 0.061ms
[508.417s][info][gc,cpu      ] GC(989) User=0.00s Sys=0.00s Real=0.00s
[508.417s][info][gc,marking  ] GC(989) Concurrent Clear Claimed Marks
[508.417s][info][gc,marking  ] GC(989) Concurrent Clear Claimed Marks 0.034ms
[508.417s][info][gc,marking  ] GC(989) Concurrent Cleanup for Next Mark
[508.417s][info][gc,marking  ] GC(989) Concurrent Cleanup for Next Mark 0.764ms
[508.417s][info][gc          ] GC(989) Concurrent Mark Cycle 77.597ms
[508.891s][info][gc,start    ] GC(990) Pause Young (Prepare Mixed) (G1 Evacuation Pause)
[508.891s][info][gc,task     ] GC(990) Using 2 workers of 2 for evacuation
[508.922s][info][gc,phases   ] GC(990)   Pre Evacuate Collection Set: 0.20ms
[508.922s][info][gc,phases   ] GC(990)   Merge Heap Roots: 0.10ms
[508.922s][info][gc,phases   ] GC(990)   Evacuate Collection Set: 29.90ms
[508.922s][info][gc,phases   ] GC(990)   Post Evacuate Collection Set: 0.58ms
[508.922s][info][gc,phases   ] GC(990)   Other: 0.08ms
[508.922s][info][gc,heap     ] GC(990) Eden regions: 118->0(118)
[508.922s][info][gc,heap     ] GC(990) Survivor regions: 3->14(16)
[508.922s][info][gc,heap     ] GC(990) Old regions: 49->49
[508.922s][info][gc,heap     ] GC(990) Humongous regions: 7->3
[508.922s][info][gc,metaspace] GC(990) Metaspace: 43070K(43520K)->43070K(43520K) NonClass: 38727K(38976K)->38727K(38976K) Class: 4343K(4544K)->4343K(4544K)
[508.922s][info][gc          ] GC(990) Pause Young (Prepare Mixed) (G1 Evacuation Pause) 176M->64M(256M) 31.081ms
[508.922s][info][gc,cpu      ] GC(990) User=0.03s Sys=0.00s Real=0.03s
[509.422s][info][gc,start    ] GC(991) Pause Young (Mixed) (G1 Evacuation Pause)
[509.422s][info][gc,task     ] GC(991) Using 2 workers of 2 for evacuation
[509.436s][info][gc,phases   ] GC(991)   Pre Evacuate Collection Set: 0.21ms
[509.436s][info][gc,phases   ] GC(991)   Merge Heap Roots: 0.08ms
[509.436s][info][gc,phases   ] GC(991)   Evacuate Collection Set: 13.74ms
[509.436s][info][gc,phases   ] GC(991)   Post Evacuate Collection Set: 0.48ms
[509.436s][info][gc,phases   ] GC(991)   Other: 0.10ms
[509.437s][info][gc,heap     ] GC(991) Eden regions: 118->0(132)
[509.437s][info][gc,heap     ] GC(991) Survivor regions: 14->9(17)
[509.437s][info][gc,heap     ] GC(991) Old regions: 49->42
[509.437s][info][gc,heap     ] GC(991) Humongous regions: 9->3
[509.437s][info][gc,metaspace] GC(991) Metaspace: 43093K(43520K)->43093K(43520K) NonClass: 38750K(38976K)->38750K(38976K) Class: 4343K(4544K)->4343K(4544K)
[509.437s][info][gc          ] GC(991) Pause Young (Mixed) (G1 Evacuation Pause) 188M->53M(256M) 14.778ms
[509.437s][info][gc,cpu      ] GC(991) User=0.03s Sys=0.00s Real=0.02s
[509.488s][info][gc,start    ] GC(992) Pause Young (Concurrent Start) (G1 Humongous Allocation)
[509.488s][info][gc,task     ] GC(992) Using 2 workers of 2 for evacuation
[509.490s][info][gc,phases   ] GC(992)   Pre Evacuate Collection Set: 0.17ms
[509.490s][info][gc,phases   ] GC(992)   Merge Heap Roots: 0.03ms
[509.490s][info][gc,phases   ] GC(992)   Evacuate Collection Set: 1.28ms
[509.490s][info][gc,phases   ] GC(992)   Post Evacuate Collection Set: 0.26ms
[509.490s][info][gc,phases   ] GC(992)   Other: 0.10ms
[509.490s][info][gc,heap     ] GC(992) Eden regions: 12->0(146)
[509.490s][info][gc,heap     ] GC(992) Survivor regions: 9->2(18)
[509.490s][info][gc,heap     ] GC(992) Old regions: 42->42
[509.490s][info][gc,heap     ] GC(992) Humongous regions: 3->1
[509.490s][info][gc,metaspace] GC(992) Metaspace: 43093K(43520K)->43093K(43520K) NonClass: 38750K(38976K)->38750K(38976K) Class: 4343K(4544K)->4343K(4544K)
[509.490s][info][gc          ] GC(992) Pause Young (Concurrent Start) (G1 Humongous Allocation) 65M->44M(256M) 1.990ms
[509.490s][info][gc,cpu      ] GC(992) User=0.01s Sys=0.00s Real=0.00s
[509.490s][info][gc          ] GC(993) Concurrent Mark Cycle
[509.491s][info][gc,marking  ] GC(993) Concurrent Scan Root Regions
[509.492s][info][gc,marking  ] GC(993) Concurrent Scan Root Regions 1.352ms
[509.492s][info][gc,marking  ] GC(993) Concurrent Mark
[509.492s][info][gc,marking  ] GC(993) Concurrent Mark From Roots
[509.492s][info][gc,task     ] GC(993) Using 1 workers of 1 for marking
[509.534s][info][gc,marking  ] GC(993) Concurrent Mark From Roots 41.793ms
[509.534s][info][gc,marking  ] GC(993) Concurrent Preclean
[509.534s][info][gc,marking  ] GC(993) Concurrent Preclean 0.038ms
[509.534s][info][gc,start    ] GC(993) Pause Remark
[509.549s][info][gc          ] GC(993) Pause Remark 57M->57M(256M) 15.532ms
[509.550s][info][gc,cpu      ] GC(993) User=0.03s Sys=0.00s Real=0.02s
[509.550s][info][gc,marking  ] GC(993) Concurrent Mark 57.704ms
[509.550s][info][gc,marking  ] GC(993) Concurrent Rebuild Remembered Sets and Scrub Regions
[509.567s][info][gc,marking  ] GC(993) Concurrent Rebuild Remembered Sets and Scrub Regions 17.370ms
[509.567s][info][gc,start    ] GC(993) Pause Cleanup
[509.567s][info][gc          ] GC(993) Pause Cleanup 57M->57M(256M) 0.032ms
[509.567s][info][gc,cpu      ] GC(993) User=0.00s Sys=0.00s Real=0.00s
[509.567s][info][gc,marking  ] GC(993) Concurrent Clear Claimed Marks
[509.567s][info][gc,marking  ] GC(993) Concurrent Clear Claimed Marks 0.033ms
[509.567s][info][gc,marking  ] GC(993) Concurrent Cleanup for Next Mark
[509.568s][info][gc,marking  ] GC(993) Concurrent Cleanup for Next Mark 0.786ms
[509.568s][info][gc          ] GC(993) Concurrent Mark Cycle 77.463ms
[510.183s][info][gc,start    ] GC(994) Pause Young (Prepare Mixed) (G1 Evacuation Pause)
[510.183s][info][gc,task     ] GC(994) Using 2 workers of 2 for evacuation
[510.220s][info][gc,phases   ] GC(994)   Pre Evacuate Collection Set: 0.17ms
[510.220s][info][gc,phases   ] GC(994)   Merge Heap Roots: 0.07ms
[510.220s][info][gc,phases   ] GC(994)   Evacuate Collection Set: 36.21ms
[510.220s][info][gc,phases   ] GC(994)   Post Evacuate Collection Set: 0.56ms
[510.220s][info][gc,phases   ] GC(994)   Other: 0.11ms
[510.220s][info][gc,heap     ] GC(994) Eden regions: 146->0(132)
[510.220s][info][gc,heap     ] GC(994) Survivor regions: 2->19(19)
[510.220s][info][gc,heap     ] GC(994) Old regions: 42->43
[510.220s][info][gc,heap     ] GC(994) Humongous regions: 5->3
[510.220s][info][gc,metaspace] GC(994) Metaspace: 43095K(43520K)->43095K(43520K) NonClass: 38752K(38976K)->38752K(38976K) Class: 4343K(4544K)->4343K(4544K)
[510.220s][info][gc          ] GC(994) Pause Young (Prepare Mixed) (G1 Evacuation Pause) 194M->64M(256M) 37.295ms
[510.220s][info][gc,cpu      ] GC(994) User=0.05s Sys=0.00s Real=0.04s
[510.717s][info][gc,start    ] GC(995) Pause Young (Mixed) (G1 Evacuation Pause)
[510.717s][info][gc,task     ] GC(995) Using 2 workers of 2 for evacuation
[510.741s][info][gc,phases   ] GC(995)   Pre Evacuate Collection Set: 0.20ms
[510.741s][info][gc,phases   ] GC(995)   Merge Heap Roots: 0.10ms
[510.741s][info][gc,phases   ] GC(995)   Evacuate Collection Set: 22.80ms
[510.741s][info][gc,phases   ] GC(995)   Post Evacuate Collection Set: 0.56ms
[510.741s][info][gc,phases   ] GC(995)   Other: 0.07ms
[510.741s][info][gc,heap     ] GC(995) Eden regions: 132->0(138)
[510.741s][info][gc,heap     ] GC(995) Survivor regions: 19->9(19)
[510.741s][info][gc,heap     ] GC(995) Old regions: 43->52
[510.741s][info][gc,heap     ] GC(995) Humongous regions: 13->3
[510.741s][info][gc,metaspace] GC(995) Metaspace: 43095K(43520K)->43095K(43520K) NonClass: 38752K(38976K)->38752K(38976K) Class: 4343K(4544K)->4343K(4544K)
[510.741s][info][gc          ] GC(995) Pause Young (Mixed) (G1 Evacuation Pause) 206M->63M(256M) 23.900ms
[510.741s][info][gc,cpu      ] GC(995) User=0.05s Sys=0.00s Real=0.02s
[510.748s][info][gc,start    ] GC(996) Pause Young (Concurrent Start) (G1 Humongous Allocation)
[510.748s][info][gc,task     ] GC(996) Using 2 workers of 2 for evacuation
[510.755s][info][gc,phases   ] GC(996)   Pre Evacuate Collection Set: 0.15ms
[510.755s][info][gc,phases   ] GC(996)   Merge Heap Roots: 0.09ms
[510.755s][info][gc,phases   ] GC(996)   Evacuate Collection Set: 6.26ms
[510.755s][info][gc,phases   ] GC(996)   Post Evacuate Collection Set: 0.26ms
[510.755s][info][gc,phases   ] GC(996)   Other: 0.08ms
[510.755s][info][gc,heap     ] GC(996) Eden regions: 2->0(146)
[510.755s][info][gc,heap     ] GC(996) Survivor regions: 9->6(19)
[510.755s][info][gc,heap     ] GC(996) Old regions: 52->52
[510.755s][info][gc,heap     ] GC(996) Humongous regions: 3->1
[510.755s][info][gc,metaspace] GC(996) Metaspace: 43095K(43520K)->43095K(43520K) NonClass: 38752K(38976K)->38752K(38976K) Class: 4343K(4544K)->4343K(4544K)
[510.755s][info][gc          ] GC(996) Pause Young (Concurrent Start) (G1 Humongous Allocation) 65M->58M(256M) 7.008ms
[510.755s][info][gc,cpu      ] GC(996) User=0.01s Sys=0.00s Real=0.00s
[510.755s][info][gc          ] GC(997) Concurrent Mark Cycle
[510.755s][info][gc,marking  ] GC(997) Concurrent Scan Root Regions
[510.761s][info][gc,marking  ] GC(997) Concurrent Scan Root Regions 6.323ms
[510.761s][info][gc,marking  ] GC(997) Concurrent Mark
[510.761s][info][gc,marking  ] GC(997) Concurrent Mark From Roots
[510.761s][info][gc,task     ] GC(997) Using 1 workers of 1 for marking
[510.822s][info][gc,marking  ] GC(997) Concurrent Mark From Roots 61.222ms
[510.822s][info][gc,marking  ] GC(997) Concurrent Preclean
[510.822s][info][gc,marking  ] GC(997) Concurrent Preclean 0.038ms
[510.822s][info][gc,start    ] GC(997) Pause Remark
[510.838s][info][gc          ] GC(997) Pause Remark 77M->77M(256M) 15.658ms
[510.838s][info][gc,cpu      ] GC(997) User=0.03s Sys=0.00s Real=0.02s
[510.839s][info][gc,marking  ] GC(997) Concurrent Mark 78.293ms
[510.839s][info][gc,marking  ] GC(997) Concurrent Rebuild Remembered Sets and Scrub Regions
[510.865s][info][gc,marking  ] GC(997) Concurrent Rebuild Remembered Sets and Scrub Regions 25.922ms
[510.865s][info][gc,start    ] GC(997) Pause Cleanup
[510.865s][info][gc          ] GC(997) Pause Cleanup 82M->82M(256M) 0.044ms
[510.865s][info][gc,cpu      ] GC(997) User=0.00s Sys=0.00s Real=0.00s
[510.867s][info][gc,marking  ] GC(997) Concurrent Clear Claimed Marks
[510.867s][info][gc,marking  ] GC(997) Concurrent Clear Claimed Marks 0.050ms
[510.867s][info][gc,marking  ] GC(997) Concurrent Cleanup for Next Mark
[510.868s][info][gc,marking  ] GC(997) Concurrent Cleanup for Next Mark 0.788ms
[510.868s][info][gc          ] GC(997) Concurrent Mark Cycle 112.891ms
[511.354s][info][gc,start    ] GC(998) Pause Young (Prepare Mixed) (G1 Evacuation Pause)
[511.354s][info][gc,task     ] GC(998) Using 2 workers of 2 for evacuation
[511.368s][info][gc,phases   ] GC(998)   Pre Evacuate Collection Set: 0.17ms
[511.368s][info][gc,phases   ] GC(998)   Merge Heap Roots: 0.11ms
[511.368s][info][gc,phases   ] GC(998)   Evacuate Collection Set: 13.20ms
[511.368s][info][gc,phases   ] GC(998)   Post Evacuate Collection Set: 0.43ms
[511.368s][info][gc,phases   ] GC(998)   Other: 0.07ms
[511.368s][info][gc,heap     ] GC(998) Eden regions: 146->0(140)
[511.369s][info][gc,heap     ] GC(998) Survivor regions: 6->13(19)
[511.369s][info][gc,heap     ] GC(998) Old regions: 52->52
[511.369s][info][gc,heap     ] GC(998) Humongous regions: 15->3
[511.369s][info][gc,metaspace] GC(998) Metaspace: 43095K(43520K)->43095K(43520K) NonClass: 38752K(38976K)->38752K(38976K) Class: 4343K(4544K)->4343K(4544K)
[511.369s][info][gc          ] GC(998) Pause Young (Prepare Mixed) (G1 Evacuation Pause) 218M->67M(256M) 14.159ms
[511.369s][info][gc,cpu      ] GC(998) User=0.02s Sys=0.00s Real=0.02s
[511.942s][info][gc,start    ] GC(999) Pause Young (Mixed) (G1 Evacuation Pause)
[511.943s][info][gc,task     ] GC(999) Using 2 workers of 2 for evacuation
[511.958s][info][gc,phases   ] GC(999)   Pre Evacuate Collection Set: 0.18ms
[511.958s][info][gc,phases   ] GC(999)   Merge Heap Roots: 0.10ms
[511.958s][info][gc,phases   ] GC(999)   Evacuate Collection Set: 14.91ms
[511.958s][info][gc,phases   ] GC(999)   Post Evacuate Collection Set: 0.41ms
[511.958s][info][gc,phases   ] GC(999)   Other: 0.07ms
[511.958s][info][gc,heap     ] GC(999) Eden regions: 140->0(145)
[511.958s][info][gc,heap     ] GC(999) Survivor regions: 13->8(20)
[511.958s][info][gc,heap     ] GC(999) Old regions: 52->55
[511.958s][info][gc,heap     ] GC(999) Humongous regions: 13->3
[511.958s][info][gc,metaspace] GC(999) Metaspace: 43095K(43520K)->43095K(43520K) NonClass: 38752K(38976K)->38752K(38976K) Class: 4343K(4544K)->4343K(4544K)
[511.958s][info][gc          ] GC(999) Pause Young (Mixed) (G1 Evacuation Pause) 217M->65M(256M) 15.861ms
[511.958s][info][gc,cpu      ] GC(999) User=0.03s Sys=0.00s Real=0.02s
[512.009s][info][gc,start    ] GC(1000) Pause Young (Concurrent Start) (G1 Humongous Allocation)
[512.009s][info][gc,task     ] GC(1000) Using 2 workers of 2 for evacuation
[512.011s][info][gc,phases   ] GC(1000)   Pre Evacuate Collection Set: 0.18ms
[512.011s][info][gc,phases   ] GC(1000)   Merge Heap Roots: 0.04ms
[512.011s][info][gc,phases   ] GC(1000)   Evacuate Collection Set: 2.07ms
[512.011s][info][gc,phases   ] GC(1000)   Post Evacuate Collection Set: 0.26ms
[512.011s][info][gc,phases   ] GC(1000)   Other: 0.07ms
[512.011s][info][gc,heap     ] GC(1000) Eden regions: 11->0(150)
[512.011s][info][gc,heap     ] GC(1000) Survivor regions: 8->3(20)
[512.011s][info][gc,heap     ] GC(1000) Old regions: 55->55
[512.011s][info][gc,heap     ] GC(1000) Humongous regions: 3->1
[512.011s][info][gc,metaspace] GC(1000) Metaspace: 43095K(43520K)->43095K(43520K) NonClass: 38752K(38976K)->38752K(38976K) Class: 4343K(4544K)->4343K(4544K)
[512.011s][info][gc          ] GC(1000) Pause Young (Concurrent Start) (G1 Humongous Allocation) 76M->58M(256M) 2.780ms
[512.012s][info][gc          ] GC(1001) Concurrent Mark Cycle
[512.012s][info][gc,marking  ] GC(1001) Concurrent Scan Root Regions
[512.012s][info][gc,cpu      ] GC(1000) User=0.01s Sys=0.00s Real=0.00s
[512.014s][info][gc,marking  ] GC(1001) Concurrent Scan Root Regions 2.392ms
[512.014s][info][gc,marking  ] GC(1001) Concurrent Mark
[512.014s][info][gc,marking  ] GC(1001) Concurrent Mark From Roots
[512.014s][info][gc,task     ] GC(1001) Using 1 workers of 1 for marking
[512.060s][info][gc,marking  ] GC(1001) Concurrent Mark From Roots 45.658ms
[512.060s][info][gc,marking  ] GC(1001) Concurrent Preclean
[512.060s][info][gc,marking  ] GC(1001) Concurrent Preclean 0.035ms
[512.060s][info][gc,start    ] GC(1001) Pause Remark
[512.077s][info][gc          ] GC(1001) Pause Remark 67M->61M(256M) 16.984ms
[512.077s][info][gc,cpu      ] GC(1001) User=0.04s Sys=0.00s Real=0.02s
[512.079s][info][gc,marking  ] GC(1001) Concurrent Mark 64.570ms
[512.079s][info][gc,marking  ] GC(1001) Concurrent Rebuild Remembered Sets and Scrub Regions
[512.098s][info][gc,marking  ] GC(1001) Concurrent Rebuild Remembered Sets and Scrub Regions 18.952ms
[512.098s][info][gc,start    ] GC(1001) Pause Cleanup
[512.098s][info][gc          ] GC(1001) Pause Cleanup 65M->65M(256M) 0.042ms
[512.098s][info][gc,cpu      ] GC(1001) User=0.00s Sys=0.00s Real=0.00s
[512.098s][info][gc,marking  ] GC(1001) Concurrent Clear Claimed Marks
[512.098s][info][gc,marking  ] GC(1001) Concurrent Clear Claimed Marks 0.033ms
[512.098s][info][gc,marking  ] GC(1001) Concurrent Cleanup for Next Mark
[512.099s][info][gc,marking  ] GC(1001) Concurrent Cleanup for Next Mark 0.788ms
[512.100s][info][gc          ] GC(1001) Concurrent Mark Cycle 88.025ms
[512.629s][info][gc,start    ] GC(1002) Pause Young (Prepare Mixed) (G1 Evacuation Pause)
[512.630s][info][gc,task     ] GC(1002) Using 2 workers of 2 for evacuation
[512.652s][info][gc,phases   ] GC(1002)   Pre Evacuate Collection Set: 0.15ms
[512.652s][info][gc,phases   ] GC(1002)   Merge Heap Roots: 0.08ms
[512.652s][info][gc,phases   ] GC(1002)   Evacuate Collection Set: 21.62ms
[512.652s][info][gc,phases   ] GC(1002)   Post Evacuate Collection Set: 0.46ms
[512.652s][info][gc,phases   ] GC(1002)   Other: 0.08ms
[512.652s][info][gc,heap     ] GC(1002) Eden regions: 150->0(133)
[512.652s][info][gc,heap     ] GC(1002) Survivor regions: 3->20(20)
[512.652s][info][gc,heap     ] GC(1002) Old regions: 49->54
[512.652s][info][gc,heap     ] GC(1002) Humongous regions: 5->3
[512.652s][info][gc,metaspace] GC(1002) Metaspace: 43095K(43520K)->43095K(43520K) NonClass: 38752K(38976K)->38752K(38976K) Class: 4343K(4544K)->4343K(4544K)
[512.652s][info][gc          ] GC(1002) Pause Young (Prepare Mixed) (G1 Evacuation Pause) 206M->76M(256M) 22.591ms
[512.652s][info][gc,cpu      ] GC(1002) User=0.04s Sys=0.00s Real=0.02s
[513.255s][info][gc,start    ] GC(1003) Pause Young (Mixed) (G1 Evacuation Pause)
[513.255s][info][gc,task     ] GC(1003) Using 2 workers of 2 for evacuation
[513.285s][info][gc,phases   ] GC(1003)   Pre Evacuate Collection Set: 0.16ms
[513.285s][info][gc,phases   ] GC(1003)   Merge Heap Roots: 0.12ms
[513.285s][info][gc,phases   ] GC(1003)   Evacuate Collection Set: 28.54ms
[513.285s][info][gc,phases   ] GC(1003)   Post Evacuate Collection Set: 0.67ms
[513.285s][info][gc,phases   ] GC(1003)   Other: 0.10ms
[513.285s][info][gc,heap     ] GC(1003) Eden regions: 133->0(153)
[513.285s][info][gc,heap     ] GC(1003) Survivor regions: 20->18(20)
[513.285s][info][gc,heap     ] GC(1003) Old regions: 54->59
[513.285s][info][gc,heap     ] GC(1003) Humongous regions: 3->3
[513.285s][info][gc,metaspace] GC(1003) Metaspace: 43095K(43520K)->43095K(43520K) NonClass: 38752K(38976K)->38752K(38976K) Class: 4343K(4544K)->4343K(4544K)
[513.285s][info][gc          ] GC(1003) Pause Young (Mixed) (G1 Evacuation Pause) 209M->79M(285M) 29.784ms
[513.285s][info][gc,cpu      ] GC(1003) User=0.06s Sys=0.00s Real=0.03s
[513.400s][info][gc,start    ] GC(1004) Pause Young (Concurrent Start) (G1 Humongous Allocation)
[513.400s][info][gc,task     ] GC(1004) Using 2 workers of 2 for evacuation
[513.426s][info][gc,phases   ] GC(1004)   Pre Evacuate Collection Set: 0.18ms
[513.426s][info][gc,phases   ] GC(1004)   Merge Heap Roots: 0.11ms
[513.426s][info][gc,phases   ] GC(1004)   Evacuate Collection Set: 25.17ms
[513.426s][info][gc,phases   ] GC(1004)   Post Evacuate Collection Set: 0.34ms
[513.426s][info][gc,phases   ] GC(1004)   Other: 0.08ms
[513.426s][info][gc,heap     ] GC(1004) Eden regions: 25->0(148)
[513.426s][info][gc,heap     ] GC(1004) Survivor regions: 18->6(22)
[513.426s][info][gc,heap     ] GC(1004) Old regions: 59->76
[513.426s][info][gc,heap     ] GC(1004) Humongous regions: 3->1
[513.426s][info][gc,metaspace] GC(1004) Metaspace: 43095K(43520K)->43095K(43520K) NonClass: 38752K(38976K)->38752K(38976K) Class: 4343K(4544K)->4343K(4544K)
[513.426s][info][gc          ] GC(1004) Pause Young (Concurrent Start) (G1 Humongous Allocation) 104M->83M(285M) 26.086ms
[513.426s][info][gc,cpu      ] GC(1004) User=0.04s Sys=0.00s Real=0.03s
[513.426s][info][gc          ] GC(1005) Concurrent Mark Cycle
[513.426s][info][gc,marking  ] GC(1005) Concurrent Scan Root Regions
[513.453s][info][gc,marking  ] GC(1005) Concurrent Scan Root Regions 26.732ms
[513.453s][info][gc,marking  ] GC(1005) Concurrent Mark
[513.453s][info][gc,marking  ] GC(1005) Concurrent Mark From Roots
[513.453s][info][gc,task     ] GC(1005) Using 1 workers of 1 for marking
[513.521s][info][gc,marking  ] GC(1005) Concurrent Mark From Roots 67.818ms
[513.521s][info][gc,marking  ] GC(1005) Concurrent Preclean
[513.521s][info][gc,marking  ] GC(1005) Concurrent Preclean 0.036ms
[513.521s][info][gc,start    ] GC(1005) Pause Remark
[513.537s][info][gc          ] GC(1005) Pause Remark 110M->110M(284M) 15.885ms
[513.537s][info][gc,cpu      ] GC(1005) User=0.03s Sys=0.00s Real=0.02s
[513.537s][info][gc,marking  ] GC(1005) Concurrent Mark 83.994ms
[513.537s][info][gc,marking  ] GC(1005) Concurrent Rebuild Remembered Sets and Scrub Regions
[513.578s][info][gc,marking  ] GC(1005) Concurrent Rebuild Remembered Sets and Scrub Regions 41.593ms
[513.579s][info][gc,start    ] GC(1005) Pause Cleanup
[513.579s][info][gc          ] GC(1005) Pause Cleanup 118M->118M(284M) 0.049ms
[513.579s][info][gc,cpu      ] GC(1005) User=0.00s Sys=0.00s Real=0.00s
[513.579s][info][gc,marking  ] GC(1005) Concurrent Clear Claimed Marks
[513.579s][info][gc,marking  ] GC(1005) Concurrent Clear Claimed Marks 0.037ms
[513.579s][info][gc,marking  ] GC(1005) Concurrent Cleanup for Next Mark
[513.580s][info][gc,marking  ] GC(1005) Concurrent Cleanup for Next Mark 1.174ms
[513.580s][info][gc          ] GC(1005) Concurrent Mark Cycle 153.874ms
[514.027s][info][gc,start    ] GC(1006) Pause Young (Prepare Mixed) (G1 Evacuation Pause)
[514.027s][info][gc,task     ] GC(1006) Using 2 workers of 2 for evacuation
[514.037s][info][gc,phases   ] GC(1006)   Pre Evacuate Collection Set: 0.16ms
[514.037s][info][gc,phases   ] GC(1006)   Merge Heap Roots: 0.12ms
[514.037s][info][gc,phases   ] GC(1006)   Evacuate Collection Set: 8.61ms
[514.037s][info][gc,phases   ] GC(1006)   Post Evacuate Collection Set: 0.40ms
[514.037s][info][gc,phases   ] GC(1006)   Other: 0.07ms
[514.037s][info][gc,heap     ] GC(1006) Eden regions: 148->0(151)
[514.037s][info][gc,heap     ] GC(1006) Survivor regions: 6->9(20)
[514.037s][info][gc,heap     ] GC(1006) Old regions: 76->76
[514.037s][info][gc,heap     ] GC(1006) Humongous regions: 7->3
[514.037s][info][gc,metaspace] GC(1006) Metaspace: 43095K(43520K)->43095K(43520K) NonClass: 38752K(38976K)->38752K(38976K) Class: 4343K(4544K)->4343K(4544K)
[514.037s][info][gc          ] GC(1006) Pause Young (Prepare Mixed) (G1 Evacuation Pause) 237M->87M(284M) 9.533ms
[514.037s][info][gc,cpu      ] GC(1006) User=0.02s Sys=0.00s Real=0.01s
[514.608s][info][gc,start    ] GC(1007) Pause Young (Mixed) (G1 Evacuation Pause)
[514.608s][info][gc,task     ] GC(1007) Using 2 workers of 2 for evacuation
[514.622s][info][gc,phases   ] GC(1007)   Pre Evacuate Collection Set: 0.16ms
[514.622s][info][gc,phases   ] GC(1007)   Merge Heap Roots: 0.15ms
[514.622s][info][gc,phases   ] GC(1007)   Evacuate Collection Set: 12.77ms
[514.622s][info][gc,phases   ] GC(1007)   Post Evacuate Collection Set: 0.41ms
[514.622s][info][gc,phases   ] GC(1007)   Other: 0.07ms
[514.622s][info][gc,heap     ] GC(1007) Eden regions: 151->0(160)
[514.622s][info][gc,heap     ] GC(1007) Survivor regions: 9->9(20)
[514.622s][info][gc,heap     ] GC(1007) Old regions: 76->73
[514.622s][info][gc,heap     ] GC(1007) Humongous regions: 13->3
[514.622s][info][gc,metaspace] GC(1007) Metaspace: 43095K(43520K)->43095K(43520K) NonClass: 38752K(38976K)->38752K(38976K) Class: 4343K(4544K)->4343K(4544K)
[514.622s][info][gc          ] GC(1007) Pause Young (Mixed) (G1 Evacuation Pause) 248M->84M(284M) 13.738ms
[514.622s][info][gc,cpu      ] GC(1007) User=0.03s Sys=0.00s Real=0.01s
[515.082s][info][gc,start    ] GC(1008) Pause Young (Concurrent Start) (G1 Humongous Allocation)
[515.082s][info][gc,task     ] GC(1008) Using 2 workers of 2 for evacuation
[515.091s][info][gc,phases   ] GC(1008)   Pre Evacuate Collection Set: 0.18ms
[515.091s][info][gc,phases   ] GC(1008)   Merge Heap Roots: 0.07ms
[515.091s][info][gc,phases   ] GC(1008)   Evacuate Collection Set: 8.47ms
[515.091s][info][gc,phases   ] GC(1008)   Post Evacuate Collection Set: 0.36ms
[515.091s][info][gc,phases   ] GC(1008)   Other: 0.10ms
[515.091s][info][gc,heap     ] GC(1008) Eden regions: 112->0(162)
[515.091s][info][gc,heap     ] GC(1008) Survivor regions: 9->8(22)
[515.092s][info][gc,heap     ] GC(1008) Old regions: 73->73
[515.092s][info][gc,heap     ] GC(1008) Humongous regions: 3->1
[515.092s][info][gc,metaspace] GC(1008) Metaspace: 43095K(43520K)->43095K(43520K) NonClass: 38752K(38976K)->38752K(38976K) Class: 4343K(4544K)->4343K(4544K)
[515.092s][info][gc          ] GC(1008) Pause Young (Concurrent Start) (G1 Humongous Allocation) 196M->81M(284M) 9.349ms
[515.092s][info][gc,cpu      ] GC(1008) User=0.02s Sys=0.00s Real=0.01s
[515.092s][info][gc          ] GC(1009) Concurrent Mark Cycle
[515.092s][info][gc,marking  ] GC(1009) Concurrent Scan Root Regions
[515.104s][info][gc,marking  ] GC(1009) Concurrent Scan Root Regions 11.994ms
[515.104s][info][gc,marking  ] GC(1009) Concurrent Mark
[515.104s][info][gc,marking  ] GC(1009) Concurrent Mark From Roots
[515.104s][info][gc,task     ] GC(1009) Using 1 workers of 1 for marking
[515.188s][info][gc,marking  ] GC(1009) Concurrent Mark From Roots 84.338ms
[515.188s][info][gc,marking  ] GC(1009) Concurrent Preclean
[515.188s][info][gc,marking  ] GC(1009) Concurrent Preclean 0.035ms
[515.188s][info][gc,start    ] GC(1009) Pause Remark
[515.204s][info][gc          ] GC(1009) Pause Remark 107M->107M(280M) 15.683ms
[515.204s][info][gc,cpu      ] GC(1009) User=0.03s Sys=0.00s Real=0.01s
[515.206s][info][gc,marking  ] GC(1009) Concurrent Mark 102.283ms
[515.206s][info][gc,marking  ] GC(1009) Concurrent Rebuild Remembered Sets and Scrub Regions
[515.240s][info][gc,marking  ] GC(1009) Concurrent Rebuild Remembered Sets and Scrub Regions 34.470ms
[515.241s][info][gc,start    ] GC(1009) Pause Cleanup
[515.241s][info][gc          ] GC(1009) Pause Cleanup 115M->115M(280M) 0.048ms
[515.241s][info][gc,cpu      ] GC(1009) User=0.00s Sys=0.00s Real=0.00s
[515.241s][info][gc,marking  ] GC(1009) Concurrent Clear Claimed Marks
[515.241s][info][gc,marking  ] GC(1009) Concurrent Clear Claimed Marks 0.037ms
[515.241s][info][gc,marking  ] GC(1009) Concurrent Cleanup for Next Mark
[515.242s][info][gc,marking  ] GC(1009) Concurrent Cleanup for Next Mark 0.838ms
[515.242s][info][gc          ] GC(1009) Concurrent Mark Cycle 149.949ms
[515.716s][info][gc,start    ] GC(1010) Pause Young (Prepare Mixed) (G1 Evacuation Pause)
[515.716s][info][gc,task     ] GC(1010) Using 2 workers of 2 for evacuation
[515.733s][info][gc,phases   ] GC(1010)   Pre Evacuate Collection Set: 0.18ms
[515.733s][info][gc,phases   ] GC(1010)   Merge Heap Roots: 0.09ms
[515.733s][info][gc,phases   ] GC(1010)   Evacuate Collection Set: 16.02ms
[515.733s][info][gc,phases   ] GC(1010)   Post Evacuate Collection Set: 0.44ms
[515.733s][info][gc,phases   ] GC(1010)   Other: 0.07ms
[515.733s][info][gc,heap     ] GC(1010) Eden regions: 160->0(152)
[515.733s][info][gc,heap     ] GC(1010) Survivor regions: 8->16(21)
[515.733s][info][gc,heap     ] GC(1010) Old regions: 73->73
[515.733s][info][gc,heap     ] GC(1010) Humongous regions: 9->3
[515.733s][info][gc,metaspace] GC(1010) Metaspace: 43095K(43520K)->43095K(43520K) NonClass: 38752K(38976K)->38752K(38976K) Class: 4343K(4544K)->4343K(4544K)
[515.733s][info][gc          ] GC(1010) Pause Young (Prepare Mixed) (G1 Evacuation Pause) 249M->91M(280M) 16.961ms
[515.733s][info][gc,cpu      ] GC(1010) User=0.03s Sys=0.00s Real=0.01s
[516.284s][info][gc,start    ] GC(1011) Pause Young (Mixed) (G1 Evacuation Pause)
[516.284s][info][gc,task     ] GC(1011) Using 2 workers of 2 for evacuation
[516.306s][info][gc,phases   ] GC(1011)   Pre Evacuate Collection Set: 0.17ms
[516.306s][info][gc,phases   ] GC(1011)   Merge Heap Roots: 0.17ms
[516.306s][info][gc,phases   ] GC(1011)   Evacuate Collection Set: 21.06ms
[516.306s][info][gc,phases   ] GC(1011)   Post Evacuate Collection Set: 0.46ms
[516.306s][info][gc,phases   ] GC(1011)   Other: 0.07ms
[516.306s][info][gc,heap     ] GC(1011) Eden regions: 152->0(156)
[516.306s][info][gc,heap     ] GC(1011) Survivor regions: 16->12(21)
[516.306s][info][gc,heap     ] GC(1011) Old regions: 73->70
[516.306s][info][gc,heap     ] GC(1011) Humongous regions: 7->3
[516.306s][info][gc,metaspace] GC(1011) Metaspace: 43095K(43520K)->43095K(43520K) NonClass: 38752K(38976K)->38752K(38976K) Class: 4343K(4544K)->4343K(4544K)
[516.306s][info][gc          ] GC(1011) Pause Young (Mixed) (G1 Evacuation Pause) 247M->83M(280M) 22.101ms
[516.306s][info][gc,cpu      ] GC(1011) User=0.04s Sys=0.00s Real=0.03s
[516.509s][info][gc,start    ] GC(1012) Pause Young (Concurrent Start) (G1 Humongous Allocation)
[516.509s][info][gc,task     ] GC(1012) Using 2 workers of 2 for evacuation
[516.514s][info][gc,phases   ] GC(1012)   Pre Evacuate Collection Set: 0.19ms
[516.514s][info][gc,phases   ] GC(1012)   Merge Heap Roots: 0.05ms
[516.514s][info][gc,phases   ] GC(1012)   Evacuate Collection Set: 3.76ms
[516.514s][info][gc,phases   ] GC(1012)   Post Evacuate Collection Set: 0.28ms
[516.514s][info][gc,phases   ] GC(1012)   Other: 0.09ms
[516.514s][info][gc,heap     ] GC(1012) Eden regions: 42->0(164)
[516.514s][info][gc,heap     ] GC(1012) Survivor regions: 12->4(21)
[516.514s][info][gc,heap     ] GC(1012) Old regions: 70->71
[516.514s][info][gc,heap     ] GC(1012) Humongous regions: 3->1
[516.514s][info][gc,metaspace] GC(1012) Metaspace: 43095K(43520K)->43095K(43520K) NonClass: 38752K(38976K)->38752K(38976K) Class: 4343K(4544K)->4343K(4544K)
[516.514s][info][gc          ] GC(1012) Pause Young (Concurrent Start) (G1 Humongous Allocation) 125M->74M(280M) 4.531ms
[516.514s][info][gc          ] GC(1013) Concurrent Mark Cycle
[516.514s][info][gc,marking  ] GC(1013) Concurrent Scan Root Regions
[516.514s][info][gc,cpu      ] GC(1012) User=0.01s Sys=0.00s Real=0.00s
[516.524s][info][gc,marking  ] GC(1013) Concurrent Scan Root Regions 10.530ms
[516.524s][info][gc,marking  ] GC(1013) Concurrent Mark
[516.524s][info][gc,marking  ] GC(1013) Concurrent Mark From Roots
[516.524s][info][gc,task     ] GC(1013) Using 1 workers of 1 for marking
[516.589s][info][gc,marking  ] GC(1013) Concurrent Mark From Roots 64.920ms
[516.589s][info][gc,marking  ] GC(1013) Concurrent Preclean
[516.589s][info][gc,marking  ] GC(1013) Concurrent Preclean 0.034ms
[516.589s][info][gc,start    ] GC(1013) Pause Remark
[516.605s][info][gc          ] GC(1013) Pause Remark 92M->88M(256M) 15.496ms
[516.605s][info][gc,cpu      ] GC(1013) User=0.03s Sys=0.00s Real=0.02s
[516.606s][info][gc,marking  ] GC(1013) Concurrent Mark 81.582ms
[516.606s][info][gc,marking  ] GC(1013) Concurrent Rebuild Remembered Sets and Scrub Regions
[516.628s][info][gc,marking  ] GC(1013) Concurrent Rebuild Remembered Sets and Scrub Regions 21.780ms
[516.628s][info][gc,start    ] GC(1013) Pause Cleanup
[516.628s][info][gc          ] GC(1013) Pause Cleanup 91M->91M(256M) 0.058ms
[516.628s][info][gc,cpu      ] GC(1013) User=0.00s Sys=0.00s Real=0.00s
[516.628s][info][gc,marking  ] GC(1013) Concurrent Clear Claimed Marks
[516.628s][info][gc,marking  ] GC(1013) Concurrent Clear Claimed Marks 0.035ms
[516.628s][info][gc,marking  ] GC(1013) Concurrent Cleanup for Next Mark
[516.629s][info][gc,marking  ] GC(1013) Concurrent Cleanup for Next Mark 0.728ms
[516.629s][info][gc          ] GC(1013) Concurrent Mark Cycle 115.006ms
[517.041s][info][gc,start    ] GC(1014) Pause Young (Prepare Mixed) (G1 Evacuation Pause)
[517.041s][info][gc,task     ] GC(1014) Using 2 workers of 2 for evacuation
[517.064s][info][gc,phases   ] GC(1014)   Pre Evacuate Collection Set: 0.16ms
[517.064s][info][gc,phases   ] GC(1014)   Merge Heap Roots: 0.07ms
[517.064s][info][gc,phases   ] GC(1014)   Evacuate Collection Set: 22.12ms
[517.064s][info][gc,phases   ] GC(1014)   Post Evacuate Collection Set: 0.45ms
[517.064s][info][gc,phases   ] GC(1014)   Other: 0.08ms
[517.064s][info][gc,heap     ] GC(1014) Eden regions: 149->0(117)
[517.064s][info][gc,heap     ] GC(1014) Survivor regions: 4->20(20)
[517.064s][info][gc,heap     ] GC(1014) Old regions: 67->75
[517.064s][info][gc,heap     ] GC(1014) Humongous regions: 7->3
[517.064s][info][gc,metaspace] GC(1014) Metaspace: 43095K(43520K)->43095K(43520K) NonClass: 38752K(38976K)->38752K(38976K) Class: 4343K(4544K)->4343K(4544K)
[517.064s][info][gc          ] GC(1014) Pause Young (Prepare Mixed) (G1 Evacuation Pause) 225M->96M(256M) 23.084ms
[517.064s][info][gc,cpu      ] GC(1014) User=0.05s Sys=0.00s Real=0.02s
[517.499s][info][gc,start    ] GC(1015) Pause Young (Mixed) (G1 Evacuation Pause)
[517.499s][info][gc,task     ] GC(1015) Using 2 workers of 2 for evacuation
[517.546s][info][gc,phases   ] GC(1015)   Pre Evacuate Collection Set: 0.17ms
[517.546s][info][gc,phases   ] GC(1015)   Merge Heap Roots: 0.16ms
[517.546s][info][gc,phases   ] GC(1015)   Evacuate Collection Set: 46.02ms
[517.546s][info][gc,phases   ] GC(1015)   Post Evacuate Collection Set: 0.51ms
[517.546s][info][gc,phases   ] GC(1015)   Other: 0.08ms
[517.546s][info][gc,heap     ] GC(1015) Eden regions: 117->0(105)
[517.546s][info][gc,heap     ] GC(1015) Survivor regions: 20->18(18)
[517.546s][info][gc,heap     ] GC(1015) Old regions: 75->80
[517.546s][info][gc,heap     ] GC(1015) Humongous regions: 3->3
[517.546s][info][gc,metaspace] GC(1015) Metaspace: 43095K(43520K)->43095K(43520K) NonClass: 38752K(38976K)->38752K(38976K) Class: 4343K(4544K)->4343K(4544K)
[517.546s][info][gc          ] GC(1015) Pause Young (Mixed) (G1 Evacuation Pause) 213M->100M(257M) 47.122ms
[517.546s][info][gc,cpu      ] GC(1015) User=0.09s Sys=0.00s Real=0.05s
[518.085s][info][gc,start    ] GC(1016) Pause Young (Concurrent Start) (G1 Evacuation Pause)
[518.085s][info][gc,task     ] GC(1016) Using 2 workers of 2 for evacuation
[518.145s][info][gc,phases   ] GC(1016)   Pre Evacuate Collection Set: 0.18ms
[518.145s][info][gc,phases   ] GC(1016)   Merge Heap Roots: 0.28ms
[518.145s][info][gc,phases   ] GC(1016)   Evacuate Collection Set: 59.52ms
[518.145s][info][gc,phases   ] GC(1016)   Post Evacuate Collection Set: 0.45ms
[518.145s][info][gc,phases   ] GC(1016)   Other: 0.09ms
[518.145s][info][gc,heap     ] GC(1016) Eden regions: 105->0(79)
[518.145s][info][gc,heap     ] GC(1016) Survivor regions: 18->16(16)
[518.145s][info][gc,heap     ] GC(1016) Old regions: 80->113
[518.145s][info][gc,heap     ] GC(1016) Humongous regions: 3->3
[518.145s][info][gc,metaspace] GC(1016) Metaspace: 43095K(43520K)->43095K(43520K) NonClass: 38752K(38976K)->38752K(38976K) Class: 4343K(4544K)->4343K(4544K)
[518.145s][info][gc          ] GC(1016) Pause Young (Concurrent Start) (G1 Evacuation Pause) 205M->131M(257M) 60.704ms
[518.145s][info][gc,cpu      ] GC(1016) User=0.12s Sys=0.00s Real=0.07s
[518.145s][info][gc          ] GC(1017) Concurrent Mark Cycle
[518.146s][info][gc,marking  ] GC(1017) Concurrent Scan Root Regions
[518.204s][info][gc,marking  ] GC(1017) Concurrent Scan Root Regions 58.125ms
[518.204s][info][gc,marking  ] GC(1017) Concurrent Mark
[518.204s][info][gc,marking  ] GC(1017) Concurrent Mark From Roots
[518.204s][info][gc,task     ] GC(1017) Using 1 workers of 1 for marking
[518.346s][info][gc,marking  ] GC(1017) Concurrent Mark From Roots 142.323ms
[518.346s][info][gc,marking  ] GC(1017) Concurrent Preclean
[518.346s][info][gc,marking  ] GC(1017) Concurrent Preclean 0.049ms
[518.347s][info][gc,start    ] GC(1017) Pause Remark
[518.363s][info][gc          ] GC(1017) Pause Remark 163M->163M(257M) 16.029ms
[518.363s][info][gc,cpu      ] GC(1017) User=0.03s Sys=0.00s Real=0.01s
[518.363s][info][gc,marking  ] GC(1017) Concurrent Mark 158.658ms
[518.363s][info][gc,marking  ] GC(1017) Concurrent Rebuild Remembered Sets and Scrub Regions
[518.500s][info][gc,marking  ] GC(1017) Concurrent Rebuild Remembered Sets and Scrub Regions 137.300ms
[518.504s][info][gc,start    ] GC(1017) Pause Cleanup
[518.504s][info][gc          ] GC(1017) Pause Cleanup 185M->185M(257M) 0.059ms
[518.504s][info][gc,cpu      ] GC(1017) User=0.00s Sys=0.00s Real=0.00s
[518.506s][info][gc,marking  ] GC(1017) Concurrent Clear Claimed Marks
[518.506s][info][gc,marking  ] GC(1017) Concurrent Clear Claimed Marks 0.047ms
[518.506s][info][gc,marking  ] GC(1017) Concurrent Cleanup for Next Mark
[518.508s][info][gc,marking  ] GC(1017) Concurrent Cleanup for Next Mark 1.927ms
[518.508s][info][gc          ] GC(1017) Concurrent Mark Cycle 362.678ms
[518.644s][info][gc,start    ] GC(1018) Pause Young (Prepare Mixed) (G1 Evacuation Pause)
[518.644s][info][gc,task     ] GC(1018) Using 2 workers of 2 for evacuation
[518.692s][info][gc,phases   ] GC(1018)   Pre Evacuate Collection Set: 0.16ms
[518.692s][info][gc,phases   ] GC(1018)   Merge Heap Roots: 0.38ms
[518.692s][info][gc,phases   ] GC(1018)   Evacuate Collection Set: 47.14ms
[518.692s][info][gc,phases   ] GC(1018)   Post Evacuate Collection Set: 0.77ms
[518.692s][info][gc,phases   ] GC(1018)   Other: 0.07ms
[518.692s][info][gc,heap     ] GC(1018) Eden regions: 79->0(89)
[518.693s][info][gc,heap     ] GC(1018) Survivor regions: 16->12(12)
[518.693s][info][gc,heap     ] GC(1018) Old regions: 113->138
[518.693s][info][gc,heap     ] GC(1018) Humongous regions: 3->3
[518.693s][info][gc,metaspace] GC(1018) Metaspace: 43095K(43520K)->43095K(43520K) NonClass: 38752K(38976K)->38752K(38976K) Class: 4343K(4544K)->4343K(4544K)
[518.693s][info][gc          ] GC(1018) Pause Young (Prepare Mixed) (G1 Evacuation Pause) 210M->152M(299M) 48.717ms
[518.693s][info][gc,cpu      ] GC(1018) User=0.10s Sys=0.00s Real=0.05s
[519.102s][info][gc,start    ] GC(1019) Pause Young (Mixed) (G1 Evacuation Pause)
[519.102s][info][gc,task     ] GC(1019) Using 2 workers of 2 for evacuation
[519.152s][info][gc,phases   ] GC(1019)   Pre Evacuate Collection Set: 0.18ms
[519.152s][info][gc,phases   ] GC(1019)   Merge Heap Roots: 0.31ms
[519.152s][info][gc,phases   ] GC(1019)   Evacuate Collection Set: 48.29ms
[519.152s][info][gc,phases   ] GC(1019)   Post Evacuate Collection Set: 0.42ms
[519.152s][info][gc,phases   ] GC(1019)   Other: 0.08ms
[519.152s][info][gc,heap     ] GC(1019) Eden regions: 89->0(78)
[519.152s][info][gc,heap     ] GC(1019) Survivor regions: 12->13(13)
[519.152s][info][gc,heap     ] GC(1019) Old regions: 138->154
[519.152s][info][gc,heap     ] GC(1019) Humongous regions: 5->3
[519.152s][info][gc,metaspace] GC(1019) Metaspace: 43095K(43520K)->43095K(43520K) NonClass: 38752K(38976K)->38752K(38976K) Class: 4343K(4544K)->4343K(4544K)
[519.152s][info][gc          ] GC(1019) Pause Young (Mixed) (G1 Evacuation Pause) 243M->169M(299M) 49.483ms
[519.152s][info][gc,cpu      ] GC(1019) User=0.09s Sys=0.00s Real=0.05s
[519.436s][info][gc,start    ] GC(1020) Pause Young (Concurrent Start) (G1 Humongous Allocation)
[519.436s][info][gc,task     ] GC(1020) Using 2 workers of 2 for evacuation
[519.489s][info][gc,phases   ] GC(1020)   Pre Evacuate Collection Set: 0.23ms
[519.489s][info][gc,phases   ] GC(1020)   Merge Heap Roots: 0.99ms
[519.489s][info][gc,phases   ] GC(1020)   Evacuate Collection Set: 51.53ms
[519.489s][info][gc,phases   ] GC(1020)   Post Evacuate Collection Set: 0.39ms
[519.489s][info][gc,phases   ] GC(1020)   Other: 0.13ms
[519.489s][info][gc,heap     ] GC(1020) Eden regions: 61->0(71)
[519.489s][info][gc,heap     ] GC(1020) Survivor regions: 13->12(12)
[519.489s][info][gc,heap     ] GC(1020) Old regions: 154->170
[519.489s][info][gc,heap     ] GC(1020) Humongous regions: 3->1
[519.489s][info][gc,metaspace] GC(1020) Metaspace: 43095K(43520K)->43095K(43520K) NonClass: 38752K(38976K)->38752K(38976K) Class: 4343K(4544K)->4343K(4544K)
[519.489s][info][gc          ] GC(1020) Pause Young (Concurrent Start) (G1 Humongous Allocation) 230M->182M(299M) 53.448ms
[519.489s][info][gc          ] GC(1021) Concurrent Mark Cycle
[519.489s][info][gc,marking  ] GC(1021) Concurrent Scan Root Regions
[519.490s][info][gc,cpu      ] GC(1020) User=0.07s Sys=0.00s Real=0.05s
[519.518s][info][gc,marking  ] GC(1021) Concurrent Scan Root Regions 28.683ms
[519.518s][info][gc,marking  ] GC(1021) Concurrent Mark
[519.518s][info][gc,marking  ] GC(1021) Concurrent Mark From Roots
[519.518s][info][gc,task     ] GC(1021) Using 1 workers of 1 for marking
[519.642s][info][gc,marking  ] GC(1021) Concurrent Mark From Roots 124.584ms
[519.642s][info][gc,marking  ] GC(1021) Concurrent Preclean
[519.643s][info][gc,marking  ] GC(1021) Concurrent Preclean 0.042ms
[519.643s][info][gc,start    ] GC(1021) Pause Remark
[519.659s][info][gc          ] GC(1021) Pause Remark 202M->201M(307M) 15.969ms
[519.659s][info][gc,cpu      ] GC(1021) User=0.03s Sys=0.00s Real=0.02s
[519.659s][info][gc,marking  ] GC(1021) Concurrent Mark 140.877ms
[519.659s][info][gc,marking  ] GC(1021) Concurrent Rebuild Remembered Sets and Scrub Regions
[519.767s][info][gc,marking  ] GC(1021) Concurrent Rebuild Remembered Sets and Scrub Regions 107.971ms
[519.767s][info][gc,start    ] GC(1021) Pause Cleanup
[519.767s][info][gc          ] GC(1021) Pause Cleanup 214M->214M(307M) 0.097ms
[519.767s][info][gc,cpu      ] GC(1021) User=0.00s Sys=0.00s Real=0.00s
[519.767s][info][gc,marking  ] GC(1021) Concurrent Clear Claimed Marks
[519.768s][info][gc,marking  ] GC(1021) Concurrent Clear Claimed Marks 0.054ms
[519.768s][info][gc,marking  ] GC(1021) Concurrent Cleanup for Next Mark
[519.770s][info][gc,marking  ] GC(1021) Concurrent Cleanup for Next Mark 2.410ms
[519.770s][info][gc          ] GC(1021) Concurrent Mark Cycle 280.881ms
[519.896s][info][gc,start    ] GC(1022) Pause Young (Prepare Mixed) (G1 Evacuation Pause)
[519.896s][info][gc,task     ] GC(1022) Using 2 workers of 2 for evacuation
[519.918s][info][gc,phases   ] GC(1022)   Pre Evacuate Collection Set: 0.19ms
[519.918s][info][gc,phases   ] GC(1022)   Merge Heap Roots: 0.13ms
[519.918s][info][gc,phases   ] GC(1022)   Evacuate Collection Set: 21.15ms
[519.918s][info][gc,phases   ] GC(1022)   Post Evacuate Collection Set: 0.37ms
[519.918s][info][gc,phases   ] GC(1022)   Other: 0.08ms
[519.918s][info][gc,heap     ] GC(1022) Eden regions: 71->0(72)
[519.918s][info][gc,heap     ] GC(1022) Survivor regions: 12->9(11)
[519.918s][info][gc,heap     ] GC(1022) Old regions: 169->181
[519.918s][info][gc,heap     ] GC(1022) Humongous regions: 5->3
[519.918s][info][gc,metaspace] GC(1022) Metaspace: 43095K(43520K)->43095K(43520K) NonClass: 38752K(38976K)->38752K(38976K) Class: 4343K(4544K)->4343K(4544K)
[519.918s][info][gc          ] GC(1022) Pause Young (Prepare Mixed) (G1 Evacuation Pause) 256M->193M(307M) 22.095ms
[519.918s][info][gc,cpu      ] GC(1022) User=0.04s Sys=0.00s Real=0.02s
[520.165s][info][gc,start    ] GC(1023) Pause Young (Mixed) (G1 Evacuation Pause)
[520.165s][info][gc,task     ] GC(1023) Using 2 workers of 2 for evacuation
[520.179s][info][gc,phases   ] GC(1023)   Pre Evacuate Collection Set: 0.19ms
[520.179s][info][gc,phases   ] GC(1023)   Merge Heap Roots: 0.20ms
[520.179s][info][gc,phases   ] GC(1023)   Evacuate Collection Set: 13.21ms
[520.179s][info][gc,phases   ] GC(1023)   Post Evacuate Collection Set: 0.40ms
[520.179s][info][gc,phases   ] GC(1023)   Other: 0.08ms
[520.179s][info][gc,heap     ] GC(1023) Eden regions: 72->0(96)
[520.179s][info][gc,heap     ] GC(1023) Survivor regions: 9->6(11)
[520.179s][info][gc,heap     ] GC(1023) Old regions: 181->154
[520.179s][info][gc,heap     ] GC(1023) Humongous regions: 9->3
[520.179s][info][gc,metaspace] GC(1023) Metaspace: 43095K(43520K)->43095K(43520K) NonClass: 38752K(38976K)->38752K(38976K) Class: 4343K(4544K)->4343K(4544K)
[520.179s][info][gc          ] GC(1023) Pause Young (Mixed) (G1 Evacuation Pause) 271M->163M(307M) 14.238ms
[520.179s][info][gc,cpu      ] GC(1023) User=0.03s Sys=0.00s Real=0.02s
[520.434s][info][gc,start    ] GC(1024) Pause Young (Mixed) (G1 Evacuation Pause)
[520.434s][info][gc,task     ] GC(1024) Using 2 workers of 2 for evacuation
[520.466s][info][gc,phases   ] GC(1024)   Pre Evacuate Collection Set: 0.18ms
[520.466s][info][gc,phases   ] GC(1024)   Merge Heap Roots: 0.32ms
[520.466s][info][gc,phases   ] GC(1024)   Evacuate Collection Set: 30.12ms
[520.466s][info][gc,phases   ] GC(1024)   Post Evacuate Collection Set: 1.45ms
[520.466s][info][gc,phases   ] GC(1024)   Other: 0.10ms
[520.466s][info][gc,heap     ] GC(1024) Eden regions: 96->0(208)
[520.466s][info][gc,heap     ] GC(1024) Survivor regions: 6->13(13)
[520.466s][info][gc,heap     ] GC(1024) Old regions: 154->137
[520.466s][info][gc,heap     ] GC(1024) Humongous regions: 5->3
[520.466s][info][gc,metaspace] GC(1024) Metaspace: 43095K(43520K)->43095K(43520K) NonClass: 38752K(38976K)->38752K(38976K) Class: 4343K(4544K)->4343K(4544K)
[520.466s][info][gc          ] GC(1024) Pause Young (Mixed) (G1 Evacuation Pause) 261M->153M(442M) 32.362ms
[520.466s][info][gc,cpu      ] GC(1024) User=0.06s Sys=0.00s Real=0.04s
[521.255s][info][gc,start    ] GC(1025) Pause Young (Mixed) (G1 Evacuation Pause)
[521.255s][info][gc,task     ] GC(1025) Using 2 workers of 2 for evacuation
[521.325s][info][gc,phases   ] GC(1025)   Pre Evacuate Collection Set: 0.80ms
[521.325s][info][gc,phases   ] GC(1025)   Merge Heap Roots: 1.01ms
[521.325s][info][gc,phases   ] GC(1025)   Evacuate Collection Set: 66.88ms
[521.325s][info][gc,phases   ] GC(1025)   Post Evacuate Collection Set: 0.58ms
[521.325s][info][gc,phases   ] GC(1025)   Other: 0.08ms
[521.325s][info][gc,heap     ] GC(1025) Eden regions: 208->0(193)
[521.325s][info][gc,heap     ] GC(1025) Survivor regions: 13->28(28)
[521.325s][info][gc,heap     ] GC(1025) Old regions: 137->132
[521.325s][info][gc,heap     ] GC(1025) Humongous regions: 5->4
[521.325s][info][gc,metaspace] GC(1025) Metaspace: 43095K(43520K)->43095K(43520K) NonClass: 38752K(38976K)->38752K(38976K) Class: 4343K(4544K)->4343K(4544K)
[521.325s][info][gc          ] GC(1025) Pause Young (Mixed) (G1 Evacuation Pause) 363M->164M(442M) 69.592ms
[521.325s][info][gc,cpu      ] GC(1025) User=0.12s Sys=0.00s Real=0.06s
[521.950s][info][gc,start    ] GC(1026) Pause Young (Normal) (G1 Evacuation Pause)
[521.950s][info][gc,task     ] GC(1026) Using 2 workers of 2 for evacuation
[521.984s][info][gc,phases   ] GC(1026)   Pre Evacuate Collection Set: 0.23ms
[521.984s][info][gc,phases   ] GC(1026)   Merge Heap Roots: 0.13ms
[521.984s][info][gc,phases   ] GC(1026)   Evacuate Collection Set: 33.42ms
[521.984s][info][gc,phases   ] GC(1026)   Post Evacuate Collection Set: 0.48ms
[521.984s][info][gc,phases   ] GC(1026)   Other: 0.09ms
[521.984s][info][gc,heap     ] GC(1026) Eden regions: 193->0(171)
[521.984s][info][gc,heap     ] GC(1026) Survivor regions: 28->28(28)
[521.984s][info][gc,heap     ] GC(1026) Old regions: 132->161
[521.984s][info][gc,heap     ] GC(1026) Humongous regions: 6->4
[521.984s][info][gc,metaspace] GC(1026) Metaspace: 43095K(43520K)->43095K(43520K) NonClass: 38752K(38976K)->38752K(38976K) Class: 4343K(4544K)->4343K(4544K)
[521.984s][info][gc          ] GC(1026) Pause Young (Normal) (G1 Evacuation Pause) 359M->193M(442M) 34.558ms
[521.984s][info][gc,cpu      ] GC(1026) User=0.07s Sys=0.00s Real=0.03s
[522.579s][info][gc,start    ] GC(1027) Pause Young (Normal) (G1 Evacuation Pause)
[522.579s][info][gc,task     ] GC(1027) Using 2 workers of 2 for evacuation
[522.637s][info][gc,phases   ] GC(1027)   Pre Evacuate Collection Set: 0.19ms
[522.637s][info][gc,phases   ] GC(1027)   Merge Heap Roots: 0.10ms
[522.637s][info][gc,phases   ] GC(1027)   Evacuate Collection Set: 56.62ms
[522.637s][info][gc,phases   ] GC(1027)   Post Evacuate Collection Set: 0.51ms
[522.637s][info][gc,phases   ] GC(1027)   Other: 0.08ms
[522.637s][info][gc,heap     ] GC(1027) Eden regions: 171->0(108)
[522.637s][info][gc,heap     ] GC(1027) Survivor regions: 28->25(25)
[522.637s][info][gc,heap     ] GC(1027) Old regions: 161->215
[522.637s][info][gc,heap     ] GC(1027) Humongous regions: 4->4
[522.637s][info][gc,metaspace] GC(1027) Metaspace: 43095K(43520K)->43095K(43520K) NonClass: 38752K(38976K)->38752K(38976K) Class: 4343K(4544K)->4343K(4544K)
[522.637s][info][gc          ] GC(1027) Pause Young (Normal) (G1 Evacuation Pause) 364M->243M(443M) 57.708ms
[522.637s][info][gc,cpu      ] GC(1027) User=0.11s Sys=0.00s Real=0.06s
[522.751s][info][gc,start    ] GC(1028) Pause Young (Concurrent Start) (G1 Humongous Allocation)
[522.751s][info][gc,task     ] GC(1028) Using 2 workers of 2 for evacuation
[522.788s][info][gc,phases   ] GC(1028)   Pre Evacuate Collection Set: 0.28ms
[522.788s][info][gc,phases   ] GC(1028)   Merge Heap Roots: 0.21ms
[522.788s][info][gc,phases   ] GC(1028)   Evacuate Collection Set: 35.92ms
[522.788s][info][gc,phases   ] GC(1028)   Post Evacuate Collection Set: 0.34ms
[522.788s][info][gc,phases   ] GC(1028)   Other: 0.08ms
[522.788s][info][gc,heap     ] GC(1028) Eden regions: 35->0(82)
[522.788s][info][gc,heap     ] GC(1028) Survivor regions: 25->17(17)
[522.788s][info][gc,heap     ] GC(1028) Old regions: 215->242
[522.788s][info][gc,heap     ] GC(1028) Humongous regions: 4->4
[522.788s][info][gc,metaspace] GC(1028) Metaspace: 43095K(43520K)->43095K(43520K) NonClass: 38752K(38976K)->38752K(38976K) Class: 4343K(4544K)->4343K(4544K)
[522.788s][info][gc          ] GC(1028) Pause Young (Concurrent Start) (G1 Humongous Allocation) 278M->263M(443M) 37.027ms
[522.788s][info][gc,cpu      ] GC(1028) User=0.06s Sys=0.00s Real=0.04s
[522.788s][info][gc          ] GC(1029) Concurrent Mark Cycle
[522.788s][info][gc,marking  ] GC(1029) Concurrent Scan Root Regions
[522.805s][info][gc,marking  ] GC(1029) Concurrent Scan Root Regions 16.781ms
[522.805s][info][gc,marking  ] GC(1029) Concurrent Mark
[522.805s][info][gc,marking  ] GC(1029) Concurrent Mark From Roots
[522.805s][info][gc,task     ] GC(1029) Using 1 workers of 1 for marking
[522.878s][info][gc,marking  ] GC(1029) Concurrent Mark From Roots 73.503ms
[522.878s][info][gc,marking  ] GC(1029) Concurrent Preclean
[522.878s][info][gc,marking  ] GC(1029) Concurrent Preclean 0.061ms
[522.878s][info][gc,start    ] GC(1029) Pause Remark
[522.894s][info][gc          ] GC(1029) Pause Remark 282M->200M(443M) 15.476ms
[522.894s][info][gc,cpu      ] GC(1029) User=0.03s Sys=0.00s Real=0.01s
[522.894s][info][gc,marking  ] GC(1029) Concurrent Mark 89.385ms
[522.894s][info][gc,marking  ] GC(1029) Concurrent Rebuild Remembered Sets and Scrub Regions
[522.941s][info][gc,marking  ] GC(1029) Concurrent Rebuild Remembered Sets and Scrub Regions 46.882ms
[522.941s][info][gc,start    ] GC(1029) Pause Cleanup
[522.941s][info][gc          ] GC(1029) Pause Cleanup 210M->210M(443M) 0.075ms
[522.941s][info][gc,cpu      ] GC(1029) User=0.00s Sys=0.00s Real=0.00s
[522.941s][info][gc,marking  ] GC(1029) Concurrent Clear Claimed Marks
[522.941s][info][gc,marking  ] GC(1029) Concurrent Clear Claimed Marks 0.039ms
[522.941s][info][gc,marking  ] GC(1029) Concurrent Cleanup for Next Mark
[522.944s][info][gc,marking  ] GC(1029) Concurrent Cleanup for Next Mark 2.584ms
[522.944s][info][gc          ] GC(1029) Concurrent Mark Cycle 156.080ms
[523.118s][info][gc,start    ] GC(1030) Pause Young (Prepare Mixed) (G1 Evacuation Pause)
[523.118s][info][gc,task     ] GC(1030) Using 2 workers of 2 for evacuation
[523.151s][info][gc,phases   ] GC(1030)   Pre Evacuate Collection Set: 0.21ms
[523.151s][info][gc,phases   ] GC(1030)   Merge Heap Roots: 0.20ms
[523.151s][info][gc,phases   ] GC(1030)   Evacuate Collection Set: 31.81ms
[523.151s][info][gc,phases   ] GC(1030)   Post Evacuate Collection Set: 0.36ms
[523.151s][info][gc,phases   ] GC(1030)   Other: 0.11ms
[523.151s][info][gc,heap     ] GC(1030) Eden regions: 82->0(107)
[523.151s][info][gc,heap     ] GC(1030) Survivor regions: 17->13(13)
[523.151s][info][gc,heap     ] GC(1030) Old regions: 161->196
[523.151s][info][gc,heap     ] GC(1030) Humongous regions: 4->4
[523.151s][info][gc,metaspace] GC(1030) Metaspace: 43095K(43520K)->43095K(43520K) NonClass: 38752K(38976K)->38752K(38976K) Class: 4343K(4544K)->4343K(4544K)
[523.151s][info][gc          ] GC(1030) Pause Young (Prepare Mixed) (G1 Evacuation Pause) 264M->213M(443M) 32.893ms
[523.151s][info][gc,cpu      ] GC(1030) User=0.06s Sys=0.00s Real=0.03s
[523.500s][info][gc,start    ] GC(1031) Pause Young (Mixed) (G1 Evacuation Pause)
[523.500s][info][gc,task     ] GC(1031) Using 2 workers of 2 for evacuation
[523.526s][info][gc,phases   ] GC(1031)   Pre Evacuate Collection Set: 0.23ms
[523.526s][info][gc,phases   ] GC(1031)   Merge Heap Roots: 0.18ms
[523.526s][info][gc,phases   ] GC(1031)   Evacuate Collection Set: 24.17ms
[523.526s][info][gc,phases   ] GC(1031)   Post Evacuate Collection Set: 0.85ms
[523.526s][info][gc,phases   ] GC(1031)   Other: 0.08ms
[523.526s][info][gc,heap     ] GC(1031) Eden regions: 107->0(150)
[523.526s][info][gc,heap     ] GC(1031) Survivor regions: 13->15(15)
[523.526s][info][gc,heap     ] GC(1031) Old regions: 196->172
[523.526s][info][gc,heap     ] GC(1031) Humongous regions: 4->4
[523.526s][info][gc,metaspace] GC(1031) Metaspace: 43095K(43520K)->43095K(43520K) NonClass: 38752K(38976K)->38752K(38976K) Class: 4343K(4544K)->4343K(4544K)
[523.526s][info][gc          ] GC(1031) Pause Young (Mixed) (G1 Evacuation Pause) 320M->190M(498M) 25.709ms
[523.526s][info][gc,cpu      ] GC(1031) User=0.05s Sys=0.00s Real=0.03s
[524.103s][info][gc,start    ] GC(1032) Pause Young (Mixed) (G1 Evacuation Pause)
[524.103s][info][gc,task     ] GC(1032) Using 2 workers of 2 for evacuation
[524.171s][info][gc,phases   ] GC(1032)   Pre Evacuate Collection Set: 0.30ms
[524.171s][info][gc,phases   ] GC(1032)   Merge Heap Roots: 0.21ms
[524.171s][info][gc,phases   ] GC(1032)   Evacuate Collection Set: 66.82ms
[524.171s][info][gc,phases   ] GC(1032)   Post Evacuate Collection Set: 0.61ms
[524.171s][info][gc,phases   ] GC(1032)   Other: 0.07ms
[524.171s][info][gc,heap     ] GC(1032) Eden regions: 150->0(111)
[524.171s][info][gc,heap     ] GC(1032) Survivor regions: 15->21(21)
[524.171s][info][gc,heap     ] GC(1032) Old regions: 172->228
[524.171s][info][gc,heap     ] GC(1032) Humongous regions: 5->5
[524.171s][info][gc,metaspace] GC(1032) Metaspace: 43095K(43520K)->43095K(43520K) NonClass: 38752K(38976K)->38752K(38976K) Class: 4343K(4544K)->4343K(4544K)
[524.171s][info][gc          ] GC(1032) Pause Young (Mixed) (G1 Evacuation Pause) 341M->253M(498M) 68.215ms
[524.171s][info][gc,cpu      ] GC(1032) User=0.14s Sys=0.00s Real=0.07s
[524.292s][info][gc,start    ] GC(1033) Pause Young (Concurrent Start) (G1 Humongous Allocation)
[524.292s][info][gc,task     ] GC(1033) Using 2 workers of 2 for evacuation
[524.332s][info][gc,phases   ] GC(1033)   Pre Evacuate Collection Set: 0.26ms
[524.333s][info][gc,phases   ] GC(1033)   Merge Heap Roots: 0.38ms
[524.333s][info][gc,phases   ] GC(1033)   Evacuate Collection Set: 39.00ms
[524.333s][info][gc,phases   ] GC(1033)   Post Evacuate Collection Set: 0.34ms
[524.333s][info][gc,phases   ] GC(1033)   Other: 0.09ms
[524.333s][info][gc,heap     ] GC(1033) Eden regions: 39->0(92)
[524.333s][info][gc,heap     ] GC(1033) Survivor regions: 21->17(17)
[524.333s][info][gc,heap     ] GC(1033) Old regions: 228->256
[524.333s][info][gc,heap     ] GC(1033) Humongous regions: 5->5
[524.333s][info][gc,metaspace] GC(1033) Metaspace: 43095K(43520K)->43095K(43520K) NonClass: 38752K(38976K)->38752K(38976K) Class: 4343K(4544K)->4343K(4544K)
[524.333s][info][gc          ] GC(1033) Pause Young (Concurrent Start) (G1 Humongous Allocation) 292M->278M(498M) 40.283ms
[524.333s][info][gc,cpu      ] GC(1033) User=0.08s Sys=0.00s Real=0.04s
[524.333s][info][gc          ] GC(1034) Concurrent Mark Cycle
[524.333s][info][gc,marking  ] GC(1034) Concurrent Scan Root Regions
[524.351s][info][gc,marking  ] GC(1034) Concurrent Scan Root Regions 18.058ms
[524.351s][info][gc,marking  ] GC(1034) Concurrent Mark
[524.351s][info][gc,marking  ] GC(1034) Concurrent Mark From Roots
[524.351s][info][gc,task     ] GC(1034) Using 1 workers of 1 for marking
[524.476s][info][gc,marking  ] GC(1034) Concurrent Mark From Roots 124.930ms
[524.476s][info][gc,marking  ] GC(1034) Concurrent Preclean
[524.476s][info][gc,marking  ] GC(1034) Concurrent Preclean 0.058ms
[524.476s][info][gc,start    ] GC(1034) Pause Remark
[524.492s][info][gc          ] GC(1034) Pause Remark 313M->263M(498M) 15.982ms
[524.492s][info][gc,cpu      ] GC(1034) User=0.03s Sys=0.00s Real=0.01s
[524.492s][info][gc,marking  ] GC(1034) Concurrent Mark 141.316ms
[524.492s][info][gc,marking  ] GC(1034) Concurrent Rebuild Remembered Sets and Scrub Regions
[524.567s][info][gc,marking  ] GC(1034) Concurrent Rebuild Remembered Sets and Scrub Regions 74.612ms
[524.568s][info][gc,start    ] GC(1034) Pause Cleanup
[524.568s][info][gc          ] GC(1034) Pause Cleanup 280M->280M(498M) 0.096ms
[524.568s][info][gc,cpu      ] GC(1034) User=0.00s Sys=0.00s Real=0.00s
[524.568s][info][gc,marking  ] GC(1034) Concurrent Clear Claimed Marks
[524.568s][info][gc,marking  ] GC(1034) Concurrent Clear Claimed Marks 0.053ms
[524.568s][info][gc,marking  ] GC(1034) Concurrent Cleanup for Next Mark
[524.570s][info][gc,marking  ] GC(1034) Concurrent Cleanup for Next Mark 2.082ms
[524.570s][info][gc          ] GC(1034) Concurrent Mark Cycle 237.684ms
[524.710s][info][gc,start    ] GC(1035) Pause Young (Prepare Mixed) (G1 Evacuation Pause)
[524.710s][info][gc,task     ] GC(1035) Using 2 workers of 2 for evacuation
[524.763s][info][gc,phases   ] GC(1035)   Pre Evacuate Collection Set: 0.28ms
[524.763s][info][gc,phases   ] GC(1035)   Merge Heap Roots: 0.27ms
[524.763s][info][gc,phases   ] GC(1035)   Evacuate Collection Set: 52.19ms
[524.763s][info][gc,phases   ] GC(1035)   Post Evacuate Collection Set: 0.44ms
[524.763s][info][gc,phases   ] GC(1035)   Other: 0.07ms
[524.763s][info][gc,heap     ] GC(1035) Eden regions: 92->0(84)
[524.763s][info][gc,heap     ] GC(1035) Survivor regions: 17->14(14)
[524.763s][info][gc,heap     ] GC(1035) Old regions: 207->270
[524.763s][info][gc,heap     ] GC(1035) Humongous regions: 5->5
[524.763s][info][gc,metaspace] GC(1035) Metaspace: 43095K(43520K)->43095K(43520K) NonClass: 38752K(38976K)->38752K(38976K) Class: 4343K(4544K)->4343K(4544K)
[524.763s][info][gc          ] GC(1035) Pause Young (Prepare Mixed) (G1 Evacuation Pause) 321M->288M(498M) 53.439ms
[524.764s][info][gc,cpu      ] GC(1035) User=0.10s Sys=0.00s Real=0.05s
[525.071s][info][gc,start    ] GC(1036) Pause Young (Mixed) (G1 Evacuation Pause)
[525.071s][info][gc,task     ] GC(1036) Using 2 workers of 2 for evacuation
[525.122s][info][gc,phases   ] GC(1036)   Pre Evacuate Collection Set: 0.28ms
[525.122s][info][gc,phases   ] GC(1036)   Merge Heap Roots: 0.42ms
[525.122s][info][gc,phases   ] GC(1036)   Evacuate Collection Set: 49.64ms
[525.122s][info][gc,phases   ] GC(1036)   Post Evacuate Collection Set: 0.48ms
[525.122s][info][gc,phases   ] GC(1036)   Other: 0.10ms
[525.122s][info][gc,heap     ] GC(1036) Eden regions: 84->0(86)
[525.122s][info][gc,heap     ] GC(1036) Survivor regions: 14->13(13)
[525.122s][info][gc,heap     ] GC(1036) Old regions: 270->266
[525.122s][info][gc,heap     ] GC(1036) Humongous regions: 6->6
[525.122s][info][gc,metaspace] GC(1036) Metaspace: 43095K(43520K)->43095K(43520K) NonClass: 38752K(38976K)->38752K(38976K) Class: 4343K(4544K)->4343K(4544K)
[525.122s][info][gc          ] GC(1036) Pause Young (Mixed) (G1 Evacuation Pause) 373M->285M(498M) 51.124ms
[525.122s][info][gc,cpu      ] GC(1036) User=0.10s Sys=0.00s Real=0.05s
[525.411s][info][gc,start    ] GC(1037) Pause Young (Mixed) (G1 Evacuation Pause)
[525.411s][info][gc,task     ] GC(1037) Using 2 workers of 2 for evacuation
[525.458s][info][gc,phases   ] GC(1037)   Pre Evacuate Collection Set: 0.22ms
[525.458s][info][gc,phases   ] GC(1037)   Merge Heap Roots: 0.37ms
[525.458s][info][gc,phases   ] GC(1037)   Evacuate Collection Set: 45.84ms
[525.458s][info][gc,phases   ] GC(1037)   Post Evacuate Collection Set: 0.39ms
[525.458s][info][gc,phases   ] GC(1037)   Other: 0.07ms
[525.458s][info][gc,heap     ] GC(1037) Eden regions: 86->0(69)
[525.458s][info][gc,heap     ] GC(1037) Survivor regions: 13->13(13)
[525.458s][info][gc,heap     ] GC(1037) Old regions: 266->308
[525.458s][info][gc,heap     ] GC(1037) Humongous regions: 7->7
[525.458s][info][gc,metaspace] GC(1037) Metaspace: 43095K(43520K)->43095K(43520K) NonClass: 38752K(38976K)->38752K(38976K) Class: 4343K(4544K)->4343K(4544K)
[525.458s][info][gc          ] GC(1037) Pause Young (Mixed) (G1 Evacuation Pause) 372M->327M(498M) 47.113ms
[525.458s][info][gc,cpu      ] GC(1037) User=0.09s Sys=0.00s Real=0.05s
[525.694s][info][gc,start    ] GC(1038) Pause Young (Concurrent Start) (G1 Evacuation Pause)
[525.694s][info][gc,task     ] GC(1038) Using 2 workers of 2 for evacuation
[525.712s][info][gc,phases   ] GC(1038)   Pre Evacuate Collection Set: 0.26ms
[525.712s][info][gc,phases   ] GC(1038)   Merge Heap Roots: 0.14ms
[525.712s][info][gc,phases   ] GC(1038)   Evacuate Collection Set: 16.23ms
[525.712s][info][gc,phases   ] GC(1038)   Post Evacuate Collection Set: 1.06ms
[525.712s][info][gc,phases   ] GC(1038)   Other: 0.10ms
[525.712s][info][gc,heap     ] GC(1038) Eden regions: 69->0(115)
[525.712s][info][gc,heap     ] GC(1038) Survivor regions: 13->11(11)
[525.712s][info][gc,heap     ] GC(1038) Old regions: 308->317
[525.712s][info][gc,heap     ] GC(1038) Humongous regions: 7->7
[525.712s][info][gc,metaspace] GC(1038) Metaspace: 43095K(43520K)->43095K(43520K) NonClass: 38752K(38976K)->38752K(38976K) Class: 4343K(4544K)->4343K(4544K)
[525.712s][info][gc          ] GC(1038) Pause Young (Concurrent Start) (G1 Evacuation Pause) 396M->334M(594M) 17.997ms
[525.712s][info][gc,cpu      ] GC(1038) User=0.03s Sys=0.00s Real=0.02s
[525.712s][info][gc          ] GC(1039) Concurrent Mark Cycle
[525.712s][info][gc,marking  ] GC(1039) Concurrent Scan Root Regions
[525.722s][info][gc,marking  ] GC(1039) Concurrent Scan Root Regions 9.210ms
[525.722s][info][gc,marking  ] GC(1039) Concurrent Mark
[525.722s][info][gc,marking  ] GC(1039) Concurrent Mark From Roots
[525.722s][info][gc,task     ] GC(1039) Using 1 workers of 1 for marking
[525.843s][info][gc,marking  ] GC(1039) Concurrent Mark From Roots 121.543ms
[525.843s][info][gc,marking  ] GC(1039) Concurrent Preclean
[525.843s][info][gc,marking  ] GC(1039) Concurrent Preclean 0.058ms
[525.848s][info][gc,start    ] GC(1039) Pause Remark
[525.867s][info][gc          ] GC(1039) Pause Remark 362M->274M(594M) 19.735ms
[525.867s][info][gc,cpu      ] GC(1039) User=0.03s Sys=0.00s Real=0.02s
[525.869s][info][gc,marking  ] GC(1039) Concurrent Mark 147.283ms
[525.869s][info][gc,marking  ] GC(1039) Concurrent Rebuild Remembered Sets and Scrub Regions
[525.934s][info][gc,marking  ] GC(1039) Concurrent Rebuild Remembered Sets and Scrub Regions 64.828ms
[525.934s][info][gc,start    ] GC(1039) Pause Cleanup
[525.934s][info][gc          ] GC(1039) Pause Cleanup 285M->285M(594M) 0.101ms
[525.934s][info][gc,cpu      ] GC(1039) User=0.00s Sys=0.00s Real=0.00s
[525.934s][info][gc,marking  ] GC(1039) Concurrent Clear Claimed Marks
[525.934s][info][gc,marking  ] GC(1039) Concurrent Clear Claimed Marks 0.040ms
[525.934s][info][gc,marking  ] GC(1039) Concurrent Cleanup for Next Mark
[525.937s][info][gc,marking  ] GC(1039) Concurrent Cleanup for Next Mark 2.809ms
[525.937s][info][gc          ] GC(1039) Concurrent Mark Cycle 224.645ms
[526.249s][info][gc,start    ] GC(1040) Pause Young (Prepare Mixed) (G1 Evacuation Pause)
[526.249s][info][gc,task     ] GC(1040) Using 2 workers of 2 for evacuation
[526.257s][info][gc,phases   ] GC(1040)   Pre Evacuate Collection Set: 0.27ms
[526.257s][info][gc,phases   ] GC(1040)   Merge Heap Roots: 0.12ms
[526.257s][info][gc,phases   ] GC(1040)   Evacuate Collection Set: 7.17ms
[526.257s][info][gc,phases   ] GC(1040)   Post Evacuate Collection Set: 0.36ms
[526.257s][info][gc,phases   ] GC(1040)   Other: 0.07ms
[526.257s][info][gc,heap     ] GC(1040) Eden regions: 115->0(173)
[526.257s][info][gc,heap     ] GC(1040) Survivor regions: 11->6(16)
[526.257s][info][gc,heap     ] GC(1040) Old regions: 231->235
[526.257s][info][gc,heap     ] GC(1040) Humongous regions: 5->5
[526.257s][info][gc,metaspace] GC(1040) Metaspace: 43095K(43520K)->43095K(43520K) NonClass: 38752K(38976K)->38752K(38976K) Class: 4343K(4544K)->4343K(4544K)
[526.257s][info][gc          ] GC(1040) Pause Young (Prepare Mixed) (G1 Evacuation Pause) 361M->245M(594M) 8.172ms
[526.257s][info][gc,cpu      ] GC(1040) User=0.02s Sys=0.00s Real=0.01s
[526.864s][info][gc,start    ] GC(1041) Pause Young (Mixed) (G1 Evacuation Pause)
[526.864s][info][gc,task     ] GC(1041) Using 2 workers of 2 for evacuation
[526.873s][info][gc,phases   ] GC(1041)   Pre Evacuate Collection Set: 0.27ms
[526.873s][info][gc,phases   ] GC(1041)   Merge Heap Roots: 0.14ms
[526.873s][info][gc,phases   ] GC(1041)   Evacuate Collection Set: 7.75ms
[526.873s][info][gc,phases   ] GC(1041)   Post Evacuate Collection Set: 0.49ms
[526.873s][info][gc,phases   ] GC(1041)   Other: 0.07ms
[526.873s][info][gc,heap     ] GC(1041) Eden regions: 173->0(216)
[526.873s][info][gc,heap     ] GC(1041) Survivor regions: 6->10(23)
[526.873s][info][gc,heap     ] GC(1041) Old regions: 235->176
[526.873s][info][gc,heap     ] GC(1041) Humongous regions: 6->5
[526.873s][info][gc,metaspace] GC(1041) Metaspace: 43095K(43520K)->43095K(43520K) NonClass: 38752K(38976K)->38752K(38976K) Class: 4343K(4544K)->4343K(4544K)
[526.873s][info][gc          ] GC(1041) Pause Young (Mixed) (G1 Evacuation Pause) 419M->190M(594M) 8.895ms
[526.873s][info][gc,cpu      ] GC(1041) User=0.02s Sys=0.00s Real=0.01s
[527.591s][info][gc,start    ] GC(1042) Pause Young (Mixed) (G1 Evacuation Pause)
[527.592s][info][gc,task     ] GC(1042) Using 2 workers of 2 for evacuation
[527.613s][info][gc,phases   ] GC(1042)   Pre Evacuate Collection Set: 0.28ms
[527.613s][info][gc,phases   ] GC(1042)   Merge Heap Roots: 0.33ms
[527.613s][info][gc,phases   ] GC(1042)   Evacuate Collection Set: 20.07ms
[527.613s][info][gc,phases   ] GC(1042)   Post Evacuate Collection Set: 0.53ms
[527.613s][info][gc,phases   ] GC(1042)   Other: 0.07ms
[527.613s][info][gc,heap     ] GC(1042) Eden regions: 216->0(243)
[527.613s][info][gc,heap     ] GC(1042) Survivor regions: 10->21(29)
[527.613s][info][gc,heap     ] GC(1042) Old regions: 176->139
[527.613s][info][gc,heap     ] GC(1042) Humongous regions: 8->6
[527.613s][info][gc,metaspace] GC(1042) Metaspace: 43095K(43520K)->43095K(43520K) NonClass: 38752K(38976K)->38752K(38976K) Class: 4343K(4544K)->4343K(4544K)
[527.613s][info][gc          ] GC(1042) Pause Young (Mixed) (G1 Evacuation Pause) 409M->166M(594M) 21.507ms
[527.613s][info][gc,cpu      ] GC(1042) User=0.04s Sys=0.00s Real=0.02s
[528.429s][info][gc,start    ] GC(1043) Pause Young (Normal) (G1 Evacuation Pause)
[528.429s][info][gc,task     ] GC(1043) Using 2 workers of 2 for evacuation
[528.446s][info][gc,phases   ] GC(1043)   Pre Evacuate Collection Set: 0.27ms
[528.446s][info][gc,phases   ] GC(1043)   Merge Heap Roots: 0.08ms
[528.446s][info][gc,phases   ] GC(1043)   Evacuate Collection Set: 16.67ms
[528.446s][info][gc,phases   ] GC(1043)   Post Evacuate Collection Set: 0.48ms
[528.446s][info][gc,phases   ] GC(1043)   Other: 0.07ms
[528.446s][info][gc,heap     ] GC(1043) Eden regions: 243->0(253)
[528.446s][info][gc,heap     ] GC(1043) Survivor regions: 21->25(33)
[528.446s][info][gc,heap     ] GC(1043) Old regions: 139->142
[528.446s][info][gc,heap     ] GC(1043) Humongous regions: 8->5
[528.446s][info][gc,metaspace] GC(1043) Metaspace: 43095K(43520K)->43095K(43520K) NonClass: 38752K(38976K)->38752K(38976K) Class: 4343K(4544K)->4343K(4544K)
[528.446s][info][gc          ] GC(1043) Pause Young (Normal) (G1 Evacuation Pause) 411M->171M(594M) 17.759ms
[528.446s][info][gc,cpu      ] GC(1043) User=0.03s Sys=0.00s Real=0.02s
[528.648s][info][gc,start    ] GC(1044) Pause Young (Concurrent Start) (G1 Humongous Allocation)
[528.648s][info][gc,task     ] GC(1044) Using 2 workers of 2 for evacuation
[528.665s][info][gc,phases   ] GC(1044)   Pre Evacuate Collection Set: 0.26ms
[528.665s][info][gc,phases   ] GC(1044)   Merge Heap Roots: 0.04ms
[528.665s][info][gc,phases   ] GC(1044)   Evacuate Collection Set: 15.60ms
[528.665s][info][gc,phases   ] GC(1044)   Post Evacuate Collection Set: 0.37ms
[528.665s][info][gc,phases   ] GC(1044)   Other: 0.11ms
[528.665s][info][gc,heap     ] GC(1044) Eden regions: 64->0(202)
[528.665s][info][gc,heap     ] GC(1044) Survivor regions: 25->22(35)
[528.665s][info][gc,heap     ] GC(1044) Old regions: 142->146
[528.665s][info][gc,heap     ] GC(1044) Humongous regions: 5->5
[528.665s][info][gc,metaspace] GC(1044) Metaspace: 43095K(43520K)->43095K(43520K) NonClass: 38752K(38976K)->38752K(38976K) Class: 4343K(4544K)->4343K(4544K)
[528.665s][info][gc          ] GC(1044) Pause Young (Concurrent Start) (G1 Humongous Allocation) 235M->172M(594M) 16.585ms
[528.665s][info][gc,cpu      ] GC(1044) User=0.03s Sys=0.00s Real=0.01s
[528.665s][info][gc          ] GC(1045) Concurrent Mark Cycle
[528.665s][info][gc,marking  ] GC(1045) Concurrent Scan Root Regions
[528.675s][info][gc,marking  ] GC(1045) Concurrent Scan Root Regions 9.702ms
[528.675s][info][gc,marking  ] GC(1045) Concurrent Mark
[528.675s][info][gc,marking  ] GC(1045) Concurrent Mark From Roots
[528.675s][info][gc,task     ] GC(1045) Using 1 workers of 1 for marking
[528.745s][info][gc,marking  ] GC(1045) Concurrent Mark From Roots 69.643ms
[528.745s][info][gc,marking  ] GC(1045) Concurrent Preclean
[528.745s][info][gc,marking  ] GC(1045) Concurrent Preclean 0.056ms
[528.745s][info][gc,start    ] GC(1045) Pause Remark
[528.761s][info][gc          ] GC(1045) Pause Remark 192M->134M(387M) 15.573ms
[528.761s][info][gc,cpu      ] GC(1045) User=0.03s Sys=0.00s Real=0.01s
[528.761s][info][gc,marking  ] GC(1045) Concurrent Mark 85.554ms
[528.761s][info][gc,marking  ] GC(1045) Concurrent Rebuild Remembered Sets and Scrub Regions
[528.791s][info][gc,marking  ] GC(1045) Concurrent Rebuild Remembered Sets and Scrub Regions 30.565ms
[528.791s][info][gc,start    ] GC(1045) Pause Cleanup
[528.791s][info][gc          ] GC(1045) Pause Cleanup 142M->142M(387M) 0.046ms
[528.791s][info][gc,cpu      ] GC(1045) User=0.00s Sys=0.00s Real=0.00s
[528.791s][info][gc,marking  ] GC(1045) Concurrent Clear Claimed Marks
[528.792s][info][gc,marking  ] GC(1045) Concurrent Clear Claimed Marks 0.035ms
[528.792s][info][gc,marking  ] GC(1045) Concurrent Cleanup for Next Mark
[528.793s][info][gc,marking  ] GC(1045) Concurrent Cleanup for Next Mark 1.106ms
[528.793s][info][gc          ] GC(1045) Concurrent Mark Cycle 127.922ms
[529.336s][info][gc,start    ] GC(1046) Pause Young (Prepare Mixed) (G1 Evacuation Pause)
[529.336s][info][gc,task     ] GC(1046) Using 2 workers of 2 for evacuation
[529.381s][info][gc,phases   ] GC(1046)   Pre Evacuate Collection Set: 0.21ms
[529.381s][info][gc,phases   ] GC(1046)   Merge Heap Roots: 0.10ms
[529.381s][info][gc,phases   ] GC(1046)   Evacuate Collection Set: 43.99ms
[529.381s][info][gc,phases   ] GC(1046)   Post Evacuate Collection Set: 0.53ms
[529.381s][info][gc,phases   ] GC(1046)   Other: 0.09ms
[529.381s][info][gc,heap     ] GC(1046) Eden regions: 202->0(117)
[529.381s][info][gc,heap     ] GC(1046) Survivor regions: 22->28(28)
[529.381s][info][gc,heap     ] GC(1046) Old regions: 90->132
[529.381s][info][gc,heap     ] GC(1046) Humongous regions: 7->5
[529.381s][info][gc,metaspace] GC(1046) Metaspace: 43095K(43520K)->43095K(43520K) NonClass: 38752K(38976K)->38752K(38976K) Class: 4343K(4544K)->4343K(4544K)
[529.381s][info][gc          ] GC(1046) Pause Young (Prepare Mixed) (G1 Evacuation Pause) 320M->164M(391M) 45.118ms
[529.381s][info][gc,cpu      ] GC(1046) User=0.09s Sys=0.01s Real=0.04s
[529.729s][info][gc,start    ] GC(1047) Pause Young (Mixed) (G1 Evacuation Pause)
[529.729s][info][gc,task     ] GC(1047) Using 2 workers of 2 for evacuation
[529.752s][info][gc,phases   ] GC(1047)   Pre Evacuate Collection Set: 0.21ms
[529.752s][info][gc,phases   ] GC(1047)   Merge Heap Roots: 0.20ms
[529.752s][info][gc,phases   ] GC(1047)   Evacuate Collection Set: 21.74ms
[529.752s][info][gc,phases   ] GC(1047)   Post Evacuate Collection Set: 0.40ms
[529.752s][info][gc,phases   ] GC(1047)   Other: 0.07ms
[529.752s][info][gc,heap     ] GC(1047) Eden regions: 117->0(134)
[529.752s][info][gc,heap     ] GC(1047) Survivor regions: 28->1(19)
[529.752s][info][gc,heap     ] GC(1047) Old regions: 132->149
[529.752s][info][gc,heap     ] GC(1047) Humongous regions: 5->5
[529.752s][info][gc,metaspace] GC(1047) Metaspace: 43095K(43520K)->43095K(43520K) NonClass: 38752K(38976K)->38752K(38976K) Class: 4343K(4544K)->4343K(4544K)
[529.752s][info][gc          ] GC(1047) Pause Young (Mixed) (G1 Evacuation Pause) 281M->153M(391M) 22.813ms
[529.752s][info][gc,cpu      ] GC(1047) User=0.04s Sys=0.00s Real=0.02s
[530.160s][info][gc,start    ] GC(1048) Pause Young (Concurrent Start) (G1 Evacuation Pause)
[530.160s][info][gc,task     ] GC(1048) Using 2 workers of 2 for evacuation
[530.163s][info][gc,phases   ] GC(1048)   Pre Evacuate Collection Set: 0.23ms
[530.163s][info][gc,phases   ] GC(1048)   Merge Heap Roots: 0.06ms
[530.163s][info][gc,phases   ] GC(1048)   Evacuate Collection Set: 1.71ms
[530.163s][info][gc,phases   ] GC(1048)   Post Evacuate Collection Set: 0.36ms
[530.163s][info][gc,phases   ] GC(1048)   Other: 0.10ms
[530.163s][info][gc,heap     ] GC(1048) Eden regions: 134->0(145)
[530.163s][info][gc,heap     ] GC(1048) Survivor regions: 1->2(17)
[530.163s][info][gc,heap     ] GC(1048) Old regions: 149->149
[530.163s][info][gc,heap     ] GC(1048) Humongous regions: 5->5
[530.163s][info][gc,metaspace] GC(1048) Metaspace: 43095K(43520K)->43095K(43520K) NonClass: 38752K(38976K)->38752K(38976K) Class: 4343K(4544K)->4343K(4544K)
[530.163s][info][gc          ] GC(1048) Pause Young (Concurrent Start) (G1 Evacuation Pause) 287M->154M(391M) 2.636ms
[530.163s][info][gc,cpu      ] GC(1048) User=0.01s Sys=0.00s Real=0.00s
[530.163s][info][gc          ] GC(1049) Concurrent Mark Cycle
[530.163s][info][gc,marking  ] GC(1049) Concurrent Scan Root Regions
[530.164s][info][gc,marking  ] GC(1049) Concurrent Scan Root Regions 1.116ms
[530.164s][info][gc,marking  ] GC(1049) Concurrent Mark
[530.164s][info][gc,marking  ] GC(1049) Concurrent Mark From Roots
[530.164s][info][gc,task     ] GC(1049) Using 1 workers of 1 for marking
[530.242s][info][gc,marking  ] GC(1049) Concurrent Mark From Roots 78.113ms
[530.242s][info][gc,marking  ] GC(1049) Concurrent Preclean
[530.242s][info][gc,marking  ] GC(1049) Concurrent Preclean 0.053ms
[530.242s][info][gc,start    ] GC(1049) Pause Remark
[530.259s][info][gc          ] GC(1049) Pause Remark 176M->117M(324M) 16.306ms
[530.259s][info][gc,cpu      ] GC(1049) User=0.03s Sys=0.00s Real=0.02s
[530.261s][info][gc,marking  ] GC(1049) Concurrent Mark 96.894ms
[530.261s][info][gc,marking  ] GC(1049) Concurrent Rebuild Remembered Sets and Scrub Regions
[530.296s][info][gc,marking  ] GC(1049) Concurrent Rebuild Remembered Sets and Scrub Regions 34.965ms
[530.296s][info][gc,start    ] GC(1049) Pause Cleanup
[530.296s][info][gc          ] GC(1049) Pause Cleanup 129M->129M(324M) 0.054ms
[530.296s][info][gc,cpu      ] GC(1049) User=0.00s Sys=0.00s Real=0.00s
[530.296s][info][gc,marking  ] GC(1049) Concurrent Clear Claimed Marks
[530.296s][info][gc,marking  ] GC(1049) Concurrent Clear Claimed Marks 0.034ms
[530.296s][info][gc,marking  ] GC(1049) Concurrent Cleanup for Next Mark
[530.297s][info][gc,marking  ] GC(1049) Concurrent Cleanup for Next Mark 0.950ms
[530.297s][info][gc          ] GC(1049) Concurrent Mark Cycle 134.328ms
[530.605s][info][gc,start    ] GC(1050) Pause Young (Prepare Mixed) (G1 Evacuation Pause)
[530.605s][info][gc,task     ] GC(1050) Using 2 workers of 2 for evacuation
[530.607s][info][gc,phases   ] GC(1050)   Pre Evacuate Collection Set: 0.19ms
[530.607s][info][gc,phases   ] GC(1050)   Merge Heap Roots: 0.07ms
[530.607s][info][gc,phases   ] GC(1050)   Evacuate Collection Set: 1.44ms
[530.607s][info][gc,phases   ] GC(1050)   Post Evacuate Collection Set: 0.38ms
[530.607s][info][gc,phases   ] GC(1050)   Other: 0.08ms
[530.607s][info][gc,heap     ] GC(1050) Eden regions: 145->0(152)
[530.607s][info][gc,heap     ] GC(1050) Survivor regions: 2->2(19)
[530.607s][info][gc,heap     ] GC(1050) Old regions: 91->91
[530.607s][info][gc,heap     ] GC(1050) Humongous regions: 4->3
[530.607s][info][gc,metaspace] GC(1050) Metaspace: 43095K(43520K)->43095K(43520K) NonClass: 38752K(38976K)->38752K(38976K) Class: 4343K(4544K)->4343K(4544K)
[530.607s][info][gc          ] GC(1050) Pause Young (Prepare Mixed) (G1 Evacuation Pause) 241M->94M(324M) 2.345ms
[530.607s][info][gc,cpu      ] GC(1050) User=0.00s Sys=0.00s Real=0.01s
[530.949s][info][gc,start    ] GC(1051) Pause Young (Mixed) (G1 Evacuation Pause)
[530.950s][info][gc,task     ] GC(1051) Using 2 workers of 2 for evacuation
[530.965s][info][gc,phases   ] GC(1051)   Pre Evacuate Collection Set: 0.20ms
[530.965s][info][gc,phases   ] GC(1051)   Merge Heap Roots: 0.17ms
[530.965s][info][gc,phases   ] GC(1051)   Evacuate Collection Set: 14.31ms
[530.965s][info][gc,phases   ] GC(1051)   Post Evacuate Collection Set: 0.50ms
[530.965s][info][gc,phases   ] GC(1051)   Other: 0.07ms
[530.965s][info][gc,heap     ] GC(1051) Eden regions: 152->0(172)
[530.965s][info][gc,heap     ] GC(1051) Survivor regions: 2->5(20)
[530.965s][info][gc,heap     ] GC(1051) Old regions: 91->68
[530.965s][info][gc,heap     ] GC(1051) Humongous regions: 3->1
[530.965s][info][gc,metaspace] GC(1051) Metaspace: 43095K(43520K)->43095K(43520K) NonClass: 38752K(38976K)->38752K(38976K) Class: 4343K(4544K)->4343K(4544K)
[530.965s][info][gc          ] GC(1051) Pause Young (Mixed) (G1 Evacuation Pause) 246M->73M(324M) 15.441ms
[530.965s][info][gc,cpu      ] GC(1051) User=0.03s Sys=0.00s Real=0.02s
[531.274s][info][gc,start    ] GC(1052) Pause Young (Concurrent Start) (G1 Evacuation Pause)
[531.274s][info][gc,task     ] GC(1052) Using 2 workers of 2 for evacuation
[531.278s][info][gc,phases   ] GC(1052)   Pre Evacuate Collection Set: 0.21ms
[531.278s][info][gc,phases   ] GC(1052)   Merge Heap Roots: 0.07ms
[531.278s][info][gc,phases   ] GC(1052)   Evacuate Collection Set: 3.40ms
[531.278s][info][gc,phases   ] GC(1052)   Post Evacuate Collection Set: 0.41ms
[531.278s][info][gc,phases   ] GC(1052)   Other: 0.08ms
[531.278s][info][gc,heap     ] GC(1052) Eden regions: 172->0(181)
[531.278s][info][gc,heap     ] GC(1052) Survivor regions: 5->5(23)
[531.278s][info][gc,heap     ] GC(1052) Old regions: 68->68
[531.278s][info][gc,heap     ] GC(1052) Humongous regions: 1->1
[531.278s][info][gc,metaspace] GC(1052) Metaspace: 43095K(43520K)->43095K(43520K) NonClass: 38752K(38976K)->38752K(38976K) Class: 4343K(4544K)->4343K(4544K)
[531.279s][info][gc          ] GC(1052) Pause Young (Concurrent Start) (G1 Evacuation Pause) 245M->72M(324M) 4.365ms
[531.279s][info][gc,cpu      ] GC(1052) User=0.01s Sys=0.00s Real=0.01s
[531.279s][info][gc          ] GC(1053) Concurrent Mark Cycle
[531.279s][info][gc,marking  ] GC(1053) Concurrent Scan Root Regions
[531.281s][info][gc,marking  ] GC(1053) Concurrent Scan Root Regions 2.477ms
[531.281s][info][gc,marking  ] GC(1053) Concurrent Mark
[531.281s][info][gc,marking  ] GC(1053) Concurrent Mark From Roots
[531.281s][info][gc,task     ] GC(1053) Using 1 workers of 1 for marking
[531.353s][info][gc,marking  ] GC(1053) Concurrent Mark From Roots 71.679ms
[531.353s][info][gc,marking  ] GC(1053) Concurrent Preclean
[531.353s][info][gc,marking  ] GC(1053) Concurrent Preclean 0.052ms
[531.353s][info][gc,start    ] GC(1053) Pause Remark
[531.369s][info][gc          ] GC(1053) Pause Remark 114M->111M(256M) 16.214ms
[531.369s][info][gc,cpu      ] GC(1053) User=0.03s Sys=0.00s Real=0.02s
[531.371s][info][gc,marking  ] GC(1053) Concurrent Mark 89.817ms
[531.371s][info][gc,marking  ] GC(1053) Concurrent Rebuild Remembered Sets and Scrub Regions
[531.406s][info][gc,marking  ] GC(1053) Concurrent Rebuild Remembered Sets and Scrub Regions 35.131ms
[531.406s][info][gc,start    ] GC(1053) Pause Cleanup
[531.406s][info][gc          ] GC(1053) Pause Cleanup 131M->131M(256M) 0.045ms
[531.406s][info][gc,cpu      ] GC(1053) User=0.00s Sys=0.00s Real=0.00s
[531.406s][info][gc,marking  ] GC(1053) Concurrent Clear Claimed Marks
[531.406s][info][gc,marking  ] GC(1053) Concurrent Clear Claimed Marks 0.034ms
[531.406s][info][gc,marking  ] GC(1053) Concurrent Cleanup for Next Mark
[531.407s][info][gc,marking  ] GC(1053) Concurrent Cleanup for Next Mark 0.753ms
[531.407s][info][gc          ] GC(1053) Concurrent Mark Cycle 128.601ms
[531.642s][info][gc,start    ] GC(1054) Pause Young (Prepare Mixed) (G1 Evacuation Pause)
[531.642s][info][gc,task     ] GC(1054) Using 2 workers of 2 for evacuation
[531.649s][info][gc,phases   ] GC(1054)   Pre Evacuate Collection Set: 0.16ms
[531.649s][info][gc,phases   ] GC(1054)   Merge Heap Roots: 0.08ms
[531.649s][info][gc,phases   ] GC(1054)   Evacuate Collection Set: 6.27ms
[531.649s][info][gc,phases   ] GC(1054)   Post Evacuate Collection Set: 0.46ms
[531.649s][info][gc,phases   ] GC(1054)   Other: 0.08ms
[531.649s][info][gc,heap     ] GC(1054) Eden regions: 148->0(140)
[531.649s][info][gc,heap     ] GC(1054) Survivor regions: 5->7(20)
[531.649s][info][gc,heap     ] GC(1054) Old regions: 65->65
[531.649s][info][gc,heap     ] GC(1054) Humongous regions: 15->3
[531.649s][info][gc,metaspace] GC(1054) Metaspace: 43095K(43520K)->43095K(43520K) NonClass: 38752K(38976K)->38752K(38976K) Class: 4343K(4544K)->4343K(4544K)
[531.649s][info][gc          ] GC(1054) Pause Young (Prepare Mixed) (G1 Evacuation Pause) 231M->74M(256M) 7.237ms
[531.649s][info][gc,cpu      ] GC(1054) User=0.01s Sys=0.00s Real=0.01s
[531.944s][info][gc,start    ] GC(1055) Pause Young (Mixed) (G1 Evacuation Pause)
[531.944s][info][gc,task     ] GC(1055) Using 2 workers of 2 for evacuation
[531.966s][info][gc,phases   ] GC(1055)   Pre Evacuate Collection Set: 0.21ms
[531.966s][info][gc,phases   ] GC(1055)   Merge Heap Roots: 0.27ms
[531.966s][info][gc,phases   ] GC(1055)   Evacuate Collection Set: 20.93ms
[531.966s][info][gc,phases   ] GC(1055)   Post Evacuate Collection Set: 0.93ms
[531.966s][info][gc,phases   ] GC(1055)   Other: 0.11ms
[531.966s][info][gc,heap     ] GC(1055) Eden regions: 30->0(181)
[531.966s][info][gc,heap     ] GC(1055) Survivor regions: 7->9(19)
[531.966s][info][gc,heap     ] GC(1055) Old regions: 65->57
[531.966s][info][gc,heap     ] GC(1055) Humongous regions: 203->3
[531.966s][info][gc,metaspace] GC(1055) Metaspace: 43095K(43520K)->43095K(43520K) NonClass: 38752K(38976K)->38752K(38976K) Class: 4343K(4544K)->4343K(4544K)
[531.966s][info][gc          ] GC(1055) Pause Young (Mixed) (G1 Evacuation Pause) 304M->68M(317M) 22.638ms
[531.966s][info][gc,cpu      ] GC(1055) User=0.03s Sys=0.01s Real=0.03s
[531.968s][info][gc,start    ] GC(1056) Pause Young (Concurrent Start) (G1 Humongous Allocation)
[531.968s][info][gc,task     ] GC(1056) Using 2 workers of 2 for evacuation
[531.975s][info][gc,phases   ] GC(1056)   Pre Evacuate Collection Set: 0.16ms
[531.975s][info][gc,phases   ] GC(1056)   Merge Heap Roots: 0.04ms
[531.975s][info][gc,phases   ] GC(1056)   Evacuate Collection Set: 6.07ms
[531.975s][info][gc,phases   ] GC(1056)   Post Evacuate Collection Set: 0.58ms
[531.975s][info][gc,phases   ] GC(1056)   Other: 0.11ms
[531.975s][info][gc,heap     ] GC(1056) Eden regions: 1->0(181)
[531.975s][info][gc,heap     ] GC(1056) Survivor regions: 9->9(24)
[531.975s][info][gc,heap     ] GC(1056) Old regions: 57->57
[531.975s][info][gc,heap     ] GC(1056) Humongous regions: 3->1
[531.975s][info][gc,metaspace] GC(1056) Metaspace: 43095K(43520K)->43095K(43520K) NonClass: 38752K(38976K)->38752K(38976K) Class: 4343K(4544K)->4343K(4544K)
[531.975s][info][gc          ] GC(1056) Pause Young (Concurrent Start) (G1 Humongous Allocation) 69M->66M(317M) 7.088ms
[531.975s][info][gc,cpu      ] GC(1056) User=0.02s Sys=0.00s Real=0.01s
[531.975s][info][gc          ] GC(1057) Concurrent Mark Cycle
[531.975s][info][gc,marking  ] GC(1057) Concurrent Scan Root Regions
[531.980s][info][gc,marking  ] GC(1057) Concurrent Scan Root Regions 4.515ms
[531.980s][info][gc,marking  ] GC(1057) Concurrent Mark
[531.980s][info][gc,marking  ] GC(1057) Concurrent Mark From Roots
[531.980s][info][gc,task     ] GC(1057) Using 1 workers of 1 for marking
[532.051s][info][gc,marking  ] GC(1057) Concurrent Mark From Roots 71.223ms
[532.051s][info][gc,marking  ] GC(1057) Concurrent Preclean
[532.051s][info][gc,marking  ] GC(1057) Concurrent Preclean 0.042ms
[532.051s][info][gc,start    ] GC(1057) Pause Remark
[532.067s][info][gc          ] GC(1057) Pause Remark 124M->124M(317M) 16.044ms
[532.067s][info][gc,cpu      ] GC(1057) User=0.03s Sys=0.00s Real=0.02s
[532.070s][info][gc,marking  ] GC(1057) Concurrent Mark 89.953ms
[532.070s][info][gc,marking  ] GC(1057) Concurrent Rebuild Remembered Sets and Scrub Regions
[532.098s][info][gc,marking  ] GC(1057) Concurrent Rebuild Remembered Sets and Scrub Regions 27.723ms
[532.098s][info][gc,start    ] GC(1057) Pause Cleanup
[532.098s][info][gc          ] GC(1057) Pause Cleanup 147M->147M(317M) 0.086ms
[532.098s][info][gc,cpu      ] GC(1057) User=0.00s Sys=0.00s Real=0.00s
[532.098s][info][gc,marking  ] GC(1057) Concurrent Clear Claimed Marks
[532.098s][info][gc,marking  ] GC(1057) Concurrent Clear Claimed Marks 0.041ms
[532.098s][info][gc,marking  ] GC(1057) Concurrent Cleanup for Next Mark
[532.100s][info][gc,marking  ] GC(1057) Concurrent Cleanup for Next Mark 1.534ms
[532.100s][info][gc          ] GC(1057) Concurrent Mark Cycle 124.178ms
[532.444s][info][gc,start    ] GC(1058) Pause Young (Prepare Mixed) (G1 Evacuation Pause)
[532.445s][info][gc,task     ] GC(1058) Using 2 workers of 2 for evacuation
[532.459s][info][gc,phases   ] GC(1058)   Pre Evacuate Collection Set: 0.24ms
[532.459s][info][gc,phases   ] GC(1058)   Merge Heap Roots: 0.09ms
[532.459s][info][gc,phases   ] GC(1058)   Evacuate Collection Set: 13.39ms
[532.459s][info][gc,phases   ] GC(1058)   Post Evacuate Collection Set: 0.74ms
[532.459s][info][gc,phases   ] GC(1058)   Other: 0.08ms
[532.459s][info][gc,heap     ] GC(1058) Eden regions: 44->0(232)
[532.459s][info][gc,heap     ] GC(1058) Survivor regions: 9->11(26)
[532.459s][info][gc,heap     ] GC(1058) Old regions: 57->57
[532.459s][info][gc,heap     ] GC(1058) Humongous regions: 285->3
[532.459s][info][gc,metaspace] GC(1058) Metaspace: 43095K(43520K)->43095K(43520K) NonClass: 38752K(38976K)->38752K(38976K) Class: 4343K(4544K)->4343K(4544K)
[532.459s][info][gc          ] GC(1058) Pause Young (Prepare Mixed) (G1 Evacuation Pause) 394M->70M(406M) 14.750ms
[532.459s][info][gc,cpu      ] GC(1058) User=0.02s Sys=0.01s Real=0.02s
[533.005s][info][gc,start    ] GC(1059) Pause Young (Mixed) (G1 Evacuation Pause)
[533.005s][info][gc,task     ] GC(1059) Using 2 workers of 2 for evacuation
[533.035s][info][gc,phases   ] GC(1059)   Pre Evacuate Collection Set: 0.28ms
[533.035s][info][gc,phases   ] GC(1059)   Merge Heap Roots: 0.07ms
[533.035s][info][gc,phases   ] GC(1059)   Evacuate Collection Set: 28.12ms
[533.035s][info][gc,phases   ] GC(1059)   Post Evacuate Collection Set: 1.15ms
[533.035s][info][gc,phases   ] GC(1059)   Other: 0.07ms
[533.035s][info][gc,heap     ] GC(1059) Eden regions: 61->0(279)
[533.035s][info][gc,heap     ] GC(1059) Survivor regions: 11->18(34)
[533.035s][info][gc,heap     ] GC(1059) Old regions: 57->53
[533.035s][info][gc,heap     ] GC(1059) Humongous regions: 347->1
[533.035s][info][gc,metaspace] GC(1059) Metaspace: 43095K(43520K)->43095K(43520K) NonClass: 38752K(38976K)->38752K(38976K) Class: 4343K(4544K)->4343K(4544K)
[533.035s][info][gc          ] GC(1059) Pause Young (Mixed) (G1 Evacuation Pause) 475M->71M(495M) 29.981ms
[533.035s][info][gc,cpu      ] GC(1059) User=0.05s Sys=0.01s Real=0.03s
[533.124s][info][gc,start    ] GC(1060) Pause Young (Concurrent Start) (G1 Humongous Allocation)
[533.124s][info][gc,task     ] GC(1060) Using 2 workers of 2 for evacuation
[533.151s][info][gc,phases   ] GC(1060)   Pre Evacuate Collection Set: 0.27ms
[533.151s][info][gc,phases   ] GC(1060)   Merge Heap Roots: 0.05ms
[533.151s][info][gc,phases   ] GC(1060)   Evacuate Collection Set: 25.14ms
[533.151s][info][gc,phases   ] GC(1060)   Post Evacuate Collection Set: 1.25ms
[533.151s][info][gc,phases   ] GC(1060)   Other: 0.10ms
[533.151s][info][gc,heap     ] GC(1060) Eden regions: 12->0(277)
[533.151s][info][gc,heap     ] GC(1060) Survivor regions: 18->20(38)
[533.151s][info][gc,heap     ] GC(1060) Old regions: 53->53
[533.151s][info][gc,heap     ] GC(1060) Humongous regions: 55->1
[533.151s][info][gc,metaspace] GC(1060) Metaspace: 43095K(43520K)->43095K(43520K) NonClass: 38752K(38976K)->38752K(38976K) Class: 4343K(4544K)->4343K(4544K)
[533.151s][info][gc          ] GC(1060) Pause Young (Concurrent Start) (G1 Humongous Allocation) 137M->73M(495M) 27.029ms
[533.151s][info][gc,cpu      ] GC(1060) User=0.05s Sys=0.00s Real=0.03s
[533.151s][info][gc          ] GC(1061) Concurrent Undo Cycle
[533.151s][info][gc,marking  ] GC(1061) Concurrent Clear Claimed Marks
[533.151s][info][gc,marking  ] GC(1061) Concurrent Clear Claimed Marks 0.042ms
[533.151s][info][gc,marking  ] GC(1061) Concurrent Cleanup for Next Mark
[533.152s][info][gc,marking  ] GC(1061) Concurrent Cleanup for Next Mark 0.144ms
[533.152s][info][gc          ] GC(1061) Concurrent Undo Cycle 0.274ms
[533.162s][info][gc,start    ] GC(1062) Pause Young (Concurrent Start) (G1 Humongous Allocation)
[533.162s][info][gc,task     ] GC(1062) Using 2 workers of 2 for evacuation
[533.180s][info][gc,phases   ] GC(1062)   Pre Evacuate Collection Set: 0.25ms
[533.180s][info][gc,phases   ] GC(1062)   Merge Heap Roots: 0.05ms
[533.180s][info][gc,phases   ] GC(1062)   Evacuate Collection Set: 17.20ms
[533.180s][info][gc,phases   ] GC(1062)   Post Evacuate Collection Set: 0.30ms
[533.180s][info][gc,phases   ] GC(1062)   Other: 0.09ms
[533.180s][info][gc,heap     ] GC(1062) Eden regions: 1->0(278)
[533.180s][info][gc,heap     ] GC(1062) Survivor regions: 20->19(38)
[533.180s][info][gc,heap     ] GC(1062) Old regions: 53->55
[533.180s][info][gc,heap     ] GC(1062) Humongous regions: 5->1
[533.180s][info][gc,metaspace] GC(1062) Metaspace: 43095K(43520K)->43095K(43520K) NonClass: 38752K(38976K)->38752K(38976K) Class: 4343K(4544K)->4343K(4544K)
[533.180s][info][gc          ] GC(1062) Pause Young (Concurrent Start) (G1 Humongous Allocation) 78M->73M(495M) 18.076ms
[533.180s][info][gc,cpu      ] GC(1062) User=0.04s Sys=0.01s Real=0.02s
[533.180s][info][gc          ] GC(1063) Concurrent Undo Cycle
[533.180s][info][gc,marking  ] GC(1063) Concurrent Clear Claimed Marks
[533.180s][info][gc,marking  ] GC(1063) Concurrent Clear Claimed Marks 0.035ms
[533.180s][info][gc,marking  ] GC(1063) Concurrent Cleanup for Next Mark
[533.182s][info][gc,marking  ] GC(1063) Concurrent Cleanup for Next Mark 1.883ms
[533.182s][info][gc          ] GC(1063) Concurrent Undo Cycle 2.047ms
[533.185s][info][gc,start    ] GC(1064) Pause Young (Concurrent Start) (G1 Humongous Allocation)
[533.185s][info][gc,task     ] GC(1064) Using 2 workers of 2 for evacuation
[533.207s][info][gc,phases   ] GC(1064)   Pre Evacuate Collection Set: 0.28ms
[533.207s][info][gc,phases   ] GC(1064)   Merge Heap Roots: 0.07ms
[533.207s][info][gc,phases   ] GC(1064)   Evacuate Collection Set: 17.84ms
[533.207s][info][gc,phases   ] GC(1064)   Post Evacuate Collection Set: 0.57ms
[533.207s][info][gc,phases   ] GC(1064)   Other: 2.52ms
[533.207s][info][gc,heap     ] GC(1064) Eden regions: 1->0(278)
[533.207s][info][gc,heap     ] GC(1064) Survivor regions: 19->19(38)
[533.207s][info][gc,heap     ] GC(1064) Old regions: 55->55
[533.207s][info][gc,heap     ] GC(1064) Humongous regions: 3->1
[533.207s][info][gc,metaspace] GC(1064) Metaspace: 43095K(43520K)->43095K(43520K) NonClass: 38752K(38976K)->38752K(38976K) Class: 4343K(4544K)->4343K(4544K)
[533.207s][info][gc          ] GC(1064) Pause Young (Concurrent Start) (G1 Humongous Allocation) 76M->73M(495M) 21.485ms
[533.207s][info][gc,cpu      ] GC(1064) User=0.04s Sys=0.00s Real=0.02s
[533.207s][info][gc          ] GC(1065) Concurrent Mark Cycle
[533.208s][info][gc,marking  ] GC(1065) Concurrent Scan Root Regions
[533.220s][info][gc,marking  ] GC(1065) Concurrent Scan Root Regions 11.864ms
[533.220s][info][gc,marking  ] GC(1065) Concurrent Mark
[533.220s][info][gc,marking  ] GC(1065) Concurrent Mark From Roots
[533.220s][info][gc,task     ] GC(1065) Using 1 workers of 1 for marking
[533.291s][info][gc,marking  ] GC(1065) Concurrent Mark From Roots 70.787ms
[533.291s][info][gc,marking  ] GC(1065) Concurrent Preclean
[533.291s][info][gc,marking  ] GC(1065) Concurrent Preclean 0.044ms
[533.291s][info][gc,start    ] GC(1065) Pause Remark
[533.308s][info][gc          ] GC(1065) Pause Remark 128M->128M(397M) 16.550ms
[533.308s][info][gc,cpu      ] GC(1065) User=0.03s Sys=0.00s Real=0.02s
[533.308s][info][gc,marking  ] GC(1065) Concurrent Mark 87.695ms
[533.308s][info][gc,marking  ] GC(1065) Concurrent Rebuild Remembered Sets and Scrub Regions
[533.337s][info][gc,marking  ] GC(1065) Concurrent Rebuild Remembered Sets and Scrub Regions 29.245ms
[533.337s][info][gc,start    ] GC(1065) Pause Cleanup
[533.338s][info][gc          ] GC(1065) Pause Cleanup 151M->151M(397M) 0.081ms
[533.338s][info][gc,cpu      ] GC(1065) User=0.00s Sys=0.00s Real=0.00s
[533.338s][info][gc,marking  ] GC(1065) Concurrent Clear Claimed Marks
[533.338s][info][gc,marking  ] GC(1065) Concurrent Clear Claimed Marks 0.047ms
[533.338s][info][gc,marking  ] GC(1065) Concurrent Cleanup for Next Mark
[533.340s][info][gc,marking  ] GC(1065) Concurrent Cleanup for Next Mark 2.053ms
[533.340s][info][gc          ] GC(1065) Concurrent Mark Cycle 132.852ms
[533.803s][info][gc,start    ] GC(1066) Pause Young (Prepare Mixed) (G1 Evacuation Pause)
[533.803s][info][gc,task     ] GC(1066) Using 2 workers of 2 for evacuation
[533.843s][info][gc,phases   ] GC(1066)   Pre Evacuate Collection Set: 0.24ms
[533.844s][info][gc,phases   ] GC(1066)   Merge Heap Roots: 0.07ms
[533.844s][info][gc,phases   ] GC(1066)   Evacuate Collection Set: 39.15ms
[533.844s][info][gc,phases   ] GC(1066)   Post Evacuate Collection Set: 0.81ms
[533.844s][info][gc,phases   ] GC(1066)   Other: 0.07ms
[533.844s][info][gc,heap     ] GC(1066) Eden regions: 64->0(271)
[533.844s][info][gc,heap     ] GC(1066) Survivor regions: 19->23(35)
[533.844s][info][gc,heap     ] GC(1066) Old regions: 55->60
[533.844s][info][gc,heap     ] GC(1066) Humongous regions: 325->3
[533.844s][info][gc,metaspace] GC(1066) Metaspace: 43095K(43520K)->43095K(43520K) NonClass: 38752K(38976K)->38752K(38976K) Class: 4343K(4544K)->4343K(4544K)
[533.844s][info][gc          ] GC(1066) Pause Young (Prepare Mixed) (G1 Evacuation Pause) 461M->84M(491M) 40.554ms
[533.844s][info][gc,cpu      ] GC(1066) User=0.06s Sys=0.02s Real=0.04s
[534.665s][info][gc,start    ] GC(1067) Pause Young (Mixed) (G1 Evacuation Pause)
[534.665s][info][gc,task     ] GC(1067) Using 2 workers of 2 for evacuation
[534.723s][info][gc,phases   ] GC(1067)   Pre Evacuate Collection Set: 0.28ms
[534.723s][info][gc,phases   ] GC(1067)   Merge Heap Roots: 0.12ms
[534.723s][info][gc,phases   ] GC(1067)   Evacuate Collection Set: 56.79ms
[534.723s][info][gc,phases   ] GC(1067)   Post Evacuate Collection Set: 0.84ms
[534.723s][info][gc,phases   ] GC(1067)   Other: 0.10ms
[534.723s][info][gc,heap     ] GC(1067) Eden regions: 247->0(291)
[534.723s][info][gc,heap     ] GC(1067) Survivor regions: 23->27(37)
[534.723s][info][gc,heap     ] GC(1067) Old regions: 60->68
[534.723s][info][gc,heap     ] GC(1067) Humongous regions: 161->1
[534.723s][info][gc,metaspace] GC(1067) Metaspace: 43100K(43520K)->43100K(43520K) NonClass: 38757K(38976K)->38757K(38976K) Class: 4343K(4544K)->4343K(4544K)
[534.723s][info][gc          ] GC(1067) Pause Young (Mixed) (G1 Evacuation Pause) 489M->94M(531M) 58.358ms
[534.723s][info][gc,cpu      ] GC(1067) User=0.09s Sys=0.02s Real=0.06s
[535.405s][info][gc,start    ] GC(1068) Pause Young (Normal) (G1 Evacuation Pause)
[535.405s][info][gc,task     ] GC(1068) Using 2 workers of 2 for evacuation
[535.430s][info][gc,phases   ] GC(1068)   Pre Evacuate Collection Set: 0.25ms
[535.430s][info][gc,phases   ] GC(1068)   Merge Heap Roots: 0.12ms
[535.430s][info][gc,phases   ] GC(1068)   Evacuate Collection Set: 23.72ms
[535.430s][info][gc,phases   ] GC(1068)   Post Evacuate Collection Set: 0.71ms
[535.430s][info][gc,phases   ] GC(1068)   Other: 0.07ms
[535.430s][info][gc,heap     ] GC(1068) Eden regions: 291->0(302)
[535.430s][info][gc,heap     ] GC(1068) Survivor regions: 27->16(40)
[535.430s][info][gc,heap     ] GC(1068) Old regions: 68->79
[535.430s][info][gc,heap     ] GC(1068) Humongous regions: 1->1
[535.430s][info][gc,metaspace] GC(1068) Metaspace: 43106K(43520K)->43106K(43520K) NonClass: 38763K(38976K)->38763K(38976K) Class: 4343K(4544K)->4343K(4544K)
[535.430s][info][gc          ] GC(1068) Pause Young (Normal) (G1 Evacuation Pause) 385M->95M(531M) 25.090ms
[535.430s][info][gc,cpu      ] GC(1068) User=0.05s Sys=0.00s Real=0.02s
[536.128s][info][gc,start    ] GC(1069) Pause Young (Normal) (G1 Evacuation Pause)
[536.128s][info][gc,task     ] GC(1069) Using 2 workers of 2 for evacuation
[536.143s][info][gc,phases   ] GC(1069)   Pre Evacuate Collection Set: 0.24ms
[536.143s][info][gc,phases   ] GC(1069)   Merge Heap Roots: 0.11ms
[536.143s][info][gc,phases   ] GC(1069)   Evacuate Collection Set: 13.12ms
[536.143s][info][gc,phases   ] GC(1069)   Post Evacuate Collection Set: 0.55ms
[536.143s][info][gc,phases   ] GC(1069)   Other: 0.10ms
[536.143s][info][gc,heap     ] GC(1069) Eden regions: 302->0(301)
[536.143s][info][gc,heap     ] GC(1069) Survivor regions: 16->17(40)
[536.143s][info][gc,heap     ] GC(1069) Old regions: 79->79
[536.143s][info][gc,heap     ] GC(1069) Humongous regions: 1->1
[536.143s][info][gc,metaspace] GC(1069) Metaspace: 43106K(43520K)->43106K(43520K) NonClass: 38763K(38976K)->38763K(38976K) Class: 4343K(4544K)->4343K(4544K)
[536.143s][info][gc          ] GC(1069) Pause Young (Normal) (G1 Evacuation Pause) 397M->96M(531M) 14.323ms
[536.143s][info][gc,cpu      ] GC(1069) User=0.03s Sys=0.00s Real=0.01s
[536.902s][info][gc,start    ] GC(1070) Pause Young (Concurrent Start) (G1 Evacuation Pause)
[536.902s][info][gc,task     ] GC(1070) Using 2 workers of 2 for evacuation
[536.915s][info][gc,phases   ] GC(1070)   Pre Evacuate Collection Set: 0.26ms
[536.915s][info][gc,phases   ] GC(1070)   Merge Heap Roots: 0.12ms
[536.915s][info][gc,phases   ] GC(1070)   Evacuate Collection Set: 10.91ms
[536.915s][info][gc,phases   ] GC(1070)   Post Evacuate Collection Set: 0.74ms
[536.915s][info][gc,phases   ] GC(1070)   Other: 0.10ms
[536.915s][info][gc,heap     ] GC(1070) Eden regions: 301->0(303)
[536.915s][info][gc,heap     ] GC(1070) Survivor regions: 17->15(40)
[536.915s][info][gc,heap     ] GC(1070) Old regions: 79->79
[536.915s][info][gc,heap     ] GC(1070) Humongous regions: 1->1
[536.915s][info][gc,metaspace] GC(1070) Metaspace: 43112K(43584K)->43112K(43584K) NonClass: 38768K(39040K)->38768K(39040K) Class: 4343K(4544K)->4343K(4544K)
[536.915s][info][gc          ] GC(1070) Pause Young (Concurrent Start) (G1 Evacuation Pause) 397M->94M(531M) 12.353ms
[536.915s][info][gc,cpu      ] GC(1070) User=0.02s Sys=0.00s Real=0.01s
[536.915s][info][gc          ] GC(1071) Concurrent Mark Cycle
[536.915s][info][gc,marking  ] GC(1071) Concurrent Scan Root Regions
[536.924s][info][gc,marking  ] GC(1071) Concurrent Scan Root Regions 9.315ms
[536.924s][info][gc,marking  ] GC(1071) Concurrent Mark
[536.924s][info][gc,marking  ] GC(1071) Concurrent Mark From Roots
[536.924s][info][gc,task     ] GC(1071) Using 1 workers of 1 for marking
[537.043s][info][gc,marking  ] GC(1071) Concurrent Mark From Roots 118.865ms
[537.043s][info][gc,marking  ] GC(1071) Concurrent Preclean
[537.043s][info][gc,marking  ] GC(1071) Concurrent Preclean 0.065ms
[537.043s][info][gc,start    ] GC(1071) Pause Remark
[537.060s][info][gc          ] GC(1071) Pause Remark 137M->136M(314M) 16.293ms
[537.060s][info][gc,cpu      ] GC(1071) User=0.03s Sys=0.00s Real=0.02s
[537.060s][info][gc,marking  ] GC(1071) Concurrent Mark 135.534ms
[537.060s][info][gc,marking  ] GC(1071) Concurrent Rebuild Remembered Sets and Scrub Regions
[537.109s][info][gc,marking  ] GC(1071) Concurrent Rebuild Remembered Sets and Scrub Regions 48.958ms
[537.109s][info][gc,start    ] GC(1071) Pause Cleanup
[537.109s][info][gc          ] GC(1071) Pause Cleanup 152M->152M(314M) 0.069ms
[537.109s][info][gc,cpu      ] GC(1071) User=0.00s Sys=0.00s Real=0.00s
[537.109s][info][gc,marking  ] GC(1071) Concurrent Clear Claimed Marks
[537.109s][info][gc,marking  ] GC(1071) Concurrent Clear Claimed Marks 0.038ms
[537.109s][info][gc,marking  ] GC(1071) Concurrent Cleanup for Next Mark
[537.110s][info][gc,marking  ] GC(1071) Concurrent Cleanup for Next Mark 1.213ms
[537.110s][info][gc          ] GC(1071) Concurrent Mark Cycle 195.499ms
[537.590s][info][gc,start    ] GC(1072) Pause Young (Prepare Mixed) (G1 Evacuation Pause)
[537.590s][info][gc,task     ] GC(1072) Using 2 workers of 2 for evacuation
[537.602s][info][gc,phases   ] GC(1072)   Pre Evacuate Collection Set: 0.18ms
[537.603s][info][gc,phases   ] GC(1072)   Merge Heap Roots: 0.12ms
[537.603s][info][gc,phases   ] GC(1072)   Evacuate Collection Set: 11.61ms
[537.603s][info][gc,phases   ] GC(1072)   Post Evacuate Collection Set: 0.53ms
[537.603s][info][gc,phases   ] GC(1072)   Other: 0.07ms
[537.603s][info][gc,heap     ] GC(1072) Eden regions: 173->0(184)
[537.603s][info][gc,heap     ] GC(1072) Survivor regions: 15->4(24)
[537.603s][info][gc,heap     ] GC(1072) Old regions: 78->89
[537.603s][info][gc,heap     ] GC(1072) Humongous regions: 1->1
[537.603s][info][gc,metaspace] GC(1072) Metaspace: 43115K(43584K)->43115K(43584K) NonClass: 38772K(39040K)->38772K(39040K) Class: 4343K(4544K)->4343K(4544K)
[537.603s][info][gc          ] GC(1072) Pause Young (Prepare Mixed) (G1 Evacuation Pause) 266M->92M(314M) 12.687ms
[537.603s][info][gc,cpu      ] GC(1072) User=0.03s Sys=0.00s Real=0.01s
[538.736s][info][gc,start    ] GC(1073) Pause Young (Mixed) (G1 Evacuation Pause)
[538.736s][info][gc,task     ] GC(1073) Using 2 workers of 2 for evacuation
[538.754s][info][gc,phases   ] GC(1073)   Pre Evacuate Collection Set: 0.21ms
[538.755s][info][gc,phases   ] GC(1073)   Merge Heap Roots: 0.22ms
[538.755s][info][gc,phases   ] GC(1073)   Evacuate Collection Set: 17.35ms
[538.755s][info][gc,phases   ] GC(1073)   Post Evacuate Collection Set: 0.47ms
[538.755s][info][gc,phases   ] GC(1073)   Other: 0.09ms
[538.755s][info][gc,heap     ] GC(1073) Eden regions: 184->0(176)
[538.755s][info][gc,heap     ] GC(1073) Survivor regions: 4->12(24)
[538.755s][info][gc,heap     ] GC(1073) Old regions: 89->85
[538.755s][info][gc,heap     ] GC(1073) Humongous regions: 13->3
[538.755s][info][gc,metaspace] GC(1073) Metaspace: 43126K(43584K)->43126K(43584K) NonClass: 38783K(39040K)->38783K(39040K) Class: 4343K(4544K)->4343K(4544K)
[538.755s][info][gc          ] GC(1073) Pause Young (Mixed) (G1 Evacuation Pause) 288M->99M(314M) 18.510ms
[538.755s][info][gc,cpu      ] GC(1073) User=0.03s Sys=0.00s Real=0.01s
[539.017s][info][gc,start    ] GC(1074) Pause Young (Concurrent Start) (G1 Humongous Allocation)
[539.017s][info][gc,task     ] GC(1074) Using 2 workers of 2 for evacuation
[539.042s][info][gc,phases   ] GC(1074)   Pre Evacuate Collection Set: 0.18ms
[539.042s][info][gc,phases   ] GC(1074)   Merge Heap Roots: 0.07ms
[539.042s][info][gc,phases   ] GC(1074)   Evacuate Collection Set: 23.71ms
[539.042s][info][gc,phases   ] GC(1074)   Post Evacuate Collection Set: 0.55ms
[539.042s][info][gc,phases   ] GC(1074)   Other: 0.14ms
[539.042s][info][gc,heap     ] GC(1074) Eden regions: 113->0(161)
[539.042s][info][gc,heap     ] GC(1074) Survivor regions: 12->24(24)
[539.042s][info][gc,heap     ] GC(1074) Old regions: 85->85
[539.042s][info][gc,heap     ] GC(1074) Humongous regions: 3->3
[539.042s][info][gc,metaspace] GC(1074) Metaspace: 43126K(43584K)->43126K(43584K) NonClass: 38783K(39040K)->38783K(39040K) Class: 4343K(4544K)->4343K(4544K)
[539.042s][info][gc          ] GC(1074) Pause Young (Concurrent Start) (G1 Humongous Allocation) 212M->111M(314M) 24.862ms
[539.042s][info][gc,cpu      ] GC(1074) User=0.04s Sys=0.00s Real=0.02s
[539.042s][info][gc          ] GC(1075) Concurrent Mark Cycle
[539.042s][info][gc,marking  ] GC(1075) Concurrent Scan Root Regions
[539.077s][info][gc,marking  ] GC(1075) Concurrent Scan Root Regions 34.606ms
[539.077s][info][gc,marking  ] GC(1075) Concurrent Mark
[539.077s][info][gc,marking  ] GC(1075) Concurrent Mark From Roots
[539.077s][info][gc,task     ] GC(1075) Using 1 workers of 1 for marking
[539.196s][info][gc,marking  ] GC(1075) Concurrent Mark From Roots 118.775ms
[539.196s][info][gc,marking  ] GC(1075) Concurrent Preclean
[539.196s][info][gc,marking  ] GC(1075) Concurrent Preclean 0.285ms
[539.196s][info][gc,start    ] GC(1075) Pause Remark
[539.216s][info][gc          ] GC(1075) Pause Remark 148M->131M(314M) 20.127ms
[539.216s][info][gc,cpu      ] GC(1075) User=0.03s Sys=0.00s Real=0.02s
[539.221s][info][gc,marking  ] GC(1075) Concurrent Mark 143.948ms
[539.221s][info][gc,marking  ] GC(1075) Concurrent Rebuild Remembered Sets and Scrub Regions
[539.272s][info][gc,marking  ] GC(1075) Concurrent Rebuild Remembered Sets and Scrub Regions 50.715ms
[539.273s][info][gc,start    ] GC(1075) Pause Cleanup
[539.273s][info][gc          ] GC(1075) Pause Cleanup 146M->146M(314M) 0.071ms
[539.273s][info][gc,cpu      ] GC(1075) User=0.00s Sys=0.00s Real=0.00s
[539.273s][info][gc,marking  ] GC(1075) Concurrent Clear Claimed Marks
[539.273s][info][gc,marking  ] GC(1075) Concurrent Clear Claimed Marks 0.036ms
[539.273s][info][gc,marking  ] GC(1075) Concurrent Cleanup for Next Mark
[539.274s][info][gc,marking  ] GC(1075) Concurrent Cleanup for Next Mark 0.939ms
[539.274s][info][gc          ] GC(1075) Concurrent Mark Cycle 231.467ms
[539.535s][info][gc,start    ] GC(1076) Pause Young (Prepare Mixed) (G1 Evacuation Pause)
[539.535s][info][gc,task     ] GC(1076) Using 2 workers of 2 for evacuation
[539.576s][info][gc,phases   ] GC(1076)   Pre Evacuate Collection Set: 0.17ms
[539.576s][info][gc,phases   ] GC(1076)   Merge Heap Roots: 0.18ms
[539.576s][info][gc,phases   ] GC(1076)   Evacuate Collection Set: 40.44ms
[539.576s][info][gc,phases   ] GC(1076)   Post Evacuate Collection Set: 0.47ms
[539.576s][info][gc,phases   ] GC(1076)   Other: 0.07ms
[539.576s][info][gc,heap     ] GC(1076) Eden regions: 161->0(165)
[539.576s][info][gc,heap     ] GC(1076) Survivor regions: 24->18(24)
[539.576s][info][gc,heap     ] GC(1076) Old regions: 68->90
[539.576s][info][gc,heap     ] GC(1076) Humongous regions: 4->4
[539.576s][info][gc,metaspace] GC(1076) Metaspace: 43126K(43584K)->43126K(43584K) NonClass: 38783K(39040K)->38783K(39040K) Class: 4343K(4544K)->4343K(4544K)
[539.577s][info][gc          ] GC(1076) Pause Young (Prepare Mixed) (G1 Evacuation Pause) 256M->111M(314M) 41.531ms
[539.577s][info][gc,cpu      ] GC(1076) User=0.08s Sys=0.00s Real=0.04s
[539.964s][info][gc,start    ] GC(1077) Pause Young (Mixed) (G1 Evacuation Pause)
[539.964s][info][gc,task     ] GC(1077) Using 2 workers of 2 for evacuation
[540.006s][info][gc,phases   ] GC(1077)   Pre Evacuate Collection Set: 0.20ms
[540.006s][info][gc,phases   ] GC(1077)   Merge Heap Roots: 0.14ms
[540.006s][info][gc,phases   ] GC(1077)   Evacuate Collection Set: 41.36ms
[540.006s][info][gc,phases   ] GC(1077)   Post Evacuate Collection Set: 0.55ms
[540.006s][info][gc,phases   ] GC(1077)   Other: 0.08ms
[540.006s][info][gc,heap     ] GC(1077) Eden regions: 165->0(167)
[540.006s][info][gc,heap     ] GC(1077) Survivor regions: 18->18(23)
[540.006s][info][gc,heap     ] GC(1077) Old regions: 90->83
[540.006s][info][gc,heap     ] GC(1077) Humongous regions: 6->6
[540.006s][info][gc,metaspace] GC(1077) Metaspace: 43126K(43584K)->43126K(43584K) NonClass: 38783K(39040K)->38783K(39040K) Class: 4343K(4544K)->4343K(4544K)
[540.006s][info][gc          ] GC(1077) Pause Young (Mixed) (G1 Evacuation Pause) 278M->107M(315M) 42.542ms
[540.006s][info][gc,cpu      ] GC(1077) User=0.09s Sys=0.00s Real=0.05s
[540.293s][info][gc,start    ] GC(1078) Pause Young (Concurrent Start) (G1 Humongous Allocation)
[540.293s][info][gc,task     ] GC(1078) Using 2 workers of 2 for evacuation
[540.331s][info][gc,phases   ] GC(1078)   Pre Evacuate Collection Set: 0.19ms
[540.331s][info][gc,phases   ] GC(1078)   Merge Heap Roots: 0.08ms
[540.331s][info][gc,phases   ] GC(1078)   Evacuate Collection Set: 36.79ms
[540.331s][info][gc,phases   ] GC(1078)   Post Evacuate Collection Set: 0.57ms
[540.331s][info][gc,phases   ] GC(1078)   Other: 0.09ms
[540.331s][info][gc,heap     ] GC(1078) Eden regions: 130->0(150)
[540.331s][info][gc,heap     ] GC(1078) Survivor regions: 18->17(24)
[540.331s][info][gc,heap     ] GC(1078) Old regions: 83->101
[540.331s][info][gc,heap     ] GC(1078) Humongous regions: 6->6
[540.331s][info][gc,metaspace] GC(1078) Metaspace: 43126K(43584K)->43126K(43584K) NonClass: 38783K(39040K)->38783K(39040K) Class: 4343K(4544K)->4343K(4544K)
[540.331s][info][gc          ] GC(1078) Pause Young (Concurrent Start) (G1 Humongous Allocation) 236M->124M(315M) 37.918ms
[540.331s][info][gc,cpu      ] GC(1078) User=0.07s Sys=0.00s Real=0.04s
[540.331s][info][gc          ] GC(1079) Concurrent Mark Cycle
[540.334s][info][gc,marking  ] GC(1079) Concurrent Scan Root Regions
[540.398s][info][gc,marking  ] GC(1079) Concurrent Scan Root Regions 64.354ms
[540.398s][info][gc,marking  ] GC(1079) Concurrent Mark
[540.398s][info][gc,marking  ] GC(1079) Concurrent Mark From Roots
[540.398s][info][gc,task     ] GC(1079) Using 1 workers of 1 for marking
[540.589s][info][gc,marking  ] GC(1079) Concurrent Mark From Roots 190.721ms
[540.589s][info][gc,marking  ] GC(1079) Concurrent Preclean
[540.589s][info][gc,marking  ] GC(1079) Concurrent Preclean 0.065ms
[540.589s][info][gc,start    ] GC(1079) Pause Remark
[540.609s][info][gc          ] GC(1079) Pause Remark 202M->200M(315M) 19.465ms
[540.609s][info][gc,cpu      ] GC(1079) User=0.04s Sys=0.00s Real=0.02s
[540.611s][info][gc,marking  ] GC(1079) Concurrent Mark 212.595ms
[540.611s][info][gc,marking  ] GC(1079) Concurrent Rebuild Remembered Sets and Scrub Regions
[540.745s][info][gc,marking  ] GC(1079) Concurrent Rebuild Remembered Sets and Scrub Regions 134.466ms
[540.746s][info][gc,start    ] GC(1079) Pause Cleanup
[540.746s][info][gc          ] GC(1079) Pause Cleanup 241M->241M(315M) 0.053ms
[540.746s][info][gc,cpu      ] GC(1079) User=0.00s Sys=0.00s Real=0.00s
[540.746s][info][gc,marking  ] GC(1079) Concurrent Clear Claimed Marks
[540.747s][info][gc,marking  ] GC(1079) Concurrent Clear Claimed Marks 0.053ms
[540.747s][info][gc,marking  ] GC(1079) Concurrent Cleanup for Next Mark
[540.748s][info][gc,marking  ] GC(1079) Concurrent Cleanup for Next Mark 0.989ms
[540.748s][info][gc          ] GC(1079) Concurrent Mark Cycle 416.202ms
[540.847s][info][gc,start    ] GC(1080) Pause Young (Prepare Mixed) (G1 Evacuation Pause)
[540.847s][info][gc,task     ] GC(1080) Using 2 workers of 2 for evacuation
[540.884s][info][gc,phases   ] GC(1080)   Pre Evacuate Collection Set: 0.15ms
[540.884s][info][gc,phases   ] GC(1080)   Merge Heap Roots: 0.13ms
[540.884s][info][gc,phases   ] GC(1080)   Evacuate Collection Set: 35.83ms
[540.884s][info][gc,phases   ] GC(1080)   Post Evacuate Collection Set: 0.45ms
[540.884s][info][gc,phases   ] GC(1080)   Other: 0.08ms
[540.884s][info][gc,heap     ] GC(1080) Eden regions: 150->0(138)
[540.884s][info][gc,heap     ] GC(1080) Survivor regions: 17->16(21)
[540.884s][info][gc,heap     ] GC(1080) Old regions: 100->113
[540.884s][info][gc,heap     ] GC(1080) Humongous regions: 11->9
[540.884s][info][gc,metaspace] GC(1080) Metaspace: 43132K(43584K)->43132K(43584K) NonClass: 38789K(39040K)->38789K(39040K) Class: 4343K(4544K)->4343K(4544K)
[540.884s][info][gc          ] GC(1080) Pause Young (Prepare Mixed) (G1 Evacuation Pause) 278M->137M(315M) 36.839ms
[540.884s][info][gc,cpu      ] GC(1080) User=0.07s Sys=0.00s Real=0.03s
[543.964s][info][gc,start    ] GC(1081) Pause Young (Mixed) (G1 Evacuation Pause)
[543.964s][info][gc,task     ] GC(1081) Using 2 workers of 2 for evacuation
[543.990s][info][gc,phases   ] GC(1081)   Pre Evacuate Collection Set: 0.19ms
[543.990s][info][gc,phases   ] GC(1081)   Merge Heap Roots: 0.13ms
[543.990s][info][gc,phases   ] GC(1081)   Evacuate Collection Set: 24.48ms
[543.990s][info][gc,phases   ] GC(1081)   Post Evacuate Collection Set: 0.43ms
[543.990s][info][gc,phases   ] GC(1081)   Other: 0.07ms
[543.990s][info][gc,heap     ] GC(1081) Eden regions: 138->0(147)
[543.990s][info][gc,heap     ] GC(1081) Survivor regions: 16->4(20)
[543.990s][info][gc,heap     ] GC(1081) Old regions: 113->122
[543.990s][info][gc,heap     ] GC(1081) Humongous regions: 11->7
[543.990s][info][gc,metaspace] GC(1081) Metaspace: 43134K(43584K)->43134K(43584K) NonClass: 38791K(39040K)->38791K(39040K) Class: 4343K(4544K)->4343K(4544K)
[543.990s][info][gc          ] GC(1081) Pause Young (Mixed) (G1 Evacuation Pause) 277M->133M(315M) 25.475ms
[543.990s][info][gc,cpu      ] GC(1081) User=0.05s Sys=0.00s Real=0.03s
[544.308s][info][gc,start    ] GC(1082) Pause Young (Concurrent Start) (G1 Humongous Allocation)
[544.308s][info][gc,task     ] GC(1082) Using 2 workers of 2 for evacuation
[544.316s][info][gc,phases   ] GC(1082)   Pre Evacuate Collection Set: 0.22ms
[544.316s][info][gc,phases   ] GC(1082)   Merge Heap Roots: 0.11ms
[544.316s][info][gc,phases   ] GC(1082)   Evacuate Collection Set: 7.39ms
[544.316s][info][gc,phases   ] GC(1082)   Post Evacuate Collection Set: 0.37ms
[544.316s][info][gc,phases   ] GC(1082)   Other: 0.09ms
[544.316s][info][gc,heap     ] GC(1082) Eden regions: 112->0(152)
[544.316s][info][gc,heap     ] GC(1082) Survivor regions: 4->5(19)
[544.316s][info][gc,heap     ] GC(1082) Old regions: 122->122
[544.316s][info][gc,heap     ] GC(1082) Humongous regions: 7->7
[544.316s][info][gc,metaspace] GC(1082) Metaspace: 43134K(43584K)->43134K(43584K) NonClass: 38791K(39040K)->38791K(39040K) Class: 4343K(4544K)->4343K(4544K)
[544.316s][info][gc          ] GC(1082) Pause Young (Concurrent Start) (G1 Humongous Allocation) 244M->134M(315M) 8.333ms
[544.316s][info][gc,cpu      ] GC(1082) User=0.02s Sys=0.00s Real=0.01s
[544.316s][info][gc          ] GC(1083) Concurrent Mark Cycle
[544.316s][info][gc,marking  ] GC(1083) Concurrent Scan Root Regions
[544.326s][info][gc,marking  ] GC(1083) Concurrent Scan Root Regions 10.480ms
[544.326s][info][gc,marking  ] GC(1083) Concurrent Mark
[544.326s][info][gc,marking  ] GC(1083) Concurrent Mark From Roots
[544.326s][info][gc,task     ] GC(1083) Using 1 workers of 1 for marking
[544.365s][info][gc,marking  ] GC(1083) Concurrent Mark From Roots 38.658ms
[544.365s][info][gc,marking  ] GC(1083) Concurrent Preclean
[544.365s][info][gc,marking  ] GC(1083) Concurrent Preclean 0.057ms
[544.365s][info][gc,start    ] GC(1083) Pause Remark
[544.382s][info][gc          ] GC(1083) Pause Remark 149M->125M(315M) 16.303ms
[544.382s][info][gc,cpu      ] GC(1083) User=0.03s Sys=0.00s Real=0.01s
[544.382s][info][gc,marking  ] GC(1083) Concurrent Mark 55.312ms
[544.382s][info][gc,marking  ] GC(1083) Concurrent Rebuild Remembered Sets and Scrub Regions
[544.393s][info][gc,marking  ] GC(1083) Concurrent Rebuild Remembered Sets and Scrub Regions 11.060ms
[544.393s][info][gc,start    ] GC(1083) Pause Cleanup
[544.393s][info][gc          ] GC(1083) Pause Cleanup 129M->129M(315M) 0.076ms
[544.393s][info][gc,cpu      ] GC(1083) User=0.00s Sys=0.00s Real=0.00s
[544.393s][info][gc,marking  ] GC(1083) Concurrent Clear Claimed Marks
[544.393s][info][gc,marking  ] GC(1083) Concurrent Clear Claimed Marks 0.055ms
[544.393s][info][gc,marking  ] GC(1083) Concurrent Cleanup for Next Mark
[544.394s][info][gc,marking  ] GC(1083) Concurrent Cleanup for Next Mark 0.894ms
[544.394s][info][gc          ] GC(1083) Concurrent Mark Cycle 78.205ms
[544.726s][info][gc,start    ] GC(1084) Pause Young (Prepare Mixed) (G1 Evacuation Pause)
[544.726s][info][gc,task     ] GC(1084) Using 2 workers of 2 for evacuation
[544.751s][info][gc,phases   ] GC(1084)   Pre Evacuate Collection Set: 0.17ms
[544.751s][info][gc,phases   ] GC(1084)   Merge Heap Roots: 0.09ms
[544.751s][info][gc,phases   ] GC(1084)   Evacuate Collection Set: 24.49ms
[544.751s][info][gc,phases   ] GC(1084)   Post Evacuate Collection Set: 0.43ms
[544.751s][info][gc,phases   ] GC(1084)   Other: 0.07ms
[544.751s][info][gc,heap     ] GC(1084) Eden regions: 152->0(148)
[544.751s][info][gc,heap     ] GC(1084) Survivor regions: 5->20(20)
[544.751s][info][gc,heap     ] GC(1084) Old regions: 104->106
[544.751s][info][gc,heap     ] GC(1084) Humongous regions: 4->4
[544.751s][info][gc,metaspace] GC(1084) Metaspace: 43134K(43584K)->43134K(43584K) NonClass: 38791K(39040K)->38791K(39040K) Class: 4343K(4544K)->4343K(4544K)
[544.752s][info][gc          ] GC(1084) Pause Young (Prepare Mixed) (G1 Evacuation Pause) 265M->130M(315M) 25.457ms
[544.752s][info][gc,cpu      ] GC(1084) User=0.05s Sys=0.00s Real=0.02s
[545.125s][info][gc,start    ] GC(1085) Pause Young (Mixed) (G1 Evacuation Pause)
[545.125s][info][gc,task     ] GC(1085) Using 2 workers of 2 for evacuation
[545.171s][info][gc,phases   ] GC(1085)   Pre Evacuate Collection Set: 0.20ms
[545.172s][info][gc,phases   ] GC(1085)   Merge Heap Roots: 0.16ms
[545.172s][info][gc,phases   ] GC(1085)   Evacuate Collection Set: 44.56ms
[545.172s][info][gc,phases   ] GC(1085)   Post Evacuate Collection Set: 1.39ms
[545.172s][info][gc,phases   ] GC(1085)   Other: 0.08ms
[545.172s][info][gc,heap     ] GC(1085) Eden regions: 148->0(248)
[545.172s][info][gc,heap     ] GC(1085) Survivor regions: 20->19(21)
[545.172s][info][gc,heap     ] GC(1085) Old regions: 106->95
[545.172s][info][gc,heap     ] GC(1085) Humongous regions: 6->6
[545.172s][info][gc,metaspace] GC(1085) Metaspace: 43134K(43584K)->43134K(43584K) NonClass: 38791K(39040K)->38791K(39040K) Class: 4343K(4544K)->4343K(4544K)
[545.172s][info][gc          ] GC(1085) Pause Young (Mixed) (G1 Evacuation Pause) 280M->119M(452M) 46.585ms
[545.172s][info][gc,cpu      ] GC(1085) User=0.08s Sys=0.01s Real=0.04s
[545.931s][info][gc,start    ] GC(1086) Pause Young (Mixed) (G1 Evacuation Pause)
[545.931s][info][gc,task     ] GC(1086) Using 2 workers of 2 for evacuation
[545.992s][info][gc,phases   ] GC(1086)   Pre Evacuate Collection Set: 0.24ms
[545.992s][info][gc,phases   ] GC(1086)   Merge Heap Roots: 0.18ms
[545.993s][info][gc,phases   ] GC(1086)   Evacuate Collection Set: 60.22ms
[545.993s][info][gc,phases   ] GC(1086)   Post Evacuate Collection Set: 0.60ms
[545.993s][info][gc,phases   ] GC(1086)   Other: 0.08ms
[545.993s][info][gc,heap     ] GC(1086) Eden regions: 248->0(242)
[545.993s][info][gc,heap     ] GC(1086) Survivor regions: 19->29(34)
[545.993s][info][gc,heap     ] GC(1086) Old regions: 95->70
[545.993s][info][gc,heap     ] GC(1086) Humongous regions: 10->10
[545.993s][info][gc,metaspace] GC(1086) Metaspace: 43134K(43584K)->43134K(43584K) NonClass: 38791K(39040K)->38791K(39040K) Class: 4343K(4544K)->4343K(4544K)
[545.993s][info][gc          ] GC(1086) Pause Young (Mixed) (G1 Evacuation Pause) 371M->109M(452M) 61.559ms
[545.993s][info][gc,cpu      ] GC(1086) User=0.12s Sys=0.00s Real=0.06s
[547.572s][info][gc,start    ] GC(1087) Pause Young (Normal) (G1 Evacuation Pause)
[547.572s][info][gc,task     ] GC(1087) Using 2 workers of 2 for evacuation
[547.641s][info][gc,phases   ] GC(1087)   Pre Evacuate Collection Set: 0.34ms
[547.641s][info][gc,phases   ] GC(1087)   Merge Heap Roots: 0.21ms
[547.641s][info][gc,phases   ] GC(1087)   Evacuate Collection Set: 67.82ms
[547.641s][info][gc,phases   ] GC(1087)   Post Evacuate Collection Set: 0.59ms
[547.641s][info][gc,phases   ] GC(1087)   Other: 0.09ms
[547.641s][info][gc,heap     ] GC(1087) Eden regions: 242->0(242)
[547.641s][info][gc,heap     ] GC(1087) Survivor regions: 29->21(34)
[547.641s][info][gc,heap     ] GC(1087) Old regions: 70->99
[547.641s][info][gc,heap     ] GC(1087) Humongous regions: 18->16
[547.641s][info][gc,metaspace] GC(1087) Metaspace: 43134K(43584K)->43134K(43584K) NonClass: 38791K(39040K)->38791K(39040K) Class: 4343K(4544K)->4343K(4544K)
[547.641s][info][gc          ] GC(1087) Pause Young (Normal) (G1 Evacuation Pause) 359M->135M(452M) 69.297ms
[547.641s][info][gc,cpu      ] GC(1087) User=0.13s Sys=0.00s Real=0.07s
[548.960s][info][gc,start    ] GC(1088) Pause Young (Normal) (G1 Evacuation Pause)
[548.960s][info][gc,task     ] GC(1088) Using 2 workers of 2 for evacuation
[548.994s][info][gc,phases   ] GC(1088)   Pre Evacuate Collection Set: 0.24ms
[548.994s][info][gc,phases   ] GC(1088)   Merge Heap Roots: 0.21ms
[548.994s][info][gc,phases   ] GC(1088)   Evacuate Collection Set: 33.59ms
[548.994s][info][gc,phases   ] GC(1088)   Post Evacuate Collection Set: 0.51ms
[548.994s][info][gc,phases   ] GC(1088)   Other: 0.07ms
[548.994s][info][gc,heap     ] GC(1088) Eden regions: 242->0(245)
[548.994s][info][gc,heap     ] GC(1088) Survivor regions: 21->8(33)
[548.994s][info][gc,heap     ] GC(1088) Old regions: 99->117
[548.994s][info][gc,heap     ] GC(1088) Humongous regions: 16->16
[548.994s][info][gc,metaspace] GC(1088) Metaspace: 43134K(43584K)->43134K(43584K) NonClass: 38791K(39040K)->38791K(39040K) Class: 4343K(4544K)->4343K(4544K)
[548.994s][info][gc          ] GC(1088) Pause Young (Normal) (G1 Evacuation Pause) 377M->141M(452M) 34.833ms
[548.994s][info][gc,cpu      ] GC(1088) User=0.07s Sys=0.00s Real=0.03s
[550.476s][info][gc,start    ] GC(1089) Pause Young (Concurrent Start) (G1 Evacuation Pause)
[550.476s][info][gc,task     ] GC(1089) Using 2 workers of 2 for evacuation
[550.507s][info][gc,phases   ] GC(1089)   Pre Evacuate Collection Set: 0.26ms
[550.507s][info][gc,phases   ] GC(1089)   Merge Heap Roots: 0.08ms
[550.507s][info][gc,phases   ] GC(1089)   Evacuate Collection Set: 29.92ms
[550.507s][info][gc,phases   ] GC(1089)   Post Evacuate Collection Set: 0.49ms
[550.507s][info][gc,phases   ] GC(1089)   Other: 0.09ms
[550.507s][info][gc,heap     ] GC(1089) Eden regions: 245->0(224)
[550.507s][info][gc,heap     ] GC(1089) Survivor regions: 8->32(32)
[550.507s][info][gc,heap     ] GC(1089) Old regions: 117->119
[550.507s][info][gc,heap     ] GC(1089) Humongous regions: 16->16
[550.507s][info][gc,metaspace] GC(1089) Metaspace: 43134K(43584K)->43134K(43584K) NonClass: 38791K(39040K)->38791K(39040K) Class: 4343K(4544K)->4343K(4544K)
[550.507s][info][gc          ] GC(1089) Pause Young (Concurrent Start) (G1 Evacuation Pause) 386M->166M(452M) 31.365ms
[550.507s][info][gc,cpu      ] GC(1089) User=0.06s Sys=0.00s Real=0.03s
[550.507s][info][gc          ] GC(1090) Concurrent Mark Cycle
[550.507s][info][gc,marking  ] GC(1090) Concurrent Scan Root Regions
[550.529s][info][gc,marking  ] GC(1090) Concurrent Scan Root Regions 21.356ms
[550.529s][info][gc,marking  ] GC(1090) Concurrent Mark
[550.529s][info][gc,marking  ] GC(1090) Concurrent Mark From Roots
[550.529s][info][gc,task     ] GC(1090) Using 1 workers of 1 for marking
[550.562s][info][gc,marking  ] GC(1090) Concurrent Mark From Roots 33.338ms
[550.562s][info][gc,marking  ] GC(1090) Concurrent Preclean
[550.562s][info][gc,marking  ] GC(1090) Concurrent Preclean 0.034ms
[550.562s][info][gc,start    ] GC(1090) Pause Remark
[550.579s][info][gc          ] GC(1090) Pause Remark 175M->91M(277M) 16.468ms
[550.579s][info][gc,cpu      ] GC(1090) User=0.03s Sys=0.00s Real=0.02s
[550.579s][info][gc,marking  ] GC(1090) Concurrent Mark 50.103ms
[550.579s][info][gc,marking  ] GC(1090) Concurrent Rebuild Remembered Sets and Scrub Regions
[550.592s][info][gc,marking  ] GC(1090) Concurrent Rebuild Remembered Sets and Scrub Regions 13.313ms
[550.592s][info][gc,start    ] GC(1090) Pause Cleanup
[550.592s][info][gc          ] GC(1090) Pause Cleanup 93M->93M(277M) 0.040ms
[550.592s][info][gc,cpu      ] GC(1090) User=0.00s Sys=0.00s Real=0.00s
[550.592s][info][gc,marking  ] GC(1090) Concurrent Clear Claimed Marks
[550.592s][info][gc,marking  ] GC(1090) Concurrent Clear Claimed Marks 0.033ms
[550.592s][info][gc,marking  ] GC(1090) Concurrent Cleanup for Next Mark
[550.593s][info][gc,marking  ] GC(1090) Concurrent Cleanup for Next Mark 0.993ms
[550.593s][info][gc          ] GC(1090) Concurrent Mark Cycle 86.172ms
[551.382s][info][gc,start    ] GC(1091) Pause Young (Prepare Mixed) (G1 Evacuation Pause)
[551.382s][info][gc,task     ] GC(1091) Using 2 workers of 2 for evacuation
[551.407s][info][gc,phases   ] GC(1091)   Pre Evacuate Collection Set: 0.18ms
[551.407s][info][gc,phases   ] GC(1091)   Merge Heap Roots: 0.10ms
[551.407s][info][gc,phases   ] GC(1091)   Evacuate Collection Set: 24.51ms
[551.407s][info][gc,phases   ] GC(1091)   Post Evacuate Collection Set: 0.47ms
[551.407s][info][gc,phases   ] GC(1091)   Other: 0.07ms
[551.407s][info][gc,heap     ] GC(1091) Eden regions: 134->0(152)
[551.407s][info][gc,heap     ] GC(1091) Survivor regions: 32->14(21)
[551.407s][info][gc,heap     ] GC(1091) Old regions: 50->67
[551.407s][info][gc,heap     ] GC(1091) Humongous regions: 2->2
[551.407s][info][gc,metaspace] GC(1091) Metaspace: 43134K(43584K)->43134K(43584K) NonClass: 38791K(39040K)->38791K(39040K) Class: 4343K(4544K)->4343K(4544K)
[551.407s][info][gc          ] GC(1091) Pause Young (Prepare Mixed) (G1 Evacuation Pause) 217M->81M(277M) 25.545ms
[551.407s][info][gc,cpu      ] GC(1091) User=0.05s Sys=0.00s Real=0.03s
[552.330s][info][gc,start    ] GC(1092) Pause Young (Mixed) (G1 Evacuation Pause)
[552.330s][info][gc,task     ] GC(1092) Using 2 workers of 2 for evacuation
[552.355s][info][gc,phases   ] GC(1092)   Pre Evacuate Collection Set: 0.20ms
[552.356s][info][gc,phases   ] GC(1092)   Merge Heap Roots: 0.11ms
[552.356s][info][gc,phases   ] GC(1092)   Evacuate Collection Set: 24.53ms
[552.356s][info][gc,phases   ] GC(1092)   Post Evacuate Collection Set: 0.45ms
[552.356s][info][gc,phases   ] GC(1092)   Other: 0.07ms
[552.356s][info][gc,heap     ] GC(1092) Eden regions: 152->0(152)
[552.356s][info][gc,heap     ] GC(1092) Survivor regions: 14->14(21)
[552.356s][info][gc,heap     ] GC(1092) Old regions: 67->72
[552.356s][info][gc,heap     ] GC(1092) Humongous regions: 2->2
[552.356s][info][gc,metaspace] GC(1092) Metaspace: 43134K(43584K)->43134K(43584K) NonClass: 38791K(39040K)->38791K(39040K) Class: 4343K(4544K)->4343K(4544K)
[552.356s][info][gc          ] GC(1092) Pause Young (Mixed) (G1 Evacuation Pause) 233M->87M(277M) 25.542ms
[552.356s][info][gc,cpu      ] GC(1092) User=0.05s Sys=0.00s Real=0.03s
[552.904s][info][gc,start    ] GC(1093) Pause Young (Concurrent Start) (G1 Humongous Allocation)
[552.904s][info][gc,task     ] GC(1093) Using 2 workers of 2 for evacuation
[552.927s][info][gc,phases   ] GC(1093)   Pre Evacuate Collection Set: 0.18ms
[552.927s][info][gc,phases   ] GC(1093)   Merge Heap Roots: 0.08ms
[552.928s][info][gc,phases   ] GC(1093)   Evacuate Collection Set: 23.16ms
[552.928s][info][gc,phases   ] GC(1093)   Post Evacuate Collection Set: 0.37ms
[552.928s][info][gc,phases   ] GC(1093)   Other: 0.10ms
[552.928s][info][gc,heap     ] GC(1093) Eden regions: 100->0(139)
[552.928s][info][gc,heap     ] GC(1093) Survivor regions: 14->14(21)
[552.928s][info][gc,heap     ] GC(1093) Old regions: 72->85
[552.928s][info][gc,heap     ] GC(1093) Humongous regions: 2->2
[552.928s][info][gc,metaspace] GC(1093) Metaspace: 43134K(43584K)->43134K(43584K) NonClass: 38791K(39040K)->38791K(39040K) Class: 4343K(4544K)->4343K(4544K)
[552.928s][info][gc          ] GC(1093) Pause Young (Concurrent Start) (G1 Humongous Allocation) 186M->100M(277M) 24.078ms
[552.928s][info][gc,cpu      ] GC(1093) User=0.05s Sys=0.01s Real=0.03s
[552.928s][info][gc          ] GC(1094) Concurrent Mark Cycle
[552.928s][info][gc,marking  ] GC(1094) Concurrent Scan Root Regions
[552.950s][info][gc,marking  ] GC(1094) Concurrent Scan Root Regions 21.830ms
[552.950s][info][gc,marking  ] GC(1094) Concurrent Mark
[552.950s][info][gc,marking  ] GC(1094) Concurrent Mark From Roots
[552.950s][info][gc,task     ] GC(1094) Using 1 workers of 1 for marking
[552.984s][info][gc,marking  ] GC(1094) Concurrent Mark From Roots 34.291ms
[552.984s][info][gc,marking  ] GC(1094) Concurrent Preclean
[552.984s][info][gc,marking  ] GC(1094) Concurrent Preclean 0.036ms
[552.984s][info][gc,start    ] GC(1094) Pause Remark
[553.000s][info][gc          ] GC(1094) Pause Remark 123M->110M(277M) 16.404ms
[553.001s][info][gc,cpu      ] GC(1094) User=0.03s Sys=0.00s Real=0.02s
[553.001s][info][gc,marking  ] GC(1094) Concurrent Mark 51.045ms
[553.001s][info][gc,marking  ] GC(1094) Concurrent Rebuild Remembered Sets and Scrub Regions
[553.025s][info][gc,marking  ] GC(1094) Concurrent Rebuild Remembered Sets and Scrub Regions 24.065ms
[553.025s][info][gc,start    ] GC(1094) Pause Cleanup
[553.025s][info][gc          ] GC(1094) Pause Cleanup 118M->118M(277M) 0.048ms
[553.025s][info][gc,cpu      ] GC(1094) User=0.00s Sys=0.00s Real=0.00s
[553.025s][info][gc,marking  ] GC(1094) Concurrent Clear Claimed Marks
[553.025s][info][gc,marking  ] GC(1094) Concurrent Clear Claimed Marks 0.034ms
[553.025s][info][gc,marking  ] GC(1094) Concurrent Cleanup for Next Mark
[553.026s][info][gc,marking  ] GC(1094) Concurrent Cleanup for Next Mark 0.817ms
[553.026s][info][gc          ] GC(1094) Concurrent Mark Cycle 98.092ms
[553.312s][info][gc,start    ] GC(1095) Pause Young (Prepare Mixed) (G1 Evacuation Pause)
[553.313s][info][gc,task     ] GC(1095) Using 2 workers of 2 for evacuation
[553.334s][info][gc,phases   ] GC(1095)   Pre Evacuate Collection Set: 0.17ms
[553.334s][info][gc,phases   ] GC(1095)   Merge Heap Roots: 0.09ms
[553.334s][info][gc,phases   ] GC(1095)   Evacuate Collection Set: 20.64ms
[553.334s][info][gc,phases   ] GC(1095)   Post Evacuate Collection Set: 0.39ms
[553.334s][info][gc,phases   ] GC(1095)   Other: 0.10ms
[553.334s][info][gc,heap     ] GC(1095) Eden regions: 139->0(138)
[553.334s][info][gc,heap     ] GC(1095) Survivor regions: 14->18(20)
[553.334s][info][gc,heap     ] GC(1095) Old regions: 73->77
[553.334s][info][gc,heap     ] GC(1095) Humongous regions: 4->4
[553.334s][info][gc,metaspace] GC(1095) Metaspace: 43134K(43584K)->43134K(43584K) NonClass: 38791K(39040K)->38791K(39040K) Class: 4343K(4544K)->4343K(4544K)
[553.334s][info][gc          ] GC(1095) Pause Young (Prepare Mixed) (G1 Evacuation Pause) 230M->98M(277M) 21.622ms
[553.334s][info][gc,cpu      ] GC(1095) User=0.04s Sys=0.00s Real=0.02s
[553.720s][info][gc,start    ] GC(1096) Pause Young (Mixed) (G1 Evacuation Pause)
[553.720s][info][gc,task     ] GC(1096) Using 2 workers of 2 for evacuation
[553.765s][info][gc,phases   ] GC(1096)   Pre Evacuate Collection Set: 0.17ms
[553.765s][info][gc,phases   ] GC(1096)   Merge Heap Roots: 0.21ms
[553.765s][info][gc,phases   ] GC(1096)   Evacuate Collection Set: 43.42ms
[553.765s][info][gc,phases   ] GC(1096)   Post Evacuate Collection Set: 0.62ms
[553.765s][info][gc,phases   ] GC(1096)   Other: 0.08ms
[553.765s][info][gc,heap     ] GC(1096) Eden regions: 138->0(141)
[553.765s][info][gc,heap     ] GC(1096) Survivor regions: 18->17(20)
[553.765s][info][gc,heap     ] GC(1096) Old regions: 77->70
[553.765s][info][gc,heap     ] GC(1096) Humongous regions: 6->6
[553.765s][info][gc,metaspace] GC(1096) Metaspace: 43134K(43584K)->43134K(43584K) NonClass: 38791K(39040K)->38791K(39040K) Class: 4343K(4544K)->4343K(4544K)
[553.765s][info][gc          ] GC(1096) Pause Young (Mixed) (G1 Evacuation Pause) 238M->93M(277M) 44.735ms
[553.765s][info][gc,cpu      ] GC(1096) User=0.08s Sys=0.00s Real=0.05s
[554.113s][info][gc,start    ] GC(1097) Pause Young (Concurrent Start) (G1 Evacuation Pause)
[554.113s][info][gc,task     ] GC(1097) Using 2 workers of 2 for evacuation
[554.152s][info][gc,phases   ] GC(1097)   Pre Evacuate Collection Set: 0.19ms
[554.152s][info][gc,phases   ] GC(1097)   Merge Heap Roots: 0.08ms
[554.152s][info][gc,phases   ] GC(1097)   Evacuate Collection Set: 37.23ms
[554.152s][info][gc,phases   ] GC(1097)   Post Evacuate Collection Set: 1.20ms
[554.152s][info][gc,phases   ] GC(1097)   Other: 0.21ms
[554.152s][info][gc,heap     ] GC(1097) Eden regions: 141->0(185)
[554.152s][info][gc,heap     ] GC(1097) Survivor regions: 17->17(20)
[554.152s][info][gc,heap     ] GC(1097) Old regions: 70->88
[554.152s][info][gc,heap     ] GC(1097) Humongous regions: 6->6
[554.152s][info][gc,metaspace] GC(1097) Metaspace: 43134K(43584K)->43134K(43584K) NonClass: 38791K(39040K)->38791K(39040K) Class: 4343K(4544K)->4343K(4544K)
[554.152s][info][gc          ] GC(1097) Pause Young (Concurrent Start) (G1 Evacuation Pause) 234M->110M(361M) 39.187ms
[554.152s][info][gc,cpu      ] GC(1097) User=0.07s Sys=0.01s Real=0.04s
[554.152s][info][gc          ] GC(1098) Concurrent Mark Cycle
[554.152s][info][gc,marking  ] GC(1098) Concurrent Scan Root Regions
[554.180s][info][gc,marking  ] GC(1098) Concurrent Scan Root Regions 28.210ms
[554.180s][info][gc,marking  ] GC(1098) Concurrent Mark
[554.180s][info][gc,marking  ] GC(1098) Concurrent Mark From Roots
[554.180s][info][gc,task     ] GC(1098) Using 1 workers of 1 for marking
[554.239s][info][gc,marking  ] GC(1098) Concurrent Mark From Roots 58.311ms
[554.239s][info][gc,marking  ] GC(1098) Concurrent Preclean
[554.239s][info][gc,marking  ] GC(1098) Concurrent Preclean 0.044ms
[554.239s][info][gc,start    ] GC(1098) Pause Remark
[554.256s][info][gc          ] GC(1098) Pause Remark 138M->130M(344M) 16.692ms
[554.256s][info][gc,cpu      ] GC(1098) User=0.03s Sys=0.00s Real=0.02s
[554.257s][info][gc,marking  ] GC(1098) Concurrent Mark 76.561ms
[554.257s][info][gc,marking  ] GC(1098) Concurrent Rebuild Remembered Sets and Scrub Regions
[554.296s][info][gc,marking  ] GC(1098) Concurrent Rebuild Remembered Sets and Scrub Regions 39.194ms
[554.296s][info][gc,start    ] GC(1098) Pause Cleanup
[554.296s][info][gc          ] GC(1098) Pause Cleanup 142M->142M(344M) 0.054ms
[554.296s][info][gc,cpu      ] GC(1098) User=0.00s Sys=0.00s Real=0.00s
[554.296s][info][gc,marking  ] GC(1098) Concurrent Clear Claimed Marks
[554.296s][info][gc,marking  ] GC(1098) Concurrent Clear Claimed Marks 0.041ms
[554.296s][info][gc,marking  ] GC(1098) Concurrent Cleanup for Next Mark
[554.298s][info][gc,marking  ] GC(1098) Concurrent Cleanup for Next Mark 1.843ms
[554.298s][info][gc          ] GC(1098) Concurrent Mark Cycle 146.252ms
[554.743s][info][gc,start    ] GC(1099) Pause Young (Prepare Mixed) (G1 Evacuation Pause)
[554.743s][info][gc,task     ] GC(1099) Using 2 workers of 2 for evacuation
[554.790s][info][gc,phases   ] GC(1099)   Pre Evacuate Collection Set: 0.22ms
[554.790s][info][gc,phases   ] GC(1099)   Merge Heap Roots: 0.19ms
[554.790s][info][gc,phases   ] GC(1099)   Evacuate Collection Set: 46.44ms
[554.790s][info][gc,phases   ] GC(1099)   Post Evacuate Collection Set: 0.51ms
[554.790s][info][gc,phases   ] GC(1099)   Other: 0.09ms
[554.790s][info][gc,heap     ] GC(1099) Eden regions: 185->0(164)
[554.790s][info][gc,heap     ] GC(1099) Survivor regions: 17->21(26)
[554.790s][info][gc,heap     ] GC(1099) Old regions: 81->98
[554.790s][info][gc,heap     ] GC(1099) Humongous regions: 9->9
[554.790s][info][gc,metaspace] GC(1099) Metaspace: 43134K(43584K)->43134K(43584K) NonClass: 38791K(39040K)->38791K(39040K) Class: 4343K(4544K)->4343K(4544K)
[554.790s][info][gc          ] GC(1099) Pause Young (Prepare Mixed) (G1 Evacuation Pause) 291M->127M(344M) 47.667ms
[554.790s][info][gc,cpu      ] GC(1099) User=0.09s Sys=0.00s Real=0.05s
[556.209s][info][gc,start    ] GC(1100) Pause Young (Mixed) (G1 Evacuation Pause)
[556.209s][info][gc,task     ] GC(1100) Using 2 workers of 2 for evacuation
[556.259s][info][gc,phases   ] GC(1100)   Pre Evacuate Collection Set: 0.28ms
[556.259s][info][gc,phases   ] GC(1100)   Merge Heap Roots: 0.21ms
[556.259s][info][gc,phases   ] GC(1100)   Evacuate Collection Set: 48.02ms
[556.259s][info][gc,phases   ] GC(1100)   Post Evacuate Collection Set: 0.51ms
[556.259s][info][gc,phases   ] GC(1100)   Other: 0.07ms
[556.259s][info][gc,heap     ] GC(1100) Eden regions: 164->0(158)
[556.259s][info][gc,heap     ] GC(1100) Survivor regions: 21->12(24)
[556.259s][info][gc,heap     ] GC(1100) Old regions: 98->114
[556.259s][info][gc,heap     ] GC(1100) Humongous regions: 17->15
[556.259s][info][gc,metaspace] GC(1100) Metaspace: 43134K(43584K)->43134K(43584K) NonClass: 38791K(39040K)->38791K(39040K) Class: 4343K(4544K)->4343K(4544K)
[556.259s][info][gc          ] GC(1100) Pause Young (Mixed) (G1 Evacuation Pause) 299M->139M(344M) 49.327ms
[556.259s][info][gc,cpu      ] GC(1100) User=0.09s Sys=0.00s Real=0.05s
[556.945s][info][gc,start    ] GC(1101) Pause Young (Concurrent Start) (G1 Evacuation Pause)
[556.945s][info][gc,task     ] GC(1101) Using 2 workers of 2 for evacuation
[556.973s][info][gc,phases   ] GC(1101)   Pre Evacuate Collection Set: 0.20ms
[556.973s][info][gc,phases   ] GC(1101)   Merge Heap Roots: 0.15ms
[556.973s][info][gc,phases   ] GC(1101)   Evacuate Collection Set: 26.59ms
[556.973s][info][gc,phases   ] GC(1101)   Post Evacuate Collection Set: 0.41ms
[556.973s][info][gc,phases   ] GC(1101)   Other: 0.10ms
[556.973s][info][gc,heap     ] GC(1101) Eden regions: 158->0(155)
[556.973s][info][gc,heap     ] GC(1101) Survivor regions: 12->8(22)
[556.973s][info][gc,heap     ] GC(1101) Old regions: 114->125
[556.973s][info][gc,heap     ] GC(1101) Humongous regions: 15->15
[556.973s][info][gc,metaspace] GC(1101) Metaspace: 43134K(43584K)->43134K(43584K) NonClass: 38791K(39040K)->38791K(39040K) Class: 4343K(4544K)->4343K(4544K)
[556.973s][info][gc          ] GC(1101) Pause Young (Concurrent Start) (G1 Evacuation Pause) 297M->146M(344M) 27.659ms
[556.973s][info][gc,cpu      ] GC(1101) User=0.06s Sys=0.00s Real=0.02s
[556.973s][info][gc          ] GC(1102) Concurrent Mark Cycle
[556.973s][info][gc,marking  ] GC(1102) Concurrent Scan Root Regions
[556.990s][info][gc,marking  ] GC(1102) Concurrent Scan Root Regions 16.627ms
[556.990s][info][gc,marking  ] GC(1102) Concurrent Mark
[556.990s][info][gc,marking  ] GC(1102) Concurrent Mark From Roots
[556.990s][info][gc,task     ] GC(1102) Using 1 workers of 1 for marking
[557.027s][info][gc,marking  ] GC(1102) Concurrent Mark From Roots 37.515ms
[557.027s][info][gc,marking  ] GC(1102) Concurrent Preclean
[557.027s][info][gc,marking  ] GC(1102) Concurrent Preclean 0.041ms
[557.027s][info][gc,start    ] GC(1102) Pause Remark
[557.044s][info][gc          ] GC(1102) Pause Remark 156M->116M(344M) 16.178ms
[557.044s][info][gc,cpu      ] GC(1102) User=0.03s Sys=0.00s Real=0.01s
[557.044s][info][gc,marking  ] GC(1102) Concurrent Mark 54.036ms
[557.044s][info][gc,marking  ] GC(1102) Concurrent Rebuild Remembered Sets and Scrub Regions
[557.078s][info][gc,marking  ] GC(1102) Concurrent Rebuild Remembered Sets and Scrub Regions 33.872ms
[557.078s][info][gc,start    ] GC(1102) Pause Cleanup
[557.078s][info][gc          ] GC(1102) Pause Cleanup 123M->123M(344M) 0.071ms
[557.078s][info][gc,cpu      ] GC(1102) User=0.00s Sys=0.00s Real=0.00s
[557.078s][info][gc,marking  ] GC(1102) Concurrent Clear Claimed Marks
[557.078s][info][gc,marking  ] GC(1102) Concurrent Clear Claimed Marks 0.037ms
[557.078s][info][gc,marking  ] GC(1102) Concurrent Cleanup for Next Mark
[557.079s][info][gc,marking  ] GC(1102) Concurrent Cleanup for Next Mark 1.007ms
[557.079s][info][gc          ] GC(1102) Concurrent Mark Cycle 106.004ms
[557.883s][info][gc,start    ] GC(1103) Pause Young (Prepare Mixed) (G1 Evacuation Pause)
[557.883s][info][gc,task     ] GC(1103) Using 2 workers of 2 for evacuation
[557.897s][info][gc,phases   ] GC(1103)   Pre Evacuate Collection Set: 0.20ms
[557.897s][info][gc,phases   ] GC(1103)   Merge Heap Roots: 0.07ms
[557.897s][info][gc,phases   ] GC(1103)   Evacuate Collection Set: 12.90ms
[557.897s][info][gc,phases   ] GC(1103)   Post Evacuate Collection Set: 0.38ms
[557.897s][info][gc,phases   ] GC(1103)   Other: 0.10ms
[557.897s][info][gc,heap     ] GC(1103) Eden regions: 155->0(184)
[557.897s][info][gc,heap     ] GC(1103) Survivor regions: 8->15(21)
[557.897s][info][gc,heap     ] GC(1103) Old regions: 98->98
[557.897s][info][gc,heap     ] GC(1103) Humongous regions: 1->1
[557.897s][info][gc,metaspace] GC(1103) Metaspace: 43134K(43584K)->43134K(43584K) NonClass: 38791K(39040K)->38791K(39040K) Class: 4343K(4544K)->4343K(4544K)
[557.897s][info][gc          ] GC(1103) Pause Young (Prepare Mixed) (G1 Evacuation Pause) 261M->113M(344M) 13.887ms
[557.897s][info][gc,cpu      ] GC(1103) User=0.03s Sys=0.00s Real=0.02s
[559.022s][info][gc,start    ] GC(1104) Pause Young (Mixed) (G1 Evacuation Pause)
[559.022s][info][gc,task     ] GC(1104) Using 2 workers of 2 for evacuation
[559.041s][info][gc,phases   ] GC(1104)   Pre Evacuate Collection Set: 0.21ms
[559.041s][info][gc,phases   ] GC(1104)   Merge Heap Roots: 0.57ms
[559.041s][info][gc,phases   ] GC(1104)   Evacuate Collection Set: 17.80ms
[559.041s][info][gc,phases   ] GC(1104)   Post Evacuate Collection Set: 0.47ms
[559.041s][info][gc,phases   ] GC(1104)   Other: 0.07ms
[559.041s][info][gc,heap     ] GC(1104) Eden regions: 184->0(193)
[559.041s][info][gc,heap     ] GC(1104) Survivor regions: 15->13(25)
[559.041s][info][gc,heap     ] GC(1104) Old regions: 98->69
[559.041s][info][gc,heap     ] GC(1104) Humongous regions: 1->1
[559.041s][info][gc,metaspace] GC(1104) Metaspace: 43134K(43584K)->43134K(43584K) NonClass: 38791K(39040K)->38791K(39040K) Class: 4343K(4544K)->4343K(4544K)
[559.041s][info][gc          ] GC(1104) Pause Young (Mixed) (G1 Evacuation Pause) 297M->83M(344M) 19.349ms
[559.041s][info][gc,cpu      ] GC(1104) User=0.03s Sys=0.00s Real=0.02s
[560.253s][info][gc,start    ] GC(1105) Pause Young (Mixed) (G1 Evacuation Pause)
[560.253s][info][gc,task     ] GC(1105) Using 2 workers of 2 for evacuation
[560.286s][info][gc,phases   ] GC(1105)   Pre Evacuate Collection Set: 0.24ms
[560.286s][info][gc,phases   ] GC(1105)   Merge Heap Roots: 0.40ms
[560.286s][info][gc,phases   ] GC(1105)   Evacuate Collection Set: 32.28ms
[560.286s][info][gc,phases   ] GC(1105)   Post Evacuate Collection Set: 0.52ms
[560.286s][info][gc,phases   ] GC(1105)   Other: 0.07ms
[560.286s][info][gc,heap     ] GC(1105) Eden regions: 193->0(180)
[560.286s][info][gc,heap     ] GC(1105) Survivor regions: 13->26(26)
[560.286s][info][gc,heap     ] GC(1105) Old regions: 69->61
[560.286s][info][gc,heap     ] GC(1105) Humongous regions: 2->2
[560.286s][info][gc,metaspace] GC(1105) Metaspace: 43134K(43584K)->43134K(43584K) NonClass: 38791K(39040K)->38791K(39040K) Class: 4343K(4544K)->4343K(4544K)
[560.286s][info][gc          ] GC(1105) Pause Young (Mixed) (G1 Evacuation Pause) 277M->88M(344M) 33.734ms
[560.286s][info][gc,cpu      ] GC(1105) User=0.07s Sys=0.00s Real=0.04s
[561.427s][info][gc,start    ] GC(1106) Pause Young (Concurrent Start) (G1 Evacuation Pause)
[561.427s][info][gc,task     ] GC(1106) Using 2 workers of 2 for evacuation
[561.476s][info][gc,phases   ] GC(1106)   Pre Evacuate Collection Set: 0.27ms
[561.476s][info][gc,phases   ] GC(1106)   Merge Heap Roots: 0.14ms
[561.476s][info][gc,phases   ] GC(1106)   Evacuate Collection Set: 47.94ms
[561.476s][info][gc,phases   ] GC(1106)   Post Evacuate Collection Set: 0.54ms
[561.476s][info][gc,phases   ] GC(1106)   Other: 0.13ms
[561.476s][info][gc,heap     ] GC(1106) Eden regions: 180->0(189)
[561.476s][info][gc,heap     ] GC(1106) Survivor regions: 26->17(26)
[561.476s][info][gc,heap     ] GC(1106) Old regions: 61->87
[561.476s][info][gc,heap     ] GC(1106) Humongous regions: 2->2
[561.476s][info][gc,metaspace] GC(1106) Metaspace: 43134K(43584K)->43134K(43584K) NonClass: 38791K(39040K)->38791K(39040K) Class: 4343K(4544K)->4343K(4544K)
[561.476s][info][gc          ] GC(1106) Pause Young (Concurrent Start) (G1 Evacuation Pause) 268M->106M(344M) 49.320ms
[561.476s][info][gc,cpu      ] GC(1106) User=0.09s Sys=0.00s Real=0.05s
[561.476s][info][gc          ] GC(1107) Concurrent Mark Cycle
[561.476s][info][gc,marking  ] GC(1107) Concurrent Scan Root Regions
[561.514s][info][gc,marking  ] GC(1107) Concurrent Scan Root Regions 37.787ms
[561.514s][info][gc,marking  ] GC(1107) Concurrent Mark
[561.514s][info][gc,marking  ] GC(1107) Concurrent Mark From Roots
[561.514s][info][gc,task     ] GC(1107) Using 1 workers of 1 for marking
[561.557s][info][gc,marking  ] GC(1107) Concurrent Mark From Roots 42.727ms
[561.557s][info][gc,marking  ] GC(1107) Concurrent Preclean
[561.557s][info][gc,marking  ] GC(1107) Concurrent Preclean 0.043ms
[561.557s][info][gc,start    ] GC(1107) Pause Remark
[561.574s][info][gc          ] GC(1107) Pause Remark 126M->115M(317M) 16.671ms
[561.574s][info][gc,cpu      ] GC(1107) User=0.03s Sys=0.00s Real=0.01s
[561.574s][info][gc,marking  ] GC(1107) Concurrent Mark 59.755ms
[561.574s][info][gc,marking  ] GC(1107) Concurrent Rebuild Remembered Sets and Scrub Regions
[561.609s][info][gc,marking  ] GC(1107) Concurrent Rebuild Remembered Sets and Scrub Regions 35.620ms
[561.609s][info][gc,start    ] GC(1107) Pause Cleanup
[561.610s][info][gc          ] GC(1107) Pause Cleanup 123M->123M(317M) 0.046ms
[561.610s][info][gc,cpu      ] GC(1107) User=0.00s Sys=0.00s Real=0.00s
[561.610s][info][gc,marking  ] GC(1107) Concurrent Clear Claimed Marks
[561.610s][info][gc,marking  ] GC(1107) Concurrent Clear Claimed Marks 0.038ms
[561.610s][info][gc,marking  ] GC(1107) Concurrent Cleanup for Next Mark
[561.611s][info][gc,marking  ] GC(1107) Concurrent Cleanup for Next Mark 0.947ms
[561.611s][info][gc          ] GC(1107) Concurrent Mark Cycle 134.444ms
[562.231s][info][gc,start    ] GC(1108) Pause Young (Prepare Mixed) (G1 Evacuation Pause)
[562.232s][info][gc,task     ] GC(1108) Using 2 workers of 2 for evacuation
[562.241s][info][gc,phases   ] GC(1108)   Pre Evacuate Collection Set: 0.19ms
[562.241s][info][gc,phases   ] GC(1108)   Merge Heap Roots: 0.08ms
[562.241s][info][gc,phases   ] GC(1108)   Evacuate Collection Set: 8.64ms
[562.241s][info][gc,phases   ] GC(1108)   Post Evacuate Collection Set: 0.46ms
[562.241s][info][gc,phases   ] GC(1108)   Other: 0.08ms
[562.241s][info][gc,heap     ] GC(1108) Eden regions: 173->0(181)
[562.241s][info][gc,heap     ] GC(1108) Survivor regions: 17->9(24)
[562.241s][info][gc,heap     ] GC(1108) Old regions: 76->78
[562.241s][info][gc,heap     ] GC(1108) Humongous regions: 16->4
[562.241s][info][gc,metaspace] GC(1108) Metaspace: 43134K(43584K)->43134K(43584K) NonClass: 38791K(39040K)->38791K(39040K) Class: 4343K(4544K)->4343K(4544K)
[562.241s][info][gc          ] GC(1108) Pause Young (Prepare Mixed) (G1 Evacuation Pause) 282M->90M(317M) 9.639ms
[562.241s][info][gc,cpu      ] GC(1108) User=0.02s Sys=0.00s Real=0.01s
[562.999s][info][gc,start    ] GC(1109) Pause Young (Mixed) (G1 Evacuation Pause)
[562.999s][info][gc,task     ] GC(1109) Using 2 workers of 2 for evacuation
[563.014s][info][gc,phases   ] GC(1109)   Pre Evacuate Collection Set: 0.20ms
[563.014s][info][gc,phases   ] GC(1109)   Merge Heap Roots: 0.14ms
[563.014s][info][gc,phases   ] GC(1109)   Evacuate Collection Set: 14.47ms
[563.014s][info][gc,phases   ] GC(1109)   Post Evacuate Collection Set: 0.51ms
[563.014s][info][gc,phases   ] GC(1109)   Other: 0.09ms
[563.014s][info][gc,heap     ] GC(1109) Eden regions: 181->0(176)
[563.014s][info][gc,heap     ] GC(1109) Survivor regions: 9->14(24)
[563.014s][info][gc,heap     ] GC(1109) Old regions: 78->73
[563.014s][info][gc,heap     ] GC(1109) Humongous regions: 14->4
[563.014s][info][gc,metaspace] GC(1109) Metaspace: 43134K(43584K)->43134K(43584K) NonClass: 38791K(39040K)->38791K(39040K) Class: 4343K(4544K)->4343K(4544K)
[563.014s][info][gc          ] GC(1109) Pause Young (Mixed) (G1 Evacuation Pause) 281M->90M(317M) 15.613ms
[563.014s][info][gc,cpu      ] GC(1109) User=0.03s Sys=0.00s Real=0.01s
[563.103s][info][gc,start    ] GC(1110) Pause Young (Concurrent Start) (G1 Humongous Allocation)
[563.103s][info][gc,task     ] GC(1110) Using 2 workers of 2 for evacuation
[563.109s][info][gc,phases   ] GC(1110)   Pre Evacuate Collection Set: 0.20ms
[563.109s][info][gc,phases   ] GC(1110)   Merge Heap Roots: 0.06ms
[563.109s][info][gc,phases   ] GC(1110)   Evacuate Collection Set: 5.33ms
[563.109s][info][gc,phases   ] GC(1110)   Post Evacuate Collection Set: 0.32ms
[563.109s][info][gc,phases   ] GC(1110)   Other: 0.07ms
[563.109s][info][gc,heap     ] GC(1110) Eden regions: 19->0(188)
[563.109s][info][gc,heap     ] GC(1110) Survivor regions: 14->2(24)
[563.109s][info][gc,heap     ] GC(1110) Old regions: 73->80
[563.109s][info][gc,heap     ] GC(1110) Humongous regions: 4->2
[563.109s][info][gc,metaspace] GC(1110) Metaspace: 43134K(43584K)->43134K(43584K) NonClass: 38791K(39040K)->38791K(39040K) Class: 4343K(4544K)->4343K(4544K)
[563.109s][info][gc          ] GC(1110) Pause Young (Concurrent Start) (G1 Humongous Allocation) 108M->83M(317M) 6.161ms
[563.109s][info][gc,cpu      ] GC(1110) User=0.01s Sys=0.00s Real=0.01s
[563.109s][info][gc          ] GC(1111) Concurrent Mark Cycle
[563.109s][info][gc,marking  ] GC(1111) Concurrent Scan Root Regions
[563.120s][info][gc,marking  ] GC(1111) Concurrent Scan Root Regions 10.472ms
[563.120s][info][gc,marking  ] GC(1111) Concurrent Mark
[563.120s][info][gc,marking  ] GC(1111) Concurrent Mark From Roots
[563.120s][info][gc,task     ] GC(1111) Using 1 workers of 1 for marking
[563.158s][info][gc,marking  ] GC(1111) Concurrent Mark From Roots 38.616ms
[563.158s][info][gc,marking  ] GC(1111) Concurrent Preclean
[563.158s][info][gc,marking  ] GC(1111) Concurrent Preclean 0.041ms
[563.159s][info][gc,start    ] GC(1111) Pause Remark
[563.175s][info][gc          ] GC(1111) Pause Remark 94M->76M(256M) 16.056ms
[563.175s][info][gc,cpu      ] GC(1111) User=0.04s Sys=0.00s Real=0.01s
[563.176s][info][gc,marking  ] GC(1111) Concurrent Mark 56.156ms
[563.176s][info][gc,marking  ] GC(1111) Concurrent Rebuild Remembered Sets and Scrub Regions
[563.194s][info][gc,marking  ] GC(1111) Concurrent Rebuild Remembered Sets and Scrub Regions 17.647ms
[563.194s][info][gc,start    ] GC(1111) Pause Cleanup
[563.194s][info][gc          ] GC(1111) Pause Cleanup 79M->79M(256M) 0.056ms
[563.194s][info][gc,cpu      ] GC(1111) User=0.00s Sys=0.00s Real=0.00s
[563.194s][info][gc,marking  ] GC(1111) Concurrent Clear Claimed Marks
[563.194s][info][gc,marking  ] GC(1111) Concurrent Clear Claimed Marks 0.047ms
[563.194s][info][gc,marking  ] GC(1111) Concurrent Cleanup for Next Mark
[563.195s][info][gc,marking  ] GC(1111) Concurrent Cleanup for Next Mark 0.753ms
[563.195s][info][gc          ] GC(1111) Concurrent Mark Cycle 85.449ms
[563.716s][info][gc,start    ] GC(1112) Pause Young (Prepare Mixed) (G1 Evacuation Pause)
[563.716s][info][gc,task     ] GC(1112) Using 2 workers of 2 for evacuation
[563.733s][info][gc,phases   ] GC(1112)   Pre Evacuate Collection Set: 0.17ms
[563.733s][info][gc,phases   ] GC(1112)   Merge Heap Roots: 0.06ms
[563.733s][info][gc,phases   ] GC(1112)   Evacuate Collection Set: 16.27ms
[563.733s][info][gc,phases   ] GC(1112)   Post Evacuate Collection Set: 0.44ms
[563.733s][info][gc,phases   ] GC(1112)   Other: 0.11ms
[563.733s][info][gc,heap     ] GC(1112) Eden regions: 151->0(135)
[563.733s][info][gc,heap     ] GC(1112) Survivor regions: 2->18(20)
[563.733s][info][gc,heap     ] GC(1112) Old regions: 63->63
[563.733s][info][gc,heap     ] GC(1112) Humongous regions: 9->3
[563.733s][info][gc,metaspace] GC(1112) Metaspace: 43134K(43584K)->43134K(43584K) NonClass: 38791K(39040K)->38791K(39040K) Class: 4343K(4544K)->4343K(4544K)
[563.733s][info][gc          ] GC(1112) Pause Young (Prepare Mixed) (G1 Evacuation Pause) 224M->83M(256M) 17.247ms
[563.733s][info][gc,cpu      ] GC(1112) User=0.03s Sys=0.00s Real=0.01s
[564.344s][info][gc,start    ] GC(1113) Pause Young (Mixed) (G1 Evacuation Pause)
[564.344s][info][gc,task     ] GC(1113) Using 2 workers of 2 for evacuation
[564.348s][info][gc,phases   ] GC(1113)   Pre Evacuate Collection Set: 0.18ms
[564.348s][info][gc,phases   ] GC(1113)   Merge Heap Roots: 0.07ms
[564.348s][info][gc,phases   ] GC(1113)   Evacuate Collection Set: 3.57ms
[564.348s][info][gc,phases   ] GC(1113)   Post Evacuate Collection Set: 0.41ms
[564.348s][info][gc,phases   ] GC(1113)   Other: 0.09ms
[564.348s][info][gc,heap     ] GC(1113) Eden regions: 135->0(151)
[564.348s][info][gc,heap     ] GC(1113) Survivor regions: 18->2(20)
[564.348s][info][gc,heap     ] GC(1113) Old regions: 63->47
[564.348s][info][gc,heap     ] GC(1113) Humongous regions: 9->3
[564.348s][info][gc,metaspace] GC(1113) Metaspace: 43134K(43584K)->43134K(43584K) NonClass: 38791K(39040K)->38791K(39040K) Class: 4343K(4544K)->4343K(4544K)
[564.348s][info][gc          ] GC(1113) Pause Young (Mixed) (G1 Evacuation Pause) 224M->51M(256M) 4.509ms
[564.348s][info][gc,cpu      ] GC(1113) User=0.01s Sys=0.00s Real=0.01s
[564.425s][info][gc,start    ] GC(1114) Pause Young (Concurrent Start) (G1 Humongous Allocation)
[564.425s][info][gc,task     ] GC(1114) Using 2 workers of 2 for evacuation
[564.428s][info][gc,phases   ] GC(1114)   Pre Evacuate Collection Set: 0.40ms
[564.428s][info][gc,phases   ] GC(1114)   Merge Heap Roots: 0.05ms
[564.428s][info][gc,phases   ] GC(1114)   Evacuate Collection Set: 1.60ms
[564.428s][info][gc,phases   ] GC(1114)   Post Evacuate Collection Set: 0.38ms
[564.428s][info][gc,phases   ] GC(1114)   Other: 0.82ms
[564.428s][info][gc,heap     ] GC(1114) Eden regions: 20->0(151)
[564.428s][info][gc,heap     ] GC(1114) Survivor regions: 2->2(20)
[564.428s][info][gc,heap     ] GC(1114) Old regions: 47->47
[564.428s][info][gc,heap     ] GC(1114) Humongous regions: 3->1
[564.428s][info][gc,metaspace] GC(1114) Metaspace: 43134K(43584K)->43134K(43584K) NonClass: 38791K(39040K)->38791K(39040K) Class: 4343K(4544K)->4343K(4544K)
[564.428s][info][gc          ] GC(1114) Pause Young (Concurrent Start) (G1 Humongous Allocation) 71M->48M(256M) 3.452ms
[564.428s][info][gc,cpu      ] GC(1114) User=0.00s Sys=0.00s Real=0.01s
[564.428s][info][gc          ] GC(1115) Concurrent Mark Cycle
[564.428s][info][gc,marking  ] GC(1115) Concurrent Scan Root Regions
[564.430s][info][gc,marking  ] GC(1115) Concurrent Scan Root Regions 1.979ms
[564.430s][info][gc,marking  ] GC(1115) Concurrent Mark
[564.430s][info][gc,marking  ] GC(1115) Concurrent Mark From Roots
[564.430s][info][gc,task     ] GC(1115) Using 1 workers of 1 for marking
[564.497s][info][gc,marking  ] GC(1115) Concurrent Mark From Roots 66.916ms
[564.497s][info][gc,marking  ] GC(1115) Concurrent Preclean
[564.497s][info][gc,marking  ] GC(1115) Concurrent Preclean 0.042ms
[564.498s][info][gc,start    ] GC(1115) Pause Remark
[564.514s][info][gc          ] GC(1115) Pause Remark 62M->62M(256M) 16.520ms
[564.514s][info][gc,cpu      ] GC(1115) User=0.03s Sys=0.00s Real=0.01s
[564.514s][info][gc,marking  ] GC(1115) Concurrent Mark 83.799ms
[564.514s][info][gc,marking  ] GC(1115) Concurrent Rebuild Remembered Sets and Scrub Regions
[564.533s][info][gc,marking  ] GC(1115) Concurrent Rebuild Remembered Sets and Scrub Regions 18.887ms
[564.533s][info][gc,start    ] GC(1115) Pause Cleanup
[564.533s][info][gc          ] GC(1115) Pause Cleanup 65M->65M(256M) 0.044ms
[564.533s][info][gc,cpu      ] GC(1115) User=0.00s Sys=0.00s Real=0.00s
[564.533s][info][gc,marking  ] GC(1115) Concurrent Clear Claimed Marks
[564.533s][info][gc,marking  ] GC(1115) Concurrent Clear Claimed Marks 0.036ms
[564.533s][info][gc,marking  ] GC(1115) Concurrent Cleanup for Next Mark
[564.534s][info][gc,marking  ] GC(1115) Concurrent Cleanup for Next Mark 0.764ms
[564.534s][info][gc          ] GC(1115) Concurrent Mark Cycle 105.776ms
[565.024s][info][gc,start    ] GC(1116) Pause Young (Prepare Mixed) (G1 Evacuation Pause)
[565.024s][info][gc,task     ] GC(1116) Using 2 workers of 2 for evacuation
[565.027s][info][gc,phases   ] GC(1116)   Pre Evacuate Collection Set: 0.16ms
[565.027s][info][gc,phases   ] GC(1116)   Merge Heap Roots: 0.06ms
[565.027s][info][gc,phases   ] GC(1116)   Evacuate Collection Set: 2.94ms
[565.027s][info][gc,phases   ] GC(1116)   Post Evacuate Collection Set: 0.40ms
[565.027s][info][gc,phases   ] GC(1116)   Other: 0.07ms
[565.027s][info][gc,heap     ] GC(1116) Eden regions: 151->0(150)
[565.027s][info][gc,heap     ] GC(1116) Survivor regions: 2->3(20)
[565.027s][info][gc,heap     ] GC(1116) Old regions: 47->47
[565.027s][info][gc,heap     ] GC(1116) Humongous regions: 17->3
[565.027s][info][gc,metaspace] GC(1116) Metaspace: 43134K(43584K)->43134K(43584K) NonClass: 38791K(39040K)->38791K(39040K) Class: 4343K(4544K)->4343K(4544K)
[565.027s][info][gc          ] GC(1116) Pause Young (Prepare Mixed) (G1 Evacuation Pause) 215M->52M(256M) 3.788ms
[565.027s][info][gc,cpu      ] GC(1116) User=0.01s Sys=0.00s Real=0.01s
[565.624s][info][gc,start    ] GC(1117) Pause Young (Mixed) (G1 Evacuation Pause)
[565.624s][info][gc,task     ] GC(1117) Using 2 workers of 2 for evacuation
[565.631s][info][gc,phases   ] GC(1117)   Pre Evacuate Collection Set: 0.18ms
[565.631s][info][gc,phases   ] GC(1117)   Merge Heap Roots: 0.07ms
[565.631s][info][gc,phases   ] GC(1117)   Evacuate Collection Set: 6.28ms
[565.631s][info][gc,phases   ] GC(1117)   Post Evacuate Collection Set: 0.42ms
[565.631s][info][gc,phases   ] GC(1117)   Other: 0.07ms
[565.631s][info][gc,heap     ] GC(1117) Eden regions: 150->0(147)
[565.631s][info][gc,heap     ] GC(1117) Survivor regions: 3->6(20)
[565.631s][info][gc,heap     ] GC(1117) Old regions: 47->43
[565.631s][info][gc,heap     ] GC(1117) Humongous regions: 13->3
[565.631s][info][gc,metaspace] GC(1117) Metaspace: 43134K(43584K)->43134K(43584K) NonClass: 38791K(39040K)->38791K(39040K) Class: 4343K(4544K)->4343K(4544K)
[565.631s][info][gc          ] GC(1117) Pause Young (Mixed) (G1 Evacuation Pause) 212M->51M(256M) 7.198ms
[565.631s][info][gc,cpu      ] GC(1117) User=0.01s Sys=0.00s Real=0.01s
[565.637s][info][gc,start    ] GC(1118) Pause Young (Concurrent Start) (G1 Humongous Allocation)
[565.637s][info][gc,task     ] GC(1118) Using 2 workers of 2 for evacuation
[565.641s][info][gc,phases   ] GC(1118)   Pre Evacuate Collection Set: 0.14ms
[565.641s][info][gc,phases   ] GC(1118)   Merge Heap Roots: 0.04ms
[565.641s][info][gc,phases   ] GC(1118)   Evacuate Collection Set: 2.89ms
[565.641s][info][gc,phases   ] GC(1118)   Post Evacuate Collection Set: 0.24ms
[565.641s][info][gc,phases   ] GC(1118)   Other: 0.07ms
[565.641s][info][gc,heap     ] GC(1118) Eden regions: 2->0(150)
[565.641s][info][gc,heap     ] GC(1118) Survivor regions: 6->3(20)
[565.641s][info][gc,heap     ] GC(1118) Old regions: 43->43
[565.641s][info][gc,heap     ] GC(1118) Humongous regions: 3->1
[565.641s][info][gc,metaspace] GC(1118) Metaspace: 43134K(43584K)->43134K(43584K) NonClass: 38791K(39040K)->38791K(39040K) Class: 4343K(4544K)->4343K(4544K)
[565.641s][info][gc          ] GC(1118) Pause Young (Concurrent Start) (G1 Humongous Allocation) 53M->46M(256M) 3.527ms
[565.641s][info][gc,cpu      ] GC(1118) User=0.01s Sys=0.00s Real=0.00s
[565.641s][info][gc          ] GC(1119) Concurrent Mark Cycle
[565.641s][info][gc,marking  ] GC(1119) Concurrent Scan Root Regions
[565.645s][info][gc,marking  ] GC(1119) Concurrent Scan Root Regions 3.834ms
[565.645s][info][gc,marking  ] GC(1119) Concurrent Mark
[565.645s][info][gc,marking  ] GC(1119) Concurrent Mark From Roots
[565.645s][info][gc,task     ] GC(1119) Using 1 workers of 1 for marking
[565.694s][info][gc,marking  ] GC(1119) Concurrent Mark From Roots 49.252ms
[565.694s][info][gc,marking  ] GC(1119) Concurrent Preclean
[565.694s][info][gc,marking  ] GC(1119) Concurrent Preclean 0.035ms
[565.694s][info][gc,start    ] GC(1119) Pause Remark
[565.710s][info][gc          ] GC(1119) Pause Remark 61M->61M(256M) 15.976ms
[565.710s][info][gc,cpu      ] GC(1119) User=0.03s Sys=0.00s Real=0.02s
[565.710s][info][gc,marking  ] GC(1119) Concurrent Mark 65.525ms
[565.710s][info][gc,marking  ] GC(1119) Concurrent Rebuild Remembered Sets and Scrub Regions
[565.729s][info][gc,marking  ] GC(1119) Concurrent Rebuild Remembered Sets and Scrub Regions 19.026ms
[565.730s][info][gc,start    ] GC(1119) Pause Cleanup
[565.730s][info][gc          ] GC(1119) Pause Cleanup 64M->64M(256M) 0.043ms
[565.730s][info][gc,cpu      ] GC(1119) User=0.00s Sys=0.00s Real=0.00s
[565.730s][info][gc,marking  ] GC(1119) Concurrent Clear Claimed Marks
[565.730s][info][gc,marking  ] GC(1119) Concurrent Clear Claimed Marks 0.036ms
[565.730s][info][gc,marking  ] GC(1119) Concurrent Cleanup for Next Mark
[565.730s][info][gc,marking  ] GC(1119) Concurrent Cleanup for Next Mark 0.764ms
[565.730s][info][gc          ] GC(1119) Concurrent Mark Cycle 89.565ms
[566.212s][info][gc,start    ] GC(1120) Pause Young (Prepare Mixed) (G1 Evacuation Pause)
[566.213s][info][gc,task     ] GC(1120) Using 2 workers of 2 for evacuation
[566.260s][info][gc,phases   ] GC(1120)   Pre Evacuate Collection Set: 2.28ms
[566.260s][info][gc,phases   ] GC(1120)   Merge Heap Roots: 0.15ms
[566.260s][info][gc,phases   ] GC(1120)   Evacuate Collection Set: 43.68ms
[566.260s][info][gc,phases   ] GC(1120)   Post Evacuate Collection Set: 0.71ms
[566.260s][info][gc,phases   ] GC(1120)   Other: 0.13ms
[566.260s][info][gc,heap     ] GC(1120) Eden regions: 150->0(133)
[566.260s][info][gc,heap     ] GC(1120) Survivor regions: 3->20(20)
[566.260s][info][gc,heap     ] GC(1120) Old regions: 43->50
[566.260s][info][gc,heap     ] GC(1120) Humongous regions: 7->3
[566.260s][info][gc,metaspace] GC(1120) Metaspace: 43134K(43584K)->43134K(43584K) NonClass: 38791K(39040K)->38791K(39040K) Class: 4343K(4544K)->4343K(4544K)
[566.260s][info][gc          ] GC(1120) Pause Young (Prepare Mixed) (G1 Evacuation Pause) 202M->72M(256M) 47.656ms
[566.260s][info][gc,cpu      ] GC(1120) User=0.05s Sys=0.00s Real=0.05s
[566.887s][info][gc,start    ] GC(1121) Pause Young (Mixed) (G1 Evacuation Pause)
[566.887s][info][gc,task     ] GC(1121) Using 2 workers of 2 for evacuation
[566.922s][info][gc,phases   ] GC(1121)   Pre Evacuate Collection Set: 0.23ms
[566.922s][info][gc,phases   ] GC(1121)   Merge Heap Roots: 0.25ms
[566.922s][info][gc,phases   ] GC(1121)   Evacuate Collection Set: 33.67ms
[566.922s][info][gc,phases   ] GC(1121)   Post Evacuate Collection Set: 0.49ms
[566.922s][info][gc,phases   ] GC(1121)   Other: 0.07ms
[566.922s][info][gc,heap     ] GC(1121) Eden regions: 133->0(132)
[566.922s][info][gc,heap     ] GC(1121) Survivor regions: 20->14(20)
[566.922s][info][gc,heap     ] GC(1121) Old regions: 50->60
[566.922s][info][gc,heap     ] GC(1121) Humongous regions: 3->3
[566.922s][info][gc,metaspace] GC(1121) Metaspace: 43134K(43584K)->43134K(43584K) NonClass: 38791K(39040K)->38791K(39040K) Class: 4343K(4544K)->4343K(4544K)
[566.922s][info][gc          ] GC(1121) Pause Young (Mixed) (G1 Evacuation Pause) 205M->77M(256M) 34.890ms
[566.922s][info][gc,cpu      ] GC(1121) User=0.06s Sys=0.00s Real=0.03s
[567.235s][info][gc,start    ] GC(1122) Pause Young (Concurrent Start) (G1 Humongous Allocation)
[567.235s][info][gc,task     ] GC(1122) Using 2 workers of 2 for evacuation
[567.272s][info][gc,phases   ] GC(1122)   Pre Evacuate Collection Set: 0.17ms
[567.272s][info][gc,phases   ] GC(1122)   Merge Heap Roots: 0.14ms
[567.272s][info][gc,phases   ] GC(1122)   Evacuate Collection Set: 35.73ms
[567.272s][info][gc,phases   ] GC(1122)   Post Evacuate Collection Set: 0.41ms
[567.272s][info][gc,phases   ] GC(1122)   Other: 0.13ms
[567.272s][info][gc,heap     ] GC(1122) Eden regions: 70->0(108)
[567.272s][info][gc,heap     ] GC(1122) Survivor regions: 14->19(19)
[567.272s][info][gc,heap     ] GC(1122) Old regions: 60->74
[567.272s][info][gc,heap     ] GC(1122) Humongous regions: 3->1
[567.272s][info][gc,metaspace] GC(1122) Metaspace: 43134K(43584K)->43134K(43584K) NonClass: 38791K(39040K)->38791K(39040K) Class: 4343K(4544K)->4343K(4544K)
[567.272s][info][gc          ] GC(1122) Pause Young (Concurrent Start) (G1 Humongous Allocation) 146M->94M(256M) 36.754ms
[567.272s][info][gc,cpu      ] GC(1122) User=0.07s Sys=0.00s Real=0.03s
[567.272s][info][gc          ] GC(1123) Concurrent Mark Cycle
[567.272s][info][gc,marking  ] GC(1123) Concurrent Scan Root Regions
[567.318s][info][gc,marking  ] GC(1123) Concurrent Scan Root Regions 46.178ms
[567.318s][info][gc,marking  ] GC(1123) Concurrent Mark
[567.318s][info][gc,marking  ] GC(1123) Concurrent Mark From Roots
[567.318s][info][gc,task     ] GC(1123) Using 1 workers of 1 for marking
[567.390s][info][gc,marking  ] GC(1123) Concurrent Mark From Roots 71.306ms
[567.390s][info][gc,marking  ] GC(1123) Concurrent Preclean
[567.390s][info][gc,marking  ] GC(1123) Concurrent Preclean 0.037ms
[567.390s][info][gc,start    ] GC(1123) Pause Remark
[567.406s][info][gc          ] GC(1123) Pause Remark 124M->124M(256M) 16.419ms
[567.406s][info][gc,cpu      ] GC(1123) User=0.04s Sys=0.00s Real=0.02s
[567.406s][info][gc,marking  ] GC(1123) Concurrent Mark 88.066ms
[567.407s][info][gc,marking  ] GC(1123) Concurrent Rebuild Remembered Sets and Scrub Regions
[567.452s][info][gc,marking  ] GC(1123) Concurrent Rebuild Remembered Sets and Scrub Regions 45.853ms
[567.453s][info][gc,start    ] GC(1123) Pause Cleanup
[567.453s][info][gc          ] GC(1123) Pause Cleanup 133M->133M(256M) 0.046ms
[567.453s][info][gc,cpu      ] GC(1123) User=0.00s Sys=0.00s Real=0.00s
[567.453s][info][gc,marking  ] GC(1123) Concurrent Clear Claimed Marks
[567.453s][info][gc,marking  ] GC(1123) Concurrent Clear Claimed Marks 0.038ms
[567.453s][info][gc,marking  ] GC(1123) Concurrent Cleanup for Next Mark
[567.453s][info][gc,marking  ] GC(1123) Concurrent Cleanup for Next Mark 0.790ms
[567.454s][info][gc          ] GC(1123) Concurrent Mark Cycle 181.325ms
[567.742s][info][gc,start    ] GC(1124) Pause Young (Prepare Mixed) (G1 Evacuation Pause)
[567.743s][info][gc,task     ] GC(1124) Using 2 workers of 2 for evacuation
[567.777s][info][gc,phases   ] GC(1124)   Pre Evacuate Collection Set: 0.15ms
[567.777s][info][gc,phases   ] GC(1124)   Merge Heap Roots: 0.14ms
[567.777s][info][gc,phases   ] GC(1124)   Evacuate Collection Set: 33.24ms
[567.777s][info][gc,phases   ] GC(1124)   Post Evacuate Collection Set: 0.50ms
[567.777s][info][gc,phases   ] GC(1124)   Other: 0.08ms
[567.777s][info][gc,heap     ] GC(1124) Eden regions: 108->0(99)
[567.777s][info][gc,heap     ] GC(1124) Survivor regions: 19->13(16)
[567.777s][info][gc,heap     ] GC(1124) Old regions: 74->93
[567.777s][info][gc,heap     ] GC(1124) Humongous regions: 5->3
[567.777s][info][gc,metaspace] GC(1124) Metaspace: 43134K(43584K)->43134K(43584K) NonClass: 38791K(39040K)->38791K(39040K) Class: 4343K(4544K)->4343K(4544K)
[567.777s][info][gc          ] GC(1124) Pause Young (Prepare Mixed) (G1 Evacuation Pause) 206M->109M(256M) 34.296ms
[567.777s][info][gc,cpu      ] GC(1124) User=0.07s Sys=0.00s Real=0.04s
[568.146s][info][gc,start    ] GC(1125) Pause Young (Mixed) (G1 Evacuation Pause)
[568.146s][info][gc,task     ] GC(1125) Using 2 workers of 2 for evacuation
[568.169s][info][gc,phases   ] GC(1125)   Pre Evacuate Collection Set: 0.15ms
[568.169s][info][gc,phases   ] GC(1125)   Merge Heap Roots: 0.40ms
[568.169s][info][gc,phases   ] GC(1125)   Evacuate Collection Set: 21.51ms
[568.169s][info][gc,phases   ] GC(1125)   Post Evacuate Collection Set: 0.38ms
[568.169s][info][gc,phases   ] GC(1125)   Other: 0.10ms
[568.169s][info][gc,heap     ] GC(1125) Eden regions: 99->0(113)
[568.169s][info][gc,heap     ] GC(1125) Survivor regions: 13->3(14)
[568.169s][info][gc,heap     ] GC(1125) Old regions: 93->94
[568.169s][info][gc,heap     ] GC(1125) Humongous regions: 11->3
[568.169s][info][gc,metaspace] GC(1125) Metaspace: 43134K(43584K)->43134K(43584K) NonClass: 38791K(39040K)->38791K(39040K) Class: 4343K(4544K)->4343K(4544K)
[568.169s][info][gc          ] GC(1125) Pause Young (Mixed) (G1 Evacuation Pause) 216M->99M(256M) 22.713ms
[568.169s][info][gc,cpu      ] GC(1125) User=0.04s Sys=0.00s Real=0.02s
[568.352s][info][gc,start    ] GC(1126) Pause Young (Concurrent Start) (G1 Humongous Allocation)
[568.352s][info][gc,task     ] GC(1126) Using 2 workers of 2 for evacuation
[568.355s][info][gc,phases   ] GC(1126)   Pre Evacuate Collection Set: 0.17ms
[568.355s][info][gc,phases   ] GC(1126)   Merge Heap Roots: 0.05ms
[568.355s][info][gc,phases   ] GC(1126)   Evacuate Collection Set: 2.39ms
[568.355s][info][gc,phases   ] GC(1126)   Post Evacuate Collection Set: 0.81ms
[568.355s][info][gc,phases   ] GC(1126)   Other: 0.08ms
[568.355s][info][gc,heap     ] GC(1126) Eden regions: 43->0(178)
[568.355s][info][gc,heap     ] GC(1126) Survivor regions: 3->2(15)
[568.355s][info][gc,heap     ] GC(1126) Old regions: 94->94
[568.355s][info][gc,heap     ] GC(1126) Humongous regions: 3->1
[568.355s][info][gc,metaspace] GC(1126) Metaspace: 43134K(43584K)->43134K(43584K) NonClass: 38791K(39040K)->38791K(39040K) Class: 4343K(4544K)->4343K(4544K)
[568.355s][info][gc          ] GC(1126) Pause Young (Concurrent Start) (G1 Humongous Allocation) 142M->96M(323M) 3.660ms
[568.355s][info][gc,cpu      ] GC(1126) User=0.01s Sys=0.00s Real=0.01s
[568.355s][info][gc          ] GC(1127) Concurrent Undo Cycle
[568.355s][info][gc,marking  ] GC(1127) Concurrent Clear Claimed Marks
[568.355s][info][gc,marking  ] GC(1127) Concurrent Clear Claimed Marks 0.087ms
[568.355s][info][gc,marking  ] GC(1127) Concurrent Cleanup for Next Mark
[568.355s][info][gc,marking  ] GC(1127) Concurrent Cleanup for Next Mark 0.115ms
[568.356s][info][gc          ] GC(1127) Concurrent Undo Cycle 0.289ms
[568.542s][info][gc,start    ] GC(1128) Pause Young (Concurrent Start) (G1 Humongous Allocation)
[568.542s][info][gc,task     ] GC(1128) Using 2 workers of 2 for evacuation
[568.549s][info][gc,phases   ] GC(1128)   Pre Evacuate Collection Set: 0.19ms
[568.549s][info][gc,phases   ] GC(1128)   Merge Heap Roots: 0.04ms
[568.549s][info][gc,phases   ] GC(1128)   Evacuate Collection Set: 5.51ms
[568.549s][info][gc,phases   ] GC(1128)   Post Evacuate Collection Set: 0.38ms
[568.549s][info][gc,phases   ] GC(1128)   Other: 0.13ms
[568.549s][info][gc,heap     ] GC(1128) Eden regions: 45->0(186)
[568.549s][info][gc,heap     ] GC(1128) Survivor regions: 2->2(23)
[568.549s][info][gc,heap     ] GC(1128) Old regions: 94->94
[568.549s][info][gc,heap     ] GC(1128) Humongous regions: 3->1
[568.549s][info][gc,metaspace] GC(1128) Metaspace: 43134K(43584K)->43134K(43584K) NonClass: 38791K(39040K)->38791K(39040K) Class: 4343K(4544K)->4343K(4544K)
[568.549s][info][gc          ] GC(1128) Pause Young (Concurrent Start) (G1 Humongous Allocation) 143M->95M(323M) 6.423ms
[568.549s][info][gc,cpu      ] GC(1128) User=0.00s Sys=0.01s Real=0.01s
[568.553s][info][gc          ] GC(1129) Concurrent Mark Cycle
[568.553s][info][gc,marking  ] GC(1129) Concurrent Scan Root Regions
[568.569s][info][gc,marking  ] GC(1129) Concurrent Scan Root Regions 16.225ms
[568.569s][info][gc,marking  ] GC(1129) Concurrent Mark
[568.569s][info][gc,marking  ] GC(1129) Concurrent Mark From Roots
[568.569s][info][gc,task     ] GC(1129) Using 1 workers of 1 for marking
[568.635s][info][gc,marking  ] GC(1129) Concurrent Mark From Roots 65.906ms
[568.635s][info][gc,marking  ] GC(1129) Concurrent Preclean
[568.635s][info][gc,marking  ] GC(1129) Concurrent Preclean 0.039ms
[568.635s][info][gc,start    ] GC(1129) Pause Remark
[568.652s][info][gc          ] GC(1129) Pause Remark 115M->98M(274M) 16.317ms
[568.652s][info][gc,cpu      ] GC(1129) User=0.03s Sys=0.00s Real=0.01s
[568.652s][info][gc,marking  ] GC(1129) Concurrent Mark 82.541ms
[568.652s][info][gc,marking  ] GC(1129) Concurrent Rebuild Remembered Sets and Scrub Regions
[568.673s][info][gc,marking  ] GC(1129) Concurrent Rebuild Remembered Sets and Scrub Regions 21.705ms
[568.674s][info][gc,start    ] GC(1129) Pause Cleanup
[568.674s][info][gc          ] GC(1129) Pause Cleanup 104M->104M(274M) 0.052ms
[568.674s][info][gc,cpu      ] GC(1129) User=0.00s Sys=0.00s Real=0.00s
[568.674s][info][gc,marking  ] GC(1129) Concurrent Clear Claimed Marks
[568.674s][info][gc,marking  ] GC(1129) Concurrent Clear Claimed Marks 0.035ms
[568.674s][info][gc,marking  ] GC(1129) Concurrent Cleanup for Next Mark
[568.675s][info][gc,marking  ] GC(1129) Concurrent Cleanup for Next Mark 1.036ms
[568.675s][info][gc          ] GC(1129) Concurrent Mark Cycle 121.892ms
[569.241s][info][gc,start    ] GC(1130) Pause Young (Prepare Mixed) (G1 Evacuation Pause)
[569.241s][info][gc,task     ] GC(1130) Using 2 workers of 2 for evacuation
[569.252s][info][gc,phases   ] GC(1130)   Pre Evacuate Collection Set: 0.16ms
[569.252s][info][gc,phases   ] GC(1130)   Merge Heap Roots: 0.10ms
[569.252s][info][gc,phases   ] GC(1130)   Evacuate Collection Set: 9.56ms
[569.252s][info][gc,phases   ] GC(1130)   Post Evacuate Collection Set: 0.40ms
[569.252s][info][gc,phases   ] GC(1130)   Other: 0.09ms
[569.252s][info][gc,heap     ] GC(1130) Eden regions: 162->0(151)
[569.252s][info][gc,heap     ] GC(1130) Survivor regions: 2->10(21)
[569.252s][info][gc,heap     ] GC(1130) Old regions: 77->77
[569.252s][info][gc,heap     ] GC(1130) Humongous regions: 5->3
[569.252s][info][gc,metaspace] GC(1130) Metaspace: 43135K(43584K)->43135K(43584K) NonClass: 38791K(39040K)->38791K(39040K) Class: 4343K(4544K)->4343K(4544K)
[569.252s][info][gc          ] GC(1130) Pause Young (Prepare Mixed) (G1 Evacuation Pause) 244M->89M(274M) 10.499ms
[569.252s][info][gc,cpu      ] GC(1130) User=0.02s Sys=0.00s Real=0.01s
[569.788s][info][gc,start    ] GC(1131) Pause Young (Mixed) (G1 Evacuation Pause)
[569.788s][info][gc,task     ] GC(1131) Using 2 workers of 2 for evacuation
[569.800s][info][gc,phases   ] GC(1131)   Pre Evacuate Collection Set: 0.19ms
[569.800s][info][gc,phases   ] GC(1131)   Merge Heap Roots: 0.08ms
[569.800s][info][gc,phases   ] GC(1131)   Evacuate Collection Set: 10.78ms
[569.800s][info][gc,phases   ] GC(1131)   Post Evacuate Collection Set: 0.47ms
[569.800s][info][gc,phases   ] GC(1131)   Other: 0.08ms
[569.800s][info][gc,heap     ] GC(1131) Eden regions: 151->0(154)
[569.800s][info][gc,heap     ] GC(1131) Survivor regions: 10->10(21)
[569.800s][info][gc,heap     ] GC(1131) Old regions: 77->51
[569.800s][info][gc,heap     ] GC(1131) Humongous regions: 11->3
[569.800s][info][gc,metaspace] GC(1131) Metaspace: 43135K(43584K)->43135K(43584K) NonClass: 38791K(39040K)->38791K(39040K) Class: 4343K(4544K)->4343K(4544K)
[569.800s][info][gc          ] GC(1131) Pause Young (Mixed) (G1 Evacuation Pause) 248M->63M(274M) 11.807ms
[569.800s][info][gc,cpu      ] GC(1131) User=0.02s Sys=0.00s Real=0.01s
[570.100s][info][gc,start    ] GC(1132) Pause Young (Concurrent Start) (G1 Humongous Allocation)
[570.100s][info][gc,task     ] GC(1132) Using 2 workers of 2 for evacuation
[570.104s][info][gc,phases   ] GC(1132)   Pre Evacuate Collection Set: 0.22ms
[570.104s][info][gc,phases   ] GC(1132)   Merge Heap Roots: 0.05ms
[570.104s][info][gc,phases   ] GC(1132)   Evacuate Collection Set: 3.35ms
[570.104s][info][gc,phases   ] GC(1132)   Post Evacuate Collection Set: 0.34ms
[570.104s][info][gc,phases   ] GC(1132)   Other: 0.10ms
[570.104s][info][gc,heap     ] GC(1132) Eden regions: 72->0(160)
[570.104s][info][gc,heap     ] GC(1132) Survivor regions: 10->4(21)
[570.104s][info][gc,heap     ] GC(1132) Old regions: 51->51
[570.104s][info][gc,heap     ] GC(1132) Humongous regions: 3->1
[570.104s][info][gc,metaspace] GC(1132) Metaspace: 43135K(43584K)->43135K(43584K) NonClass: 38791K(39040K)->38791K(39040K) Class: 4343K(4544K)->4343K(4544K)
[570.104s][info][gc          ] GC(1132) Pause Young (Concurrent Start) (G1 Humongous Allocation) 135M->54M(274M) 4.249ms
[570.104s][info][gc,cpu      ] GC(1132) User=0.01s Sys=0.00s Real=0.00s
[570.104s][info][gc          ] GC(1133) Concurrent Mark Cycle
[570.104s][info][gc,marking  ] GC(1133) Concurrent Scan Root Regions
[570.108s][info][gc,marking  ] GC(1133) Concurrent Scan Root Regions 3.976ms
[570.108s][info][gc,marking  ] GC(1133) Concurrent Mark
[570.108s][info][gc,marking  ] GC(1133) Concurrent Mark From Roots
[570.108s][info][gc,task     ] GC(1133) Using 1 workers of 1 for marking
[570.173s][info][gc,marking  ] GC(1133) Concurrent Mark From Roots 65.082ms
[570.173s][info][gc,marking  ] GC(1133) Concurrent Preclean
[570.173s][info][gc,marking  ] GC(1133) Concurrent Preclean 0.036ms
[570.173s][info][gc,start    ] GC(1133) Pause Remark
[570.189s][info][gc          ] GC(1133) Pause Remark 76M->76M(256M) 16.065ms
[570.190s][info][gc,cpu      ] GC(1133) User=0.03s Sys=0.00s Real=0.02s
[570.190s][info][gc,marking  ] GC(1133) Concurrent Mark 81.467ms
[570.190s][info][gc,marking  ] GC(1133) Concurrent Rebuild Remembered Sets and Scrub Regions
[570.214s][info][gc,marking  ] GC(1133) Concurrent Rebuild Remembered Sets and Scrub Regions 24.403ms
[570.214s][info][gc,start    ] GC(1133) Pause Cleanup
[570.214s][info][gc          ] GC(1133) Pause Cleanup 82M->82M(256M) 0.044ms
[570.214s][info][gc,cpu      ] GC(1133) User=0.00s Sys=0.00s Real=0.00s
[570.214s][info][gc,marking  ] GC(1133) Concurrent Clear Claimed Marks
[570.214s][info][gc,marking  ] GC(1133) Concurrent Clear Claimed Marks 0.037ms
[570.214s][info][gc,marking  ] GC(1133) Concurrent Cleanup for Next Mark
[570.215s][info][gc,marking  ] GC(1133) Concurrent Cleanup for Next Mark 0.769ms
[570.215s][info][gc          ] GC(1133) Concurrent Mark Cycle 111.028ms
[570.763s][info][gc,start    ] GC(1134) Pause Young (Prepare Mixed) (G1 Evacuation Pause)
[570.763s][info][gc,task     ] GC(1134) Using 2 workers of 2 for evacuation
[570.769s][info][gc,phases   ] GC(1134)   Pre Evacuate Collection Set: 0.22ms
[570.769s][info][gc,phases   ] GC(1134)   Merge Heap Roots: 0.08ms
[570.769s][info][gc,phases   ] GC(1134)   Evacuate Collection Set: 5.11ms
[570.769s][info][gc,phases   ] GC(1134)   Post Evacuate Collection Set: 0.41ms
[570.769s][info][gc,phases   ] GC(1134)   Other: 0.11ms
[570.769s][info][gc,heap     ] GC(1134) Eden regions: 149->0(147)
[570.769s][info][gc,heap     ] GC(1134) Survivor regions: 4->6(20)
[570.769s][info][gc,heap     ] GC(1134) Old regions: 51->51
[570.769s][info][gc,heap     ] GC(1134) Humongous regions: 9->3
[570.769s][info][gc,metaspace] GC(1134) Metaspace: 43135K(43584K)->43135K(43584K) NonClass: 38791K(39040K)->38791K(39040K) Class: 4343K(4544K)->4343K(4544K)
[570.769s][info][gc          ] GC(1134) Pause Young (Prepare Mixed) (G1 Evacuation Pause) 211M->59M(256M) 6.102ms
[570.769s][info][gc,cpu      ] GC(1134) User=0.01s Sys=0.00s Real=0.01s
[571.195s][info][gc,start    ] GC(1135) Pause Young (Mixed) (G1 Evacuation Pause)
[571.195s][info][gc,task     ] GC(1135) Using 2 workers of 2 for evacuation
[571.238s][info][gc,phases   ] GC(1135)   Pre Evacuate Collection Set: 0.18ms
[571.238s][info][gc,phases   ] GC(1135)   Merge Heap Roots: 0.14ms
[571.238s][info][gc,phases   ] GC(1135)   Evacuate Collection Set: 42.11ms
[571.238s][info][gc,phases   ] GC(1135)   Post Evacuate Collection Set: 0.67ms
[571.238s][info][gc,phases   ] GC(1135)   Other: 0.07ms
[571.238s][info][gc,heap     ] GC(1135) Eden regions: 147->0(124)
[571.239s][info][gc,heap     ] GC(1135) Survivor regions: 6->20(20)
[571.239s][info][gc,heap     ] GC(1135) Old regions: 51->67
[571.239s][info][gc,heap     ] GC(1135) Humongous regions: 3->3
[571.239s][info][gc,metaspace] GC(1135) Metaspace: 43135K(43584K)->43135K(43584K) NonClass: 38791K(39040K)->38791K(39040K) Class: 4343K(4544K)->4343K(4544K)
[571.239s][info][gc          ] GC(1135) Pause Young (Mixed) (G1 Evacuation Pause) 206M->89M(256M) 43.365ms
[571.239s][info][gc,cpu      ] GC(1135) User=0.09s Sys=0.00s Real=0.04s
[571.870s][info][gc,start    ] GC(1136) Pause Young (Concurrent Start) (G1 Evacuation Pause)
[571.870s][info][gc,task     ] GC(1136) Using 2 workers of 2 for evacuation
[571.924s][info][gc,phases   ] GC(1136)   Pre Evacuate Collection Set: 0.17ms
[571.924s][info][gc,phases   ] GC(1136)   Merge Heap Roots: 0.23ms
[571.924s][info][gc,phases   ] GC(1136)   Evacuate Collection Set: 52.65ms
[571.924s][info][gc,phases   ] GC(1136)   Post Evacuate Collection Set: 0.46ms
[571.924s][info][gc,phases   ] GC(1136)   Other: 0.08ms
[571.924s][info][gc,heap     ] GC(1136) Eden regions: 124->0(103)
[571.924s][info][gc,heap     ] GC(1136) Survivor regions: 20->18(18)
[571.924s][info][gc,heap     ] GC(1136) Old regions: 67->90
[571.924s][info][gc,heap     ] GC(1136) Humongous regions: 3->3
[571.924s][info][gc,metaspace] GC(1136) Metaspace: 43135K(43584K)->43135K(43584K) NonClass: 38791K(39040K)->38791K(39040K) Class: 4343K(4544K)->4343K(4544K)
[571.924s][info][gc          ] GC(1136) Pause Young (Concurrent Start) (G1 Evacuation Pause) 213M->110M(256M) 53.791ms
[571.924s][info][gc,cpu      ] GC(1136) User=0.10s Sys=0.00s Real=0.05s
[571.924s][info][gc          ] GC(1137) Concurrent Mark Cycle
[571.924s][info][gc,marking  ] GC(1137) Concurrent Scan Root Regions
[571.974s][info][gc,marking  ] GC(1137) Concurrent Scan Root Regions 49.671ms
[571.974s][info][gc,marking  ] GC(1137) Concurrent Mark
[571.974s][info][gc,marking  ] GC(1137) Concurrent Mark From Roots
[571.974s][info][gc,task     ] GC(1137) Using 1 workers of 1 for marking
[572.103s][info][gc,marking  ] GC(1137) Concurrent Mark From Roots 129.081ms
[572.103s][info][gc,marking  ] GC(1137) Concurrent Preclean
[572.103s][info][gc,marking  ] GC(1137) Concurrent Preclean 0.042ms
[572.103s][info][gc,start    ] GC(1137) Pause Remark
[572.120s][info][gc          ] GC(1137) Pause Remark 140M->140M(256M) 16.220ms
[572.120s][info][gc,cpu      ] GC(1137) User=0.03s Sys=0.00s Real=0.02s
[572.120s][info][gc,marking  ] GC(1137) Concurrent Mark 145.629ms
[572.120s][info][gc,marking  ] GC(1137) Concurrent Rebuild Remembered Sets and Scrub Regions
[572.210s][info][gc,marking  ] GC(1137) Concurrent Rebuild Remembered Sets and Scrub Regions 90.714ms
[572.211s][info][gc,start    ] GC(1137) Pause Cleanup
[572.211s][info][gc          ] GC(1137) Pause Cleanup 157M->157M(256M) 0.046ms
[572.211s][info][gc,cpu      ] GC(1137) User=0.00s Sys=0.00s Real=0.00s
[572.211s][info][gc,marking  ] GC(1137) Concurrent Clear Claimed Marks
[572.211s][info][gc,marking  ] GC(1137) Concurrent Clear Claimed Marks 0.062ms
[572.211s][info][gc,marking  ] GC(1137) Concurrent Cleanup for Next Mark
[572.213s][info][gc,marking  ] GC(1137) Concurrent Cleanup for Next Mark 2.391ms
[572.213s][info][gc          ] GC(1137) Concurrent Mark Cycle 289.060ms
[572.517s][info][gc,start    ] GC(1138) Pause Young (Prepare Mixed) (G1 Evacuation Pause)
[572.517s][info][gc,task     ] GC(1138) Using 2 workers of 2 for evacuation
[572.576s][info][gc,phases   ] GC(1138)   Pre Evacuate Collection Set: 0.15ms
[572.576s][info][gc,phases   ] GC(1138)   Merge Heap Roots: 0.34ms
[572.576s][info][gc,phases   ] GC(1138)   Evacuate Collection Set: 57.29ms
[572.576s][info][gc,phases   ] GC(1138)   Post Evacuate Collection Set: 0.56ms
[572.576s][info][gc,phases   ] GC(1138)   Other: 0.07ms
[572.576s][info][gc,heap     ] GC(1138) Eden regions: 103->0(79)
[572.576s][info][gc,heap     ] GC(1138) Survivor regions: 18->16(16)
[572.576s][info][gc,heap     ] GC(1138) Old regions: 90->119
[572.576s][info][gc,heap     ] GC(1138) Humongous regions: 3->3
[572.576s][info][gc,metaspace] GC(1138) Metaspace: 43137K(43584K)->43137K(43584K) NonClass: 38794K(39040K)->38794K(39040K) Class: 4343K(4544K)->4343K(4544K)
[572.576s][info][gc          ] GC(1138) Pause Young (Prepare Mixed) (G1 Evacuation Pause) 213M->137M(259M) 58.626ms
[572.576s][info][gc,cpu      ] GC(1138) User=0.12s Sys=0.00s Real=0.06s
[572.977s][info][gc,start    ] GC(1139) Pause Young (Mixed) (G1 Evacuation Pause)
[572.977s][info][gc,task     ] GC(1139) Using 2 workers of 2 for evacuation
[573.045s][info][gc,phases   ] GC(1139)   Pre Evacuate Collection Set: 0.17ms
[573.045s][info][gc,phases   ] GC(1139)   Merge Heap Roots: 0.69ms
[573.045s][info][gc,phases   ] GC(1139)   Evacuate Collection Set: 66.22ms
[573.045s][info][gc,phases   ] GC(1139)   Post Evacuate Collection Set: 0.56ms
[573.045s][info][gc,phases   ] GC(1139)   Other: 0.08ms
[573.045s][info][gc,heap     ] GC(1139) Eden regions: 79->0(62)
[573.045s][info][gc,heap     ] GC(1139) Survivor regions: 16->12(12)
[573.045s][info][gc,heap     ] GC(1139) Old regions: 119->143
[573.045s][info][gc,heap     ] GC(1139) Humongous regions: 5->3
[573.045s][info][gc,metaspace] GC(1139) Metaspace: 43137K(43584K)->43137K(43584K) NonClass: 38794K(39040K)->38794K(39040K) Class: 4343K(4544K)->4343K(4544K)
[573.045s][info][gc          ] GC(1139) Pause Young (Mixed) (G1 Evacuation Pause) 218M->157M(259M) 67.938ms
[573.045s][info][gc,cpu      ] GC(1139) User=0.13s Sys=0.00s Real=0.07s
[573.291s][info][gc,start    ] GC(1140) Pause Young (Concurrent Start) (G1 Evacuation Pause)
[573.291s][info][gc,task     ] GC(1140) Using 2 workers of 2 for evacuation
[573.330s][info][gc,phases   ] GC(1140)   Pre Evacuate Collection Set: 0.21ms
[573.330s][info][gc,phases   ] GC(1140)   Merge Heap Roots: 0.20ms
[573.330s][info][gc,phases   ] GC(1140)   Evacuate Collection Set: 38.15ms
[573.330s][info][gc,phases   ] GC(1140)   Post Evacuate Collection Set: 0.39ms
[573.330s][info][gc,phases   ] GC(1140)   Other: 0.14ms
[573.330s][info][gc,heap     ] GC(1140) Eden regions: 62->0(53)
[573.330s][info][gc,heap     ] GC(1140) Survivor regions: 12->10(10)
[573.330s][info][gc,heap     ] GC(1140) Old regions: 143->158
[573.330s][info][gc,heap     ] GC(1140) Humongous regions: 3->3
[573.330s][info][gc,metaspace] GC(1140) Metaspace: 43137K(43584K)->43137K(43584K) NonClass: 38794K(39040K)->38794K(39040K) Class: 4343K(4544K)->4343K(4544K)
[573.330s][info][gc          ] GC(1140) Pause Young (Concurrent Start) (G1 Evacuation Pause) 219M->170M(259M) 39.304ms
[573.330s][info][gc,cpu      ] GC(1140) User=0.07s Sys=0.00s Real=0.04s
[573.330s][info][gc          ] GC(1141) Concurrent Mark Cycle
[573.330s][info][gc,marking  ] GC(1141) Concurrent Scan Root Regions
[573.355s][info][gc,marking  ] GC(1141) Concurrent Scan Root Regions 24.864ms
[573.355s][info][gc,marking  ] GC(1141) Concurrent Mark
[573.355s][info][gc,marking  ] GC(1141) Concurrent Mark From Roots
[573.355s][info][gc,task     ] GC(1141) Using 1 workers of 1 for marking
[573.472s][info][gc,marking  ] GC(1141) Concurrent Mark From Roots 116.751ms
[573.472s][info][gc,marking  ] GC(1141) Concurrent Preclean
[573.472s][info][gc,marking  ] GC(1141) Concurrent Preclean 0.044ms
[573.472s][info][gc,start    ] GC(1141) Pause Remark
[573.488s][info][gc          ] GC(1141) Pause Remark 189M->189M(285M) 16.363ms
[573.488s][info][gc,cpu      ] GC(1141) User=0.03s Sys=0.01s Real=0.02s
[573.489s][info][gc,marking  ] GC(1141) Concurrent Mark 133.889ms
[573.489s][info][gc,marking  ] GC(1141) Concurrent Rebuild Remembered Sets and Scrub Regions
[573.586s][info][gc,marking  ] GC(1141) Concurrent Rebuild Remembered Sets and Scrub Regions 97.454ms
[573.587s][info][gc,start    ] GC(1141) Pause Cleanup
[573.587s][info][gc          ] GC(1141) Pause Cleanup 208M->208M(285M) 0.089ms
[573.587s][info][gc,cpu      ] GC(1141) User=0.00s Sys=0.00s Real=0.00s
[573.587s][info][gc,marking  ] GC(1141) Concurrent Clear Claimed Marks
[573.587s][info][gc,marking  ] GC(1141) Concurrent Clear Claimed Marks 0.038ms
[573.587s][info][gc,marking  ] GC(1141) Concurrent Cleanup for Next Mark
[573.588s][info][gc,marking  ] GC(1141) Concurrent Cleanup for Next Mark 1.172ms
[573.588s][info][gc          ] GC(1141) Concurrent Mark Cycle 257.858ms
[573.670s][info][gc,start    ] GC(1142) Pause Young (Prepare Mixed) (G1 Evacuation Pause)
[573.670s][info][gc,task     ] GC(1142) Using 2 workers of 2 for evacuation
[573.693s][info][gc,phases   ] GC(1142)   Pre Evacuate Collection Set: 0.16ms
[573.693s][info][gc,phases   ] GC(1142)   Merge Heap Roots: 0.15ms
[573.693s][info][gc,phases   ] GC(1142)   Evacuate Collection Set: 22.24ms
[573.693s][info][gc,phases   ] GC(1142)   Post Evacuate Collection Set: 0.43ms
[573.693s][info][gc,phases   ] GC(1142)   Other: 0.07ms
[573.694s][info][gc,heap     ] GC(1142) Eden regions: 53->0(66)
[573.694s][info][gc,heap     ] GC(1142) Survivor regions: 10->8(8)
[573.694s][info][gc,heap     ] GC(1142) Old regions: 158->169
[573.694s][info][gc,heap     ] GC(1142) Humongous regions: 7->3
[573.694s][info][gc,metaspace] GC(1142) Metaspace: 43137K(43584K)->43137K(43584K) NonClass: 38794K(39040K)->38794K(39040K) Class: 4343K(4544K)->4343K(4544K)
[573.694s][info][gc          ] GC(1142) Pause Young (Prepare Mixed) (G1 Evacuation Pause) 227M->179M(285M) 23.235ms
[573.694s][info][gc,cpu      ] GC(1142) User=0.05s Sys=0.00s Real=0.02s
[573.925s][info][gc,start    ] GC(1143) Pause Young (Mixed) (G1 Evacuation Pause)
[573.925s][info][gc,task     ] GC(1143) Using 2 workers of 2 for evacuation
[573.958s][info][gc,phases   ] GC(1143)   Pre Evacuate Collection Set: 0.17ms
[573.958s][info][gc,phases   ] GC(1143)   Merge Heap Roots: 0.26ms
[573.958s][info][gc,phases   ] GC(1143)   Evacuate Collection Set: 30.63ms
[573.958s][info][gc,phases   ] GC(1143)   Post Evacuate Collection Set: 1.50ms
[573.958s][info][gc,phases   ] GC(1143)   Other: 0.08ms
[573.958s][info][gc,heap     ] GC(1143) Eden regions: 66->0(165)
[573.958s][info][gc,heap     ] GC(1143) Survivor regions: 8->10(10)
[573.958s][info][gc,heap     ] GC(1143) Old regions: 169->152
[573.958s][info][gc,heap     ] GC(1143) Humongous regions: 3->3
[573.958s][info][gc,metaspace] GC(1143) Metaspace: 43137K(43584K)->43137K(43584K) NonClass: 38794K(39040K)->38794K(39040K) Class: 4343K(4544K)->4343K(4544K)
[573.958s][info][gc          ] GC(1143) Pause Young (Mixed) (G1 Evacuation Pause) 245M->164M(424M) 32.829ms
[573.958s][info][gc,cpu      ] GC(1143) User=0.06s Sys=0.00s Real=0.03s
[574.587s][info][gc,start    ] GC(1144) Pause Young (Mixed) (G1 Evacuation Pause)
[574.587s][info][gc,task     ] GC(1144) Using 2 workers of 2 for evacuation
[574.655s][info][gc,phases   ] GC(1144)   Pre Evacuate Collection Set: 0.34ms
[574.655s][info][gc,phases   ] GC(1144)   Merge Heap Roots: 0.66ms
[574.655s][info][gc,phases   ] GC(1144)   Evacuate Collection Set: 66.60ms
[574.655s][info][gc,phases   ] GC(1144)   Post Evacuate Collection Set: 0.77ms
[574.655s][info][gc,phases   ] GC(1144)   Other: 0.08ms
[574.655s][info][gc,heap     ] GC(1144) Eden regions: 165->0(161)
[574.655s][info][gc,heap     ] GC(1144) Survivor regions: 10->22(22)
[574.655s][info][gc,heap     ] GC(1144) Old regions: 152->142
[574.655s][info][gc,heap     ] GC(1144) Humongous regions: 11->3
[574.655s][info][gc,metaspace] GC(1144) Metaspace: 43137K(43584K)->43137K(43584K) NonClass: 38794K(39040K)->38794K(39040K) Class: 4343K(4544K)->4343K(4544K)
[574.655s][info][gc          ] GC(1144) Pause Young (Mixed) (G1 Evacuation Pause) 337M->166M(424M) 68.685ms
[574.655s][info][gc,cpu      ] GC(1144) User=0.13s Sys=0.00s Real=0.07s
[575.230s][info][gc,start    ] GC(1145) Pause Young (Mixed) (G1 Evacuation Pause)
[575.230s][info][gc,task     ] GC(1145) Using 2 workers of 2 for evacuation
[575.298s][info][gc,phases   ] GC(1145)   Pre Evacuate Collection Set: 0.32ms
[575.298s][info][gc,phases   ] GC(1145)   Merge Heap Roots: 1.99ms
[575.298s][info][gc,phases   ] GC(1145)   Evacuate Collection Set: 65.32ms
[575.298s][info][gc,phases   ] GC(1145)   Post Evacuate Collection Set: 0.52ms
[575.298s][info][gc,phases   ] GC(1145)   Other: 0.09ms
[575.298s][info][gc,heap     ] GC(1145) Eden regions: 161->0(156)
[575.298s][info][gc,heap     ] GC(1145) Survivor regions: 22->23(23)
[575.298s][info][gc,heap     ] GC(1145) Old regions: 142->151
[575.298s][info][gc,heap     ] GC(1145) Humongous regions: 5->4
[575.298s][info][gc,metaspace] GC(1145) Metaspace: 43137K(43584K)->43137K(43584K) NonClass: 38794K(39040K)->38794K(39040K) Class: 4343K(4544K)->4343K(4544K)
[575.298s][info][gc          ] GC(1145) Pause Young (Mixed) (G1 Evacuation Pause) 329M->177M(424M) 68.493ms
[575.298s][info][gc,cpu      ] GC(1145) User=0.13s Sys=0.00s Real=0.07s
[575.833s][info][gc,start    ] GC(1146) Pause Young (Normal) (G1 Evacuation Pause)
[575.833s][info][gc,task     ] GC(1146) Using 2 workers of 2 for evacuation
[575.849s][info][gc,phases   ] GC(1146)   Pre Evacuate Collection Set: 0.24ms
[575.849s][info][gc,phases   ] GC(1146)   Merge Heap Roots: 0.10ms
[575.849s][info][gc,phases   ] GC(1146)   Evacuate Collection Set: 15.12ms
[575.849s][info][gc,phases   ] GC(1146)   Post Evacuate Collection Set: 0.45ms
[575.849s][info][gc,phases   ] GC(1146)   Other: 0.11ms
[575.849s][info][gc,heap     ] GC(1146) Eden regions: 156->0(165)
[575.849s][info][gc,heap     ] GC(1146) Survivor regions: 23->6(23)
[575.849s][info][gc,heap     ] GC(1146) Old regions: 151->169
[575.849s][info][gc,heap     ] GC(1146) Humongous regions: 6->5
[575.849s][info][gc,metaspace] GC(1146) Metaspace: 43138K(43584K)->43138K(43584K) NonClass: 38795K(39040K)->38795K(39040K) Class: 4343K(4544K)->4343K(4544K)
[575.849s][info][gc          ] GC(1146) Pause Young (Normal) (G1 Evacuation Pause) 335M->179M(424M) 16.238ms
[575.849s][info][gc,cpu      ] GC(1146) User=0.03s Sys=0.00s Real=0.02s
[576.420s][info][gc,start    ] GC(1147) Pause Young (Normal) (G1 Evacuation Pause)
[576.420s][info][gc,task     ] GC(1147) Using 2 workers of 2 for evacuation
[576.454s][info][gc,phases   ] GC(1147)   Pre Evacuate Collection Set: 0.25ms
[576.454s][info][gc,phases   ] GC(1147)   Merge Heap Roots: 0.09ms
[576.454s][info][gc,phases   ] GC(1147)   Evacuate Collection Set: 33.07ms
[576.454s][info][gc,phases   ] GC(1147)   Post Evacuate Collection Set: 0.49ms
[576.454s][info][gc,phases   ] GC(1147)   Other: 0.08ms
[576.454s][info][gc,heap     ] GC(1147) Eden regions: 165->0(118)
[576.454s][info][gc,heap     ] GC(1147) Survivor regions: 6->22(22)
[576.454s][info][gc,heap     ] GC(1147) Old regions: 169->199
[576.454s][info][gc,heap     ] GC(1147) Humongous regions: 5->4
[576.454s][info][gc,metaspace] GC(1147) Metaspace: 43138K(43584K)->43138K(43584K) NonClass: 38795K(39040K)->38795K(39040K) Class: 4343K(4544K)->4343K(4544K)
[576.454s][info][gc          ] GC(1147) Pause Young (Normal) (G1 Evacuation Pause) 344M->224M(424M) 34.217ms
[576.454s][info][gc,cpu      ] GC(1147) User=0.07s Sys=0.00s Real=0.03s
[576.857s][info][gc,start    ] GC(1148) Pause Young (Concurrent Start) (G1 Humongous Allocation)
[576.857s][info][gc,task     ] GC(1148) Using 2 workers of 2 for evacuation
[576.910s][info][gc,phases   ] GC(1148)   Pre Evacuate Collection Set: 0.25ms
[576.911s][info][gc,phases   ] GC(1148)   Merge Heap Roots: 0.25ms
[576.911s][info][gc,phases   ] GC(1148)   Evacuate Collection Set: 52.39ms
[576.911s][info][gc,phases   ] GC(1148)   Post Evacuate Collection Set: 0.54ms
[576.911s][info][gc,phases   ] GC(1148)   Other: 0.10ms
[576.911s][info][gc,heap     ] GC(1148) Eden regions: 105->0(73)
[576.911s][info][gc,heap     ] GC(1148) Survivor regions: 22->18(18)
[576.911s][info][gc,heap     ] GC(1148) Old regions: 199->247
[576.911s][info][gc,heap     ] GC(1148) Humongous regions: 4->4
[576.911s][info][gc,metaspace] GC(1148) Metaspace: 43138K(43584K)->43138K(43584K) NonClass: 38795K(39040K)->38795K(39040K) Class: 4343K(4544K)->4343K(4544K)
[576.911s][info][gc          ] GC(1148) Pause Young (Concurrent Start) (G1 Humongous Allocation) 328M->268M(424M) 53.767ms
[576.911s][info][gc,cpu      ] GC(1148) User=0.10s Sys=0.00s Real=0.05s
[576.911s][info][gc          ] GC(1149) Concurrent Mark Cycle
[576.911s][info][gc,marking  ] GC(1149) Concurrent Scan Root Regions
[576.944s][info][gc,marking  ] GC(1149) Concurrent Scan Root Regions 33.711ms
[576.944s][info][gc,marking  ] GC(1149) Concurrent Mark
[576.944s][info][gc,marking  ] GC(1149) Concurrent Mark From Roots
[576.944s][info][gc,task     ] GC(1149) Using 1 workers of 1 for marking
[577.039s][info][gc,marking  ] GC(1149) Concurrent Mark From Roots 94.423ms
[577.039s][info][gc,marking  ] GC(1149) Concurrent Preclean
[577.039s][info][gc,marking  ] GC(1149) Concurrent Preclean 0.058ms
[577.039s][info][gc,start    ] GC(1149) Pause Remark
[577.056s][info][gc          ] GC(1149) Pause Remark 292M->249M(424M) 16.740ms
[577.056s][info][gc,cpu      ] GC(1149) User=0.03s Sys=0.00s Real=0.02s
[577.056s][info][gc,marking  ] GC(1149) Concurrent Mark 111.574ms
[577.056s][info][gc,marking  ] GC(1149) Concurrent Rebuild Remembered Sets and Scrub Regions
[577.137s][info][gc,marking  ] GC(1149) Concurrent Rebuild Remembered Sets and Scrub Regions 80.606ms
[577.137s][info][gc,start    ] GC(1149) Pause Cleanup
[577.137s][info][gc          ] GC(1149) Pause Cleanup 268M->268M(424M) 0.135ms
[577.137s][info][gc,cpu      ] GC(1149) User=0.00s Sys=0.00s Real=0.00s
[577.137s][info][gc,marking  ] GC(1149) Concurrent Clear Claimed Marks
[577.137s][info][gc,marking  ] GC(1149) Concurrent Clear Claimed Marks 0.050ms
[577.137s][info][gc,marking  ] GC(1149) Concurrent Cleanup for Next Mark
[577.140s][info][gc,marking  ] GC(1149) Concurrent Cleanup for Next Mark 2.919ms
[577.140s][info][gc          ] GC(1149) Concurrent Mark Cycle 229.453ms
[577.241s][info][gc,start    ] GC(1150) Pause Young (Prepare Mixed) (G1 Evacuation Pause)
[577.241s][info][gc,task     ] GC(1150) Using 2 workers of 2 for evacuation
[577.290s][info][gc,phases   ] GC(1150)   Pre Evacuate Collection Set: 0.26ms
[577.290s][info][gc,phases   ] GC(1150)   Merge Heap Roots: 0.54ms
[577.290s][info][gc,phases   ] GC(1150)   Evacuate Collection Set: 48.18ms
[577.290s][info][gc,phases   ] GC(1150)   Post Evacuate Collection Set: 0.45ms
[577.290s][info][gc,phases   ] GC(1150)   Other: 0.10ms
[577.290s][info][gc,heap     ] GC(1150) Eden regions: 73->0(71)
[577.290s][info][gc,heap     ] GC(1150) Survivor regions: 18->12(12)
[577.290s][info][gc,heap     ] GC(1150) Old regions: 205->249
[577.290s][info][gc,heap     ] GC(1150) Humongous regions: 4->4
[577.290s][info][gc,metaspace] GC(1150) Metaspace: 43138K(43584K)->43138K(43584K) NonClass: 38795K(39040K)->38795K(39040K) Class: 4343K(4544K)->4343K(4544K)
[577.291s][info][gc          ] GC(1150) Pause Young (Prepare Mixed) (G1 Evacuation Pause) 299M->264M(424M) 49.775ms
[577.291s][info][gc,cpu      ] GC(1150) User=0.09s Sys=0.00s Real=0.05s
[577.542s][info][gc,start    ] GC(1151) Pause Young (Mixed) (G1 Evacuation Pause)
[577.543s][info][gc,task     ] GC(1151) Using 2 workers of 2 for evacuation
[577.580s][info][gc,phases   ] GC(1151)   Pre Evacuate Collection Set: 0.24ms
[577.580s][info][gc,phases   ] GC(1151)   Merge Heap Roots: 0.32ms
[577.580s][info][gc,phases   ] GC(1151)   Evacuate Collection Set: 35.87ms
[577.580s][info][gc,phases   ] GC(1151)   Post Evacuate Collection Set: 1.39ms
[577.581s][info][gc,phases   ] GC(1151)   Other: 0.08ms
[577.581s][info][gc,heap     ] GC(1151) Eden regions: 71->0(131)
[577.581s][info][gc,heap     ] GC(1151) Survivor regions: 12->11(11)
[577.581s][info][gc,heap     ] GC(1151) Old regions: 249->239
[577.581s][info][gc,heap     ] GC(1151) Humongous regions: 4->4
[577.581s][info][gc,metaspace] GC(1151) Metaspace: 43138K(43584K)->43138K(43584K) NonClass: 38795K(39040K)->38795K(39040K) Class: 4343K(4544K)->4343K(4544K)
[577.581s][info][gc          ] GC(1151) Pause Young (Mixed) (G1 Evacuation Pause) 335M->253M(535M) 38.116ms
[577.581s][info][gc,cpu      ] GC(1151) User=0.07s Sys=0.00s Real=0.04s
[578.162s][info][gc,start    ] GC(1152) Pause Young (Mixed) (G1 Evacuation Pause)
[578.162s][info][gc,task     ] GC(1152) Using 2 workers of 2 for evacuation
[578.231s][info][gc,phases   ] GC(1152)   Pre Evacuate Collection Set: 0.32ms
[578.231s][info][gc,phases   ] GC(1152)   Merge Heap Roots: 0.55ms
[578.231s][info][gc,phases   ] GC(1152)   Evacuate Collection Set: 67.37ms
[578.231s][info][gc,phases   ] GC(1152)   Post Evacuate Collection Set: 0.59ms
[578.231s][info][gc,phases   ] GC(1152)   Other: 0.08ms
[578.231s][info][gc,heap     ] GC(1152) Eden regions: 131->0(115)
[578.231s][info][gc,heap     ] GC(1152) Survivor regions: 11->18(18)
[578.231s][info][gc,heap     ] GC(1152) Old regions: 239->255
[578.231s][info][gc,heap     ] GC(1152) Humongous regions: 5->5
[578.231s][info][gc,metaspace] GC(1152) Metaspace: 43138K(43584K)->43138K(43584K) NonClass: 38795K(39040K)->38795K(39040K) Class: 4343K(4544K)->4343K(4544K)
[578.231s][info][gc          ] GC(1152) Pause Young (Mixed) (G1 Evacuation Pause) 385M->277M(535M) 69.142ms
[578.231s][info][gc,cpu      ] GC(1152) User=0.14s Sys=0.00s Real=0.07s
[578.666s][info][gc,start    ] GC(1153) Pause Young (Normal) (G1 Evacuation Pause)
[578.666s][info][gc,task     ] GC(1153) Using 2 workers of 2 for evacuation
[578.731s][info][gc,phases   ] GC(1153)   Pre Evacuate Collection Set: 0.26ms
[578.731s][info][gc,phases   ] GC(1153)   Merge Heap Roots: 0.27ms
[578.731s][info][gc,phases   ] GC(1153)   Evacuate Collection Set: 63.42ms
[578.731s][info][gc,phases   ] GC(1153)   Post Evacuate Collection Set: 0.48ms
[578.731s][info][gc,phases   ] GC(1153)   Other: 0.08ms
[578.731s][info][gc,heap     ] GC(1153) Eden regions: 115->0(77)
[578.731s][info][gc,heap     ] GC(1153) Survivor regions: 18->17(17)
[578.731s][info][gc,heap     ] GC(1153) Old regions: 255->325
[578.731s][info][gc,heap     ] GC(1153) Humongous regions: 6->6
[578.731s][info][gc,metaspace] GC(1153) Metaspace: 43138K(43584K)->43138K(43584K) NonClass: 38795K(39040K)->38795K(39040K) Class: 4343K(4544K)->4343K(4544K)
[578.731s][info][gc          ] GC(1153) Pause Young (Normal) (G1 Evacuation Pause) 393M->347M(535M) 64.753ms
[578.731s][info][gc,cpu      ] GC(1153) User=0.13s Sys=0.00s Real=0.06s
[579.043s][info][gc,start    ] GC(1154) Pause Young (Normal) (G1 Evacuation Pause)
[579.043s][info][gc,task     ] GC(1154) Using 2 workers of 2 for evacuation
[579.097s][info][gc,phases   ] GC(1154)   Pre Evacuate Collection Set: 0.28ms
[579.097s][info][gc,phases   ] GC(1154)   Merge Heap Roots: 0.30ms
[579.097s][info][gc,phases   ] GC(1154)   Evacuate Collection Set: 53.33ms
[579.097s][info][gc,phases   ] GC(1154)   Post Evacuate Collection Set: 0.45ms
[579.097s][info][gc,phases   ] GC(1154)   Other: 0.08ms
[579.097s][info][gc,heap     ] GC(1154) Eden regions: 77->0(53)
[579.097s][info][gc,heap     ] GC(1154) Survivor regions: 17->12(12)
[579.097s][info][gc,heap     ] GC(1154) Old regions: 325->382
[579.097s][info][gc,heap     ] GC(1154) Humongous regions: 6->6
[579.097s][info][gc,metaspace] GC(1154) Metaspace: 43138K(43584K)->43138K(43584K) NonClass: 38795K(39040K)->38795K(39040K) Class: 4343K(4544K)->4343K(4544K)
[579.097s][info][gc          ] GC(1154) Pause Young (Normal) (G1 Evacuation Pause) 424M->399M(535M) 54.680ms
[579.097s][info][gc,cpu      ] GC(1154) User=0.11s Sys=0.00s Real=0.06s
[579.273s][info][gc,start    ] GC(1155) Pause Young (Concurrent Start) (G1 Humongous Allocation)
[579.273s][info][gc,task     ] GC(1155) Using 2 workers of 2 for evacuation
[579.309s][info][gc,phases   ] GC(1155)   Pre Evacuate Collection Set: 0.28ms
[579.309s][info][gc,phases   ] GC(1155)   Merge Heap Roots: 0.19ms
[579.309s][info][gc,phases   ] GC(1155)   Evacuate Collection Set: 34.13ms
[579.309s][info][gc,phases   ] GC(1155)   Post Evacuate Collection Set: 0.87ms
[579.309s][info][gc,phases   ] GC(1155)   Other: 0.09ms
[579.309s][info][gc,heap     ] GC(1155) Eden regions: 51->0(64)
[579.309s][info][gc,heap     ] GC(1155) Survivor regions: 12->9(9)
[579.309s][info][gc,heap     ] GC(1155) Old regions: 382->418
[579.309s][info][gc,heap     ] GC(1155) Humongous regions: 6->6
[579.309s][info][gc,metaspace] GC(1155) Metaspace: 43138K(43584K)->43138K(43584K) NonClass: 38795K(39040K)->38795K(39040K) Class: 4343K(4544K)->4343K(4544K)
[579.309s][info][gc          ] GC(1155) Pause Young (Concurrent Start) (G1 Humongous Allocation) 449M->432M(595M) 35.789ms
[579.309s][info][gc,cpu      ] GC(1155) User=0.07s Sys=0.00s Real=0.04s
[579.309s][info][gc          ] GC(1156) Concurrent Mark Cycle
[579.310s][info][gc,marking  ] GC(1156) Concurrent Scan Root Regions
[579.330s][info][gc,marking  ] GC(1156) Concurrent Scan Root Regions 20.415ms
[579.330s][info][gc,marking  ] GC(1156) Concurrent Mark
[579.330s][info][gc,marking  ] GC(1156) Concurrent Mark From Roots
[579.330s][info][gc,task     ] GC(1156) Using 1 workers of 1 for marking
[579.477s][info][gc,marking  ] GC(1156) Concurrent Mark From Roots 146.726ms
[579.477s][info][gc,marking  ] GC(1156) Concurrent Preclean
[579.477s][info][gc,marking  ] GC(1156) Concurrent Preclean 0.118ms
[579.477s][info][gc,start    ] GC(1156) Pause Remark
[579.502s][info][metaspace   ] ChkMgr @0x00007f7300162700 (non-class-space): : reclaiming memory...
[579.502s][info][metaspace   ] ChkMgr @0x00007f7300162700 (non-class-space): nothing reclaimed.
[579.502s][info][metaspace   ] ChkMgr @0x00007f7300160810 (class-space): : reclaiming memory...
[579.502s][info][metaspace   ] ChkMgr @0x00007f7300160810 (class-space): nothing reclaimed.
[579.502s][info][gc          ] GC(1156) Pause Remark 464M->334M(595M) 24.787ms
[579.502s][info][gc,cpu      ] GC(1156) User=0.05s Sys=0.00s Real=0.02s
[579.502s][info][gc,marking  ] GC(1156) Concurrent Mark 171.910ms
[579.502s][info][gc,marking  ] GC(1156) Concurrent Rebuild Remembered Sets and Scrub Regions
[579.598s][info][gc,marking  ] GC(1156) Concurrent Rebuild Remembered Sets and Scrub Regions 95.296ms
[579.598s][info][gc,start    ] GC(1156) Pause Cleanup
[579.598s][info][gc          ] GC(1156) Pause Cleanup 349M->349M(595M) 0.150ms
[579.598s][info][gc,cpu      ] GC(1156) User=0.00s Sys=0.00s Real=0.00s
[579.598s][info][gc,marking  ] GC(1156) Concurrent Clear Claimed Marks
[579.598s][info][gc,marking  ] GC(1156) Concurrent Clear Claimed Marks 0.038ms
[579.598s][info][gc,marking  ] GC(1156) Concurrent Cleanup for Next Mark
[579.602s][info][gc,marking  ] GC(1156) Concurrent Cleanup for Next Mark 3.774ms
[579.602s][info][gc          ] GC(1156) Concurrent Mark Cycle 293.042ms
[579.677s][info][gc,start    ] GC(1157) Pause Young (Prepare Mixed) (G1 Evacuation Pause)
[579.677s][info][gc,task     ] GC(1157) Using 2 workers of 2 for evacuation
[579.721s][info][gc,phases   ] GC(1157)   Pre Evacuate Collection Set: 0.29ms
[579.721s][info][gc,phases   ] GC(1157)   Merge Heap Roots: 0.45ms
[579.721s][info][gc,phases   ] GC(1157)   Evacuate Collection Set: 42.89ms
[579.721s][info][gc,phases   ] GC(1157)   Post Evacuate Collection Set: 0.46ms
[579.721s][info][gc,phases   ] GC(1157)   Other: 0.08ms
[579.721s][info][gc,heap     ] GC(1157) Eden regions: 64->0(106)
[579.721s][info][gc,heap     ] GC(1157) Survivor regions: 9->10(10)
[579.721s][info][gc,heap     ] GC(1157) Old regions: 290->321
[579.721s][info][gc,heap     ] GC(1157) Humongous regions: 5->5
[579.721s][info][gc,metaspace] GC(1157) Metaspace: 43083K(43584K)->43083K(43584K) NonClass: 38740K(39040K)->38740K(39040K) Class: 4343K(4544K)->4343K(4544K)
[579.721s][info][gc          ] GC(1157) Pause Young (Prepare Mixed) (G1 Evacuation Pause) 367M->335M(595M) 44.432ms
[579.721s][info][gc,cpu      ] GC(1157) User=0.08s Sys=0.01s Real=0.04s
[580.145s][info][gc,start    ] GC(1158) Pause Young (Mixed) (G1 Evacuation Pause)
[580.145s][info][gc,task     ] GC(1158) Using 2 workers of 2 for evacuation
[580.173s][info][gc,phases   ] GC(1158)   Pre Evacuate Collection Set: 0.28ms
[580.173s][info][gc,phases   ] GC(1158)   Merge Heap Roots: 0.31ms
[580.173s][info][gc,phases   ] GC(1158)   Evacuate Collection Set: 26.10ms
[580.173s][info][gc,phases   ] GC(1158)   Post Evacuate Collection Set: 0.54ms
[580.173s][info][gc,phases   ] GC(1158)   Other: 0.09ms
[580.173s][info][gc,heap     ] GC(1158) Eden regions: 106->0(133)
[580.173s][info][gc,heap     ] GC(1158) Survivor regions: 10->15(15)
[580.173s][info][gc,heap     ] GC(1158) Old regions: 321->272
[580.173s][info][gc,heap     ] GC(1158) Humongous regions: 6->5
[580.173s][info][gc,metaspace] GC(1158) Metaspace: 43083K(43584K)->43083K(43584K) NonClass: 38740K(39040K)->38740K(39040K) Class: 4343K(4544K)->4343K(4544K)
[580.173s][info][gc          ] GC(1158) Pause Young (Mixed) (G1 Evacuation Pause) 442M->291M(595M) 27.528ms
[580.173s][info][gc,cpu      ] GC(1158) User=0.05s Sys=0.00s Real=0.02s
[580.670s][info][gc,start    ] GC(1159) Pause Young (Mixed) (G1 Evacuation Pause)
[580.670s][info][gc,task     ] GC(1159) Using 2 workers of 2 for evacuation
[580.700s][info][gc,phases   ] GC(1159)   Pre Evacuate Collection Set: 0.29ms
[580.700s][info][gc,phases   ] GC(1159)   Merge Heap Roots: 0.41ms
[580.700s][info][gc,phases   ] GC(1159)   Evacuate Collection Set: 28.57ms
[580.700s][info][gc,phases   ] GC(1159)   Post Evacuate Collection Set: 0.60ms
[580.700s][info][gc,phases   ] GC(1159)   Other: 0.08ms
[580.700s][info][gc,heap     ] GC(1159) Eden regions: 133->0(166)
[580.700s][info][gc,heap     ] GC(1159) Survivor regions: 15->5(19)
[580.700s][info][gc,heap     ] GC(1159) Old regions: 272->234
[580.700s][info][gc,heap     ] GC(1159) Humongous regions: 5->5
[580.700s][info][gc,metaspace] GC(1159) Metaspace: 43084K(43584K)->43084K(43584K) NonClass: 38741K(39040K)->38741K(39040K) Class: 4343K(4544K)->4343K(4544K)
[580.700s][info][gc          ] GC(1159) Pause Young (Mixed) (G1 Evacuation Pause) 424M->243M(595M) 30.168ms
[580.700s][info][gc,cpu      ] GC(1159) User=0.06s Sys=0.00s Real=0.03s
[581.334s][info][gc,start    ] GC(1160) Pause Young (Mixed) (G1 Evacuation Pause)
[581.334s][info][gc,task     ] GC(1160) Using 2 workers of 2 for evacuation
[581.348s][info][gc,phases   ] GC(1160)   Pre Evacuate Collection Set: 0.28ms
[581.348s][info][gc,phases   ] GC(1160)   Merge Heap Roots: 0.37ms
[581.348s][info][gc,phases   ] GC(1160)   Evacuate Collection Set: 12.90ms
[581.348s][info][gc,phases   ] GC(1160)   Post Evacuate Collection Set: 0.44ms
[581.348s][info][gc,phases   ] GC(1160)   Other: 0.07ms
[581.348s][info][gc,heap     ] GC(1160) Eden regions: 166->0(182)
[581.348s][info][gc,heap     ] GC(1160) Survivor regions: 5->4(22)
[581.348s][info][gc,heap     ] GC(1160) Old regions: 234->232
[581.348s][info][gc,heap     ] GC(1160) Humongous regions: 6->5
[581.348s][info][gc,metaspace] GC(1160) Metaspace: 43084K(43584K)->43084K(43584K) NonClass: 38741K(39040K)->38741K(39040K) Class: 4343K(4544K)->4343K(4544K)
[581.348s][info][gc          ] GC(1160) Pause Young (Mixed) (G1 Evacuation Pause) 410M->239M(595M) 14.290ms
[581.348s][info][gc,cpu      ] GC(1160) User=0.03s Sys=0.00s Real=0.02s
[582.021s][info][gc,start    ] GC(1161) Pause Young (Normal) (G1 Evacuation Pause)
[582.021s][info][gc,task     ] GC(1161) Using 2 workers of 2 for evacuation
[582.030s][info][gc,phases   ] GC(1161)   Pre Evacuate Collection Set: 0.36ms
[582.030s][info][gc,phases   ] GC(1161)   Merge Heap Roots: 0.09ms
[582.030s][info][gc,phases   ] GC(1161)   Evacuate Collection Set: 7.34ms
[582.030s][info][gc,phases   ] GC(1161)   Post Evacuate Collection Set: 0.46ms
[582.030s][info][gc,phases   ] GC(1161)   Other: 0.08ms
[582.030s][info][gc,heap     ] GC(1161) Eden regions: 182->0(193)
[582.030s][info][gc,heap     ] GC(1161) Survivor regions: 4->11(24)
[582.030s][info][gc,heap     ] GC(1161) Old regions: 232->232
[582.030s][info][gc,heap     ] GC(1161) Humongous regions: 7->6
[582.030s][info][gc,metaspace] GC(1161) Metaspace: 43084K(43584K)->43084K(43584K) NonClass: 38741K(39040K)->38741K(39040K) Class: 4343K(4544K)->4343K(4544K)
[582.030s][info][gc          ] GC(1161) Pause Young (Normal) (G1 Evacuation Pause) 423M->247M(595M) 8.563ms
[582.030s][info][gc,cpu      ] GC(1161) User=0.01s Sys=0.00s Real=0.01s
[582.151s][info][gc,start    ] GC(1162) Pause Young (Concurrent Start) (G1 Humongous Allocation)
[582.151s][info][gc,task     ] GC(1162) Using 2 workers of 2 for evacuation
[582.164s][info][gc,phases   ] GC(1162)   Pre Evacuate Collection Set: 0.28ms
[582.164s][info][gc,phases   ] GC(1162)   Merge Heap Roots: 0.06ms
[582.164s][info][gc,phases   ] GC(1162)   Evacuate Collection Set: 12.05ms
[582.164s][info][gc,phases   ] GC(1162)   Post Evacuate Collection Set: 0.39ms
[582.164s][info][gc,phases   ] GC(1162)   Other: 0.10ms
[582.164s][info][gc,heap     ] GC(1162) Eden regions: 37->0(199)
[582.164s][info][gc,heap     ] GC(1162) Survivor regions: 11->20(26)
[582.164s][info][gc,heap     ] GC(1162) Old regions: 232->232
[582.164s][info][gc,heap     ] GC(1162) Humongous regions: 6->5
[582.164s][info][gc,metaspace] GC(1162) Metaspace: 43084K(43584K)->43084K(43584K) NonClass: 38741K(39040K)->38741K(39040K) Class: 4343K(4544K)->4343K(4544K)
[582.164s][info][gc          ] GC(1162) Pause Young (Concurrent Start) (G1 Humongous Allocation) 283M->255M(595M) 13.084ms
[582.164s][info][gc          ] GC(1163) Concurrent Mark Cycle
[582.164s][info][gc,marking  ] GC(1163) Concurrent Scan Root Regions
[582.165s][info][gc,cpu      ] GC(1162) User=0.03s Sys=0.00s Real=0.02s
[582.173s][info][gc,marking  ] GC(1163) Concurrent Scan Root Regions 8.371ms
[582.173s][info][gc,marking  ] GC(1163) Concurrent Mark
[582.173s][info][gc,marking  ] GC(1163) Concurrent Mark From Roots
[582.173s][info][gc,task     ] GC(1163) Using 1 workers of 1 for marking
[582.245s][info][gc,marking  ] GC(1163) Concurrent Mark From Roots 71.848ms
[582.245s][info][gc,marking  ] GC(1163) Concurrent Preclean
[582.245s][info][gc,marking  ] GC(1163) Concurrent Preclean 0.053ms
[582.245s][info][gc,start    ] GC(1163) Pause Remark
[582.262s][info][gc          ] GC(1163) Pause Remark 277M->128M(364M) 16.767ms
[582.262s][info][gc,cpu      ] GC(1163) User=0.03s Sys=0.00s Real=0.02s
[582.262s][info][gc,marking  ] GC(1163) Concurrent Mark 88.998ms
[582.262s][info][gc,marking  ] GC(1163) Concurrent Rebuild Remembered Sets and Scrub Regions
[582.290s][info][gc,marking  ] GC(1163) Concurrent Rebuild Remembered Sets and Scrub Regions 28.219ms
[582.290s][info][gc,start    ] GC(1163) Pause Cleanup
[582.290s][info][gc          ] GC(1163) Pause Cleanup 135M->135M(364M) 0.055ms
[582.290s][info][gc,cpu      ] GC(1163) User=0.00s Sys=0.00s Real=0.00s
[582.290s][info][gc,marking  ] GC(1163) Concurrent Clear Claimed Marks
[582.290s][info][gc,marking  ] GC(1163) Concurrent Clear Claimed Marks 0.036ms
[582.290s][info][gc,marking  ] GC(1163) Concurrent Cleanup for Next Mark
[582.291s][info][gc,marking  ] GC(1163) Concurrent Cleanup for Next Mark 1.092ms
[582.291s][info][gc          ] GC(1163) Concurrent Mark Cycle 127.013ms
[582.908s][info][gc,start    ] GC(1164) Pause Young (Prepare Mixed) (G1 Evacuation Pause)
[582.908s][info][gc,task     ] GC(1164) Using 2 workers of 2 for evacuation
[582.920s][info][gc,phases   ] GC(1164)   Pre Evacuate Collection Set: 0.20ms
[582.920s][info][gc,phases   ] GC(1164)   Merge Heap Roots: 0.09ms
[582.920s][info][gc,phases   ] GC(1164)   Evacuate Collection Set: 10.53ms
[582.920s][info][gc,phases   ] GC(1164)   Post Evacuate Collection Set: 0.43ms
[582.920s][info][gc,phases   ] GC(1164)   Other: 0.10ms
[582.920s][info][gc,heap     ] GC(1164) Eden regions: 198->0(166)
[582.920s][info][gc,heap     ] GC(1164) Survivor regions: 20->14(28)
[582.920s][info][gc,heap     ] GC(1164) Old regions: 85->87
[582.920s][info][gc,heap     ] GC(1164) Humongous regions: 5->3
[582.920s][info][gc,metaspace] GC(1164) Metaspace: 43084K(43584K)->43084K(43584K) NonClass: 38741K(39040K)->38741K(39040K) Class: 4343K(4544K)->4343K(4544K)
[582.920s][info][gc          ] GC(1164) Pause Young (Prepare Mixed) (G1 Evacuation Pause) 306M->102M(364M) 11.562ms
[582.920s][info][gc,cpu      ] GC(1164) User=0.02s Sys=0.00s Real=0.01s
[583.529s][info][gc,start    ] GC(1165) Pause Young (Mixed) (G1 Evacuation Pause)
[583.529s][info][gc,task     ] GC(1165) Using 2 workers of 2 for evacuation
[583.547s][info][gc,phases   ] GC(1165)   Pre Evacuate Collection Set: 0.23ms
[583.547s][info][gc,phases   ] GC(1165)   Merge Heap Roots: 0.08ms
[583.547s][info][gc,phases   ] GC(1165)   Evacuate Collection Set: 17.35ms
[583.547s][info][gc,phases   ] GC(1165)   Post Evacuate Collection Set: 0.42ms
[583.547s][info][gc,phases   ] GC(1165)   Other: 0.09ms
[583.547s][info][gc,heap     ] GC(1165) Eden regions: 166->0(165)
[583.547s][info][gc,heap     ] GC(1165) Survivor regions: 14->23(23)
[583.547s][info][gc,heap     ] GC(1165) Old regions: 87->79
[583.547s][info][gc,heap     ] GC(1165) Humongous regions: 6->4
[583.547s][info][gc,metaspace] GC(1165) Metaspace: 43084K(43584K)->43084K(43584K) NonClass: 38741K(39040K)->38741K(39040K) Class: 4343K(4544K)->4343K(4544K)
[583.547s][info][gc          ] GC(1165) Pause Young (Mixed) (G1 Evacuation Pause) 271M->104M(364M) 18.405ms
[583.547s][info][gc,cpu      ] GC(1165) User=0.03s Sys=0.00s Real=0.02s
[583.915s][info][gc,start    ] GC(1166) Pause Young (Concurrent Start) (G1 Humongous Allocation)
[583.915s][info][gc,task     ] GC(1166) Using 2 workers of 2 for evacuation
[583.941s][info][gc,phases   ] GC(1166)   Pre Evacuate Collection Set: 0.24ms
[583.941s][info][gc,phases   ] GC(1166)   Merge Heap Roots: 0.09ms
[583.941s][info][gc,phases   ] GC(1166)   Evacuate Collection Set: 25.14ms
[583.941s][info][gc,phases   ] GC(1166)   Post Evacuate Collection Set: 0.44ms
[583.941s][info][gc,phases   ] GC(1166)   Other: 0.16ms
[583.941s][info][gc,heap     ] GC(1166) Eden regions: 109->0(148)
[583.941s][info][gc,heap     ] GC(1166) Survivor regions: 23->24(24)
[583.941s][info][gc,heap     ] GC(1166) Old regions: 79->94
[583.941s][info][gc,heap     ] GC(1166) Humongous regions: 4->2
[583.941s][info][gc,metaspace] GC(1166) Metaspace: 43084K(43584K)->43084K(43584K) NonClass: 38741K(39040K)->38741K(39040K) Class: 4343K(4544K)->4343K(4544K)
[583.941s][info][gc          ] GC(1166) Pause Young (Concurrent Start) (G1 Humongous Allocation) 213M->119M(364M) 26.300ms
[583.941s][info][gc          ] GC(1167) Concurrent Mark Cycle
[583.941s][info][gc,marking  ] GC(1167) Concurrent Scan Root Regions
[583.943s][info][gc,cpu      ] GC(1166) User=0.05s Sys=0.00s Real=0.03s
[583.957s][info][gc,marking  ] GC(1167) Concurrent Scan Root Regions 15.662ms
[583.957s][info][gc,marking  ] GC(1167) Concurrent Mark
[583.957s][info][gc,marking  ] GC(1167) Concurrent Mark From Roots
[583.957s][info][gc,task     ] GC(1167) Using 1 workers of 1 for marking
[584.032s][info][gc,marking  ] GC(1167) Concurrent Mark From Roots 75.706ms
[584.033s][info][gc,marking  ] GC(1167) Concurrent Preclean
[584.033s][info][gc,marking  ] GC(1167) Concurrent Preclean 0.042ms
[584.033s][info][gc,start    ] GC(1167) Pause Remark
[584.050s][info][gc          ] GC(1167) Pause Remark 146M->141M(364M) 16.809ms
[584.050s][info][gc,cpu      ] GC(1167) User=0.03s Sys=0.00s Real=0.02s
[584.050s][info][gc,marking  ] GC(1167) Concurrent Mark 92.851ms
[584.050s][info][gc,marking  ] GC(1167) Concurrent Rebuild Remembered Sets and Scrub Regions
[584.089s][info][gc,marking  ] GC(1167) Concurrent Rebuild Remembered Sets and Scrub Regions 39.596ms
[584.089s][info][gc,start    ] GC(1167) Pause Cleanup
[584.089s][info][gc          ] GC(1167) Pause Cleanup 153M->153M(364M) 0.055ms
[584.089s][info][gc,cpu      ] GC(1167) User=0.00s Sys=0.00s Real=0.00s
[584.089s][info][gc,marking  ] GC(1167) Concurrent Clear Claimed Marks
[584.090s][info][gc,marking  ] GC(1167) Concurrent Clear Claimed Marks 0.036ms
[584.090s][info][gc,marking  ] GC(1167) Concurrent Cleanup for Next Mark
[584.091s][info][gc,marking  ] GC(1167) Concurrent Cleanup for Next Mark 1.091ms
[584.091s][info][gc          ] GC(1167) Concurrent Mark Cycle 149.620ms
[584.431s][info][gc,start    ] GC(1168) Pause Young (Prepare Mixed) (G1 Evacuation Pause)
[584.431s][info][gc,task     ] GC(1168) Using 2 workers of 2 for evacuation
[584.447s][info][gc,phases   ] GC(1168)   Pre Evacuate Collection Set: 0.24ms
[584.448s][info][gc,phases   ] GC(1168)   Merge Heap Roots: 0.14ms
[584.448s][info][gc,phases   ] GC(1168)   Evacuate Collection Set: 15.83ms
[584.448s][info][gc,phases   ] GC(1168)   Post Evacuate Collection Set: 0.43ms
[584.448s][info][gc,phases   ] GC(1168)   Other: 0.08ms
[584.448s][info][gc,heap     ] GC(1168) Eden regions: 148->0(159)
[584.448s][info][gc,heap     ] GC(1168) Survivor regions: 24->2(22)
[584.448s][info][gc,heap     ] GC(1168) Old regions: 89->114
[584.448s][info][gc,heap     ] GC(1168) Humongous regions: 4->4
[584.448s][info][gc,metaspace] GC(1168) Metaspace: 43084K(43584K)->43084K(43584K) NonClass: 38741K(39040K)->38741K(39040K) Class: 4343K(4544K)->4343K(4544K)
[584.448s][info][gc          ] GC(1168) Pause Young (Prepare Mixed) (G1 Evacuation Pause) 264M->118M(364M) 16.916ms
[584.448s][info][gc,cpu      ] GC(1168) User=0.04s Sys=0.00s Real=0.02s
[584.955s][info][gc,start    ] GC(1169) Pause Young (Mixed) (G1 Evacuation Pause)
[584.955s][info][gc,task     ] GC(1169) Using 2 workers of 2 for evacuation
[584.962s][info][gc,phases   ] GC(1169)   Pre Evacuate Collection Set: 0.29ms
[584.962s][info][gc,phases   ] GC(1169)   Merge Heap Roots: 0.15ms
[584.962s][info][gc,phases   ] GC(1169)   Evacuate Collection Set: 6.10ms
[584.962s][info][gc,phases   ] GC(1169)   Post Evacuate Collection Set: 0.49ms
[584.962s][info][gc,phases   ] GC(1169)   Other: 0.07ms
[584.962s][info][gc,heap     ] GC(1169) Eden regions: 159->0(176)
[584.962s][info][gc,heap     ] GC(1169) Survivor regions: 2->2(21)
[584.962s][info][gc,heap     ] GC(1169) Old regions: 114->102
[584.962s][info][gc,heap     ] GC(1169) Humongous regions: 4->4
[584.962s][info][gc,metaspace] GC(1169) Metaspace: 43084K(43584K)->43084K(43584K) NonClass: 38741K(39040K)->38741K(39040K) Class: 4343K(4544K)->4343K(4544K)
[584.962s][info][gc          ] GC(1169) Pause Young (Mixed) (G1 Evacuation Pause) 277M->106M(364M) 7.285ms
[584.962s][info][gc,cpu      ] GC(1169) User=0.01s Sys=0.00s Real=0.00s
[584.983s][info][gc,start    ] GC(1170) Pause Young (Concurrent Start) (G1 Humongous Allocation)
[584.983s][info][gc,task     ] GC(1170) Using 2 workers of 2 for evacuation
[584.985s][info][gc,phases   ] GC(1170)   Pre Evacuate Collection Set: 0.23ms
[584.985s][info][gc,phases   ] GC(1170)   Merge Heap Roots: 0.06ms
[584.985s][info][gc,phases   ] GC(1170)   Evacuate Collection Set: 1.69ms
[584.985s][info][gc,phases   ] GC(1170)   Post Evacuate Collection Set: 0.25ms
[584.985s][info][gc,phases   ] GC(1170)   Other: 0.08ms
[584.985s][info][gc,heap     ] GC(1170) Eden regions: 7->0(186)
[584.985s][info][gc,heap     ] GC(1170) Survivor regions: 2->2(23)
[584.985s][info][gc,heap     ] GC(1170) Old regions: 102->102
[584.985s][info][gc,heap     ] GC(1170) Humongous regions: 4->4
[584.985s][info][gc,metaspace] GC(1170) Metaspace: 43084K(43584K)->43084K(43584K) NonClass: 38741K(39040K)->38741K(39040K) Class: 4343K(4544K)->4343K(4544K)
[584.985s][info][gc          ] GC(1170) Pause Young (Concurrent Start) (G1 Humongous Allocation) 112M->106M(364M) 2.472ms
[584.985s][info][gc,cpu      ] GC(1170) User=0.00s Sys=0.00s Real=0.01s
[584.986s][info][gc          ] GC(1171) Concurrent Mark Cycle
[584.986s][info][gc,marking  ] GC(1171) Concurrent Scan Root Regions
[584.986s][info][gc,marking  ] GC(1171) Concurrent Scan Root Regions 0.889ms
[584.986s][info][gc,marking  ] GC(1171) Concurrent Mark
[584.986s][info][gc,marking  ] GC(1171) Concurrent Mark From Roots
[584.986s][info][gc,task     ] GC(1171) Using 1 workers of 1 for marking
[585.063s][info][gc,marking  ] GC(1171) Concurrent Mark From Roots 76.278ms
[585.063s][info][gc,marking  ] GC(1171) Concurrent Preclean
[585.063s][info][gc,marking  ] GC(1171) Concurrent Preclean 0.044ms
[585.063s][info][gc,start    ] GC(1171) Pause Remark
[585.080s][info][gc          ] GC(1171) Pause Remark 130M->104M(277M) 17.018ms
[585.080s][info][gc,cpu      ] GC(1171) User=0.03s Sys=0.00s Real=0.02s
[585.080s][info][gc,marking  ] GC(1171) Concurrent Mark 93.650ms
[585.080s][info][gc,marking  ] GC(1171) Concurrent Rebuild Remembered Sets and Scrub Regions
[585.112s][info][gc,marking  ] GC(1171) Concurrent Rebuild Remembered Sets and Scrub Regions 31.936ms
[585.112s][info][gc,start    ] GC(1171) Pause Cleanup
[585.112s][info][gc          ] GC(1171) Pause Cleanup 113M->113M(277M) 0.053ms
[585.112s][info][gc,cpu      ] GC(1171) User=0.00s Sys=0.00s Real=0.00s
[585.112s][info][gc,marking  ] GC(1171) Concurrent Clear Claimed Marks
[585.112s][info][gc,marking  ] GC(1171) Concurrent Clear Claimed Marks 0.035ms
[585.112s][info][gc,marking  ] GC(1171) Concurrent Cleanup for Next Mark
[585.113s][info][gc,marking  ] GC(1171) Concurrent Cleanup for Next Mark 0.832ms
[585.113s][info][gc          ] GC(1171) Concurrent Mark Cycle 127.692ms
[585.536s][info][gc,start    ] GC(1172) Pause Young (Prepare Mixed) (G1 Evacuation Pause)
[585.536s][info][gc,task     ] GC(1172) Using 2 workers of 2 for evacuation
[585.541s][info][gc,phases   ] GC(1172)   Pre Evacuate Collection Set: 0.17ms
[585.541s][info][gc,phases   ] GC(1172)   Merge Heap Roots: 0.08ms
[585.541s][info][gc,phases   ] GC(1172)   Evacuate Collection Set: 4.24ms
[585.541s][info][gc,phases   ] GC(1172)   Post Evacuate Collection Set: 0.45ms
[585.541s][info][gc,phases   ] GC(1172)   Other: 0.07ms
[585.541s][info][gc,heap     ] GC(1172) Eden regions: 164->0(151)
[585.541s][info][gc,heap     ] GC(1172) Survivor regions: 2->5(21)
[585.541s][info][gc,heap     ] GC(1172) Old regions: 77->77
[585.541s][info][gc,heap     ] GC(1172) Humongous regions: 4->1
[585.541s][info][gc,metaspace] GC(1172) Metaspace: 43084K(43584K)->43084K(43584K) NonClass: 38741K(39040K)->38741K(39040K) Class: 4343K(4544K)->4343K(4544K)
[585.541s][info][gc          ] GC(1172) Pause Young (Prepare Mixed) (G1 Evacuation Pause) 245M->81M(277M) 5.198ms
[585.541s][info][gc,cpu      ] GC(1172) User=0.01s Sys=0.00s Real=0.00s
[585.824s][info][gc,start    ] GC(1173) Pause Young (Mixed) (G1 Evacuation Pause)
[585.824s][info][gc,task     ] GC(1173) Using 2 workers of 2 for evacuation
[585.829s][info][gc,phases   ] GC(1173)   Pre Evacuate Collection Set: 0.15ms
[585.829s][info][gc,phases   ] GC(1173)   Merge Heap Roots: 0.09ms
[585.829s][info][gc,phases   ] GC(1173)   Evacuate Collection Set: 4.08ms
[585.829s][info][gc,phases   ] GC(1173)   Post Evacuate Collection Set: 0.43ms
[585.829s][info][gc,phases   ] GC(1173)   Other: 0.07ms
[585.829s][info][gc,heap     ] GC(1173) Eden regions: 151->0(161)
[585.829s][info][gc,heap     ] GC(1173) Survivor regions: 5->5(20)
[585.829s][info][gc,heap     ] GC(1173) Old regions: 77->65
[585.829s][info][gc,heap     ] GC(1173) Humongous regions: 1->1
[585.829s][info][gc,metaspace] GC(1173) Metaspace: 43084K(43584K)->43084K(43584K) NonClass: 38741K(39040K)->38741K(39040K) Class: 4343K(4544K)->4343K(4544K)
[585.829s][info][gc          ] GC(1173) Pause Young (Mixed) (G1 Evacuation Pause) 232M->69M(277M) 5.013ms
[585.829s][info][gc,cpu      ] GC(1173) User=0.01s Sys=0.00s Real=0.01s
[586.127s][info][gc,start    ] GC(1174) Pause Young (Concurrent Start) (G1 Evacuation Pause)
[586.128s][info][gc,task     ] GC(1174) Using 2 workers of 2 for evacuation
[586.132s][info][gc,phases   ] GC(1174)   Pre Evacuate Collection Set: 0.17ms
[586.132s][info][gc,phases   ] GC(1174)   Merge Heap Roots: 0.06ms
[586.132s][info][gc,phases   ] GC(1174)   Evacuate Collection Set: 3.60ms
[586.132s][info][gc,phases   ] GC(1174)   Post Evacuate Collection Set: 0.40ms
[586.132s][info][gc,phases   ] GC(1174)   Other: 0.12ms
[586.132s][info][gc,heap     ] GC(1174) Eden regions: 161->0(161)
[586.132s][info][gc,heap     ] GC(1174) Survivor regions: 5->5(21)
[586.132s][info][gc,heap     ] GC(1174) Old regions: 65->65
[586.132s][info][gc,heap     ] GC(1174) Humongous regions: 1->1
[586.132s][info][gc,metaspace] GC(1174) Metaspace: 43084K(43584K)->43084K(43584K) NonClass: 38741K(39040K)->38741K(39040K) Class: 4343K(4544K)->4343K(4544K)
[586.132s][info][gc          ] GC(1174) Pause Young (Concurrent Start) (G1 Evacuation Pause) 230M->69M(277M) 4.575ms
[586.132s][info][gc,cpu      ] GC(1174) User=0.00s Sys=0.00s Real=0.00s
[586.132s][info][gc          ] GC(1175) Concurrent Mark Cycle
[586.132s][info][gc,marking  ] GC(1175) Concurrent Scan Root Regions
[586.134s][info][gc,marking  ] GC(1175) Concurrent Scan Root Regions 2.213ms
[586.134s][info][gc,marking  ] GC(1175) Concurrent Mark
[586.134s][info][gc,marking  ] GC(1175) Concurrent Mark From Roots
[586.134s][info][gc,task     ] GC(1175) Using 1 workers of 1 for marking
[586.204s][info][gc,marking  ] GC(1175) Concurrent Mark From Roots 70.082ms
[586.204s][info][gc,marking  ] GC(1175) Concurrent Preclean
[586.205s][info][gc,marking  ] GC(1175) Concurrent Preclean 0.042ms
[586.205s][info][gc,start    ] GC(1175) Pause Remark
[586.221s][info][gc          ] GC(1175) Pause Remark 107M->102M(256M) 16.366ms
[586.221s][info][gc,cpu      ] GC(1175) User=0.03s Sys=0.00s Real=0.02s
[586.221s][info][gc,marking  ] GC(1175) Concurrent Mark 86.778ms
[586.221s][info][gc,marking  ] GC(1175) Concurrent Rebuild Remembered Sets and Scrub Regions
[586.251s][info][gc,marking  ] GC(1175) Concurrent Rebuild Remembered Sets and Scrub Regions 29.496ms
[586.251s][info][gc,start    ] GC(1175) Pause Cleanup
[586.251s][info][gc          ] GC(1175) Pause Cleanup 118M->118M(256M) 0.051ms
[586.251s][info][gc,cpu      ] GC(1175) User=0.00s Sys=0.00s Real=0.00s
[586.251s][info][gc,marking  ] GC(1175) Concurrent Clear Claimed Marks
[586.251s][info][gc,marking  ] GC(1175) Concurrent Clear Claimed Marks 0.047ms
[586.251s][info][gc,marking  ] GC(1175) Concurrent Cleanup for Next Mark
[586.252s][info][gc,marking  ] GC(1175) Concurrent Cleanup for Next Mark 0.766ms
[586.252s][info][gc          ] GC(1175) Concurrent Mark Cycle 119.646ms
[586.641s][info][gc,start    ] GC(1176) Pause Young (Prepare Mixed) (G1 Evacuation Pause)
[586.641s][info][gc,task     ] GC(1176) Using 2 workers of 2 for evacuation
[586.652s][info][gc,phases   ] GC(1176)   Pre Evacuate Collection Set: 0.20ms
[586.652s][info][gc,phases   ] GC(1176)   Merge Heap Roots: 0.08ms
[586.652s][info][gc,phases   ] GC(1176)   Evacuate Collection Set: 9.70ms
[586.652s][info][gc,phases   ] GC(1176)   Post Evacuate Collection Set: 1.03ms
[586.652s][info][gc,phases   ] GC(1176)   Other: 0.08ms
[586.652s][info][gc,heap     ] GC(1176) Eden regions: 138->0(187)
[586.652s][info][gc,heap     ] GC(1176) Survivor regions: 5->8(22)
[586.652s][info][gc,heap     ] GC(1176) Old regions: 60->60
[586.652s][info][gc,heap     ] GC(1176) Humongous regions: 115->3
[586.652s][info][gc,metaspace] GC(1176) Metaspace: 43084K(43584K)->43084K(43584K) NonClass: 38741K(39040K)->38741K(39040K) Class: 4343K(4544K)->4343K(4544K)
[586.652s][info][gc          ] GC(1176) Pause Young (Prepare Mixed) (G1 Evacuation Pause) 316M->68M(326M) 11.299ms
[586.652s][info][gc,cpu      ] GC(1176) User=0.01s Sys=0.01s Real=0.01s
[587.115s][info][gc,start    ] GC(1177) Pause Young (Mixed) (G1 Evacuation Pause)
[587.115s][info][gc,task     ] GC(1177) Using 2 workers of 2 for evacuation
[587.134s][info][gc,phases   ] GC(1177)   Pre Evacuate Collection Set: 0.31ms
[587.134s][info][gc,phases   ] GC(1177)   Merge Heap Roots: 0.12ms
[587.134s][info][gc,phases   ] GC(1177)   Evacuate Collection Set: 17.68ms
[587.134s][info][gc,phases   ] GC(1177)   Post Evacuate Collection Set: 0.74ms
[587.134s][info][gc,phases   ] GC(1177)   Other: 0.06ms
[587.134s][info][gc,heap     ] GC(1177) Eden regions: 45->0(240)
[587.134s][info][gc,heap     ] GC(1177) Survivor regions: 8->10(28)
[587.134s][info][gc,heap     ] GC(1177) Old regions: 60->55
[587.134s][info][gc,heap     ] GC(1177) Humongous regions: 291->3
[587.134s][info][gc,metaspace] GC(1177) Metaspace: 43084K(43584K)->43084K(43584K) NonClass: 38741K(39040K)->38741K(39040K) Class: 4343K(4544K)->4343K(4544K)
[587.134s][info][gc          ] GC(1177) Pause Young (Mixed) (G1 Evacuation Pause) 401M->65M(417M) 19.134ms
[587.134s][info][gc,cpu      ] GC(1177) User=0.03s Sys=0.00s Real=0.01s
[587.203s][info][gc,start    ] GC(1178) Pause Young (Concurrent Start) (G1 Humongous Allocation)
[587.203s][info][gc,task     ] GC(1178) Using 2 workers of 2 for evacuation
[587.212s][info][gc,phases   ] GC(1178)   Pre Evacuate Collection Set: 0.23ms
[587.212s][info][gc,phases   ] GC(1178)   Merge Heap Roots: 0.05ms
[587.212s][info][gc,phases   ] GC(1178)   Evacuate Collection Set: 8.72ms
[587.212s][info][gc,phases   ] GC(1178)   Post Evacuate Collection Set: 0.45ms
[587.212s][info][gc,phases   ] GC(1178)   Other: 0.14ms
[587.212s][info][gc,heap     ] GC(1178) Eden regions: 9->0(239)
[587.212s][info][gc,heap     ] GC(1178) Survivor regions: 10->11(32)
[587.212s][info][gc,heap     ] GC(1178) Old regions: 55->55
[587.212s][info][gc,heap     ] GC(1178) Humongous regions: 49->1
[587.212s][info][gc,metaspace] GC(1178) Metaspace: 43084K(43584K)->43084K(43584K) NonClass: 38741K(39040K)->38741K(39040K) Class: 4343K(4544K)->4343K(4544K)
[587.212s][info][gc          ] GC(1178) Pause Young (Concurrent Start) (G1 Humongous Allocation) 119M->64M(417M) 9.796ms
[587.213s][info][gc          ] GC(1179) Concurrent Undo Cycle
[587.213s][info][gc,marking  ] GC(1179) Concurrent Clear Claimed Marks
[587.213s][info][gc,marking  ] GC(1179) Concurrent Clear Claimed Marks 0.047ms
[587.213s][info][gc,marking  ] GC(1179) Concurrent Cleanup for Next Mark
[587.213s][info][gc,cpu      ] GC(1178) User=0.02s Sys=0.00s Real=0.01s
[587.215s][info][gc,marking  ] GC(1179) Concurrent Cleanup for Next Mark 2.468ms
[587.215s][info][gc          ] GC(1179) Concurrent Undo Cycle 2.581ms
[587.216s][info][gc,start    ] GC(1180) Pause Young (Concurrent Start) (G1 Humongous Allocation)
[587.216s][info][gc,task     ] GC(1180) Using 2 workers of 2 for evacuation
[587.227s][info][gc,phases   ] GC(1180)   Pre Evacuate Collection Set: 0.24ms
[587.227s][info][gc,phases   ] GC(1180)   Merge Heap Roots: 0.07ms
[587.227s][info][gc,phases   ] GC(1180)   Evacuate Collection Set: 9.95ms
[587.227s][info][gc,phases   ] GC(1180)   Post Evacuate Collection Set: 0.64ms
[587.227s][info][gc,phases   ] GC(1180)   Other: 0.10ms
[587.227s][info][gc,heap     ] GC(1180) Eden regions: 1->0(239)
[587.227s][info][gc,heap     ] GC(1180) Survivor regions: 11->11(32)
[587.227s][info][gc,heap     ] GC(1180) Old regions: 55->55
[587.227s][info][gc,heap     ] GC(1180) Humongous regions: 3->1
[587.227s][info][gc,metaspace] GC(1180) Metaspace: 43084K(43584K)->43084K(43584K) NonClass: 38741K(39040K)->38741K(39040K) Class: 4343K(4544K)->4343K(4544K)
[587.227s][info][gc          ] GC(1180) Pause Young (Concurrent Start) (G1 Humongous Allocation) 67M->64M(417M) 11.151ms
[587.227s][info][gc          ] GC(1181) Concurrent Mark Cycle
[587.227s][info][gc,marking  ] GC(1181) Concurrent Scan Root Regions
[587.228s][info][gc,cpu      ] GC(1180) User=0.02s Sys=0.00s Real=0.01s
[587.238s][info][gc,marking  ] GC(1181) Concurrent Scan Root Regions 10.443ms
[587.238s][info][gc,marking  ] GC(1181) Concurrent Mark
[587.238s][info][gc,marking  ] GC(1181) Concurrent Mark From Roots
[587.238s][info][gc,task     ] GC(1181) Using 1 workers of 1 for marking
[587.308s][info][gc,marking  ] GC(1181) Concurrent Mark From Roots 70.029ms
[587.308s][info][gc,marking  ] GC(1181) Concurrent Preclean
[587.308s][info][gc,marking  ] GC(1181) Concurrent Preclean 0.043ms
[587.308s][info][gc,start    ] GC(1181) Pause Remark
[587.325s][info][gc          ] GC(1181) Pause Remark 128M->128M(410M) 16.555ms
[587.325s][info][gc,cpu      ] GC(1181) User=0.04s Sys=0.00s Real=0.01s
[587.325s][info][gc,marking  ] GC(1181) Concurrent Mark 86.955ms
[587.325s][info][gc,marking  ] GC(1181) Concurrent Rebuild Remembered Sets and Scrub Regions
[587.354s][info][gc,marking  ] GC(1181) Concurrent Rebuild Remembered Sets and Scrub Regions 29.670ms
[587.355s][info][gc,start    ] GC(1181) Pause Cleanup
[587.355s][info][gc          ] GC(1181) Pause Cleanup 149M->149M(410M) 0.063ms
[587.355s][info][gc,cpu      ] GC(1181) User=0.00s Sys=0.00s Real=0.00s
[587.355s][info][gc,marking  ] GC(1181) Concurrent Clear Claimed Marks
[587.355s][info][gc,marking  ] GC(1181) Concurrent Clear Claimed Marks 0.039ms
[587.355s][info][gc,marking  ] GC(1181) Concurrent Cleanup for Next Mark
[587.358s][info][gc,marking  ] GC(1181) Concurrent Cleanup for Next Mark 2.941ms
[587.358s][info][gc          ] GC(1181) Concurrent Mark Cycle 130.436ms
[587.870s][info][gc,start    ] GC(1182) Pause Young (Prepare Mixed) (G1 Evacuation Pause)
[587.870s][info][gc,task     ] GC(1182) Using 2 workers of 2 for evacuation
[587.895s][info][gc,phases   ] GC(1182)   Pre Evacuate Collection Set: 0.29ms
[587.895s][info][gc,phases   ] GC(1182)   Merge Heap Roots: 0.07ms
[587.895s][info][gc,phases   ] GC(1182)   Evacuate Collection Set: 23.09ms
[587.895s][info][gc,phases   ] GC(1182)   Post Evacuate Collection Set: 1.16ms
[587.895s][info][gc,phases   ] GC(1182)   Other: 0.08ms
[587.895s][info][gc,heap     ] GC(1182) Eden regions: 63->0(294)
[587.895s][info][gc,heap     ] GC(1182) Survivor regions: 11->17(37)
[587.895s][info][gc,heap     ] GC(1182) Old regions: 55->55
[587.895s][info][gc,heap     ] GC(1182) Humongous regions: 373->3
[587.895s][info][gc,metaspace] GC(1182) Metaspace: 43084K(43584K)->43084K(43584K) NonClass: 38741K(39040K)->38741K(39040K) Class: 4343K(4544K)->4343K(4544K)
[587.895s][info][gc          ] GC(1182) Pause Young (Prepare Mixed) (G1 Evacuation Pause) 499M->72M(519M) 24.923ms
[587.895s][info][gc,cpu      ] GC(1182) User=0.03s Sys=0.01s Real=0.03s
[588.719s][info][gc,start    ] GC(1183) Pause Young (Mixed) (G1 Evacuation Pause)
[588.719s][info][gc,task     ] GC(1183) Using 2 workers of 2 for evacuation
[588.769s][info][gc,phases   ] GC(1183)   Pre Evacuate Collection Set: 0.44ms
[588.769s][info][gc,phases   ] GC(1183)   Merge Heap Roots: 0.15ms
[588.769s][info][gc,phases   ] GC(1183)   Evacuate Collection Set: 47.50ms
[588.769s][info][gc,phases   ] GC(1183)   Post Evacuate Collection Set: 1.39ms
[588.769s][info][gc,phases   ] GC(1183)   Other: 0.07ms
[588.769s][info][gc,heap     ] GC(1183) Eden regions: 90->0(367)
[588.769s][info][gc,heap     ] GC(1183) Survivor regions: 17->29(45)
[588.769s][info][gc,heap     ] GC(1183) Old regions: 55->52
[588.769s][info][gc,heap     ] GC(1183) Humongous regions: 467->1
[588.769s][info][gc,metaspace] GC(1183) Metaspace: 43085K(43584K)->43085K(43584K) NonClass: 38742K(39040K)->38742K(39040K) Class: 4343K(4544K)->4343K(4544K)
[588.769s][info][gc          ] GC(1183) Pause Young (Mixed) (G1 Evacuation Pause) 626M->80M(660M) 49.773ms
[588.769s][info][gc,cpu      ] GC(1183) User=0.08s Sys=0.01s Real=0.05s
[589.896s][info][gc,start    ] GC(1184) Pause Young (Normal) (G1 Evacuation Pause)
[589.896s][info][gc,task     ] GC(1184) Using 2 workers of 2 for evacuation
[589.907s][info][gc,phases   ] GC(1184)   Pre Evacuate Collection Set: 0.28ms
[589.907s][info][gc,phases   ] GC(1184)   Merge Heap Roots: 0.11ms
[589.907s][info][gc,phases   ] GC(1184)   Evacuate Collection Set: 9.74ms
[589.907s][info][gc,phases   ] GC(1184)   Post Evacuate Collection Set: 0.69ms
[589.907s][info][gc,phases   ] GC(1184)   Other: 0.08ms
[589.907s][info][gc,heap     ] GC(1184) Eden regions: 367->0(387)
[589.907s][info][gc,heap     ] GC(1184) Survivor regions: 29->9(50)
[589.907s][info][gc,heap     ] GC(1184) Old regions: 52->55
[589.907s][info][gc,heap     ] GC(1184) Humongous regions: 99->1
[589.907s][info][gc,metaspace] GC(1184) Metaspace: 43088K(43584K)->43088K(43584K) NonClass: 38745K(39040K)->38745K(39040K) Class: 4343K(4544K)->4343K(4544K)
[589.907s][info][gc          ] GC(1184) Pause Young (Normal) (G1 Evacuation Pause) 545M->62M(660M) 11.184ms
[589.907s][info][gc,cpu      ] GC(1184) User=0.02s Sys=0.01s Real=0.01s
[590.849s][info][gc,start    ] GC(1185) Pause Young (Normal) (G1 Evacuation Pause)
[590.849s][info][gc,task     ] GC(1185) Using 2 workers of 2 for evacuation
[590.854s][info][gc,phases   ] GC(1185)   Pre Evacuate Collection Set: 0.27ms
[590.854s][info][gc,phases   ] GC(1185)   Merge Heap Roots: 0.12ms
[590.854s][info][gc,phases   ] GC(1185)   Evacuate Collection Set: 4.58ms
[590.854s][info][gc,phases   ] GC(1185)   Post Evacuate Collection Set: 0.60ms
[590.854s][info][gc,phases   ] GC(1185)   Other: 0.10ms
[590.854s][info][gc,heap     ] GC(1185) Eden regions: 387->0(389)
[590.854s][info][gc,heap     ] GC(1185) Survivor regions: 9->7(50)
[590.854s][info][gc,heap     ] GC(1185) Old regions: 55->55
[590.854s][info][gc,heap     ] GC(1185) Humongous regions: 1->1
[590.854s][info][gc,metaspace] GC(1185) Metaspace: 43094K(43584K)->43094K(43584K) NonClass: 38750K(39040K)->38750K(39040K) Class: 4343K(4544K)->4343K(4544K)
[590.854s][info][gc          ] GC(1185) Pause Young (Normal) (G1 Evacuation Pause) 449M->61M(660M) 5.873ms
[590.854s][info][gc,cpu      ] GC(1185) User=0.01s Sys=0.00s Real=0.00s
[591.854s][info][gc,start    ] GC(1186) Pause Young (Normal) (G1 Evacuation Pause)
[591.855s][info][gc,task     ] GC(1186) Using 2 workers of 2 for evacuation
[591.864s][info][gc,phases   ] GC(1186)   Pre Evacuate Collection Set: 0.27ms
[591.864s][info][gc,phases   ] GC(1186)   Merge Heap Roots: 0.14ms
[591.864s][info][gc,phases   ] GC(1186)   Evacuate Collection Set: 8.10ms
[591.864s][info][gc,phases   ] GC(1186)   Post Evacuate Collection Set: 0.82ms
[591.864s][info][gc,phases   ] GC(1186)   Other: 0.10ms
[591.864s][info][gc,heap     ] GC(1186) Eden regions: 389->0(383)
[591.864s][info][gc,heap     ] GC(1186) Survivor regions: 7->13(50)
[591.864s][info][gc,heap     ] GC(1186) Old regions: 55->55
[591.864s][info][gc,heap     ] GC(1186) Humongous regions: 1->1
[591.864s][info][gc,metaspace] GC(1186) Metaspace: 43114K(43584K)->43114K(43584K) NonClass: 38771K(39040K)->38771K(39040K) Class: 4343K(4544K)->4343K(4544K)
[591.864s][info][gc          ] GC(1186) Pause Young (Normal) (G1 Evacuation Pause) 450M->66M(660M) 9.670ms
[591.864s][info][gc,cpu      ] GC(1186) User=0.02s Sys=0.00s Real=0.01s
[593.883s][info][gc,start    ] GC(1187) Pause Young (Normal) (G1 Evacuation Pause)
[593.883s][info][gc,task     ] GC(1187) Using 2 workers of 2 for evacuation
[593.904s][info][gc,phases   ] GC(1187)   Pre Evacuate Collection Set: 0.35ms
[593.904s][info][gc,phases   ] GC(1187)   Merge Heap Roots: 0.12ms
[593.904s][info][gc,phases   ] GC(1187)   Evacuate Collection Set: 19.27ms
[593.904s][info][gc,phases   ] GC(1187)   Post Evacuate Collection Set: 0.85ms
[593.904s][info][gc,phases   ] GC(1187)   Other: 0.10ms
[593.904s][info][gc,heap     ] GC(1187) Eden regions: 383->0(376)
[593.904s][info][gc,heap     ] GC(1187) Survivor regions: 13->20(50)
[593.904s][info][gc,heap     ] GC(1187) Old regions: 55->55
[593.904s][info][gc,heap     ] GC(1187) Humongous regions: 13->3
[593.904s][info][gc,metaspace] GC(1187) Metaspace: 43121K(43584K)->43121K(43584K) NonClass: 38777K(39040K)->38777K(39040K) Class: 4343K(4544K)->4343K(4544K)
[593.904s][info][gc          ] GC(1187) Pause Young (Normal) (G1 Evacuation Pause) 461M->76M(660M) 20.930ms
[593.904s][info][gc,cpu      ] GC(1187) User=0.04s Sys=0.01s Real=0.02s
[594.862s][info][gc,start    ] GC(1188) Pause Young (Normal) (G1 Evacuation Pause)
[594.862s][info][gc,task     ] GC(1188) Using 2 workers of 2 for evacuation
[594.933s][info][gc,phases   ] GC(1188)   Pre Evacuate Collection Set: 0.26ms
[594.933s][info][gc,phases   ] GC(1188)   Merge Heap Roots: 0.22ms
[594.933s][info][gc,phases   ] GC(1188)   Evacuate Collection Set: 69.67ms
[594.933s][info][gc,phases   ] GC(1188)   Post Evacuate Collection Set: 0.82ms
[594.933s][info][gc,phases   ] GC(1188)   Other: 0.08ms
[594.933s][info][gc,heap     ] GC(1188) Eden regions: 376->0(346)
[594.933s][info][gc,heap     ] GC(1188) Survivor regions: 20->50(50)
[594.933s][info][gc,heap     ] GC(1188) Old regions: 55->65
[594.933s][info][gc,heap     ] GC(1188) Humongous regions: 6->6
[594.933s][info][gc,metaspace] GC(1188) Metaspace: 43121K(43584K)->43121K(43584K) NonClass: 38777K(39040K)->38777K(39040K) Class: 4343K(4544K)->4343K(4544K)
[594.933s][info][gc          ] GC(1188) Pause Young (Normal) (G1 Evacuation Pause) 455M->119M(660M) 71.285ms
[594.934s][info][gc,cpu      ] GC(1188) User=0.14s Sys=0.00s Real=0.07s
[598.388s][info][gc,start    ] GC(1189) Pause Young (Normal) (G1 Evacuation Pause)
[598.388s][info][gc,task     ] GC(1189) Using 2 workers of 2 for evacuation
[598.453s][info][gc,phases   ] GC(1189)   Pre Evacuate Collection Set: 0.25ms
[598.453s][info][gc,phases   ] GC(1189)   Merge Heap Roots: 0.33ms
[598.453s][info][gc,phases   ] GC(1189)   Evacuate Collection Set: 63.50ms
[598.453s][info][gc,phases   ] GC(1189)   Post Evacuate Collection Set: 0.67ms
[598.453s][info][gc,phases   ] GC(1189)   Other: 0.08ms
[598.453s][info][gc,heap     ] GC(1189) Eden regions: 346->0(376)
[598.453s][info][gc,heap     ] GC(1189) Survivor regions: 50->20(50)
[598.453s][info][gc,heap     ] GC(1189) Old regions: 65->107
[598.453s][info][gc,heap     ] GC(1189) Humongous regions: 13->8
[598.453s][info][gc,metaspace] GC(1189) Metaspace: 43123K(43584K)->43123K(43584K) NonClass: 38780K(39040K)->38780K(39040K) Class: 4343K(4544K)->4343K(4544K)
[598.453s][info][gc          ] GC(1189) Pause Young (Normal) (G1 Evacuation Pause) 472M->133M(660M) 65.036ms
[598.454s][info][gc,cpu      ] GC(1189) User=0.13s Sys=0.00s Real=0.06s
[599.589s][info][gc,start    ] GC(1190) Pause Young (Normal) (G1 Evacuation Pause)
[599.589s][info][gc,task     ] GC(1190) Using 2 workers of 2 for evacuation
[599.647s][info][gc,phases   ] GC(1190)   Pre Evacuate Collection Set: 0.29ms
[599.647s][info][gc,phases   ] GC(1190)   Merge Heap Roots: 0.21ms
[599.647s][info][gc,phases   ] GC(1190)   Evacuate Collection Set: 56.75ms
[599.647s][info][gc,phases   ] GC(1190)   Post Evacuate Collection Set: 0.68ms
[599.647s][info][gc,phases   ] GC(1190)   Other: 0.10ms
[599.647s][info][gc,heap     ] GC(1190) Eden regions: 376->0(351)
[599.647s][info][gc,heap     ] GC(1190) Survivor regions: 20->45(50)
[599.647s][info][gc,heap     ] GC(1190) Old regions: 107->107
[599.647s][info][gc,heap     ] GC(1190) Humongous regions: 11->11
[599.647s][info][gc,metaspace] GC(1190) Metaspace: 43123K(43584K)->43123K(43584K) NonClass: 38780K(39040K)->38780K(39040K) Class: 4343K(4544K)->4343K(4544K)
[599.647s][info][gc          ] GC(1190) Pause Young (Normal) (G1 Evacuation Pause) 512M->161M(660M) 58.240ms
[599.647s][info][gc,cpu      ] GC(1190) User=0.10s Sys=0.00s Real=0.06s
[600.616s][info][gc,start    ] GC(1191) Pause Young (Normal) (G1 Evacuation Pause)
[600.616s][info][gc,task     ] GC(1191) Using 2 workers of 2 for evacuation
[600.716s][info][gc,phases   ] GC(1191)   Pre Evacuate Collection Set: 0.27ms
[600.716s][info][gc,phases   ] GC(1191)   Merge Heap Roots: 0.20ms
[600.716s][info][gc,phases   ] GC(1191)   Evacuate Collection Set: 99.01ms
[600.716s][info][gc,phases   ] GC(1191)   Post Evacuate Collection Set: 0.68ms
[600.716s][info][gc,phases   ] GC(1191)   Other: 0.09ms
[600.716s][info][gc,heap     ] GC(1191) Eden regions: 351->0(355)
[600.717s][info][gc,heap     ] GC(1191) Survivor regions: 45->41(50)
[600.717s][info][gc,heap     ] GC(1191) Old regions: 107->152
[600.717s][info][gc,heap     ] GC(1191) Humongous regions: 17->17
[600.717s][info][gc,metaspace] GC(1191) Metaspace: 43123K(43584K)->43123K(43584K) NonClass: 38780K(39040K)->38780K(39040K) Class: 4343K(4544K)->4343K(4544K)
[600.717s][info][gc          ] GC(1191) Pause Young (Normal) (G1 Evacuation Pause) 518M->208M(660M) 100.493ms
[600.717s][info][gc,cpu      ] GC(1191) User=0.20s Sys=0.00s Real=0.10s
[601.239s][info][gc,start    ] GC(1192) Pause Young (Concurrent Start) (G1 Humongous Allocation)
[601.239s][info][gc,task     ] GC(1192) Using 2 workers of 2 for evacuation
[601.314s][info][gc,phases   ] GC(1192)   Pre Evacuate Collection Set: 0.29ms
[601.314s][info][gc,phases   ] GC(1192)   Merge Heap Roots: 0.14ms
[601.314s][info][gc,phases   ] GC(1192)   Evacuate Collection Set: 74.38ms
[601.314s][info][gc,phases   ] GC(1192)   Post Evacuate Collection Set: 0.52ms
[601.314s][info][gc,phases   ] GC(1192)   Other: 0.15ms
[601.314s][info][gc,heap     ] GC(1192) Eden regions: 144->0(333)
[601.315s][info][gc,heap     ] GC(1192) Survivor regions: 41->25(50)
[601.315s][info][gc,heap     ] GC(1192) Old regions: 152->193
[601.315s][info][gc,heap     ] GC(1192) Humongous regions: 17->17
[601.315s][info][gc,metaspace] GC(1192) Metaspace: 43123K(43584K)->43123K(43584K) NonClass: 38780K(39040K)->38780K(39040K) Class: 4343K(4544K)->4343K(4544K)
[601.315s][info][gc          ] GC(1192) Pause Young (Concurrent Start) (G1 Humongous Allocation) 352M->233M(660M) 75.755ms
[601.315s][info][gc,cpu      ] GC(1192) User=0.15s Sys=0.00s Real=0.07s
[601.315s][info][gc          ] GC(1193) Concurrent Mark Cycle
[601.315s][info][gc,marking  ] GC(1193) Concurrent Scan Root Regions
[601.378s][info][gc,marking  ] GC(1193) Concurrent Scan Root Regions 63.725ms
[601.378s][info][gc,marking  ] GC(1193) Concurrent Mark
[601.378s][info][gc,marking  ] GC(1193) Concurrent Mark From Roots
[601.378s][info][gc,task     ] GC(1193) Using 1 workers of 1 for marking
[601.444s][info][gc,marking  ] GC(1193) Concurrent Mark From Roots 65.423ms
[601.444s][info][gc,marking  ] GC(1193) Concurrent Preclean
[601.444s][info][gc,marking  ] GC(1193) Concurrent Preclean 0.199ms
[601.444s][info][gc,start    ] GC(1193) Pause Remark
[601.462s][info][gc          ] GC(1193) Pause Remark 242M->159M(514M) 17.385ms
[601.462s][info][gc,cpu      ] GC(1193) User=0.04s Sys=0.00s Real=0.02s
[601.462s][info][gc,marking  ] GC(1193) Concurrent Mark 83.342ms
[601.462s][info][gc,marking  ] GC(1193) Concurrent Rebuild Remembered Sets and Scrub Regions
[601.535s][info][gc,marking  ] GC(1193) Concurrent Rebuild Remembered Sets and Scrub Regions 72.981ms
[601.535s][info][gc,start    ] GC(1193) Pause Cleanup
[601.535s][info][gc          ] GC(1193) Pause Cleanup 163M->163M(514M) 0.074ms
[601.535s][info][gc,cpu      ] GC(1193) User=0.00s Sys=0.00s Real=0.00s
[601.535s][info][gc,marking  ] GC(1193) Concurrent Clear Claimed Marks
[601.535s][info][gc,marking  ] GC(1193) Concurrent Clear Claimed Marks 0.036ms
[601.535s][info][gc,marking  ] GC(1193) Concurrent Cleanup for Next Mark
[601.538s][info][gc,marking  ] GC(1193) Concurrent Cleanup for Next Mark 2.648ms
[601.538s][info][gc          ] GC(1193) Concurrent Mark Cycle 223.251ms
[603.354s][info][gc,start    ] GC(1194) Pause Young (Prepare Mixed) (G1 Evacuation Pause)
[603.354s][info][gc,task     ] GC(1194) Using 2 workers of 2 for evacuation
[603.397s][info][gc,phases   ] GC(1194)   Pre Evacuate Collection Set: 0.25ms
[603.397s][info][gc,phases   ] GC(1194)   Merge Heap Roots: 0.18ms
[603.397s][info][gc,phases   ] GC(1194)   Evacuate Collection Set: 41.70ms
[603.397s][info][gc,phases   ] GC(1194)   Post Evacuate Collection Set: 0.59ms
[603.397s][info][gc,phases   ] GC(1194)   Other: 0.08ms
[603.397s][info][gc,heap     ] GC(1194) Eden regions: 283->0(271)
[603.397s][info][gc,heap     ] GC(1194) Survivor regions: 25->19(39)
[603.397s][info][gc,heap     ] GC(1194) Old regions: 120->136
[603.397s][info][gc,heap     ] GC(1194) Humongous regions: 15->13
[603.397s][info][gc,metaspace] GC(1194) Metaspace: 43123K(43584K)->43123K(43584K) NonClass: 38780K(39040K)->38780K(39040K) Class: 4343K(4544K)->4343K(4544K)
[603.397s][info][gc          ] GC(1194) Pause Young (Prepare Mixed) (G1 Evacuation Pause) 441M->165M(514M) 43.010ms
[603.397s][info][gc,cpu      ] GC(1194) User=0.08s Sys=0.00s Real=0.05s
[605.110s][info][gc,start    ] GC(1195) Pause Young (Mixed) (G1 Evacuation Pause)
[605.110s][info][gc,task     ] GC(1195) Using 2 workers of 2 for evacuation
[605.130s][info][gc,phases   ] GC(1195)   Pre Evacuate Collection Set: 2.42ms
[605.130s][info][gc,phases   ] GC(1195)   Merge Heap Roots: 0.14ms
[605.130s][info][gc,phases   ] GC(1195)   Evacuate Collection Set: 17.32ms
[605.130s][info][gc,phases   ] GC(1195)   Post Evacuate Collection Set: 0.54ms
[605.130s][info][gc,phases   ] GC(1195)   Other: 0.09ms
[605.130s][info][gc,heap     ] GC(1195) Eden regions: 271->0(291)
[605.130s][info][gc,heap     ] GC(1195) Survivor regions: 19->16(37)
[605.130s][info][gc,heap     ] GC(1195) Old regions: 136->128
[605.130s][info][gc,heap     ] GC(1195) Humongous regions: 13->13
[605.130s][info][gc,metaspace] GC(1195) Metaspace: 43123K(43584K)->43123K(43584K) NonClass: 38780K(39040K)->38780K(39040K) Class: 4343K(4544K)->4343K(4544K)
[605.130s][info][gc          ] GC(1195) Pause Young (Mixed) (G1 Evacuation Pause) 436M->155M(514M) 20.732ms
[605.130s][info][gc,cpu      ] GC(1195) User=0.03s Sys=0.00s Real=0.02s
[606.107s][info][gc,start    ] GC(1196) Pause Young (Concurrent Start) (G1 Humongous Allocation)
[606.107s][info][gc,task     ] GC(1196) Using 2 workers of 2 for evacuation
[606.119s][info][gc,phases   ] GC(1196)   Pre Evacuate Collection Set: 0.26ms
[606.119s][info][gc,phases   ] GC(1196)   Merge Heap Roots: 0.10ms
[606.119s][info][gc,phases   ] GC(1196)   Evacuate Collection Set: 11.44ms
[606.119s][info][gc,phases   ] GC(1196)   Post Evacuate Collection Set: 0.44ms
[606.119s][info][gc,phases   ] GC(1196)   Other: 0.12ms
[606.119s][info][gc,heap     ] GC(1196) Eden regions: 148->0(297)
[606.119s][info][gc,heap     ] GC(1196) Survivor regions: 16->11(39)
[606.119s][info][gc,heap     ] GC(1196) Old regions: 128->128
[606.119s][info][gc,heap     ] GC(1196) Humongous regions: 13->13
[606.119s][info][gc,metaspace] GC(1196) Metaspace: 43123K(43584K)->43123K(43584K) NonClass: 38780K(39040K)->38780K(39040K) Class: 4343K(4544K)->4343K(4544K)
[606.119s][info][gc          ] GC(1196) Pause Young (Concurrent Start) (G1 Humongous Allocation) 303M->149M(514M) 12.581ms
[606.119s][info][gc,cpu      ] GC(1196) User=0.02s Sys=0.00s Real=0.01s
[606.120s][info][gc          ] GC(1197) Concurrent Mark Cycle
[606.120s][info][gc,marking  ] GC(1197) Concurrent Scan Root Regions
[606.131s][info][gc,marking  ] GC(1197) Concurrent Scan Root Regions 10.784ms
[606.131s][info][gc,marking  ] GC(1197) Concurrent Mark
[606.131s][info][gc,marking  ] GC(1197) Concurrent Mark From Roots
[606.131s][info][gc,task     ] GC(1197) Using 1 workers of 1 for marking
[606.174s][info][gc,marking  ] GC(1197) Concurrent Mark From Roots 42.802ms
[606.174s][info][gc,marking  ] GC(1197) Concurrent Preclean
[606.174s][info][gc,marking  ] GC(1197) Concurrent Preclean 0.044ms
[606.174s][info][gc,start    ] GC(1197) Pause Remark
[606.191s][info][gc          ] GC(1197) Pause Remark 158M->72M(256M) 17.379ms
[606.191s][info][gc,cpu      ] GC(1197) User=0.04s Sys=0.00s Real=0.02s
[606.191s][info][gc,marking  ] GC(1197) Concurrent Mark 60.615ms
[606.191s][info][gc,marking  ] GC(1197) Concurrent Rebuild Remembered Sets and Scrub Regions
[606.203s][info][gc,marking  ] GC(1197) Concurrent Rebuild Remembered Sets and Scrub Regions 11.338ms
[606.203s][info][gc,start    ] GC(1197) Pause Cleanup
[606.203s][info][gc          ] GC(1197) Pause Cleanup 74M->74M(256M) 0.055ms
[606.203s][info][gc,cpu      ] GC(1197) User=0.00s Sys=0.00s Real=0.00s
[606.203s][info][gc,marking  ] GC(1197) Concurrent Clear Claimed Marks
[606.203s][info][gc,marking  ] GC(1197) Concurrent Clear Claimed Marks 0.035ms
[606.203s][info][gc,marking  ] GC(1197) Concurrent Cleanup for Next Mark
[606.204s][info][gc,marking  ] GC(1197) Concurrent Cleanup for Next Mark 0.743ms
[606.204s][info][gc          ] GC(1197) Concurrent Mark Cycle 83.883ms
[607.076s][info][gc,start    ] GC(1198) Pause Young (Prepare Mixed) (G1 Evacuation Pause)
[607.076s][info][gc,task     ] GC(1198) Using 2 workers of 2 for evacuation
[607.084s][info][gc,phases   ] GC(1198)   Pre Evacuate Collection Set: 0.16ms
[607.084s][info][gc,phases   ] GC(1198)   Merge Heap Roots: 0.09ms
[607.084s][info][gc,phases   ] GC(1198)   Evacuate Collection Set: 6.65ms
[607.084s][info][gc,phases   ] GC(1198)   Post Evacuate Collection Set: 0.40ms
[607.084s][info][gc,phases   ] GC(1198)   Other: 0.10ms
[607.084s][info][gc,heap     ] GC(1198) Eden regions: 142->0(150)
[607.084s][info][gc,heap     ] GC(1198) Survivor regions: 11->3(20)
[607.084s][info][gc,heap     ] GC(1198) Old regions: 54->61
[607.084s][info][gc,heap     ] GC(1198) Humongous regions: 2->1
[607.084s][info][gc,metaspace] GC(1198) Metaspace: 43123K(43584K)->43123K(43584K) NonClass: 38780K(39040K)->38780K(39040K) Class: 4343K(4544K)->4343K(4544K)
[607.084s][info][gc          ] GC(1198) Pause Young (Prepare Mixed) (G1 Evacuation Pause) 207M->63M(256M) 7.659ms
[607.084s][info][gc,cpu      ] GC(1198) User=0.01s Sys=0.00s Real=0.00s
[607.973s][info][gc,start    ] GC(1199) Pause Young (Mixed) (G1 Evacuation Pause)
[607.973s][info][gc,task     ] GC(1199) Using 2 workers of 2 for evacuation
[607.994s][info][gc,phases   ] GC(1199)   Pre Evacuate Collection Set: 0.18ms
[607.994s][info][gc,phases   ] GC(1199)   Merge Heap Roots: 0.09ms
[607.994s][info][gc,phases   ] GC(1199)   Evacuate Collection Set: 20.23ms
[607.994s][info][gc,phases   ] GC(1199)   Post Evacuate Collection Set: 0.46ms
[607.994s][info][gc,phases   ] GC(1199)   Other: 0.12ms
[607.994s][info][gc,heap     ] GC(1199) Eden regions: 150->0(133)
[607.994s][info][gc,heap     ] GC(1199) Survivor regions: 3->20(20)
[607.994s][info][gc,heap     ] GC(1199) Old regions: 61->49
[607.994s][info][gc,heap     ] GC(1199) Humongous regions: 3->3
[607.994s][info][gc,metaspace] GC(1199) Metaspace: 43123K(43584K)->43123K(43584K) NonClass: 38780K(39040K)->38780K(39040K) Class: 4343K(4544K)->4343K(4544K)
[607.994s][info][gc          ] GC(1199) Pause Young (Mixed) (G1 Evacuation Pause) 215M->71M(256M) 21.297ms
[607.994s][info][gc,cpu      ] GC(1199) User=0.04s Sys=0.00s Real=0.02s
[608.281s][info][gc,start    ] GC(1200) Pause Young (Concurrent Start) (G1 Humongous Allocation)
[608.281s][info][gc,task     ] GC(1200) Using 2 workers of 2 for evacuation
[608.311s][info][gc,phases   ] GC(1200)   Pre Evacuate Collection Set: 0.19ms
[608.311s][info][gc,phases   ] GC(1200)   Merge Heap Roots: 0.07ms
[608.311s][info][gc,phases   ] GC(1200)   Evacuate Collection Set: 29.44ms
[608.311s][info][gc,phases   ] GC(1200)   Post Evacuate Collection Set: 0.40ms
[608.311s][info][gc,phases   ] GC(1200)   Other: 0.12ms
[608.311s][info][gc,heap     ] GC(1200) Eden regions: 101->0(132)
[608.311s][info][gc,heap     ] GC(1200) Survivor regions: 20->14(20)
[608.311s][info][gc,heap     ] GC(1200) Old regions: 49->70
[608.311s][info][gc,heap     ] GC(1200) Humongous regions: 3->3
[608.311s][info][gc,metaspace] GC(1200) Metaspace: 43123K(43584K)->43123K(43584K) NonClass: 38780K(39040K)->38780K(39040K) Class: 4343K(4544K)->4343K(4544K)
[608.311s][info][gc          ] GC(1200) Pause Young (Concurrent Start) (G1 Humongous Allocation) 172M->85M(256M) 30.440ms
[608.311s][info][gc,cpu      ] GC(1200) User=0.06s Sys=0.00s Real=0.03s
[608.312s][info][gc          ] GC(1201) Concurrent Mark Cycle
[608.312s][info][gc,marking  ] GC(1201) Concurrent Scan Root Regions
[608.334s][info][gc,marking  ] GC(1201) Concurrent Scan Root Regions 22.056ms
[608.334s][info][gc,marking  ] GC(1201) Concurrent Mark
[608.334s][info][gc,marking  ] GC(1201) Concurrent Mark From Roots
[608.334s][info][gc,task     ] GC(1201) Using 1 workers of 1 for marking
[608.365s][info][gc,marking  ] GC(1201) Concurrent Mark From Roots 31.234ms
[608.365s][info][gc,marking  ] GC(1201) Concurrent Preclean
[608.365s][info][gc,marking  ] GC(1201) Concurrent Preclean 0.041ms
[608.365s][info][gc,start    ] GC(1201) Pause Remark
[608.382s][info][gc          ] GC(1201) Pause Remark 103M->103M(256M) 16.597ms
[608.382s][info][gc,cpu      ] GC(1201) User=0.03s Sys=0.00s Real=0.01s
[608.382s][info][gc,marking  ] GC(1201) Concurrent Mark 48.211ms
[608.382s][info][gc,marking  ] GC(1201) Concurrent Rebuild Remembered Sets and Scrub Regions
[608.410s][info][gc,marking  ] GC(1201) Concurrent Rebuild Remembered Sets and Scrub Regions 28.383ms
[608.410s][info][gc,start    ] GC(1201) Pause Cleanup
[608.411s][info][gc          ] GC(1201) Pause Cleanup 112M->112M(256M) 0.052ms
[608.411s][info][gc,cpu      ] GC(1201) User=0.00s Sys=0.00s Real=0.00s
[608.411s][info][gc,marking  ] GC(1201) Concurrent Clear Claimed Marks
[608.411s][info][gc,marking  ] GC(1201) Concurrent Clear Claimed Marks 0.034ms
[608.411s][info][gc,marking  ] GC(1201) Concurrent Cleanup for Next Mark
[608.411s][info][gc,marking  ] GC(1201) Concurrent Cleanup for Next Mark 0.774ms
[608.411s][info][gc          ] GC(1201) Concurrent Mark Cycle 99.897ms
[608.705s][info][gc,start    ] GC(1202) Pause Young (Prepare Mixed) (G1 Evacuation Pause)
[608.705s][info][gc,task     ] GC(1202) Using 2 workers of 2 for evacuation
[608.736s][info][gc,phases   ] GC(1202)   Pre Evacuate Collection Set: 0.17ms
[608.736s][info][gc,phases   ] GC(1202)   Merge Heap Roots: 0.07ms
[608.736s][info][gc,phases   ] GC(1202)   Evacuate Collection Set: 30.17ms
[608.736s][info][gc,phases   ] GC(1202)   Post Evacuate Collection Set: 0.40ms
[608.736s][info][gc,phases   ] GC(1202)   Other: 0.10ms
[608.736s][info][gc,heap     ] GC(1202) Eden regions: 132->0(118)
[608.736s][info][gc,heap     ] GC(1202) Survivor regions: 14->16(19)
[608.736s][info][gc,heap     ] GC(1202) Old regions: 70->83
[608.736s][info][gc,heap     ] GC(1202) Humongous regions: 4->4
[608.736s][info][gc,metaspace] GC(1202) Metaspace: 43123K(43584K)->43123K(43584K) NonClass: 38780K(39040K)->38780K(39040K) Class: 4343K(4544K)->4343K(4544K)
[608.736s][info][gc          ] GC(1202) Pause Young (Prepare Mixed) (G1 Evacuation Pause) 218M->102M(256M) 31.172ms
[608.736s][info][gc,cpu      ] GC(1202) User=0.06s Sys=0.00s Real=0.04s
[609.078s][info][gc,start    ] GC(1203) Pause Young (Mixed) (G1 Evacuation Pause)
[609.078s][info][gc,task     ] GC(1203) Using 2 workers of 2 for evacuation
[609.116s][info][gc,phases   ] GC(1203)   Pre Evacuate Collection Set: 0.17ms
[609.116s][info][gc,phases   ] GC(1203)   Merge Heap Roots: 0.13ms
[609.116s][info][gc,phases   ] GC(1203)   Evacuate Collection Set: 36.67ms
[609.116s][info][gc,phases   ] GC(1203)   Post Evacuate Collection Set: 0.59ms
[609.116s][info][gc,phases   ] GC(1203)   Other: 0.08ms
[609.116s][info][gc,heap     ] GC(1203) Eden regions: 118->0(118)
[609.116s][info][gc,heap     ] GC(1203) Survivor regions: 16->15(17)
[609.116s][info][gc,heap     ] GC(1203) Old regions: 83->81
[609.116s][info][gc,heap     ] GC(1203) Humongous regions: 6->6
[609.116s][info][gc,metaspace] GC(1203) Metaspace: 43123K(43584K)->43123K(43584K) NonClass: 38780K(39040K)->38780K(39040K) Class: 4343K(4544K)->4343K(4544K)
[609.116s][info][gc          ] GC(1203) Pause Young (Mixed) (G1 Evacuation Pause) 222M->100M(256M) 37.885ms
[609.116s][info][gc,cpu      ] GC(1203) User=0.07s Sys=0.00s Real=0.04s
[609.434s][info][gc,start    ] GC(1204) Pause Young (Concurrent Start) (G1 Evacuation Pause)
[609.434s][info][gc,task     ] GC(1204) Using 2 workers of 2 for evacuation
[609.466s][info][gc,phases   ] GC(1204)   Pre Evacuate Collection Set: 0.18ms
[609.466s][info][gc,phases   ] GC(1204)   Merge Heap Roots: 0.09ms
[609.466s][info][gc,phases   ] GC(1204)   Evacuate Collection Set: 31.38ms
[609.466s][info][gc,phases   ] GC(1204)   Post Evacuate Collection Set: 0.44ms
[609.466s][info][gc,phases   ] GC(1204)   Other: 0.10ms
[609.466s][info][gc,heap     ] GC(1204) Eden regions: 118->0(108)
[609.466s][info][gc,heap     ] GC(1204) Survivor regions: 15->14(17)
[609.466s][info][gc,heap     ] GC(1204) Old regions: 81->95
[609.466s][info][gc,heap     ] GC(1204) Humongous regions: 6->6
[609.466s][info][gc,metaspace] GC(1204) Metaspace: 43123K(43584K)->43123K(43584K) NonClass: 38780K(39040K)->38780K(39040K) Class: 4343K(4544K)->4343K(4544K)
[609.466s][info][gc          ] GC(1204) Pause Young (Concurrent Start) (G1 Evacuation Pause) 218M->114M(256M) 32.402ms
[609.466s][info][gc          ] GC(1205) Concurrent Mark Cycle
[609.466s][info][gc,marking  ] GC(1205) Concurrent Scan Root Regions
[609.469s][info][gc,cpu      ] GC(1204) User=0.06s Sys=0.00s Real=0.04s
[609.491s][info][gc,marking  ] GC(1205) Concurrent Scan Root Regions 24.367ms
[609.491s][info][gc,marking  ] GC(1205) Concurrent Mark
[609.491s][info][gc,marking  ] GC(1205) Concurrent Mark From Roots
[609.491s][info][gc,task     ] GC(1205) Using 1 workers of 1 for marking
[609.567s][info][gc,marking  ] GC(1205) Concurrent Mark From Roots 76.305ms
[609.567s][info][gc,marking  ] GC(1205) Concurrent Preclean
[609.567s][info][gc,marking  ] GC(1205) Concurrent Preclean 0.042ms
[609.567s][info][gc,start    ] GC(1205) Pause Remark
[609.584s][info][gc          ] GC(1205) Pause Remark 147M->135M(256M) 16.789ms
[609.584s][info][gc,cpu      ] GC(1205) User=0.04s Sys=0.00s Real=0.01s
[609.584s][info][gc,marking  ] GC(1205) Concurrent Mark 93.458ms
[609.584s][info][gc,marking  ] GC(1205) Concurrent Rebuild Remembered Sets and Scrub Regions
[609.631s][info][gc,marking  ] GC(1205) Concurrent Rebuild Remembered Sets and Scrub Regions 47.052ms
[609.632s][info][gc,start    ] GC(1205) Pause Cleanup
[609.632s][info][gc          ] GC(1205) Pause Cleanup 148M->148M(256M) 0.057ms
[609.632s][info][gc,cpu      ] GC(1205) User=0.00s Sys=0.00s Real=0.00s
[609.632s][info][gc,marking  ] GC(1205) Concurrent Clear Claimed Marks
[609.632s][info][gc,marking  ] GC(1205) Concurrent Clear Claimed Marks 0.038ms
[609.632s][info][gc,marking  ] GC(1205) Concurrent Cleanup for Next Mark
[609.633s][info][gc,marking  ] GC(1205) Concurrent Cleanup for Next Mark 0.790ms
[609.633s][info][gc          ] GC(1205) Concurrent Mark Cycle 166.097ms
[609.831s][info][gc,start    ] GC(1206) Pause Young (Prepare Mixed) (G1 Evacuation Pause)
[609.832s][info][gc,task     ] GC(1206) Using 2 workers of 2 for evacuation
[609.866s][info][gc,phases   ] GC(1206)   Pre Evacuate Collection Set: 0.17ms
[609.866s][info][gc,phases   ] GC(1206)   Merge Heap Roots: 0.12ms
[609.866s][info][gc,phases   ] GC(1206)   Evacuate Collection Set: 33.30ms
[609.866s][info][gc,phases   ] GC(1206)   Post Evacuate Collection Set: 0.77ms
[609.866s][info][gc,phases   ] GC(1206)   Other: 0.08ms
[609.866s][info][gc,heap     ] GC(1206) Eden regions: 108->0(129)
[609.866s][info][gc,heap     ] GC(1206) Survivor regions: 14->13(16)
[609.866s][info][gc,heap     ] GC(1206) Old regions: 84->98
[609.866s][info][gc,heap     ] GC(1206) Humongous regions: 9->9
[609.866s][info][gc,metaspace] GC(1206) Metaspace: 43123K(43584K)->43123K(43584K) NonClass: 38780K(39040K)->38780K(39040K) Class: 4343K(4544K)->4343K(4544K)
[609.866s][info][gc          ] GC(1206) Pause Young (Prepare Mixed) (G1 Evacuation Pause) 214M->118M(286M) 34.654ms
[609.866s][info][gc,cpu      ] GC(1206) User=0.07s Sys=0.00s Real=0.04s
[611.191s][info][gc,start    ] GC(1207) Pause Young (Mixed) (G1 Evacuation Pause)
[611.191s][info][gc,task     ] GC(1207) Using 2 workers of 2 for evacuation
[611.235s][info][gc,phases   ] GC(1207)   Pre Evacuate Collection Set: 0.18ms
[611.235s][info][gc,phases   ] GC(1207)   Merge Heap Roots: 0.18ms
[611.235s][info][gc,phases   ] GC(1207)   Evacuate Collection Set: 43.24ms
[611.235s][info][gc,phases   ] GC(1207)   Post Evacuate Collection Set: 0.51ms
[611.235s][info][gc,phases   ] GC(1207)   Other: 0.10ms
[611.235s][info][gc,heap     ] GC(1207) Eden regions: 129->0(119)
[611.235s][info][gc,heap     ] GC(1207) Survivor regions: 13->14(18)
[611.235s][info][gc,heap     ] GC(1207) Old regions: 98->104
[611.235s][info][gc,heap     ] GC(1207) Humongous regions: 17->15
[611.235s][info][gc,metaspace] GC(1207) Metaspace: 43123K(43584K)->43123K(43584K) NonClass: 38780K(39040K)->38780K(39040K) Class: 4343K(4544K)->4343K(4544K)
[611.235s][info][gc          ] GC(1207) Pause Young (Mixed) (G1 Evacuation Pause) 255M->133M(286M) 44.435ms
[611.236s][info][gc,cpu      ] GC(1207) User=0.09s Sys=0.00s Real=0.05s
[611.749s][info][gc,start    ] GC(1208) Pause Young (Concurrent Start) (G1 Evacuation Pause)
[611.750s][info][gc,task     ] GC(1208) Using 2 workers of 2 for evacuation
[611.775s][info][gc,phases   ] GC(1208)   Pre Evacuate Collection Set: 0.21ms
[611.775s][info][gc,phases   ] GC(1208)   Merge Heap Roots: 0.18ms
[611.775s][info][gc,phases   ] GC(1208)   Evacuate Collection Set: 24.46ms
[611.775s][info][gc,phases   ] GC(1208)   Post Evacuate Collection Set: 0.44ms
[611.775s][info][gc,phases   ] GC(1208)   Other: 0.13ms
[611.775s][info][gc,heap     ] GC(1208) Eden regions: 119->0(120)
[611.775s][info][gc,heap     ] GC(1208) Survivor regions: 14->4(17)
[611.775s][info][gc,heap     ] GC(1208) Old regions: 104->117
[611.775s][info][gc,heap     ] GC(1208) Humongous regions: 15->15
[611.775s][info][gc,metaspace] GC(1208) Metaspace: 43123K(43584K)->43123K(43584K) NonClass: 38780K(39040K)->38780K(39040K) Class: 4343K(4544K)->4343K(4544K)
[611.775s][info][gc          ] GC(1208) Pause Young (Concurrent Start) (G1 Evacuation Pause) 252M->135M(286M) 25.671ms
[611.775s][info][gc,cpu      ] GC(1208) User=0.05s Sys=0.00s Real=0.03s
[611.775s][info][gc          ] GC(1209) Concurrent Mark Cycle
[611.776s][info][gc,marking  ] GC(1209) Concurrent Scan Root Regions
[611.809s][info][gc,marking  ] GC(1209) Concurrent Scan Root Regions 33.031ms
[611.809s][info][gc,marking  ] GC(1209) Concurrent Mark
[611.809s][info][gc,marking  ] GC(1209) Concurrent Mark From Roots
[611.809s][info][gc,task     ] GC(1209) Using 1 workers of 1 for marking
[611.942s][info][gc,marking  ] GC(1209) Concurrent Mark From Roots 132.539ms
[611.942s][info][gc,marking  ] GC(1209) Concurrent Preclean
[611.942s][info][gc,marking  ] GC(1209) Concurrent Preclean 0.040ms
[611.942s][info][gc,start    ] GC(1209) Pause Remark
[611.958s][info][gc          ] GC(1209) Pause Remark 174M->160M(286M) 16.690ms
[611.959s][info][gc,cpu      ] GC(1209) User=0.04s Sys=0.00s Real=0.02s
[611.959s][info][gc,marking  ] GC(1209) Concurrent Mark 149.562ms
[611.959s][info][gc,marking  ] GC(1209) Concurrent Rebuild Remembered Sets and Scrub Regions
[612.023s][info][gc,marking  ] GC(1209) Concurrent Rebuild Remembered Sets and Scrub Regions 64.636ms
[612.023s][info][gc,start    ] GC(1209) Pause Cleanup
[612.023s][info][gc          ] GC(1209) Pause Cleanup 172M->172M(286M) 0.058ms
[612.023s][info][gc,cpu      ] GC(1209) User=0.00s Sys=0.00s Real=0.00s
[612.024s][info][gc,marking  ] GC(1209) Concurrent Clear Claimed Marks
[612.024s][info][gc,marking  ] GC(1209) Concurrent Clear Claimed Marks 0.041ms
[612.024s][info][gc,marking  ] GC(1209) Concurrent Cleanup for Next Mark
[612.025s][info][gc,marking  ] GC(1209) Concurrent Cleanup for Next Mark 1.237ms
[612.025s][info][gc          ] GC(1209) Concurrent Mark Cycle 249.625ms
[612.395s][info][gc,start    ] GC(1210) Pause Young (Prepare Mixed) (G1 Evacuation Pause)
[612.395s][info][gc,task     ] GC(1210) Using 2 workers of 2 for evacuation
[612.403s][info][gc,phases   ] GC(1210)   Pre Evacuate Collection Set: 0.20ms
[612.403s][info][gc,phases   ] GC(1210)   Merge Heap Roots: 0.08ms
[612.403s][info][gc,phases   ] GC(1210)   Evacuate Collection Set: 7.36ms
[612.403s][info][gc,phases   ] GC(1210)   Post Evacuate Collection Set: 0.40ms
[612.403s][info][gc,phases   ] GC(1210)   Other: 0.09ms
[612.403s][info][gc,heap     ] GC(1210) Eden regions: 120->0(129)
[612.403s][info][gc,heap     ] GC(1210) Survivor regions: 4->9(16)
[612.403s][info][gc,heap     ] GC(1210) Old regions: 117->117
[612.403s][info][gc,heap     ] GC(1210) Humongous regions: 1->1
[612.403s][info][gc,metaspace] GC(1210) Metaspace: 43123K(43584K)->43123K(43584K) NonClass: 38780K(39040K)->38780K(39040K) Class: 4343K(4544K)->4343K(4544K)
[612.403s][info][gc          ] GC(1210) Pause Young (Prepare Mixed) (G1 Evacuation Pause) 241M->126M(286M) 8.360ms
[612.403s][info][gc,cpu      ] GC(1210) User=0.02s Sys=0.00s Real=0.01s
[613.187s][info][gc,start    ] GC(1211) Pause Young (Mixed) (G1 Evacuation Pause)
[613.187s][info][gc,task     ] GC(1211) Using 2 workers of 2 for evacuation
[613.195s][info][gc,phases   ] GC(1211)   Pre Evacuate Collection Set: 0.21ms
[613.195s][info][gc,phases   ] GC(1211)   Merge Heap Roots: 0.10ms
[613.195s][info][gc,phases   ] GC(1211)   Evacuate Collection Set: 7.12ms
[613.195s][info][gc,phases   ] GC(1211)   Post Evacuate Collection Set: 0.48ms
[613.195s][info][gc,phases   ] GC(1211)   Other: 0.07ms
[613.195s][info][gc,heap     ] GC(1211) Eden regions: 129->0(138)
[613.195s][info][gc,heap     ] GC(1211) Survivor regions: 9->7(18)
[613.195s][info][gc,heap     ] GC(1211) Old regions: 117->114
[613.195s][info][gc,heap     ] GC(1211) Humongous regions: 1->1
[613.195s][info][gc,metaspace] GC(1211) Metaspace: 43123K(43584K)->43123K(43584K) NonClass: 38780K(39040K)->38780K(39040K) Class: 4343K(4544K)->4343K(4544K)
[613.195s][info][gc          ] GC(1211) Pause Young (Mixed) (G1 Evacuation Pause) 255M->121M(286M) 8.212ms
[613.195s][info][gc,cpu      ] GC(1211) User=0.02s Sys=0.00s Real=0.00s
[614.077s][info][gc,start    ] GC(1212) Pause Young (Concurrent Start) (G1 Evacuation Pause)
[614.077s][info][gc,task     ] GC(1212) Using 2 workers of 2 for evacuation
[614.084s][info][gc,phases   ] GC(1212)   Pre Evacuate Collection Set: 0.21ms
[614.084s][info][gc,phases   ] GC(1212)   Merge Heap Roots: 0.05ms
[614.084s][info][gc,phases   ] GC(1212)   Evacuate Collection Set: 5.74ms
[614.084s][info][gc,phases   ] GC(1212)   Post Evacuate Collection Set: 0.41ms
[614.084s][info][gc,phases   ] GC(1212)   Other: 0.09ms
[614.084s][info][gc,heap     ] GC(1212) Eden regions: 138->0(140)
[614.084s][info][gc,heap     ] GC(1212) Survivor regions: 7->8(19)
[614.084s][info][gc,heap     ] GC(1212) Old regions: 114->114
[614.084s][info][gc,heap     ] GC(1212) Humongous regions: 1->1
[614.084s][info][gc,metaspace] GC(1212) Metaspace: 43123K(43584K)->43123K(43584K) NonClass: 38780K(39040K)->38780K(39040K) Class: 4343K(4544K)->4343K(4544K)
[614.084s][info][gc          ] GC(1212) Pause Young (Concurrent Start) (G1 Evacuation Pause) 259M->122M(286M) 6.713ms
[614.084s][info][gc,cpu      ] GC(1212) User=0.01s Sys=0.01s Real=0.00s
[614.084s][info][gc          ] GC(1213) Concurrent Mark Cycle
[614.085s][info][gc,marking  ] GC(1213) Concurrent Scan Root Regions
[614.095s][info][gc,marking  ] GC(1213) Concurrent Scan Root Regions 9.582ms
[614.095s][info][gc,marking  ] GC(1213) Concurrent Mark
[614.095s][info][gc,marking  ] GC(1213) Concurrent Mark From Roots
[614.095s][info][gc,task     ] GC(1213) Using 1 workers of 1 for marking
[614.128s][info][gc,marking  ] GC(1213) Concurrent Mark From Roots 33.069ms
[614.128s][info][gc,marking  ] GC(1213) Concurrent Preclean
[614.128s][info][gc,marking  ] GC(1213) Concurrent Preclean 0.037ms
[614.128s][info][gc,start    ] GC(1213) Pause Remark
[614.144s][info][gc          ] GC(1213) Pause Remark 129M->52M(256M) 16.312ms
[614.144s][info][gc,cpu      ] GC(1213) User=0.03s Sys=0.00s Real=0.01s
[614.144s][info][gc,marking  ] GC(1213) Concurrent Mark 49.721ms
[614.144s][info][gc,marking  ] GC(1213) Concurrent Rebuild Remembered Sets and Scrub Regions
[614.158s][info][gc,marking  ] GC(1213) Concurrent Rebuild Remembered Sets and Scrub Regions 13.204ms
[614.158s][info][gc,start    ] GC(1213) Pause Cleanup
[614.158s][info][gc          ] GC(1213) Pause Cleanup 54M->54M(256M) 0.044ms
[614.158s][info][gc,cpu      ] GC(1213) User=0.00s Sys=0.00s Real=0.00s
[614.158s][info][gc,marking  ] GC(1213) Concurrent Clear Claimed Marks
[614.158s][info][gc,marking  ] GC(1213) Concurrent Clear Claimed Marks 0.035ms
[614.158s][info][gc,marking  ] GC(1213) Concurrent Cleanup for Next Mark
[614.159s][info][gc,marking  ] GC(1213) Concurrent Cleanup for Next Mark 0.774ms
[614.159s][info][gc          ] GC(1213) Concurrent Mark Cycle 74.941ms
[614.971s][info][gc,start    ] GC(1214) Pause Young (Prepare Mixed) (G1 Evacuation Pause)
[614.971s][info][gc,task     ] GC(1214) Using 2 workers of 2 for evacuation
[614.976s][info][gc,phases   ] GC(1214)   Pre Evacuate Collection Set: 0.19ms
[614.976s][info][gc,phases   ] GC(1214)   Merge Heap Roots: 0.07ms
[614.976s][info][gc,phases   ] GC(1214)   Evacuate Collection Set: 4.10ms
[614.976s][info][gc,phases   ] GC(1214)   Post Evacuate Collection Set: 0.40ms
[614.976s][info][gc,phases   ] GC(1214)   Other: 0.08ms
[614.976s][info][gc,heap     ] GC(1214) Eden regions: 141->0(146)
[614.976s][info][gc,heap     ] GC(1214) Survivor regions: 8->7(19)
[614.976s][info][gc,heap     ] GC(1214) Old regions: 37->37
[614.976s][info][gc,heap     ] GC(1214) Humongous regions: 1->1
[614.976s][info][gc,metaspace] GC(1214) Metaspace: 43123K(43584K)->43123K(43584K) NonClass: 38780K(39040K)->38780K(39040K) Class: 4343K(4544K)->4343K(4544K)
[614.976s][info][gc          ] GC(1214) Pause Young (Prepare Mixed) (G1 Evacuation Pause) 186M->44M(256M) 5.077ms
[614.976s][info][gc,cpu      ] GC(1214) User=0.01s Sys=0.00s Real=0.01s
[615.910s][info][gc,start    ] GC(1215) Pause Young (Mixed) (G1 Evacuation Pause)
[615.910s][info][gc,task     ] GC(1215) Using 2 workers of 2 for evacuation
[615.914s][info][gc,phases   ] GC(1215)   Pre Evacuate Collection Set: 0.18ms
[615.914s][info][gc,phases   ] GC(1215)   Merge Heap Roots: 0.07ms
[615.914s][info][gc,phases   ] GC(1215)   Evacuate Collection Set: 3.71ms
[615.914s][info][gc,phases   ] GC(1215)   Post Evacuate Collection Set: 0.42ms
[615.914s][info][gc,phases   ] GC(1215)   Other: 0.10ms
[615.914s][info][gc,heap     ] GC(1215) Eden regions: 146->0(148)
[615.914s][info][gc,heap     ] GC(1215) Survivor regions: 7->5(20)
[615.914s][info][gc,heap     ] GC(1215) Old regions: 37->34
[615.914s][info][gc,heap     ] GC(1215) Humongous regions: 2->1
[615.914s][info][gc,metaspace] GC(1215) Metaspace: 43123K(43584K)->43123K(43584K) NonClass: 38780K(39040K)->38780K(39040K) Class: 4343K(4544K)->4343K(4544K)
[615.914s][info][gc          ] GC(1215) Pause Young (Mixed) (G1 Evacuation Pause) 191M->38M(256M) 4.681ms
[615.914s][info][gc,cpu      ] GC(1215) User=0.01s Sys=0.00s Real=0.00s
[616.781s][info][gc,start    ] GC(1216) Pause Young (Concurrent Start) (G1 Evacuation Pause)
[616.782s][info][gc,task     ] GC(1216) Using 2 workers of 2 for evacuation
[616.785s][info][gc,phases   ] GC(1216)   Pre Evacuate Collection Set: 0.19ms
[616.785s][info][gc,phases   ] GC(1216)   Merge Heap Roots: 0.07ms
[616.785s][info][gc,phases   ] GC(1216)   Evacuate Collection Set: 3.17ms
[616.786s][info][gc,phases   ] GC(1216)   Post Evacuate Collection Set: 0.40ms
[616.786s][info][gc,phases   ] GC(1216)   Other: 0.10ms
[616.786s][info][gc,heap     ] GC(1216) Eden regions: 148->0(148)
[616.786s][info][gc,heap     ] GC(1216) Survivor regions: 5->5(20)
[616.786s][info][gc,heap     ] GC(1216) Old regions: 34->34
[616.786s][info][gc,heap     ] GC(1216) Humongous regions: 1->1
[616.786s][info][gc,metaspace] GC(1216) Metaspace: 43123K(43584K)->43123K(43584K) NonClass: 38780K(39040K)->38780K(39040K) Class: 4343K(4544K)->4343K(4544K)
[616.786s][info][gc          ] GC(1216) Pause Young (Concurrent Start) (G1 Evacuation Pause) 186M->38M(256M) 4.143ms
[616.786s][info][gc,cpu      ] GC(1216) User=0.00s Sys=0.00s Real=0.01s
[616.787s][info][gc          ] GC(1217) Concurrent Mark Cycle
[616.787s][info][gc,marking  ] GC(1217) Concurrent Scan Root Regions
[616.803s][info][gc,marking  ] GC(1217) Concurrent Scan Root Regions 15.586ms
[616.803s][info][gc,marking  ] GC(1217) Concurrent Mark
[616.803s][info][gc,marking  ] GC(1217) Concurrent Mark From Roots
[616.803s][info][gc,task     ] GC(1217) Using 1 workers of 1 for marking
[616.841s][info][gc,marking  ] GC(1217) Concurrent Mark From Roots 38.167ms
[616.841s][info][gc,marking  ] GC(1217) Concurrent Preclean
[616.841s][info][gc,marking  ] GC(1217) Concurrent Preclean 0.038ms
[616.841s][info][gc,start    ] GC(1217) Pause Remark
[616.857s][info][gc          ] GC(1217) Pause Remark 45M->45M(256M) 16.227ms
[616.857s][info][gc,cpu      ] GC(1217) User=0.03s Sys=0.00s Real=0.02s
[616.857s][info][gc,marking  ] GC(1217) Concurrent Mark 54.832ms
[616.857s][info][gc,marking  ] GC(1217) Concurrent Rebuild Remembered Sets and Scrub Regions
[616.872s][info][gc,marking  ] GC(1217) Concurrent Rebuild Remembered Sets and Scrub Regions 14.220ms
[616.872s][info][gc,start    ] GC(1217) Pause Cleanup
[616.872s][info][gc          ] GC(1217) Pause Cleanup 51M->51M(256M) 0.048ms
[616.872s][info][gc,cpu      ] GC(1217) User=0.00s Sys=0.00s Real=0.00s
[616.872s][info][gc,marking  ] GC(1217) Concurrent Clear Claimed Marks
[616.872s][info][gc,marking  ] GC(1217) Concurrent Clear Claimed Marks 0.036ms
[616.872s][info][gc,marking  ] GC(1217) Concurrent Cleanup for Next Mark
[616.873s][info][gc,marking  ] GC(1217) Concurrent Cleanup for Next Mark 0.771ms
[616.873s][info][gc          ] GC(1217) Concurrent Mark Cycle 85.778ms
[617.447s][info][gc,start    ] GC(1218) Pause Young (Prepare Mixed) (G1 Evacuation Pause)
[617.447s][info][gc,task     ] GC(1218) Using 2 workers of 2 for evacuation
[617.456s][info][gc,phases   ] GC(1218)   Pre Evacuate Collection Set: 0.17ms
[617.456s][info][gc,phases   ] GC(1218)   Merge Heap Roots: 0.07ms
[617.456s][info][gc,phases   ] GC(1218)   Evacuate Collection Set: 7.32ms
[617.456s][info][gc,phases   ] GC(1218)   Post Evacuate Collection Set: 0.44ms
[617.456s][info][gc,phases   ] GC(1218)   Other: 0.11ms
[617.456s][info][gc,heap     ] GC(1218) Eden regions: 148->0(144)
[617.456s][info][gc,heap     ] GC(1218) Survivor regions: 5->9(20)
[617.456s][info][gc,heap     ] GC(1218) Old regions: 34->34
[617.456s][info][gc,heap     ] GC(1218) Humongous regions: 15->3
[617.456s][info][gc,metaspace] GC(1218) Metaspace: 43123K(43584K)->43123K(43584K) NonClass: 38780K(39040K)->38780K(39040K) Class: 4343K(4544K)->4343K(4544K)
[617.456s][info][gc          ] GC(1218) Pause Young (Prepare Mixed) (G1 Evacuation Pause) 200M->44M(256M) 8.341ms
[617.456s][info][gc,cpu      ] GC(1218) User=0.02s Sys=0.00s Real=0.01s
[618.100s][info][gc,start    ] GC(1219) Pause Young (Mixed) (G1 Evacuation Pause)
[618.100s][info][gc,task     ] GC(1219) Using 2 workers of 2 for evacuation
[618.120s][info][gc,phases   ] GC(1219)   Pre Evacuate Collection Set: 0.20ms
[618.120s][info][gc,phases   ] GC(1219)   Merge Heap Roots: 0.10ms
[618.120s][info][gc,phases   ] GC(1219)   Evacuate Collection Set: 18.93ms
[618.120s][info][gc,phases   ] GC(1219)   Post Evacuate Collection Set: 0.58ms
[618.120s][info][gc,phases   ] GC(1219)   Other: 0.09ms
[618.120s][info][gc,heap     ] GC(1219) Eden regions: 144->0(134)
[618.120s][info][gc,heap     ] GC(1219) Survivor regions: 9->19(20)
[618.120s][info][gc,heap     ] GC(1219) Old regions: 34->31
[618.120s][info][gc,heap     ] GC(1219) Humongous regions: 11->4
[618.120s][info][gc,metaspace] GC(1219) Metaspace: 43123K(43584K)->43123K(43584K) NonClass: 38780K(39040K)->38780K(39040K) Class: 4343K(4544K)->4343K(4544K)
[618.120s][info][gc          ] GC(1219) Pause Young (Mixed) (G1 Evacuation Pause) 196M->52M(256M) 20.099ms
[618.120s][info][gc,cpu      ] GC(1219) User=0.04s Sys=0.00s Real=0.02s
[618.176s][info][gc,start    ] GC(1220) Pause Young (Concurrent Start) (G1 Humongous Allocation)
[618.176s][info][gc,task     ] GC(1220) Using 2 workers of 2 for evacuation
[618.182s][info][gc,phases   ] GC(1220)   Pre Evacuate Collection Set: 0.18ms
[618.182s][info][gc,phases   ] GC(1220)   Merge Heap Roots: 0.04ms
[618.182s][info][gc,phases   ] GC(1220)   Evacuate Collection Set: 5.23ms
[618.182s][info][gc,phases   ] GC(1220)   Post Evacuate Collection Set: 0.33ms
[618.182s][info][gc,phases   ] GC(1220)   Other: 0.08ms
[618.182s][info][gc,heap     ] GC(1220) Eden regions: 11->0(152)
[618.182s][info][gc,heap     ] GC(1220) Survivor regions: 19->1(20)
[618.182s][info][gc,heap     ] GC(1220) Old regions: 31->38
[618.182s][info][gc,heap     ] GC(1220) Humongous regions: 4->1
[618.182s][info][gc,metaspace] GC(1220) Metaspace: 43123K(43584K)->43123K(43584K) NonClass: 38780K(39040K)->38780K(39040K) Class: 4343K(4544K)->4343K(4544K)
[618.182s][info][gc          ] GC(1220) Pause Young (Concurrent Start) (G1 Humongous Allocation) 63M->38M(256M) 6.035ms
[618.182s][info][gc,cpu      ] GC(1220) User=0.01s Sys=0.00s Real=0.00s
[618.182s][info][gc          ] GC(1221) Concurrent Mark Cycle
[618.182s][info][gc,marking  ] GC(1221) Concurrent Scan Root Regions
[618.196s][info][gc,marking  ] GC(1221) Concurrent Scan Root Regions 13.911ms
[618.196s][info][gc,marking  ] GC(1221) Concurrent Mark
[618.196s][info][gc,marking  ] GC(1221) Concurrent Mark From Roots
[618.196s][info][gc,task     ] GC(1221) Using 1 workers of 1 for marking
[618.234s][info][gc,marking  ] GC(1221) Concurrent Mark From Roots 37.753ms
[618.234s][info][gc,marking  ] GC(1221) Concurrent Preclean
[618.234s][info][gc,marking  ] GC(1221) Concurrent Preclean 0.036ms
[618.234s][info][gc,start    ] GC(1221) Pause Remark
[618.251s][info][gc          ] GC(1221) Pause Remark 50M->50M(256M) 16.398ms
[618.251s][info][gc,cpu      ] GC(1221) User=0.03s Sys=0.00s Real=0.02s
[618.251s][info][gc,marking  ] GC(1221) Concurrent Mark 54.519ms
[618.251s][info][gc,marking  ] GC(1221) Concurrent Rebuild Remembered Sets and Scrub Regions
[618.270s][info][gc,marking  ] GC(1221) Concurrent Rebuild Remembered Sets and Scrub Regions 18.755ms
[618.270s][info][gc,start    ] GC(1221) Pause Cleanup
[618.270s][info][gc          ] GC(1221) Pause Cleanup 55M->55M(256M) 0.049ms
[618.270s][info][gc,cpu      ] GC(1221) User=0.00s Sys=0.00s Real=0.00s
[618.270s][info][gc,marking  ] GC(1221) Concurrent Clear Claimed Marks
[618.270s][info][gc,marking  ] GC(1221) Concurrent Clear Claimed Marks 0.034ms
[618.270s][info][gc,marking  ] GC(1221) Concurrent Cleanup for Next Mark
[618.271s][info][gc,marking  ] GC(1221) Concurrent Cleanup for Next Mark 0.801ms
[618.271s][info][gc          ] GC(1221) Concurrent Mark Cycle 88.408ms
[618.843s][info][gc,start    ] GC(1222) Pause Young (Prepare Mixed) (G1 Evacuation Pause)
[618.843s][info][gc,task     ] GC(1222) Using 2 workers of 2 for evacuation
[618.848s][info][gc,phases   ] GC(1222)   Pre Evacuate Collection Set: 0.16ms
[618.848s][info][gc,phases   ] GC(1222)   Merge Heap Roots: 0.07ms
[618.848s][info][gc,phases   ] GC(1222)   Evacuate Collection Set: 4.32ms
[618.848s][info][gc,phases   ] GC(1222)   Post Evacuate Collection Set: 0.45ms
[618.849s][info][gc,phases   ] GC(1222)   Other: 0.07ms
[618.849s][info][gc,heap     ] GC(1222) Eden regions: 152->0(148)
[618.849s][info][gc,heap     ] GC(1222) Survivor regions: 1->5(20)
[618.849s][info][gc,heap     ] GC(1222) Old regions: 38->38
[618.849s][info][gc,heap     ] GC(1222) Humongous regions: 11->3
[618.849s][info][gc,metaspace] GC(1222) Metaspace: 43123K(43584K)->43123K(43584K) NonClass: 38780K(39040K)->38780K(39040K) Class: 4343K(4544K)->4343K(4544K)
[618.849s][info][gc          ] GC(1222) Pause Young (Prepare Mixed) (G1 Evacuation Pause) 200M->44M(256M) 5.271ms
[618.849s][info][gc,cpu      ] GC(1222) User=0.01s Sys=0.00s Real=0.01s
[619.515s][info][gc,start    ] GC(1223) Pause Young (Mixed) (G1 Evacuation Pause)
[619.515s][info][gc,task     ] GC(1223) Using 2 workers of 2 for evacuation
[619.542s][info][gc,phases   ] GC(1223)   Pre Evacuate Collection Set: 0.17ms
[619.542s][info][gc,phases   ] GC(1223)   Merge Heap Roots: 0.09ms
[619.542s][info][gc,phases   ] GC(1223)   Evacuate Collection Set: 25.57ms
[619.542s][info][gc,phases   ] GC(1223)   Post Evacuate Collection Set: 0.51ms
[619.542s][info][gc,phases   ] GC(1223)   Other: 0.07ms
[619.542s][info][gc,heap     ] GC(1223) Eden regions: 148->0(133)
[619.542s][info][gc,heap     ] GC(1223) Survivor regions: 5->20(20)
[619.542s][info][gc,heap     ] GC(1223) Old regions: 38->36
[619.542s][info][gc,heap     ] GC(1223) Humongous regions: 3->3
[619.542s][info][gc,metaspace] GC(1223) Metaspace: 43123K(43584K)->43123K(43584K) NonClass: 38780K(39040K)->38780K(39040K) Class: 4343K(4544K)->4343K(4544K)
[619.542s][info][gc          ] GC(1223) Pause Young (Mixed) (G1 Evacuation Pause) 192M->58M(256M) 26.598ms
[619.542s][info][gc,cpu      ] GC(1223) User=0.05s Sys=0.00s Real=0.02s
[619.652s][info][gc,start    ] GC(1224) Pause Young (Concurrent Start) (G1 Humongous Allocation)
[619.652s][info][gc,task     ] GC(1224) Using 2 workers of 2 for evacuation
[619.662s][info][gc,phases   ] GC(1224)   Pre Evacuate Collection Set: 0.19ms
[619.662s][info][gc,phases   ] GC(1224)   Merge Heap Roots: 0.04ms
[619.662s][info][gc,phases   ] GC(1224)   Evacuate Collection Set: 9.65ms
[619.662s][info][gc,phases   ] GC(1224)   Post Evacuate Collection Set: 0.42ms
[619.662s][info][gc,phases   ] GC(1224)   Other: 0.11ms
[619.662s][info][gc,heap     ] GC(1224) Eden regions: 19->0(152)
[619.662s][info][gc,heap     ] GC(1224) Survivor regions: 20->1(20)
[619.662s][info][gc,heap     ] GC(1224) Old regions: 36->38
[619.662s][info][gc,heap     ] GC(1224) Humongous regions: 3->1
[619.662s][info][gc,metaspace] GC(1224) Metaspace: 43130K(43584K)->43130K(43584K) NonClass: 38787K(39040K)->38787K(39040K) Class: 4343K(4544K)->4343K(4544K)
[619.662s][info][gc          ] GC(1224) Pause Young (Concurrent Start) (G1 Humongous Allocation) 77M->39M(256M) 10.592ms
[619.662s][info][gc,cpu      ] GC(1224) User=0.01s Sys=0.00s Real=0.01s
[619.664s][info][gc          ] GC(1225) Concurrent Mark Cycle
[619.664s][info][gc,marking  ] GC(1225) Concurrent Scan Root Regions
[619.673s][info][gc,marking  ] GC(1225) Concurrent Scan Root Regions 9.128ms
[619.673s][info][gc,marking  ] GC(1225) Concurrent Mark
[619.673s][info][gc,marking  ] GC(1225) Concurrent Mark From Roots
[619.673s][info][gc,task     ] GC(1225) Using 1 workers of 1 for marking
[619.723s][info][gc,marking  ] GC(1225) Concurrent Mark From Roots 49.925ms
[619.723s][info][gc,marking  ] GC(1225) Concurrent Preclean
[619.723s][info][gc,marking  ] GC(1225) Concurrent Preclean 0.047ms
[619.723s][info][gc,start    ] GC(1225) Pause Remark
[619.742s][info][gc          ] GC(1225) Pause Remark 54M->54M(256M) 18.431ms
[619.742s][info][gc,cpu      ] GC(1225) User=0.03s Sys=0.00s Real=0.02s
[619.743s][info][gc,marking  ] GC(1225) Concurrent Mark 69.987ms
[619.743s][info][gc,marking  ] GC(1225) Concurrent Rebuild Remembered Sets and Scrub Regions
[619.762s][info][gc,marking  ] GC(1225) Concurrent Rebuild Remembered Sets and Scrub Regions 19.155ms
[619.762s][info][gc,start    ] GC(1225) Pause Cleanup
[619.762s][info][gc          ] GC(1225) Pause Cleanup 58M->58M(256M) 0.066ms
[619.762s][info][gc,cpu      ] GC(1225) User=0.00s Sys=0.00s Real=0.00s
[619.762s][info][gc,marking  ] GC(1225) Concurrent Clear Claimed Marks
[619.762s][info][gc,marking  ] GC(1225) Concurrent Clear Claimed Marks 0.043ms
[619.762s][info][gc,marking  ] GC(1225) Concurrent Cleanup for Next Mark
[619.763s][info][gc,marking  ] GC(1225) Concurrent Cleanup for Next Mark 0.807ms
[619.763s][info][gc          ] GC(1225) Concurrent Mark Cycle 99.592ms
[620.293s][info][gc,start    ] GC(1226) Pause Young (Prepare Mixed) (G1 Evacuation Pause)
[620.293s][info][gc,task     ] GC(1226) Using 2 workers of 2 for evacuation
[620.297s][info][gc,phases   ] GC(1226)   Pre Evacuate Collection Set: 0.23ms
[620.297s][info][gc,phases   ] GC(1226)   Merge Heap Roots: 0.08ms
[620.297s][info][gc,phases   ] GC(1226)   Evacuate Collection Set: 2.77ms
[620.297s][info][gc,phases   ] GC(1226)   Post Evacuate Collection Set: 0.41ms
[620.297s][info][gc,phases   ] GC(1226)   Other: 0.08ms
[620.297s][info][gc,heap     ] GC(1226) Eden regions: 152->0(150)
[620.297s][info][gc,heap     ] GC(1226) Survivor regions: 1->3(20)
[620.297s][info][gc,heap     ] GC(1226) Old regions: 38->38
[620.297s][info][gc,heap     ] GC(1226) Humongous regions: 17->3
[620.297s][info][gc,metaspace] GC(1226) Metaspace: 43138K(43584K)->43138K(43584K) NonClass: 38795K(39040K)->38795K(39040K) Class: 4343K(4544K)->4343K(4544K)
[620.297s][info][gc          ] GC(1226) Pause Young (Prepare Mixed) (G1 Evacuation Pause) 207M->43M(256M) 3.779ms
[620.297s][info][gc,cpu      ] GC(1226) User=0.00s Sys=0.00s Real=0.01s
[621.018s][info][gc,start    ] GC(1227) Pause Young (Mixed) (G1 Evacuation Pause)
[621.018s][info][gc,task     ] GC(1227) Using 2 workers of 2 for evacuation
[621.028s][info][gc,phases   ] GC(1227)   Pre Evacuate Collection Set: 0.17ms
[621.028s][info][gc,phases   ] GC(1227)   Merge Heap Roots: 0.09ms
[621.028s][info][gc,phases   ] GC(1227)   Evacuate Collection Set: 8.76ms
[621.028s][info][gc,phases   ] GC(1227)   Post Evacuate Collection Set: 0.46ms
[621.028s][info][gc,phases   ] GC(1227)   Other: 0.08ms
[621.028s][info][gc,heap     ] GC(1227) Eden regions: 150->0(147)
[621.028s][info][gc,heap     ] GC(1227) Survivor regions: 3->6(20)
[621.028s][info][gc,heap     ] GC(1227) Old regions: 38->37
[621.028s][info][gc,heap     ] GC(1227) Humongous regions: 15->3
[621.028s][info][gc,metaspace] GC(1227) Metaspace: 43138K(43584K)->43138K(43584K) NonClass: 38795K(39040K)->38795K(39040K) Class: 4343K(4544K)->4343K(4544K)
[621.028s][info][gc          ] GC(1227) Pause Young (Mixed) (G1 Evacuation Pause) 205M->45M(256M) 9.789ms
[621.028s][info][gc,cpu      ] GC(1227) User=0.02s Sys=0.00s Real=0.01s
[621.063s][info][gc,start    ] GC(1228) Pause Young (Concurrent Start) (G1 Humongous Allocation)
[621.063s][info][gc,task     ] GC(1228) Using 2 workers of 2 for evacuation
[621.066s][info][gc,phases   ] GC(1228)   Pre Evacuate Collection Set: 0.18ms
[621.066s][info][gc,phases   ] GC(1228)   Merge Heap Roots: 0.08ms
[621.066s][info][gc,phases   ] GC(1228)   Evacuate Collection Set: 2.26ms
[621.066s][info][gc,phases   ] GC(1228)   Post Evacuate Collection Set: 0.28ms
[621.066s][info][gc,phases   ] GC(1228)   Other: 0.09ms
[621.066s][info][gc,heap     ] GC(1228) Eden regions: 8->0(151)
[621.066s][info][gc,heap     ] GC(1228) Survivor regions: 6->2(20)
[621.066s][info][gc,heap     ] GC(1228) Old regions: 37->37
[621.066s][info][gc,heap     ] GC(1228) Humongous regions: 3->1
[621.066s][info][gc,metaspace] GC(1228) Metaspace: 43138K(43584K)->43138K(43584K) NonClass: 38795K(39040K)->38795K(39040K) Class: 4343K(4544K)->4343K(4544K)
[621.066s][info][gc          ] GC(1228) Pause Young (Concurrent Start) (G1 Humongous Allocation) 52M->39M(256M) 3.085ms
[621.066s][info][gc          ] GC(1229) Concurrent Mark Cycle
[621.066s][info][gc,marking  ] GC(1229) Concurrent Scan Root Regions
[621.066s][info][gc,cpu      ] GC(1228) User=0.01s Sys=0.00s Real=0.01s
[621.071s][info][gc,marking  ] GC(1229) Concurrent Scan Root Regions 4.862ms
[621.071s][info][gc,marking  ] GC(1229) Concurrent Mark
[621.071s][info][gc,marking  ] GC(1229) Concurrent Mark From Roots
[621.071s][info][gc,task     ] GC(1229) Using 1 workers of 1 for marking
[621.117s][info][gc,marking  ] GC(1229) Concurrent Mark From Roots 46.251ms
[621.117s][info][gc,marking  ] GC(1229) Concurrent Preclean
[621.117s][info][gc,marking  ] GC(1229) Concurrent Preclean 0.055ms
[621.117s][info][gc,start    ] GC(1229) Pause Remark
[621.134s][info][gc          ] GC(1229) Pause Remark 49M->49M(256M) 17.394ms
[621.135s][info][gc,cpu      ] GC(1229) User=0.04s Sys=0.00s Real=0.01s
[621.135s][info][gc,marking  ] GC(1229) Concurrent Mark 64.015ms
[621.135s][info][gc,marking  ] GC(1229) Concurrent Rebuild Remembered Sets and Scrub Regions
[621.155s][info][gc,marking  ] GC(1229) Concurrent Rebuild Remembered Sets and Scrub Regions 20.124ms
[621.155s][info][gc,start    ] GC(1229) Pause Cleanup
[621.155s][info][gc          ] GC(1229) Pause Cleanup 51M->51M(256M) 0.073ms
[621.155s][info][gc,cpu      ] GC(1229) User=0.00s Sys=0.00s Real=0.01s
[621.155s][info][gc,marking  ] GC(1229) Concurrent Clear Claimed Marks
[621.155s][info][gc,marking  ] GC(1229) Concurrent Clear Claimed Marks 0.034ms
[621.155s][info][gc,marking  ] GC(1229) Concurrent Cleanup for Next Mark
[621.156s][info][gc,marking  ] GC(1229) Concurrent Cleanup for Next Mark 0.759ms
[621.156s][info][gc          ] GC(1229) Concurrent Mark Cycle 90.161ms
[621.909s][info][gc,start    ] GC(1230) Pause Young (Prepare Mixed) (G1 Evacuation Pause)
[621.909s][info][gc,task     ] GC(1230) Using 2 workers of 2 for evacuation
[621.929s][info][gc,phases   ] GC(1230)   Pre Evacuate Collection Set: 0.19ms
[621.929s][info][gc,phases   ] GC(1230)   Merge Heap Roots: 0.07ms
[621.929s][info][gc,phases   ] GC(1230)   Evacuate Collection Set: 18.94ms
[621.929s][info][gc,phases   ] GC(1230)   Post Evacuate Collection Set: 0.43ms
[621.929s][info][gc,phases   ] GC(1230)   Other: 0.09ms
[621.929s][info][gc,heap     ] GC(1230) Eden regions: 151->0(135)
[621.929s][info][gc,heap     ] GC(1230) Survivor regions: 2->18(20)
[621.929s][info][gc,heap     ] GC(1230) Old regions: 37->37
[621.929s][info][gc,heap     ] GC(1230) Humongous regions: 11->3
[621.929s][info][gc,metaspace] GC(1230) Metaspace: 43138K(43584K)->43138K(43584K) NonClass: 38795K(39040K)->38795K(39040K) Class: 4343K(4544K)->4343K(4544K)
[621.929s][info][gc          ] GC(1230) Pause Young (Prepare Mixed) (G1 Evacuation Pause) 200M->56M(256M) 19.938ms
[621.929s][info][gc,cpu      ] GC(1230) User=0.04s Sys=0.00s Real=0.02s
[622.598s][info][gc,start    ] GC(1231) Pause Young (Mixed) (G1 Evacuation Pause)
[622.598s][info][gc,task     ] GC(1231) Using 2 workers of 2 for evacuation
[622.626s][info][gc,phases   ] GC(1231)   Pre Evacuate Collection Set: 0.24ms
[622.626s][info][gc,phases   ] GC(1231)   Merge Heap Roots: 0.14ms
[622.626s][info][gc,phases   ] GC(1231)   Evacuate Collection Set: 27.44ms
[622.626s][info][gc,phases   ] GC(1231)   Post Evacuate Collection Set: 0.82ms
[622.626s][info][gc,phases   ] GC(1231)   Other: 0.07ms
[622.626s][info][gc,heap     ] GC(1231) Eden regions: 135->0(141)
[622.626s][info][gc,heap     ] GC(1231) Survivor regions: 18->12(20)
[622.626s][info][gc,heap     ] GC(1231) Old regions: 37->46
[622.626s][info][gc,heap     ] GC(1231) Humongous regions: 3->3
[622.626s][info][gc,metaspace] GC(1231) Metaspace: 43139K(43584K)->43139K(43584K) NonClass: 38796K(39040K)->38796K(39040K) Class: 4343K(4544K)->4343K(4544K)
[622.626s][info][gc          ] GC(1231) Pause Young (Mixed) (G1 Evacuation Pause) 191M->60M(256M) 28.939ms
[622.626s][info][gc,cpu      ] GC(1231) User=0.06s Sys=0.00s Real=0.03s
[623.124s][info][gc,start    ] GC(1232) Pause Young (Concurrent Start) (G1 Humongous Allocation)
[623.124s][info][gc,task     ] GC(1232) Using 2 workers of 2 for evacuation
[623.167s][info][gc,phases   ] GC(1232)   Pre Evacuate Collection Set: 0.19ms
[623.167s][info][gc,phases   ] GC(1232)   Merge Heap Roots: 0.10ms
[623.167s][info][gc,phases   ] GC(1232)   Evacuate Collection Set: 42.36ms
[623.167s][info][gc,phases   ] GC(1232)   Post Evacuate Collection Set: 0.47ms
[623.167s][info][gc,phases   ] GC(1232)   Other: 0.10ms
[623.167s][info][gc,heap     ] GC(1232) Eden regions: 100->0(121)
[623.167s][info][gc,heap     ] GC(1232) Survivor regions: 12->20(20)
[623.167s][info][gc,heap     ] GC(1232) Old regions: 46->64
[623.167s][info][gc,heap     ] GC(1232) Humongous regions: 3->1
[623.167s][info][gc,metaspace] GC(1232) Metaspace: 43139K(43584K)->43139K(43584K) NonClass: 38796K(39040K)->38796K(39040K) Class: 4343K(4544K)->4343K(4544K)
[623.167s][info][gc          ] GC(1232) Pause Young (Concurrent Start) (G1 Humongous Allocation) 160M->85M(256M) 43.454ms
[623.167s][info][gc,cpu      ] GC(1232) User=0.08s Sys=0.00s Real=0.05s
[623.167s][info][gc          ] GC(1233) Concurrent Mark Cycle
[623.168s][info][gc,marking  ] GC(1233) Concurrent Scan Root Regions
[623.218s][info][gc,marking  ] GC(1233) Concurrent Scan Root Regions 49.963ms
[623.218s][info][gc,marking  ] GC(1233) Concurrent Mark
[623.218s][info][gc,marking  ] GC(1233) Concurrent Mark From Roots
[623.218s][info][gc,task     ] GC(1233) Using 1 workers of 1 for marking
[623.278s][info][gc,marking  ] GC(1233) Concurrent Mark From Roots 60.901ms
[623.278s][info][gc,marking  ] GC(1233) Concurrent Preclean
[623.279s][info][gc,marking  ] GC(1233) Concurrent Preclean 0.040ms
[623.279s][info][gc,start    ] GC(1233) Pause Remark
[623.295s][info][gc          ] GC(1233) Pause Remark 113M->113M(256M) 16.816ms
[623.296s][info][gc,cpu      ] GC(1233) User=0.04s Sys=0.00s Real=0.02s
[623.296s][info][gc,marking  ] GC(1233) Concurrent Mark 78.049ms
[623.296s][info][gc,marking  ] GC(1233) Concurrent Rebuild Remembered Sets and Scrub Regions
[623.344s][info][gc,marking  ] GC(1233) Concurrent Rebuild Remembered Sets and Scrub Regions 48.445ms
[623.344s][info][gc,start    ] GC(1233) Pause Cleanup
[623.344s][info][gc          ] GC(1233) Pause Cleanup 122M->122M(256M) 0.046ms
[623.344s][info][gc,cpu      ] GC(1233) User=0.00s Sys=0.00s Real=0.00s
[623.344s][info][gc,marking  ] GC(1233) Concurrent Clear Claimed Marks
[623.344s][info][gc,marking  ] GC(1233) Concurrent Clear Claimed Marks 0.036ms
[623.344s][info][gc,marking  ] GC(1233) Concurrent Cleanup for Next Mark
[623.345s][info][gc,marking  ] GC(1233) Concurrent Cleanup for Next Mark 0.801ms
[623.345s][info][gc          ] GC(1233) Concurrent Mark Cycle 177.691ms
[623.732s][info][gc,start    ] GC(1234) Pause Young (Prepare Mixed) (G1 Evacuation Pause)
[623.732s][info][gc,task     ] GC(1234) Using 2 workers of 2 for evacuation
[623.771s][info][gc,phases   ] GC(1234)   Pre Evacuate Collection Set: 0.18ms
[623.771s][info][gc,phases   ] GC(1234)   Merge Heap Roots: 0.28ms
[623.771s][info][gc,phases   ] GC(1234)   Evacuate Collection Set: 37.90ms
[623.771s][info][gc,phases   ] GC(1234)   Post Evacuate Collection Set: 0.51ms
[623.771s][info][gc,phases   ] GC(1234)   Other: 0.07ms
[623.771s][info][gc,heap     ] GC(1234) Eden regions: 121->0(112)
[623.771s][info][gc,heap     ] GC(1234) Survivor regions: 20->13(18)
[623.771s][info][gc,heap     ] GC(1234) Old regions: 64->84
[623.771s][info][gc,heap     ] GC(1234) Humongous regions: 5->3
[623.771s][info][gc,metaspace] GC(1234) Metaspace: 43139K(43584K)->43139K(43584K) NonClass: 38796K(39040K)->38796K(39040K) Class: 4343K(4544K)->4343K(4544K)
[623.772s][info][gc          ] GC(1234) Pause Young (Prepare Mixed) (G1 Evacuation Pause) 210M->100M(256M) 39.160ms
[623.772s][info][gc,cpu      ] GC(1234) User=0.07s Sys=0.00s Real=0.04s
[624.233s][info][gc,start    ] GC(1235) Pause Young (Mixed) (G1 Evacuation Pause)
[624.233s][info][gc,task     ] GC(1235) Using 2 workers of 2 for evacuation
[624.260s][info][gc,phases   ] GC(1235)   Pre Evacuate Collection Set: 0.17ms
[624.260s][info][gc,phases   ] GC(1235)   Merge Heap Roots: 0.46ms
[624.260s][info][gc,phases   ] GC(1235)   Evacuate Collection Set: 26.25ms
[624.260s][info][gc,phases   ] GC(1235)   Post Evacuate Collection Set: 0.50ms
[624.260s][info][gc,phases   ] GC(1235)   Other: 0.09ms
[624.260s][info][gc,heap     ] GC(1235) Eden regions: 112->0(121)
[624.260s][info][gc,heap     ] GC(1235) Survivor regions: 13->5(16)
[624.260s][info][gc,heap     ] GC(1235) Old regions: 84->87
[624.260s][info][gc,heap     ] GC(1235) Humongous regions: 11->3
[624.260s][info][gc,metaspace] GC(1235) Metaspace: 43139K(43584K)->43139K(43584K) NonClass: 38796K(39040K)->38796K(39040K) Class: 4343K(4544K)->4343K(4544K)
[624.260s][info][gc          ] GC(1235) Pause Young (Mixed) (G1 Evacuation Pause) 220M->95M(256M) 27.664ms
[624.260s][info][gc,cpu      ] GC(1235) User=0.06s Sys=0.00s Real=0.03s
[624.326s][info][gc,start    ] GC(1236) Pause Young (Concurrent Start) (G1 Humongous Allocation)
[624.326s][info][gc,task     ] GC(1236) Using 2 workers of 2 for evacuation
[624.328s][info][gc,phases   ] GC(1236)   Pre Evacuate Collection Set: 0.18ms
[624.328s][info][gc,phases   ] GC(1236)   Merge Heap Roots: 0.04ms
[624.328s][info][gc,phases   ] GC(1236)   Evacuate Collection Set: 1.34ms
[624.328s][info][gc,phases   ] GC(1236)   Post Evacuate Collection Set: 0.26ms
[624.328s][info][gc,phases   ] GC(1236)   Other: 0.08ms
[624.328s][info][gc,heap     ] GC(1236) Eden regions: 15->0(131)
[624.328s][info][gc,heap     ] GC(1236) Survivor regions: 5->2(16)
[624.328s][info][gc,heap     ] GC(1236) Old regions: 87->87
[624.328s][info][gc,heap     ] GC(1236) Humongous regions: 3->1
[624.328s][info][gc,metaspace] GC(1236) Metaspace: 43139K(43584K)->43139K(43584K) NonClass: 38796K(39040K)->38796K(39040K) Class: 4343K(4544K)->4343K(4544K)
[624.328s][info][gc          ] GC(1236) Pause Young (Concurrent Start) (G1 Humongous Allocation) 109M->89M(256M) 2.062ms
[624.328s][info][gc          ] GC(1237) Concurrent Mark Cycle
[624.328s][info][gc,marking  ] GC(1237) Concurrent Scan Root Regions
[624.330s][info][gc,marking  ] GC(1237) Concurrent Scan Root Regions 1.343ms
[624.330s][info][gc,marking  ] GC(1237) Concurrent Mark
[624.330s][info][gc,marking  ] GC(1237) Concurrent Mark From Roots
[624.330s][info][gc,task     ] GC(1237) Using 1 workers of 1 for marking
[624.330s][info][gc,cpu      ] GC(1236) User=0.00s Sys=0.00s Real=0.00s
[624.386s][info][gc,marking  ] GC(1237) Concurrent Mark From Roots 56.464ms
[624.386s][info][gc,marking  ] GC(1237) Concurrent Preclean
[624.386s][info][gc,marking  ] GC(1237) Concurrent Preclean 0.042ms
[624.387s][info][gc,start    ] GC(1237) Pause Remark
[624.403s][info][gc          ] GC(1237) Pause Remark 106M->89M(256M) 16.932ms
[624.404s][info][gc,cpu      ] GC(1237) User=0.03s Sys=0.00s Real=0.01s
[624.404s][info][gc,marking  ] GC(1237) Concurrent Mark 73.745ms
[624.404s][info][gc,marking  ] GC(1237) Concurrent Rebuild Remembered Sets and Scrub Regions
[624.426s][info][gc,marking  ] GC(1237) Concurrent Rebuild Remembered Sets and Scrub Regions 22.321ms
[624.426s][info][gc,start    ] GC(1237) Pause Cleanup
[624.426s][info][gc          ] GC(1237) Pause Cleanup 93M->93M(256M) 0.061ms
[624.426s][info][gc,cpu      ] GC(1237) User=0.00s Sys=0.00s Real=0.00s
[624.426s][info][gc,marking  ] GC(1237) Concurrent Clear Claimed Marks
[624.426s][info][gc,marking  ] GC(1237) Concurrent Clear Claimed Marks 0.035ms
[624.426s][info][gc,marking  ] GC(1237) Concurrent Cleanup for Next Mark
[624.427s][info][gc,marking  ] GC(1237) Concurrent Cleanup for Next Mark 0.768ms
[624.427s][info][gc          ] GC(1237) Concurrent Mark Cycle 98.594ms
[624.911s][info][gc,start    ] GC(1238) Pause Young (Prepare Mixed) (G1 Evacuation Pause)
[624.911s][info][gc,task     ] GC(1238) Using 2 workers of 2 for evacuation
[624.926s][info][gc,phases   ] GC(1238)   Pre Evacuate Collection Set: 0.16ms
[624.926s][info][gc,phases   ] GC(1238)   Merge Heap Roots: 0.06ms
[624.926s][info][gc,phases   ] GC(1238)   Evacuate Collection Set: 14.42ms
[624.926s][info][gc,phases   ] GC(1238)   Post Evacuate Collection Set: 0.42ms
[624.926s][info][gc,phases   ] GC(1238)   Other: 0.07ms
[624.926s][info][gc,heap     ] GC(1238) Eden regions: 131->0(131)
[624.926s][info][gc,heap     ] GC(1238) Survivor regions: 2->14(17)
[624.926s][info][gc,heap     ] GC(1238) Old regions: 70->70
[624.926s][info][gc,heap     ] GC(1238) Humongous regions: 5->3
[624.926s][info][gc,metaspace] GC(1238) Metaspace: 43139K(43584K)->43139K(43584K) NonClass: 38796K(39040K)->38796K(39040K) Class: 4343K(4544K)->4343K(4544K)
[624.926s][info][gc          ] GC(1238) Pause Young (Prepare Mixed) (G1 Evacuation Pause) 207M->87M(256M) 15.347ms
[624.926s][info][gc,cpu      ] GC(1238) User=0.03s Sys=0.00s Real=0.02s
[625.475s][info][gc,start    ] GC(1239) Pause Young (Mixed) (G1 Evacuation Pause)
[625.475s][info][gc,task     ] GC(1239) Using 2 workers of 2 for evacuation
[625.486s][info][gc,phases   ] GC(1239)   Pre Evacuate Collection Set: 0.18ms
[625.486s][info][gc,phases   ] GC(1239)   Merge Heap Roots: 0.10ms
[625.486s][info][gc,phases   ] GC(1239)   Evacuate Collection Set: 9.48ms
[625.486s][info][gc,phases   ] GC(1239)   Post Evacuate Collection Set: 0.47ms
[625.486s][info][gc,phases   ] GC(1239)   Other: 0.07ms
[625.486s][info][gc,heap     ] GC(1239) Eden regions: 131->0(146)
[625.486s][info][gc,heap     ] GC(1239) Survivor regions: 14->7(19)
[625.486s][info][gc,heap     ] GC(1239) Old regions: 70->47
[625.486s][info][gc,heap     ] GC(1239) Humongous regions: 9->3
[625.486s][info][gc,metaspace] GC(1239) Metaspace: 43139K(43584K)->43139K(43584K) NonClass: 38796K(39040K)->38796K(39040K) Class: 4343K(4544K)->4343K(4544K)
[625.486s][info][gc          ] GC(1239) Pause Young (Mixed) (G1 Evacuation Pause) 224M->56M(256M) 10.500ms
[625.486s][info][gc,cpu      ] GC(1239) User=0.02s Sys=0.00s Real=0.01s
[625.517s][info][gc,start    ] GC(1240) Pause Young (Concurrent Start) (G1 Humongous Allocation)
[625.517s][info][gc,task     ] GC(1240) Using 2 workers of 2 for evacuation
[625.519s][info][gc,phases   ] GC(1240)   Pre Evacuate Collection Set: 0.20ms
[625.519s][info][gc,phases   ] GC(1240)   Merge Heap Roots: 0.05ms
[625.519s][info][gc,phases   ] GC(1240)   Evacuate Collection Set: 1.38ms
[625.519s][info][gc,phases   ] GC(1240)   Post Evacuate Collection Set: 0.29ms
[625.519s][info][gc,phases   ] GC(1240)   Other: 0.11ms
[625.519s][info][gc,heap     ] GC(1240) Eden regions: 7->0(151)
[625.519s][info][gc,heap     ] GC(1240) Survivor regions: 7->2(20)
[625.519s][info][gc,heap     ] GC(1240) Old regions: 47->47
[625.519s][info][gc,heap     ] GC(1240) Humongous regions: 3->1
[625.519s][info][gc,metaspace] GC(1240) Metaspace: 43139K(43584K)->43139K(43584K) NonClass: 38796K(39040K)->38796K(39040K) Class: 4343K(4544K)->4343K(4544K)
[625.519s][info][gc          ] GC(1240) Pause Young (Concurrent Start) (G1 Humongous Allocation) 63M->49M(256M) 2.228ms
[625.519s][info][gc,cpu      ] GC(1240) User=0.01s Sys=0.00s Real=0.00s
[625.519s][info][gc          ] GC(1241) Concurrent Mark Cycle
[625.519s][info][gc,marking  ] GC(1241) Concurrent Scan Root Regions
[625.521s][info][gc,marking  ] GC(1241) Concurrent Scan Root Regions 1.603ms
[625.521s][info][gc,marking  ] GC(1241) Concurrent Mark
[625.521s][info][gc,marking  ] GC(1241) Concurrent Mark From Roots
[625.521s][info][gc,task     ] GC(1241) Using 1 workers of 1 for marking
[625.581s][info][gc,marking  ] GC(1241) Concurrent Mark From Roots 60.268ms
[625.581s][info][gc,marking  ] GC(1241) Concurrent Preclean
[625.581s][info][gc,marking  ] GC(1241) Concurrent Preclean 0.057ms
[625.581s][info][gc,start    ] GC(1241) Pause Remark
[625.598s][info][gc          ] GC(1241) Pause Remark 67M->67M(256M) 16.521ms
[625.598s][info][gc,cpu      ] GC(1241) User=0.03s Sys=0.00s Real=0.02s
[625.598s][info][gc,marking  ] GC(1241) Concurrent Mark 77.180ms
[625.598s][info][gc,marking  ] GC(1241) Concurrent Rebuild Remembered Sets and Scrub Regions
[625.620s][info][gc,marking  ] GC(1241) Concurrent Rebuild Remembered Sets and Scrub Regions 22.571ms
[625.620s][info][gc,start    ] GC(1241) Pause Cleanup
[625.620s][info][gc          ] GC(1241) Pause Cleanup 71M->71M(256M) 0.044ms
[625.620s][info][gc,cpu      ] GC(1241) User=0.00s Sys=0.00s Real=0.00s
[625.620s][info][gc,marking  ] GC(1241) Concurrent Clear Claimed Marks
[625.621s][info][gc,marking  ] GC(1241) Concurrent Clear Claimed Marks 0.035ms
[625.621s][info][gc,marking  ] GC(1241) Concurrent Cleanup for Next Mark
[625.621s][info][gc,marking  ] GC(1241) Concurrent Cleanup for Next Mark 0.795ms
[625.621s][info][gc          ] GC(1241) Concurrent Mark Cycle 102.456ms
[626.189s][info][gc,start    ] GC(1242) Pause Young (Prepare Mixed) (G1 Evacuation Pause)
[626.189s][info][gc,task     ] GC(1242) Using 2 workers of 2 for evacuation
[626.204s][info][gc,phases   ] GC(1242)   Pre Evacuate Collection Set: 0.16ms
[626.204s][info][gc,phases   ] GC(1242)   Merge Heap Roots: 0.08ms
[626.204s][info][gc,phases   ] GC(1242)   Evacuate Collection Set: 13.78ms
[626.204s][info][gc,phases   ] GC(1242)   Post Evacuate Collection Set: 0.45ms
[626.204s][info][gc,phases   ] GC(1242)   Other: 0.10ms
[626.204s][info][gc,heap     ] GC(1242) Eden regions: 151->0(141)
[626.204s][info][gc,heap     ] GC(1242) Survivor regions: 2->12(20)
[626.204s][info][gc,heap     ] GC(1242) Old regions: 47->47
[626.204s][info][gc,heap     ] GC(1242) Humongous regions: 5->3
[626.204s][info][gc,metaspace] GC(1242) Metaspace: 43139K(43584K)->43139K(43584K) NonClass: 38796K(39040K)->38796K(39040K) Class: 4343K(4544K)->4343K(4544K)
[626.204s][info][gc          ] GC(1242) Pause Young (Prepare Mixed) (G1 Evacuation Pause) 204M->61M(256M) 14.788ms
[626.204s][info][gc,cpu      ] GC(1242) User=0.03s Sys=0.00s Real=0.01s
[626.827s][info][gc,start    ] GC(1243) Pause Young (Mixed) (G1 Evacuation Pause)
[626.827s][info][gc,task     ] GC(1243) Using 2 workers of 2 for evacuation
[626.835s][info][gc,phases   ] GC(1243)   Pre Evacuate Collection Set: 0.18ms
[626.835s][info][gc,phases   ] GC(1243)   Merge Heap Roots: 0.09ms
[626.835s][info][gc,phases   ] GC(1243)   Evacuate Collection Set: 6.27ms
[626.835s][info][gc,phases   ] GC(1243)   Post Evacuate Collection Set: 0.45ms
[626.835s][info][gc,phases   ] GC(1243)   Other: 0.11ms
[626.835s][info][gc,heap     ] GC(1243) Eden regions: 141->0(150)
[626.835s][info][gc,heap     ] GC(1243) Survivor regions: 12->3(20)
[626.835s][info][gc,heap     ] GC(1243) Old regions: 47->45
[626.835s][info][gc,heap     ] GC(1243) Humongous regions: 9->3
[626.835s][info][gc,metaspace] GC(1243) Metaspace: 43139K(43584K)->43139K(43584K) NonClass: 38796K(39040K)->38796K(39040K) Class: 4343K(4544K)->4343K(4544K)
[626.835s][info][gc          ] GC(1243) Pause Young (Mixed) (G1 Evacuation Pause) 208M->50M(256M) 7.296ms
[626.835s][info][gc,cpu      ] GC(1243) User=0.02s Sys=0.00s Real=0.00s
[626.918s][info][gc,start    ] GC(1244) Pause Young (Concurrent Start) (G1 Humongous Allocation)
[626.918s][info][gc,task     ] GC(1244) Using 2 workers of 2 for evacuation
[626.921s][info][gc,phases   ] GC(1244)   Pre Evacuate Collection Set: 0.38ms
[626.921s][info][gc,phases   ] GC(1244)   Merge Heap Roots: 0.05ms
[626.921s][info][gc,phases   ] GC(1244)   Evacuate Collection Set: 2.78ms
[626.921s][info][gc,phases   ] GC(1244)   Post Evacuate Collection Set: 0.40ms
[626.921s][info][gc,phases   ] GC(1244)   Other: 0.09ms
[626.921s][info][gc,heap     ] GC(1244) Eden regions: 16->0(150)
[626.921s][info][gc,heap     ] GC(1244) Survivor regions: 3->3(20)
[626.921s][info][gc,heap     ] GC(1244) Old regions: 45->45
[626.922s][info][gc,heap     ] GC(1244) Humongous regions: 3->1
[626.922s][info][gc,metaspace] GC(1244) Metaspace: 43139K(43584K)->43139K(43584K) NonClass: 38796K(39040K)->38796K(39040K) Class: 4343K(4544K)->4343K(4544K)
[626.922s][info][gc          ] GC(1244) Pause Young (Concurrent Start) (G1 Humongous Allocation) 66M->47M(256M) 3.918ms
[626.922s][info][gc          ] GC(1245) Concurrent Mark Cycle
[626.922s][info][gc,marking  ] GC(1245) Concurrent Scan Root Regions
[626.924s][info][gc,cpu      ] GC(1244) User=0.01s Sys=0.00s Real=0.00s
[626.927s][info][gc,marking  ] GC(1245) Concurrent Scan Root Regions 5.758ms
[626.927s][info][gc,marking  ] GC(1245) Concurrent Mark
[626.927s][info][gc,marking  ] GC(1245) Concurrent Mark From Roots
[626.927s][info][gc,task     ] GC(1245) Using 1 workers of 1 for marking
[627.006s][info][gc,marking  ] GC(1245) Concurrent Mark From Roots 78.578ms
[627.006s][info][gc,marking  ] GC(1245) Concurrent Preclean
[627.006s][info][gc,marking  ] GC(1245) Concurrent Preclean 0.049ms
[627.006s][info][gc,start    ] GC(1245) Pause Remark
[627.023s][info][gc          ] GC(1245) Pause Remark 69M->69M(256M) 17.276ms
[627.024s][info][gc,cpu      ] GC(1245) User=0.04s Sys=0.00s Real=0.01s
[627.024s][info][gc,marking  ] GC(1245) Concurrent Mark 96.487ms
[627.024s][info][gc,marking  ] GC(1245) Concurrent Rebuild Remembered Sets and Scrub Regions
[627.056s][info][gc,marking  ] GC(1245) Concurrent Rebuild Remembered Sets and Scrub Regions 32.505ms
[627.057s][info][gc,start    ] GC(1245) Pause Cleanup
[627.057s][info][gc          ] GC(1245) Pause Cleanup 76M->76M(256M) 0.054ms
[627.057s][info][gc,cpu      ] GC(1245) User=0.00s Sys=0.00s Real=0.00s
[627.057s][info][gc,marking  ] GC(1245) Concurrent Clear Claimed Marks
[627.057s][info][gc,marking  ] GC(1245) Concurrent Clear Claimed Marks 0.041ms
[627.057s][info][gc,marking  ] GC(1245) Concurrent Cleanup for Next Mark
[627.058s][info][gc,marking  ] GC(1245) Concurrent Cleanup for Next Mark 1.002ms
[627.058s][info][gc          ] GC(1245) Concurrent Mark Cycle 136.258ms
[627.445s][info][gc,start    ] GC(1246) Pause Young (Prepare Mixed) (G1 Evacuation Pause)
[627.445s][info][gc,task     ] GC(1246) Using 2 workers of 2 for evacuation
[627.482s][info][gc,phases   ] GC(1246)   Pre Evacuate Collection Set: 0.19ms
[627.482s][info][gc,phases   ] GC(1246)   Merge Heap Roots: 0.06ms
[627.482s][info][gc,phases   ] GC(1246)   Evacuate Collection Set: 36.23ms
[627.482s][info][gc,phases   ] GC(1246)   Post Evacuate Collection Set: 0.59ms
[627.482s][info][gc,phases   ] GC(1246)   Other: 0.07ms
[627.482s][info][gc,heap     ] GC(1246) Eden regions: 150->0(127)
[627.482s][info][gc,heap     ] GC(1246) Survivor regions: 3->20(20)
[627.482s][info][gc,heap     ] GC(1246) Old regions: 45->62
[627.482s][info][gc,heap     ] GC(1246) Humongous regions: 3->3
[627.482s][info][gc,metaspace] GC(1246) Metaspace: 43139K(43584K)->43139K(43584K) NonClass: 38796K(39040K)->38796K(39040K) Class: 4343K(4544K)->4343K(4544K)
[627.482s][info][gc          ] GC(1246) Pause Young (Prepare Mixed) (G1 Evacuation Pause) 199M->84M(256M) 37.338ms
[627.482s][info][gc,cpu      ] GC(1246) User=0.08s Sys=0.00s Real=0.03s
[628.151s][info][gc,start    ] GC(1247) Pause Young (Mixed) (G1 Evacuation Pause)
[628.151s][info][gc,task     ] GC(1247) Using 2 workers of 2 for evacuation
[628.209s][info][gc,phases   ] GC(1247)   Pre Evacuate Collection Set: 0.16ms
[628.209s][info][gc,phases   ] GC(1247)   Merge Heap Roots: 0.22ms
[628.209s][info][gc,phases   ] GC(1247)   Evacuate Collection Set: 56.89ms
[628.209s][info][gc,phases   ] GC(1247)   Post Evacuate Collection Set: 0.51ms
[628.209s][info][gc,phases   ] GC(1247)   Other: 0.07ms
[628.209s][info][gc,heap     ] GC(1247) Eden regions: 127->0(105)
[628.209s][info][gc,heap     ] GC(1247) Survivor regions: 20->19(19)
[628.209s][info][gc,heap     ] GC(1247) Old regions: 62->84
[628.209s][info][gc,heap     ] GC(1247) Humongous regions: 3->3
[628.209s][info][gc,metaspace] GC(1247) Metaspace: 43139K(43584K)->43139K(43584K) NonClass: 38796K(39040K)->38796K(39040K) Class: 4343K(4544K)->4343K(4544K)
[628.209s][info][gc          ] GC(1247) Pause Young (Mixed) (G1 Evacuation Pause) 211M->105M(256M) 58.126ms
[628.209s][info][gc,cpu      ] GC(1247) User=0.11s Sys=0.00s Real=0.06s
[628.785s][info][gc,start    ] GC(1248) Pause Young (Concurrent Start) (G1 Evacuation Pause)
[628.785s][info][gc,task     ] GC(1248) Using 2 workers of 2 for evacuation
[628.850s][info][gc,phases   ] GC(1248)   Pre Evacuate Collection Set: 0.20ms
[628.850s][info][gc,phases   ] GC(1248)   Merge Heap Roots: 0.31ms
[628.850s][info][gc,phases   ] GC(1248)   Evacuate Collection Set: 64.20ms
[628.850s][info][gc,phases   ] GC(1248)   Post Evacuate Collection Set: 0.48ms
[628.850s][info][gc,phases   ] GC(1248)   Other: 0.12ms
[628.850s][info][gc,heap     ] GC(1248) Eden regions: 105->0(80)
[628.850s][info][gc,heap     ] GC(1248) Survivor regions: 19->16(16)
[628.850s][info][gc,heap     ] GC(1248) Old regions: 84->118
[628.850s][info][gc,heap     ] GC(1248) Humongous regions: 3->3
[628.850s][info][gc,metaspace] GC(1248) Metaspace: 43139K(43584K)->43139K(43584K) NonClass: 38796K(39040K)->38796K(39040K) Class: 4343K(4544K)->4343K(4544K)
[628.850s][info][gc          ] GC(1248) Pause Young (Concurrent Start) (G1 Evacuation Pause) 210M->137M(261M) 65.509ms
[628.850s][info][gc,cpu      ] GC(1248) User=0.12s Sys=0.00s Real=0.07s
[628.850s][info][gc          ] GC(1249) Concurrent Mark Cycle
[628.850s][info][gc,marking  ] GC(1249) Concurrent Scan Root Regions
[628.931s][info][gc,marking  ] GC(1249) Concurrent Scan Root Regions 80.675ms
[628.931s][info][gc,marking  ] GC(1249) Concurrent Mark
[628.931s][info][gc,marking  ] GC(1249) Concurrent Mark From Roots
[628.931s][info][gc,task     ] GC(1249) Using 1 workers of 1 for marking
[629.128s][info][gc,marking  ] GC(1249) Concurrent Mark From Roots 196.796ms
[629.128s][info][gc,marking  ] GC(1249) Concurrent Preclean
[629.128s][info][gc,marking  ] GC(1249) Concurrent Preclean 0.069ms
[629.128s][info][gc,start    ] GC(1249) Pause Remark
[629.148s][info][gc          ] GC(1249) Pause Remark 177M->177M(261M) 20.143ms
[629.148s][info][gc,cpu      ] GC(1249) User=0.03s Sys=0.00s Real=0.02s
[629.149s][info][gc,marking  ] GC(1249) Concurrent Mark 217.970ms
[629.149s][info][gc,marking  ] GC(1249) Concurrent Rebuild Remembered Sets and Scrub Regions
[629.281s][info][gc,marking  ] GC(1249) Concurrent Rebuild Remembered Sets and Scrub Regions 131.892ms
[629.281s][info][gc,start    ] GC(1249) Pause Cleanup
[629.281s][info][gc          ] GC(1249) Pause Cleanup 198M->198M(261M) 0.055ms
[629.281s][info][gc,cpu      ] GC(1249) User=0.00s Sys=0.00s Real=0.00s
[629.281s][info][gc,marking  ] GC(1249) Concurrent Clear Claimed Marks
[629.281s][info][gc,marking  ] GC(1249) Concurrent Clear Claimed Marks 0.036ms
[629.281s][info][gc,marking  ] GC(1249) Concurrent Cleanup for Next Mark
[629.282s][info][gc,marking  ] GC(1249) Concurrent Cleanup for Next Mark 0.877ms
[629.282s][info][gc          ] GC(1249) Concurrent Mark Cycle 431.791ms
[629.344s][info][gc,start    ] GC(1250) Pause Young (Prepare Mixed) (G1 Evacuation Pause)
[629.344s][info][gc,task     ] GC(1250) Using 2 workers of 2 for evacuation
[629.391s][info][gc,phases   ] GC(1250)   Pre Evacuate Collection Set: 0.22ms
[629.391s][info][gc,phases   ] GC(1250)   Merge Heap Roots: 0.37ms
[629.391s][info][gc,phases   ] GC(1250)   Evacuate Collection Set: 45.87ms
[629.391s][info][gc,phases   ] GC(1250)   Post Evacuate Collection Set: 0.50ms
[629.391s][info][gc,phases   ] GC(1250)   Other: 0.09ms
[629.391s][info][gc,heap     ] GC(1250) Eden regions: 80->0(62)
[629.391s][info][gc,heap     ] GC(1250) Survivor regions: 16->12(12)
[629.391s][info][gc,heap     ] GC(1250) Old regions: 118->144
[629.391s][info][gc,heap     ] GC(1250) Humongous regions: 5->3
[629.391s][info][gc,metaspace] GC(1250) Metaspace: 43139K(43584K)->43139K(43584K) NonClass: 38796K(39040K)->38796K(39040K) Class: 4343K(4544K)->4343K(4544K)
[629.391s][info][gc          ] GC(1250) Pause Young (Prepare Mixed) (G1 Evacuation Pause) 219M->159M(261M) 47.415ms
[629.391s][info][gc,cpu      ] GC(1250) User=0.09s Sys=0.00s Real=0.05s
[629.679s][info][gc,start    ] GC(1251) Pause Young (Mixed) (G1 Evacuation Pause)
[629.679s][info][gc,task     ] GC(1251) Using 2 workers of 2 for evacuation
[629.704s][info][gc,phases   ] GC(1251)   Pre Evacuate Collection Set: 0.20ms
[629.704s][info][gc,phases   ] GC(1251)   Merge Heap Roots: 0.18ms
[629.704s][info][gc,phases   ] GC(1251)   Evacuate Collection Set: 24.08ms
[629.704s][info][gc,phases   ] GC(1251)   Post Evacuate Collection Set: 0.40ms
[629.704s][info][gc,phases   ] GC(1251)   Other: 0.10ms
[629.704s][info][gc,heap     ] GC(1251) Eden regions: 62->0(63)
[629.704s][info][gc,heap     ] GC(1251) Survivor regions: 12->8(10)
[629.704s][info][gc,heap     ] GC(1251) Old regions: 144->151
[629.704s][info][gc,heap     ] GC(1251) Humongous regions: 3->3
[629.704s][info][gc,metaspace] GC(1251) Metaspace: 43139K(43584K)->43139K(43584K) NonClass: 38796K(39040K)->38796K(39040K) Class: 4343K(4544K)->4343K(4544K)
[629.704s][info][gc          ] GC(1251) Pause Young (Mixed) (G1 Evacuation Pause) 221M->161M(261M) 25.226ms
[629.704s][info][gc,cpu      ] GC(1251) User=0.05s Sys=0.00s Real=0.02s
[629.817s][info][gc,start    ] GC(1252) Pause Young (Concurrent Start) (G1 Humongous Allocation)
[629.817s][info][gc,task     ] GC(1252) Using 2 workers of 2 for evacuation
[629.833s][info][gc,phases   ] GC(1252)   Pre Evacuate Collection Set: 0.19ms
[629.833s][info][gc,phases   ] GC(1252)   Merge Heap Roots: 0.06ms
[629.833s][info][gc,phases   ] GC(1252)   Evacuate Collection Set: 14.37ms
[629.833s][info][gc,phases   ] GC(1252)   Post Evacuate Collection Set: 1.46ms
[629.834s][info][gc,phases   ] GC(1252)   Other: 0.12ms
[629.834s][info][gc,heap     ] GC(1252) Eden regions: 21->0(168)
[629.834s][info][gc,heap     ] GC(1252) Survivor regions: 8->7(9)
[629.834s][info][gc,heap     ] GC(1252) Old regions: 151->158
[629.834s][info][gc,heap     ] GC(1252) Humongous regions: 3->1
[629.834s][info][gc,metaspace] GC(1252) Metaspace: 43139K(43584K)->43139K(43584K) NonClass: 38796K(39040K)->38796K(39040K) Class: 4343K(4544K)->4343K(4544K)
[629.834s][info][gc          ] GC(1252) Pause Young (Concurrent Start) (G1 Humongous Allocation) 182M->165M(416M) 16.386ms
[629.834s][info][gc,cpu      ] GC(1252) User=0.03s Sys=0.00s Real=0.01s
[629.834s][info][gc          ] GC(1253) Concurrent Undo Cycle
[629.834s][info][gc,marking  ] GC(1253) Concurrent Clear Claimed Marks
[629.834s][info][gc,marking  ] GC(1253) Concurrent Clear Claimed Marks 0.034ms
[629.834s][info][gc,marking  ] GC(1253) Concurrent Cleanup for Next Mark
[629.834s][info][gc,marking  ] GC(1253) Concurrent Cleanup for Next Mark 0.215ms
[629.834s][info][gc          ] GC(1253) Concurrent Undo Cycle 0.299ms
[629.931s][info][gc,start    ] GC(1254) Pause Young (Concurrent Start) (G1 Humongous Allocation)
[629.931s][info][gc,task     ] GC(1254) Using 2 workers of 2 for evacuation
[629.941s][info][gc,phases   ] GC(1254)   Pre Evacuate Collection Set: 0.27ms
[629.941s][info][gc,phases   ] GC(1254)   Merge Heap Roots: 0.07ms
[629.941s][info][gc,phases   ] GC(1254)   Evacuate Collection Set: 9.60ms
[629.941s][info][gc,phases   ] GC(1254)   Post Evacuate Collection Set: 0.34ms
[629.941s][info][gc,phases   ] GC(1254)   Other: 0.14ms
[629.941s][info][gc,heap     ] GC(1254) Eden regions: 21->0(180)
[629.941s][info][gc,heap     ] GC(1254) Survivor regions: 7->7(22)
[629.941s][info][gc,heap     ] GC(1254) Old regions: 158->158
[629.941s][info][gc,heap     ] GC(1254) Humongous regions: 3->1
[629.941s][info][gc,metaspace] GC(1254) Metaspace: 43139K(43584K)->43139K(43584K) NonClass: 38796K(39040K)->38796K(39040K) Class: 4343K(4544K)->4343K(4544K)
[629.941s][info][gc          ] GC(1254) Pause Young (Concurrent Start) (G1 Humongous Allocation) 187M->165M(416M) 10.624ms
[629.941s][info][gc          ] GC(1255) Concurrent Mark Cycle
[629.941s][info][gc,marking  ] GC(1255) Concurrent Scan Root Regions
[629.942s][info][gc,cpu      ] GC(1254) User=0.01s Sys=0.01s Real=0.01s
[629.948s][info][gc,marking  ] GC(1255) Concurrent Scan Root Regions 6.477ms
[629.948s][info][gc,marking  ] GC(1255) Concurrent Mark
[629.948s][info][gc,marking  ] GC(1255) Concurrent Mark From Roots
[629.948s][info][gc,task     ] GC(1255) Using 1 workers of 1 for marking
[630.036s][info][gc,marking  ] GC(1255) Concurrent Mark From Roots 87.743ms
[630.036s][info][gc,marking  ] GC(1255) Concurrent Preclean
[630.036s][info][gc,marking  ] GC(1255) Concurrent Preclean 0.049ms
[630.036s][info][gc,start    ] GC(1255) Pause Remark
[630.053s][info][gc          ] GC(1255) Pause Remark 194M->151M(416M) 17.082ms
[630.053s][info][gc,cpu      ] GC(1255) User=0.04s Sys=0.00s Real=0.01s
[630.053s][info][gc,marking  ] GC(1255) Concurrent Mark 105.259ms
[630.053s][info][gc,marking  ] GC(1255) Concurrent Rebuild Remembered Sets and Scrub Regions
[630.086s][info][gc,marking  ] GC(1255) Concurrent Rebuild Remembered Sets and Scrub Regions 32.812ms
[630.086s][info][gc,start    ] GC(1255) Pause Cleanup
[630.086s][info][gc          ] GC(1255) Pause Cleanup 158M->158M(416M) 0.083ms
[630.086s][info][gc,cpu      ] GC(1255) User=0.00s Sys=0.00s Real=0.00s
[630.086s][info][gc,marking  ] GC(1255) Concurrent Clear Claimed Marks
[630.086s][info][gc,marking  ] GC(1255) Concurrent Clear Claimed Marks 0.037ms
[630.086s][info][gc,marking  ] GC(1255) Concurrent Cleanup for Next Mark
[630.089s][info][gc,marking  ] GC(1255) Concurrent Cleanup for Next Mark 3.117ms
[630.090s][info][gc          ] GC(1255) Concurrent Mark Cycle 148.133ms
[630.849s][info][gc,start    ] GC(1256) Pause Young (Prepare Mixed) (G1 Evacuation Pause)
[630.849s][info][gc,task     ] GC(1256) Using 2 workers of 2 for evacuation
[630.863s][info][gc,phases   ] GC(1256)   Pre Evacuate Collection Set: 0.25ms
[630.863s][info][gc,phases   ] GC(1256)   Merge Heap Roots: 0.13ms
[630.863s][info][gc,phases   ] GC(1256)   Evacuate Collection Set: 12.77ms
[630.863s][info][gc,phases   ] GC(1256)   Post Evacuate Collection Set: 0.50ms
[630.863s][info][gc,phases   ] GC(1256)   Other: 0.10ms
[630.863s][info][gc,heap     ] GC(1256) Eden regions: 180->0(216)
[630.863s][info][gc,heap     ] GC(1256) Survivor regions: 7->13(24)
[630.863s][info][gc,heap     ] GC(1256) Old regions: 115->115
[630.863s][info][gc,heap     ] GC(1256) Humongous regions: 11->3
[630.863s][info][gc,metaspace] GC(1256) Metaspace: 43139K(43584K)->43139K(43584K) NonClass: 38796K(39040K)->38796K(39040K) Class: 4343K(4544K)->4343K(4544K)
[630.863s][info][gc          ] GC(1256) Pause Young (Prepare Mixed) (G1 Evacuation Pause) 312M->130M(416M) 13.989ms
[630.863s][info][gc,cpu      ] GC(1256) User=0.03s Sys=0.00s Real=0.01s
[631.690s][info][gc,start    ] GC(1257) Pause Young (Mixed) (G1 Evacuation Pause)
[631.690s][info][gc,task     ] GC(1257) Using 2 workers of 2 for evacuation
[631.707s][info][gc,phases   ] GC(1257)   Pre Evacuate Collection Set: 0.36ms
[631.707s][info][gc,phases   ] GC(1257)   Merge Heap Roots: 0.17ms
[631.707s][info][gc,phases   ] GC(1257)   Evacuate Collection Set: 15.84ms
[631.707s][info][gc,phases   ] GC(1257)   Post Evacuate Collection Set: 0.57ms
[631.707s][info][gc,phases   ] GC(1257)   Other: 0.11ms
[631.707s][info][gc,heap     ] GC(1257) Eden regions: 216->0(229)
[631.707s][info][gc,heap     ] GC(1257) Survivor regions: 13->20(29)
[631.707s][info][gc,heap     ] GC(1257) Old regions: 115->74
[631.707s][info][gc,heap     ] GC(1257) Humongous regions: 5->3
[631.707s][info][gc,metaspace] GC(1257) Metaspace: 43139K(43584K)->43139K(43584K) NonClass: 38796K(39040K)->38796K(39040K) Class: 4343K(4544K)->4343K(4544K)
[631.707s][info][gc          ] GC(1257) Pause Young (Mixed) (G1 Evacuation Pause) 348M->95M(416M) 17.272ms
[631.707s][info][gc,cpu      ] GC(1257) User=0.04s Sys=0.00s Real=0.02s
[632.556s][info][gc,start    ] GC(1258) Pause Young (Mixed) (G1 Evacuation Pause)
[632.556s][info][gc,task     ] GC(1258) Using 2 workers of 2 for evacuation
[632.592s][info][gc,phases   ] GC(1258)   Pre Evacuate Collection Set: 0.22ms
[632.592s][info][gc,phases   ] GC(1258)   Merge Heap Roots: 0.11ms
[632.592s][info][gc,phases   ] GC(1258)   Evacuate Collection Set: 34.69ms
[632.592s][info][gc,phases   ] GC(1258)   Post Evacuate Collection Set: 0.61ms
[632.592s][info][gc,phases   ] GC(1258)   Other: 0.10ms
[632.592s][info][gc,heap     ] GC(1258) Eden regions: 229->0(217)
[632.592s][info][gc,heap     ] GC(1258) Survivor regions: 20->32(32)
[632.592s][info][gc,heap     ] GC(1258) Old regions: 74->84
[632.592s][info][gc,heap     ] GC(1258) Humongous regions: 5->3
[632.592s][info][gc,metaspace] GC(1258) Metaspace: 43139K(43584K)->43139K(43584K) NonClass: 38796K(39040K)->38796K(39040K) Class: 4343K(4544K)->4343K(4544K)
[632.592s][info][gc          ] GC(1258) Pause Young (Mixed) (G1 Evacuation Pause) 326M->119M(416M) 36.017ms
[632.592s][info][gc,cpu      ] GC(1258) User=0.08s Sys=0.00s Real=0.03s
[633.483s][info][gc,start    ] GC(1259) Pause Young (Normal) (G1 Evacuation Pause)
[633.483s][info][gc,task     ] GC(1259) Using 2 workers of 2 for evacuation
[633.570s][info][gc,phases   ] GC(1259)   Pre Evacuate Collection Set: 0.22ms
[633.571s][info][gc,phases   ] GC(1259)   Merge Heap Roots: 0.16ms
[633.571s][info][gc,phases   ] GC(1259)   Evacuate Collection Set: 86.24ms
[633.571s][info][gc,phases   ] GC(1259)   Post Evacuate Collection Set: 0.62ms
[633.571s][info][gc,phases   ] GC(1259)   Other: 0.10ms
[633.571s][info][gc,heap     ] GC(1259) Eden regions: 217->0(138)
[633.571s][info][gc,heap     ] GC(1259) Survivor regions: 32->32(32)
[633.571s][info][gc,heap     ] GC(1259) Old regions: 84->153
[633.571s][info][gc,heap     ] GC(1259) Humongous regions: 4->4
[633.571s][info][gc,metaspace] GC(1259) Metaspace: 43139K(43584K)->43139K(43584K) NonClass: 38796K(39040K)->38796K(39040K) Class: 4343K(4544K)->4343K(4544K)
[633.571s][info][gc          ] GC(1259) Pause Young (Normal) (G1 Evacuation Pause) 337M->189M(438M) 87.583ms
[633.571s][info][gc,cpu      ] GC(1259) User=0.16s Sys=0.02s Real=0.09s
[634.093s][info][gc,start    ] GC(1260) Pause Young (Concurrent Start) (G1 Evacuation Pause)
[634.093s][info][gc,task     ] GC(1260) Using 2 workers of 2 for evacuation
[634.130s][info][gc,phases   ] GC(1260)   Pre Evacuate Collection Set: 0.25ms
[634.130s][info][gc,phases   ] GC(1260)   Merge Heap Roots: 0.30ms
[634.130s][info][gc,phases   ] GC(1260)   Evacuate Collection Set: 35.11ms
[634.130s][info][gc,phases   ] GC(1260)   Post Evacuate Collection Set: 0.49ms
[634.130s][info][gc,phases   ] GC(1260)   Other: 0.12ms
[634.130s][info][gc,heap     ] GC(1260) Eden regions: 138->0(139)
[634.130s][info][gc,heap     ] GC(1260) Survivor regions: 32->14(22)
[634.130s][info][gc,heap     ] GC(1260) Old regions: 153->185
[634.130s][info][gc,heap     ] GC(1260) Humongous regions: 4->4
[634.130s][info][gc,metaspace] GC(1260) Metaspace: 43139K(43584K)->43139K(43584K) NonClass: 38796K(39040K)->38796K(39040K) Class: 4343K(4544K)->4343K(4544K)
[634.130s][info][gc          ] GC(1260) Pause Young (Concurrent Start) (G1 Evacuation Pause) 327M->202M(438M) 36.558ms
[634.130s][info][gc          ] GC(1261) Concurrent Mark Cycle
[634.130s][info][gc,marking  ] GC(1261) Concurrent Scan Root Regions
[634.131s][info][gc,cpu      ] GC(1260) User=0.07s Sys=0.00s Real=0.04s
[634.153s][info][gc,marking  ] GC(1261) Concurrent Scan Root Regions 22.573ms
[634.153s][info][gc,marking  ] GC(1261) Concurrent Mark
[634.153s][info][gc,marking  ] GC(1261) Concurrent Mark From Roots
[634.153s][info][gc,task     ] GC(1261) Using 1 workers of 1 for marking
[634.244s][info][gc,marking  ] GC(1261) Concurrent Mark From Roots 91.079ms
[634.244s][info][gc,marking  ] GC(1261) Concurrent Preclean
[634.244s][info][gc,marking  ] GC(1261) Concurrent Preclean 0.058ms
[634.244s][info][gc,start    ] GC(1261) Pause Remark
[634.261s][info][gc          ] GC(1261) Pause Remark 228M->192M(438M) 17.000ms
[634.261s][info][gc,cpu      ] GC(1261) User=0.03s Sys=0.00s Real=0.02s
[634.261s][info][gc,marking  ] GC(1261) Concurrent Mark 108.489ms
[634.261s][info][gc,marking  ] GC(1261) Concurrent Rebuild Remembered Sets and Scrub Regions
[634.312s][info][gc,marking  ] GC(1261) Concurrent Rebuild Remembered Sets and Scrub Regions 50.611ms
[634.312s][info][gc,start    ] GC(1261) Pause Cleanup
[634.312s][info][gc          ] GC(1261) Pause Cleanup 205M->205M(438M) 0.083ms
[634.312s][info][gc,cpu      ] GC(1261) User=0.00s Sys=0.00s Real=0.00s
[634.312s][info][gc,marking  ] GC(1261) Concurrent Clear Claimed Marks
[634.312s][info][gc,marking  ] GC(1261) Concurrent Clear Claimed Marks 0.039ms
[634.312s][info][gc,marking  ] GC(1261) Concurrent Cleanup for Next Mark
[634.314s][info][gc,marking  ] GC(1261) Concurrent Cleanup for Next Mark 1.879ms
[634.314s][info][gc          ] GC(1261) Concurrent Mark Cycle 184.117ms
[634.691s][info][gc,start    ] GC(1262) Pause Young (Prepare Mixed) (G1 Evacuation Pause)
[634.691s][info][gc,task     ] GC(1262) Using 2 workers of 2 for evacuation
[634.735s][info][gc,phases   ] GC(1262)   Pre Evacuate Collection Set: 0.23ms
[634.735s][info][gc,phases   ] GC(1262)   Merge Heap Roots: 0.14ms
[634.735s][info][gc,phases   ] GC(1262)   Evacuate Collection Set: 43.00ms
[634.735s][info][gc,phases   ] GC(1262)   Post Evacuate Collection Set: 0.53ms
[634.735s][info][gc,phases   ] GC(1262)   Other: 0.09ms
[634.735s][info][gc,heap     ] GC(1262) Eden regions: 139->0(109)
[634.735s][info][gc,heap     ] GC(1262) Survivor regions: 14->20(20)
[634.735s][info][gc,heap     ] GC(1262) Old regions: 149->197
[634.736s][info][gc,heap     ] GC(1262) Humongous regions: 5->5
[634.736s][info][gc,metaspace] GC(1262) Metaspace: 43139K(43584K)->43139K(43584K) NonClass: 38796K(39040K)->38796K(39040K) Class: 4343K(4544K)->4343K(4544K)
[634.736s][info][gc          ] GC(1262) Pause Young (Prepare Mixed) (G1 Evacuation Pause) 306M->222M(438M) 44.247ms
[634.736s][info][gc,cpu      ] GC(1262) User=0.09s Sys=0.00s Real=0.05s
[635.169s][info][gc,start    ] GC(1263) Pause Young (Mixed) (G1 Evacuation Pause)
[635.169s][info][gc,task     ] GC(1263) Using 2 workers of 2 for evacuation
[635.235s][info][gc,phases   ] GC(1263)   Pre Evacuate Collection Set: 0.29ms
[635.235s][info][gc,phases   ] GC(1263)   Merge Heap Roots: 0.38ms
[635.235s][info][gc,phases   ] GC(1263)   Evacuate Collection Set: 64.37ms
[635.235s][info][gc,phases   ] GC(1263)   Post Evacuate Collection Set: 0.58ms
[635.235s][info][gc,phases   ] GC(1263)   Other: 0.09ms
[635.235s][info][gc,heap     ] GC(1263) Eden regions: 109->0(87)
[635.235s][info][gc,heap     ] GC(1263) Survivor regions: 20->17(17)
[635.235s][info][gc,heap     ] GC(1263) Old regions: 197->223
[635.235s][info][gc,heap     ] GC(1263) Humongous regions: 6->6
[635.235s][info][gc,metaspace] GC(1263) Metaspace: 43139K(43584K)->43139K(43584K) NonClass: 38796K(39040K)->38796K(39040K) Class: 4343K(4544K)->4343K(4544K)
[635.235s][info][gc          ] GC(1263) Pause Young (Mixed) (G1 Evacuation Pause) 332M->245M(438M) 65.954ms
[635.235s][info][gc,cpu      ] GC(1263) User=0.13s Sys=0.00s Real=0.07s
[635.566s][info][gc,start    ] GC(1264) Pause Young (Concurrent Start) (G1 Evacuation Pause)
[635.566s][info][gc,task     ] GC(1264) Using 2 workers of 2 for evacuation
[635.627s][info][gc,phases   ] GC(1264)   Pre Evacuate Collection Set: 0.30ms
[635.627s][info][gc,phases   ] GC(1264)   Merge Heap Roots: 0.29ms
[635.627s][info][gc,phases   ] GC(1264)   Evacuate Collection Set: 59.81ms
[635.627s][info][gc,phases   ] GC(1264)   Post Evacuate Collection Set: 0.99ms
[635.627s][info][gc,phases   ] GC(1264)   Other: 0.13ms
[635.627s][info][gc,heap     ] GC(1264) Eden regions: 87->0(79)
[635.627s][info][gc,heap     ] GC(1264) Survivor regions: 17->13(13)
[635.627s][info][gc,heap     ] GC(1264) Old regions: 223->287
[635.627s][info][gc,heap     ] GC(1264) Humongous regions: 6->6
[635.627s][info][gc,metaspace] GC(1264) Metaspace: 43139K(43584K)->43139K(43584K) NonClass: 38796K(39040K)->38796K(39040K) Class: 4343K(4544K)->4343K(4544K)
[635.627s][info][gc          ] GC(1264) Pause Young (Concurrent Start) (G1 Evacuation Pause) 332M->306M(499M) 61.759ms
[635.627s][info][gc,cpu      ] GC(1264) User=0.12s Sys=0.00s Real=0.06s
[635.627s][info][gc          ] GC(1265) Concurrent Mark Cycle
[635.628s][info][gc,marking  ] GC(1265) Concurrent Scan Root Regions
[635.660s][info][gc,marking  ] GC(1265) Concurrent Scan Root Regions 32.907ms
[635.660s][info][gc,marking  ] GC(1265) Concurrent Mark
[635.660s][info][gc,marking  ] GC(1265) Concurrent Mark From Roots
[635.660s][info][gc,task     ] GC(1265) Using 1 workers of 1 for marking
[635.823s][info][gc,marking  ] GC(1265) Concurrent Mark From Roots 162.916ms
[635.823s][info][gc,marking  ] GC(1265) Concurrent Preclean
[635.824s][info][gc,marking  ] GC(1265) Concurrent Preclean 0.060ms
[635.824s][info][gc,start    ] GC(1265) Pause Remark
[635.841s][info][gc          ] GC(1265) Pause Remark 346M->307M(499M) 17.143ms
[635.841s][info][gc,cpu      ] GC(1265) User=0.03s Sys=0.00s Real=0.02s
[635.841s][info][gc,marking  ] GC(1265) Concurrent Mark 180.480ms
[635.841s][info][gc,marking  ] GC(1265) Concurrent Rebuild Remembered Sets and Scrub Regions
[635.948s][info][gc,marking  ] GC(1265) Concurrent Rebuild Remembered Sets and Scrub Regions 107.516ms
[635.949s][info][gc,start    ] GC(1265) Pause Cleanup
[635.949s][info][gc          ] GC(1265) Pause Cleanup 325M->325M(499M) 0.093ms
[635.949s][info][gc,cpu      ] GC(1265) User=0.00s Sys=0.00s Real=0.00s
[635.949s][info][gc,marking  ] GC(1265) Concurrent Clear Claimed Marks
[635.949s][info][gc,marking  ] GC(1265) Concurrent Clear Claimed Marks 0.040ms
[635.949s][info][gc,marking  ] GC(1265) Concurrent Cleanup for Next Mark
[635.951s][info][gc,marking  ] GC(1265) Concurrent Cleanup for Next Mark 2.255ms
[635.951s][info][gc          ] GC(1265) Concurrent Mark Cycle 323.719ms
[636.068s][info][gc,start    ] GC(1266) Pause Young (Prepare Mixed) (G1 Evacuation Pause)
[636.068s][info][gc,task     ] GC(1266) Using 2 workers of 2 for evacuation
[636.121s][info][gc,phases   ] GC(1266)   Pre Evacuate Collection Set: 0.26ms
[636.121s][info][gc,phases   ] GC(1266)   Merge Heap Roots: 0.42ms
[636.121s][info][gc,phases   ] GC(1266)   Evacuate Collection Set: 52.17ms
[636.121s][info][gc,phases   ] GC(1266)   Post Evacuate Collection Set: 0.48ms
[636.121s][info][gc,phases   ] GC(1266)   Other: 0.12ms
[636.121s][info][gc,heap     ] GC(1266) Eden regions: 79->0(78)
[636.121s][info][gc,heap     ] GC(1266) Survivor regions: 13->12(12)
[636.121s][info][gc,heap     ] GC(1266) Old regions: 249->292
[636.121s][info][gc,heap     ] GC(1266) Humongous regions: 6->6
[636.121s][info][gc,metaspace] GC(1266) Metaspace: 43139K(43584K)->43139K(43584K) NonClass: 38796K(39040K)->38796K(39040K) Class: 4343K(4544K)->4343K(4544K)
[636.121s][info][gc          ] GC(1266) Pause Young (Prepare Mixed) (G1 Evacuation Pause) 347M->310M(499M) 53.729ms
[636.122s][info][gc,cpu      ] GC(1266) User=0.10s Sys=0.01s Real=0.05s
[636.410s][info][gc,start    ] GC(1267) Pause Young (Mixed) (G1 Evacuation Pause)
[636.410s][info][gc,task     ] GC(1267) Using 2 workers of 2 for evacuation
[636.456s][info][gc,phases   ] GC(1267)   Pre Evacuate Collection Set: 0.38ms
[636.456s][info][gc,phases   ] GC(1267)   Merge Heap Roots: 0.43ms
[636.456s][info][gc,phases   ] GC(1267)   Evacuate Collection Set: 44.60ms
[636.456s][info][gc,phases   ] GC(1267)   Post Evacuate Collection Set: 0.46ms
[636.456s][info][gc,phases   ] GC(1267)   Other: 0.10ms
[636.456s][info][gc,heap     ] GC(1267) Eden regions: 78->0(82)
[636.456s][info][gc,heap     ] GC(1267) Survivor regions: 12->12(12)
[636.456s][info][gc,heap     ] GC(1267) Old regions: 292->288
[636.456s][info][gc,heap     ] GC(1267) Humongous regions: 7->7
[636.456s][info][gc,metaspace] GC(1267) Metaspace: 43139K(43584K)->43139K(43584K) NonClass: 38796K(39040K)->38796K(39040K) Class: 4343K(4544K)->4343K(4544K)
[636.456s][info][gc          ] GC(1267) Pause Young (Mixed) (G1 Evacuation Pause) 389M->307M(499M) 46.230ms
[636.456s][info][gc,cpu      ] GC(1267) User=0.09s Sys=0.00s Real=0.05s
[636.757s][info][gc,start    ] GC(1268) Pause Young (Concurrent Start) (G1 Evacuation Pause)
[636.757s][info][gc,task     ] GC(1268) Using 2 workers of 2 for evacuation
[636.772s][info][gc,phases   ] GC(1268)   Pre Evacuate Collection Set: 0.28ms
[636.772s][info][gc,phases   ] GC(1268)   Merge Heap Roots: 0.13ms
[636.772s][info][gc,phases   ] GC(1268)   Evacuate Collection Set: 13.72ms
[636.772s][info][gc,phases   ] GC(1268)   Post Evacuate Collection Set: 0.39ms
[636.772s][info][gc,phases   ] GC(1268)   Other: 0.10ms
[636.772s][info][gc,heap     ] GC(1268) Eden regions: 82->0(87)
[636.772s][info][gc,heap     ] GC(1268) Survivor regions: 12->7(12)
[636.772s][info][gc,heap     ] GC(1268) Old regions: 288->300
[636.772s][info][gc,heap     ] GC(1268) Humongous regions: 7->7
[636.772s][info][gc,metaspace] GC(1268) Metaspace: 43139K(43584K)->43139K(43584K) NonClass: 38796K(39040K)->38796K(39040K) Class: 4343K(4544K)->4343K(4544K)
[636.772s][info][gc          ] GC(1268) Pause Young (Concurrent Start) (G1 Evacuation Pause) 389M->313M(499M) 14.887ms
[636.772s][info][gc          ] GC(1269) Concurrent Mark Cycle
[636.772s][info][gc,marking  ] GC(1269) Concurrent Scan Root Regions
[636.773s][info][gc,cpu      ] GC(1268) User=0.03s Sys=0.00s Real=0.01s
[636.780s][info][gc,marking  ] GC(1269) Concurrent Scan Root Regions 8.173ms
[636.780s][info][gc,marking  ] GC(1269) Concurrent Mark
[636.780s][info][gc,marking  ] GC(1269) Concurrent Mark From Roots
[636.780s][info][gc,task     ] GC(1269) Using 1 workers of 1 for marking
[636.871s][info][gc,marking  ] GC(1269) Concurrent Mark From Roots 90.778ms
[636.871s][info][gc,marking  ] GC(1269) Concurrent Preclean
[636.871s][info][gc,marking  ] GC(1269) Concurrent Preclean 0.068ms
[636.871s][info][gc,start    ] GC(1269) Pause Remark
[636.888s][info][gc          ] GC(1269) Pause Remark 335M->228M(499M) 16.665ms
[636.888s][info][gc,cpu      ] GC(1269) User=0.03s Sys=0.00s Real=0.02s
[636.888s][info][gc,marking  ] GC(1269) Concurrent Mark 107.811ms
[636.888s][info][gc,marking  ] GC(1269) Concurrent Rebuild Remembered Sets and Scrub Regions
[636.931s][info][gc,marking  ] GC(1269) Concurrent Rebuild Remembered Sets and Scrub Regions 42.768ms
[636.931s][info][gc,start    ] GC(1269) Pause Cleanup
[636.931s][info][gc          ] GC(1269) Pause Cleanup 239M->239M(499M) 0.148ms
[636.931s][info][gc,cpu      ] GC(1269) User=0.00s Sys=0.00s Real=0.00s
[636.931s][info][gc,marking  ] GC(1269) Concurrent Clear Claimed Marks
[636.931s][info][gc,marking  ] GC(1269) Concurrent Clear Claimed Marks 0.039ms
[636.931s][info][gc,marking  ] GC(1269) Concurrent Cleanup for Next Mark
[636.933s][info][gc,marking  ] GC(1269) Concurrent Cleanup for Next Mark 1.472ms
[636.933s][info][gc          ] GC(1269) Concurrent Mark Cycle 160.769ms
[637.126s][info][gc,start    ] GC(1270) Pause Young (Prepare Mixed) (G1 Evacuation Pause)
[637.126s][info][gc,task     ] GC(1270) Using 2 workers of 2 for evacuation
[637.131s][info][gc,phases   ] GC(1270)   Pre Evacuate Collection Set: 0.25ms
[637.131s][info][gc,phases   ] GC(1270)   Merge Heap Roots: 0.08ms
[637.131s][info][gc,phases   ] GC(1270)   Evacuate Collection Set: 4.55ms
[637.131s][info][gc,phases   ] GC(1270)   Post Evacuate Collection Set: 0.44ms
[637.131s][info][gc,phases   ] GC(1270)   Other: 0.08ms
[637.131s][info][gc,heap     ] GC(1270) Eden regions: 87->0(158)
[637.131s][info][gc,heap     ] GC(1270) Survivor regions: 7->5(12)
[637.131s][info][gc,heap     ] GC(1270) Old regions: 196->197
[637.131s][info][gc,heap     ] GC(1270) Humongous regions: 4->4
[637.131s][info][gc,metaspace] GC(1270) Metaspace: 43139K(43584K)->43139K(43584K) NonClass: 38796K(39040K)->38796K(39040K) Class: 4343K(4544K)->4343K(4544K)
[637.131s][info][gc          ] GC(1270) Pause Young (Prepare Mixed) (G1 Evacuation Pause) 293M->205M(499M) 5.633ms
[637.131s][info][gc,cpu      ] GC(1270) User=0.01s Sys=0.00s Real=0.00s
[637.737s][info][gc,start    ] GC(1271) Pause Young (Mixed) (G1 Evacuation Pause)
[637.737s][info][gc,task     ] GC(1271) Using 2 workers of 2 for evacuation
[637.747s][info][gc,phases   ] GC(1271)   Pre Evacuate Collection Set: 0.26ms
[637.747s][info][gc,phases   ] GC(1271)   Merge Heap Roots: 0.10ms
[637.747s][info][gc,phases   ] GC(1271)   Evacuate Collection Set: 8.60ms
[637.747s][info][gc,phases   ] GC(1271)   Post Evacuate Collection Set: 0.47ms
[637.747s][info][gc,phases   ] GC(1271)   Other: 0.07ms
[637.747s][info][gc,heap     ] GC(1271) Eden regions: 158->0(194)
[637.747s][info][gc,heap     ] GC(1271) Survivor regions: 5->12(21)
[637.747s][info][gc,heap     ] GC(1271) Old regions: 197->147
[637.747s][info][gc,heap     ] GC(1271) Humongous regions: 5->4
[637.747s][info][gc,metaspace] GC(1271) Metaspace: 43139K(43584K)->43139K(43584K) NonClass: 38796K(39040K)->38796K(39040K) Class: 4343K(4544K)->4343K(4544K)
[637.747s][info][gc          ] GC(1271) Pause Young (Mixed) (G1 Evacuation Pause) 364M->162M(499M) 9.736ms
[637.747s][info][gc,cpu      ] GC(1271) User=0.02s Sys=0.00s Real=0.01s
[638.477s][info][gc,start    ] GC(1272) Pause Young (Mixed) (G1 Evacuation Pause)
[638.477s][info][gc,task     ] GC(1272) Using 2 workers of 2 for evacuation
[638.488s][info][gc,phases   ] GC(1272)   Pre Evacuate Collection Set: 0.41ms
[638.488s][info][gc,phases   ] GC(1272)   Merge Heap Roots: 0.20ms
[638.488s][info][gc,phases   ] GC(1272)   Evacuate Collection Set: 9.99ms
[638.488s][info][gc,phases   ] GC(1272)   Post Evacuate Collection Set: 0.52ms
[638.488s][info][gc,phases   ] GC(1272)   Other: 0.07ms
[638.488s][info][gc,heap     ] GC(1272) Eden regions: 194->0(233)
[638.488s][info][gc,heap     ] GC(1272) Survivor regions: 12->12(26)
[638.488s][info][gc,heap     ] GC(1272) Old regions: 147->101
[638.488s][info][gc,heap     ] GC(1272) Humongous regions: 6->5
[638.488s][info][gc,metaspace] GC(1272) Metaspace: 43139K(43584K)->43139K(43584K) NonClass: 38796K(39040K)->38796K(39040K) Class: 4343K(4544K)->4343K(4544K)
[638.488s][info][gc          ] GC(1272) Pause Young (Mixed) (G1 Evacuation Pause) 358M->116M(499M) 11.430ms
[638.488s][info][gc,cpu      ] GC(1272) User=0.02s Sys=0.00s Real=0.01s
[639.316s][info][gc,start    ] GC(1273) Pause Young (Normal) (G1 Evacuation Pause)
[639.316s][info][gc,task     ] GC(1273) Using 2 workers of 2 for evacuation
[639.329s][info][gc,phases   ] GC(1273)   Pre Evacuate Collection Set: 0.26ms
[639.329s][info][gc,phases   ] GC(1273)   Merge Heap Roots: 0.09ms
[639.329s][info][gc,phases   ] GC(1273)   Evacuate Collection Set: 11.44ms
[639.329s][info][gc,phases   ] GC(1273)   Post Evacuate Collection Set: 0.55ms
[639.329s][info][gc,phases   ] GC(1273)   Other: 0.09ms
[639.329s][info][gc,heap     ] GC(1273) Eden regions: 233->0(244)
[639.329s][info][gc,heap     ] GC(1273) Survivor regions: 12->17(31)
[639.329s][info][gc,heap     ] GC(1273) Old regions: 101->101
[639.329s][info][gc,heap     ] GC(1273) Humongous regions: 7->4
[639.329s][info][gc,metaspace] GC(1273) Metaspace: 43139K(43584K)->43139K(43584K) NonClass: 38796K(39040K)->38796K(39040K) Class: 4343K(4544K)->4343K(4544K)
[639.329s][info][gc          ] GC(1273) Pause Young (Normal) (G1 Evacuation Pause) 351M->120M(499M) 12.667ms
[639.329s][info][gc,cpu      ] GC(1273) User=0.02s Sys=0.00s Real=0.01s
[640.213s][info][gc,start    ] GC(1274) Pause Young (Normal) (G1 Evacuation Pause)
[640.213s][info][gc,task     ] GC(1274) Using 2 workers of 2 for evacuation
[640.223s][info][gc,phases   ] GC(1274)   Pre Evacuate Collection Set: 0.25ms
[640.223s][info][gc,phases   ] GC(1274)   Merge Heap Roots: 0.10ms
[640.223s][info][gc,phases   ] GC(1274)   Evacuate Collection Set: 9.48ms
[640.223s][info][gc,phases   ] GC(1274)   Post Evacuate Collection Set: 0.55ms
[640.223s][info][gc,phases   ] GC(1274)   Other: 0.11ms
[640.223s][info][gc,heap     ] GC(1274) Eden regions: 244->0(263)
[640.223s][info][gc,heap     ] GC(1274) Survivor regions: 17->12(33)
[640.223s][info][gc,heap     ] GC(1274) Old regions: 101->101
[640.223s][info][gc,heap     ] GC(1274) Humongous regions: 7->4
[640.223s][info][gc,metaspace] GC(1274) Metaspace: 43139K(43584K)->43139K(43584K) NonClass: 38796K(39040K)->38796K(39040K) Class: 4343K(4544K)->4343K(4544K)
[640.223s][info][gc          ] GC(1274) Pause Young (Normal) (G1 Evacuation Pause) 367M->116M(499M) 10.730ms
[640.223s][info][gc,cpu      ] GC(1274) User=0.03s Sys=0.00s Real=0.01s
[641.071s][info][gc,start    ] GC(1275) Pause Young (Normal) (G1 Evacuation Pause)
[641.071s][info][gc,task     ] GC(1275) Using 2 workers of 2 for evacuation
[641.087s][info][gc,phases   ] GC(1275)   Pre Evacuate Collection Set: 0.28ms
[641.087s][info][gc,phases   ] GC(1275)   Merge Heap Roots: 0.11ms
[641.087s][info][gc,phases   ] GC(1275)   Evacuate Collection Set: 15.48ms
[641.087s][info][gc,phases   ] GC(1275)   Post Evacuate Collection Set: 0.59ms
[641.087s][info][gc,phases   ] GC(1275)   Other: 0.12ms
[641.087s][info][gc,heap     ] GC(1275) Eden regions: 263->0(264)
[641.087s][info][gc,heap     ] GC(1275) Survivor regions: 12->23(35)
[641.087s][info][gc,heap     ] GC(1275) Old regions: 101->101
[641.087s][info][gc,heap     ] GC(1275) Humongous regions: 6->4
[641.087s][info][gc,metaspace] GC(1275) Metaspace: 43139K(43584K)->43139K(43584K) NonClass: 38796K(39040K)->38796K(39040K) Class: 4343K(4544K)->4343K(4544K)
[641.087s][info][gc          ] GC(1275) Pause Young (Normal) (G1 Evacuation Pause) 381M->127M(499M) 16.820ms
[641.087s][info][gc,cpu      ] GC(1275) User=0.03s Sys=0.00s Real=0.02s
[641.351s][info][gc,start    ] GC(1276) Pause Young (Concurrent Start) (G1 Humongous Allocation)
[641.351s][info][gc,task     ] GC(1276) Using 2 workers of 2 for evacuation
[641.366s][info][gc,phases   ] GC(1276)   Pre Evacuate Collection Set: 0.30ms
[641.366s][info][gc,phases   ] GC(1276)   Merge Heap Roots: 0.07ms
[641.366s][info][gc,phases   ] GC(1276)   Evacuate Collection Set: 13.85ms
[641.366s][info][gc,phases   ] GC(1276)   Post Evacuate Collection Set: 0.43ms
[641.366s][info][gc,phases   ] GC(1276)   Other: 0.13ms
[641.366s][info][gc,heap     ] GC(1276) Eden regions: 80->0(278)
[641.366s][info][gc,heap     ] GC(1276) Survivor regions: 23->15(36)
[641.366s][info][gc,heap     ] GC(1276) Old regions: 101->108
[641.366s][info][gc,heap     ] GC(1276) Humongous regions: 4->4
[641.366s][info][gc,metaspace] GC(1276) Metaspace: 43139K(43584K)->43139K(43584K) NonClass: 38796K(39040K)->38796K(39040K) Class: 4343K(4544K)->4343K(4544K)
[641.366s][info][gc          ] GC(1276) Pause Young (Concurrent Start) (G1 Humongous Allocation) 206M->127M(499M) 15.027ms
[641.366s][info][gc          ] GC(1277) Concurrent Mark Cycle
[641.366s][info][gc,marking  ] GC(1277) Concurrent Scan Root Regions
[641.366s][info][gc,cpu      ] GC(1276) User=0.03s Sys=0.00s Real=0.02s
[641.381s][info][gc,marking  ] GC(1277) Concurrent Scan Root Regions 14.938ms
[641.381s][info][gc,marking  ] GC(1277) Concurrent Mark
[641.381s][info][gc,marking  ] GC(1277) Concurrent Mark From Roots
[641.381s][info][gc,task     ] GC(1277) Using 1 workers of 1 for marking
[641.451s][info][gc,marking  ] GC(1277) Concurrent Mark From Roots 70.418ms
[641.451s][info][gc,marking  ] GC(1277) Concurrent Preclean
[641.451s][info][gc,marking  ] GC(1277) Concurrent Preclean 0.055ms
[641.452s][info][gc,start    ] GC(1277) Pause Remark
[641.468s][info][gc          ] GC(1277) Pause Remark 150M->118M(320M) 16.682ms
[641.468s][info][gc,cpu      ] GC(1277) User=0.03s Sys=0.00s Real=0.02s
[641.469s][info][gc,marking  ] GC(1277) Concurrent Mark 88.117ms
[641.469s][info][gc,marking  ] GC(1277) Concurrent Rebuild Remembered Sets and Scrub Regions
[641.501s][info][gc,marking  ] GC(1277) Concurrent Rebuild Remembered Sets and Scrub Regions 32.143ms
[641.501s][info][gc,start    ] GC(1277) Pause Cleanup
[641.501s][info][gc          ] GC(1277) Pause Cleanup 127M->127M(320M) 0.055ms
[641.501s][info][gc,cpu      ] GC(1277) User=0.00s Sys=0.00s Real=0.00s
[641.501s][info][gc,marking  ] GC(1277) Concurrent Clear Claimed Marks
[641.501s][info][gc,marking  ] GC(1277) Concurrent Clear Claimed Marks 0.037ms
[641.501s][info][gc,marking  ] GC(1277) Concurrent Cleanup for Next Mark
[641.502s][info][gc,marking  ] GC(1277) Concurrent Cleanup for Next Mark 0.957ms
[641.502s][info][gc          ] GC(1277) Concurrent Mark Cycle 136.614ms
[641.964s][info][gc,start    ] GC(1278) Pause Young (Prepare Mixed) (G1 Evacuation Pause)
[641.964s][info][gc,task     ] GC(1278) Using 2 workers of 2 for evacuation
[641.976s][info][gc,phases   ] GC(1278)   Pre Evacuate Collection Set: 0.26ms
[641.976s][info][gc,phases   ] GC(1278)   Merge Heap Roots: 0.11ms
[641.976s][info][gc,phases   ] GC(1278)   Evacuate Collection Set: 11.09ms
[641.976s][info][gc,phases   ] GC(1278)   Post Evacuate Collection Set: 0.48ms
[641.976s][info][gc,phases   ] GC(1278)   Other: 0.08ms
[641.976s][info][gc,heap     ] GC(1278) Eden regions: 177->0(180)
[641.976s][info][gc,heap     ] GC(1278) Survivor regions: 15->4(24)
[641.976s][info][gc,heap     ] GC(1278) Old regions: 77->91
[641.976s][info][gc,heap     ] GC(1278) Humongous regions: 4->1
[641.976s][info][gc,metaspace] GC(1278) Metaspace: 43139K(43584K)->43139K(43584K) NonClass: 38796K(39040K)->38796K(39040K) Class: 4343K(4544K)->4343K(4544K)
[641.976s][info][gc          ] GC(1278) Pause Young (Prepare Mixed) (G1 Evacuation Pause) 273M->96M(320M) 12.262ms
[641.977s][info][gc,cpu      ] GC(1278) User=0.03s Sys=0.00s Real=0.02s
[642.328s][info][gc,start    ] GC(1279) Pause Young (Mixed) (G1 Evacuation Pause)
[642.328s][info][gc,task     ] GC(1279) Using 2 workers of 2 for evacuation
[642.332s][info][gc,phases   ] GC(1279)   Pre Evacuate Collection Set: 0.29ms
[642.332s][info][gc,phases   ] GC(1279)   Merge Heap Roots: 0.09ms
[642.332s][info][gc,phases   ] GC(1279)   Evacuate Collection Set: 3.00ms
[642.332s][info][gc,phases   ] GC(1279)   Post Evacuate Collection Set: 0.44ms
[642.332s][info][gc,phases   ] GC(1279)   Other: 0.07ms
[642.332s][info][gc,heap     ] GC(1279) Eden regions: 180->0(187)
[642.332s][info][gc,heap     ] GC(1279) Survivor regions: 4->5(23)
[642.332s][info][gc,heap     ] GC(1279) Old regions: 91->85
[642.332s][info][gc,heap     ] GC(1279) Humongous regions: 1->1
[642.332s][info][gc,metaspace] GC(1279) Metaspace: 43139K(43584K)->43139K(43584K) NonClass: 38796K(39040K)->38796K(39040K) Class: 4343K(4544K)->4343K(4544K)
[642.332s][info][gc          ] GC(1279) Pause Young (Mixed) (G1 Evacuation Pause) 276M->90M(320M) 4.086ms
[642.332s][info][gc,cpu      ] GC(1279) User=0.00s Sys=0.00s Real=0.00s
[642.688s][info][gc,start    ] GC(1280) Pause Young (Concurrent Start) (G1 Evacuation Pause)
[642.688s][info][gc,task     ] GC(1280) Using 2 workers of 2 for evacuation
[642.692s][info][gc,phases   ] GC(1280)   Pre Evacuate Collection Set: 0.21ms
[642.692s][info][gc,phases   ] GC(1280)   Merge Heap Roots: 0.07ms
[642.692s][info][gc,phases   ] GC(1280)   Evacuate Collection Set: 3.68ms
[642.692s][info][gc,phases   ] GC(1280)   Post Evacuate Collection Set: 0.48ms
[642.692s][info][gc,phases   ] GC(1280)   Other: 0.09ms
[642.692s][info][gc,heap     ] GC(1280) Eden regions: 187->0(187)
[642.692s][info][gc,heap     ] GC(1280) Survivor regions: 5->5(24)
[642.692s][info][gc,heap     ] GC(1280) Old regions: 85->85
[642.692s][info][gc,heap     ] GC(1280) Humongous regions: 1->1
[642.692s][info][gc,metaspace] GC(1280) Metaspace: 43139K(43584K)->43139K(43584K) NonClass: 38796K(39040K)->38796K(39040K) Class: 4343K(4544K)->4343K(4544K)
[642.692s][info][gc          ] GC(1280) Pause Young (Concurrent Start) (G1 Evacuation Pause) 277M->90M(320M) 4.727ms
[642.692s][info][gc,cpu      ] GC(1280) User=0.00s Sys=0.00s Real=0.00s
[642.692s][info][gc          ] GC(1281) Concurrent Mark Cycle
[642.692s][info][gc,marking  ] GC(1281) Concurrent Scan Root Regions
[642.696s][info][gc,marking  ] GC(1281) Concurrent Scan Root Regions 3.576ms
[642.696s][info][gc,marking  ] GC(1281) Concurrent Mark
[642.696s][info][gc,marking  ] GC(1281) Concurrent Mark From Roots
[642.696s][info][gc,task     ] GC(1281) Using 1 workers of 1 for marking
[642.783s][info][gc,marking  ] GC(1281) Concurrent Mark From Roots 86.502ms
[642.783s][info][gc,marking  ] GC(1281) Concurrent Preclean
[642.783s][info][gc,marking  ] GC(1281) Concurrent Preclean 0.055ms
[642.783s][info][gc,start    ] GC(1281) Pause Remark
[642.800s][info][gc          ] GC(1281) Pause Remark 115M->102M(267M) 17.429ms
[642.800s][info][gc,cpu      ] GC(1281) User=0.03s Sys=0.00s Real=0.02s
[642.800s][info][gc,marking  ] GC(1281) Concurrent Mark 104.354ms
[642.800s][info][gc,marking  ] GC(1281) Concurrent Rebuild Remembered Sets and Scrub Regions
[642.850s][info][gc,marking  ] GC(1281) Concurrent Rebuild Remembered Sets and Scrub Regions 49.254ms
[642.850s][info][gc,start    ] GC(1281) Pause Cleanup
[642.850s][info][gc          ] GC(1281) Pause Cleanup 116M->116M(267M) 0.071ms
[642.850s][info][gc,cpu      ] GC(1281) User=0.00s Sys=0.00s Real=0.00s
[642.850s][info][gc,marking  ] GC(1281) Concurrent Clear Claimed Marks
[642.850s][info][gc,marking  ] GC(1281) Concurrent Clear Claimed Marks 0.037ms
[642.850s][info][gc,marking  ] GC(1281) Concurrent Cleanup for Next Mark
[642.851s][info][gc,marking  ] GC(1281) Concurrent Cleanup for Next Mark 0.800ms
[642.851s][info][gc          ] GC(1281) Concurrent Mark Cycle 158.507ms
[643.230s][info][gc,start    ] GC(1282) Pause Young (Prepare Mixed) (G1 Evacuation Pause)
[643.230s][info][gc,task     ] GC(1282) Using 2 workers of 2 for evacuation
[643.241s][info][gc,phases   ] GC(1282)   Pre Evacuate Collection Set: 0.21ms
[643.241s][info][gc,phases   ] GC(1282)   Merge Heap Roots: 0.08ms
[643.241s][info][gc,phases   ] GC(1282)   Evacuate Collection Set: 9.61ms
[643.241s][info][gc,phases   ] GC(1282)   Post Evacuate Collection Set: 0.89ms
[643.241s][info][gc,phases   ] GC(1282)   Other: 0.08ms
[643.241s][info][gc,heap     ] GC(1282) Eden regions: 81->0(206)
[643.241s][info][gc,heap     ] GC(1282) Survivor regions: 5->7(25)
[643.241s][info][gc,heap     ] GC(1282) Old regions: 72->72
[643.241s][info][gc,heap     ] GC(1282) Humongous regions: 191->1
[643.241s][info][gc,metaspace] GC(1282) Metaspace: 43139K(43584K)->43139K(43584K) NonClass: 38796K(39040K)->38796K(39040K) Class: 4343K(4544K)->4343K(4544K)
[643.241s][info][gc          ] GC(1282) Pause Young (Prepare Mixed) (G1 Evacuation Pause) 348M->79M(356M) 11.112ms
[643.241s][info][gc,cpu      ] GC(1282) User=0.02s Sys=0.00s Real=0.01s
[643.735s][info][gc,start    ] GC(1283) Pause Young (Mixed) (G1 Evacuation Pause)
[643.735s][info][gc,task     ] GC(1283) Using 2 workers of 2 for evacuation
[643.757s][info][gc,phases   ] GC(1283)   Pre Evacuate Collection Set: 0.30ms
[643.757s][info][gc,phases   ] GC(1283)   Merge Heap Roots: 0.18ms
[643.757s][info][gc,phases   ] GC(1283)   Evacuate Collection Set: 20.88ms
[643.757s][info][gc,phases   ] GC(1283)   Post Evacuate Collection Set: 1.02ms
[643.757s][info][gc,phases   ] GC(1283)   Other: 0.08ms
[643.757s][info][gc,heap     ] GC(1283) Eden regions: 48->0(256)
[643.757s][info][gc,heap     ] GC(1283) Survivor regions: 7->11(30)
[643.757s][info][gc,heap     ] GC(1283) Old regions: 72->58
[643.757s][info][gc,heap     ] GC(1283) Humongous regions: 305->3
[643.757s][info][gc,metaspace] GC(1283) Metaspace: 43139K(43584K)->43139K(43584K) NonClass: 38796K(39040K)->38796K(39040K) Class: 4343K(4544K)->4343K(4544K)
[643.757s][info][gc          ] GC(1283) Pause Young (Mixed) (G1 Evacuation Pause) 431M->70M(446M) 22.688ms
[643.757s][info][gc,cpu      ] GC(1283) User=0.04s Sys=0.01s Real=0.03s
[643.879s][info][gc,start    ] GC(1284) Pause Young (Concurrent Start) (G1 Humongous Allocation)
[643.879s][info][gc,task     ] GC(1284) Using 2 workers of 2 for evacuation
[643.891s][info][gc,phases   ] GC(1284)   Pre Evacuate Collection Set: 0.26ms
[643.891s][info][gc,phases   ] GC(1284)   Merge Heap Roots: 0.06ms
[643.891s][info][gc,phases   ] GC(1284)   Evacuate Collection Set: 11.07ms
[643.891s][info][gc,phases   ] GC(1284)   Post Evacuate Collection Set: 0.77ms
[643.891s][info][gc,phases   ] GC(1284)   Other: 0.12ms
[643.891s][info][gc,heap     ] GC(1284) Eden regions: 15->0(254)
[643.891s][info][gc,heap     ] GC(1284) Survivor regions: 11->13(34)
[643.891s][info][gc,heap     ] GC(1284) Old regions: 58->58
[643.891s][info][gc,heap     ] GC(1284) Humongous regions: 77->1
[643.891s][info][gc,metaspace] GC(1284) Metaspace: 43139K(43584K)->43139K(43584K) NonClass: 38796K(39040K)->38796K(39040K) Class: 4343K(4544K)->4343K(4544K)
[643.891s][info][gc          ] GC(1284) Pause Young (Concurrent Start) (G1 Humongous Allocation) 159M->70M(446M) 12.523ms
[643.891s][info][gc          ] GC(1285) Concurrent Undo Cycle
[643.891s][info][gc,marking  ] GC(1285) Concurrent Clear Claimed Marks
[643.891s][info][gc,marking  ] GC(1285) Concurrent Clear Claimed Marks 0.037ms
[643.891s][info][gc,marking  ] GC(1285) Concurrent Cleanup for Next Mark
[643.891s][info][gc,cpu      ] GC(1284) User=0.02s Sys=0.00s Real=0.01s
[643.892s][info][gc,marking  ] GC(1285) Concurrent Cleanup for Next Mark 0.190ms
[643.892s][info][gc          ] GC(1285) Concurrent Undo Cycle 0.296ms
[643.932s][info][gc,start    ] GC(1286) Pause Young (Concurrent Start) (G1 Humongous Allocation)
[643.932s][info][gc,task     ] GC(1286) Using 2 workers of 2 for evacuation
[643.945s][info][gc,phases   ] GC(1286)   Pre Evacuate Collection Set: 0.27ms
[643.945s][info][gc,phases   ] GC(1286)   Merge Heap Roots: 0.06ms
[643.945s][info][gc,phases   ] GC(1286)   Evacuate Collection Set: 11.60ms
[643.945s][info][gc,phases   ] GC(1286)   Post Evacuate Collection Set: 0.71ms
[643.945s][info][gc,phases   ] GC(1286)   Other: 0.12ms
[643.945s][info][gc,heap     ] GC(1286) Eden regions: 4->0(254)
[643.945s][info][gc,heap     ] GC(1286) Survivor regions: 13->13(34)
[643.945s][info][gc,heap     ] GC(1286) Old regions: 58->58
[643.945s][info][gc,heap     ] GC(1286) Humongous regions: 25->1
[643.945s][info][gc,metaspace] GC(1286) Metaspace: 43139K(43584K)->43139K(43584K) NonClass: 38796K(39040K)->38796K(39040K) Class: 4343K(4544K)->4343K(4544K)
[643.945s][info][gc          ] GC(1286) Pause Young (Concurrent Start) (G1 Humongous Allocation) 98M->70M(446M) 12.986ms
[643.945s][info][gc          ] GC(1287) Concurrent Undo Cycle
[643.945s][info][gc,marking  ] GC(1287) Concurrent Clear Claimed Marks
[643.945s][info][gc,marking  ] GC(1287) Concurrent Clear Claimed Marks 0.038ms
[643.945s][info][gc,marking  ] GC(1287) Concurrent Cleanup for Next Mark
[643.945s][info][gc,cpu      ] GC(1286) User=0.02s Sys=0.00s Real=0.02s
[643.948s][info][gc,marking  ] GC(1287) Concurrent Cleanup for Next Mark 2.510ms
[643.948s][info][gc          ] GC(1287) Concurrent Undo Cycle 2.597ms
[643.998s][info][gc,start    ] GC(1288) Pause Young (Concurrent Start) (G1 Humongous Allocation)
[643.998s][info][gc,task     ] GC(1288) Using 2 workers of 2 for evacuation
[644.011s][info][gc,phases   ] GC(1288)   Pre Evacuate Collection Set: 0.29ms
[644.011s][info][gc,phases   ] GC(1288)   Merge Heap Roots: 0.06ms
[644.011s][info][gc,phases   ] GC(1288)   Evacuate Collection Set: 12.10ms
[644.011s][info][gc,phases   ] GC(1288)   Post Evacuate Collection Set: 0.65ms
[644.011s][info][gc,phases   ] GC(1288)   Other: 0.13ms
[644.011s][info][gc,heap     ] GC(1288) Eden regions: 6->0(233)
[644.011s][info][gc,heap     ] GC(1288) Survivor regions: 13->14(34)
[644.011s][info][gc,heap     ] GC(1288) Old regions: 58->58
[644.011s][info][gc,heap     ] GC(1288) Humongous regions: 27->1
[644.011s][info][gc,metaspace] GC(1288) Metaspace: 43139K(43584K)->43139K(43584K) NonClass: 38796K(39040K)->38796K(39040K) Class: 4343K(4544K)->4343K(4544K)
[644.011s][info][gc          ] GC(1288) Pause Young (Concurrent Start) (G1 Humongous Allocation) 102M->71M(446M) 13.489ms
[644.011s][info][gc          ] GC(1289) Concurrent Undo Cycle
[644.011s][info][gc,marking  ] GC(1289) Concurrent Clear Claimed Marks
[644.011s][info][gc,marking  ] GC(1289) Concurrent Clear Claimed Marks 0.038ms
[644.011s][info][gc,marking  ] GC(1289) Concurrent Cleanup for Next Mark
[644.011s][info][gc,cpu      ] GC(1288) User=0.02s Sys=0.00s Real=0.01s
[644.011s][info][gc,marking  ] GC(1289) Concurrent Cleanup for Next Mark 0.189ms
[644.011s][info][gc          ] GC(1289) Concurrent Undo Cycle 0.272ms
[644.096s][info][gc,start    ] GC(1290) Pause Young (Concurrent Start) (G1 Humongous Allocation)
[644.096s][info][gc,task     ] GC(1290) Using 2 workers of 2 for evacuation
[644.111s][info][gc,phases   ] GC(1290)   Pre Evacuate Collection Set: 0.27ms
[644.111s][info][gc,phases   ] GC(1290)   Merge Heap Roots: 0.06ms
[644.111s][info][gc,phases   ] GC(1290)   Evacuate Collection Set: 13.57ms
[644.111s][info][gc,phases   ] GC(1290)   Post Evacuate Collection Set: 0.38ms
[644.111s][info][gc,phases   ] GC(1290)   Other: 0.13ms
[644.111s][info][gc,heap     ] GC(1290) Eden regions: 10->0(251)
[644.111s][info][gc,heap     ] GC(1290) Survivor regions: 14->16(31)
[644.111s][info][gc,heap     ] GC(1290) Old regions: 58->58
[644.111s][info][gc,heap     ] GC(1290) Humongous regions: 51->1
[644.111s][info][gc,metaspace] GC(1290) Metaspace: 43139K(43584K)->43139K(43584K) NonClass: 38796K(39040K)->38796K(39040K) Class: 4343K(4544K)->4343K(4544K)
[644.111s][info][gc          ] GC(1290) Pause Young (Concurrent Start) (G1 Humongous Allocation) 130M->73M(446M) 14.678ms
[644.111s][info][gc          ] GC(1291) Concurrent Undo Cycle
[644.111s][info][gc,marking  ] GC(1291) Concurrent Clear Claimed Marks
[644.111s][info][gc,marking  ] GC(1291) Concurrent Clear Claimed Marks 0.038ms
[644.111s][info][gc,marking  ] GC(1291) Concurrent Cleanup for Next Mark
[644.111s][info][gc,cpu      ] GC(1290) User=0.03s Sys=0.00s Real=0.01s
[644.111s][info][gc,marking  ] GC(1291) Concurrent Cleanup for Next Mark 0.212ms
[644.111s][info][gc          ] GC(1291) Concurrent Undo Cycle 0.308ms
[644.159s][info][gc,start    ] GC(1292) Pause Young (Concurrent Start) (G1 Humongous Allocation)
[644.159s][info][gc,task     ] GC(1292) Using 2 workers of 2 for evacuation
[644.174s][info][gc,phases   ] GC(1292)   Pre Evacuate Collection Set: 0.29ms
[644.174s][info][gc,phases   ] GC(1292)   Merge Heap Roots: 0.06ms
[644.174s][info][gc,phases   ] GC(1292)   Evacuate Collection Set: 13.09ms
[644.174s][info][gc,phases   ] GC(1292)   Post Evacuate Collection Set: 1.52ms
[644.174s][info][gc,phases   ] GC(1292)   Other: 0.13ms
[644.174s][info][gc,heap     ] GC(1292) Eden regions: 5->0(315)
[644.174s][info][gc,heap     ] GC(1292) Survivor regions: 16->16(34)
[644.174s][info][gc,heap     ] GC(1292) Old regions: 58->58
[644.174s][info][gc,heap     ] GC(1292) Humongous regions: 33->1
[644.174s][info][gc,metaspace] GC(1292) Metaspace: 43139K(43584K)->43139K(43584K) NonClass: 38796K(39040K)->38796K(39040K) Class: 4343K(4544K)->4343K(4544K)
[644.174s][info][gc          ] GC(1292) Pause Young (Concurrent Start) (G1 Humongous Allocation) 110M->73M(553M) 15.355ms
[644.174s][info][gc          ] GC(1293) Concurrent Undo Cycle
[644.174s][info][gc,marking  ] GC(1293) Concurrent Clear Claimed Marks
[644.174s][info][gc,marking  ] GC(1293) Concurrent Clear Claimed Marks 0.037ms
[644.174s][info][gc,marking  ] GC(1293) Concurrent Cleanup for Next Mark
[644.174s][info][gc,cpu      ] GC(1292) User=0.02s Sys=0.00s Real=0.01s
[644.174s][info][gc,marking  ] GC(1293) Concurrent Cleanup for Next Mark 0.195ms
[644.174s][info][gc          ] GC(1293) Concurrent Undo Cycle 0.278ms
[644.286s][info][gc,start    ] GC(1294) Pause Young (Concurrent Start) (G1 Humongous Allocation)
[644.286s][info][gc,task     ] GC(1294) Using 2 workers of 2 for evacuation
[644.309s][info][gc,phases   ] GC(1294)   Pre Evacuate Collection Set: 0.29ms
[644.309s][info][gc,phases   ] GC(1294)   Merge Heap Roots: 0.06ms
[644.309s][info][gc,phases   ] GC(1294)   Evacuate Collection Set: 21.52ms
[644.309s][info][gc,phases   ] GC(1294)   Post Evacuate Collection Set: 0.67ms
[644.309s][info][gc,phases   ] GC(1294)   Other: 0.13ms
[644.309s][info][gc,heap     ] GC(1294) Eden regions: 13->0(314)
[644.309s][info][gc,heap     ] GC(1294) Survivor regions: 16->17(42)
[644.309s][info][gc,heap     ] GC(1294) Old regions: 58->58
[644.309s][info][gc,heap     ] GC(1294) Humongous regions: 73->1
[644.309s][info][gc,metaspace] GC(1294) Metaspace: 43139K(43584K)->43139K(43584K) NonClass: 38796K(39040K)->38796K(39040K) Class: 4343K(4544K)->4343K(4544K)
[644.309s][info][gc          ] GC(1294) Pause Young (Concurrent Start) (G1 Humongous Allocation) 157M->74M(553M) 22.930ms
[644.309s][info][gc          ] GC(1295) Concurrent Undo Cycle
[644.309s][info][gc,marking  ] GC(1295) Concurrent Clear Claimed Marks
[644.309s][info][gc,marking  ] GC(1295) Concurrent Clear Claimed Marks 0.036ms
[644.309s][info][gc,marking  ] GC(1295) Concurrent Cleanup for Next Mark
[644.309s][info][gc,cpu      ] GC(1294) User=0.04s Sys=0.00s Real=0.02s
[644.309s][info][gc,marking  ] GC(1295) Concurrent Cleanup for Next Mark 0.209ms
[644.309s][info][gc          ] GC(1295) Concurrent Undo Cycle 0.291ms
[644.424s][info][gc,start    ] GC(1296) Pause Young (Concurrent Start) (G1 Humongous Allocation)
[644.424s][info][gc,task     ] GC(1296) Using 2 workers of 2 for evacuation
[644.445s][info][gc,phases   ] GC(1296)   Pre Evacuate Collection Set: 0.29ms
[644.445s][info][gc,phases   ] GC(1296)   Merge Heap Roots: 0.06ms
[644.445s][info][gc,phases   ] GC(1296)   Evacuate Collection Set: 18.92ms
[644.445s][info][gc,phases   ] GC(1296)   Post Evacuate Collection Set: 0.83ms
[644.445s][info][gc,phases   ] GC(1296)   Other: 0.13ms
[644.445s][info][gc,heap     ] GC(1296) Eden regions: 13->0(313)
[644.445s][info][gc,heap     ] GC(1296) Survivor regions: 17->18(42)
[644.445s][info][gc,heap     ] GC(1296) Old regions: 58->58
[644.445s][info][gc,heap     ] GC(1296) Humongous regions: 75->1
[644.445s][info][gc,metaspace] GC(1296) Metaspace: 43139K(43584K)->43139K(43584K) NonClass: 38796K(39040K)->38796K(39040K) Class: 4343K(4544K)->4343K(4544K)
[644.445s][info][gc          ] GC(1296) Pause Young (Concurrent Start) (G1 Humongous Allocation) 161M->75M(553M) 20.475ms
[644.445s][info][gc          ] GC(1297) Concurrent Undo Cycle
[644.445s][info][gc,marking  ] GC(1297) Concurrent Clear Claimed Marks
[644.445s][info][gc,marking  ] GC(1297) Concurrent Clear Claimed Marks 0.058ms
[644.445s][info][gc,marking  ] GC(1297) Concurrent Cleanup for Next Mark
[644.445s][info][gc,cpu      ] GC(1296) User=0.03s Sys=0.00s Real=0.03s
[644.445s][info][gc,marking  ] GC(1297) Concurrent Cleanup for Next Mark 0.204ms
[644.445s][info][gc          ] GC(1297) Concurrent Undo Cycle 0.312ms
[644.584s][info][gc,start    ] GC(1298) Pause Young (Concurrent Start) (G1 Humongous Allocation)
[644.584s][info][gc,task     ] GC(1298) Using 2 workers of 2 for evacuation
[644.618s][info][gc,phases   ] GC(1298)   Pre Evacuate Collection Set: 0.27ms
[644.618s][info][gc,phases   ] GC(1298)   Merge Heap Roots: 0.05ms
[644.618s][info][gc,phases   ] GC(1298)   Evacuate Collection Set: 32.57ms
[644.618s][info][gc,phases   ] GC(1298)   Post Evacuate Collection Set: 0.73ms
[644.618s][info][gc,phases   ] GC(1298)   Other: 0.13ms
[644.618s][info][gc,heap     ] GC(1298) Eden regions: 18->0(309)
[644.618s][info][gc,heap     ] GC(1298) Survivor regions: 18->22(42)
[644.618s][info][gc,heap     ] GC(1298) Old regions: 58->58
[644.618s][info][gc,heap     ] GC(1298) Humongous regions: 77->1
[644.618s][info][gc,metaspace] GC(1298) Metaspace: 43139K(43584K)->43139K(43584K) NonClass: 38796K(39040K)->38796K(39040K) Class: 4343K(4544K)->4343K(4544K)
[644.618s][info][gc          ] GC(1298) Pause Young (Concurrent Start) (G1 Humongous Allocation) 169M->79M(553M) 33.990ms
[644.618s][info][gc,cpu      ] GC(1298) User=0.06s Sys=0.01s Real=0.04s
[644.618s][info][gc          ] GC(1299) Concurrent Undo Cycle
[644.618s][info][gc,marking  ] GC(1299) Concurrent Clear Claimed Marks
[644.618s][info][gc,marking  ] GC(1299) Concurrent Clear Claimed Marks 0.040ms
[644.618s][info][gc,marking  ] GC(1299) Concurrent Cleanup for Next Mark
[644.618s][info][gc,marking  ] GC(1299) Concurrent Cleanup for Next Mark 0.133ms
[644.618s][info][gc          ] GC(1299) Concurrent Undo Cycle 0.309ms
[644.734s][info][gc,start    ] GC(1300) Pause Young (Concurrent Start) (G1 Humongous Allocation)
[644.734s][info][gc,task     ] GC(1300) Using 2 workers of 2 for evacuation
[644.756s][info][gc,phases   ] GC(1300)   Pre Evacuate Collection Set: 0.26ms
[644.756s][info][gc,phases   ] GC(1300)   Merge Heap Roots: 0.05ms
[644.756s][info][gc,phases   ] GC(1300)   Evacuate Collection Set: 20.21ms
[644.756s][info][gc,phases   ] GC(1300)   Post Evacuate Collection Set: 1.26ms
[644.756s][info][gc,phases   ] GC(1300)   Other: 0.14ms
[644.756s][info][gc,heap     ] GC(1300) Eden regions: 12->0(361)
[644.756s][info][gc,heap     ] GC(1300) Survivor regions: 22->21(42)
[644.756s][info][gc,heap     ] GC(1300) Old regions: 58->59
[644.756s][info][gc,heap     ] GC(1300) Humongous regions: 79->1
[644.756s][info][gc,metaspace] GC(1300) Metaspace: 43139K(43584K)->43139K(43584K) NonClass: 38796K(39040K)->38796K(39040K) Class: 4343K(4544K)->4343K(4544K)
[644.756s][info][gc          ] GC(1300) Pause Young (Concurrent Start) (G1 Humongous Allocation) 169M->80M(638M) 22.160ms
[644.756s][info][gc,cpu      ] GC(1300) User=0.05s Sys=0.00s Real=0.03s
[644.756s][info][gc          ] GC(1301) Concurrent Undo Cycle
[644.756s][info][gc,marking  ] GC(1301) Concurrent Clear Claimed Marks
[644.756s][info][gc,marking  ] GC(1301) Concurrent Clear Claimed Marks 0.036ms
[644.756s][info][gc,marking  ] GC(1301) Concurrent Cleanup for Next Mark
[644.756s][info][gc,marking  ] GC(1301) Concurrent Cleanup for Next Mark 0.198ms
[644.756s][info][gc          ] GC(1301) Concurrent Undo Cycle 0.321ms
[644.969s][info][gc,start    ] GC(1302) Pause Young (Concurrent Start) (G1 Humongous Allocation)
[644.969s][info][gc,task     ] GC(1302) Using 2 workers of 2 for evacuation
[645.006s][info][gc,phases   ] GC(1302)   Pre Evacuate Collection Set: 0.34ms
[645.006s][info][gc,phases   ] GC(1302)   Merge Heap Roots: 0.07ms
[645.006s][info][gc,phases   ] GC(1302)   Evacuate Collection Set: 36.50ms
[645.006s][info][gc,phases   ] GC(1302)   Post Evacuate Collection Set: 0.81ms
[645.006s][info][gc,phases   ] GC(1302)   Other: 0.13ms
[645.007s][info][gc,heap     ] GC(1302) Eden regions: 26->0(356)
[645.007s][info][gc,heap     ] GC(1302) Survivor regions: 21->26(48)
[645.007s][info][gc,heap     ] GC(1302) Old regions: 59->59
[645.007s][info][gc,heap     ] GC(1302) Humongous regions: 109->1
[645.007s][info][gc,metaspace] GC(1302) Metaspace: 43139K(43584K)->43139K(43584K) NonClass: 38796K(39040K)->38796K(39040K) Class: 4343K(4544K)->4343K(4544K)
[645.007s][info][gc          ] GC(1302) Pause Young (Concurrent Start) (G1 Humongous Allocation) 214M->84M(638M) 38.081ms
[645.007s][info][gc,cpu      ] GC(1302) User=0.06s Sys=0.02s Real=0.04s
[645.007s][info][gc          ] GC(1303) Concurrent Undo Cycle
[645.007s][info][gc,marking  ] GC(1303) Concurrent Clear Claimed Marks
[645.007s][info][gc,marking  ] GC(1303) Concurrent Clear Claimed Marks 0.037ms
[645.007s][info][gc,marking  ] GC(1303) Concurrent Cleanup for Next Mark
[645.009s][info][gc,marking  ] GC(1303) Concurrent Cleanup for Next Mark 2.451ms
[645.009s][info][gc          ] GC(1303) Concurrent Undo Cycle 2.561ms
[645.172s][info][gc,start    ] GC(1304) Pause Young (Concurrent Start) (G1 Humongous Allocation)
[645.172s][info][gc,task     ] GC(1304) Using 2 workers of 2 for evacuation
[645.202s][info][gc,phases   ] GC(1304)   Pre Evacuate Collection Set: 0.32ms
[645.202s][info][gc,phases   ] GC(1304)   Merge Heap Roots: 0.09ms
[645.202s][info][gc,phases   ] GC(1304)   Evacuate Collection Set: 28.29ms
[645.202s][info][gc,phases   ] GC(1304)   Post Evacuate Collection Set: 0.45ms
[645.202s][info][gc,phases   ] GC(1304)   Other: 0.13ms
[645.202s][info][gc,heap     ] GC(1304) Eden regions: 19->0(359)
[645.202s][info][gc,heap     ] GC(1304) Survivor regions: 26->23(48)
[645.202s][info][gc,heap     ] GC(1304) Old regions: 59->64
[645.202s][info][gc,heap     ] GC(1304) Humongous regions: 111->1
[645.202s][info][gc,metaspace] GC(1304) Metaspace: 43139K(43584K)->43139K(43584K) NonClass: 38796K(39040K)->38796K(39040K) Class: 4343K(4544K)->4343K(4544K)
[645.202s][info][gc          ] GC(1304) Pause Young (Concurrent Start) (G1 Humongous Allocation) 212M->86M(638M) 29.572ms
[645.202s][info][gc,cpu      ] GC(1304) User=0.06s Sys=0.01s Real=0.03s
[645.202s][info][gc          ] GC(1305) Concurrent Undo Cycle
[645.202s][info][gc,marking  ] GC(1305) Concurrent Clear Claimed Marks
[645.202s][info][gc,marking  ] GC(1305) Concurrent Clear Claimed Marks 0.038ms
[645.202s][info][gc,marking  ] GC(1305) Concurrent Cleanup for Next Mark
[645.204s][info][gc,marking  ] GC(1305) Concurrent Cleanup for Next Mark 1.887ms
[645.204s][info][gc          ] GC(1305) Concurrent Undo Cycle 2.030ms
[645.385s][info][gc,start    ] GC(1306) Pause Young (Concurrent Start) (G1 Humongous Allocation)
[645.385s][info][gc,task     ] GC(1306) Using 2 workers of 2 for evacuation
[645.417s][info][gc,phases   ] GC(1306)   Pre Evacuate Collection Set: 0.31ms
[645.417s][info][gc,phases   ] GC(1306)   Merge Heap Roots: 0.09ms
[645.417s][info][gc,phases   ] GC(1306)   Evacuate Collection Set: 30.46ms
[645.417s][info][gc,phases   ] GC(1306)   Post Evacuate Collection Set: 0.44ms
[645.417s][info][gc,phases   ] GC(1306)   Other: 0.11ms
[645.417s][info][gc,heap     ] GC(1306) Eden regions: 25->0(354)
[645.417s][info][gc,heap     ] GC(1306) Survivor regions: 23->28(48)
[645.417s][info][gc,heap     ] GC(1306) Old regions: 64->64
[645.417s][info][gc,heap     ] GC(1306) Humongous regions: 105->1
[645.417s][info][gc,metaspace] GC(1306) Metaspace: 43139K(43584K)->43139K(43584K) NonClass: 38796K(39040K)->38796K(39040K) Class: 4343K(4544K)->4343K(4544K)
[645.417s][info][gc          ] GC(1306) Pause Young (Concurrent Start) (G1 Humongous Allocation) 215M->91M(638M) 31.675ms
[645.417s][info][gc,cpu      ] GC(1306) User=0.06s Sys=0.01s Real=0.03s
[645.417s][info][gc          ] GC(1307) Concurrent Undo Cycle
[645.419s][info][gc,marking  ] GC(1307) Concurrent Clear Claimed Marks
[645.419s][info][gc,marking  ] GC(1307) Concurrent Clear Claimed Marks 0.046ms
[645.419s][info][gc,marking  ] GC(1307) Concurrent Cleanup for Next Mark
[645.419s][info][gc,marking  ] GC(1307) Concurrent Cleanup for Next Mark 0.170ms
[645.419s][info][gc          ] GC(1307) Concurrent Undo Cycle 2.253ms
[646.578s][info][gc,start    ] GC(1308) Pause Young (Normal) (G1 Evacuation Pause)
[646.578s][info][gc,task     ] GC(1308) Using 2 workers of 2 for evacuation
[646.615s][info][gc,phases   ] GC(1308)   Pre Evacuate Collection Set: 0.32ms
[646.615s][info][gc,phases   ] GC(1308)   Merge Heap Roots: 0.13ms
[646.615s][info][gc,phases   ] GC(1308)   Evacuate Collection Set: 35.72ms
[646.615s][info][gc,phases   ] GC(1308)   Post Evacuate Collection Set: 1.29ms
[646.615s][info][gc,phases   ] GC(1308)   Other: 0.12ms
[646.615s][info][gc,heap     ] GC(1308) Eden regions: 354->0(388)
[646.615s][info][gc,heap     ] GC(1308) Survivor regions: 28->34(48)
[646.615s][info][gc,heap     ] GC(1308) Old regions: 64->67
[646.615s][info][gc,heap     ] GC(1308) Humongous regions: 63->1
[646.615s][info][gc,metaspace] GC(1308) Metaspace: 43151K(43584K)->43151K(43584K) NonClass: 38807K(39040K)->38807K(39040K) Class: 4343K(4544K)->4343K(4544K)
[646.615s][info][gc          ] GC(1308) Pause Young (Normal) (G1 Evacuation Pause) 507M->101M(704M) 37.832ms
[646.615s][info][gc,cpu      ] GC(1308) User=0.07s Sys=0.00s Real=0.04s
[647.634s][info][gc,start    ] GC(1309) Pause Young (Normal) (G1 Evacuation Pause)
[647.634s][info][gc,task     ] GC(1309) Using 2 workers of 2 for evacuation
[647.666s][info][gc,phases   ] GC(1309)   Pre Evacuate Collection Set: 0.27ms
[647.666s][info][gc,phases   ] GC(1309)   Merge Heap Roots: 0.14ms
[647.666s][info][gc,phases   ] GC(1309)   Evacuate Collection Set: 30.09ms
[647.666s][info][gc,phases   ] GC(1309)   Post Evacuate Collection Set: 0.88ms
[647.666s][info][gc,phases   ] GC(1309)   Other: 0.09ms
[647.666s][info][gc,heap     ] GC(1309) Eden regions: 388->0(396)
[647.666s][info][gc,heap     ] GC(1309) Survivor regions: 34->26(53)
[647.666s][info][gc,heap     ] GC(1309) Old regions: 67->75
[647.666s][info][gc,heap     ] GC(1309) Humongous regions: 1->1
[647.666s][info][gc,metaspace] GC(1309) Metaspace: 43151K(43584K)->43151K(43584K) NonClass: 38807K(39040K)->38807K(39040K) Class: 4343K(4544K)->4343K(4544K)
[647.666s][info][gc          ] GC(1309) Pause Young (Normal) (G1 Evacuation Pause) 489M->100M(704M) 31.719ms
[647.666s][info][gc,cpu      ] GC(1309) User=0.06s Sys=0.00s Real=0.04s
[648.695s][info][gc,start    ] GC(1310) Pause Young (Normal) (G1 Evacuation Pause)
[648.695s][info][gc,task     ] GC(1310) Using 2 workers of 2 for evacuation
[648.719s][info][gc,phases   ] GC(1310)   Pre Evacuate Collection Set: 0.31ms
[648.719s][info][gc,phases   ] GC(1310)   Merge Heap Roots: 0.15ms
[648.719s][info][gc,phases   ] GC(1310)   Evacuate Collection Set: 23.19ms
[648.719s][info][gc,phases   ] GC(1310)   Post Evacuate Collection Set: 0.68ms
[648.719s][info][gc,phases   ] GC(1310)   Other: 0.12ms
[648.719s][info][gc,heap     ] GC(1310) Eden regions: 396->0(392)
[648.719s][info][gc,heap     ] GC(1310) Survivor regions: 26->30(53)
[648.719s][info][gc,heap     ] GC(1310) Old regions: 75->75
[648.719s][info][gc,heap     ] GC(1310) Humongous regions: 1->1
[648.719s][info][gc,metaspace] GC(1310) Metaspace: 43151K(43584K)->43151K(43584K) NonClass: 38807K(39040K)->38807K(39040K) Class: 4343K(4544K)->4343K(4544K)
[648.719s][info][gc          ] GC(1310) Pause Young (Normal) (G1 Evacuation Pause) 496M->104M(704M) 24.726ms
[648.719s][info][gc,cpu      ] GC(1310) User=0.04s Sys=0.01s Real=0.03s
[650.728s][info][gc,start    ] GC(1311) Pause Young (Normal) (G1 Evacuation Pause)
[650.728s][info][gc,task     ] GC(1311) Using 2 workers of 2 for evacuation
[650.770s][info][gc,phases   ] GC(1311)   Pre Evacuate Collection Set: 0.29ms
[650.770s][info][gc,phases   ] GC(1311)   Merge Heap Roots: 0.15ms
[650.770s][info][gc,phases   ] GC(1311)   Evacuate Collection Set: 40.03ms
[650.770s][info][gc,phases   ] GC(1311)   Post Evacuate Collection Set: 0.99ms
[650.770s][info][gc,phases   ] GC(1311)   Other: 0.09ms
[650.770s][info][gc,heap     ] GC(1311) Eden regions: 392->0(386)
[650.770s][info][gc,heap     ] GC(1311) Survivor regions: 30->36(53)
[650.770s][info][gc,heap     ] GC(1311) Old regions: 75->79
[650.770s][info][gc,heap     ] GC(1311) Humongous regions: 13->3
[650.770s][info][gc,metaspace] GC(1311) Metaspace: 43157K(43584K)->43157K(43584K) NonClass: 38813K(39040K)->38813K(39040K) Class: 4343K(4544K)->4343K(4544K)
[650.770s][info][gc          ] GC(1311) Pause Young (Normal) (G1 Evacuation Pause) 508M->116M(704M) 41.821ms
[650.770s][info][gc,cpu      ] GC(1311) User=0.08s Sys=0.00s Real=0.04s
[651.795s][info][gc,start    ] GC(1312) Pause Young (Normal) (G1 Evacuation Pause)
[651.795s][info][gc,task     ] GC(1312) Using 2 workers of 2 for evacuation
[651.884s][info][gc,phases   ] GC(1312)   Pre Evacuate Collection Set: 0.29ms
[651.884s][info][gc,phases   ] GC(1312)   Merge Heap Roots: 0.29ms
[651.884s][info][gc,phases   ] GC(1312)   Evacuate Collection Set: 87.26ms
[651.884s][info][gc,phases   ] GC(1312)   Post Evacuate Collection Set: 0.87ms
[651.884s][info][gc,phases   ] GC(1312)   Other: 0.11ms
[651.884s][info][gc,heap     ] GC(1312) Eden regions: 386->0(369)
[651.884s][info][gc,heap     ] GC(1312) Survivor regions: 36->53(53)
[651.884s][info][gc,heap     ] GC(1312) Old regions: 79->102
[651.884s][info][gc,heap     ] GC(1312) Humongous regions: 6->6
[651.884s][info][gc,metaspace] GC(1312) Metaspace: 43157K(43584K)->43157K(43584K) NonClass: 38813K(39040K)->38813K(39040K) Class: 4343K(4544K)->4343K(4544K)
[651.884s][info][gc          ] GC(1312) Pause Young (Normal) (G1 Evacuation Pause) 505M->160M(704M) 89.041ms
[651.884s][info][gc,cpu      ] GC(1312) User=0.18s Sys=0.00s Real=0.09s
[652.648s][info][gc,heap,exit] Heap
[652.648s][info][gc,heap,exit]  garbage-first heap   total reserved 1001472K, committed 720896K, used 438272K [0x00000000c2e00000, 0x0000000100000000)
[652.648s][info][gc,heap,exit]   region size 1024K, 315 young (322560K), 53 survivors (54272K)
[652.648s][info][gc,heap,exit]  Metaspace       used 43309K, committed 43712K, reserved 1114112K
[652.648s][info][gc,heap,exit]   class space    used 4369K, committed 4544K, reserved 1048576K
