[0.003s][info][metaspace]  - commit_granule_bytes: 65536.
[0.003s][info][metaspace]  - commit_granule_words: 8192.
[0.003s][info][metaspace]  - virtual_space_node_default_size: 8388608.
[0.003s][info][metaspace]  - enlarge_chunks_in_place: 1.
[0.005s][info][gc,init  ] CardTable entry size: 512
[0.009s][info][gc       ] Using G1
[0.013s][info][gc,init  ] Version: 24-internal-adhoc.root.jdk (release)
[0.013s][info][gc,init  ] CPUs: 2 total, 2 available
[0.013s][info][gc,init  ] Memory: 3908M
[0.013s][info][gc,init  ] Large Page Support: Disabled
[0.013s][info][gc,init  ] NUMA Support: Disabled
[0.013s][info][gc,init  ] Compressed Oops: Enabled (32-bit)
[0.013s][info][gc,init  ] Heap Region Size: 1M
[0.013s][info][gc,init  ] Heap Min Capacity: 256M
[0.013s][info][gc,init  ] Heap Initial Capacity: 256M
[0.013s][info][gc,init  ] Heap Max Capacity: 978M
[0.013s][info][gc,init  ] Pre-touch: Disabled
[0.013s][info][gc,init  ] Parallel Workers: 2
[0.013s][info][gc,init  ] Concurrent Workers: 1
[0.013s][info][gc,init  ] Concurrent Refinement Workers: 2
[0.013s][info][gc,init  ] Periodic GC: Disabled
[0.027s][info][gc,metaspace] CDS archive(s) mapped at: [0x00007f577e000000-0x00007f577ee7b000-0x00007f577ee7b000), size 15183872, SharedBaseAddress: 0x00007f577e000000, ArchiveRelocationMode: 1.
[0.027s][info][gc,metaspace] Compressed class space mapped at: 0x00007f577f000000-0x00007f57bf000000, reserved size: 1073741824
[0.027s][info][gc,metaspace] UseCompressedClassPointers 1, UseCompactObjectHeaders 1
[0.027s][info][gc,metaspace] Narrow klass pointer bits 22, Max shift 10
[0.027s][info][gc,metaspace] Narrow klass base: 0x00007f577e000000, Narrow klass shift: 10
[0.027s][info][gc,metaspace] Encoding Range: [0x00007f577e000000 - 0x00007f587e000000), (4294967296 bytes)
[0.027s][info][gc,metaspace] Klass Range:    [0x00007f577e000000 - 0x00007f57bf000000), (1090519040 bytes)
[0.027s][info][gc,metaspace] Klass ID Range:  [1 - 1064960) (1064959)
[0.438s][info][gc,start    ] GC(0) Pause Young (Normal) (G1 Evacuation Pause)
[0.438s][info][gc,task     ] GC(0) Using 2 workers of 2 for evacuation
[0.445s][info][gc,phases   ] GC(0)   Pre Evacuate Collection Set: 0.17ms
[0.445s][info][gc,phases   ] GC(0)   Merge Heap Roots: 0.08ms
[0.445s][info][gc,phases   ] GC(0)   Evacuate Collection Set: 5.58ms
[0.445s][info][gc,phases   ] GC(0)   Post Evacuate Collection Set: 0.23ms
[0.445s][info][gc,phases   ] GC(0)   Other: 0.20ms
[0.445s][info][gc,heap     ] GC(0) Eden regions: 12->0(10)
[0.445s][info][gc,heap     ] GC(0) Survivor regions: 0->2(2)
[0.445s][info][gc,heap     ] GC(0) Old regions: 2->4
[0.445s][info][gc,heap     ] GC(0) Humongous regions: 0->0
[0.445s][info][gc,metaspace] GC(0) Metaspace: 2780K(2880K)->2780K(2880K) NonClass: 2395K(2432K)->2395K(2432K) Class: 385K(448K)->385K(448K)
[0.445s][info][gc          ] GC(0) Pause Young (Normal) (G1 Evacuation Pause) 13M->4M(258M) 6.483ms
[0.445s][info][gc,cpu      ] GC(0) User=0.01s Sys=0.00s Real=0.01s
[0.705s][info][gc,start    ] GC(1) Pause Young (Normal) (G1 Evacuation Pause)
[0.705s][info][gc,task     ] GC(1) Using 2 workers of 2 for evacuation
[0.709s][info][gc,phases   ] GC(1)   Pre Evacuate Collection Set: 0.14ms
[0.709s][info][gc,phases   ] GC(1)   Merge Heap Roots: 0.04ms
[0.709s][info][gc,phases   ] GC(1)   Evacuate Collection Set: 2.71ms
[0.709s][info][gc,phases   ] GC(1)   Post Evacuate Collection Set: 0.26ms
[0.709s][info][gc,phases   ] GC(1)   Other: 0.09ms
[0.709s][info][gc,heap     ] GC(1) Eden regions: 10->0(15)
[0.709s][info][gc,heap     ] GC(1) Survivor regions: 2->1(2)
[0.709s][info][gc,heap     ] GC(1) Old regions: 4->6
[0.709s][info][gc,heap     ] GC(1) Humongous regions: 0->0
[0.709s][info][gc,metaspace] GC(1) Metaspace: 7097K(7168K)->7097K(7168K) NonClass: 5913K(5952K)->5913K(5952K) Class: 1183K(1216K)->1183K(1216K)
[0.709s][info][gc          ] GC(1) Pause Young (Normal) (G1 Evacuation Pause) 14M->4M(258M) 3.406ms
[0.709s][info][gc,cpu      ] GC(1) User=0.00s Sys=0.00s Real=0.00s
[1.103s][info][gc,start    ] GC(2) Pause Young (Normal) (G1 Evacuation Pause)
[1.103s][info][gc,task     ] GC(2) Using 2 workers of 2 for evacuation
[1.110s][info][gc,phases   ] GC(2)   Pre Evacuate Collection Set: 0.15ms
[1.110s][info][gc,phases   ] GC(2)   Merge Heap Roots: 0.04ms
[1.110s][info][gc,phases   ] GC(2)   Evacuate Collection Set: 5.85ms
[1.110s][info][gc,phases   ] GC(2)   Post Evacuate Collection Set: 0.39ms
[1.110s][info][gc,phases   ] GC(2)   Other: 0.12ms
[1.110s][info][gc,heap     ] GC(2) Eden regions: 17->0(18)
[1.110s][info][gc,heap     ] GC(2) Survivor regions: 1->3(3)
[1.110s][info][gc,heap     ] GC(2) Old regions: 6->6
[1.110s][info][gc,heap     ] GC(2) Humongous regions: 0->0
[1.110s][info][gc,metaspace] GC(2) Metaspace: 13305K(13504K)->13305K(13504K) NonClass: 11267K(11392K)->11267K(11392K) Class: 2037K(2112K)->2037K(2112K)
[1.110s][info][gc          ] GC(2) Pause Young (Normal) (G1 Evacuation Pause) 21M->6M(258M) 6.775ms
[1.110s][info][gc,cpu      ] GC(2) User=0.01s Sys=0.00s Real=0.00s
[1.588s][info][gc,start    ] GC(3) Pause Young (Normal) (G1 Evacuation Pause)
[1.588s][info][gc,task     ] GC(3) Using 2 workers of 2 for evacuation
[1.597s][info][gc,phases   ] GC(3)   Pre Evacuate Collection Set: 0.18ms
[1.597s][info][gc,phases   ] GC(3)   Merge Heap Roots: 0.05ms
[1.597s][info][gc,phases   ] GC(3)   Evacuate Collection Set: 7.06ms
[1.597s][info][gc,phases   ] GC(3)   Post Evacuate Collection Set: 1.70ms
[1.597s][info][gc,phases   ] GC(3)   Other: 0.07ms
[1.597s][info][gc,heap     ] GC(3) Eden regions: 19->0(25)
[1.597s][info][gc,heap     ] GC(3) Survivor regions: 3->3(3)
[1.597s][info][gc,heap     ] GC(3) Old regions: 6->8
[1.597s][info][gc,heap     ] GC(3) Humongous regions: 0->0
[1.597s][info][gc,metaspace] GC(3) Metaspace: 19733K(19904K)->19733K(19904K) NonClass: 16763K(16832K)->16763K(16832K) Class: 2970K(3072K)->2970K(3072K)
[1.597s][info][gc          ] GC(3) Pause Young (Normal) (G1 Evacuation Pause) 25M->9M(258M) 9.252ms
[1.597s][info][gc,cpu      ] GC(3) User=0.01s Sys=0.01s Real=0.01s
[2.055s][info][metaspace   ] ChkMgr @0x00007f57f41607f0 (class-space): failed to commit 66 words on chunk @0x00007f57f476d320, f, base 0x00007f577f320000, level lv10.
[2.055s][info][metaspace   ] Arena @0x00007f57f43ab340 (class arena): failed to allocate new chunk for requested word size 66.
[2.055s][info][metaspace   ] Arena @0x00007f57f43ab340 (class arena): allocation failed, returned null.
[2.055s][info][metaspace   ] ChkMgr @0x00007f57f41607f0 (class-space): failed to commit 66 words on chunk @0x00007f57f476d320, f, base 0x00007f577f320000, level lv10.
[2.055s][info][metaspace   ] Arena @0x00007f57f43ab340 (class arena): failed to allocate new chunk for requested word size 66.
[2.055s][info][metaspace   ] Arena @0x00007f57f43ab340 (class arena): allocation failed, returned null.
[2.055s][info][metaspace   ] ChkMgr @0x00007f57f41607f0 (class-space): failed to commit 66 words on chunk @0x00007f57f476d320, f, base 0x00007f577f320000, level lv10.
[2.055s][info][metaspace   ] Arena @0x00007f57f43ab340 (class arena): failed to allocate new chunk for requested word size 66.
[2.055s][info][metaspace   ] Arena @0x00007f57f43ab340 (class arena): allocation failed, returned null.
[2.055s][info][gc,start    ] GC(4) Pause Young (Concurrent Start) (Metadata GC Threshold)
[2.055s][info][gc,task     ] GC(4) Using 2 workers of 2 for evacuation
[2.061s][info][gc,phases   ] GC(4)   Pre Evacuate Collection Set: 0.19ms
[2.061s][info][gc,phases   ] GC(4)   Merge Heap Roots: 0.05ms
[2.061s][info][gc,phases   ] GC(4)   Evacuate Collection Set: 4.38ms
[2.061s][info][gc,phases   ] GC(4)   Post Evacuate Collection Set: 0.90ms
[2.061s][info][gc,phases   ] GC(4)   Other: 0.12ms
[2.061s][info][gc,heap     ] GC(4) Eden regions: 17->0(44)
[2.061s][info][gc,heap     ] GC(4) Survivor regions: 3->1(4)
[2.061s][info][gc,heap     ] GC(4) Old regions: 8->10
[2.061s][info][gc,heap     ] GC(4) Humongous regions: 0->0
[2.061s][info][gc,metaspace] GC(4) Metaspace: 21341K(21504K)->21341K(21504K) NonClass: 18178K(18304K)->18178K(18304K) Class: 3163K(3200K)->3163K(3200K)
[2.061s][info][gc          ] GC(4) Pause Young (Concurrent Start) (Metadata GC Threshold) 25M->9M(258M) 5.821ms
[2.061s][info][gc,cpu      ] GC(4) User=0.01s Sys=0.00s Real=0.00s
[2.061s][info][gc          ] GC(5) Concurrent Mark Cycle
[2.061s][info][gc,marking  ] GC(5) Concurrent Scan Root Regions
[2.061s][info][metaspace   ] CLMS @0x00007f57f43ab2c0 : GC threshold increased: 22020096->22347776.
[2.068s][info][gc,marking  ] GC(5) Concurrent Scan Root Regions 6.665ms
[2.068s][info][gc,marking  ] GC(5) Concurrent Mark
[2.068s][info][gc,marking  ] GC(5) Concurrent Mark From Roots
[2.068s][info][gc,task     ] GC(5) Using 1 workers of 1 for marking
[2.088s][info][gc,marking  ] GC(5) Concurrent Mark From Roots 19.498ms
[2.088s][info][gc,marking  ] GC(5) Concurrent Preclean
[2.088s][info][gc,marking  ] GC(5) Concurrent Preclean 0.050ms
[2.088s][info][gc,start    ] GC(5) Pause Remark
[2.091s][info][gc          ] GC(5) Pause Remark 10M->10M(256M) 3.630ms
[2.092s][info][gc,cpu      ] GC(5) User=0.01s Sys=0.00s Real=0.00s
[2.093s][info][gc,marking  ] GC(5) Concurrent Mark 24.775ms
[2.093s][info][gc,marking  ] GC(5) Concurrent Rebuild Remembered Sets and Scrub Regions
[2.106s][info][gc,marking  ] GC(5) Concurrent Rebuild Remembered Sets and Scrub Regions 13.477ms
[2.107s][info][gc,start    ] GC(5) Pause Cleanup
[2.107s][info][gc          ] GC(5) Pause Cleanup 11M->11M(256M) 0.038ms
[2.107s][info][gc,cpu      ] GC(5) User=0.00s Sys=0.00s Real=0.00s
[2.107s][info][gc,marking  ] GC(5) Concurrent Clear Claimed Marks
[2.107s][info][gc,marking  ] GC(5) Concurrent Clear Claimed Marks 0.016ms
[2.107s][info][gc,marking  ] GC(5) Concurrent Cleanup for Next Mark
[2.119s][info][gc,marking  ] GC(5) Concurrent Cleanup for Next Mark 12.583ms
[2.119s][info][gc          ] GC(5) Concurrent Mark Cycle 57.927ms
[2.883s][info][gc,start    ] GC(6) Pause Young (Prepare Mixed) (G1 Evacuation Pause)
[2.883s][info][gc,task     ] GC(6) Using 2 workers of 2 for evacuation
[2.888s][info][gc,phases   ] GC(6)   Pre Evacuate Collection Set: 0.16ms
[2.888s][info][gc,phases   ] GC(6)   Merge Heap Roots: 0.05ms
[2.888s][info][gc,phases   ] GC(6)   Evacuate Collection Set: 4.70ms
[2.888s][info][gc,phases   ] GC(6)   Post Evacuate Collection Set: 0.69ms
[2.888s][info][gc,phases   ] GC(6)   Other: 0.08ms
[2.888s][info][gc,heap     ] GC(6) Eden regions: 44->0(43)
[2.888s][info][gc,heap     ] GC(6) Survivor regions: 1->3(6)
[2.888s][info][gc,heap     ] GC(6) Old regions: 10->10
[2.888s][info][gc,heap     ] GC(6) Humongous regions: 0->0
[2.888s][info][gc,metaspace] GC(6) Metaspace: 22580K(22720K)->22580K(22720K) NonClass: 19363K(19456K)->19363K(19456K) Class: 3216K(3264K)->3216K(3264K)
[2.888s][info][gc          ] GC(6) Pause Young (Prepare Mixed) (G1 Evacuation Pause) 53M->11M(256M) 5.921ms
[2.888s][info][gc,cpu      ] GC(6) User=0.01s Sys=0.00s Real=0.00s
[3.393s][info][gc,start    ] GC(7) Pause Young (Mixed) (G1 Evacuation Pause)
[3.393s][info][gc,task     ] GC(7) Using 2 workers of 2 for evacuation
[3.401s][info][gc,phases   ] GC(7)   Pre Evacuate Collection Set: 0.15ms
[3.401s][info][gc,phases   ] GC(7)   Merge Heap Roots: 0.05ms
[3.401s][info][gc,phases   ] GC(7)   Evacuate Collection Set: 3.30ms
[3.401s][info][gc,phases   ] GC(7)   Post Evacuate Collection Set: 4.32ms
[3.401s][info][gc,phases   ] GC(7)   Other: 0.09ms
[3.401s][info][gc,heap     ] GC(7) Eden regions: 44->0(50)
[3.401s][info][gc,heap     ] GC(7) Survivor regions: 3->6(6)
[3.401s][info][gc,heap     ] GC(7) Old regions: 10->10
[3.401s][info][gc,heap     ] GC(7) Humongous regions: 0->0
[3.401s][info][gc,metaspace] GC(7) Metaspace: 23391K(23616K)->23391K(23616K) NonClass: 20093K(20224K)->20093K(20224K) Class: 3298K(3392K)->3298K(3392K)
[3.401s][info][gc          ] GC(7) Pause Young (Mixed) (G1 Evacuation Pause) 55M->13M(256M) 8.115ms
[3.401s][info][gc,cpu      ] GC(7) User=0.01s Sys=0.01s Real=0.00s
[3.858s][info][gc,start    ] GC(8) Pause Young (Normal) (G1 Evacuation Pause)
[3.858s][info][gc,task     ] GC(8) Using 2 workers of 2 for evacuation
[3.862s][info][gc,phases   ] GC(8)   Pre Evacuate Collection Set: 0.15ms
[3.862s][info][gc,phases   ] GC(8)   Merge Heap Roots: 0.05ms
[3.862s][info][gc,phases   ] GC(8)   Evacuate Collection Set: 3.15ms
[3.862s][info][gc,phases   ] GC(8)   Post Evacuate Collection Set: 0.39ms
[3.862s][info][gc,phases   ] GC(8)   Other: 0.10ms
[3.862s][info][gc,heap     ] GC(8) Eden regions: 51->0(70)
[3.862s][info][gc,heap     ] GC(8) Survivor regions: 6->2(8)
[3.862s][info][gc,heap     ] GC(8) Old regions: 10->10
[3.862s][info][gc,heap     ] GC(8) Humongous regions: 0->0
[3.862s][info][gc,metaspace] GC(8) Metaspace: 23675K(23872K)->23675K(23872K) NonClass: 20370K(20480K)->20370K(20480K) Class: 3304K(3392K)->3304K(3392K)
[3.862s][info][gc          ] GC(8) Pause Young (Normal) (G1 Evacuation Pause) 64M->10M(256M) 4.048ms
[3.862s][info][gc,cpu      ] GC(8) User=0.01s Sys=0.00s Real=0.01s
[4.700s][info][gc,start    ] GC(9) Pause Young (Normal) (G1 Evacuation Pause)
[4.700s][info][gc,task     ] GC(9) Using 2 workers of 2 for evacuation
[4.709s][info][gc,phases   ] GC(9)   Pre Evacuate Collection Set: 0.16ms
[4.709s][info][gc,phases   ] GC(9)   Merge Heap Roots: 0.04ms
[4.709s][info][gc,phases   ] GC(9)   Evacuate Collection Set: 4.78ms
[4.709s][info][gc,phases   ] GC(9)   Post Evacuate Collection Set: 4.31ms
[4.709s][info][gc,phases   ] GC(9)   Other: 0.09ms
[4.710s][info][gc,heap     ] GC(9) Eden regions: 71->0(82)
[4.710s][info][gc,heap     ] GC(9) Survivor regions: 2->4(10)
[4.710s][info][gc,heap     ] GC(9) Old regions: 10->10
[4.710s][info][gc,heap     ] GC(9) Humongous regions: 0->0
[4.710s][info][gc,metaspace] GC(9) Metaspace: 24101K(24320K)->24101K(24320K) NonClass: 20782K(20864K)->20782K(20864K) Class: 3318K(3456K)->3318K(3456K)
[4.710s][info][gc          ] GC(9) Pause Young (Normal) (G1 Evacuation Pause) 81M->12M(256M) 9.584ms
[4.710s][info][gc,cpu      ] GC(9) User=0.02s Sys=0.00s Real=0.01s
[5.535s][info][gc,start    ] GC(10) Pause Young (Normal) (G1 Evacuation Pause)
[5.535s][info][gc,task     ] GC(10) Using 2 workers of 2 for evacuation
[5.538s][info][gc,phases   ] GC(10)   Pre Evacuate Collection Set: 0.15ms
[5.538s][info][gc,phases   ] GC(10)   Merge Heap Roots: 0.05ms
[5.538s][info][gc,phases   ] GC(10)   Evacuate Collection Set: 2.81ms
[5.538s][info][gc,phases   ] GC(10)   Post Evacuate Collection Set: 0.39ms
[5.538s][info][gc,phases   ] GC(10)   Other: 0.10ms
[5.538s][info][gc,heap     ] GC(10) Eden regions: 82->0(109)
[5.538s][info][gc,heap     ] GC(10) Survivor regions: 4->2(11)
[5.538s][info][gc,heap     ] GC(10) Old regions: 10->10
[5.538s][info][gc,heap     ] GC(10) Humongous regions: 0->0
[5.538s][info][gc,metaspace] GC(10) Metaspace: 24812K(25024K)->24812K(25024K) NonClass: 21458K(21568K)->21458K(21568K) Class: 3353K(3456K)->3353K(3456K)
[5.538s][info][gc          ] GC(10) Pause Young (Normal) (G1 Evacuation Pause) 94M->10M(256M) 3.684ms
[5.538s][info][gc,cpu      ] GC(10) User=0.00s Sys=0.00s Real=0.00s
[6.399s][info][gc,start    ] GC(11) Pause Young (Normal) (G1 Evacuation Pause)
[6.399s][info][gc,task     ] GC(11) Using 2 workers of 2 for evacuation
[6.412s][info][gc,phases   ] GC(11)   Pre Evacuate Collection Set: 0.17ms
[6.412s][info][gc,phases   ] GC(11)   Merge Heap Roots: 0.04ms
[6.412s][info][gc,phases   ] GC(11)   Evacuate Collection Set: 4.82ms
[6.412s][info][gc,phases   ] GC(11)   Post Evacuate Collection Set: 7.36ms
[6.412s][info][gc,phases   ] GC(11)   Other: 0.12ms
[6.412s][info][gc,heap     ] GC(11) Eden regions: 110->0(122)
[6.412s][info][gc,heap     ] GC(11) Survivor regions: 2->8(14)
[6.412s][info][gc,heap     ] GC(11) Old regions: 10->10
[6.412s][info][gc,heap     ] GC(11) Humongous regions: 0->0
[6.412s][info][gc,metaspace] GC(11) Metaspace: 25285K(25472K)->25285K(25472K) NonClass: 21929K(22016K)->21929K(22016K) Class: 3356K(3456K)->3356K(3456K)
[6.412s][info][gc          ] GC(11) Pause Young (Normal) (G1 Evacuation Pause) 120M->16M(256M) 12.753ms
[6.412s][info][gc,cpu      ] GC(11) User=0.02s Sys=0.01s Real=0.01s
[7.111s][info][gc,start    ] GC(12) Pause Young (Normal) (G1 Evacuation Pause)
[7.111s][info][gc,task     ] GC(12) Using 2 workers of 2 for evacuation
[7.126s][info][gc,phases   ] GC(12)   Pre Evacuate Collection Set: 0.19ms
[7.126s][info][gc,phases   ] GC(12)   Merge Heap Roots: 0.06ms
[7.126s][info][gc,phases   ] GC(12)   Evacuate Collection Set: 9.34ms
[7.126s][info][gc,phases   ] GC(12)   Post Evacuate Collection Set: 4.71ms
[7.126s][info][gc,phases   ] GC(12)   Other: 0.11ms
[7.126s][info][gc,heap     ] GC(12) Eden regions: 122->0(147)
[7.126s][info][gc,heap     ] GC(12) Survivor regions: 8->6(17)
[7.126s][info][gc,heap     ] GC(12) Old regions: 10->10
[7.126s][info][gc,heap     ] GC(12) Humongous regions: 0->0
[7.126s][info][gc,metaspace] GC(12) Metaspace: 25546K(25728K)->25546K(25728K) NonClass: 22188K(22272K)->22188K(22272K) Class: 3357K(3456K)->3357K(3456K)
[7.126s][info][gc          ] GC(12) Pause Young (Normal) (G1 Evacuation Pause) 138M->14M(256M) 14.625ms
[7.126s][info][gc,cpu      ] GC(12) User=0.02s Sys=0.00s Real=0.02s
[8.067s][info][gc,start    ] GC(13) Pause Young (Normal) (G1 Evacuation Pause)
[8.067s][info][gc,task     ] GC(13) Using 2 workers of 2 for evacuation
[8.080s][info][gc,phases   ] GC(13)   Pre Evacuate Collection Set: 2.51ms
[8.080s][info][gc,phases   ] GC(13)   Merge Heap Roots: 0.13ms
[8.080s][info][gc,phases   ] GC(13)   Evacuate Collection Set: 4.16ms
[8.080s][info][gc,phases   ] GC(13)   Post Evacuate Collection Set: 6.08ms
[8.080s][info][gc,phases   ] GC(13)   Other: 0.11ms
[8.080s][info][gc,heap     ] GC(13) Eden regions: 147->0(149)
[8.080s][info][gc,heap     ] GC(13) Survivor regions: 6->4(20)
[8.080s][info][gc,heap     ] GC(13) Old regions: 10->10
[8.080s][info][gc,heap     ] GC(13) Humongous regions: 0->0
[8.080s][info][gc,metaspace] GC(13) Metaspace: 25853K(26112K)->25853K(26112K) NonClass: 22495K(22656K)->22495K(22656K) Class: 3357K(3456K)->3357K(3456K)
[8.080s][info][gc          ] GC(13) Pause Young (Normal) (G1 Evacuation Pause) 161M->12M(256M) 13.225ms
[8.080s][info][gc,cpu      ] GC(13) User=0.01s Sys=0.00s Real=0.01s
[8.850s][info][gc,start    ] GC(14) Pause Young (Normal) (G1 Evacuation Pause)
[8.850s][info][gc,task     ] GC(14) Using 2 workers of 2 for evacuation
[8.861s][info][gc,phases   ] GC(14)   Pre Evacuate Collection Set: 0.20ms
[8.861s][info][gc,phases   ] GC(14)   Merge Heap Roots: 0.08ms
[8.861s][info][gc,phases   ] GC(14)   Evacuate Collection Set: 4.28ms
[8.861s][info][gc,phases   ] GC(14)   Post Evacuate Collection Set: 6.14ms
[8.861s][info][gc,phases   ] GC(14)   Other: 0.10ms
[8.861s][info][gc,heap     ] GC(14) Eden regions: 149->0(146)
[8.861s][info][gc,heap     ] GC(14) Survivor regions: 4->7(20)
[8.861s][info][gc,heap     ] GC(14) Old regions: 10->10
[8.861s][info][gc,heap     ] GC(14) Humongous regions: 0->0
[8.861s][info][gc,metaspace] GC(14) Metaspace: 26056K(26240K)->26056K(26240K) NonClass: 22698K(22784K)->22698K(22784K) Class: 3357K(3456K)->3357K(3456K)
[8.861s][info][gc          ] GC(14) Pause Young (Normal) (G1 Evacuation Pause) 161M->15M(256M) 11.011ms
[8.861s][info][gc,cpu      ] GC(14) User=0.02s Sys=0.00s Real=0.01s
[9.656s][info][gc,start    ] GC(15) Pause Young (Normal) (G1 Evacuation Pause)
[9.656s][info][gc,task     ] GC(15) Using 2 workers of 2 for evacuation
[9.663s][info][gc,phases   ] GC(15)   Pre Evacuate Collection Set: 0.19ms
[9.663s][info][gc,phases   ] GC(15)   Merge Heap Roots: 0.05ms
[9.663s][info][gc,phases   ] GC(15)   Evacuate Collection Set: 2.81ms
[9.663s][info][gc,phases   ] GC(15)   Post Evacuate Collection Set: 3.96ms
[9.663s][info][gc,phases   ] GC(15)   Other: 0.10ms
[9.663s][info][gc,heap     ] GC(15) Eden regions: 146->0(150)
[9.663s][info][gc,heap     ] GC(15) Survivor regions: 7->3(20)
[9.663s][info][gc,heap     ] GC(15) Old regions: 10->10
[9.663s][info][gc,heap     ] GC(15) Humongous regions: 0->0
[9.663s][info][gc,metaspace] GC(15) Metaspace: 26146K(26368K)->26146K(26368K) NonClass: 22788K(22912K)->22788K(22912K) Class: 3357K(3456K)->3357K(3456K)
[9.663s][info][gc          ] GC(15) Pause Young (Normal) (G1 Evacuation Pause) 161M->11M(256M) 7.302ms
[9.663s][info][gc,cpu      ] GC(15) User=0.01s Sys=0.00s Real=0.01s
[10.370s][info][gc,start    ] GC(16) Pause Young (Normal) (G1 Evacuation Pause)
[10.370s][info][gc,task     ] GC(16) Using 2 workers of 2 for evacuation
[10.379s][info][gc,phases   ] GC(16)   Pre Evacuate Collection Set: 0.16ms
[10.379s][info][gc,phases   ] GC(16)   Merge Heap Roots: 0.05ms
[10.379s][info][gc,phases   ] GC(16)   Evacuate Collection Set: 4.00ms
[10.379s][info][gc,phases   ] GC(16)   Post Evacuate Collection Set: 4.97ms
[10.379s][info][gc,phases   ] GC(16)   Other: 0.11ms
[10.380s][info][gc,heap     ] GC(16) Eden regions: 150->0(146)
[10.380s][info][gc,heap     ] GC(16) Survivor regions: 3->7(20)
[10.380s][info][gc,heap     ] GC(16) Old regions: 10->10
[10.380s][info][gc,heap     ] GC(16) Humongous regions: 0->0
[10.380s][info][gc,metaspace] GC(16) Metaspace: 26218K(26432K)->26218K(26432K) NonClass: 22860K(22976K)->22860K(22976K) Class: 3357K(3456K)->3357K(3456K)
[10.380s][info][gc          ] GC(16) Pause Young (Normal) (G1 Evacuation Pause) 161M->15M(256M) 9.502ms
[10.380s][info][gc,cpu      ] GC(16) User=0.01s Sys=0.00s Real=0.01s
[10.996s][info][gc,start    ] GC(17) Pause Young (Normal) (G1 Evacuation Pause)
[10.996s][info][gc,task     ] GC(17) Using 2 workers of 2 for evacuation
[11.003s][info][gc,phases   ] GC(17)   Pre Evacuate Collection Set: 0.16ms
[11.003s][info][gc,phases   ] GC(17)   Merge Heap Roots: 0.53ms
[11.003s][info][gc,phases   ] GC(17)   Evacuate Collection Set: 4.12ms
[11.003s][info][gc,phases   ] GC(17)   Post Evacuate Collection Set: 1.54ms
[11.003s][info][gc,phases   ] GC(17)   Other: 0.07ms
[11.003s][info][gc,heap     ] GC(17) Eden regions: 146->0(149)
[11.003s][info][gc,heap     ] GC(17) Survivor regions: 7->4(20)
[11.003s][info][gc,heap     ] GC(17) Old regions: 10->10
[11.003s][info][gc,heap     ] GC(17) Humongous regions: 0->0
[11.003s][info][gc,metaspace] GC(17) Metaspace: 26364K(26624K)->26364K(26624K) NonClass: 23005K(23168K)->23005K(23168K) Class: 3358K(3456K)->3358K(3456K)
[11.003s][info][gc          ] GC(17) Pause Young (Normal) (G1 Evacuation Pause) 161M->12M(256M) 6.629ms
[11.003s][info][gc,cpu      ] GC(17) User=0.01s Sys=0.00s Real=0.01s
[11.623s][info][gc,start    ] GC(18) Pause Young (Normal) (G1 Evacuation Pause)
[11.623s][info][gc,task     ] GC(18) Using 2 workers of 2 for evacuation
[11.632s][info][gc,phases   ] GC(18)   Pre Evacuate Collection Set: 0.16ms
[11.632s][info][gc,phases   ] GC(18)   Merge Heap Roots: 0.05ms
[11.632s][info][gc,phases   ] GC(18)   Evacuate Collection Set: 3.50ms
[11.632s][info][gc,phases   ] GC(18)   Post Evacuate Collection Set: 5.42ms
[11.632s][info][gc,phases   ] GC(18)   Other: 0.08ms
[11.632s][info][gc,heap     ] GC(18) Eden regions: 149->0(145)
[11.632s][info][gc,heap     ] GC(18) Survivor regions: 4->8(20)
[11.632s][info][gc,heap     ] GC(18) Old regions: 10->10
[11.632s][info][gc,heap     ] GC(18) Humongous regions: 0->0
[11.632s][info][gc,metaspace] GC(18) Metaspace: 26465K(26688K)->26465K(26688K) NonClass: 23105K(23232K)->23105K(23232K) Class: 3359K(3456K)->3359K(3456K)
[11.632s][info][gc          ] GC(18) Pause Young (Normal) (G1 Evacuation Pause) 161M->16M(256M) 9.430ms
[11.633s][info][gc,cpu      ] GC(18) User=0.01s Sys=0.00s Real=0.01s
[12.265s][info][gc,start    ] GC(19) Pause Young (Normal) (G1 Evacuation Pause)
[12.265s][info][gc,task     ] GC(19) Using 2 workers of 2 for evacuation
[12.271s][info][gc,phases   ] GC(19)   Pre Evacuate Collection Set: 0.16ms
[12.271s][info][gc,phases   ] GC(19)   Merge Heap Roots: 0.05ms
[12.271s][info][gc,phases   ] GC(19)   Evacuate Collection Set: 3.06ms
[12.271s][info][gc,phases   ] GC(19)   Post Evacuate Collection Set: 2.38ms
[12.271s][info][gc,phases   ] GC(19)   Other: 0.10ms
[12.271s][info][gc,heap     ] GC(19) Eden regions: 145->0(148)
[12.271s][info][gc,heap     ] GC(19) Survivor regions: 8->5(20)
[12.271s][info][gc,heap     ] GC(19) Old regions: 10->10
[12.271s][info][gc,heap     ] GC(19) Humongous regions: 0->0
[12.271s][info][gc,metaspace] GC(19) Metaspace: 26585K(26752K)->26585K(26752K) NonClass: 23224K(23296K)->23224K(23296K) Class: 3360K(3456K)->3360K(3456K)
[12.271s][info][gc          ] GC(19) Pause Young (Normal) (G1 Evacuation Pause) 161M->13M(256M) 5.948ms
[12.271s][info][gc,cpu      ] GC(19) User=0.01s Sys=0.00s Real=0.00s
[12.885s][info][gc,start    ] GC(20) Pause Young (Normal) (G1 Evacuation Pause)
[12.885s][info][gc,task     ] GC(20) Using 2 workers of 2 for evacuation
[12.899s][info][gc,phases   ] GC(20)   Pre Evacuate Collection Set: 0.17ms
[12.899s][info][gc,phases   ] GC(20)   Merge Heap Roots: 0.05ms
[12.899s][info][gc,phases   ] GC(20)   Evacuate Collection Set: 7.55ms
[12.899s][info][gc,phases   ] GC(20)   Post Evacuate Collection Set: 6.71ms
[12.899s][info][gc,phases   ] GC(20)   Other: 0.10ms
[12.899s][info][gc,heap     ] GC(20) Eden regions: 148->0(142)
[12.899s][info][gc,heap     ] GC(20) Survivor regions: 5->11(20)
[12.899s][info][gc,heap     ] GC(20) Old regions: 10->10
[12.899s][info][gc,heap     ] GC(20) Humongous regions: 0->0
[12.899s][info][gc,metaspace] GC(20) Metaspace: 26692K(26880K)->26692K(26880K) NonClass: 23330K(23424K)->23330K(23424K) Class: 3361K(3456K)->3361K(3456K)
[12.899s][info][gc          ] GC(20) Pause Young (Normal) (G1 Evacuation Pause) 161M->19M(256M) 14.788ms
[12.900s][info][gc,cpu      ] GC(20) User=0.02s Sys=0.01s Real=0.01s
[13.473s][info][gc,start    ] GC(21) Pause Young (Normal) (G1 Evacuation Pause)
[13.473s][info][gc,task     ] GC(21) Using 2 workers of 2 for evacuation
[13.482s][info][gc,phases   ] GC(21)   Pre Evacuate Collection Set: 0.17ms
[13.482s][info][gc,phases   ] GC(21)   Merge Heap Roots: 0.05ms
[13.482s][info][gc,phases   ] GC(21)   Evacuate Collection Set: 5.73ms
[13.482s][info][gc,phases   ] GC(21)   Post Evacuate Collection Set: 2.44ms
[13.482s][info][gc,phases   ] GC(21)   Other: 0.10ms
[13.482s][info][gc,heap     ] GC(21) Eden regions: 142->0(148)
[13.482s][info][gc,heap     ] GC(21) Survivor regions: 11->5(20)
[13.482s][info][gc,heap     ] GC(21) Old regions: 10->11
[13.482s][info][gc,heap     ] GC(21) Humongous regions: 0->0
[13.482s][info][gc,metaspace] GC(21) Metaspace: 26757K(26944K)->26757K(26944K) NonClass: 23395K(23488K)->23395K(23488K) Class: 3361K(3456K)->3361K(3456K)
[13.482s][info][gc          ] GC(21) Pause Young (Normal) (G1 Evacuation Pause) 161M->14M(256M) 8.736ms
[13.482s][info][gc,cpu      ] GC(21) User=0.02s Sys=0.01s Real=0.00s
[14.129s][info][gc,start    ] GC(22) Pause Young (Normal) (G1 Evacuation Pause)
[14.129s][info][gc,task     ] GC(22) Using 2 workers of 2 for evacuation
[14.138s][info][gc,phases   ] GC(22)   Pre Evacuate Collection Set: 0.17ms
[14.138s][info][gc,phases   ] GC(22)   Merge Heap Roots: 0.07ms
[14.138s][info][gc,phases   ] GC(22)   Evacuate Collection Set: 3.43ms
[14.138s][info][gc,phases   ] GC(22)   Post Evacuate Collection Set: 5.06ms
[14.138s][info][gc,phases   ] GC(22)   Other: 0.08ms
[14.138s][info][gc,heap     ] GC(22) Eden regions: 148->0(145)
[14.138s][info][gc,heap     ] GC(22) Survivor regions: 5->8(20)
[14.138s][info][gc,heap     ] GC(22) Old regions: 11->11
[14.138s][info][gc,heap     ] GC(22) Humongous regions: 0->0
[14.138s][info][gc,metaspace] GC(22) Metaspace: 26856K(27008K)->26856K(27008K) NonClass: 23494K(23552K)->23494K(23552K) Class: 3361K(3456K)->3361K(3456K)
[14.138s][info][gc          ] GC(22) Pause Young (Normal) (G1 Evacuation Pause) 162M->17M(256M) 9.018ms
[14.138s][info][gc,cpu      ] GC(22) User=0.02s Sys=0.00s Real=0.01s
[14.680s][info][gc,start    ] GC(23) Pause Young (Normal) (G1 Evacuation Pause)
[14.681s][info][gc,task     ] GC(23) Using 2 workers of 2 for evacuation
[14.689s][info][gc,phases   ] GC(23)   Pre Evacuate Collection Set: 0.16ms
[14.689s][info][gc,phases   ] GC(23)   Merge Heap Roots: 0.05ms
[14.689s][info][gc,phases   ] GC(23)   Evacuate Collection Set: 2.66ms
[14.689s][info][gc,phases   ] GC(23)   Post Evacuate Collection Set: 5.13ms
[14.689s][info][gc,phases   ] GC(23)   Other: 0.08ms
[14.689s][info][gc,heap     ] GC(23) Eden regions: 145->0(149)
[14.689s][info][gc,heap     ] GC(23) Survivor regions: 8->4(20)
[14.689s][info][gc,heap     ] GC(23) Old regions: 11->11
[14.689s][info][gc,heap     ] GC(23) Humongous regions: 0->0
[14.689s][info][gc,metaspace] GC(23) Metaspace: 26923K(27136K)->26923K(27136K) NonClass: 23562K(23680K)->23562K(23680K) Class: 3361K(3456K)->3361K(3456K)
[14.689s][info][gc          ] GC(23) Pause Young (Normal) (G1 Evacuation Pause) 162M->13M(256M) 8.302ms
[14.689s][info][gc,cpu      ] GC(23) User=0.01s Sys=0.00s Real=0.01s
[15.292s][info][gc,start    ] GC(24) Pause Young (Normal) (G1 Evacuation Pause)
[15.292s][info][gc,task     ] GC(24) Using 2 workers of 2 for evacuation
[15.304s][info][gc,phases   ] GC(24)   Pre Evacuate Collection Set: 0.21ms
[15.304s][info][gc,phases   ] GC(24)   Merge Heap Roots: 0.07ms
[15.304s][info][gc,phases   ] GC(24)   Evacuate Collection Set: 7.47ms
[15.304s][info][gc,phases   ] GC(24)   Post Evacuate Collection Set: 4.18ms
[15.304s][info][gc,phases   ] GC(24)   Other: 0.08ms
[15.304s][info][gc,heap     ] GC(24) Eden regions: 149->0(147)
[15.304s][info][gc,heap     ] GC(24) Survivor regions: 4->6(20)
[15.304s][info][gc,heap     ] GC(24) Old regions: 11->11
[15.304s][info][gc,heap     ] GC(24) Humongous regions: 0->0
[15.304s][info][gc,metaspace] GC(24) Metaspace: 27002K(27200K)->27002K(27200K) NonClass: 23640K(23744K)->23640K(23744K) Class: 3361K(3456K)->3361K(3456K)
[15.304s][info][gc          ] GC(24) Pause Young (Normal) (G1 Evacuation Pause) 162M->15M(256M) 12.216ms
[15.304s][info][gc,cpu      ] GC(24) User=0.01s Sys=0.00s Real=0.02s
[15.802s][info][gc,start    ] GC(25) Pause Young (Normal) (G1 Evacuation Pause)
[15.802s][info][gc,task     ] GC(25) Using 2 workers of 2 for evacuation
[15.808s][info][gc,phases   ] GC(25)   Pre Evacuate Collection Set: 0.19ms
[15.808s][info][gc,phases   ] GC(25)   Merge Heap Roots: 0.09ms
[15.808s][info][gc,phases   ] GC(25)   Evacuate Collection Set: 2.91ms
[15.808s][info][gc,phases   ] GC(25)   Post Evacuate Collection Set: 3.50ms
[15.808s][info][gc,phases   ] GC(25)   Other: 0.08ms
[15.808s][info][gc,heap     ] GC(25) Eden regions: 147->0(149)
[15.808s][info][gc,heap     ] GC(25) Survivor regions: 6->4(20)
[15.808s][info][gc,heap     ] GC(25) Old regions: 11->11
[15.808s][info][gc,heap     ] GC(25) Humongous regions: 0->0
[15.808s][info][gc,metaspace] GC(25) Metaspace: 27044K(27264K)->27044K(27264K) NonClass: 23682K(23808K)->23682K(23808K) Class: 3361K(3456K)->3361K(3456K)
[15.808s][info][gc          ] GC(25) Pause Young (Normal) (G1 Evacuation Pause) 162M->13M(256M) 6.955ms
[15.808s][info][gc,cpu      ] GC(25) User=0.01s Sys=0.00s Real=0.01s
[16.315s][info][gc,start    ] GC(26) Pause Young (Normal) (G1 Evacuation Pause)
[16.315s][info][gc,task     ] GC(26) Using 2 workers of 2 for evacuation
[16.322s][info][gc,phases   ] GC(26)   Pre Evacuate Collection Set: 0.16ms
[16.322s][info][gc,phases   ] GC(26)   Merge Heap Roots: 0.05ms
[16.322s][info][gc,phases   ] GC(26)   Evacuate Collection Set: 4.39ms
[16.322s][info][gc,phases   ] GC(26)   Post Evacuate Collection Set: 2.58ms
[16.322s][info][gc,phases   ] GC(26)   Other: 0.08ms
[16.322s][info][gc,heap     ] GC(26) Eden regions: 149->0(150)
[16.322s][info][gc,heap     ] GC(26) Survivor regions: 4->3(20)
[16.322s][info][gc,heap     ] GC(26) Old regions: 11->11
[16.322s][info][gc,heap     ] GC(26) Humongous regions: 0->0
[16.322s][info][gc,metaspace] GC(26) Metaspace: 27068K(27264K)->27068K(27264K) NonClass: 23707K(23808K)->23707K(23808K) Class: 3361K(3456K)->3361K(3456K)
[16.322s][info][gc          ] GC(26) Pause Young (Normal) (G1 Evacuation Pause) 162M->12M(256M) 7.459ms
[16.322s][info][gc,cpu      ] GC(26) User=0.01s Sys=0.00s Real=0.00s
[16.804s][info][gc,start    ] GC(27) Pause Young (Normal) (G1 Evacuation Pause)
[16.804s][info][gc,task     ] GC(27) Using 2 workers of 2 for evacuation
[16.815s][info][gc,phases   ] GC(27)   Pre Evacuate Collection Set: 0.17ms
[16.815s][info][gc,phases   ] GC(27)   Merge Heap Roots: 0.05ms
[16.815s][info][gc,phases   ] GC(27)   Evacuate Collection Set: 2.12ms
[16.815s][info][gc,phases   ] GC(27)   Post Evacuate Collection Set: 8.62ms
[16.815s][info][gc,phases   ] GC(27)   Other: 0.10ms
[16.815s][info][gc,heap     ] GC(27) Eden regions: 150->0(146)
[16.815s][info][gc,heap     ] GC(27) Survivor regions: 3->7(20)
[16.815s][info][gc,heap     ] GC(27) Old regions: 11->11
[16.815s][info][gc,heap     ] GC(27) Humongous regions: 0->0
[16.815s][info][gc,metaspace] GC(27) Metaspace: 27097K(27264K)->27097K(27264K) NonClass: 23735K(23808K)->23735K(23808K) Class: 3361K(3456K)->3361K(3456K)
[16.815s][info][gc          ] GC(27) Pause Young (Normal) (G1 Evacuation Pause) 162M->16M(256M) 11.295ms
[16.815s][info][gc,cpu      ] GC(27) User=0.01s Sys=0.00s Real=0.01s
[17.355s][info][gc,start    ] GC(28) Pause Young (Normal) (G1 Evacuation Pause)
[17.355s][info][gc,task     ] GC(28) Using 2 workers of 2 for evacuation
[17.365s][info][gc,phases   ] GC(28)   Pre Evacuate Collection Set: 0.16ms
[17.365s][info][gc,phases   ] GC(28)   Merge Heap Roots: 0.05ms
[17.365s][info][gc,phases   ] GC(28)   Evacuate Collection Set: 5.10ms
[17.365s][info][gc,phases   ] GC(28)   Post Evacuate Collection Set: 4.42ms
[17.365s][info][gc,phases   ] GC(28)   Other: 0.10ms
[17.365s][info][gc,heap     ] GC(28) Eden regions: 146->0(149)
[17.365s][info][gc,heap     ] GC(28) Survivor regions: 7->4(20)
[17.365s][info][gc,heap     ] GC(28) Old regions: 11->11
[17.365s][info][gc,heap     ] GC(28) Humongous regions: 0->0
[17.365s][info][gc,metaspace] GC(28) Metaspace: 27172K(27392K)->27172K(27392K) NonClass: 23809K(23936K)->23809K(23936K) Class: 3362K(3456K)->3362K(3456K)
[17.365s][info][gc          ] GC(28) Pause Young (Normal) (G1 Evacuation Pause) 162M->13M(256M) 10.019ms
[17.365s][info][gc,cpu      ] GC(28) User=0.02s Sys=0.00s Real=0.01s
[17.851s][info][gc,start    ] GC(29) Pause Young (Normal) (G1 Evacuation Pause)
[17.851s][info][gc,task     ] GC(29) Using 2 workers of 2 for evacuation
[17.860s][info][gc,phases   ] GC(29)   Pre Evacuate Collection Set: 0.15ms
[17.860s][info][gc,phases   ] GC(29)   Merge Heap Roots: 0.06ms
[17.860s][info][gc,phases   ] GC(29)   Evacuate Collection Set: 1.40ms
[17.860s][info][gc,phases   ] GC(29)   Post Evacuate Collection Set: 7.68ms
[17.860s][info][gc,phases   ] GC(29)   Other: 0.08ms
[17.860s][info][gc,heap     ] GC(29) Eden regions: 149->0(147)
[17.860s][info][gc,heap     ] GC(29) Survivor regions: 4->6(20)
[17.860s][info][gc,heap     ] GC(29) Old regions: 11->11
[17.860s][info][gc,heap     ] GC(29) Humongous regions: 0->0
[17.860s][info][gc,metaspace] GC(29) Metaspace: 27455K(27648K)->27455K(27648K) NonClass: 24092K(24192K)->24092K(24192K) Class: 3362K(3456K)->3362K(3456K)
[17.860s][info][gc          ] GC(29) Pause Young (Normal) (G1 Evacuation Pause) 162M->15M(256M) 9.644ms
[17.860s][info][gc,cpu      ] GC(29) User=0.01s Sys=0.00s Real=0.01s
[18.334s][info][gc,start    ] GC(30) Pause Young (Normal) (G1 Evacuation Pause)
[18.334s][info][gc,task     ] GC(30) Using 2 workers of 2 for evacuation
[18.339s][info][gc,phases   ] GC(30)   Pre Evacuate Collection Set: 0.16ms
[18.339s][info][gc,phases   ] GC(30)   Merge Heap Roots: 0.06ms
[18.339s][info][gc,phases   ] GC(30)   Evacuate Collection Set: 1.90ms
[18.339s][info][gc,phases   ] GC(30)   Post Evacuate Collection Set: 2.74ms
[18.339s][info][gc,phases   ] GC(30)   Other: 0.11ms
[18.339s][info][gc,heap     ] GC(30) Eden regions: 147->0(150)
[18.339s][info][gc,heap     ] GC(30) Survivor regions: 6->3(20)
[18.339s][info][gc,heap     ] GC(30) Old regions: 11->11
[18.339s][info][gc,heap     ] GC(30) Humongous regions: 0->0
[18.339s][info][gc,metaspace] GC(30) Metaspace: 27482K(27712K)->27482K(27712K) NonClass: 24119K(24256K)->24119K(24256K) Class: 3362K(3456K)->3362K(3456K)
[18.339s][info][gc          ] GC(30) Pause Young (Normal) (G1 Evacuation Pause) 162M->12M(256M) 5.157ms
[18.339s][info][gc,cpu      ] GC(30) User=0.01s Sys=0.00s Real=0.00s
[18.835s][info][gc,start    ] GC(31) Pause Young (Normal) (G1 Evacuation Pause)
[18.835s][info][gc,task     ] GC(31) Using 2 workers of 2 for evacuation
[18.849s][info][gc,phases   ] GC(31)   Pre Evacuate Collection Set: 0.17ms
[18.849s][info][gc,phases   ] GC(31)   Merge Heap Roots: 0.05ms
[18.849s][info][gc,phases   ] GC(31)   Evacuate Collection Set: 4.61ms
[18.849s][info][gc,phases   ] GC(31)   Post Evacuate Collection Set: 8.89ms
[18.849s][info][gc,phases   ] GC(31)   Other: 0.08ms
[18.849s][info][gc,heap     ] GC(31) Eden regions: 150->0(147)
[18.849s][info][gc,heap     ] GC(31) Survivor regions: 3->6(20)
[18.849s][info][gc,heap     ] GC(31) Old regions: 11->11
[18.849s][info][gc,heap     ] GC(31) Humongous regions: 0->0
[18.849s][info][gc,metaspace] GC(31) Metaspace: 27528K(27712K)->27528K(27712K) NonClass: 24165K(24256K)->24165K(24256K) Class: 3362K(3456K)->3362K(3456K)
[18.849s][info][gc          ] GC(31) Pause Young (Normal) (G1 Evacuation Pause) 162M->15M(256M) 14.074ms
[18.849s][info][gc,cpu      ] GC(31) User=0.02s Sys=0.00s Real=0.01s
[19.360s][info][gc,start    ] GC(32) Pause Young (Normal) (G1 Evacuation Pause)
[19.360s][info][gc,task     ] GC(32) Using 2 workers of 2 for evacuation
[19.365s][info][gc,phases   ] GC(32)   Pre Evacuate Collection Set: 0.17ms
[19.365s][info][gc,phases   ] GC(32)   Merge Heap Roots: 0.05ms
[19.365s][info][gc,phases   ] GC(32)   Evacuate Collection Set: 2.90ms
[19.365s][info][gc,phases   ] GC(32)   Post Evacuate Collection Set: 2.66ms
[19.365s][info][gc,phases   ] GC(32)   Other: 0.08ms
[19.366s][info][gc,heap     ] GC(32) Eden regions: 147->0(151)
[19.366s][info][gc,heap     ] GC(32) Survivor regions: 6->2(20)
[19.366s][info][gc,heap     ] GC(32) Old regions: 11->11
[19.366s][info][gc,heap     ] GC(32) Humongous regions: 0->0
[19.366s][info][gc,metaspace] GC(32) Metaspace: 27547K(27776K)->27547K(27776K) NonClass: 24183K(24320K)->24183K(24320K) Class: 3363K(3456K)->3363K(3456K)
[19.366s][info][gc          ] GC(32) Pause Young (Normal) (G1 Evacuation Pause) 162M->11M(256M) 6.077ms
[19.366s][info][gc,cpu      ] GC(32) User=0.02s Sys=0.00s Real=0.01s
[19.374s][info][gc,heap,exit] Heap
[19.374s][info][gc,heap,exit]  garbage-first heap   total reserved 1001472K, committed 262144K, used 13029K [0x00000000c2e00000, 0x0000000100000000)
[19.374s][info][gc,heap,exit]   region size 1024K, 3 young (3072K), 2 survivors (2048K)
[19.374s][info][gc,heap,exit]  Metaspace       used 27554K, committed 27776K, reserved 1114112K
[19.374s][info][gc,heap,exit]   class space    used 3364K, committed 3456K, reserved 1048576K
