[0.002s][info][metaspace]  - commit_granule_bytes: 65536.
[0.002s][info][metaspace]  - commit_granule_words: 8192.
[0.002s][info][metaspace]  - virtual_space_node_default_size: 8388608.
[0.002s][info][metaspace]  - enlarge_chunks_in_place: 1.
[0.004s][info][gc,init  ] CardTable entry size: 512
[0.008s][info][gc       ] Using G1
[0.012s][info][gc,init  ] Version: 24-internal-adhoc.root.jdk (release)
[0.012s][info][gc,init  ] CPUs: 2 total, 2 available
[0.012s][info][gc,init  ] Memory: 3908M
[0.012s][info][gc,init  ] Large Page Support: Disabled
[0.012s][info][gc,init  ] NUMA Support: Disabled
[0.012s][info][gc,init  ] Compressed Oops: Enabled (32-bit)
[0.012s][info][gc,init  ] Heap Region Size: 1M
[0.012s][info][gc,init  ] Heap Min Capacity: 256M
[0.012s][info][gc,init  ] Heap Initial Capacity: 256M
[0.012s][info][gc,init  ] Heap Max Capacity: 978M
[0.012s][info][gc,init  ] Pre-touch: Disabled
[0.012s][info][gc,init  ] Parallel Workers: 2
[0.012s][info][gc,init  ] Concurrent Workers: 1
[0.012s][info][gc,init  ] Concurrent Refinement Workers: 2
[0.012s][info][gc,init  ] Periodic GC: Disabled
[0.026s][info][gc,metaspace] CDS archive(s) mapped at: [0x00007f327e000000-0x00007f327ee7b000-0x00007f327ee7b000), size 15183872, SharedBaseAddress: 0x00007f327e000000, ArchiveRelocationMode: 1.
[0.026s][info][gc,metaspace] Compressed class space mapped at: 0x00007f327f000000-0x00007f32bf000000, reserved size: 1073741824
[0.026s][info][gc,metaspace] UseCompressedClassPointers 1, UseCompactObjectHeaders 1
[0.026s][info][gc,metaspace] Narrow klass pointer bits 22, Max shift 10
[0.026s][info][gc,metaspace] Narrow klass base: 0x00007f327e000000, Narrow klass shift: 10
[0.026s][info][gc,metaspace] Encoding Range: [0x00007f327e000000 - 0x00007f337e000000), (4294967296 bytes)
[0.026s][info][gc,metaspace] Klass Range:    [0x00007f327e000000 - 0x00007f32bf000000), (1090519040 bytes)
[0.026s][info][gc,metaspace] Klass ID Range:  [1 - 1064960) (1064959)
[0.363s][info][gc,start    ] GC(0) Pause Young (Normal) (G1 Evacuation Pause)
[0.364s][info][gc,task     ] GC(0) Using 2 workers of 2 for evacuation
[0.369s][info][gc,phases   ] GC(0)   Pre Evacuate Collection Set: 0.19ms
[0.369s][info][gc,phases   ] GC(0)   Merge Heap Roots: 0.08ms
[0.369s][info][gc,phases   ] GC(0)   Evacuate Collection Set: 4.51ms
[0.369s][info][gc,phases   ] GC(0)   Post Evacuate Collection Set: 0.24ms
[0.369s][info][gc,phases   ] GC(0)   Other: 0.20ms
[0.369s][info][gc,heap     ] GC(0) Eden regions: 12->0(10)
[0.369s][info][gc,heap     ] GC(0) Survivor regions: 0->2(2)
[0.369s][info][gc,heap     ] GC(0) Old regions: 2->3
[0.369s][info][gc,heap     ] GC(0) Humongous regions: 0->0
[0.369s][info][gc,metaspace] GC(0) Metaspace: 2804K(2944K)->2804K(2944K) NonClass: 2418K(2496K)->2418K(2496K) Class: 386K(448K)->386K(448K)
[0.369s][info][gc          ] GC(0) Pause Young (Normal) (G1 Evacuation Pause) 13M->4M(258M) 5.453ms
[0.369s][info][gc,cpu      ] GC(0) User=0.01s Sys=0.00s Real=0.01s
[0.614s][info][gc,start    ] GC(1) Pause Young (Normal) (G1 Evacuation Pause)
[0.614s][info][gc,task     ] GC(1) Using 2 workers of 2 for evacuation
[0.618s][info][gc,phases   ] GC(1)   Pre Evacuate Collection Set: 0.19ms
[0.618s][info][gc,phases   ] GC(1)   Merge Heap Roots: 0.05ms
[0.618s][info][gc,phases   ] GC(1)   Evacuate Collection Set: 3.11ms
[0.618s][info][gc,phases   ] GC(1)   Post Evacuate Collection Set: 0.28ms
[0.618s][info][gc,phases   ] GC(1)   Other: 0.09ms
[0.618s][info][gc,heap     ] GC(1) Eden regions: 10->0(15)
[0.618s][info][gc,heap     ] GC(1) Survivor regions: 2->1(2)
[0.618s][info][gc,heap     ] GC(1) Old regions: 3->6
[0.618s][info][gc,heap     ] GC(1) Humongous regions: 0->0
[0.618s][info][gc,metaspace] GC(1) Metaspace: 7101K(7168K)->7101K(7168K) NonClass: 5917K(5952K)->5917K(5952K) Class: 1183K(1216K)->1183K(1216K)
[0.618s][info][gc          ] GC(1) Pause Young (Normal) (G1 Evacuation Pause) 14M->4M(258M) 3.895ms
[0.618s][info][gc,cpu      ] GC(1) User=0.01s Sys=0.00s Real=0.01s
[1.014s][info][gc,start    ] GC(2) Pause Young (Normal) (G1 Evacuation Pause)
[1.014s][info][gc,task     ] GC(2) Using 2 workers of 2 for evacuation
[1.020s][info][gc,phases   ] GC(2)   Pre Evacuate Collection Set: 0.15ms
[1.020s][info][gc,phases   ] GC(2)   Merge Heap Roots: 0.04ms
[1.020s][info][gc,phases   ] GC(2)   Evacuate Collection Set: 5.05ms
[1.020s][info][gc,phases   ] GC(2)   Post Evacuate Collection Set: 0.39ms
[1.020s][info][gc,phases   ] GC(2)   Other: 0.14ms
[1.020s][info][gc,heap     ] GC(2) Eden regions: 17->0(18)
[1.020s][info][gc,heap     ] GC(2) Survivor regions: 1->3(3)
[1.020s][info][gc,heap     ] GC(2) Old regions: 6->6
[1.020s][info][gc,heap     ] GC(2) Humongous regions: 0->0
[1.020s][info][gc,metaspace] GC(2) Metaspace: 13317K(13504K)->13317K(13504K) NonClass: 11280K(11392K)->11280K(11392K) Class: 2037K(2112K)->2037K(2112K)
[1.020s][info][gc          ] GC(2) Pause Young (Normal) (G1 Evacuation Pause) 21M->6M(258M) 5.947ms
[1.020s][info][gc,cpu      ] GC(2) User=0.00s Sys=0.00s Real=0.01s
[1.500s][info][gc,start    ] GC(3) Pause Young (Normal) (G1 Evacuation Pause)
[1.500s][info][gc,task     ] GC(3) Using 2 workers of 2 for evacuation
[1.509s][info][gc,phases   ] GC(3)   Pre Evacuate Collection Set: 0.16ms
[1.509s][info][gc,phases   ] GC(3)   Merge Heap Roots: 0.04ms
[1.509s][info][gc,phases   ] GC(3)   Evacuate Collection Set: 7.09ms
[1.509s][info][gc,phases   ] GC(3)   Post Evacuate Collection Set: 1.80ms
[1.509s][info][gc,phases   ] GC(3)   Other: 0.10ms
[1.509s][info][gc,heap     ] GC(3) Eden regions: 19->0(25)
[1.509s][info][gc,heap     ] GC(3) Survivor regions: 3->3(3)
[1.509s][info][gc,heap     ] GC(3) Old regions: 6->8
[1.509s][info][gc,heap     ] GC(3) Humongous regions: 0->0
[1.509s][info][gc,metaspace] GC(3) Metaspace: 19757K(19968K)->19757K(19968K) NonClass: 16787K(16896K)->16787K(16896K) Class: 2970K(3072K)->2970K(3072K)
[1.509s][info][gc          ] GC(3) Pause Young (Normal) (G1 Evacuation Pause) 25M->9M(258M) 9.392ms
[1.509s][info][gc,cpu      ] GC(3) User=0.01s Sys=0.01s Real=0.01s
[1.941s][info][metaspace   ] ChkMgr @0x00007f32f41626e0 (non-class-space): failed to commit 98 words on chunk @0x00007f32f47996c8, f, base 0x00007f3275260000, level lv10.
[1.942s][info][metaspace   ] Arena @0x00007f32f43d2850 (non-class arena): failed to allocate new chunk for requested word size 98.
[1.942s][info][metaspace   ] Arena @0x00007f32f43d2850 (non-class arena): allocation failed, returned null.
[1.942s][info][metaspace   ] ChkMgr @0x00007f32f41626e0 (non-class-space): failed to commit 98 words on chunk @0x00007f32f47996c8, f, base 0x00007f3275260000, level lv10.
[1.942s][info][metaspace   ] Arena @0x00007f32f43d2850 (non-class arena): failed to allocate new chunk for requested word size 98.
[1.942s][info][metaspace   ] Arena @0x00007f32f43d2850 (non-class arena): allocation failed, returned null.
[1.942s][info][metaspace   ] ChkMgr @0x00007f32f41626e0 (non-class-space): failed to commit 98 words on chunk @0x00007f32f47996c8, f, base 0x00007f3275260000, level lv10.
[1.942s][info][metaspace   ] Arena @0x00007f32f43d2850 (non-class arena): failed to allocate new chunk for requested word size 98.
[1.942s][info][metaspace   ] Arena @0x00007f32f43d2850 (non-class arena): allocation failed, returned null.
[1.942s][info][gc,start    ] GC(4) Pause Young (Concurrent Start) (Metadata GC Threshold)
[1.942s][info][gc,task     ] GC(4) Using 2 workers of 2 for evacuation
[1.947s][info][gc,phases   ] GC(4)   Pre Evacuate Collection Set: 0.16ms
[1.947s][info][gc,phases   ] GC(4)   Merge Heap Roots: 0.04ms
[1.947s][info][gc,phases   ] GC(4)   Evacuate Collection Set: 4.28ms
[1.947s][info][gc,phases   ] GC(4)   Post Evacuate Collection Set: 0.48ms
[1.947s][info][gc,phases   ] GC(4)   Other: 0.08ms
[1.947s][info][gc,heap     ] GC(4) Eden regions: 16->0(45)
[1.947s][info][gc,heap     ] GC(4) Survivor regions: 3->1(4)
[1.947s][info][gc,heap     ] GC(4) Old regions: 8->10
[1.947s][info][gc,heap     ] GC(4) Humongous regions: 0->0
[1.947s][info][gc,metaspace] GC(4) Metaspace: 21374K(21504K)->21374K(21504K) NonClass: 18216K(18304K)->18216K(18304K) Class: 3158K(3200K)->3158K(3200K)
[1.947s][info][gc          ] GC(4) Pause Young (Concurrent Start) (Metadata GC Threshold) 24M->9M(258M) 5.208ms
[1.947s][info][gc,cpu      ] GC(4) User=0.01s Sys=0.00s Real=0.01s
[1.947s][info][gc          ] GC(5) Concurrent Mark Cycle
[1.947s][info][metaspace   ] CLMS @0x00007f32f43d2820 : GC threshold increased: 22020096->22347776.
[1.947s][info][gc,marking  ] GC(5) Concurrent Scan Root Regions
[1.956s][info][gc,marking  ] GC(5) Concurrent Scan Root Regions 8.660ms
[1.956s][info][gc,marking  ] GC(5) Concurrent Mark
[1.956s][info][gc,marking  ] GC(5) Concurrent Mark From Roots
[1.956s][info][gc,task     ] GC(5) Using 1 workers of 1 for marking
[1.976s][info][gc,marking  ] GC(5) Concurrent Mark From Roots 19.398ms
[1.976s][info][gc,marking  ] GC(5) Concurrent Preclean
[1.976s][info][gc,marking  ] GC(5) Concurrent Preclean 0.050ms
[1.977s][info][gc,start    ] GC(5) Pause Remark
[1.981s][info][gc          ] GC(5) Pause Remark 10M->10M(256M) 4.306ms
[1.981s][info][gc,cpu      ] GC(5) User=0.01s Sys=0.00s Real=0.00s
[1.981s][info][gc,marking  ] GC(5) Concurrent Mark 25.235ms
[1.981s][info][gc,marking  ] GC(5) Concurrent Rebuild Remembered Sets and Scrub Regions
[1.987s][info][gc,marking  ] GC(5) Concurrent Rebuild Remembered Sets and Scrub Regions 5.624ms
[1.987s][info][gc,start    ] GC(5) Pause Cleanup
[1.987s][info][gc          ] GC(5) Pause Cleanup 10M->10M(256M) 0.034ms
[1.987s][info][gc,cpu      ] GC(5) User=0.00s Sys=0.00s Real=0.00s
[1.987s][info][gc,marking  ] GC(5) Concurrent Clear Claimed Marks
[1.988s][info][gc,marking  ] GC(5) Concurrent Clear Claimed Marks 0.015ms
[1.988s][info][gc,marking  ] GC(5) Concurrent Cleanup for Next Mark
[1.992s][info][gc,marking  ] GC(5) Concurrent Cleanup for Next Mark 3.785ms
[1.992s][info][gc          ] GC(5) Concurrent Mark Cycle 44.420ms
[2.780s][info][gc,start    ] GC(6) Pause Young (Prepare Mixed) (G1 Evacuation Pause)
[2.780s][info][gc,task     ] GC(6) Using 2 workers of 2 for evacuation
[2.788s][info][gc,phases   ] GC(6)   Pre Evacuate Collection Set: 0.23ms
[2.788s][info][gc,phases   ] GC(6)   Merge Heap Roots: 0.10ms
[2.788s][info][gc,phases   ] GC(6)   Evacuate Collection Set: 5.90ms
[2.788s][info][gc,phases   ] GC(6)   Post Evacuate Collection Set: 1.42ms
[2.788s][info][gc,phases   ] GC(6)   Other: 0.12ms
[2.788s][info][gc,heap     ] GC(6) Eden regions: 45->0(41)
[2.788s][info][gc,heap     ] GC(6) Survivor regions: 1->4(6)
[2.788s][info][gc,heap     ] GC(6) Old regions: 10->10
[2.788s][info][gc,heap     ] GC(6) Humongous regions: 0->0
[2.788s][info][gc,metaspace] GC(6) Metaspace: 22705K(22848K)->22705K(22848K) NonClass: 19484K(19584K)->19484K(19584K) Class: 3220K(3264K)->3220K(3264K)
[2.788s][info][gc          ] GC(6) Pause Young (Prepare Mixed) (G1 Evacuation Pause) 54M->11M(256M) 7.949ms
[2.788s][info][gc,cpu      ] GC(6) User=0.02s Sys=0.00s Real=0.01s
[3.158s][info][gc,start    ] GC(7) Pause Young (Mixed) (G1 Evacuation Pause)
[3.158s][info][gc,task     ] GC(7) Using 2 workers of 2 for evacuation
[3.169s][info][gc,phases   ] GC(7)   Pre Evacuate Collection Set: 0.17ms
[3.169s][info][gc,phases   ] GC(7)   Merge Heap Roots: 0.05ms
[3.169s][info][gc,phases   ] GC(7)   Evacuate Collection Set: 6.26ms
[3.169s][info][gc,phases   ] GC(7)   Post Evacuate Collection Set: 4.42ms
[3.169s][info][gc,phases   ] GC(7)   Other: 0.11ms
[3.169s][info][gc,heap     ] GC(7) Eden regions: 42->0(45)
[3.169s][info][gc,heap     ] GC(7) Survivor regions: 4->6(6)
[3.169s][info][gc,heap     ] GC(7) Old regions: 10->11
[3.169s][info][gc,heap     ] GC(7) Humongous regions: 0->0
[3.169s][info][gc,metaspace] GC(7) Metaspace: 23385K(23552K)->23385K(23552K) NonClass: 20087K(20160K)->20087K(20160K) Class: 3298K(3392K)->3298K(3392K)
[3.169s][info][gc          ] GC(7) Pause Young (Mixed) (G1 Evacuation Pause) 53M->16M(256M) 11.174ms
[3.169s][info][gc,cpu      ] GC(7) User=0.02s Sys=0.00s Real=0.01s
[3.464s][info][gc,start    ] GC(8) Pause Young (Normal) (G1 Evacuation Pause)
[3.464s][info][gc,task     ] GC(8) Using 2 workers of 2 for evacuation
[3.473s][info][gc,phases   ] GC(8)   Pre Evacuate Collection Set: 0.20ms
[3.473s][info][gc,phases   ] GC(8)   Merge Heap Roots: 0.05ms
[3.473s][info][gc,phases   ] GC(8)   Evacuate Collection Set: 8.22ms
[3.473s][info][gc,phases   ] GC(8)   Post Evacuate Collection Set: 0.30ms
[3.473s][info][gc,phases   ] GC(8)   Other: 0.07ms
[3.473s][info][gc,heap     ] GC(8) Eden regions: 41->0(70)
[3.473s][info][gc,heap     ] GC(8) Survivor regions: 6->5(6)
[3.473s][info][gc,heap     ] GC(8) Old regions: 11->13
[3.473s][info][gc,heap     ] GC(8) Humongous regions: 0->0
[3.473s][info][gc,metaspace] GC(8) Metaspace: 23520K(23744K)->23520K(23744K) NonClass: 20221K(20352K)->20221K(20352K) Class: 3298K(3392K)->3298K(3392K)
[3.473s][info][gc          ] GC(8) Pause Young (Normal) (G1 Evacuation Pause) 57M->17M(256M) 9.010ms
[3.473s][info][gc,cpu      ] GC(8) User=0.02s Sys=0.00s Real=0.01s
[4.326s][info][gc,start    ] GC(9) Pause Young (Normal) (G1 Evacuation Pause)
[4.327s][info][gc,task     ] GC(9) Using 2 workers of 2 for evacuation
[4.338s][info][gc,phases   ] GC(9)   Pre Evacuate Collection Set: 0.17ms
[4.338s][info][gc,phases   ] GC(9)   Merge Heap Roots: 0.04ms
[4.338s][info][gc,phases   ] GC(9)   Evacuate Collection Set: 5.69ms
[4.338s][info][gc,phases   ] GC(9)   Post Evacuate Collection Set: 4.96ms
[4.338s][info][gc,phases   ] GC(9)   Other: 0.12ms
[4.338s][info][gc,heap     ] GC(9) Eden regions: 74->0(76)
[4.338s][info][gc,heap     ] GC(9) Survivor regions: 5->5(10)
[4.338s][info][gc,heap     ] GC(9) Old regions: 13->13
[4.338s][info][gc,heap     ] GC(9) Humongous regions: 0->0
[4.338s][info][gc,metaspace] GC(9) Metaspace: 24079K(24320K)->24079K(24320K) NonClass: 20761K(20864K)->20761K(20864K) Class: 3317K(3456K)->3317K(3456K)
[4.338s][info][gc          ] GC(9) Pause Young (Normal) (G1 Evacuation Pause) 91M->17M(256M) 11.193ms
[4.338s][info][gc,cpu      ] GC(9) User=0.02s Sys=0.00s Real=0.01s
[5.033s][info][gc,start    ] GC(10) Pause Young (Normal) (G1 Evacuation Pause)
[5.033s][info][gc,task     ] GC(10) Using 2 workers of 2 for evacuation
[5.036s][info][gc,phases   ] GC(10)   Pre Evacuate Collection Set: 0.17ms
[5.036s][info][gc,phases   ] GC(10)   Merge Heap Roots: 0.04ms
[5.036s][info][gc,phases   ] GC(10)   Evacuate Collection Set: 2.80ms
[5.036s][info][gc,phases   ] GC(10)   Post Evacuate Collection Set: 0.42ms
[5.036s][info][gc,phases   ] GC(10)   Other: 0.07ms
[5.036s][info][gc,heap     ] GC(10) Eden regions: 79->0(109)
[5.036s][info][gc,heap     ] GC(10) Survivor regions: 5->2(11)
[5.036s][info][gc,heap     ] GC(10) Old regions: 13->13
[5.036s][info][gc,heap     ] GC(10) Humongous regions: 0->0
[5.036s][info][gc,metaspace] GC(10) Metaspace: 24758K(24960K)->24758K(24960K) NonClass: 21407K(21504K)->21407K(21504K) Class: 3350K(3456K)->3350K(3456K)
[5.036s][info][gc          ] GC(10) Pause Young (Normal) (G1 Evacuation Pause) 96M->13M(256M) 3.673ms
[5.036s][info][gc,cpu      ] GC(10) User=0.01s Sys=0.00s Real=0.01s
[5.977s][info][gc,start    ] GC(11) Pause Young (Normal) (G1 Evacuation Pause)
[5.977s][info][gc,task     ] GC(11) Using 2 workers of 2 for evacuation
[5.986s][info][gc,phases   ] GC(11)   Pre Evacuate Collection Set: 0.16ms
[5.986s][info][gc,phases   ] GC(11)   Merge Heap Roots: 0.09ms
[5.986s][info][gc,phases   ] GC(11)   Evacuate Collection Set: 2.12ms
[5.986s][info][gc,phases   ] GC(11)   Post Evacuate Collection Set: 7.06ms
[5.986s][info][gc,phases   ] GC(11)   Other: 0.11ms
[5.986s][info][gc,heap     ] GC(11) Eden regions: 111->0(129)
[5.986s][info][gc,heap     ] GC(11) Survivor regions: 2->6(15)
[5.986s][info][gc,heap     ] GC(11) Old regions: 13->13
[5.986s][info][gc,heap     ] GC(11) Humongous regions: 0->0
[5.986s][info][gc,metaspace] GC(11) Metaspace: 25339K(25536K)->25339K(25536K) NonClass: 21982K(22080K)->21982K(22080K) Class: 3356K(3456K)->3356K(3456K)
[5.986s][info][gc          ] GC(11) Pause Young (Normal) (G1 Evacuation Pause) 124M->18M(256M) 9.706ms
[5.986s][info][gc,cpu      ] GC(11) User=0.01s Sys=0.00s Real=0.01s
[6.649s][info][gc,start    ] GC(12) Pause Young (Normal) (G1 Evacuation Pause)
[6.650s][info][gc,task     ] GC(12) Using 2 workers of 2 for evacuation
[6.659s][info][gc,phases   ] GC(12)   Pre Evacuate Collection Set: 0.16ms
[6.659s][info][gc,phases   ] GC(12)   Merge Heap Roots: 0.05ms
[6.659s][info][gc,phases   ] GC(12)   Evacuate Collection Set: 5.41ms
[6.659s][info][gc,phases   ] GC(12)   Post Evacuate Collection Set: 3.34ms
[6.659s][info][gc,phases   ] GC(12)   Other: 0.11ms
[6.659s][info][gc,heap     ] GC(12) Eden regions: 131->0(147)
[6.659s][info][gc,heap     ] GC(12) Survivor regions: 6->5(18)
[6.659s][info][gc,heap     ] GC(12) Old regions: 13->13
[6.659s][info][gc,heap     ] GC(12) Humongous regions: 0->0
[6.659s][info][gc,metaspace] GC(12) Metaspace: 25537K(25728K)->25537K(25728K) NonClass: 22179K(22272K)->22179K(22272K) Class: 3357K(3456K)->3357K(3456K)
[6.659s][info][gc          ] GC(12) Pause Young (Normal) (G1 Evacuation Pause) 149M->16M(256M) 9.268ms
[6.659s][info][gc,cpu      ] GC(12) User=0.02s Sys=0.00s Real=0.01s
[7.556s][info][gc,start    ] GC(13) Pause Young (Normal) (G1 Evacuation Pause)
[7.557s][info][gc,task     ] GC(13) Using 2 workers of 2 for evacuation
[7.563s][info][gc,phases   ] GC(13)   Pre Evacuate Collection Set: 0.15ms
[7.563s][info][gc,phases   ] GC(13)   Merge Heap Roots: 0.07ms
[7.563s][info][gc,phases   ] GC(13)   Evacuate Collection Set: 2.90ms
[7.563s][info][gc,phases   ] GC(13)   Post Evacuate Collection Set: 3.35ms
[7.563s][info][gc,phases   ] GC(13)   Other: 0.13ms
[7.563s][info][gc,heap     ] GC(13) Eden regions: 147->0(150)
[7.563s][info][gc,heap     ] GC(13) Survivor regions: 5->3(19)
[7.563s][info][gc,heap     ] GC(13) Old regions: 13->13
[7.563s][info][gc,heap     ] GC(13) Humongous regions: 0->0
[7.563s][info][gc,metaspace] GC(13) Metaspace: 25800K(25984K)->25800K(25984K) NonClass: 22442K(22528K)->22442K(22528K) Class: 3357K(3456K)->3357K(3456K)
[7.563s][info][gc          ] GC(13) Pause Young (Normal) (G1 Evacuation Pause) 163M->15M(256M) 6.784ms
[7.563s][info][gc,cpu      ] GC(13) User=0.01s Sys=0.01s Real=0.00s
[8.212s][info][gc,start    ] GC(14) Pause Young (Normal) (G1 Evacuation Pause)
[8.212s][info][gc,task     ] GC(14) Using 2 workers of 2 for evacuation
[8.221s][info][gc,phases   ] GC(14)   Pre Evacuate Collection Set: 0.15ms
[8.221s][info][gc,phases   ] GC(14)   Merge Heap Roots: 0.05ms
[8.221s][info][gc,phases   ] GC(14)   Evacuate Collection Set: 2.37ms
[8.221s][info][gc,phases   ] GC(14)   Post Evacuate Collection Set: 6.26ms
[8.221s][info][gc,phases   ] GC(14)   Other: 0.12ms
[8.221s][info][gc,heap     ] GC(14) Eden regions: 150->0(147)
[8.221s][info][gc,heap     ] GC(14) Survivor regions: 3->6(20)
[8.221s][info][gc,heap     ] GC(14) Old regions: 13->13
[8.221s][info][gc,heap     ] GC(14) Humongous regions: 0->0
[8.221s][info][gc,metaspace] GC(14) Metaspace: 26064K(26240K)->26064K(26240K) NonClass: 22706K(22784K)->22706K(22784K) Class: 3357K(3456K)->3357K(3456K)
[8.221s][info][gc          ] GC(14) Pause Young (Normal) (G1 Evacuation Pause) 165M->18M(256M) 9.135ms
[8.221s][info][gc,cpu      ] GC(14) User=0.02s Sys=0.00s Real=0.01s
[8.997s][info][gc,start    ] GC(15) Pause Young (Normal) (G1 Evacuation Pause)
[8.997s][info][gc,task     ] GC(15) Using 2 workers of 2 for evacuation
[9.002s][info][gc,phases   ] GC(15)   Pre Evacuate Collection Set: 0.15ms
[9.002s][info][gc,phases   ] GC(15)   Merge Heap Roots: 0.06ms
[9.002s][info][gc,phases   ] GC(15)   Evacuate Collection Set: 2.50ms
[9.002s][info][gc,phases   ] GC(15)   Post Evacuate Collection Set: 2.10ms
[9.002s][info][gc,phases   ] GC(15)   Other: 0.07ms
[9.002s][info][gc,heap     ] GC(15) Eden regions: 147->0(149)
[9.002s][info][gc,heap     ] GC(15) Survivor regions: 6->4(20)
[9.002s][info][gc,heap     ] GC(15) Old regions: 13->13
[9.002s][info][gc,heap     ] GC(15) Humongous regions: 0->0
[9.002s][info][gc,metaspace] GC(15) Metaspace: 26161K(26368K)->26161K(26368K) NonClass: 22803K(22912K)->22803K(22912K) Class: 3357K(3456K)->3357K(3456K)
[9.002s][info][gc          ] GC(15) Pause Young (Normal) (G1 Evacuation Pause) 165M->15M(256M) 5.051ms
[9.002s][info][gc,cpu      ] GC(15) User=0.01s Sys=0.01s Real=0.00s
[9.611s][info][gc,start    ] GC(16) Pause Young (Normal) (G1 Evacuation Pause)
[9.611s][info][gc,task     ] GC(16) Using 2 workers of 2 for evacuation
[9.620s][info][gc,phases   ] GC(16)   Pre Evacuate Collection Set: 0.17ms
[9.620s][info][gc,phases   ] GC(16)   Merge Heap Roots: 0.06ms
[9.620s][info][gc,phases   ] GC(16)   Evacuate Collection Set: 3.41ms
[9.620s][info][gc,phases   ] GC(16)   Post Evacuate Collection Set: 5.21ms
[9.620s][info][gc,phases   ] GC(16)   Other: 0.09ms
[9.620s][info][gc,heap     ] GC(16) Eden regions: 149->0(146)
[9.620s][info][gc,heap     ] GC(16) Survivor regions: 4->7(20)
[9.620s][info][gc,heap     ] GC(16) Old regions: 13->13
[9.620s][info][gc,heap     ] GC(16) Humongous regions: 0->0
[9.620s][info][gc,metaspace] GC(16) Metaspace: 26259K(26432K)->26259K(26432K) NonClass: 22901K(22976K)->22901K(22976K) Class: 3357K(3456K)->3357K(3456K)
[9.620s][info][gc          ] GC(16) Pause Young (Normal) (G1 Evacuation Pause) 164M->19M(256M) 9.133ms
[9.620s][info][gc,cpu      ] GC(16) User=0.01s Sys=0.00s Real=0.01s
[10.239s][info][gc,start    ] GC(17) Pause Young (Normal) (G1 Evacuation Pause)
[10.239s][info][gc,task     ] GC(17) Using 2 workers of 2 for evacuation
[10.246s][info][gc,phases   ] GC(17)   Pre Evacuate Collection Set: 0.15ms
[10.246s][info][gc,phases   ] GC(17)   Merge Heap Roots: 0.06ms
[10.246s][info][gc,phases   ] GC(17)   Evacuate Collection Set: 4.83ms
[10.246s][info][gc,phases   ] GC(17)   Post Evacuate Collection Set: 1.49ms
[10.246s][info][gc,phases   ] GC(17)   Other: 0.09ms
[10.246s][info][gc,heap     ] GC(17) Eden regions: 146->0(150)
[10.246s][info][gc,heap     ] GC(17) Survivor regions: 7->3(20)
[10.246s][info][gc,heap     ] GC(17) Old regions: 13->13
[10.246s][info][gc,heap     ] GC(17) Humongous regions: 0->0
[10.246s][info][gc,metaspace] GC(17) Metaspace: 26401K(26624K)->26401K(26624K) NonClass: 23043K(23168K)->23043K(23168K) Class: 3357K(3456K)->3357K(3456K)
[10.246s][info][gc          ] GC(17) Pause Young (Normal) (G1 Evacuation Pause) 165M->14M(256M) 6.836ms
[10.246s][info][gc,cpu      ] GC(17) User=0.02s Sys=0.00s Real=0.01s
[10.812s][info][gc,start    ] GC(18) Pause Young (Normal) (G1 Evacuation Pause)
[10.812s][info][gc,task     ] GC(18) Using 2 workers of 2 for evacuation
[10.826s][info][gc,phases   ] GC(18)   Pre Evacuate Collection Set: 0.15ms
[10.826s][info][gc,phases   ] GC(18)   Merge Heap Roots: 0.06ms
[10.826s][info][gc,phases   ] GC(18)   Evacuate Collection Set: 6.62ms
[10.826s][info][gc,phases   ] GC(18)   Post Evacuate Collection Set: 6.63ms
[10.826s][info][gc,phases   ] GC(18)   Other: 0.09ms
[10.826s][info][gc,heap     ] GC(18) Eden regions: 150->0(142)
[10.826s][info][gc,heap     ] GC(18) Survivor regions: 3->11(20)
[10.826s][info][gc,heap     ] GC(18) Old regions: 13->13
[10.826s][info][gc,heap     ] GC(18) Humongous regions: 0->0
[10.826s][info][gc,metaspace] GC(18) Metaspace: 26465K(26688K)->26465K(26688K) NonClass: 23106K(23232K)->23106K(23232K) Class: 3358K(3456K)->3358K(3456K)
[10.826s][info][gc          ] GC(18) Pause Young (Normal) (G1 Evacuation Pause) 164M->22M(256M) 13.763ms
[10.826s][info][gc,cpu      ] GC(18) User=0.03s Sys=0.01s Real=0.02s
[11.420s][info][gc,start    ] GC(19) Pause Young (Normal) (G1 Evacuation Pause)
[11.420s][info][gc,task     ] GC(19) Using 2 workers of 2 for evacuation
[11.432s][info][gc,phases   ] GC(19)   Pre Evacuate Collection Set: 0.17ms
[11.433s][info][gc,phases   ] GC(19)   Merge Heap Roots: 0.06ms
[11.433s][info][gc,phases   ] GC(19)   Evacuate Collection Set: 6.63ms
[11.433s][info][gc,phases   ] GC(19)   Post Evacuate Collection Set: 5.27ms
[11.433s][info][gc,phases   ] GC(19)   Other: 0.10ms
[11.433s][info][gc,heap     ] GC(19) Eden regions: 142->0(147)
[11.433s][info][gc,heap     ] GC(19) Survivor regions: 11->6(20)
[11.433s][info][gc,heap     ] GC(19) Old regions: 13->14
[11.433s][info][gc,heap     ] GC(19) Humongous regions: 0->0
[11.433s][info][gc,metaspace] GC(19) Metaspace: 26557K(26816K)->26557K(26816K) NonClass: 23198K(23360K)->23198K(23360K) Class: 3358K(3456K)->3358K(3456K)
[11.433s][info][gc          ] GC(19) Pause Young (Normal) (G1 Evacuation Pause) 164M->17M(256M) 12.427ms
[11.433s][info][gc,cpu      ] GC(19) User=0.02s Sys=0.00s Real=0.01s
[12.058s][info][gc,start    ] GC(20) Pause Young (Normal) (G1 Evacuation Pause)
[12.058s][info][gc,task     ] GC(20) Using 2 workers of 2 for evacuation
[12.077s][info][gc,phases   ] GC(20)   Pre Evacuate Collection Set: 0.19ms
[12.077s][info][gc,phases   ] GC(20)   Merge Heap Roots: 0.08ms
[12.077s][info][gc,phases   ] GC(20)   Evacuate Collection Set: 7.75ms
[12.077s][info][gc,phases   ] GC(20)   Post Evacuate Collection Set: 11.24ms
[12.077s][info][gc,phases   ] GC(20)   Other: 0.08ms
[12.077s][info][gc,heap     ] GC(20) Eden regions: 147->0(143)
[12.077s][info][gc,heap     ] GC(20) Survivor regions: 6->10(20)
[12.077s][info][gc,heap     ] GC(20) Old regions: 14->14
[12.077s][info][gc,heap     ] GC(20) Humongous regions: 0->0
[12.077s][info][gc,metaspace] GC(20) Metaspace: 26736K(26944K)->26736K(26944K) NonClass: 23375K(23488K)->23375K(23488K) Class: 3360K(3456K)->3360K(3456K)
[12.077s][info][gc          ] GC(20) Pause Young (Normal) (G1 Evacuation Pause) 164M->21M(256M) 19.561ms
[12.077s][info][gc,cpu      ] GC(20) User=0.04s Sys=0.00s Real=0.02s
[12.648s][info][gc,start    ] GC(21) Pause Young (Normal) (G1 Evacuation Pause)
[12.648s][info][gc,task     ] GC(21) Using 2 workers of 2 for evacuation
[12.656s][info][gc,phases   ] GC(21)   Pre Evacuate Collection Set: 0.17ms
[12.656s][info][gc,phases   ] GC(21)   Merge Heap Roots: 0.05ms
[12.656s][info][gc,phases   ] GC(21)   Evacuate Collection Set: 2.79ms
[12.656s][info][gc,phases   ] GC(21)   Post Evacuate Collection Set: 4.84ms
[12.656s][info][gc,phases   ] GC(21)   Other: 0.11ms
[12.656s][info][gc,heap     ] GC(21) Eden regions: 143->0(150)
[12.656s][info][gc,heap     ] GC(21) Survivor regions: 10->3(20)
[12.656s][info][gc,heap     ] GC(21) Old regions: 14->14
[12.656s][info][gc,heap     ] GC(21) Humongous regions: 0->0
[12.656s][info][gc,metaspace] GC(21) Metaspace: 26788K(27008K)->26788K(27008K) NonClass: 23426K(23552K)->23426K(23552K) Class: 3361K(3456K)->3361K(3456K)
[12.656s][info][gc          ] GC(21) Pause Young (Normal) (G1 Evacuation Pause) 164M->15M(256M) 8.131ms
[12.656s][info][gc,cpu      ] GC(21) User=0.01s Sys=0.00s Real=0.01s
[13.320s][info][gc,start    ] GC(22) Pause Young (Normal) (G1 Evacuation Pause)
[13.320s][info][gc,task     ] GC(22) Using 2 workers of 2 for evacuation
[13.331s][info][gc,phases   ] GC(22)   Pre Evacuate Collection Set: 0.17ms
[13.331s][info][gc,phases   ] GC(22)   Merge Heap Roots: 0.09ms
[13.331s][info][gc,phases   ] GC(22)   Evacuate Collection Set: 2.10ms
[13.331s][info][gc,phases   ] GC(22)   Post Evacuate Collection Set: 8.22ms
[13.331s][info][gc,phases   ] GC(22)   Other: 0.11ms
[13.331s][info][gc,heap     ] GC(22) Eden regions: 150->0(146)
[13.331s][info][gc,heap     ] GC(22) Survivor regions: 3->7(20)
[13.331s][info][gc,heap     ] GC(22) Old regions: 14->14
[13.331s][info][gc,heap     ] GC(22) Humongous regions: 0->0
[13.331s][info][gc,metaspace] GC(22) Metaspace: 26883K(27072K)->26883K(27072K) NonClass: 23521K(23616K)->23521K(23616K) Class: 3361K(3456K)->3361K(3456K)
[13.331s][info][gc          ] GC(22) Pause Young (Normal) (G1 Evacuation Pause) 165M->18M(256M) 10.946ms
[13.331s][info][gc,cpu      ] GC(22) User=0.03s Sys=0.00s Real=0.01s
[13.803s][info][gc,start    ] GC(23) Pause Young (Normal) (G1 Evacuation Pause)
[13.803s][info][gc,task     ] GC(23) Using 2 workers of 2 for evacuation
[13.810s][info][gc,phases   ] GC(23)   Pre Evacuate Collection Set: 0.15ms
[13.810s][info][gc,phases   ] GC(23)   Merge Heap Roots: 0.11ms
[13.810s][info][gc,phases   ] GC(23)   Evacuate Collection Set: 2.27ms
[13.810s][info][gc,phases   ] GC(23)   Post Evacuate Collection Set: 4.24ms
[13.810s][info][gc,phases   ] GC(23)   Other: 0.09ms
[13.810s][info][gc,heap     ] GC(23) Eden regions: 146->0(149)
[13.810s][info][gc,heap     ] GC(23) Survivor regions: 7->4(20)
[13.810s][info][gc,heap     ] GC(23) Old regions: 14->14
[13.810s][info][gc,heap     ] GC(23) Humongous regions: 0->0
[13.810s][info][gc,metaspace] GC(23) Metaspace: 26931K(27136K)->26931K(27136K) NonClass: 23569K(23680K)->23569K(23680K) Class: 3361K(3456K)->3361K(3456K)
[13.810s][info][gc          ] GC(23) Pause Young (Normal) (G1 Evacuation Pause) 164M->15M(256M) 7.123ms
[13.810s][info][gc,cpu      ] GC(23) User=0.01s Sys=0.00s Real=0.01s
[14.418s][info][gc,start    ] GC(24) Pause Young (Normal) (G1 Evacuation Pause)
[14.418s][info][gc,task     ] GC(24) Using 2 workers of 2 for evacuation
[14.430s][info][gc,phases   ] GC(24)   Pre Evacuate Collection Set: 0.17ms
[14.430s][info][gc,phases   ] GC(24)   Merge Heap Roots: 0.06ms
[14.430s][info][gc,phases   ] GC(24)   Evacuate Collection Set: 7.34ms
[14.430s][info][gc,phases   ] GC(24)   Post Evacuate Collection Set: 4.60ms
[14.431s][info][gc,phases   ] GC(24)   Other: 0.07ms
[14.431s][info][gc,heap     ] GC(24) Eden regions: 149->0(147)
[14.431s][info][gc,heap     ] GC(24) Survivor regions: 4->6(20)
[14.431s][info][gc,heap     ] GC(24) Old regions: 14->14
[14.431s][info][gc,heap     ] GC(24) Humongous regions: 0->0
[14.431s][info][gc,metaspace] GC(24) Metaspace: 27034K(27264K)->27034K(27264K) NonClass: 23672K(23808K)->23672K(23808K) Class: 3361K(3456K)->3361K(3456K)
[14.431s][info][gc          ] GC(24) Pause Young (Normal) (G1 Evacuation Pause) 164M->17M(256M) 12.489ms
[14.431s][info][gc,cpu      ] GC(24) User=0.02s Sys=0.00s Real=0.01s
[14.935s][info][gc,start    ] GC(25) Pause Young (Normal) (G1 Evacuation Pause)
[14.935s][info][gc,task     ] GC(25) Using 2 workers of 2 for evacuation
[14.953s][info][gc,phases   ] GC(25)   Pre Evacuate Collection Set: 0.20ms
[14.953s][info][gc,phases   ] GC(25)   Merge Heap Roots: 0.05ms
[14.953s][info][gc,phases   ] GC(25)   Evacuate Collection Set: 8.34ms
[14.953s][info][gc,phases   ] GC(25)   Post Evacuate Collection Set: 8.88ms
[14.953s][info][gc,phases   ] GC(25)   Other: 0.07ms
[14.953s][info][gc,heap     ] GC(25) Eden regions: 147->0(145)
[14.953s][info][gc,heap     ] GC(25) Survivor regions: 6->8(20)
[14.953s][info][gc,heap     ] GC(25) Old regions: 14->14
[14.953s][info][gc,heap     ] GC(25) Humongous regions: 0->0
[14.953s][info][gc,metaspace] GC(25) Metaspace: 27074K(27328K)->27074K(27328K) NonClass: 23712K(23872K)->23712K(23872K) Class: 3361K(3456K)->3361K(3456K)
[14.953s][info][gc          ] GC(25) Pause Young (Normal) (G1 Evacuation Pause) 164M->20M(256M) 17.784ms
[14.953s][info][gc,cpu      ] GC(25) User=0.03s Sys=0.01s Real=0.01s
[15.479s][info][gc,start    ] GC(26) Pause Young (Normal) (G1 Evacuation Pause)
[15.479s][info][gc,task     ] GC(26) Using 2 workers of 2 for evacuation
[15.487s][info][gc,phases   ] GC(26)   Pre Evacuate Collection Set: 0.19ms
[15.487s][info][gc,phases   ] GC(26)   Merge Heap Roots: 0.06ms
[15.487s][info][gc,phases   ] GC(26)   Evacuate Collection Set: 4.10ms
[15.487s][info][gc,phases   ] GC(26)   Post Evacuate Collection Set: 3.39ms
[15.487s][info][gc,phases   ] GC(26)   Other: 0.07ms
[15.487s][info][gc,heap     ] GC(26) Eden regions: 145->0(150)
[15.487s][info][gc,heap     ] GC(26) Survivor regions: 8->3(20)
[15.487s][info][gc,heap     ] GC(26) Old regions: 14->14
[15.487s][info][gc,heap     ] GC(26) Humongous regions: 0->0
[15.487s][info][gc,metaspace] GC(26) Metaspace: 27098K(27328K)->27098K(27328K) NonClass: 23736K(23872K)->23736K(23872K) Class: 3361K(3456K)->3361K(3456K)
[15.487s][info][gc          ] GC(26) Pause Young (Normal) (G1 Evacuation Pause) 165M->15M(256M) 7.995ms
[15.487s][info][gc,cpu      ] GC(26) User=0.01s Sys=0.00s Real=0.01s
[15.965s][info][gc,start    ] GC(27) Pause Young (Normal) (G1 Evacuation Pause)
[15.965s][info][gc,task     ] GC(27) Using 2 workers of 2 for evacuation
[15.973s][info][gc,phases   ] GC(27)   Pre Evacuate Collection Set: 0.22ms
[15.973s][info][gc,phases   ] GC(27)   Merge Heap Roots: 0.05ms
[15.973s][info][gc,phases   ] GC(27)   Evacuate Collection Set: 3.09ms
[15.973s][info][gc,phases   ] GC(27)   Post Evacuate Collection Set: 4.83ms
[15.973s][info][gc,phases   ] GC(27)   Other: 0.11ms
[15.973s][info][gc,heap     ] GC(27) Eden regions: 150->0(146)
[15.973s][info][gc,heap     ] GC(27) Survivor regions: 3->7(20)
[15.973s][info][gc,heap     ] GC(27) Old regions: 14->14
[15.973s][info][gc,heap     ] GC(27) Humongous regions: 0->0
[15.974s][info][gc,metaspace] GC(27) Metaspace: 27137K(27328K)->27137K(27328K) NonClass: 23776K(23872K)->23776K(23872K) Class: 3361K(3456K)->3361K(3456K)
[15.974s][info][gc          ] GC(27) Pause Young (Normal) (G1 Evacuation Pause) 165M->19M(256M) 8.517ms
[15.974s][info][gc,cpu      ] GC(27) User=0.01s Sys=0.00s Real=0.01s
[16.511s][info][gc,start    ] GC(28) Pause Young (Normal) (G1 Evacuation Pause)
[16.511s][info][gc,task     ] GC(28) Using 2 workers of 2 for evacuation
[16.516s][info][gc,phases   ] GC(28)   Pre Evacuate Collection Set: 0.17ms
[16.516s][info][gc,phases   ] GC(28)   Merge Heap Roots: 0.06ms
[16.516s][info][gc,phases   ] GC(28)   Evacuate Collection Set: 1.30ms
[16.516s][info][gc,phases   ] GC(28)   Post Evacuate Collection Set: 3.56ms
[16.516s][info][gc,phases   ] GC(28)   Other: 0.11ms
[16.516s][info][gc,heap     ] GC(28) Eden regions: 146->0(150)
[16.516s][info][gc,heap     ] GC(28) Survivor regions: 7->3(20)
[16.516s][info][gc,heap     ] GC(28) Old regions: 14->14
[16.516s][info][gc,heap     ] GC(28) Humongous regions: 0->0
[16.516s][info][gc,metaspace] GC(28) Metaspace: 27207K(27392K)->27207K(27392K) NonClass: 23845K(23936K)->23845K(23936K) Class: 3361K(3456K)->3361K(3456K)
[16.516s][info][gc          ] GC(28) Pause Young (Normal) (G1 Evacuation Pause) 165M->15M(256M) 5.426ms
[16.516s][info][gc,cpu      ] GC(28) User=0.01s Sys=0.00s Real=0.01s
[16.997s][info][gc,start    ] GC(29) Pause Young (Normal) (G1 Evacuation Pause)
[16.997s][info][gc,task     ] GC(29) Using 2 workers of 2 for evacuation
[17.004s][info][gc,phases   ] GC(29)   Pre Evacuate Collection Set: 0.16ms
[17.004s][info][gc,phases   ] GC(29)   Merge Heap Roots: 0.09ms
[17.004s][info][gc,phases   ] GC(29)   Evacuate Collection Set: 2.81ms
[17.004s][info][gc,phases   ] GC(29)   Post Evacuate Collection Set: 4.29ms
[17.004s][info][gc,phases   ] GC(29)   Other: 0.07ms
[17.004s][info][gc,heap     ] GC(29) Eden regions: 150->0(146)
[17.004s][info][gc,heap     ] GC(29) Survivor regions: 3->7(20)
[17.004s][info][gc,heap     ] GC(29) Old regions: 14->14
[17.004s][info][gc,heap     ] GC(29) Humongous regions: 0->0
[17.004s][info][gc,metaspace] GC(29) Metaspace: 27478K(27648K)->27478K(27648K) NonClass: 24116K(24192K)->24116K(24192K) Class: 3361K(3456K)->3361K(3456K)
[17.005s][info][gc          ] GC(29) Pause Young (Normal) (G1 Evacuation Pause) 165M->19M(256M) 7.610ms
[17.005s][info][gc,cpu      ] GC(29) User=0.01s Sys=0.00s Real=0.00s
[17.494s][info][gc,start    ] GC(30) Pause Young (Normal) (G1 Evacuation Pause)
[17.494s][info][gc,task     ] GC(30) Using 2 workers of 2 for evacuation
[17.500s][info][gc,phases   ] GC(30)   Pre Evacuate Collection Set: 0.17ms
[17.500s][info][gc,phases   ] GC(30)   Merge Heap Roots: 0.05ms
[17.500s][info][gc,phases   ] GC(30)   Evacuate Collection Set: 2.49ms
[17.500s][info][gc,phases   ] GC(30)   Post Evacuate Collection Set: 3.14ms
[17.500s][info][gc,phases   ] GC(30)   Other: 0.11ms
[17.500s][info][gc,heap     ] GC(30) Eden regions: 146->0(150)
[17.500s][info][gc,heap     ] GC(30) Survivor regions: 7->3(20)
[17.500s][info][gc,heap     ] GC(30) Old regions: 14->14
[17.500s][info][gc,heap     ] GC(30) Humongous regions: 0->0
[17.500s][info][gc,metaspace] GC(30) Metaspace: 27497K(27712K)->27497K(27712K) NonClass: 24134K(24256K)->24134K(24256K) Class: 3362K(3456K)->3362K(3456K)
[17.500s][info][gc          ] GC(30) Pause Young (Normal) (G1 Evacuation Pause) 165M->15M(256M) 6.156ms
[17.500s][info][gc,cpu      ] GC(30) User=0.02s Sys=0.00s Real=0.01s
[17.984s][info][gc,start    ] GC(31) Pause Young (Normal) (G1 Evacuation Pause)
[17.984s][info][gc,task     ] GC(31) Using 2 workers of 2 for evacuation
[17.992s][info][gc,phases   ] GC(31)   Pre Evacuate Collection Set: 0.16ms
[17.992s][info][gc,phases   ] GC(31)   Merge Heap Roots: 0.07ms
[17.992s][info][gc,phases   ] GC(31)   Evacuate Collection Set: 1.46ms
[17.992s][info][gc,phases   ] GC(31)   Post Evacuate Collection Set: 5.96ms
[17.992s][info][gc,phases   ] GC(31)   Other: 0.10ms
[17.992s][info][gc,heap     ] GC(31) Eden regions: 150->0(147)
[17.992s][info][gc,heap     ] GC(31) Survivor regions: 3->6(20)
[17.992s][info][gc,heap     ] GC(31) Old regions: 14->14
[17.992s][info][gc,heap     ] GC(31) Humongous regions: 0->0
[17.992s][info][gc,metaspace] GC(31) Metaspace: 27648K(27840K)->27648K(27840K) NonClass: 24285K(24384K)->24285K(24384K) Class: 3362K(3456K)->3362K(3456K)
[17.992s][info][gc          ] GC(31) Pause Young (Normal) (G1 Evacuation Pause) 165M->18M(256M) 7.972ms
[17.992s][info][gc,cpu      ] GC(31) User=0.02s Sys=0.00s Real=0.01s
[18.465s][info][gc,start    ] GC(32) Pause Young (Normal) (G1 Evacuation Pause)
[18.465s][info][gc,task     ] GC(32) Using 2 workers of 2 for evacuation
[18.471s][info][gc,phases   ] GC(32)   Pre Evacuate Collection Set: 0.19ms
[18.471s][info][gc,phases   ] GC(32)   Merge Heap Roots: 0.05ms
[18.471s][info][gc,phases   ] GC(32)   Evacuate Collection Set: 2.49ms
[18.471s][info][gc,phases   ] GC(32)   Post Evacuate Collection Set: 3.14ms
[18.471s][info][gc,phases   ] GC(32)   Other: 0.08ms
[18.471s][info][gc,heap     ] GC(32) Eden regions: 147->0(150)
[18.471s][info][gc,heap     ] GC(32) Survivor regions: 6->3(20)
[18.471s][info][gc,heap     ] GC(32) Old regions: 14->14
[18.471s][info][gc,heap     ] GC(32) Humongous regions: 0->0
[18.471s][info][gc,metaspace] GC(32) Metaspace: 27673K(27840K)->27673K(27840K) NonClass: 24311K(24384K)->24311K(24384K) Class: 3362K(3456K)->3362K(3456K)
[18.471s][info][gc          ] GC(32) Pause Young (Normal) (G1 Evacuation Pause) 165M->14M(256M) 6.139ms
[18.471s][info][gc,cpu      ] GC(32) User=0.02s Sys=0.00s Real=0.00s
[18.502s][info][gc,heap,exit] Heap
[18.502s][info][gc,heap,exit]  garbage-first heap   total reserved 1001472K, committed 262144K, used 25059K [0x00000000c2e00000, 0x0000000100000000)
[18.502s][info][gc,heap,exit]   region size 1024K, 13 young (13312K), 3 survivors (3072K)
[18.502s][info][gc,heap,exit]  Metaspace       used 27676K, committed 27840K, reserved 1114112K
[18.502s][info][gc,heap,exit]   class space    used 3363K, committed 3456K, reserved 1048576K
