[0.002s][info][metaspace]  - commit_granule_bytes: 65536.
[0.002s][info][metaspace]  - commit_granule_words: 8192.
[0.002s][info][metaspace]  - virtual_space_node_default_size: 8388608.
[0.002s][info][metaspace]  - enlarge_chunks_in_place: 1.
[0.005s][info][gc,init  ] CardTable entry size: 512
[0.008s][info][gc       ] Using G1
[0.013s][info][gc,init  ] Version: 24-internal-adhoc.root.jdk (release)
[0.013s][info][gc,init  ] CPUs: 2 total, 2 available
[0.013s][info][gc,init  ] Memory: 3908M
[0.013s][info][gc,init  ] Large Page Support: Disabled
[0.013s][info][gc,init  ] NUMA Support: Disabled
[0.013s][info][gc,init  ] Compressed Oops: Enabled (32-bit)
[0.013s][info][gc,init  ] Heap Region Size: 1M
[0.013s][info][gc,init  ] Heap Min Capacity: 256M
[0.013s][info][gc,init  ] Heap Initial Capacity: 256M
[0.013s][info][gc,init  ] Heap Max Capacity: 978M
[0.013s][info][gc,init  ] Pre-touch: Disabled
[0.013s][info][gc,init  ] Parallel Workers: 2
[0.013s][info][gc,init  ] Concurrent Workers: 1
[0.013s][info][gc,init  ] Concurrent Refinement Workers: 2
[0.013s][info][gc,init  ] Periodic GC: Disabled
[0.027s][info][gc,metaspace] CDS archive(s) mapped at: [0x00007fae5a000000-0x00007fae5ae7b000-0x00007fae5ae7b000), size 15183872, SharedBaseAddress: 0x00007fae5a000000, ArchiveRelocationMode: 1.
[0.027s][info][gc,metaspace] Compressed class space mapped at: 0x00007fae5b000000-0x00007fae9b000000, reserved size: 1073741824
[0.027s][info][gc,metaspace] UseCompressedClassPointers 1, UseCompactObjectHeaders 1
[0.027s][info][gc,metaspace] Narrow klass pointer bits 22, Max shift 10
[0.027s][info][gc,metaspace] Narrow klass base: 0x00007fae5a000000, Narrow klass shift: 10
[0.027s][info][gc,metaspace] Encoding Range: [0x00007fae5a000000 - 0x00007faf5a000000), (4294967296 bytes)
[0.027s][info][gc,metaspace] Klass Range:    [0x00007fae5a000000 - 0x00007fae9b000000), (1090519040 bytes)
[0.027s][info][gc,metaspace] Klass ID Range:  [1 - 1064960) (1064959)
[0.423s][info][gc,start    ] GC(0) Pause Young (Normal) (G1 Evacuation Pause)
[0.423s][info][gc,task     ] GC(0) Using 2 workers of 2 for evacuation
[0.428s][info][gc,phases   ] GC(0)   Pre Evacuate Collection Set: 0.23ms
[0.428s][info][gc,phases   ] GC(0)   Merge Heap Roots: 0.10ms
[0.428s][info][gc,phases   ] GC(0)   Evacuate Collection Set: 4.52ms
[0.428s][info][gc,phases   ] GC(0)   Post Evacuate Collection Set: 0.21ms
[0.428s][info][gc,phases   ] GC(0)   Other: 0.25ms
[0.428s][info][gc,heap     ] GC(0) Eden regions: 12->0(10)
[0.428s][info][gc,heap     ] GC(0) Survivor regions: 0->2(2)
[0.428s][info][gc,heap     ] GC(0) Old regions: 2->4
[0.428s][info][gc,heap     ] GC(0) Humongous regions: 0->0
[0.428s][info][gc,metaspace] GC(0) Metaspace: 2795K(2944K)->2795K(2944K) NonClass: 2410K(2496K)->2410K(2496K) Class: 385K(448K)->385K(448K)
[0.428s][info][gc          ] GC(0) Pause Young (Normal) (G1 Evacuation Pause) 13M->4M(258M) 5.556ms
[0.428s][info][gc,cpu      ] GC(0) User=0.00s Sys=0.00s Real=0.00s
[0.732s][info][gc,start    ] GC(1) Pause Young (Normal) (G1 Evacuation Pause)
[0.732s][info][gc,task     ] GC(1) Using 2 workers of 2 for evacuation
[0.737s][info][gc,phases   ] GC(1)   Pre Evacuate Collection Set: 0.18ms
[0.737s][info][gc,phases   ] GC(1)   Merge Heap Roots: 0.06ms
[0.737s][info][gc,phases   ] GC(1)   Evacuate Collection Set: 3.96ms
[0.737s][info][gc,phases   ] GC(1)   Post Evacuate Collection Set: 0.30ms
[0.737s][info][gc,phases   ] GC(1)   Other: 0.08ms
[0.737s][info][gc,heap     ] GC(1) Eden regions: 10->0(15)
[0.737s][info][gc,heap     ] GC(1) Survivor regions: 2->1(2)
[0.737s][info][gc,heap     ] GC(1) Old regions: 4->6
[0.737s][info][gc,heap     ] GC(1) Humongous regions: 0->0
[0.737s][info][gc,metaspace] GC(1) Metaspace: 7109K(7168K)->7109K(7168K) NonClass: 5925K(5952K)->5925K(5952K) Class: 1183K(1216K)->1183K(1216K)
[0.737s][info][gc          ] GC(1) Pause Young (Normal) (G1 Evacuation Pause) 14M->4M(258M) 4.774ms
[0.737s][info][gc,cpu      ] GC(1) User=0.01s Sys=0.00s Real=0.00s
[1.285s][info][gc,start    ] GC(2) Pause Young (Normal) (G1 Evacuation Pause)
[1.285s][info][gc,task     ] GC(2) Using 2 workers of 2 for evacuation
[1.291s][info][gc,phases   ] GC(2)   Pre Evacuate Collection Set: 0.15ms
[1.291s][info][gc,phases   ] GC(2)   Merge Heap Roots: 0.04ms
[1.291s][info][gc,phases   ] GC(2)   Evacuate Collection Set: 5.04ms
[1.291s][info][gc,phases   ] GC(2)   Post Evacuate Collection Set: 0.38ms
[1.291s][info][gc,phases   ] GC(2)   Other: 0.09ms
[1.291s][info][gc,heap     ] GC(2) Eden regions: 17->0(19)
[1.291s][info][gc,heap     ] GC(2) Survivor regions: 1->3(3)
[1.291s][info][gc,heap     ] GC(2) Old regions: 6->6
[1.291s][info][gc,heap     ] GC(2) Humongous regions: 0->0
[1.291s][info][gc,metaspace] GC(2) Metaspace: 13319K(13504K)->13319K(13504K) NonClass: 11281K(11392K)->11281K(11392K) Class: 2037K(2112K)->2037K(2112K)
[1.291s][info][gc          ] GC(2) Pause Young (Normal) (G1 Evacuation Pause) 21M->6M(258M) 5.915ms
[1.291s][info][gc,cpu      ] GC(2) User=0.00s Sys=0.01s Real=0.01s
[2.230s][info][gc,start    ] GC(3) Pause Young (Normal) (G1 Evacuation Pause)
[2.230s][info][gc,task     ] GC(3) Using 2 workers of 2 for evacuation
[2.239s][info][gc,phases   ] GC(3)   Pre Evacuate Collection Set: 0.14ms
[2.239s][info][gc,phases   ] GC(3)   Merge Heap Roots: 0.04ms
[2.239s][info][gc,phases   ] GC(3)   Evacuate Collection Set: 6.98ms
[2.239s][info][gc,phases   ] GC(3)   Post Evacuate Collection Set: 1.68ms
[2.239s][info][gc,phases   ] GC(3)   Other: 0.10ms
[2.239s][info][gc,heap     ] GC(3) Eden regions: 19->0(25)
[2.239s][info][gc,heap     ] GC(3) Survivor regions: 3->3(3)
[2.239s][info][gc,heap     ] GC(3) Old regions: 6->8
[2.239s][info][gc,heap     ] GC(3) Humongous regions: 0->0
[2.239s][info][gc,metaspace] GC(3) Metaspace: 19749K(19968K)->19749K(19968K) NonClass: 16779K(16896K)->16779K(16896K) Class: 2970K(3072K)->2970K(3072K)
[2.239s][info][gc          ] GC(3) Pause Young (Normal) (G1 Evacuation Pause) 25M->9M(258M) 9.120ms
[2.239s][info][gc,cpu      ] GC(3) User=0.01s Sys=0.00s Real=0.00s
[2.629s][info][metaspace   ] ChkMgr @0x00007faed41626e0 (non-class-space): failed to commit 92 words on chunk @0x00007faed4796298, f, base 0x00007fae51260000, level lv10.
[2.629s][info][metaspace   ] Arena @0x00007faed4260710 (non-class arena): failed to allocate new chunk for requested word size 92.
[2.629s][info][metaspace   ] Arena @0x00007faed4260710 (non-class arena): allocation failed, returned null.
[2.629s][info][metaspace   ] ChkMgr @0x00007faed41626e0 (non-class-space): failed to commit 92 words on chunk @0x00007faed4796298, f, base 0x00007fae51260000, level lv10.
[2.629s][info][metaspace   ] Arena @0x00007faed4260710 (non-class arena): failed to allocate new chunk for requested word size 92.
[2.629s][info][metaspace   ] Arena @0x00007faed4260710 (non-class arena): allocation failed, returned null.
[2.629s][info][metaspace   ] ChkMgr @0x00007faed41626e0 (non-class-space): failed to commit 92 words on chunk @0x00007faed4796298, f, base 0x00007fae51260000, level lv10.
[2.629s][info][metaspace   ] Arena @0x00007faed4260710 (non-class arena): failed to allocate new chunk for requested word size 92.
[2.629s][info][metaspace   ] Arena @0x00007faed4260710 (non-class arena): allocation failed, returned null.
[2.629s][info][gc,start    ] GC(4) Pause Young (Concurrent Start) (Metadata GC Threshold)
[2.629s][info][gc,task     ] GC(4) Using 2 workers of 2 for evacuation
[2.637s][info][gc,phases   ] GC(4)   Pre Evacuate Collection Set: 0.12ms
[2.637s][info][gc,phases   ] GC(4)   Merge Heap Roots: 0.04ms
[2.637s][info][gc,phases   ] GC(4)   Evacuate Collection Set: 4.84ms
[2.637s][info][gc,phases   ] GC(4)   Post Evacuate Collection Set: 2.72ms
[2.637s][info][gc,phases   ] GC(4)   Other: 0.15ms
[2.637s][info][gc,heap     ] GC(4) Eden regions: 17->0(43)
[2.637s][info][gc,heap     ] GC(4) Survivor regions: 3->2(4)
[2.637s][info][gc,heap     ] GC(4) Old regions: 8->10
[2.637s][info][gc,heap     ] GC(4) Humongous regions: 0->0
[2.637s][info][gc,metaspace] GC(4) Metaspace: 21358K(21504K)->21358K(21504K) NonClass: 18189K(18240K)->18189K(18240K) Class: 3169K(3264K)->3169K(3264K)
[2.637s][info][gc          ] GC(4) Pause Young (Concurrent Start) (Metadata GC Threshold) 26M->9M(258M) 8.007ms
[2.637s][info][gc,cpu      ] GC(4) User=0.02s Sys=0.00s Real=0.01s
[2.637s][info][metaspace   ] CLMS @0x00007faed42606e0 : GC threshold increased: 22020096->22347776.
[2.642s][info][gc          ] GC(5) Concurrent Mark Cycle
[2.642s][info][gc,marking  ] GC(5) Concurrent Scan Root Regions
[2.648s][info][gc,marking  ] GC(5) Concurrent Scan Root Regions 6.847ms
[2.648s][info][gc,marking  ] GC(5) Concurrent Mark
[2.648s][info][gc,marking  ] GC(5) Concurrent Mark From Roots
[2.648s][info][gc,task     ] GC(5) Using 1 workers of 1 for marking
[2.679s][info][gc,marking  ] GC(5) Concurrent Mark From Roots 30.748ms
[2.679s][info][gc,marking  ] GC(5) Concurrent Preclean
[2.679s][info][gc,marking  ] GC(5) Concurrent Preclean 0.054ms
[2.679s][info][gc,start    ] GC(5) Pause Remark
[2.686s][info][gc          ] GC(5) Pause Remark 12M->12M(256M) 6.684ms
[2.686s][info][gc,cpu      ] GC(5) User=0.02s Sys=0.00s Real=0.01s
[2.691s][info][gc,marking  ] GC(5) Concurrent Mark 42.073ms
[2.691s][info][gc,marking  ] GC(5) Concurrent Rebuild Remembered Sets and Scrub Regions
[2.702s][info][gc,marking  ] GC(5) Concurrent Rebuild Remembered Sets and Scrub Regions 11.493ms
[2.702s][info][gc,start    ] GC(5) Pause Cleanup
[2.702s][info][gc          ] GC(5) Pause Cleanup 12M->12M(256M) 0.055ms
[2.702s][info][gc,cpu      ] GC(5) User=0.00s Sys=0.00s Real=0.00s
[2.705s][info][gc,marking  ] GC(5) Concurrent Clear Claimed Marks
[2.705s][info][gc,marking  ] GC(5) Concurrent Clear Claimed Marks 0.047ms
[2.705s][info][gc,marking  ] GC(5) Concurrent Cleanup for Next Mark
[2.712s][info][gc,marking  ] GC(5) Concurrent Cleanup for Next Mark 7.751ms
[2.712s][info][gc          ] GC(5) Concurrent Mark Cycle 70.854ms
[3.426s][info][gc,start    ] GC(6) Pause Young (Prepare Mixed) (G1 Evacuation Pause)
[3.426s][info][gc,task     ] GC(6) Using 2 workers of 2 for evacuation
[3.431s][info][gc,phases   ] GC(6)   Pre Evacuate Collection Set: 0.15ms
[3.431s][info][gc,phases   ] GC(6)   Merge Heap Roots: 0.05ms
[3.431s][info][gc,phases   ] GC(6)   Evacuate Collection Set: 4.04ms
[3.431s][info][gc,phases   ] GC(6)   Post Evacuate Collection Set: 0.63ms
[3.431s][info][gc,phases   ] GC(6)   Other: 0.10ms
[3.431s][info][gc,heap     ] GC(6) Eden regions: 43->0(44)
[3.431s][info][gc,heap     ] GC(6) Survivor regions: 2->3(6)
[3.431s][info][gc,heap     ] GC(6) Old regions: 10->10
[3.431s][info][gc,heap     ] GC(6) Humongous regions: 0->0
[3.431s][info][gc,metaspace] GC(6) Metaspace: 22477K(22592K)->22477K(22592K) NonClass: 19261K(19328K)->19261K(19328K) Class: 3216K(3264K)->3216K(3264K)
[3.431s][info][gc          ] GC(6) Pause Young (Prepare Mixed) (G1 Evacuation Pause) 52M->10M(256M) 5.153ms
[3.431s][info][gc,cpu      ] GC(6) User=0.01s Sys=0.00s Real=0.01s
[4.003s][info][gc,start    ] GC(7) Pause Young (Mixed) (G1 Evacuation Pause)
[4.003s][info][gc,task     ] GC(7) Using 2 workers of 2 for evacuation
[4.012s][info][gc,phases   ] GC(7)   Pre Evacuate Collection Set: 0.68ms
[4.012s][info][gc,phases   ] GC(7)   Merge Heap Roots: 0.08ms
[4.012s][info][gc,phases   ] GC(7)   Evacuate Collection Set: 3.34ms
[4.012s][info][gc,phases   ] GC(7)   Post Evacuate Collection Set: 4.34ms
[4.012s][info][gc,phases   ] GC(7)   Other: 0.12ms
[4.012s][info][gc,heap     ] GC(7) Eden regions: 44->0(48)
[4.012s][info][gc,heap     ] GC(7) Survivor regions: 3->5(6)
[4.012s][info][gc,heap     ] GC(7) Old regions: 10->10
[4.012s][info][gc,heap     ] GC(7) Humongous regions: 0->0
[4.012s][info][gc,metaspace] GC(7) Metaspace: 23316K(23552K)->23316K(23552K) NonClass: 20018K(20160K)->20018K(20160K) Class: 3298K(3392K)->3298K(3392K)
[4.012s][info][gc          ] GC(7) Pause Young (Mixed) (G1 Evacuation Pause) 54M->13M(256M) 8.729ms
[4.012s][info][gc,cpu      ] GC(7) User=0.01s Sys=0.01s Real=0.01s
[4.420s][info][gc,start    ] GC(8) Pause Young (Normal) (G1 Evacuation Pause)
[4.420s][info][gc,task     ] GC(8) Using 2 workers of 2 for evacuation
[4.425s][info][gc,phases   ] GC(8)   Pre Evacuate Collection Set: 0.16ms
[4.425s][info][gc,phases   ] GC(8)   Merge Heap Roots: 0.06ms
[4.425s][info][gc,phases   ] GC(8)   Evacuate Collection Set: 4.14ms
[4.425s][info][gc,phases   ] GC(8)   Post Evacuate Collection Set: 0.37ms
[4.425s][info][gc,phases   ] GC(8)   Other: 0.08ms
[4.425s][info][gc,heap     ] GC(8) Eden regions: 49->0(69)
[4.425s][info][gc,heap     ] GC(8) Survivor regions: 5->2(7)
[4.425s][info][gc,heap     ] GC(8) Old regions: 10->10
[4.425s][info][gc,heap     ] GC(8) Humongous regions: 0->0
[4.425s][info][gc,metaspace] GC(8) Metaspace: 23588K(23744K)->23588K(23744K) NonClass: 20284K(20352K)->20284K(20352K) Class: 3304K(3392K)->3304K(3392K)
[4.425s][info][gc          ] GC(8) Pause Young (Normal) (G1 Evacuation Pause) 62M->10M(256M) 5.023ms
[4.425s][info][gc,cpu      ] GC(8) User=0.00s Sys=0.00s Real=0.00s
[5.235s][info][gc,start    ] GC(9) Pause Young (Normal) (G1 Evacuation Pause)
[5.235s][info][gc,task     ] GC(9) Using 2 workers of 2 for evacuation
[5.246s][info][gc,phases   ] GC(9)   Pre Evacuate Collection Set: 0.17ms
[5.246s][info][gc,phases   ] GC(9)   Merge Heap Roots: 0.04ms
[5.246s][info][gc,phases   ] GC(9)   Evacuate Collection Set: 6.63ms
[5.246s][info][gc,phases   ] GC(9)   Post Evacuate Collection Set: 4.37ms
[5.246s][info][gc,phases   ] GC(9)   Other: 0.08ms
[5.246s][info][gc,heap     ] GC(9) Eden regions: 70->0(79)
[5.246s][info][gc,heap     ] GC(9) Survivor regions: 2->5(9)
[5.246s][info][gc,heap     ] GC(9) Old regions: 10->10
[5.246s][info][gc,heap     ] GC(9) Humongous regions: 0->0
[5.246s][info][gc,metaspace] GC(9) Metaspace: 24019K(24320K)->24019K(24320K) NonClass: 20701K(20864K)->20701K(20864K) Class: 3317K(3456K)->3317K(3456K)
[5.246s][info][gc          ] GC(9) Pause Young (Normal) (G1 Evacuation Pause) 80M->13M(256M) 11.481ms
[5.246s][info][gc,cpu      ] GC(9) User=0.02s Sys=0.01s Real=0.01s
[5.991s][info][gc,start    ] GC(10) Pause Young (Normal) (G1 Evacuation Pause)
[5.991s][info][gc,task     ] GC(10) Using 2 workers of 2 for evacuation
[5.995s][info][gc,phases   ] GC(10)   Pre Evacuate Collection Set: 0.20ms
[5.995s][info][gc,phases   ] GC(10)   Merge Heap Roots: 0.05ms
[5.995s][info][gc,phases   ] GC(10)   Evacuate Collection Set: 2.54ms
[5.995s][info][gc,phases   ] GC(10)   Post Evacuate Collection Set: 0.49ms
[5.995s][info][gc,phases   ] GC(10)   Other: 0.09ms
[5.995s][info][gc,heap     ] GC(10) Eden regions: 80->0(108)
[5.995s][info][gc,heap     ] GC(10) Survivor regions: 5->2(11)
[5.995s][info][gc,heap     ] GC(10) Old regions: 10->10
[5.995s][info][gc,heap     ] GC(10) Humongous regions: 0->0
[5.995s][info][gc,metaspace] GC(10) Metaspace: 24759K(24960K)->24759K(24960K) NonClass: 21405K(21504K)->21405K(21504K) Class: 3353K(3456K)->3353K(3456K)
[5.995s][info][gc          ] GC(10) Pause Young (Normal) (G1 Evacuation Pause) 93M->10M(256M) 3.575ms
[5.995s][info][gc,cpu      ] GC(10) User=0.00s Sys=0.00s Real=0.00s
[6.745s][info][gc,start    ] GC(11) Pause Young (Normal) (G1 Evacuation Pause)
[6.745s][info][gc,task     ] GC(11) Using 2 workers of 2 for evacuation
[6.757s][info][gc,phases   ] GC(11)   Pre Evacuate Collection Set: 0.17ms
[6.757s][info][gc,phases   ] GC(11)   Merge Heap Roots: 0.05ms
[6.757s][info][gc,phases   ] GC(11)   Evacuate Collection Set: 3.50ms
[6.757s][info][gc,phases   ] GC(11)   Post Evacuate Collection Set: 7.31ms
[6.757s][info][gc,phases   ] GC(11)   Other: 0.11ms
[6.757s][info][gc,heap     ] GC(11) Eden regions: 108->0(121)
[6.757s][info][gc,heap     ] GC(11) Survivor regions: 2->8(14)
[6.757s][info][gc,heap     ] GC(11) Old regions: 10->10
[6.757s][info][gc,heap     ] GC(11) Humongous regions: 0->0
[6.757s][info][gc,metaspace] GC(11) Metaspace: 25199K(25408K)->25199K(25408K) NonClass: 21842K(21952K)->21842K(21952K) Class: 3356K(3456K)->3356K(3456K)
[6.757s][info][gc          ] GC(11) Pause Young (Normal) (G1 Evacuation Pause) 118M->16M(256M) 11.341ms
[6.757s][info][gc,cpu      ] GC(11) User=0.01s Sys=0.00s Real=0.01s
[7.545s][info][gc,start    ] GC(12) Pause Young (Normal) (G1 Evacuation Pause)
[7.545s][info][gc,task     ] GC(12) Using 2 workers of 2 for evacuation
[7.554s][info][gc,phases   ] GC(12)   Pre Evacuate Collection Set: 0.19ms
[7.554s][info][gc,phases   ] GC(12)   Merge Heap Roots: 0.05ms
[7.554s][info][gc,phases   ] GC(12)   Evacuate Collection Set: 5.77ms
[7.554s][info][gc,phases   ] GC(12)   Post Evacuate Collection Set: 3.41ms
[7.554s][info][gc,phases   ] GC(12)   Other: 0.10ms
[7.554s][info][gc,heap     ] GC(12) Eden regions: 121->0(149)
[7.554s][info][gc,heap     ] GC(12) Survivor regions: 8->4(17)
[7.554s][info][gc,heap     ] GC(12) Old regions: 10->10
[7.554s][info][gc,heap     ] GC(12) Humongous regions: 0->0
[7.555s][info][gc,metaspace] GC(12) Metaspace: 25448K(25664K)->25448K(25664K) NonClass: 22090K(22208K)->22090K(22208K) Class: 3357K(3456K)->3357K(3456K)
[7.555s][info][gc          ] GC(12) Pause Young (Normal) (G1 Evacuation Pause) 137M->12M(256M) 9.776ms
[7.555s][info][gc,cpu      ] GC(12) User=0.02s Sys=0.00s Real=0.01s
[8.571s][info][gc,start    ] GC(13) Pause Young (Normal) (G1 Evacuation Pause)
[8.571s][info][gc,task     ] GC(13) Using 2 workers of 2 for evacuation
[8.581s][info][gc,phases   ] GC(13)   Pre Evacuate Collection Set: 0.15ms
[8.581s][info][gc,phases   ] GC(13)   Merge Heap Roots: 0.06ms
[8.581s][info][gc,phases   ] GC(13)   Evacuate Collection Set: 6.28ms
[8.581s][info][gc,phases   ] GC(13)   Post Evacuate Collection Set: 3.39ms
[8.581s][info][gc,phases   ] GC(13)   Other: 0.08ms
[8.581s][info][gc,heap     ] GC(13) Eden regions: 149->0(148)
[8.581s][info][gc,heap     ] GC(13) Survivor regions: 4->5(20)
[8.581s][info][gc,heap     ] GC(13) Old regions: 10->10
[8.581s][info][gc,heap     ] GC(13) Humongous regions: 0->0
[8.581s][info][gc,metaspace] GC(13) Metaspace: 25793K(25984K)->25793K(25984K) NonClass: 22435K(22528K)->22435K(22528K) Class: 3357K(3456K)->3357K(3456K)
[8.581s][info][gc          ] GC(13) Pause Young (Normal) (G1 Evacuation Pause) 161M->13M(256M) 10.146ms
[8.581s][info][gc,cpu      ] GC(13) User=0.02s Sys=0.00s Real=0.01s
[9.235s][info][gc,start    ] GC(14) Pause Young (Normal) (G1 Evacuation Pause)
[9.235s][info][gc,task     ] GC(14) Using 2 workers of 2 for evacuation
[9.245s][info][gc,phases   ] GC(14)   Pre Evacuate Collection Set: 0.17ms
[9.245s][info][gc,phases   ] GC(14)   Merge Heap Roots: 0.05ms
[9.245s][info][gc,phases   ] GC(14)   Evacuate Collection Set: 4.55ms
[9.245s][info][gc,phases   ] GC(14)   Post Evacuate Collection Set: 5.45ms
[9.245s][info][gc,phases   ] GC(14)   Other: 0.08ms
[9.245s][info][gc,heap     ] GC(14) Eden regions: 148->0(146)
[9.245s][info][gc,heap     ] GC(14) Survivor regions: 5->7(20)
[9.245s][info][gc,heap     ] GC(14) Old regions: 10->10
[9.245s][info][gc,heap     ] GC(14) Humongous regions: 0->0
[9.245s][info][gc,metaspace] GC(14) Metaspace: 26020K(26304K)->26020K(26304K) NonClass: 22662K(22848K)->22662K(22848K) Class: 3357K(3456K)->3357K(3456K)
[9.245s][info][gc          ] GC(14) Pause Young (Normal) (G1 Evacuation Pause) 161M->15M(256M) 10.519ms
[9.245s][info][gc,cpu      ] GC(14) User=0.02s Sys=0.00s Real=0.01s
[10.026s][info][gc,start    ] GC(15) Pause Young (Normal) (G1 Evacuation Pause)
[10.026s][info][gc,task     ] GC(15) Using 2 workers of 2 for evacuation
[10.032s][info][gc,phases   ] GC(15)   Pre Evacuate Collection Set: 0.15ms
[10.032s][info][gc,phases   ] GC(15)   Merge Heap Roots: 0.06ms
[10.032s][info][gc,phases   ] GC(15)   Evacuate Collection Set: 2.99ms
[10.032s][info][gc,phases   ] GC(15)   Post Evacuate Collection Set: 2.78ms
[10.032s][info][gc,phases   ] GC(15)   Other: 0.08ms
[10.032s][info][gc,heap     ] GC(15) Eden regions: 146->0(149)
[10.032s][info][gc,heap     ] GC(15) Survivor regions: 7->4(20)
[10.032s][info][gc,heap     ] GC(15) Old regions: 10->10
[10.032s][info][gc,heap     ] GC(15) Humongous regions: 0->0
[10.032s][info][gc,metaspace] GC(15) Metaspace: 26125K(26304K)->26125K(26304K) NonClass: 22767K(22848K)->22767K(22848K) Class: 3357K(3456K)->3357K(3456K)
[10.032s][info][gc          ] GC(15) Pause Young (Normal) (G1 Evacuation Pause) 161M->12M(256M) 6.275ms
[10.032s][info][gc,cpu      ] GC(15) User=0.01s Sys=0.00s Real=0.01s
[10.829s][info][gc,start    ] GC(16) Pause Young (Normal) (G1 Evacuation Pause)
[10.829s][info][gc,task     ] GC(16) Using 2 workers of 2 for evacuation
[10.837s][info][gc,phases   ] GC(16)   Pre Evacuate Collection Set: 0.14ms
[10.837s][info][gc,phases   ] GC(16)   Merge Heap Roots: 0.06ms
[10.837s][info][gc,phases   ] GC(16)   Evacuate Collection Set: 2.80ms
[10.837s][info][gc,phases   ] GC(16)   Post Evacuate Collection Set: 4.86ms
[10.837s][info][gc,phases   ] GC(16)   Other: 0.08ms
[10.837s][info][gc,heap     ] GC(16) Eden regions: 149->0(146)
[10.837s][info][gc,heap     ] GC(16) Survivor regions: 4->7(20)
[10.837s][info][gc,heap     ] GC(16) Old regions: 10->10
[10.837s][info][gc,heap     ] GC(16) Humongous regions: 0->0
[10.837s][info][gc,metaspace] GC(16) Metaspace: 26246K(26432K)->26246K(26432K) NonClass: 22888K(22976K)->22888K(22976K) Class: 3357K(3456K)->3357K(3456K)
[10.837s][info][gc          ] GC(16) Pause Young (Normal) (G1 Evacuation Pause) 161M->15M(256M) 8.155ms
[10.837s][info][gc,cpu      ] GC(16) User=0.02s Sys=0.00s Real=0.01s
[11.627s][info][gc,start    ] GC(17) Pause Young (Normal) (G1 Evacuation Pause)
[11.627s][info][gc,task     ] GC(17) Using 2 workers of 2 for evacuation
[11.632s][info][gc,phases   ] GC(17)   Pre Evacuate Collection Set: 0.18ms
[11.632s][info][gc,phases   ] GC(17)   Merge Heap Roots: 0.05ms
[11.632s][info][gc,phases   ] GC(17)   Evacuate Collection Set: 3.00ms
[11.632s][info][gc,phases   ] GC(17)   Post Evacuate Collection Set: 1.58ms
[11.632s][info][gc,phases   ] GC(17)   Other: 0.08ms
[11.632s][info][gc,heap     ] GC(17) Eden regions: 146->0(150)
[11.632s][info][gc,heap     ] GC(17) Survivor regions: 7->3(20)
[11.632s][info][gc,heap     ] GC(17) Old regions: 10->10
[11.632s][info][gc,heap     ] GC(17) Humongous regions: 0->0
[11.632s][info][gc,metaspace] GC(17) Metaspace: 26398K(26624K)->26398K(26624K) NonClass: 23040K(23168K)->23040K(23168K) Class: 3357K(3456K)->3357K(3456K)
[11.632s][info][gc          ] GC(17) Pause Young (Normal) (G1 Evacuation Pause) 161M->11M(256M) 5.096ms
[11.632s][info][gc,cpu      ] GC(17) User=0.01s Sys=0.00s Real=0.01s
[12.245s][info][gc,start    ] GC(18) Pause Young (Normal) (G1 Evacuation Pause)
[12.245s][info][gc,task     ] GC(18) Using 2 workers of 2 for evacuation
[12.260s][info][gc,phases   ] GC(18)   Pre Evacuate Collection Set: 0.17ms
[12.260s][info][gc,phases   ] GC(18)   Merge Heap Roots: 0.10ms
[12.260s][info][gc,phases   ] GC(18)   Evacuate Collection Set: 7.13ms
[12.260s][info][gc,phases   ] GC(18)   Post Evacuate Collection Set: 7.10ms
[12.260s][info][gc,phases   ] GC(18)   Other: 0.13ms
[12.260s][info][gc,heap     ] GC(18) Eden regions: 150->0(143)
[12.260s][info][gc,heap     ] GC(18) Survivor regions: 3->10(20)
[12.260s][info][gc,heap     ] GC(18) Old regions: 10->10
[12.260s][info][gc,heap     ] GC(18) Humongous regions: 0->0
[12.260s][info][gc,metaspace] GC(18) Metaspace: 26474K(26688K)->26474K(26688K) NonClass: 23115K(23232K)->23115K(23232K) Class: 3358K(3456K)->3358K(3456K)
[12.260s][info][gc          ] GC(18) Pause Young (Normal) (G1 Evacuation Pause) 161M->18M(256M) 14.817ms
[12.260s][info][gc,cpu      ] GC(18) User=0.03s Sys=0.00s Real=0.02s
[12.876s][info][gc,start    ] GC(19) Pause Young (Normal) (G1 Evacuation Pause)
[12.876s][info][gc,task     ] GC(19) Using 2 workers of 2 for evacuation
[12.883s][info][gc,phases   ] GC(19)   Pre Evacuate Collection Set: 0.16ms
[12.883s][info][gc,phases   ] GC(19)   Merge Heap Roots: 0.05ms
[12.883s][info][gc,phases   ] GC(19)   Evacuate Collection Set: 3.53ms
[12.883s][info][gc,phases   ] GC(19)   Post Evacuate Collection Set: 2.45ms
[12.883s][info][gc,phases   ] GC(19)   Other: 0.11ms
[12.883s][info][gc,heap     ] GC(19) Eden regions: 143->0(148)
[12.883s][info][gc,heap     ] GC(19) Survivor regions: 10->5(20)
[12.883s][info][gc,heap     ] GC(19) Old regions: 10->10
[12.883s][info][gc,heap     ] GC(19) Humongous regions: 0->0
[12.883s][info][gc,metaspace] GC(19) Metaspace: 26567K(26752K)->26567K(26752K) NonClass: 23206K(23296K)->23206K(23296K) Class: 3361K(3456K)->3361K(3456K)
[12.883s][info][gc          ] GC(19) Pause Young (Normal) (G1 Evacuation Pause) 161M->13M(256M) 6.555ms
[12.883s][info][gc,cpu      ] GC(19) User=0.02s Sys=0.00s Real=0.01s
[13.523s][info][gc,start    ] GC(20) Pause Young (Normal) (G1 Evacuation Pause)
[13.523s][info][gc,task     ] GC(20) Using 2 workers of 2 for evacuation
[13.535s][info][gc,phases   ] GC(20)   Pre Evacuate Collection Set: 0.18ms
[13.535s][info][gc,phases   ] GC(20)   Merge Heap Roots: 0.06ms
[13.535s][info][gc,phases   ] GC(20)   Evacuate Collection Set: 6.46ms
[13.535s][info][gc,phases   ] GC(20)   Post Evacuate Collection Set: 5.19ms
[13.535s][info][gc,phases   ] GC(20)   Other: 0.09ms
[13.535s][info][gc,heap     ] GC(20) Eden regions: 148->0(144)
[13.535s][info][gc,heap     ] GC(20) Survivor regions: 5->9(20)
[13.535s][info][gc,heap     ] GC(20) Old regions: 10->10
[13.535s][info][gc,heap     ] GC(20) Humongous regions: 0->0
[13.535s][info][gc,metaspace] GC(20) Metaspace: 26721K(26944K)->26721K(26944K) NonClass: 23359K(23488K)->23359K(23488K) Class: 3361K(3456K)->3361K(3456K)
[13.535s][info][gc          ] GC(20) Pause Young (Normal) (G1 Evacuation Pause) 161M->17M(256M) 12.182ms
[13.535s][info][gc,cpu      ] GC(20) User=0.02s Sys=0.00s Real=0.01s
[14.084s][info][gc,start    ] GC(21) Pause Young (Normal) (G1 Evacuation Pause)
[14.084s][info][gc,task     ] GC(21) Using 2 workers of 2 for evacuation
[14.092s][info][gc,phases   ] GC(21)   Pre Evacuate Collection Set: 0.20ms
[14.092s][info][gc,phases   ] GC(21)   Merge Heap Roots: 0.08ms
[14.092s][info][gc,phases   ] GC(21)   Evacuate Collection Set: 5.26ms
[14.092s][info][gc,phases   ] GC(21)   Post Evacuate Collection Set: 2.50ms
[14.092s][info][gc,phases   ] GC(21)   Other: 0.07ms
[14.093s][info][gc,heap     ] GC(21) Eden regions: 144->0(148)
[14.093s][info][gc,heap     ] GC(21) Survivor regions: 9->5(20)
[14.093s][info][gc,heap     ] GC(21) Old regions: 10->10
[14.093s][info][gc,heap     ] GC(21) Humongous regions: 0->0
[14.093s][info][gc,metaspace] GC(21) Metaspace: 26765K(27008K)->26765K(27008K) NonClass: 23403K(23552K)->23403K(23552K) Class: 3361K(3456K)->3361K(3456K)
[14.093s][info][gc          ] GC(21) Pause Young (Normal) (G1 Evacuation Pause) 161M->13M(256M) 8.337ms
[14.093s][info][gc,cpu      ] GC(21) User=0.02s Sys=0.00s Real=0.01s
[14.743s][info][gc,start    ] GC(22) Pause Young (Normal) (G1 Evacuation Pause)
[14.743s][info][gc,task     ] GC(22) Using 2 workers of 2 for evacuation
[14.756s][info][gc,phases   ] GC(22)   Pre Evacuate Collection Set: 0.17ms
[14.756s][info][gc,phases   ] GC(22)   Merge Heap Roots: 0.05ms
[14.756s][info][gc,phases   ] GC(22)   Evacuate Collection Set: 6.45ms
[14.756s][info][gc,phases   ] GC(22)   Post Evacuate Collection Set: 6.43ms
[14.756s][info][gc,phases   ] GC(22)   Other: 0.09ms
[14.756s][info][gc,heap     ] GC(22) Eden regions: 148->0(145)
[14.756s][info][gc,heap     ] GC(22) Survivor regions: 5->8(20)
[14.756s][info][gc,heap     ] GC(22) Old regions: 10->10
[14.756s][info][gc,heap     ] GC(22) Humongous regions: 0->0
[14.756s][info][gc,metaspace] GC(22) Metaspace: 26872K(27072K)->26872K(27072K) NonClass: 23510K(23616K)->23510K(23616K) Class: 3362K(3456K)->3362K(3456K)
[14.756s][info][gc          ] GC(22) Pause Young (Normal) (G1 Evacuation Pause) 161M->17M(256M) 13.418ms
[14.756s][info][gc,cpu      ] GC(22) User=0.03s Sys=0.00s Real=0.01s
[15.363s][info][gc,start    ] GC(23) Pause Young (Normal) (G1 Evacuation Pause)
[15.363s][info][gc,task     ] GC(23) Using 2 workers of 2 for evacuation
[15.375s][info][gc,phases   ] GC(23)   Pre Evacuate Collection Set: 0.18ms
[15.375s][info][gc,phases   ] GC(23)   Merge Heap Roots: 0.06ms
[15.375s][info][gc,phases   ] GC(23)   Evacuate Collection Set: 8.55ms
[15.375s][info][gc,phases   ] GC(23)   Post Evacuate Collection Set: 3.19ms
[15.375s][info][gc,phases   ] GC(23)   Other: 0.11ms
[15.375s][info][gc,heap     ] GC(23) Eden regions: 145->0(149)
[15.375s][info][gc,heap     ] GC(23) Survivor regions: 8->4(20)
[15.375s][info][gc,heap     ] GC(23) Old regions: 10->11
[15.375s][info][gc,heap     ] GC(23) Humongous regions: 0->0
[15.375s][info][gc,metaspace] GC(23) Metaspace: 26909K(27072K)->26909K(27072K) NonClass: 23546K(23616K)->23546K(23616K) Class: 3362K(3456K)->3362K(3456K)
[15.375s][info][gc          ] GC(23) Pause Young (Normal) (G1 Evacuation Pause) 162M->13M(256M) 12.316ms
[15.375s][info][gc,cpu      ] GC(23) User=0.02s Sys=0.00s Real=0.01s
[15.927s][info][gc,start    ] GC(24) Pause Young (Normal) (G1 Evacuation Pause)
[15.927s][info][gc,task     ] GC(24) Using 2 workers of 2 for evacuation
[15.935s][info][gc,phases   ] GC(24)   Pre Evacuate Collection Set: 0.16ms
[15.935s][info][gc,phases   ] GC(24)   Merge Heap Roots: 0.05ms
[15.935s][info][gc,phases   ] GC(24)   Evacuate Collection Set: 4.76ms
[15.935s][info][gc,phases   ] GC(24)   Post Evacuate Collection Set: 2.67ms
[15.935s][info][gc,phases   ] GC(24)   Other: 0.11ms
[15.935s][info][gc,heap     ] GC(24) Eden regions: 149->0(148)
[15.935s][info][gc,heap     ] GC(24) Survivor regions: 4->5(20)
[15.935s][info][gc,heap     ] GC(24) Old regions: 11->11
[15.935s][info][gc,heap     ] GC(24) Humongous regions: 0->0
[15.935s][info][gc,metaspace] GC(24) Metaspace: 27011K(27200K)->27011K(27200K) NonClass: 23648K(23744K)->23648K(23744K) Class: 3362K(3456K)->3362K(3456K)
[15.935s][info][gc          ] GC(24) Pause Young (Normal) (G1 Evacuation Pause) 162M->14M(256M) 7.948ms
[15.935s][info][gc,cpu      ] GC(24) User=0.02s Sys=0.00s Real=0.01s
[16.407s][info][gc,start    ] GC(25) Pause Young (Normal) (G1 Evacuation Pause)
[16.407s][info][gc,task     ] GC(25) Using 2 workers of 2 for evacuation
[16.417s][info][gc,phases   ] GC(25)   Pre Evacuate Collection Set: 0.20ms
[16.417s][info][gc,phases   ] GC(25)   Merge Heap Roots: 0.05ms
[16.417s][info][gc,phases   ] GC(25)   Evacuate Collection Set: 4.20ms
[16.417s][info][gc,phases   ] GC(25)   Post Evacuate Collection Set: 4.76ms
[16.417s][info][gc,phases   ] GC(25)   Other: 0.10ms
[16.417s][info][gc,heap     ] GC(25) Eden regions: 148->0(144)
[16.417s][info][gc,heap     ] GC(25) Survivor regions: 5->9(20)
[16.417s][info][gc,heap     ] GC(25) Old regions: 11->11
[16.417s][info][gc,heap     ] GC(25) Humongous regions: 0->0
[16.417s][info][gc,metaspace] GC(25) Metaspace: 27070K(27264K)->27070K(27264K) NonClass: 23708K(23808K)->23708K(23808K) Class: 3362K(3456K)->3362K(3456K)
[16.417s][info][gc          ] GC(25) Pause Young (Normal) (G1 Evacuation Pause) 162M->17M(256M) 9.493ms
[16.417s][info][gc,cpu      ] GC(25) User=0.02s Sys=0.00s Real=0.01s
[16.940s][info][gc,start    ] GC(26) Pause Young (Normal) (G1 Evacuation Pause)
[16.940s][info][gc,task     ] GC(26) Using 2 workers of 2 for evacuation
[16.947s][info][gc,phases   ] GC(26)   Pre Evacuate Collection Set: 0.17ms
[16.947s][info][gc,phases   ] GC(26)   Merge Heap Roots: 0.06ms
[16.947s][info][gc,phases   ] GC(26)   Evacuate Collection Set: 2.71ms
[16.947s][info][gc,phases   ] GC(26)   Post Evacuate Collection Set: 4.39ms
[16.947s][info][gc,phases   ] GC(26)   Other: 0.11ms
[16.947s][info][gc,heap     ] GC(26) Eden regions: 144->0(150)
[16.947s][info][gc,heap     ] GC(26) Survivor regions: 9->3(20)
[16.947s][info][gc,heap     ] GC(26) Old regions: 11->11
[16.947s][info][gc,heap     ] GC(26) Humongous regions: 0->0
[16.947s][info][gc,metaspace] GC(26) Metaspace: 27091K(27328K)->27091K(27328K) NonClass: 23728K(23872K)->23728K(23872K) Class: 3362K(3456K)->3362K(3456K)
[16.947s][info][gc          ] GC(26) Pause Young (Normal) (G1 Evacuation Pause) 161M->12M(256M) 7.648ms
[16.947s][info][gc,cpu      ] GC(26) User=0.01s Sys=0.00s Real=0.00s
[17.501s][info][gc,start    ] GC(27) Pause Young (Normal) (G1 Evacuation Pause)
[17.501s][info][gc,task     ] GC(27) Using 2 workers of 2 for evacuation
[17.510s][info][gc,phases   ] GC(27)   Pre Evacuate Collection Set: 2.08ms
[17.510s][info][gc,phases   ] GC(27)   Merge Heap Roots: 0.08ms
[17.510s][info][gc,phases   ] GC(27)   Evacuate Collection Set: 1.89ms
[17.510s][info][gc,phases   ] GC(27)   Post Evacuate Collection Set: 4.74ms
[17.510s][info][gc,phases   ] GC(27)   Other: 0.08ms
[17.510s][info][gc,heap     ] GC(27) Eden regions: 150->0(146)
[17.510s][info][gc,heap     ] GC(27) Survivor regions: 3->7(20)
[17.510s][info][gc,heap     ] GC(27) Old regions: 11->11
[17.510s][info][gc,heap     ] GC(27) Humongous regions: 0->0
[17.510s][info][gc,metaspace] GC(27) Metaspace: 27120K(27328K)->27120K(27328K) NonClass: 23757K(23872K)->23757K(23872K) Class: 3362K(3456K)->3362K(3456K)
[17.510s][info][gc          ] GC(27) Pause Young (Normal) (G1 Evacuation Pause) 162M->15M(256M) 9.136ms
[17.510s][info][gc,cpu      ] GC(27) User=0.01s Sys=0.00s Real=0.01s
[18.077s][info][gc,start    ] GC(28) Pause Young (Normal) (G1 Evacuation Pause)
[18.077s][info][gc,task     ] GC(28) Using 2 workers of 2 for evacuation
[18.083s][info][gc,phases   ] GC(28)   Pre Evacuate Collection Set: 0.18ms
[18.083s][info][gc,phases   ] GC(28)   Merge Heap Roots: 0.09ms
[18.083s][info][gc,phases   ] GC(28)   Evacuate Collection Set: 1.69ms
[18.083s][info][gc,phases   ] GC(28)   Post Evacuate Collection Set: 3.01ms
[18.083s][info][gc,phases   ] GC(28)   Other: 0.15ms
[18.083s][info][gc,heap     ] GC(28) Eden regions: 146->0(149)
[18.083s][info][gc,heap     ] GC(28) Survivor regions: 7->4(20)
[18.083s][info][gc,heap     ] GC(28) Old regions: 11->11
[18.083s][info][gc,heap     ] GC(28) Humongous regions: 0->0
[18.083s][info][gc,metaspace] GC(28) Metaspace: 27200K(27392K)->27200K(27392K) NonClass: 23838K(23936K)->23838K(23936K) Class: 3362K(3456K)->3362K(3456K)
[18.083s][info][gc          ] GC(28) Pause Young (Normal) (G1 Evacuation Pause) 161M->13M(256M) 5.345ms
[18.083s][info][gc,cpu      ] GC(28) User=0.01s Sys=0.00s Real=0.01s
[18.579s][info][gc,start    ] GC(29) Pause Young (Normal) (G1 Evacuation Pause)
[18.579s][info][gc,task     ] GC(29) Using 2 workers of 2 for evacuation
[18.586s][info][gc,phases   ] GC(29)   Pre Evacuate Collection Set: 0.17ms
[18.586s][info][gc,phases   ] GC(29)   Merge Heap Roots: 0.05ms
[18.586s][info][gc,phases   ] GC(29)   Evacuate Collection Set: 2.23ms
[18.586s][info][gc,phases   ] GC(29)   Post Evacuate Collection Set: 4.12ms
[18.586s][info][gc,phases   ] GC(29)   Other: 0.14ms
[18.586s][info][gc,heap     ] GC(29) Eden regions: 149->0(147)
[18.586s][info][gc,heap     ] GC(29) Survivor regions: 4->6(20)
[18.586s][info][gc,heap     ] GC(29) Old regions: 11->11
[18.586s][info][gc,heap     ] GC(29) Humongous regions: 0->0
[18.586s][info][gc,metaspace] GC(29) Metaspace: 27491K(27648K)->27491K(27648K) NonClass: 24128K(24192K)->24128K(24192K) Class: 3362K(3456K)->3362K(3456K)
[18.586s][info][gc          ] GC(29) Pause Young (Normal) (G1 Evacuation Pause) 162M->15M(256M) 6.946ms
[18.586s][info][gc,cpu      ] GC(29) User=0.01s Sys=0.00s Real=0.01s
[19.146s][info][gc,start    ] GC(30) Pause Young (Normal) (G1 Evacuation Pause)
[19.146s][info][gc,task     ] GC(30) Using 2 workers of 2 for evacuation
[19.151s][info][gc,phases   ] GC(30)   Pre Evacuate Collection Set: 0.16ms
[19.151s][info][gc,phases   ] GC(30)   Merge Heap Roots: 0.07ms
[19.151s][info][gc,phases   ] GC(30)   Evacuate Collection Set: 2.88ms
[19.151s][info][gc,phases   ] GC(30)   Post Evacuate Collection Set: 1.99ms
[19.151s][info][gc,phases   ] GC(30)   Other: 0.12ms
[19.151s][info][gc,heap     ] GC(30) Eden regions: 147->0(150)
[19.151s][info][gc,heap     ] GC(30) Survivor regions: 6->3(20)
[19.151s][info][gc,heap     ] GC(30) Old regions: 11->11
[19.151s][info][gc,heap     ] GC(30) Humongous regions: 0->0
[19.151s][info][gc,metaspace] GC(30) Metaspace: 27509K(27712K)->27509K(27712K) NonClass: 24146K(24256K)->24146K(24256K) Class: 3362K(3456K)->3362K(3456K)
[19.151s][info][gc          ] GC(30) Pause Young (Normal) (G1 Evacuation Pause) 162M->12M(256M) 5.467ms
[19.151s][info][gc,cpu      ] GC(30) User=0.00s Sys=0.00s Real=0.01s
[19.651s][info][gc,start    ] GC(31) Pause Young (Normal) (G1 Evacuation Pause)
[19.651s][info][gc,task     ] GC(31) Using 2 workers of 2 for evacuation
[19.660s][info][gc,phases   ] GC(31)   Pre Evacuate Collection Set: 0.18ms
[19.660s][info][gc,phases   ] GC(31)   Merge Heap Roots: 0.05ms
[19.660s][info][gc,phases   ] GC(31)   Evacuate Collection Set: 2.56ms
[19.660s][info][gc,phases   ] GC(31)   Post Evacuate Collection Set: 6.05ms
[19.660s][info][gc,phases   ] GC(31)   Other: 0.12ms
[19.660s][info][gc,heap     ] GC(31) Eden regions: 150->0(146)
[19.660s][info][gc,heap     ] GC(31) Survivor regions: 3->7(20)
[19.660s][info][gc,heap     ] GC(31) Old regions: 11->11
[19.660s][info][gc,heap     ] GC(31) Humongous regions: 0->0
[19.660s][info][gc,metaspace] GC(31) Metaspace: 27660K(27840K)->27660K(27840K) NonClass: 24297K(24384K)->24297K(24384K) Class: 3362K(3456K)->3362K(3456K)
[19.660s][info][gc          ] GC(31) Pause Young (Normal) (G1 Evacuation Pause) 162M->16M(256M) 9.207ms
[19.660s][info][gc,cpu      ] GC(31) User=0.02s Sys=0.00s Real=0.01s
[20.193s][info][gc,start    ] GC(32) Pause Young (Normal) (G1 Evacuation Pause)
[20.193s][info][gc,task     ] GC(32) Using 2 workers of 2 for evacuation
[20.197s][info][gc,phases   ] GC(32)   Pre Evacuate Collection Set: 0.17ms
[20.197s][info][gc,phases   ] GC(32)   Merge Heap Roots: 0.07ms
[20.197s][info][gc,phases   ] GC(32)   Evacuate Collection Set: 1.73ms
[20.197s][info][gc,phases   ] GC(32)   Post Evacuate Collection Set: 1.55ms
[20.197s][info][gc,phases   ] GC(32)   Other: 0.08ms
[20.197s][info][gc,heap     ] GC(32) Eden regions: 146->0(150)
[20.197s][info][gc,heap     ] GC(32) Survivor regions: 7->3(20)
[20.197s][info][gc,heap     ] GC(32) Old regions: 11->11
[20.197s][info][gc,heap     ] GC(32) Humongous regions: 0->0
[20.197s][info][gc,metaspace] GC(32) Metaspace: 27702K(27904K)->27702K(27904K) NonClass: 24335K(24448K)->24335K(24448K) Class: 3366K(3456K)->3366K(3456K)
[20.197s][info][gc          ] GC(32) Pause Young (Normal) (G1 Evacuation Pause) 162M->12M(256M) 3.806ms
[20.197s][info][gc,cpu      ] GC(32) User=0.01s Sys=0.00s Real=0.00s
[20.249s][info][gc,heap,exit] Heap
[20.249s][info][gc,heap,exit]  garbage-first heap   total reserved 1001472K, committed 262144K, used 24300K [0x00000000c2e00000, 0x0000000100000000)
[20.249s][info][gc,heap,exit]   region size 1024K, 15 young (15360K), 3 survivors (3072K)
[20.249s][info][gc,heap,exit]  Metaspace       used 27707K, committed 27968K, reserved 1114112K
[20.249s][info][gc,heap,exit]   class space    used 3367K, committed 3456K, reserved 1048576K
