[0.002s][info][metaspace]  - commit_granule_bytes: 65536.
[0.002s][info][metaspace]  - commit_granule_words: 8192.
[0.002s][info][metaspace]  - virtual_space_node_default_size: 8388608.
[0.002s][info][metaspace]  - enlarge_chunks_in_place: 1.
[0.004s][info][gc,init  ] CardTable entry size: 512
[0.008s][info][gc       ] Using G1
[0.012s][info][gc,init  ] Version: 24-internal-adhoc.root.jdk (release)
[0.012s][info][gc,init  ] CPUs: 2 total, 2 available
[0.012s][info][gc,init  ] Memory: 3908M
[0.012s][info][gc,init  ] Large Page Support: Disabled
[0.012s][info][gc,init  ] NUMA Support: Disabled
[0.012s][info][gc,init  ] Compressed Oops: Enabled (32-bit)
[0.012s][info][gc,init  ] Heap Region Size: 1M
[0.012s][info][gc,init  ] Heap Min Capacity: 256M
[0.012s][info][gc,init  ] Heap Initial Capacity: 256M
[0.012s][info][gc,init  ] Heap Max Capacity: 978M
[0.012s][info][gc,init  ] Pre-touch: Disabled
[0.012s][info][gc,init  ] Parallel Workers: 2
[0.012s][info][gc,init  ] Concurrent Workers: 1
[0.012s][info][gc,init  ] Concurrent Refinement Workers: 2
[0.012s][info][gc,init  ] Periodic GC: Disabled
[0.027s][info][gc,metaspace] CDS archive(s) mapped at: [0x00007efc6e000000-0x00007efc6ee7b000-0x00007efc6ee7b000), size 15183872, SharedBaseAddress: 0x00007efc6e000000, ArchiveRelocationMode: 1.
[0.027s][info][gc,metaspace] Compressed class space mapped at: 0x00007efc6f000000-0x00007efcaf000000, reserved size: 1073741824
[0.027s][info][gc,metaspace] UseCompressedClassPointers 1, UseCompactObjectHeaders 1
[0.027s][info][gc,metaspace] Narrow klass pointer bits 22, Max shift 10
[0.027s][info][gc,metaspace] Narrow klass base: 0x00007efc6e000000, Narrow klass shift: 10
[0.027s][info][gc,metaspace] Encoding Range: [0x00007efc6e000000 - 0x00007efd6e000000), (4294967296 bytes)
[0.027s][info][gc,metaspace] Klass Range:    [0x00007efc6e000000 - 0x00007efcaf000000), (1090519040 bytes)
[0.027s][info][gc,metaspace] Klass ID Range:  [1 - 1064960) (1064959)
[0.350s][info][gc,start    ] GC(0) Pause Young (Normal) (G1 Evacuation Pause)
[0.350s][info][gc,task     ] GC(0) Using 2 workers of 2 for evacuation
[0.356s][info][gc,phases   ] GC(0)   Pre Evacuate Collection Set: 0.24ms
[0.356s][info][gc,phases   ] GC(0)   Merge Heap Roots: 0.09ms
[0.356s][info][gc,phases   ] GC(0)   Evacuate Collection Set: 4.98ms
[0.356s][info][gc,phases   ] GC(0)   Post Evacuate Collection Set: 0.20ms
[0.356s][info][gc,phases   ] GC(0)   Other: 0.22ms
[0.356s][info][gc,heap     ] GC(0) Eden regions: 12->0(10)
[0.356s][info][gc,heap     ] GC(0) Survivor regions: 0->2(2)
[0.356s][info][gc,heap     ] GC(0) Old regions: 2->4
[0.356s][info][gc,heap     ] GC(0) Humongous regions: 0->0
[0.356s][info][gc,metaspace] GC(0) Metaspace: 2787K(2944K)->2787K(2944K) NonClass: 2402K(2496K)->2402K(2496K) Class: 385K(448K)->385K(448K)
[0.356s][info][gc          ] GC(0) Pause Young (Normal) (G1 Evacuation Pause) 13M->4M(258M) 5.944ms
[0.356s][info][gc,cpu      ] GC(0) User=0.00s Sys=0.00s Real=0.01s
[0.591s][info][gc,start    ] GC(1) Pause Young (Normal) (G1 Evacuation Pause)
[0.591s][info][gc,task     ] GC(1) Using 2 workers of 2 for evacuation
[0.597s][info][gc,phases   ] GC(1)   Pre Evacuate Collection Set: 2.27ms
[0.597s][info][gc,phases   ] GC(1)   Merge Heap Roots: 0.04ms
[0.597s][info][gc,phases   ] GC(1)   Evacuate Collection Set: 2.98ms
[0.597s][info][gc,phases   ] GC(1)   Post Evacuate Collection Set: 0.36ms
[0.597s][info][gc,phases   ] GC(1)   Other: 0.07ms
[0.597s][info][gc,heap     ] GC(1) Eden regions: 10->0(15)
[0.597s][info][gc,heap     ] GC(1) Survivor regions: 2->1(2)
[0.597s][info][gc,heap     ] GC(1) Old regions: 4->5
[0.597s][info][gc,heap     ] GC(1) Humongous regions: 0->0
[0.597s][info][gc,metaspace] GC(1) Metaspace: 7091K(7168K)->7091K(7168K) NonClass: 5907K(5952K)->5907K(5952K) Class: 1183K(1216K)->1183K(1216K)
[0.597s][info][gc          ] GC(1) Pause Young (Normal) (G1 Evacuation Pause) 14M->4M(258M) 5.922ms
[0.597s][info][gc,cpu      ] GC(1) User=0.01s Sys=0.00s Real=0.01s
[0.952s][info][gc,start    ] GC(2) Pause Young (Normal) (G1 Evacuation Pause)
[0.952s][info][gc,task     ] GC(2) Using 2 workers of 2 for evacuation
[0.959s][info][gc,phases   ] GC(2)   Pre Evacuate Collection Set: 0.18ms
[0.959s][info][gc,phases   ] GC(2)   Merge Heap Roots: 0.04ms
[0.959s][info][gc,phases   ] GC(2)   Evacuate Collection Set: 7.03ms
[0.959s][info][gc,phases   ] GC(2)   Post Evacuate Collection Set: 0.36ms
[0.959s][info][gc,phases   ] GC(2)   Other: 0.08ms
[0.959s][info][gc,heap     ] GC(2) Eden regions: 16->0(18)
[0.959s][info][gc,heap     ] GC(2) Survivor regions: 1->3(3)
[0.959s][info][gc,heap     ] GC(2) Old regions: 5->5
[0.959s][info][gc,heap     ] GC(2) Humongous regions: 0->0
[0.959s][info][gc,metaspace] GC(2) Metaspace: 12893K(13056K)->12893K(13056K) NonClass: 10903K(11008K)->10903K(11008K) Class: 1989K(2048K)->1989K(2048K)
[0.959s][info][gc          ] GC(2) Pause Young (Normal) (G1 Evacuation Pause) 20M->6M(258M) 7.877ms
[0.959s][info][gc,cpu      ] GC(2) User=0.00s Sys=0.00s Real=0.00s
[1.412s][info][gc,start    ] GC(3) Pause Young (Normal) (G1 Evacuation Pause)
[1.412s][info][gc,task     ] GC(3) Using 2 workers of 2 for evacuation
[1.422s][info][gc,phases   ] GC(3)   Pre Evacuate Collection Set: 0.18ms
[1.422s][info][gc,phases   ] GC(3)   Merge Heap Roots: 0.04ms
[1.422s][info][gc,phases   ] GC(3)   Evacuate Collection Set: 7.53ms
[1.422s][info][gc,phases   ] GC(3)   Post Evacuate Collection Set: 1.49ms
[1.422s][info][gc,phases   ] GC(3)   Other: 0.08ms
[1.422s][info][gc,heap     ] GC(3) Eden regions: 19->0(25)
[1.422s][info][gc,heap     ] GC(3) Survivor regions: 3->3(3)
[1.422s][info][gc,heap     ] GC(3) Old regions: 5->8
[1.422s][info][gc,heap     ] GC(3) Humongous regions: 0->0
[1.422s][info][gc,metaspace] GC(3) Metaspace: 19685K(19904K)->19685K(19904K) NonClass: 16714K(16832K)->16714K(16832K) Class: 2970K(3072K)->2970K(3072K)
[1.422s][info][gc          ] GC(3) Pause Young (Normal) (G1 Evacuation Pause) 25M->8M(258M) 9.501ms
[1.422s][info][gc,cpu      ] GC(3) User=0.02s Sys=0.00s Real=0.01s
[1.852s][info][metaspace   ] ChkMgr @0x00007efce81626e0 (non-class-space): failed to commit 37 words on chunk @0x00007efce87b3fd8, f, base 0x00007efc65260000, level lv10.
[1.852s][info][metaspace   ] Arena @0x00007efce8403890 (non-class arena): failed to allocate new chunk for requested word size 37.
[1.852s][info][metaspace   ] Arena @0x00007efce8403890 (non-class arena): allocation failed, returned null.
[1.852s][info][metaspace   ] ChkMgr @0x00007efce81626e0 (non-class-space): failed to commit 37 words on chunk @0x00007efce87b3fd8, f, base 0x00007efc65260000, level lv10.
[1.852s][info][metaspace   ] Arena @0x00007efce8403890 (non-class arena): failed to allocate new chunk for requested word size 37.
[1.852s][info][metaspace   ] Arena @0x00007efce8403890 (non-class arena): allocation failed, returned null.
[1.852s][info][metaspace   ] ChkMgr @0x00007efce81626e0 (non-class-space): failed to commit 37 words on chunk @0x00007efce87b3fd8, f, base 0x00007efc65260000, level lv10.
[1.852s][info][metaspace   ] Arena @0x00007efce8403890 (non-class arena): failed to allocate new chunk for requested word size 37.
[1.852s][info][metaspace   ] Arena @0x00007efce8403890 (non-class arena): allocation failed, returned null.
[1.852s][info][gc,start    ] GC(4) Pause Young (Concurrent Start) (Metadata GC Threshold)
[1.853s][info][gc,task     ] GC(4) Using 2 workers of 2 for evacuation
[1.858s][info][gc,phases   ] GC(4)   Pre Evacuate Collection Set: 0.14ms
[1.858s][info][gc,phases   ] GC(4)   Merge Heap Roots: 0.05ms
[1.858s][info][gc,phases   ] GC(4)   Evacuate Collection Set: 3.97ms
[1.858s][info][gc,phases   ] GC(4)   Post Evacuate Collection Set: 0.98ms
[1.858s][info][gc,phases   ] GC(4)   Other: 0.11ms
[1.858s][info][gc,heap     ] GC(4) Eden regions: 18->0(44)
[1.858s][info][gc,heap     ] GC(4) Survivor regions: 3->2(4)
[1.858s][info][gc,heap     ] GC(4) Old regions: 8->10
[1.858s][info][gc,heap     ] GC(4) Humongous regions: 0->0
[1.858s][info][gc,metaspace] GC(4) Metaspace: 21332K(21504K)->21332K(21504K) NonClass: 18163K(18240K)->18163K(18240K) Class: 3168K(3264K)->3168K(3264K)
[1.858s][info][gc          ] GC(4) Pause Young (Concurrent Start) (Metadata GC Threshold) 26M->9M(258M) 5.377ms
[1.858s][info][gc,cpu      ] GC(4) User=0.01s Sys=0.00s Real=0.00s
[1.858s][info][gc          ] GC(5) Concurrent Mark Cycle
[1.858s][info][metaspace   ] CLMS @0x00007efce8403860 : GC threshold increased: 22020096->22347776.
[1.858s][info][gc,marking  ] GC(5) Concurrent Scan Root Regions
[1.867s][info][gc,marking  ] GC(5) Concurrent Scan Root Regions 9.314ms
[1.867s][info][gc,marking  ] GC(5) Concurrent Mark
[1.867s][info][gc,marking  ] GC(5) Concurrent Mark From Roots
[1.867s][info][gc,task     ] GC(5) Using 1 workers of 1 for marking
[1.893s][info][gc,marking  ] GC(5) Concurrent Mark From Roots 25.847ms
[1.893s][info][gc,marking  ] GC(5) Concurrent Preclean
[1.893s][info][gc,marking  ] GC(5) Concurrent Preclean 0.044ms
[1.893s][info][gc,start    ] GC(5) Pause Remark
[1.897s][info][gc          ] GC(5) Pause Remark 11M->11M(256M) 3.139ms
[1.897s][info][gc,cpu      ] GC(5) User=0.00s Sys=0.00s Real=0.00s
[1.897s][info][gc,marking  ] GC(5) Concurrent Mark 29.290ms
[1.897s][info][gc,marking  ] GC(5) Concurrent Rebuild Remembered Sets and Scrub Regions
[1.907s][info][gc,marking  ] GC(5) Concurrent Rebuild Remembered Sets and Scrub Regions 10.652ms
[1.909s][info][gc,start    ] GC(5) Pause Cleanup
[1.909s][info][gc          ] GC(5) Pause Cleanup 11M->11M(256M) 0.048ms
[1.909s][info][gc,cpu      ] GC(5) User=0.00s Sys=0.00s Real=0.00s
[1.910s][info][gc,marking  ] GC(5) Concurrent Clear Claimed Marks
[1.910s][info][gc,marking  ] GC(5) Concurrent Clear Claimed Marks 0.024ms
[1.910s][info][gc,marking  ] GC(5) Concurrent Cleanup for Next Mark
[1.918s][info][gc,marking  ] GC(5) Concurrent Cleanup for Next Mark 8.507ms
[1.918s][info][gc          ] GC(5) Concurrent Mark Cycle 60.227ms
[2.626s][info][gc,start    ] GC(6) Pause Young (Prepare Mixed) (G1 Evacuation Pause)
[2.626s][info][gc,task     ] GC(6) Using 2 workers of 2 for evacuation
[2.632s][info][gc,phases   ] GC(6)   Pre Evacuate Collection Set: 0.22ms
[2.632s][info][gc,phases   ] GC(6)   Merge Heap Roots: 0.05ms
[2.632s][info][gc,phases   ] GC(6)   Evacuate Collection Set: 5.03ms
[2.632s][info][gc,phases   ] GC(6)   Post Evacuate Collection Set: 0.65ms
[2.632s][info][gc,phases   ] GC(6)   Other: 0.09ms
[2.632s][info][gc,heap     ] GC(6) Eden regions: 44->0(43)
[2.632s][info][gc,heap     ] GC(6) Survivor regions: 2->3(6)
[2.632s][info][gc,heap     ] GC(6) Old regions: 10->10
[2.632s][info][gc,heap     ] GC(6) Humongous regions: 0->0
[2.632s][info][gc,metaspace] GC(6) Metaspace: 22543K(22656K)->22543K(22656K) NonClass: 19327K(19392K)->19327K(19392K) Class: 3216K(3264K)->3216K(3264K)
[2.632s][info][gc          ] GC(6) Pause Young (Prepare Mixed) (G1 Evacuation Pause) 53M->11M(256M) 6.255ms
[2.632s][info][gc,cpu      ] GC(6) User=0.01s Sys=0.00s Real=0.01s
[3.156s][info][gc,start    ] GC(7) Pause Young (Mixed) (G1 Evacuation Pause)
[3.156s][info][gc,task     ] GC(7) Using 2 workers of 2 for evacuation
[3.164s][info][gc,phases   ] GC(7)   Pre Evacuate Collection Set: 0.21ms
[3.164s][info][gc,phases   ] GC(7)   Merge Heap Roots: 0.05ms
[3.164s][info][gc,phases   ] GC(7)   Evacuate Collection Set: 3.94ms
[3.164s][info][gc,phases   ] GC(7)   Post Evacuate Collection Set: 4.12ms
[3.164s][info][gc,phases   ] GC(7)   Other: 0.08ms
[3.164s][info][gc,heap     ] GC(7) Eden regions: 44->0(51)
[3.164s][info][gc,heap     ] GC(7) Survivor regions: 3->5(6)
[3.164s][info][gc,heap     ] GC(7) Old regions: 10->10
[3.164s][info][gc,heap     ] GC(7) Humongous regions: 0->0
[3.164s][info][gc,metaspace] GC(7) Metaspace: 23382K(23552K)->23382K(23552K) NonClass: 20084K(20160K)->20084K(20160K) Class: 3298K(3392K)->3298K(3392K)
[3.164s][info][gc          ] GC(7) Pause Young (Mixed) (G1 Evacuation Pause) 55M->13M(256M) 8.574ms
[3.164s][info][gc,cpu      ] GC(7) User=0.02s Sys=0.01s Real=0.01s
[3.566s][info][gc,start    ] GC(8) Pause Young (Normal) (G1 Evacuation Pause)
[3.566s][info][gc,task     ] GC(8) Using 2 workers of 2 for evacuation
[3.573s][info][gc,phases   ] GC(8)   Pre Evacuate Collection Set: 1.69ms
[3.573s][info][gc,phases   ] GC(8)   Merge Heap Roots: 0.06ms
[3.573s][info][gc,phases   ] GC(8)   Evacuate Collection Set: 5.11ms
[3.573s][info][gc,phases   ] GC(8)   Post Evacuate Collection Set: 0.37ms
[3.573s][info][gc,phases   ] GC(8)   Other: 0.09ms
[3.573s][info][gc,heap     ] GC(8) Eden regions: 52->0(69)
[3.573s][info][gc,heap     ] GC(8) Survivor regions: 5->2(8)
[3.573s][info][gc,heap     ] GC(8) Old regions: 10->10
[3.573s][info][gc,heap     ] GC(8) Humongous regions: 0->0
[3.573s][info][gc,metaspace] GC(8) Metaspace: 23628K(23872K)->23628K(23872K) NonClass: 20323K(20480K)->20323K(20480K) Class: 3304K(3392K)->3304K(3392K)
[3.573s][info][gc          ] GC(8) Pause Young (Normal) (G1 Evacuation Pause) 65M->10M(256M) 7.571ms
[3.573s][info][gc,cpu      ] GC(8) User=0.01s Sys=0.00s Real=0.01s
[4.336s][info][gc,start    ] GC(9) Pause Young (Normal) (G1 Evacuation Pause)
[4.336s][info][gc,task     ] GC(9) Using 2 workers of 2 for evacuation
[4.343s][info][gc,phases   ] GC(9)   Pre Evacuate Collection Set: 0.18ms
[4.343s][info][gc,phases   ] GC(9)   Merge Heap Roots: 0.04ms
[4.343s][info][gc,phases   ] GC(9)   Evacuate Collection Set: 3.26ms
[4.343s][info][gc,phases   ] GC(9)   Post Evacuate Collection Set: 3.25ms
[4.343s][info][gc,phases   ] GC(9)   Other: 0.10ms
[4.343s][info][gc,heap     ] GC(9) Eden regions: 70->0(81)
[4.343s][info][gc,heap     ] GC(9) Survivor regions: 2->4(9)
[4.343s][info][gc,heap     ] GC(9) Old regions: 10->10
[4.343s][info][gc,heap     ] GC(9) Humongous regions: 0->0
[4.343s][info][gc,metaspace] GC(9) Metaspace: 24112K(24320K)->24112K(24320K) NonClass: 20793K(20864K)->20793K(20864K) Class: 3318K(3456K)->3318K(3456K)
[4.343s][info][gc          ] GC(9) Pause Young (Normal) (G1 Evacuation Pause) 80M->11M(256M) 6.994ms
[4.343s][info][gc,cpu      ] GC(9) User=0.01s Sys=0.00s Real=0.01s
[4.997s][info][gc,start    ] GC(10) Pause Young (Normal) (G1 Evacuation Pause)
[4.997s][info][gc,task     ] GC(10) Using 2 workers of 2 for evacuation
[5.002s][info][gc,phases   ] GC(10)   Pre Evacuate Collection Set: 0.18ms
[5.002s][info][gc,phases   ] GC(10)   Merge Heap Roots: 0.05ms
[5.002s][info][gc,phases   ] GC(10)   Evacuate Collection Set: 3.82ms
[5.002s][info][gc,phases   ] GC(10)   Post Evacuate Collection Set: 0.35ms
[5.002s][info][gc,phases   ] GC(10)   Other: 0.10ms
[5.002s][info][gc,heap     ] GC(10) Eden regions: 81->0(110)
[5.002s][info][gc,heap     ] GC(10) Survivor regions: 4->2(11)
[5.002s][info][gc,heap     ] GC(10) Old regions: 10->10
[5.002s][info][gc,heap     ] GC(10) Humongous regions: 0->0
[5.002s][info][gc,metaspace] GC(10) Metaspace: 24793K(24960K)->24793K(24960K) NonClass: 21439K(21504K)->21439K(21504K) Class: 3353K(3456K)->3353K(3456K)
[5.002s][info][gc          ] GC(10) Pause Young (Normal) (G1 Evacuation Pause) 92M->10M(256M) 4.651ms
[5.002s][info][gc,cpu      ] GC(10) User=0.00s Sys=0.00s Real=0.01s
[5.721s][info][gc,start    ] GC(11) Pause Young (Normal) (G1 Evacuation Pause)
[5.721s][info][gc,task     ] GC(11) Using 2 workers of 2 for evacuation
[5.737s][info][gc,phases   ] GC(11)   Pre Evacuate Collection Set: 0.18ms
[5.737s][info][gc,phases   ] GC(11)   Merge Heap Roots: 0.04ms
[5.737s][info][gc,phases   ] GC(11)   Evacuate Collection Set: 4.87ms
[5.737s][info][gc,phases   ] GC(11)   Post Evacuate Collection Set: 10.75ms
[5.737s][info][gc,phases   ] GC(11)   Other: 0.10ms
[5.737s][info][gc,heap     ] GC(11) Eden regions: 110->0(121)
[5.737s][info][gc,heap     ] GC(11) Survivor regions: 2->8(14)
[5.737s][info][gc,heap     ] GC(11) Old regions: 10->10
[5.737s][info][gc,heap     ] GC(11) Humongous regions: 0->0
[5.737s][info][gc,metaspace] GC(11) Metaspace: 25138K(25344K)->25138K(25344K) NonClass: 21781K(21888K)->21781K(21888K) Class: 3356K(3456K)->3356K(3456K)
[5.737s][info][gc          ] GC(11) Pause Young (Normal) (G1 Evacuation Pause) 120M->16M(256M) 16.167ms
[5.737s][info][gc,cpu      ] GC(11) User=0.03s Sys=0.00s Real=0.02s
[6.454s][info][gc,start    ] GC(12) Pause Young (Normal) (G1 Evacuation Pause)
[6.454s][info][gc,task     ] GC(12) Using 2 workers of 2 for evacuation
[6.467s][info][gc,phases   ] GC(12)   Pre Evacuate Collection Set: 0.16ms
[6.467s][info][gc,phases   ] GC(12)   Merge Heap Roots: 0.06ms
[6.467s][info][gc,phases   ] GC(12)   Evacuate Collection Set: 7.55ms
[6.467s][info][gc,phases   ] GC(12)   Post Evacuate Collection Set: 4.38ms
[6.467s][info][gc,phases   ] GC(12)   Other: 0.08ms
[6.467s][info][gc,heap     ] GC(12) Eden regions: 121->0(148)
[6.467s][info][gc,heap     ] GC(12) Survivor regions: 8->5(17)
[6.467s][info][gc,heap     ] GC(12) Old regions: 10->10
[6.467s][info][gc,heap     ] GC(12) Humongous regions: 0->0
[6.467s][info][gc,metaspace] GC(12) Metaspace: 25428K(25664K)->25428K(25664K) NonClass: 22070K(22208K)->22070K(22208K) Class: 3357K(3456K)->3357K(3456K)
[6.467s][info][gc          ] GC(12) Pause Young (Normal) (G1 Evacuation Pause) 137M->13M(256M) 12.443ms
[6.467s][info][gc,cpu      ] GC(12) User=0.02s Sys=0.00s Real=0.01s
[7.391s][info][gc,start    ] GC(13) Pause Young (Normal) (G1 Evacuation Pause)
[7.391s][info][gc,task     ] GC(13) Using 2 workers of 2 for evacuation
[7.398s][info][gc,phases   ] GC(13)   Pre Evacuate Collection Set: 0.16ms
[7.398s][info][gc,phases   ] GC(13)   Merge Heap Roots: 0.06ms
[7.398s][info][gc,phases   ] GC(13)   Evacuate Collection Set: 3.43ms
[7.398s][info][gc,phases   ] GC(13)   Post Evacuate Collection Set: 3.39ms
[7.398s][info][gc,phases   ] GC(13)   Other: 0.10ms
[7.398s][info][gc,heap     ] GC(13) Eden regions: 148->0(149)
[7.398s][info][gc,heap     ] GC(13) Survivor regions: 5->4(20)
[7.398s][info][gc,heap     ] GC(13) Old regions: 10->10
[7.398s][info][gc,heap     ] GC(13) Humongous regions: 0->0
[7.398s][info][gc,metaspace] GC(13) Metaspace: 25783K(25984K)->25783K(25984K) NonClass: 22425K(22528K)->22425K(22528K) Class: 3357K(3456K)->3357K(3456K)
[7.398s][info][gc          ] GC(13) Pause Young (Normal) (G1 Evacuation Pause) 161M->12M(256M) 7.323ms
[7.398s][info][gc,cpu      ] GC(13) User=0.01s Sys=0.00s Real=0.00s
[8.086s][info][gc,start    ] GC(14) Pause Young (Normal) (G1 Evacuation Pause)
[8.086s][info][gc,task     ] GC(14) Using 2 workers of 2 for evacuation
[8.095s][info][gc,phases   ] GC(14)   Pre Evacuate Collection Set: 0.19ms
[8.095s][info][gc,phases   ] GC(14)   Merge Heap Roots: 0.05ms
[8.095s][info][gc,phases   ] GC(14)   Evacuate Collection Set: 2.58ms
[8.095s][info][gc,phases   ] GC(14)   Post Evacuate Collection Set: 5.64ms
[8.095s][info][gc,phases   ] GC(14)   Other: 0.11ms
[8.095s][info][gc,heap     ] GC(14) Eden regions: 149->0(146)
[8.095s][info][gc,heap     ] GC(14) Survivor regions: 4->7(20)
[8.095s][info][gc,heap     ] GC(14) Old regions: 10->10
[8.095s][info][gc,heap     ] GC(14) Humongous regions: 0->0
[8.095s][info][gc,metaspace] GC(14) Metaspace: 25996K(26176K)->25996K(26176K) NonClass: 22639K(22720K)->22639K(22720K) Class: 3357K(3456K)->3357K(3456K)
[8.095s][info][gc          ] GC(14) Pause Young (Normal) (G1 Evacuation Pause) 161M->15M(256M) 8.740ms
[8.095s][info][gc,cpu      ] GC(14) User=0.01s Sys=0.00s Real=0.01s
[8.824s][info][gc,start    ] GC(15) Pause Young (Normal) (G1 Evacuation Pause)
[8.824s][info][gc,task     ] GC(15) Using 2 workers of 2 for evacuation
[8.831s][info][gc,phases   ] GC(15)   Pre Evacuate Collection Set: 0.19ms
[8.832s][info][gc,phases   ] GC(15)   Merge Heap Roots: 0.06ms
[8.832s][info][gc,phases   ] GC(15)   Evacuate Collection Set: 5.01ms
[8.832s][info][gc,phases   ] GC(15)   Post Evacuate Collection Set: 2.26ms
[8.832s][info][gc,phases   ] GC(15)   Other: 0.09ms
[8.832s][info][gc,heap     ] GC(15) Eden regions: 146->0(149)
[8.832s][info][gc,heap     ] GC(15) Survivor regions: 7->4(20)
[8.832s][info][gc,heap     ] GC(15) Old regions: 10->10
[8.832s][info][gc,heap     ] GC(15) Humongous regions: 0->0
[8.832s][info][gc,metaspace] GC(15) Metaspace: 26117K(26368K)->26117K(26368K) NonClass: 22759K(22912K)->22759K(22912K) Class: 3357K(3456K)->3357K(3456K)
[8.832s][info][gc          ] GC(15) Pause Young (Normal) (G1 Evacuation Pause) 161M->12M(256M) 7.801ms
[8.832s][info][gc,cpu      ] GC(15) User=0.02s Sys=0.00s Real=0.01s
[9.495s][info][gc,start    ] GC(16) Pause Young (Normal) (G1 Evacuation Pause)
[9.495s][info][gc,task     ] GC(16) Using 2 workers of 2 for evacuation
[9.505s][info][gc,phases   ] GC(16)   Pre Evacuate Collection Set: 0.24ms
[9.505s][info][gc,phases   ] GC(16)   Merge Heap Roots: 0.07ms
[9.505s][info][gc,phases   ] GC(16)   Evacuate Collection Set: 3.91ms
[9.505s][info][gc,phases   ] GC(16)   Post Evacuate Collection Set: 5.56ms
[9.505s][info][gc,phases   ] GC(16)   Other: 0.07ms
[9.505s][info][gc,heap     ] GC(16) Eden regions: 149->0(145)
[9.505s][info][gc,heap     ] GC(16) Survivor regions: 4->8(20)
[9.505s][info][gc,heap     ] GC(16) Old regions: 10->10
[9.505s][info][gc,heap     ] GC(16) Humongous regions: 0->0
[9.505s][info][gc,metaspace] GC(16) Metaspace: 26244K(26432K)->26244K(26432K) NonClass: 22887K(22976K)->22887K(22976K) Class: 3357K(3456K)->3357K(3456K)
[9.505s][info][gc          ] GC(16) Pause Young (Normal) (G1 Evacuation Pause) 161M->16M(256M) 10.048ms
[9.505s][info][gc,cpu      ] GC(16) User=0.02s Sys=0.00s Real=0.01s
[10.129s][info][gc,start    ] GC(17) Pause Young (Normal) (G1 Evacuation Pause)
[10.129s][info][gc,task     ] GC(17) Using 2 workers of 2 for evacuation
[10.134s][info][gc,phases   ] GC(17)   Pre Evacuate Collection Set: 0.17ms
[10.134s][info][gc,phases   ] GC(17)   Merge Heap Roots: 0.05ms
[10.134s][info][gc,phases   ] GC(17)   Evacuate Collection Set: 2.78ms
[10.134s][info][gc,phases   ] GC(17)   Post Evacuate Collection Set: 1.54ms
[10.134s][info][gc,phases   ] GC(17)   Other: 0.07ms
[10.134s][info][gc,heap     ] GC(17) Eden regions: 145->0(150)
[10.134s][info][gc,heap     ] GC(17) Survivor regions: 8->3(20)
[10.134s][info][gc,heap     ] GC(17) Old regions: 10->10
[10.134s][info][gc,heap     ] GC(17) Humongous regions: 0->0
[10.134s][info][gc,metaspace] GC(17) Metaspace: 26386K(26624K)->26386K(26624K) NonClass: 23028K(23168K)->23028K(23168K) Class: 3357K(3456K)->3357K(3456K)
[10.134s][info][gc          ] GC(17) Pause Young (Normal) (G1 Evacuation Pause) 161M->11M(256M) 4.802ms
[10.134s][info][gc,cpu      ] GC(17) User=0.01s Sys=0.00s Real=0.01s
[10.775s][info][gc,start    ] GC(18) Pause Young (Normal) (G1 Evacuation Pause)
[10.775s][info][gc,task     ] GC(18) Using 2 workers of 2 for evacuation
[10.791s][info][gc,phases   ] GC(18)   Pre Evacuate Collection Set: 0.23ms
[10.791s][info][gc,phases   ] GC(18)   Merge Heap Roots: 0.07ms
[10.791s][info][gc,phases   ] GC(18)   Evacuate Collection Set: 8.89ms
[10.791s][info][gc,phases   ] GC(18)   Post Evacuate Collection Set: 6.63ms
[10.791s][info][gc,phases   ] GC(18)   Other: 0.11ms
[10.791s][info][gc,heap     ] GC(18) Eden regions: 150->0(142)
[10.791s][info][gc,heap     ] GC(18) Survivor regions: 3->11(20)
[10.791s][info][gc,heap     ] GC(18) Old regions: 10->10
[10.791s][info][gc,heap     ] GC(18) Humongous regions: 0->0
[10.791s][info][gc,metaspace] GC(18) Metaspace: 26483K(26688K)->26483K(26688K) NonClass: 23125K(23232K)->23125K(23232K) Class: 3357K(3456K)->3357K(3456K)
[10.791s][info][gc          ] GC(18) Pause Young (Normal) (G1 Evacuation Pause) 161M->19M(256M) 16.111ms
[10.791s][info][gc,cpu      ] GC(18) User=0.02s Sys=0.00s Real=0.01s
[11.419s][info][gc,start    ] GC(19) Pause Young (Normal) (G1 Evacuation Pause)
[11.419s][info][gc,task     ] GC(19) Using 2 workers of 2 for evacuation
[11.427s][info][gc,phases   ] GC(19)   Pre Evacuate Collection Set: 0.16ms
[11.428s][info][gc,phases   ] GC(19)   Merge Heap Roots: 0.07ms
[11.428s][info][gc,phases   ] GC(19)   Evacuate Collection Set: 5.99ms
[11.428s][info][gc,phases   ] GC(19)   Post Evacuate Collection Set: 2.48ms
[11.428s][info][gc,phases   ] GC(19)   Other: 0.08ms
[11.428s][info][gc,heap     ] GC(19) Eden regions: 142->0(148)
[11.428s][info][gc,heap     ] GC(19) Survivor regions: 11->5(20)
[11.428s][info][gc,heap     ] GC(19) Old regions: 10->10
[11.428s][info][gc,heap     ] GC(19) Humongous regions: 0->0
[11.428s][info][gc,metaspace] GC(19) Metaspace: 26586K(26816K)->26586K(26816K) NonClass: 23228K(23360K)->23228K(23360K) Class: 3357K(3456K)->3357K(3456K)
[11.428s][info][gc          ] GC(19) Pause Young (Normal) (G1 Evacuation Pause) 161M->14M(256M) 8.979ms
[11.428s][info][gc,cpu      ] GC(19) User=0.02s Sys=0.00s Real=0.01s
[12.025s][info][gc,start    ] GC(20) Pause Young (Normal) (G1 Evacuation Pause)
[12.025s][info][gc,task     ] GC(20) Using 2 workers of 2 for evacuation
[12.035s][info][gc,phases   ] GC(20)   Pre Evacuate Collection Set: 0.17ms
[12.035s][info][gc,phases   ] GC(20)   Merge Heap Roots: 0.06ms
[12.035s][info][gc,phases   ] GC(20)   Evacuate Collection Set: 4.48ms
[12.035s][info][gc,phases   ] GC(20)   Post Evacuate Collection Set: 5.13ms
[12.035s][info][gc,phases   ] GC(20)   Other: 0.10ms
[12.035s][info][gc,heap     ] GC(20) Eden regions: 148->0(143)
[12.035s][info][gc,heap     ] GC(20) Survivor regions: 5->10(20)
[12.035s][info][gc,heap     ] GC(20) Old regions: 10->10
[12.036s][info][gc,heap     ] GC(20) Humongous regions: 0->0
[12.036s][info][gc,metaspace] GC(20) Metaspace: 26694K(26880K)->26694K(26880K) NonClass: 23334K(23424K)->23334K(23424K) Class: 3359K(3456K)->3359K(3456K)
[12.036s][info][gc          ] GC(20) Pause Young (Normal) (G1 Evacuation Pause) 162M->18M(256M) 10.143ms
[12.036s][info][gc,cpu      ] GC(20) User=0.02s Sys=0.00s Real=0.01s
[12.596s][info][gc,start    ] GC(21) Pause Young (Normal) (G1 Evacuation Pause)
[12.596s][info][gc,task     ] GC(21) Using 2 workers of 2 for evacuation
[12.602s][info][gc,phases   ] GC(21)   Pre Evacuate Collection Set: 0.22ms
[12.602s][info][gc,phases   ] GC(21)   Merge Heap Roots: 0.07ms
[12.602s][info][gc,phases   ] GC(21)   Evacuate Collection Set: 3.55ms
[12.602s][info][gc,phases   ] GC(21)   Post Evacuate Collection Set: 2.38ms
[12.602s][info][gc,phases   ] GC(21)   Other: 0.08ms
[12.602s][info][gc,heap     ] GC(21) Eden regions: 143->0(148)
[12.602s][info][gc,heap     ] GC(21) Survivor regions: 10->5(20)
[12.602s][info][gc,heap     ] GC(21) Old regions: 10->10
[12.602s][info][gc,heap     ] GC(21) Humongous regions: 0->0
[12.602s][info][gc,metaspace] GC(21) Metaspace: 26763K(26944K)->26763K(26944K) NonClass: 23402K(23488K)->23402K(23488K) Class: 3361K(3456K)->3361K(3456K)
[12.602s][info][gc          ] GC(21) Pause Young (Normal) (G1 Evacuation Pause) 161M->13M(256M) 6.496ms
[12.602s][info][gc,cpu      ] GC(21) User=0.01s Sys=0.00s Real=0.01s
[13.197s][info][gc,start    ] GC(22) Pause Young (Normal) (G1 Evacuation Pause)
[13.197s][info][gc,task     ] GC(22) Using 2 workers of 2 for evacuation
[13.206s][info][gc,phases   ] GC(22)   Pre Evacuate Collection Set: 0.18ms
[13.206s][info][gc,phases   ] GC(22)   Merge Heap Roots: 0.06ms
[13.206s][info][gc,phases   ] GC(22)   Evacuate Collection Set: 2.64ms
[13.206s][info][gc,phases   ] GC(22)   Post Evacuate Collection Set: 5.84ms
[13.206s][info][gc,phases   ] GC(22)   Other: 0.09ms
[13.206s][info][gc,heap     ] GC(22) Eden regions: 148->0(147)
[13.206s][info][gc,heap     ] GC(22) Survivor regions: 5->6(20)
[13.206s][info][gc,heap     ] GC(22) Old regions: 10->10
[13.206s][info][gc,heap     ] GC(22) Humongous regions: 0->0
[13.206s][info][gc,metaspace] GC(22) Metaspace: 26859K(27072K)->26859K(27072K) NonClass: 23497K(23616K)->23497K(23616K) Class: 3361K(3456K)->3361K(3456K)
[13.206s][info][gc          ] GC(22) Pause Young (Normal) (G1 Evacuation Pause) 161M->15M(256M) 8.986ms
[13.206s][info][gc,cpu      ] GC(22) User=0.02s Sys=0.00s Real=0.01s
[13.720s][info][gc,start    ] GC(23) Pause Young (Normal) (G1 Evacuation Pause)
[13.720s][info][gc,task     ] GC(23) Using 2 workers of 2 for evacuation
[13.729s][info][gc,phases   ] GC(23)   Pre Evacuate Collection Set: 0.18ms
[13.729s][info][gc,phases   ] GC(23)   Merge Heap Roots: 0.06ms
[13.729s][info][gc,phases   ] GC(23)   Evacuate Collection Set: 3.90ms
[13.729s][info][gc,phases   ] GC(23)   Post Evacuate Collection Set: 4.37ms
[13.729s][info][gc,phases   ] GC(23)   Other: 0.09ms
[13.729s][info][gc,heap     ] GC(23) Eden regions: 147->0(149)
[13.729s][info][gc,heap     ] GC(23) Survivor regions: 6->4(20)
[13.729s][info][gc,heap     ] GC(23) Old regions: 10->11
[13.729s][info][gc,heap     ] GC(23) Humongous regions: 0->0
[13.729s][info][gc,metaspace] GC(23) Metaspace: 26915K(27136K)->26915K(27136K) NonClass: 23553K(23680K)->23553K(23680K) Class: 3361K(3456K)->3361K(3456K)
[13.729s][info][gc          ] GC(23) Pause Young (Normal) (G1 Evacuation Pause) 162M->12M(256M) 8.797ms
[13.729s][info][gc,cpu      ] GC(23) User=0.01s Sys=0.00s Real=0.01s
[14.293s][info][gc,start    ] GC(24) Pause Young (Normal) (G1 Evacuation Pause)
[14.293s][info][gc,task     ] GC(24) Using 2 workers of 2 for evacuation
[14.302s][info][gc,phases   ] GC(24)   Pre Evacuate Collection Set: 0.20ms
[14.303s][info][gc,phases   ] GC(24)   Merge Heap Roots: 0.07ms
[14.303s][info][gc,phases   ] GC(24)   Evacuate Collection Set: 6.70ms
[14.303s][info][gc,phases   ] GC(24)   Post Evacuate Collection Set: 2.59ms
[14.303s][info][gc,phases   ] GC(24)   Other: 0.09ms
[14.303s][info][gc,heap     ] GC(24) Eden regions: 149->0(148)
[14.303s][info][gc,heap     ] GC(24) Survivor regions: 4->5(20)
[14.303s][info][gc,heap     ] GC(24) Old regions: 11->11
[14.303s][info][gc,heap     ] GC(24) Humongous regions: 0->0
[14.303s][info][gc,metaspace] GC(24) Metaspace: 27021K(27200K)->27021K(27200K) NonClass: 23659K(23744K)->23659K(23744K) Class: 3361K(3456K)->3361K(3456K)
[14.303s][info][gc          ] GC(24) Pause Young (Normal) (G1 Evacuation Pause) 161M->14M(256M) 9.840ms
[14.303s][info][gc,cpu      ] GC(24) User=0.02s Sys=0.00s Real=0.01s
[14.804s][info][gc,start    ] GC(25) Pause Young (Normal) (G1 Evacuation Pause)
[14.804s][info][gc,task     ] GC(25) Using 2 workers of 2 for evacuation
[14.820s][info][gc,phases   ] GC(25)   Pre Evacuate Collection Set: 0.18ms
[14.820s][info][gc,phases   ] GC(25)   Merge Heap Roots: 0.05ms
[14.820s][info][gc,phases   ] GC(25)   Evacuate Collection Set: 7.75ms
[14.820s][info][gc,phases   ] GC(25)   Post Evacuate Collection Set: 8.62ms
[14.820s][info][gc,phases   ] GC(25)   Other: 0.07ms
[14.820s][info][gc,heap     ] GC(25) Eden regions: 148->0(145)
[14.820s][info][gc,heap     ] GC(25) Survivor regions: 5->8(20)
[14.820s][info][gc,heap     ] GC(25) Old regions: 11->11
[14.820s][info][gc,heap     ] GC(25) Humongous regions: 0->0
[14.821s][info][gc,metaspace] GC(25) Metaspace: 27084K(27264K)->27084K(27264K) NonClass: 23723K(23808K)->23723K(23808K) Class: 3361K(3456K)->3361K(3456K)
[14.821s][info][gc          ] GC(25) Pause Young (Normal) (G1 Evacuation Pause) 162M->17M(256M) 16.858ms
[14.821s][info][gc,cpu      ] GC(25) User=0.03s Sys=0.00s Real=0.01s
[15.342s][info][gc,start    ] GC(26) Pause Young (Normal) (G1 Evacuation Pause)
[15.342s][info][gc,task     ] GC(26) Using 2 workers of 2 for evacuation
[15.350s][info][gc,phases   ] GC(26)   Pre Evacuate Collection Set: 0.17ms
[15.350s][info][gc,phases   ] GC(26)   Merge Heap Roots: 0.05ms
[15.350s][info][gc,phases   ] GC(26)   Evacuate Collection Set: 4.62ms
[15.350s][info][gc,phases   ] GC(26)   Post Evacuate Collection Set: 2.55ms
[15.350s][info][gc,phases   ] GC(26)   Other: 0.09ms
[15.350s][info][gc,heap     ] GC(26) Eden regions: 145->0(150)
[15.350s][info][gc,heap     ] GC(26) Survivor regions: 8->3(20)
[15.350s][info][gc,heap     ] GC(26) Old regions: 11->11
[15.350s][info][gc,heap     ] GC(26) Humongous regions: 0->0
[15.350s][info][gc,metaspace] GC(26) Metaspace: 27110K(27328K)->27110K(27328K) NonClass: 23748K(23872K)->23748K(23872K) Class: 3361K(3456K)->3361K(3456K)
[15.350s][info][gc          ] GC(26) Pause Young (Normal) (G1 Evacuation Pause) 162M->12M(256M) 7.652ms
[15.350s][info][gc,cpu      ] GC(26) User=0.01s Sys=0.00s Real=0.00s
[15.805s][info][gc,start    ] GC(27) Pause Young (Normal) (G1 Evacuation Pause)
[15.805s][info][gc,task     ] GC(27) Using 2 workers of 2 for evacuation
[15.815s][info][gc,phases   ] GC(27)   Pre Evacuate Collection Set: 0.20ms
[15.815s][info][gc,phases   ] GC(27)   Merge Heap Roots: 0.05ms
[15.815s][info][gc,phases   ] GC(27)   Evacuate Collection Set: 3.45ms
[15.815s][info][gc,phases   ] GC(27)   Post Evacuate Collection Set: 5.69ms
[15.815s][info][gc,phases   ] GC(27)   Other: 0.07ms
[15.815s][info][gc,heap     ] GC(27) Eden regions: 150->0(146)
[15.815s][info][gc,heap     ] GC(27) Survivor regions: 3->7(20)
[15.815s][info][gc,heap     ] GC(27) Old regions: 11->11
[15.815s][info][gc,heap     ] GC(27) Humongous regions: 0->0
[15.815s][info][gc,metaspace] GC(27) Metaspace: 27145K(27392K)->27145K(27392K) NonClass: 23783K(23936K)->23783K(23936K) Class: 3361K(3456K)->3361K(3456K)
[15.815s][info][gc          ] GC(27) Pause Young (Normal) (G1 Evacuation Pause) 162M->16M(256M) 9.663ms
[15.815s][info][gc,cpu      ] GC(27) User=0.02s Sys=0.00s Real=0.01s
[16.299s][info][gc,start    ] GC(28) Pause Young (Normal) (G1 Evacuation Pause)
[16.299s][info][gc,task     ] GC(28) Using 2 workers of 2 for evacuation
[16.304s][info][gc,phases   ] GC(28)   Pre Evacuate Collection Set: 0.20ms
[16.304s][info][gc,phases   ] GC(28)   Merge Heap Roots: 0.09ms
[16.304s][info][gc,phases   ] GC(28)   Evacuate Collection Set: 1.44ms
[16.304s][info][gc,phases   ] GC(28)   Post Evacuate Collection Set: 3.55ms
[16.304s][info][gc,phases   ] GC(28)   Other: 0.09ms
[16.304s][info][gc,heap     ] GC(28) Eden regions: 146->0(149)
[16.304s][info][gc,heap     ] GC(28) Survivor regions: 7->4(20)
[16.304s][info][gc,heap     ] GC(28) Old regions: 11->11
[16.304s][info][gc,heap     ] GC(28) Humongous regions: 0->0
[16.304s][info][gc,metaspace] GC(28) Metaspace: 27188K(27392K)->27188K(27392K) NonClass: 23826K(23936K)->23826K(23936K) Class: 3361K(3456K)->3361K(3456K)
[16.304s][info][gc          ] GC(28) Pause Young (Normal) (G1 Evacuation Pause) 162M->13M(256M) 5.551ms
[16.304s][info][gc,cpu      ] GC(28) User=0.01s Sys=0.00s Real=0.01s
[16.742s][info][gc,start    ] GC(29) Pause Young (Normal) (G1 Evacuation Pause)
[16.742s][info][gc,task     ] GC(29) Using 2 workers of 2 for evacuation
[16.750s][info][gc,phases   ] GC(29)   Pre Evacuate Collection Set: 0.27ms
[16.750s][info][gc,phases   ] GC(29)   Merge Heap Roots: 0.13ms
[16.750s][info][gc,phases   ] GC(29)   Evacuate Collection Set: 2.95ms
[16.750s][info][gc,phases   ] GC(29)   Post Evacuate Collection Set: 4.90ms
[16.750s][info][gc,phases   ] GC(29)   Other: 0.10ms
[16.750s][info][gc,heap     ] GC(29) Eden regions: 149->0(147)
[16.750s][info][gc,heap     ] GC(29) Survivor regions: 4->6(20)
[16.750s][info][gc,heap     ] GC(29) Old regions: 11->11
[16.750s][info][gc,heap     ] GC(29) Humongous regions: 0->0
[16.750s][info][gc,metaspace] GC(29) Metaspace: 27199K(27392K)->27199K(27392K) NonClass: 23837K(23936K)->23837K(23936K) Class: 3361K(3456K)->3361K(3456K)
[16.750s][info][gc          ] GC(29) Pause Young (Normal) (G1 Evacuation Pause) 162M->15M(256M) 8.537ms
[16.750s][info][gc,cpu      ] GC(29) User=0.02s Sys=0.00s Real=0.00s
[17.291s][info][gc,start    ] GC(30) Pause Young (Normal) (G1 Evacuation Pause)
[17.291s][info][gc,task     ] GC(30) Using 2 workers of 2 for evacuation
[17.295s][info][gc,phases   ] GC(30)   Pre Evacuate Collection Set: 0.16ms
[17.295s][info][gc,phases   ] GC(30)   Merge Heap Roots: 0.06ms
[17.295s][info][gc,phases   ] GC(30)   Evacuate Collection Set: 1.63ms
[17.295s][info][gc,phases   ] GC(30)   Post Evacuate Collection Set: 1.95ms
[17.295s][info][gc,phases   ] GC(30)   Other: 0.07ms
[17.295s][info][gc,heap     ] GC(30) Eden regions: 147->0(150)
[17.295s][info][gc,heap     ] GC(30) Survivor regions: 6->3(20)
[17.295s][info][gc,heap     ] GC(30) Old regions: 11->11
[17.295s][info][gc,heap     ] GC(30) Humongous regions: 0->0
[17.295s][info][gc,metaspace] GC(30) Metaspace: 27220K(27456K)->27220K(27456K) NonClass: 23858K(24000K)->23858K(24000K) Class: 3361K(3456K)->3361K(3456K)
[17.295s][info][gc          ] GC(30) Pause Young (Normal) (G1 Evacuation Pause) 162M->12M(256M) 4.056ms
[17.295s][info][gc,cpu      ] GC(30) User=0.01s Sys=0.00s Real=0.00s
[17.784s][info][gc,start    ] GC(31) Pause Young (Normal) (G1 Evacuation Pause)
[17.784s][info][gc,task     ] GC(31) Using 2 workers of 2 for evacuation
[17.791s][info][gc,phases   ] GC(31)   Pre Evacuate Collection Set: 0.18ms
[17.791s][info][gc,phases   ] GC(31)   Merge Heap Roots: 0.04ms
[17.791s][info][gc,phases   ] GC(31)   Evacuate Collection Set: 2.10ms
[17.791s][info][gc,phases   ] GC(31)   Post Evacuate Collection Set: 4.82ms
[17.791s][info][gc,phases   ] GC(31)   Other: 0.09ms
[17.791s][info][gc,heap     ] GC(31) Eden regions: 150->0(146)
[17.791s][info][gc,heap     ] GC(31) Survivor regions: 3->7(20)
[17.791s][info][gc,heap     ] GC(31) Old regions: 11->11
[17.791s][info][gc,heap     ] GC(31) Humongous regions: 0->0
[17.791s][info][gc,metaspace] GC(31) Metaspace: 27358K(27584K)->27358K(27584K) NonClass: 23996K(24128K)->23996K(24128K) Class: 3361K(3456K)->3361K(3456K)
[17.791s][info][gc          ] GC(31) Pause Young (Normal) (G1 Evacuation Pause) 162M->16M(256M) 7.426ms
[17.791s][info][gc,cpu      ] GC(31) User=0.01s Sys=0.00s Real=0.00s
[18.255s][info][gc,start    ] GC(32) Pause Young (Normal) (G1 Evacuation Pause)
[18.255s][info][gc,task     ] GC(32) Using 2 workers of 2 for evacuation
[18.260s][info][gc,phases   ] GC(32)   Pre Evacuate Collection Set: 0.22ms
[18.260s][info][gc,phases   ] GC(32)   Merge Heap Roots: 0.10ms
[18.260s][info][gc,phases   ] GC(32)   Evacuate Collection Set: 2.65ms
[18.260s][info][gc,phases   ] GC(32)   Post Evacuate Collection Set: 1.47ms
[18.260s][info][gc,phases   ] GC(32)   Other: 0.10ms
[18.260s][info][gc,heap     ] GC(32) Eden regions: 146->0(150)
[18.260s][info][gc,heap     ] GC(32) Survivor regions: 7->3(20)
[18.260s][info][gc,heap     ] GC(32) Old regions: 11->11
[18.260s][info][gc,heap     ] GC(32) Humongous regions: 0->0
[18.260s][info][gc,metaspace] GC(32) Metaspace: 27386K(27584K)->27386K(27584K) NonClass: 24023K(24128K)->24023K(24128K) Class: 3362K(3456K)->3362K(3456K)
[18.260s][info][gc          ] GC(32) Pause Young (Normal) (G1 Evacuation Pause) 162M->12M(256M) 4.707ms
[18.260s][info][gc,cpu      ] GC(32) User=0.01s Sys=0.00s Real=0.00s
[18.310s][info][gc,heap,exit] Heap
[18.310s][info][gc,heap,exit]  garbage-first heap   total reserved 1001472K, committed 262144K, used 26166K [0x00000000c2e00000, 0x0000000100000000)
[18.310s][info][gc,heap,exit]   region size 1024K, 16 young (16384K), 3 survivors (3072K)
[18.310s][info][gc,heap,exit]  Metaspace       used 27393K, committed 27584K, reserved 1114112K
[18.310s][info][gc,heap,exit]   class space    used 3363K, committed 3456K, reserved 1048576K
