[0.002s][info][metaspace]  - commit_granule_bytes: 65536.
[0.002s][info][metaspace]  - commit_granule_words: 8192.
[0.002s][info][metaspace]  - virtual_space_node_default_size: 8388608.
[0.002s][info][metaspace]  - enlarge_chunks_in_place: 1.
[0.005s][info][gc,init  ] CardTable entry size: 512
[0.008s][info][gc       ] Using G1
[0.013s][info][gc,init  ] Version: 24-internal-adhoc.root.jdk (release)
[0.013s][info][gc,init  ] CPUs: 2 total, 2 available
[0.013s][info][gc,init  ] Memory: 3908M
[0.013s][info][gc,init  ] Large Page Support: Disabled
[0.013s][info][gc,init  ] NUMA Support: Disabled
[0.013s][info][gc,init  ] Compressed Oops: Enabled (32-bit)
[0.013s][info][gc,init  ] Heap Region Size: 1M
[0.013s][info][gc,init  ] Heap Min Capacity: 256M
[0.013s][info][gc,init  ] Heap Initial Capacity: 256M
[0.013s][info][gc,init  ] Heap Max Capacity: 978M
[0.013s][info][gc,init  ] Pre-touch: Disabled
[0.013s][info][gc,init  ] Parallel Workers: 2
[0.013s][info][gc,init  ] Concurrent Workers: 1
[0.013s][info][gc,init  ] Concurrent Refinement Workers: 2
[0.013s][info][gc,init  ] Periodic GC: Disabled
[0.028s][info][gc,metaspace] CDS archive(s) mapped at: [0x00007f8356000000-0x00007f8356e7b000-0x00007f8356e7b000), size 15183872, SharedBaseAddress: 0x00007f8356000000, ArchiveRelocationMode: 1.
[0.028s][info][gc,metaspace] Compressed class space mapped at: 0x00007f8357000000-0x00007f8397000000, reserved size: 1073741824
[0.028s][info][gc,metaspace] UseCompressedClassPointers 1, UseCompactObjectHeaders 1
[0.028s][info][gc,metaspace] Narrow klass pointer bits 22, Max shift 10
[0.028s][info][gc,metaspace] Narrow klass base: 0x00007f8356000000, Narrow klass shift: 10
[0.028s][info][gc,metaspace] Encoding Range: [0x00007f8356000000 - 0x00007f8456000000), (4294967296 bytes)
[0.028s][info][gc,metaspace] Klass Range:    [0x00007f8356000000 - 0x00007f8397000000), (1090519040 bytes)
[0.028s][info][gc,metaspace] Klass ID Range:  [1 - 1064960) (1064959)
[0.790s][info][gc,start    ] GC(0) Pause Young (Normal) (G1 Evacuation Pause)
[0.790s][info][gc,task     ] GC(0) Using 2 workers of 2 for evacuation
[0.796s][info][gc,phases   ] GC(0)   Pre Evacuate Collection Set: 0.20ms
[0.796s][info][gc,phases   ] GC(0)   Merge Heap Roots: 0.09ms
[0.796s][info][gc,phases   ] GC(0)   Evacuate Collection Set: 5.30ms
[0.796s][info][gc,phases   ] GC(0)   Post Evacuate Collection Set: 0.30ms
[0.796s][info][gc,phases   ] GC(0)   Other: 0.27ms
[0.796s][info][gc,heap     ] GC(0) Eden regions: 12->0(10)
[0.796s][info][gc,heap     ] GC(0) Survivor regions: 0->2(2)
[0.796s][info][gc,heap     ] GC(0) Old regions: 2->4
[0.796s][info][gc,heap     ] GC(0) Humongous regions: 0->0
[0.796s][info][gc,metaspace] GC(0) Metaspace: 2655K(2816K)->2655K(2816K) NonClass: 2314K(2368K)->2314K(2368K) Class: 341K(448K)->341K(448K)
[0.796s][info][gc          ] GC(0) Pause Young (Normal) (G1 Evacuation Pause) 13M->4M(258M) 6.386ms
[0.796s][info][gc,cpu      ] GC(0) User=0.01s Sys=0.00s Real=0.01s
[1.002s][info][gc,start    ] GC(1) Pause Young (Normal) (G1 Evacuation Pause)
[1.002s][info][gc,task     ] GC(1) Using 2 workers of 2 for evacuation
[1.006s][info][gc,phases   ] GC(1)   Pre Evacuate Collection Set: 0.15ms
[1.006s][info][gc,phases   ] GC(1)   Merge Heap Roots: 0.04ms
[1.006s][info][gc,phases   ] GC(1)   Evacuate Collection Set: 3.69ms
[1.006s][info][gc,phases   ] GC(1)   Post Evacuate Collection Set: 0.30ms
[1.006s][info][gc,phases   ] GC(1)   Other: 0.07ms
[1.006s][info][gc,heap     ] GC(1) Eden regions: 10->0(12)
[1.006s][info][gc,heap     ] GC(1) Survivor regions: 2->2(2)
[1.006s][info][gc,heap     ] GC(1) Old regions: 4->6
[1.006s][info][gc,heap     ] GC(1) Humongous regions: 0->0
[1.006s][info][gc,metaspace] GC(1) Metaspace: 6828K(7040K)->6828K(7040K) NonClass: 5890K(6016K)->5890K(6016K) Class: 937K(1024K)->937K(1024K)
[1.006s][info][gc          ] GC(1) Pause Young (Normal) (G1 Evacuation Pause) 14M->5M(258M) 4.430ms
[1.006s][info][gc,cpu      ] GC(1) User=0.01s Sys=0.00s Real=0.00s
[1.308s][info][gc,start    ] GC(2) Pause Young (Normal) (G1 Evacuation Pause)
[1.308s][info][gc,task     ] GC(2) Using 2 workers of 2 for evacuation
[1.312s][info][gc,phases   ] GC(2)   Pre Evacuate Collection Set: 0.18ms
[1.312s][info][gc,phases   ] GC(2)   Merge Heap Roots: 0.04ms
[1.312s][info][gc,phases   ] GC(2)   Evacuate Collection Set: 3.20ms
[1.312s][info][gc,phases   ] GC(2)   Post Evacuate Collection Set: 0.32ms
[1.312s][info][gc,phases   ] GC(2)   Other: 0.08ms
[1.312s][info][gc,heap     ] GC(2) Eden regions: 13->0(21)
[1.312s][info][gc,heap     ] GC(2) Survivor regions: 2->1(2)
[1.312s][info][gc,heap     ] GC(2) Old regions: 6->7
[1.312s][info][gc,heap     ] GC(2) Humongous regions: 0->0
[1.312s][info][gc,metaspace] GC(2) Metaspace: 12163K(12352K)->12163K(12352K) NonClass: 10298K(10432K)->10298K(10432K) Class: 1865K(1920K)->1865K(1920K)
[1.312s][info][gc          ] GC(2) Pause Young (Normal) (G1 Evacuation Pause) 18M->6M(258M) 4.011ms
[1.312s][info][gc,cpu      ] GC(2) User=0.01s Sys=0.00s Real=0.01s
[1.684s][info][gc,start    ] GC(3) Pause Young (Normal) (G1 Evacuation Pause)
[1.684s][info][gc,task     ] GC(3) Using 2 workers of 2 for evacuation
[1.687s][info][gc,phases   ] GC(3)   Pre Evacuate Collection Set: 0.20ms
[1.687s][info][gc,phases   ] GC(3)   Merge Heap Roots: 0.04ms
[1.687s][info][gc,phases   ] GC(3)   Evacuate Collection Set: 2.56ms
[1.687s][info][gc,phases   ] GC(3)   Post Evacuate Collection Set: 0.26ms
[1.687s][info][gc,phases   ] GC(3)   Other: 0.10ms
[1.687s][info][gc,heap     ] GC(3) Eden regions: 22->0(27)
[1.687s][info][gc,heap     ] GC(3) Survivor regions: 1->3(3)
[1.687s][info][gc,heap     ] GC(3) Old regions: 7->7
[1.687s][info][gc,heap     ] GC(3) Humongous regions: 16->2
[1.687s][info][gc,metaspace] GC(3) Metaspace: 12625K(12800K)->12625K(12800K) NonClass: 10708K(10816K)->10708K(10816K) Class: 1916K(1984K)->1916K(1984K)
[1.687s][info][gc          ] GC(3) Pause Young (Normal) (G1 Evacuation Pause) 44M->9M(258M) 3.376ms
[1.687s][info][gc,cpu      ] GC(3) User=0.00s Sys=0.00s Real=0.00s
[1.793s][info][gc,start    ] GC(4) Pause Young (Normal) (G1 Evacuation Pause)
[1.793s][info][gc,task     ] GC(4) Using 2 workers of 2 for evacuation
[1.797s][info][gc,phases   ] GC(4)   Pre Evacuate Collection Set: 0.18ms
[1.797s][info][gc,phases   ] GC(4)   Merge Heap Roots: 0.04ms
[1.797s][info][gc,phases   ] GC(4)   Evacuate Collection Set: 2.70ms
[1.797s][info][gc,phases   ] GC(4)   Post Evacuate Collection Set: 0.28ms
[1.797s][info][gc,phases   ] GC(4)   Other: 0.09ms
[1.797s][info][gc,heap     ] GC(4) Eden regions: 27->0(38)
[1.797s][info][gc,heap     ] GC(4) Survivor regions: 3->3(4)
[1.797s][info][gc,heap     ] GC(4) Old regions: 7->7
[1.797s][info][gc,heap     ] GC(4) Humongous regions: 2->2
[1.797s][info][gc,metaspace] GC(4) Metaspace: 12679K(12800K)->12679K(12800K) NonClass: 10760K(10816K)->10760K(10816K) Class: 1919K(1984K)->1919K(1984K)
[1.797s][info][gc          ] GC(4) Pause Young (Normal) (G1 Evacuation Pause) 36M->9M(258M) 3.477ms
[1.797s][info][gc,cpu      ] GC(4) User=0.00s Sys=0.00s Real=0.00s
[132.226s][info][gc,start    ] GC(5) Pause Young (Normal) (G1 Evacuation Pause)
[132.226s][info][gc,task     ] GC(5) Using 2 workers of 2 for evacuation
[132.229s][info][gc,phases   ] GC(5)   Pre Evacuate Collection Set: 0.15ms
[132.229s][info][gc,phases   ] GC(5)   Merge Heap Roots: 0.04ms
[132.229s][info][gc,phases   ] GC(5)   Evacuate Collection Set: 2.92ms
[132.229s][info][gc,phases   ] GC(5)   Post Evacuate Collection Set: 0.38ms
[132.229s][info][gc,phases   ] GC(5)   Other: 0.07ms
[132.229s][info][gc,heap     ] GC(5) Eden regions: 38->0(50)
[132.229s][info][gc,heap     ] GC(5) Survivor regions: 3->3(6)
[132.229s][info][gc,heap     ] GC(5) Old regions: 7->7
[132.229s][info][gc,heap     ] GC(5) Humongous regions: 2->0
[132.229s][info][gc,metaspace] GC(5) Metaspace: 13065K(13248K)->13065K(13248K) NonClass: 11120K(11200K)->11120K(11200K) Class: 1945K(2048K)->1945K(2048K)
[132.229s][info][gc          ] GC(5) Pause Young (Normal) (G1 Evacuation Pause) 47M->8M(258M) 3.733ms
[132.229s][info][gc,cpu      ] GC(5) User=0.00s Sys=0.00s Real=0.00s
[138.581s][info][gc,start    ] GC(6) Pause Full (System.gc())
[138.581s][info][gc,task     ] GC(6) Using 2 workers of 2 for full compaction
[138.581s][info][gc,phases,start] GC(6) Phase 1: Mark live objects
[138.588s][info][gc,phases      ] GC(6) Phase 1: Mark live objects 6.620ms
[138.588s][info][gc,phases,start] GC(6) Phase 2: Prepare compaction
[138.590s][info][gc,phases      ] GC(6) Phase 2: Prepare compaction 1.628ms
[138.590s][info][gc,phases,start] GC(6) Phase 3: Adjust pointers
[138.593s][info][gc,phases      ] GC(6) Phase 3: Adjust pointers 2.879ms
[138.593s][info][gc,phases,start] GC(6) Phase 4: Compact heap
[138.594s][info][gc,phases      ] GC(6) Phase 4: Compact heap 1.182ms
[138.594s][info][gc,phases,start] GC(6) Phase 5: Reset Metadata
[138.595s][info][gc,phases      ] GC(6) Phase 5: Reset Metadata 0.808ms
[138.598s][info][gc,heap        ] GC(6) Eden regions: 1->0(54)
[138.598s][info][gc,heap        ] GC(6) Survivor regions: 3->0(6)
[138.598s][info][gc,heap        ] GC(6) Old regions: 7->8
[138.598s][info][gc,heap        ] GC(6) Humongous regions: 0->0
[138.598s][info][gc,metaspace   ] GC(6) Metaspace: 13071K(13248K)->13071K(13248K) NonClass: 11126K(11200K)->11126K(11200K) Class: 1945K(2048K)->1945K(2048K)
[138.598s][info][gc             ] GC(6) Pause Full (System.gc()) 8M->7M(256M) 17.090ms
[138.598s][info][gc,cpu         ] GC(6) User=0.02s Sys=0.01s Real=0.01s
[275.517s][info][gc,start       ] GC(7) Pause Full (System.gc())
[275.517s][info][gc,task        ] GC(7) Using 2 workers of 2 for full compaction
[275.517s][info][gc,phases,start] GC(7) Phase 1: Mark live objects
[275.525s][info][gc,phases      ] GC(7) Phase 1: Mark live objects 7.600ms
[275.525s][info][gc,phases,start] GC(7) Phase 2: Prepare compaction
[275.526s][info][gc,phases      ] GC(7) Phase 2: Prepare compaction 1.307ms
[275.526s][info][gc,phases,start] GC(7) Phase 3: Adjust pointers
[275.529s][info][gc,phases      ] GC(7) Phase 3: Adjust pointers 2.814ms
[275.529s][info][gc,phases,start] GC(7) Phase 4: Compact heap
[275.531s][info][gc,phases      ] GC(7) Phase 4: Compact heap 1.442ms
[275.531s][info][gc,phases,start] GC(7) Phase 5: Reset Metadata
[275.531s][info][gc,phases      ] GC(7) Phase 5: Reset Metadata 0.524ms
[275.533s][info][gc,heap        ] GC(7) Eden regions: 26->0(54)
[275.533s][info][gc,heap        ] GC(7) Survivor regions: 0->0(6)
[275.533s][info][gc,heap        ] GC(7) Old regions: 8->9
[275.533s][info][gc,heap        ] GC(7) Humongous regions: 16->0
[275.533s][info][gc,metaspace   ] GC(7) Metaspace: 13304K(13440K)->13304K(13440K) NonClass: 11345K(11392K)->11345K(11392K) Class: 1958K(2048K)->1958K(2048K)
[275.533s][info][gc             ] GC(7) Pause Full (System.gc()) 48M->7M(256M) 15.624ms
[275.533s][info][gc,cpu         ] GC(7) User=0.03s Sys=0.00s Real=0.02s
[412.376s][info][gc,start       ] GC(8) Pause Full (System.gc())
[412.376s][info][gc,task        ] GC(8) Using 2 workers of 2 for full compaction
[412.376s][info][gc,phases,start] GC(8) Phase 1: Mark live objects
[412.382s][info][gc,phases      ] GC(8) Phase 1: Mark live objects 6.379ms
[412.382s][info][gc,phases,start] GC(8) Phase 2: Prepare compaction
[412.383s][info][gc,phases      ] GC(8) Phase 2: Prepare compaction 0.498ms
[412.383s][info][gc,phases,start] GC(8) Phase 3: Adjust pointers
[412.385s][info][gc,phases      ] GC(8) Phase 3: Adjust pointers 2.235ms
[412.385s][info][gc,phases,start] GC(8) Phase 4: Compact heap
[412.386s][info][gc,phases      ] GC(8) Phase 4: Compact heap 0.621ms
[412.386s][info][gc,phases,start] GC(8) Phase 5: Reset Metadata
[412.387s][info][gc,phases      ] GC(8) Phase 5: Reset Metadata 0.723ms
[412.388s][info][gc,heap        ] GC(8) Eden regions: 25->0(54)
[412.388s][info][gc,heap        ] GC(8) Survivor regions: 0->0(6)
[412.388s][info][gc,heap        ] GC(8) Old regions: 9->8
[412.388s][info][gc,heap        ] GC(8) Humongous regions: 16->0
[412.388s][info][gc,metaspace   ] GC(8) Metaspace: 13353K(13568K)->13353K(13568K) NonClass: 11394K(11520K)->11394K(11520K) Class: 1958K(2048K)->1958K(2048K)
[412.388s][info][gc             ] GC(8) Pause Full (System.gc()) 48M->7M(256M) 12.322ms
[412.388s][info][gc,cpu         ] GC(8) User=0.02s Sys=0.00s Real=0.01s
[549.169s][info][gc,start       ] GC(9) Pause Full (System.gc())
[549.169s][info][gc,task        ] GC(9) Using 2 workers of 2 for full compaction
[549.169s][info][gc,phases,start] GC(9) Phase 1: Mark live objects
[549.175s][info][gc,phases      ] GC(9) Phase 1: Mark live objects 6.365ms
[549.175s][info][gc,phases,start] GC(9) Phase 2: Prepare compaction
[549.176s][info][gc,phases      ] GC(9) Phase 2: Prepare compaction 0.427ms
[549.176s][info][gc,phases,start] GC(9) Phase 3: Adjust pointers
[549.178s][info][gc,phases      ] GC(9) Phase 3: Adjust pointers 2.290ms
[549.178s][info][gc,phases,start] GC(9) Phase 4: Compact heap
[549.179s][info][gc,phases      ] GC(9) Phase 4: Compact heap 0.542ms
[549.179s][info][gc,phases,start] GC(9) Phase 5: Reset Metadata
[549.179s][info][gc,phases      ] GC(9) Phase 5: Reset Metadata 0.679ms
[549.181s][info][gc,heap        ] GC(9) Eden regions: 25->0(54)
[549.181s][info][gc,heap        ] GC(9) Survivor regions: 0->0(6)
[549.181s][info][gc,heap        ] GC(9) Old regions: 8->8
[549.181s][info][gc,heap        ] GC(9) Humongous regions: 16->0
[549.181s][info][gc,metaspace   ] GC(9) Metaspace: 13405K(13568K)->13405K(13568K) NonClass: 11446K(11520K)->11446K(11520K) Class: 1958K(2048K)->1958K(2048K)
[549.181s][info][gc             ] GC(9) Pause Full (System.gc()) 48M->7M(256M) 12.083ms
[549.181s][info][gc,cpu         ] GC(9) User=0.02s Sys=0.00s Real=0.02s
[685.996s][info][gc,start       ] GC(10) Pause Full (System.gc())
[685.996s][info][gc,task        ] GC(10) Using 2 workers of 2 for full compaction
[685.996s][info][gc,phases,start] GC(10) Phase 1: Mark live objects
[686.003s][info][gc,phases      ] GC(10) Phase 1: Mark live objects 6.593ms
[686.003s][info][gc,phases,start] GC(10) Phase 2: Prepare compaction
[686.003s][info][gc,phases      ] GC(10) Phase 2: Prepare compaction 0.429ms
[686.003s][info][gc,phases,start] GC(10) Phase 3: Adjust pointers
[686.006s][info][gc,phases      ] GC(10) Phase 3: Adjust pointers 2.363ms
[686.006s][info][gc,phases,start] GC(10) Phase 4: Compact heap
[686.006s][info][gc,phases      ] GC(10) Phase 4: Compact heap 0.503ms
[686.006s][info][gc,phases,start] GC(10) Phase 5: Reset Metadata
[686.007s][info][gc,phases      ] GC(10) Phase 5: Reset Metadata 0.694ms
[686.008s][info][gc,heap        ] GC(10) Eden regions: 25->0(54)
[686.008s][info][gc,heap        ] GC(10) Survivor regions: 0->0(6)
[686.009s][info][gc,heap        ] GC(10) Old regions: 8->9
[686.009s][info][gc,heap        ] GC(10) Humongous regions: 16->0
[686.009s][info][gc,metaspace   ] GC(10) Metaspace: 13443K(13632K)->13443K(13632K) NonClass: 11484K(11584K)->11484K(11584K) Class: 1958K(2048K)->1958K(2048K)
[686.009s][info][gc             ] GC(10) Pause Full (System.gc()) 47M->7M(256M) 12.585ms
[686.009s][info][gc,cpu         ] GC(10) User=0.02s Sys=0.00s Real=0.01s
[822.900s][info][gc,start       ] GC(11) Pause Full (System.gc())
[822.900s][info][gc,task        ] GC(11) Using 2 workers of 2 for full compaction
[822.900s][info][gc,phases,start] GC(11) Phase 1: Mark live objects
[822.906s][info][gc,phases      ] GC(11) Phase 1: Mark live objects 6.430ms
[822.906s][info][gc,phases,start] GC(11) Phase 2: Prepare compaction
[822.907s][info][gc,phases      ] GC(11) Phase 2: Prepare compaction 0.434ms
[822.907s][info][gc,phases,start] GC(11) Phase 3: Adjust pointers
[822.909s][info][gc,phases      ] GC(11) Phase 3: Adjust pointers 2.486ms
[822.909s][info][gc,phases,start] GC(11) Phase 4: Compact heap
[822.910s][info][gc,phases      ] GC(11) Phase 4: Compact heap 0.524ms
[822.910s][info][gc,phases,start] GC(11) Phase 5: Reset Metadata
[822.910s][info][gc,phases      ] GC(11) Phase 5: Reset Metadata 0.689ms
[822.912s][info][gc,heap        ] GC(11) Eden regions: 25->0(54)
[822.912s][info][gc,heap        ] GC(11) Survivor regions: 0->0(6)
[822.912s][info][gc,heap        ] GC(11) Old regions: 9->9
[822.912s][info][gc,heap        ] GC(11) Humongous regions: 16->0
[822.912s][info][gc,metaspace   ] GC(11) Metaspace: 13483K(13696K)->13483K(13696K) NonClass: 11524K(11648K)->11524K(11648K) Class: 1958K(2048K)->1958K(2048K)
[822.912s][info][gc             ] GC(11) Pause Full (System.gc()) 47M->7M(256M) 12.484ms
[822.912s][info][gc,cpu         ] GC(11) User=0.02s Sys=0.00s Real=0.02s
[959.782s][info][gc,start       ] GC(12) Pause Full (System.gc())
[959.782s][info][gc,task        ] GC(12) Using 2 workers of 2 for full compaction
[959.782s][info][gc,phases,start] GC(12) Phase 1: Mark live objects
[959.788s][info][gc,phases      ] GC(12) Phase 1: Mark live objects 6.405ms
[959.788s][info][gc,phases,start] GC(12) Phase 2: Prepare compaction
[959.789s][info][gc,phases      ] GC(12) Phase 2: Prepare compaction 0.432ms
[959.789s][info][gc,phases,start] GC(12) Phase 3: Adjust pointers
[959.791s][info][gc,phases      ] GC(12) Phase 3: Adjust pointers 2.403ms
[959.791s][info][gc,phases,start] GC(12) Phase 4: Compact heap
[959.792s][info][gc,phases      ] GC(12) Phase 4: Compact heap 0.529ms
[959.792s][info][gc,phases,start] GC(12) Phase 5: Reset Metadata
[959.792s][info][gc,phases      ] GC(12) Phase 5: Reset Metadata 0.696ms
[959.794s][info][gc,heap        ] GC(12) Eden regions: 25->0(54)
[959.794s][info][gc,heap        ] GC(12) Survivor regions: 0->0(6)
[959.794s][info][gc,heap        ] GC(12) Old regions: 9->9
[959.794s][info][gc,heap        ] GC(12) Humongous regions: 16->0
[959.794s][info][gc,metaspace   ] GC(12) Metaspace: 13521K(13696K)->13521K(13696K) NonClass: 11562K(11648K)->11562K(11648K) Class: 1958K(2048K)->1958K(2048K)
[959.794s][info][gc             ] GC(12) Pause Full (System.gc()) 47M->7M(256M) 12.337ms
[959.794s][info][gc,cpu         ] GC(12) User=0.02s Sys=0.00s Real=0.01s
[1096.455s][info][gc,start       ] GC(13) Pause Full (System.gc())
[1096.455s][info][gc,task        ] GC(13) Using 2 workers of 2 for full compaction
[1096.455s][info][gc,phases,start] GC(13) Phase 1: Mark live objects
[1096.461s][info][gc,phases      ] GC(13) Phase 1: Mark live objects 6.700ms
[1096.462s][info][gc,phases,start] GC(13) Phase 2: Prepare compaction
[1096.462s][info][gc,phases      ] GC(13) Phase 2: Prepare compaction 0.435ms
[1096.462s][info][gc,phases,start] GC(13) Phase 3: Adjust pointers
[1096.464s][info][gc,phases      ] GC(13) Phase 3: Adjust pointers 2.403ms
[1096.464s][info][gc,phases,start] GC(13) Phase 4: Compact heap
[1096.465s][info][gc,phases      ] GC(13) Phase 4: Compact heap 0.496ms
[1096.465s][info][gc,phases,start] GC(13) Phase 5: Reset Metadata
[1096.466s][info][gc,phases      ] GC(13) Phase 5: Reset Metadata 0.718ms
[1096.468s][info][gc,heap        ] GC(13) Eden regions: 25->0(54)
[1096.468s][info][gc,heap        ] GC(13) Survivor regions: 0->0(6)
[1096.468s][info][gc,heap        ] GC(13) Old regions: 9->9
[1096.468s][info][gc,heap        ] GC(13) Humongous regions: 16->0
[1096.468s][info][gc,metaspace   ] GC(13) Metaspace: 13549K(13760K)->13549K(13760K) NonClass: 11590K(11712K)->11590K(11712K) Class: 1958K(2048K)->1958K(2048K)
[1096.468s][info][gc             ] GC(13) Pause Full (System.gc()) 47M->7M(256M) 13.043ms
[1096.468s][info][gc,cpu         ] GC(13) User=0.03s Sys=0.00s Real=0.01s
[1233.379s][info][gc,start       ] GC(14) Pause Full (System.gc())
[1233.379s][info][gc,task        ] GC(14) Using 2 workers of 2 for full compaction
[1233.379s][info][gc,phases,start] GC(14) Phase 1: Mark live objects
[1233.387s][info][metaspace      ] ChkMgr @0x00007f83cc162720 (non-class-space): : reclaiming memory...
[1233.387s][info][metaspace      ] ChkMgr @0x00007f83cc162720 (non-class-space): nothing reclaimed.
[1233.388s][info][metaspace      ] ChkMgr @0x00007f83cc160830 (class-space): : reclaiming memory...
[1233.388s][info][metaspace      ] ChkMgr @0x00007f83cc160830 (class-space): nothing reclaimed.
[1233.388s][info][gc,phases      ] GC(14) Phase 1: Mark live objects 8.537ms
[1233.388s][info][gc,phases,start] GC(14) Phase 2: Prepare compaction
[1233.388s][info][gc,phases      ] GC(14) Phase 2: Prepare compaction 0.839ms
[1233.388s][info][gc,phases,start] GC(14) Phase 3: Adjust pointers
[1233.391s][info][gc,phases      ] GC(14) Phase 3: Adjust pointers 2.605ms
[1233.391s][info][gc,phases,start] GC(14) Phase 4: Compact heap
[1233.392s][info][gc,phases      ] GC(14) Phase 4: Compact heap 1.018ms
[1233.392s][info][gc,phases,start] GC(14) Phase 5: Reset Metadata
[1233.393s][info][gc,phases      ] GC(14) Phase 5: Reset Metadata 0.500ms
[1233.394s][info][gc,heap        ] GC(14) Eden regions: 25->0(54)
[1233.394s][info][gc,heap        ] GC(14) Survivor regions: 0->0(6)
[1233.394s][info][gc,heap        ] GC(14) Old regions: 9->8
[1233.394s][info][gc,heap        ] GC(14) Humongous regions: 16->0
[1233.394s][info][gc,metaspace   ] GC(14) Metaspace: 13592K(13760K)->13575K(13760K) NonClass: 11633K(11712K)->11616K(11712K) Class: 1958K(2048K)->1958K(2048K)
[1233.394s][info][gc             ] GC(14) Pause Full (System.gc()) 47M->7M(256M) 15.565ms
[1233.394s][info][gc,cpu         ] GC(14) User=0.03s Sys=0.00s Real=0.02s
[1370.256s][info][gc,start       ] GC(15) Pause Full (System.gc())
[1370.256s][info][gc,task        ] GC(15) Using 2 workers of 2 for full compaction
[1370.256s][info][gc,phases,start] GC(15) Phase 1: Mark live objects
[1370.267s][info][metaspace      ] ChkMgr @0x00007f83cc162720 (non-class-space): : reclaiming memory...
[1370.267s][info][metaspace      ] ChkMgr @0x00007f83cc162720 (non-class-space): nothing reclaimed.
[1370.267s][info][metaspace      ] ChkMgr @0x00007f83cc160830 (class-space): : reclaiming memory...
[1370.267s][info][metaspace      ] ChkMgr @0x00007f83cc160830 (class-space): nothing reclaimed.
[1370.267s][info][gc,phases      ] GC(15) Phase 1: Mark live objects 10.426ms
[1370.267s][info][gc,phases,start] GC(15) Phase 2: Prepare compaction
[1370.267s][info][gc,phases      ] GC(15) Phase 2: Prepare compaction 0.446ms
[1370.267s][info][gc,phases,start] GC(15) Phase 3: Adjust pointers
[1370.270s][info][gc,phases      ] GC(15) Phase 3: Adjust pointers 2.516ms
[1370.270s][info][gc,phases,start] GC(15) Phase 4: Compact heap
[1370.270s][info][gc,phases      ] GC(15) Phase 4: Compact heap 0.503ms
[1370.270s][info][gc,phases,start] GC(15) Phase 5: Reset Metadata
[1370.271s][info][gc,phases      ] GC(15) Phase 5: Reset Metadata 0.756ms
[1370.273s][info][gc,heap        ] GC(15) Eden regions: 25->0(54)
[1370.273s][info][gc,heap        ] GC(15) Survivor regions: 0->0(6)
[1370.273s][info][gc,heap        ] GC(15) Old regions: 8->8
[1370.273s][info][gc,heap        ] GC(15) Humongous regions: 16->0
[1370.273s][info][gc,metaspace   ] GC(15) Metaspace: 13622K(13824K)->13620K(13824K) NonClass: 11663K(11776K)->11662K(11776K) Class: 1958K(2048K)->1958K(2048K)
[1370.273s][info][gc             ] GC(15) Pause Full (System.gc()) 47M->7M(256M) 16.804ms
[1370.273s][info][gc,cpu         ] GC(15) User=0.03s Sys=0.00s Real=0.02s
[1507.072s][info][gc,start       ] GC(16) Pause Full (System.gc())
[1507.072s][info][gc,task        ] GC(16) Using 2 workers of 2 for full compaction
[1507.072s][info][gc,phases,start] GC(16) Phase 1: Mark live objects
[1507.081s][info][gc,phases      ] GC(16) Phase 1: Mark live objects 8.217ms
[1507.081s][info][gc,phases,start] GC(16) Phase 2: Prepare compaction
[1507.081s][info][gc,phases      ] GC(16) Phase 2: Prepare compaction 0.405ms
[1507.081s][info][gc,phases,start] GC(16) Phase 3: Adjust pointers
[1507.083s][info][gc,phases      ] GC(16) Phase 3: Adjust pointers 2.449ms
[1507.083s][info][gc,phases,start] GC(16) Phase 4: Compact heap
[1507.084s][info][gc,phases      ] GC(16) Phase 4: Compact heap 0.473ms
[1507.084s][info][gc,phases,start] GC(16) Phase 5: Reset Metadata
[1507.085s][info][gc,phases      ] GC(16) Phase 5: Reset Metadata 0.730ms
[1507.086s][info][gc,heap        ] GC(16) Eden regions: 25->0(54)
[1507.086s][info][gc,heap        ] GC(16) Survivor regions: 0->0(6)
[1507.086s][info][gc,heap        ] GC(16) Old regions: 8->9
[1507.086s][info][gc,heap        ] GC(16) Humongous regions: 16->0
[1507.086s][info][gc,metaspace   ] GC(16) Metaspace: 13655K(13824K)->13655K(13824K) NonClass: 11697K(11776K)->11697K(11776K) Class: 1958K(2048K)->1958K(2048K)
[1507.086s][info][gc             ] GC(16) Pause Full (System.gc()) 47M->7M(256M) 14.357ms
[1507.086s][info][gc,cpu         ] GC(16) User=0.02s Sys=0.00s Real=0.01s
[1507.094s][info][gc,heap,exit   ] Heap
[1507.094s][info][gc,heap,exit   ]  garbage-first heap   total reserved 1001472K, committed 262144K, used 8604K [0x00000000c2e00000, 0x0000000100000000)
[1507.094s][info][gc,heap,exit   ]   region size 1024K, 1 young (1024K), 0 survivors (0K)
[1507.094s][info][gc,heap,exit   ]  Metaspace       used 13659K, committed 13824K, reserved 1114112K
[1507.094s][info][gc,heap,exit   ]   class space    used 1958K, committed 2048K, reserved 1048576K
