[0.002s][info][metaspace]  - commit_granule_bytes: 65536.
[0.002s][info][metaspace]  - commit_granule_words: 8192.
[0.002s][info][metaspace]  - virtual_space_node_default_size: 8388608.
[0.002s][info][metaspace]  - enlarge_chunks_in_place: 1.
[0.004s][info][gc,init  ] CardTable entry size: 512
[0.008s][info][gc       ] Using G1
[0.012s][info][gc,init  ] Version: 24-internal-adhoc.root.jdk (release)
[0.012s][info][gc,init  ] CPUs: 2 total, 2 available
[0.012s][info][gc,init  ] Memory: 3908M
[0.012s][info][gc,init  ] Large Page Support: Disabled
[0.012s][info][gc,init  ] NUMA Support: Disabled
[0.012s][info][gc,init  ] Compressed Oops: Enabled (32-bit)
[0.012s][info][gc,init  ] Heap Region Size: 1M
[0.012s][info][gc,init  ] Heap Min Capacity: 256M
[0.012s][info][gc,init  ] Heap Initial Capacity: 256M
[0.012s][info][gc,init  ] Heap Max Capacity: 978M
[0.012s][info][gc,init  ] Pre-touch: Disabled
[0.012s][info][gc,init  ] Parallel Workers: 2
[0.012s][info][gc,init  ] Concurrent Workers: 1
[0.012s][info][gc,init  ] Concurrent Refinement Workers: 2
[0.012s][info][gc,init  ] Periodic GC: Disabled
[0.027s][info][gc,metaspace] CDS archive(s) mapped at: [0x00007f0b72000000-0x00007f0b72e7b000-0x00007f0b72e7b000), size 15183872, SharedBaseAddress: 0x00007f0b72000000, ArchiveRelocationMode: 1.
[0.027s][info][gc,metaspace] Compressed class space mapped at: 0x00007f0b73000000-0x00007f0bb3000000, reserved size: 1073741824
[0.027s][info][gc,metaspace] UseCompressedClassPointers 1, UseCompactObjectHeaders 1
[0.027s][info][gc,metaspace] Narrow klass pointer bits 22, Max shift 10
[0.027s][info][gc,metaspace] Narrow klass base: 0x00007f0b72000000, Narrow klass shift: 10
[0.027s][info][gc,metaspace] Encoding Range: [0x00007f0b72000000 - 0x00007f0c72000000), (4294967296 bytes)
[0.027s][info][gc,metaspace] Klass Range:    [0x00007f0b72000000 - 0x00007f0bb3000000), (1090519040 bytes)
[0.027s][info][gc,metaspace] Klass ID Range:  [1 - 1064960) (1064959)
[0.744s][info][gc,start    ] GC(0) Pause Young (Normal) (G1 Evacuation Pause)
[0.744s][info][gc,task     ] GC(0) Using 2 workers of 2 for evacuation
[0.749s][info][gc,phases   ] GC(0)   Pre Evacuate Collection Set: 0.24ms
[0.749s][info][gc,phases   ] GC(0)   Merge Heap Roots: 0.10ms
[0.749s][info][gc,phases   ] GC(0)   Evacuate Collection Set: 3.60ms
[0.749s][info][gc,phases   ] GC(0)   Post Evacuate Collection Set: 0.29ms
[0.749s][info][gc,phases   ] GC(0)   Other: 0.21ms
[0.749s][info][gc,heap     ] GC(0) Eden regions: 12->0(10)
[0.749s][info][gc,heap     ] GC(0) Survivor regions: 0->2(2)
[0.749s][info][gc,heap     ] GC(0) Old regions: 2->4
[0.749s][info][gc,heap     ] GC(0) Humongous regions: 0->0
[0.749s][info][gc,metaspace] GC(0) Metaspace: 2673K(2880K)->2673K(2880K) NonClass: 2332K(2432K)->2332K(2432K) Class: 341K(448K)->341K(448K)
[0.749s][info][gc          ] GC(0) Pause Young (Normal) (G1 Evacuation Pause) 13M->4M(258M) 4.653ms
[0.749s][info][gc,cpu      ] GC(0) User=0.00s Sys=0.00s Real=0.01s
[0.935s][info][gc,start    ] GC(1) Pause Young (Normal) (G1 Evacuation Pause)
[0.935s][info][gc,task     ] GC(1) Using 2 workers of 2 for evacuation
[0.941s][info][gc,phases   ] GC(1)   Pre Evacuate Collection Set: 0.16ms
[0.941s][info][gc,phases   ] GC(1)   Merge Heap Roots: 0.04ms
[0.941s][info][gc,phases   ] GC(1)   Evacuate Collection Set: 5.33ms
[0.941s][info][gc,phases   ] GC(1)   Post Evacuate Collection Set: 0.27ms
[0.941s][info][gc,phases   ] GC(1)   Other: 0.08ms
[0.941s][info][gc,heap     ] GC(1) Eden regions: 10->0(13)
[0.941s][info][gc,heap     ] GC(1) Survivor regions: 2->2(2)
[0.941s][info][gc,heap     ] GC(1) Old regions: 4->6
[0.941s][info][gc,heap     ] GC(1) Humongous regions: 0->0
[0.941s][info][gc,metaspace] GC(1) Metaspace: 6838K(7040K)->6838K(7040K) NonClass: 5900K(6016K)->5900K(6016K) Class: 937K(1024K)->937K(1024K)
[0.941s][info][gc          ] GC(1) Pause Young (Normal) (G1 Evacuation Pause) 14M->5M(258M) 6.035ms
[0.941s][info][gc,cpu      ] GC(1) User=0.01s Sys=0.00s Real=0.01s
[1.205s][info][gc,start    ] GC(2) Pause Young (Normal) (G1 Evacuation Pause)
[1.205s][info][gc,task     ] GC(2) Using 2 workers of 2 for evacuation
[1.210s][info][gc,phases   ] GC(2)   Pre Evacuate Collection Set: 0.13ms
[1.210s][info][gc,phases   ] GC(2)   Merge Heap Roots: 0.06ms
[1.210s][info][gc,phases   ] GC(2)   Evacuate Collection Set: 4.24ms
[1.210s][info][gc,phases   ] GC(2)   Post Evacuate Collection Set: 0.26ms
[1.210s][info][gc,phases   ] GC(2)   Other: 0.10ms
[1.210s][info][gc,heap     ] GC(2) Eden regions: 13->0(21)
[1.210s][info][gc,heap     ] GC(2) Survivor regions: 2->2(2)
[1.210s][info][gc,heap     ] GC(2) Old regions: 6->7
[1.210s][info][gc,heap     ] GC(2) Humongous regions: 0->0
[1.210s][info][gc,metaspace] GC(2) Metaspace: 12162K(12352K)->12162K(12352K) NonClass: 10297K(10432K)->10297K(10432K) Class: 1864K(1920K)->1864K(1920K)
[1.210s][info][gc          ] GC(2) Pause Young (Normal) (G1 Evacuation Pause) 18M->6M(258M) 4.958ms
[1.210s][info][gc,cpu      ] GC(2) User=0.00s Sys=0.01s Real=0.01s
[1.542s][info][gc,start    ] GC(3) Pause Young (Normal) (G1 Evacuation Pause)
[1.542s][info][gc,task     ] GC(3) Using 2 workers of 2 for evacuation
[1.545s][info][gc,phases   ] GC(3)   Pre Evacuate Collection Set: 0.15ms
[1.545s][info][gc,phases   ] GC(3)   Merge Heap Roots: 0.03ms
[1.545s][info][gc,phases   ] GC(3)   Evacuate Collection Set: 2.60ms
[1.545s][info][gc,phases   ] GC(3)   Post Evacuate Collection Set: 0.30ms
[1.545s][info][gc,phases   ] GC(3)   Other: 0.07ms
[1.545s][info][gc,heap     ] GC(3) Eden regions: 22->0(28)
[1.545s][info][gc,heap     ] GC(3) Survivor regions: 2->2(3)
[1.545s][info][gc,heap     ] GC(3) Old regions: 7->7
[1.545s][info][gc,heap     ] GC(3) Humongous regions: 16->2
[1.545s][info][gc,metaspace] GC(3) Metaspace: 12618K(12800K)->12618K(12800K) NonClass: 10701K(10816K)->10701K(10816K) Class: 1916K(1984K)->1916K(1984K)
[1.545s][info][gc          ] GC(3) Pause Young (Normal) (G1 Evacuation Pause) 44M->9M(258M) 3.314ms
[1.545s][info][gc,cpu      ] GC(3) User=0.00s Sys=0.01s Real=0.00s
[1.659s][info][gc,start    ] GC(4) Pause Young (Normal) (G1 Evacuation Pause)
[1.659s][info][gc,task     ] GC(4) Using 2 workers of 2 for evacuation
[1.664s][info][gc,phases   ] GC(4)   Pre Evacuate Collection Set: 0.97ms
[1.664s][info][gc,phases   ] GC(4)   Merge Heap Roots: 0.07ms
[1.664s][info][gc,phases   ] GC(4)   Evacuate Collection Set: 4.04ms
[1.664s][info][gc,phases   ] GC(4)   Post Evacuate Collection Set: 0.28ms
[1.664s][info][gc,phases   ] GC(4)   Other: 0.09ms
[1.664s][info][gc,heap     ] GC(4) Eden regions: 28->0(38)
[1.664s][info][gc,heap     ] GC(4) Survivor regions: 2->3(4)
[1.664s][info][gc,heap     ] GC(4) Old regions: 7->7
[1.664s][info][gc,heap     ] GC(4) Humongous regions: 2->2
[1.664s][info][gc,metaspace] GC(4) Metaspace: 12681K(12800K)->12681K(12800K) NonClass: 10762K(10816K)->10762K(10816K) Class: 1919K(1984K)->1919K(1984K)
[1.664s][info][gc          ] GC(4) Pause Young (Normal) (G1 Evacuation Pause) 37M->10M(258M) 5.604ms
[1.664s][info][gc,cpu      ] GC(4) User=0.00s Sys=0.00s Real=0.00s
[1.856s][info][gc,start    ] GC(5) Pause Young (Normal) (G1 Evacuation Pause)
[1.856s][info][gc,task     ] GC(5) Using 2 workers of 2 for evacuation
[1.863s][info][gc,phases   ] GC(5)   Pre Evacuate Collection Set: 0.20ms
[1.863s][info][gc,phases   ] GC(5)   Merge Heap Roots: 0.04ms
[1.863s][info][gc,phases   ] GC(5)   Evacuate Collection Set: 6.36ms
[1.863s][info][gc,phases   ] GC(5)   Post Evacuate Collection Set: 0.37ms
[1.863s][info][gc,phases   ] GC(5)   Other: 0.10ms
[1.863s][info][gc,heap     ] GC(5) Eden regions: 38->0(51)
[1.863s][info][gc,heap     ] GC(5) Survivor regions: 3->3(6)
[1.863s][info][gc,heap     ] GC(5) Old regions: 7->7
[1.863s][info][gc,heap     ] GC(5) Humongous regions: 2->0
[1.863s][info][gc,metaspace] GC(5) Metaspace: 12890K(12992K)->12890K(12992K) NonClass: 10950K(11008K)->10950K(11008K) Class: 1940K(1984K)->1940K(1984K)
[1.863s][info][gc          ] GC(5) Pause Young (Normal) (G1 Evacuation Pause) 48M->8M(258M) 7.271ms
[1.863s][info][gc,cpu      ] GC(5) User=0.01s Sys=0.00s Real=0.00s
[138.083s][info][gc,start    ] GC(6) Pause Full (System.gc())
[138.083s][info][gc,task     ] GC(6) Using 2 workers of 2 for full compaction
[138.083s][info][gc,phases,start] GC(6) Phase 1: Mark live objects
[138.090s][info][gc,phases      ] GC(6) Phase 1: Mark live objects 7.333ms
[138.090s][info][gc,phases,start] GC(6) Phase 2: Prepare compaction
[138.092s][info][gc,phases      ] GC(6) Phase 2: Prepare compaction 1.646ms
[138.092s][info][gc,phases,start] GC(6) Phase 3: Adjust pointers
[138.095s][info][gc,phases      ] GC(6) Phase 3: Adjust pointers 2.555ms
[138.095s][info][gc,phases,start] GC(6) Phase 4: Compact heap
[138.096s][info][gc,phases      ] GC(6) Phase 4: Compact heap 1.251ms
[138.096s][info][gc,phases,start] GC(6) Phase 5: Reset Metadata
[138.097s][info][gc,phases      ] GC(6) Phase 5: Reset Metadata 0.710ms
[138.100s][info][gc,heap        ] GC(6) Eden regions: 18->0(55)
[138.100s][info][gc,heap        ] GC(6) Survivor regions: 3->0(6)
[138.100s][info][gc,heap        ] GC(6) Old regions: 7->8
[138.100s][info][gc,heap        ] GC(6) Humongous regions: 0->0
[138.100s][info][gc,metaspace   ] GC(6) Metaspace: 13077K(13248K)->13077K(13248K) NonClass: 11131K(11200K)->11131K(11200K) Class: 1945K(2048K)->1945K(2048K)
[138.100s][info][gc             ] GC(6) Pause Full (System.gc()) 26M->7M(256M) 17.348ms
[138.100s][info][gc,cpu         ] GC(6) User=0.02s Sys=0.00s Real=0.02s
[274.632s][info][gc,start       ] GC(7) Pause Full (System.gc())
[274.632s][info][gc,task        ] GC(7) Using 2 workers of 2 for full compaction
[274.632s][info][gc,phases,start] GC(7) Phase 1: Mark live objects
[274.642s][info][gc,phases      ] GC(7) Phase 1: Mark live objects 9.367ms
[274.642s][info][gc,phases,start] GC(7) Phase 2: Prepare compaction
[274.643s][info][gc,phases      ] GC(7) Phase 2: Prepare compaction 1.212ms
[274.643s][info][gc,phases,start] GC(7) Phase 3: Adjust pointers
[274.647s][info][gc,phases      ] GC(7) Phase 3: Adjust pointers 3.775ms
[274.647s][info][gc,phases,start] GC(7) Phase 4: Compact heap
[274.648s][info][gc,phases      ] GC(7) Phase 4: Compact heap 1.712ms
[274.648s][info][gc,phases,start] GC(7) Phase 5: Reset Metadata
[274.649s][info][gc,phases      ] GC(7) Phase 5: Reset Metadata 0.607ms
[274.651s][info][gc,heap        ] GC(7) Eden regions: 26->0(55)
[274.651s][info][gc,heap        ] GC(7) Survivor regions: 0->0(6)
[274.651s][info][gc,heap        ] GC(7) Old regions: 8->8
[274.651s][info][gc,heap        ] GC(7) Humongous regions: 16->0
[274.651s][info][gc,metaspace   ] GC(7) Metaspace: 13295K(13440K)->13295K(13440K) NonClass: 11336K(11392K)->11336K(11392K) Class: 1958K(2048K)->1958K(2048K)
[274.651s][info][gc             ] GC(7) Pause Full (System.gc()) 49M->7M(256M) 18.946ms
[274.651s][info][gc,cpu         ] GC(7) User=0.04s Sys=0.00s Real=0.02s
[411.541s][info][gc,start       ] GC(8) Pause Full (System.gc())
[411.541s][info][gc,task        ] GC(8) Using 2 workers of 2 for full compaction
[411.541s][info][gc,phases,start] GC(8) Phase 1: Mark live objects
[411.548s][info][gc,phases      ] GC(8) Phase 1: Mark live objects 6.485ms
[411.548s][info][gc,phases,start] GC(8) Phase 2: Prepare compaction
[411.548s][info][gc,phases      ] GC(8) Phase 2: Prepare compaction 0.541ms
[411.548s][info][gc,phases,start] GC(8) Phase 3: Adjust pointers
[411.551s][info][gc,phases      ] GC(8) Phase 3: Adjust pointers 2.302ms
[411.551s][info][gc,phases,start] GC(8) Phase 4: Compact heap
[411.551s][info][gc,phases      ] GC(8) Phase 4: Compact heap 0.589ms
[411.551s][info][gc,phases,start] GC(8) Phase 5: Reset Metadata
[411.552s][info][gc,phases      ] GC(8) Phase 5: Reset Metadata 0.684ms
[411.553s][info][gc,heap        ] GC(8) Eden regions: 25->0(55)
[411.553s][info][gc,heap        ] GC(8) Survivor regions: 0->0(6)
[411.553s][info][gc,heap        ] GC(8) Old regions: 8->8
[411.553s][info][gc,heap        ] GC(8) Humongous regions: 16->0
[411.553s][info][gc,metaspace   ] GC(8) Metaspace: 13359K(13568K)->13359K(13568K) NonClass: 11400K(11520K)->11400K(11520K) Class: 1958K(2048K)->1958K(2048K)
[411.553s][info][gc             ] GC(8) Pause Full (System.gc()) 48M->7M(256M) 12.398ms
[411.553s][info][gc,cpu         ] GC(8) User=0.02s Sys=0.00s Real=0.01s
[548.363s][info][gc,start       ] GC(9) Pause Full (System.gc())
[548.364s][info][gc,task        ] GC(9) Using 2 workers of 2 for full compaction
[548.364s][info][gc,phases,start] GC(9) Phase 1: Mark live objects
[548.370s][info][gc,phases      ] GC(9) Phase 1: Mark live objects 6.736ms
[548.370s][info][gc,phases,start] GC(9) Phase 2: Prepare compaction
[548.371s][info][gc,phases      ] GC(9) Phase 2: Prepare compaction 0.531ms
[548.371s][info][gc,phases,start] GC(9) Phase 3: Adjust pointers
[548.374s][info][gc,phases      ] GC(9) Phase 3: Adjust pointers 2.585ms
[548.374s][info][gc,phases,start] GC(9) Phase 4: Compact heap
[548.374s][info][gc,phases      ] GC(9) Phase 4: Compact heap 0.541ms
[548.374s][info][gc,phases,start] GC(9) Phase 5: Reset Metadata
[548.375s][info][gc,phases      ] GC(9) Phase 5: Reset Metadata 0.727ms
[548.376s][info][gc,heap        ] GC(9) Eden regions: 25->0(55)
[548.376s][info][gc,heap        ] GC(9) Survivor regions: 0->0(6)
[548.377s][info][gc,heap        ] GC(9) Old regions: 8->9
[548.377s][info][gc,heap        ] GC(9) Humongous regions: 16->0
[548.377s][info][gc,metaspace   ] GC(9) Metaspace: 13419K(13568K)->13419K(13568K) NonClass: 11460K(11520K)->11460K(11520K) Class: 1958K(2048K)->1958K(2048K)
[548.377s][info][gc             ] GC(9) Pause Full (System.gc()) 48M->7M(256M) 13.093ms
[548.377s][info][gc,cpu         ] GC(9) User=0.02s Sys=0.00s Real=0.02s
[684.689s][info][gc,start       ] GC(10) Pause Full (System.gc())
[684.689s][info][gc,task        ] GC(10) Using 2 workers of 2 for full compaction
[684.689s][info][gc,phases,start] GC(10) Phase 1: Mark live objects
[684.697s][info][gc,phases      ] GC(10) Phase 1: Mark live objects 8.325ms
[684.697s][info][gc,phases,start] GC(10) Phase 2: Prepare compaction
[684.698s][info][gc,phases      ] GC(10) Phase 2: Prepare compaction 0.580ms
[684.698s][info][gc,phases,start] GC(10) Phase 3: Adjust pointers
[684.701s][info][gc,phases      ] GC(10) Phase 3: Adjust pointers 2.978ms
[684.701s][info][gc,phases,start] GC(10) Phase 4: Compact heap
[684.702s][info][gc,phases      ] GC(10) Phase 4: Compact heap 0.623ms
[684.702s][info][gc,phases,start] GC(10) Phase 5: Reset Metadata
[684.703s][info][gc,phases      ] GC(10) Phase 5: Reset Metadata 0.787ms
[684.704s][info][gc,heap        ] GC(10) Eden regions: 25->0(55)
[684.704s][info][gc,heap        ] GC(10) Survivor regions: 0->0(6)
[684.704s][info][gc,heap        ] GC(10) Old regions: 9->8
[684.704s][info][gc,heap        ] GC(10) Humongous regions: 16->0
[684.704s][info][gc,metaspace   ] GC(10) Metaspace: 13460K(13632K)->13460K(13632K) NonClass: 11501K(11584K)->11501K(11584K) Class: 1958K(2048K)->1958K(2048K)
[684.704s][info][gc             ] GC(10) Pause Full (System.gc()) 48M->7M(256M) 15.536ms
[684.704s][info][gc,cpu         ] GC(10) User=0.03s Sys=0.00s Real=0.01s
[820.792s][info][gc,start       ] GC(11) Pause Full (System.gc())
[820.792s][info][gc,task        ] GC(11) Using 2 workers of 2 for full compaction
[820.792s][info][gc,phases,start] GC(11) Phase 1: Mark live objects
[820.801s][info][gc,phases      ] GC(11) Phase 1: Mark live objects 9.210ms
[820.801s][info][gc,phases,start] GC(11) Phase 2: Prepare compaction
[820.802s][info][gc,phases      ] GC(11) Phase 2: Prepare compaction 0.731ms
[820.802s][info][gc,phases,start] GC(11) Phase 3: Adjust pointers
[820.805s][info][gc,phases      ] GC(11) Phase 3: Adjust pointers 3.643ms
[820.806s][info][gc,phases,start] GC(11) Phase 4: Compact heap
[820.806s][info][gc,phases      ] GC(11) Phase 4: Compact heap 0.850ms
[820.806s][info][gc,phases,start] GC(11) Phase 5: Reset Metadata
[820.807s][info][gc,phases      ] GC(11) Phase 5: Reset Metadata 0.990ms
[820.809s][info][gc,heap        ] GC(11) Eden regions: 25->0(55)
[820.809s][info][gc,heap        ] GC(11) Survivor regions: 0->0(6)
[820.809s][info][gc,heap        ] GC(11) Old regions: 8->8
[820.809s][info][gc,heap        ] GC(11) Humongous regions: 16->0
[820.809s][info][gc,metaspace   ] GC(11) Metaspace: 13516K(13696K)->13516K(13696K) NonClass: 11557K(11648K)->11557K(11648K) Class: 1958K(2048K)->1958K(2048K)
[820.810s][info][gc             ] GC(11) Pause Full (System.gc()) 48M->7M(256M) 17.886ms
[820.810s][info][gc,cpu         ] GC(11) User=0.03s Sys=0.00s Real=0.02s
[956.788s][info][gc,start       ] GC(12) Pause Full (System.gc())
[956.788s][info][gc,task        ] GC(12) Using 2 workers of 2 for full compaction
[956.788s][info][gc,phases,start] GC(12) Phase 1: Mark live objects
[956.797s][info][gc,phases      ] GC(12) Phase 1: Mark live objects 8.900ms
[956.797s][info][gc,phases,start] GC(12) Phase 2: Prepare compaction
[956.798s][info][gc,phases      ] GC(12) Phase 2: Prepare compaction 0.647ms
[956.798s][info][gc,phases,start] GC(12) Phase 3: Adjust pointers
[956.802s][info][gc,phases      ] GC(12) Phase 3: Adjust pointers 3.632ms
[956.802s][info][gc,phases,start] GC(12) Phase 4: Compact heap
[956.803s][info][gc,phases      ] GC(12) Phase 4: Compact heap 0.975ms
[956.803s][info][gc,phases,start] GC(12) Phase 5: Reset Metadata
[956.804s][info][gc,phases      ] GC(12) Phase 5: Reset Metadata 0.976ms
[956.806s][info][gc,heap        ] GC(12) Eden regions: 25->0(55)
[956.806s][info][gc,heap        ] GC(12) Survivor regions: 0->0(6)
[956.806s][info][gc,heap        ] GC(12) Old regions: 8->8
[956.806s][info][gc,heap        ] GC(12) Humongous regions: 16->0
[956.806s][info][gc,metaspace   ] GC(12) Metaspace: 13560K(13760K)->13560K(13760K) NonClass: 11601K(11712K)->11601K(11712K) Class: 1958K(2048K)->1958K(2048K)
[956.806s][info][gc             ] GC(12) Pause Full (System.gc()) 48M->7M(256M) 18.150ms
[956.806s][info][gc,cpu         ] GC(12) User=0.03s Sys=0.00s Real=0.02s
[1092.768s][info][gc,start       ] GC(13) Pause Full (System.gc())
[1092.768s][info][gc,task        ] GC(13) Using 2 workers of 2 for full compaction
[1092.769s][info][gc,phases,start] GC(13) Phase 1: Mark live objects
[1092.778s][info][gc,phases      ] GC(13) Phase 1: Mark live objects 9.305ms
[1092.778s][info][gc,phases,start] GC(13) Phase 2: Prepare compaction
[1092.778s][info][gc,phases      ] GC(13) Phase 2: Prepare compaction 0.589ms
[1092.778s][info][gc,phases,start] GC(13) Phase 3: Adjust pointers
[1092.782s][info][gc,phases      ] GC(13) Phase 3: Adjust pointers 3.589ms
[1092.782s][info][gc,phases,start] GC(13) Phase 4: Compact heap
[1092.783s][info][gc,phases      ] GC(13) Phase 4: Compact heap 0.774ms
[1092.783s][info][gc,phases,start] GC(13) Phase 5: Reset Metadata
[1092.784s][info][gc,phases      ] GC(13) Phase 5: Reset Metadata 1.038ms
[1092.786s][info][gc,heap        ] GC(13) Eden regions: 25->0(55)
[1092.786s][info][gc,heap        ] GC(13) Survivor regions: 0->0(6)
[1092.786s][info][gc,heap        ] GC(13) Old regions: 8->8
[1092.786s][info][gc,heap        ] GC(13) Humongous regions: 16->0
[1092.786s][info][gc,metaspace   ] GC(13) Metaspace: 13587K(13760K)->13587K(13760K) NonClass: 11628K(11712K)->11628K(11712K) Class: 1958K(2048K)->1958K(2048K)
[1092.786s][info][gc             ] GC(13) Pause Full (System.gc()) 48M->7M(256M) 17.783ms
[1092.786s][info][gc,cpu         ] GC(13) User=0.03s Sys=0.00s Real=0.02s
[1228.957s][info][gc,start       ] GC(14) Pause Full (System.gc())
[1228.958s][info][gc,task        ] GC(14) Using 2 workers of 2 for full compaction
[1228.958s][info][gc,phases,start] GC(14) Phase 1: Mark live objects
[1228.969s][info][metaspace      ] ChkMgr @0x00007f0be8162700 (non-class-space): : reclaiming memory...
[1228.970s][info][metaspace      ] ChkMgr @0x00007f0be8162700 (non-class-space): nothing reclaimed.
[1228.970s][info][metaspace      ] ChkMgr @0x00007f0be8160810 (class-space): : reclaiming memory...
[1228.970s][info][metaspace      ] ChkMgr @0x00007f0be8160810 (class-space): nothing reclaimed.
[1228.970s][info][gc,phases      ] GC(14) Phase 1: Mark live objects 11.956ms
[1228.970s][info][gc,phases,start] GC(14) Phase 2: Prepare compaction
[1228.971s][info][gc,phases      ] GC(14) Phase 2: Prepare compaction 1.432ms
[1228.971s][info][gc,phases,start] GC(14) Phase 3: Adjust pointers
[1228.976s][info][gc,phases      ] GC(14) Phase 3: Adjust pointers 4.557ms
[1228.976s][info][gc,phases,start] GC(14) Phase 4: Compact heap
[1228.978s][info][gc,phases      ] GC(14) Phase 4: Compact heap 2.012ms
[1228.978s][info][gc,phases,start] GC(14) Phase 5: Reset Metadata
[1228.978s][info][gc,phases      ] GC(14) Phase 5: Reset Metadata 0.632ms
[1228.981s][info][gc,heap        ] GC(14) Eden regions: 25->0(55)
[1228.981s][info][gc,heap        ] GC(14) Survivor regions: 0->0(6)
[1228.981s][info][gc,heap        ] GC(14) Old regions: 8->8
[1228.981s][info][gc,heap        ] GC(14) Humongous regions: 16->0
[1228.981s][info][gc,metaspace   ] GC(14) Metaspace: 13634K(13824K)->13616K(13824K) NonClass: 11675K(11776K)->11657K(11776K) Class: 1958K(2048K)->1958K(2048K)
[1228.981s][info][gc             ] GC(14) Pause Full (System.gc()) 48M->7M(256M) 23.478ms
[1228.981s][info][gc,cpu         ] GC(14) User=0.04s Sys=0.00s Real=0.02s
[1365.022s][info][gc,start       ] GC(15) Pause Full (System.gc())
[1365.022s][info][gc,task        ] GC(15) Using 2 workers of 2 for full compaction
[1365.022s][info][gc,phases,start] GC(15) Phase 1: Mark live objects
[1365.030s][info][gc,phases      ] GC(15) Phase 1: Mark live objects 7.564ms
[1365.030s][info][gc,phases,start] GC(15) Phase 2: Prepare compaction
[1365.031s][info][gc,phases      ] GC(15) Phase 2: Prepare compaction 0.926ms
[1365.031s][info][gc,phases,start] GC(15) Phase 3: Adjust pointers
[1365.034s][info][gc,phases      ] GC(15) Phase 3: Adjust pointers 3.368ms
[1365.034s][info][gc,phases,start] GC(15) Phase 4: Compact heap
[1365.035s][info][gc,phases      ] GC(15) Phase 4: Compact heap 1.167ms
[1365.036s][info][gc,phases,start] GC(15) Phase 5: Reset Metadata
[1365.036s][info][gc,phases      ] GC(15) Phase 5: Reset Metadata 0.771ms
[1365.039s][info][gc,heap        ] GC(15) Eden regions: 25->0(55)
[1365.039s][info][gc,heap        ] GC(15) Survivor regions: 0->0(6)
[1365.039s][info][gc,heap        ] GC(15) Old regions: 8->8
[1365.039s][info][gc,heap        ] GC(15) Humongous regions: 16->0
[1365.039s][info][gc,metaspace   ] GC(15) Metaspace: 13648K(13888K)->13648K(13888K) NonClass: 11689K(11840K)->11689K(11840K) Class: 1958K(2048K)->1958K(2048K)
[1365.039s][info][gc             ] GC(15) Pause Full (System.gc()) 47M->7M(256M) 16.473ms
[1365.039s][info][gc,cpu         ] GC(15) User=0.03s Sys=0.00s Real=0.02s
[1501.686s][info][gc,start       ] GC(16) Pause Full (System.gc())
[1501.686s][info][gc,task        ] GC(16) Using 2 workers of 2 for full compaction
[1501.686s][info][gc,phases,start] GC(16) Phase 1: Mark live objects
[1501.694s][info][gc,phases      ] GC(16) Phase 1: Mark live objects 7.390ms
[1501.694s][info][gc,phases,start] GC(16) Phase 2: Prepare compaction
[1501.694s][info][gc,phases      ] GC(16) Phase 2: Prepare compaction 0.839ms
[1501.694s][info][gc,phases,start] GC(16) Phase 3: Adjust pointers
[1501.697s][info][gc,phases      ] GC(16) Phase 3: Adjust pointers 2.960ms
[1501.697s][info][gc,phases,start] GC(16) Phase 4: Compact heap
[1501.698s][info][gc,phases      ] GC(16) Phase 4: Compact heap 0.801ms
[1501.698s][info][gc,phases,start] GC(16) Phase 5: Reset Metadata
[1501.699s][info][gc,phases      ] GC(16) Phase 5: Reset Metadata 0.717ms
[1501.701s][info][gc,heap        ] GC(16) Eden regions: 25->0(55)
[1501.701s][info][gc,heap        ] GC(16) Survivor regions: 0->0(6)
[1501.701s][info][gc,heap        ] GC(16) Old regions: 8->8
[1501.701s][info][gc,heap        ] GC(16) Humongous regions: 16->0
[1501.701s][info][gc,metaspace   ] GC(16) Metaspace: 13678K(13888K)->13678K(13888K) NonClass: 11720K(11840K)->11720K(11840K) Class: 1958K(2048K)->1958K(2048K)
[1501.701s][info][gc             ] GC(16) Pause Full (System.gc()) 47M->7M(256M) 15.220ms
[1501.701s][info][gc,cpu         ] GC(16) User=0.03s Sys=0.00s Real=0.01s
[1501.707s][info][gc,heap,exit   ] Heap
[1501.707s][info][gc,heap,exit   ]  garbage-first heap   total reserved 1001472K, committed 262144K, used 8599K [0x00000000c2e00000, 0x0000000100000000)
[1501.707s][info][gc,heap,exit   ]   region size 1024K, 1 young (1024K), 0 survivors (0K)
[1501.707s][info][gc,heap,exit   ]  Metaspace       used 13681K, committed 13888K, reserved 1114112K
[1501.707s][info][gc,heap,exit   ]   class space    used 1958K, committed 2048K, reserved 1048576K
