[0.002s][info][metaspace]  - commit_granule_bytes: 65536.
[0.002s][info][metaspace]  - commit_granule_words: 8192.
[0.002s][info][metaspace]  - virtual_space_node_default_size: 8388608.
[0.002s][info][metaspace]  - enlarge_chunks_in_place: 1.
[0.004s][info][gc,init  ] CardTable entry size: 512
[0.008s][info][gc       ] Using G1
[0.012s][info][gc,init  ] Version: 24-internal-adhoc.root.jdk (release)
[0.012s][info][gc,init  ] CPUs: 2 total, 2 available
[0.012s][info][gc,init  ] Memory: 3908M
[0.012s][info][gc,init  ] Large Page Support: Disabled
[0.012s][info][gc,init  ] NUMA Support: Disabled
[0.012s][info][gc,init  ] Compressed Oops: Enabled (32-bit)
[0.012s][info][gc,init  ] Heap Region Size: 1M
[0.012s][info][gc,init  ] Heap Min Capacity: 256M
[0.012s][info][gc,init  ] Heap Initial Capacity: 256M
[0.012s][info][gc,init  ] Heap Max Capacity: 978M
[0.012s][info][gc,init  ] Pre-touch: Disabled
[0.012s][info][gc,init  ] Parallel Workers: 2
[0.012s][info][gc,init  ] Concurrent Workers: 1
[0.012s][info][gc,init  ] Concurrent Refinement Workers: 2
[0.012s][info][gc,init  ] Periodic GC: Disabled
[0.026s][info][gc,metaspace] CDS archive(s) mapped at: [0x00007f9926000000-0x00007f9926e7b000-0x00007f9926e7b000), size 15183872, SharedBaseAddress: 0x00007f9926000000, ArchiveRelocationMode: 1.
[0.026s][info][gc,metaspace] Compressed class space mapped at: 0x00007f9927000000-0x00007f9967000000, reserved size: 1073741824
[0.026s][info][gc,metaspace] UseCompressedClassPointers 1, UseCompactObjectHeaders 1
[0.026s][info][gc,metaspace] Narrow klass pointer bits 22, Max shift 10
[0.026s][info][gc,metaspace] Narrow klass base: 0x00007f9926000000, Narrow klass shift: 10
[0.026s][info][gc,metaspace] Encoding Range: [0x00007f9926000000 - 0x00007f9a26000000), (4294967296 bytes)
[0.026s][info][gc,metaspace] Klass Range:    [0x00007f9926000000 - 0x00007f9967000000), (1090519040 bytes)
[0.026s][info][gc,metaspace] Klass ID Range:  [1 - 1064960) (1064959)
[0.341s][info][gc,start    ] GC(0) Pause Young (Normal) (G1 Evacuation Pause)
[0.342s][info][gc,task     ] GC(0) Using 2 workers of 2 for evacuation
[0.345s][info][gc,phases   ] GC(0)   Pre Evacuate Collection Set: 0.14ms
[0.345s][info][gc,phases   ] GC(0)   Merge Heap Roots: 0.07ms
[0.345s][info][gc,phases   ] GC(0)   Evacuate Collection Set: 2.56ms
[0.345s][info][gc,phases   ] GC(0)   Post Evacuate Collection Set: 0.23ms
[0.345s][info][gc,phases   ] GC(0)   Other: 0.23ms
[0.345s][info][gc,heap     ] GC(0) Eden regions: 12->0(10)
[0.345s][info][gc,heap     ] GC(0) Survivor regions: 0->2(2)
[0.345s][info][gc,heap     ] GC(0) Old regions: 2->2
[0.345s][info][gc,heap     ] GC(0) Humongous regions: 0->0
[0.345s][info][gc,metaspace] GC(0) Metaspace: 2394K(2560K)->2394K(2560K) NonClass: 2066K(2176K)->2066K(2176K) Class: 327K(384K)->327K(384K)
[0.345s][info][gc          ] GC(0) Pause Young (Normal) (G1 Evacuation Pause) 13M->2M(258M) 3.477ms
[0.345s][info][gc,cpu      ] GC(0) User=0.00s Sys=0.00s Real=0.01s
[0.835s][info][gc,start    ] GC(1) Pause Young (Normal) (G1 Evacuation Pause)
[0.835s][info][gc,task     ] GC(1) Using 2 workers of 2 for evacuation
[0.841s][info][gc,phases   ] GC(1)   Pre Evacuate Collection Set: 0.12ms
[0.841s][info][gc,phases   ] GC(1)   Merge Heap Roots: 0.06ms
[0.841s][info][gc,phases   ] GC(1)   Evacuate Collection Set: 5.27ms
[0.841s][info][gc,phases   ] GC(1)   Post Evacuate Collection Set: 0.29ms
[0.841s][info][gc,phases   ] GC(1)   Other: 0.08ms
[0.841s][info][gc,heap     ] GC(1) Eden regions: 10->0(12)
[0.841s][info][gc,heap     ] GC(1) Survivor regions: 2->2(2)
[0.841s][info][gc,heap     ] GC(1) Old regions: 2->5
[0.841s][info][gc,heap     ] GC(1) Humongous regions: 0->0
[0.841s][info][gc,metaspace] GC(1) Metaspace: 3789K(3968K)->3789K(3968K) NonClass: 3258K(3328K)->3258K(3328K) Class: 531K(640K)->531K(640K)
[0.841s][info][gc          ] GC(1) Pause Young (Normal) (G1 Evacuation Pause) 12M->5M(258M) 5.996ms
[0.841s][info][gc,cpu      ] GC(1) User=0.01s Sys=0.00s Real=0.00s
[1.040s][info][gc,start    ] GC(2) Pause Young (Normal) (G1 Evacuation Pause)
[1.040s][info][gc,task     ] GC(2) Using 2 workers of 2 for evacuation
[1.045s][info][gc,phases   ] GC(2)   Pre Evacuate Collection Set: 0.13ms
[1.046s][info][gc,phases   ] GC(2)   Merge Heap Roots: 0.04ms
[1.046s][info][gc,phases   ] GC(2)   Evacuate Collection Set: 4.88ms
[1.046s][info][gc,phases   ] GC(2)   Post Evacuate Collection Set: 0.23ms
[1.046s][info][gc,phases   ] GC(2)   Other: 0.08ms
[1.046s][info][gc,heap     ] GC(2) Eden regions: 12->0(22)
[1.046s][info][gc,heap     ] GC(2) Survivor regions: 2->2(2)
[1.046s][info][gc,heap     ] GC(2) Old regions: 5->8
[1.046s][info][gc,heap     ] GC(2) Humongous regions: 0->0
[1.046s][info][gc,metaspace] GC(2) Metaspace: 6806K(6976K)->6806K(6976K) NonClass: 5895K(5952K)->5895K(5952K) Class: 911K(1024K)->911K(1024K)
[1.046s][info][gc          ] GC(2) Pause Young (Normal) (G1 Evacuation Pause) 17M->8M(258M) 5.525ms
[1.046s][info][gc,cpu      ] GC(2) User=0.01s Sys=0.00s Real=0.01s
[1.327s][info][gc,start    ] GC(3) Pause Young (Normal) (G1 Evacuation Pause)
[1.327s][info][gc,task     ] GC(3) Using 2 workers of 2 for evacuation
[1.333s][info][gc,phases   ] GC(3)   Pre Evacuate Collection Set: 0.14ms
[1.333s][info][gc,phases   ] GC(3)   Merge Heap Roots: 0.04ms
[1.333s][info][gc,phases   ] GC(3)   Evacuate Collection Set: 5.18ms
[1.333s][info][gc,phases   ] GC(3)   Post Evacuate Collection Set: 0.22ms
[1.333s][info][gc,phases   ] GC(3)   Other: 0.08ms
[1.333s][info][gc,heap     ] GC(3) Eden regions: 22->0(26)
[1.333s][info][gc,heap     ] GC(3) Survivor regions: 2->2(3)
[1.333s][info][gc,heap     ] GC(3) Old regions: 8->10
[1.333s][info][gc,heap     ] GC(3) Humongous regions: 0->0
[1.333s][info][gc,metaspace] GC(3) Metaspace: 9262K(9408K)->9262K(9408K) NonClass: 8014K(8128K)->8014K(8128K) Class: 1247K(1280K)->1247K(1280K)
[1.333s][info][gc          ] GC(3) Pause Young (Normal) (G1 Evacuation Pause) 30M->10M(258M) 5.847ms
[1.333s][info][gc,cpu      ] GC(3) User=0.00s Sys=0.00s Real=0.00s
[1.840s][info][gc,start    ] GC(4) Pause Young (Normal) (G1 Evacuation Pause)
[1.840s][info][gc,task     ] GC(4) Using 2 workers of 2 for evacuation
[1.847s][info][gc,phases   ] GC(4)   Pre Evacuate Collection Set: 0.76ms
[1.847s][info][gc,phases   ] GC(4)   Merge Heap Roots: 0.05ms
[1.847s][info][gc,phases   ] GC(4)   Evacuate Collection Set: 5.10ms
[1.847s][info][gc,phases   ] GC(4)   Post Evacuate Collection Set: 0.33ms
[1.847s][info][gc,phases   ] GC(4)   Other: 0.07ms
[1.847s][info][gc,heap     ] GC(4) Eden regions: 27->0(36)
[1.847s][info][gc,heap     ] GC(4) Survivor regions: 2->3(4)
[1.847s][info][gc,heap     ] GC(4) Old regions: 10->10
[1.847s][info][gc,heap     ] GC(4) Humongous regions: 0->0
[1.847s][info][gc,metaspace] GC(4) Metaspace: 17964K(18176K)->17964K(18176K) NonClass: 15480K(15616K)->15480K(15616K) Class: 2483K(2560K)->2483K(2560K)
[1.847s][info][gc          ] GC(4) Pause Young (Normal) (G1 Evacuation Pause) 37M->11M(258M) 6.824ms
[1.847s][info][gc,cpu      ] GC(4) User=0.01s Sys=0.00s Real=0.01s
[1.997s][info][metaspace   ] ChkMgr @0x00007f99a0162700 (non-class-space): failed to commit 7 words on chunk @0x00007f991029eb58, f, base 0x00007f991d2d0000, level lv14.
[1.997s][info][metaspace   ] Arena @0x00007f991044d800 (non-class arena): failed to allocate new chunk for requested word size 7.
[1.997s][info][metaspace   ] Arena @0x00007f991044d800 (non-class arena): allocation failed, returned null.
[1.997s][info][metaspace   ] ChkMgr @0x00007f99a0162700 (non-class-space): failed to commit 7 words on chunk @0x00007f991029eb58, f, base 0x00007f991d2d0000, level lv14.
[1.997s][info][metaspace   ] Arena @0x00007f991044d800 (non-class arena): failed to allocate new chunk for requested word size 7.
[1.997s][info][metaspace   ] Arena @0x00007f991044d800 (non-class arena): allocation failed, returned null.
[1.998s][info][metaspace   ] ChkMgr @0x00007f99a0162700 (non-class-space): failed to commit 7 words on chunk @0x00007f991029eb58, f, base 0x00007f991d2d0000, level lv14.
[1.998s][info][metaspace   ] Arena @0x00007f991044d800 (non-class arena): failed to allocate new chunk for requested word size 7.
[1.998s][info][metaspace   ] Arena @0x00007f991044d800 (non-class arena): allocation failed, returned null.
[1.998s][info][gc,start    ] GC(5) Pause Young (Concurrent Start) (Metadata GC Threshold)
[1.998s][info][gc,task     ] GC(5) Using 2 workers of 2 for evacuation
[2.001s][info][gc,phases   ] GC(5)   Pre Evacuate Collection Set: 0.16ms
[2.001s][info][gc,phases   ] GC(5)   Merge Heap Roots: 0.05ms
[2.001s][info][gc,phases   ] GC(5)   Evacuate Collection Set: 3.06ms
[2.001s][info][gc,phases   ] GC(5)   Post Evacuate Collection Set: 0.27ms
[2.001s][info][gc,phases   ] GC(5)   Other: 0.08ms
[2.001s][info][gc,heap     ] GC(5) Eden regions: 13->0(61)
[2.001s][info][gc,heap     ] GC(5) Survivor regions: 3->3(5)
[2.001s][info][gc,heap     ] GC(5) Old regions: 10->10
[2.001s][info][gc,heap     ] GC(5) Humongous regions: 0->0
[2.001s][info][gc,metaspace] GC(5) Metaspace: 21369K(21504K)->21369K(21504K) NonClass: 18432K(18496K)->18432K(18496K) Class: 2937K(3008K)->2937K(3008K)
[2.001s][info][gc          ] GC(5) Pause Young (Concurrent Start) (Metadata GC Threshold) 23M->11M(258M) 3.744ms
[2.001s][info][gc,cpu      ] GC(5) User=0.01s Sys=0.00s Real=0.00s
[2.001s][info][gc          ] GC(6) Concurrent Mark Cycle
[2.001s][info][gc,marking  ] GC(6) Concurrent Scan Root Regions
[2.001s][info][metaspace   ] CLMS @0x00007f991044d7d0 : GC threshold increased: 22020096->22347776.
[2.008s][info][gc,marking  ] GC(6) Concurrent Scan Root Regions 6.098ms
[2.008s][info][gc,marking  ] GC(6) Concurrent Mark
[2.008s][info][gc,marking  ] GC(6) Concurrent Mark From Roots
[2.008s][info][gc,task     ] GC(6) Using 1 workers of 1 for marking
[2.025s][info][gc,marking  ] GC(6) Concurrent Mark From Roots 17.646ms
[2.025s][info][gc,marking  ] GC(6) Concurrent Preclean
[2.025s][info][gc,marking  ] GC(6) Concurrent Preclean 0.039ms
[2.025s][info][gc,start    ] GC(6) Pause Remark
[2.029s][info][gc          ] GC(6) Pause Remark 12M->12M(256M) 3.795ms
[2.029s][info][gc,cpu      ] GC(6) User=0.01s Sys=0.00s Real=0.00s
[2.031s][info][gc,marking  ] GC(6) Concurrent Mark 23.342ms
[2.031s][info][gc,marking  ] GC(6) Concurrent Rebuild Remembered Sets and Scrub Regions
[2.037s][info][gc,marking  ] GC(6) Concurrent Rebuild Remembered Sets and Scrub Regions 5.614ms
[2.037s][info][gc,start    ] GC(6) Pause Cleanup
[2.037s][info][gc          ] GC(6) Pause Cleanup 12M->12M(256M) 0.044ms
[2.037s][info][gc,cpu      ] GC(6) User=0.00s Sys=0.00s Real=0.00s
[2.037s][info][gc,marking  ] GC(6) Concurrent Clear Claimed Marks
[2.037s][info][gc,marking  ] GC(6) Concurrent Clear Claimed Marks 0.024ms
[2.037s][info][gc,marking  ] GC(6) Concurrent Cleanup for Next Mark
[2.046s][info][gc,marking  ] GC(6) Concurrent Cleanup for Next Mark 8.700ms
[2.046s][info][gc          ] GC(6) Concurrent Mark Cycle 44.288ms
[3.166s][info][gc,start    ] GC(7) Pause Young (Prepare Mixed) (G1 Evacuation Pause)
[3.166s][info][gc,task     ] GC(7) Using 2 workers of 2 for evacuation
[3.177s][info][gc,phases   ] GC(7)   Pre Evacuate Collection Set: 0.17ms
[3.177s][info][gc,phases   ] GC(7)   Merge Heap Roots: 0.05ms
[3.177s][info][gc,phases   ] GC(7)   Evacuate Collection Set: 9.93ms
[3.177s][info][gc,phases   ] GC(7)   Post Evacuate Collection Set: 0.60ms
[3.177s][info][gc,phases   ] GC(7)   Other: 0.10ms
[3.177s][info][gc,heap     ] GC(7) Eden regions: 59->0(51)
[3.177s][info][gc,heap     ] GC(7) Survivor regions: 3->6(8)
[3.177s][info][gc,heap     ] GC(7) Old regions: 10->10
[3.177s][info][gc,heap     ] GC(7) Humongous regions: 129->129
[3.177s][info][gc,metaspace] GC(7) Metaspace: 31825K(32064K)->31825K(32064K) NonClass: 27445K(27584K)->27445K(27584K) Class: 4379K(4480K)->4379K(4480K)
[3.177s][info][gc          ] GC(7) Pause Young (Prepare Mixed) (G1 Evacuation Pause) 199M->143M(256M) 11.019ms
[3.177s][info][gc,cpu      ] GC(7) User=0.02s Sys=0.01s Real=0.01s
[3.457s][info][metaspace   ] ChkMgr @0x00007f99a0162700 (non-class-space): failed to commit 2 words on chunk @0x00007f99a08b33e0, f, base 0x00007f991ded0000, level lv10.
[3.457s][info][metaspace   ] Arena @0x00007f99a02156b0 (non-class arena): failed to allocate new chunk for requested word size 2.
[3.457s][info][metaspace   ] Arena @0x00007f99a02156b0 (non-class arena): allocation failed, returned null.
[3.457s][info][metaspace   ] ChkMgr @0x00007f99a0162700 (non-class-space): failed to commit 2 words on chunk @0x00007f99a08b33e0, f, base 0x00007f991ded0000, level lv10.
[3.457s][info][metaspace   ] Arena @0x00007f99a02156b0 (non-class arena): failed to allocate new chunk for requested word size 2.
[3.457s][info][metaspace   ] Arena @0x00007f99a02156b0 (non-class arena): allocation failed, returned null.
[3.457s][info][metaspace   ] ChkMgr @0x00007f99a0162700 (non-class-space): failed to commit 2 words on chunk @0x00007f99a08b33e0, f, base 0x00007f991ded0000, level lv10.
[3.457s][info][metaspace   ] Arena @0x00007f99a02156b0 (non-class arena): failed to allocate new chunk for requested word size 2.
[3.457s][info][metaspace   ] Arena @0x00007f99a02156b0 (non-class arena): allocation failed, returned null.
[3.457s][info][gc,start    ] GC(8) Pause Young (Mixed) (Metadata GC Threshold)
[3.457s][info][gc,task     ] GC(8) Using 2 workers of 2 for evacuation
[3.468s][info][gc,phases   ] GC(8)   Pre Evacuate Collection Set: 0.16ms
[3.468s][info][gc,phases   ] GC(8)   Merge Heap Roots: 0.04ms
[3.468s][info][gc,phases   ] GC(8)   Evacuate Collection Set: 9.75ms
[3.468s][info][gc,phases   ] GC(8)   Post Evacuate Collection Set: 0.56ms
[3.468s][info][gc,phases   ] GC(8)   Other: 0.09ms
[3.468s][info][gc,heap     ] GC(8) Eden regions: 19->0(12)
[3.468s][info][gc,heap     ] GC(8) Survivor regions: 6->6(8)
[3.468s][info][gc,heap     ] GC(8) Old regions: 10->11
[3.468s][info][gc,heap     ] GC(8) Humongous regions: 207->207
[3.468s][info][gc,metaspace] GC(8) Metaspace: 35887K(36096K)->35887K(36096K) NonClass: 30942K(31040K)->30942K(31040K) Class: 4944K(5056K)->4944K(5056K)
[3.468s][info][gc          ] GC(8) Pause Young (Mixed) (Metadata GC Threshold) 240M->223M(256M) 10.742ms
[3.468s][info][gc,cpu      ] GC(8) User=0.02s Sys=0.00s Real=0.01s
[3.468s][info][metaspace   ] CLMS @0x00007f99a0215680 : GC threshold increased: 36962304->37289984.
[3.488s][info][metaspace   ] ChkMgr @0x00007f99a0162700 (non-class-space): failed to commit 192 words on chunk @0x00007f99a08b36b0, f, base 0x00007f991df10000, level lv10.
[3.488s][info][metaspace   ] Arena @0x00007f99a02156b0 (non-class arena): failed to allocate new chunk for requested word size 192.
[3.488s][info][metaspace   ] Arena @0x00007f99a02156b0 (non-class arena): allocation failed, returned null.
[3.488s][info][metaspace   ] ChkMgr @0x00007f99a0162700 (non-class-space): failed to commit 192 words on chunk @0x00007f99a08b36b0, f, base 0x00007f991df10000, level lv10.
[3.488s][info][metaspace   ] Arena @0x00007f99a02156b0 (non-class arena): failed to allocate new chunk for requested word size 192.
[3.488s][info][metaspace   ] Arena @0x00007f99a02156b0 (non-class arena): allocation failed, returned null.
[3.489s][info][metaspace   ] ChkMgr @0x00007f99a0162700 (non-class-space): failed to commit 192 words on chunk @0x00007f99a08b36b0, f, base 0x00007f991df10000, level lv10.
[3.489s][info][metaspace   ] Arena @0x00007f99a02156b0 (non-class arena): failed to allocate new chunk for requested word size 192.
[3.489s][info][metaspace   ] Arena @0x00007f99a02156b0 (non-class arena): allocation failed, returned null.
[3.489s][info][gc,start    ] GC(9) Pause Young (Concurrent Start) (Metadata GC Threshold)
[3.489s][info][gc,task     ] GC(9) Using 2 workers of 2 for evacuation
[3.498s][info][gc,phases   ] GC(9)   Pre Evacuate Collection Set: 0.15ms
[3.498s][info][gc,phases   ] GC(9)   Merge Heap Roots: 0.03ms
[3.498s][info][gc,phases   ] GC(9)   Evacuate Collection Set: 8.42ms
[3.499s][info][gc,phases   ] GC(9)   Post Evacuate Collection Set: 0.35ms
[3.499s][info][gc,phases   ] GC(9)   Other: 0.12ms
[3.499s][info][gc,heap     ] GC(9) Eden regions: 2->0(16)
[3.499s][info][gc,heap     ] GC(9) Survivor regions: 6->2(3)
[3.499s][info][gc,heap     ] GC(9) Old regions: 11->15
[3.499s][info][gc,heap     ] GC(9) Humongous regions: 207->207
[3.499s][info][gc,metaspace] GC(9) Metaspace: 36179K(36416K)->36179K(36416K) NonClass: 31198K(31296K)->31198K(31296K) Class: 4981K(5120K)->4981K(5120K)
[3.499s][info][gc          ] GC(9) Pause Young (Concurrent Start) (Metadata GC Threshold) 225M->223M(256M) 9.223ms
[3.499s][info][gc          ] GC(10) Concurrent Mark Cycle
[3.499s][info][gc,marking  ] GC(10) Concurrent Scan Root Regions
[3.499s][info][gc,cpu      ] GC(9) User=0.01s Sys=0.00s Real=0.01s
[3.499s][info][metaspace   ] CLMS @0x00007f99a0215680 : GC threshold increased: 37289984->37617664.
[3.511s][info][gc,marking  ] GC(10) Concurrent Scan Root Regions 12.298ms
[3.511s][info][gc,marking  ] GC(10) Concurrent Mark
[3.511s][info][gc,marking  ] GC(10) Concurrent Mark From Roots
[3.511s][info][gc,task     ] GC(10) Using 1 workers of 1 for marking
[3.532s][info][metaspace   ] ChkMgr @0x00007f99a0162700 (non-class-space): failed to commit 7 words on chunk @0x00007f99a08b3818, f, base 0x00007f991df60000, level lv14.
[3.532s][info][metaspace   ] Arena @0x00007f9980029250 (non-class arena): failed to allocate new chunk for requested word size 7.
[3.532s][info][metaspace   ] Arena @0x00007f9980029250 (non-class arena): allocation failed, returned null.
[3.532s][info][metaspace   ] ChkMgr @0x00007f99a0162700 (non-class-space): failed to commit 7 words on chunk @0x00007f99a08b3818, f, base 0x00007f991df60000, level lv14.
[3.532s][info][metaspace   ] Arena @0x00007f9980029250 (non-class arena): failed to allocate new chunk for requested word size 7.
[3.532s][info][metaspace   ] Arena @0x00007f9980029250 (non-class arena): allocation failed, returned null.
[3.532s][info][metaspace   ] ChkMgr @0x00007f99a0162700 (non-class-space): failed to commit 1285 words on chunk @0x00007f99a08b3818, f, base 0x00007f991df60000, level lv10.
[3.532s][info][metaspace   ] Arena @0x00007f99a02156b0 (non-class arena): failed to allocate new chunk for requested word size 1285.
[3.532s][info][metaspace   ] Arena @0x00007f99a02156b0 (non-class arena): allocation failed, returned null.
[3.532s][info][metaspace   ] ChkMgr @0x00007f99a0162700 (non-class-space): failed to commit 1285 words on chunk @0x00007f99a08b3818, f, base 0x00007f991df60000, level lv10.
[3.532s][info][metaspace   ] Arena @0x00007f99a02156b0 (non-class arena): failed to allocate new chunk for requested word size 1285.
[3.532s][info][metaspace   ] Arena @0x00007f99a02156b0 (non-class arena): allocation failed, returned null.
[3.532s][info][metaspace   ] ChkMgr @0x00007f99a0162700 (non-class-space): failed to commit 7 words on chunk @0x00007f99a08b3818, f, base 0x00007f991df60000, level lv14.
[3.532s][info][metaspace   ] Arena @0x00007f9980029250 (non-class arena): failed to allocate new chunk for requested word size 7.
[3.532s][info][metaspace   ] Arena @0x00007f9980029250 (non-class arena): allocation failed, returned null.
[3.532s][info][metaspace   ] CLMS @0x00007f9980029220 : GC threshold increased: 37617664->37945344.
[3.542s][info][gc,marking  ] GC(10) Concurrent Mark From Roots 31.239ms
[3.542s][info][gc,marking  ] GC(10) Concurrent Preclean
[3.542s][info][gc,marking  ] GC(10) Concurrent Preclean 0.057ms
[3.542s][info][gc,start    ] GC(10) Pause Remark
[3.550s][info][gc          ] GC(10) Pause Remark 226M->226M(374M) 8.078ms
[3.551s][info][gc,cpu      ] GC(10) User=0.01s Sys=0.00s Real=0.01s
[3.552s][info][gc,marking  ] GC(10) Concurrent Mark 41.063ms
[3.552s][info][gc,marking  ] GC(10) Concurrent Rebuild Remembered Sets and Scrub Regions
[3.572s][info][gc,marking  ] GC(10) Concurrent Rebuild Remembered Sets and Scrub Regions 20.366ms
[3.575s][info][gc,start    ] GC(10) Pause Cleanup
[3.575s][info][gc          ] GC(10) Pause Cleanup 227M->227M(374M) 0.097ms
[3.575s][info][gc,cpu      ] GC(10) User=0.00s Sys=0.00s Real=0.00s
[3.575s][info][gc,marking  ] GC(10) Concurrent Clear Claimed Marks
[3.575s][info][gc,marking  ] GC(10) Concurrent Clear Claimed Marks 0.031ms
[3.575s][info][gc,marking  ] GC(10) Concurrent Cleanup for Next Mark
[3.579s][info][gc,marking  ] GC(10) Concurrent Cleanup for Next Mark 4.589ms
[3.580s][info][gc          ] GC(10) Concurrent Mark Cycle 80.891ms
[3.723s][info][gc,start    ] GC(11) Pause Young (Prepare Mixed) (G1 Evacuation Pause)
[3.723s][info][gc,task     ] GC(11) Using 2 workers of 2 for evacuation
[3.730s][info][gc,phases   ] GC(11)   Pre Evacuate Collection Set: 0.20ms
[3.730s][info][gc,phases   ] GC(11)   Merge Heap Roots: 0.05ms
[3.730s][info][gc,phases   ] GC(11)   Evacuate Collection Set: 5.48ms
[3.730s][info][gc,phases   ] GC(11)   Post Evacuate Collection Set: 0.36ms
[3.730s][info][gc,phases   ] GC(11)   Other: 0.12ms
[3.730s][info][gc,heap     ] GC(11) Eden regions: 16->0(95)
[3.730s][info][gc,heap     ] GC(11) Survivor regions: 2->3(3)
[3.730s][info][gc,heap     ] GC(11) Old regions: 15->15
[3.730s][info][gc,heap     ] GC(11) Humongous regions: 207->207
[3.730s][info][gc,metaspace] GC(11) Metaspace: 39288K(39488K)->39288K(39488K) NonClass: 33923K(34048K)->33923K(34048K) Class: 5364K(5440K)->5364K(5440K)
[3.730s][info][gc          ] GC(11) Pause Young (Prepare Mixed) (G1 Evacuation Pause) 239M->224M(374M) 6.375ms
[3.730s][info][gc,cpu      ] GC(11) User=0.01s Sys=0.00s Real=0.01s
[6.026s][info][gc,start    ] GC(12) Pause Young (Mixed) (G1 Evacuation Pause)
[6.026s][info][gc,task     ] GC(12) Using 2 workers of 2 for evacuation
[6.050s][info][gc,phases   ] GC(12)   Pre Evacuate Collection Set: 0.90ms
[6.050s][info][gc,phases   ] GC(12)   Merge Heap Roots: 0.09ms
[6.050s][info][gc,phases   ] GC(12)   Evacuate Collection Set: 21.47ms
[6.050s][info][gc,phases   ] GC(12)   Post Evacuate Collection Set: 0.90ms
[6.050s][info][gc,phases   ] GC(12)   Other: 0.13ms
[6.050s][info][gc,heap     ] GC(12) Eden regions: 95->0(88)
[6.050s][info][gc,heap     ] GC(12) Survivor regions: 3->6(13)
[6.050s][info][gc,heap     ] GC(12) Old regions: 15->15
[6.050s][info][gc,heap     ] GC(12) Humongous regions: 207->207
[6.050s][info][gc,metaspace] GC(12) Metaspace: 52190K(52480K)->52190K(52480K) NonClass: 44278K(44480K)->44278K(44480K) Class: 7911K(8000K)->7911K(8000K)
[6.050s][info][gc          ] GC(12) Pause Young (Mixed) (G1 Evacuation Pause) 319M->227M(374M) 23.648ms
[6.050s][info][gc,cpu      ] GC(12) User=0.03s Sys=0.00s Real=0.02s
[7.075s][info][gc,start    ] GC(13) Pause Young (Concurrent Start) (G1 Evacuation Pause)
[7.075s][info][gc,task     ] GC(13) Using 2 workers of 2 for evacuation
[7.099s][info][gc,phases   ] GC(13)   Pre Evacuate Collection Set: 0.24ms
[7.099s][info][gc,phases   ] GC(13)   Merge Heap Roots: 0.07ms
[7.099s][info][gc,phases   ] GC(13)   Evacuate Collection Set: 22.36ms
[7.099s][info][gc,phases   ] GC(13)   Post Evacuate Collection Set: 0.84ms
[7.099s][info][gc,phases   ] GC(13)   Other: 0.11ms
[7.099s][info][gc,heap     ] GC(13) Eden regions: 80->0(78)
[7.099s][info][gc,heap     ] GC(13) Survivor regions: 6->11(11)
[7.099s][info][gc,heap     ] GC(13) Old regions: 15->30
[7.099s][info][gc,heap     ] GC(13) Humongous regions: 207->207
[7.099s][info][gc,metaspace] GC(13) Metaspace: 54252K(54592K)->54252K(54592K) NonClass: 46039K(46272K)->46039K(46272K) Class: 8213K(8320K)->8213K(8320K)
[7.099s][info][gc          ] GC(13) Pause Young (Concurrent Start) (G1 Evacuation Pause) 307M->248M(374M) 23.808ms
[7.099s][info][gc,cpu      ] GC(13) User=0.05s Sys=0.01s Real=0.02s
[7.105s][info][gc          ] GC(14) Concurrent Mark Cycle
[7.105s][info][gc,marking  ] GC(14) Concurrent Scan Root Regions
[7.136s][info][gc,marking  ] GC(14) Concurrent Scan Root Regions 30.796ms
[7.136s][info][gc,marking  ] GC(14) Concurrent Mark
[7.136s][info][gc,marking  ] GC(14) Concurrent Mark From Roots
[7.136s][info][gc,task     ] GC(14) Using 1 workers of 1 for marking
[7.146s][info][gc,start    ] GC(15) Pause Young (Normal) (G1 Evacuation Pause)
[7.146s][info][gc,task     ] GC(15) Using 2 workers of 2 for evacuation
[7.160s][info][gc,phases   ] GC(15)   Pre Evacuate Collection Set: 0.18ms
[7.160s][info][gc,phases   ] GC(15)   Merge Heap Roots: 0.13ms
[7.160s][info][gc,phases   ] GC(15)   Evacuate Collection Set: 13.20ms
[7.160s][info][gc,phases   ] GC(15)   Post Evacuate Collection Set: 0.49ms
[7.160s][info][gc,phases   ] GC(15)   Other: 0.07ms
[7.160s][info][gc,heap     ] GC(15) Eden regions: 7->0(75)
[7.160s][info][gc,heap     ] GC(15) Survivor regions: 11->3(3)
[7.160s][info][gc,heap     ] GC(15) Old regions: 30->42
[7.160s][info][gc,heap     ] GC(15) Humongous regions: 207->207
[7.160s][info][gc,metaspace] GC(15) Metaspace: 54281K(54592K)->54281K(54592K) NonClass: 46068K(46272K)->46068K(46272K) Class: 8213K(8320K)->8213K(8320K)
[7.160s][info][gc          ] GC(15) Pause Young (Normal) (G1 Evacuation Pause) 255M->251M(374M) 14.238ms
[7.160s][info][gc,cpu      ] GC(15) User=0.03s Sys=0.00s Real=0.01s
[7.206s][info][gc,marking  ] GC(14) Concurrent Mark From Roots 70.714ms
[7.207s][info][gc,marking  ] GC(14) Concurrent Preclean
[7.207s][info][gc,marking  ] GC(14) Concurrent Preclean 0.085ms
[7.207s][info][gc,start    ] GC(14) Pause Remark
[7.214s][info][gc          ] GC(14) Pause Remark 258M->258M(420M) 7.553ms
[7.214s][info][gc,cpu      ] GC(14) User=0.01s Sys=0.00s Real=0.01s
[7.215s][info][gc,marking  ] GC(14) Concurrent Mark 79.576ms
[7.215s][info][gc,marking  ] GC(14) Concurrent Rebuild Remembered Sets and Scrub Regions
[7.248s][info][gc,marking  ] GC(14) Concurrent Rebuild Remembered Sets and Scrub Regions 32.936ms
[7.249s][info][gc,start    ] GC(14) Pause Cleanup
[7.249s][info][gc          ] GC(14) Pause Cleanup 262M->262M(420M) 0.063ms
[7.249s][info][gc,cpu      ] GC(14) User=0.00s Sys=0.00s Real=0.00s
[7.249s][info][gc,marking  ] GC(14) Concurrent Clear Claimed Marks
[7.249s][info][gc,marking  ] GC(14) Concurrent Clear Claimed Marks 0.086ms
[7.249s][info][gc,marking  ] GC(14) Concurrent Cleanup for Next Mark
[7.252s][info][gc,marking  ] GC(14) Concurrent Cleanup for Next Mark 2.810ms
[7.252s][info][gc          ] GC(14) Concurrent Mark Cycle 146.874ms
[7.627s][info][gc,start    ] GC(16) Pause Young (Prepare Mixed) (G1 Evacuation Pause)
[7.627s][info][gc,task     ] GC(16) Using 2 workers of 2 for evacuation
[7.650s][info][gc,phases   ] GC(16)   Pre Evacuate Collection Set: 0.26ms
[7.650s][info][gc,phases   ] GC(16)   Merge Heap Roots: 0.08ms
[7.650s][info][gc,phases   ] GC(16)   Evacuate Collection Set: 22.14ms
[7.650s][info][gc,phases   ] GC(16)   Post Evacuate Collection Set: 0.55ms
[7.650s][info][gc,phases   ] GC(16)   Other: 0.10ms
[7.650s][info][gc,heap     ] GC(16) Eden regions: 75->0(88)
[7.650s][info][gc,heap     ] GC(16) Survivor regions: 3->10(10)
[7.650s][info][gc,heap     ] GC(16) Old regions: 42->55
[7.650s][info][gc,heap     ] GC(16) Humongous regions: 207->207
[7.650s][info][gc,metaspace] GC(16) Metaspace: 54543K(54912K)->54543K(54912K) NonClass: 46329K(46592K)->46329K(46592K) Class: 8213K(8320K)->8213K(8320K)
[7.650s][info][gc          ] GC(16) Pause Young (Prepare Mixed) (G1 Evacuation Pause) 326M->272M(420M) 23.299ms
[7.650s][info][gc,cpu      ] GC(16) User=0.04s Sys=0.00s Real=0.02s
[8.116s][info][gc,start    ] GC(17) Pause Young (Mixed) (G1 Evacuation Pause)
[8.116s][info][gc,task     ] GC(17) Using 2 workers of 2 for evacuation
[8.148s][info][gc,phases   ] GC(17)   Pre Evacuate Collection Set: 0.23ms
[8.148s][info][gc,phases   ] GC(17)   Merge Heap Roots: 0.11ms
[8.148s][info][gc,phases   ] GC(17)   Evacuate Collection Set: 30.31ms
[8.148s][info][gc,phases   ] GC(17)   Post Evacuate Collection Set: 0.72ms
[8.148s][info][gc,phases   ] GC(17)   Other: 0.07ms
[8.148s][info][gc,heap     ] GC(17) Eden regions: 88->0(85)
[8.148s][info][gc,heap     ] GC(17) Survivor regions: 10->12(13)
[8.148s][info][gc,heap     ] GC(17) Old regions: 55->65
[8.148s][info][gc,heap     ] GC(17) Humongous regions: 207->207
[8.148s][info][gc,metaspace] GC(17) Metaspace: 54851K(55232K)->54851K(55232K) NonClass: 46636K(46912K)->46636K(46912K) Class: 8214K(8320K)->8214K(8320K)
[8.148s][info][gc          ] GC(17) Pause Young (Mixed) (G1 Evacuation Pause) 360M->284M(420M) 31.614ms
[8.148s][info][gc,cpu      ] GC(17) User=0.05s Sys=0.00s Real=0.03s
[8.508s][info][gc,start    ] GC(18) Pause Young (Concurrent Start) (G1 Evacuation Pause)
[8.508s][info][gc,task     ] GC(18) Using 2 workers of 2 for evacuation
[8.528s][info][gc,phases   ] GC(18)   Pre Evacuate Collection Set: 0.32ms
[8.528s][info][gc,phases   ] GC(18)   Merge Heap Roots: 0.15ms
[8.528s][info][gc,phases   ] GC(18)   Evacuate Collection Set: 19.19ms
[8.528s][info][gc,phases   ] GC(18)   Post Evacuate Collection Set: 0.38ms
[8.528s][info][gc,phases   ] GC(18)   Other: 0.15ms
[8.528s][info][gc,heap     ] GC(18) Eden regions: 85->0(87)
[8.528s][info][gc,heap     ] GC(18) Survivor regions: 12->8(13)
[8.528s][info][gc,heap     ] GC(18) Old regions: 65->74
[8.528s][info][gc,heap     ] GC(18) Humongous regions: 207->207
[8.528s][info][gc,metaspace] GC(18) Metaspace: 54869K(55232K)->54869K(55232K) NonClass: 46655K(46912K)->46655K(46912K) Class: 8214K(8320K)->8214K(8320K)
[8.528s][info][gc          ] GC(18) Pause Young (Concurrent Start) (G1 Evacuation Pause) 369M->289M(420M) 20.359ms
[8.528s][info][gc          ] GC(19) Concurrent Mark Cycle
[8.528s][info][gc,marking  ] GC(19) Concurrent Scan Root Regions
[8.530s][info][gc,cpu      ] GC(18) User=0.04s Sys=0.00s Real=0.02s
[8.549s][info][gc,marking  ] GC(19) Concurrent Scan Root Regions 21.173ms
[8.549s][info][gc,marking  ] GC(19) Concurrent Mark
[8.549s][info][gc,marking  ] GC(19) Concurrent Mark From Roots
[8.549s][info][gc,task     ] GC(19) Using 1 workers of 1 for marking
[8.622s][info][gc,marking  ] GC(19) Concurrent Mark From Roots 72.636ms
[8.622s][info][gc,marking  ] GC(19) Concurrent Preclean
[8.622s][info][gc,marking  ] GC(19) Concurrent Preclean 0.082ms
[8.622s][info][gc,start    ] GC(19) Pause Remark
[8.631s][info][gc          ] GC(19) Pause Remark 303M->303M(482M) 9.041ms
[8.631s][info][gc,cpu      ] GC(19) User=0.01s Sys=0.00s Real=0.01s
[8.633s][info][gc,marking  ] GC(19) Concurrent Mark 83.685ms
[8.633s][info][gc,marking  ] GC(19) Concurrent Rebuild Remembered Sets and Scrub Regions
[8.679s][info][gc,marking  ] GC(19) Concurrent Rebuild Remembered Sets and Scrub Regions 45.778ms
[8.680s][info][gc,start    ] GC(19) Pause Cleanup
[8.680s][info][gc          ] GC(19) Pause Cleanup 312M->312M(482M) 0.073ms
[8.680s][info][gc,cpu      ] GC(19) User=0.00s Sys=0.00s Real=0.00s
[8.680s][info][gc,marking  ] GC(19) Concurrent Clear Claimed Marks
[8.680s][info][gc,marking  ] GC(19) Concurrent Clear Claimed Marks 0.082ms
[8.680s][info][gc,marking  ] GC(19) Concurrent Cleanup for Next Mark
[8.688s][info][gc,marking  ] GC(19) Concurrent Cleanup for Next Mark 8.255ms
[8.688s][info][gc          ] GC(19) Concurrent Mark Cycle 160.043ms
[8.931s][info][gc,start    ] GC(20) Pause Young (Prepare Mixed) (G1 Evacuation Pause)
[8.931s][info][gc,task     ] GC(20) Using 2 workers of 2 for evacuation
[8.948s][info][gc,phases   ] GC(20)   Pre Evacuate Collection Set: 0.26ms
[8.948s][info][gc,phases   ] GC(20)   Merge Heap Roots: 0.11ms
[8.948s][info][gc,phases   ] GC(20)   Evacuate Collection Set: 16.43ms
[8.948s][info][gc,phases   ] GC(20)   Post Evacuate Collection Set: 0.40ms
[8.948s][info][gc,phases   ] GC(20)   Other: 0.09ms
[8.948s][info][gc,heap     ] GC(20) Eden regions: 87->0(127)
[8.948s][info][gc,heap     ] GC(20) Survivor regions: 8->8(12)
[8.948s][info][gc,heap     ] GC(20) Old regions: 74->79
[8.948s][info][gc,heap     ] GC(20) Humongous regions: 207->207
[8.948s][info][gc,metaspace] GC(20) Metaspace: 54946K(55296K)->54946K(55296K) NonClass: 46731K(46976K)->46731K(46976K) Class: 8214K(8320K)->8214K(8320K)
[8.948s][info][gc          ] GC(20) Pause Young (Prepare Mixed) (G1 Evacuation Pause) 376M->293M(482M) 17.435ms
[8.948s][info][gc,cpu      ] GC(20) User=0.03s Sys=0.00s Real=0.02s
[9.402s][info][gc,start    ] GC(21) Pause Young (Mixed) (G1 Evacuation Pause)
[9.402s][info][gc,task     ] GC(21) Using 2 workers of 2 for evacuation
[9.422s][info][gc,phases   ] GC(21)   Pre Evacuate Collection Set: 0.27ms
[9.422s][info][gc,phases   ] GC(21)   Merge Heap Roots: 0.10ms
[9.422s][info][gc,phases   ] GC(21)   Evacuate Collection Set: 19.84ms
[9.422s][info][gc,phases   ] GC(21)   Post Evacuate Collection Set: 0.43ms
[9.422s][info][gc,phases   ] GC(21)   Other: 0.08ms
[9.422s][info][gc,heap     ] GC(21) Eden regions: 127->0(119)
[9.422s][info][gc,heap     ] GC(21) Survivor regions: 8->13(17)
[9.422s][info][gc,heap     ] GC(21) Old regions: 79->75
[9.422s][info][gc,heap     ] GC(21) Humongous regions: 207->207
[9.422s][info][gc,metaspace] GC(21) Metaspace: 55069K(55360K)->55069K(55360K) NonClass: 46841K(47040K)->46841K(47040K) Class: 8228K(8320K)->8228K(8320K)
[9.422s][info][gc          ] GC(21) Pause Young (Mixed) (G1 Evacuation Pause) 420M->295M(482M) 20.904ms
[9.422s][info][gc,cpu      ] GC(21) User=0.04s Sys=0.01s Real=0.02s
[9.791s][info][gc,start    ] GC(22) Pause Young (Concurrent Start) (G1 Evacuation Pause)
[9.791s][info][gc,task     ] GC(22) Using 2 workers of 2 for evacuation
[9.820s][info][gc,phases   ] GC(22)   Pre Evacuate Collection Set: 1.64ms
[9.820s][info][gc,phases   ] GC(22)   Merge Heap Roots: 0.08ms
[9.820s][info][gc,phases   ] GC(22)   Evacuate Collection Set: 25.34ms
[9.820s][info][gc,phases   ] GC(22)   Post Evacuate Collection Set: 1.63ms
[9.820s][info][gc,phases   ] GC(22)   Other: 0.13ms
[9.820s][info][gc,heap     ] GC(22) Eden regions: 119->0(126)
[9.820s][info][gc,heap     ] GC(22) Survivor regions: 13->12(17)
[9.820s][info][gc,heap     ] GC(22) Old regions: 75->78
[9.820s][info][gc,heap     ] GC(22) Humongous regions: 207->207
[9.820s][info][gc,metaspace] GC(22) Metaspace: 55142K(55424K)->55142K(55424K) NonClass: 46914K(47104K)->46914K(47104K) Class: 8228K(8320K)->8228K(8320K)
[9.820s][info][gc          ] GC(22) Pause Young (Concurrent Start) (G1 Evacuation Pause) 413M->296M(482M) 28.988ms
[9.820s][info][gc          ] GC(23) Concurrent Mark Cycle
[9.820s][info][gc,marking  ] GC(23) Concurrent Scan Root Regions
[9.820s][info][gc,cpu      ] GC(22) User=0.05s Sys=0.00s Real=0.03s
[9.841s][info][gc,marking  ] GC(23) Concurrent Scan Root Regions 20.788ms
[9.841s][info][gc,marking  ] GC(23) Concurrent Mark
[9.841s][info][gc,marking  ] GC(23) Concurrent Mark From Roots
[9.841s][info][gc,task     ] GC(23) Using 1 workers of 1 for marking
[9.928s][info][gc,marking  ] GC(23) Concurrent Mark From Roots 87.061ms
[9.928s][info][gc,marking  ] GC(23) Concurrent Preclean
[9.928s][info][gc,marking  ] GC(23) Concurrent Preclean 0.083ms
[9.929s][info][gc,start    ] GC(23) Pause Remark
[9.937s][info][gc          ] GC(23) Pause Remark 323M->323M(495M) 8.806ms
[9.937s][info][gc,cpu      ] GC(23) User=0.02s Sys=0.00s Real=0.01s
[9.940s][info][gc,marking  ] GC(23) Concurrent Mark 99.004ms
[9.940s][info][gc,marking  ] GC(23) Concurrent Rebuild Remembered Sets and Scrub Regions
[9.975s][info][gc,marking  ] GC(23) Concurrent Rebuild Remembered Sets and Scrub Regions 35.056ms
[9.975s][info][gc,start    ] GC(23) Pause Cleanup
[9.975s][info][gc          ] GC(23) Pause Cleanup 331M->331M(495M) 0.071ms
[9.975s][info][gc,cpu      ] GC(23) User=0.00s Sys=0.00s Real=0.00s
[9.976s][info][gc,marking  ] GC(23) Concurrent Clear Claimed Marks
[9.976s][info][gc,marking  ] GC(23) Concurrent Clear Claimed Marks 0.081ms
[9.976s][info][gc,marking  ] GC(23) Concurrent Cleanup for Next Mark
[9.979s][info][gc,marking  ] GC(23) Concurrent Cleanup for Next Mark 3.858ms
[9.980s][info][gc          ] GC(23) Concurrent Mark Cycle 159.135ms
[10.216s][info][gc,start    ] GC(24) Pause Young (Prepare Mixed) (G1 Evacuation Pause)
[10.217s][info][gc,task     ] GC(24) Using 2 workers of 2 for evacuation
[10.234s][info][gc,phases   ] GC(24)   Pre Evacuate Collection Set: 0.25ms
[10.234s][info][gc,phases   ] GC(24)   Merge Heap Roots: 0.09ms
[10.234s][info][gc,phases   ] GC(24)   Evacuate Collection Set: 16.81ms
[10.234s][info][gc,phases   ] GC(24)   Post Evacuate Collection Set: 0.43ms
[10.234s][info][gc,phases   ] GC(24)   Other: 0.12ms
[10.234s][info][gc,heap     ] GC(24) Eden regions: 126->0(140)
[10.234s][info][gc,heap     ] GC(24) Survivor regions: 12->12(18)
[10.234s][info][gc,heap     ] GC(24) Old regions: 78->79
[10.234s][info][gc,heap     ] GC(24) Humongous regions: 207->207
[10.234s][info][gc,metaspace] GC(24) Metaspace: 55258K(55616K)->55258K(55616K) NonClass: 47029K(47296K)->47029K(47296K) Class: 8228K(8320K)->8228K(8320K)
[10.234s][info][gc          ] GC(24) Pause Young (Prepare Mixed) (G1 Evacuation Pause) 422M->296M(495M) 17.870ms
[10.234s][info][gc,cpu      ] GC(24) User=0.03s Sys=0.00s Real=0.02s
[10.640s][info][gc,start    ] GC(25) Pause Young (Mixed) (G1 Evacuation Pause)
[10.640s][info][gc,task     ] GC(25) Using 2 workers of 2 for evacuation
[10.658s][info][gc,phases   ] GC(25)   Pre Evacuate Collection Set: 0.27ms
[10.658s][info][gc,phases   ] GC(25)   Merge Heap Roots: 0.08ms
[10.658s][info][gc,phases   ] GC(25)   Evacuate Collection Set: 17.17ms
[10.658s][info][gc,phases   ] GC(25)   Post Evacuate Collection Set: 0.46ms
[10.658s][info][gc,phases   ] GC(25)   Other: 0.12ms
[10.658s][info][gc,heap     ] GC(25) Eden regions: 140->0(142)
[10.658s][info][gc,heap     ] GC(25) Survivor regions: 12->12(19)
[10.658s][info][gc,heap     ] GC(25) Old regions: 79->73
[10.658s][info][gc,heap     ] GC(25) Humongous regions: 207->207
[10.658s][info][gc,metaspace] GC(25) Metaspace: 55272K(55616K)->55272K(55616K) NonClass: 47044K(47296K)->47044K(47296K) Class: 8228K(8320K)->8228K(8320K)
[10.658s][info][gc          ] GC(25) Pause Young (Mixed) (G1 Evacuation Pause) 436M->290M(495M) 18.260ms
[10.658s][info][gc,cpu      ] GC(25) User=0.03s Sys=0.01s Real=0.02s
[11.009s][info][gc,start    ] GC(26) Pause Young (Concurrent Start) (G1 Evacuation Pause)
[11.009s][info][gc,task     ] GC(26) Using 2 workers of 2 for evacuation
[11.027s][info][gc,phases   ] GC(26)   Pre Evacuate Collection Set: 0.29ms
[11.027s][info][gc,phases   ] GC(26)   Merge Heap Roots: 0.07ms
[11.027s][info][gc,phases   ] GC(26)   Evacuate Collection Set: 17.06ms
[11.027s][info][gc,phases   ] GC(26)   Post Evacuate Collection Set: 0.41ms
[11.027s][info][gc,phases   ] GC(26)   Other: 0.12ms
[11.027s][info][gc,heap     ] GC(26) Eden regions: 142->0(146)
[11.027s][info][gc,heap     ] GC(26) Survivor regions: 12->12(20)
[11.027s][info][gc,heap     ] GC(26) Old regions: 73->73
[11.027s][info][gc,heap     ] GC(26) Humongous regions: 207->207
[11.027s][info][gc,metaspace] GC(26) Metaspace: 55386K(55744K)->55386K(55744K) NonClass: 47158K(47424K)->47158K(47424K) Class: 8228K(8320K)->8228K(8320K)
[11.027s][info][gc          ] GC(26) Pause Young (Concurrent Start) (G1 Evacuation Pause) 432M->291M(495M) 18.122ms
[11.027s][info][gc          ] GC(27) Concurrent Mark Cycle
[11.027s][info][gc,marking  ] GC(27) Concurrent Scan Root Regions
[11.027s][info][gc,cpu      ] GC(26) User=0.04s Sys=0.01s Real=0.02s
[11.053s][info][gc,marking  ] GC(27) Concurrent Scan Root Regions 25.817ms
[11.053s][info][gc,marking  ] GC(27) Concurrent Mark
[11.053s][info][gc,marking  ] GC(27) Concurrent Mark From Roots
[11.053s][info][gc,task     ] GC(27) Using 1 workers of 1 for marking
[11.150s][info][gc,marking  ] GC(27) Concurrent Mark From Roots 97.622ms
[11.150s][info][gc,marking  ] GC(27) Concurrent Preclean
[11.151s][info][gc,marking  ] GC(27) Concurrent Preclean 0.077ms
[11.151s][info][gc,start    ] GC(27) Pause Remark
[11.159s][info][gc          ] GC(27) Pause Remark 326M->326M(495M) 8.068ms
[11.159s][info][gc,cpu      ] GC(27) User=0.01s Sys=0.00s Real=0.01s
[11.161s][info][gc,marking  ] GC(27) Concurrent Mark 107.861ms
[11.161s][info][gc,marking  ] GC(27) Concurrent Rebuild Remembered Sets and Scrub Regions
[11.196s][info][gc,marking  ] GC(27) Concurrent Rebuild Remembered Sets and Scrub Regions 35.750ms
[11.197s][info][gc,start    ] GC(27) Pause Cleanup
[11.197s][info][gc          ] GC(27) Pause Cleanup 335M->335M(495M) 0.061ms
[11.197s][info][gc,cpu      ] GC(27) User=0.00s Sys=0.00s Real=0.00s
[11.197s][info][gc,marking  ] GC(27) Concurrent Clear Claimed Marks
[11.197s][info][gc,marking  ] GC(27) Concurrent Clear Claimed Marks 0.083ms
[11.197s][info][gc,marking  ] GC(27) Concurrent Cleanup for Next Mark
[11.200s][info][gc,marking  ] GC(27) Concurrent Cleanup for Next Mark 2.893ms
[11.200s][info][gc          ] GC(27) Concurrent Mark Cycle 172.741ms
[11.446s][info][gc,start    ] GC(28) Pause Young (Prepare Mixed) (G1 Evacuation Pause)
[11.446s][info][gc,task     ] GC(28) Using 2 workers of 2 for evacuation
[11.465s][info][gc,phases   ] GC(28)   Pre Evacuate Collection Set: 0.27ms
[11.465s][info][gc,phases   ] GC(28)   Merge Heap Roots: 0.10ms
[11.465s][info][gc,phases   ] GC(28)   Evacuate Collection Set: 17.58ms
[11.465s][info][gc,phases   ] GC(28)   Post Evacuate Collection Set: 0.46ms
[11.465s][info][gc,phases   ] GC(28)   Other: 0.09ms
[11.465s][info][gc,heap     ] GC(28) Eden regions: 146->0(149)
[11.465s][info][gc,heap     ] GC(28) Survivor regions: 12->12(20)
[11.465s][info][gc,heap     ] GC(28) Old regions: 73->73
[11.465s][info][gc,heap     ] GC(28) Humongous regions: 207->207
[11.465s][info][gc,metaspace] GC(28) Metaspace: 55387K(55744K)->55387K(55744K) NonClass: 47159K(47424K)->47159K(47424K) Class: 8228K(8320K)->8228K(8320K)
[11.465s][info][gc          ] GC(28) Pause Young (Prepare Mixed) (G1 Evacuation Pause) 437M->291M(495M) 18.678ms
[11.465s][info][gc,cpu      ] GC(28) User=0.04s Sys=0.00s Real=0.02s
[12.008s][info][gc,start    ] GC(29) Pause Young (Mixed) (G1 Evacuation Pause)
[12.008s][info][gc,task     ] GC(29) Using 2 workers of 2 for evacuation
[12.013s][info][gc,phases   ] GC(29)   Pre Evacuate Collection Set: 0.28ms
[12.013s][info][gc,phases   ] GC(29)   Merge Heap Roots: 0.10ms
[12.013s][info][gc,phases   ] GC(29)   Evacuate Collection Set: 3.47ms
[12.013s][info][gc,phases   ] GC(29)   Post Evacuate Collection Set: 0.57ms
[12.013s][info][gc,phases   ] GC(29)   Other: 0.13ms
[12.013s][info][gc,heap     ] GC(29) Eden regions: 149->0(161)
[12.013s][info][gc,heap     ] GC(29) Survivor regions: 12->2(21)
[12.013s][info][gc,heap     ] GC(29) Old regions: 73->68
[12.013s][info][gc,heap     ] GC(29) Humongous regions: 207->207
[12.013s][info][gc,metaspace] GC(29) Metaspace: 55390K(55744K)->55390K(55744K) NonClass: 47161K(47424K)->47161K(47424K) Class: 8228K(8320K)->8228K(8320K)
[12.013s][info][gc          ] GC(29) Pause Young (Mixed) (G1 Evacuation Pause) 440M->275M(495M) 4.729ms
[12.013s][info][gc,cpu      ] GC(29) User=0.01s Sys=0.00s Real=0.00s
[12.445s][info][gc,start    ] GC(30) Pause Young (Concurrent Start) (G1 Evacuation Pause)
[12.445s][info][gc,task     ] GC(30) Using 2 workers of 2 for evacuation
[12.449s][info][gc,phases   ] GC(30)   Pre Evacuate Collection Set: 0.28ms
[12.449s][info][gc,phases   ] GC(30)   Merge Heap Roots: 0.08ms
[12.449s][info][gc,phases   ] GC(30)   Evacuate Collection Set: 3.17ms
[12.449s][info][gc,phases   ] GC(30)   Post Evacuate Collection Set: 0.41ms
[12.449s][info][gc,phases   ] GC(30)   Other: 0.12ms
[12.449s][info][gc,heap     ] GC(30) Eden regions: 161->0(165)
[12.449s][info][gc,heap     ] GC(30) Survivor regions: 2->2(21)
[12.449s][info][gc,heap     ] GC(30) Old regions: 68->68
[12.449s][info][gc,heap     ] GC(30) Humongous regions: 207->207
[12.449s][info][gc,metaspace] GC(30) Metaspace: 55391K(55744K)->55391K(55744K) NonClass: 47163K(47424K)->47163K(47424K) Class: 8228K(8320K)->8228K(8320K)
[12.449s][info][gc          ] GC(30) Pause Young (Concurrent Start) (G1 Evacuation Pause) 436M->276M(495M) 4.219ms
[12.449s][info][gc,cpu      ] GC(30) User=0.01s Sys=0.00s Real=0.00s
[12.450s][info][gc          ] GC(31) Concurrent Mark Cycle
[12.450s][info][gc,marking  ] GC(31) Concurrent Scan Root Regions
[12.458s][info][gc,marking  ] GC(31) Concurrent Scan Root Regions 8.167ms
[12.458s][info][gc,marking  ] GC(31) Concurrent Mark
[12.458s][info][gc,marking  ] GC(31) Concurrent Mark From Roots
[12.458s][info][gc,task     ] GC(31) Using 1 workers of 1 for marking
[12.553s][info][gc,marking  ] GC(31) Concurrent Mark From Roots 95.570ms
[12.553s][info][gc,marking  ] GC(31) Concurrent Preclean
[12.554s][info][gc,marking  ] GC(31) Concurrent Preclean 0.078ms
[12.554s][info][gc,start    ] GC(31) Pause Remark
[12.562s][info][gc          ] GC(31) Pause Remark 322M->322M(495M) 7.923ms
[12.562s][info][gc,cpu      ] GC(31) User=0.02s Sys=0.00s Real=0.00s
[12.563s][info][gc,marking  ] GC(31) Concurrent Mark 104.907ms
[12.563s][info][gc,marking  ] GC(31) Concurrent Rebuild Remembered Sets and Scrub Regions
[12.609s][info][gc,marking  ] GC(31) Concurrent Rebuild Remembered Sets and Scrub Regions 45.766ms
[12.609s][info][gc,start    ] GC(31) Pause Cleanup
[12.609s][info][gc          ] GC(31) Pause Cleanup 339M->339M(495M) 0.075ms
[12.609s][info][gc,cpu      ] GC(31) User=0.00s Sys=0.00s Real=0.00s
[12.609s][info][gc,marking  ] GC(31) Concurrent Clear Claimed Marks
[12.609s][info][gc,marking  ] GC(31) Concurrent Clear Claimed Marks 0.115ms
[12.609s][info][gc,marking  ] GC(31) Concurrent Cleanup for Next Mark
[12.611s][info][gc,marking  ] GC(31) Concurrent Cleanup for Next Mark 1.472ms
[12.611s][info][gc          ] GC(31) Concurrent Mark Cycle 161.025ms
[12.960s][info][gc,start    ] GC(32) Pause Young (Prepare Mixed) (G1 Evacuation Pause)
[12.960s][info][gc,task     ] GC(32) Using 2 workers of 2 for evacuation
[12.965s][info][gc,phases   ] GC(32)   Pre Evacuate Collection Set: 0.28ms
[12.966s][info][gc,phases   ] GC(32)   Merge Heap Roots: 0.09ms
[12.966s][info][gc,phases   ] GC(32)   Evacuate Collection Set: 4.95ms
[12.966s][info][gc,phases   ] GC(32)   Post Evacuate Collection Set: 0.46ms
[12.966s][info][gc,phases   ] GC(32)   Other: 0.10ms
[12.966s][info][gc,heap     ] GC(32) Eden regions: 165->0(171)
[12.966s][info][gc,heap     ] GC(32) Survivor regions: 2->2(21)
[12.966s][info][gc,heap     ] GC(32) Old regions: 68->68
[12.966s][info][gc,heap     ] GC(32) Humongous regions: 207->207
[12.966s][info][gc,metaspace] GC(32) Metaspace: 55394K(55744K)->55394K(55744K) NonClass: 47165K(47424K)->47165K(47424K) Class: 8228K(8320K)->8228K(8320K)
[12.966s][info][gc          ] GC(32) Pause Young (Prepare Mixed) (G1 Evacuation Pause) 441M->276M(495M) 6.059ms
[12.966s][info][gc,cpu      ] GC(32) User=0.02s Sys=0.00s Real=0.01s
[13.386s][info][gc,start    ] GC(33) Pause Young (Mixed) (G1 Evacuation Pause)
[13.386s][info][gc,task     ] GC(33) Using 2 workers of 2 for evacuation
[13.390s][info][gc,phases   ] GC(33)   Pre Evacuate Collection Set: 0.26ms
[13.390s][info][gc,phases   ] GC(33)   Merge Heap Roots: 0.08ms
[13.390s][info][gc,phases   ] GC(33)   Evacuate Collection Set: 3.11ms
[13.390s][info][gc,phases   ] GC(33)   Post Evacuate Collection Set: 0.59ms
[13.390s][info][gc,phases   ] GC(33)   Other: 0.08ms
[13.390s][info][gc,heap     ] GC(33) Eden regions: 171->0(177)
[13.390s][info][gc,heap     ] GC(33) Survivor regions: 2->1(22)
[13.390s][info][gc,heap     ] GC(33) Old regions: 68->65
[13.390s][info][gc,heap     ] GC(33) Humongous regions: 207->207
[13.390s][info][gc,metaspace] GC(33) Metaspace: 55394K(55744K)->55394K(55744K) NonClass: 47165K(47424K)->47165K(47424K) Class: 8228K(8320K)->8228K(8320K)
[13.390s][info][gc          ] GC(33) Pause Young (Mixed) (G1 Evacuation Pause) 447M->272M(495M) 4.342ms
[13.390s][info][gc,cpu      ] GC(33) User=0.01s Sys=0.00s Real=0.00s
[13.933s][info][gc,start    ] GC(34) Pause Young (Concurrent Start) (G1 Evacuation Pause)
[13.933s][info][gc,task     ] GC(34) Using 2 workers of 2 for evacuation
[13.940s][info][gc,phases   ] GC(34)   Pre Evacuate Collection Set: 0.29ms
[13.940s][info][gc,phases   ] GC(34)   Merge Heap Roots: 0.08ms
[13.940s][info][gc,phases   ] GC(34)   Evacuate Collection Set: 5.45ms
[13.940s][info][gc,phases   ] GC(34)   Post Evacuate Collection Set: 0.49ms
[13.940s][info][gc,phases   ] GC(34)   Other: 0.16ms
[13.940s][info][gc,heap     ] GC(34) Eden regions: 177->0(180)
[13.940s][info][gc,heap     ] GC(34) Survivor regions: 1->3(23)
[13.940s][info][gc,heap     ] GC(34) Old regions: 65->65
[13.940s][info][gc,heap     ] GC(34) Humongous regions: 207->207
[13.940s][info][gc,metaspace] GC(34) Metaspace: 55410K(55744K)->55410K(55744K) NonClass: 47177K(47424K)->47177K(47424K) Class: 8233K(8320K)->8233K(8320K)
[13.940s][info][gc          ] GC(34) Pause Young (Concurrent Start) (G1 Evacuation Pause) 449M->273M(495M) 6.627ms
[13.940s][info][gc,cpu      ] GC(34) User=0.01s Sys=0.00s Real=0.01s
[13.940s][info][gc          ] GC(35) Concurrent Mark Cycle
[13.947s][info][gc,marking  ] GC(35) Concurrent Scan Root Regions
[13.954s][info][gc,marking  ] GC(35) Concurrent Scan Root Regions 7.809ms
[13.954s][info][gc,marking  ] GC(35) Concurrent Mark
[13.954s][info][gc,marking  ] GC(35) Concurrent Mark From Roots
[13.954s][info][gc,task     ] GC(35) Using 1 workers of 1 for marking
[14.045s][info][gc,marking  ] GC(35) Concurrent Mark From Roots 90.416ms
[14.045s][info][gc,marking  ] GC(35) Concurrent Preclean
[14.045s][info][gc,marking  ] GC(35) Concurrent Preclean 0.094ms
[14.046s][info][gc,start    ] GC(35) Pause Remark
[14.054s][info][gc          ] GC(35) Pause Remark 315M->315M(495M) 8.083ms
[14.054s][info][gc,cpu      ] GC(35) User=0.01s Sys=0.00s Real=0.01s
[14.056s][info][gc,marking  ] GC(35) Concurrent Mark 102.133ms
[14.057s][info][gc,marking  ] GC(35) Concurrent Rebuild Remembered Sets and Scrub Regions
[14.091s][info][gc,marking  ] GC(35) Concurrent Rebuild Remembered Sets and Scrub Regions 34.975ms
[14.092s][info][gc,start    ] GC(35) Pause Cleanup
[14.092s][info][gc          ] GC(35) Pause Cleanup 326M->326M(495M) 0.080ms
[14.092s][info][gc,cpu      ] GC(35) User=0.00s Sys=0.00s Real=0.00s
[14.092s][info][gc,marking  ] GC(35) Concurrent Clear Claimed Marks
[14.092s][info][gc,marking  ] GC(35) Concurrent Clear Claimed Marks 0.108ms
[14.092s][info][gc,marking  ] GC(35) Concurrent Cleanup for Next Mark
[14.096s][info][gc,marking  ] GC(35) Concurrent Cleanup for Next Mark 4.106ms
[14.096s][info][gc          ] GC(35) Concurrent Mark Cycle 156.234ms
[14.419s][info][gc,start    ] GC(36) Pause Young (Prepare Mixed) (G1 Evacuation Pause)
[14.419s][info][gc,task     ] GC(36) Using 2 workers of 2 for evacuation
[14.424s][info][gc,phases   ] GC(36)   Pre Evacuate Collection Set: 0.24ms
[14.424s][info][gc,phases   ] GC(36)   Merge Heap Roots: 0.09ms
[14.424s][info][gc,phases   ] GC(36)   Evacuate Collection Set: 4.55ms
[14.425s][info][gc,phases   ] GC(36)   Post Evacuate Collection Set: 0.44ms
[14.425s][info][gc,phases   ] GC(36)   Other: 0.09ms
[14.425s][info][gc,heap     ] GC(36) Eden regions: 180->0(184)
[14.425s][info][gc,heap     ] GC(36) Survivor regions: 3->2(23)
[14.425s][info][gc,heap     ] GC(36) Old regions: 65->65
[14.425s][info][gc,heap     ] GC(36) Humongous regions: 207->207
[14.425s][info][gc,metaspace] GC(36) Metaspace: 55411K(55744K)->55411K(55744K) NonClass: 47178K(47424K)->47178K(47424K) Class: 8233K(8320K)->8233K(8320K)
[14.425s][info][gc          ] GC(36) Pause Young (Prepare Mixed) (G1 Evacuation Pause) 453M->273M(495M) 5.574ms
[14.425s][info][gc,cpu      ] GC(36) User=0.01s Sys=0.00s Real=0.01s
[14.980s][info][gc,start    ] GC(37) Pause Young (Mixed) (G1 Evacuation Pause)
[14.980s][info][gc,task     ] GC(37) Using 2 workers of 2 for evacuation
[15.013s][info][gc,phases   ] GC(37)   Pre Evacuate Collection Set: 11.33ms
[15.013s][info][gc,phases   ] GC(37)   Merge Heap Roots: 0.12ms
[15.013s][info][gc,phases   ] GC(37)   Evacuate Collection Set: 20.44ms
[15.013s][info][gc,phases   ] GC(37)   Post Evacuate Collection Set: 0.79ms
[15.013s][info][gc,phases   ] GC(37)   Other: 0.08ms
[15.013s][info][gc,heap     ] GC(37) Eden regions: 184->0(188)
[15.013s][info][gc,heap     ] GC(37) Survivor regions: 2->3(24)
[15.013s][info][gc,heap     ] GC(37) Old regions: 65->63
[15.013s][info][gc,heap     ] GC(37) Humongous regions: 207->207
[15.013s][info][gc,metaspace] GC(37) Metaspace: 55411K(55744K)->55411K(55744K) NonClass: 47178K(47424K)->47178K(47424K) Class: 8233K(8320K)->8233K(8320K)
[15.013s][info][gc          ] GC(37) Pause Young (Mixed) (G1 Evacuation Pause) 457M->272M(495M) 32.932ms
[15.013s][info][gc,cpu      ] GC(37) User=0.02s Sys=0.00s Real=0.03s
[15.415s][info][gc,start    ] GC(38) Pause Young (Concurrent Start) (G1 Evacuation Pause)
[15.415s][info][gc,task     ] GC(38) Using 2 workers of 2 for evacuation
[15.419s][info][gc,phases   ] GC(38)   Pre Evacuate Collection Set: 0.26ms
[15.419s][info][gc,phases   ] GC(38)   Merge Heap Roots: 0.09ms
[15.419s][info][gc,phases   ] GC(38)   Evacuate Collection Set: 3.18ms
[15.419s][info][gc,phases   ] GC(38)   Post Evacuate Collection Set: 0.45ms
[15.419s][info][gc,phases   ] GC(38)   Other: 0.12ms
[15.419s][info][gc,heap     ] GC(38) Eden regions: 188->0(191)
[15.419s][info][gc,heap     ] GC(38) Survivor regions: 3->2(24)
[15.419s][info][gc,heap     ] GC(38) Old regions: 63->63
[15.419s][info][gc,heap     ] GC(38) Humongous regions: 207->207
[15.419s][info][gc,metaspace] GC(38) Metaspace: 55411K(55744K)->55411K(55744K) NonClass: 47178K(47424K)->47178K(47424K) Class: 8233K(8320K)->8233K(8320K)
[15.419s][info][gc          ] GC(38) Pause Young (Concurrent Start) (G1 Evacuation Pause) 460M->271M(495M) 4.286ms
[15.419s][info][gc          ] GC(39) Concurrent Mark Cycle
[15.419s][info][gc,marking  ] GC(39) Concurrent Scan Root Regions
[15.419s][info][gc,cpu      ] GC(38) User=0.01s Sys=0.00s Real=0.00s
[15.428s][info][gc,marking  ] GC(39) Concurrent Scan Root Regions 8.659ms
[15.428s][info][gc,marking  ] GC(39) Concurrent Mark
[15.428s][info][gc,marking  ] GC(39) Concurrent Mark From Roots
[15.428s][info][gc,task     ] GC(39) Using 1 workers of 1 for marking
[15.507s][info][gc,marking  ] GC(39) Concurrent Mark From Roots 78.536ms
[15.507s][info][gc,marking  ] GC(39) Concurrent Preclean
[15.507s][info][gc,marking  ] GC(39) Concurrent Preclean 0.074ms
[15.507s][info][gc,start    ] GC(39) Pause Remark
[15.515s][info][gc          ] GC(39) Pause Remark 302M->302M(495M) 7.840ms
[15.515s][info][gc,cpu      ] GC(39) User=0.01s Sys=0.00s Real=0.01s
[15.515s][info][gc,marking  ] GC(39) Concurrent Mark 87.173ms
[15.515s][info][gc,marking  ] GC(39) Concurrent Rebuild Remembered Sets and Scrub Regions
[15.539s][info][gc,marking  ] GC(39) Concurrent Rebuild Remembered Sets and Scrub Regions 23.669ms
[15.539s][info][gc,start    ] GC(39) Pause Cleanup
[15.539s][info][gc          ] GC(39) Pause Cleanup 311M->311M(495M) 0.063ms
[15.539s][info][gc,cpu      ] GC(39) User=0.00s Sys=0.00s Real=0.00s
[15.539s][info][gc,marking  ] GC(39) Concurrent Clear Claimed Marks
[15.539s][info][gc,marking  ] GC(39) Concurrent Clear Claimed Marks 0.083ms
[15.539s][info][gc,marking  ] GC(39) Concurrent Cleanup for Next Mark
[15.541s][info][gc,marking  ] GC(39) Concurrent Cleanup for Next Mark 1.518ms
[15.541s][info][gc          ] GC(39) Concurrent Mark Cycle 121.470ms
[16.001s][info][gc,start    ] GC(40) Pause Young (Prepare Mixed) (G1 Evacuation Pause)
[16.001s][info][gc,task     ] GC(40) Using 2 workers of 2 for evacuation
[16.008s][info][gc,phases   ] GC(40)   Pre Evacuate Collection Set: 0.25ms
[16.008s][info][gc,phases   ] GC(40)   Merge Heap Roots: 0.08ms
[16.008s][info][gc,phases   ] GC(40)   Evacuate Collection Set: 5.33ms
[16.008s][info][gc,phases   ] GC(40)   Post Evacuate Collection Set: 0.46ms
[16.008s][info][gc,phases   ] GC(40)   Other: 0.10ms
[16.008s][info][gc,heap     ] GC(40) Eden regions: 191->0(191)
[16.008s][info][gc,heap     ] GC(40) Survivor regions: 2->4(25)
[16.008s][info][gc,heap     ] GC(40) Old regions: 63->63
[16.008s][info][gc,heap     ] GC(40) Humongous regions: 207->207
[16.008s][info][gc,metaspace] GC(40) Metaspace: 55411K(55744K)->55411K(55744K) NonClass: 47178K(47424K)->47178K(47424K) Class: 8233K(8320K)->8233K(8320K)
[16.008s][info][gc          ] GC(40) Pause Young (Prepare Mixed) (G1 Evacuation Pause) 462M->273M(495M) 6.375ms
[16.008s][info][gc,cpu      ] GC(40) User=0.02s Sys=0.00s Real=0.01s
[16.445s][info][gc,start    ] GC(41) Pause Young (Mixed) (G1 Evacuation Pause)
[16.445s][info][gc,task     ] GC(41) Using 2 workers of 2 for evacuation
[16.452s][info][gc,phases   ] GC(41)   Pre Evacuate Collection Set: 0.27ms
[16.452s][info][gc,phases   ] GC(41)   Merge Heap Roots: 0.09ms
[16.452s][info][gc,phases   ] GC(41)   Evacuate Collection Set: 5.96ms
[16.452s][info][gc,phases   ] GC(41)   Post Evacuate Collection Set: 0.69ms
[16.452s][info][gc,phases   ] GC(41)   Other: 0.10ms
[16.452s][info][gc,heap     ] GC(41) Eden regions: 191->0(194)
[16.452s][info][gc,heap     ] GC(41) Survivor regions: 4->3(25)
[16.452s][info][gc,heap     ] GC(41) Old regions: 63->62
[16.452s][info][gc,heap     ] GC(41) Humongous regions: 207->207
[16.452s][info][gc,metaspace] GC(41) Metaspace: 55413K(55744K)->55413K(55744K) NonClass: 47179K(47424K)->47179K(47424K) Class: 8233K(8320K)->8233K(8320K)
[16.452s][info][gc          ] GC(41) Pause Young (Mixed) (G1 Evacuation Pause) 464M->271M(495M) 7.271ms
[16.452s][info][gc,cpu      ] GC(41) User=0.01s Sys=0.00s Real=0.00s
[17.084s][info][gc,start    ] GC(42) Pause Young (Concurrent Start) (G1 Evacuation Pause)
[17.084s][info][gc,task     ] GC(42) Using 2 workers of 2 for evacuation
[17.088s][info][gc,phases   ] GC(42)   Pre Evacuate Collection Set: 0.26ms
[17.088s][info][gc,phases   ] GC(42)   Merge Heap Roots: 0.08ms
[17.088s][info][gc,phases   ] GC(42)   Evacuate Collection Set: 2.78ms
[17.088s][info][gc,phases   ] GC(42)   Post Evacuate Collection Set: 0.47ms
[17.088s][info][gc,phases   ] GC(42)   Other: 0.10ms
[17.088s][info][gc,heap     ] GC(42) Eden regions: 194->0(196)
[17.088s][info][gc,heap     ] GC(42) Survivor regions: 3->2(25)
[17.088s][info][gc,heap     ] GC(42) Old regions: 62->62
[17.088s][info][gc,heap     ] GC(42) Humongous regions: 207->207
[17.088s][info][gc,metaspace] GC(42) Metaspace: 55413K(55744K)->55413K(55744K) NonClass: 47179K(47424K)->47179K(47424K) Class: 8233K(8320K)->8233K(8320K)
[17.088s][info][gc          ] GC(42) Pause Young (Concurrent Start) (G1 Evacuation Pause) 465M->269M(495M) 3.871ms
[17.088s][info][gc,cpu      ] GC(42) User=0.01s Sys=0.00s Real=0.00s
[17.089s][info][gc          ] GC(43) Concurrent Mark Cycle
[17.089s][info][gc,marking  ] GC(43) Concurrent Scan Root Regions
[17.095s][info][gc,marking  ] GC(43) Concurrent Scan Root Regions 6.472ms
[17.095s][info][gc,marking  ] GC(43) Concurrent Mark
[17.095s][info][gc,marking  ] GC(43) Concurrent Mark From Roots
[17.095s][info][gc,task     ] GC(43) Using 1 workers of 1 for marking
[17.159s][info][gc,marking  ] GC(43) Concurrent Mark From Roots 63.977ms
[17.159s][info][gc,marking  ] GC(43) Concurrent Preclean
[17.159s][info][gc,marking  ] GC(43) Concurrent Preclean 0.078ms
[17.160s][info][gc,start    ] GC(43) Pause Remark
[17.168s][info][gc          ] GC(43) Pause Remark 305M->305M(495M) 8.011ms
[17.168s][info][gc,cpu      ] GC(43) User=0.02s Sys=0.00s Real=0.01s
[17.168s][info][gc,marking  ] GC(43) Concurrent Mark 72.896ms
[17.168s][info][gc,marking  ] GC(43) Concurrent Rebuild Remembered Sets and Scrub Regions
[17.186s][info][gc,marking  ] GC(43) Concurrent Rebuild Remembered Sets and Scrub Regions 17.531ms
[17.186s][info][gc,start    ] GC(43) Pause Cleanup
[17.186s][info][gc          ] GC(43) Pause Cleanup 308M->308M(495M) 0.052ms
[17.186s][info][gc,cpu      ] GC(43) User=0.00s Sys=0.00s Real=0.00s
[17.186s][info][gc,marking  ] GC(43) Concurrent Clear Claimed Marks
[17.187s][info][gc,marking  ] GC(43) Concurrent Clear Claimed Marks 0.090ms
[17.187s][info][gc,marking  ] GC(43) Concurrent Cleanup for Next Mark
[17.189s][info][gc,marking  ] GC(43) Concurrent Cleanup for Next Mark 2.695ms
[17.189s][info][gc          ] GC(43) Concurrent Mark Cycle 100.517ms
[17.719s][info][gc,start    ] GC(44) Pause Young (Prepare Mixed) (G1 Evacuation Pause)
[17.719s][info][gc,task     ] GC(44) Using 2 workers of 2 for evacuation
[17.725s][info][gc,phases   ] GC(44)   Pre Evacuate Collection Set: 0.27ms
[17.725s][info][gc,phases   ] GC(44)   Merge Heap Roots: 0.09ms
[17.725s][info][gc,phases   ] GC(44)   Evacuate Collection Set: 4.79ms
[17.725s][info][gc,phases   ] GC(44)   Post Evacuate Collection Set: 0.46ms
[17.725s][info][gc,phases   ] GC(44)   Other: 0.10ms
[17.725s][info][gc,heap     ] GC(44) Eden regions: 196->0(194)
[17.725s][info][gc,heap     ] GC(44) Survivor regions: 2->3(25)
[17.725s][info][gc,heap     ] GC(44) Old regions: 62->62
[17.725s][info][gc,heap     ] GC(44) Humongous regions: 207->207
[17.725s][info][gc,metaspace] GC(44) Metaspace: 55413K(55744K)->55413K(55744K) NonClass: 47179K(47424K)->47179K(47424K) Class: 8233K(8320K)->8233K(8320K)
[17.725s][info][gc          ] GC(44) Pause Young (Prepare Mixed) (G1 Evacuation Pause) 465M->270M(495M) 5.860ms
[17.725s][info][gc,cpu      ] GC(44) User=0.01s Sys=0.00s Real=0.01s
[18.203s][info][gc,start    ] GC(45) Pause Young (Mixed) (G1 Evacuation Pause)
[18.203s][info][gc,task     ] GC(45) Using 2 workers of 2 for evacuation
[18.209s][info][gc,phases   ] GC(45)   Pre Evacuate Collection Set: 0.23ms
[18.209s][info][gc,phases   ] GC(45)   Merge Heap Roots: 0.07ms
[18.209s][info][gc,phases   ] GC(45)   Evacuate Collection Set: 5.00ms
[18.209s][info][gc,phases   ] GC(45)   Post Evacuate Collection Set: 0.49ms
[18.209s][info][gc,phases   ] GC(45)   Other: 0.09ms
[18.209s][info][gc,heap     ] GC(45) Eden regions: 194->0(194)
[18.209s][info][gc,heap     ] GC(45) Survivor regions: 3->4(25)
[18.209s][info][gc,heap     ] GC(45) Old regions: 62->60
[18.209s][info][gc,heap     ] GC(45) Humongous regions: 207->207
[18.209s][info][gc,metaspace] GC(45) Metaspace: 55413K(55744K)->55413K(55744K) NonClass: 47179K(47424K)->47179K(47424K) Class: 8233K(8320K)->8233K(8320K)
[18.209s][info][gc          ] GC(45) Pause Young (Mixed) (G1 Evacuation Pause) 464M->270M(495M) 6.053ms
[18.209s][info][gc,cpu      ] GC(45) User=0.02s Sys=0.00s Real=0.01s
[18.704s][info][gc,start    ] GC(46) Pause Young (Concurrent Start) (G1 Evacuation Pause)
[18.704s][info][gc,task     ] GC(46) Using 2 workers of 2 for evacuation
[18.710s][info][gc,phases   ] GC(46)   Pre Evacuate Collection Set: 0.27ms
[18.710s][info][gc,phases   ] GC(46)   Merge Heap Roots: 0.08ms
[18.710s][info][gc,phases   ] GC(46)   Evacuate Collection Set: 5.07ms
[18.710s][info][gc,phases   ] GC(46)   Post Evacuate Collection Set: 0.50ms
[18.710s][info][gc,phases   ] GC(46)   Other: 0.11ms
[18.710s][info][gc,heap     ] GC(46) Eden regions: 194->0(196)
[18.710s][info][gc,heap     ] GC(46) Survivor regions: 4->3(25)
[18.710s][info][gc,heap     ] GC(46) Old regions: 60->60
[18.710s][info][gc,heap     ] GC(46) Humongous regions: 207->207
[18.710s][info][gc,metaspace] GC(46) Metaspace: 55430K(55808K)->55430K(55808K) NonClass: 47193K(47488K)->47193K(47488K) Class: 8237K(8320K)->8237K(8320K)
[18.711s][info][gc          ] GC(46) Pause Young (Concurrent Start) (G1 Evacuation Pause) 464M->269M(495M) 6.184ms
[18.711s][info][gc          ] GC(47) Concurrent Mark Cycle
[18.711s][info][gc,marking  ] GC(47) Concurrent Scan Root Regions
[18.711s][info][gc,cpu      ] GC(46) User=0.01s Sys=0.00s Real=0.00s
[18.717s][info][gc,marking  ] GC(47) Concurrent Scan Root Regions 6.845ms
[18.717s][info][gc,marking  ] GC(47) Concurrent Mark
[18.717s][info][gc,marking  ] GC(47) Concurrent Mark From Roots
[18.717s][info][gc,task     ] GC(47) Using 1 workers of 1 for marking
[18.772s][info][gc,marking  ] GC(47) Concurrent Mark From Roots 54.376ms
[18.772s][info][gc,marking  ] GC(47) Concurrent Preclean
[18.772s][info][gc,marking  ] GC(47) Concurrent Preclean 0.295ms
[18.772s][info][gc,start    ] GC(47) Pause Remark
[18.780s][info][gc          ] GC(47) Pause Remark 291M->291M(495M) 7.744ms
[18.780s][info][gc,cpu      ] GC(47) User=0.02s Sys=0.00s Real=0.01s
[18.781s][info][gc,marking  ] GC(47) Concurrent Mark 63.554ms
[18.781s][info][gc,marking  ] GC(47) Concurrent Rebuild Remembered Sets and Scrub Regions
[18.803s][info][gc,marking  ] GC(47) Concurrent Rebuild Remembered Sets and Scrub Regions 21.595ms
[18.804s][info][gc,start    ] GC(47) Pause Cleanup
[18.804s][info][gc          ] GC(47) Pause Cleanup 300M->300M(495M) 0.070ms
[18.804s][info][gc,cpu      ] GC(47) User=0.00s Sys=0.00s Real=0.00s
[18.804s][info][gc,marking  ] GC(47) Concurrent Clear Claimed Marks
[18.804s][info][gc,marking  ] GC(47) Concurrent Clear Claimed Marks 0.085ms
[18.804s][info][gc,marking  ] GC(47) Concurrent Cleanup for Next Mark
[18.806s][info][gc,marking  ] GC(47) Concurrent Cleanup for Next Mark 1.417ms
[18.806s][info][gc          ] GC(47) Concurrent Mark Cycle 95.054ms
[19.210s][info][gc,start    ] GC(48) Pause Young (Prepare Mixed) (G1 Evacuation Pause)
[19.210s][info][gc,task     ] GC(48) Using 2 workers of 2 for evacuation
[19.217s][info][gc,phases   ] GC(48)   Pre Evacuate Collection Set: 0.24ms
[19.217s][info][gc,phases   ] GC(48)   Merge Heap Roots: 0.09ms
[19.217s][info][gc,phases   ] GC(48)   Evacuate Collection Set: 5.88ms
[19.217s][info][gc,phases   ] GC(48)   Post Evacuate Collection Set: 0.52ms
[19.217s][info][gc,phases   ] GC(48)   Other: 0.08ms
[19.217s][info][gc,heap     ] GC(48) Eden regions: 196->0(192)
[19.217s][info][gc,heap     ] GC(48) Survivor regions: 3->5(25)
[19.217s][info][gc,heap     ] GC(48) Old regions: 60->60
[19.217s][info][gc,heap     ] GC(48) Humongous regions: 207->207
[19.217s][info][gc,metaspace] GC(48) Metaspace: 55430K(55808K)->55430K(55808K) NonClass: 47193K(47488K)->47193K(47488K) Class: 8237K(8320K)->8237K(8320K)
[19.217s][info][gc          ] GC(48) Pause Young (Prepare Mixed) (G1 Evacuation Pause) 465M->271M(495M) 6.998ms
[19.217s][info][gc,cpu      ] GC(48) User=0.01s Sys=0.00s Real=0.01s
[19.785s][info][gc,start    ] GC(49) Pause Young (Mixed) (G1 Evacuation Pause)
[19.785s][info][gc,task     ] GC(49) Using 2 workers of 2 for evacuation
[19.790s][info][gc,phases   ] GC(49)   Pre Evacuate Collection Set: 0.24ms
[19.790s][info][gc,phases   ] GC(49)   Merge Heap Roots: 0.07ms
[19.790s][info][gc,phases   ] GC(49)   Evacuate Collection Set: 4.38ms
[19.790s][info][gc,phases   ] GC(49)   Post Evacuate Collection Set: 0.51ms
[19.790s][info][gc,phases   ] GC(49)   Other: 0.07ms
[19.790s][info][gc,heap     ] GC(49) Eden regions: 192->0(196)
[19.790s][info][gc,heap     ] GC(49) Survivor regions: 5->3(25)
[19.790s][info][gc,heap     ] GC(49) Old regions: 60->60
[19.790s][info][gc,heap     ] GC(49) Humongous regions: 207->207
[19.790s][info][gc,metaspace] GC(49) Metaspace: 55432K(55808K)->55432K(55808K) NonClass: 47195K(47488K)->47195K(47488K) Class: 8237K(8320K)->8237K(8320K)
[19.790s][info][gc          ] GC(49) Pause Young (Mixed) (G1 Evacuation Pause) 463M->268M(495M) 5.440ms
[19.790s][info][gc,cpu      ] GC(49) User=0.01s Sys=0.00s Real=0.00s
[20.226s][info][gc,start    ] GC(50) Pause Young (Concurrent Start) (G1 Evacuation Pause)
[20.226s][info][gc,task     ] GC(50) Using 2 workers of 2 for evacuation
[20.232s][info][gc,phases   ] GC(50)   Pre Evacuate Collection Set: 0.27ms
[20.232s][info][gc,phases   ] GC(50)   Merge Heap Roots: 0.10ms
[20.232s][info][gc,phases   ] GC(50)   Evacuate Collection Set: 4.78ms
[20.232s][info][gc,phases   ] GC(50)   Post Evacuate Collection Set: 0.49ms
[20.232s][info][gc,phases   ] GC(50)   Other: 0.12ms
[20.232s][info][gc,heap     ] GC(50) Eden regions: 196->0(196)
[20.232s][info][gc,heap     ] GC(50) Survivor regions: 3->3(25)
[20.232s][info][gc,heap     ] GC(50) Old regions: 60->60
[20.232s][info][gc,heap     ] GC(50) Humongous regions: 207->207
[20.232s][info][gc,metaspace] GC(50) Metaspace: 55432K(55808K)->55432K(55808K) NonClass: 47195K(47488K)->47195K(47488K) Class: 8237K(8320K)->8237K(8320K)
[20.232s][info][gc          ] GC(50) Pause Young (Concurrent Start) (G1 Evacuation Pause) 464M->268M(495M) 5.967ms
[20.232s][info][gc          ] GC(51) Concurrent Mark Cycle
[20.232s][info][gc,marking  ] GC(51) Concurrent Scan Root Regions
[20.233s][info][gc,cpu      ] GC(50) User=0.01s Sys=0.00s Real=0.00s
[20.239s][info][gc,marking  ] GC(51) Concurrent Scan Root Regions 7.347ms
[20.239s][info][gc,marking  ] GC(51) Concurrent Mark
[20.239s][info][gc,marking  ] GC(51) Concurrent Mark From Roots
[20.239s][info][gc,task     ] GC(51) Using 1 workers of 1 for marking
[20.281s][info][gc,marking  ] GC(51) Concurrent Mark From Roots 41.842ms
[20.281s][info][gc,marking  ] GC(51) Concurrent Preclean
[20.281s][info][gc,marking  ] GC(51) Concurrent Preclean 0.072ms
[20.281s][info][gc,start    ] GC(51) Pause Remark
[20.289s][info][gc          ] GC(51) Pause Remark 275M->275M(495M) 7.382ms
[20.289s][info][gc,cpu      ] GC(51) User=0.02s Sys=0.00s Real=0.01s
[20.289s][info][gc,marking  ] GC(51) Concurrent Mark 50.089ms
[20.289s][info][gc,marking  ] GC(51) Concurrent Rebuild Remembered Sets and Scrub Regions
[20.317s][info][gc,marking  ] GC(51) Concurrent Rebuild Remembered Sets and Scrub Regions 27.420ms
[20.317s][info][gc,start    ] GC(51) Pause Cleanup
[20.317s][info][gc          ] GC(51) Pause Cleanup 291M->291M(495M) 0.058ms
[20.317s][info][gc,cpu      ] GC(51) User=0.00s Sys=0.00s Real=0.00s
[20.317s][info][gc,marking  ] GC(51) Concurrent Clear Claimed Marks
[20.317s][info][gc,marking  ] GC(51) Concurrent Clear Claimed Marks 0.083ms
[20.317s][info][gc,marking  ] GC(51) Concurrent Cleanup for Next Mark
[20.320s][info][gc,marking  ] GC(51) Concurrent Cleanup for Next Mark 2.350ms
[20.320s][info][gc          ] GC(51) Concurrent Mark Cycle 87.581ms
[20.839s][info][gc,start    ] GC(52) Pause Young (Prepare Mixed) (G1 Evacuation Pause)
[20.839s][info][gc,task     ] GC(52) Using 2 workers of 2 for evacuation
[20.843s][info][gc,phases   ] GC(52)   Pre Evacuate Collection Set: 0.23ms
[20.843s][info][gc,phases   ] GC(52)   Merge Heap Roots: 0.13ms
[20.843s][info][gc,phases   ] GC(52)   Evacuate Collection Set: 3.07ms
[20.843s][info][gc,phases   ] GC(52)   Post Evacuate Collection Set: 0.48ms
[20.843s][info][gc,phases   ] GC(52)   Other: 0.07ms
[20.844s][info][gc,heap     ] GC(52) Eden regions: 196->0(198)
[20.844s][info][gc,heap     ] GC(52) Survivor regions: 3->2(25)
[20.844s][info][gc,heap     ] GC(52) Old regions: 60->60
[20.844s][info][gc,heap     ] GC(52) Humongous regions: 207->207
[20.844s][info][gc,metaspace] GC(52) Metaspace: 55432K(55808K)->55432K(55808K) NonClass: 47195K(47488K)->47195K(47488K) Class: 8237K(8320K)->8237K(8320K)
[20.844s][info][gc          ] GC(52) Pause Young (Prepare Mixed) (G1 Evacuation Pause) 464M->267M(495M) 4.170ms
[20.844s][info][gc,cpu      ] GC(52) User=0.01s Sys=0.00s Real=0.00s
[21.294s][info][gc,start    ] GC(53) Pause Young (Mixed) (G1 Evacuation Pause)
[21.294s][info][gc,task     ] GC(53) Using 2 workers of 2 for evacuation
[21.299s][info][gc,phases   ] GC(53)   Pre Evacuate Collection Set: 0.25ms
[21.299s][info][gc,phases   ] GC(53)   Merge Heap Roots: 0.09ms
[21.299s][info][gc,phases   ] GC(53)   Evacuate Collection Set: 4.17ms
[21.299s][info][gc,phases   ] GC(53)   Post Evacuate Collection Set: 0.54ms
[21.299s][info][gc,phases   ] GC(53)   Other: 0.08ms
[21.299s][info][gc,heap     ] GC(53) Eden regions: 198->0(197)
[21.299s][info][gc,heap     ] GC(53) Survivor regions: 2->3(25)
[21.299s][info][gc,heap     ] GC(53) Old regions: 60->59
[21.299s][info][gc,heap     ] GC(53) Humongous regions: 207->207
[21.299s][info][gc,metaspace] GC(53) Metaspace: 55432K(55808K)->55432K(55808K) NonClass: 47195K(47488K)->47195K(47488K) Class: 8237K(8320K)->8237K(8320K)
[21.299s][info][gc          ] GC(53) Pause Young (Mixed) (G1 Evacuation Pause) 465M->268M(495M) 5.306ms
[21.300s][info][gc,cpu      ] GC(53) User=0.01s Sys=0.00s Real=0.00s
[21.822s][info][gc,start    ] GC(54) Pause Young (Concurrent Start) (G1 Evacuation Pause)
[21.822s][info][gc,task     ] GC(54) Using 2 workers of 2 for evacuation
[21.842s][info][gc,phases   ] GC(54)   Pre Evacuate Collection Set: 4.10ms
[21.842s][info][gc,phases   ] GC(54)   Merge Heap Roots: 0.09ms
[21.842s][info][gc,phases   ] GC(54)   Evacuate Collection Set: 14.74ms
[21.842s][info][gc,phases   ] GC(54)   Post Evacuate Collection Set: 0.84ms
[21.842s][info][gc,phases   ] GC(54)   Other: 0.17ms
[21.842s][info][gc,heap     ] GC(54) Eden regions: 197->0(197)
[21.842s][info][gc,heap     ] GC(54) Survivor regions: 3->3(25)
[21.842s][info][gc,heap     ] GC(54) Old regions: 59->59
[21.842s][info][gc,heap     ] GC(54) Humongous regions: 207->207
[21.842s][info][gc,metaspace] GC(54) Metaspace: 55442K(55808K)->55442K(55808K) NonClass: 47204K(47488K)->47204K(47488K) Class: 8237K(8320K)->8237K(8320K)
[21.842s][info][gc          ] GC(54) Pause Young (Concurrent Start) (G1 Evacuation Pause) 465M->268M(495M) 20.155ms
[21.842s][info][gc          ] GC(55) Concurrent Mark Cycle
[21.842s][info][gc,marking  ] GC(55) Concurrent Scan Root Regions
[21.842s][info][gc,cpu      ] GC(54) User=0.01s Sys=0.00s Real=0.02s
[21.849s][info][gc,marking  ] GC(55) Concurrent Scan Root Regions 6.758ms
[21.849s][info][gc,marking  ] GC(55) Concurrent Mark
[21.849s][info][gc,marking  ] GC(55) Concurrent Mark From Roots
[21.849s][info][gc,task     ] GC(55) Using 1 workers of 1 for marking
[21.972s][info][gc,marking  ] GC(55) Concurrent Mark From Roots 122.384ms
[21.972s][info][gc,marking  ] GC(55) Concurrent Preclean
[21.972s][info][gc,marking  ] GC(55) Concurrent Preclean 0.077ms
[21.972s][info][gc,start    ] GC(55) Pause Remark
[21.982s][info][gc          ] GC(55) Pause Remark 315M->315M(495M) 9.622ms
[21.982s][info][gc,cpu      ] GC(55) User=0.02s Sys=0.00s Real=0.01s
[21.983s][info][gc,marking  ] GC(55) Concurrent Mark 133.668ms
[21.983s][info][gc,marking  ] GC(55) Concurrent Rebuild Remembered Sets and Scrub Regions
[22.013s][info][gc,marking  ] GC(55) Concurrent Rebuild Remembered Sets and Scrub Regions 29.699ms
[22.013s][info][gc,start    ] GC(55) Pause Cleanup
[22.013s][info][gc          ] GC(55) Pause Cleanup 334M->334M(495M) 0.074ms
[22.013s][info][gc,cpu      ] GC(55) User=0.00s Sys=0.00s Real=0.00s
[22.013s][info][gc,marking  ] GC(55) Concurrent Clear Claimed Marks
[22.013s][info][gc,marking  ] GC(55) Concurrent Clear Claimed Marks 0.092ms
[22.013s][info][gc,marking  ] GC(55) Concurrent Cleanup for Next Mark
[22.018s][info][gc,marking  ] GC(55) Concurrent Cleanup for Next Mark 4.765ms
[22.018s][info][gc          ] GC(55) Concurrent Mark Cycle 175.556ms
[22.320s][info][gc,start    ] GC(56) Pause Young (Prepare Mixed) (G1 Evacuation Pause)
[22.320s][info][gc,task     ] GC(56) Using 2 workers of 2 for evacuation
[22.326s][info][gc,phases   ] GC(56)   Pre Evacuate Collection Set: 0.24ms
[22.326s][info][gc,phases   ] GC(56)   Merge Heap Roots: 0.10ms
[22.326s][info][gc,phases   ] GC(56)   Evacuate Collection Set: 5.51ms
[22.326s][info][gc,phases   ] GC(56)   Post Evacuate Collection Set: 0.52ms
[22.326s][info][gc,phases   ] GC(56)   Other: 0.10ms
[22.326s][info][gc,heap     ] GC(56) Eden regions: 197->0(197)
[22.326s][info][gc,heap     ] GC(56) Survivor regions: 3->3(25)
[22.326s][info][gc,heap     ] GC(56) Old regions: 59->59
[22.326s][info][gc,heap     ] GC(56) Humongous regions: 207->207
[22.326s][info][gc,metaspace] GC(56) Metaspace: 55442K(55808K)->55442K(55808K) NonClass: 47204K(47488K)->47204K(47488K) Class: 8237K(8320K)->8237K(8320K)
[22.326s][info][gc          ] GC(56) Pause Young (Prepare Mixed) (G1 Evacuation Pause) 465M->268M(495M) 6.650ms
[22.326s][info][gc,cpu      ] GC(56) User=0.01s Sys=0.00s Real=0.01s
[22.832s][info][gc,start    ] GC(57) Pause Young (Mixed) (G1 Evacuation Pause)
[22.832s][info][gc,task     ] GC(57) Using 2 workers of 2 for evacuation
[22.838s][info][gc,phases   ] GC(57)   Pre Evacuate Collection Set: 0.25ms
[22.838s][info][gc,phases   ] GC(57)   Merge Heap Roots: 0.10ms
[22.838s][info][gc,phases   ] GC(57)   Evacuate Collection Set: 4.71ms
[22.838s][info][gc,phases   ] GC(57)   Post Evacuate Collection Set: 0.54ms
[22.838s][info][gc,phases   ] GC(57)   Other: 0.07ms
[22.838s][info][gc,heap     ] GC(57) Eden regions: 197->0(199)
[22.838s][info][gc,heap     ] GC(57) Survivor regions: 3->2(25)
[22.838s][info][gc,heap     ] GC(57) Old regions: 59->59
[22.838s][info][gc,heap     ] GC(57) Humongous regions: 207->207
[22.838s][info][gc,metaspace] GC(57) Metaspace: 55442K(55808K)->55442K(55808K) NonClass: 47204K(47488K)->47204K(47488K) Class: 8237K(8320K)->8237K(8320K)
[22.838s][info][gc          ] GC(57) Pause Young (Mixed) (G1 Evacuation Pause) 465M->266M(495M) 5.822ms
[22.838s][info][gc,cpu      ] GC(57) User=0.01s Sys=0.00s Real=0.01s
[23.393s][info][gc,start    ] GC(58) Pause Young (Concurrent Start) (G1 Evacuation Pause)
[23.393s][info][gc,task     ] GC(58) Using 2 workers of 2 for evacuation
[23.398s][info][gc,phases   ] GC(58)   Pre Evacuate Collection Set: 0.27ms
[23.398s][info][gc,phases   ] GC(58)   Merge Heap Roots: 0.10ms
[23.398s][info][gc,phases   ] GC(58)   Evacuate Collection Set: 3.75ms
[23.398s][info][gc,phases   ] GC(58)   Post Evacuate Collection Set: 0.49ms
[23.398s][info][gc,phases   ] GC(58)   Other: 0.09ms
[23.398s][info][gc,heap     ] GC(58) Eden regions: 199->0(197)
[23.398s][info][gc,heap     ] GC(58) Survivor regions: 2->3(26)
[23.398s][info][gc,heap     ] GC(58) Old regions: 59->59
[23.398s][info][gc,heap     ] GC(58) Humongous regions: 207->207
[23.398s][info][gc,metaspace] GC(58) Metaspace: 55443K(55808K)->55443K(55808K) NonClass: 47205K(47488K)->47205K(47488K) Class: 8237K(8320K)->8237K(8320K)
[23.398s][info][gc          ] GC(58) Pause Young (Concurrent Start) (G1 Evacuation Pause) 465M->267M(495M) 4.872ms
[23.398s][info][gc          ] GC(59) Concurrent Mark Cycle
[23.398s][info][gc,marking  ] GC(59) Concurrent Scan Root Regions
[23.398s][info][gc,cpu      ] GC(58) User=0.01s Sys=0.01s Real=0.01s
[23.405s][info][gc,marking  ] GC(59) Concurrent Scan Root Regions 7.429ms
[23.405s][info][gc,marking  ] GC(59) Concurrent Mark
[23.405s][info][gc,marking  ] GC(59) Concurrent Mark From Roots
[23.405s][info][gc,task     ] GC(59) Using 1 workers of 1 for marking
[23.468s][info][gc,marking  ] GC(59) Concurrent Mark From Roots 62.690ms
[23.468s][info][gc,marking  ] GC(59) Concurrent Preclean
[23.468s][info][gc,marking  ] GC(59) Concurrent Preclean 0.078ms
[23.468s][info][gc,start    ] GC(59) Pause Remark
[23.476s][info][gc          ] GC(59) Pause Remark 300M->300M(495M) 7.364ms
[23.476s][info][gc,cpu      ] GC(59) User=0.01s Sys=0.00s Real=0.01s
[23.476s][info][gc,marking  ] GC(59) Concurrent Mark 70.916ms
[23.476s][info][gc,marking  ] GC(59) Concurrent Rebuild Remembered Sets and Scrub Regions
[23.501s][info][gc,marking  ] GC(59) Concurrent Rebuild Remembered Sets and Scrub Regions 25.292ms
[23.501s][info][gc,start    ] GC(59) Pause Cleanup
[23.502s][info][gc          ] GC(59) Pause Cleanup 313M->313M(495M) 0.056ms
[23.502s][info][gc,cpu      ] GC(59) User=0.00s Sys=0.00s Real=0.00s
[23.502s][info][gc,marking  ] GC(59) Concurrent Clear Claimed Marks
[23.502s][info][gc,marking  ] GC(59) Concurrent Clear Claimed Marks 0.082ms
[23.502s][info][gc,marking  ] GC(59) Concurrent Cleanup for Next Mark
[23.505s][info][gc,marking  ] GC(59) Concurrent Cleanup for Next Mark 3.449ms
[23.505s][info][gc          ] GC(59) Concurrent Mark Cycle 107.471ms
[23.897s][info][gc,start    ] GC(60) Pause Young (Prepare Mixed) (G1 Evacuation Pause)
[23.897s][info][gc,task     ] GC(60) Using 2 workers of 2 for evacuation
[23.902s][info][gc,phases   ] GC(60)   Pre Evacuate Collection Set: 0.23ms
[23.902s][info][gc,phases   ] GC(60)   Merge Heap Roots: 0.12ms
[23.902s][info][gc,phases   ] GC(60)   Evacuate Collection Set: 3.80ms
[23.902s][info][gc,phases   ] GC(60)   Post Evacuate Collection Set: 0.50ms
[23.902s][info][gc,phases   ] GC(60)   Other: 0.11ms
[23.902s][info][gc,heap     ] GC(60) Eden regions: 197->0(197)
[23.902s][info][gc,heap     ] GC(60) Survivor regions: 3->3(25)
[23.902s][info][gc,heap     ] GC(60) Old regions: 59->59
[23.902s][info][gc,heap     ] GC(60) Humongous regions: 207->207
[23.902s][info][gc,metaspace] GC(60) Metaspace: 55447K(55808K)->55447K(55808K) NonClass: 47209K(47488K)->47209K(47488K) Class: 8238K(8320K)->8238K(8320K)
[23.902s][info][gc          ] GC(60) Pause Young (Prepare Mixed) (G1 Evacuation Pause) 464M->267M(495M) 4.911ms
[23.902s][info][gc,cpu      ] GC(60) User=0.00s Sys=0.00s Real=0.00s
[24.404s][info][gc,start    ] GC(61) Pause Young (Mixed) (G1 Evacuation Pause)
[24.404s][info][gc,task     ] GC(61) Using 2 workers of 2 for evacuation
[24.411s][info][gc,phases   ] GC(61)   Pre Evacuate Collection Set: 0.29ms
[24.411s][info][gc,phases   ] GC(61)   Merge Heap Roots: 0.11ms
[24.411s][info][gc,phases   ] GC(61)   Evacuate Collection Set: 5.46ms
[24.411s][info][gc,phases   ] GC(61)   Post Evacuate Collection Set: 0.50ms
[24.411s][info][gc,phases   ] GC(61)   Other: 0.07ms
[24.411s][info][gc,heap     ] GC(61) Eden regions: 197->0(198)
[24.411s][info][gc,heap     ] GC(61) Survivor regions: 3->3(25)
[24.411s][info][gc,heap     ] GC(61) Old regions: 59->58
[24.411s][info][gc,heap     ] GC(61) Humongous regions: 207->207
[24.411s][info][gc,metaspace] GC(61) Metaspace: 55449K(55808K)->55449K(55808K) NonClass: 47211K(47488K)->47211K(47488K) Class: 8238K(8320K)->8238K(8320K)
[24.411s][info][gc          ] GC(61) Pause Young (Mixed) (G1 Evacuation Pause) 464M->267M(495M) 6.591ms
[24.411s][info][gc,cpu      ] GC(61) User=0.02s Sys=0.00s Real=0.00s
[25.002s][info][gc,start    ] GC(62) Pause Young (Concurrent Start) (G1 Evacuation Pause)
[25.002s][info][gc,task     ] GC(62) Using 2 workers of 2 for evacuation
[25.011s][info][gc,phases   ] GC(62)   Pre Evacuate Collection Set: 1.38ms
[25.011s][info][gc,phases   ] GC(62)   Merge Heap Roots: 0.11ms
[25.011s][info][gc,phases   ] GC(62)   Evacuate Collection Set: 7.31ms
[25.011s][info][gc,phases   ] GC(62)   Post Evacuate Collection Set: 0.75ms
[25.011s][info][gc,phases   ] GC(62)   Other: 0.14ms
[25.011s][info][gc,heap     ] GC(62) Eden regions: 198->0(200)
[25.011s][info][gc,heap     ] GC(62) Survivor regions: 3->2(26)
[25.011s][info][gc,heap     ] GC(62) Old regions: 58->58
[25.011s][info][gc,heap     ] GC(62) Humongous regions: 207->207
[25.012s][info][gc,metaspace] GC(62) Metaspace: 55449K(55808K)->55449K(55808K) NonClass: 47211K(47488K)->47211K(47488K) Class: 8238K(8320K)->8238K(8320K)
[25.012s][info][gc          ] GC(62) Pause Young (Concurrent Start) (G1 Evacuation Pause) 465M->266M(495M) 9.881ms
[25.012s][info][gc,cpu      ] GC(62) User=0.02s Sys=0.00s Real=0.01s
[25.012s][info][gc          ] GC(63) Concurrent Mark Cycle
[25.012s][info][gc,marking  ] GC(63) Concurrent Scan Root Regions
[25.020s][info][gc,marking  ] GC(63) Concurrent Scan Root Regions 8.100ms
[25.020s][info][gc,marking  ] GC(63) Concurrent Mark
[25.020s][info][gc,marking  ] GC(63) Concurrent Mark From Roots
[25.020s][info][gc,task     ] GC(63) Using 1 workers of 1 for marking
[25.105s][info][gc,marking  ] GC(63) Concurrent Mark From Roots 85.695ms
[25.105s][info][gc,marking  ] GC(63) Concurrent Preclean
[25.106s][info][gc,marking  ] GC(63) Concurrent Preclean 0.076ms
[25.106s][info][gc,start    ] GC(63) Pause Remark
[25.113s][info][gc          ] GC(63) Pause Remark 311M->311M(495M) 7.451ms
[25.113s][info][gc,cpu      ] GC(63) User=0.01s Sys=0.00s Real=0.00s
[25.114s][info][gc,marking  ] GC(63) Concurrent Mark 94.168ms
[25.114s][info][gc,marking  ] GC(63) Concurrent Rebuild Remembered Sets and Scrub Regions
[25.134s][info][gc,marking  ] GC(63) Concurrent Rebuild Remembered Sets and Scrub Regions 19.767ms
[25.134s][info][gc,start    ] GC(63) Pause Cleanup
[25.134s][info][gc          ] GC(63) Pause Cleanup 323M->323M(495M) 0.058ms
[25.134s][info][gc,cpu      ] GC(63) User=0.00s Sys=0.00s Real=0.00s
[25.134s][info][gc,marking  ] GC(63) Concurrent Clear Claimed Marks
[25.134s][info][gc,marking  ] GC(63) Concurrent Clear Claimed Marks 0.086ms
[25.134s][info][gc,marking  ] GC(63) Concurrent Cleanup for Next Mark
[25.136s][info][gc,marking  ] GC(63) Concurrent Cleanup for Next Mark 1.603ms
[25.136s][info][gc          ] GC(63) Concurrent Mark Cycle 124.198ms
[25.491s][info][gc,start    ] GC(64) Pause Young (Prepare Mixed) (G1 Evacuation Pause)
[25.491s][info][gc,task     ] GC(64) Using 2 workers of 2 for evacuation
[25.495s][info][gc,phases   ] GC(64)   Pre Evacuate Collection Set: 0.24ms
[25.495s][info][gc,phases   ] GC(64)   Merge Heap Roots: 0.10ms
[25.495s][info][gc,phases   ] GC(64)   Evacuate Collection Set: 3.05ms
[25.495s][info][gc,phases   ] GC(64)   Post Evacuate Collection Set: 0.50ms
[25.495s][info][gc,phases   ] GC(64)   Other: 0.07ms
[25.495s][info][gc,heap     ] GC(64) Eden regions: 200->0(200)
[25.495s][info][gc,heap     ] GC(64) Survivor regions: 2->2(26)
[25.495s][info][gc,heap     ] GC(64) Old regions: 58->58
[25.495s][info][gc,heap     ] GC(64) Humongous regions: 207->207
[25.495s][info][gc,metaspace] GC(64) Metaspace: 55449K(55808K)->55449K(55808K) NonClass: 47211K(47488K)->47211K(47488K) Class: 8238K(8320K)->8238K(8320K)
[25.495s][info][gc          ] GC(64) Pause Young (Prepare Mixed) (G1 Evacuation Pause) 466M->266M(495M) 4.162ms
[25.495s][info][gc,cpu      ] GC(64) User=0.01s Sys=0.00s Real=0.01s
[26.007s][info][gc,start    ] GC(65) Pause Young (Mixed) (G1 Evacuation Pause)
[26.007s][info][gc,task     ] GC(65) Using 2 workers of 2 for evacuation
[26.012s][info][gc,phases   ] GC(65)   Pre Evacuate Collection Set: 0.23ms
[26.012s][info][gc,phases   ] GC(65)   Merge Heap Roots: 0.09ms
[26.012s][info][gc,phases   ] GC(65)   Evacuate Collection Set: 4.28ms
[26.012s][info][gc,phases   ] GC(65)   Post Evacuate Collection Set: 0.51ms
[26.012s][info][gc,phases   ] GC(65)   Other: 0.07ms
[26.012s][info][gc,heap     ] GC(65) Eden regions: 200->0(200)
[26.012s][info][gc,heap     ] GC(65) Survivor regions: 2->2(26)
[26.012s][info][gc,heap     ] GC(65) Old regions: 58->58
[26.012s][info][gc,heap     ] GC(65) Humongous regions: 207->207
[26.012s][info][gc,metaspace] GC(65) Metaspace: 55449K(55808K)->55449K(55808K) NonClass: 47211K(47488K)->47211K(47488K) Class: 8238K(8320K)->8238K(8320K)
[26.012s][info][gc          ] GC(65) Pause Young (Mixed) (G1 Evacuation Pause) 466M->266M(495M) 5.352ms
[26.012s][info][gc,cpu      ] GC(65) User=0.01s Sys=0.00s Real=0.00s
[26.520s][info][gc,start    ] GC(66) Pause Young (Concurrent Start) (G1 Evacuation Pause)
[26.520s][info][gc,task     ] GC(66) Using 2 workers of 2 for evacuation
[26.526s][info][gc,phases   ] GC(66)   Pre Evacuate Collection Set: 0.28ms
[26.526s][info][gc,phases   ] GC(66)   Merge Heap Roots: 0.10ms
[26.526s][info][gc,phases   ] GC(66)   Evacuate Collection Set: 5.18ms
[26.526s][info][gc,phases   ] GC(66)   Post Evacuate Collection Set: 0.48ms
[26.526s][info][gc,phases   ] GC(66)   Other: 0.09ms
[26.526s][info][gc,heap     ] GC(66) Eden regions: 200->0(196)
[26.526s][info][gc,heap     ] GC(66) Survivor regions: 2->4(26)
[26.526s][info][gc,heap     ] GC(66) Old regions: 58->58
[26.526s][info][gc,heap     ] GC(66) Humongous regions: 207->207
[26.526s][info][gc,metaspace] GC(66) Metaspace: 55449K(55808K)->55449K(55808K) NonClass: 47211K(47488K)->47211K(47488K) Class: 8238K(8320K)->8238K(8320K)
[26.526s][info][gc          ] GC(66) Pause Young (Concurrent Start) (G1 Evacuation Pause) 466M->267M(495M) 6.309ms
[26.527s][info][gc          ] GC(67) Concurrent Mark Cycle
[26.527s][info][gc,marking  ] GC(67) Concurrent Scan Root Regions
[26.529s][info][gc,cpu      ] GC(66) User=0.01s Sys=0.00s Real=0.01s
[26.532s][info][gc,marking  ] GC(67) Concurrent Scan Root Regions 5.263ms
[26.532s][info][gc,marking  ] GC(67) Concurrent Mark
[26.532s][info][gc,marking  ] GC(67) Concurrent Mark From Roots
[26.532s][info][gc,task     ] GC(67) Using 1 workers of 1 for marking
[26.577s][info][gc,marking  ] GC(67) Concurrent Mark From Roots 45.037ms
[26.577s][info][gc,marking  ] GC(67) Concurrent Preclean
[26.577s][info][gc,marking  ] GC(67) Concurrent Preclean 0.076ms
[26.577s][info][gc,start    ] GC(67) Pause Remark
[26.584s][info][gc          ] GC(67) Pause Remark 278M->278M(495M) 7.204ms
[26.584s][info][gc,cpu      ] GC(67) User=0.01s Sys=0.00s Real=0.01s
[26.585s][info][gc,marking  ] GC(67) Concurrent Mark 53.169ms
[26.585s][info][gc,marking  ] GC(67) Concurrent Rebuild Remembered Sets and Scrub Regions
[26.606s][info][gc,marking  ] GC(67) Concurrent Rebuild Remembered Sets and Scrub Regions 21.305ms
[26.606s][info][gc,start    ] GC(67) Pause Cleanup
[26.607s][info][gc          ] GC(67) Pause Cleanup 288M->288M(495M) 0.059ms
[26.607s][info][gc,cpu      ] GC(67) User=0.00s Sys=0.00s Real=0.00s
[26.607s][info][gc,marking  ] GC(67) Concurrent Clear Claimed Marks
[26.607s][info][gc,marking  ] GC(67) Concurrent Clear Claimed Marks 0.084ms
[26.607s][info][gc,marking  ] GC(67) Concurrent Cleanup for Next Mark
[26.608s][info][gc,marking  ] GC(67) Concurrent Cleanup for Next Mark 1.547ms
[26.608s][info][gc          ] GC(67) Concurrent Mark Cycle 81.776ms
[27.038s][info][gc,start    ] GC(68) Pause Young (Prepare Mixed) (G1 Evacuation Pause)
[27.038s][info][gc,task     ] GC(68) Using 2 workers of 2 for evacuation
[27.044s][info][gc,phases   ] GC(68)   Pre Evacuate Collection Set: 0.26ms
[27.044s][info][gc,phases   ] GC(68)   Merge Heap Roots: 0.11ms
[27.044s][info][gc,phases   ] GC(68)   Evacuate Collection Set: 4.49ms
[27.044s][info][gc,phases   ] GC(68)   Post Evacuate Collection Set: 0.55ms
[27.044s][info][gc,phases   ] GC(68)   Other: 0.11ms
[27.044s][info][gc,heap     ] GC(68) Eden regions: 196->0(200)
[27.044s][info][gc,heap     ] GC(68) Survivor regions: 4->2(25)
[27.044s][info][gc,heap     ] GC(68) Old regions: 58->58
[27.044s][info][gc,heap     ] GC(68) Humongous regions: 207->207
[27.044s][info][gc,metaspace] GC(68) Metaspace: 55449K(55808K)->55449K(55808K) NonClass: 47211K(47488K)->47211K(47488K) Class: 8238K(8320K)->8238K(8320K)
[27.044s][info][gc          ] GC(68) Pause Young (Prepare Mixed) (G1 Evacuation Pause) 463M->266M(495M) 5.700ms
[27.044s][info][gc,cpu      ] GC(68) User=0.01s Sys=0.00s Real=0.01s
[27.591s][info][gc,start    ] GC(69) Pause Young (Mixed) (G1 Evacuation Pause)
[27.592s][info][gc,task     ] GC(69) Using 2 workers of 2 for evacuation
[27.596s][info][gc,phases   ] GC(69)   Pre Evacuate Collection Set: 0.23ms
[27.596s][info][gc,phases   ] GC(69)   Merge Heap Roots: 0.11ms
[27.596s][info][gc,phases   ] GC(69)   Evacuate Collection Set: 3.82ms
[27.596s][info][gc,phases   ] GC(69)   Post Evacuate Collection Set: 0.49ms
[27.596s][info][gc,phases   ] GC(69)   Other: 0.08ms
[27.596s][info][gc,heap     ] GC(69) Eden regions: 200->0(200)
[27.596s][info][gc,heap     ] GC(69) Survivor regions: 2->2(26)
[27.596s][info][gc,heap     ] GC(69) Old regions: 58->58
[27.596s][info][gc,heap     ] GC(69) Humongous regions: 207->207
[27.596s][info][gc,metaspace] GC(69) Metaspace: 55449K(55808K)->55449K(55808K) NonClass: 47211K(47488K)->47211K(47488K) Class: 8238K(8320K)->8238K(8320K)
[27.596s][info][gc          ] GC(69) Pause Young (Mixed) (G1 Evacuation Pause) 466M->265M(495M) 4.902ms
[27.596s][info][gc,cpu      ] GC(69) User=0.01s Sys=0.00s Real=0.01s
[28.106s][info][gc,start    ] GC(70) Pause Young (Concurrent Start) (G1 Evacuation Pause)
[28.106s][info][gc,task     ] GC(70) Using 2 workers of 2 for evacuation
[28.112s][info][gc,phases   ] GC(70)   Pre Evacuate Collection Set: 0.27ms
[28.112s][info][gc,phases   ] GC(70)   Merge Heap Roots: 0.10ms
[28.112s][info][gc,phases   ] GC(70)   Evacuate Collection Set: 5.11ms
[28.112s][info][gc,phases   ] GC(70)   Post Evacuate Collection Set: 0.49ms
[28.112s][info][gc,phases   ] GC(70)   Other: 0.09ms
[28.112s][info][gc,heap     ] GC(70) Eden regions: 200->0(196)
[28.112s][info][gc,heap     ] GC(70) Survivor regions: 2->4(26)
[28.112s][info][gc,heap     ] GC(70) Old regions: 58->58
[28.112s][info][gc,heap     ] GC(70) Humongous regions: 207->207
[28.112s][info][gc,metaspace] GC(70) Metaspace: 55449K(55808K)->55449K(55808K) NonClass: 47211K(47488K)->47211K(47488K) Class: 8238K(8320K)->8238K(8320K)
[28.112s][info][gc          ] GC(70) Pause Young (Concurrent Start) (G1 Evacuation Pause) 465M->267M(495M) 6.240ms
[28.112s][info][gc,cpu      ] GC(70) User=0.02s Sys=0.00s Real=0.00s
[28.113s][info][gc          ] GC(71) Concurrent Mark Cycle
[28.113s][info][gc,marking  ] GC(71) Concurrent Scan Root Regions
[28.126s][info][gc,marking  ] GC(71) Concurrent Scan Root Regions 13.365ms
[28.126s][info][gc,marking  ] GC(71) Concurrent Mark
[28.126s][info][gc,marking  ] GC(71) Concurrent Mark From Roots
[28.126s][info][gc,task     ] GC(71) Using 1 workers of 1 for marking
[28.172s][info][gc,marking  ] GC(71) Concurrent Mark From Roots 45.262ms
[28.172s][info][gc,marking  ] GC(71) Concurrent Preclean
[28.172s][info][gc,marking  ] GC(71) Concurrent Preclean 0.070ms
[28.172s][info][gc,start    ] GC(71) Pause Remark
[28.179s][info][gc          ] GC(71) Pause Remark 287M->287M(495M) 7.436ms
[28.179s][info][gc,cpu      ] GC(71) User=0.01s Sys=0.00s Real=0.01s
[28.180s][info][gc,marking  ] GC(71) Concurrent Mark 53.937ms
[28.180s][info][gc,marking  ] GC(71) Concurrent Rebuild Remembered Sets and Scrub Regions
[28.196s][info][gc,marking  ] GC(71) Concurrent Rebuild Remembered Sets and Scrub Regions 15.517ms
[28.196s][info][gc,start    ] GC(71) Pause Cleanup
[28.196s][info][gc          ] GC(71) Pause Cleanup 294M->294M(495M) 0.065ms
[28.196s][info][gc,cpu      ] GC(71) User=0.00s Sys=0.00s Real=0.00s
[28.197s][info][gc,marking  ] GC(71) Concurrent Clear Claimed Marks
[28.197s][info][gc,marking  ] GC(71) Concurrent Clear Claimed Marks 0.090ms
[28.197s][info][gc,marking  ] GC(71) Concurrent Cleanup for Next Mark
[28.198s][info][gc,marking  ] GC(71) Concurrent Cleanup for Next Mark 1.430ms
[28.198s][info][gc          ] GC(71) Concurrent Mark Cycle 85.461ms
[28.677s][info][gc,start    ] GC(72) Pause Young (Prepare Mixed) (G1 Evacuation Pause)
[28.677s][info][gc,task     ] GC(72) Using 2 workers of 2 for evacuation
[28.681s][info][gc,phases   ] GC(72)   Pre Evacuate Collection Set: 0.24ms
[28.681s][info][gc,phases   ] GC(72)   Merge Heap Roots: 0.13ms
[28.681s][info][gc,phases   ] GC(72)   Evacuate Collection Set: 3.24ms
[28.681s][info][gc,phases   ] GC(72)   Post Evacuate Collection Set: 0.50ms
[28.681s][info][gc,phases   ] GC(72)   Other: 0.07ms
[28.681s][info][gc,heap     ] GC(72) Eden regions: 196->0(198)
[28.681s][info][gc,heap     ] GC(72) Survivor regions: 4->3(25)
[28.681s][info][gc,heap     ] GC(72) Old regions: 58->58
[28.681s][info][gc,heap     ] GC(72) Humongous regions: 207->207
[28.681s][info][gc,metaspace] GC(72) Metaspace: 55449K(55808K)->55449K(55808K) NonClass: 47211K(47488K)->47211K(47488K) Class: 8238K(8320K)->8238K(8320K)
[28.681s][info][gc          ] GC(72) Pause Young (Prepare Mixed) (G1 Evacuation Pause) 463M->266M(495M) 4.365ms
[28.681s][info][gc,cpu      ] GC(72) User=0.01s Sys=0.00s Real=0.00s
[29.132s][info][gc,start    ] GC(73) Pause Young (Mixed) (G1 Evacuation Pause)
[29.132s][info][gc,task     ] GC(73) Using 2 workers of 2 for evacuation
[29.137s][info][gc,phases   ] GC(73)   Pre Evacuate Collection Set: 0.26ms
[29.137s][info][gc,phases   ] GC(73)   Merge Heap Roots: 0.10ms
[29.137s][info][gc,phases   ] GC(73)   Evacuate Collection Set: 4.34ms
[29.137s][info][gc,phases   ] GC(73)   Post Evacuate Collection Set: 0.53ms
[29.137s][info][gc,phases   ] GC(73)   Other: 0.10ms
[29.137s][info][gc,heap     ] GC(73) Eden regions: 198->0(201)
[29.137s][info][gc,heap     ] GC(73) Survivor regions: 3->2(26)
[29.137s][info][gc,heap     ] GC(73) Old regions: 58->57
[29.137s][info][gc,heap     ] GC(73) Humongous regions: 207->207
[29.137s][info][gc,metaspace] GC(73) Metaspace: 55449K(55808K)->55449K(55808K) NonClass: 47211K(47488K)->47211K(47488K) Class: 8238K(8320K)->8238K(8320K)
[29.137s][info][gc          ] GC(73) Pause Young (Mixed) (G1 Evacuation Pause) 464M->265M(495M) 5.495ms
[29.137s][info][gc,cpu      ] GC(73) User=0.01s Sys=0.00s Real=0.01s
[29.755s][info][gc,start    ] GC(74) Pause Young (Concurrent Start) (G1 Evacuation Pause)
[29.755s][info][gc,task     ] GC(74) Using 2 workers of 2 for evacuation
[29.764s][info][gc,phases   ] GC(74)   Pre Evacuate Collection Set: 0.27ms
[29.764s][info][gc,phases   ] GC(74)   Merge Heap Roots: 0.11ms
[29.764s][info][gc,phases   ] GC(74)   Evacuate Collection Set: 7.68ms
[29.764s][info][gc,phases   ] GC(74)   Post Evacuate Collection Set: 0.49ms
[29.764s][info][gc,phases   ] GC(74)   Other: 0.12ms
[29.764s][info][gc,heap     ] GC(74) Eden regions: 201->0(195)
[29.764s][info][gc,heap     ] GC(74) Survivor regions: 2->5(26)
[29.764s][info][gc,heap     ] GC(74) Old regions: 57->57
[29.764s][info][gc,heap     ] GC(74) Humongous regions: 207->207
[29.764s][info][gc,metaspace] GC(74) Metaspace: 55450K(55808K)->55450K(55808K) NonClass: 47212K(47488K)->47212K(47488K) Class: 8238K(8320K)->8238K(8320K)
[29.764s][info][gc          ] GC(74) Pause Young (Concurrent Start) (G1 Evacuation Pause) 466M->268M(495M) 8.830ms
[29.764s][info][gc,cpu      ] GC(74) User=0.02s Sys=0.00s Real=0.01s
[29.764s][info][gc          ] GC(75) Concurrent Mark Cycle
[29.764s][info][gc,marking  ] GC(75) Concurrent Scan Root Regions
[29.770s][info][gc,marking  ] GC(75) Concurrent Scan Root Regions 6.102ms
[29.770s][info][gc,marking  ] GC(75) Concurrent Mark
[29.771s][info][gc,marking  ] GC(75) Concurrent Mark From Roots
[29.771s][info][gc,task     ] GC(75) Using 1 workers of 1 for marking
[29.840s][info][gc,marking  ] GC(75) Concurrent Mark From Roots 69.900ms
[29.840s][info][gc,marking  ] GC(75) Concurrent Preclean
[29.841s][info][gc,marking  ] GC(75) Concurrent Preclean 0.079ms
[29.841s][info][gc,start    ] GC(75) Pause Remark
[29.849s][info][gc          ] GC(75) Pause Remark 299M->299M(495M) 8.152ms
[29.849s][info][gc,cpu      ] GC(75) User=0.01s Sys=0.00s Real=0.01s
[29.850s][info][gc,marking  ] GC(75) Concurrent Mark 79.565ms
[29.850s][info][gc,marking  ] GC(75) Concurrent Rebuild Remembered Sets and Scrub Regions
[29.888s][info][gc,marking  ] GC(75) Concurrent Rebuild Remembered Sets and Scrub Regions 38.380ms
[29.889s][info][gc,start    ] GC(75) Pause Cleanup
[29.889s][info][gc          ] GC(75) Pause Cleanup 316M->316M(495M) 0.063ms
[29.889s][info][gc,cpu      ] GC(75) User=0.00s Sys=0.00s Real=0.00s
[29.890s][info][gc,marking  ] GC(75) Concurrent Clear Claimed Marks
[29.890s][info][gc,marking  ] GC(75) Concurrent Clear Claimed Marks 0.100ms
[29.890s][info][gc,marking  ] GC(75) Concurrent Cleanup for Next Mark
[29.893s][info][gc,marking  ] GC(75) Concurrent Cleanup for Next Mark 2.902ms
[29.893s][info][gc          ] GC(75) Concurrent Mark Cycle 128.266ms
[30.206s][info][gc,start    ] GC(76) Pause Young (Prepare Mixed) (G1 Evacuation Pause)
[30.206s][info][gc,task     ] GC(76) Using 2 workers of 2 for evacuation
[30.211s][info][gc,phases   ] GC(76)   Pre Evacuate Collection Set: 0.24ms
[30.211s][info][gc,phases   ] GC(76)   Merge Heap Roots: 0.14ms
[30.211s][info][gc,phases   ] GC(76)   Evacuate Collection Set: 3.94ms
[30.211s][info][gc,phases   ] GC(76)   Post Evacuate Collection Set: 0.48ms
[30.211s][info][gc,phases   ] GC(76)   Other: 0.09ms
[30.211s][info][gc,heap     ] GC(76) Eden regions: 195->0(199)
[30.211s][info][gc,heap     ] GC(76) Survivor regions: 5->3(25)
[30.211s][info][gc,heap     ] GC(76) Old regions: 57->57
[30.211s][info][gc,heap     ] GC(76) Humongous regions: 207->207
[30.211s][info][gc,metaspace] GC(76) Metaspace: 55450K(55808K)->55450K(55808K) NonClass: 47212K(47488K)->47212K(47488K) Class: 8238K(8320K)->8238K(8320K)
[30.211s][info][gc          ] GC(76) Pause Young (Prepare Mixed) (G1 Evacuation Pause) 463M->266M(495M) 5.066ms
[30.211s][info][gc,cpu      ] GC(76) User=0.01s Sys=0.00s Real=0.00s
[30.733s][info][gc,start    ] GC(77) Pause Young (Mixed) (G1 Evacuation Pause)
[30.733s][info][gc,task     ] GC(77) Using 2 workers of 2 for evacuation
[30.740s][info][gc,phases   ] GC(77)   Pre Evacuate Collection Set: 0.25ms
[30.740s][info][gc,phases   ] GC(77)   Merge Heap Roots: 0.09ms
[30.740s][info][gc,phases   ] GC(77)   Evacuate Collection Set: 6.66ms
[30.740s][info][gc,phases   ] GC(77)   Post Evacuate Collection Set: 0.54ms
[30.740s][info][gc,phases   ] GC(77)   Other: 0.10ms
[30.740s][info][gc,heap     ] GC(77) Eden regions: 199->0(199)
[30.740s][info][gc,heap     ] GC(77) Survivor regions: 3->3(26)
[30.740s][info][gc,heap     ] GC(77) Old regions: 57->57
[30.740s][info][gc,heap     ] GC(77) Humongous regions: 207->207
[30.741s][info][gc,metaspace] GC(77) Metaspace: 55450K(55808K)->55450K(55808K) NonClass: 47212K(47488K)->47212K(47488K) Class: 8238K(8320K)->8238K(8320K)
[30.741s][info][gc          ] GC(77) Pause Young (Mixed) (G1 Evacuation Pause) 465M->266M(495M) 7.900ms
[30.741s][info][gc,cpu      ] GC(77) User=0.01s Sys=0.00s Real=0.01s
[31.341s][info][gc,start    ] GC(78) Pause Young (Concurrent Start) (G1 Evacuation Pause)
[31.341s][info][gc,task     ] GC(78) Using 2 workers of 2 for evacuation
[31.345s][info][gc,phases   ] GC(78)   Pre Evacuate Collection Set: 0.29ms
[31.345s][info][gc,phases   ] GC(78)   Merge Heap Roots: 0.10ms
[31.345s][info][gc,phases   ] GC(78)   Evacuate Collection Set: 2.73ms
[31.345s][info][gc,phases   ] GC(78)   Post Evacuate Collection Set: 0.50ms
[31.345s][info][gc,phases   ] GC(78)   Other: 0.09ms
[31.345s][info][gc,heap     ] GC(78) Eden regions: 199->0(203)
[31.345s][info][gc,heap     ] GC(78) Survivor regions: 3->1(26)
[31.345s][info][gc,heap     ] GC(78) Old regions: 57->57
[31.345s][info][gc,heap     ] GC(78) Humongous regions: 207->207
[31.345s][info][gc,metaspace] GC(78) Metaspace: 55450K(55808K)->55450K(55808K) NonClass: 47212K(47488K)->47212K(47488K) Class: 8238K(8320K)->8238K(8320K)
[31.345s][info][gc          ] GC(78) Pause Young (Concurrent Start) (G1 Evacuation Pause) 465M->264M(495M) 3.870ms
[31.345s][info][gc,cpu      ] GC(78) User=0.00s Sys=0.00s Real=0.01s
[31.345s][info][gc          ] GC(79) Concurrent Mark Cycle
[31.345s][info][gc,marking  ] GC(79) Concurrent Scan Root Regions
[31.347s][info][gc,marking  ] GC(79) Concurrent Scan Root Regions 2.064ms
[31.347s][info][gc,marking  ] GC(79) Concurrent Mark
[31.347s][info][gc,marking  ] GC(79) Concurrent Mark From Roots
[31.347s][info][gc,task     ] GC(79) Using 1 workers of 1 for marking
[31.411s][info][gc,marking  ] GC(79) Concurrent Mark From Roots 63.765ms
[31.411s][info][gc,marking  ] GC(79) Concurrent Preclean
[31.411s][info][gc,marking  ] GC(79) Concurrent Preclean 0.073ms
[31.411s][info][gc,start    ] GC(79) Pause Remark
[31.419s][info][gc          ] GC(79) Pause Remark 303M->303M(495M) 7.546ms
[31.419s][info][gc,cpu      ] GC(79) User=0.01s Sys=0.00s Real=0.01s
[31.421s][info][gc,marking  ] GC(79) Concurrent Mark 73.567ms
[31.421s][info][gc,marking  ] GC(79) Concurrent Rebuild Remembered Sets and Scrub Regions
[31.459s][info][gc,marking  ] GC(79) Concurrent Rebuild Remembered Sets and Scrub Regions 38.149ms
[31.459s][info][gc,start    ] GC(79) Pause Cleanup
[31.459s][info][gc          ] GC(79) Pause Cleanup 324M->324M(495M) 0.058ms
[31.459s][info][gc,cpu      ] GC(79) User=0.00s Sys=0.00s Real=0.00s
[31.459s][info][gc,marking  ] GC(79) Concurrent Clear Claimed Marks
[31.459s][info][gc,marking  ] GC(79) Concurrent Clear Claimed Marks 0.084ms
[31.459s][info][gc,marking  ] GC(79) Concurrent Cleanup for Next Mark
[31.461s][info][gc,marking  ] GC(79) Concurrent Cleanup for Next Mark 1.470ms
[31.461s][info][gc          ] GC(79) Concurrent Mark Cycle 115.621ms
[31.805s][info][gc,start    ] GC(80) Pause Young (Prepare Mixed) (G1 Evacuation Pause)
[31.805s][info][gc,task     ] GC(80) Using 2 workers of 2 for evacuation
[31.810s][info][gc,phases   ] GC(80)   Pre Evacuate Collection Set: 0.24ms
[31.810s][info][gc,phases   ] GC(80)   Merge Heap Roots: 0.10ms
[31.810s][info][gc,phases   ] GC(80)   Evacuate Collection Set: 3.90ms
[31.810s][info][gc,phases   ] GC(80)   Post Evacuate Collection Set: 0.51ms
[31.810s][info][gc,phases   ] GC(80)   Other: 0.08ms
[31.810s][info][gc,heap     ] GC(80) Eden regions: 203->0(199)
[31.810s][info][gc,heap     ] GC(80) Survivor regions: 1->3(26)
[31.810s][info][gc,heap     ] GC(80) Old regions: 57->57
[31.810s][info][gc,heap     ] GC(80) Humongous regions: 207->207
[31.810s][info][gc,metaspace] GC(80) Metaspace: 55450K(55808K)->55450K(55808K) NonClass: 47212K(47488K)->47212K(47488K) Class: 8238K(8320K)->8238K(8320K)
[31.810s][info][gc          ] GC(80) Pause Young (Prepare Mixed) (G1 Evacuation Pause) 467M->266M(495M) 4.997ms
[31.810s][info][gc,cpu      ] GC(80) User=0.01s Sys=0.00s Real=0.00s
[32.320s][info][gc,start    ] GC(81) Pause Young (Mixed) (G1 Evacuation Pause)
[32.320s][info][gc,task     ] GC(81) Using 2 workers of 2 for evacuation
[32.327s][info][gc,phases   ] GC(81)   Pre Evacuate Collection Set: 0.25ms
[32.327s][info][gc,phases   ] GC(81)   Merge Heap Roots: 0.09ms
[32.327s][info][gc,phases   ] GC(81)   Evacuate Collection Set: 5.92ms
[32.327s][info][gc,phases   ] GC(81)   Post Evacuate Collection Set: 0.52ms
[32.327s][info][gc,phases   ] GC(81)   Other: 0.07ms
[32.327s][info][gc,heap     ] GC(81) Eden regions: 199->0(199)
[32.327s][info][gc,heap     ] GC(81) Survivor regions: 3->3(26)
[32.327s][info][gc,heap     ] GC(81) Old regions: 57->57
[32.327s][info][gc,heap     ] GC(81) Humongous regions: 207->207
[32.327s][info][gc,metaspace] GC(81) Metaspace: 55450K(55808K)->55450K(55808K) NonClass: 47212K(47488K)->47212K(47488K) Class: 8238K(8320K)->8238K(8320K)
[32.327s][info][gc          ] GC(81) Pause Young (Mixed) (G1 Evacuation Pause) 465M->266M(495M) 7.013ms
[32.327s][info][gc,cpu      ] GC(81) User=0.02s Sys=0.00s Real=0.01s
[32.835s][info][gc,start    ] GC(82) Pause Young (Concurrent Start) (G1 Evacuation Pause)
[32.835s][info][gc,task     ] GC(82) Using 2 workers of 2 for evacuation
[32.839s][info][gc,phases   ] GC(82)   Pre Evacuate Collection Set: 0.26ms
[32.839s][info][gc,phases   ] GC(82)   Merge Heap Roots: 0.10ms
[32.839s][info][gc,phases   ] GC(82)   Evacuate Collection Set: 3.09ms
[32.839s][info][gc,phases   ] GC(82)   Post Evacuate Collection Set: 0.52ms
[32.839s][info][gc,phases   ] GC(82)   Other: 0.09ms
[32.839s][info][gc,heap     ] GC(82) Eden regions: 199->0(201)
[32.839s][info][gc,heap     ] GC(82) Survivor regions: 3->2(26)
[32.839s][info][gc,heap     ] GC(82) Old regions: 57->57
[32.839s][info][gc,heap     ] GC(82) Humongous regions: 207->207
[32.839s][info][gc,metaspace] GC(82) Metaspace: 55450K(55808K)->55450K(55808K) NonClass: 47212K(47488K)->47212K(47488K) Class: 8238K(8320K)->8238K(8320K)
[32.839s][info][gc          ] GC(82) Pause Young (Concurrent Start) (G1 Evacuation Pause) 465M->265M(495M) 4.254ms
[32.839s][info][gc,cpu      ] GC(82) User=0.01s Sys=0.00s Real=0.00s
[32.839s][info][gc          ] GC(83) Concurrent Mark Cycle
[32.840s][info][gc,marking  ] GC(83) Concurrent Scan Root Regions
[32.843s][info][gc,marking  ] GC(83) Concurrent Scan Root Regions 2.665ms
[32.843s][info][gc,marking  ] GC(83) Concurrent Mark
[32.843s][info][gc,marking  ] GC(83) Concurrent Mark From Roots
[32.843s][info][gc,task     ] GC(83) Using 1 workers of 1 for marking
[32.880s][info][gc,marking  ] GC(83) Concurrent Mark From Roots 37.453ms
[32.880s][info][gc,marking  ] GC(83) Concurrent Preclean
[32.880s][info][gc,marking  ] GC(83) Concurrent Preclean 0.070ms
[32.880s][info][gc,start    ] GC(83) Pause Remark
[32.888s][info][gc          ] GC(83) Pause Remark 268M->268M(495M) 7.475ms
[32.888s][info][gc,cpu      ] GC(83) User=0.02s Sys=0.00s Real=0.01s
[32.888s][info][gc,marking  ] GC(83) Concurrent Mark 45.859ms
[32.888s][info][gc,marking  ] GC(83) Concurrent Rebuild Remembered Sets and Scrub Regions
[32.922s][info][gc,marking  ] GC(83) Concurrent Rebuild Remembered Sets and Scrub Regions 33.528ms
[32.923s][info][gc,start    ] GC(83) Pause Cleanup
[32.923s][info][gc          ] GC(83) Pause Cleanup 290M->290M(495M) 0.082ms
[32.923s][info][gc,cpu      ] GC(83) User=0.00s Sys=0.00s Real=0.00s
[32.923s][info][gc,marking  ] GC(83) Concurrent Clear Claimed Marks
[32.923s][info][gc,marking  ] GC(83) Concurrent Clear Claimed Marks 0.092ms
[32.923s][info][gc,marking  ] GC(83) Concurrent Cleanup for Next Mark
[32.926s][info][gc,marking  ] GC(83) Concurrent Cleanup for Next Mark 2.473ms
[32.926s][info][gc          ] GC(83) Concurrent Mark Cycle 86.788ms
[33.395s][info][gc,start    ] GC(84) Pause Young (Prepare Mixed) (G1 Evacuation Pause)
[33.395s][info][gc,task     ] GC(84) Using 2 workers of 2 for evacuation
[33.399s][info][gc,phases   ] GC(84)   Pre Evacuate Collection Set: 0.24ms
[33.400s][info][gc,phases   ] GC(84)   Merge Heap Roots: 0.14ms
[33.400s][info][gc,phases   ] GC(84)   Evacuate Collection Set: 3.03ms
[33.400s][info][gc,phases   ] GC(84)   Post Evacuate Collection Set: 0.50ms
[33.400s][info][gc,phases   ] GC(84)   Other: 0.08ms
[33.400s][info][gc,heap     ] GC(84) Eden regions: 201->0(201)
[33.400s][info][gc,heap     ] GC(84) Survivor regions: 2->2(26)
[33.400s][info][gc,heap     ] GC(84) Old regions: 57->57
[33.400s][info][gc,heap     ] GC(84) Humongous regions: 207->207
[33.400s][info][gc,metaspace] GC(84) Metaspace: 55450K(55808K)->55450K(55808K) NonClass: 47212K(47488K)->47212K(47488K) Class: 8238K(8320K)->8238K(8320K)
[33.400s][info][gc          ] GC(84) Pause Young (Prepare Mixed) (G1 Evacuation Pause) 466M->264M(495M) 4.208ms
[33.400s][info][gc,cpu      ] GC(84) User=0.00s Sys=0.00s Real=0.00s
[33.913s][info][gc,start    ] GC(85) Pause Young (Mixed) (G1 Evacuation Pause)
[33.913s][info][gc,task     ] GC(85) Using 2 workers of 2 for evacuation
[33.918s][info][gc,phases   ] GC(85)   Pre Evacuate Collection Set: 0.25ms
[33.918s][info][gc,phases   ] GC(85)   Merge Heap Roots: 0.09ms
[33.918s][info][gc,phases   ] GC(85)   Evacuate Collection Set: 4.11ms
[33.918s][info][gc,phases   ] GC(85)   Post Evacuate Collection Set: 0.50ms
[33.918s][info][gc,phases   ] GC(85)   Other: 0.07ms
[33.918s][info][gc,heap     ] GC(85) Eden regions: 201->0(199)
[33.918s][info][gc,heap     ] GC(85) Survivor regions: 2->3(26)
[33.918s][info][gc,heap     ] GC(85) Old regions: 57->57
[33.918s][info][gc,heap     ] GC(85) Humongous regions: 207->207
[33.918s][info][gc,metaspace] GC(85) Metaspace: 55450K(55808K)->55450K(55808K) NonClass: 47212K(47488K)->47212K(47488K) Class: 8238K(8320K)->8238K(8320K)
[33.918s][info][gc          ] GC(85) Pause Young (Mixed) (G1 Evacuation Pause) 465M->266M(495M) 5.220ms
[33.918s][info][gc,cpu      ] GC(85) User=0.01s Sys=0.00s Real=0.01s
[34.618s][info][gc,start    ] GC(86) Pause Young (Concurrent Start) (G1 Evacuation Pause)
[34.618s][info][gc,task     ] GC(86) Using 2 workers of 2 for evacuation
[34.624s][info][gc,phases   ] GC(86)   Pre Evacuate Collection Set: 0.27ms
[34.624s][info][gc,phases   ] GC(86)   Merge Heap Roots: 0.09ms
[34.624s][info][gc,phases   ] GC(86)   Evacuate Collection Set: 4.92ms
[34.624s][info][gc,phases   ] GC(86)   Post Evacuate Collection Set: 0.48ms
[34.624s][info][gc,phases   ] GC(86)   Other: 0.09ms
[34.624s][info][gc,heap     ] GC(86) Eden regions: 199->0(199)
[34.624s][info][gc,heap     ] GC(86) Survivor regions: 3->3(26)
[34.624s][info][gc,heap     ] GC(86) Old regions: 57->57
[34.624s][info][gc,heap     ] GC(86) Humongous regions: 207->207
[34.624s][info][gc,metaspace] GC(86) Metaspace: 55455K(55808K)->55455K(55808K) NonClass: 47217K(47488K)->47217K(47488K) Class: 8238K(8320K)->8238K(8320K)
[34.624s][info][gc          ] GC(86) Pause Young (Concurrent Start) (G1 Evacuation Pause) 465M->266M(495M) 6.028ms
[34.624s][info][gc,cpu      ] GC(86) User=0.01s Sys=0.00s Real=0.01s
[34.624s][info][gc          ] GC(87) Concurrent Mark Cycle
[34.624s][info][gc,marking  ] GC(87) Concurrent Scan Root Regions
[34.634s][info][gc,marking  ] GC(87) Concurrent Scan Root Regions 9.741ms
[34.634s][info][gc,marking  ] GC(87) Concurrent Mark
[34.634s][info][gc,marking  ] GC(87) Concurrent Mark From Roots
[34.634s][info][gc,task     ] GC(87) Using 1 workers of 1 for marking
[34.682s][info][gc,marking  ] GC(87) Concurrent Mark From Roots 47.553ms
[34.682s][info][gc,marking  ] GC(87) Concurrent Preclean
[34.682s][info][gc,marking  ] GC(87) Concurrent Preclean 0.068ms
[34.682s][info][gc,start    ] GC(87) Pause Remark
[34.692s][info][gc          ] GC(87) Pause Remark 297M->297M(495M) 10.223ms
[34.692s][info][gc,cpu      ] GC(87) User=0.02s Sys=0.00s Real=0.01s
[34.693s][info][gc,marking  ] GC(87) Concurrent Mark 59.006ms
[34.693s][info][gc,marking  ] GC(87) Concurrent Rebuild Remembered Sets and Scrub Regions
[34.711s][info][gc,marking  ] GC(87) Concurrent Rebuild Remembered Sets and Scrub Regions 17.413ms
[34.711s][info][gc,start    ] GC(87) Pause Cleanup
[34.711s][info][gc          ] GC(87) Pause Cleanup 304M->304M(495M) 0.055ms
[34.711s][info][gc,cpu      ] GC(87) User=0.00s Sys=0.00s Real=0.00s
[34.711s][info][gc,marking  ] GC(87) Concurrent Clear Claimed Marks
[34.711s][info][gc,marking  ] GC(87) Concurrent Clear Claimed Marks 0.093ms
[34.711s][info][gc,marking  ] GC(87) Concurrent Cleanup for Next Mark
[34.712s][info][gc,marking  ] GC(87) Concurrent Cleanup for Next Mark 1.535ms
[34.713s][info][gc          ] GC(87) Concurrent Mark Cycle 88.263ms
[35.086s][info][gc,start    ] GC(88) Pause Young (Prepare Mixed) (G1 Evacuation Pause)
[35.086s][info][gc,task     ] GC(88) Using 2 workers of 2 for evacuation
[35.089s][info][gc,phases   ] GC(88)   Pre Evacuate Collection Set: 0.22ms
[35.089s][info][gc,phases   ] GC(88)   Merge Heap Roots: 0.10ms
[35.090s][info][gc,phases   ] GC(88)   Evacuate Collection Set: 2.60ms
[35.090s][info][gc,phases   ] GC(88)   Post Evacuate Collection Set: 0.50ms
[35.090s][info][gc,phases   ] GC(88)   Other: 0.07ms
[35.090s][info][gc,heap     ] GC(88) Eden regions: 199->0(203)
[35.090s][info][gc,heap     ] GC(88) Survivor regions: 3->1(26)
[35.090s][info][gc,heap     ] GC(88) Old regions: 57->57
[35.090s][info][gc,heap     ] GC(88) Humongous regions: 207->207
[35.090s][info][gc,metaspace] GC(88) Metaspace: 55455K(55808K)->55455K(55808K) NonClass: 47217K(47488K)->47217K(47488K) Class: 8238K(8320K)->8238K(8320K)
[35.090s][info][gc          ] GC(88) Pause Young (Prepare Mixed) (G1 Evacuation Pause) 465M->264M(495M) 3.657ms
[35.090s][info][gc,cpu      ] GC(88) User=0.01s Sys=0.00s Real=0.00s
[35.601s][info][gc,start    ] GC(89) Pause Young (Mixed) (G1 Evacuation Pause)
[35.601s][info][gc,task     ] GC(89) Using 2 workers of 2 for evacuation
[35.607s][info][gc,phases   ] GC(89)   Pre Evacuate Collection Set: 0.24ms
[35.607s][info][gc,phases   ] GC(89)   Merge Heap Roots: 0.08ms
[35.607s][info][gc,phases   ] GC(89)   Evacuate Collection Set: 4.38ms
[35.607s][info][gc,phases   ] GC(89)   Post Evacuate Collection Set: 0.50ms
[35.607s][info][gc,phases   ] GC(89)   Other: 0.09ms
[35.607s][info][gc,heap     ] GC(89) Eden regions: 203->0(199)
[35.607s][info][gc,heap     ] GC(89) Survivor regions: 1->3(26)
[35.607s][info][gc,heap     ] GC(89) Old regions: 57->57
[35.607s][info][gc,heap     ] GC(89) Humongous regions: 207->207
[35.607s][info][gc,metaspace] GC(89) Metaspace: 55455K(55808K)->55455K(55808K) NonClass: 47217K(47488K)->47217K(47488K) Class: 8238K(8320K)->8238K(8320K)
[35.607s][info][gc          ] GC(89) Pause Young (Mixed) (G1 Evacuation Pause) 467M->265M(495M) 5.493ms
[35.607s][info][gc,cpu      ] GC(89) User=0.01s Sys=0.00s Real=0.01s
[36.115s][info][gc,start    ] GC(90) Pause Young (Concurrent Start) (G1 Evacuation Pause)
[36.115s][info][gc,task     ] GC(90) Using 2 workers of 2 for evacuation
[36.122s][info][gc,phases   ] GC(90)   Pre Evacuate Collection Set: 0.28ms
[36.122s][info][gc,phases   ] GC(90)   Merge Heap Roots: 0.10ms
[36.122s][info][gc,phases   ] GC(90)   Evacuate Collection Set: 5.93ms
[36.122s][info][gc,phases   ] GC(90)   Post Evacuate Collection Set: 0.48ms
[36.122s][info][gc,phases   ] GC(90)   Other: 0.09ms
[36.122s][info][gc,heap     ] GC(90) Eden regions: 199->0(199)
[36.122s][info][gc,heap     ] GC(90) Survivor regions: 3->3(26)
[36.122s][info][gc,heap     ] GC(90) Old regions: 57->57
[36.122s][info][gc,heap     ] GC(90) Humongous regions: 207->207
[36.122s][info][gc,metaspace] GC(90) Metaspace: 55455K(55808K)->55455K(55808K) NonClass: 47217K(47488K)->47217K(47488K) Class: 8238K(8320K)->8238K(8320K)
[36.122s][info][gc          ] GC(90) Pause Young (Concurrent Start) (G1 Evacuation Pause) 464M->265M(495M) 7.038ms
[36.122s][info][gc,cpu      ] GC(90) User=0.01s Sys=0.00s Real=0.00s
[36.123s][info][gc          ] GC(91) Concurrent Mark Cycle
[36.123s][info][gc,marking  ] GC(91) Concurrent Scan Root Regions
[36.129s][info][gc,marking  ] GC(91) Concurrent Scan Root Regions 6.618ms
[36.129s][info][gc,marking  ] GC(91) Concurrent Mark
[36.129s][info][gc,marking  ] GC(91) Concurrent Mark From Roots
[36.129s][info][gc,task     ] GC(91) Using 1 workers of 1 for marking
[36.173s][info][gc,marking  ] GC(91) Concurrent Mark From Roots 43.352ms
[36.173s][info][gc,marking  ] GC(91) Concurrent Preclean
[36.173s][info][gc,marking  ] GC(91) Concurrent Preclean 0.091ms
[36.173s][info][gc,start    ] GC(91) Pause Remark
[36.180s][info][gc          ] GC(91) Pause Remark 275M->275M(495M) 7.138ms
[36.180s][info][gc,cpu      ] GC(91) User=0.01s Sys=0.00s Real=0.01s
[36.181s][info][gc,marking  ] GC(91) Concurrent Mark 51.244ms
[36.181s][info][gc,marking  ] GC(91) Concurrent Rebuild Remembered Sets and Scrub Regions
[36.215s][info][gc,marking  ] GC(91) Concurrent Rebuild Remembered Sets and Scrub Regions 33.784ms
[36.215s][info][gc,start    ] GC(91) Pause Cleanup
[36.215s][info][gc          ] GC(91) Pause Cleanup 293M->293M(495M) 0.064ms
[36.215s][info][gc,cpu      ] GC(91) User=0.00s Sys=0.00s Real=0.00s
[36.215s][info][gc,marking  ] GC(91) Concurrent Clear Claimed Marks
[36.215s][info][gc,marking  ] GC(91) Concurrent Clear Claimed Marks 0.126ms
[36.216s][info][gc,marking  ] GC(91) Concurrent Cleanup for Next Mark
[36.218s][info][gc,marking  ] GC(91) Concurrent Cleanup for Next Mark 2.414ms
[36.218s][info][gc          ] GC(91) Concurrent Mark Cycle 95.179ms
[36.684s][info][gc,start    ] GC(92) Pause Young (Prepare Mixed) (G1 Evacuation Pause)
[36.684s][info][gc,task     ] GC(92) Using 2 workers of 2 for evacuation
[36.687s][info][gc,phases   ] GC(92)   Pre Evacuate Collection Set: 0.23ms
[36.687s][info][gc,phases   ] GC(92)   Merge Heap Roots: 0.11ms
[36.687s][info][gc,phases   ] GC(92)   Evacuate Collection Set: 2.52ms
[36.687s][info][gc,phases   ] GC(92)   Post Evacuate Collection Set: 0.49ms
[36.687s][info][gc,phases   ] GC(92)   Other: 0.07ms
[36.687s][info][gc,heap     ] GC(92) Eden regions: 199->0(203)
[36.687s][info][gc,heap     ] GC(92) Survivor regions: 3->1(26)
[36.687s][info][gc,heap     ] GC(92) Old regions: 57->57
[36.687s][info][gc,heap     ] GC(92) Humongous regions: 207->207
[36.687s][info][gc,metaspace] GC(92) Metaspace: 55477K(55808K)->55477K(55808K) NonClass: 47236K(47488K)->47236K(47488K) Class: 8240K(8320K)->8240K(8320K)
[36.688s][info][gc          ] GC(92) Pause Young (Prepare Mixed) (G1 Evacuation Pause) 464M->264M(495M) 3.611ms
[36.688s][info][gc,cpu      ] GC(92) User=0.00s Sys=0.00s Real=0.00s
[37.199s][info][gc,start    ] GC(93) Pause Young (Mixed) (G1 Evacuation Pause)
[37.200s][info][gc,task     ] GC(93) Using 2 workers of 2 for evacuation
[37.205s][info][gc,phases   ] GC(93)   Pre Evacuate Collection Set: 0.23ms
[37.205s][info][gc,phases   ] GC(93)   Merge Heap Roots: 0.10ms
[37.205s][info][gc,phases   ] GC(93)   Evacuate Collection Set: 4.41ms
[37.205s][info][gc,phases   ] GC(93)   Post Evacuate Collection Set: 0.49ms
[37.205s][info][gc,phases   ] GC(93)   Other: 0.07ms
[37.205s][info][gc,heap     ] GC(93) Eden regions: 203->0(201)
[37.205s][info][gc,heap     ] GC(93) Survivor regions: 1->2(26)
[37.205s][info][gc,heap     ] GC(93) Old regions: 57->57
[37.205s][info][gc,heap     ] GC(93) Humongous regions: 207->207
[37.205s][info][gc,metaspace] GC(93) Metaspace: 55477K(55808K)->55477K(55808K) NonClass: 47236K(47488K)->47236K(47488K) Class: 8240K(8320K)->8240K(8320K)
[37.205s][info][gc          ] GC(93) Pause Young (Mixed) (G1 Evacuation Pause) 467M->265M(495M) 5.492ms
[37.205s][info][gc,cpu      ] GC(93) User=0.01s Sys=0.00s Real=0.01s
[37.711s][info][gc,start    ] GC(94) Pause Young (Concurrent Start) (G1 Evacuation Pause)
[37.711s][info][gc,task     ] GC(94) Using 2 workers of 2 for evacuation
[37.717s][info][gc,phases   ] GC(94)   Pre Evacuate Collection Set: 0.27ms
[37.717s][info][gc,phases   ] GC(94)   Merge Heap Roots: 0.09ms
[37.717s][info][gc,phases   ] GC(94)   Evacuate Collection Set: 5.25ms
[37.717s][info][gc,phases   ] GC(94)   Post Evacuate Collection Set: 0.46ms
[37.717s][info][gc,phases   ] GC(94)   Other: 0.09ms
[37.717s][info][gc,heap     ] GC(94) Eden regions: 201->0(197)
[37.717s][info][gc,heap     ] GC(94) Survivor regions: 2->4(26)
[37.717s][info][gc,heap     ] GC(94) Old regions: 57->57
[37.717s][info][gc,heap     ] GC(94) Humongous regions: 207->207
[37.717s][info][gc,metaspace] GC(94) Metaspace: 55477K(55808K)->55477K(55808K) NonClass: 47236K(47488K)->47236K(47488K) Class: 8240K(8320K)->8240K(8320K)
[37.717s][info][gc          ] GC(94) Pause Young (Concurrent Start) (G1 Evacuation Pause) 466M->266M(495M) 6.343ms
[37.717s][info][gc,cpu      ] GC(94) User=0.02s Sys=0.00s Real=0.01s
[37.718s][info][gc          ] GC(95) Concurrent Mark Cycle
[37.718s][info][gc,marking  ] GC(95) Concurrent Scan Root Regions
[37.727s][info][gc,marking  ] GC(95) Concurrent Scan Root Regions 9.138ms
[37.727s][info][gc,marking  ] GC(95) Concurrent Mark
[37.727s][info][gc,marking  ] GC(95) Concurrent Mark From Roots
[37.727s][info][gc,task     ] GC(95) Using 1 workers of 1 for marking
[37.768s][info][gc,marking  ] GC(95) Concurrent Mark From Roots 40.574ms
[37.768s][info][gc,marking  ] GC(95) Concurrent Preclean
[37.768s][info][gc,marking  ] GC(95) Concurrent Preclean 0.070ms
[37.768s][info][gc,start    ] GC(95) Pause Remark
[37.775s][info][gc          ] GC(95) Pause Remark 283M->283M(495M) 7.395ms
[37.775s][info][gc,cpu      ] GC(95) User=0.01s Sys=0.00s Real=0.01s
[37.776s][info][gc,marking  ] GC(95) Concurrent Mark 48.596ms
[37.776s][info][gc,marking  ] GC(95) Concurrent Rebuild Remembered Sets and Scrub Regions
[37.800s][info][gc,marking  ] GC(95) Concurrent Rebuild Remembered Sets and Scrub Regions 23.944ms
[37.800s][info][gc,start    ] GC(95) Pause Cleanup
[37.800s][info][gc          ] GC(95) Pause Cleanup 294M->294M(495M) 0.055ms
[37.800s][info][gc,cpu      ] GC(95) User=0.00s Sys=0.00s Real=0.00s
[37.800s][info][gc,marking  ] GC(95) Concurrent Clear Claimed Marks
[37.800s][info][gc,marking  ] GC(95) Concurrent Clear Claimed Marks 0.092ms
[37.800s][info][gc,marking  ] GC(95) Concurrent Cleanup for Next Mark
[37.806s][info][gc,marking  ] GC(95) Concurrent Cleanup for Next Mark 6.272ms
[37.806s][info][gc          ] GC(95) Concurrent Mark Cycle 88.503ms
[38.247s][info][gc,start    ] GC(96) Pause Young (Prepare Mixed) (G1 Evacuation Pause)
[38.247s][info][gc,task     ] GC(96) Using 2 workers of 2 for evacuation
[38.252s][info][gc,phases   ] GC(96)   Pre Evacuate Collection Set: 0.26ms
[38.252s][info][gc,phases   ] GC(96)   Merge Heap Roots: 0.13ms
[38.252s][info][gc,phases   ] GC(96)   Evacuate Collection Set: 3.89ms
[38.252s][info][gc,phases   ] GC(96)   Post Evacuate Collection Set: 0.49ms
[38.252s][info][gc,phases   ] GC(96)   Other: 0.10ms
[38.252s][info][gc,heap     ] GC(96) Eden regions: 197->0(199)
[38.252s][info][gc,heap     ] GC(96) Survivor regions: 4->3(26)
[38.252s][info][gc,heap     ] GC(96) Old regions: 57->57
[38.252s][info][gc,heap     ] GC(96) Humongous regions: 207->207
[38.252s][info][gc,metaspace] GC(96) Metaspace: 55477K(55808K)->55477K(55808K) NonClass: 47236K(47488K)->47236K(47488K) Class: 8240K(8320K)->8240K(8320K)
[38.252s][info][gc          ] GC(96) Pause Young (Prepare Mixed) (G1 Evacuation Pause) 463M->265M(495M) 5.067ms
[38.253s][info][gc,cpu      ] GC(96) User=0.01s Sys=0.00s Real=0.00s
[38.784s][info][gc,start    ] GC(97) Pause Young (Mixed) (G1 Evacuation Pause)
[38.784s][info][gc,task     ] GC(97) Using 2 workers of 2 for evacuation
[38.788s][info][gc,phases   ] GC(97)   Pre Evacuate Collection Set: 0.21ms
[38.788s][info][gc,phases   ] GC(97)   Merge Heap Roots: 0.10ms
[38.788s][info][gc,phases   ] GC(97)   Evacuate Collection Set: 3.08ms
[38.788s][info][gc,phases   ] GC(97)   Post Evacuate Collection Set: 0.49ms
[38.788s][info][gc,phases   ] GC(97)   Other: 0.08ms
[38.788s][info][gc,heap     ] GC(97) Eden regions: 199->0(203)
[38.788s][info][gc,heap     ] GC(97) Survivor regions: 3->1(26)
[38.788s][info][gc,heap     ] GC(97) Old regions: 57->57
[38.788s][info][gc,heap     ] GC(97) Humongous regions: 207->207
[38.788s][info][gc,metaspace] GC(97) Metaspace: 55477K(55808K)->55477K(55808K) NonClass: 47236K(47488K)->47236K(47488K) Class: 8240K(8320K)->8240K(8320K)
[38.788s][info][gc          ] GC(97) Pause Young (Mixed) (G1 Evacuation Pause) 464M->263M(495M) 4.139ms
[38.788s][info][gc,cpu      ] GC(97) User=0.01s Sys=0.00s Real=0.00s
[39.315s][info][gc,start    ] GC(98) Pause Young (Concurrent Start) (G1 Evacuation Pause)
[39.315s][info][gc,task     ] GC(98) Using 2 workers of 2 for evacuation
[39.322s][info][gc,phases   ] GC(98)   Pre Evacuate Collection Set: 0.29ms
[39.322s][info][gc,phases   ] GC(98)   Merge Heap Roots: 0.10ms
[39.322s][info][gc,phases   ] GC(98)   Evacuate Collection Set: 6.01ms
[39.322s][info][gc,phases   ] GC(98)   Post Evacuate Collection Set: 0.50ms
[39.322s][info][gc,phases   ] GC(98)   Other: 0.10ms
[39.322s][info][gc,heap     ] GC(98) Eden regions: 203->0(197)
[39.322s][info][gc,heap     ] GC(98) Survivor regions: 1->4(26)
[39.322s][info][gc,heap     ] GC(98) Old regions: 57->57
[39.322s][info][gc,heap     ] GC(98) Humongous regions: 207->207
[39.322s][info][gc,metaspace] GC(98) Metaspace: 55477K(55808K)->55477K(55808K) NonClass: 47237K(47488K)->47237K(47488K) Class: 8240K(8320K)->8240K(8320K)
[39.322s][info][gc          ] GC(98) Pause Young (Concurrent Start) (G1 Evacuation Pause) 466M->266M(495M) 7.182ms
[39.322s][info][gc,cpu      ] GC(98) User=0.01s Sys=0.00s Real=0.00s
[39.322s][info][gc          ] GC(99) Concurrent Mark Cycle
[39.322s][info][gc,marking  ] GC(99) Concurrent Scan Root Regions
[39.332s][info][gc,marking  ] GC(99) Concurrent Scan Root Regions 10.072ms
[39.332s][info][gc,marking  ] GC(99) Concurrent Mark
[39.332s][info][gc,marking  ] GC(99) Concurrent Mark From Roots
[39.332s][info][gc,task     ] GC(99) Using 1 workers of 1 for marking
[39.380s][info][gc,marking  ] GC(99) Concurrent Mark From Roots 47.445ms
[39.380s][info][gc,marking  ] GC(99) Concurrent Preclean
[39.380s][info][gc,marking  ] GC(99) Concurrent Preclean 0.077ms
[39.380s][info][gc,start    ] GC(99) Pause Remark
[39.387s][info][gc          ] GC(99) Pause Remark 288M->288M(495M) 7.524ms
[39.387s][info][gc,cpu      ] GC(99) User=0.02s Sys=0.00s Real=0.01s
[39.390s][info][gc,marking  ] GC(99) Concurrent Mark 57.965ms
[39.390s][info][gc,marking  ] GC(99) Concurrent Rebuild Remembered Sets and Scrub Regions
[39.421s][info][gc,marking  ] GC(99) Concurrent Rebuild Remembered Sets and Scrub Regions 31.093ms
[39.421s][info][gc,start    ] GC(99) Pause Cleanup
[39.421s][info][gc          ] GC(99) Pause Cleanup 310M->310M(495M) 0.075ms
[39.421s][info][gc,cpu      ] GC(99) User=0.00s Sys=0.00s Real=0.00s
[39.422s][info][gc,marking  ] GC(99) Concurrent Clear Claimed Marks
[39.422s][info][gc,marking  ] GC(99) Concurrent Clear Claimed Marks 0.113ms
[39.422s][info][gc,marking  ] GC(99) Concurrent Cleanup for Next Mark
[39.424s][info][gc,marking  ] GC(99) Concurrent Cleanup for Next Mark 1.495ms
[39.424s][info][gc          ] GC(99) Concurrent Mark Cycle 101.777ms
[39.813s][info][gc,start    ] GC(100) Pause Young (Prepare Mixed) (G1 Evacuation Pause)
[39.813s][info][gc,task     ] GC(100) Using 2 workers of 2 for evacuation
[39.819s][info][gc,phases   ] GC(100)   Pre Evacuate Collection Set: 0.25ms
[39.819s][info][gc,phases   ] GC(100)   Merge Heap Roots: 0.11ms
[39.819s][info][gc,phases   ] GC(100)   Evacuate Collection Set: 4.68ms
[39.819s][info][gc,phases   ] GC(100)   Post Evacuate Collection Set: 0.48ms
[39.819s][info][gc,phases   ] GC(100)   Other: 0.09ms
[39.819s][info][gc,heap     ] GC(100) Eden regions: 197->0(199)
[39.819s][info][gc,heap     ] GC(100) Survivor regions: 4->3(26)
[39.819s][info][gc,heap     ] GC(100) Old regions: 57->57
[39.819s][info][gc,heap     ] GC(100) Humongous regions: 207->207
[39.819s][info][gc,metaspace] GC(100) Metaspace: 55477K(55808K)->55477K(55808K) NonClass: 47237K(47488K)->47237K(47488K) Class: 8240K(8320K)->8240K(8320K)
[39.819s][info][gc          ] GC(100) Pause Young (Prepare Mixed) (G1 Evacuation Pause) 463M->265M(495M) 5.778ms
[39.819s][info][gc,cpu      ] GC(100) User=0.01s Sys=0.00s Real=0.01s
[40.406s][info][gc,start    ] GC(101) Pause Young (Mixed) (G1 Evacuation Pause)
[40.406s][info][gc,task     ] GC(101) Using 2 workers of 2 for evacuation
[40.411s][info][gc,phases   ] GC(101)   Pre Evacuate Collection Set: 0.24ms
[40.411s][info][gc,phases   ] GC(101)   Merge Heap Roots: 0.10ms
[40.411s][info][gc,phases   ] GC(101)   Evacuate Collection Set: 3.55ms
[40.411s][info][gc,phases   ] GC(101)   Post Evacuate Collection Set: 0.49ms
[40.411s][info][gc,phases   ] GC(101)   Other: 0.07ms
[40.411s][info][gc,heap     ] GC(101) Eden regions: 199->0(201)
[40.411s][info][gc,heap     ] GC(101) Survivor regions: 3->2(26)
[40.411s][info][gc,heap     ] GC(101) Old regions: 57->57
[40.411s][info][gc,heap     ] GC(101) Humongous regions: 207->207
[40.411s][info][gc,metaspace] GC(101) Metaspace: 55477K(55808K)->55477K(55808K) NonClass: 47237K(47488K)->47237K(47488K) Class: 8240K(8320K)->8240K(8320K)
[40.411s][info][gc          ] GC(101) Pause Young (Mixed) (G1 Evacuation Pause) 464M->264M(495M) 4.616ms
[40.411s][info][gc,cpu      ] GC(101) User=0.01s Sys=0.00s Real=0.00s
[40.893s][info][gc,start    ] GC(102) Pause Young (Concurrent Start) (G1 Evacuation Pause)
[40.893s][info][gc,task     ] GC(102) Using 2 workers of 2 for evacuation
[40.897s][info][gc,phases   ] GC(102)   Pre Evacuate Collection Set: 0.26ms
[40.898s][info][gc,phases   ] GC(102)   Merge Heap Roots: 0.08ms
[40.898s][info][gc,phases   ] GC(102)   Evacuate Collection Set: 3.60ms
[40.898s][info][gc,phases   ] GC(102)   Post Evacuate Collection Set: 0.65ms
[40.898s][info][gc,phases   ] GC(102)   Other: 0.10ms
[40.898s][info][gc,heap     ] GC(102) Eden regions: 201->0(201)
[40.898s][info][gc,heap     ] GC(102) Survivor regions: 2->2(26)
[40.898s][info][gc,heap     ] GC(102) Old regions: 57->57
[40.898s][info][gc,heap     ] GC(102) Humongous regions: 207->207
[40.898s][info][gc,metaspace] GC(102) Metaspace: 55480K(55808K)->55480K(55808K) NonClass: 47239K(47488K)->47239K(47488K) Class: 8240K(8320K)->8240K(8320K)
[40.898s][info][gc          ] GC(102) Pause Young (Concurrent Start) (G1 Evacuation Pause) 465M->265M(495M) 4.860ms
[40.898s][info][gc,cpu      ] GC(102) User=0.01s Sys=0.00s Real=0.01s
[40.898s][info][gc          ] GC(103) Concurrent Mark Cycle
[40.899s][info][gc,marking  ] GC(103) Concurrent Scan Root Regions
[40.905s][info][gc,marking  ] GC(103) Concurrent Scan Root Regions 6.365ms
[40.905s][info][gc,marking  ] GC(103) Concurrent Mark
[40.905s][info][gc,marking  ] GC(103) Concurrent Mark From Roots
[40.905s][info][gc,task     ] GC(103) Using 1 workers of 1 for marking
[40.955s][info][gc,marking  ] GC(103) Concurrent Mark From Roots 49.281ms
[40.955s][info][gc,marking  ] GC(103) Concurrent Preclean
[40.955s][info][gc,marking  ] GC(103) Concurrent Preclean 0.076ms
[40.955s][info][gc,start    ] GC(103) Pause Remark
[40.962s][info][gc          ] GC(103) Pause Remark 293M->293M(495M) 7.361ms
[40.962s][info][gc,cpu      ] GC(103) User=0.02s Sys=0.00s Real=0.00s
[40.963s][info][gc,marking  ] GC(103) Concurrent Mark 57.246ms
[40.963s][info][gc,marking  ] GC(103) Concurrent Rebuild Remembered Sets and Scrub Regions
[40.979s][info][gc,marking  ] GC(103) Concurrent Rebuild Remembered Sets and Scrub Regions 16.030ms
[40.979s][info][gc,start    ] GC(103) Pause Cleanup
[40.979s][info][gc          ] GC(103) Pause Cleanup 293M->293M(495M) 0.094ms
[40.979s][info][gc,cpu      ] GC(103) User=0.00s Sys=0.00s Real=0.00s
[40.979s][info][gc,marking  ] GC(103) Concurrent Clear Claimed Marks
[40.979s][info][gc,marking  ] GC(103) Concurrent Clear Claimed Marks 0.087ms
[40.979s][info][gc,marking  ] GC(103) Concurrent Cleanup for Next Mark
[40.981s][info][gc,marking  ] GC(103) Concurrent Cleanup for Next Mark 1.479ms
[40.981s][info][gc          ] GC(103) Concurrent Mark Cycle 82.970ms
[41.428s][info][gc,start    ] GC(104) Pause Young (Prepare Mixed) (G1 Evacuation Pause)
[41.428s][info][gc,task     ] GC(104) Using 2 workers of 2 for evacuation
[41.436s][info][gc,phases   ] GC(104)   Pre Evacuate Collection Set: 0.43ms
[41.436s][info][gc,phases   ] GC(104)   Merge Heap Roots: 2.11ms
[41.436s][info][gc,phases   ] GC(104)   Evacuate Collection Set: 4.79ms
[41.436s][info][gc,phases   ] GC(104)   Post Evacuate Collection Set: 0.73ms
[41.437s][info][gc,phases   ] GC(104)   Other: 0.08ms
[41.437s][info][gc,heap     ] GC(104) Eden regions: 201->0(203)
[41.437s][info][gc,heap     ] GC(104) Survivor regions: 2->1(26)
[41.437s][info][gc,heap     ] GC(104) Old regions: 57->57
[41.437s][info][gc,heap     ] GC(104) Humongous regions: 207->207
[41.437s][info][gc,metaspace] GC(104) Metaspace: 55480K(55808K)->55480K(55808K) NonClass: 47239K(47488K)->47239K(47488K) Class: 8240K(8320K)->8240K(8320K)
[41.437s][info][gc          ] GC(104) Pause Young (Prepare Mixed) (G1 Evacuation Pause) 466M->263M(495M) 8.313ms
[41.437s][info][gc,cpu      ] GC(104) User=0.02s Sys=0.00s Real=0.01s
[41.937s][info][gc,start    ] GC(105) Pause Young (Mixed) (G1 Evacuation Pause)
[41.937s][info][gc,task     ] GC(105) Using 2 workers of 2 for evacuation
[41.942s][info][gc,phases   ] GC(105)   Pre Evacuate Collection Set: 0.33ms
[41.942s][info][gc,phases   ] GC(105)   Merge Heap Roots: 0.12ms
[41.942s][info][gc,phases   ] GC(105)   Evacuate Collection Set: 3.25ms
[41.942s][info][gc,phases   ] GC(105)   Post Evacuate Collection Set: 0.50ms
[41.942s][info][gc,phases   ] GC(105)   Other: 0.13ms
[41.942s][info][gc,heap     ] GC(105) Eden regions: 203->0(202)
[41.942s][info][gc,heap     ] GC(105) Survivor regions: 1->2(26)
[41.942s][info][gc,heap     ] GC(105) Old regions: 57->56
[41.942s][info][gc,heap     ] GC(105) Humongous regions: 207->207
[41.942s][info][gc,metaspace] GC(105) Metaspace: 55480K(55808K)->55480K(55808K) NonClass: 47239K(47488K)->47239K(47488K) Class: 8240K(8320K)->8240K(8320K)
[41.942s][info][gc          ] GC(105) Pause Young (Mixed) (G1 Evacuation Pause) 466M->264M(495M) 4.496ms
[41.942s][info][gc,cpu      ] GC(105) User=0.00s Sys=0.00s Real=0.00s
[42.497s][info][gc,start    ] GC(106) Pause Young (Concurrent Start) (G1 Evacuation Pause)
[42.497s][info][gc,task     ] GC(106) Using 2 workers of 2 for evacuation
[42.501s][info][gc,phases   ] GC(106)   Pre Evacuate Collection Set: 0.26ms
[42.501s][info][gc,phases   ] GC(106)   Merge Heap Roots: 0.09ms
[42.501s][info][gc,phases   ] GC(106)   Evacuate Collection Set: 3.70ms
[42.501s][info][gc,phases   ] GC(106)   Post Evacuate Collection Set: 0.50ms
[42.501s][info][gc,phases   ] GC(106)   Other: 0.09ms
[42.501s][info][gc,heap     ] GC(106) Eden regions: 202->0(200)
[42.501s][info][gc,heap     ] GC(106) Survivor regions: 2->3(26)
[42.501s][info][gc,heap     ] GC(106) Old regions: 56->56
[42.501s][info][gc,heap     ] GC(106) Humongous regions: 207->207
[42.501s][info][gc,metaspace] GC(106) Metaspace: 55480K(55808K)->55480K(55808K) NonClass: 47239K(47488K)->47239K(47488K) Class: 8240K(8320K)->8240K(8320K)
[42.501s][info][gc          ] GC(106) Pause Young (Concurrent Start) (G1 Evacuation Pause) 466M->265M(495M) 4.848ms
[42.502s][info][gc,cpu      ] GC(106) User=0.00s Sys=0.00s Real=0.00s
[42.502s][info][gc          ] GC(107) Concurrent Mark Cycle
[42.502s][info][gc,marking  ] GC(107) Concurrent Scan Root Regions
[42.509s][info][gc,marking  ] GC(107) Concurrent Scan Root Regions 6.922ms
[42.509s][info][gc,marking  ] GC(107) Concurrent Mark
[42.509s][info][gc,marking  ] GC(107) Concurrent Mark From Roots
[42.509s][info][gc,task     ] GC(107) Using 1 workers of 1 for marking
[42.575s][info][gc,marking  ] GC(107) Concurrent Mark From Roots 65.875ms
[42.575s][info][gc,marking  ] GC(107) Concurrent Preclean
[42.575s][info][gc,marking  ] GC(107) Concurrent Preclean 0.082ms
[42.575s][info][gc,start    ] GC(107) Pause Remark
[42.582s][info][gc          ] GC(107) Pause Remark 289M->289M(495M) 7.224ms
[42.582s][info][gc,cpu      ] GC(107) User=0.01s Sys=0.00s Real=0.00s
[42.583s][info][gc,marking  ] GC(107) Concurrent Mark 74.327ms
[42.583s][info][gc,marking  ] GC(107) Concurrent Rebuild Remembered Sets and Scrub Regions
[42.604s][info][gc,marking  ] GC(107) Concurrent Rebuild Remembered Sets and Scrub Regions 20.903ms
[42.604s][info][gc,start    ] GC(107) Pause Cleanup
[42.604s][info][gc          ] GC(107) Pause Cleanup 298M->298M(495M) 0.074ms
[42.604s][info][gc,cpu      ] GC(107) User=0.00s Sys=0.00s Real=0.00s
[42.604s][info][gc,marking  ] GC(107) Concurrent Clear Claimed Marks
[42.605s][info][gc,marking  ] GC(107) Concurrent Clear Claimed Marks 0.086ms
[42.605s][info][gc,marking  ] GC(107) Concurrent Cleanup for Next Mark
[42.607s][info][gc,marking  ] GC(107) Concurrent Cleanup for Next Mark 2.341ms
[42.607s][info][gc          ] GC(107) Concurrent Mark Cycle 105.027ms
[43.010s][info][gc,start    ] GC(108) Pause Young (Prepare Mixed) (G1 Evacuation Pause)
[43.010s][info][gc,task     ] GC(108) Using 2 workers of 2 for evacuation
[43.015s][info][gc,phases   ] GC(108)   Pre Evacuate Collection Set: 0.25ms
[43.015s][info][gc,phases   ] GC(108)   Merge Heap Roots: 0.10ms
[43.015s][info][gc,phases   ] GC(108)   Evacuate Collection Set: 3.94ms
[43.015s][info][gc,phases   ] GC(108)   Post Evacuate Collection Set: 0.47ms
[43.015s][info][gc,phases   ] GC(108)   Other: 0.09ms
[43.015s][info][gc,heap     ] GC(108) Eden regions: 200->0(202)
[43.015s][info][gc,heap     ] GC(108) Survivor regions: 3->2(26)
[43.015s][info][gc,heap     ] GC(108) Old regions: 56->56
[43.015s][info][gc,heap     ] GC(108) Humongous regions: 207->207
[43.015s][info][gc,metaspace] GC(108) Metaspace: 55480K(55808K)->55480K(55808K) NonClass: 47239K(47488K)->47239K(47488K) Class: 8240K(8320K)->8240K(8320K)
[43.015s][info][gc          ] GC(108) Pause Young (Prepare Mixed) (G1 Evacuation Pause) 465M->264M(495M) 5.015ms
[43.015s][info][gc,cpu      ] GC(108) User=0.01s Sys=0.00s Real=0.01s
[43.524s][info][gc,start    ] GC(109) Pause Young (Mixed) (G1 Evacuation Pause)
[43.524s][info][gc,task     ] GC(109) Using 2 workers of 2 for evacuation
[43.529s][info][gc,phases   ] GC(109)   Pre Evacuate Collection Set: 0.25ms
[43.529s][info][gc,phases   ] GC(109)   Merge Heap Roots: 0.09ms
[43.529s][info][gc,phases   ] GC(109)   Evacuate Collection Set: 3.91ms
[43.529s][info][gc,phases   ] GC(109)   Post Evacuate Collection Set: 0.48ms
[43.529s][info][gc,phases   ] GC(109)   Other: 0.07ms
[43.529s][info][gc,heap     ] GC(109) Eden regions: 202->0(200)
[43.529s][info][gc,heap     ] GC(109) Survivor regions: 2->3(26)
[43.529s][info][gc,heap     ] GC(109) Old regions: 56->56
[43.529s][info][gc,heap     ] GC(109) Humongous regions: 207->207
[43.529s][info][gc,metaspace] GC(109) Metaspace: 55480K(55808K)->55480K(55808K) NonClass: 47239K(47488K)->47239K(47488K) Class: 8240K(8320K)->8240K(8320K)
[43.529s][info][gc          ] GC(109) Pause Young (Mixed) (G1 Evacuation Pause) 466M->265M(495M) 4.963ms
[43.529s][info][gc,cpu      ] GC(109) User=0.01s Sys=0.00s Real=0.00s
[44.084s][info][gc,start    ] GC(110) Pause Young (Concurrent Start) (G1 Evacuation Pause)
[44.084s][info][gc,task     ] GC(110) Using 2 workers of 2 for evacuation
[44.088s][info][gc,phases   ] GC(110)   Pre Evacuate Collection Set: 0.27ms
[44.088s][info][gc,phases   ] GC(110)   Merge Heap Roots: 0.09ms
[44.088s][info][gc,phases   ] GC(110)   Evacuate Collection Set: 2.54ms
[44.088s][info][gc,phases   ] GC(110)   Post Evacuate Collection Set: 0.50ms
[44.088s][info][gc,phases   ] GC(110)   Other: 0.09ms
[44.088s][info][gc,heap     ] GC(110) Eden regions: 200->0(204)
[44.088s][info][gc,heap     ] GC(110) Survivor regions: 3->1(26)
[44.088s][info][gc,heap     ] GC(110) Old regions: 56->56
[44.088s][info][gc,heap     ] GC(110) Humongous regions: 207->207
[44.088s][info][gc,metaspace] GC(110) Metaspace: 55480K(55808K)->55480K(55808K) NonClass: 47239K(47488K)->47239K(47488K) Class: 8240K(8320K)->8240K(8320K)
[44.088s][info][gc          ] GC(110) Pause Young (Concurrent Start) (G1 Evacuation Pause) 465M->263M(495M) 3.670ms
[44.088s][info][gc          ] GC(111) Concurrent Mark Cycle
[44.088s][info][gc,marking  ] GC(111) Concurrent Scan Root Regions
[44.088s][info][gc,cpu      ] GC(110) User=0.01s Sys=0.00s Real=0.00s
[44.092s][info][gc,marking  ] GC(111) Concurrent Scan Root Regions 4.144ms
[44.092s][info][gc,marking  ] GC(111) Concurrent Mark
[44.092s][info][gc,marking  ] GC(111) Concurrent Mark From Roots
[44.092s][info][gc,task     ] GC(111) Using 1 workers of 1 for marking
[44.154s][info][gc,marking  ] GC(111) Concurrent Mark From Roots 61.877ms
[44.154s][info][gc,marking  ] GC(111) Concurrent Preclean
[44.154s][info][gc,marking  ] GC(111) Concurrent Preclean 0.072ms
[44.154s][info][gc,start    ] GC(111) Pause Remark
[44.163s][info][gc          ] GC(111) Pause Remark 299M->299M(495M) 8.576ms
[44.163s][info][gc,cpu      ] GC(111) User=0.01s Sys=0.00s Real=0.00s
[44.163s][info][gc,marking  ] GC(111) Concurrent Mark 71.005ms
[44.163s][info][gc,marking  ] GC(111) Concurrent Rebuild Remembered Sets and Scrub Regions
[44.179s][info][gc,marking  ] GC(111) Concurrent Rebuild Remembered Sets and Scrub Regions 15.505ms
[44.179s][info][gc,start    ] GC(111) Pause Cleanup
[44.179s][info][gc          ] GC(111) Pause Cleanup 299M->299M(495M) 0.062ms
[44.179s][info][gc,cpu      ] GC(111) User=0.01s Sys=0.00s Real=0.00s
[44.179s][info][gc,marking  ] GC(111) Concurrent Clear Claimed Marks
[44.179s][info][gc,marking  ] GC(111) Concurrent Clear Claimed Marks 0.081ms
[44.179s][info][gc,marking  ] GC(111) Concurrent Cleanup for Next Mark
[44.181s][info][gc,marking  ] GC(111) Concurrent Cleanup for Next Mark 1.395ms
[44.181s][info][gc          ] GC(111) Concurrent Mark Cycle 92.510ms
[44.607s][info][gc,start    ] GC(112) Pause Young (Prepare Mixed) (G1 Evacuation Pause)
[44.607s][info][gc,task     ] GC(112) Using 2 workers of 2 for evacuation
[44.612s][info][gc,phases   ] GC(112)   Pre Evacuate Collection Set: 0.24ms
[44.612s][info][gc,phases   ] GC(112)   Merge Heap Roots: 0.12ms
[44.612s][info][gc,phases   ] GC(112)   Evacuate Collection Set: 3.66ms
[44.612s][info][gc,phases   ] GC(112)   Post Evacuate Collection Set: 0.50ms
[44.612s][info][gc,phases   ] GC(112)   Other: 0.08ms
[44.612s][info][gc,heap     ] GC(112) Eden regions: 204->0(202)
[44.612s][info][gc,heap     ] GC(112) Survivor regions: 1->2(26)
[44.612s][info][gc,heap     ] GC(112) Old regions: 56->56
[44.612s][info][gc,heap     ] GC(112) Humongous regions: 207->207
[44.612s][info][gc,metaspace] GC(112) Metaspace: 55480K(55808K)->55480K(55808K) NonClass: 47239K(47488K)->47239K(47488K) Class: 8240K(8320K)->8240K(8320K)
[44.612s][info][gc          ] GC(112) Pause Young (Prepare Mixed) (G1 Evacuation Pause) 467M->264M(495M) 4.769ms
[44.612s][info][gc,cpu      ] GC(112) User=0.01s Sys=0.00s Real=0.00s
[45.121s][info][gc,start    ] GC(113) Pause Young (Mixed) (G1 Evacuation Pause)
[45.121s][info][gc,task     ] GC(113) Using 2 workers of 2 for evacuation
[45.128s][info][gc,phases   ] GC(113)   Pre Evacuate Collection Set: 0.24ms
[45.128s][info][gc,phases   ] GC(113)   Merge Heap Roots: 0.12ms
[45.128s][info][gc,phases   ] GC(113)   Evacuate Collection Set: 6.05ms
[45.128s][info][gc,phases   ] GC(113)   Post Evacuate Collection Set: 0.52ms
[45.128s][info][gc,phases   ] GC(113)   Other: 0.09ms
[45.128s][info][gc,heap     ] GC(113) Eden regions: 202->0(200)
[45.128s][info][gc,heap     ] GC(113) Survivor regions: 2->3(26)
[45.128s][info][gc,heap     ] GC(113) Old regions: 56->56
[45.128s][info][gc,heap     ] GC(113) Humongous regions: 207->207
[45.128s][info][gc,metaspace] GC(113) Metaspace: 55480K(55808K)->55480K(55808K) NonClass: 47239K(47488K)->47239K(47488K) Class: 8240K(8320K)->8240K(8320K)
[45.128s][info][gc          ] GC(113) Pause Young (Mixed) (G1 Evacuation Pause) 466M->264M(495M) 7.220ms
[45.128s][info][gc,cpu      ] GC(113) User=0.01s Sys=0.00s Real=0.01s
[45.686s][info][gc,start    ] GC(114) Pause Young (Concurrent Start) (G1 Evacuation Pause)
[45.686s][info][gc,task     ] GC(114) Using 2 workers of 2 for evacuation
[45.690s][info][gc,phases   ] GC(114)   Pre Evacuate Collection Set: 0.29ms
[45.690s][info][gc,phases   ] GC(114)   Merge Heap Roots: 0.10ms
[45.690s][info][gc,phases   ] GC(114)   Evacuate Collection Set: 2.67ms
[45.690s][info][gc,phases   ] GC(114)   Post Evacuate Collection Set: 0.47ms
[45.690s][info][gc,phases   ] GC(114)   Other: 0.08ms
[45.690s][info][gc,heap     ] GC(114) Eden regions: 200->0(204)
[45.690s][info][gc,heap     ] GC(114) Survivor regions: 3->1(26)
[45.690s][info][gc,heap     ] GC(114) Old regions: 56->56
[45.690s][info][gc,heap     ] GC(114) Humongous regions: 207->207
[45.690s][info][gc,metaspace] GC(114) Metaspace: 55480K(55808K)->55480K(55808K) NonClass: 47239K(47488K)->47239K(47488K) Class: 8240K(8320K)->8240K(8320K)
[45.690s][info][gc          ] GC(114) Pause Young (Concurrent Start) (G1 Evacuation Pause) 464M->263M(495M) 3.788ms
[45.690s][info][gc,cpu      ] GC(114) User=0.01s Sys=0.00s Real=0.00s
[45.691s][info][gc          ] GC(115) Concurrent Mark Cycle
[45.691s][info][gc,marking  ] GC(115) Concurrent Scan Root Regions
[45.693s][info][gc,marking  ] GC(115) Concurrent Scan Root Regions 2.243ms
[45.693s][info][gc,marking  ] GC(115) Concurrent Mark
[45.693s][info][gc,marking  ] GC(115) Concurrent Mark From Roots
[45.693s][info][gc,task     ] GC(115) Using 1 workers of 1 for marking
[45.822s][info][gc,marking  ] GC(115) Concurrent Mark From Roots 128.630ms
[45.822s][info][gc,marking  ] GC(115) Concurrent Preclean
[45.822s][info][gc,marking  ] GC(115) Concurrent Preclean 0.075ms
[45.822s][info][gc,start    ] GC(115) Pause Remark
[45.831s][info][gc          ] GC(115) Pause Remark 290M->290M(495M) 8.616ms
[45.831s][info][gc,cpu      ] GC(115) User=0.02s Sys=0.00s Real=0.01s
[45.831s][info][gc,marking  ] GC(115) Concurrent Mark 138.185ms
[45.831s][info][gc,marking  ] GC(115) Concurrent Rebuild Remembered Sets and Scrub Regions
[45.856s][info][gc,marking  ] GC(115) Concurrent Rebuild Remembered Sets and Scrub Regions 25.070ms
[45.856s][info][gc,start    ] GC(115) Pause Cleanup
[45.857s][info][gc          ] GC(115) Pause Cleanup 301M->301M(495M) 0.060ms
[45.857s][info][gc,cpu      ] GC(115) User=0.00s Sys=0.00s Real=0.00s
[45.857s][info][gc,marking  ] GC(115) Concurrent Clear Claimed Marks
[45.857s][info][gc,marking  ] GC(115) Concurrent Clear Claimed Marks 0.087ms
[45.857s][info][gc,marking  ] GC(115) Concurrent Cleanup for Next Mark
[45.859s][info][gc,marking  ] GC(115) Concurrent Cleanup for Next Mark 1.774ms
[45.859s][info][gc          ] GC(115) Concurrent Mark Cycle 167.878ms
[46.210s][info][gc,start    ] GC(116) Pause Young (Prepare Mixed) (G1 Evacuation Pause)
[46.210s][info][gc,task     ] GC(116) Using 2 workers of 2 for evacuation
[46.215s][info][gc,phases   ] GC(116)   Pre Evacuate Collection Set: 0.25ms
[46.215s][info][gc,phases   ] GC(116)   Merge Heap Roots: 0.11ms
[46.215s][info][gc,phases   ] GC(116)   Evacuate Collection Set: 3.79ms
[46.215s][info][gc,phases   ] GC(116)   Post Evacuate Collection Set: 0.47ms
[46.215s][info][gc,phases   ] GC(116)   Other: 0.07ms
[46.215s][info][gc,heap     ] GC(116) Eden regions: 204->0(202)
[46.215s][info][gc,heap     ] GC(116) Survivor regions: 1->2(26)
[46.215s][info][gc,heap     ] GC(116) Old regions: 56->56
[46.215s][info][gc,heap     ] GC(116) Humongous regions: 207->207
[46.215s][info][gc,metaspace] GC(116) Metaspace: 55480K(55808K)->55480K(55808K) NonClass: 47239K(47488K)->47239K(47488K) Class: 8240K(8320K)->8240K(8320K)
[46.215s][info][gc          ] GC(116) Pause Young (Prepare Mixed) (G1 Evacuation Pause) 467M->264M(495M) 4.879ms
[46.215s][info][gc,cpu      ] GC(116) User=0.00s Sys=0.00s Real=0.01s
[46.780s][info][gc,start    ] GC(117) Pause Young (Mixed) (G1 Evacuation Pause)
[46.780s][info][gc,task     ] GC(117) Using 2 workers of 2 for evacuation
[46.786s][info][gc,phases   ] GC(117)   Pre Evacuate Collection Set: 0.23ms
[46.786s][info][gc,phases   ] GC(117)   Merge Heap Roots: 0.09ms
[46.786s][info][gc,phases   ] GC(117)   Evacuate Collection Set: 4.55ms
[46.786s][info][gc,phases   ] GC(117)   Post Evacuate Collection Set: 0.51ms
[46.786s][info][gc,phases   ] GC(117)   Other: 0.09ms
[46.786s][info][gc,heap     ] GC(117) Eden regions: 202->0(202)
[46.786s][info][gc,heap     ] GC(117) Survivor regions: 2->2(26)
[46.786s][info][gc,heap     ] GC(117) Old regions: 56->56
[46.786s][info][gc,heap     ] GC(117) Humongous regions: 207->207
[46.786s][info][gc,metaspace] GC(117) Metaspace: 55480K(55808K)->55480K(55808K) NonClass: 47239K(47488K)->47239K(47488K) Class: 8240K(8320K)->8240K(8320K)
[46.786s][info][gc          ] GC(117) Pause Young (Mixed) (G1 Evacuation Pause) 466M->264M(495M) 5.638ms
[46.786s][info][gc,cpu      ] GC(117) User=0.01s Sys=0.00s Real=0.01s
[47.286s][info][gc,start    ] GC(118) Pause Young (Concurrent Start) (G1 Evacuation Pause)
[47.286s][info][gc,task     ] GC(118) Using 2 workers of 2 for evacuation
[47.290s][info][gc,phases   ] GC(118)   Pre Evacuate Collection Set: 0.27ms
[47.290s][info][gc,phases   ] GC(118)   Merge Heap Roots: 0.08ms
[47.290s][info][gc,phases   ] GC(118)   Evacuate Collection Set: 2.40ms
[47.290s][info][gc,phases   ] GC(118)   Post Evacuate Collection Set: 0.58ms
[47.290s][info][gc,phases   ] GC(118)   Other: 0.08ms
[47.290s][info][gc,heap     ] GC(118) Eden regions: 202->0(204)
[47.290s][info][gc,heap     ] GC(118) Survivor regions: 2->1(26)
[47.290s][info][gc,heap     ] GC(118) Old regions: 56->56
[47.290s][info][gc,heap     ] GC(118) Humongous regions: 207->207
[47.290s][info][gc,metaspace] GC(118) Metaspace: 55480K(55808K)->55480K(55808K) NonClass: 47239K(47488K)->47239K(47488K) Class: 8240K(8320K)->8240K(8320K)
[47.290s][info][gc          ] GC(118) Pause Young (Concurrent Start) (G1 Evacuation Pause) 466M->263M(495M) 3.571ms
[47.290s][info][gc,cpu      ] GC(118) User=0.01s Sys=0.00s Real=0.00s
[47.290s][info][gc          ] GC(119) Concurrent Mark Cycle
[47.290s][info][gc,marking  ] GC(119) Concurrent Scan Root Regions
[47.295s][info][gc,marking  ] GC(119) Concurrent Scan Root Regions 5.196ms
[47.295s][info][gc,marking  ] GC(119) Concurrent Mark
[47.295s][info][gc,marking  ] GC(119) Concurrent Mark From Roots
[47.295s][info][gc,task     ] GC(119) Using 1 workers of 1 for marking
[47.343s][info][gc,marking  ] GC(119) Concurrent Mark From Roots 47.960ms
[47.343s][info][gc,marking  ] GC(119) Concurrent Preclean
[47.343s][info][gc,marking  ] GC(119) Concurrent Preclean 0.077ms
[47.343s][info][gc,start    ] GC(119) Pause Remark
[47.350s][info][gc          ] GC(119) Pause Remark 293M->293M(495M) 7.087ms
[47.350s][info][gc,cpu      ] GC(119) User=0.01s Sys=0.00s Real=0.01s
[47.350s][info][gc,marking  ] GC(119) Concurrent Mark 55.453ms
[47.350s][info][gc,marking  ] GC(119) Concurrent Rebuild Remembered Sets and Scrub Regions
[47.368s][info][gc,marking  ] GC(119) Concurrent Rebuild Remembered Sets and Scrub Regions 17.037ms
[47.368s][info][gc,start    ] GC(119) Pause Cleanup
[47.368s][info][gc          ] GC(119) Pause Cleanup 295M->295M(495M) 0.057ms
[47.368s][info][gc,cpu      ] GC(119) User=0.00s Sys=0.00s Real=0.00s
[47.368s][info][gc,marking  ] GC(119) Concurrent Clear Claimed Marks
[47.368s][info][gc,marking  ] GC(119) Concurrent Clear Claimed Marks 0.102ms
[47.368s][info][gc,marking  ] GC(119) Concurrent Cleanup for Next Mark
[47.369s][info][gc,marking  ] GC(119) Concurrent Cleanup for Next Mark 1.458ms
[47.369s][info][gc          ] GC(119) Concurrent Mark Cycle 79.654ms
[47.871s][info][gc,start    ] GC(120) Pause Young (Prepare Mixed) (G1 Evacuation Pause)
[47.871s][info][gc,task     ] GC(120) Using 2 workers of 2 for evacuation
[47.876s][info][gc,phases   ] GC(120)   Pre Evacuate Collection Set: 0.23ms
[47.876s][info][gc,phases   ] GC(120)   Merge Heap Roots: 0.11ms
[47.876s][info][gc,phases   ] GC(120)   Evacuate Collection Set: 3.82ms
[47.876s][info][gc,phases   ] GC(120)   Post Evacuate Collection Set: 0.48ms
[47.876s][info][gc,phases   ] GC(120)   Other: 0.07ms
[47.876s][info][gc,heap     ] GC(120) Eden regions: 204->0(202)
[47.876s][info][gc,heap     ] GC(120) Survivor regions: 1->2(26)
[47.876s][info][gc,heap     ] GC(120) Old regions: 56->56
[47.876s][info][gc,heap     ] GC(120) Humongous regions: 207->207
[47.876s][info][gc,metaspace] GC(120) Metaspace: 55480K(55808K)->55480K(55808K) NonClass: 47239K(47488K)->47239K(47488K) Class: 8240K(8320K)->8240K(8320K)
[47.876s][info][gc          ] GC(120) Pause Young (Prepare Mixed) (G1 Evacuation Pause) 467M->264M(495M) 4.899ms
[47.876s][info][gc,cpu      ] GC(120) User=0.00s Sys=0.00s Real=0.01s
[48.321s][info][gc,start    ] GC(121) Pause Young (Mixed) (G1 Evacuation Pause)
[48.321s][info][gc,task     ] GC(121) Using 2 workers of 2 for evacuation
[48.326s][info][gc,phases   ] GC(121)   Pre Evacuate Collection Set: 0.25ms
[48.326s][info][gc,phases   ] GC(121)   Merge Heap Roots: 0.11ms
[48.326s][info][gc,phases   ] GC(121)   Evacuate Collection Set: 4.00ms
[48.326s][info][gc,phases   ] GC(121)   Post Evacuate Collection Set: 0.52ms
[48.326s][info][gc,phases   ] GC(121)   Other: 0.07ms
[48.326s][info][gc,heap     ] GC(121) Eden regions: 202->0(202)
[48.326s][info][gc,heap     ] GC(121) Survivor regions: 2->2(26)
[48.326s][info][gc,heap     ] GC(121) Old regions: 56->56
[48.326s][info][gc,heap     ] GC(121) Humongous regions: 207->207
[48.326s][info][gc,metaspace] GC(121) Metaspace: 55480K(55808K)->55480K(55808K) NonClass: 47239K(47488K)->47239K(47488K) Class: 8240K(8320K)->8240K(8320K)
[48.326s][info][gc          ] GC(121) Pause Young (Mixed) (G1 Evacuation Pause) 466M->264M(495M) 5.115ms
[48.326s][info][gc,cpu      ] GC(121) User=0.01s Sys=0.00s Real=0.01s
[48.891s][info][gc,start    ] GC(122) Pause Young (Concurrent Start) (G1 Evacuation Pause)
[48.891s][info][gc,task     ] GC(122) Using 2 workers of 2 for evacuation
[48.895s][info][gc,phases   ] GC(122)   Pre Evacuate Collection Set: 0.28ms
[48.895s][info][gc,phases   ] GC(122)   Merge Heap Roots: 0.10ms
[48.895s][info][gc,phases   ] GC(122)   Evacuate Collection Set: 2.97ms
[48.895s][info][gc,phases   ] GC(122)   Post Evacuate Collection Set: 0.48ms
[48.895s][info][gc,phases   ] GC(122)   Other: 0.08ms
[48.895s][info][gc,heap     ] GC(122) Eden regions: 202->0(202)
[48.895s][info][gc,heap     ] GC(122) Survivor regions: 2->2(26)
[48.895s][info][gc,heap     ] GC(122) Old regions: 56->56
[48.895s][info][gc,heap     ] GC(122) Humongous regions: 207->207
[48.895s][info][gc,metaspace] GC(122) Metaspace: 55480K(55808K)->55480K(55808K) NonClass: 47239K(47488K)->47239K(47488K) Class: 8240K(8320K)->8240K(8320K)
[48.895s][info][gc          ] GC(122) Pause Young (Concurrent Start) (G1 Evacuation Pause) 466M->263M(495M) 4.078ms
[48.895s][info][gc,cpu      ] GC(122) User=0.00s Sys=0.00s Real=0.01s
[48.895s][info][gc          ] GC(123) Concurrent Mark Cycle
[48.896s][info][gc,marking  ] GC(123) Concurrent Scan Root Regions
[48.900s][info][gc,marking  ] GC(123) Concurrent Scan Root Regions 4.785ms
[48.900s][info][gc,marking  ] GC(123) Concurrent Mark
[48.900s][info][gc,marking  ] GC(123) Concurrent Mark From Roots
[48.901s][info][gc,task     ] GC(123) Using 1 workers of 1 for marking
[48.949s][info][gc,marking  ] GC(123) Concurrent Mark From Roots 48.929ms
[48.949s][info][gc,marking  ] GC(123) Concurrent Preclean
[48.950s][info][gc,marking  ] GC(123) Concurrent Preclean 0.078ms
[48.950s][info][gc,start    ] GC(123) Pause Remark
[48.957s][info][gc          ] GC(123) Pause Remark 292M->292M(495M) 7.217ms
[48.957s][info][gc,cpu      ] GC(123) User=0.01s Sys=0.00s Real=0.01s
[48.958s][info][gc,marking  ] GC(123) Concurrent Mark 57.057ms
[48.958s][info][gc,marking  ] GC(123) Concurrent Rebuild Remembered Sets and Scrub Regions
[48.977s][info][gc,marking  ] GC(123) Concurrent Rebuild Remembered Sets and Scrub Regions 19.418ms
[48.977s][info][gc,start    ] GC(123) Pause Cleanup
[48.977s][info][gc          ] GC(123) Pause Cleanup 296M->296M(495M) 0.055ms
[48.977s][info][gc,cpu      ] GC(123) User=0.00s Sys=0.00s Real=0.00s
[48.977s][info][gc,marking  ] GC(123) Concurrent Clear Claimed Marks
[48.977s][info][gc,marking  ] GC(123) Concurrent Clear Claimed Marks 0.083ms
[48.977s][info][gc,marking  ] GC(123) Concurrent Cleanup for Next Mark
[48.979s][info][gc,marking  ] GC(123) Concurrent Cleanup for Next Mark 1.491ms
[48.979s][info][gc          ] GC(123) Concurrent Mark Cycle 83.657ms
[49.405s][info][gc,start    ] GC(124) Pause Young (Prepare Mixed) (G1 Evacuation Pause)
[49.405s][info][gc,task     ] GC(124) Using 2 workers of 2 for evacuation
[49.410s][info][gc,phases   ] GC(124)   Pre Evacuate Collection Set: 0.25ms
[49.410s][info][gc,phases   ] GC(124)   Merge Heap Roots: 0.11ms
[49.410s][info][gc,phases   ] GC(124)   Evacuate Collection Set: 4.00ms
[49.410s][info][gc,phases   ] GC(124)   Post Evacuate Collection Set: 0.50ms
[49.410s][info][gc,phases   ] GC(124)   Other: 0.10ms
[49.410s][info][gc,heap     ] GC(124) Eden regions: 202->0(202)
[49.410s][info][gc,heap     ] GC(124) Survivor regions: 2->2(26)
[49.410s][info][gc,heap     ] GC(124) Old regions: 56->56
[49.410s][info][gc,heap     ] GC(124) Humongous regions: 207->207
[49.410s][info][gc,metaspace] GC(124) Metaspace: 55480K(55808K)->55480K(55808K) NonClass: 47239K(47488K)->47239K(47488K) Class: 8240K(8320K)->8240K(8320K)
[49.410s][info][gc          ] GC(124) Pause Young (Prepare Mixed) (G1 Evacuation Pause) 465M->264M(495M) 5.127ms
[49.410s][info][gc,cpu      ] GC(124) User=0.01s Sys=0.00s Real=0.00s
[49.920s][info][gc,start    ] GC(125) Pause Young (Mixed) (G1 Evacuation Pause)
[49.921s][info][gc,task     ] GC(125) Using 2 workers of 2 for evacuation
[49.926s][info][gc,phases   ] GC(125)   Pre Evacuate Collection Set: 0.25ms
[49.926s][info][gc,phases   ] GC(125)   Merge Heap Roots: 0.10ms
[49.926s][info][gc,phases   ] GC(125)   Evacuate Collection Set: 4.77ms
[49.926s][info][gc,phases   ] GC(125)   Post Evacuate Collection Set: 0.51ms
[49.926s][info][gc,phases   ] GC(125)   Other: 0.07ms
[49.926s][info][gc,heap     ] GC(125) Eden regions: 202->0(200)
[49.926s][info][gc,heap     ] GC(125) Survivor regions: 2->3(26)
[49.926s][info][gc,heap     ] GC(125) Old regions: 56->56
[49.926s][info][gc,heap     ] GC(125) Humongous regions: 207->207
[49.926s][info][gc,metaspace] GC(125) Metaspace: 55480K(55808K)->55480K(55808K) NonClass: 47239K(47488K)->47239K(47488K) Class: 8240K(8320K)->8240K(8320K)
[49.926s][info][gc          ] GC(125) Pause Young (Mixed) (G1 Evacuation Pause) 466M->264M(495M) 5.859ms
[49.926s][info][gc,cpu      ] GC(125) User=0.01s Sys=0.00s Real=0.01s
[50.486s][info][gc,start    ] GC(126) Pause Young (Concurrent Start) (G1 Evacuation Pause)
[50.486s][info][gc,task     ] GC(126) Using 2 workers of 2 for evacuation
[50.489s][info][gc,phases   ] GC(126)   Pre Evacuate Collection Set: 0.28ms
[50.489s][info][gc,phases   ] GC(126)   Merge Heap Roots: 0.10ms
[50.489s][info][gc,phases   ] GC(126)   Evacuate Collection Set: 2.30ms
[50.489s][info][gc,phases   ] GC(126)   Post Evacuate Collection Set: 0.48ms
[50.489s][info][gc,phases   ] GC(126)   Other: 0.09ms
[50.489s][info][gc,heap     ] GC(126) Eden regions: 200->0(204)
[50.489s][info][gc,heap     ] GC(126) Survivor regions: 3->1(26)
[50.489s][info][gc,heap     ] GC(126) Old regions: 56->56
[50.489s][info][gc,heap     ] GC(126) Humongous regions: 207->207
[50.489s][info][gc,metaspace] GC(126) Metaspace: 55480K(55808K)->55480K(55808K) NonClass: 47239K(47488K)->47239K(47488K) Class: 8240K(8320K)->8240K(8320K)
[50.489s][info][gc          ] GC(126) Pause Young (Concurrent Start) (G1 Evacuation Pause) 464M->263M(495M) 3.434ms
[50.489s][info][gc,cpu      ] GC(126) User=0.01s Sys=0.00s Real=0.00s
[50.489s][info][gc          ] GC(127) Concurrent Mark Cycle
[50.489s][info][gc,marking  ] GC(127) Concurrent Scan Root Regions
[50.491s][info][gc,marking  ] GC(127) Concurrent Scan Root Regions 1.841ms
[50.491s][info][gc,marking  ] GC(127) Concurrent Mark
[50.491s][info][gc,marking  ] GC(127) Concurrent Mark From Roots
[50.491s][info][gc,task     ] GC(127) Using 1 workers of 1 for marking
[50.555s][info][gc,marking  ] GC(127) Concurrent Mark From Roots 64.029ms
[50.555s][info][gc,marking  ] GC(127) Concurrent Preclean
[50.555s][info][gc,marking  ] GC(127) Concurrent Preclean 0.080ms
[50.555s][info][gc,start    ] GC(127) Pause Remark
[50.562s][info][gc          ] GC(127) Pause Remark 298M->298M(495M) 7.229ms
[50.563s][info][gc,cpu      ] GC(127) User=0.01s Sys=0.00s Real=0.00s
[50.563s][info][gc,marking  ] GC(127) Concurrent Mark 72.134ms
[50.563s][info][gc,marking  ] GC(127) Concurrent Rebuild Remembered Sets and Scrub Regions
[50.579s][info][gc,marking  ] GC(127) Concurrent Rebuild Remembered Sets and Scrub Regions 16.307ms
[50.579s][info][gc,start    ] GC(127) Pause Cleanup
[50.580s][info][gc          ] GC(127) Pause Cleanup 300M->300M(495M) 0.045ms
[50.580s][info][gc,cpu      ] GC(127) User=0.00s Sys=0.00s Real=0.00s
[50.580s][info][gc,marking  ] GC(127) Concurrent Clear Claimed Marks
[50.580s][info][gc,marking  ] GC(127) Concurrent Clear Claimed Marks 0.078ms
[50.580s][info][gc,marking  ] GC(127) Concurrent Cleanup for Next Mark
[50.581s][info][gc,marking  ] GC(127) Concurrent Cleanup for Next Mark 1.414ms
[50.581s][info][gc          ] GC(127) Concurrent Mark Cycle 92.019ms
[51.004s][info][gc,start    ] GC(128) Pause Young (Prepare Mixed) (G1 Evacuation Pause)
[51.004s][info][gc,task     ] GC(128) Using 2 workers of 2 for evacuation
[51.009s][info][gc,phases   ] GC(128)   Pre Evacuate Collection Set: 0.22ms
[51.009s][info][gc,phases   ] GC(128)   Merge Heap Roots: 0.10ms
[51.009s][info][gc,phases   ] GC(128)   Evacuate Collection Set: 4.33ms
[51.009s][info][gc,phases   ] GC(128)   Post Evacuate Collection Set: 0.51ms
[51.009s][info][gc,phases   ] GC(128)   Other: 0.09ms
[51.009s][info][gc,heap     ] GC(128) Eden regions: 204->0(200)
[51.009s][info][gc,heap     ] GC(128) Survivor regions: 1->3(26)
[51.009s][info][gc,heap     ] GC(128) Old regions: 56->56
[51.009s][info][gc,heap     ] GC(128) Humongous regions: 207->207
[51.009s][info][gc,metaspace] GC(128) Metaspace: 55484K(55808K)->55484K(55808K) NonClass: 47243K(47488K)->47243K(47488K) Class: 8240K(8320K)->8240K(8320K)
[51.009s][info][gc          ] GC(128) Pause Young (Prepare Mixed) (G1 Evacuation Pause) 467M->265M(495M) 5.410ms
[51.009s][info][gc,cpu      ] GC(128) User=0.01s Sys=0.00s Real=0.00s
[51.713s][info][gc,start    ] GC(129) Pause Young (Mixed) (G1 Evacuation Pause)
[51.713s][info][gc,task     ] GC(129) Using 2 workers of 2 for evacuation
[51.717s][info][gc,phases   ] GC(129)   Pre Evacuate Collection Set: 0.23ms
[51.717s][info][gc,phases   ] GC(129)   Merge Heap Roots: 0.09ms
[51.717s][info][gc,phases   ] GC(129)   Evacuate Collection Set: 2.91ms
[51.717s][info][gc,phases   ] GC(129)   Post Evacuate Collection Set: 0.48ms
[51.717s][info][gc,phases   ] GC(129)   Other: 0.07ms
[51.717s][info][gc,heap     ] GC(129) Eden regions: 200->0(202)
[51.717s][info][gc,heap     ] GC(129) Survivor regions: 3->2(26)
[51.717s][info][gc,heap     ] GC(129) Old regions: 56->56
[51.717s][info][gc,heap     ] GC(129) Humongous regions: 207->207
[51.717s][info][gc,metaspace] GC(129) Metaspace: 55484K(55808K)->55484K(55808K) NonClass: 47243K(47488K)->47243K(47488K) Class: 8240K(8320K)->8240K(8320K)
[51.717s][info][gc          ] GC(129) Pause Young (Mixed) (G1 Evacuation Pause) 465M->263M(495M) 3.960ms
[51.717s][info][gc,cpu      ] GC(129) User=0.00s Sys=0.00s Real=0.01s
[52.186s][info][gc,start    ] GC(130) Pause Young (Concurrent Start) (G1 Evacuation Pause)
[52.186s][info][gc,task     ] GC(130) Using 2 workers of 2 for evacuation
[52.189s][info][gc,phases   ] GC(130)   Pre Evacuate Collection Set: 0.26ms
[52.189s][info][gc,phases   ] GC(130)   Merge Heap Roots: 0.08ms
[52.189s][info][gc,phases   ] GC(130)   Evacuate Collection Set: 2.48ms
[52.189s][info][gc,phases   ] GC(130)   Post Evacuate Collection Set: 0.48ms
[52.189s][info][gc,phases   ] GC(130)   Other: 0.10ms
[52.189s][info][gc,heap     ] GC(130) Eden regions: 202->0(202)
[52.189s][info][gc,heap     ] GC(130) Survivor regions: 2->2(26)
[52.189s][info][gc,heap     ] GC(130) Old regions: 56->56
[52.189s][info][gc,heap     ] GC(130) Humongous regions: 207->207
[52.189s][info][gc,metaspace] GC(130) Metaspace: 55485K(55808K)->55485K(55808K) NonClass: 47244K(47488K)->47244K(47488K) Class: 8240K(8320K)->8240K(8320K)
[52.189s][info][gc          ] GC(130) Pause Young (Concurrent Start) (G1 Evacuation Pause) 465M->264M(495M) 3.583ms
[52.189s][info][gc,cpu      ] GC(130) User=0.00s Sys=0.00s Real=0.00s
[52.189s][info][gc          ] GC(131) Concurrent Mark Cycle
[52.189s][info][gc,marking  ] GC(131) Concurrent Scan Root Regions
[52.191s][info][gc,marking  ] GC(131) Concurrent Scan Root Regions 1.925ms
[52.191s][info][gc,marking  ] GC(131) Concurrent Mark
[52.191s][info][gc,marking  ] GC(131) Concurrent Mark From Roots
[52.191s][info][gc,task     ] GC(131) Using 1 workers of 1 for marking
[52.257s][info][gc,marking  ] GC(131) Concurrent Mark From Roots 66.181ms
[52.258s][info][gc,marking  ] GC(131) Concurrent Preclean
[52.258s][info][gc,marking  ] GC(131) Concurrent Preclean 0.075ms
[52.258s][info][gc,start    ] GC(131) Pause Remark
[52.265s][info][gc          ] GC(131) Pause Remark 299M->299M(495M) 7.028ms
[52.265s][info][gc,cpu      ] GC(131) User=0.01s Sys=0.00s Real=0.01s
[52.265s][info][gc,marking  ] GC(131) Concurrent Mark 73.488ms
[52.265s][info][gc,marking  ] GC(131) Concurrent Rebuild Remembered Sets and Scrub Regions
[52.280s][info][gc,marking  ] GC(131) Concurrent Rebuild Remembered Sets and Scrub Regions 14.835ms
[52.280s][info][gc,start    ] GC(131) Pause Cleanup
[52.280s][info][gc          ] GC(131) Pause Cleanup 299M->299M(495M) 0.064ms
[52.280s][info][gc,cpu      ] GC(131) User=0.00s Sys=0.00s Real=0.00s
[52.280s][info][gc,marking  ] GC(131) Concurrent Clear Claimed Marks
[52.280s][info][gc,marking  ] GC(131) Concurrent Clear Claimed Marks 0.083ms
[52.280s][info][gc,marking  ] GC(131) Concurrent Cleanup for Next Mark
[52.281s][info][gc,marking  ] GC(131) Concurrent Cleanup for Next Mark 1.445ms
[52.281s][info][gc          ] GC(131) Concurrent Mark Cycle 92.137ms
[52.699s][info][gc,start    ] GC(132) Pause Young (Normal) (G1 Evacuation Pause)
[52.699s][info][gc,task     ] GC(132) Using 2 workers of 2 for evacuation
[52.704s][info][gc,phases   ] GC(132)   Pre Evacuate Collection Set: 0.25ms
[52.704s][info][gc,phases   ] GC(132)   Merge Heap Roots: 0.10ms
[52.704s][info][gc,phases   ] GC(132)   Evacuate Collection Set: 3.89ms
[52.704s][info][gc,phases   ] GC(132)   Post Evacuate Collection Set: 0.50ms
[52.704s][info][gc,phases   ] GC(132)   Other: 0.07ms
[52.704s][info][gc,heap     ] GC(132) Eden regions: 202->0(202)
[52.704s][info][gc,heap     ] GC(132) Survivor regions: 2->2(26)
[52.704s][info][gc,heap     ] GC(132) Old regions: 56->56
[52.704s][info][gc,heap     ] GC(132) Humongous regions: 207->207
[52.704s][info][gc,metaspace] GC(132) Metaspace: 55485K(55808K)->55485K(55808K) NonClass: 47244K(47488K)->47244K(47488K) Class: 8240K(8320K)->8240K(8320K)
[52.704s][info][gc          ] GC(132) Pause Young (Normal) (G1 Evacuation Pause) 466M->264M(495M) 4.977ms
[52.704s][info][gc,cpu      ] GC(132) User=0.01s Sys=0.00s Real=0.01s
[53.213s][info][gc,start    ] GC(133) Pause Young (Concurrent Start) (G1 Evacuation Pause)
[53.213s][info][gc,task     ] GC(133) Using 2 workers of 2 for evacuation
[53.219s][info][gc,phases   ] GC(133)   Pre Evacuate Collection Set: 0.26ms
[53.219s][info][gc,phases   ] GC(133)   Merge Heap Roots: 0.08ms
[53.219s][info][gc,phases   ] GC(133)   Evacuate Collection Set: 4.72ms
[53.219s][info][gc,phases   ] GC(133)   Post Evacuate Collection Set: 0.47ms
[53.219s][info][gc,phases   ] GC(133)   Other: 0.11ms
[53.219s][info][gc,heap     ] GC(133) Eden regions: 202->0(200)
[53.219s][info][gc,heap     ] GC(133) Survivor regions: 2->3(26)
[53.219s][info][gc,heap     ] GC(133) Old regions: 56->56
[53.219s][info][gc,heap     ] GC(133) Humongous regions: 207->207
[53.219s][info][gc,metaspace] GC(133) Metaspace: 55485K(55808K)->55485K(55808K) NonClass: 47244K(47488K)->47244K(47488K) Class: 8240K(8320K)->8240K(8320K)
[53.219s][info][gc          ] GC(133) Pause Young (Concurrent Start) (G1 Evacuation Pause) 466M->265M(495M) 5.826ms
[53.219s][info][gc,cpu      ] GC(133) User=0.01s Sys=0.00s Real=0.01s
[53.219s][info][gc          ] GC(134) Concurrent Mark Cycle
[53.219s][info][gc,marking  ] GC(134) Concurrent Scan Root Regions
[53.224s][info][gc,marking  ] GC(134) Concurrent Scan Root Regions 4.693ms
[53.224s][info][gc,marking  ] GC(134) Concurrent Mark
[53.224s][info][gc,marking  ] GC(134) Concurrent Mark From Roots
[53.224s][info][gc,task     ] GC(134) Using 1 workers of 1 for marking
[53.262s][info][gc,marking  ] GC(134) Concurrent Mark From Roots 37.948ms
[53.262s][info][gc,marking  ] GC(134) Concurrent Preclean
[53.262s][info][gc,marking  ] GC(134) Concurrent Preclean 0.078ms
[53.262s][info][gc,start    ] GC(134) Pause Remark
[53.269s][info][gc          ] GC(134) Pause Remark 277M->277M(495M) 7.262ms
[53.269s][info][gc,cpu      ] GC(134) User=0.02s Sys=0.00s Real=0.01s
[53.270s][info][gc,marking  ] GC(134) Concurrent Mark 45.676ms
[53.270s][info][gc,marking  ] GC(134) Concurrent Rebuild Remembered Sets and Scrub Regions
[53.289s][info][gc,marking  ] GC(134) Concurrent Rebuild Remembered Sets and Scrub Regions 18.949ms
[53.289s][info][gc,start    ] GC(134) Pause Cleanup
[53.289s][info][gc          ] GC(134) Pause Cleanup 282M->282M(495M) 0.062ms
[53.289s][info][gc,cpu      ] GC(134) User=0.00s Sys=0.00s Real=0.00s
[53.289s][info][gc,marking  ] GC(134) Concurrent Clear Claimed Marks
[53.289s][info][gc,marking  ] GC(134) Concurrent Clear Claimed Marks 0.088ms
[53.289s][info][gc,marking  ] GC(134) Concurrent Cleanup for Next Mark
[53.291s][info][gc,marking  ] GC(134) Concurrent Cleanup for Next Mark 1.507ms
[53.291s][info][gc          ] GC(134) Concurrent Mark Cycle 71.715ms
[53.735s][info][gc,start    ] GC(135) Pause Young (Normal) (G1 Evacuation Pause)
[53.735s][info][gc,task     ] GC(135) Using 2 workers of 2 for evacuation
[53.738s][info][gc,phases   ] GC(135)   Pre Evacuate Collection Set: 0.26ms
[53.738s][info][gc,phases   ] GC(135)   Merge Heap Roots: 0.12ms
[53.738s][info][gc,phases   ] GC(135)   Evacuate Collection Set: 1.98ms
[53.738s][info][gc,phases   ] GC(135)   Post Evacuate Collection Set: 0.48ms
[53.738s][info][gc,phases   ] GC(135)   Other: 0.07ms
[53.738s][info][gc,heap     ] GC(135) Eden regions: 200->0(204)
[53.738s][info][gc,heap     ] GC(135) Survivor regions: 3->1(26)
[53.738s][info][gc,heap     ] GC(135) Old regions: 56->56
[53.738s][info][gc,heap     ] GC(135) Humongous regions: 207->207
[53.738s][info][gc,metaspace] GC(135) Metaspace: 55485K(55808K)->55485K(55808K) NonClass: 47244K(47488K)->47244K(47488K) Class: 8240K(8320K)->8240K(8320K)
[53.738s][info][gc          ] GC(135) Pause Young (Normal) (G1 Evacuation Pause) 465M->263M(495M) 3.084ms
[53.738s][info][gc,cpu      ] GC(135) User=0.00s Sys=0.00s Real=0.00s
[54.309s][info][gc,start    ] GC(136) Pause Young (Concurrent Start) (G1 Evacuation Pause)
[54.309s][info][gc,task     ] GC(136) Using 2 workers of 2 for evacuation
[54.313s][info][gc,phases   ] GC(136)   Pre Evacuate Collection Set: 0.28ms
[54.313s][info][gc,phases   ] GC(136)   Merge Heap Roots: 0.08ms
[54.313s][info][gc,phases   ] GC(136)   Evacuate Collection Set: 2.78ms
[54.313s][info][gc,phases   ] GC(136)   Post Evacuate Collection Set: 0.51ms
[54.313s][info][gc,phases   ] GC(136)   Other: 0.11ms
[54.313s][info][gc,heap     ] GC(136) Eden regions: 204->0(202)
[54.313s][info][gc,heap     ] GC(136) Survivor regions: 1->2(26)
[54.313s][info][gc,heap     ] GC(136) Old regions: 56->56
[54.313s][info][gc,heap     ] GC(136) Humongous regions: 207->207
[54.313s][info][gc,metaspace] GC(136) Metaspace: 55485K(55808K)->55485K(55808K) NonClass: 47244K(47488K)->47244K(47488K) Class: 8240K(8320K)->8240K(8320K)
[54.313s][info][gc          ] GC(136) Pause Young (Concurrent Start) (G1 Evacuation Pause) 467M->264M(495M) 4.000ms
[54.313s][info][gc          ] GC(137) Concurrent Mark Cycle
[54.313s][info][gc,marking  ] GC(137) Concurrent Scan Root Regions
[54.313s][info][gc,cpu      ] GC(136) User=0.01s Sys=0.00s Real=0.00s
[54.319s][info][gc,marking  ] GC(137) Concurrent Scan Root Regions 5.729ms
[54.319s][info][gc,marking  ] GC(137) Concurrent Mark
[54.319s][info][gc,marking  ] GC(137) Concurrent Mark From Roots
[54.319s][info][gc,task     ] GC(137) Using 1 workers of 1 for marking
[54.374s][info][gc,marking  ] GC(137) Concurrent Mark From Roots 55.363ms
[54.374s][info][gc,marking  ] GC(137) Concurrent Preclean
[54.374s][info][gc,marking  ] GC(137) Concurrent Preclean 0.071ms
[54.374s][info][gc,start    ] GC(137) Pause Remark
[54.382s][info][gc          ] GC(137) Pause Remark 287M->287M(495M) 7.291ms
[54.382s][info][gc,cpu      ] GC(137) User=0.01s Sys=0.00s Real=0.00s
[54.382s][info][gc,marking  ] GC(137) Concurrent Mark 62.989ms
[54.382s][info][gc,marking  ] GC(137) Concurrent Rebuild Remembered Sets and Scrub Regions
[54.420s][info][gc,marking  ] GC(137) Concurrent Rebuild Remembered Sets and Scrub Regions 38.165ms
[54.420s][info][gc,start    ] GC(137) Pause Cleanup
[54.420s][info][gc          ] GC(137) Pause Cleanup 308M->308M(495M) 0.074ms
[54.420s][info][gc,cpu      ] GC(137) User=0.00s Sys=0.00s Real=0.00s
[54.420s][info][gc,marking  ] GC(137) Concurrent Clear Claimed Marks
[54.420s][info][gc,marking  ] GC(137) Concurrent Clear Claimed Marks 0.097ms
[54.420s][info][gc,marking  ] GC(137) Concurrent Cleanup for Next Mark
[54.423s][info][gc,marking  ] GC(137) Concurrent Cleanup for Next Mark 2.535ms
[54.423s][info][gc          ] GC(137) Concurrent Mark Cycle 109.963ms
[54.815s][info][gc,start    ] GC(138) Pause Young (Normal) (G1 Evacuation Pause)
[54.816s][info][gc,task     ] GC(138) Using 2 workers of 2 for evacuation
[54.820s][info][gc,phases   ] GC(138)   Pre Evacuate Collection Set: 0.24ms
[54.820s][info][gc,phases   ] GC(138)   Merge Heap Roots: 0.11ms
[54.820s][info][gc,phases   ] GC(138)   Evacuate Collection Set: 3.91ms
[54.820s][info][gc,phases   ] GC(138)   Post Evacuate Collection Set: 0.52ms
[54.820s][info][gc,phases   ] GC(138)   Other: 0.08ms
[54.820s][info][gc,heap     ] GC(138) Eden regions: 202->0(200)
[54.820s][info][gc,heap     ] GC(138) Survivor regions: 2->3(26)
[54.820s][info][gc,heap     ] GC(138) Old regions: 56->56
[54.820s][info][gc,heap     ] GC(138) Humongous regions: 207->207
[54.820s][info][gc,metaspace] GC(138) Metaspace: 55485K(55808K)->55485K(55808K) NonClass: 47244K(47488K)->47244K(47488K) Class: 8240K(8320K)->8240K(8320K)
[54.820s][info][gc          ] GC(138) Pause Young (Normal) (G1 Evacuation Pause) 466M->265M(495M) 5.064ms
[54.821s][info][gc,cpu      ] GC(138) User=0.01s Sys=0.00s Real=0.00s
[55.336s][info][gc,start    ] GC(139) Pause Young (Concurrent Start) (G1 Evacuation Pause)
[55.336s][info][gc,task     ] GC(139) Using 2 workers of 2 for evacuation
[55.339s][info][gc,phases   ] GC(139)   Pre Evacuate Collection Set: 0.28ms
[55.339s][info][gc,phases   ] GC(139)   Merge Heap Roots: 0.09ms
[55.339s][info][gc,phases   ] GC(139)   Evacuate Collection Set: 2.55ms
[55.339s][info][gc,phases   ] GC(139)   Post Evacuate Collection Set: 0.49ms
[55.339s][info][gc,phases   ] GC(139)   Other: 0.10ms
[55.339s][info][gc,heap     ] GC(139) Eden regions: 200->0(204)
[55.339s][info][gc,heap     ] GC(139) Survivor regions: 3->1(26)
[55.339s][info][gc,heap     ] GC(139) Old regions: 56->56
[55.339s][info][gc,heap     ] GC(139) Humongous regions: 207->207
[55.339s][info][gc,metaspace] GC(139) Metaspace: 55485K(55808K)->55485K(55808K) NonClass: 47244K(47488K)->47244K(47488K) Class: 8240K(8320K)->8240K(8320K)
[55.339s][info][gc          ] GC(139) Pause Young (Concurrent Start) (G1 Evacuation Pause) 465M->263M(495M) 3.679ms
[55.339s][info][gc,cpu      ] GC(139) User=0.01s Sys=0.00s Real=0.00s
[55.339s][info][gc          ] GC(140) Concurrent Mark Cycle
[55.340s][info][gc,marking  ] GC(140) Concurrent Scan Root Regions
[55.342s][info][gc,marking  ] GC(140) Concurrent Scan Root Regions 1.929ms
[55.342s][info][gc,marking  ] GC(140) Concurrent Mark
[55.342s][info][gc,marking  ] GC(140) Concurrent Mark From Roots
[55.342s][info][gc,task     ] GC(140) Using 1 workers of 1 for marking
[55.379s][info][gc,marking  ] GC(140) Concurrent Mark From Roots 37.099ms
[55.379s][info][gc,marking  ] GC(140) Concurrent Preclean
[55.379s][info][gc,marking  ] GC(140) Concurrent Preclean 0.086ms
[55.380s][info][gc,start    ] GC(140) Pause Remark
[55.387s][info][gc          ] GC(140) Pause Remark 265M->265M(495M) 6.946ms
[55.387s][info][gc,cpu      ] GC(140) User=0.01s Sys=0.00s Real=0.01s
[55.388s][info][gc,marking  ] GC(140) Concurrent Mark 45.758ms
[55.388s][info][gc,marking  ] GC(140) Concurrent Rebuild Remembered Sets and Scrub Regions
[55.413s][info][gc,marking  ] GC(140) Concurrent Rebuild Remembered Sets and Scrub Regions 24.608ms
[55.413s][info][gc,start    ] GC(140) Pause Cleanup
[55.413s][info][gc          ] GC(140) Pause Cleanup 282M->282M(495M) 0.058ms
[55.413s][info][gc,cpu      ] GC(140) User=0.00s Sys=0.00s Real=0.00s
[55.413s][info][gc,marking  ] GC(140) Concurrent Clear Claimed Marks
[55.413s][info][gc,marking  ] GC(140) Concurrent Clear Claimed Marks 0.082ms
[55.413s][info][gc,marking  ] GC(140) Concurrent Cleanup for Next Mark
[55.415s][info][gc,marking  ] GC(140) Concurrent Cleanup for Next Mark 1.405ms
[55.415s][info][gc          ] GC(140) Concurrent Mark Cycle 75.413ms
[55.900s][info][gc,start    ] GC(141) Pause Young (Normal) (G1 Evacuation Pause)
[55.900s][info][gc,task     ] GC(141) Using 2 workers of 2 for evacuation
[55.905s][info][gc,phases   ] GC(141)   Pre Evacuate Collection Set: 0.23ms
[55.905s][info][gc,phases   ] GC(141)   Merge Heap Roots: 0.10ms
[55.905s][info][gc,phases   ] GC(141)   Evacuate Collection Set: 4.07ms
[55.905s][info][gc,phases   ] GC(141)   Post Evacuate Collection Set: 0.52ms
[55.905s][info][gc,phases   ] GC(141)   Other: 0.10ms
[55.905s][info][gc,heap     ] GC(141) Eden regions: 204->0(200)
[55.905s][info][gc,heap     ] GC(141) Survivor regions: 1->3(26)
[55.905s][info][gc,heap     ] GC(141) Old regions: 56->56
[55.905s][info][gc,heap     ] GC(141) Humongous regions: 207->207
[55.905s][info][gc,metaspace] GC(141) Metaspace: 55485K(55808K)->55485K(55808K) NonClass: 47244K(47488K)->47244K(47488K) Class: 8240K(8320K)->8240K(8320K)
[55.905s][info][gc          ] GC(141) Pause Young (Normal) (G1 Evacuation Pause) 467M->265M(495M) 5.203ms
[55.905s][info][gc,cpu      ] GC(141) User=0.00s Sys=0.01s Real=0.01s
[56.413s][info][gc,start    ] GC(142) Pause Young (Concurrent Start) (G1 Evacuation Pause)
[56.413s][info][gc,task     ] GC(142) Using 2 workers of 2 for evacuation
[56.418s][info][gc,phases   ] GC(142)   Pre Evacuate Collection Set: 0.27ms
[56.419s][info][gc,phases   ] GC(142)   Merge Heap Roots: 0.09ms
[56.419s][info][gc,phases   ] GC(142)   Evacuate Collection Set: 4.62ms
[56.419s][info][gc,phases   ] GC(142)   Post Evacuate Collection Set: 0.48ms
[56.419s][info][gc,phases   ] GC(142)   Other: 0.12ms
[56.419s][info][gc,heap     ] GC(142) Eden regions: 200->0(200)
[56.419s][info][gc,heap     ] GC(142) Survivor regions: 3->3(26)
[56.419s][info][gc,heap     ] GC(142) Old regions: 56->56
[56.419s][info][gc,heap     ] GC(142) Humongous regions: 207->207
[56.419s][info][gc,metaspace] GC(142) Metaspace: 55485K(55808K)->55485K(55808K) NonClass: 47244K(47488K)->47244K(47488K) Class: 8240K(8320K)->8240K(8320K)
[56.419s][info][gc          ] GC(142) Pause Young (Concurrent Start) (G1 Evacuation Pause) 465M->265M(495M) 5.778ms
[56.419s][info][gc,cpu      ] GC(142) User=0.01s Sys=0.00s Real=0.01s
[56.419s][info][gc          ] GC(143) Concurrent Mark Cycle
[56.419s][info][gc,marking  ] GC(143) Concurrent Scan Root Regions
[56.423s][info][gc,marking  ] GC(143) Concurrent Scan Root Regions 3.916ms
[56.423s][info][gc,marking  ] GC(143) Concurrent Mark
[56.423s][info][gc,marking  ] GC(143) Concurrent Mark From Roots
[56.423s][info][gc,task     ] GC(143) Using 1 workers of 1 for marking
[56.463s][info][gc,marking  ] GC(143) Concurrent Mark From Roots 39.719ms
[56.463s][info][gc,marking  ] GC(143) Concurrent Preclean
[56.463s][info][gc,marking  ] GC(143) Concurrent Preclean 0.076ms
[56.463s][info][gc,start    ] GC(143) Pause Remark
[56.470s][info][gc          ] GC(143) Pause Remark 276M->276M(495M) 7.198ms
[56.470s][info][gc,cpu      ] GC(143) User=0.01s Sys=0.00s Real=0.01s
[56.470s][info][gc,marking  ] GC(143) Concurrent Mark 47.225ms
[56.470s][info][gc,marking  ] GC(143) Concurrent Rebuild Remembered Sets and Scrub Regions
[56.490s][info][gc,marking  ] GC(143) Concurrent Rebuild Remembered Sets and Scrub Regions 19.561ms
[56.490s][info][gc,start    ] GC(143) Pause Cleanup
[56.490s][info][gc          ] GC(143) Pause Cleanup 281M->281M(495M) 0.064ms
[56.490s][info][gc,cpu      ] GC(143) User=0.00s Sys=0.00s Real=0.00s
[56.490s][info][gc,marking  ] GC(143) Concurrent Clear Claimed Marks
[56.490s][info][gc,marking  ] GC(143) Concurrent Clear Claimed Marks 0.093ms
[56.490s][info][gc,marking  ] GC(143) Concurrent Cleanup for Next Mark
[56.492s][info][gc,marking  ] GC(143) Concurrent Cleanup for Next Mark 1.422ms
[56.492s][info][gc          ] GC(143) Concurrent Mark Cycle 72.626ms
[56.985s][info][gc,start    ] GC(144) Pause Young (Normal) (G1 Evacuation Pause)
[56.985s][info][gc,task     ] GC(144) Using 2 workers of 2 for evacuation
[56.988s][info][gc,phases   ] GC(144)   Pre Evacuate Collection Set: 0.22ms
[56.988s][info][gc,phases   ] GC(144)   Merge Heap Roots: 0.12ms
[56.988s][info][gc,phases   ] GC(144)   Evacuate Collection Set: 2.18ms
[56.988s][info][gc,phases   ] GC(144)   Post Evacuate Collection Set: 0.50ms
[56.988s][info][gc,phases   ] GC(144)   Other: 0.09ms
[56.988s][info][gc,heap     ] GC(144) Eden regions: 200->0(204)
[56.988s][info][gc,heap     ] GC(144) Survivor regions: 3->1(26)
[56.988s][info][gc,heap     ] GC(144) Old regions: 56->56
[56.988s][info][gc,heap     ] GC(144) Humongous regions: 207->207
[56.988s][info][gc,metaspace] GC(144) Metaspace: 55485K(55808K)->55485K(55808K) NonClass: 47244K(47488K)->47244K(47488K) Class: 8240K(8320K)->8240K(8320K)
[56.988s][info][gc          ] GC(144) Pause Young (Normal) (G1 Evacuation Pause) 465M->263M(495M) 3.287ms
[56.988s][info][gc,cpu      ] GC(144) User=0.00s Sys=0.00s Real=0.00s
[57.533s][info][gc,start    ] GC(145) Pause Young (Concurrent Start) (G1 Evacuation Pause)
[57.533s][info][gc,task     ] GC(145) Using 2 workers of 2 for evacuation
[57.538s][info][gc,phases   ] GC(145)   Pre Evacuate Collection Set: 0.27ms
[57.538s][info][gc,phases   ] GC(145)   Merge Heap Roots: 0.10ms
[57.538s][info][gc,phases   ] GC(145)   Evacuate Collection Set: 4.06ms
[57.538s][info][gc,phases   ] GC(145)   Post Evacuate Collection Set: 0.50ms
[57.538s][info][gc,phases   ] GC(145)   Other: 0.09ms
[57.538s][info][gc,heap     ] GC(145) Eden regions: 204->0(202)
[57.538s][info][gc,heap     ] GC(145) Survivor regions: 1->2(26)
[57.538s][info][gc,heap     ] GC(145) Old regions: 56->56
[57.538s][info][gc,heap     ] GC(145) Humongous regions: 207->207
[57.538s][info][gc,metaspace] GC(145) Metaspace: 55485K(55808K)->55485K(55808K) NonClass: 47244K(47488K)->47244K(47488K) Class: 8240K(8320K)->8240K(8320K)
[57.538s][info][gc          ] GC(145) Pause Young (Concurrent Start) (G1 Evacuation Pause) 467M->264M(495M) 5.183ms
[57.538s][info][gc,cpu      ] GC(145) User=0.00s Sys=0.00s Real=0.01s
[57.538s][info][gc          ] GC(146) Concurrent Mark Cycle
[57.538s][info][gc,marking  ] GC(146) Concurrent Scan Root Regions
[57.543s][info][gc,marking  ] GC(146) Concurrent Scan Root Regions 5.437ms
[57.543s][info][gc,marking  ] GC(146) Concurrent Mark
[57.543s][info][gc,marking  ] GC(146) Concurrent Mark From Roots
[57.543s][info][gc,task     ] GC(146) Using 1 workers of 1 for marking
[57.642s][info][gc,marking  ] GC(146) Concurrent Mark From Roots 98.536ms
[57.642s][info][gc,marking  ] GC(146) Concurrent Preclean
[57.642s][info][gc,marking  ] GC(146) Concurrent Preclean 0.077ms
[57.643s][info][gc,start    ] GC(146) Pause Remark
[57.650s][info][gc          ] GC(146) Pause Remark 314M->314M(495M) 7.188ms
[57.650s][info][gc,cpu      ] GC(146) User=0.01s Sys=0.00s Real=0.01s
[57.650s][info][gc,marking  ] GC(146) Concurrent Mark 106.659ms
[57.650s][info][gc,marking  ] GC(146) Concurrent Rebuild Remembered Sets and Scrub Regions
[57.669s][info][gc,marking  ] GC(146) Concurrent Rebuild Remembered Sets and Scrub Regions 19.338ms
[57.669s][info][gc,start    ] GC(146) Pause Cleanup
[57.670s][info][gc          ] GC(146) Pause Cleanup 323M->323M(495M) 0.068ms
[57.670s][info][gc,cpu      ] GC(146) User=0.00s Sys=0.00s Real=0.00s
[57.670s][info][gc,marking  ] GC(146) Concurrent Clear Claimed Marks
[57.670s][info][gc,marking  ] GC(146) Concurrent Clear Claimed Marks 0.087ms
[57.670s][info][gc,marking  ] GC(146) Concurrent Cleanup for Next Mark
[57.671s][info][gc,marking  ] GC(146) Concurrent Cleanup for Next Mark 1.424ms
[57.671s][info][gc          ] GC(146) Concurrent Mark Cycle 133.293ms
[58.024s][info][gc,start    ] GC(147) Pause Young (Normal) (G1 Evacuation Pause)
[58.024s][info][gc,task     ] GC(147) Using 2 workers of 2 for evacuation
[58.030s][info][gc,phases   ] GC(147)   Pre Evacuate Collection Set: 0.28ms
[58.030s][info][gc,phases   ] GC(147)   Merge Heap Roots: 0.11ms
[58.030s][info][gc,phases   ] GC(147)   Evacuate Collection Set: 4.50ms
[58.030s][info][gc,phases   ] GC(147)   Post Evacuate Collection Set: 0.51ms
[58.030s][info][gc,phases   ] GC(147)   Other: 0.10ms
[58.030s][info][gc,heap     ] GC(147) Eden regions: 202->0(200)
[58.030s][info][gc,heap     ] GC(147) Survivor regions: 2->3(26)
[58.030s][info][gc,heap     ] GC(147) Old regions: 56->56
[58.030s][info][gc,heap     ] GC(147) Humongous regions: 207->207
[58.030s][info][gc,metaspace] GC(147) Metaspace: 55485K(55808K)->55485K(55808K) NonClass: 47244K(47488K)->47244K(47488K) Class: 8240K(8320K)->8240K(8320K)
[58.030s][info][gc          ] GC(147) Pause Young (Normal) (G1 Evacuation Pause) 466M->264M(495M) 5.732ms
[58.030s][info][gc,cpu      ] GC(147) User=0.01s Sys=0.00s Real=0.00s
[58.587s][info][gc,start    ] GC(148) Pause Young (Concurrent Start) (G1 Evacuation Pause)
[58.587s][info][gc,task     ] GC(148) Using 2 workers of 2 for evacuation
[58.590s][info][gc,phases   ] GC(148)   Pre Evacuate Collection Set: 0.27ms
[58.590s][info][gc,phases   ] GC(148)   Merge Heap Roots: 0.09ms
[58.590s][info][gc,phases   ] GC(148)   Evacuate Collection Set: 2.49ms
[58.590s][info][gc,phases   ] GC(148)   Post Evacuate Collection Set: 0.50ms
[58.590s][info][gc,phases   ] GC(148)   Other: 0.10ms
[58.590s][info][gc,heap     ] GC(148) Eden regions: 200->0(204)
[58.590s][info][gc,heap     ] GC(148) Survivor regions: 3->1(26)
[58.590s][info][gc,heap     ] GC(148) Old regions: 56->56
[58.590s][info][gc,heap     ] GC(148) Humongous regions: 207->207
[58.590s][info][gc,metaspace] GC(148) Metaspace: 55485K(55808K)->55485K(55808K) NonClass: 47244K(47488K)->47244K(47488K) Class: 8240K(8320K)->8240K(8320K)
[58.590s][info][gc          ] GC(148) Pause Young (Concurrent Start) (G1 Evacuation Pause) 464M->263M(495M) 3.615ms
[58.590s][info][gc,cpu      ] GC(148) User=0.01s Sys=0.00s Real=0.00s
[58.590s][info][gc          ] GC(149) Concurrent Mark Cycle
[58.591s][info][gc,marking  ] GC(149) Concurrent Scan Root Regions
[58.594s][info][gc,marking  ] GC(149) Concurrent Scan Root Regions 3.519ms
[58.594s][info][gc,marking  ] GC(149) Concurrent Mark
[58.594s][info][gc,marking  ] GC(149) Concurrent Mark From Roots
[58.594s][info][gc,task     ] GC(149) Using 1 workers of 1 for marking
[58.657s][info][gc,marking  ] GC(149) Concurrent Mark From Roots 63.145ms
[58.657s][info][gc,marking  ] GC(149) Concurrent Preclean
[58.657s][info][gc,marking  ] GC(149) Concurrent Preclean 0.074ms
[58.657s][info][gc,start    ] GC(149) Pause Remark
[58.665s][info][gc          ] GC(149) Pause Remark 296M->296M(495M) 7.159ms
[58.665s][info][gc,cpu      ] GC(149) User=0.01s Sys=0.00s Real=0.01s
[58.665s][info][gc,marking  ] GC(149) Concurrent Mark 70.804ms
[58.665s][info][gc,marking  ] GC(149) Concurrent Rebuild Remembered Sets and Scrub Regions
[58.684s][info][gc,marking  ] GC(149) Concurrent Rebuild Remembered Sets and Scrub Regions 17.173ms
[58.684s][info][gc,start    ] GC(149) Pause Cleanup
[58.684s][info][gc          ] GC(149) Pause Cleanup 300M->300M(495M) 0.058ms
[58.684s][info][gc,cpu      ] GC(149) User=0.00s Sys=0.00s Real=0.00s
[58.685s][info][gc,marking  ] GC(149) Concurrent Clear Claimed Marks
[58.685s][info][gc,marking  ] GC(149) Concurrent Clear Claimed Marks 0.087ms
[58.685s][info][gc,marking  ] GC(149) Concurrent Cleanup for Next Mark
[58.688s][info][gc,marking  ] GC(149) Concurrent Cleanup for Next Mark 3.295ms
[58.688s][info][gc          ] GC(149) Concurrent Mark Cycle 97.497ms
[59.106s][info][gc,start    ] GC(150) Pause Young (Normal) (G1 Evacuation Pause)
[59.106s][info][gc,task     ] GC(150) Using 2 workers of 2 for evacuation
[59.110s][info][gc,phases   ] GC(150)   Pre Evacuate Collection Set: 0.24ms
[59.110s][info][gc,phases   ] GC(150)   Merge Heap Roots: 0.10ms
[59.110s][info][gc,phases   ] GC(150)   Evacuate Collection Set: 3.11ms
[59.110s][info][gc,phases   ] GC(150)   Post Evacuate Collection Set: 0.51ms
[59.110s][info][gc,phases   ] GC(150)   Other: 0.07ms
[59.110s][info][gc,heap     ] GC(150) Eden regions: 204->0(202)
[59.110s][info][gc,heap     ] GC(150) Survivor regions: 1->2(26)
[59.110s][info][gc,heap     ] GC(150) Old regions: 56->56
[59.110s][info][gc,heap     ] GC(150) Humongous regions: 207->207
[59.110s][info][gc,metaspace] GC(150) Metaspace: 55485K(55808K)->55485K(55808K) NonClass: 47244K(47488K)->47244K(47488K) Class: 8240K(8320K)->8240K(8320K)
[59.110s][info][gc          ] GC(150) Pause Young (Normal) (G1 Evacuation Pause) 467M->264M(495M) 4.203ms
[59.110s][info][gc,cpu      ] GC(150) User=0.00s Sys=0.00s Real=0.00s
[59.277s][info][gc,start    ] GC(151) Pause Young (Concurrent Start) (G1 Humongous Allocation)
[59.277s][info][gc,task     ] GC(151) Using 2 workers of 2 for evacuation
[59.280s][info][gc,phases   ] GC(151)   Pre Evacuate Collection Set: 0.29ms
[59.280s][info][gc,phases   ] GC(151)   Merge Heap Roots: 0.07ms
[59.280s][info][gc,phases   ] GC(151)   Evacuate Collection Set: 2.02ms
[59.280s][info][gc,phases   ] GC(151)   Post Evacuate Collection Set: 0.38ms
[59.280s][info][gc,phases   ] GC(151)   Other: 0.11ms
[59.280s][info][gc,heap     ] GC(151) Eden regions: 60->0(204)
[59.280s][info][gc,heap     ] GC(151) Survivor regions: 2->1(26)
[59.280s][info][gc,heap     ] GC(151) Old regions: 56->56
[59.280s][info][gc,heap     ] GC(151) Humongous regions: 207->207
[59.280s][info][gc,metaspace] GC(151) Metaspace: 55613K(55936K)->55613K(55936K) NonClass: 47339K(47552K)->47339K(47552K) Class: 8273K(8384K)->8273K(8384K)
[59.280s][info][gc          ] GC(151) Pause Young (Concurrent Start) (G1 Humongous Allocation) 323M->263M(495M) 3.040ms
[59.280s][info][gc          ] GC(152) Concurrent Mark Cycle
[59.280s][info][gc,marking  ] GC(152) Concurrent Scan Root Regions
[59.282s][info][gc,marking  ] GC(152) Concurrent Scan Root Regions 1.391ms
[59.282s][info][gc,marking  ] GC(152) Concurrent Mark
[59.282s][info][gc,marking  ] GC(152) Concurrent Mark From Roots
[59.282s][info][gc,task     ] GC(152) Using 1 workers of 1 for marking
[59.282s][info][gc,cpu      ] GC(151) User=0.00s Sys=0.00s Real=0.00s
[59.364s][info][gc,marking  ] GC(152) Concurrent Mark From Roots 81.799ms
[59.364s][info][gc,marking  ] GC(152) Concurrent Preclean
[59.364s][info][gc,marking  ] GC(152) Concurrent Preclean 0.062ms
[59.364s][info][gc,start    ] GC(152) Pause Remark
[59.372s][info][gc          ] GC(152) Pause Remark 303M->303M(505M) 7.635ms
[59.372s][info][gc,cpu      ] GC(152) User=0.01s Sys=0.00s Real=0.00s
[59.374s][info][gc,marking  ] GC(152) Concurrent Mark 92.083ms
[59.374s][info][gc,marking  ] GC(152) Concurrent Rebuild Remembered Sets and Scrub Regions
[59.404s][info][gc,marking  ] GC(152) Concurrent Rebuild Remembered Sets and Scrub Regions 29.760ms
[59.404s][info][gc,start    ] GC(152) Pause Cleanup
[59.404s][info][gc          ] GC(152) Pause Cleanup 303M->303M(505M) 0.060ms
[59.404s][info][gc,cpu      ] GC(152) User=0.00s Sys=0.00s Real=0.00s
[59.406s][info][gc,marking  ] GC(152) Concurrent Clear Claimed Marks
[59.406s][info][gc,marking  ] GC(152) Concurrent Clear Claimed Marks 0.105ms
[59.406s][info][gc,marking  ] GC(152) Concurrent Cleanup for Next Mark
[59.408s][info][gc,marking  ] GC(152) Concurrent Cleanup for Next Mark 1.569ms
[59.408s][info][gc          ] GC(152) Concurrent Mark Cycle 127.209ms
[62.815s][info][gc,start    ] GC(153) Pause Young (Prepare Mixed) (G1 Evacuation Pause)
[62.815s][info][gc,task     ] GC(153) Using 2 workers of 2 for evacuation
[62.851s][info][gc,phases   ] GC(153)   Pre Evacuate Collection Set: 0.32ms
[62.851s][info][gc,phases   ] GC(153)   Merge Heap Roots: 0.62ms
[62.851s][info][gc,phases   ] GC(153)   Evacuate Collection Set: 33.34ms
[62.851s][info][gc,phases   ] GC(153)   Post Evacuate Collection Set: 1.06ms
[62.851s][info][gc,phases   ] GC(153)   Other: 0.09ms
[62.851s][info][gc,heap     ] GC(153) Eden regions: 85->0(194)
[62.851s][info][gc,heap     ] GC(153) Survivor regions: 1->21(26)
[62.851s][info][gc,heap     ] GC(153) Old regions: 56->56
[62.851s][info][gc,heap     ] GC(153) Humongous regions: 363->207
[62.851s][info][gc,metaspace] GC(153) Metaspace: 56059K(56448K)->56059K(56448K) NonClass: 47779K(48064K)->47779K(48064K) Class: 8279K(8384K)->8279K(8384K)
[62.851s][info][gc          ] GC(153) Pause Young (Prepare Mixed) (G1 Evacuation Pause) 504M->283M(526M) 35.645ms
[62.851s][info][gc,cpu      ] GC(153) User=0.05s Sys=0.01s Real=0.03s
[63.320s][info][gc,start    ] GC(154) Pause Young (Mixed) (G1 Evacuation Pause)
[63.321s][info][gc,task     ] GC(154) Using 2 workers of 2 for evacuation
[63.332s][info][gc,phases   ] GC(154)   Pre Evacuate Collection Set: 0.39ms
[63.332s][info][gc,phases   ] GC(154)   Merge Heap Roots: 0.11ms
[63.332s][info][gc,phases   ] GC(154)   Evacuate Collection Set: 10.27ms
[63.332s][info][gc,phases   ] GC(154)   Post Evacuate Collection Set: 0.61ms
[63.332s][info][gc,phases   ] GC(154)   Other: 0.09ms
[63.332s][info][gc,heap     ] GC(154) Eden regions: 194->0(203)
[63.332s][info][gc,heap     ] GC(154) Survivor regions: 21->9(27)
[63.332s][info][gc,heap     ] GC(154) Old regions: 56->71
[63.332s][info][gc,heap     ] GC(154) Humongous regions: 207->207
[63.332s][info][gc,metaspace] GC(154) Metaspace: 56059K(56448K)->56059K(56448K) NonClass: 47779K(48064K)->47779K(48064K) Class: 8279K(8384K)->8279K(8384K)
[63.332s][info][gc          ] GC(154) Pause Young (Mixed) (G1 Evacuation Pause) 477M->286M(526M) 11.675ms
[63.332s][info][gc,cpu      ] GC(154) User=0.02s Sys=0.00s Real=0.01s
[63.883s][info][gc,start    ] GC(155) Pause Young (Concurrent Start) (G1 Evacuation Pause)
[63.883s][info][gc,task     ] GC(155) Using 2 workers of 2 for evacuation
[63.887s][info][gc,phases   ] GC(155)   Pre Evacuate Collection Set: 0.36ms
[63.887s][info][gc,phases   ] GC(155)   Merge Heap Roots: 0.10ms
[63.887s][info][gc,phases   ] GC(155)   Evacuate Collection Set: 2.55ms
[63.887s][info][gc,phases   ] GC(155)   Post Evacuate Collection Set: 0.53ms
[63.887s][info][gc,phases   ] GC(155)   Other: 0.19ms
[63.887s][info][gc,heap     ] GC(155) Eden regions: 203->0(205)
[63.887s][info][gc,heap     ] GC(155) Survivor regions: 9->8(27)
[63.887s][info][gc,heap     ] GC(155) Old regions: 71->71
[63.887s][info][gc,heap     ] GC(155) Humongous regions: 207->207
[63.887s][info][gc,metaspace] GC(155) Metaspace: 56059K(56448K)->56059K(56448K) NonClass: 47779K(48064K)->47779K(48064K) Class: 8279K(8384K)->8279K(8384K)
[63.887s][info][gc          ] GC(155) Pause Young (Concurrent Start) (G1 Evacuation Pause) 489M->285M(526M) 3.895ms
[63.887s][info][gc          ] GC(156) Concurrent Mark Cycle
[63.887s][info][gc,marking  ] GC(156) Concurrent Scan Root Regions
[63.888s][info][gc,marking  ] GC(156) Concurrent Scan Root Regions 1.176ms
[63.888s][info][gc,marking  ] GC(156) Concurrent Mark
[63.888s][info][gc,marking  ] GC(156) Concurrent Mark From Roots
[63.888s][info][gc,task     ] GC(156) Using 1 workers of 1 for marking
[63.888s][info][gc,cpu      ] GC(155) User=0.01s Sys=0.00s Real=0.01s
[63.986s][info][gc,marking  ] GC(156) Concurrent Mark From Roots 98.291ms
[63.986s][info][gc,marking  ] GC(156) Concurrent Preclean
[63.987s][info][gc,marking  ] GC(156) Concurrent Preclean 0.099ms
[63.987s][info][gc,start    ] GC(156) Pause Remark
[63.997s][info][gc          ] GC(156) Pause Remark 323M->315M(526M) 10.430ms
[63.997s][info][gc,cpu      ] GC(156) User=0.02s Sys=0.00s Real=0.01s
[63.998s][info][gc,marking  ] GC(156) Concurrent Mark 109.915ms
[63.998s][info][gc,marking  ] GC(156) Concurrent Rebuild Remembered Sets and Scrub Regions
[64.033s][info][gc,marking  ] GC(156) Concurrent Rebuild Remembered Sets and Scrub Regions 34.807ms
[64.033s][info][gc,start    ] GC(156) Pause Cleanup
[64.033s][info][gc          ] GC(156) Pause Cleanup 331M->331M(526M) 0.088ms
[64.033s][info][gc,cpu      ] GC(156) User=0.00s Sys=0.00s Real=0.00s
[64.033s][info][gc,marking  ] GC(156) Concurrent Clear Claimed Marks
[64.033s][info][gc,marking  ] GC(156) Concurrent Clear Claimed Marks 0.100ms
[64.033s][info][gc,marking  ] GC(156) Concurrent Cleanup for Next Mark
[64.040s][info][gc,marking  ] GC(156) Concurrent Cleanup for Next Mark 6.664ms
[64.040s][info][gc          ] GC(156) Concurrent Mark Cycle 153.115ms
[64.421s][info][gc,start    ] GC(157) Pause Young (Prepare Mixed) (G1 Evacuation Pause)
[64.422s][info][gc,task     ] GC(157) Using 2 workers of 2 for evacuation
[64.432s][info][gc,phases   ] GC(157)   Pre Evacuate Collection Set: 2.58ms
[64.432s][info][gc,phases   ] GC(157)   Merge Heap Roots: 0.12ms
[64.432s][info][gc,phases   ] GC(157)   Evacuate Collection Set: 7.21ms
[64.432s][info][gc,phases   ] GC(157)   Post Evacuate Collection Set: 0.81ms
[64.432s][info][gc,phases   ] GC(157)   Other: 0.09ms
[64.432s][info][gc,heap     ] GC(157) Eden regions: 205->0(211)
[64.432s][info][gc,heap     ] GC(157) Survivor regions: 8->9(27)
[64.432s][info][gc,heap     ] GC(157) Old regions: 63->63
[64.432s][info][gc,heap     ] GC(157) Humongous regions: 207->207
[64.432s][info][gc,metaspace] GC(157) Metaspace: 56059K(56448K)->56059K(56448K) NonClass: 47780K(48064K)->47780K(48064K) Class: 8279K(8384K)->8279K(8384K)
[64.433s][info][gc          ] GC(157) Pause Young (Prepare Mixed) (G1 Evacuation Pause) 482M->278M(526M) 11.019ms
[64.433s][info][gc,cpu      ] GC(157) User=0.01s Sys=0.00s Real=0.01s
[65.000s][info][gc,start    ] GC(158) Pause Young (Mixed) (G1 Evacuation Pause)
[65.000s][info][gc,task     ] GC(158) Using 2 workers of 2 for evacuation
[65.008s][info][gc,phases   ] GC(158)   Pre Evacuate Collection Set: 0.36ms
[65.008s][info][gc,phases   ] GC(158)   Merge Heap Roots: 0.10ms
[65.008s][info][gc,phases   ] GC(158)   Evacuate Collection Set: 6.34ms
[65.008s][info][gc,phases   ] GC(158)   Post Evacuate Collection Set: 0.96ms
[65.008s][info][gc,phases   ] GC(158)   Other: 0.10ms
[65.008s][info][gc,heap     ] GC(158) Eden regions: 211->0(216)
[65.008s][info][gc,heap     ] GC(158) Survivor regions: 9->9(28)
[65.008s][info][gc,heap     ] GC(158) Old regions: 63->58
[65.008s][info][gc,heap     ] GC(158) Humongous regions: 207->207
[65.008s][info][gc,metaspace] GC(158) Metaspace: 56059K(56448K)->56059K(56448K) NonClass: 47780K(48064K)->47780K(48064K) Class: 8279K(8384K)->8279K(8384K)
[65.008s][info][gc          ] GC(158) Pause Young (Mixed) (G1 Evacuation Pause) 489M->273M(526M) 8.077ms
[65.008s][info][gc,cpu      ] GC(158) User=0.01s Sys=0.00s Real=0.01s
[65.611s][info][gc,start    ] GC(159) Pause Young (Normal) (G1 Evacuation Pause)
[65.611s][info][gc,task     ] GC(159) Using 2 workers of 2 for evacuation
[65.617s][info][gc,phases   ] GC(159)   Pre Evacuate Collection Set: 0.35ms
[65.617s][info][gc,phases   ] GC(159)   Merge Heap Roots: 0.11ms
[65.617s][info][gc,phases   ] GC(159)   Evacuate Collection Set: 4.15ms
[65.617s][info][gc,phases   ] GC(159)   Post Evacuate Collection Set: 0.96ms
[65.617s][info][gc,phases   ] GC(159)   Other: 0.16ms
[65.617s][info][gc,heap     ] GC(159) Eden regions: 216->0(216)
[65.617s][info][gc,heap     ] GC(159) Survivor regions: 9->9(29)
[65.617s][info][gc,heap     ] GC(159) Old regions: 58->58
[65.617s][info][gc,heap     ] GC(159) Humongous regions: 207->207
[65.617s][info][gc,metaspace] GC(159) Metaspace: 56060K(56448K)->56060K(56448K) NonClass: 47780K(48064K)->47780K(48064K) Class: 8279K(8384K)->8279K(8384K)
[65.617s][info][gc          ] GC(159) Pause Young (Normal) (G1 Evacuation Pause) 489M->273M(526M) 6.043ms
[65.617s][info][gc,cpu      ] GC(159) User=0.01s Sys=0.00s Real=0.01s
[66.132s][info][gc,start    ] GC(160) Pause Young (Normal) (G1 Evacuation Pause)
[66.132s][info][gc,task     ] GC(160) Using 2 workers of 2 for evacuation
[66.137s][info][gc,phases   ] GC(160)   Pre Evacuate Collection Set: 0.28ms
[66.137s][info][gc,phases   ] GC(160)   Merge Heap Roots: 0.09ms
[66.137s][info][gc,phases   ] GC(160)   Evacuate Collection Set: 4.03ms
[66.137s][info][gc,phases   ] GC(160)   Post Evacuate Collection Set: 0.55ms
[66.137s][info][gc,phases   ] GC(160)   Other: 0.11ms
[66.137s][info][gc,heap     ] GC(160) Eden regions: 216->0(214)
[66.137s][info][gc,heap     ] GC(160) Survivor regions: 9->10(29)
[66.137s][info][gc,heap     ] GC(160) Old regions: 58->58
[66.137s][info][gc,heap     ] GC(160) Humongous regions: 207->207
[66.137s][info][gc,metaspace] GC(160) Metaspace: 56060K(56448K)->56060K(56448K) NonClass: 47780K(48064K)->47780K(48064K) Class: 8279K(8384K)->8279K(8384K)
[66.137s][info][gc          ] GC(160) Pause Young (Normal) (G1 Evacuation Pause) 489M->274M(526M) 5.253ms
[66.137s][info][gc,cpu      ] GC(160) User=0.01s Sys=0.00s Real=0.01s
[66.715s][info][gc,start    ] GC(161) Pause Young (Concurrent Start) (G1 Evacuation Pause)
[66.715s][info][gc,task     ] GC(161) Using 2 workers of 2 for evacuation
[66.721s][info][gc,phases   ] GC(161)   Pre Evacuate Collection Set: 0.29ms
[66.721s][info][gc,phases   ] GC(161)   Merge Heap Roots: 0.08ms
[66.721s][info][gc,phases   ] GC(161)   Evacuate Collection Set: 4.79ms
[66.721s][info][gc,phases   ] GC(161)   Post Evacuate Collection Set: 0.53ms
[66.721s][info][gc,phases   ] GC(161)   Other: 0.11ms
[66.721s][info][gc,heap     ] GC(161) Eden regions: 214->0(214)
[66.721s][info][gc,heap     ] GC(161) Survivor regions: 10->10(28)
[66.721s][info][gc,heap     ] GC(161) Old regions: 58->58
[66.721s][info][gc,heap     ] GC(161) Humongous regions: 207->207
[66.721s][info][gc,metaspace] GC(161) Metaspace: 56060K(56448K)->56060K(56448K) NonClass: 47780K(48064K)->47780K(48064K) Class: 8279K(8384K)->8279K(8384K)
[66.721s][info][gc          ] GC(161) Pause Young (Concurrent Start) (G1 Evacuation Pause) 488M->274M(526M) 5.995ms
[66.721s][info][gc,cpu      ] GC(161) User=0.01s Sys=0.00s Real=0.00s
[66.721s][info][gc          ] GC(162) Concurrent Mark Cycle
[66.721s][info][gc,marking  ] GC(162) Concurrent Scan Root Regions
[66.730s][info][gc,marking  ] GC(162) Concurrent Scan Root Regions 9.003ms
[66.730s][info][gc,marking  ] GC(162) Concurrent Mark
[66.730s][info][gc,marking  ] GC(162) Concurrent Mark From Roots
[66.730s][info][gc,task     ] GC(162) Using 1 workers of 1 for marking
[66.779s][info][gc,marking  ] GC(162) Concurrent Mark From Roots 48.409ms
[66.779s][info][gc,marking  ] GC(162) Concurrent Preclean
[66.779s][info][gc,marking  ] GC(162) Concurrent Preclean 0.081ms
[66.779s][info][gc,start    ] GC(162) Pause Remark
[66.794s][info][gc          ] GC(162) Pause Remark 293M->293M(526M) 15.477ms
[66.794s][info][gc,cpu      ] GC(162) User=0.03s Sys=0.00s Real=0.02s
[66.797s][info][gc,marking  ] GC(162) Concurrent Mark 66.322ms
[66.797s][info][gc,marking  ] GC(162) Concurrent Rebuild Remembered Sets and Scrub Regions
[66.826s][info][gc,marking  ] GC(162) Concurrent Rebuild Remembered Sets and Scrub Regions 29.397ms
[66.827s][info][gc,start    ] GC(162) Pause Cleanup
[66.827s][info][gc          ] GC(162) Pause Cleanup 308M->308M(526M) 0.097ms
[66.827s][info][gc,cpu      ] GC(162) User=0.00s Sys=0.00s Real=0.00s
[66.827s][info][gc,marking  ] GC(162) Concurrent Clear Claimed Marks
[66.827s][info][gc,marking  ] GC(162) Concurrent Clear Claimed Marks 0.113ms
[66.827s][info][gc,marking  ] GC(162) Concurrent Cleanup for Next Mark
[66.831s][info][gc,marking  ] GC(162) Concurrent Cleanup for Next Mark 3.799ms
[66.831s][info][gc          ] GC(162) Concurrent Mark Cycle 109.725ms
[67.289s][info][gc,start    ] GC(163) Pause Young (Prepare Mixed) (G1 Evacuation Pause)
[67.289s][info][gc,task     ] GC(163) Using 2 workers of 2 for evacuation
[67.294s][info][gc,phases   ] GC(163)   Pre Evacuate Collection Set: 0.27ms
[67.294s][info][gc,phases   ] GC(163)   Merge Heap Roots: 0.11ms
[67.294s][info][gc,phases   ] GC(163)   Evacuate Collection Set: 3.51ms
[67.294s][info][gc,phases   ] GC(163)   Post Evacuate Collection Set: 0.57ms
[67.294s][info][gc,phases   ] GC(163)   Other: 0.08ms
[67.294s][info][gc,heap     ] GC(163) Eden regions: 214->0(216)
[67.294s][info][gc,heap     ] GC(163) Survivor regions: 10->9(28)
[67.294s][info][gc,heap     ] GC(163) Old regions: 58->58
[67.294s][info][gc,heap     ] GC(163) Humongous regions: 207->207
[67.294s][info][gc,metaspace] GC(163) Metaspace: 56060K(56448K)->56060K(56448K) NonClass: 47780K(48064K)->47780K(48064K) Class: 8279K(8384K)->8279K(8384K)
[67.294s][info][gc          ] GC(163) Pause Young (Prepare Mixed) (G1 Evacuation Pause) 488M->273M(526M) 4.763ms
[67.294s][info][gc,cpu      ] GC(163) User=0.01s Sys=0.00s Real=0.01s
[67.884s][info][gc,start    ] GC(164) Pause Young (Mixed) (G1 Evacuation Pause)
[67.884s][info][gc,task     ] GC(164) Using 2 workers of 2 for evacuation
[67.889s][info][gc,phases   ] GC(164)   Pre Evacuate Collection Set: 0.24ms
[67.889s][info][gc,phases   ] GC(164)   Merge Heap Roots: 0.10ms
[67.889s][info][gc,phases   ] GC(164)   Evacuate Collection Set: 4.38ms
[67.889s][info][gc,phases   ] GC(164)   Post Evacuate Collection Set: 0.59ms
[67.889s][info][gc,phases   ] GC(164)   Other: 0.08ms
[67.889s][info][gc,heap     ] GC(164) Eden regions: 216->0(218)
[67.889s][info][gc,heap     ] GC(164) Survivor regions: 9->10(29)
[67.889s][info][gc,heap     ] GC(164) Old regions: 58->54
[67.889s][info][gc,heap     ] GC(164) Humongous regions: 207->207
[67.889s][info][gc,metaspace] GC(164) Metaspace: 56064K(56448K)->56064K(56448K) NonClass: 47784K(48064K)->47784K(48064K) Class: 8279K(8384K)->8279K(8384K)
[67.890s][info][gc          ] GC(164) Pause Young (Mixed) (G1 Evacuation Pause) 489M->270M(526M) 5.585ms
[67.890s][info][gc,cpu      ] GC(164) User=0.01s Sys=0.00s Real=0.00s
[68.407s][info][gc,start    ] GC(165) Pause Young (Concurrent Start) (G1 Evacuation Pause)
[68.407s][info][gc,task     ] GC(165) Using 2 workers of 2 for evacuation
[68.413s][info][gc,phases   ] GC(165)   Pre Evacuate Collection Set: 0.31ms
[68.413s][info][gc,phases   ] GC(165)   Merge Heap Roots: 0.09ms
[68.413s][info][gc,phases   ] GC(165)   Evacuate Collection Set: 5.05ms
[68.413s][info][gc,phases   ] GC(165)   Post Evacuate Collection Set: 0.53ms
[68.413s][info][gc,phases   ] GC(165)   Other: 0.10ms
[68.413s][info][gc,heap     ] GC(165) Eden regions: 218->0(218)
[68.413s][info][gc,heap     ] GC(165) Survivor regions: 10->10(29)
[68.413s][info][gc,heap     ] GC(165) Old regions: 54->54
[68.413s][info][gc,heap     ] GC(165) Humongous regions: 207->207
[68.413s][info][gc,metaspace] GC(165) Metaspace: 56065K(56448K)->56065K(56448K) NonClass: 47785K(48064K)->47785K(48064K) Class: 8279K(8384K)->8279K(8384K)
[68.413s][info][gc          ] GC(165) Pause Young (Concurrent Start) (G1 Evacuation Pause) 488M->270M(526M) 6.296ms
[68.413s][info][gc,cpu      ] GC(165) User=0.01s Sys=0.00s Real=0.00s
[68.414s][info][gc          ] GC(166) Concurrent Mark Cycle
[68.414s][info][gc,marking  ] GC(166) Concurrent Scan Root Regions
[68.425s][info][gc,marking  ] GC(166) Concurrent Scan Root Regions 10.617ms
[68.425s][info][gc,marking  ] GC(166) Concurrent Mark
[68.425s][info][gc,marking  ] GC(166) Concurrent Mark From Roots
[68.425s][info][gc,task     ] GC(166) Using 1 workers of 1 for marking
[68.499s][info][gc,marking  ] GC(166) Concurrent Mark From Roots 74.446ms
[68.499s][info][gc,marking  ] GC(166) Concurrent Preclean
[68.499s][info][gc,marking  ] GC(166) Concurrent Preclean 0.086ms
[68.499s][info][gc,start    ] GC(166) Pause Remark
[68.510s][info][gc          ] GC(166) Pause Remark 299M->299M(526M) 10.315ms
[68.510s][info][gc,cpu      ] GC(166) User=0.02s Sys=0.00s Real=0.01s
[68.512s][info][gc,marking  ] GC(166) Concurrent Mark 87.603ms
[68.512s][info][gc,marking  ] GC(166) Concurrent Rebuild Remembered Sets and Scrub Regions
[68.543s][info][gc,marking  ] GC(166) Concurrent Rebuild Remembered Sets and Scrub Regions 30.703ms
[68.543s][info][gc,start    ] GC(166) Pause Cleanup
[68.543s][info][gc          ] GC(166) Pause Cleanup 315M->315M(526M) 0.075ms
[68.543s][info][gc,cpu      ] GC(166) User=0.00s Sys=0.00s Real=0.00s
[68.543s][info][gc,marking  ] GC(166) Concurrent Clear Claimed Marks
[68.543s][info][gc,marking  ] GC(166) Concurrent Clear Claimed Marks 0.096ms
[68.543s][info][gc,marking  ] GC(166) Concurrent Cleanup for Next Mark
[68.545s][info][gc,marking  ] GC(166) Concurrent Cleanup for Next Mark 1.571ms
[68.545s][info][gc          ] GC(166) Concurrent Mark Cycle 131.081ms
[69.001s][info][gc,start    ] GC(167) Pause Young (Prepare Mixed) (G1 Evacuation Pause)
[69.001s][info][gc,task     ] GC(167) Using 2 workers of 2 for evacuation
[69.006s][info][gc,phases   ] GC(167)   Pre Evacuate Collection Set: 0.42ms
[69.006s][info][gc,phases   ] GC(167)   Merge Heap Roots: 0.18ms
[69.006s][info][gc,phases   ] GC(167)   Evacuate Collection Set: 4.28ms
[69.006s][info][gc,phases   ] GC(167)   Post Evacuate Collection Set: 0.60ms
[69.006s][info][gc,phases   ] GC(167)   Other: 0.08ms
[69.006s][info][gc,heap     ] GC(167) Eden regions: 218->0(220)
[69.006s][info][gc,heap     ] GC(167) Survivor regions: 10->9(29)
[69.006s][info][gc,heap     ] GC(167) Old regions: 54->54
[69.006s][info][gc,heap     ] GC(167) Humongous regions: 207->207
[69.006s][info][gc,metaspace] GC(167) Metaspace: 56065K(56448K)->56065K(56448K) NonClass: 47785K(48064K)->47785K(48064K) Class: 8279K(8384K)->8279K(8384K)
[69.006s][info][gc          ] GC(167) Pause Young (Prepare Mixed) (G1 Evacuation Pause) 488M->269M(526M) 5.757ms
[69.006s][info][gc,cpu      ] GC(167) User=0.01s Sys=0.00s Real=0.01s
[69.587s][info][gc,start    ] GC(168) Pause Young (Mixed) (G1 Evacuation Pause)
[69.587s][info][gc,task     ] GC(168) Using 2 workers of 2 for evacuation
[69.592s][info][gc,phases   ] GC(168)   Pre Evacuate Collection Set: 0.24ms
[69.592s][info][gc,phases   ] GC(168)   Merge Heap Roots: 0.10ms
[69.592s][info][gc,phases   ] GC(168)   Evacuate Collection Set: 3.52ms
[69.592s][info][gc,phases   ] GC(168)   Post Evacuate Collection Set: 0.62ms
[69.592s][info][gc,phases   ] GC(168)   Other: 0.08ms
[69.592s][info][gc,heap     ] GC(168) Eden regions: 220->0(224)
[69.592s][info][gc,heap     ] GC(168) Survivor regions: 9->9(29)
[69.592s][info][gc,heap     ] GC(168) Old regions: 54->50
[69.592s][info][gc,heap     ] GC(168) Humongous regions: 207->207
[69.592s][info][gc,metaspace] GC(168) Metaspace: 56069K(56448K)->56069K(56448K) NonClass: 47789K(48064K)->47789K(48064K) Class: 8279K(8384K)->8279K(8384K)
[69.592s][info][gc          ] GC(168) Pause Young (Mixed) (G1 Evacuation Pause) 489M->265M(526M) 4.761ms
[69.592s][info][gc,cpu      ] GC(168) User=0.01s Sys=0.00s Real=0.00s
[70.151s][info][gc,start    ] GC(169) Pause Young (Concurrent Start) (G1 Evacuation Pause)
[70.151s][info][gc,task     ] GC(169) Using 2 workers of 2 for evacuation
[70.157s][info][gc,phases   ] GC(169)   Pre Evacuate Collection Set: 0.28ms
[70.157s][info][gc,phases   ] GC(169)   Merge Heap Roots: 0.09ms
[70.157s][info][gc,phases   ] GC(169)   Evacuate Collection Set: 5.13ms
[70.157s][info][gc,phases   ] GC(169)   Post Evacuate Collection Set: 0.53ms
[70.157s][info][gc,phases   ] GC(169)   Other: 0.15ms
[70.157s][info][gc,heap     ] GC(169) Eden regions: 224->0(222)
[70.157s][info][gc,heap     ] GC(169) Survivor regions: 9->10(30)
[70.157s][info][gc,heap     ] GC(169) Old regions: 50->50
[70.157s][info][gc,heap     ] GC(169) Humongous regions: 207->207
[70.157s][info][gc,metaspace] GC(169) Metaspace: 56069K(56448K)->56069K(56448K) NonClass: 47789K(48064K)->47789K(48064K) Class: 8279K(8384K)->8279K(8384K)
[70.157s][info][gc          ] GC(169) Pause Young (Concurrent Start) (G1 Evacuation Pause) 489M->266M(526M) 6.413ms
[70.157s][info][gc          ] GC(170) Concurrent Mark Cycle
[70.157s][info][gc,marking  ] GC(170) Concurrent Scan Root Regions
[70.157s][info][gc,cpu      ] GC(169) User=0.01s Sys=0.00s Real=0.01s
[70.165s][info][gc,marking  ] GC(170) Concurrent Scan Root Regions 7.529ms
[70.165s][info][gc,marking  ] GC(170) Concurrent Mark
[70.165s][info][gc,marking  ] GC(170) Concurrent Mark From Roots
[70.165s][info][gc,task     ] GC(170) Using 1 workers of 1 for marking
[70.248s][info][gc,marking  ] GC(170) Concurrent Mark From Roots 82.993ms
[70.248s][info][gc,marking  ] GC(170) Concurrent Preclean
[70.248s][info][gc,marking  ] GC(170) Concurrent Preclean 0.087ms
[70.248s][info][gc,start    ] GC(170) Pause Remark
[70.258s][info][gc          ] GC(170) Pause Remark 300M->300M(526M) 10.698ms
[70.259s][info][gc,cpu      ] GC(170) User=0.02s Sys=0.00s Real=0.01s
[70.263s][info][gc,marking  ] GC(170) Concurrent Mark 98.818ms
[70.263s][info][gc,marking  ] GC(170) Concurrent Rebuild Remembered Sets and Scrub Regions
[70.298s][info][gc,marking  ] GC(170) Concurrent Rebuild Remembered Sets and Scrub Regions 34.760ms
[70.298s][info][gc,start    ] GC(170) Pause Cleanup
[70.298s][info][gc          ] GC(170) Pause Cleanup 313M->313M(526M) 0.072ms
[70.298s][info][gc,cpu      ] GC(170) User=0.00s Sys=0.00s Real=0.00s
[70.300s][info][gc,marking  ] GC(170) Concurrent Clear Claimed Marks
[70.301s][info][gc,marking  ] GC(170) Concurrent Clear Claimed Marks 0.125ms
[70.301s][info][gc,marking  ] GC(170) Concurrent Cleanup for Next Mark
[70.303s][info][gc,marking  ] GC(170) Concurrent Cleanup for Next Mark 2.943ms
[70.304s][info][gc          ] GC(170) Concurrent Mark Cycle 146.532ms
[70.728s][info][gc,start    ] GC(171) Pause Young (Prepare Mixed) (G1 Evacuation Pause)
[70.728s][info][gc,task     ] GC(171) Using 2 workers of 2 for evacuation
[70.734s][info][gc,phases   ] GC(171)   Pre Evacuate Collection Set: 0.24ms
[70.734s][info][gc,phases   ] GC(171)   Merge Heap Roots: 0.11ms
[70.734s][info][gc,phases   ] GC(171)   Evacuate Collection Set: 4.91ms
[70.734s][info][gc,phases   ] GC(171)   Post Evacuate Collection Set: 0.55ms
[70.734s][info][gc,phases   ] GC(171)   Other: 0.10ms
[70.734s][info][gc,heap     ] GC(171) Eden regions: 222->0(222)
[70.734s][info][gc,heap     ] GC(171) Survivor regions: 10->10(29)
[70.734s][info][gc,heap     ] GC(171) Old regions: 50->50
[70.734s][info][gc,heap     ] GC(171) Humongous regions: 207->207
[70.734s][info][gc,metaspace] GC(171) Metaspace: 56070K(56448K)->56070K(56448K) NonClass: 47790K(48064K)->47790K(48064K) Class: 8279K(8384K)->8279K(8384K)
[70.734s][info][gc          ] GC(171) Pause Young (Prepare Mixed) (G1 Evacuation Pause) 488M->266M(526M) 6.138ms
[70.734s][info][gc,cpu      ] GC(171) User=0.01s Sys=0.00s Real=0.01s
[71.305s][info][gc,start    ] GC(172) Pause Young (Mixed) (G1 Evacuation Pause)
[71.305s][info][gc,task     ] GC(172) Using 2 workers of 2 for evacuation
[71.313s][info][gc,phases   ] GC(172)   Pre Evacuate Collection Set: 0.25ms
[71.313s][info][gc,phases   ] GC(172)   Merge Heap Roots: 0.10ms
[71.313s][info][gc,phases   ] GC(172)   Evacuate Collection Set: 6.38ms
[71.313s][info][gc,phases   ] GC(172)   Post Evacuate Collection Set: 0.58ms
[71.313s][info][gc,phases   ] GC(172)   Other: 0.07ms
[71.313s][info][gc,heap     ] GC(172) Eden regions: 222->0(222)
[71.313s][info][gc,heap     ] GC(172) Survivor regions: 10->11(29)
[71.313s][info][gc,heap     ] GC(172) Old regions: 50->48
[71.313s][info][gc,heap     ] GC(172) Humongous regions: 207->207
[71.313s][info][gc,metaspace] GC(172) Metaspace: 56070K(56448K)->56070K(56448K) NonClass: 47790K(48064K)->47790K(48064K) Class: 8279K(8384K)->8279K(8384K)
[71.313s][info][gc          ] GC(172) Pause Young (Mixed) (G1 Evacuation Pause) 488M->264M(526M) 7.569ms
[71.313s][info][gc,cpu      ] GC(172) User=0.01s Sys=0.00s Real=0.00s
[71.904s][info][gc,start    ] GC(173) Pause Young (Concurrent Start) (G1 Evacuation Pause)
[71.904s][info][gc,task     ] GC(173) Using 2 workers of 2 for evacuation
[71.910s][info][gc,phases   ] GC(173)   Pre Evacuate Collection Set: 0.28ms
[71.910s][info][gc,phases   ] GC(173)   Merge Heap Roots: 0.09ms
[71.910s][info][gc,phases   ] GC(173)   Evacuate Collection Set: 5.16ms
[71.910s][info][gc,phases   ] GC(173)   Post Evacuate Collection Set: 0.56ms
[71.910s][info][gc,phases   ] GC(173)   Other: 0.09ms
[71.910s][info][gc,heap     ] GC(173) Eden regions: 222->0(231)
[71.910s][info][gc,heap     ] GC(173) Survivor regions: 11->3(30)
[71.910s][info][gc,heap     ] GC(173) Old regions: 48->55
[71.910s][info][gc,heap     ] GC(173) Humongous regions: 207->207
[71.910s][info][gc,metaspace] GC(173) Metaspace: 56070K(56448K)->56070K(56448K) NonClass: 47790K(48064K)->47790K(48064K) Class: 8279K(8384K)->8279K(8384K)
[71.910s][info][gc          ] GC(173) Pause Young (Concurrent Start) (G1 Evacuation Pause) 486M->263M(526M) 6.391ms
[71.910s][info][gc,cpu      ] GC(173) User=0.01s Sys=0.00s Real=0.01s
[71.910s][info][gc          ] GC(174) Concurrent Mark Cycle
[71.910s][info][gc,marking  ] GC(174) Concurrent Scan Root Regions
[71.917s][info][gc,marking  ] GC(174) Concurrent Scan Root Regions 6.542ms
[71.917s][info][gc,marking  ] GC(174) Concurrent Mark
[71.917s][info][gc,marking  ] GC(174) Concurrent Mark From Roots
[71.917s][info][gc,task     ] GC(174) Using 1 workers of 1 for marking
[71.969s][info][gc,marking  ] GC(174) Concurrent Mark From Roots 52.065ms
[71.969s][info][gc,marking  ] GC(174) Concurrent Preclean
[71.969s][info][gc,marking  ] GC(174) Concurrent Preclean 0.077ms
[71.969s][info][gc,start    ] GC(174) Pause Remark
[71.977s][info][gc          ] GC(174) Pause Remark 287M->287M(526M) 8.013ms
[71.977s][info][gc,cpu      ] GC(174) User=0.02s Sys=0.00s Real=0.01s
[71.977s][info][gc,marking  ] GC(174) Concurrent Mark 60.793ms
[71.977s][info][gc,marking  ] GC(174) Concurrent Rebuild Remembered Sets and Scrub Regions
[71.999s][info][gc,marking  ] GC(174) Concurrent Rebuild Remembered Sets and Scrub Regions 21.887ms
[71.999s][info][gc,start    ] GC(174) Pause Cleanup
[71.999s][info][gc          ] GC(174) Pause Cleanup 297M->297M(526M) 0.065ms
[71.999s][info][gc,cpu      ] GC(174) User=0.00s Sys=0.00s Real=0.00s
[72.000s][info][gc,marking  ] GC(174) Concurrent Clear Claimed Marks
[72.000s][info][gc,marking  ] GC(174) Concurrent Clear Claimed Marks 0.907ms
[72.000s][info][gc,marking  ] GC(174) Concurrent Cleanup for Next Mark
[72.002s][info][gc,marking  ] GC(174) Concurrent Cleanup for Next Mark 1.563ms
[72.002s][info][gc          ] GC(174) Concurrent Mark Cycle 92.095ms
[72.504s][info][gc,start    ] GC(175) Pause Young (Prepare Mixed) (G1 Evacuation Pause)
[72.504s][info][gc,task     ] GC(175) Using 2 workers of 2 for evacuation
[72.509s][info][gc,phases   ] GC(175)   Pre Evacuate Collection Set: 0.24ms
[72.509s][info][gc,phases   ] GC(175)   Merge Heap Roots: 0.11ms
[72.510s][info][gc,phases   ] GC(175)   Evacuate Collection Set: 4.49ms
[72.510s][info][gc,phases   ] GC(175)   Post Evacuate Collection Set: 0.53ms
[72.510s][info][gc,phases   ] GC(175)   Other: 0.11ms
[72.510s][info][gc,heap     ] GC(175) Eden regions: 231->0(231)
[72.510s][info][gc,heap     ] GC(175) Survivor regions: 3->3(30)
[72.510s][info][gc,heap     ] GC(175) Old regions: 55->55
[72.510s][info][gc,heap     ] GC(175) Humongous regions: 207->207
[72.510s][info][gc,metaspace] GC(175) Metaspace: 56070K(56448K)->56070K(56448K) NonClass: 47790K(48064K)->47790K(48064K) Class: 8279K(8384K)->8279K(8384K)
[72.510s][info][gc          ] GC(175) Pause Young (Prepare Mixed) (G1 Evacuation Pause) 494M->264M(526M) 5.651ms
[72.510s][info][gc,cpu      ] GC(175) User=0.01s Sys=0.00s Real=0.00s
[73.113s][info][gc,start    ] GC(176) Pause Young (Mixed) (G1 Evacuation Pause)
[73.113s][info][gc,task     ] GC(176) Using 2 workers of 2 for evacuation
[73.119s][info][gc,phases   ] GC(176)   Pre Evacuate Collection Set: 0.26ms
[73.119s][info][gc,phases   ] GC(176)   Merge Heap Roots: 0.10ms
[73.119s][info][gc,phases   ] GC(176)   Evacuate Collection Set: 5.11ms
[73.119s][info][gc,phases   ] GC(176)   Post Evacuate Collection Set: 0.57ms
[73.119s][info][gc,phases   ] GC(176)   Other: 0.07ms
[73.119s][info][gc,heap     ] GC(176) Eden regions: 231->0(234)
[73.119s][info][gc,heap     ] GC(176) Survivor regions: 3->3(30)
[73.119s][info][gc,heap     ] GC(176) Old regions: 55->52
[73.119s][info][gc,heap     ] GC(176) Humongous regions: 207->207
[73.119s][info][gc,metaspace] GC(176) Metaspace: 56071K(56448K)->56071K(56448K) NonClass: 47791K(48064K)->47791K(48064K) Class: 8279K(8384K)->8279K(8384K)
[73.119s][info][gc          ] GC(176) Pause Young (Mixed) (G1 Evacuation Pause) 495M->261M(526M) 6.312ms
[73.119s][info][gc,cpu      ] GC(176) User=0.01s Sys=0.00s Real=0.01s
[73.772s][info][gc,start    ] GC(177) Pause Young (Concurrent Start) (G1 Evacuation Pause)
[73.772s][info][gc,task     ] GC(177) Using 2 workers of 2 for evacuation
[73.780s][info][gc,phases   ] GC(177)   Pre Evacuate Collection Set: 0.77ms
[73.780s][info][gc,phases   ] GC(177)   Merge Heap Roots: 0.09ms
[73.780s][info][gc,phases   ] GC(177)   Evacuate Collection Set: 6.39ms
[73.780s][info][gc,phases   ] GC(177)   Post Evacuate Collection Set: 0.56ms
[73.780s][info][gc,phases   ] GC(177)   Other: 0.16ms
[73.780s][info][gc,heap     ] GC(177) Eden regions: 234->0(236)
[73.780s][info][gc,heap     ] GC(177) Survivor regions: 3->2(30)
[73.780s][info][gc,heap     ] GC(177) Old regions: 52->52
[73.780s][info][gc,heap     ] GC(177) Humongous regions: 207->207
[73.780s][info][gc,metaspace] GC(177) Metaspace: 56071K(56448K)->56071K(56448K) NonClass: 47791K(48064K)->47791K(48064K) Class: 8279K(8384K)->8279K(8384K)
[73.780s][info][gc          ] GC(177) Pause Young (Concurrent Start) (G1 Evacuation Pause) 495M->260M(526M) 8.149ms
[73.780s][info][gc,cpu      ] GC(177) User=0.02s Sys=0.00s Real=0.01s
[73.781s][info][gc          ] GC(178) Concurrent Mark Cycle
[73.781s][info][gc,marking  ] GC(178) Concurrent Scan Root Regions
[73.790s][info][gc,marking  ] GC(178) Concurrent Scan Root Regions 8.818ms
[73.790s][info][gc,marking  ] GC(178) Concurrent Mark
[73.790s][info][gc,marking  ] GC(178) Concurrent Mark From Roots
[73.790s][info][gc,task     ] GC(178) Using 1 workers of 1 for marking
[73.862s][info][gc,marking  ] GC(178) Concurrent Mark From Roots 72.211ms
[73.862s][info][gc,marking  ] GC(178) Concurrent Preclean
[73.862s][info][gc,marking  ] GC(178) Concurrent Preclean 0.203ms
[73.862s][info][gc,start    ] GC(178) Pause Remark
[73.871s][info][gc          ] GC(178) Pause Remark 303M->303M(526M) 8.681ms
[73.871s][info][gc,cpu      ] GC(178) User=0.01s Sys=0.00s Real=0.01s
[73.871s][info][gc,marking  ] GC(178) Concurrent Mark 81.344ms
[73.871s][info][gc,marking  ] GC(178) Concurrent Rebuild Remembered Sets and Scrub Regions
[73.891s][info][gc,marking  ] GC(178) Concurrent Rebuild Remembered Sets and Scrub Regions 19.942ms
[73.891s][info][gc,start    ] GC(178) Pause Cleanup
[73.891s][info][gc          ] GC(178) Pause Cleanup 312M->312M(526M) 0.067ms
[73.891s][info][gc,cpu      ] GC(178) User=0.00s Sys=0.00s Real=0.00s
[73.893s][info][gc,marking  ] GC(178) Concurrent Clear Claimed Marks
[73.893s][info][gc,marking  ] GC(178) Concurrent Clear Claimed Marks 0.116ms
[73.893s][info][gc,marking  ] GC(178) Concurrent Cleanup for Next Mark
[73.896s][info][gc,marking  ] GC(178) Concurrent Cleanup for Next Mark 3.230ms
[73.896s][info][gc          ] GC(178) Concurrent Mark Cycle 115.108ms
[74.336s][info][gc,start    ] GC(179) Pause Young (Prepare Mixed) (G1 Evacuation Pause)
[74.336s][info][gc,task     ] GC(179) Using 2 workers of 2 for evacuation
[74.339s][info][gc,phases   ] GC(179)   Pre Evacuate Collection Set: 0.25ms
[74.339s][info][gc,phases   ] GC(179)   Merge Heap Roots: 0.12ms
[74.339s][info][gc,phases   ] GC(179)   Evacuate Collection Set: 1.68ms
[74.339s][info][gc,phases   ] GC(179)   Post Evacuate Collection Set: 0.54ms
[74.339s][info][gc,phases   ] GC(179)   Other: 0.11ms
[74.339s][info][gc,heap     ] GC(179) Eden regions: 236->0(238)
[74.339s][info][gc,heap     ] GC(179) Survivor regions: 2->1(30)
[74.339s][info][gc,heap     ] GC(179) Old regions: 52->52
[74.339s][info][gc,heap     ] GC(179) Humongous regions: 207->207
[74.339s][info][gc,metaspace] GC(179) Metaspace: 56074K(56448K)->56074K(56448K) NonClass: 47794K(48064K)->47794K(48064K) Class: 8279K(8384K)->8279K(8384K)
[74.339s][info][gc          ] GC(179) Pause Young (Prepare Mixed) (G1 Evacuation Pause) 496M->259M(526M) 2.895ms
[74.339s][info][gc,cpu      ] GC(179) User=0.00s Sys=0.00s Real=0.00s
[74.994s][info][gc,start    ] GC(180) Pause Young (Mixed) (G1 Evacuation Pause)
[74.994s][info][gc,task     ] GC(180) Using 2 workers of 2 for evacuation
[75.000s][info][gc,phases   ] GC(180)   Pre Evacuate Collection Set: 0.25ms
[75.000s][info][gc,phases   ] GC(180)   Merge Heap Roots: 0.11ms
[75.000s][info][gc,phases   ] GC(180)   Evacuate Collection Set: 4.13ms
[75.000s][info][gc,phases   ] GC(180)   Post Evacuate Collection Set: 0.58ms
[75.000s][info][gc,phases   ] GC(180)   Other: 0.11ms
[75.000s][info][gc,heap     ] GC(180) Eden regions: 238->0(238)
[75.000s][info][gc,heap     ] GC(180) Survivor regions: 1->2(30)
[75.000s][info][gc,heap     ] GC(180) Old regions: 52->50
[75.000s][info][gc,heap     ] GC(180) Humongous regions: 207->207
[75.000s][info][gc,metaspace] GC(180) Metaspace: 56074K(56448K)->56074K(56448K) NonClass: 47794K(48064K)->47794K(48064K) Class: 8279K(8384K)->8279K(8384K)
[75.000s][info][gc          ] GC(180) Pause Young (Mixed) (G1 Evacuation Pause) 497M->258M(526M) 5.387ms
[75.000s][info][gc,cpu      ] GC(180) User=0.01s Sys=0.00s Real=0.00s
[75.602s][info][gc,start    ] GC(181) Pause Young (Concurrent Start) (G1 Evacuation Pause)
[75.602s][info][gc,task     ] GC(181) Using 2 workers of 2 for evacuation
[75.608s][info][gc,phases   ] GC(181)   Pre Evacuate Collection Set: 0.30ms
[75.608s][info][gc,phases   ] GC(181)   Merge Heap Roots: 0.10ms
[75.608s][info][gc,phases   ] GC(181)   Evacuate Collection Set: 4.56ms
[75.608s][info][gc,phases   ] GC(181)   Post Evacuate Collection Set: 0.53ms
[75.608s][info][gc,phases   ] GC(181)   Other: 0.09ms
[75.608s][info][gc,heap     ] GC(181) Eden regions: 238->0(236)
[75.608s][info][gc,heap     ] GC(181) Survivor regions: 2->3(30)
[75.608s][info][gc,heap     ] GC(181) Old regions: 50->50
[75.608s][info][gc,heap     ] GC(181) Humongous regions: 207->207
[75.608s][info][gc,metaspace] GC(181) Metaspace: 56074K(56448K)->56074K(56448K) NonClass: 47794K(48064K)->47794K(48064K) Class: 8279K(8384K)->8279K(8384K)
[75.608s][info][gc          ] GC(181) Pause Young (Concurrent Start) (G1 Evacuation Pause) 496M->258M(526M) 5.754ms
[75.608s][info][gc,cpu      ] GC(181) User=0.01s Sys=0.00s Real=0.01s
[75.608s][info][gc          ] GC(182) Concurrent Mark Cycle
[75.608s][info][gc,marking  ] GC(182) Concurrent Scan Root Regions
[75.616s][info][gc,marking  ] GC(182) Concurrent Scan Root Regions 7.919ms
[75.616s][info][gc,marking  ] GC(182) Concurrent Mark
[75.616s][info][gc,marking  ] GC(182) Concurrent Mark From Roots
[75.616s][info][gc,task     ] GC(182) Using 1 workers of 1 for marking
[75.660s][info][gc,marking  ] GC(182) Concurrent Mark From Roots 43.902ms
[75.660s][info][gc,marking  ] GC(182) Concurrent Preclean
[75.660s][info][gc,marking  ] GC(182) Concurrent Preclean 0.089ms
[75.660s][info][gc,start    ] GC(182) Pause Remark
[75.668s][info][gc          ] GC(182) Pause Remark 279M->279M(526M) 8.020ms
[75.668s][info][gc,cpu      ] GC(182) User=0.01s Sys=0.00s Real=0.01s
[75.668s][info][gc,marking  ] GC(182) Concurrent Mark 52.235ms
[75.668s][info][gc,marking  ] GC(182) Concurrent Rebuild Remembered Sets and Scrub Regions
[75.686s][info][gc,marking  ] GC(182) Concurrent Rebuild Remembered Sets and Scrub Regions 17.918ms
[75.686s][info][gc,start    ] GC(182) Pause Cleanup
[75.686s][info][gc          ] GC(182) Pause Cleanup 281M->281M(526M) 0.056ms
[75.686s][info][gc,cpu      ] GC(182) User=0.00s Sys=0.00s Real=0.00s
[75.686s][info][gc,marking  ] GC(182) Concurrent Clear Claimed Marks
[75.686s][info][gc,marking  ] GC(182) Concurrent Clear Claimed Marks 0.085ms
[75.686s][info][gc,marking  ] GC(182) Concurrent Cleanup for Next Mark
[75.688s][info][gc,marking  ] GC(182) Concurrent Cleanup for Next Mark 1.537ms
[75.688s][info][gc          ] GC(182) Concurrent Mark Cycle 80.009ms
[76.219s][info][gc,start    ] GC(183) Pause Young (Prepare Mixed) (G1 Evacuation Pause)
[76.220s][info][gc,task     ] GC(183) Using 2 workers of 2 for evacuation
[76.225s][info][gc,phases   ] GC(183)   Pre Evacuate Collection Set: 0.25ms
[76.225s][info][gc,phases   ] GC(183)   Merge Heap Roots: 0.11ms
[76.225s][info][gc,phases   ] GC(183)   Evacuate Collection Set: 4.82ms
[76.225s][info][gc,phases   ] GC(183)   Post Evacuate Collection Set: 0.55ms
[76.225s][info][gc,phases   ] GC(183)   Other: 0.07ms
[76.225s][info][gc,heap     ] GC(183) Eden regions: 236->0(236)
[76.225s][info][gc,heap     ] GC(183) Survivor regions: 3->3(30)
[76.225s][info][gc,heap     ] GC(183) Old regions: 50->50
[76.225s][info][gc,heap     ] GC(183) Humongous regions: 207->207
[76.225s][info][gc,metaspace] GC(183) Metaspace: 56074K(56448K)->56074K(56448K) NonClass: 47794K(48064K)->47794K(48064K) Class: 8279K(8384K)->8279K(8384K)
[76.225s][info][gc          ] GC(183) Pause Young (Prepare Mixed) (G1 Evacuation Pause) 494M->259M(526M) 5.983ms
[76.225s][info][gc,cpu      ] GC(183) User=0.01s Sys=0.00s Real=0.01s
[76.828s][info][gc,start    ] GC(184) Pause Young (Mixed) (G1 Evacuation Pause)
[76.828s][info][gc,task     ] GC(184) Using 2 workers of 2 for evacuation
[76.834s][info][gc,phases   ] GC(184)   Pre Evacuate Collection Set: 0.26ms
[76.834s][info][gc,phases   ] GC(184)   Merge Heap Roots: 0.13ms
[76.834s][info][gc,phases   ] GC(184)   Evacuate Collection Set: 5.46ms
[76.834s][info][gc,phases   ] GC(184)   Post Evacuate Collection Set: 0.59ms
[76.834s][info][gc,phases   ] GC(184)   Other: 0.08ms
[76.834s][info][gc,heap     ] GC(184) Eden regions: 236->0(240)
[76.834s][info][gc,heap     ] GC(184) Survivor regions: 3->2(30)
[76.834s][info][gc,heap     ] GC(184) Old regions: 50->48
[76.834s][info][gc,heap     ] GC(184) Humongous regions: 207->207
[76.834s][info][gc,metaspace] GC(184) Metaspace: 56074K(56448K)->56074K(56448K) NonClass: 47794K(48064K)->47794K(48064K) Class: 8279K(8384K)->8279K(8384K)
[76.834s][info][gc          ] GC(184) Pause Young (Mixed) (G1 Evacuation Pause) 495M->255M(526M) 6.685ms
[76.834s][info][gc,cpu      ] GC(184) User=0.01s Sys=0.00s Real=0.01s
[77.493s][info][gc,start    ] GC(185) Pause Young (Concurrent Start) (G1 Evacuation Pause)
[77.494s][info][gc,task     ] GC(185) Using 2 workers of 2 for evacuation
[77.497s][info][gc,phases   ] GC(185)   Pre Evacuate Collection Set: 0.26ms
[77.498s][info][gc,phases   ] GC(185)   Merge Heap Roots: 0.10ms
[77.498s][info][gc,phases   ] GC(185)   Evacuate Collection Set: 2.95ms
[77.498s][info][gc,phases   ] GC(185)   Post Evacuate Collection Set: 0.52ms
[77.498s][info][gc,phases   ] GC(185)   Other: 0.10ms
[77.498s][info][gc,heap     ] GC(185) Eden regions: 240->0(240)
[77.498s][info][gc,heap     ] GC(185) Survivor regions: 2->2(31)
[77.498s][info][gc,heap     ] GC(185) Old regions: 48->48
[77.498s][info][gc,heap     ] GC(185) Humongous regions: 207->207
[77.498s][info][gc,metaspace] GC(185) Metaspace: 56074K(56448K)->56074K(56448K) NonClass: 47794K(48064K)->47794K(48064K) Class: 8279K(8384K)->8279K(8384K)
[77.498s][info][gc          ] GC(185) Pause Young (Concurrent Start) (G1 Evacuation Pause) 495M->256M(526M) 4.099ms
[77.498s][info][gc          ] GC(186) Concurrent Mark Cycle
[77.498s][info][gc,marking  ] GC(186) Concurrent Scan Root Regions
[77.499s][info][gc,marking  ] GC(186) Concurrent Scan Root Regions 1.845ms
[77.500s][info][gc,marking  ] GC(186) Concurrent Mark
[77.500s][info][gc,marking  ] GC(186) Concurrent Mark From Roots
[77.500s][info][gc,task     ] GC(186) Using 1 workers of 1 for marking
[77.500s][info][gc,cpu      ] GC(185) User=0.01s Sys=0.00s Real=0.01s
[77.569s][info][gc,marking  ] GC(186) Concurrent Mark From Roots 69.181ms
[77.569s][info][gc,marking  ] GC(186) Concurrent Preclean
[77.569s][info][gc,marking  ] GC(186) Concurrent Preclean 0.080ms
[77.569s][info][gc,start    ] GC(186) Pause Remark
[77.577s][info][gc          ] GC(186) Pause Remark 285M->285M(526M) 8.028ms
[77.577s][info][gc,cpu      ] GC(186) User=0.02s Sys=0.00s Real=0.01s
[77.577s][info][gc,marking  ] GC(186) Concurrent Mark 77.815ms
[77.577s][info][gc,marking  ] GC(186) Concurrent Rebuild Remembered Sets and Scrub Regions
[77.604s][info][gc,marking  ] GC(186) Concurrent Rebuild Remembered Sets and Scrub Regions 26.645ms
[77.604s][info][gc,start    ] GC(186) Pause Cleanup
[77.604s][info][gc          ] GC(186) Pause Cleanup 299M->299M(526M) 0.076ms
[77.604s][info][gc,cpu      ] GC(186) User=0.00s Sys=0.00s Real=0.00s
[77.604s][info][gc,marking  ] GC(186) Concurrent Clear Claimed Marks
[77.604s][info][gc,marking  ] GC(186) Concurrent Clear Claimed Marks 0.096ms
[77.604s][info][gc,marking  ] GC(186) Concurrent Cleanup for Next Mark
[77.606s][info][gc,marking  ] GC(186) Concurrent Cleanup for Next Mark 1.554ms
[77.606s][info][gc          ] GC(186) Concurrent Mark Cycle 108.403ms
[78.108s][info][gc,start    ] GC(187) Pause Young (Prepare Mixed) (G1 Evacuation Pause)
[78.108s][info][gc,task     ] GC(187) Using 2 workers of 2 for evacuation
[78.119s][info][gc,phases   ] GC(187)   Pre Evacuate Collection Set: 0.26ms
[78.119s][info][gc,phases   ] GC(187)   Merge Heap Roots: 0.10ms
[78.119s][info][gc,phases   ] GC(187)   Evacuate Collection Set: 9.50ms
[78.119s][info][gc,phases   ] GC(187)   Post Evacuate Collection Set: 0.74ms
[78.119s][info][gc,phases   ] GC(187)   Other: 0.11ms
[78.119s][info][gc,heap     ] GC(187) Eden regions: 240->0(238)
[78.119s][info][gc,heap     ] GC(187) Survivor regions: 2->3(31)
[78.119s][info][gc,heap     ] GC(187) Old regions: 48->48
[78.119s][info][gc,heap     ] GC(187) Humongous regions: 207->207
[78.119s][info][gc,metaspace] GC(187) Metaspace: 56074K(56448K)->56074K(56448K) NonClass: 47794K(48064K)->47794K(48064K) Class: 8279K(8384K)->8279K(8384K)
[78.119s][info][gc          ] GC(187) Pause Young (Prepare Mixed) (G1 Evacuation Pause) 496M->257M(526M) 10.906ms
[78.119s][info][gc,cpu      ] GC(187) User=0.02s Sys=0.00s Real=0.01s
[78.719s][info][gc,start    ] GC(188) Pause Young (Mixed) (G1 Evacuation Pause)
[78.719s][info][gc,task     ] GC(188) Using 2 workers of 2 for evacuation
[78.726s][info][gc,phases   ] GC(188)   Pre Evacuate Collection Set: 0.25ms
[78.726s][info][gc,phases   ] GC(188)   Merge Heap Roots: 0.10ms
[78.726s][info][gc,phases   ] GC(188)   Evacuate Collection Set: 6.01ms
[78.726s][info][gc,phases   ] GC(188)   Post Evacuate Collection Set: 0.55ms
[78.726s][info][gc,phases   ] GC(188)   Other: 0.10ms
[78.726s][info][gc,heap     ] GC(188) Eden regions: 238->0(239)
[78.726s][info][gc,heap     ] GC(188) Survivor regions: 3->3(31)
[78.726s][info][gc,heap     ] GC(188) Old regions: 48->47
[78.726s][info][gc,heap     ] GC(188) Humongous regions: 207->207
[78.726s][info][gc,metaspace] GC(188) Metaspace: 56074K(56448K)->56074K(56448K) NonClass: 47794K(48064K)->47794K(48064K) Class: 8279K(8384K)->8279K(8384K)
[78.726s][info][gc          ] GC(188) Pause Young (Mixed) (G1 Evacuation Pause) 495M->255M(526M) 7.182ms
[78.726s][info][gc,cpu      ] GC(188) User=0.01s Sys=0.00s Real=0.01s
[79.391s][info][gc,start    ] GC(189) Pause Young (Concurrent Start) (G1 Evacuation Pause)
[79.391s][info][gc,task     ] GC(189) Using 2 workers of 2 for evacuation
[79.394s][info][gc,phases   ] GC(189)   Pre Evacuate Collection Set: 0.30ms
[79.394s][info][gc,phases   ] GC(189)   Merge Heap Roots: 0.10ms
[79.394s][info][gc,phases   ] GC(189)   Evacuate Collection Set: 2.08ms
[79.394s][info][gc,phases   ] GC(189)   Post Evacuate Collection Set: 0.52ms
[79.394s][info][gc,phases   ] GC(189)   Other: 0.09ms
[79.394s][info][gc,heap     ] GC(189) Eden regions: 239->0(243)
[79.394s][info][gc,heap     ] GC(189) Survivor regions: 3->1(31)
[79.394s][info][gc,heap     ] GC(189) Old regions: 47->47
[79.394s][info][gc,heap     ] GC(189) Humongous regions: 207->207
[79.394s][info][gc,metaspace] GC(189) Metaspace: 56074K(56448K)->56074K(56448K) NonClass: 47795K(48064K)->47795K(48064K) Class: 8279K(8384K)->8279K(8384K)
[79.394s][info][gc          ] GC(189) Pause Young (Concurrent Start) (G1 Evacuation Pause) 494M->253M(526M) 3.308ms
[79.394s][info][gc,cpu      ] GC(189) User=0.01s Sys=0.00s Real=0.01s
[79.394s][info][gc          ] GC(190) Concurrent Mark Cycle
[79.395s][info][gc,marking  ] GC(190) Concurrent Scan Root Regions
[79.397s][info][gc,marking  ] GC(190) Concurrent Scan Root Regions 2.121ms
[79.397s][info][gc,marking  ] GC(190) Concurrent Mark
[79.397s][info][gc,marking  ] GC(190) Concurrent Mark From Roots
[79.397s][info][gc,task     ] GC(190) Using 1 workers of 1 for marking
[79.469s][info][gc,marking  ] GC(190) Concurrent Mark From Roots 71.819ms
[79.469s][info][gc,marking  ] GC(190) Concurrent Preclean
[79.469s][info][gc,marking  ] GC(190) Concurrent Preclean 0.094ms
[79.469s][info][gc,start    ] GC(190) Pause Remark
[79.477s][info][gc          ] GC(190) Pause Remark 292M->292M(526M) 8.221ms
[79.477s][info][gc,cpu      ] GC(190) User=0.02s Sys=0.00s Real=0.01s
[79.478s][info][gc,marking  ] GC(190) Concurrent Mark 80.638ms
[79.478s][info][gc,marking  ] GC(190) Concurrent Rebuild Remembered Sets and Scrub Regions
[79.493s][info][gc,marking  ] GC(190) Concurrent Rebuild Remembered Sets and Scrub Regions 15.246ms
[79.493s][info][gc,start    ] GC(190) Pause Cleanup
[79.493s][info][gc          ] GC(190) Pause Cleanup 298M->298M(526M) 0.055ms
[79.493s][info][gc,cpu      ] GC(190) User=0.00s Sys=0.00s Real=0.00s
[79.493s][info][gc,marking  ] GC(190) Concurrent Clear Claimed Marks
[79.493s][info][gc,marking  ] GC(190) Concurrent Clear Claimed Marks 0.088ms
[79.493s][info][gc,marking  ] GC(190) Concurrent Cleanup for Next Mark
[79.495s][info][gc,marking  ] GC(190) Concurrent Cleanup for Next Mark 1.555ms
[79.495s][info][gc          ] GC(190) Concurrent Mark Cycle 100.821ms
[80.008s][info][gc,start    ] GC(191) Pause Young (Prepare Mixed) (G1 Evacuation Pause)
[80.008s][info][gc,task     ] GC(191) Using 2 workers of 2 for evacuation
[80.013s][info][gc,phases   ] GC(191)   Pre Evacuate Collection Set: 0.78ms
[80.013s][info][gc,phases   ] GC(191)   Merge Heap Roots: 0.10ms
[80.013s][info][gc,phases   ] GC(191)   Evacuate Collection Set: 3.21ms
[80.013s][info][gc,phases   ] GC(191)   Post Evacuate Collection Set: 0.54ms
[80.013s][info][gc,phases   ] GC(191)   Other: 0.08ms
[80.013s][info][gc,heap     ] GC(191) Eden regions: 243->0(241)
[80.013s][info][gc,heap     ] GC(191) Survivor regions: 1->2(31)
[80.013s][info][gc,heap     ] GC(191) Old regions: 47->47
[80.013s][info][gc,heap     ] GC(191) Humongous regions: 207->207
[80.013s][info][gc,metaspace] GC(191) Metaspace: 56074K(56448K)->56074K(56448K) NonClass: 47795K(48064K)->47795K(48064K) Class: 8279K(8384K)->8279K(8384K)
[80.013s][info][gc          ] GC(191) Pause Young (Prepare Mixed) (G1 Evacuation Pause) 496M->254M(526M) 4.870ms
[80.013s][info][gc,cpu      ] GC(191) User=0.01s Sys=0.00s Real=0.00s
[80.625s][info][gc,start    ] GC(192) Pause Young (Mixed) (G1 Evacuation Pause)
[80.625s][info][gc,task     ] GC(192) Using 2 workers of 2 for evacuation
[80.631s][info][gc,phases   ] GC(192)   Pre Evacuate Collection Set: 0.24ms
[80.631s][info][gc,phases   ] GC(192)   Merge Heap Roots: 0.09ms
[80.631s][info][gc,phases   ] GC(192)   Evacuate Collection Set: 5.12ms
[80.631s][info][gc,phases   ] GC(192)   Post Evacuate Collection Set: 0.56ms
[80.631s][info][gc,phases   ] GC(192)   Other: 0.07ms
[80.631s][info][gc,heap     ] GC(192) Eden regions: 241->0(240)
[80.631s][info][gc,heap     ] GC(192) Survivor regions: 2->3(31)
[80.631s][info][gc,heap     ] GC(192) Old regions: 47->46
[80.631s][info][gc,heap     ] GC(192) Humongous regions: 207->207
[80.631s][info][gc,metaspace] GC(192) Metaspace: 56074K(56448K)->56074K(56448K) NonClass: 47795K(48064K)->47795K(48064K) Class: 8279K(8384K)->8279K(8384K)
[80.631s][info][gc          ] GC(192) Pause Young (Mixed) (G1 Evacuation Pause) 495M->254M(526M) 6.259ms
[80.631s][info][gc,cpu      ] GC(192) User=0.01s Sys=0.00s Real=0.00s
[81.285s][info][gc,start    ] GC(193) Pause Young (Concurrent Start) (G1 Evacuation Pause)
[81.285s][info][gc,task     ] GC(193) Using 2 workers of 2 for evacuation
[81.288s][info][gc,phases   ] GC(193)   Pre Evacuate Collection Set: 0.28ms
[81.288s][info][gc,phases   ] GC(193)   Merge Heap Roots: 0.09ms
[81.288s][info][gc,phases   ] GC(193)   Evacuate Collection Set: 2.38ms
[81.288s][info][gc,phases   ] GC(193)   Post Evacuate Collection Set: 0.55ms
[81.288s][info][gc,phases   ] GC(193)   Other: 0.11ms
[81.288s][info][gc,heap     ] GC(193) Eden regions: 240->0(242)
[81.288s][info][gc,heap     ] GC(193) Survivor regions: 3->2(31)
[81.288s][info][gc,heap     ] GC(193) Old regions: 46->46
[81.288s][info][gc,heap     ] GC(193) Humongous regions: 207->207
[81.288s][info][gc,metaspace] GC(193) Metaspace: 56074K(56448K)->56074K(56448K) NonClass: 47795K(48064K)->47795K(48064K) Class: 8279K(8384K)->8279K(8384K)
[81.288s][info][gc          ] GC(193) Pause Young (Concurrent Start) (G1 Evacuation Pause) 494M->254M(526M) 3.590ms
[81.288s][info][gc          ] GC(194) Concurrent Mark Cycle
[81.288s][info][gc,marking  ] GC(194) Concurrent Scan Root Regions
[81.289s][info][gc,cpu      ] GC(193) User=0.00s Sys=0.00s Real=0.00s
[81.291s][info][gc,marking  ] GC(194) Concurrent Scan Root Regions 2.903ms
[81.291s][info][gc,marking  ] GC(194) Concurrent Mark
[81.291s][info][gc,marking  ] GC(194) Concurrent Mark From Roots
[81.291s][info][gc,task     ] GC(194) Using 1 workers of 1 for marking
[81.340s][info][gc,marking  ] GC(194) Concurrent Mark From Roots 49.152ms
[81.340s][info][gc,marking  ] GC(194) Concurrent Preclean
[81.340s][info][gc,marking  ] GC(194) Concurrent Preclean 0.080ms
[81.340s][info][gc,start    ] GC(194) Pause Remark
[81.349s][info][gc          ] GC(194) Pause Remark 283M->283M(526M) 8.407ms
[81.349s][info][gc,cpu      ] GC(194) User=0.02s Sys=0.00s Real=0.01s
[81.349s][info][gc,marking  ] GC(194) Concurrent Mark 58.141ms
[81.349s][info][gc,marking  ] GC(194) Concurrent Rebuild Remembered Sets and Scrub Regions
[81.368s][info][gc,marking  ] GC(194) Concurrent Rebuild Remembered Sets and Scrub Regions 18.842ms
[81.368s][info][gc,start    ] GC(194) Pause Cleanup
[81.368s][info][gc          ] GC(194) Pause Cleanup 289M->289M(526M) 0.059ms
[81.368s][info][gc,cpu      ] GC(194) User=0.00s Sys=0.00s Real=0.00s
[81.368s][info][gc,marking  ] GC(194) Concurrent Clear Claimed Marks
[81.368s][info][gc,marking  ] GC(194) Concurrent Clear Claimed Marks 0.088ms
[81.368s][info][gc,marking  ] GC(194) Concurrent Cleanup for Next Mark
[81.370s][info][gc,marking  ] GC(194) Concurrent Cleanup for Next Mark 1.611ms
[81.370s][info][gc          ] GC(194) Concurrent Mark Cycle 81.905ms
[81.905s][info][gc,start    ] GC(195) Pause Young (Prepare Mixed) (G1 Evacuation Pause)
[81.905s][info][gc,task     ] GC(195) Using 2 workers of 2 for evacuation
[81.911s][info][gc,phases   ] GC(195)   Pre Evacuate Collection Set: 0.24ms
[81.911s][info][gc,phases   ] GC(195)   Merge Heap Roots: 0.10ms
[81.911s][info][gc,phases   ] GC(195)   Evacuate Collection Set: 4.12ms
[81.911s][info][gc,phases   ] GC(195)   Post Evacuate Collection Set: 0.69ms
[81.911s][info][gc,phases   ] GC(195)   Other: 0.07ms
[81.911s][info][gc,heap     ] GC(195) Eden regions: 242->0(240)
[81.911s][info][gc,heap     ] GC(195) Survivor regions: 2->3(31)
[81.911s][info][gc,heap     ] GC(195) Old regions: 46->46
[81.911s][info][gc,heap     ] GC(195) Humongous regions: 207->207
[81.911s][info][gc,metaspace] GC(195) Metaspace: 56074K(56448K)->56074K(56448K) NonClass: 47795K(48064K)->47795K(48064K) Class: 8279K(8384K)->8279K(8384K)
[81.911s][info][gc          ] GC(195) Pause Young (Prepare Mixed) (G1 Evacuation Pause) 496M->255M(526M) 5.386ms
[81.911s][info][gc,cpu      ] GC(195) User=0.01s Sys=0.00s Real=0.00s
[82.515s][info][gc,start    ] GC(196) Pause Young (Mixed) (G1 Evacuation Pause)
[82.515s][info][gc,task     ] GC(196) Using 2 workers of 2 for evacuation
[82.523s][info][gc,phases   ] GC(196)   Pre Evacuate Collection Set: 0.24ms
[82.523s][info][gc,phases   ] GC(196)   Merge Heap Roots: 0.11ms
[82.523s][info][gc,phases   ] GC(196)   Evacuate Collection Set: 7.06ms
[82.523s][info][gc,phases   ] GC(196)   Post Evacuate Collection Set: 0.59ms
[82.523s][info][gc,phases   ] GC(196)   Other: 0.09ms
[82.523s][info][gc,heap     ] GC(196) Eden regions: 240->0(239)
[82.523s][info][gc,heap     ] GC(196) Survivor regions: 3->4(31)
[82.523s][info][gc,heap     ] GC(196) Old regions: 46->45
[82.523s][info][gc,heap     ] GC(196) Humongous regions: 207->207
[82.523s][info][gc,metaspace] GC(196) Metaspace: 56074K(56448K)->56074K(56448K) NonClass: 47795K(48064K)->47795K(48064K) Class: 8279K(8384K)->8279K(8384K)
[82.523s][info][gc          ] GC(196) Pause Young (Mixed) (G1 Evacuation Pause) 495M->254M(526M) 8.277ms
[82.523s][info][gc,cpu      ] GC(196) User=0.02s Sys=0.00s Real=0.00s
[83.134s][info][gc,start    ] GC(197) Pause Young (Concurrent Start) (G1 Evacuation Pause)
[83.134s][info][gc,task     ] GC(197) Using 2 workers of 2 for evacuation
[83.137s][info][gc,phases   ] GC(197)   Pre Evacuate Collection Set: 0.26ms
[83.137s][info][gc,phases   ] GC(197)   Merge Heap Roots: 0.10ms
[83.137s][info][gc,phases   ] GC(197)   Evacuate Collection Set: 2.42ms
[83.137s][info][gc,phases   ] GC(197)   Post Evacuate Collection Set: 0.54ms
[83.137s][info][gc,phases   ] GC(197)   Other: 0.11ms
[83.137s][info][gc,heap     ] GC(197) Eden regions: 239->0(245)
[83.137s][info][gc,heap     ] GC(197) Survivor regions: 4->1(31)
[83.137s][info][gc,heap     ] GC(197) Old regions: 45->45
[83.137s][info][gc,heap     ] GC(197) Humongous regions: 207->207
[83.137s][info][gc,metaspace] GC(197) Metaspace: 56074K(56448K)->56074K(56448K) NonClass: 47795K(48064K)->47795K(48064K) Class: 8279K(8384K)->8279K(8384K)
[83.138s][info][gc          ] GC(197) Pause Young (Concurrent Start) (G1 Evacuation Pause) 493M->252M(526M) 3.611ms
[83.138s][info][gc,cpu      ] GC(197) User=0.00s Sys=0.00s Real=0.00s
[83.138s][info][gc          ] GC(198) Concurrent Mark Cycle
[83.138s][info][gc,marking  ] GC(198) Concurrent Scan Root Regions
[83.140s][info][gc,marking  ] GC(198) Concurrent Scan Root Regions 1.951ms
[83.140s][info][gc,marking  ] GC(198) Concurrent Mark
[83.140s][info][gc,marking  ] GC(198) Concurrent Mark From Roots
[83.140s][info][gc,task     ] GC(198) Using 1 workers of 1 for marking
[83.178s][info][gc,marking  ] GC(198) Concurrent Mark From Roots 37.927ms
[83.178s][info][gc,marking  ] GC(198) Concurrent Preclean
[83.178s][info][gc,marking  ] GC(198) Concurrent Preclean 0.073ms
[83.178s][info][gc,start    ] GC(198) Pause Remark
[83.186s][info][gc          ] GC(198) Pause Remark 254M->254M(526M) 7.891ms
[83.186s][info][gc,cpu      ] GC(198) User=0.01s Sys=0.00s Real=0.01s
[83.187s][info][gc,marking  ] GC(198) Concurrent Mark 47.411ms
[83.187s][info][gc,marking  ] GC(198) Concurrent Rebuild Remembered Sets and Scrub Regions
[83.218s][info][gc,marking  ] GC(198) Concurrent Rebuild Remembered Sets and Scrub Regions 31.096ms
[83.219s][info][gc,start    ] GC(198) Pause Cleanup
[83.219s][info][gc          ] GC(198) Pause Cleanup 274M->274M(526M) 0.072ms
[83.219s][info][gc,cpu      ] GC(198) User=0.00s Sys=0.00s Real=0.00s
[83.219s][info][gc,marking  ] GC(198) Concurrent Clear Claimed Marks
[83.219s][info][gc,marking  ] GC(198) Concurrent Clear Claimed Marks 0.109ms
[83.219s][info][gc,marking  ] GC(198) Concurrent Cleanup for Next Mark
[83.221s][info][gc,marking  ] GC(198) Concurrent Cleanup for Next Mark 2.195ms
[83.221s][info][gc          ] GC(198) Concurrent Mark Cycle 83.579ms
[83.958s][info][gc,start    ] GC(199) Pause Young (Prepare Mixed) (G1 Evacuation Pause)
[83.958s][info][gc,task     ] GC(199) Using 2 workers of 2 for evacuation
[83.965s][info][gc,phases   ] GC(199)   Pre Evacuate Collection Set: 0.31ms
[83.965s][info][gc,phases   ] GC(199)   Merge Heap Roots: 0.11ms
[83.965s][info][gc,phases   ] GC(199)   Evacuate Collection Set: 5.33ms
[83.965s][info][gc,phases   ] GC(199)   Post Evacuate Collection Set: 0.55ms
[83.965s][info][gc,phases   ] GC(199)   Other: 0.09ms
[83.965s][info][gc,heap     ] GC(199) Eden regions: 245->0(241)
[83.965s][info][gc,heap     ] GC(199) Survivor regions: 1->3(31)
[83.965s][info][gc,heap     ] GC(199) Old regions: 45->45
[83.965s][info][gc,heap     ] GC(199) Humongous regions: 207->207
[83.965s][info][gc,metaspace] GC(199) Metaspace: 56074K(56448K)->56074K(56448K) NonClass: 47795K(48064K)->47795K(48064K) Class: 8279K(8384K)->8279K(8384K)
[83.965s][info][gc          ] GC(199) Pause Young (Prepare Mixed) (G1 Evacuation Pause) 497M->254M(526M) 6.572ms
[83.965s][info][gc,cpu      ] GC(199) User=0.01s Sys=0.01s Real=0.01s
[84.521s][info][gc,start    ] GC(200) Pause Young (Mixed) (G1 Evacuation Pause)
[84.521s][info][gc,task     ] GC(200) Using 2 workers of 2 for evacuation
[84.531s][info][gc,phases   ] GC(200)   Pre Evacuate Collection Set: 0.26ms
[84.531s][info][gc,phases   ] GC(200)   Merge Heap Roots: 0.11ms
[84.531s][info][gc,phases   ] GC(200)   Evacuate Collection Set: 8.02ms
[84.531s][info][gc,phases   ] GC(200)   Post Evacuate Collection Set: 0.82ms
[84.531s][info][gc,phases   ] GC(200)   Other: 0.10ms
[84.531s][info][gc,heap     ] GC(200) Eden regions: 241->0(242)
[84.531s][info][gc,heap     ] GC(200) Survivor regions: 3->3(31)
[84.531s][info][gc,heap     ] GC(200) Old regions: 45->44
[84.531s][info][gc,heap     ] GC(200) Humongous regions: 207->207
[84.531s][info][gc,metaspace] GC(200) Metaspace: 56075K(56448K)->56075K(56448K) NonClass: 47795K(48064K)->47795K(48064K) Class: 8279K(8384K)->8279K(8384K)
[84.531s][info][gc          ] GC(200) Pause Young (Mixed) (G1 Evacuation Pause) 495M->253M(526M) 9.471ms
[84.531s][info][gc,cpu      ] GC(200) User=0.02s Sys=0.00s Real=0.01s
[85.129s][info][gc,start    ] GC(201) Pause Young (Concurrent Start) (G1 Evacuation Pause)
[85.129s][info][gc,task     ] GC(201) Using 2 workers of 2 for evacuation
[85.134s][info][gc,phases   ] GC(201)   Pre Evacuate Collection Set: 0.28ms
[85.134s][info][gc,phases   ] GC(201)   Merge Heap Roots: 0.09ms
[85.134s][info][gc,phases   ] GC(201)   Evacuate Collection Set: 3.96ms
[85.134s][info][gc,phases   ] GC(201)   Post Evacuate Collection Set: 0.56ms
[85.134s][info][gc,phases   ] GC(201)   Other: 0.13ms
[85.134s][info][gc,heap     ] GC(201) Eden regions: 242->0(244)
[85.134s][info][gc,heap     ] GC(201) Survivor regions: 3->2(31)
[85.134s][info][gc,heap     ] GC(201) Old regions: 44->44
[85.134s][info][gc,heap     ] GC(201) Humongous regions: 207->207
[85.134s][info][gc,metaspace] GC(201) Metaspace: 56075K(56448K)->56075K(56448K) NonClass: 47795K(48064K)->47795K(48064K) Class: 8279K(8384K)->8279K(8384K)
[85.134s][info][gc          ] GC(201) Pause Young (Concurrent Start) (G1 Evacuation Pause) 495M->252M(526M) 5.188ms
[85.134s][info][gc          ] GC(202) Concurrent Mark Cycle
[85.134s][info][gc,marking  ] GC(202) Concurrent Scan Root Regions
[85.134s][info][gc,cpu      ] GC(201) User=0.01s Sys=0.00s Real=0.01s
[85.138s][info][gc,marking  ] GC(202) Concurrent Scan Root Regions 3.400ms
[85.138s][info][gc,marking  ] GC(202) Concurrent Mark
[85.138s][info][gc,marking  ] GC(202) Concurrent Mark From Roots
[85.138s][info][gc,task     ] GC(202) Using 1 workers of 1 for marking
[85.178s][info][gc,marking  ] GC(202) Concurrent Mark From Roots 39.643ms
[85.178s][info][gc,marking  ] GC(202) Concurrent Preclean
[85.178s][info][gc,marking  ] GC(202) Concurrent Preclean 0.072ms
[85.178s][info][gc,start    ] GC(202) Pause Remark
[85.186s][info][gc          ] GC(202) Pause Remark 256M->256M(526M) 8.260ms
[85.186s][info][gc,cpu      ] GC(202) User=0.01s Sys=0.00s Real=0.01s
[85.187s][info][gc,marking  ] GC(202) Concurrent Mark 49.018ms
[85.187s][info][gc,marking  ] GC(202) Concurrent Rebuild Remembered Sets and Scrub Regions
[85.206s][info][gc,marking  ] GC(202) Concurrent Rebuild Remembered Sets and Scrub Regions 18.741ms
[85.206s][info][gc,start    ] GC(202) Pause Cleanup
[85.206s][info][gc          ] GC(202) Pause Cleanup 267M->267M(526M) 0.068ms
[85.206s][info][gc,cpu      ] GC(202) User=0.00s Sys=0.00s Real=0.00s
[85.206s][info][gc,marking  ] GC(202) Concurrent Clear Claimed Marks
[85.206s][info][gc,marking  ] GC(202) Concurrent Clear Claimed Marks 0.084ms
[85.206s][info][gc,marking  ] GC(202) Concurrent Cleanup for Next Mark
[85.208s][info][gc,marking  ] GC(202) Concurrent Cleanup for Next Mark 2.310ms
[85.208s][info][gc          ] GC(202) Concurrent Mark Cycle 73.952ms
[85.799s][info][gc,start    ] GC(203) Pause Young (Prepare Mixed) (G1 Evacuation Pause)
[85.800s][info][gc,task     ] GC(203) Using 2 workers of 2 for evacuation
[85.804s][info][gc,phases   ] GC(203)   Pre Evacuate Collection Set: 0.25ms
[85.804s][info][gc,phases   ] GC(203)   Merge Heap Roots: 0.11ms
[85.804s][info][gc,phases   ] GC(203)   Evacuate Collection Set: 3.36ms
[85.804s][info][gc,phases   ] GC(203)   Post Evacuate Collection Set: 0.55ms
[85.804s][info][gc,phases   ] GC(203)   Other: 0.08ms
[85.804s][info][gc,heap     ] GC(203) Eden regions: 244->0(241)
[85.804s][info][gc,heap     ] GC(203) Survivor regions: 2->3(31)
[85.804s][info][gc,heap     ] GC(203) Old regions: 44->45
[85.804s][info][gc,heap     ] GC(203) Humongous regions: 207->207
[85.804s][info][gc,metaspace] GC(203) Metaspace: 56075K(56448K)->56075K(56448K) NonClass: 47795K(48064K)->47795K(48064K) Class: 8279K(8384K)->8279K(8384K)
[85.804s][info][gc          ] GC(203) Pause Young (Prepare Mixed) (G1 Evacuation Pause) 496M->253M(526M) 4.514ms
[85.804s][info][gc,cpu      ] GC(203) User=0.01s Sys=0.00s Real=0.01s
[86.459s][info][gc,start    ] GC(204) Pause Young (Mixed) (G1 Evacuation Pause)
[86.459s][info][gc,task     ] GC(204) Using 2 workers of 2 for evacuation
[86.467s][info][gc,phases   ] GC(204)   Pre Evacuate Collection Set: 0.25ms
[86.467s][info][gc,phases   ] GC(204)   Merge Heap Roots: 0.10ms
[86.467s][info][gc,phases   ] GC(204)   Evacuate Collection Set: 7.31ms
[86.467s][info][gc,phases   ] GC(204)   Post Evacuate Collection Set: 0.59ms
[86.467s][info][gc,phases   ] GC(204)   Other: 0.09ms
[86.467s][info][gc,heap     ] GC(204) Eden regions: 241->0(240)
[86.467s][info][gc,heap     ] GC(204) Survivor regions: 3->4(31)
[86.467s][info][gc,heap     ] GC(204) Old regions: 45->44
[86.467s][info][gc,heap     ] GC(204) Humongous regions: 207->207
[86.467s][info][gc,metaspace] GC(204) Metaspace: 56075K(56448K)->56075K(56448K) NonClass: 47795K(48064K)->47795K(48064K) Class: 8279K(8384K)->8279K(8384K)
[86.467s][info][gc          ] GC(204) Pause Young (Mixed) (G1 Evacuation Pause) 494M->253M(526M) 8.507ms
[86.467s][info][gc,cpu      ] GC(204) User=0.02s Sys=0.00s Real=0.01s
[87.083s][info][gc,start    ] GC(205) Pause Young (Concurrent Start) (G1 Evacuation Pause)
[87.083s][info][gc,task     ] GC(205) Using 2 workers of 2 for evacuation
[87.086s][info][gc,phases   ] GC(205)   Pre Evacuate Collection Set: 0.27ms
[87.086s][info][gc,phases   ] GC(205)   Merge Heap Roots: 0.09ms
[87.086s][info][gc,phases   ] GC(205)   Evacuate Collection Set: 2.04ms
[87.086s][info][gc,phases   ] GC(205)   Post Evacuate Collection Set: 0.51ms
[87.086s][info][gc,phases   ] GC(205)   Other: 0.09ms
[87.086s][info][gc,heap     ] GC(205) Eden regions: 240->0(246)
[87.086s][info][gc,heap     ] GC(205) Survivor regions: 4->1(31)
[87.086s][info][gc,heap     ] GC(205) Old regions: 44->44
[87.086s][info][gc,heap     ] GC(205) Humongous regions: 207->207
[87.086s][info][gc,metaspace] GC(205) Metaspace: 56075K(56448K)->56075K(56448K) NonClass: 47795K(48064K)->47795K(48064K) Class: 8279K(8384K)->8279K(8384K)
[87.086s][info][gc          ] GC(205) Pause Young (Concurrent Start) (G1 Evacuation Pause) 493M->251M(526M) 3.157ms
[87.086s][info][gc          ] GC(206) Concurrent Mark Cycle
[87.086s][info][gc,marking  ] GC(206) Concurrent Scan Root Regions
[87.088s][info][gc,marking  ] GC(206) Concurrent Scan Root Regions 1.390ms
[87.088s][info][gc,marking  ] GC(206) Concurrent Mark
[87.088s][info][gc,marking  ] GC(206) Concurrent Mark From Roots
[87.088s][info][gc,task     ] GC(206) Using 1 workers of 1 for marking
[87.088s][info][gc,cpu      ] GC(205) User=0.01s Sys=0.00s Real=0.01s
[87.155s][info][gc,marking  ] GC(206) Concurrent Mark From Roots 67.524ms
[87.155s][info][gc,marking  ] GC(206) Concurrent Preclean
[87.155s][info][gc,marking  ] GC(206) Concurrent Preclean 0.085ms
[87.156s][info][gc,start    ] GC(206) Pause Remark
[87.164s][info][gc          ] GC(206) Pause Remark 289M->289M(526M) 8.216ms
[87.164s][info][gc,cpu      ] GC(206) User=0.01s Sys=0.00s Real=0.00s
[87.164s][info][gc,marking  ] GC(206) Concurrent Mark 76.047ms
[87.164s][info][gc,marking  ] GC(206) Concurrent Rebuild Remembered Sets and Scrub Regions
[87.179s][info][gc,marking  ] GC(206) Concurrent Rebuild Remembered Sets and Scrub Regions 15.163ms
[87.179s][info][gc,start    ] GC(206) Pause Cleanup
[87.179s][info][gc          ] GC(206) Pause Cleanup 289M->289M(526M) 0.043ms
[87.179s][info][gc,cpu      ] GC(206) User=0.00s Sys=0.00s Real=0.00s
[87.179s][info][gc,marking  ] GC(206) Concurrent Clear Claimed Marks
[87.179s][info][gc,marking  ] GC(206) Concurrent Clear Claimed Marks 0.093ms
[87.179s][info][gc,marking  ] GC(206) Concurrent Cleanup for Next Mark
[87.181s][info][gc,marking  ] GC(206) Concurrent Cleanup for Next Mark 1.518ms
[87.181s][info][gc          ] GC(206) Concurrent Mark Cycle 94.674ms
[87.705s][info][gc,start    ] GC(207) Pause Young (Prepare Mixed) (G1 Evacuation Pause)
[87.705s][info][gc,task     ] GC(207) Using 2 workers of 2 for evacuation
[87.711s][info][gc,phases   ] GC(207)   Pre Evacuate Collection Set: 0.26ms
[87.711s][info][gc,phases   ] GC(207)   Merge Heap Roots: 0.11ms
[87.711s][info][gc,phases   ] GC(207)   Evacuate Collection Set: 4.28ms
[87.711s][info][gc,phases   ] GC(207)   Post Evacuate Collection Set: 0.56ms
[87.711s][info][gc,phases   ] GC(207)   Other: 0.08ms
[87.711s][info][gc,heap     ] GC(207) Eden regions: 246->0(242)
[87.711s][info][gc,heap     ] GC(207) Survivor regions: 1->3(31)
[87.711s][info][gc,heap     ] GC(207) Old regions: 44->44
[87.711s][info][gc,heap     ] GC(207) Humongous regions: 207->207
[87.711s][info][gc,metaspace] GC(207) Metaspace: 56075K(56448K)->56075K(56448K) NonClass: 47795K(48064K)->47795K(48064K) Class: 8279K(8384K)->8279K(8384K)
[87.711s][info][gc          ] GC(207) Pause Young (Prepare Mixed) (G1 Evacuation Pause) 497M->253M(526M) 5.484ms
[87.711s][info][gc,cpu      ] GC(207) User=0.01s Sys=0.00s Real=0.00s
[88.374s][info][gc,start    ] GC(208) Pause Young (Mixed) (G1 Evacuation Pause)
[88.374s][info][gc,task     ] GC(208) Using 2 workers of 2 for evacuation
[88.395s][info][gc,phases   ] GC(208)   Pre Evacuate Collection Set: 0.42ms
[88.395s][info][gc,phases   ] GC(208)   Merge Heap Roots: 0.12ms
[88.395s][info][gc,phases   ] GC(208)   Evacuate Collection Set: 19.26ms
[88.395s][info][gc,phases   ] GC(208)   Post Evacuate Collection Set: 0.93ms
[88.395s][info][gc,phases   ] GC(208)   Other: 0.10ms
[88.395s][info][gc,heap     ] GC(208) Eden regions: 242->0(242)
[88.395s][info][gc,heap     ] GC(208) Survivor regions: 3->3(31)
[88.395s][info][gc,heap     ] GC(208) Old regions: 44->44
[88.395s][info][gc,heap     ] GC(208) Humongous regions: 207->207
[88.395s][info][gc,metaspace] GC(208) Metaspace: 56076K(56448K)->56076K(56448K) NonClass: 47796K(48064K)->47796K(48064K) Class: 8279K(8384K)->8279K(8384K)
[88.395s][info][gc          ] GC(208) Pause Young (Mixed) (G1 Evacuation Pause) 495M->253M(526M) 21.029ms
[88.395s][info][gc,cpu      ] GC(208) User=0.03s Sys=0.00s Real=0.02s
[88.982s][info][gc,start    ] GC(209) Pause Young (Concurrent Start) (G1 Evacuation Pause)
[88.982s][info][gc,task     ] GC(209) Using 2 workers of 2 for evacuation
[88.986s][info][gc,phases   ] GC(209)   Pre Evacuate Collection Set: 0.25ms
[88.986s][info][gc,phases   ] GC(209)   Merge Heap Roots: 0.08ms
[88.986s][info][gc,phases   ] GC(209)   Evacuate Collection Set: 2.42ms
[88.986s][info][gc,phases   ] GC(209)   Post Evacuate Collection Set: 0.54ms
[88.986s][info][gc,phases   ] GC(209)   Other: 0.14ms
[88.986s][info][gc,heap     ] GC(209) Eden regions: 242->0(246)
[88.986s][info][gc,heap     ] GC(209) Survivor regions: 3->1(31)
[88.986s][info][gc,heap     ] GC(209) Old regions: 44->44
[88.986s][info][gc,heap     ] GC(209) Humongous regions: 207->207
[88.986s][info][gc,metaspace] GC(209) Metaspace: 56076K(56448K)->56076K(56448K) NonClass: 47796K(48064K)->47796K(48064K) Class: 8279K(8384K)->8279K(8384K)
[88.986s][info][gc          ] GC(209) Pause Young (Concurrent Start) (G1 Evacuation Pause) 495M->251M(526M) 3.599ms
[88.986s][info][gc          ] GC(210) Concurrent Mark Cycle
[88.986s][info][gc,marking  ] GC(210) Concurrent Scan Root Regions
[88.987s][info][gc,cpu      ] GC(209) User=0.00s Sys=0.00s Real=0.01s
[88.987s][info][gc,marking  ] GC(210) Concurrent Scan Root Regions 1.316ms
[88.987s][info][gc,marking  ] GC(210) Concurrent Mark
[88.987s][info][gc,marking  ] GC(210) Concurrent Mark From Roots
[88.987s][info][gc,task     ] GC(210) Using 1 workers of 1 for marking
[89.060s][info][gc,marking  ] GC(210) Concurrent Mark From Roots 72.637ms
[89.060s][info][gc,marking  ] GC(210) Concurrent Preclean
[89.060s][info][gc,marking  ] GC(210) Concurrent Preclean 0.092ms
[89.060s][info][gc,start    ] GC(210) Pause Remark
[89.068s][info][gc          ] GC(210) Pause Remark 289M->289M(526M) 7.872ms
[89.068s][info][gc,cpu      ] GC(210) User=0.02s Sys=0.00s Real=0.01s
[89.068s][info][gc,marking  ] GC(210) Concurrent Mark 81.088ms
[89.068s][info][gc,marking  ] GC(210) Concurrent Rebuild Remembered Sets and Scrub Regions
[89.084s][info][gc,marking  ] GC(210) Concurrent Rebuild Remembered Sets and Scrub Regions 16.013ms
[89.085s][info][gc,start    ] GC(210) Pause Cleanup
[89.085s][info][gc          ] GC(210) Pause Cleanup 290M->290M(526M) 0.056ms
[89.085s][info][gc,cpu      ] GC(210) User=0.00s Sys=0.00s Real=0.00s
[89.085s][info][gc,marking  ] GC(210) Concurrent Clear Claimed Marks
[89.085s][info][gc,marking  ] GC(210) Concurrent Clear Claimed Marks 0.092ms
[89.085s][info][gc,marking  ] GC(210) Concurrent Cleanup for Next Mark
[89.088s][info][gc,marking  ] GC(210) Concurrent Cleanup for Next Mark 3.128ms
[89.088s][info][gc          ] GC(210) Concurrent Mark Cycle 102.125ms
[89.616s][info][gc,start    ] GC(211) Pause Young (Prepare Mixed) (G1 Evacuation Pause)
[89.616s][info][gc,task     ] GC(211) Using 2 workers of 2 for evacuation
[89.621s][info][gc,phases   ] GC(211)   Pre Evacuate Collection Set: 0.24ms
[89.621s][info][gc,phases   ] GC(211)   Merge Heap Roots: 0.10ms
[89.621s][info][gc,phases   ] GC(211)   Evacuate Collection Set: 4.00ms
[89.621s][info][gc,phases   ] GC(211)   Post Evacuate Collection Set: 0.56ms
[89.621s][info][gc,phases   ] GC(211)   Other: 0.10ms
[89.621s][info][gc,heap     ] GC(211) Eden regions: 246->0(242)
[89.621s][info][gc,heap     ] GC(211) Survivor regions: 1->3(31)
[89.621s][info][gc,heap     ] GC(211) Old regions: 44->44
[89.621s][info][gc,heap     ] GC(211) Humongous regions: 207->207
[89.621s][info][gc,metaspace] GC(211) Metaspace: 56076K(56448K)->56076K(56448K) NonClass: 47796K(48064K)->47796K(48064K) Class: 8279K(8384K)->8279K(8384K)
[89.621s][info][gc          ] GC(211) Pause Young (Prepare Mixed) (G1 Evacuation Pause) 497M->253M(526M) 5.171ms
[89.621s][info][gc,cpu      ] GC(211) User=0.01s Sys=0.01s Real=0.00s
[90.222s][info][gc,start    ] GC(212) Pause Young (Mixed) (G1 Evacuation Pause)
[90.222s][info][gc,task     ] GC(212) Using 2 workers of 2 for evacuation
[90.228s][info][gc,phases   ] GC(212)   Pre Evacuate Collection Set: 0.26ms
[90.229s][info][gc,phases   ] GC(212)   Merge Heap Roots: 0.09ms
[90.229s][info][gc,phases   ] GC(212)   Evacuate Collection Set: 5.65ms
[90.229s][info][gc,phases   ] GC(212)   Post Evacuate Collection Set: 0.58ms
[90.229s][info][gc,phases   ] GC(212)   Other: 0.10ms
[90.229s][info][gc,heap     ] GC(212) Eden regions: 242->0(242)
[90.229s][info][gc,heap     ] GC(212) Survivor regions: 3->3(31)
[90.229s][info][gc,heap     ] GC(212) Old regions: 44->44
[90.229s][info][gc,heap     ] GC(212) Humongous regions: 207->207
[90.229s][info][gc,metaspace] GC(212) Metaspace: 56076K(56448K)->56076K(56448K) NonClass: 47796K(48064K)->47796K(48064K) Class: 8279K(8384K)->8279K(8384K)
[90.229s][info][gc          ] GC(212) Pause Young (Mixed) (G1 Evacuation Pause) 495M->253M(526M) 6.854ms
[90.229s][info][gc,cpu      ] GC(212) User=0.01s Sys=0.00s Real=0.01s
[90.888s][info][gc,start    ] GC(213) Pause Young (Concurrent Start) (G1 Evacuation Pause)
[90.888s][info][gc,task     ] GC(213) Using 2 workers of 2 for evacuation
[90.891s][info][gc,phases   ] GC(213)   Pre Evacuate Collection Set: 0.26ms
[90.891s][info][gc,phases   ] GC(213)   Merge Heap Roots: 0.08ms
[90.891s][info][gc,phases   ] GC(213)   Evacuate Collection Set: 2.66ms
[90.891s][info][gc,phases   ] GC(213)   Post Evacuate Collection Set: 0.52ms
[90.891s][info][gc,phases   ] GC(213)   Other: 0.09ms
[90.891s][info][gc,heap     ] GC(213) Eden regions: 242->0(246)
[90.891s][info][gc,heap     ] GC(213) Survivor regions: 3->1(31)
[90.891s][info][gc,heap     ] GC(213) Old regions: 44->44
[90.891s][info][gc,heap     ] GC(213) Humongous regions: 207->207
[90.891s][info][gc,metaspace] GC(213) Metaspace: 56076K(56448K)->56076K(56448K) NonClass: 47796K(48064K)->47796K(48064K) Class: 8279K(8384K)->8279K(8384K)
[90.891s][info][gc          ] GC(213) Pause Young (Concurrent Start) (G1 Evacuation Pause) 495M->251M(526M) 3.809ms
[90.891s][info][gc,cpu      ] GC(213) User=0.00s Sys=0.00s Real=0.00s
[90.892s][info][gc          ] GC(214) Concurrent Mark Cycle
[90.893s][info][gc,marking  ] GC(214) Concurrent Scan Root Regions
[90.895s][info][gc,marking  ] GC(214) Concurrent Scan Root Regions 1.835ms
[90.895s][info][gc,marking  ] GC(214) Concurrent Mark
[90.895s][info][gc,marking  ] GC(214) Concurrent Mark From Roots
[90.895s][info][gc,task     ] GC(214) Using 1 workers of 1 for marking
[90.951s][info][gc,marking  ] GC(214) Concurrent Mark From Roots 56.438ms
[90.951s][info][gc,marking  ] GC(214) Concurrent Preclean
[90.951s][info][gc,marking  ] GC(214) Concurrent Preclean 0.073ms
[90.951s][info][gc,start    ] GC(214) Pause Remark
[90.959s][info][gc          ] GC(214) Pause Remark 283M->283M(526M) 7.974ms
[90.959s][info][gc,cpu      ] GC(214) User=0.01s Sys=0.00s Real=0.01s
[90.960s][info][gc,marking  ] GC(214) Concurrent Mark 64.948ms
[90.960s][info][gc,marking  ] GC(214) Concurrent Rebuild Remembered Sets and Scrub Regions
[90.975s][info][gc,marking  ] GC(214) Concurrent Rebuild Remembered Sets and Scrub Regions 15.236ms
[90.975s][info][gc,start    ] GC(214) Pause Cleanup
[90.975s][info][gc          ] GC(214) Pause Cleanup 285M->285M(526M) 0.055ms
[90.975s][info][gc,cpu      ] GC(214) User=0.01s Sys=0.00s Real=0.00s
[90.975s][info][gc,marking  ] GC(214) Concurrent Clear Claimed Marks
[90.975s][info][gc,marking  ] GC(214) Concurrent Clear Claimed Marks 0.085ms
[90.975s][info][gc,marking  ] GC(214) Concurrent Cleanup for Next Mark
[90.977s][info][gc,marking  ] GC(214) Concurrent Cleanup for Next Mark 1.514ms
[90.977s][info][gc          ] GC(214) Concurrent Mark Cycle 85.164ms
[91.508s][info][gc,start    ] GC(215) Pause Young (Prepare Mixed) (G1 Evacuation Pause)
[91.508s][info][gc,task     ] GC(215) Using 2 workers of 2 for evacuation
[91.512s][info][gc,phases   ] GC(215)   Pre Evacuate Collection Set: 0.27ms
[91.512s][info][gc,phases   ] GC(215)   Merge Heap Roots: 0.10ms
[91.512s][info][gc,phases   ] GC(215)   Evacuate Collection Set: 3.12ms
[91.512s][info][gc,phases   ] GC(215)   Post Evacuate Collection Set: 0.55ms
[91.512s][info][gc,phases   ] GC(215)   Other: 0.07ms
[91.512s][info][gc,heap     ] GC(215) Eden regions: 246->0(244)
[91.512s][info][gc,heap     ] GC(215) Survivor regions: 1->2(31)
[91.512s][info][gc,heap     ] GC(215) Old regions: 44->44
[91.512s][info][gc,heap     ] GC(215) Humongous regions: 207->207
[91.512s][info][gc,metaspace] GC(215) Metaspace: 56076K(56448K)->56076K(56448K) NonClass: 47796K(48064K)->47796K(48064K) Class: 8279K(8384K)->8279K(8384K)
[91.512s][info][gc          ] GC(215) Pause Young (Prepare Mixed) (G1 Evacuation Pause) 497M->252M(526M) 4.274ms
[91.512s][info][gc,cpu      ] GC(215) User=0.01s Sys=0.00s Real=0.00s
[92.130s][info][gc,start    ] GC(216) Pause Young (Mixed) (G1 Evacuation Pause)
[92.130s][info][gc,task     ] GC(216) Using 2 workers of 2 for evacuation
[92.136s][info][gc,phases   ] GC(216)   Pre Evacuate Collection Set: 0.27ms
[92.136s][info][gc,phases   ] GC(216)   Merge Heap Roots: 0.09ms
[92.136s][info][gc,phases   ] GC(216)   Evacuate Collection Set: 4.87ms
[92.136s][info][gc,phases   ] GC(216)   Post Evacuate Collection Set: 0.58ms
[92.136s][info][gc,phases   ] GC(216)   Other: 0.07ms
[92.136s][info][gc,heap     ] GC(216) Eden regions: 244->0(244)
[92.136s][info][gc,heap     ] GC(216) Survivor regions: 2->2(31)
[92.136s][info][gc,heap     ] GC(216) Old regions: 44->44
[92.136s][info][gc,heap     ] GC(216) Humongous regions: 207->207
[92.136s][info][gc,metaspace] GC(216) Metaspace: 56076K(56448K)->56076K(56448K) NonClass: 47796K(48064K)->47796K(48064K) Class: 8279K(8384K)->8279K(8384K)
[92.136s][info][gc          ] GC(216) Pause Young (Mixed) (G1 Evacuation Pause) 496M->252M(526M) 6.067ms
[92.136s][info][gc,cpu      ] GC(216) User=0.01s Sys=0.00s Real=0.01s
[92.793s][info][gc,start    ] GC(217) Pause Young (Concurrent Start) (G1 Evacuation Pause)
[92.793s][info][gc,task     ] GC(217) Using 2 workers of 2 for evacuation
[92.797s][info][gc,phases   ] GC(217)   Pre Evacuate Collection Set: 0.27ms
[92.797s][info][gc,phases   ] GC(217)   Merge Heap Roots: 0.08ms
[92.797s][info][gc,phases   ] GC(217)   Evacuate Collection Set: 3.13ms
[92.797s][info][gc,phases   ] GC(217)   Post Evacuate Collection Set: 0.54ms
[92.797s][info][gc,phases   ] GC(217)   Other: 0.09ms
[92.797s][info][gc,heap     ] GC(217) Eden regions: 244->0(244)
[92.797s][info][gc,heap     ] GC(217) Survivor regions: 2->2(31)
[92.797s][info][gc,heap     ] GC(217) Old regions: 44->44
[92.797s][info][gc,heap     ] GC(217) Humongous regions: 207->207
[92.797s][info][gc,metaspace] GC(217) Metaspace: 56076K(56448K)->56076K(56448K) NonClass: 47796K(48064K)->47796K(48064K) Class: 8279K(8384K)->8279K(8384K)
[92.797s][info][gc          ] GC(217) Pause Young (Concurrent Start) (G1 Evacuation Pause) 496M->252M(526M) 4.280ms
[92.797s][info][gc,cpu      ] GC(217) User=0.01s Sys=0.00s Real=0.01s
[92.797s][info][gc          ] GC(218) Concurrent Mark Cycle
[92.798s][info][gc,marking  ] GC(218) Concurrent Scan Root Regions
[92.806s][info][gc,marking  ] GC(218) Concurrent Scan Root Regions 8.127ms
[92.806s][info][gc,marking  ] GC(218) Concurrent Mark
[92.806s][info][gc,marking  ] GC(218) Concurrent Mark From Roots
[92.806s][info][gc,task     ] GC(218) Using 1 workers of 1 for marking
[92.850s][info][gc,marking  ] GC(218) Concurrent Mark From Roots 43.820ms
[92.850s][info][gc,marking  ] GC(218) Concurrent Preclean
[92.850s][info][gc,marking  ] GC(218) Concurrent Preclean 0.073ms
[92.850s][info][gc,start    ] GC(218) Pause Remark
[92.859s][info][gc          ] GC(218) Pause Remark 276M->276M(526M) 8.274ms
[92.859s][info][gc,cpu      ] GC(218) User=0.01s Sys=0.00s Real=0.01s
[92.859s][info][gc,marking  ] GC(218) Concurrent Mark 52.697ms
[92.859s][info][gc,marking  ] GC(218) Concurrent Rebuild Remembered Sets and Scrub Regions
[92.888s][info][gc,marking  ] GC(218) Concurrent Rebuild Remembered Sets and Scrub Regions 28.768ms
[92.888s][info][gc,start    ] GC(218) Pause Cleanup
[92.888s][info][gc          ] GC(218) Pause Cleanup 281M->281M(526M) 0.063ms
[92.888s][info][gc,cpu      ] GC(218) User=0.00s Sys=0.00s Real=0.00s
[92.888s][info][gc,marking  ] GC(218) Concurrent Clear Claimed Marks
[92.888s][info][gc,marking  ] GC(218) Concurrent Clear Claimed Marks 0.091ms
[92.888s][info][gc,marking  ] GC(218) Concurrent Cleanup for Next Mark
[92.892s][info][gc,marking  ] GC(218) Concurrent Cleanup for Next Mark 3.415ms
[92.892s][info][gc          ] GC(218) Concurrent Mark Cycle 94.246ms
[93.409s][info][gc,start    ] GC(219) Pause Young (Prepare Mixed) (G1 Evacuation Pause)
[93.409s][info][gc,task     ] GC(219) Using 2 workers of 2 for evacuation
[93.415s][info][gc,phases   ] GC(219)   Pre Evacuate Collection Set: 0.26ms
[93.415s][info][gc,phases   ] GC(219)   Merge Heap Roots: 0.11ms
[93.415s][info][gc,phases   ] GC(219)   Evacuate Collection Set: 4.67ms
[93.415s][info][gc,phases   ] GC(219)   Post Evacuate Collection Set: 0.55ms
[93.415s][info][gc,phases   ] GC(219)   Other: 0.08ms
[93.415s][info][gc,heap     ] GC(219) Eden regions: 244->0(242)
[93.415s][info][gc,heap     ] GC(219) Survivor regions: 2->3(31)
[93.415s][info][gc,heap     ] GC(219) Old regions: 44->44
[93.415s][info][gc,heap     ] GC(219) Humongous regions: 207->207
[93.415s][info][gc,metaspace] GC(219) Metaspace: 56076K(56448K)->56076K(56448K) NonClass: 47796K(48064K)->47796K(48064K) Class: 8279K(8384K)->8279K(8384K)
[93.415s][info][gc          ] GC(219) Pause Young (Prepare Mixed) (G1 Evacuation Pause) 496M->253M(526M) 5.834ms
[93.415s][info][gc,cpu      ] GC(219) User=0.01s Sys=0.00s Real=0.01s
[94.107s][info][gc,start    ] GC(220) Pause Young (Mixed) (G1 Evacuation Pause)
[94.107s][info][gc,task     ] GC(220) Using 2 workers of 2 for evacuation
[94.114s][info][gc,phases   ] GC(220)   Pre Evacuate Collection Set: 0.29ms
[94.114s][info][gc,phases   ] GC(220)   Merge Heap Roots: 0.15ms
[94.114s][info][gc,phases   ] GC(220)   Evacuate Collection Set: 6.08ms
[94.114s][info][gc,phases   ] GC(220)   Post Evacuate Collection Set: 0.60ms
[94.114s][info][gc,phases   ] GC(220)   Other: 0.09ms
[94.114s][info][gc,heap     ] GC(220) Eden regions: 242->0(246)
[94.114s][info][gc,heap     ] GC(220) Survivor regions: 3->1(31)
[94.114s][info][gc,heap     ] GC(220) Old regions: 44->44
[94.114s][info][gc,heap     ] GC(220) Humongous regions: 207->207
[94.114s][info][gc,metaspace] GC(220) Metaspace: 56076K(56448K)->56076K(56448K) NonClass: 47796K(48064K)->47796K(48064K) Class: 8279K(8384K)->8279K(8384K)
[94.114s][info][gc          ] GC(220) Pause Young (Mixed) (G1 Evacuation Pause) 495M->251M(526M) 7.381ms
[94.114s][info][gc,cpu      ] GC(220) User=0.01s Sys=0.00s Real=0.01s
[94.702s][info][gc,start    ] GC(221) Pause Young (Concurrent Start) (G1 Evacuation Pause)
[94.703s][info][gc,task     ] GC(221) Using 2 workers of 2 for evacuation
[94.708s][info][gc,phases   ] GC(221)   Pre Evacuate Collection Set: 0.29ms
[94.708s][info][gc,phases   ] GC(221)   Merge Heap Roots: 0.10ms
[94.708s][info][gc,phases   ] GC(221)   Evacuate Collection Set: 4.20ms
[94.708s][info][gc,phases   ] GC(221)   Post Evacuate Collection Set: 0.53ms
[94.708s][info][gc,phases   ] GC(221)   Other: 0.09ms
[94.708s][info][gc,heap     ] GC(221) Eden regions: 246->0(244)
[94.708s][info][gc,heap     ] GC(221) Survivor regions: 1->2(31)
[94.708s][info][gc,heap     ] GC(221) Old regions: 44->44
[94.708s][info][gc,heap     ] GC(221) Humongous regions: 207->207
[94.708s][info][gc,metaspace] GC(221) Metaspace: 56077K(56448K)->56077K(56448K) NonClass: 47797K(48064K)->47797K(48064K) Class: 8279K(8384K)->8279K(8384K)
[94.708s][info][gc          ] GC(221) Pause Young (Concurrent Start) (G1 Evacuation Pause) 497M->252M(526M) 5.370ms
[94.708s][info][gc,cpu      ] GC(221) User=0.01s Sys=0.00s Real=0.01s
[94.708s][info][gc          ] GC(222) Concurrent Mark Cycle
[94.712s][info][gc,marking  ] GC(222) Concurrent Scan Root Regions
[94.718s][info][gc,marking  ] GC(222) Concurrent Scan Root Regions 5.992ms
[94.718s][info][gc,marking  ] GC(222) Concurrent Mark
[94.718s][info][gc,marking  ] GC(222) Concurrent Mark From Roots
[94.718s][info][gc,task     ] GC(222) Using 1 workers of 1 for marking
[94.761s][info][gc,marking  ] GC(222) Concurrent Mark From Roots 43.437ms
[94.761s][info][gc,marking  ] GC(222) Concurrent Preclean
[94.761s][info][gc,marking  ] GC(222) Concurrent Preclean 0.083ms
[94.762s][info][gc,start    ] GC(222) Pause Remark
[94.770s][info][gc          ] GC(222) Pause Remark 275M->275M(526M) 7.953ms
[94.770s][info][gc,cpu      ] GC(222) User=0.02s Sys=0.00s Real=0.01s
[94.770s][info][gc,marking  ] GC(222) Concurrent Mark 51.664ms
[94.770s][info][gc,marking  ] GC(222) Concurrent Rebuild Remembered Sets and Scrub Regions
[94.787s][info][gc,marking  ] GC(222) Concurrent Rebuild Remembered Sets and Scrub Regions 17.624ms
[94.787s][info][gc,start    ] GC(222) Pause Cleanup
[94.787s][info][gc          ] GC(222) Pause Cleanup 278M->278M(526M) 0.052ms
[94.787s][info][gc,cpu      ] GC(222) User=0.00s Sys=0.00s Real=0.00s
[94.788s][info][gc,marking  ] GC(222) Concurrent Clear Claimed Marks
[94.788s][info][gc,marking  ] GC(222) Concurrent Clear Claimed Marks 0.090ms
[94.788s][info][gc,marking  ] GC(222) Concurrent Cleanup for Next Mark
[94.791s][info][gc,marking  ] GC(222) Concurrent Cleanup for Next Mark 2.755ms
[94.791s][info][gc          ] GC(222) Concurrent Mark Cycle 82.984ms
[95.319s][info][gc,start    ] GC(223) Pause Young (Prepare Mixed) (G1 Evacuation Pause)
[95.319s][info][gc,task     ] GC(223) Using 2 workers of 2 for evacuation
[95.324s][info][gc,phases   ] GC(223)   Pre Evacuate Collection Set: 0.24ms
[95.324s][info][gc,phases   ] GC(223)   Merge Heap Roots: 0.10ms
[95.324s][info][gc,phases   ] GC(223)   Evacuate Collection Set: 4.06ms
[95.324s][info][gc,phases   ] GC(223)   Post Evacuate Collection Set: 0.54ms
[95.324s][info][gc,phases   ] GC(223)   Other: 0.10ms
[95.324s][info][gc,heap     ] GC(223) Eden regions: 244->0(244)
[95.324s][info][gc,heap     ] GC(223) Survivor regions: 2->2(31)
[95.324s][info][gc,heap     ] GC(223) Old regions: 44->44
[95.324s][info][gc,heap     ] GC(223) Humongous regions: 207->207
[95.324s][info][gc,metaspace] GC(223) Metaspace: 56077K(56448K)->56077K(56448K) NonClass: 47797K(48064K)->47797K(48064K) Class: 8279K(8384K)->8279K(8384K)
[95.324s][info][gc          ] GC(223) Pause Young (Prepare Mixed) (G1 Evacuation Pause) 496M->252M(526M) 5.210ms
[95.324s][info][gc,cpu      ] GC(223) User=0.01s Sys=0.00s Real=0.01s
[95.988s][info][gc,start    ] GC(224) Pause Young (Mixed) (G1 Evacuation Pause)
[95.988s][info][gc,task     ] GC(224) Using 2 workers of 2 for evacuation
[95.993s][info][gc,phases   ] GC(224)   Pre Evacuate Collection Set: 0.25ms
[95.993s][info][gc,phases   ] GC(224)   Merge Heap Roots: 0.10ms
[95.993s][info][gc,phases   ] GC(224)   Evacuate Collection Set: 3.96ms
[95.993s][info][gc,phases   ] GC(224)   Post Evacuate Collection Set: 0.58ms
[95.993s][info][gc,phases   ] GC(224)   Other: 0.08ms
[95.993s][info][gc,heap     ] GC(224) Eden regions: 244->0(246)
[95.993s][info][gc,heap     ] GC(224) Survivor regions: 2->1(31)
[95.994s][info][gc,heap     ] GC(224) Old regions: 44->44
[95.994s][info][gc,heap     ] GC(224) Humongous regions: 207->207
[95.994s][info][gc,metaspace] GC(224) Metaspace: 56077K(56448K)->56077K(56448K) NonClass: 47797K(48064K)->47797K(48064K) Class: 8279K(8384K)->8279K(8384K)
[95.994s][info][gc          ] GC(224) Pause Young (Mixed) (G1 Evacuation Pause) 496M->251M(526M) 5.149ms
[95.994s][info][gc,cpu      ] GC(224) User=0.01s Sys=0.00s Real=0.00s
[96.604s][info][gc,start    ] GC(225) Pause Young (Concurrent Start) (G1 Evacuation Pause)
[96.604s][info][gc,task     ] GC(225) Using 2 workers of 2 for evacuation
[96.609s][info][gc,phases   ] GC(225)   Pre Evacuate Collection Set: 0.26ms
[96.609s][info][gc,phases   ] GC(225)   Merge Heap Roots: 0.09ms
[96.609s][info][gc,phases   ] GC(225)   Evacuate Collection Set: 4.37ms
[96.609s][info][gc,phases   ] GC(225)   Post Evacuate Collection Set: 0.53ms
[96.609s][info][gc,phases   ] GC(225)   Other: 0.12ms
[96.609s][info][gc,heap     ] GC(225) Eden regions: 246->0(242)
[96.609s][info][gc,heap     ] GC(225) Survivor regions: 1->3(31)
[96.609s][info][gc,heap     ] GC(225) Old regions: 44->44
[96.609s][info][gc,heap     ] GC(225) Humongous regions: 207->207
[96.609s][info][gc,metaspace] GC(225) Metaspace: 56077K(56448K)->56077K(56448K) NonClass: 47797K(48064K)->47797K(48064K) Class: 8279K(8384K)->8279K(8384K)
[96.609s][info][gc          ] GC(225) Pause Young (Concurrent Start) (G1 Evacuation Pause) 497M->252M(526M) 5.543ms
[96.609s][info][gc,cpu      ] GC(225) User=0.01s Sys=0.00s Real=0.01s
[96.609s][info][gc          ] GC(226) Concurrent Mark Cycle
[96.609s][info][gc,marking  ] GC(226) Concurrent Scan Root Regions
[96.616s][info][gc,marking  ] GC(226) Concurrent Scan Root Regions 6.548ms
[96.616s][info][gc,marking  ] GC(226) Concurrent Mark
[96.616s][info][gc,marking  ] GC(226) Concurrent Mark From Roots
[96.616s][info][gc,task     ] GC(226) Using 1 workers of 1 for marking
[96.667s][info][gc,marking  ] GC(226) Concurrent Mark From Roots 51.410ms
[96.667s][info][gc,marking  ] GC(226) Concurrent Preclean
[96.667s][info][gc,marking  ] GC(226) Concurrent Preclean 0.082ms
[96.668s][info][gc,start    ] GC(226) Pause Remark
[96.677s][info][gc          ] GC(226) Pause Remark 271M->271M(526M) 8.950ms
[96.677s][info][gc,cpu      ] GC(226) User=0.01s Sys=0.00s Real=0.01s
[96.677s][info][gc,marking  ] GC(226) Concurrent Mark 60.898ms
[96.677s][info][gc,marking  ] GC(226) Concurrent Rebuild Remembered Sets and Scrub Regions
[96.702s][info][gc,marking  ] GC(226) Concurrent Rebuild Remembered Sets and Scrub Regions 23.980ms
[96.702s][info][gc,start    ] GC(226) Pause Cleanup
[96.702s][info][gc          ] GC(226) Pause Cleanup 284M->284M(526M) 0.061ms
[96.702s][info][gc,cpu      ] GC(226) User=0.00s Sys=0.00s Real=0.00s
[96.705s][info][gc,marking  ] GC(226) Concurrent Clear Claimed Marks
[96.705s][info][gc,marking  ] GC(226) Concurrent Clear Claimed Marks 0.109ms
[96.705s][info][gc,marking  ] GC(226) Concurrent Cleanup for Next Mark
[96.707s][info][gc,marking  ] GC(226) Concurrent Cleanup for Next Mark 2.627ms
[96.707s][info][gc          ] GC(226) Concurrent Mark Cycle 98.082ms
[97.222s][info][gc,start    ] GC(227) Pause Young (Prepare Mixed) (G1 Evacuation Pause)
[97.223s][info][gc,task     ] GC(227) Using 2 workers of 2 for evacuation
[97.228s][info][gc,phases   ] GC(227)   Pre Evacuate Collection Set: 0.24ms
[97.228s][info][gc,phases   ] GC(227)   Merge Heap Roots: 0.12ms
[97.228s][info][gc,phases   ] GC(227)   Evacuate Collection Set: 4.26ms
[97.228s][info][gc,phases   ] GC(227)   Post Evacuate Collection Set: 0.55ms
[97.228s][info][gc,phases   ] GC(227)   Other: 0.09ms
[97.228s][info][gc,heap     ] GC(227) Eden regions: 242->0(242)
[97.228s][info][gc,heap     ] GC(227) Survivor regions: 3->3(31)
[97.228s][info][gc,heap     ] GC(227) Old regions: 44->44
[97.228s][info][gc,heap     ] GC(227) Humongous regions: 207->207
[97.228s][info][gc,metaspace] GC(227) Metaspace: 56077K(56448K)->56077K(56448K) NonClass: 47797K(48064K)->47797K(48064K) Class: 8279K(8384K)->8279K(8384K)
[97.228s][info][gc          ] GC(227) Pause Young (Prepare Mixed) (G1 Evacuation Pause) 494M->252M(526M) 5.444ms
[97.228s][info][gc,cpu      ] GC(227) User=0.01s Sys=0.00s Real=0.01s
[97.885s][info][gc,start    ] GC(228) Pause Young (Mixed) (G1 Evacuation Pause)
[97.885s][info][gc,task     ] GC(228) Using 2 workers of 2 for evacuation
[97.893s][info][gc,phases   ] GC(228)   Pre Evacuate Collection Set: 0.25ms
[97.893s][info][gc,phases   ] GC(228)   Merge Heap Roots: 0.18ms
[97.893s][info][gc,phases   ] GC(228)   Evacuate Collection Set: 6.92ms
[97.893s][info][gc,phases   ] GC(228)   Post Evacuate Collection Set: 0.71ms
[97.893s][info][gc,phases   ] GC(228)   Other: 0.09ms
[97.893s][info][gc,heap     ] GC(228) Eden regions: 242->0(246)
[97.893s][info][gc,heap     ] GC(228) Survivor regions: 3->1(31)
[97.893s][info][gc,heap     ] GC(228) Old regions: 44->44
[97.893s][info][gc,heap     ] GC(228) Humongous regions: 207->207
[97.893s][info][gc,metaspace] GC(228) Metaspace: 56077K(56448K)->56077K(56448K) NonClass: 47797K(48064K)->47797K(48064K) Class: 8279K(8384K)->8279K(8384K)
[97.893s][info][gc          ] GC(228) Pause Young (Mixed) (G1 Evacuation Pause) 494M->251M(526M) 8.342ms
[97.893s][info][gc,cpu      ] GC(228) User=0.01s Sys=0.00s Real=0.00s
[98.510s][info][gc,start    ] GC(229) Pause Young (Concurrent Start) (G1 Evacuation Pause)
[98.510s][info][gc,task     ] GC(229) Using 2 workers of 2 for evacuation
[98.515s][info][gc,phases   ] GC(229)   Pre Evacuate Collection Set: 0.28ms
[98.515s][info][gc,phases   ] GC(229)   Merge Heap Roots: 0.09ms
[98.515s][info][gc,phases   ] GC(229)   Evacuate Collection Set: 4.07ms
[98.515s][info][gc,phases   ] GC(229)   Post Evacuate Collection Set: 0.52ms
[98.515s][info][gc,phases   ] GC(229)   Other: 0.13ms
[98.515s][info][gc,heap     ] GC(229) Eden regions: 246->0(242)
[98.515s][info][gc,heap     ] GC(229) Survivor regions: 1->3(31)
[98.515s][info][gc,heap     ] GC(229) Old regions: 44->44
[98.515s][info][gc,heap     ] GC(229) Humongous regions: 207->207
[98.515s][info][gc,metaspace] GC(229) Metaspace: 56077K(56448K)->56077K(56448K) NonClass: 47797K(48064K)->47797K(48064K) Class: 8279K(8384K)->8279K(8384K)
[98.515s][info][gc          ] GC(229) Pause Young (Concurrent Start) (G1 Evacuation Pause) 497M->252M(526M) 5.275ms
[98.515s][info][gc          ] GC(230) Concurrent Mark Cycle
[98.515s][info][gc,marking  ] GC(230) Concurrent Scan Root Regions
[98.516s][info][gc,cpu      ] GC(229) User=0.02s Sys=0.00s Real=0.01s
[98.522s][info][gc,marking  ] GC(230) Concurrent Scan Root Regions 7.054ms
[98.522s][info][gc,marking  ] GC(230) Concurrent Mark
[98.522s][info][gc,marking  ] GC(230) Concurrent Mark From Roots
[98.522s][info][gc,task     ] GC(230) Using 1 workers of 1 for marking
[98.567s][info][gc,marking  ] GC(230) Concurrent Mark From Roots 44.372ms
[98.567s][info][gc,marking  ] GC(230) Concurrent Preclean
[98.567s][info][gc,marking  ] GC(230) Concurrent Preclean 0.076ms
[98.567s][info][gc,start    ] GC(230) Pause Remark
[98.575s][info][gc          ] GC(230) Pause Remark 271M->271M(526M) 7.878ms
[98.575s][info][gc,cpu      ] GC(230) User=0.01s Sys=0.00s Real=0.01s
[98.575s][info][gc,marking  ] GC(230) Concurrent Mark 52.932ms
[98.575s][info][gc,marking  ] GC(230) Concurrent Rebuild Remembered Sets and Scrub Regions
[98.591s][info][gc,marking  ] GC(230) Concurrent Rebuild Remembered Sets and Scrub Regions 15.539ms
[98.591s][info][gc,start    ] GC(230) Pause Cleanup
[98.591s][info][gc          ] GC(230) Pause Cleanup 275M->275M(526M) 0.052ms
[98.591s][info][gc,cpu      ] GC(230) User=0.00s Sys=0.00s Real=0.00s
[98.591s][info][gc,marking  ] GC(230) Concurrent Clear Claimed Marks
[98.591s][info][gc,marking  ] GC(230) Concurrent Clear Claimed Marks 0.084ms
[98.591s][info][gc,marking  ] GC(230) Concurrent Cleanup for Next Mark
[98.593s][info][gc,marking  ] GC(230) Concurrent Cleanup for Next Mark 1.665ms
[98.593s][info][gc          ] GC(230) Concurrent Mark Cycle 77.650ms
[99.129s][info][gc,start    ] GC(231) Pause Young (Prepare Mixed) (G1 Evacuation Pause)
[99.129s][info][gc,task     ] GC(231) Using 2 workers of 2 for evacuation
[99.134s][info][gc,phases   ] GC(231)   Pre Evacuate Collection Set: 0.26ms
[99.134s][info][gc,phases   ] GC(231)   Merge Heap Roots: 0.10ms
[99.134s][info][gc,phases   ] GC(231)   Evacuate Collection Set: 3.62ms
[99.134s][info][gc,phases   ] GC(231)   Post Evacuate Collection Set: 0.55ms
[99.134s][info][gc,phases   ] GC(231)   Other: 0.09ms
[99.134s][info][gc,heap     ] GC(231) Eden regions: 242->0(244)
[99.134s][info][gc,heap     ] GC(231) Survivor regions: 3->2(31)
[99.134s][info][gc,heap     ] GC(231) Old regions: 44->44
[99.134s][info][gc,heap     ] GC(231) Humongous regions: 207->207
[99.134s][info][gc,metaspace] GC(231) Metaspace: 56077K(56448K)->56077K(56448K) NonClass: 47797K(48064K)->47797K(48064K) Class: 8279K(8384K)->8279K(8384K)
[99.134s][info][gc          ] GC(231) Pause Young (Prepare Mixed) (G1 Evacuation Pause) 494M->252M(526M) 4.783ms
[99.134s][info][gc,cpu      ] GC(231) User=0.01s Sys=0.00s Real=0.01s
[99.796s][info][gc,start    ] GC(232) Pause Young (Mixed) (G1 Evacuation Pause)
[99.797s][info][gc,task     ] GC(232) Using 2 workers of 2 for evacuation
[99.803s][info][gc,phases   ] GC(232)   Pre Evacuate Collection Set: 0.24ms
[99.803s][info][gc,phases   ] GC(232)   Merge Heap Roots: 0.11ms
[99.803s][info][gc,phases   ] GC(232)   Evacuate Collection Set: 4.89ms
[99.803s][info][gc,phases   ] GC(232)   Post Evacuate Collection Set: 0.71ms
[99.803s][info][gc,phases   ] GC(232)   Other: 0.10ms
[99.803s][info][gc,heap     ] GC(232) Eden regions: 244->0(244)
[99.803s][info][gc,heap     ] GC(232) Survivor regions: 2->2(31)
[99.803s][info][gc,heap     ] GC(232) Old regions: 44->44
[99.803s][info][gc,heap     ] GC(232) Humongous regions: 207->207
[99.803s][info][gc,metaspace] GC(232) Metaspace: 56081K(56448K)->56081K(56448K) NonClass: 47802K(48064K)->47802K(48064K) Class: 8279K(8384K)->8279K(8384K)
[99.803s][info][gc          ] GC(232) Pause Young (Mixed) (G1 Evacuation Pause) 496M->252M(526M) 6.216ms
[99.803s][info][gc,cpu      ] GC(232) User=0.01s Sys=0.00s Real=0.00s
[100.415s][info][gc,start    ] GC(233) Pause Young (Concurrent Start) (G1 Evacuation Pause)
[100.415s][info][gc,task     ] GC(233) Using 2 workers of 2 for evacuation
[100.458s][info][gc,phases   ] GC(233)   Pre Evacuate Collection Set: 3.33ms
[100.458s][info][gc,phases   ] GC(233)   Merge Heap Roots: 0.17ms
[100.458s][info][gc,phases   ] GC(233)   Evacuate Collection Set: 37.74ms
[100.458s][info][gc,phases   ] GC(233)   Post Evacuate Collection Set: 0.93ms
[100.458s][info][gc,phases   ] GC(233)   Other: 0.16ms
[100.458s][info][gc,heap     ] GC(233) Eden regions: 244->0(242)
[100.458s][info][gc,heap     ] GC(233) Survivor regions: 2->3(31)
[100.458s][info][gc,heap     ] GC(233) Old regions: 44->44
[100.458s][info][gc,heap     ] GC(233) Humongous regions: 207->207
[100.458s][info][gc,metaspace] GC(233) Metaspace: 56081K(56448K)->56081K(56448K) NonClass: 47802K(48064K)->47802K(48064K) Class: 8279K(8384K)->8279K(8384K)
[100.458s][info][gc          ] GC(233) Pause Young (Concurrent Start) (G1 Evacuation Pause) 496M->253M(526M) 42.578ms
[100.458s][info][gc          ] GC(234) Concurrent Mark Cycle
[100.458s][info][gc,marking  ] GC(234) Concurrent Scan Root Regions
[100.459s][info][gc,cpu      ] GC(233) User=0.04s Sys=0.01s Real=0.04s
[100.465s][info][gc,marking  ] GC(234) Concurrent Scan Root Regions 7.341ms
[100.465s][info][gc,marking  ] GC(234) Concurrent Mark
[100.465s][info][gc,marking  ] GC(234) Concurrent Mark From Roots
[100.465s][info][gc,task     ] GC(234) Using 1 workers of 1 for marking
[100.531s][info][gc,marking  ] GC(234) Concurrent Mark From Roots 65.697ms
[100.531s][info][gc,marking  ] GC(234) Concurrent Preclean
[100.531s][info][gc,marking  ] GC(234) Concurrent Preclean 0.075ms
[100.531s][info][gc,start    ] GC(234) Pause Remark
[100.556s][info][gc          ] GC(234) Pause Remark 259M->259M(526M) 24.347ms
[100.556s][info][gc,cpu      ] GC(234) User=0.02s Sys=0.00s Real=0.03s
[100.556s][info][gc,marking  ] GC(234) Concurrent Mark 90.368ms
[100.556s][info][gc,marking  ] GC(234) Concurrent Rebuild Remembered Sets and Scrub Regions
[100.590s][info][gc,marking  ] GC(234) Concurrent Rebuild Remembered Sets and Scrub Regions 34.026ms
[100.590s][info][gc,start    ] GC(234) Pause Cleanup
[100.590s][info][gc          ] GC(234) Pause Cleanup 260M->260M(526M) 0.061ms
[100.590s][info][gc,cpu      ] GC(234) User=0.00s Sys=0.00s Real=0.00s
[100.590s][info][gc,marking  ] GC(234) Concurrent Clear Claimed Marks
[100.590s][info][gc,marking  ] GC(234) Concurrent Clear Claimed Marks 0.093ms
[100.590s][info][gc,marking  ] GC(234) Concurrent Cleanup for Next Mark
[100.592s][info][gc,marking  ] GC(234) Concurrent Cleanup for Next Mark 1.573ms
[100.592s][info][gc          ] GC(234) Concurrent Mark Cycle 133.699ms
[101.233s][info][gc,start    ] GC(235) Pause Young (Prepare Mixed) (G1 Evacuation Pause)
[101.233s][info][gc,task     ] GC(235) Using 2 workers of 2 for evacuation
[101.238s][info][gc,phases   ] GC(235)   Pre Evacuate Collection Set: 0.31ms
[101.238s][info][gc,phases   ] GC(235)   Merge Heap Roots: 0.11ms
[101.238s][info][gc,phases   ] GC(235)   Evacuate Collection Set: 4.10ms
[101.238s][info][gc,phases   ] GC(235)   Post Evacuate Collection Set: 0.55ms
[101.238s][info][gc,phases   ] GC(235)   Other: 0.09ms
[101.238s][info][gc,heap     ] GC(235) Eden regions: 242->0(246)
[101.238s][info][gc,heap     ] GC(235) Survivor regions: 3->1(31)
[101.238s][info][gc,heap     ] GC(235) Old regions: 44->44
[101.238s][info][gc,heap     ] GC(235) Humongous regions: 207->207
[101.238s][info][gc,metaspace] GC(235) Metaspace: 56081K(56448K)->56081K(56448K) NonClass: 47802K(48064K)->47802K(48064K) Class: 8279K(8384K)->8279K(8384K)
[101.238s][info][gc          ] GC(235) Pause Young (Prepare Mixed) (G1 Evacuation Pause) 495M->251M(526M) 5.332ms
[101.239s][info][gc,cpu      ] GC(235) User=0.01s Sys=0.00s Real=0.01s
[101.898s][info][gc,start    ] GC(236) Pause Young (Mixed) (G1 Evacuation Pause)
[101.898s][info][gc,task     ] GC(236) Using 2 workers of 2 for evacuation
[101.906s][info][gc,phases   ] GC(236)   Pre Evacuate Collection Set: 0.23ms
[101.906s][info][gc,phases   ] GC(236)   Merge Heap Roots: 0.14ms
[101.906s][info][gc,phases   ] GC(236)   Evacuate Collection Set: 6.37ms
[101.906s][info][gc,phases   ] GC(236)   Post Evacuate Collection Set: 0.58ms
[101.906s][info][gc,phases   ] GC(236)   Other: 0.09ms
[101.906s][info][gc,heap     ] GC(236) Eden regions: 246->0(244)
[101.906s][info][gc,heap     ] GC(236) Survivor regions: 1->2(31)
[101.906s][info][gc,heap     ] GC(236) Old regions: 44->44
[101.906s][info][gc,heap     ] GC(236) Humongous regions: 207->207
[101.906s][info][gc,metaspace] GC(236) Metaspace: 56082K(56448K)->56082K(56448K) NonClass: 47802K(48064K)->47802K(48064K) Class: 8279K(8384K)->8279K(8384K)
[101.906s][info][gc          ] GC(236) Pause Young (Mixed) (G1 Evacuation Pause) 497M->251M(526M) 7.587ms
[101.906s][info][gc,cpu      ] GC(236) User=0.02s Sys=0.00s Real=0.01s
[102.514s][info][gc,start    ] GC(237) Pause Young (Concurrent Start) (G1 Evacuation Pause)
[102.514s][info][gc,task     ] GC(237) Using 2 workers of 2 for evacuation
[102.520s][info][gc,phases   ] GC(237)   Pre Evacuate Collection Set: 0.28ms
[102.520s][info][gc,phases   ] GC(237)   Merge Heap Roots: 0.09ms
[102.520s][info][gc,phases   ] GC(237)   Evacuate Collection Set: 4.91ms
[102.520s][info][gc,phases   ] GC(237)   Post Evacuate Collection Set: 0.56ms
[102.520s][info][gc,phases   ] GC(237)   Other: 0.09ms
[102.520s][info][gc,heap     ] GC(237) Eden regions: 244->0(240)
[102.520s][info][gc,heap     ] GC(237) Survivor regions: 2->4(31)
[102.520s][info][gc,heap     ] GC(237) Old regions: 44->44
[102.520s][info][gc,heap     ] GC(237) Humongous regions: 207->207
[102.520s][info][gc,metaspace] GC(237) Metaspace: 56085K(56448K)->56085K(56448K) NonClass: 47806K(48064K)->47806K(48064K) Class: 8279K(8384K)->8279K(8384K)
[102.520s][info][gc          ] GC(237) Pause Young (Concurrent Start) (G1 Evacuation Pause) 495M->253M(526M) 6.091ms
[102.520s][info][gc,cpu      ] GC(237) User=0.01s Sys=0.00s Real=0.01s
[102.520s][info][gc          ] GC(238) Concurrent Mark Cycle
[102.520s][info][gc,marking  ] GC(238) Concurrent Scan Root Regions
[102.527s][info][gc,marking  ] GC(238) Concurrent Scan Root Regions 6.631ms
[102.527s][info][gc,marking  ] GC(238) Concurrent Mark
[102.527s][info][gc,marking  ] GC(238) Concurrent Mark From Roots
[102.527s][info][gc,task     ] GC(238) Using 1 workers of 1 for marking
[102.565s][info][gc,marking  ] GC(238) Concurrent Mark From Roots 38.240ms
[102.565s][info][gc,marking  ] GC(238) Concurrent Preclean
[102.565s][info][gc,marking  ] GC(238) Concurrent Preclean 0.072ms
[102.565s][info][gc,start    ] GC(238) Pause Remark
[102.573s][info][gc          ] GC(238) Pause Remark 265M->265M(526M) 7.834ms
[102.573s][info][gc,cpu      ] GC(238) User=0.01s Sys=0.00s Real=0.00s
[102.573s][info][gc,marking  ] GC(238) Concurrent Mark 46.432ms
[102.573s][info][gc,marking  ] GC(238) Concurrent Rebuild Remembered Sets and Scrub Regions
[102.599s][info][gc,marking  ] GC(238) Concurrent Rebuild Remembered Sets and Scrub Regions 25.809ms
[102.599s][info][gc,start    ] GC(238) Pause Cleanup
[102.599s][info][gc          ] GC(238) Pause Cleanup 277M->277M(526M) 0.066ms
[102.599s][info][gc,cpu      ] GC(238) User=0.00s Sys=0.00s Real=0.00s
[102.600s][info][gc,marking  ] GC(238) Concurrent Clear Claimed Marks
[102.600s][info][gc,marking  ] GC(238) Concurrent Clear Claimed Marks 0.106ms
[102.600s][info][gc,marking  ] GC(238) Concurrent Cleanup for Next Mark
[102.604s][info][gc,marking  ] GC(238) Concurrent Cleanup for Next Mark 3.589ms
[102.604s][info][gc          ] GC(238) Concurrent Mark Cycle 84.302ms
[103.220s][info][gc,start    ] GC(239) Pause Young (Prepare Mixed) (G1 Evacuation Pause)
[103.220s][info][gc,task     ] GC(239) Using 2 workers of 2 for evacuation
[103.229s][info][gc,phases   ] GC(239)   Pre Evacuate Collection Set: 0.31ms
[103.229s][info][gc,phases   ] GC(239)   Merge Heap Roots: 0.12ms
[103.229s][info][gc,phases   ] GC(239)   Evacuate Collection Set: 7.98ms
[103.229s][info][gc,phases   ] GC(239)   Post Evacuate Collection Set: 0.87ms
[103.229s][info][gc,phases   ] GC(239)   Other: 0.08ms
[103.229s][info][gc,heap     ] GC(239) Eden regions: 240->0(246)
[103.229s][info][gc,heap     ] GC(239) Survivor regions: 4->1(31)
[103.229s][info][gc,heap     ] GC(239) Old regions: 44->44
[103.229s][info][gc,heap     ] GC(239) Humongous regions: 207->207
[103.229s][info][gc,metaspace] GC(239) Metaspace: 56085K(56448K)->56085K(56448K) NonClass: 47806K(48064K)->47806K(48064K) Class: 8279K(8384K)->8279K(8384K)
[103.229s][info][gc          ] GC(239) Pause Young (Prepare Mixed) (G1 Evacuation Pause) 493M->251M(526M) 9.570ms
[103.229s][info][gc,cpu      ] GC(239) User=0.01s Sys=0.00s Real=0.01s
[103.800s][info][gc,start    ] GC(240) Pause Young (Mixed) (G1 Evacuation Pause)
[103.800s][info][gc,task     ] GC(240) Using 2 workers of 2 for evacuation
[103.807s][info][gc,phases   ] GC(240)   Pre Evacuate Collection Set: 0.24ms
[103.807s][info][gc,phases   ] GC(240)   Merge Heap Roots: 0.10ms
[103.807s][info][gc,phases   ] GC(240)   Evacuate Collection Set: 5.33ms
[103.807s][info][gc,phases   ] GC(240)   Post Evacuate Collection Set: 0.57ms
[103.807s][info][gc,phases   ] GC(240)   Other: 0.07ms
[103.807s][info][gc,heap     ] GC(240) Eden regions: 246->0(242)
[103.807s][info][gc,heap     ] GC(240) Survivor regions: 1->3(31)
[103.807s][info][gc,heap     ] GC(240) Old regions: 44->44
[103.807s][info][gc,heap     ] GC(240) Humongous regions: 207->207
[103.807s][info][gc,metaspace] GC(240) Metaspace: 56085K(56448K)->56085K(56448K) NonClass: 47806K(48064K)->47806K(48064K) Class: 8279K(8384K)->8279K(8384K)
[103.807s][info][gc          ] GC(240) Pause Young (Mixed) (G1 Evacuation Pause) 497M->252M(526M) 6.492ms
[103.807s][info][gc,cpu      ] GC(240) User=0.01s Sys=0.01s Real=0.01s
[104.429s][info][gc,start    ] GC(241) Pause Young (Concurrent Start) (G1 Evacuation Pause)
[104.429s][info][gc,task     ] GC(241) Using 2 workers of 2 for evacuation
[104.434s][info][gc,phases   ] GC(241)   Pre Evacuate Collection Set: 0.28ms
[104.434s][info][gc,phases   ] GC(241)   Merge Heap Roots: 0.09ms
[104.434s][info][gc,phases   ] GC(241)   Evacuate Collection Set: 3.84ms
[104.434s][info][gc,phases   ] GC(241)   Post Evacuate Collection Set: 0.53ms
[104.434s][info][gc,phases   ] GC(241)   Other: 0.09ms
[104.434s][info][gc,heap     ] GC(241) Eden regions: 242->0(244)
[104.434s][info][gc,heap     ] GC(241) Survivor regions: 3->2(31)
[104.434s][info][gc,heap     ] GC(241) Old regions: 44->44
[104.434s][info][gc,heap     ] GC(241) Humongous regions: 207->207
[104.434s][info][gc,metaspace] GC(241) Metaspace: 56085K(56448K)->56085K(56448K) NonClass: 47806K(48064K)->47806K(48064K) Class: 8279K(8384K)->8279K(8384K)
[104.434s][info][gc          ] GC(241) Pause Young (Concurrent Start) (G1 Evacuation Pause) 494M->252M(526M) 5.003ms
[104.434s][info][gc,cpu      ] GC(241) User=0.01s Sys=0.00s Real=0.01s
[104.434s][info][gc          ] GC(242) Concurrent Mark Cycle
[104.434s][info][gc,marking  ] GC(242) Concurrent Scan Root Regions
[104.437s][info][gc,marking  ] GC(242) Concurrent Scan Root Regions 2.816ms
[104.437s][info][gc,marking  ] GC(242) Concurrent Mark
[104.437s][info][gc,marking  ] GC(242) Concurrent Mark From Roots
[104.437s][info][gc,task     ] GC(242) Using 1 workers of 1 for marking
[104.482s][info][gc,marking  ] GC(242) Concurrent Mark From Roots 44.891ms
[104.482s][info][gc,marking  ] GC(242) Concurrent Preclean
[104.482s][info][gc,marking  ] GC(242) Concurrent Preclean 0.073ms
[104.482s][info][gc,start    ] GC(242) Pause Remark
[104.490s][info][gc          ] GC(242) Pause Remark 261M->261M(526M) 7.804ms
[104.490s][info][gc,cpu      ] GC(242) User=0.02s Sys=0.00s Real=0.01s
[104.491s][info][gc,marking  ] GC(242) Concurrent Mark 53.371ms
[104.491s][info][gc,marking  ] GC(242) Concurrent Rebuild Remembered Sets and Scrub Regions
[104.529s][info][gc,marking  ] GC(242) Concurrent Rebuild Remembered Sets and Scrub Regions 38.113ms
[104.529s][info][gc,start    ] GC(242) Pause Cleanup
[104.529s][info][gc          ] GC(242) Pause Cleanup 284M->284M(526M) 0.058ms
[104.529s][info][gc,cpu      ] GC(242) User=0.00s Sys=0.00s Real=0.00s
[104.529s][info][gc,marking  ] GC(242) Concurrent Clear Claimed Marks
[104.529s][info][gc,marking  ] GC(242) Concurrent Clear Claimed Marks 0.090ms
[104.529s][info][gc,marking  ] GC(242) Concurrent Cleanup for Next Mark
[104.531s][info][gc,marking  ] GC(242) Concurrent Cleanup for Next Mark 2.185ms
[104.531s][info][gc          ] GC(242) Concurrent Mark Cycle 96.931ms
[105.093s][info][gc,start    ] GC(243) Pause Young (Prepare Mixed) (G1 Evacuation Pause)
[105.093s][info][gc,task     ] GC(243) Using 2 workers of 2 for evacuation
[105.097s][info][gc,phases   ] GC(243)   Pre Evacuate Collection Set: 0.24ms
[105.097s][info][gc,phases   ] GC(243)   Merge Heap Roots: 0.13ms
[105.097s][info][gc,phases   ] GC(243)   Evacuate Collection Set: 3.04ms
[105.097s][info][gc,phases   ] GC(243)   Post Evacuate Collection Set: 0.54ms
[105.097s][info][gc,phases   ] GC(243)   Other: 0.09ms
[105.097s][info][gc,heap     ] GC(243) Eden regions: 244->0(244)
[105.097s][info][gc,heap     ] GC(243) Survivor regions: 2->2(31)
[105.097s][info][gc,heap     ] GC(243) Old regions: 44->44
[105.097s][info][gc,heap     ] GC(243) Humongous regions: 207->207
[105.097s][info][gc,metaspace] GC(243) Metaspace: 56085K(56448K)->56085K(56448K) NonClass: 47806K(48064K)->47806K(48064K) Class: 8279K(8384K)->8279K(8384K)
[105.097s][info][gc          ] GC(243) Pause Young (Prepare Mixed) (G1 Evacuation Pause) 496M->251M(526M) 4.198ms
[105.097s][info][gc,cpu      ] GC(243) User=0.00s Sys=0.00s Real=0.01s
[105.709s][info][gc,start    ] GC(244) Pause Young (Mixed) (G1 Evacuation Pause)
[105.709s][info][gc,task     ] GC(244) Using 2 workers of 2 for evacuation
[105.719s][info][gc,phases   ] GC(244)   Pre Evacuate Collection Set: 0.25ms
[105.719s][info][gc,phases   ] GC(244)   Merge Heap Roots: 0.12ms
[105.719s][info][gc,phases   ] GC(244)   Evacuate Collection Set: 8.25ms
[105.719s][info][gc,phases   ] GC(244)   Post Evacuate Collection Set: 0.59ms
[105.719s][info][gc,phases   ] GC(244)   Other: 0.07ms
[105.719s][info][gc,heap     ] GC(244) Eden regions: 244->0(242)
[105.719s][info][gc,heap     ] GC(244) Survivor regions: 2->3(31)
[105.719s][info][gc,heap     ] GC(244) Old regions: 44->44
[105.719s][info][gc,heap     ] GC(244) Humongous regions: 207->207
[105.719s][info][gc,metaspace] GC(244) Metaspace: 56085K(56448K)->56085K(56448K) NonClass: 47806K(48064K)->47806K(48064K) Class: 8279K(8384K)->8279K(8384K)
[105.719s][info][gc          ] GC(244) Pause Young (Mixed) (G1 Evacuation Pause) 495M->253M(526M) 9.447ms
[105.719s][info][gc,cpu      ] GC(244) User=0.02s Sys=0.00s Real=0.01s
[106.384s][info][gc,start    ] GC(245) Pause Young (Concurrent Start) (G1 Evacuation Pause)
[106.384s][info][gc,task     ] GC(245) Using 2 workers of 2 for evacuation
[106.387s][info][gc,phases   ] GC(245)   Pre Evacuate Collection Set: 0.28ms
[106.387s][info][gc,phases   ] GC(245)   Merge Heap Roots: 0.10ms
[106.387s][info][gc,phases   ] GC(245)   Evacuate Collection Set: 2.14ms
[106.387s][info][gc,phases   ] GC(245)   Post Evacuate Collection Set: 0.53ms
[106.387s][info][gc,phases   ] GC(245)   Other: 0.09ms
[106.387s][info][gc,heap     ] GC(245) Eden regions: 242->0(246)
[106.387s][info][gc,heap     ] GC(245) Survivor regions: 3->1(31)
[106.387s][info][gc,heap     ] GC(245) Old regions: 44->44
[106.387s][info][gc,heap     ] GC(245) Humongous regions: 207->207
[106.387s][info][gc,metaspace] GC(245) Metaspace: 56085K(56448K)->56085K(56448K) NonClass: 47806K(48064K)->47806K(48064K) Class: 8279K(8384K)->8279K(8384K)
[106.387s][info][gc          ] GC(245) Pause Young (Concurrent Start) (G1 Evacuation Pause) 495M->251M(526M) 3.319ms
[106.387s][info][gc,cpu      ] GC(245) User=0.01s Sys=0.00s Real=0.01s
[106.387s][info][gc          ] GC(246) Concurrent Mark Cycle
[106.387s][info][gc,marking  ] GC(246) Concurrent Scan Root Regions
[106.388s][info][gc,marking  ] GC(246) Concurrent Scan Root Regions 1.423ms
[106.388s][info][gc,marking  ] GC(246) Concurrent Mark
[106.388s][info][gc,marking  ] GC(246) Concurrent Mark From Roots
[106.388s][info][gc,task     ] GC(246) Using 1 workers of 1 for marking
[106.447s][info][gc,marking  ] GC(246) Concurrent Mark From Roots 58.631ms
[106.447s][info][gc,marking  ] GC(246) Concurrent Preclean
[106.447s][info][gc,marking  ] GC(246) Concurrent Preclean 0.082ms
[106.448s][info][gc,start    ] GC(246) Pause Remark
[106.481s][info][gc          ] GC(246) Pause Remark 270M->270M(526M) 32.853ms
[106.481s][info][gc,cpu      ] GC(246) User=0.02s Sys=0.01s Real=0.03s
[106.481s][info][gc,marking  ] GC(246) Concurrent Mark 92.729ms
[106.481s][info][gc,marking  ] GC(246) Concurrent Rebuild Remembered Sets and Scrub Regions
[106.539s][info][gc,marking  ] GC(246) Concurrent Rebuild Remembered Sets and Scrub Regions 58.122ms
[106.539s][info][gc,start    ] GC(246) Pause Cleanup
[106.539s][info][gc          ] GC(246) Pause Cleanup 286M->286M(526M) 0.077ms
[106.539s][info][gc,cpu      ] GC(246) User=0.00s Sys=0.00s Real=0.00s
[106.540s][info][gc,marking  ] GC(246) Concurrent Clear Claimed Marks
[106.540s][info][gc,marking  ] GC(246) Concurrent Clear Claimed Marks 0.108ms
[106.540s][info][gc,marking  ] GC(246) Concurrent Cleanup for Next Mark
[106.543s][info][gc,marking  ] GC(246) Concurrent Cleanup for Next Mark 2.936ms
[106.543s][info][gc          ] GC(246) Concurrent Mark Cycle 156.364ms
[107.006s][info][gc,start    ] GC(247) Pause Young (Prepare Mixed) (G1 Evacuation Pause)
[107.006s][info][gc,task     ] GC(247) Using 2 workers of 2 for evacuation
[107.012s][info][gc,phases   ] GC(247)   Pre Evacuate Collection Set: 0.37ms
[107.012s][info][gc,phases   ] GC(247)   Merge Heap Roots: 0.15ms
[107.012s][info][gc,phases   ] GC(247)   Evacuate Collection Set: 4.99ms
[107.012s][info][gc,phases   ] GC(247)   Post Evacuate Collection Set: 0.59ms
[107.012s][info][gc,phases   ] GC(247)   Other: 0.08ms
[107.012s][info][gc,heap     ] GC(247) Eden regions: 246->0(242)
[107.012s][info][gc,heap     ] GC(247) Survivor regions: 1->3(31)
[107.012s][info][gc,heap     ] GC(247) Old regions: 44->44
[107.012s][info][gc,heap     ] GC(247) Humongous regions: 207->207
[107.012s][info][gc,metaspace] GC(247) Metaspace: 56085K(56448K)->56085K(56448K) NonClass: 47806K(48064K)->47806K(48064K) Class: 8279K(8384K)->8279K(8384K)
[107.012s][info][gc          ] GC(247) Pause Young (Prepare Mixed) (G1 Evacuation Pause) 497M->253M(526M) 6.360ms
[107.012s][info][gc,cpu      ] GC(247) User=0.01s Sys=0.00s Real=0.00s
[107.629s][info][gc,start    ] GC(248) Pause Young (Mixed) (G1 Evacuation Pause)
[107.629s][info][gc,task     ] GC(248) Using 2 workers of 2 for evacuation
[107.635s][info][gc,phases   ] GC(248)   Pre Evacuate Collection Set: 0.25ms
[107.635s][info][gc,phases   ] GC(248)   Merge Heap Roots: 0.12ms
[107.635s][info][gc,phases   ] GC(248)   Evacuate Collection Set: 5.14ms
[107.635s][info][gc,phases   ] GC(248)   Post Evacuate Collection Set: 0.62ms
[107.635s][info][gc,phases   ] GC(248)   Other: 0.09ms
[107.635s][info][gc,heap     ] GC(248) Eden regions: 242->0(242)
[107.635s][info][gc,heap     ] GC(248) Survivor regions: 3->3(31)
[107.635s][info][gc,heap     ] GC(248) Old regions: 44->44
[107.635s][info][gc,heap     ] GC(248) Humongous regions: 207->207
[107.635s][info][gc,metaspace] GC(248) Metaspace: 56085K(56448K)->56085K(56448K) NonClass: 47806K(48064K)->47806K(48064K) Class: 8279K(8384K)->8279K(8384K)
[107.635s][info][gc          ] GC(248) Pause Young (Mixed) (G1 Evacuation Pause) 495M->252M(526M) 6.415ms
[107.635s][info][gc,cpu      ] GC(248) User=0.01s Sys=0.00s Real=0.01s
[108.293s][info][gc,start    ] GC(249) Pause Young (Concurrent Start) (G1 Evacuation Pause)
[108.293s][info][gc,task     ] GC(249) Using 2 workers of 2 for evacuation
[108.297s][info][gc,phases   ] GC(249)   Pre Evacuate Collection Set: 0.28ms
[108.297s][info][gc,phases   ] GC(249)   Merge Heap Roots: 0.10ms
[108.297s][info][gc,phases   ] GC(249)   Evacuate Collection Set: 3.17ms
[108.297s][info][gc,phases   ] GC(249)   Post Evacuate Collection Set: 0.54ms
[108.297s][info][gc,phases   ] GC(249)   Other: 0.10ms
[108.297s][info][gc,heap     ] GC(249) Eden regions: 242->0(244)
[108.297s][info][gc,heap     ] GC(249) Survivor regions: 3->2(31)
[108.297s][info][gc,heap     ] GC(249) Old regions: 44->44
[108.297s][info][gc,heap     ] GC(249) Humongous regions: 207->207
[108.297s][info][gc,metaspace] GC(249) Metaspace: 56091K(56448K)->56091K(56448K) NonClass: 47811K(48064K)->47811K(48064K) Class: 8279K(8384K)->8279K(8384K)
[108.297s][info][gc          ] GC(249) Pause Young (Concurrent Start) (G1 Evacuation Pause) 494M->251M(526M) 4.355ms
[108.297s][info][gc          ] GC(250) Concurrent Mark Cycle
[108.297s][info][gc,marking  ] GC(250) Concurrent Scan Root Regions
[108.297s][info][gc,cpu      ] GC(249) User=0.01s Sys=0.00s Real=0.01s
[108.299s][info][gc,marking  ] GC(250) Concurrent Scan Root Regions 2.035ms
[108.299s][info][gc,marking  ] GC(250) Concurrent Mark
[108.299s][info][gc,marking  ] GC(250) Concurrent Mark From Roots
[108.299s][info][gc,task     ] GC(250) Using 1 workers of 1 for marking
[108.382s][info][gc,marking  ] GC(250) Concurrent Mark From Roots 82.520ms
[108.382s][info][gc,marking  ] GC(250) Concurrent Preclean
[108.382s][info][gc,marking  ] GC(250) Concurrent Preclean 0.105ms
[108.382s][info][gc,start    ] GC(250) Pause Remark
[108.398s][info][gc          ] GC(250) Pause Remark 275M->275M(526M) 16.078ms
[108.398s][info][gc,cpu      ] GC(250) User=0.01s Sys=0.00s Real=0.02s
[108.399s][info][gc,marking  ] GC(250) Concurrent Mark 99.816ms
[108.399s][info][gc,marking  ] GC(250) Concurrent Rebuild Remembered Sets and Scrub Regions
[108.422s][info][gc,marking  ] GC(250) Concurrent Rebuild Remembered Sets and Scrub Regions 23.243ms
[108.423s][info][gc,start    ] GC(250) Pause Cleanup
[108.423s][info][gc          ] GC(250) Pause Cleanup 275M->275M(526M) 0.057ms
[108.423s][info][gc,cpu      ] GC(250) User=0.00s Sys=0.00s Real=0.00s
[108.423s][info][gc,marking  ] GC(250) Concurrent Clear Claimed Marks
[108.423s][info][gc,marking  ] GC(250) Concurrent Clear Claimed Marks 0.090ms
[108.423s][info][gc,marking  ] GC(250) Concurrent Cleanup for Next Mark
[108.424s][info][gc,marking  ] GC(250) Concurrent Cleanup for Next Mark 1.528ms
[108.424s][info][gc          ] GC(250) Concurrent Mark Cycle 126.970ms
[108.909s][info][gc,start    ] GC(251) Pause Young (Prepare Mixed) (G1 Evacuation Pause)
[108.909s][info][gc,task     ] GC(251) Using 2 workers of 2 for evacuation
[108.916s][info][gc,phases   ] GC(251)   Pre Evacuate Collection Set: 0.34ms
[108.916s][info][gc,phases   ] GC(251)   Merge Heap Roots: 0.13ms
[108.916s][info][gc,phases   ] GC(251)   Evacuate Collection Set: 6.13ms
[108.916s][info][gc,phases   ] GC(251)   Post Evacuate Collection Set: 0.58ms
[108.916s][info][gc,phases   ] GC(251)   Other: 0.08ms
[108.916s][info][gc,heap     ] GC(251) Eden regions: 244->0(242)
[108.916s][info][gc,heap     ] GC(251) Survivor regions: 2->3(31)
[108.916s][info][gc,heap     ] GC(251) Old regions: 44->44
[108.916s][info][gc,heap     ] GC(251) Humongous regions: 207->207
[108.916s][info][gc,metaspace] GC(251) Metaspace: 56091K(56448K)->56091K(56448K) NonClass: 47811K(48064K)->47811K(48064K) Class: 8279K(8384K)->8279K(8384K)
[108.916s][info][gc          ] GC(251) Pause Young (Prepare Mixed) (G1 Evacuation Pause) 495M->253M(526M) 7.429ms
[108.916s][info][gc,cpu      ] GC(251) User=0.01s Sys=0.00s Real=0.01s
[109.538s][info][gc,start    ] GC(252) Pause Young (Mixed) (G1 Evacuation Pause)
[109.538s][info][gc,task     ] GC(252) Using 2 workers of 2 for evacuation
[109.549s][info][gc,phases   ] GC(252)   Pre Evacuate Collection Set: 0.25ms
[109.549s][info][gc,phases   ] GC(252)   Merge Heap Roots: 0.10ms
[109.549s][info][gc,phases   ] GC(252)   Evacuate Collection Set: 9.32ms
[109.549s][info][gc,phases   ] GC(252)   Post Evacuate Collection Set: 0.60ms
[109.549s][info][gc,phases   ] GC(252)   Other: 0.10ms
[109.549s][info][gc,heap     ] GC(252) Eden regions: 242->0(246)
[109.549s][info][gc,heap     ] GC(252) Survivor regions: 3->1(31)
[109.549s][info][gc,heap     ] GC(252) Old regions: 44->44
[109.549s][info][gc,heap     ] GC(252) Humongous regions: 207->207
[109.549s][info][gc,metaspace] GC(252) Metaspace: 56091K(56448K)->56091K(56448K) NonClass: 47811K(48064K)->47811K(48064K) Class: 8279K(8384K)->8279K(8384K)
[109.549s][info][gc          ] GC(252) Pause Young (Mixed) (G1 Evacuation Pause) 495M->251M(526M) 10.552ms
[109.549s][info][gc,cpu      ] GC(252) User=0.01s Sys=0.00s Real=0.01s
[110.203s][info][gc,start    ] GC(253) Pause Young (Concurrent Start) (G1 Evacuation Pause)
[110.204s][info][gc,task     ] GC(253) Using 2 workers of 2 for evacuation
[110.209s][info][gc,phases   ] GC(253)   Pre Evacuate Collection Set: 0.27ms
[110.209s][info][gc,phases   ] GC(253)   Merge Heap Roots: 0.11ms
[110.209s][info][gc,phases   ] GC(253)   Evacuate Collection Set: 4.09ms
[110.209s][info][gc,phases   ] GC(253)   Post Evacuate Collection Set: 0.54ms
[110.209s][info][gc,phases   ] GC(253)   Other: 0.10ms
[110.209s][info][gc,heap     ] GC(253) Eden regions: 246->0(244)
[110.209s][info][gc,heap     ] GC(253) Survivor regions: 1->2(31)
[110.209s][info][gc,heap     ] GC(253) Old regions: 44->44
[110.209s][info][gc,heap     ] GC(253) Humongous regions: 207->207
[110.209s][info][gc,metaspace] GC(253) Metaspace: 56091K(56448K)->56091K(56448K) NonClass: 47811K(48064K)->47811K(48064K) Class: 8279K(8384K)->8279K(8384K)
[110.209s][info][gc          ] GC(253) Pause Young (Concurrent Start) (G1 Evacuation Pause) 497M->252M(526M) 5.296ms
[110.209s][info][gc,cpu      ] GC(253) User=0.01s Sys=0.00s Real=0.01s
[110.209s][info][gc          ] GC(254) Concurrent Mark Cycle
[110.211s][info][gc,marking  ] GC(254) Concurrent Scan Root Regions
[110.215s][info][gc,marking  ] GC(254) Concurrent Scan Root Regions 4.215ms
[110.215s][info][gc,marking  ] GC(254) Concurrent Mark
[110.215s][info][gc,marking  ] GC(254) Concurrent Mark From Roots
[110.215s][info][gc,task     ] GC(254) Using 1 workers of 1 for marking
[110.263s][info][gc,marking  ] GC(254) Concurrent Mark From Roots 47.454ms
[110.263s][info][gc,marking  ] GC(254) Concurrent Preclean
[110.263s][info][gc,marking  ] GC(254) Concurrent Preclean 0.078ms
[110.263s][info][gc,start    ] GC(254) Pause Remark
[110.271s][info][gc          ] GC(254) Pause Remark 275M->275M(526M) 8.160ms
[110.271s][info][gc,cpu      ] GC(254) User=0.02s Sys=0.00s Real=0.01s
[110.271s][info][gc,marking  ] GC(254) Concurrent Mark 56.200ms
[110.271s][info][gc,marking  ] GC(254) Concurrent Rebuild Remembered Sets and Scrub Regions
[110.296s][info][gc,marking  ] GC(254) Concurrent Rebuild Remembered Sets and Scrub Regions 24.860ms
[110.298s][info][gc,start    ] GC(254) Pause Cleanup
[110.298s][info][gc          ] GC(254) Pause Cleanup 284M->284M(526M) 0.066ms
[110.298s][info][gc,cpu      ] GC(254) User=0.00s Sys=0.00s Real=0.00s
[110.298s][info][gc,marking  ] GC(254) Concurrent Clear Claimed Marks
[110.298s][info][gc,marking  ] GC(254) Concurrent Clear Claimed Marks 0.096ms
[110.298s][info][gc,marking  ] GC(254) Concurrent Cleanup for Next Mark
[110.301s][info][gc,marking  ] GC(254) Concurrent Cleanup for Next Mark 3.208ms
[110.301s][info][gc          ] GC(254) Concurrent Mark Cycle 92.635ms
[110.819s][info][gc,start    ] GC(255) Pause Young (Prepare Mixed) (G1 Evacuation Pause)
[110.819s][info][gc,task     ] GC(255) Using 2 workers of 2 for evacuation
[110.824s][info][gc,phases   ] GC(255)   Pre Evacuate Collection Set: 0.26ms
[110.824s][info][gc,phases   ] GC(255)   Merge Heap Roots: 0.10ms
[110.824s][info][gc,phases   ] GC(255)   Evacuate Collection Set: 4.04ms
[110.824s][info][gc,phases   ] GC(255)   Post Evacuate Collection Set: 0.57ms
[110.824s][info][gc,phases   ] GC(255)   Other: 0.08ms
[110.824s][info][gc,heap     ] GC(255) Eden regions: 244->0(244)
[110.824s][info][gc,heap     ] GC(255) Survivor regions: 2->2(31)
[110.824s][info][gc,heap     ] GC(255) Old regions: 44->44
[110.824s][info][gc,heap     ] GC(255) Humongous regions: 207->207
[110.824s][info][gc,metaspace] GC(255) Metaspace: 56091K(56448K)->56091K(56448K) NonClass: 47811K(48064K)->47811K(48064K) Class: 8279K(8384K)->8279K(8384K)
[110.824s][info][gc          ] GC(255) Pause Young (Prepare Mixed) (G1 Evacuation Pause) 496M->252M(526M) 5.214ms
[110.824s][info][gc,cpu      ] GC(255) User=0.01s Sys=0.00s Real=0.01s
[111.492s][info][gc,start    ] GC(256) Pause Young (Mixed) (G1 Evacuation Pause)
[111.492s][info][gc,task     ] GC(256) Using 2 workers of 2 for evacuation
[111.498s][info][gc,phases   ] GC(256)   Pre Evacuate Collection Set: 0.25ms
[111.498s][info][gc,phases   ] GC(256)   Merge Heap Roots: 0.11ms
[111.498s][info][gc,phases   ] GC(256)   Evacuate Collection Set: 4.60ms
[111.498s][info][gc,phases   ] GC(256)   Post Evacuate Collection Set: 0.63ms
[111.498s][info][gc,phases   ] GC(256)   Other: 0.07ms
[111.498s][info][gc,heap     ] GC(256) Eden regions: 244->0(244)
[111.498s][info][gc,heap     ] GC(256) Survivor regions: 2->2(31)
[111.498s][info][gc,heap     ] GC(256) Old regions: 44->44
[111.498s][info][gc,heap     ] GC(256) Humongous regions: 207->207
[111.498s][info][gc,metaspace] GC(256) Metaspace: 56091K(56448K)->56091K(56448K) NonClass: 47811K(48064K)->47811K(48064K) Class: 8279K(8384K)->8279K(8384K)
[111.498s][info][gc          ] GC(256) Pause Young (Mixed) (G1 Evacuation Pause) 496M->251M(526M) 5.876ms
[111.498s][info][gc,cpu      ] GC(256) User=0.01s Sys=0.00s Real=0.01s
[112.112s][info][gc,start    ] GC(257) Pause Young (Concurrent Start) (G1 Evacuation Pause)
[112.112s][info][gc,task     ] GC(257) Using 2 workers of 2 for evacuation
[112.118s][info][gc,phases   ] GC(257)   Pre Evacuate Collection Set: 0.29ms
[112.118s][info][gc,phases   ] GC(257)   Merge Heap Roots: 0.09ms
[112.118s][info][gc,phases   ] GC(257)   Evacuate Collection Set: 4.94ms
[112.118s][info][gc,phases   ] GC(257)   Post Evacuate Collection Set: 0.54ms
[112.118s][info][gc,phases   ] GC(257)   Other: 0.09ms
[112.118s][info][gc,heap     ] GC(257) Eden regions: 244->0(242)
[112.118s][info][gc,heap     ] GC(257) Survivor regions: 2->3(31)
[112.118s][info][gc,heap     ] GC(257) Old regions: 44->44
[112.118s][info][gc,heap     ] GC(257) Humongous regions: 207->207
[112.118s][info][gc,metaspace] GC(257) Metaspace: 56091K(56448K)->56091K(56448K) NonClass: 47811K(48064K)->47811K(48064K) Class: 8279K(8384K)->8279K(8384K)
[112.118s][info][gc          ] GC(257) Pause Young (Concurrent Start) (G1 Evacuation Pause) 495M->253M(526M) 6.129ms
[112.118s][info][gc          ] GC(258) Concurrent Mark Cycle
[112.118s][info][gc,marking  ] GC(258) Concurrent Scan Root Regions
[112.120s][info][gc,cpu      ] GC(257) User=0.01s Sys=0.00s Real=0.01s
[112.124s][info][gc,marking  ] GC(258) Concurrent Scan Root Regions 5.834ms
[112.124s][info][gc,marking  ] GC(258) Concurrent Mark
[112.124s][info][gc,marking  ] GC(258) Concurrent Mark From Roots
[112.124s][info][gc,task     ] GC(258) Using 1 workers of 1 for marking
[112.182s][info][gc,marking  ] GC(258) Concurrent Mark From Roots 58.210ms
[112.182s][info][gc,marking  ] GC(258) Concurrent Preclean
[112.183s][info][gc,marking  ] GC(258) Concurrent Preclean 1.082ms
[112.183s][info][gc,start    ] GC(258) Pause Remark
[112.191s][info][gc          ] GC(258) Pause Remark 273M->273M(526M) 8.132ms
[112.191s][info][gc,cpu      ] GC(258) User=0.01s Sys=0.00s Real=0.01s
[112.192s][info][gc,marking  ] GC(258) Concurrent Mark 68.405ms
[112.192s][info][gc,marking  ] GC(258) Concurrent Rebuild Remembered Sets and Scrub Regions
[112.222s][info][gc,marking  ] GC(258) Concurrent Rebuild Remembered Sets and Scrub Regions 29.708ms
[112.222s][info][gc,start    ] GC(258) Pause Cleanup
[112.222s][info][gc          ] GC(258) Pause Cleanup 292M->292M(526M) 0.070ms
[112.222s][info][gc,cpu      ] GC(258) User=0.00s Sys=0.00s Real=0.00s
[112.222s][info][gc,marking  ] GC(258) Concurrent Clear Claimed Marks
[112.222s][info][gc,marking  ] GC(258) Concurrent Clear Claimed Marks 0.117ms
[112.222s][info][gc,marking  ] GC(258) Concurrent Cleanup for Next Mark
[112.226s][info][gc,marking  ] GC(258) Concurrent Cleanup for Next Mark 3.402ms
[112.226s][info][gc          ] GC(258) Concurrent Mark Cycle 108.129ms
[112.785s][info][gc,start    ] GC(259) Pause Young (Prepare Mixed) (G1 Evacuation Pause)
[112.786s][info][gc,task     ] GC(259) Using 2 workers of 2 for evacuation
[112.790s][info][gc,phases   ] GC(259)   Pre Evacuate Collection Set: 0.25ms
[112.790s][info][gc,phases   ] GC(259)   Merge Heap Roots: 0.11ms
[112.790s][info][gc,phases   ] GC(259)   Evacuate Collection Set: 3.51ms
[112.790s][info][gc,phases   ] GC(259)   Post Evacuate Collection Set: 0.56ms
[112.790s][info][gc,phases   ] GC(259)   Other: 0.09ms
[112.790s][info][gc,heap     ] GC(259) Eden regions: 242->0(244)
[112.790s][info][gc,heap     ] GC(259) Survivor regions: 3->2(31)
[112.790s][info][gc,heap     ] GC(259) Old regions: 44->44
[112.790s][info][gc,heap     ] GC(259) Humongous regions: 207->207
[112.790s][info][gc,metaspace] GC(259) Metaspace: 56091K(56448K)->56091K(56448K) NonClass: 47811K(48064K)->47811K(48064K) Class: 8279K(8384K)->8279K(8384K)
[112.790s][info][gc          ] GC(259) Pause Young (Prepare Mixed) (G1 Evacuation Pause) 495M->252M(526M) 4.709ms
[112.790s][info][gc,cpu      ] GC(259) User=0.01s Sys=0.00s Real=0.00s
[116.000s][info][gc,start    ] GC(260) Pause Young (Mixed) (G1 Evacuation Pause)
[116.000s][info][gc,task     ] GC(260) Using 2 workers of 2 for evacuation
[116.025s][info][gc,phases   ] GC(260)   Pre Evacuate Collection Set: 0.35ms
[116.025s][info][gc,phases   ] GC(260)   Merge Heap Roots: 0.57ms
[116.025s][info][gc,phases   ] GC(260)   Evacuate Collection Set: 23.41ms
[116.025s][info][gc,phases   ] GC(260)   Post Evacuate Collection Set: 0.80ms
[116.025s][info][gc,phases   ] GC(260)   Other: 0.12ms
[116.025s][info][gc,heap     ] GC(260) Eden regions: 195->0(305)
[116.025s][info][gc,heap     ] GC(260) Survivor regions: 2->17(31)
[116.025s][info][gc,heap     ] GC(260) Old regions: 44->44
[116.025s][info][gc,heap     ] GC(260) Humongous regions: 363->207
[116.025s][info][gc,metaspace] GC(260) Metaspace: 56403K(56704K)->56403K(56704K) NonClass: 48123K(48320K)->48123K(48320K) Class: 8279K(8384K)->8279K(8384K)
[116.025s][info][gc          ] GC(260) Pause Young (Mixed) (G1 Evacuation Pause) 603M->267M(622M) 25.450ms
[116.025s][info][gc,cpu      ] GC(260) User=0.04s Sys=0.01s Real=0.03s
[116.801s][info][gc,start    ] GC(261) Pause Young (Normal) (G1 Evacuation Pause)
[116.801s][info][gc,task     ] GC(261) Using 2 workers of 2 for evacuation
[116.812s][info][gc,phases   ] GC(261)   Pre Evacuate Collection Set: 0.26ms
[116.812s][info][gc,phases   ] GC(261)   Merge Heap Roots: 0.11ms
[116.812s][info][gc,phases   ] GC(261)   Evacuate Collection Set: 10.20ms
[116.812s][info][gc,phases   ] GC(261)   Post Evacuate Collection Set: 0.74ms
[116.812s][info][gc,phases   ] GC(261)   Other: 0.12ms
[116.812s][info][gc,heap     ] GC(261) Eden regions: 305->0(284)
[116.812s][info][gc,heap     ] GC(261) Survivor regions: 17->26(41)
[116.812s][info][gc,heap     ] GC(261) Old regions: 44->44
[116.812s][info][gc,heap     ] GC(261) Humongous regions: 207->207
[116.812s][info][gc,metaspace] GC(261) Metaspace: 56406K(56704K)->56406K(56704K) NonClass: 48126K(48320K)->48126K(48320K) Class: 8279K(8384K)->8279K(8384K)
[116.812s][info][gc          ] GC(261) Pause Young (Normal) (G1 Evacuation Pause) 572M->276M(622M) 11.616ms
[116.812s][info][gc,cpu      ] GC(261) User=0.02s Sys=0.00s Real=0.01s
[117.535s][info][gc,start    ] GC(262) Pause Young (Normal) (G1 Evacuation Pause)
[117.535s][info][gc,task     ] GC(262) Using 2 workers of 2 for evacuation
[117.543s][info][gc,phases   ] GC(262)   Pre Evacuate Collection Set: 0.32ms
[117.543s][info][gc,phases   ] GC(262)   Merge Heap Roots: 0.12ms
[117.543s][info][gc,phases   ] GC(262)   Evacuate Collection Set: 7.23ms
[117.543s][info][gc,phases   ] GC(262)   Post Evacuate Collection Set: 0.66ms
[117.543s][info][gc,phases   ] GC(262)   Other: 0.11ms
[117.543s][info][gc,heap     ] GC(262) Eden regions: 284->0(296)
[117.543s][info][gc,heap     ] GC(262) Survivor regions: 26->11(39)
[117.543s][info][gc,heap     ] GC(262) Old regions: 44->57
[117.543s][info][gc,heap     ] GC(262) Humongous regions: 207->207
[117.543s][info][gc,metaspace] GC(262) Metaspace: 56406K(56704K)->56406K(56704K) NonClass: 48126K(48320K)->48126K(48320K) Class: 8279K(8384K)->8279K(8384K)
[117.543s][info][gc          ] GC(262) Pause Young (Normal) (G1 Evacuation Pause) 559M->274M(622M) 8.632ms
[117.543s][info][gc,cpu      ] GC(262) User=0.01s Sys=0.00s Real=0.00s
[118.319s][info][gc,start    ] GC(263) Pause Young (Normal) (G1 Evacuation Pause)
[118.319s][info][gc,task     ] GC(263) Using 2 workers of 2 for evacuation
[118.325s][info][gc,phases   ] GC(263)   Pre Evacuate Collection Set: 0.25ms
[118.325s][info][gc,phases   ] GC(263)   Merge Heap Roots: 0.09ms
[118.325s][info][gc,phases   ] GC(263)   Evacuate Collection Set: 5.01ms
[118.325s][info][gc,phases   ] GC(263)   Post Evacuate Collection Set: 0.64ms
[118.325s][info][gc,phases   ] GC(263)   Other: 0.13ms
[118.325s][info][gc,heap     ] GC(263) Eden regions: 296->0(302)
[118.325s][info][gc,heap     ] GC(263) Survivor regions: 11->12(39)
[118.325s][info][gc,heap     ] GC(263) Old regions: 57->57
[118.325s][info][gc,heap     ] GC(263) Humongous regions: 207->207
[118.325s][info][gc,metaspace] GC(263) Metaspace: 56406K(56704K)->56406K(56704K) NonClass: 48126K(48320K)->48126K(48320K) Class: 8279K(8384K)->8279K(8384K)
[118.325s][info][gc          ] GC(263) Pause Young (Normal) (G1 Evacuation Pause) 570M->275M(622M) 6.316ms
[118.325s][info][gc,cpu      ] GC(263) User=0.02s Sys=0.00s Real=0.01s
[119.119s][info][gc,start    ] GC(264) Pause Young (Normal) (G1 Evacuation Pause)
[119.119s][info][gc,task     ] GC(264) Using 2 workers of 2 for evacuation
[119.125s][info][gc,phases   ] GC(264)   Pre Evacuate Collection Set: 0.25ms
[119.125s][info][gc,phases   ] GC(264)   Merge Heap Roots: 0.12ms
[119.125s][info][gc,phases   ] GC(264)   Evacuate Collection Set: 4.68ms
[119.125s][info][gc,phases   ] GC(264)   Post Evacuate Collection Set: 0.64ms
[119.125s][info][gc,phases   ] GC(264)   Other: 0.12ms
[119.125s][info][gc,heap     ] GC(264) Eden regions: 302->0(302)
[119.125s][info][gc,heap     ] GC(264) Survivor regions: 12->12(40)
[119.125s][info][gc,heap     ] GC(264) Old regions: 57->57
[119.125s][info][gc,heap     ] GC(264) Humongous regions: 207->207
[119.125s][info][gc,metaspace] GC(264) Metaspace: 56406K(56704K)->56406K(56704K) NonClass: 48126K(48320K)->48126K(48320K) Class: 8279K(8384K)->8279K(8384K)
[119.125s][info][gc          ] GC(264) Pause Young (Normal) (G1 Evacuation Pause) 577M->275M(622M) 5.997ms
[119.125s][info][gc,cpu      ] GC(264) User=0.01s Sys=0.00s Real=0.01s
[119.914s][info][gc,start    ] GC(265) Pause Young (Normal) (G1 Evacuation Pause)
[119.914s][info][gc,task     ] GC(265) Using 2 workers of 2 for evacuation
[119.921s][info][gc,phases   ] GC(265)   Pre Evacuate Collection Set: 0.27ms
[119.921s][info][gc,phases   ] GC(265)   Merge Heap Roots: 0.10ms
[119.921s][info][gc,phases   ] GC(265)   Evacuate Collection Set: 5.59ms
[119.921s][info][gc,phases   ] GC(265)   Post Evacuate Collection Set: 0.65ms
[119.921s][info][gc,phases   ] GC(265)   Other: 0.09ms
[119.921s][info][gc,heap     ] GC(265) Eden regions: 302->0(302)
[119.921s][info][gc,heap     ] GC(265) Survivor regions: 12->12(40)
[119.921s][info][gc,heap     ] GC(265) Old regions: 57->57
[119.921s][info][gc,heap     ] GC(265) Humongous regions: 207->207
[119.921s][info][gc,metaspace] GC(265) Metaspace: 56406K(56704K)->56406K(56704K) NonClass: 48126K(48320K)->48126K(48320K) Class: 8279K(8384K)->8279K(8384K)
[119.921s][info][gc          ] GC(265) Pause Young (Normal) (G1 Evacuation Pause) 577M->275M(622M) 6.880ms
[119.921s][info][gc,cpu      ] GC(265) User=0.02s Sys=0.00s Real=0.00s
[120.735s][info][gc,start    ] GC(266) Pause Young (Normal) (G1 Evacuation Pause)
[120.735s][info][gc,task     ] GC(266) Using 2 workers of 2 for evacuation
[120.740s][info][gc,phases   ] GC(266)   Pre Evacuate Collection Set: 0.26ms
[120.740s][info][gc,phases   ] GC(266)   Merge Heap Roots: 0.10ms
[120.740s][info][gc,phases   ] GC(266)   Evacuate Collection Set: 3.88ms
[120.740s][info][gc,phases   ] GC(266)   Post Evacuate Collection Set: 0.65ms
[120.740s][info][gc,phases   ] GC(266)   Other: 0.09ms
[120.740s][info][gc,heap     ] GC(266) Eden regions: 302->0(304)
[120.740s][info][gc,heap     ] GC(266) Survivor regions: 12->11(40)
[120.740s][info][gc,heap     ] GC(266) Old regions: 57->57
[120.740s][info][gc,heap     ] GC(266) Humongous regions: 207->207
[120.740s][info][gc,metaspace] GC(266) Metaspace: 56406K(56704K)->56406K(56704K) NonClass: 48126K(48320K)->48126K(48320K) Class: 8279K(8384K)->8279K(8384K)
[120.740s][info][gc          ] GC(266) Pause Young (Normal) (G1 Evacuation Pause) 577M->274M(622M) 5.170ms
[120.741s][info][gc,cpu      ] GC(266) User=0.01s Sys=0.00s Real=0.00s
[121.499s][info][gc,start    ] GC(267) Pause Young (Concurrent Start) (G1 Evacuation Pause)
[121.499s][info][gc,task     ] GC(267) Using 2 workers of 2 for evacuation
[121.506s][info][gc,phases   ] GC(267)   Pre Evacuate Collection Set: 0.28ms
[121.506s][info][gc,phases   ] GC(267)   Merge Heap Roots: 0.11ms
[121.506s][info][gc,phases   ] GC(267)   Evacuate Collection Set: 5.26ms
[121.506s][info][gc,phases   ] GC(267)   Post Evacuate Collection Set: 0.64ms
[121.506s][info][gc,phases   ] GC(267)   Other: 0.11ms
[121.506s][info][gc,heap     ] GC(267) Eden regions: 304->0(302)
[121.506s][info][gc,heap     ] GC(267) Survivor regions: 11->12(40)
[121.506s][info][gc,heap     ] GC(267) Old regions: 57->57
[121.506s][info][gc,heap     ] GC(267) Humongous regions: 207->207
[121.506s][info][gc,metaspace] GC(267) Metaspace: 56406K(56704K)->56406K(56704K) NonClass: 48126K(48320K)->48126K(48320K) Class: 8279K(8384K)->8279K(8384K)
[121.506s][info][gc          ] GC(267) Pause Young (Concurrent Start) (G1 Evacuation Pause) 578M->275M(622M) 6.613ms
[121.506s][info][gc,cpu      ] GC(267) User=0.01s Sys=0.00s Real=0.01s
[121.506s][info][gc          ] GC(268) Concurrent Mark Cycle
[121.507s][info][gc,marking  ] GC(268) Concurrent Scan Root Regions
[121.516s][info][gc,marking  ] GC(268) Concurrent Scan Root Regions 8.877ms
[121.516s][info][gc,marking  ] GC(268) Concurrent Mark
[121.516s][info][gc,marking  ] GC(268) Concurrent Mark From Roots
[121.516s][info][gc,task     ] GC(268) Using 1 workers of 1 for marking
[121.568s][info][gc,marking  ] GC(268) Concurrent Mark From Roots 52.128ms
[121.568s][info][gc,marking  ] GC(268) Concurrent Preclean
[121.568s][info][gc,marking  ] GC(268) Concurrent Preclean 0.072ms
[121.568s][info][gc,start    ] GC(268) Pause Remark
[121.577s][info][gc          ] GC(268) Pause Remark 301M->291M(622M) 8.976ms
[121.577s][info][gc,cpu      ] GC(268) User=0.02s Sys=0.00s Real=0.01s
[121.577s][info][gc,marking  ] GC(268) Concurrent Mark 61.385ms
[121.577s][info][gc,marking  ] GC(268) Concurrent Rebuild Remembered Sets and Scrub Regions
[121.596s][info][gc,marking  ] GC(268) Concurrent Rebuild Remembered Sets and Scrub Regions 18.813ms
[121.597s][info][gc,start    ] GC(268) Pause Cleanup
[121.597s][info][gc          ] GC(268) Pause Cleanup 298M->298M(622M) 0.080ms
[121.597s][info][gc,cpu      ] GC(268) User=0.00s Sys=0.00s Real=0.00s
[121.597s][info][gc,marking  ] GC(268) Concurrent Clear Claimed Marks
[121.597s][info][gc,marking  ] GC(268) Concurrent Clear Claimed Marks 0.095ms
[121.597s][info][gc,marking  ] GC(268) Concurrent Cleanup for Next Mark
[121.600s][info][gc,marking  ] GC(268) Concurrent Cleanup for Next Mark 3.468ms
[121.600s][info][gc          ] GC(268) Concurrent Mark Cycle 94.229ms
[122.296s][info][gc,start    ] GC(269) Pause Young (Prepare Mixed) (G1 Evacuation Pause)
[122.296s][info][gc,task     ] GC(269) Using 2 workers of 2 for evacuation
[122.302s][info][gc,phases   ] GC(269)   Pre Evacuate Collection Set: 0.26ms
[122.302s][info][gc,phases   ] GC(269)   Merge Heap Roots: 0.12ms
[122.302s][info][gc,phases   ] GC(269)   Evacuate Collection Set: 4.32ms
[122.302s][info][gc,phases   ] GC(269)   Post Evacuate Collection Set: 0.66ms
[122.302s][info][gc,phases   ] GC(269)   Other: 0.09ms
[122.302s][info][gc,heap     ] GC(269) Eden regions: 302->0(312)
[122.302s][info][gc,heap     ] GC(269) Survivor regions: 12->12(40)
[122.302s][info][gc,heap     ] GC(269) Old regions: 47->47
[122.302s][info][gc,heap     ] GC(269) Humongous regions: 207->207
[122.302s][info][gc,metaspace] GC(269) Metaspace: 56406K(56704K)->56406K(56704K) NonClass: 48126K(48320K)->48126K(48320K) Class: 8279K(8384K)->8279K(8384K)
[122.302s][info][gc          ] GC(269) Pause Young (Prepare Mixed) (G1 Evacuation Pause) 567M->265M(622M) 5.621ms
[122.302s][info][gc,cpu      ] GC(269) User=0.01s Sys=0.00s Real=0.00s
[123.106s][info][gc,start    ] GC(270) Pause Young (Mixed) (G1 Evacuation Pause)
[123.106s][info][gc,task     ] GC(270) Using 2 workers of 2 for evacuation
[123.112s][info][gc,phases   ] GC(270)   Pre Evacuate Collection Set: 0.27ms
[123.112s][info][gc,phases   ] GC(270)   Merge Heap Roots: 0.09ms
[123.112s][info][gc,phases   ] GC(270)   Evacuate Collection Set: 5.47ms
[123.112s][info][gc,phases   ] GC(270)   Post Evacuate Collection Set: 0.69ms
[123.112s][info][gc,phases   ] GC(270)   Other: 0.09ms
[123.112s][info][gc,heap     ] GC(270) Eden regions: 312->0(315)
[123.112s][info][gc,heap     ] GC(270) Survivor regions: 12->12(41)
[123.112s][info][gc,heap     ] GC(270) Old regions: 47->44
[123.112s][info][gc,heap     ] GC(270) Humongous regions: 207->207
[123.112s][info][gc,metaspace] GC(270) Metaspace: 56409K(56704K)->56409K(56704K) NonClass: 48129K(48320K)->48129K(48320K) Class: 8279K(8384K)->8279K(8384K)
[123.112s][info][gc          ] GC(270) Pause Young (Mixed) (G1 Evacuation Pause) 577M->262M(622M) 6.807ms
[123.112s][info][gc,cpu      ] GC(270) User=0.01s Sys=0.00s Real=0.00s
[123.920s][info][gc,start    ] GC(271) Pause Young (Concurrent Start) (G1 Evacuation Pause)
[123.920s][info][gc,task     ] GC(271) Using 2 workers of 2 for evacuation
[123.927s][info][gc,phases   ] GC(271)   Pre Evacuate Collection Set: 0.37ms
[123.927s][info][gc,phases   ] GC(271)   Merge Heap Roots: 0.16ms
[123.927s][info][gc,phases   ] GC(271)   Evacuate Collection Set: 6.34ms
[123.927s][info][gc,phases   ] GC(271)   Post Evacuate Collection Set: 0.67ms
[123.927s][info][gc,phases   ] GC(271)   Other: 0.12ms
[123.927s][info][gc,heap     ] GC(271) Eden regions: 315->0(313)
[123.927s][info][gc,heap     ] GC(271) Survivor regions: 12->13(41)
[123.927s][info][gc,heap     ] GC(271) Old regions: 44->44
[123.928s][info][gc,heap     ] GC(271) Humongous regions: 207->207
[123.928s][info][gc,metaspace] GC(271) Metaspace: 56409K(56704K)->56409K(56704K) NonClass: 48129K(48320K)->48129K(48320K) Class: 8279K(8384K)->8279K(8384K)
[123.928s][info][gc          ] GC(271) Pause Young (Concurrent Start) (G1 Evacuation Pause) 577M->263M(622M) 7.847ms
[123.928s][info][gc,cpu      ] GC(271) User=0.02s Sys=0.00s Real=0.01s
[123.928s][info][gc          ] GC(272) Concurrent Mark Cycle
[123.928s][info][gc,marking  ] GC(272) Concurrent Scan Root Regions
[123.933s][info][gc,marking  ] GC(272) Concurrent Scan Root Regions 5.431ms
[123.933s][info][gc,marking  ] GC(272) Concurrent Mark
[123.933s][info][gc,marking  ] GC(272) Concurrent Mark From Roots
[123.933s][info][gc,task     ] GC(272) Using 1 workers of 1 for marking
[123.979s][info][gc,marking  ] GC(272) Concurrent Mark From Roots 45.357ms
[123.979s][info][gc,marking  ] GC(272) Concurrent Preclean
[123.979s][info][gc,marking  ] GC(272) Concurrent Preclean 0.070ms
[123.979s][info][gc,start    ] GC(272) Pause Remark
[123.988s][info][gc          ] GC(272) Pause Remark 273M->273M(622M) 9.133ms
[123.988s][info][gc,cpu      ] GC(272) User=0.02s Sys=0.00s Real=0.01s
[123.991s][info][gc,marking  ] GC(272) Concurrent Mark 57.689ms
[123.991s][info][gc,marking  ] GC(272) Concurrent Rebuild Remembered Sets and Scrub Regions
[124.021s][info][gc,marking  ] GC(272) Concurrent Rebuild Remembered Sets and Scrub Regions 29.922ms
[124.021s][info][gc,start    ] GC(272) Pause Cleanup
[124.021s][info][gc          ] GC(272) Pause Cleanup 297M->297M(622M) 0.074ms
[124.021s][info][gc,cpu      ] GC(272) User=0.00s Sys=0.00s Real=0.00s
[124.022s][info][gc,marking  ] GC(272) Concurrent Clear Claimed Marks
[124.022s][info][gc,marking  ] GC(272) Concurrent Clear Claimed Marks 0.106ms
[124.022s][info][gc,marking  ] GC(272) Concurrent Cleanup for Next Mark
[124.026s][info][gc,marking  ] GC(272) Concurrent Cleanup for Next Mark 3.779ms
[124.026s][info][gc          ] GC(272) Concurrent Mark Cycle 98.415ms
[124.831s][info][gc,start    ] GC(273) Pause Young (Prepare Mixed) (G1 Evacuation Pause)
[124.831s][info][gc,task     ] GC(273) Using 2 workers of 2 for evacuation
[124.836s][info][gc,phases   ] GC(273)   Pre Evacuate Collection Set: 0.27ms
[124.836s][info][gc,phases   ] GC(273)   Merge Heap Roots: 0.11ms
[124.836s][info][gc,phases   ] GC(273)   Evacuate Collection Set: 4.33ms
[124.836s][info][gc,phases   ] GC(273)   Post Evacuate Collection Set: 0.66ms
[124.836s][info][gc,phases   ] GC(273)   Other: 0.08ms
[124.836s][info][gc,heap     ] GC(273) Eden regions: 313->0(317)
[124.836s][info][gc,heap     ] GC(273) Survivor regions: 13->11(41)
[124.836s][info][gc,heap     ] GC(273) Old regions: 44->44
[124.836s][info][gc,heap     ] GC(273) Humongous regions: 207->207
[124.836s][info][gc,metaspace] GC(273) Metaspace: 56409K(56704K)->56409K(56704K) NonClass: 48129K(48320K)->48129K(48320K) Class: 8279K(8384K)->8279K(8384K)
[124.836s][info][gc          ] GC(273) Pause Young (Prepare Mixed) (G1 Evacuation Pause) 576M->261M(622M) 5.650ms
[124.836s][info][gc,cpu      ] GC(273) User=0.01s Sys=0.00s Real=0.01s
[125.592s][info][gc,start    ] GC(274) Pause Young (Mixed) (G1 Evacuation Pause)
[125.592s][info][gc,task     ] GC(274) Using 2 workers of 2 for evacuation
[125.598s][info][gc,phases   ] GC(274)   Pre Evacuate Collection Set: 0.28ms
[125.598s][info][gc,phases   ] GC(274)   Merge Heap Roots: 0.12ms
[125.598s][info][gc,phases   ] GC(274)   Evacuate Collection Set: 4.92ms
[125.598s][info][gc,phases   ] GC(274)   Post Evacuate Collection Set: 0.65ms
[125.598s][info][gc,phases   ] GC(274)   Other: 0.09ms
[125.598s][info][gc,heap     ] GC(274) Eden regions: 317->0(318)
[125.598s][info][gc,heap     ] GC(274) Survivor regions: 11->12(41)
[125.598s][info][gc,heap     ] GC(274) Old regions: 44->41
[125.598s][info][gc,heap     ] GC(274) Humongous regions: 207->207
[125.598s][info][gc,metaspace] GC(274) Metaspace: 56409K(56704K)->56409K(56704K) NonClass: 48129K(48320K)->48129K(48320K) Class: 8279K(8384K)->8279K(8384K)
[125.598s][info][gc          ] GC(274) Pause Young (Mixed) (G1 Evacuation Pause) 578M->259M(622M) 6.253ms
[125.598s][info][gc,cpu      ] GC(274) User=0.01s Sys=0.00s Real=0.01s
[126.412s][info][gc,start    ] GC(275) Pause Young (Concurrent Start) (G1 Evacuation Pause)
[126.412s][info][gc,task     ] GC(275) Using 2 workers of 2 for evacuation
[126.419s][info][gc,phases   ] GC(275)   Pre Evacuate Collection Set: 0.29ms
[126.419s][info][gc,phases   ] GC(275)   Merge Heap Roots: 0.11ms
[126.419s][info][gc,phases   ] GC(275)   Evacuate Collection Set: 5.01ms
[126.419s][info][gc,phases   ] GC(275)   Post Evacuate Collection Set: 0.72ms
[126.419s][info][gc,phases   ] GC(275)   Other: 0.12ms
[126.419s][info][gc,heap     ] GC(275) Eden regions: 318->0(318)
[126.419s][info][gc,heap     ] GC(275) Survivor regions: 12->12(42)
[126.419s][info][gc,heap     ] GC(275) Old regions: 41->41
[126.419s][info][gc,heap     ] GC(275) Humongous regions: 207->207
[126.419s][info][gc,metaspace] GC(275) Metaspace: 56413K(56768K)->56413K(56768K) NonClass: 48133K(48384K)->48133K(48384K) Class: 8279K(8384K)->8279K(8384K)
[126.419s][info][gc          ] GC(275) Pause Young (Concurrent Start) (G1 Evacuation Pause) 577M->259M(622M) 6.443ms
[126.419s][info][gc          ] GC(276) Concurrent Mark Cycle
[126.419s][info][gc,marking  ] GC(276) Concurrent Scan Root Regions
[126.420s][info][gc,cpu      ] GC(275) User=0.01s Sys=0.00s Real=0.01s
[126.425s][info][gc,marking  ] GC(276) Concurrent Scan Root Regions 6.110ms
[126.425s][info][gc,marking  ] GC(276) Concurrent Mark
[126.425s][info][gc,marking  ] GC(276) Concurrent Mark From Roots
[126.425s][info][gc,task     ] GC(276) Using 1 workers of 1 for marking
[126.486s][info][gc,marking  ] GC(276) Concurrent Mark From Roots 60.553ms
[126.486s][info][gc,marking  ] GC(276) Concurrent Preclean
[126.486s][info][gc,marking  ] GC(276) Concurrent Preclean 0.068ms
[126.486s][info][gc,start    ] GC(276) Pause Remark
[126.512s][info][gc          ] GC(276) Pause Remark 276M->276M(622M) 25.830ms
[126.512s][info][gc,cpu      ] GC(276) User=0.01s Sys=0.00s Real=0.02s
[126.512s][info][gc,marking  ] GC(276) Concurrent Mark 86.820ms
[126.512s][info][gc,marking  ] GC(276) Concurrent Rebuild Remembered Sets and Scrub Regions
[126.535s][info][gc,marking  ] GC(276) Concurrent Rebuild Remembered Sets and Scrub Regions 23.213ms
[126.535s][info][gc,start    ] GC(276) Pause Cleanup
[126.535s][info][gc          ] GC(276) Pause Cleanup 276M->276M(622M) 0.065ms
[126.535s][info][gc,cpu      ] GC(276) User=0.00s Sys=0.00s Real=0.00s
[126.535s][info][gc,marking  ] GC(276) Concurrent Clear Claimed Marks
[126.535s][info][gc,marking  ] GC(276) Concurrent Clear Claimed Marks 0.104ms
[126.535s][info][gc,marking  ] GC(276) Concurrent Cleanup for Next Mark
[126.537s][info][gc,marking  ] GC(276) Concurrent Cleanup for Next Mark 1.844ms
[126.537s][info][gc          ] GC(276) Concurrent Mark Cycle 118.369ms
[127.226s][info][gc,start    ] GC(277) Pause Young (Prepare Mixed) (G1 Evacuation Pause)
[127.226s][info][gc,task     ] GC(277) Using 2 workers of 2 for evacuation
[127.232s][info][gc,phases   ] GC(277)   Pre Evacuate Collection Set: 0.39ms
[127.232s][info][gc,phases   ] GC(277)   Merge Heap Roots: 0.23ms
[127.232s][info][gc,phases   ] GC(277)   Evacuate Collection Set: 4.81ms
[127.232s][info][gc,phases   ] GC(277)   Post Evacuate Collection Set: 0.65ms
[127.232s][info][gc,phases   ] GC(277)   Other: 0.13ms
[127.232s][info][gc,heap     ] GC(277) Eden regions: 318->0(318)
[127.232s][info][gc,heap     ] GC(277) Survivor regions: 12->12(42)
[127.232s][info][gc,heap     ] GC(277) Old regions: 41->41
[127.232s][info][gc,heap     ] GC(277) Humongous regions: 207->207
[127.232s][info][gc,metaspace] GC(277) Metaspace: 56418K(56768K)->56418K(56768K) NonClass: 48138K(48384K)->48138K(48384K) Class: 8279K(8384K)->8279K(8384K)
[127.232s][info][gc          ] GC(277) Pause Young (Prepare Mixed) (G1 Evacuation Pause) 577M->259M(622M) 6.424ms
[127.232s][info][gc,cpu      ] GC(277) User=0.01s Sys=0.00s Real=0.00s
[128.091s][info][gc,start    ] GC(278) Pause Young (Mixed) (G1 Evacuation Pause)
[128.092s][info][gc,task     ] GC(278) Using 2 workers of 2 for evacuation
[128.097s][info][gc,phases   ] GC(278)   Pre Evacuate Collection Set: 0.26ms
[128.097s][info][gc,phases   ] GC(278)   Merge Heap Roots: 0.11ms
[128.097s][info][gc,phases   ] GC(278)   Evacuate Collection Set: 4.27ms
[128.097s][info][gc,phases   ] GC(278)   Post Evacuate Collection Set: 0.68ms
[128.097s][info][gc,phases   ] GC(278)   Other: 0.10ms
[128.097s][info][gc,heap     ] GC(278) Eden regions: 318->0(322)
[128.097s][info][gc,heap     ] GC(278) Survivor regions: 12->11(42)
[128.097s][info][gc,heap     ] GC(278) Old regions: 41->39
[128.097s][info][gc,heap     ] GC(278) Humongous regions: 207->207
[128.097s][info][gc,metaspace] GC(278) Metaspace: 56418K(56768K)->56418K(56768K) NonClass: 48138K(48384K)->48138K(48384K) Class: 8279K(8384K)->8279K(8384K)
[128.097s][info][gc          ] GC(278) Pause Young (Mixed) (G1 Evacuation Pause) 577M->256M(622M) 5.626ms
[128.097s][info][gc,cpu      ] GC(278) User=0.01s Sys=0.00s Real=0.01s
[128.912s][info][gc,start    ] GC(279) Pause Young (Concurrent Start) (G1 Evacuation Pause)
[128.912s][info][gc,task     ] GC(279) Using 2 workers of 2 for evacuation
[128.918s][info][gc,phases   ] GC(279)   Pre Evacuate Collection Set: 0.28ms
[128.918s][info][gc,phases   ] GC(279)   Merge Heap Roots: 0.11ms
[128.918s][info][gc,phases   ] GC(279)   Evacuate Collection Set: 5.38ms
[128.918s][info][gc,phases   ] GC(279)   Post Evacuate Collection Set: 0.65ms
[128.918s][info][gc,phases   ] GC(279)   Other: 0.11ms
[128.918s][info][gc,heap     ] GC(279) Eden regions: 322->0(330)
[128.918s][info][gc,heap     ] GC(279) Survivor regions: 11->2(42)
[128.918s][info][gc,heap     ] GC(279) Old regions: 39->49
[128.918s][info][gc,heap     ] GC(279) Humongous regions: 207->207
[128.918s][info][gc,metaspace] GC(279) Metaspace: 56419K(56768K)->56419K(56768K) NonClass: 48140K(48384K)->48140K(48384K) Class: 8279K(8384K)->8279K(8384K)
[128.918s][info][gc          ] GC(279) Pause Young (Concurrent Start) (G1 Evacuation Pause) 578M->257M(622M) 6.698ms
[128.918s][info][gc,cpu      ] GC(279) User=0.01s Sys=0.00s Real=0.01s
[128.918s][info][gc          ] GC(280) Concurrent Mark Cycle
[128.920s][info][gc,marking  ] GC(280) Concurrent Scan Root Regions
[128.926s][info][gc,marking  ] GC(280) Concurrent Scan Root Regions 5.592ms
[128.926s][info][gc,marking  ] GC(280) Concurrent Mark
[128.926s][info][gc,marking  ] GC(280) Concurrent Mark From Roots
[128.926s][info][gc,task     ] GC(280) Using 1 workers of 1 for marking
[128.970s][info][gc,marking  ] GC(280) Concurrent Mark From Roots 43.855ms
[128.970s][info][gc,marking  ] GC(280) Concurrent Preclean
[128.970s][info][gc,marking  ] GC(280) Concurrent Preclean 0.073ms
[128.970s][info][gc,start    ] GC(280) Pause Remark
[128.979s][info][gc          ] GC(280) Pause Remark 273M->273M(622M) 8.991ms
[128.979s][info][gc,cpu      ] GC(280) User=0.02s Sys=0.00s Real=0.01s
[128.979s][info][gc,marking  ] GC(280) Concurrent Mark 53.461ms
[128.979s][info][gc,marking  ] GC(280) Concurrent Rebuild Remembered Sets and Scrub Regions
[129.007s][info][gc,marking  ] GC(280) Concurrent Rebuild Remembered Sets and Scrub Regions 28.302ms
[129.008s][info][gc,start    ] GC(280) Pause Cleanup
[129.008s][info][gc          ] GC(280) Pause Cleanup 286M->286M(622M) 0.069ms
[129.008s][info][gc,cpu      ] GC(280) User=0.00s Sys=0.00s Real=0.00s
[129.008s][info][gc,marking  ] GC(280) Concurrent Clear Claimed Marks
[129.008s][info][gc,marking  ] GC(280) Concurrent Clear Claimed Marks 0.092ms
[129.008s][info][gc,marking  ] GC(280) Concurrent Cleanup for Next Mark
[129.010s][info][gc,marking  ] GC(280) Concurrent Cleanup for Next Mark 1.843ms
[129.010s][info][gc          ] GC(280) Concurrent Mark Cycle 91.363ms
[129.795s][info][gc,start    ] GC(281) Pause Young (Prepare Mixed) (G1 Evacuation Pause)
[129.795s][info][gc,task     ] GC(281) Using 2 workers of 2 for evacuation
[129.799s][info][gc,phases   ] GC(281)   Pre Evacuate Collection Set: 0.25ms
[129.799s][info][gc,phases   ] GC(281)   Merge Heap Roots: 0.13ms
[129.799s][info][gc,phases   ] GC(281)   Evacuate Collection Set: 2.99ms
[129.799s][info][gc,phases   ] GC(281)   Post Evacuate Collection Set: 0.65ms
[129.799s][info][gc,phases   ] GC(281)   Other: 0.09ms
[129.799s][info][gc,heap     ] GC(281) Eden regions: 330->0(330)
[129.799s][info][gc,heap     ] GC(281) Survivor regions: 2->2(42)
[129.799s][info][gc,heap     ] GC(281) Old regions: 49->49
[129.799s][info][gc,heap     ] GC(281) Humongous regions: 207->207
[129.799s][info][gc,metaspace] GC(281) Metaspace: 56419K(56768K)->56419K(56768K) NonClass: 48140K(48384K)->48140K(48384K) Class: 8279K(8384K)->8279K(8384K)
[129.799s][info][gc          ] GC(281) Pause Young (Prepare Mixed) (G1 Evacuation Pause) 587M->257M(622M) 4.279ms
[129.799s][info][gc,cpu      ] GC(281) User=0.01s Sys=0.00s Real=0.00s
[130.738s][info][gc,start    ] GC(282) Pause Young (Mixed) (G1 Evacuation Pause)
[130.738s][info][gc,task     ] GC(282) Using 2 workers of 2 for evacuation
[130.743s][info][gc,phases   ] GC(282)   Pre Evacuate Collection Set: 0.28ms
[130.743s][info][gc,phases   ] GC(282)   Merge Heap Roots: 0.11ms
[130.743s][info][gc,phases   ] GC(282)   Evacuate Collection Set: 4.20ms
[130.743s][info][gc,phases   ] GC(282)   Post Evacuate Collection Set: 0.68ms
[130.743s][info][gc,phases   ] GC(282)   Other: 0.08ms
[130.743s][info][gc,heap     ] GC(282) Eden regions: 330->0(331)
[130.743s][info][gc,heap     ] GC(282) Survivor regions: 2->2(42)
[130.743s][info][gc,heap     ] GC(282) Old regions: 49->48
[130.743s][info][gc,heap     ] GC(282) Humongous regions: 207->207
[130.743s][info][gc,metaspace] GC(282) Metaspace: 56419K(56768K)->56419K(56768K) NonClass: 48140K(48384K)->48140K(48384K) Class: 8279K(8384K)->8279K(8384K)
[130.743s][info][gc          ] GC(282) Pause Young (Mixed) (G1 Evacuation Pause) 587M->255M(622M) 5.535ms
[130.743s][info][gc,cpu      ] GC(282) User=0.01s Sys=0.00s Real=0.00s
[131.508s][info][gc,start    ] GC(283) Pause Young (Concurrent Start) (G1 Evacuation Pause)
[131.509s][info][gc,task     ] GC(283) Using 2 workers of 2 for evacuation
[131.514s][info][gc,phases   ] GC(283)   Pre Evacuate Collection Set: 0.29ms
[131.514s][info][gc,phases   ] GC(283)   Merge Heap Roots: 0.10ms
[131.514s][info][gc,phases   ] GC(283)   Evacuate Collection Set: 4.24ms
[131.514s][info][gc,phases   ] GC(283)   Post Evacuate Collection Set: 0.60ms
[131.514s][info][gc,phases   ] GC(283)   Other: 0.11ms
[131.514s][info][gc,heap     ] GC(283) Eden regions: 331->0(331)
[131.514s][info][gc,heap     ] GC(283) Survivor regions: 2->2(42)
[131.514s][info][gc,heap     ] GC(283) Old regions: 48->48
[131.514s][info][gc,heap     ] GC(283) Humongous regions: 207->207
[131.514s][info][gc,metaspace] GC(283) Metaspace: 56419K(56768K)->56419K(56768K) NonClass: 48140K(48384K)->48140K(48384K) Class: 8279K(8384K)->8279K(8384K)
[131.514s][info][gc          ] GC(283) Pause Young (Concurrent Start) (G1 Evacuation Pause) 586M->256M(622M) 5.529ms
[131.514s][info][gc          ] GC(284) Concurrent Mark Cycle
[131.514s][info][gc,marking  ] GC(284) Concurrent Scan Root Regions
[131.515s][info][gc,cpu      ] GC(283) User=0.01s Sys=0.00s Real=0.01s
[131.517s][info][gc,marking  ] GC(284) Concurrent Scan Root Regions 2.960ms
[131.517s][info][gc,marking  ] GC(284) Concurrent Mark
[131.517s][info][gc,marking  ] GC(284) Concurrent Mark From Roots
[131.517s][info][gc,task     ] GC(284) Using 1 workers of 1 for marking
[131.566s][info][gc,marking  ] GC(284) Concurrent Mark From Roots 48.988ms
[131.566s][info][gc,marking  ] GC(284) Concurrent Preclean
[131.566s][info][gc,marking  ] GC(284) Concurrent Preclean 0.067ms
[131.566s][info][gc,start    ] GC(284) Pause Remark
[131.575s][info][gc          ] GC(284) Pause Remark 275M->275M(622M) 8.814ms
[131.575s][info][gc,cpu      ] GC(284) User=0.02s Sys=0.00s Real=0.01s
[131.576s][info][gc,marking  ] GC(284) Concurrent Mark 58.594ms
[131.576s][info][gc,marking  ] GC(284) Concurrent Rebuild Remembered Sets and Scrub Regions
[131.611s][info][gc,marking  ] GC(284) Concurrent Rebuild Remembered Sets and Scrub Regions 35.311ms
[131.613s][info][gc,start    ] GC(284) Pause Cleanup
[131.613s][info][gc          ] GC(284) Pause Cleanup 291M->291M(622M) 0.107ms
[131.613s][info][gc,cpu      ] GC(284) User=0.00s Sys=0.00s Real=0.00s
[131.617s][info][gc,marking  ] GC(284) Concurrent Clear Claimed Marks
[131.617s][info][gc,marking  ] GC(284) Concurrent Clear Claimed Marks 0.134ms
[131.617s][info][gc,marking  ] GC(284) Concurrent Cleanup for Next Mark
[131.622s][info][gc,marking  ] GC(284) Concurrent Cleanup for Next Mark 4.657ms
[131.622s][info][gc          ] GC(284) Concurrent Mark Cycle 107.527ms
[132.387s][info][gc,start    ] GC(285) Pause Young (Prepare Mixed) (G1 Evacuation Pause)
[132.387s][info][gc,task     ] GC(285) Using 2 workers of 2 for evacuation
[132.391s][info][gc,phases   ] GC(285)   Pre Evacuate Collection Set: 0.24ms
[132.391s][info][gc,phases   ] GC(285)   Merge Heap Roots: 0.14ms
[132.391s][info][gc,phases   ] GC(285)   Evacuate Collection Set: 2.52ms
[132.391s][info][gc,phases   ] GC(285)   Post Evacuate Collection Set: 0.61ms
[132.391s][info][gc,phases   ] GC(285)   Other: 0.08ms
[132.391s][info][gc,heap     ] GC(285) Eden regions: 331->0(333)
[132.391s][info][gc,heap     ] GC(285) Survivor regions: 2->1(42)
[132.391s][info][gc,heap     ] GC(285) Old regions: 48->48
[132.391s][info][gc,heap     ] GC(285) Humongous regions: 207->207
[132.391s][info][gc,metaspace] GC(285) Metaspace: 56419K(56768K)->56419K(56768K) NonClass: 48140K(48384K)->48140K(48384K) Class: 8279K(8384K)->8279K(8384K)
[132.391s][info][gc          ] GC(285) Pause Young (Prepare Mixed) (G1 Evacuation Pause) 587M->255M(622M) 3.771ms
[132.391s][info][gc,cpu      ] GC(285) User=0.00s Sys=0.00s Real=0.00s
[133.264s][info][gc,start    ] GC(286) Pause Young (Mixed) (G1 Evacuation Pause)
[133.264s][info][gc,task     ] GC(286) Using 2 workers of 2 for evacuation
[133.270s][info][gc,phases   ] GC(286)   Pre Evacuate Collection Set: 0.25ms
[133.270s][info][gc,phases   ] GC(286)   Merge Heap Roots: 0.11ms
[133.270s][info][gc,phases   ] GC(286)   Evacuate Collection Set: 5.35ms
[133.270s][info][gc,phases   ] GC(286)   Post Evacuate Collection Set: 0.63ms
[133.270s][info][gc,phases   ] GC(286)   Other: 0.10ms
[133.271s][info][gc,heap     ] GC(286) Eden regions: 333->0(331)
[133.271s][info][gc,heap     ] GC(286) Survivor regions: 1->3(42)
[133.271s][info][gc,heap     ] GC(286) Old regions: 48->46
[133.271s][info][gc,heap     ] GC(286) Humongous regions: 207->207
[133.271s][info][gc,metaspace] GC(286) Metaspace: 56419K(56768K)->56419K(56768K) NonClass: 48140K(48384K)->48140K(48384K) Class: 8279K(8384K)->8279K(8384K)
[133.271s][info][gc          ] GC(286) Pause Young (Mixed) (G1 Evacuation Pause) 588M->255M(622M) 6.621ms
[133.271s][info][gc,cpu      ] GC(286) User=0.01s Sys=0.00s Real=0.00s
[134.103s][info][gc,start    ] GC(287) Pause Young (Concurrent Start) (G1 Evacuation Pause)
[134.103s][info][gc,task     ] GC(287) Using 2 workers of 2 for evacuation
[134.109s][info][gc,phases   ] GC(287)   Pre Evacuate Collection Set: 0.26ms
[134.109s][info][gc,phases   ] GC(287)   Merge Heap Roots: 0.13ms
[134.109s][info][gc,phases   ] GC(287)   Evacuate Collection Set: 4.68ms
[134.109s][info][gc,phases   ] GC(287)   Post Evacuate Collection Set: 0.63ms
[134.109s][info][gc,phases   ] GC(287)   Other: 0.12ms
[134.109s][info][gc,heap     ] GC(287) Eden regions: 331->0(331)
[134.109s][info][gc,heap     ] GC(287) Survivor regions: 3->3(42)
[134.109s][info][gc,heap     ] GC(287) Old regions: 46->46
[134.109s][info][gc,heap     ] GC(287) Humongous regions: 207->207
[134.109s][info][gc,metaspace] GC(287) Metaspace: 56419K(56768K)->56419K(56768K) NonClass: 48140K(48384K)->48140K(48384K) Class: 8279K(8384K)->8279K(8384K)
[134.109s][info][gc          ] GC(287) Pause Young (Concurrent Start) (G1 Evacuation Pause) 586M->255M(622M) 5.996ms
[134.109s][info][gc,cpu      ] GC(287) User=0.01s Sys=0.00s Real=0.01s
[134.109s][info][gc          ] GC(288) Concurrent Mark Cycle
[134.110s][info][gc,marking  ] GC(288) Concurrent Scan Root Regions
[134.124s][info][gc,marking  ] GC(288) Concurrent Scan Root Regions 14.383ms
[134.124s][info][gc,marking  ] GC(288) Concurrent Mark
[134.124s][info][gc,marking  ] GC(288) Concurrent Mark From Roots
[134.124s][info][gc,task     ] GC(288) Using 1 workers of 1 for marking
[134.177s][info][gc,marking  ] GC(288) Concurrent Mark From Roots 53.122ms
[134.177s][info][gc,marking  ] GC(288) Concurrent Preclean
[134.177s][info][gc,marking  ] GC(288) Concurrent Preclean 0.065ms
[134.177s][info][gc,start    ] GC(288) Pause Remark
[134.186s][info][gc          ] GC(288) Pause Remark 276M->276M(622M) 8.646ms
[134.186s][info][gc,cpu      ] GC(288) User=0.02s Sys=0.00s Real=0.01s
[134.187s][info][gc,marking  ] GC(288) Concurrent Mark 63.264ms
[134.187s][info][gc,marking  ] GC(288) Concurrent Rebuild Remembered Sets and Scrub Regions
[134.222s][info][gc,marking  ] GC(288) Concurrent Rebuild Remembered Sets and Scrub Regions 35.015ms
[134.222s][info][gc,start    ] GC(288) Pause Cleanup
[134.222s][info][gc          ] GC(288) Pause Cleanup 299M->299M(622M) 0.066ms
[134.222s][info][gc,cpu      ] GC(288) User=0.00s Sys=0.00s Real=0.00s
[134.222s][info][gc,marking  ] GC(288) Concurrent Clear Claimed Marks
[134.223s][info][gc,marking  ] GC(288) Concurrent Clear Claimed Marks 0.100ms
[134.223s][info][gc,marking  ] GC(288) Concurrent Cleanup for Next Mark
[134.227s][info][gc,marking  ] GC(288) Concurrent Cleanup for Next Mark 4.857ms
[134.227s][info][gc          ] GC(288) Concurrent Mark Cycle 117.995ms
[134.991s][info][gc,start    ] GC(289) Pause Young (Prepare Mixed) (G1 Evacuation Pause)
[134.991s][info][gc,task     ] GC(289) Using 2 workers of 2 for evacuation
[134.995s][info][gc,phases   ] GC(289)   Pre Evacuate Collection Set: 0.26ms
[134.995s][info][gc,phases   ] GC(289)   Merge Heap Roots: 0.13ms
[134.995s][info][gc,phases   ] GC(289)   Evacuate Collection Set: 2.96ms
[134.995s][info][gc,phases   ] GC(289)   Post Evacuate Collection Set: 0.70ms
[134.995s][info][gc,phases   ] GC(289)   Other: 0.10ms
[134.995s][info][gc,heap     ] GC(289) Eden regions: 331->0(333)
[134.995s][info][gc,heap     ] GC(289) Survivor regions: 3->2(42)
[134.995s][info][gc,heap     ] GC(289) Old regions: 46->46
[134.995s][info][gc,heap     ] GC(289) Humongous regions: 207->207
[134.995s][info][gc,metaspace] GC(289) Metaspace: 56419K(56768K)->56419K(56768K) NonClass: 48140K(48384K)->48140K(48384K) Class: 8279K(8384K)->8279K(8384K)
[134.995s][info][gc          ] GC(289) Pause Young (Prepare Mixed) (G1 Evacuation Pause) 586M->254M(622M) 4.331ms
[134.995s][info][gc,cpu      ] GC(289) User=0.01s Sys=0.00s Real=0.01s
[135.994s][info][gc,start    ] GC(290) Pause Young (Mixed) (G1 Evacuation Pause)
[135.994s][info][gc,task     ] GC(290) Using 2 workers of 2 for evacuation
[136.020s][info][gc,phases   ] GC(290)   Pre Evacuate Collection Set: 1.81ms
[136.020s][info][gc,phases   ] GC(290)   Merge Heap Roots: 0.14ms
[136.020s][info][gc,phases   ] GC(290)   Evacuate Collection Set: 22.16ms
[136.020s][info][gc,phases   ] GC(290)   Post Evacuate Collection Set: 1.20ms
[136.020s][info][gc,phases   ] GC(290)   Other: 0.08ms
[136.020s][info][gc,heap     ] GC(290) Eden regions: 333->0(334)
[136.020s][info][gc,heap     ] GC(290) Survivor regions: 2->2(42)
[136.020s][info][gc,heap     ] GC(290) Old regions: 46->45
[136.020s][info][gc,heap     ] GC(290) Humongous regions: 207->207
[136.020s][info][gc,metaspace] GC(290) Metaspace: 56419K(56768K)->56419K(56768K) NonClass: 48140K(48384K)->48140K(48384K) Class: 8279K(8384K)->8279K(8384K)
[136.020s][info][gc          ] GC(290) Pause Young (Mixed) (G1 Evacuation Pause) 587M->253M(622M) 25.612ms
[136.020s][info][gc,cpu      ] GC(290) User=0.01s Sys=0.00s Real=0.02s
[136.809s][info][gc,start    ] GC(291) Pause Young (Concurrent Start) (G1 Evacuation Pause)
[136.809s][info][gc,task     ] GC(291) Using 2 workers of 2 for evacuation
[136.821s][info][gc,phases   ] GC(291)   Pre Evacuate Collection Set: 0.32ms
[136.821s][info][gc,phases   ] GC(291)   Merge Heap Roots: 0.10ms
[136.821s][info][gc,phases   ] GC(291)   Evacuate Collection Set: 10.97ms
[136.821s][info][gc,phases   ] GC(291)   Post Evacuate Collection Set: 1.01ms
[136.821s][info][gc,phases   ] GC(291)   Other: 0.13ms
[136.821s][info][gc,heap     ] GC(291) Eden regions: 334->0(332)
[136.821s][info][gc,heap     ] GC(291) Survivor regions: 2->3(42)
[136.821s][info][gc,heap     ] GC(291) Old regions: 45->45
[136.821s][info][gc,heap     ] GC(291) Humongous regions: 207->207
[136.821s][info][gc,metaspace] GC(291) Metaspace: 56419K(56768K)->56419K(56768K) NonClass: 48140K(48384K)->48140K(48384K) Class: 8279K(8384K)->8279K(8384K)
[136.821s][info][gc          ] GC(291) Pause Young (Concurrent Start) (G1 Evacuation Pause) 587M->254M(622M) 12.693ms
[136.821s][info][gc,cpu      ] GC(291) User=0.01s Sys=0.00s Real=0.01s
[136.821s][info][gc          ] GC(292) Concurrent Mark Cycle
[136.823s][info][gc,marking  ] GC(292) Concurrent Scan Root Regions
[136.828s][info][gc,marking  ] GC(292) Concurrent Scan Root Regions 5.868ms
[136.828s][info][gc,marking  ] GC(292) Concurrent Mark
[136.828s][info][gc,marking  ] GC(292) Concurrent Mark From Roots
[136.828s][info][gc,task     ] GC(292) Using 1 workers of 1 for marking
[136.876s][info][gc,marking  ] GC(292) Concurrent Mark From Roots 47.965ms
[136.876s][info][gc,marking  ] GC(292) Concurrent Preclean
[136.877s][info][gc,marking  ] GC(292) Concurrent Preclean 0.087ms
[136.877s][info][gc,start    ] GC(292) Pause Remark
[136.886s][info][gc          ] GC(292) Pause Remark 272M->272M(622M) 9.081ms
[136.886s][info][gc,cpu      ] GC(292) User=0.01s Sys=0.00s Real=0.01s
[136.889s][info][gc,marking  ] GC(292) Concurrent Mark 60.459ms
[136.889s][info][gc,marking  ] GC(292) Concurrent Rebuild Remembered Sets and Scrub Regions
[136.925s][info][gc,marking  ] GC(292) Concurrent Rebuild Remembered Sets and Scrub Regions 35.848ms
[136.925s][info][gc,start    ] GC(292) Pause Cleanup
[136.925s][info][gc          ] GC(292) Pause Cleanup 295M->295M(622M) 0.070ms
[136.925s][info][gc,cpu      ] GC(292) User=0.00s Sys=0.00s Real=0.00s
[136.927s][info][gc,marking  ] GC(292) Concurrent Clear Claimed Marks
[136.927s][info][gc,marking  ] GC(292) Concurrent Clear Claimed Marks 0.109ms
[136.927s][info][gc,marking  ] GC(292) Concurrent Cleanup for Next Mark
[136.929s][info][gc,marking  ] GC(292) Concurrent Cleanup for Next Mark 1.898ms
[136.929s][info][gc          ] GC(292) Concurrent Mark Cycle 107.265ms
[137.696s][info][gc,start    ] GC(293) Pause Young (Prepare Mixed) (G1 Evacuation Pause)
[137.696s][info][gc,task     ] GC(293) Using 2 workers of 2 for evacuation
[137.700s][info][gc,phases   ] GC(293)   Pre Evacuate Collection Set: 0.27ms
[137.700s][info][gc,phases   ] GC(293)   Merge Heap Roots: 0.13ms
[137.700s][info][gc,phases   ] GC(293)   Evacuate Collection Set: 3.04ms
[137.700s][info][gc,phases   ] GC(293)   Post Evacuate Collection Set: 0.66ms
[137.700s][info][gc,phases   ] GC(293)   Other: 0.08ms
[137.700s][info][gc,heap     ] GC(293) Eden regions: 332->0(334)
[137.700s][info][gc,heap     ] GC(293) Survivor regions: 3->2(42)
[137.700s][info][gc,heap     ] GC(293) Old regions: 45->45
[137.700s][info][gc,heap     ] GC(293) Humongous regions: 207->207
[137.700s][info][gc,metaspace] GC(293) Metaspace: 56419K(56768K)->56419K(56768K) NonClass: 48140K(48384K)->48140K(48384K) Class: 8279K(8384K)->8279K(8384K)
[137.700s][info][gc          ] GC(293) Pause Young (Prepare Mixed) (G1 Evacuation Pause) 586M->252M(622M) 4.374ms
[137.700s][info][gc,cpu      ] GC(293) User=0.01s Sys=0.00s Real=0.00s
[138.591s][info][gc,start    ] GC(294) Pause Young (Mixed) (G1 Evacuation Pause)
[138.592s][info][gc,task     ] GC(294) Using 2 workers of 2 for evacuation
[138.599s][info][gc,phases   ] GC(294)   Pre Evacuate Collection Set: 0.25ms
[138.599s][info][gc,phases   ] GC(294)   Merge Heap Roots: 0.18ms
[138.599s][info][gc,phases   ] GC(294)   Evacuate Collection Set: 5.93ms
[138.599s][info][gc,phases   ] GC(294)   Post Evacuate Collection Set: 0.71ms
[138.599s][info][gc,phases   ] GC(294)   Other: 0.08ms
[138.599s][info][gc,heap     ] GC(294) Eden regions: 334->0(337)
[138.599s][info][gc,heap     ] GC(294) Survivor regions: 2->1(42)
[138.599s][info][gc,heap     ] GC(294) Old regions: 45->44
[138.599s][info][gc,heap     ] GC(294) Humongous regions: 207->207
[138.599s][info][gc,metaspace] GC(294) Metaspace: 56419K(56768K)->56419K(56768K) NonClass: 48140K(48384K)->48140K(48384K) Class: 8279K(8384K)->8279K(8384K)
[138.599s][info][gc          ] GC(294) Pause Young (Mixed) (G1 Evacuation Pause) 586M->251M(622M) 7.309ms
[138.599s][info][gc,cpu      ] GC(294) User=0.01s Sys=0.00s Real=0.01s
[139.420s][info][gc,start    ] GC(295) Pause Young (Concurrent Start) (G1 Evacuation Pause)
[139.420s][info][gc,task     ] GC(295) Using 2 workers of 2 for evacuation
[139.426s][info][gc,phases   ] GC(295)   Pre Evacuate Collection Set: 0.28ms
[139.426s][info][gc,phases   ] GC(295)   Merge Heap Roots: 0.11ms
[139.426s][info][gc,phases   ] GC(295)   Evacuate Collection Set: 4.27ms
[139.426s][info][gc,phases   ] GC(295)   Post Evacuate Collection Set: 0.65ms
[139.426s][info][gc,phases   ] GC(295)   Other: 0.11ms
[139.426s][info][gc,heap     ] GC(295) Eden regions: 337->0(335)
[139.426s][info][gc,heap     ] GC(295) Survivor regions: 1->2(43)
[139.426s][info][gc,heap     ] GC(295) Old regions: 44->44
[139.426s][info][gc,heap     ] GC(295) Humongous regions: 207->207
[139.426s][info][gc,metaspace] GC(295) Metaspace: 56420K(56768K)->56420K(56768K) NonClass: 48140K(48384K)->48140K(48384K) Class: 8279K(8384K)->8279K(8384K)
[139.426s][info][gc          ] GC(295) Pause Young (Concurrent Start) (G1 Evacuation Pause) 588M->252M(622M) 5.587ms
[139.426s][info][gc          ] GC(296) Concurrent Mark Cycle
[139.426s][info][gc,marking  ] GC(296) Concurrent Scan Root Regions
[139.428s][info][gc,cpu      ] GC(295) User=0.01s Sys=0.00s Real=0.01s
[139.429s][info][gc,marking  ] GC(296) Concurrent Scan Root Regions 2.894ms
[139.429s][info][gc,marking  ] GC(296) Concurrent Mark
[139.429s][info][gc,marking  ] GC(296) Concurrent Mark From Roots
[139.429s][info][gc,task     ] GC(296) Using 1 workers of 1 for marking
[139.477s][info][gc,marking  ] GC(296) Concurrent Mark From Roots 48.484ms
[139.477s][info][gc,marking  ] GC(296) Concurrent Preclean
[139.477s][info][gc,marking  ] GC(296) Concurrent Preclean 0.071ms
[139.477s][info][gc,start    ] GC(296) Pause Remark
[139.486s][info][gc          ] GC(296) Pause Remark 262M->262M(622M) 8.661ms
[139.486s][info][gc,cpu      ] GC(296) User=0.01s Sys=0.00s Real=0.01s
[139.487s][info][gc,marking  ] GC(296) Concurrent Mark 58.813ms
[139.487s][info][gc,marking  ] GC(296) Concurrent Rebuild Remembered Sets and Scrub Regions
[139.511s][info][gc,marking  ] GC(296) Concurrent Rebuild Remembered Sets and Scrub Regions 23.380ms
[139.511s][info][gc,start    ] GC(296) Pause Cleanup
[139.511s][info][gc          ] GC(296) Pause Cleanup 272M->272M(622M) 0.070ms
[139.511s][info][gc,cpu      ] GC(296) User=0.00s Sys=0.00s Real=0.00s
[139.511s][info][gc,marking  ] GC(296) Concurrent Clear Claimed Marks
[139.511s][info][gc,marking  ] GC(296) Concurrent Clear Claimed Marks 0.091ms
[139.511s][info][gc,marking  ] GC(296) Concurrent Cleanup for Next Mark
[139.513s][info][gc,marking  ] GC(296) Concurrent Cleanup for Next Mark 1.814ms
[139.513s][info][gc          ] GC(296) Concurrent Mark Cycle 87.417ms
[140.309s][info][gc,start    ] GC(297) Pause Young (Prepare Mixed) (G1 Evacuation Pause)
[140.309s][info][gc,task     ] GC(297) Using 2 workers of 2 for evacuation
[140.316s][info][gc,phases   ] GC(297)   Pre Evacuate Collection Set: 0.34ms
[140.316s][info][gc,phases   ] GC(297)   Merge Heap Roots: 0.16ms
[140.316s][info][gc,phases   ] GC(297)   Evacuate Collection Set: 5.66ms
[140.316s][info][gc,phases   ] GC(297)   Post Evacuate Collection Set: 0.69ms
[140.316s][info][gc,phases   ] GC(297)   Other: 0.11ms
[140.316s][info][gc,heap     ] GC(297) Eden regions: 335->0(330)
[140.316s][info][gc,heap     ] GC(297) Survivor regions: 2->4(43)
[140.316s][info][gc,heap     ] GC(297) Old regions: 44->45
[140.316s][info][gc,heap     ] GC(297) Humongous regions: 207->207
[140.316s][info][gc,metaspace] GC(297) Metaspace: 56420K(56768K)->56420K(56768K) NonClass: 48140K(48384K)->48140K(48384K) Class: 8279K(8384K)->8279K(8384K)
[140.316s][info][gc          ] GC(297) Pause Young (Prepare Mixed) (G1 Evacuation Pause) 587M->254M(622M) 7.130ms
[140.316s][info][gc,cpu      ] GC(297) User=0.01s Sys=0.00s Real=0.01s
[141.194s][info][gc,start    ] GC(298) Pause Young (Mixed) (G1 Evacuation Pause)
[141.194s][info][gc,task     ] GC(298) Using 2 workers of 2 for evacuation
[141.202s][info][gc,phases   ] GC(298)   Pre Evacuate Collection Set: 0.25ms
[141.202s][info][gc,phases   ] GC(298)   Merge Heap Roots: 0.11ms
[141.202s][info][gc,phases   ] GC(298)   Evacuate Collection Set: 5.98ms
[141.202s][info][gc,phases   ] GC(298)   Post Evacuate Collection Set: 0.86ms
[141.202s][info][gc,phases   ] GC(298)   Other: 0.10ms
[141.202s][info][gc,heap     ] GC(298) Eden regions: 330->0(335)
[141.202s][info][gc,heap     ] GC(298) Survivor regions: 4->2(42)
[141.202s][info][gc,heap     ] GC(298) Old regions: 45->44
[141.202s][info][gc,heap     ] GC(298) Humongous regions: 207->207
[141.202s][info][gc,metaspace] GC(298) Metaspace: 56420K(56768K)->56420K(56768K) NonClass: 48140K(48384K)->48140K(48384K) Class: 8279K(8384K)->8279K(8384K)
[141.202s][info][gc          ] GC(298) Pause Young (Mixed) (G1 Evacuation Pause) 584M->252M(622M) 7.487ms
[141.202s][info][gc,cpu      ] GC(298) User=0.01s Sys=0.00s Real=0.00s
[142.035s][info][gc,start    ] GC(299) Pause Young (Concurrent Start) (G1 Evacuation Pause)
[142.035s][info][gc,task     ] GC(299) Using 2 workers of 2 for evacuation
[142.039s][info][gc,phases   ] GC(299)   Pre Evacuate Collection Set: 0.31ms
[142.039s][info][gc,phases   ] GC(299)   Merge Heap Roots: 0.11ms
[142.039s][info][gc,phases   ] GC(299)   Evacuate Collection Set: 2.55ms
[142.039s][info][gc,phases   ] GC(299)   Post Evacuate Collection Set: 0.61ms
[142.039s][info][gc,phases   ] GC(299)   Other: 0.12ms
[142.039s][info][gc,heap     ] GC(299) Eden regions: 335->0(337)
[142.039s][info][gc,heap     ] GC(299) Survivor regions: 2->1(43)
[142.039s][info][gc,heap     ] GC(299) Old regions: 44->44
[142.039s][info][gc,heap     ] GC(299) Humongous regions: 207->207
[142.039s][info][gc,metaspace] GC(299) Metaspace: 56420K(56768K)->56420K(56768K) NonClass: 48140K(48384K)->48140K(48384K) Class: 8279K(8384K)->8279K(8384K)
[142.039s][info][gc          ] GC(299) Pause Young (Concurrent Start) (G1 Evacuation Pause) 587M->251M(622M) 3.882ms
[142.039s][info][gc,cpu      ] GC(299) User=0.01s Sys=0.00s Real=0.00s
[142.039s][info][gc          ] GC(300) Concurrent Mark Cycle
[142.039s][info][gc,marking  ] GC(300) Concurrent Scan Root Regions
[142.041s][info][gc,marking  ] GC(300) Concurrent Scan Root Regions 1.877ms
[142.041s][info][gc,marking  ] GC(300) Concurrent Mark
[142.041s][info][gc,marking  ] GC(300) Concurrent Mark From Roots
[142.041s][info][gc,task     ] GC(300) Using 1 workers of 1 for marking
[142.081s][info][gc,marking  ] GC(300) Concurrent Mark From Roots 39.693ms
[142.081s][info][gc,marking  ] GC(300) Concurrent Preclean
[142.081s][info][gc,marking  ] GC(300) Concurrent Preclean 0.060ms
[142.081s][info][gc,start    ] GC(300) Pause Remark
[142.089s][info][gc          ] GC(300) Pause Remark 253M->253M(622M) 8.643ms
[142.089s][info][gc,cpu      ] GC(300) User=0.02s Sys=0.00s Real=0.01s
[142.091s][info][gc,marking  ] GC(300) Concurrent Mark 49.705ms
[142.091s][info][gc,marking  ] GC(300) Concurrent Rebuild Remembered Sets and Scrub Regions
[142.123s][info][gc,marking  ] GC(300) Concurrent Rebuild Remembered Sets and Scrub Regions 32.505ms
[142.124s][info][gc,start    ] GC(300) Pause Cleanup
[142.124s][info][gc          ] GC(300) Pause Cleanup 275M->275M(622M) 0.090ms
[142.124s][info][gc,cpu      ] GC(300) User=0.00s Sys=0.00s Real=0.00s
[142.125s][info][gc,marking  ] GC(300) Concurrent Clear Claimed Marks
[142.125s][info][gc,marking  ] GC(300) Concurrent Clear Claimed Marks 0.124ms
[142.125s][info][gc,marking  ] GC(300) Concurrent Cleanup for Next Mark
[142.127s][info][gc,marking  ] GC(300) Concurrent Cleanup for Next Mark 1.983ms
[142.127s][info][gc          ] GC(300) Concurrent Mark Cycle 88.003ms
[142.922s][info][gc,start    ] GC(301) Pause Young (Prepare Mixed) (G1 Evacuation Pause)
[142.922s][info][gc,task     ] GC(301) Using 2 workers of 2 for evacuation
[142.927s][info][gc,phases   ] GC(301)   Pre Evacuate Collection Set: 0.26ms
[142.927s][info][gc,phases   ] GC(301)   Merge Heap Roots: 0.13ms
[142.927s][info][gc,phases   ] GC(301)   Evacuate Collection Set: 4.09ms
[142.927s][info][gc,phases   ] GC(301)   Post Evacuate Collection Set: 0.64ms
[142.927s][info][gc,phases   ] GC(301)   Other: 0.09ms
[142.927s][info][gc,heap     ] GC(301) Eden regions: 337->0(335)
[142.927s][info][gc,heap     ] GC(301) Survivor regions: 1->2(43)
[142.927s][info][gc,heap     ] GC(301) Old regions: 44->44
[142.928s][info][gc,heap     ] GC(301) Humongous regions: 207->207
[142.928s][info][gc,metaspace] GC(301) Metaspace: 56420K(56768K)->56420K(56768K) NonClass: 48140K(48384K)->48140K(48384K) Class: 8279K(8384K)->8279K(8384K)
[142.928s][info][gc          ] GC(301) Pause Young (Prepare Mixed) (G1 Evacuation Pause) 588M->252M(622M) 5.411ms
[142.928s][info][gc,cpu      ] GC(301) User=0.01s Sys=0.00s Real=0.01s
[143.808s][info][gc,start    ] GC(302) Pause Young (Mixed) (G1 Evacuation Pause)
[143.808s][info][gc,task     ] GC(302) Using 2 workers of 2 for evacuation
[143.816s][info][gc,phases   ] GC(302)   Pre Evacuate Collection Set: 0.27ms
[143.817s][info][gc,phases   ] GC(302)   Merge Heap Roots: 0.14ms
[143.817s][info][gc,phases   ] GC(302)   Evacuate Collection Set: 7.43ms
[143.817s][info][gc,phases   ] GC(302)   Post Evacuate Collection Set: 0.77ms
[143.817s][info][gc,phases   ] GC(302)   Other: 0.08ms
[143.817s][info][gc,heap     ] GC(302) Eden regions: 335->0(333)
[143.817s][info][gc,heap     ] GC(302) Survivor regions: 2->3(43)
[143.817s][info][gc,heap     ] GC(302) Old regions: 44->44
[143.817s][info][gc,heap     ] GC(302) Humongous regions: 207->207
[143.817s][info][gc,metaspace] GC(302) Metaspace: 56420K(56768K)->56420K(56768K) NonClass: 48140K(48384K)->48140K(48384K) Class: 8279K(8384K)->8279K(8384K)
[143.817s][info][gc          ] GC(302) Pause Young (Mixed) (G1 Evacuation Pause) 587M->252M(622M) 8.889ms
[143.817s][info][gc,cpu      ] GC(302) User=0.01s Sys=0.00s Real=0.01s
[144.696s][info][gc,start    ] GC(303) Pause Young (Concurrent Start) (G1 Evacuation Pause)
[144.696s][info][gc,task     ] GC(303) Using 2 workers of 2 for evacuation
[144.700s][info][gc,phases   ] GC(303)   Pre Evacuate Collection Set: 0.28ms
[144.700s][info][gc,phases   ] GC(303)   Merge Heap Roots: 0.11ms
[144.700s][info][gc,phases   ] GC(303)   Evacuate Collection Set: 3.28ms
[144.700s][info][gc,phases   ] GC(303)   Post Evacuate Collection Set: 0.63ms
[144.700s][info][gc,phases   ] GC(303)   Other: 0.13ms
[144.700s][info][gc,heap     ] GC(303) Eden regions: 333->0(335)
[144.700s][info][gc,heap     ] GC(303) Survivor regions: 3->2(42)
[144.700s][info][gc,heap     ] GC(303) Old regions: 44->44
[144.700s][info][gc,heap     ] GC(303) Humongous regions: 207->207
[144.700s][info][gc,metaspace] GC(303) Metaspace: 56421K(56768K)->56421K(56768K) NonClass: 48141K(48384K)->48141K(48384K) Class: 8279K(8384K)->8279K(8384K)
[144.700s][info][gc          ] GC(303) Pause Young (Concurrent Start) (G1 Evacuation Pause) 585M->252M(622M) 4.608ms
[144.700s][info][gc          ] GC(304) Concurrent Mark Cycle
[144.700s][info][gc,marking  ] GC(304) Concurrent Scan Root Regions
[144.701s][info][gc,cpu      ] GC(303) User=0.01s Sys=0.00s Real=0.00s
[144.705s][info][gc,marking  ] GC(304) Concurrent Scan Root Regions 4.160ms
[144.705s][info][gc,marking  ] GC(304) Concurrent Mark
[144.705s][info][gc,marking  ] GC(304) Concurrent Mark From Roots
[144.705s][info][gc,task     ] GC(304) Using 1 workers of 1 for marking
[144.761s][info][gc,marking  ] GC(304) Concurrent Mark From Roots 56.420ms
[144.761s][info][gc,marking  ] GC(304) Concurrent Preclean
[144.761s][info][gc,marking  ] GC(304) Concurrent Preclean 0.066ms
[144.761s][info][gc,start    ] GC(304) Pause Remark
[144.770s][info][gc          ] GC(304) Pause Remark 282M->282M(622M) 8.782ms
[144.770s][info][gc,cpu      ] GC(304) User=0.02s Sys=0.00s Real=0.01s
[144.770s][info][gc,marking  ] GC(304) Concurrent Mark 65.571ms
[144.770s][info][gc,marking  ] GC(304) Concurrent Rebuild Remembered Sets and Scrub Regions
[144.789s][info][gc,marking  ] GC(304) Concurrent Rebuild Remembered Sets and Scrub Regions 18.489ms
[144.789s][info][gc,start    ] GC(304) Pause Cleanup
[144.789s][info][gc          ] GC(304) Pause Cleanup 286M->286M(622M) 0.067ms
[144.789s][info][gc,cpu      ] GC(304) User=0.00s Sys=0.00s Real=0.00s
[144.789s][info][gc,marking  ] GC(304) Concurrent Clear Claimed Marks
[144.789s][info][gc,marking  ] GC(304) Concurrent Clear Claimed Marks 0.091ms
[144.789s][info][gc,marking  ] GC(304) Concurrent Cleanup for Next Mark
[144.792s][info][gc,marking  ] GC(304) Concurrent Cleanup for Next Mark 2.564ms
[144.792s][info][gc          ] GC(304) Concurrent Mark Cycle 91.433ms
[145.635s][info][gc,start    ] GC(305) Pause Young (Prepare Mixed) (G1 Evacuation Pause)
[145.635s][info][gc,task     ] GC(305) Using 2 workers of 2 for evacuation
[145.638s][info][gc,phases   ] GC(305)   Pre Evacuate Collection Set: 0.27ms
[145.638s][info][gc,phases   ] GC(305)   Merge Heap Roots: 0.13ms
[145.638s][info][gc,phases   ] GC(305)   Evacuate Collection Set: 2.30ms
[145.638s][info][gc,phases   ] GC(305)   Post Evacuate Collection Set: 0.63ms
[145.638s][info][gc,phases   ] GC(305)   Other: 0.08ms
[145.638s][info][gc,heap     ] GC(305) Eden regions: 335->0(337)
[145.638s][info][gc,heap     ] GC(305) Survivor regions: 2->1(43)
[145.638s][info][gc,heap     ] GC(305) Old regions: 44->44
[145.638s][info][gc,heap     ] GC(305) Humongous regions: 207->207
[145.638s][info][gc,metaspace] GC(305) Metaspace: 56421K(56768K)->56421K(56768K) NonClass: 48141K(48384K)->48141K(48384K) Class: 8279K(8384K)->8279K(8384K)
[145.638s][info][gc          ] GC(305) Pause Young (Prepare Mixed) (G1 Evacuation Pause) 587M->251M(622M) 3.584ms
[145.638s][info][gc,cpu      ] GC(305) User=0.00s Sys=0.00s Real=0.00s
[146.428s][info][gc,start    ] GC(306) Pause Young (Mixed) (G1 Evacuation Pause)
[146.428s][info][gc,task     ] GC(306) Using 2 workers of 2 for evacuation
[146.434s][info][gc,phases   ] GC(306)   Pre Evacuate Collection Set: 0.27ms
[146.434s][info][gc,phases   ] GC(306)   Merge Heap Roots: 0.11ms
[146.434s][info][gc,phases   ] GC(306)   Evacuate Collection Set: 5.30ms
[146.434s][info][gc,phases   ] GC(306)   Post Evacuate Collection Set: 0.67ms
[146.434s][info][gc,phases   ] GC(306)   Other: 0.08ms
[146.434s][info][gc,heap     ] GC(306) Eden regions: 337->0(335)
[146.434s][info][gc,heap     ] GC(306) Survivor regions: 1->2(43)
[146.434s][info][gc,heap     ] GC(306) Old regions: 44->44
[146.434s][info][gc,heap     ] GC(306) Humongous regions: 207->207
[146.434s][info][gc,metaspace] GC(306) Metaspace: 56421K(56768K)->56421K(56768K) NonClass: 48141K(48384K)->48141K(48384K) Class: 8279K(8384K)->8279K(8384K)
[146.434s][info][gc          ] GC(306) Pause Young (Mixed) (G1 Evacuation Pause) 588M->252M(622M) 6.624ms
[146.434s][info][gc,cpu      ] GC(306) User=0.02s Sys=0.00s Real=0.01s
[147.315s][info][gc,start    ] GC(307) Pause Young (Concurrent Start) (G1 Evacuation Pause)
[147.315s][info][gc,task     ] GC(307) Using 2 workers of 2 for evacuation
[147.320s][info][gc,phases   ] GC(307)   Pre Evacuate Collection Set: 0.32ms
[147.320s][info][gc,phases   ] GC(307)   Merge Heap Roots: 0.11ms
[147.320s][info][gc,phases   ] GC(307)   Evacuate Collection Set: 3.99ms
[147.320s][info][gc,phases   ] GC(307)   Post Evacuate Collection Set: 0.64ms
[147.320s][info][gc,phases   ] GC(307)   Other: 0.11ms
[147.320s][info][gc,heap     ] GC(307) Eden regions: 335->0(335)
[147.320s][info][gc,heap     ] GC(307) Survivor regions: 2->2(43)
[147.320s][info][gc,heap     ] GC(307) Old regions: 44->44
[147.320s][info][gc,heap     ] GC(307) Humongous regions: 207->207
[147.320s][info][gc,metaspace] GC(307) Metaspace: 56421K(56768K)->56421K(56768K) NonClass: 48141K(48384K)->48141K(48384K) Class: 8279K(8384K)->8279K(8384K)
[147.320s][info][gc          ] GC(307) Pause Young (Concurrent Start) (G1 Evacuation Pause) 587M->252M(622M) 5.346ms
[147.320s][info][gc          ] GC(308) Concurrent Mark Cycle
[147.320s][info][gc,marking  ] GC(308) Concurrent Scan Root Regions
[147.321s][info][gc,cpu      ] GC(307) User=0.01s Sys=0.00s Real=0.00s
[147.326s][info][gc,marking  ] GC(308) Concurrent Scan Root Regions 5.586ms
[147.326s][info][gc,marking  ] GC(308) Concurrent Mark
[147.326s][info][gc,marking  ] GC(308) Concurrent Mark From Roots
[147.326s][info][gc,task     ] GC(308) Using 1 workers of 1 for marking
[147.373s][info][gc,marking  ] GC(308) Concurrent Mark From Roots 47.106ms
[147.373s][info][gc,marking  ] GC(308) Concurrent Preclean
[147.373s][info][gc,marking  ] GC(308) Concurrent Preclean 0.068ms
[147.373s][info][gc,start    ] GC(308) Pause Remark
[147.382s][info][gc          ] GC(308) Pause Remark 268M->268M(622M) 8.749ms
[147.382s][info][gc,cpu      ] GC(308) User=0.02s Sys=0.00s Real=0.01s
[147.382s][info][gc,marking  ] GC(308) Concurrent Mark 56.319ms
[147.382s][info][gc,marking  ] GC(308) Concurrent Rebuild Remembered Sets and Scrub Regions
[147.414s][info][gc,marking  ] GC(308) Concurrent Rebuild Remembered Sets and Scrub Regions 32.219ms
[147.414s][info][gc,start    ] GC(308) Pause Cleanup
[147.415s][info][gc          ] GC(308) Pause Cleanup 285M->285M(622M) 0.070ms
[147.415s][info][gc,cpu      ] GC(308) User=0.00s Sys=0.00s Real=0.00s
[147.415s][info][gc,marking  ] GC(308) Concurrent Clear Claimed Marks
[147.415s][info][gc,marking  ] GC(308) Concurrent Clear Claimed Marks 0.092ms
[147.415s][info][gc,marking  ] GC(308) Concurrent Cleanup for Next Mark
[147.417s][info][gc,marking  ] GC(308) Concurrent Cleanup for Next Mark 1.832ms
[147.417s][info][gc          ] GC(308) Concurrent Mark Cycle 96.441ms
[148.205s][info][gc,start    ] GC(309) Pause Young (Prepare Mixed) (G1 Evacuation Pause)
[148.205s][info][gc,task     ] GC(309) Using 2 workers of 2 for evacuation
[148.209s][info][gc,phases   ] GC(309)   Pre Evacuate Collection Set: 0.25ms
[148.210s][info][gc,phases   ] GC(309)   Merge Heap Roots: 0.11ms
[148.210s][info][gc,phases   ] GC(309)   Evacuate Collection Set: 2.91ms
[148.210s][info][gc,phases   ] GC(309)   Post Evacuate Collection Set: 0.66ms
[148.210s][info][gc,phases   ] GC(309)   Other: 0.10ms
[148.210s][info][gc,heap     ] GC(309) Eden regions: 335->0(335)
[148.210s][info][gc,heap     ] GC(309) Survivor regions: 2->2(43)
[148.210s][info][gc,heap     ] GC(309) Old regions: 44->44
[148.210s][info][gc,heap     ] GC(309) Humongous regions: 207->207
[148.210s][info][gc,metaspace] GC(309) Metaspace: 56424K(56768K)->56424K(56768K) NonClass: 48144K(48384K)->48144K(48384K) Class: 8279K(8384K)->8279K(8384K)
[148.210s][info][gc          ] GC(309) Pause Young (Prepare Mixed) (G1 Evacuation Pause) 587M->251M(622M) 4.212ms
[148.210s][info][gc,cpu      ] GC(309) User=0.01s Sys=0.00s Real=0.00s
[149.094s][info][gc,start    ] GC(310) Pause Young (Mixed) (G1 Evacuation Pause)
[149.094s][info][gc,task     ] GC(310) Using 2 workers of 2 for evacuation
[149.100s][info][gc,phases   ] GC(310)   Pre Evacuate Collection Set: 0.26ms
[149.100s][info][gc,phases   ] GC(310)   Merge Heap Roots: 0.12ms
[149.100s][info][gc,phases   ] GC(310)   Evacuate Collection Set: 4.83ms
[149.100s][info][gc,phases   ] GC(310)   Post Evacuate Collection Set: 0.66ms
[149.100s][info][gc,phases   ] GC(310)   Other: 0.08ms
[149.100s][info][gc,heap     ] GC(310) Eden regions: 335->0(335)
[149.100s][info][gc,heap     ] GC(310) Survivor regions: 2->2(43)
[149.100s][info][gc,heap     ] GC(310) Old regions: 44->44
[149.100s][info][gc,heap     ] GC(310) Humongous regions: 207->207
[149.100s][info][gc,metaspace] GC(310) Metaspace: 56424K(56768K)->56424K(56768K) NonClass: 48144K(48384K)->48144K(48384K) Class: 8279K(8384K)->8279K(8384K)
[149.100s][info][gc          ] GC(310) Pause Young (Mixed) (G1 Evacuation Pause) 586M->251M(622M) 6.159ms
[149.100s][info][gc,cpu      ] GC(310) User=0.01s Sys=0.00s Real=0.00s
[149.932s][info][gc,start    ] GC(311) Pause Young (Concurrent Start) (G1 Evacuation Pause)
[149.932s][info][gc,task     ] GC(311) Using 2 workers of 2 for evacuation
[149.937s][info][gc,phases   ] GC(311)   Pre Evacuate Collection Set: 0.27ms
[149.937s][info][gc,phases   ] GC(311)   Merge Heap Roots: 0.10ms
[149.937s][info][gc,phases   ] GC(311)   Evacuate Collection Set: 3.52ms
[149.937s][info][gc,phases   ] GC(311)   Post Evacuate Collection Set: 0.63ms
[149.937s][info][gc,phases   ] GC(311)   Other: 0.12ms
[149.937s][info][gc,heap     ] GC(311) Eden regions: 335->0(335)
[149.937s][info][gc,heap     ] GC(311) Survivor regions: 2->2(43)
[149.937s][info][gc,heap     ] GC(311) Old regions: 44->44
[149.937s][info][gc,heap     ] GC(311) Humongous regions: 207->207
[149.937s][info][gc,metaspace] GC(311) Metaspace: 56424K(56768K)->56424K(56768K) NonClass: 48144K(48384K)->48144K(48384K) Class: 8279K(8384K)->8279K(8384K)
[149.937s][info][gc          ] GC(311) Pause Young (Concurrent Start) (G1 Evacuation Pause) 586M->252M(622M) 4.838ms
[149.937s][info][gc,cpu      ] GC(311) User=0.00s Sys=0.00s Real=0.01s
[149.937s][info][gc          ] GC(312) Concurrent Mark Cycle
[149.937s][info][gc,marking  ] GC(312) Concurrent Scan Root Regions
[149.941s][info][gc,marking  ] GC(312) Concurrent Scan Root Regions 3.553ms
[149.941s][info][gc,marking  ] GC(312) Concurrent Mark
[149.941s][info][gc,marking  ] GC(312) Concurrent Mark From Roots
[149.941s][info][gc,task     ] GC(312) Using 1 workers of 1 for marking
[149.984s][info][gc,marking  ] GC(312) Concurrent Mark From Roots 42.816ms
[149.984s][info][gc,marking  ] GC(312) Concurrent Preclean
[149.984s][info][gc,marking  ] GC(312) Concurrent Preclean 0.061ms
[149.984s][info][gc,start    ] GC(312) Pause Remark
[149.993s][info][gc          ] GC(312) Pause Remark 258M->258M(622M) 8.957ms
[149.993s][info][gc,cpu      ] GC(312) User=0.02s Sys=0.00s Real=0.00s
[149.995s][info][gc,marking  ] GC(312) Concurrent Mark 53.706ms
[149.995s][info][gc,marking  ] GC(312) Concurrent Rebuild Remembered Sets and Scrub Regions
[150.046s][info][gc,marking  ] GC(312) Concurrent Rebuild Remembered Sets and Scrub Regions 51.485ms
[150.047s][info][gc,start    ] GC(312) Pause Cleanup
[150.047s][info][gc          ] GC(312) Pause Cleanup 278M->278M(622M) 0.085ms
[150.047s][info][gc,cpu      ] GC(312) User=0.00s Sys=0.00s Real=0.00s
[150.047s][info][gc,marking  ] GC(312) Concurrent Clear Claimed Marks
[150.047s][info][gc,marking  ] GC(312) Concurrent Clear Claimed Marks 0.096ms
[150.047s][info][gc,marking  ] GC(312) Concurrent Cleanup for Next Mark
[150.051s][info][gc,marking  ] GC(312) Concurrent Cleanup for Next Mark 3.911ms
[150.051s][info][gc          ] GC(312) Concurrent Mark Cycle 114.009ms
[150.817s][info][gc,start    ] GC(313) Pause Young (Prepare Mixed) (G1 Evacuation Pause)
[150.817s][info][gc,task     ] GC(313) Using 2 workers of 2 for evacuation
[150.823s][info][gc,phases   ] GC(313)   Pre Evacuate Collection Set: 0.37ms
[150.823s][info][gc,phases   ] GC(313)   Merge Heap Roots: 0.13ms
[150.823s][info][gc,phases   ] GC(313)   Evacuate Collection Set: 4.85ms
[150.823s][info][gc,phases   ] GC(313)   Post Evacuate Collection Set: 0.66ms
[150.823s][info][gc,phases   ] GC(313)   Other: 0.11ms
[150.823s][info][gc,heap     ] GC(313) Eden regions: 335->0(335)
[150.823s][info][gc,heap     ] GC(313) Survivor regions: 2->2(43)
[150.823s][info][gc,heap     ] GC(313) Old regions: 44->44
[150.823s][info][gc,heap     ] GC(313) Humongous regions: 207->207
[150.823s][info][gc,metaspace] GC(313) Metaspace: 56424K(56768K)->56424K(56768K) NonClass: 48144K(48384K)->48144K(48384K) Class: 8279K(8384K)->8279K(8384K)
[150.823s][info][gc          ] GC(313) Pause Young (Prepare Mixed) (G1 Evacuation Pause) 587M->252M(622M) 6.332ms
[150.823s][info][gc,cpu      ] GC(313) User=0.01s Sys=0.00s Real=0.00s
[151.705s][info][gc,start    ] GC(314) Pause Young (Mixed) (G1 Evacuation Pause)
[151.706s][info][gc,task     ] GC(314) Using 2 workers of 2 for evacuation
[151.715s][info][gc,phases   ] GC(314)   Pre Evacuate Collection Set: 0.25ms
[151.715s][info][gc,phases   ] GC(314)   Merge Heap Roots: 0.19ms
[151.715s][info][gc,phases   ] GC(314)   Evacuate Collection Set: 8.11ms
[151.715s][info][gc,phases   ] GC(314)   Post Evacuate Collection Set: 0.78ms
[151.715s][info][gc,phases   ] GC(314)   Other: 0.08ms
[151.715s][info][gc,heap     ] GC(314) Eden regions: 335->0(335)
[151.715s][info][gc,heap     ] GC(314) Survivor regions: 2->2(43)
[151.715s][info][gc,heap     ] GC(314) Old regions: 44->44
[151.715s][info][gc,heap     ] GC(314) Humongous regions: 207->207
[151.715s][info][gc,metaspace] GC(314) Metaspace: 56424K(56768K)->56424K(56768K) NonClass: 48144K(48384K)->48144K(48384K) Class: 8279K(8384K)->8279K(8384K)
[151.715s][info][gc          ] GC(314) Pause Young (Mixed) (G1 Evacuation Pause) 587M->252M(622M) 9.581ms
[151.715s][info][gc,cpu      ] GC(314) User=0.02s Sys=0.00s Real=0.01s
[152.694s][info][gc,start    ] GC(315) Pause Young (Concurrent Start) (G1 Evacuation Pause)
[152.694s][info][gc,task     ] GC(315) Using 2 workers of 2 for evacuation
[152.698s][info][gc,phases   ] GC(315)   Pre Evacuate Collection Set: 0.29ms
[152.698s][info][gc,phases   ] GC(315)   Merge Heap Roots: 0.11ms
[152.698s][info][gc,phases   ] GC(315)   Evacuate Collection Set: 3.40ms
[152.698s][info][gc,phases   ] GC(315)   Post Evacuate Collection Set: 0.65ms
[152.698s][info][gc,phases   ] GC(315)   Other: 0.10ms
[152.698s][info][gc,heap     ] GC(315) Eden regions: 335->0(335)
[152.698s][info][gc,heap     ] GC(315) Survivor regions: 2->2(43)
[152.698s][info][gc,heap     ] GC(315) Old regions: 44->44
[152.698s][info][gc,heap     ] GC(315) Humongous regions: 207->207
[152.698s][info][gc,metaspace] GC(315) Metaspace: 56424K(56768K)->56424K(56768K) NonClass: 48144K(48384K)->48144K(48384K) Class: 8279K(8384K)->8279K(8384K)
[152.698s][info][gc          ] GC(315) Pause Young (Concurrent Start) (G1 Evacuation Pause) 587M->252M(622M) 4.729ms
[152.698s][info][gc          ] GC(316) Concurrent Mark Cycle
[152.698s][info][gc,marking  ] GC(316) Concurrent Scan Root Regions
[152.701s][info][gc,cpu      ] GC(315) User=0.01s Sys=0.00s Real=0.01s
[152.701s][info][gc,marking  ] GC(316) Concurrent Scan Root Regions 2.191ms
[152.701s][info][gc,marking  ] GC(316) Concurrent Mark
[152.701s][info][gc,marking  ] GC(316) Concurrent Mark From Roots
[152.701s][info][gc,task     ] GC(316) Using 1 workers of 1 for marking
[152.760s][info][gc,marking  ] GC(316) Concurrent Mark From Roots 59.261ms
[152.760s][info][gc,marking  ] GC(316) Concurrent Preclean
[152.760s][info][gc,marking  ] GC(316) Concurrent Preclean 0.066ms
[152.760s][info][gc,start    ] GC(316) Pause Remark
[152.769s][info][gc          ] GC(316) Pause Remark 281M->281M(622M) 9.004ms
[152.769s][info][gc,cpu      ] GC(316) User=0.02s Sys=0.00s Real=0.01s
[152.770s][info][gc,marking  ] GC(316) Concurrent Mark 68.895ms
[152.770s][info][gc,marking  ] GC(316) Concurrent Rebuild Remembered Sets and Scrub Regions
[152.793s][info][gc,marking  ] GC(316) Concurrent Rebuild Remembered Sets and Scrub Regions 23.608ms
[152.793s][info][gc,start    ] GC(316) Pause Cleanup
[152.793s][info][gc          ] GC(316) Pause Cleanup 288M->288M(622M) 0.072ms
[152.793s][info][gc,cpu      ] GC(316) User=0.00s Sys=0.00s Real=0.00s
[152.794s][info][gc,marking  ] GC(316) Concurrent Clear Claimed Marks
[152.794s][info][gc,marking  ] GC(316) Concurrent Clear Claimed Marks 0.091ms
[152.794s][info][gc,marking  ] GC(316) Concurrent Cleanup for Next Mark
[152.800s][info][gc,marking  ] GC(316) Concurrent Cleanup for Next Mark 6.565ms
[152.800s][info][gc          ] GC(316) Concurrent Mark Cycle 101.786ms
[153.583s][info][gc,start    ] GC(317) Pause Young (Prepare Mixed) (G1 Evacuation Pause)
[153.583s][info][gc,task     ] GC(317) Using 2 workers of 2 for evacuation
[153.586s][info][gc,phases   ] GC(317)   Pre Evacuate Collection Set: 0.25ms
[153.586s][info][gc,phases   ] GC(317)   Merge Heap Roots: 0.12ms
[153.586s][info][gc,phases   ] GC(317)   Evacuate Collection Set: 1.99ms
[153.586s][info][gc,phases   ] GC(317)   Post Evacuate Collection Set: 0.62ms
[153.586s][info][gc,phases   ] GC(317)   Other: 0.11ms
[153.586s][info][gc,heap     ] GC(317) Eden regions: 335->0(337)
[153.586s][info][gc,heap     ] GC(317) Survivor regions: 2->1(43)
[153.586s][info][gc,heap     ] GC(317) Old regions: 44->44
[153.586s][info][gc,heap     ] GC(317) Humongous regions: 207->207
[153.586s][info][gc,metaspace] GC(317) Metaspace: 56428K(56768K)->56428K(56768K) NonClass: 48149K(48384K)->48149K(48384K) Class: 8279K(8384K)->8279K(8384K)
[153.586s][info][gc          ] GC(317) Pause Young (Prepare Mixed) (G1 Evacuation Pause) 587M->250M(622M) 3.270ms
[153.586s][info][gc,cpu      ] GC(317) User=0.01s Sys=0.00s Real=0.01s
[154.417s][info][gc,start    ] GC(318) Pause Young (Mixed) (G1 Evacuation Pause)
[154.417s][info][gc,task     ] GC(318) Using 2 workers of 2 for evacuation
[154.425s][info][gc,phases   ] GC(318)   Pre Evacuate Collection Set: 0.27ms
[154.425s][info][gc,phases   ] GC(318)   Merge Heap Roots: 0.13ms
[154.425s][info][gc,phases   ] GC(318)   Evacuate Collection Set: 6.64ms
[154.425s][info][gc,phases   ] GC(318)   Post Evacuate Collection Set: 0.70ms
[154.425s][info][gc,phases   ] GC(318)   Other: 0.10ms
[154.425s][info][gc,heap     ] GC(318) Eden regions: 337->0(333)
[154.425s][info][gc,heap     ] GC(318) Survivor regions: 1->3(43)
[154.425s][info][gc,heap     ] GC(318) Old regions: 44->44
[154.425s][info][gc,heap     ] GC(318) Humongous regions: 207->207
[154.425s][info][gc,metaspace] GC(318) Metaspace: 56429K(56768K)->56429K(56768K) NonClass: 48149K(48384K)->48149K(48384K) Class: 8279K(8384K)->8279K(8384K)
[154.425s][info][gc          ] GC(318) Pause Young (Mixed) (G1 Evacuation Pause) 587M->252M(622M) 8.025ms
[154.425s][info][gc,cpu      ] GC(318) User=0.01s Sys=0.00s Real=0.01s
[155.310s][info][gc,start    ] GC(319) Pause Young (Concurrent Start) (G1 Evacuation Pause)
[155.310s][info][gc,task     ] GC(319) Using 2 workers of 2 for evacuation
[155.315s][info][gc,phases   ] GC(319)   Pre Evacuate Collection Set: 0.27ms
[155.315s][info][gc,phases   ] GC(319)   Merge Heap Roots: 0.10ms
[155.315s][info][gc,phases   ] GC(319)   Evacuate Collection Set: 3.71ms
[155.315s][info][gc,phases   ] GC(319)   Post Evacuate Collection Set: 0.64ms
[155.315s][info][gc,phases   ] GC(319)   Other: 0.11ms
[155.315s][info][gc,heap     ] GC(319) Eden regions: 333->0(335)
[155.315s][info][gc,heap     ] GC(319) Survivor regions: 3->2(42)
[155.315s][info][gc,heap     ] GC(319) Old regions: 44->44
[155.315s][info][gc,heap     ] GC(319) Humongous regions: 207->207
[155.315s][info][gc,metaspace] GC(319) Metaspace: 56429K(56768K)->56429K(56768K) NonClass: 48149K(48384K)->48149K(48384K) Class: 8279K(8384K)->8279K(8384K)
[155.315s][info][gc          ] GC(319) Pause Young (Concurrent Start) (G1 Evacuation Pause) 585M->252M(622M) 5.014ms
[155.315s][info][gc,cpu      ] GC(319) User=0.01s Sys=0.00s Real=0.01s
[155.315s][info][gc          ] GC(320) Concurrent Mark Cycle
[155.318s][info][gc,marking  ] GC(320) Concurrent Scan Root Regions
[155.324s][info][gc,marking  ] GC(320) Concurrent Scan Root Regions 6.375ms
[155.324s][info][gc,marking  ] GC(320) Concurrent Mark
[155.324s][info][gc,marking  ] GC(320) Concurrent Mark From Roots
[155.324s][info][gc,task     ] GC(320) Using 1 workers of 1 for marking
[155.371s][info][gc,marking  ] GC(320) Concurrent Mark From Roots 46.584ms
[155.371s][info][gc,marking  ] GC(320) Concurrent Preclean
[155.371s][info][gc,marking  ] GC(320) Concurrent Preclean 0.069ms
[155.371s][info][gc,start    ] GC(320) Pause Remark
[155.380s][info][gc          ] GC(320) Pause Remark 272M->272M(622M) 8.749ms
[155.380s][info][gc,cpu      ] GC(320) User=0.01s Sys=0.00s Real=0.01s
[155.380s][info][gc,marking  ] GC(320) Concurrent Mark 55.966ms
[155.380s][info][gc,marking  ] GC(320) Concurrent Rebuild Remembered Sets and Scrub Regions
[155.401s][info][gc,marking  ] GC(320) Concurrent Rebuild Remembered Sets and Scrub Regions 20.736ms
[155.401s][info][gc,start    ] GC(320) Pause Cleanup
[155.401s][info][gc          ] GC(320) Pause Cleanup 282M->282M(622M) 0.067ms
[155.401s][info][gc,cpu      ] GC(320) User=0.00s Sys=0.00s Real=0.00s
[155.401s][info][gc,marking  ] GC(320) Concurrent Clear Claimed Marks
[155.401s][info][gc,marking  ] GC(320) Concurrent Clear Claimed Marks 0.093ms
[155.401s][info][gc,marking  ] GC(320) Concurrent Cleanup for Next Mark
[155.403s][info][gc,marking  ] GC(320) Concurrent Cleanup for Next Mark 1.811ms
[155.403s][info][gc          ] GC(320) Concurrent Mark Cycle 87.904ms
[156.198s][info][gc,start    ] GC(321) Pause Young (Prepare Mixed) (G1 Evacuation Pause)
[156.198s][info][gc,task     ] GC(321) Using 2 workers of 2 for evacuation
[156.203s][info][gc,phases   ] GC(321)   Pre Evacuate Collection Set: 0.27ms
[156.203s][info][gc,phases   ] GC(321)   Merge Heap Roots: 0.12ms
[156.203s][info][gc,phases   ] GC(321)   Evacuate Collection Set: 3.56ms
[156.203s][info][gc,phases   ] GC(321)   Post Evacuate Collection Set: 0.67ms
[156.203s][info][gc,phases   ] GC(321)   Other: 0.08ms
[156.203s][info][gc,heap     ] GC(321) Eden regions: 335->0(335)
[156.203s][info][gc,heap     ] GC(321) Survivor regions: 2->2(43)
[156.203s][info][gc,heap     ] GC(321) Old regions: 44->44
[156.203s][info][gc,heap     ] GC(321) Humongous regions: 207->207
[156.203s][info][gc,metaspace] GC(321) Metaspace: 56429K(56768K)->56429K(56768K) NonClass: 48149K(48384K)->48149K(48384K) Class: 8279K(8384K)->8279K(8384K)
[156.203s][info][gc          ] GC(321) Pause Young (Prepare Mixed) (G1 Evacuation Pause) 587M->252M(622M) 4.888ms
[156.203s][info][gc,cpu      ] GC(321) User=0.01s Sys=0.00s Real=0.00s
[157.089s][info][gc,start    ] GC(322) Pause Young (Mixed) (G1 Evacuation Pause)
[157.089s][info][gc,task     ] GC(322) Using 2 workers of 2 for evacuation
[157.095s][info][gc,phases   ] GC(322)   Pre Evacuate Collection Set: 0.27ms
[157.095s][info][gc,phases   ] GC(322)   Merge Heap Roots: 0.12ms
[157.095s][info][gc,phases   ] GC(322)   Evacuate Collection Set: 5.34ms
[157.095s][info][gc,phases   ] GC(322)   Post Evacuate Collection Set: 0.68ms
[157.095s][info][gc,phases   ] GC(322)   Other: 0.08ms
[157.095s][info][gc,heap     ] GC(322) Eden regions: 335->0(337)
[157.095s][info][gc,heap     ] GC(322) Survivor regions: 2->1(43)
[157.095s][info][gc,heap     ] GC(322) Old regions: 44->44
[157.095s][info][gc,heap     ] GC(322) Humongous regions: 207->207
[157.095s][info][gc,metaspace] GC(322) Metaspace: 56429K(56768K)->56429K(56768K) NonClass: 48149K(48384K)->48149K(48384K) Class: 8279K(8384K)->8279K(8384K)
[157.095s][info][gc          ] GC(322) Pause Young (Mixed) (G1 Evacuation Pause) 587M->251M(622M) 6.680ms
[157.095s][info][gc,cpu      ] GC(322) User=0.01s Sys=0.00s Real=0.01s
[157.938s][info][gc,start    ] GC(323) Pause Young (Concurrent Start) (G1 Evacuation Pause)
[157.938s][info][gc,task     ] GC(323) Using 2 workers of 2 for evacuation
[157.942s][info][gc,phases   ] GC(323)   Pre Evacuate Collection Set: 0.27ms
[157.942s][info][gc,phases   ] GC(323)   Merge Heap Roots: 0.10ms
[157.942s][info][gc,phases   ] GC(323)   Evacuate Collection Set: 2.54ms
[157.942s][info][gc,phases   ] GC(323)   Post Evacuate Collection Set: 0.84ms
[157.942s][info][gc,phases   ] GC(323)   Other: 0.10ms
[157.942s][info][gc,heap     ] GC(323) Eden regions: 337->0(337)
[157.942s][info][gc,heap     ] GC(323) Survivor regions: 1->1(43)
[157.942s][info][gc,heap     ] GC(323) Old regions: 44->44
[157.942s][info][gc,heap     ] GC(323) Humongous regions: 207->207
[157.942s][info][gc,metaspace] GC(323) Metaspace: 56429K(56768K)->56429K(56768K) NonClass: 48149K(48384K)->48149K(48384K) Class: 8279K(8384K)->8279K(8384K)
[157.942s][info][gc          ] GC(323) Pause Young (Concurrent Start) (G1 Evacuation Pause) 588M->251M(622M) 4.057ms
[157.942s][info][gc,cpu      ] GC(323) User=0.01s Sys=0.00s Real=0.00s
[157.942s][info][gc          ] GC(324) Concurrent Mark Cycle
[157.942s][info][gc,marking  ] GC(324) Concurrent Scan Root Regions
[157.944s][info][gc,marking  ] GC(324) Concurrent Scan Root Regions 2.249ms
[157.944s][info][gc,marking  ] GC(324) Concurrent Mark
[157.944s][info][gc,marking  ] GC(324) Concurrent Mark From Roots
[157.944s][info][gc,task     ] GC(324) Using 1 workers of 1 for marking
[157.986s][info][gc,marking  ] GC(324) Concurrent Mark From Roots 41.492ms
[157.986s][info][gc,marking  ] GC(324) Concurrent Preclean
[157.986s][info][gc,marking  ] GC(324) Concurrent Preclean 0.063ms
[157.986s][info][gc,start    ] GC(324) Pause Remark
[157.995s][info][gc          ] GC(324) Pause Remark 255M->255M(622M) 8.851ms
[157.995s][info][gc,cpu      ] GC(324) User=0.01s Sys=0.00s Real=0.01s
[157.995s][info][gc,marking  ] GC(324) Concurrent Mark 50.806ms
[157.995s][info][gc,marking  ] GC(324) Concurrent Rebuild Remembered Sets and Scrub Regions
[158.019s][info][gc,marking  ] GC(324) Concurrent Rebuild Remembered Sets and Scrub Regions 24.014ms
[158.019s][info][gc,start    ] GC(324) Pause Cleanup
[158.019s][info][gc          ] GC(324) Pause Cleanup 266M->266M(622M) 0.089ms
[158.019s][info][gc,cpu      ] GC(324) User=0.00s Sys=0.00s Real=0.00s
[158.019s][info][gc,marking  ] GC(324) Concurrent Clear Claimed Marks
[158.020s][info][gc,marking  ] GC(324) Concurrent Clear Claimed Marks 0.109ms
[158.020s][info][gc,marking  ] GC(324) Concurrent Cleanup for Next Mark
[158.022s][info][gc,marking  ] GC(324) Concurrent Cleanup for Next Mark 2.574ms
[158.022s][info][gc          ] GC(324) Concurrent Mark Cycle 80.250ms
[158.828s][info][gc,start    ] GC(325) Pause Young (Prepare Mixed) (G1 Evacuation Pause)
[158.828s][info][gc,task     ] GC(325) Using 2 workers of 2 for evacuation
[158.833s][info][gc,phases   ] GC(325)   Pre Evacuate Collection Set: 0.25ms
[158.833s][info][gc,phases   ] GC(325)   Merge Heap Roots: 0.13ms
[158.833s][info][gc,phases   ] GC(325)   Evacuate Collection Set: 4.20ms
[158.833s][info][gc,phases   ] GC(325)   Post Evacuate Collection Set: 0.63ms
[158.833s][info][gc,phases   ] GC(325)   Other: 0.08ms
[158.833s][info][gc,heap     ] GC(325) Eden regions: 337->0(335)
[158.833s][info][gc,heap     ] GC(325) Survivor regions: 1->2(43)
[158.833s][info][gc,heap     ] GC(325) Old regions: 44->44
[158.833s][info][gc,heap     ] GC(325) Humongous regions: 207->207
[158.833s][info][gc,metaspace] GC(325) Metaspace: 56429K(56768K)->56429K(56768K) NonClass: 48149K(48384K)->48149K(48384K) Class: 8279K(8384K)->8279K(8384K)
[158.833s][info][gc          ] GC(325) Pause Young (Prepare Mixed) (G1 Evacuation Pause) 588M->252M(622M) 5.482ms
[158.834s][info][gc,cpu      ] GC(325) User=0.00s Sys=0.00s Real=0.00s
[159.710s][info][gc,start    ] GC(326) Pause Young (Mixed) (G1 Evacuation Pause)
[159.710s][info][gc,task     ] GC(326) Using 2 workers of 2 for evacuation
[159.718s][info][gc,phases   ] GC(326)   Pre Evacuate Collection Set: 0.27ms
[159.718s][info][gc,phases   ] GC(326)   Merge Heap Roots: 0.12ms
[159.718s][info][gc,phases   ] GC(326)   Evacuate Collection Set: 6.87ms
[159.718s][info][gc,phases   ] GC(326)   Post Evacuate Collection Set: 0.71ms
[159.718s][info][gc,phases   ] GC(326)   Other: 0.08ms
[159.718s][info][gc,heap     ] GC(326) Eden regions: 335->0(333)
[159.718s][info][gc,heap     ] GC(326) Survivor regions: 2->3(43)
[159.718s][info][gc,heap     ] GC(326) Old regions: 44->44
[159.718s][info][gc,heap     ] GC(326) Humongous regions: 207->207
[159.718s][info][gc,metaspace] GC(326) Metaspace: 56429K(56768K)->56429K(56768K) NonClass: 48149K(48384K)->48149K(48384K) Class: 8279K(8384K)->8279K(8384K)
[159.718s][info][gc          ] GC(326) Pause Young (Mixed) (G1 Evacuation Pause) 587M->252M(622M) 8.257ms
[159.718s][info][gc,cpu      ] GC(326) User=0.01s Sys=0.00s Real=0.01s
[160.602s][info][gc,start    ] GC(327) Pause Young (Concurrent Start) (G1 Evacuation Pause)
[160.602s][info][gc,task     ] GC(327) Using 2 workers of 2 for evacuation
[160.607s][info][gc,phases   ] GC(327)   Pre Evacuate Collection Set: 0.29ms
[160.607s][info][gc,phases   ] GC(327)   Merge Heap Roots: 0.10ms
[160.607s][info][gc,phases   ] GC(327)   Evacuate Collection Set: 3.97ms
[160.607s][info][gc,phases   ] GC(327)   Post Evacuate Collection Set: 0.64ms
[160.607s][info][gc,phases   ] GC(327)   Other: 0.11ms
[160.607s][info][gc,heap     ] GC(327) Eden regions: 333->0(333)
[160.607s][info][gc,heap     ] GC(327) Survivor regions: 3->3(42)
[160.607s][info][gc,heap     ] GC(327) Old regions: 44->44
[160.607s][info][gc,heap     ] GC(327) Humongous regions: 207->207
[160.607s][info][gc,metaspace] GC(327) Metaspace: 56429K(56768K)->56429K(56768K) NonClass: 48149K(48384K)->48149K(48384K) Class: 8279K(8384K)->8279K(8384K)
[160.607s][info][gc          ] GC(327) Pause Young (Concurrent Start) (G1 Evacuation Pause) 585M->253M(622M) 5.304ms
[160.607s][info][gc,cpu      ] GC(327) User=0.01s Sys=0.00s Real=0.01s
[160.607s][info][gc          ] GC(328) Concurrent Mark Cycle
[160.607s][info][gc,marking  ] GC(328) Concurrent Scan Root Regions
[160.614s][info][gc,marking  ] GC(328) Concurrent Scan Root Regions 7.259ms
[160.614s][info][gc,marking  ] GC(328) Concurrent Mark
[160.614s][info][gc,marking  ] GC(328) Concurrent Mark From Roots
[160.614s][info][gc,task     ] GC(328) Using 1 workers of 1 for marking
[160.696s][info][gc,marking  ] GC(328) Concurrent Mark From Roots 81.618ms
[160.696s][info][gc,marking  ] GC(328) Concurrent Preclean
[160.696s][info][gc,marking  ] GC(328) Concurrent Preclean 0.075ms
[160.696s][info][gc,start    ] GC(328) Pause Remark
[160.716s][info][gc          ] GC(328) Pause Remark 278M->278M(622M) 20.431ms
[160.717s][info][gc,cpu      ] GC(328) User=0.02s Sys=0.00s Real=0.02s
[160.717s][info][gc,marking  ] GC(328) Concurrent Mark 102.879ms
[160.717s][info][gc,marking  ] GC(328) Concurrent Rebuild Remembered Sets and Scrub Regions
[160.735s][info][gc,marking  ] GC(328) Concurrent Rebuild Remembered Sets and Scrub Regions 18.253ms
[160.735s][info][gc,start    ] GC(328) Pause Cleanup
[160.736s][info][gc          ] GC(328) Pause Cleanup 278M->278M(622M) 0.072ms
[160.736s][info][gc,cpu      ] GC(328) User=0.00s Sys=0.00s Real=0.00s
[160.736s][info][gc,marking  ] GC(328) Concurrent Clear Claimed Marks
[160.736s][info][gc,marking  ] GC(328) Concurrent Clear Claimed Marks 0.107ms
[160.736s][info][gc,marking  ] GC(328) Concurrent Cleanup for Next Mark
[160.738s][info][gc,marking  ] GC(328) Concurrent Cleanup for Next Mark 2.066ms
[160.738s][info][gc          ] GC(328) Concurrent Mark Cycle 130.954ms
[161.435s][info][gc,start    ] GC(329) Pause Young (Prepare Mixed) (G1 Evacuation Pause)
[161.435s][info][gc,task     ] GC(329) Using 2 workers of 2 for evacuation
[161.439s][info][gc,phases   ] GC(329)   Pre Evacuate Collection Set: 0.35ms
[161.439s][info][gc,phases   ] GC(329)   Merge Heap Roots: 0.19ms
[161.439s][info][gc,phases   ] GC(329)   Evacuate Collection Set: 2.52ms
[161.439s][info][gc,phases   ] GC(329)   Post Evacuate Collection Set: 0.67ms
[161.439s][info][gc,phases   ] GC(329)   Other: 0.13ms
[161.439s][info][gc,heap     ] GC(329) Eden regions: 333->0(337)
[161.439s][info][gc,heap     ] GC(329) Survivor regions: 3->1(42)
[161.439s][info][gc,heap     ] GC(329) Old regions: 44->44
[161.439s][info][gc,heap     ] GC(329) Humongous regions: 207->207
[161.439s][info][gc,metaspace] GC(329) Metaspace: 56429K(56768K)->56429K(56768K) NonClass: 48149K(48384K)->48149K(48384K) Class: 8279K(8384K)->8279K(8384K)
[161.439s][info][gc          ] GC(329) Pause Young (Prepare Mixed) (G1 Evacuation Pause) 586M->251M(622M) 4.073ms
[161.439s][info][gc,cpu      ] GC(329) User=0.00s Sys=0.00s Real=0.00s
[162.322s][info][gc,start    ] GC(330) Pause Young (Mixed) (G1 Evacuation Pause)
[162.322s][info][gc,task     ] GC(330) Using 2 workers of 2 for evacuation
[162.330s][info][gc,phases   ] GC(330)   Pre Evacuate Collection Set: 0.27ms
[162.330s][info][gc,phases   ] GC(330)   Merge Heap Roots: 0.11ms
[162.330s][info][gc,phases   ] GC(330)   Evacuate Collection Set: 6.39ms
[162.330s][info][gc,phases   ] GC(330)   Post Evacuate Collection Set: 0.69ms
[162.330s][info][gc,phases   ] GC(330)   Other: 0.09ms
[162.330s][info][gc,heap     ] GC(330) Eden regions: 337->0(333)
[162.330s][info][gc,heap     ] GC(330) Survivor regions: 1->3(43)
[162.330s][info][gc,heap     ] GC(330) Old regions: 44->44
[162.330s][info][gc,heap     ] GC(330) Humongous regions: 207->207
[162.330s][info][gc,metaspace] GC(330) Metaspace: 56429K(56768K)->56429K(56768K) NonClass: 48149K(48384K)->48149K(48384K) Class: 8279K(8384K)->8279K(8384K)
[162.330s][info][gc          ] GC(330) Pause Young (Mixed) (G1 Evacuation Pause) 588M->252M(622M) 7.748ms
[162.330s][info][gc,cpu      ] GC(330) User=0.02s Sys=0.00s Real=0.01s
[163.214s][info][gc,start    ] GC(331) Pause Young (Concurrent Start) (G1 Evacuation Pause)
[163.214s][info][gc,task     ] GC(331) Using 2 workers of 2 for evacuation
[163.219s][info][gc,phases   ] GC(331)   Pre Evacuate Collection Set: 0.28ms
[163.219s][info][gc,phases   ] GC(331)   Merge Heap Roots: 0.11ms
[163.219s][info][gc,phases   ] GC(331)   Evacuate Collection Set: 4.40ms
[163.219s][info][gc,phases   ] GC(331)   Post Evacuate Collection Set: 0.80ms
[163.219s][info][gc,phases   ] GC(331)   Other: 0.13ms
[163.219s][info][gc,heap     ] GC(331) Eden regions: 333->0(335)
[163.219s][info][gc,heap     ] GC(331) Survivor regions: 3->2(42)
[163.219s][info][gc,heap     ] GC(331) Old regions: 44->44
[163.219s][info][gc,heap     ] GC(331) Humongous regions: 207->207
[163.219s][info][gc,metaspace] GC(331) Metaspace: 56429K(56768K)->56429K(56768K) NonClass: 48149K(48384K)->48149K(48384K) Class: 8279K(8384K)->8279K(8384K)
[163.219s][info][gc          ] GC(331) Pause Young (Concurrent Start) (G1 Evacuation Pause) 585M->252M(622M) 5.884ms
[163.219s][info][gc,cpu      ] GC(331) User=0.01s Sys=0.00s Real=0.01s
[163.219s][info][gc          ] GC(332) Concurrent Mark Cycle
[163.220s][info][gc,marking  ] GC(332) Concurrent Scan Root Regions
[163.223s][info][gc,marking  ] GC(332) Concurrent Scan Root Regions 2.796ms
[163.223s][info][gc,marking  ] GC(332) Concurrent Mark
[163.223s][info][gc,marking  ] GC(332) Concurrent Mark From Roots
[163.223s][info][gc,task     ] GC(332) Using 1 workers of 1 for marking
[163.281s][info][gc,marking  ] GC(332) Concurrent Mark From Roots 57.992ms
[163.281s][info][gc,marking  ] GC(332) Concurrent Preclean
[163.281s][info][gc,marking  ] GC(332) Concurrent Preclean 0.068ms
[163.281s][info][gc,start    ] GC(332) Pause Remark
[163.290s][info][gc          ] GC(332) Pause Remark 272M->272M(622M) 8.819ms
[163.290s][info][gc,cpu      ] GC(332) User=0.02s Sys=0.00s Real=0.01s
[163.291s][info][gc,marking  ] GC(332) Concurrent Mark 68.344ms
[163.291s][info][gc,marking  ] GC(332) Concurrent Rebuild Remembered Sets and Scrub Regions
[163.317s][info][gc,marking  ] GC(332) Concurrent Rebuild Remembered Sets and Scrub Regions 25.919ms
[163.317s][info][gc,start    ] GC(332) Pause Cleanup
[163.317s][info][gc          ] GC(332) Pause Cleanup 285M->285M(622M) 0.070ms
[163.317s][info][gc,cpu      ] GC(332) User=0.00s Sys=0.00s Real=0.00s
[163.318s][info][gc,marking  ] GC(332) Concurrent Clear Claimed Marks
[163.318s][info][gc,marking  ] GC(332) Concurrent Clear Claimed Marks 0.103ms
[163.318s][info][gc,marking  ] GC(332) Concurrent Cleanup for Next Mark
[163.320s][info][gc,marking  ] GC(332) Concurrent Cleanup for Next Mark 2.016ms
[163.320s][info][gc          ] GC(332) Concurrent Mark Cycle 100.373ms
[164.102s][info][gc,start    ] GC(333) Pause Young (Prepare Mixed) (G1 Evacuation Pause)
[164.102s][info][gc,task     ] GC(333) Using 2 workers of 2 for evacuation
[164.107s][info][gc,phases   ] GC(333)   Pre Evacuate Collection Set: 0.27ms
[164.107s][info][gc,phases   ] GC(333)   Merge Heap Roots: 0.12ms
[164.107s][info][gc,phases   ] GC(333)   Evacuate Collection Set: 3.36ms
[164.107s][info][gc,phases   ] GC(333)   Post Evacuate Collection Set: 0.64ms
[164.107s][info][gc,phases   ] GC(333)   Other: 0.10ms
[164.107s][info][gc,heap     ] GC(333) Eden regions: 335->0(335)
[164.107s][info][gc,heap     ] GC(333) Survivor regions: 2->2(43)
[164.107s][info][gc,heap     ] GC(333) Old regions: 44->44
[164.107s][info][gc,heap     ] GC(333) Humongous regions: 207->207
[164.107s][info][gc,metaspace] GC(333) Metaspace: 56429K(56768K)->56429K(56768K) NonClass: 48149K(48384K)->48149K(48384K) Class: 8279K(8384K)->8279K(8384K)
[164.107s][info][gc          ] GC(333) Pause Young (Prepare Mixed) (G1 Evacuation Pause) 587M->252M(622M) 4.728ms
[164.107s][info][gc,cpu      ] GC(333) User=0.01s Sys=0.00s Real=0.01s
[164.992s][info][gc,start    ] GC(334) Pause Young (Mixed) (G1 Evacuation Pause)
[164.992s][info][gc,task     ] GC(334) Using 2 workers of 2 for evacuation
[164.998s][info][gc,phases   ] GC(334)   Pre Evacuate Collection Set: 0.29ms
[164.998s][info][gc,phases   ] GC(334)   Merge Heap Roots: 0.12ms
[164.998s][info][gc,phases   ] GC(334)   Evacuate Collection Set: 4.83ms
[164.998s][info][gc,phases   ] GC(334)   Post Evacuate Collection Set: 0.90ms
[164.998s][info][gc,phases   ] GC(334)   Other: 0.11ms
[164.998s][info][gc,heap     ] GC(334) Eden regions: 335->0(335)
[164.998s][info][gc,heap     ] GC(334) Survivor regions: 2->2(43)
[164.998s][info][gc,heap     ] GC(334) Old regions: 44->44
[164.998s][info][gc,heap     ] GC(334) Humongous regions: 207->207
[164.998s][info][gc,metaspace] GC(334) Metaspace: 56432K(56768K)->56432K(56768K) NonClass: 48152K(48384K)->48152K(48384K) Class: 8279K(8384K)->8279K(8384K)
[164.998s][info][gc          ] GC(334) Pause Young (Mixed) (G1 Evacuation Pause) 587M->251M(622M) 6.470ms
[164.998s][info][gc,cpu      ] GC(334) User=0.01s Sys=0.00s Real=0.01s
[165.832s][info][gc,start    ] GC(335) Pause Young (Concurrent Start) (G1 Evacuation Pause)
[165.832s][info][gc,task     ] GC(335) Using 2 workers of 2 for evacuation
[165.836s][info][gc,phases   ] GC(335)   Pre Evacuate Collection Set: 0.28ms
[165.836s][info][gc,phases   ] GC(335)   Merge Heap Roots: 0.11ms
[165.836s][info][gc,phases   ] GC(335)   Evacuate Collection Set: 3.11ms
[165.836s][info][gc,phases   ] GC(335)   Post Evacuate Collection Set: 0.64ms
[165.836s][info][gc,phases   ] GC(335)   Other: 0.10ms
[165.836s][info][gc,heap     ] GC(335) Eden regions: 335->0(337)
[165.836s][info][gc,heap     ] GC(335) Survivor regions: 2->1(43)
[165.836s][info][gc,heap     ] GC(335) Old regions: 44->44
[165.836s][info][gc,heap     ] GC(335) Humongous regions: 207->207
[165.836s][info][gc,metaspace] GC(335) Metaspace: 56432K(56768K)->56432K(56768K) NonClass: 48152K(48384K)->48152K(48384K) Class: 8279K(8384K)->8279K(8384K)
[165.836s][info][gc          ] GC(335) Pause Young (Concurrent Start) (G1 Evacuation Pause) 586M->251M(622M) 4.412ms
[165.836s][info][gc,cpu      ] GC(335) User=0.01s Sys=0.00s Real=0.01s
[165.836s][info][gc          ] GC(336) Concurrent Mark Cycle
[165.837s][info][gc,marking  ] GC(336) Concurrent Scan Root Regions
[165.841s][info][gc,marking  ] GC(336) Concurrent Scan Root Regions 3.935ms
[165.841s][info][gc,marking  ] GC(336) Concurrent Mark
[165.841s][info][gc,marking  ] GC(336) Concurrent Mark From Roots
[165.841s][info][gc,task     ] GC(336) Using 1 workers of 1 for marking
[165.881s][info][gc,marking  ] GC(336) Concurrent Mark From Roots 40.459ms
[165.881s][info][gc,marking  ] GC(336) Concurrent Preclean
[165.881s][info][gc,marking  ] GC(336) Concurrent Preclean 0.068ms
[165.881s][info][gc,start    ] GC(336) Pause Remark
[165.890s][info][gc          ] GC(336) Pause Remark 255M->255M(622M) 8.749ms
[165.890s][info][gc,cpu      ] GC(336) User=0.01s Sys=0.00s Real=0.01s
[165.891s][info][gc,marking  ] GC(336) Concurrent Mark 49.894ms
[165.891s][info][gc,marking  ] GC(336) Concurrent Rebuild Remembered Sets and Scrub Regions
[165.924s][info][gc,marking  ] GC(336) Concurrent Rebuild Remembered Sets and Scrub Regions 33.736ms
[165.925s][info][gc,start    ] GC(336) Pause Cleanup
[165.925s][info][gc          ] GC(336) Pause Cleanup 277M->277M(622M) 0.078ms
[165.925s][info][gc,cpu      ] GC(336) User=0.00s Sys=0.00s Real=0.00s
[165.925s][info][gc,marking  ] GC(336) Concurrent Clear Claimed Marks
[165.925s][info][gc,marking  ] GC(336) Concurrent Clear Claimed Marks 0.092ms
[165.925s][info][gc,marking  ] GC(336) Concurrent Cleanup for Next Mark
[165.928s][info][gc,marking  ] GC(336) Concurrent Cleanup for Next Mark 2.915ms
[165.928s][info][gc          ] GC(336) Concurrent Mark Cycle 91.665ms
[168.919s][info][gc,start    ] GC(337) Pause Young (Prepare Mixed) (G1 Evacuation Pause)
[168.919s][info][gc,task     ] GC(337) Using 2 workers of 2 for evacuation
[168.955s][info][gc,phases   ] GC(337)   Pre Evacuate Collection Set: 0.32ms
[168.955s][info][gc,phases   ] GC(337)   Merge Heap Roots: 0.47ms
[168.955s][info][gc,phases   ] GC(337)   Evacuate Collection Set: 33.80ms
[168.955s][info][gc,phases   ] GC(337)   Post Evacuate Collection Set: 0.81ms
[168.955s][info][gc,phases   ] GC(337)   Other: 0.11ms
[168.955s][info][gc,heap     ] GC(337) Eden regions: 214->0(308)
[168.955s][info][gc,heap     ] GC(337) Survivor regions: 1->29(43)
[168.955s][info][gc,heap     ] GC(337) Old regions: 44->44
[168.955s][info][gc,heap     ] GC(337) Humongous regions: 363->207
[168.955s][info][gc,metaspace] GC(337) Metaspace: 56643K(56960K)->56643K(56960K) NonClass: 48362K(48576K)->48362K(48576K) Class: 8280K(8384K)->8280K(8384K)
[168.955s][info][gc          ] GC(337) Pause Young (Prepare Mixed) (G1 Evacuation Pause) 621M->279M(651M) 35.730ms
[168.955s][info][gc,cpu      ] GC(337) User=0.04s Sys=0.03s Real=0.04s
[169.633s][info][gc,start    ] GC(338) Pause Young (Mixed) (G1 Evacuation Pause)
[169.633s][info][gc,task     ] GC(338) Using 2 workers of 2 for evacuation
[169.644s][info][gc,phases   ] GC(338)   Pre Evacuate Collection Set: 0.28ms
[169.644s][info][gc,phases   ] GC(338)   Merge Heap Roots: 0.14ms
[169.644s][info][gc,phases   ] GC(338)   Evacuate Collection Set: 9.05ms
[169.644s][info][gc,phases   ] GC(338)   Post Evacuate Collection Set: 0.75ms
[169.644s][info][gc,phases   ] GC(338)   Other: 0.08ms
[169.644s][info][gc,heap     ] GC(338) Eden regions: 308->0(341)
[169.644s][info][gc,heap     ] GC(338) Survivor regions: 29->2(43)
[169.644s][info][gc,heap     ] GC(338) Old regions: 44->65
[169.644s][info][gc,heap     ] GC(338) Humongous regions: 207->207
[169.644s][info][gc,metaspace] GC(338) Metaspace: 56643K(56960K)->56643K(56960K) NonClass: 48362K(48576K)->48362K(48576K) Class: 8280K(8384K)->8280K(8384K)
[169.644s][info][gc          ] GC(338) Pause Young (Mixed) (G1 Evacuation Pause) 587M->273M(651M) 10.496ms
[169.644s][info][gc,cpu      ] GC(338) User=0.02s Sys=0.00s Real=0.01s
[170.537s][info][gc,start    ] GC(339) Pause Young (Concurrent Start) (G1 Evacuation Pause)
[170.537s][info][gc,task     ] GC(339) Using 2 workers of 2 for evacuation
[170.540s][info][gc,phases   ] GC(339)   Pre Evacuate Collection Set: 0.31ms
[170.540s][info][gc,phases   ] GC(339)   Merge Heap Roots: 0.12ms
[170.540s][info][gc,phases   ] GC(339)   Evacuate Collection Set: 2.11ms
[170.540s][info][gc,phases   ] GC(339)   Post Evacuate Collection Set: 0.65ms
[170.540s][info][gc,phases   ] GC(339)   Other: 0.13ms
[170.540s][info][gc,heap     ] GC(339) Eden regions: 341->0(341)
[170.540s][info][gc,heap     ] GC(339) Survivor regions: 2->2(43)
[170.540s][info][gc,heap     ] GC(339) Old regions: 65->65
[170.540s][info][gc,heap     ] GC(339) Humongous regions: 207->207
[170.540s][info][gc,metaspace] GC(339) Metaspace: 56643K(56960K)->56643K(56960K) NonClass: 48362K(48576K)->48362K(48576K) Class: 8280K(8384K)->8280K(8384K)
[170.540s][info][gc          ] GC(339) Pause Young (Concurrent Start) (G1 Evacuation Pause) 614M->273M(651M) 3.489ms
[170.540s][info][gc          ] GC(340) Concurrent Mark Cycle
[170.540s][info][gc,marking  ] GC(340) Concurrent Scan Root Regions
[170.542s][info][gc,cpu      ] GC(339) User=0.01s Sys=0.00s Real=0.00s
[170.542s][info][gc,marking  ] GC(340) Concurrent Scan Root Regions 1.354ms
[170.542s][info][gc,marking  ] GC(340) Concurrent Mark
[170.542s][info][gc,marking  ] GC(340) Concurrent Mark From Roots
[170.542s][info][gc,task     ] GC(340) Using 1 workers of 1 for marking
[170.585s][info][gc,marking  ] GC(340) Concurrent Mark From Roots 43.432ms
[170.585s][info][gc,marking  ] GC(340) Concurrent Preclean
[170.585s][info][gc,marking  ] GC(340) Concurrent Preclean 0.063ms
[170.585s][info][gc,start    ] GC(340) Pause Remark
[170.595s][info][gc          ] GC(340) Pause Remark 277M->263M(651M) 9.194ms
[170.595s][info][gc,cpu      ] GC(340) User=0.02s Sys=0.00s Real=0.01s
[170.596s][info][gc,marking  ] GC(340) Concurrent Mark 54.225ms
[170.596s][info][gc,marking  ] GC(340) Concurrent Rebuild Remembered Sets and Scrub Regions
[170.634s][info][gc,marking  ] GC(340) Concurrent Rebuild Remembered Sets and Scrub Regions 37.699ms
[170.634s][info][gc,start    ] GC(340) Pause Cleanup
[170.634s][info][gc          ] GC(340) Pause Cleanup 290M->290M(651M) 0.074ms
[170.634s][info][gc,cpu      ] GC(340) User=0.00s Sys=0.00s Real=0.00s
[170.634s][info][gc,marking  ] GC(340) Concurrent Clear Claimed Marks
[170.634s][info][gc,marking  ] GC(340) Concurrent Clear Claimed Marks 0.094ms
[170.634s][info][gc,marking  ] GC(340) Concurrent Cleanup for Next Mark
[170.639s][info][gc,marking  ] GC(340) Concurrent Cleanup for Next Mark 4.858ms
[170.639s][info][gc          ] GC(340) Concurrent Mark Cycle 98.685ms
[171.541s][info][gc,start    ] GC(341) Pause Young (Prepare Mixed) (G1 Evacuation Pause)
[171.541s][info][gc,task     ] GC(341) Using 2 workers of 2 for evacuation
[171.544s][info][gc,phases   ] GC(341)   Pre Evacuate Collection Set: 0.28ms
[171.544s][info][gc,phases   ] GC(341)   Merge Heap Roots: 0.13ms
[171.544s][info][gc,phases   ] GC(341)   Evacuate Collection Set: 1.79ms
[171.544s][info][gc,phases   ] GC(341)   Post Evacuate Collection Set: 0.63ms
[171.544s][info][gc,phases   ] GC(341)   Other: 0.08ms
[171.544s][info][gc,heap     ] GC(341) Eden regions: 341->0(355)
[171.544s][info][gc,heap     ] GC(341) Survivor regions: 2->2(43)
[171.544s][info][gc,heap     ] GC(341) Old regions: 51->51
[171.544s][info][gc,heap     ] GC(341) Humongous regions: 207->207
[171.544s][info][gc,metaspace] GC(341) Metaspace: 56643K(56960K)->56643K(56960K) NonClass: 48362K(48576K)->48362K(48576K) Class: 8280K(8384K)->8280K(8384K)
[171.545s][info][gc          ] GC(341) Pause Young (Prepare Mixed) (G1 Evacuation Pause) 600M->259M(651M) 3.105ms
[171.545s][info][gc,cpu      ] GC(341) User=0.00s Sys=0.00s Real=0.01s
[172.395s][info][gc,start    ] GC(342) Pause Young (Mixed) (G1 Evacuation Pause)
[172.396s][info][gc,task     ] GC(342) Using 2 workers of 2 for evacuation
[172.400s][info][gc,phases   ] GC(342)   Pre Evacuate Collection Set: 0.26ms
[172.400s][info][gc,phases   ] GC(342)   Merge Heap Roots: 0.13ms
[172.400s][info][gc,phases   ] GC(342)   Evacuate Collection Set: 2.99ms
[172.400s][info][gc,phases   ] GC(342)   Post Evacuate Collection Set: 0.67ms
[172.400s][info][gc,phases   ] GC(342)   Other: 0.09ms
[172.400s][info][gc,heap     ] GC(342) Eden regions: 355->0(356)
[172.400s][info][gc,heap     ] GC(342) Survivor regions: 2->3(45)
[172.400s][info][gc,heap     ] GC(342) Old regions: 51->48
[172.400s][info][gc,heap     ] GC(342) Humongous regions: 207->207
[172.400s][info][gc,metaspace] GC(342) Metaspace: 56644K(56960K)->56644K(56960K) NonClass: 48363K(48576K)->48363K(48576K) Class: 8280K(8384K)->8280K(8384K)
[172.400s][info][gc          ] GC(342) Pause Young (Mixed) (G1 Evacuation Pause) 614M->257M(651M) 4.341ms
[172.400s][info][gc,cpu      ] GC(342) User=0.00s Sys=0.01s Real=0.00s
[173.307s][info][gc,start    ] GC(343) Pause Young (Normal) (G1 Evacuation Pause)
[173.307s][info][gc,task     ] GC(343) Using 2 workers of 2 for evacuation
[173.312s][info][gc,phases   ] GC(343)   Pre Evacuate Collection Set: 0.28ms
[173.312s][info][gc,phases   ] GC(343)   Merge Heap Roots: 0.13ms
[173.312s][info][gc,phases   ] GC(343)   Evacuate Collection Set: 3.54ms
[173.312s][info][gc,phases   ] GC(343)   Post Evacuate Collection Set: 0.69ms
[173.312s][info][gc,phases   ] GC(343)   Other: 0.09ms
[173.312s][info][gc,heap     ] GC(343) Eden regions: 356->0(356)
[173.312s][info][gc,heap     ] GC(343) Survivor regions: 3->3(45)
[173.312s][info][gc,heap     ] GC(343) Old regions: 48->48
[173.312s][info][gc,heap     ] GC(343) Humongous regions: 207->207
[173.312s][info][gc,metaspace] GC(343) Metaspace: 56644K(56960K)->56644K(56960K) NonClass: 48363K(48576K)->48363K(48576K) Class: 8280K(8384K)->8280K(8384K)
[173.312s][info][gc          ] GC(343) Pause Young (Normal) (G1 Evacuation Pause) 613M->257M(651M) 4.925ms
[173.312s][info][gc,cpu      ] GC(343) User=0.01s Sys=0.00s Real=0.00s
[174.334s][info][gc,start    ] GC(344) Pause Young (Normal) (G1 Evacuation Pause)
[174.334s][info][gc,task     ] GC(344) Using 2 workers of 2 for evacuation
[174.338s][info][gc,phases   ] GC(344)   Pre Evacuate Collection Set: 0.32ms
[174.338s][info][gc,phases   ] GC(344)   Merge Heap Roots: 0.11ms
[174.338s][info][gc,phases   ] GC(344)   Evacuate Collection Set: 2.92ms
[174.338s][info][gc,phases   ] GC(344)   Post Evacuate Collection Set: 0.64ms
[174.338s][info][gc,phases   ] GC(344)   Other: 0.11ms
[174.338s][info][gc,heap     ] GC(344) Eden regions: 356->0(358)
[174.338s][info][gc,heap     ] GC(344) Survivor regions: 3->2(45)
[174.338s][info][gc,heap     ] GC(344) Old regions: 48->48
[174.338s][info][gc,heap     ] GC(344) Humongous regions: 207->207
[174.338s][info][gc,metaspace] GC(344) Metaspace: 56644K(56960K)->56644K(56960K) NonClass: 48363K(48576K)->48363K(48576K) Class: 8280K(8384K)->8280K(8384K)
[174.338s][info][gc          ] GC(344) Pause Young (Normal) (G1 Evacuation Pause) 613M->256M(651M) 4.300ms
[174.338s][info][gc,cpu      ] GC(344) User=0.00s Sys=0.00s Real=0.00s
[175.356s][info][gc,start    ] GC(345) Pause Young (Concurrent Start) (G1 Evacuation Pause)
[175.356s][info][gc,task     ] GC(345) Using 2 workers of 2 for evacuation
[175.360s][info][gc,phases   ] GC(345)   Pre Evacuate Collection Set: 0.35ms
[175.360s][info][gc,phases   ] GC(345)   Merge Heap Roots: 0.12ms
[175.360s][info][gc,phases   ] GC(345)   Evacuate Collection Set: 2.87ms
[175.360s][info][gc,phases   ] GC(345)   Post Evacuate Collection Set: 0.69ms
[175.361s][info][gc,phases   ] GC(345)   Other: 0.12ms
[175.361s][info][gc,heap     ] GC(345) Eden regions: 358->0(358)
[175.361s][info][gc,heap     ] GC(345) Survivor regions: 2->2(45)
[175.361s][info][gc,heap     ] GC(345) Old regions: 48->48
[175.361s][info][gc,heap     ] GC(345) Humongous regions: 207->207
[175.361s][info][gc,metaspace] GC(345) Metaspace: 56644K(56960K)->56644K(56960K) NonClass: 48363K(48576K)->48363K(48576K) Class: 8280K(8384K)->8280K(8384K)
[175.361s][info][gc          ] GC(345) Pause Young (Concurrent Start) (G1 Evacuation Pause) 614M->256M(651M) 4.364ms
[175.361s][info][gc,cpu      ] GC(345) User=0.01s Sys=0.00s Real=0.00s
[175.361s][info][gc          ] GC(346) Concurrent Mark Cycle
[175.361s][info][gc,marking  ] GC(346) Concurrent Scan Root Regions
[175.366s][info][gc,marking  ] GC(346) Concurrent Scan Root Regions 4.337ms
[175.366s][info][gc,marking  ] GC(346) Concurrent Mark
[175.366s][info][gc,marking  ] GC(346) Concurrent Mark From Roots
[175.366s][info][gc,task     ] GC(346) Using 1 workers of 1 for marking
[175.444s][info][gc,marking  ] GC(346) Concurrent Mark From Roots 78.045ms
[175.444s][info][gc,marking  ] GC(346) Concurrent Preclean
[175.444s][info][gc,marking  ] GC(346) Concurrent Preclean 0.067ms
[175.444s][info][gc,start    ] GC(346) Pause Remark
[175.453s][info][gc          ] GC(346) Pause Remark 303M->303M(651M) 9.538ms
[175.453s][info][gc,cpu      ] GC(346) User=0.02s Sys=0.00s Real=0.01s
[175.454s][info][gc,marking  ] GC(346) Concurrent Mark 88.098ms
[175.454s][info][gc,marking  ] GC(346) Concurrent Rebuild Remembered Sets and Scrub Regions
[175.472s][info][gc,marking  ] GC(346) Concurrent Rebuild Remembered Sets and Scrub Regions 18.592ms
[175.472s][info][gc,start    ] GC(346) Pause Cleanup
[175.473s][info][gc          ] GC(346) Pause Cleanup 311M->311M(651M) 0.070ms
[175.473s][info][gc,cpu      ] GC(346) User=0.00s Sys=0.00s Real=0.00s
[175.473s][info][gc,marking  ] GC(346) Concurrent Clear Claimed Marks
[175.473s][info][gc,marking  ] GC(346) Concurrent Clear Claimed Marks 0.101ms
[175.473s][info][gc,marking  ] GC(346) Concurrent Cleanup for Next Mark
[175.475s][info][gc,marking  ] GC(346) Concurrent Cleanup for Next Mark 1.982ms
[175.475s][info][gc          ] GC(346) Concurrent Mark Cycle 114.740ms
[176.220s][info][gc,start    ] GC(347) Pause Young (Prepare Mixed) (G1 Evacuation Pause)
[176.220s][info][gc,task     ] GC(347) Using 2 workers of 2 for evacuation
[176.226s][info][gc,phases   ] GC(347)   Pre Evacuate Collection Set: 0.26ms
[176.226s][info][gc,phases   ] GC(347)   Merge Heap Roots: 0.14ms
[176.226s][info][gc,phases   ] GC(347)   Evacuate Collection Set: 4.28ms
[176.226s][info][gc,phases   ] GC(347)   Post Evacuate Collection Set: 0.83ms
[176.226s][info][gc,phases   ] GC(347)   Other: 0.09ms
[176.226s][info][gc,heap     ] GC(347) Eden regions: 358->0(354)
[176.226s][info][gc,heap     ] GC(347) Survivor regions: 2->4(45)
[176.226s][info][gc,heap     ] GC(347) Old regions: 48->48
[176.226s][info][gc,heap     ] GC(347) Humongous regions: 207->207
[176.226s][info][gc,metaspace] GC(347) Metaspace: 56644K(56960K)->56644K(56960K) NonClass: 48363K(48576K)->48363K(48576K) Class: 8280K(8384K)->8280K(8384K)
[176.226s][info][gc          ] GC(347) Pause Young (Prepare Mixed) (G1 Evacuation Pause) 614M->257M(651M) 5.779ms
[176.226s][info][gc,cpu      ] GC(347) User=0.01s Sys=0.00s Real=0.01s
[177.188s][info][gc,start    ] GC(348) Pause Young (Mixed) (G1 Evacuation Pause)
[177.188s][info][gc,task     ] GC(348) Using 2 workers of 2 for evacuation
[177.193s][info][gc,phases   ] GC(348)   Pre Evacuate Collection Set: 0.26ms
[177.193s][info][gc,phases   ] GC(348)   Merge Heap Roots: 0.14ms
[177.193s][info][gc,phases   ] GC(348)   Evacuate Collection Set: 2.95ms
[177.193s][info][gc,phases   ] GC(348)   Post Evacuate Collection Set: 0.68ms
[177.193s][info][gc,phases   ] GC(348)   Other: 0.09ms
[177.193s][info][gc,heap     ] GC(348) Eden regions: 354->0(358)
[177.193s][info][gc,heap     ] GC(348) Survivor regions: 4->3(45)
[177.193s][info][gc,heap     ] GC(348) Old regions: 48->46
[177.193s][info][gc,heap     ] GC(348) Humongous regions: 207->207
[177.193s][info][gc,metaspace] GC(348) Metaspace: 56644K(56960K)->56644K(56960K) NonClass: 48363K(48576K)->48363K(48576K) Class: 8280K(8384K)->8280K(8384K)
[177.193s][info][gc          ] GC(348) Pause Young (Mixed) (G1 Evacuation Pause) 611M->255M(651M) 4.331ms
[177.193s][info][gc,cpu      ] GC(348) User=0.00s Sys=0.00s Real=0.00s
[178.110s][info][gc,start    ] GC(349) Pause Young (Concurrent Start) (G1 Evacuation Pause)
[178.110s][info][gc,task     ] GC(349) Using 2 workers of 2 for evacuation
[178.115s][info][gc,phases   ] GC(349)   Pre Evacuate Collection Set: 0.29ms
[178.115s][info][gc,phases   ] GC(349)   Merge Heap Roots: 0.14ms
[178.115s][info][gc,phases   ] GC(349)   Evacuate Collection Set: 3.88ms
[178.115s][info][gc,phases   ] GC(349)   Post Evacuate Collection Set: 0.69ms
[178.115s][info][gc,phases   ] GC(349)   Other: 0.14ms
[178.115s][info][gc,heap     ] GC(349) Eden regions: 358->0(358)
[178.115s][info][gc,heap     ] GC(349) Survivor regions: 3->3(46)
[178.115s][info][gc,heap     ] GC(349) Old regions: 46->46
[178.115s][info][gc,heap     ] GC(349) Humongous regions: 207->207
[178.115s][info][gc,metaspace] GC(349) Metaspace: 56644K(56960K)->56644K(56960K) NonClass: 48363K(48576K)->48363K(48576K) Class: 8280K(8384K)->8280K(8384K)
[178.115s][info][gc          ] GC(349) Pause Young (Concurrent Start) (G1 Evacuation Pause) 613M->255M(651M) 5.326ms
[178.115s][info][gc          ] GC(350) Concurrent Mark Cycle
[178.115s][info][gc,marking  ] GC(350) Concurrent Scan Root Regions
[178.116s][info][gc,cpu      ] GC(349) User=0.01s Sys=0.00s Real=0.01s
[178.120s][info][gc,marking  ] GC(350) Concurrent Scan Root Regions 4.292ms
[178.120s][info][gc,marking  ] GC(350) Concurrent Mark
[178.120s][info][gc,marking  ] GC(350) Concurrent Mark From Roots
[178.120s][info][gc,task     ] GC(350) Using 1 workers of 1 for marking
[178.170s][info][gc,marking  ] GC(350) Concurrent Mark From Roots 50.129ms
[178.170s][info][gc,marking  ] GC(350) Concurrent Preclean
[178.170s][info][gc,marking  ] GC(350) Concurrent Preclean 0.072ms
[178.170s][info][gc,start    ] GC(350) Pause Remark
[178.179s][info][gc          ] GC(350) Pause Remark 272M->272M(651M) 9.359ms
[178.179s][info][gc,cpu      ] GC(350) User=0.01s Sys=0.00s Real=0.01s
[178.180s][info][gc,marking  ] GC(350) Concurrent Mark 59.919ms
[178.180s][info][gc,marking  ] GC(350) Concurrent Rebuild Remembered Sets and Scrub Regions
[178.211s][info][gc,marking  ] GC(350) Concurrent Rebuild Remembered Sets and Scrub Regions 31.780ms
[178.212s][info][gc,start    ] GC(350) Pause Cleanup
[178.212s][info][gc          ] GC(350) Pause Cleanup 288M->288M(651M) 0.094ms
[178.212s][info][gc,cpu      ] GC(350) User=0.00s Sys=0.00s Real=0.00s
[178.212s][info][gc,marking  ] GC(350) Concurrent Clear Claimed Marks
[178.212s][info][gc,marking  ] GC(350) Concurrent Clear Claimed Marks 0.103ms
[178.212s][info][gc,marking  ] GC(350) Concurrent Cleanup for Next Mark
[178.218s][info][gc,marking  ] GC(350) Concurrent Cleanup for Next Mark 5.996ms
[178.218s][info][gc          ] GC(350) Concurrent Mark Cycle 102.638ms
[179.034s][info][gc,start    ] GC(351) Pause Young (Prepare Mixed) (G1 Evacuation Pause)
[179.034s][info][gc,task     ] GC(351) Using 2 workers of 2 for evacuation
[179.038s][info][gc,phases   ] GC(351)   Pre Evacuate Collection Set: 0.32ms
[179.038s][info][gc,phases   ] GC(351)   Merge Heap Roots: 0.13ms
[179.038s][info][gc,phases   ] GC(351)   Evacuate Collection Set: 2.80ms
[179.038s][info][gc,phases   ] GC(351)   Post Evacuate Collection Set: 0.69ms
[179.038s][info][gc,phases   ] GC(351)   Other: 0.11ms
[179.038s][info][gc,heap     ] GC(351) Eden regions: 358->0(358)
[179.038s][info][gc,heap     ] GC(351) Survivor regions: 3->3(46)
[179.038s][info][gc,heap     ] GC(351) Old regions: 46->46
[179.038s][info][gc,heap     ] GC(351) Humongous regions: 207->207
[179.038s][info][gc,metaspace] GC(351) Metaspace: 56644K(56960K)->56644K(56960K) NonClass: 48363K(48576K)->48363K(48576K) Class: 8280K(8384K)->8280K(8384K)
[179.038s][info][gc          ] GC(351) Pause Young (Prepare Mixed) (G1 Evacuation Pause) 613M->255M(651M) 4.290ms
[179.038s][info][gc,cpu      ] GC(351) User=0.01s Sys=0.00s Real=0.01s
[180.000s][info][gc,start    ] GC(352) Pause Young (Mixed) (G1 Evacuation Pause)
[180.000s][info][gc,task     ] GC(352) Using 2 workers of 2 for evacuation
[180.006s][info][gc,phases   ] GC(352)   Pre Evacuate Collection Set: 0.26ms
[180.006s][info][gc,phases   ] GC(352)   Merge Heap Roots: 0.14ms
[180.006s][info][gc,phases   ] GC(352)   Evacuate Collection Set: 4.70ms
[180.006s][info][gc,phases   ] GC(352)   Post Evacuate Collection Set: 0.68ms
[180.006s][info][gc,phases   ] GC(352)   Other: 0.11ms
[180.006s][info][gc,heap     ] GC(352) Eden regions: 358->0(357)
[180.006s][info][gc,heap     ] GC(352) Survivor regions: 3->4(46)
[180.006s][info][gc,heap     ] GC(352) Old regions: 46->45
[180.006s][info][gc,heap     ] GC(352) Humongous regions: 207->207
[180.006s][info][gc,metaspace] GC(352) Metaspace: 56644K(56960K)->56644K(56960K) NonClass: 48363K(48576K)->48363K(48576K) Class: 8280K(8384K)->8280K(8384K)
[180.007s][info][gc          ] GC(352) Pause Young (Mixed) (G1 Evacuation Pause) 613M->254M(651M) 6.103ms
[180.007s][info][gc,cpu      ] GC(352) User=0.01s Sys=0.00s Real=0.01s
[180.930s][info][gc,start    ] GC(353) Pause Young (Concurrent Start) (G1 Evacuation Pause)
[180.930s][info][gc,task     ] GC(353) Using 2 workers of 2 for evacuation
[180.935s][info][gc,phases   ] GC(353)   Pre Evacuate Collection Set: 0.28ms
[180.936s][info][gc,phases   ] GC(353)   Merge Heap Roots: 0.13ms
[180.936s][info][gc,phases   ] GC(353)   Evacuate Collection Set: 3.78ms
[180.936s][info][gc,phases   ] GC(353)   Post Evacuate Collection Set: 0.67ms
[180.936s][info][gc,phases   ] GC(353)   Other: 0.15ms
[180.936s][info][gc,heap     ] GC(353) Eden regions: 357->0(359)
[180.936s][info][gc,heap     ] GC(353) Survivor regions: 4->3(46)
[180.936s][info][gc,heap     ] GC(353) Old regions: 45->45
[180.936s][info][gc,heap     ] GC(353) Humongous regions: 207->207
[180.936s][info][gc,metaspace] GC(353) Metaspace: 56644K(56960K)->56644K(56960K) NonClass: 48363K(48576K)->48363K(48576K) Class: 8280K(8384K)->8280K(8384K)
[180.936s][info][gc          ] GC(353) Pause Young (Concurrent Start) (G1 Evacuation Pause) 611M->253M(651M) 5.235ms
[180.936s][info][gc,cpu      ] GC(353) User=0.01s Sys=0.00s Real=0.01s
[180.936s][info][gc          ] GC(354) Concurrent Mark Cycle
[180.936s][info][gc,marking  ] GC(354) Concurrent Scan Root Regions
[180.941s][info][gc,marking  ] GC(354) Concurrent Scan Root Regions 5.194ms
[180.941s][info][gc,marking  ] GC(354) Concurrent Mark
[180.941s][info][gc,marking  ] GC(354) Concurrent Mark From Roots
[180.941s][info][gc,task     ] GC(354) Using 1 workers of 1 for marking
[180.985s][info][gc,marking  ] GC(354) Concurrent Mark From Roots 43.375ms
[180.985s][info][gc,marking  ] GC(354) Concurrent Preclean
[180.985s][info][gc,marking  ] GC(354) Concurrent Preclean 0.066ms
[180.986s][info][gc,start    ] GC(354) Pause Remark
[180.995s][info][gc          ] GC(354) Pause Remark 262M->262M(651M) 9.140ms
[180.995s][info][gc,cpu      ] GC(354) User=0.02s Sys=0.00s Real=0.01s
[180.995s][info][gc,marking  ] GC(354) Concurrent Mark 54.040ms
[180.995s][info][gc,marking  ] GC(354) Concurrent Rebuild Remembered Sets and Scrub Regions
[181.019s][info][gc,marking  ] GC(354) Concurrent Rebuild Remembered Sets and Scrub Regions 23.729ms
[181.019s][info][gc,start    ] GC(354) Pause Cleanup
[181.019s][info][gc          ] GC(354) Pause Cleanup 275M->275M(651M) 0.070ms
[181.019s][info][gc,cpu      ] GC(354) User=0.00s Sys=0.00s Real=0.00s
[181.019s][info][gc,marking  ] GC(354) Concurrent Clear Claimed Marks
[181.019s][info][gc,marking  ] GC(354) Concurrent Clear Claimed Marks 0.090ms
[181.019s][info][gc,marking  ] GC(354) Concurrent Cleanup for Next Mark
[181.021s][info][gc,marking  ] GC(354) Concurrent Cleanup for Next Mark 1.940ms
[181.021s][info][gc          ] GC(354) Concurrent Mark Cycle 85.635ms
[181.895s][info][gc,start    ] GC(355) Pause Young (Prepare Mixed) (G1 Evacuation Pause)
[181.895s][info][gc,task     ] GC(355) Using 2 workers of 2 for evacuation
[181.900s][info][gc,phases   ] GC(355)   Pre Evacuate Collection Set: 0.28ms
[181.900s][info][gc,phases   ] GC(355)   Merge Heap Roots: 0.15ms
[181.900s][info][gc,phases   ] GC(355)   Evacuate Collection Set: 3.63ms
[181.900s][info][gc,phases   ] GC(355)   Post Evacuate Collection Set: 0.72ms
[181.900s][info][gc,phases   ] GC(355)   Other: 0.09ms
[181.900s][info][gc,heap     ] GC(355) Eden regions: 359->0(359)
[181.900s][info][gc,heap     ] GC(355) Survivor regions: 3->3(46)
[181.900s][info][gc,heap     ] GC(355) Old regions: 45->45
[181.900s][info][gc,heap     ] GC(355) Humongous regions: 207->207
[181.900s][info][gc,metaspace] GC(355) Metaspace: 56644K(56960K)->56644K(56960K) NonClass: 48363K(48576K)->48363K(48576K) Class: 8280K(8384K)->8280K(8384K)
[181.900s][info][gc          ] GC(355) Pause Young (Prepare Mixed) (G1 Evacuation Pause) 612M->254M(651M) 5.075ms
[181.900s][info][gc,cpu      ] GC(355) User=0.01s Sys=0.00s Real=0.00s
[182.820s][info][gc,start    ] GC(356) Pause Young (Mixed) (G1 Evacuation Pause)
[182.820s][info][gc,task     ] GC(356) Using 2 workers of 2 for evacuation
[182.829s][info][gc,phases   ] GC(356)   Pre Evacuate Collection Set: 0.26ms
[182.829s][info][gc,phases   ] GC(356)   Merge Heap Roots: 0.15ms
[182.829s][info][gc,phases   ] GC(356)   Evacuate Collection Set: 7.32ms
[182.829s][info][gc,phases   ] GC(356)   Post Evacuate Collection Set: 0.79ms
[182.829s][info][gc,phases   ] GC(356)   Other: 0.12ms
[182.829s][info][gc,heap     ] GC(356) Eden regions: 359->0(359)
[182.829s][info][gc,heap     ] GC(356) Survivor regions: 3->4(46)
[182.829s][info][gc,heap     ] GC(356) Old regions: 45->43
[182.829s][info][gc,heap     ] GC(356) Humongous regions: 207->207
[182.829s][info][gc,metaspace] GC(356) Metaspace: 56646K(56960K)->56646K(56960K) NonClass: 48365K(48576K)->48365K(48576K) Class: 8280K(8384K)->8280K(8384K)
[182.829s][info][gc          ] GC(356) Pause Young (Mixed) (G1 Evacuation Pause) 612M->253M(651M) 8.842ms
[182.829s][info][gc,cpu      ] GC(356) User=0.02s Sys=0.00s Real=0.01s
[183.790s][info][gc,start    ] GC(357) Pause Young (Concurrent Start) (G1 Evacuation Pause)
[183.790s][info][gc,task     ] GC(357) Using 2 workers of 2 for evacuation
[183.794s][info][gc,phases   ] GC(357)   Pre Evacuate Collection Set: 0.30ms
[183.794s][info][gc,phases   ] GC(357)   Merge Heap Roots: 0.11ms
[183.794s][info][gc,phases   ] GC(357)   Evacuate Collection Set: 2.98ms
[183.794s][info][gc,phases   ] GC(357)   Post Evacuate Collection Set: 0.67ms
[183.794s][info][gc,phases   ] GC(357)   Other: 0.12ms
[183.794s][info][gc,heap     ] GC(357) Eden regions: 359->0(364)
[183.794s][info][gc,heap     ] GC(357) Survivor regions: 4->1(46)
[183.794s][info][gc,heap     ] GC(357) Old regions: 43->44
[183.794s][info][gc,heap     ] GC(357) Humongous regions: 207->207
[183.794s][info][gc,metaspace] GC(357) Metaspace: 56646K(56960K)->56646K(56960K) NonClass: 48365K(48576K)->48365K(48576K) Class: 8280K(8384K)->8280K(8384K)
[183.794s][info][gc          ] GC(357) Pause Young (Concurrent Start) (G1 Evacuation Pause) 612M->251M(651M) 4.368ms
[183.794s][info][gc,cpu      ] GC(357) User=0.01s Sys=0.00s Real=0.01s
[183.794s][info][gc          ] GC(358) Concurrent Mark Cycle
[183.796s][info][gc,marking  ] GC(358) Concurrent Scan Root Regions
[183.798s][info][gc,marking  ] GC(358) Concurrent Scan Root Regions 1.974ms
[183.798s][info][gc,marking  ] GC(358) Concurrent Mark
[183.798s][info][gc,marking  ] GC(358) Concurrent Mark From Roots
[183.798s][info][gc,task     ] GC(358) Using 1 workers of 1 for marking
[183.866s][info][gc,marking  ] GC(358) Concurrent Mark From Roots 68.235ms
[183.866s][info][gc,marking  ] GC(358) Concurrent Preclean
[183.866s][info][gc,marking  ] GC(358) Concurrent Preclean 0.072ms
[183.866s][info][gc,start    ] GC(358) Pause Remark
[183.876s][info][gc          ] GC(358) Pause Remark 286M->286M(651M) 9.302ms
[183.876s][info][gc,cpu      ] GC(358) User=0.02s Sys=0.00s Real=0.01s
[183.876s][info][gc,marking  ] GC(358) Concurrent Mark 78.164ms
[183.876s][info][gc,marking  ] GC(358) Concurrent Rebuild Remembered Sets and Scrub Regions
[183.895s][info][gc,marking  ] GC(358) Concurrent Rebuild Remembered Sets and Scrub Regions 18.930ms
[183.895s][info][gc,start    ] GC(358) Pause Cleanup
[183.895s][info][gc          ] GC(358) Pause Cleanup 293M->293M(651M) 0.065ms
[183.895s][info][gc,cpu      ] GC(358) User=0.00s Sys=0.00s Real=0.00s
[183.895s][info][gc,marking  ] GC(358) Concurrent Clear Claimed Marks
[183.895s][info][gc,marking  ] GC(358) Concurrent Clear Claimed Marks 0.089ms
[183.895s][info][gc,marking  ] GC(358) Concurrent Cleanup for Next Mark
[183.897s][info][gc,marking  ] GC(358) Concurrent Cleanup for Next Mark 2.008ms
[183.897s][info][gc          ] GC(358) Concurrent Mark Cycle 103.504ms
[184.827s][info][gc,start    ] GC(359) Pause Young (Prepare Mixed) (G1 Evacuation Pause)
[184.827s][info][gc,task     ] GC(359) Using 2 workers of 2 for evacuation
[184.833s][info][gc,phases   ] GC(359)   Pre Evacuate Collection Set: 0.28ms
[184.833s][info][gc,phases   ] GC(359)   Merge Heap Roots: 0.14ms
[184.833s][info][gc,phases   ] GC(359)   Evacuate Collection Set: 4.83ms
[184.833s][info][gc,phases   ] GC(359)   Post Evacuate Collection Set: 0.67ms
[184.833s][info][gc,phases   ] GC(359)   Other: 0.09ms
[184.833s][info][gc,heap     ] GC(359) Eden regions: 364->0(360)
[184.833s][info][gc,heap     ] GC(359) Survivor regions: 1->3(46)
[184.833s][info][gc,heap     ] GC(359) Old regions: 44->44
[184.833s][info][gc,heap     ] GC(359) Humongous regions: 207->207
[184.833s][info][gc,metaspace] GC(359) Metaspace: 56646K(56960K)->56646K(56960K) NonClass: 48365K(48576K)->48365K(48576K) Class: 8280K(8384K)->8280K(8384K)
[184.833s][info][gc          ] GC(359) Pause Young (Prepare Mixed) (G1 Evacuation Pause) 615M->253M(651M) 6.165ms
[184.833s][info][gc,cpu      ] GC(359) User=0.01s Sys=0.00s Real=0.00s
[185.686s][info][gc,start    ] GC(360) Pause Young (Mixed) (G1 Evacuation Pause)
[185.686s][info][gc,task     ] GC(360) Using 2 workers of 2 for evacuation
[185.695s][info][gc,phases   ] GC(360)   Pre Evacuate Collection Set: 0.25ms
[185.695s][info][gc,phases   ] GC(360)   Merge Heap Roots: 0.18ms
[185.695s][info][gc,phases   ] GC(360)   Evacuate Collection Set: 6.82ms
[185.695s][info][gc,phases   ] GC(360)   Post Evacuate Collection Set: 0.79ms
[185.695s][info][gc,phases   ] GC(360)   Other: 0.12ms
[185.695s][info][gc,heap     ] GC(360) Eden regions: 360->0(362)
[185.695s][info][gc,heap     ] GC(360) Survivor regions: 3->2(46)
[185.695s][info][gc,heap     ] GC(360) Old regions: 44->44
[185.695s][info][gc,heap     ] GC(360) Humongous regions: 207->207
[185.695s][info][gc,metaspace] GC(360) Metaspace: 56646K(56960K)->56646K(56960K) NonClass: 48365K(48576K)->48365K(48576K) Class: 8280K(8384K)->8280K(8384K)
[185.695s][info][gc          ] GC(360) Pause Young (Mixed) (G1 Evacuation Pause) 613M->251M(651M) 8.341ms
[185.695s][info][gc,cpu      ] GC(360) User=0.02s Sys=0.00s Real=0.01s
[186.613s][info][gc,start    ] GC(361) Pause Young (Concurrent Start) (G1 Evacuation Pause)
[186.613s][info][gc,task     ] GC(361) Using 2 workers of 2 for evacuation
[186.619s][info][gc,phases   ] GC(361)   Pre Evacuate Collection Set: 0.30ms
[186.619s][info][gc,phases   ] GC(361)   Merge Heap Roots: 0.11ms
[186.619s][info][gc,phases   ] GC(361)   Evacuate Collection Set: 4.45ms
[186.619s][info][gc,phases   ] GC(361)   Post Evacuate Collection Set: 0.68ms
[186.619s][info][gc,phases   ] GC(361)   Other: 0.12ms
[186.619s][info][gc,heap     ] GC(361) Eden regions: 362->0(360)
[186.619s][info][gc,heap     ] GC(361) Survivor regions: 2->3(46)
[186.619s][info][gc,heap     ] GC(361) Old regions: 44->44
[186.619s][info][gc,heap     ] GC(361) Humongous regions: 207->207
[186.619s][info][gc,metaspace] GC(361) Metaspace: 56651K(57024K)->56651K(57024K) NonClass: 48370K(48640K)->48370K(48640K) Class: 8280K(8384K)->8280K(8384K)
[186.619s][info][gc          ] GC(361) Pause Young (Concurrent Start) (G1 Evacuation Pause) 613M->253M(651M) 5.854ms
[186.619s][info][gc          ] GC(362) Concurrent Mark Cycle
[186.619s][info][gc,marking  ] GC(362) Concurrent Scan Root Regions
[186.621s][info][gc,cpu      ] GC(361) User=0.02s Sys=0.00s Real=0.01s
[186.623s][info][gc,marking  ] GC(362) Concurrent Scan Root Regions 3.991ms
[186.623s][info][gc,marking  ] GC(362) Concurrent Mark
[186.623s][info][gc,marking  ] GC(362) Concurrent Mark From Roots
[186.623s][info][gc,task     ] GC(362) Using 1 workers of 1 for marking
[186.679s][info][gc,marking  ] GC(362) Concurrent Mark From Roots 56.472ms
[186.679s][info][gc,marking  ] GC(362) Concurrent Preclean
[186.679s][info][gc,marking  ] GC(362) Concurrent Preclean 0.073ms
[186.679s][info][gc,start    ] GC(362) Pause Remark
[186.689s][info][gc          ] GC(362) Pause Remark 271M->271M(651M) 9.799ms
[186.689s][info][gc,cpu      ] GC(362) User=0.01s Sys=0.00s Real=0.01s
[186.691s][info][gc,marking  ] GC(362) Concurrent Mark 68.267ms
[186.691s][info][gc,marking  ] GC(362) Concurrent Rebuild Remembered Sets and Scrub Regions
[186.727s][info][gc,marking  ] GC(362) Concurrent Rebuild Remembered Sets and Scrub Regions 35.858ms
[186.727s][info][gc,start    ] GC(362) Pause Cleanup
[186.727s][info][gc          ] GC(362) Pause Cleanup 292M->292M(651M) 0.075ms
[186.727s][info][gc,cpu      ] GC(362) User=0.00s Sys=0.00s Real=0.00s
[186.729s][info][gc,marking  ] GC(362) Concurrent Clear Claimed Marks
[186.729s][info][gc,marking  ] GC(362) Concurrent Clear Claimed Marks 0.116ms
[186.729s][info][gc,marking  ] GC(362) Concurrent Cleanup for Next Mark
[186.731s][info][gc,marking  ] GC(362) Concurrent Cleanup for Next Mark 1.941ms
[186.731s][info][gc          ] GC(362) Concurrent Mark Cycle 112.160ms
[187.535s][info][gc,start    ] GC(363) Pause Young (Prepare Mixed) (G1 Evacuation Pause)
[187.535s][info][gc,task     ] GC(363) Using 2 workers of 2 for evacuation
[187.539s][info][gc,phases   ] GC(363)   Pre Evacuate Collection Set: 0.27ms
[187.539s][info][gc,phases   ] GC(363)   Merge Heap Roots: 0.15ms
[187.539s][info][gc,phases   ] GC(363)   Evacuate Collection Set: 2.66ms
[187.539s][info][gc,phases   ] GC(363)   Post Evacuate Collection Set: 0.67ms
[187.539s][info][gc,phases   ] GC(363)   Other: 0.13ms
[187.539s][info][gc,heap     ] GC(363) Eden regions: 360->0(364)
[187.539s][info][gc,heap     ] GC(363) Survivor regions: 3->1(46)
[187.539s][info][gc,heap     ] GC(363) Old regions: 44->44
[187.539s][info][gc,heap     ] GC(363) Humongous regions: 207->207
[187.539s][info][gc,metaspace] GC(363) Metaspace: 56651K(57024K)->56651K(57024K) NonClass: 48370K(48640K)->48370K(48640K) Class: 8280K(8384K)->8280K(8384K)
[187.539s][info][gc          ] GC(363) Pause Young (Prepare Mixed) (G1 Evacuation Pause) 613M->251M(651M) 4.065ms
[187.539s][info][gc,cpu      ] GC(363) User=0.00s Sys=0.00s Real=0.00s
[188.513s][info][gc,start    ] GC(364) Pause Young (Mixed) (G1 Evacuation Pause)
[188.513s][info][gc,task     ] GC(364) Using 2 workers of 2 for evacuation
[188.519s][info][gc,phases   ] GC(364)   Pre Evacuate Collection Set: 0.28ms
[188.519s][info][gc,phases   ] GC(364)   Merge Heap Roots: 0.13ms
[188.519s][info][gc,phases   ] GC(364)   Evacuate Collection Set: 4.85ms
[188.519s][info][gc,phases   ] GC(364)   Post Evacuate Collection Set: 0.70ms
[188.519s][info][gc,phases   ] GC(364)   Other: 0.10ms
[188.519s][info][gc,heap     ] GC(364) Eden regions: 364->0(362)
[188.519s][info][gc,heap     ] GC(364) Survivor regions: 1->2(46)
[188.519s][info][gc,heap     ] GC(364) Old regions: 44->44
[188.519s][info][gc,heap     ] GC(364) Humongous regions: 207->207
[188.519s][info][gc,metaspace] GC(364) Metaspace: 56651K(57024K)->56651K(57024K) NonClass: 48370K(48640K)->48370K(48640K) Class: 8280K(8384K)->8280K(8384K)
[188.519s][info][gc          ] GC(364) Pause Young (Mixed) (G1 Evacuation Pause) 615M->251M(651M) 6.252ms
[188.519s][info][gc,cpu      ] GC(364) User=0.01s Sys=0.00s Real=0.01s
[189.483s][info][gc,start    ] GC(365) Pause Young (Concurrent Start) (G1 Evacuation Pause)
[189.483s][info][gc,task     ] GC(365) Using 2 workers of 2 for evacuation
[189.487s][info][gc,phases   ] GC(365)   Pre Evacuate Collection Set: 0.28ms
[189.487s][info][gc,phases   ] GC(365)   Merge Heap Roots: 0.11ms
[189.487s][info][gc,phases   ] GC(365)   Evacuate Collection Set: 2.44ms
[189.487s][info][gc,phases   ] GC(365)   Post Evacuate Collection Set: 0.64ms
[189.487s][info][gc,phases   ] GC(365)   Other: 0.12ms
[189.487s][info][gc,heap     ] GC(365) Eden regions: 362->0(364)
[189.487s][info][gc,heap     ] GC(365) Survivor regions: 2->1(46)
[189.487s][info][gc,heap     ] GC(365) Old regions: 44->44
[189.487s][info][gc,heap     ] GC(365) Humongous regions: 207->207
[189.487s][info][gc,metaspace] GC(365) Metaspace: 56651K(57024K)->56651K(57024K) NonClass: 48370K(48640K)->48370K(48640K) Class: 8280K(8384K)->8280K(8384K)
[189.487s][info][gc          ] GC(365) Pause Young (Concurrent Start) (G1 Evacuation Pause) 613M->251M(651M) 3.774ms
[189.487s][info][gc,cpu      ] GC(365) User=0.00s Sys=0.00s Real=0.01s
[189.487s][info][gc          ] GC(366) Concurrent Mark Cycle
[189.487s][info][gc,marking  ] GC(366) Concurrent Scan Root Regions
[189.489s][info][gc,marking  ] GC(366) Concurrent Scan Root Regions 2.169ms
[189.489s][info][gc,marking  ] GC(366) Concurrent Mark
[189.489s][info][gc,marking  ] GC(366) Concurrent Mark From Roots
[189.489s][info][gc,task     ] GC(366) Using 1 workers of 1 for marking
[189.557s][info][gc,marking  ] GC(366) Concurrent Mark From Roots 67.557ms
[189.557s][info][gc,marking  ] GC(366) Concurrent Preclean
[189.557s][info][gc,marking  ] GC(366) Concurrent Preclean 0.070ms
[189.557s][info][gc,start    ] GC(366) Pause Remark
[189.566s][info][gc          ] GC(366) Pause Remark 289M->289M(651M) 9.166ms
[189.566s][info][gc,cpu      ] GC(366) User=0.02s Sys=0.00s Real=0.01s
[189.566s][info][gc,marking  ] GC(366) Concurrent Mark 77.156ms
[189.566s][info][gc,marking  ] GC(366) Concurrent Rebuild Remembered Sets and Scrub Regions
[189.586s][info][gc,marking  ] GC(366) Concurrent Rebuild Remembered Sets and Scrub Regions 19.496ms
[189.587s][info][gc,start    ] GC(366) Pause Cleanup
[189.587s][info][gc          ] GC(366) Pause Cleanup 291M->291M(651M) 0.094ms
[189.587s][info][gc,cpu      ] GC(366) User=0.00s Sys=0.00s Real=0.00s
[189.587s][info][gc,marking  ] GC(366) Concurrent Clear Claimed Marks
[189.587s][info][gc,marking  ] GC(366) Concurrent Clear Claimed Marks 0.120ms
[189.587s][info][gc,marking  ] GC(366) Concurrent Cleanup for Next Mark
[189.589s][info][gc,marking  ] GC(366) Concurrent Cleanup for Next Mark 1.933ms
[189.589s][info][gc          ] GC(366) Concurrent Mark Cycle 101.836ms
[190.413s][info][gc,start    ] GC(367) Pause Young (Prepare Mixed) (G1 Evacuation Pause)
[190.413s][info][gc,task     ] GC(367) Using 2 workers of 2 for evacuation
[190.419s][info][gc,phases   ] GC(367)   Pre Evacuate Collection Set: 0.29ms
[190.419s][info][gc,phases   ] GC(367)   Merge Heap Roots: 0.13ms
[190.419s][info][gc,phases   ] GC(367)   Evacuate Collection Set: 4.93ms
[190.419s][info][gc,phases   ] GC(367)   Post Evacuate Collection Set: 0.69ms
[190.419s][info][gc,phases   ] GC(367)   Other: 0.11ms
[190.419s][info][gc,heap     ] GC(367) Eden regions: 364->0(360)
[190.419s][info][gc,heap     ] GC(367) Survivor regions: 1->3(46)
[190.419s][info][gc,heap     ] GC(367) Old regions: 44->44
[190.419s][info][gc,heap     ] GC(367) Humongous regions: 207->207
[190.419s][info][gc,metaspace] GC(367) Metaspace: 56651K(57024K)->56651K(57024K) NonClass: 48370K(48640K)->48370K(48640K) Class: 8280K(8384K)->8280K(8384K)
[190.419s][info][gc          ] GC(367) Pause Young (Prepare Mixed) (G1 Evacuation Pause) 615M->253M(651M) 6.343ms
[190.419s][info][gc,cpu      ] GC(367) User=0.01s Sys=0.00s Real=0.01s
[191.372s][info][gc,start    ] GC(368) Pause Young (Mixed) (G1 Evacuation Pause)
[191.372s][info][gc,task     ] GC(368) Using 2 workers of 2 for evacuation
[191.377s][info][gc,phases   ] GC(368)   Pre Evacuate Collection Set: 0.25ms
[191.377s][info][gc,phases   ] GC(368)   Merge Heap Roots: 0.14ms
[191.377s][info][gc,phases   ] GC(368)   Evacuate Collection Set: 3.61ms
[191.377s][info][gc,phases   ] GC(368)   Post Evacuate Collection Set: 0.69ms
[191.377s][info][gc,phases   ] GC(368)   Other: 0.12ms
[191.377s][info][gc,heap     ] GC(368) Eden regions: 360->0(364)
[191.377s][info][gc,heap     ] GC(368) Survivor regions: 3->1(46)
[191.377s][info][gc,heap     ] GC(368) Old regions: 44->44
[191.377s][info][gc,heap     ] GC(368) Humongous regions: 207->207
[191.377s][info][gc,metaspace] GC(368) Metaspace: 56651K(57024K)->56651K(57024K) NonClass: 48370K(48640K)->48370K(48640K) Class: 8280K(8384K)->8280K(8384K)
[191.377s][info][gc          ] GC(368) Pause Young (Mixed) (G1 Evacuation Pause) 613M->251M(651M) 4.998ms
[191.377s][info][gc,cpu      ] GC(368) User=0.00s Sys=0.00s Real=0.01s
[192.311s][info][gc,start    ] GC(369) Pause Young (Concurrent Start) (G1 Evacuation Pause)
[192.311s][info][gc,task     ] GC(369) Using 2 workers of 2 for evacuation
[192.317s][info][gc,phases   ] GC(369)   Pre Evacuate Collection Set: 0.29ms
[192.317s][info][gc,phases   ] GC(369)   Merge Heap Roots: 0.12ms
[192.317s][info][gc,phases   ] GC(369)   Evacuate Collection Set: 4.66ms
[192.317s][info][gc,phases   ] GC(369)   Post Evacuate Collection Set: 0.67ms
[192.317s][info][gc,phases   ] GC(369)   Other: 0.13ms
[192.317s][info][gc,heap     ] GC(369) Eden regions: 364->0(360)
[192.317s][info][gc,heap     ] GC(369) Survivor regions: 1->3(46)
[192.317s][info][gc,heap     ] GC(369) Old regions: 44->44
[192.317s][info][gc,heap     ] GC(369) Humongous regions: 207->207
[192.317s][info][gc,metaspace] GC(369) Metaspace: 56651K(57024K)->56651K(57024K) NonClass: 48370K(48640K)->48370K(48640K) Class: 8280K(8384K)->8280K(8384K)
[192.317s][info][gc          ] GC(369) Pause Young (Concurrent Start) (G1 Evacuation Pause) 615M->252M(651M) 6.042ms
[192.317s][info][gc,cpu      ] GC(369) User=0.01s Sys=0.00s Real=0.01s
[192.317s][info][gc          ] GC(370) Concurrent Mark Cycle
[192.318s][info][gc,marking  ] GC(370) Concurrent Scan Root Regions
[192.327s][info][gc,marking  ] GC(370) Concurrent Scan Root Regions 9.137ms
[192.327s][info][gc,marking  ] GC(370) Concurrent Mark
[192.327s][info][gc,marking  ] GC(370) Concurrent Mark From Roots
[192.327s][info][gc,task     ] GC(370) Using 1 workers of 1 for marking
[192.380s][info][gc,marking  ] GC(370) Concurrent Mark From Roots 52.989ms
[192.380s][info][gc,marking  ] GC(370) Concurrent Preclean
[192.380s][info][gc,marking  ] GC(370) Concurrent Preclean 0.064ms
[192.380s][info][gc,start    ] GC(370) Pause Remark
[192.389s][info][gc          ] GC(370) Pause Remark 272M->272M(651M) 9.179ms
[192.389s][info][gc,cpu      ] GC(370) User=0.02s Sys=0.00s Real=0.01s
[192.391s][info][gc,marking  ] GC(370) Concurrent Mark 63.802ms
[192.393s][info][gc,marking  ] GC(370) Concurrent Rebuild Remembered Sets and Scrub Regions
[192.431s][info][gc,marking  ] GC(370) Concurrent Rebuild Remembered Sets and Scrub Regions 37.742ms
[192.431s][info][gc,start    ] GC(370) Pause Cleanup
[192.431s][info][gc          ] GC(370) Pause Cleanup 298M->298M(651M) 0.088ms
[192.431s][info][gc,cpu      ] GC(370) User=0.00s Sys=0.00s Real=0.00s
[192.431s][info][gc,marking  ] GC(370) Concurrent Clear Claimed Marks
[192.431s][info][gc,marking  ] GC(370) Concurrent Clear Claimed Marks 0.093ms
[192.431s][info][gc,marking  ] GC(370) Concurrent Cleanup for Next Mark
[192.434s][info][gc,marking  ] GC(370) Concurrent Cleanup for Next Mark 3.359ms
[192.434s][info][gc          ] GC(370) Concurrent Mark Cycle 117.688ms
[193.298s][info][gc,start    ] GC(371) Pause Young (Prepare Mixed) (G1 Evacuation Pause)
[193.298s][info][gc,task     ] GC(371) Using 2 workers of 2 for evacuation
[193.304s][info][gc,phases   ] GC(371)   Pre Evacuate Collection Set: 0.28ms
[193.304s][info][gc,phases   ] GC(371)   Merge Heap Roots: 0.13ms
[193.304s][info][gc,phases   ] GC(371)   Evacuate Collection Set: 4.71ms
[193.304s][info][gc,phases   ] GC(371)   Post Evacuate Collection Set: 0.69ms
[193.304s][info][gc,phases   ] GC(371)   Other: 0.09ms
[193.304s][info][gc,heap     ] GC(371) Eden regions: 360->0(360)
[193.304s][info][gc,heap     ] GC(371) Survivor regions: 3->3(46)
[193.304s][info][gc,heap     ] GC(371) Old regions: 44->44
[193.304s][info][gc,heap     ] GC(371) Humongous regions: 207->207
[193.304s][info][gc,metaspace] GC(371) Metaspace: 56651K(57024K)->56651K(57024K) NonClass: 48370K(48640K)->48370K(48640K) Class: 8280K(8384K)->8280K(8384K)
[193.304s][info][gc          ] GC(371) Pause Young (Prepare Mixed) (G1 Evacuation Pause) 612M->253M(651M) 6.105ms
[193.304s][info][gc,cpu      ] GC(371) User=0.01s Sys=0.00s Real=0.01s
[194.201s][info][gc,start    ] GC(372) Pause Young (Mixed) (G1 Evacuation Pause)
[194.201s][info][gc,task     ] GC(372) Using 2 workers of 2 for evacuation
[194.207s][info][gc,phases   ] GC(372)   Pre Evacuate Collection Set: 0.26ms
[194.207s][info][gc,phases   ] GC(372)   Merge Heap Roots: 0.14ms
[194.207s][info][gc,phases   ] GC(372)   Evacuate Collection Set: 4.98ms
[194.207s][info][gc,phases   ] GC(372)   Post Evacuate Collection Set: 0.71ms
[194.207s][info][gc,phases   ] GC(372)   Other: 0.10ms
[194.207s][info][gc,heap     ] GC(372) Eden regions: 360->0(360)
[194.207s][info][gc,heap     ] GC(372) Survivor regions: 3->3(46)
[194.207s][info][gc,heap     ] GC(372) Old regions: 44->44
[194.207s][info][gc,heap     ] GC(372) Humongous regions: 207->207
[194.207s][info][gc,metaspace] GC(372) Metaspace: 56651K(57024K)->56651K(57024K) NonClass: 48370K(48640K)->48370K(48640K) Class: 8280K(8384K)->8280K(8384K)
[194.207s][info][gc          ] GC(372) Pause Young (Mixed) (G1 Evacuation Pause) 613M->252M(651M) 6.374ms
[194.207s][info][gc,cpu      ] GC(372) User=0.02s Sys=0.00s Real=0.01s
[195.159s][info][gc,start    ] GC(373) Pause Young (Concurrent Start) (G1 Evacuation Pause)
[195.159s][info][gc,task     ] GC(373) Using 2 workers of 2 for evacuation
[195.165s][info][gc,phases   ] GC(373)   Pre Evacuate Collection Set: 0.29ms
[195.165s][info][gc,phases   ] GC(373)   Merge Heap Roots: 0.12ms
[195.165s][info][gc,phases   ] GC(373)   Evacuate Collection Set: 4.91ms
[195.165s][info][gc,phases   ] GC(373)   Post Evacuate Collection Set: 0.66ms
[195.165s][info][gc,phases   ] GC(373)   Other: 0.12ms
[195.165s][info][gc,heap     ] GC(373) Eden regions: 360->0(360)
[195.166s][info][gc,heap     ] GC(373) Survivor regions: 3->3(46)
[195.166s][info][gc,heap     ] GC(373) Old regions: 44->44
[195.166s][info][gc,heap     ] GC(373) Humongous regions: 207->207
[195.166s][info][gc,metaspace] GC(373) Metaspace: 56651K(57024K)->56651K(57024K) NonClass: 48370K(48640K)->48370K(48640K) Class: 8280K(8384K)->8280K(8384K)
[195.166s][info][gc          ] GC(373) Pause Young (Concurrent Start) (G1 Evacuation Pause) 612M->252M(651M) 6.320ms
[195.166s][info][gc,cpu      ] GC(373) User=0.01s Sys=0.00s Real=0.01s
[195.166s][info][gc          ] GC(374) Concurrent Mark Cycle
[195.166s][info][gc,marking  ] GC(374) Concurrent Scan Root Regions
[195.170s][info][gc,marking  ] GC(374) Concurrent Scan Root Regions 4.432ms
[195.170s][info][gc,marking  ] GC(374) Concurrent Mark
[195.170s][info][gc,marking  ] GC(374) Concurrent Mark From Roots
[195.170s][info][gc,task     ] GC(374) Using 1 workers of 1 for marking
[195.261s][info][gc,marking  ] GC(374) Concurrent Mark From Roots 90.798ms
[195.261s][info][gc,marking  ] GC(374) Concurrent Preclean
[195.261s][info][gc,marking  ] GC(374) Concurrent Preclean 0.072ms
[195.261s][info][gc,start    ] GC(374) Pause Remark
[195.271s][info][gc          ] GC(374) Pause Remark 299M->299M(651M) 9.435ms
[195.271s][info][gc,cpu      ] GC(374) User=0.02s Sys=0.00s Real=0.01s
[195.271s][info][gc,marking  ] GC(374) Concurrent Mark 101.009ms
[195.271s][info][gc,marking  ] GC(374) Concurrent Rebuild Remembered Sets and Scrub Regions
[195.301s][info][gc,marking  ] GC(374) Concurrent Rebuild Remembered Sets and Scrub Regions 29.783ms
[195.302s][info][gc,start    ] GC(374) Pause Cleanup
[195.302s][info][gc          ] GC(374) Pause Cleanup 312M->312M(651M) 0.085ms
[195.302s][info][gc,cpu      ] GC(374) User=0.00s Sys=0.00s Real=0.00s
[195.302s][info][gc,marking  ] GC(374) Concurrent Clear Claimed Marks
[195.302s][info][gc,marking  ] GC(374) Concurrent Clear Claimed Marks 0.126ms
[195.302s][info][gc,marking  ] GC(374) Concurrent Cleanup for Next Mark
[195.308s][info][gc,marking  ] GC(374) Concurrent Cleanup for Next Mark 5.475ms
[195.308s][info][gc          ] GC(374) Concurrent Mark Cycle 142.414ms
[196.095s][info][gc,start    ] GC(375) Pause Young (Prepare Mixed) (G1 Evacuation Pause)
[196.095s][info][gc,task     ] GC(375) Using 2 workers of 2 for evacuation
[196.103s][info][gc,phases   ] GC(375)   Pre Evacuate Collection Set: 0.45ms
[196.103s][info][gc,phases   ] GC(375)   Merge Heap Roots: 0.17ms
[196.103s][info][gc,phases   ] GC(375)   Evacuate Collection Set: 5.81ms
[196.103s][info][gc,phases   ] GC(375)   Post Evacuate Collection Set: 0.69ms
[196.103s][info][gc,phases   ] GC(375)   Other: 0.08ms
[196.103s][info][gc,heap     ] GC(375) Eden regions: 360->0(360)
[196.103s][info][gc,heap     ] GC(375) Survivor regions: 3->3(46)
[196.103s][info][gc,heap     ] GC(375) Old regions: 44->44
[196.103s][info][gc,heap     ] GC(375) Humongous regions: 207->207
[196.103s][info][gc,metaspace] GC(375) Metaspace: 56651K(57024K)->56651K(57024K) NonClass: 48370K(48640K)->48370K(48640K) Class: 8280K(8384K)->8280K(8384K)
[196.103s][info][gc          ] GC(375) Pause Young (Prepare Mixed) (G1 Evacuation Pause) 612M->252M(651M) 7.391ms
[196.103s][info][gc,cpu      ] GC(375) User=0.01s Sys=0.00s Real=0.00s
[197.017s][info][gc,start    ] GC(376) Pause Young (Mixed) (G1 Evacuation Pause)
[197.017s][info][gc,task     ] GC(376) Using 2 workers of 2 for evacuation
[197.026s][info][gc,phases   ] GC(376)   Pre Evacuate Collection Set: 0.36ms
[197.026s][info][gc,phases   ] GC(376)   Merge Heap Roots: 0.16ms
[197.026s][info][gc,phases   ] GC(376)   Evacuate Collection Set: 7.48ms
[197.026s][info][gc,phases   ] GC(376)   Post Evacuate Collection Set: 0.73ms
[197.026s][info][gc,phases   ] GC(376)   Other: 0.08ms
[197.026s][info][gc,heap     ] GC(376) Eden regions: 360->0(360)
[197.026s][info][gc,heap     ] GC(376) Survivor regions: 3->3(46)
[197.026s][info][gc,heap     ] GC(376) Old regions: 44->44
[197.026s][info][gc,heap     ] GC(376) Humongous regions: 207->207
[197.026s][info][gc,metaspace] GC(376) Metaspace: 56651K(57024K)->56651K(57024K) NonClass: 48370K(48640K)->48370K(48640K) Class: 8280K(8384K)->8280K(8384K)
[197.026s][info][gc          ] GC(376) Pause Young (Mixed) (G1 Evacuation Pause) 612M->252M(651M) 9.011ms
[197.026s][info][gc,cpu      ] GC(376) User=0.01s Sys=0.00s Real=0.01s
[197.986s][info][gc,start    ] GC(377) Pause Young (Concurrent Start) (G1 Evacuation Pause)
[197.986s][info][gc,task     ] GC(377) Using 2 workers of 2 for evacuation
[197.990s][info][gc,phases   ] GC(377)   Pre Evacuate Collection Set: 0.30ms
[197.990s][info][gc,phases   ] GC(377)   Merge Heap Roots: 0.12ms
[197.990s][info][gc,phases   ] GC(377)   Evacuate Collection Set: 2.99ms
[197.990s][info][gc,phases   ] GC(377)   Post Evacuate Collection Set: 0.67ms
[197.990s][info][gc,phases   ] GC(377)   Other: 0.13ms
[197.990s][info][gc,heap     ] GC(377) Eden regions: 360->0(362)
[197.991s][info][gc,heap     ] GC(377) Survivor regions: 3->2(46)
[197.991s][info][gc,heap     ] GC(377) Old regions: 44->44
[197.991s][info][gc,heap     ] GC(377) Humongous regions: 207->207
[197.991s][info][gc,metaspace] GC(377) Metaspace: 56651K(57024K)->56651K(57024K) NonClass: 48370K(48640K)->48370K(48640K) Class: 8280K(8384K)->8280K(8384K)
[197.991s][info][gc          ] GC(377) Pause Young (Concurrent Start) (G1 Evacuation Pause) 612M->251M(651M) 4.384ms
[197.991s][info][gc,cpu      ] GC(377) User=0.01s Sys=0.00s Real=0.00s
[197.991s][info][gc          ] GC(378) Concurrent Mark Cycle
[197.991s][info][gc,marking  ] GC(378) Concurrent Scan Root Regions
[197.996s][info][gc,marking  ] GC(378) Concurrent Scan Root Regions 5.369ms
[197.996s][info][gc,marking  ] GC(378) Concurrent Mark
[197.996s][info][gc,marking  ] GC(378) Concurrent Mark From Roots
[197.996s][info][gc,task     ] GC(378) Using 1 workers of 1 for marking
[198.063s][info][gc,marking  ] GC(378) Concurrent Mark From Roots 67.364ms
[198.063s][info][gc,marking  ] GC(378) Concurrent Preclean
[198.064s][info][gc,marking  ] GC(378) Concurrent Preclean 0.079ms
[198.064s][info][gc,start    ] GC(378) Pause Remark
[198.073s][info][gc          ] GC(378) Pause Remark 286M->286M(651M) 9.392ms
[198.073s][info][gc,cpu      ] GC(378) User=0.02s Sys=0.00s Real=0.01s
[198.073s][info][gc,marking  ] GC(378) Concurrent Mark 77.192ms
[198.073s][info][gc,marking  ] GC(378) Concurrent Rebuild Remembered Sets and Scrub Regions
[198.093s][info][gc,marking  ] GC(378) Concurrent Rebuild Remembered Sets and Scrub Regions 19.498ms
[198.093s][info][gc,start    ] GC(378) Pause Cleanup
[198.093s][info][gc          ] GC(378) Pause Cleanup 293M->293M(651M) 0.068ms
[198.093s][info][gc,cpu      ] GC(378) User=0.00s Sys=0.00s Real=0.00s
[198.093s][info][gc,marking  ] GC(378) Concurrent Clear Claimed Marks
[198.093s][info][gc,marking  ] GC(378) Concurrent Clear Claimed Marks 0.118ms
[198.093s][info][gc,marking  ] GC(378) Concurrent Cleanup for Next Mark
[198.096s][info][gc,marking  ] GC(378) Concurrent Cleanup for Next Mark 2.041ms
[198.096s][info][gc          ] GC(378) Concurrent Mark Cycle 104.931ms
[198.910s][info][gc,start    ] GC(379) Pause Young (Prepare Mixed) (G1 Evacuation Pause)
[198.910s][info][gc,task     ] GC(379) Using 2 workers of 2 for evacuation
[198.916s][info][gc,phases   ] GC(379)   Pre Evacuate Collection Set: 0.29ms
[198.916s][info][gc,phases   ] GC(379)   Merge Heap Roots: 0.14ms
[198.916s][info][gc,phases   ] GC(379)   Evacuate Collection Set: 5.15ms
[198.916s][info][gc,phases   ] GC(379)   Post Evacuate Collection Set: 0.71ms
[198.916s][info][gc,phases   ] GC(379)   Other: 0.10ms
[198.916s][info][gc,heap     ] GC(379) Eden regions: 362->0(358)
[198.916s][info][gc,heap     ] GC(379) Survivor regions: 2->4(46)
[198.916s][info][gc,heap     ] GC(379) Old regions: 44->44
[198.916s][info][gc,heap     ] GC(379) Humongous regions: 207->207
[198.916s][info][gc,metaspace] GC(379) Metaspace: 56651K(57024K)->56651K(57024K) NonClass: 48370K(48640K)->48370K(48640K) Class: 8280K(8384K)->8280K(8384K)
[198.916s][info][gc          ] GC(379) Pause Young (Prepare Mixed) (G1 Evacuation Pause) 613M->253M(651M) 6.589ms
[198.916s][info][gc,cpu      ] GC(379) User=0.02s Sys=0.00s Real=0.01s
[199.884s][info][gc,start    ] GC(380) Pause Young (Mixed) (G1 Evacuation Pause)
[199.884s][info][gc,task     ] GC(380) Using 2 workers of 2 for evacuation
[199.891s][info][gc,phases   ] GC(380)   Pre Evacuate Collection Set: 0.26ms
[199.891s][info][gc,phases   ] GC(380)   Merge Heap Roots: 0.15ms
[199.891s][info][gc,phases   ] GC(380)   Evacuate Collection Set: 5.11ms
[199.891s][info][gc,phases   ] GC(380)   Post Evacuate Collection Set: 0.70ms
[199.891s][info][gc,phases   ] GC(380)   Other: 0.11ms
[199.891s][info][gc,heap     ] GC(380) Eden regions: 358->0(364)
[199.891s][info][gc,heap     ] GC(380) Survivor regions: 4->1(46)
[199.891s][info][gc,heap     ] GC(380) Old regions: 44->44
[199.891s][info][gc,heap     ] GC(380) Humongous regions: 207->207
[199.891s][info][gc,metaspace] GC(380) Metaspace: 56651K(57024K)->56651K(57024K) NonClass: 48370K(48640K)->48370K(48640K) Class: 8280K(8384K)->8280K(8384K)
[199.891s][info][gc          ] GC(380) Pause Young (Mixed) (G1 Evacuation Pause) 611M->251M(651M) 6.507ms
[199.891s][info][gc,cpu      ] GC(380) User=0.01s Sys=0.00s Real=0.00s
[200.887s][info][gc,start    ] GC(381) Pause Young (Concurrent Start) (G1 Evacuation Pause)
[200.887s][info][gc,task     ] GC(381) Using 2 workers of 2 for evacuation
[200.891s][info][gc,phases   ] GC(381)   Pre Evacuate Collection Set: 0.28ms
[200.891s][info][gc,phases   ] GC(381)   Merge Heap Roots: 0.12ms
[200.891s][info][gc,phases   ] GC(381)   Evacuate Collection Set: 2.96ms
[200.891s][info][gc,phases   ] GC(381)   Post Evacuate Collection Set: 0.67ms
[200.891s][info][gc,phases   ] GC(381)   Other: 0.10ms
[200.891s][info][gc,heap     ] GC(381) Eden regions: 364->0(364)
[200.891s][info][gc,heap     ] GC(381) Survivor regions: 1->1(46)
[200.891s][info][gc,heap     ] GC(381) Old regions: 44->44
[200.891s][info][gc,heap     ] GC(381) Humongous regions: 207->207
[200.891s][info][gc,metaspace] GC(381) Metaspace: 56651K(57024K)->56651K(57024K) NonClass: 48370K(48640K)->48370K(48640K) Class: 8280K(8384K)->8280K(8384K)
[200.891s][info][gc          ] GC(381) Pause Young (Concurrent Start) (G1 Evacuation Pause) 615M->251M(651M) 4.315ms
[200.891s][info][gc,cpu      ] GC(381) User=0.00s Sys=0.00s Real=0.00s
[200.891s][info][gc          ] GC(382) Concurrent Mark Cycle
[200.893s][info][gc,marking  ] GC(382) Concurrent Scan Root Regions
[200.896s][info][gc,marking  ] GC(382) Concurrent Scan Root Regions 3.281ms
[200.896s][info][gc,marking  ] GC(382) Concurrent Mark
[200.896s][info][gc,marking  ] GC(382) Concurrent Mark From Roots
[200.896s][info][gc,task     ] GC(382) Using 1 workers of 1 for marking
[200.989s][info][gc,marking  ] GC(382) Concurrent Mark From Roots 92.627ms
[200.989s][info][gc,marking  ] GC(382) Concurrent Preclean
[200.989s][info][gc,marking  ] GC(382) Concurrent Preclean 0.074ms
[200.989s][info][gc,start    ] GC(382) Pause Remark
[200.998s][info][gc          ] GC(382) Pause Remark 304M->304M(651M) 9.349ms
[200.998s][info][gc,cpu      ] GC(382) User=0.02s Sys=0.00s Real=0.01s
[200.999s][info][gc,marking  ] GC(382) Concurrent Mark 102.730ms
[200.999s][info][gc,marking  ] GC(382) Concurrent Rebuild Remembered Sets and Scrub Regions
[201.042s][info][gc,marking  ] GC(382) Concurrent Rebuild Remembered Sets and Scrub Regions 43.540ms
[201.043s][info][gc,start    ] GC(382) Pause Cleanup
[201.043s][info][gc          ] GC(382) Pause Cleanup 332M->332M(651M) 0.086ms
[201.043s][info][gc,cpu      ] GC(382) User=0.00s Sys=0.00s Real=0.00s
[201.043s][info][gc,marking  ] GC(382) Concurrent Clear Claimed Marks
[201.043s][info][gc,marking  ] GC(382) Concurrent Clear Claimed Marks 0.110ms
[201.043s][info][gc,marking  ] GC(382) Concurrent Cleanup for Next Mark
[201.045s][info][gc,marking  ] GC(382) Concurrent Cleanup for Next Mark 1.969ms
[201.045s][info][gc          ] GC(382) Concurrent Mark Cycle 154.109ms
[201.790s][info][gc,start    ] GC(383) Pause Young (Prepare Mixed) (G1 Evacuation Pause)
[201.790s][info][gc,task     ] GC(383) Using 2 workers of 2 for evacuation
[201.794s][info][gc,phases   ] GC(383)   Pre Evacuate Collection Set: 0.28ms
[201.794s][info][gc,phases   ] GC(383)   Merge Heap Roots: 0.14ms
[201.794s][info][gc,phases   ] GC(383)   Evacuate Collection Set: 2.93ms
[201.794s][info][gc,phases   ] GC(383)   Post Evacuate Collection Set: 0.66ms
[201.794s][info][gc,phases   ] GC(383)   Other: 0.08ms
[201.794s][info][gc,heap     ] GC(383) Eden regions: 364->0(364)
[201.794s][info][gc,heap     ] GC(383) Survivor regions: 1->1(46)
[201.794s][info][gc,heap     ] GC(383) Old regions: 44->44
[201.794s][info][gc,heap     ] GC(383) Humongous regions: 207->207
[201.794s][info][gc,metaspace] GC(383) Metaspace: 56651K(57024K)->56651K(57024K) NonClass: 48370K(48640K)->48370K(48640K) Class: 8280K(8384K)->8280K(8384K)
[201.794s][info][gc          ] GC(383) Pause Young (Prepare Mixed) (G1 Evacuation Pause) 615M->251M(651M) 4.288ms
[201.794s][info][gc,cpu      ] GC(383) User=0.01s Sys=0.00s Real=0.01s
[202.716s][info][gc,start    ] GC(384) Pause Young (Mixed) (G1 Evacuation Pause)
[202.716s][info][gc,task     ] GC(384) Using 2 workers of 2 for evacuation
[202.726s][info][gc,phases   ] GC(384)   Pre Evacuate Collection Set: 0.26ms
[202.726s][info][gc,phases   ] GC(384)   Merge Heap Roots: 0.20ms
[202.726s][info][gc,phases   ] GC(384)   Evacuate Collection Set: 8.90ms
[202.726s][info][gc,phases   ] GC(384)   Post Evacuate Collection Set: 0.81ms
[202.726s][info][gc,phases   ] GC(384)   Other: 0.09ms
[202.726s][info][gc,heap     ] GC(384) Eden regions: 364->0(362)
[202.726s][info][gc,heap     ] GC(384) Survivor regions: 1->2(46)
[202.726s][info][gc,heap     ] GC(384) Old regions: 44->44
[202.726s][info][gc,heap     ] GC(384) Humongous regions: 207->207
[202.726s][info][gc,metaspace] GC(384) Metaspace: 56651K(57024K)->56651K(57024K) NonClass: 48370K(48640K)->48370K(48640K) Class: 8280K(8384K)->8280K(8384K)
[202.726s][info][gc          ] GC(384) Pause Young (Mixed) (G1 Evacuation Pause) 615M->252M(651M) 10.437ms
[202.726s][info][gc,cpu      ] GC(384) User=0.02s Sys=0.00s Real=0.01s
[203.690s][info][gc,start    ] GC(385) Pause Young (Concurrent Start) (G1 Evacuation Pause)
[203.690s][info][gc,task     ] GC(385) Using 2 workers of 2 for evacuation
[203.695s][info][gc,phases   ] GC(385)   Pre Evacuate Collection Set: 0.28ms
[203.695s][info][gc,phases   ] GC(385)   Merge Heap Roots: 0.13ms
[203.695s][info][gc,phases   ] GC(385)   Evacuate Collection Set: 3.36ms
[203.695s][info][gc,phases   ] GC(385)   Post Evacuate Collection Set: 0.66ms
[203.695s][info][gc,phases   ] GC(385)   Other: 0.10ms
[203.695s][info][gc,heap     ] GC(385) Eden regions: 362->0(362)
[203.695s][info][gc,heap     ] GC(385) Survivor regions: 2->2(46)
[203.695s][info][gc,heap     ] GC(385) Old regions: 44->44
[203.695s][info][gc,heap     ] GC(385) Humongous regions: 207->207
[203.695s][info][gc,metaspace] GC(385) Metaspace: 56651K(57024K)->56651K(57024K) NonClass: 48370K(48640K)->48370K(48640K) Class: 8280K(8384K)->8280K(8384K)
[203.695s][info][gc          ] GC(385) Pause Young (Concurrent Start) (G1 Evacuation Pause) 614M->252M(651M) 4.704ms
[203.695s][info][gc          ] GC(386) Concurrent Mark Cycle
[203.695s][info][gc,marking  ] GC(386) Concurrent Scan Root Regions
[203.695s][info][gc,cpu      ] GC(385) User=0.01s Sys=0.00s Real=0.01s
[203.701s][info][gc,marking  ] GC(386) Concurrent Scan Root Regions 5.440ms
[203.701s][info][gc,marking  ] GC(386) Concurrent Mark
[203.701s][info][gc,marking  ] GC(386) Concurrent Mark From Roots
[203.701s][info][gc,task     ] GC(386) Using 1 workers of 1 for marking
[203.776s][info][gc,marking  ] GC(386) Concurrent Mark From Roots 75.747ms
[203.776s][info][gc,marking  ] GC(386) Concurrent Preclean
[203.777s][info][gc,marking  ] GC(386) Concurrent Preclean 0.077ms
[203.777s][info][gc,start    ] GC(386) Pause Remark
[203.787s][info][gc          ] GC(386) Pause Remark 285M->285M(651M) 10.364ms
[203.787s][info][gc,cpu      ] GC(386) User=0.02s Sys=0.00s Real=0.01s
[203.790s][info][gc,marking  ] GC(386) Concurrent Mark 89.468ms
[203.790s][info][gc,marking  ] GC(386) Concurrent Rebuild Remembered Sets and Scrub Regions
[203.826s][info][gc,marking  ] GC(386) Concurrent Rebuild Remembered Sets and Scrub Regions 35.705ms
[203.826s][info][gc,start    ] GC(386) Pause Cleanup
[203.826s][info][gc          ] GC(386) Pause Cleanup 308M->308M(651M) 0.070ms
[203.826s][info][gc,cpu      ] GC(386) User=0.00s Sys=0.00s Real=0.00s
[203.827s][info][gc,marking  ] GC(386) Concurrent Clear Claimed Marks
[203.827s][info][gc,marking  ] GC(386) Concurrent Clear Claimed Marks 0.100ms
[203.827s][info][gc,marking  ] GC(386) Concurrent Cleanup for Next Mark
[203.831s][info][gc,marking  ] GC(386) Concurrent Cleanup for Next Mark 4.103ms
[203.831s][info][gc          ] GC(386) Concurrent Mark Cycle 135.748ms
[204.620s][info][gc,start    ] GC(387) Pause Young (Prepare Mixed) (G1 Evacuation Pause)
[204.620s][info][gc,task     ] GC(387) Using 2 workers of 2 for evacuation
[204.629s][info][gc,phases   ] GC(387)   Pre Evacuate Collection Set: 0.43ms
[204.629s][info][gc,phases   ] GC(387)   Merge Heap Roots: 0.18ms
[204.629s][info][gc,phases   ] GC(387)   Evacuate Collection Set: 7.24ms
[204.629s][info][gc,phases   ] GC(387)   Post Evacuate Collection Set: 0.68ms
[204.629s][info][gc,phases   ] GC(387)   Other: 0.12ms
[204.629s][info][gc,heap     ] GC(387) Eden regions: 362->0(358)
[204.629s][info][gc,heap     ] GC(387) Survivor regions: 2->4(46)
[204.629s][info][gc,heap     ] GC(387) Old regions: 44->44
[204.629s][info][gc,heap     ] GC(387) Humongous regions: 207->207
[204.629s][info][gc,metaspace] GC(387) Metaspace: 56651K(57024K)->56651K(57024K) NonClass: 48370K(48640K)->48370K(48640K) Class: 8280K(8384K)->8280K(8384K)
[204.629s][info][gc          ] GC(387) Pause Young (Prepare Mixed) (G1 Evacuation Pause) 614M->253M(651M) 8.847ms
[204.629s][info][gc,cpu      ] GC(387) User=0.02s Sys=0.00s Real=0.01s
[205.595s][info][gc,start    ] GC(388) Pause Young (Mixed) (G1 Evacuation Pause)
[205.595s][info][gc,task     ] GC(388) Using 2 workers of 2 for evacuation
[205.603s][info][gc,phases   ] GC(388)   Pre Evacuate Collection Set: 0.28ms
[205.603s][info][gc,phases   ] GC(388)   Merge Heap Roots: 0.20ms
[205.603s][info][gc,phases   ] GC(388)   Evacuate Collection Set: 6.75ms
[205.603s][info][gc,phases   ] GC(388)   Post Evacuate Collection Set: 0.77ms
[205.603s][info][gc,phases   ] GC(388)   Other: 0.10ms
[205.603s][info][gc,heap     ] GC(388) Eden regions: 358->0(364)
[205.603s][info][gc,heap     ] GC(388) Survivor regions: 4->1(46)
[205.604s][info][gc,heap     ] GC(388) Old regions: 44->44
[205.604s][info][gc,heap     ] GC(388) Humongous regions: 207->207
[205.604s][info][gc,metaspace] GC(388) Metaspace: 56651K(57024K)->56651K(57024K) NonClass: 48370K(48640K)->48370K(48640K) Class: 8280K(8384K)->8280K(8384K)
[205.604s][info][gc          ] GC(388) Pause Young (Mixed) (G1 Evacuation Pause) 611M->251M(651M) 8.305ms
[205.604s][info][gc,cpu      ] GC(388) User=0.01s Sys=0.00s Real=0.00s
[206.509s][info][gc,start    ] GC(389) Pause Young (Concurrent Start) (G1 Evacuation Pause)
[206.509s][info][gc,task     ] GC(389) Using 2 workers of 2 for evacuation
[206.514s][info][gc,phases   ] GC(389)   Pre Evacuate Collection Set: 0.29ms
[206.514s][info][gc,phases   ] GC(389)   Merge Heap Roots: 0.13ms
[206.514s][info][gc,phases   ] GC(389)   Evacuate Collection Set: 3.86ms
[206.514s][info][gc,phases   ] GC(389)   Post Evacuate Collection Set: 0.65ms
[206.514s][info][gc,phases   ] GC(389)   Other: 0.14ms
[206.514s][info][gc,heap     ] GC(389) Eden regions: 364->0(362)
[206.514s][info][gc,heap     ] GC(389) Survivor regions: 1->2(46)
[206.514s][info][gc,heap     ] GC(389) Old regions: 44->44
[206.514s][info][gc,heap     ] GC(389) Humongous regions: 207->207
[206.514s][info][gc,metaspace] GC(389) Metaspace: 56651K(57024K)->56651K(57024K) NonClass: 48370K(48640K)->48370K(48640K) Class: 8280K(8384K)->8280K(8384K)
[206.514s][info][gc          ] GC(389) Pause Young (Concurrent Start) (G1 Evacuation Pause) 615M->252M(651M) 5.247ms
[206.514s][info][gc          ] GC(390) Concurrent Mark Cycle
[206.514s][info][gc,marking  ] GC(390) Concurrent Scan Root Regions
[206.515s][info][gc,cpu      ] GC(389) User=0.01s Sys=0.00s Real=0.01s
[206.516s][info][gc,marking  ] GC(390) Concurrent Scan Root Regions 2.416ms
[206.516s][info][gc,marking  ] GC(390) Concurrent Mark
[206.516s][info][gc,marking  ] GC(390) Concurrent Mark From Roots
[206.516s][info][gc,task     ] GC(390) Using 1 workers of 1 for marking
[206.576s][info][gc,marking  ] GC(390) Concurrent Mark From Roots 59.133ms
[206.576s][info][gc,marking  ] GC(390) Concurrent Preclean
[206.576s][info][gc,marking  ] GC(390) Concurrent Preclean 0.068ms
[206.576s][info][gc,start    ] GC(390) Pause Remark
[206.595s][info][gc          ] GC(390) Pause Remark 270M->270M(651M) 19.074ms
[206.595s][info][gc,cpu      ] GC(390) User=0.02s Sys=0.00s Real=0.02s
[206.595s][info][gc,marking  ] GC(390) Concurrent Mark 78.500ms
[206.595s][info][gc,marking  ] GC(390) Concurrent Rebuild Remembered Sets and Scrub Regions
[206.626s][info][gc,marking  ] GC(390) Concurrent Rebuild Remembered Sets and Scrub Regions 31.131ms
[206.626s][info][gc,start    ] GC(390) Pause Cleanup
[206.626s][info][gc          ] GC(390) Pause Cleanup 270M->270M(651M) 0.064ms
[206.626s][info][gc,cpu      ] GC(390) User=0.00s Sys=0.00s Real=0.00s
[206.626s][info][gc,marking  ] GC(390) Concurrent Clear Claimed Marks
[206.626s][info][gc,marking  ] GC(390) Concurrent Clear Claimed Marks 0.090ms
[206.626s][info][gc,marking  ] GC(390) Concurrent Cleanup for Next Mark
[206.628s][info][gc,marking  ] GC(390) Concurrent Cleanup for Next Mark 2.043ms
[206.628s][info][gc          ] GC(390) Concurrent Mark Cycle 114.475ms
[207.677s][info][gc,start    ] GC(391) Pause Young (Prepare Mixed) (G1 Evacuation Pause)
[207.677s][info][gc,task     ] GC(391) Using 2 workers of 2 for evacuation
[207.683s][info][gc,phases   ] GC(391)   Pre Evacuate Collection Set: 0.39ms
[207.683s][info][gc,phases   ] GC(391)   Merge Heap Roots: 0.15ms
[207.683s][info][gc,phases   ] GC(391)   Evacuate Collection Set: 5.02ms
[207.683s][info][gc,phases   ] GC(391)   Post Evacuate Collection Set: 0.71ms
[207.683s][info][gc,phases   ] GC(391)   Other: 0.10ms
[207.683s][info][gc,heap     ] GC(391) Eden regions: 362->0(364)
[207.683s][info][gc,heap     ] GC(391) Survivor regions: 2->1(46)
[207.683s][info][gc,heap     ] GC(391) Old regions: 44->44
[207.683s][info][gc,heap     ] GC(391) Humongous regions: 207->207
[207.683s][info][gc,metaspace] GC(391) Metaspace: 56651K(57024K)->56651K(57024K) NonClass: 48370K(48640K)->48370K(48640K) Class: 8280K(8384K)->8280K(8384K)
[207.683s][info][gc          ] GC(391) Pause Young (Prepare Mixed) (G1 Evacuation Pause) 614M->251M(651M) 6.539ms
[207.683s][info][gc,cpu      ] GC(391) User=0.01s Sys=0.00s Real=0.00s
[208.603s][info][gc,start    ] GC(392) Pause Young (Mixed) (G1 Evacuation Pause)
[208.603s][info][gc,task     ] GC(392) Using 2 workers of 2 for evacuation
[208.612s][info][gc,phases   ] GC(392)   Pre Evacuate Collection Set: 0.27ms
[208.612s][info][gc,phases   ] GC(392)   Merge Heap Roots: 0.22ms
[208.612s][info][gc,phases   ] GC(392)   Evacuate Collection Set: 7.96ms
[208.612s][info][gc,phases   ] GC(392)   Post Evacuate Collection Set: 0.80ms
[208.612s][info][gc,phases   ] GC(392)   Other: 0.08ms
[208.612s][info][gc,heap     ] GC(392) Eden regions: 364->0(362)
[208.612s][info][gc,heap     ] GC(392) Survivor regions: 1->2(46)
[208.612s][info][gc,heap     ] GC(392) Old regions: 44->44
[208.612s][info][gc,heap     ] GC(392) Humongous regions: 207->207
[208.612s][info][gc,metaspace] GC(392) Metaspace: 56651K(57024K)->56651K(57024K) NonClass: 48370K(48640K)->48370K(48640K) Class: 8280K(8384K)->8280K(8384K)
[208.612s][info][gc          ] GC(392) Pause Young (Mixed) (G1 Evacuation Pause) 615M->252M(651M) 9.506ms
[208.612s][info][gc,cpu      ] GC(392) User=0.02s Sys=0.00s Real=0.01s
[209.525s][info][gc,start    ] GC(393) Pause Young (Concurrent Start) (G1 Evacuation Pause)
[209.525s][info][gc,task     ] GC(393) Using 2 workers of 2 for evacuation
[209.530s][info][gc,phases   ] GC(393)   Pre Evacuate Collection Set: 0.29ms
[209.530s][info][gc,phases   ] GC(393)   Merge Heap Roots: 0.14ms
[209.530s][info][gc,phases   ] GC(393)   Evacuate Collection Set: 3.41ms
[209.530s][info][gc,phases   ] GC(393)   Post Evacuate Collection Set: 0.67ms
[209.530s][info][gc,phases   ] GC(393)   Other: 0.11ms
[209.530s][info][gc,heap     ] GC(393) Eden regions: 362->0(362)
[209.530s][info][gc,heap     ] GC(393) Survivor regions: 2->2(46)
[209.530s][info][gc,heap     ] GC(393) Old regions: 44->44
[209.530s][info][gc,heap     ] GC(393) Humongous regions: 207->207
[209.530s][info][gc,metaspace] GC(393) Metaspace: 56651K(57024K)->56651K(57024K) NonClass: 48370K(48640K)->48370K(48640K) Class: 8280K(8384K)->8280K(8384K)
[209.530s][info][gc          ] GC(393) Pause Young (Concurrent Start) (G1 Evacuation Pause) 614M->251M(651M) 4.842ms
[209.530s][info][gc          ] GC(394) Concurrent Mark Cycle
[209.530s][info][gc,marking  ] GC(394) Concurrent Scan Root Regions
[209.531s][info][gc,cpu      ] GC(393) User=0.01s Sys=0.00s Real=0.00s
[209.535s][info][gc,marking  ] GC(394) Concurrent Scan Root Regions 4.493ms
[209.535s][info][gc,marking  ] GC(394) Concurrent Mark
[209.535s][info][gc,marking  ] GC(394) Concurrent Mark From Roots
[209.535s][info][gc,task     ] GC(394) Using 1 workers of 1 for marking
[209.578s][info][gc,marking  ] GC(394) Concurrent Mark From Roots 42.939ms
[209.578s][info][gc,marking  ] GC(394) Concurrent Preclean
[209.578s][info][gc,marking  ] GC(394) Concurrent Preclean 0.092ms
[209.578s][info][gc,start    ] GC(394) Pause Remark
[209.587s][info][gc          ] GC(394) Pause Remark 256M->256M(651M) 9.246ms
[209.587s][info][gc,cpu      ] GC(394) User=0.02s Sys=0.00s Real=0.01s
[209.588s][info][gc,marking  ] GC(394) Concurrent Mark 52.823ms
[209.588s][info][gc,marking  ] GC(394) Concurrent Rebuild Remembered Sets and Scrub Regions
[209.612s][info][gc,marking  ] GC(394) Concurrent Rebuild Remembered Sets and Scrub Regions 24.145ms
[209.613s][info][gc,start    ] GC(394) Pause Cleanup
[209.613s][info][gc          ] GC(394) Pause Cleanup 265M->265M(651M) 0.085ms
[209.613s][info][gc,cpu      ] GC(394) User=0.00s Sys=0.00s Real=0.00s
[209.613s][info][gc,marking  ] GC(394) Concurrent Clear Claimed Marks
[209.613s][info][gc,marking  ] GC(394) Concurrent Clear Claimed Marks 0.090ms
[209.613s][info][gc,marking  ] GC(394) Concurrent Cleanup for Next Mark
[209.619s][info][gc,marking  ] GC(394) Concurrent Cleanup for Next Mark 5.311ms
[209.619s][info][gc          ] GC(394) Concurrent Mark Cycle 88.296ms
[210.501s][info][gc,start    ] GC(395) Pause Young (Prepare Mixed) (G1 Evacuation Pause)
[210.501s][info][gc,task     ] GC(395) Using 2 workers of 2 for evacuation
[210.506s][info][gc,phases   ] GC(395)   Pre Evacuate Collection Set: 0.27ms
[210.506s][info][gc,phases   ] GC(395)   Merge Heap Roots: 0.15ms
[210.506s][info][gc,phases   ] GC(395)   Evacuate Collection Set: 4.06ms
[210.506s][info][gc,phases   ] GC(395)   Post Evacuate Collection Set: 0.68ms
[210.506s][info][gc,phases   ] GC(395)   Other: 0.10ms
[210.506s][info][gc,heap     ] GC(395) Eden regions: 362->0(360)
[210.506s][info][gc,heap     ] GC(395) Survivor regions: 2->3(46)
[210.506s][info][gc,heap     ] GC(395) Old regions: 44->44
[210.506s][info][gc,heap     ] GC(395) Humongous regions: 207->207
[210.506s][info][gc,metaspace] GC(395) Metaspace: 56651K(57024K)->56651K(57024K) NonClass: 48370K(48640K)->48370K(48640K) Class: 8280K(8384K)->8280K(8384K)
[210.506s][info][gc          ] GC(395) Pause Young (Prepare Mixed) (G1 Evacuation Pause) 613M->252M(651M) 5.455ms
[210.506s][info][gc,cpu      ] GC(395) User=0.01s Sys=0.00s Real=0.01s
[211.427s][info][gc,start    ] GC(396) Pause Young (Mixed) (G1 Evacuation Pause)
[211.427s][info][gc,task     ] GC(396) Using 2 workers of 2 for evacuation
[211.435s][info][gc,phases   ] GC(396)   Pre Evacuate Collection Set: 0.29ms
[211.435s][info][gc,phases   ] GC(396)   Merge Heap Roots: 0.17ms
[211.435s][info][gc,phases   ] GC(396)   Evacuate Collection Set: 6.61ms
[211.435s][info][gc,phases   ] GC(396)   Post Evacuate Collection Set: 0.71ms
[211.435s][info][gc,phases   ] GC(396)   Other: 0.08ms
[211.435s][info][gc,heap     ] GC(396) Eden regions: 360->0(360)
[211.435s][info][gc,heap     ] GC(396) Survivor regions: 3->3(46)
[211.435s][info][gc,heap     ] GC(396) Old regions: 44->44
[211.435s][info][gc,heap     ] GC(396) Humongous regions: 207->207
[211.435s][info][gc,metaspace] GC(396) Metaspace: 56651K(57024K)->56651K(57024K) NonClass: 48370K(48640K)->48370K(48640K) Class: 8280K(8384K)->8280K(8384K)
[211.436s][info][gc          ] GC(396) Pause Young (Mixed) (G1 Evacuation Pause) 612M->252M(651M) 8.079ms
[211.436s][info][gc,cpu      ] GC(396) User=0.02s Sys=0.00s Real=0.01s
[212.396s][info][gc,start    ] GC(397) Pause Young (Concurrent Start) (G1 Evacuation Pause)
[212.396s][info][gc,task     ] GC(397) Using 2 workers of 2 for evacuation
[212.401s][info][gc,phases   ] GC(397)   Pre Evacuate Collection Set: 0.29ms
[212.401s][info][gc,phases   ] GC(397)   Merge Heap Roots: 0.12ms
[212.401s][info][gc,phases   ] GC(397)   Evacuate Collection Set: 3.75ms
[212.401s][info][gc,phases   ] GC(397)   Post Evacuate Collection Set: 0.68ms
[212.401s][info][gc,phases   ] GC(397)   Other: 0.10ms
[212.401s][info][gc,heap     ] GC(397) Eden regions: 360->0(362)
[212.401s][info][gc,heap     ] GC(397) Survivor regions: 3->2(46)
[212.401s][info][gc,heap     ] GC(397) Old regions: 44->44
[212.401s][info][gc,heap     ] GC(397) Humongous regions: 207->207
[212.401s][info][gc,metaspace] GC(397) Metaspace: 56651K(57024K)->56651K(57024K) NonClass: 48370K(48640K)->48370K(48640K) Class: 8280K(8384K)->8280K(8384K)
[212.401s][info][gc          ] GC(397) Pause Young (Concurrent Start) (G1 Evacuation Pause) 612M->252M(651M) 5.120ms
[212.401s][info][gc          ] GC(398) Concurrent Mark Cycle
[212.401s][info][gc,marking  ] GC(398) Concurrent Scan Root Regions
[212.402s][info][gc,cpu      ] GC(397) User=0.01s Sys=0.00s Real=0.00s
[212.407s][info][gc,marking  ] GC(398) Concurrent Scan Root Regions 5.519ms
[212.407s][info][gc,marking  ] GC(398) Concurrent Mark
[212.407s][info][gc,marking  ] GC(398) Concurrent Mark From Roots
[212.407s][info][gc,task     ] GC(398) Using 1 workers of 1 for marking
[212.468s][info][gc,marking  ] GC(398) Concurrent Mark From Roots 61.501ms
[212.468s][info][gc,marking  ] GC(398) Concurrent Preclean
[212.468s][info][gc,marking  ] GC(398) Concurrent Preclean 0.082ms
[212.469s][info][gc,start    ] GC(398) Pause Remark
[212.478s][info][gc          ] GC(398) Pause Remark 281M->281M(651M) 9.270ms
[212.478s][info][gc,cpu      ] GC(398) User=0.01s Sys=0.00s Real=0.01s
[212.478s][info][gc,marking  ] GC(398) Concurrent Mark 71.202ms
[212.478s][info][gc,marking  ] GC(398) Concurrent Rebuild Remembered Sets and Scrub Regions
[212.503s][info][gc,marking  ] GC(398) Concurrent Rebuild Remembered Sets and Scrub Regions 25.224ms
[212.503s][info][gc,start    ] GC(398) Pause Cleanup
[212.504s][info][gc          ] GC(398) Pause Cleanup 292M->292M(651M) 0.085ms
[212.504s][info][gc,cpu      ] GC(398) User=0.00s Sys=0.00s Real=0.00s
[212.504s][info][gc,marking  ] GC(398) Concurrent Clear Claimed Marks
[212.504s][info][gc,marking  ] GC(398) Concurrent Clear Claimed Marks 0.097ms
[212.504s][info][gc,marking  ] GC(398) Concurrent Cleanup for Next Mark
[212.508s][info][gc,marking  ] GC(398) Concurrent Cleanup for Next Mark 4.609ms
[212.508s][info][gc          ] GC(398) Concurrent Mark Cycle 107.120ms
[213.317s][info][gc,start    ] GC(399) Pause Young (Prepare Mixed) (G1 Evacuation Pause)
[213.317s][info][gc,task     ] GC(399) Using 2 workers of 2 for evacuation
[213.326s][info][gc,phases   ] GC(399)   Pre Evacuate Collection Set: 0.49ms
[213.326s][info][gc,phases   ] GC(399)   Merge Heap Roots: 0.17ms
[213.326s][info][gc,phases   ] GC(399)   Evacuate Collection Set: 7.18ms
[213.326s][info][gc,phases   ] GC(399)   Post Evacuate Collection Set: 0.73ms
[213.326s][info][gc,phases   ] GC(399)   Other: 0.09ms
[213.326s][info][gc,heap     ] GC(399) Eden regions: 362->0(360)
[213.326s][info][gc,heap     ] GC(399) Survivor regions: 2->3(46)
[213.326s][info][gc,heap     ] GC(399) Old regions: 44->44
[213.326s][info][gc,heap     ] GC(399) Humongous regions: 207->207
[213.326s][info][gc,metaspace] GC(399) Metaspace: 56653K(57024K)->56653K(57024K) NonClass: 48372K(48640K)->48372K(48640K) Class: 8280K(8384K)->8280K(8384K)
[213.326s][info][gc          ] GC(399) Pause Young (Prepare Mixed) (G1 Evacuation Pause) 614M->253M(651M) 8.878ms
[213.326s][info][gc,cpu      ] GC(399) User=0.01s Sys=0.00s Real=0.01s
[214.292s][info][gc,start    ] GC(400) Pause Young (Mixed) (G1 Evacuation Pause)
[214.292s][info][gc,task     ] GC(400) Using 2 workers of 2 for evacuation
[214.299s][info][gc,phases   ] GC(400)   Pre Evacuate Collection Set: 0.27ms
[214.299s][info][gc,phases   ] GC(400)   Merge Heap Roots: 0.15ms
[214.299s][info][gc,phases   ] GC(400)   Evacuate Collection Set: 5.68ms
[214.299s][info][gc,phases   ] GC(400)   Post Evacuate Collection Set: 0.73ms
[214.299s][info][gc,phases   ] GC(400)   Other: 0.09ms
[214.299s][info][gc,heap     ] GC(400) Eden regions: 360->0(362)
[214.299s][info][gc,heap     ] GC(400) Survivor regions: 3->2(46)
[214.299s][info][gc,heap     ] GC(400) Old regions: 44->44
[214.299s][info][gc,heap     ] GC(400) Humongous regions: 207->207
[214.299s][info][gc,metaspace] GC(400) Metaspace: 56653K(57024K)->56653K(57024K) NonClass: 48372K(48640K)->48372K(48640K) Class: 8280K(8384K)->8280K(8384K)
[214.300s][info][gc          ] GC(400) Pause Young (Mixed) (G1 Evacuation Pause) 613M->252M(651M) 7.117ms
[214.300s][info][gc,cpu      ] GC(400) User=0.02s Sys=0.00s Real=0.01s
[215.223s][info][gc,start    ] GC(401) Pause Young (Concurrent Start) (G1 Evacuation Pause)
[215.223s][info][gc,task     ] GC(401) Using 2 workers of 2 for evacuation
[215.231s][info][gc,phases   ] GC(401)   Pre Evacuate Collection Set: 0.29ms
[215.231s][info][gc,phases   ] GC(401)   Merge Heap Roots: 0.13ms
[215.231s][info][gc,phases   ] GC(401)   Evacuate Collection Set: 6.19ms
[215.231s][info][gc,phases   ] GC(401)   Post Evacuate Collection Set: 0.70ms
[215.231s][info][gc,phases   ] GC(401)   Other: 0.10ms
[215.231s][info][gc,heap     ] GC(401) Eden regions: 362->0(360)
[215.231s][info][gc,heap     ] GC(401) Survivor regions: 2->3(46)
[215.231s][info][gc,heap     ] GC(401) Old regions: 44->44
[215.231s][info][gc,heap     ] GC(401) Humongous regions: 207->207
[215.231s][info][gc,metaspace] GC(401) Metaspace: 56653K(57024K)->56653K(57024K) NonClass: 48372K(48640K)->48372K(48640K) Class: 8280K(8384K)->8280K(8384K)
[215.231s][info][gc          ] GC(401) Pause Young (Concurrent Start) (G1 Evacuation Pause) 614M->253M(651M) 7.593ms
[215.231s][info][gc          ] GC(402) Concurrent Mark Cycle
[215.231s][info][gc,marking  ] GC(402) Concurrent Scan Root Regions
[215.231s][info][gc,cpu      ] GC(401) User=0.01s Sys=0.00s Real=0.01s
[215.237s][info][gc,marking  ] GC(402) Concurrent Scan Root Regions 6.487ms
[215.237s][info][gc,marking  ] GC(402) Concurrent Mark
[215.237s][info][gc,marking  ] GC(402) Concurrent Mark From Roots
[215.237s][info][gc,task     ] GC(402) Using 1 workers of 1 for marking
[215.292s][info][gc,marking  ] GC(402) Concurrent Mark From Roots 54.591ms
[215.292s][info][gc,marking  ] GC(402) Concurrent Preclean
[215.292s][info][gc,marking  ] GC(402) Concurrent Preclean 0.078ms
[215.292s][info][gc,start    ] GC(402) Pause Remark
[215.302s][info][gc          ] GC(402) Pause Remark 271M->271M(651M) 9.209ms
[215.302s][info][gc,cpu      ] GC(402) User=0.02s Sys=0.00s Real=0.01s
[215.302s][info][gc,marking  ] GC(402) Concurrent Mark 64.620ms
[215.302s][info][gc,marking  ] GC(402) Concurrent Rebuild Remembered Sets and Scrub Regions
[215.343s][info][gc,marking  ] GC(402) Concurrent Rebuild Remembered Sets and Scrub Regions 40.506ms
[215.343s][info][gc,start    ] GC(402) Pause Cleanup
[215.343s][info][gc          ] GC(402) Pause Cleanup 295M->295M(651M) 0.067ms
[215.343s][info][gc,cpu      ] GC(402) User=0.00s Sys=0.00s Real=0.00s
[215.343s][info][gc,marking  ] GC(402) Concurrent Clear Claimed Marks
[215.343s][info][gc,marking  ] GC(402) Concurrent Clear Claimed Marks 0.105ms
[215.343s][info][gc,marking  ] GC(402) Concurrent Cleanup for Next Mark
[215.345s][info][gc,marking  ] GC(402) Concurrent Cleanup for Next Mark 2.068ms
[215.345s][info][gc          ] GC(402) Concurrent Mark Cycle 114.147ms
[216.198s][info][gc,start    ] GC(403) Pause Young (Prepare Mixed) (G1 Evacuation Pause)
[216.198s][info][gc,task     ] GC(403) Using 2 workers of 2 for evacuation
[216.202s][info][gc,phases   ] GC(403)   Pre Evacuate Collection Set: 0.28ms
[216.202s][info][gc,phases   ] GC(403)   Merge Heap Roots: 0.14ms
[216.202s][info][gc,phases   ] GC(403)   Evacuate Collection Set: 2.60ms
[216.202s][info][gc,phases   ] GC(403)   Post Evacuate Collection Set: 0.70ms
[216.202s][info][gc,phases   ] GC(403)   Other: 0.10ms
[216.202s][info][gc,heap     ] GC(403) Eden regions: 360->0(364)
[216.202s][info][gc,heap     ] GC(403) Survivor regions: 3->1(46)
[216.202s][info][gc,heap     ] GC(403) Old regions: 44->44
[216.202s][info][gc,heap     ] GC(403) Humongous regions: 207->207
[216.202s][info][gc,metaspace] GC(403) Metaspace: 56653K(57024K)->56653K(57024K) NonClass: 48372K(48640K)->48372K(48640K) Class: 8280K(8384K)->8280K(8384K)
[216.202s][info][gc          ] GC(403) Pause Young (Prepare Mixed) (G1 Evacuation Pause) 613M->251M(651M) 4.004ms
[216.202s][info][gc,cpu      ] GC(403) User=0.01s Sys=0.00s Real=0.00s
[217.194s][info][gc,start    ] GC(404) Pause Young (Mixed) (G1 Evacuation Pause)
[217.194s][info][gc,task     ] GC(404) Using 2 workers of 2 for evacuation
[217.203s][info][gc,phases   ] GC(404)   Pre Evacuate Collection Set: 0.30ms
[217.203s][info][gc,phases   ] GC(404)   Merge Heap Roots: 0.13ms
[217.203s][info][gc,phases   ] GC(404)   Evacuate Collection Set: 7.65ms
[217.203s][info][gc,phases   ] GC(404)   Post Evacuate Collection Set: 0.76ms
[217.203s][info][gc,phases   ] GC(404)   Other: 0.10ms
[217.204s][info][gc,heap     ] GC(404) Eden regions: 364->0(358)
[217.204s][info][gc,heap     ] GC(404) Survivor regions: 1->4(46)
[217.204s][info][gc,heap     ] GC(404) Old regions: 44->44
[217.204s][info][gc,heap     ] GC(404) Humongous regions: 207->207
[217.204s][info][gc,metaspace] GC(404) Metaspace: 56653K(57024K)->56653K(57024K) NonClass: 48372K(48640K)->48372K(48640K) Class: 8280K(8384K)->8280K(8384K)
[217.204s][info][gc          ] GC(404) Pause Young (Mixed) (G1 Evacuation Pause) 615M->253M(651M) 9.692ms
[217.204s][info][gc,cpu      ] GC(404) User=0.01s Sys=0.00s Real=0.01s
[218.085s][info][gc,start    ] GC(405) Pause Young (Concurrent Start) (G1 Evacuation Pause)
[218.085s][info][gc,task     ] GC(405) Using 2 workers of 2 for evacuation
[218.090s][info][gc,phases   ] GC(405)   Pre Evacuate Collection Set: 0.28ms
[218.090s][info][gc,phases   ] GC(405)   Merge Heap Roots: 0.14ms
[218.090s][info][gc,phases   ] GC(405)   Evacuate Collection Set: 2.85ms
[218.090s][info][gc,phases   ] GC(405)   Post Evacuate Collection Set: 0.66ms
[218.090s][info][gc,phases   ] GC(405)   Other: 0.13ms
[218.090s][info][gc,heap     ] GC(405) Eden regions: 358->0(362)
[218.090s][info][gc,heap     ] GC(405) Survivor regions: 4->2(46)
[218.090s][info][gc,heap     ] GC(405) Old regions: 44->44
[218.090s][info][gc,heap     ] GC(405) Humongous regions: 207->207
[218.090s][info][gc,metaspace] GC(405) Metaspace: 56653K(57024K)->56653K(57024K) NonClass: 48372K(48640K)->48372K(48640K) Class: 8280K(8384K)->8280K(8384K)
[218.090s][info][gc          ] GC(405) Pause Young (Concurrent Start) (G1 Evacuation Pause) 611M->251M(651M) 4.258ms
[218.090s][info][gc,cpu      ] GC(405) User=0.01s Sys=0.00s Real=0.00s
[218.090s][info][gc          ] GC(406) Concurrent Mark Cycle
[218.090s][info][gc,marking  ] GC(406) Concurrent Scan Root Regions
[218.091s][info][gc,marking  ] GC(406) Concurrent Scan Root Regions 1.707ms
[218.091s][info][gc,marking  ] GC(406) Concurrent Mark
[218.091s][info][gc,marking  ] GC(406) Concurrent Mark From Roots
[218.091s][info][gc,task     ] GC(406) Using 1 workers of 1 for marking
[218.147s][info][gc,marking  ] GC(406) Concurrent Mark From Roots 55.426ms
[218.147s][info][gc,marking  ] GC(406) Concurrent Preclean
[218.147s][info][gc,marking  ] GC(406) Concurrent Preclean 0.084ms
[218.147s][info][gc,start    ] GC(406) Pause Remark
[218.156s][info][gc          ] GC(406) Pause Remark 282M->282M(651M) 9.300ms
[218.156s][info][gc,cpu      ] GC(406) User=0.02s Sys=0.00s Real=0.01s
[218.157s][info][gc,marking  ] GC(406) Concurrent Mark 65.437ms
[218.157s][info][gc,marking  ] GC(406) Concurrent Rebuild Remembered Sets and Scrub Regions
[218.183s][info][gc,marking  ] GC(406) Concurrent Rebuild Remembered Sets and Scrub Regions 26.364ms
[218.183s][info][gc,start    ] GC(406) Pause Cleanup
[218.183s][info][gc          ] GC(406) Pause Cleanup 286M->286M(651M) 0.067ms
[218.183s][info][gc,cpu      ] GC(406) User=0.00s Sys=0.00s Real=0.00s
[218.183s][info][gc,marking  ] GC(406) Concurrent Clear Claimed Marks
[218.184s][info][gc,marking  ] GC(406) Concurrent Clear Claimed Marks 0.091ms
[218.184s][info][gc,marking  ] GC(406) Concurrent Cleanup for Next Mark
[218.186s][info][gc,marking  ] GC(406) Concurrent Cleanup for Next Mark 2.092ms
[218.186s][info][gc          ] GC(406) Concurrent Mark Cycle 96.003ms
[219.018s][info][gc,start    ] GC(407) Pause Young (Prepare Mixed) (G1 Evacuation Pause)
[219.018s][info][gc,task     ] GC(407) Using 2 workers of 2 for evacuation
[219.024s][info][gc,phases   ] GC(407)   Pre Evacuate Collection Set: 0.26ms
[219.024s][info][gc,phases   ] GC(407)   Merge Heap Roots: 0.14ms
[219.024s][info][gc,phases   ] GC(407)   Evacuate Collection Set: 5.09ms
[219.024s][info][gc,phases   ] GC(407)   Post Evacuate Collection Set: 0.69ms
[219.024s][info][gc,phases   ] GC(407)   Other: 0.08ms
[219.024s][info][gc,heap     ] GC(407) Eden regions: 362->0(360)
[219.024s][info][gc,heap     ] GC(407) Survivor regions: 2->3(46)
[219.024s][info][gc,heap     ] GC(407) Old regions: 44->44
[219.024s][info][gc,heap     ] GC(407) Humongous regions: 207->207
[219.024s][info][gc,metaspace] GC(407) Metaspace: 56653K(57024K)->56653K(57024K) NonClass: 48372K(48640K)->48372K(48640K) Class: 8280K(8384K)->8280K(8384K)
[219.024s][info][gc          ] GC(407) Pause Young (Prepare Mixed) (G1 Evacuation Pause) 613M->253M(651M) 6.455ms
[219.024s][info][gc,cpu      ] GC(407) User=0.01s Sys=0.00s Real=0.01s
[222.101s][info][gc,start    ] GC(408) Pause Young (Mixed) (G1 Evacuation Pause)
[222.101s][info][gc,task     ] GC(408) Using 2 workers of 2 for evacuation
[222.127s][info][gc,phases   ] GC(408)   Pre Evacuate Collection Set: 0.29ms
[222.127s][info][gc,phases   ] GC(408)   Merge Heap Roots: 0.49ms
[222.127s][info][gc,phases   ] GC(408)   Evacuate Collection Set: 23.84ms
[222.127s][info][gc,phases   ] GC(408)   Post Evacuate Collection Set: 0.91ms
[222.127s][info][gc,phases   ] GC(408)   Other: 0.12ms
[222.127s][info][gc,heap     ] GC(408) Eden regions: 241->0(341)
[222.127s][info][gc,heap     ] GC(408) Survivor regions: 3->25(46)
[222.127s][info][gc,heap     ] GC(408) Old regions: 44->44
[222.127s][info][gc,heap     ] GC(408) Humongous regions: 363->207
[222.127s][info][gc,metaspace] GC(408) Metaspace: 56883K(57280K)->56883K(57280K) NonClass: 48602K(48896K)->48602K(48896K) Class: 8280K(8384K)->8280K(8384K)
[222.127s][info][gc          ] GC(408) Pause Young (Mixed) (G1 Evacuation Pause) 650M->275M(677M) 25.852ms
[222.127s][info][gc,cpu      ] GC(408) User=0.03s Sys=0.02s Real=0.03s
[223.000s][info][gc,start    ] GC(409) Pause Young (Normal) (G1 Evacuation Pause)
[223.000s][info][gc,task     ] GC(409) Using 2 workers of 2 for evacuation
[223.011s][info][gc,phases   ] GC(409)   Pre Evacuate Collection Set: 0.29ms
[223.011s][info][gc,phases   ] GC(409)   Merge Heap Roots: 0.13ms
[223.011s][info][gc,phases   ] GC(409)   Evacuate Collection Set: 9.42ms
[223.011s][info][gc,phases   ] GC(409)   Post Evacuate Collection Set: 0.72ms
[223.011s][info][gc,phases   ] GC(409)   Other: 0.11ms
[223.011s][info][gc,heap     ] GC(409) Eden regions: 341->0(364)
[223.011s][info][gc,heap     ] GC(409) Survivor regions: 25->2(46)
[223.011s][info][gc,heap     ] GC(409) Old regions: 44->67
[223.011s][info][gc,heap     ] GC(409) Humongous regions: 207->207
[223.011s][info][gc,metaspace] GC(409) Metaspace: 56883K(57280K)->56883K(57280K) NonClass: 48602K(48896K)->48602K(48896K) Class: 8280K(8384K)->8280K(8384K)
[223.011s][info][gc          ] GC(409) Pause Young (Normal) (G1 Evacuation Pause) 616M->275M(677M) 10.879ms
[223.011s][info][gc,cpu      ] GC(409) User=0.02s Sys=0.00s Real=0.01s
[223.925s][info][gc,start    ] GC(410) Pause Young (Concurrent Start) (G1 Evacuation Pause)
[223.925s][info][gc,task     ] GC(410) Using 2 workers of 2 for evacuation
[223.930s][info][gc,phases   ] GC(410)   Pre Evacuate Collection Set: 0.31ms
[223.930s][info][gc,phases   ] GC(410)   Merge Heap Roots: 0.12ms
[223.930s][info][gc,phases   ] GC(410)   Evacuate Collection Set: 3.69ms
[223.930s][info][gc,phases   ] GC(410)   Post Evacuate Collection Set: 0.64ms
[223.930s][info][gc,phases   ] GC(410)   Other: 0.13ms
[223.930s][info][gc,heap     ] GC(410) Eden regions: 364->0(364)
[223.930s][info][gc,heap     ] GC(410) Survivor regions: 2->2(46)
[223.930s][info][gc,heap     ] GC(410) Old regions: 67->67
[223.930s][info][gc,heap     ] GC(410) Humongous regions: 207->207
[223.930s][info][gc,metaspace] GC(410) Metaspace: 56883K(57280K)->56883K(57280K) NonClass: 48602K(48896K)->48602K(48896K) Class: 8280K(8384K)->8280K(8384K)
[223.930s][info][gc          ] GC(410) Pause Young (Concurrent Start) (G1 Evacuation Pause) 639M->275M(677M) 5.054ms
[223.930s][info][gc,cpu      ] GC(410) User=0.01s Sys=0.00s Real=0.00s
[223.930s][info][gc          ] GC(411) Concurrent Mark Cycle
[223.930s][info][gc,marking  ] GC(411) Concurrent Scan Root Regions
[223.934s][info][gc,marking  ] GC(411) Concurrent Scan Root Regions 3.296ms
[223.934s][info][gc,marking  ] GC(411) Concurrent Mark
[223.934s][info][gc,marking  ] GC(411) Concurrent Mark From Roots
[223.934s][info][gc,task     ] GC(411) Using 1 workers of 1 for marking
[223.978s][info][gc,marking  ] GC(411) Concurrent Mark From Roots 44.127ms
[223.978s][info][gc,marking  ] GC(411) Concurrent Preclean
[223.978s][info][gc,marking  ] GC(411) Concurrent Preclean 0.064ms
[223.978s][info][gc,start    ] GC(411) Pause Remark
[223.988s][info][gc          ] GC(411) Pause Remark 284M->277M(677M) 9.660ms
[223.988s][info][gc,cpu      ] GC(411) User=0.02s Sys=0.00s Real=0.01s
[223.988s][info][gc,marking  ] GC(411) Concurrent Mark 54.438ms
[223.988s][info][gc,marking  ] GC(411) Concurrent Rebuild Remembered Sets and Scrub Regions
[224.013s][info][gc,marking  ] GC(411) Concurrent Rebuild Remembered Sets and Scrub Regions 25.149ms
[224.014s][info][gc,start    ] GC(411) Pause Cleanup
[224.014s][info][gc          ] GC(411) Pause Cleanup 291M->291M(677M) 0.089ms
[224.014s][info][gc,cpu      ] GC(411) User=0.00s Sys=0.00s Real=0.00s
[224.014s][info][gc,marking  ] GC(411) Concurrent Clear Claimed Marks
[224.014s][info][gc,marking  ] GC(411) Concurrent Clear Claimed Marks 0.095ms
[224.014s][info][gc,marking  ] GC(411) Concurrent Cleanup for Next Mark
[224.017s][info][gc,marking  ] GC(411) Concurrent Cleanup for Next Mark 2.788ms
[224.017s][info][gc          ] GC(411) Concurrent Mark Cycle 86.251ms
[224.907s][info][gc,start    ] GC(412) Pause Young (Prepare Mixed) (G1 Evacuation Pause)
[224.907s][info][gc,task     ] GC(412) Using 2 workers of 2 for evacuation
[224.911s][info][gc,phases   ] GC(412)   Pre Evacuate Collection Set: 0.27ms
[224.911s][info][gc,phases   ] GC(412)   Merge Heap Roots: 0.16ms
[224.911s][info][gc,phases   ] GC(412)   Evacuate Collection Set: 2.61ms
[224.911s][info][gc,phases   ] GC(412)   Post Evacuate Collection Set: 0.78ms
[224.911s][info][gc,phases   ] GC(412)   Other: 0.09ms
[224.911s][info][gc,heap     ] GC(412) Eden regions: 364->0(371)
[224.911s][info][gc,heap     ] GC(412) Survivor regions: 2->2(46)
[224.911s][info][gc,heap     ] GC(412) Old regions: 60->60
[224.911s][info][gc,heap     ] GC(412) Humongous regions: 207->207
[224.911s][info][gc,metaspace] GC(412) Metaspace: 56883K(57280K)->56883K(57280K) NonClass: 48602K(48896K)->48602K(48896K) Class: 8280K(8384K)->8280K(8384K)
[224.911s][info][gc          ] GC(412) Pause Young (Prepare Mixed) (G1 Evacuation Pause) 632M->267M(677M) 4.194ms
[224.911s][info][gc,cpu      ] GC(412) User=0.01s Sys=0.00s Real=0.00s
[225.886s][info][gc,start    ] GC(413) Pause Young (Mixed) (G1 Evacuation Pause)
[225.886s][info][gc,task     ] GC(413) Using 2 workers of 2 for evacuation
[225.889s][info][gc,phases   ] GC(413)   Pre Evacuate Collection Set: 0.27ms
[225.889s][info][gc,phases   ] GC(413)   Merge Heap Roots: 0.12ms
[225.889s][info][gc,phases   ] GC(413)   Evacuate Collection Set: 2.12ms
[225.889s][info][gc,phases   ] GC(413)   Post Evacuate Collection Set: 0.67ms
[225.889s][info][gc,phases   ] GC(413)   Other: 0.09ms
[225.889s][info][gc,heap     ] GC(413) Eden regions: 371->0(376)
[225.889s][info][gc,heap     ] GC(413) Survivor regions: 2->1(47)
[225.889s][info][gc,heap     ] GC(413) Old regions: 60->57
[225.889s][info][gc,heap     ] GC(413) Humongous regions: 207->207
[225.889s][info][gc,metaspace] GC(413) Metaspace: 56883K(57280K)->56883K(57280K) NonClass: 48602K(48896K)->48602K(48896K) Class: 8280K(8384K)->8280K(8384K)
[225.890s][info][gc          ] GC(413) Pause Young (Mixed) (G1 Evacuation Pause) 638M->264M(677M) 3.475ms
[225.890s][info][gc,cpu      ] GC(413) User=0.01s Sys=0.00s Real=0.00s
[226.832s][info][gc,start    ] GC(414) Pause Young (Concurrent Start) (G1 Evacuation Pause)
[226.832s][info][gc,task     ] GC(414) Using 2 workers of 2 for evacuation
[226.835s][info][gc,phases   ] GC(414)   Pre Evacuate Collection Set: 0.28ms
[226.835s][info][gc,phases   ] GC(414)   Merge Heap Roots: 0.11ms
[226.835s][info][gc,phases   ] GC(414)   Evacuate Collection Set: 2.06ms
[226.835s][info][gc,phases   ] GC(414)   Post Evacuate Collection Set: 0.70ms
[226.835s][info][gc,phases   ] GC(414)   Other: 0.12ms
[226.835s][info][gc,heap     ] GC(414) Eden regions: 376->0(376)
[226.835s][info][gc,heap     ] GC(414) Survivor regions: 1->1(48)
[226.835s][info][gc,heap     ] GC(414) Old regions: 57->57
[226.835s][info][gc,heap     ] GC(414) Humongous regions: 207->207
[226.835s][info][gc,metaspace] GC(414) Metaspace: 56883K(57280K)->56883K(57280K) NonClass: 48602K(48896K)->48602K(48896K) Class: 8280K(8384K)->8280K(8384K)
[226.835s][info][gc          ] GC(414) Pause Young (Concurrent Start) (G1 Evacuation Pause) 639M->263M(677M) 3.458ms
[226.835s][info][gc          ] GC(415) Concurrent Mark Cycle
[226.835s][info][gc,marking  ] GC(415) Concurrent Scan Root Regions
[226.835s][info][gc,cpu      ] GC(414) User=0.01s Sys=0.00s Real=0.01s
[226.837s][info][gc,marking  ] GC(415) Concurrent Scan Root Regions 1.266ms
[226.837s][info][gc,marking  ] GC(415) Concurrent Mark
[226.837s][info][gc,marking  ] GC(415) Concurrent Mark From Roots
[226.837s][info][gc,task     ] GC(415) Using 1 workers of 1 for marking
[226.879s][info][gc,marking  ] GC(415) Concurrent Mark From Roots 42.264ms
[226.879s][info][gc,marking  ] GC(415) Concurrent Preclean
[226.879s][info][gc,marking  ] GC(415) Concurrent Preclean 0.069ms
[226.879s][info][gc,start    ] GC(415) Pause Remark
[226.889s][info][gc          ] GC(415) Pause Remark 265M->265M(677M) 9.893ms
[226.889s][info][gc,cpu      ] GC(415) User=0.01s Sys=0.00s Real=0.01s
[226.891s][info][gc,marking  ] GC(415) Concurrent Mark 54.188ms
[226.891s][info][gc,marking  ] GC(415) Concurrent Rebuild Remembered Sets and Scrub Regions
[226.924s][info][gc,marking  ] GC(415) Concurrent Rebuild Remembered Sets and Scrub Regions 33.153ms
[226.925s][info][gc,start    ] GC(415) Pause Cleanup
[226.925s][info][gc          ] GC(415) Pause Cleanup 288M->288M(677M) 0.088ms
[226.925s][info][gc,cpu      ] GC(415) User=0.00s Sys=0.00s Real=0.00s
[226.925s][info][gc,marking  ] GC(415) Concurrent Clear Claimed Marks
[226.925s][info][gc,marking  ] GC(415) Concurrent Clear Claimed Marks 0.105ms
[226.925s][info][gc,marking  ] GC(415) Concurrent Cleanup for Next Mark
[226.931s][info][gc,marking  ] GC(415) Concurrent Cleanup for Next Mark 6.084ms
[226.931s][info][gc          ] GC(415) Concurrent Mark Cycle 95.658ms
[227.826s][info][gc,start    ] GC(416) Pause Young (Prepare Mixed) (G1 Evacuation Pause)
[227.826s][info][gc,task     ] GC(416) Using 2 workers of 2 for evacuation
[227.831s][info][gc,phases   ] GC(416)   Pre Evacuate Collection Set: 0.27ms
[227.831s][info][gc,phases   ] GC(416)   Merge Heap Roots: 0.15ms
[227.831s][info][gc,phases   ] GC(416)   Evacuate Collection Set: 3.39ms
[227.831s][info][gc,phases   ] GC(416)   Post Evacuate Collection Set: 0.69ms
[227.831s][info][gc,phases   ] GC(416)   Other: 0.12ms
[227.831s][info][gc,heap     ] GC(416) Eden regions: 376->0(374)
[227.831s][info][gc,heap     ] GC(416) Survivor regions: 1->2(48)
[227.831s][info][gc,heap     ] GC(416) Old regions: 57->57
[227.831s][info][gc,heap     ] GC(416) Humongous regions: 207->207
[227.831s][info][gc,metaspace] GC(416) Metaspace: 56883K(57280K)->56883K(57280K) NonClass: 48602K(48896K)->48602K(48896K) Class: 8280K(8384K)->8280K(8384K)
[227.831s][info][gc          ] GC(416) Pause Young (Prepare Mixed) (G1 Evacuation Pause) 639M->265M(677M) 4.796ms
[227.831s][info][gc,cpu      ] GC(416) User=0.01s Sys=0.01s Real=0.00s
[228.818s][info][gc,start    ] GC(417) Pause Young (Mixed) (G1 Evacuation Pause)
[228.818s][info][gc,task     ] GC(417) Using 2 workers of 2 for evacuation
[228.824s][info][gc,phases   ] GC(417)   Pre Evacuate Collection Set: 0.26ms
[228.824s][info][gc,phases   ] GC(417)   Merge Heap Roots: 0.13ms
[228.824s][info][gc,phases   ] GC(417)   Evacuate Collection Set: 4.42ms
[228.824s][info][gc,phases   ] GC(417)   Post Evacuate Collection Set: 0.68ms
[228.824s][info][gc,phases   ] GC(417)   Other: 0.11ms
[228.824s][info][gc,heap     ] GC(417) Eden regions: 374->0(375)
[228.824s][info][gc,heap     ] GC(417) Survivor regions: 2->3(47)
[228.824s][info][gc,heap     ] GC(417) Old regions: 57->54
[228.824s][info][gc,heap     ] GC(417) Humongous regions: 207->207
[228.824s][info][gc,metaspace] GC(417) Metaspace: 56885K(57280K)->56885K(57280K) NonClass: 48604K(48896K)->48604K(48896K) Class: 8280K(8384K)->8280K(8384K)
[228.824s][info][gc          ] GC(417) Pause Young (Mixed) (G1 Evacuation Pause) 639M->263M(677M) 5.800ms
[228.824s][info][gc,cpu      ] GC(417) User=0.01s Sys=0.00s Real=0.00s
[229.809s][info][gc,start    ] GC(418) Pause Young (Concurrent Start) (G1 Evacuation Pause)
[229.809s][info][gc,task     ] GC(418) Using 2 workers of 2 for evacuation
[229.815s][info][gc,phases   ] GC(418)   Pre Evacuate Collection Set: 0.31ms
[229.815s][info][gc,phases   ] GC(418)   Merge Heap Roots: 0.12ms
[229.815s][info][gc,phases   ] GC(418)   Evacuate Collection Set: 4.71ms
[229.815s][info][gc,phases   ] GC(418)   Post Evacuate Collection Set: 0.70ms
[229.815s][info][gc,phases   ] GC(418)   Other: 0.13ms
[229.815s][info][gc,heap     ] GC(418) Eden regions: 375->0(375)
[229.815s][info][gc,heap     ] GC(418) Survivor regions: 3->3(48)
[229.815s][info][gc,heap     ] GC(418) Old regions: 54->54
[229.815s][info][gc,heap     ] GC(418) Humongous regions: 207->207
[229.815s][info][gc,metaspace] GC(418) Metaspace: 56885K(57280K)->56885K(57280K) NonClass: 48604K(48896K)->48604K(48896K) Class: 8280K(8384K)->8280K(8384K)
[229.815s][info][gc          ] GC(418) Pause Young (Concurrent Start) (G1 Evacuation Pause) 638M->263M(677M) 6.154ms
[229.815s][info][gc,cpu      ] GC(418) User=0.01s Sys=0.00s Real=0.01s
[229.815s][info][gc          ] GC(419) Concurrent Mark Cycle
[229.815s][info][gc,marking  ] GC(419) Concurrent Scan Root Regions
[229.822s][info][gc,marking  ] GC(419) Concurrent Scan Root Regions 6.607ms
[229.822s][info][gc,marking  ] GC(419) Concurrent Mark
[229.822s][info][gc,marking  ] GC(419) Concurrent Mark From Roots
[229.822s][info][gc,task     ] GC(419) Using 1 workers of 1 for marking
[229.871s][info][gc,marking  ] GC(419) Concurrent Mark From Roots 49.457ms
[229.871s][info][gc,marking  ] GC(419) Concurrent Preclean
[229.871s][info][gc,marking  ] GC(419) Concurrent Preclean 0.074ms
[229.872s][info][gc,start    ] GC(419) Pause Remark
[229.881s][info][gc          ] GC(419) Pause Remark 282M->282M(677M) 9.558ms
[229.881s][info][gc,cpu      ] GC(419) User=0.02s Sys=0.00s Real=0.01s
[229.882s][info][gc,marking  ] GC(419) Concurrent Mark 59.650ms
[229.882s][info][gc,marking  ] GC(419) Concurrent Rebuild Remembered Sets and Scrub Regions
[229.921s][info][gc,marking  ] GC(419) Concurrent Rebuild Remembered Sets and Scrub Regions 39.512ms
[229.921s][info][gc,start    ] GC(419) Pause Cleanup
[229.921s][info][gc          ] GC(419) Pause Cleanup 307M->307M(677M) 0.072ms
[229.921s][info][gc,cpu      ] GC(419) User=0.00s Sys=0.00s Real=0.00s
[229.921s][info][gc,marking  ] GC(419) Concurrent Clear Claimed Marks
[229.921s][info][gc,marking  ] GC(419) Concurrent Clear Claimed Marks 0.093ms
[229.921s][info][gc,marking  ] GC(419) Concurrent Cleanup for Next Mark
[229.924s][info][gc,marking  ] GC(419) Concurrent Cleanup for Next Mark 2.080ms
[229.924s][info][gc          ] GC(419) Concurrent Mark Cycle 108.331ms
[230.802s][info][gc,start    ] GC(420) Pause Young (Prepare Mixed) (G1 Evacuation Pause)
[230.802s][info][gc,task     ] GC(420) Using 2 workers of 2 for evacuation
[230.807s][info][gc,phases   ] GC(420)   Pre Evacuate Collection Set: 0.26ms
[230.807s][info][gc,phases   ] GC(420)   Merge Heap Roots: 0.14ms
[230.807s][info][gc,phases   ] GC(420)   Evacuate Collection Set: 3.50ms
[230.807s][info][gc,phases   ] GC(420)   Post Evacuate Collection Set: 0.68ms
[230.807s][info][gc,phases   ] GC(420)   Other: 0.08ms
[230.807s][info][gc,heap     ] GC(420) Eden regions: 375->0(377)
[230.807s][info][gc,heap     ] GC(420) Survivor regions: 3->2(48)
[230.807s][info][gc,heap     ] GC(420) Old regions: 54->54
[230.807s][info][gc,heap     ] GC(420) Humongous regions: 207->207
[230.807s][info][gc,metaspace] GC(420) Metaspace: 56885K(57280K)->56885K(57280K) NonClass: 48604K(48896K)->48604K(48896K) Class: 8280K(8384K)->8280K(8384K)
[230.807s][info][gc          ] GC(420) Pause Young (Prepare Mixed) (G1 Evacuation Pause) 638M->261M(677M) 4.840ms
[230.807s][info][gc,cpu      ] GC(420) User=0.01s Sys=0.00s Real=0.01s
[231.798s][info][gc,start    ] GC(421) Pause Young (Mixed) (G1 Evacuation Pause)
[231.798s][info][gc,task     ] GC(421) Using 2 workers of 2 for evacuation
[231.803s][info][gc,phases   ] GC(421)   Pre Evacuate Collection Set: 0.27ms
[231.803s][info][gc,phases   ] GC(421)   Merge Heap Roots: 0.15ms
[231.803s][info][gc,phases   ] GC(421)   Evacuate Collection Set: 3.50ms
[231.803s][info][gc,phases   ] GC(421)   Post Evacuate Collection Set: 0.68ms
[231.803s][info][gc,phases   ] GC(421)   Other: 0.10ms
[231.803s][info][gc,heap     ] GC(421) Eden regions: 377->0(380)
[231.803s][info][gc,heap     ] GC(421) Survivor regions: 2->2(48)
[231.803s][info][gc,heap     ] GC(421) Old regions: 54->51
[231.803s][info][gc,heap     ] GC(421) Humongous regions: 207->207
[231.803s][info][gc,metaspace] GC(421) Metaspace: 56885K(57280K)->56885K(57280K) NonClass: 48604K(48896K)->48604K(48896K) Class: 8280K(8384K)->8280K(8384K)
[231.803s][info][gc          ] GC(421) Pause Young (Mixed) (G1 Evacuation Pause) 638M->258M(677M) 4.889ms
[231.803s][info][gc,cpu      ] GC(421) User=0.01s Sys=0.00s Real=0.00s
[232.798s][info][gc,start    ] GC(422) Pause Young (Concurrent Start) (G1 Evacuation Pause)
[232.798s][info][gc,task     ] GC(422) Using 2 workers of 2 for evacuation
[232.803s][info][gc,phases   ] GC(422)   Pre Evacuate Collection Set: 0.28ms
[232.803s][info][gc,phases   ] GC(422)   Merge Heap Roots: 0.14ms
[232.803s][info][gc,phases   ] GC(422)   Evacuate Collection Set: 3.48ms
[232.803s][info][gc,phases   ] GC(422)   Post Evacuate Collection Set: 0.70ms
[232.803s][info][gc,phases   ] GC(422)   Other: 0.10ms
[232.803s][info][gc,heap     ] GC(422) Eden regions: 380->0(380)
[232.803s][info][gc,heap     ] GC(422) Survivor regions: 2->2(48)
[232.803s][info][gc,heap     ] GC(422) Old regions: 51->51
[232.803s][info][gc,heap     ] GC(422) Humongous regions: 207->207
[232.803s][info][gc,metaspace] GC(422) Metaspace: 56885K(57280K)->56885K(57280K) NonClass: 48604K(48896K)->48604K(48896K) Class: 8280K(8384K)->8280K(8384K)
[232.803s][info][gc          ] GC(422) Pause Young (Concurrent Start) (G1 Evacuation Pause) 638M->258M(677M) 4.880ms
[232.803s][info][gc,cpu      ] GC(422) User=0.01s Sys=0.00s Real=0.00s
[232.803s][info][gc          ] GC(423) Concurrent Mark Cycle
[232.803s][info][gc,marking  ] GC(423) Concurrent Scan Root Regions
[232.808s][info][gc,marking  ] GC(423) Concurrent Scan Root Regions 4.537ms
[232.808s][info][gc,marking  ] GC(423) Concurrent Mark
[232.808s][info][gc,marking  ] GC(423) Concurrent Mark From Roots
[232.808s][info][gc,task     ] GC(423) Using 1 workers of 1 for marking
[232.865s][info][gc,marking  ] GC(423) Concurrent Mark From Roots 57.219ms
[232.865s][info][gc,marking  ] GC(423) Concurrent Preclean
[232.865s][info][gc,marking  ] GC(423) Concurrent Preclean 0.073ms
[232.865s][info][gc,start    ] GC(423) Pause Remark
[232.875s][info][gc          ] GC(423) Pause Remark 285M->285M(677M) 9.492ms
[232.875s][info][gc,cpu      ] GC(423) User=0.02s Sys=0.00s Real=0.01s
[232.875s][info][gc,marking  ] GC(423) Concurrent Mark 67.031ms
[232.875s][info][gc,marking  ] GC(423) Concurrent Rebuild Remembered Sets and Scrub Regions
[232.902s][info][gc,marking  ] GC(423) Concurrent Rebuild Remembered Sets and Scrub Regions 27.522ms
[232.903s][info][gc,start    ] GC(423) Pause Cleanup
[232.903s][info][gc          ] GC(423) Pause Cleanup 297M->297M(677M) 0.071ms
[232.903s][info][gc,cpu      ] GC(423) User=0.00s Sys=0.00s Real=0.00s
[232.903s][info][gc,marking  ] GC(423) Concurrent Clear Claimed Marks
[232.904s][info][gc,marking  ] GC(423) Concurrent Clear Claimed Marks 0.119ms
[232.904s][info][gc,marking  ] GC(423) Concurrent Cleanup for Next Mark
[232.908s][info][gc,marking  ] GC(423) Concurrent Cleanup for Next Mark 4.324ms
[232.908s][info][gc          ] GC(423) Concurrent Mark Cycle 104.663ms
[233.796s][info][gc,start    ] GC(424) Pause Young (Prepare Mixed) (G1 Evacuation Pause)
[233.796s][info][gc,task     ] GC(424) Using 2 workers of 2 for evacuation
[233.801s][info][gc,phases   ] GC(424)   Pre Evacuate Collection Set: 0.28ms
[233.801s][info][gc,phases   ] GC(424)   Merge Heap Roots: 0.13ms
[233.801s][info][gc,phases   ] GC(424)   Evacuate Collection Set: 3.46ms
[233.801s][info][gc,phases   ] GC(424)   Post Evacuate Collection Set: 0.70ms
[233.801s][info][gc,phases   ] GC(424)   Other: 0.10ms
[233.801s][info][gc,heap     ] GC(424) Eden regions: 380->0(380)
[233.801s][info][gc,heap     ] GC(424) Survivor regions: 2->2(48)
[233.801s][info][gc,heap     ] GC(424) Old regions: 51->51
[233.801s][info][gc,heap     ] GC(424) Humongous regions: 207->207
[233.801s][info][gc,metaspace] GC(424) Metaspace: 56885K(57280K)->56885K(57280K) NonClass: 48604K(48896K)->48604K(48896K) Class: 8280K(8384K)->8280K(8384K)
[233.801s][info][gc          ] GC(424) Pause Young (Prepare Mixed) (G1 Evacuation Pause) 638M->259M(677M) 4.864ms
[233.801s][info][gc,cpu      ] GC(424) User=0.01s Sys=0.00s Real=0.00s
[234.794s][info][gc,start    ] GC(425) Pause Young (Mixed) (G1 Evacuation Pause)
[234.794s][info][gc,task     ] GC(425) Using 2 workers of 2 for evacuation
[234.799s][info][gc,phases   ] GC(425)   Pre Evacuate Collection Set: 0.28ms
[234.799s][info][gc,phases   ] GC(425)   Merge Heap Roots: 0.15ms
[234.799s][info][gc,phases   ] GC(425)   Evacuate Collection Set: 3.55ms
[234.799s][info][gc,phases   ] GC(425)   Post Evacuate Collection Set: 0.71ms
[234.799s][info][gc,phases   ] GC(425)   Other: 0.11ms
[234.799s][info][gc,heap     ] GC(425) Eden regions: 380->0(382)
[234.799s][info][gc,heap     ] GC(425) Survivor regions: 2->2(48)
[234.799s][info][gc,heap     ] GC(425) Old regions: 51->49
[234.799s][info][gc,heap     ] GC(425) Humongous regions: 207->207
[234.799s][info][gc,metaspace] GC(425) Metaspace: 56885K(57280K)->56885K(57280K) NonClass: 48604K(48896K)->48604K(48896K) Class: 8280K(8384K)->8280K(8384K)
[234.799s][info][gc          ] GC(425) Pause Young (Mixed) (G1 Evacuation Pause) 639M->256M(677M) 4.985ms
[234.799s][info][gc,cpu      ] GC(425) User=0.01s Sys=0.01s Real=0.00s
[235.790s][info][gc,start    ] GC(426) Pause Young (Concurrent Start) (G1 Evacuation Pause)
[235.790s][info][gc,task     ] GC(426) Using 2 workers of 2 for evacuation
[235.795s][info][gc,phases   ] GC(426)   Pre Evacuate Collection Set: 0.29ms
[235.795s][info][gc,phases   ] GC(426)   Merge Heap Roots: 0.14ms
[235.795s][info][gc,phases   ] GC(426)   Evacuate Collection Set: 3.66ms
[235.795s][info][gc,phases   ] GC(426)   Post Evacuate Collection Set: 0.70ms
[235.795s][info][gc,phases   ] GC(426)   Other: 0.11ms
[235.795s][info][gc,heap     ] GC(426) Eden regions: 382->0(384)
[235.795s][info][gc,heap     ] GC(426) Survivor regions: 2->1(48)
[235.795s][info][gc,heap     ] GC(426) Old regions: 49->49
[235.795s][info][gc,heap     ] GC(426) Humongous regions: 207->207
[235.795s][info][gc,metaspace] GC(426) Metaspace: 56885K(57280K)->56885K(57280K) NonClass: 48604K(48896K)->48604K(48896K) Class: 8280K(8384K)->8280K(8384K)
[235.795s][info][gc          ] GC(426) Pause Young (Concurrent Start) (G1 Evacuation Pause) 638M->256M(677M) 5.094ms
[235.795s][info][gc,cpu      ] GC(426) User=0.01s Sys=0.00s Real=0.01s
[235.795s][info][gc          ] GC(427) Concurrent Mark Cycle
[235.795s][info][gc,marking  ] GC(427) Concurrent Scan Root Regions
[235.801s][info][gc,marking  ] GC(427) Concurrent Scan Root Regions 5.648ms
[235.801s][info][gc,marking  ] GC(427) Concurrent Mark
[235.801s][info][gc,marking  ] GC(427) Concurrent Mark From Roots
[235.801s][info][gc,task     ] GC(427) Using 1 workers of 1 for marking
[235.849s][info][gc,marking  ] GC(427) Concurrent Mark From Roots 48.498ms
[235.850s][info][gc,marking  ] GC(427) Concurrent Preclean
[235.850s][info][gc,marking  ] GC(427) Concurrent Preclean 0.073ms
[235.850s][info][gc,start    ] GC(427) Pause Remark
[235.860s][info][gc          ] GC(427) Pause Remark 283M->283M(677M) 9.819ms
[235.860s][info][gc,cpu      ] GC(427) User=0.02s Sys=0.00s Real=0.01s
[235.861s][info][gc,marking  ] GC(427) Concurrent Mark 59.966ms
[235.861s][info][gc,marking  ] GC(427) Concurrent Rebuild Remembered Sets and Scrub Regions
[235.879s][info][gc,marking  ] GC(427) Concurrent Rebuild Remembered Sets and Scrub Regions 17.642ms
[235.879s][info][gc,start    ] GC(427) Pause Cleanup
[235.879s][info][gc          ] GC(427) Pause Cleanup 288M->288M(677M) 0.068ms
[235.879s][info][gc,cpu      ] GC(427) User=0.00s Sys=0.00s Real=0.00s
[235.879s][info][gc,marking  ] GC(427) Concurrent Clear Claimed Marks
[235.879s][info][gc,marking  ] GC(427) Concurrent Clear Claimed Marks 0.127ms
[235.879s][info][gc,marking  ] GC(427) Concurrent Cleanup for Next Mark
[235.881s][info][gc,marking  ] GC(427) Concurrent Cleanup for Next Mark 2.064ms
[235.881s][info][gc          ] GC(427) Concurrent Mark Cycle 85.848ms
[236.798s][info][gc,start    ] GC(428) Pause Young (Prepare Mixed) (G1 Evacuation Pause)
[236.798s][info][gc,task     ] GC(428) Using 2 workers of 2 for evacuation
[236.803s][info][gc,phases   ] GC(428)   Pre Evacuate Collection Set: 0.27ms
[236.803s][info][gc,phases   ] GC(428)   Merge Heap Roots: 0.15ms
[236.803s][info][gc,phases   ] GC(428)   Evacuate Collection Set: 3.86ms
[236.803s][info][gc,phases   ] GC(428)   Post Evacuate Collection Set: 0.74ms
[236.803s][info][gc,phases   ] GC(428)   Other: 0.09ms
[236.803s][info][gc,heap     ] GC(428) Eden regions: 384->0(382)
[236.803s][info][gc,heap     ] GC(428) Survivor regions: 1->2(49)
[236.803s][info][gc,heap     ] GC(428) Old regions: 49->49
[236.803s][info][gc,heap     ] GC(428) Humongous regions: 207->207
[236.803s][info][gc,metaspace] GC(428) Metaspace: 56885K(57280K)->56885K(57280K) NonClass: 48604K(48896K)->48604K(48896K) Class: 8280K(8384K)->8280K(8384K)
[236.803s][info][gc          ] GC(428) Pause Young (Prepare Mixed) (G1 Evacuation Pause) 640M->257M(677M) 5.318ms
[236.803s][info][gc,cpu      ] GC(428) User=0.01s Sys=0.00s Real=0.00s
[237.796s][info][gc,start    ] GC(429) Pause Young (Mixed) (G1 Evacuation Pause)
[237.796s][info][gc,task     ] GC(429) Using 2 workers of 2 for evacuation
[237.801s][info][gc,phases   ] GC(429)   Pre Evacuate Collection Set: 0.26ms
[237.801s][info][gc,phases   ] GC(429)   Merge Heap Roots: 0.11ms
[237.801s][info][gc,phases   ] GC(429)   Evacuate Collection Set: 3.89ms
[237.801s][info][gc,phases   ] GC(429)   Post Evacuate Collection Set: 0.71ms
[237.801s][info][gc,phases   ] GC(429)   Other: 0.08ms
[237.801s][info][gc,heap     ] GC(429) Eden regions: 382->0(384)
[237.801s][info][gc,heap     ] GC(429) Survivor regions: 2->2(48)
[237.801s][info][gc,heap     ] GC(429) Old regions: 49->47
[237.801s][info][gc,heap     ] GC(429) Humongous regions: 207->207
[237.801s][info][gc,metaspace] GC(429) Metaspace: 56885K(57280K)->56885K(57280K) NonClass: 48604K(48896K)->48604K(48896K) Class: 8280K(8384K)->8280K(8384K)
[237.801s][info][gc          ] GC(429) Pause Young (Mixed) (G1 Evacuation Pause) 639M->255M(677M) 5.252ms
[237.801s][info][gc,cpu      ] GC(429) User=0.01s Sys=0.00s Real=0.00s
[238.803s][info][gc,start    ] GC(430) Pause Young (Concurrent Start) (G1 Evacuation Pause)
[238.803s][info][gc,task     ] GC(430) Using 2 workers of 2 for evacuation
[238.809s][info][gc,phases   ] GC(430)   Pre Evacuate Collection Set: 0.30ms
[238.809s][info][gc,phases   ] GC(430)   Merge Heap Roots: 0.13ms
[238.809s][info][gc,phases   ] GC(430)   Evacuate Collection Set: 3.97ms
[238.809s][info][gc,phases   ] GC(430)   Post Evacuate Collection Set: 0.70ms
[238.809s][info][gc,phases   ] GC(430)   Other: 0.13ms
[238.809s][info][gc,heap     ] GC(430) Eden regions: 384->0(382)
[238.809s][info][gc,heap     ] GC(430) Survivor regions: 2->3(49)
[238.809s][info][gc,heap     ] GC(430) Old regions: 47->47
[238.809s][info][gc,heap     ] GC(430) Humongous regions: 207->207
[238.809s][info][gc,metaspace] GC(430) Metaspace: 56885K(57280K)->56885K(57280K) NonClass: 48604K(48896K)->48604K(48896K) Class: 8280K(8384K)->8280K(8384K)
[238.809s][info][gc          ] GC(430) Pause Young (Concurrent Start) (G1 Evacuation Pause) 639M->256M(677M) 5.404ms
[238.809s][info][gc          ] GC(431) Concurrent Mark Cycle
[238.809s][info][gc,marking  ] GC(431) Concurrent Scan Root Regions
[238.811s][info][gc,cpu      ] GC(430) User=0.01s Sys=0.01s Real=0.01s
[238.814s][info][gc,marking  ] GC(431) Concurrent Scan Root Regions 5.194ms
[238.814s][info][gc,marking  ] GC(431) Concurrent Mark
[238.814s][info][gc,marking  ] GC(431) Concurrent Mark From Roots
[238.814s][info][gc,task     ] GC(431) Using 1 workers of 1 for marking
[238.873s][info][gc,marking  ] GC(431) Concurrent Mark From Roots 58.508ms
[238.873s][info][gc,marking  ] GC(431) Concurrent Preclean
[238.873s][info][gc,marking  ] GC(431) Concurrent Preclean 0.070ms
[238.873s][info][gc,start    ] GC(431) Pause Remark
[238.882s][info][gc          ] GC(431) Pause Remark 279M->279M(677M) 9.505ms
[238.882s][info][gc,cpu      ] GC(431) User=0.02s Sys=0.00s Real=0.01s
[238.883s][info][gc,marking  ] GC(431) Concurrent Mark 68.619ms
[238.883s][info][gc,marking  ] GC(431) Concurrent Rebuild Remembered Sets and Scrub Regions
[238.923s][info][gc,marking  ] GC(431) Concurrent Rebuild Remembered Sets and Scrub Regions 40.770ms
[238.924s][info][gc,start    ] GC(431) Pause Cleanup
[238.924s][info][gc          ] GC(431) Pause Cleanup 307M->307M(677M) 0.110ms
[238.924s][info][gc,cpu      ] GC(431) User=0.00s Sys=0.00s Real=0.00s
[238.924s][info][gc,marking  ] GC(431) Concurrent Clear Claimed Marks
[238.924s][info][gc,marking  ] GC(431) Concurrent Clear Claimed Marks 0.104ms
[238.924s][info][gc,marking  ] GC(431) Concurrent Cleanup for Next Mark
[238.928s][info][gc,marking  ] GC(431) Concurrent Cleanup for Next Mark 3.909ms
[238.928s][info][gc          ] GC(431) Concurrent Mark Cycle 119.485ms
[239.804s][info][gc,start    ] GC(432) Pause Young (Prepare Mixed) (G1 Evacuation Pause)
[239.804s][info][gc,task     ] GC(432) Using 2 workers of 2 for evacuation
[239.809s][info][gc,phases   ] GC(432)   Pre Evacuate Collection Set: 0.28ms
[239.809s][info][gc,phases   ] GC(432)   Merge Heap Roots: 0.15ms
[239.810s][info][gc,phases   ] GC(432)   Evacuate Collection Set: 4.40ms
[239.810s][info][gc,phases   ] GC(432)   Post Evacuate Collection Set: 0.69ms
[239.810s][info][gc,phases   ] GC(432)   Other: 0.12ms
[239.810s][info][gc,heap     ] GC(432) Eden regions: 382->0(384)
[239.810s][info][gc,heap     ] GC(432) Survivor regions: 3->2(49)
[239.810s][info][gc,heap     ] GC(432) Old regions: 47->47
[239.810s][info][gc,heap     ] GC(432) Humongous regions: 207->207
[239.810s][info][gc,metaspace] GC(432) Metaspace: 56885K(57280K)->56885K(57280K) NonClass: 48604K(48896K)->48604K(48896K) Class: 8280K(8384K)->8280K(8384K)
[239.810s][info][gc          ] GC(432) Pause Young (Prepare Mixed) (G1 Evacuation Pause) 637M->255M(677M) 5.831ms
[239.810s][info][gc,cpu      ] GC(432) User=0.01s Sys=0.00s Real=0.01s
[240.797s][info][gc,start    ] GC(433) Pause Young (Mixed) (G1 Evacuation Pause)
[240.797s][info][gc,task     ] GC(433) Using 2 workers of 2 for evacuation
[240.803s][info][gc,phases   ] GC(433)   Pre Evacuate Collection Set: 0.27ms
[240.803s][info][gc,phases   ] GC(433)   Merge Heap Roots: 0.14ms
[240.804s][info][gc,phases   ] GC(433)   Evacuate Collection Set: 5.06ms
[240.804s][info][gc,phases   ] GC(433)   Post Evacuate Collection Set: 0.72ms
[240.804s][info][gc,phases   ] GC(433)   Other: 0.10ms
[240.804s][info][gc,heap     ] GC(433) Eden regions: 384->0(385)
[240.804s][info][gc,heap     ] GC(433) Survivor regions: 2->2(49)
[240.804s][info][gc,heap     ] GC(433) Old regions: 47->46
[240.804s][info][gc,heap     ] GC(433) Humongous regions: 207->207
[240.804s][info][gc,metaspace] GC(433) Metaspace: 56885K(57280K)->56885K(57280K) NonClass: 48604K(48896K)->48604K(48896K) Class: 8280K(8384K)->8280K(8384K)
[240.804s][info][gc          ] GC(433) Pause Young (Mixed) (G1 Evacuation Pause) 639M->253M(677M) 6.484ms
[240.804s][info][gc,cpu      ] GC(433) User=0.01s Sys=0.00s Real=0.00s
[241.899s][info][gc,start    ] GC(434) Pause Young (Concurrent Start) (G1 Evacuation Pause)
[241.899s][info][gc,task     ] GC(434) Using 2 workers of 2 for evacuation
[241.904s][info][gc,phases   ] GC(434)   Pre Evacuate Collection Set: 0.32ms
[241.904s][info][gc,phases   ] GC(434)   Merge Heap Roots: 0.13ms
[241.904s][info][gc,phases   ] GC(434)   Evacuate Collection Set: 4.03ms
[241.904s][info][gc,phases   ] GC(434)   Post Evacuate Collection Set: 0.68ms
[241.904s][info][gc,phases   ] GC(434)   Other: 0.13ms
[241.904s][info][gc,heap     ] GC(434) Eden regions: 385->0(385)
[241.904s][info][gc,heap     ] GC(434) Survivor regions: 2->2(49)
[241.904s][info][gc,heap     ] GC(434) Old regions: 46->46
[241.904s][info][gc,heap     ] GC(434) Humongous regions: 207->207
[241.905s][info][gc,metaspace] GC(434) Metaspace: 56885K(57280K)->56885K(57280K) NonClass: 48604K(48896K)->48604K(48896K) Class: 8280K(8384K)->8280K(8384K)
[241.905s][info][gc          ] GC(434) Pause Young (Concurrent Start) (G1 Evacuation Pause) 638M->253M(677M) 5.479ms
[241.905s][info][gc,cpu      ] GC(434) User=0.01s Sys=0.00s Real=0.01s
[241.905s][info][gc          ] GC(435) Concurrent Mark Cycle
[241.906s][info][gc,marking  ] GC(435) Concurrent Scan Root Regions
[241.914s][info][gc,marking  ] GC(435) Concurrent Scan Root Regions 8.360ms
[241.914s][info][gc,marking  ] GC(435) Concurrent Mark
[241.914s][info][gc,marking  ] GC(435) Concurrent Mark From Roots
[241.914s][info][gc,task     ] GC(435) Using 1 workers of 1 for marking
[241.970s][info][gc,marking  ] GC(435) Concurrent Mark From Roots 56.157ms
[241.970s][info][gc,marking  ] GC(435) Concurrent Preclean
[241.970s][info][gc,marking  ] GC(435) Concurrent Preclean 0.064ms
[241.970s][info][gc,start    ] GC(435) Pause Remark
[241.980s][info][gc          ] GC(435) Pause Remark 277M->277M(677M) 9.364ms
[241.980s][info][gc,cpu      ] GC(435) User=0.02s Sys=0.00s Real=0.01s
[241.980s][info][gc,marking  ] GC(435) Concurrent Mark 65.906ms
[241.980s][info][gc,marking  ] GC(435) Concurrent Rebuild Remembered Sets and Scrub Regions
[242.010s][info][gc,marking  ] GC(435) Concurrent Rebuild Remembered Sets and Scrub Regions 30.446ms
[242.010s][info][gc,start    ] GC(435) Pause Cleanup
[242.011s][info][gc          ] GC(435) Pause Cleanup 295M->295M(677M) 0.085ms
[242.011s][info][gc,cpu      ] GC(435) User=0.00s Sys=0.00s Real=0.00s
[242.011s][info][gc,marking  ] GC(435) Concurrent Clear Claimed Marks
[242.011s][info][gc,marking  ] GC(435) Concurrent Clear Claimed Marks 0.097ms
[242.011s][info][gc,marking  ] GC(435) Concurrent Cleanup for Next Mark
[242.014s][info][gc,marking  ] GC(435) Concurrent Cleanup for Next Mark 3.184ms
[242.014s][info][gc          ] GC(435) Concurrent Mark Cycle 109.405ms
[242.910s][info][gc,start    ] GC(436) Pause Young (Prepare Mixed) (G1 Evacuation Pause)
[242.910s][info][gc,task     ] GC(436) Using 2 workers of 2 for evacuation
[242.915s][info][gc,phases   ] GC(436)   Pre Evacuate Collection Set: 0.27ms
[242.915s][info][gc,phases   ] GC(436)   Merge Heap Roots: 0.15ms
[242.915s][info][gc,phases   ] GC(436)   Evacuate Collection Set: 3.76ms
[242.915s][info][gc,phases   ] GC(436)   Post Evacuate Collection Set: 0.70ms
[242.915s][info][gc,phases   ] GC(436)   Other: 0.09ms
[242.915s][info][gc,heap     ] GC(436) Eden regions: 385->0(385)
[242.915s][info][gc,heap     ] GC(436) Survivor regions: 2->2(49)
[242.915s][info][gc,heap     ] GC(436) Old regions: 46->46
[242.915s][info][gc,heap     ] GC(436) Humongous regions: 207->207
[242.915s][info][gc,metaspace] GC(436) Metaspace: 56885K(57280K)->56885K(57280K) NonClass: 48604K(48896K)->48604K(48896K) Class: 8280K(8384K)->8280K(8384K)
[242.915s][info][gc          ] GC(436) Pause Young (Prepare Mixed) (G1 Evacuation Pause) 638M->253M(677M) 5.169ms
[242.915s][info][gc,cpu      ] GC(436) User=0.01s Sys=0.00s Real=0.01s
[243.921s][info][gc,start    ] GC(437) Pause Young (Mixed) (G1 Evacuation Pause)
[243.921s][info][gc,task     ] GC(437) Using 2 workers of 2 for evacuation
[243.930s][info][gc,phases   ] GC(437)   Pre Evacuate Collection Set: 0.29ms
[243.930s][info][gc,phases   ] GC(437)   Merge Heap Roots: 0.17ms
[243.930s][info][gc,phases   ] GC(437)   Evacuate Collection Set: 7.75ms
[243.930s][info][gc,phases   ] GC(437)   Post Evacuate Collection Set: 0.80ms
[243.930s][info][gc,phases   ] GC(437)   Other: 0.09ms
[243.930s][info][gc,heap     ] GC(437) Eden regions: 385->0(384)
[243.930s][info][gc,heap     ] GC(437) Survivor regions: 2->3(49)
[243.930s][info][gc,heap     ] GC(437) Old regions: 46->45
[243.930s][info][gc,heap     ] GC(437) Humongous regions: 207->207
[243.930s][info][gc,metaspace] GC(437) Metaspace: 56885K(57280K)->56885K(57280K) NonClass: 48604K(48896K)->48604K(48896K) Class: 8280K(8384K)->8280K(8384K)
[243.930s][info][gc          ] GC(437) Pause Young (Mixed) (G1 Evacuation Pause) 638M->253M(677M) 9.286ms
[243.930s][info][gc,cpu      ] GC(437) User=0.02s Sys=0.00s Real=0.01s
[244.988s][info][gc,start    ] GC(438) Pause Young (Concurrent Start) (G1 Evacuation Pause)
[244.989s][info][gc,task     ] GC(438) Using 2 workers of 2 for evacuation
[244.992s][info][gc,phases   ] GC(438)   Pre Evacuate Collection Set: 0.30ms
[244.993s][info][gc,phases   ] GC(438)   Merge Heap Roots: 0.12ms
[244.993s][info][gc,phases   ] GC(438)   Evacuate Collection Set: 2.67ms
[244.993s][info][gc,phases   ] GC(438)   Post Evacuate Collection Set: 0.70ms
[244.993s][info][gc,phases   ] GC(438)   Other: 0.13ms
[244.993s][info][gc,heap     ] GC(438) Eden regions: 384->0(388)
[244.993s][info][gc,heap     ] GC(438) Survivor regions: 3->1(49)
[244.993s][info][gc,heap     ] GC(438) Old regions: 45->45
[244.993s][info][gc,heap     ] GC(438) Humongous regions: 207->207
[244.993s][info][gc,metaspace] GC(438) Metaspace: 56885K(57280K)->56885K(57280K) NonClass: 48604K(48896K)->48604K(48896K) Class: 8280K(8384K)->8280K(8384K)
[244.993s][info][gc          ] GC(438) Pause Young (Concurrent Start) (G1 Evacuation Pause) 637M->252M(677M) 4.110ms
[244.993s][info][gc          ] GC(439) Concurrent Mark Cycle
[244.993s][info][gc,marking  ] GC(439) Concurrent Scan Root Regions
[244.993s][info][gc,cpu      ] GC(438) User=0.00s Sys=0.00s Real=0.00s
[244.999s][info][gc,marking  ] GC(439) Concurrent Scan Root Regions 6.589ms
[244.999s][info][gc,marking  ] GC(439) Concurrent Mark
[244.999s][info][gc,marking  ] GC(439) Concurrent Mark From Roots
[244.999s][info][gc,task     ] GC(439) Using 1 workers of 1 for marking
[245.089s][info][gc,marking  ] GC(439) Concurrent Mark From Roots 90.106ms
[245.089s][info][gc,marking  ] GC(439) Concurrent Preclean
[245.089s][info][gc,marking  ] GC(439) Concurrent Preclean 0.081ms
[245.090s][info][gc,start    ] GC(439) Pause Remark
[245.099s][info][gc          ] GC(439) Pause Remark 300M->300M(677M) 9.603ms
[245.099s][info][gc,cpu      ] GC(439) User=0.02s Sys=0.00s Real=0.01s
[245.100s][info][gc,marking  ] GC(439) Concurrent Mark 100.456ms
[245.100s][info][gc,marking  ] GC(439) Concurrent Rebuild Remembered Sets and Scrub Regions
[245.133s][info][gc,marking  ] GC(439) Concurrent Rebuild Remembered Sets and Scrub Regions 32.974ms
[245.133s][info][gc,start    ] GC(439) Pause Cleanup
[245.133s][info][gc          ] GC(439) Pause Cleanup 321M->321M(677M) 0.076ms
[245.133s][info][gc,cpu      ] GC(439) User=0.00s Sys=0.00s Real=0.00s
[245.135s][info][gc,marking  ] GC(439) Concurrent Clear Claimed Marks
[245.135s][info][gc,marking  ] GC(439) Concurrent Clear Claimed Marks 0.120ms
[245.135s][info][gc,marking  ] GC(439) Concurrent Cleanup for Next Mark
[245.137s][info][gc,marking  ] GC(439) Concurrent Cleanup for Next Mark 2.608ms
[245.137s][info][gc          ] GC(439) Concurrent Mark Cycle 144.732ms
[245.940s][info][gc,start    ] GC(440) Pause Young (Prepare Mixed) (G1 Evacuation Pause)
[245.940s][info][gc,task     ] GC(440) Using 2 workers of 2 for evacuation
[245.944s][info][gc,phases   ] GC(440)   Pre Evacuate Collection Set: 0.28ms
[245.944s][info][gc,phases   ] GC(440)   Merge Heap Roots: 0.14ms
[245.944s][info][gc,phases   ] GC(440)   Evacuate Collection Set: 2.33ms
[245.944s][info][gc,phases   ] GC(440)   Post Evacuate Collection Set: 0.70ms
[245.944s][info][gc,phases   ] GC(440)   Other: 0.09ms
[245.944s][info][gc,heap     ] GC(440) Eden regions: 388->0(388)
[245.944s][info][gc,heap     ] GC(440) Survivor regions: 1->1(49)
[245.944s][info][gc,heap     ] GC(440) Old regions: 45->45
[245.944s][info][gc,heap     ] GC(440) Humongous regions: 207->207
[245.944s][info][gc,metaspace] GC(440) Metaspace: 56885K(57280K)->56885K(57280K) NonClass: 48604K(48896K)->48604K(48896K) Class: 8280K(8384K)->8280K(8384K)
[245.944s][info][gc          ] GC(440) Pause Young (Prepare Mixed) (G1 Evacuation Pause) 640M->251M(677M) 3.714ms
[245.944s][info][gc,cpu      ] GC(440) User=0.01s Sys=0.00s Real=0.00s
[246.991s][info][gc,start    ] GC(441) Pause Young (Mixed) (G1 Evacuation Pause)
[246.991s][info][gc,task     ] GC(441) Using 2 workers of 2 for evacuation
[246.998s][info][gc,phases   ] GC(441)   Pre Evacuate Collection Set: 0.27ms
[246.998s][info][gc,phases   ] GC(441)   Merge Heap Roots: 0.14ms
[246.998s][info][gc,phases   ] GC(441)   Evacuate Collection Set: 5.86ms
[246.998s][info][gc,phases   ] GC(441)   Post Evacuate Collection Set: 0.80ms
[246.998s][info][gc,phases   ] GC(441)   Other: 0.10ms
[246.998s][info][gc,heap     ] GC(441) Eden regions: 388->0(387)
[246.998s][info][gc,heap     ] GC(441) Survivor regions: 1->2(49)
[246.998s][info][gc,heap     ] GC(441) Old regions: 45->44
[246.998s][info][gc,heap     ] GC(441) Humongous regions: 207->207
[246.998s][info][gc,metaspace] GC(441) Metaspace: 56885K(57280K)->56885K(57280K) NonClass: 48604K(48896K)->48604K(48896K) Class: 8280K(8384K)->8280K(8384K)
[246.998s][info][gc          ] GC(441) Pause Young (Mixed) (G1 Evacuation Pause) 639M->252M(677M) 7.359ms
[246.998s][info][gc,cpu      ] GC(441) User=0.01s Sys=0.00s Real=0.01s
[248.002s][info][gc,start    ] GC(442) Pause Young (Concurrent Start) (G1 Evacuation Pause)
[248.002s][info][gc,task     ] GC(442) Using 2 workers of 2 for evacuation
[248.007s][info][gc,phases   ] GC(442)   Pre Evacuate Collection Set: 0.32ms
[248.007s][info][gc,phases   ] GC(442)   Merge Heap Roots: 0.13ms
[248.007s][info][gc,phases   ] GC(442)   Evacuate Collection Set: 3.52ms
[248.007s][info][gc,phases   ] GC(442)   Post Evacuate Collection Set: 0.70ms
[248.007s][info][gc,phases   ] GC(442)   Other: 0.14ms
[248.007s][info][gc,heap     ] GC(442) Eden regions: 387->0(387)
[248.007s][info][gc,heap     ] GC(442) Survivor regions: 2->2(49)
[248.007s][info][gc,heap     ] GC(442) Old regions: 44->44
[248.007s][info][gc,heap     ] GC(442) Humongous regions: 207->207
[248.007s][info][gc,metaspace] GC(442) Metaspace: 56885K(57280K)->56885K(57280K) NonClass: 48604K(48896K)->48604K(48896K) Class: 8280K(8384K)->8280K(8384K)
[248.007s][info][gc          ] GC(442) Pause Young (Concurrent Start) (G1 Evacuation Pause) 639M->252M(677M) 4.985ms
[248.007s][info][gc          ] GC(443) Concurrent Mark Cycle
[248.007s][info][gc,marking  ] GC(443) Concurrent Scan Root Regions
[248.008s][info][gc,cpu      ] GC(442) User=0.01s Sys=0.00s Real=0.01s
[248.010s][info][gc,marking  ] GC(443) Concurrent Scan Root Regions 3.203ms
[248.010s][info][gc,marking  ] GC(443) Concurrent Mark
[248.010s][info][gc,marking  ] GC(443) Concurrent Mark From Roots
[248.010s][info][gc,task     ] GC(443) Using 1 workers of 1 for marking
[248.075s][info][gc,marking  ] GC(443) Concurrent Mark From Roots 64.652ms
[248.075s][info][gc,marking  ] GC(443) Concurrent Preclean
[248.075s][info][gc,marking  ] GC(443) Concurrent Preclean 0.069ms
[248.075s][info][gc,start    ] GC(443) Pause Remark
[248.085s][info][gc          ] GC(443) Pause Remark 279M->279M(677M) 9.855ms
[248.085s][info][gc,cpu      ] GC(443) User=0.01s Sys=0.00s Real=0.01s
[248.087s][info][gc,marking  ] GC(443) Concurrent Mark 76.313ms
[248.087s][info][gc,marking  ] GC(443) Concurrent Rebuild Remembered Sets and Scrub Regions
[248.125s][info][gc,marking  ] GC(443) Concurrent Rebuild Remembered Sets and Scrub Regions 38.436ms
[248.125s][info][gc,start    ] GC(443) Pause Cleanup
[248.125s][info][gc          ] GC(443) Pause Cleanup 303M->303M(677M) 0.094ms
[248.125s][info][gc,cpu      ] GC(443) User=0.00s Sys=0.00s Real=0.00s
[248.125s][info][gc,marking  ] GC(443) Concurrent Clear Claimed Marks
[248.126s][info][gc,marking  ] GC(443) Concurrent Clear Claimed Marks 0.120ms
[248.126s][info][gc,marking  ] GC(443) Concurrent Cleanup for Next Mark
[248.128s][info][gc,marking  ] GC(443) Concurrent Cleanup for Next Mark 2.058ms
[248.128s][info][gc          ] GC(443) Concurrent Mark Cycle 120.609ms
[249.011s][info][gc,start    ] GC(444) Pause Young (Prepare Mixed) (G1 Evacuation Pause)
[249.011s][info][gc,task     ] GC(444) Using 2 workers of 2 for evacuation
[249.016s][info][gc,phases   ] GC(444)   Pre Evacuate Collection Set: 0.31ms
[249.016s][info][gc,phases   ] GC(444)   Merge Heap Roots: 0.13ms
[249.016s][info][gc,phases   ] GC(444)   Evacuate Collection Set: 3.55ms
[249.016s][info][gc,phases   ] GC(444)   Post Evacuate Collection Set: 0.70ms
[249.016s][info][gc,phases   ] GC(444)   Other: 0.08ms
[249.016s][info][gc,heap     ] GC(444) Eden regions: 387->0(386)
[249.016s][info][gc,heap     ] GC(444) Survivor regions: 2->2(49)
[249.016s][info][gc,heap     ] GC(444) Old regions: 44->45
[249.016s][info][gc,heap     ] GC(444) Humongous regions: 207->207
[249.016s][info][gc,metaspace] GC(444) Metaspace: 56885K(57280K)->56885K(57280K) NonClass: 48604K(48896K)->48604K(48896K) Class: 8280K(8384K)->8280K(8384K)
[249.016s][info][gc          ] GC(444) Pause Young (Prepare Mixed) (G1 Evacuation Pause) 639M->252M(677M) 4.955ms
[249.016s][info][gc,cpu      ] GC(444) User=0.01s Sys=0.00s Real=0.01s
[250.033s][info][gc,start    ] GC(445) Pause Young (Mixed) (G1 Evacuation Pause)
[250.033s][info][gc,task     ] GC(445) Using 2 workers of 2 for evacuation
[250.045s][info][gc,phases   ] GC(445)   Pre Evacuate Collection Set: 0.85ms
[250.045s][info][gc,phases   ] GC(445)   Merge Heap Roots: 0.14ms
[250.045s][info][gc,phases   ] GC(445)   Evacuate Collection Set: 10.07ms
[250.045s][info][gc,phases   ] GC(445)   Post Evacuate Collection Set: 0.73ms
[250.045s][info][gc,phases   ] GC(445)   Other: 0.09ms
[250.045s][info][gc,heap     ] GC(445) Eden regions: 386->0(385)
[250.045s][info][gc,heap     ] GC(445) Survivor regions: 2->3(49)
[250.045s][info][gc,heap     ] GC(445) Old regions: 45->44
[250.045s][info][gc,heap     ] GC(445) Humongous regions: 207->207
[250.045s][info][gc,metaspace] GC(445) Metaspace: 56885K(57280K)->56885K(57280K) NonClass: 48604K(48896K)->48604K(48896K) Class: 8280K(8384K)->8280K(8384K)
[250.045s][info][gc          ] GC(445) Pause Young (Mixed) (G1 Evacuation Pause) 638M->253M(677M) 12.065ms
[250.045s][info][gc,cpu      ] GC(445) User=0.02s Sys=0.00s Real=0.02s
[251.021s][info][gc,start    ] GC(446) Pause Young (Concurrent Start) (G1 Evacuation Pause)
[251.021s][info][gc,task     ] GC(446) Using 2 workers of 2 for evacuation
[251.026s][info][gc,phases   ] GC(446)   Pre Evacuate Collection Set: 0.31ms
[251.026s][info][gc,phases   ] GC(446)   Merge Heap Roots: 0.12ms
[251.026s][info][gc,phases   ] GC(446)   Evacuate Collection Set: 4.52ms
[251.026s][info][gc,phases   ] GC(446)   Post Evacuate Collection Set: 0.70ms
[251.026s][info][gc,phases   ] GC(446)   Other: 0.12ms
[251.026s][info][gc,heap     ] GC(446) Eden regions: 385->0(387)
[251.026s][info][gc,heap     ] GC(446) Survivor regions: 3->2(49)
[251.026s][info][gc,heap     ] GC(446) Old regions: 44->44
[251.026s][info][gc,heap     ] GC(446) Humongous regions: 207->207
[251.026s][info][gc,metaspace] GC(446) Metaspace: 56885K(57280K)->56885K(57280K) NonClass: 48604K(48896K)->48604K(48896K) Class: 8280K(8384K)->8280K(8384K)
[251.026s][info][gc          ] GC(446) Pause Young (Concurrent Start) (G1 Evacuation Pause) 638M->252M(677M) 5.967ms
[251.027s][info][gc          ] GC(447) Concurrent Mark Cycle
[251.027s][info][gc,marking  ] GC(447) Concurrent Scan Root Regions
[251.027s][info][gc,cpu      ] GC(446) User=0.01s Sys=0.00s Real=0.01s
[251.031s][info][gc,marking  ] GC(447) Concurrent Scan Root Regions 4.208ms
[251.031s][info][gc,marking  ] GC(447) Concurrent Mark
[251.031s][info][gc,marking  ] GC(447) Concurrent Mark From Roots
[251.031s][info][gc,task     ] GC(447) Using 1 workers of 1 for marking
[251.076s][info][gc,marking  ] GC(447) Concurrent Mark From Roots 45.479ms
[251.076s][info][gc,marking  ] GC(447) Concurrent Preclean
[251.076s][info][gc,marking  ] GC(447) Concurrent Preclean 0.064ms
[251.076s][info][gc,start    ] GC(447) Pause Remark
[251.086s][info][gc          ] GC(447) Pause Remark 262M->262M(677M) 9.647ms
[251.086s][info][gc,cpu      ] GC(447) User=0.02s Sys=0.00s Real=0.01s
[251.086s][info][gc,marking  ] GC(447) Concurrent Mark 55.425ms
[251.086s][info][gc,marking  ] GC(447) Concurrent Rebuild Remembered Sets and Scrub Regions
[251.123s][info][gc,marking  ] GC(447) Concurrent Rebuild Remembered Sets and Scrub Regions 37.140ms
[251.127s][info][gc,start    ] GC(447) Pause Cleanup
[251.127s][info][gc          ] GC(447) Pause Cleanup 284M->284M(677M) 0.084ms
[251.127s][info][gc,cpu      ] GC(447) User=0.00s Sys=0.00s Real=0.00s
[251.127s][info][gc,marking  ] GC(447) Concurrent Clear Claimed Marks
[251.127s][info][gc,marking  ] GC(447) Concurrent Clear Claimed Marks 0.094ms
[251.127s][info][gc,marking  ] GC(447) Concurrent Cleanup for Next Mark
[251.129s][info][gc,marking  ] GC(447) Concurrent Cleanup for Next Mark 2.048ms
[251.129s][info][gc          ] GC(447) Concurrent Mark Cycle 102.544ms
[252.034s][info][gc,start    ] GC(448) Pause Young (Prepare Mixed) (G1 Evacuation Pause)
[252.034s][info][gc,task     ] GC(448) Using 2 workers of 2 for evacuation
[252.038s][info][gc,phases   ] GC(448)   Pre Evacuate Collection Set: 0.26ms
[252.038s][info][gc,phases   ] GC(448)   Merge Heap Roots: 0.14ms
[252.038s][info][gc,phases   ] GC(448)   Evacuate Collection Set: 3.14ms
[252.038s][info][gc,phases   ] GC(448)   Post Evacuate Collection Set: 0.73ms
[252.038s][info][gc,phases   ] GC(448)   Other: 0.08ms
[252.038s][info][gc,heap     ] GC(448) Eden regions: 387->0(389)
[252.038s][info][gc,heap     ] GC(448) Survivor regions: 2->1(49)
[252.038s][info][gc,heap     ] GC(448) Old regions: 44->44
[252.038s][info][gc,heap     ] GC(448) Humongous regions: 207->207
[252.038s][info][gc,metaspace] GC(448) Metaspace: 56885K(57280K)->56885K(57280K) NonClass: 48604K(48896K)->48604K(48896K) Class: 8280K(8384K)->8280K(8384K)
[252.038s][info][gc          ] GC(448) Pause Young (Prepare Mixed) (G1 Evacuation Pause) 639M->252M(677M) 4.536ms
[252.038s][info][gc,cpu      ] GC(448) User=0.01s Sys=0.00s Real=0.01s
[253.187s][info][gc,start    ] GC(449) Pause Young (Mixed) (G1 Evacuation Pause)
[253.187s][info][gc,task     ] GC(449) Using 2 workers of 2 for evacuation
[253.192s][info][gc,phases   ] GC(449)   Pre Evacuate Collection Set: 0.26ms
[253.192s][info][gc,phases   ] GC(449)   Merge Heap Roots: 0.16ms
[253.192s][info][gc,phases   ] GC(449)   Evacuate Collection Set: 4.25ms
[253.192s][info][gc,phases   ] GC(449)   Post Evacuate Collection Set: 0.73ms
[253.193s][info][gc,phases   ] GC(449)   Other: 0.08ms
[253.193s][info][gc,heap     ] GC(449) Eden regions: 389->0(389)
[253.193s][info][gc,heap     ] GC(449) Survivor regions: 1->1(49)
[253.193s][info][gc,heap     ] GC(449) Old regions: 44->44
[253.193s][info][gc,heap     ] GC(449) Humongous regions: 207->207
[253.193s][info][gc,metaspace] GC(449) Metaspace: 56885K(57280K)->56885K(57280K) NonClass: 48604K(48896K)->48604K(48896K) Class: 8280K(8384K)->8280K(8384K)
[253.193s][info][gc          ] GC(449) Pause Young (Mixed) (G1 Evacuation Pause) 641M->251M(677M) 5.692ms
[253.193s][info][gc,cpu      ] GC(449) User=0.01s Sys=0.00s Real=0.00s
[254.196s][info][gc,start    ] GC(450) Pause Young (Concurrent Start) (G1 Evacuation Pause)
[254.196s][info][gc,task     ] GC(450) Using 2 workers of 2 for evacuation
[254.201s][info][gc,phases   ] GC(450)   Pre Evacuate Collection Set: 0.37ms
[254.201s][info][gc,phases   ] GC(450)   Merge Heap Roots: 0.14ms
[254.201s][info][gc,phases   ] GC(450)   Evacuate Collection Set: 4.17ms
[254.201s][info][gc,phases   ] GC(450)   Post Evacuate Collection Set: 0.73ms
[254.201s][info][gc,phases   ] GC(450)   Other: 0.11ms
[254.201s][info][gc,heap     ] GC(450) Eden regions: 389->0(385)
[254.201s][info][gc,heap     ] GC(450) Survivor regions: 1->3(49)
[254.201s][info][gc,heap     ] GC(450) Old regions: 44->44
[254.201s][info][gc,heap     ] GC(450) Humongous regions: 207->207
[254.201s][info][gc,metaspace] GC(450) Metaspace: 56885K(57280K)->56885K(57280K) NonClass: 48604K(48896K)->48604K(48896K) Class: 8280K(8384K)->8280K(8384K)
[254.201s][info][gc          ] GC(450) Pause Young (Concurrent Start) (G1 Evacuation Pause) 640M->253M(677M) 5.701ms
[254.201s][info][gc,cpu      ] GC(450) User=0.01s Sys=0.00s Real=0.00s
[254.201s][info][gc          ] GC(451) Concurrent Mark Cycle
[254.201s][info][gc,marking  ] GC(451) Concurrent Scan Root Regions
[254.207s][info][gc,marking  ] GC(451) Concurrent Scan Root Regions 5.873ms
[254.207s][info][gc,marking  ] GC(451) Concurrent Mark
[254.207s][info][gc,marking  ] GC(451) Concurrent Mark From Roots
[254.207s][info][gc,task     ] GC(451) Using 1 workers of 1 for marking
[254.268s][info][gc,marking  ] GC(451) Concurrent Mark From Roots 60.862ms
[254.268s][info][gc,marking  ] GC(451) Concurrent Preclean
[254.268s][info][gc,marking  ] GC(451) Concurrent Preclean 0.067ms
[254.269s][info][gc,start    ] GC(451) Pause Remark
[254.279s][info][gc          ] GC(451) Pause Remark 282M->282M(677M) 10.036ms
[254.279s][info][gc,cpu      ] GC(451) User=0.02s Sys=0.00s Real=0.01s
[254.279s][info][gc,marking  ] GC(451) Concurrent Mark 71.957ms
[254.279s][info][gc,marking  ] GC(451) Concurrent Rebuild Remembered Sets and Scrub Regions
[254.317s][info][gc,marking  ] GC(451) Concurrent Rebuild Remembered Sets and Scrub Regions 37.718ms
[254.317s][info][gc,start    ] GC(451) Pause Cleanup
[254.317s][info][gc          ] GC(451) Pause Cleanup 305M->305M(677M) 0.074ms
[254.317s][info][gc,cpu      ] GC(451) User=0.00s Sys=0.00s Real=0.00s
[254.317s][info][gc,marking  ] GC(451) Concurrent Clear Claimed Marks
[254.317s][info][gc,marking  ] GC(451) Concurrent Clear Claimed Marks 0.098ms
[254.317s][info][gc,marking  ] GC(451) Concurrent Cleanup for Next Mark
[254.323s][info][gc,marking  ] GC(451) Concurrent Cleanup for Next Mark 5.730ms
[254.323s][info][gc          ] GC(451) Concurrent Mark Cycle 121.770ms
[255.207s][info][gc,start    ] GC(452) Pause Young (Prepare Mixed) (G1 Evacuation Pause)
[255.207s][info][gc,task     ] GC(452) Using 2 workers of 2 for evacuation
[255.236s][info][gc,phases   ] GC(452)   Pre Evacuate Collection Set: 2.16ms
[255.236s][info][gc,phases   ] GC(452)   Merge Heap Roots: 0.59ms
[255.236s][info][gc,phases   ] GC(452)   Evacuate Collection Set: 25.56ms
[255.236s][info][gc,phases   ] GC(452)   Post Evacuate Collection Set: 1.14ms
[255.236s][info][gc,phases   ] GC(452)   Other: 0.10ms
[255.236s][info][gc,heap     ] GC(452) Eden regions: 385->0(383)
[255.237s][info][gc,heap     ] GC(452) Survivor regions: 3->4(49)
[255.237s][info][gc,heap     ] GC(452) Old regions: 44->44
[255.237s][info][gc,heap     ] GC(452) Humongous regions: 207->207
[255.237s][info][gc,metaspace] GC(452) Metaspace: 56885K(57280K)->56885K(57280K) NonClass: 48604K(48896K)->48604K(48896K) Class: 8280K(8384K)->8280K(8384K)
[255.237s][info][gc          ] GC(452) Pause Young (Prepare Mixed) (G1 Evacuation Pause) 638M->254M(677M) 29.846ms
[255.237s][info][gc,cpu      ] GC(452) User=0.03s Sys=0.00s Real=0.03s
[256.201s][info][gc,start    ] GC(453) Pause Young (Mixed) (G1 Evacuation Pause)
[256.201s][info][gc,task     ] GC(453) Using 2 workers of 2 for evacuation
[256.209s][info][gc,phases   ] GC(453)   Pre Evacuate Collection Set: 0.27ms
[256.209s][info][gc,phases   ] GC(453)   Merge Heap Roots: 0.15ms
[256.209s][info][gc,phases   ] GC(453)   Evacuate Collection Set: 6.70ms
[256.209s][info][gc,phases   ] GC(453)   Post Evacuate Collection Set: 0.75ms
[256.209s][info][gc,phases   ] GC(453)   Other: 0.12ms
[256.209s][info][gc,heap     ] GC(453) Eden regions: 383->0(387)
[256.209s][info][gc,heap     ] GC(453) Survivor regions: 4->2(49)
[256.209s][info][gc,heap     ] GC(453) Old regions: 44->44
[256.209s][info][gc,heap     ] GC(453) Humongous regions: 207->207
[256.209s][info][gc,metaspace] GC(453) Metaspace: 56885K(57280K)->56885K(57280K) NonClass: 48604K(48896K)->48604K(48896K) Class: 8280K(8384K)->8280K(8384K)
[256.209s][info][gc          ] GC(453) Pause Young (Mixed) (G1 Evacuation Pause) 637M->252M(677M) 8.180ms
[256.209s][info][gc,cpu      ] GC(453) User=0.01s Sys=0.00s Real=0.01s
[257.225s][info][gc,start    ] GC(454) Pause Young (Concurrent Start) (G1 Evacuation Pause)
[257.226s][info][gc,task     ] GC(454) Using 2 workers of 2 for evacuation
[257.230s][info][gc,phases   ] GC(454)   Pre Evacuate Collection Set: 0.32ms
[257.230s][info][gc,phases   ] GC(454)   Merge Heap Roots: 0.12ms
[257.230s][info][gc,phases   ] GC(454)   Evacuate Collection Set: 3.68ms
[257.230s][info][gc,phases   ] GC(454)   Post Evacuate Collection Set: 0.69ms
[257.230s][info][gc,phases   ] GC(454)   Other: 0.10ms
[257.231s][info][gc,heap     ] GC(454) Eden regions: 387->0(387)
[257.231s][info][gc,heap     ] GC(454) Survivor regions: 2->2(49)
[257.231s][info][gc,heap     ] GC(454) Old regions: 44->44
[257.231s][info][gc,heap     ] GC(454) Humongous regions: 207->207
[257.231s][info][gc,metaspace] GC(454) Metaspace: 56886K(57280K)->56886K(57280K) NonClass: 48605K(48896K)->48605K(48896K) Class: 8280K(8384K)->8280K(8384K)
[257.231s][info][gc          ] GC(454) Pause Young (Concurrent Start) (G1 Evacuation Pause) 639M->252M(677M) 5.118ms
[257.231s][info][gc,cpu      ] GC(454) User=0.01s Sys=0.00s Real=0.00s
[257.231s][info][gc          ] GC(455) Concurrent Mark Cycle
[257.232s][info][gc,marking  ] GC(455) Concurrent Scan Root Regions
[257.235s][info][gc,marking  ] GC(455) Concurrent Scan Root Regions 3.017ms
[257.235s][info][gc,marking  ] GC(455) Concurrent Mark
[257.235s][info][gc,marking  ] GC(455) Concurrent Mark From Roots
[257.235s][info][gc,task     ] GC(455) Using 1 workers of 1 for marking
[257.305s][info][gc,marking  ] GC(455) Concurrent Mark From Roots 70.158ms
[257.305s][info][gc,marking  ] GC(455) Concurrent Preclean
[257.305s][info][gc,marking  ] GC(455) Concurrent Preclean 0.086ms
[257.306s][info][gc,start    ] GC(455) Pause Remark
[257.316s][info][gc          ] GC(455) Pause Remark 281M->281M(677M) 9.871ms
[257.316s][info][gc,cpu      ] GC(455) User=0.02s Sys=0.00s Real=0.01s
[257.316s][info][gc,marking  ] GC(455) Concurrent Mark 80.579ms
[257.316s][info][gc,marking  ] GC(455) Concurrent Rebuild Remembered Sets and Scrub Regions
[257.352s][info][gc,marking  ] GC(455) Concurrent Rebuild Remembered Sets and Scrub Regions 35.763ms
[257.352s][info][gc,start    ] GC(455) Pause Cleanup
[257.352s][info][gc          ] GC(455) Pause Cleanup 304M->304M(677M) 0.091ms
[257.352s][info][gc,cpu      ] GC(455) User=0.00s Sys=0.00s Real=0.00s
[257.353s][info][gc,marking  ] GC(455) Concurrent Clear Claimed Marks
[257.353s][info][gc,marking  ] GC(455) Concurrent Clear Claimed Marks 0.101ms
[257.353s][info][gc,marking  ] GC(455) Concurrent Cleanup for Next Mark
[257.355s][info][gc,marking  ] GC(455) Concurrent Cleanup for Next Mark 2.053ms
[257.355s][info][gc          ] GC(455) Concurrent Mark Cycle 124.507ms
[258.276s][info][gc,start    ] GC(456) Pause Young (Prepare Mixed) (G1 Evacuation Pause)
[258.276s][info][gc,task     ] GC(456) Using 2 workers of 2 for evacuation
[258.282s][info][gc,phases   ] GC(456)   Pre Evacuate Collection Set: 0.27ms
[258.282s][info][gc,phases   ] GC(456)   Merge Heap Roots: 0.14ms
[258.282s][info][gc,phases   ] GC(456)   Evacuate Collection Set: 4.38ms
[258.282s][info][gc,phases   ] GC(456)   Post Evacuate Collection Set: 0.71ms
[258.282s][info][gc,phases   ] GC(456)   Other: 0.09ms
[258.282s][info][gc,heap     ] GC(456) Eden regions: 387->0(387)
[258.282s][info][gc,heap     ] GC(456) Survivor regions: 2->2(49)
[258.282s][info][gc,heap     ] GC(456) Old regions: 44->44
[258.282s][info][gc,heap     ] GC(456) Humongous regions: 207->207
[258.282s][info][gc,metaspace] GC(456) Metaspace: 56886K(57280K)->56886K(57280K) NonClass: 48605K(48896K)->48605K(48896K) Class: 8280K(8384K)->8280K(8384K)
[258.282s][info][gc          ] GC(456) Pause Young (Prepare Mixed) (G1 Evacuation Pause) 639M->252M(677M) 5.801ms
[258.282s][info][gc,cpu      ] GC(456) User=0.01s Sys=0.00s Real=0.00s
[259.294s][info][gc,start    ] GC(457) Pause Young (Mixed) (G1 Evacuation Pause)
[259.294s][info][gc,task     ] GC(457) Using 2 workers of 2 for evacuation
[259.299s][info][gc,phases   ] GC(457)   Pre Evacuate Collection Set: 0.29ms
[259.299s][info][gc,phases   ] GC(457)   Merge Heap Roots: 0.14ms
[259.299s][info][gc,phases   ] GC(457)   Evacuate Collection Set: 4.11ms
[259.299s][info][gc,phases   ] GC(457)   Post Evacuate Collection Set: 0.70ms
[259.299s][info][gc,phases   ] GC(457)   Other: 0.09ms
[259.299s][info][gc,heap     ] GC(457) Eden regions: 387->0(387)
[259.299s][info][gc,heap     ] GC(457) Survivor regions: 2->2(49)
[259.299s][info][gc,heap     ] GC(457) Old regions: 44->44
[259.299s][info][gc,heap     ] GC(457) Humongous regions: 207->207
[259.299s][info][gc,metaspace] GC(457) Metaspace: 56886K(57280K)->56886K(57280K) NonClass: 48605K(48896K)->48605K(48896K) Class: 8280K(8384K)->8280K(8384K)
[259.299s][info][gc          ] GC(457) Pause Young (Mixed) (G1 Evacuation Pause) 639M->252M(677M) 5.512ms
[259.299s][info][gc,cpu      ] GC(457) User=0.00s Sys=0.00s Real=0.01s
[260.238s][info][gc,start    ] GC(458) Pause Young (Concurrent Start) (G1 Evacuation Pause)
[260.238s][info][gc,task     ] GC(458) Using 2 workers of 2 for evacuation
[260.242s][info][gc,phases   ] GC(458)   Pre Evacuate Collection Set: 0.28ms
[260.242s][info][gc,phases   ] GC(458)   Merge Heap Roots: 0.13ms
[260.242s][info][gc,phases   ] GC(458)   Evacuate Collection Set: 2.53ms
[260.242s][info][gc,phases   ] GC(458)   Post Evacuate Collection Set: 0.69ms
[260.242s][info][gc,phases   ] GC(458)   Other: 0.11ms
[260.242s][info][gc,heap     ] GC(458) Eden regions: 387->0(389)
[260.242s][info][gc,heap     ] GC(458) Survivor regions: 2->1(49)
[260.242s][info][gc,heap     ] GC(458) Old regions: 44->44
[260.242s][info][gc,heap     ] GC(458) Humongous regions: 207->207
[260.242s][info][gc,metaspace] GC(458) Metaspace: 56886K(57280K)->56886K(57280K) NonClass: 48605K(48896K)->48605K(48896K) Class: 8280K(8384K)->8280K(8384K)
[260.242s][info][gc          ] GC(458) Pause Young (Concurrent Start) (G1 Evacuation Pause) 639M->251M(677M) 3.936ms
[260.242s][info][gc          ] GC(459) Concurrent Mark Cycle
[260.242s][info][gc,marking  ] GC(459) Concurrent Scan Root Regions
[260.243s][info][gc,cpu      ] GC(458) User=0.00s Sys=0.00s Real=0.00s
[260.244s][info][gc,marking  ] GC(459) Concurrent Scan Root Regions 1.738ms
[260.244s][info][gc,marking  ] GC(459) Concurrent Mark
[260.244s][info][gc,marking  ] GC(459) Concurrent Mark From Roots
[260.244s][info][gc,task     ] GC(459) Using 1 workers of 1 for marking
[260.285s][info][gc,marking  ] GC(459) Concurrent Mark From Roots 41.616ms
[260.285s][info][gc,marking  ] GC(459) Concurrent Preclean
[260.285s][info][gc,marking  ] GC(459) Concurrent Preclean 0.076ms
[260.286s][info][gc,start    ] GC(459) Pause Remark
[260.295s][info][gc          ] GC(459) Pause Remark 254M->254M(677M) 9.510ms
[260.295s][info][gc,cpu      ] GC(459) User=0.02s Sys=0.00s Real=0.01s
[260.296s][info][gc,marking  ] GC(459) Concurrent Mark 52.000ms
[260.296s][info][gc,marking  ] GC(459) Concurrent Rebuild Remembered Sets and Scrub Regions
[260.375s][info][gc,marking  ] GC(459) Concurrent Rebuild Remembered Sets and Scrub Regions 79.236ms
[260.376s][info][gc,start    ] GC(459) Pause Cleanup
[260.376s][info][gc          ] GC(459) Pause Cleanup 273M->273M(677M) 0.119ms
[260.376s][info][gc,cpu      ] GC(459) User=0.00s Sys=0.00s Real=0.00s
[260.378s][info][gc,marking  ] GC(459) Concurrent Clear Claimed Marks
[260.378s][info][gc,marking  ] GC(459) Concurrent Clear Claimed Marks 0.135ms
[260.378s][info][gc,marking  ] GC(459) Concurrent Cleanup for Next Mark
[260.391s][info][gc,marking  ] GC(459) Concurrent Cleanup for Next Mark 13.384ms
[260.391s][info][gc          ] GC(459) Concurrent Mark Cycle 149.444ms
[261.312s][info][gc,start    ] GC(460) Pause Young (Prepare Mixed) (G1 Evacuation Pause)
[261.312s][info][gc,task     ] GC(460) Using 2 workers of 2 for evacuation
[261.320s][info][gc,phases   ] GC(460)   Pre Evacuate Collection Set: 0.28ms
[261.320s][info][gc,phases   ] GC(460)   Merge Heap Roots: 0.14ms
[261.320s][info][gc,phases   ] GC(460)   Evacuate Collection Set: 7.29ms
[261.320s][info][gc,phases   ] GC(460)   Post Evacuate Collection Set: 0.69ms
[261.320s][info][gc,phases   ] GC(460)   Other: 0.11ms
[261.320s][info][gc,heap     ] GC(460) Eden regions: 389->0(381)
[261.320s][info][gc,heap     ] GC(460) Survivor regions: 1->5(49)
[261.320s][info][gc,heap     ] GC(460) Old regions: 44->44
[261.320s][info][gc,heap     ] GC(460) Humongous regions: 207->207
[261.320s][info][gc,metaspace] GC(460) Metaspace: 56886K(57280K)->56886K(57280K) NonClass: 48605K(48896K)->48605K(48896K) Class: 8280K(8384K)->8280K(8384K)
[261.321s][info][gc          ] GC(460) Pause Young (Prepare Mixed) (G1 Evacuation Pause) 640M->255M(677M) 8.721ms
[261.321s][info][gc,cpu      ] GC(460) User=0.01s Sys=0.00s Real=0.01s
[262.292s][info][gc,start    ] GC(461) Pause Young (Mixed) (G1 Evacuation Pause)
[262.292s][info][gc,task     ] GC(461) Using 2 workers of 2 for evacuation
[262.301s][info][gc,phases   ] GC(461)   Pre Evacuate Collection Set: 0.27ms
[262.301s][info][gc,phases   ] GC(461)   Merge Heap Roots: 0.21ms
[262.301s][info][gc,phases   ] GC(461)   Evacuate Collection Set: 7.97ms
[262.301s][info][gc,phases   ] GC(461)   Post Evacuate Collection Set: 0.83ms
[262.301s][info][gc,phases   ] GC(461)   Other: 0.08ms
[262.301s][info][gc,heap     ] GC(461) Eden regions: 381->0(387)
[262.301s][info][gc,heap     ] GC(461) Survivor regions: 5->2(49)
[262.301s][info][gc,heap     ] GC(461) Old regions: 44->44
[262.301s][info][gc,heap     ] GC(461) Humongous regions: 207->207
[262.301s][info][gc,metaspace] GC(461) Metaspace: 56886K(57280K)->56886K(57280K) NonClass: 48605K(48896K)->48605K(48896K) Class: 8280K(8384K)->8280K(8384K)
[262.302s][info][gc          ] GC(461) Pause Young (Mixed) (G1 Evacuation Pause) 636M->251M(677M) 9.563ms
[262.302s][info][gc,cpu      ] GC(461) User=0.02s Sys=0.00s Real=0.01s
[263.326s][info][gc,start    ] GC(462) Pause Young (Concurrent Start) (G1 Evacuation Pause)
[263.326s][info][gc,task     ] GC(462) Using 2 workers of 2 for evacuation
[263.341s][info][gc,phases   ] GC(462)   Pre Evacuate Collection Set: 2.38ms
[263.341s][info][gc,phases   ] GC(462)   Merge Heap Roots: 0.12ms
[263.341s][info][gc,phases   ] GC(462)   Evacuate Collection Set: 11.20ms
[263.341s][info][gc,phases   ] GC(462)   Post Evacuate Collection Set: 1.29ms
[263.341s][info][gc,phases   ] GC(462)   Other: 0.14ms
[263.341s][info][gc,heap     ] GC(462) Eden regions: 387->0(383)
[263.341s][info][gc,heap     ] GC(462) Survivor regions: 2->4(49)
[263.341s][info][gc,heap     ] GC(462) Old regions: 44->44
[263.341s][info][gc,heap     ] GC(462) Humongous regions: 207->207
[263.341s][info][gc,metaspace] GC(462) Metaspace: 56886K(57280K)->56886K(57280K) NonClass: 48605K(48896K)->48605K(48896K) Class: 8280K(8384K)->8280K(8384K)
[263.341s][info][gc          ] GC(462) Pause Young (Concurrent Start) (G1 Evacuation Pause) 638M->254M(677M) 15.386ms
[263.341s][info][gc,cpu      ] GC(462) User=0.01s Sys=0.00s Real=0.01s
[263.341s][info][gc          ] GC(463) Concurrent Mark Cycle
[263.343s][info][gc,marking  ] GC(463) Concurrent Scan Root Regions
[263.348s][info][gc,marking  ] GC(463) Concurrent Scan Root Regions 4.711ms
[263.348s][info][gc,marking  ] GC(463) Concurrent Mark
[263.348s][info][gc,marking  ] GC(463) Concurrent Mark From Roots
[263.348s][info][gc,task     ] GC(463) Using 1 workers of 1 for marking
[263.406s][info][gc,marking  ] GC(463) Concurrent Mark From Roots 58.183ms
[263.406s][info][gc,marking  ] GC(463) Concurrent Preclean
[263.406s][info][gc,marking  ] GC(463) Concurrent Preclean 0.071ms
[263.406s][info][gc,start    ] GC(463) Pause Remark
[263.417s][info][gc          ] GC(463) Pause Remark 282M->282M(677M) 10.209ms
[263.417s][info][gc,cpu      ] GC(463) User=0.02s Sys=0.00s Real=0.01s
[263.417s][info][gc,marking  ] GC(463) Concurrent Mark 69.101ms
[263.417s][info][gc,marking  ] GC(463) Concurrent Rebuild Remembered Sets and Scrub Regions
[263.437s][info][gc,marking  ] GC(463) Concurrent Rebuild Remembered Sets and Scrub Regions 20.425ms
[263.437s][info][gc,start    ] GC(463) Pause Cleanup
[263.437s][info][gc          ] GC(463) Pause Cleanup 292M->292M(677M) 0.069ms
[263.437s][info][gc,cpu      ] GC(463) User=0.00s Sys=0.00s Real=0.00s
[263.437s][info][gc,marking  ] GC(463) Concurrent Clear Claimed Marks
[263.437s][info][gc,marking  ] GC(463) Concurrent Clear Claimed Marks 0.091ms
[263.437s][info][gc,marking  ] GC(463) Concurrent Cleanup for Next Mark
[263.440s][info][gc,marking  ] GC(463) Concurrent Cleanup for Next Mark 2.151ms
[263.440s][info][gc          ] GC(463) Concurrent Mark Cycle 98.340ms
[264.312s][info][gc,start    ] GC(464) Pause Young (Prepare Mixed) (G1 Evacuation Pause)
[264.312s][info][gc,task     ] GC(464) Using 2 workers of 2 for evacuation
[264.329s][info][gc,phases   ] GC(464)   Pre Evacuate Collection Set: 2.10ms
[264.329s][info][gc,phases   ] GC(464)   Merge Heap Roots: 4.45ms
[264.329s][info][gc,phases   ] GC(464)   Evacuate Collection Set: 8.86ms
[264.329s][info][gc,phases   ] GC(464)   Post Evacuate Collection Set: 1.29ms
[264.329s][info][gc,phases   ] GC(464)   Other: 0.10ms
[264.329s][info][gc,heap     ] GC(464) Eden regions: 383->0(385)
[264.329s][info][gc,heap     ] GC(464) Survivor regions: 4->3(49)
[264.329s][info][gc,heap     ] GC(464) Old regions: 44->44
[264.329s][info][gc,heap     ] GC(464) Humongous regions: 207->207
[264.329s][info][gc,metaspace] GC(464) Metaspace: 56886K(57280K)->56886K(57280K) NonClass: 48605K(48896K)->48605K(48896K) Class: 8280K(8384K)->8280K(8384K)
[264.329s][info][gc          ] GC(464) Pause Young (Prepare Mixed) (G1 Evacuation Pause) 637M->253M(677M) 17.001ms
[264.329s][info][gc,cpu      ] GC(464) User=0.01s Sys=0.00s Real=0.02s
[265.312s][info][gc,start    ] GC(465) Pause Young (Mixed) (G1 Evacuation Pause)
[265.312s][info][gc,task     ] GC(465) Using 2 workers of 2 for evacuation
[265.326s][info][gc,phases   ] GC(465)   Pre Evacuate Collection Set: 0.37ms
[265.327s][info][gc,phases   ] GC(465)   Merge Heap Roots: 0.15ms
[265.327s][info][gc,phases   ] GC(465)   Evacuate Collection Set: 12.70ms
[265.327s][info][gc,phases   ] GC(465)   Post Evacuate Collection Set: 1.19ms
[265.327s][info][gc,phases   ] GC(465)   Other: 0.10ms
[265.327s][info][gc,heap     ] GC(465) Eden regions: 385->0(385)
[265.327s][info][gc,heap     ] GC(465) Survivor regions: 3->3(49)
[265.327s][info][gc,heap     ] GC(465) Old regions: 44->44
[265.327s][info][gc,heap     ] GC(465) Humongous regions: 207->207
[265.327s][info][gc,metaspace] GC(465) Metaspace: 56886K(57280K)->56886K(57280K) NonClass: 48605K(48896K)->48605K(48896K) Class: 8280K(8384K)->8280K(8384K)
[265.327s][info][gc          ] GC(465) Pause Young (Mixed) (G1 Evacuation Pause) 638M->253M(677M) 14.712ms
[265.327s][info][gc,cpu      ] GC(465) User=0.02s Sys=0.00s Real=0.02s
[266.309s][info][gc,start    ] GC(466) Pause Young (Concurrent Start) (G1 Evacuation Pause)
[266.309s][info][gc,task     ] GC(466) Using 2 workers of 2 for evacuation
[266.320s][info][gc,phases   ] GC(466)   Pre Evacuate Collection Set: 0.34ms
[266.320s][info][gc,phases   ] GC(466)   Merge Heap Roots: 0.14ms
[266.320s][info][gc,phases   ] GC(466)   Evacuate Collection Set: 9.14ms
[266.320s][info][gc,phases   ] GC(466)   Post Evacuate Collection Set: 1.03ms
[266.320s][info][gc,phases   ] GC(466)   Other: 0.14ms
[266.320s][info][gc,heap     ] GC(466) Eden regions: 385->0(385)
[266.320s][info][gc,heap     ] GC(466) Survivor regions: 3->3(49)
[266.320s][info][gc,heap     ] GC(466) Old regions: 44->44
[266.320s][info][gc,heap     ] GC(466) Humongous regions: 207->207
[266.320s][info][gc,metaspace] GC(466) Metaspace: 56886K(57280K)->56886K(57280K) NonClass: 48605K(48896K)->48605K(48896K) Class: 8280K(8384K)->8280K(8384K)
[266.320s][info][gc          ] GC(466) Pause Young (Concurrent Start) (G1 Evacuation Pause) 638M->253M(677M) 10.965ms
[266.320s][info][gc,cpu      ] GC(466) User=0.01s Sys=0.00s Real=0.01s
[266.320s][info][gc          ] GC(467) Concurrent Mark Cycle
[266.320s][info][gc,marking  ] GC(467) Concurrent Scan Root Regions
[266.330s][info][gc,marking  ] GC(467) Concurrent Scan Root Regions 9.685ms
[266.330s][info][gc,marking  ] GC(467) Concurrent Mark
[266.330s][info][gc,marking  ] GC(467) Concurrent Mark From Roots
[266.330s][info][gc,task     ] GC(467) Using 1 workers of 1 for marking
[266.392s][info][gc,marking  ] GC(467) Concurrent Mark From Roots 61.557ms
[266.392s][info][gc,marking  ] GC(467) Concurrent Preclean
[266.392s][info][gc,marking  ] GC(467) Concurrent Preclean 0.065ms
[266.392s][info][gc,start    ] GC(467) Pause Remark
[266.402s][info][gc          ] GC(467) Pause Remark 279M->279M(677M) 9.712ms
[266.402s][info][gc,cpu      ] GC(467) User=0.02s Sys=0.00s Real=0.01s
[266.402s][info][gc,marking  ] GC(467) Concurrent Mark 72.160ms
[266.402s][info][gc,marking  ] GC(467) Concurrent Rebuild Remembered Sets and Scrub Regions
[266.422s][info][gc,marking  ] GC(467) Concurrent Rebuild Remembered Sets and Scrub Regions 19.199ms
[266.422s][info][gc,start    ] GC(467) Pause Cleanup
[266.422s][info][gc          ] GC(467) Pause Cleanup 288M->288M(677M) 0.073ms
[266.422s][info][gc,cpu      ] GC(467) User=0.00s Sys=0.00s Real=0.00s
[266.422s][info][gc,marking  ] GC(467) Concurrent Clear Claimed Marks
[266.422s][info][gc,marking  ] GC(467) Concurrent Clear Claimed Marks 0.103ms
[266.422s][info][gc,marking  ] GC(467) Concurrent Cleanup for Next Mark
[266.424s][info][gc,marking  ] GC(467) Concurrent Cleanup for Next Mark 2.115ms
[266.424s][info][gc          ] GC(467) Concurrent Mark Cycle 103.702ms
[267.313s][info][gc,start    ] GC(468) Pause Young (Prepare Mixed) (G1 Evacuation Pause)
[267.313s][info][gc,task     ] GC(468) Using 2 workers of 2 for evacuation
[267.318s][info][gc,phases   ] GC(468)   Pre Evacuate Collection Set: 0.27ms
[267.318s][info][gc,phases   ] GC(468)   Merge Heap Roots: 0.14ms
[267.318s][info][gc,phases   ] GC(468)   Evacuate Collection Set: 4.29ms
[267.318s][info][gc,phases   ] GC(468)   Post Evacuate Collection Set: 0.72ms
[267.318s][info][gc,phases   ] GC(468)   Other: 0.09ms
[267.318s][info][gc,heap     ] GC(468) Eden regions: 385->0(387)
[267.318s][info][gc,heap     ] GC(468) Survivor regions: 3->2(49)
[267.318s][info][gc,heap     ] GC(468) Old regions: 44->44
[267.318s][info][gc,heap     ] GC(468) Humongous regions: 207->207
[267.318s][info][gc,metaspace] GC(468) Metaspace: 56886K(57280K)->56886K(57280K) NonClass: 48605K(48896K)->48605K(48896K) Class: 8280K(8384K)->8280K(8384K)
[267.318s][info][gc          ] GC(468) Pause Young (Prepare Mixed) (G1 Evacuation Pause) 638M->252M(677M) 5.695ms
[267.318s][info][gc,cpu      ] GC(468) User=0.01s Sys=0.00s Real=0.01s
[268.328s][info][gc,start    ] GC(469) Pause Young (Mixed) (G1 Evacuation Pause)
[268.328s][info][gc,task     ] GC(469) Using 2 workers of 2 for evacuation
[268.336s][info][gc,phases   ] GC(469)   Pre Evacuate Collection Set: 0.26ms
[268.336s][info][gc,phases   ] GC(469)   Merge Heap Roots: 0.13ms
[268.336s][info][gc,phases   ] GC(469)   Evacuate Collection Set: 6.98ms
[268.336s][info][gc,phases   ] GC(469)   Post Evacuate Collection Set: 0.79ms
[268.336s][info][gc,phases   ] GC(469)   Other: 0.09ms
[268.336s][info][gc,heap     ] GC(469) Eden regions: 387->0(387)
[268.336s][info][gc,heap     ] GC(469) Survivor regions: 2->2(49)
[268.336s][info][gc,heap     ] GC(469) Old regions: 44->44
[268.336s][info][gc,heap     ] GC(469) Humongous regions: 207->207
[268.336s][info][gc,metaspace] GC(469) Metaspace: 56886K(57280K)->56886K(57280K) NonClass: 48605K(48896K)->48605K(48896K) Class: 8280K(8384K)->8280K(8384K)
[268.336s][info][gc          ] GC(469) Pause Young (Mixed) (G1 Evacuation Pause) 639M->252M(677M) 8.454ms
[268.336s][info][gc,cpu      ] GC(469) User=0.01s Sys=0.00s Real=0.01s
[269.341s][info][gc,start    ] GC(470) Pause Young (Concurrent Start) (G1 Evacuation Pause)
[269.341s][info][gc,task     ] GC(470) Using 2 workers of 2 for evacuation
[269.346s][info][gc,phases   ] GC(470)   Pre Evacuate Collection Set: 0.30ms
[269.346s][info][gc,phases   ] GC(470)   Merge Heap Roots: 0.12ms
[269.346s][info][gc,phases   ] GC(470)   Evacuate Collection Set: 3.65ms
[269.346s][info][gc,phases   ] GC(470)   Post Evacuate Collection Set: 0.71ms
[269.346s][info][gc,phases   ] GC(470)   Other: 0.10ms
[269.346s][info][gc,heap     ] GC(470) Eden regions: 387->0(385)
[269.346s][info][gc,heap     ] GC(470) Survivor regions: 2->3(49)
[269.346s][info][gc,heap     ] GC(470) Old regions: 44->44
[269.346s][info][gc,heap     ] GC(470) Humongous regions: 207->207
[269.346s][info][gc,metaspace] GC(470) Metaspace: 56886K(57280K)->56886K(57280K) NonClass: 48605K(48896K)->48605K(48896K) Class: 8280K(8384K)->8280K(8384K)
[269.346s][info][gc          ] GC(470) Pause Young (Concurrent Start) (G1 Evacuation Pause) 639M->253M(677M) 5.075ms
[269.346s][info][gc,cpu      ] GC(470) User=0.01s Sys=0.00s Real=0.01s
[269.346s][info][gc          ] GC(471) Concurrent Mark Cycle
[269.346s][info][gc,marking  ] GC(471) Concurrent Scan Root Regions
[269.350s][info][gc,marking  ] GC(471) Concurrent Scan Root Regions 3.482ms
[269.350s][info][gc,marking  ] GC(471) Concurrent Mark
[269.350s][info][gc,marking  ] GC(471) Concurrent Mark From Roots
[269.350s][info][gc,task     ] GC(471) Using 1 workers of 1 for marking
[269.406s][info][gc,marking  ] GC(471) Concurrent Mark From Roots 56.242ms
[269.406s][info][gc,marking  ] GC(471) Concurrent Preclean
[269.406s][info][gc,marking  ] GC(471) Concurrent Preclean 0.068ms
[269.407s][info][gc,start    ] GC(471) Pause Remark
[269.416s][info][gc          ] GC(471) Pause Remark 272M->272M(677M) 9.575ms
[269.416s][info][gc,cpu      ] GC(471) User=0.01s Sys=0.00s Real=0.01s
[269.417s][info][gc,marking  ] GC(471) Concurrent Mark 67.176ms
[269.417s][info][gc,marking  ] GC(471) Concurrent Rebuild Remembered Sets and Scrub Regions
[269.460s][info][gc,marking  ] GC(471) Concurrent Rebuild Remembered Sets and Scrub Regions 42.749ms
[269.460s][info][gc,start    ] GC(471) Pause Cleanup
[269.460s][info][gc          ] GC(471) Pause Cleanup 290M->290M(677M) 0.073ms
[269.460s][info][gc,cpu      ] GC(471) User=0.00s Sys=0.00s Real=0.00s
[269.461s][info][gc,marking  ] GC(471) Concurrent Clear Claimed Marks
[269.462s][info][gc,marking  ] GC(471) Concurrent Clear Claimed Marks 0.110ms
[269.462s][info][gc,marking  ] GC(471) Concurrent Cleanup for Next Mark
[269.464s][info][gc,marking  ] GC(471) Concurrent Cleanup for Next Mark 2.191ms
[269.464s][info][gc          ] GC(471) Concurrent Mark Cycle 117.692ms
[270.385s][info][gc,start    ] GC(472) Pause Young (Prepare Mixed) (G1 Evacuation Pause)
[270.385s][info][gc,task     ] GC(472) Using 2 workers of 2 for evacuation
[270.389s][info][gc,phases   ] GC(472)   Pre Evacuate Collection Set: 0.27ms
[270.389s][info][gc,phases   ] GC(472)   Merge Heap Roots: 0.14ms
[270.389s][info][gc,phases   ] GC(472)   Evacuate Collection Set: 2.67ms
[270.389s][info][gc,phases   ] GC(472)   Post Evacuate Collection Set: 0.73ms
[270.389s][info][gc,phases   ] GC(472)   Other: 0.08ms
[270.389s][info][gc,heap     ] GC(472) Eden regions: 385->0(385)
[270.389s][info][gc,heap     ] GC(472) Survivor regions: 3->3(49)
[270.389s][info][gc,heap     ] GC(472) Old regions: 44->44
[270.389s][info][gc,heap     ] GC(472) Humongous regions: 207->207
[270.389s][info][gc,metaspace] GC(472) Metaspace: 56886K(57280K)->56886K(57280K) NonClass: 48605K(48896K)->48605K(48896K) Class: 8280K(8384K)->8280K(8384K)
[270.389s][info][gc          ] GC(472) Pause Young (Prepare Mixed) (G1 Evacuation Pause) 638M->253M(677M) 4.091ms
[270.389s][info][gc,cpu      ] GC(472) User=0.01s Sys=0.00s Real=0.00s
[271.392s][info][gc,start    ] GC(473) Pause Young (Mixed) (G1 Evacuation Pause)
[271.392s][info][gc,task     ] GC(473) Using 2 workers of 2 for evacuation
[271.399s][info][gc,phases   ] GC(473)   Pre Evacuate Collection Set: 0.26ms
[271.399s][info][gc,phases   ] GC(473)   Merge Heap Roots: 0.15ms
[271.399s][info][gc,phases   ] GC(473)   Evacuate Collection Set: 5.45ms
[271.399s][info][gc,phases   ] GC(473)   Post Evacuate Collection Set: 0.76ms
[271.399s][info][gc,phases   ] GC(473)   Other: 0.10ms
[271.399s][info][gc,heap     ] GC(473) Eden regions: 385->0(385)
[271.399s][info][gc,heap     ] GC(473) Survivor regions: 3->3(49)
[271.399s][info][gc,heap     ] GC(473) Old regions: 44->44
[271.399s][info][gc,heap     ] GC(473) Humongous regions: 207->207
[271.399s][info][gc,metaspace] GC(473) Metaspace: 56886K(57280K)->56886K(57280K) NonClass: 48605K(48896K)->48605K(48896K) Class: 8280K(8384K)->8280K(8384K)
[271.399s][info][gc          ] GC(473) Pause Young (Mixed) (G1 Evacuation Pause) 638M->253M(677M) 6.905ms
[271.399s][info][gc,cpu      ] GC(473) User=0.01s Sys=0.00s Real=0.01s
[271.848s][info][gc,start    ] GC(474) Pause Young (Concurrent Start) (G1 Humongous Allocation)
[271.848s][info][gc,task     ] GC(474) Using 2 workers of 2 for evacuation
[271.851s][info][gc,phases   ] GC(474)   Pre Evacuate Collection Set: 0.29ms
[271.852s][info][gc,phases   ] GC(474)   Merge Heap Roots: 0.10ms
[271.852s][info][gc,phases   ] GC(474)   Evacuate Collection Set: 2.39ms
[271.852s][info][gc,phases   ] GC(474)   Post Evacuate Collection Set: 0.51ms
[271.852s][info][gc,phases   ] GC(474)   Other: 0.13ms
[271.852s][info][gc,heap     ] GC(474) Eden regions: 187->0(387)
[271.852s][info][gc,heap     ] GC(474) Survivor regions: 3->2(49)
[271.852s][info][gc,heap     ] GC(474) Old regions: 44->44
[271.852s][info][gc,heap     ] GC(474) Humongous regions: 207->207
[271.852s][info][gc,metaspace] GC(474) Metaspace: 56890K(57280K)->56890K(57280K) NonClass: 48609K(48896K)->48609K(48896K) Class: 8280K(8384K)->8280K(8384K)
[271.852s][info][gc          ] GC(474) Pause Young (Concurrent Start) (G1 Humongous Allocation) 440M->252M(677M) 3.584ms
[271.852s][info][gc,cpu      ] GC(474) User=0.00s Sys=0.00s Real=0.00s
[271.852s][info][gc          ] GC(475) Concurrent Mark Cycle
[271.852s][info][gc,marking  ] GC(475) Concurrent Scan Root Regions
[271.857s][info][gc,marking  ] GC(475) Concurrent Scan Root Regions 5.760ms
[271.857s][info][gc,marking  ] GC(475) Concurrent Mark
[271.857s][info][gc,marking  ] GC(475) Concurrent Mark From Roots
[271.858s][info][gc,task     ] GC(475) Using 1 workers of 1 for marking
[271.903s][info][gc,marking  ] GC(475) Concurrent Mark From Roots 45.837ms
[271.903s][info][gc,marking  ] GC(475) Concurrent Preclean
[271.903s][info][gc,marking  ] GC(475) Concurrent Preclean 0.065ms
[271.911s][info][gc,start    ] GC(475) Pause Remark
[271.921s][info][gc          ] GC(475) Pause Remark 292M->292M(677M) 9.861ms
[271.921s][info][gc,cpu      ] GC(475) User=0.02s Sys=0.00s Real=0.01s
[271.921s][info][gc,marking  ] GC(475) Concurrent Mark 63.789ms
[271.921s][info][gc,marking  ] GC(475) Concurrent Rebuild Remembered Sets and Scrub Regions
[271.940s][info][gc,marking  ] GC(475) Concurrent Rebuild Remembered Sets and Scrub Regions 18.799ms
[271.940s][info][gc,start    ] GC(475) Pause Cleanup
[271.940s][info][gc          ] GC(475) Pause Cleanup 292M->292M(677M) 0.079ms
[271.940s][info][gc,cpu      ] GC(475) User=0.00s Sys=0.00s Real=0.00s
[271.940s][info][gc,marking  ] GC(475) Concurrent Clear Claimed Marks
[271.941s][info][gc,marking  ] GC(475) Concurrent Clear Claimed Marks 0.105ms
[271.941s][info][gc,marking  ] GC(475) Concurrent Cleanup for Next Mark
[271.943s][info][gc,marking  ] GC(475) Concurrent Cleanup for Next Mark 2.034ms
[271.943s][info][gc          ] GC(475) Concurrent Mark Cycle 90.933ms
[275.044s][info][gc,start    ] GC(476) Pause Young (Prepare Mixed) (G1 Evacuation Pause)
[275.044s][info][gc,task     ] GC(476) Using 2 workers of 2 for evacuation
[275.097s][info][gc,phases   ] GC(476)   Pre Evacuate Collection Set: 0.28ms
[275.097s][info][gc,phases   ] GC(476)   Merge Heap Roots: 0.46ms
[275.097s][info][gc,phases   ] GC(476)   Evacuate Collection Set: 50.86ms
[275.097s][info][gc,phases   ] GC(476)   Post Evacuate Collection Set: 0.88ms
[275.097s][info][gc,phases   ] GC(476)   Other: 0.08ms
[275.097s][info][gc,heap     ] GC(476) Eden regions: 268->0(342)
[275.097s][info][gc,heap     ] GC(476) Survivor regions: 2->47(49)
[275.097s][info][gc,heap     ] GC(476) Old regions: 44->44
[275.097s][info][gc,heap     ] GC(476) Humongous regions: 363->207
[275.097s][info][gc,metaspace] GC(476) Metaspace: 57094K(57408K)->57094K(57408K) NonClass: 48812K(49024K)->48812K(49024K) Class: 8281K(8384K)->8281K(8384K)
[275.097s][info][gc          ] GC(476) Pause Young (Prepare Mixed) (G1 Evacuation Pause) 675M->297M(724M) 52.754ms
[275.097s][info][gc,cpu      ] GC(476) User=0.07s Sys=0.03s Real=0.05s
[275.791s][info][gc,start    ] GC(477) Pause Young (Mixed) (G1 Evacuation Pause)
[275.791s][info][gc,task     ] GC(477) Using 2 workers of 2 for evacuation
[275.807s][info][gc,phases   ] GC(477)   Pre Evacuate Collection Set: 0.28ms
[275.807s][info][gc,phases   ] GC(477)   Merge Heap Roots: 0.17ms
[275.807s][info][gc,phases   ] GC(477)   Evacuate Collection Set: 14.99ms
[275.807s][info][gc,phases   ] GC(477)   Post Evacuate Collection Set: 0.89ms
[275.807s][info][gc,phases   ] GC(477)   Other: 0.12ms
[275.807s][info][gc,heap     ] GC(477) Eden regions: 342->0(393)
[275.807s][info][gc,heap     ] GC(477) Survivor regions: 47->2(49)
[275.807s][info][gc,heap     ] GC(477) Old regions: 44->79
[275.807s][info][gc,heap     ] GC(477) Humongous regions: 207->207
[275.807s][info][gc,metaspace] GC(477) Metaspace: 57094K(57408K)->57094K(57408K) NonClass: 48812K(49024K)->48812K(49024K) Class: 8281K(8384K)->8281K(8384K)
[275.807s][info][gc          ] GC(477) Pause Young (Mixed) (G1 Evacuation Pause) 639M->287M(724M) 16.642ms
[275.807s][info][gc,cpu      ] GC(477) User=0.03s Sys=0.00s Real=0.02s
[276.805s][info][gc,start    ] GC(478) Pause Young (Concurrent Start) (G1 Evacuation Pause)
[276.805s][info][gc,task     ] GC(478) Using 2 workers of 2 for evacuation
[276.810s][info][gc,phases   ] GC(478)   Pre Evacuate Collection Set: 0.31ms
[276.810s][info][gc,phases   ] GC(478)   Merge Heap Roots: 0.11ms
[276.810s][info][gc,phases   ] GC(478)   Evacuate Collection Set: 3.58ms
[276.810s][info][gc,phases   ] GC(478)   Post Evacuate Collection Set: 0.69ms
[276.810s][info][gc,phases   ] GC(478)   Other: 0.10ms
[276.810s][info][gc,heap     ] GC(478) Eden regions: 393->0(394)
[276.810s][info][gc,heap     ] GC(478) Survivor regions: 2->3(50)
[276.810s][info][gc,heap     ] GC(478) Old regions: 79->79
[276.810s][info][gc,heap     ] GC(478) Humongous regions: 207->207
[276.810s][info][gc,metaspace] GC(478) Metaspace: 57094K(57408K)->57094K(57408K) NonClass: 48812K(49024K)->48812K(49024K) Class: 8281K(8384K)->8281K(8384K)
[276.810s][info][gc          ] GC(478) Pause Young (Concurrent Start) (G1 Evacuation Pause) 680M->288M(724M) 4.989ms
[276.810s][info][gc,cpu      ] GC(478) User=0.00s Sys=0.00s Real=0.00s
[276.810s][info][gc          ] GC(479) Concurrent Mark Cycle
[276.811s][info][gc,marking  ] GC(479) Concurrent Scan Root Regions
[276.815s][info][gc,marking  ] GC(479) Concurrent Scan Root Regions 4.249ms
[276.815s][info][gc,marking  ] GC(479) Concurrent Mark
[276.815s][info][gc,marking  ] GC(479) Concurrent Mark From Roots
[276.815s][info][gc,task     ] GC(479) Using 1 workers of 1 for marking
[276.871s][info][gc,marking  ] GC(479) Concurrent Mark From Roots 55.656ms
[276.871s][info][gc,marking  ] GC(479) Concurrent Preclean
[276.871s][info][gc,marking  ] GC(479) Concurrent Preclean 0.084ms
[276.871s][info][gc,start    ] GC(479) Pause Remark
[276.881s][info][gc          ] GC(479) Pause Remark 311M->293M(724M) 10.135ms
[276.881s][info][gc,cpu      ] GC(479) User=0.02s Sys=0.00s Real=0.01s
[276.882s][info][gc,marking  ] GC(479) Concurrent Mark 66.687ms
[276.882s][info][gc,marking  ] GC(479) Concurrent Rebuild Remembered Sets and Scrub Regions
[276.902s][info][gc,marking  ] GC(479) Concurrent Rebuild Remembered Sets and Scrub Regions 20.251ms
[276.903s][info][gc,start    ] GC(479) Pause Cleanup
[276.903s][info][gc          ] GC(479) Pause Cleanup 304M->304M(724M) 0.079ms
[276.903s][info][gc,cpu      ] GC(479) User=0.00s Sys=0.00s Real=0.00s
[276.903s][info][gc,marking  ] GC(479) Concurrent Clear Claimed Marks
[276.903s][info][gc,marking  ] GC(479) Concurrent Clear Claimed Marks 0.102ms
[276.903s][info][gc,marking  ] GC(479) Concurrent Cleanup for Next Mark
[276.906s][info][gc,marking  ] GC(479) Concurrent Cleanup for Next Mark 2.953ms
[276.906s][info][gc          ] GC(479) Concurrent Mark Cycle 96.427ms
[277.822s][info][gc,start    ] GC(480) Pause Young (Prepare Mixed) (G1 Evacuation Pause)
[277.822s][info][gc,task     ] GC(480) Using 2 workers of 2 for evacuation
[277.827s][info][gc,phases   ] GC(480)   Pre Evacuate Collection Set: 0.27ms
[277.827s][info][gc,phases   ] GC(480)   Merge Heap Roots: 0.14ms
[277.827s][info][gc,phases   ] GC(480)   Evacuate Collection Set: 3.47ms
[277.827s][info][gc,phases   ] GC(480)   Post Evacuate Collection Set: 0.72ms
[277.827s][info][gc,phases   ] GC(480)   Other: 0.09ms
[277.827s][info][gc,heap     ] GC(480) Eden regions: 394->0(406)
[277.827s][info][gc,heap     ] GC(480) Survivor regions: 3->3(50)
[277.827s][info][gc,heap     ] GC(480) Old regions: 61->61
[277.827s][info][gc,heap     ] GC(480) Humongous regions: 207->207
[277.827s][info][gc,metaspace] GC(480) Metaspace: 57094K(57408K)->57094K(57408K) NonClass: 48812K(49024K)->48812K(49024K) Class: 8281K(8384K)->8281K(8384K)
[277.827s][info][gc          ] GC(480) Pause Young (Prepare Mixed) (G1 Evacuation Pause) 664M->270M(724M) 4.877ms
[277.827s][info][gc,cpu      ] GC(480) User=0.01s Sys=0.00s Real=0.01s
[278.904s][info][gc,start    ] GC(481) Pause Young (Mixed) (G1 Evacuation Pause)
[278.904s][info][gc,task     ] GC(481) Using 2 workers of 2 for evacuation
[278.909s][info][gc,phases   ] GC(481)   Pre Evacuate Collection Set: 0.31ms
[278.909s][info][gc,phases   ] GC(481)   Merge Heap Roots: 0.12ms
[278.909s][info][gc,phases   ] GC(481)   Evacuate Collection Set: 4.25ms
[278.909s][info][gc,phases   ] GC(481)   Post Evacuate Collection Set: 0.71ms
[278.909s][info][gc,phases   ] GC(481)   Other: 0.11ms
[278.909s][info][gc,heap     ] GC(481) Eden regions: 406->0(410)
[278.909s][info][gc,heap     ] GC(481) Survivor regions: 3->2(52)
[278.909s][info][gc,heap     ] GC(481) Old regions: 61->60
[278.909s][info][gc,heap     ] GC(481) Humongous regions: 207->207
[278.909s][info][gc,metaspace] GC(481) Metaspace: 57094K(57408K)->57094K(57408K) NonClass: 48812K(49024K)->48812K(49024K) Class: 8281K(8384K)->8281K(8384K)
[278.910s][info][gc          ] GC(481) Pause Young (Mixed) (G1 Evacuation Pause) 676M->268M(724M) 5.690ms
[278.910s][info][gc,cpu      ] GC(481) User=0.01s Sys=0.00s Real=0.01s
[280.000s][info][gc,start    ] GC(482) Pause Young (Normal) (G1 Evacuation Pause)
[280.000s][info][gc,task     ] GC(482) Using 2 workers of 2 for evacuation
[280.004s][info][gc,phases   ] GC(482)   Pre Evacuate Collection Set: 0.27ms
[280.004s][info][gc,phases   ] GC(482)   Merge Heap Roots: 0.11ms
[280.004s][info][gc,phases   ] GC(482)   Evacuate Collection Set: 3.07ms
[280.004s][info][gc,phases   ] GC(482)   Post Evacuate Collection Set: 0.71ms
[280.004s][info][gc,phases   ] GC(482)   Other: 0.11ms
[280.004s][info][gc,heap     ] GC(482) Eden regions: 410->0(415)
[280.004s][info][gc,heap     ] GC(482) Survivor regions: 2->2(52)
[280.004s][info][gc,heap     ] GC(482) Old regions: 60->60
[280.004s][info][gc,heap     ] GC(482) Humongous regions: 207->207
[280.004s][info][gc,metaspace] GC(482) Metaspace: 57094K(57408K)->57094K(57408K) NonClass: 48812K(49024K)->48812K(49024K) Class: 8281K(8384K)->8281K(8384K)
[280.004s][info][gc          ] GC(482) Pause Young (Normal) (G1 Evacuation Pause) 678M->268M(724M) 4.480ms
[280.004s][info][gc,cpu      ] GC(482) User=0.01s Sys=0.00s Real=0.01s
[281.093s][info][gc,start    ] GC(483) Pause Young (Normal) (G1 Evacuation Pause)
[281.093s][info][gc,task     ] GC(483) Using 2 workers of 2 for evacuation
[281.097s][info][gc,phases   ] GC(483)   Pre Evacuate Collection Set: 0.28ms
[281.097s][info][gc,phases   ] GC(483)   Merge Heap Roots: 0.12ms
[281.097s][info][gc,phases   ] GC(483)   Evacuate Collection Set: 2.84ms
[281.097s][info][gc,phases   ] GC(483)   Post Evacuate Collection Set: 0.75ms
[281.097s][info][gc,phases   ] GC(483)   Other: 0.10ms
[281.097s][info][gc,heap     ] GC(483) Eden regions: 415->0(416)
[281.097s][info][gc,heap     ] GC(483) Survivor regions: 2->2(53)
[281.097s][info][gc,heap     ] GC(483) Old regions: 60->60
[281.097s][info][gc,heap     ] GC(483) Humongous regions: 207->207
[281.097s][info][gc,metaspace] GC(483) Metaspace: 57094K(57408K)->57094K(57408K) NonClass: 48812K(49024K)->48812K(49024K) Class: 8281K(8384K)->8281K(8384K)
[281.097s][info][gc          ] GC(483) Pause Young (Normal) (G1 Evacuation Pause) 683M->267M(724M) 4.258ms
[281.097s][info][gc,cpu      ] GC(483) User=0.01s Sys=0.00s Real=0.01s
[282.187s][info][gc,start    ] GC(484) Pause Young (Normal) (G1 Evacuation Pause)
[282.187s][info][gc,task     ] GC(484) Using 2 workers of 2 for evacuation
[282.190s][info][gc,phases   ] GC(484)   Pre Evacuate Collection Set: 0.25ms
[282.190s][info][gc,phases   ] GC(484)   Merge Heap Roots: 0.13ms
[282.190s][info][gc,phases   ] GC(484)   Evacuate Collection Set: 2.08ms
[282.190s][info][gc,phases   ] GC(484)   Post Evacuate Collection Set: 0.72ms
[282.190s][info][gc,phases   ] GC(484)   Other: 0.09ms
[282.190s][info][gc,heap     ] GC(484) Eden regions: 416->0(418)
[282.190s][info][gc,heap     ] GC(484) Survivor regions: 2->1(53)
[282.190s][info][gc,heap     ] GC(484) Old regions: 60->60
[282.190s][info][gc,heap     ] GC(484) Humongous regions: 207->207
[282.190s][info][gc,metaspace] GC(484) Metaspace: 57094K(57408K)->57094K(57408K) NonClass: 48812K(49024K)->48812K(49024K) Class: 8281K(8384K)->8281K(8384K)
[282.190s][info][gc          ] GC(484) Pause Young (Normal) (G1 Evacuation Pause) 683M->266M(724M) 3.449ms
[282.191s][info][gc,cpu      ] GC(484) User=0.01s Sys=0.00s Real=0.00s
[283.285s][info][gc,start    ] GC(485) Pause Young (Concurrent Start) (G1 Evacuation Pause)
[283.285s][info][gc,task     ] GC(485) Using 2 workers of 2 for evacuation
[283.288s][info][gc,phases   ] GC(485)   Pre Evacuate Collection Set: 0.30ms
[283.288s][info][gc,phases   ] GC(485)   Merge Heap Roots: 0.12ms
[283.288s][info][gc,phases   ] GC(485)   Evacuate Collection Set: 2.36ms
[283.288s][info][gc,phases   ] GC(485)   Post Evacuate Collection Set: 0.73ms
[283.288s][info][gc,phases   ] GC(485)   Other: 0.11ms
[283.288s][info][gc,heap     ] GC(485) Eden regions: 418->0(418)
[283.289s][info][gc,heap     ] GC(485) Survivor regions: 1->1(53)
[283.289s][info][gc,heap     ] GC(485) Old regions: 60->60
[283.289s][info][gc,heap     ] GC(485) Humongous regions: 207->207
[283.289s][info][gc,metaspace] GC(485) Metaspace: 57094K(57408K)->57094K(57408K) NonClass: 48812K(49024K)->48812K(49024K) Class: 8281K(8384K)->8281K(8384K)
[283.289s][info][gc          ] GC(485) Pause Young (Concurrent Start) (G1 Evacuation Pause) 684M->266M(724M) 3.796ms
[283.289s][info][gc          ] GC(486) Concurrent Mark Cycle
[283.289s][info][gc,marking  ] GC(486) Concurrent Scan Root Regions
[283.290s][info][gc,marking  ] GC(486) Concurrent Scan Root Regions 1.558ms
[283.290s][info][gc,marking  ] GC(486) Concurrent Mark
[283.290s][info][gc,marking  ] GC(486) Concurrent Mark From Roots
[283.290s][info][gc,task     ] GC(486) Using 1 workers of 1 for marking
[283.290s][info][gc,cpu      ] GC(485) User=0.01s Sys=0.00s Real=0.00s
[283.344s][info][gc,marking  ] GC(486) Concurrent Mark From Roots 53.987ms
[283.344s][info][gc,marking  ] GC(486) Concurrent Preclean
[283.344s][info][gc,marking  ] GC(486) Concurrent Preclean 0.069ms
[283.344s][info][gc,start    ] GC(486) Pause Remark
[283.355s][info][gc          ] GC(486) Pause Remark 294M->294M(724M) 10.772ms
[283.355s][info][gc,cpu      ] GC(486) User=0.02s Sys=0.00s Real=0.01s
[283.355s][info][gc,marking  ] GC(486) Concurrent Mark 65.058ms
[283.355s][info][gc,marking  ] GC(486) Concurrent Rebuild Remembered Sets and Scrub Regions
[283.373s][info][gc,marking  ] GC(486) Concurrent Rebuild Remembered Sets and Scrub Regions 17.649ms
[283.373s][info][gc,start    ] GC(486) Pause Cleanup
[283.373s][info][gc          ] GC(486) Pause Cleanup 301M->301M(724M) 0.074ms
[283.373s][info][gc,cpu      ] GC(486) User=0.00s Sys=0.00s Real=0.00s
[283.373s][info][gc,marking  ] GC(486) Concurrent Clear Claimed Marks
[283.373s][info][gc,marking  ] GC(486) Concurrent Clear Claimed Marks 0.091ms
[283.373s][info][gc,marking  ] GC(486) Concurrent Cleanup for Next Mark
[283.376s][info][gc,marking  ] GC(486) Concurrent Cleanup for Next Mark 2.152ms
[283.376s][info][gc          ] GC(486) Concurrent Mark Cycle 86.949ms
[284.386s][info][gc,start    ] GC(487) Pause Young (Prepare Mixed) (G1 Evacuation Pause)
[284.386s][info][gc,task     ] GC(487) Using 2 workers of 2 for evacuation
[284.390s][info][gc,phases   ] GC(487)   Pre Evacuate Collection Set: 0.28ms
[284.390s][info][gc,phases   ] GC(487)   Merge Heap Roots: 0.16ms
[284.390s][info][gc,phases   ] GC(487)   Evacuate Collection Set: 2.28ms
[284.390s][info][gc,phases   ] GC(487)   Post Evacuate Collection Set: 1.07ms
[284.390s][info][gc,phases   ] GC(487)   Other: 0.09ms
[284.390s][info][gc,heap     ] GC(487) Eden regions: 418->0(418)
[284.390s][info][gc,heap     ] GC(487) Survivor regions: 1->1(53)
[284.390s][info][gc,heap     ] GC(487) Old regions: 60->60
[284.390s][info][gc,heap     ] GC(487) Humongous regions: 207->207
[284.390s][info][gc,metaspace] GC(487) Metaspace: 57094K(57408K)->57094K(57408K) NonClass: 48812K(49024K)->48812K(49024K) Class: 8281K(8384K)->8281K(8384K)
[284.390s][info][gc          ] GC(487) Pause Young (Prepare Mixed) (G1 Evacuation Pause) 684M->266M(724M) 4.062ms
[284.390s][info][gc,cpu      ] GC(487) User=0.01s Sys=0.00s Real=0.00s
[285.489s][info][gc,start    ] GC(488) Pause Young (Mixed) (G1 Evacuation Pause)
[285.489s][info][gc,task     ] GC(488) Using 2 workers of 2 for evacuation
[285.497s][info][gc,phases   ] GC(488)   Pre Evacuate Collection Set: 0.38ms
[285.497s][info][gc,phases   ] GC(488)   Merge Heap Roots: 0.12ms
[285.497s][info][gc,phases   ] GC(488)   Evacuate Collection Set: 6.17ms
[285.497s][info][gc,phases   ] GC(488)   Post Evacuate Collection Set: 1.12ms
[285.497s][info][gc,phases   ] GC(488)   Other: 0.11ms
[285.497s][info][gc,heap     ] GC(488) Eden regions: 418->0(418)
[285.497s][info][gc,heap     ] GC(488) Survivor regions: 1->2(53)
[285.497s][info][gc,heap     ] GC(488) Old regions: 60->58
[285.497s][info][gc,heap     ] GC(488) Humongous regions: 207->207
[285.497s][info][gc,metaspace] GC(488) Metaspace: 57094K(57408K)->57094K(57408K) NonClass: 48812K(49024K)->48812K(49024K) Class: 8281K(8384K)->8281K(8384K)
[285.497s][info][gc          ] GC(488) Pause Young (Mixed) (G1 Evacuation Pause) 684M->265M(724M) 8.096ms
[285.497s][info][gc,cpu      ] GC(488) User=0.01s Sys=0.00s Real=0.01s
[286.586s][info][gc,start    ] GC(489) Pause Young (Concurrent Start) (G1 Evacuation Pause)
[286.586s][info][gc,task     ] GC(489) Using 2 workers of 2 for evacuation
[286.591s][info][gc,phases   ] GC(489)   Pre Evacuate Collection Set: 0.38ms
[286.591s][info][gc,phases   ] GC(489)   Merge Heap Roots: 0.12ms
[286.591s][info][gc,phases   ] GC(489)   Evacuate Collection Set: 3.14ms
[286.591s][info][gc,phases   ] GC(489)   Post Evacuate Collection Set: 0.74ms
[286.591s][info][gc,phases   ] GC(489)   Other: 0.15ms
[286.591s][info][gc,heap     ] GC(489) Eden regions: 418->0(418)
[286.591s][info][gc,heap     ] GC(489) Survivor regions: 2->2(53)
[286.591s][info][gc,heap     ] GC(489) Old regions: 58->58
[286.591s][info][gc,heap     ] GC(489) Humongous regions: 207->207
[286.591s][info][gc,metaspace] GC(489) Metaspace: 57094K(57408K)->57094K(57408K) NonClass: 48812K(49024K)->48812K(49024K) Class: 8281K(8384K)->8281K(8384K)
[286.591s][info][gc          ] GC(489) Pause Young (Concurrent Start) (G1 Evacuation Pause) 683M->265M(724M) 4.711ms
[286.591s][info][gc          ] GC(490) Concurrent Mark Cycle
[286.591s][info][gc,marking  ] GC(490) Concurrent Scan Root Regions
[286.593s][info][gc,cpu      ] GC(489) User=0.01s Sys=0.00s Real=0.00s
[286.593s][info][gc,marking  ] GC(490) Concurrent Scan Root Regions 1.729ms
[286.593s][info][gc,marking  ] GC(490) Concurrent Mark
[286.593s][info][gc,marking  ] GC(490) Concurrent Mark From Roots
[286.593s][info][gc,task     ] GC(490) Using 1 workers of 1 for marking
[286.647s][info][gc,marking  ] GC(490) Concurrent Mark From Roots 53.985ms
[286.647s][info][gc,marking  ] GC(490) Concurrent Preclean
[286.647s][info][gc,marking  ] GC(490) Concurrent Preclean 0.068ms
[286.648s][info][gc,start    ] GC(490) Pause Remark
[286.657s][info][gc          ] GC(490) Pause Remark 295M->295M(724M) 9.774ms
[286.657s][info][gc,cpu      ] GC(490) User=0.02s Sys=0.00s Real=0.01s
[286.658s][info][gc,marking  ] GC(490) Concurrent Mark 64.394ms
[286.658s][info][gc,marking  ] GC(490) Concurrent Rebuild Remembered Sets and Scrub Regions
[286.679s][info][gc,marking  ] GC(490) Concurrent Rebuild Remembered Sets and Scrub Regions 20.904ms
[286.679s][info][gc,start    ] GC(490) Pause Cleanup
[286.679s][info][gc          ] GC(490) Pause Cleanup 300M->300M(724M) 0.064ms
[286.679s][info][gc,cpu      ] GC(490) User=0.00s Sys=0.00s Real=0.00s
[286.679s][info][gc,marking  ] GC(490) Concurrent Clear Claimed Marks
[286.679s][info][gc,marking  ] GC(490) Concurrent Clear Claimed Marks 0.097ms
[286.679s][info][gc,marking  ] GC(490) Concurrent Cleanup for Next Mark
[286.681s][info][gc,marking  ] GC(490) Concurrent Cleanup for Next Mark 2.097ms
[286.681s][info][gc          ] GC(490) Concurrent Mark Cycle 89.875ms
[287.686s][info][gc,start    ] GC(491) Pause Young (Prepare Mixed) (G1 Evacuation Pause)
[287.686s][info][gc,task     ] GC(491) Using 2 workers of 2 for evacuation
[287.690s][info][gc,phases   ] GC(491)   Pre Evacuate Collection Set: 0.27ms
[287.690s][info][gc,phases   ] GC(491)   Merge Heap Roots: 0.16ms
[287.690s][info][gc,phases   ] GC(491)   Evacuate Collection Set: 2.48ms
[287.690s][info][gc,phases   ] GC(491)   Post Evacuate Collection Set: 0.72ms
[287.690s][info][gc,phases   ] GC(491)   Other: 0.08ms
[287.690s][info][gc,heap     ] GC(491) Eden regions: 418->0(418)
[287.690s][info][gc,heap     ] GC(491) Survivor regions: 2->2(53)
[287.690s][info][gc,heap     ] GC(491) Old regions: 58->58
[287.690s][info][gc,heap     ] GC(491) Humongous regions: 207->207
[287.690s][info][gc,metaspace] GC(491) Metaspace: 57094K(57408K)->57094K(57408K) NonClass: 48812K(49024K)->48812K(49024K) Class: 8281K(8384K)->8281K(8384K)
[287.690s][info][gc          ] GC(491) Pause Young (Prepare Mixed) (G1 Evacuation Pause) 683M->265M(724M) 3.884ms
[287.690s][info][gc,cpu      ] GC(491) User=0.01s Sys=0.00s Real=0.00s
[288.784s][info][gc,start    ] GC(492) Pause Young (Mixed) (G1 Evacuation Pause)
[288.784s][info][gc,task     ] GC(492) Using 2 workers of 2 for evacuation
[288.793s][info][gc,phases   ] GC(492)   Pre Evacuate Collection Set: 0.40ms
[288.793s][info][gc,phases   ] GC(492)   Merge Heap Roots: 0.27ms
[288.793s][info][gc,phases   ] GC(492)   Evacuate Collection Set: 7.17ms
[288.793s][info][gc,phases   ] GC(492)   Post Evacuate Collection Set: 0.84ms
[288.793s][info][gc,phases   ] GC(492)   Other: 0.08ms
[288.793s][info][gc,heap     ] GC(492) Eden regions: 418->0(421)
[288.793s][info][gc,heap     ] GC(492) Survivor regions: 2->1(53)
[288.793s][info][gc,heap     ] GC(492) Old regions: 58->57
[288.793s][info][gc,heap     ] GC(492) Humongous regions: 207->207
[288.793s][info][gc,metaspace] GC(492) Metaspace: 57094K(57408K)->57094K(57408K) NonClass: 48812K(49024K)->48812K(49024K) Class: 8281K(8384K)->8281K(8384K)
[288.793s][info][gc          ] GC(492) Pause Young (Mixed) (G1 Evacuation Pause) 683M->263M(724M) 8.947ms
[288.793s][info][gc,cpu      ] GC(492) User=0.02s Sys=0.00s Real=0.00s
[289.885s][info][gc,start    ] GC(493) Pause Young (Concurrent Start) (G1 Evacuation Pause)
[289.885s][info][gc,task     ] GC(493) Using 2 workers of 2 for evacuation
[289.889s][info][gc,phases   ] GC(493)   Pre Evacuate Collection Set: 0.30ms
[289.889s][info][gc,phases   ] GC(493)   Merge Heap Roots: 0.12ms
[289.889s][info][gc,phases   ] GC(493)   Evacuate Collection Set: 2.70ms
[289.889s][info][gc,phases   ] GC(493)   Post Evacuate Collection Set: 0.72ms
[289.889s][info][gc,phases   ] GC(493)   Other: 0.12ms
[289.889s][info][gc,heap     ] GC(493) Eden regions: 421->0(421)
[289.889s][info][gc,heap     ] GC(493) Survivor regions: 1->1(53)
[289.889s][info][gc,heap     ] GC(493) Old regions: 57->57
[289.889s][info][gc,heap     ] GC(493) Humongous regions: 207->207
[289.889s][info][gc,metaspace] GC(493) Metaspace: 57094K(57408K)->57094K(57408K) NonClass: 48812K(49024K)->48812K(49024K) Class: 8281K(8384K)->8281K(8384K)
[289.889s][info][gc          ] GC(493) Pause Young (Concurrent Start) (G1 Evacuation Pause) 684M->264M(724M) 4.152ms
[289.889s][info][gc,cpu      ] GC(493) User=0.00s Sys=0.00s Real=0.00s
[289.889s][info][gc          ] GC(494) Concurrent Mark Cycle
[289.889s][info][gc,marking  ] GC(494) Concurrent Scan Root Regions
[289.894s][info][gc,marking  ] GC(494) Concurrent Scan Root Regions 5.086ms
[289.894s][info][gc,marking  ] GC(494) Concurrent Mark
[289.894s][info][gc,marking  ] GC(494) Concurrent Mark From Roots
[289.894s][info][gc,task     ] GC(494) Using 1 workers of 1 for marking
[289.950s][info][gc,marking  ] GC(494) Concurrent Mark From Roots 55.716ms
[289.950s][info][gc,marking  ] GC(494) Concurrent Preclean
[289.950s][info][gc,marking  ] GC(494) Concurrent Preclean 0.067ms
[289.950s][info][gc,start    ] GC(494) Pause Remark
[289.960s][info][gc          ] GC(494) Pause Remark 295M->295M(724M) 9.636ms
[289.960s][info][gc,cpu      ] GC(494) User=0.01s Sys=0.00s Real=0.01s
[289.960s][info][gc,marking  ] GC(494) Concurrent Mark 65.976ms
[289.960s][info][gc,marking  ] GC(494) Concurrent Rebuild Remembered Sets and Scrub Regions
[289.981s][info][gc,marking  ] GC(494) Concurrent Rebuild Remembered Sets and Scrub Regions 21.234ms
[289.981s][info][gc,start    ] GC(494) Pause Cleanup
[289.982s][info][gc          ] GC(494) Pause Cleanup 301M->301M(724M) 0.068ms
[289.982s][info][gc,cpu      ] GC(494) User=0.00s Sys=0.00s Real=0.00s
[289.982s][info][gc,marking  ] GC(494) Concurrent Clear Claimed Marks
[289.982s][info][gc,marking  ] GC(494) Concurrent Clear Claimed Marks 0.085ms
[289.982s][info][gc,marking  ] GC(494) Concurrent Cleanup for Next Mark
[289.986s][info][gc,marking  ] GC(494) Concurrent Cleanup for Next Mark 4.087ms
[289.986s][info][gc          ] GC(494) Concurrent Mark Cycle 96.782ms
[291.041s][info][gc,start    ] GC(495) Pause Young (Prepare Mixed) (G1 Evacuation Pause)
[291.041s][info][gc,task     ] GC(495) Using 2 workers of 2 for evacuation
[291.045s][info][gc,phases   ] GC(495)   Pre Evacuate Collection Set: 0.46ms
[291.045s][info][gc,phases   ] GC(495)   Merge Heap Roots: 0.24ms
[291.045s][info][gc,phases   ] GC(495)   Evacuate Collection Set: 2.74ms
[291.045s][info][gc,phases   ] GC(495)   Post Evacuate Collection Set: 0.75ms
[291.045s][info][gc,phases   ] GC(495)   Other: 0.10ms
[291.045s][info][gc,heap     ] GC(495) Eden regions: 421->0(421)
[291.045s][info][gc,heap     ] GC(495) Survivor regions: 1->1(53)
[291.045s][info][gc,heap     ] GC(495) Old regions: 57->57
[291.045s][info][gc,heap     ] GC(495) Humongous regions: 207->207
[291.045s][info][gc,metaspace] GC(495) Metaspace: 57094K(57408K)->57094K(57408K) NonClass: 48812K(49024K)->48812K(49024K) Class: 8281K(8384K)->8281K(8384K)
[291.045s][info][gc          ] GC(495) Pause Young (Prepare Mixed) (G1 Evacuation Pause) 685M->263M(724M) 4.460ms
[291.045s][info][gc,cpu      ] GC(495) User=0.00s Sys=0.00s Real=0.01s
[292.185s][info][gc,start    ] GC(496) Pause Young (Mixed) (G1 Evacuation Pause)
[292.185s][info][gc,task     ] GC(496) Using 2 workers of 2 for evacuation
[292.191s][info][gc,phases   ] GC(496)   Pre Evacuate Collection Set: 0.30ms
[292.191s][info][gc,phases   ] GC(496)   Merge Heap Roots: 0.16ms
[292.191s][info][gc,phases   ] GC(496)   Evacuate Collection Set: 4.38ms
[292.191s][info][gc,phases   ] GC(496)   Post Evacuate Collection Set: 0.77ms
[292.191s][info][gc,phases   ] GC(496)   Other: 0.10ms
[292.191s][info][gc,heap     ] GC(496) Eden regions: 421->0(422)
[292.191s][info][gc,heap     ] GC(496) Survivor regions: 1->1(53)
[292.191s][info][gc,heap     ] GC(496) Old regions: 57->56
[292.191s][info][gc,heap     ] GC(496) Humongous regions: 207->207
[292.191s][info][gc,metaspace] GC(496) Metaspace: 57094K(57408K)->57094K(57408K) NonClass: 48812K(49024K)->48812K(49024K) Class: 8281K(8384K)->8281K(8384K)
[292.191s][info][gc          ] GC(496) Pause Young (Mixed) (G1 Evacuation Pause) 684M->263M(724M) 5.887ms
[292.191s][info][gc,cpu      ] GC(496) User=0.01s Sys=0.00s Real=0.00s
[293.287s][info][gc,start    ] GC(497) Pause Young (Concurrent Start) (G1 Evacuation Pause)
[293.287s][info][gc,task     ] GC(497) Using 2 workers of 2 for evacuation
[293.291s][info][gc,phases   ] GC(497)   Pre Evacuate Collection Set: 0.29ms
[293.291s][info][gc,phases   ] GC(497)   Merge Heap Roots: 0.12ms
[293.291s][info][gc,phases   ] GC(497)   Evacuate Collection Set: 2.73ms
[293.291s][info][gc,phases   ] GC(497)   Post Evacuate Collection Set: 0.74ms
[293.291s][info][gc,phases   ] GC(497)   Other: 0.11ms
[293.291s][info][gc,heap     ] GC(497) Eden regions: 422->0(422)
[293.291s][info][gc,heap     ] GC(497) Survivor regions: 1->1(53)
[293.291s][info][gc,heap     ] GC(497) Old regions: 56->56
[293.291s][info][gc,heap     ] GC(497) Humongous regions: 207->207
[293.291s][info][gc,metaspace] GC(497) Metaspace: 57094K(57408K)->57094K(57408K) NonClass: 48812K(49024K)->48812K(49024K) Class: 8281K(8384K)->8281K(8384K)
[293.291s][info][gc          ] GC(497) Pause Young (Concurrent Start) (G1 Evacuation Pause) 685M->263M(724M) 4.167ms
[293.291s][info][gc,cpu      ] GC(497) User=0.00s Sys=0.00s Real=0.00s
[293.291s][info][gc          ] GC(498) Concurrent Mark Cycle
[293.292s][info][gc,marking  ] GC(498) Concurrent Scan Root Regions
[293.294s][info][gc,marking  ] GC(498) Concurrent Scan Root Regions 1.771ms
[293.294s][info][gc,marking  ] GC(498) Concurrent Mark
[293.294s][info][gc,marking  ] GC(498) Concurrent Mark From Roots
[293.294s][info][gc,task     ] GC(498) Using 1 workers of 1 for marking
[293.360s][info][gc,marking  ] GC(498) Concurrent Mark From Roots 66.284ms
[293.360s][info][gc,marking  ] GC(498) Concurrent Preclean
[293.360s][info][gc,marking  ] GC(498) Concurrent Preclean 0.093ms
[293.360s][info][gc,start    ] GC(498) Pause Remark
[293.370s][info][gc          ] GC(498) Pause Remark 298M->298M(724M) 9.927ms
[293.370s][info][gc,cpu      ] GC(498) User=0.02s Sys=0.00s Real=0.01s
[293.370s][info][gc,marking  ] GC(498) Concurrent Mark 76.914ms
[293.370s][info][gc,marking  ] GC(498) Concurrent Rebuild Remembered Sets and Scrub Regions
[293.405s][info][gc,marking  ] GC(498) Concurrent Rebuild Remembered Sets and Scrub Regions 34.266ms
[293.405s][info][gc,start    ] GC(498) Pause Cleanup
[293.405s][info][gc          ] GC(498) Pause Cleanup 313M->313M(724M) 0.083ms
[293.405s][info][gc,cpu      ] GC(498) User=0.00s Sys=0.00s Real=0.00s
[293.405s][info][gc,marking  ] GC(498) Concurrent Clear Claimed Marks
[293.405s][info][gc,marking  ] GC(498) Concurrent Clear Claimed Marks 0.095ms
[293.405s][info][gc,marking  ] GC(498) Concurrent Cleanup for Next Mark
[293.416s][info][gc,marking  ] GC(498) Concurrent Cleanup for Next Mark 11.172ms
[293.416s][info][gc          ] GC(498) Concurrent Mark Cycle 125.055ms
[294.389s][info][gc,start    ] GC(499) Pause Young (Prepare Mixed) (G1 Evacuation Pause)
[294.389s][info][gc,task     ] GC(499) Using 2 workers of 2 for evacuation
[294.393s][info][gc,phases   ] GC(499)   Pre Evacuate Collection Set: 0.26ms
[294.393s][info][gc,phases   ] GC(499)   Merge Heap Roots: 0.14ms
[294.393s][info][gc,phases   ] GC(499)   Evacuate Collection Set: 2.78ms
[294.393s][info][gc,phases   ] GC(499)   Post Evacuate Collection Set: 0.74ms
[294.393s][info][gc,phases   ] GC(499)   Other: 0.11ms
[294.393s][info][gc,heap     ] GC(499) Eden regions: 422->0(422)
[294.393s][info][gc,heap     ] GC(499) Survivor regions: 1->1(53)
[294.393s][info][gc,heap     ] GC(499) Old regions: 56->56
[294.393s][info][gc,heap     ] GC(499) Humongous regions: 207->207
[294.393s][info][gc,metaspace] GC(499) Metaspace: 57094K(57408K)->57094K(57408K) NonClass: 48812K(49024K)->48812K(49024K) Class: 8281K(8384K)->8281K(8384K)
[294.393s][info][gc          ] GC(499) Pause Young (Prepare Mixed) (G1 Evacuation Pause) 685M->263M(724M) 4.226ms
[294.393s][info][gc,cpu      ] GC(499) User=0.01s Sys=0.00s Real=0.00s
[295.492s][info][gc,start    ] GC(500) Pause Young (Mixed) (G1 Evacuation Pause)
[295.492s][info][gc,task     ] GC(500) Using 2 workers of 2 for evacuation
[295.499s][info][gc,phases   ] GC(500)   Pre Evacuate Collection Set: 0.28ms
[295.499s][info][gc,phases   ] GC(500)   Merge Heap Roots: 0.15ms
[295.499s][info][gc,phases   ] GC(500)   Evacuate Collection Set: 5.63ms
[295.499s][info][gc,phases   ] GC(500)   Post Evacuate Collection Set: 0.80ms
[295.499s][info][gc,phases   ] GC(500)   Other: 0.12ms
[295.499s][info][gc,heap     ] GC(500) Eden regions: 422->0(422)
[295.499s][info][gc,heap     ] GC(500) Survivor regions: 1->1(53)
[295.499s][info][gc,heap     ] GC(500) Old regions: 56->56
[295.499s][info][gc,heap     ] GC(500) Humongous regions: 207->207
[295.499s][info][gc,metaspace] GC(500) Metaspace: 57094K(57408K)->57094K(57408K) NonClass: 48812K(49024K)->48812K(49024K) Class: 8281K(8384K)->8281K(8384K)
[295.499s][info][gc          ] GC(500) Pause Young (Mixed) (G1 Evacuation Pause) 685M->263M(724M) 7.178ms
[295.499s][info][gc,cpu      ] GC(500) User=0.02s Sys=0.00s Real=0.01s
[296.597s][info][gc,start    ] GC(501) Pause Young (Concurrent Start) (G1 Evacuation Pause)
[296.597s][info][gc,task     ] GC(501) Using 2 workers of 2 for evacuation
[296.603s][info][gc,phases   ] GC(501)   Pre Evacuate Collection Set: 0.30ms
[296.603s][info][gc,phases   ] GC(501)   Merge Heap Roots: 0.14ms
[296.603s][info][gc,phases   ] GC(501)   Evacuate Collection Set: 3.85ms
[296.603s][info][gc,phases   ] GC(501)   Post Evacuate Collection Set: 0.76ms
[296.603s][info][gc,phases   ] GC(501)   Other: 0.10ms
[296.603s][info][gc,heap     ] GC(501) Eden regions: 422->0(418)
[296.603s][info][gc,heap     ] GC(501) Survivor regions: 1->3(53)
[296.603s][info][gc,heap     ] GC(501) Old regions: 56->56
[296.603s][info][gc,heap     ] GC(501) Humongous regions: 207->207
[296.603s][info][gc,metaspace] GC(501) Metaspace: 57094K(57408K)->57094K(57408K) NonClass: 48812K(49024K)->48812K(49024K) Class: 8281K(8384K)->8281K(8384K)
[296.603s][info][gc          ] GC(501) Pause Young (Concurrent Start) (G1 Evacuation Pause) 685M->265M(724M) 5.321ms
[296.603s][info][gc          ] GC(502) Concurrent Mark Cycle
[296.603s][info][gc,marking  ] GC(502) Concurrent Scan Root Regions
[296.605s][info][gc,cpu      ] GC(501) User=0.01s Sys=0.00s Real=0.01s
[296.606s][info][gc,marking  ] GC(502) Concurrent Scan Root Regions 2.841ms
[296.606s][info][gc,marking  ] GC(502) Concurrent Mark
[296.606s][info][gc,marking  ] GC(502) Concurrent Mark From Roots
[296.606s][info][gc,task     ] GC(502) Using 1 workers of 1 for marking
[296.666s][info][gc,marking  ] GC(502) Concurrent Mark From Roots 60.719ms
[296.666s][info][gc,marking  ] GC(502) Concurrent Preclean
[296.666s][info][gc,marking  ] GC(502) Concurrent Preclean 0.071ms
[296.667s][info][gc,start    ] GC(502) Pause Remark
[296.676s][info][gc          ] GC(502) Pause Remark 294M->294M(724M) 9.777ms
[296.676s][info][gc,cpu      ] GC(502) User=0.01s Sys=0.00s Real=0.01s
[296.677s][info][gc,marking  ] GC(502) Concurrent Mark 71.115ms
[296.677s][info][gc,marking  ] GC(502) Concurrent Rebuild Remembered Sets and Scrub Regions
[296.706s][info][gc,marking  ] GC(502) Concurrent Rebuild Remembered Sets and Scrub Regions 29.442ms
[296.706s][info][gc,start    ] GC(502) Pause Cleanup
[296.706s][info][gc          ] GC(502) Pause Cleanup 311M->311M(724M) 0.076ms
[296.706s][info][gc,cpu      ] GC(502) User=0.00s Sys=0.00s Real=0.00s
[296.707s][info][gc,marking  ] GC(502) Concurrent Clear Claimed Marks
[296.707s][info][gc,marking  ] GC(502) Concurrent Clear Claimed Marks 0.100ms
[296.707s][info][gc,marking  ] GC(502) Concurrent Cleanup for Next Mark
[296.711s][info][gc,marking  ] GC(502) Concurrent Cleanup for Next Mark 4.155ms
[296.712s][info][gc          ] GC(502) Concurrent Mark Cycle 108.784ms
[297.690s][info][gc,start    ] GC(503) Pause Young (Prepare Mixed) (G1 Evacuation Pause)
[297.690s][info][gc,task     ] GC(503) Using 2 workers of 2 for evacuation
[297.695s][info][gc,phases   ] GC(503)   Pre Evacuate Collection Set: 0.26ms
[297.695s][info][gc,phases   ] GC(503)   Merge Heap Roots: 0.16ms
[297.695s][info][gc,phases   ] GC(503)   Evacuate Collection Set: 3.61ms
[297.695s][info][gc,phases   ] GC(503)   Post Evacuate Collection Set: 0.74ms
[297.695s][info][gc,phases   ] GC(503)   Other: 0.08ms
[297.695s][info][gc,heap     ] GC(503) Eden regions: 418->0(420)
[297.695s][info][gc,heap     ] GC(503) Survivor regions: 3->2(53)
[297.695s][info][gc,heap     ] GC(503) Old regions: 56->56
[297.695s][info][gc,heap     ] GC(503) Humongous regions: 207->207
[297.695s][info][gc,metaspace] GC(503) Metaspace: 57094K(57408K)->57094K(57408K) NonClass: 48812K(49024K)->48812K(49024K) Class: 8281K(8384K)->8281K(8384K)
[297.695s][info][gc          ] GC(503) Pause Young (Prepare Mixed) (G1 Evacuation Pause) 683M->264M(724M) 5.027ms
[297.695s][info][gc,cpu      ] GC(503) User=0.01s Sys=0.01s Real=0.01s
[298.795s][info][gc,start    ] GC(504) Pause Young (Mixed) (G1 Evacuation Pause)
[298.795s][info][gc,task     ] GC(504) Using 2 workers of 2 for evacuation
[298.801s][info][gc,phases   ] GC(504)   Pre Evacuate Collection Set: 0.28ms
[298.801s][info][gc,phases   ] GC(504)   Merge Heap Roots: 0.14ms
[298.801s][info][gc,phases   ] GC(504)   Evacuate Collection Set: 4.54ms
[298.801s][info][gc,phases   ] GC(504)   Post Evacuate Collection Set: 0.75ms
[298.801s][info][gc,phases   ] GC(504)   Other: 0.10ms
[298.801s][info][gc,heap     ] GC(504) Eden regions: 420->0(420)
[298.801s][info][gc,heap     ] GC(504) Survivor regions: 2->2(53)
[298.801s][info][gc,heap     ] GC(504) Old regions: 56->56
[298.801s][info][gc,heap     ] GC(504) Humongous regions: 207->207
[298.801s][info][gc,metaspace] GC(504) Metaspace: 57094K(57408K)->57094K(57408K) NonClass: 48812K(49024K)->48812K(49024K) Class: 8281K(8384K)->8281K(8384K)
[298.801s][info][gc          ] GC(504) Pause Young (Mixed) (G1 Evacuation Pause) 684M->264M(724M) 5.987ms
[298.801s][info][gc,cpu      ] GC(504) User=0.01s Sys=0.00s Real=0.00s
[299.892s][info][gc,start    ] GC(505) Pause Young (Concurrent Start) (G1 Evacuation Pause)
[299.892s][info][gc,task     ] GC(505) Using 2 workers of 2 for evacuation
[299.897s][info][gc,phases   ] GC(505)   Pre Evacuate Collection Set: 0.27ms
[299.897s][info][gc,phases   ] GC(505)   Merge Heap Roots: 0.13ms
[299.897s][info][gc,phases   ] GC(505)   Evacuate Collection Set: 3.33ms
[299.897s][info][gc,phases   ] GC(505)   Post Evacuate Collection Set: 0.78ms
[299.897s][info][gc,phases   ] GC(505)   Other: 0.13ms
[299.897s][info][gc,heap     ] GC(505) Eden regions: 420->0(420)
[299.897s][info][gc,heap     ] GC(505) Survivor regions: 2->2(53)
[299.897s][info][gc,heap     ] GC(505) Old regions: 56->56
[299.897s][info][gc,heap     ] GC(505) Humongous regions: 207->207
[299.897s][info][gc,metaspace] GC(505) Metaspace: 57094K(57408K)->57094K(57408K) NonClass: 48812K(49024K)->48812K(49024K) Class: 8281K(8384K)->8281K(8384K)
[299.897s][info][gc          ] GC(505) Pause Young (Concurrent Start) (G1 Evacuation Pause) 684M->263M(724M) 4.824ms
[299.897s][info][gc          ] GC(506) Concurrent Mark Cycle
[299.897s][info][gc,marking  ] GC(506) Concurrent Scan Root Regions
[299.898s][info][gc,cpu      ] GC(505) User=0.01s Sys=0.01s Real=0.01s
[299.903s][info][gc,marking  ] GC(506) Concurrent Scan Root Regions 5.905ms
[299.903s][info][gc,marking  ] GC(506) Concurrent Mark
[299.903s][info][gc,marking  ] GC(506) Concurrent Mark From Roots
[299.903s][info][gc,task     ] GC(506) Using 1 workers of 1 for marking
[299.963s][info][gc,marking  ] GC(506) Concurrent Mark From Roots 60.150ms
[299.963s][info][gc,marking  ] GC(506) Concurrent Preclean
[299.963s][info][gc,marking  ] GC(506) Concurrent Preclean 0.118ms
[299.963s][info][gc,start    ] GC(506) Pause Remark
[299.976s][info][gc          ] GC(506) Pause Remark 295M->295M(724M) 12.317ms
[299.976s][info][gc,cpu      ] GC(506) User=0.02s Sys=0.00s Real=0.02s
[299.976s][info][gc,marking  ] GC(506) Concurrent Mark 73.130ms
[299.976s][info][gc,marking  ] GC(506) Concurrent Rebuild Remembered Sets and Scrub Regions
[300.023s][info][gc,marking  ] GC(506) Concurrent Rebuild Remembered Sets and Scrub Regions 47.297ms
[300.024s][info][gc,start    ] GC(506) Pause Cleanup
[300.024s][info][gc          ] GC(506) Pause Cleanup 316M->316M(724M) 0.083ms
[300.024s][info][gc,cpu      ] GC(506) User=0.00s Sys=0.00s Real=0.00s
[300.024s][info][gc,marking  ] GC(506) Concurrent Clear Claimed Marks
[300.024s][info][gc,marking  ] GC(506) Concurrent Clear Claimed Marks 0.097ms
[300.024s][info][gc,marking  ] GC(506) Concurrent Cleanup for Next Mark
[300.030s][info][gc,marking  ] GC(506) Concurrent Cleanup for Next Mark 5.890ms
[300.030s][info][gc          ] GC(506) Concurrent Mark Cycle 133.429ms
[300.990s][info][gc,start    ] GC(507) Pause Young (Prepare Mixed) (G1 Evacuation Pause)
[300.990s][info][gc,task     ] GC(507) Using 2 workers of 2 for evacuation
[300.994s][info][gc,phases   ] GC(507)   Pre Evacuate Collection Set: 0.26ms
[300.994s][info][gc,phases   ] GC(507)   Merge Heap Roots: 0.15ms
[300.994s][info][gc,phases   ] GC(507)   Evacuate Collection Set: 2.62ms
[300.994s][info][gc,phases   ] GC(507)   Post Evacuate Collection Set: 0.72ms
[300.994s][info][gc,phases   ] GC(507)   Other: 0.12ms
[300.994s][info][gc,heap     ] GC(507) Eden regions: 420->0(422)
[300.994s][info][gc,heap     ] GC(507) Survivor regions: 2->1(53)
[300.994s][info][gc,heap     ] GC(507) Old regions: 56->56
[300.994s][info][gc,heap     ] GC(507) Humongous regions: 207->207
[300.994s][info][gc,metaspace] GC(507) Metaspace: 57094K(57408K)->57094K(57408K) NonClass: 48812K(49024K)->48812K(49024K) Class: 8281K(8384K)->8281K(8384K)
[300.994s][info][gc          ] GC(507) Pause Young (Prepare Mixed) (G1 Evacuation Pause) 683M->263M(724M) 4.047ms
[300.994s][info][gc,cpu      ] GC(507) User=0.00s Sys=0.00s Real=0.01s
[302.095s][info][gc,start    ] GC(508) Pause Young (Mixed) (G1 Evacuation Pause)
[302.095s][info][gc,task     ] GC(508) Using 2 workers of 2 for evacuation
[302.100s][info][gc,phases   ] GC(508)   Pre Evacuate Collection Set: 0.27ms
[302.100s][info][gc,phases   ] GC(508)   Merge Heap Roots: 0.15ms
[302.100s][info][gc,phases   ] GC(508)   Evacuate Collection Set: 3.99ms
[302.100s][info][gc,phases   ] GC(508)   Post Evacuate Collection Set: 0.76ms
[302.100s][info][gc,phases   ] GC(508)   Other: 0.11ms
[302.100s][info][gc,heap     ] GC(508) Eden regions: 422->0(420)
[302.100s][info][gc,heap     ] GC(508) Survivor regions: 1->2(53)
[302.100s][info][gc,heap     ] GC(508) Old regions: 56->56
[302.100s][info][gc,heap     ] GC(508) Humongous regions: 207->207
[302.100s][info][gc,metaspace] GC(508) Metaspace: 57094K(57408K)->57094K(57408K) NonClass: 48812K(49024K)->48812K(49024K) Class: 8281K(8384K)->8281K(8384K)
[302.100s][info][gc          ] GC(508) Pause Young (Mixed) (G1 Evacuation Pause) 685M->263M(724M) 5.461ms
[302.100s][info][gc,cpu      ] GC(508) User=0.01s Sys=0.00s Real=0.00s
[303.192s][info][gc,start    ] GC(509) Pause Young (Concurrent Start) (G1 Evacuation Pause)
[303.192s][info][gc,task     ] GC(509) Using 2 workers of 2 for evacuation
[303.197s][info][gc,phases   ] GC(509)   Pre Evacuate Collection Set: 0.28ms
[303.197s][info][gc,phases   ] GC(509)   Merge Heap Roots: 0.12ms
[303.197s][info][gc,phases   ] GC(509)   Evacuate Collection Set: 3.41ms
[303.197s][info][gc,phases   ] GC(509)   Post Evacuate Collection Set: 0.72ms
[303.197s][info][gc,phases   ] GC(509)   Other: 0.10ms
[303.197s][info][gc,heap     ] GC(509) Eden regions: 420->0(420)
[303.197s][info][gc,heap     ] GC(509) Survivor regions: 2->2(53)
[303.197s][info][gc,heap     ] GC(509) Old regions: 56->56
[303.197s][info][gc,heap     ] GC(509) Humongous regions: 207->207
[303.197s][info][gc,metaspace] GC(509) Metaspace: 57097K(57408K)->57097K(57408K) NonClass: 48815K(49024K)->48815K(49024K) Class: 8281K(8384K)->8281K(8384K)
[303.197s][info][gc          ] GC(509) Pause Young (Concurrent Start) (G1 Evacuation Pause) 683M->264M(724M) 4.845ms
[303.197s][info][gc,cpu      ] GC(509) User=0.01s Sys=0.00s Real=0.01s
[303.197s][info][gc          ] GC(510) Concurrent Mark Cycle
[303.199s][info][gc,marking  ] GC(510) Concurrent Scan Root Regions
[303.202s][info][gc,marking  ] GC(510) Concurrent Scan Root Regions 2.578ms
[303.202s][info][gc,marking  ] GC(510) Concurrent Mark
[303.202s][info][gc,marking  ] GC(510) Concurrent Mark From Roots
[303.202s][info][gc,task     ] GC(510) Using 1 workers of 1 for marking
[303.268s][info][gc,marking  ] GC(510) Concurrent Mark From Roots 66.397ms
[303.268s][info][gc,marking  ] GC(510) Concurrent Preclean
[303.268s][info][gc,marking  ] GC(510) Concurrent Preclean 0.053ms
[303.268s][info][gc,start    ] GC(510) Pause Remark
[303.278s][info][gc          ] GC(510) Pause Remark 297M->297M(724M) 9.854ms
[303.278s][info][gc,cpu      ] GC(510) User=0.02s Sys=0.00s Real=0.01s
[303.278s][info][gc,marking  ] GC(510) Concurrent Mark 76.596ms
[303.278s][info][gc,marking  ] GC(510) Concurrent Rebuild Remembered Sets and Scrub Regions
[303.296s][info][gc,marking  ] GC(510) Concurrent Rebuild Remembered Sets and Scrub Regions 18.185ms
[303.297s][info][gc,start    ] GC(510) Pause Cleanup
[303.297s][info][gc          ] GC(510) Pause Cleanup 304M->304M(724M) 0.065ms
[303.297s][info][gc,cpu      ] GC(510) User=0.00s Sys=0.00s Real=0.00s
[303.297s][info][gc,marking  ] GC(510) Concurrent Clear Claimed Marks
[303.297s][info][gc,marking  ] GC(510) Concurrent Clear Claimed Marks 0.087ms
[303.297s][info][gc,marking  ] GC(510) Concurrent Cleanup for Next Mark
[303.299s][info][gc,marking  ] GC(510) Concurrent Cleanup for Next Mark 2.154ms
[303.299s][info][gc          ] GC(510) Concurrent Mark Cycle 101.911ms
[304.292s][info][gc,start    ] GC(511) Pause Young (Prepare Mixed) (G1 Evacuation Pause)
[304.292s][info][gc,task     ] GC(511) Using 2 workers of 2 for evacuation
[304.297s][info][gc,phases   ] GC(511)   Pre Evacuate Collection Set: 0.27ms
[304.297s][info][gc,phases   ] GC(511)   Merge Heap Roots: 0.15ms
[304.297s][info][gc,phases   ] GC(511)   Evacuate Collection Set: 3.08ms
[304.297s][info][gc,phases   ] GC(511)   Post Evacuate Collection Set: 0.77ms
[304.297s][info][gc,phases   ] GC(511)   Other: 0.08ms
[304.297s][info][gc,heap     ] GC(511) Eden regions: 420->0(420)
[304.297s][info][gc,heap     ] GC(511) Survivor regions: 2->2(53)
[304.297s][info][gc,heap     ] GC(511) Old regions: 56->56
[304.297s][info][gc,heap     ] GC(511) Humongous regions: 207->207
[304.297s][info][gc,metaspace] GC(511) Metaspace: 57097K(57408K)->57097K(57408K) NonClass: 48815K(49024K)->48815K(49024K) Class: 8281K(8384K)->8281K(8384K)
[304.297s][info][gc          ] GC(511) Pause Young (Prepare Mixed) (G1 Evacuation Pause) 684M->263M(724M) 4.529ms
[304.297s][info][gc,cpu      ] GC(511) User=0.00s Sys=0.00s Real=0.01s
[305.396s][info][gc,start    ] GC(512) Pause Young (Mixed) (G1 Evacuation Pause)
[305.396s][info][gc,task     ] GC(512) Using 2 workers of 2 for evacuation
[305.404s][info][gc,phases   ] GC(512)   Pre Evacuate Collection Set: 0.27ms
[305.404s][info][gc,phases   ] GC(512)   Merge Heap Roots: 0.17ms
[305.404s][info][gc,phases   ] GC(512)   Evacuate Collection Set: 6.56ms
[305.404s][info][gc,phases   ] GC(512)   Post Evacuate Collection Set: 0.76ms
[305.404s][info][gc,phases   ] GC(512)   Other: 0.11ms
[305.404s][info][gc,heap     ] GC(512) Eden regions: 420->0(420)
[305.404s][info][gc,heap     ] GC(512) Survivor regions: 2->2(53)
[305.404s][info][gc,heap     ] GC(512) Old regions: 56->56
[305.404s][info][gc,heap     ] GC(512) Humongous regions: 207->207
[305.404s][info][gc,metaspace] GC(512) Metaspace: 57097K(57408K)->57097K(57408K) NonClass: 48815K(49024K)->48815K(49024K) Class: 8281K(8384K)->8281K(8384K)
[305.404s][info][gc          ] GC(512) Pause Young (Mixed) (G1 Evacuation Pause) 683M->264M(724M) 8.083ms
[305.404s][info][gc,cpu      ] GC(512) User=0.02s Sys=0.00s Real=0.01s
[306.495s][info][gc,start    ] GC(513) Pause Young (Concurrent Start) (G1 Evacuation Pause)
[306.495s][info][gc,task     ] GC(513) Using 2 workers of 2 for evacuation
[306.500s][info][gc,phases   ] GC(513)   Pre Evacuate Collection Set: 0.30ms
[306.501s][info][gc,phases   ] GC(513)   Merge Heap Roots: 0.15ms
[306.501s][info][gc,phases   ] GC(513)   Evacuate Collection Set: 4.09ms
[306.501s][info][gc,phases   ] GC(513)   Post Evacuate Collection Set: 0.79ms
[306.501s][info][gc,phases   ] GC(513)   Other: 0.11ms
[306.501s][info][gc,heap     ] GC(513) Eden regions: 420->0(418)
[306.501s][info][gc,heap     ] GC(513) Survivor regions: 2->3(53)
[306.501s][info][gc,heap     ] GC(513) Old regions: 56->56
[306.501s][info][gc,heap     ] GC(513) Humongous regions: 207->207
[306.501s][info][gc,metaspace] GC(513) Metaspace: 57097K(57408K)->57097K(57408K) NonClass: 48815K(49024K)->48815K(49024K) Class: 8281K(8384K)->8281K(8384K)
[306.501s][info][gc          ] GC(513) Pause Young (Concurrent Start) (G1 Evacuation Pause) 684M->264M(724M) 5.636ms
[306.501s][info][gc,cpu      ] GC(513) User=0.01s Sys=0.00s Real=0.00s
[306.501s][info][gc          ] GC(514) Concurrent Mark Cycle
[306.502s][info][gc,marking  ] GC(514) Concurrent Scan Root Regions
[306.511s][info][gc,marking  ] GC(514) Concurrent Scan Root Regions 9.142ms
[306.511s][info][gc,marking  ] GC(514) Concurrent Mark
[306.511s][info][gc,marking  ] GC(514) Concurrent Mark From Roots
[306.511s][info][gc,task     ] GC(514) Using 1 workers of 1 for marking
[306.571s][info][gc,marking  ] GC(514) Concurrent Mark From Roots 60.524ms
[306.572s][info][gc,marking  ] GC(514) Concurrent Preclean
[306.572s][info][gc,marking  ] GC(514) Concurrent Preclean 0.058ms
[306.572s][info][gc,start    ] GC(514) Pause Remark
[306.582s][info][gc          ] GC(514) Pause Remark 293M->293M(724M) 9.936ms
[306.582s][info][gc,cpu      ] GC(514) User=0.02s Sys=0.00s Real=0.01s
[306.582s][info][gc,marking  ] GC(514) Concurrent Mark 71.132ms
[306.582s][info][gc,marking  ] GC(514) Concurrent Rebuild Remembered Sets and Scrub Regions
[306.615s][info][gc,marking  ] GC(514) Concurrent Rebuild Remembered Sets and Scrub Regions 32.497ms
[306.615s][info][gc,start    ] GC(514) Pause Cleanup
[306.615s][info][gc          ] GC(514) Pause Cleanup 311M->311M(724M) 0.085ms
[306.615s][info][gc,cpu      ] GC(514) User=0.00s Sys=0.00s Real=0.00s
[306.615s][info][gc,marking  ] GC(514) Concurrent Clear Claimed Marks
[306.615s][info][gc,marking  ] GC(514) Concurrent Clear Claimed Marks 0.108ms
[306.615s][info][gc,marking  ] GC(514) Concurrent Cleanup for Next Mark
[306.619s][info][gc,marking  ] GC(514) Concurrent Cleanup for Next Mark 4.153ms
[306.619s][info][gc          ] GC(514) Concurrent Mark Cycle 118.515ms
[307.595s][info][gc,start    ] GC(515) Pause Young (Prepare Mixed) (G1 Evacuation Pause)
[307.595s][info][gc,task     ] GC(515) Using 2 workers of 2 for evacuation
[307.600s][info][gc,phases   ] GC(515)   Pre Evacuate Collection Set: 0.25ms
[307.600s][info][gc,phases   ] GC(515)   Merge Heap Roots: 0.15ms
[307.600s][info][gc,phases   ] GC(515)   Evacuate Collection Set: 3.69ms
[307.600s][info][gc,phases   ] GC(515)   Post Evacuate Collection Set: 0.74ms
[307.600s][info][gc,phases   ] GC(515)   Other: 0.08ms
[307.600s][info][gc,heap     ] GC(515) Eden regions: 418->0(418)
[307.600s][info][gc,heap     ] GC(515) Survivor regions: 3->3(53)
[307.600s][info][gc,heap     ] GC(515) Old regions: 56->56
[307.600s][info][gc,heap     ] GC(515) Humongous regions: 207->207
[307.600s][info][gc,metaspace] GC(515) Metaspace: 57097K(57408K)->57097K(57408K) NonClass: 48815K(49024K)->48815K(49024K) Class: 8281K(8384K)->8281K(8384K)
[307.600s][info][gc          ] GC(515) Pause Young (Prepare Mixed) (G1 Evacuation Pause) 682M->264M(724M) 5.097ms
[307.600s][info][gc,cpu      ] GC(515) User=0.01s Sys=0.00s Real=0.00s
[308.691s][info][gc,start    ] GC(516) Pause Young (Mixed) (G1 Evacuation Pause)
[308.691s][info][gc,task     ] GC(516) Using 2 workers of 2 for evacuation
[308.698s][info][gc,phases   ] GC(516)   Pre Evacuate Collection Set: 0.26ms
[308.698s][info][gc,phases   ] GC(516)   Merge Heap Roots: 0.16ms
[308.698s][info][gc,phases   ] GC(516)   Evacuate Collection Set: 5.70ms
[308.698s][info][gc,phases   ] GC(516)   Post Evacuate Collection Set: 0.77ms
[308.698s][info][gc,phases   ] GC(516)   Other: 0.11ms
[308.698s][info][gc,heap     ] GC(516) Eden regions: 418->0(420)
[308.698s][info][gc,heap     ] GC(516) Survivor regions: 3->2(53)
[308.698s][info][gc,heap     ] GC(516) Old regions: 56->56
[308.698s][info][gc,heap     ] GC(516) Humongous regions: 207->207
[308.698s][info][gc,metaspace] GC(516) Metaspace: 57097K(57408K)->57097K(57408K) NonClass: 48815K(49024K)->48815K(49024K) Class: 8281K(8384K)->8281K(8384K)
[308.698s][info][gc          ] GC(516) Pause Young (Mixed) (G1 Evacuation Pause) 682M->263M(724M) 7.196ms
[308.698s][info][gc,cpu      ] GC(516) User=0.01s Sys=0.00s Real=0.01s
[309.788s][info][gc,start    ] GC(517) Pause Young (Concurrent Start) (G1 Evacuation Pause)
[309.788s][info][gc,task     ] GC(517) Using 2 workers of 2 for evacuation
[309.792s][info][gc,phases   ] GC(517)   Pre Evacuate Collection Set: 0.33ms
[309.792s][info][gc,phases   ] GC(517)   Merge Heap Roots: 0.12ms
[309.792s][info][gc,phases   ] GC(517)   Evacuate Collection Set: 3.21ms
[309.792s][info][gc,phases   ] GC(517)   Post Evacuate Collection Set: 0.74ms
[309.792s][info][gc,phases   ] GC(517)   Other: 0.12ms
[309.792s][info][gc,heap     ] GC(517) Eden regions: 420->0(420)
[309.792s][info][gc,heap     ] GC(517) Survivor regions: 2->2(53)
[309.792s][info][gc,heap     ] GC(517) Old regions: 56->56
[309.792s][info][gc,heap     ] GC(517) Humongous regions: 207->207
[309.792s][info][gc,metaspace] GC(517) Metaspace: 57103K(57408K)->57103K(57408K) NonClass: 48821K(49024K)->48821K(49024K) Class: 8281K(8384K)->8281K(8384K)
[309.792s][info][gc          ] GC(517) Pause Young (Concurrent Start) (G1 Evacuation Pause) 683M->263M(724M) 4.721ms
[309.792s][info][gc          ] GC(518) Concurrent Mark Cycle
[309.793s][info][gc,marking  ] GC(518) Concurrent Scan Root Regions
[309.795s][info][gc,cpu      ] GC(517) User=0.01s Sys=0.00s Real=0.01s
[309.795s][info][gc,marking  ] GC(518) Concurrent Scan Root Regions 2.123ms
[309.795s][info][gc,marking  ] GC(518) Concurrent Mark
[309.795s][info][gc,marking  ] GC(518) Concurrent Mark From Roots
[309.795s][info][gc,task     ] GC(518) Using 1 workers of 1 for marking
[309.856s][info][gc,marking  ] GC(518) Concurrent Mark From Roots 61.647ms
[309.856s][info][gc,marking  ] GC(518) Concurrent Preclean
[309.856s][info][gc,marking  ] GC(518) Concurrent Preclean 0.075ms
[309.857s][info][gc,start    ] GC(518) Pause Remark
[309.867s][info][gc          ] GC(518) Pause Remark 295M->295M(724M) 10.176ms
[309.867s][info][gc,cpu      ] GC(518) User=0.02s Sys=0.00s Real=0.01s
[309.867s][info][gc,marking  ] GC(518) Concurrent Mark 72.298ms
[309.867s][info][gc,marking  ] GC(518) Concurrent Rebuild Remembered Sets and Scrub Regions
[309.889s][info][gc,marking  ] GC(518) Concurrent Rebuild Remembered Sets and Scrub Regions 22.296ms
[309.890s][info][gc,start    ] GC(518) Pause Cleanup
[309.890s][info][gc          ] GC(518) Pause Cleanup 301M->301M(724M) 0.092ms
[309.890s][info][gc,cpu      ] GC(518) User=0.00s Sys=0.00s Real=0.00s
[309.890s][info][gc,marking  ] GC(518) Concurrent Clear Claimed Marks
[309.890s][info][gc,marking  ] GC(518) Concurrent Clear Claimed Marks 0.092ms
[309.890s][info][gc,marking  ] GC(518) Concurrent Cleanup for Next Mark
[309.892s][info][gc,marking  ] GC(518) Concurrent Cleanup for Next Mark 2.163ms
[309.892s][info][gc          ] GC(518) Concurrent Mark Cycle 99.504ms
[310.897s][info][gc,start    ] GC(519) Pause Young (Prepare Mixed) (G1 Evacuation Pause)
[310.897s][info][gc,task     ] GC(519) Using 2 workers of 2 for evacuation
[310.903s][info][gc,phases   ] GC(519)   Pre Evacuate Collection Set: 0.28ms
[310.903s][info][gc,phases   ] GC(519)   Merge Heap Roots: 0.15ms
[310.903s][info][gc,phases   ] GC(519)   Evacuate Collection Set: 4.75ms
[310.903s][info][gc,phases   ] GC(519)   Post Evacuate Collection Set: 0.76ms
[310.903s][info][gc,phases   ] GC(519)   Other: 0.12ms
[310.903s][info][gc,heap     ] GC(519) Eden regions: 420->0(420)
[310.903s][info][gc,heap     ] GC(519) Survivor regions: 2->2(53)
[310.903s][info][gc,heap     ] GC(519) Old regions: 56->56
[310.903s][info][gc,heap     ] GC(519) Humongous regions: 207->207
[310.903s][info][gc,metaspace] GC(519) Metaspace: 57103K(57408K)->57103K(57408K) NonClass: 48821K(49024K)->48821K(49024K) Class: 8281K(8384K)->8281K(8384K)
[310.903s][info][gc          ] GC(519) Pause Young (Prepare Mixed) (G1 Evacuation Pause) 683M->264M(724M) 6.259ms
[310.903s][info][gc,cpu      ] GC(519) User=0.00s Sys=0.00s Real=0.00s
[311.988s][info][gc,start    ] GC(520) Pause Young (Mixed) (G1 Evacuation Pause)
[311.988s][info][gc,task     ] GC(520) Using 2 workers of 2 for evacuation
[311.995s][info][gc,phases   ] GC(520)   Pre Evacuate Collection Set: 0.29ms
[311.995s][info][gc,phases   ] GC(520)   Merge Heap Roots: 0.17ms
[311.995s][info][gc,phases   ] GC(520)   Evacuate Collection Set: 5.52ms
[311.995s][info][gc,phases   ] GC(520)   Post Evacuate Collection Set: 0.76ms
[311.995s][info][gc,phases   ] GC(520)   Other: 0.10ms
[311.995s][info][gc,heap     ] GC(520) Eden regions: 420->0(422)
[311.995s][info][gc,heap     ] GC(520) Survivor regions: 2->1(53)
[311.995s][info][gc,heap     ] GC(520) Old regions: 56->56
[311.995s][info][gc,heap     ] GC(520) Humongous regions: 207->207
[311.995s][info][gc,metaspace] GC(520) Metaspace: 57103K(57408K)->57103K(57408K) NonClass: 48821K(49024K)->48821K(49024K) Class: 8281K(8384K)->8281K(8384K)
[311.995s][info][gc          ] GC(520) Pause Young (Mixed) (G1 Evacuation Pause) 684M->263M(724M) 7.017ms
[311.995s][info][gc,cpu      ] GC(520) User=0.01s Sys=0.00s Real=0.01s
[313.191s][info][gc,start    ] GC(521) Pause Young (Concurrent Start) (G1 Evacuation Pause)
[313.191s][info][gc,task     ] GC(521) Using 2 workers of 2 for evacuation
[313.196s][info][gc,phases   ] GC(521)   Pre Evacuate Collection Set: 0.31ms
[313.196s][info][gc,phases   ] GC(521)   Merge Heap Roots: 0.14ms
[313.196s][info][gc,phases   ] GC(521)   Evacuate Collection Set: 3.38ms
[313.196s][info][gc,phases   ] GC(521)   Post Evacuate Collection Set: 0.78ms
[313.196s][info][gc,phases   ] GC(521)   Other: 0.11ms
[313.196s][info][gc,heap     ] GC(521) Eden regions: 422->0(420)
[313.196s][info][gc,heap     ] GC(521) Survivor regions: 1->2(53)
[313.196s][info][gc,heap     ] GC(521) Old regions: 56->56
[313.196s][info][gc,heap     ] GC(521) Humongous regions: 207->207
[313.196s][info][gc,metaspace] GC(521) Metaspace: 57103K(57408K)->57103K(57408K) NonClass: 48821K(49024K)->48821K(49024K) Class: 8281K(8384K)->8281K(8384K)
[313.196s][info][gc          ] GC(521) Pause Young (Concurrent Start) (G1 Evacuation Pause) 685M->263M(724M) 4.892ms
[313.196s][info][gc,cpu      ] GC(521) User=0.01s Sys=0.00s Real=0.01s
[313.196s][info][gc          ] GC(522) Concurrent Mark Cycle
[313.199s][info][gc,marking  ] GC(522) Concurrent Scan Root Regions
[313.204s][info][gc,marking  ] GC(522) Concurrent Scan Root Regions 5.117ms
[313.204s][info][gc,marking  ] GC(522) Concurrent Mark
[313.204s][info][gc,marking  ] GC(522) Concurrent Mark From Roots
[313.204s][info][gc,task     ] GC(522) Using 1 workers of 1 for marking
[313.263s][info][gc,marking  ] GC(522) Concurrent Mark From Roots 59.094ms
[313.263s][info][gc,marking  ] GC(522) Concurrent Preclean
[313.263s][info][gc,marking  ] GC(522) Concurrent Preclean 0.059ms
[313.264s][info][gc,start    ] GC(522) Pause Remark
[313.273s][info][gc          ] GC(522) Pause Remark 297M->297M(724M) 9.846ms
[313.273s][info][gc,cpu      ] GC(522) User=0.02s Sys=0.00s Real=0.01s
[313.274s][info][gc,marking  ] GC(522) Concurrent Mark 69.449ms
[313.274s][info][gc,marking  ] GC(522) Concurrent Rebuild Remembered Sets and Scrub Regions
[313.299s][info][gc,marking  ] GC(522) Concurrent Rebuild Remembered Sets and Scrub Regions 25.369ms
[313.299s][info][gc,start    ] GC(522) Pause Cleanup
[313.299s][info][gc          ] GC(522) Pause Cleanup 307M->307M(724M) 0.070ms
[313.299s][info][gc,cpu      ] GC(522) User=0.00s Sys=0.00s Real=0.00s
[313.299s][info][gc,marking  ] GC(522) Concurrent Clear Claimed Marks
[313.299s][info][gc,marking  ] GC(522) Concurrent Clear Claimed Marks 0.091ms
[313.299s][info][gc,marking  ] GC(522) Concurrent Cleanup for Next Mark
[313.302s][info][gc,marking  ] GC(522) Concurrent Cleanup for Next Mark 2.121ms
[313.302s][info][gc          ] GC(522) Concurrent Mark Cycle 105.397ms
[314.290s][info][gc,start    ] GC(523) Pause Young (Prepare Mixed) (G1 Evacuation Pause)
[314.290s][info][gc,task     ] GC(523) Using 2 workers of 2 for evacuation
[314.294s][info][gc,phases   ] GC(523)   Pre Evacuate Collection Set: 0.27ms
[314.294s][info][gc,phases   ] GC(523)   Merge Heap Roots: 0.14ms
[314.294s][info][gc,phases   ] GC(523)   Evacuate Collection Set: 2.83ms
[314.294s][info][gc,phases   ] GC(523)   Post Evacuate Collection Set: 0.72ms
[314.294s][info][gc,phases   ] GC(523)   Other: 0.09ms
[314.294s][info][gc,heap     ] GC(523) Eden regions: 420->0(422)
[314.295s][info][gc,heap     ] GC(523) Survivor regions: 2->1(53)
[314.295s][info][gc,heap     ] GC(523) Old regions: 56->56
[314.295s][info][gc,heap     ] GC(523) Humongous regions: 207->207
[314.295s][info][gc,metaspace] GC(523) Metaspace: 57103K(57408K)->57103K(57408K) NonClass: 48821K(49024K)->48821K(49024K) Class: 8281K(8384K)->8281K(8384K)
[314.295s][info][gc          ] GC(523) Pause Young (Prepare Mixed) (G1 Evacuation Pause) 683M->263M(724M) 4.247ms
[314.295s][info][gc,cpu      ] GC(523) User=0.00s Sys=0.00s Real=0.01s
[315.393s][info][gc,start    ] GC(524) Pause Young (Mixed) (G1 Evacuation Pause)
[315.393s][info][gc,task     ] GC(524) Using 2 workers of 2 for evacuation
[315.400s][info][gc,phases   ] GC(524)   Pre Evacuate Collection Set: 0.27ms
[315.400s][info][gc,phases   ] GC(524)   Merge Heap Roots: 0.18ms
[315.400s][info][gc,phases   ] GC(524)   Evacuate Collection Set: 5.04ms
[315.400s][info][gc,phases   ] GC(524)   Post Evacuate Collection Set: 0.81ms
[315.400s][info][gc,phases   ] GC(524)   Other: 0.10ms
[315.400s][info][gc,heap     ] GC(524) Eden regions: 422->0(422)
[315.400s][info][gc,heap     ] GC(524) Survivor regions: 1->1(53)
[315.400s][info][gc,heap     ] GC(524) Old regions: 56->56
[315.400s][info][gc,heap     ] GC(524) Humongous regions: 207->207
[315.400s][info][gc,metaspace] GC(524) Metaspace: 57103K(57408K)->57103K(57408K) NonClass: 48821K(49024K)->48821K(49024K) Class: 8281K(8384K)->8281K(8384K)
[315.400s][info][gc          ] GC(524) Pause Young (Mixed) (G1 Evacuation Pause) 685M->263M(724M) 6.576ms
[315.400s][info][gc,cpu      ] GC(524) User=0.01s Sys=0.00s Real=0.01s
[316.496s][info][gc,start    ] GC(525) Pause Young (Concurrent Start) (G1 Evacuation Pause)
[316.496s][info][gc,task     ] GC(525) Using 2 workers of 2 for evacuation
[316.501s][info][gc,phases   ] GC(525)   Pre Evacuate Collection Set: 0.30ms
[316.501s][info][gc,phases   ] GC(525)   Merge Heap Roots: 0.13ms
[316.501s][info][gc,phases   ] GC(525)   Evacuate Collection Set: 3.85ms
[316.501s][info][gc,phases   ] GC(525)   Post Evacuate Collection Set: 0.82ms
[316.501s][info][gc,phases   ] GC(525)   Other: 0.11ms
[316.501s][info][gc,heap     ] GC(525) Eden regions: 422->0(420)
[316.501s][info][gc,heap     ] GC(525) Survivor regions: 1->2(53)
[316.501s][info][gc,heap     ] GC(525) Old regions: 56->56
[316.501s][info][gc,heap     ] GC(525) Humongous regions: 207->207
[316.501s][info][gc,metaspace] GC(525) Metaspace: 57103K(57408K)->57103K(57408K) NonClass: 48821K(49024K)->48821K(49024K) Class: 8281K(8384K)->8281K(8384K)
[316.501s][info][gc          ] GC(525) Pause Young (Concurrent Start) (G1 Evacuation Pause) 685M->264M(724M) 5.385ms
[316.501s][info][gc,cpu      ] GC(525) User=0.01s Sys=0.00s Real=0.00s
[316.502s][info][gc          ] GC(526) Concurrent Mark Cycle
[316.502s][info][gc,marking  ] GC(526) Concurrent Scan Root Regions
[316.506s][info][gc,marking  ] GC(526) Concurrent Scan Root Regions 4.383ms
[316.506s][info][gc,marking  ] GC(526) Concurrent Mark
[316.506s][info][gc,marking  ] GC(526) Concurrent Mark From Roots
[316.506s][info][gc,task     ] GC(526) Using 1 workers of 1 for marking
[316.566s][info][gc,marking  ] GC(526) Concurrent Mark From Roots 60.396ms
[316.567s][info][gc,marking  ] GC(526) Concurrent Preclean
[316.567s][info][gc,marking  ] GC(526) Concurrent Preclean 0.069ms
[316.567s][info][gc,start    ] GC(526) Pause Remark
[316.577s][info][gc          ] GC(526) Pause Remark 294M->294M(724M) 9.772ms
[316.577s][info][gc,cpu      ] GC(526) User=0.02s Sys=0.00s Real=0.01s
[316.577s][info][gc,marking  ] GC(526) Concurrent Mark 70.725ms
[316.577s][info][gc,marking  ] GC(526) Concurrent Rebuild Remembered Sets and Scrub Regions
[316.602s][info][gc,marking  ] GC(526) Concurrent Rebuild Remembered Sets and Scrub Regions 25.159ms
[316.602s][info][gc,start    ] GC(526) Pause Cleanup
[316.603s][info][gc          ] GC(526) Pause Cleanup 306M->306M(724M) 0.090ms
[316.603s][info][gc,cpu      ] GC(526) User=0.00s Sys=0.00s Real=0.00s
[316.603s][info][gc,marking  ] GC(526) Concurrent Clear Claimed Marks
[316.603s][info][gc,marking  ] GC(526) Concurrent Clear Claimed Marks 0.109ms
[316.603s][info][gc,marking  ] GC(526) Concurrent Cleanup for Next Mark
[316.607s][info][gc,marking  ] GC(526) Concurrent Cleanup for Next Mark 4.125ms
[316.607s][info][gc          ] GC(526) Concurrent Mark Cycle 105.303ms
[317.599s][info][gc,start    ] GC(527) Pause Young (Prepare Mixed) (G1 Evacuation Pause)
[317.599s][info][gc,task     ] GC(527) Using 2 workers of 2 for evacuation
[317.604s][info][gc,phases   ] GC(527)   Pre Evacuate Collection Set: 0.27ms
[317.604s][info][gc,phases   ] GC(527)   Merge Heap Roots: 0.14ms
[317.604s][info][gc,phases   ] GC(527)   Evacuate Collection Set: 4.06ms
[317.604s][info][gc,phases   ] GC(527)   Post Evacuate Collection Set: 0.73ms
[317.604s][info][gc,phases   ] GC(527)   Other: 0.11ms
[317.604s][info][gc,heap     ] GC(527) Eden regions: 420->0(420)
[317.604s][info][gc,heap     ] GC(527) Survivor regions: 2->2(53)
[317.604s][info][gc,heap     ] GC(527) Old regions: 56->56
[317.604s][info][gc,heap     ] GC(527) Humongous regions: 207->207
[317.604s][info][gc,metaspace] GC(527) Metaspace: 57103K(57408K)->57103K(57408K) NonClass: 48821K(49024K)->48821K(49024K) Class: 8281K(8384K)->8281K(8384K)
[317.604s][info][gc          ] GC(527) Pause Young (Prepare Mixed) (G1 Evacuation Pause) 684M->264M(724M) 5.498ms
[317.604s][info][gc,cpu      ] GC(527) User=0.01s Sys=0.00s Real=0.01s
[318.695s][info][gc,start    ] GC(528) Pause Young (Mixed) (G1 Evacuation Pause)
[318.695s][info][gc,task     ] GC(528) Using 2 workers of 2 for evacuation
[318.703s][info][gc,phases   ] GC(528)   Pre Evacuate Collection Set: 0.28ms
[318.703s][info][gc,phases   ] GC(528)   Merge Heap Roots: 0.15ms
[318.703s][info][gc,phases   ] GC(528)   Evacuate Collection Set: 6.05ms
[318.703s][info][gc,phases   ] GC(528)   Post Evacuate Collection Set: 0.77ms
[318.703s][info][gc,phases   ] GC(528)   Other: 0.11ms
[318.703s][info][gc,heap     ] GC(528) Eden regions: 420->0(420)
[318.703s][info][gc,heap     ] GC(528) Survivor regions: 2->2(53)
[318.703s][info][gc,heap     ] GC(528) Old regions: 56->56
[318.703s][info][gc,heap     ] GC(528) Humongous regions: 207->207
[318.703s][info][gc,metaspace] GC(528) Metaspace: 57103K(57408K)->57103K(57408K) NonClass: 48821K(49024K)->48821K(49024K) Class: 8281K(8384K)->8281K(8384K)
[318.703s][info][gc          ] GC(528) Pause Young (Mixed) (G1 Evacuation Pause) 684M->263M(724M) 7.551ms
[318.703s][info][gc,cpu      ] GC(528) User=0.02s Sys=0.00s Real=0.00s
[319.799s][info][gc,start    ] GC(529) Pause Young (Concurrent Start) (G1 Evacuation Pause)
[319.799s][info][gc,task     ] GC(529) Using 2 workers of 2 for evacuation
[319.803s][info][gc,phases   ] GC(529)   Pre Evacuate Collection Set: 0.28ms
[319.803s][info][gc,phases   ] GC(529)   Merge Heap Roots: 0.13ms
[319.803s][info][gc,phases   ] GC(529)   Evacuate Collection Set: 2.83ms
[319.803s][info][gc,phases   ] GC(529)   Post Evacuate Collection Set: 0.73ms
[319.803s][info][gc,phases   ] GC(529)   Other: 0.10ms
[319.803s][info][gc,heap     ] GC(529) Eden regions: 420->0(420)
[319.803s][info][gc,heap     ] GC(529) Survivor regions: 2->2(53)
[319.803s][info][gc,heap     ] GC(529) Old regions: 56->56
[319.803s][info][gc,heap     ] GC(529) Humongous regions: 207->207
[319.803s][info][gc,metaspace] GC(529) Metaspace: 57103K(57408K)->57103K(57408K) NonClass: 48821K(49024K)->48821K(49024K) Class: 8281K(8384K)->8281K(8384K)
[319.803s][info][gc          ] GC(529) Pause Young (Concurrent Start) (G1 Evacuation Pause) 683M->263M(724M) 4.273ms
[319.803s][info][gc,cpu      ] GC(529) User=0.00s Sys=0.00s Real=0.00s
[319.803s][info][gc          ] GC(530) Concurrent Mark Cycle
[319.804s][info][gc,marking  ] GC(530) Concurrent Scan Root Regions
[319.808s][info][gc,marking  ] GC(530) Concurrent Scan Root Regions 3.777ms
[319.808s][info][gc,marking  ] GC(530) Concurrent Mark
[319.808s][info][gc,marking  ] GC(530) Concurrent Mark From Roots
[319.808s][info][gc,task     ] GC(530) Using 1 workers of 1 for marking
[319.874s][info][gc,marking  ] GC(530) Concurrent Mark From Roots 66.472ms
[319.874s][info][gc,marking  ] GC(530) Concurrent Preclean
[319.875s][info][gc,marking  ] GC(530) Concurrent Preclean 0.075ms
[319.875s][info][gc,start    ] GC(530) Pause Remark
[319.885s][info][gc          ] GC(530) Pause Remark 293M->293M(724M) 9.951ms
[319.885s][info][gc,cpu      ] GC(530) User=0.02s Sys=0.00s Real=0.01s
[319.888s][info][gc,marking  ] GC(530) Concurrent Mark 79.700ms
[319.888s][info][gc,marking  ] GC(530) Concurrent Rebuild Remembered Sets and Scrub Regions
[319.926s][info][gc,marking  ] GC(530) Concurrent Rebuild Remembered Sets and Scrub Regions 38.225ms
[319.926s][info][gc,start    ] GC(530) Pause Cleanup
[319.926s][info][gc          ] GC(530) Pause Cleanup 317M->317M(724M) 0.076ms
[319.926s][info][gc,cpu      ] GC(530) User=0.00s Sys=0.00s Real=0.00s
[319.927s][info][gc,marking  ] GC(530) Concurrent Clear Claimed Marks
[319.927s][info][gc,marking  ] GC(530) Concurrent Clear Claimed Marks 0.105ms
[319.927s][info][gc,marking  ] GC(530) Concurrent Cleanup for Next Mark
[319.933s][info][gc,marking  ] GC(530) Concurrent Cleanup for Next Mark 5.886ms
[319.933s][info][gc          ] GC(530) Concurrent Mark Cycle 129.767ms
[320.908s][info][gc,start    ] GC(531) Pause Young (Prepare Mixed) (G1 Evacuation Pause)
[320.908s][info][gc,task     ] GC(531) Using 2 workers of 2 for evacuation
[320.916s][info][gc,phases   ] GC(531)   Pre Evacuate Collection Set: 1.26ms
[320.916s][info][gc,phases   ] GC(531)   Merge Heap Roots: 0.14ms
[320.916s][info][gc,phases   ] GC(531)   Evacuate Collection Set: 5.57ms
[320.916s][info][gc,phases   ] GC(531)   Post Evacuate Collection Set: 0.75ms
[320.916s][info][gc,phases   ] GC(531)   Other: 0.09ms
[320.916s][info][gc,heap     ] GC(531) Eden regions: 420->0(420)
[320.916s][info][gc,heap     ] GC(531) Survivor regions: 2->2(53)
[320.916s][info][gc,heap     ] GC(531) Old regions: 56->56
[320.916s][info][gc,heap     ] GC(531) Humongous regions: 207->207
[320.916s][info][gc,metaspace] GC(531) Metaspace: 57103K(57408K)->57103K(57408K) NonClass: 48821K(49024K)->48821K(49024K) Class: 8281K(8384K)->8281K(8384K)
[320.916s][info][gc          ] GC(531) Pause Young (Prepare Mixed) (G1 Evacuation Pause) 683M->263M(724M) 8.011ms
[320.916s][info][gc,cpu      ] GC(531) User=0.01s Sys=0.00s Real=0.01s
[321.997s][info][gc,start    ] GC(532) Pause Young (Mixed) (G1 Evacuation Pause)
[321.997s][info][gc,task     ] GC(532) Using 2 workers of 2 for evacuation
[322.004s][info][gc,phases   ] GC(532)   Pre Evacuate Collection Set: 0.28ms
[322.004s][info][gc,phases   ] GC(532)   Merge Heap Roots: 0.15ms
[322.004s][info][gc,phases   ] GC(532)   Evacuate Collection Set: 6.06ms
[322.004s][info][gc,phases   ] GC(532)   Post Evacuate Collection Set: 0.76ms
[322.004s][info][gc,phases   ] GC(532)   Other: 0.10ms
[322.004s][info][gc,heap     ] GC(532) Eden regions: 420->0(420)
[322.004s][info][gc,heap     ] GC(532) Survivor regions: 2->2(53)
[322.004s][info][gc,heap     ] GC(532) Old regions: 56->56
[322.004s][info][gc,heap     ] GC(532) Humongous regions: 207->207
[322.004s][info][gc,metaspace] GC(532) Metaspace: 57103K(57408K)->57103K(57408K) NonClass: 48821K(49024K)->48821K(49024K) Class: 8281K(8384K)->8281K(8384K)
[322.004s][info][gc          ] GC(532) Pause Young (Mixed) (G1 Evacuation Pause) 683M->264M(724M) 7.556ms
[322.004s][info][gc,cpu      ] GC(532) User=0.01s Sys=0.00s Real=0.01s
[323.096s][info][gc,start    ] GC(533) Pause Young (Concurrent Start) (G1 Evacuation Pause)
[323.096s][info][gc,task     ] GC(533) Using 2 workers of 2 for evacuation
[323.102s][info][gc,phases   ] GC(533)   Pre Evacuate Collection Set: 0.34ms
[323.102s][info][gc,phases   ] GC(533)   Merge Heap Roots: 0.14ms
[323.102s][info][gc,phases   ] GC(533)   Evacuate Collection Set: 4.03ms
[323.102s][info][gc,phases   ] GC(533)   Post Evacuate Collection Set: 0.74ms
[323.102s][info][gc,phases   ] GC(533)   Other: 0.10ms
[323.102s][info][gc,heap     ] GC(533) Eden regions: 420->0(420)
[323.102s][info][gc,heap     ] GC(533) Survivor regions: 2->2(53)
[323.102s][info][gc,heap     ] GC(533) Old regions: 56->56
[323.102s][info][gc,heap     ] GC(533) Humongous regions: 207->207
[323.102s][info][gc,metaspace] GC(533) Metaspace: 57103K(57408K)->57103K(57408K) NonClass: 48821K(49024K)->48821K(49024K) Class: 8281K(8384K)->8281K(8384K)
[323.102s][info][gc          ] GC(533) Pause Young (Concurrent Start) (G1 Evacuation Pause) 684M->264M(724M) 5.532ms
[323.102s][info][gc,cpu      ] GC(533) User=0.01s Sys=0.00s Real=0.00s
[323.102s][info][gc          ] GC(534) Concurrent Mark Cycle
[323.102s][info][gc,marking  ] GC(534) Concurrent Scan Root Regions
[323.108s][info][gc,marking  ] GC(534) Concurrent Scan Root Regions 5.653ms
[323.108s][info][gc,marking  ] GC(534) Concurrent Mark
[323.108s][info][gc,marking  ] GC(534) Concurrent Mark From Roots
[323.108s][info][gc,task     ] GC(534) Using 1 workers of 1 for marking
[323.179s][info][gc,marking  ] GC(534) Concurrent Mark From Roots 70.857ms
[323.179s][info][gc,marking  ] GC(534) Concurrent Preclean
[323.179s][info][gc,marking  ] GC(534) Concurrent Preclean 0.058ms
[323.179s][info][gc,start    ] GC(534) Pause Remark
[323.189s][info][gc          ] GC(534) Pause Remark 294M->294M(724M) 9.924ms
[323.189s][info][gc,cpu      ] GC(534) User=0.02s Sys=0.00s Real=0.01s
[323.189s][info][gc,marking  ] GC(534) Concurrent Mark 81.405ms
[323.189s][info][gc,marking  ] GC(534) Concurrent Rebuild Remembered Sets and Scrub Regions
[323.237s][info][gc,marking  ] GC(534) Concurrent Rebuild Remembered Sets and Scrub Regions 47.927ms
[323.239s][info][gc,start    ] GC(534) Pause Cleanup
[323.239s][info][gc          ] GC(534) Pause Cleanup 321M->321M(724M) 0.089ms
[323.239s][info][gc,cpu      ] GC(534) User=0.00s Sys=0.00s Real=0.00s
[323.239s][info][gc,marking  ] GC(534) Concurrent Clear Claimed Marks
[323.240s][info][gc,marking  ] GC(534) Concurrent Clear Claimed Marks 0.107ms
[323.240s][info][gc,marking  ] GC(534) Concurrent Cleanup for Next Mark
[323.244s][info][gc,marking  ] GC(534) Concurrent Cleanup for Next Mark 4.876ms
[323.244s][info][gc          ] GC(534) Concurrent Mark Cycle 142.383ms
[324.296s][info][gc,start    ] GC(535) Pause Young (Prepare Mixed) (G1 Evacuation Pause)
[324.296s][info][gc,task     ] GC(535) Using 2 workers of 2 for evacuation
[324.301s][info][gc,phases   ] GC(535)   Pre Evacuate Collection Set: 0.27ms
[324.301s][info][gc,phases   ] GC(535)   Merge Heap Roots: 0.14ms
[324.301s][info][gc,phases   ] GC(535)   Evacuate Collection Set: 3.64ms
[324.301s][info][gc,phases   ] GC(535)   Post Evacuate Collection Set: 0.76ms
[324.301s][info][gc,phases   ] GC(535)   Other: 0.09ms
[324.301s][info][gc,heap     ] GC(535) Eden regions: 420->0(420)
[324.301s][info][gc,heap     ] GC(535) Survivor regions: 2->2(53)
[324.301s][info][gc,heap     ] GC(535) Old regions: 56->56
[324.301s][info][gc,heap     ] GC(535) Humongous regions: 207->207
[324.301s][info][gc,metaspace] GC(535) Metaspace: 57103K(57408K)->57103K(57408K) NonClass: 48821K(49024K)->48821K(49024K) Class: 8281K(8384K)->8281K(8384K)
[324.301s][info][gc          ] GC(535) Pause Young (Prepare Mixed) (G1 Evacuation Pause) 684M->264M(724M) 5.134ms
[324.301s][info][gc,cpu      ] GC(535) User=0.01s Sys=0.00s Real=0.00s
[327.720s][info][gc,start    ] GC(536) Pause Young (Mixed) (G1 Evacuation Pause)
[327.720s][info][gc,task     ] GC(536) Using 2 workers of 2 for evacuation
[327.738s][info][gc,phases   ] GC(536)   Pre Evacuate Collection Set: 0.30ms
[327.739s][info][gc,phases   ] GC(536)   Merge Heap Roots: 0.50ms
[327.739s][info][gc,phases   ] GC(536)   Evacuate Collection Set: 16.75ms
[327.739s][info][gc,phases   ] GC(536)   Post Evacuate Collection Set: 0.89ms
[327.739s][info][gc,phases   ] GC(536)   Other: 0.14ms
[327.739s][info][gc,heap     ] GC(536) Eden regions: 303->0(410)
[327.739s][info][gc,heap     ] GC(536) Survivor regions: 2->14(53)
[327.739s][info][gc,heap     ] GC(536) Old regions: 56->56
[327.739s][info][gc,heap     ] GC(536) Humongous regions: 363->207
[327.739s][info][gc,metaspace] GC(536) Metaspace: 57316K(57664K)->57316K(57664K) NonClass: 49034K(49280K)->49034K(49280K) Class: 8281K(8384K)->8281K(8384K)
[327.739s][info][gc          ] GC(536) Pause Young (Mixed) (G1 Evacuation Pause) 723M->276M(739M) 18.798ms
[327.739s][info][gc,cpu      ] GC(536) User=0.02s Sys=0.01s Real=0.02s
[328.811s][info][gc,start    ] GC(537) Pause Young (Normal) (G1 Evacuation Pause)
[328.811s][info][gc,task     ] GC(537) Using 2 workers of 2 for evacuation
[328.822s][info][gc,phases   ] GC(537)   Pre Evacuate Collection Set: 0.28ms
[328.822s][info][gc,phases   ] GC(537)   Merge Heap Roots: 0.14ms
[328.822s][info][gc,phases   ] GC(537)   Evacuate Collection Set: 10.04ms
[328.822s][info][gc,phases   ] GC(537)   Post Evacuate Collection Set: 0.85ms
[328.822s][info][gc,phases   ] GC(537)   Other: 0.10ms
[328.822s][info][gc,heap     ] GC(537) Eden regions: 410->0(406)
[328.822s][info][gc,heap     ] GC(537) Survivor regions: 14->16(53)
[328.822s][info][gc,heap     ] GC(537) Old regions: 56->56
[328.822s][info][gc,heap     ] GC(537) Humongous regions: 207->207
[328.822s][info][gc,metaspace] GC(537) Metaspace: 57316K(57664K)->57316K(57664K) NonClass: 49034K(49280K)->49034K(49280K) Class: 8281K(8384K)->8281K(8384K)
[328.822s][info][gc          ] GC(537) Pause Young (Normal) (G1 Evacuation Pause) 686M->278M(739M) 11.648ms
[328.823s][info][gc,cpu      ] GC(537) User=0.02s Sys=0.00s Real=0.01s
[329.900s][info][gc,start    ] GC(538) Pause Young (Normal) (G1 Evacuation Pause)
[329.900s][info][gc,task     ] GC(538) Using 2 workers of 2 for evacuation
[329.909s][info][gc,phases   ] GC(538)   Pre Evacuate Collection Set: 0.27ms
[329.909s][info][gc,phases   ] GC(538)   Merge Heap Roots: 0.14ms
[329.909s][info][gc,phases   ] GC(538)   Evacuate Collection Set: 8.10ms
[329.909s][info][gc,phases   ] GC(538)   Post Evacuate Collection Set: 0.80ms
[329.909s][info][gc,phases   ] GC(538)   Other: 0.13ms
[329.909s][info][gc,heap     ] GC(538) Eden regions: 406->0(410)
[329.909s][info][gc,heap     ] GC(538) Survivor regions: 16->14(53)
[329.909s][info][gc,heap     ] GC(538) Old regions: 56->56
[329.909s][info][gc,heap     ] GC(538) Humongous regions: 207->207
[329.909s][info][gc,metaspace] GC(538) Metaspace: 57316K(57664K)->57316K(57664K) NonClass: 49034K(49280K)->49034K(49280K) Class: 8281K(8384K)->8281K(8384K)
[329.909s][info][gc          ] GC(538) Pause Young (Normal) (G1 Evacuation Pause) 684M->276M(739M) 9.646ms
[329.909s][info][gc,cpu      ] GC(538) User=0.02s Sys=0.00s Real=0.01s
[330.983s][info][gc,start    ] GC(539) Pause Young (Concurrent Start) (G1 Evacuation Pause)
[330.983s][info][gc,task     ] GC(539) Using 2 workers of 2 for evacuation
[330.991s][info][gc,phases   ] GC(539)   Pre Evacuate Collection Set: 0.28ms
[330.991s][info][gc,phases   ] GC(539)   Merge Heap Roots: 0.13ms
[330.991s][info][gc,phases   ] GC(539)   Evacuate Collection Set: 6.26ms
[330.991s][info][gc,phases   ] GC(539)   Post Evacuate Collection Set: 0.80ms
[330.991s][info][gc,phases   ] GC(539)   Other: 0.11ms
[330.991s][info][gc,heap     ] GC(539) Eden regions: 410->0(412)
[330.991s][info][gc,heap     ] GC(539) Survivor regions: 14->13(53)
[330.991s][info][gc,heap     ] GC(539) Old regions: 56->56
[330.991s][info][gc,heap     ] GC(539) Humongous regions: 207->207
[330.991s][info][gc,metaspace] GC(539) Metaspace: 57316K(57664K)->57316K(57664K) NonClass: 49034K(49280K)->49034K(49280K) Class: 8281K(8384K)->8281K(8384K)
[330.991s][info][gc          ] GC(539) Pause Young (Concurrent Start) (G1 Evacuation Pause) 686M->275M(739M) 7.785ms
[330.991s][info][gc,cpu      ] GC(539) User=0.01s Sys=0.00s Real=0.01s
[330.991s][info][gc          ] GC(540) Concurrent Mark Cycle
[330.991s][info][gc,marking  ] GC(540) Concurrent Scan Root Regions
[330.998s][info][gc,marking  ] GC(540) Concurrent Scan Root Regions 6.301ms
[330.998s][info][gc,marking  ] GC(540) Concurrent Mark
[330.998s][info][gc,marking  ] GC(540) Concurrent Mark From Roots
[330.998s][info][gc,task     ] GC(540) Using 1 workers of 1 for marking
[331.137s][info][gc,marking  ] GC(540) Concurrent Mark From Roots 139.810ms
[331.137s][info][gc,marking  ] GC(540) Concurrent Preclean
[331.137s][info][gc,marking  ] GC(540) Concurrent Preclean 0.049ms
[331.142s][info][gc,start    ] GC(540) Pause Remark
[331.160s][info][gc          ] GC(540) Pause Remark 314M->314M(739M) 18.619ms
[331.161s][info][gc,cpu      ] GC(540) User=0.02s Sys=0.00s Real=0.02s
[331.161s][info][gc,marking  ] GC(540) Concurrent Mark 163.793ms
[331.161s][info][gc,marking  ] GC(540) Concurrent Rebuild Remembered Sets and Scrub Regions
[331.181s][info][gc,marking  ] GC(540) Concurrent Rebuild Remembered Sets and Scrub Regions 19.983ms
[331.182s][info][gc,start    ] GC(540) Pause Cleanup
[331.182s][info][gc          ] GC(540) Pause Cleanup 322M->322M(739M) 0.072ms
[331.182s][info][gc,cpu      ] GC(540) User=0.00s Sys=0.00s Real=0.00s
[331.182s][info][gc,marking  ] GC(540) Concurrent Clear Claimed Marks
[331.182s][info][gc,marking  ] GC(540) Concurrent Clear Claimed Marks 0.092ms
[331.182s][info][gc,marking  ] GC(540) Concurrent Cleanup for Next Mark
[331.185s][info][gc,marking  ] GC(540) Concurrent Cleanup for Next Mark 3.034ms
[331.185s][info][gc          ] GC(540) Concurrent Mark Cycle 193.633ms
[332.028s][info][gc,start    ] GC(541) Pause Young (Prepare Mixed) (G1 Evacuation Pause)
[332.028s][info][gc,task     ] GC(541) Using 2 workers of 2 for evacuation
[332.037s][info][gc,phases   ] GC(541)   Pre Evacuate Collection Set: 0.30ms
[332.037s][info][gc,phases   ] GC(541)   Merge Heap Roots: 0.18ms
[332.037s][info][gc,phases   ] GC(541)   Evacuate Collection Set: 7.54ms
[332.037s][info][gc,phases   ] GC(541)   Post Evacuate Collection Set: 0.85ms
[332.037s][info][gc,phases   ] GC(541)   Other: 0.12ms
[332.037s][info][gc,heap     ] GC(541) Eden regions: 412->0(410)
[332.037s][info][gc,heap     ] GC(541) Survivor regions: 13->14(54)
[332.037s][info][gc,heap     ] GC(541) Old regions: 56->56
[332.037s][info][gc,heap     ] GC(541) Humongous regions: 207->207
[332.037s][info][gc,metaspace] GC(541) Metaspace: 57316K(57664K)->57316K(57664K) NonClass: 49034K(49280K)->49034K(49280K) Class: 8281K(8384K)->8281K(8384K)
[332.037s][info][gc          ] GC(541) Pause Young (Prepare Mixed) (G1 Evacuation Pause) 687M->276M(739M) 9.196ms
[332.037s][info][gc,cpu      ] GC(541) User=0.02s Sys=0.00s Real=0.01s
[333.116s][info][gc,start    ] GC(542) Pause Young (Mixed) (G1 Evacuation Pause)
[333.116s][info][gc,task     ] GC(542) Using 2 workers of 2 for evacuation
[333.134s][info][gc,phases   ] GC(542)   Pre Evacuate Collection Set: 0.28ms
[333.134s][info][gc,phases   ] GC(542)   Merge Heap Roots: 0.22ms
[333.134s][info][gc,phases   ] GC(542)   Evacuate Collection Set: 16.32ms
[333.134s][info][gc,phases   ] GC(542)   Post Evacuate Collection Set: 0.98ms
[333.134s][info][gc,phases   ] GC(542)   Other: 0.09ms
[333.134s][info][gc,heap     ] GC(542) Eden regions: 410->0(406)
[333.134s][info][gc,heap     ] GC(542) Survivor regions: 14->16(53)
[333.134s][info][gc,heap     ] GC(542) Old regions: 56->56
[333.134s][info][gc,heap     ] GC(542) Humongous regions: 207->207
[333.134s][info][gc,metaspace] GC(542) Metaspace: 57316K(57664K)->57316K(57664K) NonClass: 49034K(49280K)->49034K(49280K) Class: 8281K(8384K)->8281K(8384K)
[333.134s][info][gc          ] GC(542) Pause Young (Mixed) (G1 Evacuation Pause) 686M->277M(739M) 18.126ms
[333.134s][info][gc,cpu      ] GC(542) User=0.03s Sys=0.00s Real=0.02s
[334.193s][info][gc,start    ] GC(543) Pause Young (Concurrent Start) (G1 Evacuation Pause)
[334.193s][info][gc,task     ] GC(543) Using 2 workers of 2 for evacuation
[334.203s][info][gc,phases   ] GC(543)   Pre Evacuate Collection Set: 0.34ms
[334.203s][info][gc,phases   ] GC(543)   Merge Heap Roots: 0.13ms
[334.203s][info][gc,phases   ] GC(543)   Evacuate Collection Set: 7.75ms
[334.203s][info][gc,phases   ] GC(543)   Post Evacuate Collection Set: 0.81ms
[334.203s][info][gc,phases   ] GC(543)   Other: 0.10ms
[334.203s][info][gc,heap     ] GC(543) Eden regions: 406->0(410)
[334.203s][info][gc,heap     ] GC(543) Survivor regions: 16->14(53)
[334.203s][info][gc,heap     ] GC(543) Old regions: 56->56
[334.203s][info][gc,heap     ] GC(543) Humongous regions: 207->207
[334.203s][info][gc,metaspace] GC(543) Metaspace: 57316K(57664K)->57316K(57664K) NonClass: 49034K(49280K)->49034K(49280K) Class: 8281K(8384K)->8281K(8384K)
[334.203s][info][gc          ] GC(543) Pause Young (Concurrent Start) (G1 Evacuation Pause) 683M->275M(739M) 9.345ms
[334.203s][info][gc          ] GC(544) Concurrent Mark Cycle
[334.203s][info][gc,marking  ] GC(544) Concurrent Scan Root Regions
[334.204s][info][gc,cpu      ] GC(543) User=0.01s Sys=0.00s Real=0.02s
[334.214s][info][gc,marking  ] GC(544) Concurrent Scan Root Regions 11.526ms
[334.214s][info][gc,marking  ] GC(544) Concurrent Mark
[334.214s][info][gc,marking  ] GC(544) Concurrent Mark From Roots
[334.214s][info][gc,task     ] GC(544) Using 1 workers of 1 for marking
[334.271s][info][gc,marking  ] GC(544) Concurrent Mark From Roots 56.830ms
[334.271s][info][gc,marking  ] GC(544) Concurrent Preclean
[334.271s][info][gc,marking  ] GC(544) Concurrent Preclean 0.043ms
[334.271s][info][gc,start    ] GC(544) Pause Remark
[334.282s][info][gc          ] GC(544) Pause Remark 306M->306M(739M) 10.647ms
[334.282s][info][gc,cpu      ] GC(544) User=0.02s Sys=0.00s Real=0.01s
[334.283s][info][gc,marking  ] GC(544) Concurrent Mark 68.270ms
[334.283s][info][gc,marking  ] GC(544) Concurrent Rebuild Remembered Sets and Scrub Regions
[334.319s][info][gc,marking  ] GC(544) Concurrent Rebuild Remembered Sets and Scrub Regions 35.983ms
[334.319s][info][gc,start    ] GC(544) Pause Cleanup
[334.319s][info][gc          ] GC(544) Pause Cleanup 326M->326M(739M) 0.072ms
[334.319s][info][gc,cpu      ] GC(544) User=0.00s Sys=0.00s Real=0.00s
[334.319s][info][gc,marking  ] GC(544) Concurrent Clear Claimed Marks
[334.319s][info][gc,marking  ] GC(544) Concurrent Clear Claimed Marks 0.102ms
[334.319s][info][gc,marking  ] GC(544) Concurrent Cleanup for Next Mark
[334.324s][info][gc,marking  ] GC(544) Concurrent Cleanup for Next Mark 4.921ms
[334.324s][info][gc          ] GC(544) Concurrent Mark Cycle 121.176ms
[335.235s][info][gc,start    ] GC(545) Pause Young (Prepare Mixed) (G1 Evacuation Pause)
[335.235s][info][gc,task     ] GC(545) Using 2 workers of 2 for evacuation
[335.243s][info][gc,phases   ] GC(545)   Pre Evacuate Collection Set: 0.29ms
[335.243s][info][gc,phases   ] GC(545)   Merge Heap Roots: 0.17ms
[335.243s][info][gc,phases   ] GC(545)   Evacuate Collection Set: 5.97ms
[335.243s][info][gc,phases   ] GC(545)   Post Evacuate Collection Set: 0.80ms
[335.243s][info][gc,phases   ] GC(545)   Other: 0.09ms
[335.243s][info][gc,heap     ] GC(545) Eden regions: 410->0(410)
[335.243s][info][gc,heap     ] GC(545) Survivor regions: 14->14(53)
[335.243s][info][gc,heap     ] GC(545) Old regions: 56->56
[335.243s][info][gc,heap     ] GC(545) Humongous regions: 207->207
[335.243s][info][gc,metaspace] GC(545) Metaspace: 57316K(57664K)->57316K(57664K) NonClass: 49034K(49280K)->49034K(49280K) Class: 8281K(8384K)->8281K(8384K)
[335.243s][info][gc          ] GC(545) Pause Young (Prepare Mixed) (G1 Evacuation Pause) 685M->275M(739M) 7.555ms
[335.243s][info][gc,cpu      ] GC(545) User=0.01s Sys=0.01s Real=0.00s
[336.321s][info][gc,start    ] GC(546) Pause Young (Mixed) (G1 Evacuation Pause)
[336.321s][info][gc,task     ] GC(546) Using 2 workers of 2 for evacuation
[336.332s][info][gc,phases   ] GC(546)   Pre Evacuate Collection Set: 0.27ms
[336.332s][info][gc,phases   ] GC(546)   Merge Heap Roots: 0.16ms
[336.332s][info][gc,phases   ] GC(546)   Evacuate Collection Set: 10.07ms
[336.332s][info][gc,phases   ] GC(546)   Post Evacuate Collection Set: 0.86ms
[336.332s][info][gc,phases   ] GC(546)   Other: 0.11ms
[336.333s][info][gc,heap     ] GC(546) Eden regions: 410->0(408)
[336.333s][info][gc,heap     ] GC(546) Survivor regions: 14->15(53)
[336.333s][info][gc,heap     ] GC(546) Old regions: 56->56
[336.333s][info][gc,heap     ] GC(546) Humongous regions: 207->207
[336.333s][info][gc,metaspace] GC(546) Metaspace: 57316K(57664K)->57316K(57664K) NonClass: 49034K(49280K)->49034K(49280K) Class: 8281K(8384K)->8281K(8384K)
[336.333s][info][gc          ] GC(546) Pause Young (Mixed) (G1 Evacuation Pause) 685M->276M(739M) 11.665ms
[336.333s][info][gc,cpu      ] GC(546) User=0.02s Sys=0.00s Real=0.01s
[337.401s][info][gc,start    ] GC(547) Pause Young (Concurrent Start) (G1 Evacuation Pause)
[337.401s][info][gc,task     ] GC(547) Using 2 workers of 2 for evacuation
[337.410s][info][gc,phases   ] GC(547)   Pre Evacuate Collection Set: 0.34ms
[337.410s][info][gc,phases   ] GC(547)   Merge Heap Roots: 0.14ms
[337.410s][info][gc,phases   ] GC(547)   Evacuate Collection Set: 7.47ms
[337.410s][info][gc,phases   ] GC(547)   Post Evacuate Collection Set: 1.04ms
[337.410s][info][gc,phases   ] GC(547)   Other: 0.10ms
[337.410s][info][gc,heap     ] GC(547) Eden regions: 408->0(410)
[337.410s][info][gc,heap     ] GC(547) Survivor regions: 15->14(53)
[337.410s][info][gc,heap     ] GC(547) Old regions: 56->56
[337.410s][info][gc,heap     ] GC(547) Humongous regions: 207->207
[337.410s][info][gc,metaspace] GC(547) Metaspace: 57316K(57664K)->57316K(57664K) NonClass: 49034K(49280K)->49034K(49280K) Class: 8281K(8384K)->8281K(8384K)
[337.410s][info][gc          ] GC(547) Pause Young (Concurrent Start) (G1 Evacuation Pause) 684M->276M(739M) 9.278ms
[337.410s][info][gc          ] GC(548) Concurrent Mark Cycle
[337.410s][info][gc,cpu      ] GC(547) User=0.02s Sys=0.00s Real=0.01s
[337.410s][info][gc,marking  ] GC(548) Concurrent Scan Root Regions
[337.425s][info][gc,marking  ] GC(548) Concurrent Scan Root Regions 15.196ms
[337.425s][info][gc,marking  ] GC(548) Concurrent Mark
[337.425s][info][gc,marking  ] GC(548) Concurrent Mark From Roots
[337.425s][info][gc,task     ] GC(548) Using 1 workers of 1 for marking
[337.485s][info][gc,marking  ] GC(548) Concurrent Mark From Roots 59.374ms
[337.485s][info][gc,marking  ] GC(548) Concurrent Preclean
[337.485s][info][gc,marking  ] GC(548) Concurrent Preclean 0.040ms
[337.491s][info][gc,start    ] GC(548) Pause Remark
[337.515s][info][gc          ] GC(548) Pause Remark 287M->287M(739M) 24.303ms
[337.515s][info][gc,cpu      ] GC(548) User=0.03s Sys=0.00s Real=0.03s
[337.516s][info][gc,marking  ] GC(548) Concurrent Mark 90.838ms
[337.516s][info][gc,marking  ] GC(548) Concurrent Rebuild Remembered Sets and Scrub Regions
[337.555s][info][gc,marking  ] GC(548) Concurrent Rebuild Remembered Sets and Scrub Regions 38.688ms
[337.555s][info][gc,start    ] GC(548) Pause Cleanup
[337.555s][info][gc          ] GC(548) Pause Cleanup 311M->311M(739M) 0.073ms
[337.555s][info][gc,cpu      ] GC(548) User=0.00s Sys=0.00s Real=0.00s
[337.556s][info][gc,marking  ] GC(548) Concurrent Clear Claimed Marks
[337.556s][info][gc,marking  ] GC(548) Concurrent Clear Claimed Marks 0.116ms
[337.556s][info][gc,marking  ] GC(548) Concurrent Cleanup for Next Mark
[337.562s][info][gc,marking  ] GC(548) Concurrent Cleanup for Next Mark 5.473ms
[337.562s][info][gc          ] GC(548) Concurrent Mark Cycle 151.823ms
[338.487s][info][gc,start    ] GC(549) Pause Young (Prepare Mixed) (G1 Evacuation Pause)
[338.487s][info][gc,task     ] GC(549) Using 2 workers of 2 for evacuation
[338.495s][info][gc,phases   ] GC(549)   Pre Evacuate Collection Set: 0.28ms
[338.495s][info][gc,phases   ] GC(549)   Merge Heap Roots: 0.14ms
[338.495s][info][gc,phases   ] GC(549)   Evacuate Collection Set: 6.74ms
[338.495s][info][gc,phases   ] GC(549)   Post Evacuate Collection Set: 1.07ms
[338.495s][info][gc,phases   ] GC(549)   Other: 0.09ms
[338.495s][info][gc,heap     ] GC(549) Eden regions: 410->0(404)
[338.495s][info][gc,heap     ] GC(549) Survivor regions: 14->17(53)
[338.495s][info][gc,heap     ] GC(549) Old regions: 56->56
[338.495s][info][gc,heap     ] GC(549) Humongous regions: 207->207
[338.495s][info][gc,metaspace] GC(549) Metaspace: 57316K(57664K)->57316K(57664K) NonClass: 49034K(49280K)->49034K(49280K) Class: 8281K(8384K)->8281K(8384K)
[338.495s][info][gc          ] GC(549) Pause Young (Prepare Mixed) (G1 Evacuation Pause) 686M->278M(739M) 8.520ms
[338.495s][info][gc,cpu      ] GC(549) User=0.02s Sys=0.00s Real=0.01s
[339.517s][info][gc,start    ] GC(550) Pause Young (Mixed) (G1 Evacuation Pause)
[339.517s][info][gc,task     ] GC(550) Using 2 workers of 2 for evacuation
[339.531s][info][gc,phases   ] GC(550)   Pre Evacuate Collection Set: 0.29ms
[339.531s][info][gc,phases   ] GC(550)   Merge Heap Roots: 0.17ms
[339.531s][info][gc,phases   ] GC(550)   Evacuate Collection Set: 12.26ms
[339.531s][info][gc,phases   ] GC(550)   Post Evacuate Collection Set: 0.86ms
[339.531s][info][gc,phases   ] GC(550)   Other: 0.10ms
[339.531s][info][gc,heap     ] GC(550) Eden regions: 404->0(400)
[339.531s][info][gc,heap     ] GC(550) Survivor regions: 17->19(53)
[339.531s][info][gc,heap     ] GC(550) Old regions: 56->56
[339.531s][info][gc,heap     ] GC(550) Humongous regions: 207->207
[339.531s][info][gc,metaspace] GC(550) Metaspace: 57316K(57664K)->57316K(57664K) NonClass: 49034K(49280K)->49034K(49280K) Class: 8281K(8384K)->8281K(8384K)
[339.531s][info][gc          ] GC(550) Pause Young (Mixed) (G1 Evacuation Pause) 682M->280M(739M) 13.895ms
[339.531s][info][gc,cpu      ] GC(550) User=0.03s Sys=0.00s Real=0.01s
[340.593s][info][gc,start    ] GC(551) Pause Young (Concurrent Start) (G1 Evacuation Pause)
[340.593s][info][gc,task     ] GC(551) Using 2 workers of 2 for evacuation
[340.602s][info][gc,phases   ] GC(551)   Pre Evacuate Collection Set: 0.28ms
[340.602s][info][gc,phases   ] GC(551)   Merge Heap Roots: 0.15ms
[340.602s][info][gc,phases   ] GC(551)   Evacuate Collection Set: 7.45ms
[340.602s][info][gc,phases   ] GC(551)   Post Evacuate Collection Set: 0.80ms
[340.602s][info][gc,phases   ] GC(551)   Other: 0.11ms
[340.602s][info][gc,heap     ] GC(551) Eden regions: 400->0(404)
[340.602s][info][gc,heap     ] GC(551) Survivor regions: 19->17(53)
[340.602s][info][gc,heap     ] GC(551) Old regions: 56->56
[340.602s][info][gc,heap     ] GC(551) Humongous regions: 207->207
[340.602s][info][gc,metaspace] GC(551) Metaspace: 57316K(57664K)->57316K(57664K) NonClass: 49034K(49280K)->49034K(49280K) Class: 8281K(8384K)->8281K(8384K)
[340.602s][info][gc          ] GC(551) Pause Young (Concurrent Start) (G1 Evacuation Pause) 680M->279M(739M) 8.978ms
[340.602s][info][gc          ] GC(552) Concurrent Mark Cycle
[340.602s][info][gc,marking  ] GC(552) Concurrent Scan Root Regions
[340.603s][info][gc,cpu      ] GC(551) User=0.02s Sys=0.00s Real=0.01s
[340.609s][info][gc,marking  ] GC(552) Concurrent Scan Root Regions 6.494ms
[340.609s][info][gc,marking  ] GC(552) Concurrent Mark
[340.609s][info][gc,marking  ] GC(552) Concurrent Mark From Roots
[340.609s][info][gc,task     ] GC(552) Using 1 workers of 1 for marking
[340.670s][info][gc,marking  ] GC(552) Concurrent Mark From Roots 60.937ms
[340.670s][info][gc,marking  ] GC(552) Concurrent Preclean
[340.670s][info][gc,marking  ] GC(552) Concurrent Preclean 0.041ms
[340.670s][info][gc,start    ] GC(552) Pause Remark
[340.680s][info][gc          ] GC(552) Pause Remark 310M->310M(739M) 10.290ms
[340.680s][info][gc,cpu      ] GC(552) User=0.02s Sys=0.00s Real=0.01s
[340.681s][info][gc,marking  ] GC(552) Concurrent Mark 71.937ms
[340.681s][info][gc,marking  ] GC(552) Concurrent Rebuild Remembered Sets and Scrub Regions
[340.707s][info][gc,marking  ] GC(552) Concurrent Rebuild Remembered Sets and Scrub Regions 26.635ms
[340.708s][info][gc,start    ] GC(552) Pause Cleanup
[340.708s][info][gc          ] GC(552) Pause Cleanup 325M->325M(739M) 0.081ms
[340.708s][info][gc,cpu      ] GC(552) User=0.00s Sys=0.00s Real=0.00s
[340.708s][info][gc,marking  ] GC(552) Concurrent Clear Claimed Marks
[340.708s][info][gc,marking  ] GC(552) Concurrent Clear Claimed Marks 0.095ms
[340.708s][info][gc,marking  ] GC(552) Concurrent Cleanup for Next Mark
[340.710s][info][gc,marking  ] GC(552) Concurrent Cleanup for Next Mark 2.436ms
[340.710s][info][gc          ] GC(552) Concurrent Mark Cycle 108.052ms
[341.639s][info][gc,start    ] GC(553) Pause Young (Prepare Mixed) (G1 Evacuation Pause)
[341.639s][info][gc,task     ] GC(553) Using 2 workers of 2 for evacuation
[341.647s][info][gc,phases   ] GC(553)   Pre Evacuate Collection Set: 0.26ms
[341.647s][info][gc,phases   ] GC(553)   Merge Heap Roots: 0.16ms
[341.647s][info][gc,phases   ] GC(553)   Evacuate Collection Set: 6.86ms
[341.647s][info][gc,phases   ] GC(553)   Post Evacuate Collection Set: 0.82ms
[341.647s][info][gc,phases   ] GC(553)   Other: 0.10ms
[341.647s][info][gc,heap     ] GC(553) Eden regions: 404->0(404)
[341.647s][info][gc,heap     ] GC(553) Survivor regions: 17->17(53)
[341.647s][info][gc,heap     ] GC(553) Old regions: 56->56
[341.647s][info][gc,heap     ] GC(553) Humongous regions: 207->207
[341.647s][info][gc,metaspace] GC(553) Metaspace: 57316K(57664K)->57316K(57664K) NonClass: 49034K(49280K)->49034K(49280K) Class: 8281K(8384K)->8281K(8384K)
[341.647s][info][gc          ] GC(553) Pause Young (Prepare Mixed) (G1 Evacuation Pause) 683M->279M(739M) 8.387ms
[341.647s][info][gc,cpu      ] GC(553) User=0.02s Sys=0.00s Real=0.01s
[342.715s][info][gc,start    ] GC(554) Pause Young (Mixed) (G1 Evacuation Pause)
[342.716s][info][gc,task     ] GC(554) Using 2 workers of 2 for evacuation
[342.727s][info][gc,phases   ] GC(554)   Pre Evacuate Collection Set: 0.28ms
[342.727s][info][gc,phases   ] GC(554)   Merge Heap Roots: 0.17ms
[342.727s][info][gc,phases   ] GC(554)   Evacuate Collection Set: 10.06ms
[342.727s][info][gc,phases   ] GC(554)   Post Evacuate Collection Set: 0.85ms
[342.727s][info][gc,phases   ] GC(554)   Other: 0.10ms
[342.727s][info][gc,heap     ] GC(554) Eden regions: 404->0(402)
[342.727s][info][gc,heap     ] GC(554) Survivor regions: 17->18(53)
[342.727s][info][gc,heap     ] GC(554) Old regions: 56->56
[342.727s][info][gc,heap     ] GC(554) Humongous regions: 207->207
[342.727s][info][gc,metaspace] GC(554) Metaspace: 57316K(57664K)->57316K(57664K) NonClass: 49034K(49280K)->49034K(49280K) Class: 8281K(8384K)->8281K(8384K)
[342.727s][info][gc          ] GC(554) Pause Young (Mixed) (G1 Evacuation Pause) 683M->279M(739M) 11.660ms
[342.727s][info][gc,cpu      ] GC(554) User=0.02s Sys=0.00s Real=0.01s
[343.845s][info][gc,start    ] GC(555) Pause Young (Concurrent Start) (G1 Evacuation Pause)
[343.845s][info][gc,task     ] GC(555) Using 2 workers of 2 for evacuation
[343.853s][info][gc,phases   ] GC(555)   Pre Evacuate Collection Set: 0.34ms
[343.853s][info][gc,phases   ] GC(555)   Merge Heap Roots: 0.13ms
[343.853s][info][gc,phases   ] GC(555)   Evacuate Collection Set: 6.94ms
[343.853s][info][gc,phases   ] GC(555)   Post Evacuate Collection Set: 0.76ms
[343.854s][info][gc,phases   ] GC(555)   Other: 0.13ms
[343.854s][info][gc,heap     ] GC(555) Eden regions: 402->0(417)
[343.854s][info][gc,heap     ] GC(555) Survivor regions: 18->5(53)
[343.854s][info][gc,heap     ] GC(555) Old regions: 56->67
[343.854s][info][gc,heap     ] GC(555) Humongous regions: 207->207
[343.854s][info][gc,metaspace] GC(555) Metaspace: 57316K(57664K)->57316K(57664K) NonClass: 49034K(49280K)->49034K(49280K) Class: 8281K(8384K)->8281K(8384K)
[343.854s][info][gc          ] GC(555) Pause Young (Concurrent Start) (G1 Evacuation Pause) 681M->278M(739M) 8.509ms
[343.854s][info][gc,cpu      ] GC(555) User=0.02s Sys=0.00s Real=0.00s
[343.854s][info][gc          ] GC(556) Concurrent Mark Cycle
[343.855s][info][gc,marking  ] GC(556) Concurrent Scan Root Regions
[343.861s][info][gc,marking  ] GC(556) Concurrent Scan Root Regions 6.487ms
[343.861s][info][gc,marking  ] GC(556) Concurrent Mark
[343.861s][info][gc,marking  ] GC(556) Concurrent Mark From Roots
[343.861s][info][gc,task     ] GC(556) Using 1 workers of 1 for marking
[343.946s][info][gc,marking  ] GC(556) Concurrent Mark From Roots 85.013ms
[343.946s][info][gc,marking  ] GC(556) Concurrent Preclean
[343.946s][info][gc,marking  ] GC(556) Concurrent Preclean 0.045ms
[343.946s][info][gc,start    ] GC(556) Pause Remark
[343.957s][info][gc          ] GC(556) Pause Remark 335M->335M(739M) 10.310ms
[343.957s][info][gc,cpu      ] GC(556) User=0.02s Sys=0.00s Real=0.01s
[343.957s][info][gc,marking  ] GC(556) Concurrent Mark 95.693ms
[343.957s][info][gc,marking  ] GC(556) Concurrent Rebuild Remembered Sets and Scrub Regions
[343.979s][info][gc,marking  ] GC(556) Concurrent Rebuild Remembered Sets and Scrub Regions 21.869ms
[343.979s][info][gc,start    ] GC(556) Pause Cleanup
[343.979s][info][gc          ] GC(556) Pause Cleanup 343M->343M(739M) 0.096ms
[343.979s][info][gc,cpu      ] GC(556) User=0.00s Sys=0.00s Real=0.00s
[343.979s][info][gc,marking  ] GC(556) Concurrent Clear Claimed Marks
[343.979s][info][gc,marking  ] GC(556) Concurrent Clear Claimed Marks 0.094ms
[343.979s][info][gc,marking  ] GC(556) Concurrent Cleanup for Next Mark
[343.981s][info][gc,marking  ] GC(556) Concurrent Cleanup for Next Mark 2.187ms
[343.981s][info][gc          ] GC(556) Concurrent Mark Cycle 127.586ms
[344.832s][info][gc,start    ] GC(557) Pause Young (Prepare Mixed) (G1 Evacuation Pause)
[344.832s][info][gc,task     ] GC(557) Using 2 workers of 2 for evacuation
[344.836s][info][gc,phases   ] GC(557)   Pre Evacuate Collection Set: 0.29ms
[344.836s][info][gc,phases   ] GC(557)   Merge Heap Roots: 0.15ms
[344.836s][info][gc,phases   ] GC(557)   Evacuate Collection Set: 2.77ms
[344.836s][info][gc,phases   ] GC(557)   Post Evacuate Collection Set: 0.74ms
[344.836s][info][gc,phases   ] GC(557)   Other: 0.09ms
[344.836s][info][gc,heap     ] GC(557) Eden regions: 417->0(416)
[344.836s][info][gc,heap     ] GC(557) Survivor regions: 5->5(53)
[344.836s][info][gc,heap     ] GC(557) Old regions: 67->68
[344.836s][info][gc,heap     ] GC(557) Humongous regions: 207->207
[344.836s][info][gc,metaspace] GC(557) Metaspace: 57316K(57664K)->57316K(57664K) NonClass: 49034K(49280K)->49034K(49280K) Class: 8281K(8384K)->8281K(8384K)
[344.836s][info][gc          ] GC(557) Pause Young (Prepare Mixed) (G1 Evacuation Pause) 695M->278M(739M) 4.245ms
[344.836s][info][gc,cpu      ] GC(557) User=0.01s Sys=0.00s Real=0.01s
[345.933s][info][gc,start    ] GC(558) Pause Young (Mixed) (G1 Evacuation Pause)
[345.934s][info][gc,task     ] GC(558) Using 2 workers of 2 for evacuation
[345.941s][info][gc,phases   ] GC(558)   Pre Evacuate Collection Set: 0.30ms
[345.941s][info][gc,phases   ] GC(558)   Merge Heap Roots: 0.16ms
[345.941s][info][gc,phases   ] GC(558)   Evacuate Collection Set: 5.93ms
[345.941s][info][gc,phases   ] GC(558)   Post Evacuate Collection Set: 0.75ms
[345.941s][info][gc,phases   ] GC(558)   Other: 0.10ms
[345.941s][info][gc,heap     ] GC(558) Eden regions: 416->0(416)
[345.941s][info][gc,heap     ] GC(558) Survivor regions: 5->5(53)
[345.941s][info][gc,heap     ] GC(558) Old regions: 68->68
[345.941s][info][gc,heap     ] GC(558) Humongous regions: 207->207
[345.941s][info][gc,metaspace] GC(558) Metaspace: 57316K(57664K)->57316K(57664K) NonClass: 49034K(49280K)->49034K(49280K) Class: 8281K(8384K)->8281K(8384K)
[345.941s][info][gc          ] GC(558) Pause Young (Mixed) (G1 Evacuation Pause) 694M->279M(739M) 7.429ms
[345.941s][info][gc,cpu      ] GC(558) User=0.01s Sys=0.00s Real=0.01s
[347.023s][info][gc,start    ] GC(559) Pause Young (Concurrent Start) (G1 Evacuation Pause)
[347.023s][info][gc,task     ] GC(559) Using 2 workers of 2 for evacuation
[347.030s][info][gc,phases   ] GC(559)   Pre Evacuate Collection Set: 0.35ms
[347.030s][info][gc,phases   ] GC(559)   Merge Heap Roots: 0.14ms
[347.030s][info][gc,phases   ] GC(559)   Evacuate Collection Set: 5.33ms
[347.030s][info][gc,phases   ] GC(559)   Post Evacuate Collection Set: 0.74ms
[347.030s][info][gc,phases   ] GC(559)   Other: 0.14ms
[347.030s][info][gc,heap     ] GC(559) Eden regions: 416->0(412)
[347.030s][info][gc,heap     ] GC(559) Survivor regions: 5->7(53)
[347.030s][info][gc,heap     ] GC(559) Old regions: 68->68
[347.030s][info][gc,heap     ] GC(559) Humongous regions: 207->207
[347.030s][info][gc,metaspace] GC(559) Metaspace: 57316K(57664K)->57316K(57664K) NonClass: 49034K(49280K)->49034K(49280K) Class: 8281K(8384K)->8281K(8384K)
[347.030s][info][gc          ] GC(559) Pause Young (Concurrent Start) (G1 Evacuation Pause) 695M->280M(739M) 6.876ms
[347.030s][info][gc          ] GC(560) Concurrent Mark Cycle
[347.030s][info][gc,marking  ] GC(560) Concurrent Scan Root Regions
[347.031s][info][gc,cpu      ] GC(559) User=0.02s Sys=0.00s Real=0.01s
[347.036s][info][gc,marking  ] GC(560) Concurrent Scan Root Regions 5.566ms
[347.036s][info][gc,marking  ] GC(560) Concurrent Mark
[347.036s][info][gc,marking  ] GC(560) Concurrent Mark From Roots
[347.036s][info][gc,task     ] GC(560) Using 1 workers of 1 for marking
[347.082s][info][gc,marking  ] GC(560) Concurrent Mark From Roots 46.229ms
[347.082s][info][gc,marking  ] GC(560) Concurrent Preclean
[347.082s][info][gc,marking  ] GC(560) Concurrent Preclean 0.052ms
[347.082s][info][gc,start    ] GC(560) Pause Remark
[347.092s][info][gc          ] GC(560) Pause Remark 291M->277M(739M) 10.001ms
[347.092s][info][gc,cpu      ] GC(560) User=0.02s Sys=0.00s Real=0.01s
[347.094s][info][gc,marking  ] GC(560) Concurrent Mark 58.053ms
[347.094s][info][gc,marking  ] GC(560) Concurrent Rebuild Remembered Sets and Scrub Regions
[347.117s][info][gc,marking  ] GC(560) Concurrent Rebuild Remembered Sets and Scrub Regions 22.574ms
[347.117s][info][gc,start    ] GC(560) Pause Cleanup
[347.117s][info][gc          ] GC(560) Pause Cleanup 291M->291M(739M) 0.090ms
[347.117s][info][gc,cpu      ] GC(560) User=0.00s Sys=0.00s Real=0.00s
[347.117s][info][gc,marking  ] GC(560) Concurrent Clear Claimed Marks
[347.118s][info][gc,marking  ] GC(560) Concurrent Clear Claimed Marks 0.114ms
[347.118s][info][gc,marking  ] GC(560) Concurrent Cleanup for Next Mark
[347.120s][info][gc,marking  ] GC(560) Concurrent Cleanup for Next Mark 2.173ms
[347.120s][info][gc          ] GC(560) Concurrent Mark Cycle 89.442ms
[348.114s][info][gc,start    ] GC(561) Pause Young (Prepare Mixed) (G1 Evacuation Pause)
[348.114s][info][gc,task     ] GC(561) Using 2 workers of 2 for evacuation
[348.120s][info][gc,phases   ] GC(561)   Pre Evacuate Collection Set: 0.28ms
[348.120s][info][gc,phases   ] GC(561)   Merge Heap Roots: 0.14ms
[348.120s][info][gc,phases   ] GC(561)   Evacuate Collection Set: 4.77ms
[348.120s][info][gc,phases   ] GC(561)   Post Evacuate Collection Set: 0.76ms
[348.120s][info][gc,phases   ] GC(561)   Other: 0.09ms
[348.120s][info][gc,heap     ] GC(561) Eden regions: 412->0(428)
[348.120s][info][gc,heap     ] GC(561) Survivor regions: 7->6(53)
[348.120s][info][gc,heap     ] GC(561) Old regions: 54->54
[348.120s][info][gc,heap     ] GC(561) Humongous regions: 207->207
[348.120s][info][gc,metaspace] GC(561) Metaspace: 57316K(57664K)->57316K(57664K) NonClass: 49034K(49280K)->49034K(49280K) Class: 8281K(8384K)->8281K(8384K)
[348.120s][info][gc          ] GC(561) Pause Young (Prepare Mixed) (G1 Evacuation Pause) 678M->266M(739M) 6.227ms
[348.120s][info][gc,cpu      ] GC(561) User=0.01s Sys=0.00s Real=0.00s
[349.242s][info][gc,start    ] GC(562) Pause Young (Mixed) (G1 Evacuation Pause)
[349.242s][info][gc,task     ] GC(562) Using 2 workers of 2 for evacuation
[349.251s][info][gc,phases   ] GC(562)   Pre Evacuate Collection Set: 0.37ms
[349.251s][info][gc,phases   ] GC(562)   Merge Heap Roots: 0.17ms
[349.251s][info][gc,phases   ] GC(562)   Evacuate Collection Set: 7.54ms
[349.251s][info][gc,phases   ] GC(562)   Post Evacuate Collection Set: 0.85ms
[349.251s][info][gc,phases   ] GC(562)   Other: 0.09ms
[349.251s][info][gc,heap     ] GC(562) Eden regions: 428->0(432)
[349.251s][info][gc,heap     ] GC(562) Survivor regions: 6->6(55)
[349.251s][info][gc,heap     ] GC(562) Old regions: 54->50
[349.251s][info][gc,heap     ] GC(562) Humongous regions: 207->207
[349.251s][info][gc,metaspace] GC(562) Metaspace: 57316K(57664K)->57316K(57664K) NonClass: 49034K(49280K)->49034K(49280K) Class: 8281K(8384K)->8281K(8384K)
[349.251s][info][gc          ] GC(562) Pause Young (Mixed) (G1 Evacuation Pause) 694M->262M(739M) 9.227ms
[349.251s][info][gc,cpu      ] GC(562) User=0.01s Sys=0.00s Real=0.01s
[350.394s][info][gc,start    ] GC(563) Pause Young (Normal) (G1 Evacuation Pause)
[350.394s][info][gc,task     ] GC(563) Using 2 workers of 2 for evacuation
[350.399s][info][gc,phases   ] GC(563)   Pre Evacuate Collection Set: 0.26ms
[350.399s][info][gc,phases   ] GC(563)   Merge Heap Roots: 0.15ms
[350.399s][info][gc,phases   ] GC(563)   Evacuate Collection Set: 3.67ms
[350.399s][info][gc,phases   ] GC(563)   Post Evacuate Collection Set: 0.75ms
[350.400s][info][gc,phases   ] GC(563)   Other: 0.11ms
[350.400s][info][gc,heap     ] GC(563) Eden regions: 432->0(432)
[350.400s][info][gc,heap     ] GC(563) Survivor regions: 6->6(55)
[350.400s][info][gc,heap     ] GC(563) Old regions: 50->50
[350.400s][info][gc,heap     ] GC(563) Humongous regions: 207->207
[350.400s][info][gc,metaspace] GC(563) Metaspace: 57316K(57664K)->57316K(57664K) NonClass: 49034K(49280K)->49034K(49280K) Class: 8281K(8384K)->8281K(8384K)
[350.400s][info][gc          ] GC(563) Pause Young (Normal) (G1 Evacuation Pause) 694M->261M(739M) 5.141ms
[350.400s][info][gc,cpu      ] GC(563) User=0.00s Sys=0.00s Real=0.00s
[351.508s][info][gc,start    ] GC(564) Pause Young (Normal) (G1 Evacuation Pause)
[351.508s][info][gc,task     ] GC(564) Using 2 workers of 2 for evacuation
[351.515s][info][gc,phases   ] GC(564)   Pre Evacuate Collection Set: 0.27ms
[351.515s][info][gc,phases   ] GC(564)   Merge Heap Roots: 0.15ms
[351.515s][info][gc,phases   ] GC(564)   Evacuate Collection Set: 5.22ms
[351.515s][info][gc,phases   ] GC(564)   Post Evacuate Collection Set: 0.85ms
[351.515s][info][gc,phases   ] GC(564)   Other: 0.10ms
[351.515s][info][gc,heap     ] GC(564) Eden regions: 432->0(430)
[351.515s][info][gc,heap     ] GC(564) Survivor regions: 6->7(55)
[351.515s][info][gc,heap     ] GC(564) Old regions: 50->50
[351.515s][info][gc,heap     ] GC(564) Humongous regions: 207->207
[351.515s][info][gc,metaspace] GC(564) Metaspace: 57316K(57664K)->57316K(57664K) NonClass: 49034K(49280K)->49034K(49280K) Class: 8281K(8384K)->8281K(8384K)
[351.515s][info][gc          ] GC(564) Pause Young (Normal) (G1 Evacuation Pause) 693M->262M(739M) 6.772ms
[351.515s][info][gc,cpu      ] GC(564) User=0.01s Sys=0.00s Real=0.01s
[352.630s][info][gc,start    ] GC(565) Pause Young (Normal) (G1 Evacuation Pause)
[352.630s][info][gc,task     ] GC(565) Using 2 workers of 2 for evacuation
[352.635s][info][gc,phases   ] GC(565)   Pre Evacuate Collection Set: 0.28ms
[352.635s][info][gc,phases   ] GC(565)   Merge Heap Roots: 0.14ms
[352.635s][info][gc,phases   ] GC(565)   Evacuate Collection Set: 4.34ms
[352.635s][info][gc,phases   ] GC(565)   Post Evacuate Collection Set: 0.77ms
[352.635s][info][gc,phases   ] GC(565)   Other: 0.10ms
[352.635s][info][gc,heap     ] GC(565) Eden regions: 430->0(432)
[352.635s][info][gc,heap     ] GC(565) Survivor regions: 7->6(55)
[352.635s][info][gc,heap     ] GC(565) Old regions: 50->50
[352.635s][info][gc,heap     ] GC(565) Humongous regions: 207->207
[352.636s][info][gc,metaspace] GC(565) Metaspace: 57316K(57664K)->57316K(57664K) NonClass: 49034K(49280K)->49034K(49280K) Class: 8281K(8384K)->8281K(8384K)
[352.636s][info][gc          ] GC(565) Pause Young (Normal) (G1 Evacuation Pause) 692M->262M(739M) 5.822ms
[352.636s][info][gc,cpu      ] GC(565) User=0.01s Sys=0.00s Real=0.01s
[353.794s][info][gc,start    ] GC(566) Pause Young (Normal) (G1 Evacuation Pause)
[353.794s][info][gc,task     ] GC(566) Using 2 workers of 2 for evacuation
[353.799s][info][gc,phases   ] GC(566)   Pre Evacuate Collection Set: 0.28ms
[353.800s][info][gc,phases   ] GC(566)   Merge Heap Roots: 0.13ms
[353.800s][info][gc,phases   ] GC(566)   Evacuate Collection Set: 3.77ms
[353.800s][info][gc,phases   ] GC(566)   Post Evacuate Collection Set: 0.78ms
[353.800s][info][gc,phases   ] GC(566)   Other: 0.14ms
[353.800s][info][gc,heap     ] GC(566) Eden regions: 432->0(432)
[353.800s][info][gc,heap     ] GC(566) Survivor regions: 6->6(55)
[353.800s][info][gc,heap     ] GC(566) Old regions: 50->50
[353.800s][info][gc,heap     ] GC(566) Humongous regions: 207->207
[353.800s][info][gc,metaspace] GC(566) Metaspace: 57316K(57664K)->57316K(57664K) NonClass: 49034K(49280K)->49034K(49280K) Class: 8281K(8384K)->8281K(8384K)
[353.800s][info][gc          ] GC(566) Pause Young (Normal) (G1 Evacuation Pause) 694M->261M(739M) 5.300ms
[353.800s][info][gc,cpu      ] GC(566) User=0.01s Sys=0.00s Real=0.00s
[354.912s][info][gc,start    ] GC(567) Pause Young (Normal) (G1 Evacuation Pause)
[354.912s][info][gc,task     ] GC(567) Using 2 workers of 2 for evacuation
[354.918s][info][gc,phases   ] GC(567)   Pre Evacuate Collection Set: 0.27ms
[354.918s][info][gc,phases   ] GC(567)   Merge Heap Roots: 0.15ms
[354.918s][info][gc,phases   ] GC(567)   Evacuate Collection Set: 4.74ms
[354.918s][info][gc,phases   ] GC(567)   Post Evacuate Collection Set: 0.80ms
[354.918s][info][gc,phases   ] GC(567)   Other: 0.08ms
[354.918s][info][gc,heap     ] GC(567) Eden regions: 432->0(435)
[354.918s][info][gc,heap     ] GC(567) Survivor regions: 6->3(55)
[354.918s][info][gc,heap     ] GC(567) Old regions: 50->53
[354.918s][info][gc,heap     ] GC(567) Humongous regions: 207->207
[354.918s][info][gc,metaspace] GC(567) Metaspace: 57316K(57664K)->57316K(57664K) NonClass: 49034K(49280K)->49034K(49280K) Class: 8281K(8384K)->8281K(8384K)
[354.918s][info][gc          ] GC(567) Pause Young (Normal) (G1 Evacuation Pause) 693M->262M(739M) 6.226ms
[354.918s][info][gc,cpu      ] GC(567) User=0.01s Sys=0.00s Real=0.01s
[356.084s][info][gc,start    ] GC(568) Pause Young (Concurrent Start) (G1 Evacuation Pause)
[356.084s][info][gc,task     ] GC(568) Using 2 workers of 2 for evacuation
[356.087s][info][gc,phases   ] GC(568)   Pre Evacuate Collection Set: 0.33ms
[356.087s][info][gc,phases   ] GC(568)   Merge Heap Roots: 0.13ms
[356.087s][info][gc,phases   ] GC(568)   Evacuate Collection Set: 2.32ms
[356.087s][info][gc,phases   ] GC(568)   Post Evacuate Collection Set: 0.77ms
[356.087s][info][gc,phases   ] GC(568)   Other: 0.11ms
[356.087s][info][gc,heap     ] GC(568) Eden regions: 435->0(439)
[356.087s][info][gc,heap     ] GC(568) Survivor regions: 3->1(55)
[356.087s][info][gc,heap     ] GC(568) Old regions: 53->53
[356.087s][info][gc,heap     ] GC(568) Humongous regions: 207->207
[356.087s][info][gc,metaspace] GC(568) Metaspace: 57316K(57664K)->57316K(57664K) NonClass: 49034K(49280K)->49034K(49280K) Class: 8281K(8384K)->8281K(8384K)
[356.087s][info][gc          ] GC(568) Pause Young (Concurrent Start) (G1 Evacuation Pause) 697M->260M(739M) 3.844ms
[356.087s][info][gc          ] GC(569) Concurrent Mark Cycle
[356.087s][info][gc,marking  ] GC(569) Concurrent Scan Root Regions
[356.089s][info][gc,marking  ] GC(569) Concurrent Scan Root Regions 1.462ms
[356.089s][info][gc,marking  ] GC(569) Concurrent Mark
[356.089s][info][gc,marking  ] GC(569) Concurrent Mark From Roots
[356.089s][info][gc,task     ] GC(569) Using 1 workers of 1 for marking
[356.089s][info][gc,cpu      ] GC(568) User=0.01s Sys=0.00s Real=0.01s
[356.170s][info][gc,marking  ] GC(569) Concurrent Mark From Roots 80.599ms
[356.170s][info][gc,marking  ] GC(569) Concurrent Preclean
[356.170s][info][gc,marking  ] GC(569) Concurrent Preclean 0.062ms
[356.170s][info][gc,start    ] GC(569) Pause Remark
[356.180s][info][gc          ] GC(569) Pause Remark 299M->299M(739M) 10.451ms
[356.180s][info][gc,cpu      ] GC(569) User=0.02s Sys=0.00s Real=0.01s
[356.180s][info][gc,marking  ] GC(569) Concurrent Mark 91.339ms
[356.180s][info][gc,marking  ] GC(569) Concurrent Rebuild Remembered Sets and Scrub Regions
[356.208s][info][gc,marking  ] GC(569) Concurrent Rebuild Remembered Sets and Scrub Regions 27.795ms
[356.208s][info][gc,start    ] GC(569) Pause Cleanup
[356.208s][info][gc          ] GC(569) Pause Cleanup 312M->312M(739M) 0.079ms
[356.208s][info][gc,cpu      ] GC(569) User=0.00s Sys=0.00s Real=0.00s
[356.209s][info][gc,marking  ] GC(569) Concurrent Clear Claimed Marks
[356.209s][info][gc,marking  ] GC(569) Concurrent Clear Claimed Marks 0.105ms
[356.209s][info][gc,marking  ] GC(569) Concurrent Cleanup for Next Mark
[356.211s][info][gc,marking  ] GC(569) Concurrent Cleanup for Next Mark 2.597ms
[356.211s][info][gc          ] GC(569) Concurrent Mark Cycle 123.852ms
[357.214s][info][gc,start    ] GC(570) Pause Young (Prepare Mixed) (G1 Evacuation Pause)
[357.214s][info][gc,task     ] GC(570) Using 2 workers of 2 for evacuation
[357.220s][info][gc,phases   ] GC(570)   Pre Evacuate Collection Set: 0.25ms
[357.220s][info][gc,phases   ] GC(570)   Merge Heap Roots: 0.14ms
[357.220s][info][gc,phases   ] GC(570)   Evacuate Collection Set: 4.40ms
[357.220s][info][gc,phases   ] GC(570)   Post Evacuate Collection Set: 0.73ms
[357.220s][info][gc,phases   ] GC(570)   Other: 0.15ms
[357.220s][info][gc,heap     ] GC(570) Eden regions: 439->0(437)
[357.220s][info][gc,heap     ] GC(570) Survivor regions: 1->2(55)
[357.220s][info][gc,heap     ] GC(570) Old regions: 53->53
[357.220s][info][gc,heap     ] GC(570) Humongous regions: 207->207
[357.220s][info][gc,metaspace] GC(570) Metaspace: 57316K(57664K)->57316K(57664K) NonClass: 49034K(49280K)->49034K(49280K) Class: 8281K(8384K)->8281K(8384K)
[357.220s][info][gc          ] GC(570) Pause Young (Prepare Mixed) (G1 Evacuation Pause) 699M->261M(739M) 5.848ms
[357.220s][info][gc,cpu      ] GC(570) User=0.01s Sys=0.00s Real=0.01s
[358.386s][info][gc,start    ] GC(571) Pause Young (Mixed) (G1 Evacuation Pause)
[358.386s][info][gc,task     ] GC(571) Using 2 workers of 2 for evacuation
[358.390s][info][gc,phases   ] GC(571)   Pre Evacuate Collection Set: 0.28ms
[358.390s][info][gc,phases   ] GC(571)   Merge Heap Roots: 0.13ms
[358.390s][info][gc,phases   ] GC(571)   Evacuate Collection Set: 2.78ms
[358.390s][info][gc,phases   ] GC(571)   Post Evacuate Collection Set: 0.73ms
[358.390s][info][gc,phases   ] GC(571)   Other: 0.08ms
[358.390s][info][gc,heap     ] GC(571) Eden regions: 437->0(442)
[358.390s][info][gc,heap     ] GC(571) Survivor regions: 2->1(55)
[358.390s][info][gc,heap     ] GC(571) Old regions: 53->50
[358.390s][info][gc,heap     ] GC(571) Humongous regions: 207->207
[358.390s][info][gc,metaspace] GC(571) Metaspace: 57316K(57664K)->57316K(57664K) NonClass: 49034K(49280K)->49034K(49280K) Class: 8281K(8384K)->8281K(8384K)
[358.391s][info][gc          ] GC(571) Pause Young (Mixed) (G1 Evacuation Pause) 698M->257M(739M) 4.183ms
[358.391s][info][gc,cpu      ] GC(571) User=0.01s Sys=0.00s Real=0.00s
[359.615s][info][gc,start    ] GC(572) Pause Young (Normal) (G1 Evacuation Pause)
[359.615s][info][gc,task     ] GC(572) Using 2 workers of 2 for evacuation
[359.621s][info][gc,phases   ] GC(572)   Pre Evacuate Collection Set: 0.37ms
[359.621s][info][gc,phases   ] GC(572)   Merge Heap Roots: 0.15ms
[359.621s][info][gc,phases   ] GC(572)   Evacuate Collection Set: 5.43ms
[359.621s][info][gc,phases   ] GC(572)   Post Evacuate Collection Set: 0.78ms
[359.621s][info][gc,phases   ] GC(572)   Other: 0.10ms
[359.622s][info][gc,heap     ] GC(572) Eden regions: 442->0(438)
[359.622s][info][gc,heap     ] GC(572) Survivor regions: 1->3(56)
[359.622s][info][gc,heap     ] GC(572) Old regions: 50->50
[359.622s][info][gc,heap     ] GC(572) Humongous regions: 207->207
[359.622s][info][gc,metaspace] GC(572) Metaspace: 57316K(57664K)->57316K(57664K) NonClass: 49034K(49280K)->49034K(49280K) Class: 8281K(8384K)->8281K(8384K)
[359.622s][info][gc          ] GC(572) Pause Young (Normal) (G1 Evacuation Pause) 699M->259M(739M) 7.053ms
[359.622s][info][gc,cpu      ] GC(572) User=0.01s Sys=0.00s Real=0.00s
[360.795s][info][gc,start    ] GC(573) Pause Young (Normal) (G1 Evacuation Pause)
[360.795s][info][gc,task     ] GC(573) Using 2 workers of 2 for evacuation
[360.813s][info][gc,phases   ] GC(573)   Pre Evacuate Collection Set: 0.42ms
[360.813s][info][gc,phases   ] GC(573)   Merge Heap Roots: 0.12ms
[360.813s][info][gc,phases   ] GC(573)   Evacuate Collection Set: 15.41ms
[360.813s][info][gc,phases   ] GC(573)   Post Evacuate Collection Set: 1.70ms
[360.813s][info][gc,phases   ] GC(573)   Other: 0.10ms
[360.813s][info][gc,heap     ] GC(573) Eden regions: 438->0(440)
[360.813s][info][gc,heap     ] GC(573) Survivor regions: 3->2(56)
[360.813s][info][gc,heap     ] GC(573) Old regions: 50->50
[360.813s][info][gc,heap     ] GC(573) Humongous regions: 207->207
[360.813s][info][gc,metaspace] GC(573) Metaspace: 57316K(57664K)->57316K(57664K) NonClass: 49034K(49280K)->49034K(49280K) Class: 8281K(8384K)->8281K(8384K)
[360.813s][info][gc          ] GC(573) Pause Young (Normal) (G1 Evacuation Pause) 697M->258M(739M) 17.976ms
[360.813s][info][gc,cpu      ] GC(573) User=0.01s Sys=0.01s Real=0.01s
[361.969s][info][gc,start    ] GC(574) Pause Young (Normal) (G1 Evacuation Pause)
[361.969s][info][gc,task     ] GC(574) Using 2 workers of 2 for evacuation
[361.974s][info][gc,phases   ] GC(574)   Pre Evacuate Collection Set: 0.28ms
[361.974s][info][gc,phases   ] GC(574)   Merge Heap Roots: 0.14ms
[361.974s][info][gc,phases   ] GC(574)   Evacuate Collection Set: 3.81ms
[361.974s][info][gc,phases   ] GC(574)   Post Evacuate Collection Set: 0.77ms
[361.974s][info][gc,phases   ] GC(574)   Other: 0.09ms
[361.974s][info][gc,heap     ] GC(574) Eden regions: 440->0(438)
[361.974s][info][gc,heap     ] GC(574) Survivor regions: 2->3(56)
[361.974s][info][gc,heap     ] GC(574) Old regions: 50->50
[361.974s][info][gc,heap     ] GC(574) Humongous regions: 207->207
[361.974s][info][gc,metaspace] GC(574) Metaspace: 57316K(57664K)->57316K(57664K) NonClass: 49034K(49280K)->49034K(49280K) Class: 8281K(8384K)->8281K(8384K)
[361.974s][info][gc          ] GC(574) Pause Young (Normal) (G1 Evacuation Pause) 698M->259M(739M) 5.269ms
[361.974s][info][gc,cpu      ] GC(574) User=0.01s Sys=0.00s Real=0.01s
[363.091s][info][gc,start    ] GC(575) Pause Young (Normal) (G1 Evacuation Pause)
[363.091s][info][gc,task     ] GC(575) Using 2 workers of 2 for evacuation
[363.097s][info][gc,phases   ] GC(575)   Pre Evacuate Collection Set: 0.47ms
[363.097s][info][gc,phases   ] GC(575)   Merge Heap Roots: 0.15ms
[363.097s][info][gc,phases   ] GC(575)   Evacuate Collection Set: 4.28ms
[363.097s][info][gc,phases   ] GC(575)   Post Evacuate Collection Set: 0.75ms
[363.097s][info][gc,phases   ] GC(575)   Other: 0.09ms
[363.097s][info][gc,heap     ] GC(575) Eden regions: 438->0(440)
[363.097s][info][gc,heap     ] GC(575) Survivor regions: 3->2(56)
[363.097s][info][gc,heap     ] GC(575) Old regions: 50->50
[363.097s][info][gc,heap     ] GC(575) Humongous regions: 207->207
[363.097s][info][gc,metaspace] GC(575) Metaspace: 57316K(57664K)->57316K(57664K) NonClass: 49034K(49280K)->49034K(49280K) Class: 8281K(8384K)->8281K(8384K)
[363.097s][info][gc          ] GC(575) Pause Young (Normal) (G1 Evacuation Pause) 697M->258M(739M) 5.935ms
[363.097s][info][gc,cpu      ] GC(575) User=0.01s Sys=0.00s Real=0.01s
[364.223s][info][gc,start    ] GC(576) Pause Young (Normal) (G1 Evacuation Pause)
[364.223s][info][gc,task     ] GC(576) Using 2 workers of 2 for evacuation
[364.228s][info][gc,phases   ] GC(576)   Pre Evacuate Collection Set: 0.28ms
[364.228s][info][gc,phases   ] GC(576)   Merge Heap Roots: 0.14ms
[364.228s][info][gc,phases   ] GC(576)   Evacuate Collection Set: 4.02ms
[364.228s][info][gc,phases   ] GC(576)   Post Evacuate Collection Set: 0.78ms
[364.228s][info][gc,phases   ] GC(576)   Other: 0.09ms
[364.228s][info][gc,heap     ] GC(576) Eden regions: 440->0(438)
[364.228s][info][gc,heap     ] GC(576) Survivor regions: 2->3(56)
[364.228s][info][gc,heap     ] GC(576) Old regions: 50->50
[364.228s][info][gc,heap     ] GC(576) Humongous regions: 207->207
[364.228s][info][gc,metaspace] GC(576) Metaspace: 57316K(57664K)->57316K(57664K) NonClass: 49034K(49280K)->49034K(49280K) Class: 8281K(8384K)->8281K(8384K)
[364.228s][info][gc          ] GC(576) Pause Young (Normal) (G1 Evacuation Pause) 698M->259M(739M) 5.525ms
[364.228s][info][gc,cpu      ] GC(576) User=0.01s Sys=0.00s Real=0.01s
[365.400s][info][gc,start    ] GC(577) Pause Young (Normal) (G1 Evacuation Pause)
[365.400s][info][gc,task     ] GC(577) Using 2 workers of 2 for evacuation
[365.405s][info][gc,phases   ] GC(577)   Pre Evacuate Collection Set: 0.27ms
[365.405s][info][gc,phases   ] GC(577)   Merge Heap Roots: 0.15ms
[365.405s][info][gc,phases   ] GC(577)   Evacuate Collection Set: 3.59ms
[365.405s][info][gc,phases   ] GC(577)   Post Evacuate Collection Set: 0.75ms
[365.405s][info][gc,phases   ] GC(577)   Other: 0.10ms
[365.405s][info][gc,heap     ] GC(577) Eden regions: 438->0(440)
[365.405s][info][gc,heap     ] GC(577) Survivor regions: 3->2(56)
[365.405s][info][gc,heap     ] GC(577) Old regions: 50->50
[365.405s][info][gc,heap     ] GC(577) Humongous regions: 207->207
[365.405s][info][gc,metaspace] GC(577) Metaspace: 57316K(57664K)->57316K(57664K) NonClass: 49034K(49280K)->49034K(49280K) Class: 8281K(8384K)->8281K(8384K)
[365.405s][info][gc          ] GC(577) Pause Young (Normal) (G1 Evacuation Pause) 697M->258M(739M) 5.034ms
[365.405s][info][gc,cpu      ] GC(577) User=0.01s Sys=0.00s Real=0.01s
[366.522s][info][gc,start    ] GC(578) Pause Young (Normal) (G1 Evacuation Pause)
[366.522s][info][gc,task     ] GC(578) Using 2 workers of 2 for evacuation
[366.529s][info][gc,phases   ] GC(578)   Pre Evacuate Collection Set: 0.33ms
[366.529s][info][gc,phases   ] GC(578)   Merge Heap Roots: 0.15ms
[366.529s][info][gc,phases   ] GC(578)   Evacuate Collection Set: 4.82ms
[366.529s][info][gc,phases   ] GC(578)   Post Evacuate Collection Set: 1.20ms
[366.529s][info][gc,phases   ] GC(578)   Other: 0.10ms
[366.529s][info][gc,heap     ] GC(578) Eden regions: 440->0(438)
[366.529s][info][gc,heap     ] GC(578) Survivor regions: 2->3(56)
[366.529s][info][gc,heap     ] GC(578) Old regions: 50->50
[366.529s][info][gc,heap     ] GC(578) Humongous regions: 207->207
[366.529s][info][gc,metaspace] GC(578) Metaspace: 57316K(57664K)->57316K(57664K) NonClass: 49034K(49280K)->49034K(49280K) Class: 8281K(8384K)->8281K(8384K)
[366.529s][info][gc          ] GC(578) Pause Young (Normal) (G1 Evacuation Pause) 698M->259M(739M) 6.919ms
[366.529s][info][gc,cpu      ] GC(578) User=0.01s Sys=0.00s Real=0.01s
[367.695s][info][gc,start    ] GC(579) Pause Young (Normal) (G1 Evacuation Pause)
[367.695s][info][gc,task     ] GC(579) Using 2 workers of 2 for evacuation
[367.699s][info][gc,phases   ] GC(579)   Pre Evacuate Collection Set: 0.29ms
[367.699s][info][gc,phases   ] GC(579)   Merge Heap Roots: 0.14ms
[367.699s][info][gc,phases   ] GC(579)   Evacuate Collection Set: 3.50ms
[367.699s][info][gc,phases   ] GC(579)   Post Evacuate Collection Set: 0.73ms
[367.699s][info][gc,phases   ] GC(579)   Other: 0.09ms
[367.699s][info][gc,heap     ] GC(579) Eden regions: 438->0(440)
[367.699s][info][gc,heap     ] GC(579) Survivor regions: 3->2(56)
[367.699s][info][gc,heap     ] GC(579) Old regions: 50->50
[367.699s][info][gc,heap     ] GC(579) Humongous regions: 207->207
[367.699s][info][gc,metaspace] GC(579) Metaspace: 57316K(57664K)->57316K(57664K) NonClass: 49034K(49280K)->49034K(49280K) Class: 8281K(8384K)->8281K(8384K)
[367.699s][info][gc          ] GC(579) Pause Young (Normal) (G1 Evacuation Pause) 697M->258M(739M) 4.933ms
[367.699s][info][gc,cpu      ] GC(579) User=0.01s Sys=0.00s Real=0.00s
[368.826s][info][gc,start    ] GC(580) Pause Young (Normal) (G1 Evacuation Pause)
[368.826s][info][gc,task     ] GC(580) Using 2 workers of 2 for evacuation
[368.832s][info][gc,phases   ] GC(580)   Pre Evacuate Collection Set: 0.27ms
[368.832s][info][gc,phases   ] GC(580)   Merge Heap Roots: 0.14ms
[368.832s][info][gc,phases   ] GC(580)   Evacuate Collection Set: 4.28ms
[368.832s][info][gc,phases   ] GC(580)   Post Evacuate Collection Set: 0.76ms
[368.832s][info][gc,phases   ] GC(580)   Other: 0.09ms
[368.832s][info][gc,heap     ] GC(580) Eden regions: 440->0(439)
[368.832s][info][gc,heap     ] GC(580) Survivor regions: 2->2(56)
[368.832s][info][gc,heap     ] GC(580) Old regions: 50->51
[368.832s][info][gc,heap     ] GC(580) Humongous regions: 207->207
[368.832s][info][gc,metaspace] GC(580) Metaspace: 57316K(57664K)->57316K(57664K) NonClass: 49034K(49280K)->49034K(49280K) Class: 8281K(8384K)->8281K(8384K)
[368.832s][info][gc          ] GC(580) Pause Young (Normal) (G1 Evacuation Pause) 698M->258M(739M) 5.742ms
[368.832s][info][gc,cpu      ] GC(580) User=0.01s Sys=0.00s Real=0.00s
[370.095s][info][gc,start    ] GC(581) Pause Young (Normal) (G1 Evacuation Pause)
[370.095s][info][gc,task     ] GC(581) Using 2 workers of 2 for evacuation
[370.100s][info][gc,phases   ] GC(581)   Pre Evacuate Collection Set: 0.27ms
[370.100s][info][gc,phases   ] GC(581)   Merge Heap Roots: 0.14ms
[370.100s][info][gc,phases   ] GC(581)   Evacuate Collection Set: 3.49ms
[370.100s][info][gc,phases   ] GC(581)   Post Evacuate Collection Set: 0.75ms
[370.100s][info][gc,phases   ] GC(581)   Other: 0.09ms
[370.100s][info][gc,heap     ] GC(581) Eden regions: 439->0(439)
[370.100s][info][gc,heap     ] GC(581) Survivor regions: 2->2(56)
[370.100s][info][gc,heap     ] GC(581) Old regions: 51->51
[370.100s][info][gc,heap     ] GC(581) Humongous regions: 207->207
[370.100s][info][gc,metaspace] GC(581) Metaspace: 57316K(57664K)->57316K(57664K) NonClass: 49034K(49280K)->49034K(49280K) Class: 8281K(8384K)->8281K(8384K)
[370.100s][info][gc          ] GC(581) Pause Young (Normal) (G1 Evacuation Pause) 697M->258M(739M) 4.936ms
[370.100s][info][gc,cpu      ] GC(581) User=0.01s Sys=0.00s Real=0.00s
[371.233s][info][gc,start    ] GC(582) Pause Young (Normal) (G1 Evacuation Pause)
[371.233s][info][gc,task     ] GC(582) Using 2 workers of 2 for evacuation
[371.238s][info][gc,phases   ] GC(582)   Pre Evacuate Collection Set: 0.28ms
[371.238s][info][gc,phases   ] GC(582)   Merge Heap Roots: 0.16ms
[371.238s][info][gc,phases   ] GC(582)   Evacuate Collection Set: 3.46ms
[371.238s][info][gc,phases   ] GC(582)   Post Evacuate Collection Set: 0.75ms
[371.238s][info][gc,phases   ] GC(582)   Other: 0.09ms
[371.238s][info][gc,heap     ] GC(582) Eden regions: 439->0(439)
[371.238s][info][gc,heap     ] GC(582) Survivor regions: 2->2(56)
[371.238s][info][gc,heap     ] GC(582) Old regions: 51->51
[371.238s][info][gc,heap     ] GC(582) Humongous regions: 207->207
[371.238s][info][gc,metaspace] GC(582) Metaspace: 57318K(57664K)->57318K(57664K) NonClass: 49036K(49280K)->49036K(49280K) Class: 8281K(8384K)->8281K(8384K)
[371.238s][info][gc          ] GC(582) Pause Young (Normal) (G1 Evacuation Pause) 697M->258M(739M) 4.917ms
[371.238s][info][gc,cpu      ] GC(582) User=0.01s Sys=0.00s Real=0.01s
[372.403s][info][gc,start    ] GC(583) Pause Young (Normal) (G1 Evacuation Pause)
[372.403s][info][gc,task     ] GC(583) Using 2 workers of 2 for evacuation
[372.408s][info][gc,phases   ] GC(583)   Pre Evacuate Collection Set: 0.27ms
[372.408s][info][gc,phases   ] GC(583)   Merge Heap Roots: 0.14ms
[372.408s][info][gc,phases   ] GC(583)   Evacuate Collection Set: 3.67ms
[372.408s][info][gc,phases   ] GC(583)   Post Evacuate Collection Set: 0.77ms
[372.408s][info][gc,phases   ] GC(583)   Other: 0.09ms
[372.408s][info][gc,heap     ] GC(583) Eden regions: 439->0(439)
[372.408s][info][gc,heap     ] GC(583) Survivor regions: 2->2(56)
[372.408s][info][gc,heap     ] GC(583) Old regions: 51->51
[372.408s][info][gc,heap     ] GC(583) Humongous regions: 207->207
[372.408s][info][gc,metaspace] GC(583) Metaspace: 57318K(57664K)->57318K(57664K) NonClass: 49036K(49280K)->49036K(49280K) Class: 8281K(8384K)->8281K(8384K)
[372.408s][info][gc          ] GC(583) Pause Young (Normal) (G1 Evacuation Pause) 697M->258M(739M) 5.153ms
[372.408s][info][gc,cpu      ] GC(583) User=0.01s Sys=0.00s Real=0.01s
[373.524s][info][gc,start    ] GC(584) Pause Young (Normal) (G1 Evacuation Pause)
[373.524s][info][gc,task     ] GC(584) Using 2 workers of 2 for evacuation
[373.530s][info][gc,phases   ] GC(584)   Pre Evacuate Collection Set: 0.29ms
[373.530s][info][gc,phases   ] GC(584)   Merge Heap Roots: 0.14ms
[373.530s][info][gc,phases   ] GC(584)   Evacuate Collection Set: 3.87ms
[373.530s][info][gc,phases   ] GC(584)   Post Evacuate Collection Set: 0.75ms
[373.530s][info][gc,phases   ] GC(584)   Other: 0.12ms
[373.530s][info][gc,heap     ] GC(584) Eden regions: 439->0(439)
[373.530s][info][gc,heap     ] GC(584) Survivor regions: 2->2(56)
[373.530s][info][gc,heap     ] GC(584) Old regions: 51->51
[373.530s][info][gc,heap     ] GC(584) Humongous regions: 207->207
[373.530s][info][gc,metaspace] GC(584) Metaspace: 57318K(57664K)->57318K(57664K) NonClass: 49036K(49280K)->49036K(49280K) Class: 8281K(8384K)->8281K(8384K)
[373.530s][info][gc          ] GC(584) Pause Young (Normal) (G1 Evacuation Pause) 697M->258M(739M) 5.363ms
[373.530s][info][gc,cpu      ] GC(584) User=0.01s Sys=0.00s Real=0.00s
[374.705s][info][gc,start    ] GC(585) Pause Young (Normal) (G1 Evacuation Pause)
[374.705s][info][gc,task     ] GC(585) Using 2 workers of 2 for evacuation
[374.710s][info][gc,phases   ] GC(585)   Pre Evacuate Collection Set: 0.27ms
[374.710s][info][gc,phases   ] GC(585)   Merge Heap Roots: 0.14ms
[374.710s][info][gc,phases   ] GC(585)   Evacuate Collection Set: 4.14ms
[374.710s][info][gc,phases   ] GC(585)   Post Evacuate Collection Set: 0.77ms
[374.710s][info][gc,phases   ] GC(585)   Other: 0.11ms
[374.710s][info][gc,heap     ] GC(585) Eden regions: 439->0(437)
[374.710s][info][gc,heap     ] GC(585) Survivor regions: 2->3(56)
[374.710s][info][gc,heap     ] GC(585) Old regions: 51->51
[374.710s][info][gc,heap     ] GC(585) Humongous regions: 207->207
[374.710s][info][gc,metaspace] GC(585) Metaspace: 57318K(57664K)->57318K(57664K) NonClass: 49036K(49280K)->49036K(49280K) Class: 8281K(8384K)->8281K(8384K)
[374.711s][info][gc          ] GC(585) Pause Young (Normal) (G1 Evacuation Pause) 697M->259M(739M) 5.618ms
[374.711s][info][gc,cpu      ] GC(585) User=0.01s Sys=0.00s Real=0.00s
[375.839s][info][gc,start    ] GC(586) Pause Young (Normal) (G1 Evacuation Pause)
[375.839s][info][gc,task     ] GC(586) Using 2 workers of 2 for evacuation
[375.844s][info][gc,phases   ] GC(586)   Pre Evacuate Collection Set: 0.30ms
[375.844s][info][gc,phases   ] GC(586)   Merge Heap Roots: 0.15ms
[375.844s][info][gc,phases   ] GC(586)   Evacuate Collection Set: 3.45ms
[375.844s][info][gc,phases   ] GC(586)   Post Evacuate Collection Set: 0.74ms
[375.844s][info][gc,phases   ] GC(586)   Other: 0.10ms
[375.844s][info][gc,heap     ] GC(586) Eden regions: 437->0(439)
[375.844s][info][gc,heap     ] GC(586) Survivor regions: 3->2(55)
[375.844s][info][gc,heap     ] GC(586) Old regions: 51->51
[375.844s][info][gc,heap     ] GC(586) Humongous regions: 207->207
[375.844s][info][gc,metaspace] GC(586) Metaspace: 57318K(57664K)->57318K(57664K) NonClass: 49036K(49280K)->49036K(49280K) Class: 8281K(8384K)->8281K(8384K)
[375.844s][info][gc          ] GC(586) Pause Young (Normal) (G1 Evacuation Pause) 696M->259M(739M) 4.926ms
[375.844s][info][gc,cpu      ] GC(586) User=0.01s Sys=0.00s Real=0.01s
[377.004s][info][gc,start    ] GC(587) Pause Young (Normal) (G1 Evacuation Pause)
[377.004s][info][gc,task     ] GC(587) Using 2 workers of 2 for evacuation
[377.009s][info][gc,phases   ] GC(587)   Pre Evacuate Collection Set: 0.28ms
[377.009s][info][gc,phases   ] GC(587)   Merge Heap Roots: 0.14ms
[377.009s][info][gc,phases   ] GC(587)   Evacuate Collection Set: 3.65ms
[377.009s][info][gc,phases   ] GC(587)   Post Evacuate Collection Set: 0.77ms
[377.009s][info][gc,phases   ] GC(587)   Other: 0.08ms
[377.009s][info][gc,heap     ] GC(587) Eden regions: 439->0(439)
[377.009s][info][gc,heap     ] GC(587) Survivor regions: 2->2(56)
[377.009s][info][gc,heap     ] GC(587) Old regions: 51->51
[377.009s][info][gc,heap     ] GC(587) Humongous regions: 207->207
[377.009s][info][gc,metaspace] GC(587) Metaspace: 57318K(57664K)->57318K(57664K) NonClass: 49036K(49280K)->49036K(49280K) Class: 8281K(8384K)->8281K(8384K)
[377.009s][info][gc          ] GC(587) Pause Young (Normal) (G1 Evacuation Pause) 698M->258M(739M) 5.102ms
[377.009s][info][gc,cpu      ] GC(587) User=0.01s Sys=0.00s Real=0.01s
[377.649s][info][gc,start    ] GC(588) Pause Young (Concurrent Start) (G1 Humongous Allocation)
[377.649s][info][gc,task     ] GC(588) Using 2 workers of 2 for evacuation
[377.652s][info][gc,phases   ] GC(588)   Pre Evacuate Collection Set: 0.32ms
[377.652s][info][gc,phases   ] GC(588)   Merge Heap Roots: 0.10ms
[377.652s][info][gc,phases   ] GC(588)   Evacuate Collection Set: 2.39ms
[377.653s][info][gc,phases   ] GC(588)   Post Evacuate Collection Set: 0.65ms
[377.653s][info][gc,phases   ] GC(588)   Other: 0.13ms
[377.653s][info][gc,heap     ] GC(588) Eden regions: 255->0(441)
[377.653s][info][gc,heap     ] GC(588) Survivor regions: 2->1(56)
[377.653s][info][gc,heap     ] GC(588) Old regions: 51->51
[377.653s][info][gc,heap     ] GC(588) Humongous regions: 207->207
[377.653s][info][gc,metaspace] GC(588) Metaspace: 57323K(57664K)->57323K(57664K) NonClass: 49041K(49280K)->49041K(49280K) Class: 8281K(8384K)->8281K(8384K)
[377.653s][info][gc          ] GC(588) Pause Young (Concurrent Start) (G1 Humongous Allocation) 512M->257M(739M) 3.778ms
[377.653s][info][gc,cpu      ] GC(588) User=0.01s Sys=0.00s Real=0.00s
[377.653s][info][gc          ] GC(589) Concurrent Undo Cycle
[377.654s][info][gc,marking  ] GC(589) Concurrent Clear Claimed Marks
[377.655s][info][gc,marking  ] GC(589) Concurrent Clear Claimed Marks 0.108ms
[377.655s][info][gc,marking  ] GC(589) Concurrent Cleanup for Next Mark
[377.657s][info][gc,marking  ] GC(589) Concurrent Cleanup for Next Mark 2.494ms
[377.657s][info][gc          ] GC(589) Concurrent Undo Cycle 4.504ms
[377.803s][info][gc,start    ] GC(590) Pause Young (Concurrent Start) (G1 Humongous Allocation)
[377.803s][info][gc,task     ] GC(590) Using 2 workers of 2 for evacuation
[377.806s][info][gc,phases   ] GC(590)   Pre Evacuate Collection Set: 0.30ms
[377.806s][info][gc,phases   ] GC(590)   Merge Heap Roots: 0.07ms
[377.806s][info][gc,phases   ] GC(590)   Evacuate Collection Set: 2.02ms
[377.806s][info][gc,phases   ] GC(590)   Post Evacuate Collection Set: 0.39ms
[377.806s][info][gc,phases   ] GC(590)   Other: 0.10ms
[377.806s][info][gc,heap     ] GC(590) Eden regions: 2->0(402)
[377.806s][info][gc,heap     ] GC(590) Survivor regions: 1->1(56)
[377.806s][info][gc,heap     ] GC(590) Old regions: 51->51
[377.806s][info][gc,heap     ] GC(590) Humongous regions: 246->246
[377.806s][info][gc,metaspace] GC(590) Metaspace: 57325K(57664K)->57325K(57664K) NonClass: 49043K(49280K)->49043K(49280K) Class: 8281K(8384K)->8281K(8384K)
[377.806s][info][gc          ] GC(590) Pause Young (Concurrent Start) (G1 Humongous Allocation) 298M->296M(739M) 3.063ms
[377.806s][info][gc,cpu      ] GC(590) User=0.00s Sys=0.00s Real=0.01s
[377.806s][info][gc          ] GC(591) Concurrent Mark Cycle
[377.806s][info][gc,marking  ] GC(591) Concurrent Scan Root Regions
[377.808s][info][gc,marking  ] GC(591) Concurrent Scan Root Regions 1.943ms
[377.808s][info][gc,marking  ] GC(591) Concurrent Mark
[377.808s][info][gc,marking  ] GC(591) Concurrent Mark From Roots
[377.808s][info][gc,task     ] GC(591) Using 1 workers of 1 for marking
[377.851s][info][gc,marking  ] GC(591) Concurrent Mark From Roots 42.876ms
[377.851s][info][gc,marking  ] GC(591) Concurrent Preclean
[377.851s][info][gc,marking  ] GC(591) Concurrent Preclean 0.054ms
[377.851s][info][gc,start    ] GC(591) Pause Remark
[377.862s][info][gc          ] GC(591) Pause Remark 335M->335M(739M) 10.286ms
[377.862s][info][gc,cpu      ] GC(591) User=0.02s Sys=0.00s Real=0.01s
[377.862s][info][gc,marking  ] GC(591) Concurrent Mark 54.210ms
[377.862s][info][gc,marking  ] GC(591) Concurrent Rebuild Remembered Sets and Scrub Regions
[377.880s][info][gc,marking  ] GC(591) Concurrent Rebuild Remembered Sets and Scrub Regions 17.312ms
[377.880s][info][gc,start    ] GC(591) Pause Cleanup
[377.880s][info][gc          ] GC(591) Pause Cleanup 335M->335M(739M) 0.092ms
[377.880s][info][gc,cpu      ] GC(591) User=0.00s Sys=0.00s Real=0.00s
[377.880s][info][gc,marking  ] GC(591) Concurrent Clear Claimed Marks
[377.880s][info][gc,marking  ] GC(591) Concurrent Clear Claimed Marks 0.089ms
[377.880s][info][gc,marking  ] GC(591) Concurrent Cleanup for Next Mark
[377.883s][info][gc,marking  ] GC(591) Concurrent Cleanup for Next Mark 2.495ms
[377.883s][info][gc          ] GC(591) Concurrent Mark Cycle 76.500ms
[380.729s][info][gc,start    ] GC(592) Pause Young (Prepare Mixed) (G1 Evacuation Pause)
[380.729s][info][gc,task     ] GC(592) Using 2 workers of 2 for evacuation
[380.751s][info][gc,phases   ] GC(592)   Pre Evacuate Collection Set: 0.30ms
[380.751s][info][gc,phases   ] GC(592)   Merge Heap Roots: 0.18ms
[380.751s][info][gc,phases   ] GC(592)   Evacuate Collection Set: 19.36ms
[380.751s][info][gc,phases   ] GC(592)   Post Evacuate Collection Set: 1.22ms
[380.751s][info][gc,phases   ] GC(592)   Other: 0.08ms
[380.751s][info][gc,heap     ] GC(592) Eden regions: 324->0(418)
[380.751s][info][gc,heap     ] GC(592) Survivor regions: 1->24(51)
[380.751s][info][gc,heap     ] GC(592) Old regions: 51->51
[380.751s][info][gc,heap     ] GC(592) Humongous regions: 363->207
[380.751s][info][gc,metaspace] GC(592) Metaspace: 57419K(57728K)->57419K(57728K) NonClass: 49136K(49344K)->49136K(49344K) Class: 8282K(8384K)->8282K(8384K)
[380.751s][info][gc          ] GC(592) Pause Young (Prepare Mixed) (G1 Evacuation Pause) 737M->280M(763M) 21.358ms
[380.751s][info][gc,cpu      ] GC(592) User=0.02s Sys=0.03s Real=0.02s
[381.826s][info][gc,start    ] GC(593) Pause Young (Mixed) (G1 Evacuation Pause)
[381.827s][info][gc,task     ] GC(593) Using 2 workers of 2 for evacuation
[381.839s][info][gc,phases   ] GC(593)   Pre Evacuate Collection Set: 0.46ms
[381.839s][info][gc,phases   ] GC(593)   Merge Heap Roots: 0.15ms
[381.839s][info][gc,phases   ] GC(593)   Evacuate Collection Set: 10.43ms
[381.839s][info][gc,phases   ] GC(593)   Post Evacuate Collection Set: 0.90ms
[381.839s][info][gc,phases   ] GC(593)   Other: 0.12ms
[381.839s][info][gc,heap     ] GC(593) Eden regions: 418->0(419)
[381.839s][info][gc,heap     ] GC(593) Survivor regions: 24->25(56)
[381.839s][info][gc,heap     ] GC(593) Old regions: 51->48
[381.839s][info][gc,heap     ] GC(593) Humongous regions: 207->207
[381.839s][info][gc,metaspace] GC(593) Metaspace: 57419K(57728K)->57419K(57728K) NonClass: 49136K(49344K)->49136K(49344K) Class: 8282K(8384K)->8282K(8384K)
[381.839s][info][gc          ] GC(593) Pause Young (Mixed) (G1 Evacuation Pause) 698M->279M(763M) 12.269ms
[381.839s][info][gc,cpu      ] GC(593) User=0.02s Sys=0.00s Real=0.01s
[382.930s][info][gc,start    ] GC(594) Pause Young (Concurrent Start) (G1 Evacuation Pause)
[382.930s][info][gc,task     ] GC(594) Using 2 workers of 2 for evacuation
[382.941s][info][gc,phases   ] GC(594)   Pre Evacuate Collection Set: 0.33ms
[382.941s][info][gc,phases   ] GC(594)   Merge Heap Roots: 0.18ms
[382.941s][info][gc,phases   ] GC(594)   Evacuate Collection Set: 8.95ms
[382.941s][info][gc,phases   ] GC(594)   Post Evacuate Collection Set: 0.86ms
[382.941s][info][gc,phases   ] GC(594)   Other: 0.11ms
[382.941s][info][gc,heap     ] GC(594) Eden regions: 419->0(419)
[382.941s][info][gc,heap     ] GC(594) Survivor regions: 25->25(56)
[382.941s][info][gc,heap     ] GC(594) Old regions: 48->48
[382.941s][info][gc,heap     ] GC(594) Humongous regions: 207->207
[382.941s][info][gc,metaspace] GC(594) Metaspace: 57419K(57728K)->57419K(57728K) NonClass: 49136K(49344K)->49136K(49344K) Class: 8282K(8384K)->8282K(8384K)
[382.941s][info][gc          ] GC(594) Pause Young (Concurrent Start) (G1 Evacuation Pause) 698M->278M(763M) 10.629ms
[382.941s][info][gc,cpu      ] GC(594) User=0.02s Sys=0.00s Real=0.01s
[382.941s][info][gc          ] GC(595) Concurrent Mark Cycle
[382.941s][info][gc,marking  ] GC(595) Concurrent Scan Root Regions
[382.950s][info][gc,marking  ] GC(595) Concurrent Scan Root Regions 8.549ms
[382.950s][info][gc,marking  ] GC(595) Concurrent Mark
[382.950s][info][gc,marking  ] GC(595) Concurrent Mark From Roots
[382.950s][info][gc,task     ] GC(595) Using 1 workers of 1 for marking
[382.996s][info][gc,marking  ] GC(595) Concurrent Mark From Roots 45.972ms
[382.996s][info][gc,marking  ] GC(595) Concurrent Preclean
[382.996s][info][gc,marking  ] GC(595) Concurrent Preclean 0.070ms
[382.996s][info][gc,start    ] GC(595) Pause Remark
[383.007s][info][gc          ] GC(595) Pause Remark 291M->291M(763M) 10.606ms
[383.007s][info][gc,cpu      ] GC(595) User=0.02s Sys=0.00s Real=0.01s
[383.007s][info][gc,marking  ] GC(595) Concurrent Mark 57.887ms
[383.007s][info][gc,marking  ] GC(595) Concurrent Rebuild Remembered Sets and Scrub Regions
[383.029s][info][gc,marking  ] GC(595) Concurrent Rebuild Remembered Sets and Scrub Regions 21.973ms
[383.030s][info][gc,start    ] GC(595) Pause Cleanup
[383.030s][info][gc          ] GC(595) Pause Cleanup 303M->303M(763M) 0.076ms
[383.030s][info][gc,cpu      ] GC(595) User=0.00s Sys=0.00s Real=0.00s
[383.030s][info][gc,marking  ] GC(595) Concurrent Clear Claimed Marks
[383.030s][info][gc,marking  ] GC(595) Concurrent Clear Claimed Marks 0.093ms
[383.030s][info][gc,marking  ] GC(595) Concurrent Cleanup for Next Mark
[383.033s][info][gc,marking  ] GC(595) Concurrent Cleanup for Next Mark 2.719ms
[383.033s][info][gc          ] GC(595) Concurrent Mark Cycle 91.787ms
[384.031s][info][gc,start    ] GC(596) Pause Young (Prepare Mixed) (G1 Evacuation Pause)
[384.031s][info][gc,task     ] GC(596) Using 2 workers of 2 for evacuation
[384.041s][info][gc,phases   ] GC(596)   Pre Evacuate Collection Set: 0.30ms
[384.041s][info][gc,phases   ] GC(596)   Merge Heap Roots: 0.18ms
[384.041s][info][gc,phases   ] GC(596)   Evacuate Collection Set: 8.19ms
[384.041s][info][gc,phases   ] GC(596)   Post Evacuate Collection Set: 0.87ms
[384.041s][info][gc,phases   ] GC(596)   Other: 0.09ms
[384.041s][info][gc,heap     ] GC(596) Eden regions: 419->0(421)
[384.041s][info][gc,heap     ] GC(596) Survivor regions: 25->24(56)
[384.041s][info][gc,heap     ] GC(596) Old regions: 48->48
[384.041s][info][gc,heap     ] GC(596) Humongous regions: 207->207
[384.041s][info][gc,metaspace] GC(596) Metaspace: 57419K(57728K)->57419K(57728K) NonClass: 49136K(49344K)->49136K(49344K) Class: 8282K(8384K)->8282K(8384K)
[384.041s][info][gc          ] GC(596) Pause Young (Prepare Mixed) (G1 Evacuation Pause) 697M->278M(763M) 9.854ms
[384.041s][info][gc,cpu      ] GC(596) User=0.02s Sys=0.01s Real=0.01s
[385.132s][info][gc,start    ] GC(597) Pause Young (Mixed) (G1 Evacuation Pause)
[385.132s][info][gc,task     ] GC(597) Using 2 workers of 2 for evacuation
[385.142s][info][gc,phases   ] GC(597)   Pre Evacuate Collection Set: 0.28ms
[385.142s][info][gc,phases   ] GC(597)   Merge Heap Roots: 0.16ms
[385.142s][info][gc,phases   ] GC(597)   Evacuate Collection Set: 8.58ms
[385.142s][info][gc,phases   ] GC(597)   Post Evacuate Collection Set: 0.81ms
[385.142s][info][gc,phases   ] GC(597)   Other: 0.12ms
[385.142s][info][gc,heap     ] GC(597) Eden regions: 421->0(424)
[385.142s][info][gc,heap     ] GC(597) Survivor regions: 24->24(56)
[385.142s][info][gc,heap     ] GC(597) Old regions: 48->45
[385.142s][info][gc,heap     ] GC(597) Humongous regions: 207->207
[385.142s][info][gc,metaspace] GC(597) Metaspace: 57419K(57728K)->57419K(57728K) NonClass: 49136K(49344K)->49136K(49344K) Class: 8282K(8384K)->8282K(8384K)
[385.142s][info][gc          ] GC(597) Pause Young (Mixed) (G1 Evacuation Pause) 699M->275M(763M) 10.152ms
[385.142s][info][gc,cpu      ] GC(597) User=0.02s Sys=0.01s Real=0.01s
[386.325s][info][gc,start    ] GC(598) Pause Young (Concurrent Start) (G1 Evacuation Pause)
[386.325s][info][gc,task     ] GC(598) Using 2 workers of 2 for evacuation
[386.334s][info][gc,phases   ] GC(598)   Pre Evacuate Collection Set: 0.36ms
[386.334s][info][gc,phases   ] GC(598)   Merge Heap Roots: 0.15ms
[386.334s][info][gc,phases   ] GC(598)   Evacuate Collection Set: 7.43ms
[386.334s][info][gc,phases   ] GC(598)   Post Evacuate Collection Set: 0.85ms
[386.334s][info][gc,phases   ] GC(598)   Other: 0.14ms
[386.334s][info][gc,heap     ] GC(598) Eden regions: 424->0(424)
[386.334s][info][gc,heap     ] GC(598) Survivor regions: 24->24(56)
[386.334s][info][gc,heap     ] GC(598) Old regions: 45->45
[386.334s][info][gc,heap     ] GC(598) Humongous regions: 207->207
[386.334s][info][gc,metaspace] GC(598) Metaspace: 57419K(57728K)->57419K(57728K) NonClass: 49136K(49344K)->49136K(49344K) Class: 8282K(8384K)->8282K(8384K)
[386.334s][info][gc          ] GC(598) Pause Young (Concurrent Start) (G1 Evacuation Pause) 699M->275M(763M) 9.206ms
[386.334s][info][gc,cpu      ] GC(598) User=0.02s Sys=0.00s Real=0.00s
[386.334s][info][gc          ] GC(599) Concurrent Mark Cycle
[386.334s][info][gc,marking  ] GC(599) Concurrent Scan Root Regions
[386.346s][info][gc,marking  ] GC(599) Concurrent Scan Root Regions 11.942ms
[386.346s][info][gc,marking  ] GC(599) Concurrent Mark
[386.346s][info][gc,marking  ] GC(599) Concurrent Mark From Roots
[386.346s][info][gc,task     ] GC(599) Using 1 workers of 1 for marking
[386.426s][info][gc,marking  ] GC(599) Concurrent Mark From Roots 80.039ms
[386.426s][info][gc,marking  ] GC(599) Concurrent Preclean
[386.426s][info][gc,marking  ] GC(599) Concurrent Preclean 0.043ms
[386.426s][info][gc,start    ] GC(599) Pause Remark
[386.438s][info][gc          ] GC(599) Pause Remark 326M->326M(763M) 11.036ms
[386.438s][info][gc,cpu      ] GC(599) User=0.02s Sys=0.00s Real=0.01s
[386.441s][info][gc,marking  ] GC(599) Concurrent Mark 95.043ms
[386.441s][info][gc,marking  ] GC(599) Concurrent Rebuild Remembered Sets and Scrub Regions
[386.466s][info][gc,marking  ] GC(599) Concurrent Rebuild Remembered Sets and Scrub Regions 24.599ms
[386.466s][info][gc,start    ] GC(599) Pause Cleanup
[386.466s][info][gc          ] GC(599) Pause Cleanup 339M->339M(763M) 0.081ms
[386.466s][info][gc,cpu      ] GC(599) User=0.00s Sys=0.00s Real=0.00s
[386.466s][info][gc,marking  ] GC(599) Concurrent Clear Claimed Marks
[386.466s][info][gc,marking  ] GC(599) Concurrent Clear Claimed Marks 0.096ms
[386.466s][info][gc,marking  ] GC(599) Concurrent Cleanup for Next Mark
[386.468s][info][gc,marking  ] GC(599) Concurrent Cleanup for Next Mark 2.293ms
[386.468s][info][gc          ] GC(599) Concurrent Mark Cycle 134.569ms
[387.493s][info][gc,start    ] GC(600) Pause Young (Prepare Mixed) (G1 Evacuation Pause)
[387.493s][info][gc,task     ] GC(600) Using 2 workers of 2 for evacuation
[387.503s][info][gc,phases   ] GC(600)   Pre Evacuate Collection Set: 0.30ms
[387.503s][info][gc,phases   ] GC(600)   Merge Heap Roots: 0.17ms
[387.503s][info][gc,phases   ] GC(600)   Evacuate Collection Set: 8.65ms
[387.503s][info][gc,phases   ] GC(600)   Post Evacuate Collection Set: 0.86ms
[387.503s][info][gc,phases   ] GC(600)   Other: 0.09ms
[387.503s][info][gc,heap     ] GC(600) Eden regions: 424->0(422)
[387.503s][info][gc,heap     ] GC(600) Survivor regions: 24->25(56)
[387.503s][info][gc,heap     ] GC(600) Old regions: 45->45
[387.503s][info][gc,heap     ] GC(600) Humongous regions: 207->207
[387.503s][info][gc,metaspace] GC(600) Metaspace: 57419K(57728K)->57419K(57728K) NonClass: 49136K(49344K)->49136K(49344K) Class: 8282K(8384K)->8282K(8384K)
[387.503s][info][gc          ] GC(600) Pause Young (Prepare Mixed) (G1 Evacuation Pause) 699M->276M(763M) 10.290ms
[387.503s][info][gc,cpu      ] GC(600) User=0.02s Sys=0.00s Real=0.01s
[388.595s][info][gc,start    ] GC(601) Pause Young (Mixed) (G1 Evacuation Pause)
[388.596s][info][gc,task     ] GC(601) Using 2 workers of 2 for evacuation
[388.607s][info][gc,phases   ] GC(601)   Pre Evacuate Collection Set: 0.29ms
[388.607s][info][gc,phases   ] GC(601)   Merge Heap Roots: 0.19ms
[388.607s][info][gc,phases   ] GC(601)   Evacuate Collection Set: 10.01ms
[388.607s][info][gc,phases   ] GC(601)   Post Evacuate Collection Set: 0.90ms
[388.607s][info][gc,phases   ] GC(601)   Other: 0.09ms
[388.607s][info][gc,heap     ] GC(601) Eden regions: 422->0(427)
[388.607s][info][gc,heap     ] GC(601) Survivor regions: 25->24(56)
[388.607s][info][gc,heap     ] GC(601) Old regions: 45->42
[388.607s][info][gc,heap     ] GC(601) Humongous regions: 207->207
[388.607s][info][gc,metaspace] GC(601) Metaspace: 57419K(57728K)->57419K(57728K) NonClass: 49136K(49344K)->49136K(49344K) Class: 8282K(8384K)->8282K(8384K)
[388.607s][info][gc          ] GC(601) Pause Young (Mixed) (G1 Evacuation Pause) 698M->272M(763M) 11.685ms
[388.607s][info][gc,cpu      ] GC(601) User=0.02s Sys=0.00s Real=0.01s
[389.718s][info][gc,start    ] GC(602) Pause Young (Concurrent Start) (G1 Evacuation Pause)
[389.718s][info][gc,task     ] GC(602) Using 2 workers of 2 for evacuation
[389.729s][info][gc,phases   ] GC(602)   Pre Evacuate Collection Set: 0.36ms
[389.729s][info][gc,phases   ] GC(602)   Merge Heap Roots: 0.13ms
[389.729s][info][gc,phases   ] GC(602)   Evacuate Collection Set: 10.11ms
[389.729s][info][gc,phases   ] GC(602)   Post Evacuate Collection Set: 0.91ms
[389.729s][info][gc,phases   ] GC(602)   Other: 0.16ms
[389.729s][info][gc,heap     ] GC(602) Eden regions: 427->0(425)
[389.729s][info][gc,heap     ] GC(602) Survivor regions: 24->25(57)
[389.729s][info][gc,heap     ] GC(602) Old regions: 42->42
[389.729s][info][gc,heap     ] GC(602) Humongous regions: 207->207
[389.729s][info][gc,metaspace] GC(602) Metaspace: 57419K(57728K)->57419K(57728K) NonClass: 49136K(49344K)->49136K(49344K) Class: 8282K(8384K)->8282K(8384K)
[389.730s][info][gc          ] GC(602) Pause Young (Concurrent Start) (G1 Evacuation Pause) 699M->273M(763M) 11.923ms
[389.730s][info][gc,cpu      ] GC(602) User=0.02s Sys=0.00s Real=0.01s
[389.730s][info][gc          ] GC(603) Concurrent Mark Cycle
[389.730s][info][gc,marking  ] GC(603) Concurrent Scan Root Regions
[389.739s][info][gc,marking  ] GC(603) Concurrent Scan Root Regions 8.860ms
[389.739s][info][gc,marking  ] GC(603) Concurrent Mark
[389.739s][info][gc,marking  ] GC(603) Concurrent Mark From Roots
[389.739s][info][gc,task     ] GC(603) Using 1 workers of 1 for marking
[389.781s][info][gc,marking  ] GC(603) Concurrent Mark From Roots 41.561ms
[389.781s][info][gc,marking  ] GC(603) Concurrent Preclean
[389.781s][info][gc,marking  ] GC(603) Concurrent Preclean 0.043ms
[389.781s][info][gc,start    ] GC(603) Pause Remark
[389.792s][info][gc          ] GC(603) Pause Remark 295M->295M(763M) 10.764ms
[389.792s][info][gc,cpu      ] GC(603) User=0.03s Sys=0.00s Real=0.01s
[389.792s][info][gc,marking  ] GC(603) Concurrent Mark 52.866ms
[389.792s][info][gc,marking  ] GC(603) Concurrent Rebuild Remembered Sets and Scrub Regions
[389.815s][info][gc,marking  ] GC(603) Concurrent Rebuild Remembered Sets and Scrub Regions 23.304ms
[389.816s][info][gc,start    ] GC(603) Pause Cleanup
[389.816s][info][gc          ] GC(603) Pause Cleanup 306M->306M(763M) 0.121ms
[389.816s][info][gc,cpu      ] GC(603) User=0.00s Sys=0.00s Real=0.00s
[389.817s][info][gc,marking  ] GC(603) Concurrent Clear Claimed Marks
[389.817s][info][gc,marking  ] GC(603) Concurrent Clear Claimed Marks 0.107ms
[389.817s][info][gc,marking  ] GC(603) Concurrent Cleanup for Next Mark
[389.821s][info][gc,marking  ] GC(603) Concurrent Cleanup for Next Mark 3.676ms
[389.821s][info][gc          ] GC(603) Concurrent Mark Cycle 91.214ms
[390.806s][info][gc,start    ] GC(604) Pause Young (Prepare Mixed) (G1 Evacuation Pause)
[390.806s][info][gc,task     ] GC(604) Using 2 workers of 2 for evacuation
[390.818s][info][gc,phases   ] GC(604)   Pre Evacuate Collection Set: 0.31ms
[390.818s][info][gc,phases   ] GC(604)   Merge Heap Roots: 0.16ms
[390.818s][info][gc,phases   ] GC(604)   Evacuate Collection Set: 10.71ms
[390.818s][info][gc,phases   ] GC(604)   Post Evacuate Collection Set: 0.85ms
[390.818s][info][gc,phases   ] GC(604)   Other: 0.09ms
[390.818s][info][gc,heap     ] GC(604) Eden regions: 425->0(425)
[390.818s][info][gc,heap     ] GC(604) Survivor regions: 25->25(57)
[390.818s][info][gc,heap     ] GC(604) Old regions: 42->42
[390.818s][info][gc,heap     ] GC(604) Humongous regions: 207->207
[390.818s][info][gc,metaspace] GC(604) Metaspace: 57419K(57728K)->57419K(57728K) NonClass: 49136K(49344K)->49136K(49344K) Class: 8282K(8384K)->8282K(8384K)
[390.818s][info][gc          ] GC(604) Pause Young (Prepare Mixed) (G1 Evacuation Pause) 698M->273M(763M) 12.363ms
[390.818s][info][gc,cpu      ] GC(604) User=0.03s Sys=0.01s Real=0.01s
[391.915s][info][gc,start    ] GC(605) Pause Young (Mixed) (G1 Evacuation Pause)
[391.915s][info][gc,task     ] GC(605) Using 2 workers of 2 for evacuation
[391.929s][info][gc,phases   ] GC(605)   Pre Evacuate Collection Set: 0.48ms
[391.929s][info][gc,phases   ] GC(605)   Merge Heap Roots: 0.15ms
[391.929s][info][gc,phases   ] GC(605)   Evacuate Collection Set: 11.76ms
[391.929s][info][gc,phases   ] GC(605)   Post Evacuate Collection Set: 0.92ms
[391.929s][info][gc,phases   ] GC(605)   Other: 0.13ms
[391.929s][info][gc,heap     ] GC(605) Eden regions: 425->0(427)
[391.929s][info][gc,heap     ] GC(605) Survivor regions: 25->25(57)
[391.929s][info][gc,heap     ] GC(605) Old regions: 42->40
[391.929s][info][gc,heap     ] GC(605) Humongous regions: 207->207
[391.929s][info][gc,metaspace] GC(605) Metaspace: 57419K(57728K)->57419K(57728K) NonClass: 49136K(49344K)->49136K(49344K) Class: 8282K(8384K)->8282K(8384K)
[391.929s][info][gc          ] GC(605) Pause Young (Mixed) (G1 Evacuation Pause) 698M->271M(763M) 13.660ms
[391.929s][info][gc,cpu      ] GC(605) User=0.02s Sys=0.00s Real=0.01s
[393.036s][info][gc,start    ] GC(606) Pause Young (Concurrent Start) (G1 Evacuation Pause)
[393.036s][info][gc,task     ] GC(606) Using 2 workers of 2 for evacuation
[393.046s][info][gc,phases   ] GC(606)   Pre Evacuate Collection Set: 0.33ms
[393.046s][info][gc,phases   ] GC(606)   Merge Heap Roots: 0.14ms
[393.046s][info][gc,phases   ] GC(606)   Evacuate Collection Set: 8.32ms
[393.046s][info][gc,phases   ] GC(606)   Post Evacuate Collection Set: 0.87ms
[393.046s][info][gc,phases   ] GC(606)   Other: 0.11ms
[393.046s][info][gc,heap     ] GC(606) Eden regions: 427->0(429)
[393.046s][info][gc,heap     ] GC(606) Survivor regions: 25->24(57)
[393.046s][info][gc,heap     ] GC(606) Old regions: 40->40
[393.046s][info][gc,heap     ] GC(606) Humongous regions: 207->207
[393.046s][info][gc,metaspace] GC(606) Metaspace: 57419K(57728K)->57419K(57728K) NonClass: 49136K(49344K)->49136K(49344K) Class: 8282K(8384K)->8282K(8384K)
[393.046s][info][gc          ] GC(606) Pause Young (Concurrent Start) (G1 Evacuation Pause) 698M->270M(763M) 10.013ms
[393.046s][info][gc,cpu      ] GC(606) User=0.01s Sys=0.00s Real=0.01s
[393.046s][info][gc          ] GC(607) Concurrent Mark Cycle
[393.047s][info][gc,marking  ] GC(607) Concurrent Scan Root Regions
[393.052s][info][gc,marking  ] GC(607) Concurrent Scan Root Regions 4.323ms
[393.052s][info][gc,marking  ] GC(607) Concurrent Mark
[393.052s][info][gc,marking  ] GC(607) Concurrent Mark From Roots
[393.052s][info][gc,task     ] GC(607) Using 1 workers of 1 for marking
[393.104s][info][gc,marking  ] GC(607) Concurrent Mark From Roots 52.515ms
[393.104s][info][gc,marking  ] GC(607) Concurrent Preclean
[393.104s][info][gc,marking  ] GC(607) Concurrent Preclean 0.050ms
[393.105s][info][gc,start    ] GC(607) Pause Remark
[393.116s][info][gc          ] GC(607) Pause Remark 288M->288M(763M) 10.461ms
[393.116s][info][gc,cpu      ] GC(607) User=0.02s Sys=0.01s Real=0.01s
[393.116s][info][gc,marking  ] GC(607) Concurrent Mark 64.946ms
[393.117s][info][gc,marking  ] GC(607) Concurrent Rebuild Remembered Sets and Scrub Regions
[393.143s][info][gc,marking  ] GC(607) Concurrent Rebuild Remembered Sets and Scrub Regions 26.065ms
[393.143s][info][gc,start    ] GC(607) Pause Cleanup
[393.143s][info][gc          ] GC(607) Pause Cleanup 302M->302M(763M) 0.103ms
[393.143s][info][gc,cpu      ] GC(607) User=0.00s Sys=0.00s Real=0.00s
[393.143s][info][gc,marking  ] GC(607) Concurrent Clear Claimed Marks
[393.143s][info][gc,marking  ] GC(607) Concurrent Clear Claimed Marks 0.103ms
[393.143s][info][gc,marking  ] GC(607) Concurrent Cleanup for Next Mark
[393.146s][info][gc,marking  ] GC(607) Concurrent Cleanup for Next Mark 2.754ms
[393.146s][info][gc          ] GC(607) Concurrent Mark Cycle 100.116ms
[394.197s][info][gc,start    ] GC(608) Pause Young (Prepare Mixed) (G1 Evacuation Pause)
[394.197s][info][gc,task     ] GC(608) Using 2 workers of 2 for evacuation
[394.208s][info][gc,phases   ] GC(608)   Pre Evacuate Collection Set: 0.34ms
[394.208s][info][gc,phases   ] GC(608)   Merge Heap Roots: 0.18ms
[394.208s][info][gc,phases   ] GC(608)   Evacuate Collection Set: 9.28ms
[394.208s][info][gc,phases   ] GC(608)   Post Evacuate Collection Set: 0.91ms
[394.208s][info][gc,phases   ] GC(608)   Other: 0.11ms
[394.208s][info][gc,heap     ] GC(608) Eden regions: 429->0(427)
[394.208s][info][gc,heap     ] GC(608) Survivor regions: 24->25(57)
[394.208s][info][gc,heap     ] GC(608) Old regions: 40->40
[394.208s][info][gc,heap     ] GC(608) Humongous regions: 207->207
[394.208s][info][gc,metaspace] GC(608) Metaspace: 57419K(57728K)->57419K(57728K) NonClass: 49137K(49344K)->49137K(49344K) Class: 8282K(8384K)->8282K(8384K)
[394.208s][info][gc          ] GC(608) Pause Young (Prepare Mixed) (G1 Evacuation Pause) 699M->271M(763M) 11.086ms
[394.208s][info][gc,cpu      ] GC(608) User=0.02s Sys=0.00s Real=0.01s
[395.312s][info][gc,start    ] GC(609) Pause Young (Mixed) (G1 Evacuation Pause)
[395.312s][info][gc,task     ] GC(609) Using 2 workers of 2 for evacuation
[395.325s][info][gc,phases   ] GC(609)   Pre Evacuate Collection Set: 0.27ms
[395.325s][info][gc,phases   ] GC(609)   Merge Heap Roots: 0.16ms
[395.325s][info][gc,phases   ] GC(609)   Evacuate Collection Set: 11.62ms
[395.325s][info][gc,phases   ] GC(609)   Post Evacuate Collection Set: 0.86ms
[395.325s][info][gc,phases   ] GC(609)   Other: 0.12ms
[395.325s][info][gc,heap     ] GC(609) Eden regions: 427->0(427)
[395.325s][info][gc,heap     ] GC(609) Survivor regions: 25->26(57)
[395.325s][info][gc,heap     ] GC(609) Old regions: 40->38
[395.325s][info][gc,heap     ] GC(609) Humongous regions: 207->207
[395.325s][info][gc,metaspace] GC(609) Metaspace: 57421K(57728K)->57421K(57728K) NonClass: 49138K(49344K)->49138K(49344K) Class: 8282K(8384K)->8282K(8384K)
[395.325s][info][gc          ] GC(609) Pause Young (Mixed) (G1 Evacuation Pause) 698M->270M(763M) 13.258ms
[395.325s][info][gc,cpu      ] GC(609) User=0.03s Sys=0.00s Real=0.02s
[396.422s][info][gc,start    ] GC(610) Pause Young (Concurrent Start) (G1 Evacuation Pause)
[396.422s][info][gc,task     ] GC(610) Using 2 workers of 2 for evacuation
[396.434s][info][gc,phases   ] GC(610)   Pre Evacuate Collection Set: 0.29ms
[396.434s][info][gc,phases   ] GC(610)   Merge Heap Roots: 0.17ms
[396.434s][info][gc,phases   ] GC(610)   Evacuate Collection Set: 10.02ms
[396.434s][info][gc,phases   ] GC(610)   Post Evacuate Collection Set: 0.89ms
[396.434s][info][gc,phases   ] GC(610)   Other: 0.12ms
[396.434s][info][gc,heap     ] GC(610) Eden regions: 427->0(429)
[396.434s][info][gc,heap     ] GC(610) Survivor regions: 26->25(57)
[396.434s][info][gc,heap     ] GC(610) Old regions: 38->38
[396.434s][info][gc,heap     ] GC(610) Humongous regions: 207->207
[396.434s][info][gc,metaspace] GC(610) Metaspace: 57421K(57728K)->57421K(57728K) NonClass: 49138K(49344K)->49138K(49344K) Class: 8282K(8384K)->8282K(8384K)
[396.434s][info][gc          ] GC(610) Pause Young (Concurrent Start) (G1 Evacuation Pause) 697M->269M(763M) 11.716ms
[396.434s][info][gc,cpu      ] GC(610) User=0.02s Sys=0.00s Real=0.01s
[396.434s][info][gc          ] GC(611) Concurrent Mark Cycle
[396.434s][info][gc,marking  ] GC(611) Concurrent Scan Root Regions
[396.440s][info][gc,marking  ] GC(611) Concurrent Scan Root Regions 6.197ms
[396.440s][info][gc,marking  ] GC(611) Concurrent Mark
[396.440s][info][gc,marking  ] GC(611) Concurrent Mark From Roots
[396.440s][info][gc,task     ] GC(611) Using 1 workers of 1 for marking
[396.480s][info][gc,marking  ] GC(611) Concurrent Mark From Roots 39.890ms
[396.480s][info][gc,marking  ] GC(611) Concurrent Preclean
[396.480s][info][gc,marking  ] GC(611) Concurrent Preclean 0.046ms
[396.480s][info][gc,start    ] GC(611) Pause Remark
[396.491s][info][gc          ] GC(611) Pause Remark 279M->273M(763M) 10.498ms
[396.491s][info][gc,cpu      ] GC(611) User=0.02s Sys=0.00s Real=0.01s
[396.492s][info][gc,marking  ] GC(611) Concurrent Mark 51.919ms
[396.492s][info][gc,marking  ] GC(611) Concurrent Rebuild Remembered Sets and Scrub Regions
[396.536s][info][gc,marking  ] GC(611) Concurrent Rebuild Remembered Sets and Scrub Regions 43.947ms
[396.536s][info][gc,start    ] GC(611) Pause Cleanup
[396.536s][info][gc          ] GC(611) Pause Cleanup 299M->299M(763M) 0.091ms
[396.536s][info][gc,cpu      ] GC(611) User=0.00s Sys=0.00s Real=0.00s
[396.537s][info][gc,marking  ] GC(611) Concurrent Clear Claimed Marks
[396.537s][info][gc,marking  ] GC(611) Concurrent Clear Claimed Marks 0.105ms
[396.537s][info][gc,marking  ] GC(611) Concurrent Cleanup for Next Mark
[396.543s][info][gc,marking  ] GC(611) Concurrent Cleanup for Next Mark 5.781ms
[396.544s][info][gc          ] GC(611) Concurrent Mark Cycle 110.087ms
[397.591s][info][gc,start    ] GC(612) Pause Young (Prepare Mixed) (G1 Evacuation Pause)
[397.592s][info][gc,task     ] GC(612) Using 2 workers of 2 for evacuation
[397.601s][info][gc,phases   ] GC(612)   Pre Evacuate Collection Set: 0.30ms
[397.601s][info][gc,phases   ] GC(612)   Merge Heap Roots: 0.17ms
[397.601s][info][gc,phases   ] GC(612)   Evacuate Collection Set: 8.39ms
[397.601s][info][gc,phases   ] GC(612)   Post Evacuate Collection Set: 0.85ms
[397.601s][info][gc,phases   ] GC(612)   Other: 0.09ms
[397.601s][info][gc,heap     ] GC(612) Eden regions: 429->0(455)
[397.601s][info][gc,heap     ] GC(612) Survivor regions: 25->2(57)
[397.601s][info][gc,heap     ] GC(612) Old regions: 32->55
[397.601s][info][gc,heap     ] GC(612) Humongous regions: 207->207
[397.601s][info][gc,metaspace] GC(612) Metaspace: 57421K(57728K)->57421K(57728K) NonClass: 49138K(49344K)->49138K(49344K) Class: 8282K(8384K)->8282K(8384K)
[397.601s][info][gc          ] GC(612) Pause Young (Prepare Mixed) (G1 Evacuation Pause) 692M->262M(763M) 10.006ms
[397.601s][info][gc,cpu      ] GC(612) User=0.02s Sys=0.00s Real=0.01s
[398.885s][info][gc,start    ] GC(613) Pause Young (Mixed) (G1 Evacuation Pause)
[398.886s][info][gc,task     ] GC(613) Using 2 workers of 2 for evacuation
[398.890s][info][gc,phases   ] GC(613)   Pre Evacuate Collection Set: 0.30ms
[398.890s][info][gc,phases   ] GC(613)   Merge Heap Roots: 0.17ms
[398.890s][info][gc,phases   ] GC(613)   Evacuate Collection Set: 2.75ms
[398.890s][info][gc,phases   ] GC(613)   Post Evacuate Collection Set: 0.79ms
[398.890s][info][gc,phases   ] GC(613)   Other: 0.10ms
[398.890s][info][gc,heap     ] GC(613) Eden regions: 455->0(456)
[398.890s][info][gc,heap     ] GC(613) Survivor regions: 2->1(58)
[398.890s][info][gc,heap     ] GC(613) Old regions: 55->52
[398.890s][info][gc,heap     ] GC(613) Humongous regions: 207->207
[398.890s][info][gc,metaspace] GC(613) Metaspace: 57421K(57728K)->57421K(57728K) NonClass: 49138K(49344K)->49138K(49344K) Class: 8282K(8384K)->8282K(8384K)
[398.890s][info][gc          ] GC(613) Pause Young (Mixed) (G1 Evacuation Pause) 717M->259M(763M) 4.319ms
[398.890s][info][gc,cpu      ] GC(613) User=0.00s Sys=0.00s Real=0.00s
[400.084s][info][gc,start    ] GC(614) Pause Young (Concurrent Start) (G1 Evacuation Pause)
[400.084s][info][gc,task     ] GC(614) Using 2 workers of 2 for evacuation
[400.088s][info][gc,phases   ] GC(614)   Pre Evacuate Collection Set: 0.33ms
[400.089s][info][gc,phases   ] GC(614)   Merge Heap Roots: 0.15ms
[400.089s][info][gc,phases   ] GC(614)   Evacuate Collection Set: 2.72ms
[400.089s][info][gc,phases   ] GC(614)   Post Evacuate Collection Set: 0.74ms
[400.089s][info][gc,phases   ] GC(614)   Other: 0.11ms
[400.089s][info][gc,heap     ] GC(614) Eden regions: 456->0(456)
[400.089s][info][gc,heap     ] GC(614) Survivor regions: 1->1(58)
[400.089s][info][gc,heap     ] GC(614) Old regions: 52->52
[400.089s][info][gc,heap     ] GC(614) Humongous regions: 207->207
[400.089s][info][gc,metaspace] GC(614) Metaspace: 57421K(57728K)->57421K(57728K) NonClass: 49138K(49344K)->49138K(49344K) Class: 8282K(8384K)->8282K(8384K)
[400.089s][info][gc          ] GC(614) Pause Young (Concurrent Start) (G1 Evacuation Pause) 715M->259M(763M) 4.255ms
[400.089s][info][gc,cpu      ] GC(614) User=0.01s Sys=0.00s Real=0.00s
[400.089s][info][gc          ] GC(615) Concurrent Mark Cycle
[400.089s][info][gc,marking  ] GC(615) Concurrent Scan Root Regions
[400.092s][info][gc,marking  ] GC(615) Concurrent Scan Root Regions 2.809ms
[400.092s][info][gc,marking  ] GC(615) Concurrent Mark
[400.092s][info][gc,marking  ] GC(615) Concurrent Mark From Roots
[400.092s][info][gc,task     ] GC(615) Using 1 workers of 1 for marking
[400.149s][info][gc,marking  ] GC(615) Concurrent Mark From Roots 57.264ms
[400.149s][info][gc,marking  ] GC(615) Concurrent Preclean
[400.149s][info][gc,marking  ] GC(615) Concurrent Preclean 0.076ms
[400.149s][info][gc,start    ] GC(615) Pause Remark
[400.160s][info][gc          ] GC(615) Pause Remark 291M->291M(763M) 10.581ms
[400.160s][info][gc,cpu      ] GC(615) User=0.02s Sys=0.00s Real=0.01s
[400.160s][info][gc,marking  ] GC(615) Concurrent Mark 68.175ms
[400.160s][info][gc,marking  ] GC(615) Concurrent Rebuild Remembered Sets and Scrub Regions
[400.182s][info][gc,marking  ] GC(615) Concurrent Rebuild Remembered Sets and Scrub Regions 21.690ms
[400.182s][info][gc,start    ] GC(615) Pause Cleanup
[400.182s][info][gc          ] GC(615) Pause Cleanup 296M->296M(763M) 0.082ms
[400.182s][info][gc,cpu      ] GC(615) User=0.00s Sys=0.00s Real=0.00s
[400.182s][info][gc,marking  ] GC(615) Concurrent Clear Claimed Marks
[400.182s][info][gc,marking  ] GC(615) Concurrent Clear Claimed Marks 0.119ms
[400.182s][info][gc,marking  ] GC(615) Concurrent Cleanup for Next Mark
[400.185s][info][gc,marking  ] GC(615) Concurrent Cleanup for Next Mark 2.492ms
[400.185s][info][gc          ] GC(615) Concurrent Mark Cycle 95.663ms
[401.240s][info][gc,start    ] GC(616) Pause Young (Prepare Mixed) (G1 Evacuation Pause)
[401.241s][info][gc,task     ] GC(616) Using 2 workers of 2 for evacuation
[401.245s][info][gc,phases   ] GC(616)   Pre Evacuate Collection Set: 0.27ms
[401.245s][info][gc,phases   ] GC(616)   Merge Heap Roots: 0.19ms
[401.245s][info][gc,phases   ] GC(616)   Evacuate Collection Set: 2.84ms
[401.245s][info][gc,phases   ] GC(616)   Post Evacuate Collection Set: 0.83ms
[401.245s][info][gc,phases   ] GC(616)   Other: 0.09ms
[401.245s][info][gc,heap     ] GC(616) Eden regions: 456->0(456)
[401.245s][info][gc,heap     ] GC(616) Survivor regions: 1->1(58)
[401.245s][info][gc,heap     ] GC(616) Old regions: 52->52
[401.245s][info][gc,heap     ] GC(616) Humongous regions: 207->207
[401.245s][info][gc,metaspace] GC(616) Metaspace: 57421K(57728K)->57421K(57728K) NonClass: 49138K(49344K)->49138K(49344K) Class: 8282K(8384K)->8282K(8384K)
[401.245s][info][gc          ] GC(616) Pause Young (Prepare Mixed) (G1 Evacuation Pause) 715M->259M(763M) 4.429ms
[401.245s][info][gc,cpu      ] GC(616) User=0.00s Sys=0.00s Real=0.01s
[402.445s][info][gc,start    ] GC(617) Pause Young (Mixed) (G1 Evacuation Pause)
[402.445s][info][gc,task     ] GC(617) Using 2 workers of 2 for evacuation
[402.449s][info][gc,phases   ] GC(617)   Pre Evacuate Collection Set: 0.29ms
[402.449s][info][gc,phases   ] GC(617)   Merge Heap Roots: 0.14ms
[402.449s][info][gc,phases   ] GC(617)   Evacuate Collection Set: 2.45ms
[402.449s][info][gc,phases   ] GC(617)   Post Evacuate Collection Set: 0.79ms
[402.449s][info][gc,phases   ] GC(617)   Other: 0.09ms
[402.449s][info][gc,heap     ] GC(617) Eden regions: 456->0(456)
[402.449s][info][gc,heap     ] GC(617) Survivor regions: 1->1(58)
[402.449s][info][gc,heap     ] GC(617) Old regions: 52->50
[402.449s][info][gc,heap     ] GC(617) Humongous regions: 207->207
[402.449s][info][gc,metaspace] GC(617) Metaspace: 57421K(57728K)->57421K(57728K) NonClass: 49138K(49344K)->49138K(49344K) Class: 8282K(8384K)->8282K(8384K)
[402.449s][info][gc          ] GC(617) Pause Young (Mixed) (G1 Evacuation Pause) 715M->257M(763M) 3.940ms
[402.449s][info][gc,cpu      ] GC(617) User=0.00s Sys=0.00s Real=0.00s
[403.684s][info][gc,start    ] GC(618) Pause Young (Concurrent Start) (G1 Evacuation Pause)
[403.684s][info][gc,task     ] GC(618) Using 2 workers of 2 for evacuation
[403.688s][info][gc,phases   ] GC(618)   Pre Evacuate Collection Set: 0.33ms
[403.688s][info][gc,phases   ] GC(618)   Merge Heap Roots: 0.13ms
[403.688s][info][gc,phases   ] GC(618)   Evacuate Collection Set: 2.58ms
[403.688s][info][gc,phases   ] GC(618)   Post Evacuate Collection Set: 0.74ms
[403.688s][info][gc,phases   ] GC(618)   Other: 0.12ms
[403.688s][info][gc,heap     ] GC(618) Eden regions: 456->0(456)
[403.688s][info][gc,heap     ] GC(618) Survivor regions: 1->1(58)
[403.688s][info][gc,heap     ] GC(618) Old regions: 50->50
[403.688s][info][gc,heap     ] GC(618) Humongous regions: 207->207
[403.688s][info][gc,metaspace] GC(618) Metaspace: 57421K(57728K)->57421K(57728K) NonClass: 49138K(49344K)->49138K(49344K) Class: 8282K(8384K)->8282K(8384K)
[403.688s][info][gc          ] GC(618) Pause Young (Concurrent Start) (G1 Evacuation Pause) 713M->257M(763M) 4.171ms
[403.688s][info][gc          ] GC(619) Concurrent Mark Cycle
[403.688s][info][gc,marking  ] GC(619) Concurrent Scan Root Regions
[403.689s][info][gc,cpu      ] GC(618) User=0.01s Sys=0.00s Real=0.01s
[403.690s][info][gc,marking  ] GC(619) Concurrent Scan Root Regions 1.493ms
[403.690s][info][gc,marking  ] GC(619) Concurrent Mark
[403.690s][info][gc,marking  ] GC(619) Concurrent Mark From Roots
[403.690s][info][gc,task     ] GC(619) Using 1 workers of 1 for marking
[403.759s][info][gc,marking  ] GC(619) Concurrent Mark From Roots 69.405ms
[403.759s][info][gc,marking  ] GC(619) Concurrent Preclean
[403.759s][info][gc,marking  ] GC(619) Concurrent Preclean 0.072ms
[403.759s][info][gc,start    ] GC(619) Pause Remark
[403.770s][info][gc          ] GC(619) Pause Remark 292M->292M(763M) 10.479ms
[403.770s][info][gc,cpu      ] GC(619) User=0.03s Sys=0.00s Real=0.01s
[403.770s][info][gc,marking  ] GC(619) Concurrent Mark 80.347ms
[403.770s][info][gc,marking  ] GC(619) Concurrent Rebuild Remembered Sets and Scrub Regions
[403.795s][info][gc,marking  ] GC(619) Concurrent Rebuild Remembered Sets and Scrub Regions 25.387ms
[403.796s][info][gc,start    ] GC(619) Pause Cleanup
[403.796s][info][gc          ] GC(619) Pause Cleanup 304M->304M(763M) 0.079ms
[403.796s][info][gc,cpu      ] GC(619) User=0.00s Sys=0.00s Real=0.00s
[403.797s][info][gc,marking  ] GC(619) Concurrent Clear Claimed Marks
[403.797s][info][gc,marking  ] GC(619) Concurrent Clear Claimed Marks 0.114ms
[403.797s][info][gc,marking  ] GC(619) Concurrent Cleanup for Next Mark
[403.801s][info][gc,marking  ] GC(619) Concurrent Cleanup for Next Mark 4.186ms
[403.801s][info][gc          ] GC(619) Concurrent Mark Cycle 113.359ms
[404.886s][info][gc,start    ] GC(620) Pause Young (Prepare Mixed) (G1 Evacuation Pause)
[404.886s][info][gc,task     ] GC(620) Using 2 workers of 2 for evacuation
[404.890s][info][gc,phases   ] GC(620)   Pre Evacuate Collection Set: 0.28ms
[404.890s][info][gc,phases   ] GC(620)   Merge Heap Roots: 0.16ms
[404.890s][info][gc,phases   ] GC(620)   Evacuate Collection Set: 2.59ms
[404.890s][info][gc,phases   ] GC(620)   Post Evacuate Collection Set: 0.81ms
[404.890s][info][gc,phases   ] GC(620)   Other: 0.09ms
[404.890s][info][gc,heap     ] GC(620) Eden regions: 456->0(456)
[404.890s][info][gc,heap     ] GC(620) Survivor regions: 1->1(58)
[404.890s][info][gc,heap     ] GC(620) Old regions: 50->50
[404.890s][info][gc,heap     ] GC(620) Humongous regions: 207->207
[404.890s][info][gc,metaspace] GC(620) Metaspace: 57421K(57728K)->57421K(57728K) NonClass: 49138K(49344K)->49138K(49344K) Class: 8282K(8384K)->8282K(8384K)
[404.890s][info][gc          ] GC(620) Pause Young (Prepare Mixed) (G1 Evacuation Pause) 713M->257M(763M) 4.121ms
[404.890s][info][gc,cpu      ] GC(620) User=0.01s Sys=0.00s Real=0.00s
[406.088s][info][gc,start    ] GC(621) Pause Young (Mixed) (G1 Evacuation Pause)
[406.088s][info][gc,task     ] GC(621) Using 2 workers of 2 for evacuation
[406.092s][info][gc,phases   ] GC(621)   Pre Evacuate Collection Set: 0.31ms
[406.092s][info][gc,phases   ] GC(621)   Merge Heap Roots: 0.16ms
[406.092s][info][gc,phases   ] GC(621)   Evacuate Collection Set: 3.41ms
[406.093s][info][gc,phases   ] GC(621)   Post Evacuate Collection Set: 0.80ms
[406.093s][info][gc,phases   ] GC(621)   Other: 0.10ms
[406.093s][info][gc,heap     ] GC(621) Eden regions: 456->0(456)
[406.093s][info][gc,heap     ] GC(621) Survivor regions: 1->1(58)
[406.093s][info][gc,heap     ] GC(621) Old regions: 50->49
[406.093s][info][gc,heap     ] GC(621) Humongous regions: 207->207
[406.093s][info][gc,metaspace] GC(621) Metaspace: 57421K(57728K)->57421K(57728K) NonClass: 49138K(49344K)->49138K(49344K) Class: 8282K(8384K)->8282K(8384K)
[406.093s][info][gc          ] GC(621) Pause Young (Mixed) (G1 Evacuation Pause) 713M->255M(763M) 5.047ms
[406.093s][info][gc,cpu      ] GC(621) User=0.01s Sys=0.00s Real=0.00s
[407.288s][info][gc,start    ] GC(622) Pause Young (Concurrent Start) (G1 Evacuation Pause)
[407.288s][info][gc,task     ] GC(622) Using 2 workers of 2 for evacuation
[407.293s][info][gc,phases   ] GC(622)   Pre Evacuate Collection Set: 0.30ms
[407.293s][info][gc,phases   ] GC(622)   Merge Heap Roots: 0.15ms
[407.293s][info][gc,phases   ] GC(622)   Evacuate Collection Set: 3.14ms
[407.293s][info][gc,phases   ] GC(622)   Post Evacuate Collection Set: 0.72ms
[407.293s][info][gc,phases   ] GC(622)   Other: 0.11ms
[407.293s][info][gc,heap     ] GC(622) Eden regions: 456->0(456)
[407.293s][info][gc,heap     ] GC(622) Survivor regions: 1->1(58)
[407.293s][info][gc,heap     ] GC(622) Old regions: 49->49
[407.293s][info][gc,heap     ] GC(622) Humongous regions: 207->207
[407.293s][info][gc,metaspace] GC(622) Metaspace: 57421K(57728K)->57421K(57728K) NonClass: 49138K(49344K)->49138K(49344K) Class: 8282K(8384K)->8282K(8384K)
[407.293s][info][gc          ] GC(622) Pause Young (Concurrent Start) (G1 Evacuation Pause) 711M->255M(763M) 4.621ms
[407.293s][info][gc,cpu      ] GC(622) User=0.00s Sys=0.01s Real=0.00s
[407.293s][info][gc          ] GC(623) Concurrent Mark Cycle
[407.294s][info][gc,marking  ] GC(623) Concurrent Scan Root Regions
[407.298s][info][gc,marking  ] GC(623) Concurrent Scan Root Regions 4.232ms
[407.298s][info][gc,marking  ] GC(623) Concurrent Mark
[407.298s][info][gc,marking  ] GC(623) Concurrent Mark From Roots
[407.298s][info][gc,task     ] GC(623) Using 1 workers of 1 for marking
[407.369s][info][gc,marking  ] GC(623) Concurrent Mark From Roots 70.521ms
[407.369s][info][gc,marking  ] GC(623) Concurrent Preclean
[407.369s][info][gc,marking  ] GC(623) Concurrent Preclean 0.072ms
[407.369s][info][gc,start    ] GC(623) Pause Remark
[407.380s][info][gc          ] GC(623) Pause Remark 288M->288M(763M) 10.706ms
[407.380s][info][gc,cpu      ] GC(623) User=0.02s Sys=0.01s Real=0.01s
[407.380s][info][gc,marking  ] GC(623) Concurrent Mark 81.940ms
[407.380s][info][gc,marking  ] GC(623) Concurrent Rebuild Remembered Sets and Scrub Regions
[407.416s][info][gc,marking  ] GC(623) Concurrent Rebuild Remembered Sets and Scrub Regions 35.563ms
[407.418s][info][gc,start    ] GC(623) Pause Cleanup
[407.418s][info][gc          ] GC(623) Pause Cleanup 308M->308M(763M) 0.087ms
[407.418s][info][gc,cpu      ] GC(623) User=0.00s Sys=0.00s Real=0.00s
[407.418s][info][gc,marking  ] GC(623) Concurrent Clear Claimed Marks
[407.419s][info][gc,marking  ] GC(623) Concurrent Clear Claimed Marks 0.123ms
[407.419s][info][gc,marking  ] GC(623) Concurrent Cleanup for Next Mark
[407.421s][info][gc,marking  ] GC(623) Concurrent Cleanup for Next Mark 2.284ms
[407.421s][info][gc          ] GC(623) Concurrent Mark Cycle 127.969ms
[408.487s][info][gc,start    ] GC(624) Pause Young (Prepare Mixed) (G1 Evacuation Pause)
[408.487s][info][gc,task     ] GC(624) Using 2 workers of 2 for evacuation
[408.491s][info][gc,phases   ] GC(624)   Pre Evacuate Collection Set: 0.30ms
[408.491s][info][gc,phases   ] GC(624)   Merge Heap Roots: 0.17ms
[408.491s][info][gc,phases   ] GC(624)   Evacuate Collection Set: 2.62ms
[408.491s][info][gc,phases   ] GC(624)   Post Evacuate Collection Set: 0.76ms
[408.491s][info][gc,phases   ] GC(624)   Other: 0.11ms
[408.491s][info][gc,heap     ] GC(624) Eden regions: 456->0(456)
[408.491s][info][gc,heap     ] GC(624) Survivor regions: 1->1(58)
[408.491s][info][gc,heap     ] GC(624) Old regions: 49->49
[408.491s][info][gc,heap     ] GC(624) Humongous regions: 207->207
[408.491s][info][gc,metaspace] GC(624) Metaspace: 57421K(57728K)->57421K(57728K) NonClass: 49138K(49344K)->49138K(49344K) Class: 8282K(8384K)->8282K(8384K)
[408.491s][info][gc          ] GC(624) Pause Young (Prepare Mixed) (G1 Evacuation Pause) 711M->255M(763M) 4.116ms
[408.491s][info][gc,cpu      ] GC(624) User=0.00s Sys=0.01s Real=0.00s
[409.786s][info][gc,start    ] GC(625) Pause Young (Mixed) (G1 Evacuation Pause)
[409.786s][info][gc,task     ] GC(625) Using 2 workers of 2 for evacuation
[409.791s][info][gc,phases   ] GC(625)   Pre Evacuate Collection Set: 0.30ms
[409.791s][info][gc,phases   ] GC(625)   Merge Heap Roots: 0.15ms
[409.791s][info][gc,phases   ] GC(625)   Evacuate Collection Set: 3.23ms
[409.791s][info][gc,phases   ] GC(625)   Post Evacuate Collection Set: 0.76ms
[409.791s][info][gc,phases   ] GC(625)   Other: 0.11ms
[409.791s][info][gc,heap     ] GC(625) Eden regions: 456->0(456)
[409.791s][info][gc,heap     ] GC(625) Survivor regions: 1->1(58)
[409.791s][info][gc,heap     ] GC(625) Old regions: 49->47
[409.791s][info][gc,heap     ] GC(625) Humongous regions: 207->207
[409.791s][info][gc,metaspace] GC(625) Metaspace: 57421K(57728K)->57421K(57728K) NonClass: 49138K(49344K)->49138K(49344K) Class: 8282K(8384K)->8282K(8384K)
[409.791s][info][gc          ] GC(625) Pause Young (Mixed) (G1 Evacuation Pause) 711M->254M(763M) 4.740ms
[409.791s][info][gc,cpu      ] GC(625) User=0.01s Sys=0.00s Real=0.00s
[410.985s][info][gc,start    ] GC(626) Pause Young (Concurrent Start) (G1 Evacuation Pause)
[410.985s][info][gc,task     ] GC(626) Using 2 workers of 2 for evacuation
[410.990s][info][gc,phases   ] GC(626)   Pre Evacuate Collection Set: 0.34ms
[410.990s][info][gc,phases   ] GC(626)   Merge Heap Roots: 0.17ms
[410.990s][info][gc,phases   ] GC(626)   Evacuate Collection Set: 2.92ms
[410.990s][info][gc,phases   ] GC(626)   Post Evacuate Collection Set: 0.74ms
[410.990s][info][gc,phases   ] GC(626)   Other: 0.13ms
[410.990s][info][gc,heap     ] GC(626) Eden regions: 456->0(456)
[410.990s][info][gc,heap     ] GC(626) Survivor regions: 1->1(58)
[410.990s][info][gc,heap     ] GC(626) Old regions: 47->47
[410.990s][info][gc,heap     ] GC(626) Humongous regions: 207->207
[410.990s][info][gc,metaspace] GC(626) Metaspace: 57424K(57728K)->57424K(57728K) NonClass: 49141K(49344K)->49141K(49344K) Class: 8282K(8384K)->8282K(8384K)
[410.990s][info][gc          ] GC(626) Pause Young (Concurrent Start) (G1 Evacuation Pause) 710M->253M(763M) 4.492ms
[410.990s][info][gc          ] GC(627) Concurrent Mark Cycle
[410.990s][info][gc,marking  ] GC(627) Concurrent Scan Root Regions
[410.991s][info][gc,cpu      ] GC(626) User=0.01s Sys=0.00s Real=0.00s
[410.992s][info][gc,marking  ] GC(627) Concurrent Scan Root Regions 1.799ms
[410.992s][info][gc,marking  ] GC(627) Concurrent Mark
[410.992s][info][gc,marking  ] GC(627) Concurrent Mark From Roots
[410.992s][info][gc,task     ] GC(627) Using 1 workers of 1 for marking
[411.063s][info][gc,marking  ] GC(627) Concurrent Mark From Roots 71.448ms
[411.063s][info][gc,marking  ] GC(627) Concurrent Preclean
[411.063s][info][gc,marking  ] GC(627) Concurrent Preclean 0.073ms
[411.063s][info][gc,start    ] GC(627) Pause Remark
[411.074s][info][gc          ] GC(627) Pause Remark 290M->290M(763M) 10.649ms
[411.074s][info][gc,cpu      ] GC(627) User=0.02s Sys=0.00s Real=0.02s
[411.074s][info][gc,marking  ] GC(627) Concurrent Mark 82.737ms
[411.075s][info][gc,marking  ] GC(627) Concurrent Rebuild Remembered Sets and Scrub Regions
[411.094s][info][gc,marking  ] GC(627) Concurrent Rebuild Remembered Sets and Scrub Regions 19.623ms
[411.094s][info][gc,start    ] GC(627) Pause Cleanup
[411.094s][info][gc          ] GC(627) Pause Cleanup 296M->296M(763M) 0.104ms
[411.094s][info][gc,cpu      ] GC(627) User=0.00s Sys=0.00s Real=0.00s
[411.095s][info][gc,marking  ] GC(627) Concurrent Clear Claimed Marks
[411.095s][info][gc,marking  ] GC(627) Concurrent Clear Claimed Marks 0.093ms
[411.095s][info][gc,marking  ] GC(627) Concurrent Cleanup for Next Mark
[411.097s][info][gc,marking  ] GC(627) Concurrent Cleanup for Next Mark 2.437ms
[411.097s][info][gc          ] GC(627) Concurrent Mark Cycle 107.167ms
[412.145s][info][gc,start    ] GC(628) Pause Young (Prepare Mixed) (G1 Evacuation Pause)
[412.145s][info][gc,task     ] GC(628) Using 2 workers of 2 for evacuation
[412.150s][info][gc,phases   ] GC(628)   Pre Evacuate Collection Set: 0.46ms
[412.150s][info][gc,phases   ] GC(628)   Merge Heap Roots: 0.20ms
[412.150s][info][gc,phases   ] GC(628)   Evacuate Collection Set: 2.96ms
[412.150s][info][gc,phases   ] GC(628)   Post Evacuate Collection Set: 0.77ms
[412.150s][info][gc,phases   ] GC(628)   Other: 0.11ms
[412.150s][info][gc,heap     ] GC(628) Eden regions: 456->0(456)
[412.150s][info][gc,heap     ] GC(628) Survivor regions: 1->1(58)
[412.150s][info][gc,heap     ] GC(628) Old regions: 47->47
[412.150s][info][gc,heap     ] GC(628) Humongous regions: 207->207
[412.150s][info][gc,metaspace] GC(628) Metaspace: 57424K(57728K)->57424K(57728K) NonClass: 49141K(49344K)->49141K(49344K) Class: 8282K(8384K)->8282K(8384K)
[412.150s][info][gc          ] GC(628) Pause Young (Prepare Mixed) (G1 Evacuation Pause) 709M->254M(763M) 4.692ms
[412.150s][info][gc,cpu      ] GC(628) User=0.01s Sys=0.00s Real=0.00s
[413.328s][info][gc,start    ] GC(629) Pause Young (Mixed) (G1 Evacuation Pause)
[413.328s][info][gc,task     ] GC(629) Using 2 workers of 2 for evacuation
[413.334s][info][gc,phases   ] GC(629)   Pre Evacuate Collection Set: 0.28ms
[413.334s][info][gc,phases   ] GC(629)   Merge Heap Roots: 0.16ms
[413.334s][info][gc,phases   ] GC(629)   Evacuate Collection Set: 3.99ms
[413.334s][info][gc,phases   ] GC(629)   Post Evacuate Collection Set: 0.77ms
[413.334s][info][gc,phases   ] GC(629)   Other: 0.10ms
[413.334s][info][gc,heap     ] GC(629) Eden regions: 456->0(455)
[413.334s][info][gc,heap     ] GC(629) Survivor regions: 1->2(58)
[413.334s][info][gc,heap     ] GC(629) Old regions: 47->45
[413.334s][info][gc,heap     ] GC(629) Humongous regions: 207->207
[413.334s][info][gc,metaspace] GC(629) Metaspace: 57424K(57728K)->57424K(57728K) NonClass: 49141K(49344K)->49141K(49344K) Class: 8282K(8384K)->8282K(8384K)
[413.334s][info][gc          ] GC(629) Pause Young (Mixed) (G1 Evacuation Pause) 710M->253M(763M) 5.507ms
[413.334s][info][gc,cpu      ] GC(629) User=0.01s Sys=0.00s Real=0.01s
[414.526s][info][gc,start    ] GC(630) Pause Young (Concurrent Start) (G1 Evacuation Pause)
[414.526s][info][gc,task     ] GC(630) Using 2 workers of 2 for evacuation
[414.536s][info][gc,phases   ] GC(630)   Pre Evacuate Collection Set: 0.33ms
[414.536s][info][gc,phases   ] GC(630)   Merge Heap Roots: 0.15ms
[414.536s][info][gc,phases   ] GC(630)   Evacuate Collection Set: 8.22ms
[414.536s][info][gc,phases   ] GC(630)   Post Evacuate Collection Set: 1.18ms
[414.536s][info][gc,phases   ] GC(630)   Other: 0.11ms
[414.536s][info][gc,heap     ] GC(630) Eden regions: 455->0(455)
[414.536s][info][gc,heap     ] GC(630) Survivor regions: 2->2(58)
[414.536s][info][gc,heap     ] GC(630) Old regions: 45->45
[414.536s][info][gc,heap     ] GC(630) Humongous regions: 207->207
[414.536s][info][gc,metaspace] GC(630) Metaspace: 57424K(57728K)->57424K(57728K) NonClass: 49141K(49344K)->49141K(49344K) Class: 8282K(8384K)->8282K(8384K)
[414.536s][info][gc          ] GC(630) Pause Young (Concurrent Start) (G1 Evacuation Pause) 708M->253M(763M) 10.181ms
[414.536s][info][gc,cpu      ] GC(630) User=0.01s Sys=0.00s Real=0.01s
[414.536s][info][gc          ] GC(631) Concurrent Mark Cycle
[414.536s][info][gc,marking  ] GC(631) Concurrent Scan Root Regions
[414.540s][info][gc,marking  ] GC(631) Concurrent Scan Root Regions 3.773ms
[414.540s][info][gc,marking  ] GC(631) Concurrent Mark
[414.540s][info][gc,marking  ] GC(631) Concurrent Mark From Roots
[414.540s][info][gc,task     ] GC(631) Using 1 workers of 1 for marking
[414.595s][info][gc,marking  ] GC(631) Concurrent Mark From Roots 55.072ms
[414.595s][info][gc,marking  ] GC(631) Concurrent Preclean
[414.595s][info][gc,marking  ] GC(631) Concurrent Preclean 0.073ms
[414.595s][info][gc,start    ] GC(631) Pause Remark
[414.606s][info][gc          ] GC(631) Pause Remark 270M->270M(763M) 10.796ms
[414.606s][info][gc,cpu      ] GC(631) User=0.02s Sys=0.00s Real=0.01s
[414.606s][info][gc,marking  ] GC(631) Concurrent Mark 66.307ms
[414.606s][info][gc,marking  ] GC(631) Concurrent Rebuild Remembered Sets and Scrub Regions
[414.642s][info][gc,marking  ] GC(631) Concurrent Rebuild Remembered Sets and Scrub Regions 35.976ms
[414.643s][info][gc,start    ] GC(631) Pause Cleanup
[414.643s][info][gc          ] GC(631) Pause Cleanup 291M->291M(763M) 0.083ms
[414.643s][info][gc,cpu      ] GC(631) User=0.00s Sys=0.00s Real=0.00s
[414.643s][info][gc,marking  ] GC(631) Concurrent Clear Claimed Marks
[414.644s][info][gc,marking  ] GC(631) Concurrent Clear Claimed Marks 0.131ms
[414.644s][info][gc,marking  ] GC(631) Concurrent Cleanup for Next Mark
[414.648s][info][gc,marking  ] GC(631) Concurrent Cleanup for Next Mark 4.313ms
[414.648s][info][gc          ] GC(631) Concurrent Mark Cycle 111.720ms
[415.723s][info][gc,start    ] GC(632) Pause Young (Prepare Mixed) (G1 Evacuation Pause)
[415.723s][info][gc,task     ] GC(632) Using 2 workers of 2 for evacuation
[415.729s][info][gc,phases   ] GC(632)   Pre Evacuate Collection Set: 0.28ms
[415.729s][info][gc,phases   ] GC(632)   Merge Heap Roots: 0.17ms
[415.729s][info][gc,phases   ] GC(632)   Evacuate Collection Set: 4.68ms
[415.729s][info][gc,phases   ] GC(632)   Post Evacuate Collection Set: 0.76ms
[415.729s][info][gc,phases   ] GC(632)   Other: 0.09ms
[415.729s][info][gc,heap     ] GC(632) Eden regions: 455->0(455)
[415.729s][info][gc,heap     ] GC(632) Survivor regions: 2->2(58)
[415.729s][info][gc,heap     ] GC(632) Old regions: 45->45
[415.729s][info][gc,heap     ] GC(632) Humongous regions: 207->207
[415.729s][info][gc,metaspace] GC(632) Metaspace: 57424K(57728K)->57424K(57728K) NonClass: 49141K(49344K)->49141K(49344K) Class: 8282K(8384K)->8282K(8384K)
[415.729s][info][gc          ] GC(632) Pause Young (Prepare Mixed) (G1 Evacuation Pause) 708M->253M(763M) 6.186ms
[415.729s][info][gc,cpu      ] GC(632) User=0.01s Sys=0.01s Real=0.01s
[416.922s][info][gc,start    ] GC(633) Pause Young (Mixed) (G1 Evacuation Pause)
[416.922s][info][gc,task     ] GC(633) Using 2 workers of 2 for evacuation
[416.933s][info][gc,phases   ] GC(633)   Pre Evacuate Collection Set: 0.28ms
[416.933s][info][gc,phases   ] GC(633)   Merge Heap Roots: 0.21ms
[416.933s][info][gc,phases   ] GC(633)   Evacuate Collection Set: 9.60ms
[416.933s][info][gc,phases   ] GC(633)   Post Evacuate Collection Set: 0.90ms
[416.933s][info][gc,phases   ] GC(633)   Other: 0.13ms
[416.933s][info][gc,heap     ] GC(633) Eden regions: 455->0(454)
[416.933s][info][gc,heap     ] GC(633) Survivor regions: 2->3(58)
[416.933s][info][gc,heap     ] GC(633) Old regions: 45->45
[416.933s][info][gc,heap     ] GC(633) Humongous regions: 207->207
[416.933s][info][gc,metaspace] GC(633) Metaspace: 57424K(57728K)->57424K(57728K) NonClass: 49141K(49344K)->49141K(49344K) Class: 8282K(8384K)->8282K(8384K)
[416.933s][info][gc          ] GC(633) Pause Young (Mixed) (G1 Evacuation Pause) 708M->253M(763M) 11.301ms
[416.933s][info][gc,cpu      ] GC(633) User=0.03s Sys=0.00s Real=0.01s
[418.115s][info][gc,start    ] GC(634) Pause Young (Concurrent Start) (G1 Evacuation Pause)
[418.115s][info][gc,task     ] GC(634) Using 2 workers of 2 for evacuation
[418.121s][info][gc,phases   ] GC(634)   Pre Evacuate Collection Set: 0.31ms
[418.121s][info][gc,phases   ] GC(634)   Merge Heap Roots: 0.15ms
[418.121s][info][gc,phases   ] GC(634)   Evacuate Collection Set: 5.09ms
[418.121s][info][gc,phases   ] GC(634)   Post Evacuate Collection Set: 0.77ms
[418.121s][info][gc,phases   ] GC(634)   Other: 0.14ms
[418.121s][info][gc,heap     ] GC(634) Eden regions: 454->0(454)
[418.121s][info][gc,heap     ] GC(634) Survivor regions: 3->3(58)
[418.121s][info][gc,heap     ] GC(634) Old regions: 45->45
[418.121s][info][gc,heap     ] GC(634) Humongous regions: 207->207
[418.121s][info][gc,metaspace] GC(634) Metaspace: 57424K(57728K)->57424K(57728K) NonClass: 49141K(49344K)->49141K(49344K) Class: 8282K(8384K)->8282K(8384K)
[418.121s][info][gc          ] GC(634) Pause Young (Concurrent Start) (G1 Evacuation Pause) 707M->254M(763M) 6.654ms
[418.121s][info][gc          ] GC(635) Concurrent Mark Cycle
[418.121s][info][gc,marking  ] GC(635) Concurrent Scan Root Regions
[418.122s][info][gc,cpu      ] GC(634) User=0.01s Sys=0.00s Real=0.00s
[418.130s][info][gc,marking  ] GC(635) Concurrent Scan Root Regions 8.031ms
[418.130s][info][gc,marking  ] GC(635) Concurrent Mark
[418.130s][info][gc,marking  ] GC(635) Concurrent Mark From Roots
[418.130s][info][gc,task     ] GC(635) Using 1 workers of 1 for marking
[418.176s][info][gc,marking  ] GC(635) Concurrent Mark From Roots 46.559ms
[418.176s][info][gc,marking  ] GC(635) Concurrent Preclean
[418.176s][info][gc,marking  ] GC(635) Concurrent Preclean 0.075ms
[418.176s][info][gc,start    ] GC(635) Pause Remark
[418.187s][info][gc          ] GC(635) Pause Remark 268M->268M(763M) 10.403ms
[418.187s][info][gc,cpu      ] GC(635) User=0.02s Sys=0.00s Real=0.01s
[418.187s][info][gc,marking  ] GC(635) Concurrent Mark 57.512ms
[418.187s][info][gc,marking  ] GC(635) Concurrent Rebuild Remembered Sets and Scrub Regions
[418.224s][info][gc,marking  ] GC(635) Concurrent Rebuild Remembered Sets and Scrub Regions 36.655ms
[418.225s][info][gc,start    ] GC(635) Pause Cleanup
[418.225s][info][gc          ] GC(635) Pause Cleanup 293M->293M(763M) 0.094ms
[418.225s][info][gc,cpu      ] GC(635) User=0.00s Sys=0.00s Real=0.00s
[418.225s][info][gc,marking  ] GC(635) Concurrent Clear Claimed Marks
[418.225s][info][gc,marking  ] GC(635) Concurrent Clear Claimed Marks 0.096ms
[418.225s][info][gc,marking  ] GC(635) Concurrent Cleanup for Next Mark
[418.229s][info][gc,marking  ] GC(635) Concurrent Cleanup for Next Mark 4.397ms
[418.229s][info][gc          ] GC(635) Concurrent Mark Cycle 107.983ms
[419.310s][info][gc,start    ] GC(636) Pause Young (Prepare Mixed) (G1 Evacuation Pause)
[419.310s][info][gc,task     ] GC(636) Using 2 workers of 2 for evacuation
[419.316s][info][gc,phases   ] GC(636)   Pre Evacuate Collection Set: 0.29ms
[419.316s][info][gc,phases   ] GC(636)   Merge Heap Roots: 0.17ms
[419.316s][info][gc,phases   ] GC(636)   Evacuate Collection Set: 4.28ms
[419.316s][info][gc,phases   ] GC(636)   Post Evacuate Collection Set: 0.77ms
[419.316s][info][gc,phases   ] GC(636)   Other: 0.11ms
[419.316s][info][gc,heap     ] GC(636) Eden regions: 454->0(454)
[419.316s][info][gc,heap     ] GC(636) Survivor regions: 3->3(58)
[419.316s][info][gc,heap     ] GC(636) Old regions: 45->45
[419.316s][info][gc,heap     ] GC(636) Humongous regions: 207->207
[419.316s][info][gc,metaspace] GC(636) Metaspace: 57424K(57728K)->57424K(57728K) NonClass: 49141K(49344K)->49141K(49344K) Class: 8282K(8384K)->8282K(8384K)
[419.316s][info][gc          ] GC(636) Pause Young (Prepare Mixed) (G1 Evacuation Pause) 708M->253M(763M) 5.829ms
[419.316s][info][gc,cpu      ] GC(636) User=0.01s Sys=0.00s Real=0.01s
[420.590s][info][gc,start    ] GC(637) Pause Young (Mixed) (G1 Evacuation Pause)
[420.590s][info][gc,task     ] GC(637) Using 2 workers of 2 for evacuation
[420.616s][info][gc,phases   ] GC(637)   Pre Evacuate Collection Set: 0.27ms
[420.616s][info][gc,phases   ] GC(637)   Merge Heap Roots: 0.21ms
[420.616s][info][gc,phases   ] GC(637)   Evacuate Collection Set: 23.15ms
[420.616s][info][gc,phases   ] GC(637)   Post Evacuate Collection Set: 1.92ms
[420.616s][info][gc,phases   ] GC(637)   Other: 0.16ms
[420.616s][info][gc,heap     ] GC(637) Eden regions: 454->0(453)
[420.616s][info][gc,heap     ] GC(637) Survivor regions: 3->4(58)
[420.616s][info][gc,heap     ] GC(637) Old regions: 45->45
[420.616s][info][gc,heap     ] GC(637) Humongous regions: 207->207
[420.616s][info][gc,metaspace] GC(637) Metaspace: 57424K(57728K)->57424K(57728K) NonClass: 49141K(49344K)->49141K(49344K) Class: 8282K(8384K)->8282K(8384K)
[420.616s][info][gc          ] GC(637) Pause Young (Mixed) (G1 Evacuation Pause) 707M->254M(763M) 26.007ms
[420.616s][info][gc,cpu      ] GC(637) User=0.02s Sys=0.01s Real=0.03s
[421.688s][info][gc,start    ] GC(638) Pause Young (Concurrent Start) (G1 Evacuation Pause)
[421.688s][info][gc,task     ] GC(638) Using 2 workers of 2 for evacuation
[421.705s][info][gc,phases   ] GC(638)   Pre Evacuate Collection Set: 0.32ms
[421.705s][info][gc,phases   ] GC(638)   Merge Heap Roots: 0.14ms
[421.705s][info][gc,phases   ] GC(638)   Evacuate Collection Set: 15.54ms
[421.705s][info][gc,phases   ] GC(638)   Post Evacuate Collection Set: 0.80ms
[421.705s][info][gc,phases   ] GC(638)   Other: 0.11ms
[421.705s][info][gc,heap     ] GC(638) Eden regions: 453->0(443)
[421.705s][info][gc,heap     ] GC(638) Survivor regions: 4->14(58)
[421.706s][info][gc,heap     ] GC(638) Old regions: 45->45
[421.706s][info][gc,heap     ] GC(638) Humongous regions: 207->207
[421.706s][info][gc,metaspace] GC(638) Metaspace: 57424K(57728K)->57424K(57728K) NonClass: 49141K(49344K)->49141K(49344K) Class: 8282K(8384K)->8282K(8384K)
[421.706s][info][gc          ] GC(638) Pause Young (Concurrent Start) (G1 Evacuation Pause) 707M->264M(763M) 17.133ms
[421.706s][info][gc          ] GC(639) Concurrent Mark Cycle
[421.706s][info][gc,marking  ] GC(639) Concurrent Scan Root Regions
[421.708s][info][gc,cpu      ] GC(638) User=0.03s Sys=0.00s Real=0.02s
[421.727s][info][gc,marking  ] GC(639) Concurrent Scan Root Regions 21.339ms
[421.727s][info][gc,marking  ] GC(639) Concurrent Mark
[421.727s][info][gc,marking  ] GC(639) Concurrent Mark From Roots
[421.727s][info][gc,task     ] GC(639) Using 1 workers of 1 for marking
[421.788s][info][gc,marking  ] GC(639) Concurrent Mark From Roots 60.640ms
[421.788s][info][gc,marking  ] GC(639) Concurrent Preclean
[421.788s][info][gc,marking  ] GC(639) Concurrent Preclean 0.075ms
[421.788s][info][gc,start    ] GC(639) Pause Remark
[421.798s][info][gc          ] GC(639) Pause Remark 303M->303M(763M) 10.366ms
[421.798s][info][gc,cpu      ] GC(639) User=0.02s Sys=0.00s Real=0.01s
[421.799s][info][gc,marking  ] GC(639) Concurrent Mark 71.544ms
[421.799s][info][gc,marking  ] GC(639) Concurrent Rebuild Remembered Sets and Scrub Regions
[421.824s][info][gc,marking  ] GC(639) Concurrent Rebuild Remembered Sets and Scrub Regions 25.515ms
[421.826s][info][gc,start    ] GC(639) Pause Cleanup
[421.826s][info][gc          ] GC(639) Pause Cleanup 312M->312M(763M) 0.078ms
[421.826s][info][gc,cpu      ] GC(639) User=0.00s Sys=0.00s Real=0.00s
[421.826s][info][gc,marking  ] GC(639) Concurrent Clear Claimed Marks
[421.827s][info][gc,marking  ] GC(639) Concurrent Clear Claimed Marks 0.098ms
[421.827s][info][gc,marking  ] GC(639) Concurrent Cleanup for Next Mark
[421.829s][info][gc,marking  ] GC(639) Concurrent Cleanup for Next Mark 2.233ms
[421.829s][info][gc          ] GC(639) Concurrent Mark Cycle 123.216ms
[422.892s][info][gc,start    ] GC(640) Pause Young (Prepare Mixed) (G1 Evacuation Pause)
[422.892s][info][gc,task     ] GC(640) Using 2 workers of 2 for evacuation
[422.898s][info][gc,phases   ] GC(640)   Pre Evacuate Collection Set: 0.30ms
[422.898s][info][gc,phases   ] GC(640)   Merge Heap Roots: 0.19ms
[422.898s][info][gc,phases   ] GC(640)   Evacuate Collection Set: 4.16ms
[422.898s][info][gc,phases   ] GC(640)   Post Evacuate Collection Set: 0.86ms
[422.898s][info][gc,phases   ] GC(640)   Other: 0.12ms
[422.898s][info][gc,heap     ] GC(640) Eden regions: 443->0(451)
[422.898s][info][gc,heap     ] GC(640) Survivor regions: 14->6(58)
[422.898s][info][gc,heap     ] GC(640) Old regions: 45->45
[422.898s][info][gc,heap     ] GC(640) Humongous regions: 207->207
[422.898s][info][gc,metaspace] GC(640) Metaspace: 57424K(57728K)->57424K(57728K) NonClass: 49142K(49344K)->49142K(49344K) Class: 8282K(8384K)->8282K(8384K)
[422.898s][info][gc          ] GC(640) Pause Young (Prepare Mixed) (G1 Evacuation Pause) 707M->256M(763M) 5.848ms
[422.898s][info][gc,cpu      ] GC(640) User=0.01s Sys=0.00s Real=0.01s
[424.021s][info][gc,start    ] GC(641) Pause Young (Mixed) (G1 Evacuation Pause)
[424.021s][info][gc,task     ] GC(641) Using 2 workers of 2 for evacuation
[424.030s][info][gc,phases   ] GC(641)   Pre Evacuate Collection Set: 0.30ms
[424.030s][info][gc,phases   ] GC(641)   Merge Heap Roots: 0.18ms
[424.030s][info][gc,phases   ] GC(641)   Evacuate Collection Set: 7.77ms
[424.030s][info][gc,phases   ] GC(641)   Post Evacuate Collection Set: 1.14ms
[424.030s][info][gc,phases   ] GC(641)   Other: 0.11ms
[424.030s][info][gc,heap     ] GC(641) Eden regions: 451->0(450)
[424.030s][info][gc,heap     ] GC(641) Survivor regions: 6->7(58)
[424.030s][info][gc,heap     ] GC(641) Old regions: 45->45
[424.030s][info][gc,heap     ] GC(641) Humongous regions: 207->207
[424.030s][info][gc,metaspace] GC(641) Metaspace: 57426K(57728K)->57426K(57728K) NonClass: 49143K(49344K)->49143K(49344K) Class: 8282K(8384K)->8282K(8384K)
[424.030s][info][gc          ] GC(641) Pause Young (Mixed) (G1 Evacuation Pause) 707M->257M(763M) 9.718ms
[424.030s][info][gc,cpu      ] GC(641) User=0.02s Sys=0.00s Real=0.01s
[425.210s][info][gc,start    ] GC(642) Pause Young (Concurrent Start) (G1 Evacuation Pause)
[425.210s][info][gc,task     ] GC(642) Using 2 workers of 2 for evacuation
[425.217s][info][gc,phases   ] GC(642)   Pre Evacuate Collection Set: 0.28ms
[425.217s][info][gc,phases   ] GC(642)   Merge Heap Roots: 0.14ms
[425.217s][info][gc,phases   ] GC(642)   Evacuate Collection Set: 5.73ms
[425.217s][info][gc,phases   ] GC(642)   Post Evacuate Collection Set: 0.80ms
[425.217s][info][gc,phases   ] GC(642)   Other: 0.13ms
[425.217s][info][gc,heap     ] GC(642) Eden regions: 450->0(451)
[425.217s][info][gc,heap     ] GC(642) Survivor regions: 7->6(58)
[425.217s][info][gc,heap     ] GC(642) Old regions: 45->45
[425.217s][info][gc,heap     ] GC(642) Humongous regions: 207->207
[425.217s][info][gc,metaspace] GC(642) Metaspace: 57426K(57728K)->57426K(57728K) NonClass: 49143K(49344K)->49143K(49344K) Class: 8282K(8384K)->8282K(8384K)
[425.217s][info][gc          ] GC(642) Pause Young (Concurrent Start) (G1 Evacuation Pause) 707M->257M(763M) 7.264ms
[425.217s][info][gc,cpu      ] GC(642) User=0.01s Sys=0.00s Real=0.01s
[425.217s][info][gc          ] GC(643) Concurrent Mark Cycle
[425.217s][info][gc,marking  ] GC(643) Concurrent Scan Root Regions
[425.227s][info][gc,marking  ] GC(643) Concurrent Scan Root Regions 10.116ms
[425.227s][info][gc,marking  ] GC(643) Concurrent Mark
[425.227s][info][gc,marking  ] GC(643) Concurrent Mark From Roots
[425.227s][info][gc,task     ] GC(643) Using 1 workers of 1 for marking
[425.280s][info][gc,marking  ] GC(643) Concurrent Mark From Roots 52.089ms
[425.280s][info][gc,marking  ] GC(643) Concurrent Preclean
[425.280s][info][gc,marking  ] GC(643) Concurrent Preclean 0.083ms
[425.280s][info][gc,start    ] GC(643) Pause Remark
[425.291s][info][gc          ] GC(643) Pause Remark 277M->277M(763M) 11.116ms
[425.291s][info][gc,cpu      ] GC(643) User=0.02s Sys=0.00s Real=0.01s
[425.293s][info][gc,marking  ] GC(643) Concurrent Mark 65.395ms
[425.293s][info][gc,marking  ] GC(643) Concurrent Rebuild Remembered Sets and Scrub Regions
[425.332s][info][gc,marking  ] GC(643) Concurrent Rebuild Remembered Sets and Scrub Regions 39.095ms
[425.333s][info][gc,start    ] GC(643) Pause Cleanup
[425.333s][info][gc          ] GC(643) Pause Cleanup 300M->300M(763M) 0.109ms
[425.333s][info][gc,cpu      ] GC(643) User=0.00s Sys=0.00s Real=0.00s
[425.333s][info][gc,marking  ] GC(643) Concurrent Clear Claimed Marks
[425.333s][info][gc,marking  ] GC(643) Concurrent Clear Claimed Marks 0.116ms
[425.333s][info][gc,marking  ] GC(643) Concurrent Cleanup for Next Mark
[425.338s][info][gc,marking  ] GC(643) Concurrent Cleanup for Next Mark 5.001ms
[425.338s][info][gc          ] GC(643) Concurrent Mark Cycle 120.976ms
[426.399s][info][gc,start    ] GC(644) Pause Young (Prepare Mixed) (G1 Evacuation Pause)
[426.399s][info][gc,task     ] GC(644) Using 2 workers of 2 for evacuation
[426.405s][info][gc,phases   ] GC(644)   Pre Evacuate Collection Set: 0.31ms
[426.405s][info][gc,phases   ] GC(644)   Merge Heap Roots: 0.15ms
[426.405s][info][gc,phases   ] GC(644)   Evacuate Collection Set: 4.56ms
[426.405s][info][gc,phases   ] GC(644)   Post Evacuate Collection Set: 0.79ms
[426.405s][info][gc,phases   ] GC(644)   Other: 0.11ms
[426.405s][info][gc,heap     ] GC(644) Eden regions: 451->0(451)
[426.405s][info][gc,heap     ] GC(644) Survivor regions: 6->6(58)
[426.405s][info][gc,heap     ] GC(644) Old regions: 45->45
[426.405s][info][gc,heap     ] GC(644) Humongous regions: 207->207
[426.405s][info][gc,metaspace] GC(644) Metaspace: 57426K(57728K)->57426K(57728K) NonClass: 49143K(49344K)->49143K(49344K) Class: 8282K(8384K)->8282K(8384K)
[426.405s][info][gc          ] GC(644) Pause Young (Prepare Mixed) (G1 Evacuation Pause) 708M->257M(763M) 6.159ms
[426.405s][info][gc,cpu      ] GC(644) User=0.01s Sys=0.00s Real=0.01s
[427.596s][info][gc,start    ] GC(645) Pause Young (Mixed) (G1 Evacuation Pause)
[427.596s][info][gc,task     ] GC(645) Using 2 workers of 2 for evacuation
[427.605s][info][gc,phases   ] GC(645)   Pre Evacuate Collection Set: 0.27ms
[427.605s][info][gc,phases   ] GC(645)   Merge Heap Roots: 0.17ms
[427.605s][info][gc,phases   ] GC(645)   Evacuate Collection Set: 7.21ms
[427.605s][info][gc,phases   ] GC(645)   Post Evacuate Collection Set: 0.90ms
[427.605s][info][gc,phases   ] GC(645)   Other: 0.08ms
[427.605s][info][gc,heap     ] GC(645) Eden regions: 451->0(451)
[427.605s][info][gc,heap     ] GC(645) Survivor regions: 6->6(58)
[427.605s][info][gc,heap     ] GC(645) Old regions: 45->45
[427.605s][info][gc,heap     ] GC(645) Humongous regions: 207->207
[427.605s][info][gc,metaspace] GC(645) Metaspace: 57426K(57728K)->57426K(57728K) NonClass: 49143K(49344K)->49143K(49344K) Class: 8282K(8384K)->8282K(8384K)
[427.605s][info][gc          ] GC(645) Pause Young (Mixed) (G1 Evacuation Pause) 708M->257M(763M) 8.835ms
[427.605s][info][gc,cpu      ] GC(645) User=0.02s Sys=0.00s Real=0.01s
[428.789s][info][gc,start    ] GC(646) Pause Young (Concurrent Start) (G1 Evacuation Pause)
[428.789s][info][gc,task     ] GC(646) Using 2 workers of 2 for evacuation
[428.795s][info][gc,phases   ] GC(646)   Pre Evacuate Collection Set: 0.31ms
[428.795s][info][gc,phases   ] GC(646)   Merge Heap Roots: 0.15ms
[428.795s][info][gc,phases   ] GC(646)   Evacuate Collection Set: 3.86ms
[428.795s][info][gc,phases   ] GC(646)   Post Evacuate Collection Set: 0.81ms
[428.795s][info][gc,phases   ] GC(646)   Other: 0.11ms
[428.795s][info][gc,heap     ] GC(646) Eden regions: 451->0(451)
[428.795s][info][gc,heap     ] GC(646) Survivor regions: 6->6(58)
[428.795s][info][gc,heap     ] GC(646) Old regions: 45->45
[428.795s][info][gc,heap     ] GC(646) Humongous regions: 207->207
[428.795s][info][gc,metaspace] GC(646) Metaspace: 57426K(57728K)->57426K(57728K) NonClass: 49143K(49344K)->49143K(49344K) Class: 8282K(8384K)->8282K(8384K)
[428.795s][info][gc          ] GC(646) Pause Young (Concurrent Start) (G1 Evacuation Pause) 708M->256M(763M) 5.437ms
[428.795s][info][gc,cpu      ] GC(646) User=0.01s Sys=0.00s Real=0.01s
[428.795s][info][gc          ] GC(647) Concurrent Mark Cycle
[428.795s][info][gc,marking  ] GC(647) Concurrent Scan Root Regions
[428.802s][info][gc,marking  ] GC(647) Concurrent Scan Root Regions 7.364ms
[428.802s][info][gc,marking  ] GC(647) Concurrent Mark
[428.802s][info][gc,marking  ] GC(647) Concurrent Mark From Roots
[428.802s][info][gc,task     ] GC(647) Using 1 workers of 1 for marking
[428.874s][info][gc,marking  ] GC(647) Concurrent Mark From Roots 72.108ms
[428.874s][info][gc,marking  ] GC(647) Concurrent Preclean
[428.874s][info][gc,marking  ] GC(647) Concurrent Preclean 0.082ms
[428.881s][info][gc,start    ] GC(647) Pause Remark
[428.916s][info][gc          ] GC(647) Pause Remark 273M->273M(763M) 35.158ms
[428.916s][info][gc,cpu      ] GC(647) User=0.02s Sys=0.00s Real=0.04s
[428.917s][info][gc,marking  ] GC(647) Concurrent Mark 114.637ms
[428.917s][info][gc,marking  ] GC(647) Concurrent Rebuild Remembered Sets and Scrub Regions
[428.968s][info][gc,marking  ] GC(647) Concurrent Rebuild Remembered Sets and Scrub Regions 51.362ms
[428.969s][info][gc,start    ] GC(647) Pause Cleanup
[428.969s][info][gc          ] GC(647) Pause Cleanup 293M->293M(763M) 0.090ms
[428.969s][info][gc,cpu      ] GC(647) User=0.00s Sys=0.00s Real=0.00s
[428.969s][info][gc,marking  ] GC(647) Concurrent Clear Claimed Marks
[428.970s][info][gc,marking  ] GC(647) Concurrent Clear Claimed Marks 0.139ms
[428.970s][info][gc,marking  ] GC(647) Concurrent Cleanup for Next Mark
[428.977s][info][gc,marking  ] GC(647) Concurrent Cleanup for Next Mark 7.429ms
[428.977s][info][gc          ] GC(647) Concurrent Mark Cycle 182.349ms
[429.961s][info][gc,start    ] GC(648) Pause Young (Prepare Mixed) (G1 Evacuation Pause)
[429.961s][info][gc,task     ] GC(648) Using 2 workers of 2 for evacuation
[429.967s][info][gc,phases   ] GC(648)   Pre Evacuate Collection Set: 0.43ms
[429.967s][info][gc,phases   ] GC(648)   Merge Heap Roots: 0.17ms
[429.967s][info][gc,phases   ] GC(648)   Evacuate Collection Set: 4.18ms
[429.967s][info][gc,phases   ] GC(648)   Post Evacuate Collection Set: 0.80ms
[429.967s][info][gc,phases   ] GC(648)   Other: 0.09ms
[429.967s][info][gc,heap     ] GC(648) Eden regions: 451->0(452)
[429.967s][info][gc,heap     ] GC(648) Survivor regions: 6->5(58)
[429.967s][info][gc,heap     ] GC(648) Old regions: 45->45
[429.967s][info][gc,heap     ] GC(648) Humongous regions: 207->207
[429.967s][info][gc,metaspace] GC(648) Metaspace: 57426K(57728K)->57426K(57728K) NonClass: 49143K(49344K)->49143K(49344K) Class: 8282K(8384K)->8282K(8384K)
[429.967s][info][gc          ] GC(648) Pause Young (Prepare Mixed) (G1 Evacuation Pause) 707M->255M(763M) 5.848ms
[429.967s][info][gc,cpu      ] GC(648) User=0.01s Sys=0.00s Real=0.01s
[433.228s][info][gc,start    ] GC(649) Pause Young (Mixed) (G1 Evacuation Pause)
[433.228s][info][gc,task     ] GC(649) Using 2 workers of 2 for evacuation
[433.249s][info][gc,phases   ] GC(649)   Pre Evacuate Collection Set: 0.31ms
[433.249s][info][gc,phases   ] GC(649)   Merge Heap Roots: 0.15ms
[433.249s][info][gc,phases   ] GC(649)   Evacuate Collection Set: 19.68ms
[433.249s][info][gc,phases   ] GC(649)   Post Evacuate Collection Set: 1.00ms
[433.249s][info][gc,phases   ] GC(649)   Other: 0.14ms
[433.249s][info][gc,heap     ] GC(649) Eden regions: 350->0(450)
[433.249s][info][gc,heap     ] GC(649) Survivor regions: 5->19(58)
[433.249s][info][gc,heap     ] GC(649) Old regions: 45->44
[433.249s][info][gc,heap     ] GC(649) Humongous regions: 363->207
[433.249s][info][gc,metaspace] GC(649) Metaspace: 57598K(57984K)->57598K(57984K) NonClass: 49315K(49600K)->49315K(49600K) Class: 8282K(8384K)->8282K(8384K)
[433.249s][info][gc          ] GC(649) Pause Young (Mixed) (G1 Evacuation Pause) 761M->269M(782M) 21.480ms
[433.249s][info][gc,cpu      ] GC(649) User=0.03s Sys=0.02s Real=0.02s
[434.414s][info][gc,start    ] GC(650) Pause Young (Concurrent Start) (G1 Evacuation Pause)
[434.414s][info][gc,task     ] GC(650) Using 2 workers of 2 for evacuation
[434.426s][info][gc,phases   ] GC(650)   Pre Evacuate Collection Set: 0.35ms
[434.426s][info][gc,phases   ] GC(650)   Merge Heap Roots: 0.15ms
[434.426s][info][gc,phases   ] GC(650)   Evacuate Collection Set: 10.07ms
[434.426s][info][gc,phases   ] GC(650)   Post Evacuate Collection Set: 0.88ms
[434.426s][info][gc,phases   ] GC(650)   Other: 0.13ms
[434.426s][info][gc,heap     ] GC(650) Eden regions: 450->0(450)
[434.426s][info][gc,heap     ] GC(650) Survivor regions: 19->19(59)
[434.426s][info][gc,heap     ] GC(650) Old regions: 44->45
[434.426s][info][gc,heap     ] GC(650) Humongous regions: 207->207
[434.426s][info][gc,metaspace] GC(650) Metaspace: 57598K(57984K)->57598K(57984K) NonClass: 49315K(49600K)->49315K(49600K) Class: 8282K(8384K)->8282K(8384K)
[434.426s][info][gc          ] GC(650) Pause Young (Concurrent Start) (G1 Evacuation Pause) 719M->269M(782M) 11.802ms
[434.426s][info][gc,cpu      ] GC(650) User=0.02s Sys=0.00s Real=0.01s
[434.426s][info][gc          ] GC(651) Concurrent Mark Cycle
[434.426s][info][gc,marking  ] GC(651) Concurrent Scan Root Regions
[434.434s][info][gc,marking  ] GC(651) Concurrent Scan Root Regions 8.044ms
[434.434s][info][gc,marking  ] GC(651) Concurrent Mark
[434.434s][info][gc,marking  ] GC(651) Concurrent Mark From Roots
[434.434s][info][gc,task     ] GC(651) Using 1 workers of 1 for marking
[434.483s][info][gc,marking  ] GC(651) Concurrent Mark From Roots 48.370ms
[434.483s][info][gc,marking  ] GC(651) Concurrent Preclean
[434.483s][info][gc,marking  ] GC(651) Concurrent Preclean 0.052ms
[434.483s][info][gc,start    ] GC(651) Pause Remark
[434.494s][info][gc          ] GC(651) Pause Remark 284M->284M(782M) 10.707ms
[434.494s][info][gc,cpu      ] GC(651) User=0.02s Sys=0.00s Real=0.01s
[434.494s][info][gc,marking  ] GC(651) Concurrent Mark 59.444ms
[434.494s][info][gc,marking  ] GC(651) Concurrent Rebuild Remembered Sets and Scrub Regions
[434.511s][info][gc,marking  ] GC(651) Concurrent Rebuild Remembered Sets and Scrub Regions 16.806ms
[434.511s][info][gc,start    ] GC(651) Pause Cleanup
[434.511s][info][gc          ] GC(651) Pause Cleanup 291M->291M(782M) 0.075ms
[434.511s][info][gc,cpu      ] GC(651) User=0.00s Sys=0.00s Real=0.00s
[434.511s][info][gc,marking  ] GC(651) Concurrent Clear Claimed Marks
[434.511s][info][gc,marking  ] GC(651) Concurrent Clear Claimed Marks 0.105ms
[434.511s][info][gc,marking  ] GC(651) Concurrent Cleanup for Next Mark
[434.514s][info][gc,marking  ] GC(651) Concurrent Cleanup for Next Mark 2.730ms
[434.514s][info][gc          ] GC(651) Concurrent Mark Cycle 87.555ms
[435.604s][info][gc,start    ] GC(652) Pause Young (Prepare Mixed) (G1 Evacuation Pause)
[435.604s][info][gc,task     ] GC(652) Using 2 workers of 2 for evacuation
[435.615s][info][gc,phases   ] GC(652)   Pre Evacuate Collection Set: 0.28ms
[435.615s][info][gc,phases   ] GC(652)   Merge Heap Roots: 0.17ms
[435.615s][info][gc,phases   ] GC(652)   Evacuate Collection Set: 9.02ms
[435.615s][info][gc,phases   ] GC(652)   Post Evacuate Collection Set: 0.84ms
[435.615s][info][gc,phases   ] GC(652)   Other: 0.09ms
[435.615s][info][gc,heap     ] GC(652) Eden regions: 450->0(450)
[435.615s][info][gc,heap     ] GC(652) Survivor regions: 19->19(59)
[435.615s][info][gc,heap     ] GC(652) Old regions: 45->45
[435.615s][info][gc,heap     ] GC(652) Humongous regions: 207->207
[435.615s][info][gc,metaspace] GC(652) Metaspace: 57598K(57984K)->57598K(57984K) NonClass: 49315K(49600K)->49315K(49600K) Class: 8282K(8384K)->8282K(8384K)
[435.615s][info][gc          ] GC(652) Pause Young (Prepare Mixed) (G1 Evacuation Pause) 719M->270M(782M) 10.618ms
[435.615s][info][gc,cpu      ] GC(652) User=0.02s Sys=0.00s Real=0.01s
[436.792s][info][gc,start    ] GC(653) Pause Young (Mixed) (G1 Evacuation Pause)
[436.792s][info][gc,task     ] GC(653) Using 2 workers of 2 for evacuation
[436.803s][info][gc,phases   ] GC(653)   Pre Evacuate Collection Set: 0.29ms
[436.803s][info][gc,phases   ] GC(653)   Merge Heap Roots: 0.17ms
[436.803s][info][gc,phases   ] GC(653)   Evacuate Collection Set: 9.73ms
[436.803s][info][gc,phases   ] GC(653)   Post Evacuate Collection Set: 0.88ms
[436.803s][info][gc,phases   ] GC(653)   Other: 0.09ms
[436.803s][info][gc,heap     ] GC(653) Eden regions: 450->0(450)
[436.803s][info][gc,heap     ] GC(653) Survivor regions: 19->19(59)
[436.803s][info][gc,heap     ] GC(653) Old regions: 45->44
[436.803s][info][gc,heap     ] GC(653) Humongous regions: 207->207
[436.803s][info][gc,metaspace] GC(653) Metaspace: 57600K(57984K)->57600K(57984K) NonClass: 49317K(49600K)->49317K(49600K) Class: 8282K(8384K)->8282K(8384K)
[436.803s][info][gc          ] GC(653) Pause Young (Mixed) (G1 Evacuation Pause) 720M->268M(782M) 11.385ms
[436.803s][info][gc,cpu      ] GC(653) User=0.03s Sys=0.00s Real=0.01s
[437.925s][info][gc,start    ] GC(654) Pause Young (Concurrent Start) (G1 Evacuation Pause)
[437.925s][info][gc,task     ] GC(654) Using 2 workers of 2 for evacuation
[437.934s][info][gc,phases   ] GC(654)   Pre Evacuate Collection Set: 0.34ms
[437.935s][info][gc,phases   ] GC(654)   Merge Heap Roots: 0.14ms
[437.935s][info][gc,phases   ] GC(654)   Evacuate Collection Set: 8.04ms
[437.935s][info][gc,phases   ] GC(654)   Post Evacuate Collection Set: 0.83ms
[437.935s][info][gc,phases   ] GC(654)   Other: 0.12ms
[437.935s][info][gc,heap     ] GC(654) Eden regions: 450->0(450)
[437.935s][info][gc,heap     ] GC(654) Survivor regions: 19->19(59)
[437.935s][info][gc,heap     ] GC(654) Old regions: 44->44
[437.935s][info][gc,heap     ] GC(654) Humongous regions: 207->207
[437.935s][info][gc,metaspace] GC(654) Metaspace: 57600K(57984K)->57600K(57984K) NonClass: 49317K(49600K)->49317K(49600K) Class: 8282K(8384K)->8282K(8384K)
[437.935s][info][gc          ] GC(654) Pause Young (Concurrent Start) (G1 Evacuation Pause) 718M->269M(782M) 9.697ms
[437.935s][info][gc,cpu      ] GC(654) User=0.02s Sys=0.00s Real=0.01s
[437.935s][info][gc          ] GC(655) Concurrent Mark Cycle
[437.935s][info][gc,marking  ] GC(655) Concurrent Scan Root Regions
[437.940s][info][gc,marking  ] GC(655) Concurrent Scan Root Regions 5.321ms
[437.940s][info][gc,marking  ] GC(655) Concurrent Mark
[437.940s][info][gc,marking  ] GC(655) Concurrent Mark From Roots
[437.940s][info][gc,task     ] GC(655) Using 1 workers of 1 for marking
[437.986s][info][gc,marking  ] GC(655) Concurrent Mark From Roots 45.396ms
[437.986s][info][gc,marking  ] GC(655) Concurrent Preclean
[437.986s][info][gc,marking  ] GC(655) Concurrent Preclean 0.053ms
[437.986s][info][gc,start    ] GC(655) Pause Remark
[437.997s][info][gc          ] GC(655) Pause Remark 276M->276M(782M) 11.021ms
[437.997s][info][gc,cpu      ] GC(655) User=0.02s Sys=0.00s Real=0.01s
[437.998s][info][gc,marking  ] GC(655) Concurrent Mark 57.397ms
[437.998s][info][gc,marking  ] GC(655) Concurrent Rebuild Remembered Sets and Scrub Regions
[438.036s][info][gc,marking  ] GC(655) Concurrent Rebuild Remembered Sets and Scrub Regions 38.004ms
[438.036s][info][gc,start    ] GC(655) Pause Cleanup
[438.036s][info][gc          ] GC(655) Pause Cleanup 302M->302M(782M) 0.094ms
[438.036s][info][gc,cpu      ] GC(655) User=0.00s Sys=0.00s Real=0.00s
[438.036s][info][gc,marking  ] GC(655) Concurrent Clear Claimed Marks
[438.036s][info][gc,marking  ] GC(655) Concurrent Clear Claimed Marks 0.104ms
[438.036s][info][gc,marking  ] GC(655) Concurrent Cleanup for Next Mark
[438.040s][info][gc,marking  ] GC(655) Concurrent Cleanup for Next Mark 4.054ms
[438.040s][info][gc          ] GC(655) Concurrent Mark Cycle 105.452ms
[439.125s][info][gc,start    ] GC(656) Pause Young (Prepare Mixed) (G1 Evacuation Pause)
[439.125s][info][gc,task     ] GC(656) Using 2 workers of 2 for evacuation
[439.135s][info][gc,phases   ] GC(656)   Pre Evacuate Collection Set: 0.28ms
[439.135s][info][gc,phases   ] GC(656)   Merge Heap Roots: 0.18ms
[439.135s][info][gc,phases   ] GC(656)   Evacuate Collection Set: 8.72ms
[439.135s][info][gc,phases   ] GC(656)   Post Evacuate Collection Set: 0.87ms
[439.135s][info][gc,phases   ] GC(656)   Other: 0.13ms
[439.135s][info][gc,heap     ] GC(656) Eden regions: 450->0(449)
[439.135s][info][gc,heap     ] GC(656) Survivor regions: 19->20(59)
[439.135s][info][gc,heap     ] GC(656) Old regions: 44->44
[439.135s][info][gc,heap     ] GC(656) Humongous regions: 207->207
[439.135s][info][gc,metaspace] GC(656) Metaspace: 57600K(57984K)->57600K(57984K) NonClass: 49317K(49600K)->49317K(49600K) Class: 8282K(8384K)->8282K(8384K)
[439.135s][info][gc          ] GC(656) Pause Young (Prepare Mixed) (G1 Evacuation Pause) 719M->270M(782M) 10.391ms
[439.135s][info][gc,cpu      ] GC(656) User=0.02s Sys=0.00s Real=0.01s
[440.319s][info][gc,start    ] GC(657) Pause Young (Mixed) (G1 Evacuation Pause)
[440.319s][info][gc,task     ] GC(657) Using 2 workers of 2 for evacuation
[440.336s][info][gc,phases   ] GC(657)   Pre Evacuate Collection Set: 0.29ms
[440.336s][info][gc,phases   ] GC(657)   Merge Heap Roots: 0.19ms
[440.336s][info][gc,phases   ] GC(657)   Evacuate Collection Set: 14.38ms
[440.336s][info][gc,phases   ] GC(657)   Post Evacuate Collection Set: 1.36ms
[440.336s][info][gc,phases   ] GC(657)   Other: 0.09ms
[440.336s][info][gc,heap     ] GC(657) Eden regions: 449->0(448)
[440.336s][info][gc,heap     ] GC(657) Survivor regions: 20->21(59)
[440.336s][info][gc,heap     ] GC(657) Old regions: 44->44
[440.336s][info][gc,heap     ] GC(657) Humongous regions: 207->207
[440.336s][info][gc,metaspace] GC(657) Metaspace: 57600K(57984K)->57600K(57984K) NonClass: 49317K(49600K)->49317K(49600K) Class: 8282K(8384K)->8282K(8384K)
[440.336s][info][gc          ] GC(657) Pause Young (Mixed) (G1 Evacuation Pause) 719M->270M(782M) 16.522ms
[440.336s][info][gc,cpu      ] GC(657) User=0.03s Sys=0.00s Real=0.02s
[441.500s][info][gc,start    ] GC(658) Pause Young (Concurrent Start) (G1 Evacuation Pause)
[441.500s][info][gc,task     ] GC(658) Using 2 workers of 2 for evacuation
[441.510s][info][gc,phases   ] GC(658)   Pre Evacuate Collection Set: 0.39ms
[441.511s][info][gc,phases   ] GC(658)   Merge Heap Roots: 0.15ms
[441.511s][info][gc,phases   ] GC(658)   Evacuate Collection Set: 8.57ms
[441.511s][info][gc,phases   ] GC(658)   Post Evacuate Collection Set: 0.83ms
[441.511s][info][gc,phases   ] GC(658)   Other: 0.17ms
[441.511s][info][gc,heap     ] GC(658) Eden regions: 448->0(453)
[441.511s][info][gc,heap     ] GC(658) Survivor regions: 21->16(59)
[441.511s][info][gc,heap     ] GC(658) Old regions: 44->48
[441.511s][info][gc,heap     ] GC(658) Humongous regions: 207->207
[441.511s][info][gc,metaspace] GC(658) Metaspace: 57600K(57984K)->57600K(57984K) NonClass: 49317K(49600K)->49317K(49600K) Class: 8282K(8384K)->8282K(8384K)
[441.511s][info][gc          ] GC(658) Pause Young (Concurrent Start) (G1 Evacuation Pause) 718M->269M(782M) 10.325ms
[441.511s][info][gc,cpu      ] GC(658) User=0.02s Sys=0.00s Real=0.01s
[441.511s][info][gc          ] GC(659) Concurrent Mark Cycle
[441.511s][info][gc,marking  ] GC(659) Concurrent Scan Root Regions
[441.520s][info][gc,marking  ] GC(659) Concurrent Scan Root Regions 8.676ms
[441.520s][info][gc,marking  ] GC(659) Concurrent Mark
[441.520s][info][gc,marking  ] GC(659) Concurrent Mark From Roots
[441.520s][info][gc,task     ] GC(659) Using 1 workers of 1 for marking
[441.576s][info][gc,marking  ] GC(659) Concurrent Mark From Roots 56.098ms
[441.576s][info][gc,marking  ] GC(659) Concurrent Preclean
[441.576s][info][gc,marking  ] GC(659) Concurrent Preclean 0.060ms
[441.576s][info][gc,start    ] GC(659) Pause Remark
[441.588s][info][gc          ] GC(659) Pause Remark 295M->295M(782M) 11.673ms
[441.588s][info][gc,cpu      ] GC(659) User=0.02s Sys=0.00s Real=0.01s
[441.592s][info][gc,marking  ] GC(659) Concurrent Mark 72.414ms
[441.592s][info][gc,marking  ] GC(659) Concurrent Rebuild Remembered Sets and Scrub Regions
[441.618s][info][gc,marking  ] GC(659) Concurrent Rebuild Remembered Sets and Scrub Regions 25.812ms
[441.618s][info][gc,start    ] GC(659) Pause Cleanup
[441.618s][info][gc          ] GC(659) Pause Cleanup 313M->313M(782M) 0.083ms
[441.618s][info][gc,cpu      ] GC(659) User=0.00s Sys=0.00s Real=0.00s
[441.618s][info][gc,marking  ] GC(659) Concurrent Clear Claimed Marks
[441.618s][info][gc,marking  ] GC(659) Concurrent Clear Claimed Marks 0.095ms
[441.618s][info][gc,marking  ] GC(659) Concurrent Cleanup for Next Mark
[441.621s][info][gc,marking  ] GC(659) Concurrent Cleanup for Next Mark 2.574ms
[441.621s][info][gc          ] GC(659) Concurrent Mark Cycle 110.430ms
[442.705s][info][gc,start    ] GC(660) Pause Young (Prepare Mixed) (G1 Evacuation Pause)
[442.705s][info][gc,task     ] GC(660) Using 2 workers of 2 for evacuation
[442.724s][info][gc,phases   ] GC(660)   Pre Evacuate Collection Set: 0.27ms
[442.724s][info][gc,phases   ] GC(660)   Merge Heap Roots: 0.17ms
[442.724s][info][gc,phases   ] GC(660)   Evacuate Collection Set: 17.59ms
[442.724s][info][gc,phases   ] GC(660)   Post Evacuate Collection Set: 1.31ms
[442.724s][info][gc,phases   ] GC(660)   Other: 0.09ms
[442.724s][info][gc,heap     ] GC(660) Eden regions: 453->0(453)
[442.724s][info][gc,heap     ] GC(660) Survivor regions: 16->16(59)
[442.724s][info][gc,heap     ] GC(660) Old regions: 48->48
[442.725s][info][gc,heap     ] GC(660) Humongous regions: 207->207
[442.725s][info][gc,metaspace] GC(660) Metaspace: 57600K(57984K)->57600K(57984K) NonClass: 49317K(49600K)->49317K(49600K) Class: 8282K(8384K)->8282K(8384K)
[442.725s][info][gc          ] GC(660) Pause Young (Prepare Mixed) (G1 Evacuation Pause) 722M->270M(782M) 19.634ms
[442.725s][info][gc,cpu      ] GC(660) User=0.02s Sys=0.00s Real=0.02s
[443.947s][info][gc,start    ] GC(661) Pause Young (Mixed) (G1 Evacuation Pause)
[443.947s][info][gc,task     ] GC(661) Using 2 workers of 2 for evacuation
[443.958s][info][gc,phases   ] GC(661)   Pre Evacuate Collection Set: 0.42ms
[443.958s][info][gc,phases   ] GC(661)   Merge Heap Roots: 0.15ms
[443.958s][info][gc,phases   ] GC(661)   Evacuate Collection Set: 9.33ms
[443.958s][info][gc,phases   ] GC(661)   Post Evacuate Collection Set: 0.88ms
[443.958s][info][gc,phases   ] GC(661)   Other: 0.11ms
[443.958s][info][gc,heap     ] GC(661) Eden regions: 453->0(454)
[443.958s][info][gc,heap     ] GC(661) Survivor regions: 16->15(59)
[443.958s][info][gc,heap     ] GC(661) Old regions: 48->48
[443.958s][info][gc,heap     ] GC(661) Humongous regions: 207->207
[443.958s][info][gc,metaspace] GC(661) Metaspace: 57600K(57984K)->57600K(57984K) NonClass: 49317K(49600K)->49317K(49600K) Class: 8282K(8384K)->8282K(8384K)
[443.958s][info][gc          ] GC(661) Pause Young (Mixed) (G1 Evacuation Pause) 723M->269M(782M) 11.131ms
[443.958s][info][gc,cpu      ] GC(661) User=0.02s Sys=0.00s Real=0.01s
[445.088s][info][gc,start    ] GC(662) Pause Young (Concurrent Start) (G1 Evacuation Pause)
[445.088s][info][gc,task     ] GC(662) Using 2 workers of 2 for evacuation
[445.096s][info][gc,phases   ] GC(662)   Pre Evacuate Collection Set: 0.29ms
[445.096s][info][gc,phases   ] GC(662)   Merge Heap Roots: 0.15ms
[445.096s][info][gc,phases   ] GC(662)   Evacuate Collection Set: 6.17ms
[445.096s][info][gc,phases   ] GC(662)   Post Evacuate Collection Set: 0.87ms
[445.096s][info][gc,phases   ] GC(662)   Other: 0.12ms
[445.096s][info][gc,heap     ] GC(662) Eden regions: 454->0(454)
[445.096s][info][gc,heap     ] GC(662) Survivor regions: 15->15(59)
[445.096s][info][gc,heap     ] GC(662) Old regions: 48->48
[445.096s][info][gc,heap     ] GC(662) Humongous regions: 207->207
[445.096s][info][gc,metaspace] GC(662) Metaspace: 57600K(57984K)->57600K(57984K) NonClass: 49317K(49600K)->49317K(49600K) Class: 8282K(8384K)->8282K(8384K)
[445.096s][info][gc          ] GC(662) Pause Young (Concurrent Start) (G1 Evacuation Pause) 723M->268M(782M) 7.798ms
[445.096s][info][gc          ] GC(663) Concurrent Mark Cycle
[445.096s][info][gc,marking  ] GC(663) Concurrent Scan Root Regions
[445.097s][info][gc,cpu      ] GC(662) User=0.02s Sys=0.00s Real=0.01s
[445.100s][info][gc,marking  ] GC(663) Concurrent Scan Root Regions 3.682ms
[445.100s][info][gc,marking  ] GC(663) Concurrent Mark
[445.100s][info][gc,marking  ] GC(663) Concurrent Mark From Roots
[445.100s][info][gc,task     ] GC(663) Using 1 workers of 1 for marking
[445.161s][info][gc,marking  ] GC(663) Concurrent Mark From Roots 60.952ms
[445.161s][info][gc,marking  ] GC(663) Concurrent Preclean
[445.161s][info][gc,marking  ] GC(663) Concurrent Preclean 0.058ms
[445.161s][info][gc,start    ] GC(663) Pause Remark
[445.172s][info][gc          ] GC(663) Pause Remark 304M->304M(782M) 10.893ms
[445.172s][info][gc,cpu      ] GC(663) User=0.02s Sys=0.00s Real=0.01s
[445.172s][info][gc,marking  ] GC(663) Concurrent Mark 72.152ms
[445.172s][info][gc,marking  ] GC(663) Concurrent Rebuild Remembered Sets and Scrub Regions
[445.189s][info][gc,marking  ] GC(663) Concurrent Rebuild Remembered Sets and Scrub Regions 17.274ms
[445.190s][info][gc,start    ] GC(663) Pause Cleanup
[445.190s][info][gc          ] GC(663) Pause Cleanup 309M->309M(782M) 0.085ms
[445.190s][info][gc,cpu      ] GC(663) User=0.00s Sys=0.00s Real=0.00s
[445.190s][info][gc,marking  ] GC(663) Concurrent Clear Claimed Marks
[445.190s][info][gc,marking  ] GC(663) Concurrent Clear Claimed Marks 0.104ms
[445.190s][info][gc,marking  ] GC(663) Concurrent Cleanup for Next Mark
[445.192s][info][gc,marking  ] GC(663) Concurrent Cleanup for Next Mark 2.585ms
[445.193s][info][gc          ] GC(663) Concurrent Mark Cycle 96.282ms
[446.233s][info][gc,start    ] GC(664) Pause Young (Prepare Mixed) (G1 Evacuation Pause)
[446.234s][info][gc,task     ] GC(664) Using 2 workers of 2 for evacuation
[446.241s][info][gc,phases   ] GC(664)   Pre Evacuate Collection Set: 0.27ms
[446.241s][info][gc,phases   ] GC(664)   Merge Heap Roots: 0.18ms
[446.241s][info][gc,phases   ] GC(664)   Evacuate Collection Set: 6.01ms
[446.241s][info][gc,phases   ] GC(664)   Post Evacuate Collection Set: 0.85ms
[446.241s][info][gc,phases   ] GC(664)   Other: 0.09ms
[446.241s][info][gc,heap     ] GC(664) Eden regions: 454->0(454)
[446.241s][info][gc,heap     ] GC(664) Survivor regions: 15->15(59)
[446.241s][info][gc,heap     ] GC(664) Old regions: 48->48
[446.241s][info][gc,heap     ] GC(664) Humongous regions: 207->207
[446.241s][info][gc,metaspace] GC(664) Metaspace: 57600K(57984K)->57600K(57984K) NonClass: 49317K(49600K)->49317K(49600K) Class: 8282K(8384K)->8282K(8384K)
[446.241s][info][gc          ] GC(664) Pause Young (Prepare Mixed) (G1 Evacuation Pause) 722M->268M(782M) 7.630ms
[446.241s][info][gc,cpu      ] GC(664) User=0.01s Sys=0.00s Real=0.01s
[447.432s][info][gc,start    ] GC(665) Pause Young (Mixed) (G1 Evacuation Pause)
[447.432s][info][gc,task     ] GC(665) Using 2 workers of 2 for evacuation
[447.441s][info][gc,phases   ] GC(665)   Pre Evacuate Collection Set: 0.27ms
[447.441s][info][gc,phases   ] GC(665)   Merge Heap Roots: 0.14ms
[447.441s][info][gc,phases   ] GC(665)   Evacuate Collection Set: 7.39ms
[447.441s][info][gc,phases   ] GC(665)   Post Evacuate Collection Set: 0.86ms
[447.441s][info][gc,phases   ] GC(665)   Other: 0.11ms
[447.441s][info][gc,heap     ] GC(665) Eden regions: 454->0(454)
[447.441s][info][gc,heap     ] GC(665) Survivor regions: 15->15(59)
[447.441s][info][gc,heap     ] GC(665) Old regions: 48->48
[447.441s][info][gc,heap     ] GC(665) Humongous regions: 207->207
[447.441s][info][gc,metaspace] GC(665) Metaspace: 57600K(57984K)->57600K(57984K) NonClass: 49317K(49600K)->49317K(49600K) Class: 8282K(8384K)->8282K(8384K)
[447.441s][info][gc          ] GC(665) Pause Young (Mixed) (G1 Evacuation Pause) 722M->269M(782M) 8.962ms
[447.441s][info][gc,cpu      ] GC(665) User=0.02s Sys=0.00s Real=0.01s
[448.622s][info][gc,start    ] GC(666) Pause Young (Concurrent Start) (G1 Evacuation Pause)
[448.622s][info][gc,task     ] GC(666) Using 2 workers of 2 for evacuation
[448.633s][info][gc,phases   ] GC(666)   Pre Evacuate Collection Set: 0.28ms
[448.633s][info][gc,phases   ] GC(666)   Merge Heap Roots: 0.13ms
[448.633s][info][gc,phases   ] GC(666)   Evacuate Collection Set: 10.05ms
[448.633s][info][gc,phases   ] GC(666)   Post Evacuate Collection Set: 0.87ms
[448.633s][info][gc,phases   ] GC(666)   Other: 0.12ms
[448.633s][info][gc,heap     ] GC(666) Eden regions: 454->0(439)
[448.633s][info][gc,heap     ] GC(666) Survivor regions: 15->24(59)
[448.633s][info][gc,heap     ] GC(666) Old regions: 48->48
[448.633s][info][gc,heap     ] GC(666) Humongous regions: 207->207
[448.633s][info][gc,metaspace] GC(666) Metaspace: 57600K(57984K)->57600K(57984K) NonClass: 49318K(49600K)->49318K(49600K) Class: 8282K(8384K)->8282K(8384K)
[448.633s][info][gc          ] GC(666) Pause Young (Concurrent Start) (G1 Evacuation Pause) 723M->277M(782M) 11.661ms
[448.634s][info][gc          ] GC(667) Concurrent Mark Cycle
[448.634s][info][gc,marking  ] GC(667) Concurrent Scan Root Regions
[448.636s][info][gc,cpu      ] GC(666) User=0.02s Sys=0.00s Real=0.02s
[448.643s][info][gc,marking  ] GC(667) Concurrent Scan Root Regions 9.831ms
[448.643s][info][gc,marking  ] GC(667) Concurrent Mark
[448.643s][info][gc,marking  ] GC(667) Concurrent Mark From Roots
[448.643s][info][gc,task     ] GC(667) Using 1 workers of 1 for marking
[448.695s][info][gc,marking  ] GC(667) Concurrent Mark From Roots 51.947ms
[448.695s][info][gc,marking  ] GC(667) Concurrent Preclean
[448.695s][info][gc,marking  ] GC(667) Concurrent Preclean 0.062ms
[448.696s][info][gc,start    ] GC(667) Pause Remark
[448.706s][info][gc          ] GC(667) Pause Remark 297M->297M(782M) 10.717ms
[448.706s][info][gc,cpu      ] GC(667) User=0.02s Sys=0.00s Real=0.01s
[448.707s][info][gc,marking  ] GC(667) Concurrent Mark 63.399ms
[448.707s][info][gc,marking  ] GC(667) Concurrent Rebuild Remembered Sets and Scrub Regions
[448.723s][info][gc,marking  ] GC(667) Concurrent Rebuild Remembered Sets and Scrub Regions 15.992ms
[448.724s][info][gc,start    ] GC(667) Pause Cleanup
[448.724s][info][gc          ] GC(667) Pause Cleanup 301M->301M(782M) 0.088ms
[448.724s][info][gc,cpu      ] GC(667) User=0.00s Sys=0.00s Real=0.00s
[448.724s][info][gc,marking  ] GC(667) Concurrent Clear Claimed Marks
[448.724s][info][gc,marking  ] GC(667) Concurrent Clear Claimed Marks 0.111ms
[448.725s][info][gc,marking  ] GC(667) Concurrent Cleanup for Next Mark
[448.727s][info][gc,marking  ] GC(667) Concurrent Cleanup for Next Mark 2.338ms
[448.727s][info][gc          ] GC(667) Concurrent Mark Cycle 93.409ms
[449.798s][info][gc,start    ] GC(668) Pause Young (Prepare Mixed) (G1 Evacuation Pause)
[449.798s][info][gc,task     ] GC(668) Using 2 workers of 2 for evacuation
[449.807s][info][gc,phases   ] GC(668)   Pre Evacuate Collection Set: 0.28ms
[449.807s][info][gc,phases   ] GC(668)   Merge Heap Roots: 0.16ms
[449.807s][info][gc,phases   ] GC(668)   Evacuate Collection Set: 7.56ms
[449.807s][info][gc,phases   ] GC(668)   Post Evacuate Collection Set: 0.83ms
[449.807s][info][gc,phases   ] GC(668)   Other: 0.11ms
[449.807s][info][gc,heap     ] GC(668) Eden regions: 439->0(443)
[449.807s][info][gc,heap     ] GC(668) Survivor regions: 24->22(58)
[449.807s][info][gc,heap     ] GC(668) Old regions: 48->48
[449.807s][info][gc,heap     ] GC(668) Humongous regions: 207->207
[449.807s][info][gc,metaspace] GC(668) Metaspace: 57600K(57984K)->57600K(57984K) NonClass: 49318K(49600K)->49318K(49600K) Class: 8282K(8384K)->8282K(8384K)
[449.807s][info][gc          ] GC(668) Pause Young (Prepare Mixed) (G1 Evacuation Pause) 716M->276M(782M) 9.183ms
[449.807s][info][gc,cpu      ] GC(668) User=0.02s Sys=0.00s Real=0.01s
[450.984s][info][gc,start    ] GC(669) Pause Young (Mixed) (G1 Evacuation Pause)
[450.984s][info][gc,task     ] GC(669) Using 2 workers of 2 for evacuation
[450.993s][info][gc,phases   ] GC(669)   Pre Evacuate Collection Set: 0.32ms
[450.993s][info][gc,phases   ] GC(669)   Merge Heap Roots: 0.16ms
[450.993s][info][gc,phases   ] GC(669)   Evacuate Collection Set: 7.53ms
[450.993s][info][gc,phases   ] GC(669)   Post Evacuate Collection Set: 0.83ms
[450.993s][info][gc,phases   ] GC(669)   Other: 0.08ms
[450.993s][info][gc,heap     ] GC(669) Eden regions: 443->0(456)
[450.993s][info][gc,heap     ] GC(669) Survivor regions: 22->10(59)
[450.993s][info][gc,heap     ] GC(669) Old regions: 48->59
[450.993s][info][gc,heap     ] GC(669) Humongous regions: 207->207
[450.993s][info][gc,metaspace] GC(669) Metaspace: 57603K(57984K)->57603K(57984K) NonClass: 49320K(49600K)->49320K(49600K) Class: 8282K(8384K)->8282K(8384K)
[450.993s][info][gc          ] GC(669) Pause Young (Mixed) (G1 Evacuation Pause) 719M->275M(782M) 9.130ms
[450.993s][info][gc,cpu      ] GC(669) User=0.02s Sys=0.00s Real=0.00s
[452.174s][info][gc,start    ] GC(670) Pause Young (Concurrent Start) (G1 Evacuation Pause)
[452.174s][info][gc,task     ] GC(670) Using 2 workers of 2 for evacuation
[452.180s][info][gc,phases   ] GC(670)   Pre Evacuate Collection Set: 0.30ms
[452.180s][info][gc,phases   ] GC(670)   Merge Heap Roots: 0.14ms
[452.180s][info][gc,phases   ] GC(670)   Evacuate Collection Set: 4.11ms
[452.180s][info][gc,phases   ] GC(670)   Post Evacuate Collection Set: 0.82ms
[452.180s][info][gc,phases   ] GC(670)   Other: 0.12ms
[452.180s][info][gc,heap     ] GC(670) Eden regions: 456->0(455)
[452.180s][info][gc,heap     ] GC(670) Survivor regions: 10->10(59)
[452.180s][info][gc,heap     ] GC(670) Old regions: 59->60
[452.180s][info][gc,heap     ] GC(670) Humongous regions: 207->207
[452.180s][info][gc,metaspace] GC(670) Metaspace: 57603K(57984K)->57603K(57984K) NonClass: 49320K(49600K)->49320K(49600K) Class: 8282K(8384K)->8282K(8384K)
[452.180s][info][gc          ] GC(670) Pause Young (Concurrent Start) (G1 Evacuation Pause) 731M->276M(782M) 5.683ms
[452.180s][info][gc,cpu      ] GC(670) User=0.02s Sys=0.00s Real=0.00s
[452.180s][info][gc          ] GC(671) Concurrent Mark Cycle
[452.180s][info][gc,marking  ] GC(671) Concurrent Scan Root Regions
[452.185s][info][gc,marking  ] GC(671) Concurrent Scan Root Regions 5.093ms
[452.185s][info][gc,marking  ] GC(671) Concurrent Mark
[452.185s][info][gc,marking  ] GC(671) Concurrent Mark From Roots
[452.185s][info][gc,task     ] GC(671) Using 1 workers of 1 for marking
[452.265s][info][gc,marking  ] GC(671) Concurrent Mark From Roots 79.444ms
[452.265s][info][gc,marking  ] GC(671) Concurrent Preclean
[452.265s][info][gc,marking  ] GC(671) Concurrent Preclean 0.095ms
[452.265s][info][gc,start    ] GC(671) Pause Remark
[452.276s][info][gc          ] GC(671) Pause Remark 316M->299M(782M) 11.159ms
[452.276s][info][gc,cpu      ] GC(671) User=0.02s Sys=0.00s Real=0.01s
[452.276s][info][gc,marking  ] GC(671) Concurrent Mark 90.927ms
[452.276s][info][gc,marking  ] GC(671) Concurrent Rebuild Remembered Sets and Scrub Regions
[452.305s][info][gc,marking  ] GC(671) Concurrent Rebuild Remembered Sets and Scrub Regions 28.527ms
[452.305s][info][gc,start    ] GC(671) Pause Cleanup
[452.305s][info][gc          ] GC(671) Pause Cleanup 315M->315M(782M) 0.081ms
[452.305s][info][gc,cpu      ] GC(671) User=0.00s Sys=0.00s Real=0.00s
[452.306s][info][gc,marking  ] GC(671) Concurrent Clear Claimed Marks
[452.306s][info][gc,marking  ] GC(671) Concurrent Clear Claimed Marks 0.105ms
[452.306s][info][gc,marking  ] GC(671) Concurrent Cleanup for Next Mark
[452.310s][info][gc,marking  ] GC(671) Concurrent Cleanup for Next Mark 4.354ms
[452.310s][info][gc          ] GC(671) Concurrent Mark Cycle 130.139ms
[453.330s][info][gc,start    ] GC(672) Pause Young (Prepare Mixed) (G1 Evacuation Pause)
[453.330s][info][gc,task     ] GC(672) Using 2 workers of 2 for evacuation
[453.336s][info][gc,phases   ] GC(672)   Pre Evacuate Collection Set: 0.27ms
[453.336s][info][gc,phases   ] GC(672)   Merge Heap Roots: 0.17ms
[453.336s][info][gc,phases   ] GC(672)   Evacuate Collection Set: 4.25ms
[453.336s][info][gc,phases   ] GC(672)   Post Evacuate Collection Set: 0.83ms
[453.336s][info][gc,phases   ] GC(672)   Other: 0.10ms
[453.336s][info][gc,heap     ] GC(672) Eden regions: 455->0(460)
[453.336s][info][gc,heap     ] GC(672) Survivor regions: 10->9(59)
[453.336s][info][gc,heap     ] GC(672) Old regions: 43->43
[453.336s][info][gc,heap     ] GC(672) Humongous regions: 207->207
[453.336s][info][gc,metaspace] GC(672) Metaspace: 57603K(57984K)->57603K(57984K) NonClass: 49320K(49600K)->49320K(49600K) Class: 8282K(8384K)->8282K(8384K)
[453.336s][info][gc          ] GC(672) Pause Young (Prepare Mixed) (G1 Evacuation Pause) 714M->258M(782M) 5.816ms
[453.336s][info][gc,cpu      ] GC(672) User=0.01s Sys=0.00s Real=0.01s
[454.563s][info][gc,start    ] GC(673) Pause Young (Mixed) (G1 Evacuation Pause)
[454.563s][info][gc,task     ] GC(673) Using 2 workers of 2 for evacuation
[454.568s][info][gc,phases   ] GC(673)   Pre Evacuate Collection Set: 0.27ms
[454.568s][info][gc,phases   ] GC(673)   Merge Heap Roots: 0.15ms
[454.568s][info][gc,phases   ] GC(673)   Evacuate Collection Set: 3.10ms
[454.568s][info][gc,phases   ] GC(673)   Post Evacuate Collection Set: 0.81ms
[454.568s][info][gc,phases   ] GC(673)   Other: 0.11ms
[454.568s][info][gc,heap     ] GC(673) Eden regions: 460->0(460)
[454.568s][info][gc,heap     ] GC(673) Survivor regions: 9->9(59)
[454.568s][info][gc,heap     ] GC(673) Old regions: 43->40
[454.568s][info][gc,heap     ] GC(673) Humongous regions: 207->207
[454.568s][info][gc,metaspace] GC(673) Metaspace: 57603K(57984K)->57603K(57984K) NonClass: 49320K(49600K)->49320K(49600K) Class: 8282K(8384K)->8282K(8384K)
[454.568s][info][gc          ] GC(673) Pause Young (Mixed) (G1 Evacuation Pause) 718M->255M(782M) 4.632ms
[454.568s][info][gc,cpu      ] GC(673) User=0.01s Sys=0.00s Real=0.01s
[455.831s][info][gc,start    ] GC(674) Pause Young (Concurrent Start) (G1 Evacuation Pause)
[455.831s][info][gc,task     ] GC(674) Using 2 workers of 2 for evacuation
[455.845s][info][gc,phases   ] GC(674)   Pre Evacuate Collection Set: 0.28ms
[455.845s][info][gc,phases   ] GC(674)   Merge Heap Roots: 2.03ms
[455.845s][info][gc,phases   ] GC(674)   Evacuate Collection Set: 10.52ms
[455.845s][info][gc,phases   ] GC(674)   Post Evacuate Collection Set: 1.29ms
[455.845s][info][gc,phases   ] GC(674)   Other: 0.14ms
[455.845s][info][gc,heap     ] GC(674) Eden regions: 460->0(460)
[455.845s][info][gc,heap     ] GC(674) Survivor regions: 9->9(59)
[455.845s][info][gc,heap     ] GC(674) Old regions: 40->41
[455.845s][info][gc,heap     ] GC(674) Humongous regions: 207->207
[455.845s][info][gc,metaspace] GC(674) Metaspace: 57603K(57984K)->57603K(57984K) NonClass: 49320K(49600K)->49320K(49600K) Class: 8282K(8384K)->8282K(8384K)
[455.845s][info][gc          ] GC(674) Pause Young (Concurrent Start) (G1 Evacuation Pause) 715M->256M(782M) 14.509ms
[455.846s][info][gc,cpu      ] GC(674) User=0.01s Sys=0.00s Real=0.02s
[455.846s][info][gc          ] GC(675) Concurrent Mark Cycle
[455.846s][info][gc,marking  ] GC(675) Concurrent Scan Root Regions
[455.850s][info][gc,marking  ] GC(675) Concurrent Scan Root Regions 3.642ms
[455.850s][info][gc,marking  ] GC(675) Concurrent Mark
[455.850s][info][gc,marking  ] GC(675) Concurrent Mark From Roots
[455.850s][info][gc,task     ] GC(675) Using 1 workers of 1 for marking
[455.892s][info][gc,marking  ] GC(675) Concurrent Mark From Roots 42.716ms
[455.892s][info][gc,marking  ] GC(675) Concurrent Preclean
[455.892s][info][gc,marking  ] GC(675) Concurrent Preclean 0.068ms
[455.895s][info][gc,start    ] GC(675) Pause Remark
[455.906s][info][gc          ] GC(675) Pause Remark 279M->279M(782M) 11.472ms
[455.906s][info][gc,cpu      ] GC(675) User=0.02s Sys=0.00s Real=0.01s
[455.907s][info][gc,marking  ] GC(675) Concurrent Mark 57.627ms
[455.907s][info][gc,marking  ] GC(675) Concurrent Rebuild Remembered Sets and Scrub Regions
[455.941s][info][gc,marking  ] GC(675) Concurrent Rebuild Remembered Sets and Scrub Regions 33.661ms
[455.941s][info][gc,start    ] GC(675) Pause Cleanup
[455.941s][info][gc          ] GC(675) Pause Cleanup 300M->300M(782M) 0.098ms
[455.941s][info][gc,cpu      ] GC(675) User=0.00s Sys=0.00s Real=0.00s
[455.941s][info][gc,marking  ] GC(675) Concurrent Clear Claimed Marks
[455.941s][info][gc,marking  ] GC(675) Concurrent Clear Claimed Marks 0.099ms
[455.941s][info][gc,marking  ] GC(675) Concurrent Cleanup for Next Mark
[455.944s][info][gc,marking  ] GC(675) Concurrent Cleanup for Next Mark 2.346ms
[455.944s][info][gc          ] GC(675) Concurrent Mark Cycle 98.228ms
[457.022s][info][gc,start    ] GC(676) Pause Young (Prepare Mixed) (G1 Evacuation Pause)
[457.022s][info][gc,task     ] GC(676) Using 2 workers of 2 for evacuation
[457.028s][info][gc,phases   ] GC(676)   Pre Evacuate Collection Set: 0.31ms
[457.028s][info][gc,phases   ] GC(676)   Merge Heap Roots: 0.17ms
[457.028s][info][gc,phases   ] GC(676)   Evacuate Collection Set: 4.39ms
[457.028s][info][gc,phases   ] GC(676)   Post Evacuate Collection Set: 0.84ms
[457.028s][info][gc,phases   ] GC(676)   Other: 0.10ms
[457.028s][info][gc,heap     ] GC(676) Eden regions: 460->0(460)
[457.028s][info][gc,heap     ] GC(676) Survivor regions: 9->9(59)
[457.028s][info][gc,heap     ] GC(676) Old regions: 41->41
[457.028s][info][gc,heap     ] GC(676) Humongous regions: 207->207
[457.028s][info][gc,metaspace] GC(676) Metaspace: 57603K(57984K)->57603K(57984K) NonClass: 49320K(49600K)->49320K(49600K) Class: 8282K(8384K)->8282K(8384K)
[457.028s][info][gc          ] GC(676) Pause Young (Prepare Mixed) (G1 Evacuation Pause) 716M->256M(782M) 5.997ms
[457.028s][info][gc,cpu      ] GC(676) User=0.01s Sys=0.00s Real=0.01s
[458.196s][info][gc,start    ] GC(677) Pause Young (Mixed) (G1 Evacuation Pause)
[458.196s][info][gc,task     ] GC(677) Using 2 workers of 2 for evacuation
[458.202s][info][gc,phases   ] GC(677)   Pre Evacuate Collection Set: 0.27ms
[458.202s][info][gc,phases   ] GC(677)   Merge Heap Roots: 0.14ms
[458.202s][info][gc,phases   ] GC(677)   Evacuate Collection Set: 4.45ms
[458.202s][info][gc,phases   ] GC(677)   Post Evacuate Collection Set: 0.77ms
[458.202s][info][gc,phases   ] GC(677)   Other: 0.09ms
[458.202s][info][gc,heap     ] GC(677) Eden regions: 460->0(460)
[458.202s][info][gc,heap     ] GC(677) Survivor regions: 9->9(59)
[458.202s][info][gc,heap     ] GC(677) Old regions: 41->38
[458.202s][info][gc,heap     ] GC(677) Humongous regions: 207->207
[458.202s][info][gc,metaspace] GC(677) Metaspace: 57603K(57984K)->57603K(57984K) NonClass: 49320K(49600K)->49320K(49600K) Class: 8282K(8384K)->8282K(8384K)
[458.202s][info][gc          ] GC(677) Pause Young (Mixed) (G1 Evacuation Pause) 716M->253M(782M) 5.924ms
[458.202s][info][gc,cpu      ] GC(677) User=0.01s Sys=0.00s Real=0.00s
[459.503s][info][gc,start    ] GC(678) Pause Young (Concurrent Start) (G1 Evacuation Pause)
[459.503s][info][gc,task     ] GC(678) Using 2 workers of 2 for evacuation
[459.510s][info][gc,phases   ] GC(678)   Pre Evacuate Collection Set: 0.35ms
[459.510s][info][gc,phases   ] GC(678)   Merge Heap Roots: 0.13ms
[459.510s][info][gc,phases   ] GC(678)   Evacuate Collection Set: 5.89ms
[459.510s][info][gc,phases   ] GC(678)   Post Evacuate Collection Set: 0.83ms
[459.510s][info][gc,phases   ] GC(678)   Other: 0.12ms
[459.510s][info][gc,heap     ] GC(678) Eden regions: 460->0(459)
[459.510s][info][gc,heap     ] GC(678) Survivor regions: 9->10(59)
[459.510s][info][gc,heap     ] GC(678) Old regions: 38->39
[459.510s][info][gc,heap     ] GC(678) Humongous regions: 207->207
[459.510s][info][gc,metaspace] GC(678) Metaspace: 57603K(57984K)->57603K(57984K) NonClass: 49320K(49600K)->49320K(49600K) Class: 8282K(8384K)->8282K(8384K)
[459.510s][info][gc          ] GC(678) Pause Young (Concurrent Start) (G1 Evacuation Pause) 713M->254M(782M) 7.518ms
[459.510s][info][gc,cpu      ] GC(678) User=0.01s Sys=0.00s Real=0.01s
[459.510s][info][gc          ] GC(679) Concurrent Mark Cycle
[459.510s][info][gc,marking  ] GC(679) Concurrent Scan Root Regions
[459.517s][info][gc,marking  ] GC(679) Concurrent Scan Root Regions 7.090ms
[459.517s][info][gc,marking  ] GC(679) Concurrent Mark
[459.517s][info][gc,marking  ] GC(679) Concurrent Mark From Roots
[459.517s][info][gc,task     ] GC(679) Using 1 workers of 1 for marking
[459.566s][info][gc,marking  ] GC(679) Concurrent Mark From Roots 49.065ms
[459.566s][info][gc,marking  ] GC(679) Concurrent Preclean
[459.567s][info][gc,marking  ] GC(679) Concurrent Preclean 0.088ms
[459.567s][info][gc,start    ] GC(679) Pause Remark
[459.577s][info][gc          ] GC(679) Pause Remark 274M->274M(782M) 10.491ms
[459.577s][info][gc,cpu      ] GC(679) User=0.02s Sys=0.00s Real=0.01s
[459.578s][info][gc,marking  ] GC(679) Concurrent Mark 60.373ms
[459.578s][info][gc,marking  ] GC(679) Concurrent Rebuild Remembered Sets and Scrub Regions
[459.610s][info][gc,marking  ] GC(679) Concurrent Rebuild Remembered Sets and Scrub Regions 31.881ms
[459.610s][info][gc,start    ] GC(679) Pause Cleanup
[459.610s][info][gc          ] GC(679) Pause Cleanup 294M->294M(782M) 0.101ms
[459.610s][info][gc,cpu      ] GC(679) User=0.00s Sys=0.00s Real=0.00s
[459.610s][info][gc,marking  ] GC(679) Concurrent Clear Claimed Marks
[459.610s][info][gc,marking  ] GC(679) Concurrent Clear Claimed Marks 0.094ms
[459.610s][info][gc,marking  ] GC(679) Concurrent Cleanup for Next Mark
[459.615s][info][gc,marking  ] GC(679) Concurrent Cleanup for Next Mark 4.989ms
[459.615s][info][gc          ] GC(679) Concurrent Mark Cycle 105.015ms
[460.710s][info][gc,start    ] GC(680) Pause Young (Prepare Mixed) (G1 Evacuation Pause)
[460.711s][info][gc,task     ] GC(680) Using 2 workers of 2 for evacuation
[460.720s][info][gc,phases   ] GC(680)   Pre Evacuate Collection Set: 0.49ms
[460.720s][info][gc,phases   ] GC(680)   Merge Heap Roots: 0.18ms
[460.720s][info][gc,phases   ] GC(680)   Evacuate Collection Set: 7.53ms
[460.720s][info][gc,phases   ] GC(680)   Post Evacuate Collection Set: 0.79ms
[460.720s][info][gc,phases   ] GC(680)   Other: 0.11ms
[460.720s][info][gc,heap     ] GC(680) Eden regions: 459->0(459)
[460.720s][info][gc,heap     ] GC(680) Survivor regions: 10->10(59)
[460.720s][info][gc,heap     ] GC(680) Old regions: 39->39
[460.720s][info][gc,heap     ] GC(680) Humongous regions: 207->207
[460.720s][info][gc,metaspace] GC(680) Metaspace: 57603K(57984K)->57603K(57984K) NonClass: 49320K(49600K)->49320K(49600K) Class: 8282K(8384K)->8282K(8384K)
[460.720s][info][gc          ] GC(680) Pause Young (Prepare Mixed) (G1 Evacuation Pause) 713M->254M(782M) 9.287ms
[460.720s][info][gc,cpu      ] GC(680) User=0.01s Sys=0.00s Real=0.01s
[461.922s][info][gc,start    ] GC(681) Pause Young (Mixed) (G1 Evacuation Pause)
[461.922s][info][gc,task     ] GC(681) Using 2 workers of 2 for evacuation
[461.932s][info][gc,phases   ] GC(681)   Pre Evacuate Collection Set: 0.30ms
[461.932s][info][gc,phases   ] GC(681)   Merge Heap Roots: 0.19ms
[461.932s][info][gc,phases   ] GC(681)   Evacuate Collection Set: 8.06ms
[461.932s][info][gc,phases   ] GC(681)   Post Evacuate Collection Set: 0.81ms
[461.932s][info][gc,phases   ] GC(681)   Other: 0.12ms
[461.932s][info][gc,heap     ] GC(681) Eden regions: 459->0(459)
[461.932s][info][gc,heap     ] GC(681) Survivor regions: 10->10(59)
[461.932s][info][gc,heap     ] GC(681) Old regions: 39->37
[461.932s][info][gc,heap     ] GC(681) Humongous regions: 207->207
[461.932s][info][gc,metaspace] GC(681) Metaspace: 57603K(57984K)->57603K(57984K) NonClass: 49320K(49600K)->49320K(49600K) Class: 8282K(8384K)->8282K(8384K)
[461.932s][info][gc          ] GC(681) Pause Young (Mixed) (G1 Evacuation Pause) 713M->253M(782M) 9.701ms
[461.932s][info][gc,cpu      ] GC(681) User=0.02s Sys=0.00s Real=0.01s
[463.182s][info][gc,start    ] GC(682) Pause Young (Normal) (G1 Evacuation Pause)
[463.182s][info][gc,task     ] GC(682) Using 2 workers of 2 for evacuation
[463.189s][info][gc,phases   ] GC(682)   Pre Evacuate Collection Set: 0.38ms
[463.189s][info][gc,phases   ] GC(682)   Merge Heap Roots: 0.19ms
[463.189s][info][gc,phases   ] GC(682)   Evacuate Collection Set: 5.72ms
[463.189s][info][gc,phases   ] GC(682)   Post Evacuate Collection Set: 0.98ms
[463.189s][info][gc,phases   ] GC(682)   Other: 0.12ms
[463.189s][info][gc,heap     ] GC(682) Eden regions: 459->0(460)
[463.189s][info][gc,heap     ] GC(682) Survivor regions: 10->9(59)
[463.189s][info][gc,heap     ] GC(682) Old regions: 37->37
[463.189s][info][gc,heap     ] GC(682) Humongous regions: 207->207
[463.189s][info][gc,metaspace] GC(682) Metaspace: 57603K(57984K)->57603K(57984K) NonClass: 49320K(49600K)->49320K(49600K) Class: 8282K(8384K)->8282K(8384K)
[463.189s][info][gc          ] GC(682) Pause Young (Normal) (G1 Evacuation Pause) 712M->252M(782M) 7.661ms
[463.189s][info][gc,cpu      ] GC(682) User=0.01s Sys=0.00s Real=0.01s
[464.386s][info][gc,start    ] GC(683) Pause Young (Normal) (G1 Evacuation Pause)
[464.386s][info][gc,task     ] GC(683) Using 2 workers of 2 for evacuation
[464.392s][info][gc,phases   ] GC(683)   Pre Evacuate Collection Set: 0.31ms
[464.392s][info][gc,phases   ] GC(683)   Merge Heap Roots: 0.14ms
[464.392s][info][gc,phases   ] GC(683)   Evacuate Collection Set: 4.29ms
[464.392s][info][gc,phases   ] GC(683)   Post Evacuate Collection Set: 0.89ms
[464.392s][info][gc,phases   ] GC(683)   Other: 0.12ms
[464.392s][info][gc,heap     ] GC(683) Eden regions: 460->0(460)
[464.392s][info][gc,heap     ] GC(683) Survivor regions: 9->9(59)
[464.392s][info][gc,heap     ] GC(683) Old regions: 37->37
[464.392s][info][gc,heap     ] GC(683) Humongous regions: 207->207
[464.392s][info][gc,metaspace] GC(683) Metaspace: 57603K(57984K)->57603K(57984K) NonClass: 49320K(49600K)->49320K(49600K) Class: 8282K(8384K)->8282K(8384K)
[464.392s][info][gc          ] GC(683) Pause Young (Normal) (G1 Evacuation Pause) 712M->252M(782M) 5.956ms
[464.392s][info][gc,cpu      ] GC(683) User=0.01s Sys=0.00s Real=0.00s
[465.583s][info][gc,start    ] GC(684) Pause Young (Normal) (G1 Evacuation Pause)
[465.583s][info][gc,task     ] GC(684) Using 2 workers of 2 for evacuation
[465.587s][info][gc,phases   ] GC(684)   Pre Evacuate Collection Set: 0.28ms
[465.587s][info][gc,phases   ] GC(684)   Merge Heap Roots: 0.14ms
[465.587s][info][gc,phases   ] GC(684)   Evacuate Collection Set: 3.00ms
[465.587s][info][gc,phases   ] GC(684)   Post Evacuate Collection Set: 0.80ms
[465.587s][info][gc,phases   ] GC(684)   Other: 0.09ms
[465.587s][info][gc,heap     ] GC(684) Eden regions: 460->0(461)
[465.587s][info][gc,heap     ] GC(684) Survivor regions: 9->8(59)
[465.587s][info][gc,heap     ] GC(684) Old regions: 37->37
[465.587s][info][gc,heap     ] GC(684) Humongous regions: 207->207
[465.587s][info][gc,metaspace] GC(684) Metaspace: 57603K(57984K)->57603K(57984K) NonClass: 49320K(49600K)->49320K(49600K) Class: 8282K(8384K)->8282K(8384K)
[465.587s][info][gc          ] GC(684) Pause Young (Normal) (G1 Evacuation Pause) 712M->251M(782M) 4.512ms
[465.587s][info][gc,cpu      ] GC(684) User=0.01s Sys=0.00s Real=0.01s
[466.789s][info][gc,start    ] GC(685) Pause Young (Normal) (G1 Evacuation Pause)
[466.789s][info][gc,task     ] GC(685) Using 2 workers of 2 for evacuation
[466.794s][info][gc,phases   ] GC(685)   Pre Evacuate Collection Set: 0.29ms
[466.794s][info][gc,phases   ] GC(685)   Merge Heap Roots: 0.13ms
[466.794s][info][gc,phases   ] GC(685)   Evacuate Collection Set: 3.81ms
[466.794s][info][gc,phases   ] GC(685)   Post Evacuate Collection Set: 0.82ms
[466.794s][info][gc,phases   ] GC(685)   Other: 0.09ms
[466.794s][info][gc,heap     ] GC(685) Eden regions: 461->0(468)
[466.794s][info][gc,heap     ] GC(685) Survivor regions: 8->1(59)
[466.794s][info][gc,heap     ] GC(685) Old regions: 37->44
[466.794s][info][gc,heap     ] GC(685) Humongous regions: 207->207
[466.794s][info][gc,metaspace] GC(685) Metaspace: 57603K(57984K)->57603K(57984K) NonClass: 49320K(49600K)->49320K(49600K) Class: 8282K(8384K)->8282K(8384K)
[466.794s][info][gc          ] GC(685) Pause Young (Normal) (G1 Evacuation Pause) 712M->251M(782M) 5.331ms
[466.794s][info][gc,cpu      ] GC(685) User=0.01s Sys=0.00s Real=0.01s
[468.002s][info][gc,start    ] GC(686) Pause Young (Concurrent Start) (G1 Evacuation Pause)
[468.002s][info][gc,task     ] GC(686) Using 2 workers of 2 for evacuation
[468.007s][info][gc,phases   ] GC(686)   Pre Evacuate Collection Set: 0.30ms
[468.007s][info][gc,phases   ] GC(686)   Merge Heap Roots: 0.13ms
[468.007s][info][gc,phases   ] GC(686)   Evacuate Collection Set: 4.29ms
[468.007s][info][gc,phases   ] GC(686)   Post Evacuate Collection Set: 0.79ms
[468.007s][info][gc,phases   ] GC(686)   Other: 0.13ms
[468.007s][info][gc,heap     ] GC(686) Eden regions: 468->0(466)
[468.007s][info][gc,heap     ] GC(686) Survivor regions: 1->3(59)
[468.007s][info][gc,heap     ] GC(686) Old regions: 44->44
[468.007s][info][gc,heap     ] GC(686) Humongous regions: 207->207
[468.007s][info][gc,metaspace] GC(686) Metaspace: 57603K(57984K)->57603K(57984K) NonClass: 49320K(49600K)->49320K(49600K) Class: 8282K(8384K)->8282K(8384K)
[468.007s][info][gc          ] GC(686) Pause Young (Concurrent Start) (G1 Evacuation Pause) 719M->253M(782M) 5.823ms
[468.007s][info][gc          ] GC(687) Concurrent Mark Cycle
[468.007s][info][gc,marking  ] GC(687) Concurrent Scan Root Regions
[468.008s][info][gc,cpu      ] GC(686) User=0.01s Sys=0.00s Real=0.01s
[468.010s][info][gc,marking  ] GC(687) Concurrent Scan Root Regions 2.671ms
[468.010s][info][gc,marking  ] GC(687) Concurrent Mark
[468.010s][info][gc,marking  ] GC(687) Concurrent Mark From Roots
[468.010s][info][gc,task     ] GC(687) Using 1 workers of 1 for marking
[468.073s][info][gc,marking  ] GC(687) Concurrent Mark From Roots 63.330ms
[468.073s][info][gc,marking  ] GC(687) Concurrent Preclean
[468.074s][info][gc,marking  ] GC(687) Concurrent Preclean 0.076ms
[468.074s][info][gc,start    ] GC(687) Pause Remark
[468.084s][info][gc          ] GC(687) Pause Remark 278M->278M(782M) 10.667ms
[468.084s][info][gc,cpu      ] GC(687) User=0.02s Sys=0.00s Real=0.02s
[468.086s][info][gc,marking  ] GC(687) Concurrent Mark 75.433ms
[468.086s][info][gc,marking  ] GC(687) Concurrent Rebuild Remembered Sets and Scrub Regions
[468.130s][info][gc,marking  ] GC(687) Concurrent Rebuild Remembered Sets and Scrub Regions 44.924ms
[468.131s][info][gc,start    ] GC(687) Pause Cleanup
[468.131s][info][gc          ] GC(687) Pause Cleanup 306M->306M(782M) 0.098ms
[468.131s][info][gc,cpu      ] GC(687) User=0.00s Sys=0.00s Real=0.00s
[468.131s][info][gc,marking  ] GC(687) Concurrent Clear Claimed Marks
[468.131s][info][gc,marking  ] GC(687) Concurrent Clear Claimed Marks 0.098ms
[468.131s][info][gc,marking  ] GC(687) Concurrent Cleanup for Next Mark
[468.134s][info][gc,marking  ] GC(687) Concurrent Cleanup for Next Mark 2.964ms
[468.134s][info][gc          ] GC(687) Concurrent Mark Cycle 126.505ms
[469.210s][info][gc,start    ] GC(688) Pause Young (Prepare Mixed) (G1 Evacuation Pause)
[469.210s][info][gc,task     ] GC(688) Using 2 workers of 2 for evacuation
[469.217s][info][gc,phases   ] GC(688)   Pre Evacuate Collection Set: 0.29ms
[469.217s][info][gc,phases   ] GC(688)   Merge Heap Roots: 0.17ms
[469.217s][info][gc,phases   ] GC(688)   Evacuate Collection Set: 5.03ms
[469.217s][info][gc,phases   ] GC(688)   Post Evacuate Collection Set: 0.76ms
[469.217s][info][gc,phases   ] GC(688)   Other: 0.10ms
[469.217s][info][gc,heap     ] GC(688) Eden regions: 466->0(466)
[469.217s][info][gc,heap     ] GC(688) Survivor regions: 3->3(59)
[469.217s][info][gc,heap     ] GC(688) Old regions: 44->44
[469.217s][info][gc,heap     ] GC(688) Humongous regions: 207->207
[469.217s][info][gc,metaspace] GC(688) Metaspace: 57603K(57984K)->57603K(57984K) NonClass: 49320K(49600K)->49320K(49600K) Class: 8282K(8384K)->8282K(8384K)
[469.217s][info][gc          ] GC(688) Pause Young (Prepare Mixed) (G1 Evacuation Pause) 719M->253M(782M) 6.530ms
[469.217s][info][gc,cpu      ] GC(688) User=0.01s Sys=0.00s Real=0.01s
[470.522s][info][gc,start    ] GC(689) Pause Young (Mixed) (G1 Evacuation Pause)
[470.522s][info][gc,task     ] GC(689) Using 2 workers of 2 for evacuation
[470.529s][info][gc,phases   ] GC(689)   Pre Evacuate Collection Set: 0.29ms
[470.529s][info][gc,phases   ] GC(689)   Merge Heap Roots: 0.16ms
[470.529s][info][gc,phases   ] GC(689)   Evacuate Collection Set: 6.01ms
[470.529s][info][gc,phases   ] GC(689)   Post Evacuate Collection Set: 0.82ms
[470.529s][info][gc,phases   ] GC(689)   Other: 0.13ms
[470.529s][info][gc,heap     ] GC(689) Eden regions: 466->0(467)
[470.529s][info][gc,heap     ] GC(689) Survivor regions: 3->2(59)
[470.529s][info][gc,heap     ] GC(689) Old regions: 44->43
[470.529s][info][gc,heap     ] GC(689) Humongous regions: 207->207
[470.529s][info][gc,metaspace] GC(689) Metaspace: 57603K(57984K)->57603K(57984K) NonClass: 49320K(49600K)->49320K(49600K) Class: 8282K(8384K)->8282K(8384K)
[470.530s][info][gc          ] GC(689) Pause Young (Mixed) (G1 Evacuation Pause) 718M->251M(782M) 7.619ms
[470.530s][info][gc,cpu      ] GC(689) User=0.01s Sys=0.00s Real=0.01s
[471.791s][info][gc,start    ] GC(690) Pause Young (Normal) (G1 Evacuation Pause)
[471.791s][info][gc,task     ] GC(690) Using 2 workers of 2 for evacuation
[471.795s][info][gc,phases   ] GC(690)   Pre Evacuate Collection Set: 0.28ms
[471.796s][info][gc,phases   ] GC(690)   Merge Heap Roots: 0.15ms
[471.796s][info][gc,phases   ] GC(690)   Evacuate Collection Set: 2.97ms
[471.796s][info][gc,phases   ] GC(690)   Post Evacuate Collection Set: 0.80ms
[471.796s][info][gc,phases   ] GC(690)   Other: 0.09ms
[471.796s][info][gc,heap     ] GC(690) Eden regions: 467->0(467)
[471.796s][info][gc,heap     ] GC(690) Survivor regions: 2->2(59)
[471.796s][info][gc,heap     ] GC(690) Old regions: 43->43
[471.796s][info][gc,heap     ] GC(690) Humongous regions: 207->207
[471.796s][info][gc,metaspace] GC(690) Metaspace: 57603K(57984K)->57603K(57984K) NonClass: 49320K(49600K)->49320K(49600K) Class: 8282K(8384K)->8282K(8384K)
[471.796s][info][gc          ] GC(690) Pause Young (Normal) (G1 Evacuation Pause) 718M->251M(782M) 4.481ms
[471.796s][info][gc,cpu      ] GC(690) User=0.01s Sys=0.00s Real=0.01s
[473.011s][info][gc,start    ] GC(691) Pause Young (Normal) (G1 Evacuation Pause)
[473.011s][info][gc,task     ] GC(691) Using 2 workers of 2 for evacuation
[473.016s][info][gc,phases   ] GC(691)   Pre Evacuate Collection Set: 0.30ms
[473.016s][info][gc,phases   ] GC(691)   Merge Heap Roots: 0.14ms
[473.016s][info][gc,phases   ] GC(691)   Evacuate Collection Set: 4.07ms
[473.016s][info][gc,phases   ] GC(691)   Post Evacuate Collection Set: 0.77ms
[473.016s][info][gc,phases   ] GC(691)   Other: 0.12ms
[473.016s][info][gc,heap     ] GC(691) Eden regions: 467->0(467)
[473.016s][info][gc,heap     ] GC(691) Survivor regions: 2->2(59)
[473.016s][info][gc,heap     ] GC(691) Old regions: 43->43
[473.016s][info][gc,heap     ] GC(691) Humongous regions: 207->207
[473.016s][info][gc,metaspace] GC(691) Metaspace: 57603K(57984K)->57603K(57984K) NonClass: 49320K(49600K)->49320K(49600K) Class: 8282K(8384K)->8282K(8384K)
[473.016s][info][gc          ] GC(691) Pause Young (Normal) (G1 Evacuation Pause) 717M->251M(782M) 5.617ms
[473.016s][info][gc,cpu      ] GC(691) User=0.01s Sys=0.00s Real=0.01s
[474.223s][info][gc,start    ] GC(692) Pause Young (Normal) (G1 Evacuation Pause)
[474.223s][info][gc,task     ] GC(692) Using 2 workers of 2 for evacuation
[474.228s][info][gc,phases   ] GC(692)   Pre Evacuate Collection Set: 0.29ms
[474.228s][info][gc,phases   ] GC(692)   Merge Heap Roots: 0.15ms
[474.228s][info][gc,phases   ] GC(692)   Evacuate Collection Set: 3.56ms
[474.228s][info][gc,phases   ] GC(692)   Post Evacuate Collection Set: 0.80ms
[474.228s][info][gc,phases   ] GC(692)   Other: 0.11ms
[474.228s][info][gc,heap     ] GC(692) Eden regions: 467->0(467)
[474.228s][info][gc,heap     ] GC(692) Survivor regions: 2->2(59)
[474.228s][info][gc,heap     ] GC(692) Old regions: 43->44
[474.228s][info][gc,heap     ] GC(692) Humongous regions: 207->207
[474.228s][info][gc,metaspace] GC(692) Metaspace: 57603K(57984K)->57603K(57984K) NonClass: 49320K(49600K)->49320K(49600K) Class: 8282K(8384K)->8282K(8384K)
[474.228s][info][gc          ] GC(692) Pause Young (Normal) (G1 Evacuation Pause) 718M->251M(782M) 5.104ms
[474.228s][info][gc,cpu      ] GC(692) User=0.01s Sys=0.00s Real=0.01s
[475.491s][info][gc,start    ] GC(693) Pause Young (Normal) (G1 Evacuation Pause)
[475.491s][info][gc,task     ] GC(693) Using 2 workers of 2 for evacuation
[475.496s][info][gc,phases   ] GC(693)   Pre Evacuate Collection Set: 0.29ms
[475.496s][info][gc,phases   ] GC(693)   Merge Heap Roots: 0.14ms
[475.496s][info][gc,phases   ] GC(693)   Evacuate Collection Set: 3.24ms
[475.496s][info][gc,phases   ] GC(693)   Post Evacuate Collection Set: 0.79ms
[475.496s][info][gc,phases   ] GC(693)   Other: 0.09ms
[475.496s][info][gc,heap     ] GC(693) Eden regions: 467->0(467)
[475.496s][info][gc,heap     ] GC(693) Survivor regions: 2->2(59)
[475.496s][info][gc,heap     ] GC(693) Old regions: 44->44
[475.496s][info][gc,heap     ] GC(693) Humongous regions: 207->207
[475.496s][info][gc,metaspace] GC(693) Metaspace: 57604K(57984K)->57604K(57984K) NonClass: 49321K(49600K)->49321K(49600K) Class: 8282K(8384K)->8282K(8384K)
[475.496s][info][gc          ] GC(693) Pause Young (Normal) (G1 Evacuation Pause) 718M->251M(782M) 4.758ms
[475.496s][info][gc,cpu      ] GC(693) User=0.01s Sys=0.00s Real=0.01s
[476.715s][info][gc,start    ] GC(694) Pause Young (Normal) (G1 Evacuation Pause)
[476.715s][info][gc,task     ] GC(694) Using 2 workers of 2 for evacuation
[476.721s][info][gc,phases   ] GC(694)   Pre Evacuate Collection Set: 0.30ms
[476.721s][info][gc,phases   ] GC(694)   Merge Heap Roots: 0.15ms
[476.721s][info][gc,phases   ] GC(694)   Evacuate Collection Set: 5.22ms
[476.721s][info][gc,phases   ] GC(694)   Post Evacuate Collection Set: 0.78ms
[476.721s][info][gc,phases   ] GC(694)   Other: 0.09ms
[476.721s][info][gc,heap     ] GC(694) Eden regions: 467->0(466)
[476.721s][info][gc,heap     ] GC(694) Survivor regions: 2->3(59)
[476.721s][info][gc,heap     ] GC(694) Old regions: 44->44
[476.721s][info][gc,heap     ] GC(694) Humongous regions: 207->207
[476.721s][info][gc,metaspace] GC(694) Metaspace: 57605K(57984K)->57605K(57984K) NonClass: 49322K(49600K)->49322K(49600K) Class: 8282K(8384K)->8282K(8384K)
[476.722s][info][gc          ] GC(694) Pause Young (Normal) (G1 Evacuation Pause) 718M->252M(782M) 6.731ms
[476.722s][info][gc,cpu      ] GC(694) User=0.02s Sys=0.00s Real=0.00s
[477.930s][info][gc,start    ] GC(695) Pause Young (Normal) (G1 Evacuation Pause)
[477.930s][info][gc,task     ] GC(695) Using 2 workers of 2 for evacuation
[477.934s][info][gc,phases   ] GC(695)   Pre Evacuate Collection Set: 0.28ms
[477.934s][info][gc,phases   ] GC(695)   Merge Heap Roots: 0.14ms
[477.934s][info][gc,phases   ] GC(695)   Evacuate Collection Set: 2.79ms
[477.934s][info][gc,phases   ] GC(695)   Post Evacuate Collection Set: 0.80ms
[477.934s][info][gc,phases   ] GC(695)   Other: 0.12ms
[477.934s][info][gc,heap     ] GC(695) Eden regions: 466->0(468)
[477.934s][info][gc,heap     ] GC(695) Survivor regions: 3->1(59)
[477.934s][info][gc,heap     ] GC(695) Old regions: 44->44
[477.934s][info][gc,heap     ] GC(695) Humongous regions: 207->207
[477.934s][info][gc,metaspace] GC(695) Metaspace: 57605K(57984K)->57605K(57984K) NonClass: 49322K(49600K)->49322K(49600K) Class: 8282K(8384K)->8282K(8384K)
[477.934s][info][gc          ] GC(695) Pause Young (Normal) (G1 Evacuation Pause) 718M->250M(782M) 4.326ms
[477.934s][info][gc,cpu      ] GC(695) User=0.01s Sys=0.00s Real=0.01s
[479.197s][info][gc,start    ] GC(696) Pause Young (Normal) (G1 Evacuation Pause)
[479.197s][info][gc,task     ] GC(696) Using 2 workers of 2 for evacuation
[479.202s][info][gc,phases   ] GC(696)   Pre Evacuate Collection Set: 0.27ms
[479.202s][info][gc,phases   ] GC(696)   Merge Heap Roots: 0.15ms
[479.202s][info][gc,phases   ] GC(696)   Evacuate Collection Set: 3.09ms
[479.202s][info][gc,phases   ] GC(696)   Post Evacuate Collection Set: 0.77ms
[479.202s][info][gc,phases   ] GC(696)   Other: 0.12ms
[479.202s][info][gc,heap     ] GC(696) Eden regions: 468->0(467)
[479.202s][info][gc,heap     ] GC(696) Survivor regions: 1->2(59)
[479.202s][info][gc,heap     ] GC(696) Old regions: 44->44
[479.202s][info][gc,heap     ] GC(696) Humongous regions: 207->207
[479.202s][info][gc,metaspace] GC(696) Metaspace: 57605K(57984K)->57605K(57984K) NonClass: 49322K(49600K)->49322K(49600K) Class: 8282K(8384K)->8282K(8384K)
[479.202s][info][gc          ] GC(696) Pause Young (Normal) (G1 Evacuation Pause) 718M->251M(782M) 4.576ms
[479.202s][info][gc,cpu      ] GC(696) User=0.00s Sys=0.00s Real=0.00s
[480.406s][info][gc,start    ] GC(697) Pause Young (Normal) (G1 Evacuation Pause)
[480.406s][info][gc,task     ] GC(697) Using 2 workers of 2 for evacuation
[480.413s][info][gc,phases   ] GC(697)   Pre Evacuate Collection Set: 0.29ms
[480.413s][info][gc,phases   ] GC(697)   Merge Heap Roots: 0.15ms
[480.413s][info][gc,phases   ] GC(697)   Evacuate Collection Set: 5.01ms
[480.413s][info][gc,phases   ] GC(697)   Post Evacuate Collection Set: 0.79ms
[480.413s][info][gc,phases   ] GC(697)   Other: 0.08ms
[480.413s][info][gc,heap     ] GC(697) Eden regions: 467->0(465)
[480.413s][info][gc,heap     ] GC(697) Survivor regions: 2->4(59)
[480.413s][info][gc,heap     ] GC(697) Old regions: 44->44
[480.413s][info][gc,heap     ] GC(697) Humongous regions: 207->207
[480.413s][info][gc,metaspace] GC(697) Metaspace: 57605K(57984K)->57605K(57984K) NonClass: 49322K(49600K)->49322K(49600K) Class: 8282K(8384K)->8282K(8384K)
[480.413s][info][gc          ] GC(697) Pause Young (Normal) (G1 Evacuation Pause) 718M->253M(782M) 6.525ms
[480.413s][info][gc,cpu      ] GC(697) User=0.01s Sys=0.00s Real=0.00s
[481.717s][info][gc,start    ] GC(698) Pause Young (Normal) (G1 Evacuation Pause)
[481.717s][info][gc,task     ] GC(698) Using 2 workers of 2 for evacuation
[481.722s][info][gc,phases   ] GC(698)   Pre Evacuate Collection Set: 0.29ms
[481.722s][info][gc,phases   ] GC(698)   Merge Heap Roots: 0.15ms
[481.722s][info][gc,phases   ] GC(698)   Evacuate Collection Set: 4.36ms
[481.722s][info][gc,phases   ] GC(698)   Post Evacuate Collection Set: 0.79ms
[481.722s][info][gc,phases   ] GC(698)   Other: 0.11ms
[481.722s][info][gc,heap     ] GC(698) Eden regions: 465->0(466)
[481.722s][info][gc,heap     ] GC(698) Survivor regions: 4->3(59)
[481.722s][info][gc,heap     ] GC(698) Old regions: 44->44
[481.722s][info][gc,heap     ] GC(698) Humongous regions: 207->207
[481.722s][info][gc,metaspace] GC(698) Metaspace: 57605K(57984K)->57605K(57984K) NonClass: 49322K(49600K)->49322K(49600K) Class: 8282K(8384K)->8282K(8384K)
[481.723s][info][gc          ] GC(698) Pause Young (Normal) (G1 Evacuation Pause) 718M->252M(782M) 5.904ms
[481.723s][info][gc,cpu      ] GC(698) User=0.01s Sys=0.00s Real=0.00s
[482.986s][info][gc,start    ] GC(699) Pause Young (Normal) (G1 Evacuation Pause)
[482.986s][info][gc,task     ] GC(699) Using 2 workers of 2 for evacuation
[482.990s][info][gc,phases   ] GC(699)   Pre Evacuate Collection Set: 0.28ms
[482.990s][info][gc,phases   ] GC(699)   Merge Heap Roots: 0.15ms
[482.990s][info][gc,phases   ] GC(699)   Evacuate Collection Set: 2.61ms
[482.990s][info][gc,phases   ] GC(699)   Post Evacuate Collection Set: 0.77ms
[482.990s][info][gc,phases   ] GC(699)   Other: 0.09ms
[482.990s][info][gc,heap     ] GC(699) Eden regions: 466->0(468)
[482.990s][info][gc,heap     ] GC(699) Survivor regions: 3->1(59)
[482.990s][info][gc,heap     ] GC(699) Old regions: 44->44
[482.990s][info][gc,heap     ] GC(699) Humongous regions: 207->207
[482.990s][info][gc,metaspace] GC(699) Metaspace: 57605K(57984K)->57605K(57984K) NonClass: 49322K(49600K)->49322K(49600K) Class: 8282K(8384K)->8282K(8384K)
[482.990s][info][gc          ] GC(699) Pause Young (Normal) (G1 Evacuation Pause) 718M->250M(782M) 4.104ms
[482.990s][info][gc,cpu      ] GC(699) User=0.01s Sys=0.00s Real=0.00s
[483.151s][info][gc,start    ] GC(700) Pause Young (Concurrent Start) (G1 Humongous Allocation)
[483.151s][info][gc,task     ] GC(700) Using 2 workers of 2 for evacuation
[483.155s][info][gc,phases   ] GC(700)   Pre Evacuate Collection Set: 0.36ms
[483.155s][info][gc,phases   ] GC(700)   Merge Heap Roots: 0.08ms
[483.155s][info][gc,phases   ] GC(700)   Evacuate Collection Set: 2.88ms
[483.155s][info][gc,phases   ] GC(700)   Post Evacuate Collection Set: 0.47ms
[483.155s][info][gc,phases   ] GC(700)   Other: 0.14ms
[483.155s][info][gc,heap     ] GC(700) Eden regions: 76->0(468)
[483.155s][info][gc,heap     ] GC(700) Survivor regions: 1->1(59)
[483.155s][info][gc,heap     ] GC(700) Old regions: 44->44
[483.155s][info][gc,heap     ] GC(700) Humongous regions: 207->207
[483.155s][info][gc,metaspace] GC(700) Metaspace: 57607K(57984K)->57607K(57984K) NonClass: 49324K(49600K)->49324K(49600K) Class: 8282K(8384K)->8282K(8384K)
[483.155s][info][gc          ] GC(700) Pause Young (Concurrent Start) (G1 Humongous Allocation) 326M->250M(782M) 4.105ms
[483.155s][info][gc,cpu      ] GC(700) User=0.00s Sys=0.00s Real=0.01s
[483.155s][info][gc          ] GC(701) Concurrent Undo Cycle
[483.155s][info][gc,marking  ] GC(701) Concurrent Clear Claimed Marks
[483.155s][info][gc,marking  ] GC(701) Concurrent Clear Claimed Marks 0.075ms
[483.155s][info][gc,marking  ] GC(701) Concurrent Cleanup for Next Mark
[483.155s][info][gc,marking  ] GC(701) Concurrent Cleanup for Next Mark 0.201ms
[483.155s][info][gc          ] GC(701) Concurrent Undo Cycle 0.344ms
[483.308s][info][gc,start    ] GC(702) Pause Young (Concurrent Start) (G1 Humongous Allocation)
[483.308s][info][gc,task     ] GC(702) Using 2 workers of 2 for evacuation
[483.311s][info][gc,phases   ] GC(702)   Pre Evacuate Collection Set: 0.32ms
[483.311s][info][gc,phases   ] GC(702)   Merge Heap Roots: 0.08ms
[483.311s][info][gc,phases   ] GC(702)   Evacuate Collection Set: 2.00ms
[483.311s][info][gc,phases   ] GC(702)   Post Evacuate Collection Set: 0.41ms
[483.311s][info][gc,phases   ] GC(702)   Other: 0.09ms
[483.311s][info][gc,heap     ] GC(702) Eden regions: 2->0(450)
[483.311s][info][gc,heap     ] GC(702) Survivor regions: 1->1(59)
[483.311s][info][gc,heap     ] GC(702) Old regions: 44->44
[483.311s][info][gc,heap     ] GC(702) Humongous regions: 246->246
[483.311s][info][gc,metaspace] GC(702) Metaspace: 57607K(57984K)->57607K(57984K) NonClass: 49324K(49600K)->49324K(49600K) Class: 8282K(8384K)->8282K(8384K)
[483.311s][info][gc          ] GC(702) Pause Young (Concurrent Start) (G1 Humongous Allocation) 291M->289M(782M) 3.087ms
[483.311s][info][gc,cpu      ] GC(702) User=0.00s Sys=0.00s Real=0.00s
[483.311s][info][gc          ] GC(703) Concurrent Mark Cycle
[483.312s][info][gc,marking  ] GC(703) Concurrent Scan Root Regions
[483.313s][info][gc,marking  ] GC(703) Concurrent Scan Root Regions 1.571ms
[483.313s][info][gc,marking  ] GC(703) Concurrent Mark
[483.313s][info][gc,marking  ] GC(703) Concurrent Mark From Roots
[483.313s][info][gc,task     ] GC(703) Using 1 workers of 1 for marking
[483.357s][info][gc,marking  ] GC(703) Concurrent Mark From Roots 44.146ms
[483.357s][info][gc,marking  ] GC(703) Concurrent Preclean
[483.357s][info][gc,marking  ] GC(703) Concurrent Preclean 0.064ms
[483.358s][info][gc,start    ] GC(703) Pause Remark
[483.368s][info][gc          ] GC(703) Pause Remark 328M->328M(782M) 10.679ms
[483.368s][info][gc,cpu      ] GC(703) User=0.02s Sys=0.00s Real=0.01s
[483.369s][info][gc,marking  ] GC(703) Concurrent Mark 55.806ms
[483.369s][info][gc,marking  ] GC(703) Concurrent Rebuild Remembered Sets and Scrub Regions
[483.386s][info][gc,marking  ] GC(703) Concurrent Rebuild Remembered Sets and Scrub Regions 17.486ms
[483.387s][info][gc,start    ] GC(703) Pause Cleanup
[483.387s][info][gc          ] GC(703) Pause Cleanup 328M->328M(782M) 0.080ms
[483.387s][info][gc,cpu      ] GC(703) User=0.00s Sys=0.00s Real=0.00s
[483.387s][info][gc,marking  ] GC(703) Concurrent Clear Claimed Marks
[483.387s][info][gc,marking  ] GC(703) Concurrent Clear Claimed Marks 0.086ms
[483.387s][info][gc,marking  ] GC(703) Concurrent Cleanup for Next Mark
[483.389s][info][gc,marking  ] GC(703) Concurrent Cleanup for Next Mark 2.405ms
[483.389s][info][gc          ] GC(703) Concurrent Mark Cycle 77.824ms
[486.399s][info][gc,start    ] GC(704) Pause Young (Prepare Mixed) (G1 Evacuation Pause)
[486.400s][info][gc,task     ] GC(704) Using 2 workers of 2 for evacuation
[486.421s][info][gc,phases   ] GC(704)   Pre Evacuate Collection Set: 0.28ms
[486.421s][info][gc,phases   ] GC(704)   Merge Heap Roots: 0.17ms
[486.421s][info][gc,phases   ] GC(704)   Evacuate Collection Set: 20.33ms
[486.421s][info][gc,phases   ] GC(704)   Post Evacuate Collection Set: 0.95ms
[486.421s][info][gc,phases   ] GC(704)   Other: 0.10ms
[486.421s][info][gc,heap     ] GC(704) Eden regions: 374->0(459)
[486.421s][info][gc,heap     ] GC(704) Survivor regions: 1->25(57)
[486.421s][info][gc,heap     ] GC(704) Old regions: 44->44
[486.421s][info][gc,heap     ] GC(704) Humongous regions: 363->207
[486.421s][info][gc,metaspace] GC(704) Metaspace: 57767K(58112K)->57767K(58112K) NonClass: 49485K(49728K)->49485K(49728K) Class: 8282K(8384K)->8282K(8384K)
[486.422s][info][gc          ] GC(704) Pause Young (Prepare Mixed) (G1 Evacuation Pause) 780M->274M(807M) 22.040ms
[486.422s][info][gc,cpu      ] GC(704) User=0.02s Sys=0.02s Real=0.02s
[487.608s][info][gc,start    ] GC(705) Pause Young (Mixed) (G1 Evacuation Pause)
[487.608s][info][gc,task     ] GC(705) Using 2 workers of 2 for evacuation
[487.622s][info][gc,phases   ] GC(705)   Pre Evacuate Collection Set: 0.29ms
[487.623s][info][gc,phases   ] GC(705)   Merge Heap Roots: 0.18ms
[487.623s][info][gc,phases   ] GC(705)   Evacuate Collection Set: 12.94ms
[487.623s][info][gc,phases   ] GC(705)   Post Evacuate Collection Set: 0.96ms
[487.623s][info][gc,phases   ] GC(705)   Other: 0.09ms
[487.623s][info][gc,heap     ] GC(705) Eden regions: 459->0(459)
[487.623s][info][gc,heap     ] GC(705) Survivor regions: 25->25(61)
[487.623s][info][gc,heap     ] GC(705) Old regions: 44->43
[487.623s][info][gc,heap     ] GC(705) Humongous regions: 207->207
[487.623s][info][gc,metaspace] GC(705) Metaspace: 57767K(58112K)->57767K(58112K) NonClass: 49485K(49728K)->49485K(49728K) Class: 8282K(8384K)->8282K(8384K)
[487.623s][info][gc          ] GC(705) Pause Young (Mixed) (G1 Evacuation Pause) 733M->274M(807M) 14.689ms
[487.623s][info][gc,cpu      ] GC(705) User=0.03s Sys=0.00s Real=0.01s
[488.802s][info][gc,start    ] GC(706) Pause Young (Concurrent Start) (G1 Evacuation Pause)
[488.802s][info][gc,task     ] GC(706) Using 2 workers of 2 for evacuation
[488.814s][info][gc,phases   ] GC(706)   Pre Evacuate Collection Set: 0.30ms
[488.814s][info][gc,phases   ] GC(706)   Merge Heap Roots: 0.16ms
[488.814s][info][gc,phases   ] GC(706)   Evacuate Collection Set: 10.29ms
[488.814s][info][gc,phases   ] GC(706)   Post Evacuate Collection Set: 0.92ms
[488.814s][info][gc,phases   ] GC(706)   Other: 0.14ms
[488.814s][info][gc,heap     ] GC(706) Eden regions: 459->0(459)
[488.814s][info][gc,heap     ] GC(706) Survivor regions: 25->25(61)
[488.814s][info][gc,heap     ] GC(706) Old regions: 43->43
[488.814s][info][gc,heap     ] GC(706) Humongous regions: 207->207
[488.814s][info][gc,metaspace] GC(706) Metaspace: 57768K(58112K)->57768K(58112K) NonClass: 49485K(49728K)->49485K(49728K) Class: 8282K(8384K)->8282K(8384K)
[488.814s][info][gc          ] GC(706) Pause Young (Concurrent Start) (G1 Evacuation Pause) 733M->274M(807M) 12.023ms
[488.814s][info][gc          ] GC(707) Concurrent Mark Cycle
[488.814s][info][gc,marking  ] GC(707) Concurrent Scan Root Regions
[488.815s][info][gc,cpu      ] GC(706) User=0.02s Sys=0.00s Real=0.02s
[488.827s][info][gc,marking  ] GC(707) Concurrent Scan Root Regions 13.097ms
[488.827s][info][gc,marking  ] GC(707) Concurrent Mark
[488.827s][info][gc,marking  ] GC(707) Concurrent Mark From Roots
[488.827s][info][gc,task     ] GC(707) Using 1 workers of 1 for marking
[488.873s][info][gc,marking  ] GC(707) Concurrent Mark From Roots 45.385ms
[488.873s][info][gc,marking  ] GC(707) Concurrent Preclean
[488.873s][info][gc,marking  ] GC(707) Concurrent Preclean 0.060ms
[488.873s][info][gc,start    ] GC(707) Pause Remark
[488.899s][info][gc          ] GC(707) Pause Remark 286M->286M(807M) 26.076ms
[488.899s][info][gc,cpu      ] GC(707) User=0.02s Sys=0.00s Real=0.03s
[488.901s][info][gc,marking  ] GC(707) Concurrent Mark 73.484ms
[488.901s][info][gc,marking  ] GC(707) Concurrent Rebuild Remembered Sets and Scrub Regions
[488.925s][info][gc,marking  ] GC(707) Concurrent Rebuild Remembered Sets and Scrub Regions 24.261ms
[488.925s][info][gc,start    ] GC(707) Pause Cleanup
[488.925s][info][gc          ] GC(707) Pause Cleanup 286M->286M(807M) 0.068ms
[488.925s][info][gc,cpu      ] GC(707) User=0.00s Sys=0.00s Real=0.00s
[488.925s][info][gc,marking  ] GC(707) Concurrent Clear Claimed Marks
[488.925s][info][gc,marking  ] GC(707) Concurrent Clear Claimed Marks 0.085ms
[488.926s][info][gc,marking  ] GC(707) Concurrent Cleanup for Next Mark
[488.928s][info][gc,marking  ] GC(707) Concurrent Cleanup for Next Mark 2.943ms
[488.928s][info][gc          ] GC(707) Concurrent Mark Cycle 114.202ms
[490.010s][info][gc,start    ] GC(708) Pause Young (Prepare Mixed) (G1 Evacuation Pause)
[490.010s][info][gc,task     ] GC(708) Using 2 workers of 2 for evacuation
[490.021s][info][gc,phases   ] GC(708)   Pre Evacuate Collection Set: 0.28ms
[490.021s][info][gc,phases   ] GC(708)   Merge Heap Roots: 0.19ms
[490.021s][info][gc,phases   ] GC(708)   Evacuate Collection Set: 9.37ms
[490.021s][info][gc,phases   ] GC(708)   Post Evacuate Collection Set: 0.91ms
[490.021s][info][gc,phases   ] GC(708)   Other: 0.11ms
[490.021s][info][gc,heap     ] GC(708) Eden regions: 459->0(459)
[490.021s][info][gc,heap     ] GC(708) Survivor regions: 25->25(61)
[490.021s][info][gc,heap     ] GC(708) Old regions: 43->43
[490.021s][info][gc,heap     ] GC(708) Humongous regions: 207->207
[490.021s][info][gc,metaspace] GC(708) Metaspace: 57768K(58112K)->57768K(58112K) NonClass: 49485K(49728K)->49485K(49728K) Class: 8282K(8384K)->8282K(8384K)
[490.021s][info][gc          ] GC(708) Pause Young (Prepare Mixed) (G1 Evacuation Pause) 733M->274M(807M) 11.057ms
[490.021s][info][gc,cpu      ] GC(708) User=0.02s Sys=0.00s Real=0.01s
[491.207s][info][gc,start    ] GC(709) Pause Young (Mixed) (G1 Evacuation Pause)
[491.207s][info][gc,task     ] GC(709) Using 2 workers of 2 for evacuation
[491.221s][info][gc,phases   ] GC(709)   Pre Evacuate Collection Set: 0.29ms
[491.221s][info][gc,phases   ] GC(709)   Merge Heap Roots: 0.19ms
[491.221s][info][gc,phases   ] GC(709)   Evacuate Collection Set: 12.30ms
[491.221s][info][gc,phases   ] GC(709)   Post Evacuate Collection Set: 0.95ms
[491.221s][info][gc,phases   ] GC(709)   Other: 0.09ms
[491.221s][info][gc,heap     ] GC(709) Eden regions: 459->0(460)
[491.221s][info][gc,heap     ] GC(709) Survivor regions: 25->24(61)
[491.221s][info][gc,heap     ] GC(709) Old regions: 43->42
[491.221s][info][gc,heap     ] GC(709) Humongous regions: 207->207
[491.221s][info][gc,metaspace] GC(709) Metaspace: 57768K(58112K)->57768K(58112K) NonClass: 49485K(49728K)->49485K(49728K) Class: 8282K(8384K)->8282K(8384K)
[491.221s][info][gc          ] GC(709) Pause Young (Mixed) (G1 Evacuation Pause) 733M->272M(807M) 14.027ms
[491.221s][info][gc,cpu      ] GC(709) User=0.03s Sys=0.00s Real=0.01s
[492.416s][info][gc,start    ] GC(710) Pause Young (Concurrent Start) (G1 Evacuation Pause)
[492.416s][info][gc,task     ] GC(710) Using 2 workers of 2 for evacuation
[492.429s][info][gc,phases   ] GC(710)   Pre Evacuate Collection Set: 0.33ms
[492.429s][info][gc,phases   ] GC(710)   Merge Heap Roots: 0.17ms
[492.429s][info][gc,phases   ] GC(710)   Evacuate Collection Set: 11.58ms
[492.429s][info][gc,phases   ] GC(710)   Post Evacuate Collection Set: 0.95ms
[492.429s][info][gc,phases   ] GC(710)   Other: 0.11ms
[492.429s][info][gc,heap     ] GC(710) Eden regions: 460->0(458)
[492.429s][info][gc,heap     ] GC(710) Survivor regions: 24->26(61)
[492.429s][info][gc,heap     ] GC(710) Old regions: 42->42
[492.429s][info][gc,heap     ] GC(710) Humongous regions: 207->207
[492.429s][info][gc,metaspace] GC(710) Metaspace: 57768K(58112K)->57768K(58112K) NonClass: 49485K(49728K)->49485K(49728K) Class: 8282K(8384K)->8282K(8384K)
[492.429s][info][gc          ] GC(710) Pause Young (Concurrent Start) (G1 Evacuation Pause) 732M->274M(807M) 13.380ms
[492.429s][info][gc          ] GC(711) Concurrent Mark Cycle
[492.429s][info][gc,cpu      ] GC(710) User=0.02s Sys=0.00s Real=0.01s
[492.429s][info][gc,marking  ] GC(711) Concurrent Scan Root Regions
[492.440s][info][gc,marking  ] GC(711) Concurrent Scan Root Regions 10.635ms
[492.440s][info][gc,marking  ] GC(711) Concurrent Mark
[492.440s][info][gc,marking  ] GC(711) Concurrent Mark From Roots
[492.440s][info][gc,task     ] GC(711) Using 1 workers of 1 for marking
[492.487s][info][gc,marking  ] GC(711) Concurrent Mark From Roots 46.983ms
[492.487s][info][gc,marking  ] GC(711) Concurrent Preclean
[492.487s][info][gc,marking  ] GC(711) Concurrent Preclean 0.056ms
[492.488s][info][gc,start    ] GC(711) Pause Remark
[492.500s][info][gc          ] GC(711) Pause Remark 292M->292M(807M) 11.661ms
[492.500s][info][gc,cpu      ] GC(711) User=0.03s Sys=0.00s Real=0.01s
[492.500s][info][gc,marking  ] GC(711) Concurrent Mark 60.088ms
[492.500s][info][gc,marking  ] GC(711) Concurrent Rebuild Remembered Sets and Scrub Regions
[492.517s][info][gc,marking  ] GC(711) Concurrent Rebuild Remembered Sets and Scrub Regions 17.078ms
[492.517s][info][gc,start    ] GC(711) Pause Cleanup
[492.517s][info][gc          ] GC(711) Pause Cleanup 300M->300M(807M) 0.080ms
[492.517s][info][gc,cpu      ] GC(711) User=0.00s Sys=0.00s Real=0.00s
[492.518s][info][gc,marking  ] GC(711) Concurrent Clear Claimed Marks
[492.518s][info][gc,marking  ] GC(711) Concurrent Clear Claimed Marks 0.119ms
[492.518s][info][gc,marking  ] GC(711) Concurrent Cleanup for Next Mark
[492.520s][info][gc,marking  ] GC(711) Concurrent Cleanup for Next Mark 2.416ms
[492.520s][info][gc          ] GC(711) Concurrent Mark Cycle 91.479ms
[493.746s][info][gc,start    ] GC(712) Pause Young (Prepare Mixed) (G1 Evacuation Pause)
[493.746s][info][gc,task     ] GC(712) Using 2 workers of 2 for evacuation
[493.755s][info][gc,phases   ] GC(712)   Pre Evacuate Collection Set: 0.30ms
[493.755s][info][gc,phases   ] GC(712)   Merge Heap Roots: 0.17ms
[493.755s][info][gc,phases   ] GC(712)   Evacuate Collection Set: 8.03ms
[493.755s][info][gc,phases   ] GC(712)   Post Evacuate Collection Set: 0.91ms
[493.755s][info][gc,phases   ] GC(712)   Other: 0.09ms
[493.755s][info][gc,heap     ] GC(712) Eden regions: 458->0(460)
[493.755s][info][gc,heap     ] GC(712) Survivor regions: 26->24(61)
[493.755s][info][gc,heap     ] GC(712) Old regions: 42->43
[493.755s][info][gc,heap     ] GC(712) Humongous regions: 207->207
[493.755s][info][gc,metaspace] GC(712) Metaspace: 57768K(58112K)->57768K(58112K) NonClass: 49485K(49728K)->49485K(49728K) Class: 8282K(8384K)->8282K(8384K)
[493.755s][info][gc          ] GC(712) Pause Young (Prepare Mixed) (G1 Evacuation Pause) 732M->272M(807M) 9.714ms
[493.755s][info][gc,cpu      ] GC(712) User=0.02s Sys=0.00s Real=0.01s
[494.916s][info][gc,start    ] GC(713) Pause Young (Mixed) (G1 Evacuation Pause)
[494.916s][info][gc,task     ] GC(713) Using 2 workers of 2 for evacuation
[494.929s][info][gc,phases   ] GC(713)   Pre Evacuate Collection Set: 0.29ms
[494.929s][info][gc,phases   ] GC(713)   Merge Heap Roots: 0.15ms
[494.929s][info][gc,phases   ] GC(713)   Evacuate Collection Set: 11.03ms
[494.929s][info][gc,phases   ] GC(713)   Post Evacuate Collection Set: 0.92ms
[494.929s][info][gc,phases   ] GC(713)   Other: 0.12ms
[494.929s][info][gc,heap     ] GC(713) Eden regions: 460->0(459)
[494.929s][info][gc,heap     ] GC(713) Survivor regions: 24->25(61)
[494.929s][info][gc,heap     ] GC(713) Old regions: 43->42
[494.929s][info][gc,heap     ] GC(713) Humongous regions: 207->207
[494.929s][info][gc,metaspace] GC(713) Metaspace: 57768K(58112K)->57768K(58112K) NonClass: 49485K(49728K)->49485K(49728K) Class: 8282K(8384K)->8282K(8384K)
[494.929s][info][gc          ] GC(713) Pause Young (Mixed) (G1 Evacuation Pause) 732M->273M(807M) 12.740ms
[494.929s][info][gc,cpu      ] GC(713) User=0.02s Sys=0.00s Real=0.01s
[496.116s][info][gc,start    ] GC(714) Pause Young (Concurrent Start) (G1 Evacuation Pause)
[496.116s][info][gc,task     ] GC(714) Using 2 workers of 2 for evacuation
[496.128s][info][gc,phases   ] GC(714)   Pre Evacuate Collection Set: 0.32ms
[496.128s][info][gc,phases   ] GC(714)   Merge Heap Roots: 0.14ms
[496.128s][info][gc,phases   ] GC(714)   Evacuate Collection Set: 10.61ms
[496.128s][info][gc,phases   ] GC(714)   Post Evacuate Collection Set: 0.89ms
[496.128s][info][gc,phases   ] GC(714)   Other: 0.13ms
[496.128s][info][gc,heap     ] GC(714) Eden regions: 459->0(459)
[496.128s][info][gc,heap     ] GC(714) Survivor regions: 25->25(61)
[496.128s][info][gc,heap     ] GC(714) Old regions: 42->42
[496.128s][info][gc,heap     ] GC(714) Humongous regions: 207->207
[496.128s][info][gc,metaspace] GC(714) Metaspace: 57768K(58112K)->57768K(58112K) NonClass: 49485K(49728K)->49485K(49728K) Class: 8282K(8384K)->8282K(8384K)
[496.128s][info][gc          ] GC(714) Pause Young (Concurrent Start) (G1 Evacuation Pause) 732M->273M(807M) 12.283ms
[496.128s][info][gc,cpu      ] GC(714) User=0.02s Sys=0.00s Real=0.01s
[496.128s][info][gc          ] GC(715) Concurrent Mark Cycle
[496.131s][info][gc,marking  ] GC(715) Concurrent Scan Root Regions
[496.142s][info][gc,marking  ] GC(715) Concurrent Scan Root Regions 10.659ms
[496.142s][info][gc,marking  ] GC(715) Concurrent Mark
[496.142s][info][gc,marking  ] GC(715) Concurrent Mark From Roots
[496.142s][info][gc,task     ] GC(715) Using 1 workers of 1 for marking
[496.183s][info][gc,marking  ] GC(715) Concurrent Mark From Roots 41.101ms
[496.183s][info][gc,marking  ] GC(715) Concurrent Preclean
[496.183s][info][gc,marking  ] GC(715) Concurrent Preclean 0.062ms
[496.183s][info][gc,start    ] GC(715) Pause Remark
[496.194s][info][gc          ] GC(715) Pause Remark 289M->289M(807M) 10.986ms
[496.194s][info][gc,cpu      ] GC(715) User=0.02s Sys=0.00s Real=0.02s
[496.194s][info][gc,marking  ] GC(715) Concurrent Mark 52.672ms
[496.194s][info][gc,marking  ] GC(715) Concurrent Rebuild Remembered Sets and Scrub Regions
[496.211s][info][gc,marking  ] GC(715) Concurrent Rebuild Remembered Sets and Scrub Regions 17.006ms
[496.211s][info][gc,start    ] GC(715) Pause Cleanup
[496.212s][info][gc          ] GC(715) Pause Cleanup 298M->298M(807M) 0.077ms
[496.212s][info][gc,cpu      ] GC(715) User=0.00s Sys=0.00s Real=0.00s
[496.212s][info][gc,marking  ] GC(715) Concurrent Clear Claimed Marks
[496.212s][info][gc,marking  ] GC(715) Concurrent Clear Claimed Marks 0.087ms
[496.212s][info][gc,marking  ] GC(715) Concurrent Cleanup for Next Mark
[496.214s][info][gc,marking  ] GC(715) Concurrent Cleanup for Next Mark 2.573ms
[496.214s][info][gc          ] GC(715) Concurrent Mark Cycle 85.953ms
[497.314s][info][gc,start    ] GC(716) Pause Young (Prepare Mixed) (G1 Evacuation Pause)
[497.314s][info][gc,task     ] GC(716) Using 2 workers of 2 for evacuation
[497.325s][info][gc,phases   ] GC(716)   Pre Evacuate Collection Set: 0.30ms
[497.325s][info][gc,phases   ] GC(716)   Merge Heap Roots: 0.19ms
[497.325s][info][gc,phases   ] GC(716)   Evacuate Collection Set: 9.36ms
[497.325s][info][gc,phases   ] GC(716)   Post Evacuate Collection Set: 0.91ms
[497.325s][info][gc,phases   ] GC(716)   Other: 0.09ms
[497.325s][info][gc,heap     ] GC(716) Eden regions: 459->0(459)
[497.325s][info][gc,heap     ] GC(716) Survivor regions: 25->25(61)
[497.325s][info][gc,heap     ] GC(716) Old regions: 42->42
[497.325s][info][gc,heap     ] GC(716) Humongous regions: 207->207
[497.325s][info][gc,metaspace] GC(716) Metaspace: 57768K(58112K)->57768K(58112K) NonClass: 49485K(49728K)->49485K(49728K) Class: 8282K(8384K)->8282K(8384K)
[497.325s][info][gc          ] GC(716) Pause Young (Prepare Mixed) (G1 Evacuation Pause) 732M->273M(807M) 11.065ms
[497.325s][info][gc,cpu      ] GC(716) User=0.02s Sys=0.00s Real=0.02s
[498.513s][info][gc,start    ] GC(717) Pause Young (Mixed) (G1 Evacuation Pause)
[498.513s][info][gc,task     ] GC(717) Using 2 workers of 2 for evacuation
[498.524s][info][gc,phases   ] GC(717)   Pre Evacuate Collection Set: 0.28ms
[498.525s][info][gc,phases   ] GC(717)   Merge Heap Roots: 0.17ms
[498.525s][info][gc,phases   ] GC(717)   Evacuate Collection Set: 9.93ms
[498.525s][info][gc,phases   ] GC(717)   Post Evacuate Collection Set: 0.88ms
[498.525s][info][gc,phases   ] GC(717)   Other: 0.09ms
[498.525s][info][gc,heap     ] GC(717) Eden regions: 459->0(459)
[498.525s][info][gc,heap     ] GC(717) Survivor regions: 25->25(61)
[498.525s][info][gc,heap     ] GC(717) Old regions: 42->42
[498.525s][info][gc,heap     ] GC(717) Humongous regions: 207->207
[498.525s][info][gc,metaspace] GC(717) Metaspace: 57768K(58112K)->57768K(58112K) NonClass: 49485K(49728K)->49485K(49728K) Class: 8282K(8384K)->8282K(8384K)
[498.525s][info][gc          ] GC(717) Pause Young (Mixed) (G1 Evacuation Pause) 732M->273M(807M) 11.575ms
[498.525s][info][gc,cpu      ] GC(717) User=0.02s Sys=0.00s Real=0.02s
[499.712s][info][gc,start    ] GC(718) Pause Young (Concurrent Start) (G1 Evacuation Pause)
[499.712s][info][gc,task     ] GC(718) Using 2 workers of 2 for evacuation
[499.724s][info][gc,phases   ] GC(718)   Pre Evacuate Collection Set: 0.37ms
[499.724s][info][gc,phases   ] GC(718)   Merge Heap Roots: 0.14ms
[499.724s][info][gc,phases   ] GC(718)   Evacuate Collection Set: 10.48ms
[499.724s][info][gc,phases   ] GC(718)   Post Evacuate Collection Set: 0.93ms
[499.724s][info][gc,phases   ] GC(718)   Other: 0.12ms
[499.724s][info][gc,heap     ] GC(718) Eden regions: 459->0(459)
[499.724s][info][gc,heap     ] GC(718) Survivor regions: 25->25(61)
[499.724s][info][gc,heap     ] GC(718) Old regions: 42->42
[499.724s][info][gc,heap     ] GC(718) Humongous regions: 207->207
[499.724s][info][gc,metaspace] GC(718) Metaspace: 57768K(58112K)->57768K(58112K) NonClass: 49485K(49728K)->49485K(49728K) Class: 8282K(8384K)->8282K(8384K)
[499.724s][info][gc          ] GC(718) Pause Young (Concurrent Start) (G1 Evacuation Pause) 732M->273M(807M) 12.245ms
[499.724s][info][gc,cpu      ] GC(718) User=0.02s Sys=0.00s Real=0.02s
[499.724s][info][gc          ] GC(719) Concurrent Mark Cycle
[499.724s][info][gc,marking  ] GC(719) Concurrent Scan Root Regions
[499.735s][info][gc,marking  ] GC(719) Concurrent Scan Root Regions 10.414ms
[499.735s][info][gc,marking  ] GC(719) Concurrent Mark
[499.735s][info][gc,marking  ] GC(719) Concurrent Mark From Roots
[499.735s][info][gc,task     ] GC(719) Using 1 workers of 1 for marking
[499.775s][info][gc,marking  ] GC(719) Concurrent Mark From Roots 40.058ms
[499.775s][info][gc,marking  ] GC(719) Concurrent Preclean
[499.775s][info][gc,marking  ] GC(719) Concurrent Preclean 0.055ms
[499.775s][info][gc,start    ] GC(719) Pause Remark
[499.787s][info][gc          ] GC(719) Pause Remark 288M->288M(807M) 11.315ms
[499.787s][info][gc,cpu      ] GC(719) User=0.02s Sys=0.00s Real=0.01s
[499.788s][info][gc,marking  ] GC(719) Concurrent Mark 53.356ms
[499.788s][info][gc,marking  ] GC(719) Concurrent Rebuild Remembered Sets and Scrub Regions
[499.820s][info][gc,marking  ] GC(719) Concurrent Rebuild Remembered Sets and Scrub Regions 32.095ms
[499.821s][info][gc,start    ] GC(719) Pause Cleanup
[499.821s][info][gc          ] GC(719) Pause Cleanup 307M->307M(807M) 0.080ms
[499.821s][info][gc,cpu      ] GC(719) User=0.00s Sys=0.00s Real=0.00s
[499.821s][info][gc,marking  ] GC(719) Concurrent Clear Claimed Marks
[499.821s][info][gc,marking  ] GC(719) Concurrent Clear Claimed Marks 0.109ms
[499.821s][info][gc,marking  ] GC(719) Concurrent Cleanup for Next Mark
[499.823s][info][gc,marking  ] GC(719) Concurrent Cleanup for Next Mark 2.383ms
[499.823s][info][gc          ] GC(719) Concurrent Mark Cycle 98.858ms
[500.916s][info][gc,start    ] GC(720) Pause Young (Prepare Mixed) (G1 Evacuation Pause)
[500.916s][info][gc,task     ] GC(720) Using 2 workers of 2 for evacuation
[500.927s][info][gc,phases   ] GC(720)   Pre Evacuate Collection Set: 0.30ms
[500.927s][info][gc,phases   ] GC(720)   Merge Heap Roots: 0.17ms
[500.927s][info][gc,phases   ] GC(720)   Evacuate Collection Set: 10.31ms
[500.927s][info][gc,phases   ] GC(720)   Post Evacuate Collection Set: 0.89ms
[500.927s][info][gc,phases   ] GC(720)   Other: 0.09ms
[500.928s][info][gc,heap     ] GC(720) Eden regions: 459->0(459)
[500.928s][info][gc,heap     ] GC(720) Survivor regions: 25->25(61)
[500.928s][info][gc,heap     ] GC(720) Old regions: 42->42
[500.928s][info][gc,heap     ] GC(720) Humongous regions: 207->207
[500.928s][info][gc,metaspace] GC(720) Metaspace: 57768K(58112K)->57768K(58112K) NonClass: 49485K(49728K)->49485K(49728K) Class: 8282K(8384K)->8282K(8384K)
[500.928s][info][gc          ] GC(720) Pause Young (Prepare Mixed) (G1 Evacuation Pause) 732M->273M(807M) 11.981ms
[500.928s][info][gc,cpu      ] GC(720) User=0.02s Sys=0.00s Real=0.01s
[502.117s][info][gc,start    ] GC(721) Pause Young (Mixed) (G1 Evacuation Pause)
[502.117s][info][gc,task     ] GC(721) Using 2 workers of 2 for evacuation
[502.129s][info][gc,phases   ] GC(721)   Pre Evacuate Collection Set: 0.29ms
[502.129s][info][gc,phases   ] GC(721)   Merge Heap Roots: 0.17ms
[502.129s][info][gc,phases   ] GC(721)   Evacuate Collection Set: 10.59ms
[502.129s][info][gc,phases   ] GC(721)   Post Evacuate Collection Set: 0.91ms
[502.129s][info][gc,phases   ] GC(721)   Other: 0.09ms
[502.129s][info][gc,heap     ] GC(721) Eden regions: 459->0(459)
[502.129s][info][gc,heap     ] GC(721) Survivor regions: 25->25(61)
[502.129s][info][gc,heap     ] GC(721) Old regions: 42->42
[502.129s][info][gc,heap     ] GC(721) Humongous regions: 207->207
[502.129s][info][gc,metaspace] GC(721) Metaspace: 57768K(58112K)->57768K(58112K) NonClass: 49485K(49728K)->49485K(49728K) Class: 8282K(8384K)->8282K(8384K)
[502.129s][info][gc          ] GC(721) Pause Young (Mixed) (G1 Evacuation Pause) 732M->272M(807M) 12.251ms
[502.129s][info][gc,cpu      ] GC(721) User=0.02s Sys=0.00s Real=0.01s
[503.382s][info][gc,start    ] GC(722) Pause Young (Concurrent Start) (G1 Evacuation Pause)
[503.382s][info][gc,task     ] GC(722) Using 2 workers of 2 for evacuation
[503.394s][info][gc,phases   ] GC(722)   Pre Evacuate Collection Set: 0.30ms
[503.394s][info][gc,phases   ] GC(722)   Merge Heap Roots: 0.14ms
[503.394s][info][gc,phases   ] GC(722)   Evacuate Collection Set: 10.37ms
[503.394s][info][gc,phases   ] GC(722)   Post Evacuate Collection Set: 0.90ms
[503.394s][info][gc,phases   ] GC(722)   Other: 0.10ms
[503.394s][info][gc,heap     ] GC(722) Eden regions: 459->0(459)
[503.394s][info][gc,heap     ] GC(722) Survivor regions: 25->25(61)
[503.394s][info][gc,heap     ] GC(722) Old regions: 42->42
[503.394s][info][gc,heap     ] GC(722) Humongous regions: 207->207
[503.394s][info][gc,metaspace] GC(722) Metaspace: 57768K(58112K)->57768K(58112K) NonClass: 49485K(49728K)->49485K(49728K) Class: 8282K(8384K)->8282K(8384K)
[503.394s][info][gc          ] GC(722) Pause Young (Concurrent Start) (G1 Evacuation Pause) 731M->272M(807M) 12.010ms
[503.394s][info][gc,cpu      ] GC(722) User=0.02s Sys=0.00s Real=0.02s
[503.394s][info][gc          ] GC(723) Concurrent Mark Cycle
[503.394s][info][gc,marking  ] GC(723) Concurrent Scan Root Regions
[503.404s][info][gc,marking  ] GC(723) Concurrent Scan Root Regions 9.818ms
[503.404s][info][gc,marking  ] GC(723) Concurrent Mark
[503.404s][info][gc,marking  ] GC(723) Concurrent Mark From Roots
[503.404s][info][gc,task     ] GC(723) Using 1 workers of 1 for marking
[503.479s][info][gc,marking  ] GC(723) Concurrent Mark From Roots 75.099ms
[503.479s][info][gc,marking  ] GC(723) Concurrent Preclean
[503.479s][info][gc,marking  ] GC(723) Concurrent Preclean 0.060ms
[503.479s][info][gc,start    ] GC(723) Pause Remark
[503.501s][info][gc          ] GC(723) Pause Remark 316M->311M(807M) 21.468ms
[503.501s][info][gc,cpu      ] GC(723) User=0.02s Sys=0.00s Real=0.02s
[503.503s][info][gc,marking  ] GC(723) Concurrent Mark 99.133ms
[503.503s][info][gc,marking  ] GC(723) Concurrent Rebuild Remembered Sets and Scrub Regions
[503.534s][info][gc,marking  ] GC(723) Concurrent Rebuild Remembered Sets and Scrub Regions 31.177ms
[503.535s][info][gc,start    ] GC(723) Pause Cleanup
[503.535s][info][gc          ] GC(723) Pause Cleanup 330M->330M(807M) 0.092ms
[503.535s][info][gc,cpu      ] GC(723) User=0.00s Sys=0.00s Real=0.00s
[503.536s][info][gc,marking  ] GC(723) Concurrent Clear Claimed Marks
[503.536s][info][gc,marking  ] GC(723) Concurrent Clear Claimed Marks 0.106ms
[503.536s][info][gc,marking  ] GC(723) Concurrent Cleanup for Next Mark
[503.549s][info][gc,marking  ] GC(723) Concurrent Cleanup for Next Mark 13.093ms
[503.549s][info][gc          ] GC(723) Concurrent Mark Cycle 154.819ms
[504.674s][info][gc,start    ] GC(724) Pause Young (Prepare Mixed) (G1 Evacuation Pause)
[504.674s][info][gc,task     ] GC(724) Using 2 workers of 2 for evacuation
[504.691s][info][gc,phases   ] GC(724)   Pre Evacuate Collection Set: 0.47ms
[504.691s][info][gc,phases   ] GC(724)   Merge Heap Roots: 0.17ms
[504.691s][info][gc,phases   ] GC(724)   Evacuate Collection Set: 15.55ms
[504.691s][info][gc,phases   ] GC(724)   Post Evacuate Collection Set: 1.28ms
[504.691s][info][gc,phases   ] GC(724)   Other: 0.09ms
[504.691s][info][gc,heap     ] GC(724) Eden regions: 459->0(483)
[504.691s][info][gc,heap     ] GC(724) Survivor regions: 25->1(61)
[504.691s][info][gc,heap     ] GC(724) Old regions: 37->59
[504.691s][info][gc,heap     ] GC(724) Humongous regions: 207->207
[504.691s][info][gc,metaspace] GC(724) Metaspace: 57768K(58112K)->57768K(58112K) NonClass: 49485K(49728K)->49485K(49728K) Class: 8282K(8384K)->8282K(8384K)
[504.691s][info][gc          ] GC(724) Pause Young (Prepare Mixed) (G1 Evacuation Pause) 726M->266M(807M) 17.758ms
[504.691s][info][gc,cpu      ] GC(724) User=0.02s Sys=0.01s Real=0.02s
[505.909s][info][gc,start    ] GC(725) Pause Young (Mixed) (G1 Evacuation Pause)
[505.909s][info][gc,task     ] GC(725) Using 2 workers of 2 for evacuation
[505.916s][info][gc,phases   ] GC(725)   Pre Evacuate Collection Set: 0.49ms
[505.916s][info][gc,phases   ] GC(725)   Merge Heap Roots: 0.15ms
[505.916s][info][gc,phases   ] GC(725)   Evacuate Collection Set: 5.44ms
[505.916s][info][gc,phases   ] GC(725)   Post Evacuate Collection Set: 0.81ms
[505.916s][info][gc,phases   ] GC(725)   Other: 0.10ms
[505.916s][info][gc,heap     ] GC(725) Eden regions: 483->0(481)
[505.916s][info][gc,heap     ] GC(725) Survivor regions: 1->3(61)
[505.916s][info][gc,heap     ] GC(725) Old regions: 59->56
[505.916s][info][gc,heap     ] GC(725) Humongous regions: 207->207
[505.916s][info][gc,metaspace] GC(725) Metaspace: 57768K(58112K)->57768K(58112K) NonClass: 49485K(49728K)->49485K(49728K) Class: 8282K(8384K)->8282K(8384K)
[505.916s][info][gc          ] GC(725) Pause Young (Mixed) (G1 Evacuation Pause) 749M->265M(807M) 7.163ms
[505.916s][info][gc,cpu      ] GC(725) User=0.01s Sys=0.00s Real=0.01s
[507.191s][info][gc,start    ] GC(726) Pause Young (Concurrent Start) (G1 Evacuation Pause)
[507.191s][info][gc,task     ] GC(726) Using 2 workers of 2 for evacuation
[507.196s][info][gc,phases   ] GC(726)   Pre Evacuate Collection Set: 0.30ms
[507.196s][info][gc,phases   ] GC(726)   Merge Heap Roots: 0.14ms
[507.196s][info][gc,phases   ] GC(726)   Evacuate Collection Set: 3.28ms
[507.196s][info][gc,phases   ] GC(726)   Post Evacuate Collection Set: 0.81ms
[507.196s][info][gc,phases   ] GC(726)   Other: 0.13ms
[507.196s][info][gc,heap     ] GC(726) Eden regions: 481->0(482)
[507.196s][info][gc,heap     ] GC(726) Survivor regions: 3->2(61)
[507.196s][info][gc,heap     ] GC(726) Old regions: 56->56
[507.196s][info][gc,heap     ] GC(726) Humongous regions: 207->207
[507.196s][info][gc,metaspace] GC(726) Metaspace: 57768K(58112K)->57768K(58112K) NonClass: 49485K(49728K)->49485K(49728K) Class: 8282K(8384K)->8282K(8384K)
[507.196s][info][gc          ] GC(726) Pause Young (Concurrent Start) (G1 Evacuation Pause) 746M->264M(807M) 4.843ms
[507.196s][info][gc,cpu      ] GC(726) User=0.01s Sys=0.00s Real=0.01s
[507.196s][info][gc          ] GC(727) Concurrent Mark Cycle
[507.197s][info][gc,marking  ] GC(727) Concurrent Scan Root Regions
[507.202s][info][gc,marking  ] GC(727) Concurrent Scan Root Regions 4.765ms
[507.202s][info][gc,marking  ] GC(727) Concurrent Mark
[507.202s][info][gc,marking  ] GC(727) Concurrent Mark From Roots
[507.202s][info][gc,task     ] GC(727) Using 1 workers of 1 for marking
[507.260s][info][gc,marking  ] GC(727) Concurrent Mark From Roots 58.056ms
[507.260s][info][gc,marking  ] GC(727) Concurrent Preclean
[507.260s][info][gc,marking  ] GC(727) Concurrent Preclean 0.071ms
[507.260s][info][gc,start    ] GC(727) Pause Remark
[507.271s][info][gc          ] GC(727) Pause Remark 297M->297M(807M) 11.327ms
[507.271s][info][gc,cpu      ] GC(727) User=0.02s Sys=0.00s Real=0.01s
[507.272s][info][gc,marking  ] GC(727) Concurrent Mark 69.690ms
[507.272s][info][gc,marking  ] GC(727) Concurrent Rebuild Remembered Sets and Scrub Regions
[507.289s][info][gc,marking  ] GC(727) Concurrent Rebuild Remembered Sets and Scrub Regions 17.154ms
[507.289s][info][gc,start    ] GC(727) Pause Cleanup
[507.289s][info][gc          ] GC(727) Pause Cleanup 301M->301M(807M) 0.070ms
[507.289s][info][gc,cpu      ] GC(727) User=0.00s Sys=0.00s Real=0.00s
[507.289s][info][gc,marking  ] GC(727) Concurrent Clear Claimed Marks
[507.289s][info][gc,marking  ] GC(727) Concurrent Clear Claimed Marks 0.083ms
[507.289s][info][gc,marking  ] GC(727) Concurrent Cleanup for Next Mark
[507.291s][info][gc,marking  ] GC(727) Concurrent Cleanup for Next Mark 2.339ms
[507.292s][info][gc          ] GC(727) Concurrent Mark Cycle 95.816ms
[508.422s][info][gc,start    ] GC(728) Pause Young (Prepare Mixed) (G1 Evacuation Pause)
[508.422s][info][gc,task     ] GC(728) Using 2 workers of 2 for evacuation
[508.427s][info][gc,phases   ] GC(728)   Pre Evacuate Collection Set: 0.27ms
[508.427s][info][gc,phases   ] GC(728)   Merge Heap Roots: 0.17ms
[508.427s][info][gc,phases   ] GC(728)   Evacuate Collection Set: 4.08ms
[508.427s][info][gc,phases   ] GC(728)   Post Evacuate Collection Set: 0.79ms
[508.427s][info][gc,phases   ] GC(728)   Other: 0.10ms
[508.427s][info][gc,heap     ] GC(728) Eden regions: 482->0(482)
[508.427s][info][gc,heap     ] GC(728) Survivor regions: 2->2(61)
[508.427s][info][gc,heap     ] GC(728) Old regions: 56->56
[508.427s][info][gc,heap     ] GC(728) Humongous regions: 207->207
[508.427s][info][gc,metaspace] GC(728) Metaspace: 57768K(58112K)->57768K(58112K) NonClass: 49485K(49728K)->49485K(49728K) Class: 8282K(8384K)->8282K(8384K)
[508.427s][info][gc          ] GC(728) Pause Young (Prepare Mixed) (G1 Evacuation Pause) 746M->264M(807M) 5.595ms
[508.427s][info][gc,cpu      ] GC(728) User=0.01s Sys=0.00s Real=0.01s
[509.702s][info][gc,start    ] GC(729) Pause Young (Mixed) (G1 Evacuation Pause)
[509.702s][info][gc,task     ] GC(729) Using 2 workers of 2 for evacuation
[509.710s][info][gc,phases   ] GC(729)   Pre Evacuate Collection Set: 0.44ms
[509.710s][info][gc,phases   ] GC(729)   Merge Heap Roots: 0.16ms
[509.710s][info][gc,phases   ] GC(729)   Evacuate Collection Set: 5.94ms
[509.710s][info][gc,phases   ] GC(729)   Post Evacuate Collection Set: 0.82ms
[509.710s][info][gc,phases   ] GC(729)   Other: 0.09ms
[509.710s][info][gc,heap     ] GC(729) Eden regions: 482->0(482)
[509.710s][info][gc,heap     ] GC(729) Survivor regions: 2->2(61)
[509.710s][info][gc,heap     ] GC(729) Old regions: 56->53
[509.710s][info][gc,heap     ] GC(729) Humongous regions: 207->207
[509.710s][info][gc,metaspace] GC(729) Metaspace: 57768K(58112K)->57768K(58112K) NonClass: 49485K(49728K)->49485K(49728K) Class: 8282K(8384K)->8282K(8384K)
[509.710s][info][gc          ] GC(729) Pause Young (Mixed) (G1 Evacuation Pause) 746M->261M(807M) 7.660ms
[509.710s][info][gc,cpu      ] GC(729) User=0.01s Sys=0.00s Real=0.01s
[510.989s][info][gc,start    ] GC(730) Pause Young (Concurrent Start) (G1 Evacuation Pause)
[510.989s][info][gc,task     ] GC(730) Using 2 workers of 2 for evacuation
[510.994s][info][gc,phases   ] GC(730)   Pre Evacuate Collection Set: 0.30ms
[510.994s][info][gc,phases   ] GC(730)   Merge Heap Roots: 0.12ms
[510.994s][info][gc,phases   ] GC(730)   Evacuate Collection Set: 3.32ms
[510.994s][info][gc,phases   ] GC(730)   Post Evacuate Collection Set: 0.79ms
[510.994s][info][gc,phases   ] GC(730)   Other: 0.10ms
[510.994s][info][gc,heap     ] GC(730) Eden regions: 482->0(482)
[510.994s][info][gc,heap     ] GC(730) Survivor regions: 2->2(61)
[510.994s][info][gc,heap     ] GC(730) Old regions: 53->53
[510.994s][info][gc,heap     ] GC(730) Humongous regions: 207->207
[510.994s][info][gc,metaspace] GC(730) Metaspace: 57768K(58112K)->57768K(58112K) NonClass: 49485K(49728K)->49485K(49728K) Class: 8282K(8384K)->8282K(8384K)
[510.994s][info][gc          ] GC(730) Pause Young (Concurrent Start) (G1 Evacuation Pause) 743M->261M(807M) 4.819ms
[510.994s][info][gc,cpu      ] GC(730) User=0.01s Sys=0.00s Real=0.00s
[510.994s][info][gc          ] GC(731) Concurrent Mark Cycle
[510.996s][info][gc,marking  ] GC(731) Concurrent Scan Root Regions
[510.999s][info][gc,marking  ] GC(731) Concurrent Scan Root Regions 3.245ms
[510.999s][info][gc,marking  ] GC(731) Concurrent Mark
[510.999s][info][gc,marking  ] GC(731) Concurrent Mark From Roots
[510.999s][info][gc,task     ] GC(731) Using 1 workers of 1 for marking
[511.068s][info][gc,marking  ] GC(731) Concurrent Mark From Roots 68.350ms
[511.068s][info][gc,marking  ] GC(731) Concurrent Preclean
[511.068s][info][gc,marking  ] GC(731) Concurrent Preclean 0.070ms
[511.068s][info][gc,start    ] GC(731) Pause Remark
[511.079s][info][gc          ] GC(731) Pause Remark 294M->294M(807M) 11.171ms
[511.079s][info][gc,cpu      ] GC(731) User=0.02s Sys=0.01s Real=0.01s
[511.079s][info][gc,marking  ] GC(731) Concurrent Mark 80.186ms
[511.079s][info][gc,marking  ] GC(731) Concurrent Rebuild Remembered Sets and Scrub Regions
[511.099s][info][gc,marking  ] GC(731) Concurrent Rebuild Remembered Sets and Scrub Regions 19.176ms
[511.099s][info][gc,start    ] GC(731) Pause Cleanup
[511.100s][info][gc          ] GC(731) Pause Cleanup 304M->304M(807M) 0.136ms
[511.100s][info][gc,cpu      ] GC(731) User=0.00s Sys=0.00s Real=0.00s
[511.101s][info][gc,marking  ] GC(731) Concurrent Clear Claimed Marks
[511.101s][info][gc,marking  ] GC(731) Concurrent Clear Claimed Marks 0.100ms
[511.101s][info][gc,marking  ] GC(731) Concurrent Cleanup for Next Mark
[511.104s][info][gc,marking  ] GC(731) Concurrent Cleanup for Next Mark 3.232ms
[511.104s][info][gc          ] GC(731) Concurrent Mark Cycle 110.265ms
[512.221s][info][gc,start    ] GC(732) Pause Young (Prepare Mixed) (G1 Evacuation Pause)
[512.222s][info][gc,task     ] GC(732) Using 2 workers of 2 for evacuation
[512.228s][info][gc,phases   ] GC(732)   Pre Evacuate Collection Set: 0.35ms
[512.228s][info][gc,phases   ] GC(732)   Merge Heap Roots: 0.17ms
[512.228s][info][gc,phases   ] GC(732)   Evacuate Collection Set: 4.62ms
[512.228s][info][gc,phases   ] GC(732)   Post Evacuate Collection Set: 1.09ms
[512.228s][info][gc,phases   ] GC(732)   Other: 0.13ms
[512.228s][info][gc,heap     ] GC(732) Eden regions: 482->0(481)
[512.228s][info][gc,heap     ] GC(732) Survivor regions: 2->3(61)
[512.228s][info][gc,heap     ] GC(732) Old regions: 53->53
[512.228s][info][gc,heap     ] GC(732) Humongous regions: 207->207
[512.228s][info][gc,metaspace] GC(732) Metaspace: 57768K(58112K)->57768K(58112K) NonClass: 49485K(49728K)->49485K(49728K) Class: 8282K(8384K)->8282K(8384K)
[512.228s][info][gc          ] GC(732) Pause Young (Prepare Mixed) (G1 Evacuation Pause) 743M->262M(807M) 6.550ms
[512.228s][info][gc,cpu      ] GC(732) User=0.01s Sys=0.00s Real=0.01s
[513.503s][info][gc,start    ] GC(733) Pause Young (Mixed) (G1 Evacuation Pause)
[513.503s][info][gc,task     ] GC(733) Using 2 workers of 2 for evacuation
[513.509s][info][gc,phases   ] GC(733)   Pre Evacuate Collection Set: 0.28ms
[513.509s][info][gc,phases   ] GC(733)   Merge Heap Roots: 0.17ms
[513.509s][info][gc,phases   ] GC(733)   Evacuate Collection Set: 4.23ms
[513.509s][info][gc,phases   ] GC(733)   Post Evacuate Collection Set: 0.80ms
[513.509s][info][gc,phases   ] GC(733)   Other: 0.08ms
[513.509s][info][gc,heap     ] GC(733) Eden regions: 481->0(482)
[513.509s][info][gc,heap     ] GC(733) Survivor regions: 3->2(61)
[513.509s][info][gc,heap     ] GC(733) Old regions: 53->50
[513.509s][info][gc,heap     ] GC(733) Humongous regions: 207->207
[513.509s][info][gc,metaspace] GC(733) Metaspace: 57768K(58112K)->57768K(58112K) NonClass: 49485K(49728K)->49485K(49728K) Class: 8282K(8384K)->8282K(8384K)
[513.509s][info][gc          ] GC(733) Pause Young (Mixed) (G1 Evacuation Pause) 743M->258M(807M) 5.766ms
[513.509s][info][gc,cpu      ] GC(733) User=0.01s Sys=0.00s Real=0.01s
[514.789s][info][gc,start    ] GC(734) Pause Young (Concurrent Start) (G1 Evacuation Pause)
[514.789s][info][gc,task     ] GC(734) Using 2 workers of 2 for evacuation
[514.794s][info][gc,phases   ] GC(734)   Pre Evacuate Collection Set: 0.30ms
[514.794s][info][gc,phases   ] GC(734)   Merge Heap Roots: 0.13ms
[514.794s][info][gc,phases   ] GC(734)   Evacuate Collection Set: 3.23ms
[514.794s][info][gc,phases   ] GC(734)   Post Evacuate Collection Set: 0.80ms
[514.794s][info][gc,phases   ] GC(734)   Other: 0.10ms
[514.794s][info][gc,heap     ] GC(734) Eden regions: 482->0(482)
[514.794s][info][gc,heap     ] GC(734) Survivor regions: 2->2(61)
[514.794s][info][gc,heap     ] GC(734) Old regions: 50->50
[514.794s][info][gc,heap     ] GC(734) Humongous regions: 207->207
[514.794s][info][gc,metaspace] GC(734) Metaspace: 57768K(58112K)->57768K(58112K) NonClass: 49485K(49728K)->49485K(49728K) Class: 8282K(8384K)->8282K(8384K)
[514.794s][info][gc          ] GC(734) Pause Young (Concurrent Start) (G1 Evacuation Pause) 740M->258M(807M) 4.736ms
[514.794s][info][gc,cpu      ] GC(734) User=0.01s Sys=0.00s Real=0.00s
[514.794s][info][gc          ] GC(735) Concurrent Mark Cycle
[514.795s][info][gc,marking  ] GC(735) Concurrent Scan Root Regions
[514.797s][info][gc,marking  ] GC(735) Concurrent Scan Root Regions 2.533ms
[514.797s][info][gc,marking  ] GC(735) Concurrent Mark
[514.797s][info][gc,marking  ] GC(735) Concurrent Mark From Roots
[514.797s][info][gc,task     ] GC(735) Using 1 workers of 1 for marking
[514.866s][info][gc,marking  ] GC(735) Concurrent Mark From Roots 69.272ms
[514.867s][info][gc,marking  ] GC(735) Concurrent Preclean
[514.867s][info][gc,marking  ] GC(735) Concurrent Preclean 0.075ms
[514.867s][info][gc,start    ] GC(735) Pause Remark
[514.878s][info][gc          ] GC(735) Pause Remark 292M->292M(807M) 10.982ms
[514.878s][info][gc,cpu      ] GC(735) User=0.02s Sys=0.00s Real=0.01s
[514.878s][info][gc,marking  ] GC(735) Concurrent Mark 80.708ms
[514.878s][info][gc,marking  ] GC(735) Concurrent Rebuild Remembered Sets and Scrub Regions
[514.908s][info][gc,marking  ] GC(735) Concurrent Rebuild Remembered Sets and Scrub Regions 29.630ms
[514.908s][info][gc,start    ] GC(735) Pause Cleanup
[514.908s][info][gc          ] GC(735) Pause Cleanup 308M->308M(807M) 0.081ms
[514.908s][info][gc,cpu      ] GC(735) User=0.00s Sys=0.00s Real=0.00s
[514.908s][info][gc,marking  ] GC(735) Concurrent Clear Claimed Marks
[514.908s][info][gc,marking  ] GC(735) Concurrent Clear Claimed Marks 0.102ms
[514.908s][info][gc,marking  ] GC(735) Concurrent Cleanup for Next Mark
[514.910s][info][gc,marking  ] GC(735) Concurrent Cleanup for Next Mark 2.474ms
[514.910s][info][gc          ] GC(735) Concurrent Mark Cycle 116.752ms
[516.120s][info][gc,start    ] GC(736) Pause Young (Prepare Mixed) (G1 Evacuation Pause)
[516.120s][info][gc,task     ] GC(736) Using 2 workers of 2 for evacuation
[516.125s][info][gc,phases   ] GC(736)   Pre Evacuate Collection Set: 0.30ms
[516.125s][info][gc,phases   ] GC(736)   Merge Heap Roots: 0.17ms
[516.126s][info][gc,phases   ] GC(736)   Evacuate Collection Set: 4.15ms
[516.126s][info][gc,phases   ] GC(736)   Post Evacuate Collection Set: 0.79ms
[516.126s][info][gc,phases   ] GC(736)   Other: 0.11ms
[516.126s][info][gc,heap     ] GC(736) Eden regions: 482->0(481)
[516.126s][info][gc,heap     ] GC(736) Survivor regions: 2->3(61)
[516.126s][info][gc,heap     ] GC(736) Old regions: 50->50
[516.126s][info][gc,heap     ] GC(736) Humongous regions: 207->207
[516.126s][info][gc,metaspace] GC(736) Metaspace: 57768K(58112K)->57768K(58112K) NonClass: 49485K(49728K)->49485K(49728K) Class: 8282K(8384K)->8282K(8384K)
[516.126s][info][gc          ] GC(736) Pause Young (Prepare Mixed) (G1 Evacuation Pause) 740M->259M(807M) 5.749ms
[516.126s][info][gc,cpu      ] GC(736) User=0.01s Sys=0.00s Real=0.01s
[517.402s][info][gc,start    ] GC(737) Pause Young (Mixed) (G1 Evacuation Pause)
[517.402s][info][gc,task     ] GC(737) Using 2 workers of 2 for evacuation
[517.408s][info][gc,phases   ] GC(737)   Pre Evacuate Collection Set: 0.29ms
[517.408s][info][gc,phases   ] GC(737)   Merge Heap Roots: 0.17ms
[517.408s][info][gc,phases   ] GC(737)   Evacuate Collection Set: 4.59ms
[517.408s][info][gc,phases   ] GC(737)   Post Evacuate Collection Set: 0.81ms
[517.408s][info][gc,phases   ] GC(737)   Other: 0.12ms
[517.408s][info][gc,heap     ] GC(737) Eden regions: 481->0(482)
[517.408s][info][gc,heap     ] GC(737) Survivor regions: 3->2(61)
[517.408s][info][gc,heap     ] GC(737) Old regions: 50->48
[517.408s][info][gc,heap     ] GC(737) Humongous regions: 207->207
[517.408s][info][gc,metaspace] GC(737) Metaspace: 57768K(58112K)->57768K(58112K) NonClass: 49485K(49728K)->49485K(49728K) Class: 8282K(8384K)->8282K(8384K)
[517.408s][info][gc          ] GC(737) Pause Young (Mixed) (G1 Evacuation Pause) 740M->256M(807M) 6.156ms
[517.408s][info][gc,cpu      ] GC(737) User=0.01s Sys=0.00s Real=0.01s
[518.685s][info][gc,start    ] GC(738) Pause Young (Concurrent Start) (G1 Evacuation Pause)
[518.685s][info][gc,task     ] GC(738) Using 2 workers of 2 for evacuation
[518.689s][info][gc,phases   ] GC(738)   Pre Evacuate Collection Set: 0.44ms
[518.690s][info][gc,phases   ] GC(738)   Merge Heap Roots: 0.31ms
[518.690s][info][gc,phases   ] GC(738)   Evacuate Collection Set: 2.69ms
[518.690s][info][gc,phases   ] GC(738)   Post Evacuate Collection Set: 0.79ms
[518.690s][info][gc,phases   ] GC(738)   Other: 0.15ms
[518.690s][info][gc,heap     ] GC(738) Eden regions: 482->0(483)
[518.690s][info][gc,heap     ] GC(738) Survivor regions: 2->1(61)
[518.690s][info][gc,heap     ] GC(738) Old regions: 48->48
[518.690s][info][gc,heap     ] GC(738) Humongous regions: 207->207
[518.690s][info][gc,metaspace] GC(738) Metaspace: 57768K(58112K)->57768K(58112K) NonClass: 49485K(49728K)->49485K(49728K) Class: 8282K(8384K)->8282K(8384K)
[518.690s][info][gc          ] GC(738) Pause Young (Concurrent Start) (G1 Evacuation Pause) 738M->255M(807M) 4.584ms
[518.690s][info][gc,cpu      ] GC(738) User=0.01s Sys=0.00s Real=0.00s
[518.690s][info][gc          ] GC(739) Concurrent Mark Cycle
[518.690s][info][gc,marking  ] GC(739) Concurrent Scan Root Regions
[518.692s][info][gc,marking  ] GC(739) Concurrent Scan Root Regions 2.524ms
[518.693s][info][gc,marking  ] GC(739) Concurrent Mark
[518.693s][info][gc,marking  ] GC(739) Concurrent Mark From Roots
[518.693s][info][gc,task     ] GC(739) Using 1 workers of 1 for marking
[518.759s][info][gc,marking  ] GC(739) Concurrent Mark From Roots 66.034ms
[518.759s][info][gc,marking  ] GC(739) Concurrent Preclean
[518.759s][info][gc,marking  ] GC(739) Concurrent Preclean 0.079ms
[518.759s][info][gc,start    ] GC(739) Pause Remark
[518.792s][info][gc          ] GC(739) Pause Remark 287M->287M(807M) 33.567ms
[518.792s][info][gc,cpu      ] GC(739) User=0.03s Sys=0.00s Real=0.03s
[518.793s][info][gc,marking  ] GC(739) Concurrent Mark 100.204ms
[518.793s][info][gc,marking  ] GC(739) Concurrent Rebuild Remembered Sets and Scrub Regions
[518.846s][info][gc,marking  ] GC(739) Concurrent Rebuild Remembered Sets and Scrub Regions 53.388ms
[518.846s][info][gc,start    ] GC(739) Pause Cleanup
[518.846s][info][gc          ] GC(739) Pause Cleanup 287M->287M(807M) 0.193ms
[518.847s][info][gc,cpu      ] GC(739) User=0.00s Sys=0.00s Real=0.00s
[518.849s][info][gc,marking  ] GC(739) Concurrent Clear Claimed Marks
[518.849s][info][gc,marking  ] GC(739) Concurrent Clear Claimed Marks 0.151ms
[518.849s][info][gc,marking  ] GC(739) Concurrent Cleanup for Next Mark
[518.859s][info][gc,marking  ] GC(739) Concurrent Cleanup for Next Mark 9.276ms
[518.861s][info][gc          ] GC(739) Concurrent Mark Cycle 171.007ms
[519.914s][info][gc,start    ] GC(740) Pause Young (Prepare Mixed) (G1 Evacuation Pause)
[519.914s][info][gc,task     ] GC(740) Using 2 workers of 2 for evacuation
[519.922s][info][gc,phases   ] GC(740)   Pre Evacuate Collection Set: 0.44ms
[519.922s][info][gc,phases   ] GC(740)   Merge Heap Roots: 0.16ms
[519.922s][info][gc,phases   ] GC(740)   Evacuate Collection Set: 6.75ms
[519.922s][info][gc,phases   ] GC(740)   Post Evacuate Collection Set: 0.83ms
[519.923s][info][gc,phases   ] GC(740)   Other: 0.11ms
[519.923s][info][gc,heap     ] GC(740) Eden regions: 483->0(480)
[519.923s][info][gc,heap     ] GC(740) Survivor regions: 1->4(61)
[519.923s][info][gc,heap     ] GC(740) Old regions: 48->48
[519.923s][info][gc,heap     ] GC(740) Humongous regions: 207->207
[519.923s][info][gc,metaspace] GC(740) Metaspace: 57768K(58112K)->57768K(58112K) NonClass: 49485K(49728K)->49485K(49728K) Class: 8282K(8384K)->8282K(8384K)
[519.923s][info][gc          ] GC(740) Pause Young (Prepare Mixed) (G1 Evacuation Pause) 738M->258M(807M) 8.470ms
[519.923s][info][gc,cpu      ] GC(740) User=0.01s Sys=0.00s Real=0.00s
[521.254s][info][gc,start    ] GC(741) Pause Young (Mixed) (G1 Evacuation Pause)
[521.254s][info][gc,task     ] GC(741) Using 2 workers of 2 for evacuation
[521.260s][info][gc,phases   ] GC(741)   Pre Evacuate Collection Set: 0.29ms
[521.260s][info][gc,phases   ] GC(741)   Merge Heap Roots: 0.15ms
[521.260s][info][gc,phases   ] GC(741)   Evacuate Collection Set: 4.30ms
[521.260s][info][gc,phases   ] GC(741)   Post Evacuate Collection Set: 0.79ms
[521.260s][info][gc,phases   ] GC(741)   Other: 0.09ms
[521.260s][info][gc,heap     ] GC(741) Eden regions: 480->0(482)
[521.260s][info][gc,heap     ] GC(741) Survivor regions: 4->2(61)
[521.260s][info][gc,heap     ] GC(741) Old regions: 48->47
[521.260s][info][gc,heap     ] GC(741) Humongous regions: 207->207
[521.260s][info][gc,metaspace] GC(741) Metaspace: 57768K(58112K)->57768K(58112K) NonClass: 49485K(49728K)->49485K(49728K) Class: 8282K(8384K)->8282K(8384K)
[521.260s][info][gc          ] GC(741) Pause Young (Mixed) (G1 Evacuation Pause) 738M->254M(807M) 5.806ms
[521.260s][info][gc,cpu      ] GC(741) User=0.01s Sys=0.00s Real=0.00s
[522.452s][info][gc,start    ] GC(742) Pause Young (Concurrent Start) (G1 Evacuation Pause)
[522.452s][info][gc,task     ] GC(742) Using 2 workers of 2 for evacuation
[522.456s][info][gc,phases   ] GC(742)   Pre Evacuate Collection Set: 0.31ms
[522.456s][info][gc,phases   ] GC(742)   Merge Heap Roots: 0.15ms
[522.456s][info][gc,phases   ] GC(742)   Evacuate Collection Set: 3.11ms
[522.456s][info][gc,phases   ] GC(742)   Post Evacuate Collection Set: 0.81ms
[522.456s][info][gc,phases   ] GC(742)   Other: 0.10ms
[522.456s][info][gc,heap     ] GC(742) Eden regions: 482->0(483)
[522.456s][info][gc,heap     ] GC(742) Survivor regions: 2->1(61)
[522.456s][info][gc,heap     ] GC(742) Old regions: 47->47
[522.456s][info][gc,heap     ] GC(742) Humongous regions: 207->207
[522.456s][info][gc,metaspace] GC(742) Metaspace: 57768K(58112K)->57768K(58112K) NonClass: 49485K(49728K)->49485K(49728K) Class: 8282K(8384K)->8282K(8384K)
[522.456s][info][gc          ] GC(742) Pause Young (Concurrent Start) (G1 Evacuation Pause) 736M->254M(807M) 4.649ms
[522.456s][info][gc          ] GC(743) Concurrent Mark Cycle
[522.456s][info][gc,marking  ] GC(743) Concurrent Scan Root Regions
[522.457s][info][gc,cpu      ] GC(742) User=0.01s Sys=0.00s Real=0.01s
[522.460s][info][gc,marking  ] GC(743) Concurrent Scan Root Regions 3.398ms
[522.460s][info][gc,marking  ] GC(743) Concurrent Mark
[522.460s][info][gc,marking  ] GC(743) Concurrent Mark From Roots
[522.460s][info][gc,task     ] GC(743) Using 1 workers of 1 for marking
[522.528s][info][gc,marking  ] GC(743) Concurrent Mark From Roots 67.759ms
[522.528s][info][gc,marking  ] GC(743) Concurrent Preclean
[522.528s][info][gc,marking  ] GC(743) Concurrent Preclean 0.071ms
[522.528s][info][gc,start    ] GC(743) Pause Remark
[522.539s][info][gc          ] GC(743) Pause Remark 285M->285M(807M) 10.968ms
[522.539s][info][gc,cpu      ] GC(743) User=0.02s Sys=0.00s Real=0.01s
[522.539s][info][gc,marking  ] GC(743) Concurrent Mark 79.690ms
[522.539s][info][gc,marking  ] GC(743) Concurrent Rebuild Remembered Sets and Scrub Regions
[522.564s][info][gc,marking  ] GC(743) Concurrent Rebuild Remembered Sets and Scrub Regions 24.939ms
[522.565s][info][gc,start    ] GC(743) Pause Cleanup
[522.565s][info][gc          ] GC(743) Pause Cleanup 295M->295M(807M) 0.078ms
[522.565s][info][gc,cpu      ] GC(743) User=0.00s Sys=0.00s Real=0.00s
[522.565s][info][gc,marking  ] GC(743) Concurrent Clear Claimed Marks
[522.565s][info][gc,marking  ] GC(743) Concurrent Clear Claimed Marks 0.105ms
[522.565s][info][gc,marking  ] GC(743) Concurrent Cleanup for Next Mark
[522.567s][info][gc,marking  ] GC(743) Concurrent Cleanup for Next Mark 2.376ms
[522.567s][info][gc          ] GC(743) Concurrent Mark Cycle 110.834ms
[523.713s][info][gc,start    ] GC(744) Pause Young (Prepare Mixed) (G1 Evacuation Pause)
[523.713s][info][gc,task     ] GC(744) Using 2 workers of 2 for evacuation
[523.720s][info][gc,phases   ] GC(744)   Pre Evacuate Collection Set: 0.29ms
[523.720s][info][gc,phases   ] GC(744)   Merge Heap Roots: 0.16ms
[523.720s][info][gc,phases   ] GC(744)   Evacuate Collection Set: 4.96ms
[523.720s][info][gc,phases   ] GC(744)   Post Evacuate Collection Set: 0.81ms
[523.720s][info][gc,phases   ] GC(744)   Other: 0.09ms
[523.720s][info][gc,heap     ] GC(744) Eden regions: 483->0(480)
[523.720s][info][gc,heap     ] GC(744) Survivor regions: 1->4(61)
[523.720s][info][gc,heap     ] GC(744) Old regions: 47->47
[523.720s][info][gc,heap     ] GC(744) Humongous regions: 207->207
[523.720s][info][gc,metaspace] GC(744) Metaspace: 57768K(58112K)->57768K(58112K) NonClass: 49485K(49728K)->49485K(49728K) Class: 8282K(8384K)->8282K(8384K)
[523.720s][info][gc          ] GC(744) Pause Young (Prepare Mixed) (G1 Evacuation Pause) 737M->256M(807M) 6.506ms
[523.720s][info][gc,cpu      ] GC(744) User=0.01s Sys=0.00s Real=0.01s
[524.993s][info][gc,start    ] GC(745) Pause Young (Mixed) (G1 Evacuation Pause)
[524.993s][info][gc,task     ] GC(745) Using 2 workers of 2 for evacuation
[525.001s][info][gc,phases   ] GC(745)   Pre Evacuate Collection Set: 0.28ms
[525.001s][info][gc,phases   ] GC(745)   Merge Heap Roots: 0.19ms
[525.001s][info][gc,phases   ] GC(745)   Evacuate Collection Set: 6.13ms
[525.001s][info][gc,phases   ] GC(745)   Post Evacuate Collection Set: 0.88ms
[525.001s][info][gc,phases   ] GC(745)   Other: 0.11ms
[525.001s][info][gc,heap     ] GC(745) Eden regions: 480->0(482)
[525.001s][info][gc,heap     ] GC(745) Survivor regions: 4->2(61)
[525.001s][info][gc,heap     ] GC(745) Old regions: 47->45
[525.001s][info][gc,heap     ] GC(745) Humongous regions: 207->207
[525.001s][info][gc,metaspace] GC(745) Metaspace: 57768K(58112K)->57768K(58112K) NonClass: 49485K(49728K)->49485K(49728K) Class: 8282K(8384K)->8282K(8384K)
[525.001s][info][gc          ] GC(745) Pause Young (Mixed) (G1 Evacuation Pause) 736M->253M(807M) 7.758ms
[525.001s][info][gc,cpu      ] GC(745) User=0.01s Sys=0.00s Real=0.01s
[526.369s][info][gc,start    ] GC(746) Pause Young (Concurrent Start) (G1 Evacuation Pause)
[526.369s][info][gc,task     ] GC(746) Using 2 workers of 2 for evacuation
[526.391s][info][gc,phases   ] GC(746)   Pre Evacuate Collection Set: 0.35ms
[526.391s][info][gc,phases   ] GC(746)   Merge Heap Roots: 0.16ms
[526.391s][info][gc,phases   ] GC(746)   Evacuate Collection Set: 19.93ms
[526.391s][info][gc,phases   ] GC(746)   Post Evacuate Collection Set: 1.68ms
[526.391s][info][gc,phases   ] GC(746)   Other: 0.12ms
[526.391s][info][gc,heap     ] GC(746) Eden regions: 482->0(481)
[526.391s][info][gc,heap     ] GC(746) Survivor regions: 2->3(61)
[526.391s][info][gc,heap     ] GC(746) Old regions: 45->45
[526.391s][info][gc,heap     ] GC(746) Humongous regions: 207->207
[526.391s][info][gc,metaspace] GC(746) Metaspace: 57768K(58112K)->57768K(58112K) NonClass: 49485K(49728K)->49485K(49728K) Class: 8282K(8384K)->8282K(8384K)
[526.391s][info][gc          ] GC(746) Pause Young (Concurrent Start) (G1 Evacuation Pause) 735M->254M(807M) 22.466ms
[526.391s][info][gc,cpu      ] GC(746) User=0.02s Sys=0.00s Real=0.02s
[526.392s][info][gc          ] GC(747) Concurrent Mark Cycle
[526.392s][info][gc,marking  ] GC(747) Concurrent Scan Root Regions
[526.402s][info][gc,marking  ] GC(747) Concurrent Scan Root Regions 10.558ms
[526.403s][info][gc,marking  ] GC(747) Concurrent Mark
[526.403s][info][gc,marking  ] GC(747) Concurrent Mark From Roots
[526.403s][info][gc,task     ] GC(747) Using 1 workers of 1 for marking
[526.457s][info][gc,marking  ] GC(747) Concurrent Mark From Roots 54.725ms
[526.457s][info][gc,marking  ] GC(747) Concurrent Preclean
[526.457s][info][gc,marking  ] GC(747) Concurrent Preclean 0.073ms
[526.458s][info][gc,start    ] GC(747) Pause Remark
[526.476s][info][gc          ] GC(747) Pause Remark 259M->259M(807M) 18.079ms
[526.476s][info][gc,cpu      ] GC(747) User=0.02s Sys=0.00s Real=0.02s
[526.477s][info][gc,marking  ] GC(747) Concurrent Mark 74.114ms
[526.477s][info][gc,marking  ] GC(747) Concurrent Rebuild Remembered Sets and Scrub Regions
[526.509s][info][gc,marking  ] GC(747) Concurrent Rebuild Remembered Sets and Scrub Regions 32.057ms
[526.509s][info][gc,start    ] GC(747) Pause Cleanup
[526.509s][info][gc          ] GC(747) Pause Cleanup 273M->273M(807M) 0.077ms
[526.509s][info][gc,cpu      ] GC(747) User=0.00s Sys=0.00s Real=0.00s
[526.509s][info][gc,marking  ] GC(747) Concurrent Clear Claimed Marks
[526.509s][info][gc,marking  ] GC(747) Concurrent Clear Claimed Marks 0.087ms
[526.509s][info][gc,marking  ] GC(747) Concurrent Cleanup for Next Mark
[526.518s][info][gc,marking  ] GC(747) Concurrent Cleanup for Next Mark 8.736ms
[526.518s][info][gc          ] GC(747) Concurrent Mark Cycle 126.121ms
[527.709s][info][gc,start    ] GC(748) Pause Young (Prepare Mixed) (G1 Evacuation Pause)
[527.709s][info][gc,task     ] GC(748) Using 2 workers of 2 for evacuation
[527.716s][info][gc,phases   ] GC(748)   Pre Evacuate Collection Set: 0.29ms
[527.716s][info][gc,phases   ] GC(748)   Merge Heap Roots: 0.16ms
[527.716s][info][gc,phases   ] GC(748)   Evacuate Collection Set: 4.85ms
[527.716s][info][gc,phases   ] GC(748)   Post Evacuate Collection Set: 0.85ms
[527.716s][info][gc,phases   ] GC(748)   Other: 0.09ms
[527.716s][info][gc,heap     ] GC(748) Eden regions: 481->0(481)
[527.716s][info][gc,heap     ] GC(748) Survivor regions: 3->3(61)
[527.716s][info][gc,heap     ] GC(748) Old regions: 45->45
[527.716s][info][gc,heap     ] GC(748) Humongous regions: 207->207
[527.716s][info][gc,metaspace] GC(748) Metaspace: 57768K(58112K)->57768K(58112K) NonClass: 49485K(49728K)->49485K(49728K) Class: 8282K(8384K)->8282K(8384K)
[527.716s][info][gc          ] GC(748) Pause Young (Prepare Mixed) (G1 Evacuation Pause) 735M->254M(807M) 6.429ms
[527.716s][info][gc,cpu      ] GC(748) User=0.01s Sys=0.00s Real=0.01s
[528.936s][info][gc,start    ] GC(749) Pause Young (Mixed) (G1 Evacuation Pause)
[528.936s][info][gc,task     ] GC(749) Using 2 workers of 2 for evacuation
[528.942s][info][gc,phases   ] GC(749)   Pre Evacuate Collection Set: 0.28ms
[528.942s][info][gc,phases   ] GC(749)   Merge Heap Roots: 0.16ms
[528.942s][info][gc,phases   ] GC(749)   Evacuate Collection Set: 4.41ms
[528.942s][info][gc,phases   ] GC(749)   Post Evacuate Collection Set: 0.81ms
[528.942s][info][gc,phases   ] GC(749)   Other: 0.09ms
[528.942s][info][gc,heap     ] GC(749) Eden regions: 481->0(483)
[528.942s][info][gc,heap     ] GC(749) Survivor regions: 3->1(61)
[528.942s][info][gc,heap     ] GC(749) Old regions: 45->45
[528.942s][info][gc,heap     ] GC(749) Humongous regions: 207->207
[528.942s][info][gc,metaspace] GC(749) Metaspace: 57768K(58112K)->57768K(58112K) NonClass: 49485K(49728K)->49485K(49728K) Class: 8282K(8384K)->8282K(8384K)
[528.942s][info][gc          ] GC(749) Pause Young (Mixed) (G1 Evacuation Pause) 735M->251M(807M) 5.971ms
[528.942s][info][gc,cpu      ] GC(749) User=0.01s Sys=0.00s Real=0.00s
[530.212s][info][gc,start    ] GC(750) Pause Young (Concurrent Start) (G1 Evacuation Pause)
[530.212s][info][gc,task     ] GC(750) Using 2 workers of 2 for evacuation
[530.219s][info][gc,phases   ] GC(750)   Pre Evacuate Collection Set: 0.30ms
[530.219s][info][gc,phases   ] GC(750)   Merge Heap Roots: 0.16ms
[530.219s][info][gc,phases   ] GC(750)   Evacuate Collection Set: 5.40ms
[530.219s][info][gc,phases   ] GC(750)   Post Evacuate Collection Set: 0.81ms
[530.219s][info][gc,phases   ] GC(750)   Other: 0.10ms
[530.219s][info][gc,heap     ] GC(750) Eden regions: 483->0(481)
[530.219s][info][gc,heap     ] GC(750) Survivor regions: 1->3(61)
[530.219s][info][gc,heap     ] GC(750) Old regions: 45->45
[530.219s][info][gc,heap     ] GC(750) Humongous regions: 207->207
[530.219s][info][gc,metaspace] GC(750) Metaspace: 57768K(58112K)->57768K(58112K) NonClass: 49485K(49728K)->49485K(49728K) Class: 8282K(8384K)->8282K(8384K)
[530.219s][info][gc          ] GC(750) Pause Young (Concurrent Start) (G1 Evacuation Pause) 734M->253M(807M) 6.984ms
[530.219s][info][gc,cpu      ] GC(750) User=0.02s Sys=0.00s Real=0.01s
[530.219s][info][gc          ] GC(751) Concurrent Mark Cycle
[530.219s][info][gc,marking  ] GC(751) Concurrent Scan Root Regions
[530.225s][info][gc,marking  ] GC(751) Concurrent Scan Root Regions 5.501ms
[530.225s][info][gc,marking  ] GC(751) Concurrent Mark
[530.225s][info][gc,marking  ] GC(751) Concurrent Mark From Roots
[530.225s][info][gc,task     ] GC(751) Using 1 workers of 1 for marking
[530.271s][info][gc,marking  ] GC(751) Concurrent Mark From Roots 46.455ms
[530.271s][info][gc,marking  ] GC(751) Concurrent Preclean
[530.271s][info][gc,marking  ] GC(751) Concurrent Preclean 0.089ms
[530.271s][info][gc,start    ] GC(751) Pause Remark
[530.283s][info][gc          ] GC(751) Pause Remark 269M->269M(807M) 11.318ms
[530.283s][info][gc,cpu      ] GC(751) User=0.02s Sys=0.00s Real=0.01s
[530.284s][info][gc,marking  ] GC(751) Concurrent Mark 59.004ms
[530.284s][info][gc,marking  ] GC(751) Concurrent Rebuild Remembered Sets and Scrub Regions
[530.320s][info][gc,marking  ] GC(751) Concurrent Rebuild Remembered Sets and Scrub Regions 36.530ms
[530.320s][info][gc,start    ] GC(751) Pause Cleanup
[530.320s][info][gc          ] GC(751) Pause Cleanup 294M->294M(807M) 0.086ms
[530.321s][info][gc,cpu      ] GC(751) User=0.00s Sys=0.00s Real=0.00s
[530.321s][info][gc,marking  ] GC(751) Concurrent Clear Claimed Marks
[530.321s][info][gc,marking  ] GC(751) Concurrent Clear Claimed Marks 0.107ms
[530.321s][info][gc,marking  ] GC(751) Concurrent Cleanup for Next Mark
[530.327s][info][gc,marking  ] GC(751) Concurrent Cleanup for Next Mark 5.247ms
[530.327s][info][gc          ] GC(751) Concurrent Mark Cycle 107.551ms
[531.495s][info][gc,start    ] GC(752) Pause Young (Prepare Mixed) (G1 Evacuation Pause)
[531.495s][info][gc,task     ] GC(752) Using 2 workers of 2 for evacuation
[531.500s][info][gc,phases   ] GC(752)   Pre Evacuate Collection Set: 0.30ms
[531.500s][info][gc,phases   ] GC(752)   Merge Heap Roots: 0.17ms
[531.500s][info][gc,phases   ] GC(752)   Evacuate Collection Set: 3.76ms
[531.500s][info][gc,phases   ] GC(752)   Post Evacuate Collection Set: 0.82ms
[531.500s][info][gc,phases   ] GC(752)   Other: 0.09ms
[531.500s][info][gc,heap     ] GC(752) Eden regions: 481->0(481)
[531.500s][info][gc,heap     ] GC(752) Survivor regions: 3->3(61)
[531.500s][info][gc,heap     ] GC(752) Old regions: 45->45
[531.500s][info][gc,heap     ] GC(752) Humongous regions: 207->207
[531.500s][info][gc,metaspace] GC(752) Metaspace: 57768K(58112K)->57768K(58112K) NonClass: 49485K(49728K)->49485K(49728K) Class: 8282K(8384K)->8282K(8384K)
[531.500s][info][gc          ] GC(752) Pause Young (Prepare Mixed) (G1 Evacuation Pause) 734M->253M(807M) 5.318ms
[531.500s][info][gc,cpu      ] GC(752) User=0.01s Sys=0.00s Real=0.00s
[532.734s][info][gc,start    ] GC(753) Pause Young (Mixed) (G1 Evacuation Pause)
[532.734s][info][gc,task     ] GC(753) Using 2 workers of 2 for evacuation
[532.739s][info][gc,phases   ] GC(753)   Pre Evacuate Collection Set: 0.30ms
[532.739s][info][gc,phases   ] GC(753)   Merge Heap Roots: 0.16ms
[532.739s][info][gc,phases   ] GC(753)   Evacuate Collection Set: 3.83ms
[532.739s][info][gc,phases   ] GC(753)   Post Evacuate Collection Set: 0.83ms
[532.739s][info][gc,phases   ] GC(753)   Other: 0.11ms
[532.739s][info][gc,heap     ] GC(753) Eden regions: 481->0(482)
[532.739s][info][gc,heap     ] GC(753) Survivor regions: 3->2(61)
[532.739s][info][gc,heap     ] GC(753) Old regions: 45->45
[532.739s][info][gc,heap     ] GC(753) Humongous regions: 207->207
[532.739s][info][gc,metaspace] GC(753) Metaspace: 57768K(58112K)->57768K(58112K) NonClass: 49485K(49728K)->49485K(49728K) Class: 8282K(8384K)->8282K(8384K)
[532.739s][info][gc          ] GC(753) Pause Young (Mixed) (G1 Evacuation Pause) 734M->252M(807M) 5.415ms
[532.739s][info][gc,cpu      ] GC(753) User=0.01s Sys=0.00s Real=0.01s
[534.004s][info][gc,start    ] GC(754) Pause Young (Concurrent Start) (G1 Evacuation Pause)
[534.004s][info][gc,task     ] GC(754) Using 2 workers of 2 for evacuation
[534.010s][info][gc,phases   ] GC(754)   Pre Evacuate Collection Set: 0.33ms
[534.010s][info][gc,phases   ] GC(754)   Merge Heap Roots: 0.14ms
[534.010s][info][gc,phases   ] GC(754)   Evacuate Collection Set: 4.84ms
[534.010s][info][gc,phases   ] GC(754)   Post Evacuate Collection Set: 0.79ms
[534.010s][info][gc,phases   ] GC(754)   Other: 0.12ms
[534.010s][info][gc,heap     ] GC(754) Eden regions: 482->0(481)
[534.010s][info][gc,heap     ] GC(754) Survivor regions: 2->3(61)
[534.010s][info][gc,heap     ] GC(754) Old regions: 45->45
[534.011s][info][gc,heap     ] GC(754) Humongous regions: 207->207
[534.011s][info][gc,metaspace] GC(754) Metaspace: 57768K(58112K)->57768K(58112K) NonClass: 49485K(49728K)->49485K(49728K) Class: 8282K(8384K)->8282K(8384K)
[534.011s][info][gc          ] GC(754) Pause Young (Concurrent Start) (G1 Evacuation Pause) 734M->253M(807M) 6.426ms
[534.011s][info][gc,cpu      ] GC(754) User=0.01s Sys=0.00s Real=0.00s
[534.011s][info][gc          ] GC(755) Concurrent Mark Cycle
[534.011s][info][gc,marking  ] GC(755) Concurrent Scan Root Regions
[534.019s][info][gc,marking  ] GC(755) Concurrent Scan Root Regions 8.329ms
[534.019s][info][gc,marking  ] GC(755) Concurrent Mark
[534.019s][info][gc,marking  ] GC(755) Concurrent Mark From Roots
[534.019s][info][gc,task     ] GC(755) Using 1 workers of 1 for marking
[534.068s][info][gc,marking  ] GC(755) Concurrent Mark From Roots 49.289ms
[534.068s][info][gc,marking  ] GC(755) Concurrent Preclean
[534.068s][info][gc,marking  ] GC(755) Concurrent Preclean 0.080ms
[534.068s][info][gc,start    ] GC(755) Pause Remark
[534.080s][info][gc          ] GC(755) Pause Remark 272M->272M(807M) 11.254ms
[534.080s][info][gc,cpu      ] GC(755) User=0.02s Sys=0.00s Real=0.01s
[534.080s][info][gc,marking  ] GC(755) Concurrent Mark 61.144ms
[534.080s][info][gc,marking  ] GC(755) Concurrent Rebuild Remembered Sets and Scrub Regions
[534.114s][info][gc,marking  ] GC(755) Concurrent Rebuild Remembered Sets and Scrub Regions 34.029ms
[534.114s][info][gc,start    ] GC(755) Pause Cleanup
[534.114s][info][gc          ] GC(755) Pause Cleanup 293M->293M(807M) 0.079ms
[534.114s][info][gc,cpu      ] GC(755) User=0.00s Sys=0.00s Real=0.00s
[534.115s][info][gc,marking  ] GC(755) Concurrent Clear Claimed Marks
[534.115s][info][gc,marking  ] GC(755) Concurrent Clear Claimed Marks 0.093ms
[534.115s][info][gc,marking  ] GC(755) Concurrent Cleanup for Next Mark
[534.119s][info][gc,marking  ] GC(755) Concurrent Cleanup for Next Mark 4.451ms
[534.119s][info][gc          ] GC(755) Concurrent Mark Cycle 108.674ms
[535.289s][info][gc,start    ] GC(756) Pause Young (Prepare Mixed) (G1 Evacuation Pause)
[535.289s][info][gc,task     ] GC(756) Using 2 workers of 2 for evacuation
[535.293s][info][gc,phases   ] GC(756)   Pre Evacuate Collection Set: 0.28ms
[535.293s][info][gc,phases   ] GC(756)   Merge Heap Roots: 0.16ms
[535.293s][info][gc,phases   ] GC(756)   Evacuate Collection Set: 2.91ms
[535.293s][info][gc,phases   ] GC(756)   Post Evacuate Collection Set: 0.79ms
[535.293s][info][gc,phases   ] GC(756)   Other: 0.10ms
[535.294s][info][gc,heap     ] GC(756) Eden regions: 481->0(483)
[535.294s][info][gc,heap     ] GC(756) Survivor regions: 3->1(61)
[535.294s][info][gc,heap     ] GC(756) Old regions: 45->45
[535.294s][info][gc,heap     ] GC(756) Humongous regions: 207->207
[535.294s][info][gc,metaspace] GC(756) Metaspace: 57768K(58112K)->57768K(58112K) NonClass: 49485K(49728K)->49485K(49728K) Class: 8282K(8384K)->8282K(8384K)
[535.294s][info][gc          ] GC(756) Pause Young (Prepare Mixed) (G1 Evacuation Pause) 734M->252M(807M) 4.429ms
[535.294s][info][gc,cpu      ] GC(756) User=0.01s Sys=0.01s Real=0.00s
[538.917s][info][gc,start    ] GC(757) Pause Young (Mixed) (G1 Evacuation Pause)
[538.917s][info][gc,task     ] GC(757) Using 2 workers of 2 for evacuation
[538.938s][info][gc,phases   ] GC(757)   Pre Evacuate Collection Set: 0.44ms
[538.938s][info][gc,phases   ] GC(757)   Merge Heap Roots: 0.16ms
[538.938s][info][gc,phases   ] GC(757)   Evacuate Collection Set: 19.20ms
[538.938s][info][gc,phases   ] GC(757)   Post Evacuate Collection Set: 0.98ms
[538.938s][info][gc,phases   ] GC(757)   Other: 0.09ms
[538.938s][info][gc,heap     ] GC(757) Eden regions: 398->0(479)
[538.938s][info][gc,heap     ] GC(757) Survivor regions: 1->13(61)
[538.938s][info][gc,heap     ] GC(757) Old regions: 45->44
[538.938s][info][gc,heap     ] GC(757) Humongous regions: 363->207
[538.938s][info][gc,metaspace] GC(757) Metaspace: 57839K(58176K)->57839K(58176K) NonClass: 49556K(49792K)->49556K(49792K) Class: 8282K(8384K)->8282K(8384K)
[538.938s][info][gc          ] GC(757) Pause Young (Mixed) (G1 Evacuation Pause) 806M->263M(820M) 21.071ms
[538.938s][info][gc,cpu      ] GC(757) User=0.03s Sys=0.01s Real=0.02s
[540.115s][info][gc,start    ] GC(758) Pause Young (Concurrent Start) (G1 Evacuation Pause)
[540.115s][info][gc,task     ] GC(758) Using 2 workers of 2 for evacuation
[540.126s][info][gc,phases   ] GC(758)   Pre Evacuate Collection Set: 0.33ms
[540.126s][info][gc,phases   ] GC(758)   Merge Heap Roots: 0.14ms
[540.126s][info][gc,phases   ] GC(758)   Evacuate Collection Set: 9.99ms
[540.126s][info][gc,phases   ] GC(758)   Post Evacuate Collection Set: 0.91ms
[540.126s][info][gc,phases   ] GC(758)   Other: 0.11ms
[540.126s][info][gc,heap     ] GC(758) Eden regions: 479->0(477)
[540.126s][info][gc,heap     ] GC(758) Survivor regions: 13->15(62)
[540.126s][info][gc,heap     ] GC(758) Old regions: 44->45
[540.126s][info][gc,heap     ] GC(758) Humongous regions: 207->207
[540.126s][info][gc,metaspace] GC(758) Metaspace: 57839K(58176K)->57839K(58176K) NonClass: 49556K(49792K)->49556K(49792K) Class: 8282K(8384K)->8282K(8384K)
[540.126s][info][gc          ] GC(758) Pause Young (Concurrent Start) (G1 Evacuation Pause) 742M->265M(820M) 11.669ms
[540.126s][info][gc          ] GC(759) Concurrent Mark Cycle
[540.126s][info][gc,marking  ] GC(759) Concurrent Scan Root Regions
[540.127s][info][gc,cpu      ] GC(758) User=0.03s Sys=0.00s Real=0.01s
[540.133s][info][gc,marking  ] GC(759) Concurrent Scan Root Regions 6.676ms
[540.133s][info][gc,marking  ] GC(759) Concurrent Mark
[540.133s][info][gc,marking  ] GC(759) Concurrent Mark From Roots
[540.133s][info][gc,task     ] GC(759) Using 1 workers of 1 for marking
[540.174s][info][gc,marking  ] GC(759) Concurrent Mark From Roots 40.665ms
[540.174s][info][gc,marking  ] GC(759) Concurrent Preclean
[540.174s][info][gc,marking  ] GC(759) Concurrent Preclean 0.053ms
[540.174s][info][gc,start    ] GC(759) Pause Remark
[540.185s][info][gc          ] GC(759) Pause Remark 276M->276M(820M) 11.390ms
[540.185s][info][gc,cpu      ] GC(759) User=0.02s Sys=0.00s Real=0.01s
[540.187s][info][gc,marking  ] GC(759) Concurrent Mark 54.123ms
[540.187s][info][gc,marking  ] GC(759) Concurrent Rebuild Remembered Sets and Scrub Regions
[540.222s][info][gc,marking  ] GC(759) Concurrent Rebuild Remembered Sets and Scrub Regions 34.862ms
[540.223s][info][gc,start    ] GC(759) Pause Cleanup
[540.223s][info][gc          ] GC(759) Pause Cleanup 299M->299M(820M) 0.093ms
[540.223s][info][gc,cpu      ] GC(759) User=0.00s Sys=0.00s Real=0.00s
[540.223s][info][gc,marking  ] GC(759) Concurrent Clear Claimed Marks
[540.223s][info][gc,marking  ] GC(759) Concurrent Clear Claimed Marks 0.106ms
[540.223s][info][gc,marking  ] GC(759) Concurrent Cleanup for Next Mark
[540.227s][info][gc,marking  ] GC(759) Concurrent Cleanup for Next Mark 4.639ms
[540.228s][info][gc          ] GC(759) Concurrent Mark Cycle 101.198ms
[541.416s][info][gc,start    ] GC(760) Pause Young (Prepare Mixed) (G1 Evacuation Pause)
[541.416s][info][gc,task     ] GC(760) Using 2 workers of 2 for evacuation
[541.424s][info][gc,phases   ] GC(760)   Pre Evacuate Collection Set: 0.30ms
[541.424s][info][gc,phases   ] GC(760)   Merge Heap Roots: 0.17ms
[541.424s][info][gc,phases   ] GC(760)   Evacuate Collection Set: 7.33ms
[541.424s][info][gc,phases   ] GC(760)   Post Evacuate Collection Set: 0.87ms
[541.424s][info][gc,phases   ] GC(760)   Other: 0.09ms
[541.424s][info][gc,heap     ] GC(760) Eden regions: 477->0(478)
[541.424s][info][gc,heap     ] GC(760) Survivor regions: 15->14(62)
[541.424s][info][gc,heap     ] GC(760) Old regions: 45->45
[541.424s][info][gc,heap     ] GC(760) Humongous regions: 207->207
[541.424s][info][gc,metaspace] GC(760) Metaspace: 57839K(58176K)->57839K(58176K) NonClass: 49556K(49792K)->49556K(49792K) Class: 8282K(8384K)->8282K(8384K)
[541.425s][info][gc          ] GC(760) Pause Young (Prepare Mixed) (G1 Evacuation Pause) 742M->265M(820M) 8.981ms
[541.425s][info][gc,cpu      ] GC(760) User=0.01s Sys=0.00s Real=0.01s
[542.619s][info][gc,start    ] GC(761) Pause Young (Mixed) (G1 Evacuation Pause)
[542.619s][info][gc,task     ] GC(761) Using 2 workers of 2 for evacuation
[542.629s][info][gc,phases   ] GC(761)   Pre Evacuate Collection Set: 0.30ms
[542.629s][info][gc,phases   ] GC(761)   Merge Heap Roots: 0.15ms
[542.629s][info][gc,phases   ] GC(761)   Evacuate Collection Set: 9.10ms
[542.629s][info][gc,phases   ] GC(761)   Post Evacuate Collection Set: 0.89ms
[542.629s][info][gc,phases   ] GC(761)   Other: 0.11ms
[542.629s][info][gc,heap     ] GC(761) Eden regions: 478->0(478)
[542.629s][info][gc,heap     ] GC(761) Survivor regions: 14->14(62)
[542.629s][info][gc,heap     ] GC(761) Old regions: 45->44
[542.629s][info][gc,heap     ] GC(761) Humongous regions: 207->207
[542.629s][info][gc,metaspace] GC(761) Metaspace: 57840K(58176K)->57840K(58176K) NonClass: 49558K(49792K)->49558K(49792K) Class: 8282K(8384K)->8282K(8384K)
[542.629s][info][gc          ] GC(761) Pause Young (Mixed) (G1 Evacuation Pause) 743M->264M(820M) 10.732ms
[542.629s][info][gc,cpu      ] GC(761) User=0.02s Sys=0.00s Real=0.01s
[543.894s][info][gc,start    ] GC(762) Pause Young (Concurrent Start) (G1 Evacuation Pause)
[543.894s][info][gc,task     ] GC(762) Using 2 workers of 2 for evacuation
[543.902s][info][gc,phases   ] GC(762)   Pre Evacuate Collection Set: 0.30ms
[543.902s][info][gc,phases   ] GC(762)   Merge Heap Roots: 0.15ms
[543.902s][info][gc,phases   ] GC(762)   Evacuate Collection Set: 6.93ms
[543.902s][info][gc,phases   ] GC(762)   Post Evacuate Collection Set: 0.89ms
[543.902s][info][gc,phases   ] GC(762)   Other: 0.11ms
[543.902s][info][gc,heap     ] GC(762) Eden regions: 478->0(478)
[543.902s][info][gc,heap     ] GC(762) Survivor regions: 14->14(62)
[543.902s][info][gc,heap     ] GC(762) Old regions: 44->44
[543.902s][info][gc,heap     ] GC(762) Humongous regions: 207->207
[543.902s][info][gc,metaspace] GC(762) Metaspace: 57840K(58176K)->57840K(58176K) NonClass: 49558K(49792K)->49558K(49792K) Class: 8282K(8384K)->8282K(8384K)
[543.902s][info][gc          ] GC(762) Pause Young (Concurrent Start) (G1 Evacuation Pause) 742M->264M(820M) 8.567ms
[543.902s][info][gc          ] GC(763) Concurrent Mark Cycle
[543.902s][info][gc,marking  ] GC(763) Concurrent Scan Root Regions
[543.903s][info][gc,cpu      ] GC(762) User=0.02s Sys=0.00s Real=0.01s
[543.910s][info][gc,marking  ] GC(763) Concurrent Scan Root Regions 7.375ms
[543.910s][info][gc,marking  ] GC(763) Concurrent Mark
[543.910s][info][gc,marking  ] GC(763) Concurrent Mark From Roots
[543.910s][info][gc,task     ] GC(763) Using 1 workers of 1 for marking
[543.968s][info][gc,marking  ] GC(763) Concurrent Mark From Roots 58.316ms
[543.968s][info][gc,marking  ] GC(763) Concurrent Preclean
[543.968s][info][gc,marking  ] GC(763) Concurrent Preclean 0.054ms
[543.968s][info][gc,start    ] GC(763) Pause Remark
[543.980s][info][gc          ] GC(763) Pause Remark 293M->293M(820M) 11.541ms
[543.980s][info][gc,cpu      ] GC(763) User=0.02s Sys=0.00s Real=0.01s
[543.980s][info][gc,marking  ] GC(763) Concurrent Mark 70.497ms
[543.980s][info][gc,marking  ] GC(763) Concurrent Rebuild Remembered Sets and Scrub Regions
[544.001s][info][gc,marking  ] GC(763) Concurrent Rebuild Remembered Sets and Scrub Regions 20.547ms
[544.001s][info][gc,start    ] GC(763) Pause Cleanup
[544.001s][info][gc          ] GC(763) Pause Cleanup 304M->304M(820M) 0.089ms
[544.001s][info][gc,cpu      ] GC(763) User=0.00s Sys=0.00s Real=0.00s
[544.001s][info][gc,marking  ] GC(763) Concurrent Clear Claimed Marks
[544.001s][info][gc,marking  ] GC(763) Concurrent Clear Claimed Marks 0.100ms
[544.001s][info][gc,marking  ] GC(763) Concurrent Cleanup for Next Mark
[544.004s][info][gc,marking  ] GC(763) Concurrent Cleanup for Next Mark 3.108ms
[544.005s][info][gc          ] GC(763) Concurrent Mark Cycle 102.319ms
[545.124s][info][gc,start    ] GC(764) Pause Young (Prepare Mixed) (G1 Evacuation Pause)
[545.124s][info][gc,task     ] GC(764) Using 2 workers of 2 for evacuation
[545.135s][info][gc,phases   ] GC(764)   Pre Evacuate Collection Set: 0.29ms
[545.135s][info][gc,phases   ] GC(764)   Merge Heap Roots: 0.17ms
[545.135s][info][gc,phases   ] GC(764)   Evacuate Collection Set: 9.37ms
[545.135s][info][gc,phases   ] GC(764)   Post Evacuate Collection Set: 0.91ms
[545.135s][info][gc,phases   ] GC(764)   Other: 0.11ms
[545.135s][info][gc,heap     ] GC(764) Eden regions: 478->0(477)
[545.135s][info][gc,heap     ] GC(764) Survivor regions: 14->15(62)
[545.135s][info][gc,heap     ] GC(764) Old regions: 44->44
[545.135s][info][gc,heap     ] GC(764) Humongous regions: 207->207
[545.135s][info][gc,metaspace] GC(764) Metaspace: 57840K(58176K)->57840K(58176K) NonClass: 49558K(49792K)->49558K(49792K) Class: 8282K(8384K)->8282K(8384K)
[545.135s][info][gc          ] GC(764) Pause Young (Prepare Mixed) (G1 Evacuation Pause) 742M->265M(820M) 11.081ms
[545.135s][info][gc,cpu      ] GC(764) User=0.02s Sys=0.00s Real=0.02s
[546.391s][info][gc,start    ] GC(765) Pause Young (Mixed) (G1 Evacuation Pause)
[546.392s][info][gc,task     ] GC(765) Using 2 workers of 2 for evacuation
[546.401s][info][gc,phases   ] GC(765)   Pre Evacuate Collection Set: 0.31ms
[546.401s][info][gc,phases   ] GC(765)   Merge Heap Roots: 0.15ms
[546.401s][info][gc,phases   ] GC(765)   Evacuate Collection Set: 7.63ms
[546.401s][info][gc,phases   ] GC(765)   Post Evacuate Collection Set: 0.87ms
[546.401s][info][gc,phases   ] GC(765)   Other: 0.11ms
[546.401s][info][gc,heap     ] GC(765) Eden regions: 477->0(478)
[546.401s][info][gc,heap     ] GC(765) Survivor regions: 15->14(62)
[546.401s][info][gc,heap     ] GC(765) Old regions: 44->44
[546.401s][info][gc,heap     ] GC(765) Humongous regions: 207->207
[546.401s][info][gc,metaspace] GC(765) Metaspace: 57840K(58176K)->57840K(58176K) NonClass: 49558K(49792K)->49558K(49792K) Class: 8282K(8384K)->8282K(8384K)
[546.401s][info][gc          ] GC(765) Pause Young (Mixed) (G1 Evacuation Pause) 742M->264M(820M) 9.263ms
[546.401s][info][gc,cpu      ] GC(765) User=0.02s Sys=0.00s Real=0.01s
[547.615s][info][gc,start    ] GC(766) Pause Young (Concurrent Start) (G1 Evacuation Pause)
[547.615s][info][gc,task     ] GC(766) Using 2 workers of 2 for evacuation
[547.625s][info][gc,phases   ] GC(766)   Pre Evacuate Collection Set: 0.31ms
[547.625s][info][gc,phases   ] GC(766)   Merge Heap Roots: 0.18ms
[547.625s][info][gc,phases   ] GC(766)   Evacuate Collection Set: 8.10ms
[547.625s][info][gc,phases   ] GC(766)   Post Evacuate Collection Set: 0.90ms
[547.625s][info][gc,phases   ] GC(766)   Other: 0.11ms
[547.625s][info][gc,heap     ] GC(766) Eden regions: 478->0(477)
[547.625s][info][gc,heap     ] GC(766) Survivor regions: 14->15(62)
[547.625s][info][gc,heap     ] GC(766) Old regions: 44->44
[547.625s][info][gc,heap     ] GC(766) Humongous regions: 207->207
[547.625s][info][gc,metaspace] GC(766) Metaspace: 57840K(58176K)->57840K(58176K) NonClass: 49558K(49792K)->49558K(49792K) Class: 8282K(8384K)->8282K(8384K)
[547.625s][info][gc          ] GC(766) Pause Young (Concurrent Start) (G1 Evacuation Pause) 742M->264M(820M) 9.816ms
[547.625s][info][gc          ] GC(767) Concurrent Mark Cycle
[547.625s][info][gc,marking  ] GC(767) Concurrent Scan Root Regions
[547.627s][info][gc,cpu      ] GC(766) User=0.02s Sys=0.00s Real=0.01s
[547.630s][info][gc,marking  ] GC(767) Concurrent Scan Root Regions 4.712ms
[547.630s][info][gc,marking  ] GC(767) Concurrent Mark
[547.630s][info][gc,marking  ] GC(767) Concurrent Mark From Roots
[547.630s][info][gc,task     ] GC(767) Using 1 workers of 1 for marking
[547.677s][info][gc,marking  ] GC(767) Concurrent Mark From Roots 46.953ms
[547.677s][info][gc,marking  ] GC(767) Concurrent Preclean
[547.677s][info][gc,marking  ] GC(767) Concurrent Preclean 0.055ms
[547.677s][info][gc,start    ] GC(767) Pause Remark
[547.688s][info][gc          ] GC(767) Pause Remark 278M->278M(820M) 11.032ms
[547.688s][info][gc,cpu      ] GC(767) User=0.02s Sys=0.00s Real=0.01s
[547.688s][info][gc,marking  ] GC(767) Concurrent Mark 58.507ms
[547.688s][info][gc,marking  ] GC(767) Concurrent Rebuild Remembered Sets and Scrub Regions
[547.712s][info][gc,marking  ] GC(767) Concurrent Rebuild Remembered Sets and Scrub Regions 23.588ms
[547.712s][info][gc,start    ] GC(767) Pause Cleanup
[547.713s][info][gc          ] GC(767) Pause Cleanup 292M->292M(820M) 0.095ms
[547.713s][info][gc,cpu      ] GC(767) User=0.00s Sys=0.00s Real=0.00s
[547.713s][info][gc,marking  ] GC(767) Concurrent Clear Claimed Marks
[547.713s][info][gc,marking  ] GC(767) Concurrent Clear Claimed Marks 0.103ms
[547.713s][info][gc,marking  ] GC(767) Concurrent Cleanup for Next Mark
[547.716s][info][gc,marking  ] GC(767) Concurrent Cleanup for Next Mark 2.427ms
[547.716s][info][gc          ] GC(767) Concurrent Mark Cycle 90.620ms
[548.891s][info][gc,start    ] GC(768) Pause Young (Prepare Mixed) (G1 Evacuation Pause)
[548.891s][info][gc,task     ] GC(768) Using 2 workers of 2 for evacuation
[548.903s][info][gc,phases   ] GC(768)   Pre Evacuate Collection Set: 1.06ms
[548.903s][info][gc,phases   ] GC(768)   Merge Heap Roots: 0.31ms
[548.903s][info][gc,phases   ] GC(768)   Evacuate Collection Set: 9.00ms
[548.903s][info][gc,phases   ] GC(768)   Post Evacuate Collection Set: 0.88ms
[548.903s][info][gc,phases   ] GC(768)   Other: 0.13ms
[548.903s][info][gc,heap     ] GC(768) Eden regions: 477->0(478)
[548.903s][info][gc,heap     ] GC(768) Survivor regions: 15->14(62)
[548.903s][info][gc,heap     ] GC(768) Old regions: 44->44
[548.903s][info][gc,heap     ] GC(768) Humongous regions: 207->207
[548.903s][info][gc,metaspace] GC(768) Metaspace: 57840K(58176K)->57840K(58176K) NonClass: 49558K(49792K)->49558K(49792K) Class: 8282K(8384K)->8282K(8384K)
[548.903s][info][gc          ] GC(768) Pause Young (Prepare Mixed) (G1 Evacuation Pause) 741M->264M(820M) 11.586ms
[548.903s][info][gc,cpu      ] GC(768) User=0.02s Sys=0.00s Real=0.01s
[550.112s][info][gc,start    ] GC(769) Pause Young (Mixed) (G1 Evacuation Pause)
[550.112s][info][gc,task     ] GC(769) Using 2 workers of 2 for evacuation
[550.125s][info][gc,phases   ] GC(769)   Pre Evacuate Collection Set: 0.28ms
[550.125s][info][gc,phases   ] GC(769)   Merge Heap Roots: 0.19ms
[550.125s][info][gc,phases   ] GC(769)   Evacuate Collection Set: 11.25ms
[550.125s][info][gc,phases   ] GC(769)   Post Evacuate Collection Set: 0.96ms
[550.125s][info][gc,phases   ] GC(769)   Other: 0.12ms
[550.125s][info][gc,heap     ] GC(769) Eden regions: 478->0(475)
[550.125s][info][gc,heap     ] GC(769) Survivor regions: 14->17(62)
[550.125s][info][gc,heap     ] GC(769) Old regions: 44->44
[550.125s][info][gc,heap     ] GC(769) Humongous regions: 207->207
[550.125s][info][gc,metaspace] GC(769) Metaspace: 57840K(58176K)->57840K(58176K) NonClass: 49558K(49792K)->49558K(49792K) Class: 8282K(8384K)->8282K(8384K)
[550.125s][info][gc          ] GC(769) Pause Young (Mixed) (G1 Evacuation Pause) 742M->266M(820M) 13.007ms
[550.125s][info][gc,cpu      ] GC(769) User=0.03s Sys=0.01s Real=0.02s
[551.335s][info][gc,start    ] GC(770) Pause Young (Concurrent Start) (G1 Evacuation Pause)
[551.335s][info][gc,task     ] GC(770) Using 2 workers of 2 for evacuation
[551.343s][info][gc,phases   ] GC(770)   Pre Evacuate Collection Set: 0.34ms
[551.343s][info][gc,phases   ] GC(770)   Merge Heap Roots: 0.15ms
[551.343s][info][gc,phases   ] GC(770)   Evacuate Collection Set: 6.89ms
[551.343s][info][gc,phases   ] GC(770)   Post Evacuate Collection Set: 0.84ms
[551.343s][info][gc,phases   ] GC(770)   Other: 0.12ms
[551.343s][info][gc,heap     ] GC(770) Eden regions: 475->0(476)
[551.343s][info][gc,heap     ] GC(770) Survivor regions: 17->16(62)
[551.343s][info][gc,heap     ] GC(770) Old regions: 44->44
[551.343s][info][gc,heap     ] GC(770) Humongous regions: 207->207
[551.343s][info][gc,metaspace] GC(770) Metaspace: 57840K(58176K)->57840K(58176K) NonClass: 49558K(49792K)->49558K(49792K) Class: 8282K(8384K)->8282K(8384K)
[551.343s][info][gc          ] GC(770) Pause Young (Concurrent Start) (G1 Evacuation Pause) 741M->265M(820M) 8.517ms
[551.343s][info][gc,cpu      ] GC(770) User=0.02s Sys=0.00s Real=0.00s
[551.343s][info][gc          ] GC(771) Concurrent Mark Cycle
[551.344s][info][gc,marking  ] GC(771) Concurrent Scan Root Regions
[551.350s][info][gc,marking  ] GC(771) Concurrent Scan Root Regions 5.636ms
[551.350s][info][gc,marking  ] GC(771) Concurrent Mark
[551.350s][info][gc,marking  ] GC(771) Concurrent Mark From Roots
[551.350s][info][gc,task     ] GC(771) Using 1 workers of 1 for marking
[551.396s][info][gc,marking  ] GC(771) Concurrent Mark From Roots 46.424ms
[551.396s][info][gc,marking  ] GC(771) Concurrent Preclean
[551.396s][info][gc,marking  ] GC(771) Concurrent Preclean 0.056ms
[551.397s][info][gc,start    ] GC(771) Pause Remark
[551.408s][info][gc          ] GC(771) Pause Remark 280M->280M(820M) 11.037ms
[551.408s][info][gc,cpu      ] GC(771) User=0.02s Sys=0.00s Real=0.01s
[551.409s][info][gc,marking  ] GC(771) Concurrent Mark 58.845ms
[551.409s][info][gc,marking  ] GC(771) Concurrent Rebuild Remembered Sets and Scrub Regions
[551.439s][info][gc,marking  ] GC(771) Concurrent Rebuild Remembered Sets and Scrub Regions 30.093ms
[551.440s][info][gc,start    ] GC(771) Pause Cleanup
[551.440s][info][gc          ] GC(771) Pause Cleanup 298M->298M(820M) 0.100ms
[551.440s][info][gc,cpu      ] GC(771) User=0.00s Sys=0.00s Real=0.00s
[551.440s][info][gc,marking  ] GC(771) Concurrent Clear Claimed Marks
[551.440s][info][gc,marking  ] GC(771) Concurrent Clear Claimed Marks 0.102ms
[551.440s][info][gc,marking  ] GC(771) Concurrent Cleanup for Next Mark
[551.446s][info][gc,marking  ] GC(771) Concurrent Cleanup for Next Mark 6.223ms
[551.446s][info][gc          ] GC(771) Concurrent Mark Cycle 103.179ms
[552.604s][info][gc,start    ] GC(772) Pause Young (Prepare Mixed) (G1 Evacuation Pause)
[552.604s][info][gc,task     ] GC(772) Using 2 workers of 2 for evacuation
[552.613s][info][gc,phases   ] GC(772)   Pre Evacuate Collection Set: 0.28ms
[552.613s][info][gc,phases   ] GC(772)   Merge Heap Roots: 0.15ms
[552.613s][info][gc,phases   ] GC(772)   Evacuate Collection Set: 8.25ms
[552.613s][info][gc,phases   ] GC(772)   Post Evacuate Collection Set: 0.84ms
[552.613s][info][gc,phases   ] GC(772)   Other: 0.09ms
[552.613s][info][gc,heap     ] GC(772) Eden regions: 476->0(476)
[552.613s][info][gc,heap     ] GC(772) Survivor regions: 16->16(62)
[552.613s][info][gc,heap     ] GC(772) Old regions: 44->44
[552.613s][info][gc,heap     ] GC(772) Humongous regions: 207->207
[552.613s][info][gc,metaspace] GC(772) Metaspace: 57840K(58176K)->57840K(58176K) NonClass: 49558K(49792K)->49558K(49792K) Class: 8282K(8384K)->8282K(8384K)
[552.613s][info][gc          ] GC(772) Pause Young (Prepare Mixed) (G1 Evacuation Pause) 741M->266M(820M) 9.835ms
[552.613s][info][gc,cpu      ] GC(772) User=0.02s Sys=0.00s Real=0.01s
[553.878s][info][gc,start    ] GC(773) Pause Young (Mixed) (G1 Evacuation Pause)
[553.878s][info][gc,task     ] GC(773) Using 2 workers of 2 for evacuation
[553.912s][info][gc,phases   ] GC(773)   Pre Evacuate Collection Set: 6.71ms
[553.912s][info][gc,phases   ] GC(773)   Merge Heap Roots: 0.28ms
[553.912s][info][gc,phases   ] GC(773)   Evacuate Collection Set: 25.36ms
[553.912s][info][gc,phases   ] GC(773)   Post Evacuate Collection Set: 1.31ms
[553.912s][info][gc,phases   ] GC(773)   Other: 0.10ms
[553.912s][info][gc,heap     ] GC(773) Eden regions: 476->0(476)
[553.912s][info][gc,heap     ] GC(773) Survivor regions: 16->16(62)
[553.912s][info][gc,heap     ] GC(773) Old regions: 44->44
[553.912s][info][gc,heap     ] GC(773) Humongous regions: 207->207
[553.912s][info][gc,metaspace] GC(773) Metaspace: 57840K(58176K)->57840K(58176K) NonClass: 49558K(49792K)->49558K(49792K) Class: 8282K(8384K)->8282K(8384K)
[553.912s][info][gc          ] GC(773) Pause Young (Mixed) (G1 Evacuation Pause) 742M->265M(820M) 33.968ms
[553.912s][info][gc,cpu      ] GC(773) User=0.02s Sys=0.00s Real=0.03s
[555.098s][info][gc,start    ] GC(774) Pause Young (Concurrent Start) (G1 Evacuation Pause)
[555.098s][info][gc,task     ] GC(774) Using 2 workers of 2 for evacuation
[555.108s][info][gc,phases   ] GC(774)   Pre Evacuate Collection Set: 0.39ms
[555.108s][info][gc,phases   ] GC(774)   Merge Heap Roots: 0.13ms
[555.108s][info][gc,phases   ] GC(774)   Evacuate Collection Set: 8.29ms
[555.108s][info][gc,phases   ] GC(774)   Post Evacuate Collection Set: 0.86ms
[555.108s][info][gc,phases   ] GC(774)   Other: 0.18ms
[555.108s][info][gc,heap     ] GC(774) Eden regions: 476->0(476)
[555.108s][info][gc,heap     ] GC(774) Survivor regions: 16->16(62)
[555.108s][info][gc,heap     ] GC(774) Old regions: 44->44
[555.108s][info][gc,heap     ] GC(774) Humongous regions: 207->207
[555.108s][info][gc,metaspace] GC(774) Metaspace: 57840K(58176K)->57840K(58176K) NonClass: 49558K(49792K)->49558K(49792K) Class: 8282K(8384K)->8282K(8384K)
[555.108s][info][gc          ] GC(774) Pause Young (Concurrent Start) (G1 Evacuation Pause) 741M->265M(820M) 10.027ms
[555.108s][info][gc          ] GC(775) Concurrent Mark Cycle
[555.108s][info][gc,marking  ] GC(775) Concurrent Scan Root Regions
[555.109s][info][gc,cpu      ] GC(774) User=0.02s Sys=0.00s Real=0.01s
[555.118s][info][gc,marking  ] GC(775) Concurrent Scan Root Regions 10.481ms
[555.118s][info][gc,marking  ] GC(775) Concurrent Mark
[555.118s][info][gc,marking  ] GC(775) Concurrent Mark From Roots
[555.118s][info][gc,task     ] GC(775) Using 1 workers of 1 for marking
[555.175s][info][gc,marking  ] GC(775) Concurrent Mark From Roots 56.931ms
[555.175s][info][gc,marking  ] GC(775) Concurrent Preclean
[555.175s][info][gc,marking  ] GC(775) Concurrent Preclean 0.055ms
[555.175s][info][gc,start    ] GC(775) Pause Remark
[555.187s][info][gc          ] GC(775) Pause Remark 293M->293M(820M) 11.283ms
[555.187s][info][gc,cpu      ] GC(775) User=0.02s Sys=0.00s Real=0.01s
[555.188s][info][gc,marking  ] GC(775) Concurrent Mark 69.623ms
[555.188s][info][gc,marking  ] GC(775) Concurrent Rebuild Remembered Sets and Scrub Regions
[555.204s][info][gc,marking  ] GC(775) Concurrent Rebuild Remembered Sets and Scrub Regions 15.947ms
[555.204s][info][gc,start    ] GC(775) Pause Cleanup
[555.204s][info][gc          ] GC(775) Pause Cleanup 301M->301M(820M) 0.075ms
[555.204s][info][gc,cpu      ] GC(775) User=0.00s Sys=0.00s Real=0.00s
[555.204s][info][gc,marking  ] GC(775) Concurrent Clear Claimed Marks
[555.204s][info][gc,marking  ] GC(775) Concurrent Clear Claimed Marks 0.086ms
[555.204s][info][gc,marking  ] GC(775) Concurrent Cleanup for Next Mark
[555.207s][info][gc,marking  ] GC(775) Concurrent Cleanup for Next Mark 2.416ms
[555.207s][info][gc          ] GC(775) Concurrent Mark Cycle 98.882ms
[556.431s][info][gc,start    ] GC(776) Pause Young (Prepare Mixed) (G1 Evacuation Pause)
[556.431s][info][gc,task     ] GC(776) Using 2 workers of 2 for evacuation
[556.442s][info][gc,phases   ] GC(776)   Pre Evacuate Collection Set: 0.28ms
[556.442s][info][gc,phases   ] GC(776)   Merge Heap Roots: 0.18ms
[556.442s][info][gc,phases   ] GC(776)   Evacuate Collection Set: 9.32ms
[556.442s][info][gc,phases   ] GC(776)   Post Evacuate Collection Set: 0.90ms
[556.442s][info][gc,phases   ] GC(776)   Other: 0.09ms
[556.442s][info][gc,heap     ] GC(776) Eden regions: 476->0(476)
[556.442s][info][gc,heap     ] GC(776) Survivor regions: 16->16(62)
[556.442s][info][gc,heap     ] GC(776) Old regions: 44->44
[556.442s][info][gc,heap     ] GC(776) Humongous regions: 207->207
[556.442s][info][gc,metaspace] GC(776) Metaspace: 57840K(58176K)->57840K(58176K) NonClass: 49558K(49792K)->49558K(49792K) Class: 8282K(8384K)->8282K(8384K)
[556.442s][info][gc          ] GC(776) Pause Young (Prepare Mixed) (G1 Evacuation Pause) 741M->266M(820M) 10.986ms
[556.442s][info][gc,cpu      ] GC(776) User=0.02s Sys=0.00s Real=0.01s
[557.620s][info][gc,start    ] GC(777) Pause Young (Mixed) (G1 Evacuation Pause)
[557.620s][info][gc,task     ] GC(777) Using 2 workers of 2 for evacuation
[557.630s][info][gc,phases   ] GC(777)   Pre Evacuate Collection Set: 0.28ms
[557.630s][info][gc,phases   ] GC(777)   Merge Heap Roots: 0.17ms
[557.630s][info][gc,phases   ] GC(777)   Evacuate Collection Set: 8.32ms
[557.630s][info][gc,phases   ] GC(777)   Post Evacuate Collection Set: 0.86ms
[557.630s][info][gc,phases   ] GC(777)   Other: 0.10ms
[557.630s][info][gc,heap     ] GC(777) Eden regions: 476->0(488)
[557.630s][info][gc,heap     ] GC(777) Survivor regions: 16->4(62)
[557.630s][info][gc,heap     ] GC(777) Old regions: 44->55
[557.630s][info][gc,heap     ] GC(777) Humongous regions: 207->207
[557.630s][info][gc,metaspace] GC(777) Metaspace: 57840K(58176K)->57840K(58176K) NonClass: 49558K(49792K)->49558K(49792K) Class: 8282K(8384K)->8282K(8384K)
[557.630s][info][gc          ] GC(777) Pause Young (Mixed) (G1 Evacuation Pause) 742M->265M(820M) 9.917ms
[557.630s][info][gc,cpu      ] GC(777) User=0.02s Sys=0.00s Real=0.01s
[558.888s][info][gc,start    ] GC(778) Pause Young (Concurrent Start) (G1 Evacuation Pause)
[558.888s][info][gc,task     ] GC(778) Using 2 workers of 2 for evacuation
[558.894s][info][gc,phases   ] GC(778)   Pre Evacuate Collection Set: 0.32ms
[558.894s][info][gc,phases   ] GC(778)   Merge Heap Roots: 0.22ms
[558.894s][info][gc,phases   ] GC(778)   Evacuate Collection Set: 3.78ms
[558.894s][info][gc,phases   ] GC(778)   Post Evacuate Collection Set: 0.81ms
[558.894s][info][gc,phases   ] GC(778)   Other: 0.13ms
[558.894s][info][gc,heap     ] GC(778) Eden regions: 488->0(488)
[558.894s][info][gc,heap     ] GC(778) Survivor regions: 4->4(62)
[558.894s][info][gc,heap     ] GC(778) Old regions: 55->56
[558.894s][info][gc,heap     ] GC(778) Humongous regions: 207->207
[558.894s][info][gc,metaspace] GC(778) Metaspace: 57840K(58176K)->57840K(58176K) NonClass: 49558K(49792K)->49558K(49792K) Class: 8282K(8384K)->8282K(8384K)
[558.894s][info][gc          ] GC(778) Pause Young (Concurrent Start) (G1 Evacuation Pause) 753M->265M(820M) 5.453ms
[558.894s][info][gc          ] GC(779) Concurrent Mark Cycle
[558.894s][info][gc,marking  ] GC(779) Concurrent Scan Root Regions
[558.895s][info][gc,cpu      ] GC(778) User=0.01s Sys=0.00s Real=0.01s
[558.896s][info][gc,marking  ] GC(779) Concurrent Scan Root Regions 2.038ms
[558.896s][info][gc,marking  ] GC(779) Concurrent Mark
[558.896s][info][gc,marking  ] GC(779) Concurrent Mark From Roots
[558.896s][info][gc,task     ] GC(779) Using 1 workers of 1 for marking
[558.963s][info][gc,marking  ] GC(779) Concurrent Mark From Roots 67.329ms
[558.963s][info][gc,marking  ] GC(779) Concurrent Preclean
[558.963s][info][gc,marking  ] GC(779) Concurrent Preclean 0.073ms
[558.963s][info][gc,start    ] GC(779) Pause Remark
[558.975s][info][gc          ] GC(779) Pause Remark 299M->283M(820M) 11.385ms
[558.975s][info][gc,cpu      ] GC(779) User=0.02s Sys=0.00s Real=0.02s
[558.976s][info][gc,marking  ] GC(779) Concurrent Mark 79.628ms
[558.976s][info][gc,marking  ] GC(779) Concurrent Rebuild Remembered Sets and Scrub Regions
[559.004s][info][gc,marking  ] GC(779) Concurrent Rebuild Remembered Sets and Scrub Regions 28.548ms
[559.004s][info][gc,start    ] GC(779) Pause Cleanup
[559.004s][info][gc          ] GC(779) Pause Cleanup 296M->296M(820M) 0.099ms
[559.004s][info][gc,cpu      ] GC(779) User=0.00s Sys=0.00s Real=0.00s
[559.004s][info][gc,marking  ] GC(779) Concurrent Clear Claimed Marks
[559.005s][info][gc,marking  ] GC(779) Concurrent Clear Claimed Marks 0.110ms
[559.005s][info][gc,marking  ] GC(779) Concurrent Cleanup for Next Mark
[559.023s][info][gc,marking  ] GC(779) Concurrent Cleanup for Next Mark 18.378ms
[559.023s][info][gc          ] GC(779) Concurrent Mark Cycle 129.210ms
[560.275s][info][gc,start    ] GC(780) Pause Young (Prepare Mixed) (G1 Evacuation Pause)
[560.275s][info][gc,task     ] GC(780) Using 2 workers of 2 for evacuation
[560.285s][info][gc,phases   ] GC(780)   Pre Evacuate Collection Set: 0.46ms
[560.285s][info][gc,phases   ] GC(780)   Merge Heap Roots: 0.17ms
[560.285s][info][gc,phases   ] GC(780)   Evacuate Collection Set: 7.50ms
[560.285s][info][gc,phases   ] GC(780)   Post Evacuate Collection Set: 1.67ms
[560.285s][info][gc,phases   ] GC(780)   Other: 0.10ms
[560.285s][info][gc,heap     ] GC(780) Eden regions: 488->0(489)
[560.285s][info][gc,heap     ] GC(780) Survivor regions: 4->3(62)
[560.285s][info][gc,heap     ] GC(780) Old regions: 40->40
[560.285s][info][gc,heap     ] GC(780) Humongous regions: 207->207
[560.285s][info][gc,metaspace] GC(780) Metaspace: 57840K(58176K)->57840K(58176K) NonClass: 49558K(49792K)->49558K(49792K) Class: 8282K(8384K)->8282K(8384K)
[560.285s][info][gc          ] GC(780) Pause Young (Prepare Mixed) (G1 Evacuation Pause) 737M->248M(820M) 10.186ms
[560.285s][info][gc,cpu      ] GC(780) User=0.01s Sys=0.00s Real=0.01s
[561.526s][info][gc,start    ] GC(781) Pause Young (Mixed) (G1 Evacuation Pause)
[561.526s][info][gc,task     ] GC(781) Using 2 workers of 2 for evacuation
[561.534s][info][gc,phases   ] GC(781)   Pre Evacuate Collection Set: 0.46ms
[561.534s][info][gc,phases   ] GC(781)   Merge Heap Roots: 0.13ms
[561.534s][info][gc,phases   ] GC(781)   Evacuate Collection Set: 6.71ms
[561.534s][info][gc,phases   ] GC(781)   Post Evacuate Collection Set: 0.81ms
[561.534s][info][gc,phases   ] GC(781)   Other: 0.11ms
[561.534s][info][gc,heap     ] GC(781) Eden regions: 489->0(488)
[561.534s][info][gc,heap     ] GC(781) Survivor regions: 3->4(62)
[561.534s][info][gc,heap     ] GC(781) Old regions: 40->38
[561.534s][info][gc,heap     ] GC(781) Humongous regions: 207->207
[561.534s][info][gc,metaspace] GC(781) Metaspace: 57840K(58176K)->57840K(58176K) NonClass: 49558K(49792K)->49558K(49792K) Class: 8282K(8384K)->8282K(8384K)
[561.534s][info][gc          ] GC(781) Pause Young (Mixed) (G1 Evacuation Pause) 737M->247M(820M) 8.427ms
[561.534s][info][gc,cpu      ] GC(781) User=0.01s Sys=0.00s Real=0.01s
[562.809s][info][gc,start    ] GC(782) Pause Young (Normal) (G1 Evacuation Pause)
[562.809s][info][gc,task     ] GC(782) Using 2 workers of 2 for evacuation
[562.815s][info][gc,phases   ] GC(782)   Pre Evacuate Collection Set: 0.27ms
[562.815s][info][gc,phases   ] GC(782)   Merge Heap Roots: 0.20ms
[562.815s][info][gc,phases   ] GC(782)   Evacuate Collection Set: 4.71ms
[562.815s][info][gc,phases   ] GC(782)   Post Evacuate Collection Set: 0.80ms
[562.815s][info][gc,phases   ] GC(782)   Other: 0.09ms
[562.815s][info][gc,heap     ] GC(782) Eden regions: 488->0(488)
[562.815s][info][gc,heap     ] GC(782) Survivor regions: 4->4(62)
[562.815s][info][gc,heap     ] GC(782) Old regions: 38->38
[562.815s][info][gc,heap     ] GC(782) Humongous regions: 207->207
[562.815s][info][gc,metaspace] GC(782) Metaspace: 57840K(58176K)->57840K(58176K) NonClass: 49558K(49792K)->49558K(49792K) Class: 8282K(8384K)->8282K(8384K)
[562.815s][info][gc          ] GC(782) Pause Young (Normal) (G1 Evacuation Pause) 735M->248M(820M) 6.276ms
[562.815s][info][gc,cpu      ] GC(782) User=0.01s Sys=0.00s Real=0.01s
[564.101s][info][gc,start    ] GC(783) Pause Young (Normal) (G1 Evacuation Pause)
[564.101s][info][gc,task     ] GC(783) Using 2 workers of 2 for evacuation
[564.106s][info][gc,phases   ] GC(783)   Pre Evacuate Collection Set: 0.30ms
[564.106s][info][gc,phases   ] GC(783)   Merge Heap Roots: 0.15ms
[564.106s][info][gc,phases   ] GC(783)   Evacuate Collection Set: 3.84ms
[564.106s][info][gc,phases   ] GC(783)   Post Evacuate Collection Set: 0.82ms
[564.106s][info][gc,phases   ] GC(783)   Other: 0.09ms
[564.106s][info][gc,heap     ] GC(783) Eden regions: 488->0(488)
[564.106s][info][gc,heap     ] GC(783) Survivor regions: 4->4(62)
[564.106s][info][gc,heap     ] GC(783) Old regions: 38->38
[564.106s][info][gc,heap     ] GC(783) Humongous regions: 207->207
[564.106s][info][gc,metaspace] GC(783) Metaspace: 57840K(58176K)->57840K(58176K) NonClass: 49558K(49792K)->49558K(49792K) Class: 8282K(8384K)->8282K(8384K)
[564.106s][info][gc          ] GC(783) Pause Young (Normal) (G1 Evacuation Pause) 736M->247M(820M) 5.398ms
[564.106s][info][gc,cpu      ] GC(783) User=0.01s Sys=0.00s Real=0.01s
[565.392s][info][gc,start    ] GC(784) Pause Young (Normal) (G1 Evacuation Pause)
[565.392s][info][gc,task     ] GC(784) Using 2 workers of 2 for evacuation
[565.397s][info][gc,phases   ] GC(784)   Pre Evacuate Collection Set: 0.30ms
[565.397s][info][gc,phases   ] GC(784)   Merge Heap Roots: 0.15ms
[565.397s][info][gc,phases   ] GC(784)   Evacuate Collection Set: 3.73ms
[565.397s][info][gc,phases   ] GC(784)   Post Evacuate Collection Set: 0.84ms
[565.397s][info][gc,phases   ] GC(784)   Other: 0.09ms
[565.397s][info][gc,heap     ] GC(784) Eden regions: 488->0(488)
[565.397s][info][gc,heap     ] GC(784) Survivor regions: 4->4(62)
[565.397s][info][gc,heap     ] GC(784) Old regions: 38->38
[565.397s][info][gc,heap     ] GC(784) Humongous regions: 207->207
[565.397s][info][gc,metaspace] GC(784) Metaspace: 57840K(58176K)->57840K(58176K) NonClass: 49558K(49792K)->49558K(49792K) Class: 8282K(8384K)->8282K(8384K)
[565.397s][info][gc          ] GC(784) Pause Young (Normal) (G1 Evacuation Pause) 735M->248M(820M) 5.279ms
[565.397s][info][gc,cpu      ] GC(784) User=0.01s Sys=0.00s Real=0.01s
[566.630s][info][gc,start    ] GC(785) Pause Young (Normal) (G1 Evacuation Pause)
[566.630s][info][gc,task     ] GC(785) Using 2 workers of 2 for evacuation
[566.634s][info][gc,phases   ] GC(785)   Pre Evacuate Collection Set: 0.30ms
[566.634s][info][gc,phases   ] GC(785)   Merge Heap Roots: 0.15ms
[566.634s][info][gc,phases   ] GC(785)   Evacuate Collection Set: 3.16ms
[566.634s][info][gc,phases   ] GC(785)   Post Evacuate Collection Set: 0.83ms
[566.634s][info][gc,phases   ] GC(785)   Other: 0.09ms
[566.634s][info][gc,heap     ] GC(785) Eden regions: 488->0(489)
[566.634s][info][gc,heap     ] GC(785) Survivor regions: 4->3(62)
[566.634s][info][gc,heap     ] GC(785) Old regions: 38->38
[566.634s][info][gc,heap     ] GC(785) Humongous regions: 207->207
[566.634s][info][gc,metaspace] GC(785) Metaspace: 57840K(58176K)->57840K(58176K) NonClass: 49558K(49792K)->49558K(49792K) Class: 8282K(8384K)->8282K(8384K)
[566.634s][info][gc          ] GC(785) Pause Young (Normal) (G1 Evacuation Pause) 735M->247M(820M) 4.713ms
[566.634s][info][gc,cpu      ] GC(785) User=0.01s Sys=0.00s Real=0.01s
[567.924s][info][gc,start    ] GC(786) Pause Young (Normal) (G1 Evacuation Pause)
[567.924s][info][gc,task     ] GC(786) Using 2 workers of 2 for evacuation
[567.930s][info][gc,phases   ] GC(786)   Pre Evacuate Collection Set: 0.29ms
[567.930s][info][gc,phases   ] GC(786)   Merge Heap Roots: 0.16ms
[567.930s][info][gc,phases   ] GC(786)   Evacuate Collection Set: 4.61ms
[567.930s][info][gc,phases   ] GC(786)   Post Evacuate Collection Set: 0.83ms
[567.930s][info][gc,phases   ] GC(786)   Other: 0.09ms
[567.930s][info][gc,heap     ] GC(786) Eden regions: 489->0(489)
[567.930s][info][gc,heap     ] GC(786) Survivor regions: 3->3(62)
[567.930s][info][gc,heap     ] GC(786) Old regions: 38->39
[567.930s][info][gc,heap     ] GC(786) Humongous regions: 207->207
[567.930s][info][gc,metaspace] GC(786) Metaspace: 57840K(58176K)->57840K(58176K) NonClass: 49558K(49792K)->49558K(49792K) Class: 8282K(8384K)->8282K(8384K)
[567.930s][info][gc          ] GC(786) Pause Young (Normal) (G1 Evacuation Pause) 736M->248M(820M) 6.182ms
[567.930s][info][gc,cpu      ] GC(786) User=0.02s Sys=0.00s Real=0.00s
[569.214s][info][gc,start    ] GC(787) Pause Young (Normal) (G1 Evacuation Pause)
[569.214s][info][gc,task     ] GC(787) Using 2 workers of 2 for evacuation
[569.220s][info][gc,phases   ] GC(787)   Pre Evacuate Collection Set: 0.30ms
[569.220s][info][gc,phases   ] GC(787)   Merge Heap Roots: 0.16ms
[569.220s][info][gc,phases   ] GC(787)   Evacuate Collection Set: 4.47ms
[569.220s][info][gc,phases   ] GC(787)   Post Evacuate Collection Set: 0.87ms
[569.220s][info][gc,phases   ] GC(787)   Other: 0.11ms
[569.220s][info][gc,heap     ] GC(787) Eden regions: 489->0(490)
[569.220s][info][gc,heap     ] GC(787) Survivor regions: 3->2(62)
[569.220s][info][gc,heap     ] GC(787) Old regions: 39->39
[569.220s][info][gc,heap     ] GC(787) Humongous regions: 207->207
[569.221s][info][gc,metaspace] GC(787) Metaspace: 57840K(58176K)->57840K(58176K) NonClass: 49558K(49792K)->49558K(49792K) Class: 8282K(8384K)->8282K(8384K)
[569.221s][info][gc          ] GC(787) Pause Young (Normal) (G1 Evacuation Pause) 737M->247M(820M) 6.119ms
[569.221s][info][gc,cpu      ] GC(787) User=0.01s Sys=0.00s Real=0.00s
[570.503s][info][gc,start    ] GC(788) Pause Young (Normal) (G1 Evacuation Pause)
[570.503s][info][gc,task     ] GC(788) Using 2 workers of 2 for evacuation
[570.509s][info][gc,phases   ] GC(788)   Pre Evacuate Collection Set: 0.29ms
[570.509s][info][gc,phases   ] GC(788)   Merge Heap Roots: 0.16ms
[570.509s][info][gc,phases   ] GC(788)   Evacuate Collection Set: 4.52ms
[570.509s][info][gc,phases   ] GC(788)   Post Evacuate Collection Set: 0.83ms
[570.509s][info][gc,phases   ] GC(788)   Other: 0.12ms
[570.509s][info][gc,heap     ] GC(788) Eden regions: 490->0(489)
[570.509s][info][gc,heap     ] GC(788) Survivor regions: 2->3(62)
[570.509s][info][gc,heap     ] GC(788) Old regions: 39->39
[570.509s][info][gc,heap     ] GC(788) Humongous regions: 207->207
[570.509s][info][gc,metaspace] GC(788) Metaspace: 57840K(58176K)->57840K(58176K) NonClass: 49558K(49792K)->49558K(49792K) Class: 8282K(8384K)->8282K(8384K)
[570.509s][info][gc          ] GC(788) Pause Young (Normal) (G1 Evacuation Pause) 737M->248M(820M) 6.098ms
[570.509s][info][gc,cpu      ] GC(788) User=0.01s Sys=0.00s Real=0.01s
[571.818s][info][gc,start    ] GC(789) Pause Young (Normal) (G1 Evacuation Pause)
[571.818s][info][gc,task     ] GC(789) Using 2 workers of 2 for evacuation
[571.837s][info][gc,phases   ] GC(789)   Pre Evacuate Collection Set: 0.31ms
[571.837s][info][gc,phases   ] GC(789)   Merge Heap Roots: 0.20ms
[571.837s][info][gc,phases   ] GC(789)   Evacuate Collection Set: 16.95ms
[571.837s][info][gc,phases   ] GC(789)   Post Evacuate Collection Set: 1.34ms
[571.837s][info][gc,phases   ] GC(789)   Other: 0.11ms
[571.837s][info][gc,heap     ] GC(789) Eden regions: 489->0(489)
[571.837s][info][gc,heap     ] GC(789) Survivor regions: 3->3(62)
[571.837s][info][gc,heap     ] GC(789) Old regions: 39->39
[571.837s][info][gc,heap     ] GC(789) Humongous regions: 207->207
[571.837s][info][gc,metaspace] GC(789) Metaspace: 57840K(58176K)->57840K(58176K) NonClass: 49558K(49792K)->49558K(49792K) Class: 8282K(8384K)->8282K(8384K)
[571.837s][info][gc          ] GC(789) Pause Young (Normal) (G1 Evacuation Pause) 737M->248M(820M) 19.139ms
[571.837s][info][gc,cpu      ] GC(789) User=0.02s Sys=0.00s Real=0.02s
[573.088s][info][gc,start    ] GC(790) Pause Young (Normal) (G1 Evacuation Pause)
[573.088s][info][gc,task     ] GC(790) Using 2 workers of 2 for evacuation
[573.093s][info][gc,phases   ] GC(790)   Pre Evacuate Collection Set: 0.43ms
[573.093s][info][gc,phases   ] GC(790)   Merge Heap Roots: 0.14ms
[573.093s][info][gc,phases   ] GC(790)   Evacuate Collection Set: 3.07ms
[573.093s][info][gc,phases   ] GC(790)   Post Evacuate Collection Set: 0.83ms
[573.093s][info][gc,phases   ] GC(790)   Other: 0.15ms
[573.093s][info][gc,heap     ] GC(790) Eden regions: 489->0(491)
[573.093s][info][gc,heap     ] GC(790) Survivor regions: 3->1(62)
[573.093s][info][gc,heap     ] GC(790) Old regions: 39->40
[573.093s][info][gc,heap     ] GC(790) Humongous regions: 207->207
[573.093s][info][gc,metaspace] GC(790) Metaspace: 57840K(58176K)->57840K(58176K) NonClass: 49558K(49792K)->49558K(49792K) Class: 8282K(8384K)->8282K(8384K)
[573.093s][info][gc          ] GC(790) Pause Young (Normal) (G1 Evacuation Pause) 737M->247M(820M) 4.816ms
[573.093s][info][gc,cpu      ] GC(790) User=0.01s Sys=0.00s Real=0.00s
[574.332s][info][gc,start    ] GC(791) Pause Young (Normal) (G1 Evacuation Pause)
[574.332s][info][gc,task     ] GC(791) Using 2 workers of 2 for evacuation
[574.337s][info][gc,phases   ] GC(791)   Pre Evacuate Collection Set: 0.52ms
[574.337s][info][gc,phases   ] GC(791)   Merge Heap Roots: 0.26ms
[574.337s][info][gc,phases   ] GC(791)   Evacuate Collection Set: 3.05ms
[574.337s][info][gc,phases   ] GC(791)   Post Evacuate Collection Set: 0.87ms
[574.337s][info][gc,phases   ] GC(791)   Other: 0.12ms
[574.337s][info][gc,heap     ] GC(791) Eden regions: 491->0(490)
[574.337s][info][gc,heap     ] GC(791) Survivor regions: 1->2(62)
[574.337s][info][gc,heap     ] GC(791) Old regions: 40->40
[574.337s][info][gc,heap     ] GC(791) Humongous regions: 207->207
[574.337s][info][gc,metaspace] GC(791) Metaspace: 57840K(58176K)->57840K(58176K) NonClass: 49558K(49792K)->49558K(49792K) Class: 8282K(8384K)->8282K(8384K)
[574.337s][info][gc          ] GC(791) Pause Young (Normal) (G1 Evacuation Pause) 738M->247M(820M) 5.014ms
[574.337s][info][gc,cpu      ] GC(791) User=0.00s Sys=0.00s Real=0.01s
[575.627s][info][gc,start    ] GC(792) Pause Young (Normal) (G1 Evacuation Pause)
[575.627s][info][gc,task     ] GC(792) Using 2 workers of 2 for evacuation
[575.633s][info][gc,phases   ] GC(792)   Pre Evacuate Collection Set: 0.30ms
[575.633s][info][gc,phases   ] GC(792)   Merge Heap Roots: 0.17ms
[575.633s][info][gc,phases   ] GC(792)   Evacuate Collection Set: 4.58ms
[575.633s][info][gc,phases   ] GC(792)   Post Evacuate Collection Set: 0.83ms
[575.633s][info][gc,phases   ] GC(792)   Other: 0.13ms
[575.633s][info][gc,heap     ] GC(792) Eden regions: 490->0(490)
[575.633s][info][gc,heap     ] GC(792) Survivor regions: 2->2(62)
[575.633s][info][gc,heap     ] GC(792) Old regions: 40->40
[575.633s][info][gc,heap     ] GC(792) Humongous regions: 207->207
[575.633s][info][gc,metaspace] GC(792) Metaspace: 57840K(58176K)->57840K(58176K) NonClass: 49558K(49792K)->49558K(49792K) Class: 8282K(8384K)->8282K(8384K)
[575.633s][info][gc          ] GC(792) Pause Young (Normal) (G1 Evacuation Pause) 737M->248M(820M) 6.182ms
[575.633s][info][gc,cpu      ] GC(792) User=0.02s Sys=0.00s Real=0.00s
[576.919s][info][gc,start    ] GC(793) Pause Young (Normal) (G1 Evacuation Pause)
[576.919s][info][gc,task     ] GC(793) Using 2 workers of 2 for evacuation
[576.926s][info][gc,phases   ] GC(793)   Pre Evacuate Collection Set: 0.28ms
[576.926s][info][gc,phases   ] GC(793)   Merge Heap Roots: 0.16ms
[576.926s][info][gc,phases   ] GC(793)   Evacuate Collection Set: 5.17ms
[576.926s][info][gc,phases   ] GC(793)   Post Evacuate Collection Set: 0.81ms
[576.926s][info][gc,phases   ] GC(793)   Other: 0.09ms
[576.926s][info][gc,heap     ] GC(793) Eden regions: 490->0(489)
[576.926s][info][gc,heap     ] GC(793) Survivor regions: 2->3(62)
[576.926s][info][gc,heap     ] GC(793) Old regions: 40->40
[576.926s][info][gc,heap     ] GC(793) Humongous regions: 207->207
[576.926s][info][gc,metaspace] GC(793) Metaspace: 57840K(58176K)->57840K(58176K) NonClass: 49558K(49792K)->49558K(49792K) Class: 8282K(8384K)->8282K(8384K)
[576.926s][info][gc          ] GC(793) Pause Young (Normal) (G1 Evacuation Pause) 737M->248M(820M) 6.671ms
[576.926s][info][gc,cpu      ] GC(793) User=0.01s Sys=0.00s Real=0.01s
[578.209s][info][gc,start    ] GC(794) Pause Young (Normal) (G1 Evacuation Pause)
[578.209s][info][gc,task     ] GC(794) Using 2 workers of 2 for evacuation
[578.215s][info][gc,phases   ] GC(794)   Pre Evacuate Collection Set: 0.29ms
[578.215s][info][gc,phases   ] GC(794)   Merge Heap Roots: 0.15ms
[578.215s][info][gc,phases   ] GC(794)   Evacuate Collection Set: 4.67ms
[578.215s][info][gc,phases   ] GC(794)   Post Evacuate Collection Set: 0.84ms
[578.215s][info][gc,phases   ] GC(794)   Other: 0.12ms
[578.215s][info][gc,heap     ] GC(794) Eden regions: 489->0(489)
[578.215s][info][gc,heap     ] GC(794) Survivor regions: 3->3(62)
[578.215s][info][gc,heap     ] GC(794) Old regions: 40->40
[578.215s][info][gc,heap     ] GC(794) Humongous regions: 207->207
[578.215s][info][gc,metaspace] GC(794) Metaspace: 57840K(58176K)->57840K(58176K) NonClass: 49558K(49792K)->49558K(49792K) Class: 8282K(8384K)->8282K(8384K)
[578.215s][info][gc          ] GC(794) Pause Young (Normal) (G1 Evacuation Pause) 737M->248M(820M) 6.310ms
[578.215s][info][gc,cpu      ] GC(794) User=0.01s Sys=0.00s Real=0.01s
[579.504s][info][gc,start    ] GC(795) Pause Young (Normal) (G1 Evacuation Pause)
[579.504s][info][gc,task     ] GC(795) Using 2 workers of 2 for evacuation
[579.509s][info][gc,phases   ] GC(795)   Pre Evacuate Collection Set: 0.28ms
[579.509s][info][gc,phases   ] GC(795)   Merge Heap Roots: 0.16ms
[579.509s][info][gc,phases   ] GC(795)   Evacuate Collection Set: 3.36ms
[579.509s][info][gc,phases   ] GC(795)   Post Evacuate Collection Set: 0.81ms
[579.509s][info][gc,phases   ] GC(795)   Other: 0.11ms
[579.509s][info][gc,heap     ] GC(795) Eden regions: 489->0(490)
[579.509s][info][gc,heap     ] GC(795) Survivor regions: 3->2(62)
[579.509s][info][gc,heap     ] GC(795) Old regions: 40->40
[579.509s][info][gc,heap     ] GC(795) Humongous regions: 207->207
[579.509s][info][gc,metaspace] GC(795) Metaspace: 57840K(58176K)->57840K(58176K) NonClass: 49558K(49792K)->49558K(49792K) Class: 8282K(8384K)->8282K(8384K)
[579.509s][info][gc          ] GC(795) Pause Young (Normal) (G1 Evacuation Pause) 737M->247M(820M) 4.897ms
[579.509s][info][gc,cpu      ] GC(795) User=0.01s Sys=0.00s Real=0.00s
[580.794s][info][gc,start    ] GC(796) Pause Young (Normal) (G1 Evacuation Pause)
[580.795s][info][gc,task     ] GC(796) Using 2 workers of 2 for evacuation
[580.800s][info][gc,phases   ] GC(796)   Pre Evacuate Collection Set: 0.27ms
[580.800s][info][gc,phases   ] GC(796)   Merge Heap Roots: 0.16ms
[580.800s][info][gc,phases   ] GC(796)   Evacuate Collection Set: 3.62ms
[580.800s][info][gc,phases   ] GC(796)   Post Evacuate Collection Set: 1.09ms
[580.800s][info][gc,phases   ] GC(796)   Other: 0.10ms
[580.800s][info][gc,heap     ] GC(796) Eden regions: 490->0(489)
[580.800s][info][gc,heap     ] GC(796) Survivor regions: 2->3(62)
[580.800s][info][gc,heap     ] GC(796) Old regions: 40->40
[580.800s][info][gc,heap     ] GC(796) Humongous regions: 207->207
[580.800s][info][gc,metaspace] GC(796) Metaspace: 57840K(58176K)->57840K(58176K) NonClass: 49558K(49792K)->49558K(49792K) Class: 8282K(8384K)->8282K(8384K)
[580.800s][info][gc          ] GC(796) Pause Young (Normal) (G1 Evacuation Pause) 737M->248M(820M) 5.416ms
[580.800s][info][gc,cpu      ] GC(796) User=0.00s Sys=0.00s Real=0.00s
[582.085s][info][gc,start    ] GC(797) Pause Young (Normal) (G1 Evacuation Pause)
[582.085s][info][gc,task     ] GC(797) Using 2 workers of 2 for evacuation
[582.089s][info][gc,phases   ] GC(797)   Pre Evacuate Collection Set: 0.26ms
[582.089s][info][gc,phases   ] GC(797)   Merge Heap Roots: 0.14ms
[582.089s][info][gc,phases   ] GC(797)   Evacuate Collection Set: 2.47ms
[582.089s][info][gc,phases   ] GC(797)   Post Evacuate Collection Set: 0.80ms
[582.089s][info][gc,phases   ] GC(797)   Other: 0.12ms
[582.089s][info][gc,heap     ] GC(797) Eden regions: 489->0(491)
[582.089s][info][gc,heap     ] GC(797) Survivor regions: 3->1(62)
[582.089s][info][gc,heap     ] GC(797) Old regions: 40->40
[582.089s][info][gc,heap     ] GC(797) Humongous regions: 207->207
[582.089s][info][gc,metaspace] GC(797) Metaspace: 57840K(58176K)->57840K(58176K) NonClass: 49558K(49792K)->49558K(49792K) Class: 8282K(8384K)->8282K(8384K)
[582.089s][info][gc          ] GC(797) Pause Young (Normal) (G1 Evacuation Pause) 737M->246M(820M) 3.974ms
[582.089s][info][gc,cpu      ] GC(797) User=0.01s Sys=0.00s Real=0.00s
[583.324s][info][gc,start    ] GC(798) Pause Young (Normal) (G1 Evacuation Pause)
[583.324s][info][gc,task     ] GC(798) Using 2 workers of 2 for evacuation
[583.336s][info][gc,phases   ] GC(798)   Pre Evacuate Collection Set: 0.29ms
[583.336s][info][gc,phases   ] GC(798)   Merge Heap Roots: 0.15ms
[583.336s][info][gc,phases   ] GC(798)   Evacuate Collection Set: 10.69ms
[583.336s][info][gc,phases   ] GC(798)   Post Evacuate Collection Set: 0.85ms
[583.336s][info][gc,phases   ] GC(798)   Other: 0.12ms
[583.336s][info][gc,heap     ] GC(798) Eden regions: 491->0(479)
[583.336s][info][gc,heap     ] GC(798) Survivor regions: 1->13(62)
[583.336s][info][gc,heap     ] GC(798) Old regions: 40->40
[583.336s][info][gc,heap     ] GC(798) Humongous regions: 207->207
[583.336s][info][gc,metaspace] GC(798) Metaspace: 57840K(58176K)->57840K(58176K) NonClass: 49558K(49792K)->49558K(49792K) Class: 8282K(8384K)->8282K(8384K)
[583.336s][info][gc          ] GC(798) Pause Young (Normal) (G1 Evacuation Pause) 737M->258M(820M) 12.300ms
[583.336s][info][gc,cpu      ] GC(798) User=0.02s Sys=0.00s Real=0.02s
[584.604s][info][gc,start    ] GC(799) Pause Young (Normal) (G1 Evacuation Pause)
[584.604s][info][gc,task     ] GC(799) Using 2 workers of 2 for evacuation
[584.614s][info][gc,phases   ] GC(799)   Pre Evacuate Collection Set: 0.28ms
[584.614s][info][gc,phases   ] GC(799)   Merge Heap Roots: 0.16ms
[584.614s][info][gc,phases   ] GC(799)   Evacuate Collection Set: 8.81ms
[584.614s][info][gc,phases   ] GC(799)   Post Evacuate Collection Set: 0.86ms
[584.614s][info][gc,phases   ] GC(799)   Other: 0.12ms
[584.614s][info][gc,heap     ] GC(799) Eden regions: 479->0(478)
[584.614s][info][gc,heap     ] GC(799) Survivor regions: 13->14(62)
[584.614s][info][gc,heap     ] GC(799) Old regions: 40->40
[584.614s][info][gc,heap     ] GC(799) Humongous regions: 207->207
[584.614s][info][gc,metaspace] GC(799) Metaspace: 57840K(58176K)->57840K(58176K) NonClass: 49558K(49792K)->49558K(49792K) Class: 8282K(8384K)->8282K(8384K)
[584.614s][info][gc          ] GC(799) Pause Young (Normal) (G1 Evacuation Pause) 737M->259M(820M) 10.408ms
[584.614s][info][gc,cpu      ] GC(799) User=0.02s Sys=0.00s Real=0.01s
[585.835s][info][gc,start    ] GC(800) Pause Young (Normal) (G1 Evacuation Pause)
[585.835s][info][gc,task     ] GC(800) Using 2 workers of 2 for evacuation
[585.844s][info][gc,phases   ] GC(800)   Pre Evacuate Collection Set: 0.29ms
[585.844s][info][gc,phases   ] GC(800)   Merge Heap Roots: 0.15ms
[585.844s][info][gc,phases   ] GC(800)   Evacuate Collection Set: 7.77ms
[585.844s][info][gc,phases   ] GC(800)   Post Evacuate Collection Set: 0.82ms
[585.844s][info][gc,phases   ] GC(800)   Other: 0.11ms
[585.844s][info][gc,heap     ] GC(800) Eden regions: 478->0(479)
[585.844s][info][gc,heap     ] GC(800) Survivor regions: 14->13(62)
[585.844s][info][gc,heap     ] GC(800) Old regions: 40->40
[585.844s][info][gc,heap     ] GC(800) Humongous regions: 207->207
[585.844s][info][gc,metaspace] GC(800) Metaspace: 57840K(58176K)->57840K(58176K) NonClass: 49558K(49792K)->49558K(49792K) Class: 8282K(8384K)->8282K(8384K)
[585.844s][info][gc          ] GC(800) Pause Young (Normal) (G1 Evacuation Pause) 737M->259M(820M) 9.350ms
[585.844s][info][gc,cpu      ] GC(800) User=0.02s Sys=0.00s Real=0.01s
[587.105s][info][gc,start    ] GC(801) Pause Young (Normal) (G1 Evacuation Pause)
[587.105s][info][gc,task     ] GC(801) Using 2 workers of 2 for evacuation
[587.115s][info][gc,phases   ] GC(801)   Pre Evacuate Collection Set: 0.27ms
[587.115s][info][gc,phases   ] GC(801)   Merge Heap Roots: 0.18ms
[587.115s][info][gc,phases   ] GC(801)   Evacuate Collection Set: 8.80ms
[587.115s][info][gc,phases   ] GC(801)   Post Evacuate Collection Set: 0.85ms
[587.115s][info][gc,phases   ] GC(801)   Other: 0.12ms
[587.115s][info][gc,heap     ] GC(801) Eden regions: 479->0(479)
[587.115s][info][gc,heap     ] GC(801) Survivor regions: 13->13(62)
[587.115s][info][gc,heap     ] GC(801) Old regions: 40->40
[587.115s][info][gc,heap     ] GC(801) Humongous regions: 207->207
[587.115s][info][gc,metaspace] GC(801) Metaspace: 57840K(58176K)->57840K(58176K) NonClass: 49558K(49792K)->49558K(49792K) Class: 8282K(8384K)->8282K(8384K)
[587.115s][info][gc          ] GC(801) Pause Young (Normal) (G1 Evacuation Pause) 738M->259M(820M) 10.446ms
[587.115s][info][gc,cpu      ] GC(801) User=0.01s Sys=0.00s Real=0.01s
[588.385s][info][gc,start    ] GC(802) Pause Young (Normal) (G1 Evacuation Pause)
[588.385s][info][gc,task     ] GC(802) Using 2 workers of 2 for evacuation
[588.393s][info][gc,phases   ] GC(802)   Pre Evacuate Collection Set: 0.30ms
[588.393s][info][gc,phases   ] GC(802)   Merge Heap Roots: 0.16ms
[588.393s][info][gc,phases   ] GC(802)   Evacuate Collection Set: 7.46ms
[588.393s][info][gc,phases   ] GC(802)   Post Evacuate Collection Set: 0.82ms
[588.394s][info][gc,phases   ] GC(802)   Other: 0.09ms
[588.394s][info][gc,heap     ] GC(802) Eden regions: 479->0(480)
[588.394s][info][gc,heap     ] GC(802) Survivor regions: 13->12(62)
[588.394s][info][gc,heap     ] GC(802) Old regions: 40->40
[588.394s][info][gc,heap     ] GC(802) Humongous regions: 207->207
[588.394s][info][gc,metaspace] GC(802) Metaspace: 57840K(58176K)->57840K(58176K) NonClass: 49558K(49792K)->49558K(49792K) Class: 8282K(8384K)->8282K(8384K)
[588.394s][info][gc          ] GC(802) Pause Young (Normal) (G1 Evacuation Pause) 738M->258M(820M) 9.028ms
[588.394s][info][gc,cpu      ] GC(802) User=0.02s Sys=0.00s Real=0.00s
[588.841s][info][gc,start    ] GC(803) Pause Young (Concurrent Start) (G1 Humongous Allocation)
[588.841s][info][gc,task     ] GC(803) Using 2 workers of 2 for evacuation
[588.849s][info][gc,phases   ] GC(803)   Pre Evacuate Collection Set: 0.40ms
[588.849s][info][gc,phases   ] GC(803)   Merge Heap Roots: 0.09ms
[588.849s][info][gc,phases   ] GC(803)   Evacuate Collection Set: 6.99ms
[588.849s][info][gc,phases   ] GC(803)   Post Evacuate Collection Set: 0.60ms
[588.849s][info][gc,phases   ] GC(803)   Other: 0.14ms
[588.850s][info][gc,heap     ] GC(803) Eden regions: 192->0(480)
[588.850s][info][gc,heap     ] GC(803) Survivor regions: 12->12(62)
[588.850s][info][gc,heap     ] GC(803) Old regions: 40->40
[588.850s][info][gc,heap     ] GC(803) Humongous regions: 207->207
[588.850s][info][gc,metaspace] GC(803) Metaspace: 57844K(58176K)->57844K(58176K) NonClass: 49562K(49792K)->49562K(49792K) Class: 8282K(8384K)->8282K(8384K)
[588.850s][info][gc          ] GC(803) Pause Young (Concurrent Start) (G1 Humongous Allocation) 449M->257M(820M) 8.401ms
[588.850s][info][gc          ] GC(804) Concurrent Undo Cycle
[588.850s][info][gc,marking  ] GC(804) Concurrent Clear Claimed Marks
[588.850s][info][gc,marking  ] GC(804) Concurrent Clear Claimed Marks 0.079ms
[588.850s][info][gc,marking  ] GC(804) Concurrent Cleanup for Next Mark
[588.850s][info][gc,cpu      ] GC(803) User=0.01s Sys=0.00s Real=0.01s
[588.850s][info][gc,marking  ] GC(804) Concurrent Cleanup for Next Mark 0.730ms
[588.850s][info][gc          ] GC(804) Concurrent Undo Cycle 0.870ms
[588.996s][info][gc,start    ] GC(805) Pause Young (Concurrent Start) (G1 Humongous Allocation)
[588.996s][info][gc,task     ] GC(805) Using 2 workers of 2 for evacuation
[589.003s][info][gc,phases   ] GC(805)   Pre Evacuate Collection Set: 0.28ms
[589.004s][info][gc,phases   ] GC(805)   Merge Heap Roots: 0.07ms
[589.004s][info][gc,phases   ] GC(805)   Evacuate Collection Set: 6.57ms
[589.004s][info][gc,phases   ] GC(805)   Post Evacuate Collection Set: 0.42ms
[589.004s][info][gc,phases   ] GC(805)   Other: 0.09ms
[589.004s][info][gc,heap     ] GC(805) Eden regions: 2->0(469)
[589.004s][info][gc,heap     ] GC(805) Survivor regions: 12->12(62)
[589.004s][info][gc,heap     ] GC(805) Old regions: 40->40
[589.004s][info][gc,heap     ] GC(805) Humongous regions: 246->246
[589.004s][info][gc,metaspace] GC(805) Metaspace: 57844K(58176K)->57844K(58176K) NonClass: 49562K(49792K)->49562K(49792K) Class: 8282K(8384K)->8282K(8384K)
[589.004s][info][gc          ] GC(805) Pause Young (Concurrent Start) (G1 Humongous Allocation) 298M->297M(820M) 7.646ms
[589.004s][info][gc,cpu      ] GC(805) User=0.02s Sys=0.00s Real=0.00s
[589.004s][info][gc          ] GC(806) Concurrent Mark Cycle
[589.004s][info][gc,marking  ] GC(806) Concurrent Scan Root Regions
[589.010s][info][gc,marking  ] GC(806) Concurrent Scan Root Regions 5.586ms
[589.010s][info][gc,marking  ] GC(806) Concurrent Mark
[589.010s][info][gc,marking  ] GC(806) Concurrent Mark From Roots
[589.010s][info][gc,task     ] GC(806) Using 1 workers of 1 for marking
[589.051s][info][gc,marking  ] GC(806) Concurrent Mark From Roots 41.538ms
[589.051s][info][gc,marking  ] GC(806) Concurrent Preclean
[589.051s][info][gc,marking  ] GC(806) Concurrent Preclean 0.062ms
[589.051s][info][gc,start    ] GC(806) Pause Remark
[589.062s][info][gc          ] GC(806) Pause Remark 336M->336M(820M) 11.049ms
[589.062s][info][gc,cpu      ] GC(806) User=0.02s Sys=0.00s Real=0.01s
[589.063s][info][gc,marking  ] GC(806) Concurrent Mark 53.517ms
[589.063s][info][gc,marking  ] GC(806) Concurrent Rebuild Remembered Sets and Scrub Regions
[589.080s][info][gc,marking  ] GC(806) Concurrent Rebuild Remembered Sets and Scrub Regions 16.722ms
[589.080s][info][gc,start    ] GC(806) Pause Cleanup
[589.080s][info][gc          ] GC(806) Pause Cleanup 336M->336M(820M) 0.087ms
[589.080s][info][gc,cpu      ] GC(806) User=0.00s Sys=0.00s Real=0.00s
[589.080s][info][gc,marking  ] GC(806) Concurrent Clear Claimed Marks
[589.080s][info][gc,marking  ] GC(806) Concurrent Clear Claimed Marks 0.091ms
[589.080s][info][gc,marking  ] GC(806) Concurrent Cleanup for Next Mark
[589.083s][info][gc,marking  ] GC(806) Concurrent Cleanup for Next Mark 2.632ms
[589.083s][info][gc          ] GC(806) Concurrent Mark Cycle 79.278ms
[590.660s][info][gc,heap,exit] Heap
[590.660s][info][gc,heap,exit]  garbage-first heap   total reserved 1001472K, committed 839680K, used 365111K [0x00000000c2e00000, 0x0000000100000000)
[590.660s][info][gc,heap,exit]   region size 1024K, 33 young (33792K), 12 survivors (12288K)
[590.660s][info][gc,heap,exit]  Metaspace       used 58407K, committed 58688K, reserved 1114112K
[590.660s][info][gc,heap,exit]   class space    used 8469K, committed 8512K, reserved 1048576K
