[0.002s][info][metaspace]  - commit_granule_bytes: 65536.
[0.002s][info][metaspace]  - commit_granule_words: 8192.
[0.002s][info][metaspace]  - virtual_space_node_default_size: 8388608.
[0.002s][info][metaspace]  - enlarge_chunks_in_place: 1.
[0.005s][info][gc,init  ] CardTable entry size: 512
[0.008s][info][gc       ] Using G1
[0.014s][info][gc,init  ] Version: 24-internal-adhoc.root.jdk (release)
[0.014s][info][gc,init  ] CPUs: 2 total, 2 available
[0.014s][info][gc,init  ] Memory: 3908M
[0.014s][info][gc,init  ] Large Page Support: Disabled
[0.014s][info][gc,init  ] NUMA Support: Disabled
[0.014s][info][gc,init  ] Compressed Oops: Enabled (32-bit)
[0.014s][info][gc,init  ] Heap Region Size: 1M
[0.014s][info][gc,init  ] Heap Min Capacity: 256M
[0.014s][info][gc,init  ] Heap Initial Capacity: 256M
[0.014s][info][gc,init  ] Heap Max Capacity: 978M
[0.014s][info][gc,init  ] Pre-touch: Disabled
[0.014s][info][gc,init  ] Parallel Workers: 2
[0.014s][info][gc,init  ] Concurrent Workers: 1
[0.014s][info][gc,init  ] Concurrent Refinement Workers: 2
[0.014s][info][gc,init  ] Periodic GC: Disabled
[0.051s][info][gc,metaspace] CDS archive(s) mapped at: [0x00007f6482000000-0x00007f6482e7b000-0x00007f6482e7b000), size 15183872, SharedBaseAddress: 0x00007f6482000000, ArchiveRelocationMode: 1.
[0.051s][info][gc,metaspace] Compressed class space mapped at: 0x00007f6483000000-0x00007f64c3000000, reserved size: 1073741824
[0.051s][info][gc,metaspace] UseCompressedClassPointers 1, UseCompactObjectHeaders 1
[0.051s][info][gc,metaspace] Narrow klass pointer bits 22, Max shift 10
[0.051s][info][gc,metaspace] Narrow klass base: 0x00007f6482000000, Narrow klass shift: 10
[0.051s][info][gc,metaspace] Encoding Range: [0x00007f6482000000 - 0x00007f6582000000), (4294967296 bytes)
[0.051s][info][gc,metaspace] Klass Range:    [0x00007f6482000000 - 0x00007f64c3000000), (1090519040 bytes)
[0.051s][info][gc,metaspace] Klass ID Range:  [1 - 1064960) (1064959)
[0.574s][info][gc,start    ] GC(0) Pause Young (Normal) (G1 Evacuation Pause)
[0.574s][info][gc,task     ] GC(0) Using 2 workers of 2 for evacuation
[0.578s][info][gc,phases   ] GC(0)   Pre Evacuate Collection Set: 0.15ms
[0.578s][info][gc,phases   ] GC(0)   Merge Heap Roots: 0.09ms
[0.578s][info][gc,phases   ] GC(0)   Evacuate Collection Set: 2.64ms
[0.578s][info][gc,phases   ] GC(0)   Post Evacuate Collection Set: 0.25ms
[0.578s][info][gc,phases   ] GC(0)   Other: 0.23ms
[0.578s][info][gc,heap     ] GC(0) Eden regions: 12->0(10)
[0.578s][info][gc,heap     ] GC(0) Survivor regions: 0->2(2)
[0.578s][info][gc,heap     ] GC(0) Old regions: 2->2
[0.578s][info][gc,heap     ] GC(0) Humongous regions: 0->0
[0.578s][info][gc,metaspace] GC(0) Metaspace: 2411K(2560K)->2411K(2560K) NonClass: 2083K(2176K)->2083K(2176K) Class: 327K(384K)->327K(384K)
[0.578s][info][gc          ] GC(0) Pause Young (Normal) (G1 Evacuation Pause) 13M->2M(258M) 3.595ms
[0.578s][info][gc,cpu      ] GC(0) User=0.00s Sys=0.00s Real=0.00s
[0.958s][info][gc,start    ] GC(1) Pause Young (Normal) (G1 Evacuation Pause)
[0.958s][info][gc,task     ] GC(1) Using 2 workers of 2 for evacuation
[0.963s][info][gc,phases   ] GC(1)   Pre Evacuate Collection Set: 0.14ms
[0.963s][info][gc,phases   ] GC(1)   Merge Heap Roots: 0.03ms
[0.963s][info][gc,phases   ] GC(1)   Evacuate Collection Set: 4.43ms
[0.963s][info][gc,phases   ] GC(1)   Post Evacuate Collection Set: 0.28ms
[0.963s][info][gc,phases   ] GC(1)   Other: 0.06ms
[0.963s][info][gc,heap     ] GC(1) Eden regions: 10->0(12)
[0.963s][info][gc,heap     ] GC(1) Survivor regions: 2->2(2)
[0.963s][info][gc,heap     ] GC(1) Old regions: 2->5
[0.963s][info][gc,heap     ] GC(1) Humongous regions: 0->0
[0.963s][info][gc,metaspace] GC(1) Metaspace: 3780K(3968K)->3780K(3968K) NonClass: 3249K(3328K)->3249K(3328K) Class: 531K(640K)->531K(640K)
[0.963s][info][gc          ] GC(1) Pause Young (Normal) (G1 Evacuation Pause) 12M->6M(258M) 5.128ms
[0.963s][info][gc,cpu      ] GC(1) User=0.01s Sys=0.00s Real=0.01s
[1.212s][info][gc,start    ] GC(2) Pause Young (Normal) (G1 Evacuation Pause)
[1.212s][info][gc,task     ] GC(2) Using 2 workers of 2 for evacuation
[1.217s][info][gc,phases   ] GC(2)   Pre Evacuate Collection Set: 0.16ms
[1.217s][info][gc,phases   ] GC(2)   Merge Heap Roots: 0.05ms
[1.217s][info][gc,phases   ] GC(2)   Evacuate Collection Set: 4.94ms
[1.217s][info][gc,phases   ] GC(2)   Post Evacuate Collection Set: 0.24ms
[1.217s][info][gc,phases   ] GC(2)   Other: 0.13ms
[1.217s][info][gc,heap     ] GC(2) Eden regions: 12->0(21)
[1.217s][info][gc,heap     ] GC(2) Survivor regions: 2->2(2)
[1.217s][info][gc,heap     ] GC(2) Old regions: 5->8
[1.217s][info][gc,heap     ] GC(2) Humongous regions: 0->0
[1.217s][info][gc,metaspace] GC(2) Metaspace: 7004K(7168K)->7004K(7168K) NonClass: 6061K(6144K)->6061K(6144K) Class: 943K(1024K)->943K(1024K)
[1.217s][info][gc          ] GC(2) Pause Young (Normal) (G1 Evacuation Pause) 18M->8M(258M) 5.686ms
[1.217s][info][gc,cpu      ] GC(2) User=0.01s Sys=0.00s Real=0.01s
[1.508s][info][gc,start    ] GC(3) Pause Young (Normal) (G1 Evacuation Pause)
[1.508s][info][gc,task     ] GC(3) Using 2 workers of 2 for evacuation
[1.512s][info][gc,phases   ] GC(3)   Pre Evacuate Collection Set: 0.16ms
[1.512s][info][gc,phases   ] GC(3)   Merge Heap Roots: 0.04ms
[1.512s][info][gc,phases   ] GC(3)   Evacuate Collection Set: 3.80ms
[1.512s][info][gc,phases   ] GC(3)   Post Evacuate Collection Set: 0.29ms
[1.512s][info][gc,phases   ] GC(3)   Other: 0.07ms
[1.512s][info][gc,heap     ] GC(3) Eden regions: 22->0(26)
[1.512s][info][gc,heap     ] GC(3) Survivor regions: 2->2(3)
[1.512s][info][gc,heap     ] GC(3) Old regions: 8->10
[1.512s][info][gc,heap     ] GC(3) Humongous regions: 0->0
[1.512s][info][gc,metaspace] GC(3) Metaspace: 9507K(9664K)->9507K(9664K) NonClass: 8204K(8320K)->8204K(8320K) Class: 1302K(1344K)->1302K(1344K)
[1.512s][info][gc          ] GC(3) Pause Young (Normal) (G1 Evacuation Pause) 30M->10M(258M) 4.531ms
[1.512s][info][gc,cpu      ] GC(3) User=0.00s Sys=0.00s Real=0.01s
[1.998s][info][gc,start    ] GC(4) Pause Young (Normal) (G1 Evacuation Pause)
[1.998s][info][gc,task     ] GC(4) Using 2 workers of 2 for evacuation
[2.003s][info][gc,phases   ] GC(4)   Pre Evacuate Collection Set: 0.14ms
[2.003s][info][gc,phases   ] GC(4)   Merge Heap Roots: 0.05ms
[2.003s][info][gc,phases   ] GC(4)   Evacuate Collection Set: 3.81ms
[2.003s][info][gc,phases   ] GC(4)   Post Evacuate Collection Set: 0.30ms
[2.003s][info][gc,phases   ] GC(4)   Other: 0.07ms
[2.003s][info][gc,heap     ] GC(4) Eden regions: 26->0(37)
[2.003s][info][gc,heap     ] GC(4) Survivor regions: 2->2(4)
[2.003s][info][gc,heap     ] GC(4) Old regions: 10->10
[2.003s][info][gc,heap     ] GC(4) Humongous regions: 0->0
[2.003s][info][gc,metaspace] GC(4) Metaspace: 17716K(17856K)->17716K(17856K) NonClass: 15236K(15296K)->15236K(15296K) Class: 2479K(2560K)->2479K(2560K)
[2.003s][info][gc          ] GC(4) Pause Young (Normal) (G1 Evacuation Pause) 36M->10M(258M) 4.543ms
[2.003s][info][gc,cpu      ] GC(4) User=0.01s Sys=0.00s Real=0.01s
[2.164s][info][metaspace   ] ChkMgr @0x00007f64f8162700 (non-class-space): failed to commit 7 words on chunk @0x00007f646c29c828, f, base 0x00007f64792d0000, level lv14.
[2.164s][info][metaspace   ] Arena @0x00007f646c054840 (non-class arena): failed to allocate new chunk for requested word size 7.
[2.164s][info][metaspace   ] Arena @0x00007f646c054840 (non-class arena): allocation failed, returned null.
[2.164s][info][metaspace   ] ChkMgr @0x00007f64f8162700 (non-class-space): failed to commit 7 words on chunk @0x00007f646c29c828, f, base 0x00007f64792d0000, level lv14.
[2.164s][info][metaspace   ] Arena @0x00007f646c054840 (non-class arena): failed to allocate new chunk for requested word size 7.
[2.164s][info][metaspace   ] Arena @0x00007f646c054840 (non-class arena): allocation failed, returned null.
[2.164s][info][metaspace   ] ChkMgr @0x00007f64f8162700 (non-class-space): failed to commit 7 words on chunk @0x00007f646c29c828, f, base 0x00007f64792d0000, level lv14.
[2.164s][info][metaspace   ] Arena @0x00007f646c054840 (non-class arena): failed to allocate new chunk for requested word size 7.
[2.164s][info][metaspace   ] Arena @0x00007f646c054840 (non-class arena): allocation failed, returned null.
[2.165s][info][gc,start    ] GC(5) Pause Young (Concurrent Start) (Metadata GC Threshold)
[2.165s][info][gc,task     ] GC(5) Using 2 workers of 2 for evacuation
[2.169s][info][gc,phases   ] GC(5)   Pre Evacuate Collection Set: 0.14ms
[2.169s][info][gc,phases   ] GC(5)   Merge Heap Roots: 0.05ms
[2.169s][info][gc,phases   ] GC(5)   Evacuate Collection Set: 4.02ms
[2.169s][info][gc,phases   ] GC(5)   Post Evacuate Collection Set: 0.28ms
[2.169s][info][gc,phases   ] GC(5)   Other: 0.09ms
[2.169s][info][gc,heap     ] GC(5) Eden regions: 13->0(62)
[2.169s][info][gc,heap     ] GC(5) Survivor regions: 2->3(5)
[2.169s][info][gc,heap     ] GC(5) Old regions: 10->10
[2.169s][info][gc,heap     ] GC(5) Humongous regions: 0->0
[2.169s][info][gc,metaspace] GC(5) Metaspace: 21337K(21504K)->21337K(21504K) NonClass: 18400K(18496K)->18400K(18496K) Class: 2937K(3008K)->2937K(3008K)
[2.169s][info][gc          ] GC(5) Pause Young (Concurrent Start) (Metadata GC Threshold) 23M->11M(258M) 4.746ms
[2.169s][info][gc,cpu      ] GC(5) User=0.01s Sys=0.00s Real=0.00s
[2.169s][info][gc          ] GC(6) Concurrent Mark Cycle
[2.169s][info][gc,marking  ] GC(6) Concurrent Scan Root Regions
[2.169s][info][metaspace   ] CLMS @0x00007f646c395a90 : GC threshold increased: 22020096->22347776.
[2.173s][info][gc,marking  ] GC(6) Concurrent Scan Root Regions 3.819ms
[2.173s][info][gc,marking  ] GC(6) Concurrent Mark
[2.173s][info][gc,marking  ] GC(6) Concurrent Mark From Roots
[2.173s][info][gc,task     ] GC(6) Using 1 workers of 1 for marking
[2.190s][info][gc,marking  ] GC(6) Concurrent Mark From Roots 17.226ms
[2.190s][info][gc,marking  ] GC(6) Concurrent Preclean
[2.190s][info][gc,marking  ] GC(6) Concurrent Preclean 0.032ms
[2.191s][info][gc,start    ] GC(6) Pause Remark
[2.194s][info][gc          ] GC(6) Pause Remark 12M->12M(256M) 3.246ms
[2.194s][info][gc,cpu      ] GC(6) User=0.00s Sys=0.00s Real=0.01s
[2.195s][info][gc,marking  ] GC(6) Concurrent Mark 21.360ms
[2.195s][info][gc,marking  ] GC(6) Concurrent Rebuild Remembered Sets and Scrub Regions
[2.199s][info][gc,marking  ] GC(6) Concurrent Rebuild Remembered Sets and Scrub Regions 4.554ms
[2.199s][info][gc,start    ] GC(6) Pause Cleanup
[2.199s][info][gc          ] GC(6) Pause Cleanup 12M->12M(256M) 0.043ms
[2.199s][info][gc,cpu      ] GC(6) User=0.00s Sys=0.00s Real=0.00s
[2.199s][info][gc,marking  ] GC(6) Concurrent Clear Claimed Marks
[2.199s][info][gc,marking  ] GC(6) Concurrent Clear Claimed Marks 0.018ms
[2.199s][info][gc,marking  ] GC(6) Concurrent Cleanup for Next Mark
[2.209s][info][gc,marking  ] GC(6) Concurrent Cleanup for Next Mark 9.475ms
[2.209s][info][gc          ] GC(6) Concurrent Mark Cycle 39.629ms
[3.468s][info][gc,start    ] GC(7) Pause Young (Prepare Mixed) (G1 Evacuation Pause)
[3.468s][info][gc,task     ] GC(7) Using 2 workers of 2 for evacuation
[3.485s][info][gc,phases   ] GC(7)   Pre Evacuate Collection Set: 0.20ms
[3.485s][info][gc,phases   ] GC(7)   Merge Heap Roots: 0.08ms
[3.485s][info][gc,phases   ] GC(7)   Evacuate Collection Set: 16.01ms
[3.485s][info][gc,phases   ] GC(7)   Post Evacuate Collection Set: 0.84ms
[3.485s][info][gc,phases   ] GC(7)   Other: 0.08ms
[3.485s][info][gc,heap     ] GC(7) Eden regions: 60->0(41)
[3.485s][info][gc,heap     ] GC(7) Survivor regions: 3->6(8)
[3.485s][info][gc,heap     ] GC(7) Old regions: 10->10
[3.485s][info][gc,heap     ] GC(7) Humongous regions: 207->207
[3.485s][info][gc,metaspace] GC(7) Metaspace: 31950K(32192K)->31950K(32192K) NonClass: 27541K(27712K)->27541K(27712K) Class: 4408K(4480K)->4408K(4480K)
[3.485s][info][gc          ] GC(7) Pause Young (Prepare Mixed) (G1 Evacuation Pause) 278M->221M(295M) 17.496ms
[3.485s][info][gc,cpu      ] GC(7) User=0.03s Sys=0.01s Real=0.02s
[3.769s][info][metaspace   ] ChkMgr @0x00007f64f8160810 (class-space): failed to commit 72 words on chunk @0x00007f64f8895b08, f, base 0x00007f64834f0000, level lv10.
[3.769s][info][metaspace   ] Arena @0x00007f64f8312860 (class arena): failed to allocate new chunk for requested word size 72.
[3.769s][info][metaspace   ] Arena @0x00007f64f8312860 (class arena): allocation failed, returned null.
[3.769s][info][metaspace   ] ChkMgr @0x00007f64f8160810 (class-space): failed to commit 72 words on chunk @0x00007f64f8895b08, f, base 0x00007f64834f0000, level lv10.
[3.769s][info][metaspace   ] Arena @0x00007f64f8312860 (class arena): failed to allocate new chunk for requested word size 72.
[3.769s][info][metaspace   ] Arena @0x00007f64f8312860 (class arena): allocation failed, returned null.
[3.769s][info][metaspace   ] ChkMgr @0x00007f64f8160810 (class-space): failed to commit 72 words on chunk @0x00007f64f8895b08, f, base 0x00007f64834f0000, level lv10.
[3.769s][info][metaspace   ] Arena @0x00007f64f8312860 (class arena): failed to allocate new chunk for requested word size 72.
[3.769s][info][metaspace   ] Arena @0x00007f64f8312860 (class arena): allocation failed, returned null.
[3.770s][info][gc,start    ] GC(8) Pause Young (Mixed) (Metadata GC Threshold)
[3.770s][info][gc,task     ] GC(8) Using 2 workers of 2 for evacuation
[3.783s][info][gc,phases   ] GC(8)   Pre Evacuate Collection Set: 0.17ms
[3.783s][info][gc,phases   ] GC(8)   Merge Heap Roots: 0.07ms
[3.783s][info][gc,phases   ] GC(8)   Evacuate Collection Set: 12.78ms
[3.783s][info][gc,phases   ] GC(8)   Post Evacuate Collection Set: 0.54ms
[3.783s][info][gc,phases   ] GC(8)   Other: 0.09ms
[3.783s][info][gc,heap     ] GC(8) Eden regions: 19->0(41)
[3.783s][info][gc,heap     ] GC(8) Survivor regions: 6->2(6)
[3.783s][info][gc,heap     ] GC(8) Old regions: 10->15
[3.783s][info][gc,heap     ] GC(8) Humongous regions: 207->207
[3.783s][info][gc,metaspace] GC(8) Metaspace: 35929K(36096K)->35929K(36096K) NonClass: 30970K(31104K)->30970K(31104K) Class: 4958K(4992K)->4958K(4992K)
[3.783s][info][gc          ] GC(8) Pause Young (Mixed) (Metadata GC Threshold) 240M->223M(295M) 13.800ms
[3.783s][info][gc,cpu      ] GC(8) User=0.02s Sys=0.00s Real=0.02s
[3.783s][info][metaspace   ] CLMS @0x00007f64f82160f0 : GC threshold increased: 36962304->37289984.
[3.802s][info][metaspace   ] ChkMgr @0x00007f64f8162700 (non-class-space): failed to commit 2000 words on chunk @0x00007f64f88963c0, f, base 0x00007f6479f20000, level lv10.
[3.802s][info][metaspace   ] Arena @0x00007f64f8216930 (non-class arena): failed to allocate new chunk for requested word size 2000.
[3.802s][info][metaspace   ] Arena @0x00007f64f8216930 (non-class arena): allocation failed, returned null.
[3.802s][info][metaspace   ] ChkMgr @0x00007f64f8162700 (non-class-space): failed to commit 2000 words on chunk @0x00007f64f88963c0, f, base 0x00007f6479f20000, level lv10.
[3.802s][info][metaspace   ] Arena @0x00007f64f8216930 (non-class arena): failed to allocate new chunk for requested word size 2000.
[3.802s][info][metaspace   ] Arena @0x00007f64f8216930 (non-class arena): allocation failed, returned null.
[3.802s][info][metaspace   ] ChkMgr @0x00007f64f8162700 (non-class-space): failed to commit 2000 words on chunk @0x00007f64f88963c0, f, base 0x00007f6479f20000, level lv10.
[3.802s][info][metaspace   ] Arena @0x00007f64f8216930 (non-class arena): failed to allocate new chunk for requested word size 2000.
[3.802s][info][metaspace   ] Arena @0x00007f64f8216930 (non-class arena): allocation failed, returned null.
[3.802s][info][gc,start    ] GC(9) Pause Young (Concurrent Start) (Metadata GC Threshold)
[3.802s][info][gc,task     ] GC(9) Using 2 workers of 2 for evacuation
[3.812s][info][gc,phases   ] GC(9)   Pre Evacuate Collection Set: 0.70ms
[3.812s][info][gc,phases   ] GC(9)   Merge Heap Roots: 0.05ms
[3.812s][info][gc,phases   ] GC(9)   Evacuate Collection Set: 6.32ms
[3.812s][info][gc,phases   ] GC(9)   Post Evacuate Collection Set: 0.43ms
[3.812s][info][gc,phases   ] GC(9)   Other: 2.29ms
[3.812s][info][gc,heap     ] GC(9) Eden regions: 3->0(47)
[3.812s][info][gc,heap     ] GC(9) Survivor regions: 2->2(6)
[3.812s][info][gc,heap     ] GC(9) Old regions: 15->15
[3.812s][info][gc,heap     ] GC(9) Humongous regions: 207->207
[3.812s][info][gc,metaspace] GC(9) Metaspace: 36273K(36416K)->36273K(36416K) NonClass: 31262K(31360K)->31262K(31360K) Class: 5011K(5056K)->5011K(5056K)
[3.812s][info][gc          ] GC(9) Pause Young (Concurrent Start) (Metadata GC Threshold) 225M->223M(295M) 9.954ms
[3.812s][info][gc,cpu      ] GC(9) User=0.02s Sys=0.00s Real=0.01s
[3.812s][info][gc          ] GC(10) Concurrent Mark Cycle
[3.812s][info][metaspace   ] CLMS @0x00007f64f82160f0 : GC threshold increased: 37289984->37617664.
[3.812s][info][gc,marking  ] GC(10) Concurrent Scan Root Regions
[3.814s][info][gc,marking  ] GC(10) Concurrent Scan Root Regions 1.759ms
[3.814s][info][gc,marking  ] GC(10) Concurrent Mark
[3.814s][info][gc,marking  ] GC(10) Concurrent Mark From Roots
[3.814s][info][gc,task     ] GC(10) Using 1 workers of 1 for marking
[3.841s][info][metaspace   ] Arena @0x00007f64f817b7c0 (non-class arena): commit failure (requested size: 104)
[3.841s][info][metaspace   ] ChkMgr @0x00007f64f8162700 (non-class-space): failed to commit 104 words on chunk @0x00007f64f8896378, f, base 0x00007f6479f80000, level lv05.
[3.841s][info][metaspace   ] Arena @0x00007f64f817b7c0 (non-class arena): failed to allocate new chunk for requested word size 104.
[3.841s][info][metaspace   ] Arena @0x00007f64f817b7c0 (non-class arena): allocation failed, returned null.
[3.841s][info][metaspace   ] Arena @0x00007f64f817b7c0 (non-class arena): commit failure (requested size: 104)
[3.841s][info][metaspace   ] ChkMgr @0x00007f64f8162700 (non-class-space): failed to commit 104 words on chunk @0x00007f64f8896378, f, base 0x00007f6479f80000, level lv05.
[3.841s][info][metaspace   ] Arena @0x00007f64f817b7c0 (non-class arena): failed to allocate new chunk for requested word size 104.
[3.841s][info][metaspace   ] Arena @0x00007f64f817b7c0 (non-class arena): allocation failed, returned null.
[3.841s][info][metaspace   ] ChkMgr @0x00007f64f8162700 (non-class-space): failed to commit 598 words on chunk @0x00007f64f88965b8, f, base 0x00007f6479f60000, level lv10.
[3.841s][info][metaspace   ] Arena @0x00007f64f8216930 (non-class arena): failed to allocate new chunk for requested word size 598.
[3.841s][info][metaspace   ] Arena @0x00007f64f8216930 (non-class arena): allocation failed, returned null.
[3.841s][info][metaspace   ] ChkMgr @0x00007f64f8162700 (non-class-space): failed to commit 598 words on chunk @0x00007f64f88965b8, f, base 0x00007f6479f60000, level lv10.
[3.841s][info][metaspace   ] Arena @0x00007f64f8216930 (non-class arena): failed to allocate new chunk for requested word size 598.
[3.841s][info][metaspace   ] Arena @0x00007f64f8216930 (non-class arena): allocation failed, returned null.
[3.842s][info][metaspace   ] Arena @0x00007f64f817b7c0 (non-class arena): commit failure (requested size: 53)
[3.842s][info][metaspace   ] ChkMgr @0x00007f64f8162700 (non-class-space): failed to commit 53 words on chunk @0x00007f64f8896378, f, base 0x00007f6479f80000, level lv05.
[3.842s][info][metaspace   ] Arena @0x00007f64f817b7c0 (non-class arena): failed to allocate new chunk for requested word size 53.
[3.842s][info][metaspace   ] Arena @0x00007f64f817b7c0 (non-class arena): allocation failed, returned null.
[3.842s][info][metaspace   ] Arena @0x00007f64f817b7c0 (non-class arena): commit failure (requested size: 53)
[3.842s][info][metaspace   ] ChkMgr @0x00007f64f8162700 (non-class-space): failed to commit 53 words on chunk @0x00007f64f8896378, f, base 0x00007f6479f80000, level lv05.
[3.842s][info][metaspace   ] Arena @0x00007f64f817b7c0 (non-class arena): failed to allocate new chunk for requested word size 53.
[3.842s][info][metaspace   ] Arena @0x00007f64f817b7c0 (non-class arena): allocation failed, returned null.
[3.842s][info][metaspace   ] Arena @0x00007f64f817b7c0 (non-class arena): commit failure (requested size: 104)
[3.842s][info][metaspace   ] ChkMgr @0x00007f64f8162700 (non-class-space): failed to commit 104 words on chunk @0x00007f64f8896378, f, base 0x00007f6479f80000, level lv05.
[3.842s][info][metaspace   ] Arena @0x00007f64f817b7c0 (non-class arena): failed to allocate new chunk for requested word size 104.
[3.842s][info][metaspace   ] Arena @0x00007f64f817b7c0 (non-class arena): allocation failed, returned null.
[3.842s][info][metaspace   ] CLMS @0x00007f64f817b790 : GC threshold increased: 37617664->37945344.
[3.850s][info][gc,marking  ] GC(10) Concurrent Mark From Roots 36.714ms
[3.850s][info][gc,marking  ] GC(10) Concurrent Preclean
[3.850s][info][gc,marking  ] GC(10) Concurrent Preclean 0.042ms
[3.855s][info][gc,start    ] GC(10) Pause Remark
[3.862s][info][gc          ] GC(10) Pause Remark 226M->226M(374M) 6.350ms
[3.862s][info][gc,cpu      ] GC(10) User=0.02s Sys=0.00s Real=0.00s
[3.863s][info][gc,marking  ] GC(10) Concurrent Mark 49.698ms
[3.863s][info][gc,marking  ] GC(10) Concurrent Rebuild Remembered Sets and Scrub Regions
[3.918s][info][gc,marking  ] GC(10) Concurrent Rebuild Remembered Sets and Scrub Regions 55.139ms
[3.919s][info][gc,start    ] GC(10) Pause Cleanup
[3.919s][info][gc          ] GC(10) Pause Cleanup 230M->230M(374M) 0.092ms
[3.919s][info][gc,cpu      ] GC(10) User=0.00s Sys=0.00s Real=0.00s
[3.919s][info][gc,marking  ] GC(10) Concurrent Clear Claimed Marks
[3.919s][info][gc,marking  ] GC(10) Concurrent Clear Claimed Marks 0.053ms
[3.919s][info][gc,marking  ] GC(10) Concurrent Cleanup for Next Mark
[3.927s][info][gc,marking  ] GC(10) Concurrent Cleanup for Next Mark 7.660ms
[3.927s][info][gc          ] GC(10) Concurrent Mark Cycle 115.241ms
[4.504s][info][gc,start    ] GC(11) Pause Young (Prepare Mixed) (G1 Evacuation Pause)
[4.504s][info][gc,task     ] GC(11) Using 2 workers of 2 for evacuation
[4.515s][info][gc,phases   ] GC(11)   Pre Evacuate Collection Set: 0.26ms
[4.515s][info][gc,phases   ] GC(11)   Merge Heap Roots: 0.07ms
[4.515s][info][gc,phases   ] GC(11)   Evacuate Collection Set: 9.50ms
[4.515s][info][gc,phases   ] GC(11)   Post Evacuate Collection Set: 0.67ms
[4.515s][info][gc,phases   ] GC(11)   Other: 0.10ms
[4.515s][info][gc,heap     ] GC(11) Eden regions: 47->0(100)
[4.515s][info][gc,heap     ] GC(11) Survivor regions: 2->4(7)
[4.515s][info][gc,heap     ] GC(11) Old regions: 15->15
[4.515s][info][gc,heap     ] GC(11) Humongous regions: 207->207
[4.515s][info][gc,metaspace] GC(11) Metaspace: 44104K(44416K)->44104K(44416K) NonClass: 37805K(38016K)->37805K(38016K) Class: 6298K(6400K)->6298K(6400K)
[4.515s][info][gc          ] GC(11) Pause Young (Prepare Mixed) (G1 Evacuation Pause) 270M->225M(374M) 10.775ms
[4.515s][info][gc,cpu      ] GC(11) User=0.02s Sys=0.00s Real=0.01s
[7.099s][info][gc,start    ] GC(12) Pause Young (Mixed) (G1 Evacuation Pause)
[7.099s][info][gc,task     ] GC(12) Using 2 workers of 2 for evacuation
[7.115s][info][gc,phases   ] GC(12)   Pre Evacuate Collection Set: 0.25ms
[7.115s][info][gc,phases   ] GC(12)   Merge Heap Roots: 0.08ms
[7.115s][info][gc,phases   ] GC(12)   Evacuate Collection Set: 14.71ms
[7.115s][info][gc,phases   ] GC(12)   Post Evacuate Collection Set: 0.92ms
[7.115s][info][gc,phases   ] GC(12)   Other: 0.09ms
[7.115s][info][gc,heap     ] GC(12) Eden regions: 100->0(76)
[7.115s][info][gc,heap     ] GC(12) Survivor regions: 4->13(13)
[7.115s][info][gc,heap     ] GC(12) Old regions: 15->15
[7.115s][info][gc,heap     ] GC(12) Humongous regions: 207->207
[7.115s][info][gc,metaspace] GC(12) Metaspace: 54065K(54400K)->54065K(54400K) NonClass: 45850K(46080K)->45850K(46080K) Class: 8215K(8320K)->8215K(8320K)
[7.115s][info][gc          ] GC(12) Pause Young (Mixed) (G1 Evacuation Pause) 325M->234M(374M) 16.217ms
[7.115s][info][gc,cpu      ] GC(12) User=0.03s Sys=0.00s Real=0.02s
[7.505s][info][gc,start    ] GC(13) Pause Young (Concurrent Start) (G1 Evacuation Pause)
[7.505s][info][gc,task     ] GC(13) Using 2 workers of 2 for evacuation
[7.532s][info][gc,phases   ] GC(13)   Pre Evacuate Collection Set: 0.20ms
[7.532s][info][gc,phases   ] GC(13)   Merge Heap Roots: 0.06ms
[7.532s][info][gc,phases   ] GC(13)   Evacuate Collection Set: 26.09ms
[7.532s][info][gc,phases   ] GC(13)   Post Evacuate Collection Set: 0.69ms
[7.532s][info][gc,phases   ] GC(13)   Other: 0.10ms
[7.532s][info][gc,heap     ] GC(13) Eden regions: 69->0(71)
[7.532s][info][gc,heap     ] GC(13) Survivor regions: 13->11(11)
[7.532s][info][gc,heap     ] GC(13) Old regions: 15->39
[7.533s][info][gc,heap     ] GC(13) Humongous regions: 207->207
[7.533s][info][gc,metaspace] GC(13) Metaspace: 54321K(54656K)->54321K(54656K) NonClass: 46103K(46336K)->46103K(46336K) Class: 8217K(8320K)->8217K(8320K)
[7.533s][info][gc          ] GC(13) Pause Young (Concurrent Start) (G1 Evacuation Pause) 303M->257M(374M) 27.348ms
[7.533s][info][gc          ] GC(14) Concurrent Mark Cycle
[7.533s][info][gc,marking  ] GC(14) Concurrent Scan Root Regions
[7.534s][info][gc,cpu      ] GC(13) User=0.05s Sys=0.01s Real=0.03s
[7.579s][info][gc,marking  ] GC(14) Concurrent Scan Root Regions 46.877ms
[7.580s][info][gc,marking  ] GC(14) Concurrent Mark
[7.580s][info][gc,marking  ] GC(14) Concurrent Mark From Roots
[7.580s][info][gc,task     ] GC(14) Using 1 workers of 1 for marking
[7.645s][info][gc,marking  ] GC(14) Concurrent Mark From Roots 65.886ms
[7.645s][info][gc,marking  ] GC(14) Concurrent Preclean
[7.646s][info][gc,marking  ] GC(14) Concurrent Preclean 0.081ms
[7.646s][info][gc,start    ] GC(14) Pause Remark
[7.656s][info][gc          ] GC(14) Pause Remark 271M->271M(429M) 9.978ms
[7.656s][info][gc,cpu      ] GC(14) User=0.01s Sys=0.00s Real=0.01s
[7.658s][info][gc,marking  ] GC(14) Concurrent Mark 78.710ms
[7.658s][info][gc,marking  ] GC(14) Concurrent Rebuild Remembered Sets and Scrub Regions
[7.716s][info][gc,marking  ] GC(14) Concurrent Rebuild Remembered Sets and Scrub Regions 58.130ms
[7.717s][info][gc,start    ] GC(14) Pause Cleanup
[7.717s][info][gc          ] GC(14) Pause Cleanup 278M->278M(429M) 0.063ms
[7.717s][info][gc,cpu      ] GC(14) User=0.00s Sys=0.00s Real=0.00s
[7.719s][info][gc,marking  ] GC(14) Concurrent Clear Claimed Marks
[7.719s][info][gc,marking  ] GC(14) Concurrent Clear Claimed Marks 0.100ms
[7.719s][info][gc,marking  ] GC(14) Concurrent Cleanup for Next Mark
[7.723s][info][gc,marking  ] GC(14) Concurrent Cleanup for Next Mark 3.983ms
[7.723s][info][gc          ] GC(14) Concurrent Mark Cycle 190.719ms
[7.994s][info][gc,start    ] GC(15) Pause Young (Prepare Mixed) (G1 Evacuation Pause)
[7.994s][info][gc,task     ] GC(15) Using 2 workers of 2 for evacuation
[8.013s][info][gc,phases   ] GC(15)   Pre Evacuate Collection Set: 0.25ms
[8.013s][info][gc,phases   ] GC(15)   Merge Heap Roots: 0.09ms
[8.013s][info][gc,phases   ] GC(15)   Evacuate Collection Set: 18.00ms
[8.013s][info][gc,phases   ] GC(15)   Post Evacuate Collection Set: 0.46ms
[8.013s][info][gc,phases   ] GC(15)   Other: 0.08ms
[8.013s][info][gc,heap     ] GC(15) Eden regions: 71->0(90)
[8.013s][info][gc,heap     ] GC(15) Survivor regions: 11->11(11)
[8.013s][info][gc,heap     ] GC(15) Old regions: 39->59
[8.013s][info][gc,heap     ] GC(15) Humongous regions: 207->207
[8.013s][info][gc,metaspace] GC(15) Metaspace: 54578K(54912K)->54578K(54912K) NonClass: 46359K(46592K)->46359K(46592K) Class: 8218K(8320K)->8218K(8320K)
[8.013s][info][gc          ] GC(15) Pause Young (Prepare Mixed) (G1 Evacuation Pause) 328M->276M(429M) 19.066ms
[8.013s][info][gc,cpu      ] GC(15) User=0.04s Sys=0.00s Real=0.02s
[8.321s][info][gc,start    ] GC(16) Pause Young (Mixed) (G1 Evacuation Pause)
[8.321s][info][gc,task     ] GC(16) Using 2 workers of 2 for evacuation
[8.343s][info][gc,phases   ] GC(16)   Pre Evacuate Collection Set: 0.22ms
[8.343s][info][gc,phases   ] GC(16)   Merge Heap Roots: 0.19ms
[8.343s][info][gc,phases   ] GC(16)   Evacuate Collection Set: 20.85ms
[8.343s][info][gc,phases   ] GC(16)   Post Evacuate Collection Set: 0.41ms
[8.343s][info][gc,phases   ] GC(16)   Other: 0.08ms
[8.343s][info][gc,heap     ] GC(16) Eden regions: 52->0(89)
[8.343s][info][gc,heap     ] GC(16) Survivor regions: 11->6(8)
[8.343s][info][gc,heap     ] GC(16) Old regions: 59->70
[8.343s][info][gc,heap     ] GC(16) Humongous regions: 207->207
[8.343s][info][gc,metaspace] GC(16) Metaspace: 54804K(55104K)->54804K(55104K) NonClass: 46585K(46784K)->46585K(46784K) Class: 8218K(8320K)->8218K(8320K)
[8.343s][info][gc          ] GC(16) Pause Young (Mixed) (G1 Evacuation Pause) 328M->282M(429M) 21.907ms
[8.343s][info][gc,cpu      ] GC(16) User=0.04s Sys=0.00s Real=0.03s
[8.714s][info][gc,start    ] GC(17) Pause Young (Concurrent Start) (G1 Evacuation Pause)
[8.714s][info][gc,task     ] GC(17) Using 2 workers of 2 for evacuation
[8.734s][info][gc,phases   ] GC(17)   Pre Evacuate Collection Set: 0.24ms
[8.734s][info][gc,phases   ] GC(17)   Merge Heap Roots: 0.11ms
[8.734s][info][gc,phases   ] GC(17)   Evacuate Collection Set: 19.04ms
[8.734s][info][gc,phases   ] GC(17)   Post Evacuate Collection Set: 0.42ms
[8.734s][info][gc,phases   ] GC(17)   Other: 0.14ms
[8.734s][info][gc,heap     ] GC(17) Eden regions: 89->0(90)
[8.734s][info][gc,heap     ] GC(17) Survivor regions: 6->12(12)
[8.734s][info][gc,heap     ] GC(17) Old regions: 70->71
[8.734s][info][gc,heap     ] GC(17) Humongous regions: 207->207
[8.734s][info][gc,metaspace] GC(17) Metaspace: 54873K(55232K)->54873K(55232K) NonClass: 46654K(46912K)->46654K(46912K) Class: 8218K(8320K)->8218K(8320K)
[8.734s][info][gc          ] GC(17) Pause Young (Concurrent Start) (G1 Evacuation Pause) 371M->289M(429M) 20.120ms
[8.734s][info][gc          ] GC(18) Concurrent Mark Cycle
[8.734s][info][gc,marking  ] GC(18) Concurrent Scan Root Regions
[8.736s][info][gc,cpu      ] GC(17) User=0.04s Sys=0.00s Real=0.02s
[8.766s][info][gc,marking  ] GC(18) Concurrent Scan Root Regions 31.729ms
[8.766s][info][gc,marking  ] GC(18) Concurrent Mark
[8.766s][info][gc,marking  ] GC(18) Concurrent Mark From Roots
[8.766s][info][gc,task     ] GC(18) Using 1 workers of 1 for marking
[8.864s][info][gc,marking  ] GC(18) Concurrent Mark From Roots 98.665ms
[8.864s][info][gc,marking  ] GC(18) Concurrent Preclean
[8.865s][info][gc,marking  ] GC(18) Concurrent Preclean 0.070ms
[8.865s][info][gc,start    ] GC(18) Pause Remark
[8.875s][info][gc          ] GC(18) Pause Remark 311M->311M(484M) 10.528ms
[8.875s][info][gc,cpu      ] GC(18) User=0.02s Sys=0.01s Real=0.01s
[8.879s][info][gc,marking  ] GC(18) Concurrent Mark 113.433ms
[8.879s][info][gc,marking  ] GC(18) Concurrent Rebuild Remembered Sets and Scrub Regions
[8.921s][info][gc,marking  ] GC(18) Concurrent Rebuild Remembered Sets and Scrub Regions 42.053ms
[8.921s][info][gc,start    ] GC(18) Pause Cleanup
[8.921s][info][gc          ] GC(18) Pause Cleanup 316M->316M(484M) 0.072ms
[8.921s][info][gc,cpu      ] GC(18) User=0.00s Sys=0.00s Real=0.00s
[8.923s][info][gc,marking  ] GC(18) Concurrent Clear Claimed Marks
[8.923s][info][gc,marking  ] GC(18) Concurrent Clear Claimed Marks 0.099ms
[8.923s][info][gc,marking  ] GC(18) Concurrent Cleanup for Next Mark
[8.926s][info][gc,marking  ] GC(18) Concurrent Cleanup for Next Mark 3.707ms
[8.926s][info][gc          ] GC(18) Concurrent Mark Cycle 192.501ms
[9.276s][info][gc,start    ] GC(19) Pause Young (Prepare Mixed) (G1 Evacuation Pause)
[9.276s][info][gc,task     ] GC(19) Using 2 workers of 2 for evacuation
[9.294s][info][gc,phases   ] GC(19)   Pre Evacuate Collection Set: 0.28ms
[9.294s][info][gc,phases   ] GC(19)   Merge Heap Roots: 0.11ms
[9.294s][info][gc,phases   ] GC(19)   Evacuate Collection Set: 16.96ms
[9.294s][info][gc,phases   ] GC(19)   Post Evacuate Collection Set: 0.48ms
[9.294s][info][gc,phases   ] GC(19)   Other: 0.11ms
[9.294s][info][gc,heap     ] GC(19) Eden regions: 90->0(130)
[9.294s][info][gc,heap     ] GC(19) Survivor regions: 12->9(13)
[9.294s][info][gc,heap     ] GC(19) Old regions: 71->75
[9.294s][info][gc,heap     ] GC(19) Humongous regions: 207->207
[9.294s][info][gc,metaspace] GC(19) Metaspace: 54944K(55296K)->54944K(55296K) NonClass: 46725K(46976K)->46725K(46976K) Class: 8218K(8320K)->8218K(8320K)
[9.294s][info][gc          ] GC(19) Pause Young (Prepare Mixed) (G1 Evacuation Pause) 379M->290M(484M) 18.123ms
[9.294s][info][gc,cpu      ] GC(19) User=0.03s Sys=0.00s Real=0.02s
[9.773s][info][gc,start    ] GC(20) Pause Young (Mixed) (G1 Evacuation Pause)
[9.773s][info][gc,task     ] GC(20) Using 2 workers of 2 for evacuation
[9.799s][info][gc,phases   ] GC(20)   Pre Evacuate Collection Set: 0.29ms
[9.799s][info][gc,phases   ] GC(20)   Merge Heap Roots: 0.13ms
[9.799s][info][gc,phases   ] GC(20)   Evacuate Collection Set: 24.57ms
[9.799s][info][gc,phases   ] GC(20)   Post Evacuate Collection Set: 0.55ms
[9.799s][info][gc,phases   ] GC(20)   Other: 0.08ms
[9.799s][info][gc,heap     ] GC(20) Eden regions: 130->0(123)
[9.799s][info][gc,heap     ] GC(20) Survivor regions: 9->13(18)
[9.799s][info][gc,heap     ] GC(20) Old regions: 75->71
[9.799s][info][gc,heap     ] GC(20) Humongous regions: 207->207
[9.799s][info][gc,metaspace] GC(20) Metaspace: 55067K(55360K)->55067K(55360K) NonClass: 46835K(47040K)->46835K(47040K) Class: 8232K(8320K)->8232K(8320K)
[9.799s][info][gc          ] GC(20) Pause Young (Mixed) (G1 Evacuation Pause) 420M->290M(484M) 25.837ms
[9.799s][info][gc,cpu      ] GC(20) User=0.05s Sys=0.00s Real=0.02s
[10.219s][info][gc,start    ] GC(21) Pause Young (Concurrent Start) (G1 Evacuation Pause)
[10.219s][info][gc,task     ] GC(21) Using 2 workers of 2 for evacuation
[10.239s][info][gc,phases   ] GC(21)   Pre Evacuate Collection Set: 0.30ms
[10.239s][info][gc,phases   ] GC(21)   Merge Heap Roots: 0.07ms
[10.239s][info][gc,phases   ] GC(21)   Evacuate Collection Set: 19.23ms
[10.239s][info][gc,phases   ] GC(21)   Post Evacuate Collection Set: 0.49ms
[10.239s][info][gc,phases   ] GC(21)   Other: 0.09ms
[10.239s][info][gc,heap     ] GC(21) Eden regions: 123->0(131)
[10.239s][info][gc,heap     ] GC(21) Survivor regions: 13->12(17)
[10.239s][info][gc,heap     ] GC(21) Old regions: 71->73
[10.239s][info][gc,heap     ] GC(21) Humongous regions: 207->207
[10.239s][info][gc,metaspace] GC(21) Metaspace: 55255K(55552K)->55255K(55552K) NonClass: 47023K(47232K)->47023K(47232K) Class: 8232K(8320K)->8232K(8320K)
[10.240s][info][gc          ] GC(21) Pause Young (Concurrent Start) (G1 Evacuation Pause) 413M->291M(484M) 20.362ms
[10.240s][info][gc          ] GC(22) Concurrent Mark Cycle
[10.240s][info][gc,marking  ] GC(22) Concurrent Scan Root Regions
[10.240s][info][gc,cpu      ] GC(21) User=0.04s Sys=0.00s Real=0.02s
[10.253s][info][gc,marking  ] GC(22) Concurrent Scan Root Regions 13.309ms
[10.253s][info][gc,marking  ] GC(22) Concurrent Mark
[10.253s][info][gc,marking  ] GC(22) Concurrent Mark From Roots
[10.253s][info][gc,task     ] GC(22) Using 1 workers of 1 for marking
[10.299s][info][gc,marking  ] GC(22) Concurrent Mark From Roots 46.594ms
[10.300s][info][gc,marking  ] GC(22) Concurrent Preclean
[10.300s][info][gc,marking  ] GC(22) Concurrent Preclean 0.067ms
[10.300s][info][gc,start    ] GC(22) Pause Remark
[10.309s][info][gc          ] GC(22) Pause Remark 302M->302M(487M) 8.860ms
[10.309s][info][gc,cpu      ] GC(22) User=0.02s Sys=0.00s Real=0.01s
[10.309s][info][gc,marking  ] GC(22) Concurrent Mark 55.895ms
[10.309s][info][gc,marking  ] GC(22) Concurrent Rebuild Remembered Sets and Scrub Regions
[10.327s][info][gc,marking  ] GC(22) Concurrent Rebuild Remembered Sets and Scrub Regions 18.584ms
[10.328s][info][gc,start    ] GC(22) Pause Cleanup
[10.328s][info][gc          ] GC(22) Pause Cleanup 304M->304M(487M) 0.071ms
[10.328s][info][gc,cpu      ] GC(22) User=0.00s Sys=0.00s Real=0.00s
[10.328s][info][gc,marking  ] GC(22) Concurrent Clear Claimed Marks
[10.328s][info][gc,marking  ] GC(22) Concurrent Clear Claimed Marks 0.089ms
[10.328s][info][gc,marking  ] GC(22) Concurrent Cleanup for Next Mark
[10.329s][info][gc,marking  ] GC(22) Concurrent Cleanup for Next Mark 1.504ms
[10.329s][info][gc          ] GC(22) Concurrent Mark Cycle 89.888ms
[10.686s][info][gc,start    ] GC(23) Pause Young (Prepare Mixed) (G1 Evacuation Pause)
[10.686s][info][gc,task     ] GC(23) Using 2 workers of 2 for evacuation
[10.705s][info][gc,phases   ] GC(23)   Pre Evacuate Collection Set: 0.27ms
[10.705s][info][gc,phases   ] GC(23)   Merge Heap Roots: 0.08ms
[10.705s][info][gc,phases   ] GC(23)   Evacuate Collection Set: 17.96ms
[10.705s][info][gc,phases   ] GC(23)   Post Evacuate Collection Set: 0.48ms
[10.705s][info][gc,phases   ] GC(23)   Other: 0.08ms
[10.705s][info][gc,heap     ] GC(23) Eden regions: 131->0(136)
[10.705s][info][gc,heap     ] GC(23) Survivor regions: 12->12(18)
[10.705s][info][gc,heap     ] GC(23) Old regions: 73->73
[10.705s][info][gc,heap     ] GC(23) Humongous regions: 207->207
[10.705s][info][gc,metaspace] GC(23) Metaspace: 55362K(55680K)->55362K(55680K) NonClass: 47130K(47360K)->47130K(47360K) Class: 8232K(8320K)->8232K(8320K)
[10.705s][info][gc          ] GC(23) Pause Young (Prepare Mixed) (G1 Evacuation Pause) 422M->291M(487M) 19.068ms
[10.705s][info][gc,cpu      ] GC(23) User=0.04s Sys=0.00s Real=0.02s
[11.072s][info][gc,start    ] GC(24) Pause Young (Mixed) (G1 Evacuation Pause)
[11.072s][info][gc,task     ] GC(24) Using 2 workers of 2 for evacuation
[11.091s][info][gc,phases   ] GC(24)   Pre Evacuate Collection Set: 0.30ms
[11.091s][info][gc,phases   ] GC(24)   Merge Heap Roots: 0.10ms
[11.091s][info][gc,phases   ] GC(24)   Evacuate Collection Set: 18.55ms
[11.091s][info][gc,phases   ] GC(24)   Post Evacuate Collection Set: 0.52ms
[11.091s][info][gc,phases   ] GC(24)   Other: 0.08ms
[11.091s][info][gc,heap     ] GC(24) Eden regions: 136->0(141)
[11.091s][info][gc,heap     ] GC(24) Survivor regions: 12->13(19)
[11.091s][info][gc,heap     ] GC(24) Old regions: 73->68
[11.091s][info][gc,heap     ] GC(24) Humongous regions: 207->207
[11.091s][info][gc,metaspace] GC(24) Metaspace: 55374K(55680K)->55374K(55680K) NonClass: 47142K(47360K)->47142K(47360K) Class: 8232K(8320K)->8232K(8320K)
[11.091s][info][gc          ] GC(24) Pause Young (Mixed) (G1 Evacuation Pause) 427M->287M(487M) 19.727ms
[11.091s][info][gc,cpu      ] GC(24) User=0.04s Sys=0.00s Real=0.02s
[11.479s][info][gc,start    ] GC(25) Pause Young (Concurrent Start) (G1 Evacuation Pause)
[11.479s][info][gc,task     ] GC(25) Using 2 workers of 2 for evacuation
[11.498s][info][gc,phases   ] GC(25)   Pre Evacuate Collection Set: 0.31ms
[11.498s][info][gc,phases   ] GC(25)   Merge Heap Roots: 0.07ms
[11.498s][info][gc,phases   ] GC(25)   Evacuate Collection Set: 18.00ms
[11.498s][info][gc,phases   ] GC(25)   Post Evacuate Collection Set: 0.47ms
[11.498s][info][gc,phases   ] GC(25)   Other: 0.11ms
[11.498s][info][gc,heap     ] GC(25) Eden regions: 141->0(144)
[11.498s][info][gc,heap     ] GC(25) Survivor regions: 13->12(20)
[11.498s][info][gc,heap     ] GC(25) Old regions: 68->68
[11.498s][info][gc,heap     ] GC(25) Humongous regions: 207->207
[11.498s][info][gc,metaspace] GC(25) Metaspace: 55377K(55680K)->55377K(55680K) NonClass: 47145K(47360K)->47145K(47360K) Class: 8232K(8320K)->8232K(8320K)
[11.498s][info][gc          ] GC(25) Pause Young (Concurrent Start) (G1 Evacuation Pause) 428M->286M(487M) 19.134ms
[11.498s][info][gc,cpu      ] GC(25) User=0.03s Sys=0.00s Real=0.02s
[11.502s][info][gc          ] GC(26) Concurrent Mark Cycle
[11.502s][info][gc,marking  ] GC(26) Concurrent Scan Root Regions
[11.534s][info][gc,marking  ] GC(26) Concurrent Scan Root Regions 31.820ms
[11.534s][info][gc,marking  ] GC(26) Concurrent Mark
[11.534s][info][gc,marking  ] GC(26) Concurrent Mark From Roots
[11.534s][info][gc,task     ] GC(26) Using 1 workers of 1 for marking
[11.636s][info][gc,marking  ] GC(26) Concurrent Mark From Roots 101.527ms
[11.636s][info][gc,marking  ] GC(26) Concurrent Preclean
[11.636s][info][gc,marking  ] GC(26) Concurrent Preclean 0.067ms
[11.636s][info][gc,start    ] GC(26) Pause Remark
[11.645s][info][gc          ] GC(26) Pause Remark 329M->329M(487M) 8.502ms
[11.645s][info][gc,cpu      ] GC(26) User=0.01s Sys=0.00s Real=0.01s
[11.646s][info][gc,marking  ] GC(26) Concurrent Mark 111.775ms
[11.646s][info][gc,marking  ] GC(26) Concurrent Rebuild Remembered Sets and Scrub Regions
[11.689s][info][gc,marking  ] GC(26) Concurrent Rebuild Remembered Sets and Scrub Regions 42.908ms
[11.690s][info][gc,start    ] GC(26) Pause Cleanup
[11.690s][info][gc          ] GC(26) Pause Cleanup 340M->340M(487M) 0.096ms
[11.690s][info][gc,cpu      ] GC(26) User=0.00s Sys=0.00s Real=0.00s
[11.690s][info][gc,marking  ] GC(26) Concurrent Clear Claimed Marks
[11.690s][info][gc,marking  ] GC(26) Concurrent Clear Claimed Marks 0.099ms
[11.690s][info][gc,marking  ] GC(26) Concurrent Cleanup for Next Mark
[11.695s][info][gc,marking  ] GC(26) Concurrent Cleanup for Next Mark 5.094ms
[11.695s][info][gc          ] GC(26) Concurrent Mark Cycle 193.196ms
[11.903s][info][gc,start    ] GC(27) Pause Young (Prepare Mixed) (G1 Evacuation Pause)
[11.903s][info][gc,task     ] GC(27) Using 2 workers of 2 for evacuation
[11.922s][info][gc,phases   ] GC(27)   Pre Evacuate Collection Set: 0.29ms
[11.922s][info][gc,phases   ] GC(27)   Merge Heap Roots: 0.09ms
[11.922s][info][gc,phases   ] GC(27)   Evacuate Collection Set: 18.23ms
[11.922s][info][gc,phases   ] GC(27)   Post Evacuate Collection Set: 0.50ms
[11.922s][info][gc,phases   ] GC(27)   Other: 0.10ms
[11.922s][info][gc,heap     ] GC(27) Eden regions: 144->0(147)
[11.922s][info][gc,heap     ] GC(27) Survivor regions: 12->12(20)
[11.922s][info][gc,heap     ] GC(27) Old regions: 68->68
[11.922s][info][gc,heap     ] GC(27) Humongous regions: 207->207
[11.922s][info][gc,metaspace] GC(27) Metaspace: 55382K(55680K)->55382K(55680K) NonClass: 47150K(47360K)->47150K(47360K) Class: 8232K(8320K)->8232K(8320K)
[11.922s][info][gc          ] GC(27) Pause Young (Prepare Mixed) (G1 Evacuation Pause) 430M->286M(487M) 19.418ms
[11.922s][info][gc,cpu      ] GC(27) User=0.03s Sys=0.00s Real=0.01s
[12.351s][info][gc,start    ] GC(28) Pause Young (Mixed) (G1 Evacuation Pause)
[12.351s][info][gc,task     ] GC(28) Using 2 workers of 2 for evacuation
[12.378s][info][gc,phases   ] GC(28)   Pre Evacuate Collection Set: 0.34ms
[12.378s][info][gc,phases   ] GC(28)   Merge Heap Roots: 0.11ms
[12.378s][info][gc,phases   ] GC(28)   Evacuate Collection Set: 25.38ms
[12.378s][info][gc,phases   ] GC(28)   Post Evacuate Collection Set: 0.50ms
[12.378s][info][gc,phases   ] GC(28)   Other: 0.10ms
[12.378s][info][gc,heap     ] GC(28) Eden regions: 147->0(151)
[12.378s][info][gc,heap     ] GC(28) Survivor regions: 12->11(20)
[12.378s][info][gc,heap     ] GC(28) Old regions: 68->65
[12.378s][info][gc,heap     ] GC(28) Humongous regions: 207->207
[12.378s][info][gc,metaspace] GC(28) Metaspace: 55383K(55680K)->55383K(55680K) NonClass: 47151K(47360K)->47151K(47360K) Class: 8232K(8320K)->8232K(8320K)
[12.378s][info][gc          ] GC(28) Pause Young (Mixed) (G1 Evacuation Pause) 433M->282M(487M) 26.618ms
[12.378s][info][gc,cpu      ] GC(28) User=0.06s Sys=0.00s Real=0.03s
[12.828s][info][gc,start    ] GC(29) Pause Young (Concurrent Start) (G1 Evacuation Pause)
[12.828s][info][gc,task     ] GC(29) Using 2 workers of 2 for evacuation
[12.848s][info][gc,phases   ] GC(29)   Pre Evacuate Collection Set: 0.31ms
[12.848s][info][gc,phases   ] GC(29)   Merge Heap Roots: 0.12ms
[12.848s][info][gc,phases   ] GC(29)   Evacuate Collection Set: 19.23ms
[12.848s][info][gc,phases   ] GC(29)   Post Evacuate Collection Set: 0.46ms
[12.848s][info][gc,phases   ] GC(29)   Other: 0.13ms
[12.848s][info][gc,heap     ] GC(29) Eden regions: 151->0(153)
[12.848s][info][gc,heap     ] GC(29) Survivor regions: 11->12(21)
[12.848s][info][gc,heap     ] GC(29) Old regions: 65->65
[12.848s][info][gc,heap     ] GC(29) Humongous regions: 207->207
[12.848s][info][gc,metaspace] GC(29) Metaspace: 55384K(55680K)->55384K(55680K) NonClass: 47152K(47360K)->47152K(47360K) Class: 8232K(8320K)->8232K(8320K)
[12.848s][info][gc          ] GC(29) Pause Young (Concurrent Start) (G1 Evacuation Pause) 433M->283M(487M) 20.471ms
[12.848s][info][gc,cpu      ] GC(29) User=0.04s Sys=0.00s Real=0.02s
[12.848s][info][gc          ] GC(30) Concurrent Mark Cycle
[12.851s][info][gc,marking  ] GC(30) Concurrent Scan Root Regions
[12.884s][info][gc,marking  ] GC(30) Concurrent Scan Root Regions 32.992ms
[12.884s][info][gc,marking  ] GC(30) Concurrent Mark
[12.884s][info][gc,marking  ] GC(30) Concurrent Mark From Roots
[12.884s][info][gc,task     ] GC(30) Using 1 workers of 1 for marking
[12.999s][info][gc,marking  ] GC(30) Concurrent Mark From Roots 114.817ms
[12.999s][info][gc,marking  ] GC(30) Concurrent Preclean
[12.999s][info][gc,marking  ] GC(30) Concurrent Preclean 0.063ms
[12.999s][info][gc,start    ] GC(30) Pause Remark
[13.011s][info][gc          ] GC(30) Pause Remark 342M->342M(487M) 11.596ms
[13.011s][info][gc,cpu      ] GC(30) User=0.02s Sys=0.00s Real=0.01s
[13.014s][info][gc,marking  ] GC(30) Concurrent Mark 129.718ms
[13.014s][info][gc,marking  ] GC(30) Concurrent Rebuild Remembered Sets and Scrub Regions
[13.048s][info][gc,marking  ] GC(30) Concurrent Rebuild Remembered Sets and Scrub Regions 34.189ms
[13.049s][info][gc,start    ] GC(30) Pause Cleanup
[13.049s][info][gc          ] GC(30) Pause Cleanup 357M->357M(487M) 0.079ms
[13.049s][info][gc,cpu      ] GC(30) User=0.00s Sys=0.00s Real=0.00s
[13.049s][info][gc,marking  ] GC(30) Concurrent Clear Claimed Marks
[13.049s][info][gc,marking  ] GC(30) Concurrent Clear Claimed Marks 0.091ms
[13.049s][info][gc,marking  ] GC(30) Concurrent Cleanup for Next Mark
[13.051s][info][gc,marking  ] GC(30) Concurrent Cleanup for Next Mark 1.444ms
[13.051s][info][gc          ] GC(30) Concurrent Mark Cycle 202.537ms
[13.216s][info][gc,start    ] GC(31) Pause Young (Prepare Mixed) (G1 Evacuation Pause)
[13.216s][info][gc,task     ] GC(31) Using 2 workers of 2 for evacuation
[13.240s][info][gc,phases   ] GC(31)   Pre Evacuate Collection Set: 0.26ms
[13.240s][info][gc,phases   ] GC(31)   Merge Heap Roots: 0.11ms
[13.240s][info][gc,phases   ] GC(31)   Evacuate Collection Set: 22.36ms
[13.240s][info][gc,phases   ] GC(31)   Post Evacuate Collection Set: 0.44ms
[13.240s][info][gc,phases   ] GC(31)   Other: 0.09ms
[13.240s][info][gc,heap     ] GC(31) Eden regions: 153->0(156)
[13.240s][info][gc,heap     ] GC(31) Survivor regions: 12->11(21)
[13.240s][info][gc,heap     ] GC(31) Old regions: 65->65
[13.240s][info][gc,heap     ] GC(31) Humongous regions: 207->207
[13.240s][info][gc,metaspace] GC(31) Metaspace: 55384K(55680K)->55384K(55680K) NonClass: 47152K(47360K)->47152K(47360K) Class: 8232K(8320K)->8232K(8320K)
[13.240s][info][gc          ] GC(31) Pause Young (Prepare Mixed) (G1 Evacuation Pause) 436M->282M(487M) 23.440ms
[13.240s][info][gc,cpu      ] GC(31) User=0.05s Sys=0.00s Real=0.02s
[13.701s][info][gc,start    ] GC(32) Pause Young (Mixed) (G1 Evacuation Pause)
[13.701s][info][gc,task     ] GC(32) Using 2 workers of 2 for evacuation
[13.711s][info][gc,phases   ] GC(32)   Pre Evacuate Collection Set: 0.27ms
[13.711s][info][gc,phases   ] GC(32)   Merge Heap Roots: 0.08ms
[13.711s][info][gc,phases   ] GC(32)   Evacuate Collection Set: 9.22ms
[13.711s][info][gc,phases   ] GC(32)   Post Evacuate Collection Set: 0.50ms
[13.711s][info][gc,phases   ] GC(32)   Other: 0.09ms
[13.711s][info][gc,heap     ] GC(32) Eden regions: 156->0(162)
[13.711s][info][gc,heap     ] GC(32) Survivor regions: 11->6(21)
[13.711s][info][gc,heap     ] GC(32) Old regions: 65->64
[13.711s][info][gc,heap     ] GC(32) Humongous regions: 207->207
[13.711s][info][gc,metaspace] GC(32) Metaspace: 55387K(55680K)->55387K(55680K) NonClass: 47155K(47360K)->47155K(47360K) Class: 8232K(8320K)->8232K(8320K)
[13.711s][info][gc          ] GC(32) Pause Young (Mixed) (G1 Evacuation Pause) 438M->275M(487M) 10.323ms
[13.711s][info][gc,cpu      ] GC(32) User=0.02s Sys=0.00s Real=0.01s
[14.109s][info][gc,start    ] GC(33) Pause Young (Concurrent Start) (G1 Evacuation Pause)
[14.109s][info][gc,task     ] GC(33) Using 2 workers of 2 for evacuation
[14.116s][info][gc,phases   ] GC(33)   Pre Evacuate Collection Set: 0.25ms
[14.116s][info][gc,phases   ] GC(33)   Merge Heap Roots: 0.07ms
[14.116s][info][gc,phases   ] GC(33)   Evacuate Collection Set: 5.55ms
[14.116s][info][gc,phases   ] GC(33)   Post Evacuate Collection Set: 0.44ms
[14.116s][info][gc,phases   ] GC(33)   Other: 0.12ms
[14.116s][info][gc,heap     ] GC(33) Eden regions: 162->0(168)
[14.116s][info][gc,heap     ] GC(33) Survivor regions: 6->2(21)
[14.116s][info][gc,heap     ] GC(33) Old regions: 64->64
[14.116s][info][gc,heap     ] GC(33) Humongous regions: 207->207
[14.116s][info][gc,metaspace] GC(33) Metaspace: 55404K(55680K)->55404K(55680K) NonClass: 47167K(47360K)->47167K(47360K) Class: 8237K(8320K)->8237K(8320K)
[14.116s][info][gc          ] GC(33) Pause Young (Concurrent Start) (G1 Evacuation Pause) 437M->271M(487M) 6.600ms
[14.116s][info][gc          ] GC(34) Concurrent Mark Cycle
[14.116s][info][gc,cpu      ] GC(33) User=0.01s Sys=0.00s Real=0.01s
[14.116s][info][gc,marking  ] GC(34) Concurrent Scan Root Regions
[14.119s][info][gc,marking  ] GC(34) Concurrent Scan Root Regions 2.893ms
[14.119s][info][gc,marking  ] GC(34) Concurrent Mark
[14.119s][info][gc,marking  ] GC(34) Concurrent Mark From Roots
[14.119s][info][gc,task     ] GC(34) Using 1 workers of 1 for marking
[14.211s][info][gc,marking  ] GC(34) Concurrent Mark From Roots 92.310ms
[14.211s][info][gc,marking  ] GC(34) Concurrent Preclean
[14.211s][info][gc,marking  ] GC(34) Concurrent Preclean 0.071ms
[14.211s][info][gc,start    ] GC(34) Pause Remark
[14.221s][info][gc          ] GC(34) Pause Remark 305M->305M(487M) 9.541ms
[14.221s][info][gc,cpu      ] GC(34) User=0.02s Sys=0.00s Real=0.01s
[14.223s][info][gc,marking  ] GC(34) Concurrent Mark 104.440ms
[14.223s][info][gc,marking  ] GC(34) Concurrent Rebuild Remembered Sets and Scrub Regions
[14.256s][info][gc,marking  ] GC(34) Concurrent Rebuild Remembered Sets and Scrub Regions 33.116ms
[14.256s][info][gc,start    ] GC(34) Pause Cleanup
[14.257s][info][gc          ] GC(34) Pause Cleanup 318M->318M(487M) 0.085ms
[14.257s][info][gc,cpu      ] GC(34) User=0.00s Sys=0.00s Real=0.00s
[14.258s][info][gc,marking  ] GC(34) Concurrent Clear Claimed Marks
[14.258s][info][gc,marking  ] GC(34) Concurrent Clear Claimed Marks 0.097ms
[14.258s][info][gc,marking  ] GC(34) Concurrent Cleanup for Next Mark
[14.259s][info][gc,marking  ] GC(34) Concurrent Cleanup for Next Mark 1.495ms
[14.259s][info][gc          ] GC(34) Concurrent Mark Cycle 143.680ms
[14.632s][info][gc,start    ] GC(35) Pause Young (Prepare Mixed) (G1 Evacuation Pause)
[14.632s][info][gc,task     ] GC(35) Using 2 workers of 2 for evacuation
[14.639s][info][gc,phases   ] GC(35)   Pre Evacuate Collection Set: 0.31ms
[14.639s][info][gc,phases   ] GC(35)   Merge Heap Roots: 0.13ms
[14.639s][info][gc,phases   ] GC(35)   Evacuate Collection Set: 6.11ms
[14.639s][info][gc,phases   ] GC(35)   Post Evacuate Collection Set: 0.53ms
[14.639s][info][gc,phases   ] GC(35)   Other: 0.13ms
[14.639s][info][gc,heap     ] GC(35) Eden regions: 168->0(171)
[14.639s][info][gc,heap     ] GC(35) Survivor regions: 2->4(22)
[14.639s][info][gc,heap     ] GC(35) Old regions: 64->64
[14.639s][info][gc,heap     ] GC(35) Humongous regions: 207->207
[14.639s][info][gc,metaspace] GC(35) Metaspace: 55405K(55680K)->55405K(55680K) NonClass: 47168K(47360K)->47168K(47360K) Class: 8237K(8320K)->8237K(8320K)
[14.639s][info][gc          ] GC(35) Pause Young (Prepare Mixed) (G1 Evacuation Pause) 439M->273M(487M) 7.450ms
[14.639s][info][gc,cpu      ] GC(35) User=0.01s Sys=0.00s Real=0.01s
[15.061s][info][gc,start    ] GC(36) Pause Young (Mixed) (G1 Evacuation Pause)
[15.061s][info][gc,task     ] GC(36) Using 2 workers of 2 for evacuation
[15.066s][info][gc,phases   ] GC(36)   Pre Evacuate Collection Set: 0.26ms
[15.066s][info][gc,phases   ] GC(36)   Merge Heap Roots: 0.08ms
[15.066s][info][gc,phases   ] GC(36)   Evacuate Collection Set: 3.97ms
[15.066s][info][gc,phases   ] GC(36)   Post Evacuate Collection Set: 0.47ms
[15.066s][info][gc,phases   ] GC(36)   Other: 0.08ms
[15.066s][info][gc,heap     ] GC(36) Eden regions: 171->0(176)
[15.066s][info][gc,heap     ] GC(36) Survivor regions: 4->3(22)
[15.066s][info][gc,heap     ] GC(36) Old regions: 64->62
[15.066s][info][gc,heap     ] GC(36) Humongous regions: 207->207
[15.066s][info][gc,metaspace] GC(36) Metaspace: 55406K(55680K)->55406K(55680K) NonClass: 47169K(47360K)->47169K(47360K) Class: 8237K(8320K)->8237K(8320K)
[15.066s][info][gc          ] GC(36) Pause Young (Mixed) (G1 Evacuation Pause) 444M->270M(487M) 5.012ms
[15.066s][info][gc,cpu      ] GC(36) User=0.01s Sys=0.00s Real=0.01s
[15.539s][info][gc,start    ] GC(37) Pause Young (Concurrent Start) (G1 Evacuation Pause)
[15.539s][info][gc,task     ] GC(37) Using 2 workers of 2 for evacuation
[15.546s][info][gc,phases   ] GC(37)   Pre Evacuate Collection Set: 0.27ms
[15.546s][info][gc,phases   ] GC(37)   Merge Heap Roots: 0.08ms
[15.546s][info][gc,phases   ] GC(37)   Evacuate Collection Set: 5.63ms
[15.546s][info][gc,phases   ] GC(37)   Post Evacuate Collection Set: 0.47ms
[15.546s][info][gc,phases   ] GC(37)   Other: 0.18ms
[15.546s][info][gc,heap     ] GC(37) Eden regions: 176->0(180)
[15.546s][info][gc,heap     ] GC(37) Survivor regions: 3->2(23)
[15.546s][info][gc,heap     ] GC(37) Old regions: 62->62
[15.546s][info][gc,heap     ] GC(37) Humongous regions: 207->207
[15.546s][info][gc,metaspace] GC(37) Metaspace: 55406K(55680K)->55406K(55680K) NonClass: 47169K(47360K)->47169K(47360K) Class: 8237K(8320K)->8237K(8320K)
[15.546s][info][gc          ] GC(37) Pause Young (Concurrent Start) (G1 Evacuation Pause) 446M->269M(487M) 6.849ms
[15.546s][info][gc          ] GC(38) Concurrent Mark Cycle
[15.546s][info][gc,marking  ] GC(38) Concurrent Scan Root Regions
[15.546s][info][gc,cpu      ] GC(37) User=0.01s Sys=0.00s Real=0.01s
[15.553s][info][gc,marking  ] GC(38) Concurrent Scan Root Regions 7.200ms
[15.553s][info][gc,marking  ] GC(38) Concurrent Mark
[15.553s][info][gc,marking  ] GC(38) Concurrent Mark From Roots
[15.553s][info][gc,task     ] GC(38) Using 1 workers of 1 for marking
[15.639s][info][gc,marking  ] GC(38) Concurrent Mark From Roots 85.459ms
[15.639s][info][gc,marking  ] GC(38) Concurrent Preclean
[15.639s][info][gc,marking  ] GC(38) Concurrent Preclean 0.072ms
[15.663s][info][gc,start    ] GC(38) Pause Remark
[15.686s][info][gc          ] GC(38) Pause Remark 294M->294M(487M) 23.819ms
[15.686s][info][gc,cpu      ] GC(38) User=0.02s Sys=0.00s Real=0.02s
[15.687s][info][gc,marking  ] GC(38) Concurrent Mark 133.506ms
[15.687s][info][gc,marking  ] GC(38) Concurrent Rebuild Remembered Sets and Scrub Regions
[15.727s][info][gc,marking  ] GC(38) Concurrent Rebuild Remembered Sets and Scrub Regions 40.500ms
[15.727s][info][gc,start    ] GC(38) Pause Cleanup
[15.727s][info][gc          ] GC(38) Pause Cleanup 309M->309M(487M) 0.069ms
[15.728s][info][gc,cpu      ] GC(38) User=0.00s Sys=0.00s Real=0.00s
[15.729s][info][gc,marking  ] GC(38) Concurrent Clear Claimed Marks
[15.729s][info][gc,marking  ] GC(38) Concurrent Clear Claimed Marks 0.097ms
[15.729s][info][gc,marking  ] GC(38) Concurrent Cleanup for Next Mark
[15.733s][info][gc,marking  ] GC(38) Concurrent Cleanup for Next Mark 3.337ms
[15.733s][info][gc          ] GC(38) Concurrent Mark Cycle 186.697ms
[16.040s][info][gc,start    ] GC(39) Pause Young (Prepare Mixed) (G1 Evacuation Pause)
[16.040s][info][gc,task     ] GC(39) Using 2 workers of 2 for evacuation
[16.049s][info][gc,phases   ] GC(39)   Pre Evacuate Collection Set: 1.10ms
[16.049s][info][gc,phases   ] GC(39)   Merge Heap Roots: 0.13ms
[16.049s][info][gc,phases   ] GC(39)   Evacuate Collection Set: 6.61ms
[16.049s][info][gc,phases   ] GC(39)   Post Evacuate Collection Set: 0.47ms
[16.049s][info][gc,phases   ] GC(39)   Other: 0.11ms
[16.049s][info][gc,heap     ] GC(39) Eden regions: 180->0(183)
[16.049s][info][gc,heap     ] GC(39) Survivor regions: 2->2(23)
[16.049s][info][gc,heap     ] GC(39) Old regions: 62->62
[16.049s][info][gc,heap     ] GC(39) Humongous regions: 207->207
[16.049s][info][gc,metaspace] GC(39) Metaspace: 55406K(55680K)->55406K(55680K) NonClass: 47169K(47360K)->47169K(47360K) Class: 8237K(8320K)->8237K(8320K)
[16.049s][info][gc          ] GC(39) Pause Young (Prepare Mixed) (G1 Evacuation Pause) 449M->270M(487M) 8.602ms
[16.049s][info][gc,cpu      ] GC(39) User=0.01s Sys=0.00s Real=0.01s
[16.570s][info][gc,start    ] GC(40) Pause Young (Mixed) (G1 Evacuation Pause)
[16.570s][info][gc,task     ] GC(40) Using 2 workers of 2 for evacuation
[16.577s][info][gc,phases   ] GC(40)   Pre Evacuate Collection Set: 0.25ms
[16.577s][info][gc,phases   ] GC(40)   Merge Heap Roots: 0.12ms
[16.577s][info][gc,phases   ] GC(40)   Evacuate Collection Set: 6.13ms
[16.577s][info][gc,phases   ] GC(40)   Post Evacuate Collection Set: 0.55ms
[16.577s][info][gc,phases   ] GC(40)   Other: 0.07ms
[16.577s][info][gc,heap     ] GC(40) Eden regions: 183->0(187)
[16.577s][info][gc,heap     ] GC(40) Survivor regions: 2->2(24)
[16.577s][info][gc,heap     ] GC(40) Old regions: 62->61
[16.577s][info][gc,heap     ] GC(40) Humongous regions: 207->207
[16.577s][info][gc,metaspace] GC(40) Metaspace: 55406K(55680K)->55406K(55680K) NonClass: 47169K(47360K)->47169K(47360K) Class: 8237K(8320K)->8237K(8320K)
[16.577s][info][gc          ] GC(40) Pause Young (Mixed) (G1 Evacuation Pause) 453M->268M(487M) 7.292ms
[16.577s][info][gc,cpu      ] GC(40) User=0.01s Sys=0.00s Real=0.01s
[17.020s][info][gc,start    ] GC(41) Pause Young (Concurrent Start) (G1 Evacuation Pause)
[17.020s][info][gc,task     ] GC(41) Using 2 workers of 2 for evacuation
[17.024s][info][gc,phases   ] GC(41)   Pre Evacuate Collection Set: 0.30ms
[17.024s][info][gc,phases   ] GC(41)   Merge Heap Roots: 0.08ms
[17.024s][info][gc,phases   ] GC(41)   Evacuate Collection Set: 3.66ms
[17.024s][info][gc,phases   ] GC(41)   Post Evacuate Collection Set: 0.53ms
[17.024s][info][gc,phases   ] GC(41)   Other: 0.11ms
[17.024s][info][gc,heap     ] GC(41) Eden regions: 187->0(188)
[17.024s][info][gc,heap     ] GC(41) Survivor regions: 2->3(24)
[17.024s][info][gc,heap     ] GC(41) Old regions: 61->61
[17.024s][info][gc,heap     ] GC(41) Humongous regions: 207->207
[17.024s][info][gc,metaspace] GC(41) Metaspace: 55407K(55680K)->55407K(55680K) NonClass: 47169K(47360K)->47169K(47360K) Class: 8237K(8320K)->8237K(8320K)
[17.024s][info][gc          ] GC(41) Pause Young (Concurrent Start) (G1 Evacuation Pause) 455M->269M(487M) 4.845ms
[17.024s][info][gc          ] GC(42) Concurrent Mark Cycle
[17.024s][info][gc,marking  ] GC(42) Concurrent Scan Root Regions
[17.024s][info][gc,cpu      ] GC(41) User=0.01s Sys=0.00s Real=0.01s
[17.033s][info][gc,marking  ] GC(42) Concurrent Scan Root Regions 8.640ms
[17.033s][info][gc,marking  ] GC(42) Concurrent Mark
[17.033s][info][gc,marking  ] GC(42) Concurrent Mark From Roots
[17.033s][info][gc,task     ] GC(42) Using 1 workers of 1 for marking
[17.121s][info][gc,marking  ] GC(42) Concurrent Mark From Roots 87.541ms
[17.121s][info][gc,marking  ] GC(42) Concurrent Preclean
[17.121s][info][gc,marking  ] GC(42) Concurrent Preclean 0.065ms
[17.121s][info][gc,start    ] GC(42) Pause Remark
[17.131s][info][gc          ] GC(42) Pause Remark 300M->300M(487M) 9.705ms
[17.131s][info][gc,cpu      ] GC(42) User=0.02s Sys=0.00s Real=0.01s
[17.132s][info][gc,marking  ] GC(42) Concurrent Mark 98.417ms
[17.132s][info][gc,marking  ] GC(42) Concurrent Rebuild Remembered Sets and Scrub Regions
[17.157s][info][gc,marking  ] GC(42) Concurrent Rebuild Remembered Sets and Scrub Regions 25.744ms
[17.158s][info][gc,start    ] GC(42) Pause Cleanup
[17.158s][info][gc          ] GC(42) Pause Cleanup 311M->311M(487M) 0.081ms
[17.158s][info][gc,cpu      ] GC(42) User=0.00s Sys=0.00s Real=0.00s
[17.158s][info][gc,marking  ] GC(42) Concurrent Clear Claimed Marks
[17.158s][info][gc,marking  ] GC(42) Concurrent Clear Claimed Marks 0.090ms
[17.158s][info][gc,marking  ] GC(42) Concurrent Cleanup for Next Mark
[17.163s][info][gc,marking  ] GC(42) Concurrent Cleanup for Next Mark 4.560ms
[17.163s][info][gc          ] GC(42) Concurrent Mark Cycle 138.222ms
[17.671s][info][gc,start    ] GC(43) Pause Young (Prepare Mixed) (G1 Evacuation Pause)
[17.671s][info][gc,task     ] GC(43) Using 2 workers of 2 for evacuation
[17.677s][info][gc,phases   ] GC(43)   Pre Evacuate Collection Set: 0.30ms
[17.677s][info][gc,phases   ] GC(43)   Merge Heap Roots: 0.10ms
[17.677s][info][gc,phases   ] GC(43)   Evacuate Collection Set: 5.28ms
[17.677s][info][gc,phases   ] GC(43)   Post Evacuate Collection Set: 0.49ms
[17.677s][info][gc,phases   ] GC(43)   Other: 0.11ms
[17.677s][info][gc,heap     ] GC(43) Eden regions: 188->0(190)
[17.677s][info][gc,heap     ] GC(43) Survivor regions: 3->2(24)
[17.677s][info][gc,heap     ] GC(43) Old regions: 61->61
[17.677s][info][gc,heap     ] GC(43) Humongous regions: 207->207
[17.677s][info][gc,metaspace] GC(43) Metaspace: 55407K(55680K)->55407K(55680K) NonClass: 47169K(47360K)->47169K(47360K) Class: 8237K(8320K)->8237K(8320K)
[17.677s][info][gc          ] GC(43) Pause Young (Prepare Mixed) (G1 Evacuation Pause) 457M->268M(487M) 6.430ms
[17.677s][info][gc,cpu      ] GC(43) User=0.01s Sys=0.00s Real=0.01s
[18.123s][info][gc,start    ] GC(44) Pause Young (Mixed) (G1 Evacuation Pause)
[18.123s][info][gc,task     ] GC(44) Using 2 workers of 2 for evacuation
[18.130s][info][gc,phases   ] GC(44)   Pre Evacuate Collection Set: 0.25ms
[18.130s][info][gc,phases   ] GC(44)   Merge Heap Roots: 0.09ms
[18.130s][info][gc,phases   ] GC(44)   Evacuate Collection Set: 6.06ms
[18.130s][info][gc,phases   ] GC(44)   Post Evacuate Collection Set: 0.52ms
[18.130s][info][gc,phases   ] GC(44)   Other: 0.08ms
[18.130s][info][gc,heap     ] GC(44) Eden regions: 190->0(190)
[18.130s][info][gc,heap     ] GC(44) Survivor regions: 2->3(24)
[18.130s][info][gc,heap     ] GC(44) Old regions: 61->59
[18.130s][info][gc,heap     ] GC(44) Humongous regions: 207->207
[18.130s][info][gc,metaspace] GC(44) Metaspace: 55407K(55680K)->55407K(55680K) NonClass: 47169K(47360K)->47169K(47360K) Class: 8237K(8320K)->8237K(8320K)
[18.130s][info][gc          ] GC(44) Pause Young (Mixed) (G1 Evacuation Pause) 458M->268M(487M) 7.213ms
[18.130s][info][gc,cpu      ] GC(44) User=0.01s Sys=0.00s Real=0.00s
[18.638s][info][gc,start    ] GC(45) Pause Young (Concurrent Start) (G1 Evacuation Pause)
[18.638s][info][gc,task     ] GC(45) Using 2 workers of 2 for evacuation
[18.644s][info][gc,phases   ] GC(45)   Pre Evacuate Collection Set: 0.27ms
[18.644s][info][gc,phases   ] GC(45)   Merge Heap Roots: 0.08ms
[18.644s][info][gc,phases   ] GC(45)   Evacuate Collection Set: 5.20ms
[18.644s][info][gc,phases   ] GC(45)   Post Evacuate Collection Set: 0.49ms
[18.644s][info][gc,phases   ] GC(45)   Other: 0.12ms
[18.644s][info][gc,heap     ] GC(45) Eden regions: 190->0(192)
[18.644s][info][gc,heap     ] GC(45) Survivor regions: 3->2(25)
[18.644s][info][gc,heap     ] GC(45) Old regions: 59->59
[18.644s][info][gc,heap     ] GC(45) Humongous regions: 207->207
[18.644s][info][gc,metaspace] GC(45) Metaspace: 55424K(55744K)->55424K(55744K) NonClass: 47182K(47424K)->47182K(47424K) Class: 8241K(8320K)->8241K(8320K)
[18.644s][info][gc          ] GC(45) Pause Young (Concurrent Start) (G1 Evacuation Pause) 458M->267M(487M) 6.321ms
[18.644s][info][gc          ] GC(46) Concurrent Mark Cycle
[18.644s][info][gc,marking  ] GC(46) Concurrent Scan Root Regions
[18.644s][info][gc,cpu      ] GC(45) User=0.01s Sys=0.00s Real=0.01s
[18.652s][info][gc,marking  ] GC(46) Concurrent Scan Root Regions 7.586ms
[18.652s][info][gc,marking  ] GC(46) Concurrent Mark
[18.652s][info][gc,marking  ] GC(46) Concurrent Mark From Roots
[18.652s][info][gc,task     ] GC(46) Using 1 workers of 1 for marking
[18.740s][info][gc,marking  ] GC(46) Concurrent Mark From Roots 87.994ms
[18.740s][info][gc,marking  ] GC(46) Concurrent Preclean
[18.740s][info][gc,marking  ] GC(46) Concurrent Preclean 0.071ms
[18.740s][info][gc,start    ] GC(46) Pause Remark
[18.748s][info][gc          ] GC(46) Pause Remark 295M->295M(487M) 8.370ms
[18.748s][info][gc,cpu      ] GC(46) User=0.01s Sys=0.00s Real=0.01s
[18.751s][info][gc,marking  ] GC(46) Concurrent Mark 99.231ms
[18.751s][info][gc,marking  ] GC(46) Concurrent Rebuild Remembered Sets and Scrub Regions
[18.796s][info][gc,marking  ] GC(46) Concurrent Rebuild Remembered Sets and Scrub Regions 45.288ms
[18.796s][info][gc,start    ] GC(46) Pause Cleanup
[18.796s][info][gc          ] GC(46) Pause Cleanup 311M->311M(487M) 0.070ms
[18.796s][info][gc,cpu      ] GC(46) User=0.00s Sys=0.00s Real=0.00s
[18.797s][info][gc,marking  ] GC(46) Concurrent Clear Claimed Marks
[18.797s][info][gc,marking  ] GC(46) Concurrent Clear Claimed Marks 0.083ms
[18.797s][info][gc,marking  ] GC(46) Concurrent Cleanup for Next Mark
[18.798s][info][gc,marking  ] GC(46) Concurrent Cleanup for Next Mark 1.772ms
[18.798s][info][gc          ] GC(46) Concurrent Mark Cycle 154.298ms
[19.146s][info][gc,start    ] GC(47) Pause Young (Prepare Mixed) (G1 Evacuation Pause)
[19.146s][info][gc,task     ] GC(47) Using 2 workers of 2 for evacuation
[19.151s][info][gc,phases   ] GC(47)   Pre Evacuate Collection Set: 0.29ms
[19.151s][info][gc,phases   ] GC(47)   Merge Heap Roots: 0.09ms
[19.151s][info][gc,phases   ] GC(47)   Evacuate Collection Set: 4.17ms
[19.151s][info][gc,phases   ] GC(47)   Post Evacuate Collection Set: 0.51ms
[19.151s][info][gc,phases   ] GC(47)   Other: 0.08ms
[19.151s][info][gc,heap     ] GC(47) Eden regions: 192->0(192)
[19.151s][info][gc,heap     ] GC(47) Survivor regions: 2->2(25)
[19.151s][info][gc,heap     ] GC(47) Old regions: 59->59
[19.151s][info][gc,heap     ] GC(47) Humongous regions: 207->207
[19.151s][info][gc,metaspace] GC(47) Metaspace: 55424K(55744K)->55424K(55744K) NonClass: 47182K(47424K)->47182K(47424K) Class: 8241K(8320K)->8241K(8320K)
[19.151s][info][gc          ] GC(47) Pause Young (Prepare Mixed) (G1 Evacuation Pause) 459M->267M(487M) 5.333ms
[19.151s][info][gc,cpu      ] GC(47) User=0.01s Sys=0.00s Real=0.00s
[19.652s][info][gc,start    ] GC(48) Pause Young (Mixed) (G1 Evacuation Pause)
[19.652s][info][gc,task     ] GC(48) Using 2 workers of 2 for evacuation
[19.656s][info][gc,phases   ] GC(48)   Pre Evacuate Collection Set: 0.25ms
[19.656s][info][gc,phases   ] GC(48)   Merge Heap Roots: 0.09ms
[19.656s][info][gc,phases   ] GC(48)   Evacuate Collection Set: 3.13ms
[19.656s][info][gc,phases   ] GC(48)   Post Evacuate Collection Set: 0.49ms
[19.656s][info][gc,phases   ] GC(48)   Other: 0.09ms
[19.656s][info][gc,heap     ] GC(48) Eden regions: 192->0(192)
[19.656s][info][gc,heap     ] GC(48) Survivor regions: 2->2(25)
[19.656s][info][gc,heap     ] GC(48) Old regions: 59->59
[19.656s][info][gc,heap     ] GC(48) Humongous regions: 207->207
[19.656s][info][gc,metaspace] GC(48) Metaspace: 55426K(55744K)->55426K(55744K) NonClass: 47185K(47424K)->47185K(47424K) Class: 8241K(8320K)->8241K(8320K)
[19.656s][info][gc          ] GC(48) Pause Young (Mixed) (G1 Evacuation Pause) 459M->266M(487M) 4.232ms
[19.656s][info][gc,cpu      ] GC(48) User=0.01s Sys=0.00s Real=0.01s
[20.196s][info][gc,start    ] GC(49) Pause Young (Concurrent Start) (G1 Evacuation Pause)
[20.196s][info][gc,task     ] GC(49) Using 2 workers of 2 for evacuation
[20.200s][info][gc,phases   ] GC(49)   Pre Evacuate Collection Set: 0.29ms
[20.200s][info][gc,phases   ] GC(49)   Merge Heap Roots: 0.08ms
[20.200s][info][gc,phases   ] GC(49)   Evacuate Collection Set: 3.09ms
[20.200s][info][gc,phases   ] GC(49)   Post Evacuate Collection Set: 0.47ms
[20.200s][info][gc,phases   ] GC(49)   Other: 0.08ms
[20.200s][info][gc,heap     ] GC(49) Eden regions: 192->0(192)
[20.200s][info][gc,heap     ] GC(49) Survivor regions: 2->2(25)
[20.200s][info][gc,heap     ] GC(49) Old regions: 59->59
[20.200s][info][gc,heap     ] GC(49) Humongous regions: 207->207
[20.200s][info][gc,metaspace] GC(49) Metaspace: 55426K(55744K)->55426K(55744K) NonClass: 47185K(47424K)->47185K(47424K) Class: 8241K(8320K)->8241K(8320K)
[20.200s][info][gc          ] GC(49) Pause Young (Concurrent Start) (G1 Evacuation Pause) 458M->266M(487M) 4.203ms
[20.200s][info][gc,cpu      ] GC(49) User=0.01s Sys=0.00s Real=0.00s
[20.200s][info][gc          ] GC(50) Concurrent Mark Cycle
[20.200s][info][gc,marking  ] GC(50) Concurrent Scan Root Regions
[20.208s][info][gc,marking  ] GC(50) Concurrent Scan Root Regions 7.111ms
[20.208s][info][gc,marking  ] GC(50) Concurrent Mark
[20.208s][info][gc,marking  ] GC(50) Concurrent Mark From Roots
[20.208s][info][gc,task     ] GC(50) Using 1 workers of 1 for marking
[20.293s][info][gc,marking  ] GC(50) Concurrent Mark From Roots 85.364ms
[20.293s][info][gc,marking  ] GC(50) Concurrent Preclean
[20.293s][info][gc,marking  ] GC(50) Concurrent Preclean 0.063ms
[20.293s][info][gc,start    ] GC(50) Pause Remark
[20.300s][info][gc          ] GC(50) Pause Remark 303M->303M(487M) 7.342ms
[20.300s][info][gc,cpu      ] GC(50) User=0.02s Sys=0.00s Real=0.00s
[20.301s][info][gc,marking  ] GC(50) Concurrent Mark 93.169ms
[20.301s][info][gc,marking  ] GC(50) Concurrent Rebuild Remembered Sets and Scrub Regions
[20.332s][info][gc,marking  ] GC(50) Concurrent Rebuild Remembered Sets and Scrub Regions 31.060ms
[20.332s][info][gc,start    ] GC(50) Pause Cleanup
[20.332s][info][gc          ] GC(50) Pause Cleanup 322M->322M(487M) 0.062ms
[20.332s][info][gc,cpu      ] GC(50) User=0.00s Sys=0.00s Real=0.00s
[20.332s][info][gc,marking  ] GC(50) Concurrent Clear Claimed Marks
[20.334s][info][gc,marking  ] GC(50) Concurrent Clear Claimed Marks 2.110ms
[20.334s][info][gc,marking  ] GC(50) Concurrent Cleanup for Next Mark
[20.336s][info][gc,marking  ] GC(50) Concurrent Cleanup for Next Mark 1.446ms
[20.336s][info][gc          ] GC(50) Concurrent Mark Cycle 135.264ms
[20.704s][info][gc,start    ] GC(51) Pause Young (Prepare Mixed) (G1 Evacuation Pause)
[20.704s][info][gc,task     ] GC(51) Using 2 workers of 2 for evacuation
[20.708s][info][gc,phases   ] GC(51)   Pre Evacuate Collection Set: 0.24ms
[20.708s][info][gc,phases   ] GC(51)   Merge Heap Roots: 0.09ms
[20.708s][info][gc,phases   ] GC(51)   Evacuate Collection Set: 3.19ms
[20.708s][info][gc,phases   ] GC(51)   Post Evacuate Collection Set: 0.50ms
[20.708s][info][gc,phases   ] GC(51)   Other: 0.07ms
[20.708s][info][gc,heap     ] GC(51) Eden regions: 192->0(192)
[20.708s][info][gc,heap     ] GC(51) Survivor regions: 2->2(25)
[20.708s][info][gc,heap     ] GC(51) Old regions: 59->59
[20.709s][info][gc,heap     ] GC(51) Humongous regions: 207->207
[20.709s][info][gc,metaspace] GC(51) Metaspace: 55426K(55744K)->55426K(55744K) NonClass: 47185K(47424K)->47185K(47424K) Class: 8241K(8320K)->8241K(8320K)
[20.709s][info][gc          ] GC(51) Pause Young (Prepare Mixed) (G1 Evacuation Pause) 458M->267M(487M) 4.243ms
[20.709s][info][gc,cpu      ] GC(51) User=0.01s Sys=0.00s Real=0.00s
[21.204s][info][gc,start    ] GC(52) Pause Young (Mixed) (G1 Evacuation Pause)
[21.204s][info][gc,task     ] GC(52) Using 2 workers of 2 for evacuation
[21.210s][info][gc,phases   ] GC(52)   Pre Evacuate Collection Set: 0.25ms
[21.210s][info][gc,phases   ] GC(52)   Merge Heap Roots: 0.08ms
[21.210s][info][gc,phases   ] GC(52)   Evacuate Collection Set: 4.70ms
[21.210s][info][gc,phases   ] GC(52)   Post Evacuate Collection Set: 0.51ms
[21.210s][info][gc,phases   ] GC(52)   Other: 0.09ms
[21.210s][info][gc,heap     ] GC(52) Eden regions: 192->0(191)
[21.210s][info][gc,heap     ] GC(52) Survivor regions: 2->3(25)
[21.210s][info][gc,heap     ] GC(52) Old regions: 59->58
[21.210s][info][gc,heap     ] GC(52) Humongous regions: 207->207
[21.210s][info][gc,metaspace] GC(52) Metaspace: 55426K(55744K)->55426K(55744K) NonClass: 47185K(47424K)->47185K(47424K) Class: 8241K(8320K)->8241K(8320K)
[21.210s][info][gc          ] GC(52) Pause Young (Mixed) (G1 Evacuation Pause) 458M->266M(487M) 5.801ms
[21.210s][info][gc,cpu      ] GC(52) User=0.01s Sys=0.00s Real=0.00s
[21.711s][info][gc,start    ] GC(53) Pause Young (Concurrent Start) (G1 Evacuation Pause)
[21.711s][info][gc,task     ] GC(53) Using 2 workers of 2 for evacuation
[21.716s][info][gc,phases   ] GC(53)   Pre Evacuate Collection Set: 0.27ms
[21.716s][info][gc,phases   ] GC(53)   Merge Heap Roots: 0.10ms
[21.716s][info][gc,phases   ] GC(53)   Evacuate Collection Set: 3.75ms
[21.716s][info][gc,phases   ] GC(53)   Post Evacuate Collection Set: 0.49ms
[21.716s][info][gc,phases   ] GC(53)   Other: 0.09ms
[21.716s][info][gc,heap     ] GC(53) Eden regions: 191->0(191)
[21.716s][info][gc,heap     ] GC(53) Survivor regions: 3->3(25)
[21.716s][info][gc,heap     ] GC(53) Old regions: 58->58
[21.716s][info][gc,heap     ] GC(53) Humongous regions: 207->207
[21.716s][info][gc,metaspace] GC(53) Metaspace: 55426K(55744K)->55426K(55744K) NonClass: 47185K(47424K)->47185K(47424K) Class: 8241K(8320K)->8241K(8320K)
[21.716s][info][gc          ] GC(53) Pause Young (Concurrent Start) (G1 Evacuation Pause) 457M->266M(487M) 4.863ms
[21.716s][info][gc,cpu      ] GC(53) User=0.01s Sys=0.00s Real=0.01s
[21.716s][info][gc          ] GC(54) Concurrent Mark Cycle
[21.716s][info][gc,marking  ] GC(54) Concurrent Scan Root Regions
[21.726s][info][gc,marking  ] GC(54) Concurrent Scan Root Regions 9.985ms
[21.726s][info][gc,marking  ] GC(54) Concurrent Mark
[21.726s][info][gc,marking  ] GC(54) Concurrent Mark From Roots
[21.726s][info][gc,task     ] GC(54) Using 1 workers of 1 for marking
[21.777s][info][gc,marking  ] GC(54) Concurrent Mark From Roots 51.140ms
[21.777s][info][gc,marking  ] GC(54) Concurrent Preclean
[21.777s][info][gc,marking  ] GC(54) Concurrent Preclean 0.078ms
[21.778s][info][gc,start    ] GC(54) Pause Remark
[21.785s][info][gc          ] GC(54) Pause Remark 292M->292M(487M) 7.393ms
[21.785s][info][gc,cpu      ] GC(54) User=0.02s Sys=0.00s Real=0.01s
[21.785s][info][gc,marking  ] GC(54) Concurrent Mark 59.061ms
[21.785s][info][gc,marking  ] GC(54) Concurrent Rebuild Remembered Sets and Scrub Regions
[21.806s][info][gc,marking  ] GC(54) Concurrent Rebuild Remembered Sets and Scrub Regions 20.940ms
[21.806s][info][gc,start    ] GC(54) Pause Cleanup
[21.806s][info][gc          ] GC(54) Pause Cleanup 298M->298M(487M) 0.061ms
[21.806s][info][gc,cpu      ] GC(54) User=0.00s Sys=0.00s Real=0.00s
[21.807s][info][gc,marking  ] GC(54) Concurrent Clear Claimed Marks
[21.807s][info][gc,marking  ] GC(54) Concurrent Clear Claimed Marks 0.085ms
[21.807s][info][gc,marking  ] GC(54) Concurrent Cleanup for Next Mark
[21.808s][info][gc,marking  ] GC(54) Concurrent Cleanup for Next Mark 1.438ms
[21.808s][info][gc          ] GC(54) Concurrent Mark Cycle 91.982ms
[22.213s][info][gc,start    ] GC(55) Pause Young (Prepare Mixed) (G1 Evacuation Pause)
[22.214s][info][gc,task     ] GC(55) Using 2 workers of 2 for evacuation
[22.218s][info][gc,phases   ] GC(55)   Pre Evacuate Collection Set: 0.28ms
[22.218s][info][gc,phases   ] GC(55)   Merge Heap Roots: 0.11ms
[22.218s][info][gc,phases   ] GC(55)   Evacuate Collection Set: 3.48ms
[22.218s][info][gc,phases   ] GC(55)   Post Evacuate Collection Set: 0.46ms
[22.218s][info][gc,phases   ] GC(55)   Other: 0.07ms
[22.218s][info][gc,heap     ] GC(55) Eden regions: 191->0(191)
[22.218s][info][gc,heap     ] GC(55) Survivor regions: 3->3(25)
[22.218s][info][gc,heap     ] GC(55) Old regions: 58->58
[22.218s][info][gc,heap     ] GC(55) Humongous regions: 207->207
[22.218s][info][gc,metaspace] GC(55) Metaspace: 55426K(55744K)->55426K(55744K) NonClass: 47185K(47424K)->47185K(47424K) Class: 8241K(8320K)->8241K(8320K)
[22.218s][info][gc          ] GC(55) Pause Young (Prepare Mixed) (G1 Evacuation Pause) 457M->267M(487M) 4.573ms
[22.218s][info][gc,cpu      ] GC(55) User=0.01s Sys=0.00s Real=0.00s
[22.713s][info][gc,start    ] GC(56) Pause Young (Mixed) (G1 Evacuation Pause)
[22.713s][info][gc,task     ] GC(56) Using 2 workers of 2 for evacuation
[22.719s][info][gc,phases   ] GC(56)   Pre Evacuate Collection Set: 0.23ms
[22.719s][info][gc,phases   ] GC(56)   Merge Heap Roots: 0.09ms
[22.719s][info][gc,phases   ] GC(56)   Evacuate Collection Set: 4.71ms
[22.719s][info][gc,phases   ] GC(56)   Post Evacuate Collection Set: 0.49ms
[22.719s][info][gc,phases   ] GC(56)   Other: 0.07ms
[22.719s][info][gc,heap     ] GC(56) Eden regions: 191->0(191)
[22.719s][info][gc,heap     ] GC(56) Survivor regions: 3->3(25)
[22.719s][info][gc,heap     ] GC(56) Old regions: 58->58
[22.719s][info][gc,heap     ] GC(56) Humongous regions: 207->207
[22.719s][info][gc,metaspace] GC(56) Metaspace: 55436K(55744K)->55436K(55744K) NonClass: 47195K(47424K)->47195K(47424K) Class: 8241K(8320K)->8241K(8320K)
[22.719s][info][gc          ] GC(56) Pause Young (Mixed) (G1 Evacuation Pause) 458M->266M(487M) 5.755ms
[22.719s][info][gc,cpu      ] GC(56) User=0.01s Sys=0.00s Real=0.00s
[23.219s][info][gc,start    ] GC(57) Pause Young (Concurrent Start) (G1 Evacuation Pause)
[23.219s][info][gc,task     ] GC(57) Using 2 workers of 2 for evacuation
[23.225s][info][gc,phases   ] GC(57)   Pre Evacuate Collection Set: 0.30ms
[23.225s][info][gc,phases   ] GC(57)   Merge Heap Roots: 0.09ms
[23.225s][info][gc,phases   ] GC(57)   Evacuate Collection Set: 4.66ms
[23.225s][info][gc,phases   ] GC(57)   Post Evacuate Collection Set: 0.49ms
[23.225s][info][gc,phases   ] GC(57)   Other: 0.09ms
[23.225s][info][gc,heap     ] GC(57) Eden regions: 191->0(191)
[23.225s][info][gc,heap     ] GC(57) Survivor regions: 3->3(25)
[23.225s][info][gc,heap     ] GC(57) Old regions: 58->58
[23.225s][info][gc,heap     ] GC(57) Humongous regions: 207->207
[23.225s][info][gc,metaspace] GC(57) Metaspace: 55436K(55744K)->55436K(55744K) NonClass: 47195K(47424K)->47195K(47424K) Class: 8241K(8320K)->8241K(8320K)
[23.225s][info][gc          ] GC(57) Pause Young (Concurrent Start) (G1 Evacuation Pause) 457M->266M(487M) 5.818ms
[23.225s][info][gc,cpu      ] GC(57) User=0.01s Sys=0.00s Real=0.01s
[23.225s][info][gc          ] GC(58) Concurrent Mark Cycle
[23.225s][info][gc,marking  ] GC(58) Concurrent Scan Root Regions
[23.229s][info][gc,marking  ] GC(58) Concurrent Scan Root Regions 4.161ms
[23.229s][info][gc,marking  ] GC(58) Concurrent Mark
[23.229s][info][gc,marking  ] GC(58) Concurrent Mark From Roots
[23.229s][info][gc,task     ] GC(58) Using 1 workers of 1 for marking
[23.296s][info][gc,marking  ] GC(58) Concurrent Mark From Roots 67.182ms
[23.296s][info][gc,marking  ] GC(58) Concurrent Preclean
[23.296s][info][gc,marking  ] GC(58) Concurrent Preclean 0.069ms
[23.296s][info][gc,start    ] GC(58) Pause Remark
[23.305s][info][gc          ] GC(58) Pause Remark 291M->291M(487M) 8.674ms
[23.305s][info][gc,cpu      ] GC(58) User=0.02s Sys=0.00s Real=0.01s
[23.306s][info][gc,marking  ] GC(58) Concurrent Mark 76.986ms
[23.306s][info][gc,marking  ] GC(58) Concurrent Rebuild Remembered Sets and Scrub Regions
[23.342s][info][gc,marking  ] GC(58) Concurrent Rebuild Remembered Sets and Scrub Regions 36.398ms
[23.343s][info][gc,start    ] GC(58) Pause Cleanup
[23.343s][info][gc          ] GC(58) Pause Cleanup 312M->312M(487M) 0.085ms
[23.343s][info][gc,cpu      ] GC(58) User=0.00s Sys=0.00s Real=0.00s
[23.345s][info][gc,marking  ] GC(58) Concurrent Clear Claimed Marks
[23.345s][info][gc,marking  ] GC(58) Concurrent Clear Claimed Marks 0.108ms
[23.345s][info][gc,marking  ] GC(58) Concurrent Cleanup for Next Mark
[23.348s][info][gc,marking  ] GC(58) Concurrent Cleanup for Next Mark 3.454ms
[23.348s][info][gc          ] GC(58) Concurrent Mark Cycle 123.475ms
[23.717s][info][gc,start    ] GC(59) Pause Young (Prepare Mixed) (G1 Evacuation Pause)
[23.717s][info][gc,task     ] GC(59) Using 2 workers of 2 for evacuation
[23.722s][info][gc,phases   ] GC(59)   Pre Evacuate Collection Set: 0.25ms
[23.722s][info][gc,phases   ] GC(59)   Merge Heap Roots: 0.11ms
[23.722s][info][gc,phases   ] GC(59)   Evacuate Collection Set: 4.31ms
[23.722s][info][gc,phases   ] GC(59)   Post Evacuate Collection Set: 0.51ms
[23.722s][info][gc,phases   ] GC(59)   Other: 0.08ms
[23.722s][info][gc,heap     ] GC(59) Eden regions: 191->0(191)
[23.722s][info][gc,heap     ] GC(59) Survivor regions: 3->3(25)
[23.722s][info][gc,heap     ] GC(59) Old regions: 58->58
[23.722s][info][gc,heap     ] GC(59) Humongous regions: 207->207
[23.722s][info][gc,metaspace] GC(59) Metaspace: 55437K(55744K)->55437K(55744K) NonClass: 47196K(47424K)->47196K(47424K) Class: 8241K(8320K)->8241K(8320K)
[23.722s][info][gc          ] GC(59) Pause Young (Prepare Mixed) (G1 Evacuation Pause) 457M->266M(487M) 5.459ms
[23.722s][info][gc,cpu      ] GC(59) User=0.01s Sys=0.00s Real=0.01s
[24.225s][info][gc,start    ] GC(60) Pause Young (Mixed) (G1 Evacuation Pause)
[24.225s][info][gc,task     ] GC(60) Using 2 workers of 2 for evacuation
[24.231s][info][gc,phases   ] GC(60)   Pre Evacuate Collection Set: 0.24ms
[24.231s][info][gc,phases   ] GC(60)   Merge Heap Roots: 0.10ms
[24.231s][info][gc,phases   ] GC(60)   Evacuate Collection Set: 4.85ms
[24.231s][info][gc,phases   ] GC(60)   Post Evacuate Collection Set: 0.48ms
[24.231s][info][gc,phases   ] GC(60)   Other: 0.08ms
[24.231s][info][gc,heap     ] GC(60) Eden regions: 191->0(191)
[24.231s][info][gc,heap     ] GC(60) Survivor regions: 3->3(25)
[24.231s][info][gc,heap     ] GC(60) Old regions: 58->58
[24.231s][info][gc,heap     ] GC(60) Humongous regions: 207->207
[24.231s][info][gc,metaspace] GC(60) Metaspace: 55437K(55744K)->55437K(55744K) NonClass: 47196K(47424K)->47196K(47424K) Class: 8241K(8320K)->8241K(8320K)
[24.231s][info][gc          ] GC(60) Pause Young (Mixed) (G1 Evacuation Pause) 457M->266M(487M) 5.912ms
[24.231s][info][gc,cpu      ] GC(60) User=0.01s Sys=0.00s Real=0.00s
[24.722s][info][gc,start    ] GC(61) Pause Young (Concurrent Start) (G1 Evacuation Pause)
[24.722s][info][gc,task     ] GC(61) Using 2 workers of 2 for evacuation
[24.728s][info][gc,phases   ] GC(61)   Pre Evacuate Collection Set: 0.26ms
[24.728s][info][gc,phases   ] GC(61)   Merge Heap Roots: 0.09ms
[24.728s][info][gc,phases   ] GC(61)   Evacuate Collection Set: 5.26ms
[24.728s][info][gc,phases   ] GC(61)   Post Evacuate Collection Set: 0.48ms
[24.728s][info][gc,phases   ] GC(61)   Other: 0.14ms
[24.728s][info][gc,heap     ] GC(61) Eden regions: 191->0(189)
[24.728s][info][gc,heap     ] GC(61) Survivor regions: 3->4(25)
[24.728s][info][gc,heap     ] GC(61) Old regions: 58->58
[24.728s][info][gc,heap     ] GC(61) Humongous regions: 207->207
[24.728s][info][gc,metaspace] GC(61) Metaspace: 55442K(55744K)->55442K(55744K) NonClass: 47199K(47424K)->47199K(47424K) Class: 8242K(8320K)->8242K(8320K)
[24.728s][info][gc          ] GC(61) Pause Young (Concurrent Start) (G1 Evacuation Pause) 457M->267M(487M) 6.399ms
[24.728s][info][gc,cpu      ] GC(61) User=0.01s Sys=0.00s Real=0.01s
[24.728s][info][gc          ] GC(62) Concurrent Mark Cycle
[24.730s][info][gc,marking  ] GC(62) Concurrent Scan Root Regions
[24.737s][info][gc,marking  ] GC(62) Concurrent Scan Root Regions 7.055ms
[24.737s][info][gc,marking  ] GC(62) Concurrent Mark
[24.737s][info][gc,marking  ] GC(62) Concurrent Mark From Roots
[24.737s][info][gc,task     ] GC(62) Using 1 workers of 1 for marking
[24.780s][info][gc,marking  ] GC(62) Concurrent Mark From Roots 43.185ms
[24.780s][info][gc,marking  ] GC(62) Concurrent Preclean
[24.780s][info][gc,marking  ] GC(62) Concurrent Preclean 0.060ms
[24.780s][info][gc,start    ] GC(62) Pause Remark
[24.788s][info][gc          ] GC(62) Pause Remark 284M->284M(487M) 7.288ms
[24.788s][info][gc,cpu      ] GC(62) User=0.02s Sys=0.00s Real=0.01s
[24.788s][info][gc,marking  ] GC(62) Concurrent Mark 51.368ms
[24.788s][info][gc,marking  ] GC(62) Concurrent Rebuild Remembered Sets and Scrub Regions
[24.821s][info][gc,marking  ] GC(62) Concurrent Rebuild Remembered Sets and Scrub Regions 32.892ms
[24.823s][info][gc,start    ] GC(62) Pause Cleanup
[24.823s][info][gc          ] GC(62) Pause Cleanup 303M->303M(487M) 0.084ms
[24.823s][info][gc,cpu      ] GC(62) User=0.00s Sys=0.00s Real=0.00s
[24.823s][info][gc,marking  ] GC(62) Concurrent Clear Claimed Marks
[24.823s][info][gc,marking  ] GC(62) Concurrent Clear Claimed Marks 0.096ms
[24.823s][info][gc,marking  ] GC(62) Concurrent Cleanup for Next Mark
[24.826s][info][gc,marking  ] GC(62) Concurrent Cleanup for Next Mark 3.069ms
[24.826s][info][gc          ] GC(62) Concurrent Mark Cycle 97.760ms
[25.224s][info][gc,start    ] GC(63) Pause Young (Prepare Mixed) (G1 Evacuation Pause)
[25.224s][info][gc,task     ] GC(63) Using 2 workers of 2 for evacuation
[25.231s][info][gc,phases   ] GC(63)   Pre Evacuate Collection Set: 0.25ms
[25.231s][info][gc,phases   ] GC(63)   Merge Heap Roots: 0.11ms
[25.231s][info][gc,phases   ] GC(63)   Evacuate Collection Set: 5.67ms
[25.231s][info][gc,phases   ] GC(63)   Post Evacuate Collection Set: 0.48ms
[25.231s][info][gc,phases   ] GC(63)   Other: 0.09ms
[25.231s][info][gc,heap     ] GC(63) Eden regions: 189->0(189)
[25.231s][info][gc,heap     ] GC(63) Survivor regions: 4->4(25)
[25.231s][info][gc,heap     ] GC(63) Old regions: 58->58
[25.231s][info][gc,heap     ] GC(63) Humongous regions: 207->207
[25.231s][info][gc,metaspace] GC(63) Metaspace: 55442K(55744K)->55442K(55744K) NonClass: 47199K(47424K)->47199K(47424K) Class: 8242K(8320K)->8242K(8320K)
[25.231s][info][gc          ] GC(63) Pause Young (Prepare Mixed) (G1 Evacuation Pause) 456M->267M(487M) 6.766ms
[25.231s][info][gc,cpu      ] GC(63) User=0.01s Sys=0.00s Real=0.00s
[25.725s][info][gc,start    ] GC(64) Pause Young (Mixed) (G1 Evacuation Pause)
[25.725s][info][gc,task     ] GC(64) Using 2 workers of 2 for evacuation
[25.732s][info][gc,phases   ] GC(64)   Pre Evacuate Collection Set: 0.28ms
[25.732s][info][gc,phases   ] GC(64)   Merge Heap Roots: 0.09ms
[25.732s][info][gc,phases   ] GC(64)   Evacuate Collection Set: 5.20ms
[25.732s][info][gc,phases   ] GC(64)   Post Evacuate Collection Set: 0.49ms
[25.732s][info][gc,phases   ] GC(64)   Other: 0.10ms
[25.732s][info][gc,heap     ] GC(64) Eden regions: 189->0(192)
[25.732s][info][gc,heap     ] GC(64) Survivor regions: 4->3(25)
[25.732s][info][gc,heap     ] GC(64) Old regions: 58->57
[25.732s][info][gc,heap     ] GC(64) Humongous regions: 207->207
[25.732s][info][gc,metaspace] GC(64) Metaspace: 55443K(55744K)->55443K(55744K) NonClass: 47201K(47424K)->47201K(47424K) Class: 8242K(8320K)->8242K(8320K)
[25.732s][info][gc          ] GC(64) Pause Young (Mixed) (G1 Evacuation Pause) 456M->266M(487M) 6.337ms
[25.732s][info][gc,cpu      ] GC(64) User=0.01s Sys=0.00s Real=0.00s
[26.236s][info][gc,start    ] GC(65) Pause Young (Concurrent Start) (G1 Evacuation Pause)
[26.236s][info][gc,task     ] GC(65) Using 2 workers of 2 for evacuation
[26.241s][info][gc,phases   ] GC(65)   Pre Evacuate Collection Set: 0.27ms
[26.241s][info][gc,phases   ] GC(65)   Merge Heap Roots: 0.11ms
[26.241s][info][gc,phases   ] GC(65)   Evacuate Collection Set: 4.50ms
[26.241s][info][gc,phases   ] GC(65)   Post Evacuate Collection Set: 0.45ms
[26.241s][info][gc,phases   ] GC(65)   Other: 0.11ms
[26.242s][info][gc,heap     ] GC(65) Eden regions: 192->0(192)
[26.242s][info][gc,heap     ] GC(65) Survivor regions: 3->3(25)
[26.242s][info][gc,heap     ] GC(65) Old regions: 57->57
[26.242s][info][gc,heap     ] GC(65) Humongous regions: 207->207
[26.242s][info][gc,metaspace] GC(65) Metaspace: 55443K(55744K)->55443K(55744K) NonClass: 47201K(47424K)->47201K(47424K) Class: 8242K(8320K)->8242K(8320K)
[26.242s][info][gc          ] GC(65) Pause Young (Concurrent Start) (G1 Evacuation Pause) 458M->265M(487M) 5.614ms
[26.242s][info][gc,cpu      ] GC(65) User=0.01s Sys=0.00s Real=0.00s
[26.242s][info][gc          ] GC(66) Concurrent Mark Cycle
[26.242s][info][gc,marking  ] GC(66) Concurrent Scan Root Regions
[26.250s][info][gc,marking  ] GC(66) Concurrent Scan Root Regions 8.309ms
[26.250s][info][gc,marking  ] GC(66) Concurrent Mark
[26.250s][info][gc,marking  ] GC(66) Concurrent Mark From Roots
[26.250s][info][gc,task     ] GC(66) Using 1 workers of 1 for marking
[26.297s][info][gc,marking  ] GC(66) Concurrent Mark From Roots 46.968ms
[26.297s][info][gc,marking  ] GC(66) Concurrent Preclean
[26.297s][info][gc,marking  ] GC(66) Concurrent Preclean 0.062ms
[26.297s][info][gc,start    ] GC(66) Pause Remark
[26.305s][info][gc          ] GC(66) Pause Remark 277M->277M(487M) 7.566ms
[26.305s][info][gc,cpu      ] GC(66) User=0.01s Sys=0.00s Real=0.01s
[26.305s][info][gc,marking  ] GC(66) Concurrent Mark 55.093ms
[26.305s][info][gc,marking  ] GC(66) Concurrent Rebuild Remembered Sets and Scrub Regions
[26.339s][info][gc,marking  ] GC(66) Concurrent Rebuild Remembered Sets and Scrub Regions 33.759ms
[26.339s][info][gc,start    ] GC(66) Pause Cleanup
[26.339s][info][gc          ] GC(66) Pause Cleanup 297M->297M(487M) 0.066ms
[26.339s][info][gc,cpu      ] GC(66) User=0.00s Sys=0.00s Real=0.00s
[26.339s][info][gc,marking  ] GC(66) Concurrent Clear Claimed Marks
[26.339s][info][gc,marking  ] GC(66) Concurrent Clear Claimed Marks 0.089ms
[26.339s][info][gc,marking  ] GC(66) Concurrent Cleanup for Next Mark
[26.342s][info][gc,marking  ] GC(66) Concurrent Cleanup for Next Mark 3.133ms
[26.342s][info][gc          ] GC(66) Concurrent Mark Cycle 100.783ms
[26.740s][info][gc,start    ] GC(67) Pause Young (Prepare Mixed) (G1 Evacuation Pause)
[26.740s][info][gc,task     ] GC(67) Using 2 workers of 2 for evacuation
[26.746s][info][gc,phases   ] GC(67)   Pre Evacuate Collection Set: 0.26ms
[26.746s][info][gc,phases   ] GC(67)   Merge Heap Roots: 0.11ms
[26.746s][info][gc,phases   ] GC(67)   Evacuate Collection Set: 4.33ms
[26.746s][info][gc,phases   ] GC(67)   Post Evacuate Collection Set: 0.50ms
[26.746s][info][gc,phases   ] GC(67)   Other: 0.09ms
[26.746s][info][gc,heap     ] GC(67) Eden regions: 192->0(192)
[26.746s][info][gc,heap     ] GC(67) Survivor regions: 3->3(25)
[26.746s][info][gc,heap     ] GC(67) Old regions: 57->57
[26.746s][info][gc,heap     ] GC(67) Humongous regions: 207->207
[26.746s][info][gc,metaspace] GC(67) Metaspace: 55443K(55744K)->55443K(55744K) NonClass: 47201K(47424K)->47201K(47424K) Class: 8242K(8320K)->8242K(8320K)
[26.746s][info][gc          ] GC(67) Pause Young (Prepare Mixed) (G1 Evacuation Pause) 457M->266M(487M) 5.465ms
[26.746s][info][gc,cpu      ] GC(67) User=0.01s Sys=0.00s Real=0.01s
[27.337s][info][gc,start    ] GC(68) Pause Young (Mixed) (G1 Evacuation Pause)
[27.338s][info][gc,task     ] GC(68) Using 2 workers of 2 for evacuation
[27.343s][info][gc,phases   ] GC(68)   Pre Evacuate Collection Set: 0.26ms
[27.343s][info][gc,phases   ] GC(68)   Merge Heap Roots: 0.10ms
[27.343s][info][gc,phases   ] GC(68)   Evacuate Collection Set: 4.77ms
[27.343s][info][gc,phases   ] GC(68)   Post Evacuate Collection Set: 0.52ms
[27.343s][info][gc,phases   ] GC(68)   Other: 0.07ms
[27.343s][info][gc,heap     ] GC(68) Eden regions: 192->0(192)
[27.343s][info][gc,heap     ] GC(68) Survivor regions: 3->3(25)
[27.343s][info][gc,heap     ] GC(68) Old regions: 57->57
[27.343s][info][gc,heap     ] GC(68) Humongous regions: 207->207
[27.343s][info][gc,metaspace] GC(68) Metaspace: 55444K(55744K)->55444K(55744K) NonClass: 47201K(47424K)->47201K(47424K) Class: 8242K(8320K)->8242K(8320K)
[27.343s][info][gc          ] GC(68) Pause Young (Mixed) (G1 Evacuation Pause) 458M->265M(487M) 5.901ms
[27.343s][info][gc,cpu      ] GC(68) User=0.01s Sys=0.00s Real=0.01s
[27.739s][info][gc,start    ] GC(69) Pause Young (Concurrent Start) (G1 Evacuation Pause)
[27.739s][info][gc,task     ] GC(69) Using 2 workers of 2 for evacuation
[27.743s][info][gc,phases   ] GC(69)   Pre Evacuate Collection Set: 0.27ms
[27.743s][info][gc,phases   ] GC(69)   Merge Heap Roots: 0.09ms
[27.743s][info][gc,phases   ] GC(69)   Evacuate Collection Set: 3.83ms
[27.743s][info][gc,phases   ] GC(69)   Post Evacuate Collection Set: 0.48ms
[27.743s][info][gc,phases   ] GC(69)   Other: 0.10ms
[27.743s][info][gc,heap     ] GC(69) Eden regions: 192->0(194)
[27.743s][info][gc,heap     ] GC(69) Survivor regions: 3->2(25)
[27.743s][info][gc,heap     ] GC(69) Old regions: 57->57
[27.743s][info][gc,heap     ] GC(69) Humongous regions: 207->207
[27.743s][info][gc,metaspace] GC(69) Metaspace: 55444K(55744K)->55444K(55744K) NonClass: 47201K(47424K)->47201K(47424K) Class: 8242K(8320K)->8242K(8320K)
[27.743s][info][gc          ] GC(69) Pause Young (Concurrent Start) (G1 Evacuation Pause) 457M->265M(487M) 4.932ms
[27.743s][info][gc          ] GC(70) Concurrent Mark Cycle
[27.743s][info][gc,marking  ] GC(70) Concurrent Scan Root Regions
[27.745s][info][gc,cpu      ] GC(69) User=0.01s Sys=0.00s Real=0.01s
[27.747s][info][gc,marking  ] GC(70) Concurrent Scan Root Regions 3.855ms
[27.747s][info][gc,marking  ] GC(70) Concurrent Mark
[27.747s][info][gc,marking  ] GC(70) Concurrent Mark From Roots
[27.747s][info][gc,task     ] GC(70) Using 1 workers of 1 for marking
[27.787s][info][gc,marking  ] GC(70) Concurrent Mark From Roots 39.650ms
[27.787s][info][gc,marking  ] GC(70) Concurrent Preclean
[27.787s][info][gc,marking  ] GC(70) Concurrent Preclean 0.079ms
[27.787s][info][gc,start    ] GC(70) Pause Remark
[27.795s][info][gc          ] GC(70) Pause Remark 270M->270M(487M) 7.300ms
[27.795s][info][gc,cpu      ] GC(70) User=0.02s Sys=0.00s Real=0.01s
[27.796s][info][gc,marking  ] GC(70) Concurrent Mark 48.562ms
[27.796s][info][gc,marking  ] GC(70) Concurrent Rebuild Remembered Sets and Scrub Regions
[27.826s][info][gc,marking  ] GC(70) Concurrent Rebuild Remembered Sets and Scrub Regions 29.904ms
[27.826s][info][gc,start    ] GC(70) Pause Cleanup
[27.826s][info][gc          ] GC(70) Pause Cleanup 290M->290M(487M) 0.072ms
[27.826s][info][gc,cpu      ] GC(70) User=0.00s Sys=0.00s Real=0.00s
[27.826s][info][gc,marking  ] GC(70) Concurrent Clear Claimed Marks
[27.827s][info][gc,marking  ] GC(70) Concurrent Clear Claimed Marks 0.083ms
[27.827s][info][gc,marking  ] GC(70) Concurrent Cleanup for Next Mark
[27.831s][info][gc,marking  ] GC(70) Concurrent Cleanup for Next Mark 4.631ms
[27.831s][info][gc          ] GC(70) Concurrent Mark Cycle 87.788ms
[28.292s][info][gc,start    ] GC(71) Pause Young (Prepare Mixed) (G1 Evacuation Pause)
[28.292s][info][gc,task     ] GC(71) Using 2 workers of 2 for evacuation
[28.296s][info][gc,phases   ] GC(71)   Pre Evacuate Collection Set: 0.25ms
[28.296s][info][gc,phases   ] GC(71)   Merge Heap Roots: 0.11ms
[28.296s][info][gc,phases   ] GC(71)   Evacuate Collection Set: 2.69ms
[28.296s][info][gc,phases   ] GC(71)   Post Evacuate Collection Set: 0.49ms
[28.296s][info][gc,phases   ] GC(71)   Other: 0.12ms
[28.296s][info][gc,heap     ] GC(71) Eden regions: 194->0(196)
[28.296s][info][gc,heap     ] GC(71) Survivor regions: 2->1(25)
[28.296s][info][gc,heap     ] GC(71) Old regions: 57->57
[28.296s][info][gc,heap     ] GC(71) Humongous regions: 207->207
[28.296s][info][gc,metaspace] GC(71) Metaspace: 55444K(55744K)->55444K(55744K) NonClass: 47201K(47424K)->47201K(47424K) Class: 8242K(8320K)->8242K(8320K)
[28.296s][info][gc          ] GC(71) Pause Young (Prepare Mixed) (G1 Evacuation Pause) 459M->264M(487M) 3.807ms
[28.296s][info][gc,cpu      ] GC(71) User=0.01s Sys=0.00s Real=0.01s
[28.802s][info][gc,start    ] GC(72) Pause Young (Mixed) (G1 Evacuation Pause)
[28.802s][info][gc,task     ] GC(72) Using 2 workers of 2 for evacuation
[28.806s][info][gc,phases   ] GC(72)   Pre Evacuate Collection Set: 0.24ms
[28.806s][info][gc,phases   ] GC(72)   Merge Heap Roots: 0.09ms
[28.806s][info][gc,phases   ] GC(72)   Evacuate Collection Set: 3.84ms
[28.806s][info][gc,phases   ] GC(72)   Post Evacuate Collection Set: 0.48ms
[28.806s][info][gc,phases   ] GC(72)   Other: 0.07ms
[28.806s][info][gc,heap     ] GC(72) Eden regions: 196->0(193)
[28.806s][info][gc,heap     ] GC(72) Survivor regions: 1->3(25)
[28.806s][info][gc,heap     ] GC(72) Old regions: 57->56
[28.806s][info][gc,heap     ] GC(72) Humongous regions: 207->207
[28.806s][info][gc,metaspace] GC(72) Metaspace: 55444K(55744K)->55444K(55744K) NonClass: 47201K(47424K)->47201K(47424K) Class: 8242K(8320K)->8242K(8320K)
[28.806s][info][gc          ] GC(72) Pause Young (Mixed) (G1 Evacuation Pause) 460M->265M(487M) 4.898ms
[28.807s][info][gc,cpu      ] GC(72) User=0.01s Sys=0.00s Real=0.01s
[29.362s][info][gc,start    ] GC(73) Pause Young (Concurrent Start) (G1 Evacuation Pause)
[29.362s][info][gc,task     ] GC(73) Using 2 workers of 2 for evacuation
[29.368s][info][gc,phases   ] GC(73)   Pre Evacuate Collection Set: 0.29ms
[29.368s][info][gc,phases   ] GC(73)   Merge Heap Roots: 0.09ms
[29.368s][info][gc,phases   ] GC(73)   Evacuate Collection Set: 4.90ms
[29.368s][info][gc,phases   ] GC(73)   Post Evacuate Collection Set: 0.53ms
[29.368s][info][gc,phases   ] GC(73)   Other: 0.09ms
[29.368s][info][gc,heap     ] GC(73) Eden regions: 193->0(192)
[29.368s][info][gc,heap     ] GC(73) Survivor regions: 3->3(25)
[29.368s][info][gc,heap     ] GC(73) Old regions: 56->57
[29.368s][info][gc,heap     ] GC(73) Humongous regions: 207->207
[29.368s][info][gc,metaspace] GC(73) Metaspace: 55444K(55744K)->55444K(55744K) NonClass: 47201K(47424K)->47201K(47424K) Class: 8242K(8320K)->8242K(8320K)
[29.368s][info][gc          ] GC(73) Pause Young (Concurrent Start) (G1 Evacuation Pause) 458M->265M(487M) 6.095ms
[29.368s][info][gc,cpu      ] GC(73) User=0.01s Sys=0.00s Real=0.01s
[29.368s][info][gc          ] GC(74) Concurrent Mark Cycle
[29.368s][info][gc,marking  ] GC(74) Concurrent Scan Root Regions
[29.375s][info][gc,marking  ] GC(74) Concurrent Scan Root Regions 7.148ms
[29.375s][info][gc,marking  ] GC(74) Concurrent Mark
[29.375s][info][gc,marking  ] GC(74) Concurrent Mark From Roots
[29.375s][info][gc,task     ] GC(74) Using 1 workers of 1 for marking
[29.466s][info][gc,marking  ] GC(74) Concurrent Mark From Roots 90.305ms
[29.466s][info][gc,marking  ] GC(74) Concurrent Preclean
[29.466s][info][gc,marking  ] GC(74) Concurrent Preclean 0.066ms
[29.466s][info][gc,start    ] GC(74) Pause Remark
[29.473s][info][gc          ] GC(74) Pause Remark 311M->311M(487M) 7.732ms
[29.474s][info][gc,cpu      ] GC(74) User=0.02s Sys=0.00s Real=0.01s
[29.474s][info][gc,marking  ] GC(74) Concurrent Mark 98.776ms
[29.474s][info][gc,marking  ] GC(74) Concurrent Rebuild Remembered Sets and Scrub Regions
[29.508s][info][gc,marking  ] GC(74) Concurrent Rebuild Remembered Sets and Scrub Regions 34.325ms
[29.509s][info][gc,start    ] GC(74) Pause Cleanup
[29.509s][info][gc          ] GC(74) Pause Cleanup 323M->323M(487M) 0.072ms
[29.509s][info][gc,cpu      ] GC(74) User=0.00s Sys=0.00s Real=0.00s
[29.509s][info][gc,marking  ] GC(74) Concurrent Clear Claimed Marks
[29.510s][info][gc,marking  ] GC(74) Concurrent Clear Claimed Marks 0.111ms
[29.510s][info][gc,marking  ] GC(74) Concurrent Cleanup for Next Mark
[29.513s][info][gc,marking  ] GC(74) Concurrent Cleanup for Next Mark 3.470ms
[29.513s][info][gc          ] GC(74) Concurrent Mark Cycle 145.106ms
[29.820s][info][gc,start    ] GC(75) Pause Young (Prepare Mixed) (G1 Evacuation Pause)
[29.820s][info][gc,task     ] GC(75) Using 2 workers of 2 for evacuation
[29.825s][info][gc,phases   ] GC(75)   Pre Evacuate Collection Set: 0.25ms
[29.825s][info][gc,phases   ] GC(75)   Merge Heap Roots: 0.11ms
[29.825s][info][gc,phases   ] GC(75)   Evacuate Collection Set: 3.89ms
[29.825s][info][gc,phases   ] GC(75)   Post Evacuate Collection Set: 0.47ms
[29.825s][info][gc,phases   ] GC(75)   Other: 0.07ms
[29.825s][info][gc,heap     ] GC(75) Eden regions: 192->0(194)
[29.825s][info][gc,heap     ] GC(75) Survivor regions: 3->2(25)
[29.825s][info][gc,heap     ] GC(75) Old regions: 57->57
[29.825s][info][gc,heap     ] GC(75) Humongous regions: 207->207
[29.825s][info][gc,metaspace] GC(75) Metaspace: 55444K(55744K)->55444K(55744K) NonClass: 47201K(47424K)->47201K(47424K) Class: 8242K(8320K)->8242K(8320K)
[29.825s][info][gc          ] GC(75) Pause Young (Prepare Mixed) (G1 Evacuation Pause) 457M->264M(487M) 4.970ms
[29.825s][info][gc,cpu      ] GC(75) User=0.01s Sys=0.00s Real=0.01s
[30.328s][info][gc,start    ] GC(76) Pause Young (Mixed) (G1 Evacuation Pause)
[30.328s][info][gc,task     ] GC(76) Using 2 workers of 2 for evacuation
[30.334s][info][gc,phases   ] GC(76)   Pre Evacuate Collection Set: 0.28ms
[30.334s][info][gc,phases   ] GC(76)   Merge Heap Roots: 0.10ms
[30.334s][info][gc,phases   ] GC(76)   Evacuate Collection Set: 5.18ms
[30.334s][info][gc,phases   ] GC(76)   Post Evacuate Collection Set: 0.51ms
[30.334s][info][gc,phases   ] GC(76)   Other: 0.10ms
[30.334s][info][gc,heap     ] GC(76) Eden regions: 194->0(193)
[30.334s][info][gc,heap     ] GC(76) Survivor regions: 2->3(25)
[30.334s][info][gc,heap     ] GC(76) Old regions: 57->56
[30.334s][info][gc,heap     ] GC(76) Humongous regions: 207->207
[30.334s][info][gc,metaspace] GC(76) Metaspace: 55444K(55744K)->55444K(55744K) NonClass: 47201K(47424K)->47201K(47424K) Class: 8242K(8320K)->8242K(8320K)
[30.334s][info][gc          ] GC(76) Pause Young (Mixed) (G1 Evacuation Pause) 458M->265M(487M) 6.358ms
[30.334s][info][gc,cpu      ] GC(76) User=0.01s Sys=0.00s Real=0.01s
[30.840s][info][gc,start    ] GC(77) Pause Young (Concurrent Start) (G1 Evacuation Pause)
[30.840s][info][gc,task     ] GC(77) Using 2 workers of 2 for evacuation
[30.845s][info][gc,phases   ] GC(77)   Pre Evacuate Collection Set: 0.25ms
[30.845s][info][gc,phases   ] GC(77)   Merge Heap Roots: 0.09ms
[30.845s][info][gc,phases   ] GC(77)   Evacuate Collection Set: 4.04ms
[30.845s][info][gc,phases   ] GC(77)   Post Evacuate Collection Set: 0.51ms
[30.845s][info][gc,phases   ] GC(77)   Other: 0.16ms
[30.845s][info][gc,heap     ] GC(77) Eden regions: 193->0(195)
[30.845s][info][gc,heap     ] GC(77) Survivor regions: 3->2(25)
[30.845s][info][gc,heap     ] GC(77) Old regions: 56->56
[30.845s][info][gc,heap     ] GC(77) Humongous regions: 207->207
[30.845s][info][gc,metaspace] GC(77) Metaspace: 55444K(55744K)->55444K(55744K) NonClass: 47201K(47424K)->47201K(47424K) Class: 8242K(8320K)->8242K(8320K)
[30.845s][info][gc          ] GC(77) Pause Young (Concurrent Start) (G1 Evacuation Pause) 457M->264M(487M) 5.232ms
[30.845s][info][gc          ] GC(78) Concurrent Mark Cycle
[30.845s][info][gc,marking  ] GC(78) Concurrent Scan Root Regions
[30.847s][info][gc,cpu      ] GC(77) User=0.02s Sys=0.00s Real=0.01s
[30.848s][info][gc,marking  ] GC(78) Concurrent Scan Root Regions 3.552ms
[30.848s][info][gc,marking  ] GC(78) Concurrent Mark
[30.848s][info][gc,marking  ] GC(78) Concurrent Mark From Roots
[30.848s][info][gc,task     ] GC(78) Using 1 workers of 1 for marking
[30.895s][info][gc,marking  ] GC(78) Concurrent Mark From Roots 46.128ms
[30.895s][info][gc,marking  ] GC(78) Concurrent Preclean
[30.895s][info][gc,marking  ] GC(78) Concurrent Preclean 0.062ms
[30.895s][info][gc,start    ] GC(78) Pause Remark
[30.902s][info][gc          ] GC(78) Pause Remark 272M->272M(487M) 7.345ms
[30.902s][info][gc,cpu      ] GC(78) User=0.01s Sys=0.00s Real=0.01s
[30.904s][info][gc,marking  ] GC(78) Concurrent Mark 55.577ms
[30.904s][info][gc,marking  ] GC(78) Concurrent Rebuild Remembered Sets and Scrub Regions
[30.939s][info][gc,marking  ] GC(78) Concurrent Rebuild Remembered Sets and Scrub Regions 35.316ms
[30.939s][info][gc,start    ] GC(78) Pause Cleanup
[30.940s][info][gc          ] GC(78) Pause Cleanup 293M->293M(487M) 0.069ms
[30.940s][info][gc,cpu      ] GC(78) User=0.00s Sys=0.00s Real=0.00s
[30.942s][info][gc,marking  ] GC(78) Concurrent Clear Claimed Marks
[30.942s][info][gc,marking  ] GC(78) Concurrent Clear Claimed Marks 0.116ms
[30.942s][info][gc,marking  ] GC(78) Concurrent Cleanup for Next Mark
[30.951s][info][gc,marking  ] GC(78) Concurrent Cleanup for Next Mark 8.645ms
[30.951s][info][gc          ] GC(78) Concurrent Mark Cycle 105.838ms
[31.402s][info][gc,start    ] GC(79) Pause Young (Prepare Mixed) (G1 Evacuation Pause)
[31.402s][info][gc,task     ] GC(79) Using 2 workers of 2 for evacuation
[31.406s][info][gc,phases   ] GC(79)   Pre Evacuate Collection Set: 0.26ms
[31.406s][info][gc,phases   ] GC(79)   Merge Heap Roots: 0.11ms
[31.406s][info][gc,phases   ] GC(79)   Evacuate Collection Set: 2.60ms
[31.406s][info][gc,phases   ] GC(79)   Post Evacuate Collection Set: 0.50ms
[31.406s][info][gc,phases   ] GC(79)   Other: 0.10ms
[31.406s][info][gc,heap     ] GC(79) Eden regions: 195->0(197)
[31.406s][info][gc,heap     ] GC(79) Survivor regions: 2->1(25)
[31.406s][info][gc,heap     ] GC(79) Old regions: 56->56
[31.406s][info][gc,heap     ] GC(79) Humongous regions: 207->207
[31.406s][info][gc,metaspace] GC(79) Metaspace: 55444K(55744K)->55444K(55744K) NonClass: 47201K(47424K)->47201K(47424K) Class: 8242K(8320K)->8242K(8320K)
[31.406s][info][gc          ] GC(79) Pause Young (Prepare Mixed) (G1 Evacuation Pause) 459M->263M(487M) 3.745ms
[31.406s][info][gc,cpu      ] GC(79) User=0.01s Sys=0.00s Real=0.01s
[31.912s][info][gc,start    ] GC(80) Pause Young (Mixed) (G1 Evacuation Pause)
[31.912s][info][gc,task     ] GC(80) Using 2 workers of 2 for evacuation
[31.917s][info][gc,phases   ] GC(80)   Pre Evacuate Collection Set: 0.25ms
[31.917s][info][gc,phases   ] GC(80)   Merge Heap Roots: 0.11ms
[31.917s][info][gc,phases   ] GC(80)   Evacuate Collection Set: 4.29ms
[31.917s][info][gc,phases   ] GC(80)   Post Evacuate Collection Set: 0.53ms
[31.917s][info][gc,phases   ] GC(80)   Other: 0.08ms
[31.917s][info][gc,heap     ] GC(80) Eden regions: 197->0(195)
[31.917s][info][gc,heap     ] GC(80) Survivor regions: 1->2(25)
[31.917s][info][gc,heap     ] GC(80) Old regions: 56->56
[31.917s][info][gc,heap     ] GC(80) Humongous regions: 207->207
[31.917s][info][gc,metaspace] GC(80) Metaspace: 55444K(55744K)->55444K(55744K) NonClass: 47201K(47424K)->47201K(47424K) Class: 8242K(8320K)->8242K(8320K)
[31.917s][info][gc          ] GC(80) Pause Young (Mixed) (G1 Evacuation Pause) 460M->264M(487M) 5.471ms
[31.917s][info][gc,cpu      ] GC(80) User=0.01s Sys=0.00s Real=0.01s
[32.418s][info][gc,start    ] GC(81) Pause Young (Concurrent Start) (G1 Evacuation Pause)
[32.418s][info][gc,task     ] GC(81) Using 2 workers of 2 for evacuation
[32.424s][info][gc,phases   ] GC(81)   Pre Evacuate Collection Set: 0.31ms
[32.424s][info][gc,phases   ] GC(81)   Merge Heap Roots: 0.10ms
[32.424s][info][gc,phases   ] GC(81)   Evacuate Collection Set: 4.99ms
[32.424s][info][gc,phases   ] GC(81)   Post Evacuate Collection Set: 0.50ms
[32.424s][info][gc,phases   ] GC(81)   Other: 0.09ms
[32.424s][info][gc,heap     ] GC(81) Eden regions: 195->0(193)
[32.424s][info][gc,heap     ] GC(81) Survivor regions: 2->3(25)
[32.424s][info][gc,heap     ] GC(81) Old regions: 56->56
[32.424s][info][gc,heap     ] GC(81) Humongous regions: 207->207
[32.424s][info][gc,metaspace] GC(81) Metaspace: 55444K(55744K)->55444K(55744K) NonClass: 47201K(47424K)->47201K(47424K) Class: 8242K(8320K)->8242K(8320K)
[32.424s][info][gc          ] GC(81) Pause Young (Concurrent Start) (G1 Evacuation Pause) 459M->265M(487M) 6.181ms
[32.424s][info][gc          ] GC(82) Concurrent Mark Cycle
[32.424s][info][gc,marking  ] GC(82) Concurrent Scan Root Regions
[32.424s][info][gc,cpu      ] GC(81) User=0.02s Sys=0.00s Real=0.01s
[32.428s][info][gc,marking  ] GC(82) Concurrent Scan Root Regions 3.865ms
[32.428s][info][gc,marking  ] GC(82) Concurrent Mark
[32.428s][info][gc,marking  ] GC(82) Concurrent Mark From Roots
[32.428s][info][gc,task     ] GC(82) Using 1 workers of 1 for marking
[32.474s][info][gc,marking  ] GC(82) Concurrent Mark From Roots 46.014ms
[32.474s][info][gc,marking  ] GC(82) Concurrent Preclean
[32.474s][info][gc,marking  ] GC(82) Concurrent Preclean 0.066ms
[32.474s][info][gc,start    ] GC(82) Pause Remark
[32.482s][info][gc          ] GC(82) Pause Remark 280M->280M(487M) 7.345ms
[32.482s][info][gc,cpu      ] GC(82) User=0.02s Sys=0.00s Real=0.00s
[32.482s][info][gc,marking  ] GC(82) Concurrent Mark 53.837ms
[32.482s][info][gc,marking  ] GC(82) Concurrent Rebuild Remembered Sets and Scrub Regions
[32.498s][info][gc,marking  ] GC(82) Concurrent Rebuild Remembered Sets and Scrub Regions 15.723ms
[32.498s][info][gc,start    ] GC(82) Pause Cleanup
[32.498s][info][gc          ] GC(82) Pause Cleanup 283M->283M(487M) 0.065ms
[32.498s][info][gc,cpu      ] GC(82) User=0.00s Sys=0.00s Real=0.00s
[32.498s][info][gc,marking  ] GC(82) Concurrent Clear Claimed Marks
[32.498s][info][gc,marking  ] GC(82) Concurrent Clear Claimed Marks 0.084ms
[32.498s][info][gc,marking  ] GC(82) Concurrent Cleanup for Next Mark
[32.500s][info][gc,marking  ] GC(82) Concurrent Cleanup for Next Mark 1.447ms
[32.500s][info][gc          ] GC(82) Concurrent Mark Cycle 75.349ms
[32.941s][info][gc,start    ] GC(83) Pause Young (Prepare Mixed) (G1 Evacuation Pause)
[32.941s][info][gc,task     ] GC(83) Using 2 workers of 2 for evacuation
[32.975s][info][gc,phases   ] GC(83)   Pre Evacuate Collection Set: 1.53ms
[32.975s][info][gc,phases   ] GC(83)   Merge Heap Roots: 0.13ms
[32.975s][info][gc,phases   ] GC(83)   Evacuate Collection Set: 15.08ms
[32.975s][info][gc,phases   ] GC(83)   Post Evacuate Collection Set: 16.95ms
[32.975s][info][gc,phases   ] GC(83)   Other: 0.09ms
[32.975s][info][gc,heap     ] GC(83) Eden regions: 193->0(193)
[32.975s][info][gc,heap     ] GC(83) Survivor regions: 3->3(25)
[32.975s][info][gc,heap     ] GC(83) Old regions: 56->56
[32.975s][info][gc,heap     ] GC(83) Humongous regions: 207->207
[32.975s][info][gc,metaspace] GC(83) Metaspace: 55444K(55744K)->55444K(55744K) NonClass: 47201K(47424K)->47201K(47424K) Class: 8242K(8320K)->8242K(8320K)
[32.975s][info][gc          ] GC(83) Pause Young (Prepare Mixed) (G1 Evacuation Pause) 458M->265M(487M) 34.077ms
[32.975s][info][gc,cpu      ] GC(83) User=0.01s Sys=0.00s Real=0.04s
[33.444s][info][gc,start    ] GC(84) Pause Young (Mixed) (G1 Evacuation Pause)
[33.444s][info][gc,task     ] GC(84) Using 2 workers of 2 for evacuation
[33.450s][info][gc,phases   ] GC(84)   Pre Evacuate Collection Set: 0.34ms
[33.450s][info][gc,phases   ] GC(84)   Merge Heap Roots: 0.12ms
[33.450s][info][gc,phases   ] GC(84)   Evacuate Collection Set: 5.34ms
[33.450s][info][gc,phases   ] GC(84)   Post Evacuate Collection Set: 0.51ms
[33.450s][info][gc,phases   ] GC(84)   Other: 0.07ms
[33.450s][info][gc,heap     ] GC(84) Eden regions: 193->0(195)
[33.450s][info][gc,heap     ] GC(84) Survivor regions: 3->2(25)
[33.450s][info][gc,heap     ] GC(84) Old regions: 56->56
[33.450s][info][gc,heap     ] GC(84) Humongous regions: 207->207
[33.450s][info][gc,metaspace] GC(84) Metaspace: 55444K(55744K)->55444K(55744K) NonClass: 47201K(47424K)->47201K(47424K) Class: 8242K(8320K)->8242K(8320K)
[33.450s][info][gc          ] GC(84) Pause Young (Mixed) (G1 Evacuation Pause) 458M->263M(487M) 6.570ms
[33.450s][info][gc,cpu      ] GC(84) User=0.01s Sys=0.00s Real=0.00s
[34.000s][info][gc,start    ] GC(85) Pause Young (Concurrent Start) (G1 Evacuation Pause)
[34.000s][info][gc,task     ] GC(85) Using 2 workers of 2 for evacuation
[34.004s][info][gc,phases   ] GC(85)   Pre Evacuate Collection Set: 0.32ms
[34.004s][info][gc,phases   ] GC(85)   Merge Heap Roots: 0.09ms
[34.004s][info][gc,phases   ] GC(85)   Evacuate Collection Set: 3.40ms
[34.004s][info][gc,phases   ] GC(85)   Post Evacuate Collection Set: 0.52ms
[34.004s][info][gc,phases   ] GC(85)   Other: 0.10ms
[34.004s][info][gc,heap     ] GC(85) Eden regions: 195->0(195)
[34.004s][info][gc,heap     ] GC(85) Survivor regions: 2->2(25)
[34.004s][info][gc,heap     ] GC(85) Old regions: 56->56
[34.004s][info][gc,heap     ] GC(85) Humongous regions: 207->207
[34.004s][info][gc,metaspace] GC(85) Metaspace: 55444K(55744K)->55444K(55744K) NonClass: 47202K(47424K)->47202K(47424K) Class: 8242K(8320K)->8242K(8320K)
[34.004s][info][gc          ] GC(85) Pause Young (Concurrent Start) (G1 Evacuation Pause) 458M->263M(487M) 4.608ms
[34.004s][info][gc,cpu      ] GC(85) User=0.01s Sys=0.00s Real=0.01s
[34.005s][info][gc          ] GC(86) Concurrent Mark Cycle
[34.005s][info][gc,marking  ] GC(86) Concurrent Scan Root Regions
[34.010s][info][gc,marking  ] GC(86) Concurrent Scan Root Regions 5.929ms
[34.010s][info][gc,marking  ] GC(86) Concurrent Mark
[34.010s][info][gc,marking  ] GC(86) Concurrent Mark From Roots
[34.010s][info][gc,task     ] GC(86) Using 1 workers of 1 for marking
[34.069s][info][gc,marking  ] GC(86) Concurrent Mark From Roots 58.154ms
[34.069s][info][gc,marking  ] GC(86) Concurrent Preclean
[34.069s][info][gc,marking  ] GC(86) Concurrent Preclean 0.071ms
[34.069s][info][gc,start    ] GC(86) Pause Remark
[34.084s][info][gc          ] GC(86) Pause Remark 294M->294M(487M) 14.946ms
[34.084s][info][gc,cpu      ] GC(86) User=0.01s Sys=0.00s Real=0.02s
[34.085s][info][gc,marking  ] GC(86) Concurrent Mark 74.541ms
[34.085s][info][gc,marking  ] GC(86) Concurrent Rebuild Remembered Sets and Scrub Regions
[34.142s][info][gc,marking  ] GC(86) Concurrent Rebuild Remembered Sets and Scrub Regions 56.761ms
[34.142s][info][gc,start    ] GC(86) Pause Cleanup
[34.142s][info][gc          ] GC(86) Pause Cleanup 295M->295M(487M) 0.074ms
[34.142s][info][gc,cpu      ] GC(86) User=0.00s Sys=0.00s Real=0.00s
[34.143s][info][gc,marking  ] GC(86) Concurrent Clear Claimed Marks
[34.143s][info][gc,marking  ] GC(86) Concurrent Clear Claimed Marks 0.115ms
[34.143s][info][gc,marking  ] GC(86) Concurrent Cleanup for Next Mark
[34.146s][info][gc,marking  ] GC(86) Concurrent Cleanup for Next Mark 2.860ms
[34.146s][info][gc          ] GC(86) Concurrent Mark Cycle 141.689ms
[34.616s][info][gc,start    ] GC(87) Pause Young (Prepare Mixed) (G1 Evacuation Pause)
[34.616s][info][gc,task     ] GC(87) Using 2 workers of 2 for evacuation
[34.622s][info][gc,phases   ] GC(87)   Pre Evacuate Collection Set: 0.31ms
[34.622s][info][gc,phases   ] GC(87)   Merge Heap Roots: 0.13ms
[34.622s][info][gc,phases   ] GC(87)   Evacuate Collection Set: 5.09ms
[34.622s][info][gc,phases   ] GC(87)   Post Evacuate Collection Set: 0.54ms
[34.622s][info][gc,phases   ] GC(87)   Other: 0.10ms
[34.622s][info][gc,heap     ] GC(87) Eden regions: 195->0(193)
[34.622s][info][gc,heap     ] GC(87) Survivor regions: 2->3(25)
[34.622s][info][gc,heap     ] GC(87) Old regions: 56->56
[34.622s][info][gc,heap     ] GC(87) Humongous regions: 207->207
[34.622s][info][gc,metaspace] GC(87) Metaspace: 55444K(55744K)->55444K(55744K) NonClass: 47202K(47424K)->47202K(47424K) Class: 8242K(8320K)->8242K(8320K)
[34.622s][info][gc          ] GC(87) Pause Young (Prepare Mixed) (G1 Evacuation Pause) 458M->264M(487M) 6.383ms
[34.622s][info][gc,cpu      ] GC(87) User=0.00s Sys=0.00s Real=0.00s
[35.115s][info][gc,start    ] GC(88) Pause Young (Mixed) (G1 Evacuation Pause)
[35.115s][info][gc,task     ] GC(88) Using 2 workers of 2 for evacuation
[35.122s][info][gc,phases   ] GC(88)   Pre Evacuate Collection Set: 0.26ms
[35.122s][info][gc,phases   ] GC(88)   Merge Heap Roots: 0.10ms
[35.122s][info][gc,phases   ] GC(88)   Evacuate Collection Set: 5.90ms
[35.122s][info][gc,phases   ] GC(88)   Post Evacuate Collection Set: 0.54ms
[35.122s][info][gc,phases   ] GC(88)   Other: 0.10ms
[35.122s][info][gc,heap     ] GC(88) Eden regions: 193->0(191)
[35.122s][info][gc,heap     ] GC(88) Survivor regions: 3->4(25)
[35.122s][info][gc,heap     ] GC(88) Old regions: 56->56
[35.122s][info][gc,heap     ] GC(88) Humongous regions: 207->207
[35.122s][info][gc,metaspace] GC(88) Metaspace: 55447K(55744K)->55447K(55744K) NonClass: 47205K(47424K)->47205K(47424K) Class: 8242K(8320K)->8242K(8320K)
[35.122s][info][gc          ] GC(88) Pause Young (Mixed) (G1 Evacuation Pause) 457M->265M(487M) 7.115ms
[35.122s][info][gc,cpu      ] GC(88) User=0.02s Sys=0.00s Real=0.00s
[35.616s][info][gc,start    ] GC(89) Pause Young (Concurrent Start) (G1 Evacuation Pause)
[35.616s][info][gc,task     ] GC(89) Using 2 workers of 2 for evacuation
[35.622s][info][gc,phases   ] GC(89)   Pre Evacuate Collection Set: 0.29ms
[35.623s][info][gc,phases   ] GC(89)   Merge Heap Roots: 0.11ms
[35.623s][info][gc,phases   ] GC(89)   Evacuate Collection Set: 5.10ms
[35.623s][info][gc,phases   ] GC(89)   Post Evacuate Collection Set: 0.51ms
[35.623s][info][gc,phases   ] GC(89)   Other: 0.12ms
[35.623s][info][gc,heap     ] GC(89) Eden regions: 191->0(193)
[35.623s][info][gc,heap     ] GC(89) Survivor regions: 4->3(25)
[35.623s][info][gc,heap     ] GC(89) Old regions: 56->56
[35.623s][info][gc,heap     ] GC(89) Humongous regions: 207->207
[35.623s][info][gc,metaspace] GC(89) Metaspace: 55447K(55744K)->55447K(55744K) NonClass: 47205K(47424K)->47205K(47424K) Class: 8242K(8320K)->8242K(8320K)
[35.623s][info][gc          ] GC(89) Pause Young (Concurrent Start) (G1 Evacuation Pause) 456M->264M(487M) 6.310ms
[35.623s][info][gc          ] GC(90) Concurrent Mark Cycle
[35.623s][info][gc,marking  ] GC(90) Concurrent Scan Root Regions
[35.625s][info][gc,cpu      ] GC(89) User=0.01s Sys=0.00s Real=0.01s
[35.627s][info][gc,marking  ] GC(90) Concurrent Scan Root Regions 4.127ms
[35.627s][info][gc,marking  ] GC(90) Concurrent Mark
[35.627s][info][gc,marking  ] GC(90) Concurrent Mark From Roots
[35.627s][info][gc,task     ] GC(90) Using 1 workers of 1 for marking
[35.673s][info][gc,marking  ] GC(90) Concurrent Mark From Roots 46.433ms
[35.673s][info][gc,marking  ] GC(90) Concurrent Preclean
[35.673s][info][gc,marking  ] GC(90) Concurrent Preclean 0.072ms
[35.673s][info][gc,start    ] GC(90) Pause Remark
[35.681s][info][gc          ] GC(90) Pause Remark 283M->283M(487M) 7.518ms
[35.681s][info][gc,cpu      ] GC(90) User=0.01s Sys=0.00s Real=0.00s
[35.681s][info][gc,marking  ] GC(90) Concurrent Mark 54.242ms
[35.681s][info][gc,marking  ] GC(90) Concurrent Rebuild Remembered Sets and Scrub Regions
[35.708s][info][gc,marking  ] GC(90) Concurrent Rebuild Remembered Sets and Scrub Regions 27.358ms
[35.712s][info][gc,start    ] GC(90) Pause Cleanup
[35.712s][info][gc          ] GC(90) Pause Cleanup 292M->292M(487M) 0.087ms
[35.712s][info][gc,cpu      ] GC(90) User=0.00s Sys=0.00s Real=0.00s
[35.712s][info][gc,marking  ] GC(90) Concurrent Clear Claimed Marks
[35.712s][info][gc,marking  ] GC(90) Concurrent Clear Claimed Marks 0.094ms
[35.712s][info][gc,marking  ] GC(90) Concurrent Cleanup for Next Mark
[35.716s][info][gc,marking  ] GC(90) Concurrent Cleanup for Next Mark 3.724ms
[35.716s][info][gc          ] GC(90) Concurrent Mark Cycle 93.353ms
[36.120s][info][gc,start    ] GC(91) Pause Young (Prepare Mixed) (G1 Evacuation Pause)
[36.120s][info][gc,task     ] GC(91) Using 2 workers of 2 for evacuation
[36.126s][info][gc,phases   ] GC(91)   Pre Evacuate Collection Set: 0.25ms
[36.126s][info][gc,phases   ] GC(91)   Merge Heap Roots: 0.11ms
[36.126s][info][gc,phases   ] GC(91)   Evacuate Collection Set: 5.11ms
[36.126s][info][gc,phases   ] GC(91)   Post Evacuate Collection Set: 0.51ms
[36.126s][info][gc,phases   ] GC(91)   Other: 0.09ms
[36.126s][info][gc,heap     ] GC(91) Eden regions: 193->0(193)
[36.126s][info][gc,heap     ] GC(91) Survivor regions: 3->3(25)
[36.127s][info][gc,heap     ] GC(91) Old regions: 56->56
[36.127s][info][gc,heap     ] GC(91) Humongous regions: 207->207
[36.127s][info][gc,metaspace] GC(91) Metaspace: 55447K(55744K)->55447K(55744K) NonClass: 47205K(47424K)->47205K(47424K) Class: 8242K(8320K)->8242K(8320K)
[36.127s][info][gc          ] GC(91) Pause Young (Prepare Mixed) (G1 Evacuation Pause) 457M->265M(487M) 6.260ms
[36.127s][info][gc,cpu      ] GC(91) User=0.01s Sys=0.00s Real=0.01s
[36.630s][info][gc,start    ] GC(92) Pause Young (Mixed) (G1 Evacuation Pause)
[36.630s][info][gc,task     ] GC(92) Using 2 workers of 2 for evacuation
[36.636s][info][gc,phases   ] GC(92)   Pre Evacuate Collection Set: 0.26ms
[36.636s][info][gc,phases   ] GC(92)   Merge Heap Roots: 0.10ms
[36.636s][info][gc,phases   ] GC(92)   Evacuate Collection Set: 4.90ms
[36.636s][info][gc,phases   ] GC(92)   Post Evacuate Collection Set: 0.50ms
[36.636s][info][gc,phases   ] GC(92)   Other: 0.08ms
[36.636s][info][gc,heap     ] GC(92) Eden regions: 193->0(191)
[36.636s][info][gc,heap     ] GC(92) Survivor regions: 3->4(25)
[36.636s][info][gc,heap     ] GC(92) Old regions: 56->56
[36.636s][info][gc,heap     ] GC(92) Humongous regions: 207->207
[36.636s][info][gc,metaspace] GC(92) Metaspace: 55447K(55744K)->55447K(55744K) NonClass: 47205K(47424K)->47205K(47424K) Class: 8242K(8320K)->8242K(8320K)
[36.636s][info][gc          ] GC(92) Pause Young (Mixed) (G1 Evacuation Pause) 458M->265M(487M) 6.042ms
[36.636s][info][gc,cpu      ] GC(92) User=0.01s Sys=0.00s Real=0.01s
[37.150s][info][gc,start    ] GC(93) Pause Young (Concurrent Start) (G1 Evacuation Pause)
[37.150s][info][gc,task     ] GC(93) Using 2 workers of 2 for evacuation
[37.156s][info][gc,phases   ] GC(93)   Pre Evacuate Collection Set: 0.29ms
[37.156s][info][gc,phases   ] GC(93)   Merge Heap Roots: 0.09ms
[37.156s][info][gc,phases   ] GC(93)   Evacuate Collection Set: 4.66ms
[37.156s][info][gc,phases   ] GC(93)   Post Evacuate Collection Set: 0.53ms
[37.156s][info][gc,phases   ] GC(93)   Other: 0.13ms
[37.156s][info][gc,heap     ] GC(93) Eden regions: 191->0(197)
[37.156s][info][gc,heap     ] GC(93) Survivor regions: 4->1(25)
[37.156s][info][gc,heap     ] GC(93) Old regions: 56->56
[37.156s][info][gc,heap     ] GC(93) Humongous regions: 207->207
[37.156s][info][gc,metaspace] GC(93) Metaspace: 55468K(55744K)->55468K(55744K) NonClass: 47224K(47424K)->47224K(47424K) Class: 8244K(8320K)->8244K(8320K)
[37.156s][info][gc          ] GC(93) Pause Young (Concurrent Start) (G1 Evacuation Pause) 456M->263M(487M) 5.901ms
[37.156s][info][gc          ] GC(94) Concurrent Mark Cycle
[37.156s][info][gc,marking  ] GC(94) Concurrent Scan Root Regions
[37.158s][info][gc,cpu      ] GC(93) User=0.01s Sys=0.00s Real=0.01s
[37.160s][info][gc,marking  ] GC(94) Concurrent Scan Root Regions 4.157ms
[37.160s][info][gc,marking  ] GC(94) Concurrent Mark
[37.160s][info][gc,marking  ] GC(94) Concurrent Mark From Roots
[37.160s][info][gc,task     ] GC(94) Using 1 workers of 1 for marking
[37.234s][info][gc,marking  ] GC(94) Concurrent Mark From Roots 73.835ms
[37.234s][info][gc,marking  ] GC(94) Concurrent Preclean
[37.234s][info][gc,marking  ] GC(94) Concurrent Preclean 0.084ms
[37.234s][info][gc,start    ] GC(94) Pause Remark
[37.249s][info][gc          ] GC(94) Pause Remark 283M->283M(487M) 14.823ms
[37.249s][info][gc,cpu      ] GC(94) User=0.02s Sys=0.00s Real=0.01s
[37.250s][info][gc,marking  ] GC(94) Concurrent Mark 89.671ms
[37.250s][info][gc,marking  ] GC(94) Concurrent Rebuild Remembered Sets and Scrub Regions
[37.298s][info][gc,marking  ] GC(94) Concurrent Rebuild Remembered Sets and Scrub Regions 47.773ms
[37.298s][info][gc,start    ] GC(94) Pause Cleanup
[37.298s][info][gc          ] GC(94) Pause Cleanup 302M->302M(487M) 0.076ms
[37.298s][info][gc,cpu      ] GC(94) User=0.00s Sys=0.00s Real=0.00s
[37.299s][info][gc,marking  ] GC(94) Concurrent Clear Claimed Marks
[37.299s][info][gc,marking  ] GC(94) Concurrent Clear Claimed Marks 0.122ms
[37.299s][info][gc,marking  ] GC(94) Concurrent Cleanup for Next Mark
[37.301s][info][gc,marking  ] GC(94) Concurrent Cleanup for Next Mark 2.252ms
[37.301s][info][gc          ] GC(94) Concurrent Mark Cycle 145.163ms
[37.759s][info][gc,start    ] GC(95) Pause Young (Prepare Mixed) (G1 Evacuation Pause)
[37.759s][info][gc,task     ] GC(95) Using 2 workers of 2 for evacuation
[37.765s][info][gc,phases   ] GC(95)   Pre Evacuate Collection Set: 0.30ms
[37.765s][info][gc,phases   ] GC(95)   Merge Heap Roots: 0.14ms
[37.765s][info][gc,phases   ] GC(95)   Evacuate Collection Set: 4.97ms
[37.765s][info][gc,phases   ] GC(95)   Post Evacuate Collection Set: 0.52ms
[37.765s][info][gc,phases   ] GC(95)   Other: 0.10ms
[37.765s][info][gc,heap     ] GC(95) Eden regions: 197->0(197)
[37.765s][info][gc,heap     ] GC(95) Survivor regions: 1->1(25)
[37.765s][info][gc,heap     ] GC(95) Old regions: 56->56
[37.765s][info][gc,heap     ] GC(95) Humongous regions: 207->207
[37.765s][info][gc,metaspace] GC(95) Metaspace: 55468K(55744K)->55468K(55744K) NonClass: 47224K(47424K)->47224K(47424K) Class: 8244K(8320K)->8244K(8320K)
[37.765s][info][gc          ] GC(95) Pause Young (Prepare Mixed) (G1 Evacuation Pause) 460M->263M(487M) 6.218ms
[37.765s][info][gc,cpu      ] GC(95) User=0.01s Sys=0.00s Real=0.01s
[38.215s][info][gc,start    ] GC(96) Pause Young (Mixed) (G1 Evacuation Pause)
[38.215s][info][gc,task     ] GC(96) Using 2 workers of 2 for evacuation
[38.221s][info][gc,phases   ] GC(96)   Pre Evacuate Collection Set: 0.24ms
[38.221s][info][gc,phases   ] GC(96)   Merge Heap Roots: 0.10ms
[38.221s][info][gc,phases   ] GC(96)   Evacuate Collection Set: 4.38ms
[38.221s][info][gc,phases   ] GC(96)   Post Evacuate Collection Set: 0.48ms
[38.221s][info][gc,phases   ] GC(96)   Other: 0.10ms
[38.221s][info][gc,heap     ] GC(96) Eden regions: 197->0(195)
[38.221s][info][gc,heap     ] GC(96) Survivor regions: 1->2(25)
[38.221s][info][gc,heap     ] GC(96) Old regions: 56->56
[38.221s][info][gc,heap     ] GC(96) Humongous regions: 207->207
[38.221s][info][gc,metaspace] GC(96) Metaspace: 55468K(55744K)->55468K(55744K) NonClass: 47224K(47424K)->47224K(47424K) Class: 8244K(8320K)->8244K(8320K)
[38.221s][info][gc          ] GC(96) Pause Young (Mixed) (G1 Evacuation Pause) 460M->264M(487M) 5.484ms
[38.221s][info][gc,cpu      ] GC(96) User=0.01s Sys=0.00s Real=0.00s
[38.792s][info][gc,start    ] GC(97) Pause Young (Concurrent Start) (G1 Evacuation Pause)
[38.792s][info][gc,task     ] GC(97) Using 2 workers of 2 for evacuation
[38.798s][info][gc,phases   ] GC(97)   Pre Evacuate Collection Set: 0.25ms
[38.798s][info][gc,phases   ] GC(97)   Merge Heap Roots: 0.09ms
[38.798s][info][gc,phases   ] GC(97)   Evacuate Collection Set: 4.13ms
[38.798s][info][gc,phases   ] GC(97)   Post Evacuate Collection Set: 0.52ms
[38.798s][info][gc,phases   ] GC(97)   Other: 0.14ms
[38.798s][info][gc,heap     ] GC(97) Eden regions: 195->0(195)
[38.798s][info][gc,heap     ] GC(97) Survivor regions: 2->2(25)
[38.798s][info][gc,heap     ] GC(97) Old regions: 56->56
[38.798s][info][gc,heap     ] GC(97) Humongous regions: 207->207
[38.798s][info][gc,metaspace] GC(97) Metaspace: 55468K(55744K)->55468K(55744K) NonClass: 47224K(47424K)->47224K(47424K) Class: 8244K(8320K)->8244K(8320K)
[38.798s][info][gc          ] GC(97) Pause Young (Concurrent Start) (G1 Evacuation Pause) 459M->263M(487M) 5.320ms
[38.798s][info][gc,cpu      ] GC(97) User=0.01s Sys=0.00s Real=0.00s
[38.798s][info][gc          ] GC(98) Concurrent Mark Cycle
[38.798s][info][gc,marking  ] GC(98) Concurrent Scan Root Regions
[38.805s][info][gc,marking  ] GC(98) Concurrent Scan Root Regions 7.491ms
[38.805s][info][gc,marking  ] GC(98) Concurrent Mark
[38.805s][info][gc,marking  ] GC(98) Concurrent Mark From Roots
[38.805s][info][gc,task     ] GC(98) Using 1 workers of 1 for marking
[38.913s][info][gc,marking  ] GC(98) Concurrent Mark From Roots 107.976ms
[38.913s][info][gc,marking  ] GC(98) Concurrent Preclean
[38.913s][info][gc,marking  ] GC(98) Concurrent Preclean 0.068ms
[38.914s][info][gc,start    ] GC(98) Pause Remark
[38.921s][info][gc          ] GC(98) Pause Remark 315M->315M(487M) 7.645ms
[38.922s][info][gc,cpu      ] GC(98) User=0.01s Sys=0.00s Real=0.00s
[38.922s][info][gc,marking  ] GC(98) Concurrent Mark 116.275ms
[38.922s][info][gc,marking  ] GC(98) Concurrent Rebuild Remembered Sets and Scrub Regions
[38.948s][info][gc,marking  ] GC(98) Concurrent Rebuild Remembered Sets and Scrub Regions 26.261ms
[38.948s][info][gc,start    ] GC(98) Pause Cleanup
[38.948s][info][gc          ] GC(98) Pause Cleanup 327M->327M(487M) 0.083ms
[38.948s][info][gc,cpu      ] GC(98) User=0.00s Sys=0.00s Real=0.00s
[38.948s][info][gc,marking  ] GC(98) Concurrent Clear Claimed Marks
[38.948s][info][gc,marking  ] GC(98) Concurrent Clear Claimed Marks 0.097ms
[38.948s][info][gc,marking  ] GC(98) Concurrent Cleanup for Next Mark
[38.950s][info][gc,marking  ] GC(98) Concurrent Cleanup for Next Mark 1.470ms
[38.950s][info][gc          ] GC(98) Concurrent Mark Cycle 152.209ms
[39.252s][info][gc,start    ] GC(99) Pause Young (Prepare Mixed) (G1 Evacuation Pause)
[39.252s][info][gc,task     ] GC(99) Using 2 workers of 2 for evacuation
[39.256s][info][gc,phases   ] GC(99)   Pre Evacuate Collection Set: 0.25ms
[39.256s][info][gc,phases   ] GC(99)   Merge Heap Roots: 0.12ms
[39.256s][info][gc,phases   ] GC(99)   Evacuate Collection Set: 3.06ms
[39.256s][info][gc,phases   ] GC(99)   Post Evacuate Collection Set: 0.49ms
[39.256s][info][gc,phases   ] GC(99)   Other: 0.10ms
[39.257s][info][gc,heap     ] GC(99) Eden regions: 195->0(197)
[39.257s][info][gc,heap     ] GC(99) Survivor regions: 2->1(25)
[39.257s][info][gc,heap     ] GC(99) Old regions: 56->56
[39.257s][info][gc,heap     ] GC(99) Humongous regions: 207->207
[39.257s][info][gc,metaspace] GC(99) Metaspace: 55468K(55744K)->55468K(55744K) NonClass: 47224K(47424K)->47224K(47424K) Class: 8244K(8320K)->8244K(8320K)
[39.257s][info][gc          ] GC(99) Pause Young (Prepare Mixed) (G1 Evacuation Pause) 458M->263M(487M) 4.187ms
[39.257s][info][gc,cpu      ] GC(99) User=0.01s Sys=0.00s Real=0.00s
[39.800s][info][gc,start    ] GC(100) Pause Young (Mixed) (G1 Evacuation Pause)
[39.800s][info][gc,task     ] GC(100) Using 2 workers of 2 for evacuation
[39.805s][info][gc,phases   ] GC(100)   Pre Evacuate Collection Set: 0.25ms
[39.805s][info][gc,phases   ] GC(100)   Merge Heap Roots: 0.09ms
[39.805s][info][gc,phases   ] GC(100)   Evacuate Collection Set: 4.05ms
[39.805s][info][gc,phases   ] GC(100)   Post Evacuate Collection Set: 0.53ms
[39.805s][info][gc,phases   ] GC(100)   Other: 0.07ms
[39.805s][info][gc,heap     ] GC(100) Eden regions: 197->0(195)
[39.806s][info][gc,heap     ] GC(100) Survivor regions: 1->2(25)
[39.806s][info][gc,heap     ] GC(100) Old regions: 56->56
[39.806s][info][gc,heap     ] GC(100) Humongous regions: 207->207
[39.806s][info][gc,metaspace] GC(100) Metaspace: 55468K(55744K)->55468K(55744K) NonClass: 47224K(47424K)->47224K(47424K) Class: 8244K(8320K)->8244K(8320K)
[39.806s][info][gc          ] GC(100) Pause Young (Mixed) (G1 Evacuation Pause) 460M->263M(487M) 5.175ms
[39.806s][info][gc,cpu      ] GC(100) User=0.01s Sys=0.00s Real=0.01s
[40.313s][info][gc,start    ] GC(101) Pause Young (Concurrent Start) (G1 Evacuation Pause)
[40.313s][info][gc,task     ] GC(101) Using 2 workers of 2 for evacuation
[40.319s][info][gc,phases   ] GC(101)   Pre Evacuate Collection Set: 0.30ms
[40.319s][info][gc,phases   ] GC(101)   Merge Heap Roots: 0.09ms
[40.319s][info][gc,phases   ] GC(101)   Evacuate Collection Set: 4.51ms
[40.319s][info][gc,phases   ] GC(101)   Post Evacuate Collection Set: 0.50ms
[40.319s][info][gc,phases   ] GC(101)   Other: 0.14ms
[40.319s][info][gc,heap     ] GC(101) Eden regions: 195->0(195)
[40.319s][info][gc,heap     ] GC(101) Survivor regions: 2->2(25)
[40.319s][info][gc,heap     ] GC(101) Old regions: 56->56
[40.319s][info][gc,heap     ] GC(101) Humongous regions: 207->207
[40.319s][info][gc,metaspace] GC(101) Metaspace: 55468K(55744K)->55468K(55744K) NonClass: 47224K(47424K)->47224K(47424K) Class: 8244K(8320K)->8244K(8320K)
[40.319s][info][gc          ] GC(101) Pause Young (Concurrent Start) (G1 Evacuation Pause) 458M->264M(487M) 5.724ms
[40.319s][info][gc          ] GC(102) Concurrent Mark Cycle
[40.319s][info][gc,marking  ] GC(102) Concurrent Scan Root Regions
[40.321s][info][gc,cpu      ] GC(101) User=0.01s Sys=0.00s Real=0.00s
[40.326s][info][gc,marking  ] GC(102) Concurrent Scan Root Regions 6.816ms
[40.326s][info][gc,marking  ] GC(102) Concurrent Mark
[40.326s][info][gc,marking  ] GC(102) Concurrent Mark From Roots
[40.326s][info][gc,task     ] GC(102) Using 1 workers of 1 for marking
[40.379s][info][gc,marking  ] GC(102) Concurrent Mark From Roots 53.141ms
[40.379s][info][gc,marking  ] GC(102) Concurrent Preclean
[40.379s][info][gc,marking  ] GC(102) Concurrent Preclean 0.062ms
[40.379s][info][gc,start    ] GC(102) Pause Remark
[40.387s][info][gc          ] GC(102) Pause Remark 288M->288M(487M) 7.175ms
[40.387s][info][gc,cpu      ] GC(102) User=0.02s Sys=0.00s Real=0.01s
[40.387s][info][gc,marking  ] GC(102) Concurrent Mark 60.930ms
[40.387s][info][gc,marking  ] GC(102) Concurrent Rebuild Remembered Sets and Scrub Regions
[40.419s][info][gc,marking  ] GC(102) Concurrent Rebuild Remembered Sets and Scrub Regions 32.021ms
[40.419s][info][gc,start    ] GC(102) Pause Cleanup
[40.419s][info][gc          ] GC(102) Pause Cleanup 305M->305M(487M) 0.099ms
[40.419s][info][gc,cpu      ] GC(102) User=0.00s Sys=0.00s Real=0.00s
[40.419s][info][gc,marking  ] GC(102) Concurrent Clear Claimed Marks
[40.419s][info][gc,marking  ] GC(102) Concurrent Clear Claimed Marks 0.089ms
[40.419s][info][gc,marking  ] GC(102) Concurrent Cleanup for Next Mark
[40.421s][info][gc,marking  ] GC(102) Concurrent Cleanup for Next Mark 1.455ms
[40.421s][info][gc          ] GC(102) Concurrent Mark Cycle 101.750ms
[40.822s][info][gc,start    ] GC(103) Pause Young (Prepare Mixed) (G1 Evacuation Pause)
[40.822s][info][gc,task     ] GC(103) Using 2 workers of 2 for evacuation
[40.828s][info][gc,phases   ] GC(103)   Pre Evacuate Collection Set: 0.28ms
[40.828s][info][gc,phases   ] GC(103)   Merge Heap Roots: 0.12ms
[40.828s][info][gc,phases   ] GC(103)   Evacuate Collection Set: 5.20ms
[40.828s][info][gc,phases   ] GC(103)   Post Evacuate Collection Set: 0.53ms
[40.828s][info][gc,phases   ] GC(103)   Other: 0.09ms
[40.828s][info][gc,heap     ] GC(103) Eden regions: 195->0(193)
[40.828s][info][gc,heap     ] GC(103) Survivor regions: 2->3(25)
[40.828s][info][gc,heap     ] GC(103) Old regions: 56->56
[40.828s][info][gc,heap     ] GC(103) Humongous regions: 207->207
[40.828s][info][gc,metaspace] GC(103) Metaspace: 55468K(55744K)->55468K(55744K) NonClass: 47224K(47424K)->47224K(47424K) Class: 8244K(8320K)->8244K(8320K)
[40.828s][info][gc          ] GC(103) Pause Young (Prepare Mixed) (G1 Evacuation Pause) 459M->265M(487M) 6.410ms
[40.828s][info][gc,cpu      ] GC(103) User=0.01s Sys=0.00s Real=0.01s
[41.329s][info][gc,start    ] GC(104) Pause Young (Mixed) (G1 Evacuation Pause)
[41.329s][info][gc,task     ] GC(104) Using 2 workers of 2 for evacuation
[41.337s][info][gc,phases   ] GC(104)   Pre Evacuate Collection Set: 0.25ms
[41.337s][info][gc,phases   ] GC(104)   Merge Heap Roots: 0.09ms
[41.337s][info][gc,phases   ] GC(104)   Evacuate Collection Set: 6.69ms
[41.337s][info][gc,phases   ] GC(104)   Post Evacuate Collection Set: 0.62ms
[41.337s][info][gc,phases   ] GC(104)   Other: 0.10ms
[41.337s][info][gc,heap     ] GC(104) Eden regions: 193->0(193)
[41.337s][info][gc,heap     ] GC(104) Survivor regions: 3->3(25)
[41.337s][info][gc,heap     ] GC(104) Old regions: 56->56
[41.337s][info][gc,heap     ] GC(104) Humongous regions: 207->207
[41.337s][info][gc,metaspace] GC(104) Metaspace: 55469K(55744K)->55469K(55744K) NonClass: 47224K(47424K)->47224K(47424K) Class: 8244K(8320K)->8244K(8320K)
[41.337s][info][gc          ] GC(104) Pause Young (Mixed) (G1 Evacuation Pause) 458M->264M(487M) 7.921ms
[41.337s][info][gc,cpu      ] GC(104) User=0.02s Sys=0.00s Real=0.01s
[41.841s][info][gc,start    ] GC(105) Pause Young (Concurrent Start) (G1 Evacuation Pause)
[41.841s][info][gc,task     ] GC(105) Using 2 workers of 2 for evacuation
[41.846s][info][gc,phases   ] GC(105)   Pre Evacuate Collection Set: 0.30ms
[41.846s][info][gc,phases   ] GC(105)   Merge Heap Roots: 0.09ms
[41.846s][info][gc,phases   ] GC(105)   Evacuate Collection Set: 3.76ms
[41.846s][info][gc,phases   ] GC(105)   Post Evacuate Collection Set: 0.48ms
[41.846s][info][gc,phases   ] GC(105)   Other: 0.15ms
[41.846s][info][gc,heap     ] GC(105) Eden regions: 193->0(195)
[41.846s][info][gc,heap     ] GC(105) Survivor regions: 3->2(25)
[41.846s][info][gc,heap     ] GC(105) Old regions: 56->56
[41.846s][info][gc,heap     ] GC(105) Humongous regions: 207->207
[41.846s][info][gc,metaspace] GC(105) Metaspace: 55469K(55744K)->55469K(55744K) NonClass: 47224K(47424K)->47224K(47424K) Class: 8244K(8320K)->8244K(8320K)
[41.846s][info][gc          ] GC(105) Pause Young (Concurrent Start) (G1 Evacuation Pause) 457M->264M(487M) 5.004ms
[41.846s][info][gc,cpu      ] GC(105) User=0.01s Sys=0.00s Real=0.01s
[41.846s][info][gc          ] GC(106) Concurrent Mark Cycle
[41.847s][info][gc,marking  ] GC(106) Concurrent Scan Root Regions
[41.851s][info][gc,marking  ] GC(106) Concurrent Scan Root Regions 3.830ms
[41.851s][info][gc,marking  ] GC(106) Concurrent Mark
[41.851s][info][gc,marking  ] GC(106) Concurrent Mark From Roots
[41.851s][info][gc,task     ] GC(106) Using 1 workers of 1 for marking
[41.899s][info][gc,marking  ] GC(106) Concurrent Mark From Roots 47.266ms
[41.899s][info][gc,marking  ] GC(106) Concurrent Preclean
[41.899s][info][gc,marking  ] GC(106) Concurrent Preclean 0.067ms
[41.899s][info][gc,start    ] GC(106) Pause Remark
[41.907s][info][gc          ] GC(106) Pause Remark 273M->273M(487M) 7.471ms
[41.907s][info][gc,cpu      ] GC(106) User=0.01s Sys=0.00s Real=0.01s
[41.907s][info][gc,marking  ] GC(106) Concurrent Mark 55.990ms
[41.907s][info][gc,marking  ] GC(106) Concurrent Rebuild Remembered Sets and Scrub Regions
[41.935s][info][gc,marking  ] GC(106) Concurrent Rebuild Remembered Sets and Scrub Regions 27.786ms
[41.936s][info][gc,start    ] GC(106) Pause Cleanup
[41.936s][info][gc          ] GC(106) Pause Cleanup 289M->289M(487M) 0.078ms
[41.936s][info][gc,cpu      ] GC(106) User=0.00s Sys=0.00s Real=0.00s
[41.937s][info][gc,marking  ] GC(106) Concurrent Clear Claimed Marks
[41.937s][info][gc,marking  ] GC(106) Concurrent Clear Claimed Marks 0.090ms
[41.937s][info][gc,marking  ] GC(106) Concurrent Cleanup for Next Mark
[41.939s][info][gc,marking  ] GC(106) Concurrent Cleanup for Next Mark 1.932ms
[41.939s][info][gc          ] GC(106) Concurrent Mark Cycle 92.915ms
[42.394s][info][gc,start    ] GC(107) Pause Young (Prepare Mixed) (G1 Evacuation Pause)
[42.394s][info][gc,task     ] GC(107) Using 2 workers of 2 for evacuation
[42.398s][info][gc,phases   ] GC(107)   Pre Evacuate Collection Set: 0.24ms
[42.398s][info][gc,phases   ] GC(107)   Merge Heap Roots: 0.11ms
[42.398s][info][gc,phases   ] GC(107)   Evacuate Collection Set: 2.62ms
[42.398s][info][gc,phases   ] GC(107)   Post Evacuate Collection Set: 0.48ms
[42.398s][info][gc,phases   ] GC(107)   Other: 0.11ms
[42.398s][info][gc,heap     ] GC(107) Eden regions: 195->0(197)
[42.398s][info][gc,heap     ] GC(107) Survivor regions: 2->1(25)
[42.398s][info][gc,heap     ] GC(107) Old regions: 56->56
[42.398s][info][gc,heap     ] GC(107) Humongous regions: 207->207
[42.398s][info][gc,metaspace] GC(107) Metaspace: 55472K(55744K)->55472K(55744K) NonClass: 47227K(47424K)->47227K(47424K) Class: 8244K(8320K)->8244K(8320K)
[42.398s][info][gc          ] GC(107) Pause Young (Prepare Mixed) (G1 Evacuation Pause) 459M->263M(487M) 3.751ms
[42.398s][info][gc,cpu      ] GC(107) User=0.01s Sys=0.00s Real=0.00s
[42.949s][info][gc,start    ] GC(108) Pause Young (Mixed) (G1 Evacuation Pause)
[42.949s][info][gc,task     ] GC(108) Using 2 workers of 2 for evacuation
[42.954s][info][gc,phases   ] GC(108)   Pre Evacuate Collection Set: 0.25ms
[42.954s][info][gc,phases   ] GC(108)   Merge Heap Roots: 0.09ms
[42.954s][info][gc,phases   ] GC(108)   Evacuate Collection Set: 4.20ms
[42.954s][info][gc,phases   ] GC(108)   Post Evacuate Collection Set: 0.57ms
[42.954s][info][gc,phases   ] GC(108)   Other: 0.11ms
[42.954s][info][gc,heap     ] GC(108) Eden regions: 197->0(197)
[42.954s][info][gc,heap     ] GC(108) Survivor regions: 1->1(25)
[42.955s][info][gc,heap     ] GC(108) Old regions: 56->56
[42.955s][info][gc,heap     ] GC(108) Humongous regions: 207->207
[42.955s][info][gc,metaspace] GC(108) Metaspace: 55472K(55744K)->55472K(55744K) NonClass: 47227K(47424K)->47227K(47424K) Class: 8244K(8320K)->8244K(8320K)
[42.955s][info][gc          ] GC(108) Pause Young (Mixed) (G1 Evacuation Pause) 460M->263M(487M) 5.403ms
[42.955s][info][gc,cpu      ] GC(108) User=0.01s Sys=0.00s Real=0.01s
[43.419s][info][gc,start    ] GC(109) Pause Young (Concurrent Start) (G1 Evacuation Pause)
[43.419s][info][gc,task     ] GC(109) Using 2 workers of 2 for evacuation
[43.425s][info][gc,phases   ] GC(109)   Pre Evacuate Collection Set: 0.33ms
[43.425s][info][gc,phases   ] GC(109)   Merge Heap Roots: 0.10ms
[43.425s][info][gc,phases   ] GC(109)   Evacuate Collection Set: 4.71ms
[43.425s][info][gc,phases   ] GC(109)   Post Evacuate Collection Set: 0.51ms
[43.425s][info][gc,phases   ] GC(109)   Other: 0.12ms
[43.425s][info][gc,heap     ] GC(109) Eden regions: 197->0(195)
[43.425s][info][gc,heap     ] GC(109) Survivor regions: 1->2(25)
[43.425s][info][gc,heap     ] GC(109) Old regions: 56->56
[43.425s][info][gc,heap     ] GC(109) Humongous regions: 207->207
[43.425s][info][gc,metaspace] GC(109) Metaspace: 55472K(55744K)->55472K(55744K) NonClass: 47227K(47424K)->47227K(47424K) Class: 8244K(8320K)->8244K(8320K)
[43.425s][info][gc          ] GC(109) Pause Young (Concurrent Start) (G1 Evacuation Pause) 460M->264M(487M) 5.981ms
[43.425s][info][gc,cpu      ] GC(109) User=0.01s Sys=0.00s Real=0.01s
[43.425s][info][gc          ] GC(110) Concurrent Mark Cycle
[43.425s][info][gc,marking  ] GC(110) Concurrent Scan Root Regions
[43.435s][info][gc,marking  ] GC(110) Concurrent Scan Root Regions 10.302ms
[43.435s][info][gc,marking  ] GC(110) Concurrent Mark
[43.435s][info][gc,marking  ] GC(110) Concurrent Mark From Roots
[43.435s][info][gc,task     ] GC(110) Using 1 workers of 1 for marking
[43.485s][info][gc,marking  ] GC(110) Concurrent Mark From Roots 49.791ms
[43.485s][info][gc,marking  ] GC(110) Concurrent Preclean
[43.485s][info][gc,marking  ] GC(110) Concurrent Preclean 0.075ms
[43.485s][info][gc,start    ] GC(110) Pause Remark
[43.494s][info][gc          ] GC(110) Pause Remark 281M->281M(487M) 8.530ms
[43.494s][info][gc,cpu      ] GC(110) User=0.01s Sys=0.00s Real=0.01s
[43.497s][info][gc,marking  ] GC(110) Concurrent Mark 61.209ms
[43.497s][info][gc,marking  ] GC(110) Concurrent Rebuild Remembered Sets and Scrub Regions
[43.514s][info][gc,marking  ] GC(110) Concurrent Rebuild Remembered Sets and Scrub Regions 17.184ms
[43.514s][info][gc,start    ] GC(110) Pause Cleanup
[43.514s][info][gc          ] GC(110) Pause Cleanup 290M->290M(487M) 0.064ms
[43.514s][info][gc,cpu      ] GC(110) User=0.00s Sys=0.00s Real=0.00s
[43.514s][info][gc,marking  ] GC(110) Concurrent Clear Claimed Marks
[43.514s][info][gc,marking  ] GC(110) Concurrent Clear Claimed Marks 0.098ms
[43.514s][info][gc,marking  ] GC(110) Concurrent Cleanup for Next Mark
[43.516s][info][gc,marking  ] GC(110) Concurrent Cleanup for Next Mark 1.504ms
[43.516s][info][gc          ] GC(110) Concurrent Mark Cycle 90.698ms
[43.954s][info][gc,start    ] GC(111) Pause Young (Prepare Mixed) (G1 Evacuation Pause)
[43.954s][info][gc,task     ] GC(111) Using 2 workers of 2 for evacuation
[43.960s][info][gc,phases   ] GC(111)   Pre Evacuate Collection Set: 0.24ms
[43.960s][info][gc,phases   ] GC(111)   Merge Heap Roots: 0.12ms
[43.960s][info][gc,phases   ] GC(111)   Evacuate Collection Set: 4.68ms
[43.960s][info][gc,phases   ] GC(111)   Post Evacuate Collection Set: 0.51ms
[43.960s][info][gc,phases   ] GC(111)   Other: 0.09ms
[43.960s][info][gc,heap     ] GC(111) Eden regions: 195->0(193)
[43.960s][info][gc,heap     ] GC(111) Survivor regions: 2->3(25)
[43.960s][info][gc,heap     ] GC(111) Old regions: 56->56
[43.960s][info][gc,heap     ] GC(111) Humongous regions: 207->207
[43.960s][info][gc,metaspace] GC(111) Metaspace: 55472K(55744K)->55472K(55744K) NonClass: 47227K(47424K)->47227K(47424K) Class: 8244K(8320K)->8244K(8320K)
[43.960s][info][gc          ] GC(111) Pause Young (Prepare Mixed) (G1 Evacuation Pause) 459M->264M(487M) 5.889ms
[43.960s][info][gc,cpu      ] GC(111) User=0.01s Sys=0.00s Real=0.00s
[44.438s][info][gc,start    ] GC(112) Pause Young (Mixed) (G1 Evacuation Pause)
[44.438s][info][gc,task     ] GC(112) Using 2 workers of 2 for evacuation
[44.445s][info][gc,phases   ] GC(112)   Pre Evacuate Collection Set: 0.26ms
[44.445s][info][gc,phases   ] GC(112)   Merge Heap Roots: 0.11ms
[44.445s][info][gc,phases   ] GC(112)   Evacuate Collection Set: 5.77ms
[44.445s][info][gc,phases   ] GC(112)   Post Evacuate Collection Set: 0.65ms
[44.445s][info][gc,phases   ] GC(112)   Other: 0.09ms
[44.445s][info][gc,heap     ] GC(112) Eden regions: 193->0(195)
[44.445s][info][gc,heap     ] GC(112) Survivor regions: 3->2(25)
[44.445s][info][gc,heap     ] GC(112) Old regions: 56->56
[44.445s][info][gc,heap     ] GC(112) Humongous regions: 207->207
[44.445s][info][gc,metaspace] GC(112) Metaspace: 55472K(55744K)->55472K(55744K) NonClass: 47227K(47424K)->47227K(47424K) Class: 8244K(8320K)->8244K(8320K)
[44.445s][info][gc          ] GC(112) Pause Young (Mixed) (G1 Evacuation Pause) 457M->264M(487M) 7.077ms
[44.445s][info][gc,cpu      ] GC(112) User=0.02s Sys=0.00s Real=0.01s
[44.992s][info][gc,start    ] GC(113) Pause Young (Concurrent Start) (G1 Evacuation Pause)
[44.992s][info][gc,task     ] GC(113) Using 2 workers of 2 for evacuation
[44.996s][info][gc,phases   ] GC(113)   Pre Evacuate Collection Set: 0.38ms
[44.996s][info][gc,phases   ] GC(113)   Merge Heap Roots: 0.11ms
[44.996s][info][gc,phases   ] GC(113)   Evacuate Collection Set: 2.88ms
[44.996s][info][gc,phases   ] GC(113)   Post Evacuate Collection Set: 0.53ms
[44.996s][info][gc,phases   ] GC(113)   Other: 0.15ms
[44.996s][info][gc,heap     ] GC(113) Eden regions: 195->0(197)
[44.996s][info][gc,heap     ] GC(113) Survivor regions: 2->1(25)
[44.996s][info][gc,heap     ] GC(113) Old regions: 56->56
[44.996s][info][gc,heap     ] GC(113) Humongous regions: 207->207
[44.996s][info][gc,metaspace] GC(113) Metaspace: 55472K(55744K)->55472K(55744K) NonClass: 47227K(47424K)->47227K(47424K) Class: 8244K(8320K)->8244K(8320K)
[44.996s][info][gc          ] GC(113) Pause Young (Concurrent Start) (G1 Evacuation Pause) 459M->263M(487M) 4.240ms
[44.996s][info][gc,cpu      ] GC(113) User=0.01s Sys=0.00s Real=0.00s
[44.996s][info][gc          ] GC(114) Concurrent Mark Cycle
[44.997s][info][gc,marking  ] GC(114) Concurrent Scan Root Regions
[45.003s][info][gc,marking  ] GC(114) Concurrent Scan Root Regions 5.438ms
[45.003s][info][gc,marking  ] GC(114) Concurrent Mark
[45.003s][info][gc,marking  ] GC(114) Concurrent Mark From Roots
[45.003s][info][gc,task     ] GC(114) Using 1 workers of 1 for marking
[45.076s][info][gc,marking  ] GC(114) Concurrent Mark From Roots 73.583ms
[45.076s][info][gc,marking  ] GC(114) Concurrent Preclean
[45.076s][info][gc,marking  ] GC(114) Concurrent Preclean 0.063ms
[45.076s][info][gc,start    ] GC(114) Pause Remark
[45.084s][info][gc          ] GC(114) Pause Remark 299M->299M(487M) 7.275ms
[45.084s][info][gc,cpu      ] GC(114) User=0.02s Sys=0.00s Real=0.01s
[45.084s][info][gc,marking  ] GC(114) Concurrent Mark 81.733ms
[45.084s][info][gc,marking  ] GC(114) Concurrent Rebuild Remembered Sets and Scrub Regions
[45.104s][info][gc,marking  ] GC(114) Concurrent Rebuild Remembered Sets and Scrub Regions 19.247ms
[45.104s][info][gc,start    ] GC(114) Pause Cleanup
[45.104s][info][gc          ] GC(114) Pause Cleanup 306M->306M(487M) 0.060ms
[45.104s][info][gc,cpu      ] GC(114) User=0.00s Sys=0.00s Real=0.00s
[45.104s][info][gc,marking  ] GC(114) Concurrent Clear Claimed Marks
[45.104s][info][gc,marking  ] GC(114) Concurrent Clear Claimed Marks 0.086ms
[45.104s][info][gc,marking  ] GC(114) Concurrent Cleanup for Next Mark
[45.107s][info][gc,marking  ] GC(114) Concurrent Cleanup for Next Mark 3.126ms
[45.107s][info][gc          ] GC(114) Concurrent Mark Cycle 110.789ms
[45.570s][info][gc,start    ] GC(115) Pause Young (Prepare Mixed) (G1 Evacuation Pause)
[45.570s][info][gc,task     ] GC(115) Using 2 workers of 2 for evacuation
[45.575s][info][gc,phases   ] GC(115)   Pre Evacuate Collection Set: 0.28ms
[45.575s][info][gc,phases   ] GC(115)   Merge Heap Roots: 0.14ms
[45.575s][info][gc,phases   ] GC(115)   Evacuate Collection Set: 3.73ms
[45.575s][info][gc,phases   ] GC(115)   Post Evacuate Collection Set: 0.50ms
[45.577s][info][gc,phases   ] GC(115)   Other: 0.08ms
[45.577s][info][gc,heap     ] GC(115) Eden regions: 197->0(195)
[45.577s][info][gc,heap     ] GC(115) Survivor regions: 1->2(25)
[45.577s][info][gc,heap     ] GC(115) Old regions: 56->56
[45.577s][info][gc,heap     ] GC(115) Humongous regions: 207->207
[45.577s][info][gc,metaspace] GC(115) Metaspace: 55472K(55744K)->55472K(55744K) NonClass: 47227K(47424K)->47227K(47424K) Class: 8244K(8320K)->8244K(8320K)
[45.577s][info][gc          ] GC(115) Pause Young (Prepare Mixed) (G1 Evacuation Pause) 460M->264M(487M) 7.081ms
[45.577s][info][gc,cpu      ] GC(115) User=0.01s Sys=0.00s Real=0.01s
[46.012s][info][gc,start    ] GC(116) Pause Young (Mixed) (G1 Evacuation Pause)
[46.012s][info][gc,task     ] GC(116) Using 2 workers of 2 for evacuation
[46.019s][info][gc,phases   ] GC(116)   Pre Evacuate Collection Set: 0.25ms
[46.019s][info][gc,phases   ] GC(116)   Merge Heap Roots: 0.09ms
[46.019s][info][gc,phases   ] GC(116)   Evacuate Collection Set: 6.11ms
[46.019s][info][gc,phases   ] GC(116)   Post Evacuate Collection Set: 0.58ms
[46.019s][info][gc,phases   ] GC(116)   Other: 0.11ms
[46.019s][info][gc,heap     ] GC(116) Eden regions: 195->0(193)
[46.019s][info][gc,heap     ] GC(116) Survivor regions: 2->3(25)
[46.019s][info][gc,heap     ] GC(116) Old regions: 56->56
[46.019s][info][gc,heap     ] GC(116) Humongous regions: 207->207
[46.019s][info][gc,metaspace] GC(116) Metaspace: 55472K(55744K)->55472K(55744K) NonClass: 47227K(47424K)->47227K(47424K) Class: 8244K(8320K)->8244K(8320K)
[46.019s][info][gc          ] GC(116) Pause Young (Mixed) (G1 Evacuation Pause) 459M->265M(487M) 7.318ms
[46.019s][info][gc,cpu      ] GC(116) User=0.02s Sys=0.01s Real=0.01s
[46.520s][info][gc,start    ] GC(117) Pause Young (Concurrent Start) (G1 Evacuation Pause)
[46.520s][info][gc,task     ] GC(117) Using 2 workers of 2 for evacuation
[46.526s][info][gc,phases   ] GC(117)   Pre Evacuate Collection Set: 0.31ms
[46.526s][info][gc,phases   ] GC(117)   Merge Heap Roots: 0.11ms
[46.526s][info][gc,phases   ] GC(117)   Evacuate Collection Set: 5.00ms
[46.526s][info][gc,phases   ] GC(117)   Post Evacuate Collection Set: 0.55ms
[46.526s][info][gc,phases   ] GC(117)   Other: 0.10ms
[46.526s][info][gc,heap     ] GC(117) Eden regions: 193->0(193)
[46.526s][info][gc,heap     ] GC(117) Survivor regions: 3->3(25)
[46.526s][info][gc,heap     ] GC(117) Old regions: 56->56
[46.526s][info][gc,heap     ] GC(117) Humongous regions: 207->207
[46.526s][info][gc,metaspace] GC(117) Metaspace: 55472K(55744K)->55472K(55744K) NonClass: 47227K(47424K)->47227K(47424K) Class: 8244K(8320K)->8244K(8320K)
[46.527s][info][gc          ] GC(117) Pause Young (Concurrent Start) (G1 Evacuation Pause) 458M->265M(487M) 6.277ms
[46.527s][info][gc,cpu      ] GC(117) User=0.01s Sys=0.00s Real=0.01s
[46.527s][info][gc          ] GC(118) Concurrent Mark Cycle
[46.528s][info][gc,marking  ] GC(118) Concurrent Scan Root Regions
[46.537s][info][gc,marking  ] GC(118) Concurrent Scan Root Regions 8.816ms
[46.537s][info][gc,marking  ] GC(118) Concurrent Mark
[46.537s][info][gc,marking  ] GC(118) Concurrent Mark From Roots
[46.537s][info][gc,task     ] GC(118) Using 1 workers of 1 for marking
[46.588s][info][gc,marking  ] GC(118) Concurrent Mark From Roots 50.681ms
[46.588s][info][gc,marking  ] GC(118) Concurrent Preclean
[46.588s][info][gc,marking  ] GC(118) Concurrent Preclean 0.067ms
[46.588s][info][gc,start    ] GC(118) Pause Remark
[46.596s][info][gc          ] GC(118) Pause Remark 278M->278M(487M) 7.398ms
[46.596s][info][gc,cpu      ] GC(118) User=0.02s Sys=0.00s Real=0.01s
[46.599s][info][gc,marking  ] GC(118) Concurrent Mark 61.696ms
[46.599s][info][gc,marking  ] GC(118) Concurrent Rebuild Remembered Sets and Scrub Regions
[46.626s][info][gc,marking  ] GC(118) Concurrent Rebuild Remembered Sets and Scrub Regions 27.449ms
[46.635s][info][gc,start    ] GC(118) Pause Cleanup
[46.636s][info][gc          ] GC(118) Pause Cleanup 292M->292M(487M) 0.106ms
[46.636s][info][gc,cpu      ] GC(118) User=0.00s Sys=0.00s Real=0.00s
[46.637s][info][gc,marking  ] GC(118) Concurrent Clear Claimed Marks
[46.637s][info][gc,marking  ] GC(118) Concurrent Clear Claimed Marks 0.112ms
[46.637s][info][gc,marking  ] GC(118) Concurrent Cleanup for Next Mark
[46.639s][info][gc,marking  ] GC(118) Concurrent Cleanup for Next Mark 1.820ms
[46.639s][info][gc          ] GC(118) Concurrent Mark Cycle 112.360ms
[47.039s][info][gc,start    ] GC(119) Pause Young (Prepare Mixed) (G1 Evacuation Pause)
[47.039s][info][gc,task     ] GC(119) Using 2 workers of 2 for evacuation
[47.044s][info][gc,phases   ] GC(119)   Pre Evacuate Collection Set: 0.26ms
[47.044s][info][gc,phases   ] GC(119)   Merge Heap Roots: 0.11ms
[47.044s][info][gc,phases   ] GC(119)   Evacuate Collection Set: 3.92ms
[47.044s][info][gc,phases   ] GC(119)   Post Evacuate Collection Set: 0.54ms
[47.044s][info][gc,phases   ] GC(119)   Other: 0.10ms
[47.044s][info][gc,heap     ] GC(119) Eden regions: 193->0(195)
[47.044s][info][gc,heap     ] GC(119) Survivor regions: 3->2(25)
[47.044s][info][gc,heap     ] GC(119) Old regions: 56->56
[47.044s][info][gc,heap     ] GC(119) Humongous regions: 207->207
[47.044s][info][gc,metaspace] GC(119) Metaspace: 55472K(55744K)->55472K(55744K) NonClass: 47227K(47424K)->47227K(47424K) Class: 8244K(8320K)->8244K(8320K)
[47.044s][info][gc          ] GC(119) Pause Young (Prepare Mixed) (G1 Evacuation Pause) 458M->264M(487M) 5.126ms
[47.044s][info][gc,cpu      ] GC(119) User=0.01s Sys=0.00s Real=0.01s
[47.648s][info][gc,start    ] GC(120) Pause Young (Mixed) (G1 Evacuation Pause)
[47.648s][info][gc,task     ] GC(120) Using 2 workers of 2 for evacuation
[47.654s][info][gc,phases   ] GC(120)   Pre Evacuate Collection Set: 0.26ms
[47.654s][info][gc,phases   ] GC(120)   Merge Heap Roots: 0.09ms
[47.654s][info][gc,phases   ] GC(120)   Evacuate Collection Set: 4.24ms
[47.654s][info][gc,phases   ] GC(120)   Post Evacuate Collection Set: 0.63ms
[47.654s][info][gc,phases   ] GC(120)   Other: 0.10ms
[47.654s][info][gc,heap     ] GC(120) Eden regions: 195->0(195)
[47.654s][info][gc,heap     ] GC(120) Survivor regions: 2->2(25)
[47.654s][info][gc,heap     ] GC(120) Old regions: 56->56
[47.654s][info][gc,heap     ] GC(120) Humongous regions: 207->207
[47.654s][info][gc,metaspace] GC(120) Metaspace: 55472K(55744K)->55472K(55744K) NonClass: 47227K(47424K)->47227K(47424K) Class: 8244K(8320K)->8244K(8320K)
[47.654s][info][gc          ] GC(120) Pause Young (Mixed) (G1 Evacuation Pause) 459M->264M(487M) 5.541ms
[47.654s][info][gc,cpu      ] GC(120) User=0.01s Sys=0.00s Real=0.01s
[48.098s][info][gc,start    ] GC(121) Pause Young (Concurrent Start) (G1 Evacuation Pause)
[48.098s][info][gc,task     ] GC(121) Using 2 workers of 2 for evacuation
[48.102s][info][gc,phases   ] GC(121)   Pre Evacuate Collection Set: 0.31ms
[48.102s][info][gc,phases   ] GC(121)   Merge Heap Roots: 0.10ms
[48.102s][info][gc,phases   ] GC(121)   Evacuate Collection Set: 3.28ms
[48.102s][info][gc,phases   ] GC(121)   Post Evacuate Collection Set: 0.55ms
[48.102s][info][gc,phases   ] GC(121)   Other: 0.15ms
[48.102s][info][gc,heap     ] GC(121) Eden regions: 195->0(195)
[48.102s][info][gc,heap     ] GC(121) Survivor regions: 2->2(25)
[48.102s][info][gc,heap     ] GC(121) Old regions: 56->56
[48.102s][info][gc,heap     ] GC(121) Humongous regions: 207->207
[48.102s][info][gc,metaspace] GC(121) Metaspace: 55472K(55744K)->55472K(55744K) NonClass: 47227K(47424K)->47227K(47424K) Class: 8244K(8320K)->8244K(8320K)
[48.102s][info][gc          ] GC(121) Pause Young (Concurrent Start) (G1 Evacuation Pause) 459M->264M(487M) 4.619ms
[48.102s][info][gc,cpu      ] GC(121) User=0.01s Sys=0.00s Real=0.01s
[48.102s][info][gc          ] GC(122) Concurrent Mark Cycle
[48.102s][info][gc,marking  ] GC(122) Concurrent Scan Root Regions
[48.106s][info][gc,marking  ] GC(122) Concurrent Scan Root Regions 3.813ms
[48.106s][info][gc,marking  ] GC(122) Concurrent Mark
[48.106s][info][gc,marking  ] GC(122) Concurrent Mark From Roots
[48.106s][info][gc,task     ] GC(122) Using 1 workers of 1 for marking
[48.177s][info][gc,marking  ] GC(122) Concurrent Mark From Roots 70.239ms
[48.177s][info][gc,marking  ] GC(122) Concurrent Preclean
[48.177s][info][gc,marking  ] GC(122) Concurrent Preclean 0.072ms
[48.177s][info][gc,start    ] GC(122) Pause Remark
[48.184s][info][gc          ] GC(122) Pause Remark 296M->296M(487M) 7.434ms
[48.184s][info][gc,cpu      ] GC(122) User=0.01s Sys=0.00s Real=0.01s
[48.185s][info][gc,marking  ] GC(122) Concurrent Mark 78.204ms
[48.185s][info][gc,marking  ] GC(122) Concurrent Rebuild Remembered Sets and Scrub Regions
[48.212s][info][gc,marking  ] GC(122) Concurrent Rebuild Remembered Sets and Scrub Regions 27.532ms
[48.212s][info][gc,start    ] GC(122) Pause Cleanup
[48.212s][info][gc          ] GC(122) Pause Cleanup 308M->308M(487M) 0.073ms
[48.212s][info][gc,cpu      ] GC(122) User=0.00s Sys=0.00s Real=0.00s
[48.213s][info][gc,marking  ] GC(122) Concurrent Clear Claimed Marks
[48.213s][info][gc,marking  ] GC(122) Concurrent Clear Claimed Marks 0.119ms
[48.213s][info][gc,marking  ] GC(122) Concurrent Cleanup for Next Mark
[48.215s][info][gc,marking  ] GC(122) Concurrent Cleanup for Next Mark 1.878ms
[48.215s][info][gc          ] GC(122) Concurrent Mark Cycle 112.701ms
[48.607s][info][gc,start    ] GC(123) Pause Young (Prepare Mixed) (G1 Evacuation Pause)
[48.607s][info][gc,task     ] GC(123) Using 2 workers of 2 for evacuation
[48.611s][info][gc,phases   ] GC(123)   Pre Evacuate Collection Set: 0.26ms
[48.611s][info][gc,phases   ] GC(123)   Merge Heap Roots: 0.11ms
[48.611s][info][gc,phases   ] GC(123)   Evacuate Collection Set: 3.09ms
[48.611s][info][gc,phases   ] GC(123)   Post Evacuate Collection Set: 0.50ms
[48.611s][info][gc,phases   ] GC(123)   Other: 0.11ms
[48.611s][info][gc,heap     ] GC(123) Eden regions: 195->0(195)
[48.611s][info][gc,heap     ] GC(123) Survivor regions: 2->2(25)
[48.611s][info][gc,heap     ] GC(123) Old regions: 56->56
[48.611s][info][gc,heap     ] GC(123) Humongous regions: 207->207
[48.611s][info][gc,metaspace] GC(123) Metaspace: 55472K(55744K)->55472K(55744K) NonClass: 47227K(47424K)->47227K(47424K) Class: 8244K(8320K)->8244K(8320K)
[48.611s][info][gc          ] GC(123) Pause Young (Prepare Mixed) (G1 Evacuation Pause) 459M->264M(487M) 4.272ms
[48.611s][info][gc,cpu      ] GC(123) User=0.01s Sys=0.00s Real=0.00s
[49.120s][info][gc,start    ] GC(124) Pause Young (Mixed) (G1 Evacuation Pause)
[49.120s][info][gc,task     ] GC(124) Using 2 workers of 2 for evacuation
[49.125s][info][gc,phases   ] GC(124)   Pre Evacuate Collection Set: 0.25ms
[49.125s][info][gc,phases   ] GC(124)   Merge Heap Roots: 0.08ms
[49.125s][info][gc,phases   ] GC(124)   Evacuate Collection Set: 4.49ms
[49.125s][info][gc,phases   ] GC(124)   Post Evacuate Collection Set: 0.53ms
[49.125s][info][gc,phases   ] GC(124)   Other: 0.08ms
[49.125s][info][gc,heap     ] GC(124) Eden regions: 195->0(193)
[49.125s][info][gc,heap     ] GC(124) Survivor regions: 2->3(25)
[49.125s][info][gc,heap     ] GC(124) Old regions: 56->56
[49.125s][info][gc,heap     ] GC(124) Humongous regions: 207->207
[49.125s][info][gc,metaspace] GC(124) Metaspace: 55472K(55744K)->55472K(55744K) NonClass: 47227K(47424K)->47227K(47424K) Class: 8244K(8320K)->8244K(8320K)
[49.125s][info][gc          ] GC(124) Pause Young (Mixed) (G1 Evacuation Pause) 459M->264M(487M) 5.623ms
[49.125s][info][gc,cpu      ] GC(124) User=0.01s Sys=0.00s Real=0.01s
[49.623s][info][gc,start    ] GC(125) Pause Young (Concurrent Start) (G1 Evacuation Pause)
[49.623s][info][gc,task     ] GC(125) Using 2 workers of 2 for evacuation
[49.629s][info][gc,phases   ] GC(125)   Pre Evacuate Collection Set: 0.28ms
[49.629s][info][gc,phases   ] GC(125)   Merge Heap Roots: 0.10ms
[49.629s][info][gc,phases   ] GC(125)   Evacuate Collection Set: 5.14ms
[49.629s][info][gc,phases   ] GC(125)   Post Evacuate Collection Set: 0.52ms
[49.629s][info][gc,phases   ] GC(125)   Other: 0.10ms
[49.629s][info][gc,heap     ] GC(125) Eden regions: 193->0(193)
[49.629s][info][gc,heap     ] GC(125) Survivor regions: 3->3(25)
[49.629s][info][gc,heap     ] GC(125) Old regions: 56->56
[49.629s][info][gc,heap     ] GC(125) Humongous regions: 207->207
[49.629s][info][gc,metaspace] GC(125) Metaspace: 55473K(55744K)->55473K(55744K) NonClass: 47228K(47424K)->47228K(47424K) Class: 8244K(8320K)->8244K(8320K)
[49.629s][info][gc          ] GC(125) Pause Young (Concurrent Start) (G1 Evacuation Pause) 457M->264M(487M) 6.356ms
[49.629s][info][gc          ] GC(126) Concurrent Mark Cycle
[49.629s][info][gc,marking  ] GC(126) Concurrent Scan Root Regions
[49.629s][info][gc,cpu      ] GC(125) User=0.01s Sys=0.00s Real=0.00s
[49.637s][info][gc,marking  ] GC(126) Concurrent Scan Root Regions 7.594ms
[49.637s][info][gc,marking  ] GC(126) Concurrent Mark
[49.637s][info][gc,marking  ] GC(126) Concurrent Mark From Roots
[49.637s][info][gc,task     ] GC(126) Using 1 workers of 1 for marking
[49.687s][info][gc,marking  ] GC(126) Concurrent Mark From Roots 49.945ms
[49.687s][info][gc,marking  ] GC(126) Concurrent Preclean
[49.687s][info][gc,marking  ] GC(126) Concurrent Preclean 0.064ms
[49.687s][info][gc,start    ] GC(126) Pause Remark
[49.694s][info][gc          ] GC(126) Pause Remark 278M->278M(487M) 7.218ms
[49.694s][info][gc,cpu      ] GC(126) User=0.01s Sys=0.00s Real=0.01s
[49.694s][info][gc,marking  ] GC(126) Concurrent Mark 57.577ms
[49.695s][info][gc,marking  ] GC(126) Concurrent Rebuild Remembered Sets and Scrub Regions
[49.711s][info][gc,marking  ] GC(126) Concurrent Rebuild Remembered Sets and Scrub Regions 16.188ms
[49.711s][info][gc,start    ] GC(126) Pause Cleanup
[49.711s][info][gc          ] GC(126) Pause Cleanup 286M->286M(487M) 0.058ms
[49.711s][info][gc,cpu      ] GC(126) User=0.00s Sys=0.00s Real=0.00s
[49.711s][info][gc,marking  ] GC(126) Concurrent Clear Claimed Marks
[49.711s][info][gc,marking  ] GC(126) Concurrent Clear Claimed Marks 0.085ms
[49.711s][info][gc,marking  ] GC(126) Concurrent Cleanup for Next Mark
[49.713s][info][gc,marking  ] GC(126) Concurrent Cleanup for Next Mark 1.660ms
[49.713s][info][gc          ] GC(126) Concurrent Mark Cycle 83.796ms
[50.200s][info][gc,start    ] GC(127) Pause Young (Prepare Mixed) (G1 Evacuation Pause)
[50.200s][info][gc,task     ] GC(127) Using 2 workers of 2 for evacuation
[50.205s][info][gc,phases   ] GC(127)   Pre Evacuate Collection Set: 0.26ms
[50.205s][info][gc,phases   ] GC(127)   Merge Heap Roots: 0.12ms
[50.205s][info][gc,phases   ] GC(127)   Evacuate Collection Set: 3.98ms
[50.205s][info][gc,phases   ] GC(127)   Post Evacuate Collection Set: 0.54ms
[50.205s][info][gc,phases   ] GC(127)   Other: 0.07ms
[50.205s][info][gc,heap     ] GC(127) Eden regions: 193->0(193)
[50.205s][info][gc,heap     ] GC(127) Survivor regions: 3->3(25)
[50.205s][info][gc,heap     ] GC(127) Old regions: 56->56
[50.205s][info][gc,heap     ] GC(127) Humongous regions: 207->207
[50.205s][info][gc,metaspace] GC(127) Metaspace: 55475K(55744K)->55475K(55744K) NonClass: 47230K(47424K)->47230K(47424K) Class: 8244K(8320K)->8244K(8320K)
[50.205s][info][gc          ] GC(127) Pause Young (Prepare Mixed) (G1 Evacuation Pause) 457M->264M(487M) 5.155ms
[50.205s][info][gc,cpu      ] GC(127) User=0.01s Sys=0.00s Real=0.01s
[50.639s][info][gc,start    ] GC(128) Pause Young (Mixed) (G1 Evacuation Pause)
[50.639s][info][gc,task     ] GC(128) Using 2 workers of 2 for evacuation
[50.644s][info][gc,phases   ] GC(128)   Pre Evacuate Collection Set: 0.26ms
[50.644s][info][gc,phases   ] GC(128)   Merge Heap Roots: 0.10ms
[50.644s][info][gc,phases   ] GC(128)   Evacuate Collection Set: 3.32ms
[50.644s][info][gc,phases   ] GC(128)   Post Evacuate Collection Set: 0.52ms
[50.644s][info][gc,phases   ] GC(128)   Other: 0.07ms
[50.644s][info][gc,heap     ] GC(128) Eden regions: 193->0(197)
[50.644s][info][gc,heap     ] GC(128) Survivor regions: 3->1(25)
[50.644s][info][gc,heap     ] GC(128) Old regions: 56->56
[50.644s][info][gc,heap     ] GC(128) Humongous regions: 207->207
[50.644s][info][gc,metaspace] GC(128) Metaspace: 55475K(55744K)->55475K(55744K) NonClass: 47230K(47424K)->47230K(47424K) Class: 8244K(8320K)->8244K(8320K)
[50.644s][info][gc          ] GC(128) Pause Young (Mixed) (G1 Evacuation Pause) 457M->263M(487M) 4.476ms
[50.644s][info][gc,cpu      ] GC(128) User=0.01s Sys=0.00s Real=0.01s
[51.200s][info][gc,start    ] GC(129) Pause Young (Concurrent Start) (G1 Evacuation Pause)
[51.200s][info][gc,task     ] GC(129) Using 2 workers of 2 for evacuation
[51.205s][info][gc,phases   ] GC(129)   Pre Evacuate Collection Set: 0.27ms
[51.205s][info][gc,phases   ] GC(129)   Merge Heap Roots: 0.09ms
[51.205s][info][gc,phases   ] GC(129)   Evacuate Collection Set: 3.20ms
[51.205s][info][gc,phases   ] GC(129)   Post Evacuate Collection Set: 0.51ms
[51.205s][info][gc,phases   ] GC(129)   Other: 0.12ms
[51.205s][info][gc,heap     ] GC(129) Eden regions: 197->0(195)
[51.205s][info][gc,heap     ] GC(129) Survivor regions: 1->2(25)
[51.205s][info][gc,heap     ] GC(129) Old regions: 56->56
[51.205s][info][gc,heap     ] GC(129) Humongous regions: 207->207
[51.205s][info][gc,metaspace] GC(129) Metaspace: 55478K(55744K)->55478K(55744K) NonClass: 47234K(47424K)->47234K(47424K) Class: 8244K(8320K)->8244K(8320K)
[51.205s][info][gc          ] GC(129) Pause Young (Concurrent Start) (G1 Evacuation Pause) 460M->264M(487M) 4.401ms
[51.205s][info][gc          ] GC(130) Concurrent Mark Cycle
[51.205s][info][gc,marking  ] GC(130) Concurrent Scan Root Regions
[51.207s][info][gc,cpu      ] GC(129) User=0.01s Sys=0.00s Real=0.01s
[51.207s][info][gc,marking  ] GC(130) Concurrent Scan Root Regions 2.224ms
[51.207s][info][gc,marking  ] GC(130) Concurrent Mark
[51.207s][info][gc,marking  ] GC(130) Concurrent Mark From Roots
[51.207s][info][gc,task     ] GC(130) Using 1 workers of 1 for marking
[51.260s][info][gc,marking  ] GC(130) Concurrent Mark From Roots 52.623ms
[51.260s][info][gc,marking  ] GC(130) Concurrent Preclean
[51.262s][info][gc,marking  ] GC(130) Concurrent Preclean 2.463ms
[51.262s][info][gc,start    ] GC(130) Pause Remark
[51.292s][info][gc          ] GC(130) Pause Remark 277M->277M(487M) 29.453ms
[51.292s][info][gc,cpu      ] GC(130) User=0.02s Sys=0.00s Real=0.02s
[51.294s][info][gc,marking  ] GC(130) Concurrent Mark 86.462ms
[51.294s][info][gc,marking  ] GC(130) Concurrent Rebuild Remembered Sets and Scrub Regions
[51.333s][info][gc,marking  ] GC(130) Concurrent Rebuild Remembered Sets and Scrub Regions 39.295ms
[51.334s][info][gc,start    ] GC(130) Pause Cleanup
[51.334s][info][gc          ] GC(130) Pause Cleanup 280M->280M(487M) 0.080ms
[51.334s][info][gc,cpu      ] GC(130) User=0.00s Sys=0.00s Real=0.00s
[51.335s][info][gc,marking  ] GC(130) Concurrent Clear Claimed Marks
[51.336s][info][gc,marking  ] GC(130) Concurrent Clear Claimed Marks 0.102ms
[51.336s][info][gc,marking  ] GC(130) Concurrent Cleanup for Next Mark
[51.339s][info][gc,marking  ] GC(130) Concurrent Cleanup for Next Mark 3.624ms
[51.339s][info][gc          ] GC(130) Concurrent Mark Cycle 134.356ms
[51.710s][info][gc,start    ] GC(131) Pause Young (Prepare Mixed) (G1 Evacuation Pause)
[51.710s][info][gc,task     ] GC(131) Using 2 workers of 2 for evacuation
[51.715s][info][gc,phases   ] GC(131)   Pre Evacuate Collection Set: 0.24ms
[51.715s][info][gc,phases   ] GC(131)   Merge Heap Roots: 0.13ms
[51.715s][info][gc,phases   ] GC(131)   Evacuate Collection Set: 3.84ms
[51.715s][info][gc,phases   ] GC(131)   Post Evacuate Collection Set: 0.51ms
[51.715s][info][gc,phases   ] GC(131)   Other: 0.12ms
[51.715s][info][gc,heap     ] GC(131) Eden regions: 195->0(195)
[51.715s][info][gc,heap     ] GC(131) Survivor regions: 2->2(25)
[51.715s][info][gc,heap     ] GC(131) Old regions: 56->56
[51.715s][info][gc,heap     ] GC(131) Humongous regions: 207->207
[51.715s][info][gc,metaspace] GC(131) Metaspace: 55478K(55744K)->55478K(55744K) NonClass: 47234K(47424K)->47234K(47424K) Class: 8244K(8320K)->8244K(8320K)
[51.715s][info][gc          ] GC(131) Pause Young (Prepare Mixed) (G1 Evacuation Pause) 459M->264M(487M) 5.015ms
[51.715s][info][gc,cpu      ] GC(131) User=0.01s Sys=0.00s Real=0.01s
[52.253s][info][gc,start    ] GC(132) Pause Young (Mixed) (G1 Evacuation Pause)
[52.253s][info][gc,task     ] GC(132) Using 2 workers of 2 for evacuation
[52.258s][info][gc,phases   ] GC(132)   Pre Evacuate Collection Set: 0.26ms
[52.258s][info][gc,phases   ] GC(132)   Merge Heap Roots: 0.09ms
[52.258s][info][gc,phases   ] GC(132)   Evacuate Collection Set: 4.42ms
[52.258s][info][gc,phases   ] GC(132)   Post Evacuate Collection Set: 0.52ms
[52.258s][info][gc,phases   ] GC(132)   Other: 0.07ms
[52.258s][info][gc,heap     ] GC(132) Eden regions: 195->0(195)
[52.259s][info][gc,heap     ] GC(132) Survivor regions: 2->2(25)
[52.259s][info][gc,heap     ] GC(132) Old regions: 56->56
[52.259s][info][gc,heap     ] GC(132) Humongous regions: 207->207
[52.259s][info][gc,metaspace] GC(132) Metaspace: 55478K(55744K)->55478K(55744K) NonClass: 47234K(47424K)->47234K(47424K) Class: 8244K(8320K)->8244K(8320K)
[52.259s][info][gc          ] GC(132) Pause Young (Mixed) (G1 Evacuation Pause) 459M->264M(487M) 5.542ms
[52.259s][info][gc,cpu      ] GC(132) User=0.01s Sys=0.00s Real=0.00s
[52.722s][info][gc,start    ] GC(133) Pause Young (Concurrent Start) (G1 Evacuation Pause)
[52.722s][info][gc,task     ] GC(133) Using 2 workers of 2 for evacuation
[52.727s][info][gc,phases   ] GC(133)   Pre Evacuate Collection Set: 0.29ms
[52.727s][info][gc,phases   ] GC(133)   Merge Heap Roots: 0.09ms
[52.727s][info][gc,phases   ] GC(133)   Evacuate Collection Set: 4.35ms
[52.727s][info][gc,phases   ] GC(133)   Post Evacuate Collection Set: 0.49ms
[52.727s][info][gc,phases   ] GC(133)   Other: 0.09ms
[52.727s][info][gc,heap     ] GC(133) Eden regions: 195->0(193)
[52.727s][info][gc,heap     ] GC(133) Survivor regions: 2->3(25)
[52.727s][info][gc,heap     ] GC(133) Old regions: 56->56
[52.727s][info][gc,heap     ] GC(133) Humongous regions: 207->207
[52.727s][info][gc,metaspace] GC(133) Metaspace: 55478K(55744K)->55478K(55744K) NonClass: 47234K(47424K)->47234K(47424K) Class: 8244K(8320K)->8244K(8320K)
[52.727s][info][gc          ] GC(133) Pause Young (Concurrent Start) (G1 Evacuation Pause) 459M->264M(487M) 5.496ms
[52.727s][info][gc          ] GC(134) Concurrent Mark Cycle
[52.727s][info][gc,marking  ] GC(134) Concurrent Scan Root Regions
[52.727s][info][gc,cpu      ] GC(133) User=0.01s Sys=0.00s Real=0.01s
[52.732s][info][gc,marking  ] GC(134) Concurrent Scan Root Regions 5.065ms
[52.732s][info][gc,marking  ] GC(134) Concurrent Mark
[52.732s][info][gc,marking  ] GC(134) Concurrent Mark From Roots
[52.732s][info][gc,task     ] GC(134) Using 1 workers of 1 for marking
[52.786s][info][gc,marking  ] GC(134) Concurrent Mark From Roots 53.522ms
[52.786s][info][gc,marking  ] GC(134) Concurrent Preclean
[52.786s][info][gc,marking  ] GC(134) Concurrent Preclean 0.066ms
[52.786s][info][gc,start    ] GC(134) Pause Remark
[52.793s][info][gc          ] GC(134) Pause Remark 280M->280M(487M) 7.582ms
[52.794s][info][gc,cpu      ] GC(134) User=0.01s Sys=0.00s Real=0.01s
[52.795s][info][gc,marking  ] GC(134) Concurrent Mark 62.754ms
[52.795s][info][gc,marking  ] GC(134) Concurrent Rebuild Remembered Sets and Scrub Regions
[52.829s][info][gc,marking  ] GC(134) Concurrent Rebuild Remembered Sets and Scrub Regions 34.077ms
[52.829s][info][gc,start    ] GC(134) Pause Cleanup
[52.829s][info][gc          ] GC(134) Pause Cleanup 302M->302M(487M) 0.072ms
[52.829s][info][gc,cpu      ] GC(134) User=0.00s Sys=0.00s Real=0.00s
[52.829s][info][gc,marking  ] GC(134) Concurrent Clear Claimed Marks
[52.830s][info][gc,marking  ] GC(134) Concurrent Clear Claimed Marks 0.092ms
[52.830s][info][gc,marking  ] GC(134) Concurrent Cleanup for Next Mark
[52.833s][info][gc,marking  ] GC(134) Concurrent Cleanup for Next Mark 3.276ms
[52.833s][info][gc          ] GC(134) Concurrent Mark Cycle 105.755ms
[53.255s][info][gc,start    ] GC(135) Pause Young (Normal) (G1 Evacuation Pause)
[53.255s][info][gc,task     ] GC(135) Using 2 workers of 2 for evacuation
[53.261s][info][gc,phases   ] GC(135)   Pre Evacuate Collection Set: 0.26ms
[53.262s][info][gc,phases   ] GC(135)   Merge Heap Roots: 0.11ms
[53.262s][info][gc,phases   ] GC(135)   Evacuate Collection Set: 5.21ms
[53.262s][info][gc,phases   ] GC(135)   Post Evacuate Collection Set: 0.52ms
[53.262s][info][gc,phases   ] GC(135)   Other: 0.10ms
[53.262s][info][gc,heap     ] GC(135) Eden regions: 193->0(193)
[53.262s][info][gc,heap     ] GC(135) Survivor regions: 3->3(25)
[53.262s][info][gc,heap     ] GC(135) Old regions: 56->56
[53.262s][info][gc,heap     ] GC(135) Humongous regions: 207->207
[53.262s][info][gc,metaspace] GC(135) Metaspace: 55480K(55744K)->55480K(55744K) NonClass: 47235K(47424K)->47235K(47424K) Class: 8244K(8320K)->8244K(8320K)
[53.262s][info][gc          ] GC(135) Pause Young (Normal) (G1 Evacuation Pause) 457M->265M(487M) 6.411ms
[53.262s][info][gc,cpu      ] GC(135) User=0.01s Sys=0.00s Real=0.00s
[53.738s][info][gc,start    ] GC(136) Pause Young (Concurrent Start) (G1 Evacuation Pause)
[53.738s][info][gc,task     ] GC(136) Using 2 workers of 2 for evacuation
[53.743s][info][gc,phases   ] GC(136)   Pre Evacuate Collection Set: 0.29ms
[53.743s][info][gc,phases   ] GC(136)   Merge Heap Roots: 0.08ms
[53.743s][info][gc,phases   ] GC(136)   Evacuate Collection Set: 3.36ms
[53.743s][info][gc,phases   ] GC(136)   Post Evacuate Collection Set: 0.50ms
[53.743s][info][gc,phases   ] GC(136)   Other: 0.10ms
[53.743s][info][gc,heap     ] GC(136) Eden regions: 193->0(195)
[53.743s][info][gc,heap     ] GC(136) Survivor regions: 3->2(25)
[53.743s][info][gc,heap     ] GC(136) Old regions: 56->56
[53.743s][info][gc,heap     ] GC(136) Humongous regions: 207->207
[53.743s][info][gc,metaspace] GC(136) Metaspace: 55480K(55744K)->55480K(55744K) NonClass: 47235K(47424K)->47235K(47424K) Class: 8244K(8320K)->8244K(8320K)
[53.743s][info][gc          ] GC(136) Pause Young (Concurrent Start) (G1 Evacuation Pause) 458M->263M(487M) 4.535ms
[53.743s][info][gc          ] GC(137) Concurrent Mark Cycle
[53.743s][info][gc,marking  ] GC(137) Concurrent Scan Root Regions
[53.743s][info][gc,cpu      ] GC(136) User=0.01s Sys=0.00s Real=0.01s
[53.746s][info][gc,marking  ] GC(137) Concurrent Scan Root Regions 2.974ms
[53.746s][info][gc,marking  ] GC(137) Concurrent Mark
[53.746s][info][gc,marking  ] GC(137) Concurrent Mark From Roots
[53.746s][info][gc,task     ] GC(137) Using 1 workers of 1 for marking
[53.787s][info][gc,marking  ] GC(137) Concurrent Mark From Roots 41.604ms
[53.787s][info][gc,marking  ] GC(137) Concurrent Preclean
[53.787s][info][gc,marking  ] GC(137) Concurrent Preclean 0.061ms
[53.788s][info][gc,start    ] GC(137) Pause Remark
[53.795s][info][gc          ] GC(137) Pause Remark 268M->268M(487M) 7.505ms
[53.795s][info][gc,cpu      ] GC(137) User=0.01s Sys=0.00s Real=0.01s
[53.796s][info][gc,marking  ] GC(137) Concurrent Mark 49.743ms
[53.796s][info][gc,marking  ] GC(137) Concurrent Rebuild Remembered Sets and Scrub Regions
[53.820s][info][gc,marking  ] GC(137) Concurrent Rebuild Remembered Sets and Scrub Regions 24.777ms
[53.820s][info][gc,start    ] GC(137) Pause Cleanup
[53.821s][info][gc          ] GC(137) Pause Cleanup 283M->283M(487M) 0.064ms
[53.821s][info][gc,cpu      ] GC(137) User=0.00s Sys=0.00s Real=0.00s
[53.821s][info][gc,marking  ] GC(137) Concurrent Clear Claimed Marks
[53.821s][info][gc,marking  ] GC(137) Concurrent Clear Claimed Marks 0.087ms
[53.821s][info][gc,marking  ] GC(137) Concurrent Cleanup for Next Mark
[53.822s][info][gc,marking  ] GC(137) Concurrent Cleanup for Next Mark 1.480ms
[53.822s][info][gc          ] GC(137) Concurrent Mark Cycle 79.480ms
[54.307s][info][gc,start    ] GC(138) Pause Young (Normal) (G1 Evacuation Pause)
[54.307s][info][gc,task     ] GC(138) Using 2 workers of 2 for evacuation
[54.311s][info][gc,phases   ] GC(138)   Pre Evacuate Collection Set: 0.25ms
[54.311s][info][gc,phases   ] GC(138)   Merge Heap Roots: 0.11ms
[54.311s][info][gc,phases   ] GC(138)   Evacuate Collection Set: 2.83ms
[54.311s][info][gc,phases   ] GC(138)   Post Evacuate Collection Set: 0.49ms
[54.311s][info][gc,phases   ] GC(138)   Other: 0.10ms
[54.311s][info][gc,heap     ] GC(138) Eden regions: 195->0(195)
[54.311s][info][gc,heap     ] GC(138) Survivor regions: 2->2(25)
[54.311s][info][gc,heap     ] GC(138) Old regions: 56->56
[54.311s][info][gc,heap     ] GC(138) Humongous regions: 207->207
[54.311s][info][gc,metaspace] GC(138) Metaspace: 55480K(55744K)->55480K(55744K) NonClass: 47235K(47424K)->47235K(47424K) Class: 8244K(8320K)->8244K(8320K)
[54.311s][info][gc          ] GC(138) Pause Young (Normal) (G1 Evacuation Pause) 458M->263M(487M) 4.026ms
[54.311s][info][gc,cpu      ] GC(138) User=0.00s Sys=0.00s Real=0.00s
[54.860s][info][gc,start    ] GC(139) Pause Young (Concurrent Start) (G1 Evacuation Pause)
[54.860s][info][gc,task     ] GC(139) Using 2 workers of 2 for evacuation
[54.863s][info][gc,phases   ] GC(139)   Pre Evacuate Collection Set: 0.29ms
[54.863s][info][gc,phases   ] GC(139)   Merge Heap Roots: 0.09ms
[54.863s][info][gc,phases   ] GC(139)   Evacuate Collection Set: 2.42ms
[54.863s][info][gc,phases   ] GC(139)   Post Evacuate Collection Set: 0.49ms
[54.863s][info][gc,phases   ] GC(139)   Other: 0.09ms
[54.863s][info][gc,heap     ] GC(139) Eden regions: 195->0(195)
[54.863s][info][gc,heap     ] GC(139) Survivor regions: 2->2(25)
[54.863s][info][gc,heap     ] GC(139) Old regions: 56->56
[54.863s][info][gc,heap     ] GC(139) Humongous regions: 207->207
[54.863s][info][gc,metaspace] GC(139) Metaspace: 55480K(55744K)->55480K(55744K) NonClass: 47235K(47424K)->47235K(47424K) Class: 8244K(8320K)->8244K(8320K)
[54.863s][info][gc          ] GC(139) Pause Young (Concurrent Start) (G1 Evacuation Pause) 458M->263M(487M) 3.546ms
[54.864s][info][gc,cpu      ] GC(139) User=0.01s Sys=0.00s Real=0.01s
[54.864s][info][gc          ] GC(140) Concurrent Mark Cycle
[54.864s][info][gc,marking  ] GC(140) Concurrent Scan Root Regions
[54.869s][info][gc,marking  ] GC(140) Concurrent Scan Root Regions 5.003ms
[54.869s][info][gc,marking  ] GC(140) Concurrent Mark
[54.869s][info][gc,marking  ] GC(140) Concurrent Mark From Roots
[54.869s][info][gc,task     ] GC(140) Using 1 workers of 1 for marking
[54.951s][info][gc,marking  ] GC(140) Concurrent Mark From Roots 82.723ms
[54.951s][info][gc,marking  ] GC(140) Concurrent Preclean
[54.951s][info][gc,marking  ] GC(140) Concurrent Preclean 0.087ms
[54.954s][info][gc,start    ] GC(140) Pause Remark
[54.962s][info][gc          ] GC(140) Pause Remark 307M->307M(487M) 7.702ms
[54.962s][info][gc,cpu      ] GC(140) User=0.01s Sys=0.00s Real=0.01s
[54.964s][info][gc,marking  ] GC(140) Concurrent Mark 95.827ms
[54.964s][info][gc,marking  ] GC(140) Concurrent Rebuild Remembered Sets and Scrub Regions
[54.990s][info][gc,marking  ] GC(140) Concurrent Rebuild Remembered Sets and Scrub Regions 25.979ms
[54.991s][info][gc,start    ] GC(140) Pause Cleanup
[54.991s][info][gc          ] GC(140) Pause Cleanup 321M->321M(487M) 0.094ms
[54.991s][info][gc,cpu      ] GC(140) User=0.00s Sys=0.00s Real=0.00s
[54.991s][info][gc,marking  ] GC(140) Concurrent Clear Claimed Marks
[54.991s][info][gc,marking  ] GC(140) Concurrent Clear Claimed Marks 0.094ms
[54.991s][info][gc,marking  ] GC(140) Concurrent Cleanup for Next Mark
[54.993s][info][gc,marking  ] GC(140) Concurrent Cleanup for Next Mark 1.870ms
[54.993s][info][gc          ] GC(140) Concurrent Mark Cycle 129.360ms
[55.320s][info][gc,start    ] GC(141) Pause Young (Normal) (G1 Evacuation Pause)
[55.320s][info][gc,task     ] GC(141) Using 2 workers of 2 for evacuation
[55.326s][info][gc,phases   ] GC(141)   Pre Evacuate Collection Set: 0.24ms
[55.326s][info][gc,phases   ] GC(141)   Merge Heap Roots: 0.11ms
[55.326s][info][gc,phases   ] GC(141)   Evacuate Collection Set: 4.41ms
[55.326s][info][gc,phases   ] GC(141)   Post Evacuate Collection Set: 0.51ms
[55.326s][info][gc,phases   ] GC(141)   Other: 0.09ms
[55.326s][info][gc,heap     ] GC(141) Eden regions: 195->0(193)
[55.326s][info][gc,heap     ] GC(141) Survivor regions: 2->3(25)
[55.326s][info][gc,heap     ] GC(141) Old regions: 56->56
[55.326s][info][gc,heap     ] GC(141) Humongous regions: 207->207
[55.326s][info][gc,metaspace] GC(141) Metaspace: 55480K(55744K)->55480K(55744K) NonClass: 47235K(47424K)->47235K(47424K) Class: 8244K(8320K)->8244K(8320K)
[55.326s][info][gc          ] GC(141) Pause Young (Normal) (G1 Evacuation Pause) 458M->264M(487M) 5.546ms
[55.326s][info][gc,cpu      ] GC(141) User=0.01s Sys=0.00s Real=0.01s
[56.025s][info][gc,start    ] GC(142) Pause Young (Concurrent Start) (G1 Evacuation Pause)
[56.025s][info][gc,task     ] GC(142) Using 2 workers of 2 for evacuation
[56.031s][info][gc,phases   ] GC(142)   Pre Evacuate Collection Set: 0.27ms
[56.031s][info][gc,phases   ] GC(142)   Merge Heap Roots: 0.09ms
[56.031s][info][gc,phases   ] GC(142)   Evacuate Collection Set: 4.49ms
[56.031s][info][gc,phases   ] GC(142)   Post Evacuate Collection Set: 0.49ms
[56.031s][info][gc,phases   ] GC(142)   Other: 0.13ms
[56.031s][info][gc,heap     ] GC(142) Eden regions: 193->0(193)
[56.031s][info][gc,heap     ] GC(142) Survivor regions: 3->3(25)
[56.031s][info][gc,heap     ] GC(142) Old regions: 56->56
[56.031s][info][gc,heap     ] GC(142) Humongous regions: 207->207
[56.031s][info][gc,metaspace] GC(142) Metaspace: 55480K(55744K)->55480K(55744K) NonClass: 47235K(47424K)->47235K(47424K) Class: 8244K(8320K)->8244K(8320K)
[56.031s][info][gc          ] GC(142) Pause Young (Concurrent Start) (G1 Evacuation Pause) 457M->265M(487M) 5.639ms
[56.031s][info][gc          ] GC(143) Concurrent Mark Cycle
[56.031s][info][gc,marking  ] GC(143) Concurrent Scan Root Regions
[56.031s][info][gc,cpu      ] GC(142) User=0.01s Sys=0.00s Real=0.00s
[56.039s][info][gc,marking  ] GC(143) Concurrent Scan Root Regions 7.801ms
[56.039s][info][gc,marking  ] GC(143) Concurrent Mark
[56.039s][info][gc,marking  ] GC(143) Concurrent Mark From Roots
[56.039s][info][gc,task     ] GC(143) Using 1 workers of 1 for marking
[56.091s][info][gc,marking  ] GC(143) Concurrent Mark From Roots 52.140ms
[56.091s][info][gc,marking  ] GC(143) Concurrent Preclean
[56.091s][info][gc,marking  ] GC(143) Concurrent Preclean 0.068ms
[56.091s][info][gc,start    ] GC(143) Pause Remark
[56.098s][info][gc          ] GC(143) Pause Remark 277M->277M(487M) 7.319ms
[56.098s][info][gc,cpu      ] GC(143) User=0.01s Sys=0.00s Real=0.01s
[56.099s][info][gc,marking  ] GC(143) Concurrent Mark 60.420ms
[56.099s][info][gc,marking  ] GC(143) Concurrent Rebuild Remembered Sets and Scrub Regions
[56.119s][info][gc,marking  ] GC(143) Concurrent Rebuild Remembered Sets and Scrub Regions 19.642ms
[56.119s][info][gc,start    ] GC(143) Pause Cleanup
[56.119s][info][gc          ] GC(143) Pause Cleanup 287M->287M(487M) 0.061ms
[56.119s][info][gc,cpu      ] GC(143) User=0.00s Sys=0.00s Real=0.00s
[56.119s][info][gc,marking  ] GC(143) Concurrent Clear Claimed Marks
[56.119s][info][gc,marking  ] GC(143) Concurrent Clear Claimed Marks 0.084ms
[56.119s][info][gc,marking  ] GC(143) Concurrent Cleanup for Next Mark
[56.120s][info][gc,marking  ] GC(143) Concurrent Cleanup for Next Mark 1.439ms
[56.121s][info][gc          ] GC(143) Concurrent Mark Cycle 89.782ms
[56.540s][info][gc,start    ] GC(144) Pause Young (Prepare Mixed) (G1 Evacuation Pause)
[56.540s][info][gc,task     ] GC(144) Using 2 workers of 2 for evacuation
[56.550s][info][gc,phases   ] GC(144)   Pre Evacuate Collection Set: 0.30ms
[56.550s][info][gc,phases   ] GC(144)   Merge Heap Roots: 0.14ms
[56.550s][info][gc,phases   ] GC(144)   Evacuate Collection Set: 9.04ms
[56.550s][info][gc,phases   ] GC(144)   Post Evacuate Collection Set: 0.51ms
[56.550s][info][gc,phases   ] GC(144)   Other: 0.09ms
[56.550s][info][gc,heap     ] GC(144) Eden regions: 193->0(195)
[56.550s][info][gc,heap     ] GC(144) Survivor regions: 3->2(25)
[56.550s][info][gc,heap     ] GC(144) Old regions: 56->56
[56.550s][info][gc,heap     ] GC(144) Humongous regions: 207->207
[56.550s][info][gc,metaspace] GC(144) Metaspace: 55480K(55744K)->55480K(55744K) NonClass: 47235K(47424K)->47235K(47424K) Class: 8244K(8320K)->8244K(8320K)
[56.550s][info][gc          ] GC(144) Pause Young (Prepare Mixed) (G1 Evacuation Pause) 458M->264M(487M) 10.272ms
[56.550s][info][gc,cpu      ] GC(144) User=0.02s Sys=0.00s Real=0.01s
[57.051s][info][gc,start    ] GC(145) Pause Young (Mixed) (G1 Evacuation Pause)
[57.051s][info][gc,task     ] GC(145) Using 2 workers of 2 for evacuation
[57.056s][info][gc,phases   ] GC(145)   Pre Evacuate Collection Set: 0.28ms
[57.056s][info][gc,phases   ] GC(145)   Merge Heap Roots: 0.09ms
[57.056s][info][gc,phases   ] GC(145)   Evacuate Collection Set: 3.84ms
[57.056s][info][gc,phases   ] GC(145)   Post Evacuate Collection Set: 0.60ms
[57.056s][info][gc,phases   ] GC(145)   Other: 0.11ms
[57.056s][info][gc,heap     ] GC(145) Eden regions: 195->0(197)
[57.056s][info][gc,heap     ] GC(145) Survivor regions: 2->1(25)
[57.056s][info][gc,heap     ] GC(145) Old regions: 56->56
[57.056s][info][gc,heap     ] GC(145) Humongous regions: 207->207
[57.056s][info][gc,metaspace] GC(145) Metaspace: 55480K(55744K)->55480K(55744K) NonClass: 47235K(47424K)->47235K(47424K) Class: 8244K(8320K)->8244K(8320K)
[57.056s][info][gc          ] GC(145) Pause Young (Mixed) (G1 Evacuation Pause) 459M->262M(487M) 5.109ms
[57.056s][info][gc,cpu      ] GC(145) User=0.01s Sys=0.00s Real=0.01s
[57.602s][info][gc,start    ] GC(146) Pause Young (Concurrent Start) (G1 Evacuation Pause)
[57.602s][info][gc,task     ] GC(146) Using 2 workers of 2 for evacuation
[57.606s][info][gc,phases   ] GC(146)   Pre Evacuate Collection Set: 0.30ms
[57.606s][info][gc,phases   ] GC(146)   Merge Heap Roots: 0.10ms
[57.606s][info][gc,phases   ] GC(146)   Evacuate Collection Set: 3.17ms
[57.606s][info][gc,phases   ] GC(146)   Post Evacuate Collection Set: 0.50ms
[57.606s][info][gc,phases   ] GC(146)   Other: 0.10ms
[57.606s][info][gc,heap     ] GC(146) Eden regions: 197->0(195)
[57.606s][info][gc,heap     ] GC(146) Survivor regions: 1->2(25)
[57.606s][info][gc,heap     ] GC(146) Old regions: 56->56
[57.606s][info][gc,heap     ] GC(146) Humongous regions: 207->207
[57.606s][info][gc,metaspace] GC(146) Metaspace: 55480K(55744K)->55480K(55744K) NonClass: 47235K(47424K)->47235K(47424K) Class: 8244K(8320K)->8244K(8320K)
[57.606s][info][gc          ] GC(146) Pause Young (Concurrent Start) (G1 Evacuation Pause) 459M->264M(487M) 4.403ms
[57.606s][info][gc,cpu      ] GC(146) User=0.01s Sys=0.00s Real=0.01s
[57.606s][info][gc          ] GC(147) Concurrent Mark Cycle
[57.606s][info][gc,marking  ] GC(147) Concurrent Scan Root Regions
[57.609s][info][gc,marking  ] GC(147) Concurrent Scan Root Regions 2.155ms
[57.609s][info][gc,marking  ] GC(147) Concurrent Mark
[57.609s][info][gc,marking  ] GC(147) Concurrent Mark From Roots
[57.609s][info][gc,task     ] GC(147) Using 1 workers of 1 for marking
[57.683s][info][gc,marking  ] GC(147) Concurrent Mark From Roots 74.544ms
[57.683s][info][gc,marking  ] GC(147) Concurrent Preclean
[57.683s][info][gc,marking  ] GC(147) Concurrent Preclean 0.066ms
[57.683s][info][gc,start    ] GC(147) Pause Remark
[57.691s][info][gc          ] GC(147) Pause Remark 295M->295M(487M) 7.276ms
[57.691s][info][gc,cpu      ] GC(147) User=0.01s Sys=0.00s Real=0.00s
[57.691s][info][gc,marking  ] GC(147) Concurrent Mark 82.190ms
[57.692s][info][gc,marking  ] GC(147) Concurrent Rebuild Remembered Sets and Scrub Regions
[57.715s][info][gc,marking  ] GC(147) Concurrent Rebuild Remembered Sets and Scrub Regions 23.021ms
[57.715s][info][gc,start    ] GC(147) Pause Cleanup
[57.715s][info][gc          ] GC(147) Pause Cleanup 308M->308M(487M) 0.063ms
[57.715s][info][gc,cpu      ] GC(147) User=0.00s Sys=0.00s Real=0.00s
[57.715s][info][gc,marking  ] GC(147) Concurrent Clear Claimed Marks
[57.715s][info][gc,marking  ] GC(147) Concurrent Clear Claimed Marks 0.084ms
[57.715s][info][gc,marking  ] GC(147) Concurrent Cleanup for Next Mark
[57.717s][info][gc,marking  ] GC(147) Concurrent Cleanup for Next Mark 1.424ms
[57.717s][info][gc          ] GC(147) Concurrent Mark Cycle 110.308ms
[58.111s][info][gc,start    ] GC(148) Pause Young (Normal) (G1 Evacuation Pause)
[58.111s][info][gc,task     ] GC(148) Using 2 workers of 2 for evacuation
[58.120s][info][gc,phases   ] GC(148)   Pre Evacuate Collection Set: 0.24ms
[58.120s][info][gc,phases   ] GC(148)   Merge Heap Roots: 0.10ms
[58.120s][info][gc,phases   ] GC(148)   Evacuate Collection Set: 7.92ms
[58.120s][info][gc,phases   ] GC(148)   Post Evacuate Collection Set: 0.67ms
[58.120s][info][gc,phases   ] GC(148)   Other: 0.10ms
[58.120s][info][gc,heap     ] GC(148) Eden regions: 195->0(193)
[58.120s][info][gc,heap     ] GC(148) Survivor regions: 2->3(25)
[58.120s][info][gc,heap     ] GC(148) Old regions: 56->56
[58.120s][info][gc,heap     ] GC(148) Humongous regions: 207->207
[58.120s][info][gc,metaspace] GC(148) Metaspace: 55480K(55744K)->55480K(55744K) NonClass: 47235K(47424K)->47235K(47424K) Class: 8244K(8320K)->8244K(8320K)
[58.120s][info][gc          ] GC(148) Pause Young (Normal) (G1 Evacuation Pause) 459M->264M(487M) 9.224ms
[58.120s][info][gc,cpu      ] GC(148) User=0.01s Sys=0.00s Real=0.01s
[58.653s][info][gc,start    ] GC(149) Pause Young (Concurrent Start) (G1 Evacuation Pause)
[58.653s][info][gc,task     ] GC(149) Using 2 workers of 2 for evacuation
[58.664s][info][gc,phases   ] GC(149)   Pre Evacuate Collection Set: 0.27ms
[58.664s][info][gc,phases   ] GC(149)   Merge Heap Roots: 0.09ms
[58.664s][info][gc,phases   ] GC(149)   Evacuate Collection Set: 9.78ms
[58.664s][info][gc,phases   ] GC(149)   Post Evacuate Collection Set: 0.64ms
[58.664s][info][gc,phases   ] GC(149)   Other: 0.17ms
[58.664s][info][gc,heap     ] GC(149) Eden regions: 193->0(193)
[58.665s][info][gc,heap     ] GC(149) Survivor regions: 3->3(25)
[58.665s][info][gc,heap     ] GC(149) Old regions: 56->56
[58.665s][info][gc,heap     ] GC(149) Humongous regions: 207->207
[58.665s][info][gc,metaspace] GC(149) Metaspace: 55480K(55744K)->55480K(55744K) NonClass: 47235K(47424K)->47235K(47424K) Class: 8244K(8320K)->8244K(8320K)
[58.665s][info][gc          ] GC(149) Pause Young (Concurrent Start) (G1 Evacuation Pause) 457M->265M(487M) 11.196ms
[58.665s][info][gc,cpu      ] GC(149) User=0.01s Sys=0.00s Real=0.01s
[58.665s][info][gc          ] GC(150) Concurrent Mark Cycle
[58.665s][info][gc,marking  ] GC(150) Concurrent Scan Root Regions
[58.671s][info][gc,marking  ] GC(150) Concurrent Scan Root Regions 6.060ms
[58.671s][info][gc,marking  ] GC(150) Concurrent Mark
[58.671s][info][gc,marking  ] GC(150) Concurrent Mark From Roots
[58.671s][info][gc,task     ] GC(150) Using 1 workers of 1 for marking
[58.733s][info][gc,marking  ] GC(150) Concurrent Mark From Roots 62.081ms
[58.733s][info][gc,marking  ] GC(150) Concurrent Preclean
[58.733s][info][gc,marking  ] GC(150) Concurrent Preclean 0.066ms
[58.734s][info][gc,start    ] GC(150) Pause Remark
[58.741s][info][gc          ] GC(150) Pause Remark 295M->295M(487M) 7.379ms
[58.741s][info][gc,cpu      ] GC(150) User=0.02s Sys=0.00s Real=0.00s
[58.741s][info][gc,marking  ] GC(150) Concurrent Mark 70.120ms
[58.741s][info][gc,marking  ] GC(150) Concurrent Rebuild Remembered Sets and Scrub Regions
[58.773s][info][gc,marking  ] GC(150) Concurrent Rebuild Remembered Sets and Scrub Regions 31.829ms
[58.773s][info][gc,start    ] GC(150) Pause Cleanup
[58.773s][info][gc          ] GC(150) Pause Cleanup 314M->314M(487M) 0.087ms
[58.773s][info][gc,cpu      ] GC(150) User=0.00s Sys=0.00s Real=0.00s
[58.773s][info][gc,marking  ] GC(150) Concurrent Clear Claimed Marks
[58.774s][info][gc,marking  ] GC(150) Concurrent Clear Claimed Marks 0.093ms
[58.774s][info][gc,marking  ] GC(150) Concurrent Cleanup for Next Mark
[58.777s][info][gc,marking  ] GC(150) Concurrent Cleanup for Next Mark 3.576ms
[58.777s][info][gc          ] GC(150) Concurrent Mark Cycle 112.167ms
[59.122s][info][gc,start    ] GC(151) Pause Young (Normal) (G1 Evacuation Pause)
[59.122s][info][gc,task     ] GC(151) Using 2 workers of 2 for evacuation
[59.130s][info][gc,phases   ] GC(151)   Pre Evacuate Collection Set: 0.28ms
[59.130s][info][gc,phases   ] GC(151)   Merge Heap Roots: 0.13ms
[59.130s][info][gc,phases   ] GC(151)   Evacuate Collection Set: 6.80ms
[59.130s][info][gc,phases   ] GC(151)   Post Evacuate Collection Set: 0.70ms
[59.130s][info][gc,phases   ] GC(151)   Other: 0.09ms
[59.130s][info][gc,heap     ] GC(151) Eden regions: 193->0(191)
[59.130s][info][gc,heap     ] GC(151) Survivor regions: 3->4(25)
[59.130s][info][gc,heap     ] GC(151) Old regions: 56->56
[59.130s][info][gc,heap     ] GC(151) Humongous regions: 207->207
[59.130s][info][gc,metaspace] GC(151) Metaspace: 55480K(55744K)->55480K(55744K) NonClass: 47235K(47424K)->47235K(47424K) Class: 8244K(8320K)->8244K(8320K)
[59.130s][info][gc          ] GC(151) Pause Young (Normal) (G1 Evacuation Pause) 458M->266M(487M) 8.249ms
[59.130s][info][gc,cpu      ] GC(151) User=0.01s Sys=0.00s Real=0.00s
[59.603s][info][gc,start    ] GC(152) Pause Young (Concurrent Start) (G1 Humongous Allocation)
[59.603s][info][gc,task     ] GC(152) Using 2 workers of 2 for evacuation
[59.606s][info][gc,phases   ] GC(152)   Pre Evacuate Collection Set: 0.30ms
[59.606s][info][gc,phases   ] GC(152)   Merge Heap Roots: 0.08ms
[59.606s][info][gc,phases   ] GC(152)   Evacuate Collection Set: 2.00ms
[59.606s][info][gc,phases   ] GC(152)   Post Evacuate Collection Set: 0.47ms
[59.606s][info][gc,phases   ] GC(152)   Other: 0.11ms
[59.606s][info][gc,heap     ] GC(152) Eden regions: 162->0(197)
[59.606s][info][gc,heap     ] GC(152) Survivor regions: 4->1(25)
[59.606s][info][gc,heap     ] GC(152) Old regions: 56->56
[59.606s][info][gc,heap     ] GC(152) Humongous regions: 207->207
[59.606s][info][gc,metaspace] GC(152) Metaspace: 55613K(56000K)->55613K(56000K) NonClass: 47333K(47616K)->47333K(47616K) Class: 8279K(8384K)->8279K(8384K)
[59.606s][info][gc          ] GC(152) Pause Young (Concurrent Start) (G1 Humongous Allocation) 428M->262M(487M) 3.157ms
[59.606s][info][gc          ] GC(153) Concurrent Mark Cycle
[59.606s][info][gc,marking  ] GC(153) Concurrent Scan Root Regions
[59.607s][info][gc,cpu      ] GC(152) User=0.01s Sys=0.00s Real=0.00s
[59.611s][info][gc,marking  ] GC(153) Concurrent Scan Root Regions 4.973ms
[59.611s][info][gc,marking  ] GC(153) Concurrent Mark
[59.611s][info][gc,marking  ] GC(153) Concurrent Mark From Roots
[59.611s][info][gc,task     ] GC(153) Using 1 workers of 1 for marking
[59.685s][info][gc,marking  ] GC(153) Concurrent Mark From Roots 73.840ms
[59.685s][info][gc,marking  ] GC(153) Concurrent Preclean
[59.685s][info][gc,marking  ] GC(153) Concurrent Preclean 0.079ms
[59.687s][info][gc,start    ] GC(153) Pause Remark
[59.695s][info][gc          ] GC(153) Pause Remark 302M->302M(505M) 7.579ms
[59.695s][info][gc,cpu      ] GC(153) User=0.02s Sys=0.00s Real=0.01s
[59.695s][info][gc,marking  ] GC(153) Concurrent Mark 83.547ms
[59.695s][info][gc,marking  ] GC(153) Concurrent Rebuild Remembered Sets and Scrub Regions
[59.730s][info][gc,marking  ] GC(153) Concurrent Rebuild Remembered Sets and Scrub Regions 35.593ms
[59.731s][info][gc,start    ] GC(153) Pause Cleanup
[59.731s][info][gc          ] GC(153) Pause Cleanup 302M->302M(505M) 0.123ms
[59.731s][info][gc,cpu      ] GC(153) User=0.00s Sys=0.00s Real=0.00s
[59.731s][info][gc,marking  ] GC(153) Concurrent Clear Claimed Marks
[59.731s][info][gc,marking  ] GC(153) Concurrent Clear Claimed Marks 0.100ms
[59.731s][info][gc,marking  ] GC(153) Concurrent Cleanup for Next Mark
[59.734s][info][gc,marking  ] GC(153) Concurrent Cleanup for Next Mark 2.998ms
[59.734s][info][gc          ] GC(153) Concurrent Mark Cycle 127.779ms
[63.220s][info][gc,start    ] GC(154) Pause Young (Prepare Mixed) (G1 Evacuation Pause)
[63.220s][info][gc,task     ] GC(154) Using 2 workers of 2 for evacuation
[63.245s][info][gc,phases   ] GC(154)   Pre Evacuate Collection Set: 0.30ms
[63.246s][info][gc,phases   ] GC(154)   Merge Heap Roots: 0.32ms
[63.246s][info][gc,phases   ] GC(154)   Evacuate Collection Set: 24.45ms
[63.246s][info][gc,phases   ] GC(154)   Post Evacuate Collection Set: 0.64ms
[63.246s][info][gc,phases   ] GC(154)   Other: 0.09ms
[63.246s][info][gc,heap     ] GC(154) Eden regions: 85->0(193)
[63.246s][info][gc,heap     ] GC(154) Survivor regions: 1->22(25)
[63.246s][info][gc,heap     ] GC(154) Old regions: 56->56
[63.246s][info][gc,heap     ] GC(154) Humongous regions: 363->207
[63.246s][info][gc,metaspace] GC(154) Metaspace: 56053K(56384K)->56053K(56384K) NonClass: 47767K(48000K)->47767K(48000K) Class: 8285K(8384K)->8285K(8384K)
[63.246s][info][gc          ] GC(154) Pause Young (Prepare Mixed) (G1 Evacuation Pause) 503M->284M(527M) 25.997ms
[63.246s][info][gc,cpu      ] GC(154) User=0.04s Sys=0.01s Real=0.03s
[63.770s][info][gc,start    ] GC(155) Pause Young (Mixed) (G1 Evacuation Pause)
[63.770s][info][gc,task     ] GC(155) Using 2 workers of 2 for evacuation
[63.783s][info][gc,phases   ] GC(155)   Pre Evacuate Collection Set: 0.28ms
[63.783s][info][gc,phases   ] GC(155)   Merge Heap Roots: 0.11ms
[63.783s][info][gc,phases   ] GC(155)   Evacuate Collection Set: 12.06ms
[63.783s][info][gc,phases   ] GC(155)   Post Evacuate Collection Set: 0.61ms
[63.783s][info][gc,phases   ] GC(155)   Other: 0.11ms
[63.783s][info][gc,heap     ] GC(155) Eden regions: 193->0(201)
[63.783s][info][gc,heap     ] GC(155) Survivor regions: 22->10(27)
[63.783s][info][gc,heap     ] GC(155) Old regions: 56->72
[63.783s][info][gc,heap     ] GC(155) Humongous regions: 207->207
[63.783s][info][gc,metaspace] GC(155) Metaspace: 56053K(56384K)->56053K(56384K) NonClass: 47767K(48000K)->47767K(48000K) Class: 8285K(8384K)->8285K(8384K)
[63.783s][info][gc          ] GC(155) Pause Young (Mixed) (G1 Evacuation Pause) 477M->288M(527M) 13.376ms
[63.783s][info][gc,cpu      ] GC(155) User=0.03s Sys=0.00s Real=0.02s
[64.264s][info][gc,start    ] GC(156) Pause Young (Concurrent Start) (G1 Evacuation Pause)
[64.264s][info][gc,task     ] GC(156) Using 2 workers of 2 for evacuation
[64.269s][info][gc,phases   ] GC(156)   Pre Evacuate Collection Set: 0.28ms
[64.269s][info][gc,phases   ] GC(156)   Merge Heap Roots: 0.09ms
[64.269s][info][gc,phases   ] GC(156)   Evacuate Collection Set: 3.80ms
[64.269s][info][gc,phases   ] GC(156)   Post Evacuate Collection Set: 0.54ms
[64.269s][info][gc,phases   ] GC(156)   Other: 0.13ms
[64.269s][info][gc,heap     ] GC(156) Eden regions: 201->0(203)
[64.269s][info][gc,heap     ] GC(156) Survivor regions: 10->9(27)
[64.269s][info][gc,heap     ] GC(156) Old regions: 72->72
[64.269s][info][gc,heap     ] GC(156) Humongous regions: 207->207
[64.269s][info][gc,metaspace] GC(156) Metaspace: 56053K(56384K)->56053K(56384K) NonClass: 47767K(48000K)->47767K(48000K) Class: 8285K(8384K)->8285K(8384K)
[64.269s][info][gc          ] GC(156) Pause Young (Concurrent Start) (G1 Evacuation Pause) 489M->287M(527M) 5.048ms
[64.269s][info][gc          ] GC(157) Concurrent Mark Cycle
[64.269s][info][gc,marking  ] GC(157) Concurrent Scan Root Regions
[64.269s][info][gc,cpu      ] GC(156) User=0.00s Sys=0.00s Real=0.00s
[64.271s][info][gc,marking  ] GC(157) Concurrent Scan Root Regions 1.848ms
[64.271s][info][gc,marking  ] GC(157) Concurrent Mark
[64.271s][info][gc,marking  ] GC(157) Concurrent Mark From Roots
[64.271s][info][gc,task     ] GC(157) Using 1 workers of 1 for marking
[64.363s][info][gc,marking  ] GC(157) Concurrent Mark From Roots 91.877ms
[64.363s][info][gc,marking  ] GC(157) Concurrent Preclean
[64.363s][info][gc,marking  ] GC(157) Concurrent Preclean 0.080ms
[64.364s][info][gc,start    ] GC(157) Pause Remark
[64.373s][info][gc          ] GC(157) Pause Remark 323M->314M(527M) 9.219ms
[64.373s][info][gc,cpu      ] GC(157) User=0.02s Sys=0.00s Real=0.01s
[64.379s][info][gc,marking  ] GC(157) Concurrent Mark 108.358ms
[64.379s][info][gc,marking  ] GC(157) Concurrent Rebuild Remembered Sets and Scrub Regions
[64.414s][info][gc,marking  ] GC(157) Concurrent Rebuild Remembered Sets and Scrub Regions 34.504ms
[64.414s][info][gc,start    ] GC(157) Pause Cleanup
[64.414s][info][gc          ] GC(157) Pause Cleanup 330M->330M(527M) 0.075ms
[64.414s][info][gc,cpu      ] GC(157) User=0.00s Sys=0.00s Real=0.00s
[64.416s][info][gc,marking  ] GC(157) Concurrent Clear Claimed Marks
[64.416s][info][gc,marking  ] GC(157) Concurrent Clear Claimed Marks 0.111ms
[64.416s][info][gc,marking  ] GC(157) Concurrent Cleanup for Next Mark
[64.420s][info][gc,marking  ] GC(157) Concurrent Cleanup for Next Mark 3.845ms
[64.420s][info][gc          ] GC(157) Concurrent Mark Cycle 150.990ms
[64.823s][info][gc,start    ] GC(158) Pause Young (Prepare Mixed) (G1 Evacuation Pause)
[64.823s][info][gc,task     ] GC(158) Using 2 workers of 2 for evacuation
[64.832s][info][gc,phases   ] GC(158)   Pre Evacuate Collection Set: 0.39ms
[64.832s][info][gc,phases   ] GC(158)   Merge Heap Roots: 0.12ms
[64.832s][info][gc,phases   ] GC(158)   Evacuate Collection Set: 7.51ms
[64.832s][info][gc,phases   ] GC(158)   Post Evacuate Collection Set: 0.92ms
[64.832s][info][gc,phases   ] GC(158)   Other: 0.16ms
[64.832s][info][gc,heap     ] GC(158) Eden regions: 203->0(213)
[64.832s][info][gc,heap     ] GC(158) Survivor regions: 9->8(27)
[64.832s][info][gc,heap     ] GC(158) Old regions: 63->63
[64.832s][info][gc,heap     ] GC(158) Humongous regions: 207->207
[64.832s][info][gc,metaspace] GC(158) Metaspace: 56053K(56384K)->56053K(56384K) NonClass: 47767K(48000K)->47767K(48000K) Class: 8285K(8384K)->8285K(8384K)
[64.832s][info][gc          ] GC(158) Pause Young (Prepare Mixed) (G1 Evacuation Pause) 481M->277M(527M) 9.337ms
[64.832s][info][gc,cpu      ] GC(158) User=0.01s Sys=0.00s Real=0.01s
[65.397s][info][gc,start    ] GC(159) Pause Young (Mixed) (G1 Evacuation Pause)
[65.397s][info][gc,task     ] GC(159) Using 2 workers of 2 for evacuation
[65.404s][info][gc,phases   ] GC(159)   Pre Evacuate Collection Set: 0.32ms
[65.404s][info][gc,phases   ] GC(159)   Merge Heap Roots: 0.09ms
[65.404s][info][gc,phases   ] GC(159)   Evacuate Collection Set: 5.80ms
[65.404s][info][gc,phases   ] GC(159)   Post Evacuate Collection Set: 0.78ms
[65.404s][info][gc,phases   ] GC(159)   Other: 0.11ms
[65.404s][info][gc,heap     ] GC(159) Eden regions: 213->0(218)
[65.404s][info][gc,heap     ] GC(159) Survivor regions: 8->8(28)
[65.404s][info][gc,heap     ] GC(159) Old regions: 63->58
[65.404s][info][gc,heap     ] GC(159) Humongous regions: 207->207
[65.404s][info][gc,metaspace] GC(159) Metaspace: 56054K(56384K)->56054K(56384K) NonClass: 47768K(48000K)->47768K(48000K) Class: 8285K(8384K)->8285K(8384K)
[65.404s][info][gc          ] GC(159) Pause Young (Mixed) (G1 Evacuation Pause) 490M->272M(527M) 7.288ms
[65.404s][info][gc,cpu      ] GC(159) User=0.01s Sys=0.00s Real=0.01s
[65.945s][info][gc,start    ] GC(160) Pause Young (Normal) (G1 Evacuation Pause)
[65.946s][info][gc,task     ] GC(160) Using 2 workers of 2 for evacuation
[65.954s][info][gc,phases   ] GC(160)   Pre Evacuate Collection Set: 0.32ms
[65.954s][info][gc,phases   ] GC(160)   Merge Heap Roots: 0.09ms
[65.954s][info][gc,phases   ] GC(160)   Evacuate Collection Set: 6.88ms
[65.954s][info][gc,phases   ] GC(160)   Post Evacuate Collection Set: 0.67ms
[65.954s][info][gc,phases   ] GC(160)   Other: 0.09ms
[65.954s][info][gc,heap     ] GC(160) Eden regions: 218->0(217)
[65.954s][info][gc,heap     ] GC(160) Survivor regions: 8->9(29)
[65.954s][info][gc,heap     ] GC(160) Old regions: 58->58
[65.954s][info][gc,heap     ] GC(160) Humongous regions: 207->207
[65.954s][info][gc,metaspace] GC(160) Metaspace: 56054K(56384K)->56054K(56384K) NonClass: 47768K(48000K)->47768K(48000K) Class: 8285K(8384K)->8285K(8384K)
[65.954s][info][gc          ] GC(160) Pause Young (Normal) (G1 Evacuation Pause) 490M->273M(527M) 8.226ms
[65.954s][info][gc,cpu      ] GC(160) User=0.01s Sys=0.00s Real=0.01s
[66.537s][info][gc,start    ] GC(161) Pause Young (Normal) (G1 Evacuation Pause)
[66.537s][info][gc,task     ] GC(161) Using 2 workers of 2 for evacuation
[66.545s][info][gc,phases   ] GC(161)   Pre Evacuate Collection Set: 0.35ms
[66.545s][info][gc,phases   ] GC(161)   Merge Heap Roots: 0.12ms
[66.545s][info][gc,phases   ] GC(161)   Evacuate Collection Set: 6.96ms
[66.545s][info][gc,phases   ] GC(161)   Post Evacuate Collection Set: 0.53ms
[66.545s][info][gc,phases   ] GC(161)   Other: 0.11ms
[66.545s][info][gc,heap     ] GC(161) Eden regions: 217->0(217)
[66.545s][info][gc,heap     ] GC(161) Survivor regions: 9->9(29)
[66.545s][info][gc,heap     ] GC(161) Old regions: 58->58
[66.545s][info][gc,heap     ] GC(161) Humongous regions: 207->207
[66.545s][info][gc,metaspace] GC(161) Metaspace: 56054K(56384K)->56054K(56384K) NonClass: 47768K(48000K)->47768K(48000K) Class: 8285K(8384K)->8285K(8384K)
[66.545s][info][gc          ] GC(161) Pause Young (Normal) (G1 Evacuation Pause) 490M->273M(527M) 8.274ms
[66.545s][info][gc,cpu      ] GC(161) User=0.02s Sys=0.00s Real=0.01s
[67.123s][info][gc,start    ] GC(162) Pause Young (Normal) (G1 Evacuation Pause)
[67.123s][info][gc,task     ] GC(162) Using 2 workers of 2 for evacuation
[67.130s][info][gc,phases   ] GC(162)   Pre Evacuate Collection Set: 0.28ms
[67.130s][info][gc,phases   ] GC(162)   Merge Heap Roots: 0.08ms
[67.130s][info][gc,phases   ] GC(162)   Evacuate Collection Set: 5.59ms
[67.130s][info][gc,phases   ] GC(162)   Post Evacuate Collection Set: 0.56ms
[67.130s][info][gc,phases   ] GC(162)   Other: 0.11ms
[67.130s][info][gc,heap     ] GC(162) Eden regions: 217->0(213)
[67.130s][info][gc,heap     ] GC(162) Survivor regions: 9->11(29)
[67.130s][info][gc,heap     ] GC(162) Old regions: 58->58
[67.130s][info][gc,heap     ] GC(162) Humongous regions: 207->207
[67.130s][info][gc,metaspace] GC(162) Metaspace: 56054K(56384K)->56054K(56384K) NonClass: 47768K(48000K)->47768K(48000K) Class: 8285K(8384K)->8285K(8384K)
[67.130s][info][gc          ] GC(162) Pause Young (Normal) (G1 Evacuation Pause) 490M->275M(527M) 6.824ms
[67.130s][info][gc,cpu      ] GC(162) User=0.01s Sys=0.00s Real=0.00s
[67.693s][info][gc,start    ] GC(163) Pause Young (Concurrent Start) (G1 Evacuation Pause)
[67.693s][info][gc,task     ] GC(163) Using 2 workers of 2 for evacuation
[67.697s][info][gc,phases   ] GC(163)   Pre Evacuate Collection Set: 0.26ms
[67.697s][info][gc,phases   ] GC(163)   Merge Heap Roots: 0.09ms
[67.697s][info][gc,phases   ] GC(163)   Evacuate Collection Set: 2.96ms
[67.697s][info][gc,phases   ] GC(163)   Post Evacuate Collection Set: 0.53ms
[67.697s][info][gc,phases   ] GC(163)   Other: 0.09ms
[67.697s][info][gc,heap     ] GC(163) Eden regions: 213->0(219)
[67.697s][info][gc,heap     ] GC(163) Survivor regions: 11->8(28)
[67.697s][info][gc,heap     ] GC(163) Old regions: 58->58
[67.697s][info][gc,heap     ] GC(163) Humongous regions: 207->207
[67.697s][info][gc,metaspace] GC(163) Metaspace: 56054K(56384K)->56054K(56384K) NonClass: 47768K(48000K)->47768K(48000K) Class: 8285K(8384K)->8285K(8384K)
[67.697s][info][gc          ] GC(163) Pause Young (Concurrent Start) (G1 Evacuation Pause) 488M->272M(527M) 4.102ms
[67.697s][info][gc          ] GC(164) Concurrent Mark Cycle
[67.697s][info][gc,marking  ] GC(164) Concurrent Scan Root Regions
[67.697s][info][gc,cpu      ] GC(163) User=0.01s Sys=0.00s Real=0.00s
[67.700s][info][gc,marking  ] GC(164) Concurrent Scan Root Regions 3.096ms
[67.700s][info][gc,marking  ] GC(164) Concurrent Mark
[67.700s][info][gc,marking  ] GC(164) Concurrent Mark From Roots
[67.701s][info][gc,task     ] GC(164) Using 1 workers of 1 for marking
[67.768s][info][gc,marking  ] GC(164) Concurrent Mark From Roots 67.916ms
[67.768s][info][gc,marking  ] GC(164) Concurrent Preclean
[67.769s][info][gc,marking  ] GC(164) Concurrent Preclean 0.634ms
[67.769s][info][gc,start    ] GC(164) Pause Remark
[67.779s][info][gc          ] GC(164) Pause Remark 309M->309M(527M) 9.548ms
[67.779s][info][gc,cpu      ] GC(164) User=0.02s Sys=0.00s Real=0.01s
[67.779s][info][gc,marking  ] GC(164) Concurrent Mark 78.458ms
[67.779s][info][gc,marking  ] GC(164) Concurrent Rebuild Remembered Sets and Scrub Regions
[67.802s][info][gc,marking  ] GC(164) Concurrent Rebuild Remembered Sets and Scrub Regions 22.644ms
[67.802s][info][gc,start    ] GC(164) Pause Cleanup
[67.802s][info][gc          ] GC(164) Pause Cleanup 315M->315M(527M) 0.061ms
[67.802s][info][gc,cpu      ] GC(164) User=0.00s Sys=0.00s Real=0.00s
[67.802s][info][gc,marking  ] GC(164) Concurrent Clear Claimed Marks
[67.802s][info][gc,marking  ] GC(164) Concurrent Clear Claimed Marks 0.095ms
[67.802s][info][gc,marking  ] GC(164) Concurrent Cleanup for Next Mark
[67.808s][info][gc,marking  ] GC(164) Concurrent Cleanup for Next Mark 6.039ms
[67.808s][info][gc          ] GC(164) Concurrent Mark Cycle 111.094ms
[68.338s][info][gc,start    ] GC(165) Pause Young (Prepare Mixed) (G1 Evacuation Pause)
[68.338s][info][gc,task     ] GC(165) Using 2 workers of 2 for evacuation
[68.344s][info][gc,phases   ] GC(165)   Pre Evacuate Collection Set: 0.26ms
[68.344s][info][gc,phases   ] GC(165)   Merge Heap Roots: 0.11ms
[68.344s][info][gc,phases   ] GC(165)   Evacuate Collection Set: 4.69ms
[68.344s][info][gc,phases   ] GC(165)   Post Evacuate Collection Set: 0.52ms
[68.344s][info][gc,phases   ] GC(165)   Other: 0.08ms
[68.344s][info][gc,heap     ] GC(165) Eden regions: 219->0(217)
[68.344s][info][gc,heap     ] GC(165) Survivor regions: 8->9(29)
[68.344s][info][gc,heap     ] GC(165) Old regions: 58->58
[68.344s][info][gc,heap     ] GC(165) Humongous regions: 207->207
[68.344s][info][gc,metaspace] GC(165) Metaspace: 56055K(56384K)->56055K(56384K) NonClass: 47769K(48000K)->47769K(48000K) Class: 8285K(8384K)->8285K(8384K)
[68.344s][info][gc          ] GC(165) Pause Young (Prepare Mixed) (G1 Evacuation Pause) 491M->273M(527M) 5.847ms
[68.344s][info][gc,cpu      ] GC(165) User=0.01s Sys=0.00s Real=0.01s
[68.914s][info][gc,start    ] GC(166) Pause Young (Mixed) (G1 Evacuation Pause)
[68.914s][info][gc,task     ] GC(166) Using 2 workers of 2 for evacuation
[68.920s][info][gc,phases   ] GC(166)   Pre Evacuate Collection Set: 0.27ms
[68.920s][info][gc,phases   ] GC(166)   Merge Heap Roots: 0.10ms
[68.920s][info][gc,phases   ] GC(166)   Evacuate Collection Set: 5.72ms
[68.921s][info][gc,phases   ] GC(166)   Post Evacuate Collection Set: 0.59ms
[68.921s][info][gc,phases   ] GC(166)   Other: 0.08ms
[68.921s][info][gc,heap     ] GC(166) Eden regions: 217->0(219)
[68.921s][info][gc,heap     ] GC(166) Survivor regions: 9->10(29)
[68.921s][info][gc,heap     ] GC(166) Old regions: 58->54
[68.921s][info][gc,heap     ] GC(166) Humongous regions: 207->207
[68.921s][info][gc,metaspace] GC(166) Metaspace: 56055K(56384K)->56055K(56384K) NonClass: 47769K(48000K)->47769K(48000K) Class: 8285K(8384K)->8285K(8384K)
[68.921s][info][gc          ] GC(166) Pause Young (Mixed) (G1 Evacuation Pause) 490M->270M(527M) 6.939ms
[68.921s][info][gc,cpu      ] GC(166) User=0.01s Sys=0.00s Real=0.00s
[69.508s][info][gc,start    ] GC(167) Pause Young (Concurrent Start) (G1 Evacuation Pause)
[69.508s][info][gc,task     ] GC(167) Using 2 workers of 2 for evacuation
[69.515s][info][gc,phases   ] GC(167)   Pre Evacuate Collection Set: 0.32ms
[69.515s][info][gc,phases   ] GC(167)   Merge Heap Roots: 0.10ms
[69.515s][info][gc,phases   ] GC(167)   Evacuate Collection Set: 4.96ms
[69.515s][info][gc,phases   ] GC(167)   Post Evacuate Collection Set: 0.60ms
[69.515s][info][gc,phases   ] GC(167)   Other: 0.11ms
[69.515s][info][gc,heap     ] GC(167) Eden regions: 219->0(221)
[69.515s][info][gc,heap     ] GC(167) Survivor regions: 10->9(29)
[69.515s][info][gc,heap     ] GC(167) Old regions: 54->54
[69.515s][info][gc,heap     ] GC(167) Humongous regions: 207->207
[69.515s][info][gc,metaspace] GC(167) Metaspace: 56059K(56384K)->56059K(56384K) NonClass: 47773K(48000K)->47773K(48000K) Class: 8285K(8384K)->8285K(8384K)
[69.515s][info][gc          ] GC(167) Pause Young (Concurrent Start) (G1 Evacuation Pause) 489M->269M(527M) 6.321ms
[69.515s][info][gc,cpu      ] GC(167) User=0.01s Sys=0.00s Real=0.01s
[69.515s][info][gc          ] GC(168) Concurrent Mark Cycle
[69.516s][info][gc,marking  ] GC(168) Concurrent Scan Root Regions
[69.522s][info][gc,marking  ] GC(168) Concurrent Scan Root Regions 5.974ms
[69.522s][info][gc,marking  ] GC(168) Concurrent Mark
[69.522s][info][gc,marking  ] GC(168) Concurrent Mark From Roots
[69.522s][info][gc,task     ] GC(168) Using 1 workers of 1 for marking
[69.579s][info][gc,marking  ] GC(168) Concurrent Mark From Roots 56.928ms
[69.579s][info][gc,marking  ] GC(168) Concurrent Preclean
[69.579s][info][gc,marking  ] GC(168) Concurrent Preclean 0.078ms
[69.580s][info][gc,start    ] GC(168) Pause Remark
[69.588s][info][gc          ] GC(168) Pause Remark 296M->296M(527M) 8.446ms
[69.588s][info][gc,cpu      ] GC(168) User=0.01s Sys=0.00s Real=0.01s
[69.588s][info][gc,marking  ] GC(168) Concurrent Mark 66.077ms
[69.588s][info][gc,marking  ] GC(168) Concurrent Rebuild Remembered Sets and Scrub Regions
[69.628s][info][gc,marking  ] GC(168) Concurrent Rebuild Remembered Sets and Scrub Regions 39.152ms
[69.628s][info][gc,start    ] GC(168) Pause Cleanup
[69.628s][info][gc          ] GC(168) Pause Cleanup 319M->319M(527M) 0.126ms
[69.628s][info][gc,cpu      ] GC(168) User=0.00s Sys=0.00s Real=0.00s
[69.628s][info][gc,marking  ] GC(168) Concurrent Clear Claimed Marks
[69.628s][info][gc,marking  ] GC(168) Concurrent Clear Claimed Marks 0.099ms
[69.628s][info][gc,marking  ] GC(168) Concurrent Cleanup for Next Mark
[69.630s][info][gc,marking  ] GC(168) Concurrent Cleanup for Next Mark 1.836ms
[69.630s][info][gc          ] GC(168) Concurrent Mark Cycle 115.181ms
[70.112s][info][gc,start    ] GC(169) Pause Young (Prepare Mixed) (G1 Evacuation Pause)
[70.112s][info][gc,task     ] GC(169) Using 2 workers of 2 for evacuation
[70.116s][info][gc,phases   ] GC(169)   Pre Evacuate Collection Set: 0.27ms
[70.116s][info][gc,phases   ] GC(169)   Merge Heap Roots: 0.11ms
[70.117s][info][gc,phases   ] GC(169)   Evacuate Collection Set: 3.48ms
[70.117s][info][gc,phases   ] GC(169)   Post Evacuate Collection Set: 0.57ms
[70.117s][info][gc,phases   ] GC(169)   Other: 0.10ms
[70.117s][info][gc,heap     ] GC(169) Eden regions: 221->0(223)
[70.117s][info][gc,heap     ] GC(169) Survivor regions: 9->8(29)
[70.117s][info][gc,heap     ] GC(169) Old regions: 54->54
[70.117s][info][gc,heap     ] GC(169) Humongous regions: 207->207
[70.117s][info][gc,metaspace] GC(169) Metaspace: 56060K(56384K)->56060K(56384K) NonClass: 47775K(48000K)->47775K(48000K) Class: 8285K(8384K)->8285K(8384K)
[70.117s][info][gc          ] GC(169) Pause Young (Prepare Mixed) (G1 Evacuation Pause) 490M->268M(527M) 4.727ms
[70.117s][info][gc,cpu      ] GC(169) User=0.01s Sys=0.00s Real=0.01s
[70.640s][info][gc,start    ] GC(170) Pause Young (Mixed) (G1 Evacuation Pause)
[70.640s][info][gc,task     ] GC(170) Using 2 workers of 2 for evacuation
[70.644s][info][gc,phases   ] GC(170)   Pre Evacuate Collection Set: 0.28ms
[70.644s][info][gc,phases   ] GC(170)   Merge Heap Roots: 0.11ms
[70.644s][info][gc,phases   ] GC(170)   Evacuate Collection Set: 3.58ms
[70.644s][info][gc,phases   ] GC(170)   Post Evacuate Collection Set: 0.57ms
[70.644s][info][gc,phases   ] GC(170)   Other: 0.09ms
[70.644s][info][gc,heap     ] GC(170) Eden regions: 223->0(227)
[70.644s][info][gc,heap     ] GC(170) Survivor regions: 8->8(29)
[70.644s][info][gc,heap     ] GC(170) Old regions: 54->50
[70.644s][info][gc,heap     ] GC(170) Humongous regions: 207->207
[70.644s][info][gc,metaspace] GC(170) Metaspace: 56060K(56384K)->56060K(56384K) NonClass: 47775K(48000K)->47775K(48000K) Class: 8285K(8384K)->8285K(8384K)
[70.644s][info][gc          ] GC(170) Pause Young (Mixed) (G1 Evacuation Pause) 491M->264M(527M) 4.811ms
[70.644s][info][gc,cpu      ] GC(170) User=0.01s Sys=0.00s Real=0.01s
[71.245s][info][gc,start    ] GC(171) Pause Young (Concurrent Start) (G1 Evacuation Pause)
[71.245s][info][gc,task     ] GC(171) Using 2 workers of 2 for evacuation
[71.250s][info][gc,phases   ] GC(171)   Pre Evacuate Collection Set: 0.29ms
[71.250s][info][gc,phases   ] GC(171)   Merge Heap Roots: 0.09ms
[71.250s][info][gc,phases   ] GC(171)   Evacuate Collection Set: 3.53ms
[71.250s][info][gc,phases   ] GC(171)   Post Evacuate Collection Set: 0.57ms
[71.250s][info][gc,phases   ] GC(171)   Other: 0.10ms
[71.250s][info][gc,heap     ] GC(171) Eden regions: 227->0(227)
[71.250s][info][gc,heap     ] GC(171) Survivor regions: 8->8(30)
[71.250s][info][gc,heap     ] GC(171) Old regions: 50->50
[71.250s][info][gc,heap     ] GC(171) Humongous regions: 207->207
[71.250s][info][gc,metaspace] GC(171) Metaspace: 56062K(56384K)->56062K(56384K) NonClass: 47776K(48000K)->47776K(48000K) Class: 8285K(8384K)->8285K(8384K)
[71.250s][info][gc          ] GC(171) Pause Young (Concurrent Start) (G1 Evacuation Pause) 491M->264M(527M) 4.781ms
[71.250s][info][gc,cpu      ] GC(171) User=0.01s Sys=0.00s Real=0.00s
[71.250s][info][gc          ] GC(172) Concurrent Mark Cycle
[71.250s][info][gc,marking  ] GC(172) Concurrent Scan Root Regions
[71.253s][info][gc,marking  ] GC(172) Concurrent Scan Root Regions 3.235ms
[71.253s][info][gc,marking  ] GC(172) Concurrent Mark
[71.253s][info][gc,marking  ] GC(172) Concurrent Mark From Roots
[71.253s][info][gc,task     ] GC(172) Using 1 workers of 1 for marking
[71.295s][info][gc,marking  ] GC(172) Concurrent Mark From Roots 41.873ms
[71.295s][info][gc,marking  ] GC(172) Concurrent Preclean
[71.295s][info][gc,marking  ] GC(172) Concurrent Preclean 0.088ms
[71.296s][info][gc,start    ] GC(172) Pause Remark
[71.304s][info][gc          ] GC(172) Pause Remark 270M->270M(527M) 8.239ms
[71.304s][info][gc,cpu      ] GC(172) User=0.02s Sys=0.00s Real=0.01s
[71.305s][info][gc,marking  ] GC(172) Concurrent Mark 51.423ms
[71.305s][info][gc,marking  ] GC(172) Concurrent Rebuild Remembered Sets and Scrub Regions
[71.337s][info][gc,marking  ] GC(172) Concurrent Rebuild Remembered Sets and Scrub Regions 32.035ms
[71.337s][info][gc,start    ] GC(172) Pause Cleanup
[71.337s][info][gc          ] GC(172) Pause Cleanup 290M->290M(527M) 0.078ms
[71.337s][info][gc,cpu      ] GC(172) User=0.00s Sys=0.00s Real=0.00s
[71.337s][info][gc,marking  ] GC(172) Concurrent Clear Claimed Marks
[71.338s][info][gc,marking  ] GC(172) Concurrent Clear Claimed Marks 0.114ms
[71.338s][info][gc,marking  ] GC(172) Concurrent Cleanup for Next Mark
[71.340s][info][gc,marking  ] GC(172) Concurrent Cleanup for Next Mark 2.227ms
[71.340s][info][gc          ] GC(172) Concurrent Mark Cycle 89.912ms
[71.840s][info][gc,start    ] GC(173) Pause Young (Prepare Mixed) (G1 Evacuation Pause)
[71.841s][info][gc,task     ] GC(173) Using 2 workers of 2 for evacuation
[71.846s][info][gc,phases   ] GC(173)   Pre Evacuate Collection Set: 0.27ms
[71.846s][info][gc,phases   ] GC(173)   Merge Heap Roots: 0.12ms
[71.846s][info][gc,phases   ] GC(173)   Evacuate Collection Set: 4.37ms
[71.846s][info][gc,phases   ] GC(173)   Post Evacuate Collection Set: 0.60ms
[71.846s][info][gc,phases   ] GC(173)   Other: 0.09ms
[71.846s][info][gc,heap     ] GC(173) Eden regions: 227->0(223)
[71.846s][info][gc,heap     ] GC(173) Survivor regions: 8->10(30)
[71.846s][info][gc,heap     ] GC(173) Old regions: 50->50
[71.846s][info][gc,heap     ] GC(173) Humongous regions: 207->207
[71.846s][info][gc,metaspace] GC(173) Metaspace: 56062K(56384K)->56062K(56384K) NonClass: 47776K(48000K)->47776K(48000K) Class: 8285K(8384K)->8285K(8384K)
[71.846s][info][gc          ] GC(173) Pause Young (Prepare Mixed) (G1 Evacuation Pause) 491M->266M(527M) 5.622ms
[71.846s][info][gc,cpu      ] GC(173) User=0.01s Sys=0.00s Real=0.01s
[72.429s][info][gc,start    ] GC(174) Pause Young (Mixed) (G1 Evacuation Pause)
[72.429s][info][gc,task     ] GC(174) Using 2 workers of 2 for evacuation
[72.436s][info][gc,phases   ] GC(174)   Pre Evacuate Collection Set: 0.29ms
[72.436s][info][gc,phases   ] GC(174)   Merge Heap Roots: 0.11ms
[72.436s][info][gc,phases   ] GC(174)   Evacuate Collection Set: 5.54ms
[72.436s][info][gc,phases   ] GC(174)   Post Evacuate Collection Set: 0.59ms
[72.436s][info][gc,phases   ] GC(174)   Other: 0.10ms
[72.436s][info][gc,heap     ] GC(174) Eden regions: 223->0(233)
[72.436s][info][gc,heap     ] GC(174) Survivor regions: 10->3(30)
[72.436s][info][gc,heap     ] GC(174) Old regions: 50->54
[72.436s][info][gc,heap     ] GC(174) Humongous regions: 207->207
[72.436s][info][gc,metaspace] GC(174) Metaspace: 56062K(56384K)->56062K(56384K) NonClass: 47776K(48000K)->47776K(48000K) Class: 8285K(8384K)->8285K(8384K)
[72.436s][info][gc          ] GC(174) Pause Young (Mixed) (G1 Evacuation Pause) 489M->263M(527M) 6.847ms
[72.436s][info][gc,cpu      ] GC(174) User=0.01s Sys=0.00s Real=0.01s
[73.133s][info][gc,start    ] GC(175) Pause Young (Concurrent Start) (G1 Evacuation Pause)
[73.133s][info][gc,task     ] GC(175) Using 2 workers of 2 for evacuation
[73.137s][info][gc,phases   ] GC(175)   Pre Evacuate Collection Set: 0.31ms
[73.137s][info][gc,phases   ] GC(175)   Merge Heap Roots: 0.10ms
[73.137s][info][gc,phases   ] GC(175)   Evacuate Collection Set: 3.56ms
[73.137s][info][gc,phases   ] GC(175)   Post Evacuate Collection Set: 0.57ms
[73.137s][info][gc,phases   ] GC(175)   Other: 0.10ms
[73.137s][info][gc,heap     ] GC(175) Eden regions: 233->0(235)
[73.138s][info][gc,heap     ] GC(175) Survivor regions: 3->2(30)
[73.138s][info][gc,heap     ] GC(175) Old regions: 54->54
[73.138s][info][gc,heap     ] GC(175) Humongous regions: 207->207
[73.138s][info][gc,metaspace] GC(175) Metaspace: 56062K(56384K)->56062K(56384K) NonClass: 47776K(48000K)->47776K(48000K) Class: 8285K(8384K)->8285K(8384K)
[73.138s][info][gc          ] GC(175) Pause Young (Concurrent Start) (G1 Evacuation Pause) 496M->262M(527M) 4.868ms
[73.138s][info][gc,cpu      ] GC(175) User=0.01s Sys=0.00s Real=0.00s
[73.138s][info][gc          ] GC(176) Concurrent Mark Cycle
[73.138s][info][gc,marking  ] GC(176) Concurrent Scan Root Regions
[73.143s][info][gc,marking  ] GC(176) Concurrent Scan Root Regions 5.152ms
[73.143s][info][gc,marking  ] GC(176) Concurrent Mark
[73.143s][info][gc,marking  ] GC(176) Concurrent Mark From Roots
[73.143s][info][gc,task     ] GC(176) Using 1 workers of 1 for marking
[73.224s][info][gc,marking  ] GC(176) Concurrent Mark From Roots 81.270ms
[73.224s][info][gc,marking  ] GC(176) Concurrent Preclean
[73.224s][info][gc,marking  ] GC(176) Concurrent Preclean 0.091ms
[73.224s][info][gc,start    ] GC(176) Pause Remark
[73.233s][info][gc          ] GC(176) Pause Remark 310M->310M(527M) 8.654ms
[73.233s][info][gc,cpu      ] GC(176) User=0.02s Sys=0.00s Real=0.01s
[73.234s][info][gc,marking  ] GC(176) Concurrent Mark 91.330ms
[73.234s][info][gc,marking  ] GC(176) Concurrent Rebuild Remembered Sets and Scrub Regions
[73.264s][info][gc,marking  ] GC(176) Concurrent Rebuild Remembered Sets and Scrub Regions 29.442ms
[73.264s][info][gc,start    ] GC(176) Pause Cleanup
[73.264s][info][gc          ] GC(176) Pause Cleanup 326M->326M(527M) 0.078ms
[73.264s][info][gc,cpu      ] GC(176) User=0.00s Sys=0.00s Real=0.00s
[73.265s][info][gc,marking  ] GC(176) Concurrent Clear Claimed Marks
[73.265s][info][gc,marking  ] GC(176) Concurrent Clear Claimed Marks 0.114ms
[73.265s][info][gc,marking  ] GC(176) Concurrent Cleanup for Next Mark
[73.267s][info][gc,marking  ] GC(176) Concurrent Cleanup for Next Mark 1.691ms
[73.267s][info][gc          ] GC(176) Concurrent Mark Cycle 129.181ms
[73.696s][info][gc,start    ] GC(177) Pause Young (Prepare Mixed) (G1 Evacuation Pause)
[73.696s][info][gc,task     ] GC(177) Using 2 workers of 2 for evacuation
[73.700s][info][gc,phases   ] GC(177)   Pre Evacuate Collection Set: 0.25ms
[73.700s][info][gc,phases   ] GC(177)   Merge Heap Roots: 0.11ms
[73.700s][info][gc,phases   ] GC(177)   Evacuate Collection Set: 2.50ms
[73.700s][info][gc,phases   ] GC(177)   Post Evacuate Collection Set: 0.55ms
[73.700s][info][gc,phases   ] GC(177)   Other: 0.10ms
[73.700s][info][gc,heap     ] GC(177) Eden regions: 235->0(237)
[73.700s][info][gc,heap     ] GC(177) Survivor regions: 2->1(30)
[73.700s][info][gc,heap     ] GC(177) Old regions: 54->54
[73.700s][info][gc,heap     ] GC(177) Humongous regions: 207->207
[73.700s][info][gc,metaspace] GC(177) Metaspace: 56065K(56384K)->56065K(56384K) NonClass: 47779K(48000K)->47779K(48000K) Class: 8285K(8384K)->8285K(8384K)
[73.700s][info][gc          ] GC(177) Pause Young (Prepare Mixed) (G1 Evacuation Pause) 497M->261M(527M) 3.701ms
[73.700s][info][gc,cpu      ] GC(177) User=0.01s Sys=0.00s Real=0.00s
[74.367s][info][gc,start    ] GC(178) Pause Young (Mixed) (G1 Evacuation Pause)
[74.367s][info][gc,task     ] GC(178) Using 2 workers of 2 for evacuation
[74.373s][info][gc,phases   ] GC(178)   Pre Evacuate Collection Set: 0.28ms
[74.373s][info][gc,phases   ] GC(178)   Merge Heap Roots: 0.12ms
[74.373s][info][gc,phases   ] GC(178)   Evacuate Collection Set: 4.83ms
[74.373s][info][gc,phases   ] GC(178)   Post Evacuate Collection Set: 0.58ms
[74.373s][info][gc,phases   ] GC(178)   Other: 0.11ms
[74.373s][info][gc,heap     ] GC(178) Eden regions: 237->0(236)
[74.373s][info][gc,heap     ] GC(178) Survivor regions: 1->3(30)
[74.373s][info][gc,heap     ] GC(178) Old regions: 54->51
[74.373s][info][gc,heap     ] GC(178) Humongous regions: 207->207
[74.373s][info][gc,metaspace] GC(178) Metaspace: 56065K(56384K)->56065K(56384K) NonClass: 47779K(48000K)->47779K(48000K) Class: 8285K(8384K)->8285K(8384K)
[74.373s][info][gc          ] GC(178) Pause Young (Mixed) (G1 Evacuation Pause) 498M->260M(527M) 6.148ms
[74.373s][info][gc,cpu      ] GC(178) User=0.01s Sys=0.00s Real=0.01s
[74.922s][info][gc,start    ] GC(179) Pause Young (Concurrent Start) (G1 Evacuation Pause)
[74.922s][info][gc,task     ] GC(179) Using 2 workers of 2 for evacuation
[74.927s][info][gc,phases   ] GC(179)   Pre Evacuate Collection Set: 0.28ms
[74.927s][info][gc,phases   ] GC(179)   Merge Heap Roots: 0.10ms
[74.927s][info][gc,phases   ] GC(179)   Evacuate Collection Set: 4.22ms
[74.927s][info][gc,phases   ] GC(179)   Post Evacuate Collection Set: 0.55ms
[74.927s][info][gc,phases   ] GC(179)   Other: 0.09ms
[74.927s][info][gc,heap     ] GC(179) Eden regions: 236->0(236)
[74.927s][info][gc,heap     ] GC(179) Survivor regions: 3->3(30)
[74.928s][info][gc,heap     ] GC(179) Old regions: 51->51
[74.928s][info][gc,heap     ] GC(179) Humongous regions: 207->207
[74.928s][info][gc,metaspace] GC(179) Metaspace: 56068K(56384K)->56068K(56384K) NonClass: 47783K(48000K)->47783K(48000K) Class: 8285K(8384K)->8285K(8384K)
[74.928s][info][gc          ] GC(179) Pause Young (Concurrent Start) (G1 Evacuation Pause) 496M->260M(527M) 5.431ms
[74.928s][info][gc          ] GC(180) Concurrent Mark Cycle
[74.928s][info][gc,marking  ] GC(180) Concurrent Scan Root Regions
[74.928s][info][gc,cpu      ] GC(179) User=0.01s Sys=0.00s Real=0.01s
[74.933s][info][gc,marking  ] GC(180) Concurrent Scan Root Regions 5.848ms
[74.933s][info][gc,marking  ] GC(180) Concurrent Mark
[74.933s][info][gc,marking  ] GC(180) Concurrent Mark From Roots
[74.933s][info][gc,task     ] GC(180) Using 1 workers of 1 for marking
[74.983s][info][gc,marking  ] GC(180) Concurrent Mark From Roots 49.389ms
[74.983s][info][gc,marking  ] GC(180) Concurrent Preclean
[74.983s][info][gc,marking  ] GC(180) Concurrent Preclean 0.078ms
[74.983s][info][gc,start    ] GC(180) Pause Remark
[74.991s][info][gc          ] GC(180) Pause Remark 274M->274M(527M) 8.133ms
[74.991s][info][gc,cpu      ] GC(180) User=0.02s Sys=0.00s Real=0.00s
[74.992s][info][gc,marking  ] GC(180) Concurrent Mark 58.060ms
[74.992s][info][gc,marking  ] GC(180) Concurrent Rebuild Remembered Sets and Scrub Regions
[75.023s][info][gc,marking  ] GC(180) Concurrent Rebuild Remembered Sets and Scrub Regions 31.577ms
[75.024s][info][gc,start    ] GC(180) Pause Cleanup
[75.024s][info][gc          ] GC(180) Pause Cleanup 293M->293M(527M) 0.079ms
[75.024s][info][gc,cpu      ] GC(180) User=0.00s Sys=0.00s Real=0.00s
[75.024s][info][gc,marking  ] GC(180) Concurrent Clear Claimed Marks
[75.024s][info][gc,marking  ] GC(180) Concurrent Clear Claimed Marks 0.092ms
[75.024s][info][gc,marking  ] GC(180) Concurrent Cleanup for Next Mark
[75.027s][info][gc,marking  ] GC(180) Concurrent Cleanup for Next Mark 2.972ms
[75.027s][info][gc          ] GC(180) Concurrent Mark Cycle 99.479ms
[75.547s][info][gc,start    ] GC(181) Pause Young (Prepare Mixed) (G1 Evacuation Pause)
[75.547s][info][gc,task     ] GC(181) Using 2 workers of 2 for evacuation
[75.553s][info][gc,phases   ] GC(181)   Pre Evacuate Collection Set: 0.27ms
[75.553s][info][gc,phases   ] GC(181)   Merge Heap Roots: 0.16ms
[75.553s][info][gc,phases   ] GC(181)   Evacuate Collection Set: 5.18ms
[75.553s][info][gc,phases   ] GC(181)   Post Evacuate Collection Set: 0.61ms
[75.553s][info][gc,phases   ] GC(181)   Other: 0.09ms
[75.553s][info][gc,heap     ] GC(181) Eden regions: 236->0(236)
[75.553s][info][gc,heap     ] GC(181) Survivor regions: 3->3(30)
[75.553s][info][gc,heap     ] GC(181) Old regions: 51->51
[75.553s][info][gc,heap     ] GC(181) Humongous regions: 207->207
[75.553s][info][gc,metaspace] GC(181) Metaspace: 56068K(56384K)->56068K(56384K) NonClass: 47783K(48000K)->47783K(48000K) Class: 8285K(8384K)->8285K(8384K)
[75.553s][info][gc          ] GC(181) Pause Young (Prepare Mixed) (G1 Evacuation Pause) 496M->260M(527M) 6.536ms
[75.553s][info][gc,cpu      ] GC(181) User=0.01s Sys=0.00s Real=0.01s
[76.193s][info][gc,start    ] GC(182) Pause Young (Mixed) (G1 Evacuation Pause)
[76.193s][info][gc,task     ] GC(182) Using 2 workers of 2 for evacuation
[76.196s][info][gc,phases   ] GC(182)   Pre Evacuate Collection Set: 0.26ms
[76.196s][info][gc,phases   ] GC(182)   Merge Heap Roots: 0.12ms
[76.196s][info][gc,phases   ] GC(182)   Evacuate Collection Set: 2.56ms
[76.196s][info][gc,phases   ] GC(182)   Post Evacuate Collection Set: 0.55ms
[76.196s][info][gc,phases   ] GC(182)   Other: 0.07ms
[76.196s][info][gc,heap     ] GC(182) Eden regions: 236->0(241)
[76.196s][info][gc,heap     ] GC(182) Survivor regions: 3->1(30)
[76.196s][info][gc,heap     ] GC(182) Old regions: 51->50
[76.196s][info][gc,heap     ] GC(182) Humongous regions: 207->207
[76.196s][info][gc,metaspace] GC(182) Metaspace: 56068K(56384K)->56068K(56384K) NonClass: 47783K(48000K)->47783K(48000K) Class: 8285K(8384K)->8285K(8384K)
[76.197s][info][gc          ] GC(182) Pause Young (Mixed) (G1 Evacuation Pause) 496M->256M(527M) 3.769ms
[76.197s][info][gc,cpu      ] GC(182) User=0.01s Sys=0.00s Real=0.00s
[76.811s][info][gc,start    ] GC(183) Pause Young (Concurrent Start) (G1 Evacuation Pause)
[76.811s][info][gc,task     ] GC(183) Using 2 workers of 2 for evacuation
[76.815s][info][gc,phases   ] GC(183)   Pre Evacuate Collection Set: 0.30ms
[76.815s][info][gc,phases   ] GC(183)   Merge Heap Roots: 0.10ms
[76.815s][info][gc,phases   ] GC(183)   Evacuate Collection Set: 3.16ms
[76.815s][info][gc,phases   ] GC(183)   Post Evacuate Collection Set: 0.54ms
[76.815s][info][gc,phases   ] GC(183)   Other: 0.10ms
[76.815s][info][gc,heap     ] GC(183) Eden regions: 241->0(239)
[76.815s][info][gc,heap     ] GC(183) Survivor regions: 1->2(31)
[76.815s][info][gc,heap     ] GC(183) Old regions: 50->50
[76.815s][info][gc,heap     ] GC(183) Humongous regions: 207->207
[76.815s][info][gc,metaspace] GC(183) Metaspace: 56068K(56384K)->56068K(56384K) NonClass: 47783K(48000K)->47783K(48000K) Class: 8285K(8384K)->8285K(8384K)
[76.815s][info][gc          ] GC(183) Pause Young (Concurrent Start) (G1 Evacuation Pause) 497M->257M(527M) 4.370ms
[76.815s][info][gc,cpu      ] GC(183) User=0.01s Sys=0.00s Real=0.01s
[76.815s][info][gc          ] GC(184) Concurrent Mark Cycle
[76.817s][info][gc,marking  ] GC(184) Concurrent Scan Root Regions
[76.823s][info][gc,marking  ] GC(184) Concurrent Scan Root Regions 5.610ms
[76.823s][info][gc,marking  ] GC(184) Concurrent Mark
[76.823s][info][gc,marking  ] GC(184) Concurrent Mark From Roots
[76.823s][info][gc,task     ] GC(184) Using 1 workers of 1 for marking
[76.880s][info][gc,marking  ] GC(184) Concurrent Mark From Roots 56.650ms
[76.880s][info][gc,marking  ] GC(184) Concurrent Preclean
[76.880s][info][gc,marking  ] GC(184) Concurrent Preclean 0.078ms
[76.880s][info][gc,start    ] GC(184) Pause Remark
[76.888s][info][gc          ] GC(184) Pause Remark 281M->281M(527M) 8.134ms
[76.888s][info][gc,cpu      ] GC(184) User=0.01s Sys=0.00s Real=0.01s
[76.888s][info][gc,marking  ] GC(184) Concurrent Mark 65.364ms
[76.888s][info][gc,marking  ] GC(184) Concurrent Rebuild Remembered Sets and Scrub Regions
[76.921s][info][gc,marking  ] GC(184) Concurrent Rebuild Remembered Sets and Scrub Regions 32.735ms
[76.921s][info][gc,start    ] GC(184) Pause Cleanup
[76.922s][info][gc          ] GC(184) Pause Cleanup 301M->301M(527M) 0.091ms
[76.922s][info][gc,cpu      ] GC(184) User=0.00s Sys=0.00s Real=0.00s
[76.922s][info][gc,marking  ] GC(184) Concurrent Clear Claimed Marks
[76.922s][info][gc,marking  ] GC(184) Concurrent Clear Claimed Marks 0.099ms
[76.922s][info][gc,marking  ] GC(184) Concurrent Cleanup for Next Mark
[76.925s][info][gc,marking  ] GC(184) Concurrent Cleanup for Next Mark 2.685ms
[76.925s][info][gc          ] GC(184) Concurrent Mark Cycle 109.383ms
[77.438s][info][gc,start    ] GC(185) Pause Young (Prepare Mixed) (G1 Evacuation Pause)
[77.439s][info][gc,task     ] GC(185) Using 2 workers of 2 for evacuation
[77.444s][info][gc,phases   ] GC(185)   Pre Evacuate Collection Set: 0.28ms
[77.444s][info][gc,phases   ] GC(185)   Merge Heap Roots: 0.11ms
[77.444s][info][gc,phases   ] GC(185)   Evacuate Collection Set: 4.79ms
[77.444s][info][gc,phases   ] GC(185)   Post Evacuate Collection Set: 0.58ms
[77.444s][info][gc,phases   ] GC(185)   Other: 0.09ms
[77.444s][info][gc,heap     ] GC(185) Eden regions: 239->0(239)
[77.444s][info][gc,heap     ] GC(185) Survivor regions: 2->2(31)
[77.444s][info][gc,heap     ] GC(185) Old regions: 50->50
[77.444s][info][gc,heap     ] GC(185) Humongous regions: 207->207
[77.444s][info][gc,metaspace] GC(185) Metaspace: 56068K(56384K)->56068K(56384K) NonClass: 47783K(48000K)->47783K(48000K) Class: 8285K(8384K)->8285K(8384K)
[77.444s][info][gc          ] GC(185) Pause Young (Prepare Mixed) (G1 Evacuation Pause) 496M->257M(527M) 6.054ms
[77.445s][info][gc,cpu      ] GC(185) User=0.01s Sys=0.00s Real=0.01s
[78.093s][info][gc,start    ] GC(186) Pause Young (Mixed) (G1 Evacuation Pause)
[78.093s][info][gc,task     ] GC(186) Using 2 workers of 2 for evacuation
[78.098s][info][gc,phases   ] GC(186)   Pre Evacuate Collection Set: 0.28ms
[78.098s][info][gc,phases   ] GC(186)   Merge Heap Roots: 0.10ms
[78.098s][info][gc,phases   ] GC(186)   Evacuate Collection Set: 3.64ms
[78.098s][info][gc,phases   ] GC(186)   Post Evacuate Collection Set: 0.59ms
[78.098s][info][gc,phases   ] GC(186)   Other: 0.10ms
[78.098s][info][gc,heap     ] GC(186) Eden regions: 239->0(243)
[78.098s][info][gc,heap     ] GC(186) Survivor regions: 2->1(31)
[78.098s][info][gc,heap     ] GC(186) Old regions: 50->48
[78.098s][info][gc,heap     ] GC(186) Humongous regions: 207->207
[78.098s][info][gc,metaspace] GC(186) Metaspace: 56068K(56384K)->56068K(56384K) NonClass: 47783K(48000K)->47783K(48000K) Class: 8285K(8384K)->8285K(8384K)
[78.098s][info][gc          ] GC(186) Pause Young (Mixed) (G1 Evacuation Pause) 496M->255M(527M) 4.894ms
[78.098s][info][gc,cpu      ] GC(186) User=0.01s Sys=0.00s Real=0.00s
[78.712s][info][gc,start    ] GC(187) Pause Young (Concurrent Start) (G1 Evacuation Pause)
[78.712s][info][gc,task     ] GC(187) Using 2 workers of 2 for evacuation
[78.717s][info][gc,phases   ] GC(187)   Pre Evacuate Collection Set: 0.29ms
[78.717s][info][gc,phases   ] GC(187)   Merge Heap Roots: 0.10ms
[78.717s][info][gc,phases   ] GC(187)   Evacuate Collection Set: 3.97ms
[78.717s][info][gc,phases   ] GC(187)   Post Evacuate Collection Set: 0.56ms
[78.718s][info][gc,phases   ] GC(187)   Other: 0.09ms
[78.718s][info][gc,heap     ] GC(187) Eden regions: 243->0(241)
[78.718s][info][gc,heap     ] GC(187) Survivor regions: 1->2(31)
[78.718s][info][gc,heap     ] GC(187) Old regions: 48->48
[78.718s][info][gc,heap     ] GC(187) Humongous regions: 207->207
[78.718s][info][gc,metaspace] GC(187) Metaspace: 56068K(56384K)->56068K(56384K) NonClass: 47783K(48000K)->47783K(48000K) Class: 8285K(8384K)->8285K(8384K)
[78.718s][info][gc          ] GC(187) Pause Young (Concurrent Start) (G1 Evacuation Pause) 498M->256M(527M) 5.182ms
[78.718s][info][gc,cpu      ] GC(187) User=0.01s Sys=0.00s Real=0.00s
[78.718s][info][gc          ] GC(188) Concurrent Mark Cycle
[78.719s][info][gc,marking  ] GC(188) Concurrent Scan Root Regions
[78.722s][info][gc,marking  ] GC(188) Concurrent Scan Root Regions 3.292ms
[78.722s][info][gc,marking  ] GC(188) Concurrent Mark
[78.722s][info][gc,marking  ] GC(188) Concurrent Mark From Roots
[78.722s][info][gc,task     ] GC(188) Using 1 workers of 1 for marking
[78.788s][info][gc,marking  ] GC(188) Concurrent Mark From Roots 65.680ms
[78.788s][info][gc,marking  ] GC(188) Concurrent Preclean
[78.788s][info][gc,marking  ] GC(188) Concurrent Preclean 0.076ms
[78.793s][info][gc,start    ] GC(188) Pause Remark
[78.811s][info][gc          ] GC(188) Pause Remark 273M->273M(527M) 18.443ms
[78.811s][info][gc,cpu      ] GC(188) User=0.02s Sys=0.00s Real=0.01s
[78.812s][info][gc,marking  ] GC(188) Concurrent Mark 89.842ms
[78.812s][info][gc,marking  ] GC(188) Concurrent Rebuild Remembered Sets and Scrub Regions
[78.849s][info][gc,marking  ] GC(188) Concurrent Rebuild Remembered Sets and Scrub Regions 37.241ms
[78.849s][info][gc,start    ] GC(188) Pause Cleanup
[78.849s][info][gc          ] GC(188) Pause Cleanup 273M->273M(527M) 0.069ms
[78.849s][info][gc,cpu      ] GC(188) User=0.00s Sys=0.00s Real=0.00s
[78.849s][info][gc,marking  ] GC(188) Concurrent Clear Claimed Marks
[78.849s][info][gc,marking  ] GC(188) Concurrent Clear Claimed Marks 0.092ms
[78.849s][info][gc,marking  ] GC(188) Concurrent Cleanup for Next Mark
[78.854s][info][gc,marking  ] GC(188) Concurrent Cleanup for Next Mark 4.887ms
[78.854s][info][gc          ] GC(188) Concurrent Mark Cycle 136.617ms
[79.324s][info][gc,start    ] GC(189) Pause Young (Prepare Mixed) (G1 Evacuation Pause)
[79.324s][info][gc,task     ] GC(189) Using 2 workers of 2 for evacuation
[79.334s][info][gc,phases   ] GC(189)   Pre Evacuate Collection Set: 0.33ms
[79.334s][info][gc,phases   ] GC(189)   Merge Heap Roots: 0.12ms
[79.334s][info][gc,phases   ] GC(189)   Evacuate Collection Set: 8.36ms
[79.334s][info][gc,phases   ] GC(189)   Post Evacuate Collection Set: 0.77ms
[79.334s][info][gc,phases   ] GC(189)   Other: 0.09ms
[79.334s][info][gc,heap     ] GC(189) Eden regions: 241->0(239)
[79.334s][info][gc,heap     ] GC(189) Survivor regions: 2->3(31)
[79.334s][info][gc,heap     ] GC(189) Old regions: 48->48
[79.334s][info][gc,heap     ] GC(189) Humongous regions: 207->207
[79.334s][info][gc,metaspace] GC(189) Metaspace: 56068K(56384K)->56068K(56384K) NonClass: 47783K(48000K)->47783K(48000K) Class: 8285K(8384K)->8285K(8384K)
[79.334s][info][gc          ] GC(189) Pause Young (Prepare Mixed) (G1 Evacuation Pause) 497M->257M(527M) 9.837ms
[79.334s][info][gc,cpu      ] GC(189) User=0.01s Sys=0.00s Real=0.01s
[79.993s][info][gc,start    ] GC(190) Pause Young (Mixed) (G1 Evacuation Pause)
[79.993s][info][gc,task     ] GC(190) Using 2 workers of 2 for evacuation
[79.997s][info][gc,phases   ] GC(190)   Pre Evacuate Collection Set: 0.38ms
[79.997s][info][gc,phases   ] GC(190)   Merge Heap Roots: 0.14ms
[79.997s][info][gc,phases   ] GC(190)   Evacuate Collection Set: 3.35ms
[79.997s][info][gc,phases   ] GC(190)   Post Evacuate Collection Set: 0.59ms
[79.997s][info][gc,phases   ] GC(190)   Other: 0.08ms
[79.997s][info][gc,heap     ] GC(190) Eden regions: 239->0(244)
[79.997s][info][gc,heap     ] GC(190) Survivor regions: 3->1(31)
[79.997s][info][gc,heap     ] GC(190) Old regions: 48->47
[79.997s][info][gc,heap     ] GC(190) Humongous regions: 207->207
[79.997s][info][gc,metaspace] GC(190) Metaspace: 56069K(56384K)->56069K(56384K) NonClass: 47783K(48000K)->47783K(48000K) Class: 8285K(8384K)->8285K(8384K)
[79.997s][info][gc          ] GC(190) Pause Young (Mixed) (G1 Evacuation Pause) 496M->254M(527M) 4.720ms
[79.997s][info][gc,cpu      ] GC(190) User=0.01s Sys=0.00s Real=0.00s
[80.615s][info][gc,start    ] GC(191) Pause Young (Concurrent Start) (G1 Evacuation Pause)
[80.615s][info][gc,task     ] GC(191) Using 2 workers of 2 for evacuation
[80.620s][info][gc,phases   ] GC(191)   Pre Evacuate Collection Set: 0.29ms
[80.621s][info][gc,phases   ] GC(191)   Merge Heap Roots: 0.09ms
[80.621s][info][gc,phases   ] GC(191)   Evacuate Collection Set: 4.43ms
[80.621s][info][gc,phases   ] GC(191)   Post Evacuate Collection Set: 0.55ms
[80.621s][info][gc,phases   ] GC(191)   Other: 0.10ms
[80.621s][info][gc,heap     ] GC(191) Eden regions: 244->0(240)
[80.621s][info][gc,heap     ] GC(191) Survivor regions: 1->3(31)
[80.621s][info][gc,heap     ] GC(191) Old regions: 47->47
[80.621s][info][gc,heap     ] GC(191) Humongous regions: 207->207
[80.621s][info][gc,metaspace] GC(191) Metaspace: 56069K(56384K)->56069K(56384K) NonClass: 47783K(48000K)->47783K(48000K) Class: 8285K(8384K)->8285K(8384K)
[80.621s][info][gc          ] GC(191) Pause Young (Concurrent Start) (G1 Evacuation Pause) 498M->256M(527M) 5.621ms
[80.621s][info][gc          ] GC(192) Concurrent Mark Cycle
[80.621s][info][gc,marking  ] GC(192) Concurrent Scan Root Regions
[80.621s][info][gc,cpu      ] GC(191) User=0.01s Sys=0.00s Real=0.00s
[80.624s][info][gc,marking  ] GC(192) Concurrent Scan Root Regions 3.126ms
[80.624s][info][gc,marking  ] GC(192) Concurrent Mark
[80.624s][info][gc,marking  ] GC(192) Concurrent Mark From Roots
[80.624s][info][gc,task     ] GC(192) Using 1 workers of 1 for marking
[80.675s][info][gc,marking  ] GC(192) Concurrent Mark From Roots 50.695ms
[80.675s][info][gc,marking  ] GC(192) Concurrent Preclean
[80.675s][info][gc,marking  ] GC(192) Concurrent Preclean 0.080ms
[80.675s][info][gc,start    ] GC(192) Pause Remark
[80.683s][info][gc          ] GC(192) Pause Remark 279M->279M(527M) 8.346ms
[80.683s][info][gc,cpu      ] GC(192) User=0.02s Sys=0.00s Real=0.01s
[80.683s][info][gc,marking  ] GC(192) Concurrent Mark 59.484ms
[80.683s][info][gc,marking  ] GC(192) Concurrent Rebuild Remembered Sets and Scrub Regions
[80.711s][info][gc,marking  ] GC(192) Concurrent Rebuild Remembered Sets and Scrub Regions 27.600ms
[80.711s][info][gc,start    ] GC(192) Pause Cleanup
[80.711s][info][gc          ] GC(192) Pause Cleanup 294M->294M(527M) 0.090ms
[80.711s][info][gc,cpu      ] GC(192) User=0.00s Sys=0.00s Real=0.00s
[80.712s][info][gc,marking  ] GC(192) Concurrent Clear Claimed Marks
[80.712s][info][gc,marking  ] GC(192) Concurrent Clear Claimed Marks 0.106ms
[80.712s][info][gc,marking  ] GC(192) Concurrent Cleanup for Next Mark
[80.714s][info][gc,marking  ] GC(192) Concurrent Cleanup for Next Mark 1.778ms
[80.714s][info][gc          ] GC(192) Concurrent Mark Cycle 92.959ms
[81.228s][info][gc,start    ] GC(193) Pause Young (Prepare Mixed) (G1 Evacuation Pause)
[81.228s][info][gc,task     ] GC(193) Using 2 workers of 2 for evacuation
[81.234s][info][gc,phases   ] GC(193)   Pre Evacuate Collection Set: 0.25ms
[81.234s][info][gc,phases   ] GC(193)   Merge Heap Roots: 0.13ms
[81.234s][info][gc,phases   ] GC(193)   Evacuate Collection Set: 4.42ms
[81.234s][info][gc,phases   ] GC(193)   Post Evacuate Collection Set: 0.56ms
[81.234s][info][gc,phases   ] GC(193)   Other: 0.07ms
[81.234s][info][gc,heap     ] GC(193) Eden regions: 240->0(240)
[81.234s][info][gc,heap     ] GC(193) Survivor regions: 3->3(31)
[81.234s][info][gc,heap     ] GC(193) Old regions: 47->47
[81.234s][info][gc,heap     ] GC(193) Humongous regions: 207->207
[81.234s][info][gc,metaspace] GC(193) Metaspace: 56069K(56384K)->56069K(56384K) NonClass: 47783K(48000K)->47783K(48000K) Class: 8285K(8384K)->8285K(8384K)
[81.234s][info][gc          ] GC(193) Pause Young (Prepare Mixed) (G1 Evacuation Pause) 495M->255M(527M) 5.629ms
[81.234s][info][gc,cpu      ] GC(193) User=0.01s Sys=0.00s Real=0.01s
[81.894s][info][gc,start    ] GC(194) Pause Young (Mixed) (G1 Evacuation Pause)
[81.894s][info][gc,task     ] GC(194) Using 2 workers of 2 for evacuation
[81.899s][info][gc,phases   ] GC(194)   Pre Evacuate Collection Set: 0.27ms
[81.899s][info][gc,phases   ] GC(194)   Merge Heap Roots: 0.09ms
[81.899s][info][gc,phases   ] GC(194)   Evacuate Collection Set: 4.19ms
[81.899s][info][gc,phases   ] GC(194)   Post Evacuate Collection Set: 0.64ms
[81.899s][info][gc,phases   ] GC(194)   Other: 0.08ms
[81.899s][info][gc,heap     ] GC(194) Eden regions: 240->0(245)
[81.899s][info][gc,heap     ] GC(194) Survivor regions: 3->1(31)
[81.899s][info][gc,heap     ] GC(194) Old regions: 47->46
[81.899s][info][gc,heap     ] GC(194) Humongous regions: 207->207
[81.899s][info][gc,metaspace] GC(194) Metaspace: 56069K(56384K)->56069K(56384K) NonClass: 47783K(48000K)->47783K(48000K) Class: 8285K(8384K)->8285K(8384K)
[81.899s][info][gc          ] GC(194) Pause Young (Mixed) (G1 Evacuation Pause) 495M->253M(527M) 5.454ms
[81.899s][info][gc,cpu      ] GC(194) User=0.01s Sys=0.00s Real=0.00s
[82.511s][info][gc,start    ] GC(195) Pause Young (Concurrent Start) (G1 Evacuation Pause)
[82.511s][info][gc,task     ] GC(195) Using 2 workers of 2 for evacuation
[82.517s][info][gc,phases   ] GC(195)   Pre Evacuate Collection Set: 0.32ms
[82.517s][info][gc,phases   ] GC(195)   Merge Heap Roots: 0.10ms
[82.517s][info][gc,phases   ] GC(195)   Evacuate Collection Set: 4.42ms
[82.517s][info][gc,phases   ] GC(195)   Post Evacuate Collection Set: 0.55ms
[82.517s][info][gc,phases   ] GC(195)   Other: 0.09ms
[82.517s][info][gc,heap     ] GC(195) Eden regions: 245->0(241)
[82.517s][info][gc,heap     ] GC(195) Survivor regions: 1->3(31)
[82.517s][info][gc,heap     ] GC(195) Old regions: 46->46
[82.517s][info][gc,heap     ] GC(195) Humongous regions: 207->207
[82.517s][info][gc,metaspace] GC(195) Metaspace: 56069K(56384K)->56069K(56384K) NonClass: 47783K(48000K)->47783K(48000K) Class: 8285K(8384K)->8285K(8384K)
[82.517s][info][gc          ] GC(195) Pause Young (Concurrent Start) (G1 Evacuation Pause) 498M->255M(527M) 5.665ms
[82.517s][info][gc          ] GC(196) Concurrent Mark Cycle
[82.517s][info][gc,marking  ] GC(196) Concurrent Scan Root Regions
[82.519s][info][gc,cpu      ] GC(195) User=0.01s Sys=0.00s Real=0.01s
[82.520s][info][gc,marking  ] GC(196) Concurrent Scan Root Regions 3.656ms
[82.520s][info][gc,marking  ] GC(196) Concurrent Mark
[82.520s][info][gc,marking  ] GC(196) Concurrent Mark From Roots
[82.520s][info][gc,task     ] GC(196) Using 1 workers of 1 for marking
[82.574s][info][gc,marking  ] GC(196) Concurrent Mark From Roots 53.121ms
[82.574s][info][gc,marking  ] GC(196) Concurrent Preclean
[82.574s][info][gc,marking  ] GC(196) Concurrent Preclean 0.079ms
[82.574s][info][gc,start    ] GC(196) Pause Remark
[82.582s][info][gc          ] GC(196) Pause Remark 277M->277M(527M) 8.158ms
[82.582s][info][gc,cpu      ] GC(196) User=0.01s Sys=0.00s Real=0.00s
[82.582s][info][gc,marking  ] GC(196) Concurrent Mark 61.649ms
[82.582s][info][gc,marking  ] GC(196) Concurrent Rebuild Remembered Sets and Scrub Regions
[82.606s][info][gc,marking  ] GC(196) Concurrent Rebuild Remembered Sets and Scrub Regions 24.070ms
[82.606s][info][gc,start    ] GC(196) Pause Cleanup
[82.606s][info][gc          ] GC(196) Pause Cleanup 286M->286M(527M) 0.075ms
[82.606s][info][gc,cpu      ] GC(196) User=0.00s Sys=0.00s Real=0.00s
[82.607s][info][gc,marking  ] GC(196) Concurrent Clear Claimed Marks
[82.607s][info][gc,marking  ] GC(196) Concurrent Clear Claimed Marks 0.112ms
[82.607s][info][gc,marking  ] GC(196) Concurrent Cleanup for Next Mark
[82.609s][info][gc,marking  ] GC(196) Concurrent Cleanup for Next Mark 1.604ms
[82.609s][info][gc          ] GC(196) Concurrent Mark Cycle 92.186ms
[83.132s][info][gc,start    ] GC(197) Pause Young (Prepare Mixed) (G1 Evacuation Pause)
[83.132s][info][gc,task     ] GC(197) Using 2 workers of 2 for evacuation
[83.138s][info][gc,phases   ] GC(197)   Pre Evacuate Collection Set: 0.26ms
[83.138s][info][gc,phases   ] GC(197)   Merge Heap Roots: 0.12ms
[83.138s][info][gc,phases   ] GC(197)   Evacuate Collection Set: 4.36ms
[83.138s][info][gc,phases   ] GC(197)   Post Evacuate Collection Set: 0.68ms
[83.138s][info][gc,phases   ] GC(197)   Other: 0.09ms
[83.138s][info][gc,heap     ] GC(197) Eden regions: 241->0(243)
[83.138s][info][gc,heap     ] GC(197) Survivor regions: 3->2(31)
[83.138s][info][gc,heap     ] GC(197) Old regions: 46->46
[83.138s][info][gc,heap     ] GC(197) Humongous regions: 207->207
[83.138s][info][gc,metaspace] GC(197) Metaspace: 56069K(56384K)->56069K(56384K) NonClass: 47783K(48000K)->47783K(48000K) Class: 8285K(8384K)->8285K(8384K)
[83.138s][info][gc          ] GC(197) Pause Young (Prepare Mixed) (G1 Evacuation Pause) 496M->254M(527M) 5.689ms
[83.138s][info][gc,cpu      ] GC(197) User=0.01s Sys=0.00s Real=0.00s
[83.797s][info][gc,start    ] GC(198) Pause Young (Mixed) (G1 Evacuation Pause)
[83.797s][info][gc,task     ] GC(198) Using 2 workers of 2 for evacuation
[83.803s][info][gc,phases   ] GC(198)   Pre Evacuate Collection Set: 0.25ms
[83.803s][info][gc,phases   ] GC(198)   Merge Heap Roots: 0.10ms
[83.803s][info][gc,phases   ] GC(198)   Evacuate Collection Set: 4.65ms
[83.803s][info][gc,phases   ] GC(198)   Post Evacuate Collection Set: 0.57ms
[83.803s][info][gc,phases   ] GC(198)   Other: 0.09ms
[83.803s][info][gc,heap     ] GC(198) Eden regions: 243->0(246)
[83.803s][info][gc,heap     ] GC(198) Survivor regions: 2->1(31)
[83.803s][info][gc,heap     ] GC(198) Old regions: 46->45
[83.803s][info][gc,heap     ] GC(198) Humongous regions: 207->207
[83.803s][info][gc,metaspace] GC(198) Metaspace: 56069K(56384K)->56069K(56384K) NonClass: 47783K(48000K)->47783K(48000K) Class: 8285K(8384K)->8285K(8384K)
[83.803s][info][gc          ] GC(198) Pause Young (Mixed) (G1 Evacuation Pause) 497M->252M(527M) 5.865ms
[83.803s][info][gc,cpu      ] GC(198) User=0.01s Sys=0.00s Real=0.01s
[84.570s][info][gc,start    ] GC(199) Pause Young (Concurrent Start) (G1 Evacuation Pause)
[84.570s][info][gc,task     ] GC(199) Using 2 workers of 2 for evacuation
[84.577s][info][gc,phases   ] GC(199)   Pre Evacuate Collection Set: 0.32ms
[84.577s][info][gc,phases   ] GC(199)   Merge Heap Roots: 0.09ms
[84.577s][info][gc,phases   ] GC(199)   Evacuate Collection Set: 5.81ms
[84.577s][info][gc,phases   ] GC(199)   Post Evacuate Collection Set: 0.58ms
[84.577s][info][gc,phases   ] GC(199)   Other: 0.10ms
[84.577s][info][gc,heap     ] GC(199) Eden regions: 246->0(242)
[84.577s][info][gc,heap     ] GC(199) Survivor regions: 1->3(31)
[84.577s][info][gc,heap     ] GC(199) Old regions: 45->45
[84.577s][info][gc,heap     ] GC(199) Humongous regions: 207->207
[84.577s][info][gc,metaspace] GC(199) Metaspace: 56069K(56384K)->56069K(56384K) NonClass: 47783K(48000K)->47783K(48000K) Class: 8285K(8384K)->8285K(8384K)
[84.577s][info][gc          ] GC(199) Pause Young (Concurrent Start) (G1 Evacuation Pause) 498M->254M(527M) 7.079ms
[84.577s][info][gc          ] GC(200) Concurrent Mark Cycle
[84.577s][info][gc,marking  ] GC(200) Concurrent Scan Root Regions
[84.579s][info][gc,cpu      ] GC(199) User=0.02s Sys=0.00s Real=0.01s
[84.581s][info][gc,marking  ] GC(200) Concurrent Scan Root Regions 4.087ms
[84.581s][info][gc,marking  ] GC(200) Concurrent Mark
[84.581s][info][gc,marking  ] GC(200) Concurrent Mark From Roots
[84.581s][info][gc,task     ] GC(200) Using 1 workers of 1 for marking
[84.635s][info][gc,marking  ] GC(200) Concurrent Mark From Roots 54.057ms
[84.635s][info][gc,marking  ] GC(200) Concurrent Preclean
[84.635s][info][gc,marking  ] GC(200) Concurrent Preclean 0.087ms
[84.636s][info][gc,start    ] GC(200) Pause Remark
[84.644s][info][gc          ] GC(200) Pause Remark 280M->280M(527M) 8.084ms
[84.644s][info][gc,cpu      ] GC(200) User=0.01s Sys=0.00s Real=0.01s
[84.645s][info][gc,marking  ] GC(200) Concurrent Mark 63.444ms
[84.645s][info][gc,marking  ] GC(200) Concurrent Rebuild Remembered Sets and Scrub Regions
[84.667s][info][gc,marking  ] GC(200) Concurrent Rebuild Remembered Sets and Scrub Regions 22.300ms
[84.667s][info][gc,start    ] GC(200) Pause Cleanup
[84.667s][info][gc          ] GC(200) Pause Cleanup 292M->292M(527M) 0.070ms
[84.667s][info][gc,cpu      ] GC(200) User=0.00s Sys=0.00s Real=0.00s
[84.667s][info][gc,marking  ] GC(200) Concurrent Clear Claimed Marks
[84.667s][info][gc,marking  ] GC(200) Concurrent Clear Claimed Marks 0.094ms
[84.667s][info][gc,marking  ] GC(200) Concurrent Cleanup for Next Mark
[84.669s][info][gc,marking  ] GC(200) Concurrent Cleanup for Next Mark 1.590ms
[84.669s][info][gc          ] GC(200) Concurrent Mark Cycle 91.966ms
[85.195s][info][gc,start    ] GC(201) Pause Young (Prepare Mixed) (G1 Evacuation Pause)
[85.195s][info][gc,task     ] GC(201) Using 2 workers of 2 for evacuation
[85.199s][info][gc,phases   ] GC(201)   Pre Evacuate Collection Set: 0.28ms
[85.199s][info][gc,phases   ] GC(201)   Merge Heap Roots: 0.12ms
[85.199s][info][gc,phases   ] GC(201)   Evacuate Collection Set: 2.91ms
[85.199s][info][gc,phases   ] GC(201)   Post Evacuate Collection Set: 0.60ms
[85.199s][info][gc,phases   ] GC(201)   Other: 0.08ms
[85.199s][info][gc,heap     ] GC(201) Eden regions: 242->0(243)
[85.199s][info][gc,heap     ] GC(201) Survivor regions: 3->2(31)
[85.199s][info][gc,heap     ] GC(201) Old regions: 45->46
[85.199s][info][gc,heap     ] GC(201) Humongous regions: 207->207
[85.199s][info][gc,metaspace] GC(201) Metaspace: 56069K(56448K)->56069K(56448K) NonClass: 47783K(48064K)->47783K(48064K) Class: 8285K(8384K)->8285K(8384K)
[85.199s][info][gc          ] GC(201) Pause Young (Prepare Mixed) (G1 Evacuation Pause) 496M->253M(527M) 4.206ms
[85.200s][info][gc,cpu      ] GC(201) User=0.01s Sys=0.00s Real=0.00s
[85.818s][info][gc,start    ] GC(202) Pause Young (Mixed) (G1 Evacuation Pause)
[85.818s][info][gc,task     ] GC(202) Using 2 workers of 2 for evacuation
[85.826s][info][gc,phases   ] GC(202)   Pre Evacuate Collection Set: 0.27ms
[85.826s][info][gc,phases   ] GC(202)   Merge Heap Roots: 0.14ms
[85.826s][info][gc,phases   ] GC(202)   Evacuate Collection Set: 6.63ms
[85.826s][info][gc,phases   ] GC(202)   Post Evacuate Collection Set: 0.61ms
[85.826s][info][gc,phases   ] GC(202)   Other: 0.07ms
[85.826s][info][gc,heap     ] GC(202) Eden regions: 243->0(244)
[85.826s][info][gc,heap     ] GC(202) Survivor regions: 2->2(31)
[85.826s][info][gc,heap     ] GC(202) Old regions: 46->45
[85.826s][info][gc,heap     ] GC(202) Humongous regions: 207->207
[85.826s][info][gc,metaspace] GC(202) Metaspace: 56069K(56448K)->56069K(56448K) NonClass: 47783K(48064K)->47783K(48064K) Class: 8285K(8384K)->8285K(8384K)
[85.826s][info][gc          ] GC(202) Pause Young (Mixed) (G1 Evacuation Pause) 496M->253M(527M) 7.931ms
[85.826s][info][gc,cpu      ] GC(202) User=0.02s Sys=0.00s Real=0.01s
[86.446s][info][gc,start    ] GC(203) Pause Young (Concurrent Start) (G1 Evacuation Pause)
[86.446s][info][gc,task     ] GC(203) Using 2 workers of 2 for evacuation
[86.450s][info][gc,phases   ] GC(203)   Pre Evacuate Collection Set: 0.31ms
[86.450s][info][gc,phases   ] GC(203)   Merge Heap Roots: 0.09ms
[86.450s][info][gc,phases   ] GC(203)   Evacuate Collection Set: 3.14ms
[86.450s][info][gc,phases   ] GC(203)   Post Evacuate Collection Set: 0.54ms
[86.450s][info][gc,phases   ] GC(203)   Other: 0.09ms
[86.450s][info][gc,heap     ] GC(203) Eden regions: 244->0(244)
[86.450s][info][gc,heap     ] GC(203) Survivor regions: 2->2(31)
[86.450s][info][gc,heap     ] GC(203) Old regions: 45->45
[86.450s][info][gc,heap     ] GC(203) Humongous regions: 207->207
[86.450s][info][gc,metaspace] GC(203) Metaspace: 56069K(56448K)->56069K(56448K) NonClass: 47783K(48064K)->47783K(48064K) Class: 8285K(8384K)->8285K(8384K)
[86.450s][info][gc          ] GC(203) Pause Young (Concurrent Start) (G1 Evacuation Pause) 497M->252M(527M) 4.372ms
[86.450s][info][gc,cpu      ] GC(203) User=0.01s Sys=0.00s Real=0.00s
[86.450s][info][gc          ] GC(204) Concurrent Mark Cycle
[86.451s][info][gc,marking  ] GC(204) Concurrent Scan Root Regions
[86.454s][info][gc,marking  ] GC(204) Concurrent Scan Root Regions 2.663ms
[86.454s][info][gc,marking  ] GC(204) Concurrent Mark
[86.454s][info][gc,marking  ] GC(204) Concurrent Mark From Roots
[86.454s][info][gc,task     ] GC(204) Using 1 workers of 1 for marking
[86.499s][info][gc,marking  ] GC(204) Concurrent Mark From Roots 44.796ms
[86.499s][info][gc,marking  ] GC(204) Concurrent Preclean
[86.499s][info][gc,marking  ] GC(204) Concurrent Preclean 0.076ms
[86.500s][info][gc,start    ] GC(204) Pause Remark
[86.508s][info][gc          ] GC(204) Pause Remark 262M->262M(527M) 8.057ms
[86.508s][info][gc,cpu      ] GC(204) User=0.01s Sys=0.00s Real=0.01s
[86.509s][info][gc,marking  ] GC(204) Concurrent Mark 54.408ms
[86.509s][info][gc,marking  ] GC(204) Concurrent Rebuild Remembered Sets and Scrub Regions
[86.550s][info][gc,marking  ] GC(204) Concurrent Rebuild Remembered Sets and Scrub Regions 41.667ms
[86.550s][info][gc,start    ] GC(204) Pause Cleanup
[86.550s][info][gc          ] GC(204) Pause Cleanup 284M->284M(527M) 0.079ms
[86.550s][info][gc,cpu      ] GC(204) User=0.00s Sys=0.00s Real=0.00s
[86.551s][info][gc,marking  ] GC(204) Concurrent Clear Claimed Marks
[86.551s][info][gc,marking  ] GC(204) Concurrent Clear Claimed Marks 0.093ms
[86.551s][info][gc,marking  ] GC(204) Concurrent Cleanup for Next Mark
[86.552s][info][gc,marking  ] GC(204) Concurrent Cleanup for Next Mark 1.646ms
[86.552s][info][gc          ] GC(204) Concurrent Mark Cycle 102.001ms
[87.123s][info][gc,start    ] GC(205) Pause Young (Prepare Mixed) (G1 Evacuation Pause)
[87.123s][info][gc,task     ] GC(205) Using 2 workers of 2 for evacuation
[87.128s][info][gc,phases   ] GC(205)   Pre Evacuate Collection Set: 0.28ms
[87.128s][info][gc,phases   ] GC(205)   Merge Heap Roots: 0.10ms
[87.128s][info][gc,phases   ] GC(205)   Evacuate Collection Set: 3.71ms
[87.128s][info][gc,phases   ] GC(205)   Post Evacuate Collection Set: 0.55ms
[87.128s][info][gc,phases   ] GC(205)   Other: 0.10ms
[87.128s][info][gc,heap     ] GC(205) Eden regions: 244->0(242)
[87.128s][info][gc,heap     ] GC(205) Survivor regions: 2->3(31)
[87.128s][info][gc,heap     ] GC(205) Old regions: 45->45
[87.128s][info][gc,heap     ] GC(205) Humongous regions: 207->207
[87.128s][info][gc,metaspace] GC(205) Metaspace: 56069K(56448K)->56069K(56448K) NonClass: 47783K(48064K)->47783K(48064K) Class: 8285K(8384K)->8285K(8384K)
[87.128s][info][gc          ] GC(205) Pause Young (Prepare Mixed) (G1 Evacuation Pause) 496M->254M(527M) 4.949ms
[87.128s][info][gc,cpu      ] GC(205) User=0.01s Sys=0.00s Real=0.00s
[87.720s][info][gc,start    ] GC(206) Pause Young (Mixed) (G1 Evacuation Pause)
[87.720s][info][gc,task     ] GC(206) Using 2 workers of 2 for evacuation
[87.727s][info][gc,phases   ] GC(206)   Pre Evacuate Collection Set: 0.27ms
[87.727s][info][gc,phases   ] GC(206)   Merge Heap Roots: 0.10ms
[87.727s][info][gc,phases   ] GC(206)   Evacuate Collection Set: 5.72ms
[87.727s][info][gc,phases   ] GC(206)   Post Evacuate Collection Set: 0.65ms
[87.727s][info][gc,phases   ] GC(206)   Other: 0.11ms
[87.727s][info][gc,heap     ] GC(206) Eden regions: 242->0(244)
[87.727s][info][gc,heap     ] GC(206) Survivor regions: 3->2(31)
[87.727s][info][gc,heap     ] GC(206) Old regions: 45->45
[87.727s][info][gc,heap     ] GC(206) Humongous regions: 207->207
[87.727s][info][gc,metaspace] GC(206) Metaspace: 56069K(56448K)->56069K(56448K) NonClass: 47783K(48064K)->47783K(48064K) Class: 8285K(8384K)->8285K(8384K)
[87.727s][info][gc          ] GC(206) Pause Young (Mixed) (G1 Evacuation Pause) 496M->253M(527M) 7.039ms
[87.727s][info][gc,cpu      ] GC(206) User=0.01s Sys=0.00s Real=0.01s
[88.394s][info][gc,start    ] GC(207) Pause Young (Concurrent Start) (G1 Evacuation Pause)
[88.394s][info][gc,task     ] GC(207) Using 2 workers of 2 for evacuation
[88.398s][info][gc,phases   ] GC(207)   Pre Evacuate Collection Set: 0.31ms
[88.398s][info][gc,phases   ] GC(207)   Merge Heap Roots: 0.10ms
[88.398s][info][gc,phases   ] GC(207)   Evacuate Collection Set: 2.44ms
[88.398s][info][gc,phases   ] GC(207)   Post Evacuate Collection Set: 0.52ms
[88.398s][info][gc,phases   ] GC(207)   Other: 0.10ms
[88.398s][info][gc,heap     ] GC(207) Eden regions: 244->0(246)
[88.398s][info][gc,heap     ] GC(207) Survivor regions: 2->1(31)
[88.398s][info][gc,heap     ] GC(207) Old regions: 45->45
[88.398s][info][gc,heap     ] GC(207) Humongous regions: 207->207
[88.398s][info][gc,metaspace] GC(207) Metaspace: 56070K(56448K)->56070K(56448K) NonClass: 47784K(48064K)->47784K(48064K) Class: 8285K(8384K)->8285K(8384K)
[88.398s][info][gc          ] GC(207) Pause Young (Concurrent Start) (G1 Evacuation Pause) 497M->252M(527M) 3.659ms
[88.398s][info][gc          ] GC(208) Concurrent Mark Cycle
[88.398s][info][gc,marking  ] GC(208) Concurrent Scan Root Regions
[88.400s][info][gc,cpu      ] GC(207) User=0.01s Sys=0.00s Real=0.00s
[88.400s][info][gc,marking  ] GC(208) Concurrent Scan Root Regions 1.692ms
[88.400s][info][gc,marking  ] GC(208) Concurrent Mark
[88.400s][info][gc,marking  ] GC(208) Concurrent Mark From Roots
[88.400s][info][gc,task     ] GC(208) Using 1 workers of 1 for marking
[88.474s][info][gc,marking  ] GC(208) Concurrent Mark From Roots 74.032ms
[88.474s][info][gc,marking  ] GC(208) Concurrent Preclean
[88.474s][info][gc,marking  ] GC(208) Concurrent Preclean 0.096ms
[88.474s][info][gc,start    ] GC(208) Pause Remark
[88.482s][info][gc          ] GC(208) Pause Remark 288M->288M(527M) 8.060ms
[88.482s][info][gc,cpu      ] GC(208) User=0.01s Sys=0.00s Real=0.00s
[88.482s][info][gc,marking  ] GC(208) Concurrent Mark 82.755ms
[88.482s][info][gc,marking  ] GC(208) Concurrent Rebuild Remembered Sets and Scrub Regions
[88.509s][info][gc,marking  ] GC(208) Concurrent Rebuild Remembered Sets and Scrub Regions 26.975ms
[88.510s][info][gc,start    ] GC(208) Pause Cleanup
[88.510s][info][gc          ] GC(208) Pause Cleanup 300M->300M(527M) 0.071ms
[88.510s][info][gc,cpu      ] GC(208) User=0.00s Sys=0.00s Real=0.00s
[88.511s][info][gc,marking  ] GC(208) Concurrent Clear Claimed Marks
[88.511s][info][gc,marking  ] GC(208) Concurrent Clear Claimed Marks 0.116ms
[88.511s][info][gc,marking  ] GC(208) Concurrent Cleanup for Next Mark
[88.513s][info][gc,marking  ] GC(208) Concurrent Cleanup for Next Mark 2.111ms
[88.513s][info][gc          ] GC(208) Concurrent Mark Cycle 115.262ms
[89.022s][info][gc,start    ] GC(209) Pause Young (Prepare Mixed) (G1 Evacuation Pause)
[89.022s][info][gc,task     ] GC(209) Using 2 workers of 2 for evacuation
[89.027s][info][gc,phases   ] GC(209)   Pre Evacuate Collection Set: 0.28ms
[89.027s][info][gc,phases   ] GC(209)   Merge Heap Roots: 0.11ms
[89.027s][info][gc,phases   ] GC(209)   Evacuate Collection Set: 4.10ms
[89.027s][info][gc,phases   ] GC(209)   Post Evacuate Collection Set: 0.56ms
[89.027s][info][gc,phases   ] GC(209)   Other: 0.08ms
[89.027s][info][gc,heap     ] GC(209) Eden regions: 246->0(242)
[89.027s][info][gc,heap     ] GC(209) Survivor regions: 1->3(31)
[89.027s][info][gc,heap     ] GC(209) Old regions: 45->45
[89.027s][info][gc,heap     ] GC(209) Humongous regions: 207->207
[89.027s][info][gc,metaspace] GC(209) Metaspace: 56070K(56448K)->56070K(56448K) NonClass: 47784K(48064K)->47784K(48064K) Class: 8285K(8384K)->8285K(8384K)
[89.027s][info][gc          ] GC(209) Pause Young (Prepare Mixed) (G1 Evacuation Pause) 498M->254M(527M) 5.304ms
[89.028s][info][gc,cpu      ] GC(209) User=0.01s Sys=0.01s Real=0.00s
[89.643s][info][gc,start    ] GC(210) Pause Young (Mixed) (G1 Evacuation Pause)
[89.643s][info][gc,task     ] GC(210) Using 2 workers of 2 for evacuation
[89.648s][info][gc,phases   ] GC(210)   Pre Evacuate Collection Set: 0.27ms
[89.648s][info][gc,phases   ] GC(210)   Merge Heap Roots: 0.12ms
[89.648s][info][gc,phases   ] GC(210)   Evacuate Collection Set: 4.47ms
[89.648s][info][gc,phases   ] GC(210)   Post Evacuate Collection Set: 0.62ms
[89.648s][info][gc,phases   ] GC(210)   Other: 0.09ms
[89.648s][info][gc,heap     ] GC(210) Eden regions: 242->0(244)
[89.648s][info][gc,heap     ] GC(210) Survivor regions: 3->2(31)
[89.648s][info][gc,heap     ] GC(210) Old regions: 45->45
[89.648s][info][gc,heap     ] GC(210) Humongous regions: 207->207
[89.648s][info][gc,metaspace] GC(210) Metaspace: 56073K(56448K)->56073K(56448K) NonClass: 47788K(48064K)->47788K(48064K) Class: 8285K(8384K)->8285K(8384K)
[89.648s][info][gc          ] GC(210) Pause Young (Mixed) (G1 Evacuation Pause) 495M->252M(527M) 5.775ms
[89.648s][info][gc,cpu      ] GC(210) User=0.01s Sys=0.00s Real=0.00s
[90.311s][info][gc,start    ] GC(211) Pause Young (Concurrent Start) (G1 Evacuation Pause)
[90.311s][info][gc,task     ] GC(211) Using 2 workers of 2 for evacuation
[90.316s][info][gc,phases   ] GC(211)   Pre Evacuate Collection Set: 0.30ms
[90.316s][info][gc,phases   ] GC(211)   Merge Heap Roots: 0.09ms
[90.316s][info][gc,phases   ] GC(211)   Evacuate Collection Set: 3.72ms
[90.316s][info][gc,phases   ] GC(211)   Post Evacuate Collection Set: 0.53ms
[90.316s][info][gc,phases   ] GC(211)   Other: 0.10ms
[90.316s][info][gc,heap     ] GC(211) Eden regions: 244->0(244)
[90.316s][info][gc,heap     ] GC(211) Survivor regions: 2->2(31)
[90.316s][info][gc,heap     ] GC(211) Old regions: 45->45
[90.316s][info][gc,heap     ] GC(211) Humongous regions: 207->207
[90.316s][info][gc,metaspace] GC(211) Metaspace: 56073K(56448K)->56073K(56448K) NonClass: 47788K(48064K)->47788K(48064K) Class: 8285K(8384K)->8285K(8384K)
[90.316s][info][gc          ] GC(211) Pause Young (Concurrent Start) (G1 Evacuation Pause) 496M->253M(527M) 4.937ms
[90.316s][info][gc,cpu      ] GC(211) User=0.00s Sys=0.00s Real=0.01s
[90.317s][info][gc          ] GC(212) Concurrent Mark Cycle
[90.317s][info][gc,marking  ] GC(212) Concurrent Scan Root Regions
[90.319s][info][gc,marking  ] GC(212) Concurrent Scan Root Regions 2.377ms
[90.319s][info][gc,marking  ] GC(212) Concurrent Mark
[90.319s][info][gc,marking  ] GC(212) Concurrent Mark From Roots
[90.319s][info][gc,task     ] GC(212) Using 1 workers of 1 for marking
[90.377s][info][gc,marking  ] GC(212) Concurrent Mark From Roots 57.548ms
[90.377s][info][gc,marking  ] GC(212) Concurrent Preclean
[90.377s][info][gc,marking  ] GC(212) Concurrent Preclean 0.097ms
[90.377s][info][gc,start    ] GC(212) Pause Remark
[90.385s][info][gc          ] GC(212) Pause Remark 278M->278M(527M) 8.185ms
[90.385s][info][gc,cpu      ] GC(212) User=0.02s Sys=0.00s Real=0.01s
[90.385s][info][gc,marking  ] GC(212) Concurrent Mark 66.137ms
[90.385s][info][gc,marking  ] GC(212) Concurrent Rebuild Remembered Sets and Scrub Regions
[90.402s][info][gc,marking  ] GC(212) Concurrent Rebuild Remembered Sets and Scrub Regions 16.706ms
[90.402s][info][gc,start    ] GC(212) Pause Cleanup
[90.402s][info][gc          ] GC(212) Pause Cleanup 282M->282M(527M) 0.062ms
[90.402s][info][gc,cpu      ] GC(212) User=0.00s Sys=0.00s Real=0.00s
[90.402s][info][gc,marking  ] GC(212) Concurrent Clear Claimed Marks
[90.402s][info][gc,marking  ] GC(212) Concurrent Clear Claimed Marks 0.088ms
[90.402s][info][gc,marking  ] GC(212) Concurrent Cleanup for Next Mark
[90.404s][info][gc,marking  ] GC(212) Concurrent Cleanup for Next Mark 1.565ms
[90.404s][info][gc          ] GC(212) Concurrent Mark Cycle 87.238ms
[90.938s][info][gc,start    ] GC(213) Pause Young (Prepare Mixed) (G1 Evacuation Pause)
[90.938s][info][gc,task     ] GC(213) Using 2 workers of 2 for evacuation
[90.943s][info][gc,phases   ] GC(213)   Pre Evacuate Collection Set: 0.28ms
[90.943s][info][gc,phases   ] GC(213)   Merge Heap Roots: 0.10ms
[90.943s][info][gc,phases   ] GC(213)   Evacuate Collection Set: 3.45ms
[90.943s][info][gc,phases   ] GC(213)   Post Evacuate Collection Set: 0.57ms
[90.943s][info][gc,phases   ] GC(213)   Other: 0.10ms
[90.943s][info][gc,heap     ] GC(213) Eden regions: 244->0(244)
[90.943s][info][gc,heap     ] GC(213) Survivor regions: 2->2(31)
[90.943s][info][gc,heap     ] GC(213) Old regions: 45->45
[90.943s][info][gc,heap     ] GC(213) Humongous regions: 207->207
[90.943s][info][gc,metaspace] GC(213) Metaspace: 56073K(56448K)->56073K(56448K) NonClass: 47788K(48064K)->47788K(48064K) Class: 8285K(8384K)->8285K(8384K)
[90.943s][info][gc          ] GC(213) Pause Young (Prepare Mixed) (G1 Evacuation Pause) 497M->253M(527M) 4.673ms
[90.943s][info][gc,cpu      ] GC(213) User=0.00s Sys=0.00s Real=0.01s
[91.607s][info][gc,start    ] GC(214) Pause Young (Mixed) (G1 Evacuation Pause)
[91.607s][info][gc,task     ] GC(214) Using 2 workers of 2 for evacuation
[91.613s][info][gc,phases   ] GC(214)   Pre Evacuate Collection Set: 0.27ms
[91.613s][info][gc,phases   ] GC(214)   Merge Heap Roots: 0.10ms
[91.613s][info][gc,phases   ] GC(214)   Evacuate Collection Set: 4.65ms
[91.613s][info][gc,phases   ] GC(214)   Post Evacuate Collection Set: 0.72ms
[91.613s][info][gc,phases   ] GC(214)   Other: 0.08ms
[91.613s][info][gc,heap     ] GC(214) Eden regions: 244->0(242)
[91.613s][info][gc,heap     ] GC(214) Survivor regions: 2->3(31)
[91.613s][info][gc,heap     ] GC(214) Old regions: 45->45
[91.613s][info][gc,heap     ] GC(214) Humongous regions: 207->207
[91.613s][info][gc,metaspace] GC(214) Metaspace: 56073K(56448K)->56073K(56448K) NonClass: 47788K(48064K)->47788K(48064K) Class: 8285K(8384K)->8285K(8384K)
[91.613s][info][gc          ] GC(214) Pause Young (Mixed) (G1 Evacuation Pause) 497M->253M(527M) 6.021ms
[91.613s][info][gc,cpu      ] GC(214) User=0.01s Sys=0.00s Real=0.01s
[92.277s][info][gc,start    ] GC(215) Pause Young (Concurrent Start) (G1 Evacuation Pause)
[92.277s][info][gc,task     ] GC(215) Using 2 workers of 2 for evacuation
[92.280s][info][gc,phases   ] GC(215)   Pre Evacuate Collection Set: 0.27ms
[92.280s][info][gc,phases   ] GC(215)   Merge Heap Roots: 0.09ms
[92.280s][info][gc,phases   ] GC(215)   Evacuate Collection Set: 2.29ms
[92.280s][info][gc,phases   ] GC(215)   Post Evacuate Collection Set: 0.56ms
[92.280s][info][gc,phases   ] GC(215)   Other: 0.10ms
[92.280s][info][gc,heap     ] GC(215) Eden regions: 242->0(246)
[92.280s][info][gc,heap     ] GC(215) Survivor regions: 3->1(31)
[92.280s][info][gc,heap     ] GC(215) Old regions: 45->45
[92.280s][info][gc,heap     ] GC(215) Humongous regions: 207->207
[92.280s][info][gc,metaspace] GC(215) Metaspace: 56073K(56448K)->56073K(56448K) NonClass: 47788K(48064K)->47788K(48064K) Class: 8285K(8384K)->8285K(8384K)
[92.280s][info][gc          ] GC(215) Pause Young (Concurrent Start) (G1 Evacuation Pause) 495M->251M(527M) 3.501ms
[92.280s][info][gc          ] GC(216) Concurrent Mark Cycle
[92.280s][info][gc,marking  ] GC(216) Concurrent Scan Root Regions
[92.281s][info][gc,cpu      ] GC(215) User=0.01s Sys=0.00s Real=0.00s
[92.283s][info][gc,marking  ] GC(216) Concurrent Scan Root Regions 3.299ms
[92.283s][info][gc,marking  ] GC(216) Concurrent Mark
[92.283s][info][gc,marking  ] GC(216) Concurrent Mark From Roots
[92.284s][info][gc,task     ] GC(216) Using 1 workers of 1 for marking
[92.357s][info][gc,marking  ] GC(216) Concurrent Mark From Roots 73.003ms
[92.357s][info][gc,marking  ] GC(216) Concurrent Preclean
[92.357s][info][gc,marking  ] GC(216) Concurrent Preclean 0.090ms
[92.357s][info][gc,start    ] GC(216) Pause Remark
[92.365s][info][gc          ] GC(216) Pause Remark 293M->293M(527M) 8.054ms
[92.365s][info][gc,cpu      ] GC(216) User=0.02s Sys=0.00s Real=0.01s
[92.365s][info][gc,marking  ] GC(216) Concurrent Mark 81.876ms
[92.365s][info][gc,marking  ] GC(216) Concurrent Rebuild Remembered Sets and Scrub Regions
[92.388s][info][gc,marking  ] GC(216) Concurrent Rebuild Remembered Sets and Scrub Regions 22.587ms
[92.388s][info][gc,start    ] GC(216) Pause Cleanup
[92.388s][info][gc          ] GC(216) Pause Cleanup 298M->298M(527M) 0.091ms
[92.388s][info][gc,cpu      ] GC(216) User=0.00s Sys=0.00s Real=0.00s
[92.388s][info][gc,marking  ] GC(216) Concurrent Clear Claimed Marks
[92.388s][info][gc,marking  ] GC(216) Concurrent Clear Claimed Marks 0.090ms
[92.388s][info][gc,marking  ] GC(216) Concurrent Cleanup for Next Mark
[92.390s][info][gc,marking  ] GC(216) Concurrent Cleanup for Next Mark 1.598ms
[92.390s][info][gc          ] GC(216) Concurrent Mark Cycle 109.790ms
[92.905s][info][gc,start    ] GC(217) Pause Young (Prepare Mixed) (G1 Evacuation Pause)
[92.905s][info][gc,task     ] GC(217) Using 2 workers of 2 for evacuation
[92.909s][info][gc,phases   ] GC(217)   Pre Evacuate Collection Set: 0.25ms
[92.909s][info][gc,phases   ] GC(217)   Merge Heap Roots: 0.12ms
[92.909s][info][gc,phases   ] GC(217)   Evacuate Collection Set: 3.00ms
[92.909s][info][gc,phases   ] GC(217)   Post Evacuate Collection Set: 0.58ms
[92.909s][info][gc,phases   ] GC(217)   Other: 0.12ms
[92.909s][info][gc,heap     ] GC(217) Eden regions: 246->0(244)
[92.909s][info][gc,heap     ] GC(217) Survivor regions: 1->2(31)
[92.909s][info][gc,heap     ] GC(217) Old regions: 45->45
[92.909s][info][gc,heap     ] GC(217) Humongous regions: 207->207
[92.909s][info][gc,metaspace] GC(217) Metaspace: 56073K(56448K)->56073K(56448K) NonClass: 47788K(48064K)->47788K(48064K) Class: 8285K(8384K)->8285K(8384K)
[92.909s][info][gc          ] GC(217) Pause Young (Prepare Mixed) (G1 Evacuation Pause) 497M->252M(527M) 4.253ms
[92.909s][info][gc,cpu      ] GC(217) User=0.01s Sys=0.00s Real=0.00s
[93.530s][info][gc,start    ] GC(218) Pause Young (Mixed) (G1 Evacuation Pause)
[93.530s][info][gc,task     ] GC(218) Using 2 workers of 2 for evacuation
[93.538s][info][gc,phases   ] GC(218)   Pre Evacuate Collection Set: 0.27ms
[93.538s][info][gc,phases   ] GC(218)   Merge Heap Roots: 0.13ms
[93.538s][info][gc,phases   ] GC(218)   Evacuate Collection Set: 6.22ms
[93.538s][info][gc,phases   ] GC(218)   Post Evacuate Collection Set: 0.63ms
[93.538s][info][gc,phases   ] GC(218)   Other: 0.10ms
[93.538s][info][gc,heap     ] GC(218) Eden regions: 244->0(242)
[93.538s][info][gc,heap     ] GC(218) Survivor regions: 2->3(31)
[93.538s][info][gc,heap     ] GC(218) Old regions: 45->45
[93.538s][info][gc,heap     ] GC(218) Humongous regions: 207->207
[93.538s][info][gc,metaspace] GC(218) Metaspace: 56073K(56448K)->56073K(56448K) NonClass: 47788K(48064K)->47788K(48064K) Class: 8285K(8384K)->8285K(8384K)
[93.538s][info][gc          ] GC(218) Pause Young (Mixed) (G1 Evacuation Pause) 496M->253M(527M) 7.553ms
[93.538s][info][gc,cpu      ] GC(218) User=0.01s Sys=0.00s Real=0.01s
[94.193s][info][gc,start    ] GC(219) Pause Young (Concurrent Start) (G1 Evacuation Pause)
[94.193s][info][gc,task     ] GC(219) Using 2 workers of 2 for evacuation
[94.196s][info][gc,phases   ] GC(219)   Pre Evacuate Collection Set: 0.30ms
[94.196s][info][gc,phases   ] GC(219)   Merge Heap Roots: 0.09ms
[94.196s][info][gc,phases   ] GC(219)   Evacuate Collection Set: 2.36ms
[94.196s][info][gc,phases   ] GC(219)   Post Evacuate Collection Set: 0.57ms
[94.196s][info][gc,phases   ] GC(219)   Other: 0.11ms
[94.196s][info][gc,heap     ] GC(219) Eden regions: 242->0(246)
[94.196s][info][gc,heap     ] GC(219) Survivor regions: 3->1(31)
[94.196s][info][gc,heap     ] GC(219) Old regions: 45->45
[94.196s][info][gc,heap     ] GC(219) Humongous regions: 207->207
[94.196s][info][gc,metaspace] GC(219) Metaspace: 56074K(56448K)->56074K(56448K) NonClass: 47788K(48064K)->47788K(48064K) Class: 8285K(8384K)->8285K(8384K)
[94.196s][info][gc          ] GC(219) Pause Young (Concurrent Start) (G1 Evacuation Pause) 495M->251M(527M) 3.670ms
[94.196s][info][gc,cpu      ] GC(219) User=0.01s Sys=0.00s Real=0.00s
[94.197s][info][gc          ] GC(220) Concurrent Mark Cycle
[94.197s][info][gc,marking  ] GC(220) Concurrent Scan Root Regions
[94.200s][info][gc,marking  ] GC(220) Concurrent Scan Root Regions 3.131ms
[94.200s][info][gc,marking  ] GC(220) Concurrent Mark
[94.200s][info][gc,marking  ] GC(220) Concurrent Mark From Roots
[94.200s][info][gc,task     ] GC(220) Using 1 workers of 1 for marking
[94.271s][info][gc,marking  ] GC(220) Concurrent Mark From Roots 71.339ms
[94.271s][info][gc,marking  ] GC(220) Concurrent Preclean
[94.271s][info][gc,marking  ] GC(220) Concurrent Preclean 0.096ms
[94.271s][info][gc,start    ] GC(220) Pause Remark
[94.280s][info][gc          ] GC(220) Pause Remark 288M->288M(527M) 8.281ms
[94.280s][info][gc,cpu      ] GC(220) User=0.01s Sys=0.00s Real=0.01s
[94.280s][info][gc,marking  ] GC(220) Concurrent Mark 80.166ms
[94.280s][info][gc,marking  ] GC(220) Concurrent Rebuild Remembered Sets and Scrub Regions
[94.305s][info][gc,marking  ] GC(220) Concurrent Rebuild Remembered Sets and Scrub Regions 25.347ms
[94.305s][info][gc,start    ] GC(220) Pause Cleanup
[94.305s][info][gc          ] GC(220) Pause Cleanup 299M->299M(527M) 0.065ms
[94.305s][info][gc,cpu      ] GC(220) User=0.00s Sys=0.00s Real=0.00s
[94.305s][info][gc,marking  ] GC(220) Concurrent Clear Claimed Marks
[94.306s][info][gc,marking  ] GC(220) Concurrent Clear Claimed Marks 0.098ms
[94.306s][info][gc,marking  ] GC(220) Concurrent Cleanup for Next Mark
[94.309s][info][gc,marking  ] GC(220) Concurrent Cleanup for Next Mark 3.790ms
[94.309s][info][gc          ] GC(220) Concurrent Mark Cycle 112.903ms
[94.817s][info][gc,start    ] GC(221) Pause Young (Prepare Mixed) (G1 Evacuation Pause)
[94.817s][info][gc,task     ] GC(221) Using 2 workers of 2 for evacuation
[94.822s][info][gc,phases   ] GC(221)   Pre Evacuate Collection Set: 0.28ms
[94.822s][info][gc,phases   ] GC(221)   Merge Heap Roots: 0.12ms
[94.822s][info][gc,phases   ] GC(221)   Evacuate Collection Set: 3.87ms
[94.822s][info][gc,phases   ] GC(221)   Post Evacuate Collection Set: 0.53ms
[94.822s][info][gc,phases   ] GC(221)   Other: 0.09ms
[94.822s][info][gc,heap     ] GC(221) Eden regions: 246->0(242)
[94.822s][info][gc,heap     ] GC(221) Survivor regions: 1->3(31)
[94.822s][info][gc,heap     ] GC(221) Old regions: 45->45
[94.822s][info][gc,heap     ] GC(221) Humongous regions: 207->207
[94.822s][info][gc,metaspace] GC(221) Metaspace: 56075K(56448K)->56075K(56448K) NonClass: 47789K(48064K)->47789K(48064K) Class: 8285K(8384K)->8285K(8384K)
[94.822s][info][gc          ] GC(221) Pause Young (Prepare Mixed) (G1 Evacuation Pause) 497M->253M(527M) 5.102ms
[94.822s][info][gc,cpu      ] GC(221) User=0.01s Sys=0.00s Real=0.00s
[95.446s][info][gc,start    ] GC(222) Pause Young (Mixed) (G1 Evacuation Pause)
[95.446s][info][gc,task     ] GC(222) Using 2 workers of 2 for evacuation
[95.455s][info][gc,phases   ] GC(222)   Pre Evacuate Collection Set: 0.33ms
[95.455s][info][gc,phases   ] GC(222)   Merge Heap Roots: 0.14ms
[95.455s][info][gc,phases   ] GC(222)   Evacuate Collection Set: 7.41ms
[95.455s][info][gc,phases   ] GC(222)   Post Evacuate Collection Set: 0.64ms
[95.455s][info][gc,phases   ] GC(222)   Other: 0.10ms
[95.455s][info][gc,heap     ] GC(222) Eden regions: 242->0(245)
[95.455s][info][gc,heap     ] GC(222) Survivor regions: 3->2(31)
[95.455s][info][gc,heap     ] GC(222) Old regions: 45->44
[95.455s][info][gc,heap     ] GC(222) Humongous regions: 207->207
[95.455s][info][gc,metaspace] GC(222) Metaspace: 56075K(56448K)->56075K(56448K) NonClass: 47789K(48064K)->47789K(48064K) Class: 8285K(8384K)->8285K(8384K)
[95.455s][info][gc          ] GC(222) Pause Young (Mixed) (G1 Evacuation Pause) 495M->252M(527M) 8.909ms
[95.455s][info][gc,cpu      ] GC(222) User=0.01s Sys=0.00s Real=0.01s
[96.108s][info][gc,start    ] GC(223) Pause Young (Concurrent Start) (G1 Evacuation Pause)
[96.108s][info][gc,task     ] GC(223) Using 2 workers of 2 for evacuation
[96.112s][info][gc,phases   ] GC(223)   Pre Evacuate Collection Set: 0.30ms
[96.112s][info][gc,phases   ] GC(223)   Merge Heap Roots: 0.11ms
[96.112s][info][gc,phases   ] GC(223)   Evacuate Collection Set: 3.38ms
[96.112s][info][gc,phases   ] GC(223)   Post Evacuate Collection Set: 0.61ms
[96.112s][info][gc,phases   ] GC(223)   Other: 0.10ms
[96.112s][info][gc,heap     ] GC(223) Eden regions: 245->0(244)
[96.112s][info][gc,heap     ] GC(223) Survivor regions: 2->2(31)
[96.112s][info][gc,heap     ] GC(223) Old regions: 44->45
[96.112s][info][gc,heap     ] GC(223) Humongous regions: 207->207
[96.112s][info][gc,metaspace] GC(223) Metaspace: 56075K(56448K)->56075K(56448K) NonClass: 47789K(48064K)->47789K(48064K) Class: 8285K(8384K)->8285K(8384K)
[96.112s][info][gc          ] GC(223) Pause Young (Concurrent Start) (G1 Evacuation Pause) 497M->252M(527M) 4.688ms
[96.112s][info][gc          ] GC(224) Concurrent Mark Cycle
[96.113s][info][gc,marking  ] GC(224) Concurrent Scan Root Regions
[96.113s][info][gc,cpu      ] GC(223) User=0.01s Sys=0.00s Real=0.01s
[96.115s][info][gc,marking  ] GC(224) Concurrent Scan Root Regions 2.374ms
[96.115s][info][gc,marking  ] GC(224) Concurrent Mark
[96.115s][info][gc,marking  ] GC(224) Concurrent Mark From Roots
[96.115s][info][gc,task     ] GC(224) Using 1 workers of 1 for marking
[96.177s][info][gc,marking  ] GC(224) Concurrent Mark From Roots 61.603ms
[96.177s][info][gc,marking  ] GC(224) Concurrent Preclean
[96.177s][info][gc,marking  ] GC(224) Concurrent Preclean 0.079ms
[96.177s][info][gc,start    ] GC(224) Pause Remark
[96.185s][info][gc          ] GC(224) Pause Remark 279M->279M(527M) 8.413ms
[96.185s][info][gc,cpu      ] GC(224) User=0.02s Sys=0.00s Real=0.01s
[96.185s][info][gc,marking  ] GC(224) Concurrent Mark 70.555ms
[96.185s][info][gc,marking  ] GC(224) Concurrent Rebuild Remembered Sets and Scrub Regions
[96.213s][info][gc,marking  ] GC(224) Concurrent Rebuild Remembered Sets and Scrub Regions 27.806ms
[96.215s][info][gc,start    ] GC(224) Pause Cleanup
[96.215s][info][gc          ] GC(224) Pause Cleanup 294M->294M(527M) 0.085ms
[96.215s][info][gc,cpu      ] GC(224) User=0.00s Sys=0.00s Real=0.00s
[96.218s][info][gc,marking  ] GC(224) Concurrent Clear Claimed Marks
[96.218s][info][gc,marking  ] GC(224) Concurrent Clear Claimed Marks 0.116ms
[96.218s][info][gc,marking  ] GC(224) Concurrent Cleanup for Next Mark
[96.221s][info][gc,marking  ] GC(224) Concurrent Cleanup for Next Mark 3.505ms
[96.221s][info][gc          ] GC(224) Concurrent Mark Cycle 108.686ms
[96.787s][info][gc,start    ] GC(225) Pause Young (Prepare Mixed) (G1 Evacuation Pause)
[96.787s][info][gc,task     ] GC(225) Using 2 workers of 2 for evacuation
[96.790s][info][gc,phases   ] GC(225)   Pre Evacuate Collection Set: 0.28ms
[96.790s][info][gc,phases   ] GC(225)   Merge Heap Roots: 0.11ms
[96.790s][info][gc,phases   ] GC(225)   Evacuate Collection Set: 2.54ms
[96.790s][info][gc,phases   ] GC(225)   Post Evacuate Collection Set: 0.56ms
[96.790s][info][gc,phases   ] GC(225)   Other: 0.10ms
[96.791s][info][gc,heap     ] GC(225) Eden regions: 244->0(246)
[96.791s][info][gc,heap     ] GC(225) Survivor regions: 2->1(31)
[96.791s][info][gc,heap     ] GC(225) Old regions: 45->45
[96.791s][info][gc,heap     ] GC(225) Humongous regions: 207->207
[96.791s][info][gc,metaspace] GC(225) Metaspace: 56075K(56448K)->56075K(56448K) NonClass: 47789K(48064K)->47789K(48064K) Class: 8285K(8384K)->8285K(8384K)
[96.791s][info][gc          ] GC(225) Pause Young (Prepare Mixed) (G1 Evacuation Pause) 496M->251M(527M) 3.778ms
[96.791s][info][gc,cpu      ] GC(225) User=0.01s Sys=0.00s Real=0.00s
[97.404s][info][gc,start    ] GC(226) Pause Young (Mixed) (G1 Evacuation Pause)
[97.404s][info][gc,task     ] GC(226) Using 2 workers of 2 for evacuation
[97.411s][info][gc,phases   ] GC(226)   Pre Evacuate Collection Set: 0.26ms
[97.411s][info][gc,phases   ] GC(226)   Merge Heap Roots: 0.13ms
[97.411s][info][gc,phases   ] GC(226)   Evacuate Collection Set: 5.79ms
[97.411s][info][gc,phases   ] GC(226)   Post Evacuate Collection Set: 0.65ms
[97.411s][info][gc,phases   ] GC(226)   Other: 0.10ms
[97.411s][info][gc,heap     ] GC(226) Eden regions: 246->0(245)
[97.411s][info][gc,heap     ] GC(226) Survivor regions: 1->2(31)
[97.411s][info][gc,heap     ] GC(226) Old regions: 45->44
[97.411s][info][gc,heap     ] GC(226) Humongous regions: 207->207
[97.411s][info][gc,metaspace] GC(226) Metaspace: 56075K(56448K)->56075K(56448K) NonClass: 47789K(48064K)->47789K(48064K) Class: 8285K(8384K)->8285K(8384K)
[97.411s][info][gc          ] GC(226) Pause Young (Mixed) (G1 Evacuation Pause) 497M->252M(527M) 7.110ms
[97.411s][info][gc,cpu      ] GC(226) User=0.01s Sys=0.00s Real=0.00s
[98.030s][info][gc,start    ] GC(227) Pause Young (Concurrent Start) (G1 Evacuation Pause)
[98.030s][info][gc,task     ] GC(227) Using 2 workers of 2 for evacuation
[98.035s][info][gc,phases   ] GC(227)   Pre Evacuate Collection Set: 0.30ms
[98.035s][info][gc,phases   ] GC(227)   Merge Heap Roots: 0.09ms
[98.035s][info][gc,phases   ] GC(227)   Evacuate Collection Set: 4.57ms
[98.035s][info][gc,phases   ] GC(227)   Post Evacuate Collection Set: 0.56ms
[98.035s][info][gc,phases   ] GC(227)   Other: 0.11ms
[98.035s][info][gc,heap     ] GC(227) Eden regions: 245->0(245)
[98.036s][info][gc,heap     ] GC(227) Survivor regions: 2->2(31)
[98.036s][info][gc,heap     ] GC(227) Old regions: 44->44
[98.036s][info][gc,heap     ] GC(227) Humongous regions: 207->207
[98.036s][info][gc,metaspace] GC(227) Metaspace: 56075K(56448K)->56075K(56448K) NonClass: 47789K(48064K)->47789K(48064K) Class: 8285K(8384K)->8285K(8384K)
[98.036s][info][gc          ] GC(227) Pause Young (Concurrent Start) (G1 Evacuation Pause) 497M->253M(527M) 5.817ms
[98.036s][info][gc,cpu      ] GC(227) User=0.01s Sys=0.00s Real=0.01s
[98.036s][info][gc          ] GC(228) Concurrent Mark Cycle
[98.037s][info][gc,marking  ] GC(228) Concurrent Scan Root Regions
[98.040s][info][gc,marking  ] GC(228) Concurrent Scan Root Regions 3.476ms
[98.040s][info][gc,marking  ] GC(228) Concurrent Mark
[98.040s][info][gc,marking  ] GC(228) Concurrent Mark From Roots
[98.040s][info][gc,task     ] GC(228) Using 1 workers of 1 for marking
[98.090s][info][gc,marking  ] GC(228) Concurrent Mark From Roots 49.404ms
[98.090s][info][gc,marking  ] GC(228) Concurrent Preclean
[98.090s][info][gc,marking  ] GC(228) Concurrent Preclean 0.078ms
[98.090s][info][gc,start    ] GC(228) Pause Remark
[98.098s][info][gc          ] GC(228) Pause Remark 264M->264M(527M) 8.235ms
[98.098s][info][gc,cpu      ] GC(228) User=0.01s Sys=0.00s Real=0.01s
[98.100s][info][gc,marking  ] GC(228) Concurrent Mark 59.052ms
[98.100s][info][gc,marking  ] GC(228) Concurrent Rebuild Remembered Sets and Scrub Regions
[98.131s][info][gc,marking  ] GC(228) Concurrent Rebuild Remembered Sets and Scrub Regions 31.209ms
[98.131s][info][gc,start    ] GC(228) Pause Cleanup
[98.131s][info][gc          ] GC(228) Pause Cleanup 283M->283M(527M) 0.071ms
[98.131s][info][gc,cpu      ] GC(228) User=0.00s Sys=0.00s Real=0.00s
[98.131s][info][gc,marking  ] GC(228) Concurrent Clear Claimed Marks
[98.131s][info][gc,marking  ] GC(228) Concurrent Clear Claimed Marks 0.110ms
[98.131s][info][gc,marking  ] GC(228) Concurrent Cleanup for Next Mark
[98.134s][info][gc,marking  ] GC(228) Concurrent Cleanup for Next Mark 2.690ms
[98.134s][info][gc          ] GC(228) Concurrent Mark Cycle 98.351ms
[98.699s][info][gc,start    ] GC(229) Pause Young (Prepare Mixed) (G1 Evacuation Pause)
[98.699s][info][gc,task     ] GC(229) Using 2 workers of 2 for evacuation
[98.703s][info][gc,phases   ] GC(229)   Pre Evacuate Collection Set: 0.27ms
[98.703s][info][gc,phases   ] GC(229)   Merge Heap Roots: 0.13ms
[98.703s][info][gc,phases   ] GC(229)   Evacuate Collection Set: 2.98ms
[98.703s][info][gc,phases   ] GC(229)   Post Evacuate Collection Set: 0.60ms
[98.703s][info][gc,phases   ] GC(229)   Other: 0.08ms
[98.703s][info][gc,heap     ] GC(229) Eden regions: 245->0(244)
[98.703s][info][gc,heap     ] GC(229) Survivor regions: 2->2(31)
[98.703s][info][gc,heap     ] GC(229) Old regions: 44->45
[98.703s][info][gc,heap     ] GC(229) Humongous regions: 207->207
[98.703s][info][gc,metaspace] GC(229) Metaspace: 56075K(56448K)->56075K(56448K) NonClass: 47789K(48064K)->47789K(48064K) Class: 8285K(8384K)->8285K(8384K)
[98.704s][info][gc          ] GC(229) Pause Young (Prepare Mixed) (G1 Evacuation Pause) 498M->252M(527M) 4.238ms
[98.704s][info][gc,cpu      ] GC(229) User=0.01s Sys=0.00s Real=0.01s
[99.320s][info][gc,start    ] GC(230) Pause Young (Mixed) (G1 Evacuation Pause)
[99.320s][info][gc,task     ] GC(230) Using 2 workers of 2 for evacuation
[99.328s][info][gc,phases   ] GC(230)   Pre Evacuate Collection Set: 0.27ms
[99.328s][info][gc,phases   ] GC(230)   Merge Heap Roots: 0.12ms
[99.328s][info][gc,phases   ] GC(230)   Evacuate Collection Set: 6.80ms
[99.328s][info][gc,phases   ] GC(230)   Post Evacuate Collection Set: 0.61ms
[99.328s][info][gc,phases   ] GC(230)   Other: 0.08ms
[99.328s][info][gc,heap     ] GC(230) Eden regions: 244->0(243)
[99.328s][info][gc,heap     ] GC(230) Survivor regions: 2->3(31)
[99.328s][info][gc,heap     ] GC(230) Old regions: 45->44
[99.328s][info][gc,heap     ] GC(230) Humongous regions: 207->207
[99.328s][info][gc,metaspace] GC(230) Metaspace: 56075K(56448K)->56075K(56448K) NonClass: 47789K(48064K)->47789K(48064K) Class: 8285K(8384K)->8285K(8384K)
[99.328s][info][gc          ] GC(230) Pause Young (Mixed) (G1 Evacuation Pause) 496M->253M(527M) 8.059ms
[99.328s][info][gc,cpu      ] GC(230) User=0.02s Sys=0.00s Real=0.01s
[99.992s][info][gc,start    ] GC(231) Pause Young (Concurrent Start) (G1 Evacuation Pause)
[99.992s][info][gc,task     ] GC(231) Using 2 workers of 2 for evacuation
[99.997s][info][gc,phases   ] GC(231)   Pre Evacuate Collection Set: 0.29ms
[99.997s][info][gc,phases   ] GC(231)   Merge Heap Roots: 0.09ms
[99.997s][info][gc,phases   ] GC(231)   Evacuate Collection Set: 3.67ms
[99.997s][info][gc,phases   ] GC(231)   Post Evacuate Collection Set: 0.74ms
[99.997s][info][gc,phases   ] GC(231)   Other: 0.14ms
[99.997s][info][gc,heap     ] GC(231) Eden regions: 243->0(247)
[99.997s][info][gc,heap     ] GC(231) Survivor regions: 3->1(31)
[99.997s][info][gc,heap     ] GC(231) Old regions: 44->44
[99.997s][info][gc,heap     ] GC(231) Humongous regions: 207->207
[99.997s][info][gc,metaspace] GC(231) Metaspace: 56077K(56448K)->56077K(56448K) NonClass: 47791K(48064K)->47791K(48064K) Class: 8285K(8384K)->8285K(8384K)
[99.998s][info][gc          ] GC(231) Pause Young (Concurrent Start) (G1 Evacuation Pause) 496M->251M(527M) 5.100ms
[99.998s][info][gc,cpu      ] GC(231) User=0.01s Sys=0.00s Real=0.00s
[100.006s][info][gc          ] GC(232) Concurrent Mark Cycle
[100.006s][info][gc,marking  ] GC(232) Concurrent Scan Root Regions
[100.015s][info][gc,marking  ] GC(232) Concurrent Scan Root Regions 8.932ms
[100.015s][info][gc,marking  ] GC(232) Concurrent Mark
[100.015s][info][gc,marking  ] GC(232) Concurrent Mark From Roots
[100.015s][info][gc,task     ] GC(232) Using 1 workers of 1 for marking
[100.103s][info][gc,marking  ] GC(232) Concurrent Mark From Roots 87.786ms
[100.103s][info][gc,marking  ] GC(232) Concurrent Preclean
[100.103s][info][gc,marking  ] GC(232) Concurrent Preclean 0.091ms
[100.103s][info][gc,start    ] GC(232) Pause Remark
[100.112s][info][gc          ] GC(232) Pause Remark 276M->276M(527M) 8.542ms
[100.112s][info][gc,cpu      ] GC(232) User=0.01s Sys=0.00s Real=0.00s
[100.112s][info][gc,marking  ] GC(232) Concurrent Mark 97.197ms
[100.112s][info][gc,marking  ] GC(232) Concurrent Rebuild Remembered Sets and Scrub Regions
[100.130s][info][gc,marking  ] GC(232) Concurrent Rebuild Remembered Sets and Scrub Regions 17.605ms
[100.130s][info][gc,start    ] GC(232) Pause Cleanup
[100.130s][info][gc          ] GC(232) Pause Cleanup 282M->282M(527M) 0.070ms
[100.130s][info][gc,cpu      ] GC(232) User=0.00s Sys=0.00s Real=0.00s
[100.130s][info][gc,marking  ] GC(232) Concurrent Clear Claimed Marks
[100.130s][info][gc,marking  ] GC(232) Concurrent Clear Claimed Marks 0.094ms
[100.130s][info][gc,marking  ] GC(232) Concurrent Cleanup for Next Mark
[100.132s][info][gc,marking  ] GC(232) Concurrent Cleanup for Next Mark 1.785ms
[100.132s][info][gc          ] GC(232) Concurrent Mark Cycle 125.992ms
[100.615s][info][gc,start    ] GC(233) Pause Young (Prepare Mixed) (G1 Evacuation Pause)
[100.615s][info][gc,task     ] GC(233) Using 2 workers of 2 for evacuation
[100.620s][info][gc,phases   ] GC(233)   Pre Evacuate Collection Set: 0.31ms
[100.620s][info][gc,phases   ] GC(233)   Merge Heap Roots: 0.11ms
[100.620s][info][gc,phases   ] GC(233)   Evacuate Collection Set: 4.06ms
[100.620s][info][gc,phases   ] GC(233)   Post Evacuate Collection Set: 0.55ms
[100.620s][info][gc,phases   ] GC(233)   Other: 0.10ms
[100.620s][info][gc,heap     ] GC(233) Eden regions: 247->0(244)
[100.620s][info][gc,heap     ] GC(233) Survivor regions: 1->2(31)
[100.620s][info][gc,heap     ] GC(233) Old regions: 44->45
[100.620s][info][gc,heap     ] GC(233) Humongous regions: 207->207
[100.620s][info][gc,metaspace] GC(233) Metaspace: 56077K(56448K)->56077K(56448K) NonClass: 47791K(48064K)->47791K(48064K) Class: 8285K(8384K)->8285K(8384K)
[100.620s][info][gc          ] GC(233) Pause Young (Prepare Mixed) (G1 Evacuation Pause) 498M->252M(527M) 5.347ms
[100.620s][info][gc,cpu      ] GC(233) User=0.01s Sys=0.00s Real=0.00s
[101.376s][info][gc,start    ] GC(234) Pause Young (Mixed) (G1 Evacuation Pause)
[101.376s][info][gc,task     ] GC(234) Using 2 workers of 2 for evacuation
[101.382s][info][gc,phases   ] GC(234)   Pre Evacuate Collection Set: 0.28ms
[101.382s][info][gc,phases   ] GC(234)   Merge Heap Roots: 0.10ms
[101.382s][info][gc,phases   ] GC(234)   Evacuate Collection Set: 5.01ms
[101.382s][info][gc,phases   ] GC(234)   Post Evacuate Collection Set: 0.60ms
[101.382s][info][gc,phases   ] GC(234)   Other: 0.09ms
[101.382s][info][gc,heap     ] GC(234) Eden regions: 244->0(245)
[101.382s][info][gc,heap     ] GC(234) Survivor regions: 2->2(31)
[101.382s][info][gc,heap     ] GC(234) Old regions: 45->44
[101.382s][info][gc,heap     ] GC(234) Humongous regions: 207->207
[101.382s][info][gc,metaspace] GC(234) Metaspace: 56077K(56448K)->56077K(56448K) NonClass: 47791K(48064K)->47791K(48064K) Class: 8285K(8384K)->8285K(8384K)
[101.382s][info][gc          ] GC(234) Pause Young (Mixed) (G1 Evacuation Pause) 496M->252M(527M) 6.273ms
[101.382s][info][gc,cpu      ] GC(234) User=0.01s Sys=0.00s Real=0.00s
[101.904s][info][gc,start    ] GC(235) Pause Young (Concurrent Start) (G1 Evacuation Pause)
[101.904s][info][gc,task     ] GC(235) Using 2 workers of 2 for evacuation
[101.909s][info][gc,phases   ] GC(235)   Pre Evacuate Collection Set: 0.31ms
[101.909s][info][gc,phases   ] GC(235)   Merge Heap Roots: 0.11ms
[101.909s][info][gc,phases   ] GC(235)   Evacuate Collection Set: 3.88ms
[101.909s][info][gc,phases   ] GC(235)   Post Evacuate Collection Set: 0.56ms
[101.909s][info][gc,phases   ] GC(235)   Other: 0.11ms
[101.909s][info][gc,heap     ] GC(235) Eden regions: 245->0(245)
[101.909s][info][gc,heap     ] GC(235) Survivor regions: 2->2(31)
[101.909s][info][gc,heap     ] GC(235) Old regions: 44->44
[101.909s][info][gc,heap     ] GC(235) Humongous regions: 207->207
[101.909s][info][gc,metaspace] GC(235) Metaspace: 56077K(56448K)->56077K(56448K) NonClass: 47791K(48064K)->47791K(48064K) Class: 8285K(8384K)->8285K(8384K)
[101.909s][info][gc          ] GC(235) Pause Young (Concurrent Start) (G1 Evacuation Pause) 497M->252M(527M) 5.205ms
[101.909s][info][gc,cpu      ] GC(235) User=0.01s Sys=0.00s Real=0.00s
[101.909s][info][gc          ] GC(236) Concurrent Mark Cycle
[101.909s][info][gc,marking  ] GC(236) Concurrent Scan Root Regions
[101.916s][info][gc,marking  ] GC(236) Concurrent Scan Root Regions 7.249ms
[101.916s][info][gc,marking  ] GC(236) Concurrent Mark
[101.916s][info][gc,marking  ] GC(236) Concurrent Mark From Roots
[101.916s][info][gc,task     ] GC(236) Using 1 workers of 1 for marking
[101.977s][info][gc,marking  ] GC(236) Concurrent Mark From Roots 60.369ms
[101.977s][info][gc,marking  ] GC(236) Concurrent Preclean
[101.977s][info][gc,marking  ] GC(236) Concurrent Preclean 0.086ms
[101.977s][info][gc,start    ] GC(236) Pause Remark
[101.985s][info][gc          ] GC(236) Pause Remark 278M->278M(527M) 8.242ms
[101.985s][info][gc,cpu      ] GC(236) User=0.01s Sys=0.00s Real=0.01s
[101.986s][info][gc,marking  ] GC(236) Concurrent Mark 69.492ms
[101.986s][info][gc,marking  ] GC(236) Concurrent Rebuild Remembered Sets and Scrub Regions
[102.005s][info][gc,marking  ] GC(236) Concurrent Rebuild Remembered Sets and Scrub Regions 18.616ms
[102.005s][info][gc,start    ] GC(236) Pause Cleanup
[102.006s][info][gc          ] GC(236) Pause Cleanup 285M->285M(527M) 0.081ms
[102.006s][info][gc,cpu      ] GC(236) User=0.00s Sys=0.00s Real=0.00s
[102.006s][info][gc,marking  ] GC(236) Concurrent Clear Claimed Marks
[102.006s][info][gc,marking  ] GC(236) Concurrent Clear Claimed Marks 0.152ms
[102.006s][info][gc,marking  ] GC(236) Concurrent Cleanup for Next Mark
[102.007s][info][gc,marking  ] GC(236) Concurrent Cleanup for Next Mark 1.578ms
[102.007s][info][gc          ] GC(236) Concurrent Mark Cycle 98.441ms
[102.532s][info][gc,start    ] GC(237) Pause Young (Prepare Mixed) (G1 Evacuation Pause)
[102.532s][info][gc,task     ] GC(237) Using 2 workers of 2 for evacuation
[102.537s][info][gc,phases   ] GC(237)   Pre Evacuate Collection Set: 0.26ms
[102.537s][info][gc,phases   ] GC(237)   Merge Heap Roots: 0.11ms
[102.537s][info][gc,phases   ] GC(237)   Evacuate Collection Set: 4.01ms
[102.537s][info][gc,phases   ] GC(237)   Post Evacuate Collection Set: 0.57ms
[102.537s][info][gc,phases   ] GC(237)   Other: 0.09ms
[102.537s][info][gc,heap     ] GC(237) Eden regions: 245->0(243)
[102.537s][info][gc,heap     ] GC(237) Survivor regions: 2->3(31)
[102.537s][info][gc,heap     ] GC(237) Old regions: 44->44
[102.537s][info][gc,heap     ] GC(237) Humongous regions: 207->207
[102.537s][info][gc,metaspace] GC(237) Metaspace: 56077K(56448K)->56077K(56448K) NonClass: 47791K(48064K)->47791K(48064K) Class: 8285K(8384K)->8285K(8384K)
[102.537s][info][gc          ] GC(237) Pause Young (Prepare Mixed) (G1 Evacuation Pause) 497M->253M(527M) 5.224ms
[102.537s][info][gc,cpu      ] GC(237) User=0.01s Sys=0.00s Real=0.00s
[103.203s][info][gc,start    ] GC(238) Pause Young (Mixed) (G1 Evacuation Pause)
[103.203s][info][gc,task     ] GC(238) Using 2 workers of 2 for evacuation
[103.212s][info][gc,phases   ] GC(238)   Pre Evacuate Collection Set: 0.31ms
[103.212s][info][gc,phases   ] GC(238)   Merge Heap Roots: 0.17ms
[103.212s][info][gc,phases   ] GC(238)   Evacuate Collection Set: 7.56ms
[103.212s][info][gc,phases   ] GC(238)   Post Evacuate Collection Set: 0.73ms
[103.212s][info][gc,phases   ] GC(238)   Other: 0.08ms
[103.212s][info][gc,heap     ] GC(238) Eden regions: 243->0(245)
[103.212s][info][gc,heap     ] GC(238) Survivor regions: 3->2(31)
[103.212s][info][gc,heap     ] GC(238) Old regions: 44->44
[103.212s][info][gc,heap     ] GC(238) Humongous regions: 207->207
[103.212s][info][gc,metaspace] GC(238) Metaspace: 56077K(56448K)->56077K(56448K) NonClass: 47791K(48064K)->47791K(48064K) Class: 8285K(8384K)->8285K(8384K)
[103.212s][info][gc          ] GC(238) Pause Young (Mixed) (G1 Evacuation Pause) 496M->252M(527M) 9.068ms
[103.212s][info][gc,cpu      ] GC(238) User=0.01s Sys=0.00s Real=0.00s
[103.829s][info][gc,start    ] GC(239) Pause Young (Concurrent Start) (G1 Evacuation Pause)
[103.829s][info][gc,task     ] GC(239) Using 2 workers of 2 for evacuation
[103.834s][info][gc,phases   ] GC(239)   Pre Evacuate Collection Set: 0.33ms
[103.834s][info][gc,phases   ] GC(239)   Merge Heap Roots: 0.11ms
[103.834s][info][gc,phases   ] GC(239)   Evacuate Collection Set: 3.70ms
[103.834s][info][gc,phases   ] GC(239)   Post Evacuate Collection Set: 0.57ms
[103.834s][info][gc,phases   ] GC(239)   Other: 0.13ms
[103.834s][info][gc,heap     ] GC(239) Eden regions: 245->0(243)
[103.834s][info][gc,heap     ] GC(239) Survivor regions: 2->3(31)
[103.834s][info][gc,heap     ] GC(239) Old regions: 44->44
[103.834s][info][gc,heap     ] GC(239) Humongous regions: 207->207
[103.834s][info][gc,metaspace] GC(239) Metaspace: 56077K(56448K)->56077K(56448K) NonClass: 47791K(48064K)->47791K(48064K) Class: 8285K(8384K)->8285K(8384K)
[103.834s][info][gc          ] GC(239) Pause Young (Concurrent Start) (G1 Evacuation Pause) 497M->253M(527M) 5.050ms
[103.834s][info][gc,cpu      ] GC(239) User=0.01s Sys=0.00s Real=0.01s
[103.834s][info][gc          ] GC(240) Concurrent Mark Cycle
[103.835s][info][gc,marking  ] GC(240) Concurrent Scan Root Regions
[103.841s][info][gc,marking  ] GC(240) Concurrent Scan Root Regions 6.424ms
[103.842s][info][gc,marking  ] GC(240) Concurrent Mark
[103.842s][info][gc,marking  ] GC(240) Concurrent Mark From Roots
[103.842s][info][gc,task     ] GC(240) Using 1 workers of 1 for marking
[103.889s][info][gc,marking  ] GC(240) Concurrent Mark From Roots 47.206ms
[103.889s][info][gc,marking  ] GC(240) Concurrent Preclean
[103.889s][info][gc,marking  ] GC(240) Concurrent Preclean 0.083ms
[103.889s][info][gc,start    ] GC(240) Pause Remark
[103.897s][info][gc          ] GC(240) Pause Remark 267M->267M(527M) 8.191ms
[103.897s][info][gc,cpu      ] GC(240) User=0.02s Sys=0.00s Real=0.01s
[103.898s][info][gc,marking  ] GC(240) Concurrent Mark 56.039ms
[103.898s][info][gc,marking  ] GC(240) Concurrent Rebuild Remembered Sets and Scrub Regions
[103.932s][info][gc,marking  ] GC(240) Concurrent Rebuild Remembered Sets and Scrub Regions 34.295ms
[103.932s][info][gc,start    ] GC(240) Pause Cleanup
[103.932s][info][gc          ] GC(240) Pause Cleanup 285M->285M(527M) 0.088ms
[103.932s][info][gc,cpu      ] GC(240) User=0.00s Sys=0.00s Real=0.01s
[103.932s][info][gc,marking  ] GC(240) Concurrent Clear Claimed Marks
[103.932s][info][gc,marking  ] GC(240) Concurrent Clear Claimed Marks 0.092ms
[103.932s][info][gc,marking  ] GC(240) Concurrent Cleanup for Next Mark
[103.937s][info][gc,marking  ] GC(240) Concurrent Cleanup for Next Mark 4.421ms
[103.937s][info][gc          ] GC(240) Concurrent Mark Cycle 103.118ms
[104.475s][info][gc,start    ] GC(241) Pause Young (Prepare Mixed) (G1 Evacuation Pause)
[104.475s][info][gc,task     ] GC(241) Using 2 workers of 2 for evacuation
[104.478s][info][gc,phases   ] GC(241)   Pre Evacuate Collection Set: 0.30ms
[104.478s][info][gc,phases   ] GC(241)   Merge Heap Roots: 0.11ms
[104.478s][info][gc,phases   ] GC(241)   Evacuate Collection Set: 1.92ms
[104.478s][info][gc,phases   ] GC(241)   Post Evacuate Collection Set: 0.59ms
[104.478s][info][gc,phases   ] GC(241)   Other: 0.09ms
[104.478s][info][gc,heap     ] GC(241) Eden regions: 243->0(247)
[104.478s][info][gc,heap     ] GC(241) Survivor regions: 3->1(31)
[104.478s][info][gc,heap     ] GC(241) Old regions: 44->44
[104.478s][info][gc,heap     ] GC(241) Humongous regions: 207->207
[104.478s][info][gc,metaspace] GC(241) Metaspace: 56077K(56448K)->56077K(56448K) NonClass: 47791K(48064K)->47791K(48064K) Class: 8285K(8384K)->8285K(8384K)
[104.478s][info][gc          ] GC(241) Pause Young (Prepare Mixed) (G1 Evacuation Pause) 496M->251M(527M) 3.231ms
[104.478s][info][gc,cpu      ] GC(241) User=0.00s Sys=0.00s Real=0.00s
[105.118s][info][gc,start    ] GC(242) Pause Young (Mixed) (G1 Evacuation Pause)
[105.118s][info][gc,task     ] GC(242) Using 2 workers of 2 for evacuation
[105.126s][info][gc,phases   ] GC(242)   Pre Evacuate Collection Set: 0.26ms
[105.126s][info][gc,phases   ] GC(242)   Merge Heap Roots: 0.10ms
[105.126s][info][gc,phases   ] GC(242)   Evacuate Collection Set: 6.55ms
[105.126s][info][gc,phases   ] GC(242)   Post Evacuate Collection Set: 0.59ms
[105.126s][info][gc,phases   ] GC(242)   Other: 0.08ms
[105.126s][info][gc,heap     ] GC(242) Eden regions: 247->0(243)
[105.126s][info][gc,heap     ] GC(242) Survivor regions: 1->3(31)
[105.126s][info][gc,heap     ] GC(242) Old regions: 44->44
[105.126s][info][gc,heap     ] GC(242) Humongous regions: 207->207
[105.126s][info][gc,metaspace] GC(242) Metaspace: 56077K(56448K)->56077K(56448K) NonClass: 47791K(48064K)->47791K(48064K) Class: 8285K(8384K)->8285K(8384K)
[105.126s][info][gc          ] GC(242) Pause Young (Mixed) (G1 Evacuation Pause) 498M->253M(527M) 7.784ms
[105.126s][info][gc,cpu      ] GC(242) User=0.01s Sys=0.00s Real=0.01s
[105.818s][info][gc,start    ] GC(243) Pause Young (Concurrent Start) (G1 Evacuation Pause)
[105.818s][info][gc,task     ] GC(243) Using 2 workers of 2 for evacuation
[105.823s][info][gc,phases   ] GC(243)   Pre Evacuate Collection Set: 0.30ms
[105.823s][info][gc,phases   ] GC(243)   Merge Heap Roots: 0.10ms
[105.823s][info][gc,phases   ] GC(243)   Evacuate Collection Set: 4.15ms
[105.823s][info][gc,phases   ] GC(243)   Post Evacuate Collection Set: 0.68ms
[105.823s][info][gc,phases   ] GC(243)   Other: 0.10ms
[105.823s][info][gc,heap     ] GC(243) Eden regions: 243->0(245)
[105.823s][info][gc,heap     ] GC(243) Survivor regions: 3->2(31)
[105.823s][info][gc,heap     ] GC(243) Old regions: 44->44
[105.823s][info][gc,heap     ] GC(243) Humongous regions: 207->207
[105.823s][info][gc,metaspace] GC(243) Metaspace: 56081K(56448K)->56081K(56448K) NonClass: 47795K(48064K)->47795K(48064K) Class: 8285K(8384K)->8285K(8384K)
[105.823s][info][gc          ] GC(243) Pause Young (Concurrent Start) (G1 Evacuation Pause) 496M->252M(527M) 5.518ms
[105.823s][info][gc,cpu      ] GC(243) User=0.01s Sys=0.00s Real=0.01s
[105.823s][info][gc          ] GC(244) Concurrent Mark Cycle
[105.824s][info][gc,marking  ] GC(244) Concurrent Scan Root Regions
[105.827s][info][gc,marking  ] GC(244) Concurrent Scan Root Regions 2.808ms
[105.827s][info][gc,marking  ] GC(244) Concurrent Mark
[105.827s][info][gc,marking  ] GC(244) Concurrent Mark From Roots
[105.827s][info][gc,task     ] GC(244) Using 1 workers of 1 for marking
[105.881s][info][gc,marking  ] GC(244) Concurrent Mark From Roots 54.181ms
[105.881s][info][gc,marking  ] GC(244) Concurrent Preclean
[105.882s][info][gc,marking  ] GC(244) Concurrent Preclean 0.081ms
[105.882s][info][gc,start    ] GC(244) Pause Remark
[105.890s][info][gc          ] GC(244) Pause Remark 277M->277M(527M) 8.066ms
[105.890s][info][gc,cpu      ] GC(244) User=0.02s Sys=0.00s Real=0.01s
[105.890s][info][gc,marking  ] GC(244) Concurrent Mark 62.632ms
[105.890s][info][gc,marking  ] GC(244) Concurrent Rebuild Remembered Sets and Scrub Regions
[105.909s][info][gc,marking  ] GC(244) Concurrent Rebuild Remembered Sets and Scrub Regions 18.974ms
[105.909s][info][gc,start    ] GC(244) Pause Cleanup
[105.909s][info][gc          ] GC(244) Pause Cleanup 286M->286M(527M) 0.066ms
[105.909s][info][gc,cpu      ] GC(244) User=0.00s Sys=0.00s Real=0.00s
[105.909s][info][gc,marking  ] GC(244) Concurrent Clear Claimed Marks
[105.909s][info][gc,marking  ] GC(244) Concurrent Clear Claimed Marks 0.094ms
[105.909s][info][gc,marking  ] GC(244) Concurrent Cleanup for Next Mark
[105.911s][info][gc,marking  ] GC(244) Concurrent Cleanup for Next Mark 1.573ms
[105.911s][info][gc          ] GC(244) Concurrent Mark Cycle 87.741ms
[106.432s][info][gc,start    ] GC(245) Pause Young (Prepare Mixed) (G1 Evacuation Pause)
[106.432s][info][gc,task     ] GC(245) Using 2 workers of 2 for evacuation
[106.456s][info][gc,phases   ] GC(245)   Pre Evacuate Collection Set: 0.33ms
[106.456s][info][gc,phases   ] GC(245)   Merge Heap Roots: 0.13ms
[106.456s][info][gc,phases   ] GC(245)   Evacuate Collection Set: 22.38ms
[106.456s][info][gc,phases   ] GC(245)   Post Evacuate Collection Set: 0.87ms
[106.456s][info][gc,phases   ] GC(245)   Other: 0.09ms
[106.456s][info][gc,heap     ] GC(245) Eden regions: 245->0(242)
[106.456s][info][gc,heap     ] GC(245) Survivor regions: 2->3(31)
[106.456s][info][gc,heap     ] GC(245) Old regions: 44->45
[106.456s][info][gc,heap     ] GC(245) Humongous regions: 207->207
[106.456s][info][gc,metaspace] GC(245) Metaspace: 56081K(56448K)->56081K(56448K) NonClass: 47795K(48064K)->47795K(48064K) Class: 8285K(8384K)->8285K(8384K)
[106.456s][info][gc          ] GC(245) Pause Young (Prepare Mixed) (G1 Evacuation Pause) 497M->253M(527M) 24.041ms
[106.456s][info][gc,cpu      ] GC(245) User=0.02s Sys=0.00s Real=0.03s
[107.024s][info][gc,start    ] GC(246) Pause Young (Mixed) (G1 Evacuation Pause)
[107.024s][info][gc,task     ] GC(246) Using 2 workers of 2 for evacuation
[107.032s][info][gc,phases   ] GC(246)   Pre Evacuate Collection Set: 0.31ms
[107.032s][info][gc,phases   ] GC(246)   Merge Heap Roots: 0.14ms
[107.032s][info][gc,phases   ] GC(246)   Evacuate Collection Set: 6.90ms
[107.032s][info][gc,phases   ] GC(246)   Post Evacuate Collection Set: 0.62ms
[107.032s][info][gc,phases   ] GC(246)   Other: 0.08ms
[107.032s][info][gc,heap     ] GC(246) Eden regions: 242->0(243)
[107.033s][info][gc,heap     ] GC(246) Survivor regions: 3->3(31)
[107.033s][info][gc,heap     ] GC(246) Old regions: 45->44
[107.033s][info][gc,heap     ] GC(246) Humongous regions: 207->207
[107.033s][info][gc,metaspace] GC(246) Metaspace: 56081K(56448K)->56081K(56448K) NonClass: 47795K(48064K)->47795K(48064K) Class: 8285K(8384K)->8285K(8384K)
[107.033s][info][gc          ] GC(246) Pause Young (Mixed) (G1 Evacuation Pause) 495M->253M(527M) 8.231ms
[107.033s][info][gc,cpu      ] GC(246) User=0.02s Sys=0.00s Real=0.01s
[107.693s][info][gc,start    ] GC(247) Pause Young (Concurrent Start) (G1 Evacuation Pause)
[107.693s][info][gc,task     ] GC(247) Using 2 workers of 2 for evacuation
[107.697s][info][gc,phases   ] GC(247)   Pre Evacuate Collection Set: 0.32ms
[107.697s][info][gc,phases   ] GC(247)   Merge Heap Roots: 0.11ms
[107.697s][info][gc,phases   ] GC(247)   Evacuate Collection Set: 2.48ms
[107.697s][info][gc,phases   ] GC(247)   Post Evacuate Collection Set: 0.56ms
[107.697s][info][gc,phases   ] GC(247)   Other: 0.10ms
[107.697s][info][gc,heap     ] GC(247) Eden regions: 243->0(247)
[107.697s][info][gc,heap     ] GC(247) Survivor regions: 3->1(31)
[107.697s][info][gc,heap     ] GC(247) Old regions: 44->44
[107.697s][info][gc,heap     ] GC(247) Humongous regions: 207->207
[107.697s][info][gc,metaspace] GC(247) Metaspace: 56081K(56448K)->56081K(56448K) NonClass: 47795K(48064K)->47795K(48064K) Class: 8285K(8384K)->8285K(8384K)
[107.697s][info][gc          ] GC(247) Pause Young (Concurrent Start) (G1 Evacuation Pause) 496M->251M(527M) 3.757ms
[107.697s][info][gc,cpu      ] GC(247) User=0.01s Sys=0.00s Real=0.00s
[107.698s][info][gc          ] GC(248) Concurrent Mark Cycle
[107.698s][info][gc,marking  ] GC(248) Concurrent Scan Root Regions
[107.700s][info][gc,marking  ] GC(248) Concurrent Scan Root Regions 2.600ms
[107.700s][info][gc,marking  ] GC(248) Concurrent Mark
[107.700s][info][gc,marking  ] GC(248) Concurrent Mark From Roots
[107.700s][info][gc,task     ] GC(248) Using 1 workers of 1 for marking
[107.774s][info][gc,marking  ] GC(248) Concurrent Mark From Roots 73.761ms
[107.774s][info][gc,marking  ] GC(248) Concurrent Preclean
[107.774s][info][gc,marking  ] GC(248) Concurrent Preclean 0.097ms
[107.775s][info][gc,start    ] GC(248) Pause Remark
[107.793s][info][gc          ] GC(248) Pause Remark 264M->264M(527M) 18.850ms
[107.793s][info][gc,cpu      ] GC(248) User=0.01s Sys=0.00s Real=0.02s
[107.795s][info][gc,marking  ] GC(248) Concurrent Mark 94.248ms
[107.795s][info][gc,marking  ] GC(248) Concurrent Rebuild Remembered Sets and Scrub Regions
[107.840s][info][gc,marking  ] GC(248) Concurrent Rebuild Remembered Sets and Scrub Regions 45.310ms
[107.840s][info][gc,start    ] GC(248) Pause Cleanup
[107.840s][info][gc          ] GC(248) Pause Cleanup 279M->279M(527M) 0.072ms
[107.840s][info][gc,cpu      ] GC(248) User=0.00s Sys=0.00s Real=0.00s
[107.841s][info][gc,marking  ] GC(248) Concurrent Clear Claimed Marks
[107.841s][info][gc,marking  ] GC(248) Concurrent Clear Claimed Marks 0.121ms
[107.841s][info][gc,marking  ] GC(248) Concurrent Cleanup for Next Mark
[107.843s][info][gc,marking  ] GC(248) Concurrent Cleanup for Next Mark 1.631ms
[107.843s][info][gc          ] GC(248) Concurrent Mark Cycle 145.372ms
[108.316s][info][gc,start    ] GC(249) Pause Young (Prepare Mixed) (G1 Evacuation Pause)
[108.316s][info][gc,task     ] GC(249) Using 2 workers of 2 for evacuation
[108.322s][info][gc,phases   ] GC(249)   Pre Evacuate Collection Set: 0.34ms
[108.322s][info][gc,phases   ] GC(249)   Merge Heap Roots: 0.12ms
[108.322s][info][gc,phases   ] GC(249)   Evacuate Collection Set: 4.90ms
[108.322s][info][gc,phases   ] GC(249)   Post Evacuate Collection Set: 0.58ms
[108.322s][info][gc,phases   ] GC(249)   Other: 0.10ms
[108.322s][info][gc,heap     ] GC(249) Eden regions: 247->0(242)
[108.322s][info][gc,heap     ] GC(249) Survivor regions: 1->3(31)
[108.322s][info][gc,heap     ] GC(249) Old regions: 44->45
[108.322s][info][gc,heap     ] GC(249) Humongous regions: 207->207
[108.322s][info][gc,metaspace] GC(249) Metaspace: 56081K(56448K)->56081K(56448K) NonClass: 47795K(48064K)->47795K(48064K) Class: 8285K(8384K)->8285K(8384K)
[108.322s][info][gc          ] GC(249) Pause Young (Prepare Mixed) (G1 Evacuation Pause) 498M->253M(527M) 6.240ms
[108.322s][info][gc,cpu      ] GC(249) User=0.01s Sys=0.00s Real=0.01s
[108.939s][info][gc,start    ] GC(250) Pause Young (Mixed) (G1 Evacuation Pause)
[108.939s][info][gc,task     ] GC(250) Using 2 workers of 2 for evacuation
[108.947s][info][gc,phases   ] GC(250)   Pre Evacuate Collection Set: 0.28ms
[108.947s][info][gc,phases   ] GC(250)   Merge Heap Roots: 0.15ms
[108.947s][info][gc,phases   ] GC(250)   Evacuate Collection Set: 7.43ms
[108.948s][info][gc,phases   ] GC(250)   Post Evacuate Collection Set: 0.65ms
[108.948s][info][gc,phases   ] GC(250)   Other: 0.09ms
[108.948s][info][gc,heap     ] GC(250) Eden regions: 242->0(245)
[108.948s][info][gc,heap     ] GC(250) Survivor regions: 3->2(31)
[108.948s][info][gc,heap     ] GC(250) Old regions: 45->44
[108.948s][info][gc,heap     ] GC(250) Humongous regions: 207->207
[108.948s][info][gc,metaspace] GC(250) Metaspace: 56081K(56448K)->56081K(56448K) NonClass: 47795K(48064K)->47795K(48064K) Class: 8285K(8384K)->8285K(8384K)
[108.948s][info][gc          ] GC(250) Pause Young (Mixed) (G1 Evacuation Pause) 495M->252M(527M) 8.795ms
[108.948s][info][gc,cpu      ] GC(250) User=0.01s Sys=0.00s Real=0.01s
[109.619s][info][gc,start    ] GC(251) Pause Young (Concurrent Start) (G1 Evacuation Pause)
[109.619s][info][gc,task     ] GC(251) Using 2 workers of 2 for evacuation
[109.627s][info][gc,phases   ] GC(251)   Pre Evacuate Collection Set: 0.31ms
[109.627s][info][gc,phases   ] GC(251)   Merge Heap Roots: 0.10ms
[109.627s][info][gc,phases   ] GC(251)   Evacuate Collection Set: 6.91ms
[109.627s][info][gc,phases   ] GC(251)   Post Evacuate Collection Set: 0.59ms
[109.627s][info][gc,phases   ] GC(251)   Other: 0.10ms
[109.627s][info][gc,heap     ] GC(251) Eden regions: 245->0(241)
[109.627s][info][gc,heap     ] GC(251) Survivor regions: 2->4(31)
[109.627s][info][gc,heap     ] GC(251) Old regions: 44->44
[109.627s][info][gc,heap     ] GC(251) Humongous regions: 207->207
[109.627s][info][gc,metaspace] GC(251) Metaspace: 56081K(56448K)->56081K(56448K) NonClass: 47795K(48064K)->47795K(48064K) Class: 8285K(8384K)->8285K(8384K)
[109.627s][info][gc          ] GC(251) Pause Young (Concurrent Start) (G1 Evacuation Pause) 497M->254M(527M) 8.211ms
[109.627s][info][gc,cpu      ] GC(251) User=0.02s Sys=0.00s Real=0.01s
[109.627s][info][gc          ] GC(252) Concurrent Mark Cycle
[109.629s][info][gc,marking  ] GC(252) Concurrent Scan Root Regions
[109.641s][info][gc,marking  ] GC(252) Concurrent Scan Root Regions 12.053ms
[109.641s][info][gc,marking  ] GC(252) Concurrent Mark
[109.641s][info][gc,marking  ] GC(252) Concurrent Mark From Roots
[109.641s][info][gc,task     ] GC(252) Using 1 workers of 1 for marking
[109.684s][info][gc,marking  ] GC(252) Concurrent Mark From Roots 43.466ms
[109.684s][info][gc,marking  ] GC(252) Concurrent Preclean
[109.684s][info][gc,marking  ] GC(252) Concurrent Preclean 0.081ms
[109.685s][info][gc,start    ] GC(252) Pause Remark
[109.693s][info][gc          ] GC(252) Pause Remark 278M->278M(527M) 8.172ms
[109.693s][info][gc,cpu      ] GC(252) User=0.01s Sys=0.00s Real=0.01s
[109.693s][info][gc,marking  ] GC(252) Concurrent Mark 52.260ms
[109.693s][info][gc,marking  ] GC(252) Concurrent Rebuild Remembered Sets and Scrub Regions
[109.711s][info][gc,marking  ] GC(252) Concurrent Rebuild Remembered Sets and Scrub Regions 18.422ms
[109.712s][info][gc,start    ] GC(252) Pause Cleanup
[109.712s][info][gc          ] GC(252) Pause Cleanup 286M->286M(527M) 0.076ms
[109.712s][info][gc,cpu      ] GC(252) User=0.00s Sys=0.00s Real=0.00s
[109.712s][info][gc,marking  ] GC(252) Concurrent Clear Claimed Marks
[109.712s][info][gc,marking  ] GC(252) Concurrent Clear Claimed Marks 0.096ms
[109.712s][info][gc,marking  ] GC(252) Concurrent Cleanup for Next Mark
[109.714s][info][gc,marking  ] GC(252) Concurrent Cleanup for Next Mark 1.877ms
[109.714s][info][gc          ] GC(252) Concurrent Mark Cycle 87.019ms
[110.228s][info][gc,start    ] GC(253) Pause Young (Prepare Mixed) (G1 Evacuation Pause)
[110.228s][info][gc,task     ] GC(253) Using 2 workers of 2 for evacuation
[110.233s][info][gc,phases   ] GC(253)   Pre Evacuate Collection Set: 0.27ms
[110.233s][info][gc,phases   ] GC(253)   Merge Heap Roots: 0.11ms
[110.233s][info][gc,phases   ] GC(253)   Evacuate Collection Set: 4.19ms
[110.234s][info][gc,phases   ] GC(253)   Post Evacuate Collection Set: 0.55ms
[110.234s][info][gc,phases   ] GC(253)   Other: 0.08ms
[110.234s][info][gc,heap     ] GC(253) Eden regions: 241->0(242)
[110.234s][info][gc,heap     ] GC(253) Survivor regions: 4->3(31)
[110.234s][info][gc,heap     ] GC(253) Old regions: 44->45
[110.234s][info][gc,heap     ] GC(253) Humongous regions: 207->207
[110.234s][info][gc,metaspace] GC(253) Metaspace: 56081K(56448K)->56081K(56448K) NonClass: 47795K(48064K)->47795K(48064K) Class: 8285K(8384K)->8285K(8384K)
[110.234s][info][gc          ] GC(253) Pause Young (Prepare Mixed) (G1 Evacuation Pause) 495M->253M(527M) 5.369ms
[110.234s][info][gc,cpu      ] GC(253) User=0.01s Sys=0.00s Real=0.01s
[110.900s][info][gc,start    ] GC(254) Pause Young (Mixed) (G1 Evacuation Pause)
[110.900s][info][gc,task     ] GC(254) Using 2 workers of 2 for evacuation
[110.905s][info][gc,phases   ] GC(254)   Pre Evacuate Collection Set: 0.27ms
[110.905s][info][gc,phases   ] GC(254)   Merge Heap Roots: 0.10ms
[110.905s][info][gc,phases   ] GC(254)   Evacuate Collection Set: 4.71ms
[110.905s][info][gc,phases   ] GC(254)   Post Evacuate Collection Set: 0.59ms
[110.905s][info][gc,phases   ] GC(254)   Other: 0.08ms
[110.905s][info][gc,heap     ] GC(254) Eden regions: 242->0(247)
[110.905s][info][gc,heap     ] GC(254) Survivor regions: 3->1(31)
[110.905s][info][gc,heap     ] GC(254) Old regions: 45->44
[110.905s][info][gc,heap     ] GC(254) Humongous regions: 207->207
[110.906s][info][gc,metaspace] GC(254) Metaspace: 56081K(56448K)->56081K(56448K) NonClass: 47795K(48064K)->47795K(48064K) Class: 8285K(8384K)->8285K(8384K)
[110.906s][info][gc          ] GC(254) Pause Young (Mixed) (G1 Evacuation Pause) 495M->251M(527M) 5.934ms
[110.906s][info][gc,cpu      ] GC(254) User=0.01s Sys=0.00s Real=0.01s
[111.521s][info][gc,start    ] GC(255) Pause Young (Concurrent Start) (G1 Evacuation Pause)
[111.521s][info][gc,task     ] GC(255) Using 2 workers of 2 for evacuation
[111.527s][info][gc,phases   ] GC(255)   Pre Evacuate Collection Set: 0.30ms
[111.527s][info][gc,phases   ] GC(255)   Merge Heap Roots: 0.11ms
[111.527s][info][gc,phases   ] GC(255)   Evacuate Collection Set: 4.84ms
[111.527s][info][gc,phases   ] GC(255)   Post Evacuate Collection Set: 0.56ms
[111.527s][info][gc,phases   ] GC(255)   Other: 0.09ms
[111.527s][info][gc,heap     ] GC(255) Eden regions: 247->0(243)
[111.527s][info][gc,heap     ] GC(255) Survivor regions: 1->3(31)
[111.527s][info][gc,heap     ] GC(255) Old regions: 44->44
[111.527s][info][gc,heap     ] GC(255) Humongous regions: 207->207
[111.527s][info][gc,metaspace] GC(255) Metaspace: 56081K(56448K)->56081K(56448K) NonClass: 47795K(48064K)->47795K(48064K) Class: 8285K(8384K)->8285K(8384K)
[111.527s][info][gc          ] GC(255) Pause Young (Concurrent Start) (G1 Evacuation Pause) 498M->253M(527M) 6.095ms
[111.527s][info][gc          ] GC(256) Concurrent Mark Cycle
[111.527s][info][gc,marking  ] GC(256) Concurrent Scan Root Regions
[111.528s][info][gc,cpu      ] GC(255) User=0.01s Sys=0.00s Real=0.01s
[111.530s][info][gc,marking  ] GC(256) Concurrent Scan Root Regions 3.047ms
[111.530s][info][gc,marking  ] GC(256) Concurrent Mark
[111.532s][info][gc,marking  ] GC(256) Concurrent Mark From Roots
[111.532s][info][gc,task     ] GC(256) Using 1 workers of 1 for marking
[111.578s][info][gc,marking  ] GC(256) Concurrent Mark From Roots 45.609ms
[111.578s][info][gc,marking  ] GC(256) Concurrent Preclean
[111.578s][info][gc,marking  ] GC(256) Concurrent Preclean 0.091ms
[111.578s][info][gc,start    ] GC(256) Pause Remark
[111.586s][info][gc          ] GC(256) Pause Remark 266M->266M(527M) 8.130ms
[111.586s][info][gc,cpu      ] GC(256) User=0.02s Sys=0.00s Real=0.01s
[111.587s][info][gc,marking  ] GC(256) Concurrent Mark 56.364ms
[111.587s][info][gc,marking  ] GC(256) Concurrent Rebuild Remembered Sets and Scrub Regions
[111.622s][info][gc,marking  ] GC(256) Concurrent Rebuild Remembered Sets and Scrub Regions 35.606ms
[111.622s][info][gc,start    ] GC(256) Pause Cleanup
[111.622s][info][gc          ] GC(256) Pause Cleanup 289M->289M(527M) 0.087ms
[111.622s][info][gc,cpu      ] GC(256) User=0.00s Sys=0.00s Real=0.00s
[111.622s][info][gc,marking  ] GC(256) Concurrent Clear Claimed Marks
[111.623s][info][gc,marking  ] GC(256) Concurrent Clear Claimed Marks 0.100ms
[111.623s][info][gc,marking  ] GC(256) Concurrent Cleanup for Next Mark
[111.624s][info][gc,marking  ] GC(256) Concurrent Cleanup for Next Mark 1.603ms
[111.624s][info][gc          ] GC(256) Concurrent Mark Cycle 97.170ms
[112.212s][info][gc,start    ] GC(257) Pause Young (Prepare Mixed) (G1 Evacuation Pause)
[112.212s][info][gc,task     ] GC(257) Using 2 workers of 2 for evacuation
[112.245s][info][gc,phases   ] GC(257)   Pre Evacuate Collection Set: 2.02ms
[112.245s][info][gc,phases   ] GC(257)   Merge Heap Roots: 0.13ms
[112.245s][info][gc,phases   ] GC(257)   Evacuate Collection Set: 19.36ms
[112.245s][info][gc,phases   ] GC(257)   Post Evacuate Collection Set: 10.66ms
[112.245s][info][gc,phases   ] GC(257)   Other: 0.09ms
[112.245s][info][gc,heap     ] GC(257) Eden regions: 243->0(246)
[112.245s][info][gc,heap     ] GC(257) Survivor regions: 3->1(31)
[112.245s][info][gc,heap     ] GC(257) Old regions: 44->45
[112.245s][info][gc,heap     ] GC(257) Humongous regions: 207->207
[112.245s][info][gc,metaspace] GC(257) Metaspace: 56081K(56448K)->56081K(56448K) NonClass: 47795K(48064K)->47795K(48064K) Class: 8285K(8384K)->8285K(8384K)
[112.245s][info][gc          ] GC(257) Pause Young (Prepare Mixed) (G1 Evacuation Pause) 496M->251M(527M) 32.463ms
[112.245s][info][gc,cpu      ] GC(257) User=0.02s Sys=0.00s Real=0.03s
[112.824s][info][gc,start    ] GC(258) Pause Young (Mixed) (G1 Evacuation Pause)
[112.824s][info][gc,task     ] GC(258) Using 2 workers of 2 for evacuation
[112.831s][info][gc,phases   ] GC(258)   Pre Evacuate Collection Set: 0.30ms
[112.831s][info][gc,phases   ] GC(258)   Merge Heap Roots: 0.10ms
[112.831s][info][gc,phases   ] GC(258)   Evacuate Collection Set: 5.78ms
[112.831s][info][gc,phases   ] GC(258)   Post Evacuate Collection Set: 0.58ms
[112.831s][info][gc,phases   ] GC(258)   Other: 0.11ms
[112.831s][info][gc,heap     ] GC(258) Eden regions: 246->0(245)
[112.831s][info][gc,heap     ] GC(258) Survivor regions: 1->2(31)
[112.831s][info][gc,heap     ] GC(258) Old regions: 45->44
[112.831s][info][gc,heap     ] GC(258) Humongous regions: 207->207
[112.831s][info][gc,metaspace] GC(258) Metaspace: 56081K(56448K)->56081K(56448K) NonClass: 47795K(48064K)->47795K(48064K) Class: 8285K(8384K)->8285K(8384K)
[112.831s][info][gc          ] GC(258) Pause Young (Mixed) (G1 Evacuation Pause) 497M->252M(527M) 7.056ms
[112.831s][info][gc,cpu      ] GC(258) User=0.01s Sys=0.00s Real=0.00s
[113.418s][info][gc,start    ] GC(259) Pause Young (Concurrent Start) (G1 Humongous Allocation)
[113.418s][info][gc,task     ] GC(259) Using 2 workers of 2 for evacuation
[113.421s][info][gc,phases   ] GC(259)   Pre Evacuate Collection Set: 0.26ms
[113.421s][info][gc,phases   ] GC(259)   Merge Heap Roots: 0.10ms
[113.421s][info][gc,phases   ] GC(259)   Evacuate Collection Set: 2.31ms
[113.421s][info][gc,phases   ] GC(259)   Post Evacuate Collection Set: 0.77ms
[113.421s][info][gc,phases   ] GC(259)   Other: 0.13ms
[113.421s][info][gc,heap     ] GC(259) Eden regions: 208->0(247)
[113.421s][info][gc,heap     ] GC(259) Survivor regions: 2->1(31)
[113.421s][info][gc,heap     ] GC(259) Old regions: 44->44
[113.421s][info][gc,heap     ] GC(259) Humongous regions: 207->207
[113.421s][info][gc,metaspace] GC(259) Metaspace: 56092K(56448K)->56092K(56448K) NonClass: 47805K(48064K)->47805K(48064K) Class: 8286K(8384K)->8286K(8384K)
[113.421s][info][gc          ] GC(259) Pause Young (Concurrent Start) (G1 Humongous Allocation) 459M->251M(527M) 3.749ms
[113.421s][info][gc,cpu      ] GC(259) User=0.01s Sys=0.00s Real=0.00s
[113.421s][info][gc          ] GC(260) Concurrent Mark Cycle
[113.422s][info][gc,marking  ] GC(260) Concurrent Scan Root Regions
[113.424s][info][gc,marking  ] GC(260) Concurrent Scan Root Regions 2.977ms
[113.425s][info][gc,marking  ] GC(260) Concurrent Mark
[113.425s][info][gc,marking  ] GC(260) Concurrent Mark From Roots
[113.425s][info][gc,task     ] GC(260) Using 1 workers of 1 for marking
[113.515s][info][gc,marking  ] GC(260) Concurrent Mark From Roots 90.154ms
[113.515s][info][gc,marking  ] GC(260) Concurrent Preclean
[113.515s][info][gc,marking  ] GC(260) Concurrent Preclean 0.085ms
[113.517s][info][gc,start    ] GC(260) Pause Remark
[113.526s][info][gc          ] GC(260) Pause Remark 291M->291M(527M) 8.785ms
[113.526s][info][gc,cpu      ] GC(260) User=0.02s Sys=0.00s Real=0.01s
[113.526s][info][gc,marking  ] GC(260) Concurrent Mark 101.955ms
[113.527s][info][gc,marking  ] GC(260) Concurrent Rebuild Remembered Sets and Scrub Regions
[113.559s][info][gc,marking  ] GC(260) Concurrent Rebuild Remembered Sets and Scrub Regions 32.943ms
[113.560s][info][gc,start    ] GC(260) Pause Cleanup
[113.560s][info][gc          ] GC(260) Pause Cleanup 291M->291M(527M) 0.100ms
[113.560s][info][gc,cpu      ] GC(260) User=0.00s Sys=0.00s Real=0.00s
[113.560s][info][gc,marking  ] GC(260) Concurrent Clear Claimed Marks
[113.560s][info][gc,marking  ] GC(260) Concurrent Clear Claimed Marks 0.124ms
[113.560s][info][gc,marking  ] GC(260) Concurrent Cleanup for Next Mark
[113.563s][info][gc,marking  ] GC(260) Concurrent Cleanup for Next Mark 3.219ms
[113.563s][info][gc          ] GC(260) Concurrent Mark Cycle 141.928ms
[116.628s][info][gc,start    ] GC(261) Pause Young (Prepare Mixed) (G1 Evacuation Pause)
[116.629s][info][gc,task     ] GC(261) Using 2 workers of 2 for evacuation
[116.665s][info][gc,phases   ] GC(261)   Pre Evacuate Collection Set: 0.28ms
[116.665s][info][gc,phases   ] GC(261)   Merge Heap Roots: 0.46ms
[116.665s][info][gc,phases   ] GC(261)   Evacuate Collection Set: 35.19ms
[116.665s][info][gc,phases   ] GC(261)   Post Evacuate Collection Set: 0.72ms
[116.665s][info][gc,phases   ] GC(261)   Other: 0.07ms
[116.665s][info][gc,heap     ] GC(261) Eden regions: 119->0(216)
[116.665s][info][gc,heap     ] GC(261) Survivor regions: 1->31(31)
[116.665s][info][gc,heap     ] GC(261) Old regions: 44->45
[116.665s][info][gc,heap     ] GC(261) Humongous regions: 363->207
[116.665s][info][gc,metaspace] GC(261) Metaspace: 56383K(56704K)->56383K(56704K) NonClass: 48097K(48320K)->48097K(48320K) Class: 8286K(8384K)->8286K(8384K)
[116.665s][info][gc          ] GC(261) Pause Young (Prepare Mixed) (G1 Evacuation Pause) 526M->282M(559M) 36.927ms
[116.665s][info][gc,cpu      ] GC(261) User=0.05s Sys=0.02s Real=0.04s
[117.103s][info][gc,start    ] GC(262) Pause Young (Mixed) (G1 Evacuation Pause)
[117.103s][info][gc,task     ] GC(262) Using 2 workers of 2 for evacuation
[117.118s][info][gc,phases   ] GC(262)   Pre Evacuate Collection Set: 0.27ms
[117.118s][info][gc,phases   ] GC(262)   Merge Heap Roots: 0.12ms
[117.118s][info][gc,phases   ] GC(262)   Evacuate Collection Set: 13.15ms
[117.118s][info][gc,phases   ] GC(262)   Post Evacuate Collection Set: 0.65ms
[117.118s][info][gc,phases   ] GC(262)   Other: 0.09ms
[117.118s][info][gc,heap     ] GC(262) Eden regions: 216->0(247)
[117.118s][info][gc,heap     ] GC(262) Survivor regions: 31->3(31)
[117.118s][info][gc,heap     ] GC(262) Old regions: 45->70
[117.118s][info][gc,heap     ] GC(262) Humongous regions: 207->207
[117.118s][info][gc,metaspace] GC(262) Metaspace: 56383K(56704K)->56383K(56704K) NonClass: 48097K(48320K)->48097K(48320K) Class: 8286K(8384K)->8286K(8384K)
[117.118s][info][gc          ] GC(262) Pause Young (Mixed) (G1 Evacuation Pause) 498M->278M(559M) 14.567ms
[117.118s][info][gc,cpu      ] GC(262) User=0.02s Sys=0.00s Real=0.01s
[117.721s][info][gc,start    ] GC(263) Pause Young (Concurrent Start) (G1 Evacuation Pause)
[117.721s][info][gc,task     ] GC(263) Using 2 workers of 2 for evacuation
[117.727s][info][gc,phases   ] GC(263)   Pre Evacuate Collection Set: 0.30ms
[117.727s][info][gc,phases   ] GC(263)   Merge Heap Roots: 0.11ms
[117.727s][info][gc,phases   ] GC(263)   Evacuate Collection Set: 4.78ms
[117.727s][info][gc,phases   ] GC(263)   Post Evacuate Collection Set: 0.58ms
[117.727s][info][gc,phases   ] GC(263)   Other: 0.09ms
[117.727s][info][gc,heap     ] GC(263) Eden regions: 247->0(247)
[117.727s][info][gc,heap     ] GC(263) Survivor regions: 3->3(32)
[117.727s][info][gc,heap     ] GC(263) Old regions: 70->70
[117.727s][info][gc,heap     ] GC(263) Humongous regions: 207->207
[117.727s][info][gc,metaspace] GC(263) Metaspace: 56383K(56704K)->56383K(56704K) NonClass: 48097K(48320K)->48097K(48320K) Class: 8286K(8384K)->8286K(8384K)
[117.727s][info][gc          ] GC(263) Pause Young (Concurrent Start) (G1 Evacuation Pause) 525M->279M(559M) 6.059ms
[117.727s][info][gc,cpu      ] GC(263) User=0.01s Sys=0.00s Real=0.01s
[117.727s][info][gc          ] GC(264) Concurrent Mark Cycle
[117.727s][info][gc,marking  ] GC(264) Concurrent Scan Root Regions
[117.733s][info][gc,marking  ] GC(264) Concurrent Scan Root Regions 5.351ms
[117.733s][info][gc,marking  ] GC(264) Concurrent Mark
[117.733s][info][gc,marking  ] GC(264) Concurrent Mark From Roots
[117.733s][info][gc,task     ] GC(264) Using 1 workers of 1 for marking
[117.785s][info][gc,marking  ] GC(264) Concurrent Mark From Roots 52.197ms
[117.785s][info][gc,marking  ] GC(264) Concurrent Preclean
[117.785s][info][gc,marking  ] GC(264) Concurrent Preclean 0.075ms
[117.785s][info][gc,start    ] GC(264) Pause Remark
[117.794s][info][gc          ] GC(264) Pause Remark 293M->284M(559M) 9.044ms
[117.794s][info][gc,cpu      ] GC(264) User=0.01s Sys=0.00s Real=0.01s
[117.796s][info][gc,marking  ] GC(264) Concurrent Mark 63.114ms
[117.796s][info][gc,marking  ] GC(264) Concurrent Rebuild Remembered Sets and Scrub Regions
[117.819s][info][gc,marking  ] GC(264) Concurrent Rebuild Remembered Sets and Scrub Regions 22.734ms
[117.819s][info][gc,start    ] GC(264) Pause Cleanup
[117.819s][info][gc          ] GC(264) Pause Cleanup 297M->297M(559M) 0.084ms
[117.819s][info][gc,cpu      ] GC(264) User=0.00s Sys=0.00s Real=0.00s
[117.819s][info][gc,marking  ] GC(264) Concurrent Clear Claimed Marks
[117.819s][info][gc,marking  ] GC(264) Concurrent Clear Claimed Marks 0.121ms
[117.819s][info][gc,marking  ] GC(264) Concurrent Cleanup for Next Mark
[117.822s][info][gc,marking  ] GC(264) Concurrent Cleanup for Next Mark 3.045ms
[117.822s][info][gc          ] GC(264) Concurrent Mark Cycle 94.883ms
[118.399s][info][gc,start    ] GC(265) Pause Young (Prepare Mixed) (G1 Evacuation Pause)
[118.400s][info][gc,task     ] GC(265) Using 2 workers of 2 for evacuation
[118.404s][info][gc,phases   ] GC(265)   Pre Evacuate Collection Set: 0.31ms
[118.404s][info][gc,phases   ] GC(265)   Merge Heap Roots: 0.12ms
[118.405s][info][gc,phases   ] GC(265)   Evacuate Collection Set: 3.65ms
[118.405s][info][gc,phases   ] GC(265)   Post Evacuate Collection Set: 0.76ms
[118.405s][info][gc,phases   ] GC(265)   Other: 0.10ms
[118.405s][info][gc,heap     ] GC(265) Eden regions: 247->0(258)
[118.405s][info][gc,heap     ] GC(265) Survivor regions: 3->2(32)
[118.405s][info][gc,heap     ] GC(265) Old regions: 61->61
[118.405s][info][gc,heap     ] GC(265) Humongous regions: 207->207
[118.405s][info][gc,metaspace] GC(265) Metaspace: 56383K(56704K)->56383K(56704K) NonClass: 48097K(48320K)->48097K(48320K) Class: 8286K(8384K)->8286K(8384K)
[118.405s][info][gc          ] GC(265) Pause Young (Prepare Mixed) (G1 Evacuation Pause) 517M->268M(559M) 5.209ms
[118.405s][info][gc,cpu      ] GC(265) User=0.01s Sys=0.00s Real=0.01s
[119.092s][info][gc,start    ] GC(266) Pause Young (Mixed) (G1 Evacuation Pause)
[119.092s][info][gc,task     ] GC(266) Using 2 workers of 2 for evacuation
[119.094s][info][gc,phases   ] GC(266)   Pre Evacuate Collection Set: 0.27ms
[119.094s][info][gc,phases   ] GC(266)   Merge Heap Roots: 0.12ms
[119.094s][info][gc,phases   ] GC(266)   Evacuate Collection Set: 1.46ms
[119.094s][info][gc,phases   ] GC(266)   Post Evacuate Collection Set: 0.58ms
[119.094s][info][gc,phases   ] GC(266)   Other: 0.12ms
[119.094s][info][gc,heap     ] GC(266) Eden regions: 258->0(261)
[119.094s][info][gc,heap     ] GC(266) Survivor regions: 2->1(33)
[119.094s][info][gc,heap     ] GC(266) Old regions: 61->58
[119.094s][info][gc,heap     ] GC(266) Humongous regions: 207->207
[119.094s][info][gc,metaspace] GC(266) Metaspace: 56383K(56704K)->56383K(56704K) NonClass: 48097K(48320K)->48097K(48320K) Class: 8286K(8384K)->8286K(8384K)
[119.094s][info][gc          ] GC(266) Pause Young (Mixed) (G1 Evacuation Pause) 526M->265M(559M) 2.737ms
[119.094s][info][gc,cpu      ] GC(266) User=0.00s Sys=0.00s Real=0.01s
[119.743s][info][gc,start    ] GC(267) Pause Young (Concurrent Start) (G1 Evacuation Pause)
[119.743s][info][gc,task     ] GC(267) Using 2 workers of 2 for evacuation
[119.747s][info][gc,phases   ] GC(267)   Pre Evacuate Collection Set: 0.30ms
[119.747s][info][gc,phases   ] GC(267)   Merge Heap Roots: 0.10ms
[119.747s][info][gc,phases   ] GC(267)   Evacuate Collection Set: 3.17ms
[119.747s][info][gc,phases   ] GC(267)   Post Evacuate Collection Set: 0.59ms
[119.747s][info][gc,phases   ] GC(267)   Other: 0.10ms
[119.747s][info][gc,heap     ] GC(267) Eden regions: 261->0(261)
[119.747s][info][gc,heap     ] GC(267) Survivor regions: 1->2(33)
[119.747s][info][gc,heap     ] GC(267) Old regions: 58->58
[119.747s][info][gc,heap     ] GC(267) Humongous regions: 207->207
[119.747s][info][gc,metaspace] GC(267) Metaspace: 56383K(56704K)->56383K(56704K) NonClass: 48097K(48320K)->48097K(48320K) Class: 8286K(8384K)->8286K(8384K)
[119.747s][info][gc          ] GC(267) Pause Young (Concurrent Start) (G1 Evacuation Pause) 525M->265M(559M) 4.430ms
[119.747s][info][gc,cpu      ] GC(267) User=0.01s Sys=0.00s Real=0.00s
[119.747s][info][gc          ] GC(268) Concurrent Mark Cycle
[119.747s][info][gc,marking  ] GC(268) Concurrent Scan Root Regions
[119.751s][info][gc,marking  ] GC(268) Concurrent Scan Root Regions 3.266ms
[119.751s][info][gc,marking  ] GC(268) Concurrent Mark
[119.751s][info][gc,marking  ] GC(268) Concurrent Mark From Roots
[119.751s][info][gc,task     ] GC(268) Using 1 workers of 1 for marking
[119.811s][info][gc,marking  ] GC(268) Concurrent Mark From Roots 59.881ms
[119.811s][info][gc,marking  ] GC(268) Concurrent Preclean
[119.811s][info][gc,marking  ] GC(268) Concurrent Preclean 0.073ms
[119.811s][info][gc,start    ] GC(268) Pause Remark
[119.820s][info][gc          ] GC(268) Pause Remark 284M->284M(559M) 9.225ms
[119.820s][info][gc,cpu      ] GC(268) User=0.02s Sys=0.00s Real=0.01s
[119.822s][info][gc,marking  ] GC(268) Concurrent Mark 70.902ms
[119.822s][info][gc,marking  ] GC(268) Concurrent Rebuild Remembered Sets and Scrub Regions
[119.852s][info][gc,marking  ] GC(268) Concurrent Rebuild Remembered Sets and Scrub Regions 30.527ms
[119.852s][info][gc,start    ] GC(268) Pause Cleanup
[119.852s][info][gc          ] GC(268) Pause Cleanup 301M->301M(559M) 0.084ms
[119.852s][info][gc,cpu      ] GC(268) User=0.00s Sys=0.00s Real=0.00s
[119.852s][info][gc,marking  ] GC(268) Concurrent Clear Claimed Marks
[119.853s][info][gc,marking  ] GC(268) Concurrent Clear Claimed Marks 0.093ms
[119.853s][info][gc,marking  ] GC(268) Concurrent Cleanup for Next Mark
[119.854s][info][gc,marking  ] GC(268) Concurrent Cleanup for Next Mark 1.729ms
[119.854s][info][gc          ] GC(268) Concurrent Mark Cycle 106.956ms
[120.422s][info][gc,start    ] GC(269) Pause Young (Prepare Mixed) (G1 Evacuation Pause)
[120.422s][info][gc,task     ] GC(269) Using 2 workers of 2 for evacuation
[120.427s][info][gc,phases   ] GC(269)   Pre Evacuate Collection Set: 0.26ms
[120.427s][info][gc,phases   ] GC(269)   Merge Heap Roots: 0.10ms
[120.427s][info][gc,phases   ] GC(269)   Evacuate Collection Set: 4.01ms
[120.427s][info][gc,phases   ] GC(269)   Post Evacuate Collection Set: 0.58ms
[120.427s][info][gc,phases   ] GC(269)   Other: 0.08ms
[120.427s][info][gc,heap     ] GC(269) Eden regions: 261->0(259)
[120.427s][info][gc,heap     ] GC(269) Survivor regions: 2->3(33)
[120.427s][info][gc,heap     ] GC(269) Old regions: 58->58
[120.427s][info][gc,heap     ] GC(269) Humongous regions: 207->207
[120.427s][info][gc,metaspace] GC(269) Metaspace: 56383K(56704K)->56383K(56704K) NonClass: 48097K(48320K)->48097K(48320K) Class: 8286K(8384K)->8286K(8384K)
[120.427s][info][gc          ] GC(269) Pause Young (Prepare Mixed) (G1 Evacuation Pause) 526M->267M(559M) 5.226ms
[120.427s][info][gc,cpu      ] GC(269) User=0.01s Sys=0.00s Real=0.01s
[121.117s][info][gc,start    ] GC(270) Pause Young (Mixed) (G1 Evacuation Pause)
[121.117s][info][gc,task     ] GC(270) Using 2 workers of 2 for evacuation
[121.122s][info][gc,phases   ] GC(270)   Pre Evacuate Collection Set: 0.25ms
[121.122s][info][gc,phases   ] GC(270)   Merge Heap Roots: 0.10ms
[121.122s][info][gc,phases   ] GC(270)   Evacuate Collection Set: 4.23ms
[121.122s][info][gc,phases   ] GC(270)   Post Evacuate Collection Set: 0.58ms
[121.122s][info][gc,phases   ] GC(270)   Other: 0.10ms
[121.122s][info][gc,heap     ] GC(270) Eden regions: 259->0(262)
[121.122s][info][gc,heap     ] GC(270) Survivor regions: 3->3(33)
[121.122s][info][gc,heap     ] GC(270) Old regions: 58->55
[121.122s][info][gc,heap     ] GC(270) Humongous regions: 207->207
[121.122s][info][gc,metaspace] GC(270) Metaspace: 56383K(56704K)->56383K(56704K) NonClass: 48097K(48320K)->48097K(48320K) Class: 8286K(8384K)->8286K(8384K)
[121.122s][info][gc          ] GC(270) Pause Young (Mixed) (G1 Evacuation Pause) 526M->264M(559M) 5.487ms
[121.122s][info][gc,cpu      ] GC(270) User=0.01s Sys=0.00s Real=0.01s
[121.808s][info][gc,start    ] GC(271) Pause Young (Concurrent Start) (G1 Evacuation Pause)
[121.808s][info][gc,task     ] GC(271) Using 2 workers of 2 for evacuation
[121.813s][info][gc,phases   ] GC(271)   Pre Evacuate Collection Set: 0.33ms
[121.813s][info][gc,phases   ] GC(271)   Merge Heap Roots: 0.09ms
[121.813s][info][gc,phases   ] GC(271)   Evacuate Collection Set: 3.68ms
[121.813s][info][gc,phases   ] GC(271)   Post Evacuate Collection Set: 0.58ms
[121.813s][info][gc,phases   ] GC(271)   Other: 0.11ms
[121.813s][info][gc,heap     ] GC(271) Eden regions: 262->0(262)
[121.813s][info][gc,heap     ] GC(271) Survivor regions: 3->3(34)
[121.813s][info][gc,heap     ] GC(271) Old regions: 55->55
[121.813s][info][gc,heap     ] GC(271) Humongous regions: 207->207
[121.813s][info][gc,metaspace] GC(271) Metaspace: 56383K(56704K)->56383K(56704K) NonClass: 48097K(48320K)->48097K(48320K) Class: 8286K(8384K)->8286K(8384K)
[121.813s][info][gc          ] GC(271) Pause Young (Concurrent Start) (G1 Evacuation Pause) 526M->263M(559M) 4.994ms
[121.813s][info][gc,cpu      ] GC(271) User=0.01s Sys=0.00s Real=0.01s
[121.813s][info][gc          ] GC(272) Concurrent Mark Cycle
[121.815s][info][gc,marking  ] GC(272) Concurrent Scan Root Regions
[121.818s][info][gc,marking  ] GC(272) Concurrent Scan Root Regions 3.331ms
[121.819s][info][gc,marking  ] GC(272) Concurrent Mark
[121.819s][info][gc,marking  ] GC(272) Concurrent Mark From Roots
[121.819s][info][gc,task     ] GC(272) Using 1 workers of 1 for marking
[121.877s][info][gc,marking  ] GC(272) Concurrent Mark From Roots 58.664ms
[121.877s][info][gc,marking  ] GC(272) Concurrent Preclean
[121.877s][info][gc,marking  ] GC(272) Concurrent Preclean 0.075ms
[121.877s][info][gc,start    ] GC(272) Pause Remark
[121.886s][info][gc          ] GC(272) Pause Remark 288M->288M(559M) 8.571ms
[121.886s][info][gc,cpu      ] GC(272) User=0.02s Sys=0.00s Real=0.01s
[121.886s][info][gc,marking  ] GC(272) Concurrent Mark 67.673ms
[121.886s][info][gc,marking  ] GC(272) Concurrent Rebuild Remembered Sets and Scrub Regions
[121.905s][info][gc,marking  ] GC(272) Concurrent Rebuild Remembered Sets and Scrub Regions 18.640ms
[121.905s][info][gc,start    ] GC(272) Pause Cleanup
[121.905s][info][gc          ] GC(272) Pause Cleanup 294M->294M(559M) 0.100ms
[121.905s][info][gc,cpu      ] GC(272) User=0.00s Sys=0.00s Real=0.00s
[121.905s][info][gc,marking  ] GC(272) Concurrent Clear Claimed Marks
[121.905s][info][gc,marking  ] GC(272) Concurrent Clear Claimed Marks 0.094ms
[121.905s][info][gc,marking  ] GC(272) Concurrent Cleanup for Next Mark
[121.908s][info][gc,marking  ] GC(272) Concurrent Cleanup for Next Mark 2.554ms
[121.908s][info][gc          ] GC(272) Concurrent Mark Cycle 95.128ms
[122.508s][info][gc,start    ] GC(273) Pause Young (Prepare Mixed) (G1 Evacuation Pause)
[122.508s][info][gc,task     ] GC(273) Using 2 workers of 2 for evacuation
[122.514s][info][gc,phases   ] GC(273)   Pre Evacuate Collection Set: 0.27ms
[122.514s][info][gc,phases   ] GC(273)   Merge Heap Roots: 0.12ms
[122.514s][info][gc,phases   ] GC(273)   Evacuate Collection Set: 4.04ms
[122.514s][info][gc,phases   ] GC(273)   Post Evacuate Collection Set: 0.59ms
[122.514s][info][gc,phases   ] GC(273)   Other: 0.10ms
[122.514s][info][gc,heap     ] GC(273) Eden regions: 262->0(264)
[122.514s][info][gc,heap     ] GC(273) Survivor regions: 3->2(34)
[122.514s][info][gc,heap     ] GC(273) Old regions: 55->55
[122.514s][info][gc,heap     ] GC(273) Humongous regions: 207->207
[122.514s][info][gc,metaspace] GC(273) Metaspace: 56383K(56704K)->56383K(56704K) NonClass: 48097K(48320K)->48097K(48320K) Class: 8286K(8384K)->8286K(8384K)
[122.514s][info][gc          ] GC(273) Pause Young (Prepare Mixed) (G1 Evacuation Pause) 525M->263M(559M) 5.306ms
[122.514s][info][gc,cpu      ] GC(273) User=0.01s Sys=0.00s Real=0.01s
[123.206s][info][gc,start    ] GC(274) Pause Young (Mixed) (G1 Evacuation Pause)
[123.206s][info][gc,task     ] GC(274) Using 2 workers of 2 for evacuation
[123.210s][info][gc,phases   ] GC(274)   Pre Evacuate Collection Set: 0.28ms
[123.210s][info][gc,phases   ] GC(274)   Merge Heap Roots: 0.10ms
[123.210s][info][gc,phases   ] GC(274)   Evacuate Collection Set: 2.53ms
[123.210s][info][gc,phases   ] GC(274)   Post Evacuate Collection Set: 0.57ms
[123.210s][info][gc,phases   ] GC(274)   Other: 0.10ms
[123.210s][info][gc,heap     ] GC(274) Eden regions: 264->0(267)
[123.210s][info][gc,heap     ] GC(274) Survivor regions: 2->2(34)
[123.210s][info][gc,heap     ] GC(274) Old regions: 55->52
[123.210s][info][gc,heap     ] GC(274) Humongous regions: 207->207
[123.210s][info][gc,metaspace] GC(274) Metaspace: 56384K(56704K)->56384K(56704K) NonClass: 48098K(48320K)->48098K(48320K) Class: 8286K(8384K)->8286K(8384K)
[123.210s][info][gc          ] GC(274) Pause Young (Mixed) (G1 Evacuation Pause) 527M->259M(559M) 3.786ms
[123.210s][info][gc,cpu      ] GC(274) User=0.00s Sys=0.00s Real=0.00s
[123.910s][info][gc,start    ] GC(275) Pause Young (Concurrent Start) (G1 Evacuation Pause)
[123.910s][info][gc,task     ] GC(275) Using 2 workers of 2 for evacuation
[123.915s][info][gc,phases   ] GC(275)   Pre Evacuate Collection Set: 0.32ms
[123.915s][info][gc,phases   ] GC(275)   Merge Heap Roots: 0.10ms
[123.915s][info][gc,phases   ] GC(275)   Evacuate Collection Set: 3.78ms
[123.915s][info][gc,phases   ] GC(275)   Post Evacuate Collection Set: 0.59ms
[123.915s][info][gc,phases   ] GC(275)   Other: 0.13ms
[123.915s][info][gc,heap     ] GC(275) Eden regions: 267->0(265)
[123.915s][info][gc,heap     ] GC(275) Survivor regions: 2->3(34)
[123.915s][info][gc,heap     ] GC(275) Old regions: 52->52
[123.915s][info][gc,heap     ] GC(275) Humongous regions: 207->207
[123.915s][info][gc,metaspace] GC(275) Metaspace: 56384K(56704K)->56384K(56704K) NonClass: 48098K(48320K)->48098K(48320K) Class: 8286K(8384K)->8286K(8384K)
[123.915s][info][gc          ] GC(275) Pause Young (Concurrent Start) (G1 Evacuation Pause) 526M->260M(559M) 5.133ms
[123.915s][info][gc,cpu      ] GC(275) User=0.01s Sys=0.00s Real=0.01s
[123.915s][info][gc          ] GC(276) Concurrent Mark Cycle
[123.915s][info][gc,marking  ] GC(276) Concurrent Scan Root Regions
[123.921s][info][gc,marking  ] GC(276) Concurrent Scan Root Regions 6.152ms
[123.921s][info][gc,marking  ] GC(276) Concurrent Mark
[123.921s][info][gc,marking  ] GC(276) Concurrent Mark From Roots
[123.921s][info][gc,task     ] GC(276) Using 1 workers of 1 for marking
[123.986s][info][gc,marking  ] GC(276) Concurrent Mark From Roots 64.226ms
[123.986s][info][gc,marking  ] GC(276) Concurrent Preclean
[123.986s][info][gc,marking  ] GC(276) Concurrent Preclean 0.077ms
[123.986s][info][gc,start    ] GC(276) Pause Remark
[123.995s][info][gc          ] GC(276) Pause Remark 287M->287M(559M) 8.942ms
[123.995s][info][gc,cpu      ] GC(276) User=0.02s Sys=0.00s Real=0.01s
[123.997s][info][gc,marking  ] GC(276) Concurrent Mark 75.546ms
[123.997s][info][gc,marking  ] GC(276) Concurrent Rebuild Remembered Sets and Scrub Regions
[124.032s][info][gc,marking  ] GC(276) Concurrent Rebuild Remembered Sets and Scrub Regions 35.307ms
[124.032s][info][gc,start    ] GC(276) Pause Cleanup
[124.032s][info][gc          ] GC(276) Pause Cleanup 308M->308M(559M) 0.072ms
[124.032s][info][gc,cpu      ] GC(276) User=0.00s Sys=0.00s Real=0.00s
[124.032s][info][gc,marking  ] GC(276) Concurrent Clear Claimed Marks
[124.032s][info][gc,marking  ] GC(276) Concurrent Clear Claimed Marks 0.095ms
[124.033s][info][gc,marking  ] GC(276) Concurrent Cleanup for Next Mark
[124.036s][info][gc,marking  ] GC(276) Concurrent Cleanup for Next Mark 3.723ms
[124.036s][info][gc          ] GC(276) Concurrent Mark Cycle 121.226ms
[124.704s][info][gc,start    ] GC(277) Pause Young (Prepare Mixed) (G1 Evacuation Pause)
[124.704s][info][gc,task     ] GC(277) Using 2 workers of 2 for evacuation
[124.709s][info][gc,phases   ] GC(277)   Pre Evacuate Collection Set: 0.28ms
[124.709s][info][gc,phases   ] GC(277)   Merge Heap Roots: 0.11ms
[124.709s][info][gc,phases   ] GC(277)   Evacuate Collection Set: 3.64ms
[124.709s][info][gc,phases   ] GC(277)   Post Evacuate Collection Set: 0.59ms
[124.709s][info][gc,phases   ] GC(277)   Other: 0.08ms
[124.709s][info][gc,heap     ] GC(277) Eden regions: 265->0(265)
[124.709s][info][gc,heap     ] GC(277) Survivor regions: 3->3(34)
[124.709s][info][gc,heap     ] GC(277) Old regions: 52->52
[124.709s][info][gc,heap     ] GC(277) Humongous regions: 207->207
[124.709s][info][gc,metaspace] GC(277) Metaspace: 56384K(56704K)->56384K(56704K) NonClass: 48098K(48320K)->48098K(48320K) Class: 8286K(8384K)->8286K(8384K)
[124.709s][info][gc          ] GC(277) Pause Young (Prepare Mixed) (G1 Evacuation Pause) 525M->261M(559M) 4.877ms
[124.709s][info][gc,cpu      ] GC(277) User=0.01s Sys=0.00s Real=0.00s
[125.403s][info][gc,start    ] GC(278) Pause Young (Mixed) (G1 Evacuation Pause)
[125.403s][info][gc,task     ] GC(278) Using 2 workers of 2 for evacuation
[125.406s][info][gc,phases   ] GC(278)   Pre Evacuate Collection Set: 0.28ms
[125.406s][info][gc,phases   ] GC(278)   Merge Heap Roots: 0.10ms
[125.407s][info][gc,phases   ] GC(278)   Evacuate Collection Set: 2.80ms
[125.407s][info][gc,phases   ] GC(278)   Post Evacuate Collection Set: 0.60ms
[125.407s][info][gc,phases   ] GC(278)   Other: 0.08ms
[125.407s][info][gc,heap     ] GC(278) Eden regions: 265->0(269)
[125.407s][info][gc,heap     ] GC(278) Survivor regions: 3->2(34)
[125.407s][info][gc,heap     ] GC(278) Old regions: 52->50
[125.407s][info][gc,heap     ] GC(278) Humongous regions: 207->207
[125.407s][info][gc,metaspace] GC(278) Metaspace: 56386K(56704K)->56386K(56704K) NonClass: 48099K(48320K)->48099K(48320K) Class: 8286K(8384K)->8286K(8384K)
[125.407s][info][gc          ] GC(278) Pause Young (Mixed) (G1 Evacuation Pause) 526M->258M(559M) 4.053ms
[125.407s][info][gc,cpu      ] GC(278) User=0.01s Sys=0.00s Real=0.00s
[126.102s][info][gc,start    ] GC(279) Pause Young (Concurrent Start) (G1 Evacuation Pause)
[126.102s][info][gc,task     ] GC(279) Using 2 workers of 2 for evacuation
[126.106s][info][gc,phases   ] GC(279)   Pre Evacuate Collection Set: 0.29ms
[126.106s][info][gc,phases   ] GC(279)   Merge Heap Roots: 0.10ms
[126.106s][info][gc,phases   ] GC(279)   Evacuate Collection Set: 3.30ms
[126.106s][info][gc,phases   ] GC(279)   Post Evacuate Collection Set: 0.56ms
[126.106s][info][gc,phases   ] GC(279)   Other: 0.12ms
[126.106s][info][gc,heap     ] GC(279) Eden regions: 269->0(269)
[126.106s][info][gc,heap     ] GC(279) Survivor regions: 2->2(34)
[126.106s][info][gc,heap     ] GC(279) Old regions: 50->50
[126.106s][info][gc,heap     ] GC(279) Humongous regions: 207->207
[126.106s][info][gc,metaspace] GC(279) Metaspace: 56391K(56768K)->56391K(56768K) NonClass: 48104K(48384K)->48104K(48384K) Class: 8286K(8384K)->8286K(8384K)
[126.106s][info][gc          ] GC(279) Pause Young (Concurrent Start) (G1 Evacuation Pause) 527M->258M(559M) 4.564ms
[126.106s][info][gc          ] GC(280) Concurrent Mark Cycle
[126.106s][info][gc,marking  ] GC(280) Concurrent Scan Root Regions
[126.106s][info][gc,cpu      ] GC(279) User=0.00s Sys=0.00s Real=0.01s
[126.113s][info][gc,marking  ] GC(280) Concurrent Scan Root Regions 6.999ms
[126.113s][info][gc,marking  ] GC(280) Concurrent Mark
[126.113s][info][gc,marking  ] GC(280) Concurrent Mark From Roots
[126.113s][info][gc,task     ] GC(280) Using 1 workers of 1 for marking
[126.165s][info][gc,marking  ] GC(280) Concurrent Mark From Roots 51.365ms
[126.165s][info][gc,marking  ] GC(280) Concurrent Preclean
[126.165s][info][gc,marking  ] GC(280) Concurrent Preclean 0.080ms
[126.165s][info][gc,start    ] GC(280) Pause Remark
[126.174s][info][gc          ] GC(280) Pause Remark 287M->287M(559M) 8.630ms
[126.174s][info][gc,cpu      ] GC(280) User=0.02s Sys=0.00s Real=0.01s
[126.174s][info][gc,marking  ] GC(280) Concurrent Mark 60.378ms
[126.174s][info][gc,marking  ] GC(280) Concurrent Rebuild Remembered Sets and Scrub Regions
[126.190s][info][gc,marking  ] GC(280) Concurrent Rebuild Remembered Sets and Scrub Regions 15.835ms
[126.190s][info][gc,start    ] GC(280) Pause Cleanup
[126.190s][info][gc          ] GC(280) Pause Cleanup 287M->287M(559M) 0.051ms
[126.190s][info][gc,cpu      ] GC(280) User=0.00s Sys=0.00s Real=0.00s
[126.190s][info][gc,marking  ] GC(280) Concurrent Clear Claimed Marks
[126.190s][info][gc,marking  ] GC(280) Concurrent Clear Claimed Marks 0.083ms
[126.190s][info][gc,marking  ] GC(280) Concurrent Cleanup for Next Mark
[126.192s][info][gc,marking  ] GC(280) Concurrent Cleanup for Next Mark 1.700ms
[126.192s][info][gc          ] GC(280) Concurrent Mark Cycle 85.271ms
[126.864s][info][gc,start    ] GC(281) Pause Young (Prepare Mixed) (G1 Evacuation Pause)
[126.864s][info][gc,task     ] GC(281) Using 2 workers of 2 for evacuation
[126.868s][info][gc,phases   ] GC(281)   Pre Evacuate Collection Set: 0.30ms
[126.868s][info][gc,phases   ] GC(281)   Merge Heap Roots: 0.12ms
[126.868s][info][gc,phases   ] GC(281)   Evacuate Collection Set: 2.53ms
[126.868s][info][gc,phases   ] GC(281)   Post Evacuate Collection Set: 0.59ms
[126.868s][info][gc,phases   ] GC(281)   Other: 0.08ms
[126.868s][info][gc,heap     ] GC(281) Eden regions: 269->0(269)
[126.868s][info][gc,heap     ] GC(281) Survivor regions: 2->2(34)
[126.868s][info][gc,heap     ] GC(281) Old regions: 50->50
[126.868s][info][gc,heap     ] GC(281) Humongous regions: 207->207
[126.868s][info][gc,metaspace] GC(281) Metaspace: 56396K(56768K)->56396K(56768K) NonClass: 48109K(48384K)->48109K(48384K) Class: 8286K(8384K)->8286K(8384K)
[126.868s][info][gc          ] GC(281) Pause Young (Prepare Mixed) (G1 Evacuation Pause) 527M->258M(559M) 3.803ms
[126.868s][info][gc,cpu      ] GC(281) User=0.01s Sys=0.00s Real=0.00s
[127.512s][info][gc,start    ] GC(282) Pause Young (Mixed) (G1 Evacuation Pause)
[127.513s][info][gc,task     ] GC(282) Using 2 workers of 2 for evacuation
[127.517s][info][gc,phases   ] GC(282)   Pre Evacuate Collection Set: 0.29ms
[127.517s][info][gc,phases   ] GC(282)   Merge Heap Roots: 0.12ms
[127.517s][info][gc,phases   ] GC(282)   Evacuate Collection Set: 3.72ms
[127.517s][info][gc,phases   ] GC(282)   Post Evacuate Collection Set: 0.57ms
[127.517s][info][gc,phases   ] GC(282)   Other: 0.08ms
[127.517s][info][gc,heap     ] GC(282) Eden regions: 269->0(270)
[127.517s][info][gc,heap     ] GC(282) Survivor regions: 2->2(34)
[127.517s][info][gc,heap     ] GC(282) Old regions: 50->49
[127.517s][info][gc,heap     ] GC(282) Humongous regions: 207->207
[127.517s][info][gc,metaspace] GC(282) Metaspace: 56397K(56768K)->56397K(56768K) NonClass: 48111K(48384K)->48111K(48384K) Class: 8286K(8384K)->8286K(8384K)
[127.517s][info][gc          ] GC(282) Pause Young (Mixed) (G1 Evacuation Pause) 527M->256M(559M) 4.952ms
[127.517s][info][gc,cpu      ] GC(282) User=0.01s Sys=0.00s Real=0.00s
[128.220s][info][gc,start    ] GC(283) Pause Young (Concurrent Start) (G1 Evacuation Pause)
[128.220s][info][gc,task     ] GC(283) Using 2 workers of 2 for evacuation
[128.225s][info][gc,phases   ] GC(283)   Pre Evacuate Collection Set: 0.28ms
[128.225s][info][gc,phases   ] GC(283)   Merge Heap Roots: 0.09ms
[128.225s][info][gc,phases   ] GC(283)   Evacuate Collection Set: 3.99ms
[128.225s][info][gc,phases   ] GC(283)   Post Evacuate Collection Set: 0.57ms
[128.225s][info][gc,phases   ] GC(283)   Other: 0.11ms
[128.225s][info][gc,heap     ] GC(283) Eden regions: 270->0(270)
[128.225s][info][gc,heap     ] GC(283) Survivor regions: 2->2(34)
[128.225s][info][gc,heap     ] GC(283) Old regions: 49->49
[128.225s][info][gc,heap     ] GC(283) Humongous regions: 207->207
[128.225s][info][gc,metaspace] GC(283) Metaspace: 56397K(56768K)->56397K(56768K) NonClass: 48111K(48384K)->48111K(48384K) Class: 8286K(8384K)->8286K(8384K)
[128.225s][info][gc          ] GC(283) Pause Young (Concurrent Start) (G1 Evacuation Pause) 526M->256M(559M) 5.246ms
[128.225s][info][gc          ] GC(284) Concurrent Mark Cycle
[128.225s][info][gc,marking  ] GC(284) Concurrent Scan Root Regions
[128.225s][info][gc,cpu      ] GC(283) User=0.01s Sys=0.00s Real=0.01s
[128.231s][info][gc,marking  ] GC(284) Concurrent Scan Root Regions 5.288ms
[128.231s][info][gc,marking  ] GC(284) Concurrent Mark
[128.231s][info][gc,marking  ] GC(284) Concurrent Mark From Roots
[128.231s][info][gc,task     ] GC(284) Using 1 workers of 1 for marking
[128.283s][info][gc,marking  ] GC(284) Concurrent Mark From Roots 52.829ms
[128.283s][info][gc,marking  ] GC(284) Concurrent Preclean
[128.284s][info][gc,marking  ] GC(284) Concurrent Preclean 0.078ms
[128.284s][info][gc,start    ] GC(284) Pause Remark
[128.292s][info][gc          ] GC(284) Pause Remark 276M->276M(559M) 8.575ms
[128.292s][info][gc,cpu      ] GC(284) User=0.02s Sys=0.00s Real=0.01s
[128.294s][info][gc,marking  ] GC(284) Concurrent Mark 63.198ms
[128.294s][info][gc,marking  ] GC(284) Concurrent Rebuild Remembered Sets and Scrub Regions
[128.330s][info][gc,marking  ] GC(284) Concurrent Rebuild Remembered Sets and Scrub Regions 35.939ms
[128.330s][info][gc,start    ] GC(284) Pause Cleanup
[128.331s][info][gc          ] GC(284) Pause Cleanup 298M->298M(559M) 0.077ms
[128.331s][info][gc,cpu      ] GC(284) User=0.00s Sys=0.00s Real=0.00s
[128.331s][info][gc,marking  ] GC(284) Concurrent Clear Claimed Marks
[128.331s][info][gc,marking  ] GC(284) Concurrent Clear Claimed Marks 0.110ms
[128.331s][info][gc,marking  ] GC(284) Concurrent Cleanup for Next Mark
[128.336s][info][gc,marking  ] GC(284) Concurrent Cleanup for Next Mark 4.243ms
[128.336s][info][gc          ] GC(284) Concurrent Mark Cycle 110.370ms
[128.922s][info][gc,start    ] GC(285) Pause Young (Prepare Mixed) (G1 Evacuation Pause)
[128.922s][info][gc,task     ] GC(285) Using 2 workers of 2 for evacuation
[128.928s][info][gc,phases   ] GC(285)   Pre Evacuate Collection Set: 0.34ms
[128.928s][info][gc,phases   ] GC(285)   Merge Heap Roots: 0.12ms
[128.928s][info][gc,phases   ] GC(285)   Evacuate Collection Set: 4.85ms
[128.928s][info][gc,phases   ] GC(285)   Post Evacuate Collection Set: 0.60ms
[128.928s][info][gc,phases   ] GC(285)   Other: 0.15ms
[128.928s][info][gc,heap     ] GC(285) Eden regions: 270->0(268)
[128.928s][info][gc,heap     ] GC(285) Survivor regions: 2->3(34)
[128.928s][info][gc,heap     ] GC(285) Old regions: 49->49
[128.928s][info][gc,heap     ] GC(285) Humongous regions: 207->207
[128.928s][info][gc,metaspace] GC(285) Metaspace: 56397K(56768K)->56397K(56768K) NonClass: 48111K(48384K)->48111K(48384K) Class: 8286K(8384K)->8286K(8384K)
[128.928s][info][gc          ] GC(285) Pause Young (Prepare Mixed) (G1 Evacuation Pause) 526M->257M(559M) 6.245ms
[128.928s][info][gc,cpu      ] GC(285) User=0.01s Sys=0.01s Real=0.01s
[129.622s][info][gc,start    ] GC(286) Pause Young (Mixed) (G1 Evacuation Pause)
[129.622s][info][gc,task     ] GC(286) Using 2 workers of 2 for evacuation
[129.630s][info][gc,phases   ] GC(286)   Pre Evacuate Collection Set: 0.28ms
[129.630s][info][gc,phases   ] GC(286)   Merge Heap Roots: 0.14ms
[129.630s][info][gc,phases   ] GC(286)   Evacuate Collection Set: 6.80ms
[129.630s][info][gc,phases   ] GC(286)   Post Evacuate Collection Set: 0.68ms
[129.630s][info][gc,phases   ] GC(286)   Other: 0.08ms
[129.630s][info][gc,heap     ] GC(286) Eden regions: 268->0(270)
[129.630s][info][gc,heap     ] GC(286) Survivor regions: 3->3(34)
[129.630s][info][gc,heap     ] GC(286) Old regions: 49->47
[129.630s][info][gc,heap     ] GC(286) Humongous regions: 207->207
[129.630s][info][gc,metaspace] GC(286) Metaspace: 56397K(56768K)->56397K(56768K) NonClass: 48111K(48384K)->48111K(48384K) Class: 8286K(8384K)->8286K(8384K)
[129.631s][info][gc          ] GC(286) Pause Young (Mixed) (G1 Evacuation Pause) 525M->256M(559M) 8.175ms
[129.631s][info][gc,cpu      ] GC(286) User=0.01s Sys=0.00s Real=0.00s
[130.338s][info][gc,start    ] GC(287) Pause Young (Concurrent Start) (G1 Evacuation Pause)
[130.338s][info][gc,task     ] GC(287) Using 2 workers of 2 for evacuation
[130.346s][info][gc,phases   ] GC(287)   Pre Evacuate Collection Set: 0.33ms
[130.346s][info][gc,phases   ] GC(287)   Merge Heap Roots: 0.11ms
[130.346s][info][gc,phases   ] GC(287)   Evacuate Collection Set: 4.57ms
[130.346s][info][gc,phases   ] GC(287)   Post Evacuate Collection Set: 0.59ms
[130.346s][info][gc,phases   ] GC(287)   Other: 1.81ms
[130.346s][info][gc,heap     ] GC(287) Eden regions: 270->0(270)
[130.346s][info][gc,heap     ] GC(287) Survivor regions: 3->3(35)
[130.346s][info][gc,heap     ] GC(287) Old regions: 47->47
[130.346s][info][gc,heap     ] GC(287) Humongous regions: 207->207
[130.346s][info][gc,metaspace] GC(287) Metaspace: 56397K(56768K)->56397K(56768K) NonClass: 48111K(48384K)->48111K(48384K) Class: 8286K(8384K)->8286K(8384K)
[130.346s][info][gc          ] GC(287) Pause Young (Concurrent Start) (G1 Evacuation Pause) 526M->256M(559M) 7.609ms
[130.346s][info][gc          ] GC(288) Concurrent Mark Cycle
[130.346s][info][gc,marking  ] GC(288) Concurrent Scan Root Regions
[130.348s][info][gc,cpu      ] GC(287) User=0.01s Sys=0.00s Real=0.01s
[130.349s][info][gc,marking  ] GC(288) Concurrent Scan Root Regions 2.848ms
[130.349s][info][gc,marking  ] GC(288) Concurrent Mark
[130.349s][info][gc,marking  ] GC(288) Concurrent Mark From Roots
[130.349s][info][gc,task     ] GC(288) Using 1 workers of 1 for marking
[130.416s][info][gc,marking  ] GC(288) Concurrent Mark From Roots 67.151ms
[130.416s][info][gc,marking  ] GC(288) Concurrent Preclean
[130.416s][info][gc,marking  ] GC(288) Concurrent Preclean 0.074ms
[130.416s][info][gc,start    ] GC(288) Pause Remark
[130.425s][info][gc          ] GC(288) Pause Remark 286M->286M(559M) 8.728ms
[130.425s][info][gc,cpu      ] GC(288) User=0.01s Sys=0.00s Real=0.01s
[130.425s][info][gc,marking  ] GC(288) Concurrent Mark 76.713ms
[130.425s][info][gc,marking  ] GC(288) Concurrent Rebuild Remembered Sets and Scrub Regions
[130.455s][info][gc,marking  ] GC(288) Concurrent Rebuild Remembered Sets and Scrub Regions 29.822ms
[130.455s][info][gc,start    ] GC(288) Pause Cleanup
[130.455s][info][gc          ] GC(288) Pause Cleanup 304M->304M(559M) 0.070ms
[130.455s][info][gc,cpu      ] GC(288) User=0.00s Sys=0.00s Real=0.00s
[130.455s][info][gc,marking  ] GC(288) Concurrent Clear Claimed Marks
[130.456s][info][gc,marking  ] GC(288) Concurrent Clear Claimed Marks 0.092ms
[130.456s][info][gc,marking  ] GC(288) Concurrent Cleanup for Next Mark
[130.458s][info][gc,marking  ] GC(288) Concurrent Cleanup for Next Mark 2.150ms
[130.458s][info][gc          ] GC(288) Concurrent Mark Cycle 112.054ms
[131.048s][info][gc,start    ] GC(289) Pause Young (Prepare Mixed) (G1 Evacuation Pause)
[131.048s][info][gc,task     ] GC(289) Using 2 workers of 2 for evacuation
[131.053s][info][gc,phases   ] GC(289)   Pre Evacuate Collection Set: 0.26ms
[131.053s][info][gc,phases   ] GC(289)   Merge Heap Roots: 0.12ms
[131.053s][info][gc,phases   ] GC(289)   Evacuate Collection Set: 4.72ms
[131.053s][info][gc,phases   ] GC(289)   Post Evacuate Collection Set: 0.57ms
[131.053s][info][gc,phases   ] GC(289)   Other: 0.10ms
[131.053s][info][gc,heap     ] GC(289) Eden regions: 270->0(269)
[131.054s][info][gc,heap     ] GC(289) Survivor regions: 3->3(35)
[131.054s][info][gc,heap     ] GC(289) Old regions: 47->48
[131.054s][info][gc,heap     ] GC(289) Humongous regions: 207->207
[131.054s][info][gc,metaspace] GC(289) Metaspace: 56397K(56768K)->56397K(56768K) NonClass: 48111K(48384K)->48111K(48384K) Class: 8286K(8384K)->8286K(8384K)
[131.054s][info][gc          ] GC(289) Pause Young (Prepare Mixed) (G1 Evacuation Pause) 526M->257M(559M) 5.937ms
[131.054s][info][gc,cpu      ] GC(289) User=0.01s Sys=0.00s Real=0.01s
[131.728s][info][gc,start    ] GC(290) Pause Young (Mixed) (G1 Evacuation Pause)
[131.728s][info][gc,task     ] GC(290) Using 2 workers of 2 for evacuation
[131.736s][info][gc,phases   ] GC(290)   Pre Evacuate Collection Set: 0.26ms
[131.736s][info][gc,phases   ] GC(290)   Merge Heap Roots: 0.11ms
[131.736s][info][gc,phases   ] GC(290)   Evacuate Collection Set: 6.20ms
[131.736s][info][gc,phases   ] GC(290)   Post Evacuate Collection Set: 0.61ms
[131.736s][info][gc,phases   ] GC(290)   Other: 0.08ms
[131.736s][info][gc,heap     ] GC(290) Eden regions: 269->0(270)
[131.736s][info][gc,heap     ] GC(290) Survivor regions: 3->3(34)
[131.736s][info][gc,heap     ] GC(290) Old regions: 48->47
[131.736s][info][gc,heap     ] GC(290) Humongous regions: 207->207
[131.736s][info][gc,metaspace] GC(290) Metaspace: 56397K(56768K)->56397K(56768K) NonClass: 48111K(48384K)->48111K(48384K) Class: 8286K(8384K)->8286K(8384K)
[131.736s][info][gc          ] GC(290) Pause Young (Mixed) (G1 Evacuation Pause) 526M->255M(559M) 7.460ms
[131.736s][info][gc,cpu      ] GC(290) User=0.01s Sys=0.00s Real=0.01s
[132.436s][info][gc,start    ] GC(291) Pause Young (Concurrent Start) (G1 Evacuation Pause)
[132.436s][info][gc,task     ] GC(291) Using 2 workers of 2 for evacuation
[132.441s][info][gc,phases   ] GC(291)   Pre Evacuate Collection Set: 0.31ms
[132.441s][info][gc,phases   ] GC(291)   Merge Heap Roots: 0.11ms
[132.441s][info][gc,phases   ] GC(291)   Evacuate Collection Set: 3.83ms
[132.441s][info][gc,phases   ] GC(291)   Post Evacuate Collection Set: 0.61ms
[132.441s][info][gc,phases   ] GC(291)   Other: 0.12ms
[132.441s][info][gc,heap     ] GC(291) Eden regions: 270->0(272)
[132.441s][info][gc,heap     ] GC(291) Survivor regions: 3->2(35)
[132.441s][info][gc,heap     ] GC(291) Old regions: 47->47
[132.441s][info][gc,heap     ] GC(291) Humongous regions: 207->207
[132.441s][info][gc,metaspace] GC(291) Metaspace: 56397K(56768K)->56397K(56768K) NonClass: 48111K(48384K)->48111K(48384K) Class: 8286K(8384K)->8286K(8384K)
[132.441s][info][gc          ] GC(291) Pause Young (Concurrent Start) (G1 Evacuation Pause) 525M->255M(559M) 5.153ms
[132.441s][info][gc          ] GC(292) Concurrent Mark Cycle
[132.441s][info][gc,marking  ] GC(292) Concurrent Scan Root Regions
[132.442s][info][gc,cpu      ] GC(291) User=0.01s Sys=0.00s Real=0.01s
[132.445s][info][gc,marking  ] GC(292) Concurrent Scan Root Regions 3.704ms
[132.445s][info][gc,marking  ] GC(292) Concurrent Mark
[132.445s][info][gc,marking  ] GC(292) Concurrent Mark From Roots
[132.445s][info][gc,task     ] GC(292) Using 1 workers of 1 for marking
[132.489s][info][gc,marking  ] GC(292) Concurrent Mark From Roots 43.963ms
[132.489s][info][gc,marking  ] GC(292) Concurrent Preclean
[132.489s][info][gc,marking  ] GC(292) Concurrent Preclean 0.074ms
[132.489s][info][gc,start    ] GC(292) Pause Remark
[132.498s][info][gc          ] GC(292) Pause Remark 262M->262M(559M) 8.532ms
[132.498s][info][gc,cpu      ] GC(292) User=0.01s Sys=0.00s Real=0.01s
[132.498s][info][gc,marking  ] GC(292) Concurrent Mark 53.086ms
[132.498s][info][gc,marking  ] GC(292) Concurrent Rebuild Remembered Sets and Scrub Regions
[132.518s][info][gc,marking  ] GC(292) Concurrent Rebuild Remembered Sets and Scrub Regions 20.154ms
[132.519s][info][gc,start    ] GC(292) Pause Cleanup
[132.519s][info][gc          ] GC(292) Pause Cleanup 272M->272M(559M) 0.070ms
[132.519s][info][gc,cpu      ] GC(292) User=0.00s Sys=0.00s Real=0.00s
[132.519s][info][gc,marking  ] GC(292) Concurrent Clear Claimed Marks
[132.519s][info][gc,marking  ] GC(292) Concurrent Clear Claimed Marks 0.092ms
[132.519s][info][gc,marking  ] GC(292) Concurrent Cleanup for Next Mark
[132.521s][info][gc,marking  ] GC(292) Concurrent Cleanup for Next Mark 1.673ms
[132.521s][info][gc          ] GC(292) Concurrent Mark Cycle 79.142ms
[133.191s][info][gc,start    ] GC(293) Pause Young (Prepare Mixed) (G1 Evacuation Pause)
[133.191s][info][gc,task     ] GC(293) Using 2 workers of 2 for evacuation
[133.194s][info][gc,phases   ] GC(293)   Pre Evacuate Collection Set: 0.29ms
[133.194s][info][gc,phases   ] GC(293)   Merge Heap Roots: 0.13ms
[133.194s][info][gc,phases   ] GC(293)   Evacuate Collection Set: 1.80ms
[133.194s][info][gc,phases   ] GC(293)   Post Evacuate Collection Set: 0.57ms
[133.194s][info][gc,phases   ] GC(293)   Other: 0.08ms
[133.194s][info][gc,heap     ] GC(293) Eden regions: 272->0(274)
[133.194s][info][gc,heap     ] GC(293) Survivor regions: 2->1(35)
[133.194s][info][gc,heap     ] GC(293) Old regions: 47->47
[133.194s][info][gc,heap     ] GC(293) Humongous regions: 207->207
[133.194s][info][gc,metaspace] GC(293) Metaspace: 56397K(56768K)->56397K(56768K) NonClass: 48111K(48384K)->48111K(48384K) Class: 8286K(8384K)->8286K(8384K)
[133.194s][info][gc          ] GC(293) Pause Young (Prepare Mixed) (G1 Evacuation Pause) 527M->253M(559M) 3.119ms
[133.194s][info][gc,cpu      ] GC(293) User=0.00s Sys=0.01s Real=0.01s
[133.899s][info][gc,start    ] GC(294) Pause Young (Mixed) (G1 Evacuation Pause)
[133.899s][info][gc,task     ] GC(294) Using 2 workers of 2 for evacuation
[133.907s][info][gc,phases   ] GC(294)   Pre Evacuate Collection Set: 0.26ms
[133.907s][info][gc,phases   ] GC(294)   Merge Heap Roots: 0.14ms
[133.907s][info][gc,phases   ] GC(294)   Evacuate Collection Set: 6.07ms
[133.907s][info][gc,phases   ] GC(294)   Post Evacuate Collection Set: 0.66ms
[133.907s][info][gc,phases   ] GC(294)   Other: 0.08ms
[133.907s][info][gc,heap     ] GC(294) Eden regions: 274->0(273)
[133.907s][info][gc,heap     ] GC(294) Survivor regions: 1->2(35)
[133.907s][info][gc,heap     ] GC(294) Old regions: 47->46
[133.907s][info][gc,heap     ] GC(294) Humongous regions: 207->207
[133.907s][info][gc,metaspace] GC(294) Metaspace: 56397K(56768K)->56397K(56768K) NonClass: 48111K(48384K)->48111K(48384K) Class: 8286K(8384K)->8286K(8384K)
[133.907s][info][gc          ] GC(294) Pause Young (Mixed) (G1 Evacuation Pause) 527M->254M(559M) 7.403ms
[133.907s][info][gc,cpu      ] GC(294) User=0.01s Sys=0.00s Real=0.01s
[134.609s][info][gc,start    ] GC(295) Pause Young (Concurrent Start) (G1 Evacuation Pause)
[134.609s][info][gc,task     ] GC(295) Using 2 workers of 2 for evacuation
[134.614s][info][gc,phases   ] GC(295)   Pre Evacuate Collection Set: 0.31ms
[134.615s][info][gc,phases   ] GC(295)   Merge Heap Roots: 0.15ms
[134.615s][info][gc,phases   ] GC(295)   Evacuate Collection Set: 3.82ms
[134.615s][info][gc,phases   ] GC(295)   Post Evacuate Collection Set: 0.61ms
[134.615s][info][gc,phases   ] GC(295)   Other: 0.10ms
[134.615s][info][gc,heap     ] GC(295) Eden regions: 273->0(273)
[134.615s][info][gc,heap     ] GC(295) Survivor regions: 2->2(35)
[134.615s][info][gc,heap     ] GC(295) Old regions: 46->46
[134.615s][info][gc,heap     ] GC(295) Humongous regions: 207->207
[134.615s][info][gc,metaspace] GC(295) Metaspace: 56397K(56768K)->56397K(56768K) NonClass: 48111K(48384K)->48111K(48384K) Class: 8286K(8384K)->8286K(8384K)
[134.615s][info][gc          ] GC(295) Pause Young (Concurrent Start) (G1 Evacuation Pause) 527M->254M(559M) 5.188ms
[134.615s][info][gc,cpu      ] GC(295) User=0.01s Sys=0.00s Real=0.01s
[134.615s][info][gc          ] GC(296) Concurrent Mark Cycle
[134.615s][info][gc,marking  ] GC(296) Concurrent Scan Root Regions
[134.618s][info][gc,marking  ] GC(296) Concurrent Scan Root Regions 2.500ms
[134.618s][info][gc,marking  ] GC(296) Concurrent Mark
[134.618s][info][gc,marking  ] GC(296) Concurrent Mark From Roots
[134.618s][info][gc,task     ] GC(296) Using 1 workers of 1 for marking
[134.680s][info][gc,marking  ] GC(296) Concurrent Mark From Roots 62.601ms
[134.680s][info][gc,marking  ] GC(296) Concurrent Preclean
[134.680s][info][gc,marking  ] GC(296) Concurrent Preclean 0.073ms
[134.680s][info][gc,start    ] GC(296) Pause Remark
[134.689s][info][gc          ] GC(296) Pause Remark 279M->279M(559M) 8.554ms
[134.689s][info][gc,cpu      ] GC(296) User=0.02s Sys=0.00s Real=0.01s
[134.689s][info][gc,marking  ] GC(296) Concurrent Mark 71.620ms
[134.689s][info][gc,marking  ] GC(296) Concurrent Rebuild Remembered Sets and Scrub Regions
[134.711s][info][gc,marking  ] GC(296) Concurrent Rebuild Remembered Sets and Scrub Regions 21.752ms
[134.711s][info][gc,start    ] GC(296) Pause Cleanup
[134.711s][info][gc          ] GC(296) Pause Cleanup 290M->290M(559M) 0.086ms
[134.711s][info][gc,cpu      ] GC(296) User=0.00s Sys=0.00s Real=0.00s
[134.711s][info][gc,marking  ] GC(296) Concurrent Clear Claimed Marks
[134.711s][info][gc,marking  ] GC(296) Concurrent Clear Claimed Marks 0.091ms
[134.711s][info][gc,marking  ] GC(296) Concurrent Cleanup for Next Mark
[134.714s][info][gc,marking  ] GC(296) Concurrent Cleanup for Next Mark 2.562ms
[134.714s][info][gc          ] GC(296) Concurrent Mark Cycle 98.909ms
[135.322s][info][gc,start    ] GC(297) Pause Young (Prepare Mixed) (G1 Evacuation Pause)
[135.322s][info][gc,task     ] GC(297) Using 2 workers of 2 for evacuation
[135.327s][info][gc,phases   ] GC(297)   Pre Evacuate Collection Set: 0.27ms
[135.327s][info][gc,phases   ] GC(297)   Merge Heap Roots: 0.12ms
[135.327s][info][gc,phases   ] GC(297)   Evacuate Collection Set: 4.34ms
[135.327s][info][gc,phases   ] GC(297)   Post Evacuate Collection Set: 0.60ms
[135.327s][info][gc,phases   ] GC(297)   Other: 0.08ms
[135.327s][info][gc,heap     ] GC(297) Eden regions: 273->0(271)
[135.327s][info][gc,heap     ] GC(297) Survivor regions: 2->3(35)
[135.327s][info][gc,heap     ] GC(297) Old regions: 46->46
[135.327s][info][gc,heap     ] GC(297) Humongous regions: 207->207
[135.327s][info][gc,metaspace] GC(297) Metaspace: 56397K(56768K)->56397K(56768K) NonClass: 48111K(48384K)->48111K(48384K) Class: 8286K(8384K)->8286K(8384K)
[135.327s][info][gc          ] GC(297) Pause Young (Prepare Mixed) (G1 Evacuation Pause) 527M->255M(559M) 5.585ms
[135.328s][info][gc,cpu      ] GC(297) User=0.01s Sys=0.00s Real=0.01s
[136.025s][info][gc,start    ] GC(298) Pause Young (Mixed) (G1 Evacuation Pause)
[136.025s][info][gc,task     ] GC(298) Using 2 workers of 2 for evacuation
[136.032s][info][gc,phases   ] GC(298)   Pre Evacuate Collection Set: 0.27ms
[136.032s][info][gc,phases   ] GC(298)   Merge Heap Roots: 0.10ms
[136.032s][info][gc,phases   ] GC(298)   Evacuate Collection Set: 5.02ms
[136.032s][info][gc,phases   ] GC(298)   Post Evacuate Collection Set: 0.62ms
[136.032s][info][gc,phases   ] GC(298)   Other: 0.08ms
[136.032s][info][gc,heap     ] GC(298) Eden regions: 271->0(273)
[136.032s][info][gc,heap     ] GC(298) Survivor regions: 3->2(35)
[136.032s][info][gc,heap     ] GC(298) Old regions: 46->46
[136.032s][info][gc,heap     ] GC(298) Humongous regions: 207->207
[136.032s][info][gc,metaspace] GC(298) Metaspace: 56397K(56768K)->56397K(56768K) NonClass: 48111K(48384K)->48111K(48384K) Class: 8286K(8384K)->8286K(8384K)
[136.032s][info][gc          ] GC(298) Pause Young (Mixed) (G1 Evacuation Pause) 526M->254M(559M) 6.310ms
[136.032s][info][gc,cpu      ] GC(298) User=0.01s Sys=0.00s Real=0.00s
[136.840s][info][gc,start    ] GC(299) Pause Young (Concurrent Start) (G1 Evacuation Pause)
[136.840s][info][gc,task     ] GC(299) Using 2 workers of 2 for evacuation
[136.845s][info][gc,phases   ] GC(299)   Pre Evacuate Collection Set: 0.30ms
[136.845s][info][gc,phases   ] GC(299)   Merge Heap Roots: 0.10ms
[136.845s][info][gc,phases   ] GC(299)   Evacuate Collection Set: 3.59ms
[136.845s][info][gc,phases   ] GC(299)   Post Evacuate Collection Set: 0.60ms
[136.845s][info][gc,phases   ] GC(299)   Other: 0.15ms
[136.845s][info][gc,heap     ] GC(299) Eden regions: 273->0(273)
[136.845s][info][gc,heap     ] GC(299) Survivor regions: 2->2(35)
[136.845s][info][gc,heap     ] GC(299) Old regions: 46->46
[136.845s][info][gc,heap     ] GC(299) Humongous regions: 207->207
[136.845s][info][gc,metaspace] GC(299) Metaspace: 56397K(56768K)->56397K(56768K) NonClass: 48111K(48384K)->48111K(48384K) Class: 8286K(8384K)->8286K(8384K)
[136.845s][info][gc          ] GC(299) Pause Young (Concurrent Start) (G1 Evacuation Pause) 527M->254M(559M) 4.939ms
[136.845s][info][gc          ] GC(300) Concurrent Mark Cycle
[136.845s][info][gc,marking  ] GC(300) Concurrent Scan Root Regions
[136.845s][info][gc,cpu      ] GC(299) User=0.01s Sys=0.00s Real=0.01s
[136.847s][info][gc,marking  ] GC(300) Concurrent Scan Root Regions 2.376ms
[136.847s][info][gc,marking  ] GC(300) Concurrent Mark
[136.847s][info][gc,marking  ] GC(300) Concurrent Mark From Roots
[136.847s][info][gc,task     ] GC(300) Using 1 workers of 1 for marking
[136.890s][info][gc,marking  ] GC(300) Concurrent Mark From Roots 42.233ms
[136.890s][info][gc,marking  ] GC(300) Concurrent Preclean
[136.890s][info][gc,marking  ] GC(300) Concurrent Preclean 0.072ms
[136.890s][info][gc,start    ] GC(300) Pause Remark
[136.899s][info][gc          ] GC(300) Pause Remark 260M->260M(559M) 8.757ms
[136.899s][info][gc,cpu      ] GC(300) User=0.02s Sys=0.00s Real=0.01s
[136.900s][info][gc,marking  ] GC(300) Concurrent Mark 52.437ms
[136.900s][info][gc,marking  ] GC(300) Concurrent Rebuild Remembered Sets and Scrub Regions
[136.933s][info][gc,marking  ] GC(300) Concurrent Rebuild Remembered Sets and Scrub Regions 33.003ms
[136.934s][info][gc,start    ] GC(300) Pause Cleanup
[136.934s][info][gc          ] GC(300) Pause Cleanup 278M->278M(559M) 0.075ms
[136.934s][info][gc,cpu      ] GC(300) User=0.00s Sys=0.00s Real=0.00s
[136.935s][info][gc,marking  ] GC(300) Concurrent Clear Claimed Marks
[136.935s][info][gc,marking  ] GC(300) Concurrent Clear Claimed Marks 0.107ms
[136.935s][info][gc,marking  ] GC(300) Concurrent Cleanup for Next Mark
[136.939s][info][gc,marking  ] GC(300) Concurrent Cleanup for Next Mark 4.402ms
[136.939s][info][gc          ] GC(300) Concurrent Mark Cycle 94.230ms
[137.592s][info][gc,start    ] GC(301) Pause Young (Prepare Mixed) (G1 Evacuation Pause)
[137.592s][info][gc,task     ] GC(301) Using 2 workers of 2 for evacuation
[137.595s][info][gc,phases   ] GC(301)   Pre Evacuate Collection Set: 0.29ms
[137.595s][info][gc,phases   ] GC(301)   Merge Heap Roots: 0.12ms
[137.595s][info][gc,phases   ] GC(301)   Evacuate Collection Set: 1.88ms
[137.595s][info][gc,phases   ] GC(301)   Post Evacuate Collection Set: 0.59ms
[137.595s][info][gc,phases   ] GC(301)   Other: 0.09ms
[137.595s][info][gc,heap     ] GC(301) Eden regions: 273->0(275)
[137.595s][info][gc,heap     ] GC(301) Survivor regions: 2->1(35)
[137.595s][info][gc,heap     ] GC(301) Old regions: 46->46
[137.595s][info][gc,heap     ] GC(301) Humongous regions: 207->207
[137.595s][info][gc,metaspace] GC(301) Metaspace: 56397K(56768K)->56397K(56768K) NonClass: 48111K(48384K)->48111K(48384K) Class: 8286K(8384K)->8286K(8384K)
[137.595s][info][gc          ] GC(301) Pause Young (Prepare Mixed) (G1 Evacuation Pause) 527M->253M(559M) 3.172ms
[137.595s][info][gc,cpu      ] GC(301) User=0.00s Sys=0.00s Real=0.01s
[138.305s][info][gc,start    ] GC(302) Pause Young (Mixed) (G1 Evacuation Pause)
[138.305s][info][gc,task     ] GC(302) Using 2 workers of 2 for evacuation
[138.310s][info][gc,phases   ] GC(302)   Pre Evacuate Collection Set: 0.28ms
[138.310s][info][gc,phases   ] GC(302)   Merge Heap Roots: 0.10ms
[138.310s][info][gc,phases   ] GC(302)   Evacuate Collection Set: 4.16ms
[138.310s][info][gc,phases   ] GC(302)   Post Evacuate Collection Set: 0.62ms
[138.310s][info][gc,phases   ] GC(302)   Other: 0.11ms
[138.310s][info][gc,heap     ] GC(302) Eden regions: 275->0(275)
[138.310s][info][gc,heap     ] GC(302) Survivor regions: 1->1(35)
[138.310s][info][gc,heap     ] GC(302) Old regions: 46->46
[138.310s][info][gc,heap     ] GC(302) Humongous regions: 207->207
[138.310s][info][gc,metaspace] GC(302) Metaspace: 56397K(56768K)->56397K(56768K) NonClass: 48111K(48384K)->48111K(48384K) Class: 8286K(8384K)->8286K(8384K)
[138.310s][info][gc          ] GC(302) Pause Young (Mixed) (G1 Evacuation Pause) 528M->253M(559M) 5.470ms
[138.310s][info][gc,cpu      ] GC(302) User=0.01s Sys=0.00s Real=0.00s
[139.038s][info][gc,start    ] GC(303) Pause Young (Concurrent Start) (G1 Evacuation Pause)
[139.038s][info][gc,task     ] GC(303) Using 2 workers of 2 for evacuation
[139.045s][info][gc,phases   ] GC(303)   Pre Evacuate Collection Set: 0.30ms
[139.045s][info][gc,phases   ] GC(303)   Merge Heap Roots: 0.10ms
[139.045s][info][gc,phases   ] GC(303)   Evacuate Collection Set: 6.00ms
[139.045s][info][gc,phases   ] GC(303)   Post Evacuate Collection Set: 0.61ms
[139.045s][info][gc,phases   ] GC(303)   Other: 0.10ms
[139.045s][info][gc,heap     ] GC(303) Eden regions: 275->0(271)
[139.045s][info][gc,heap     ] GC(303) Survivor regions: 1->3(35)
[139.045s][info][gc,heap     ] GC(303) Old regions: 46->46
[139.045s][info][gc,heap     ] GC(303) Humongous regions: 207->207
[139.045s][info][gc,metaspace] GC(303) Metaspace: 56397K(56768K)->56397K(56768K) NonClass: 48111K(48384K)->48111K(48384K) Class: 8286K(8384K)->8286K(8384K)
[139.045s][info][gc          ] GC(303) Pause Young (Concurrent Start) (G1 Evacuation Pause) 528M->255M(559M) 7.300ms
[139.045s][info][gc          ] GC(304) Concurrent Mark Cycle
[139.045s][info][gc,marking  ] GC(304) Concurrent Scan Root Regions
[139.046s][info][gc,cpu      ] GC(303) User=0.01s Sys=0.00s Real=0.01s
[139.054s][info][gc,marking  ] GC(304) Concurrent Scan Root Regions 8.542ms
[139.054s][info][gc,marking  ] GC(304) Concurrent Mark
[139.054s][info][gc,marking  ] GC(304) Concurrent Mark From Roots
[139.054s][info][gc,task     ] GC(304) Using 1 workers of 1 for marking
[139.113s][info][gc,marking  ] GC(304) Concurrent Mark From Roots 58.874ms
[139.113s][info][gc,marking  ] GC(304) Concurrent Preclean
[139.113s][info][gc,marking  ] GC(304) Concurrent Preclean 0.081ms
[139.113s][info][gc,start    ] GC(304) Pause Remark
[139.122s][info][gc          ] GC(304) Pause Remark 286M->286M(559M) 8.981ms
[139.122s][info][gc,cpu      ] GC(304) User=0.02s Sys=0.00s Real=0.01s
[139.125s][info][gc,marking  ] GC(304) Concurrent Mark 70.578ms
[139.125s][info][gc,marking  ] GC(304) Concurrent Rebuild Remembered Sets and Scrub Regions
[139.143s][info][gc,marking  ] GC(304) Concurrent Rebuild Remembered Sets and Scrub Regions 18.398ms
[139.143s][info][gc,start    ] GC(304) Pause Cleanup
[139.143s][info][gc          ] GC(304) Pause Cleanup 295M->295M(559M) 0.074ms
[139.143s][info][gc,cpu      ] GC(304) User=0.00s Sys=0.00s Real=0.00s
[139.143s][info][gc,marking  ] GC(304) Concurrent Clear Claimed Marks
[139.143s][info][gc,marking  ] GC(304) Concurrent Clear Claimed Marks 0.092ms
[139.143s][info][gc,marking  ] GC(304) Concurrent Cleanup for Next Mark
[139.145s][info][gc,marking  ] GC(304) Concurrent Cleanup for Next Mark 1.678ms
[139.145s][info][gc          ] GC(304) Concurrent Mark Cycle 99.729ms
[139.723s][info][gc,start    ] GC(305) Pause Young (Prepare Mixed) (G1 Evacuation Pause)
[139.723s][info][gc,task     ] GC(305) Using 2 workers of 2 for evacuation
[139.729s][info][gc,phases   ] GC(305)   Pre Evacuate Collection Set: 0.27ms
[139.729s][info][gc,phases   ] GC(305)   Merge Heap Roots: 0.13ms
[139.729s][info][gc,phases   ] GC(305)   Evacuate Collection Set: 4.85ms
[139.729s][info][gc,phases   ] GC(305)   Post Evacuate Collection Set: 0.60ms
[139.729s][info][gc,phases   ] GC(305)   Other: 0.11ms
[139.729s][info][gc,heap     ] GC(305) Eden regions: 271->0(271)
[139.729s][info][gc,heap     ] GC(305) Survivor regions: 3->3(35)
[139.729s][info][gc,heap     ] GC(305) Old regions: 46->46
[139.729s][info][gc,heap     ] GC(305) Humongous regions: 207->207
[139.729s][info][gc,metaspace] GC(305) Metaspace: 56397K(56768K)->56397K(56768K) NonClass: 48111K(48384K)->48111K(48384K) Class: 8286K(8384K)->8286K(8384K)
[139.729s][info][gc          ] GC(305) Pause Young (Prepare Mixed) (G1 Evacuation Pause) 526M->255M(559M) 6.147ms
[139.729s][info][gc,cpu      ] GC(305) User=0.01s Sys=0.00s Real=0.00s
[140.431s][info][gc,start    ] GC(306) Pause Young (Mixed) (G1 Evacuation Pause)
[140.431s][info][gc,task     ] GC(306) Using 2 workers of 2 for evacuation
[140.438s][info][gc,phases   ] GC(306)   Pre Evacuate Collection Set: 0.28ms
[140.438s][info][gc,phases   ] GC(306)   Merge Heap Roots: 0.12ms
[140.438s][info][gc,phases   ] GC(306)   Evacuate Collection Set: 6.19ms
[140.438s][info][gc,phases   ] GC(306)   Post Evacuate Collection Set: 0.70ms
[140.438s][info][gc,phases   ] GC(306)   Other: 0.10ms
[140.438s][info][gc,heap     ] GC(306) Eden regions: 271->0(273)
[140.438s][info][gc,heap     ] GC(306) Survivor regions: 3->2(35)
[140.438s][info][gc,heap     ] GC(306) Old regions: 46->46
[140.438s][info][gc,heap     ] GC(306) Humongous regions: 207->207
[140.438s][info][gc,metaspace] GC(306) Metaspace: 56398K(56768K)->56398K(56768K) NonClass: 48111K(48384K)->48111K(48384K) Class: 8286K(8384K)->8286K(8384K)
[140.438s][info][gc          ] GC(306) Pause Young (Mixed) (G1 Evacuation Pause) 526M->254M(559M) 7.586ms
[140.438s][info][gc,cpu      ] GC(306) User=0.01s Sys=0.00s Real=0.01s
[141.219s][info][gc,start    ] GC(307) Pause Young (Concurrent Start) (G1 Evacuation Pause)
[141.219s][info][gc,task     ] GC(307) Using 2 workers of 2 for evacuation
[141.238s][info][gc,phases   ] GC(307)   Pre Evacuate Collection Set: 0.29ms
[141.238s][info][gc,phases   ] GC(307)   Merge Heap Roots: 0.10ms
[141.238s][info][gc,phases   ] GC(307)   Evacuate Collection Set: 15.75ms
[141.238s][info][gc,phases   ] GC(307)   Post Evacuate Collection Set: 2.63ms
[141.238s][info][gc,phases   ] GC(307)   Other: 0.14ms
[141.238s][info][gc,heap     ] GC(307) Eden regions: 273->0(273)
[141.238s][info][gc,heap     ] GC(307) Survivor regions: 2->2(35)
[141.238s][info][gc,heap     ] GC(307) Old regions: 46->46
[141.238s][info][gc,heap     ] GC(307) Humongous regions: 207->207
[141.238s][info][gc,metaspace] GC(307) Metaspace: 56398K(56768K)->56398K(56768K) NonClass: 48111K(48384K)->48111K(48384K) Class: 8286K(8384K)->8286K(8384K)
[141.238s][info][gc          ] GC(307) Pause Young (Concurrent Start) (G1 Evacuation Pause) 527M->253M(559M) 19.111ms
[141.238s][info][gc,cpu      ] GC(307) User=0.01s Sys=0.00s Real=0.02s
[141.244s][info][gc          ] GC(308) Concurrent Mark Cycle
[141.244s][info][gc,marking  ] GC(308) Concurrent Scan Root Regions
[141.254s][info][gc,marking  ] GC(308) Concurrent Scan Root Regions 9.371ms
[141.254s][info][gc,marking  ] GC(308) Concurrent Mark
[141.254s][info][gc,marking  ] GC(308) Concurrent Mark From Roots
[141.254s][info][gc,task     ] GC(308) Using 1 workers of 1 for marking
[141.338s][info][gc,marking  ] GC(308) Concurrent Mark From Roots 84.212ms
[141.338s][info][gc,marking  ] GC(308) Concurrent Preclean
[141.338s][info][gc,marking  ] GC(308) Concurrent Preclean 0.081ms
[141.339s][info][gc,start    ] GC(308) Pause Remark
[141.348s][info][gc          ] GC(308) Pause Remark 303M->303M(559M) 9.224ms
[141.348s][info][gc,cpu      ] GC(308) User=0.01s Sys=0.00s Real=0.01s
[141.351s][info][gc,marking  ] GC(308) Concurrent Mark 97.338ms
[141.351s][info][gc,marking  ] GC(308) Concurrent Rebuild Remembered Sets and Scrub Regions
[141.384s][info][gc,marking  ] GC(308) Concurrent Rebuild Remembered Sets and Scrub Regions 32.859ms
[141.384s][info][gc,start    ] GC(308) Pause Cleanup
[141.384s][info][gc          ] GC(308) Pause Cleanup 323M->323M(559M) 0.071ms
[141.384s][info][gc,cpu      ] GC(308) User=0.00s Sys=0.00s Real=0.00s
[141.384s][info][gc,marking  ] GC(308) Concurrent Clear Claimed Marks
[141.384s][info][gc,marking  ] GC(308) Concurrent Clear Claimed Marks 0.092ms
[141.384s][info][gc,marking  ] GC(308) Concurrent Cleanup for Next Mark
[141.389s][info][gc,marking  ] GC(308) Concurrent Cleanup for Next Mark 4.383ms
[141.390s][info][gc          ] GC(308) Concurrent Mark Cycle 145.340ms
[141.903s][info][gc,start    ] GC(309) Pause Young (Prepare Mixed) (G1 Evacuation Pause)
[141.903s][info][gc,task     ] GC(309) Using 2 workers of 2 for evacuation
[141.907s][info][gc,phases   ] GC(309)   Pre Evacuate Collection Set: 0.26ms
[141.907s][info][gc,phases   ] GC(309)   Merge Heap Roots: 0.12ms
[141.907s][info][gc,phases   ] GC(309)   Evacuate Collection Set: 2.67ms
[141.907s][info][gc,phases   ] GC(309)   Post Evacuate Collection Set: 0.64ms
[141.907s][info][gc,phases   ] GC(309)   Other: 0.09ms
[141.907s][info][gc,heap     ] GC(309) Eden regions: 273->0(275)
[141.907s][info][gc,heap     ] GC(309) Survivor regions: 2->1(35)
[141.907s][info][gc,heap     ] GC(309) Old regions: 46->46
[141.907s][info][gc,heap     ] GC(309) Humongous regions: 207->207
[141.907s][info][gc,metaspace] GC(309) Metaspace: 56398K(56768K)->56398K(56768K) NonClass: 48111K(48384K)->48111K(48384K) Class: 8286K(8384K)->8286K(8384K)
[141.907s][info][gc          ] GC(309) Pause Young (Prepare Mixed) (G1 Evacuation Pause) 526M->253M(559M) 3.975ms
[141.907s][info][gc,cpu      ] GC(309) User=0.00s Sys=0.00s Real=0.00s
[142.610s][info][gc,start    ] GC(310) Pause Young (Mixed) (G1 Evacuation Pause)
[142.610s][info][gc,task     ] GC(310) Using 2 workers of 2 for evacuation
[142.616s][info][gc,phases   ] GC(310)   Pre Evacuate Collection Set: 0.31ms
[142.616s][info][gc,phases   ] GC(310)   Merge Heap Roots: 0.10ms
[142.616s][info][gc,phases   ] GC(310)   Evacuate Collection Set: 4.69ms
[142.616s][info][gc,phases   ] GC(310)   Post Evacuate Collection Set: 0.58ms
[142.616s][info][gc,phases   ] GC(310)   Other: 0.08ms
[142.616s][info][gc,heap     ] GC(310) Eden regions: 275->0(273)
[142.616s][info][gc,heap     ] GC(310) Survivor regions: 1->2(35)
[142.616s][info][gc,heap     ] GC(310) Old regions: 46->46
[142.616s][info][gc,heap     ] GC(310) Humongous regions: 207->207
[142.616s][info][gc,metaspace] GC(310) Metaspace: 56398K(56768K)->56398K(56768K) NonClass: 48111K(48384K)->48111K(48384K) Class: 8286K(8384K)->8286K(8384K)
[142.616s][info][gc          ] GC(310) Pause Young (Mixed) (G1 Evacuation Pause) 528M->254M(559M) 5.950ms
[142.616s][info][gc,cpu      ] GC(310) User=0.01s Sys=0.00s Real=0.01s
[143.322s][info][gc,start    ] GC(311) Pause Young (Concurrent Start) (G1 Evacuation Pause)
[143.322s][info][gc,task     ] GC(311) Using 2 workers of 2 for evacuation
[143.330s][info][gc,phases   ] GC(311)   Pre Evacuate Collection Set: 0.32ms
[143.330s][info][gc,phases   ] GC(311)   Merge Heap Roots: 0.09ms
[143.330s][info][gc,phases   ] GC(311)   Evacuate Collection Set: 6.84ms
[143.330s][info][gc,phases   ] GC(311)   Post Evacuate Collection Set: 0.62ms
[143.330s][info][gc,phases   ] GC(311)   Other: 0.16ms
[143.330s][info][gc,heap     ] GC(311) Eden regions: 273->0(273)
[143.330s][info][gc,heap     ] GC(311) Survivor regions: 2->2(35)
[143.330s][info][gc,heap     ] GC(311) Old regions: 46->46
[143.330s][info][gc,heap     ] GC(311) Humongous regions: 207->207
[143.330s][info][gc,metaspace] GC(311) Metaspace: 56401K(56768K)->56401K(56768K) NonClass: 48114K(48384K)->48114K(48384K) Class: 8286K(8384K)->8286K(8384K)
[143.330s][info][gc          ] GC(311) Pause Young (Concurrent Start) (G1 Evacuation Pause) 527M->254M(559M) 8.221ms
[143.330s][info][gc,cpu      ] GC(311) User=0.01s Sys=0.00s Real=0.01s
[143.330s][info][gc          ] GC(312) Concurrent Mark Cycle
[143.330s][info][gc,marking  ] GC(312) Concurrent Scan Root Regions
[143.335s][info][gc,marking  ] GC(312) Concurrent Scan Root Regions 4.745ms
[143.335s][info][gc,marking  ] GC(312) Concurrent Mark
[143.335s][info][gc,marking  ] GC(312) Concurrent Mark From Roots
[143.335s][info][gc,task     ] GC(312) Using 1 workers of 1 for marking
[143.385s][info][gc,marking  ] GC(312) Concurrent Mark From Roots 49.439ms
[143.385s][info][gc,marking  ] GC(312) Concurrent Preclean
[143.385s][info][gc,marking  ] GC(312) Concurrent Preclean 0.075ms
[143.385s][info][gc,start    ] GC(312) Pause Remark
[143.393s][info][gc          ] GC(312) Pause Remark 270M->270M(559M) 8.642ms
[143.393s][info][gc,cpu      ] GC(312) User=0.01s Sys=0.00s Real=0.01s
[143.395s][info][gc,marking  ] GC(312) Concurrent Mark 59.754ms
[143.395s][info][gc,marking  ] GC(312) Concurrent Rebuild Remembered Sets and Scrub Regions
[143.436s][info][gc,marking  ] GC(312) Concurrent Rebuild Remembered Sets and Scrub Regions 41.026ms
[143.436s][info][gc,start    ] GC(312) Pause Cleanup
[143.436s][info][gc          ] GC(312) Pause Cleanup 296M->296M(559M) 0.071ms
[143.436s][info][gc,cpu      ] GC(312) User=0.00s Sys=0.00s Real=0.00s
[143.436s][info][gc,marking  ] GC(312) Concurrent Clear Claimed Marks
[143.436s][info][gc,marking  ] GC(312) Concurrent Clear Claimed Marks 0.103ms
[143.436s][info][gc,marking  ] GC(312) Concurrent Cleanup for Next Mark
[143.441s][info][gc,marking  ] GC(312) Concurrent Cleanup for Next Mark 4.758ms
[143.441s][info][gc          ] GC(312) Concurrent Mark Cycle 110.720ms
[144.095s][info][gc,start    ] GC(313) Pause Young (Prepare Mixed) (G1 Evacuation Pause)
[144.096s][info][gc,task     ] GC(313) Using 2 workers of 2 for evacuation
[144.100s][info][gc,phases   ] GC(313)   Pre Evacuate Collection Set: 0.30ms
[144.100s][info][gc,phases   ] GC(313)   Merge Heap Roots: 0.12ms
[144.100s][info][gc,phases   ] GC(313)   Evacuate Collection Set: 3.68ms
[144.100s][info][gc,phases   ] GC(313)   Post Evacuate Collection Set: 0.60ms
[144.100s][info][gc,phases   ] GC(313)   Other: 0.10ms
[144.100s][info][gc,heap     ] GC(313) Eden regions: 273->0(271)
[144.100s][info][gc,heap     ] GC(313) Survivor regions: 2->3(35)
[144.100s][info][gc,heap     ] GC(313) Old regions: 46->46
[144.100s][info][gc,heap     ] GC(313) Humongous regions: 207->207
[144.100s][info][gc,metaspace] GC(313) Metaspace: 56401K(56768K)->56401K(56768K) NonClass: 48114K(48384K)->48114K(48384K) Class: 8286K(8384K)->8286K(8384K)
[144.100s][info][gc          ] GC(313) Pause Young (Prepare Mixed) (G1 Evacuation Pause) 527M->254M(559M) 4.975ms
[144.100s][info][gc,cpu      ] GC(313) User=0.01s Sys=0.00s Real=0.00s
[144.792s][info][gc,start    ] GC(314) Pause Young (Mixed) (G1 Evacuation Pause)
[144.792s][info][gc,task     ] GC(314) Using 2 workers of 2 for evacuation
[144.798s][info][gc,phases   ] GC(314)   Pre Evacuate Collection Set: 0.30ms
[144.798s][info][gc,phases   ] GC(314)   Merge Heap Roots: 0.11ms
[144.798s][info][gc,phases   ] GC(314)   Evacuate Collection Set: 4.54ms
[144.798s][info][gc,phases   ] GC(314)   Post Evacuate Collection Set: 0.64ms
[144.798s][info][gc,phases   ] GC(314)   Other: 0.07ms
[144.798s][info][gc,heap     ] GC(314) Eden regions: 271->0(275)
[144.798s][info][gc,heap     ] GC(314) Survivor regions: 3->1(35)
[144.798s][info][gc,heap     ] GC(314) Old regions: 46->46
[144.798s][info][gc,heap     ] GC(314) Humongous regions: 207->207
[144.798s][info][gc,metaspace] GC(314) Metaspace: 56402K(56768K)->56402K(56768K) NonClass: 48115K(48384K)->48115K(48384K) Class: 8286K(8384K)->8286K(8384K)
[144.798s][info][gc          ] GC(314) Pause Young (Mixed) (G1 Evacuation Pause) 525M->253M(559M) 5.855ms
[144.798s][info][gc,cpu      ] GC(314) User=0.01s Sys=0.00s Real=0.00s
[145.505s][info][gc,start    ] GC(315) Pause Young (Concurrent Start) (G1 Evacuation Pause)
[145.506s][info][gc,task     ] GC(315) Using 2 workers of 2 for evacuation
[145.510s][info][gc,phases   ] GC(315)   Pre Evacuate Collection Set: 0.32ms
[145.510s][info][gc,phases   ] GC(315)   Merge Heap Roots: 0.12ms
[145.510s][info][gc,phases   ] GC(315)   Evacuate Collection Set: 3.62ms
[145.510s][info][gc,phases   ] GC(315)   Post Evacuate Collection Set: 0.59ms
[145.510s][info][gc,phases   ] GC(315)   Other: 0.13ms
[145.510s][info][gc,heap     ] GC(315) Eden regions: 275->0(273)
[145.510s][info][gc,heap     ] GC(315) Survivor regions: 1->2(35)
[145.510s][info][gc,heap     ] GC(315) Old regions: 46->46
[145.510s][info][gc,heap     ] GC(315) Humongous regions: 207->207
[145.510s][info][gc,metaspace] GC(315) Metaspace: 56402K(56768K)->56402K(56768K) NonClass: 48115K(48384K)->48115K(48384K) Class: 8286K(8384K)->8286K(8384K)
[145.510s][info][gc          ] GC(315) Pause Young (Concurrent Start) (G1 Evacuation Pause) 528M->254M(559M) 4.950ms
[145.510s][info][gc,cpu      ] GC(315) User=0.01s Sys=0.00s Real=0.00s
[145.510s][info][gc          ] GC(316) Concurrent Mark Cycle
[145.511s][info][gc,marking  ] GC(316) Concurrent Scan Root Regions
[145.514s][info][gc,marking  ] GC(316) Concurrent Scan Root Regions 3.465ms
[145.514s][info][gc,marking  ] GC(316) Concurrent Mark
[145.514s][info][gc,marking  ] GC(316) Concurrent Mark From Roots
[145.514s][info][gc,task     ] GC(316) Using 1 workers of 1 for marking
[145.578s][info][gc,marking  ] GC(316) Concurrent Mark From Roots 64.409ms
[145.578s][info][gc,marking  ] GC(316) Concurrent Preclean
[145.579s][info][gc,marking  ] GC(316) Concurrent Preclean 0.076ms
[145.579s][info][gc,start    ] GC(316) Pause Remark
[145.588s][info][gc          ] GC(316) Pause Remark 282M->282M(559M) 8.916ms
[145.588s][info][gc,cpu      ] GC(316) User=0.02s Sys=0.00s Real=0.01s
[145.588s][info][gc,marking  ] GC(316) Concurrent Mark 74.033ms
[145.588s][info][gc,marking  ] GC(316) Concurrent Rebuild Remembered Sets and Scrub Regions
[145.607s][info][gc,marking  ] GC(316) Concurrent Rebuild Remembered Sets and Scrub Regions 19.059ms
[145.607s][info][gc,start    ] GC(316) Pause Cleanup
[145.607s][info][gc          ] GC(316) Pause Cleanup 290M->290M(559M) 0.066ms
[145.607s][info][gc,cpu      ] GC(316) User=0.00s Sys=0.00s Real=0.00s
[145.607s][info][gc,marking  ] GC(316) Concurrent Clear Claimed Marks
[145.608s][info][gc,marking  ] GC(316) Concurrent Clear Claimed Marks 0.093ms
[145.608s][info][gc,marking  ] GC(316) Concurrent Cleanup for Next Mark
[145.609s][info][gc,marking  ] GC(316) Concurrent Cleanup for Next Mark 1.718ms
[145.609s][info][gc          ] GC(316) Concurrent Mark Cycle 98.810ms
[146.218s][info][gc,start    ] GC(317) Pause Young (Prepare Mixed) (G1 Evacuation Pause)
[146.218s][info][gc,task     ] GC(317) Using 2 workers of 2 for evacuation
[146.223s][info][gc,phases   ] GC(317)   Pre Evacuate Collection Set: 0.27ms
[146.223s][info][gc,phases   ] GC(317)   Merge Heap Roots: 0.11ms
[146.223s][info][gc,phases   ] GC(317)   Evacuate Collection Set: 4.14ms
[146.223s][info][gc,phases   ] GC(317)   Post Evacuate Collection Set: 0.61ms
[146.223s][info][gc,phases   ] GC(317)   Other: 0.10ms
[146.223s][info][gc,heap     ] GC(317) Eden regions: 273->0(271)
[146.223s][info][gc,heap     ] GC(317) Survivor regions: 2->3(35)
[146.223s][info][gc,heap     ] GC(317) Old regions: 46->46
[146.223s][info][gc,heap     ] GC(317) Humongous regions: 207->207
[146.223s][info][gc,metaspace] GC(317) Metaspace: 56402K(56768K)->56402K(56768K) NonClass: 48115K(48384K)->48115K(48384K) Class: 8286K(8384K)->8286K(8384K)
[146.223s][info][gc          ] GC(317) Pause Young (Prepare Mixed) (G1 Evacuation Pause) 527M->254M(559M) 5.435ms
[146.223s][info][gc,cpu      ] GC(317) User=0.01s Sys=0.00s Real=0.01s
[146.926s][info][gc,start    ] GC(318) Pause Young (Mixed) (G1 Evacuation Pause)
[146.926s][info][gc,task     ] GC(318) Using 2 workers of 2 for evacuation
[146.934s][info][gc,phases   ] GC(318)   Pre Evacuate Collection Set: 0.28ms
[146.934s][info][gc,phases   ] GC(318)   Merge Heap Roots: 0.13ms
[146.934s][info][gc,phases   ] GC(318)   Evacuate Collection Set: 6.81ms
[146.934s][info][gc,phases   ] GC(318)   Post Evacuate Collection Set: 0.60ms
[146.934s][info][gc,phases   ] GC(318)   Other: 0.08ms
[146.934s][info][gc,heap     ] GC(318) Eden regions: 271->0(269)
[146.934s][info][gc,heap     ] GC(318) Survivor regions: 3->4(35)
[146.934s][info][gc,heap     ] GC(318) Old regions: 46->46
[146.934s][info][gc,heap     ] GC(318) Humongous regions: 207->207
[146.934s][info][gc,metaspace] GC(318) Metaspace: 56402K(56768K)->56402K(56768K) NonClass: 48115K(48384K)->48115K(48384K) Class: 8286K(8384K)->8286K(8384K)
[146.934s][info][gc          ] GC(318) Pause Young (Mixed) (G1 Evacuation Pause) 525M->255M(559M) 8.112ms
[146.934s][info][gc,cpu      ] GC(318) User=0.02s Sys=0.00s Real=0.01s
[147.628s][info][gc,start    ] GC(319) Pause Young (Concurrent Start) (G1 Evacuation Pause)
[147.628s][info][gc,task     ] GC(319) Using 2 workers of 2 for evacuation
[147.635s][info][gc,phases   ] GC(319)   Pre Evacuate Collection Set: 0.28ms
[147.635s][info][gc,phases   ] GC(319)   Merge Heap Roots: 0.11ms
[147.635s][info][gc,phases   ] GC(319)   Evacuate Collection Set: 5.01ms
[147.635s][info][gc,phases   ] GC(319)   Post Evacuate Collection Set: 0.59ms
[147.635s][info][gc,phases   ] GC(319)   Other: 0.12ms
[147.635s][info][gc,heap     ] GC(319) Eden regions: 269->0(271)
[147.635s][info][gc,heap     ] GC(319) Survivor regions: 4->3(35)
[147.635s][info][gc,heap     ] GC(319) Old regions: 46->46
[147.635s][info][gc,heap     ] GC(319) Humongous regions: 207->207
[147.635s][info][gc,metaspace] GC(319) Metaspace: 56402K(56768K)->56402K(56768K) NonClass: 48115K(48384K)->48115K(48384K) Class: 8286K(8384K)->8286K(8384K)
[147.635s][info][gc          ] GC(319) Pause Young (Concurrent Start) (G1 Evacuation Pause) 524M->254M(559M) 6.280ms
[147.635s][info][gc,cpu      ] GC(319) User=0.01s Sys=0.00s Real=0.01s
[147.635s][info][gc          ] GC(320) Concurrent Mark Cycle
[147.635s][info][gc,marking  ] GC(320) Concurrent Scan Root Regions
[147.640s][info][gc,marking  ] GC(320) Concurrent Scan Root Regions 5.121ms
[147.640s][info][gc,marking  ] GC(320) Concurrent Mark
[147.640s][info][gc,marking  ] GC(320) Concurrent Mark From Roots
[147.640s][info][gc,task     ] GC(320) Using 1 workers of 1 for marking
[147.689s][info][gc,marking  ] GC(320) Concurrent Mark From Roots 48.329ms
[147.689s][info][gc,marking  ] GC(320) Concurrent Preclean
[147.689s][info][gc,marking  ] GC(320) Concurrent Preclean 0.070ms
[147.689s][info][gc,start    ] GC(320) Pause Remark
[147.698s][info][gc          ] GC(320) Pause Remark 265M->265M(559M) 8.559ms
[147.698s][info][gc,cpu      ] GC(320) User=0.02s Sys=0.00s Real=0.01s
[147.698s][info][gc,marking  ] GC(320) Concurrent Mark 57.788ms
[147.698s][info][gc,marking  ] GC(320) Concurrent Rebuild Remembered Sets and Scrub Regions
[147.714s][info][gc,marking  ] GC(320) Concurrent Rebuild Remembered Sets and Scrub Regions 16.260ms
[147.715s][info][gc,start    ] GC(320) Pause Cleanup
[147.715s][info][gc          ] GC(320) Pause Cleanup 273M->273M(559M) 0.069ms
[147.715s][info][gc,cpu      ] GC(320) User=0.00s Sys=0.00s Real=0.00s
[147.715s][info][gc,marking  ] GC(320) Concurrent Clear Claimed Marks
[147.715s][info][gc,marking  ] GC(320) Concurrent Clear Claimed Marks 0.090ms
[147.715s][info][gc,marking  ] GC(320) Concurrent Cleanup for Next Mark
[147.717s][info][gc,marking  ] GC(320) Concurrent Cleanup for Next Mark 1.661ms
[147.717s][info][gc          ] GC(320) Concurrent Mark Cycle 81.913ms
[148.541s][info][gc,start    ] GC(321) Pause Young (Prepare Mixed) (G1 Evacuation Pause)
[148.541s][info][gc,task     ] GC(321) Using 2 workers of 2 for evacuation
[148.548s][info][gc,phases   ] GC(321)   Pre Evacuate Collection Set: 0.34ms
[148.548s][info][gc,phases   ] GC(321)   Merge Heap Roots: 0.16ms
[148.548s][info][gc,phases   ] GC(321)   Evacuate Collection Set: 5.71ms
[148.548s][info][gc,phases   ] GC(321)   Post Evacuate Collection Set: 0.61ms
[148.548s][info][gc,phases   ] GC(321)   Other: 0.08ms
[148.548s][info][gc,heap     ] GC(321) Eden regions: 271->0(273)
[148.548s][info][gc,heap     ] GC(321) Survivor regions: 3->2(35)
[148.548s][info][gc,heap     ] GC(321) Old regions: 46->46
[148.548s][info][gc,heap     ] GC(321) Humongous regions: 207->207
[148.548s][info][gc,metaspace] GC(321) Metaspace: 56402K(56768K)->56402K(56768K) NonClass: 48115K(48384K)->48115K(48384K) Class: 8286K(8384K)->8286K(8384K)
[148.548s][info][gc          ] GC(321) Pause Young (Prepare Mixed) (G1 Evacuation Pause) 525M->254M(559M) 7.111ms
[148.548s][info][gc,cpu      ] GC(321) User=0.00s Sys=0.00s Real=0.01s
[149.195s][info][gc,start    ] GC(322) Pause Young (Mixed) (G1 Evacuation Pause)
[149.195s][info][gc,task     ] GC(322) Using 2 workers of 2 for evacuation
[149.201s][info][gc,phases   ] GC(322)   Pre Evacuate Collection Set: 0.25ms
[149.201s][info][gc,phases   ] GC(322)   Merge Heap Roots: 0.09ms
[149.201s][info][gc,phases   ] GC(322)   Evacuate Collection Set: 4.32ms
[149.201s][info][gc,phases   ] GC(322)   Post Evacuate Collection Set: 0.64ms
[149.201s][info][gc,phases   ] GC(322)   Other: 0.08ms
[149.201s][info][gc,heap     ] GC(322) Eden regions: 273->0(275)
[149.201s][info][gc,heap     ] GC(322) Survivor regions: 2->1(35)
[149.201s][info][gc,heap     ] GC(322) Old regions: 46->46
[149.201s][info][gc,heap     ] GC(322) Humongous regions: 207->207
[149.201s][info][gc,metaspace] GC(322) Metaspace: 56402K(56768K)->56402K(56768K) NonClass: 48115K(48384K)->48115K(48384K) Class: 8286K(8384K)->8286K(8384K)
[149.201s][info][gc          ] GC(322) Pause Young (Mixed) (G1 Evacuation Pause) 527M->253M(559M) 5.572ms
[149.201s][info][gc,cpu      ] GC(322) User=0.01s Sys=0.00s Real=0.00s
[149.903s][info][gc,start    ] GC(323) Pause Young (Concurrent Start) (G1 Evacuation Pause)
[149.904s][info][gc,task     ] GC(323) Using 2 workers of 2 for evacuation
[149.908s][info][gc,phases   ] GC(323)   Pre Evacuate Collection Set: 0.29ms
[149.908s][info][gc,phases   ] GC(323)   Merge Heap Roots: 0.09ms
[149.908s][info][gc,phases   ] GC(323)   Evacuate Collection Set: 3.68ms
[149.908s][info][gc,phases   ] GC(323)   Post Evacuate Collection Set: 0.60ms
[149.908s][info][gc,phases   ] GC(323)   Other: 0.09ms
[149.908s][info][gc,heap     ] GC(323) Eden regions: 275->0(273)
[149.908s][info][gc,heap     ] GC(323) Survivor regions: 1->2(35)
[149.908s][info][gc,heap     ] GC(323) Old regions: 46->46
[149.908s][info][gc,heap     ] GC(323) Humongous regions: 207->207
[149.908s][info][gc,metaspace] GC(323) Metaspace: 56404K(56768K)->56404K(56768K) NonClass: 48118K(48384K)->48118K(48384K) Class: 8286K(8384K)->8286K(8384K)
[149.908s][info][gc          ] GC(323) Pause Young (Concurrent Start) (G1 Evacuation Pause) 528M->254M(559M) 4.945ms
[149.908s][info][gc,cpu      ] GC(323) User=0.01s Sys=0.00s Real=0.00s
[149.908s][info][gc          ] GC(324) Concurrent Mark Cycle
[149.911s][info][gc,marking  ] GC(324) Concurrent Scan Root Regions
[149.917s][info][gc,marking  ] GC(324) Concurrent Scan Root Regions 5.684ms
[149.917s][info][gc,marking  ] GC(324) Concurrent Mark
[149.917s][info][gc,marking  ] GC(324) Concurrent Mark From Roots
[149.917s][info][gc,task     ] GC(324) Using 1 workers of 1 for marking
[149.971s][info][gc,marking  ] GC(324) Concurrent Mark From Roots 54.438ms
[149.971s][info][gc,marking  ] GC(324) Concurrent Preclean
[149.971s][info][gc,marking  ] GC(324) Concurrent Preclean 0.075ms
[149.972s][info][gc,start    ] GC(324) Pause Remark
[149.980s][info][gc          ] GC(324) Pause Remark 282M->282M(559M) 8.684ms
[149.980s][info][gc,cpu      ] GC(324) User=0.02s Sys=0.00s Real=0.01s
[149.981s][info][gc,marking  ] GC(324) Concurrent Mark 63.572ms
[149.981s][info][gc,marking  ] GC(324) Concurrent Rebuild Remembered Sets and Scrub Regions
[150.004s][info][gc,marking  ] GC(324) Concurrent Rebuild Remembered Sets and Scrub Regions 23.326ms
[150.004s][info][gc,start    ] GC(324) Pause Cleanup
[150.004s][info][gc          ] GC(324) Pause Cleanup 289M->289M(559M) 0.067ms
[150.004s][info][gc,cpu      ] GC(324) User=0.00s Sys=0.00s Real=0.00s
[150.004s][info][gc,marking  ] GC(324) Concurrent Clear Claimed Marks
[150.004s][info][gc,marking  ] GC(324) Concurrent Clear Claimed Marks 0.090ms
[150.004s][info][gc,marking  ] GC(324) Concurrent Cleanup for Next Mark
[150.006s][info][gc,marking  ] GC(324) Concurrent Cleanup for Next Mark 1.673ms
[150.006s][info][gc          ] GC(324) Concurrent Mark Cycle 97.494ms
[150.615s][info][gc,start    ] GC(325) Pause Young (Prepare Mixed) (G1 Evacuation Pause)
[150.615s][info][gc,task     ] GC(325) Using 2 workers of 2 for evacuation
[150.620s][info][gc,phases   ] GC(325)   Pre Evacuate Collection Set: 0.28ms
[150.620s][info][gc,phases   ] GC(325)   Merge Heap Roots: 0.14ms
[150.620s][info][gc,phases   ] GC(325)   Evacuate Collection Set: 4.22ms
[150.620s][info][gc,phases   ] GC(325)   Post Evacuate Collection Set: 0.62ms
[150.620s][info][gc,phases   ] GC(325)   Other: 0.10ms
[150.620s][info][gc,heap     ] GC(325) Eden regions: 273->0(271)
[150.620s][info][gc,heap     ] GC(325) Survivor regions: 2->3(35)
[150.620s][info][gc,heap     ] GC(325) Old regions: 46->46
[150.620s][info][gc,heap     ] GC(325) Humongous regions: 207->207
[150.620s][info][gc,metaspace] GC(325) Metaspace: 56404K(56768K)->56404K(56768K) NonClass: 48118K(48384K)->48118K(48384K) Class: 8286K(8384K)->8286K(8384K)
[150.620s][info][gc          ] GC(325) Pause Young (Prepare Mixed) (G1 Evacuation Pause) 527M->255M(559M) 5.575ms
[150.620s][info][gc,cpu      ] GC(325) User=0.01s Sys=0.00s Real=0.00s
[151.317s][info][gc,start    ] GC(326) Pause Young (Mixed) (G1 Evacuation Pause)
[151.317s][info][gc,task     ] GC(326) Using 2 workers of 2 for evacuation
[151.325s][info][gc,phases   ] GC(326)   Pre Evacuate Collection Set: 0.27ms
[151.325s][info][gc,phases   ] GC(326)   Merge Heap Roots: 0.12ms
[151.325s][info][gc,phases   ] GC(326)   Evacuate Collection Set: 6.22ms
[151.325s][info][gc,phases   ] GC(326)   Post Evacuate Collection Set: 0.67ms
[151.325s][info][gc,phases   ] GC(326)   Other: 0.08ms
[151.325s][info][gc,heap     ] GC(326) Eden regions: 271->0(271)
[151.325s][info][gc,heap     ] GC(326) Survivor regions: 3->3(35)
[151.325s][info][gc,heap     ] GC(326) Old regions: 46->46
[151.325s][info][gc,heap     ] GC(326) Humongous regions: 207->207
[151.325s][info][gc,metaspace] GC(326) Metaspace: 56404K(56768K)->56404K(56768K) NonClass: 48118K(48384K)->48118K(48384K) Class: 8286K(8384K)->8286K(8384K)
[151.325s][info][gc          ] GC(326) Pause Young (Mixed) (G1 Evacuation Pause) 526M->254M(559M) 7.551ms
[151.325s][info][gc,cpu      ] GC(326) User=0.01s Sys=0.00s Real=0.01s
[152.100s][info][gc,start    ] GC(327) Pause Young (Concurrent Start) (G1 Evacuation Pause)
[152.100s][info][gc,task     ] GC(327) Using 2 workers of 2 for evacuation
[152.105s][info][gc,phases   ] GC(327)   Pre Evacuate Collection Set: 0.30ms
[152.105s][info][gc,phases   ] GC(327)   Merge Heap Roots: 0.11ms
[152.105s][info][gc,phases   ] GC(327)   Evacuate Collection Set: 3.54ms
[152.105s][info][gc,phases   ] GC(327)   Post Evacuate Collection Set: 0.60ms
[152.105s][info][gc,phases   ] GC(327)   Other: 0.10ms
[152.105s][info][gc,heap     ] GC(327) Eden regions: 271->0(273)
[152.105s][info][gc,heap     ] GC(327) Survivor regions: 3->2(35)
[152.105s][info][gc,heap     ] GC(327) Old regions: 46->46
[152.105s][info][gc,heap     ] GC(327) Humongous regions: 207->207
[152.105s][info][gc,metaspace] GC(327) Metaspace: 56404K(56768K)->56404K(56768K) NonClass: 48118K(48384K)->48118K(48384K) Class: 8286K(8384K)->8286K(8384K)
[152.105s][info][gc          ] GC(327) Pause Young (Concurrent Start) (G1 Evacuation Pause) 525M->254M(559M) 4.834ms
[152.105s][info][gc,cpu      ] GC(327) User=0.01s Sys=0.00s Real=0.01s
[152.105s][info][gc          ] GC(328) Concurrent Mark Cycle
[152.105s][info][gc,marking  ] GC(328) Concurrent Scan Root Regions
[152.110s][info][gc,marking  ] GC(328) Concurrent Scan Root Regions 5.513ms
[152.110s][info][gc,marking  ] GC(328) Concurrent Mark
[152.110s][info][gc,marking  ] GC(328) Concurrent Mark From Roots
[152.110s][info][gc,task     ] GC(328) Using 1 workers of 1 for marking
[152.194s][info][gc,marking  ] GC(328) Concurrent Mark From Roots 83.825ms
[152.194s][info][gc,marking  ] GC(328) Concurrent Preclean
[152.194s][info][gc,marking  ] GC(328) Concurrent Preclean 0.074ms
[152.195s][info][gc,start    ] GC(328) Pause Remark
[152.203s][info][gc          ] GC(328) Pause Remark 301M->301M(559M) 8.771ms
[152.203s][info][gc,cpu      ] GC(328) User=0.02s Sys=0.00s Real=0.01s
[152.204s][info][gc,marking  ] GC(328) Concurrent Mark 93.451ms
[152.204s][info][gc,marking  ] GC(328) Concurrent Rebuild Remembered Sets and Scrub Regions
[152.222s][info][gc,marking  ] GC(328) Concurrent Rebuild Remembered Sets and Scrub Regions 18.065ms
[152.222s][info][gc,start    ] GC(328) Pause Cleanup
[152.222s][info][gc          ] GC(328) Pause Cleanup 307M->307M(559M) 0.082ms
[152.222s][info][gc,cpu      ] GC(328) User=0.00s Sys=0.00s Real=0.01s
[152.222s][info][gc,marking  ] GC(328) Concurrent Clear Claimed Marks
[152.222s][info][gc,marking  ] GC(328) Concurrent Clear Claimed Marks 0.107ms
[152.222s][info][gc,marking  ] GC(328) Concurrent Cleanup for Next Mark
[152.226s][info][gc,marking  ] GC(328) Concurrent Cleanup for Next Mark 3.339ms
[152.226s][info][gc          ] GC(328) Concurrent Mark Cycle 120.924ms
[152.733s][info][gc,start    ] GC(329) Pause Young (Prepare Mixed) (G1 Evacuation Pause)
[152.733s][info][gc,task     ] GC(329) Using 2 workers of 2 for evacuation
[152.738s][info][gc,phases   ] GC(329)   Pre Evacuate Collection Set: 0.28ms
[152.738s][info][gc,phases   ] GC(329)   Merge Heap Roots: 0.12ms
[152.738s][info][gc,phases   ] GC(329)   Evacuate Collection Set: 4.11ms
[152.738s][info][gc,phases   ] GC(329)   Post Evacuate Collection Set: 0.62ms
[152.738s][info][gc,phases   ] GC(329)   Other: 0.08ms
[152.738s][info][gc,heap     ] GC(329) Eden regions: 273->0(273)
[152.738s][info][gc,heap     ] GC(329) Survivor regions: 2->2(35)
[152.738s][info][gc,heap     ] GC(329) Old regions: 46->46
[152.738s][info][gc,heap     ] GC(329) Humongous regions: 207->207
[152.738s][info][gc,metaspace] GC(329) Metaspace: 56404K(56768K)->56404K(56768K) NonClass: 48118K(48384K)->48118K(48384K) Class: 8286K(8384K)->8286K(8384K)
[152.738s][info][gc          ] GC(329) Pause Young (Prepare Mixed) (G1 Evacuation Pause) 527M->254M(559M) 5.384ms
[152.738s][info][gc,cpu      ] GC(329) User=0.01s Sys=0.00s Real=0.00s
[153.481s][info][gc,start    ] GC(330) Pause Young (Mixed) (G1 Evacuation Pause)
[153.481s][info][gc,task     ] GC(330) Using 2 workers of 2 for evacuation
[153.488s][info][gc,phases   ] GC(330)   Pre Evacuate Collection Set: 0.29ms
[153.488s][info][gc,phases   ] GC(330)   Merge Heap Roots: 0.15ms
[153.488s][info][gc,phases   ] GC(330)   Evacuate Collection Set: 6.12ms
[153.488s][info][gc,phases   ] GC(330)   Post Evacuate Collection Set: 0.67ms
[153.488s][info][gc,phases   ] GC(330)   Other: 0.08ms
[153.488s][info][gc,heap     ] GC(330) Eden regions: 273->0(275)
[153.488s][info][gc,heap     ] GC(330) Survivor regions: 2->1(35)
[153.488s][info][gc,heap     ] GC(330) Old regions: 46->46
[153.488s][info][gc,heap     ] GC(330) Humongous regions: 207->207
[153.488s][info][gc,metaspace] GC(330) Metaspace: 56404K(56768K)->56404K(56768K) NonClass: 48118K(48384K)->48118K(48384K) Class: 8286K(8384K)->8286K(8384K)
[153.488s][info][gc          ] GC(330) Pause Young (Mixed) (G1 Evacuation Pause) 527M->253M(559M) 7.485ms
[153.488s][info][gc,cpu      ] GC(330) User=0.01s Sys=0.00s Real=0.01s
[154.202s][info][gc,start    ] GC(331) Pause Young (Concurrent Start) (G1 Evacuation Pause)
[154.202s][info][gc,task     ] GC(331) Using 2 workers of 2 for evacuation
[154.206s][info][gc,phases   ] GC(331)   Pre Evacuate Collection Set: 0.30ms
[154.206s][info][gc,phases   ] GC(331)   Merge Heap Roots: 0.09ms
[154.206s][info][gc,phases   ] GC(331)   Evacuate Collection Set: 2.93ms
[154.206s][info][gc,phases   ] GC(331)   Post Evacuate Collection Set: 0.59ms
[154.206s][info][gc,phases   ] GC(331)   Other: 0.10ms
[154.206s][info][gc,heap     ] GC(331) Eden regions: 275->0(275)
[154.206s][info][gc,heap     ] GC(331) Survivor regions: 1->1(35)
[154.206s][info][gc,heap     ] GC(331) Old regions: 46->46
[154.206s][info][gc,heap     ] GC(331) Humongous regions: 207->207
[154.206s][info][gc,metaspace] GC(331) Metaspace: 56411K(56768K)->56411K(56768K) NonClass: 48124K(48384K)->48124K(48384K) Class: 8286K(8384K)->8286K(8384K)
[154.206s][info][gc          ] GC(331) Pause Young (Concurrent Start) (G1 Evacuation Pause) 528M->253M(559M) 4.208ms
[154.206s][info][gc,cpu      ] GC(331) User=0.01s Sys=0.00s Real=0.01s
[154.206s][info][gc          ] GC(332) Concurrent Mark Cycle
[154.206s][info][gc,marking  ] GC(332) Concurrent Scan Root Regions
[154.213s][info][gc,marking  ] GC(332) Concurrent Scan Root Regions 7.127ms
[154.213s][info][gc,marking  ] GC(332) Concurrent Mark
[154.213s][info][gc,marking  ] GC(332) Concurrent Mark From Roots
[154.213s][info][gc,task     ] GC(332) Using 1 workers of 1 for marking
[154.280s][info][gc,marking  ] GC(332) Concurrent Mark From Roots 66.865ms
[154.280s][info][gc,marking  ] GC(332) Concurrent Preclean
[154.280s][info][gc,marking  ] GC(332) Concurrent Preclean 0.081ms
[154.281s][info][gc,start    ] GC(332) Pause Remark
[154.289s][info][gc          ] GC(332) Pause Remark 284M->284M(559M) 8.913ms
[154.289s][info][gc,cpu      ] GC(332) User=0.01s Sys=0.00s Real=0.01s
[154.290s][info][gc,marking  ] GC(332) Concurrent Mark 76.475ms
[154.290s][info][gc,marking  ] GC(332) Concurrent Rebuild Remembered Sets and Scrub Regions
[154.327s][info][gc,marking  ] GC(332) Concurrent Rebuild Remembered Sets and Scrub Regions 36.634ms
[154.327s][info][gc,start    ] GC(332) Pause Cleanup
[154.327s][info][gc          ] GC(332) Pause Cleanup 304M->304M(559M) 0.080ms
[154.327s][info][gc,cpu      ] GC(332) User=0.00s Sys=0.00s Real=0.00s
[154.328s][info][gc,marking  ] GC(332) Concurrent Clear Claimed Marks
[154.328s][info][gc,marking  ] GC(332) Concurrent Clear Claimed Marks 0.118ms
[154.328s][info][gc,marking  ] GC(332) Concurrent Cleanup for Next Mark
[154.330s][info][gc,marking  ] GC(332) Concurrent Cleanup for Next Mark 1.699ms
[154.330s][info][gc          ] GC(332) Concurrent Mark Cycle 123.360ms
[154.933s][info][gc,start    ] GC(333) Pause Young (Prepare Mixed) (G1 Evacuation Pause)
[154.933s][info][gc,task     ] GC(333) Using 2 workers of 2 for evacuation
[154.938s][info][gc,phases   ] GC(333)   Pre Evacuate Collection Set: 0.39ms
[154.939s][info][gc,phases   ] GC(333)   Merge Heap Roots: 0.16ms
[154.939s][info][gc,phases   ] GC(333)   Evacuate Collection Set: 4.58ms
[154.939s][info][gc,phases   ] GC(333)   Post Evacuate Collection Set: 0.60ms
[154.939s][info][gc,phases   ] GC(333)   Other: 0.10ms
[154.939s][info][gc,heap     ] GC(333) Eden regions: 275->0(271)
[154.939s][info][gc,heap     ] GC(333) Survivor regions: 1->3(35)
[154.939s][info][gc,heap     ] GC(333) Old regions: 46->46
[154.939s][info][gc,heap     ] GC(333) Humongous regions: 207->207
[154.939s][info][gc,metaspace] GC(333) Metaspace: 56411K(56768K)->56411K(56768K) NonClass: 48124K(48384K)->48124K(48384K) Class: 8286K(8384K)->8286K(8384K)
[154.939s][info][gc          ] GC(333) Pause Young (Prepare Mixed) (G1 Evacuation Pause) 528M->255M(559M) 6.019ms
[154.939s][info][gc,cpu      ] GC(333) User=0.01s Sys=0.00s Real=0.00s
[155.614s][info][gc,start    ] GC(334) Pause Young (Mixed) (G1 Evacuation Pause)
[155.614s][info][gc,task     ] GC(334) Using 2 workers of 2 for evacuation
[155.620s][info][gc,phases   ] GC(334)   Pre Evacuate Collection Set: 0.28ms
[155.620s][info][gc,phases   ] GC(334)   Merge Heap Roots: 0.12ms
[155.620s][info][gc,phases   ] GC(334)   Evacuate Collection Set: 4.99ms
[155.620s][info][gc,phases   ] GC(334)   Post Evacuate Collection Set: 0.62ms
[155.620s][info][gc,phases   ] GC(334)   Other: 0.08ms
[155.620s][info][gc,heap     ] GC(334) Eden regions: 271->0(273)
[155.620s][info][gc,heap     ] GC(334) Survivor regions: 3->2(35)
[155.620s][info][gc,heap     ] GC(334) Old regions: 46->46
[155.620s][info][gc,heap     ] GC(334) Humongous regions: 207->207
[155.620s][info][gc,metaspace] GC(334) Metaspace: 56411K(56768K)->56411K(56768K) NonClass: 48124K(48384K)->48124K(48384K) Class: 8286K(8384K)->8286K(8384K)
[155.620s][info][gc          ] GC(334) Pause Young (Mixed) (G1 Evacuation Pause) 526M->253M(559M) 6.300ms
[155.620s][info][gc,cpu      ] GC(334) User=0.01s Sys=0.00s Real=0.00s
[156.328s][info][gc,start    ] GC(335) Pause Young (Concurrent Start) (G1 Evacuation Pause)
[156.328s][info][gc,task     ] GC(335) Using 2 workers of 2 for evacuation
[156.333s][info][gc,phases   ] GC(335)   Pre Evacuate Collection Set: 0.29ms
[156.333s][info][gc,phases   ] GC(335)   Merge Heap Roots: 0.09ms
[156.333s][info][gc,phases   ] GC(335)   Evacuate Collection Set: 3.96ms
[156.333s][info][gc,phases   ] GC(335)   Post Evacuate Collection Set: 0.58ms
[156.333s][info][gc,phases   ] GC(335)   Other: 0.11ms
[156.333s][info][gc,heap     ] GC(335) Eden regions: 273->0(271)
[156.333s][info][gc,heap     ] GC(335) Survivor regions: 2->3(35)
[156.333s][info][gc,heap     ] GC(335) Old regions: 46->46
[156.333s][info][gc,heap     ] GC(335) Humongous regions: 207->207
[156.333s][info][gc,metaspace] GC(335) Metaspace: 56411K(56768K)->56411K(56768K) NonClass: 48124K(48384K)->48124K(48384K) Class: 8286K(8384K)->8286K(8384K)
[156.333s][info][gc          ] GC(335) Pause Young (Concurrent Start) (G1 Evacuation Pause) 526M->254M(559M) 5.234ms
[156.333s][info][gc,cpu      ] GC(335) User=0.01s Sys=0.00s Real=0.01s
[156.333s][info][gc          ] GC(336) Concurrent Mark Cycle
[156.334s][info][gc,marking  ] GC(336) Concurrent Scan Root Regions
[156.338s][info][gc,marking  ] GC(336) Concurrent Scan Root Regions 4.437ms
[156.338s][info][gc,marking  ] GC(336) Concurrent Mark
[156.338s][info][gc,marking  ] GC(336) Concurrent Mark From Roots
[156.338s][info][gc,task     ] GC(336) Using 1 workers of 1 for marking
[156.393s][info][gc,marking  ] GC(336) Concurrent Mark From Roots 55.056ms
[156.393s][info][gc,marking  ] GC(336) Concurrent Preclean
[156.393s][info][gc,marking  ] GC(336) Concurrent Preclean 0.080ms
[156.393s][info][gc,start    ] GC(336) Pause Remark
[156.402s][info][gc          ] GC(336) Pause Remark 270M->270M(559M) 8.617ms
[156.402s][info][gc,cpu      ] GC(336) User=0.02s Sys=0.00s Real=0.00s
[156.403s][info][gc,marking  ] GC(336) Concurrent Mark 64.748ms
[156.403s][info][gc,marking  ] GC(336) Concurrent Rebuild Remembered Sets and Scrub Regions
[156.434s][info][gc,marking  ] GC(336) Concurrent Rebuild Remembered Sets and Scrub Regions 30.847ms
[156.434s][info][gc,start    ] GC(336) Pause Cleanup
[156.434s][info][gc          ] GC(336) Pause Cleanup 290M->290M(559M) 0.070ms
[156.434s][info][gc,cpu      ] GC(336) User=0.00s Sys=0.00s Real=0.00s
[156.434s][info][gc,marking  ] GC(336) Concurrent Clear Claimed Marks
[156.434s][info][gc,marking  ] GC(336) Concurrent Clear Claimed Marks 0.105ms
[156.434s][info][gc,marking  ] GC(336) Concurrent Cleanup for Next Mark
[156.437s][info][gc,marking  ] GC(336) Concurrent Cleanup for Next Mark 2.721ms
[156.437s][info][gc          ] GC(336) Concurrent Mark Cycle 103.730ms
[157.030s][info][gc,start    ] GC(337) Pause Young (Prepare Mixed) (G1 Evacuation Pause)
[157.030s][info][gc,task     ] GC(337) Using 2 workers of 2 for evacuation
[157.036s][info][gc,phases   ] GC(337)   Pre Evacuate Collection Set: 0.27ms
[157.036s][info][gc,phases   ] GC(337)   Merge Heap Roots: 0.12ms
[157.036s][info][gc,phases   ] GC(337)   Evacuate Collection Set: 4.92ms
[157.036s][info][gc,phases   ] GC(337)   Post Evacuate Collection Set: 0.60ms
[157.036s][info][gc,phases   ] GC(337)   Other: 0.10ms
[157.036s][info][gc,heap     ] GC(337) Eden regions: 271->0(269)
[157.036s][info][gc,heap     ] GC(337) Survivor regions: 3->4(35)
[157.036s][info][gc,heap     ] GC(337) Old regions: 46->46
[157.036s][info][gc,heap     ] GC(337) Humongous regions: 207->207
[157.036s][info][gc,metaspace] GC(337) Metaspace: 56411K(56768K)->56411K(56768K) NonClass: 48124K(48384K)->48124K(48384K) Class: 8286K(8384K)->8286K(8384K)
[157.036s][info][gc          ] GC(337) Pause Young (Prepare Mixed) (G1 Evacuation Pause) 525M->255M(559M) 6.199ms
[157.036s][info][gc,cpu      ] GC(337) User=0.02s Sys=0.00s Real=0.01s
[157.732s][info][gc,start    ] GC(338) Pause Young (Mixed) (G1 Evacuation Pause)
[157.732s][info][gc,task     ] GC(338) Using 2 workers of 2 for evacuation
[157.739s][info][gc,phases   ] GC(338)   Pre Evacuate Collection Set: 0.28ms
[157.739s][info][gc,phases   ] GC(338)   Merge Heap Roots: 0.11ms
[157.739s][info][gc,phases   ] GC(338)   Evacuate Collection Set: 5.49ms
[157.739s][info][gc,phases   ] GC(338)   Post Evacuate Collection Set: 0.63ms
[157.739s][info][gc,phases   ] GC(338)   Other: 0.08ms
[157.739s][info][gc,heap     ] GC(338) Eden regions: 269->0(273)
[157.739s][info][gc,heap     ] GC(338) Survivor regions: 4->2(35)
[157.739s][info][gc,heap     ] GC(338) Old regions: 46->46
[157.739s][info][gc,heap     ] GC(338) Humongous regions: 207->207
[157.739s][info][gc,metaspace] GC(338) Metaspace: 56411K(56768K)->56411K(56768K) NonClass: 48124K(48384K)->48124K(48384K) Class: 8286K(8384K)->8286K(8384K)
[157.739s][info][gc          ] GC(338) Pause Young (Mixed) (G1 Evacuation Pause) 524M->254M(559M) 6.799ms
[157.739s][info][gc,cpu      ] GC(338) User=0.01s Sys=0.00s Real=0.01s
[158.493s][info][gc,start    ] GC(339) Pause Young (Concurrent Start) (G1 Evacuation Pause)
[158.493s][info][gc,task     ] GC(339) Using 2 workers of 2 for evacuation
[158.498s][info][gc,phases   ] GC(339)   Pre Evacuate Collection Set: 0.33ms
[158.498s][info][gc,phases   ] GC(339)   Merge Heap Roots: 0.20ms
[158.498s][info][gc,phases   ] GC(339)   Evacuate Collection Set: 3.33ms
[158.498s][info][gc,phases   ] GC(339)   Post Evacuate Collection Set: 1.00ms
[158.498s][info][gc,phases   ] GC(339)   Other: 0.14ms
[158.498s][info][gc,heap     ] GC(339) Eden regions: 273->0(275)
[158.498s][info][gc,heap     ] GC(339) Survivor regions: 2->1(35)
[158.498s][info][gc,heap     ] GC(339) Old regions: 46->46
[158.498s][info][gc,heap     ] GC(339) Humongous regions: 207->207
[158.498s][info][gc,metaspace] GC(339) Metaspace: 56411K(56768K)->56411K(56768K) NonClass: 48125K(48384K)->48125K(48384K) Class: 8286K(8384K)->8286K(8384K)
[158.498s][info][gc          ] GC(339) Pause Young (Concurrent Start) (G1 Evacuation Pause) 527M->253M(559M) 5.219ms
[158.498s][info][gc,cpu      ] GC(339) User=0.00s Sys=0.00s Real=0.00s
[158.498s][info][gc          ] GC(340) Concurrent Mark Cycle
[158.498s][info][gc,marking  ] GC(340) Concurrent Scan Root Regions
[158.501s][info][gc,marking  ] GC(340) Concurrent Scan Root Regions 2.715ms
[158.501s][info][gc,marking  ] GC(340) Concurrent Mark
[158.501s][info][gc,marking  ] GC(340) Concurrent Mark From Roots
[158.501s][info][gc,task     ] GC(340) Using 1 workers of 1 for marking
[158.586s][info][gc,marking  ] GC(340) Concurrent Mark From Roots 85.088ms
[158.586s][info][gc,marking  ] GC(340) Concurrent Preclean
[158.586s][info][gc,marking  ] GC(340) Concurrent Preclean 0.068ms
[158.586s][info][gc,start    ] GC(340) Pause Remark
[158.595s][info][gc          ] GC(340) Pause Remark 289M->289M(559M) 8.748ms
[158.595s][info][gc,cpu      ] GC(340) User=0.01s Sys=0.00s Real=0.01s
[158.597s][info][gc,marking  ] GC(340) Concurrent Mark 96.478ms
[158.597s][info][gc,marking  ] GC(340) Concurrent Rebuild Remembered Sets and Scrub Regions
[158.635s][info][gc,marking  ] GC(340) Concurrent Rebuild Remembered Sets and Scrub Regions 37.458ms
[158.635s][info][gc,start    ] GC(340) Pause Cleanup
[158.635s][info][gc          ] GC(340) Pause Cleanup 312M->312M(559M) 0.076ms
[158.635s][info][gc,cpu      ] GC(340) User=0.00s Sys=0.00s Real=0.00s
[158.635s][info][gc,marking  ] GC(340) Concurrent Clear Claimed Marks
[158.635s][info][gc,marking  ] GC(340) Concurrent Clear Claimed Marks 0.095ms
[158.635s][info][gc,marking  ] GC(340) Concurrent Cleanup for Next Mark
[158.637s][info][gc,marking  ] GC(340) Concurrent Cleanup for Next Mark 1.943ms
[158.637s][info][gc          ] GC(340) Concurrent Mark Cycle 139.155ms
[159.227s][info][gc,start    ] GC(341) Pause Young (Prepare Mixed) (G1 Evacuation Pause)
[159.227s][info][gc,task     ] GC(341) Using 2 workers of 2 for evacuation
[159.233s][info][gc,phases   ] GC(341)   Pre Evacuate Collection Set: 0.28ms
[159.233s][info][gc,phases   ] GC(341)   Merge Heap Roots: 0.12ms
[159.233s][info][gc,phases   ] GC(341)   Evacuate Collection Set: 5.28ms
[159.233s][info][gc,phases   ] GC(341)   Post Evacuate Collection Set: 0.62ms
[159.233s][info][gc,phases   ] GC(341)   Other: 0.11ms
[159.233s][info][gc,heap     ] GC(341) Eden regions: 275->0(269)
[159.234s][info][gc,heap     ] GC(341) Survivor regions: 1->4(35)
[159.234s][info][gc,heap     ] GC(341) Old regions: 46->46
[159.234s][info][gc,heap     ] GC(341) Humongous regions: 207->207
[159.234s][info][gc,metaspace] GC(341) Metaspace: 56411K(56768K)->56411K(56768K) NonClass: 48125K(48384K)->48125K(48384K) Class: 8286K(8384K)->8286K(8384K)
[159.234s][info][gc          ] GC(341) Pause Young (Prepare Mixed) (G1 Evacuation Pause) 528M->255M(559M) 6.649ms
[159.234s][info][gc,cpu      ] GC(341) User=0.01s Sys=0.00s Real=0.01s
[159.905s][info][gc,start    ] GC(342) Pause Young (Mixed) (G1 Evacuation Pause)
[159.905s][info][gc,task     ] GC(342) Using 2 workers of 2 for evacuation
[159.912s][info][gc,phases   ] GC(342)   Pre Evacuate Collection Set: 0.25ms
[159.912s][info][gc,phases   ] GC(342)   Merge Heap Roots: 0.13ms
[159.912s][info][gc,phases   ] GC(342)   Evacuate Collection Set: 6.10ms
[159.912s][info][gc,phases   ] GC(342)   Post Evacuate Collection Set: 0.64ms
[159.912s][info][gc,phases   ] GC(342)   Other: 0.10ms
[159.912s][info][gc,heap     ] GC(342) Eden regions: 269->0(273)
[159.912s][info][gc,heap     ] GC(342) Survivor regions: 4->2(35)
[159.912s][info][gc,heap     ] GC(342) Old regions: 46->46
[159.912s][info][gc,heap     ] GC(342) Humongous regions: 207->207
[159.912s][info][gc,metaspace] GC(342) Metaspace: 56411K(56768K)->56411K(56768K) NonClass: 48125K(48384K)->48125K(48384K) Class: 8286K(8384K)->8286K(8384K)
[159.913s][info][gc          ] GC(342) Pause Young (Mixed) (G1 Evacuation Pause) 524M->254M(559M) 7.418ms
[159.913s][info][gc,cpu      ] GC(342) User=0.01s Sys=0.00s Real=0.01s
[160.721s][info][gc,start    ] GC(343) Pause Young (Concurrent Start) (G1 Evacuation Pause)
[160.721s][info][gc,task     ] GC(343) Using 2 workers of 2 for evacuation
[160.727s][info][gc,phases   ] GC(343)   Pre Evacuate Collection Set: 0.28ms
[160.727s][info][gc,phases   ] GC(343)   Merge Heap Roots: 0.10ms
[160.727s][info][gc,phases   ] GC(343)   Evacuate Collection Set: 4.55ms
[160.727s][info][gc,phases   ] GC(343)   Post Evacuate Collection Set: 0.59ms
[160.727s][info][gc,phases   ] GC(343)   Other: 0.13ms
[160.727s][info][gc,heap     ] GC(343) Eden regions: 273->0(271)
[160.727s][info][gc,heap     ] GC(343) Survivor regions: 2->3(35)
[160.727s][info][gc,heap     ] GC(343) Old regions: 46->46
[160.727s][info][gc,heap     ] GC(343) Humongous regions: 207->207
[160.727s][info][gc,metaspace] GC(343) Metaspace: 56411K(56768K)->56411K(56768K) NonClass: 48125K(48384K)->48125K(48384K) Class: 8286K(8384K)->8286K(8384K)
[160.727s][info][gc          ] GC(343) Pause Young (Concurrent Start) (G1 Evacuation Pause) 527M->255M(559M) 5.843ms
[160.727s][info][gc          ] GC(344) Concurrent Mark Cycle
[160.727s][info][gc,marking  ] GC(344) Concurrent Scan Root Regions
[160.729s][info][gc,cpu      ] GC(343) User=0.02s Sys=0.00s Real=0.01s
[160.734s][info][gc,marking  ] GC(344) Concurrent Scan Root Regions 6.658ms
[160.734s][info][gc,marking  ] GC(344) Concurrent Mark
[160.734s][info][gc,marking  ] GC(344) Concurrent Mark From Roots
[160.734s][info][gc,task     ] GC(344) Using 1 workers of 1 for marking
[160.784s][info][gc,marking  ] GC(344) Concurrent Mark From Roots 50.692ms
[160.784s][info][gc,marking  ] GC(344) Concurrent Preclean
[160.784s][info][gc,marking  ] GC(344) Concurrent Preclean 0.069ms
[160.785s][info][gc,start    ] GC(344) Pause Remark
[160.794s][info][gc          ] GC(344) Pause Remark 274M->274M(559M) 8.985ms
[160.794s][info][gc,cpu      ] GC(344) User=0.01s Sys=0.00s Real=0.01s
[160.795s][info][gc,marking  ] GC(344) Concurrent Mark 61.167ms
[160.795s][info][gc,marking  ] GC(344) Concurrent Rebuild Remembered Sets and Scrub Regions
[160.833s][info][gc,marking  ] GC(344) Concurrent Rebuild Remembered Sets and Scrub Regions 38.082ms
[160.833s][info][gc,start    ] GC(344) Pause Cleanup
[160.833s][info][gc          ] GC(344) Pause Cleanup 301M->301M(559M) 0.092ms
[160.833s][info][gc,cpu      ] GC(344) User=0.00s Sys=0.00s Real=0.00s
[160.835s][info][gc,marking  ] GC(344) Concurrent Clear Claimed Marks
[160.835s][info][gc,marking  ] GC(344) Concurrent Clear Claimed Marks 0.107ms
[160.835s][info][gc,marking  ] GC(344) Concurrent Cleanup for Next Mark
[160.837s][info][gc,marking  ] GC(344) Concurrent Cleanup for Next Mark 1.712ms
[160.837s][info][gc          ] GC(344) Concurrent Mark Cycle 109.805ms
[161.434s][info][gc,start    ] GC(345) Pause Young (Prepare Mixed) (G1 Evacuation Pause)
[161.434s][info][gc,task     ] GC(345) Using 2 workers of 2 for evacuation
[161.438s][info][gc,phases   ] GC(345)   Pre Evacuate Collection Set: 0.31ms
[161.438s][info][gc,phases   ] GC(345)   Merge Heap Roots: 0.11ms
[161.438s][info][gc,phases   ] GC(345)   Evacuate Collection Set: 3.12ms
[161.438s][info][gc,phases   ] GC(345)   Post Evacuate Collection Set: 0.66ms
[161.438s][info][gc,phases   ] GC(345)   Other: 0.11ms
[161.438s][info][gc,heap     ] GC(345) Eden regions: 271->0(273)
[161.438s][info][gc,heap     ] GC(345) Survivor regions: 3->2(35)
[161.438s][info][gc,heap     ] GC(345) Old regions: 46->46
[161.438s][info][gc,heap     ] GC(345) Humongous regions: 207->207
[161.438s][info][gc,metaspace] GC(345) Metaspace: 56411K(56768K)->56411K(56768K) NonClass: 48125K(48384K)->48125K(48384K) Class: 8286K(8384K)->8286K(8384K)
[161.438s][info][gc          ] GC(345) Pause Young (Prepare Mixed) (G1 Evacuation Pause) 526M->254M(559M) 4.533ms
[161.438s][info][gc,cpu      ] GC(345) User=0.01s Sys=0.00s Real=0.00s
[162.141s][info][gc,start    ] GC(346) Pause Young (Mixed) (G1 Evacuation Pause)
[162.141s][info][gc,task     ] GC(346) Using 2 workers of 2 for evacuation
[162.150s][info][gc,phases   ] GC(346)   Pre Evacuate Collection Set: 0.28ms
[162.150s][info][gc,phases   ] GC(346)   Merge Heap Roots: 0.18ms
[162.150s][info][gc,phases   ] GC(346)   Evacuate Collection Set: 6.93ms
[162.150s][info][gc,phases   ] GC(346)   Post Evacuate Collection Set: 0.72ms
[162.150s][info][gc,phases   ] GC(346)   Other: 0.12ms
[162.150s][info][gc,heap     ] GC(346) Eden regions: 273->0(273)
[162.150s][info][gc,heap     ] GC(346) Survivor regions: 2->2(35)
[162.150s][info][gc,heap     ] GC(346) Old regions: 46->46
[162.150s][info][gc,heap     ] GC(346) Humongous regions: 207->207
[162.150s][info][gc,metaspace] GC(346) Metaspace: 56411K(56768K)->56411K(56768K) NonClass: 48125K(48384K)->48125K(48384K) Class: 8286K(8384K)->8286K(8384K)
[162.150s][info][gc          ] GC(346) Pause Young (Mixed) (G1 Evacuation Pause) 527M->254M(559M) 8.431ms
[162.150s][info][gc,cpu      ] GC(346) User=0.02s Sys=0.00s Real=0.01s
[162.946s][info][gc,start    ] GC(347) Pause Young (Concurrent Start) (G1 Evacuation Pause)
[162.946s][info][gc,task     ] GC(347) Using 2 workers of 2 for evacuation
[162.950s][info][gc,phases   ] GC(347)   Pre Evacuate Collection Set: 0.30ms
[162.950s][info][gc,phases   ] GC(347)   Merge Heap Roots: 0.10ms
[162.950s][info][gc,phases   ] GC(347)   Evacuate Collection Set: 2.62ms
[162.950s][info][gc,phases   ] GC(347)   Post Evacuate Collection Set: 0.58ms
[162.950s][info][gc,phases   ] GC(347)   Other: 0.14ms
[162.950s][info][gc,heap     ] GC(347) Eden regions: 273->0(273)
[162.950s][info][gc,heap     ] GC(347) Survivor regions: 2->2(35)
[162.950s][info][gc,heap     ] GC(347) Old regions: 46->46
[162.950s][info][gc,heap     ] GC(347) Humongous regions: 207->207
[162.950s][info][gc,metaspace] GC(347) Metaspace: 56411K(56768K)->56411K(56768K) NonClass: 48125K(48384K)->48125K(48384K) Class: 8286K(8384K)->8286K(8384K)
[162.950s][info][gc          ] GC(347) Pause Young (Concurrent Start) (G1 Evacuation Pause) 527M->253M(559M) 3.918ms
[162.950s][info][gc          ] GC(348) Concurrent Mark Cycle
[162.950s][info][gc,marking  ] GC(348) Concurrent Scan Root Regions
[162.952s][info][gc,marking  ] GC(348) Concurrent Scan Root Regions 1.596ms
[162.952s][info][gc,marking  ] GC(348) Concurrent Mark
[162.952s][info][gc,marking  ] GC(348) Concurrent Mark From Roots
[162.952s][info][gc,task     ] GC(348) Using 1 workers of 1 for marking
[162.952s][info][gc,cpu      ] GC(347) User=0.01s Sys=0.00s Real=0.00s
[163.012s][info][gc,marking  ] GC(348) Concurrent Mark From Roots 60.546ms
[163.012s][info][gc,marking  ] GC(348) Concurrent Preclean
[163.012s][info][gc,marking  ] GC(348) Concurrent Preclean 0.071ms
[163.012s][info][gc,start    ] GC(348) Pause Remark
[163.023s][info][gc          ] GC(348) Pause Remark 279M->279M(559M) 10.724ms
[163.023s][info][gc,cpu      ] GC(348) User=0.02s Sys=0.01s Real=0.01s
[163.025s][info][gc,marking  ] GC(348) Concurrent Mark 73.111ms
[163.025s][info][gc,marking  ] GC(348) Concurrent Rebuild Remembered Sets and Scrub Regions
[163.043s][info][gc,marking  ] GC(348) Concurrent Rebuild Remembered Sets and Scrub Regions 18.291ms
[163.043s][info][gc,start    ] GC(348) Pause Cleanup
[163.043s][info][gc          ] GC(348) Pause Cleanup 285M->285M(559M) 0.065ms
[163.043s][info][gc,cpu      ] GC(348) User=0.00s Sys=0.00s Real=0.00s
[163.043s][info][gc,marking  ] GC(348) Concurrent Clear Claimed Marks
[163.043s][info][gc,marking  ] GC(348) Concurrent Clear Claimed Marks 0.090ms
[163.043s][info][gc,marking  ] GC(348) Concurrent Cleanup for Next Mark
[163.045s][info][gc,marking  ] GC(348) Concurrent Cleanup for Next Mark 1.664ms
[163.045s][info][gc          ] GC(348) Concurrent Mark Cycle 95.078ms
[163.605s][info][gc,start    ] GC(349) Pause Young (Prepare Mixed) (G1 Evacuation Pause)
[163.605s][info][gc,task     ] GC(349) Using 2 workers of 2 for evacuation
[163.609s][info][gc,phases   ] GC(349)   Pre Evacuate Collection Set: 0.28ms
[163.609s][info][gc,phases   ] GC(349)   Merge Heap Roots: 0.11ms
[163.609s][info][gc,phases   ] GC(349)   Evacuate Collection Set: 3.15ms
[163.609s][info][gc,phases   ] GC(349)   Post Evacuate Collection Set: 0.61ms
[163.609s][info][gc,phases   ] GC(349)   Other: 0.12ms
[163.609s][info][gc,heap     ] GC(349) Eden regions: 273->0(273)
[163.609s][info][gc,heap     ] GC(349) Survivor regions: 2->2(35)
[163.609s][info][gc,heap     ] GC(349) Old regions: 46->46
[163.609s][info][gc,heap     ] GC(349) Humongous regions: 207->207
[163.609s][info][gc,metaspace] GC(349) Metaspace: 56411K(56768K)->56411K(56768K) NonClass: 48125K(48384K)->48125K(48384K) Class: 8286K(8384K)->8286K(8384K)
[163.609s][info][gc          ] GC(349) Pause Young (Prepare Mixed) (G1 Evacuation Pause) 526M->254M(559M) 4.451ms
[163.609s][info][gc,cpu      ] GC(349) User=0.01s Sys=0.00s Real=0.00s
[164.315s][info][gc,start    ] GC(350) Pause Young (Mixed) (G1 Evacuation Pause)
[164.315s][info][gc,task     ] GC(350) Using 2 workers of 2 for evacuation
[164.323s][info][gc,phases   ] GC(350)   Pre Evacuate Collection Set: 0.28ms
[164.323s][info][gc,phases   ] GC(350)   Merge Heap Roots: 0.11ms
[164.323s][info][gc,phases   ] GC(350)   Evacuate Collection Set: 6.35ms
[164.323s][info][gc,phases   ] GC(350)   Post Evacuate Collection Set: 0.65ms
[164.323s][info][gc,phases   ] GC(350)   Other: 0.08ms
[164.323s][info][gc,heap     ] GC(350) Eden regions: 273->0(273)
[164.323s][info][gc,heap     ] GC(350) Survivor regions: 2->2(35)
[164.323s][info][gc,heap     ] GC(350) Old regions: 46->46
[164.323s][info][gc,heap     ] GC(350) Humongous regions: 207->207
[164.323s][info][gc,metaspace] GC(350) Metaspace: 56411K(56768K)->56411K(56768K) NonClass: 48125K(48384K)->48125K(48384K) Class: 8286K(8384K)->8286K(8384K)
[164.323s][info][gc          ] GC(350) Pause Young (Mixed) (G1 Evacuation Pause) 527M->254M(559M) 7.644ms
[164.323s][info][gc,cpu      ] GC(350) User=0.02s Sys=0.00s Real=0.01s
[165.085s][info][gc,start    ] GC(351) Pause Young (Concurrent Start) (G1 Evacuation Pause)
[165.085s][info][gc,task     ] GC(351) Using 2 workers of 2 for evacuation
[165.092s][info][gc,phases   ] GC(351)   Pre Evacuate Collection Set: 0.30ms
[165.093s][info][gc,phases   ] GC(351)   Merge Heap Roots: 0.13ms
[165.093s][info][gc,phases   ] GC(351)   Evacuate Collection Set: 6.22ms
[165.093s][info][gc,phases   ] GC(351)   Post Evacuate Collection Set: 0.67ms
[165.093s][info][gc,phases   ] GC(351)   Other: 0.12ms
[165.093s][info][gc,heap     ] GC(351) Eden regions: 273->0(273)
[165.093s][info][gc,heap     ] GC(351) Survivor regions: 2->2(35)
[165.093s][info][gc,heap     ] GC(351) Old regions: 46->46
[165.093s][info][gc,heap     ] GC(351) Humongous regions: 207->207
[165.093s][info][gc,metaspace] GC(351) Metaspace: 56411K(56768K)->56411K(56768K) NonClass: 48125K(48384K)->48125K(48384K) Class: 8286K(8384K)->8286K(8384K)
[165.093s][info][gc          ] GC(351) Pause Young (Concurrent Start) (G1 Evacuation Pause) 527M->254M(559M) 7.681ms
[165.093s][info][gc,cpu      ] GC(351) User=0.02s Sys=0.00s Real=0.01s
[165.093s][info][gc          ] GC(352) Concurrent Mark Cycle
[165.093s][info][gc,marking  ] GC(352) Concurrent Scan Root Regions
[165.100s][info][gc,marking  ] GC(352) Concurrent Scan Root Regions 7.506ms
[165.100s][info][gc,marking  ] GC(352) Concurrent Mark
[165.100s][info][gc,marking  ] GC(352) Concurrent Mark From Roots
[165.100s][info][gc,task     ] GC(352) Using 1 workers of 1 for marking
[165.143s][info][gc,marking  ] GC(352) Concurrent Mark From Roots 42.526ms
[165.143s][info][gc,marking  ] GC(352) Concurrent Preclean
[165.143s][info][gc,marking  ] GC(352) Concurrent Preclean 0.073ms
[165.143s][info][gc,start    ] GC(352) Pause Remark
[165.152s][info][gc          ] GC(352) Pause Remark 273M->273M(559M) 8.681ms
[165.152s][info][gc,cpu      ] GC(352) User=0.02s Sys=0.00s Real=0.00s
[165.152s][info][gc,marking  ] GC(352) Concurrent Mark 51.578ms
[165.152s][info][gc,marking  ] GC(352) Concurrent Rebuild Remembered Sets and Scrub Regions
[165.169s][info][gc,marking  ] GC(352) Concurrent Rebuild Remembered Sets and Scrub Regions 16.677ms
[165.169s][info][gc,start    ] GC(352) Pause Cleanup
[165.169s][info][gc          ] GC(352) Pause Cleanup 276M->276M(559M) 0.068ms
[165.169s][info][gc,cpu      ] GC(352) User=0.00s Sys=0.00s Real=0.00s
[165.170s][info][gc,marking  ] GC(352) Concurrent Clear Claimed Marks
[165.170s][info][gc,marking  ] GC(352) Concurrent Clear Claimed Marks 0.092ms
[165.170s][info][gc,marking  ] GC(352) Concurrent Cleanup for Next Mark
[165.171s][info][gc,marking  ] GC(352) Concurrent Cleanup for Next Mark 1.712ms
[165.171s][info][gc          ] GC(352) Concurrent Mark Cycle 78.648ms
[165.735s][info][gc,start    ] GC(353) Pause Young (Prepare Mixed) (G1 Evacuation Pause)
[165.735s][info][gc,task     ] GC(353) Using 2 workers of 2 for evacuation
[165.740s][info][gc,phases   ] GC(353)   Pre Evacuate Collection Set: 0.28ms
[165.740s][info][gc,phases   ] GC(353)   Merge Heap Roots: 0.11ms
[165.740s][info][gc,phases   ] GC(353)   Evacuate Collection Set: 3.99ms
[165.740s][info][gc,phases   ] GC(353)   Post Evacuate Collection Set: 0.56ms
[165.740s][info][gc,phases   ] GC(353)   Other: 0.08ms
[165.740s][info][gc,heap     ] GC(353) Eden regions: 273->0(273)
[165.740s][info][gc,heap     ] GC(353) Survivor regions: 2->2(35)
[165.740s][info][gc,heap     ] GC(353) Old regions: 46->46
[165.740s][info][gc,heap     ] GC(353) Humongous regions: 207->207
[165.740s][info][gc,metaspace] GC(353) Metaspace: 56411K(56768K)->56411K(56768K) NonClass: 48125K(48384K)->48125K(48384K) Class: 8286K(8384K)->8286K(8384K)
[165.740s][info][gc          ] GC(353) Pause Young (Prepare Mixed) (G1 Evacuation Pause) 527M->254M(559M) 5.208ms
[165.741s][info][gc,cpu      ] GC(353) User=0.00s Sys=0.00s Real=0.00s
[166.482s][info][gc,start    ] GC(354) Pause Young (Mixed) (G1 Evacuation Pause)
[166.482s][info][gc,task     ] GC(354) Using 2 workers of 2 for evacuation
[166.486s][info][gc,phases   ] GC(354)   Pre Evacuate Collection Set: 0.29ms
[166.486s][info][gc,phases   ] GC(354)   Merge Heap Roots: 0.12ms
[166.486s][info][gc,phases   ] GC(354)   Evacuate Collection Set: 3.26ms
[166.486s][info][gc,phases   ] GC(354)   Post Evacuate Collection Set: 0.59ms
[166.486s][info][gc,phases   ] GC(354)   Other: 0.08ms
[166.486s][info][gc,heap     ] GC(354) Eden regions: 273->0(275)
[166.486s][info][gc,heap     ] GC(354) Survivor regions: 2->1(35)
[166.486s][info][gc,heap     ] GC(354) Old regions: 46->46
[166.486s][info][gc,heap     ] GC(354) Humongous regions: 207->207
[166.486s][info][gc,metaspace] GC(354) Metaspace: 56411K(56768K)->56411K(56768K) NonClass: 48125K(48384K)->48125K(48384K) Class: 8286K(8384K)->8286K(8384K)
[166.486s][info][gc          ] GC(354) Pause Young (Mixed) (G1 Evacuation Pause) 527M->252M(559M) 4.540ms
[166.486s][info][gc,cpu      ] GC(354) User=0.01s Sys=0.00s Real=0.01s
[166.760s][info][gc,start    ] GC(355) Pause Young (Concurrent Start) (G1 Humongous Allocation)
[166.760s][info][gc,task     ] GC(355) Using 2 workers of 2 for evacuation
[166.763s][info][gc,phases   ] GC(355)   Pre Evacuate Collection Set: 0.29ms
[166.763s][info][gc,phases   ] GC(355)   Merge Heap Roots: 0.08ms
[166.763s][info][gc,phases   ] GC(355)   Evacuate Collection Set: 1.85ms
[166.763s][info][gc,phases   ] GC(355)   Post Evacuate Collection Set: 0.52ms
[166.763s][info][gc,phases   ] GC(355)   Other: 0.10ms
[166.763s][info][gc,heap     ] GC(355) Eden regions: 119->0(275)
[166.763s][info][gc,heap     ] GC(355) Survivor regions: 1->1(35)
[166.763s][info][gc,heap     ] GC(355) Old regions: 46->46
[166.763s][info][gc,heap     ] GC(355) Humongous regions: 207->207
[166.763s][info][gc,metaspace] GC(355) Metaspace: 56413K(56768K)->56413K(56768K) NonClass: 48127K(48384K)->48127K(48384K) Class: 8286K(8384K)->8286K(8384K)
[166.763s][info][gc          ] GC(355) Pause Young (Concurrent Start) (G1 Humongous Allocation) 371M->252M(559M) 3.005ms
[166.763s][info][gc,cpu      ] GC(355) User=0.00s Sys=0.00s Real=0.01s
[166.763s][info][gc          ] GC(356) Concurrent Mark Cycle
[166.763s][info][gc,marking  ] GC(356) Concurrent Scan Root Regions
[166.765s][info][gc,marking  ] GC(356) Concurrent Scan Root Regions 1.380ms
[166.765s][info][gc,marking  ] GC(356) Concurrent Mark
[166.765s][info][gc,marking  ] GC(356) Concurrent Mark From Roots
[166.765s][info][gc,task     ] GC(356) Using 1 workers of 1 for marking
[166.807s][info][gc,marking  ] GC(356) Concurrent Mark From Roots 42.525ms
[166.807s][info][gc,marking  ] GC(356) Concurrent Preclean
[166.807s][info][gc,marking  ] GC(356) Concurrent Preclean 0.063ms
[166.809s][info][gc,start    ] GC(356) Pause Remark
[166.818s][info][gc          ] GC(356) Pause Remark 292M->292M(559M) 9.050ms
[166.819s][info][gc,cpu      ] GC(356) User=0.01s Sys=0.00s Real=0.01s
[166.819s][info][gc,marking  ] GC(356) Concurrent Mark 54.660ms
[166.819s][info][gc,marking  ] GC(356) Concurrent Rebuild Remembered Sets and Scrub Regions
[166.836s][info][gc,marking  ] GC(356) Concurrent Rebuild Remembered Sets and Scrub Regions 16.678ms
[166.836s][info][gc,start    ] GC(356) Pause Cleanup
[166.836s][info][gc          ] GC(356) Pause Cleanup 292M->292M(559M) 0.090ms
[166.836s][info][gc,cpu      ] GC(356) User=0.00s Sys=0.00s Real=0.00s
[166.836s][info][gc,marking  ] GC(356) Concurrent Clear Claimed Marks
[166.836s][info][gc,marking  ] GC(356) Concurrent Clear Claimed Marks 0.094ms
[166.836s][info][gc,marking  ] GC(356) Concurrent Cleanup for Next Mark
[166.838s][info][gc,marking  ] GC(356) Concurrent Cleanup for Next Mark 1.682ms
[166.838s][info][gc          ] GC(356) Concurrent Mark Cycle 75.038ms
[170.220s][info][gc,start    ] GC(357) Pause Young (Prepare Mixed) (G1 Evacuation Pause)
[170.220s][info][gc,task     ] GC(357) Using 2 workers of 2 for evacuation
[170.238s][info][gc,phases   ] GC(357)   Pre Evacuate Collection Set: 0.27ms
[170.238s][info][gc,phases   ] GC(357)   Merge Heap Roots: 0.11ms
[170.238s][info][gc,phases   ] GC(357)   Evacuate Collection Set: 16.21ms
[170.238s][info][gc,phases   ] GC(357)   Post Evacuate Collection Set: 0.71ms
[170.238s][info][gc,phases   ] GC(357)   Other: 0.08ms
[170.238s][info][gc,heap     ] GC(357) Eden regions: 149->0(261)
[170.238s][info][gc,heap     ] GC(357) Survivor regions: 1->15(35)
[170.238s][info][gc,heap     ] GC(357) Old regions: 46->46
[170.238s][info][gc,heap     ] GC(357) Humongous regions: 363->207
[170.238s][info][gc,metaspace] GC(357) Metaspace: 56641K(57024K)->56641K(57024K) NonClass: 48353K(48640K)->48353K(48640K) Class: 8287K(8384K)->8287K(8384K)
[170.238s][info][gc          ] GC(357) Pause Young (Prepare Mixed) (G1 Evacuation Pause) 557M->267M(574M) 17.595ms
[170.238s][info][gc,cpu      ] GC(357) User=0.02s Sys=0.01s Real=0.02s
[170.910s][info][gc,start    ] GC(358) Pause Young (Mixed) (G1 Evacuation Pause)
[170.910s][info][gc,task     ] GC(358) Using 2 workers of 2 for evacuation
[170.920s][info][gc,phases   ] GC(358)   Pre Evacuate Collection Set: 0.28ms
[170.920s][info][gc,phases   ] GC(358)   Merge Heap Roots: 0.10ms
[170.920s][info][gc,phases   ] GC(358)   Evacuate Collection Set: 8.30ms
[170.920s][info][gc,phases   ] GC(358)   Post Evacuate Collection Set: 0.70ms
[170.920s][info][gc,phases   ] GC(358)   Other: 0.08ms
[170.920s][info][gc,heap     ] GC(358) Eden regions: 261->0(263)
[170.920s][info][gc,heap     ] GC(358) Survivor regions: 15->14(35)
[170.920s][info][gc,heap     ] GC(358) Old regions: 46->46
[170.920s][info][gc,heap     ] GC(358) Humongous regions: 207->207
[170.920s][info][gc,metaspace] GC(358) Metaspace: 56641K(57024K)->56641K(57024K) NonClass: 48353K(48640K)->48353K(48640K) Class: 8287K(8384K)->8287K(8384K)
[170.920s][info][gc          ] GC(358) Pause Young (Mixed) (G1 Evacuation Pause) 528M->265M(574M) 9.684ms
[170.920s][info][gc,cpu      ] GC(358) User=0.02s Sys=0.00s Real=0.01s
[171.607s][info][gc,start    ] GC(359) Pause Young (Concurrent Start) (G1 Evacuation Pause)
[171.607s][info][gc,task     ] GC(359) Using 2 workers of 2 for evacuation
[171.616s][info][gc,phases   ] GC(359)   Pre Evacuate Collection Set: 0.32ms
[171.616s][info][gc,phases   ] GC(359)   Merge Heap Roots: 0.11ms
[171.616s][info][gc,phases   ] GC(359)   Evacuate Collection Set: 7.32ms
[171.616s][info][gc,phases   ] GC(359)   Post Evacuate Collection Set: 0.64ms
[171.616s][info][gc,phases   ] GC(359)   Other: 0.10ms
[171.616s][info][gc,heap     ] GC(359) Eden regions: 263->0(263)
[171.616s][info][gc,heap     ] GC(359) Survivor regions: 14->14(35)
[171.616s][info][gc,heap     ] GC(359) Old regions: 46->46
[171.616s][info][gc,heap     ] GC(359) Humongous regions: 207->207
[171.616s][info][gc,metaspace] GC(359) Metaspace: 56641K(57024K)->56641K(57024K) NonClass: 48353K(48640K)->48353K(48640K) Class: 8287K(8384K)->8287K(8384K)
[171.616s][info][gc          ] GC(359) Pause Young (Concurrent Start) (G1 Evacuation Pause) 528M->266M(574M) 8.689ms
[171.616s][info][gc          ] GC(360) Concurrent Mark Cycle
[171.616s][info][gc,marking  ] GC(360) Concurrent Scan Root Regions
[171.617s][info][gc,cpu      ] GC(359) User=0.02s Sys=0.00s Real=0.01s
[171.623s][info][gc,marking  ] GC(360) Concurrent Scan Root Regions 6.528ms
[171.623s][info][gc,marking  ] GC(360) Concurrent Mark
[171.623s][info][gc,marking  ] GC(360) Concurrent Mark From Roots
[171.623s][info][gc,task     ] GC(360) Using 1 workers of 1 for marking
[171.675s][info][gc,marking  ] GC(360) Concurrent Mark From Roots 52.766ms
[171.675s][info][gc,marking  ] GC(360) Concurrent Preclean
[171.676s][info][gc,marking  ] GC(360) Concurrent Preclean 0.045ms
[171.676s][info][gc,start    ] GC(360) Pause Remark
[171.685s][info][gc          ] GC(360) Pause Remark 294M->294M(574M) 9.093ms
[171.685s][info][gc,cpu      ] GC(360) User=0.02s Sys=0.00s Real=0.01s
[171.685s][info][gc,marking  ] GC(360) Concurrent Mark 62.379ms
[171.685s][info][gc,marking  ] GC(360) Concurrent Rebuild Remembered Sets and Scrub Regions
[171.701s][info][gc,marking  ] GC(360) Concurrent Rebuild Remembered Sets and Scrub Regions 16.224ms
[171.702s][info][gc,start    ] GC(360) Pause Cleanup
[171.702s][info][gc          ] GC(360) Pause Cleanup 299M->299M(574M) 0.085ms
[171.702s][info][gc,cpu      ] GC(360) User=0.00s Sys=0.00s Real=0.00s
[171.702s][info][gc,marking  ] GC(360) Concurrent Clear Claimed Marks
[171.702s][info][gc,marking  ] GC(360) Concurrent Clear Claimed Marks 0.098ms
[171.702s][info][gc,marking  ] GC(360) Concurrent Cleanup for Next Mark
[171.704s][info][gc,marking  ] GC(360) Concurrent Cleanup for Next Mark 2.082ms
[171.704s][info][gc          ] GC(360) Concurrent Mark Cycle 88.319ms
[172.301s][info][gc,start    ] GC(361) Pause Young (Prepare Mixed) (G1 Evacuation Pause)
[172.301s][info][gc,task     ] GC(361) Using 2 workers of 2 for evacuation
[172.309s][info][gc,phases   ] GC(361)   Pre Evacuate Collection Set: 0.26ms
[172.309s][info][gc,phases   ] GC(361)   Merge Heap Roots: 0.11ms
[172.309s][info][gc,phases   ] GC(361)   Evacuate Collection Set: 6.79ms
[172.309s][info][gc,phases   ] GC(361)   Post Evacuate Collection Set: 0.70ms
[172.309s][info][gc,phases   ] GC(361)   Other: 0.10ms
[172.309s][info][gc,heap     ] GC(361) Eden regions: 263->0(263)
[172.309s][info][gc,heap     ] GC(361) Survivor regions: 14->14(35)
[172.309s][info][gc,heap     ] GC(361) Old regions: 46->46
[172.309s][info][gc,heap     ] GC(361) Humongous regions: 207->207
[172.309s][info][gc,metaspace] GC(361) Metaspace: 56641K(57024K)->56641K(57024K) NonClass: 48353K(48640K)->48353K(48640K) Class: 8287K(8384K)->8287K(8384K)
[172.309s][info][gc          ] GC(361) Pause Young (Prepare Mixed) (G1 Evacuation Pause) 529M->266M(574M) 8.196ms
[172.309s][info][gc,cpu      ] GC(361) User=0.01s Sys=0.00s Real=0.01s
[172.995s][info][gc,start    ] GC(362) Pause Young (Mixed) (G1 Evacuation Pause)
[172.995s][info][gc,task     ] GC(362) Using 2 workers of 2 for evacuation
[173.003s][info][gc,phases   ] GC(362)   Pre Evacuate Collection Set: 0.27ms
[173.003s][info][gc,phases   ] GC(362)   Merge Heap Roots: 0.11ms
[173.003s][info][gc,phases   ] GC(362)   Evacuate Collection Set: 6.81ms
[173.003s][info][gc,phases   ] GC(362)   Post Evacuate Collection Set: 0.66ms
[173.003s][info][gc,phases   ] GC(362)   Other: 0.08ms
[173.003s][info][gc,heap     ] GC(362) Eden regions: 263->0(265)
[173.003s][info][gc,heap     ] GC(362) Survivor regions: 14->13(35)
[173.003s][info][gc,heap     ] GC(362) Old regions: 46->46
[173.003s][info][gc,heap     ] GC(362) Humongous regions: 207->207
[173.003s][info][gc,metaspace] GC(362) Metaspace: 56641K(57024K)->56641K(57024K) NonClass: 48353K(48640K)->48353K(48640K) Class: 8287K(8384K)->8287K(8384K)
[173.003s][info][gc          ] GC(362) Pause Young (Mixed) (G1 Evacuation Pause) 529M->265M(574M) 8.120ms
[173.003s][info][gc,cpu      ] GC(362) User=0.02s Sys=0.00s Real=0.01s
[173.763s][info][gc,start    ] GC(363) Pause Young (Concurrent Start) (G1 Evacuation Pause)
[173.763s][info][gc,task     ] GC(363) Using 2 workers of 2 for evacuation
[173.770s][info][gc,phases   ] GC(363)   Pre Evacuate Collection Set: 0.30ms
[173.770s][info][gc,phases   ] GC(363)   Merge Heap Roots: 0.09ms
[173.770s][info][gc,phases   ] GC(363)   Evacuate Collection Set: 5.87ms
[173.770s][info][gc,phases   ] GC(363)   Post Evacuate Collection Set: 0.64ms
[173.770s][info][gc,phases   ] GC(363)   Other: 0.10ms
[173.770s][info][gc,heap     ] GC(363) Eden regions: 265->0(265)
[173.770s][info][gc,heap     ] GC(363) Survivor regions: 13->13(35)
[173.770s][info][gc,heap     ] GC(363) Old regions: 46->46
[173.770s][info][gc,heap     ] GC(363) Humongous regions: 207->207
[173.770s][info][gc,metaspace] GC(363) Metaspace: 56641K(57024K)->56641K(57024K) NonClass: 48353K(48640K)->48353K(48640K) Class: 8287K(8384K)->8287K(8384K)
[173.770s][info][gc          ] GC(363) Pause Young (Concurrent Start) (G1 Evacuation Pause) 530M->265M(574M) 7.186ms
[173.770s][info][gc,cpu      ] GC(363) User=0.01s Sys=0.00s Real=0.00s
[173.770s][info][gc          ] GC(364) Concurrent Mark Cycle
[173.773s][info][gc,marking  ] GC(364) Concurrent Scan Root Regions
[173.782s][info][gc,marking  ] GC(364) Concurrent Scan Root Regions 8.483ms
[173.782s][info][gc,marking  ] GC(364) Concurrent Mark
[173.782s][info][gc,marking  ] GC(364) Concurrent Mark From Roots
[173.782s][info][gc,task     ] GC(364) Using 1 workers of 1 for marking
[173.852s][info][gc,marking  ] GC(364) Concurrent Mark From Roots 69.812ms
[173.852s][info][gc,marking  ] GC(364) Concurrent Preclean
[173.852s][info][gc,marking  ] GC(364) Concurrent Preclean 0.051ms
[173.852s][info][gc,start    ] GC(364) Pause Remark
[173.861s][info][gc          ] GC(364) Pause Remark 314M->314M(574M) 9.258ms
[173.861s][info][gc,cpu      ] GC(364) User=0.02s Sys=0.00s Real=0.01s
[173.861s][info][gc,marking  ] GC(364) Concurrent Mark 79.553ms
[173.861s][info][gc,marking  ] GC(364) Concurrent Rebuild Remembered Sets and Scrub Regions
[173.888s][info][gc,marking  ] GC(364) Concurrent Rebuild Remembered Sets and Scrub Regions 26.394ms
[173.888s][info][gc,start    ] GC(364) Pause Cleanup
[173.888s][info][gc          ] GC(364) Pause Cleanup 329M->329M(574M) 0.069ms
[173.888s][info][gc,cpu      ] GC(364) User=0.00s Sys=0.00s Real=0.00s
[173.888s][info][gc,marking  ] GC(364) Concurrent Clear Claimed Marks
[173.888s][info][gc,marking  ] GC(364) Concurrent Clear Claimed Marks 0.101ms
[173.888s][info][gc,marking  ] GC(364) Concurrent Cleanup for Next Mark
[173.891s][info][gc,marking  ] GC(364) Concurrent Cleanup for Next Mark 2.562ms
[173.891s][info][gc          ] GC(364) Concurrent Mark Cycle 120.356ms
[174.394s][info][gc,start    ] GC(365) Pause Young (Prepare Mixed) (G1 Evacuation Pause)
[174.394s][info][gc,task     ] GC(365) Using 2 workers of 2 for evacuation
[174.401s][info][gc,phases   ] GC(365)   Pre Evacuate Collection Set: 0.25ms
[174.401s][info][gc,phases   ] GC(365)   Merge Heap Roots: 0.12ms
[174.401s][info][gc,phases   ] GC(365)   Evacuate Collection Set: 6.01ms
[174.401s][info][gc,phases   ] GC(365)   Post Evacuate Collection Set: 0.65ms
[174.401s][info][gc,phases   ] GC(365)   Other: 0.10ms
[174.402s][info][gc,heap     ] GC(365) Eden regions: 265->0(265)
[174.402s][info][gc,heap     ] GC(365) Survivor regions: 13->13(35)
[174.402s][info][gc,heap     ] GC(365) Old regions: 46->46
[174.402s][info][gc,heap     ] GC(365) Humongous regions: 207->207
[174.402s][info][gc,metaspace] GC(365) Metaspace: 56641K(57024K)->56641K(57024K) NonClass: 48353K(48640K)->48353K(48640K) Class: 8287K(8384K)->8287K(8384K)
[174.402s][info][gc          ] GC(365) Pause Young (Prepare Mixed) (G1 Evacuation Pause) 530M->265M(574M) 7.316ms
[174.402s][info][gc,cpu      ] GC(365) User=0.02s Sys=0.00s Real=0.00s
[175.099s][info][gc,start    ] GC(366) Pause Young (Mixed) (G1 Evacuation Pause)
[175.099s][info][gc,task     ] GC(366) Using 2 workers of 2 for evacuation
[175.107s][info][gc,phases   ] GC(366)   Pre Evacuate Collection Set: 0.26ms
[175.107s][info][gc,phases   ] GC(366)   Merge Heap Roots: 0.12ms
[175.107s][info][gc,phases   ] GC(366)   Evacuate Collection Set: 7.34ms
[175.107s][info][gc,phases   ] GC(366)   Post Evacuate Collection Set: 0.71ms
[175.107s][info][gc,phases   ] GC(366)   Other: 0.11ms
[175.107s][info][gc,heap     ] GC(366) Eden regions: 265->0(265)
[175.107s][info][gc,heap     ] GC(366) Survivor regions: 13->13(35)
[175.107s][info][gc,heap     ] GC(366) Old regions: 46->46
[175.107s][info][gc,heap     ] GC(366) Humongous regions: 207->207
[175.107s][info][gc,metaspace] GC(366) Metaspace: 56641K(57024K)->56641K(57024K) NonClass: 48353K(48640K)->48353K(48640K) Class: 8287K(8384K)->8287K(8384K)
[175.107s][info][gc          ] GC(366) Pause Young (Mixed) (G1 Evacuation Pause) 530M->265M(574M) 8.726ms
[175.107s][info][gc,cpu      ] GC(366) User=0.02s Sys=0.00s Real=0.01s
[175.741s][info][gc,start    ] GC(367) Pause Young (Concurrent Start) (G1 Evacuation Pause)
[175.741s][info][gc,task     ] GC(367) Using 2 workers of 2 for evacuation
[175.748s][info][gc,phases   ] GC(367)   Pre Evacuate Collection Set: 0.29ms
[175.748s][info][gc,phases   ] GC(367)   Merge Heap Roots: 0.10ms
[175.748s][info][gc,phases   ] GC(367)   Evacuate Collection Set: 5.98ms
[175.748s][info][gc,phases   ] GC(367)   Post Evacuate Collection Set: 0.64ms
[175.748s][info][gc,phases   ] GC(367)   Other: 0.10ms
[175.748s][info][gc,heap     ] GC(367) Eden regions: 265->0(265)
[175.748s][info][gc,heap     ] GC(367) Survivor regions: 13->13(35)
[175.748s][info][gc,heap     ] GC(367) Old regions: 46->46
[175.748s][info][gc,heap     ] GC(367) Humongous regions: 207->207
[175.748s][info][gc,metaspace] GC(367) Metaspace: 56641K(57024K)->56641K(57024K) NonClass: 48353K(48640K)->48353K(48640K) Class: 8287K(8384K)->8287K(8384K)
[175.748s][info][gc          ] GC(367) Pause Young (Concurrent Start) (G1 Evacuation Pause) 529M->265M(574M) 7.311ms
[175.748s][info][gc,cpu      ] GC(367) User=0.01s Sys=0.00s Real=0.01s
[175.748s][info][gc          ] GC(368) Concurrent Mark Cycle
[175.748s][info][gc,marking  ] GC(368) Concurrent Scan Root Regions
[175.754s][info][gc,marking  ] GC(368) Concurrent Scan Root Regions 6.304ms
[175.754s][info][gc,marking  ] GC(368) Concurrent Mark
[175.754s][info][gc,marking  ] GC(368) Concurrent Mark From Roots
[175.754s][info][gc,task     ] GC(368) Using 1 workers of 1 for marking
[175.796s][info][gc,marking  ] GC(368) Concurrent Mark From Roots 41.356ms
[175.796s][info][gc,marking  ] GC(368) Concurrent Preclean
[175.796s][info][gc,marking  ] GC(368) Concurrent Preclean 0.052ms
[175.797s][info][gc,start    ] GC(368) Pause Remark
[175.806s][info][gc          ] GC(368) Pause Remark 270M->270M(574M) 9.077ms
[175.806s][info][gc,cpu      ] GC(368) User=0.02s Sys=0.00s Real=0.01s
[175.807s][info][gc,marking  ] GC(368) Concurrent Mark 52.354ms
[175.807s][info][gc,marking  ] GC(368) Concurrent Rebuild Remembered Sets and Scrub Regions
[175.833s][info][gc,marking  ] GC(368) Concurrent Rebuild Remembered Sets and Scrub Regions 26.799ms
[175.834s][info][gc,start    ] GC(368) Pause Cleanup
[175.834s][info][gc          ] GC(368) Pause Cleanup 285M->285M(574M) 0.070ms
[175.834s][info][gc,cpu      ] GC(368) User=0.00s Sys=0.00s Real=0.00s
[175.834s][info][gc,marking  ] GC(368) Concurrent Clear Claimed Marks
[175.834s][info][gc,marking  ] GC(368) Concurrent Clear Claimed Marks 0.103ms
[175.834s][info][gc,marking  ] GC(368) Concurrent Cleanup for Next Mark
[175.836s][info][gc,marking  ] GC(368) Concurrent Cleanup for Next Mark 1.727ms
[175.836s][info][gc          ] GC(368) Concurrent Mark Cycle 87.673ms
[176.492s][info][gc,start    ] GC(369) Pause Young (Prepare Mixed) (G1 Evacuation Pause)
[176.492s][info][gc,task     ] GC(369) Using 2 workers of 2 for evacuation
[176.510s][info][gc,phases   ] GC(369)   Pre Evacuate Collection Set: 0.50ms
[176.510s][info][gc,phases   ] GC(369)   Merge Heap Roots: 0.21ms
[176.510s][info][gc,phases   ] GC(369)   Evacuate Collection Set: 16.55ms
[176.510s][info][gc,phases   ] GC(369)   Post Evacuate Collection Set: 1.28ms
[176.510s][info][gc,phases   ] GC(369)   Other: 0.10ms
[176.510s][info][gc,heap     ] GC(369) Eden regions: 265->0(265)
[176.510s][info][gc,heap     ] GC(369) Survivor regions: 13->13(35)
[176.510s][info][gc,heap     ] GC(369) Old regions: 46->46
[176.510s][info][gc,heap     ] GC(369) Humongous regions: 207->207
[176.510s][info][gc,metaspace] GC(369) Metaspace: 56641K(57024K)->56641K(57024K) NonClass: 48353K(48640K)->48353K(48640K) Class: 8287K(8384K)->8287K(8384K)
[176.510s][info][gc          ] GC(369) Pause Young (Prepare Mixed) (G1 Evacuation Pause) 530M->265M(574M) 18.860ms
[176.510s][info][gc,cpu      ] GC(369) User=0.02s Sys=0.00s Real=0.02s
[177.147s][info][gc,start    ] GC(370) Pause Young (Mixed) (G1 Evacuation Pause)
[177.147s][info][gc,task     ] GC(370) Using 2 workers of 2 for evacuation
[177.157s][info][gc,phases   ] GC(370)   Pre Evacuate Collection Set: 0.27ms
[177.157s][info][gc,phases   ] GC(370)   Merge Heap Roots: 0.13ms
[177.157s][info][gc,phases   ] GC(370)   Evacuate Collection Set: 8.24ms
[177.157s][info][gc,phases   ] GC(370)   Post Evacuate Collection Set: 0.77ms
[177.157s][info][gc,phases   ] GC(370)   Other: 0.11ms
[177.157s][info][gc,heap     ] GC(370) Eden regions: 265->0(264)
[177.157s][info][gc,heap     ] GC(370) Survivor regions: 13->14(35)
[177.157s][info][gc,heap     ] GC(370) Old regions: 46->45
[177.157s][info][gc,heap     ] GC(370) Humongous regions: 207->207
[177.157s][info][gc,metaspace] GC(370) Metaspace: 56641K(57024K)->56641K(57024K) NonClass: 48353K(48640K)->48353K(48640K) Class: 8287K(8384K)->8287K(8384K)
[177.157s][info][gc          ] GC(370) Pause Young (Mixed) (G1 Evacuation Pause) 530M->265M(574M) 9.732ms
[177.157s][info][gc,cpu      ] GC(370) User=0.02s Sys=0.00s Real=0.01s
[177.836s][info][gc,start    ] GC(371) Pause Young (Concurrent Start) (G1 Evacuation Pause)
[177.836s][info][gc,task     ] GC(371) Using 2 workers of 2 for evacuation
[177.845s][info][gc,phases   ] GC(371)   Pre Evacuate Collection Set: 0.29ms
[177.845s][info][gc,phases   ] GC(371)   Merge Heap Roots: 0.10ms
[177.845s][info][gc,phases   ] GC(371)   Evacuate Collection Set: 7.91ms
[177.845s][info][gc,phases   ] GC(371)   Post Evacuate Collection Set: 0.65ms
[177.845s][info][gc,phases   ] GC(371)   Other: 0.12ms
[177.845s][info][gc,heap     ] GC(371) Eden regions: 264->0(264)
[177.845s][info][gc,heap     ] GC(371) Survivor regions: 14->14(35)
[177.845s][info][gc,heap     ] GC(371) Old regions: 45->45
[177.845s][info][gc,heap     ] GC(371) Humongous regions: 207->207
[177.845s][info][gc,metaspace] GC(371) Metaspace: 56641K(57024K)->56641K(57024K) NonClass: 48353K(48640K)->48353K(48640K) Class: 8287K(8384K)->8287K(8384K)
[177.846s][info][gc          ] GC(371) Pause Young (Concurrent Start) (G1 Evacuation Pause) 529M->265M(574M) 9.280ms
[177.846s][info][gc,cpu      ] GC(371) User=0.02s Sys=0.00s Real=0.01s
[177.846s][info][gc          ] GC(372) Concurrent Mark Cycle
[177.846s][info][gc,marking  ] GC(372) Concurrent Scan Root Regions
[177.853s][info][gc,marking  ] GC(372) Concurrent Scan Root Regions 7.248ms
[177.853s][info][gc,marking  ] GC(372) Concurrent Mark
[177.853s][info][gc,marking  ] GC(372) Concurrent Mark From Roots
[177.853s][info][gc,task     ] GC(372) Using 1 workers of 1 for marking
[177.903s][info][gc,marking  ] GC(372) Concurrent Mark From Roots 49.815ms
[177.903s][info][gc,marking  ] GC(372) Concurrent Preclean
[177.903s][info][gc,marking  ] GC(372) Concurrent Preclean 0.048ms
[177.903s][info][gc,start    ] GC(372) Pause Remark
[177.912s][info][gc          ] GC(372) Pause Remark 281M->281M(574M) 9.076ms
[177.912s][info][gc,cpu      ] GC(372) User=0.02s Sys=0.00s Real=0.01s
[177.912s][info][gc,marking  ] GC(372) Concurrent Mark 59.240ms
[177.912s][info][gc,marking  ] GC(372) Concurrent Rebuild Remembered Sets and Scrub Regions
[177.942s][info][gc,marking  ] GC(372) Concurrent Rebuild Remembered Sets and Scrub Regions 29.236ms
[177.942s][info][gc,start    ] GC(372) Pause Cleanup
[177.942s][info][gc          ] GC(372) Pause Cleanup 300M->300M(574M) 0.070ms
[177.942s][info][gc,cpu      ] GC(372) User=0.00s Sys=0.00s Real=0.00s
[177.942s][info][gc,marking  ] GC(372) Concurrent Clear Claimed Marks
[177.942s][info][gc,marking  ] GC(372) Concurrent Clear Claimed Marks 0.099ms
[177.942s][info][gc,marking  ] GC(372) Concurrent Cleanup for Next Mark
[177.944s][info][gc,marking  ] GC(372) Concurrent Cleanup for Next Mark 1.725ms
[177.944s][info][gc          ] GC(372) Concurrent Mark Cycle 98.472ms
[178.660s][info][gc,start    ] GC(373) Pause Young (Prepare Mixed) (G1 Evacuation Pause)
[178.660s][info][gc,task     ] GC(373) Using 2 workers of 2 for evacuation
[178.672s][info][gc,phases   ] GC(373)   Pre Evacuate Collection Set: 0.28ms
[178.672s][info][gc,phases   ] GC(373)   Merge Heap Roots: 0.12ms
[178.672s][info][gc,phases   ] GC(373)   Evacuate Collection Set: 11.29ms
[178.672s][info][gc,phases   ] GC(373)   Post Evacuate Collection Set: 0.69ms
[178.672s][info][gc,phases   ] GC(373)   Other: 0.10ms
[178.672s][info][gc,heap     ] GC(373) Eden regions: 264->0(259)
[178.672s][info][gc,heap     ] GC(373) Survivor regions: 14->16(35)
[178.672s][info][gc,heap     ] GC(373) Old regions: 45->46
[178.672s][info][gc,heap     ] GC(373) Humongous regions: 207->207
[178.672s][info][gc,metaspace] GC(373) Metaspace: 56641K(57024K)->56641K(57024K) NonClass: 48353K(48640K)->48353K(48640K) Class: 8287K(8384K)->8287K(8384K)
[178.672s][info][gc          ] GC(373) Pause Young (Prepare Mixed) (G1 Evacuation Pause) 529M->268M(574M) 12.677ms
[178.672s][info][gc,cpu      ] GC(373) User=0.03s Sys=0.00s Real=0.02s
[179.211s][info][gc,start    ] GC(374) Pause Young (Mixed) (G1 Evacuation Pause)
[179.211s][info][gc,task     ] GC(374) Using 2 workers of 2 for evacuation
[179.225s][info][gc,phases   ] GC(374)   Pre Evacuate Collection Set: 0.30ms
[179.225s][info][gc,phases   ] GC(374)   Merge Heap Roots: 0.16ms
[179.225s][info][gc,phases   ] GC(374)   Evacuate Collection Set: 12.73ms
[179.225s][info][gc,phases   ] GC(374)   Post Evacuate Collection Set: 0.74ms
[179.225s][info][gc,phases   ] GC(374)   Other: 0.13ms
[179.225s][info][gc,heap     ] GC(374) Eden regions: 259->0(248)
[179.225s][info][gc,heap     ] GC(374) Survivor regions: 16->22(35)
[179.225s][info][gc,heap     ] GC(374) Old regions: 46->45
[179.225s][info][gc,heap     ] GC(374) Humongous regions: 207->207
[179.225s][info][gc,metaspace] GC(374) Metaspace: 56641K(57024K)->56641K(57024K) NonClass: 48353K(48640K)->48353K(48640K) Class: 8287K(8384K)->8287K(8384K)
[179.225s][info][gc          ] GC(374) Pause Young (Mixed) (G1 Evacuation Pause) 527M->273M(574M) 14.311ms
[179.225s][info][gc,cpu      ] GC(374) User=0.03s Sys=0.00s Real=0.02s
[179.847s][info][gc,start    ] GC(375) Pause Young (Concurrent Start) (G1 Evacuation Pause)
[179.847s][info][gc,task     ] GC(375) Using 2 workers of 2 for evacuation
[179.857s][info][gc,phases   ] GC(375)   Pre Evacuate Collection Set: 0.36ms
[179.857s][info][gc,phases   ] GC(375)   Merge Heap Roots: 0.13ms
[179.857s][info][gc,phases   ] GC(375)   Evacuate Collection Set: 8.51ms
[179.857s][info][gc,phases   ] GC(375)   Post Evacuate Collection Set: 0.71ms
[179.857s][info][gc,phases   ] GC(375)   Other: 0.16ms
[179.857s][info][gc,heap     ] GC(375) Eden regions: 248->0(259)
[179.857s][info][gc,heap     ] GC(375) Survivor regions: 22->10(34)
[179.857s][info][gc,heap     ] GC(375) Old regions: 45->58
[179.857s][info][gc,heap     ] GC(375) Humongous regions: 207->207
[179.857s][info][gc,metaspace] GC(375) Metaspace: 56641K(57024K)->56641K(57024K) NonClass: 48353K(48640K)->48353K(48640K) Class: 8287K(8384K)->8287K(8384K)
[179.857s][info][gc          ] GC(375) Pause Young (Concurrent Start) (G1 Evacuation Pause) 521M->273M(574M) 10.066ms
[179.857s][info][gc          ] GC(376) Concurrent Mark Cycle
[179.857s][info][gc,marking  ] GC(376) Concurrent Scan Root Regions
[179.858s][info][gc,cpu      ] GC(375) User=0.02s Sys=0.00s Real=0.01s
[179.865s][info][gc,marking  ] GC(376) Concurrent Scan Root Regions 7.799ms
[179.865s][info][gc,marking  ] GC(376) Concurrent Mark
[179.865s][info][gc,marking  ] GC(376) Concurrent Mark From Roots
[179.865s][info][gc,task     ] GC(376) Using 1 workers of 1 for marking
[179.926s][info][gc,marking  ] GC(376) Concurrent Mark From Roots 60.473ms
[179.926s][info][gc,marking  ] GC(376) Concurrent Preclean
[179.926s][info][gc,marking  ] GC(376) Concurrent Preclean 0.054ms
[179.926s][info][gc,start    ] GC(376) Pause Remark
[179.935s][info][gc          ] GC(376) Pause Remark 301M->301M(574M) 9.124ms
[179.935s][info][gc,cpu      ] GC(376) User=0.01s Sys=0.00s Real=0.01s
[179.935s][info][gc,marking  ] GC(376) Concurrent Mark 70.003ms
[179.935s][info][gc,marking  ] GC(376) Concurrent Rebuild Remembered Sets and Scrub Regions
[179.964s][info][gc,marking  ] GC(376) Concurrent Rebuild Remembered Sets and Scrub Regions 29.334ms
[179.964s][info][gc,start    ] GC(376) Pause Cleanup
[179.965s][info][gc          ] GC(376) Pause Cleanup 315M->315M(574M) 0.073ms
[179.965s][info][gc,cpu      ] GC(376) User=0.00s Sys=0.00s Real=0.00s
[179.965s][info][gc,marking  ] GC(376) Concurrent Clear Claimed Marks
[179.965s][info][gc,marking  ] GC(376) Concurrent Clear Claimed Marks 0.092ms
[179.965s][info][gc,marking  ] GC(376) Concurrent Cleanup for Next Mark
[179.967s][info][gc,marking  ] GC(376) Concurrent Cleanup for Next Mark 1.797ms
[179.967s][info][gc          ] GC(376) Concurrent Mark Cycle 109.365ms
[180.596s][info][gc,start    ] GC(377) Pause Young (Prepare Mixed) (G1 Evacuation Pause)
[180.596s][info][gc,task     ] GC(377) Using 2 workers of 2 for evacuation
[180.603s][info][gc,phases   ] GC(377)   Pre Evacuate Collection Set: 0.30ms
[180.603s][info][gc,phases   ] GC(377)   Merge Heap Roots: 0.14ms
[180.603s][info][gc,phases   ] GC(377)   Evacuate Collection Set: 5.86ms
[180.603s][info][gc,phases   ] GC(377)   Post Evacuate Collection Set: 0.65ms
[180.603s][info][gc,phases   ] GC(377)   Other: 0.09ms
[180.603s][info][gc,heap     ] GC(377) Eden regions: 259->0(259)
[180.603s][info][gc,heap     ] GC(377) Survivor regions: 10->10(34)
[180.603s][info][gc,heap     ] GC(377) Old regions: 58->58
[180.603s][info][gc,heap     ] GC(377) Humongous regions: 207->207
[180.603s][info][gc,metaspace] GC(377) Metaspace: 56641K(57024K)->56641K(57024K) NonClass: 48353K(48640K)->48353K(48640K) Class: 8287K(8384K)->8287K(8384K)
[180.603s][info][gc          ] GC(377) Pause Young (Prepare Mixed) (G1 Evacuation Pause) 532M->274M(574M) 7.285ms
[180.603s][info][gc,cpu      ] GC(377) User=0.02s Sys=0.00s Real=0.01s
[181.223s][info][gc,start    ] GC(378) Pause Young (Mixed) (G1 Evacuation Pause)
[181.223s][info][gc,task     ] GC(378) Using 2 workers of 2 for evacuation
[181.231s][info][gc,phases   ] GC(378)   Pre Evacuate Collection Set: 0.28ms
[181.231s][info][gc,phases   ] GC(378)   Merge Heap Roots: 0.15ms
[181.231s][info][gc,phases   ] GC(378)   Evacuate Collection Set: 6.55ms
[181.231s][info][gc,phases   ] GC(378)   Post Evacuate Collection Set: 0.78ms
[181.231s][info][gc,phases   ] GC(378)   Other: 0.08ms
[181.231s][info][gc,heap     ] GC(378) Eden regions: 259->0(260)
[181.231s][info][gc,heap     ] GC(378) Survivor regions: 10->10(34)
[181.231s][info][gc,heap     ] GC(378) Old regions: 58->57
[181.231s][info][gc,heap     ] GC(378) Humongous regions: 207->207
[181.231s][info][gc,metaspace] GC(378) Metaspace: 56641K(57024K)->56641K(57024K) NonClass: 48353K(48640K)->48353K(48640K) Class: 8287K(8384K)->8287K(8384K)
[181.231s][info][gc          ] GC(378) Pause Young (Mixed) (G1 Evacuation Pause) 533M->273M(574M) 8.056ms
[181.231s][info][gc,cpu      ] GC(378) User=0.02s Sys=0.00s Real=0.00s
[181.914s][info][gc,start    ] GC(379) Pause Young (Concurrent Start) (G1 Evacuation Pause)
[181.915s][info][gc,task     ] GC(379) Using 2 workers of 2 for evacuation
[181.922s][info][gc,phases   ] GC(379)   Pre Evacuate Collection Set: 0.31ms
[181.922s][info][gc,phases   ] GC(379)   Merge Heap Roots: 0.10ms
[181.922s][info][gc,phases   ] GC(379)   Evacuate Collection Set: 5.88ms
[181.922s][info][gc,phases   ] GC(379)   Post Evacuate Collection Set: 0.67ms
[181.922s][info][gc,phases   ] GC(379)   Other: 0.12ms
[181.922s][info][gc,heap     ] GC(379) Eden regions: 260->0(259)
[181.922s][info][gc,heap     ] GC(379) Survivor regions: 10->10(34)
[181.922s][info][gc,heap     ] GC(379) Old regions: 57->58
[181.922s][info][gc,heap     ] GC(379) Humongous regions: 207->207
[181.922s][info][gc,metaspace] GC(379) Metaspace: 56641K(57024K)->56641K(57024K) NonClass: 48353K(48640K)->48353K(48640K) Class: 8287K(8384K)->8287K(8384K)
[181.922s][info][gc          ] GC(379) Pause Young (Concurrent Start) (G1 Evacuation Pause) 533M->274M(574M) 7.302ms
[181.922s][info][gc,cpu      ] GC(379) User=0.01s Sys=0.00s Real=0.00s
[181.922s][info][gc          ] GC(380) Concurrent Mark Cycle
[181.923s][info][gc,marking  ] GC(380) Concurrent Scan Root Regions
[181.932s][info][gc,marking  ] GC(380) Concurrent Scan Root Regions 9.171ms
[181.932s][info][gc,marking  ] GC(380) Concurrent Mark
[181.932s][info][gc,marking  ] GC(380) Concurrent Mark From Roots
[181.932s][info][gc,task     ] GC(380) Using 1 workers of 1 for marking
[181.996s][info][gc,marking  ] GC(380) Concurrent Mark From Roots 63.919ms
[181.996s][info][gc,marking  ] GC(380) Concurrent Preclean
[181.996s][info][gc,marking  ] GC(380) Concurrent Preclean 0.067ms
[181.997s][info][gc,start    ] GC(380) Pause Remark
[182.006s][info][gc          ] GC(380) Pause Remark 302M->284M(574M) 9.281ms
[182.006s][info][gc,cpu      ] GC(380) User=0.02s Sys=0.00s Real=0.01s
[182.007s][info][gc,marking  ] GC(380) Concurrent Mark 74.729ms
[182.007s][info][gc,marking  ] GC(380) Concurrent Rebuild Remembered Sets and Scrub Regions
[182.024s][info][gc,marking  ] GC(380) Concurrent Rebuild Remembered Sets and Scrub Regions 17.083ms
[182.024s][info][gc,start    ] GC(380) Pause Cleanup
[182.024s][info][gc          ] GC(380) Pause Cleanup 292M->292M(574M) 0.069ms
[182.025s][info][gc,cpu      ] GC(380) User=0.00s Sys=0.00s Real=0.00s
[182.025s][info][gc,marking  ] GC(380) Concurrent Clear Claimed Marks
[182.025s][info][gc,marking  ] GC(380) Concurrent Clear Claimed Marks 0.092ms
[182.025s][info][gc,marking  ] GC(380) Concurrent Cleanup for Next Mark
[182.026s][info][gc,marking  ] GC(380) Concurrent Cleanup for Next Mark 1.782ms
[182.026s][info][gc          ] GC(380) Concurrent Mark Cycle 104.616ms
[182.608s][info][gc,start    ] GC(381) Pause Young (Prepare Mixed) (G1 Evacuation Pause)
[182.608s][info][gc,task     ] GC(381) Using 2 workers of 2 for evacuation
[182.646s][info][gc,phases   ] GC(381)   Pre Evacuate Collection Set: 5.21ms
[182.646s][info][gc,phases   ] GC(381)   Merge Heap Roots: 0.12ms
[182.646s][info][gc,phases   ] GC(381)   Evacuate Collection Set: 26.71ms
[182.646s][info][gc,phases   ] GC(381)   Post Evacuate Collection Set: 5.37ms
[182.646s][info][gc,phases   ] GC(381)   Other: 0.11ms
[182.646s][info][gc,heap     ] GC(381) Eden regions: 259->0(277)
[182.646s][info][gc,heap     ] GC(381) Survivor regions: 10->10(34)
[182.646s][info][gc,heap     ] GC(381) Old regions: 40->40
[182.646s][info][gc,heap     ] GC(381) Humongous regions: 207->207
[182.646s][info][gc,metaspace] GC(381) Metaspace: 56641K(57024K)->56641K(57024K) NonClass: 48353K(48640K)->48353K(48640K) Class: 8287K(8384K)->8287K(8384K)
[182.646s][info][gc          ] GC(381) Pause Young (Prepare Mixed) (G1 Evacuation Pause) 515M->255M(574M) 37.750ms
[182.646s][info][gc,cpu      ] GC(381) User=0.03s Sys=0.00s Real=0.04s
[183.318s][info][gc,start    ] GC(382) Pause Young (Mixed) (G1 Evacuation Pause)
[183.318s][info][gc,task     ] GC(382) Using 2 workers of 2 for evacuation
[183.325s][info][gc,phases   ] GC(382)   Pre Evacuate Collection Set: 0.28ms
[183.325s][info][gc,phases   ] GC(382)   Merge Heap Roots: 0.11ms
[183.325s][info][gc,phases   ] GC(382)   Evacuate Collection Set: 5.19ms
[183.325s][info][gc,phases   ] GC(382)   Post Evacuate Collection Set: 0.68ms
[183.325s][info][gc,phases   ] GC(382)   Other: 0.11ms
[183.325s][info][gc,heap     ] GC(382) Eden regions: 277->0(279)
[183.325s][info][gc,heap     ] GC(382) Survivor regions: 10->10(36)
[183.325s][info][gc,heap     ] GC(382) Old regions: 40->38
[183.325s][info][gc,heap     ] GC(382) Humongous regions: 207->207
[183.325s][info][gc,metaspace] GC(382) Metaspace: 56644K(57024K)->56644K(57024K) NonClass: 48356K(48640K)->48356K(48640K) Class: 8287K(8384K)->8287K(8384K)
[183.325s][info][gc          ] GC(382) Pause Young (Mixed) (G1 Evacuation Pause) 532M->253M(574M) 6.592ms
[183.325s][info][gc,cpu      ] GC(382) User=0.02s Sys=0.00s Real=0.01s
[184.038s][info][gc,start    ] GC(383) Pause Young (Concurrent Start) (G1 Evacuation Pause)
[184.038s][info][gc,task     ] GC(383) Using 2 workers of 2 for evacuation
[184.045s][info][gc,phases   ] GC(383)   Pre Evacuate Collection Set: 0.32ms
[184.045s][info][gc,phases   ] GC(383)   Merge Heap Roots: 0.11ms
[184.045s][info][gc,phases   ] GC(383)   Evacuate Collection Set: 5.46ms
[184.045s][info][gc,phases   ] GC(383)   Post Evacuate Collection Set: 0.63ms
[184.045s][info][gc,phases   ] GC(383)   Other: 0.13ms
[184.045s][info][gc,heap     ] GC(383) Eden regions: 279->0(279)
[184.045s][info][gc,heap     ] GC(383) Survivor regions: 10->10(37)
[184.045s][info][gc,heap     ] GC(383) Old regions: 38->38
[184.045s][info][gc,heap     ] GC(383) Humongous regions: 207->207
[184.045s][info][gc,metaspace] GC(383) Metaspace: 56644K(57024K)->56644K(57024K) NonClass: 48356K(48640K)->48356K(48640K) Class: 8287K(8384K)->8287K(8384K)
[184.045s][info][gc          ] GC(383) Pause Young (Concurrent Start) (G1 Evacuation Pause) 532M->254M(574M) 6.864ms
[184.045s][info][gc          ] GC(384) Concurrent Mark Cycle
[184.045s][info][gc,marking  ] GC(384) Concurrent Scan Root Regions
[184.046s][info][gc,cpu      ] GC(383) User=0.02s Sys=0.00s Real=0.01s
[184.052s][info][gc,marking  ] GC(384) Concurrent Scan Root Regions 6.583ms
[184.052s][info][gc,marking  ] GC(384) Concurrent Mark
[184.052s][info][gc,marking  ] GC(384) Concurrent Mark From Roots
[184.052s][info][gc,task     ] GC(384) Using 1 workers of 1 for marking
[184.099s][info][gc,marking  ] GC(384) Concurrent Mark From Roots 46.574ms
[184.099s][info][gc,marking  ] GC(384) Concurrent Preclean
[184.099s][info][gc,marking  ] GC(384) Concurrent Preclean 0.071ms
[184.099s][info][gc,start    ] GC(384) Pause Remark
[184.108s][info][gc          ] GC(384) Pause Remark 267M->267M(574M) 9.265ms
[184.109s][info][gc,cpu      ] GC(384) User=0.02s Sys=0.00s Real=0.01s
[184.109s][info][gc,marking  ] GC(384) Concurrent Mark 56.684ms
[184.109s][info][gc,marking  ] GC(384) Concurrent Rebuild Remembered Sets and Scrub Regions
[184.141s][info][gc,marking  ] GC(384) Concurrent Rebuild Remembered Sets and Scrub Regions 32.141ms
[184.141s][info][gc,start    ] GC(384) Pause Cleanup
[184.141s][info][gc          ] GC(384) Pause Cleanup 285M->285M(574M) 0.098ms
[184.141s][info][gc,cpu      ] GC(384) User=0.00s Sys=0.00s Real=0.00s
[184.141s][info][gc,marking  ] GC(384) Concurrent Clear Claimed Marks
[184.142s][info][gc,marking  ] GC(384) Concurrent Clear Claimed Marks 0.104ms
[184.142s][info][gc,marking  ] GC(384) Concurrent Cleanup for Next Mark
[184.145s][info][gc,marking  ] GC(384) Concurrent Cleanup for Next Mark 3.331ms
[184.145s][info][gc          ] GC(384) Concurrent Mark Cycle 99.680ms
[184.806s][info][gc,start    ] GC(385) Pause Young (Prepare Mixed) (G1 Evacuation Pause)
[184.806s][info][gc,task     ] GC(385) Using 2 workers of 2 for evacuation
[184.812s][info][gc,phases   ] GC(385)   Pre Evacuate Collection Set: 0.27ms
[184.812s][info][gc,phases   ] GC(385)   Merge Heap Roots: 0.11ms
[184.812s][info][gc,phases   ] GC(385)   Evacuate Collection Set: 4.33ms
[184.812s][info][gc,phases   ] GC(385)   Post Evacuate Collection Set: 0.64ms
[184.812s][info][gc,phases   ] GC(385)   Other: 0.08ms
[184.812s][info][gc,heap     ] GC(385) Eden regions: 279->0(279)
[184.812s][info][gc,heap     ] GC(385) Survivor regions: 10->10(37)
[184.812s][info][gc,heap     ] GC(385) Old regions: 38->38
[184.812s][info][gc,heap     ] GC(385) Humongous regions: 207->207
[184.812s][info][gc,metaspace] GC(385) Metaspace: 56644K(57024K)->56644K(57024K) NonClass: 48356K(48640K)->48356K(48640K) Class: 8287K(8384K)->8287K(8384K)
[184.812s][info][gc          ] GC(385) Pause Young (Prepare Mixed) (G1 Evacuation Pause) 533M->253M(574M) 5.637ms
[184.812s][info][gc,cpu      ] GC(385) User=0.01s Sys=0.00s Real=0.00s
[185.523s][info][gc,start    ] GC(386) Pause Young (Mixed) (G1 Evacuation Pause)
[185.523s][info][gc,task     ] GC(386) Using 2 workers of 2 for evacuation
[185.530s][info][gc,phases   ] GC(386)   Pre Evacuate Collection Set: 0.26ms
[185.530s][info][gc,phases   ] GC(386)   Merge Heap Roots: 0.09ms
[185.530s][info][gc,phases   ] GC(386)   Evacuate Collection Set: 5.92ms
[185.530s][info][gc,phases   ] GC(386)   Post Evacuate Collection Set: 0.64ms
[185.530s][info][gc,phases   ] GC(386)   Other: 0.08ms
[185.530s][info][gc,heap     ] GC(386) Eden regions: 279->0(281)
[185.530s][info][gc,heap     ] GC(386) Survivor regions: 10->10(37)
[185.530s][info][gc,heap     ] GC(386) Old regions: 38->36
[185.530s][info][gc,heap     ] GC(386) Humongous regions: 207->207
[185.530s][info][gc,metaspace] GC(386) Metaspace: 56644K(57024K)->56644K(57024K) NonClass: 48356K(48640K)->48356K(48640K) Class: 8287K(8384K)->8287K(8384K)
[185.530s][info][gc          ] GC(386) Pause Young (Mixed) (G1 Evacuation Pause) 532M->252M(574M) 7.183ms
[185.530s][info][gc,cpu      ] GC(386) User=0.01s Sys=0.00s Real=0.00s
[186.239s][info][gc,start    ] GC(387) Pause Young (Concurrent Start) (G1 Evacuation Pause)
[186.239s][info][gc,task     ] GC(387) Using 2 workers of 2 for evacuation
[186.244s][info][gc,phases   ] GC(387)   Pre Evacuate Collection Set: 0.29ms
[186.244s][info][gc,phases   ] GC(387)   Merge Heap Roots: 0.11ms
[186.244s][info][gc,phases   ] GC(387)   Evacuate Collection Set: 3.69ms
[186.244s][info][gc,phases   ] GC(387)   Post Evacuate Collection Set: 0.62ms
[186.244s][info][gc,phases   ] GC(387)   Other: 0.14ms
[186.244s][info][gc,heap     ] GC(387) Eden regions: 281->0(283)
[186.244s][info][gc,heap     ] GC(387) Survivor regions: 10->9(37)
[186.244s][info][gc,heap     ] GC(387) Old regions: 36->36
[186.244s][info][gc,heap     ] GC(387) Humongous regions: 207->207
[186.244s][info][gc,metaspace] GC(387) Metaspace: 56644K(57024K)->56644K(57024K) NonClass: 48356K(48640K)->48356K(48640K) Class: 8287K(8384K)->8287K(8384K)
[186.244s][info][gc          ] GC(387) Pause Young (Concurrent Start) (G1 Evacuation Pause) 533M->250M(574M) 5.047ms
[186.244s][info][gc,cpu      ] GC(387) User=0.01s Sys=0.00s Real=0.01s
[186.244s][info][gc          ] GC(388) Concurrent Mark Cycle
[186.244s][info][gc,marking  ] GC(388) Concurrent Scan Root Regions
[186.247s][info][gc,marking  ] GC(388) Concurrent Scan Root Regions 3.047ms
[186.247s][info][gc,marking  ] GC(388) Concurrent Mark
[186.247s][info][gc,marking  ] GC(388) Concurrent Mark From Roots
[186.247s][info][gc,task     ] GC(388) Using 1 workers of 1 for marking
[186.289s][info][gc,marking  ] GC(388) Concurrent Mark From Roots 41.505ms
[186.289s][info][gc,marking  ] GC(388) Concurrent Preclean
[186.289s][info][gc,marking  ] GC(388) Concurrent Preclean 0.064ms
[186.289s][info][gc,start    ] GC(388) Pause Remark
[186.298s][info][gc          ] GC(388) Pause Remark 253M->253M(574M) 9.401ms
[186.298s][info][gc,cpu      ] GC(388) User=0.02s Sys=0.00s Real=0.01s
[186.299s][info][gc,marking  ] GC(388) Concurrent Mark 51.540ms
[186.299s][info][gc,marking  ] GC(388) Concurrent Rebuild Remembered Sets and Scrub Regions
[186.337s][info][gc,marking  ] GC(388) Concurrent Rebuild Remembered Sets and Scrub Regions 37.932ms
[186.337s][info][gc,start    ] GC(388) Pause Cleanup
[186.337s][info][gc          ] GC(388) Pause Cleanup 275M->275M(574M) 0.072ms
[186.337s][info][gc,cpu      ] GC(388) User=0.00s Sys=0.00s Real=0.00s
[186.337s][info][gc,marking  ] GC(388) Concurrent Clear Claimed Marks
[186.337s][info][gc,marking  ] GC(388) Concurrent Clear Claimed Marks 0.104ms
[186.337s][info][gc,marking  ] GC(388) Concurrent Cleanup for Next Mark
[186.339s][info][gc,marking  ] GC(388) Concurrent Cleanup for Next Mark 1.764ms
[186.339s][info][gc          ] GC(388) Concurrent Mark Cycle 95.484ms
[187.018s][info][gc,start    ] GC(389) Pause Young (Prepare Mixed) (G1 Evacuation Pause)
[187.018s][info][gc,task     ] GC(389) Using 2 workers of 2 for evacuation
[187.025s][info][gc,phases   ] GC(389)   Pre Evacuate Collection Set: 0.28ms
[187.025s][info][gc,phases   ] GC(389)   Merge Heap Roots: 0.12ms
[187.025s][info][gc,phases   ] GC(389)   Evacuate Collection Set: 5.81ms
[187.025s][info][gc,phases   ] GC(389)   Post Evacuate Collection Set: 0.68ms
[187.025s][info][gc,phases   ] GC(389)   Other: 0.09ms
[187.025s][info][gc,heap     ] GC(389) Eden regions: 283->0(281)
[187.025s][info][gc,heap     ] GC(389) Survivor regions: 9->10(37)
[187.025s][info][gc,heap     ] GC(389) Old regions: 36->36
[187.025s][info][gc,heap     ] GC(389) Humongous regions: 207->207
[187.025s][info][gc,metaspace] GC(389) Metaspace: 56644K(57024K)->56644K(57024K) NonClass: 48356K(48640K)->48356K(48640K) Class: 8287K(8384K)->8287K(8384K)
[187.025s][info][gc          ] GC(389) Pause Young (Prepare Mixed) (G1 Evacuation Pause) 533M->252M(574M) 7.186ms
[187.025s][info][gc,cpu      ] GC(389) User=0.01s Sys=0.00s Real=0.01s
[187.738s][info][gc,start    ] GC(390) Pause Young (Mixed) (G1 Evacuation Pause)
[187.738s][info][gc,task     ] GC(390) Using 2 workers of 2 for evacuation
[187.748s][info][gc,phases   ] GC(390)   Pre Evacuate Collection Set: 0.31ms
[187.748s][info][gc,phases   ] GC(390)   Merge Heap Roots: 0.14ms
[187.748s][info][gc,phases   ] GC(390)   Evacuate Collection Set: 9.08ms
[187.748s][info][gc,phases   ] GC(390)   Post Evacuate Collection Set: 0.76ms
[187.748s][info][gc,phases   ] GC(390)   Other: 0.10ms
[187.748s][info][gc,heap     ] GC(390) Eden regions: 281->0(280)
[187.748s][info][gc,heap     ] GC(390) Survivor regions: 10->11(37)
[187.748s][info][gc,heap     ] GC(390) Old regions: 36->35
[187.748s][info][gc,heap     ] GC(390) Humongous regions: 207->207
[187.748s][info][gc,metaspace] GC(390) Metaspace: 56644K(57024K)->56644K(57024K) NonClass: 48356K(48640K)->48356K(48640K) Class: 8287K(8384K)->8287K(8384K)
[187.749s][info][gc          ] GC(390) Pause Young (Mixed) (G1 Evacuation Pause) 533M->251M(574M) 10.565ms
[187.749s][info][gc,cpu      ] GC(390) User=0.02s Sys=0.00s Real=0.01s
[188.494s][info][gc,start    ] GC(391) Pause Young (Concurrent Start) (G1 Evacuation Pause)
[188.494s][info][gc,task     ] GC(391) Using 2 workers of 2 for evacuation
[188.499s][info][gc,phases   ] GC(391)   Pre Evacuate Collection Set: 0.29ms
[188.499s][info][gc,phases   ] GC(391)   Merge Heap Roots: 0.10ms
[188.499s][info][gc,phases   ] GC(391)   Evacuate Collection Set: 3.62ms
[188.499s][info][gc,phases   ] GC(391)   Post Evacuate Collection Set: 0.67ms
[188.499s][info][gc,phases   ] GC(391)   Other: 0.10ms
[188.499s][info][gc,heap     ] GC(391) Eden regions: 280->0(284)
[188.499s][info][gc,heap     ] GC(391) Survivor regions: 11->9(37)
[188.499s][info][gc,heap     ] GC(391) Old regions: 35->35
[188.499s][info][gc,heap     ] GC(391) Humongous regions: 207->207
[188.499s][info][gc,metaspace] GC(391) Metaspace: 56649K(57024K)->56649K(57024K) NonClass: 48361K(48640K)->48361K(48640K) Class: 8287K(8384K)->8287K(8384K)
[188.499s][info][gc          ] GC(391) Pause Young (Concurrent Start) (G1 Evacuation Pause) 531M->250M(574M) 4.999ms
[188.499s][info][gc          ] GC(392) Concurrent Mark Cycle
[188.499s][info][gc,marking  ] GC(392) Concurrent Scan Root Regions
[188.501s][info][gc,cpu      ] GC(391) User=0.01s Sys=0.00s Real=0.00s
[188.503s][info][gc,marking  ] GC(392) Concurrent Scan Root Regions 3.871ms
[188.503s][info][gc,marking  ] GC(392) Concurrent Mark
[188.503s][info][gc,marking  ] GC(392) Concurrent Mark From Roots
[188.503s][info][gc,task     ] GC(392) Using 1 workers of 1 for marking
[188.576s][info][gc,marking  ] GC(392) Concurrent Mark From Roots 72.743ms
[188.576s][info][gc,marking  ] GC(392) Concurrent Preclean
[188.576s][info][gc,marking  ] GC(392) Concurrent Preclean 0.076ms
[188.576s][info][gc,start    ] GC(392) Pause Remark
[188.586s][info][gc          ] GC(392) Pause Remark 285M->285M(574M) 9.724ms
[188.586s][info][gc,cpu      ] GC(392) User=0.02s Sys=0.00s Real=0.01s
[188.587s][info][gc,marking  ] GC(392) Concurrent Mark 83.148ms
[188.587s][info][gc,marking  ] GC(392) Concurrent Rebuild Remembered Sets and Scrub Regions
[188.611s][info][gc,marking  ] GC(392) Concurrent Rebuild Remembered Sets and Scrub Regions 24.039ms
[188.611s][info][gc,start    ] GC(392) Pause Cleanup
[188.611s][info][gc          ] GC(392) Pause Cleanup 293M->293M(574M) 0.069ms
[188.611s][info][gc,cpu      ] GC(392) User=0.00s Sys=0.00s Real=0.00s
[188.611s][info][gc,marking  ] GC(392) Concurrent Clear Claimed Marks
[188.611s][info][gc,marking  ] GC(392) Concurrent Clear Claimed Marks 0.093ms
[188.611s][info][gc,marking  ] GC(392) Concurrent Cleanup for Next Mark
[188.613s][info][gc,marking  ] GC(392) Concurrent Cleanup for Next Mark 1.741ms
[188.613s][info][gc          ] GC(392) Concurrent Mark Cycle 113.216ms
[189.230s][info][gc,start    ] GC(393) Pause Young (Prepare Mixed) (G1 Evacuation Pause)
[189.230s][info][gc,task     ] GC(393) Using 2 workers of 2 for evacuation
[189.237s][info][gc,phases   ] GC(393)   Pre Evacuate Collection Set: 0.28ms
[189.237s][info][gc,phases   ] GC(393)   Merge Heap Roots: 0.13ms
[189.237s][info][gc,phases   ] GC(393)   Evacuate Collection Set: 6.39ms
[189.237s][info][gc,phases   ] GC(393)   Post Evacuate Collection Set: 0.67ms
[189.237s][info][gc,phases   ] GC(393)   Other: 0.09ms
[189.237s][info][gc,heap     ] GC(393) Eden regions: 284->0(282)
[189.237s][info][gc,heap     ] GC(393) Survivor regions: 9->10(37)
[189.237s][info][gc,heap     ] GC(393) Old regions: 35->35
[189.237s][info][gc,heap     ] GC(393) Humongous regions: 207->207
[189.237s][info][gc,metaspace] GC(393) Metaspace: 56649K(57024K)->56649K(57024K) NonClass: 48361K(48640K)->48361K(48640K) Class: 8287K(8384K)->8287K(8384K)
[189.237s][info][gc          ] GC(393) Pause Young (Prepare Mixed) (G1 Evacuation Pause) 534M->251M(574M) 7.776ms
[189.237s][info][gc,cpu      ] GC(393) User=0.01s Sys=0.00s Real=0.01s
[189.993s][info][gc,start    ] GC(394) Pause Young (Mixed) (G1 Evacuation Pause)
[189.993s][info][gc,task     ] GC(394) Using 2 workers of 2 for evacuation
[190.001s][info][gc,phases   ] GC(394)   Pre Evacuate Collection Set: 0.27ms
[190.001s][info][gc,phases   ] GC(394)   Merge Heap Roots: 0.14ms
[190.001s][info][gc,phases   ] GC(394)   Evacuate Collection Set: 6.21ms
[190.001s][info][gc,phases   ] GC(394)   Post Evacuate Collection Set: 0.68ms
[190.001s][info][gc,phases   ] GC(394)   Other: 0.08ms
[190.001s][info][gc,heap     ] GC(394) Eden regions: 282->0(293)
[190.001s][info][gc,heap     ] GC(394) Survivor regions: 10->1(37)
[190.001s][info][gc,heap     ] GC(394) Old regions: 35->42
[190.001s][info][gc,heap     ] GC(394) Humongous regions: 207->207
[190.001s][info][gc,metaspace] GC(394) Metaspace: 56649K(57024K)->56649K(57024K) NonClass: 48361K(48640K)->48361K(48640K) Class: 8287K(8384K)->8287K(8384K)
[190.001s][info][gc          ] GC(394) Pause Young (Mixed) (G1 Evacuation Pause) 533M->249M(574M) 7.624ms
[190.001s][info][gc,cpu      ] GC(394) User=0.01s Sys=0.00s Real=0.00s
[190.736s][info][gc,start    ] GC(395) Pause Young (Concurrent Start) (G1 Evacuation Pause)
[190.736s][info][gc,task     ] GC(395) Using 2 workers of 2 for evacuation
[190.742s][info][gc,phases   ] GC(395)   Pre Evacuate Collection Set: 0.26ms
[190.742s][info][gc,phases   ] GC(395)   Merge Heap Roots: 0.13ms
[190.742s][info][gc,phases   ] GC(395)   Evacuate Collection Set: 4.51ms
[190.742s][info][gc,phases   ] GC(395)   Post Evacuate Collection Set: 0.64ms
[190.742s][info][gc,phases   ] GC(395)   Other: 0.17ms
[190.742s][info][gc,heap     ] GC(395) Eden regions: 293->0(291)
[190.742s][info][gc,heap     ] GC(395) Survivor regions: 1->2(37)
[190.742s][info][gc,heap     ] GC(395) Old regions: 42->42
[190.742s][info][gc,heap     ] GC(395) Humongous regions: 207->207
[190.742s][info][gc,metaspace] GC(395) Metaspace: 56649K(57024K)->56649K(57024K) NonClass: 48361K(48640K)->48361K(48640K) Class: 8287K(8384K)->8287K(8384K)
[190.742s][info][gc          ] GC(395) Pause Young (Concurrent Start) (G1 Evacuation Pause) 542M->250M(574M) 5.909ms
[190.742s][info][gc          ] GC(396) Concurrent Mark Cycle
[190.742s][info][gc,marking  ] GC(396) Concurrent Scan Root Regions
[190.744s][info][gc,cpu      ] GC(395) User=0.02s Sys=0.00s Real=0.01s
[190.745s][info][gc,marking  ] GC(396) Concurrent Scan Root Regions 3.291ms
[190.745s][info][gc,marking  ] GC(396) Concurrent Mark
[190.745s][info][gc,marking  ] GC(396) Concurrent Mark From Roots
[190.745s][info][gc,task     ] GC(396) Using 1 workers of 1 for marking
[190.799s][info][gc,marking  ] GC(396) Concurrent Mark From Roots 53.560ms
[190.799s][info][gc,marking  ] GC(396) Concurrent Preclean
[190.799s][info][gc,marking  ] GC(396) Concurrent Preclean 0.075ms
[190.799s][info][gc,start    ] GC(396) Pause Remark
[190.809s][info][gc          ] GC(396) Pause Remark 264M->264M(574M) 9.822ms
[190.809s][info][gc,cpu      ] GC(396) User=0.02s Sys=0.00s Real=0.01s
[190.810s][info][gc,marking  ] GC(396) Concurrent Mark 65.071ms
[190.810s][info][gc,marking  ] GC(396) Concurrent Rebuild Remembered Sets and Scrub Regions
[190.853s][info][gc,marking  ] GC(396) Concurrent Rebuild Remembered Sets and Scrub Regions 43.071ms
[190.854s][info][gc,start    ] GC(396) Pause Cleanup
[190.854s][info][gc          ] GC(396) Pause Cleanup 287M->287M(574M) 0.089ms
[190.854s][info][gc,cpu      ] GC(396) User=0.00s Sys=0.00s Real=0.00s
[190.856s][info][gc,marking  ] GC(396) Concurrent Clear Claimed Marks
[190.856s][info][gc,marking  ] GC(396) Concurrent Clear Claimed Marks 0.115ms
[190.856s][info][gc,marking  ] GC(396) Concurrent Cleanup for Next Mark
[190.859s][info][gc,marking  ] GC(396) Concurrent Cleanup for Next Mark 2.798ms
[190.859s][info][gc          ] GC(396) Concurrent Mark Cycle 117.125ms
[191.518s][info][gc,start    ] GC(397) Pause Young (Prepare Mixed) (G1 Evacuation Pause)
[191.518s][info][gc,task     ] GC(397) Using 2 workers of 2 for evacuation
[191.522s][info][gc,phases   ] GC(397)   Pre Evacuate Collection Set: 0.28ms
[191.522s][info][gc,phases   ] GC(397)   Merge Heap Roots: 0.12ms
[191.522s][info][gc,phases   ] GC(397)   Evacuate Collection Set: 3.08ms
[191.522s][info][gc,phases   ] GC(397)   Post Evacuate Collection Set: 0.68ms
[191.522s][info][gc,phases   ] GC(397)   Other: 0.11ms
[191.522s][info][gc,heap     ] GC(397) Eden regions: 291->0(291)
[191.522s][info][gc,heap     ] GC(397) Survivor regions: 2->2(37)
[191.522s][info][gc,heap     ] GC(397) Old regions: 42->42
[191.522s][info][gc,heap     ] GC(397) Humongous regions: 207->207
[191.522s][info][gc,metaspace] GC(397) Metaspace: 56649K(57024K)->56649K(57024K) NonClass: 48361K(48640K)->48361K(48640K) Class: 8287K(8384K)->8287K(8384K)
[191.523s][info][gc          ] GC(397) Pause Young (Prepare Mixed) (G1 Evacuation Pause) 541M->250M(574M) 4.468ms
[191.523s][info][gc,cpu      ] GC(397) User=0.01s Sys=0.00s Real=0.01s
[192.293s][info][gc,start    ] GC(398) Pause Young (Mixed) (G1 Evacuation Pause)
[192.293s][info][gc,task     ] GC(398) Using 2 workers of 2 for evacuation
[192.300s][info][gc,phases   ] GC(398)   Pre Evacuate Collection Set: 0.28ms
[192.300s][info][gc,phases   ] GC(398)   Merge Heap Roots: 0.15ms
[192.300s][info][gc,phases   ] GC(398)   Evacuate Collection Set: 5.79ms
[192.300s][info][gc,phases   ] GC(398)   Post Evacuate Collection Set: 0.73ms
[192.300s][info][gc,phases   ] GC(398)   Other: 0.09ms
[192.300s][info][gc,heap     ] GC(398) Eden regions: 291->0(293)
[192.300s][info][gc,heap     ] GC(398) Survivor regions: 2->1(37)
[192.300s][info][gc,heap     ] GC(398) Old regions: 42->42
[192.300s][info][gc,heap     ] GC(398) Humongous regions: 207->207
[192.300s][info][gc,metaspace] GC(398) Metaspace: 56649K(57024K)->56649K(57024K) NonClass: 48361K(48640K)->48361K(48640K) Class: 8287K(8384K)->8287K(8384K)
[192.301s][info][gc          ] GC(398) Pause Young (Mixed) (G1 Evacuation Pause) 541M->248M(574M) 7.239ms
[192.301s][info][gc,cpu      ] GC(398) User=0.01s Sys=0.00s Real=0.00s
[193.032s][info][gc,start    ] GC(399) Pause Young (Concurrent Start) (G1 Evacuation Pause)
[193.032s][info][gc,task     ] GC(399) Using 2 workers of 2 for evacuation
[193.038s][info][gc,phases   ] GC(399)   Pre Evacuate Collection Set: 0.31ms
[193.038s][info][gc,phases   ] GC(399)   Merge Heap Roots: 0.10ms
[193.038s][info][gc,phases   ] GC(399)   Evacuate Collection Set: 4.33ms
[193.038s][info][gc,phases   ] GC(399)   Post Evacuate Collection Set: 0.61ms
[193.038s][info][gc,phases   ] GC(399)   Other: 0.11ms
[193.038s][info][gc,heap     ] GC(399) Eden regions: 293->0(289)
[193.038s][info][gc,heap     ] GC(399) Survivor regions: 1->3(37)
[193.038s][info][gc,heap     ] GC(399) Old regions: 42->42
[193.038s][info][gc,heap     ] GC(399) Humongous regions: 207->207
[193.038s][info][gc,metaspace] GC(399) Metaspace: 56649K(57024K)->56649K(57024K) NonClass: 48361K(48640K)->48361K(48640K) Class: 8287K(8384K)->8287K(8384K)
[193.038s][info][gc          ] GC(399) Pause Young (Concurrent Start) (G1 Evacuation Pause) 541M->251M(574M) 5.660ms
[193.038s][info][gc,cpu      ] GC(399) User=0.01s Sys=0.01s Real=0.00s
[193.038s][info][gc          ] GC(400) Concurrent Mark Cycle
[193.039s][info][gc,marking  ] GC(400) Concurrent Scan Root Regions
[193.042s][info][gc,marking  ] GC(400) Concurrent Scan Root Regions 3.009ms
[193.042s][info][gc,marking  ] GC(400) Concurrent Mark
[193.042s][info][gc,marking  ] GC(400) Concurrent Mark From Roots
[193.042s][info][gc,task     ] GC(400) Using 1 workers of 1 for marking
[193.096s][info][gc,marking  ] GC(400) Concurrent Mark From Roots 54.597ms
[193.096s][info][gc,marking  ] GC(400) Concurrent Preclean
[193.096s][info][gc,marking  ] GC(400) Concurrent Preclean 0.074ms
[193.097s][info][gc,start    ] GC(400) Pause Remark
[193.106s][info][gc          ] GC(400) Pause Remark 263M->263M(574M) 9.700ms
[193.106s][info][gc,cpu      ] GC(400) User=0.02s Sys=0.00s Real=0.01s
[193.108s][info][gc,marking  ] GC(400) Concurrent Mark 65.956ms
[193.108s][info][gc,marking  ] GC(400) Concurrent Rebuild Remembered Sets and Scrub Regions
[193.141s][info][gc,marking  ] GC(400) Concurrent Rebuild Remembered Sets and Scrub Regions 33.065ms
[193.141s][info][gc,start    ] GC(400) Pause Cleanup
[193.141s][info][gc          ] GC(400) Pause Cleanup 283M->283M(574M) 0.091ms
[193.141s][info][gc,cpu      ] GC(400) User=0.00s Sys=0.00s Real=0.00s
[193.142s][info][gc,marking  ] GC(400) Concurrent Clear Claimed Marks
[193.142s][info][gc,marking  ] GC(400) Concurrent Clear Claimed Marks 0.297ms
[193.142s][info][gc,marking  ] GC(400) Concurrent Cleanup for Next Mark
[193.146s][info][gc,marking  ] GC(400) Concurrent Cleanup for Next Mark 3.700ms
[193.146s][info][gc          ] GC(400) Concurrent Mark Cycle 108.176ms
[193.810s][info][gc,start    ] GC(401) Pause Young (Prepare Mixed) (G1 Evacuation Pause)
[193.810s][info][gc,task     ] GC(401) Using 2 workers of 2 for evacuation
[193.815s][info][gc,phases   ] GC(401)   Pre Evacuate Collection Set: 0.28ms
[193.815s][info][gc,phases   ] GC(401)   Merge Heap Roots: 0.13ms
[193.815s][info][gc,phases   ] GC(401)   Evacuate Collection Set: 4.05ms
[193.815s][info][gc,phases   ] GC(401)   Post Evacuate Collection Set: 0.67ms
[193.815s][info][gc,phases   ] GC(401)   Other: 0.12ms
[193.815s][info][gc,heap     ] GC(401) Eden regions: 289->0(291)
[193.815s][info][gc,heap     ] GC(401) Survivor regions: 3->2(37)
[193.815s][info][gc,heap     ] GC(401) Old regions: 42->42
[193.815s][info][gc,heap     ] GC(401) Humongous regions: 207->207
[193.815s][info][gc,metaspace] GC(401) Metaspace: 56649K(57024K)->56649K(57024K) NonClass: 48361K(48640K)->48361K(48640K) Class: 8287K(8384K)->8287K(8384K)
[193.815s][info][gc          ] GC(401) Pause Young (Prepare Mixed) (G1 Evacuation Pause) 540M->250M(574M) 5.469ms
[193.815s][info][gc,cpu      ] GC(401) User=0.01s Sys=0.00s Real=0.01s
[194.731s][info][gc,start    ] GC(402) Pause Young (Mixed) (G1 Evacuation Pause)
[194.731s][info][gc,task     ] GC(402) Using 2 workers of 2 for evacuation
[194.736s][info][gc,phases   ] GC(402)   Pre Evacuate Collection Set: 0.28ms
[194.736s][info][gc,phases   ] GC(402)   Merge Heap Roots: 0.11ms
[194.736s][info][gc,phases   ] GC(402)   Evacuate Collection Set: 3.37ms
[194.736s][info][gc,phases   ] GC(402)   Post Evacuate Collection Set: 0.68ms
[194.736s][info][gc,phases   ] GC(402)   Other: 0.11ms
[194.736s][info][gc,heap     ] GC(402) Eden regions: 291->0(291)
[194.736s][info][gc,heap     ] GC(402) Survivor regions: 2->2(37)
[194.736s][info][gc,heap     ] GC(402) Old regions: 42->42
[194.736s][info][gc,heap     ] GC(402) Humongous regions: 207->207
[194.736s][info][gc,metaspace] GC(402) Metaspace: 56649K(57024K)->56649K(57024K) NonClass: 48361K(48640K)->48361K(48640K) Class: 8287K(8384K)->8287K(8384K)
[194.736s][info][gc          ] GC(402) Pause Young (Mixed) (G1 Evacuation Pause) 541M->249M(574M) 4.775ms
[194.736s][info][gc,cpu      ] GC(402) User=0.01s Sys=0.00s Real=0.01s
[195.439s][info][gc,start    ] GC(403) Pause Young (Concurrent Start) (G1 Evacuation Pause)
[195.439s][info][gc,task     ] GC(403) Using 2 workers of 2 for evacuation
[195.446s][info][gc,phases   ] GC(403)   Pre Evacuate Collection Set: 0.33ms
[195.446s][info][gc,phases   ] GC(403)   Merge Heap Roots: 0.11ms
[195.446s][info][gc,phases   ] GC(403)   Evacuate Collection Set: 5.53ms
[195.446s][info][gc,phases   ] GC(403)   Post Evacuate Collection Set: 0.67ms
[195.446s][info][gc,phases   ] GC(403)   Other: 0.14ms
[195.446s][info][gc,heap     ] GC(403) Eden regions: 291->0(289)
[195.446s][info][gc,heap     ] GC(403) Survivor regions: 2->3(37)
[195.446s][info][gc,heap     ] GC(403) Old regions: 42->42
[195.446s][info][gc,heap     ] GC(403) Humongous regions: 207->207
[195.446s][info][gc,metaspace] GC(403) Metaspace: 56649K(57024K)->56649K(57024K) NonClass: 48361K(48640K)->48361K(48640K) Class: 8287K(8384K)->8287K(8384K)
[195.446s][info][gc          ] GC(403) Pause Young (Concurrent Start) (G1 Evacuation Pause) 540M->250M(574M) 6.973ms
[195.446s][info][gc          ] GC(404) Concurrent Mark Cycle
[195.446s][info][gc,marking  ] GC(404) Concurrent Scan Root Regions
[195.448s][info][gc,cpu      ] GC(403) User=0.02s Sys=0.00s Real=0.01s
[195.450s][info][gc,marking  ] GC(404) Concurrent Scan Root Regions 4.418ms
[195.450s][info][gc,marking  ] GC(404) Concurrent Mark
[195.450s][info][gc,marking  ] GC(404) Concurrent Mark From Roots
[195.450s][info][gc,task     ] GC(404) Using 1 workers of 1 for marking
[195.518s][info][gc,marking  ] GC(404) Concurrent Mark From Roots 67.722ms
[195.518s][info][gc,marking  ] GC(404) Concurrent Preclean
[195.518s][info][gc,marking  ] GC(404) Concurrent Preclean 0.077ms
[195.518s][info][gc,start    ] GC(404) Pause Remark
[195.528s][info][gc          ] GC(404) Pause Remark 275M->275M(574M) 9.530ms
[195.528s][info][gc,cpu      ] GC(404) User=0.01s Sys=0.00s Real=0.01s
[195.528s][info][gc,marking  ] GC(404) Concurrent Mark 77.974ms
[195.528s][info][gc,marking  ] GC(404) Concurrent Rebuild Remembered Sets and Scrub Regions
[195.563s][info][gc,marking  ] GC(404) Concurrent Rebuild Remembered Sets and Scrub Regions 34.446ms
[195.563s][info][gc,start    ] GC(404) Pause Cleanup
[195.563s][info][gc          ] GC(404) Pause Cleanup 292M->292M(574M) 0.075ms
[195.563s][info][gc,cpu      ] GC(404) User=0.00s Sys=0.00s Real=0.00s
[195.563s][info][gc,marking  ] GC(404) Concurrent Clear Claimed Marks
[195.563s][info][gc,marking  ] GC(404) Concurrent Clear Claimed Marks 0.094ms
[195.563s][info][gc,marking  ] GC(404) Concurrent Cleanup for Next Mark
[195.565s][info][gc,marking  ] GC(404) Concurrent Cleanup for Next Mark 1.925ms
[195.565s][info][gc          ] GC(404) Concurrent Mark Cycle 119.250ms
[196.211s][info][gc,start    ] GC(405) Pause Young (Prepare Mixed) (G1 Evacuation Pause)
[196.211s][info][gc,task     ] GC(405) Using 2 workers of 2 for evacuation
[196.216s][info][gc,phases   ] GC(405)   Pre Evacuate Collection Set: 0.27ms
[196.217s][info][gc,phases   ] GC(405)   Merge Heap Roots: 0.14ms
[196.217s][info][gc,phases   ] GC(405)   Evacuate Collection Set: 4.05ms
[196.217s][info][gc,phases   ] GC(405)   Post Evacuate Collection Set: 0.60ms
[196.217s][info][gc,phases   ] GC(405)   Other: 0.08ms
[196.217s][info][gc,heap     ] GC(405) Eden regions: 289->0(289)
[196.217s][info][gc,heap     ] GC(405) Survivor regions: 3->3(37)
[196.217s][info][gc,heap     ] GC(405) Old regions: 42->42
[196.217s][info][gc,heap     ] GC(405) Humongous regions: 207->207
[196.217s][info][gc,metaspace] GC(405) Metaspace: 56649K(57024K)->56649K(57024K) NonClass: 48361K(48640K)->48361K(48640K) Class: 8287K(8384K)->8287K(8384K)
[196.217s][info][gc          ] GC(405) Pause Young (Prepare Mixed) (G1 Evacuation Pause) 539M->250M(574M) 5.329ms
[196.217s][info][gc,cpu      ] GC(405) User=0.01s Sys=0.00s Real=0.01s
[196.937s][info][gc,start    ] GC(406) Pause Young (Mixed) (G1 Evacuation Pause)
[196.937s][info][gc,task     ] GC(406) Using 2 workers of 2 for evacuation
[196.942s][info][gc,phases   ] GC(406)   Pre Evacuate Collection Set: 0.27ms
[196.942s][info][gc,phases   ] GC(406)   Merge Heap Roots: 0.14ms
[196.942s][info][gc,phases   ] GC(406)   Evacuate Collection Set: 4.17ms
[196.942s][info][gc,phases   ] GC(406)   Post Evacuate Collection Set: 0.69ms
[196.942s][info][gc,phases   ] GC(406)   Other: 0.09ms
[196.942s][info][gc,heap     ] GC(406) Eden regions: 289->0(292)
[196.942s][info][gc,heap     ] GC(406) Survivor regions: 3->2(37)
[196.942s][info][gc,heap     ] GC(406) Old regions: 42->41
[196.942s][info][gc,heap     ] GC(406) Humongous regions: 207->207
[196.942s][info][gc,metaspace] GC(406) Metaspace: 56649K(57024K)->56649K(57024K) NonClass: 48361K(48640K)->48361K(48640K) Class: 8287K(8384K)->8287K(8384K)
[196.942s][info][gc          ] GC(406) Pause Young (Mixed) (G1 Evacuation Pause) 539M->249M(574M) 5.559ms
[196.942s][info][gc,cpu      ] GC(406) User=0.01s Sys=0.00s Real=0.01s
[197.722s][info][gc,start    ] GC(407) Pause Young (Concurrent Start) (G1 Evacuation Pause)
[197.722s][info][gc,task     ] GC(407) Using 2 workers of 2 for evacuation
[197.728s][info][gc,phases   ] GC(407)   Pre Evacuate Collection Set: 0.32ms
[197.728s][info][gc,phases   ] GC(407)   Merge Heap Roots: 0.10ms
[197.728s][info][gc,phases   ] GC(407)   Evacuate Collection Set: 4.92ms
[197.728s][info][gc,phases   ] GC(407)   Post Evacuate Collection Set: 0.64ms
[197.728s][info][gc,phases   ] GC(407)   Other: 0.12ms
[197.728s][info][gc,heap     ] GC(407) Eden regions: 292->0(290)
[197.728s][info][gc,heap     ] GC(407) Survivor regions: 2->3(37)
[197.728s][info][gc,heap     ] GC(407) Old regions: 41->41
[197.728s][info][gc,heap     ] GC(407) Humongous regions: 207->207
[197.728s][info][gc,metaspace] GC(407) Metaspace: 56649K(57024K)->56649K(57024K) NonClass: 48361K(48640K)->48361K(48640K) Class: 8287K(8384K)->8287K(8384K)
[197.728s][info][gc          ] GC(407) Pause Young (Concurrent Start) (G1 Evacuation Pause) 541M->250M(574M) 6.341ms
[197.728s][info][gc,cpu      ] GC(407) User=0.01s Sys=0.00s Real=0.01s
[197.728s][info][gc          ] GC(408) Concurrent Mark Cycle
[197.728s][info][gc,marking  ] GC(408) Concurrent Scan Root Regions
[197.738s][info][gc,marking  ] GC(408) Concurrent Scan Root Regions 9.773ms
[197.738s][info][gc,marking  ] GC(408) Concurrent Mark
[197.738s][info][gc,marking  ] GC(408) Concurrent Mark From Roots
[197.738s][info][gc,task     ] GC(408) Using 1 workers of 1 for marking
[197.789s][info][gc,marking  ] GC(408) Concurrent Mark From Roots 50.318ms
[197.789s][info][gc,marking  ] GC(408) Concurrent Preclean
[197.789s][info][gc,marking  ] GC(408) Concurrent Preclean 0.065ms
[197.789s][info][gc,start    ] GC(408) Pause Remark
[197.799s][info][gc          ] GC(408) Pause Remark 266M->266M(574M) 9.813ms
[197.799s][info][gc,cpu      ] GC(408) User=0.02s Sys=0.00s Real=0.01s
[197.800s][info][gc,marking  ] GC(408) Concurrent Mark 61.705ms
[197.800s][info][gc,marking  ] GC(408) Concurrent Rebuild Remembered Sets and Scrub Regions
[197.841s][info][gc,marking  ] GC(408) Concurrent Rebuild Remembered Sets and Scrub Regions 41.469ms
[197.842s][info][gc,start    ] GC(408) Pause Cleanup
[197.842s][info][gc          ] GC(408) Pause Cleanup 290M->290M(574M) 0.082ms
[197.842s][info][gc,cpu      ] GC(408) User=0.00s Sys=0.00s Real=0.00s
[197.844s][info][gc,marking  ] GC(408) Concurrent Clear Claimed Marks
[197.844s][info][gc,marking  ] GC(408) Concurrent Clear Claimed Marks 0.114ms
[197.844s][info][gc,marking  ] GC(408) Concurrent Cleanup for Next Mark
[197.846s][info][gc,marking  ] GC(408) Concurrent Cleanup for Next Mark 1.780ms
[197.846s][info][gc          ] GC(408) Concurrent Mark Cycle 117.756ms
[198.505s][info][gc,start    ] GC(409) Pause Young (Prepare Mixed) (G1 Evacuation Pause)
[198.505s][info][gc,task     ] GC(409) Using 2 workers of 2 for evacuation
[198.510s][info][gc,phases   ] GC(409)   Pre Evacuate Collection Set: 0.29ms
[198.510s][info][gc,phases   ] GC(409)   Merge Heap Roots: 0.12ms
[198.510s][info][gc,phases   ] GC(409)   Evacuate Collection Set: 3.28ms
[198.510s][info][gc,phases   ] GC(409)   Post Evacuate Collection Set: 0.65ms
[198.510s][info][gc,phases   ] GC(409)   Other: 0.09ms
[198.510s][info][gc,heap     ] GC(409) Eden regions: 290->0(292)
[198.510s][info][gc,heap     ] GC(409) Survivor regions: 3->2(37)
[198.510s][info][gc,heap     ] GC(409) Old regions: 41->41
[198.510s][info][gc,heap     ] GC(409) Humongous regions: 207->207
[198.510s][info][gc,metaspace] GC(409) Metaspace: 56649K(57024K)->56649K(57024K) NonClass: 48361K(48640K)->48361K(48640K) Class: 8287K(8384K)->8287K(8384K)
[198.510s][info][gc          ] GC(409) Pause Young (Prepare Mixed) (G1 Evacuation Pause) 540M->249M(574M) 4.638ms
[198.510s][info][gc,cpu      ] GC(409) User=0.01s Sys=0.00s Real=0.00s
[199.287s][info][gc,start    ] GC(410) Pause Young (Mixed) (G1 Evacuation Pause)
[199.287s][info][gc,task     ] GC(410) Using 2 workers of 2 for evacuation
[199.298s][info][gc,phases   ] GC(410)   Pre Evacuate Collection Set: 0.36ms
[199.298s][info][gc,phases   ] GC(410)   Merge Heap Roots: 0.15ms
[199.298s][info][gc,phases   ] GC(410)   Evacuate Collection Set: 9.55ms
[199.298s][info][gc,phases   ] GC(410)   Post Evacuate Collection Set: 0.96ms
[199.298s][info][gc,phases   ] GC(410)   Other: 0.15ms
[199.298s][info][gc,heap     ] GC(410) Eden regions: 292->0(294)
[199.298s][info][gc,heap     ] GC(410) Survivor regions: 2->1(37)
[199.298s][info][gc,heap     ] GC(410) Old regions: 41->41
[199.298s][info][gc,heap     ] GC(410) Humongous regions: 207->207
[199.298s][info][gc,metaspace] GC(410) Metaspace: 56649K(57024K)->56649K(57024K) NonClass: 48361K(48640K)->48361K(48640K) Class: 8287K(8384K)->8287K(8384K)
[199.298s][info][gc          ] GC(410) Pause Young (Mixed) (G1 Evacuation Pause) 541M->248M(574M) 11.385ms
[199.298s][info][gc,cpu      ] GC(410) User=0.01s Sys=0.00s Real=0.01s
[200.031s][info][gc,start    ] GC(411) Pause Young (Concurrent Start) (G1 Evacuation Pause)
[200.031s][info][gc,task     ] GC(411) Using 2 workers of 2 for evacuation
[200.037s][info][gc,phases   ] GC(411)   Pre Evacuate Collection Set: 0.36ms
[200.037s][info][gc,phases   ] GC(411)   Merge Heap Roots: 0.11ms
[200.037s][info][gc,phases   ] GC(411)   Evacuate Collection Set: 4.96ms
[200.037s][info][gc,phases   ] GC(411)   Post Evacuate Collection Set: 0.66ms
[200.037s][info][gc,phases   ] GC(411)   Other: 0.13ms
[200.037s][info][gc,heap     ] GC(411) Eden regions: 294->0(290)
[200.037s][info][gc,heap     ] GC(411) Survivor regions: 1->3(37)
[200.037s][info][gc,heap     ] GC(411) Old regions: 41->41
[200.037s][info][gc,heap     ] GC(411) Humongous regions: 207->207
[200.037s][info][gc,metaspace] GC(411) Metaspace: 56649K(57024K)->56649K(57024K) NonClass: 48361K(48640K)->48361K(48640K) Class: 8287K(8384K)->8287K(8384K)
[200.037s][info][gc          ] GC(411) Pause Young (Concurrent Start) (G1 Evacuation Pause) 542M->250M(574M) 6.438ms
[200.037s][info][gc          ] GC(412) Concurrent Mark Cycle
[200.037s][info][gc,marking  ] GC(412) Concurrent Scan Root Regions
[200.038s][info][gc,cpu      ] GC(411) User=0.02s Sys=0.00s Real=0.01s
[200.042s][info][gc,marking  ] GC(412) Concurrent Scan Root Regions 4.622ms
[200.042s][info][gc,marking  ] GC(412) Concurrent Mark
[200.042s][info][gc,marking  ] GC(412) Concurrent Mark From Roots
[200.042s][info][gc,task     ] GC(412) Using 1 workers of 1 for marking
[200.088s][info][gc,marking  ] GC(412) Concurrent Mark From Roots 46.189ms
[200.088s][info][gc,marking  ] GC(412) Concurrent Preclean
[200.088s][info][gc,marking  ] GC(412) Concurrent Preclean 0.072ms
[200.089s][info][gc,start    ] GC(412) Pause Remark
[200.099s][info][gc          ] GC(412) Pause Remark 260M->260M(574M) 10.427ms
[200.099s][info][gc,cpu      ] GC(412) User=0.02s Sys=0.00s Real=0.01s
[200.101s][info][gc,marking  ] GC(412) Concurrent Mark 58.791ms
[200.101s][info][gc,marking  ] GC(412) Concurrent Rebuild Remembered Sets and Scrub Regions
[200.137s][info][gc,marking  ] GC(412) Concurrent Rebuild Remembered Sets and Scrub Regions 36.095ms
[200.137s][info][gc,start    ] GC(412) Pause Cleanup
[200.137s][info][gc          ] GC(412) Pause Cleanup 280M->280M(574M) 0.077ms
[200.137s][info][gc,cpu      ] GC(412) User=0.00s Sys=0.00s Real=0.00s
[200.137s][info][gc,marking  ] GC(412) Concurrent Clear Claimed Marks
[200.137s][info][gc,marking  ] GC(412) Concurrent Clear Claimed Marks 0.094ms
[200.137s][info][gc,marking  ] GC(412) Concurrent Cleanup for Next Mark
[200.139s][info][gc,marking  ] GC(412) Concurrent Cleanup for Next Mark 1.775ms
[200.139s][info][gc          ] GC(412) Concurrent Mark Cycle 101.838ms
[200.817s][info][gc,start    ] GC(413) Pause Young (Prepare Mixed) (G1 Evacuation Pause)
[200.817s][info][gc,task     ] GC(413) Using 2 workers of 2 for evacuation
[200.822s][info][gc,phases   ] GC(413)   Pre Evacuate Collection Set: 0.30ms
[200.822s][info][gc,phases   ] GC(413)   Merge Heap Roots: 0.12ms
[200.822s][info][gc,phases   ] GC(413)   Evacuate Collection Set: 4.37ms
[200.822s][info][gc,phases   ] GC(413)   Post Evacuate Collection Set: 0.68ms
[200.822s][info][gc,phases   ] GC(413)   Other: 0.10ms
[200.822s][info][gc,heap     ] GC(413) Eden regions: 290->0(290)
[200.822s][info][gc,heap     ] GC(413) Survivor regions: 3->3(37)
[200.822s][info][gc,heap     ] GC(413) Old regions: 41->41
[200.822s][info][gc,heap     ] GC(413) Humongous regions: 207->207
[200.822s][info][gc,metaspace] GC(413) Metaspace: 56649K(57024K)->56649K(57024K) NonClass: 48361K(48640K)->48361K(48640K) Class: 8287K(8384K)->8287K(8384K)
[200.822s][info][gc          ] GC(413) Pause Young (Prepare Mixed) (G1 Evacuation Pause) 540M->250M(574M) 5.789ms
[200.822s][info][gc,cpu      ] GC(413) User=0.01s Sys=0.00s Real=0.01s
[201.597s][info][gc,start    ] GC(414) Pause Young (Mixed) (G1 Evacuation Pause)
[201.597s][info][gc,task     ] GC(414) Using 2 workers of 2 for evacuation
[201.602s][info][gc,phases   ] GC(414)   Pre Evacuate Collection Set: 0.28ms
[201.602s][info][gc,phases   ] GC(414)   Merge Heap Roots: 0.12ms
[201.602s][info][gc,phases   ] GC(414)   Evacuate Collection Set: 3.12ms
[201.602s][info][gc,phases   ] GC(414)   Post Evacuate Collection Set: 0.80ms
[201.602s][info][gc,phases   ] GC(414)   Other: 0.09ms
[201.602s][info][gc,heap     ] GC(414) Eden regions: 290->0(294)
[201.602s][info][gc,heap     ] GC(414) Survivor regions: 3->1(37)
[201.602s][info][gc,heap     ] GC(414) Old regions: 41->41
[201.602s][info][gc,heap     ] GC(414) Humongous regions: 207->207
[201.602s][info][gc,metaspace] GC(414) Metaspace: 56649K(57024K)->56649K(57024K) NonClass: 48361K(48640K)->48361K(48640K) Class: 8287K(8384K)->8287K(8384K)
[201.602s][info][gc          ] GC(414) Pause Young (Mixed) (G1 Evacuation Pause) 540M->248M(574M) 4.613ms
[201.602s][info][gc,cpu      ] GC(414) User=0.01s Sys=0.00s Real=0.00s
[202.392s][info][gc,start    ] GC(415) Pause Young (Concurrent Start) (G1 Evacuation Pause)
[202.392s][info][gc,task     ] GC(415) Using 2 workers of 2 for evacuation
[202.396s][info][gc,phases   ] GC(415)   Pre Evacuate Collection Set: 0.34ms
[202.396s][info][gc,phases   ] GC(415)   Merge Heap Roots: 0.10ms
[202.396s][info][gc,phases   ] GC(415)   Evacuate Collection Set: 3.16ms
[202.396s][info][gc,phases   ] GC(415)   Post Evacuate Collection Set: 0.64ms
[202.396s][info][gc,phases   ] GC(415)   Other: 0.10ms
[202.396s][info][gc,heap     ] GC(415) Eden regions: 294->0(294)
[202.396s][info][gc,heap     ] GC(415) Survivor regions: 1->1(37)
[202.396s][info][gc,heap     ] GC(415) Old regions: 41->41
[202.396s][info][gc,heap     ] GC(415) Humongous regions: 207->207
[202.396s][info][gc,metaspace] GC(415) Metaspace: 56649K(57024K)->56649K(57024K) NonClass: 48361K(48640K)->48361K(48640K) Class: 8287K(8384K)->8287K(8384K)
[202.396s][info][gc          ] GC(415) Pause Young (Concurrent Start) (G1 Evacuation Pause) 542M->248M(574M) 4.539ms
[202.396s][info][gc          ] GC(416) Concurrent Mark Cycle
[202.396s][info][gc,marking  ] GC(416) Concurrent Scan Root Regions
[202.398s][info][gc,cpu      ] GC(415) User=0.01s Sys=0.00s Real=0.01s
[202.400s][info][gc,marking  ] GC(416) Concurrent Scan Root Regions 3.680ms
[202.400s][info][gc,marking  ] GC(416) Concurrent Mark
[202.400s][info][gc,marking  ] GC(416) Concurrent Mark From Roots
[202.400s][info][gc,task     ] GC(416) Using 1 workers of 1 for marking
[202.467s][info][gc,marking  ] GC(416) Concurrent Mark From Roots 66.776ms
[202.467s][info][gc,marking  ] GC(416) Concurrent Preclean
[202.467s][info][gc,marking  ] GC(416) Concurrent Preclean 0.070ms
[202.467s][info][gc,start    ] GC(416) Pause Remark
[202.477s][info][gc          ] GC(416) Pause Remark 280M->280M(574M) 9.651ms
[202.477s][info][gc,cpu      ] GC(416) User=0.02s Sys=0.00s Real=0.01s
[202.477s][info][gc,marking  ] GC(416) Concurrent Mark 77.167ms
[202.477s][info][gc,marking  ] GC(416) Concurrent Rebuild Remembered Sets and Scrub Regions
[202.503s][info][gc,marking  ] GC(416) Concurrent Rebuild Remembered Sets and Scrub Regions 25.998ms
[202.504s][info][gc,start    ] GC(416) Pause Cleanup
[202.504s][info][gc          ] GC(416) Pause Cleanup 291M->291M(574M) 0.076ms
[202.504s][info][gc,cpu      ] GC(416) User=0.00s Sys=0.00s Real=0.00s
[202.504s][info][gc,marking  ] GC(416) Concurrent Clear Claimed Marks
[202.504s][info][gc,marking  ] GC(416) Concurrent Clear Claimed Marks 0.095ms
[202.504s][info][gc,marking  ] GC(416) Concurrent Cleanup for Next Mark
[202.511s][info][gc,marking  ] GC(416) Concurrent Cleanup for Next Mark 7.268ms
[202.511s][info][gc          ] GC(416) Concurrent Mark Cycle 114.781ms
[203.125s][info][gc,start    ] GC(417) Pause Young (Prepare Mixed) (G1 Evacuation Pause)
[203.125s][info][gc,task     ] GC(417) Using 2 workers of 2 for evacuation
[203.132s][info][gc,phases   ] GC(417)   Pre Evacuate Collection Set: 0.28ms
[203.132s][info][gc,phases   ] GC(417)   Merge Heap Roots: 0.14ms
[203.132s][info][gc,phases   ] GC(417)   Evacuate Collection Set: 5.37ms
[203.132s][info][gc,phases   ] GC(417)   Post Evacuate Collection Set: 0.67ms
[203.132s][info][gc,phases   ] GC(417)   Other: 0.09ms
[203.132s][info][gc,heap     ] GC(417) Eden regions: 294->0(288)
[203.132s][info][gc,heap     ] GC(417) Survivor regions: 1->4(37)
[203.132s][info][gc,heap     ] GC(417) Old regions: 41->41
[203.132s][info][gc,heap     ] GC(417) Humongous regions: 207->207
[203.132s][info][gc,metaspace] GC(417) Metaspace: 56649K(57024K)->56649K(57024K) NonClass: 48361K(48640K)->48361K(48640K) Class: 8287K(8384K)->8287K(8384K)
[203.132s][info][gc          ] GC(417) Pause Young (Prepare Mixed) (G1 Evacuation Pause) 542M->250M(574M) 6.792ms
[203.132s][info][gc,cpu      ] GC(417) User=0.01s Sys=0.00s Real=0.01s
[203.904s][info][gc,start    ] GC(418) Pause Young (Mixed) (G1 Evacuation Pause)
[203.904s][info][gc,task     ] GC(418) Using 2 workers of 2 for evacuation
[203.913s][info][gc,phases   ] GC(418)   Pre Evacuate Collection Set: 0.38ms
[203.913s][info][gc,phases   ] GC(418)   Merge Heap Roots: 1.21ms
[203.913s][info][gc,phases   ] GC(418)   Evacuate Collection Set: 6.94ms
[203.913s][info][gc,phases   ] GC(418)   Post Evacuate Collection Set: 0.75ms
[203.913s][info][gc,phases   ] GC(418)   Other: 0.08ms
[203.913s][info][gc,heap     ] GC(418) Eden regions: 288->0(294)
[203.913s][info][gc,heap     ] GC(418) Survivor regions: 4->1(37)
[203.913s][info][gc,heap     ] GC(418) Old regions: 41->41
[203.913s][info][gc,heap     ] GC(418) Humongous regions: 207->207
[203.913s][info][gc,metaspace] GC(418) Metaspace: 56649K(57024K)->56649K(57024K) NonClass: 48361K(48640K)->48361K(48640K) Class: 8287K(8384K)->8287K(8384K)
[203.913s][info][gc          ] GC(418) Pause Young (Mixed) (G1 Evacuation Pause) 538M->248M(574M) 9.575ms
[203.913s][info][gc,cpu      ] GC(418) User=0.01s Sys=0.00s Real=0.01s
[204.653s][info][gc,start    ] GC(419) Pause Young (Concurrent Start) (G1 Evacuation Pause)
[204.653s][info][gc,task     ] GC(419) Using 2 workers of 2 for evacuation
[204.657s][info][gc,phases   ] GC(419)   Pre Evacuate Collection Set: 0.33ms
[204.657s][info][gc,phases   ] GC(419)   Merge Heap Roots: 0.11ms
[204.657s][info][gc,phases   ] GC(419)   Evacuate Collection Set: 2.95ms
[204.657s][info][gc,phases   ] GC(419)   Post Evacuate Collection Set: 0.64ms
[204.657s][info][gc,phases   ] GC(419)   Other: 0.13ms
[204.657s][info][gc,heap     ] GC(419) Eden regions: 294->0(294)
[204.657s][info][gc,heap     ] GC(419) Survivor regions: 1->1(37)
[204.657s][info][gc,heap     ] GC(419) Old regions: 41->41
[204.657s][info][gc,heap     ] GC(419) Humongous regions: 207->207
[204.657s][info][gc,metaspace] GC(419) Metaspace: 56649K(57024K)->56649K(57024K) NonClass: 48361K(48640K)->48361K(48640K) Class: 8287K(8384K)->8287K(8384K)
[204.657s][info][gc          ] GC(419) Pause Young (Concurrent Start) (G1 Evacuation Pause) 542M->248M(574M) 4.354ms
[204.657s][info][gc          ] GC(420) Concurrent Mark Cycle
[204.657s][info][gc,marking  ] GC(420) Concurrent Scan Root Regions
[204.657s][info][gc,cpu      ] GC(419) User=0.01s Sys=0.00s Real=0.00s
[204.661s][info][gc,marking  ] GC(420) Concurrent Scan Root Regions 3.097ms
[204.661s][info][gc,marking  ] GC(420) Concurrent Mark
[204.661s][info][gc,marking  ] GC(420) Concurrent Mark From Roots
[204.661s][info][gc,task     ] GC(420) Using 1 workers of 1 for marking
[204.719s][info][gc,marking  ] GC(420) Concurrent Mark From Roots 58.838ms
[204.719s][info][gc,marking  ] GC(420) Concurrent Preclean
[204.720s][info][gc,marking  ] GC(420) Concurrent Preclean 0.073ms
[204.720s][info][gc,start    ] GC(420) Pause Remark
[204.729s][info][gc          ] GC(420) Pause Remark 267M->267M(574M) 9.676ms
[204.729s][info][gc,cpu      ] GC(420) User=0.02s Sys=0.00s Real=0.01s
[204.730s][info][gc,marking  ] GC(420) Concurrent Mark 69.178ms
[204.730s][info][gc,marking  ] GC(420) Concurrent Rebuild Remembered Sets and Scrub Regions
[204.766s][info][gc,marking  ] GC(420) Concurrent Rebuild Remembered Sets and Scrub Regions 36.082ms
[204.766s][info][gc,start    ] GC(420) Pause Cleanup
[204.766s][info][gc          ] GC(420) Pause Cleanup 286M->286M(574M) 0.068ms
[204.766s][info][gc,cpu      ] GC(420) User=0.00s Sys=0.00s Real=0.00s
[204.766s][info][gc,marking  ] GC(420) Concurrent Clear Claimed Marks
[204.766s][info][gc,marking  ] GC(420) Concurrent Clear Claimed Marks 0.122ms
[204.766s][info][gc,marking  ] GC(420) Concurrent Cleanup for Next Mark
[204.769s][info][gc,marking  ] GC(420) Concurrent Cleanup for Next Mark 3.118ms
[204.769s][info][gc          ] GC(420) Concurrent Mark Cycle 111.935ms
[205.486s][info][gc,start    ] GC(421) Pause Young (Prepare Mixed) (G1 Evacuation Pause)
[205.486s][info][gc,task     ] GC(421) Using 2 workers of 2 for evacuation
[205.492s][info][gc,phases   ] GC(421)   Pre Evacuate Collection Set: 0.27ms
[205.492s][info][gc,phases   ] GC(421)   Merge Heap Roots: 0.13ms
[205.492s][info][gc,phases   ] GC(421)   Evacuate Collection Set: 4.20ms
[205.492s][info][gc,phases   ] GC(421)   Post Evacuate Collection Set: 0.62ms
[205.492s][info][gc,phases   ] GC(421)   Other: 0.10ms
[205.492s][info][gc,heap     ] GC(421) Eden regions: 294->0(290)
[205.492s][info][gc,heap     ] GC(421) Survivor regions: 1->3(37)
[205.492s][info][gc,heap     ] GC(421) Old regions: 41->41
[205.492s][info][gc,heap     ] GC(421) Humongous regions: 207->207
[205.492s][info][gc,metaspace] GC(421) Metaspace: 56649K(57024K)->56649K(57024K) NonClass: 48361K(48640K)->48361K(48640K) Class: 8287K(8384K)->8287K(8384K)
[205.492s][info][gc          ] GC(421) Pause Young (Prepare Mixed) (G1 Evacuation Pause) 542M->250M(574M) 5.516ms
[205.492s][info][gc,cpu      ] GC(421) User=0.01s Sys=0.00s Real=0.00s
[206.208s][info][gc,start    ] GC(422) Pause Young (Mixed) (G1 Evacuation Pause)
[206.209s][info][gc,task     ] GC(422) Using 2 workers of 2 for evacuation
[206.217s][info][gc,phases   ] GC(422)   Pre Evacuate Collection Set: 0.28ms
[206.217s][info][gc,phases   ] GC(422)   Merge Heap Roots: 0.14ms
[206.217s][info][gc,phases   ] GC(422)   Evacuate Collection Set: 7.03ms
[206.217s][info][gc,phases   ] GC(422)   Post Evacuate Collection Set: 0.67ms
[206.217s][info][gc,phases   ] GC(422)   Other: 0.08ms
[206.217s][info][gc,heap     ] GC(422) Eden regions: 290->0(290)
[206.217s][info][gc,heap     ] GC(422) Survivor regions: 3->3(37)
[206.217s][info][gc,heap     ] GC(422) Old regions: 41->41
[206.217s][info][gc,heap     ] GC(422) Humongous regions: 207->207
[206.217s][info][gc,metaspace] GC(422) Metaspace: 56649K(57024K)->56649K(57024K) NonClass: 48361K(48640K)->48361K(48640K) Class: 8287K(8384K)->8287K(8384K)
[206.217s][info][gc          ] GC(422) Pause Young (Mixed) (G1 Evacuation Pause) 540M->249M(574M) 8.411ms
[206.217s][info][gc,cpu      ] GC(422) User=0.02s Sys=0.00s Real=0.01s
[207.043s][info][gc,start    ] GC(423) Pause Young (Concurrent Start) (G1 Evacuation Pause)
[207.043s][info][gc,task     ] GC(423) Using 2 workers of 2 for evacuation
[207.048s][info][gc,phases   ] GC(423)   Pre Evacuate Collection Set: 0.29ms
[207.048s][info][gc,phases   ] GC(423)   Merge Heap Roots: 0.13ms
[207.048s][info][gc,phases   ] GC(423)   Evacuate Collection Set: 3.29ms
[207.048s][info][gc,phases   ] GC(423)   Post Evacuate Collection Set: 0.59ms
[207.048s][info][gc,phases   ] GC(423)   Other: 0.12ms
[207.048s][info][gc,heap     ] GC(423) Eden regions: 290->0(292)
[207.048s][info][gc,heap     ] GC(423) Survivor regions: 3->2(37)
[207.048s][info][gc,heap     ] GC(423) Old regions: 41->41
[207.048s][info][gc,heap     ] GC(423) Humongous regions: 207->207
[207.048s][info][gc,metaspace] GC(423) Metaspace: 56649K(57024K)->56649K(57024K) NonClass: 48361K(48640K)->48361K(48640K) Class: 8287K(8384K)->8287K(8384K)
[207.048s][info][gc          ] GC(423) Pause Young (Concurrent Start) (G1 Evacuation Pause) 539M->249M(574M) 4.607ms
[207.048s][info][gc,cpu      ] GC(423) User=0.00s Sys=0.00s Real=0.00s
[207.048s][info][gc          ] GC(424) Concurrent Mark Cycle
[207.048s][info][gc,marking  ] GC(424) Concurrent Scan Root Regions
[207.052s][info][gc,marking  ] GC(424) Concurrent Scan Root Regions 3.775ms
[207.052s][info][gc,marking  ] GC(424) Concurrent Mark
[207.052s][info][gc,marking  ] GC(424) Concurrent Mark From Roots
[207.052s][info][gc,task     ] GC(424) Using 1 workers of 1 for marking
[207.103s][info][gc,marking  ] GC(424) Concurrent Mark From Roots 51.483ms
[207.103s][info][gc,marking  ] GC(424) Concurrent Preclean
[207.104s][info][gc,marking  ] GC(424) Concurrent Preclean 0.373ms
[207.104s][info][gc,start    ] GC(424) Pause Remark
[207.114s][info][gc          ] GC(424) Pause Remark 261M->261M(574M) 9.296ms
[207.114s][info][gc,cpu      ] GC(424) User=0.02s Sys=0.00s Real=0.01s
[207.114s][info][gc,marking  ] GC(424) Concurrent Mark 62.187ms
[207.114s][info][gc,marking  ] GC(424) Concurrent Rebuild Remembered Sets and Scrub Regions
[207.154s][info][gc,marking  ] GC(424) Concurrent Rebuild Remembered Sets and Scrub Regions 39.545ms
[207.154s][info][gc,start    ] GC(424) Pause Cleanup
[207.154s][info][gc          ] GC(424) Pause Cleanup 281M->281M(574M) 0.087ms
[207.154s][info][gc,cpu      ] GC(424) User=0.00s Sys=0.00s Real=0.00s
[207.155s][info][gc,marking  ] GC(424) Concurrent Clear Claimed Marks
[207.155s][info][gc,marking  ] GC(424) Concurrent Clear Claimed Marks 0.124ms
[207.156s][info][gc,marking  ] GC(424) Concurrent Cleanup for Next Mark
[207.161s][info][gc,marking  ] GC(424) Concurrent Cleanup for Next Mark 5.554ms
[207.161s][info][gc          ] GC(424) Concurrent Mark Cycle 113.140ms
[207.830s][info][gc,start    ] GC(425) Pause Young (Prepare Mixed) (G1 Evacuation Pause)
[207.830s][info][gc,task     ] GC(425) Using 2 workers of 2 for evacuation
[207.835s][info][gc,phases   ] GC(425)   Pre Evacuate Collection Set: 0.28ms
[207.835s][info][gc,phases   ] GC(425)   Merge Heap Roots: 0.12ms
[207.835s][info][gc,phases   ] GC(425)   Evacuate Collection Set: 4.38ms
[207.835s][info][gc,phases   ] GC(425)   Post Evacuate Collection Set: 0.63ms
[207.835s][info][gc,phases   ] GC(425)   Other: 0.08ms
[207.835s][info][gc,heap     ] GC(425) Eden regions: 292->0(292)
[207.835s][info][gc,heap     ] GC(425) Survivor regions: 2->2(37)
[207.836s][info][gc,heap     ] GC(425) Old regions: 41->41
[207.836s][info][gc,heap     ] GC(425) Humongous regions: 207->207
[207.836s][info][gc,metaspace] GC(425) Metaspace: 56649K(57024K)->56649K(57024K) NonClass: 48361K(48640K)->48361K(48640K) Class: 8287K(8384K)->8287K(8384K)
[207.836s][info][gc          ] GC(425) Pause Young (Prepare Mixed) (G1 Evacuation Pause) 541M->249M(574M) 5.683ms
[207.836s][info][gc,cpu      ] GC(425) User=0.01s Sys=0.00s Real=0.01s
[208.607s][info][gc,start    ] GC(426) Pause Young (Mixed) (G1 Evacuation Pause)
[208.607s][info][gc,task     ] GC(426) Using 2 workers of 2 for evacuation
[208.614s][info][gc,phases   ] GC(426)   Pre Evacuate Collection Set: 0.30ms
[208.614s][info][gc,phases   ] GC(426)   Merge Heap Roots: 0.13ms
[208.614s][info][gc,phases   ] GC(426)   Evacuate Collection Set: 6.50ms
[208.614s][info][gc,phases   ] GC(426)   Post Evacuate Collection Set: 0.76ms
[208.615s][info][gc,phases   ] GC(426)   Other: 0.10ms
[208.615s][info][gc,heap     ] GC(426) Eden regions: 292->0(292)
[208.615s][info][gc,heap     ] GC(426) Survivor regions: 2->2(37)
[208.615s][info][gc,heap     ] GC(426) Old regions: 41->41
[208.615s][info][gc,heap     ] GC(426) Humongous regions: 207->207
[208.615s][info][gc,metaspace] GC(426) Metaspace: 56649K(57024K)->56649K(57024K) NonClass: 48361K(48640K)->48361K(48640K) Class: 8287K(8384K)->8287K(8384K)
[208.615s][info][gc          ] GC(426) Pause Young (Mixed) (G1 Evacuation Pause) 541M->249M(574M) 8.006ms
[208.615s][info][gc,cpu      ] GC(426) User=0.01s Sys=0.00s Real=0.01s
[209.392s][info][gc,start    ] GC(427) Pause Young (Concurrent Start) (G1 Evacuation Pause)
[209.393s][info][gc,task     ] GC(427) Using 2 workers of 2 for evacuation
[209.396s][info][gc,phases   ] GC(427)   Pre Evacuate Collection Set: 0.32ms
[209.396s][info][gc,phases   ] GC(427)   Merge Heap Roots: 0.11ms
[209.396s][info][gc,phases   ] GC(427)   Evacuate Collection Set: 2.23ms
[209.396s][info][gc,phases   ] GC(427)   Post Evacuate Collection Set: 0.63ms
[209.396s][info][gc,phases   ] GC(427)   Other: 0.11ms
[209.396s][info][gc,heap     ] GC(427) Eden regions: 292->0(294)
[209.396s][info][gc,heap     ] GC(427) Survivor regions: 2->1(37)
[209.396s][info][gc,heap     ] GC(427) Old regions: 41->41
[209.396s][info][gc,heap     ] GC(427) Humongous regions: 207->207
[209.396s][info][gc,metaspace] GC(427) Metaspace: 56649K(57024K)->56649K(57024K) NonClass: 48361K(48640K)->48361K(48640K) Class: 8287K(8384K)->8287K(8384K)
[209.396s][info][gc          ] GC(427) Pause Young (Concurrent Start) (G1 Evacuation Pause) 541M->247M(574M) 3.685ms
[209.396s][info][gc,cpu      ] GC(427) User=0.01s Sys=0.00s Real=0.00s
[209.396s][info][gc          ] GC(428) Concurrent Mark Cycle
[209.396s][info][gc,marking  ] GC(428) Concurrent Scan Root Regions
[209.398s][info][gc,marking  ] GC(428) Concurrent Scan Root Regions 1.587ms
[209.398s][info][gc,marking  ] GC(428) Concurrent Mark
[209.398s][info][gc,marking  ] GC(428) Concurrent Mark From Roots
[209.398s][info][gc,task     ] GC(428) Using 1 workers of 1 for marking
[209.474s][info][gc,marking  ] GC(428) Concurrent Mark From Roots 75.839ms
[209.474s][info][gc,marking  ] GC(428) Concurrent Preclean
[209.474s][info][gc,marking  ] GC(428) Concurrent Preclean 0.085ms
[209.474s][info][gc,start    ] GC(428) Pause Remark
[209.483s][info][gc          ] GC(428) Pause Remark 285M->285M(574M) 9.386ms
[209.483s][info][gc,cpu      ] GC(428) User=0.02s Sys=0.00s Real=0.01s
[209.484s][info][gc,marking  ] GC(428) Concurrent Mark 85.651ms
[209.484s][info][gc,marking  ] GC(428) Concurrent Rebuild Remembered Sets and Scrub Regions
[209.508s][info][gc,marking  ] GC(428) Concurrent Rebuild Remembered Sets and Scrub Regions 24.217ms
[209.508s][info][gc,start    ] GC(428) Pause Cleanup
[209.508s][info][gc          ] GC(428) Pause Cleanup 289M->289M(574M) 0.072ms
[209.508s][info][gc,cpu      ] GC(428) User=0.00s Sys=0.00s Real=0.00s
[209.509s][info][gc,marking  ] GC(428) Concurrent Clear Claimed Marks
[209.509s][info][gc,marking  ] GC(428) Concurrent Clear Claimed Marks 0.132ms
[209.509s][info][gc,marking  ] GC(428) Concurrent Cleanup for Next Mark
[209.517s][info][gc,marking  ] GC(428) Concurrent Cleanup for Next Mark 7.928ms
[209.517s][info][gc          ] GC(428) Concurrent Mark Cycle 121.028ms
[210.187s][info][gc,start    ] GC(429) Pause Young (Prepare Mixed) (G1 Evacuation Pause)
[210.187s][info][gc,task     ] GC(429) Using 2 workers of 2 for evacuation
[210.192s][info][gc,phases   ] GC(429)   Pre Evacuate Collection Set: 0.27ms
[210.192s][info][gc,phases   ] GC(429)   Merge Heap Roots: 0.11ms
[210.192s][info][gc,phases   ] GC(429)   Evacuate Collection Set: 3.82ms
[210.192s][info][gc,phases   ] GC(429)   Post Evacuate Collection Set: 0.60ms
[210.192s][info][gc,phases   ] GC(429)   Other: 0.10ms
[210.192s][info][gc,heap     ] GC(429) Eden regions: 294->0(290)
[210.192s][info][gc,heap     ] GC(429) Survivor regions: 1->3(37)
[210.192s][info][gc,heap     ] GC(429) Old regions: 41->41
[210.192s][info][gc,heap     ] GC(429) Humongous regions: 207->207
[210.192s][info][gc,metaspace] GC(429) Metaspace: 56649K(57024K)->56649K(57024K) NonClass: 48361K(48640K)->48361K(48640K) Class: 8287K(8384K)->8287K(8384K)
[210.192s][info][gc          ] GC(429) Pause Young (Prepare Mixed) (G1 Evacuation Pause) 541M->249M(574M) 5.087ms
[210.192s][info][gc,cpu      ] GC(429) User=0.01s Sys=0.00s Real=0.00s
[210.911s][info][gc,start    ] GC(430) Pause Young (Mixed) (G1 Evacuation Pause)
[210.911s][info][gc,task     ] GC(430) Using 2 workers of 2 for evacuation
[210.917s][info][gc,phases   ] GC(430)   Pre Evacuate Collection Set: 0.28ms
[210.917s][info][gc,phases   ] GC(430)   Merge Heap Roots: 0.12ms
[210.917s][info][gc,phases   ] GC(430)   Evacuate Collection Set: 4.69ms
[210.917s][info][gc,phases   ] GC(430)   Post Evacuate Collection Set: 0.70ms
[210.917s][info][gc,phases   ] GC(430)   Other: 0.10ms
[210.917s][info][gc,heap     ] GC(430) Eden regions: 290->0(292)
[210.917s][info][gc,heap     ] GC(430) Survivor regions: 3->2(37)
[210.917s][info][gc,heap     ] GC(430) Old regions: 41->41
[210.917s][info][gc,heap     ] GC(430) Humongous regions: 207->207
[210.917s][info][gc,metaspace] GC(430) Metaspace: 56649K(57024K)->56649K(57024K) NonClass: 48361K(48640K)->48361K(48640K) Class: 8287K(8384K)->8287K(8384K)
[210.917s][info][gc          ] GC(430) Pause Young (Mixed) (G1 Evacuation Pause) 539M->248M(574M) 6.109ms
[210.917s][info][gc,cpu      ] GC(430) User=0.01s Sys=0.00s Real=0.01s
[211.697s][info][gc,start    ] GC(431) Pause Young (Concurrent Start) (G1 Evacuation Pause)
[211.697s][info][gc,task     ] GC(431) Using 2 workers of 2 for evacuation
[211.700s][info][gc,phases   ] GC(431)   Pre Evacuate Collection Set: 0.30ms
[211.700s][info][gc,phases   ] GC(431)   Merge Heap Roots: 0.10ms
[211.700s][info][gc,phases   ] GC(431)   Evacuate Collection Set: 2.54ms
[211.700s][info][gc,phases   ] GC(431)   Post Evacuate Collection Set: 0.62ms
[211.700s][info][gc,phases   ] GC(431)   Other: 0.13ms
[211.700s][info][gc,heap     ] GC(431) Eden regions: 292->0(294)
[211.700s][info][gc,heap     ] GC(431) Survivor regions: 2->1(37)
[211.700s][info][gc,heap     ] GC(431) Old regions: 41->41
[211.700s][info][gc,heap     ] GC(431) Humongous regions: 207->207
[211.700s][info][gc,metaspace] GC(431) Metaspace: 56649K(57024K)->56649K(57024K) NonClass: 48361K(48640K)->48361K(48640K) Class: 8287K(8384K)->8287K(8384K)
[211.700s][info][gc          ] GC(431) Pause Young (Concurrent Start) (G1 Evacuation Pause) 540M->248M(574M) 3.885ms
[211.700s][info][gc,cpu      ] GC(431) User=0.01s Sys=0.00s Real=0.00s
[211.700s][info][gc          ] GC(432) Concurrent Mark Cycle
[211.700s][info][gc,marking  ] GC(432) Concurrent Scan Root Regions
[211.705s][info][gc,marking  ] GC(432) Concurrent Scan Root Regions 4.131ms
[211.705s][info][gc,marking  ] GC(432) Concurrent Mark
[211.705s][info][gc,marking  ] GC(432) Concurrent Mark From Roots
[211.705s][info][gc,task     ] GC(432) Using 1 workers of 1 for marking
[211.778s][info][gc,marking  ] GC(432) Concurrent Mark From Roots 73.246ms
[211.778s][info][gc,marking  ] GC(432) Concurrent Preclean
[211.778s][info][gc,marking  ] GC(432) Concurrent Preclean 0.068ms
[211.778s][info][gc,start    ] GC(432) Pause Remark
[211.788s][info][gc          ] GC(432) Pause Remark 283M->283M(574M) 9.491ms
[211.788s][info][gc,cpu      ] GC(432) User=0.01s Sys=0.00s Real=0.01s
[211.788s][info][gc,marking  ] GC(432) Concurrent Mark 83.408ms
[211.788s][info][gc,marking  ] GC(432) Concurrent Rebuild Remembered Sets and Scrub Regions
[211.819s][info][gc,marking  ] GC(432) Concurrent Rebuild Remembered Sets and Scrub Regions 31.262ms
[211.820s][info][gc,start    ] GC(432) Pause Cleanup
[211.820s][info][gc          ] GC(432) Pause Cleanup 300M->300M(574M) 0.072ms
[211.820s][info][gc,cpu      ] GC(432) User=0.00s Sys=0.00s Real=0.00s
[211.820s][info][gc,marking  ] GC(432) Concurrent Clear Claimed Marks
[211.820s][info][gc,marking  ] GC(432) Concurrent Clear Claimed Marks 0.093ms
[211.820s][info][gc,marking  ] GC(432) Concurrent Cleanup for Next Mark
[211.822s][info][gc,marking  ] GC(432) Concurrent Cleanup for Next Mark 1.962ms
[211.822s][info][gc          ] GC(432) Concurrent Mark Cycle 121.340ms
[212.443s][info][gc,start    ] GC(433) Pause Young (Prepare Mixed) (G1 Evacuation Pause)
[212.443s][info][gc,task     ] GC(433) Using 2 workers of 2 for evacuation
[212.447s][info][gc,phases   ] GC(433)   Pre Evacuate Collection Set: 0.28ms
[212.447s][info][gc,phases   ] GC(433)   Merge Heap Roots: 0.11ms
[212.447s][info][gc,phases   ] GC(433)   Evacuate Collection Set: 3.38ms
[212.447s][info][gc,phases   ] GC(433)   Post Evacuate Collection Set: 0.61ms
[212.447s][info][gc,phases   ] GC(433)   Other: 0.11ms
[212.447s][info][gc,heap     ] GC(433) Eden regions: 294->0(292)
[212.447s][info][gc,heap     ] GC(433) Survivor regions: 1->2(37)
[212.447s][info][gc,heap     ] GC(433) Old regions: 41->41
[212.447s][info][gc,heap     ] GC(433) Humongous regions: 207->207
[212.447s][info][gc,metaspace] GC(433) Metaspace: 56649K(57024K)->56649K(57024K) NonClass: 48361K(48640K)->48361K(48640K) Class: 8287K(8384K)->8287K(8384K)
[212.447s][info][gc          ] GC(433) Pause Young (Prepare Mixed) (G1 Evacuation Pause) 542M->249M(574M) 4.697ms
[212.447s][info][gc,cpu      ] GC(433) User=0.01s Sys=0.00s Real=0.00s
[213.230s][info][gc,start    ] GC(434) Pause Young (Mixed) (G1 Evacuation Pause)
[213.230s][info][gc,task     ] GC(434) Using 2 workers of 2 for evacuation
[213.237s][info][gc,phases   ] GC(434)   Pre Evacuate Collection Set: 0.27ms
[213.237s][info][gc,phases   ] GC(434)   Merge Heap Roots: 0.10ms
[213.237s][info][gc,phases   ] GC(434)   Evacuate Collection Set: 5.57ms
[213.237s][info][gc,phases   ] GC(434)   Post Evacuate Collection Set: 0.89ms
[213.237s][info][gc,phases   ] GC(434)   Other: 0.10ms
[213.237s][info][gc,heap     ] GC(434) Eden regions: 292->0(292)
[213.237s][info][gc,heap     ] GC(434) Survivor regions: 2->2(37)
[213.237s][info][gc,heap     ] GC(434) Old regions: 41->41
[213.237s][info][gc,heap     ] GC(434) Humongous regions: 207->207
[213.237s][info][gc,metaspace] GC(434) Metaspace: 56649K(57024K)->56649K(57024K) NonClass: 48361K(48640K)->48361K(48640K) Class: 8287K(8384K)->8287K(8384K)
[213.237s][info][gc          ] GC(434) Pause Young (Mixed) (G1 Evacuation Pause) 541M->248M(574M) 7.162ms
[213.237s][info][gc,cpu      ] GC(434) User=0.01s Sys=0.01s Real=0.01s
[214.014s][info][gc,start    ] GC(435) Pause Young (Concurrent Start) (G1 Evacuation Pause)
[214.014s][info][gc,task     ] GC(435) Using 2 workers of 2 for evacuation
[214.019s][info][gc,phases   ] GC(435)   Pre Evacuate Collection Set: 0.32ms
[214.019s][info][gc,phases   ] GC(435)   Merge Heap Roots: 0.13ms
[214.019s][info][gc,phases   ] GC(435)   Evacuate Collection Set: 4.50ms
[214.019s][info][gc,phases   ] GC(435)   Post Evacuate Collection Set: 0.63ms
[214.019s][info][gc,phases   ] GC(435)   Other: 0.16ms
[214.019s][info][gc,heap     ] GC(435) Eden regions: 292->0(292)
[214.019s][info][gc,heap     ] GC(435) Survivor regions: 2->2(37)
[214.019s][info][gc,heap     ] GC(435) Old regions: 41->41
[214.019s][info][gc,heap     ] GC(435) Humongous regions: 207->207
[214.019s][info][gc,metaspace] GC(435) Metaspace: 56656K(57024K)->56656K(57024K) NonClass: 48368K(48640K)->48368K(48640K) Class: 8287K(8384K)->8287K(8384K)
[214.020s][info][gc          ] GC(435) Pause Young (Concurrent Start) (G1 Evacuation Pause) 540M->249M(574M) 5.921ms
[214.020s][info][gc,cpu      ] GC(435) User=0.01s Sys=0.00s Real=0.00s
[214.020s][info][gc          ] GC(436) Concurrent Mark Cycle
[214.020s][info][gc,marking  ] GC(436) Concurrent Scan Root Regions
[214.023s][info][gc,marking  ] GC(436) Concurrent Scan Root Regions 3.122ms
[214.023s][info][gc,marking  ] GC(436) Concurrent Mark
[214.023s][info][gc,marking  ] GC(436) Concurrent Mark From Roots
[214.023s][info][gc,task     ] GC(436) Using 1 workers of 1 for marking
[214.097s][info][gc,marking  ] GC(436) Concurrent Mark From Roots 74.529ms
[214.097s][info][gc,marking  ] GC(436) Concurrent Preclean
[214.098s][info][gc,marking  ] GC(436) Concurrent Preclean 0.070ms
[214.101s][info][gc,start    ] GC(436) Pause Remark
[214.125s][info][gc          ] GC(436) Pause Remark 260M->260M(574M) 24.470ms
[214.125s][info][gc,cpu      ] GC(436) User=0.02s Sys=0.00s Real=0.03s
[214.127s][info][gc,marking  ] GC(436) Concurrent Mark 104.084ms
[214.127s][info][gc,marking  ] GC(436) Concurrent Rebuild Remembered Sets and Scrub Regions
[214.149s][info][gc,marking  ] GC(436) Concurrent Rebuild Remembered Sets and Scrub Regions 22.414ms
[214.149s][info][gc,start    ] GC(436) Pause Cleanup
[214.149s][info][gc          ] GC(436) Pause Cleanup 261M->261M(574M) 0.072ms
[214.149s][info][gc,cpu      ] GC(436) User=0.00s Sys=0.00s Real=0.00s
[214.149s][info][gc,marking  ] GC(436) Concurrent Clear Claimed Marks
[214.150s][info][gc,marking  ] GC(436) Concurrent Clear Claimed Marks 0.092ms
[214.150s][info][gc,marking  ] GC(436) Concurrent Cleanup for Next Mark
[214.152s][info][gc,marking  ] GC(436) Concurrent Cleanup for Next Mark 2.492ms
[214.152s][info][gc          ] GC(436) Concurrent Mark Cycle 132.597ms
[214.793s][info][gc,start    ] GC(437) Pause Young (Prepare Mixed) (G1 Evacuation Pause)
[214.793s][info][gc,task     ] GC(437) Using 2 workers of 2 for evacuation
[214.799s][info][gc,phases   ] GC(437)   Pre Evacuate Collection Set: 0.37ms
[214.799s][info][gc,phases   ] GC(437)   Merge Heap Roots: 0.12ms
[214.799s][info][gc,phases   ] GC(437)   Evacuate Collection Set: 4.61ms
[214.799s][info][gc,phases   ] GC(437)   Post Evacuate Collection Set: 0.65ms
[214.799s][info][gc,phases   ] GC(437)   Other: 0.08ms
[214.799s][info][gc,heap     ] GC(437) Eden regions: 292->0(294)
[214.799s][info][gc,heap     ] GC(437) Survivor regions: 2->1(37)
[214.799s][info][gc,heap     ] GC(437) Old regions: 41->41
[214.799s][info][gc,heap     ] GC(437) Humongous regions: 207->207
[214.799s][info][gc,metaspace] GC(437) Metaspace: 56656K(57024K)->56656K(57024K) NonClass: 48368K(48640K)->48368K(48640K) Class: 8287K(8384K)->8287K(8384K)
[214.799s][info][gc          ] GC(437) Pause Young (Prepare Mixed) (G1 Evacuation Pause) 541M->248M(574M) 6.028ms
[214.799s][info][gc,cpu      ] GC(437) User=0.01s Sys=0.00s Real=0.00s
[215.530s][info][gc,start    ] GC(438) Pause Young (Mixed) (G1 Evacuation Pause)
[215.530s][info][gc,task     ] GC(438) Using 2 workers of 2 for evacuation
[215.537s][info][gc,phases   ] GC(438)   Pre Evacuate Collection Set: 0.26ms
[215.537s][info][gc,phases   ] GC(438)   Merge Heap Roots: 0.11ms
[215.537s][info][gc,phases   ] GC(438)   Evacuate Collection Set: 5.59ms
[215.537s][info][gc,phases   ] GC(438)   Post Evacuate Collection Set: 0.65ms
[215.537s][info][gc,phases   ] GC(438)   Other: 0.11ms
[215.537s][info][gc,heap     ] GC(438) Eden regions: 294->0(292)
[215.537s][info][gc,heap     ] GC(438) Survivor regions: 1->2(37)
[215.537s][info][gc,heap     ] GC(438) Old regions: 41->41
[215.537s][info][gc,heap     ] GC(438) Humongous regions: 207->207
[215.537s][info][gc,metaspace] GC(438) Metaspace: 56656K(57024K)->56656K(57024K) NonClass: 48368K(48640K)->48368K(48640K) Class: 8287K(8384K)->8287K(8384K)
[215.537s][info][gc          ] GC(438) Pause Young (Mixed) (G1 Evacuation Pause) 541M->248M(574M) 6.916ms
[215.537s][info][gc,cpu      ] GC(438) User=0.02s Sys=0.00s Real=0.01s
[216.320s][info][gc,start    ] GC(439) Pause Young (Concurrent Start) (G1 Evacuation Pause)
[216.320s][info][gc,task     ] GC(439) Using 2 workers of 2 for evacuation
[216.326s][info][gc,phases   ] GC(439)   Pre Evacuate Collection Set: 0.32ms
[216.326s][info][gc,phases   ] GC(439)   Merge Heap Roots: 0.12ms
[216.326s][info][gc,phases   ] GC(439)   Evacuate Collection Set: 5.13ms
[216.326s][info][gc,phases   ] GC(439)   Post Evacuate Collection Set: 0.67ms
[216.326s][info][gc,phases   ] GC(439)   Other: 0.11ms
[216.326s][info][gc,heap     ] GC(439) Eden regions: 292->0(290)
[216.326s][info][gc,heap     ] GC(439) Survivor regions: 2->3(37)
[216.326s][info][gc,heap     ] GC(439) Old regions: 41->41
[216.326s][info][gc,heap     ] GC(439) Humongous regions: 207->207
[216.326s][info][gc,metaspace] GC(439) Metaspace: 56656K(57024K)->56656K(57024K) NonClass: 48368K(48640K)->48368K(48640K) Class: 8287K(8384K)->8287K(8384K)
[216.326s][info][gc          ] GC(439) Pause Young (Concurrent Start) (G1 Evacuation Pause) 540M->249M(574M) 6.569ms
[216.326s][info][gc,cpu      ] GC(439) User=0.01s Sys=0.00s Real=0.01s
[216.326s][info][gc          ] GC(440) Concurrent Mark Cycle
[216.326s][info][gc,marking  ] GC(440) Concurrent Scan Root Regions
[216.332s][info][gc,marking  ] GC(440) Concurrent Scan Root Regions 5.919ms
[216.332s][info][gc,marking  ] GC(440) Concurrent Mark
[216.332s][info][gc,marking  ] GC(440) Concurrent Mark From Roots
[216.332s][info][gc,task     ] GC(440) Using 1 workers of 1 for marking
[216.399s][info][gc,marking  ] GC(440) Concurrent Mark From Roots 66.238ms
[216.399s][info][gc,marking  ] GC(440) Concurrent Preclean
[216.399s][info][gc,marking  ] GC(440) Concurrent Preclean 0.073ms
[216.399s][info][gc,start    ] GC(440) Pause Remark
[216.409s][info][gc          ] GC(440) Pause Remark 273M->273M(574M) 9.756ms
[216.409s][info][gc,cpu      ] GC(440) User=0.01s Sys=0.00s Real=0.01s
[216.409s][info][gc,marking  ] GC(440) Concurrent Mark 76.713ms
[216.409s][info][gc,marking  ] GC(440) Concurrent Rebuild Remembered Sets and Scrub Regions
[216.443s][info][gc,marking  ] GC(440) Concurrent Rebuild Remembered Sets and Scrub Regions 33.531ms
[216.443s][info][gc,start    ] GC(440) Pause Cleanup
[216.443s][info][gc          ] GC(440) Pause Cleanup 292M->292M(574M) 0.120ms
[216.443s][info][gc,cpu      ] GC(440) User=0.00s Sys=0.00s Real=0.00s
[216.445s][info][gc,marking  ] GC(440) Concurrent Clear Claimed Marks
[216.445s][info][gc,marking  ] GC(440) Concurrent Clear Claimed Marks 0.118ms
[216.445s][info][gc,marking  ] GC(440) Concurrent Cleanup for Next Mark
[216.448s][info][gc,marking  ] GC(440) Concurrent Cleanup for Next Mark 3.385ms
[216.448s][info][gc          ] GC(440) Concurrent Mark Cycle 121.811ms
[217.098s][info][gc,start    ] GC(441) Pause Young (Prepare Mixed) (G1 Evacuation Pause)
[217.098s][info][gc,task     ] GC(441) Using 2 workers of 2 for evacuation
[217.102s][info][gc,phases   ] GC(441)   Pre Evacuate Collection Set: 0.28ms
[217.102s][info][gc,phases   ] GC(441)   Merge Heap Roots: 0.12ms
[217.102s][info][gc,phases   ] GC(441)   Evacuate Collection Set: 2.71ms
[217.102s][info][gc,phases   ] GC(441)   Post Evacuate Collection Set: 0.61ms
[217.102s][info][gc,phases   ] GC(441)   Other: 0.12ms
[217.102s][info][gc,heap     ] GC(441) Eden regions: 290->0(294)
[217.102s][info][gc,heap     ] GC(441) Survivor regions: 3->1(37)
[217.102s][info][gc,heap     ] GC(441) Old regions: 41->41
[217.102s][info][gc,heap     ] GC(441) Humongous regions: 207->207
[217.102s][info][gc,metaspace] GC(441) Metaspace: 56656K(57024K)->56656K(57024K) NonClass: 48368K(48640K)->48368K(48640K) Class: 8287K(8384K)->8287K(8384K)
[217.102s][info][gc          ] GC(441) Pause Young (Prepare Mixed) (G1 Evacuation Pause) 539M->248M(574M) 4.041ms
[217.102s][info][gc,cpu      ] GC(441) User=0.00s Sys=0.00s Real=0.01s
[217.841s][info][gc,start    ] GC(442) Pause Young (Mixed) (G1 Evacuation Pause)
[217.841s][info][gc,task     ] GC(442) Using 2 workers of 2 for evacuation
[217.848s][info][gc,phases   ] GC(442)   Pre Evacuate Collection Set: 0.30ms
[217.848s][info][gc,phases   ] GC(442)   Merge Heap Roots: 0.15ms
[217.848s][info][gc,phases   ] GC(442)   Evacuate Collection Set: 6.10ms
[217.848s][info][gc,phases   ] GC(442)   Post Evacuate Collection Set: 0.72ms
[217.848s][info][gc,phases   ] GC(442)   Other: 0.09ms
[217.848s][info][gc,heap     ] GC(442) Eden regions: 294->0(292)
[217.848s][info][gc,heap     ] GC(442) Survivor regions: 1->2(37)
[217.848s][info][gc,heap     ] GC(442) Old regions: 41->41
[217.848s][info][gc,heap     ] GC(442) Humongous regions: 207->207
[217.848s][info][gc,metaspace] GC(442) Metaspace: 56656K(57024K)->56656K(57024K) NonClass: 48368K(48640K)->48368K(48640K) Class: 8287K(8384K)->8287K(8384K)
[217.848s][info][gc          ] GC(442) Pause Young (Mixed) (G1 Evacuation Pause) 542M->249M(574M) 7.561ms
[217.848s][info][gc,cpu      ] GC(442) User=0.02s Sys=0.00s Real=0.01s
[218.695s][info][gc,start    ] GC(443) Pause Young (Concurrent Start) (G1 Evacuation Pause)
[218.695s][info][gc,task     ] GC(443) Using 2 workers of 2 for evacuation
[218.699s][info][gc,phases   ] GC(443)   Pre Evacuate Collection Set: 0.29ms
[218.699s][info][gc,phases   ] GC(443)   Merge Heap Roots: 0.10ms
[218.699s][info][gc,phases   ] GC(443)   Evacuate Collection Set: 2.48ms
[218.699s][info][gc,phases   ] GC(443)   Post Evacuate Collection Set: 0.59ms
[218.699s][info][gc,phases   ] GC(443)   Other: 0.11ms
[218.699s][info][gc,heap     ] GC(443) Eden regions: 292->0(294)
[218.699s][info][gc,heap     ] GC(443) Survivor regions: 2->1(37)
[218.699s][info][gc,heap     ] GC(443) Old regions: 41->41
[218.699s][info][gc,heap     ] GC(443) Humongous regions: 207->207
[218.699s][info][gc,metaspace] GC(443) Metaspace: 56656K(57024K)->56656K(57024K) NonClass: 48368K(48640K)->48368K(48640K) Class: 8287K(8384K)->8287K(8384K)
[218.699s][info][gc          ] GC(443) Pause Young (Concurrent Start) (G1 Evacuation Pause) 541M->248M(574M) 3.769ms
[218.699s][info][gc,cpu      ] GC(443) User=0.00s Sys=0.00s Real=0.00s
[218.699s][info][gc          ] GC(444) Concurrent Mark Cycle
[218.699s][info][gc,marking  ] GC(444) Concurrent Scan Root Regions
[218.701s][info][gc,marking  ] GC(444) Concurrent Scan Root Regions 2.006ms
[218.701s][info][gc,marking  ] GC(444) Concurrent Mark
[218.701s][info][gc,marking  ] GC(444) Concurrent Mark From Roots
[218.701s][info][gc,task     ] GC(444) Using 1 workers of 1 for marking
[218.765s][info][gc,marking  ] GC(444) Concurrent Mark From Roots 64.244ms
[218.765s][info][gc,marking  ] GC(444) Concurrent Preclean
[218.765s][info][gc,marking  ] GC(444) Concurrent Preclean 0.065ms
[218.765s][info][gc,start    ] GC(444) Pause Remark
[218.775s][info][gc          ] GC(444) Pause Remark 276M->276M(574M) 9.137ms
[218.775s][info][gc,cpu      ] GC(444) User=0.02s Sys=0.00s Real=0.01s
[218.778s][info][gc,marking  ] GC(444) Concurrent Mark 77.113ms
[218.778s][info][gc,marking  ] GC(444) Concurrent Rebuild Remembered Sets and Scrub Regions
[218.805s][info][gc,marking  ] GC(444) Concurrent Rebuild Remembered Sets and Scrub Regions 26.827ms
[218.805s][info][gc,start    ] GC(444) Pause Cleanup
[218.805s][info][gc          ] GC(444) Pause Cleanup 291M->291M(574M) 0.072ms
[218.805s][info][gc,cpu      ] GC(444) User=0.00s Sys=0.00s Real=0.00s
[218.805s][info][gc,marking  ] GC(444) Concurrent Clear Claimed Marks
[218.805s][info][gc,marking  ] GC(444) Concurrent Clear Claimed Marks 0.105ms
[218.805s][info][gc,marking  ] GC(444) Concurrent Cleanup for Next Mark
[218.808s][info][gc,marking  ] GC(444) Concurrent Cleanup for Next Mark 3.120ms
[218.809s][info][gc          ] GC(444) Concurrent Mark Cycle 109.653ms
[219.407s][info][gc,start    ] GC(445) Pause Young (Prepare Mixed) (G1 Evacuation Pause)
[219.407s][info][gc,task     ] GC(445) Using 2 workers of 2 for evacuation
[219.411s][info][gc,phases   ] GC(445)   Pre Evacuate Collection Set: 0.28ms
[219.411s][info][gc,phases   ] GC(445)   Merge Heap Roots: 0.11ms
[219.411s][info][gc,phases   ] GC(445)   Evacuate Collection Set: 2.77ms
[219.411s][info][gc,phases   ] GC(445)   Post Evacuate Collection Set: 0.63ms
[219.411s][info][gc,phases   ] GC(445)   Other: 0.10ms
[219.411s][info][gc,heap     ] GC(445) Eden regions: 294->0(292)
[219.411s][info][gc,heap     ] GC(445) Survivor regions: 1->2(37)
[219.411s][info][gc,heap     ] GC(445) Old regions: 41->41
[219.411s][info][gc,heap     ] GC(445) Humongous regions: 207->207
[219.411s][info][gc,metaspace] GC(445) Metaspace: 56656K(57024K)->56656K(57024K) NonClass: 48368K(48640K)->48368K(48640K) Class: 8287K(8384K)->8287K(8384K)
[219.411s][info][gc          ] GC(445) Pause Young (Prepare Mixed) (G1 Evacuation Pause) 542M->248M(574M) 4.082ms
[219.411s][info][gc,cpu      ] GC(445) User=0.01s Sys=0.00s Real=0.00s
[220.152s][info][gc,start    ] GC(446) Pause Young (Mixed) (G1 Evacuation Pause)
[220.152s][info][gc,task     ] GC(446) Using 2 workers of 2 for evacuation
[220.157s][info][gc,phases   ] GC(446)   Pre Evacuate Collection Set: 0.28ms
[220.157s][info][gc,phases   ] GC(446)   Merge Heap Roots: 0.12ms
[220.157s][info][gc,phases   ] GC(446)   Evacuate Collection Set: 3.64ms
[220.157s][info][gc,phases   ] GC(446)   Post Evacuate Collection Set: 0.61ms
[220.157s][info][gc,phases   ] GC(446)   Other: 0.08ms
[220.157s][info][gc,heap     ] GC(446) Eden regions: 292->0(294)
[220.157s][info][gc,heap     ] GC(446) Survivor regions: 2->1(37)
[220.157s][info][gc,heap     ] GC(446) Old regions: 41->41
[220.157s][info][gc,heap     ] GC(446) Humongous regions: 207->207
[220.157s][info][gc,metaspace] GC(446) Metaspace: 56658K(57024K)->56658K(57024K) NonClass: 48370K(48640K)->48370K(48640K) Class: 8287K(8384K)->8287K(8384K)
[220.157s][info][gc          ] GC(446) Pause Young (Mixed) (G1 Evacuation Pause) 540M->247M(574M) 4.892ms
[220.157s][info][gc,cpu      ] GC(446) User=0.00s Sys=0.00s Real=0.01s
[220.165s][info][gc,start    ] GC(447) Pause Young (Concurrent Start) (G1 Humongous Allocation)
[220.165s][info][gc,task     ] GC(447) Using 2 workers of 2 for evacuation
[220.168s][info][gc,phases   ] GC(447)   Pre Evacuate Collection Set: 0.24ms
[220.168s][info][gc,phases   ] GC(447)   Merge Heap Roots: 0.07ms
[220.168s][info][gc,phases   ] GC(447)   Evacuate Collection Set: 1.66ms
[220.168s][info][gc,phases   ] GC(447)   Post Evacuate Collection Set: 0.29ms
[220.168s][info][gc,phases   ] GC(447)   Other: 0.08ms
[220.168s][info][gc,heap     ] GC(447) Eden regions: 1->0(294)
[220.168s][info][gc,heap     ] GC(447) Survivor regions: 1->1(37)
[220.168s][info][gc,heap     ] GC(447) Old regions: 41->41
[220.168s][info][gc,heap     ] GC(447) Humongous regions: 207->207
[220.168s][info][gc,metaspace] GC(447) Metaspace: 56661K(57024K)->56661K(57024K) NonClass: 48373K(48640K)->48373K(48640K) Class: 8287K(8384K)->8287K(8384K)
[220.168s][info][gc          ] GC(447) Pause Young (Concurrent Start) (G1 Humongous Allocation) 248M->247M(574M) 2.503ms
[220.168s][info][gc,cpu      ] GC(447) User=0.00s Sys=0.00s Real=0.00s
[220.168s][info][gc          ] GC(448) Concurrent Mark Cycle
[220.168s][info][gc,marking  ] GC(448) Concurrent Scan Root Regions
[220.170s][info][gc,marking  ] GC(448) Concurrent Scan Root Regions 1.944ms
[220.170s][info][gc,marking  ] GC(448) Concurrent Mark
[220.170s][info][gc,marking  ] GC(448) Concurrent Mark From Roots
[220.170s][info][gc,task     ] GC(448) Using 1 workers of 1 for marking
[220.212s][info][gc,marking  ] GC(448) Concurrent Mark From Roots 41.364ms
[220.212s][info][gc,marking  ] GC(448) Concurrent Preclean
[220.212s][info][gc,marking  ] GC(448) Concurrent Preclean 0.089ms
[220.216s][info][gc,start    ] GC(448) Pause Remark
[220.228s][info][gc          ] GC(448) Pause Remark 287M->287M(574M) 11.682ms
[220.228s][info][gc,cpu      ] GC(448) User=0.02s Sys=0.00s Real=0.01s
[220.228s][info][gc,marking  ] GC(448) Concurrent Mark 57.738ms
[220.228s][info][gc,marking  ] GC(448) Concurrent Rebuild Remembered Sets and Scrub Regions
[220.245s][info][gc,marking  ] GC(448) Concurrent Rebuild Remembered Sets and Scrub Regions 17.118ms
[220.245s][info][gc,start    ] GC(448) Pause Cleanup
[220.246s][info][gc          ] GC(448) Pause Cleanup 287M->287M(574M) 0.076ms
[220.246s][info][gc,cpu      ] GC(448) User=0.00s Sys=0.00s Real=0.00s
[220.246s][info][gc,marking  ] GC(448) Concurrent Clear Claimed Marks
[220.246s][info][gc,marking  ] GC(448) Concurrent Clear Claimed Marks 0.091ms
[220.246s][info][gc,marking  ] GC(448) Concurrent Cleanup for Next Mark
[220.247s][info][gc,marking  ] GC(448) Concurrent Cleanup for Next Mark 1.761ms
[220.247s][info][gc          ] GC(448) Concurrent Mark Cycle 79.075ms
[223.594s][info][gc,start    ] GC(449) Pause Young (Prepare Mixed) (G1 Evacuation Pause)
[223.594s][info][gc,task     ] GC(449) Using 2 workers of 2 for evacuation
[223.608s][info][gc,phases   ] GC(449)   Pre Evacuate Collection Set: 0.30ms
[223.608s][info][gc,phases   ] GC(449)   Merge Heap Roots: 0.18ms
[223.608s][info][gc,phases   ] GC(449)   Evacuate Collection Set: 12.98ms
[223.608s][info][gc,phases   ] GC(449)   Post Evacuate Collection Set: 0.77ms
[223.608s][info][gc,phases   ] GC(449)   Other: 0.08ms
[223.608s][info][gc,heap     ] GC(449) Eden regions: 169->0(283)
[223.608s][info][gc,heap     ] GC(449) Survivor regions: 1->13(37)
[223.608s][info][gc,heap     ] GC(449) Old regions: 41->41
[223.608s][info][gc,heap     ] GC(449) Humongous regions: 363->207
[223.608s][info][gc,metaspace] GC(449) Metaspace: 56901K(57216K)->56901K(57216K) NonClass: 48613K(48832K)->48613K(48832K) Class: 8287K(8384K)->8287K(8384K)
[223.608s][info][gc          ] GC(449) Pause Young (Prepare Mixed) (G1 Evacuation Pause) 572M->260M(587M) 14.534ms
[223.608s][info][gc,cpu      ] GC(449) User=0.01s Sys=0.01s Real=0.01s
[224.309s][info][gc,start    ] GC(450) Pause Young (Mixed) (G1 Evacuation Pause)
[224.309s][info][gc,task     ] GC(450) Using 2 workers of 2 for evacuation
[224.320s][info][gc,phases   ] GC(450)   Pre Evacuate Collection Set: 0.27ms
[224.320s][info][gc,phases   ] GC(450)   Merge Heap Roots: 0.12ms
[224.320s][info][gc,phases   ] GC(450)   Evacuate Collection Set: 9.81ms
[224.320s][info][gc,phases   ] GC(450)   Post Evacuate Collection Set: 0.75ms
[224.320s][info][gc,phases   ] GC(450)   Other: 0.08ms
[224.320s][info][gc,heap     ] GC(450) Eden regions: 283->0(281)
[224.320s][info][gc,heap     ] GC(450) Survivor regions: 13->14(37)
[224.320s][info][gc,heap     ] GC(450) Old regions: 41->41
[224.320s][info][gc,heap     ] GC(450) Humongous regions: 207->207
[224.320s][info][gc,metaspace] GC(450) Metaspace: 56901K(57216K)->56901K(57216K) NonClass: 48613K(48832K)->48613K(48832K) Class: 8287K(8384K)->8287K(8384K)
[224.320s][info][gc          ] GC(450) Pause Young (Mixed) (G1 Evacuation Pause) 543M->261M(587M) 11.237ms
[224.320s][info][gc,cpu      ] GC(450) User=0.02s Sys=0.00s Real=0.01s
[225.037s][info][gc,start    ] GC(451) Pause Young (Concurrent Start) (G1 Evacuation Pause)
[225.037s][info][gc,task     ] GC(451) Using 2 workers of 2 for evacuation
[225.045s][info][gc,phases   ] GC(451)   Pre Evacuate Collection Set: 0.32ms
[225.045s][info][gc,phases   ] GC(451)   Merge Heap Roots: 0.12ms
[225.045s][info][gc,phases   ] GC(451)   Evacuate Collection Set: 6.78ms
[225.045s][info][gc,phases   ] GC(451)   Post Evacuate Collection Set: 0.68ms
[225.045s][info][gc,phases   ] GC(451)   Other: 0.13ms
[225.045s][info][gc,heap     ] GC(451) Eden regions: 281->0(281)
[225.045s][info][gc,heap     ] GC(451) Survivor regions: 14->14(37)
[225.045s][info][gc,heap     ] GC(451) Old regions: 41->41
[225.045s][info][gc,heap     ] GC(451) Humongous regions: 207->207
[225.045s][info][gc,metaspace] GC(451) Metaspace: 56901K(57216K)->56901K(57216K) NonClass: 48613K(48832K)->48613K(48832K) Class: 8287K(8384K)->8287K(8384K)
[225.045s][info][gc          ] GC(451) Pause Young (Concurrent Start) (G1 Evacuation Pause) 542M->260M(587M) 8.216ms
[225.045s][info][gc          ] GC(452) Concurrent Mark Cycle
[225.045s][info][gc,marking  ] GC(452) Concurrent Scan Root Regions
[225.046s][info][gc,cpu      ] GC(451) User=0.01s Sys=0.00s Real=0.01s
[225.051s][info][gc,marking  ] GC(452) Concurrent Scan Root Regions 6.132ms
[225.051s][info][gc,marking  ] GC(452) Concurrent Mark
[225.051s][info][gc,marking  ] GC(452) Concurrent Mark From Roots
[225.051s][info][gc,task     ] GC(452) Using 1 workers of 1 for marking
[225.092s][info][gc,marking  ] GC(452) Concurrent Mark From Roots 40.492ms
[225.092s][info][gc,marking  ] GC(452) Concurrent Preclean
[225.092s][info][gc,marking  ] GC(452) Concurrent Preclean 0.055ms
[225.092s][info][gc,start    ] GC(452) Pause Remark
[225.102s][info][gc          ] GC(452) Pause Remark 265M->265M(587M) 9.432ms
[225.102s][info][gc,cpu      ] GC(452) User=0.02s Sys=0.00s Real=0.00s
[225.102s][info][gc,marking  ] GC(452) Concurrent Mark 51.152ms
[225.102s][info][gc,marking  ] GC(452) Concurrent Rebuild Remembered Sets and Scrub Regions
[225.123s][info][gc,marking  ] GC(452) Concurrent Rebuild Remembered Sets and Scrub Regions 20.614ms
[225.123s][info][gc,start    ] GC(452) Pause Cleanup
[225.123s][info][gc          ] GC(452) Pause Cleanup 275M->275M(587M) 0.067ms
[225.123s][info][gc,cpu      ] GC(452) User=0.00s Sys=0.00s Real=0.00s
[225.123s][info][gc,marking  ] GC(452) Concurrent Clear Claimed Marks
[225.123s][info][gc,marking  ] GC(452) Concurrent Clear Claimed Marks 0.089ms
[225.123s][info][gc,marking  ] GC(452) Concurrent Cleanup for Next Mark
[225.127s][info][gc,marking  ] GC(452) Concurrent Cleanup for Next Mark 3.692ms
[225.127s][info][gc          ] GC(452) Concurrent Mark Cycle 82.076ms
[225.811s][info][gc,start    ] GC(453) Pause Young (Prepare Mixed) (G1 Evacuation Pause)
[225.811s][info][gc,task     ] GC(453) Using 2 workers of 2 for evacuation
[225.821s][info][gc,phases   ] GC(453)   Pre Evacuate Collection Set: 0.30ms
[225.821s][info][gc,phases   ] GC(453)   Merge Heap Roots: 0.12ms
[225.821s][info][gc,phases   ] GC(453)   Evacuate Collection Set: 8.00ms
[225.821s][info][gc,phases   ] GC(453)   Post Evacuate Collection Set: 0.87ms
[225.821s][info][gc,phases   ] GC(453)   Other: 0.08ms
[225.821s][info][gc,heap     ] GC(453) Eden regions: 281->0(279)
[225.821s][info][gc,heap     ] GC(453) Survivor regions: 14->15(37)
[225.821s][info][gc,heap     ] GC(453) Old regions: 41->41
[225.821s][info][gc,heap     ] GC(453) Humongous regions: 207->207
[225.821s][info][gc,metaspace] GC(453) Metaspace: 56901K(57216K)->56901K(57216K) NonClass: 48613K(48832K)->48613K(48832K) Class: 8287K(8384K)->8287K(8384K)
[225.821s][info][gc          ] GC(453) Pause Young (Prepare Mixed) (G1 Evacuation Pause) 541M->261M(587M) 9.573ms
[225.821s][info][gc,cpu      ] GC(453) User=0.02s Sys=0.00s Real=0.01s
[226.534s][info][gc,start    ] GC(454) Pause Young (Mixed) (G1 Evacuation Pause)
[226.534s][info][gc,task     ] GC(454) Using 2 workers of 2 for evacuation
[226.546s][info][gc,phases   ] GC(454)   Pre Evacuate Collection Set: 0.43ms
[226.546s][info][gc,phases   ] GC(454)   Merge Heap Roots: 0.13ms
[226.546s][info][gc,phases   ] GC(454)   Evacuate Collection Set: 10.55ms
[226.546s][info][gc,phases   ] GC(454)   Post Evacuate Collection Set: 0.75ms
[226.546s][info][gc,phases   ] GC(454)   Other: 0.08ms
[226.546s][info][gc,heap     ] GC(454) Eden regions: 279->0(279)
[226.546s][info][gc,heap     ] GC(454) Survivor regions: 15->15(37)
[226.546s][info][gc,heap     ] GC(454) Old regions: 41->41
[226.546s][info][gc,heap     ] GC(454) Humongous regions: 207->207
[226.546s][info][gc,metaspace] GC(454) Metaspace: 56901K(57216K)->56901K(57216K) NonClass: 48613K(48832K)->48613K(48832K) Class: 8287K(8384K)->8287K(8384K)
[226.546s][info][gc          ] GC(454) Pause Young (Mixed) (G1 Evacuation Pause) 540M->261M(587M) 12.165ms
[226.546s][info][gc,cpu      ] GC(454) User=0.02s Sys=0.00s Real=0.01s
[227.293s][info][gc,start    ] GC(455) Pause Young (Concurrent Start) (G1 Evacuation Pause)
[227.293s][info][gc,task     ] GC(455) Using 2 workers of 2 for evacuation
[227.300s][info][gc,phases   ] GC(455)   Pre Evacuate Collection Set: 0.31ms
[227.300s][info][gc,phases   ] GC(455)   Merge Heap Roots: 0.12ms
[227.300s][info][gc,phases   ] GC(455)   Evacuate Collection Set: 6.31ms
[227.300s][info][gc,phases   ] GC(455)   Post Evacuate Collection Set: 0.71ms
[227.300s][info][gc,phases   ] GC(455)   Other: 0.12ms
[227.300s][info][gc,heap     ] GC(455) Eden regions: 279->0(283)
[227.300s][info][gc,heap     ] GC(455) Survivor regions: 15->13(37)
[227.300s][info][gc,heap     ] GC(455) Old regions: 41->41
[227.300s][info][gc,heap     ] GC(455) Humongous regions: 207->207
[227.300s][info][gc,metaspace] GC(455) Metaspace: 56901K(57216K)->56901K(57216K) NonClass: 48613K(48832K)->48613K(48832K) Class: 8287K(8384K)->8287K(8384K)
[227.301s][info][gc          ] GC(455) Pause Young (Concurrent Start) (G1 Evacuation Pause) 540M->260M(587M) 7.788ms
[227.301s][info][gc          ] GC(456) Concurrent Mark Cycle
[227.301s][info][gc,marking  ] GC(456) Concurrent Scan Root Regions
[227.301s][info][gc,cpu      ] GC(455) User=0.02s Sys=0.00s Real=0.00s
[227.311s][info][gc,marking  ] GC(456) Concurrent Scan Root Regions 10.027ms
[227.311s][info][gc,marking  ] GC(456) Concurrent Mark
[227.311s][info][gc,marking  ] GC(456) Concurrent Mark From Roots
[227.311s][info][gc,task     ] GC(456) Using 1 workers of 1 for marking
[227.377s][info][gc,marking  ] GC(456) Concurrent Mark From Roots 66.720ms
[227.377s][info][gc,marking  ] GC(456) Concurrent Preclean
[227.377s][info][gc,marking  ] GC(456) Concurrent Preclean 0.048ms
[227.378s][info][gc,start    ] GC(456) Pause Remark
[227.388s][info][gc          ] GC(456) Pause Remark 296M->296M(587M) 10.103ms
[227.388s][info][gc,cpu      ] GC(456) User=0.02s Sys=0.00s Real=0.01s
[227.388s][info][gc,marking  ] GC(456) Concurrent Mark 77.429ms
[227.388s][info][gc,marking  ] GC(456) Concurrent Rebuild Remembered Sets and Scrub Regions
[227.431s][info][gc,marking  ] GC(456) Concurrent Rebuild Remembered Sets and Scrub Regions 43.138ms
[227.431s][info][gc,start    ] GC(456) Pause Cleanup
[227.432s][info][gc          ] GC(456) Pause Cleanup 323M->323M(587M) 0.077ms
[227.432s][info][gc,cpu      ] GC(456) User=0.00s Sys=0.00s Real=0.00s
[227.432s][info][gc,marking  ] GC(456) Concurrent Clear Claimed Marks
[227.432s][info][gc,marking  ] GC(456) Concurrent Clear Claimed Marks 0.094ms
[227.432s][info][gc,marking  ] GC(456) Concurrent Cleanup for Next Mark
[227.434s][info][gc,marking  ] GC(456) Concurrent Cleanup for Next Mark 1.999ms
[227.434s][info][gc          ] GC(456) Concurrent Mark Cycle 133.136ms
[228.021s][info][gc,start    ] GC(457) Pause Young (Prepare Mixed) (G1 Evacuation Pause)
[228.021s][info][gc,task     ] GC(457) Using 2 workers of 2 for evacuation
[228.031s][info][gc,phases   ] GC(457)   Pre Evacuate Collection Set: 0.32ms
[228.031s][info][gc,phases   ] GC(457)   Merge Heap Roots: 0.17ms
[228.031s][info][gc,phases   ] GC(457)   Evacuate Collection Set: 8.40ms
[228.031s][info][gc,phases   ] GC(457)   Post Evacuate Collection Set: 0.74ms
[228.031s][info][gc,phases   ] GC(457)   Other: 0.09ms
[228.031s][info][gc,heap     ] GC(457) Eden regions: 283->0(277)
[228.031s][info][gc,heap     ] GC(457) Survivor regions: 13->16(37)
[228.031s][info][gc,heap     ] GC(457) Old regions: 41->41
[228.031s][info][gc,heap     ] GC(457) Humongous regions: 207->207
[228.031s][info][gc,metaspace] GC(457) Metaspace: 56901K(57216K)->56901K(57216K) NonClass: 48613K(48832K)->48613K(48832K) Class: 8287K(8384K)->8287K(8384K)
[228.031s][info][gc          ] GC(457) Pause Young (Prepare Mixed) (G1 Evacuation Pause) 542M->262M(587M) 9.936ms
[228.031s][info][gc,cpu      ] GC(457) User=0.02s Sys=0.00s Real=0.01s
[228.731s][info][gc,start    ] GC(458) Pause Young (Mixed) (G1 Evacuation Pause)
[228.731s][info][gc,task     ] GC(458) Using 2 workers of 2 for evacuation
[228.742s][info][gc,phases   ] GC(458)   Pre Evacuate Collection Set: 0.28ms
[228.742s][info][gc,phases   ] GC(458)   Merge Heap Roots: 0.13ms
[228.742s][info][gc,phases   ] GC(458)   Evacuate Collection Set: 10.05ms
[228.742s][info][gc,phases   ] GC(458)   Post Evacuate Collection Set: 0.71ms
[228.742s][info][gc,phases   ] GC(458)   Other: 0.08ms
[228.742s][info][gc,heap     ] GC(458) Eden regions: 277->0(280)
[228.742s][info][gc,heap     ] GC(458) Survivor regions: 16->15(37)
[228.742s][info][gc,heap     ] GC(458) Old regions: 41->40
[228.742s][info][gc,heap     ] GC(458) Humongous regions: 207->207
[228.742s][info][gc,metaspace] GC(458) Metaspace: 56904K(57216K)->56904K(57216K) NonClass: 48616K(48832K)->48616K(48832K) Class: 8287K(8384K)->8287K(8384K)
[228.742s][info][gc          ] GC(458) Pause Young (Mixed) (G1 Evacuation Pause) 539M->261M(587M) 11.482ms
[228.742s][info][gc,cpu      ] GC(458) User=0.03s Sys=0.00s Real=0.02s
[229.500s][info][gc,start    ] GC(459) Pause Young (Concurrent Start) (G1 Evacuation Pause)
[229.500s][info][gc,task     ] GC(459) Using 2 workers of 2 for evacuation
[229.508s][info][gc,phases   ] GC(459)   Pre Evacuate Collection Set: 0.31ms
[229.508s][info][gc,phases   ] GC(459)   Merge Heap Roots: 0.11ms
[229.508s][info][gc,phases   ] GC(459)   Evacuate Collection Set: 6.98ms
[229.508s][info][gc,phases   ] GC(459)   Post Evacuate Collection Set: 0.67ms
[229.508s][info][gc,phases   ] GC(459)   Other: 0.10ms
[229.508s][info][gc,heap     ] GC(459) Eden regions: 280->0(280)
[229.508s][info][gc,heap     ] GC(459) Survivor regions: 15->15(37)
[229.508s][info][gc,heap     ] GC(459) Old regions: 40->40
[229.508s][info][gc,heap     ] GC(459) Humongous regions: 207->207
[229.508s][info][gc,metaspace] GC(459) Metaspace: 56905K(57216K)->56905K(57216K) NonClass: 48617K(48832K)->48617K(48832K) Class: 8287K(8384K)->8287K(8384K)
[229.508s][info][gc          ] GC(459) Pause Young (Concurrent Start) (G1 Evacuation Pause) 541M->261M(587M) 8.357ms
[229.508s][info][gc,cpu      ] GC(459) User=0.02s Sys=0.00s Real=0.01s
[229.508s][info][gc          ] GC(460) Concurrent Mark Cycle
[229.508s][info][gc,marking  ] GC(460) Concurrent Scan Root Regions
[229.517s][info][gc,marking  ] GC(460) Concurrent Scan Root Regions 8.653ms
[229.517s][info][gc,marking  ] GC(460) Concurrent Mark
[229.517s][info][gc,marking  ] GC(460) Concurrent Mark From Roots
[229.517s][info][gc,task     ] GC(460) Using 1 workers of 1 for marking
[229.580s][info][gc,marking  ] GC(460) Concurrent Mark From Roots 62.485ms
[229.580s][info][gc,marking  ] GC(460) Concurrent Preclean
[229.580s][info][gc,marking  ] GC(460) Concurrent Preclean 0.063ms
[229.580s][info][gc,start    ] GC(460) Pause Remark
[229.589s][info][gc          ] GC(460) Pause Remark 294M->294M(587M) 9.424ms
[229.589s][info][gc,cpu      ] GC(460) User=0.02s Sys=0.00s Real=0.01s
[229.589s][info][gc,marking  ] GC(460) Concurrent Mark 72.234ms
[229.589s][info][gc,marking  ] GC(460) Concurrent Rebuild Remembered Sets and Scrub Regions
[229.611s][info][gc,marking  ] GC(460) Concurrent Rebuild Remembered Sets and Scrub Regions 21.909ms
[229.611s][info][gc,start    ] GC(460) Pause Cleanup
[229.612s][info][gc          ] GC(460) Pause Cleanup 306M->306M(587M) 0.066ms
[229.612s][info][gc,cpu      ] GC(460) User=0.00s Sys=0.00s Real=0.00s
[229.613s][info][gc,marking  ] GC(460) Concurrent Clear Claimed Marks
[229.613s][info][gc,marking  ] GC(460) Concurrent Clear Claimed Marks 0.112ms
[229.613s][info][gc,marking  ] GC(460) Concurrent Cleanup for Next Mark
[229.615s][info][gc,marking  ] GC(460) Concurrent Cleanup for Next Mark 1.880ms
[229.615s][info][gc          ] GC(460) Concurrent Mark Cycle 106.166ms
[230.223s][info][gc,start    ] GC(461) Pause Young (Prepare Mixed) (G1 Evacuation Pause)
[230.223s][info][gc,task     ] GC(461) Using 2 workers of 2 for evacuation
[230.233s][info][gc,phases   ] GC(461)   Pre Evacuate Collection Set: 0.28ms
[230.233s][info][gc,phases   ] GC(461)   Merge Heap Roots: 0.13ms
[230.233s][info][gc,phases   ] GC(461)   Evacuate Collection Set: 8.72ms
[230.233s][info][gc,phases   ] GC(461)   Post Evacuate Collection Set: 0.68ms
[230.233s][info][gc,phases   ] GC(461)   Other: 0.10ms
[230.233s][info][gc,heap     ] GC(461) Eden regions: 280->0(280)
[230.233s][info][gc,heap     ] GC(461) Survivor regions: 15->15(37)
[230.233s][info][gc,heap     ] GC(461) Old regions: 40->40
[230.233s][info][gc,heap     ] GC(461) Humongous regions: 207->207
[230.233s][info][gc,metaspace] GC(461) Metaspace: 56905K(57216K)->56905K(57216K) NonClass: 48617K(48832K)->48617K(48832K) Class: 8287K(8384K)->8287K(8384K)
[230.233s][info][gc          ] GC(461) Pause Young (Prepare Mixed) (G1 Evacuation Pause) 541M->262M(587M) 10.152ms
[230.233s][info][gc,cpu      ] GC(461) User=0.02s Sys=0.00s Real=0.01s
[230.941s][info][gc,start    ] GC(462) Pause Young (Mixed) (G1 Evacuation Pause)
[230.941s][info][gc,task     ] GC(462) Using 2 workers of 2 for evacuation
[230.953s][info][gc,phases   ] GC(462)   Pre Evacuate Collection Set: 0.29ms
[230.953s][info][gc,phases   ] GC(462)   Merge Heap Roots: 0.15ms
[230.953s][info][gc,phases   ] GC(462)   Evacuate Collection Set: 10.08ms
[230.953s][info][gc,phases   ] GC(462)   Post Evacuate Collection Set: 0.79ms
[230.953s][info][gc,phases   ] GC(462)   Other: 0.12ms
[230.953s][info][gc,heap     ] GC(462) Eden regions: 280->0(282)
[230.953s][info][gc,heap     ] GC(462) Survivor regions: 15->14(37)
[230.953s][info][gc,heap     ] GC(462) Old regions: 40->40
[230.953s][info][gc,heap     ] GC(462) Humongous regions: 207->207
[230.953s][info][gc,metaspace] GC(462) Metaspace: 56905K(57216K)->56905K(57216K) NonClass: 48617K(48832K)->48617K(48832K) Class: 8287K(8384K)->8287K(8384K)
[230.953s][info][gc          ] GC(462) Pause Young (Mixed) (G1 Evacuation Pause) 542M->260M(587M) 11.647ms
[230.953s][info][gc,cpu      ] GC(462) User=0.02s Sys=0.00s Real=0.02s
[231.812s][info][gc,start    ] GC(463) Pause Young (Concurrent Start) (G1 Evacuation Pause)
[231.812s][info][gc,task     ] GC(463) Using 2 workers of 2 for evacuation
[231.822s][info][gc,phases   ] GC(463)   Pre Evacuate Collection Set: 0.31ms
[231.822s][info][gc,phases   ] GC(463)   Merge Heap Roots: 0.13ms
[231.822s][info][gc,phases   ] GC(463)   Evacuate Collection Set: 8.69ms
[231.822s][info][gc,phases   ] GC(463)   Post Evacuate Collection Set: 0.68ms
[231.822s][info][gc,phases   ] GC(463)   Other: 0.10ms
[231.822s][info][gc,heap     ] GC(463) Eden regions: 282->0(278)
[231.822s][info][gc,heap     ] GC(463) Survivor regions: 14->16(37)
[231.822s][info][gc,heap     ] GC(463) Old regions: 40->40
[231.822s][info][gc,heap     ] GC(463) Humongous regions: 207->207
[231.822s][info][gc,metaspace] GC(463) Metaspace: 56905K(57216K)->56905K(57216K) NonClass: 48617K(48832K)->48617K(48832K) Class: 8287K(8384K)->8287K(8384K)
[231.822s][info][gc          ] GC(463) Pause Young (Concurrent Start) (G1 Evacuation Pause) 542M->262M(587M) 10.113ms
[231.822s][info][gc          ] GC(464) Concurrent Mark Cycle
[231.822s][info][gc,marking  ] GC(464) Concurrent Scan Root Regions
[231.823s][info][gc,cpu      ] GC(463) User=0.02s Sys=0.00s Real=0.01s
[231.833s][info][gc,marking  ] GC(464) Concurrent Scan Root Regions 10.861ms
[231.833s][info][gc,marking  ] GC(464) Concurrent Mark
[231.833s][info][gc,marking  ] GC(464) Concurrent Mark From Roots
[231.833s][info][gc,task     ] GC(464) Using 1 workers of 1 for marking
[231.884s][info][gc,marking  ] GC(464) Concurrent Mark From Roots 51.086ms
[231.885s][info][gc,marking  ] GC(464) Concurrent Preclean
[231.885s][info][gc,marking  ] GC(464) Concurrent Preclean 0.050ms
[231.885s][info][gc,start    ] GC(464) Pause Remark
[231.895s][info][gc          ] GC(464) Pause Remark 282M->282M(587M) 10.179ms
[231.895s][info][gc,cpu      ] GC(464) User=0.02s Sys=0.00s Real=0.01s
[231.896s][info][gc,marking  ] GC(464) Concurrent Mark 62.880ms
[231.896s][info][gc,marking  ] GC(464) Concurrent Rebuild Remembered Sets and Scrub Regions
[231.930s][info][gc,marking  ] GC(464) Concurrent Rebuild Remembered Sets and Scrub Regions 33.897ms
[231.930s][info][gc,start    ] GC(464) Pause Cleanup
[231.930s][info][gc          ] GC(464) Pause Cleanup 303M->303M(587M) 0.093ms
[231.930s][info][gc,cpu      ] GC(464) User=0.00s Sys=0.00s Real=0.00s
[231.931s][info][gc,marking  ] GC(464) Concurrent Clear Claimed Marks
[231.931s][info][gc,marking  ] GC(464) Concurrent Clear Claimed Marks 0.110ms
[231.931s][info][gc,marking  ] GC(464) Concurrent Cleanup for Next Mark
[231.935s][info][gc,marking  ] GC(464) Concurrent Cleanup for Next Mark 4.264ms
[231.935s][info][gc          ] GC(464) Concurrent Mark Cycle 112.703ms
[232.538s][info][gc,start    ] GC(465) Pause Young (Prepare Mixed) (G1 Evacuation Pause)
[232.538s][info][gc,task     ] GC(465) Using 2 workers of 2 for evacuation
[232.546s][info][gc,phases   ] GC(465)   Pre Evacuate Collection Set: 0.29ms
[232.546s][info][gc,phases   ] GC(465)   Merge Heap Roots: 0.12ms
[232.546s][info][gc,phases   ] GC(465)   Evacuate Collection Set: 7.31ms
[232.546s][info][gc,phases   ] GC(465)   Post Evacuate Collection Set: 0.73ms
[232.546s][info][gc,phases   ] GC(465)   Other: 0.09ms
[232.547s][info][gc,heap     ] GC(465) Eden regions: 278->0(280)
[232.547s][info][gc,heap     ] GC(465) Survivor regions: 16->15(37)
[232.547s][info][gc,heap     ] GC(465) Old regions: 40->40
[232.547s][info][gc,heap     ] GC(465) Humongous regions: 207->207
[232.547s][info][gc,metaspace] GC(465) Metaspace: 56905K(57216K)->56905K(57216K) NonClass: 48617K(48832K)->48617K(48832K) Class: 8287K(8384K)->8287K(8384K)
[232.547s][info][gc          ] GC(465) Pause Young (Prepare Mixed) (G1 Evacuation Pause) 540M->261M(587M) 8.765ms
[232.547s][info][gc,cpu      ] GC(465) User=0.01s Sys=0.00s Real=0.01s
[233.302s][info][gc,start    ] GC(466) Pause Young (Mixed) (G1 Evacuation Pause)
[233.302s][info][gc,task     ] GC(466) Using 2 workers of 2 for evacuation
[233.311s][info][gc,phases   ] GC(466)   Pre Evacuate Collection Set: 0.27ms
[233.311s][info][gc,phases   ] GC(466)   Merge Heap Roots: 0.11ms
[233.311s][info][gc,phases   ] GC(466)   Evacuate Collection Set: 7.47ms
[233.311s][info][gc,phases   ] GC(466)   Post Evacuate Collection Set: 0.71ms
[233.311s][info][gc,phases   ] GC(466)   Other: 0.12ms
[233.311s][info][gc,heap     ] GC(466) Eden regions: 280->0(280)
[233.311s][info][gc,heap     ] GC(466) Survivor regions: 15->15(37)
[233.311s][info][gc,heap     ] GC(466) Old regions: 40->40
[233.311s][info][gc,heap     ] GC(466) Humongous regions: 207->207
[233.311s][info][gc,metaspace] GC(466) Metaspace: 56905K(57216K)->56905K(57216K) NonClass: 48617K(48832K)->48617K(48832K) Class: 8287K(8384K)->8287K(8384K)
[233.311s][info][gc          ] GC(466) Pause Young (Mixed) (G1 Evacuation Pause) 541M->261M(587M) 8.891ms
[233.311s][info][gc,cpu      ] GC(466) User=0.01s Sys=0.00s Real=0.01s
[234.015s][info][gc,start    ] GC(467) Pause Young (Concurrent Start) (G1 Evacuation Pause)
[234.015s][info][gc,task     ] GC(467) Using 2 workers of 2 for evacuation
[234.026s][info][gc,phases   ] GC(467)   Pre Evacuate Collection Set: 0.31ms
[234.026s][info][gc,phases   ] GC(467)   Merge Heap Roots: 0.12ms
[234.026s][info][gc,phases   ] GC(467)   Evacuate Collection Set: 9.46ms
[234.026s][info][gc,phases   ] GC(467)   Post Evacuate Collection Set: 0.72ms
[234.026s][info][gc,phases   ] GC(467)   Other: 0.10ms
[234.026s][info][gc,heap     ] GC(467) Eden regions: 280->0(276)
[234.026s][info][gc,heap     ] GC(467) Survivor regions: 15->17(37)
[234.026s][info][gc,heap     ] GC(467) Old regions: 40->40
[234.026s][info][gc,heap     ] GC(467) Humongous regions: 207->207
[234.026s][info][gc,metaspace] GC(467) Metaspace: 56905K(57216K)->56905K(57216K) NonClass: 48617K(48832K)->48617K(48832K) Class: 8287K(8384K)->8287K(8384K)
[234.026s][info][gc          ] GC(467) Pause Young (Concurrent Start) (G1 Evacuation Pause) 541M->263M(587M) 10.964ms
[234.026s][info][gc          ] GC(468) Concurrent Mark Cycle
[234.026s][info][gc,marking  ] GC(468) Concurrent Scan Root Regions
[234.028s][info][gc,cpu      ] GC(467) User=0.02s Sys=0.01s Real=0.01s
[234.033s][info][gc,marking  ] GC(468) Concurrent Scan Root Regions 6.271ms
[234.033s][info][gc,marking  ] GC(468) Concurrent Mark
[234.033s][info][gc,marking  ] GC(468) Concurrent Mark From Roots
[234.033s][info][gc,task     ] GC(468) Using 1 workers of 1 for marking
[234.084s][info][gc,marking  ] GC(468) Concurrent Mark From Roots 51.094ms
[234.084s][info][gc,marking  ] GC(468) Concurrent Preclean
[234.084s][info][gc,marking  ] GC(468) Concurrent Preclean 0.065ms
[234.084s][info][gc,start    ] GC(468) Pause Remark
[234.094s][info][gc          ] GC(468) Pause Remark 280M->273M(587M) 9.695ms
[234.094s][info][gc,cpu      ] GC(468) User=0.02s Sys=0.00s Real=0.01s
[234.094s][info][gc,marking  ] GC(468) Concurrent Mark 61.083ms
[234.094s][info][gc,marking  ] GC(468) Concurrent Rebuild Remembered Sets and Scrub Regions
[234.118s][info][gc,marking  ] GC(468) Concurrent Rebuild Remembered Sets and Scrub Regions 24.399ms
[234.118s][info][gc,start    ] GC(468) Pause Cleanup
[234.118s][info][gc          ] GC(468) Pause Cleanup 284M->284M(587M) 0.081ms
[234.118s][info][gc,cpu      ] GC(468) User=0.00s Sys=0.00s Real=0.00s
[234.118s][info][gc,marking  ] GC(468) Concurrent Clear Claimed Marks
[234.119s][info][gc,marking  ] GC(468) Concurrent Clear Claimed Marks 0.093ms
[234.119s][info][gc,marking  ] GC(468) Concurrent Cleanup for Next Mark
[234.121s][info][gc,marking  ] GC(468) Concurrent Cleanup for Next Mark 2.279ms
[234.121s][info][gc          ] GC(468) Concurrent Mark Cycle 94.582ms
[234.744s][info][gc,start    ] GC(469) Pause Young (Prepare Mixed) (G1 Evacuation Pause)
[234.744s][info][gc,task     ] GC(469) Using 2 workers of 2 for evacuation
[234.752s][info][gc,phases   ] GC(469)   Pre Evacuate Collection Set: 0.30ms
[234.752s][info][gc,phases   ] GC(469)   Merge Heap Roots: 0.16ms
[234.752s][info][gc,phases   ] GC(469)   Evacuate Collection Set: 7.19ms
[234.752s][info][gc,phases   ] GC(469)   Post Evacuate Collection Set: 0.70ms
[234.752s][info][gc,phases   ] GC(469)   Other: 0.10ms
[234.752s][info][gc,heap     ] GC(469) Eden regions: 276->0(297)
[234.752s][info][gc,heap     ] GC(469) Survivor regions: 17->4(37)
[234.752s][info][gc,heap     ] GC(469) Old regions: 33->45
[234.752s][info][gc,heap     ] GC(469) Humongous regions: 207->207
[234.752s][info][gc,metaspace] GC(469) Metaspace: 56905K(57216K)->56905K(57216K) NonClass: 48617K(48832K)->48617K(48832K) Class: 8287K(8384K)->8287K(8384K)
[234.752s][info][gc          ] GC(469) Pause Young (Prepare Mixed) (G1 Evacuation Pause) 532M->255M(587M) 8.698ms
[234.752s][info][gc,cpu      ] GC(469) User=0.01s Sys=0.00s Real=0.01s
[235.597s][info][gc,start    ] GC(470) Pause Young (Mixed) (G1 Evacuation Pause)
[235.597s][info][gc,task     ] GC(470) Using 2 workers of 2 for evacuation
[235.604s][info][gc,phases   ] GC(470)   Pre Evacuate Collection Set: 0.30ms
[235.604s][info][gc,phases   ] GC(470)   Merge Heap Roots: 0.12ms
[235.604s][info][gc,phases   ] GC(470)   Evacuate Collection Set: 5.73ms
[235.604s][info][gc,phases   ] GC(470)   Post Evacuate Collection Set: 0.67ms
[235.604s][info][gc,phases   ] GC(470)   Other: 0.13ms
[235.604s][info][gc,heap     ] GC(470) Eden regions: 297->0(298)
[235.604s][info][gc,heap     ] GC(470) Survivor regions: 4->5(38)
[235.604s][info][gc,heap     ] GC(470) Old regions: 45->42
[235.604s][info][gc,heap     ] GC(470) Humongous regions: 207->207
[235.604s][info][gc,metaspace] GC(470) Metaspace: 56905K(57216K)->56905K(57216K) NonClass: 48617K(48832K)->48617K(48832K) Class: 8287K(8384K)->8287K(8384K)
[235.604s][info][gc          ] GC(470) Pause Young (Mixed) (G1 Evacuation Pause) 552M->254M(587M) 7.175ms
[235.604s][info][gc,cpu      ] GC(470) User=0.01s Sys=0.00s Real=0.01s
[236.321s][info][gc,start    ] GC(471) Pause Young (Concurrent Start) (G1 Evacuation Pause)
[236.322s][info][gc,task     ] GC(471) Using 2 workers of 2 for evacuation
[236.329s][info][gc,phases   ] GC(471)   Pre Evacuate Collection Set: 0.36ms
[236.329s][info][gc,phases   ] GC(471)   Merge Heap Roots: 0.11ms
[236.329s][info][gc,phases   ] GC(471)   Evacuate Collection Set: 5.91ms
[236.329s][info][gc,phases   ] GC(471)   Post Evacuate Collection Set: 0.68ms
[236.329s][info][gc,phases   ] GC(471)   Other: 0.10ms
[236.329s][info][gc,heap     ] GC(471) Eden regions: 298->0(297)
[236.329s][info][gc,heap     ] GC(471) Survivor regions: 5->5(38)
[236.329s][info][gc,heap     ] GC(471) Old regions: 42->43
[236.329s][info][gc,heap     ] GC(471) Humongous regions: 207->207
[236.329s][info][gc,metaspace] GC(471) Metaspace: 56905K(57216K)->56905K(57216K) NonClass: 48617K(48832K)->48617K(48832K) Class: 8287K(8384K)->8287K(8384K)
[236.329s][info][gc          ] GC(471) Pause Young (Concurrent Start) (G1 Evacuation Pause) 551M->253M(587M) 7.385ms
[236.329s][info][gc          ] GC(472) Concurrent Mark Cycle
[236.329s][info][gc,marking  ] GC(472) Concurrent Scan Root Regions
[236.331s][info][gc,cpu      ] GC(471) User=0.02s Sys=0.00s Real=0.01s
[236.334s][info][gc,marking  ] GC(472) Concurrent Scan Root Regions 5.120ms
[236.334s][info][gc,marking  ] GC(472) Concurrent Mark
[236.334s][info][gc,marking  ] GC(472) Concurrent Mark From Roots
[236.334s][info][gc,task     ] GC(472) Using 1 workers of 1 for marking
[236.390s][info][gc,marking  ] GC(472) Concurrent Mark From Roots 55.583ms
[236.390s][info][gc,marking  ] GC(472) Concurrent Preclean
[236.390s][info][gc,marking  ] GC(472) Concurrent Preclean 0.071ms
[236.390s][info][gc,start    ] GC(472) Pause Remark
[236.400s][info][gc          ] GC(472) Pause Remark 266M->265M(587M) 10.075ms
[236.400s][info][gc,cpu      ] GC(472) User=0.02s Sys=0.00s Real=0.01s
[236.402s][info][gc,marking  ] GC(472) Concurrent Mark 68.151ms
[236.402s][info][gc,marking  ] GC(472) Concurrent Rebuild Remembered Sets and Scrub Regions
[236.431s][info][gc,marking  ] GC(472) Concurrent Rebuild Remembered Sets and Scrub Regions 28.584ms
[236.431s][info][gc,start    ] GC(472) Pause Cleanup
[236.431s][info][gc          ] GC(472) Pause Cleanup 281M->281M(587M) 0.092ms
[236.431s][info][gc,cpu      ] GC(472) User=0.00s Sys=0.00s Real=0.00s
[236.431s][info][gc,marking  ] GC(472) Concurrent Clear Claimed Marks
[236.431s][info][gc,marking  ] GC(472) Concurrent Clear Claimed Marks 0.107ms
[236.431s][info][gc,marking  ] GC(472) Concurrent Cleanup for Next Mark
[236.434s][info][gc,marking  ] GC(472) Concurrent Cleanup for Next Mark 2.974ms
[236.434s][info][gc          ] GC(472) Concurrent Mark Cycle 105.459ms
[237.120s][info][gc,start    ] GC(473) Pause Young (Prepare Mixed) (G1 Evacuation Pause)
[237.120s][info][gc,task     ] GC(473) Using 2 workers of 2 for evacuation
[237.126s][info][gc,phases   ] GC(473)   Pre Evacuate Collection Set: 0.31ms
[237.126s][info][gc,phases   ] GC(473)   Merge Heap Roots: 0.12ms
[237.126s][info][gc,phases   ] GC(473)   Evacuate Collection Set: 4.29ms
[237.126s][info][gc,phases   ] GC(473)   Post Evacuate Collection Set: 0.63ms
[237.126s][info][gc,phases   ] GC(473)   Other: 0.08ms
[237.126s][info][gc,heap     ] GC(473) Eden regions: 297->0(300)
[237.126s][info][gc,heap     ] GC(473) Survivor regions: 5->4(38)
[237.126s][info][gc,heap     ] GC(473) Old regions: 42->42
[237.126s][info][gc,heap     ] GC(473) Humongous regions: 207->207
[237.126s][info][gc,metaspace] GC(473) Metaspace: 56905K(57216K)->56905K(57216K) NonClass: 48617K(48832K)->48617K(48832K) Class: 8287K(8384K)->8287K(8384K)
[237.126s][info][gc          ] GC(473) Pause Young (Prepare Mixed) (G1 Evacuation Pause) 549M->251M(587M) 5.643ms
[237.126s][info][gc,cpu      ] GC(473) User=0.01s Sys=0.00s Real=0.01s
[237.910s][info][gc,start    ] GC(474) Pause Young (Mixed) (G1 Evacuation Pause)
[237.911s][info][gc,task     ] GC(474) Using 2 workers of 2 for evacuation
[237.916s][info][gc,phases   ] GC(474)   Pre Evacuate Collection Set: 0.28ms
[237.917s][info][gc,phases   ] GC(474)   Merge Heap Roots: 0.10ms
[237.917s][info][gc,phases   ] GC(474)   Evacuate Collection Set: 4.78ms
[237.917s][info][gc,phases   ] GC(474)   Post Evacuate Collection Set: 0.69ms
[237.917s][info][gc,phases   ] GC(474)   Other: 0.08ms
[237.917s][info][gc,heap     ] GC(474) Eden regions: 300->0(302)
[237.917s][info][gc,heap     ] GC(474) Survivor regions: 4->4(38)
[237.917s][info][gc,heap     ] GC(474) Old regions: 42->40
[237.917s][info][gc,heap     ] GC(474) Humongous regions: 207->207
[237.917s][info][gc,metaspace] GC(474) Metaspace: 56905K(57216K)->56905K(57216K) NonClass: 48617K(48832K)->48617K(48832K) Class: 8287K(8384K)->8287K(8384K)
[237.917s][info][gc          ] GC(474) Pause Young (Mixed) (G1 Evacuation Pause) 551M->250M(587M) 6.127ms
[237.917s][info][gc,cpu      ] GC(474) User=0.01s Sys=0.00s Real=0.01s
[238.719s][info][gc,start    ] GC(475) Pause Young (Concurrent Start) (G1 Evacuation Pause)
[238.719s][info][gc,task     ] GC(475) Using 2 workers of 2 for evacuation
[238.729s][info][gc,phases   ] GC(475)   Pre Evacuate Collection Set: 0.29ms
[238.729s][info][gc,phases   ] GC(475)   Merge Heap Roots: 0.11ms
[238.729s][info][gc,phases   ] GC(475)   Evacuate Collection Set: 8.90ms
[238.729s][info][gc,phases   ] GC(475)   Post Evacuate Collection Set: 0.68ms
[238.729s][info][gc,phases   ] GC(475)   Other: 0.10ms
[238.729s][info][gc,heap     ] GC(475) Eden regions: 302->0(294)
[238.729s][info][gc,heap     ] GC(475) Survivor regions: 4->8(39)
[238.729s][info][gc,heap     ] GC(475) Old regions: 40->40
[238.729s][info][gc,heap     ] GC(475) Humongous regions: 207->207
[238.729s][info][gc,metaspace] GC(475) Metaspace: 56905K(57216K)->56905K(57216K) NonClass: 48617K(48832K)->48617K(48832K) Class: 8287K(8384K)->8287K(8384K)
[238.729s][info][gc          ] GC(475) Pause Young (Concurrent Start) (G1 Evacuation Pause) 552M->254M(587M) 10.265ms
[238.729s][info][gc,cpu      ] GC(475) User=0.02s Sys=0.00s Real=0.01s
[238.729s][info][gc          ] GC(476) Concurrent Mark Cycle
[238.731s][info][gc,marking  ] GC(476) Concurrent Scan Root Regions
[238.740s][info][gc,marking  ] GC(476) Concurrent Scan Root Regions 8.952ms
[238.740s][info][gc,marking  ] GC(476) Concurrent Mark
[238.740s][info][gc,marking  ] GC(476) Concurrent Mark From Roots
[238.740s][info][gc,task     ] GC(476) Using 1 workers of 1 for marking
[238.787s][info][gc,marking  ] GC(476) Concurrent Mark From Roots 47.125ms
[238.787s][info][gc,marking  ] GC(476) Concurrent Preclean
[238.787s][info][gc,marking  ] GC(476) Concurrent Preclean 0.070ms
[238.787s][info][gc,start    ] GC(476) Pause Remark
[238.797s][info][gc          ] GC(476) Pause Remark 279M->279M(587M) 9.979ms
[238.797s][info][gc,cpu      ] GC(476) User=0.02s Sys=0.00s Real=0.01s
[238.799s][info][gc,marking  ] GC(476) Concurrent Mark 58.855ms
[238.799s][info][gc,marking  ] GC(476) Concurrent Rebuild Remembered Sets and Scrub Regions
[238.824s][info][gc,marking  ] GC(476) Concurrent Rebuild Remembered Sets and Scrub Regions 25.488ms
[238.824s][info][gc,start    ] GC(476) Pause Cleanup
[238.825s][info][gc          ] GC(476) Pause Cleanup 292M->292M(587M) 0.075ms
[238.825s][info][gc,cpu      ] GC(476) User=0.00s Sys=0.00s Real=0.00s
[238.825s][info][gc,marking  ] GC(476) Concurrent Clear Claimed Marks
[238.825s][info][gc,marking  ] GC(476) Concurrent Clear Claimed Marks 0.097ms
[238.825s][info][gc,marking  ] GC(476) Concurrent Cleanup for Next Mark
[238.827s][info][gc,marking  ] GC(476) Concurrent Cleanup for Next Mark 1.789ms
[238.827s][info][gc          ] GC(476) Concurrent Mark Cycle 97.075ms
[239.498s][info][gc,start    ] GC(477) Pause Young (Prepare Mixed) (G1 Evacuation Pause)
[239.499s][info][gc,task     ] GC(477) Using 2 workers of 2 for evacuation
[239.503s][info][gc,phases   ] GC(477)   Pre Evacuate Collection Set: 0.28ms
[239.503s][info][gc,phases   ] GC(477)   Merge Heap Roots: 0.12ms
[239.503s][info][gc,phases   ] GC(477)   Evacuate Collection Set: 3.48ms
[239.503s][info][gc,phases   ] GC(477)   Post Evacuate Collection Set: 0.63ms
[239.503s][info][gc,phases   ] GC(477)   Other: 0.10ms
[239.503s][info][gc,heap     ] GC(477) Eden regions: 294->0(301)
[239.503s][info][gc,heap     ] GC(477) Survivor regions: 8->4(38)
[239.503s][info][gc,heap     ] GC(477) Old regions: 40->41
[239.503s][info][gc,heap     ] GC(477) Humongous regions: 207->207
[239.503s][info][gc,metaspace] GC(477) Metaspace: 56905K(57216K)->56905K(57216K) NonClass: 48617K(48832K)->48617K(48832K) Class: 8287K(8384K)->8287K(8384K)
[239.503s][info][gc          ] GC(477) Pause Young (Prepare Mixed) (G1 Evacuation Pause) 548M->251M(587M) 4.806ms
[239.503s][info][gc,cpu      ] GC(477) User=0.01s Sys=0.00s Real=0.01s
[240.294s][info][gc,start    ] GC(478) Pause Young (Mixed) (G1 Evacuation Pause)
[240.294s][info][gc,task     ] GC(478) Using 2 workers of 2 for evacuation
[240.300s][info][gc,phases   ] GC(478)   Pre Evacuate Collection Set: 0.29ms
[240.300s][info][gc,phases   ] GC(478)   Merge Heap Roots: 0.11ms
[240.300s][info][gc,phases   ] GC(478)   Evacuate Collection Set: 3.76ms
[240.300s][info][gc,phases   ] GC(478)   Post Evacuate Collection Set: 0.88ms
[240.300s][info][gc,phases   ] GC(478)   Other: 0.09ms
[240.300s][info][gc,heap     ] GC(478) Eden regions: 301->0(303)
[240.300s][info][gc,heap     ] GC(478) Survivor regions: 4->4(39)
[240.300s][info][gc,heap     ] GC(478) Old regions: 41->39
[240.300s][info][gc,heap     ] GC(478) Humongous regions: 207->207
[240.300s][info][gc,metaspace] GC(478) Metaspace: 56905K(57216K)->56905K(57216K) NonClass: 48617K(48832K)->48617K(48832K) Class: 8287K(8384K)->8287K(8384K)
[240.300s][info][gc          ] GC(478) Pause Young (Mixed) (G1 Evacuation Pause) 552M->249M(587M) 5.372ms
[240.300s][info][gc,cpu      ] GC(478) User=0.01s Sys=0.00s Real=0.00s
[241.094s][info][gc,start    ] GC(479) Pause Young (Concurrent Start) (G1 Evacuation Pause)
[241.094s][info][gc,task     ] GC(479) Using 2 workers of 2 for evacuation
[241.098s][info][gc,phases   ] GC(479)   Pre Evacuate Collection Set: 0.34ms
[241.098s][info][gc,phases   ] GC(479)   Merge Heap Roots: 0.12ms
[241.098s][info][gc,phases   ] GC(479)   Evacuate Collection Set: 3.23ms
[241.098s][info][gc,phases   ] GC(479)   Post Evacuate Collection Set: 0.69ms
[241.098s][info][gc,phases   ] GC(479)   Other: 0.17ms
[241.098s][info][gc,heap     ] GC(479) Eden regions: 303->0(303)
[241.098s][info][gc,heap     ] GC(479) Survivor regions: 4->4(39)
[241.098s][info][gc,heap     ] GC(479) Old regions: 39->39
[241.098s][info][gc,heap     ] GC(479) Humongous regions: 207->207
[241.098s][info][gc,metaspace] GC(479) Metaspace: 56905K(57216K)->56905K(57216K) NonClass: 48617K(48832K)->48617K(48832K) Class: 8287K(8384K)->8287K(8384K)
[241.098s][info][gc          ] GC(479) Pause Young (Concurrent Start) (G1 Evacuation Pause) 552M->249M(587M) 4.744ms
[241.098s][info][gc,cpu      ] GC(479) User=0.01s Sys=0.00s Real=0.00s
[241.098s][info][gc          ] GC(480) Concurrent Mark Cycle
[241.099s][info][gc,marking  ] GC(480) Concurrent Scan Root Regions
[241.102s][info][gc,marking  ] GC(480) Concurrent Scan Root Regions 3.001ms
[241.102s][info][gc,marking  ] GC(480) Concurrent Mark
[241.102s][info][gc,marking  ] GC(480) Concurrent Mark From Roots
[241.102s][info][gc,task     ] GC(480) Using 1 workers of 1 for marking
[241.172s][info][gc,marking  ] GC(480) Concurrent Mark From Roots 70.234ms
[241.172s][info][gc,marking  ] GC(480) Concurrent Preclean
[241.172s][info][gc,marking  ] GC(480) Concurrent Preclean 0.073ms
[241.173s][info][gc,start    ] GC(480) Pause Remark
[241.183s][info][gc          ] GC(480) Pause Remark 284M->284M(587M) 10.140ms
[241.183s][info][gc,cpu      ] GC(480) User=0.02s Sys=0.00s Real=0.01s
[241.183s][info][gc,marking  ] GC(480) Concurrent Mark 81.659ms
[241.183s][info][gc,marking  ] GC(480) Concurrent Rebuild Remembered Sets and Scrub Regions
[241.211s][info][gc,marking  ] GC(480) Concurrent Rebuild Remembered Sets and Scrub Regions 28.073ms
[241.211s][info][gc,start    ] GC(480) Pause Cleanup
[241.212s][info][gc          ] GC(480) Pause Cleanup 297M->297M(587M) 0.076ms
[241.212s][info][gc,cpu      ] GC(480) User=0.00s Sys=0.00s Real=0.00s
[241.212s][info][gc,marking  ] GC(480) Concurrent Clear Claimed Marks
[241.212s][info][gc,marking  ] GC(480) Concurrent Clear Claimed Marks 0.096ms
[241.212s][info][gc,marking  ] GC(480) Concurrent Cleanup for Next Mark
[241.214s][info][gc,marking  ] GC(480) Concurrent Cleanup for Next Mark 1.945ms
[241.214s][info][gc          ] GC(480) Concurrent Mark Cycle 115.247ms
[241.892s][info][gc,start    ] GC(481) Pause Young (Prepare Mixed) (G1 Evacuation Pause)
[241.892s][info][gc,task     ] GC(481) Using 2 workers of 2 for evacuation
[241.896s][info][gc,phases   ] GC(481)   Pre Evacuate Collection Set: 0.30ms
[241.896s][info][gc,phases   ] GC(481)   Merge Heap Roots: 0.13ms
[241.896s][info][gc,phases   ] GC(481)   Evacuate Collection Set: 2.64ms
[241.896s][info][gc,phases   ] GC(481)   Post Evacuate Collection Set: 0.67ms
[241.896s][info][gc,phases   ] GC(481)   Other: 0.09ms
[241.896s][info][gc,heap     ] GC(481) Eden regions: 303->0(303)
[241.896s][info][gc,heap     ] GC(481) Survivor regions: 4->4(39)
[241.896s][info][gc,heap     ] GC(481) Old regions: 39->39
[241.896s][info][gc,heap     ] GC(481) Humongous regions: 207->207
[241.896s][info][gc,metaspace] GC(481) Metaspace: 56905K(57216K)->56905K(57216K) NonClass: 48617K(48832K)->48617K(48832K) Class: 8287K(8384K)->8287K(8384K)
[241.896s][info][gc          ] GC(481) Pause Young (Prepare Mixed) (G1 Evacuation Pause) 552M->249M(587M) 4.076ms
[241.896s][info][gc,cpu      ] GC(481) User=0.00s Sys=0.00s Real=0.00s
[242.692s][info][gc,start    ] GC(482) Pause Young (Mixed) (G1 Evacuation Pause)
[242.692s][info][gc,task     ] GC(482) Using 2 workers of 2 for evacuation
[242.697s][info][gc,phases   ] GC(482)   Pre Evacuate Collection Set: 0.29ms
[242.697s][info][gc,phases   ] GC(482)   Merge Heap Roots: 0.13ms
[242.697s][info][gc,phases   ] GC(482)   Evacuate Collection Set: 3.36ms
[242.697s][info][gc,phases   ] GC(482)   Post Evacuate Collection Set: 0.70ms
[242.697s][info][gc,phases   ] GC(482)   Other: 0.11ms
[242.697s][info][gc,heap     ] GC(482) Eden regions: 303->0(307)
[242.697s][info][gc,heap     ] GC(482) Survivor regions: 4->3(39)
[242.697s][info][gc,heap     ] GC(482) Old regions: 39->37
[242.697s][info][gc,heap     ] GC(482) Humongous regions: 207->207
[242.697s][info][gc,metaspace] GC(482) Metaspace: 56905K(57216K)->56905K(57216K) NonClass: 48617K(48832K)->48617K(48832K) Class: 8287K(8384K)->8287K(8384K)
[242.697s][info][gc          ] GC(482) Pause Young (Mixed) (G1 Evacuation Pause) 552M->246M(587M) 4.808ms
[242.697s][info][gc,cpu      ] GC(482) User=0.01s Sys=0.01s Real=0.00s
[243.505s][info][gc,start    ] GC(483) Pause Young (Concurrent Start) (G1 Evacuation Pause)
[243.505s][info][gc,task     ] GC(483) Using 2 workers of 2 for evacuation
[243.511s][info][gc,phases   ] GC(483)   Pre Evacuate Collection Set: 0.36ms
[243.511s][info][gc,phases   ] GC(483)   Merge Heap Roots: 0.12ms
[243.511s][info][gc,phases   ] GC(483)   Evacuate Collection Set: 4.56ms
[243.511s][info][gc,phases   ] GC(483)   Post Evacuate Collection Set: 0.70ms
[243.511s][info][gc,phases   ] GC(483)   Other: 0.15ms
[243.511s][info][gc,heap     ] GC(483) Eden regions: 307->0(303)
[243.511s][info][gc,heap     ] GC(483) Survivor regions: 3->5(39)
[243.511s][info][gc,heap     ] GC(483) Old regions: 37->37
[243.511s][info][gc,heap     ] GC(483) Humongous regions: 207->207
[243.511s][info][gc,metaspace] GC(483) Metaspace: 56905K(57216K)->56905K(57216K) NonClass: 48617K(48832K)->48617K(48832K) Class: 8287K(8384K)->8287K(8384K)
[243.511s][info][gc          ] GC(483) Pause Young (Concurrent Start) (G1 Evacuation Pause) 553M->248M(587M) 6.136ms
[243.511s][info][gc,cpu      ] GC(483) User=0.01s Sys=0.00s Real=0.00s
[243.511s][info][gc          ] GC(484) Concurrent Mark Cycle
[243.513s][info][gc,marking  ] GC(484) Concurrent Scan Root Regions
[243.516s][info][gc,marking  ] GC(484) Concurrent Scan Root Regions 3.370ms
[243.516s][info][gc,marking  ] GC(484) Concurrent Mark
[243.516s][info][gc,marking  ] GC(484) Concurrent Mark From Roots
[243.516s][info][gc,task     ] GC(484) Using 1 workers of 1 for marking
[243.591s][info][gc,marking  ] GC(484) Concurrent Mark From Roots 74.601ms
[243.591s][info][gc,marking  ] GC(484) Concurrent Preclean
[243.591s][info][gc,marking  ] GC(484) Concurrent Preclean 0.070ms
[243.591s][info][gc,start    ] GC(484) Pause Remark
[243.601s][info][gc          ] GC(484) Pause Remark 278M->278M(587M) 10.422ms
[243.601s][info][gc,cpu      ] GC(484) User=0.02s Sys=0.00s Real=0.01s
[243.602s][info][gc,marking  ] GC(484) Concurrent Mark 86.123ms
[243.602s][info][gc,marking  ] GC(484) Concurrent Rebuild Remembered Sets and Scrub Regions
[243.637s][info][gc,marking  ] GC(484) Concurrent Rebuild Remembered Sets and Scrub Regions 34.789ms
[243.637s][info][gc,start    ] GC(484) Pause Cleanup
[243.637s][info][gc          ] GC(484) Pause Cleanup 299M->299M(587M) 0.080ms
[243.637s][info][gc,cpu      ] GC(484) User=0.00s Sys=0.00s Real=0.00s
[243.637s][info][gc,marking  ] GC(484) Concurrent Clear Claimed Marks
[243.637s][info][gc,marking  ] GC(484) Concurrent Clear Claimed Marks 0.096ms
[243.637s][info][gc,marking  ] GC(484) Concurrent Cleanup for Next Mark
[243.639s][info][gc,marking  ] GC(484) Concurrent Cleanup for Next Mark 1.935ms
[243.639s][info][gc          ] GC(484) Concurrent Mark Cycle 128.399ms
[244.320s][info][gc,start    ] GC(485) Pause Young (Prepare Mixed) (G1 Evacuation Pause)
[244.320s][info][gc,task     ] GC(485) Using 2 workers of 2 for evacuation
[244.327s][info][gc,phases   ] GC(485)   Pre Evacuate Collection Set: 0.29ms
[244.327s][info][gc,phases   ] GC(485)   Merge Heap Roots: 0.12ms
[244.327s][info][gc,phases   ] GC(485)   Evacuate Collection Set: 5.54ms
[244.327s][info][gc,phases   ] GC(485)   Post Evacuate Collection Set: 0.72ms
[244.327s][info][gc,phases   ] GC(485)   Other: 0.09ms
[244.327s][info][gc,heap     ] GC(485) Eden regions: 303->0(303)
[244.327s][info][gc,heap     ] GC(485) Survivor regions: 5->5(39)
[244.327s][info][gc,heap     ] GC(485) Old regions: 37->37
[244.327s][info][gc,heap     ] GC(485) Humongous regions: 207->207
[244.327s][info][gc,metaspace] GC(485) Metaspace: 56905K(57216K)->56905K(57216K) NonClass: 48617K(48832K)->48617K(48832K) Class: 8287K(8384K)->8287K(8384K)
[244.327s][info][gc          ] GC(485) Pause Young (Prepare Mixed) (G1 Evacuation Pause) 551M->248M(587M) 6.996ms
[244.327s][info][gc,cpu      ] GC(485) User=0.02s Sys=0.01s Real=0.01s
[245.186s][info][gc,start    ] GC(486) Pause Young (Mixed) (G1 Evacuation Pause)
[245.186s][info][gc,task     ] GC(486) Using 2 workers of 2 for evacuation
[245.195s][info][gc,phases   ] GC(486)   Pre Evacuate Collection Set: 0.30ms
[245.195s][info][gc,phases   ] GC(486)   Merge Heap Roots: 0.15ms
[245.195s][info][gc,phases   ] GC(486)   Evacuate Collection Set: 7.01ms
[245.195s][info][gc,phases   ] GC(486)   Post Evacuate Collection Set: 0.75ms
[245.195s][info][gc,phases   ] GC(486)   Other: 0.09ms
[245.195s][info][gc,heap     ] GC(486) Eden regions: 303->0(304)
[245.195s][info][gc,heap     ] GC(486) Survivor regions: 5->5(39)
[245.195s][info][gc,heap     ] GC(486) Old regions: 37->36
[245.195s][info][gc,heap     ] GC(486) Humongous regions: 207->207
[245.195s][info][gc,metaspace] GC(486) Metaspace: 56905K(57216K)->56905K(57216K) NonClass: 48617K(48832K)->48617K(48832K) Class: 8287K(8384K)->8287K(8384K)
[245.195s][info][gc          ] GC(486) Pause Young (Mixed) (G1 Evacuation Pause) 551M->247M(587M) 8.498ms
[245.195s][info][gc,cpu      ] GC(486) User=0.02s Sys=0.00s Real=0.01s
[245.913s][info][gc,start    ] GC(487) Pause Young (Concurrent Start) (G1 Evacuation Pause)
[245.914s][info][gc,task     ] GC(487) Using 2 workers of 2 for evacuation
[245.920s][info][gc,phases   ] GC(487)   Pre Evacuate Collection Set: 0.35ms
[245.920s][info][gc,phases   ] GC(487)   Merge Heap Roots: 0.12ms
[245.920s][info][gc,phases   ] GC(487)   Evacuate Collection Set: 5.37ms
[245.920s][info][gc,phases   ] GC(487)   Post Evacuate Collection Set: 0.67ms
[245.920s][info][gc,phases   ] GC(487)   Other: 0.12ms
[245.920s][info][gc,heap     ] GC(487) Eden regions: 304->0(303)
[245.920s][info][gc,heap     ] GC(487) Survivor regions: 5->5(39)
[245.920s][info][gc,heap     ] GC(487) Old regions: 36->37
[245.920s][info][gc,heap     ] GC(487) Humongous regions: 207->207
[245.920s][info][gc,metaspace] GC(487) Metaspace: 56905K(57216K)->56905K(57216K) NonClass: 48617K(48832K)->48617K(48832K) Class: 8287K(8384K)->8287K(8384K)
[245.920s][info][gc          ] GC(487) Pause Young (Concurrent Start) (G1 Evacuation Pause) 551M->248M(587M) 6.848ms
[245.920s][info][gc          ] GC(488) Concurrent Mark Cycle
[245.920s][info][gc,marking  ] GC(488) Concurrent Scan Root Regions
[245.921s][info][gc,cpu      ] GC(487) User=0.01s Sys=0.00s Real=0.00s
[245.926s][info][gc,marking  ] GC(488) Concurrent Scan Root Regions 5.401ms
[245.926s][info][gc,marking  ] GC(488) Concurrent Mark
[245.926s][info][gc,marking  ] GC(488) Concurrent Mark From Roots
[245.926s][info][gc,task     ] GC(488) Using 1 workers of 1 for marking
[245.981s][info][gc,marking  ] GC(488) Concurrent Mark From Roots 54.976ms
[245.981s][info][gc,marking  ] GC(488) Concurrent Preclean
[245.981s][info][gc,marking  ] GC(488) Concurrent Preclean 0.078ms
[245.981s][info][gc,start    ] GC(488) Pause Remark
[245.991s][info][gc          ] GC(488) Pause Remark 271M->271M(587M) 10.000ms
[245.991s][info][gc,cpu      ] GC(488) User=0.02s Sys=0.00s Real=0.01s
[245.992s][info][gc,marking  ] GC(488) Concurrent Mark 66.432ms
[245.992s][info][gc,marking  ] GC(488) Concurrent Rebuild Remembered Sets and Scrub Regions
[246.033s][info][gc,marking  ] GC(488) Concurrent Rebuild Remembered Sets and Scrub Regions 40.886ms
[246.035s][info][gc,start    ] GC(488) Pause Cleanup
[246.036s][info][gc          ] GC(488) Pause Cleanup 292M->292M(587M) 0.102ms
[246.036s][info][gc,cpu      ] GC(488) User=0.00s Sys=0.00s Real=0.00s
[246.036s][info][gc,marking  ] GC(488) Concurrent Clear Claimed Marks
[246.036s][info][gc,marking  ] GC(488) Concurrent Clear Claimed Marks 0.117ms
[246.036s][info][gc,marking  ] GC(488) Concurrent Cleanup for Next Mark
[246.038s][info][gc,marking  ] GC(488) Concurrent Cleanup for Next Mark 1.867ms
[246.038s][info][gc          ] GC(488) Concurrent Mark Cycle 117.290ms
[246.713s][info][gc,start    ] GC(489) Pause Young (Prepare Mixed) (G1 Evacuation Pause)
[246.713s][info][gc,task     ] GC(489) Using 2 workers of 2 for evacuation
[246.719s][info][gc,phases   ] GC(489)   Pre Evacuate Collection Set: 0.30ms
[246.719s][info][gc,phases   ] GC(489)   Merge Heap Roots: 0.13ms
[246.719s][info][gc,phases   ] GC(489)   Evacuate Collection Set: 4.32ms
[246.719s][info][gc,phases   ] GC(489)   Post Evacuate Collection Set: 0.70ms
[246.719s][info][gc,phases   ] GC(489)   Other: 0.09ms
[246.719s][info][gc,heap     ] GC(489) Eden regions: 303->0(305)
[246.719s][info][gc,heap     ] GC(489) Survivor regions: 5->4(39)
[246.719s][info][gc,heap     ] GC(489) Old regions: 37->37
[246.719s][info][gc,heap     ] GC(489) Humongous regions: 207->207
[246.719s][info][gc,metaspace] GC(489) Metaspace: 56905K(57216K)->56905K(57216K) NonClass: 48617K(48832K)->48617K(48832K) Class: 8287K(8384K)->8287K(8384K)
[246.719s][info][gc          ] GC(489) Pause Young (Prepare Mixed) (G1 Evacuation Pause) 551M->247M(587M) 5.799ms
[246.719s][info][gc,cpu      ] GC(489) User=0.02s Sys=0.00s Real=0.00s
[247.704s][info][gc,start    ] GC(490) Pause Young (Mixed) (G1 Evacuation Pause)
[247.704s][info][gc,task     ] GC(490) Using 2 workers of 2 for evacuation
[247.725s][info][gc,phases   ] GC(490)   Pre Evacuate Collection Set: 0.40ms
[247.725s][info][gc,phases   ] GC(490)   Merge Heap Roots: 0.21ms
[247.725s][info][gc,phases   ] GC(490)   Evacuate Collection Set: 19.81ms
[247.725s][info][gc,phases   ] GC(490)   Post Evacuate Collection Set: 1.09ms
[247.725s][info][gc,phases   ] GC(490)   Other: 0.11ms
[247.725s][info][gc,heap     ] GC(490) Eden regions: 305->0(302)
[247.725s][info][gc,heap     ] GC(490) Survivor regions: 4->6(39)
[247.726s][info][gc,heap     ] GC(490) Old regions: 37->36
[247.726s][info][gc,heap     ] GC(490) Humongous regions: 207->207
[247.726s][info][gc,metaspace] GC(490) Metaspace: 56905K(57216K)->56905K(57216K) NonClass: 48617K(48832K)->48617K(48832K) Class: 8287K(8384K)->8287K(8384K)
[247.726s][info][gc          ] GC(490) Pause Young (Mixed) (G1 Evacuation Pause) 552M->247M(587M) 21.877ms
[247.726s][info][gc,cpu      ] GC(490) User=0.03s Sys=0.01s Real=0.02s
[248.420s][info][gc,start    ] GC(491) Pause Young (Concurrent Start) (G1 Evacuation Pause)
[248.420s][info][gc,task     ] GC(491) Using 2 workers of 2 for evacuation
[248.427s][info][gc,phases   ] GC(491)   Pre Evacuate Collection Set: 0.32ms
[248.427s][info][gc,phases   ] GC(491)   Merge Heap Roots: 0.16ms
[248.427s][info][gc,phases   ] GC(491)   Evacuate Collection Set: 4.97ms
[248.427s][info][gc,phases   ] GC(491)   Post Evacuate Collection Set: 0.67ms
[248.427s][info][gc,phases   ] GC(491)   Other: 0.11ms
[248.427s][info][gc,heap     ] GC(491) Eden regions: 302->0(306)
[248.427s][info][gc,heap     ] GC(491) Survivor regions: 6->4(39)
[248.427s][info][gc,heap     ] GC(491) Old regions: 36->36
[248.427s][info][gc,heap     ] GC(491) Humongous regions: 207->207
[248.427s][info][gc,metaspace] GC(491) Metaspace: 56905K(57216K)->56905K(57216K) NonClass: 48617K(48832K)->48617K(48832K) Class: 8287K(8384K)->8287K(8384K)
[248.427s][info][gc          ] GC(491) Pause Young (Concurrent Start) (G1 Evacuation Pause) 549M->246M(587M) 6.464ms
[248.427s][info][gc,cpu      ] GC(491) User=0.01s Sys=0.00s Real=0.01s
[248.427s][info][gc          ] GC(492) Concurrent Mark Cycle
[248.427s][info][gc,marking  ] GC(492) Concurrent Scan Root Regions
[248.433s][info][gc,marking  ] GC(492) Concurrent Scan Root Regions 6.512ms
[248.433s][info][gc,marking  ] GC(492) Concurrent Mark
[248.433s][info][gc,marking  ] GC(492) Concurrent Mark From Roots
[248.433s][info][gc,task     ] GC(492) Using 1 workers of 1 for marking
[248.496s][info][gc,marking  ] GC(492) Concurrent Mark From Roots 62.830ms
[248.496s][info][gc,marking  ] GC(492) Concurrent Preclean
[248.496s][info][gc,marking  ] GC(492) Concurrent Preclean 0.079ms
[248.497s][info][gc,start    ] GC(492) Pause Remark
[248.506s][info][gc          ] GC(492) Pause Remark 273M->273M(587M) 9.655ms
[248.506s][info][gc,cpu      ] GC(492) User=0.01s Sys=0.00s Real=0.01s
[248.508s][info][gc,marking  ] GC(492) Concurrent Mark 74.279ms
[248.508s][info][gc,marking  ] GC(492) Concurrent Rebuild Remembered Sets and Scrub Regions
[248.542s][info][gc,marking  ] GC(492) Concurrent Rebuild Remembered Sets and Scrub Regions 33.890ms
[248.542s][info][gc,start    ] GC(492) Pause Cleanup
[248.542s][info][gc          ] GC(492) Pause Cleanup 291M->291M(587M) 0.090ms
[248.542s][info][gc,cpu      ] GC(492) User=0.00s Sys=0.00s Real=0.00s
[248.543s][info][gc,marking  ] GC(492) Concurrent Clear Claimed Marks
[248.543s][info][gc,marking  ] GC(492) Concurrent Clear Claimed Marks 0.123ms
[248.543s][info][gc,marking  ] GC(492) Concurrent Cleanup for Next Mark
[248.545s][info][gc,marking  ] GC(492) Concurrent Cleanup for Next Mark 1.817ms
[248.545s][info][gc          ] GC(492) Concurrent Mark Cycle 117.859ms
[249.219s][info][gc,start    ] GC(493) Pause Young (Prepare Mixed) (G1 Evacuation Pause)
[249.219s][info][gc,task     ] GC(493) Using 2 workers of 2 for evacuation
[249.225s][info][gc,phases   ] GC(493)   Pre Evacuate Collection Set: 0.37ms
[249.225s][info][gc,phases   ] GC(493)   Merge Heap Roots: 0.15ms
[249.225s][info][gc,phases   ] GC(493)   Evacuate Collection Set: 4.98ms
[249.225s][info][gc,phases   ] GC(493)   Post Evacuate Collection Set: 0.67ms
[249.225s][info][gc,phases   ] GC(493)   Other: 0.10ms
[249.225s][info][gc,heap     ] GC(493) Eden regions: 306->0(306)
[249.225s][info][gc,heap     ] GC(493) Survivor regions: 4->4(39)
[249.225s][info][gc,heap     ] GC(493) Old regions: 36->36
[249.225s][info][gc,heap     ] GC(493) Humongous regions: 207->207
[249.225s][info][gc,metaspace] GC(493) Metaspace: 56905K(57216K)->56905K(57216K) NonClass: 48617K(48832K)->48617K(48832K) Class: 8287K(8384K)->8287K(8384K)
[249.225s][info][gc          ] GC(493) Pause Young (Prepare Mixed) (G1 Evacuation Pause) 552M->246M(587M) 6.546ms
[249.225s][info][gc,cpu      ] GC(493) User=0.01s Sys=0.00s Real=0.01s
[250.028s][info][gc,start    ] GC(494) Pause Young (Mixed) (G1 Evacuation Pause)
[250.028s][info][gc,task     ] GC(494) Using 2 workers of 2 for evacuation
[250.038s][info][gc,phases   ] GC(494)   Pre Evacuate Collection Set: 0.36ms
[250.038s][info][gc,phases   ] GC(494)   Merge Heap Roots: 0.11ms
[250.038s][info][gc,phases   ] GC(494)   Evacuate Collection Set: 7.68ms
[250.038s][info][gc,phases   ] GC(494)   Post Evacuate Collection Set: 1.08ms
[250.038s][info][gc,phases   ] GC(494)   Other: 0.09ms
[250.038s][info][gc,heap     ] GC(494) Eden regions: 306->0(306)
[250.038s][info][gc,heap     ] GC(494) Survivor regions: 4->4(39)
[250.038s][info][gc,heap     ] GC(494) Old regions: 36->36
[250.038s][info][gc,heap     ] GC(494) Humongous regions: 207->207
[250.038s][info][gc,metaspace] GC(494) Metaspace: 56905K(57216K)->56905K(57216K) NonClass: 48617K(48832K)->48617K(48832K) Class: 8287K(8384K)->8287K(8384K)
[250.038s][info][gc          ] GC(494) Pause Young (Mixed) (G1 Evacuation Pause) 552M->246M(587M) 9.607ms
[250.038s][info][gc,cpu      ] GC(494) User=0.01s Sys=0.00s Real=0.01s
[250.816s][info][gc,start    ] GC(495) Pause Young (Concurrent Start) (G1 Evacuation Pause)
[250.816s][info][gc,task     ] GC(495) Using 2 workers of 2 for evacuation
[250.824s][info][gc,phases   ] GC(495)   Pre Evacuate Collection Set: 0.31ms
[250.824s][info][gc,phases   ] GC(495)   Merge Heap Roots: 0.11ms
[250.824s][info][gc,phases   ] GC(495)   Evacuate Collection Set: 6.30ms
[250.824s][info][gc,phases   ] GC(495)   Post Evacuate Collection Set: 0.66ms
[250.824s][info][gc,phases   ] GC(495)   Other: 0.17ms
[250.824s][info][gc,heap     ] GC(495) Eden regions: 306->0(305)
[250.824s][info][gc,heap     ] GC(495) Survivor regions: 4->4(39)
[250.824s][info][gc,heap     ] GC(495) Old regions: 36->37
[250.824s][info][gc,heap     ] GC(495) Humongous regions: 207->207
[250.824s][info][gc,metaspace] GC(495) Metaspace: 56905K(57216K)->56905K(57216K) NonClass: 48617K(48832K)->48617K(48832K) Class: 8287K(8384K)->8287K(8384K)
[250.824s][info][gc          ] GC(495) Pause Young (Concurrent Start) (G1 Evacuation Pause) 552M->247M(587M) 7.752ms
[250.824s][info][gc,cpu      ] GC(495) User=0.01s Sys=0.00s Real=0.01s
[250.824s][info][gc          ] GC(496) Concurrent Mark Cycle
[250.824s][info][gc,marking  ] GC(496) Concurrent Scan Root Regions
[250.834s][info][gc,marking  ] GC(496) Concurrent Scan Root Regions 9.887ms
[250.834s][info][gc,marking  ] GC(496) Concurrent Mark
[250.834s][info][gc,marking  ] GC(496) Concurrent Mark From Roots
[250.834s][info][gc,task     ] GC(496) Using 1 workers of 1 for marking
[250.888s][info][gc,marking  ] GC(496) Concurrent Mark From Roots 53.595ms
[250.888s][info][gc,marking  ] GC(496) Concurrent Preclean
[250.888s][info][gc,marking  ] GC(496) Concurrent Preclean 0.079ms
[250.888s][info][gc,start    ] GC(496) Pause Remark
[250.898s][info][gc          ] GC(496) Pause Remark 264M->264M(587M) 9.451ms
[250.898s][info][gc,cpu      ] GC(496) User=0.02s Sys=0.00s Real=0.01s
[250.900s][info][gc,marking  ] GC(496) Concurrent Mark 65.556ms
[250.900s][info][gc,marking  ] GC(496) Concurrent Rebuild Remembered Sets and Scrub Regions
[250.925s][info][gc,marking  ] GC(496) Concurrent Rebuild Remembered Sets and Scrub Regions 25.429ms
[250.926s][info][gc,start    ] GC(496) Pause Cleanup
[250.926s][info][gc          ] GC(496) Pause Cleanup 279M->279M(587M) 0.076ms
[250.926s][info][gc,cpu      ] GC(496) User=0.00s Sys=0.00s Real=0.00s
[250.926s][info][gc,marking  ] GC(496) Concurrent Clear Claimed Marks
[250.926s][info][gc,marking  ] GC(496) Concurrent Clear Claimed Marks 0.102ms
[250.926s][info][gc,marking  ] GC(496) Concurrent Cleanup for Next Mark
[250.928s][info][gc,marking  ] GC(496) Concurrent Cleanup for Next Mark 1.795ms
[250.928s][info][gc          ] GC(496) Concurrent Mark Cycle 103.544ms
[251.625s][info][gc,start    ] GC(497) Pause Young (Prepare Mixed) (G1 Evacuation Pause)
[251.625s][info][gc,task     ] GC(497) Using 2 workers of 2 for evacuation
[251.631s][info][gc,phases   ] GC(497)   Pre Evacuate Collection Set: 0.29ms
[251.631s][info][gc,phases   ] GC(497)   Merge Heap Roots: 0.12ms
[251.631s][info][gc,phases   ] GC(497)   Evacuate Collection Set: 5.16ms
[251.631s][info][gc,phases   ] GC(497)   Post Evacuate Collection Set: 0.66ms
[251.631s][info][gc,phases   ] GC(497)   Other: 0.10ms
[251.631s][info][gc,heap     ] GC(497) Eden regions: 305->0(306)
[251.631s][info][gc,heap     ] GC(497) Survivor regions: 4->3(39)
[251.631s][info][gc,heap     ] GC(497) Old regions: 37->38
[251.631s][info][gc,heap     ] GC(497) Humongous regions: 207->207
[251.631s][info][gc,metaspace] GC(497) Metaspace: 56905K(57216K)->56905K(57216K) NonClass: 48617K(48832K)->48617K(48832K) Class: 8287K(8384K)->8287K(8384K)
[251.631s][info][gc          ] GC(497) Pause Young (Prepare Mixed) (G1 Evacuation Pause) 552M->247M(587M) 6.532ms
[251.631s][info][gc,cpu      ] GC(497) User=0.01s Sys=0.00s Real=0.00s
[252.425s][info][gc,start    ] GC(498) Pause Young (Mixed) (G1 Evacuation Pause)
[252.425s][info][gc,task     ] GC(498) Using 2 workers of 2 for evacuation
[252.435s][info][gc,phases   ] GC(498)   Pre Evacuate Collection Set: 0.28ms
[252.435s][info][gc,phases   ] GC(498)   Merge Heap Roots: 0.14ms
[252.435s][info][gc,phases   ] GC(498)   Evacuate Collection Set: 8.35ms
[252.435s][info][gc,phases   ] GC(498)   Post Evacuate Collection Set: 0.76ms
[252.435s][info][gc,phases   ] GC(498)   Other: 0.12ms
[252.435s][info][gc,heap     ] GC(498) Eden regions: 306->0(306)
[252.435s][info][gc,heap     ] GC(498) Survivor regions: 3->3(39)
[252.435s][info][gc,heap     ] GC(498) Old regions: 38->38
[252.435s][info][gc,heap     ] GC(498) Humongous regions: 207->207
[252.435s][info][gc,metaspace] GC(498) Metaspace: 56905K(57216K)->56905K(57216K) NonClass: 48617K(48832K)->48617K(48832K) Class: 8287K(8384K)->8287K(8384K)
[252.435s][info][gc          ] GC(498) Pause Young (Mixed) (G1 Evacuation Pause) 553M->247M(587M) 9.863ms
[252.435s][info][gc,cpu      ] GC(498) User=0.02s Sys=0.00s Real=0.01s
[253.246s][info][gc,start    ] GC(499) Pause Young (Concurrent Start) (G1 Evacuation Pause)
[253.247s][info][gc,task     ] GC(499) Using 2 workers of 2 for evacuation
[253.254s][info][gc,phases   ] GC(499)   Pre Evacuate Collection Set: 0.31ms
[253.254s][info][gc,phases   ] GC(499)   Merge Heap Roots: 0.11ms
[253.254s][info][gc,phases   ] GC(499)   Evacuate Collection Set: 5.84ms
[253.254s][info][gc,phases   ] GC(499)   Post Evacuate Collection Set: 0.68ms
[253.254s][info][gc,phases   ] GC(499)   Other: 0.11ms
[253.254s][info][gc,heap     ] GC(499) Eden regions: 306->0(306)
[253.254s][info][gc,heap     ] GC(499) Survivor regions: 3->3(39)
[253.254s][info][gc,heap     ] GC(499) Old regions: 38->38
[253.254s][info][gc,heap     ] GC(499) Humongous regions: 207->207
[253.254s][info][gc,metaspace] GC(499) Metaspace: 56905K(57216K)->56905K(57216K) NonClass: 48617K(48832K)->48617K(48832K) Class: 8287K(8384K)->8287K(8384K)
[253.254s][info][gc          ] GC(499) Pause Young (Concurrent Start) (G1 Evacuation Pause) 553M->247M(587M) 7.263ms
[253.254s][info][gc,cpu      ] GC(499) User=0.02s Sys=0.00s Real=0.01s
[253.254s][info][gc          ] GC(500) Concurrent Mark Cycle
[253.254s][info][gc,marking  ] GC(500) Concurrent Scan Root Regions
[253.260s][info][gc,marking  ] GC(500) Concurrent Scan Root Regions 5.992ms
[253.260s][info][gc,marking  ] GC(500) Concurrent Mark
[253.260s][info][gc,marking  ] GC(500) Concurrent Mark From Roots
[253.260s][info][gc,task     ] GC(500) Using 1 workers of 1 for marking
[253.327s][info][gc,marking  ] GC(500) Concurrent Mark From Roots 67.117ms
[253.327s][info][gc,marking  ] GC(500) Concurrent Preclean
[253.328s][info][gc,marking  ] GC(500) Concurrent Preclean 0.099ms
[253.328s][info][gc,start    ] GC(500) Pause Remark
[253.338s][info][gc          ] GC(500) Pause Remark 278M->278M(587M) 10.281ms
[253.338s][info][gc,cpu      ] GC(500) User=0.02s Sys=0.00s Real=0.01s
[253.338s][info][gc,marking  ] GC(500) Concurrent Mark 77.927ms
[253.338s][info][gc,marking  ] GC(500) Concurrent Rebuild Remembered Sets and Scrub Regions
[253.382s][info][gc,marking  ] GC(500) Concurrent Rebuild Remembered Sets and Scrub Regions 43.389ms
[253.382s][info][gc,start    ] GC(500) Pause Cleanup
[253.382s][info][gc          ] GC(500) Pause Cleanup 297M->297M(587M) 0.087ms
[253.382s][info][gc,cpu      ] GC(500) User=0.00s Sys=0.00s Real=0.00s
[253.382s][info][gc,marking  ] GC(500) Concurrent Clear Claimed Marks
[253.382s][info][gc,marking  ] GC(500) Concurrent Clear Claimed Marks 0.102ms
[253.382s][info][gc,marking  ] GC(500) Concurrent Cleanup for Next Mark
[253.384s][info][gc,marking  ] GC(500) Concurrent Cleanup for Next Mark 1.845ms
[253.384s][info][gc          ] GC(500) Concurrent Mark Cycle 129.658ms
[254.038s][info][gc,start    ] GC(501) Pause Young (Prepare Mixed) (G1 Evacuation Pause)
[254.038s][info][gc,task     ] GC(501) Using 2 workers of 2 for evacuation
[254.044s][info][gc,phases   ] GC(501)   Pre Evacuate Collection Set: 0.28ms
[254.044s][info][gc,phases   ] GC(501)   Merge Heap Roots: 0.14ms
[254.044s][info][gc,phases   ] GC(501)   Evacuate Collection Set: 4.24ms
[254.044s][info][gc,phases   ] GC(501)   Post Evacuate Collection Set: 0.65ms
[254.044s][info][gc,phases   ] GC(501)   Other: 0.12ms
[254.044s][info][gc,heap     ] GC(501) Eden regions: 306->0(308)
[254.044s][info][gc,heap     ] GC(501) Survivor regions: 3->2(39)
[254.044s][info][gc,heap     ] GC(501) Old regions: 38->38
[254.044s][info][gc,heap     ] GC(501) Humongous regions: 207->207
[254.044s][info][gc,metaspace] GC(501) Metaspace: 56905K(57216K)->56905K(57216K) NonClass: 48617K(48832K)->48617K(48832K) Class: 8287K(8384K)->8287K(8384K)
[254.044s][info][gc          ] GC(501) Pause Young (Prepare Mixed) (G1 Evacuation Pause) 553M->246M(587M) 5.621ms
[254.044s][info][gc,cpu      ] GC(501) User=0.01s Sys=0.00s Real=0.01s
[254.841s][info][gc,start    ] GC(502) Pause Young (Mixed) (G1 Evacuation Pause)
[254.841s][info][gc,task     ] GC(502) Using 2 workers of 2 for evacuation
[254.849s][info][gc,phases   ] GC(502)   Pre Evacuate Collection Set: 0.35ms
[254.849s][info][gc,phases   ] GC(502)   Merge Heap Roots: 0.17ms
[254.849s][info][gc,phases   ] GC(502)   Evacuate Collection Set: 6.43ms
[254.849s][info][gc,phases   ] GC(502)   Post Evacuate Collection Set: 0.77ms
[254.849s][info][gc,phases   ] GC(502)   Other: 0.13ms
[254.849s][info][gc,heap     ] GC(502) Eden regions: 308->0(306)
[254.849s][info][gc,heap     ] GC(502) Survivor regions: 2->3(39)
[254.849s][info][gc,heap     ] GC(502) Old regions: 38->38
[254.849s][info][gc,heap     ] GC(502) Humongous regions: 207->207
[254.849s][info][gc,metaspace] GC(502) Metaspace: 56905K(57216K)->56905K(57216K) NonClass: 48617K(48832K)->48617K(48832K) Class: 8287K(8384K)->8287K(8384K)
[254.849s][info][gc          ] GC(502) Pause Young (Mixed) (G1 Evacuation Pause) 553M->246M(587M) 8.094ms
[254.849s][info][gc,cpu      ] GC(502) User=0.01s Sys=0.00s Real=0.01s
[255.654s][info][gc,start    ] GC(503) Pause Young (Concurrent Start) (G1 Evacuation Pause)
[255.654s][info][gc,task     ] GC(503) Using 2 workers of 2 for evacuation
[255.659s][info][gc,phases   ] GC(503)   Pre Evacuate Collection Set: 0.35ms
[255.659s][info][gc,phases   ] GC(503)   Merge Heap Roots: 0.11ms
[255.659s][info][gc,phases   ] GC(503)   Evacuate Collection Set: 3.64ms
[255.659s][info][gc,phases   ] GC(503)   Post Evacuate Collection Set: 0.69ms
[255.659s][info][gc,phases   ] GC(503)   Other: 0.12ms
[255.659s][info][gc,heap     ] GC(503) Eden regions: 306->0(308)
[255.659s][info][gc,heap     ] GC(503) Survivor regions: 3->2(39)
[255.659s][info][gc,heap     ] GC(503) Old regions: 38->38
[255.659s][info][gc,heap     ] GC(503) Humongous regions: 207->207
[255.659s][info][gc,metaspace] GC(503) Metaspace: 56905K(57216K)->56905K(57216K) NonClass: 48617K(48832K)->48617K(48832K) Class: 8287K(8384K)->8287K(8384K)
[255.660s][info][gc          ] GC(503) Pause Young (Concurrent Start) (G1 Evacuation Pause) 552M->245M(587M) 5.173ms
[255.660s][info][gc,cpu      ] GC(503) User=0.01s Sys=0.00s Real=0.00s
[255.660s][info][gc          ] GC(504) Concurrent Mark Cycle
[255.660s][info][gc,marking  ] GC(504) Concurrent Scan Root Regions
[255.662s][info][gc,marking  ] GC(504) Concurrent Scan Root Regions 2.764ms
[255.662s][info][gc,marking  ] GC(504) Concurrent Mark
[255.662s][info][gc,marking  ] GC(504) Concurrent Mark From Roots
[255.662s][info][gc,task     ] GC(504) Using 1 workers of 1 for marking
[255.711s][info][gc,marking  ] GC(504) Concurrent Mark From Roots 48.656ms
[255.711s][info][gc,marking  ] GC(504) Concurrent Preclean
[255.711s][info][gc,marking  ] GC(504) Concurrent Preclean 0.073ms
[255.711s][info][gc,start    ] GC(504) Pause Remark
[255.721s][info][gc          ] GC(504) Pause Remark 260M->260M(587M) 9.572ms
[255.721s][info][gc,cpu      ] GC(504) User=0.02s Sys=0.00s Real=0.01s
[255.721s][info][gc,marking  ] GC(504) Concurrent Mark 58.643ms
[255.721s][info][gc,marking  ] GC(504) Concurrent Rebuild Remembered Sets and Scrub Regions
[255.740s][info][gc,marking  ] GC(504) Concurrent Rebuild Remembered Sets and Scrub Regions 19.219ms
[255.741s][info][gc,start    ] GC(504) Pause Cleanup
[255.741s][info][gc          ] GC(504) Pause Cleanup 267M->267M(587M) 0.072ms
[255.741s][info][gc,cpu      ] GC(504) User=0.00s Sys=0.00s Real=0.00s
[255.741s][info][gc,marking  ] GC(504) Concurrent Clear Claimed Marks
[255.741s][info][gc,marking  ] GC(504) Concurrent Clear Claimed Marks 0.122ms
[255.741s][info][gc,marking  ] GC(504) Concurrent Cleanup for Next Mark
[255.743s][info][gc,marking  ] GC(504) Concurrent Cleanup for Next Mark 1.791ms
[255.743s][info][gc          ] GC(504) Concurrent Mark Cycle 82.993ms
[256.494s][info][gc,start    ] GC(505) Pause Young (Prepare Mixed) (G1 Evacuation Pause)
[256.494s][info][gc,task     ] GC(505) Using 2 workers of 2 for evacuation
[256.498s][info][gc,phases   ] GC(505)   Pre Evacuate Collection Set: 0.27ms
[256.498s][info][gc,phases   ] GC(505)   Merge Heap Roots: 0.13ms
[256.498s][info][gc,phases   ] GC(505)   Evacuate Collection Set: 2.46ms
[256.498s][info][gc,phases   ] GC(505)   Post Evacuate Collection Set: 0.62ms
[256.498s][info][gc,phases   ] GC(505)   Other: 0.08ms
[256.498s][info][gc,heap     ] GC(505) Eden regions: 308->0(310)
[256.498s][info][gc,heap     ] GC(505) Survivor regions: 2->1(39)
[256.498s][info][gc,heap     ] GC(505) Old regions: 38->38
[256.498s][info][gc,heap     ] GC(505) Humongous regions: 207->207
[256.498s][info][gc,metaspace] GC(505) Metaspace: 56905K(57216K)->56905K(57216K) NonClass: 48617K(48832K)->48617K(48832K) Class: 8287K(8384K)->8287K(8384K)
[256.498s][info][gc          ] GC(505) Pause Young (Prepare Mixed) (G1 Evacuation Pause) 553M->244M(587M) 3.741ms
[256.498s][info][gc,cpu      ] GC(505) User=0.01s Sys=0.00s Real=0.00s
[257.317s][info][gc,start    ] GC(506) Pause Young (Mixed) (G1 Evacuation Pause)
[257.317s][info][gc,task     ] GC(506) Using 2 workers of 2 for evacuation
[257.332s][info][gc,phases   ] GC(506)   Pre Evacuate Collection Set: 0.36ms
[257.332s][info][gc,phases   ] GC(506)   Merge Heap Roots: 0.19ms
[257.332s][info][gc,phases   ] GC(506)   Evacuate Collection Set: 13.37ms
[257.332s][info][gc,phases   ] GC(506)   Post Evacuate Collection Set: 1.13ms
[257.332s][info][gc,phases   ] GC(506)   Other: 0.14ms
[257.332s][info][gc,heap     ] GC(506) Eden regions: 310->0(309)
[257.332s][info][gc,heap     ] GC(506) Survivor regions: 1->2(39)
[257.332s][info][gc,heap     ] GC(506) Old regions: 38->37
[257.332s][info][gc,heap     ] GC(506) Humongous regions: 207->207
[257.332s][info][gc,metaspace] GC(506) Metaspace: 56905K(57216K)->56905K(57216K) NonClass: 48617K(48832K)->48617K(48832K) Class: 8287K(8384K)->8287K(8384K)
[257.332s][info][gc          ] GC(506) Pause Young (Mixed) (G1 Evacuation Pause) 554M->245M(587M) 15.458ms
[257.332s][info][gc,cpu      ] GC(506) User=0.02s Sys=0.00s Real=0.02s
[258.118s][info][gc,start    ] GC(507) Pause Young (Concurrent Start) (G1 Evacuation Pause)
[258.118s][info][gc,task     ] GC(507) Using 2 workers of 2 for evacuation
[258.124s][info][gc,phases   ] GC(507)   Pre Evacuate Collection Set: 0.35ms
[258.124s][info][gc,phases   ] GC(507)   Merge Heap Roots: 0.11ms
[258.124s][info][gc,phases   ] GC(507)   Evacuate Collection Set: 4.63ms
[258.124s][info][gc,phases   ] GC(507)   Post Evacuate Collection Set: 0.66ms
[258.124s][info][gc,phases   ] GC(507)   Other: 0.17ms
[258.124s][info][gc,heap     ] GC(507) Eden regions: 309->0(306)
[258.124s][info][gc,heap     ] GC(507) Survivor regions: 2->3(39)
[258.124s][info][gc,heap     ] GC(507) Old regions: 37->38
[258.124s][info][gc,heap     ] GC(507) Humongous regions: 207->207
[258.124s][info][gc,metaspace] GC(507) Metaspace: 56905K(57216K)->56905K(57216K) NonClass: 48617K(48832K)->48617K(48832K) Class: 8287K(8384K)->8287K(8384K)
[258.124s][info][gc          ] GC(507) Pause Young (Concurrent Start) (G1 Evacuation Pause) 554M->246M(587M) 6.151ms
[258.124s][info][gc,cpu      ] GC(507) User=0.01s Sys=0.00s Real=0.01s
[258.124s][info][gc          ] GC(508) Concurrent Mark Cycle
[258.124s][info][gc,marking  ] GC(508) Concurrent Scan Root Regions
[258.136s][info][gc,marking  ] GC(508) Concurrent Scan Root Regions 12.437ms
[258.136s][info][gc,marking  ] GC(508) Concurrent Mark
[258.136s][info][gc,marking  ] GC(508) Concurrent Mark From Roots
[258.136s][info][gc,task     ] GC(508) Using 1 workers of 1 for marking
[258.211s][info][gc,marking  ] GC(508) Concurrent Mark From Roots 74.268ms
[258.211s][info][gc,marking  ] GC(508) Concurrent Preclean
[258.211s][info][gc,marking  ] GC(508) Concurrent Preclean 0.091ms
[258.211s][info][gc,start    ] GC(508) Pause Remark
[258.221s][info][gc          ] GC(508) Pause Remark 283M->283M(587M) 10.327ms
[258.221s][info][gc,cpu      ] GC(508) User=0.02s Sys=0.00s Real=0.01s
[258.221s][info][gc,marking  ] GC(508) Concurrent Mark 85.045ms
[258.221s][info][gc,marking  ] GC(508) Concurrent Rebuild Remembered Sets and Scrub Regions
[258.262s][info][gc,marking  ] GC(508) Concurrent Rebuild Remembered Sets and Scrub Regions 40.500ms
[258.262s][info][gc,start    ] GC(508) Pause Cleanup
[258.262s][info][gc          ] GC(508) Pause Cleanup 299M->299M(587M) 0.080ms
[258.262s][info][gc,cpu      ] GC(508) User=0.00s Sys=0.00s Real=0.00s
[258.263s][info][gc,marking  ] GC(508) Concurrent Clear Claimed Marks
[258.263s][info][gc,marking  ] GC(508) Concurrent Clear Claimed Marks 0.123ms
[258.263s][info][gc,marking  ] GC(508) Concurrent Cleanup for Next Mark
[258.265s][info][gc,marking  ] GC(508) Concurrent Cleanup for Next Mark 1.867ms
[258.265s][info][gc          ] GC(508) Concurrent Mark Cycle 140.901ms
[258.915s][info][gc,start    ] GC(509) Pause Young (Prepare Mixed) (G1 Evacuation Pause)
[258.915s][info][gc,task     ] GC(509) Using 2 workers of 2 for evacuation
[258.920s][info][gc,phases   ] GC(509)   Pre Evacuate Collection Set: 0.29ms
[258.920s][info][gc,phases   ] GC(509)   Merge Heap Roots: 0.13ms
[258.920s][info][gc,phases   ] GC(509)   Evacuate Collection Set: 4.34ms
[258.920s][info][gc,phases   ] GC(509)   Post Evacuate Collection Set: 0.70ms
[258.920s][info][gc,phases   ] GC(509)   Other: 0.08ms
[258.920s][info][gc,heap     ] GC(509) Eden regions: 306->0(306)
[258.920s][info][gc,heap     ] GC(509) Survivor regions: 3->3(39)
[258.920s][info][gc,heap     ] GC(509) Old regions: 38->38
[258.921s][info][gc,heap     ] GC(509) Humongous regions: 207->207
[258.921s][info][gc,metaspace] GC(509) Metaspace: 56905K(57216K)->56905K(57216K) NonClass: 48617K(48832K)->48617K(48832K) Class: 8287K(8384K)->8287K(8384K)
[258.921s][info][gc          ] GC(509) Pause Young (Prepare Mixed) (G1 Evacuation Pause) 552M->246M(587M) 5.738ms
[258.921s][info][gc,cpu      ] GC(509) User=0.01s Sys=0.00s Real=0.00s
[259.726s][info][gc,start    ] GC(510) Pause Young (Mixed) (G1 Evacuation Pause)
[259.726s][info][gc,task     ] GC(510) Using 2 workers of 2 for evacuation
[259.735s][info][gc,phases   ] GC(510)   Pre Evacuate Collection Set: 0.27ms
[259.735s][info][gc,phases   ] GC(510)   Merge Heap Roots: 0.18ms
[259.735s][info][gc,phases   ] GC(510)   Evacuate Collection Set: 7.65ms
[259.735s][info][gc,phases   ] GC(510)   Post Evacuate Collection Set: 0.68ms
[259.735s][info][gc,phases   ] GC(510)   Other: 0.12ms
[259.735s][info][gc,heap     ] GC(510) Eden regions: 306->0(309)
[259.735s][info][gc,heap     ] GC(510) Survivor regions: 3->2(39)
[259.735s][info][gc,heap     ] GC(510) Old regions: 38->37
[259.735s][info][gc,heap     ] GC(510) Humongous regions: 207->207
[259.735s][info][gc,metaspace] GC(510) Metaspace: 56905K(57216K)->56905K(57216K) NonClass: 48617K(48832K)->48617K(48832K) Class: 8287K(8384K)->8287K(8384K)
[259.735s][info][gc          ] GC(510) Pause Young (Mixed) (G1 Evacuation Pause) 552M->245M(587M) 9.086ms
[259.735s][info][gc,cpu      ] GC(510) User=0.01s Sys=0.00s Real=0.01s
[260.573s][info][gc,start    ] GC(511) Pause Young (Concurrent Start) (G1 Evacuation Pause)
[260.573s][info][gc,task     ] GC(511) Using 2 workers of 2 for evacuation
[260.581s][info][gc,phases   ] GC(511)   Pre Evacuate Collection Set: 0.31ms
[260.581s][info][gc,phases   ] GC(511)   Merge Heap Roots: 0.11ms
[260.581s][info][gc,phases   ] GC(511)   Evacuate Collection Set: 6.72ms
[260.581s][info][gc,phases   ] GC(511)   Post Evacuate Collection Set: 0.68ms
[260.581s][info][gc,phases   ] GC(511)   Other: 0.13ms
[260.581s][info][gc,heap     ] GC(511) Eden regions: 309->0(305)
[260.581s][info][gc,heap     ] GC(511) Survivor regions: 2->4(39)
[260.581s][info][gc,heap     ] GC(511) Old regions: 37->37
[260.581s][info][gc,heap     ] GC(511) Humongous regions: 207->207
[260.581s][info][gc,metaspace] GC(511) Metaspace: 56905K(57216K)->56905K(57216K) NonClass: 48617K(48832K)->48617K(48832K) Class: 8287K(8384K)->8287K(8384K)
[260.581s][info][gc          ] GC(511) Pause Young (Concurrent Start) (G1 Evacuation Pause) 554M->247M(587M) 8.177ms
[260.581s][info][gc,cpu      ] GC(511) User=0.01s Sys=0.00s Real=0.00s
[260.581s][info][gc          ] GC(512) Concurrent Mark Cycle
[260.581s][info][gc,marking  ] GC(512) Concurrent Scan Root Regions
[260.586s][info][gc,marking  ] GC(512) Concurrent Scan Root Regions 4.492ms
[260.586s][info][gc,marking  ] GC(512) Concurrent Mark
[260.586s][info][gc,marking  ] GC(512) Concurrent Mark From Roots
[260.586s][info][gc,task     ] GC(512) Using 1 workers of 1 for marking
[260.630s][info][gc,marking  ] GC(512) Concurrent Mark From Roots 44.583ms
[260.630s][info][gc,marking  ] GC(512) Concurrent Preclean
[260.630s][info][gc,marking  ] GC(512) Concurrent Preclean 0.076ms
[260.631s][info][gc,start    ] GC(512) Pause Remark
[260.642s][info][gc          ] GC(512) Pause Remark 259M->259M(587M) 11.458ms
[260.643s][info][gc,cpu      ] GC(512) User=0.02s Sys=0.00s Real=0.02s
[260.643s][info][gc,marking  ] GC(512) Concurrent Mark 57.280ms
[260.643s][info][gc,marking  ] GC(512) Concurrent Rebuild Remembered Sets and Scrub Regions
[260.672s][info][gc,marking  ] GC(512) Concurrent Rebuild Remembered Sets and Scrub Regions 29.539ms
[260.673s][info][gc,start    ] GC(512) Pause Cleanup
[260.673s][info][gc          ] GC(512) Pause Cleanup 274M->274M(587M) 0.081ms
[260.673s][info][gc,cpu      ] GC(512) User=0.00s Sys=0.00s Real=0.00s
[260.673s][info][gc,marking  ] GC(512) Concurrent Clear Claimed Marks
[260.673s][info][gc,marking  ] GC(512) Concurrent Clear Claimed Marks 0.123ms
[260.673s][info][gc,marking  ] GC(512) Concurrent Cleanup for Next Mark
[260.677s][info][gc,marking  ] GC(512) Concurrent Cleanup for Next Mark 3.977ms
[260.677s][info][gc          ] GC(512) Concurrent Mark Cycle 96.300ms
[261.329s][info][gc,start    ] GC(513) Pause Young (Prepare Mixed) (G1 Evacuation Pause)
[261.329s][info][gc,task     ] GC(513) Using 2 workers of 2 for evacuation
[261.335s][info][gc,phases   ] GC(513)   Pre Evacuate Collection Set: 0.28ms
[261.335s][info][gc,phases   ] GC(513)   Merge Heap Roots: 0.13ms
[261.335s][info][gc,phases   ] GC(513)   Evacuate Collection Set: 4.61ms
[261.335s][info][gc,phases   ] GC(513)   Post Evacuate Collection Set: 0.64ms
[261.335s][info][gc,phases   ] GC(513)   Other: 0.08ms
[261.335s][info][gc,heap     ] GC(513) Eden regions: 305->0(308)
[261.335s][info][gc,heap     ] GC(513) Survivor regions: 4->2(39)
[261.335s][info][gc,heap     ] GC(513) Old regions: 37->38
[261.335s][info][gc,heap     ] GC(513) Humongous regions: 207->207
[261.335s][info][gc,metaspace] GC(513) Metaspace: 56905K(57216K)->56905K(57216K) NonClass: 48617K(48832K)->48617K(48832K) Class: 8287K(8384K)->8287K(8384K)
[261.335s][info][gc          ] GC(513) Pause Young (Prepare Mixed) (G1 Evacuation Pause) 552M->246M(587M) 5.974ms
[261.335s][info][gc,cpu      ] GC(513) User=0.01s Sys=0.00s Real=0.01s
[262.131s][info][gc,start    ] GC(514) Pause Young (Mixed) (G1 Evacuation Pause)
[262.131s][info][gc,task     ] GC(514) Using 2 workers of 2 for evacuation
[262.138s][info][gc,phases   ] GC(514)   Pre Evacuate Collection Set: 0.26ms
[262.138s][info][gc,phases   ] GC(514)   Merge Heap Roots: 0.13ms
[262.138s][info][gc,phases   ] GC(514)   Evacuate Collection Set: 5.78ms
[262.138s][info][gc,phases   ] GC(514)   Post Evacuate Collection Set: 0.72ms
[262.138s][info][gc,phases   ] GC(514)   Other: 0.10ms
[262.138s][info][gc,heap     ] GC(514) Eden regions: 308->0(307)
[262.138s][info][gc,heap     ] GC(514) Survivor regions: 2->3(39)
[262.139s][info][gc,heap     ] GC(514) Old regions: 38->37
[262.139s][info][gc,heap     ] GC(514) Humongous regions: 207->207
[262.139s][info][gc,metaspace] GC(514) Metaspace: 56905K(57216K)->56905K(57216K) NonClass: 48617K(48832K)->48617K(48832K) Class: 8287K(8384K)->8287K(8384K)
[262.139s][info][gc          ] GC(514) Pause Young (Mixed) (G1 Evacuation Pause) 554M->246M(587M) 7.175ms
[262.139s][info][gc,cpu      ] GC(514) User=0.01s Sys=0.00s Real=0.01s
[262.993s][info][gc,start    ] GC(515) Pause Young (Concurrent Start) (G1 Evacuation Pause)
[262.993s][info][gc,task     ] GC(515) Using 2 workers of 2 for evacuation
[262.997s][info][gc,phases   ] GC(515)   Pre Evacuate Collection Set: 0.30ms
[262.997s][info][gc,phases   ] GC(515)   Merge Heap Roots: 0.10ms
[262.997s][info][gc,phases   ] GC(515)   Evacuate Collection Set: 2.61ms
[262.997s][info][gc,phases   ] GC(515)   Post Evacuate Collection Set: 0.65ms
[262.997s][info][gc,phases   ] GC(515)   Other: 0.13ms
[262.997s][info][gc,heap     ] GC(515) Eden regions: 307->0(311)
[262.997s][info][gc,heap     ] GC(515) Survivor regions: 3->1(39)
[262.997s][info][gc,heap     ] GC(515) Old regions: 37->37
[262.997s][info][gc,heap     ] GC(515) Humongous regions: 207->207
[262.997s][info][gc,metaspace] GC(515) Metaspace: 56905K(57216K)->56905K(57216K) NonClass: 48617K(48832K)->48617K(48832K) Class: 8287K(8384K)->8287K(8384K)
[262.997s][info][gc          ] GC(515) Pause Young (Concurrent Start) (G1 Evacuation Pause) 553M->244M(587M) 4.054ms
[262.997s][info][gc          ] GC(516) Concurrent Mark Cycle
[262.997s][info][gc,marking  ] GC(516) Concurrent Scan Root Regions
[262.998s][info][gc,cpu      ] GC(515) User=0.01s Sys=0.00s Real=0.00s
[263.000s][info][gc,marking  ] GC(516) Concurrent Scan Root Regions 2.325ms
[263.000s][info][gc,marking  ] GC(516) Concurrent Mark
[263.000s][info][gc,marking  ] GC(516) Concurrent Mark From Roots
[263.000s][info][gc,task     ] GC(516) Using 1 workers of 1 for marking
[263.074s][info][gc,marking  ] GC(516) Concurrent Mark From Roots 74.677ms
[263.074s][info][gc,marking  ] GC(516) Concurrent Preclean
[263.074s][info][gc,marking  ] GC(516) Concurrent Preclean 0.078ms
[263.074s][info][gc,start    ] GC(516) Pause Remark
[263.084s][info][gc          ] GC(516) Pause Remark 280M->280M(587M) 10.026ms
[263.085s][info][gc,cpu      ] GC(516) User=0.02s Sys=0.00s Real=0.01s
[263.085s][info][gc,marking  ] GC(516) Concurrent Mark 85.008ms
[263.085s][info][gc,marking  ] GC(516) Concurrent Rebuild Remembered Sets and Scrub Regions
[263.108s][info][gc,marking  ] GC(516) Concurrent Rebuild Remembered Sets and Scrub Regions 23.417ms
[263.109s][info][gc,start    ] GC(516) Pause Cleanup
[263.109s][info][gc          ] GC(516) Pause Cleanup 290M->290M(587M) 0.078ms
[263.109s][info][gc,cpu      ] GC(516) User=0.00s Sys=0.00s Real=0.00s
[263.109s][info][gc,marking  ] GC(516) Concurrent Clear Claimed Marks
[263.109s][info][gc,marking  ] GC(516) Concurrent Clear Claimed Marks 0.090ms
[263.109s][info][gc,marking  ] GC(516) Concurrent Cleanup for Next Mark
[263.111s][info][gc,marking  ] GC(516) Concurrent Cleanup for Next Mark 2.107ms
[263.111s][info][gc          ] GC(516) Concurrent Mark Cycle 113.995ms
[263.807s][info][gc,start    ] GC(517) Pause Young (Prepare Mixed) (G1 Evacuation Pause)
[263.807s][info][gc,task     ] GC(517) Using 2 workers of 2 for evacuation
[263.812s][info][gc,phases   ] GC(517)   Pre Evacuate Collection Set: 0.30ms
[263.812s][info][gc,phases   ] GC(517)   Merge Heap Roots: 0.13ms
[263.812s][info][gc,phases   ] GC(517)   Evacuate Collection Set: 3.93ms
[263.812s][info][gc,phases   ] GC(517)   Post Evacuate Collection Set: 0.72ms
[263.812s][info][gc,phases   ] GC(517)   Other: 0.09ms
[263.812s][info][gc,heap     ] GC(517) Eden regions: 311->0(309)
[263.812s][info][gc,heap     ] GC(517) Survivor regions: 1->2(39)
[263.812s][info][gc,heap     ] GC(517) Old regions: 37->37
[263.812s][info][gc,heap     ] GC(517) Humongous regions: 207->207
[263.812s][info][gc,metaspace] GC(517) Metaspace: 56905K(57216K)->56905K(57216K) NonClass: 48617K(48832K)->48617K(48832K) Class: 8287K(8384K)->8287K(8384K)
[263.812s][info][gc          ] GC(517) Pause Young (Prepare Mixed) (G1 Evacuation Pause) 555M->245M(587M) 5.371ms
[263.812s][info][gc,cpu      ] GC(517) User=0.01s Sys=0.00s Real=0.01s
[264.811s][info][gc,start    ] GC(518) Pause Young (Mixed) (G1 Evacuation Pause)
[264.811s][info][gc,task     ] GC(518) Using 2 workers of 2 for evacuation
[264.820s][info][gc,phases   ] GC(518)   Pre Evacuate Collection Set: 0.28ms
[264.820s][info][gc,phases   ] GC(518)   Merge Heap Roots: 0.14ms
[264.820s][info][gc,phases   ] GC(518)   Evacuate Collection Set: 7.52ms
[264.820s][info][gc,phases   ] GC(518)   Post Evacuate Collection Set: 0.74ms
[264.820s][info][gc,phases   ] GC(518)   Other: 0.11ms
[264.820s][info][gc,heap     ] GC(518) Eden regions: 309->0(309)
[264.820s][info][gc,heap     ] GC(518) Survivor regions: 2->2(39)
[264.820s][info][gc,heap     ] GC(518) Old regions: 37->37
[264.820s][info][gc,heap     ] GC(518) Humongous regions: 207->207
[264.820s][info][gc,metaspace] GC(518) Metaspace: 56905K(57216K)->56905K(57216K) NonClass: 48617K(48832K)->48617K(48832K) Class: 8287K(8384K)->8287K(8384K)
[264.820s][info][gc          ] GC(518) Pause Young (Mixed) (G1 Evacuation Pause) 554M->245M(587M) 9.004ms
[264.820s][info][gc,cpu      ] GC(518) User=0.02s Sys=0.00s Real=0.01s
[265.624s][info][gc,start    ] GC(519) Pause Young (Concurrent Start) (G1 Evacuation Pause)
[265.624s][info][gc,task     ] GC(519) Using 2 workers of 2 for evacuation
[265.629s][info][gc,phases   ] GC(519)   Pre Evacuate Collection Set: 0.31ms
[265.629s][info][gc,phases   ] GC(519)   Merge Heap Roots: 0.12ms
[265.629s][info][gc,phases   ] GC(519)   Evacuate Collection Set: 4.39ms
[265.629s][info][gc,phases   ] GC(519)   Post Evacuate Collection Set: 0.68ms
[265.629s][info][gc,phases   ] GC(519)   Other: 0.15ms
[265.629s][info][gc,heap     ] GC(519) Eden regions: 309->0(309)
[265.629s][info][gc,heap     ] GC(519) Survivor regions: 2->2(39)
[265.629s][info][gc,heap     ] GC(519) Old regions: 37->37
[265.629s][info][gc,heap     ] GC(519) Humongous regions: 207->207
[265.629s][info][gc,metaspace] GC(519) Metaspace: 56905K(57216K)->56905K(57216K) NonClass: 48617K(48832K)->48617K(48832K) Class: 8287K(8384K)->8287K(8384K)
[265.629s][info][gc          ] GC(519) Pause Young (Concurrent Start) (G1 Evacuation Pause) 554M->245M(587M) 5.854ms
[265.630s][info][gc          ] GC(520) Concurrent Mark Cycle
[265.630s][info][gc,marking  ] GC(520) Concurrent Scan Root Regions
[265.631s][info][gc,cpu      ] GC(519) User=0.01s Sys=0.00s Real=0.00s
[265.632s][info][gc,marking  ] GC(520) Concurrent Scan Root Regions 2.765ms
[265.632s][info][gc,marking  ] GC(520) Concurrent Mark
[265.632s][info][gc,marking  ] GC(520) Concurrent Mark From Roots
[265.632s][info][gc,task     ] GC(520) Using 1 workers of 1 for marking
[265.691s][info][gc,marking  ] GC(520) Concurrent Mark From Roots 59.067ms
[265.691s][info][gc,marking  ] GC(520) Concurrent Preclean
[265.692s][info][gc,marking  ] GC(520) Concurrent Preclean 0.081ms
[265.692s][info][gc,start    ] GC(520) Pause Remark
[265.702s][info][gc          ] GC(520) Pause Remark 266M->266M(587M) 10.217ms
[265.703s][info][gc,cpu      ] GC(520) User=0.02s Sys=0.00s Real=0.01s
[265.703s][info][gc,marking  ] GC(520) Concurrent Mark 70.855ms
[265.703s][info][gc,marking  ] GC(520) Concurrent Rebuild Remembered Sets and Scrub Regions
[265.726s][info][gc,marking  ] GC(520) Concurrent Rebuild Remembered Sets and Scrub Regions 23.035ms
[265.726s][info][gc,start    ] GC(520) Pause Cleanup
[265.726s][info][gc          ] GC(520) Pause Cleanup 276M->276M(587M) 0.075ms
[265.726s][info][gc,cpu      ] GC(520) User=0.00s Sys=0.00s Real=0.00s
[265.726s][info][gc,marking  ] GC(520) Concurrent Clear Claimed Marks
[265.727s][info][gc,marking  ] GC(520) Concurrent Clear Claimed Marks 0.094ms
[265.727s][info][gc,marking  ] GC(520) Concurrent Cleanup for Next Mark
[265.728s][info][gc,marking  ] GC(520) Concurrent Cleanup for Next Mark 1.785ms
[265.728s][info][gc          ] GC(520) Concurrent Mark Cycle 98.885ms
[266.431s][info][gc,start    ] GC(521) Pause Young (Prepare Mixed) (G1 Evacuation Pause)
[266.431s][info][gc,task     ] GC(521) Using 2 workers of 2 for evacuation
[266.437s][info][gc,phases   ] GC(521)   Pre Evacuate Collection Set: 0.29ms
[266.437s][info][gc,phases   ] GC(521)   Merge Heap Roots: 0.13ms
[266.437s][info][gc,phases   ] GC(521)   Evacuate Collection Set: 4.24ms
[266.437s][info][gc,phases   ] GC(521)   Post Evacuate Collection Set: 0.67ms
[266.437s][info][gc,phases   ] GC(521)   Other: 0.08ms
[266.437s][info][gc,heap     ] GC(521) Eden regions: 309->0(309)
[266.437s][info][gc,heap     ] GC(521) Survivor regions: 2->2(39)
[266.437s][info][gc,heap     ] GC(521) Old regions: 37->37
[266.437s][info][gc,heap     ] GC(521) Humongous regions: 207->207
[266.437s][info][gc,metaspace] GC(521) Metaspace: 56905K(57216K)->56905K(57216K) NonClass: 48617K(48832K)->48617K(48832K) Class: 8287K(8384K)->8287K(8384K)
[266.437s][info][gc          ] GC(521) Pause Young (Prepare Mixed) (G1 Evacuation Pause) 554M->245M(587M) 5.618ms
[266.437s][info][gc,cpu      ] GC(521) User=0.01s Sys=0.00s Real=0.01s
[267.247s][info][gc,start    ] GC(522) Pause Young (Mixed) (G1 Evacuation Pause)
[267.248s][info][gc,task     ] GC(522) Using 2 workers of 2 for evacuation
[267.255s][info][gc,phases   ] GC(522)   Pre Evacuate Collection Set: 0.29ms
[267.255s][info][gc,phases   ] GC(522)   Merge Heap Roots: 0.15ms
[267.255s][info][gc,phases   ] GC(522)   Evacuate Collection Set: 6.47ms
[267.255s][info][gc,phases   ] GC(522)   Post Evacuate Collection Set: 0.82ms
[267.255s][info][gc,phases   ] GC(522)   Other: 0.12ms
[267.255s][info][gc,heap     ] GC(522) Eden regions: 309->0(309)
[267.255s][info][gc,heap     ] GC(522) Survivor regions: 2->2(39)
[267.255s][info][gc,heap     ] GC(522) Old regions: 37->37
[267.255s][info][gc,heap     ] GC(522) Humongous regions: 207->207
[267.255s][info][gc,metaspace] GC(522) Metaspace: 56905K(57216K)->56905K(57216K) NonClass: 48617K(48832K)->48617K(48832K) Class: 8287K(8384K)->8287K(8384K)
[267.256s][info][gc          ] GC(522) Pause Young (Mixed) (G1 Evacuation Pause) 554M->245M(587M) 8.068ms
[267.256s][info][gc,cpu      ] GC(522) User=0.02s Sys=0.00s Real=0.01s
[268.096s][info][gc,start    ] GC(523) Pause Young (Concurrent Start) (G1 Evacuation Pause)
[268.096s][info][gc,task     ] GC(523) Using 2 workers of 2 for evacuation
[268.100s][info][gc,phases   ] GC(523)   Pre Evacuate Collection Set: 0.34ms
[268.100s][info][gc,phases   ] GC(523)   Merge Heap Roots: 0.12ms
[268.100s][info][gc,phases   ] GC(523)   Evacuate Collection Set: 2.59ms
[268.100s][info][gc,phases   ] GC(523)   Post Evacuate Collection Set: 0.67ms
[268.100s][info][gc,phases   ] GC(523)   Other: 0.15ms
[268.100s][info][gc,heap     ] GC(523) Eden regions: 309->0(311)
[268.100s][info][gc,heap     ] GC(523) Survivor regions: 2->1(39)
[268.100s][info][gc,heap     ] GC(523) Old regions: 37->37
[268.100s][info][gc,heap     ] GC(523) Humongous regions: 207->207
[268.100s][info][gc,metaspace] GC(523) Metaspace: 56905K(57216K)->56905K(57216K) NonClass: 48617K(48832K)->48617K(48832K) Class: 8287K(8384K)->8287K(8384K)
[268.100s][info][gc          ] GC(523) Pause Young (Concurrent Start) (G1 Evacuation Pause) 553M->244M(587M) 4.134ms
[268.100s][info][gc,cpu      ] GC(523) User=0.01s Sys=0.00s Real=0.00s
[268.100s][info][gc          ] GC(524) Concurrent Mark Cycle
[268.100s][info][gc,marking  ] GC(524) Concurrent Scan Root Regions
[268.102s][info][gc,marking  ] GC(524) Concurrent Scan Root Regions 1.659ms
[268.102s][info][gc,marking  ] GC(524) Concurrent Mark
[268.102s][info][gc,marking  ] GC(524) Concurrent Mark From Roots
[268.102s][info][gc,task     ] GC(524) Using 1 workers of 1 for marking
[268.177s][info][gc,marking  ] GC(524) Concurrent Mark From Roots 75.538ms
[268.177s][info][gc,marking  ] GC(524) Concurrent Preclean
[268.177s][info][gc,marking  ] GC(524) Concurrent Preclean 0.084ms
[268.177s][info][gc,start    ] GC(524) Pause Remark
[268.188s][info][gc          ] GC(524) Pause Remark 279M->279M(587M) 10.416ms
[268.188s][info][gc,cpu      ] GC(524) User=0.02s Sys=0.01s Real=0.01s
[268.189s][info][gc,marking  ] GC(524) Concurrent Mark 86.947ms
[268.189s][info][gc,marking  ] GC(524) Concurrent Rebuild Remembered Sets and Scrub Regions
[268.212s][info][gc,marking  ] GC(524) Concurrent Rebuild Remembered Sets and Scrub Regions 23.499ms
[268.212s][info][gc,start    ] GC(524) Pause Cleanup
[268.212s][info][gc          ] GC(524) Pause Cleanup 288M->288M(587M) 0.082ms
[268.212s][info][gc,cpu      ] GC(524) User=0.00s Sys=0.00s Real=0.00s
[268.212s][info][gc,marking  ] GC(524) Concurrent Clear Claimed Marks
[268.213s][info][gc,marking  ] GC(524) Concurrent Clear Claimed Marks 0.099ms
[268.213s][info][gc,marking  ] GC(524) Concurrent Cleanup for Next Mark
[268.214s][info][gc,marking  ] GC(524) Concurrent Cleanup for Next Mark 1.849ms
[268.214s][info][gc          ] GC(524) Concurrent Mark Cycle 114.570ms
[268.909s][info][gc,start    ] GC(525) Pause Young (Prepare Mixed) (G1 Evacuation Pause)
[268.909s][info][gc,task     ] GC(525) Using 2 workers of 2 for evacuation
[268.914s][info][gc,phases   ] GC(525)   Pre Evacuate Collection Set: 0.30ms
[268.914s][info][gc,phases   ] GC(525)   Merge Heap Roots: 0.13ms
[268.914s][info][gc,phases   ] GC(525)   Evacuate Collection Set: 3.66ms
[268.914s][info][gc,phases   ] GC(525)   Post Evacuate Collection Set: 0.65ms
[268.914s][info][gc,phases   ] GC(525)   Other: 0.10ms
[268.914s][info][gc,heap     ] GC(525) Eden regions: 311->0(309)
[268.914s][info][gc,heap     ] GC(525) Survivor regions: 1->2(39)
[268.914s][info][gc,heap     ] GC(525) Old regions: 37->37
[268.914s][info][gc,heap     ] GC(525) Humongous regions: 207->207
[268.914s][info][gc,metaspace] GC(525) Metaspace: 56905K(57216K)->56905K(57216K) NonClass: 48617K(48832K)->48617K(48832K) Class: 8287K(8384K)->8287K(8384K)
[268.914s][info][gc          ] GC(525) Pause Young (Prepare Mixed) (G1 Evacuation Pause) 555M->245M(587M) 5.074ms
[268.914s][info][gc,cpu      ] GC(525) User=0.01s Sys=0.00s Real=0.01s
[269.762s][info][gc,start    ] GC(526) Pause Young (Mixed) (G1 Evacuation Pause)
[269.762s][info][gc,task     ] GC(526) Using 2 workers of 2 for evacuation
[269.770s][info][gc,phases   ] GC(526)   Pre Evacuate Collection Set: 0.31ms
[269.770s][info][gc,phases   ] GC(526)   Merge Heap Roots: 0.15ms
[269.770s][info][gc,phases   ] GC(526)   Evacuate Collection Set: 6.20ms
[269.770s][info][gc,phases   ] GC(526)   Post Evacuate Collection Set: 0.73ms
[269.770s][info][gc,phases   ] GC(526)   Other: 0.12ms
[269.770s][info][gc,heap     ] GC(526) Eden regions: 309->0(309)
[269.770s][info][gc,heap     ] GC(526) Survivor regions: 2->2(39)
[269.770s][info][gc,heap     ] GC(526) Old regions: 37->37
[269.770s][info][gc,heap     ] GC(526) Humongous regions: 207->207
[269.770s][info][gc,metaspace] GC(526) Metaspace: 56905K(57216K)->56905K(57216K) NonClass: 48617K(48832K)->48617K(48832K) Class: 8287K(8384K)->8287K(8384K)
[269.770s][info][gc          ] GC(526) Pause Young (Mixed) (G1 Evacuation Pause) 554M->245M(587M) 7.794ms
[269.770s][info][gc,cpu      ] GC(526) User=0.02s Sys=0.00s Real=0.01s
[270.535s][info][gc,start    ] GC(527) Pause Young (Concurrent Start) (G1 Evacuation Pause)
[270.535s][info][gc,task     ] GC(527) Using 2 workers of 2 for evacuation
[270.548s][info][gc,phases   ] GC(527)   Pre Evacuate Collection Set: 0.33ms
[270.548s][info][gc,phases   ] GC(527)   Merge Heap Roots: 0.12ms
[270.548s][info][gc,phases   ] GC(527)   Evacuate Collection Set: 10.42ms
[270.548s][info][gc,phases   ] GC(527)   Post Evacuate Collection Set: 1.98ms
[270.548s][info][gc,phases   ] GC(527)   Other: 0.16ms
[270.548s][info][gc,heap     ] GC(527) Eden regions: 309->0(307)
[270.548s][info][gc,heap     ] GC(527) Survivor regions: 2->3(39)
[270.548s][info][gc,heap     ] GC(527) Old regions: 37->37
[270.548s][info][gc,heap     ] GC(527) Humongous regions: 207->207
[270.548s][info][gc,metaspace] GC(527) Metaspace: 56905K(57216K)->56905K(57216K) NonClass: 48617K(48832K)->48617K(48832K) Class: 8287K(8384K)->8287K(8384K)
[270.548s][info][gc          ] GC(527) Pause Young (Concurrent Start) (G1 Evacuation Pause) 554M->246M(587M) 13.263ms
[270.549s][info][gc,cpu      ] GC(527) User=0.01s Sys=0.00s Real=0.01s
[270.557s][info][gc          ] GC(528) Concurrent Mark Cycle
[270.557s][info][gc,marking  ] GC(528) Concurrent Scan Root Regions
[270.581s][info][gc,marking  ] GC(528) Concurrent Scan Root Regions 23.422ms
[270.581s][info][gc,marking  ] GC(528) Concurrent Mark
[270.581s][info][gc,marking  ] GC(528) Concurrent Mark From Roots
[270.581s][info][gc,task     ] GC(528) Using 1 workers of 1 for marking
[270.678s][info][gc,marking  ] GC(528) Concurrent Mark From Roots 96.658ms
[270.678s][info][gc,marking  ] GC(528) Concurrent Preclean
[270.678s][info][gc,marking  ] GC(528) Concurrent Preclean 0.089ms
[270.678s][info][gc,start    ] GC(528) Pause Remark
[270.690s][info][gc          ] GC(528) Pause Remark 265M->265M(587M) 11.931ms
[270.690s][info][gc,cpu      ] GC(528) User=0.02s Sys=0.00s Real=0.01s
[270.690s][info][gc,marking  ] GC(528) Concurrent Mark 109.160ms
[270.690s][info][gc,marking  ] GC(528) Concurrent Rebuild Remembered Sets and Scrub Regions
[270.735s][info][gc,marking  ] GC(528) Concurrent Rebuild Remembered Sets and Scrub Regions 45.155ms
[270.736s][info][gc,start    ] GC(528) Pause Cleanup
[270.736s][info][gc          ] GC(528) Pause Cleanup 288M->288M(587M) 0.088ms
[270.736s][info][gc,cpu      ] GC(528) User=0.00s Sys=0.00s Real=0.00s
[270.739s][info][gc,marking  ] GC(528) Concurrent Clear Claimed Marks
[270.739s][info][gc,marking  ] GC(528) Concurrent Clear Claimed Marks 0.132ms
[270.739s][info][gc,marking  ] GC(528) Concurrent Cleanup for Next Mark
[270.743s][info][gc,marking  ] GC(528) Concurrent Cleanup for Next Mark 3.697ms
[270.743s][info][gc          ] GC(528) Concurrent Mark Cycle 185.671ms
[271.440s][info][gc,start    ] GC(529) Pause Young (Prepare Mixed) (G1 Evacuation Pause)
[271.440s][info][gc,task     ] GC(529) Using 2 workers of 2 for evacuation
[271.449s][info][gc,phases   ] GC(529)   Pre Evacuate Collection Set: 0.39ms
[271.449s][info][gc,phases   ] GC(529)   Merge Heap Roots: 0.14ms
[271.449s][info][gc,phases   ] GC(529)   Evacuate Collection Set: 7.39ms
[271.449s][info][gc,phases   ] GC(529)   Post Evacuate Collection Set: 0.71ms
[271.449s][info][gc,phases   ] GC(529)   Other: 0.11ms
[271.449s][info][gc,heap     ] GC(529) Eden regions: 307->0(307)
[271.449s][info][gc,heap     ] GC(529) Survivor regions: 3->3(39)
[271.449s][info][gc,heap     ] GC(529) Old regions: 37->37
[271.449s][info][gc,heap     ] GC(529) Humongous regions: 207->207
[271.449s][info][gc,metaspace] GC(529) Metaspace: 56905K(57216K)->56905K(57216K) NonClass: 48617K(48832K)->48617K(48832K) Class: 8287K(8384K)->8287K(8384K)
[271.449s][info][gc          ] GC(529) Pause Young (Prepare Mixed) (G1 Evacuation Pause) 553M->246M(587M) 8.964ms
[271.449s][info][gc,cpu      ] GC(529) User=0.01s Sys=0.00s Real=0.01s
[272.136s][info][gc,start    ] GC(530) Pause Young (Mixed) (G1 Evacuation Pause)
[272.136s][info][gc,task     ] GC(530) Using 2 workers of 2 for evacuation
[272.145s][info][gc,phases   ] GC(530)   Pre Evacuate Collection Set: 0.31ms
[272.145s][info][gc,phases   ] GC(530)   Merge Heap Roots: 0.14ms
[272.145s][info][gc,phases   ] GC(530)   Evacuate Collection Set: 7.39ms
[272.145s][info][gc,phases   ] GC(530)   Post Evacuate Collection Set: 0.76ms
[272.145s][info][gc,phases   ] GC(530)   Other: 0.13ms
[272.145s][info][gc,heap     ] GC(530) Eden regions: 307->0(307)
[272.145s][info][gc,heap     ] GC(530) Survivor regions: 3->3(39)
[272.145s][info][gc,heap     ] GC(530) Old regions: 37->37
[272.145s][info][gc,heap     ] GC(530) Humongous regions: 207->207
[272.145s][info][gc,metaspace] GC(530) Metaspace: 56907K(57216K)->56907K(57216K) NonClass: 48620K(48832K)->48620K(48832K) Class: 8287K(8384K)->8287K(8384K)
[272.145s][info][gc          ] GC(530) Pause Young (Mixed) (G1 Evacuation Pause) 553M->246M(587M) 8.931ms
[272.145s][info][gc,cpu      ] GC(530) User=0.02s Sys=0.00s Real=0.01s
[272.940s][info][gc,start    ] GC(531) Pause Young (Concurrent Start) (G1 Evacuation Pause)
[272.941s][info][gc,task     ] GC(531) Using 2 workers of 2 for evacuation
[272.945s][info][gc,phases   ] GC(531)   Pre Evacuate Collection Set: 0.30ms
[272.945s][info][gc,phases   ] GC(531)   Merge Heap Roots: 0.14ms
[272.945s][info][gc,phases   ] GC(531)   Evacuate Collection Set: 3.52ms
[272.945s][info][gc,phases   ] GC(531)   Post Evacuate Collection Set: 0.70ms
[272.945s][info][gc,phases   ] GC(531)   Other: 0.13ms
[272.945s][info][gc,heap     ] GC(531) Eden regions: 307->0(309)
[272.945s][info][gc,heap     ] GC(531) Survivor regions: 3->2(39)
[272.945s][info][gc,heap     ] GC(531) Old regions: 37->37
[272.945s][info][gc,heap     ] GC(531) Humongous regions: 207->207
[272.945s][info][gc,metaspace] GC(531) Metaspace: 56907K(57216K)->56907K(57216K) NonClass: 48620K(48832K)->48620K(48832K) Class: 8287K(8384K)->8287K(8384K)
[272.946s][info][gc          ] GC(531) Pause Young (Concurrent Start) (G1 Evacuation Pause) 553M->244M(587M) 5.009ms
[272.946s][info][gc,cpu      ] GC(531) User=0.01s Sys=0.00s Real=0.01s
[272.946s][info][gc          ] GC(532) Concurrent Mark Cycle
[272.946s][info][gc,marking  ] GC(532) Concurrent Scan Root Regions
[272.949s][info][gc,marking  ] GC(532) Concurrent Scan Root Regions 2.921ms
[272.949s][info][gc,marking  ] GC(532) Concurrent Mark
[272.949s][info][gc,marking  ] GC(532) Concurrent Mark From Roots
[272.949s][info][gc,task     ] GC(532) Using 1 workers of 1 for marking
[272.999s][info][gc,marking  ] GC(532) Concurrent Mark From Roots 50.590ms
[272.999s][info][gc,marking  ] GC(532) Concurrent Preclean
[272.999s][info][gc,marking  ] GC(532) Concurrent Preclean 0.078ms
[273.001s][info][gc,start    ] GC(532) Pause Remark
[273.012s][info][gc          ] GC(532) Pause Remark 255M->255M(587M) 10.917ms
[273.012s][info][gc,cpu      ] GC(532) User=0.02s Sys=0.00s Real=0.02s
[273.013s][info][gc,marking  ] GC(532) Concurrent Mark 64.523ms
[273.013s][info][gc,marking  ] GC(532) Concurrent Rebuild Remembered Sets and Scrub Regions
[273.053s][info][gc,marking  ] GC(532) Concurrent Rebuild Remembered Sets and Scrub Regions 39.623ms
[273.053s][info][gc,start    ] GC(532) Pause Cleanup
[273.053s][info][gc          ] GC(532) Pause Cleanup 275M->275M(587M) 0.074ms
[273.053s][info][gc,cpu      ] GC(532) User=0.00s Sys=0.00s Real=0.00s
[273.053s][info][gc,marking  ] GC(532) Concurrent Clear Claimed Marks
[273.053s][info][gc,marking  ] GC(532) Concurrent Clear Claimed Marks 0.094ms
[273.053s][info][gc,marking  ] GC(532) Concurrent Cleanup for Next Mark
[273.056s][info][gc,marking  ] GC(532) Concurrent Cleanup for Next Mark 3.139ms
[273.056s][info][gc          ] GC(532) Concurrent Mark Cycle 110.778ms
[276.552s][info][gc,start    ] GC(533) Pause Young (Prepare Mixed) (G1 Evacuation Pause)
[276.552s][info][gc,task     ] GC(533) Using 2 workers of 2 for evacuation
[276.574s][info][gc,phases   ] GC(533)   Pre Evacuate Collection Set: 4.07ms
[276.574s][info][gc,phases   ] GC(533)   Merge Heap Roots: 0.20ms
[276.574s][info][gc,phases   ] GC(533)   Evacuate Collection Set: 15.95ms
[276.574s][info][gc,phases   ] GC(533)   Post Evacuate Collection Set: 1.49ms
[276.574s][info][gc,phases   ] GC(533)   Other: 0.10ms
[276.574s][info][gc,heap     ] GC(533) Eden regions: 301->0(443)
[276.574s][info][gc,heap     ] GC(533) Survivor regions: 2->2(38)
[276.574s][info][gc,heap     ] GC(533) Old regions: 37->37
[276.574s][info][gc,heap     ] GC(533) Humongous regions: 363->207
[276.574s][info][gc,metaspace] GC(533) Metaspace: 57044K(57408K)->57044K(57408K) NonClass: 48756K(49024K)->48756K(49024K) Class: 8287K(8384K)->8287K(8384K)
[276.574s][info][gc          ] GC(533) Pause Young (Prepare Mixed) (G1 Evacuation Pause) 701M->245M(743M) 22.047ms
[276.574s][info][gc,cpu      ] GC(533) User=0.01s Sys=0.02s Real=0.03s
[278.398s][info][gc,start    ] GC(534) Pause Young (Mixed) (G1 Evacuation Pause)
[278.398s][info][gc,task     ] GC(534) Using 2 workers of 2 for evacuation
[278.409s][info][gc,phases   ] GC(534)   Pre Evacuate Collection Set: 0.31ms
[278.409s][info][gc,phases   ] GC(534)   Merge Heap Roots: 0.17ms
[278.409s][info][gc,phases   ] GC(534)   Evacuate Collection Set: 9.05ms
[278.409s][info][gc,phases   ] GC(534)   Post Evacuate Collection Set: 0.91ms
[278.409s][info][gc,phases   ] GC(534)   Other: 0.18ms
[278.409s][info][gc,heap     ] GC(534) Eden regions: 443->0(392)
[278.409s][info][gc,heap     ] GC(534) Survivor regions: 2->14(56)
[278.409s][info][gc,heap     ] GC(534) Old regions: 37->37
[278.409s][info][gc,heap     ] GC(534) Humongous regions: 207->207
[278.409s][info][gc,metaspace] GC(534) Metaspace: 57138K(57472K)->57138K(57472K) NonClass: 48850K(49088K)->48850K(49088K) Class: 8287K(8384K)->8287K(8384K)
[278.409s][info][gc          ] GC(534) Pause Young (Mixed) (G1 Evacuation Pause) 688M->256M(743M) 10.887ms
[278.409s][info][gc,cpu      ] GC(534) User=0.02s Sys=0.00s Real=0.01s
[279.414s][info][gc,start    ] GC(535) Pause Young (Normal) (G1 Evacuation Pause)
[279.414s][info][gc,task     ] GC(535) Using 2 workers of 2 for evacuation
[279.423s][info][gc,phases   ] GC(535)   Pre Evacuate Collection Set: 0.31ms
[279.423s][info][gc,phases   ] GC(535)   Merge Heap Roots: 0.16ms
[279.423s][info][gc,phases   ] GC(535)   Evacuate Collection Set: 8.33ms
[279.423s][info][gc,phases   ] GC(535)   Post Evacuate Collection Set: 0.85ms
[279.423s][info][gc,phases   ] GC(535)   Other: 0.13ms
[279.423s][info][gc,heap     ] GC(535) Eden regions: 392->0(412)
[279.424s][info][gc,heap     ] GC(535) Survivor regions: 14->14(51)
[279.424s][info][gc,heap     ] GC(535) Old regions: 37->37
[279.424s][info][gc,heap     ] GC(535) Humongous regions: 207->207
[279.424s][info][gc,metaspace] GC(535) Metaspace: 57138K(57472K)->57138K(57472K) NonClass: 48850K(49088K)->48850K(49088K) Class: 8287K(8384K)->8287K(8384K)
[279.424s][info][gc          ] GC(535) Pause Young (Normal) (G1 Evacuation Pause) 648M->257M(743M) 9.998ms
[279.424s][info][gc,cpu      ] GC(535) User=0.02s Sys=0.00s Real=0.01s
[280.507s][info][gc,start    ] GC(536) Pause Young (Normal) (G1 Evacuation Pause)
[280.507s][info][gc,task     ] GC(536) Using 2 workers of 2 for evacuation
[280.519s][info][gc,phases   ] GC(536)   Pre Evacuate Collection Set: 0.33ms
[280.519s][info][gc,phases   ] GC(536)   Merge Heap Roots: 0.15ms
[280.519s][info][gc,phases   ] GC(536)   Evacuate Collection Set: 9.61ms
[280.519s][info][gc,phases   ] GC(536)   Post Evacuate Collection Set: 0.89ms
[280.519s][info][gc,phases   ] GC(536)   Other: 0.12ms
[280.519s][info][gc,heap     ] GC(536) Eden regions: 412->0(417)
[280.519s][info][gc,heap     ] GC(536) Survivor regions: 14->17(54)
[280.519s][info][gc,heap     ] GC(536) Old regions: 37->37
[280.519s][info][gc,heap     ] GC(536) Humongous regions: 207->207
[280.519s][info][gc,metaspace] GC(536) Metaspace: 57138K(57472K)->57138K(57472K) NonClass: 48850K(49088K)->48850K(49088K) Class: 8287K(8384K)->8287K(8384K)
[280.519s][info][gc          ] GC(536) Pause Young (Normal) (G1 Evacuation Pause) 669M->260M(743M) 11.330ms
[280.519s][info][gc,cpu      ] GC(536) User=0.02s Sys=0.00s Real=0.01s
[281.707s][info][gc,start    ] GC(537) Pause Young (Normal) (G1 Evacuation Pause)
[281.707s][info][gc,task     ] GC(537) Using 2 workers of 2 for evacuation
[281.717s][info][gc,phases   ] GC(537)   Pre Evacuate Collection Set: 0.33ms
[281.717s][info][gc,phases   ] GC(537)   Merge Heap Roots: 0.15ms
[281.717s][info][gc,phases   ] GC(537)   Evacuate Collection Set: 8.38ms
[281.717s][info][gc,phases   ] GC(537)   Post Evacuate Collection Set: 0.92ms
[281.717s][info][gc,phases   ] GC(537)   Other: 0.10ms
[281.717s][info][gc,heap     ] GC(537) Eden regions: 417->0(426)
[281.717s][info][gc,heap     ] GC(537) Survivor regions: 17->17(55)
[281.717s][info][gc,heap     ] GC(537) Old regions: 37->37
[281.717s][info][gc,heap     ] GC(537) Humongous regions: 207->207
[281.717s][info][gc,metaspace] GC(537) Metaspace: 57138K(57472K)->57138K(57472K) NonClass: 48850K(49088K)->48850K(49088K) Class: 8287K(8384K)->8287K(8384K)
[281.717s][info][gc          ] GC(537) Pause Young (Normal) (G1 Evacuation Pause) 677M->260M(743M) 10.105ms
[281.717s][info][gc,cpu      ] GC(537) User=0.02s Sys=0.00s Real=0.01s
[282.822s][info][gc,start    ] GC(538) Pause Young (Normal) (G1 Evacuation Pause)
[282.822s][info][gc,task     ] GC(538) Using 2 workers of 2 for evacuation
[282.832s][info][gc,phases   ] GC(538)   Pre Evacuate Collection Set: 0.32ms
[282.832s][info][gc,phases   ] GC(538)   Merge Heap Roots: 0.15ms
[282.832s][info][gc,phases   ] GC(538)   Evacuate Collection Set: 8.96ms
[282.832s][info][gc,phases   ] GC(538)   Post Evacuate Collection Set: 0.91ms
[282.832s][info][gc,phases   ] GC(538)   Other: 0.10ms
[282.832s][info][gc,heap     ] GC(538) Eden regions: 426->0(427)
[282.832s][info][gc,heap     ] GC(538) Survivor regions: 17->17(56)
[282.832s][info][gc,heap     ] GC(538) Old regions: 37->37
[282.833s][info][gc,heap     ] GC(538) Humongous regions: 207->207
[282.833s][info][gc,metaspace] GC(538) Metaspace: 57138K(57472K)->57138K(57472K) NonClass: 48850K(49088K)->48850K(49088K) Class: 8287K(8384K)->8287K(8384K)
[282.833s][info][gc          ] GC(538) Pause Young (Normal) (G1 Evacuation Pause) 686M->260M(743M) 10.715ms
[282.833s][info][gc,cpu      ] GC(538) User=0.02s Sys=0.00s Real=0.02s
[283.940s][info][gc,start    ] GC(539) Pause Young (Normal) (G1 Evacuation Pause)
[283.940s][info][gc,task     ] GC(539) Using 2 workers of 2 for evacuation
[283.952s][info][gc,phases   ] GC(539)   Pre Evacuate Collection Set: 0.32ms
[283.952s][info][gc,phases   ] GC(539)   Merge Heap Roots: 0.20ms
[283.952s][info][gc,phases   ] GC(539)   Evacuate Collection Set: 9.71ms
[283.952s][info][gc,phases   ] GC(539)   Post Evacuate Collection Set: 0.96ms
[283.952s][info][gc,phases   ] GC(539)   Other: 0.12ms
[283.952s][info][gc,heap     ] GC(539) Eden regions: 427->0(427)
[283.952s][info][gc,heap     ] GC(539) Survivor regions: 17->17(56)
[283.952s][info][gc,heap     ] GC(539) Old regions: 37->37
[283.952s][info][gc,heap     ] GC(539) Humongous regions: 207->207
[283.952s][info][gc,metaspace] GC(539) Metaspace: 57138K(57472K)->57138K(57472K) NonClass: 48850K(49088K)->48850K(49088K) Class: 8287K(8384K)->8287K(8384K)
[283.952s][info][gc          ] GC(539) Pause Young (Normal) (G1 Evacuation Pause) 687M->260M(743M) 11.588ms
[283.952s][info][gc,cpu      ] GC(539) User=0.02s Sys=0.00s Real=0.01s
[285.099s][info][gc,start    ] GC(540) Pause Young (Normal) (G1 Evacuation Pause)
[285.099s][info][gc,task     ] GC(540) Using 2 workers of 2 for evacuation
[285.108s][info][gc,phases   ] GC(540)   Pre Evacuate Collection Set: 0.29ms
[285.108s][info][gc,phases   ] GC(540)   Merge Heap Roots: 0.16ms
[285.108s][info][gc,phases   ] GC(540)   Evacuate Collection Set: 7.07ms
[285.108s][info][gc,phases   ] GC(540)   Post Evacuate Collection Set: 0.83ms
[285.108s][info][gc,phases   ] GC(540)   Other: 0.13ms
[285.108s][info][gc,heap     ] GC(540) Eden regions: 427->0(427)
[285.108s][info][gc,heap     ] GC(540) Survivor regions: 17->17(56)
[285.108s][info][gc,heap     ] GC(540) Old regions: 37->37
[285.108s][info][gc,heap     ] GC(540) Humongous regions: 207->207
[285.108s][info][gc,metaspace] GC(540) Metaspace: 57138K(57472K)->57138K(57472K) NonClass: 48850K(49088K)->48850K(49088K) Class: 8287K(8384K)->8287K(8384K)
[285.108s][info][gc          ] GC(540) Pause Young (Normal) (G1 Evacuation Pause) 687M->260M(743M) 8.753ms
[285.108s][info][gc,cpu      ] GC(540) User=0.02s Sys=0.00s Real=0.01s
[286.224s][info][gc,start    ] GC(541) Pause Young (Normal) (G1 Evacuation Pause)
[286.224s][info][gc,task     ] GC(541) Using 2 workers of 2 for evacuation
[286.234s][info][gc,phases   ] GC(541)   Pre Evacuate Collection Set: 0.30ms
[286.234s][info][gc,phases   ] GC(541)   Merge Heap Roots: 0.15ms
[286.234s][info][gc,phases   ] GC(541)   Evacuate Collection Set: 8.72ms
[286.234s][info][gc,phases   ] GC(541)   Post Evacuate Collection Set: 0.80ms
[286.234s][info][gc,phases   ] GC(541)   Other: 0.14ms
[286.234s][info][gc,heap     ] GC(541) Eden regions: 427->0(427)
[286.234s][info][gc,heap     ] GC(541) Survivor regions: 17->17(56)
[286.234s][info][gc,heap     ] GC(541) Old regions: 37->37
[286.234s][info][gc,heap     ] GC(541) Humongous regions: 207->207
[286.234s][info][gc,metaspace] GC(541) Metaspace: 57138K(57472K)->57138K(57472K) NonClass: 48850K(49088K)->48850K(49088K) Class: 8287K(8384K)->8287K(8384K)
[286.234s][info][gc          ] GC(541) Pause Young (Normal) (G1 Evacuation Pause) 687M->260M(743M) 10.327ms
[286.234s][info][gc,cpu      ] GC(541) User=0.02s Sys=0.00s Real=0.01s
[287.327s][info][gc,start    ] GC(542) Pause Young (Normal) (G1 Evacuation Pause)
[287.327s][info][gc,task     ] GC(542) Using 2 workers of 2 for evacuation
[287.339s][info][gc,phases   ] GC(542)   Pre Evacuate Collection Set: 0.31ms
[287.339s][info][gc,phases   ] GC(542)   Merge Heap Roots: 0.15ms
[287.339s][info][gc,phases   ] GC(542)   Evacuate Collection Set: 9.94ms
[287.339s][info][gc,phases   ] GC(542)   Post Evacuate Collection Set: 0.83ms
[287.339s][info][gc,phases   ] GC(542)   Other: 0.11ms
[287.339s][info][gc,heap     ] GC(542) Eden regions: 427->0(425)
[287.339s][info][gc,heap     ] GC(542) Survivor regions: 17->18(56)
[287.339s][info][gc,heap     ] GC(542) Old regions: 37->37
[287.339s][info][gc,heap     ] GC(542) Humongous regions: 207->207
[287.339s][info][gc,metaspace] GC(542) Metaspace: 57138K(57472K)->57138K(57472K) NonClass: 48850K(49088K)->48850K(49088K) Class: 8287K(8384K)->8287K(8384K)
[287.339s][info][gc          ] GC(542) Pause Young (Normal) (G1 Evacuation Pause) 687M->261M(743M) 11.560ms
[287.339s][info][gc,cpu      ] GC(542) User=0.02s Sys=0.00s Real=0.01s
[288.445s][info][gc,start    ] GC(543) Pause Young (Normal) (G1 Evacuation Pause)
[288.445s][info][gc,task     ] GC(543) Using 2 workers of 2 for evacuation
[288.454s][info][gc,phases   ] GC(543)   Pre Evacuate Collection Set: 0.31ms
[288.454s][info][gc,phases   ] GC(543)   Merge Heap Roots: 0.15ms
[288.454s][info][gc,phases   ] GC(543)   Evacuate Collection Set: 7.97ms
[288.454s][info][gc,phases   ] GC(543)   Post Evacuate Collection Set: 0.85ms
[288.454s][info][gc,phases   ] GC(543)   Other: 0.13ms
[288.454s][info][gc,heap     ] GC(543) Eden regions: 425->0(429)
[288.454s][info][gc,heap     ] GC(543) Survivor regions: 18->16(56)
[288.454s][info][gc,heap     ] GC(543) Old regions: 37->37
[288.454s][info][gc,heap     ] GC(543) Humongous regions: 207->207
[288.454s][info][gc,metaspace] GC(543) Metaspace: 57138K(57472K)->57138K(57472K) NonClass: 48850K(49088K)->48850K(49088K) Class: 8287K(8384K)->8287K(8384K)
[288.454s][info][gc          ] GC(543) Pause Young (Normal) (G1 Evacuation Pause) 685M->259M(743M) 9.618ms
[288.454s][info][gc,cpu      ] GC(543) User=0.02s Sys=0.00s Real=0.01s
[289.601s][info][gc,start    ] GC(544) Pause Young (Normal) (G1 Evacuation Pause)
[289.601s][info][gc,task     ] GC(544) Using 2 workers of 2 for evacuation
[289.611s][info][gc,phases   ] GC(544)   Pre Evacuate Collection Set: 0.30ms
[289.611s][info][gc,phases   ] GC(544)   Merge Heap Roots: 0.16ms
[289.611s][info][gc,phases   ] GC(544)   Evacuate Collection Set: 8.51ms
[289.611s][info][gc,phases   ] GC(544)   Post Evacuate Collection Set: 0.88ms
[289.611s][info][gc,phases   ] GC(544)   Other: 0.10ms
[289.611s][info][gc,heap     ] GC(544) Eden regions: 429->0(427)
[289.611s][info][gc,heap     ] GC(544) Survivor regions: 16->17(56)
[289.611s][info][gc,heap     ] GC(544) Old regions: 37->37
[289.611s][info][gc,heap     ] GC(544) Humongous regions: 207->207
[289.611s][info][gc,metaspace] GC(544) Metaspace: 57138K(57472K)->57138K(57472K) NonClass: 48850K(49088K)->48850K(49088K) Class: 8287K(8384K)->8287K(8384K)
[289.611s][info][gc          ] GC(544) Pause Young (Normal) (G1 Evacuation Pause) 688M->260M(743M) 10.215ms
[289.611s][info][gc,cpu      ] GC(544) User=0.02s Sys=0.00s Real=0.01s
[290.718s][info][gc,start    ] GC(545) Pause Young (Normal) (G1 Evacuation Pause)
[290.718s][info][gc,task     ] GC(545) Using 2 workers of 2 for evacuation
[290.728s][info][gc,phases   ] GC(545)   Pre Evacuate Collection Set: 0.34ms
[290.728s][info][gc,phases   ] GC(545)   Merge Heap Roots: 0.14ms
[290.728s][info][gc,phases   ] GC(545)   Evacuate Collection Set: 8.28ms
[290.728s][info][gc,phases   ] GC(545)   Post Evacuate Collection Set: 0.81ms
[290.728s][info][gc,phases   ] GC(545)   Other: 0.10ms
[290.728s][info][gc,heap     ] GC(545) Eden regions: 427->0(427)
[290.728s][info][gc,heap     ] GC(545) Survivor regions: 17->17(56)
[290.728s][info][gc,heap     ] GC(545) Old regions: 37->37
[290.728s][info][gc,heap     ] GC(545) Humongous regions: 207->207
[290.728s][info][gc,metaspace] GC(545) Metaspace: 57138K(57472K)->57138K(57472K) NonClass: 48850K(49088K)->48850K(49088K) Class: 8287K(8384K)->8287K(8384K)
[290.728s][info][gc          ] GC(545) Pause Young (Normal) (G1 Evacuation Pause) 687M->260M(743M) 9.948ms
[290.728s][info][gc,cpu      ] GC(545) User=0.02s Sys=0.00s Real=0.01s
[291.838s][info][gc,start    ] GC(546) Pause Young (Normal) (G1 Evacuation Pause)
[291.839s][info][gc,task     ] GC(546) Using 2 workers of 2 for evacuation
[291.850s][info][gc,phases   ] GC(546)   Pre Evacuate Collection Set: 0.34ms
[291.850s][info][gc,phases   ] GC(546)   Merge Heap Roots: 0.17ms
[291.850s][info][gc,phases   ] GC(546)   Evacuate Collection Set: 9.87ms
[291.850s][info][gc,phases   ] GC(546)   Post Evacuate Collection Set: 0.88ms
[291.850s][info][gc,phases   ] GC(546)   Other: 0.11ms
[291.850s][info][gc,heap     ] GC(546) Eden regions: 427->0(427)
[291.850s][info][gc,heap     ] GC(546) Survivor regions: 17->17(56)
[291.850s][info][gc,heap     ] GC(546) Old regions: 37->37
[291.850s][info][gc,heap     ] GC(546) Humongous regions: 207->207
[291.850s][info][gc,metaspace] GC(546) Metaspace: 57138K(57472K)->57138K(57472K) NonClass: 48850K(49088K)->48850K(49088K) Class: 8287K(8384K)->8287K(8384K)
[291.850s][info][gc          ] GC(546) Pause Young (Normal) (G1 Evacuation Pause) 686M->260M(743M) 11.617ms
[291.850s][info][gc,cpu      ] GC(546) User=0.02s Sys=0.00s Real=0.01s
[292.992s][info][gc,start    ] GC(547) Pause Young (Normal) (G1 Evacuation Pause)
[292.992s][info][gc,task     ] GC(547) Using 2 workers of 2 for evacuation
[293.000s][info][gc,phases   ] GC(547)   Pre Evacuate Collection Set: 0.29ms
[293.000s][info][gc,phases   ] GC(547)   Merge Heap Roots: 0.16ms
[293.000s][info][gc,phases   ] GC(547)   Evacuate Collection Set: 6.40ms
[293.000s][info][gc,phases   ] GC(547)   Post Evacuate Collection Set: 1.07ms
[293.000s][info][gc,phases   ] GC(547)   Other: 0.09ms
[293.000s][info][gc,heap     ] GC(547) Eden regions: 427->0(429)
[293.000s][info][gc,heap     ] GC(547) Survivor regions: 17->16(56)
[293.000s][info][gc,heap     ] GC(547) Old regions: 37->37
[293.000s][info][gc,heap     ] GC(547) Humongous regions: 207->207
[293.000s][info][gc,metaspace] GC(547) Metaspace: 57138K(57472K)->57138K(57472K) NonClass: 48850K(49088K)->48850K(49088K) Class: 8287K(8384K)->8287K(8384K)
[293.000s][info][gc          ] GC(547) Pause Young (Normal) (G1 Evacuation Pause) 687M->259M(743M) 8.240ms
[293.000s][info][gc,cpu      ] GC(547) User=0.02s Sys=0.00s Real=0.01s
[294.102s][info][gc,start    ] GC(548) Pause Young (Normal) (G1 Evacuation Pause)
[294.102s][info][gc,task     ] GC(548) Using 2 workers of 2 for evacuation
[294.111s][info][gc,phases   ] GC(548)   Pre Evacuate Collection Set: 0.30ms
[294.112s][info][gc,phases   ] GC(548)   Merge Heap Roots: 0.15ms
[294.112s][info][gc,phases   ] GC(548)   Evacuate Collection Set: 8.05ms
[294.112s][info][gc,phases   ] GC(548)   Post Evacuate Collection Set: 0.81ms
[294.112s][info][gc,phases   ] GC(548)   Other: 0.12ms
[294.112s][info][gc,heap     ] GC(548) Eden regions: 429->0(428)
[294.112s][info][gc,heap     ] GC(548) Survivor regions: 16->16(56)
[294.112s][info][gc,heap     ] GC(548) Old regions: 37->38
[294.112s][info][gc,heap     ] GC(548) Humongous regions: 207->207
[294.112s][info][gc,metaspace] GC(548) Metaspace: 57138K(57472K)->57138K(57472K) NonClass: 48850K(49088K)->48850K(49088K) Class: 8287K(8384K)->8287K(8384K)
[294.112s][info][gc          ] GC(548) Pause Young (Normal) (G1 Evacuation Pause) 688M->260M(743M) 9.632ms
[294.112s][info][gc,cpu      ] GC(548) User=0.02s Sys=0.00s Real=0.01s
[295.225s][info][gc,start    ] GC(549) Pause Young (Normal) (G1 Evacuation Pause)
[295.225s][info][gc,task     ] GC(549) Using 2 workers of 2 for evacuation
[295.233s][info][gc,phases   ] GC(549)   Pre Evacuate Collection Set: 0.31ms
[295.233s][info][gc,phases   ] GC(549)   Merge Heap Roots: 0.17ms
[295.233s][info][gc,phases   ] GC(549)   Evacuate Collection Set: 6.59ms
[295.233s][info][gc,phases   ] GC(549)   Post Evacuate Collection Set: 0.86ms
[295.233s][info][gc,phases   ] GC(549)   Other: 0.12ms
[295.233s][info][gc,heap     ] GC(549) Eden regions: 428->0(439)
[295.233s][info][gc,heap     ] GC(549) Survivor regions: 16->5(56)
[295.233s][info][gc,heap     ] GC(549) Old regions: 38->49
[295.233s][info][gc,heap     ] GC(549) Humongous regions: 207->207
[295.233s][info][gc,metaspace] GC(549) Metaspace: 57138K(57472K)->57138K(57472K) NonClass: 48850K(49088K)->48850K(49088K) Class: 8287K(8384K)->8287K(8384K)
[295.233s][info][gc          ] GC(549) Pause Young (Normal) (G1 Evacuation Pause) 688M->260M(743M) 8.264ms
[295.233s][info][gc,cpu      ] GC(549) User=0.02s Sys=0.00s Real=0.01s
[296.494s][info][gc,start    ] GC(550) Pause Young (Normal) (G1 Evacuation Pause)
[296.494s][info][gc,task     ] GC(550) Using 2 workers of 2 for evacuation
[296.499s][info][gc,phases   ] GC(550)   Pre Evacuate Collection Set: 0.28ms
[296.499s][info][gc,phases   ] GC(550)   Merge Heap Roots: 0.15ms
[296.499s][info][gc,phases   ] GC(550)   Evacuate Collection Set: 3.13ms
[296.499s][info][gc,phases   ] GC(550)   Post Evacuate Collection Set: 0.76ms
[296.499s][info][gc,phases   ] GC(550)   Other: 0.11ms
[296.499s][info][gc,heap     ] GC(550) Eden regions: 439->0(441)
[296.499s][info][gc,heap     ] GC(550) Survivor regions: 5->4(56)
[296.499s][info][gc,heap     ] GC(550) Old regions: 49->49
[296.499s][info][gc,heap     ] GC(550) Humongous regions: 207->207
[296.499s][info][gc,metaspace] GC(550) Metaspace: 57138K(57472K)->57138K(57472K) NonClass: 48850K(49088K)->48850K(49088K) Class: 8287K(8384K)->8287K(8384K)
[296.499s][info][gc          ] GC(550) Pause Young (Normal) (G1 Evacuation Pause) 699M->259M(743M) 4.637ms
[296.499s][info][gc,cpu      ] GC(550) User=0.00s Sys=0.00s Real=0.00s
[297.625s][info][gc,start    ] GC(551) Pause Young (Normal) (G1 Evacuation Pause)
[297.625s][info][gc,task     ] GC(551) Using 2 workers of 2 for evacuation
[297.633s][info][gc,phases   ] GC(551)   Pre Evacuate Collection Set: 0.28ms
[297.633s][info][gc,phases   ] GC(551)   Merge Heap Roots: 0.14ms
[297.633s][info][gc,phases   ] GC(551)   Evacuate Collection Set: 5.61ms
[297.633s][info][gc,phases   ] GC(551)   Post Evacuate Collection Set: 1.05ms
[297.633s][info][gc,phases   ] GC(551)   Other: 0.11ms
[297.633s][info][gc,heap     ] GC(551) Eden regions: 441->0(438)
[297.633s][info][gc,heap     ] GC(551) Survivor regions: 4->4(56)
[297.633s][info][gc,heap     ] GC(551) Old regions: 49->52
[297.633s][info][gc,heap     ] GC(551) Humongous regions: 207->207
[297.633s][info][gc,metaspace] GC(551) Metaspace: 57138K(57472K)->57138K(57472K) NonClass: 48850K(49088K)->48850K(49088K) Class: 8287K(8384K)->8287K(8384K)
[297.633s][info][gc          ] GC(551) Pause Young (Normal) (G1 Evacuation Pause) 700M->262M(743M) 7.406ms
[297.633s][info][gc,cpu      ] GC(551) User=0.01s Sys=0.00s Real=0.01s
[298.805s][info][gc,start    ] GC(552) Pause Young (Normal) (G1 Evacuation Pause)
[298.805s][info][gc,task     ] GC(552) Using 2 workers of 2 for evacuation
[298.810s][info][gc,phases   ] GC(552)   Pre Evacuate Collection Set: 0.31ms
[298.810s][info][gc,phases   ] GC(552)   Merge Heap Roots: 0.15ms
[298.810s][info][gc,phases   ] GC(552)   Evacuate Collection Set: 3.71ms
[298.810s][info][gc,phases   ] GC(552)   Post Evacuate Collection Set: 0.75ms
[298.810s][info][gc,phases   ] GC(552)   Other: 0.10ms
[298.810s][info][gc,heap     ] GC(552) Eden regions: 438->0(440)
[298.810s][info][gc,heap     ] GC(552) Survivor regions: 4->3(56)
[298.810s][info][gc,heap     ] GC(552) Old regions: 52->52
[298.810s][info][gc,heap     ] GC(552) Humongous regions: 207->207
[298.810s][info][gc,metaspace] GC(552) Metaspace: 57138K(57472K)->57138K(57472K) NonClass: 48850K(49088K)->48850K(49088K) Class: 8287K(8384K)->8287K(8384K)
[298.810s][info][gc          ] GC(552) Pause Young (Normal) (G1 Evacuation Pause) 700M->260M(743M) 5.267ms
[298.810s][info][gc,cpu      ] GC(552) User=0.01s Sys=0.00s Real=0.00s
[299.933s][info][gc,start    ] GC(553) Pause Young (Normal) (G1 Evacuation Pause)
[299.933s][info][gc,task     ] GC(553) Using 2 workers of 2 for evacuation
[299.939s][info][gc,phases   ] GC(553)   Pre Evacuate Collection Set: 0.33ms
[299.939s][info][gc,phases   ] GC(553)   Merge Heap Roots: 0.15ms
[299.939s][info][gc,phases   ] GC(553)   Evacuate Collection Set: 4.86ms
[299.939s][info][gc,phases   ] GC(553)   Post Evacuate Collection Set: 0.75ms
[299.939s][info][gc,phases   ] GC(553)   Other: 0.12ms
[299.939s][info][gc,heap     ] GC(553) Eden regions: 440->0(440)
[299.939s][info][gc,heap     ] GC(553) Survivor regions: 3->3(56)
[299.939s][info][gc,heap     ] GC(553) Old regions: 52->52
[299.939s][info][gc,heap     ] GC(553) Humongous regions: 207->207
[299.939s][info][gc,metaspace] GC(553) Metaspace: 57138K(57472K)->57138K(57472K) NonClass: 48850K(49088K)->48850K(49088K) Class: 8287K(8384K)->8287K(8384K)
[299.939s][info][gc          ] GC(553) Pause Young (Normal) (G1 Evacuation Pause) 700M->260M(743M) 6.412ms
[299.939s][info][gc,cpu      ] GC(553) User=0.01s Sys=0.00s Real=0.00s
[301.108s][info][gc,start    ] GC(554) Pause Young (Normal) (G1 Evacuation Pause)
[301.108s][info][gc,task     ] GC(554) Using 2 workers of 2 for evacuation
[301.114s][info][gc,phases   ] GC(554)   Pre Evacuate Collection Set: 0.30ms
[301.114s][info][gc,phases   ] GC(554)   Merge Heap Roots: 0.14ms
[301.114s][info][gc,phases   ] GC(554)   Evacuate Collection Set: 4.73ms
[301.114s][info][gc,phases   ] GC(554)   Post Evacuate Collection Set: 0.78ms
[301.114s][info][gc,phases   ] GC(554)   Other: 0.13ms
[301.114s][info][gc,heap     ] GC(554) Eden regions: 440->0(440)
[301.114s][info][gc,heap     ] GC(554) Survivor regions: 3->3(56)
[301.114s][info][gc,heap     ] GC(554) Old regions: 52->52
[301.114s][info][gc,heap     ] GC(554) Humongous regions: 207->207
[301.114s][info][gc,metaspace] GC(554) Metaspace: 57138K(57472K)->57138K(57472K) NonClass: 48850K(49088K)->48850K(49088K) Class: 8287K(8384K)->8287K(8384K)
[301.114s][info][gc          ] GC(554) Pause Young (Normal) (G1 Evacuation Pause) 700M->260M(743M) 6.283ms
[301.114s][info][gc,cpu      ] GC(554) User=0.01s Sys=0.01s Real=0.01s
[302.339s][info][gc,start    ] GC(555) Pause Young (Normal) (G1 Evacuation Pause)
[302.339s][info][gc,task     ] GC(555) Using 2 workers of 2 for evacuation
[302.343s][info][gc,phases   ] GC(555)   Pre Evacuate Collection Set: 0.32ms
[302.343s][info][gc,phases   ] GC(555)   Merge Heap Roots: 0.15ms
[302.343s][info][gc,phases   ] GC(555)   Evacuate Collection Set: 2.64ms
[302.343s][info][gc,phases   ] GC(555)   Post Evacuate Collection Set: 0.81ms
[302.343s][info][gc,phases   ] GC(555)   Other: 0.10ms
[302.344s][info][gc,heap     ] GC(555) Eden regions: 440->0(444)
[302.344s][info][gc,heap     ] GC(555) Survivor regions: 3->1(56)
[302.344s][info][gc,heap     ] GC(555) Old regions: 52->52
[302.344s][info][gc,heap     ] GC(555) Humongous regions: 207->207
[302.344s][info][gc,metaspace] GC(555) Metaspace: 57138K(57472K)->57138K(57472K) NonClass: 48850K(49088K)->48850K(49088K) Class: 8287K(8384K)->8287K(8384K)
[302.344s][info][gc          ] GC(555) Pause Young (Normal) (G1 Evacuation Pause) 700M->259M(743M) 4.248ms
[302.344s][info][gc,cpu      ] GC(555) User=0.01s Sys=0.00s Real=0.01s
[303.431s][info][gc,start    ] GC(556) Pause Young (Normal) (G1 Evacuation Pause)
[303.431s][info][gc,task     ] GC(556) Using 2 workers of 2 for evacuation
[303.438s][info][gc,phases   ] GC(556)   Pre Evacuate Collection Set: 0.29ms
[303.439s][info][gc,phases   ] GC(556)   Merge Heap Roots: 0.16ms
[303.439s][info][gc,phases   ] GC(556)   Evacuate Collection Set: 5.64ms
[303.439s][info][gc,phases   ] GC(556)   Post Evacuate Collection Set: 0.77ms
[303.439s][info][gc,phases   ] GC(556)   Other: 0.11ms
[303.439s][info][gc,heap     ] GC(556) Eden regions: 444->0(440)
[303.439s][info][gc,heap     ] GC(556) Survivor regions: 1->3(56)
[303.439s][info][gc,heap     ] GC(556) Old regions: 52->52
[303.439s][info][gc,heap     ] GC(556) Humongous regions: 207->207
[303.439s][info][gc,metaspace] GC(556) Metaspace: 57142K(57472K)->57142K(57472K) NonClass: 48854K(49088K)->48854K(49088K) Class: 8287K(8384K)->8287K(8384K)
[303.439s][info][gc          ] GC(556) Pause Young (Normal) (G1 Evacuation Pause) 703M->261M(743M) 7.169ms
[303.439s][info][gc,cpu      ] GC(556) User=0.02s Sys=0.00s Real=0.01s
[304.608s][info][gc,start    ] GC(557) Pause Young (Normal) (G1 Evacuation Pause)
[304.608s][info][gc,task     ] GC(557) Using 2 workers of 2 for evacuation
[304.613s][info][gc,phases   ] GC(557)   Pre Evacuate Collection Set: 0.29ms
[304.613s][info][gc,phases   ] GC(557)   Merge Heap Roots: 0.16ms
[304.613s][info][gc,phases   ] GC(557)   Evacuate Collection Set: 3.94ms
[304.613s][info][gc,phases   ] GC(557)   Post Evacuate Collection Set: 0.77ms
[304.613s][info][gc,phases   ] GC(557)   Other: 0.11ms
[304.613s][info][gc,heap     ] GC(557) Eden regions: 440->0(442)
[304.613s][info][gc,heap     ] GC(557) Survivor regions: 3->2(56)
[304.613s][info][gc,heap     ] GC(557) Old regions: 52->52
[304.613s][info][gc,heap     ] GC(557) Humongous regions: 207->207
[304.613s][info][gc,metaspace] GC(557) Metaspace: 57142K(57472K)->57142K(57472K) NonClass: 48854K(49088K)->48854K(49088K) Class: 8287K(8384K)->8287K(8384K)
[304.613s][info][gc          ] GC(557) Pause Young (Normal) (G1 Evacuation Pause) 701M->260M(743M) 5.497ms
[304.613s][info][gc,cpu      ] GC(557) User=0.01s Sys=0.01s Real=0.01s
[305.753s][info][gc,start    ] GC(558) Pause Young (Normal) (G1 Evacuation Pause)
[305.753s][info][gc,task     ] GC(558) Using 2 workers of 2 for evacuation
[305.758s][info][gc,phases   ] GC(558)   Pre Evacuate Collection Set: 0.39ms
[305.758s][info][gc,phases   ] GC(558)   Merge Heap Roots: 0.19ms
[305.758s][info][gc,phases   ] GC(558)   Evacuate Collection Set: 3.54ms
[305.758s][info][gc,phases   ] GC(558)   Post Evacuate Collection Set: 0.92ms
[305.758s][info][gc,phases   ] GC(558)   Other: 0.13ms
[305.758s][info][gc,heap     ] GC(558) Eden regions: 442->0(444)
[305.758s][info][gc,heap     ] GC(558) Survivor regions: 2->1(56)
[305.758s][info][gc,heap     ] GC(558) Old regions: 52->52
[305.758s][info][gc,heap     ] GC(558) Humongous regions: 207->207
[305.758s][info][gc,metaspace] GC(558) Metaspace: 57142K(57472K)->57142K(57472K) NonClass: 48854K(49088K)->48854K(49088K) Class: 8287K(8384K)->8287K(8384K)
[305.758s][info][gc          ] GC(558) Pause Young (Normal) (G1 Evacuation Pause) 702M->259M(743M) 5.493ms
[305.758s][info][gc,cpu      ] GC(558) User=0.01s Sys=0.00s Real=0.00s
[306.932s][info][gc,start    ] GC(559) Pause Young (Normal) (G1 Evacuation Pause)
[306.932s][info][gc,task     ] GC(559) Using 2 workers of 2 for evacuation
[306.939s][info][gc,phases   ] GC(559)   Pre Evacuate Collection Set: 0.32ms
[306.939s][info][gc,phases   ] GC(559)   Merge Heap Roots: 0.15ms
[306.939s][info][gc,phases   ] GC(559)   Evacuate Collection Set: 5.44ms
[306.939s][info][gc,phases   ] GC(559)   Post Evacuate Collection Set: 0.79ms
[306.939s][info][gc,phases   ] GC(559)   Other: 0.12ms
[306.939s][info][gc,heap     ] GC(559) Eden regions: 444->0(438)
[306.939s][info][gc,heap     ] GC(559) Survivor regions: 1->4(56)
[306.939s][info][gc,heap     ] GC(559) Old regions: 52->52
[306.939s][info][gc,heap     ] GC(559) Humongous regions: 207->207
[306.939s][info][gc,metaspace] GC(559) Metaspace: 57142K(57472K)->57142K(57472K) NonClass: 48854K(49088K)->48854K(49088K) Class: 8287K(8384K)->8287K(8384K)
[306.939s][info][gc          ] GC(559) Pause Young (Normal) (G1 Evacuation Pause) 703M->261M(743M) 7.066ms
[306.939s][info][gc,cpu      ] GC(559) User=0.02s Sys=0.00s Real=0.00s
[308.206s][info][gc,start    ] GC(560) Pause Young (Normal) (G1 Evacuation Pause)
[308.206s][info][gc,task     ] GC(560) Using 2 workers of 2 for evacuation
[308.211s][info][gc,phases   ] GC(560)   Pre Evacuate Collection Set: 0.33ms
[308.211s][info][gc,phases   ] GC(560)   Merge Heap Roots: 0.14ms
[308.211s][info][gc,phases   ] GC(560)   Evacuate Collection Set: 3.96ms
[308.211s][info][gc,phases   ] GC(560)   Post Evacuate Collection Set: 0.78ms
[308.211s][info][gc,phases   ] GC(560)   Other: 0.12ms
[308.211s][info][gc,heap     ] GC(560) Eden regions: 438->0(442)
[308.211s][info][gc,heap     ] GC(560) Survivor regions: 4->2(56)
[308.211s][info][gc,heap     ] GC(560) Old regions: 52->52
[308.211s][info][gc,heap     ] GC(560) Humongous regions: 207->207
[308.211s][info][gc,metaspace] GC(560) Metaspace: 57142K(57472K)->57142K(57472K) NonClass: 48854K(49088K)->48854K(49088K) Class: 8287K(8384K)->8287K(8384K)
[308.212s][info][gc          ] GC(560) Pause Young (Normal) (G1 Evacuation Pause) 699M->260M(743M) 5.560ms
[308.212s][info][gc,cpu      ] GC(560) User=0.01s Sys=0.00s Real=0.00s
[309.361s][info][gc,start    ] GC(561) Pause Young (Normal) (G1 Evacuation Pause)
[309.361s][info][gc,task     ] GC(561) Using 2 workers of 2 for evacuation
[309.366s][info][gc,phases   ] GC(561)   Pre Evacuate Collection Set: 0.33ms
[309.366s][info][gc,phases   ] GC(561)   Merge Heap Roots: 0.16ms
[309.366s][info][gc,phases   ] GC(561)   Evacuate Collection Set: 3.50ms
[309.366s][info][gc,phases   ] GC(561)   Post Evacuate Collection Set: 0.78ms
[309.366s][info][gc,phases   ] GC(561)   Other: 0.09ms
[309.366s][info][gc,heap     ] GC(561) Eden regions: 442->0(442)
[309.366s][info][gc,heap     ] GC(561) Survivor regions: 2->2(56)
[309.366s][info][gc,heap     ] GC(561) Old regions: 52->52
[309.366s][info][gc,heap     ] GC(561) Humongous regions: 207->207
[309.366s][info][gc,metaspace] GC(561) Metaspace: 57142K(57472K)->57142K(57472K) NonClass: 48854K(49088K)->48854K(49088K) Class: 8287K(8384K)->8287K(8384K)
[309.366s][info][gc          ] GC(561) Pause Young (Normal) (G1 Evacuation Pause) 702M->259M(743M) 5.086ms
[309.366s][info][gc,cpu      ] GC(561) User=0.01s Sys=0.00s Real=0.01s
[310.521s][info][gc,start    ] GC(562) Pause Young (Normal) (G1 Evacuation Pause)
[310.521s][info][gc,task     ] GC(562) Using 2 workers of 2 for evacuation
[310.527s][info][gc,phases   ] GC(562)   Pre Evacuate Collection Set: 0.32ms
[310.527s][info][gc,phases   ] GC(562)   Merge Heap Roots: 0.15ms
[310.527s][info][gc,phases   ] GC(562)   Evacuate Collection Set: 4.62ms
[310.527s][info][gc,phases   ] GC(562)   Post Evacuate Collection Set: 0.76ms
[310.527s][info][gc,phases   ] GC(562)   Other: 0.10ms
[310.527s][info][gc,heap     ] GC(562) Eden regions: 442->0(442)
[310.527s][info][gc,heap     ] GC(562) Survivor regions: 2->2(56)
[310.527s][info][gc,heap     ] GC(562) Old regions: 52->52
[310.527s][info][gc,heap     ] GC(562) Humongous regions: 207->207
[310.527s][info][gc,metaspace] GC(562) Metaspace: 57142K(57472K)->57142K(57472K) NonClass: 48854K(49088K)->48854K(49088K) Class: 8287K(8384K)->8287K(8384K)
[310.527s][info][gc          ] GC(562) Pause Young (Normal) (G1 Evacuation Pause) 701M->260M(743M) 6.205ms
[310.527s][info][gc,cpu      ] GC(562) User=0.01s Sys=0.01s Real=0.01s
[311.702s][info][gc,start    ] GC(563) Pause Young (Normal) (G1 Evacuation Pause)
[311.702s][info][gc,task     ] GC(563) Using 2 workers of 2 for evacuation
[311.707s][info][gc,phases   ] GC(563)   Pre Evacuate Collection Set: 0.29ms
[311.707s][info][gc,phases   ] GC(563)   Merge Heap Roots: 0.14ms
[311.707s][info][gc,phases   ] GC(563)   Evacuate Collection Set: 3.93ms
[311.707s][info][gc,phases   ] GC(563)   Post Evacuate Collection Set: 0.76ms
[311.707s][info][gc,phases   ] GC(563)   Other: 0.10ms
[311.707s][info][gc,heap     ] GC(563) Eden regions: 442->0(440)
[311.707s][info][gc,heap     ] GC(563) Survivor regions: 2->3(56)
[311.707s][info][gc,heap     ] GC(563) Old regions: 52->52
[311.707s][info][gc,heap     ] GC(563) Humongous regions: 207->207
[311.707s][info][gc,metaspace] GC(563) Metaspace: 57142K(57472K)->57142K(57472K) NonClass: 48854K(49088K)->48854K(49088K) Class: 8287K(8384K)->8287K(8384K)
[311.708s][info][gc          ] GC(563) Pause Young (Normal) (G1 Evacuation Pause) 702M->260M(743M) 5.455ms
[311.708s][info][gc,cpu      ] GC(563) User=0.01s Sys=0.00s Real=0.01s
[312.875s][info][gc,start    ] GC(564) Pause Young (Normal) (G1 Evacuation Pause)
[312.875s][info][gc,task     ] GC(564) Using 2 workers of 2 for evacuation
[312.880s][info][gc,phases   ] GC(564)   Pre Evacuate Collection Set: 0.30ms
[312.880s][info][gc,phases   ] GC(564)   Merge Heap Roots: 0.15ms
[312.880s][info][gc,phases   ] GC(564)   Evacuate Collection Set: 3.78ms
[312.880s][info][gc,phases   ] GC(564)   Post Evacuate Collection Set: 0.74ms
[312.880s][info][gc,phases   ] GC(564)   Other: 0.10ms
[312.880s][info][gc,heap     ] GC(564) Eden regions: 440->0(442)
[312.880s][info][gc,heap     ] GC(564) Survivor regions: 3->2(56)
[312.880s][info][gc,heap     ] GC(564) Old regions: 52->52
[312.880s][info][gc,heap     ] GC(564) Humongous regions: 207->207
[312.880s][info][gc,metaspace] GC(564) Metaspace: 57142K(57472K)->57142K(57472K) NonClass: 48854K(49088K)->48854K(49088K) Class: 8287K(8384K)->8287K(8384K)
[312.880s][info][gc          ] GC(564) Pause Young (Normal) (G1 Evacuation Pause) 700M->260M(743M) 5.296ms
[312.880s][info][gc,cpu      ] GC(564) User=0.01s Sys=0.00s Real=0.00s
[314.022s][info][gc,start    ] GC(565) Pause Young (Normal) (G1 Evacuation Pause)
[314.022s][info][gc,task     ] GC(565) Using 2 workers of 2 for evacuation
[314.028s][info][gc,phases   ] GC(565)   Pre Evacuate Collection Set: 0.32ms
[314.028s][info][gc,phases   ] GC(565)   Merge Heap Roots: 0.17ms
[314.028s][info][gc,phases   ] GC(565)   Evacuate Collection Set: 4.78ms
[314.028s][info][gc,phases   ] GC(565)   Post Evacuate Collection Set: 0.80ms
[314.028s][info][gc,phases   ] GC(565)   Other: 0.12ms
[314.028s][info][gc,heap     ] GC(565) Eden regions: 442->0(440)
[314.028s][info][gc,heap     ] GC(565) Survivor regions: 2->3(56)
[314.028s][info][gc,heap     ] GC(565) Old regions: 52->52
[314.028s][info][gc,heap     ] GC(565) Humongous regions: 207->207
[314.028s][info][gc,metaspace] GC(565) Metaspace: 57142K(57472K)->57142K(57472K) NonClass: 48854K(49088K)->48854K(49088K) Class: 8287K(8384K)->8287K(8384K)
[314.028s][info][gc          ] GC(565) Pause Young (Normal) (G1 Evacuation Pause) 702M->261M(743M) 6.405ms
[314.028s][info][gc,cpu      ] GC(565) User=0.01s Sys=0.00s Real=0.01s
[315.200s][info][gc,start    ] GC(566) Pause Young (Normal) (G1 Evacuation Pause)
[315.200s][info][gc,task     ] GC(566) Using 2 workers of 2 for evacuation
[315.206s][info][gc,phases   ] GC(566)   Pre Evacuate Collection Set: 0.47ms
[315.206s][info][gc,phases   ] GC(566)   Merge Heap Roots: 0.14ms
[315.206s][info][gc,phases   ] GC(566)   Evacuate Collection Set: 4.28ms
[315.206s][info][gc,phases   ] GC(566)   Post Evacuate Collection Set: 0.81ms
[315.206s][info][gc,phases   ] GC(566)   Other: 0.11ms
[315.206s][info][gc,heap     ] GC(566) Eden regions: 440->0(442)
[315.206s][info][gc,heap     ] GC(566) Survivor regions: 3->2(56)
[315.206s][info][gc,heap     ] GC(566) Old regions: 52->52
[315.206s][info][gc,heap     ] GC(566) Humongous regions: 207->207
[315.206s][info][gc,metaspace] GC(566) Metaspace: 57142K(57472K)->57142K(57472K) NonClass: 48854K(49088K)->48854K(49088K) Class: 8287K(8384K)->8287K(8384K)
[315.206s][info][gc          ] GC(566) Pause Young (Normal) (G1 Evacuation Pause) 701M->259M(743M) 6.058ms
[315.206s][info][gc,cpu      ] GC(566) User=0.01s Sys=0.00s Real=0.01s
[316.339s][info][gc,start    ] GC(567) Pause Young (Normal) (G1 Evacuation Pause)
[316.339s][info][gc,task     ] GC(567) Using 2 workers of 2 for evacuation
[316.345s][info][gc,phases   ] GC(567)   Pre Evacuate Collection Set: 0.30ms
[316.345s][info][gc,phases   ] GC(567)   Merge Heap Roots: 0.17ms
[316.345s][info][gc,phases   ] GC(567)   Evacuate Collection Set: 4.95ms
[316.345s][info][gc,phases   ] GC(567)   Post Evacuate Collection Set: 0.77ms
[316.345s][info][gc,phases   ] GC(567)   Other: 0.09ms
[316.345s][info][gc,heap     ] GC(567) Eden regions: 442->0(440)
[316.345s][info][gc,heap     ] GC(567) Survivor regions: 2->3(56)
[316.345s][info][gc,heap     ] GC(567) Old regions: 52->52
[316.345s][info][gc,heap     ] GC(567) Humongous regions: 207->207
[316.345s][info][gc,metaspace] GC(567) Metaspace: 57142K(57472K)->57142K(57472K) NonClass: 48854K(49088K)->48854K(49088K) Class: 8287K(8384K)->8287K(8384K)
[316.345s][info][gc          ] GC(567) Pause Young (Normal) (G1 Evacuation Pause) 701M->261M(743M) 6.506ms
[316.345s][info][gc,cpu      ] GC(567) User=0.01s Sys=0.01s Real=0.01s
[317.513s][info][gc,start    ] GC(568) Pause Young (Normal) (G1 Evacuation Pause)
[317.514s][info][gc,task     ] GC(568) Using 2 workers of 2 for evacuation
[317.520s][info][gc,phases   ] GC(568)   Pre Evacuate Collection Set: 0.29ms
[317.520s][info][gc,phases   ] GC(568)   Merge Heap Roots: 0.14ms
[317.520s][info][gc,phases   ] GC(568)   Evacuate Collection Set: 5.20ms
[317.520s][info][gc,phases   ] GC(568)   Post Evacuate Collection Set: 0.78ms
[317.520s][info][gc,phases   ] GC(568)   Other: 0.09ms
[317.520s][info][gc,heap     ] GC(568) Eden regions: 440->0(440)
[317.520s][info][gc,heap     ] GC(568) Survivor regions: 3->3(56)
[317.520s][info][gc,heap     ] GC(568) Old regions: 52->52
[317.520s][info][gc,heap     ] GC(568) Humongous regions: 207->207
[317.520s][info][gc,metaspace] GC(568) Metaspace: 57142K(57472K)->57142K(57472K) NonClass: 48854K(49088K)->48854K(49088K) Class: 8287K(8384K)->8287K(8384K)
[317.520s][info][gc          ] GC(568) Pause Young (Normal) (G1 Evacuation Pause) 701M->261M(743M) 6.734ms
[317.520s][info][gc,cpu      ] GC(568) User=0.01s Sys=0.00s Real=0.00s
[318.743s][info][gc,start    ] GC(569) Pause Young (Normal) (G1 Evacuation Pause)
[318.743s][info][gc,task     ] GC(569) Using 2 workers of 2 for evacuation
[318.753s][info][gc,phases   ] GC(569)   Pre Evacuate Collection Set: 0.87ms
[318.753s][info][gc,phases   ] GC(569)   Merge Heap Roots: 0.14ms
[318.754s][info][gc,phases   ] GC(569)   Evacuate Collection Set: 6.87ms
[318.754s][info][gc,phases   ] GC(569)   Post Evacuate Collection Set: 1.12ms
[318.754s][info][gc,phases   ] GC(569)   Other: 0.18ms
[318.754s][info][gc,heap     ] GC(569) Eden regions: 440->0(444)
[318.754s][info][gc,heap     ] GC(569) Survivor regions: 3->1(56)
[318.754s][info][gc,heap     ] GC(569) Old regions: 52->52
[318.754s][info][gc,heap     ] GC(569) Humongous regions: 207->207
[318.754s][info][gc,metaspace] GC(569) Metaspace: 57142K(57472K)->57142K(57472K) NonClass: 48854K(49088K)->48854K(49088K) Class: 8287K(8384K)->8287K(8384K)
[318.754s][info][gc          ] GC(569) Pause Young (Normal) (G1 Evacuation Pause) 701M->259M(743M) 11.044ms
[318.754s][info][gc,cpu      ] GC(569) User=0.01s Sys=0.00s Real=0.01s
[319.830s][info][gc,start    ] GC(570) Pause Young (Normal) (G1 Evacuation Pause)
[319.831s][info][gc,task     ] GC(570) Using 2 workers of 2 for evacuation
[319.839s][info][gc,phases   ] GC(570)   Pre Evacuate Collection Set: 0.43ms
[319.839s][info][gc,phases   ] GC(570)   Merge Heap Roots: 0.12ms
[319.839s][info][gc,phases   ] GC(570)   Evacuate Collection Set: 7.23ms
[319.839s][info][gc,phases   ] GC(570)   Post Evacuate Collection Set: 0.99ms
[319.839s][info][gc,phases   ] GC(570)   Other: 0.09ms
[319.839s][info][gc,heap     ] GC(570) Eden regions: 444->0(442)
[319.839s][info][gc,heap     ] GC(570) Survivor regions: 1->2(56)
[319.839s][info][gc,heap     ] GC(570) Old regions: 52->52
[319.840s][info][gc,heap     ] GC(570) Humongous regions: 207->207
[319.840s][info][gc,metaspace] GC(570) Metaspace: 57142K(57472K)->57142K(57472K) NonClass: 48854K(49088K)->48854K(49088K) Class: 8287K(8384K)->8287K(8384K)
[319.840s][info][gc          ] GC(570) Pause Young (Normal) (G1 Evacuation Pause) 703M->260M(743M) 9.079ms
[319.840s][info][gc,cpu      ] GC(570) User=0.02s Sys=0.00s Real=0.01s
[321.058s][info][gc,start    ] GC(571) Pause Young (Normal) (G1 Evacuation Pause)
[321.058s][info][gc,task     ] GC(571) Using 2 workers of 2 for evacuation
[321.063s][info][gc,phases   ] GC(571)   Pre Evacuate Collection Set: 0.28ms
[321.063s][info][gc,phases   ] GC(571)   Merge Heap Roots: 0.14ms
[321.063s][info][gc,phases   ] GC(571)   Evacuate Collection Set: 3.48ms
[321.063s][info][gc,phases   ] GC(571)   Post Evacuate Collection Set: 0.80ms
[321.063s][info][gc,phases   ] GC(571)   Other: 0.12ms
[321.063s][info][gc,heap     ] GC(571) Eden regions: 442->0(442)
[321.063s][info][gc,heap     ] GC(571) Survivor regions: 2->2(56)
[321.063s][info][gc,heap     ] GC(571) Old regions: 52->52
[321.063s][info][gc,heap     ] GC(571) Humongous regions: 207->207
[321.063s][info][gc,metaspace] GC(571) Metaspace: 57142K(57472K)->57142K(57472K) NonClass: 48854K(49088K)->48854K(49088K) Class: 8287K(8384K)->8287K(8384K)
[321.063s][info][gc          ] GC(571) Pause Young (Normal) (G1 Evacuation Pause) 702M->260M(743M) 5.019ms
[321.063s][info][gc,cpu      ] GC(571) User=0.00s Sys=0.00s Real=0.01s
[322.192s][info][gc,start    ] GC(572) Pause Young (Normal) (G1 Evacuation Pause)
[322.192s][info][gc,task     ] GC(572) Using 2 workers of 2 for evacuation
[322.196s][info][gc,phases   ] GC(572)   Pre Evacuate Collection Set: 0.31ms
[322.196s][info][gc,phases   ] GC(572)   Merge Heap Roots: 0.14ms
[322.196s][info][gc,phases   ] GC(572)   Evacuate Collection Set: 2.31ms
[322.196s][info][gc,phases   ] GC(572)   Post Evacuate Collection Set: 0.78ms
[322.196s][info][gc,phases   ] GC(572)   Other: 0.11ms
[322.196s][info][gc,heap     ] GC(572) Eden regions: 442->0(444)
[322.196s][info][gc,heap     ] GC(572) Survivor regions: 2->1(56)
[322.196s][info][gc,heap     ] GC(572) Old regions: 52->52
[322.196s][info][gc,heap     ] GC(572) Humongous regions: 207->207
[322.196s][info][gc,metaspace] GC(572) Metaspace: 57142K(57472K)->57142K(57472K) NonClass: 48854K(49088K)->48854K(49088K) Class: 8287K(8384K)->8287K(8384K)
[322.196s][info][gc          ] GC(572) Pause Young (Normal) (G1 Evacuation Pause) 702M->259M(743M) 3.865ms
[322.196s][info][gc,cpu      ] GC(572) User=0.01s Sys=0.00s Real=0.01s
[323.316s][info][gc,start    ] GC(573) Pause Young (Normal) (G1 Evacuation Pause)
[323.316s][info][gc,task     ] GC(573) Using 2 workers of 2 for evacuation
[323.324s][info][gc,phases   ] GC(573)   Pre Evacuate Collection Set: 0.29ms
[323.324s][info][gc,phases   ] GC(573)   Merge Heap Roots: 0.17ms
[323.324s][info][gc,phases   ] GC(573)   Evacuate Collection Set: 6.75ms
[323.324s][info][gc,phases   ] GC(573)   Post Evacuate Collection Set: 0.85ms
[323.324s][info][gc,phases   ] GC(573)   Other: 0.13ms
[323.324s][info][gc,heap     ] GC(573) Eden regions: 444->0(418)
[323.324s][info][gc,heap     ] GC(573) Survivor regions: 1->14(56)
[323.324s][info][gc,heap     ] GC(573) Old regions: 52->52
[323.324s][info][gc,heap     ] GC(573) Humongous regions: 207->207
[323.324s][info][gc,metaspace] GC(573) Metaspace: 57142K(57472K)->57142K(57472K) NonClass: 48854K(49088K)->48854K(49088K) Class: 8287K(8384K)->8287K(8384K)
[323.324s][info][gc          ] GC(573) Pause Young (Normal) (G1 Evacuation Pause) 703M->272M(743M) 8.408ms
[323.324s][info][gc,cpu      ] GC(573) User=0.01s Sys=0.00s Real=0.01s
[324.434s][info][gc,start    ] GC(574) Pause Young (Normal) (G1 Evacuation Pause)
[324.435s][info][gc,task     ] GC(574) Using 2 workers of 2 for evacuation
[324.445s][info][gc,phases   ] GC(574)   Pre Evacuate Collection Set: 0.38ms
[324.445s][info][gc,phases   ] GC(574)   Merge Heap Roots: 0.21ms
[324.445s][info][gc,phases   ] GC(574)   Evacuate Collection Set: 8.70ms
[324.445s][info][gc,phases   ] GC(574)   Post Evacuate Collection Set: 0.79ms
[324.445s][info][gc,phases   ] GC(574)   Other: 0.18ms
[324.445s][info][gc,heap     ] GC(574) Eden regions: 418->0(418)
[324.445s][info][gc,heap     ] GC(574) Survivor regions: 14->14(54)
[324.445s][info][gc,heap     ] GC(574) Old regions: 52->52
[324.445s][info][gc,heap     ] GC(574) Humongous regions: 207->207
[324.445s][info][gc,metaspace] GC(574) Metaspace: 57142K(57472K)->57142K(57472K) NonClass: 48854K(49088K)->48854K(49088K) Class: 8287K(8384K)->8287K(8384K)
[324.445s][info][gc          ] GC(574) Pause Young (Normal) (G1 Evacuation Pause) 690M->272M(743M) 10.539ms
[324.445s][info][gc,cpu      ] GC(574) User=0.02s Sys=0.00s Real=0.01s
[325.527s][info][gc,start    ] GC(575) Pause Young (Normal) (G1 Evacuation Pause)
[325.527s][info][gc,task     ] GC(575) Using 2 workers of 2 for evacuation
[325.536s][info][gc,phases   ] GC(575)   Pre Evacuate Collection Set: 0.31ms
[325.536s][info][gc,phases   ] GC(575)   Merge Heap Roots: 0.15ms
[325.536s][info][gc,phases   ] GC(575)   Evacuate Collection Set: 7.47ms
[325.536s][info][gc,phases   ] GC(575)   Post Evacuate Collection Set: 0.78ms
[325.536s][info][gc,phases   ] GC(575)   Other: 0.10ms
[325.536s][info][gc,heap     ] GC(575) Eden regions: 418->0(418)
[325.536s][info][gc,heap     ] GC(575) Survivor regions: 14->14(54)
[325.536s][info][gc,heap     ] GC(575) Old regions: 52->52
[325.536s][info][gc,heap     ] GC(575) Humongous regions: 207->207
[325.536s][info][gc,metaspace] GC(575) Metaspace: 57142K(57472K)->57142K(57472K) NonClass: 48854K(49088K)->48854K(49088K) Class: 8287K(8384K)->8287K(8384K)
[325.536s][info][gc          ] GC(575) Pause Young (Normal) (G1 Evacuation Pause) 690M->272M(743M) 9.021ms
[325.536s][info][gc,cpu      ] GC(575) User=0.02s Sys=0.00s Real=0.01s
[326.636s][info][gc,start    ] GC(576) Pause Young (Normal) (G1 Evacuation Pause)
[326.636s][info][gc,task     ] GC(576) Using 2 workers of 2 for evacuation
[326.643s][info][gc,phases   ] GC(576)   Pre Evacuate Collection Set: 0.35ms
[326.643s][info][gc,phases   ] GC(576)   Merge Heap Roots: 0.16ms
[326.643s][info][gc,phases   ] GC(576)   Evacuate Collection Set: 6.07ms
[326.643s][info][gc,phases   ] GC(576)   Post Evacuate Collection Set: 0.75ms
[326.643s][info][gc,phases   ] GC(576)   Other: 0.13ms
[326.643s][info][gc,heap     ] GC(576) Eden regions: 418->0(418)
[326.643s][info][gc,heap     ] GC(576) Survivor regions: 14->14(54)
[326.643s][info][gc,heap     ] GC(576) Old regions: 52->52
[326.643s][info][gc,heap     ] GC(576) Humongous regions: 207->207
[326.643s][info][gc,metaspace] GC(576) Metaspace: 57142K(57472K)->57142K(57472K) NonClass: 48854K(49088K)->48854K(49088K) Class: 8287K(8384K)->8287K(8384K)
[326.643s][info][gc          ] GC(576) Pause Young (Normal) (G1 Evacuation Pause) 690M->272M(743M) 7.677ms
[326.643s][info][gc,cpu      ] GC(576) User=0.01s Sys=0.00s Real=0.01s
[327.565s][info][gc,start    ] GC(577) Pause Young (Concurrent Start) (G1 Humongous Allocation)
[327.565s][info][gc,task     ] GC(577) Using 2 workers of 2 for evacuation
[327.572s][info][gc,phases   ] GC(577)   Pre Evacuate Collection Set: 0.37ms
[327.572s][info][gc,phases   ] GC(577)   Merge Heap Roots: 0.17ms
[327.572s][info][gc,phases   ] GC(577)   Evacuate Collection Set: 4.76ms
[327.572s][info][gc,phases   ] GC(577)   Post Evacuate Collection Set: 0.78ms
[327.572s][info][gc,phases   ] GC(577)   Other: 0.18ms
[327.572s][info][gc,heap     ] GC(577) Eden regions: 355->0(422)
[327.572s][info][gc,heap     ] GC(577) Survivor regions: 14->12(54)
[327.572s][info][gc,heap     ] GC(577) Old regions: 52->52
[327.572s][info][gc,heap     ] GC(577) Humongous regions: 207->207
[327.572s][info][gc,metaspace] GC(577) Metaspace: 57146K(57472K)->57146K(57472K) NonClass: 48858K(49088K)->48858K(49088K) Class: 8287K(8384K)->8287K(8384K)
[327.572s][info][gc          ] GC(577) Pause Young (Concurrent Start) (G1 Humongous Allocation) 627M->270M(743M) 6.514ms
[327.572s][info][gc,cpu      ] GC(577) User=0.01s Sys=0.00s Real=0.00s
[327.572s][info][gc          ] GC(578) Concurrent Undo Cycle
[327.572s][info][gc,marking  ] GC(578) Concurrent Clear Claimed Marks
[327.572s][info][gc,marking  ] GC(578) Concurrent Clear Claimed Marks 0.103ms
[327.572s][info][gc,marking  ] GC(578) Concurrent Cleanup for Next Mark
[327.573s][info][gc,marking  ] GC(578) Concurrent Cleanup for Next Mark 1.075ms
[327.573s][info][gc          ] GC(578) Concurrent Undo Cycle 1.398ms
[327.744s][info][gc,start    ] GC(579) Pause Young (Concurrent Start) (G1 Humongous Allocation)
[327.744s][info][gc,task     ] GC(579) Using 2 workers of 2 for evacuation
[327.749s][info][gc,phases   ] GC(579)   Pre Evacuate Collection Set: 0.31ms
[327.749s][info][gc,phases   ] GC(579)   Merge Heap Roots: 0.07ms
[327.749s][info][gc,phases   ] GC(579)   Evacuate Collection Set: 4.10ms
[327.749s][info][gc,phases   ] GC(579)   Post Evacuate Collection Set: 0.46ms
[327.749s][info][gc,phases   ] GC(579)   Other: 0.11ms
[327.749s][info][gc,heap     ] GC(579) Eden regions: 2->0(383)
[327.749s][info][gc,heap     ] GC(579) Survivor regions: 12->12(55)
[327.749s][info][gc,heap     ] GC(579) Old regions: 52->52
[327.749s][info][gc,heap     ] GC(579) Humongous regions: 246->246
[327.749s][info][gc,metaspace] GC(579) Metaspace: 57146K(57472K)->57146K(57472K) NonClass: 48858K(49088K)->48858K(49088K) Class: 8287K(8384K)->8287K(8384K)
[327.750s][info][gc          ] GC(579) Pause Young (Concurrent Start) (G1 Humongous Allocation) 311M->309M(743M) 5.293ms
[327.750s][info][gc,cpu      ] GC(579) User=0.01s Sys=0.00s Real=0.00s
[327.750s][info][gc          ] GC(580) Concurrent Mark Cycle
[327.750s][info][gc,marking  ] GC(580) Concurrent Scan Root Regions
[327.752s][info][gc,marking  ] GC(580) Concurrent Scan Root Regions 1.889ms
[327.752s][info][gc,marking  ] GC(580) Concurrent Mark
[327.752s][info][gc,marking  ] GC(580) Concurrent Mark From Roots
[327.752s][info][gc,task     ] GC(580) Using 1 workers of 1 for marking
[327.797s][info][gc,marking  ] GC(580) Concurrent Mark From Roots 44.868ms
[327.797s][info][gc,marking  ] GC(580) Concurrent Preclean
[327.797s][info][gc,marking  ] GC(580) Concurrent Preclean 0.067ms
[327.797s][info][gc,start    ] GC(580) Pause Remark
[327.807s][info][gc          ] GC(580) Pause Remark 349M->342M(743M) 10.411ms
[327.807s][info][gc,cpu      ] GC(580) User=0.01s Sys=0.00s Real=0.01s
[327.808s][info][gc,marking  ] GC(580) Concurrent Mark 56.114ms
[327.808s][info][gc,marking  ] GC(580) Concurrent Rebuild Remembered Sets and Scrub Regions
[327.826s][info][gc,marking  ] GC(580) Concurrent Rebuild Remembered Sets and Scrub Regions 17.720ms
[327.826s][info][gc,start    ] GC(580) Pause Cleanup
[327.826s][info][gc          ] GC(580) Pause Cleanup 342M->342M(743M) 0.098ms
[327.826s][info][gc,cpu      ] GC(580) User=0.00s Sys=0.00s Real=0.00s
[327.826s][info][gc,marking  ] GC(580) Concurrent Clear Claimed Marks
[327.826s][info][gc,marking  ] GC(580) Concurrent Clear Claimed Marks 0.093ms
[327.826s][info][gc,marking  ] GC(580) Concurrent Cleanup for Next Mark
[327.831s][info][gc,marking  ] GC(580) Concurrent Cleanup for Next Mark 4.658ms
[327.831s][info][gc          ] GC(580) Concurrent Mark Cycle 80.974ms
[331.201s][info][gc,start    ] GC(581) Pause Young (Prepare Mixed) (G1 Evacuation Pause)
[331.201s][info][gc,task     ] GC(581) Using 2 workers of 2 for evacuation
[331.225s][info][gc,phases   ] GC(581)   Pre Evacuate Collection Set: 0.33ms
[331.225s][info][gc,phases   ] GC(581)   Merge Heap Roots: 0.17ms
[331.225s][info][gc,phases   ] GC(581)   Evacuate Collection Set: 21.94ms
[331.225s][info][gc,phases   ] GC(581)   Post Evacuate Collection Set: 0.91ms
[331.225s][info][gc,phases   ] GC(581)   Other: 0.13ms
[331.225s][info][gc,heap     ] GC(581) Eden regions: 323->0(427)
[331.225s][info][gc,heap     ] GC(581) Survivor regions: 12->25(50)
[331.225s][info][gc,heap     ] GC(581) Old regions: 45->45
[331.225s][info][gc,heap     ] GC(581) Humongous regions: 363->207
[331.225s][info][gc,metaspace] GC(581) Metaspace: 57330K(57664K)->57330K(57664K) NonClass: 49041K(49280K)->49041K(49280K) Class: 8288K(8384K)->8288K(8384K)
[331.225s][info][gc          ] GC(581) Pause Young (Prepare Mixed) (G1 Evacuation Pause) 742M->276M(768M) 23.741ms
[331.225s][info][gc,cpu      ] GC(581) User=0.03s Sys=0.02s Real=0.03s
[332.315s][info][gc,start    ] GC(582) Pause Young (Mixed) (G1 Evacuation Pause)
[332.315s][info][gc,task     ] GC(582) Using 2 workers of 2 for evacuation
[332.326s][info][gc,phases   ] GC(582)   Pre Evacuate Collection Set: 0.54ms
[332.326s][info][gc,phases   ] GC(582)   Merge Heap Roots: 0.19ms
[332.326s][info][gc,phases   ] GC(582)   Evacuate Collection Set: 9.90ms
[332.326s][info][gc,phases   ] GC(582)   Post Evacuate Collection Set: 0.97ms
[332.326s][info][gc,phases   ] GC(582)   Other: 0.12ms
[332.326s][info][gc,heap     ] GC(582) Eden regions: 427->0(430)
[332.326s][info][gc,heap     ] GC(582) Survivor regions: 25->25(57)
[332.326s][info][gc,heap     ] GC(582) Old regions: 45->42
[332.326s][info][gc,heap     ] GC(582) Humongous regions: 207->207
[332.326s][info][gc,metaspace] GC(582) Metaspace: 57330K(57664K)->57330K(57664K) NonClass: 49041K(49280K)->49041K(49280K) Class: 8288K(8384K)->8288K(8384K)
[332.326s][info][gc          ] GC(582) Pause Young (Mixed) (G1 Evacuation Pause) 703M->273M(768M) 11.938ms
[332.326s][info][gc,cpu      ] GC(582) User=0.02s Sys=0.00s Real=0.01s
[333.435s][info][gc,start    ] GC(583) Pause Young (Concurrent Start) (G1 Evacuation Pause)
[333.435s][info][gc,task     ] GC(583) Using 2 workers of 2 for evacuation
[333.447s][info][gc,phases   ] GC(583)   Pre Evacuate Collection Set: 0.33ms
[333.447s][info][gc,phases   ] GC(583)   Merge Heap Roots: 0.15ms
[333.447s][info][gc,phases   ] GC(583)   Evacuate Collection Set: 10.75ms
[333.447s][info][gc,phases   ] GC(583)   Post Evacuate Collection Set: 0.84ms
[333.447s][info][gc,phases   ] GC(583)   Other: 0.16ms
[333.447s][info][gc,heap     ] GC(583) Eden regions: 430->0(428)
[333.447s][info][gc,heap     ] GC(583) Survivor regions: 25->26(57)
[333.447s][info][gc,heap     ] GC(583) Old regions: 42->42
[333.447s][info][gc,heap     ] GC(583) Humongous regions: 207->207
[333.447s][info][gc,metaspace] GC(583) Metaspace: 57330K(57664K)->57330K(57664K) NonClass: 49041K(49280K)->49041K(49280K) Class: 8288K(8384K)->8288K(8384K)
[333.447s][info][gc          ] GC(583) Pause Young (Concurrent Start) (G1 Evacuation Pause) 703M->274M(768M) 12.450ms
[333.447s][info][gc,cpu      ] GC(583) User=0.03s Sys=0.00s Real=0.01s
[333.448s][info][gc          ] GC(584) Concurrent Mark Cycle
[333.448s][info][gc,marking  ] GC(584) Concurrent Scan Root Regions
[333.458s][info][gc,marking  ] GC(584) Concurrent Scan Root Regions 10.432ms
[333.458s][info][gc,marking  ] GC(584) Concurrent Mark
[333.458s][info][gc,marking  ] GC(584) Concurrent Mark From Roots
[333.458s][info][gc,task     ] GC(584) Using 1 workers of 1 for marking
[333.500s][info][gc,marking  ] GC(584) Concurrent Mark From Roots 41.651ms
[333.500s][info][gc,marking  ] GC(584) Concurrent Preclean
[333.500s][info][gc,marking  ] GC(584) Concurrent Preclean 0.058ms
[333.500s][info][gc,start    ] GC(584) Pause Remark
[333.512s][info][gc          ] GC(584) Pause Remark 289M->289M(768M) 11.867ms
[333.512s][info][gc,cpu      ] GC(584) User=0.02s Sys=0.00s Real=0.01s
[333.513s][info][gc,marking  ] GC(584) Concurrent Mark 54.807ms
[333.513s][info][gc,marking  ] GC(584) Concurrent Rebuild Remembered Sets and Scrub Regions
[333.533s][info][gc,marking  ] GC(584) Concurrent Rebuild Remembered Sets and Scrub Regions 19.436ms
[333.533s][info][gc,start    ] GC(584) Pause Cleanup
[333.533s][info][gc          ] GC(584) Pause Cleanup 297M->297M(768M) 0.102ms
[333.533s][info][gc,cpu      ] GC(584) User=0.00s Sys=0.00s Real=0.00s
[333.533s][info][gc,marking  ] GC(584) Concurrent Clear Claimed Marks
[333.533s][info][gc,marking  ] GC(584) Concurrent Clear Claimed Marks 0.102ms
[333.533s][info][gc,marking  ] GC(584) Concurrent Cleanup for Next Mark
[333.537s][info][gc,marking  ] GC(584) Concurrent Cleanup for Next Mark 3.474ms
[333.537s][info][gc          ] GC(584) Concurrent Mark Cycle 89.061ms
[334.595s][info][gc,start    ] GC(585) Pause Young (Prepare Mixed) (G1 Evacuation Pause)
[334.595s][info][gc,task     ] GC(585) Using 2 workers of 2 for evacuation
[334.605s][info][gc,phases   ] GC(585)   Pre Evacuate Collection Set: 0.32ms
[334.605s][info][gc,phases   ] GC(585)   Merge Heap Roots: 0.18ms
[334.605s][info][gc,phases   ] GC(585)   Evacuate Collection Set: 8.12ms
[334.605s][info][gc,phases   ] GC(585)   Post Evacuate Collection Set: 0.86ms
[334.605s][info][gc,phases   ] GC(585)   Other: 0.11ms
[334.605s][info][gc,heap     ] GC(585) Eden regions: 428->0(430)
[334.605s][info][gc,heap     ] GC(585) Survivor regions: 26->25(57)
[334.605s][info][gc,heap     ] GC(585) Old regions: 42->42
[334.605s][info][gc,heap     ] GC(585) Humongous regions: 207->207
[334.605s][info][gc,metaspace] GC(585) Metaspace: 57330K(57664K)->57330K(57664K) NonClass: 49041K(49280K)->49041K(49280K) Class: 8288K(8384K)->8288K(8384K)
[334.605s][info][gc          ] GC(585) Pause Young (Prepare Mixed) (G1 Evacuation Pause) 702M->273M(768M) 9.847ms
[334.605s][info][gc,cpu      ] GC(585) User=0.02s Sys=0.00s Real=0.01s
[335.719s][info][gc,start    ] GC(586) Pause Young (Mixed) (G1 Evacuation Pause)
[335.719s][info][gc,task     ] GC(586) Using 2 workers of 2 for evacuation
[335.729s][info][gc,phases   ] GC(586)   Pre Evacuate Collection Set: 0.31ms
[335.729s][info][gc,phases   ] GC(586)   Merge Heap Roots: 0.15ms
[335.729s][info][gc,phases   ] GC(586)   Evacuate Collection Set: 9.26ms
[335.729s][info][gc,phases   ] GC(586)   Post Evacuate Collection Set: 0.86ms
[335.729s][info][gc,phases   ] GC(586)   Other: 0.09ms
[335.729s][info][gc,heap     ] GC(586) Eden regions: 430->0(431)
[335.729s][info][gc,heap     ] GC(586) Survivor regions: 25->25(57)
[335.729s][info][gc,heap     ] GC(586) Old regions: 42->41
[335.729s][info][gc,heap     ] GC(586) Humongous regions: 207->207
[335.729s][info][gc,metaspace] GC(586) Metaspace: 57330K(57664K)->57330K(57664K) NonClass: 49041K(49280K)->49041K(49280K) Class: 8288K(8384K)->8288K(8384K)
[335.729s][info][gc          ] GC(586) Pause Young (Mixed) (G1 Evacuation Pause) 703M->272M(768M) 10.884ms
[335.729s][info][gc,cpu      ] GC(586) User=0.02s Sys=0.00s Real=0.01s
[336.841s][info][gc,start    ] GC(587) Pause Young (Concurrent Start) (G1 Evacuation Pause)
[336.841s][info][gc,task     ] GC(587) Using 2 workers of 2 for evacuation
[336.853s][info][gc,phases   ] GC(587)   Pre Evacuate Collection Set: 0.34ms
[336.854s][info][gc,phases   ] GC(587)   Merge Heap Roots: 0.15ms
[336.854s][info][gc,phases   ] GC(587)   Evacuate Collection Set: 10.49ms
[336.854s][info][gc,phases   ] GC(587)   Post Evacuate Collection Set: 0.90ms
[336.854s][info][gc,phases   ] GC(587)   Other: 0.13ms
[336.854s][info][gc,heap     ] GC(587) Eden regions: 431->0(429)
[336.854s][info][gc,heap     ] GC(587) Survivor regions: 25->26(57)
[336.854s][info][gc,heap     ] GC(587) Old regions: 41->41
[336.854s][info][gc,heap     ] GC(587) Humongous regions: 207->207
[336.854s][info][gc,metaspace] GC(587) Metaspace: 57330K(57664K)->57330K(57664K) NonClass: 49041K(49280K)->49041K(49280K) Class: 8288K(8384K)->8288K(8384K)
[336.854s][info][gc          ] GC(587) Pause Young (Concurrent Start) (G1 Evacuation Pause) 703M->272M(768M) 12.228ms
[336.854s][info][gc,cpu      ] GC(587) User=0.03s Sys=0.00s Real=0.02s
[336.854s][info][gc          ] GC(588) Concurrent Mark Cycle
[336.854s][info][gc,marking  ] GC(588) Concurrent Scan Root Regions
[336.865s][info][gc,marking  ] GC(588) Concurrent Scan Root Regions 11.398ms
[336.865s][info][gc,marking  ] GC(588) Concurrent Mark
[336.865s][info][gc,marking  ] GC(588) Concurrent Mark From Roots
[336.865s][info][gc,task     ] GC(588) Using 1 workers of 1 for marking
[336.920s][info][gc,marking  ] GC(588) Concurrent Mark From Roots 54.529ms
[336.920s][info][gc,marking  ] GC(588) Concurrent Preclean
[336.920s][info][gc,marking  ] GC(588) Concurrent Preclean 0.057ms
[336.921s][info][gc,start    ] GC(588) Pause Remark
[336.931s][info][gc          ] GC(588) Pause Remark 300M->300M(768M) 10.575ms
[336.931s][info][gc,cpu      ] GC(588) User=0.02s Sys=0.01s Real=0.01s
[336.932s][info][gc,marking  ] GC(588) Concurrent Mark 66.699ms
[336.932s][info][gc,marking  ] GC(588) Concurrent Rebuild Remembered Sets and Scrub Regions
[336.956s][info][gc,marking  ] GC(588) Concurrent Rebuild Remembered Sets and Scrub Regions 23.919ms
[336.956s][info][gc,start    ] GC(588) Pause Cleanup
[336.956s][info][gc          ] GC(588) Pause Cleanup 314M->314M(768M) 0.099ms
[336.956s][info][gc,cpu      ] GC(588) User=0.00s Sys=0.00s Real=0.00s
[336.956s][info][gc,marking  ] GC(588) Concurrent Clear Claimed Marks
[336.956s][info][gc,marking  ] GC(588) Concurrent Clear Claimed Marks 0.093ms
[336.956s][info][gc,marking  ] GC(588) Concurrent Cleanup for Next Mark
[336.960s][info][gc,marking  ] GC(588) Concurrent Cleanup for Next Mark 3.181ms
[336.960s][info][gc          ] GC(588) Concurrent Mark Cycle 105.708ms
[338.002s][info][gc,start    ] GC(589) Pause Young (Prepare Mixed) (G1 Evacuation Pause)
[338.002s][info][gc,task     ] GC(589) Using 2 workers of 2 for evacuation
[338.014s][info][gc,phases   ] GC(589)   Pre Evacuate Collection Set: 0.33ms
[338.014s][info][gc,phases   ] GC(589)   Merge Heap Roots: 0.16ms
[338.014s][info][gc,phases   ] GC(589)   Evacuate Collection Set: 10.02ms
[338.014s][info][gc,phases   ] GC(589)   Post Evacuate Collection Set: 0.94ms
[338.014s][info][gc,phases   ] GC(589)   Other: 0.10ms
[338.014s][info][gc,heap     ] GC(589) Eden regions: 429->0(411)
[338.014s][info][gc,heap     ] GC(589) Survivor regions: 26->35(57)
[338.014s][info][gc,heap     ] GC(589) Old regions: 41->41
[338.014s][info][gc,heap     ] GC(589) Humongous regions: 207->207
[338.014s][info][gc,metaspace] GC(589) Metaspace: 57330K(57664K)->57330K(57664K) NonClass: 49041K(49280K)->49041K(49280K) Class: 8288K(8384K)->8288K(8384K)
[338.014s][info][gc          ] GC(589) Pause Young (Prepare Mixed) (G1 Evacuation Pause) 701M->281M(768M) 11.761ms
[338.014s][info][gc,cpu      ] GC(589) User=0.03s Sys=0.00s Real=0.02s
[339.017s][info][gc,start    ] GC(590) Pause Young (Mixed) (G1 Evacuation Pause)
[339.017s][info][gc,task     ] GC(590) Using 2 workers of 2 for evacuation
[339.031s][info][gc,phases   ] GC(590)   Pre Evacuate Collection Set: 0.32ms
[339.031s][info][gc,phases   ] GC(590)   Merge Heap Roots: 0.17ms
[339.031s][info][gc,phases   ] GC(590)   Evacuate Collection Set: 12.12ms
[339.031s][info][gc,phases   ] GC(590)   Post Evacuate Collection Set: 0.89ms
[339.031s][info][gc,phases   ] GC(590)   Other: 0.09ms
[339.031s][info][gc,heap     ] GC(590) Eden regions: 411->0(422)
[339.031s][info][gc,heap     ] GC(590) Survivor regions: 35->25(56)
[339.031s][info][gc,heap     ] GC(590) Old regions: 41->50
[339.031s][info][gc,heap     ] GC(590) Humongous regions: 207->207
[339.031s][info][gc,metaspace] GC(590) Metaspace: 57330K(57664K)->57330K(57664K) NonClass: 49041K(49280K)->49041K(49280K) Class: 8288K(8384K)->8288K(8384K)
[339.031s][info][gc          ] GC(590) Pause Young (Mixed) (G1 Evacuation Pause) 692M->281M(768M) 13.819ms
[339.031s][info][gc,cpu      ] GC(590) User=0.03s Sys=0.00s Real=0.01s
[340.125s][info][gc,start    ] GC(591) Pause Young (Concurrent Start) (G1 Evacuation Pause)
[340.125s][info][gc,task     ] GC(591) Using 2 workers of 2 for evacuation
[340.137s][info][gc,phases   ] GC(591)   Pre Evacuate Collection Set: 0.32ms
[340.137s][info][gc,phases   ] GC(591)   Merge Heap Roots: 0.15ms
[340.137s][info][gc,phases   ] GC(591)   Evacuate Collection Set: 10.90ms
[340.137s][info][gc,phases   ] GC(591)   Post Evacuate Collection Set: 0.94ms
[340.137s][info][gc,phases   ] GC(591)   Other: 0.11ms
[340.137s][info][gc,heap     ] GC(591) Eden regions: 422->0(422)
[340.137s][info][gc,heap     ] GC(591) Survivor regions: 25->25(56)
[340.137s][info][gc,heap     ] GC(591) Old regions: 50->50
[340.137s][info][gc,heap     ] GC(591) Humongous regions: 207->207
[340.137s][info][gc,metaspace] GC(591) Metaspace: 57330K(57664K)->57330K(57664K) NonClass: 49041K(49280K)->49041K(49280K) Class: 8288K(8384K)->8288K(8384K)
[340.138s][info][gc          ] GC(591) Pause Young (Concurrent Start) (G1 Evacuation Pause) 703M->280M(768M) 12.625ms
[340.138s][info][gc,cpu      ] GC(591) User=0.02s Sys=0.00s Real=0.01s
[340.138s][info][gc          ] GC(592) Concurrent Mark Cycle
[340.140s][info][gc,marking  ] GC(592) Concurrent Scan Root Regions
[340.149s][info][gc,marking  ] GC(592) Concurrent Scan Root Regions 8.924ms
[340.149s][info][gc,marking  ] GC(592) Concurrent Mark
[340.149s][info][gc,marking  ] GC(592) Concurrent Mark From Roots
[340.149s][info][gc,task     ] GC(592) Using 1 workers of 1 for marking
[340.199s][info][gc,marking  ] GC(592) Concurrent Mark From Roots 50.619ms
[340.200s][info][gc,marking  ] GC(592) Concurrent Preclean
[340.200s][info][gc,marking  ] GC(592) Concurrent Preclean 0.055ms
[340.200s][info][gc,start    ] GC(592) Pause Remark
[340.210s][info][gc          ] GC(592) Pause Remark 298M->298M(768M) 10.256ms
[340.210s][info][gc,cpu      ] GC(592) User=0.02s Sys=0.00s Real=0.01s
[340.211s][info][gc,marking  ] GC(592) Concurrent Mark 61.813ms
[340.211s][info][gc,marking  ] GC(592) Concurrent Rebuild Remembered Sets and Scrub Regions
[340.248s][info][gc,marking  ] GC(592) Concurrent Rebuild Remembered Sets and Scrub Regions 37.298ms
[340.248s][info][gc,start    ] GC(592) Pause Cleanup
[340.248s][info][gc          ] GC(592) Pause Cleanup 318M->318M(768M) 0.112ms
[340.248s][info][gc,cpu      ] GC(592) User=0.00s Sys=0.00s Real=0.00s
[340.248s][info][gc,marking  ] GC(592) Concurrent Clear Claimed Marks
[340.249s][info][gc,marking  ] GC(592) Concurrent Clear Claimed Marks 0.109ms
[340.249s][info][gc,marking  ] GC(592) Concurrent Cleanup for Next Mark
[340.255s][info][gc,marking  ] GC(592) Concurrent Cleanup for Next Mark 6.351ms
[340.255s][info][gc          ] GC(592) Concurrent Mark Cycle 117.365ms
[341.228s][info][gc,start    ] GC(593) Pause Young (Prepare Mixed) (G1 Evacuation Pause)
[341.228s][info][gc,task     ] GC(593) Using 2 workers of 2 for evacuation
[341.239s][info][gc,phases   ] GC(593)   Pre Evacuate Collection Set: 0.30ms
[341.239s][info][gc,phases   ] GC(593)   Merge Heap Roots: 0.16ms
[341.239s][info][gc,phases   ] GC(593)   Evacuate Collection Set: 9.64ms
[341.239s][info][gc,phases   ] GC(593)   Post Evacuate Collection Set: 0.85ms
[341.239s][info][gc,phases   ] GC(593)   Other: 0.09ms
[341.239s][info][gc,heap     ] GC(593) Eden regions: 422->0(422)
[341.239s][info][gc,heap     ] GC(593) Survivor regions: 25->25(56)
[341.239s][info][gc,heap     ] GC(593) Old regions: 50->50
[341.239s][info][gc,heap     ] GC(593) Humongous regions: 207->207
[341.239s][info][gc,metaspace] GC(593) Metaspace: 57330K(57664K)->57330K(57664K) NonClass: 49041K(49280K)->49041K(49280K) Class: 8288K(8384K)->8288K(8384K)
[341.239s][info][gc          ] GC(593) Pause Young (Prepare Mixed) (G1 Evacuation Pause) 702M->280M(768M) 11.275ms
[341.239s][info][gc,cpu      ] GC(593) User=0.02s Sys=0.00s Real=0.01s
[342.341s][info][gc,start    ] GC(594) Pause Young (Mixed) (G1 Evacuation Pause)
[342.341s][info][gc,task     ] GC(594) Using 2 workers of 2 for evacuation
[342.355s][info][gc,phases   ] GC(594)   Pre Evacuate Collection Set: 0.30ms
[342.355s][info][gc,phases   ] GC(594)   Merge Heap Roots: 0.17ms
[342.355s][info][gc,phases   ] GC(594)   Evacuate Collection Set: 11.86ms
[342.355s][info][gc,phases   ] GC(594)   Post Evacuate Collection Set: 0.95ms
[342.355s][info][gc,phases   ] GC(594)   Other: 0.09ms
[342.355s][info][gc,heap     ] GC(594) Eden regions: 422->0(423)
[342.355s][info][gc,heap     ] GC(594) Survivor regions: 25->25(56)
[342.355s][info][gc,heap     ] GC(594) Old regions: 50->49
[342.355s][info][gc,heap     ] GC(594) Humongous regions: 207->207
[342.355s][info][gc,metaspace] GC(594) Metaspace: 57330K(57664K)->57330K(57664K) NonClass: 49041K(49280K)->49041K(49280K) Class: 8288K(8384K)->8288K(8384K)
[342.355s][info][gc          ] GC(594) Pause Young (Mixed) (G1 Evacuation Pause) 702M->279M(768M) 13.570ms
[342.355s][info][gc,cpu      ] GC(594) User=0.02s Sys=0.00s Real=0.02s
[343.493s][info][gc,start    ] GC(595) Pause Young (Concurrent Start) (G1 Evacuation Pause)
[343.493s][info][gc,task     ] GC(595) Using 2 workers of 2 for evacuation
[343.502s][info][gc,phases   ] GC(595)   Pre Evacuate Collection Set: 0.37ms
[343.503s][info][gc,phases   ] GC(595)   Merge Heap Roots: 0.16ms
[343.503s][info][gc,phases   ] GC(595)   Evacuate Collection Set: 8.08ms
[343.503s][info][gc,phases   ] GC(595)   Post Evacuate Collection Set: 0.90ms
[343.503s][info][gc,phases   ] GC(595)   Other: 0.12ms
[343.503s][info][gc,heap     ] GC(595) Eden regions: 423->0(425)
[343.503s][info][gc,heap     ] GC(595) Survivor regions: 25->24(56)
[343.503s][info][gc,heap     ] GC(595) Old regions: 49->49
[343.503s][info][gc,heap     ] GC(595) Humongous regions: 207->207
[343.503s][info][gc,metaspace] GC(595) Metaspace: 57330K(57664K)->57330K(57664K) NonClass: 49041K(49280K)->49041K(49280K) Class: 8288K(8384K)->8288K(8384K)
[343.503s][info][gc          ] GC(595) Pause Young (Concurrent Start) (G1 Evacuation Pause) 702M->278M(768M) 9.895ms
[343.503s][info][gc,cpu      ] GC(595) User=0.02s Sys=0.00s Real=0.01s
[343.503s][info][gc          ] GC(596) Concurrent Mark Cycle
[343.503s][info][gc,marking  ] GC(596) Concurrent Scan Root Regions
[343.514s][info][gc,marking  ] GC(596) Concurrent Scan Root Regions 10.887ms
[343.514s][info][gc,marking  ] GC(596) Concurrent Mark
[343.514s][info][gc,marking  ] GC(596) Concurrent Mark From Roots
[343.514s][info][gc,task     ] GC(596) Using 1 workers of 1 for marking
[343.584s][info][gc,marking  ] GC(596) Concurrent Mark From Roots 70.465ms
[343.584s][info][gc,marking  ] GC(596) Concurrent Preclean
[343.584s][info][gc,marking  ] GC(596) Concurrent Preclean 0.059ms
[343.584s][info][gc,start    ] GC(596) Pause Remark
[343.595s][info][gc          ] GC(596) Pause Remark 315M->315M(768M) 10.478ms
[343.595s][info][gc,cpu      ] GC(596) User=0.02s Sys=0.00s Real=0.01s
[343.596s][info][gc,marking  ] GC(596) Concurrent Mark 82.157ms
[343.596s][info][gc,marking  ] GC(596) Concurrent Rebuild Remembered Sets and Scrub Regions
[343.636s][info][gc,marking  ] GC(596) Concurrent Rebuild Remembered Sets and Scrub Regions 40.146ms
[343.636s][info][gc,start    ] GC(596) Pause Cleanup
[343.636s][info][gc          ] GC(596) Pause Cleanup 335M->335M(768M) 0.087ms
[343.636s][info][gc,cpu      ] GC(596) User=0.00s Sys=0.00s Real=0.00s
[343.642s][info][gc,marking  ] GC(596) Concurrent Clear Claimed Marks
[343.642s][info][gc,marking  ] GC(596) Concurrent Clear Claimed Marks 0.149ms
[343.642s][info][gc,marking  ] GC(596) Concurrent Cleanup for Next Mark
[343.647s][info][gc,marking  ] GC(596) Concurrent Cleanup for Next Mark 5.368ms
[343.647s][info][gc          ] GC(596) Concurrent Mark Cycle 144.617ms
[344.605s][info][gc,start    ] GC(597) Pause Young (Prepare Mixed) (G1 Evacuation Pause)
[344.605s][info][gc,task     ] GC(597) Using 2 workers of 2 for evacuation
[344.615s][info][gc,phases   ] GC(597)   Pre Evacuate Collection Set: 0.44ms
[344.615s][info][gc,phases   ] GC(597)   Merge Heap Roots: 0.20ms
[344.615s][info][gc,phases   ] GC(597)   Evacuate Collection Set: 8.29ms
[344.615s][info][gc,phases   ] GC(597)   Post Evacuate Collection Set: 0.86ms
[344.615s][info][gc,phases   ] GC(597)   Other: 0.11ms
[344.615s][info][gc,heap     ] GC(597) Eden regions: 425->0(425)
[344.615s][info][gc,heap     ] GC(597) Survivor regions: 24->24(57)
[344.615s][info][gc,heap     ] GC(597) Old regions: 49->49
[344.615s][info][gc,heap     ] GC(597) Humongous regions: 207->207
[344.615s][info][gc,metaspace] GC(597) Metaspace: 57330K(57664K)->57330K(57664K) NonClass: 49041K(49280K)->49041K(49280K) Class: 8288K(8384K)->8288K(8384K)
[344.615s][info][gc          ] GC(597) Pause Young (Prepare Mixed) (G1 Evacuation Pause) 703M->278M(768M) 10.135ms
[344.615s][info][gc,cpu      ] GC(597) User=0.01s Sys=0.00s Real=0.01s
[345.721s][info][gc,start    ] GC(598) Pause Young (Mixed) (G1 Evacuation Pause)
[345.721s][info][gc,task     ] GC(598) Using 2 workers of 2 for evacuation
[345.736s][info][gc,phases   ] GC(598)   Pre Evacuate Collection Set: 0.32ms
[345.736s][info][gc,phases   ] GC(598)   Merge Heap Roots: 0.16ms
[345.736s][info][gc,phases   ] GC(598)   Evacuate Collection Set: 13.16ms
[345.736s][info][gc,phases   ] GC(598)   Post Evacuate Collection Set: 1.00ms
[345.736s][info][gc,phases   ] GC(598)   Other: 0.09ms
[345.736s][info][gc,heap     ] GC(598) Eden regions: 425->0(424)
[345.736s][info][gc,heap     ] GC(598) Survivor regions: 24->25(57)
[345.736s][info][gc,heap     ] GC(598) Old regions: 49->48
[345.736s][info][gc,heap     ] GC(598) Humongous regions: 207->207
[345.736s][info][gc,metaspace] GC(598) Metaspace: 57330K(57664K)->57330K(57664K) NonClass: 49041K(49280K)->49041K(49280K) Class: 8288K(8384K)->8288K(8384K)
[345.736s][info][gc          ] GC(598) Pause Young (Mixed) (G1 Evacuation Pause) 703M->279M(768M) 14.990ms
[345.736s][info][gc,cpu      ] GC(598) User=0.03s Sys=0.00s Real=0.02s
[346.825s][info][gc,start    ] GC(599) Pause Young (Concurrent Start) (G1 Evacuation Pause)
[346.825s][info][gc,task     ] GC(599) Using 2 workers of 2 for evacuation
[346.836s][info][gc,phases   ] GC(599)   Pre Evacuate Collection Set: 0.34ms
[346.836s][info][gc,phases   ] GC(599)   Merge Heap Roots: 0.15ms
[346.836s][info][gc,phases   ] GC(599)   Evacuate Collection Set: 9.47ms
[346.836s][info][gc,phases   ] GC(599)   Post Evacuate Collection Set: 0.86ms
[346.836s][info][gc,phases   ] GC(599)   Other: 0.11ms
[346.836s][info][gc,heap     ] GC(599) Eden regions: 424->0(426)
[346.836s][info][gc,heap     ] GC(599) Survivor regions: 25->24(57)
[346.836s][info][gc,heap     ] GC(599) Old regions: 48->48
[346.836s][info][gc,heap     ] GC(599) Humongous regions: 207->207
[346.836s][info][gc,metaspace] GC(599) Metaspace: 57330K(57664K)->57330K(57664K) NonClass: 49041K(49280K)->49041K(49280K) Class: 8288K(8384K)->8288K(8384K)
[346.836s][info][gc          ] GC(599) Pause Young (Concurrent Start) (G1 Evacuation Pause) 703M->278M(768M) 11.167ms
[346.836s][info][gc,cpu      ] GC(599) User=0.02s Sys=0.00s Real=0.01s
[346.836s][info][gc          ] GC(600) Concurrent Mark Cycle
[346.836s][info][gc,marking  ] GC(600) Concurrent Scan Root Regions
[346.846s][info][gc,marking  ] GC(600) Concurrent Scan Root Regions 10.037ms
[346.846s][info][gc,marking  ] GC(600) Concurrent Mark
[346.846s][info][gc,marking  ] GC(600) Concurrent Mark From Roots
[346.846s][info][gc,task     ] GC(600) Using 1 workers of 1 for marking
[346.891s][info][gc,marking  ] GC(600) Concurrent Mark From Roots 44.152ms
[346.891s][info][gc,marking  ] GC(600) Concurrent Preclean
[346.891s][info][gc,marking  ] GC(600) Concurrent Preclean 0.054ms
[346.892s][info][gc,start    ] GC(600) Pause Remark
[346.902s][info][gc          ] GC(600) Pause Remark 293M->279M(768M) 10.318ms
[346.902s][info][gc,cpu      ] GC(600) User=0.02s Sys=0.00s Real=0.02s
[346.903s][info][gc,marking  ] GC(600) Concurrent Mark 57.062ms
[346.903s][info][gc,marking  ] GC(600) Concurrent Rebuild Remembered Sets and Scrub Regions
[346.938s][info][gc,marking  ] GC(600) Concurrent Rebuild Remembered Sets and Scrub Regions 34.650ms
[346.938s][info][gc,start    ] GC(600) Pause Cleanup
[346.939s][info][gc          ] GC(600) Pause Cleanup 301M->301M(768M) 0.105ms
[346.939s][info][gc,cpu      ] GC(600) User=0.00s Sys=0.00s Real=0.00s
[346.939s][info][gc,marking  ] GC(600) Concurrent Clear Claimed Marks
[346.939s][info][gc,marking  ] GC(600) Concurrent Clear Claimed Marks 0.105ms
[346.939s][info][gc,marking  ] GC(600) Concurrent Cleanup for Next Mark
[346.941s][info][gc,marking  ] GC(600) Concurrent Cleanup for Next Mark 2.348ms
[346.941s][info][gc          ] GC(600) Concurrent Mark Cycle 105.148ms
[347.936s][info][gc,start    ] GC(601) Pause Young (Prepare Mixed) (G1 Evacuation Pause)
[347.936s][info][gc,task     ] GC(601) Using 2 workers of 2 for evacuation
[347.946s][info][gc,phases   ] GC(601)   Pre Evacuate Collection Set: 0.30ms
[347.946s][info][gc,phases   ] GC(601)   Merge Heap Roots: 0.16ms
[347.946s][info][gc,phases   ] GC(601)   Evacuate Collection Set: 8.18ms
[347.946s][info][gc,phases   ] GC(601)   Post Evacuate Collection Set: 0.83ms
[347.946s][info][gc,phases   ] GC(601)   Other: 0.12ms
[347.946s][info][gc,heap     ] GC(601) Eden regions: 426->0(448)
[347.946s][info][gc,heap     ] GC(601) Survivor regions: 24->12(57)
[347.946s][info][gc,heap     ] GC(601) Old regions: 34->46
[347.946s][info][gc,heap     ] GC(601) Humongous regions: 207->207
[347.946s][info][gc,metaspace] GC(601) Metaspace: 57330K(57664K)->57330K(57664K) NonClass: 49041K(49280K)->49041K(49280K) Class: 8288K(8384K)->8288K(8384K)
[347.946s][info][gc          ] GC(601) Pause Young (Prepare Mixed) (G1 Evacuation Pause) 690M->264M(768M) 9.831ms
[347.946s][info][gc,cpu      ] GC(601) User=0.01s Sys=0.00s Real=0.01s
[349.134s][info][gc,start    ] GC(602) Pause Young (Mixed) (G1 Evacuation Pause)
[349.134s][info][gc,task     ] GC(602) Using 2 workers of 2 for evacuation
[349.142s][info][gc,phases   ] GC(602)   Pre Evacuate Collection Set: 0.30ms
[349.142s][info][gc,phases   ] GC(602)   Merge Heap Roots: 0.16ms
[349.142s][info][gc,phases   ] GC(602)   Evacuate Collection Set: 6.53ms
[349.142s][info][gc,phases   ] GC(602)   Post Evacuate Collection Set: 0.84ms
[349.142s][info][gc,phases   ] GC(602)   Other: 0.10ms
[349.142s][info][gc,heap     ] GC(602) Eden regions: 448->0(447)
[349.142s][info][gc,heap     ] GC(602) Survivor regions: 12->13(58)
[349.142s][info][gc,heap     ] GC(602) Old regions: 46->43
[349.142s][info][gc,heap     ] GC(602) Humongous regions: 207->207
[349.142s][info][gc,metaspace] GC(602) Metaspace: 57330K(57664K)->57330K(57664K) NonClass: 49041K(49280K)->49041K(49280K) Class: 8288K(8384K)->8288K(8384K)
[349.142s][info][gc          ] GC(602) Pause Young (Mixed) (G1 Evacuation Pause) 712M->262M(768M) 8.122ms
[349.142s][info][gc,cpu      ] GC(602) User=0.02s Sys=0.00s Real=0.01s
[350.319s][info][gc,start    ] GC(603) Pause Young (Concurrent Start) (G1 Evacuation Pause)
[350.319s][info][gc,task     ] GC(603) Using 2 workers of 2 for evacuation
[350.326s][info][gc,phases   ] GC(603)   Pre Evacuate Collection Set: 0.33ms
[350.326s][info][gc,phases   ] GC(603)   Merge Heap Roots: 0.13ms
[350.326s][info][gc,phases   ] GC(603)   Evacuate Collection Set: 5.65ms
[350.326s][info][gc,phases   ] GC(603)   Post Evacuate Collection Set: 0.84ms
[350.326s][info][gc,phases   ] GC(603)   Other: 0.14ms
[350.326s][info][gc,heap     ] GC(603) Eden regions: 447->0(447)
[350.326s][info][gc,heap     ] GC(603) Survivor regions: 13->13(58)
[350.326s][info][gc,heap     ] GC(603) Old regions: 43->44
[350.326s][info][gc,heap     ] GC(603) Humongous regions: 207->207
[350.326s][info][gc,metaspace] GC(603) Metaspace: 57330K(57664K)->57330K(57664K) NonClass: 49041K(49280K)->49041K(49280K) Class: 8288K(8384K)->8288K(8384K)
[350.326s][info][gc          ] GC(603) Pause Young (Concurrent Start) (G1 Evacuation Pause) 709M->262M(768M) 7.330ms
[350.326s][info][gc          ] GC(604) Concurrent Mark Cycle
[350.327s][info][gc,marking  ] GC(604) Concurrent Scan Root Regions
[350.327s][info][gc,cpu      ] GC(603) User=0.01s Sys=0.00s Real=0.01s
[350.332s][info][gc,marking  ] GC(604) Concurrent Scan Root Regions 5.754ms
[350.332s][info][gc,marking  ] GC(604) Concurrent Mark
[350.332s][info][gc,marking  ] GC(604) Concurrent Mark From Roots
[350.332s][info][gc,task     ] GC(604) Using 1 workers of 1 for marking
[350.390s][info][gc,marking  ] GC(604) Concurrent Mark From Roots 57.411ms
[350.390s][info][gc,marking  ] GC(604) Concurrent Preclean
[350.390s][info][gc,marking  ] GC(604) Concurrent Preclean 0.079ms
[350.390s][info][gc,start    ] GC(604) Pause Remark
[350.400s][info][gc          ] GC(604) Pause Remark 280M->280M(768M) 10.391ms
[350.400s][info][gc,cpu      ] GC(604) User=0.02s Sys=0.00s Real=0.01s
[350.402s][info][gc,marking  ] GC(604) Concurrent Mark 69.609ms
[350.402s][info][gc,marking  ] GC(604) Concurrent Rebuild Remembered Sets and Scrub Regions
[350.439s][info][gc,marking  ] GC(604) Concurrent Rebuild Remembered Sets and Scrub Regions 37.319ms
[350.439s][info][gc,start    ] GC(604) Pause Cleanup
[350.440s][info][gc          ] GC(604) Pause Cleanup 303M->303M(768M) 0.088ms
[350.440s][info][gc,cpu      ] GC(604) User=0.00s Sys=0.00s Real=0.00s
[350.440s][info][gc,marking  ] GC(604) Concurrent Clear Claimed Marks
[350.440s][info][gc,marking  ] GC(604) Concurrent Clear Claimed Marks 0.131ms
[350.440s][info][gc,marking  ] GC(604) Concurrent Cleanup for Next Mark
[350.444s][info][gc,marking  ] GC(604) Concurrent Cleanup for Next Mark 4.617ms
[350.444s][info][gc          ] GC(604) Concurrent Mark Cycle 117.991ms
[351.511s][info][gc,start    ] GC(605) Pause Young (Prepare Mixed) (G1 Evacuation Pause)
[351.511s][info][gc,task     ] GC(605) Using 2 workers of 2 for evacuation
[351.519s][info][gc,phases   ] GC(605)   Pre Evacuate Collection Set: 0.53ms
[351.519s][info][gc,phases   ] GC(605)   Merge Heap Roots: 0.19ms
[351.519s][info][gc,phases   ] GC(605)   Evacuate Collection Set: 6.66ms
[351.519s][info][gc,phases   ] GC(605)   Post Evacuate Collection Set: 0.80ms
[351.519s][info][gc,phases   ] GC(605)   Other: 0.10ms
[351.519s][info][gc,heap     ] GC(605) Eden regions: 447->0(447)
[351.519s][info][gc,heap     ] GC(605) Survivor regions: 13->13(58)
[351.519s][info][gc,heap     ] GC(605) Old regions: 44->44
[351.519s][info][gc,heap     ] GC(605) Humongous regions: 207->207
[351.519s][info][gc,metaspace] GC(605) Metaspace: 57330K(57664K)->57330K(57664K) NonClass: 49041K(49280K)->49041K(49280K) Class: 8288K(8384K)->8288K(8384K)
[351.519s][info][gc          ] GC(605) Pause Young (Prepare Mixed) (G1 Evacuation Pause) 709M->262M(768M) 8.494ms
[351.519s][info][gc,cpu      ] GC(605) User=0.02s Sys=0.00s Real=0.01s
[352.693s][info][gc,start    ] GC(606) Pause Young (Mixed) (G1 Evacuation Pause)
[352.693s][info][gc,task     ] GC(606) Using 2 workers of 2 for evacuation
[352.699s][info][gc,phases   ] GC(606)   Pre Evacuate Collection Set: 0.30ms
[352.699s][info][gc,phases   ] GC(606)   Merge Heap Roots: 0.14ms
[352.699s][info][gc,phases   ] GC(606)   Evacuate Collection Set: 4.12ms
[352.699s][info][gc,phases   ] GC(606)   Post Evacuate Collection Set: 0.82ms
[352.699s][info][gc,phases   ] GC(606)   Other: 0.09ms
[352.699s][info][gc,heap     ] GC(606) Eden regions: 447->0(448)
[352.699s][info][gc,heap     ] GC(606) Survivor regions: 13->12(58)
[352.699s][info][gc,heap     ] GC(606) Old regions: 44->41
[352.699s][info][gc,heap     ] GC(606) Humongous regions: 207->207
[352.699s][info][gc,metaspace] GC(606) Metaspace: 57330K(57664K)->57330K(57664K) NonClass: 49041K(49280K)->49041K(49280K) Class: 8288K(8384K)->8288K(8384K)
[352.699s][info][gc          ] GC(606) Pause Young (Mixed) (G1 Evacuation Pause) 709M->258M(768M) 5.698ms
[352.699s][info][gc,cpu      ] GC(606) User=0.01s Sys=0.00s Real=0.00s
[353.914s][info][gc,start    ] GC(607) Pause Young (Concurrent Start) (G1 Evacuation Pause)
[353.914s][info][gc,task     ] GC(607) Using 2 workers of 2 for evacuation
[353.920s][info][gc,phases   ] GC(607)   Pre Evacuate Collection Set: 0.30ms
[353.920s][info][gc,phases   ] GC(607)   Merge Heap Roots: 0.17ms
[353.920s][info][gc,phases   ] GC(607)   Evacuate Collection Set: 4.57ms
[353.920s][info][gc,phases   ] GC(607)   Post Evacuate Collection Set: 0.86ms
[353.920s][info][gc,phases   ] GC(607)   Other: 0.15ms
[353.920s][info][gc,heap     ] GC(607) Eden regions: 448->0(448)
[353.920s][info][gc,heap     ] GC(607) Survivor regions: 12->12(58)
[353.920s][info][gc,heap     ] GC(607) Old regions: 41->41
[353.920s][info][gc,heap     ] GC(607) Humongous regions: 207->207
[353.920s][info][gc,metaspace] GC(607) Metaspace: 57330K(57664K)->57330K(57664K) NonClass: 49041K(49280K)->49041K(49280K) Class: 8288K(8384K)->8288K(8384K)
[353.920s][info][gc          ] GC(607) Pause Young (Concurrent Start) (G1 Evacuation Pause) 706M->258M(768M) 6.280ms
[353.920s][info][gc,cpu      ] GC(607) User=0.01s Sys=0.00s Real=0.00s
[353.920s][info][gc          ] GC(608) Concurrent Mark Cycle
[353.920s][info][gc,marking  ] GC(608) Concurrent Scan Root Regions
[353.923s][info][gc,marking  ] GC(608) Concurrent Scan Root Regions 3.143ms
[353.923s][info][gc,marking  ] GC(608) Concurrent Mark
[353.923s][info][gc,marking  ] GC(608) Concurrent Mark From Roots
[353.923s][info][gc,task     ] GC(608) Using 1 workers of 1 for marking
[353.987s][info][gc,marking  ] GC(608) Concurrent Mark From Roots 64.211ms
[353.988s][info][gc,marking  ] GC(608) Concurrent Preclean
[353.988s][info][gc,marking  ] GC(608) Concurrent Preclean 0.074ms
[353.988s][info][gc,start    ] GC(608) Pause Remark
[353.998s][info][gc          ] GC(608) Pause Remark 293M->293M(768M) 10.161ms
[353.998s][info][gc,cpu      ] GC(608) User=0.02s Sys=0.00s Real=0.01s
[353.998s][info][gc,marking  ] GC(608) Concurrent Mark 75.023ms
[353.998s][info][gc,marking  ] GC(608) Concurrent Rebuild Remembered Sets and Scrub Regions
[354.025s][info][gc,marking  ] GC(608) Concurrent Rebuild Remembered Sets and Scrub Regions 26.247ms
[354.025s][info][gc,start    ] GC(608) Pause Cleanup
[354.025s][info][gc          ] GC(608) Pause Cleanup 308M->308M(768M) 0.097ms
[354.025s][info][gc,cpu      ] GC(608) User=0.00s Sys=0.00s Real=0.00s
[354.026s][info][gc,marking  ] GC(608) Concurrent Clear Claimed Marks
[354.026s][info][gc,marking  ] GC(608) Concurrent Clear Claimed Marks 0.127ms
[354.026s][info][gc,marking  ] GC(608) Concurrent Cleanup for Next Mark
[354.029s][info][gc,marking  ] GC(608) Concurrent Cleanup for Next Mark 3.237ms
[354.029s][info][gc          ] GC(608) Concurrent Mark Cycle 109.428ms
[355.039s][info][gc,start    ] GC(609) Pause Young (Prepare Mixed) (G1 Evacuation Pause)
[355.039s][info][gc,task     ] GC(609) Using 2 workers of 2 for evacuation
[355.046s][info][gc,phases   ] GC(609)   Pre Evacuate Collection Set: 0.28ms
[355.046s][info][gc,phases   ] GC(609)   Merge Heap Roots: 0.14ms
[355.046s][info][gc,phases   ] GC(609)   Evacuate Collection Set: 5.47ms
[355.046s][info][gc,phases   ] GC(609)   Post Evacuate Collection Set: 0.81ms
[355.046s][info][gc,phases   ] GC(609)   Other: 0.11ms
[355.046s][info][gc,heap     ] GC(609) Eden regions: 448->0(457)
[355.046s][info][gc,heap     ] GC(609) Survivor regions: 12->3(58)
[355.046s][info][gc,heap     ] GC(609) Old regions: 41->51
[355.046s][info][gc,heap     ] GC(609) Humongous regions: 207->207
[355.046s][info][gc,metaspace] GC(609) Metaspace: 57330K(57664K)->57330K(57664K) NonClass: 49041K(49280K)->49041K(49280K) Class: 8288K(8384K)->8288K(8384K)
[355.046s][info][gc          ] GC(609) Pause Young (Prepare Mixed) (G1 Evacuation Pause) 706M->259M(768M) 7.017ms
[355.046s][info][gc,cpu      ] GC(609) User=0.01s Sys=0.00s Real=0.01s
[356.246s][info][gc,start    ] GC(610) Pause Young (Mixed) (G1 Evacuation Pause)
[356.246s][info][gc,task     ] GC(610) Using 2 workers of 2 for evacuation
[356.250s][info][gc,phases   ] GC(610)   Pre Evacuate Collection Set: 0.30ms
[356.250s][info][gc,phases   ] GC(610)   Merge Heap Roots: 0.17ms
[356.250s][info][gc,phases   ] GC(610)   Evacuate Collection Set: 2.61ms
[356.250s][info][gc,phases   ] GC(610)   Post Evacuate Collection Set: 0.77ms
[356.250s][info][gc,phases   ] GC(610)   Other: 0.09ms
[356.250s][info][gc,heap     ] GC(610) Eden regions: 457->0(459)
[356.250s][info][gc,heap     ] GC(610) Survivor regions: 3->1(58)
[356.250s][info][gc,heap     ] GC(610) Old regions: 51->49
[356.250s][info][gc,heap     ] GC(610) Humongous regions: 207->207
[356.250s][info][gc,metaspace] GC(610) Metaspace: 57330K(57664K)->57330K(57664K) NonClass: 49041K(49280K)->49041K(49280K) Class: 8288K(8384K)->8288K(8384K)
[356.250s][info][gc          ] GC(610) Pause Young (Mixed) (G1 Evacuation Pause) 716M->256M(768M) 4.117ms
[356.250s][info][gc,cpu      ] GC(610) User=0.01s Sys=0.00s Real=0.00s
[357.491s][info][gc,start    ] GC(611) Pause Young (Concurrent Start) (G1 Evacuation Pause)
[357.491s][info][gc,task     ] GC(611) Using 2 workers of 2 for evacuation
[357.495s][info][gc,phases   ] GC(611)   Pre Evacuate Collection Set: 0.32ms
[357.495s][info][gc,phases   ] GC(611)   Merge Heap Roots: 0.15ms
[357.495s][info][gc,phases   ] GC(611)   Evacuate Collection Set: 2.32ms
[357.495s][info][gc,phases   ] GC(611)   Post Evacuate Collection Set: 0.74ms
[357.495s][info][gc,phases   ] GC(611)   Other: 0.12ms
[357.495s][info][gc,heap     ] GC(611) Eden regions: 459->0(459)
[357.495s][info][gc,heap     ] GC(611) Survivor regions: 1->1(58)
[357.495s][info][gc,heap     ] GC(611) Old regions: 49->49
[357.495s][info][gc,heap     ] GC(611) Humongous regions: 207->207
[357.495s][info][gc,metaspace] GC(611) Metaspace: 57330K(57664K)->57330K(57664K) NonClass: 49041K(49280K)->49041K(49280K) Class: 8288K(8384K)->8288K(8384K)
[357.495s][info][gc          ] GC(611) Pause Young (Concurrent Start) (G1 Evacuation Pause) 715M->255M(768M) 3.880ms
[357.495s][info][gc,cpu      ] GC(611) User=0.01s Sys=0.00s Real=0.01s
[357.495s][info][gc          ] GC(612) Concurrent Mark Cycle
[357.496s][info][gc,marking  ] GC(612) Concurrent Scan Root Regions
[357.498s][info][gc,marking  ] GC(612) Concurrent Scan Root Regions 1.505ms
[357.498s][info][gc,marking  ] GC(612) Concurrent Mark
[357.498s][info][gc,marking  ] GC(612) Concurrent Mark From Roots
[357.498s][info][gc,task     ] GC(612) Using 1 workers of 1 for marking
[357.545s][info][gc,marking  ] GC(612) Concurrent Mark From Roots 47.385ms
[357.545s][info][gc,marking  ] GC(612) Concurrent Preclean
[357.545s][info][gc,marking  ] GC(612) Concurrent Preclean 0.071ms
[357.546s][info][gc,start    ] GC(612) Pause Remark
[357.556s][info][gc          ] GC(612) Pause Remark 280M->280M(768M) 10.132ms
[357.556s][info][gc,cpu      ] GC(612) User=0.02s Sys=0.00s Real=0.01s
[357.556s][info][gc,marking  ] GC(612) Concurrent Mark 58.543ms
[357.556s][info][gc,marking  ] GC(612) Concurrent Rebuild Remembered Sets and Scrub Regions
[357.582s][info][gc,marking  ] GC(612) Concurrent Rebuild Remembered Sets and Scrub Regions 25.147ms
[357.582s][info][gc,start    ] GC(612) Pause Cleanup
[357.582s][info][gc          ] GC(612) Pause Cleanup 290M->290M(768M) 0.099ms
[357.582s][info][gc,cpu      ] GC(612) User=0.00s Sys=0.00s Real=0.00s
[357.582s][info][gc,marking  ] GC(612) Concurrent Clear Claimed Marks
[357.582s][info][gc,marking  ] GC(612) Concurrent Clear Claimed Marks 0.117ms
[357.582s][info][gc,marking  ] GC(612) Concurrent Cleanup for Next Mark
[357.585s][info][gc,marking  ] GC(612) Concurrent Cleanup for Next Mark 2.615ms
[357.585s][info][gc          ] GC(612) Concurrent Mark Cycle 89.754ms
[358.714s][info][gc,start    ] GC(613) Pause Young (Prepare Mixed) (G1 Evacuation Pause)
[358.715s][info][gc,task     ] GC(613) Using 2 workers of 2 for evacuation
[358.721s][info][gc,phases   ] GC(613)   Pre Evacuate Collection Set: 0.29ms
[358.721s][info][gc,phases   ] GC(613)   Merge Heap Roots: 0.15ms
[358.721s][info][gc,phases   ] GC(613)   Evacuate Collection Set: 4.71ms
[358.721s][info][gc,phases   ] GC(613)   Post Evacuate Collection Set: 0.75ms
[358.721s][info][gc,phases   ] GC(613)   Other: 0.12ms
[358.721s][info][gc,heap     ] GC(613) Eden regions: 459->0(457)
[358.721s][info][gc,heap     ] GC(613) Survivor regions: 1->3(58)
[358.721s][info][gc,heap     ] GC(613) Old regions: 49->49
[358.721s][info][gc,heap     ] GC(613) Humongous regions: 207->207
[358.721s][info][gc,metaspace] GC(613) Metaspace: 57330K(57664K)->57330K(57664K) NonClass: 49041K(49280K)->49041K(49280K) Class: 8288K(8384K)->8288K(8384K)
[358.721s][info][gc          ] GC(613) Pause Young (Prepare Mixed) (G1 Evacuation Pause) 714M->257M(768M) 6.235ms
[358.721s][info][gc,cpu      ] GC(613) User=0.01s Sys=0.00s Real=0.00s
[360.034s][info][gc,start    ] GC(614) Pause Young (Mixed) (G1 Evacuation Pause)
[360.034s][info][gc,task     ] GC(614) Using 2 workers of 2 for evacuation
[360.042s][info][gc,phases   ] GC(614)   Pre Evacuate Collection Set: 0.34ms
[360.042s][info][gc,phases   ] GC(614)   Merge Heap Roots: 0.15ms
[360.042s][info][gc,phases   ] GC(614)   Evacuate Collection Set: 6.72ms
[360.042s][info][gc,phases   ] GC(614)   Post Evacuate Collection Set: 0.76ms
[360.042s][info][gc,phases   ] GC(614)   Other: 0.11ms
[360.042s][info][gc,heap     ] GC(614) Eden regions: 457->0(456)
[360.042s][info][gc,heap     ] GC(614) Survivor regions: 3->4(58)
[360.042s][info][gc,heap     ] GC(614) Old regions: 49->47
[360.042s][info][gc,heap     ] GC(614) Humongous regions: 207->207
[360.042s][info][gc,metaspace] GC(614) Metaspace: 57330K(57664K)->57330K(57664K) NonClass: 49041K(49280K)->49041K(49280K) Class: 8288K(8384K)->8288K(8384K)
[360.042s][info][gc          ] GC(614) Pause Young (Mixed) (G1 Evacuation Pause) 714M->257M(768M) 8.290ms
[360.042s][info][gc,cpu      ] GC(614) User=0.02s Sys=0.00s Real=0.01s
[361.203s][info][gc,start    ] GC(615) Pause Young (Concurrent Start) (G1 Evacuation Pause)
[361.203s][info][gc,task     ] GC(615) Using 2 workers of 2 for evacuation
[361.207s][info][gc,phases   ] GC(615)   Pre Evacuate Collection Set: 0.34ms
[361.208s][info][gc,phases   ] GC(615)   Merge Heap Roots: 0.15ms
[361.208s][info][gc,phases   ] GC(615)   Evacuate Collection Set: 3.56ms
[361.208s][info][gc,phases   ] GC(615)   Post Evacuate Collection Set: 0.76ms
[361.208s][info][gc,phases   ] GC(615)   Other: 0.11ms
[361.208s][info][gc,heap     ] GC(615) Eden regions: 456->0(458)
[361.208s][info][gc,heap     ] GC(615) Survivor regions: 4->2(58)
[361.208s][info][gc,heap     ] GC(615) Old regions: 47->47
[361.208s][info][gc,heap     ] GC(615) Humongous regions: 207->207
[361.208s][info][gc,metaspace] GC(615) Metaspace: 57330K(57664K)->57330K(57664K) NonClass: 49041K(49280K)->49041K(49280K) Class: 8288K(8384K)->8288K(8384K)
[361.208s][info][gc          ] GC(615) Pause Young (Concurrent Start) (G1 Evacuation Pause) 713M->254M(768M) 5.088ms
[361.208s][info][gc          ] GC(616) Concurrent Mark Cycle
[361.208s][info][gc,marking  ] GC(616) Concurrent Scan Root Regions
[361.210s][info][gc,cpu      ] GC(615) User=0.02s Sys=0.00s Real=0.00s
[361.211s][info][gc,marking  ] GC(616) Concurrent Scan Root Regions 2.939ms
[361.211s][info][gc,marking  ] GC(616) Concurrent Mark
[361.211s][info][gc,marking  ] GC(616) Concurrent Mark From Roots
[361.211s][info][gc,task     ] GC(616) Using 1 workers of 1 for marking
[361.267s][info][gc,marking  ] GC(616) Concurrent Mark From Roots 56.527ms
[361.267s][info][gc,marking  ] GC(616) Concurrent Preclean
[361.267s][info][gc,marking  ] GC(616) Concurrent Preclean 0.073ms
[361.268s][info][gc,start    ] GC(616) Pause Remark
[361.278s][info][gc          ] GC(616) Pause Remark 282M->282M(768M) 10.186ms
[361.278s][info][gc,cpu      ] GC(616) User=0.02s Sys=0.00s Real=0.01s
[361.278s][info][gc,marking  ] GC(616) Concurrent Mark 67.789ms
[361.278s][info][gc,marking  ] GC(616) Concurrent Rebuild Remembered Sets and Scrub Regions
[361.297s][info][gc,marking  ] GC(616) Concurrent Rebuild Remembered Sets and Scrub Regions 18.536ms
[361.297s][info][gc,start    ] GC(616) Pause Cleanup
[361.297s][info][gc          ] GC(616) Pause Cleanup 286M->286M(768M) 0.091ms
[361.297s][info][gc,cpu      ] GC(616) User=0.00s Sys=0.00s Real=0.00s
[361.297s][info][gc,marking  ] GC(616) Concurrent Clear Claimed Marks
[361.297s][info][gc,marking  ] GC(616) Concurrent Clear Claimed Marks 0.090ms
[361.297s][info][gc,marking  ] GC(616) Concurrent Cleanup for Next Mark
[361.300s][info][gc,marking  ] GC(616) Concurrent Cleanup for Next Mark 2.351ms
[361.300s][info][gc          ] GC(616) Concurrent Mark Cycle 92.099ms
[362.408s][info][gc,start    ] GC(617) Pause Young (Prepare Mixed) (G1 Evacuation Pause)
[362.408s][info][gc,task     ] GC(617) Using 2 workers of 2 for evacuation
[362.413s][info][gc,phases   ] GC(617)   Pre Evacuate Collection Set: 0.33ms
[362.413s][info][gc,phases   ] GC(617)   Merge Heap Roots: 0.16ms
[362.413s][info][gc,phases   ] GC(617)   Evacuate Collection Set: 3.75ms
[362.413s][info][gc,phases   ] GC(617)   Post Evacuate Collection Set: 0.77ms
[362.413s][info][gc,phases   ] GC(617)   Other: 0.10ms
[362.413s][info][gc,heap     ] GC(617) Eden regions: 458->0(457)
[362.413s][info][gc,heap     ] GC(617) Survivor regions: 2->3(58)
[362.413s][info][gc,heap     ] GC(617) Old regions: 47->47
[362.413s][info][gc,heap     ] GC(617) Humongous regions: 207->207
[362.413s][info][gc,metaspace] GC(617) Metaspace: 57330K(57664K)->57330K(57664K) NonClass: 49041K(49280K)->49041K(49280K) Class: 8288K(8384K)->8288K(8384K)
[362.413s][info][gc          ] GC(617) Pause Young (Prepare Mixed) (G1 Evacuation Pause) 712M->255M(768M) 5.302ms
[362.413s][info][gc,cpu      ] GC(617) User=0.01s Sys=0.00s Real=0.01s
[363.611s][info][gc,start    ] GC(618) Pause Young (Mixed) (G1 Evacuation Pause)
[363.611s][info][gc,task     ] GC(618) Using 2 workers of 2 for evacuation
[363.619s][info][gc,phases   ] GC(618)   Pre Evacuate Collection Set: 0.31ms
[363.619s][info][gc,phases   ] GC(618)   Merge Heap Roots: 0.20ms
[363.619s][info][gc,phases   ] GC(618)   Evacuate Collection Set: 5.72ms
[363.619s][info][gc,phases   ] GC(618)   Post Evacuate Collection Set: 0.86ms
[363.619s][info][gc,phases   ] GC(618)   Other: 0.10ms
[363.619s][info][gc,heap     ] GC(618) Eden regions: 457->0(457)
[363.619s][info][gc,heap     ] GC(618) Survivor regions: 3->3(58)
[363.619s][info][gc,heap     ] GC(618) Old regions: 47->46
[363.619s][info][gc,heap     ] GC(618) Humongous regions: 207->207
[363.619s][info][gc,metaspace] GC(618) Metaspace: 57330K(57664K)->57330K(57664K) NonClass: 49041K(49280K)->49041K(49280K) Class: 8288K(8384K)->8288K(8384K)
[363.619s][info][gc          ] GC(618) Pause Young (Mixed) (G1 Evacuation Pause) 712M->254M(768M) 7.490ms
[363.619s][info][gc,cpu      ] GC(618) User=0.01s Sys=0.00s Real=0.01s
[364.811s][info][gc,start    ] GC(619) Pause Young (Concurrent Start) (G1 Evacuation Pause)
[364.811s][info][gc,task     ] GC(619) Using 2 workers of 2 for evacuation
[364.816s][info][gc,phases   ] GC(619)   Pre Evacuate Collection Set: 0.33ms
[364.816s][info][gc,phases   ] GC(619)   Merge Heap Roots: 0.14ms
[364.816s][info][gc,phases   ] GC(619)   Evacuate Collection Set: 3.35ms
[364.816s][info][gc,phases   ] GC(619)   Post Evacuate Collection Set: 0.76ms
[364.816s][info][gc,phases   ] GC(619)   Other: 0.13ms
[364.816s][info][gc,heap     ] GC(619) Eden regions: 457->0(458)
[364.816s][info][gc,heap     ] GC(619) Survivor regions: 3->2(58)
[364.816s][info][gc,heap     ] GC(619) Old regions: 46->46
[364.816s][info][gc,heap     ] GC(619) Humongous regions: 207->207
[364.816s][info][gc,metaspace] GC(619) Metaspace: 57330K(57664K)->57330K(57664K) NonClass: 49041K(49280K)->49041K(49280K) Class: 8288K(8384K)->8288K(8384K)
[364.816s][info][gc          ] GC(619) Pause Young (Concurrent Start) (G1 Evacuation Pause) 711M->253M(768M) 4.898ms
[364.816s][info][gc,cpu      ] GC(619) User=0.01s Sys=0.00s Real=0.01s
[364.816s][info][gc          ] GC(620) Concurrent Mark Cycle
[364.816s][info][gc,marking  ] GC(620) Concurrent Scan Root Regions
[364.818s][info][gc,marking  ] GC(620) Concurrent Scan Root Regions 2.273ms
[364.818s][info][gc,marking  ] GC(620) Concurrent Mark
[364.818s][info][gc,marking  ] GC(620) Concurrent Mark From Roots
[364.818s][info][gc,task     ] GC(620) Using 1 workers of 1 for marking
[364.879s][info][gc,marking  ] GC(620) Concurrent Mark From Roots 60.955ms
[364.879s][info][gc,marking  ] GC(620) Concurrent Preclean
[364.879s][info][gc,marking  ] GC(620) Concurrent Preclean 0.068ms
[364.879s][info][gc,start    ] GC(620) Pause Remark
[364.890s][info][gc          ] GC(620) Pause Remark 274M->274M(768M) 10.356ms
[364.890s][info][gc,cpu      ] GC(620) User=0.02s Sys=0.01s Real=0.01s
[364.890s][info][gc,marking  ] GC(620) Concurrent Mark 71.787ms
[364.890s][info][gc,marking  ] GC(620) Concurrent Rebuild Remembered Sets and Scrub Regions
[364.927s][info][gc,marking  ] GC(620) Concurrent Rebuild Remembered Sets and Scrub Regions 36.486ms
[364.927s][info][gc,start    ] GC(620) Pause Cleanup
[364.927s][info][gc          ] GC(620) Pause Cleanup 297M->297M(768M) 0.106ms
[364.927s][info][gc,cpu      ] GC(620) User=0.00s Sys=0.00s Real=0.00s
[364.928s][info][gc,marking  ] GC(620) Concurrent Clear Claimed Marks
[364.928s][info][gc,marking  ] GC(620) Concurrent Clear Claimed Marks 0.110ms
[364.928s][info][gc,marking  ] GC(620) Concurrent Cleanup for Next Mark
[364.935s][info][gc,marking  ] GC(620) Concurrent Cleanup for Next Mark 6.778ms
[364.935s][info][gc          ] GC(620) Concurrent Mark Cycle 118.762ms
[366.014s][info][gc,start    ] GC(621) Pause Young (Prepare Mixed) (G1 Evacuation Pause)
[366.014s][info][gc,task     ] GC(621) Using 2 workers of 2 for evacuation
[366.020s][info][gc,phases   ] GC(621)   Pre Evacuate Collection Set: 0.29ms
[366.020s][info][gc,phases   ] GC(621)   Merge Heap Roots: 0.16ms
[366.020s][info][gc,phases   ] GC(621)   Evacuate Collection Set: 3.80ms
[366.020s][info][gc,phases   ] GC(621)   Post Evacuate Collection Set: 0.74ms
[366.020s][info][gc,phases   ] GC(621)   Other: 0.10ms
[366.020s][info][gc,heap     ] GC(621) Eden regions: 458->0(457)
[366.020s][info][gc,heap     ] GC(621) Survivor regions: 2->3(58)
[366.020s][info][gc,heap     ] GC(621) Old regions: 46->46
[366.020s][info][gc,heap     ] GC(621) Humongous regions: 207->207
[366.020s][info][gc,metaspace] GC(621) Metaspace: 57332K(57664K)->57332K(57664K) NonClass: 49043K(49280K)->49043K(49280K) Class: 8288K(8384K)->8288K(8384K)
[366.020s][info][gc          ] GC(621) Pause Young (Prepare Mixed) (G1 Evacuation Pause) 711M->254M(768M) 5.282ms
[366.020s][info][gc,cpu      ] GC(621) User=0.01s Sys=0.00s Real=0.00s
[367.218s][info][gc,start    ] GC(622) Pause Young (Mixed) (G1 Evacuation Pause)
[367.218s][info][gc,task     ] GC(622) Using 2 workers of 2 for evacuation
[367.225s][info][gc,phases   ] GC(622)   Pre Evacuate Collection Set: 0.32ms
[367.225s][info][gc,phases   ] GC(622)   Merge Heap Roots: 0.14ms
[367.225s][info][gc,phases   ] GC(622)   Evacuate Collection Set: 5.85ms
[367.225s][info][gc,phases   ] GC(622)   Post Evacuate Collection Set: 0.81ms
[367.225s][info][gc,phases   ] GC(622)   Other: 0.09ms
[367.225s][info][gc,heap     ] GC(622) Eden regions: 457->0(458)
[367.225s][info][gc,heap     ] GC(622) Survivor regions: 3->2(58)
[367.225s][info][gc,heap     ] GC(622) Old regions: 46->45
[367.225s][info][gc,heap     ] GC(622) Humongous regions: 207->207
[367.225s][info][gc,metaspace] GC(622) Metaspace: 57332K(57664K)->57332K(57664K) NonClass: 49043K(49280K)->49043K(49280K) Class: 8288K(8384K)->8288K(8384K)
[367.225s][info][gc          ] GC(622) Pause Young (Mixed) (G1 Evacuation Pause) 711M->253M(768M) 7.405ms
[367.225s][info][gc,cpu      ] GC(622) User=0.01s Sys=0.00s Real=0.01s
[368.419s][info][gc,start    ] GC(623) Pause Young (Concurrent Start) (G1 Evacuation Pause)
[368.419s][info][gc,task     ] GC(623) Using 2 workers of 2 for evacuation
[368.432s][info][gc,phases   ] GC(623)   Pre Evacuate Collection Set: 0.40ms
[368.432s][info][gc,phases   ] GC(623)   Merge Heap Roots: 0.24ms
[368.432s][info][gc,phases   ] GC(623)   Evacuate Collection Set: 10.44ms
[368.432s][info][gc,phases   ] GC(623)   Post Evacuate Collection Set: 1.40ms
[368.432s][info][gc,phases   ] GC(623)   Other: 0.14ms
[368.432s][info][gc,heap     ] GC(623) Eden regions: 458->0(457)
[368.432s][info][gc,heap     ] GC(623) Survivor regions: 2->3(58)
[368.432s][info][gc,heap     ] GC(623) Old regions: 45->45
[368.432s][info][gc,heap     ] GC(623) Humongous regions: 207->207
[368.432s][info][gc,metaspace] GC(623) Metaspace: 57332K(57664K)->57332K(57664K) NonClass: 49043K(49280K)->49043K(49280K) Class: 8288K(8384K)->8288K(8384K)
[368.432s][info][gc          ] GC(623) Pause Young (Concurrent Start) (G1 Evacuation Pause) 711M->254M(768M) 12.873ms
[368.432s][info][gc,cpu      ] GC(623) User=0.01s Sys=0.00s Real=0.01s
[368.433s][info][gc          ] GC(624) Concurrent Mark Cycle
[368.433s][info][gc,marking  ] GC(624) Concurrent Scan Root Regions
[368.441s][info][gc,marking  ] GC(624) Concurrent Scan Root Regions 8.717ms
[368.441s][info][gc,marking  ] GC(624) Concurrent Mark
[368.441s][info][gc,marking  ] GC(624) Concurrent Mark From Roots
[368.441s][info][gc,task     ] GC(624) Using 1 workers of 1 for marking
[368.487s][info][gc,marking  ] GC(624) Concurrent Mark From Roots 45.261ms
[368.487s][info][gc,marking  ] GC(624) Concurrent Preclean
[368.487s][info][gc,marking  ] GC(624) Concurrent Preclean 0.075ms
[368.487s][info][gc,start    ] GC(624) Pause Remark
[368.498s][info][gc          ] GC(624) Pause Remark 271M->271M(768M) 10.782ms
[368.498s][info][gc,cpu      ] GC(624) User=0.02s Sys=0.00s Real=0.01s
[368.499s][info][gc,marking  ] GC(624) Concurrent Mark 57.952ms
[368.499s][info][gc,marking  ] GC(624) Concurrent Rebuild Remembered Sets and Scrub Regions
[368.525s][info][gc,marking  ] GC(624) Concurrent Rebuild Remembered Sets and Scrub Regions 25.641ms
[368.525s][info][gc,start    ] GC(624) Pause Cleanup
[368.525s][info][gc          ] GC(624) Pause Cleanup 284M->284M(768M) 0.096ms
[368.525s][info][gc,cpu      ] GC(624) User=0.00s Sys=0.00s Real=0.00s
[368.525s][info][gc,marking  ] GC(624) Concurrent Clear Claimed Marks
[368.525s][info][gc,marking  ] GC(624) Concurrent Clear Claimed Marks 0.090ms
[368.525s][info][gc,marking  ] GC(624) Concurrent Cleanup for Next Mark
[368.528s][info][gc,marking  ] GC(624) Concurrent Cleanup for Next Mark 2.324ms
[368.528s][info][gc          ] GC(624) Concurrent Mark Cycle 95.206ms
[369.638s][info][gc,start    ] GC(625) Pause Young (Prepare Mixed) (G1 Evacuation Pause)
[369.638s][info][gc,task     ] GC(625) Using 2 workers of 2 for evacuation
[369.645s][info][gc,phases   ] GC(625)   Pre Evacuate Collection Set: 0.40ms
[369.645s][info][gc,phases   ] GC(625)   Merge Heap Roots: 0.22ms
[369.645s][info][gc,phases   ] GC(625)   Evacuate Collection Set: 6.10ms
[369.645s][info][gc,phases   ] GC(625)   Post Evacuate Collection Set: 0.92ms
[369.645s][info][gc,phases   ] GC(625)   Other: 0.11ms
[369.646s][info][gc,heap     ] GC(625) Eden regions: 457->0(457)
[369.646s][info][gc,heap     ] GC(625) Survivor regions: 3->3(58)
[369.646s][info][gc,heap     ] GC(625) Old regions: 45->45
[369.646s][info][gc,heap     ] GC(625) Humongous regions: 207->207
[369.646s][info][gc,metaspace] GC(625) Metaspace: 57332K(57664K)->57332K(57664K) NonClass: 49043K(49280K)->49043K(49280K) Class: 8288K(8384K)->8288K(8384K)
[369.646s][info][gc          ] GC(625) Pause Young (Prepare Mixed) (G1 Evacuation Pause) 711M->254M(768M) 8.019ms
[369.646s][info][gc,cpu      ] GC(625) User=0.02s Sys=0.00s Real=0.01s
[370.937s][info][gc,start    ] GC(626) Pause Young (Mixed) (G1 Evacuation Pause)
[370.937s][info][gc,task     ] GC(626) Using 2 workers of 2 for evacuation
[370.946s][info][gc,phases   ] GC(626)   Pre Evacuate Collection Set: 0.28ms
[370.947s][info][gc,phases   ] GC(626)   Merge Heap Roots: 0.16ms
[370.947s][info][gc,phases   ] GC(626)   Evacuate Collection Set: 7.95ms
[370.947s][info][gc,phases   ] GC(626)   Post Evacuate Collection Set: 0.73ms
[370.947s][info][gc,phases   ] GC(626)   Other: 0.10ms
[370.947s][info][gc,heap     ] GC(626) Eden regions: 457->0(455)
[370.947s][info][gc,heap     ] GC(626) Survivor regions: 3->5(58)
[370.947s][info][gc,heap     ] GC(626) Old regions: 45->45
[370.947s][info][gc,heap     ] GC(626) Humongous regions: 207->207
[370.947s][info][gc,metaspace] GC(626) Metaspace: 57332K(57664K)->57332K(57664K) NonClass: 49043K(49280K)->49043K(49280K) Class: 8288K(8384K)->8288K(8384K)
[370.947s][info][gc          ] GC(626) Pause Young (Mixed) (G1 Evacuation Pause) 711M->255M(768M) 9.399ms
[370.947s][info][gc,cpu      ] GC(626) User=0.02s Sys=0.01s Real=0.01s
[372.028s][info][gc,start    ] GC(627) Pause Young (Concurrent Start) (G1 Evacuation Pause)
[372.028s][info][gc,task     ] GC(627) Using 2 workers of 2 for evacuation
[372.034s][info][gc,phases   ] GC(627)   Pre Evacuate Collection Set: 0.33ms
[372.034s][info][gc,phases   ] GC(627)   Merge Heap Roots: 0.14ms
[372.034s][info][gc,phases   ] GC(627)   Evacuate Collection Set: 5.09ms
[372.034s][info][gc,phases   ] GC(627)   Post Evacuate Collection Set: 0.76ms
[372.034s][info][gc,phases   ] GC(627)   Other: 0.12ms
[372.034s][info][gc,heap     ] GC(627) Eden regions: 455->0(457)
[372.034s][info][gc,heap     ] GC(627) Survivor regions: 5->3(58)
[372.034s][info][gc,heap     ] GC(627) Old regions: 45->45
[372.034s][info][gc,heap     ] GC(627) Humongous regions: 207->207
[372.034s][info][gc,metaspace] GC(627) Metaspace: 57332K(57664K)->57332K(57664K) NonClass: 49043K(49280K)->49043K(49280K) Class: 8288K(8384K)->8288K(8384K)
[372.034s][info][gc          ] GC(627) Pause Young (Concurrent Start) (G1 Evacuation Pause) 710M->253M(768M) 6.617ms
[372.035s][info][gc,cpu      ] GC(627) User=0.01s Sys=0.00s Real=0.01s
[372.035s][info][gc          ] GC(628) Concurrent Mark Cycle
[372.035s][info][gc,marking  ] GC(628) Concurrent Scan Root Regions
[372.039s][info][gc,marking  ] GC(628) Concurrent Scan Root Regions 4.707ms
[372.039s][info][gc,marking  ] GC(628) Concurrent Mark
[372.039s][info][gc,marking  ] GC(628) Concurrent Mark From Roots
[372.039s][info][gc,task     ] GC(628) Using 1 workers of 1 for marking
[372.090s][info][gc,marking  ] GC(628) Concurrent Mark From Roots 50.615ms
[372.090s][info][gc,marking  ] GC(628) Concurrent Preclean
[372.090s][info][gc,marking  ] GC(628) Concurrent Preclean 0.097ms
[372.090s][info][gc,start    ] GC(628) Pause Remark
[372.100s][info][gc          ] GC(628) Pause Remark 265M->265M(768M) 10.099ms
[372.100s][info][gc,cpu      ] GC(628) User=0.02s Sys=0.00s Real=0.01s
[372.101s][info][gc,marking  ] GC(628) Concurrent Mark 61.609ms
[372.101s][info][gc,marking  ] GC(628) Concurrent Rebuild Remembered Sets and Scrub Regions
[372.120s][info][gc,marking  ] GC(628) Concurrent Rebuild Remembered Sets and Scrub Regions 18.523ms
[372.120s][info][gc,start    ] GC(628) Pause Cleanup
[372.120s][info][gc          ] GC(628) Pause Cleanup 274M->274M(768M) 0.075ms
[372.120s][info][gc,cpu      ] GC(628) User=0.00s Sys=0.00s Real=0.00s
[372.120s][info][gc,marking  ] GC(628) Concurrent Clear Claimed Marks
[372.120s][info][gc,marking  ] GC(628) Concurrent Clear Claimed Marks 0.092ms
[372.120s][info][gc,marking  ] GC(628) Concurrent Cleanup for Next Mark
[372.123s][info][gc,marking  ] GC(628) Concurrent Cleanup for Next Mark 2.586ms
[372.123s][info][gc          ] GC(628) Concurrent Mark Cycle 87.958ms
[373.231s][info][gc,start    ] GC(629) Pause Young (Prepare Mixed) (G1 Evacuation Pause)
[373.231s][info][gc,task     ] GC(629) Using 2 workers of 2 for evacuation
[373.239s][info][gc,phases   ] GC(629)   Pre Evacuate Collection Set: 0.45ms
[373.239s][info][gc,phases   ] GC(629)   Merge Heap Roots: 0.18ms
[373.239s][info][gc,phases   ] GC(629)   Evacuate Collection Set: 6.27ms
[373.239s][info][gc,phases   ] GC(629)   Post Evacuate Collection Set: 0.78ms
[373.239s][info][gc,phases   ] GC(629)   Other: 0.10ms
[373.239s][info][gc,heap     ] GC(629) Eden regions: 457->0(457)
[373.239s][info][gc,heap     ] GC(629) Survivor regions: 3->3(58)
[373.239s][info][gc,heap     ] GC(629) Old regions: 45->45
[373.239s][info][gc,heap     ] GC(629) Humongous regions: 207->207
[373.239s][info][gc,metaspace] GC(629) Metaspace: 57334K(57664K)->57334K(57664K) NonClass: 49045K(49280K)->49045K(49280K) Class: 8288K(8384K)->8288K(8384K)
[373.239s][info][gc          ] GC(629) Pause Young (Prepare Mixed) (G1 Evacuation Pause) 710M->253M(768M) 7.977ms
[373.239s][info][gc,cpu      ] GC(629) User=0.01s Sys=0.00s Real=0.01s
[374.447s][info][gc,start    ] GC(630) Pause Young (Mixed) (G1 Evacuation Pause)
[374.447s][info][gc,task     ] GC(630) Using 2 workers of 2 for evacuation
[374.456s][info][gc,phases   ] GC(630)   Pre Evacuate Collection Set: 0.31ms
[374.456s][info][gc,phases   ] GC(630)   Merge Heap Roots: 0.17ms
[374.456s][info][gc,phases   ] GC(630)   Evacuate Collection Set: 6.93ms
[374.456s][info][gc,phases   ] GC(630)   Post Evacuate Collection Set: 1.35ms
[374.456s][info][gc,phases   ] GC(630)   Other: 0.10ms
[374.456s][info][gc,heap     ] GC(630) Eden regions: 457->0(458)
[374.456s][info][gc,heap     ] GC(630) Survivor regions: 3->2(58)
[374.456s][info][gc,heap     ] GC(630) Old regions: 45->44
[374.456s][info][gc,heap     ] GC(630) Humongous regions: 207->207
[374.456s][info][gc,metaspace] GC(630) Metaspace: 57334K(57664K)->57334K(57664K) NonClass: 49045K(49280K)->49045K(49280K) Class: 8288K(8384K)->8288K(8384K)
[374.456s][info][gc          ] GC(630) Pause Young (Mixed) (G1 Evacuation Pause) 710M->252M(768M) 9.142ms
[374.456s][info][gc,cpu      ] GC(630) User=0.01s Sys=0.00s Real=0.01s
[375.692s][info][gc,start    ] GC(631) Pause Young (Concurrent Start) (G1 Evacuation Pause)
[375.692s][info][gc,task     ] GC(631) Using 2 workers of 2 for evacuation
[375.697s][info][gc,phases   ] GC(631)   Pre Evacuate Collection Set: 0.38ms
[375.697s][info][gc,phases   ] GC(631)   Merge Heap Roots: 0.15ms
[375.697s][info][gc,phases   ] GC(631)   Evacuate Collection Set: 3.11ms
[375.697s][info][gc,phases   ] GC(631)   Post Evacuate Collection Set: 0.80ms
[375.697s][info][gc,phases   ] GC(631)   Other: 0.19ms
[375.697s][info][gc,heap     ] GC(631) Eden regions: 458->0(459)
[375.697s][info][gc,heap     ] GC(631) Survivor regions: 2->1(58)
[375.697s][info][gc,heap     ] GC(631) Old regions: 44->45
[375.697s][info][gc,heap     ] GC(631) Humongous regions: 207->207
[375.697s][info][gc,metaspace] GC(631) Metaspace: 57334K(57664K)->57334K(57664K) NonClass: 49045K(49280K)->49045K(49280K) Class: 8288K(8384K)->8288K(8384K)
[375.697s][info][gc          ] GC(631) Pause Young (Concurrent Start) (G1 Evacuation Pause) 710M->251M(768M) 4.885ms
[375.697s][info][gc          ] GC(632) Concurrent Mark Cycle
[375.697s][info][gc,marking  ] GC(632) Concurrent Scan Root Regions
[375.698s][info][gc,cpu      ] GC(631) User=0.01s Sys=0.00s Real=0.00s
[375.699s][info][gc,marking  ] GC(632) Concurrent Scan Root Regions 1.709ms
[375.699s][info][gc,marking  ] GC(632) Concurrent Mark
[375.699s][info][gc,marking  ] GC(632) Concurrent Mark From Roots
[375.699s][info][gc,task     ] GC(632) Using 1 workers of 1 for marking
[375.773s][info][gc,marking  ] GC(632) Concurrent Mark From Roots 74.190ms
[375.773s][info][gc,marking  ] GC(632) Concurrent Preclean
[375.773s][info][gc,marking  ] GC(632) Concurrent Preclean 0.067ms
[375.774s][info][gc,start    ] GC(632) Pause Remark
[375.784s][info][gc          ] GC(632) Pause Remark 288M->288M(768M) 10.143ms
[375.784s][info][gc,cpu      ] GC(632) User=0.02s Sys=0.00s Real=0.01s
[375.784s][info][gc,marking  ] GC(632) Concurrent Mark 84.697ms
[375.784s][info][gc,marking  ] GC(632) Concurrent Rebuild Remembered Sets and Scrub Regions
[375.810s][info][gc,marking  ] GC(632) Concurrent Rebuild Remembered Sets and Scrub Regions 26.651ms
[375.811s][info][gc,start    ] GC(632) Pause Cleanup
[375.811s][info][gc          ] GC(632) Pause Cleanup 302M->302M(768M) 0.089ms
[375.811s][info][gc,cpu      ] GC(632) User=0.00s Sys=0.00s Real=0.00s
[375.811s][info][gc,marking  ] GC(632) Concurrent Clear Claimed Marks
[375.811s][info][gc,marking  ] GC(632) Concurrent Clear Claimed Marks 0.101ms
[375.811s][info][gc,marking  ] GC(632) Concurrent Cleanup for Next Mark
[375.817s][info][gc,marking  ] GC(632) Concurrent Cleanup for Next Mark 6.134ms
[375.817s][info][gc          ] GC(632) Concurrent Mark Cycle 119.866ms
[376.900s][info][gc,start    ] GC(633) Pause Young (Prepare Mixed) (G1 Evacuation Pause)
[376.900s][info][gc,task     ] GC(633) Using 2 workers of 2 for evacuation
[376.905s][info][gc,phases   ] GC(633)   Pre Evacuate Collection Set: 0.31ms
[376.905s][info][gc,phases   ] GC(633)   Merge Heap Roots: 0.16ms
[376.905s][info][gc,phases   ] GC(633)   Evacuate Collection Set: 3.31ms
[376.905s][info][gc,phases   ] GC(633)   Post Evacuate Collection Set: 0.78ms
[376.905s][info][gc,phases   ] GC(633)   Other: 0.10ms
[376.905s][info][gc,heap     ] GC(633) Eden regions: 459->0(458)
[376.905s][info][gc,heap     ] GC(633) Survivor regions: 1->2(58)
[376.905s][info][gc,heap     ] GC(633) Old regions: 45->45
[376.905s][info][gc,heap     ] GC(633) Humongous regions: 207->207
[376.905s][info][gc,metaspace] GC(633) Metaspace: 57334K(57664K)->57334K(57664K) NonClass: 49045K(49280K)->49045K(49280K) Class: 8288K(8384K)->8288K(8384K)
[376.905s][info][gc          ] GC(633) Pause Young (Prepare Mixed) (G1 Evacuation Pause) 710M->252M(768M) 4.880ms
[376.905s][info][gc,cpu      ] GC(633) User=0.01s Sys=0.00s Real=0.01s
[378.111s][info][gc,start    ] GC(634) Pause Young (Mixed) (G1 Evacuation Pause)
[378.111s][info][gc,task     ] GC(634) Using 2 workers of 2 for evacuation
[378.118s][info][gc,phases   ] GC(634)   Pre Evacuate Collection Set: 0.27ms
[378.118s][info][gc,phases   ] GC(634)   Merge Heap Roots: 0.14ms
[378.118s][info][gc,phases   ] GC(634)   Evacuate Collection Set: 5.76ms
[378.118s][info][gc,phases   ] GC(634)   Post Evacuate Collection Set: 0.82ms
[378.118s][info][gc,phases   ] GC(634)   Other: 0.09ms
[378.118s][info][gc,heap     ] GC(634) Eden regions: 458->0(458)
[378.118s][info][gc,heap     ] GC(634) Survivor regions: 2->2(58)
[378.118s][info][gc,heap     ] GC(634) Old regions: 45->44
[378.118s][info][gc,heap     ] GC(634) Humongous regions: 207->207
[378.118s][info][gc,metaspace] GC(634) Metaspace: 57334K(57664K)->57334K(57664K) NonClass: 49045K(49280K)->49045K(49280K) Class: 8288K(8384K)->8288K(8384K)
[378.118s][info][gc          ] GC(634) Pause Young (Mixed) (G1 Evacuation Pause) 710M->252M(768M) 7.311ms
[378.118s][info][gc,cpu      ] GC(634) User=0.01s Sys=0.00s Real=0.01s
[379.306s][info][gc,start    ] GC(635) Pause Young (Concurrent Start) (G1 Evacuation Pause)
[379.306s][info][gc,task     ] GC(635) Using 2 workers of 2 for evacuation
[379.311s][info][gc,phases   ] GC(635)   Pre Evacuate Collection Set: 0.31ms
[379.311s][info][gc,phases   ] GC(635)   Merge Heap Roots: 0.17ms
[379.311s][info][gc,phases   ] GC(635)   Evacuate Collection Set: 4.19ms
[379.311s][info][gc,phases   ] GC(635)   Post Evacuate Collection Set: 0.84ms
[379.311s][info][gc,phases   ] GC(635)   Other: 0.15ms
[379.311s][info][gc,heap     ] GC(635) Eden regions: 458->0(457)
[379.311s][info][gc,heap     ] GC(635) Survivor regions: 2->3(58)
[379.311s][info][gc,heap     ] GC(635) Old regions: 44->44
[379.311s][info][gc,heap     ] GC(635) Humongous regions: 207->207
[379.311s][info][gc,metaspace] GC(635) Metaspace: 57334K(57664K)->57334K(57664K) NonClass: 49045K(49280K)->49045K(49280K) Class: 8288K(8384K)->8288K(8384K)
[379.311s][info][gc          ] GC(635) Pause Young (Concurrent Start) (G1 Evacuation Pause) 710M->253M(768M) 5.848ms
[379.312s][info][gc          ] GC(636) Concurrent Mark Cycle
[379.312s][info][gc,marking  ] GC(636) Concurrent Scan Root Regions
[379.312s][info][gc,cpu      ] GC(635) User=0.01s Sys=0.00s Real=0.00s
[379.316s][info][gc,marking  ] GC(636) Concurrent Scan Root Regions 4.672ms
[379.316s][info][gc,marking  ] GC(636) Concurrent Mark
[379.316s][info][gc,marking  ] GC(636) Concurrent Mark From Roots
[379.316s][info][gc,task     ] GC(636) Using 1 workers of 1 for marking
[379.384s][info][gc,marking  ] GC(636) Concurrent Mark From Roots 67.760ms
[379.384s][info][gc,marking  ] GC(636) Concurrent Preclean
[379.384s][info][gc,marking  ] GC(636) Concurrent Preclean 0.073ms
[379.384s][info][gc,start    ] GC(636) Pause Remark
[379.396s][info][gc          ] GC(636) Pause Remark 283M->283M(768M) 11.475ms
[379.396s][info][gc,cpu      ] GC(636) User=0.01s Sys=0.00s Real=0.01s
[379.396s][info][gc,marking  ] GC(636) Concurrent Mark 79.823ms
[379.396s][info][gc,marking  ] GC(636) Concurrent Rebuild Remembered Sets and Scrub Regions
[379.435s][info][gc,marking  ] GC(636) Concurrent Rebuild Remembered Sets and Scrub Regions 38.749ms
[379.435s][info][gc,start    ] GC(636) Pause Cleanup
[379.435s][info][gc          ] GC(636) Pause Cleanup 306M->306M(768M) 0.083ms
[379.435s][info][gc,cpu      ] GC(636) User=0.00s Sys=0.00s Real=0.00s
[379.435s][info][gc,marking  ] GC(636) Concurrent Clear Claimed Marks
[379.435s][info][gc,marking  ] GC(636) Concurrent Clear Claimed Marks 0.105ms
[379.435s][info][gc,marking  ] GC(636) Concurrent Cleanup for Next Mark
[379.440s][info][gc,marking  ] GC(636) Concurrent Cleanup for Next Mark 4.413ms
[379.440s][info][gc          ] GC(636) Concurrent Mark Cycle 128.371ms
[380.506s][info][gc,start    ] GC(637) Pause Young (Prepare Mixed) (G1 Evacuation Pause)
[380.506s][info][gc,task     ] GC(637) Using 2 workers of 2 for evacuation
[380.511s][info][gc,phases   ] GC(637)   Pre Evacuate Collection Set: 0.28ms
[380.511s][info][gc,phases   ] GC(637)   Merge Heap Roots: 0.16ms
[380.511s][info][gc,phases   ] GC(637)   Evacuate Collection Set: 3.90ms
[380.511s][info][gc,phases   ] GC(637)   Post Evacuate Collection Set: 0.75ms
[380.511s][info][gc,phases   ] GC(637)   Other: 0.09ms
[380.511s][info][gc,heap     ] GC(637) Eden regions: 457->0(458)
[380.511s][info][gc,heap     ] GC(637) Survivor regions: 3->2(58)
[380.511s][info][gc,heap     ] GC(637) Old regions: 44->44
[380.511s][info][gc,heap     ] GC(637) Humongous regions: 207->207
[380.511s][info][gc,metaspace] GC(637) Metaspace: 57334K(57664K)->57334K(57664K) NonClass: 49045K(49280K)->49045K(49280K) Class: 8288K(8384K)->8288K(8384K)
[380.511s][info][gc          ] GC(637) Pause Young (Prepare Mixed) (G1 Evacuation Pause) 710M->252M(768M) 5.386ms
[380.512s][info][gc,cpu      ] GC(637) User=0.01s Sys=0.00s Real=0.00s
[384.449s][info][gc,start    ] GC(638) Pause Young (Mixed) (G1 Evacuation Pause)
[384.449s][info][gc,task     ] GC(638) Using 2 workers of 2 for evacuation
[384.483s][info][gc,phases   ] GC(638)   Pre Evacuate Collection Set: 0.37ms
[384.483s][info][gc,phases   ] GC(638)   Merge Heap Roots: 0.23ms
[384.483s][info][gc,phases   ] GC(638)   Evacuate Collection Set: 25.29ms
[384.483s][info][gc,phases   ] GC(638)   Post Evacuate Collection Set: 7.99ms
[384.483s][info][gc,phases   ] GC(638)   Other: 0.10ms
[384.483s][info][gc,heap     ] GC(638) Eden regions: 359->0(451)
[384.483s][info][gc,heap     ] GC(638) Survivor regions: 2->24(58)
[384.483s][info][gc,heap     ] GC(638) Old regions: 44->44
[384.483s][info][gc,heap     ] GC(638) Humongous regions: 363->207
[384.483s][info][gc,metaspace] GC(638) Metaspace: 57452K(57792K)->57452K(57792K) NonClass: 49163K(49408K)->49163K(49408K) Class: 8289K(8384K)->8289K(8384K)
[384.483s][info][gc          ] GC(638) Pause Young (Mixed) (G1 Evacuation Pause) 767M->274M(793M) 34.263ms
[384.483s][info][gc,cpu      ] GC(638) User=0.03s Sys=0.02s Real=0.04s
[385.636s][info][gc,start    ] GC(639) Pause Young (Normal) (G1 Evacuation Pause)
[385.636s][info][gc,task     ] GC(639) Using 2 workers of 2 for evacuation
[385.647s][info][gc,phases   ] GC(639)   Pre Evacuate Collection Set: 0.31ms
[385.647s][info][gc,phases   ] GC(639)   Merge Heap Roots: 0.17ms
[385.647s][info][gc,phases   ] GC(639)   Evacuate Collection Set: 10.00ms
[385.647s][info][gc,phases   ] GC(639)   Post Evacuate Collection Set: 0.88ms
[385.647s][info][gc,phases   ] GC(639)   Other: 0.09ms
[385.647s][info][gc,heap     ] GC(639) Eden regions: 451->0(450)
[385.647s][info][gc,heap     ] GC(639) Survivor regions: 24->25(60)
[385.647s][info][gc,heap     ] GC(639) Old regions: 44->44
[385.647s][info][gc,heap     ] GC(639) Humongous regions: 207->207
[385.647s][info][gc,metaspace] GC(639) Metaspace: 57452K(57792K)->57452K(57792K) NonClass: 49163K(49408K)->49163K(49408K) Class: 8289K(8384K)->8289K(8384K)
[385.647s][info][gc          ] GC(639) Pause Young (Normal) (G1 Evacuation Pause) 725M->275M(793M) 11.649ms
[385.647s][info][gc,cpu      ] GC(639) User=0.02s Sys=0.00s Real=0.01s
[386.826s][info][gc,start    ] GC(640) Pause Young (Normal) (G1 Evacuation Pause)
[386.826s][info][gc,task     ] GC(640) Using 2 workers of 2 for evacuation
[386.839s][info][gc,phases   ] GC(640)   Pre Evacuate Collection Set: 0.31ms
[386.839s][info][gc,phases   ] GC(640)   Merge Heap Roots: 0.15ms
[386.839s][info][gc,phases   ] GC(640)   Evacuate Collection Set: 10.74ms
[386.839s][info][gc,phases   ] GC(640)   Post Evacuate Collection Set: 0.91ms
[386.839s][info][gc,phases   ] GC(640)   Other: 0.09ms
[386.839s][info][gc,heap     ] GC(640) Eden regions: 450->0(450)
[386.839s][info][gc,heap     ] GC(640) Survivor regions: 25->25(60)
[386.839s][info][gc,heap     ] GC(640) Old regions: 44->44
[386.839s][info][gc,heap     ] GC(640) Humongous regions: 207->207
[386.839s][info][gc,metaspace] GC(640) Metaspace: 57452K(57792K)->57452K(57792K) NonClass: 49163K(49408K)->49163K(49408K) Class: 8289K(8384K)->8289K(8384K)
[386.839s][info][gc          ] GC(640) Pause Young (Normal) (G1 Evacuation Pause) 725M->275M(793M) 12.414ms
[386.839s][info][gc,cpu      ] GC(640) User=0.03s Sys=0.00s Real=0.01s
[388.010s][info][gc,start    ] GC(641) Pause Young (Concurrent Start) (G1 Evacuation Pause)
[388.010s][info][gc,task     ] GC(641) Using 2 workers of 2 for evacuation
[388.022s][info][gc,phases   ] GC(641)   Pre Evacuate Collection Set: 0.34ms
[388.022s][info][gc,phases   ] GC(641)   Merge Heap Roots: 0.15ms
[388.022s][info][gc,phases   ] GC(641)   Evacuate Collection Set: 10.07ms
[388.022s][info][gc,phases   ] GC(641)   Post Evacuate Collection Set: 0.89ms
[388.022s][info][gc,phases   ] GC(641)   Other: 0.12ms
[388.022s][info][gc,heap     ] GC(641) Eden regions: 450->0(450)
[388.022s][info][gc,heap     ] GC(641) Survivor regions: 25->25(60)
[388.022s][info][gc,heap     ] GC(641) Old regions: 44->44
[388.022s][info][gc,heap     ] GC(641) Humongous regions: 207->207
[388.022s][info][gc,metaspace] GC(641) Metaspace: 57452K(57792K)->57452K(57792K) NonClass: 49163K(49408K)->49163K(49408K) Class: 8289K(8384K)->8289K(8384K)
[388.022s][info][gc          ] GC(641) Pause Young (Concurrent Start) (G1 Evacuation Pause) 725M->275M(793M) 11.833ms
[388.022s][info][gc          ] GC(642) Concurrent Mark Cycle
[388.022s][info][gc,marking  ] GC(642) Concurrent Scan Root Regions
[388.022s][info][gc,cpu      ] GC(641) User=0.02s Sys=0.00s Real=0.02s
[388.033s][info][gc,marking  ] GC(642) Concurrent Scan Root Regions 10.891ms
[388.033s][info][gc,marking  ] GC(642) Concurrent Mark
[388.033s][info][gc,marking  ] GC(642) Concurrent Mark From Roots
[388.033s][info][gc,task     ] GC(642) Using 1 workers of 1 for marking
[388.095s][info][gc,marking  ] GC(642) Concurrent Mark From Roots 61.668ms
[388.095s][info][gc,marking  ] GC(642) Concurrent Preclean
[388.095s][info][gc,marking  ] GC(642) Concurrent Preclean 0.057ms
[388.096s][info][gc,start    ] GC(642) Pause Remark
[388.107s][info][gc          ] GC(642) Pause Remark 306M->306M(793M) 10.799ms
[388.107s][info][gc,cpu      ] GC(642) User=0.02s Sys=0.00s Real=0.01s
[388.107s][info][gc,marking  ] GC(642) Concurrent Mark 73.988ms
[388.107s][info][gc,marking  ] GC(642) Concurrent Rebuild Remembered Sets and Scrub Regions
[388.140s][info][gc,marking  ] GC(642) Concurrent Rebuild Remembered Sets and Scrub Regions 33.308ms
[388.141s][info][gc,start    ] GC(642) Pause Cleanup
[388.142s][info][gc          ] GC(642) Pause Cleanup 329M->329M(793M) 0.107ms
[388.142s][info][gc,cpu      ] GC(642) User=0.00s Sys=0.00s Real=0.00s
[388.142s][info][gc,marking  ] GC(642) Concurrent Clear Claimed Marks
[388.142s][info][gc,marking  ] GC(642) Concurrent Clear Claimed Marks 0.095ms
[388.142s][info][gc,marking  ] GC(642) Concurrent Cleanup for Next Mark
[388.147s][info][gc,marking  ] GC(642) Concurrent Cleanup for Next Mark 4.954ms
[388.147s][info][gc          ] GC(642) Concurrent Mark Cycle 124.541ms
[389.200s][info][gc,start    ] GC(643) Pause Young (Prepare Mixed) (G1 Evacuation Pause)
[389.200s][info][gc,task     ] GC(643) Using 2 workers of 2 for evacuation
[389.211s][info][gc,phases   ] GC(643)   Pre Evacuate Collection Set: 0.31ms
[389.211s][info][gc,phases   ] GC(643)   Merge Heap Roots: 0.18ms
[389.211s][info][gc,phases   ] GC(643)   Evacuate Collection Set: 8.90ms
[389.211s][info][gc,phases   ] GC(643)   Post Evacuate Collection Set: 0.95ms
[389.211s][info][gc,phases   ] GC(643)   Other: 0.09ms
[389.211s][info][gc,heap     ] GC(643) Eden regions: 450->0(451)
[389.211s][info][gc,heap     ] GC(643) Survivor regions: 25->24(60)
[389.211s][info][gc,heap     ] GC(643) Old regions: 44->44
[389.211s][info][gc,heap     ] GC(643) Humongous regions: 207->207
[389.211s][info][gc,metaspace] GC(643) Metaspace: 57452K(57792K)->57452K(57792K) NonClass: 49163K(49408K)->49163K(49408K) Class: 8289K(8384K)->8289K(8384K)
[389.211s][info][gc          ] GC(643) Pause Young (Prepare Mixed) (G1 Evacuation Pause) 725M->274M(793M) 10.677ms
[389.211s][info][gc,cpu      ] GC(643) User=0.02s Sys=0.00s Real=0.01s
[390.394s][info][gc,start    ] GC(644) Pause Young (Mixed) (G1 Evacuation Pause)
[390.394s][info][gc,task     ] GC(644) Using 2 workers of 2 for evacuation
[390.404s][info][gc,phases   ] GC(644)   Pre Evacuate Collection Set: 0.30ms
[390.404s][info][gc,phases   ] GC(644)   Merge Heap Roots: 0.17ms
[390.404s][info][gc,phases   ] GC(644)   Evacuate Collection Set: 8.65ms
[390.404s][info][gc,phases   ] GC(644)   Post Evacuate Collection Set: 0.98ms
[390.404s][info][gc,phases   ] GC(644)   Other: 0.10ms
[390.404s][info][gc,heap     ] GC(644) Eden regions: 451->0(451)
[390.404s][info][gc,heap     ] GC(644) Survivor regions: 24->24(60)
[390.404s][info][gc,heap     ] GC(644) Old regions: 44->44
[390.404s][info][gc,heap     ] GC(644) Humongous regions: 207->207
[390.404s][info][gc,metaspace] GC(644) Metaspace: 57452K(57792K)->57452K(57792K) NonClass: 49163K(49408K)->49163K(49408K) Class: 8289K(8384K)->8289K(8384K)
[390.404s][info][gc          ] GC(644) Pause Young (Mixed) (G1 Evacuation Pause) 725M->273M(793M) 10.427ms
[390.404s][info][gc,cpu      ] GC(644) User=0.02s Sys=0.00s Real=0.01s
[391.539s][info][gc,start    ] GC(645) Pause Young (Concurrent Start) (G1 Evacuation Pause)
[391.539s][info][gc,task     ] GC(645) Using 2 workers of 2 for evacuation
[391.549s][info][gc,phases   ] GC(645)   Pre Evacuate Collection Set: 0.30ms
[391.549s][info][gc,phases   ] GC(645)   Merge Heap Roots: 0.17ms
[391.549s][info][gc,phases   ] GC(645)   Evacuate Collection Set: 8.54ms
[391.549s][info][gc,phases   ] GC(645)   Post Evacuate Collection Set: 0.86ms
[391.549s][info][gc,phases   ] GC(645)   Other: 0.11ms
[391.549s][info][gc,heap     ] GC(645) Eden regions: 451->0(451)
[391.549s][info][gc,heap     ] GC(645) Survivor regions: 24->24(60)
[391.549s][info][gc,heap     ] GC(645) Old regions: 44->44
[391.549s][info][gc,heap     ] GC(645) Humongous regions: 207->207
[391.549s][info][gc,metaspace] GC(645) Metaspace: 57452K(57792K)->57452K(57792K) NonClass: 49163K(49408K)->49163K(49408K) Class: 8289K(8384K)->8289K(8384K)
[391.549s][info][gc          ] GC(645) Pause Young (Concurrent Start) (G1 Evacuation Pause) 724M->274M(793M) 10.189ms
[391.549s][info][gc,cpu      ] GC(645) User=0.02s Sys=0.00s Real=0.01s
[391.549s][info][gc          ] GC(646) Concurrent Mark Cycle
[391.549s][info][gc,marking  ] GC(646) Concurrent Scan Root Regions
[391.556s][info][gc,marking  ] GC(646) Concurrent Scan Root Regions 7.127ms
[391.557s][info][gc,marking  ] GC(646) Concurrent Mark
[391.557s][info][gc,marking  ] GC(646) Concurrent Mark From Roots
[391.557s][info][gc,task     ] GC(646) Using 1 workers of 1 for marking
[391.604s][info][gc,marking  ] GC(646) Concurrent Mark From Roots 47.145ms
[391.604s][info][gc,marking  ] GC(646) Concurrent Preclean
[391.604s][info][gc,marking  ] GC(646) Concurrent Preclean 0.058ms
[391.604s][info][gc,start    ] GC(646) Pause Remark
[391.615s][info][gc          ] GC(646) Pause Remark 287M->287M(793M) 10.858ms
[391.615s][info][gc,cpu      ] GC(646) User=0.03s Sys=0.00s Real=0.01s
[391.615s][info][gc,marking  ] GC(646) Concurrent Mark 58.512ms
[391.615s][info][gc,marking  ] GC(646) Concurrent Rebuild Remembered Sets and Scrub Regions
[391.637s][info][gc,marking  ] GC(646) Concurrent Rebuild Remembered Sets and Scrub Regions 21.887ms
[391.637s][info][gc,start    ] GC(646) Pause Cleanup
[391.637s][info][gc          ] GC(646) Pause Cleanup 298M->298M(793M) 0.086ms
[391.637s][info][gc,cpu      ] GC(646) User=0.00s Sys=0.00s Real=0.00s
[391.637s][info][gc,marking  ] GC(646) Concurrent Clear Claimed Marks
[391.637s][info][gc,marking  ] GC(646) Concurrent Clear Claimed Marks 0.093ms
[391.637s][info][gc,marking  ] GC(646) Concurrent Cleanup for Next Mark
[391.640s][info][gc,marking  ] GC(646) Concurrent Cleanup for Next Mark 2.666ms
[391.640s][info][gc          ] GC(646) Concurrent Mark Cycle 91.174ms
[392.740s][info][gc,start    ] GC(647) Pause Young (Prepare Mixed) (G1 Evacuation Pause)
[392.740s][info][gc,task     ] GC(647) Using 2 workers of 2 for evacuation
[392.751s][info][gc,phases   ] GC(647)   Pre Evacuate Collection Set: 0.33ms
[392.751s][info][gc,phases   ] GC(647)   Merge Heap Roots: 0.23ms
[392.751s][info][gc,phases   ] GC(647)   Evacuate Collection Set: 9.56ms
[392.751s][info][gc,phases   ] GC(647)   Post Evacuate Collection Set: 0.92ms
[392.751s][info][gc,phases   ] GC(647)   Other: 0.09ms
[392.751s][info][gc,heap     ] GC(647) Eden regions: 451->0(450)
[392.751s][info][gc,heap     ] GC(647) Survivor regions: 24->25(60)
[392.751s][info][gc,heap     ] GC(647) Old regions: 44->44
[392.751s][info][gc,heap     ] GC(647) Humongous regions: 207->207
[392.751s][info][gc,metaspace] GC(647) Metaspace: 57452K(57792K)->57452K(57792K) NonClass: 49163K(49408K)->49163K(49408K) Class: 8289K(8384K)->8289K(8384K)
[392.751s][info][gc          ] GC(647) Pause Young (Prepare Mixed) (G1 Evacuation Pause) 725M->274M(793M) 11.345ms
[392.751s][info][gc,cpu      ] GC(647) User=0.02s Sys=0.00s Real=0.01s
[393.918s][info][gc,start    ] GC(648) Pause Young (Mixed) (G1 Evacuation Pause)
[393.919s][info][gc,task     ] GC(648) Using 2 workers of 2 for evacuation
[393.933s][info][gc,phases   ] GC(648)   Pre Evacuate Collection Set: 0.29ms
[393.933s][info][gc,phases   ] GC(648)   Merge Heap Roots: 0.16ms
[393.933s][info][gc,phases   ] GC(648)   Evacuate Collection Set: 12.52ms
[393.933s][info][gc,phases   ] GC(648)   Post Evacuate Collection Set: 1.00ms
[393.933s][info][gc,phases   ] GC(648)   Other: 0.12ms
[393.933s][info][gc,heap     ] GC(648) Eden regions: 450->0(449)
[393.933s][info][gc,heap     ] GC(648) Survivor regions: 25->26(60)
[393.933s][info][gc,heap     ] GC(648) Old regions: 44->43
[393.933s][info][gc,heap     ] GC(648) Humongous regions: 207->207
[393.933s][info][gc,metaspace] GC(648) Metaspace: 57452K(57792K)->57452K(57792K) NonClass: 49163K(49408K)->49163K(49408K) Class: 8289K(8384K)->8289K(8384K)
[393.933s][info][gc          ] GC(648) Pause Young (Mixed) (G1 Evacuation Pause) 724M->275M(793M) 14.335ms
[393.933s][info][gc,cpu      ] GC(648) User=0.03s Sys=0.00s Real=0.02s
[395.112s][info][gc,start    ] GC(649) Pause Young (Concurrent Start) (G1 Evacuation Pause)
[395.112s][info][gc,task     ] GC(649) Using 2 workers of 2 for evacuation
[395.124s][info][gc,phases   ] GC(649)   Pre Evacuate Collection Set: 0.36ms
[395.124s][info][gc,phases   ] GC(649)   Merge Heap Roots: 0.14ms
[395.124s][info][gc,phases   ] GC(649)   Evacuate Collection Set: 10.23ms
[395.124s][info][gc,phases   ] GC(649)   Post Evacuate Collection Set: 0.93ms
[395.124s][info][gc,phases   ] GC(649)   Other: 0.11ms
[395.124s][info][gc,heap     ] GC(649) Eden regions: 449->0(450)
[395.124s][info][gc,heap     ] GC(649) Survivor regions: 26->25(60)
[395.124s][info][gc,heap     ] GC(649) Old regions: 43->43
[395.124s][info][gc,heap     ] GC(649) Humongous regions: 207->207
[395.124s][info][gc,metaspace] GC(649) Metaspace: 57453K(57792K)->57453K(57792K) NonClass: 49163K(49408K)->49163K(49408K) Class: 8289K(8384K)->8289K(8384K)
[395.124s][info][gc          ] GC(649) Pause Young (Concurrent Start) (G1 Evacuation Pause) 724M->274M(793M) 11.999ms
[395.124s][info][gc          ] GC(650) Concurrent Mark Cycle
[395.124s][info][gc,marking  ] GC(650) Concurrent Scan Root Regions
[395.125s][info][gc,cpu      ] GC(649) User=0.03s Sys=0.00s Real=0.02s
[395.131s][info][gc,marking  ] GC(650) Concurrent Scan Root Regions 6.999ms
[395.131s][info][gc,marking  ] GC(650) Concurrent Mark
[395.131s][info][gc,marking  ] GC(650) Concurrent Mark From Roots
[395.131s][info][gc,task     ] GC(650) Using 1 workers of 1 for marking
[395.185s][info][gc,marking  ] GC(650) Concurrent Mark From Roots 53.777ms
[395.185s][info][gc,marking  ] GC(650) Concurrent Preclean
[395.185s][info][gc,marking  ] GC(650) Concurrent Preclean 0.049ms
[395.185s][info][gc,start    ] GC(650) Pause Remark
[395.196s][info][gc          ] GC(650) Pause Remark 297M->297M(793M) 10.310ms
[395.196s][info][gc,cpu      ] GC(650) User=0.02s Sys=0.00s Real=0.01s
[395.196s][info][gc,marking  ] GC(650) Concurrent Mark 64.449ms
[395.196s][info][gc,marking  ] GC(650) Concurrent Rebuild Remembered Sets and Scrub Regions
[395.234s][info][gc,marking  ] GC(650) Concurrent Rebuild Remembered Sets and Scrub Regions 38.230ms
[395.234s][info][gc,start    ] GC(650) Pause Cleanup
[395.234s][info][gc          ] GC(650) Pause Cleanup 322M->322M(793M) 0.114ms
[395.234s][info][gc,cpu      ] GC(650) User=0.00s Sys=0.00s Real=0.00s
[395.234s][info][gc,marking  ] GC(650) Concurrent Clear Claimed Marks
[395.234s][info][gc,marking  ] GC(650) Concurrent Clear Claimed Marks 0.096ms
[395.234s][info][gc,marking  ] GC(650) Concurrent Cleanup for Next Mark
[395.239s][info][gc,marking  ] GC(650) Concurrent Cleanup for Next Mark 4.641ms
[395.239s][info][gc          ] GC(650) Concurrent Mark Cycle 114.918ms
[396.307s][info][gc,start    ] GC(651) Pause Young (Prepare Mixed) (G1 Evacuation Pause)
[396.307s][info][gc,task     ] GC(651) Using 2 workers of 2 for evacuation
[396.318s][info][gc,phases   ] GC(651)   Pre Evacuate Collection Set: 0.31ms
[396.318s][info][gc,phases   ] GC(651)   Merge Heap Roots: 0.17ms
[396.318s][info][gc,phases   ] GC(651)   Evacuate Collection Set: 9.33ms
[396.318s][info][gc,phases   ] GC(651)   Post Evacuate Collection Set: 0.89ms
[396.318s][info][gc,phases   ] GC(651)   Other: 0.09ms
[396.318s][info][gc,heap     ] GC(651) Eden regions: 450->0(450)
[396.318s][info][gc,heap     ] GC(651) Survivor regions: 25->25(60)
[396.318s][info][gc,heap     ] GC(651) Old regions: 43->43
[396.318s][info][gc,heap     ] GC(651) Humongous regions: 207->207
[396.318s][info][gc,metaspace] GC(651) Metaspace: 57453K(57792K)->57453K(57792K) NonClass: 49163K(49408K)->49163K(49408K) Class: 8289K(8384K)->8289K(8384K)
[396.318s][info][gc          ] GC(651) Pause Young (Prepare Mixed) (G1 Evacuation Pause) 724M->274M(793M) 11.046ms
[396.318s][info][gc,cpu      ] GC(651) User=0.02s Sys=0.00s Real=0.01s
[397.503s][info][gc,start    ] GC(652) Pause Young (Mixed) (G1 Evacuation Pause)
[397.503s][info][gc,task     ] GC(652) Using 2 workers of 2 for evacuation
[397.517s][info][gc,phases   ] GC(652)   Pre Evacuate Collection Set: 0.36ms
[397.517s][info][gc,phases   ] GC(652)   Merge Heap Roots: 0.18ms
[397.517s][info][gc,phases   ] GC(652)   Evacuate Collection Set: 12.38ms
[397.517s][info][gc,phases   ] GC(652)   Post Evacuate Collection Set: 1.01ms
[397.517s][info][gc,phases   ] GC(652)   Other: 0.11ms
[397.517s][info][gc,heap     ] GC(652) Eden regions: 450->0(451)
[397.517s][info][gc,heap     ] GC(652) Survivor regions: 25->24(60)
[397.517s][info][gc,heap     ] GC(652) Old regions: 43->43
[397.517s][info][gc,heap     ] GC(652) Humongous regions: 207->207
[397.518s][info][gc,metaspace] GC(652) Metaspace: 57453K(57792K)->57453K(57792K) NonClass: 49163K(49408K)->49163K(49408K) Class: 8289K(8384K)->8289K(8384K)
[397.518s][info][gc          ] GC(652) Pause Young (Mixed) (G1 Evacuation Pause) 724M->273M(793M) 14.260ms
[397.518s][info][gc,cpu      ] GC(652) User=0.02s Sys=0.00s Real=0.01s
[398.696s][info][gc,start    ] GC(653) Pause Young (Concurrent Start) (G1 Evacuation Pause)
[398.696s][info][gc,task     ] GC(653) Using 2 workers of 2 for evacuation
[398.706s][info][gc,phases   ] GC(653)   Pre Evacuate Collection Set: 0.31ms
[398.706s][info][gc,phases   ] GC(653)   Merge Heap Roots: 0.15ms
[398.706s][info][gc,phases   ] GC(653)   Evacuate Collection Set: 8.01ms
[398.706s][info][gc,phases   ] GC(653)   Post Evacuate Collection Set: 0.88ms
[398.706s][info][gc,phases   ] GC(653)   Other: 0.14ms
[398.706s][info][gc,heap     ] GC(653) Eden regions: 451->0(451)
[398.706s][info][gc,heap     ] GC(653) Survivor regions: 24->24(60)
[398.706s][info][gc,heap     ] GC(653) Old regions: 43->43
[398.706s][info][gc,heap     ] GC(653) Humongous regions: 207->207
[398.706s][info][gc,metaspace] GC(653) Metaspace: 57453K(57792K)->57453K(57792K) NonClass: 49163K(49408K)->49163K(49408K) Class: 8289K(8384K)->8289K(8384K)
[398.706s][info][gc          ] GC(653) Pause Young (Concurrent Start) (G1 Evacuation Pause) 724M->273M(793M) 9.678ms
[398.706s][info][gc,cpu      ] GC(653) User=0.02s Sys=0.00s Real=0.01s
[398.706s][info][gc          ] GC(654) Concurrent Mark Cycle
[398.706s][info][gc,marking  ] GC(654) Concurrent Scan Root Regions
[398.714s][info][gc,marking  ] GC(654) Concurrent Scan Root Regions 7.883ms
[398.714s][info][gc,marking  ] GC(654) Concurrent Mark
[398.714s][info][gc,marking  ] GC(654) Concurrent Mark From Roots
[398.714s][info][gc,task     ] GC(654) Using 1 workers of 1 for marking
[398.774s][info][gc,marking  ] GC(654) Concurrent Mark From Roots 59.747ms
[398.774s][info][gc,marking  ] GC(654) Concurrent Preclean
[398.774s][info][gc,marking  ] GC(654) Concurrent Preclean 0.058ms
[398.775s][info][gc,start    ] GC(654) Pause Remark
[398.786s][info][gc          ] GC(654) Pause Remark 307M->307M(793M) 10.622ms
[398.786s][info][gc,cpu      ] GC(654) User=0.02s Sys=0.00s Real=0.01s
[398.787s][info][gc,marking  ] GC(654) Concurrent Mark 72.369ms
[398.787s][info][gc,marking  ] GC(654) Concurrent Rebuild Remembered Sets and Scrub Regions
[398.819s][info][gc,marking  ] GC(654) Concurrent Rebuild Remembered Sets and Scrub Regions 32.577ms
[398.819s][info][gc,start    ] GC(654) Pause Cleanup
[398.819s][info][gc          ] GC(654) Pause Cleanup 324M->324M(793M) 0.103ms
[398.820s][info][gc,cpu      ] GC(654) User=0.00s Sys=0.00s Real=0.00s
[398.820s][info][gc,marking  ] GC(654) Concurrent Clear Claimed Marks
[398.820s][info][gc,marking  ] GC(654) Concurrent Clear Claimed Marks 0.093ms
[398.820s][info][gc,marking  ] GC(654) Concurrent Cleanup for Next Mark
[398.827s][info][gc,marking  ] GC(654) Concurrent Cleanup for Next Mark 7.475ms
[398.827s][info][gc          ] GC(654) Concurrent Mark Cycle 121.325ms
[399.992s][info][gc,start    ] GC(655) Pause Young (Prepare Mixed) (G1 Evacuation Pause)
[399.992s][info][gc,task     ] GC(655) Using 2 workers of 2 for evacuation
[400.001s][info][gc,phases   ] GC(655)   Pre Evacuate Collection Set: 0.31ms
[400.001s][info][gc,phases   ] GC(655)   Merge Heap Roots: 0.15ms
[400.001s][info][gc,phases   ] GC(655)   Evacuate Collection Set: 7.09ms
[400.001s][info][gc,phases   ] GC(655)   Post Evacuate Collection Set: 0.85ms
[400.001s][info][gc,phases   ] GC(655)   Other: 0.11ms
[400.001s][info][gc,heap     ] GC(655) Eden regions: 451->0(452)
[400.001s][info][gc,heap     ] GC(655) Survivor regions: 24->23(60)
[400.001s][info][gc,heap     ] GC(655) Old regions: 43->43
[400.001s][info][gc,heap     ] GC(655) Humongous regions: 207->207
[400.001s][info][gc,metaspace] GC(655) Metaspace: 57453K(57792K)->57453K(57792K) NonClass: 49163K(49408K)->49163K(49408K) Class: 8289K(8384K)->8289K(8384K)
[400.001s][info][gc          ] GC(655) Pause Young (Prepare Mixed) (G1 Evacuation Pause) 724M->272M(793M) 8.738ms
[400.001s][info][gc,cpu      ] GC(655) User=0.02s Sys=0.00s Real=0.01s
[401.139s][info][gc,start    ] GC(656) Pause Young (Mixed) (G1 Evacuation Pause)
[401.139s][info][gc,task     ] GC(656) Using 2 workers of 2 for evacuation
[401.150s][info][gc,phases   ] GC(656)   Pre Evacuate Collection Set: 0.30ms
[401.151s][info][gc,phases   ] GC(656)   Merge Heap Roots: 0.19ms
[401.151s][info][gc,phases   ] GC(656)   Evacuate Collection Set: 10.25ms
[401.151s][info][gc,phases   ] GC(656)   Post Evacuate Collection Set: 0.93ms
[401.151s][info][gc,phases   ] GC(656)   Other: 0.09ms
[401.151s][info][gc,heap     ] GC(656) Eden regions: 452->0(451)
[401.151s][info][gc,heap     ] GC(656) Survivor regions: 23->24(60)
[401.151s][info][gc,heap     ] GC(656) Old regions: 43->43
[401.151s][info][gc,heap     ] GC(656) Humongous regions: 207->207
[401.151s][info][gc,metaspace] GC(656) Metaspace: 57453K(57792K)->57453K(57792K) NonClass: 49163K(49408K)->49163K(49408K) Class: 8289K(8384K)->8289K(8384K)
[401.151s][info][gc          ] GC(656) Pause Young (Mixed) (G1 Evacuation Pause) 724M->273M(793M) 11.971ms
[401.151s][info][gc,cpu      ] GC(656) User=0.02s Sys=0.00s Real=0.01s
[402.341s][info][gc,start    ] GC(657) Pause Young (Concurrent Start) (G1 Evacuation Pause)
[402.341s][info][gc,task     ] GC(657) Using 2 workers of 2 for evacuation
[402.351s][info][gc,phases   ] GC(657)   Pre Evacuate Collection Set: 0.34ms
[402.351s][info][gc,phases   ] GC(657)   Merge Heap Roots: 0.17ms
[402.351s][info][gc,phases   ] GC(657)   Evacuate Collection Set: 9.10ms
[402.351s][info][gc,phases   ] GC(657)   Post Evacuate Collection Set: 0.84ms
[402.351s][info][gc,phases   ] GC(657)   Other: 0.11ms
[402.351s][info][gc,heap     ] GC(657) Eden regions: 451->0(473)
[402.351s][info][gc,heap     ] GC(657) Survivor regions: 24->2(60)
[402.351s][info][gc,heap     ] GC(657) Old regions: 43->66
[402.351s][info][gc,heap     ] GC(657) Humongous regions: 207->207
[402.351s][info][gc,metaspace] GC(657) Metaspace: 57453K(57792K)->57453K(57792K) NonClass: 49163K(49408K)->49163K(49408K) Class: 8289K(8384K)->8289K(8384K)
[402.351s][info][gc          ] GC(657) Pause Young (Concurrent Start) (G1 Evacuation Pause) 724M->274M(793M) 10.783ms
[402.351s][info][gc          ] GC(658) Concurrent Mark Cycle
[402.351s][info][gc,marking  ] GC(658) Concurrent Scan Root Regions
[402.351s][info][gc,cpu      ] GC(657) User=0.03s Sys=0.00s Real=0.01s
[402.359s][info][gc,marking  ] GC(658) Concurrent Scan Root Regions 7.509ms
[402.359s][info][gc,marking  ] GC(658) Concurrent Mark
[402.359s][info][gc,marking  ] GC(658) Concurrent Mark From Roots
[402.359s][info][gc,task     ] GC(658) Using 1 workers of 1 for marking
[402.409s][info][gc,marking  ] GC(658) Concurrent Mark From Roots 49.617ms
[402.409s][info][gc,marking  ] GC(658) Concurrent Preclean
[402.409s][info][gc,marking  ] GC(658) Concurrent Preclean 0.056ms
[402.409s][info][gc,start    ] GC(658) Pause Remark
[402.420s][info][gc          ] GC(658) Pause Remark 290M->290M(793M) 10.739ms
[402.420s][info][gc,cpu      ] GC(658) User=0.02s Sys=0.00s Real=0.01s
[402.420s][info][gc,marking  ] GC(658) Concurrent Mark 60.866ms
[402.420s][info][gc,marking  ] GC(658) Concurrent Rebuild Remembered Sets and Scrub Regions
[402.439s][info][gc,marking  ] GC(658) Concurrent Rebuild Remembered Sets and Scrub Regions 19.488ms
[402.439s][info][gc,start    ] GC(658) Pause Cleanup
[402.440s][info][gc          ] GC(658) Pause Cleanup 299M->299M(793M) 0.082ms
[402.440s][info][gc,cpu      ] GC(658) User=0.00s Sys=0.00s Real=0.00s
[402.440s][info][gc,marking  ] GC(658) Concurrent Clear Claimed Marks
[402.440s][info][gc,marking  ] GC(658) Concurrent Clear Claimed Marks 0.091ms
[402.440s][info][gc,marking  ] GC(658) Concurrent Cleanup for Next Mark
[402.443s][info][gc,marking  ] GC(658) Concurrent Cleanup for Next Mark 3.277ms
[402.443s][info][gc          ] GC(658) Concurrent Mark Cycle 91.721ms
[403.672s][info][gc,start    ] GC(659) Pause Young (Prepare Mixed) (G1 Evacuation Pause)
[403.672s][info][gc,task     ] GC(659) Using 2 workers of 2 for evacuation
[403.678s][info][gc,phases   ] GC(659)   Pre Evacuate Collection Set: 0.29ms
[403.678s][info][gc,phases   ] GC(659)   Merge Heap Roots: 0.15ms
[403.678s][info][gc,phases   ] GC(659)   Evacuate Collection Set: 4.98ms
[403.678s][info][gc,phases   ] GC(659)   Post Evacuate Collection Set: 0.83ms
[403.678s][info][gc,phases   ] GC(659)   Other: 0.14ms
[403.678s][info][gc,heap     ] GC(659) Eden regions: 473->0(472)
[403.678s][info][gc,heap     ] GC(659) Survivor regions: 2->3(60)
[403.678s][info][gc,heap     ] GC(659) Old regions: 66->66
[403.678s][info][gc,heap     ] GC(659) Humongous regions: 207->207
[403.678s][info][gc,metaspace] GC(659) Metaspace: 57453K(57792K)->57453K(57792K) NonClass: 49163K(49408K)->49163K(49408K) Class: 8289K(8384K)->8289K(8384K)
[403.678s][info][gc          ] GC(659) Pause Young (Prepare Mixed) (G1 Evacuation Pause) 747M->276M(793M) 6.590ms
[403.678s][info][gc,cpu      ] GC(659) User=0.01s Sys=0.00s Real=0.01s
[404.841s][info][gc,start    ] GC(660) Pause Young (Mixed) (G1 Evacuation Pause)
[404.841s][info][gc,task     ] GC(660) Using 2 workers of 2 for evacuation
[404.849s][info][gc,phases   ] GC(660)   Pre Evacuate Collection Set: 0.33ms
[404.849s][info][gc,phases   ] GC(660)   Merge Heap Roots: 0.18ms
[404.849s][info][gc,phases   ] GC(660)   Evacuate Collection Set: 6.47ms
[404.849s][info][gc,phases   ] GC(660)   Post Evacuate Collection Set: 0.88ms
[404.849s][info][gc,phases   ] GC(660)   Other: 0.11ms
[404.849s][info][gc,heap     ] GC(660) Eden regions: 472->0(473)
[404.849s][info][gc,heap     ] GC(660) Survivor regions: 3->2(60)
[404.849s][info][gc,heap     ] GC(660) Old regions: 66->67
[404.849s][info][gc,heap     ] GC(660) Humongous regions: 207->207
[404.849s][info][gc,metaspace] GC(660) Metaspace: 57453K(57792K)->57453K(57792K) NonClass: 49163K(49408K)->49163K(49408K) Class: 8289K(8384K)->8289K(8384K)
[404.849s][info][gc          ] GC(660) Pause Young (Mixed) (G1 Evacuation Pause) 748M->274M(793M) 8.193ms
[404.849s][info][gc,cpu      ] GC(660) User=0.02s Sys=0.00s Real=0.01s
[406.130s][info][gc,start    ] GC(661) Pause Young (Concurrent Start) (G1 Evacuation Pause)
[406.130s][info][gc,task     ] GC(661) Using 2 workers of 2 for evacuation
[406.135s][info][gc,phases   ] GC(661)   Pre Evacuate Collection Set: 0.33ms
[406.135s][info][gc,phases   ] GC(661)   Merge Heap Roots: 0.18ms
[406.135s][info][gc,phases   ] GC(661)   Evacuate Collection Set: 3.87ms
[406.135s][info][gc,phases   ] GC(661)   Post Evacuate Collection Set: 0.91ms
[406.135s][info][gc,phases   ] GC(661)   Other: 0.15ms
[406.135s][info][gc,heap     ] GC(661) Eden regions: 473->0(474)
[406.135s][info][gc,heap     ] GC(661) Survivor regions: 2->1(60)
[406.135s][info][gc,heap     ] GC(661) Old regions: 67->67
[406.135s][info][gc,heap     ] GC(661) Humongous regions: 207->207
[406.135s][info][gc,metaspace] GC(661) Metaspace: 57453K(57792K)->57453K(57792K) NonClass: 49163K(49408K)->49163K(49408K) Class: 8289K(8384K)->8289K(8384K)
[406.135s][info][gc          ] GC(661) Pause Young (Concurrent Start) (G1 Evacuation Pause) 747M->274M(793M) 5.785ms
[406.135s][info][gc          ] GC(662) Concurrent Mark Cycle
[406.135s][info][gc,marking  ] GC(662) Concurrent Scan Root Regions
[406.135s][info][gc,cpu      ] GC(661) User=0.01s Sys=0.00s Real=0.01s
[406.142s][info][gc,marking  ] GC(662) Concurrent Scan Root Regions 6.424ms
[406.143s][info][gc,marking  ] GC(662) Concurrent Mark
[406.143s][info][gc,marking  ] GC(662) Concurrent Mark From Roots
[406.143s][info][gc,task     ] GC(662) Using 1 workers of 1 for marking
[406.235s][info][gc,marking  ] GC(662) Concurrent Mark From Roots 92.460ms
[406.235s][info][gc,marking  ] GC(662) Concurrent Preclean
[406.235s][info][gc,marking  ] GC(662) Concurrent Preclean 0.103ms
[406.235s][info][gc,start    ] GC(662) Pause Remark
[406.247s][info][gc          ] GC(662) Pause Remark 317M->306M(793M) 11.707ms
[406.247s][info][gc,cpu      ] GC(662) User=0.02s Sys=0.00s Real=0.01s
[406.248s][info][gc,marking  ] GC(662) Concurrent Mark 105.099ms
[406.248s][info][gc,marking  ] GC(662) Concurrent Rebuild Remembered Sets and Scrub Regions
[406.296s][info][gc,marking  ] GC(662) Concurrent Rebuild Remembered Sets and Scrub Regions 48.236ms
[406.296s][info][gc,start    ] GC(662) Pause Cleanup
[406.297s][info][gc          ] GC(662) Pause Cleanup 316M->316M(793M) 0.460ms
[406.297s][info][gc,cpu      ] GC(662) User=0.00s Sys=0.00s Real=0.00s
[406.297s][info][gc,marking  ] GC(662) Concurrent Clear Claimed Marks
[406.297s][info][gc,marking  ] GC(662) Concurrent Clear Claimed Marks 0.145ms
[406.297s][info][gc,marking  ] GC(662) Concurrent Cleanup for Next Mark
[406.302s][info][gc,marking  ] GC(662) Concurrent Cleanup for Next Mark 4.414ms
[406.302s][info][gc          ] GC(662) Concurrent Mark Cycle 166.250ms
[407.422s][info][gc,start    ] GC(663) Pause Young (Prepare Mixed) (G1 Evacuation Pause)
[407.422s][info][gc,task     ] GC(663) Using 2 workers of 2 for evacuation
[407.430s][info][gc,phases   ] GC(663)   Pre Evacuate Collection Set: 0.51ms
[407.430s][info][gc,phases   ] GC(663)   Merge Heap Roots: 0.18ms
[407.430s][info][gc,phases   ] GC(663)   Evacuate Collection Set: 5.97ms
[407.430s][info][gc,phases   ] GC(663)   Post Evacuate Collection Set: 1.18ms
[407.430s][info][gc,phases   ] GC(663)   Other: 0.11ms
[407.430s][info][gc,heap     ] GC(663) Eden regions: 474->0(471)
[407.430s][info][gc,heap     ] GC(663) Survivor regions: 1->4(60)
[407.430s][info][gc,heap     ] GC(663) Old regions: 56->56
[407.430s][info][gc,heap     ] GC(663) Humongous regions: 207->207
[407.430s][info][gc,metaspace] GC(663) Metaspace: 57453K(57792K)->57453K(57792K) NonClass: 49163K(49408K)->49163K(49408K) Class: 8289K(8384K)->8289K(8384K)
[407.430s][info][gc          ] GC(663) Pause Young (Prepare Mixed) (G1 Evacuation Pause) 737M->266M(793M) 8.174ms
[407.430s][info][gc,cpu      ] GC(663) User=0.01s Sys=0.00s Real=0.01s
[408.627s][info][gc,start    ] GC(664) Pause Young (Mixed) (G1 Evacuation Pause)
[408.627s][info][gc,task     ] GC(664) Using 2 workers of 2 for evacuation
[408.632s][info][gc,phases   ] GC(664)   Pre Evacuate Collection Set: 0.34ms
[408.632s][info][gc,phases   ] GC(664)   Merge Heap Roots: 0.16ms
[408.632s][info][gc,phases   ] GC(664)   Evacuate Collection Set: 3.97ms
[408.632s][info][gc,phases   ] GC(664)   Post Evacuate Collection Set: 0.80ms
[408.632s][info][gc,phases   ] GC(664)   Other: 0.11ms
[408.632s][info][gc,heap     ] GC(664) Eden regions: 471->0(472)
[408.632s][info][gc,heap     ] GC(664) Survivor regions: 4->3(60)
[408.632s][info][gc,heap     ] GC(664) Old regions: 56->53
[408.632s][info][gc,heap     ] GC(664) Humongous regions: 207->207
[408.632s][info][gc,metaspace] GC(664) Metaspace: 57453K(57792K)->57453K(57792K) NonClass: 49163K(49408K)->49163K(49408K) Class: 8289K(8384K)->8289K(8384K)
[408.632s][info][gc          ] GC(664) Pause Young (Mixed) (G1 Evacuation Pause) 737M->261M(793M) 5.613ms
[408.632s][info][gc,cpu      ] GC(664) User=0.01s Sys=0.00s Real=0.01s
[409.896s][info][gc,start    ] GC(665) Pause Young (Concurrent Start) (G1 Evacuation Pause)
[409.896s][info][gc,task     ] GC(665) Using 2 workers of 2 for evacuation
[409.901s][info][gc,phases   ] GC(665)   Pre Evacuate Collection Set: 0.36ms
[409.901s][info][gc,phases   ] GC(665)   Merge Heap Roots: 0.16ms
[409.901s][info][gc,phases   ] GC(665)   Evacuate Collection Set: 3.15ms
[409.901s][info][gc,phases   ] GC(665)   Post Evacuate Collection Set: 0.78ms
[409.901s][info][gc,phases   ] GC(665)   Other: 0.14ms
[409.901s][info][gc,heap     ] GC(665) Eden regions: 472->0(473)
[409.901s][info][gc,heap     ] GC(665) Survivor regions: 3->2(60)
[409.901s][info][gc,heap     ] GC(665) Old regions: 53->53
[409.901s][info][gc,heap     ] GC(665) Humongous regions: 207->207
[409.901s][info][gc,metaspace] GC(665) Metaspace: 57454K(57792K)->57454K(57792K) NonClass: 49165K(49408K)->49165K(49408K) Class: 8289K(8384K)->8289K(8384K)
[409.901s][info][gc          ] GC(665) Pause Young (Concurrent Start) (G1 Evacuation Pause) 733M->261M(793M) 4.812ms
[409.901s][info][gc,cpu      ] GC(665) User=0.01s Sys=0.01s Real=0.00s
[409.901s][info][gc          ] GC(666) Concurrent Mark Cycle
[409.901s][info][gc,marking  ] GC(666) Concurrent Scan Root Regions
[409.905s][info][gc,marking  ] GC(666) Concurrent Scan Root Regions 4.122ms
[409.906s][info][gc,marking  ] GC(666) Concurrent Mark
[409.906s][info][gc,marking  ] GC(666) Concurrent Mark From Roots
[409.906s][info][gc,task     ] GC(666) Using 1 workers of 1 for marking
[409.978s][info][gc,marking  ] GC(666) Concurrent Mark From Roots 72.381ms
[409.978s][info][gc,marking  ] GC(666) Concurrent Preclean
[409.978s][info][gc,marking  ] GC(666) Concurrent Preclean 0.080ms
[409.978s][info][gc,start    ] GC(666) Pause Remark
[409.990s][info][gc          ] GC(666) Pause Remark 295M->295M(793M) 11.425ms
[409.990s][info][gc,cpu      ] GC(666) User=0.02s Sys=0.00s Real=0.01s
[409.990s][info][gc,marking  ] GC(666) Concurrent Mark 84.819ms
[409.990s][info][gc,marking  ] GC(666) Concurrent Rebuild Remembered Sets and Scrub Regions
[410.014s][info][gc,marking  ] GC(666) Concurrent Rebuild Remembered Sets and Scrub Regions 23.537ms
[410.014s][info][gc,start    ] GC(666) Pause Cleanup
[410.014s][info][gc          ] GC(666) Pause Cleanup 306M->306M(793M) 0.117ms
[410.014s][info][gc,cpu      ] GC(666) User=0.00s Sys=0.00s Real=0.00s
[410.014s][info][gc,marking  ] GC(666) Concurrent Clear Claimed Marks
[410.014s][info][gc,marking  ] GC(666) Concurrent Clear Claimed Marks 0.105ms
[410.014s][info][gc,marking  ] GC(666) Concurrent Cleanup for Next Mark
[410.019s][info][gc,marking  ] GC(666) Concurrent Cleanup for Next Mark 4.258ms
[410.019s][info][gc          ] GC(666) Concurrent Mark Cycle 117.419ms
[411.120s][info][gc,start    ] GC(667) Pause Young (Prepare Mixed) (G1 Evacuation Pause)
[411.120s][info][gc,task     ] GC(667) Using 2 workers of 2 for evacuation
[411.126s][info][gc,phases   ] GC(667)   Pre Evacuate Collection Set: 0.31ms
[411.126s][info][gc,phases   ] GC(667)   Merge Heap Roots: 0.19ms
[411.126s][info][gc,phases   ] GC(667)   Evacuate Collection Set: 4.85ms
[411.126s][info][gc,phases   ] GC(667)   Post Evacuate Collection Set: 0.84ms
[411.126s][info][gc,phases   ] GC(667)   Other: 0.12ms
[411.126s][info][gc,heap     ] GC(667) Eden regions: 473->0(469)
[411.126s][info][gc,heap     ] GC(667) Survivor regions: 2->6(60)
[411.126s][info][gc,heap     ] GC(667) Old regions: 53->53
[411.126s][info][gc,heap     ] GC(667) Humongous regions: 207->207
[411.126s][info][gc,metaspace] GC(667) Metaspace: 57454K(57792K)->57454K(57792K) NonClass: 49165K(49408K)->49165K(49408K) Class: 8289K(8384K)->8289K(8384K)
[411.126s][info][gc          ] GC(667) Pause Young (Prepare Mixed) (G1 Evacuation Pause) 734M->265M(793M) 6.526ms
[411.126s][info][gc,cpu      ] GC(667) User=0.01s Sys=0.00s Real=0.01s
[412.343s][info][gc,start    ] GC(668) Pause Young (Mixed) (G1 Evacuation Pause)
[412.343s][info][gc,task     ] GC(668) Using 2 workers of 2 for evacuation
[412.349s][info][gc,phases   ] GC(668)   Pre Evacuate Collection Set: 0.37ms
[412.350s][info][gc,phases   ] GC(668)   Merge Heap Roots: 0.17ms
[412.350s][info][gc,phases   ] GC(668)   Evacuate Collection Set: 5.12ms
[412.350s][info][gc,phases   ] GC(668)   Post Evacuate Collection Set: 0.89ms
[412.350s][info][gc,phases   ] GC(668)   Other: 0.12ms
[412.350s][info][gc,heap     ] GC(668) Eden regions: 469->0(470)
[412.350s][info][gc,heap     ] GC(668) Survivor regions: 6->5(60)
[412.350s][info][gc,heap     ] GC(668) Old regions: 53->51
[412.350s][info][gc,heap     ] GC(668) Humongous regions: 207->207
[412.350s][info][gc,metaspace] GC(668) Metaspace: 57454K(57792K)->57454K(57792K) NonClass: 49165K(49408K)->49165K(49408K) Class: 8289K(8384K)->8289K(8384K)
[412.350s][info][gc          ] GC(668) Pause Young (Mixed) (G1 Evacuation Pause) 734M->262M(793M) 6.921ms
[412.350s][info][gc,cpu      ] GC(668) User=0.01s Sys=0.00s Real=0.00s
[413.610s][info][gc,start    ] GC(669) Pause Young (Concurrent Start) (G1 Evacuation Pause)
[413.610s][info][gc,task     ] GC(669) Using 2 workers of 2 for evacuation
[413.617s][info][gc,phases   ] GC(669)   Pre Evacuate Collection Set: 0.34ms
[413.617s][info][gc,phases   ] GC(669)   Merge Heap Roots: 0.15ms
[413.617s][info][gc,phases   ] GC(669)   Evacuate Collection Set: 5.68ms
[413.617s][info][gc,phases   ] GC(669)   Post Evacuate Collection Set: 0.86ms
[413.617s][info][gc,phases   ] GC(669)   Other: 0.13ms
[413.617s][info][gc,heap     ] GC(669) Eden regions: 470->0(470)
[413.617s][info][gc,heap     ] GC(669) Survivor regions: 5->5(60)
[413.617s][info][gc,heap     ] GC(669) Old regions: 51->51
[413.617s][info][gc,heap     ] GC(669) Humongous regions: 207->207
[413.617s][info][gc,metaspace] GC(669) Metaspace: 57454K(57792K)->57454K(57792K) NonClass: 49165K(49408K)->49165K(49408K) Class: 8289K(8384K)->8289K(8384K)
[413.617s][info][gc          ] GC(669) Pause Young (Concurrent Start) (G1 Evacuation Pause) 732M->262M(793M) 7.380ms
[413.617s][info][gc          ] GC(670) Concurrent Mark Cycle
[413.617s][info][gc,marking  ] GC(670) Concurrent Scan Root Regions
[413.619s][info][gc,cpu      ] GC(669) User=0.01s Sys=0.00s Real=0.01s
[413.624s][info][gc,marking  ] GC(670) Concurrent Scan Root Regions 7.061ms
[413.624s][info][gc,marking  ] GC(670) Concurrent Mark
[413.624s][info][gc,marking  ] GC(670) Concurrent Mark From Roots
[413.624s][info][gc,task     ] GC(670) Using 1 workers of 1 for marking
[413.686s][info][gc,marking  ] GC(670) Concurrent Mark From Roots 62.031ms
[413.686s][info][gc,marking  ] GC(670) Concurrent Preclean
[413.686s][info][gc,marking  ] GC(670) Concurrent Preclean 0.090ms
[413.687s][info][gc,start    ] GC(670) Pause Remark
[413.700s][info][gc          ] GC(670) Pause Remark 291M->291M(793M) 13.246ms
[413.700s][info][gc,cpu      ] GC(670) User=0.03s Sys=0.00s Real=0.01s
[413.701s][info][gc,marking  ] GC(670) Concurrent Mark 76.441ms
[413.701s][info][gc,marking  ] GC(670) Concurrent Rebuild Remembered Sets and Scrub Regions
[413.755s][info][gc,marking  ] GC(670) Concurrent Rebuild Remembered Sets and Scrub Regions 54.044ms
[413.755s][info][gc,start    ] GC(670) Pause Cleanup
[413.755s][info][gc          ] GC(670) Pause Cleanup 317M->317M(793M) 0.158ms
[413.755s][info][gc,cpu      ] GC(670) User=0.00s Sys=0.00s Real=0.00s
[413.756s][info][gc,marking  ] GC(670) Concurrent Clear Claimed Marks
[413.756s][info][gc,marking  ] GC(670) Concurrent Clear Claimed Marks 0.140ms
[413.756s][info][gc,marking  ] GC(670) Concurrent Cleanup for Next Mark
[413.763s][info][gc,marking  ] GC(670) Concurrent Cleanup for Next Mark 6.806ms
[413.763s][info][gc          ] GC(670) Concurrent Mark Cycle 146.080ms
[414.814s][info][gc,start    ] GC(671) Pause Young (Prepare Mixed) (G1 Evacuation Pause)
[414.814s][info][gc,task     ] GC(671) Using 2 workers of 2 for evacuation
[414.820s][info][gc,phases   ] GC(671)   Pre Evacuate Collection Set: 0.30ms
[414.820s][info][gc,phases   ] GC(671)   Merge Heap Roots: 0.17ms
[414.820s][info][gc,phases   ] GC(671)   Evacuate Collection Set: 4.51ms
[414.820s][info][gc,phases   ] GC(671)   Post Evacuate Collection Set: 0.77ms
[414.820s][info][gc,phases   ] GC(671)   Other: 0.11ms
[414.820s][info][gc,heap     ] GC(671) Eden regions: 470->0(470)
[414.820s][info][gc,heap     ] GC(671) Survivor regions: 5->5(60)
[414.820s][info][gc,heap     ] GC(671) Old regions: 51->51
[414.820s][info][gc,heap     ] GC(671) Humongous regions: 207->207
[414.820s][info][gc,metaspace] GC(671) Metaspace: 57457K(57792K)->57457K(57792K) NonClass: 49168K(49408K)->49168K(49408K) Class: 8289K(8384K)->8289K(8384K)
[414.820s][info][gc          ] GC(671) Pause Young (Prepare Mixed) (G1 Evacuation Pause) 732M->262M(793M) 6.060ms
[414.820s][info][gc,cpu      ] GC(671) User=0.01s Sys=0.00s Real=0.00s
[416.039s][info][gc,start    ] GC(672) Pause Young (Mixed) (G1 Evacuation Pause)
[416.039s][info][gc,task     ] GC(672) Using 2 workers of 2 for evacuation
[416.045s][info][gc,phases   ] GC(672)   Pre Evacuate Collection Set: 0.31ms
[416.045s][info][gc,phases   ] GC(672)   Merge Heap Roots: 0.17ms
[416.045s][info][gc,phases   ] GC(672)   Evacuate Collection Set: 4.51ms
[416.045s][info][gc,phases   ] GC(672)   Post Evacuate Collection Set: 0.86ms
[416.045s][info][gc,phases   ] GC(672)   Other: 0.13ms
[416.045s][info][gc,heap     ] GC(672) Eden regions: 470->0(470)
[416.045s][info][gc,heap     ] GC(672) Survivor regions: 5->5(60)
[416.045s][info][gc,heap     ] GC(672) Old regions: 51->49
[416.045s][info][gc,heap     ] GC(672) Humongous regions: 207->207
[416.045s][info][gc,metaspace] GC(672) Metaspace: 57457K(57792K)->57457K(57792K) NonClass: 49168K(49408K)->49168K(49408K) Class: 8289K(8384K)->8289K(8384K)
[416.045s][info][gc          ] GC(672) Pause Young (Mixed) (G1 Evacuation Pause) 732M->260M(793M) 6.218ms
[416.045s][info][gc,cpu      ] GC(672) User=0.01s Sys=0.00s Real=0.01s
[417.304s][info][gc,start    ] GC(673) Pause Young (Concurrent Start) (G1 Evacuation Pause)
[417.304s][info][gc,task     ] GC(673) Using 2 workers of 2 for evacuation
[417.309s][info][gc,phases   ] GC(673)   Pre Evacuate Collection Set: 0.33ms
[417.310s][info][gc,phases   ] GC(673)   Merge Heap Roots: 0.14ms
[417.310s][info][gc,phases   ] GC(673)   Evacuate Collection Set: 3.96ms
[417.310s][info][gc,phases   ] GC(673)   Post Evacuate Collection Set: 1.07ms
[417.310s][info][gc,phases   ] GC(673)   Other: 0.13ms
[417.310s][info][gc,heap     ] GC(673) Eden regions: 470->0(470)
[417.310s][info][gc,heap     ] GC(673) Survivor regions: 5->5(60)
[417.310s][info][gc,heap     ] GC(673) Old regions: 49->49
[417.310s][info][gc,heap     ] GC(673) Humongous regions: 207->207
[417.310s][info][gc,metaspace] GC(673) Metaspace: 57457K(57792K)->57457K(57792K) NonClass: 49168K(49408K)->49168K(49408K) Class: 8289K(8384K)->8289K(8384K)
[417.310s][info][gc          ] GC(673) Pause Young (Concurrent Start) (G1 Evacuation Pause) 730M->260M(793M) 5.808ms
[417.310s][info][gc,cpu      ] GC(673) User=0.01s Sys=0.00s Real=0.00s
[417.310s][info][gc          ] GC(674) Concurrent Mark Cycle
[417.310s][info][gc,marking  ] GC(674) Concurrent Scan Root Regions
[417.315s][info][gc,marking  ] GC(674) Concurrent Scan Root Regions 5.254ms
[417.315s][info][gc,marking  ] GC(674) Concurrent Mark
[417.315s][info][gc,marking  ] GC(674) Concurrent Mark From Roots
[417.315s][info][gc,task     ] GC(674) Using 1 workers of 1 for marking
[417.375s][info][gc,marking  ] GC(674) Concurrent Mark From Roots 59.789ms
[417.375s][info][gc,marking  ] GC(674) Concurrent Preclean
[417.375s][info][gc,marking  ] GC(674) Concurrent Preclean 0.093ms
[417.375s][info][gc,start    ] GC(674) Pause Remark
[417.409s][info][gc          ] GC(674) Pause Remark 265M->265M(793M) 34.308ms
[417.409s][info][gc,cpu      ] GC(674) User=0.03s Sys=0.01s Real=0.03s
[417.410s][info][gc,marking  ] GC(674) Concurrent Mark 95.118ms
[417.410s][info][gc,marking  ] GC(674) Concurrent Rebuild Remembered Sets and Scrub Regions
[417.464s][info][gc,marking  ] GC(674) Concurrent Rebuild Remembered Sets and Scrub Regions 54.027ms
[417.465s][info][gc,start    ] GC(674) Pause Cleanup
[417.465s][info][gc          ] GC(674) Pause Cleanup 287M->287M(793M) 0.108ms
[417.465s][info][gc,cpu      ] GC(674) User=0.00s Sys=0.00s Real=0.00s
[417.465s][info][gc,marking  ] GC(674) Concurrent Clear Claimed Marks
[417.465s][info][gc,marking  ] GC(674) Concurrent Clear Claimed Marks 0.105ms
[417.465s][info][gc,marking  ] GC(674) Concurrent Cleanup for Next Mark
[417.472s][info][gc,marking  ] GC(674) Concurrent Cleanup for Next Mark 6.712ms
[417.472s][info][gc          ] GC(674) Concurrent Mark Cycle 161.963ms
[418.528s][info][gc,start    ] GC(675) Pause Young (Prepare Mixed) (G1 Evacuation Pause)
[418.528s][info][gc,task     ] GC(675) Using 2 workers of 2 for evacuation
[418.534s][info][gc,phases   ] GC(675)   Pre Evacuate Collection Set: 0.33ms
[418.534s][info][gc,phases   ] GC(675)   Merge Heap Roots: 0.18ms
[418.534s][info][gc,phases   ] GC(675)   Evacuate Collection Set: 4.70ms
[418.534s][info][gc,phases   ] GC(675)   Post Evacuate Collection Set: 0.81ms
[418.534s][info][gc,phases   ] GC(675)   Other: 0.12ms
[418.534s][info][gc,heap     ] GC(675) Eden regions: 470->0(470)
[418.534s][info][gc,heap     ] GC(675) Survivor regions: 5->5(60)
[418.534s][info][gc,heap     ] GC(675) Old regions: 49->49
[418.534s][info][gc,heap     ] GC(675) Humongous regions: 207->207
[418.534s][info][gc,metaspace] GC(675) Metaspace: 57457K(57792K)->57457K(57792K) NonClass: 49168K(49408K)->49168K(49408K) Class: 8289K(8384K)->8289K(8384K)
[418.534s][info][gc          ] GC(675) Pause Young (Prepare Mixed) (G1 Evacuation Pause) 730M->260M(793M) 6.376ms
[418.534s][info][gc,cpu      ] GC(675) User=0.01s Sys=0.00s Real=0.01s
[419.815s][info][gc,start    ] GC(676) Pause Young (Mixed) (G1 Evacuation Pause)
[419.815s][info][gc,task     ] GC(676) Using 2 workers of 2 for evacuation
[419.820s][info][gc,phases   ] GC(676)   Pre Evacuate Collection Set: 0.29ms
[419.820s][info][gc,phases   ] GC(676)   Merge Heap Roots: 0.16ms
[419.820s][info][gc,phases   ] GC(676)   Evacuate Collection Set: 3.46ms
[419.820s][info][gc,phases   ] GC(676)   Post Evacuate Collection Set: 0.82ms
[419.820s][info][gc,phases   ] GC(676)   Other: 0.09ms
[419.820s][info][gc,heap     ] GC(676) Eden regions: 470->0(471)
[419.820s][info][gc,heap     ] GC(676) Survivor regions: 5->4(60)
[419.820s][info][gc,heap     ] GC(676) Old regions: 49->47
[419.820s][info][gc,heap     ] GC(676) Humongous regions: 207->207
[419.820s][info][gc,metaspace] GC(676) Metaspace: 57457K(57792K)->57457K(57792K) NonClass: 49168K(49408K)->49168K(49408K) Class: 8289K(8384K)->8289K(8384K)
[419.820s][info][gc          ] GC(676) Pause Young (Mixed) (G1 Evacuation Pause) 730M->257M(793M) 5.035ms
[419.820s][info][gc,cpu      ] GC(676) User=0.01s Sys=0.00s Real=0.00s
[421.011s][info][gc,start    ] GC(677) Pause Young (Normal) (G1 Evacuation Pause)
[421.011s][info][gc,task     ] GC(677) Using 2 workers of 2 for evacuation
[421.018s][info][gc,phases   ] GC(677)   Pre Evacuate Collection Set: 0.38ms
[421.018s][info][gc,phases   ] GC(677)   Merge Heap Roots: 0.16ms
[421.018s][info][gc,phases   ] GC(677)   Evacuate Collection Set: 5.84ms
[421.018s][info][gc,phases   ] GC(677)   Post Evacuate Collection Set: 0.85ms
[421.018s][info][gc,phases   ] GC(677)   Other: 0.12ms
[421.018s][info][gc,heap     ] GC(677) Eden regions: 471->0(470)
[421.018s][info][gc,heap     ] GC(677) Survivor regions: 4->5(60)
[421.018s][info][gc,heap     ] GC(677) Old regions: 47->47
[421.018s][info][gc,heap     ] GC(677) Humongous regions: 207->207
[421.018s][info][gc,metaspace] GC(677) Metaspace: 57457K(57792K)->57457K(57792K) NonClass: 49168K(49408K)->49168K(49408K) Class: 8289K(8384K)->8289K(8384K)
[421.018s][info][gc          ] GC(677) Pause Young (Normal) (G1 Evacuation Pause) 728M->258M(793M) 7.544ms
[421.018s][info][gc,cpu      ] GC(677) User=0.01s Sys=0.00s Real=0.01s
[422.348s][info][gc,start    ] GC(678) Pause Young (Normal) (G1 Evacuation Pause)
[422.348s][info][gc,task     ] GC(678) Using 2 workers of 2 for evacuation
[422.355s][info][gc,phases   ] GC(678)   Pre Evacuate Collection Set: 0.38ms
[422.355s][info][gc,phases   ] GC(678)   Merge Heap Roots: 0.20ms
[422.355s][info][gc,phases   ] GC(678)   Evacuate Collection Set: 5.00ms
[422.355s][info][gc,phases   ] GC(678)   Post Evacuate Collection Set: 0.94ms
[422.355s][info][gc,phases   ] GC(678)   Other: 0.12ms
[422.355s][info][gc,heap     ] GC(678) Eden regions: 470->0(471)
[422.355s][info][gc,heap     ] GC(678) Survivor regions: 5->4(60)
[422.355s][info][gc,heap     ] GC(678) Old regions: 47->47
[422.355s][info][gc,heap     ] GC(678) Humongous regions: 207->207
[422.355s][info][gc,metaspace] GC(678) Metaspace: 57457K(57792K)->57457K(57792K) NonClass: 49168K(49408K)->49168K(49408K) Class: 8289K(8384K)->8289K(8384K)
[422.355s][info][gc          ] GC(678) Pause Young (Normal) (G1 Evacuation Pause) 728M->257M(793M) 6.926ms
[422.355s][info][gc,cpu      ] GC(678) User=0.02s Sys=0.00s Real=0.01s
[423.608s][info][gc,start    ] GC(679) Pause Young (Normal) (G1 Evacuation Pause)
[423.608s][info][gc,task     ] GC(679) Using 2 workers of 2 for evacuation
[423.614s][info][gc,phases   ] GC(679)   Pre Evacuate Collection Set: 0.34ms
[423.614s][info][gc,phases   ] GC(679)   Merge Heap Roots: 0.16ms
[423.614s][info][gc,phases   ] GC(679)   Evacuate Collection Set: 4.57ms
[423.614s][info][gc,phases   ] GC(679)   Post Evacuate Collection Set: 0.83ms
[423.614s][info][gc,phases   ] GC(679)   Other: 0.12ms
[423.614s][info][gc,heap     ] GC(679) Eden regions: 471->0(470)
[423.614s][info][gc,heap     ] GC(679) Survivor regions: 4->5(60)
[423.614s][info][gc,heap     ] GC(679) Old regions: 47->47
[423.614s][info][gc,heap     ] GC(679) Humongous regions: 207->207
[423.614s][info][gc,metaspace] GC(679) Metaspace: 57457K(57792K)->57457K(57792K) NonClass: 49168K(49408K)->49168K(49408K) Class: 8289K(8384K)->8289K(8384K)
[423.614s][info][gc          ] GC(679) Pause Young (Normal) (G1 Evacuation Pause) 728M->258M(793M) 6.288ms
[423.614s][info][gc,cpu      ] GC(679) User=0.01s Sys=0.00s Real=0.01s
[424.846s][info][gc,start    ] GC(680) Pause Young (Normal) (G1 Evacuation Pause)
[424.846s][info][gc,task     ] GC(680) Using 2 workers of 2 for evacuation
[424.854s][info][gc,phases   ] GC(680)   Pre Evacuate Collection Set: 0.33ms
[424.854s][info][gc,phases   ] GC(680)   Merge Heap Roots: 0.17ms
[424.854s][info][gc,phases   ] GC(680)   Evacuate Collection Set: 5.99ms
[424.854s][info][gc,phases   ] GC(680)   Post Evacuate Collection Set: 0.80ms
[424.854s][info][gc,phases   ] GC(680)   Other: 0.12ms
[424.854s][info][gc,heap     ] GC(680) Eden regions: 470->0(469)
[424.854s][info][gc,heap     ] GC(680) Survivor regions: 5->6(60)
[424.854s][info][gc,heap     ] GC(680) Old regions: 47->47
[424.854s][info][gc,heap     ] GC(680) Humongous regions: 207->207
[424.854s][info][gc,metaspace] GC(680) Metaspace: 57457K(57792K)->57457K(57792K) NonClass: 49168K(49408K)->49168K(49408K) Class: 8289K(8384K)->8289K(8384K)
[424.854s][info][gc          ] GC(680) Pause Young (Normal) (G1 Evacuation Pause) 728M->259M(793M) 7.592ms
[424.854s][info][gc,cpu      ] GC(680) User=0.02s Sys=0.00s Real=0.01s
[426.067s][info][gc,start    ] GC(681) Pause Young (Normal) (G1 Evacuation Pause)
[426.067s][info][gc,task     ] GC(681) Using 2 workers of 2 for evacuation
[426.072s][info][gc,phases   ] GC(681)   Pre Evacuate Collection Set: 0.31ms
[426.072s][info][gc,phases   ] GC(681)   Merge Heap Roots: 0.16ms
[426.072s][info][gc,phases   ] GC(681)   Evacuate Collection Set: 3.07ms
[426.072s][info][gc,phases   ] GC(681)   Post Evacuate Collection Set: 1.48ms
[426.072s][info][gc,phases   ] GC(681)   Other: 0.12ms
[426.073s][info][gc,heap     ] GC(681) Eden regions: 469->0(471)
[426.073s][info][gc,heap     ] GC(681) Survivor regions: 6->4(60)
[426.073s][info][gc,heap     ] GC(681) Old regions: 47->47
[426.073s][info][gc,heap     ] GC(681) Humongous regions: 207->207
[426.073s][info][gc,metaspace] GC(681) Metaspace: 57457K(57792K)->57457K(57792K) NonClass: 49168K(49408K)->49168K(49408K) Class: 8289K(8384K)->8289K(8384K)
[426.073s][info][gc          ] GC(681) Pause Young (Normal) (G1 Evacuation Pause) 728M->257M(793M) 5.478ms
[426.073s][info][gc,cpu      ] GC(681) User=0.01s Sys=0.00s Real=0.01s
[427.305s][info][gc,start    ] GC(682) Pause Young (Normal) (G1 Evacuation Pause)
[427.305s][info][gc,task     ] GC(682) Using 2 workers of 2 for evacuation
[427.310s][info][gc,phases   ] GC(682)   Pre Evacuate Collection Set: 0.30ms
[427.310s][info][gc,phases   ] GC(682)   Merge Heap Roots: 0.15ms
[427.310s][info][gc,phases   ] GC(682)   Evacuate Collection Set: 3.38ms
[427.310s][info][gc,phases   ] GC(682)   Post Evacuate Collection Set: 0.85ms
[427.310s][info][gc,phases   ] GC(682)   Other: 0.11ms
[427.310s][info][gc,heap     ] GC(682) Eden regions: 471->0(471)
[427.310s][info][gc,heap     ] GC(682) Survivor regions: 4->4(60)
[427.310s][info][gc,heap     ] GC(682) Old regions: 47->48
[427.310s][info][gc,heap     ] GC(682) Humongous regions: 207->207
[427.310s][info][gc,metaspace] GC(682) Metaspace: 57457K(57792K)->57457K(57792K) NonClass: 49168K(49408K)->49168K(49408K) Class: 8289K(8384K)->8289K(8384K)
[427.310s][info][gc          ] GC(682) Pause Young (Normal) (G1 Evacuation Pause) 728M->257M(793M) 5.054ms
[427.310s][info][gc,cpu      ] GC(682) User=0.01s Sys=0.00s Real=0.00s
[428.597s][info][gc,start    ] GC(683) Pause Young (Normal) (G1 Evacuation Pause)
[428.597s][info][gc,task     ] GC(683) Using 2 workers of 2 for evacuation
[428.605s][info][gc,phases   ] GC(683)   Pre Evacuate Collection Set: 0.29ms
[428.605s][info][gc,phases   ] GC(683)   Merge Heap Roots: 0.16ms
[428.605s][info][gc,phases   ] GC(683)   Evacuate Collection Set: 6.12ms
[428.605s][info][gc,phases   ] GC(683)   Post Evacuate Collection Set: 0.80ms
[428.605s][info][gc,phases   ] GC(683)   Other: 0.11ms
[428.605s][info][gc,heap     ] GC(683) Eden regions: 471->0(469)
[428.605s][info][gc,heap     ] GC(683) Survivor regions: 4->6(60)
[428.605s][info][gc,heap     ] GC(683) Old regions: 48->48
[428.605s][info][gc,heap     ] GC(683) Humongous regions: 207->207
[428.605s][info][gc,metaspace] GC(683) Metaspace: 57457K(57792K)->57457K(57792K) NonClass: 49168K(49408K)->49168K(49408K) Class: 8289K(8384K)->8289K(8384K)
[428.605s][info][gc          ] GC(683) Pause Young (Normal) (G1 Evacuation Pause) 728M->259M(793M) 7.681ms
[428.605s][info][gc,cpu      ] GC(683) User=0.01s Sys=0.00s Real=0.01s
[429.813s][info][gc,start    ] GC(684) Pause Young (Normal) (G1 Evacuation Pause)
[429.814s][info][gc,task     ] GC(684) Using 2 workers of 2 for evacuation
[429.821s][info][gc,phases   ] GC(684)   Pre Evacuate Collection Set: 0.30ms
[429.821s][info][gc,phases   ] GC(684)   Merge Heap Roots: 0.15ms
[429.821s][info][gc,phases   ] GC(684)   Evacuate Collection Set: 5.62ms
[429.821s][info][gc,phases   ] GC(684)   Post Evacuate Collection Set: 1.12ms
[429.821s][info][gc,phases   ] GC(684)   Other: 0.11ms
[429.821s][info][gc,heap     ] GC(684) Eden regions: 469->0(472)
[429.821s][info][gc,heap     ] GC(684) Survivor regions: 6->3(60)
[429.821s][info][gc,heap     ] GC(684) Old regions: 48->50
[429.821s][info][gc,heap     ] GC(684) Humongous regions: 207->207
[429.821s][info][gc,metaspace] GC(684) Metaspace: 57457K(57792K)->57457K(57792K) NonClass: 49168K(49408K)->49168K(49408K) Class: 8289K(8384K)->8289K(8384K)
[429.821s][info][gc          ] GC(684) Pause Young (Normal) (G1 Evacuation Pause) 728M->259M(793M) 7.515ms
[429.821s][info][gc,cpu      ] GC(684) User=0.01s Sys=0.00s Real=0.00s
[431.026s][info][gc,start    ] GC(685) Pause Young (Normal) (G1 Evacuation Pause)
[431.026s][info][gc,task     ] GC(685) Using 2 workers of 2 for evacuation
[431.033s][info][gc,phases   ] GC(685)   Pre Evacuate Collection Set: 0.33ms
[431.033s][info][gc,phases   ] GC(685)   Merge Heap Roots: 0.15ms
[431.033s][info][gc,phases   ] GC(685)   Evacuate Collection Set: 5.29ms
[431.033s][info][gc,phases   ] GC(685)   Post Evacuate Collection Set: 0.83ms
[431.033s][info][gc,phases   ] GC(685)   Other: 0.10ms
[431.033s][info][gc,heap     ] GC(685) Eden regions: 472->0(472)
[431.033s][info][gc,heap     ] GC(685) Survivor regions: 3->3(60)
[431.033s][info][gc,heap     ] GC(685) Old regions: 50->50
[431.033s][info][gc,heap     ] GC(685) Humongous regions: 207->207
[431.033s][info][gc,metaspace] GC(685) Metaspace: 57457K(57792K)->57457K(57792K) NonClass: 49168K(49408K)->49168K(49408K) Class: 8289K(8384K)->8289K(8384K)
[431.033s][info][gc          ] GC(685) Pause Young (Normal) (G1 Evacuation Pause) 731M->258M(793M) 6.937ms
[431.033s][info][gc,cpu      ] GC(685) User=0.02s Sys=0.00s Real=0.01s
[432.252s][info][gc,start    ] GC(686) Pause Young (Normal) (G1 Evacuation Pause)
[432.252s][info][gc,task     ] GC(686) Using 2 workers of 2 for evacuation
[432.257s][info][gc,phases   ] GC(686)   Pre Evacuate Collection Set: 0.36ms
[432.257s][info][gc,phases   ] GC(686)   Merge Heap Roots: 0.29ms
[432.257s][info][gc,phases   ] GC(686)   Evacuate Collection Set: 3.24ms
[432.257s][info][gc,phases   ] GC(686)   Post Evacuate Collection Set: 0.84ms
[432.257s][info][gc,phases   ] GC(686)   Other: 0.12ms
[432.257s][info][gc,heap     ] GC(686) Eden regions: 472->0(474)
[432.257s][info][gc,heap     ] GC(686) Survivor regions: 3->1(60)
[432.257s][info][gc,heap     ] GC(686) Old regions: 50->50
[432.257s][info][gc,heap     ] GC(686) Humongous regions: 207->207
[432.257s][info][gc,metaspace] GC(686) Metaspace: 57457K(57792K)->57457K(57792K) NonClass: 49168K(49408K)->49168K(49408K) Class: 8289K(8384K)->8289K(8384K)
[432.257s][info][gc          ] GC(686) Pause Young (Normal) (G1 Evacuation Pause) 730M->257M(793M) 5.075ms
[432.257s][info][gc,cpu      ] GC(686) User=0.01s Sys=0.00s Real=0.01s
[433.610s][info][gc,start    ] GC(687) Pause Young (Normal) (G1 Evacuation Pause)
[433.610s][info][gc,task     ] GC(687) Using 2 workers of 2 for evacuation
[433.617s][info][gc,phases   ] GC(687)   Pre Evacuate Collection Set: 0.31ms
[433.617s][info][gc,phases   ] GC(687)   Merge Heap Roots: 0.16ms
[433.617s][info][gc,phases   ] GC(687)   Evacuate Collection Set: 4.71ms
[433.617s][info][gc,phases   ] GC(687)   Post Evacuate Collection Set: 0.96ms
[433.617s][info][gc,phases   ] GC(687)   Other: 0.10ms
[433.617s][info][gc,heap     ] GC(687) Eden regions: 474->0(473)
[433.617s][info][gc,heap     ] GC(687) Survivor regions: 1->2(60)
[433.617s][info][gc,heap     ] GC(687) Old regions: 50->50
[433.617s][info][gc,heap     ] GC(687) Humongous regions: 207->207
[433.617s][info][gc,metaspace] GC(687) Metaspace: 57457K(57792K)->57457K(57792K) NonClass: 49168K(49408K)->49168K(49408K) Class: 8289K(8384K)->8289K(8384K)
[433.617s][info][gc          ] GC(687) Pause Young (Normal) (G1 Evacuation Pause) 731M->258M(793M) 6.460ms
[433.617s][info][gc,cpu      ] GC(687) User=0.02s Sys=0.00s Real=0.01s
[434.060s][info][gc,start    ] GC(688) Pause Young (Concurrent Start) (G1 Humongous Allocation)
[434.060s][info][gc,task     ] GC(688) Using 2 workers of 2 for evacuation
[434.064s][info][gc,phases   ] GC(688)   Pre Evacuate Collection Set: 0.37ms
[434.064s][info][gc,phases   ] GC(688)   Merge Heap Roots: 0.11ms
[434.064s][info][gc,phases   ] GC(688)   Evacuate Collection Set: 2.58ms
[434.064s][info][gc,phases   ] GC(688)   Post Evacuate Collection Set: 0.60ms
[434.064s][info][gc,phases   ] GC(688)   Other: 0.12ms
[434.064s][info][gc,heap     ] GC(688) Eden regions: 179->0(474)
[434.064s][info][gc,heap     ] GC(688) Survivor regions: 2->1(60)
[434.064s][info][gc,heap     ] GC(688) Old regions: 50->50
[434.064s][info][gc,heap     ] GC(688) Humongous regions: 207->207
[434.064s][info][gc,metaspace] GC(688) Metaspace: 57463K(57792K)->57463K(57792K) NonClass: 49173K(49408K)->49173K(49408K) Class: 8289K(8384K)->8289K(8384K)
[434.064s][info][gc          ] GC(688) Pause Young (Concurrent Start) (G1 Humongous Allocation) 437M->257M(793M) 3.998ms
[434.064s][info][gc,cpu      ] GC(688) User=0.01s Sys=0.00s Real=0.01s
[434.064s][info][gc          ] GC(689) Concurrent Undo Cycle
[434.064s][info][gc,marking  ] GC(689) Concurrent Clear Claimed Marks
[434.064s][info][gc,marking  ] GC(689) Concurrent Clear Claimed Marks 0.596ms
[434.064s][info][gc,marking  ] GC(689) Concurrent Cleanup for Next Mark
[434.066s][info][gc,marking  ] GC(689) Concurrent Cleanup for Next Mark 1.530ms
[434.066s][info][gc          ] GC(689) Concurrent Undo Cycle 2.280ms
[434.233s][info][gc,start    ] GC(690) Pause Young (Concurrent Start) (G1 Humongous Allocation)
[434.233s][info][gc,task     ] GC(690) Using 2 workers of 2 for evacuation
[434.236s][info][gc,phases   ] GC(690)   Pre Evacuate Collection Set: 0.32ms
[434.236s][info][gc,phases   ] GC(690)   Merge Heap Roots: 0.10ms
[434.236s][info][gc,phases   ] GC(690)   Evacuate Collection Set: 2.17ms
[434.236s][info][gc,phases   ] GC(690)   Post Evacuate Collection Set: 0.41ms
[434.236s][info][gc,phases   ] GC(690)   Other: 0.09ms
[434.236s][info][gc,heap     ] GC(690) Eden regions: 2->0(454)
[434.236s][info][gc,heap     ] GC(690) Survivor regions: 1->1(60)
[434.236s][info][gc,heap     ] GC(690) Old regions: 50->50
[434.236s][info][gc,heap     ] GC(690) Humongous regions: 246->246
[434.236s][info][gc,metaspace] GC(690) Metaspace: 57463K(57792K)->57463K(57792K) NonClass: 49173K(49408K)->49173K(49408K) Class: 8289K(8384K)->8289K(8384K)
[434.236s][info][gc          ] GC(690) Pause Young (Concurrent Start) (G1 Humongous Allocation) 297M->295M(793M) 3.278ms
[434.236s][info][gc,cpu      ] GC(690) User=0.00s Sys=0.00s Real=0.00s
[434.236s][info][gc          ] GC(691) Concurrent Mark Cycle
[434.236s][info][gc,marking  ] GC(691) Concurrent Scan Root Regions
[434.238s][info][gc,marking  ] GC(691) Concurrent Scan Root Regions 1.642ms
[434.238s][info][gc,marking  ] GC(691) Concurrent Mark
[434.238s][info][gc,marking  ] GC(691) Concurrent Mark From Roots
[434.238s][info][gc,task     ] GC(691) Using 1 workers of 1 for marking
[434.287s][info][gc,marking  ] GC(691) Concurrent Mark From Roots 49.003ms
[434.287s][info][gc,marking  ] GC(691) Concurrent Preclean
[434.287s][info][gc,marking  ] GC(691) Concurrent Preclean 0.077ms
[434.287s][info][gc,start    ] GC(691) Pause Remark
[434.299s][info][gc          ] GC(691) Pause Remark 335M->335M(793M) 12.083ms
[434.299s][info][gc,cpu      ] GC(691) User=0.02s Sys=0.00s Real=0.01s
[434.300s][info][gc,marking  ] GC(691) Concurrent Mark 61.918ms
[434.300s][info][gc,marking  ] GC(691) Concurrent Rebuild Remembered Sets and Scrub Regions
[434.320s][info][gc,marking  ] GC(691) Concurrent Rebuild Remembered Sets and Scrub Regions 20.726ms
[434.321s][info][gc,start    ] GC(691) Pause Cleanup
[434.321s][info][gc          ] GC(691) Pause Cleanup 335M->335M(793M) 0.101ms
[434.321s][info][gc,cpu      ] GC(691) User=0.00s Sys=0.00s Real=0.00s
[434.321s][info][gc,marking  ] GC(691) Concurrent Clear Claimed Marks
[434.321s][info][gc,marking  ] GC(691) Concurrent Clear Claimed Marks 0.098ms
[434.321s][info][gc,marking  ] GC(691) Concurrent Cleanup for Next Mark
[434.324s][info][gc,marking  ] GC(691) Concurrent Cleanup for Next Mark 2.852ms
[434.324s][info][gc          ] GC(691) Concurrent Mark Cycle 87.813ms
[438.027s][info][gc,start    ] GC(692) Pause Young (Prepare Mixed) (G1 Evacuation Pause)
[438.027s][info][gc,task     ] GC(692) Using 2 workers of 2 for evacuation
[438.045s][info][gc,phases   ] GC(692)   Pre Evacuate Collection Set: 0.33ms
[438.045s][info][gc,phases   ] GC(692)   Merge Heap Roots: 0.17ms
[438.045s][info][gc,phases   ] GC(692)   Evacuate Collection Set: 16.89ms
[438.045s][info][gc,phases   ] GC(692)   Post Evacuate Collection Set: 1.03ms
[438.045s][info][gc,phases   ] GC(692)   Other: 0.12ms
[438.045s][info][gc,heap     ] GC(692) Eden regions: 379->0(469)
[438.045s][info][gc,heap     ] GC(692) Survivor regions: 1->15(57)
[438.045s][info][gc,heap     ] GC(692) Old regions: 50->50
[438.045s][info][gc,heap     ] GC(692) Humongous regions: 363->207
[438.045s][info][gc,metaspace] GC(692) Metaspace: 57612K(57920K)->57612K(57920K) NonClass: 49322K(49536K)->49322K(49536K) Class: 8289K(8384K)->8289K(8384K)
[438.045s][info][gc          ] GC(692) Pause Young (Prepare Mixed) (G1 Evacuation Pause) 791M->271M(808M) 18.744ms
[438.046s][info][gc,cpu      ] GC(692) User=0.03s Sys=0.02s Real=0.02s
[439.294s][info][gc,start    ] GC(693) Pause Young (Mixed) (G1 Evacuation Pause)
[439.294s][info][gc,task     ] GC(693) Using 2 workers of 2 for evacuation
[439.302s][info][gc,phases   ] GC(693)   Pre Evacuate Collection Set: 0.30ms
[439.302s][info][gc,phases   ] GC(693)   Merge Heap Roots: 0.20ms
[439.302s][info][gc,phases   ] GC(693)   Evacuate Collection Set: 7.00ms
[439.302s][info][gc,phases   ] GC(693)   Post Evacuate Collection Set: 0.90ms
[439.302s][info][gc,phases   ] GC(693)   Other: 0.09ms
[439.302s][info][gc,heap     ] GC(693) Eden regions: 469->0(470)
[439.302s][info][gc,heap     ] GC(693) Survivor regions: 15->14(61)
[439.302s][info][gc,heap     ] GC(693) Old regions: 50->49
[439.302s][info][gc,heap     ] GC(693) Humongous regions: 207->207
[439.302s][info][gc,metaspace] GC(693) Metaspace: 57612K(57920K)->57612K(57920K) NonClass: 49322K(49536K)->49322K(49536K) Class: 8289K(8384K)->8289K(8384K)
[439.302s][info][gc          ] GC(693) Pause Young (Mixed) (G1 Evacuation Pause) 740M->268M(808M) 8.719ms
[439.302s][info][gc,cpu      ] GC(693) User=0.02s Sys=0.00s Real=0.01s
[440.505s][info][gc,start    ] GC(694) Pause Young (Concurrent Start) (G1 Evacuation Pause)
[440.505s][info][gc,task     ] GC(694) Using 2 workers of 2 for evacuation
[440.516s][info][gc,phases   ] GC(694)   Pre Evacuate Collection Set: 0.32ms
[440.516s][info][gc,phases   ] GC(694)   Merge Heap Roots: 0.16ms
[440.516s][info][gc,phases   ] GC(694)   Evacuate Collection Set: 8.55ms
[440.516s][info][gc,phases   ] GC(694)   Post Evacuate Collection Set: 0.93ms
[440.516s][info][gc,phases   ] GC(694)   Other: 0.14ms
[440.516s][info][gc,heap     ] GC(694) Eden regions: 470->0(469)
[440.516s][info][gc,heap     ] GC(694) Survivor regions: 14->15(61)
[440.516s][info][gc,heap     ] GC(694) Old regions: 49->49
[440.516s][info][gc,heap     ] GC(694) Humongous regions: 207->207
[440.516s][info][gc,metaspace] GC(694) Metaspace: 57612K(57920K)->57612K(57920K) NonClass: 49322K(49536K)->49322K(49536K) Class: 8289K(8384K)->8289K(8384K)
[440.516s][info][gc          ] GC(694) Pause Young (Concurrent Start) (G1 Evacuation Pause) 738M->269M(808M) 10.308ms
[440.516s][info][gc,cpu      ] GC(694) User=0.02s Sys=0.00s Real=0.01s
[440.516s][info][gc          ] GC(695) Concurrent Mark Cycle
[440.516s][info][gc,marking  ] GC(695) Concurrent Scan Root Regions
[440.526s][info][gc,marking  ] GC(695) Concurrent Scan Root Regions 9.907ms
[440.526s][info][gc,marking  ] GC(695) Concurrent Mark
[440.526s][info][gc,marking  ] GC(695) Concurrent Mark From Roots
[440.526s][info][gc,task     ] GC(695) Using 1 workers of 1 for marking
[440.593s][info][gc,marking  ] GC(695) Concurrent Mark From Roots 67.010ms
[440.593s][info][gc,marking  ] GC(695) Concurrent Preclean
[440.593s][info][gc,marking  ] GC(695) Concurrent Preclean 0.059ms
[440.595s][info][gc,start    ] GC(695) Pause Remark
[440.619s][info][gc          ] GC(695) Pause Remark 293M->293M(808M) 24.535ms
[440.619s][info][gc,cpu      ] GC(695) User=0.02s Sys=0.00s Real=0.02s
[440.622s][info][gc,marking  ] GC(695) Concurrent Mark 95.686ms
[440.622s][info][gc,marking  ] GC(695) Concurrent Rebuild Remembered Sets and Scrub Regions
[440.662s][info][gc,marking  ] GC(695) Concurrent Rebuild Remembered Sets and Scrub Regions 39.972ms
[440.664s][info][gc,start    ] GC(695) Pause Cleanup
[440.664s][info][gc          ] GC(695) Pause Cleanup 293M->293M(808M) 0.157ms
[440.664s][info][gc,cpu      ] GC(695) User=0.00s Sys=0.00s Real=0.00s
[440.664s][info][gc,marking  ] GC(695) Concurrent Clear Claimed Marks
[440.664s][info][gc,marking  ] GC(695) Concurrent Clear Claimed Marks 0.143ms
[440.664s][info][gc,marking  ] GC(695) Concurrent Cleanup for Next Mark
[440.669s][info][gc,marking  ] GC(695) Concurrent Cleanup for Next Mark 4.102ms
[440.669s][info][gc          ] GC(695) Concurrent Mark Cycle 152.868ms
[441.733s][info][gc,start    ] GC(696) Pause Young (Prepare Mixed) (G1 Evacuation Pause)
[441.733s][info][gc,task     ] GC(696) Using 2 workers of 2 for evacuation
[441.744s][info][gc,phases   ] GC(696)   Pre Evacuate Collection Set: 0.52ms
[441.744s][info][gc,phases   ] GC(696)   Merge Heap Roots: 0.22ms
[441.744s][info][gc,phases   ] GC(696)   Evacuate Collection Set: 9.26ms
[441.744s][info][gc,phases   ] GC(696)   Post Evacuate Collection Set: 0.88ms
[441.744s][info][gc,phases   ] GC(696)   Other: 0.10ms
[441.744s][info][gc,heap     ] GC(696) Eden regions: 469->0(469)
[441.744s][info][gc,heap     ] GC(696) Survivor regions: 15->15(61)
[441.744s][info][gc,heap     ] GC(696) Old regions: 49->49
[441.744s][info][gc,heap     ] GC(696) Humongous regions: 207->207
[441.744s][info][gc,metaspace] GC(696) Metaspace: 57612K(57920K)->57612K(57920K) NonClass: 49322K(49536K)->49322K(49536K) Class: 8289K(8384K)->8289K(8384K)
[441.744s][info][gc          ] GC(696) Pause Young (Prepare Mixed) (G1 Evacuation Pause) 738M->269M(808M) 11.215ms
[441.744s][info][gc,cpu      ] GC(696) User=0.02s Sys=0.00s Real=0.01s
[442.992s][info][gc,start    ] GC(697) Pause Young (Mixed) (G1 Evacuation Pause)
[442.992s][info][gc,task     ] GC(697) Using 2 workers of 2 for evacuation
[443.000s][info][gc,phases   ] GC(697)   Pre Evacuate Collection Set: 0.31ms
[443.000s][info][gc,phases   ] GC(697)   Merge Heap Roots: 0.15ms
[443.000s][info][gc,phases   ] GC(697)   Evacuate Collection Set: 6.12ms
[443.000s][info][gc,phases   ] GC(697)   Post Evacuate Collection Set: 0.87ms
[443.000s][info][gc,phases   ] GC(697)   Other: 0.12ms
[443.000s][info][gc,heap     ] GC(697) Eden regions: 469->0(471)
[443.000s][info][gc,heap     ] GC(697) Survivor regions: 15->13(61)
[443.000s][info][gc,heap     ] GC(697) Old regions: 49->48
[443.000s][info][gc,heap     ] GC(697) Humongous regions: 207->207
[443.000s][info][gc,metaspace] GC(697) Metaspace: 57613K(57920K)->57613K(57920K) NonClass: 49323K(49536K)->49323K(49536K) Class: 8289K(8384K)->8289K(8384K)
[443.000s][info][gc          ] GC(697) Pause Young (Mixed) (G1 Evacuation Pause) 738M->267M(808M) 7.794ms
[443.000s][info][gc,cpu      ] GC(697) User=0.01s Sys=0.00s Real=0.01s
[444.215s][info][gc,start    ] GC(698) Pause Young (Concurrent Start) (G1 Evacuation Pause)
[444.215s][info][gc,task     ] GC(698) Using 2 workers of 2 for evacuation
[444.227s][info][gc,phases   ] GC(698)   Pre Evacuate Collection Set: 0.34ms
[444.227s][info][gc,phases   ] GC(698)   Merge Heap Roots: 0.18ms
[444.227s][info][gc,phases   ] GC(698)   Evacuate Collection Set: 8.80ms
[444.227s][info][gc,phases   ] GC(698)   Post Evacuate Collection Set: 0.88ms
[444.227s][info][gc,phases   ] GC(698)   Other: 1.97ms
[444.227s][info][gc,heap     ] GC(698) Eden regions: 471->0(469)
[444.227s][info][gc,heap     ] GC(698) Survivor regions: 13->15(61)
[444.227s][info][gc,heap     ] GC(698) Old regions: 48->48
[444.227s][info][gc,heap     ] GC(698) Humongous regions: 207->207
[444.227s][info][gc,metaspace] GC(698) Metaspace: 57613K(57920K)->57613K(57920K) NonClass: 49323K(49536K)->49323K(49536K) Class: 8289K(8384K)->8289K(8384K)
[444.227s][info][gc          ] GC(698) Pause Young (Concurrent Start) (G1 Evacuation Pause) 738M->268M(808M) 12.374ms
[444.227s][info][gc,cpu      ] GC(698) User=0.02s Sys=0.00s Real=0.01s
[444.227s][info][gc          ] GC(699) Concurrent Mark Cycle
[444.228s][info][gc,marking  ] GC(699) Concurrent Scan Root Regions
[444.238s][info][gc,marking  ] GC(699) Concurrent Scan Root Regions 10.455ms
[444.238s][info][gc,marking  ] GC(699) Concurrent Mark
[444.238s][info][gc,marking  ] GC(699) Concurrent Mark From Roots
[444.238s][info][gc,task     ] GC(699) Using 1 workers of 1 for marking
[444.287s][info][gc,marking  ] GC(699) Concurrent Mark From Roots 49.156ms
[444.287s][info][gc,marking  ] GC(699) Concurrent Preclean
[444.288s][info][gc,marking  ] GC(699) Concurrent Preclean 0.058ms
[444.288s][info][gc,start    ] GC(699) Pause Remark
[444.299s][info][gc          ] GC(699) Pause Remark 288M->288M(808M) 11.713ms
[444.299s][info][gc,cpu      ] GC(699) User=0.02s Sys=0.00s Real=0.01s
[444.301s][info][gc,marking  ] GC(699) Concurrent Mark 62.797ms
[444.301s][info][gc,marking  ] GC(699) Concurrent Rebuild Remembered Sets and Scrub Regions
[444.338s][info][gc,marking  ] GC(699) Concurrent Rebuild Remembered Sets and Scrub Regions 36.896ms
[444.338s][info][gc,start    ] GC(699) Pause Cleanup
[444.338s][info][gc          ] GC(699) Pause Cleanup 312M->312M(808M) 0.100ms
[444.338s][info][gc,cpu      ] GC(699) User=0.00s Sys=0.00s Real=0.00s
[444.339s][info][gc,marking  ] GC(699) Concurrent Clear Claimed Marks
[444.339s][info][gc,marking  ] GC(699) Concurrent Clear Claimed Marks 0.111ms
[444.339s][info][gc,marking  ] GC(699) Concurrent Cleanup for Next Mark
[444.344s][info][gc,marking  ] GC(699) Concurrent Cleanup for Next Mark 4.526ms
[444.344s][info][gc          ] GC(699) Concurrent Mark Cycle 116.661ms
[445.442s][info][gc,start    ] GC(700) Pause Young (Prepare Mixed) (G1 Evacuation Pause)
[445.442s][info][gc,task     ] GC(700) Using 2 workers of 2 for evacuation
[445.451s][info][gc,phases   ] GC(700)   Pre Evacuate Collection Set: 0.30ms
[445.451s][info][gc,phases   ] GC(700)   Merge Heap Roots: 0.18ms
[445.451s][info][gc,phases   ] GC(700)   Evacuate Collection Set: 7.31ms
[445.451s][info][gc,phases   ] GC(700)   Post Evacuate Collection Set: 0.85ms
[445.451s][info][gc,phases   ] GC(700)   Other: 0.09ms
[445.451s][info][gc,heap     ] GC(700) Eden regions: 469->0(470)
[445.451s][info][gc,heap     ] GC(700) Survivor regions: 15->14(61)
[445.451s][info][gc,heap     ] GC(700) Old regions: 48->48
[445.451s][info][gc,heap     ] GC(700) Humongous regions: 207->207
[445.451s][info][gc,metaspace] GC(700) Metaspace: 57615K(57920K)->57615K(57920K) NonClass: 49325K(49536K)->49325K(49536K) Class: 8289K(8384K)->8289K(8384K)
[445.451s][info][gc          ] GC(700) Pause Young (Prepare Mixed) (G1 Evacuation Pause) 737M->267M(808M) 8.948ms
[445.451s][info][gc,cpu      ] GC(700) User=0.01s Sys=0.00s Real=0.00s
[446.708s][info][gc,start    ] GC(701) Pause Young (Mixed) (G1 Evacuation Pause)
[446.708s][info][gc,task     ] GC(701) Using 2 workers of 2 for evacuation
[446.719s][info][gc,phases   ] GC(701)   Pre Evacuate Collection Set: 0.30ms
[446.719s][info][gc,phases   ] GC(701)   Merge Heap Roots: 0.18ms
[446.719s][info][gc,phases   ] GC(701)   Evacuate Collection Set: 8.91ms
[446.719s][info][gc,phases   ] GC(701)   Post Evacuate Collection Set: 0.96ms
[446.719s][info][gc,phases   ] GC(701)   Other: 0.10ms
[446.719s][info][gc,heap     ] GC(701) Eden regions: 470->0(470)
[446.719s][info][gc,heap     ] GC(701) Survivor regions: 14->14(61)
[446.719s][info][gc,heap     ] GC(701) Old regions: 48->47
[446.719s][info][gc,heap     ] GC(701) Humongous regions: 207->207
[446.719s][info][gc,metaspace] GC(701) Metaspace: 57615K(57920K)->57615K(57920K) NonClass: 49325K(49536K)->49325K(49536K) Class: 8289K(8384K)->8289K(8384K)
[446.719s][info][gc          ] GC(701) Pause Young (Mixed) (G1 Evacuation Pause) 737M->267M(808M) 10.667ms
[446.719s][info][gc,cpu      ] GC(701) User=0.02s Sys=0.00s Real=0.01s
[447.924s][info][gc,start    ] GC(702) Pause Young (Concurrent Start) (G1 Evacuation Pause)
[447.924s][info][gc,task     ] GC(702) Using 2 workers of 2 for evacuation
[447.935s][info][gc,phases   ] GC(702)   Pre Evacuate Collection Set: 0.33ms
[447.935s][info][gc,phases   ] GC(702)   Merge Heap Roots: 0.15ms
[447.935s][info][gc,phases   ] GC(702)   Evacuate Collection Set: 9.12ms
[447.935s][info][gc,phases   ] GC(702)   Post Evacuate Collection Set: 0.83ms
[447.935s][info][gc,phases   ] GC(702)   Other: 0.11ms
[447.935s][info][gc,heap     ] GC(702) Eden regions: 470->0(469)
[447.935s][info][gc,heap     ] GC(702) Survivor regions: 14->15(61)
[447.935s][info][gc,heap     ] GC(702) Old regions: 47->47
[447.935s][info][gc,heap     ] GC(702) Humongous regions: 207->207
[447.935s][info][gc,metaspace] GC(702) Metaspace: 57615K(57920K)->57615K(57920K) NonClass: 49325K(49536K)->49325K(49536K) Class: 8289K(8384K)->8289K(8384K)
[447.935s][info][gc          ] GC(702) Pause Young (Concurrent Start) (G1 Evacuation Pause) 737M->268M(808M) 10.725ms
[447.935s][info][gc,cpu      ] GC(702) User=0.02s Sys=0.00s Real=0.01s
[447.935s][info][gc          ] GC(703) Concurrent Mark Cycle
[447.936s][info][gc,marking  ] GC(703) Concurrent Scan Root Regions
[447.945s][info][gc,marking  ] GC(703) Concurrent Scan Root Regions 8.962ms
[447.945s][info][gc,marking  ] GC(703) Concurrent Mark
[447.945s][info][gc,marking  ] GC(703) Concurrent Mark From Roots
[447.945s][info][gc,task     ] GC(703) Using 1 workers of 1 for marking
[448.022s][info][gc,marking  ] GC(703) Concurrent Mark From Roots 76.897ms
[448.022s][info][gc,marking  ] GC(703) Concurrent Preclean
[448.022s][info][gc,marking  ] GC(703) Concurrent Preclean 0.056ms
[448.022s][info][gc,start    ] GC(703) Pause Remark
[448.033s][info][gc          ] GC(703) Pause Remark 299M->299M(808M) 10.784ms
[448.033s][info][gc,cpu      ] GC(703) User=0.02s Sys=0.00s Real=0.02s
[448.033s][info][gc,marking  ] GC(703) Concurrent Mark 88.679ms
[448.034s][info][gc,marking  ] GC(703) Concurrent Rebuild Remembered Sets and Scrub Regions
[448.069s][info][gc,marking  ] GC(703) Concurrent Rebuild Remembered Sets and Scrub Regions 35.734ms
[448.069s][info][gc,start    ] GC(703) Pause Cleanup
[448.069s][info][gc          ] GC(703) Pause Cleanup 321M->321M(808M) 0.082ms
[448.069s][info][gc,cpu      ] GC(703) User=0.00s Sys=0.00s Real=0.00s
[448.070s][info][gc,marking  ] GC(703) Concurrent Clear Claimed Marks
[448.070s][info][gc,marking  ] GC(703) Concurrent Clear Claimed Marks 0.092ms
[448.070s][info][gc,marking  ] GC(703) Concurrent Cleanup for Next Mark
[448.072s][info][gc,marking  ] GC(703) Concurrent Cleanup for Next Mark 2.459ms
[448.072s][info][gc          ] GC(703) Concurrent Mark Cycle 137.177ms
[449.142s][info][gc,start    ] GC(704) Pause Young (Prepare Mixed) (G1 Evacuation Pause)
[449.142s][info][gc,task     ] GC(704) Using 2 workers of 2 for evacuation
[449.150s][info][gc,phases   ] GC(704)   Pre Evacuate Collection Set: 0.34ms
[449.150s][info][gc,phases   ] GC(704)   Merge Heap Roots: 0.16ms
[449.150s][info][gc,phases   ] GC(704)   Evacuate Collection Set: 6.82ms
[449.150s][info][gc,phases   ] GC(704)   Post Evacuate Collection Set: 0.83ms
[449.150s][info][gc,phases   ] GC(704)   Other: 0.10ms
[449.150s][info][gc,heap     ] GC(704) Eden regions: 469->0(469)
[449.150s][info][gc,heap     ] GC(704) Survivor regions: 15->15(61)
[449.150s][info][gc,heap     ] GC(704) Old regions: 47->47
[449.150s][info][gc,heap     ] GC(704) Humongous regions: 207->207
[449.150s][info][gc,metaspace] GC(704) Metaspace: 57615K(57920K)->57615K(57920K) NonClass: 49325K(49536K)->49325K(49536K) Class: 8289K(8384K)->8289K(8384K)
[449.150s][info][gc          ] GC(704) Pause Young (Prepare Mixed) (G1 Evacuation Pause) 737M->268M(808M) 8.450ms
[449.150s][info][gc,cpu      ] GC(704) User=0.01s Sys=0.00s Real=0.01s
[450.404s][info][gc,start    ] GC(705) Pause Young (Mixed) (G1 Evacuation Pause)
[450.404s][info][gc,task     ] GC(705) Using 2 workers of 2 for evacuation
[450.415s][info][gc,phases   ] GC(705)   Pre Evacuate Collection Set: 0.31ms
[450.415s][info][gc,phases   ] GC(705)   Merge Heap Roots: 0.17ms
[450.415s][info][gc,phases   ] GC(705)   Evacuate Collection Set: 9.04ms
[450.415s][info][gc,phases   ] GC(705)   Post Evacuate Collection Set: 0.92ms
[450.415s][info][gc,phases   ] GC(705)   Other: 0.09ms
[450.415s][info][gc,heap     ] GC(705) Eden regions: 469->0(470)
[450.415s][info][gc,heap     ] GC(705) Survivor regions: 15->14(61)
[450.415s][info][gc,heap     ] GC(705) Old regions: 47->47
[450.415s][info][gc,heap     ] GC(705) Humongous regions: 207->207
[450.415s][info][gc,metaspace] GC(705) Metaspace: 57615K(57920K)->57615K(57920K) NonClass: 49325K(49536K)->49325K(49536K) Class: 8289K(8384K)->8289K(8384K)
[450.415s][info][gc          ] GC(705) Pause Young (Mixed) (G1 Evacuation Pause) 737M->267M(808M) 10.721ms
[450.415s][info][gc,cpu      ] GC(705) User=0.02s Sys=0.00s Real=0.01s
[451.618s][info][gc,start    ] GC(706) Pause Young (Concurrent Start) (G1 Evacuation Pause)
[451.618s][info][gc,task     ] GC(706) Using 2 workers of 2 for evacuation
[451.629s][info][gc,phases   ] GC(706)   Pre Evacuate Collection Set: 0.32ms
[451.629s][info][gc,phases   ] GC(706)   Merge Heap Roots: 0.15ms
[451.629s][info][gc,phases   ] GC(706)   Evacuate Collection Set: 9.19ms
[451.629s][info][gc,phases   ] GC(706)   Post Evacuate Collection Set: 0.97ms
[451.629s][info][gc,phases   ] GC(706)   Other: 0.14ms
[451.629s][info][gc,heap     ] GC(706) Eden regions: 470->0(469)
[451.629s][info][gc,heap     ] GC(706) Survivor regions: 14->15(61)
[451.629s][info][gc,heap     ] GC(706) Old regions: 47->47
[451.629s][info][gc,heap     ] GC(706) Humongous regions: 207->207
[451.629s][info][gc,metaspace] GC(706) Metaspace: 57615K(57920K)->57615K(57920K) NonClass: 49325K(49536K)->49325K(49536K) Class: 8289K(8384K)->8289K(8384K)
[451.629s][info][gc          ] GC(706) Pause Young (Concurrent Start) (G1 Evacuation Pause) 737M->268M(808M) 11.036ms
[451.629s][info][gc,cpu      ] GC(706) User=0.02s Sys=0.00s Real=0.01s
[451.629s][info][gc          ] GC(707) Concurrent Mark Cycle
[451.630s][info][gc,marking  ] GC(707) Concurrent Scan Root Regions
[451.636s][info][gc,marking  ] GC(707) Concurrent Scan Root Regions 5.989ms
[451.636s][info][gc,marking  ] GC(707) Concurrent Mark
[451.636s][info][gc,marking  ] GC(707) Concurrent Mark From Roots
[451.636s][info][gc,task     ] GC(707) Using 1 workers of 1 for marking
[451.681s][info][gc,marking  ] GC(707) Concurrent Mark From Roots 45.871ms
[451.681s][info][gc,marking  ] GC(707) Concurrent Preclean
[451.682s][info][gc,marking  ] GC(707) Concurrent Preclean 0.060ms
[451.682s][info][gc,start    ] GC(707) Pause Remark
[451.708s][info][gc          ] GC(707) Pause Remark 282M->282M(808M) 26.183ms
[451.708s][info][gc,cpu      ] GC(707) User=0.02s Sys=0.00s Real=0.03s
[451.713s][info][gc,marking  ] GC(707) Concurrent Mark 77.420ms
[451.713s][info][gc,marking  ] GC(707) Concurrent Rebuild Remembered Sets and Scrub Regions
[451.748s][info][gc,marking  ] GC(707) Concurrent Rebuild Remembered Sets and Scrub Regions 34.710ms
[451.748s][info][gc,start    ] GC(707) Pause Cleanup
[451.748s][info][gc          ] GC(707) Pause Cleanup 282M->282M(808M) 0.092ms
[451.748s][info][gc,cpu      ] GC(707) User=0.00s Sys=0.00s Real=0.00s
[451.748s][info][gc,marking  ] GC(707) Concurrent Clear Claimed Marks
[451.748s][info][gc,marking  ] GC(707) Concurrent Clear Claimed Marks 0.110ms
[451.748s][info][gc,marking  ] GC(707) Concurrent Cleanup for Next Mark
[451.751s][info][gc,marking  ] GC(707) Concurrent Cleanup for Next Mark 2.897ms
[451.751s][info][gc          ] GC(707) Concurrent Mark Cycle 121.646ms
[452.871s][info][gc,start    ] GC(708) Pause Young (Prepare Mixed) (G1 Evacuation Pause)
[452.871s][info][gc,task     ] GC(708) Using 2 workers of 2 for evacuation
[452.883s][info][gc,phases   ] GC(708)   Pre Evacuate Collection Set: 0.49ms
[452.883s][info][gc,phases   ] GC(708)   Merge Heap Roots: 0.22ms
[452.883s][info][gc,phases   ] GC(708)   Evacuate Collection Set: 9.80ms
[452.883s][info][gc,phases   ] GC(708)   Post Evacuate Collection Set: 0.97ms
[452.883s][info][gc,phases   ] GC(708)   Other: 0.10ms
[452.883s][info][gc,heap     ] GC(708) Eden regions: 469->0(470)
[452.883s][info][gc,heap     ] GC(708) Survivor regions: 15->14(61)
[452.883s][info][gc,heap     ] GC(708) Old regions: 47->47
[452.883s][info][gc,heap     ] GC(708) Humongous regions: 207->207
[452.883s][info][gc,metaspace] GC(708) Metaspace: 57615K(57920K)->57615K(57920K) NonClass: 49325K(49536K)->49325K(49536K) Class: 8289K(8384K)->8289K(8384K)
[452.883s][info][gc          ] GC(708) Pause Young (Prepare Mixed) (G1 Evacuation Pause) 737M->267M(808M) 11.865ms
[452.883s][info][gc,cpu      ] GC(708) User=0.01s Sys=0.00s Real=0.02s
[454.119s][info][gc,start    ] GC(709) Pause Young (Mixed) (G1 Evacuation Pause)
[454.120s][info][gc,task     ] GC(709) Using 2 workers of 2 for evacuation
[454.132s][info][gc,phases   ] GC(709)   Pre Evacuate Collection Set: 0.31ms
[454.132s][info][gc,phases   ] GC(709)   Merge Heap Roots: 0.17ms
[454.132s][info][gc,phases   ] GC(709)   Evacuate Collection Set: 11.03ms
[454.132s][info][gc,phases   ] GC(709)   Post Evacuate Collection Set: 0.96ms
[454.132s][info][gc,phases   ] GC(709)   Other: 0.14ms
[454.132s][info][gc,heap     ] GC(709) Eden regions: 470->0(469)
[454.132s][info][gc,heap     ] GC(709) Survivor regions: 14->15(61)
[454.132s][info][gc,heap     ] GC(709) Old regions: 47->47
[454.132s][info][gc,heap     ] GC(709) Humongous regions: 207->207
[454.132s][info][gc,metaspace] GC(709) Metaspace: 57615K(57920K)->57615K(57920K) NonClass: 49325K(49536K)->49325K(49536K) Class: 8289K(8384K)->8289K(8384K)
[454.132s][info][gc          ] GC(709) Pause Young (Mixed) (G1 Evacuation Pause) 737M->268M(808M) 12.877ms
[454.132s][info][gc,cpu      ] GC(709) User=0.03s Sys=0.00s Real=0.02s
[455.340s][info][gc,start    ] GC(710) Pause Young (Concurrent Start) (G1 Evacuation Pause)
[455.340s][info][gc,task     ] GC(710) Using 2 workers of 2 for evacuation
[455.351s][info][gc,phases   ] GC(710)   Pre Evacuate Collection Set: 0.32ms
[455.351s][info][gc,phases   ] GC(710)   Merge Heap Roots: 0.17ms
[455.351s][info][gc,phases   ] GC(710)   Evacuate Collection Set: 9.06ms
[455.351s][info][gc,phases   ] GC(710)   Post Evacuate Collection Set: 0.98ms
[455.351s][info][gc,phases   ] GC(710)   Other: 0.12ms
[455.351s][info][gc,heap     ] GC(710) Eden regions: 469->0(468)
[455.351s][info][gc,heap     ] GC(710) Survivor regions: 15->16(61)
[455.351s][info][gc,heap     ] GC(710) Old regions: 47->47
[455.351s][info][gc,heap     ] GC(710) Humongous regions: 207->207
[455.351s][info][gc,metaspace] GC(710) Metaspace: 57615K(57920K)->57615K(57920K) NonClass: 49325K(49536K)->49325K(49536K) Class: 8289K(8384K)->8289K(8384K)
[455.351s][info][gc          ] GC(710) Pause Young (Concurrent Start) (G1 Evacuation Pause) 737M->268M(808M) 10.904ms
[455.351s][info][gc,cpu      ] GC(710) User=0.03s Sys=0.00s Real=0.01s
[455.351s][info][gc          ] GC(711) Concurrent Mark Cycle
[455.353s][info][gc,marking  ] GC(711) Concurrent Scan Root Regions
[455.359s][info][gc,marking  ] GC(711) Concurrent Scan Root Regions 6.298ms
[455.359s][info][gc,marking  ] GC(711) Concurrent Mark
[455.359s][info][gc,marking  ] GC(711) Concurrent Mark From Roots
[455.359s][info][gc,task     ] GC(711) Using 1 workers of 1 for marking
[455.426s][info][gc,marking  ] GC(711) Concurrent Mark From Roots 67.463ms
[455.426s][info][gc,marking  ] GC(711) Concurrent Preclean
[455.426s][info][gc,marking  ] GC(711) Concurrent Preclean 0.058ms
[455.427s][info][gc,start    ] GC(711) Pause Remark
[455.439s][info][gc          ] GC(711) Pause Remark 292M->280M(808M) 11.896ms
[455.439s][info][gc,cpu      ] GC(711) User=0.02s Sys=0.00s Real=0.01s
[455.440s][info][gc,marking  ] GC(711) Concurrent Mark 80.928ms
[455.440s][info][gc,marking  ] GC(711) Concurrent Rebuild Remembered Sets and Scrub Regions
[455.458s][info][gc,marking  ] GC(711) Concurrent Rebuild Remembered Sets and Scrub Regions 17.803ms
[455.458s][info][gc,start    ] GC(711) Pause Cleanup
[455.458s][info][gc          ] GC(711) Pause Cleanup 287M->287M(808M) 0.090ms
[455.458s][info][gc,cpu      ] GC(711) User=0.00s Sys=0.00s Real=0.00s
[455.458s][info][gc,marking  ] GC(711) Concurrent Clear Claimed Marks
[455.458s][info][gc,marking  ] GC(711) Concurrent Clear Claimed Marks 0.123ms
[455.458s][info][gc,marking  ] GC(711) Concurrent Cleanup for Next Mark
[455.461s][info][gc,marking  ] GC(711) Concurrent Cleanup for Next Mark 3.029ms
[455.461s][info][gc          ] GC(711) Concurrent Mark Cycle 110.006ms
[456.603s][info][gc,start    ] GC(712) Pause Young (Prepare Mixed) (G1 Evacuation Pause)
[456.603s][info][gc,task     ] GC(712) Using 2 workers of 2 for evacuation
[456.612s][info][gc,phases   ] GC(712)   Pre Evacuate Collection Set: 0.33ms
[456.612s][info][gc,phases   ] GC(712)   Merge Heap Roots: 0.17ms
[456.612s][info][gc,phases   ] GC(712)   Evacuate Collection Set: 7.51ms
[456.612s][info][gc,phases   ] GC(712)   Post Evacuate Collection Set: 0.87ms
[456.612s][info][gc,phases   ] GC(712)   Other: 0.10ms
[456.612s][info][gc,heap     ] GC(712) Eden regions: 468->0(481)
[456.612s][info][gc,heap     ] GC(712) Survivor regions: 16->3(61)
[456.612s][info][gc,heap     ] GC(712) Old regions: 35->47
[456.612s][info][gc,heap     ] GC(712) Humongous regions: 207->207
[456.612s][info][gc,metaspace] GC(712) Metaspace: 57615K(57920K)->57615K(57920K) NonClass: 49325K(49536K)->49325K(49536K) Class: 8289K(8384K)->8289K(8384K)
[456.612s][info][gc          ] GC(712) Pause Young (Prepare Mixed) (G1 Evacuation Pause) 724M->256M(808M) 9.196ms
[456.612s][info][gc,cpu      ] GC(712) User=0.02s Sys=0.01s Real=0.00s
[457.936s][info][gc,start    ] GC(713) Pause Young (Mixed) (G1 Evacuation Pause)
[457.936s][info][gc,task     ] GC(713) Using 2 workers of 2 for evacuation
[457.942s][info][gc,phases   ] GC(713)   Pre Evacuate Collection Set: 0.29ms
[457.942s][info][gc,phases   ] GC(713)   Merge Heap Roots: 0.17ms
[457.942s][info][gc,phases   ] GC(713)   Evacuate Collection Set: 4.16ms
[457.942s][info][gc,phases   ] GC(713)   Post Evacuate Collection Set: 0.85ms
[457.942s][info][gc,phases   ] GC(713)   Other: 0.12ms
[457.942s][info][gc,heap     ] GC(713) Eden regions: 481->0(481)
[457.942s][info][gc,heap     ] GC(713) Survivor regions: 3->3(61)
[457.942s][info][gc,heap     ] GC(713) Old regions: 47->44
[457.942s][info][gc,heap     ] GC(713) Humongous regions: 207->207
[457.942s][info][gc,metaspace] GC(713) Metaspace: 57615K(57920K)->57615K(57920K) NonClass: 49325K(49536K)->49325K(49536K) Class: 8289K(8384K)->8289K(8384K)
[457.942s][info][gc          ] GC(713) Pause Young (Mixed) (G1 Evacuation Pause) 736M->253M(808M) 5.789ms
[457.942s][info][gc,cpu      ] GC(713) User=0.01s Sys=0.00s Real=0.00s
[459.229s][info][gc,start    ] GC(714) Pause Young (Concurrent Start) (G1 Evacuation Pause)
[459.229s][info][gc,task     ] GC(714) Using 2 workers of 2 for evacuation
[459.235s][info][gc,phases   ] GC(714)   Pre Evacuate Collection Set: 0.36ms
[459.235s][info][gc,phases   ] GC(714)   Merge Heap Roots: 0.14ms
[459.235s][info][gc,phases   ] GC(714)   Evacuate Collection Set: 4.62ms
[459.235s][info][gc,phases   ] GC(714)   Post Evacuate Collection Set: 0.83ms
[459.235s][info][gc,phases   ] GC(714)   Other: 0.15ms
[459.235s][info][gc,heap     ] GC(714) Eden regions: 481->0(481)
[459.235s][info][gc,heap     ] GC(714) Survivor regions: 3->3(61)
[459.235s][info][gc,heap     ] GC(714) Old regions: 44->44
[459.235s][info][gc,heap     ] GC(714) Humongous regions: 207->207
[459.235s][info][gc,metaspace] GC(714) Metaspace: 57616K(57920K)->57616K(57920K) NonClass: 49326K(49536K)->49326K(49536K) Class: 8289K(8384K)->8289K(8384K)
[459.235s][info][gc          ] GC(714) Pause Young (Concurrent Start) (G1 Evacuation Pause) 734M->253M(808M) 6.333ms
[459.235s][info][gc          ] GC(715) Concurrent Mark Cycle
[459.235s][info][gc,marking  ] GC(715) Concurrent Scan Root Regions
[459.237s][info][gc,cpu      ] GC(714) User=0.01s Sys=0.00s Real=0.01s
[459.241s][info][gc,marking  ] GC(715) Concurrent Scan Root Regions 5.818ms
[459.241s][info][gc,marking  ] GC(715) Concurrent Mark
[459.241s][info][gc,marking  ] GC(715) Concurrent Mark From Roots
[459.241s][info][gc,task     ] GC(715) Using 1 workers of 1 for marking
[459.314s][info][gc,marking  ] GC(715) Concurrent Mark From Roots 72.930ms
[459.314s][info][gc,marking  ] GC(715) Concurrent Preclean
[459.314s][info][gc,marking  ] GC(715) Concurrent Preclean 0.095ms
[459.315s][info][gc,start    ] GC(715) Pause Remark
[459.327s][info][gc          ] GC(715) Pause Remark 282M->282M(808M) 12.708ms
[459.327s][info][gc,cpu      ] GC(715) User=0.02s Sys=0.00s Real=0.01s
[459.329s][info][gc,marking  ] GC(715) Concurrent Mark 88.076ms
[459.329s][info][gc,marking  ] GC(715) Concurrent Rebuild Remembered Sets and Scrub Regions
[459.364s][info][gc,marking  ] GC(715) Concurrent Rebuild Remembered Sets and Scrub Regions 34.838ms
[459.364s][info][gc,start    ] GC(715) Pause Cleanup
[459.365s][info][gc          ] GC(715) Pause Cleanup 301M->301M(808M) 0.085ms
[459.365s][info][gc,cpu      ] GC(715) User=0.00s Sys=0.00s Real=0.00s
[459.365s][info][gc,marking  ] GC(715) Concurrent Clear Claimed Marks
[459.365s][info][gc,marking  ] GC(715) Concurrent Clear Claimed Marks 0.093ms
[459.365s][info][gc,marking  ] GC(715) Concurrent Cleanup for Next Mark
[459.367s][info][gc,marking  ] GC(715) Concurrent Cleanup for Next Mark 2.502ms
[459.367s][info][gc          ] GC(715) Concurrent Mark Cycle 131.780ms
[460.506s][info][gc,start    ] GC(716) Pause Young (Prepare Mixed) (G1 Evacuation Pause)
[460.506s][info][gc,task     ] GC(716) Using 2 workers of 2 for evacuation
[460.512s][info][gc,phases   ] GC(716)   Pre Evacuate Collection Set: 0.30ms
[460.512s][info][gc,phases   ] GC(716)   Merge Heap Roots: 0.18ms
[460.512s][info][gc,phases   ] GC(716)   Evacuate Collection Set: 4.18ms
[460.512s][info][gc,phases   ] GC(716)   Post Evacuate Collection Set: 0.91ms
[460.512s][info][gc,phases   ] GC(716)   Other: 0.10ms
[460.512s][info][gc,heap     ] GC(716) Eden regions: 481->0(480)
[460.512s][info][gc,heap     ] GC(716) Survivor regions: 3->4(61)
[460.512s][info][gc,heap     ] GC(716) Old regions: 44->44
[460.512s][info][gc,heap     ] GC(716) Humongous regions: 207->207
[460.512s][info][gc,metaspace] GC(716) Metaspace: 57616K(57920K)->57616K(57920K) NonClass: 49326K(49536K)->49326K(49536K) Class: 8289K(8384K)->8289K(8384K)
[460.512s][info][gc          ] GC(716) Pause Young (Prepare Mixed) (G1 Evacuation Pause) 734M->253M(808M) 5.923ms
[460.512s][info][gc,cpu      ] GC(716) User=0.01s Sys=0.00s Real=0.00s
[461.797s][info][gc,start    ] GC(717) Pause Young (Mixed) (G1 Evacuation Pause)
[461.797s][info][gc,task     ] GC(717) Using 2 workers of 2 for evacuation
[461.804s][info][gc,phases   ] GC(717)   Pre Evacuate Collection Set: 0.30ms
[461.804s][info][gc,phases   ] GC(717)   Merge Heap Roots: 0.17ms
[461.804s][info][gc,phases   ] GC(717)   Evacuate Collection Set: 4.96ms
[461.804s][info][gc,phases   ] GC(717)   Post Evacuate Collection Set: 0.91ms
[461.804s][info][gc,phases   ] GC(717)   Other: 0.10ms
[461.804s][info][gc,heap     ] GC(717) Eden regions: 480->0(480)
[461.804s][info][gc,heap     ] GC(717) Survivor regions: 4->4(61)
[461.804s][info][gc,heap     ] GC(717) Old regions: 44->42
[461.804s][info][gc,heap     ] GC(717) Humongous regions: 207->207
[461.804s][info][gc,metaspace] GC(717) Metaspace: 57616K(57920K)->57616K(57920K) NonClass: 49326K(49536K)->49326K(49536K) Class: 8289K(8384K)->8289K(8384K)
[461.804s][info][gc          ] GC(717) Pause Young (Mixed) (G1 Evacuation Pause) 733M->252M(808M) 6.650ms
[461.804s][info][gc,cpu      ] GC(717) User=0.01s Sys=0.01s Real=0.01s
[463.019s][info][gc,start    ] GC(718) Pause Young (Concurrent Start) (G1 Evacuation Pause)
[463.019s][info][gc,task     ] GC(718) Using 2 workers of 2 for evacuation
[463.033s][info][gc,phases   ] GC(718)   Pre Evacuate Collection Set: 0.36ms
[463.033s][info][gc,phases   ] GC(718)   Merge Heap Roots: 0.17ms
[463.033s][info][gc,phases   ] GC(718)   Evacuate Collection Set: 11.79ms
[463.033s][info][gc,phases   ] GC(718)   Post Evacuate Collection Set: 1.01ms
[463.033s][info][gc,phases   ] GC(718)   Other: 0.13ms
[463.033s][info][gc,heap     ] GC(718) Eden regions: 480->0(476)
[463.033s][info][gc,heap     ] GC(718) Survivor regions: 4->8(61)
[463.033s][info][gc,heap     ] GC(718) Old regions: 42->42
[463.033s][info][gc,heap     ] GC(718) Humongous regions: 207->207
[463.033s][info][gc,metaspace] GC(718) Metaspace: 57616K(57920K)->57616K(57920K) NonClass: 49326K(49536K)->49326K(49536K) Class: 8289K(8384K)->8289K(8384K)
[463.033s][info][gc          ] GC(718) Pause Young (Concurrent Start) (G1 Evacuation Pause) 732M->256M(808M) 13.729ms
[463.033s][info][gc          ] GC(719) Concurrent Mark Cycle
[463.033s][info][gc,marking  ] GC(719) Concurrent Scan Root Regions
[463.034s][info][gc,cpu      ] GC(718) User=0.03s Sys=0.00s Real=0.02s
[463.043s][info][gc,marking  ] GC(719) Concurrent Scan Root Regions 9.341ms
[463.043s][info][gc,marking  ] GC(719) Concurrent Mark
[463.043s][info][gc,marking  ] GC(719) Concurrent Mark From Roots
[463.043s][info][gc,task     ] GC(719) Using 1 workers of 1 for marking
[463.129s][info][gc,marking  ] GC(719) Concurrent Mark From Roots 86.733ms
[463.129s][info][gc,marking  ] GC(719) Concurrent Preclean
[463.129s][info][gc,marking  ] GC(719) Concurrent Preclean 0.082ms
[463.130s][info][gc,start    ] GC(719) Pause Remark
[463.142s][info][gc          ] GC(719) Pause Remark 296M->296M(808M) 12.000ms
[463.142s][info][gc,cpu      ] GC(719) User=0.02s Sys=0.00s Real=0.01s
[463.142s][info][gc,marking  ] GC(719) Concurrent Mark 99.587ms
[463.142s][info][gc,marking  ] GC(719) Concurrent Rebuild Remembered Sets and Scrub Regions
[463.170s][info][gc,marking  ] GC(719) Concurrent Rebuild Remembered Sets and Scrub Regions 28.214ms
[463.171s][info][gc,start    ] GC(719) Pause Cleanup
[463.171s][info][gc          ] GC(719) Pause Cleanup 308M->308M(808M) 0.126ms
[463.171s][info][gc,cpu      ] GC(719) User=0.00s Sys=0.00s Real=0.00s
[463.171s][info][gc,marking  ] GC(719) Concurrent Clear Claimed Marks
[463.171s][info][gc,marking  ] GC(719) Concurrent Clear Claimed Marks 0.135ms
[463.171s][info][gc,marking  ] GC(719) Concurrent Cleanup for Next Mark
[463.176s][info][gc,marking  ] GC(719) Concurrent Cleanup for Next Mark 4.861ms
[463.176s][info][gc          ] GC(719) Concurrent Mark Cycle 142.957ms
[464.263s][info][gc,start    ] GC(720) Pause Young (Prepare Mixed) (G1 Evacuation Pause)
[464.263s][info][gc,task     ] GC(720) Using 2 workers of 2 for evacuation
[464.268s][info][gc,phases   ] GC(720)   Pre Evacuate Collection Set: 0.33ms
[464.268s][info][gc,phases   ] GC(720)   Merge Heap Roots: 0.17ms
[464.268s][info][gc,phases   ] GC(720)   Evacuate Collection Set: 3.41ms
[464.268s][info][gc,phases   ] GC(720)   Post Evacuate Collection Set: 0.85ms
[464.268s][info][gc,phases   ] GC(720)   Other: 0.14ms
[464.268s][info][gc,heap     ] GC(720) Eden regions: 476->0(480)
[464.268s][info][gc,heap     ] GC(720) Survivor regions: 8->4(61)
[464.268s][info][gc,heap     ] GC(720) Old regions: 42->42
[464.268s][info][gc,heap     ] GC(720) Humongous regions: 207->207
[464.268s][info][gc,metaspace] GC(720) Metaspace: 57616K(57920K)->57616K(57920K) NonClass: 49326K(49536K)->49326K(49536K) Class: 8289K(8384K)->8289K(8384K)
[464.268s][info][gc          ] GC(720) Pause Young (Prepare Mixed) (G1 Evacuation Pause) 732M->252M(808M) 5.159ms
[464.268s][info][gc,cpu      ] GC(720) User=0.01s Sys=0.00s Real=0.00s
[465.531s][info][gc,start    ] GC(721) Pause Young (Mixed) (G1 Evacuation Pause)
[465.531s][info][gc,task     ] GC(721) Using 2 workers of 2 for evacuation
[465.538s][info][gc,phases   ] GC(721)   Pre Evacuate Collection Set: 0.30ms
[465.538s][info][gc,phases   ] GC(721)   Merge Heap Roots: 0.15ms
[465.538s][info][gc,phases   ] GC(721)   Evacuate Collection Set: 5.79ms
[465.539s][info][gc,phases   ] GC(721)   Post Evacuate Collection Set: 0.93ms
[465.539s][info][gc,phases   ] GC(721)   Other: 0.10ms
[465.539s][info][gc,heap     ] GC(721) Eden regions: 480->0(478)
[465.539s][info][gc,heap     ] GC(721) Survivor regions: 4->6(61)
[465.539s][info][gc,heap     ] GC(721) Old regions: 42->40
[465.539s][info][gc,heap     ] GC(721) Humongous regions: 207->207
[465.539s][info][gc,metaspace] GC(721) Metaspace: 57616K(57920K)->57616K(57920K) NonClass: 49326K(49536K)->49326K(49536K) Class: 8289K(8384K)->8289K(8384K)
[465.539s][info][gc          ] GC(721) Pause Young (Mixed) (G1 Evacuation Pause) 732M->252M(808M) 7.492ms
[465.539s][info][gc,cpu      ] GC(721) User=0.01s Sys=0.00s Real=0.01s
[466.837s][info][gc,start    ] GC(722) Pause Young (Concurrent Start) (G1 Evacuation Pause)
[466.837s][info][gc,task     ] GC(722) Using 2 workers of 2 for evacuation
[466.842s][info][gc,phases   ] GC(722)   Pre Evacuate Collection Set: 0.33ms
[466.842s][info][gc,phases   ] GC(722)   Merge Heap Roots: 0.15ms
[466.842s][info][gc,phases   ] GC(722)   Evacuate Collection Set: 3.25ms
[466.842s][info][gc,phases   ] GC(722)   Post Evacuate Collection Set: 0.87ms
[466.842s][info][gc,phases   ] GC(722)   Other: 0.11ms
[466.842s][info][gc,heap     ] GC(722) Eden regions: 478->0(480)
[466.842s][info][gc,heap     ] GC(722) Survivor regions: 6->4(61)
[466.842s][info][gc,heap     ] GC(722) Old regions: 40->40
[466.842s][info][gc,heap     ] GC(722) Humongous regions: 207->207
[466.842s][info][gc,metaspace] GC(722) Metaspace: 57616K(57920K)->57616K(57920K) NonClass: 49326K(49536K)->49326K(49536K) Class: 8289K(8384K)->8289K(8384K)
[466.842s][info][gc          ] GC(722) Pause Young (Concurrent Start) (G1 Evacuation Pause) 730M->250M(808M) 4.918ms
[466.842s][info][gc,cpu      ] GC(722) User=0.01s Sys=0.00s Real=0.00s
[466.842s][info][gc          ] GC(723) Concurrent Mark Cycle
[466.844s][info][gc,marking  ] GC(723) Concurrent Scan Root Regions
[466.850s][info][gc,marking  ] GC(723) Concurrent Scan Root Regions 5.873ms
[466.850s][info][gc,marking  ] GC(723) Concurrent Mark
[466.850s][info][gc,marking  ] GC(723) Concurrent Mark From Roots
[466.850s][info][gc,task     ] GC(723) Using 1 workers of 1 for marking
[466.939s][info][gc,marking  ] GC(723) Concurrent Mark From Roots 89.201ms
[466.939s][info][gc,marking  ] GC(723) Concurrent Preclean
[466.939s][info][gc,marking  ] GC(723) Concurrent Preclean 0.079ms
[466.939s][info][gc,start    ] GC(723) Pause Remark
[466.951s][info][gc          ] GC(723) Pause Remark 303M->303M(808M) 11.240ms
[466.951s][info][gc,cpu      ] GC(723) User=0.02s Sys=0.00s Real=0.01s
[466.952s][info][gc,marking  ] GC(723) Concurrent Mark 101.903ms
[466.952s][info][gc,marking  ] GC(723) Concurrent Rebuild Remembered Sets and Scrub Regions
[466.975s][info][gc,marking  ] GC(723) Concurrent Rebuild Remembered Sets and Scrub Regions 23.103ms
[466.975s][info][gc,start    ] GC(723) Pause Cleanup
[466.975s][info][gc          ] GC(723) Pause Cleanup 310M->310M(808M) 0.119ms
[466.975s][info][gc,cpu      ] GC(723) User=0.00s Sys=0.00s Real=0.00s
[466.975s][info][gc,marking  ] GC(723) Concurrent Clear Claimed Marks
[466.976s][info][gc,marking  ] GC(723) Concurrent Clear Claimed Marks 0.117ms
[466.976s][info][gc,marking  ] GC(723) Concurrent Cleanup for Next Mark
[466.978s][info][gc,marking  ] GC(723) Concurrent Cleanup for Next Mark 2.524ms
[466.978s][info][gc          ] GC(723) Concurrent Mark Cycle 136.442ms
[468.097s][info][gc,start    ] GC(724) Pause Young (Prepare Mixed) (G1 Evacuation Pause)
[468.097s][info][gc,task     ] GC(724) Using 2 workers of 2 for evacuation
[468.102s][info][gc,phases   ] GC(724)   Pre Evacuate Collection Set: 0.31ms
[468.102s][info][gc,phases   ] GC(724)   Merge Heap Roots: 0.19ms
[468.102s][info][gc,phases   ] GC(724)   Evacuate Collection Set: 3.60ms
[468.102s][info][gc,phases   ] GC(724)   Post Evacuate Collection Set: 0.85ms
[468.102s][info][gc,phases   ] GC(724)   Other: 0.12ms
[468.102s][info][gc,heap     ] GC(724) Eden regions: 480->0(480)
[468.102s][info][gc,heap     ] GC(724) Survivor regions: 4->4(61)
[468.102s][info][gc,heap     ] GC(724) Old regions: 40->40
[468.102s][info][gc,heap     ] GC(724) Humongous regions: 207->207
[468.102s][info][gc,metaspace] GC(724) Metaspace: 57616K(57920K)->57616K(57920K) NonClass: 49326K(49536K)->49326K(49536K) Class: 8289K(8384K)->8289K(8384K)
[468.102s][info][gc          ] GC(724) Pause Young (Prepare Mixed) (G1 Evacuation Pause) 730M->250M(808M) 5.292ms
[468.102s][info][gc,cpu      ] GC(724) User=0.01s Sys=0.00s Real=0.00s
[469.441s][info][gc,start    ] GC(725) Pause Young (Mixed) (G1 Evacuation Pause)
[469.441s][info][gc,task     ] GC(725) Using 2 workers of 2 for evacuation
[469.448s][info][gc,phases   ] GC(725)   Pre Evacuate Collection Set: 0.34ms
[469.448s][info][gc,phases   ] GC(725)   Merge Heap Roots: 0.16ms
[469.448s][info][gc,phases   ] GC(725)   Evacuate Collection Set: 5.24ms
[469.448s][info][gc,phases   ] GC(725)   Post Evacuate Collection Set: 0.92ms
[469.448s][info][gc,phases   ] GC(725)   Other: 0.11ms
[469.448s][info][gc,heap     ] GC(725) Eden regions: 480->0(479)
[469.448s][info][gc,heap     ] GC(725) Survivor regions: 4->5(61)
[469.448s][info][gc,heap     ] GC(725) Old regions: 40->39
[469.448s][info][gc,heap     ] GC(725) Humongous regions: 207->207
[469.448s][info][gc,metaspace] GC(725) Metaspace: 57616K(57920K)->57616K(57920K) NonClass: 49326K(49536K)->49326K(49536K) Class: 8289K(8384K)->8289K(8384K)
[469.448s][info][gc          ] GC(725) Pause Young (Mixed) (G1 Evacuation Pause) 730M->249M(808M) 6.990ms
[469.448s][info][gc,cpu      ] GC(725) User=0.02s Sys=0.00s Real=0.01s
[470.760s][info][gc,start    ] GC(726) Pause Young (Concurrent Start) (G1 Evacuation Pause)
[470.760s][info][gc,task     ] GC(726) Using 2 workers of 2 for evacuation
[470.768s][info][gc,phases   ] GC(726)   Pre Evacuate Collection Set: 0.36ms
[470.768s][info][gc,phases   ] GC(726)   Merge Heap Roots: 0.16ms
[470.768s][info][gc,phases   ] GC(726)   Evacuate Collection Set: 7.06ms
[470.768s][info][gc,phases   ] GC(726)   Post Evacuate Collection Set: 0.92ms
[470.768s][info][gc,phases   ] GC(726)   Other: 0.12ms
[470.768s][info][gc,heap     ] GC(726) Eden regions: 479->0(478)
[470.768s][info][gc,heap     ] GC(726) Survivor regions: 5->6(61)
[470.768s][info][gc,heap     ] GC(726) Old regions: 39->39
[470.768s][info][gc,heap     ] GC(726) Humongous regions: 207->207
[470.768s][info][gc,metaspace] GC(726) Metaspace: 57616K(57920K)->57616K(57920K) NonClass: 49326K(49536K)->49326K(49536K) Class: 8289K(8384K)->8289K(8384K)
[470.768s][info][gc          ] GC(726) Pause Young (Concurrent Start) (G1 Evacuation Pause) 728M->250M(808M) 8.860ms
[470.769s][info][gc,cpu      ] GC(726) User=0.01s Sys=0.00s Real=0.01s
[470.769s][info][gc          ] GC(727) Concurrent Mark Cycle
[470.769s][info][gc,marking  ] GC(727) Concurrent Scan Root Regions
[470.780s][info][gc,marking  ] GC(727) Concurrent Scan Root Regions 11.248ms
[470.780s][info][gc,marking  ] GC(727) Concurrent Mark
[470.780s][info][gc,marking  ] GC(727) Concurrent Mark From Roots
[470.780s][info][gc,task     ] GC(727) Using 1 workers of 1 for marking
[470.865s][info][gc,marking  ] GC(727) Concurrent Mark From Roots 84.736ms
[470.865s][info][gc,marking  ] GC(727) Concurrent Preclean
[470.865s][info][gc,marking  ] GC(727) Concurrent Preclean 0.079ms
[470.865s][info][gc,start    ] GC(727) Pause Remark
[470.877s][info][gc          ] GC(727) Pause Remark 290M->290M(808M) 11.894ms
[470.877s][info][gc,cpu      ] GC(727) User=0.02s Sys=0.00s Real=0.01s
[470.878s][info][gc,marking  ] GC(727) Concurrent Mark 98.106ms
[470.878s][info][gc,marking  ] GC(727) Concurrent Rebuild Remembered Sets and Scrub Regions
[470.900s][info][gc,marking  ] GC(727) Concurrent Rebuild Remembered Sets and Scrub Regions 21.676ms
[470.901s][info][gc,start    ] GC(727) Pause Cleanup
[470.901s][info][gc          ] GC(727) Pause Cleanup 300M->300M(808M) 0.123ms
[470.901s][info][gc,cpu      ] GC(727) User=0.00s Sys=0.00s Real=0.00s
[470.901s][info][gc,marking  ] GC(727) Concurrent Clear Claimed Marks
[470.901s][info][gc,marking  ] GC(727) Concurrent Clear Claimed Marks 0.114ms
[470.901s][info][gc,marking  ] GC(727) Concurrent Cleanup for Next Mark
[470.904s][info][gc,marking  ] GC(727) Concurrent Cleanup for Next Mark 2.876ms
[470.904s][info][gc          ] GC(727) Concurrent Mark Cycle 135.800ms
[472.001s][info][gc,start    ] GC(728) Pause Young (Prepare Mixed) (G1 Evacuation Pause)
[472.001s][info][gc,task     ] GC(728) Using 2 workers of 2 for evacuation
[472.006s][info][gc,phases   ] GC(728)   Pre Evacuate Collection Set: 0.34ms
[472.006s][info][gc,phases   ] GC(728)   Merge Heap Roots: 0.17ms
[472.006s][info][gc,phases   ] GC(728)   Evacuate Collection Set: 3.96ms
[472.006s][info][gc,phases   ] GC(728)   Post Evacuate Collection Set: 0.86ms
[472.006s][info][gc,phases   ] GC(728)   Other: 0.10ms
[472.006s][info][gc,heap     ] GC(728) Eden regions: 478->0(480)
[472.006s][info][gc,heap     ] GC(728) Survivor regions: 6->4(61)
[472.006s][info][gc,heap     ] GC(728) Old regions: 39->39
[472.006s][info][gc,heap     ] GC(728) Humongous regions: 207->207
[472.006s][info][gc,metaspace] GC(728) Metaspace: 57616K(57920K)->57616K(57920K) NonClass: 49326K(49536K)->49326K(49536K) Class: 8289K(8384K)->8289K(8384K)
[472.006s][info][gc          ] GC(728) Pause Young (Prepare Mixed) (G1 Evacuation Pause) 728M->249M(808M) 5.653ms
[472.006s][info][gc,cpu      ] GC(728) User=0.01s Sys=0.00s Real=0.01s
[473.239s][info][gc,start    ] GC(729) Pause Young (Mixed) (G1 Evacuation Pause)
[473.239s][info][gc,task     ] GC(729) Using 2 workers of 2 for evacuation
[473.246s][info][gc,phases   ] GC(729)   Pre Evacuate Collection Set: 0.33ms
[473.246s][info][gc,phases   ] GC(729)   Merge Heap Roots: 0.17ms
[473.246s][info][gc,phases   ] GC(729)   Evacuate Collection Set: 4.92ms
[473.246s][info][gc,phases   ] GC(729)   Post Evacuate Collection Set: 0.92ms
[473.246s][info][gc,phases   ] GC(729)   Other: 0.10ms
[473.246s][info][gc,heap     ] GC(729) Eden regions: 480->0(480)
[473.246s][info][gc,heap     ] GC(729) Survivor regions: 4->4(61)
[473.246s][info][gc,heap     ] GC(729) Old regions: 39->38
[473.246s][info][gc,heap     ] GC(729) Humongous regions: 207->207
[473.246s][info][gc,metaspace] GC(729) Metaspace: 57616K(57920K)->57616K(57920K) NonClass: 49326K(49536K)->49326K(49536K) Class: 8289K(8384K)->8289K(8384K)
[473.246s][info][gc          ] GC(729) Pause Young (Mixed) (G1 Evacuation Pause) 729M->247M(808M) 6.701ms
[473.246s][info][gc,cpu      ] GC(729) User=0.02s Sys=0.00s Real=0.01s
[474.556s][info][gc,start    ] GC(730) Pause Young (Concurrent Start) (G1 Evacuation Pause)
[474.556s][info][gc,task     ] GC(730) Using 2 workers of 2 for evacuation
[474.566s][info][gc,phases   ] GC(730)   Pre Evacuate Collection Set: 0.37ms
[474.566s][info][gc,phases   ] GC(730)   Merge Heap Roots: 0.17ms
[474.566s][info][gc,phases   ] GC(730)   Evacuate Collection Set: 8.95ms
[474.566s][info][gc,phases   ] GC(730)   Post Evacuate Collection Set: 0.96ms
[474.566s][info][gc,phases   ] GC(730)   Other: 0.14ms
[474.567s][info][gc,heap     ] GC(730) Eden regions: 480->0(477)
[474.567s][info][gc,heap     ] GC(730) Survivor regions: 4->7(61)
[474.567s][info][gc,heap     ] GC(730) Old regions: 38->38
[474.567s][info][gc,heap     ] GC(730) Humongous regions: 207->207
[474.567s][info][gc,metaspace] GC(730) Metaspace: 57616K(57920K)->57616K(57920K) NonClass: 49326K(49536K)->49326K(49536K) Class: 8289K(8384K)->8289K(8384K)
[474.567s][info][gc          ] GC(730) Pause Young (Concurrent Start) (G1 Evacuation Pause) 727M->250M(808M) 10.818ms
[474.567s][info][gc,cpu      ] GC(730) User=0.02s Sys=0.00s Real=0.01s
[474.567s][info][gc          ] GC(731) Concurrent Mark Cycle
[474.567s][info][gc,marking  ] GC(731) Concurrent Scan Root Regions
[474.575s][info][gc,marking  ] GC(731) Concurrent Scan Root Regions 8.463ms
[474.575s][info][gc,marking  ] GC(731) Concurrent Mark
[474.575s][info][gc,marking  ] GC(731) Concurrent Mark From Roots
[474.575s][info][gc,task     ] GC(731) Using 1 workers of 1 for marking
[474.639s][info][gc,marking  ] GC(731) Concurrent Mark From Roots 63.471ms
[474.639s][info][gc,marking  ] GC(731) Concurrent Preclean
[474.639s][info][gc,marking  ] GC(731) Concurrent Preclean 0.084ms
[474.639s][info][gc,start    ] GC(731) Pause Remark
[474.652s][info][gc          ] GC(731) Pause Remark 277M->277M(808M) 12.589ms
[474.652s][info][gc,cpu      ] GC(731) User=0.03s Sys=0.00s Real=0.01s
[474.652s][info][gc,marking  ] GC(731) Concurrent Mark 77.115ms
[474.652s][info][gc,marking  ] GC(731) Concurrent Rebuild Remembered Sets and Scrub Regions
[474.694s][info][gc,marking  ] GC(731) Concurrent Rebuild Remembered Sets and Scrub Regions 41.437ms
[474.694s][info][gc,start    ] GC(731) Pause Cleanup
[474.694s][info][gc          ] GC(731) Pause Cleanup 295M->295M(808M) 0.123ms
[474.694s][info][gc,cpu      ] GC(731) User=0.00s Sys=0.00s Real=0.00s
[474.694s][info][gc,marking  ] GC(731) Concurrent Clear Claimed Marks
[474.694s][info][gc,marking  ] GC(731) Concurrent Clear Claimed Marks 0.095ms
[474.694s][info][gc,marking  ] GC(731) Concurrent Cleanup for Next Mark
[474.703s][info][gc,marking  ] GC(731) Concurrent Cleanup for Next Mark 8.409ms
[474.703s][info][gc          ] GC(731) Concurrent Mark Cycle 136.097ms
[475.797s][info][gc,start    ] GC(732) Pause Young (Prepare Mixed) (G1 Evacuation Pause)
[475.798s][info][gc,task     ] GC(732) Using 2 workers of 2 for evacuation
[475.803s][info][gc,phases   ] GC(732)   Pre Evacuate Collection Set: 0.30ms
[475.803s][info][gc,phases   ] GC(732)   Merge Heap Roots: 0.17ms
[475.803s][info][gc,phases   ] GC(732)   Evacuate Collection Set: 3.64ms
[475.803s][info][gc,phases   ] GC(732)   Post Evacuate Collection Set: 0.89ms
[475.803s][info][gc,phases   ] GC(732)   Other: 0.09ms
[475.803s][info][gc,heap     ] GC(732) Eden regions: 477->0(480)
[475.803s][info][gc,heap     ] GC(732) Survivor regions: 7->4(61)
[475.803s][info][gc,heap     ] GC(732) Old regions: 38->38
[475.803s][info][gc,heap     ] GC(732) Humongous regions: 207->207
[475.803s][info][gc,metaspace] GC(732) Metaspace: 57616K(57920K)->57616K(57920K) NonClass: 49326K(49536K)->49326K(49536K) Class: 8289K(8384K)->8289K(8384K)
[475.803s][info][gc          ] GC(732) Pause Young (Prepare Mixed) (G1 Evacuation Pause) 727M->247M(808M) 5.356ms
[475.803s][info][gc,cpu      ] GC(732) User=0.01s Sys=0.00s Real=0.01s
[477.042s][info][gc,start    ] GC(733) Pause Young (Mixed) (G1 Evacuation Pause)
[477.042s][info][gc,task     ] GC(733) Using 2 workers of 2 for evacuation
[477.050s][info][gc,phases   ] GC(733)   Pre Evacuate Collection Set: 0.32ms
[477.050s][info][gc,phases   ] GC(733)   Merge Heap Roots: 0.17ms
[477.050s][info][gc,phases   ] GC(733)   Evacuate Collection Set: 5.81ms
[477.050s][info][gc,phases   ] GC(733)   Post Evacuate Collection Set: 0.95ms
[477.050s][info][gc,phases   ] GC(733)   Other: 0.12ms
[477.050s][info][gc,heap     ] GC(733) Eden regions: 480->0(479)
[477.050s][info][gc,heap     ] GC(733) Survivor regions: 4->5(61)
[477.050s][info][gc,heap     ] GC(733) Old regions: 38->36
[477.050s][info][gc,heap     ] GC(733) Humongous regions: 207->207
[477.050s][info][gc,metaspace] GC(733) Metaspace: 57616K(57920K)->57616K(57920K) NonClass: 49326K(49536K)->49326K(49536K) Class: 8289K(8384K)->8289K(8384K)
[477.050s][info][gc          ] GC(733) Pause Young (Mixed) (G1 Evacuation Pause) 727M->247M(808M) 7.602ms
[477.050s][info][gc,cpu      ] GC(733) User=0.01s Sys=0.00s Real=0.00s
[478.396s][info][gc,start    ] GC(734) Pause Young (Concurrent Start) (G1 Evacuation Pause)
[478.397s][info][gc,task     ] GC(734) Using 2 workers of 2 for evacuation
[478.405s][info][gc,phases   ] GC(734)   Pre Evacuate Collection Set: 0.35ms
[478.405s][info][gc,phases   ] GC(734)   Merge Heap Roots: 0.14ms
[478.405s][info][gc,phases   ] GC(734)   Evacuate Collection Set: 6.91ms
[478.405s][info][gc,phases   ] GC(734)   Post Evacuate Collection Set: 0.88ms
[478.405s][info][gc,phases   ] GC(734)   Other: 0.12ms
[478.405s][info][gc,heap     ] GC(734) Eden regions: 479->0(478)
[478.405s][info][gc,heap     ] GC(734) Survivor regions: 5->6(61)
[478.405s][info][gc,heap     ] GC(734) Old regions: 36->36
[478.405s][info][gc,heap     ] GC(734) Humongous regions: 207->207
[478.405s][info][gc,metaspace] GC(734) Metaspace: 57616K(57920K)->57616K(57920K) NonClass: 49326K(49536K)->49326K(49536K) Class: 8289K(8384K)->8289K(8384K)
[478.405s][info][gc          ] GC(734) Pause Young (Concurrent Start) (G1 Evacuation Pause) 726M->247M(808M) 8.621ms
[478.405s][info][gc,cpu      ] GC(734) User=0.01s Sys=0.00s Real=0.01s
[478.405s][info][gc          ] GC(735) Concurrent Mark Cycle
[478.406s][info][gc,marking  ] GC(735) Concurrent Scan Root Regions
[478.416s][info][gc,marking  ] GC(735) Concurrent Scan Root Regions 10.007ms
[478.416s][info][gc,marking  ] GC(735) Concurrent Mark
[478.416s][info][gc,marking  ] GC(735) Concurrent Mark From Roots
[478.416s][info][gc,task     ] GC(735) Using 1 workers of 1 for marking
[478.515s][info][gc,marking  ] GC(735) Concurrent Mark From Roots 99.532ms
[478.515s][info][gc,marking  ] GC(735) Concurrent Preclean
[478.515s][info][gc,marking  ] GC(735) Concurrent Preclean 0.083ms
[478.516s][info][gc,start    ] GC(735) Pause Remark
[478.528s][info][gc          ] GC(735) Pause Remark 300M->300M(808M) 12.348ms
[478.528s][info][gc,cpu      ] GC(735) User=0.02s Sys=0.00s Real=0.01s
[478.529s][info][gc,marking  ] GC(735) Concurrent Mark 113.422ms
[478.529s][info][gc,marking  ] GC(735) Concurrent Rebuild Remembered Sets and Scrub Regions
[478.555s][info][gc,marking  ] GC(735) Concurrent Rebuild Remembered Sets and Scrub Regions 25.725ms
[478.555s][info][gc,start    ] GC(735) Pause Cleanup
[478.555s][info][gc          ] GC(735) Pause Cleanup 313M->313M(808M) 0.101ms
[478.555s][info][gc,cpu      ] GC(735) User=0.00s Sys=0.00s Real=0.00s
[478.555s][info][gc,marking  ] GC(735) Concurrent Clear Claimed Marks
[478.555s][info][gc,marking  ] GC(735) Concurrent Clear Claimed Marks 0.094ms
[478.555s][info][gc,marking  ] GC(735) Concurrent Cleanup for Next Mark
[478.558s][info][gc,marking  ] GC(735) Concurrent Cleanup for Next Mark 2.667ms
[478.558s][info][gc          ] GC(735) Concurrent Mark Cycle 152.891ms
[479.605s][info][gc,start    ] GC(736) Pause Young (Prepare Mixed) (G1 Evacuation Pause)
[479.605s][info][gc,task     ] GC(736) Using 2 workers of 2 for evacuation
[479.611s][info][gc,phases   ] GC(736)   Pre Evacuate Collection Set: 0.31ms
[479.611s][info][gc,phases   ] GC(736)   Merge Heap Roots: 0.23ms
[479.611s][info][gc,phases   ] GC(736)   Evacuate Collection Set: 4.47ms
[479.611s][info][gc,phases   ] GC(736)   Post Evacuate Collection Set: 0.97ms
[479.611s][info][gc,phases   ] GC(736)   Other: 0.13ms
[479.611s][info][gc,heap     ] GC(736) Eden regions: 478->0(480)
[479.611s][info][gc,heap     ] GC(736) Survivor regions: 6->4(61)
[479.611s][info][gc,heap     ] GC(736) Old regions: 36->36
[479.611s][info][gc,heap     ] GC(736) Humongous regions: 207->207
[479.611s][info][gc,metaspace] GC(736) Metaspace: 57616K(57920K)->57616K(57920K) NonClass: 49326K(49536K)->49326K(49536K) Class: 8289K(8384K)->8289K(8384K)
[479.611s][info][gc          ] GC(736) Pause Young (Prepare Mixed) (G1 Evacuation Pause) 725M->246M(808M) 6.344ms
[479.611s][info][gc,cpu      ] GC(736) User=0.01s Sys=0.00s Real=0.00s
[480.943s][info][gc,start    ] GC(737) Pause Young (Mixed) (G1 Evacuation Pause)
[480.944s][info][gc,task     ] GC(737) Using 2 workers of 2 for evacuation
[480.950s][info][gc,phases   ] GC(737)   Pre Evacuate Collection Set: 0.34ms
[480.950s][info][gc,phases   ] GC(737)   Merge Heap Roots: 0.21ms
[480.950s][info][gc,phases   ] GC(737)   Evacuate Collection Set: 4.91ms
[480.950s][info][gc,phases   ] GC(737)   Post Evacuate Collection Set: 0.89ms
[480.950s][info][gc,phases   ] GC(737)   Other: 0.09ms
[480.950s][info][gc,heap     ] GC(737) Eden regions: 480->0(479)
[480.950s][info][gc,heap     ] GC(737) Survivor regions: 4->5(61)
[480.950s][info][gc,heap     ] GC(737) Old regions: 36->36
[480.950s][info][gc,heap     ] GC(737) Humongous regions: 207->207
[480.950s][info][gc,metaspace] GC(737) Metaspace: 57616K(57920K)->57616K(57920K) NonClass: 49326K(49536K)->49326K(49536K) Class: 8289K(8384K)->8289K(8384K)
[480.950s][info][gc          ] GC(737) Pause Young (Mixed) (G1 Evacuation Pause) 726M->246M(808M) 6.718ms
[480.950s][info][gc,cpu      ] GC(737) User=0.01s Sys=0.01s Real=0.00s
[482.265s][info][gc,start    ] GC(738) Pause Young (Concurrent Start) (G1 Evacuation Pause)
[482.265s][info][gc,task     ] GC(738) Using 2 workers of 2 for evacuation
[482.272s][info][gc,phases   ] GC(738)   Pre Evacuate Collection Set: 0.35ms
[482.272s][info][gc,phases   ] GC(738)   Merge Heap Roots: 0.15ms
[482.272s][info][gc,phases   ] GC(738)   Evacuate Collection Set: 5.36ms
[482.272s][info][gc,phases   ] GC(738)   Post Evacuate Collection Set: 0.90ms
[482.272s][info][gc,phases   ] GC(738)   Other: 0.14ms
[482.272s][info][gc,heap     ] GC(738) Eden regions: 479->0(481)
[482.272s][info][gc,heap     ] GC(738) Survivor regions: 5->3(61)
[482.272s][info][gc,heap     ] GC(738) Old regions: 36->37
[482.272s][info][gc,heap     ] GC(738) Humongous regions: 207->207
[482.272s][info][gc,metaspace] GC(738) Metaspace: 57616K(57920K)->57616K(57920K) NonClass: 49326K(49536K)->49326K(49536K) Class: 8289K(8384K)->8289K(8384K)
[482.272s][info][gc          ] GC(738) Pause Young (Concurrent Start) (G1 Evacuation Pause) 725M->246M(808M) 7.113ms
[482.272s][info][gc,cpu      ] GC(738) User=0.01s Sys=0.00s Real=0.01s
[482.272s][info][gc          ] GC(739) Concurrent Mark Cycle
[482.273s][info][gc,marking  ] GC(739) Concurrent Scan Root Regions
[482.277s][info][gc,marking  ] GC(739) Concurrent Scan Root Regions 4.413ms
[482.277s][info][gc,marking  ] GC(739) Concurrent Mark
[482.277s][info][gc,marking  ] GC(739) Concurrent Mark From Roots
[482.277s][info][gc,task     ] GC(739) Using 1 workers of 1 for marking
[482.344s][info][gc,marking  ] GC(739) Concurrent Mark From Roots 67.257ms
[482.344s][info][gc,marking  ] GC(739) Concurrent Preclean
[482.344s][info][gc,marking  ] GC(739) Concurrent Preclean 0.075ms
[482.345s][info][gc,start    ] GC(739) Pause Remark
[482.356s][info][gc          ] GC(739) Pause Remark 275M->275M(808M) 11.643ms
[482.356s][info][gc,cpu      ] GC(739) User=0.03s Sys=0.00s Real=0.01s
[482.357s][info][gc,marking  ] GC(739) Concurrent Mark 80.134ms
[482.357s][info][gc,marking  ] GC(739) Concurrent Rebuild Remembered Sets and Scrub Regions
[482.381s][info][gc,marking  ] GC(739) Concurrent Rebuild Remembered Sets and Scrub Regions 24.246ms
[482.382s][info][gc,start    ] GC(739) Pause Cleanup
[482.382s][info][gc          ] GC(739) Pause Cleanup 286M->286M(808M) 0.093ms
[482.382s][info][gc,cpu      ] GC(739) User=0.00s Sys=0.00s Real=0.00s
[482.382s][info][gc,marking  ] GC(739) Concurrent Clear Claimed Marks
[482.382s][info][gc,marking  ] GC(739) Concurrent Clear Claimed Marks 0.104ms
[482.382s][info][gc,marking  ] GC(739) Concurrent Cleanup for Next Mark
[482.385s][info][gc,marking  ] GC(739) Concurrent Cleanup for Next Mark 2.687ms
[482.385s][info][gc          ] GC(739) Concurrent Mark Cycle 112.614ms
[483.504s][info][gc,start    ] GC(740) Pause Young (Prepare Mixed) (G1 Evacuation Pause)
[483.504s][info][gc,task     ] GC(740) Using 2 workers of 2 for evacuation
[483.509s][info][gc,phases   ] GC(740)   Pre Evacuate Collection Set: 0.31ms
[483.509s][info][gc,phases   ] GC(740)   Merge Heap Roots: 0.17ms
[483.509s][info][gc,phases   ] GC(740)   Evacuate Collection Set: 3.64ms
[483.509s][info][gc,phases   ] GC(740)   Post Evacuate Collection Set: 0.83ms
[483.509s][info][gc,phases   ] GC(740)   Other: 0.10ms
[483.509s][info][gc,heap     ] GC(740) Eden regions: 481->0(482)
[483.509s][info][gc,heap     ] GC(740) Survivor regions: 3->2(61)
[483.509s][info][gc,heap     ] GC(740) Old regions: 37->37
[483.509s][info][gc,heap     ] GC(740) Humongous regions: 207->207
[483.509s][info][gc,metaspace] GC(740) Metaspace: 57616K(57920K)->57616K(57920K) NonClass: 49326K(49536K)->49326K(49536K) Class: 8289K(8384K)->8289K(8384K)
[483.510s][info][gc          ] GC(740) Pause Young (Prepare Mixed) (G1 Evacuation Pause) 727M->245M(808M) 5.255ms
[483.510s][info][gc,cpu      ] GC(740) User=0.01s Sys=0.00s Real=0.00s
[484.745s][info][gc,start    ] GC(741) Pause Young (Mixed) (G1 Evacuation Pause)
[484.745s][info][gc,task     ] GC(741) Using 2 workers of 2 for evacuation
[484.752s][info][gc,phases   ] GC(741)   Pre Evacuate Collection Set: 0.34ms
[484.752s][info][gc,phases   ] GC(741)   Merge Heap Roots: 0.17ms
[484.752s][info][gc,phases   ] GC(741)   Evacuate Collection Set: 5.69ms
[484.752s][info][gc,phases   ] GC(741)   Post Evacuate Collection Set: 0.93ms
[484.752s][info][gc,phases   ] GC(741)   Other: 0.10ms
[484.752s][info][gc,heap     ] GC(741) Eden regions: 482->0(482)
[484.752s][info][gc,heap     ] GC(741) Survivor regions: 2->2(61)
[484.752s][info][gc,heap     ] GC(741) Old regions: 37->37
[484.752s][info][gc,heap     ] GC(741) Humongous regions: 207->207
[484.752s][info][gc,metaspace] GC(741) Metaspace: 57616K(57920K)->57616K(57920K) NonClass: 49326K(49536K)->49326K(49536K) Class: 8289K(8384K)->8289K(8384K)
[484.752s][info][gc          ] GC(741) Pause Young (Mixed) (G1 Evacuation Pause) 727M->245M(808M) 7.488ms
[484.752s][info][gc,cpu      ] GC(741) User=0.01s Sys=0.01s Real=0.01s
[486.088s][info][gc,start    ] GC(742) Pause Young (Concurrent Start) (G1 Evacuation Pause)
[486.088s][info][gc,task     ] GC(742) Using 2 workers of 2 for evacuation
[486.098s][info][gc,phases   ] GC(742)   Pre Evacuate Collection Set: 0.32ms
[486.098s][info][gc,phases   ] GC(742)   Merge Heap Roots: 0.15ms
[486.098s][info][gc,phases   ] GC(742)   Evacuate Collection Set: 7.90ms
[486.098s][info][gc,phases   ] GC(742)   Post Evacuate Collection Set: 0.84ms
[486.098s][info][gc,phases   ] GC(742)   Other: 0.10ms
[486.098s][info][gc,heap     ] GC(742) Eden regions: 482->0(480)
[486.098s][info][gc,heap     ] GC(742) Survivor regions: 2->4(61)
[486.098s][info][gc,heap     ] GC(742) Old regions: 37->37
[486.098s][info][gc,heap     ] GC(742) Humongous regions: 207->207
[486.098s][info][gc,metaspace] GC(742) Metaspace: 57616K(57920K)->57616K(57920K) NonClass: 49326K(49536K)->49326K(49536K) Class: 8289K(8384K)->8289K(8384K)
[486.098s][info][gc          ] GC(742) Pause Young (Concurrent Start) (G1 Evacuation Pause) 727M->247M(808M) 9.536ms
[486.098s][info][gc,cpu      ] GC(742) User=0.02s Sys=0.00s Real=0.01s
[486.098s][info][gc          ] GC(743) Concurrent Mark Cycle
[486.098s][info][gc,marking  ] GC(743) Concurrent Scan Root Regions
[486.104s][info][gc,marking  ] GC(743) Concurrent Scan Root Regions 5.904ms
[486.104s][info][gc,marking  ] GC(743) Concurrent Mark
[486.104s][info][gc,marking  ] GC(743) Concurrent Mark From Roots
[486.104s][info][gc,task     ] GC(743) Using 1 workers of 1 for marking
[486.173s][info][gc,marking  ] GC(743) Concurrent Mark From Roots 68.960ms
[486.173s][info][gc,marking  ] GC(743) Concurrent Preclean
[486.173s][info][gc,marking  ] GC(743) Concurrent Preclean 0.083ms
[486.173s][info][gc,start    ] GC(743) Pause Remark
[486.185s][info][gc          ] GC(743) Pause Remark 273M->273M(808M) 11.437ms
[486.185s][info][gc,cpu      ] GC(743) User=0.02s Sys=0.00s Real=0.01s
[486.187s][info][gc,marking  ] GC(743) Concurrent Mark 83.406ms
[486.187s][info][gc,marking  ] GC(743) Concurrent Rebuild Remembered Sets and Scrub Regions
[486.224s][info][gc,marking  ] GC(743) Concurrent Rebuild Remembered Sets and Scrub Regions 36.803ms
[486.224s][info][gc,start    ] GC(743) Pause Cleanup
[486.225s][info][gc          ] GC(743) Pause Cleanup 294M->294M(808M) 0.104ms
[486.225s][info][gc,cpu      ] GC(743) User=0.00s Sys=0.00s Real=0.00s
[486.225s][info][gc,marking  ] GC(743) Concurrent Clear Claimed Marks
[486.225s][info][gc,marking  ] GC(743) Concurrent Clear Claimed Marks 0.098ms
[486.225s][info][gc,marking  ] GC(743) Concurrent Cleanup for Next Mark
[486.232s][info][gc,marking  ] GC(743) Concurrent Cleanup for Next Mark 7.708ms
[486.232s][info][gc          ] GC(743) Concurrent Mark Cycle 134.449ms
[487.309s][info][gc,start    ] GC(744) Pause Young (Prepare Mixed) (G1 Evacuation Pause)
[487.309s][info][gc,task     ] GC(744) Using 2 workers of 2 for evacuation
[487.314s][info][gc,phases   ] GC(744)   Pre Evacuate Collection Set: 0.31ms
[487.314s][info][gc,phases   ] GC(744)   Merge Heap Roots: 0.16ms
[487.314s][info][gc,phases   ] GC(744)   Evacuate Collection Set: 3.94ms
[487.314s][info][gc,phases   ] GC(744)   Post Evacuate Collection Set: 0.84ms
[487.315s][info][gc,phases   ] GC(744)   Other: 0.09ms
[487.315s][info][gc,heap     ] GC(744) Eden regions: 480->0(481)
[487.315s][info][gc,heap     ] GC(744) Survivor regions: 4->3(61)
[487.315s][info][gc,heap     ] GC(744) Old regions: 37->37
[487.315s][info][gc,heap     ] GC(744) Humongous regions: 207->207
[487.315s][info][gc,metaspace] GC(744) Metaspace: 57616K(57920K)->57616K(57920K) NonClass: 49326K(49536K)->49326K(49536K) Class: 8289K(8384K)->8289K(8384K)
[487.315s][info][gc          ] GC(744) Pause Young (Prepare Mixed) (G1 Evacuation Pause) 727M->245M(808M) 5.592ms
[487.315s][info][gc,cpu      ] GC(744) User=0.01s Sys=0.00s Real=0.01s
[491.110s][info][gc,start    ] GC(745) Pause Young (Mixed) (G1 Evacuation Pause)
[491.110s][info][gc,task     ] GC(745) Using 2 workers of 2 for evacuation
[491.135s][info][gc,phases   ] GC(745)   Pre Evacuate Collection Set: 0.34ms
[491.135s][info][gc,phases   ] GC(745)   Merge Heap Roots: 0.16ms
[491.135s][info][gc,phases   ] GC(745)   Evacuate Collection Set: 23.34ms
[491.135s][info][gc,phases   ] GC(745)   Post Evacuate Collection Set: 1.01ms
[491.135s][info][gc,phases   ] GC(745)   Other: 0.08ms
[491.135s][info][gc,heap     ] GC(745) Eden regions: 405->0(475)
[491.135s][info][gc,heap     ] GC(745) Survivor regions: 3->26(61)
[491.135s][info][gc,heap     ] GC(745) Old regions: 37->37
[491.135s][info][gc,heap     ] GC(745) Humongous regions: 363->207
[491.135s][info][gc,metaspace] GC(745) Metaspace: 57780K(58112K)->57780K(58112K) NonClass: 49490K(49728K)->49490K(49728K) Class: 8289K(8384K)->8289K(8384K)
[491.135s][info][gc          ] GC(745) Pause Young (Mixed) (G1 Evacuation Pause) 806M->268M(835M) 25.135ms
[491.135s][info][gc,cpu      ] GC(745) User=0.02s Sys=0.02s Real=0.03s
[492.332s][info][gc,start    ] GC(746) Pause Young (Normal) (G1 Evacuation Pause)
[492.332s][info][gc,task     ] GC(746) Using 2 workers of 2 for evacuation
[492.343s][info][gc,phases   ] GC(746)   Pre Evacuate Collection Set: 0.30ms
[492.343s][info][gc,phases   ] GC(746)   Merge Heap Roots: 0.18ms
[492.343s][info][gc,phases   ] GC(746)   Evacuate Collection Set: 10.16ms
[492.343s][info][gc,phases   ] GC(746)   Post Evacuate Collection Set: 0.92ms
[492.343s][info][gc,phases   ] GC(746)   Other: 0.11ms
[492.343s][info][gc,heap     ] GC(746) Eden regions: 475->0(475)
[492.343s][info][gc,heap     ] GC(746) Survivor regions: 26->26(63)
[492.343s][info][gc,heap     ] GC(746) Old regions: 37->37
[492.343s][info][gc,heap     ] GC(746) Humongous regions: 207->207
[492.343s][info][gc,metaspace] GC(746) Metaspace: 57780K(58112K)->57780K(58112K) NonClass: 49490K(49728K)->49490K(49728K) Class: 8289K(8384K)->8289K(8384K)
[492.343s][info][gc          ] GC(746) Pause Young (Normal) (G1 Evacuation Pause) 743M->269M(835M) 11.882ms
[492.343s][info][gc,cpu      ] GC(746) User=0.02s Sys=0.00s Real=0.02s
[493.605s][info][gc,start    ] GC(747) Pause Young (Normal) (G1 Evacuation Pause)
[493.605s][info][gc,task     ] GC(747) Using 2 workers of 2 for evacuation
[493.616s][info][gc,phases   ] GC(747)   Pre Evacuate Collection Set: 0.30ms
[493.616s][info][gc,phases   ] GC(747)   Merge Heap Roots: 0.17ms
[493.616s][info][gc,phases   ] GC(747)   Evacuate Collection Set: 9.41ms
[493.616s][info][gc,phases   ] GC(747)   Post Evacuate Collection Set: 0.89ms
[493.616s][info][gc,phases   ] GC(747)   Other: 0.09ms
[493.616s][info][gc,heap     ] GC(747) Eden regions: 475->0(476)
[493.616s][info][gc,heap     ] GC(747) Survivor regions: 26->25(63)
[493.616s][info][gc,heap     ] GC(747) Old regions: 37->37
[493.616s][info][gc,heap     ] GC(747) Humongous regions: 207->207
[493.616s][info][gc,metaspace] GC(747) Metaspace: 57780K(58112K)->57780K(58112K) NonClass: 49491K(49728K)->49491K(49728K) Class: 8289K(8384K)->8289K(8384K)
[493.616s][info][gc          ] GC(747) Pause Young (Normal) (G1 Evacuation Pause) 744M->268M(835M) 11.062ms
[493.616s][info][gc,cpu      ] GC(747) User=0.02s Sys=0.00s Real=0.01s
[494.834s][info][gc,start    ] GC(748) Pause Young (Normal) (G1 Evacuation Pause)
[494.834s][info][gc,task     ] GC(748) Using 2 workers of 2 for evacuation
[494.846s][info][gc,phases   ] GC(748)   Pre Evacuate Collection Set: 0.31ms
[494.846s][info][gc,phases   ] GC(748)   Merge Heap Roots: 0.15ms
[494.846s][info][gc,phases   ] GC(748)   Evacuate Collection Set: 9.97ms
[494.846s][info][gc,phases   ] GC(748)   Post Evacuate Collection Set: 1.18ms
[494.846s][info][gc,phases   ] GC(748)   Other: 0.09ms
[494.846s][info][gc,heap     ] GC(748) Eden regions: 476->0(476)
[494.846s][info][gc,heap     ] GC(748) Survivor regions: 25->25(63)
[494.846s][info][gc,heap     ] GC(748) Old regions: 37->37
[494.846s][info][gc,heap     ] GC(748) Humongous regions: 207->207
[494.846s][info][gc,metaspace] GC(748) Metaspace: 57780K(58112K)->57780K(58112K) NonClass: 49491K(49728K)->49491K(49728K) Class: 8289K(8384K)->8289K(8384K)
[494.846s][info][gc          ] GC(748) Pause Young (Normal) (G1 Evacuation Pause) 744M->268M(835M) 11.897ms
[494.846s][info][gc,cpu      ] GC(748) User=0.02s Sys=0.00s Real=0.01s
[496.106s][info][gc,start    ] GC(749) Pause Young (Normal) (G1 Evacuation Pause)
[496.106s][info][gc,task     ] GC(749) Using 2 workers of 2 for evacuation
[496.116s][info][gc,phases   ] GC(749)   Pre Evacuate Collection Set: 0.43ms
[496.117s][info][gc,phases   ] GC(749)   Merge Heap Roots: 0.17ms
[496.117s][info][gc,phases   ] GC(749)   Evacuate Collection Set: 8.76ms
[496.117s][info][gc,phases   ] GC(749)   Post Evacuate Collection Set: 1.01ms
[496.117s][info][gc,phases   ] GC(749)   Other: 0.13ms
[496.117s][info][gc,heap     ] GC(749) Eden regions: 476->0(477)
[496.117s][info][gc,heap     ] GC(749) Survivor regions: 25->24(63)
[496.117s][info][gc,heap     ] GC(749) Old regions: 37->38
[496.117s][info][gc,heap     ] GC(749) Humongous regions: 207->207
[496.117s][info][gc,metaspace] GC(749) Metaspace: 57780K(58112K)->57780K(58112K) NonClass: 49491K(49728K)->49491K(49728K) Class: 8289K(8384K)->8289K(8384K)
[496.117s][info][gc          ] GC(749) Pause Young (Normal) (G1 Evacuation Pause) 744M->268M(835M) 10.799ms
[496.117s][info][gc,cpu      ] GC(749) User=0.02s Sys=0.00s Real=0.01s
[497.330s][info][gc,start    ] GC(750) Pause Young (Normal) (G1 Evacuation Pause)
[497.330s][info][gc,task     ] GC(750) Using 2 workers of 2 for evacuation
[497.340s][info][gc,phases   ] GC(750)   Pre Evacuate Collection Set: 0.31ms
[497.340s][info][gc,phases   ] GC(750)   Merge Heap Roots: 0.16ms
[497.340s][info][gc,phases   ] GC(750)   Evacuate Collection Set: 7.89ms
[497.340s][info][gc,phases   ] GC(750)   Post Evacuate Collection Set: 0.93ms
[497.340s][info][gc,phases   ] GC(750)   Other: 0.10ms
[497.340s][info][gc,heap     ] GC(750) Eden regions: 477->0(478)
[497.340s][info][gc,heap     ] GC(750) Survivor regions: 24->23(63)
[497.340s][info][gc,heap     ] GC(750) Old regions: 38->38
[497.340s][info][gc,heap     ] GC(750) Humongous regions: 207->207
[497.340s][info][gc,metaspace] GC(750) Metaspace: 57780K(58112K)->57780K(58112K) NonClass: 49491K(49728K)->49491K(49728K) Class: 8289K(8384K)->8289K(8384K)
[497.340s][info][gc          ] GC(750) Pause Young (Normal) (G1 Evacuation Pause) 745M->267M(835M) 9.604ms
[497.340s][info][gc,cpu      ] GC(750) User=0.02s Sys=0.01s Real=0.01s
[498.618s][info][gc,start    ] GC(751) Pause Young (Normal) (G1 Evacuation Pause)
[498.618s][info][gc,task     ] GC(751) Using 2 workers of 2 for evacuation
[498.630s][info][gc,phases   ] GC(751)   Pre Evacuate Collection Set: 0.32ms
[498.630s][info][gc,phases   ] GC(751)   Merge Heap Roots: 0.15ms
[498.630s][info][gc,phases   ] GC(751)   Evacuate Collection Set: 10.11ms
[498.630s][info][gc,phases   ] GC(751)   Post Evacuate Collection Set: 0.87ms
[498.630s][info][gc,phases   ] GC(751)   Other: 0.10ms
[498.630s][info][gc,heap     ] GC(751) Eden regions: 478->0(476)
[498.630s][info][gc,heap     ] GC(751) Survivor regions: 23->25(63)
[498.630s][info][gc,heap     ] GC(751) Old regions: 38->38
[498.630s][info][gc,heap     ] GC(751) Humongous regions: 207->207
[498.630s][info][gc,metaspace] GC(751) Metaspace: 57780K(58112K)->57780K(58112K) NonClass: 49491K(49728K)->49491K(49728K) Class: 8289K(8384K)->8289K(8384K)
[498.630s][info][gc          ] GC(751) Pause Young (Normal) (G1 Evacuation Pause) 744M->268M(835M) 11.778ms
[498.630s][info][gc,cpu      ] GC(751) User=0.02s Sys=0.00s Real=0.01s
[499.926s][info][gc,start    ] GC(752) Pause Young (Normal) (G1 Evacuation Pause)
[499.926s][info][gc,task     ] GC(752) Using 2 workers of 2 for evacuation
[499.935s][info][gc,phases   ] GC(752)   Pre Evacuate Collection Set: 0.29ms
[499.935s][info][gc,phases   ] GC(752)   Merge Heap Roots: 0.17ms
[499.935s][info][gc,phases   ] GC(752)   Evacuate Collection Set: 7.80ms
[499.935s][info][gc,phases   ] GC(752)   Post Evacuate Collection Set: 0.88ms
[499.935s][info][gc,phases   ] GC(752)   Other: 0.09ms
[499.935s][info][gc,heap     ] GC(752) Eden regions: 476->0(477)
[499.935s][info][gc,heap     ] GC(752) Survivor regions: 25->24(63)
[499.935s][info][gc,heap     ] GC(752) Old regions: 38->38
[499.935s][info][gc,heap     ] GC(752) Humongous regions: 207->207
[499.935s][info][gc,metaspace] GC(752) Metaspace: 57780K(58112K)->57780K(58112K) NonClass: 49491K(49728K)->49491K(49728K) Class: 8289K(8384K)->8289K(8384K)
[499.935s][info][gc          ] GC(752) Pause Young (Normal) (G1 Evacuation Pause) 744M->268M(835M) 9.462ms
[499.935s][info][gc,cpu      ] GC(752) User=0.02s Sys=0.00s Real=0.01s
[501.125s][info][gc,start    ] GC(753) Pause Young (Normal) (G1 Evacuation Pause)
[501.125s][info][gc,task     ] GC(753) Using 2 workers of 2 for evacuation
[501.137s][info][gc,phases   ] GC(753)   Pre Evacuate Collection Set: 0.30ms
[501.137s][info][gc,phases   ] GC(753)   Merge Heap Roots: 0.16ms
[501.137s][info][gc,phases   ] GC(753)   Evacuate Collection Set: 10.64ms
[501.137s][info][gc,phases   ] GC(753)   Post Evacuate Collection Set: 0.92ms
[501.137s][info][gc,phases   ] GC(753)   Other: 0.10ms
[501.137s][info][gc,heap     ] GC(753) Eden regions: 477->0(475)
[501.138s][info][gc,heap     ] GC(753) Survivor regions: 24->26(63)
[501.138s][info][gc,heap     ] GC(753) Old regions: 38->38
[501.138s][info][gc,heap     ] GC(753) Humongous regions: 207->207
[501.138s][info][gc,metaspace] GC(753) Metaspace: 57780K(58112K)->57780K(58112K) NonClass: 49491K(49728K)->49491K(49728K) Class: 8289K(8384K)->8289K(8384K)
[501.138s][info][gc          ] GC(753) Pause Young (Normal) (G1 Evacuation Pause) 745M->269M(835M) 12.357ms
[501.138s][info][gc,cpu      ] GC(753) User=0.03s Sys=0.00s Real=0.01s
[502.403s][info][gc,start    ] GC(754) Pause Young (Normal) (G1 Evacuation Pause)
[502.403s][info][gc,task     ] GC(754) Using 2 workers of 2 for evacuation
[502.413s][info][gc,phases   ] GC(754)   Pre Evacuate Collection Set: 0.32ms
[502.413s][info][gc,phases   ] GC(754)   Merge Heap Roots: 0.17ms
[502.413s][info][gc,phases   ] GC(754)   Evacuate Collection Set: 8.84ms
[502.413s][info][gc,phases   ] GC(754)   Post Evacuate Collection Set: 0.82ms
[502.413s][info][gc,phases   ] GC(754)   Other: 0.10ms
[502.413s][info][gc,heap     ] GC(754) Eden regions: 475->0(476)
[502.413s][info][gc,heap     ] GC(754) Survivor regions: 26->25(63)
[502.413s][info][gc,heap     ] GC(754) Old regions: 38->38
[502.413s][info][gc,heap     ] GC(754) Humongous regions: 207->207
[502.413s][info][gc,metaspace] GC(754) Metaspace: 57780K(58112K)->57780K(58112K) NonClass: 49491K(49728K)->49491K(49728K) Class: 8289K(8384K)->8289K(8384K)
[502.413s][info][gc          ] GC(754) Pause Young (Normal) (G1 Evacuation Pause) 744M->268M(835M) 10.459ms
[502.413s][info][gc,cpu      ] GC(754) User=0.02s Sys=0.00s Real=0.01s
[503.687s][info][gc,start    ] GC(755) Pause Young (Normal) (G1 Evacuation Pause)
[503.687s][info][gc,task     ] GC(755) Using 2 workers of 2 for evacuation
[503.717s][info][gc,phases   ] GC(755)   Pre Evacuate Collection Set: 0.82ms
[503.717s][info][gc,phases   ] GC(755)   Merge Heap Roots: 0.24ms
[503.717s][info][gc,phases   ] GC(755)   Evacuate Collection Set: 27.26ms
[503.717s][info][gc,phases   ] GC(755)   Post Evacuate Collection Set: 0.90ms
[503.717s][info][gc,phases   ] GC(755)   Other: 0.10ms
[503.717s][info][gc,heap     ] GC(755) Eden regions: 476->0(476)
[503.717s][info][gc,heap     ] GC(755) Survivor regions: 25->25(63)
[503.717s][info][gc,heap     ] GC(755) Old regions: 38->38
[503.717s][info][gc,heap     ] GC(755) Humongous regions: 207->207
[503.717s][info][gc,metaspace] GC(755) Metaspace: 57780K(58112K)->57780K(58112K) NonClass: 49491K(49728K)->49491K(49728K) Class: 8289K(8384K)->8289K(8384K)
[503.717s][info][gc          ] GC(755) Pause Young (Normal) (G1 Evacuation Pause) 744M->268M(835M) 30.140ms
[503.717s][info][gc,cpu      ] GC(755) User=0.02s Sys=0.00s Real=0.03s
[504.908s][info][gc,start    ] GC(756) Pause Young (Normal) (G1 Evacuation Pause)
[504.908s][info][gc,task     ] GC(756) Using 2 workers of 2 for evacuation
[504.920s][info][gc,phases   ] GC(756)   Pre Evacuate Collection Set: 0.29ms
[504.920s][info][gc,phases   ] GC(756)   Merge Heap Roots: 0.16ms
[504.920s][info][gc,phases   ] GC(756)   Evacuate Collection Set: 10.18ms
[504.920s][info][gc,phases   ] GC(756)   Post Evacuate Collection Set: 0.89ms
[504.920s][info][gc,phases   ] GC(756)   Other: 0.09ms
[504.920s][info][gc,heap     ] GC(756) Eden regions: 476->0(476)
[504.920s][info][gc,heap     ] GC(756) Survivor regions: 25->25(63)
[504.920s][info][gc,heap     ] GC(756) Old regions: 38->38
[504.920s][info][gc,heap     ] GC(756) Humongous regions: 207->207
[504.920s][info][gc,metaspace] GC(756) Metaspace: 57780K(58112K)->57780K(58112K) NonClass: 49491K(49728K)->49491K(49728K) Class: 8289K(8384K)->8289K(8384K)
[504.920s][info][gc          ] GC(756) Pause Young (Normal) (G1 Evacuation Pause) 744M->269M(835M) 11.848ms
[504.920s][info][gc,cpu      ] GC(756) User=0.02s Sys=0.00s Real=0.01s
[506.131s][info][gc,start    ] GC(757) Pause Young (Normal) (G1 Evacuation Pause)
[506.132s][info][gc,task     ] GC(757) Using 2 workers of 2 for evacuation
[506.143s][info][gc,phases   ] GC(757)   Pre Evacuate Collection Set: 0.30ms
[506.143s][info][gc,phases   ] GC(757)   Merge Heap Roots: 0.17ms
[506.143s][info][gc,phases   ] GC(757)   Evacuate Collection Set: 10.01ms
[506.143s][info][gc,phases   ] GC(757)   Post Evacuate Collection Set: 0.90ms
[506.143s][info][gc,phases   ] GC(757)   Other: 0.09ms
[506.143s][info][gc,heap     ] GC(757) Eden regions: 476->0(476)
[506.143s][info][gc,heap     ] GC(757) Survivor regions: 25->25(63)
[506.143s][info][gc,heap     ] GC(757) Old regions: 38->38
[506.143s][info][gc,heap     ] GC(757) Humongous regions: 207->207
[506.143s][info][gc,metaspace] GC(757) Metaspace: 57780K(58112K)->57780K(58112K) NonClass: 49491K(49728K)->49491K(49728K) Class: 8289K(8384K)->8289K(8384K)
[506.143s][info][gc          ] GC(757) Pause Young (Normal) (G1 Evacuation Pause) 745M->268M(835M) 11.739ms
[506.143s][info][gc,cpu      ] GC(757) User=0.02s Sys=0.00s Real=0.02s
[507.410s][info][gc,start    ] GC(758) Pause Young (Normal) (G1 Evacuation Pause)
[507.410s][info][gc,task     ] GC(758) Using 2 workers of 2 for evacuation
[507.420s][info][gc,phases   ] GC(758)   Pre Evacuate Collection Set: 0.46ms
[507.420s][info][gc,phases   ] GC(758)   Merge Heap Roots: 0.20ms
[507.420s][info][gc,phases   ] GC(758)   Evacuate Collection Set: 8.55ms
[507.420s][info][gc,phases   ] GC(758)   Post Evacuate Collection Set: 1.02ms
[507.420s][info][gc,phases   ] GC(758)   Other: 0.14ms
[507.420s][info][gc,heap     ] GC(758) Eden regions: 476->0(477)
[507.420s][info][gc,heap     ] GC(758) Survivor regions: 25->24(63)
[507.420s][info][gc,heap     ] GC(758) Old regions: 38->38
[507.420s][info][gc,heap     ] GC(758) Humongous regions: 207->207
[507.420s][info][gc,metaspace] GC(758) Metaspace: 57780K(58112K)->57780K(58112K) NonClass: 49491K(49728K)->49491K(49728K) Class: 8289K(8384K)->8289K(8384K)
[507.420s][info][gc          ] GC(758) Pause Young (Normal) (G1 Evacuation Pause) 744M->268M(835M) 10.632ms
[507.420s][info][gc,cpu      ] GC(758) User=0.02s Sys=0.00s Real=0.01s
[508.666s][info][gc,start    ] GC(759) Pause Young (Normal) (G1 Evacuation Pause)
[508.666s][info][gc,task     ] GC(759) Using 2 workers of 2 for evacuation
[508.689s][info][gc,phases   ] GC(759)   Pre Evacuate Collection Set: 5.26ms
[508.689s][info][gc,phases   ] GC(759)   Merge Heap Roots: 0.26ms
[508.689s][info][gc,phases   ] GC(759)   Evacuate Collection Set: 16.25ms
[508.689s][info][gc,phases   ] GC(759)   Post Evacuate Collection Set: 1.32ms
[508.689s][info][gc,phases   ] GC(759)   Other: 0.11ms
[508.689s][info][gc,heap     ] GC(759) Eden regions: 477->0(477)
[508.689s][info][gc,heap     ] GC(759) Survivor regions: 24->24(63)
[508.689s][info][gc,heap     ] GC(759) Old regions: 38->38
[508.689s][info][gc,heap     ] GC(759) Humongous regions: 207->207
[508.689s][info][gc,metaspace] GC(759) Metaspace: 57780K(58112K)->57780K(58112K) NonClass: 49491K(49728K)->49491K(49728K) Class: 8289K(8384K)->8289K(8384K)
[508.689s][info][gc          ] GC(759) Pause Young (Normal) (G1 Evacuation Pause) 745M->267M(835M) 23.439ms
[508.689s][info][gc,cpu      ] GC(759) User=0.02s Sys=0.00s Real=0.02s
[509.917s][info][gc,start    ] GC(760) Pause Young (Normal) (G1 Evacuation Pause)
[509.917s][info][gc,task     ] GC(760) Using 2 workers of 2 for evacuation
[509.930s][info][gc,phases   ] GC(760)   Pre Evacuate Collection Set: 0.55ms
[509.930s][info][gc,phases   ] GC(760)   Merge Heap Roots: 0.15ms
[509.930s][info][gc,phases   ] GC(760)   Evacuate Collection Set: 11.37ms
[509.930s][info][gc,phases   ] GC(760)   Post Evacuate Collection Set: 0.87ms
[509.930s][info][gc,phases   ] GC(760)   Other: 0.09ms
[509.930s][info][gc,heap     ] GC(760) Eden regions: 477->0(498)
[509.930s][info][gc,heap     ] GC(760) Survivor regions: 24->3(63)
[509.930s][info][gc,heap     ] GC(760) Old regions: 38->60
[509.930s][info][gc,heap     ] GC(760) Humongous regions: 207->207
[509.930s][info][gc,metaspace] GC(760) Metaspace: 57780K(58112K)->57780K(58112K) NonClass: 49491K(49728K)->49491K(49728K) Class: 8289K(8384K)->8289K(8384K)
[509.930s][info][gc          ] GC(760) Pause Young (Normal) (G1 Evacuation Pause) 744M->269M(835M) 13.239ms
[509.930s][info][gc,cpu      ] GC(760) User=0.03s Sys=0.00s Real=0.01s
[511.236s][info][gc,start    ] GC(761) Pause Young (Concurrent Start) (G1 Evacuation Pause)
[511.236s][info][gc,task     ] GC(761) Using 2 workers of 2 for evacuation
[511.243s][info][gc,phases   ] GC(761)   Pre Evacuate Collection Set: 0.30ms
[511.243s][info][gc,phases   ] GC(761)   Merge Heap Roots: 0.14ms
[511.243s][info][gc,phases   ] GC(761)   Evacuate Collection Set: 5.23ms
[511.243s][info][gc,phases   ] GC(761)   Post Evacuate Collection Set: 0.84ms
[511.243s][info][gc,phases   ] GC(761)   Other: 0.14ms
[511.243s][info][gc,heap     ] GC(761) Eden regions: 498->0(498)
[511.243s][info][gc,heap     ] GC(761) Survivor regions: 3->3(63)
[511.243s][info][gc,heap     ] GC(761) Old regions: 60->60
[511.243s][info][gc,heap     ] GC(761) Humongous regions: 207->207
[511.243s][info][gc,metaspace] GC(761) Metaspace: 57780K(58112K)->57780K(58112K) NonClass: 49491K(49728K)->49491K(49728K) Class: 8289K(8384K)->8289K(8384K)
[511.243s][info][gc          ] GC(761) Pause Young (Concurrent Start) (G1 Evacuation Pause) 767M->269M(835M) 6.873ms
[511.243s][info][gc,cpu      ] GC(761) User=0.01s Sys=0.00s Real=0.01s
[511.243s][info][gc          ] GC(762) Concurrent Mark Cycle
[511.243s][info][gc,marking  ] GC(762) Concurrent Scan Root Regions
[511.248s][info][gc,marking  ] GC(762) Concurrent Scan Root Regions 5.000ms
[511.248s][info][gc,marking  ] GC(762) Concurrent Mark
[511.248s][info][gc,marking  ] GC(762) Concurrent Mark From Roots
[511.248s][info][gc,task     ] GC(762) Using 1 workers of 1 for marking
[511.308s][info][gc,marking  ] GC(762) Concurrent Mark From Roots 59.963ms
[511.308s][info][gc,marking  ] GC(762) Concurrent Preclean
[511.308s][info][gc,marking  ] GC(762) Concurrent Preclean 0.100ms
[511.308s][info][gc,start    ] GC(762) Pause Remark
[511.320s][info][gc          ] GC(762) Pause Remark 290M->281M(835M) 11.505ms
[511.320s][info][gc,cpu      ] GC(762) User=0.03s Sys=0.00s Real=0.01s
[511.322s][info][gc,marking  ] GC(762) Concurrent Mark 73.756ms
[511.322s][info][gc,marking  ] GC(762) Concurrent Rebuild Remembered Sets and Scrub Regions
[511.359s][info][gc,marking  ] GC(762) Concurrent Rebuild Remembered Sets and Scrub Regions 36.970ms
[511.359s][info][gc,start    ] GC(762) Pause Cleanup
[511.359s][info][gc          ] GC(762) Pause Cleanup 302M->302M(835M) 0.137ms
[511.359s][info][gc,cpu      ] GC(762) User=0.00s Sys=0.00s Real=0.00s
[511.360s][info][gc,marking  ] GC(762) Concurrent Clear Claimed Marks
[511.361s][info][gc,marking  ] GC(762) Concurrent Clear Claimed Marks 0.121ms
[511.361s][info][gc,marking  ] GC(762) Concurrent Cleanup for Next Mark
[511.367s][info][gc,marking  ] GC(762) Concurrent Cleanup for Next Mark 6.531ms
[511.367s][info][gc          ] GC(762) Concurrent Mark Cycle 124.218ms
[512.540s][info][gc,start    ] GC(763) Pause Young (Prepare Mixed) (G1 Evacuation Pause)
[512.540s][info][gc,task     ] GC(763) Using 2 workers of 2 for evacuation
[512.546s][info][gc,phases   ] GC(763)   Pre Evacuate Collection Set: 0.30ms
[512.546s][info][gc,phases   ] GC(763)   Merge Heap Roots: 0.16ms
[512.546s][info][gc,phases   ] GC(763)   Evacuate Collection Set: 4.03ms
[512.546s][info][gc,phases   ] GC(763)   Post Evacuate Collection Set: 0.89ms
[512.546s][info][gc,phases   ] GC(763)   Other: 0.12ms
[512.546s][info][gc,heap     ] GC(763) Eden regions: 498->0(499)
[512.546s][info][gc,heap     ] GC(763) Survivor regions: 3->2(63)
[512.546s][info][gc,heap     ] GC(763) Old regions: 51->52
[512.546s][info][gc,heap     ] GC(763) Humongous regions: 207->207
[512.546s][info][gc,metaspace] GC(763) Metaspace: 57780K(58112K)->57780K(58112K) NonClass: 49491K(49728K)->49491K(49728K) Class: 8289K(8384K)->8289K(8384K)
[512.546s][info][gc          ] GC(763) Pause Young (Prepare Mixed) (G1 Evacuation Pause) 758M->260M(835M) 5.715ms
[512.546s][info][gc,cpu      ] GC(763) User=0.01s Sys=0.00s Real=0.01s
[513.898s][info][gc,start    ] GC(764) Pause Young (Mixed) (G1 Evacuation Pause)
[513.898s][info][gc,task     ] GC(764) Using 2 workers of 2 for evacuation
[513.905s][info][gc,phases   ] GC(764)   Pre Evacuate Collection Set: 0.31ms
[513.905s][info][gc,phases   ] GC(764)   Merge Heap Roots: 0.17ms
[513.905s][info][gc,phases   ] GC(764)   Evacuate Collection Set: 5.53ms
[513.905s][info][gc,phases   ] GC(764)   Post Evacuate Collection Set: 0.82ms
[513.905s][info][gc,phases   ] GC(764)   Other: 0.10ms
[513.905s][info][gc,heap     ] GC(764) Eden regions: 499->0(499)
[513.905s][info][gc,heap     ] GC(764) Survivor regions: 2->2(63)
[513.905s][info][gc,heap     ] GC(764) Old regions: 52->50
[513.905s][info][gc,heap     ] GC(764) Humongous regions: 207->207
[513.905s][info][gc,metaspace] GC(764) Metaspace: 57780K(58112K)->57780K(58112K) NonClass: 49491K(49728K)->49491K(49728K) Class: 8289K(8384K)->8289K(8384K)
[513.905s][info][gc          ] GC(764) Pause Young (Mixed) (G1 Evacuation Pause) 759M->257M(835M) 7.168ms
[513.905s][info][gc,cpu      ] GC(764) User=0.01s Sys=0.00s Real=0.01s
[515.207s][info][gc,start    ] GC(765) Pause Young (Normal) (G1 Evacuation Pause)
[515.207s][info][gc,task     ] GC(765) Using 2 workers of 2 for evacuation
[515.213s][info][gc,phases   ] GC(765)   Pre Evacuate Collection Set: 0.33ms
[515.213s][info][gc,phases   ] GC(765)   Merge Heap Roots: 0.17ms
[515.213s][info][gc,phases   ] GC(765)   Evacuate Collection Set: 4.33ms
[515.213s][info][gc,phases   ] GC(765)   Post Evacuate Collection Set: 0.92ms
[515.213s][info][gc,phases   ] GC(765)   Other: 0.10ms
[515.213s][info][gc,heap     ] GC(765) Eden regions: 499->0(498)
[515.213s][info][gc,heap     ] GC(765) Survivor regions: 2->3(63)
[515.213s][info][gc,heap     ] GC(765) Old regions: 50->50
[515.213s][info][gc,heap     ] GC(765) Humongous regions: 207->207
[515.213s][info][gc,metaspace] GC(765) Metaspace: 57780K(58112K)->57780K(58112K) NonClass: 49491K(49728K)->49491K(49728K) Class: 8289K(8384K)->8289K(8384K)
[515.213s][info][gc          ] GC(765) Pause Young (Normal) (G1 Evacuation Pause) 756M->258M(835M) 6.077ms
[515.213s][info][gc,cpu      ] GC(765) User=0.01s Sys=0.00s Real=0.01s
[516.540s][info][gc,start    ] GC(766) Pause Young (Normal) (G1 Evacuation Pause)
[516.540s][info][gc,task     ] GC(766) Using 2 workers of 2 for evacuation
[516.578s][info][gc,phases   ] GC(766)   Pre Evacuate Collection Set: 0.44ms
[516.578s][info][gc,phases   ] GC(766)   Merge Heap Roots: 0.18ms
[516.578s][info][gc,phases   ] GC(766)   Evacuate Collection Set: 36.04ms
[516.578s][info][gc,phases   ] GC(766)   Post Evacuate Collection Set: 1.09ms
[516.578s][info][gc,phases   ] GC(766)   Other: 0.10ms
[516.578s][info][gc,heap     ] GC(766) Eden regions: 498->0(498)
[516.578s][info][gc,heap     ] GC(766) Survivor regions: 3->3(63)
[516.578s][info][gc,heap     ] GC(766) Old regions: 50->50
[516.578s][info][gc,heap     ] GC(766) Humongous regions: 207->207
[516.578s][info][gc,metaspace] GC(766) Metaspace: 57780K(58112K)->57780K(58112K) NonClass: 49491K(49728K)->49491K(49728K) Class: 8289K(8384K)->8289K(8384K)
[516.578s][info][gc          ] GC(766) Pause Young (Normal) (G1 Evacuation Pause) 756M->259M(835M) 38.111ms
[516.578s][info][gc,cpu      ] GC(766) User=0.04s Sys=0.00s Real=0.04s
[517.822s][info][gc,start    ] GC(767) Pause Young (Normal) (G1 Evacuation Pause)
[517.822s][info][gc,task     ] GC(767) Using 2 workers of 2 for evacuation
[517.828s][info][gc,phases   ] GC(767)   Pre Evacuate Collection Set: 0.34ms
[517.828s][info][gc,phases   ] GC(767)   Merge Heap Roots: 0.16ms
[517.828s][info][gc,phases   ] GC(767)   Evacuate Collection Set: 4.22ms
[517.828s][info][gc,phases   ] GC(767)   Post Evacuate Collection Set: 0.88ms
[517.828s][info][gc,phases   ] GC(767)   Other: 0.10ms
[517.828s][info][gc,heap     ] GC(767) Eden regions: 498->0(499)
[517.828s][info][gc,heap     ] GC(767) Survivor regions: 3->2(63)
[517.828s][info][gc,heap     ] GC(767) Old regions: 50->50
[517.828s][info][gc,heap     ] GC(767) Humongous regions: 207->207
[517.828s][info][gc,metaspace] GC(767) Metaspace: 57780K(58112K)->57780K(58112K) NonClass: 49491K(49728K)->49491K(49728K) Class: 8289K(8384K)->8289K(8384K)
[517.828s][info][gc          ] GC(767) Pause Young (Normal) (G1 Evacuation Pause) 757M->258M(835M) 5.905ms
[517.828s][info][gc,cpu      ] GC(767) User=0.01s Sys=0.00s Real=0.01s
[519.139s][info][gc,start    ] GC(768) Pause Young (Normal) (G1 Evacuation Pause)
[519.139s][info][gc,task     ] GC(768) Using 2 workers of 2 for evacuation
[519.147s][info][gc,phases   ] GC(768)   Pre Evacuate Collection Set: 0.33ms
[519.147s][info][gc,phases   ] GC(768)   Merge Heap Roots: 0.19ms
[519.147s][info][gc,phases   ] GC(768)   Evacuate Collection Set: 6.09ms
[519.147s][info][gc,phases   ] GC(768)   Post Evacuate Collection Set: 1.08ms
[519.147s][info][gc,phases   ] GC(768)   Other: 0.13ms
[519.147s][info][gc,heap     ] GC(768) Eden regions: 499->0(498)
[519.147s][info][gc,heap     ] GC(768) Survivor regions: 2->3(63)
[519.147s][info][gc,heap     ] GC(768) Old regions: 50->50
[519.147s][info][gc,heap     ] GC(768) Humongous regions: 207->207
[519.147s][info][gc,metaspace] GC(768) Metaspace: 57780K(58112K)->57780K(58112K) NonClass: 49491K(49728K)->49491K(49728K) Class: 8289K(8384K)->8289K(8384K)
[519.147s][info][gc          ] GC(768) Pause Young (Normal) (G1 Evacuation Pause) 756M->258M(835M) 8.198ms
[519.147s][info][gc,cpu      ] GC(768) User=0.01s Sys=0.00s Real=0.01s
[520.541s][info][gc,start    ] GC(769) Pause Young (Normal) (G1 Evacuation Pause)
[520.541s][info][gc,task     ] GC(769) Using 2 workers of 2 for evacuation
[520.547s][info][gc,phases   ] GC(769)   Pre Evacuate Collection Set: 0.30ms
[520.547s][info][gc,phases   ] GC(769)   Merge Heap Roots: 0.15ms
[520.547s][info][gc,phases   ] GC(769)   Evacuate Collection Set: 4.19ms
[520.547s][info][gc,phases   ] GC(769)   Post Evacuate Collection Set: 0.91ms
[520.547s][info][gc,phases   ] GC(769)   Other: 0.09ms
[520.547s][info][gc,heap     ] GC(769) Eden regions: 498->0(499)
[520.547s][info][gc,heap     ] GC(769) Survivor regions: 3->2(63)
[520.547s][info][gc,heap     ] GC(769) Old regions: 50->50
[520.547s][info][gc,heap     ] GC(769) Humongous regions: 207->207
[520.547s][info][gc,metaspace] GC(769) Metaspace: 57780K(58112K)->57780K(58112K) NonClass: 49491K(49728K)->49491K(49728K) Class: 8289K(8384K)->8289K(8384K)
[520.547s][info][gc          ] GC(769) Pause Young (Normal) (G1 Evacuation Pause) 756M->258M(835M) 5.857ms
[520.547s][info][gc,cpu      ] GC(769) User=0.01s Sys=0.00s Real=0.01s
[521.901s][info][gc,start    ] GC(770) Pause Young (Normal) (G1 Evacuation Pause)
[521.901s][info][gc,task     ] GC(770) Using 2 workers of 2 for evacuation
[521.906s][info][gc,phases   ] GC(770)   Pre Evacuate Collection Set: 0.31ms
[521.906s][info][gc,phases   ] GC(770)   Merge Heap Roots: 0.16ms
[521.906s][info][gc,phases   ] GC(770)   Evacuate Collection Set: 3.49ms
[521.906s][info][gc,phases   ] GC(770)   Post Evacuate Collection Set: 0.90ms
[521.906s][info][gc,phases   ] GC(770)   Other: 0.15ms
[521.906s][info][gc,heap     ] GC(770) Eden regions: 499->0(499)
[521.906s][info][gc,heap     ] GC(770) Survivor regions: 2->2(63)
[521.906s][info][gc,heap     ] GC(770) Old regions: 50->50
[521.906s][info][gc,heap     ] GC(770) Humongous regions: 207->207
[521.906s][info][gc,metaspace] GC(770) Metaspace: 57780K(58112K)->57780K(58112K) NonClass: 49491K(49728K)->49491K(49728K) Class: 8289K(8384K)->8289K(8384K)
[521.906s][info][gc          ] GC(770) Pause Young (Normal) (G1 Evacuation Pause) 757M->257M(835M) 5.271ms
[521.906s][info][gc,cpu      ] GC(770) User=0.00s Sys=0.00s Real=0.01s
[523.211s][info][gc,start    ] GC(771) Pause Young (Normal) (G1 Evacuation Pause)
[523.211s][info][gc,task     ] GC(771) Using 2 workers of 2 for evacuation
[523.217s][info][gc,phases   ] GC(771)   Pre Evacuate Collection Set: 0.35ms
[523.217s][info][gc,phases   ] GC(771)   Merge Heap Roots: 0.16ms
[523.217s][info][gc,phases   ] GC(771)   Evacuate Collection Set: 4.64ms
[523.217s][info][gc,phases   ] GC(771)   Post Evacuate Collection Set: 0.88ms
[523.217s][info][gc,phases   ] GC(771)   Other: 0.13ms
[523.217s][info][gc,heap     ] GC(771) Eden regions: 499->0(498)
[523.217s][info][gc,heap     ] GC(771) Survivor regions: 2->3(63)
[523.217s][info][gc,heap     ] GC(771) Old regions: 50->50
[523.217s][info][gc,heap     ] GC(771) Humongous regions: 207->207
[523.217s][info][gc,metaspace] GC(771) Metaspace: 57780K(58112K)->57780K(58112K) NonClass: 49491K(49728K)->49491K(49728K) Class: 8289K(8384K)->8289K(8384K)
[523.217s][info][gc          ] GC(771) Pause Young (Normal) (G1 Evacuation Pause) 756M->258M(835M) 6.391ms
[523.217s][info][gc,cpu      ] GC(771) User=0.01s Sys=0.00s Real=0.01s
[524.577s][info][gc,start    ] GC(772) Pause Young (Normal) (G1 Evacuation Pause)
[524.577s][info][gc,task     ] GC(772) Using 2 workers of 2 for evacuation
[524.583s][info][gc,phases   ] GC(772)   Pre Evacuate Collection Set: 0.30ms
[524.583s][info][gc,phases   ] GC(772)   Merge Heap Roots: 0.16ms
[524.583s][info][gc,phases   ] GC(772)   Evacuate Collection Set: 4.29ms
[524.583s][info][gc,phases   ] GC(772)   Post Evacuate Collection Set: 0.82ms
[524.583s][info][gc,phases   ] GC(772)   Other: 0.09ms
[524.583s][info][gc,heap     ] GC(772) Eden regions: 498->0(498)
[524.583s][info][gc,heap     ] GC(772) Survivor regions: 3->3(63)
[524.583s][info][gc,heap     ] GC(772) Old regions: 50->50
[524.583s][info][gc,heap     ] GC(772) Humongous regions: 207->207
[524.583s][info][gc,metaspace] GC(772) Metaspace: 57780K(58112K)->57780K(58112K) NonClass: 49491K(49728K)->49491K(49728K) Class: 8289K(8384K)->8289K(8384K)
[524.583s][info][gc          ] GC(772) Pause Young (Normal) (G1 Evacuation Pause) 756M->258M(835M) 5.896ms
[524.583s][info][gc,cpu      ] GC(772) User=0.01s Sys=0.00s Real=0.01s
[525.823s][info][gc,start    ] GC(773) Pause Young (Normal) (G1 Evacuation Pause)
[525.823s][info][gc,task     ] GC(773) Using 2 workers of 2 for evacuation
[525.830s][info][gc,phases   ] GC(773)   Pre Evacuate Collection Set: 0.31ms
[525.830s][info][gc,phases   ] GC(773)   Merge Heap Roots: 0.18ms
[525.830s][info][gc,phases   ] GC(773)   Evacuate Collection Set: 5.47ms
[525.830s][info][gc,phases   ] GC(773)   Post Evacuate Collection Set: 1.29ms
[525.830s][info][gc,phases   ] GC(773)   Other: 0.10ms
[525.830s][info][gc,heap     ] GC(773) Eden regions: 498->0(497)
[525.830s][info][gc,heap     ] GC(773) Survivor regions: 3->4(63)
[525.830s][info][gc,heap     ] GC(773) Old regions: 50->50
[525.830s][info][gc,heap     ] GC(773) Humongous regions: 207->207
[525.830s][info][gc,metaspace] GC(773) Metaspace: 57780K(58112K)->57780K(58112K) NonClass: 49491K(49728K)->49491K(49728K) Class: 8289K(8384K)->8289K(8384K)
[525.830s][info][gc          ] GC(773) Pause Young (Normal) (G1 Evacuation Pause) 756M->259M(835M) 7.582ms
[525.830s][info][gc,cpu      ] GC(773) User=0.01s Sys=0.00s Real=0.00s
[527.135s][info][gc,start    ] GC(774) Pause Young (Normal) (G1 Evacuation Pause)
[527.136s][info][gc,task     ] GC(774) Using 2 workers of 2 for evacuation
[527.144s][info][gc,phases   ] GC(774)   Pre Evacuate Collection Set: 0.48ms
[527.144s][info][gc,phases   ] GC(774)   Merge Heap Roots: 0.33ms
[527.144s][info][gc,phases   ] GC(774)   Evacuate Collection Set: 6.25ms
[527.144s][info][gc,phases   ] GC(774)   Post Evacuate Collection Set: 0.87ms
[527.144s][info][gc,phases   ] GC(774)   Other: 0.10ms
[527.144s][info][gc,heap     ] GC(774) Eden regions: 497->0(498)
[527.144s][info][gc,heap     ] GC(774) Survivor regions: 4->3(63)
[527.144s][info][gc,heap     ] GC(774) Old regions: 50->50
[527.144s][info][gc,heap     ] GC(774) Humongous regions: 207->207
[527.144s][info][gc,metaspace] GC(774) Metaspace: 57780K(58112K)->57780K(58112K) NonClass: 49491K(49728K)->49491K(49728K) Class: 8289K(8384K)->8289K(8384K)
[527.144s][info][gc          ] GC(774) Pause Young (Normal) (G1 Evacuation Pause) 756M->259M(835M) 8.239ms
[527.144s][info][gc,cpu      ] GC(774) User=0.01s Sys=0.00s Real=0.01s
[528.532s][info][gc,start    ] GC(775) Pause Young (Normal) (G1 Evacuation Pause)
[528.532s][info][gc,task     ] GC(775) Using 2 workers of 2 for evacuation
[528.541s][info][gc,phases   ] GC(775)   Pre Evacuate Collection Set: 0.53ms
[528.541s][info][gc,phases   ] GC(775)   Merge Heap Roots: 0.15ms
[528.541s][info][gc,phases   ] GC(775)   Evacuate Collection Set: 7.16ms
[528.541s][info][gc,phases   ] GC(775)   Post Evacuate Collection Set: 1.31ms
[528.541s][info][gc,phases   ] GC(775)   Other: 0.10ms
[528.541s][info][gc,heap     ] GC(775) Eden regions: 498->0(499)
[528.541s][info][gc,heap     ] GC(775) Survivor regions: 3->2(63)
[528.541s][info][gc,heap     ] GC(775) Old regions: 50->50
[528.541s][info][gc,heap     ] GC(775) Humongous regions: 207->207
[528.541s][info][gc,metaspace] GC(775) Metaspace: 57780K(58112K)->57780K(58112K) NonClass: 49491K(49728K)->49491K(49728K) Class: 8289K(8384K)->8289K(8384K)
[528.541s][info][gc          ] GC(775) Pause Young (Normal) (G1 Evacuation Pause) 757M->257M(835M) 9.541ms
[528.541s][info][gc,cpu      ] GC(775) User=0.01s Sys=0.00s Real=0.01s
[529.799s][info][gc,start    ] GC(776) Pause Young (Normal) (G1 Evacuation Pause)
[529.800s][info][gc,task     ] GC(776) Using 2 workers of 2 for evacuation
[529.804s][info][gc,phases   ] GC(776)   Pre Evacuate Collection Set: 0.31ms
[529.804s][info][gc,phases   ] GC(776)   Merge Heap Roots: 0.17ms
[529.804s][info][gc,phases   ] GC(776)   Evacuate Collection Set: 3.46ms
[529.804s][info][gc,phases   ] GC(776)   Post Evacuate Collection Set: 0.82ms
[529.804s][info][gc,phases   ] GC(776)   Other: 0.10ms
[529.805s][info][gc,heap     ] GC(776) Eden regions: 499->0(499)
[529.805s][info][gc,heap     ] GC(776) Survivor regions: 2->2(63)
[529.805s][info][gc,heap     ] GC(776) Old regions: 50->50
[529.805s][info][gc,heap     ] GC(776) Humongous regions: 207->207
[529.805s][info][gc,metaspace] GC(776) Metaspace: 57780K(58112K)->57780K(58112K) NonClass: 49491K(49728K)->49491K(49728K) Class: 8289K(8384K)->8289K(8384K)
[529.805s][info][gc          ] GC(776) Pause Young (Normal) (G1 Evacuation Pause) 756M->257M(835M) 5.100ms
[529.805s][info][gc,cpu      ] GC(776) User=0.01s Sys=0.00s Real=0.01s
[531.204s][info][gc,start    ] GC(777) Pause Young (Normal) (G1 Evacuation Pause)
[531.204s][info][gc,task     ] GC(777) Using 2 workers of 2 for evacuation
[531.209s][info][gc,phases   ] GC(777)   Pre Evacuate Collection Set: 0.33ms
[531.209s][info][gc,phases   ] GC(777)   Merge Heap Roots: 0.15ms
[531.209s][info][gc,phases   ] GC(777)   Evacuate Collection Set: 3.81ms
[531.209s][info][gc,phases   ] GC(777)   Post Evacuate Collection Set: 0.82ms
[531.209s][info][gc,phases   ] GC(777)   Other: 0.12ms
[531.209s][info][gc,heap     ] GC(777) Eden regions: 499->0(499)
[531.209s][info][gc,heap     ] GC(777) Survivor regions: 2->2(63)
[531.209s][info][gc,heap     ] GC(777) Old regions: 50->50
[531.209s][info][gc,heap     ] GC(777) Humongous regions: 207->207
[531.209s][info][gc,metaspace] GC(777) Metaspace: 57780K(58112K)->57780K(58112K) NonClass: 49491K(49728K)->49491K(49728K) Class: 8289K(8384K)->8289K(8384K)
[531.209s][info][gc          ] GC(777) Pause Young (Normal) (G1 Evacuation Pause) 756M->257M(835M) 5.454ms
[531.209s][info][gc,cpu      ] GC(777) User=0.01s Sys=0.00s Real=0.00s
[532.520s][info][gc,start    ] GC(778) Pause Young (Normal) (G1 Evacuation Pause)
[532.520s][info][gc,task     ] GC(778) Using 2 workers of 2 for evacuation
[532.526s][info][gc,phases   ] GC(778)   Pre Evacuate Collection Set: 0.38ms
[532.526s][info][gc,phases   ] GC(778)   Merge Heap Roots: 0.18ms
[532.526s][info][gc,phases   ] GC(778)   Evacuate Collection Set: 3.64ms
[532.526s][info][gc,phases   ] GC(778)   Post Evacuate Collection Set: 0.88ms
[532.526s][info][gc,phases   ] GC(778)   Other: 0.15ms
[532.526s][info][gc,heap     ] GC(778) Eden regions: 499->0(499)
[532.526s][info][gc,heap     ] GC(778) Survivor regions: 2->2(63)
[532.526s][info][gc,heap     ] GC(778) Old regions: 50->50
[532.526s][info][gc,heap     ] GC(778) Humongous regions: 207->207
[532.526s][info][gc,metaspace] GC(778) Metaspace: 57780K(58112K)->57780K(58112K) NonClass: 49491K(49728K)->49491K(49728K) Class: 8289K(8384K)->8289K(8384K)
[532.526s][info][gc          ] GC(778) Pause Young (Normal) (G1 Evacuation Pause) 756M->257M(835M) 5.513ms
[532.526s][info][gc,cpu      ] GC(778) User=0.01s Sys=0.00s Real=0.01s
[533.851s][info][gc,start    ] GC(779) Pause Young (Normal) (G1 Evacuation Pause)
[533.851s][info][gc,task     ] GC(779) Using 2 workers of 2 for evacuation
[533.858s][info][gc,phases   ] GC(779)   Pre Evacuate Collection Set: 0.32ms
[533.858s][info][gc,phases   ] GC(779)   Merge Heap Roots: 0.18ms
[533.858s][info][gc,phases   ] GC(779)   Evacuate Collection Set: 5.88ms
[533.858s][info][gc,phases   ] GC(779)   Post Evacuate Collection Set: 0.84ms
[533.858s][info][gc,phases   ] GC(779)   Other: 0.16ms
[533.858s][info][gc,heap     ] GC(779) Eden regions: 499->0(497)
[533.858s][info][gc,heap     ] GC(779) Survivor regions: 2->4(63)
[533.858s][info][gc,heap     ] GC(779) Old regions: 50->50
[533.858s][info][gc,heap     ] GC(779) Humongous regions: 207->207
[533.858s][info][gc,metaspace] GC(779) Metaspace: 57780K(58112K)->57780K(58112K) NonClass: 49491K(49728K)->49491K(49728K) Class: 8289K(8384K)->8289K(8384K)
[533.858s][info][gc          ] GC(779) Pause Young (Normal) (G1 Evacuation Pause) 756M->259M(835M) 7.650ms
[533.858s][info][gc,cpu      ] GC(779) User=0.01s Sys=0.00s Real=0.01s
[535.129s][info][gc,start    ] GC(780) Pause Young (Normal) (G1 Evacuation Pause)
[535.130s][info][gc,task     ] GC(780) Using 2 workers of 2 for evacuation
[535.136s][info][gc,phases   ] GC(780)   Pre Evacuate Collection Set: 0.31ms
[535.136s][info][gc,phases   ] GC(780)   Merge Heap Roots: 0.16ms
[535.136s][info][gc,phases   ] GC(780)   Evacuate Collection Set: 5.09ms
[535.136s][info][gc,phases   ] GC(780)   Post Evacuate Collection Set: 0.80ms
[535.136s][info][gc,phases   ] GC(780)   Other: 0.09ms
[535.136s][info][gc,heap     ] GC(780) Eden regions: 497->0(498)
[535.136s][info][gc,heap     ] GC(780) Survivor regions: 4->3(63)
[535.136s][info][gc,heap     ] GC(780) Old regions: 50->50
[535.136s][info][gc,heap     ] GC(780) Humongous regions: 207->207
[535.136s][info][gc,metaspace] GC(780) Metaspace: 57782K(58112K)->57782K(58112K) NonClass: 49492K(49728K)->49492K(49728K) Class: 8289K(8384K)->8289K(8384K)
[535.136s][info][gc          ] GC(780) Pause Young (Normal) (G1 Evacuation Pause) 756M->258M(835M) 6.697ms
[535.136s][info][gc,cpu      ] GC(780) User=0.01s Sys=0.00s Real=0.01s
[536.499s][info][gc,start    ] GC(781) Pause Young (Normal) (G1 Evacuation Pause)
[536.499s][info][gc,task     ] GC(781) Using 2 workers of 2 for evacuation
[536.505s][info][gc,phases   ] GC(781)   Pre Evacuate Collection Set: 0.31ms
[536.505s][info][gc,phases   ] GC(781)   Merge Heap Roots: 0.20ms
[536.505s][info][gc,phases   ] GC(781)   Evacuate Collection Set: 4.83ms
[536.505s][info][gc,phases   ] GC(781)   Post Evacuate Collection Set: 0.86ms
[536.505s][info][gc,phases   ] GC(781)   Other: 0.12ms
[536.505s][info][gc,heap     ] GC(781) Eden regions: 498->0(499)
[536.505s][info][gc,heap     ] GC(781) Survivor regions: 3->2(63)
[536.505s][info][gc,heap     ] GC(781) Old regions: 50->50
[536.505s][info][gc,heap     ] GC(781) Humongous regions: 207->207
[536.505s][info][gc,metaspace] GC(781) Metaspace: 57782K(58112K)->57782K(58112K) NonClass: 49492K(49728K)->49492K(49728K) Class: 8289K(8384K)->8289K(8384K)
[536.505s][info][gc          ] GC(781) Pause Young (Normal) (G1 Evacuation Pause) 756M->258M(835M) 6.545ms
[536.505s][info][gc,cpu      ] GC(781) User=0.01s Sys=0.00s Real=0.01s
[537.795s][info][gc,start    ] GC(782) Pause Young (Normal) (G1 Evacuation Pause)
[537.795s][info][gc,task     ] GC(782) Using 2 workers of 2 for evacuation
[537.799s][info][gc,phases   ] GC(782)   Pre Evacuate Collection Set: 0.30ms
[537.799s][info][gc,phases   ] GC(782)   Merge Heap Roots: 0.18ms
[537.799s][info][gc,phases   ] GC(782)   Evacuate Collection Set: 2.67ms
[537.799s][info][gc,phases   ] GC(782)   Post Evacuate Collection Set: 0.81ms
[537.799s][info][gc,phases   ] GC(782)   Other: 0.10ms
[537.799s][info][gc,heap     ] GC(782) Eden regions: 499->0(499)
[537.799s][info][gc,heap     ] GC(782) Survivor regions: 2->2(63)
[537.799s][info][gc,heap     ] GC(782) Old regions: 50->50
[537.799s][info][gc,heap     ] GC(782) Humongous regions: 207->207
[537.799s][info][gc,metaspace] GC(782) Metaspace: 57782K(58112K)->57782K(58112K) NonClass: 49492K(49728K)->49492K(49728K) Class: 8289K(8384K)->8289K(8384K)
[537.799s][info][gc          ] GC(782) Pause Young (Normal) (G1 Evacuation Pause) 757M->258M(835M) 4.301ms
[537.799s][info][gc,cpu      ] GC(782) User=0.01s Sys=0.00s Real=0.00s
[539.109s][info][gc,start    ] GC(783) Pause Young (Normal) (G1 Evacuation Pause)
[539.109s][info][gc,task     ] GC(783) Using 2 workers of 2 for evacuation
[539.114s][info][gc,phases   ] GC(783)   Pre Evacuate Collection Set: 0.30ms
[539.115s][info][gc,phases   ] GC(783)   Merge Heap Roots: 0.18ms
[539.115s][info][gc,phases   ] GC(783)   Evacuate Collection Set: 4.40ms
[539.115s][info][gc,phases   ] GC(783)   Post Evacuate Collection Set: 0.85ms
[539.115s][info][gc,phases   ] GC(783)   Other: 0.10ms
[539.115s][info][gc,heap     ] GC(783) Eden regions: 499->0(499)
[539.115s][info][gc,heap     ] GC(783) Survivor regions: 2->2(63)
[539.115s][info][gc,heap     ] GC(783) Old regions: 50->50
[539.115s][info][gc,heap     ] GC(783) Humongous regions: 207->207
[539.115s][info][gc,metaspace] GC(783) Metaspace: 57782K(58112K)->57782K(58112K) NonClass: 49492K(49728K)->49492K(49728K) Class: 8289K(8384K)->8289K(8384K)
[539.115s][info][gc          ] GC(783) Pause Young (Normal) (G1 Evacuation Pause) 756M->258M(835M) 6.051ms
[539.115s][info][gc,cpu      ] GC(783) User=0.01s Sys=0.00s Real=0.01s
[540.409s][info][gc,start    ] GC(784) Pause Young (Normal) (G1 Evacuation Pause)
[540.409s][info][gc,task     ] GC(784) Using 2 workers of 2 for evacuation
[540.414s][info][gc,phases   ] GC(784)   Pre Evacuate Collection Set: 0.32ms
[540.414s][info][gc,phases   ] GC(784)   Merge Heap Roots: 0.16ms
[540.414s][info][gc,phases   ] GC(784)   Evacuate Collection Set: 3.50ms
[540.414s][info][gc,phases   ] GC(784)   Post Evacuate Collection Set: 0.79ms
[540.414s][info][gc,phases   ] GC(784)   Other: 0.10ms
[540.414s][info][gc,heap     ] GC(784) Eden regions: 499->0(499)
[540.414s][info][gc,heap     ] GC(784) Survivor regions: 2->2(63)
[540.414s][info][gc,heap     ] GC(784) Old regions: 50->50
[540.414s][info][gc,heap     ] GC(784) Humongous regions: 207->207
[540.414s][info][gc,metaspace] GC(784) Metaspace: 57782K(58112K)->57782K(58112K) NonClass: 49492K(49728K)->49492K(49728K) Class: 8289K(8384K)->8289K(8384K)
[540.414s][info][gc          ] GC(784) Pause Young (Normal) (G1 Evacuation Pause) 757M->257M(835M) 5.116ms
[540.414s][info][gc,cpu      ] GC(784) User=0.01s Sys=0.00s Real=0.01s
[540.561s][info][gc,start    ] GC(785) Pause Young (Concurrent Start) (G1 Humongous Allocation)
[540.561s][info][gc,task     ] GC(785) Using 2 workers of 2 for evacuation
[540.565s][info][gc,phases   ] GC(785)   Pre Evacuate Collection Set: 0.37ms
[540.565s][info][gc,phases   ] GC(785)   Merge Heap Roots: 0.09ms
[540.565s][info][gc,phases   ] GC(785)   Evacuate Collection Set: 2.48ms
[540.565s][info][gc,phases   ] GC(785)   Post Evacuate Collection Set: 0.48ms
[540.565s][info][gc,phases   ] GC(785)   Other: 0.15ms
[540.565s][info][gc,heap     ] GC(785) Eden regions: 65->0(500)
[540.565s][info][gc,heap     ] GC(785) Survivor regions: 2->1(63)
[540.565s][info][gc,heap     ] GC(785) Old regions: 50->50
[540.565s][info][gc,heap     ] GC(785) Humongous regions: 207->207
[540.565s][info][gc,metaspace] GC(785) Metaspace: 57783K(58112K)->57783K(58112K) NonClass: 49494K(49728K)->49494K(49728K) Class: 8289K(8384K)->8289K(8384K)
[540.565s][info][gc          ] GC(785) Pause Young (Concurrent Start) (G1 Humongous Allocation) 322M->256M(835M) 3.775ms
[540.565s][info][gc,cpu      ] GC(785) User=0.00s Sys=0.00s Real=0.01s
[540.565s][info][gc          ] GC(786) Concurrent Undo Cycle
[540.565s][info][gc,marking  ] GC(786) Concurrent Clear Claimed Marks
[540.565s][info][gc,marking  ] GC(786) Concurrent Clear Claimed Marks 0.080ms
[540.565s][info][gc,marking  ] GC(786) Concurrent Cleanup for Next Mark
[540.566s][info][gc,marking  ] GC(786) Concurrent Cleanup for Next Mark 0.970ms
[540.566s][info][gc          ] GC(786) Concurrent Undo Cycle 1.171ms
[540.732s][info][gc,start    ] GC(787) Pause Young (Concurrent Start) (G1 Humongous Allocation)
[540.732s][info][gc,task     ] GC(787) Using 2 workers of 2 for evacuation
[540.736s][info][gc,phases   ] GC(787)   Pre Evacuate Collection Set: 0.43ms
[540.736s][info][gc,phases   ] GC(787)   Merge Heap Roots: 0.08ms
[540.736s][info][gc,phases   ] GC(787)   Evacuate Collection Set: 2.63ms
[540.736s][info][gc,phases   ] GC(787)   Post Evacuate Collection Set: 0.51ms
[540.736s][info][gc,phases   ] GC(787)   Other: 0.18ms
[540.736s][info][gc,heap     ] GC(787) Eden regions: 2->0(494)
[540.736s][info][gc,heap     ] GC(787) Survivor regions: 1->1(63)
[540.736s][info][gc,heap     ] GC(787) Old regions: 50->50
[540.736s][info][gc,heap     ] GC(787) Humongous regions: 246->246
[540.736s][info][gc,metaspace] GC(787) Metaspace: 57783K(58112K)->57783K(58112K) NonClass: 49494K(49728K)->49494K(49728K) Class: 8289K(8384K)->8289K(8384K)
[540.736s][info][gc          ] GC(787) Pause Young (Concurrent Start) (G1 Humongous Allocation) 297M->295M(835M) 4.091ms
[540.736s][info][gc          ] GC(788) Concurrent Mark Cycle
[540.736s][info][gc,marking  ] GC(788) Concurrent Scan Root Regions
[540.738s][info][gc,cpu      ] GC(787) User=0.01s Sys=0.00s Real=0.01s
[540.738s][info][gc,marking  ] GC(788) Concurrent Scan Root Regions 2.449ms
[540.738s][info][gc,marking  ] GC(788) Concurrent Mark
[540.738s][info][gc,marking  ] GC(788) Concurrent Mark From Roots
[540.738s][info][gc,task     ] GC(788) Using 1 workers of 1 for marking
[540.805s][info][gc,marking  ] GC(788) Concurrent Mark From Roots 66.639ms
[540.805s][info][gc,marking  ] GC(788) Concurrent Preclean
[540.805s][info][gc,marking  ] GC(788) Concurrent Preclean 0.065ms
[540.805s][info][gc,start    ] GC(788) Pause Remark
[540.817s][info][gc          ] GC(788) Pause Remark 335M->335M(835M) 11.664ms
[540.817s][info][gc,cpu      ] GC(788) User=0.02s Sys=0.00s Real=0.01s
[540.818s][info][gc,marking  ] GC(788) Concurrent Mark 79.272ms
[540.818s][info][gc,marking  ] GC(788) Concurrent Rebuild Remembered Sets and Scrub Regions
[540.835s][info][gc,marking  ] GC(788) Concurrent Rebuild Remembered Sets and Scrub Regions 17.747ms
[540.835s][info][gc,start    ] GC(788) Pause Cleanup
[540.836s][info][gc          ] GC(788) Pause Cleanup 335M->335M(835M) 0.084ms
[540.836s][info][gc,cpu      ] GC(788) User=0.00s Sys=0.00s Real=0.00s
[540.836s][info][gc,marking  ] GC(788) Concurrent Clear Claimed Marks
[540.836s][info][gc,marking  ] GC(788) Concurrent Clear Claimed Marks 0.093ms
[540.836s][info][gc,marking  ] GC(788) Concurrent Cleanup for Next Mark
[540.838s][info][gc,marking  ] GC(788) Concurrent Cleanup for Next Mark 2.587ms
[540.838s][info][gc          ] GC(788) Concurrent Mark Cycle 102.608ms
[544.616s][info][gc,start    ] GC(789) Pause Young (Prepare Mixed) (G1 Evacuation Pause)
[544.616s][info][gc,task     ] GC(789) Using 2 workers of 2 for evacuation
[544.641s][info][gc,phases   ] GC(789)   Pre Evacuate Collection Set: 0.36ms
[544.641s][info][gc,phases   ] GC(789)   Merge Heap Roots: 0.18ms
[544.641s][info][gc,phases   ] GC(789)   Evacuate Collection Set: 23.34ms
[544.641s][info][gc,phases   ] GC(789)   Post Evacuate Collection Set: 1.10ms
[544.641s][info][gc,phases   ] GC(789)   Other: 0.11ms
[544.641s][info][gc,heap     ] GC(789) Eden regions: 421->0(491)
[544.641s][info][gc,heap     ] GC(789) Survivor regions: 1->25(62)
[544.641s][info][gc,heap     ] GC(789) Old regions: 50->50
[544.641s][info][gc,heap     ] GC(789) Humongous regions: 363->207
[544.641s][info][gc,metaspace] GC(789) Metaspace: 57856K(58176K)->57856K(58176K) NonClass: 49566K(49792K)->49566K(49792K) Class: 8289K(8384K)->8289K(8384K)
[544.641s][info][gc          ] GC(789) Pause Young (Prepare Mixed) (G1 Evacuation Pause) 833M->281M(860M) 25.332ms
[544.641s][info][gc,cpu      ] GC(789) User=0.03s Sys=0.02s Real=0.02s
[545.912s][info][gc,start    ] GC(790) Pause Young (Mixed) (G1 Evacuation Pause)
[545.912s][info][gc,task     ] GC(790) Using 2 workers of 2 for evacuation
[545.925s][info][gc,phases   ] GC(790)   Pre Evacuate Collection Set: 0.37ms
[545.925s][info][gc,phases   ] GC(790)   Merge Heap Roots: 0.20ms
[545.925s][info][gc,phases   ] GC(790)   Evacuate Collection Set: 11.41ms
[545.926s][info][gc,phases   ] GC(790)   Post Evacuate Collection Set: 1.07ms
[545.926s][info][gc,phases   ] GC(790)   Other: 0.14ms
[545.926s][info][gc,heap     ] GC(790) Eden regions: 491->0(491)
[545.926s][info][gc,heap     ] GC(790) Survivor regions: 25->25(65)
[545.926s][info][gc,heap     ] GC(790) Old regions: 50->48
[545.926s][info][gc,heap     ] GC(790) Humongous regions: 207->207
[545.926s][info][gc,metaspace] GC(790) Metaspace: 57856K(58176K)->57856K(58176K) NonClass: 49566K(49792K)->49566K(49792K) Class: 8289K(8384K)->8289K(8384K)
[545.926s][info][gc          ] GC(790) Pause Young (Mixed) (G1 Evacuation Pause) 772M->279M(860M) 13.519ms
[545.926s][info][gc,cpu      ] GC(790) User=0.02s Sys=0.01s Real=0.01s
[547.230s][info][gc,start    ] GC(791) Pause Young (Concurrent Start) (G1 Evacuation Pause)
[547.230s][info][gc,task     ] GC(791) Using 2 workers of 2 for evacuation
[547.244s][info][gc,phases   ] GC(791)   Pre Evacuate Collection Set: 0.42ms
[547.244s][info][gc,phases   ] GC(791)   Merge Heap Roots: 0.20ms
[547.244s][info][gc,phases   ] GC(791)   Evacuate Collection Set: 12.66ms
[547.245s][info][gc,phases   ] GC(791)   Post Evacuate Collection Set: 1.16ms
[547.245s][info][gc,phases   ] GC(791)   Other: 0.17ms
[547.245s][info][gc,heap     ] GC(791) Eden regions: 491->0(491)
[547.245s][info][gc,heap     ] GC(791) Survivor regions: 25->25(65)
[547.245s][info][gc,heap     ] GC(791) Old regions: 48->48
[547.245s][info][gc,heap     ] GC(791) Humongous regions: 207->207
[547.245s][info][gc,metaspace] GC(791) Metaspace: 57856K(58176K)->57856K(58176K) NonClass: 49566K(49792K)->49566K(49792K) Class: 8289K(8384K)->8289K(8384K)
[547.245s][info][gc          ] GC(791) Pause Young (Concurrent Start) (G1 Evacuation Pause) 770M->279M(860M) 14.830ms
[547.245s][info][gc          ] GC(792) Concurrent Mark Cycle
[547.245s][info][gc,marking  ] GC(792) Concurrent Scan Root Regions
[547.245s][info][gc,cpu      ] GC(791) User=0.02s Sys=0.00s Real=0.02s
[547.252s][info][gc,marking  ] GC(792) Concurrent Scan Root Regions 7.618ms
[547.252s][info][gc,marking  ] GC(792) Concurrent Mark
[547.252s][info][gc,marking  ] GC(792) Concurrent Mark From Roots
[547.252s][info][gc,task     ] GC(792) Using 1 workers of 1 for marking
[547.340s][info][gc,marking  ] GC(792) Concurrent Mark From Roots 87.316ms
[547.340s][info][gc,marking  ] GC(792) Concurrent Preclean
[547.340s][info][gc,marking  ] GC(792) Concurrent Preclean 0.068ms
[547.340s][info][gc,start    ] GC(792) Pause Remark
[547.356s][info][gc          ] GC(792) Pause Remark 316M->316M(860M) 16.066ms
[547.356s][info][gc,cpu      ] GC(792) User=0.03s Sys=0.00s Real=0.02s
[547.357s][info][gc,marking  ] GC(792) Concurrent Mark 104.544ms
[547.357s][info][gc,marking  ] GC(792) Concurrent Rebuild Remembered Sets and Scrub Regions
[547.404s][info][gc,marking  ] GC(792) Concurrent Rebuild Remembered Sets and Scrub Regions 47.162ms
[547.404s][info][gc,start    ] GC(792) Pause Cleanup
[547.404s][info][gc          ] GC(792) Pause Cleanup 337M->337M(860M) 0.113ms
[547.404s][info][gc,cpu      ] GC(792) User=0.00s Sys=0.00s Real=0.00s
[547.406s][info][gc,marking  ] GC(792) Concurrent Clear Claimed Marks
[547.406s][info][gc,marking  ] GC(792) Concurrent Clear Claimed Marks 0.148ms
[547.406s][info][gc,marking  ] GC(792) Concurrent Cleanup for Next Mark
[547.414s][info][gc,marking  ] GC(792) Concurrent Cleanup for Next Mark 7.159ms
[547.414s][info][gc          ] GC(792) Concurrent Mark Cycle 168.935ms
[548.512s][info][gc,start    ] GC(793) Pause Young (Prepare Mixed) (G1 Evacuation Pause)
[548.512s][info][gc,task     ] GC(793) Using 2 workers of 2 for evacuation
[548.523s][info][gc,phases   ] GC(793)   Pre Evacuate Collection Set: 0.34ms
[548.523s][info][gc,phases   ] GC(793)   Merge Heap Roots: 0.26ms
[548.523s][info][gc,phases   ] GC(793)   Evacuate Collection Set: 9.75ms
[548.523s][info][gc,phases   ] GC(793)   Post Evacuate Collection Set: 0.94ms
[548.523s][info][gc,phases   ] GC(793)   Other: 0.10ms
[548.523s][info][gc,heap     ] GC(793) Eden regions: 491->0(491)
[548.523s][info][gc,heap     ] GC(793) Survivor regions: 25->25(65)
[548.523s][info][gc,heap     ] GC(793) Old regions: 48->48
[548.523s][info][gc,heap     ] GC(793) Humongous regions: 207->207
[548.523s][info][gc,metaspace] GC(793) Metaspace: 57856K(58176K)->57856K(58176K) NonClass: 49566K(49792K)->49566K(49792K) Class: 8289K(8384K)->8289K(8384K)
[548.523s][info][gc          ] GC(793) Pause Young (Prepare Mixed) (G1 Evacuation Pause) 770M->279M(860M) 11.670ms
[548.523s][info][gc,cpu      ] GC(793) User=0.02s Sys=0.00s Real=0.02s
[549.811s][info][gc,start    ] GC(794) Pause Young (Mixed) (G1 Evacuation Pause)
[549.811s][info][gc,task     ] GC(794) Using 2 workers of 2 for evacuation
[549.825s][info][gc,phases   ] GC(794)   Pre Evacuate Collection Set: 0.32ms
[549.825s][info][gc,phases   ] GC(794)   Merge Heap Roots: 0.22ms
[549.825s][info][gc,phases   ] GC(794)   Evacuate Collection Set: 12.41ms
[549.825s][info][gc,phases   ] GC(794)   Post Evacuate Collection Set: 1.03ms
[549.825s][info][gc,phases   ] GC(794)   Other: 0.11ms
[549.825s][info][gc,heap     ] GC(794) Eden regions: 491->0(491)
[549.825s][info][gc,heap     ] GC(794) Survivor regions: 25->25(65)
[549.825s][info][gc,heap     ] GC(794) Old regions: 48->47
[549.825s][info][gc,heap     ] GC(794) Humongous regions: 207->207
[549.825s][info][gc,metaspace] GC(794) Metaspace: 57856K(58176K)->57856K(58176K) NonClass: 49566K(49792K)->49566K(49792K) Class: 8289K(8384K)->8289K(8384K)
[549.825s][info][gc          ] GC(794) Pause Young (Mixed) (G1 Evacuation Pause) 769M->277M(860M) 14.307ms
[549.825s][info][gc,cpu      ] GC(794) User=0.03s Sys=0.00s Real=0.02s
[551.111s][info][gc,start    ] GC(795) Pause Young (Concurrent Start) (G1 Evacuation Pause)
[551.112s][info][gc,task     ] GC(795) Using 2 workers of 2 for evacuation
[551.123s][info][gc,phases   ] GC(795)   Pre Evacuate Collection Set: 0.34ms
[551.123s][info][gc,phases   ] GC(795)   Merge Heap Roots: 0.19ms
[551.123s][info][gc,phases   ] GC(795)   Evacuate Collection Set: 10.14ms
[551.123s][info][gc,phases   ] GC(795)   Post Evacuate Collection Set: 1.02ms
[551.123s][info][gc,phases   ] GC(795)   Other: 0.12ms
[551.123s][info][gc,heap     ] GC(795) Eden regions: 491->0(491)
[551.123s][info][gc,heap     ] GC(795) Survivor regions: 25->25(65)
[551.123s][info][gc,heap     ] GC(795) Old regions: 47->47
[551.123s][info][gc,heap     ] GC(795) Humongous regions: 207->207
[551.123s][info][gc,metaspace] GC(795) Metaspace: 57856K(58176K)->57856K(58176K) NonClass: 49566K(49792K)->49566K(49792K) Class: 8289K(8384K)->8289K(8384K)
[551.123s][info][gc          ] GC(795) Pause Young (Concurrent Start) (G1 Evacuation Pause) 768M->277M(860M) 12.015ms
[551.124s][info][gc,cpu      ] GC(795) User=0.02s Sys=0.00s Real=0.02s
[551.124s][info][gc          ] GC(796) Concurrent Mark Cycle
[551.124s][info][gc,marking  ] GC(796) Concurrent Scan Root Regions
[551.140s][info][gc,marking  ] GC(796) Concurrent Scan Root Regions 16.176ms
[551.140s][info][gc,marking  ] GC(796) Concurrent Mark
[551.140s][info][gc,marking  ] GC(796) Concurrent Mark From Roots
[551.140s][info][gc,task     ] GC(796) Using 1 workers of 1 for marking
[551.212s][info][gc,marking  ] GC(796) Concurrent Mark From Roots 72.098ms
[551.212s][info][gc,marking  ] GC(796) Concurrent Preclean
[551.212s][info][gc,marking  ] GC(796) Concurrent Preclean 0.067ms
[551.212s][info][gc,start    ] GC(796) Pause Remark
[551.225s][info][gc          ] GC(796) Pause Remark 315M->315M(860M) 12.412ms
[551.225s][info][gc,cpu      ] GC(796) User=0.03s Sys=0.00s Real=0.01s
[551.225s][info][gc,marking  ] GC(796) Concurrent Mark 84.907ms
[551.225s][info][gc,marking  ] GC(796) Concurrent Rebuild Remembered Sets and Scrub Regions
[551.265s][info][gc,marking  ] GC(796) Concurrent Rebuild Remembered Sets and Scrub Regions 40.738ms
[551.266s][info][gc,start    ] GC(796) Pause Cleanup
[551.266s][info][gc          ] GC(796) Pause Cleanup 334M->334M(860M) 0.094ms
[551.266s][info][gc,cpu      ] GC(796) User=0.00s Sys=0.00s Real=0.00s
[551.267s][info][gc,marking  ] GC(796) Concurrent Clear Claimed Marks
[551.267s][info][gc,marking  ] GC(796) Concurrent Clear Claimed Marks 0.116ms
[551.267s][info][gc,marking  ] GC(796) Concurrent Cleanup for Next Mark
[551.271s][info][gc,marking  ] GC(796) Concurrent Cleanup for Next Mark 3.916ms
[551.271s][info][gc          ] GC(796) Concurrent Mark Cycle 147.266ms
[552.408s][info][gc,start    ] GC(797) Pause Young (Prepare Mixed) (G1 Evacuation Pause)
[552.408s][info][gc,task     ] GC(797) Using 2 workers of 2 for evacuation
[552.420s][info][gc,phases   ] GC(797)   Pre Evacuate Collection Set: 0.35ms
[552.421s][info][gc,phases   ] GC(797)   Merge Heap Roots: 0.20ms
[552.421s][info][gc,phases   ] GC(797)   Evacuate Collection Set: 10.42ms
[552.421s][info][gc,phases   ] GC(797)   Post Evacuate Collection Set: 1.27ms
[552.421s][info][gc,phases   ] GC(797)   Other: 0.15ms
[552.421s][info][gc,heap     ] GC(797) Eden regions: 491->0(491)
[552.421s][info][gc,heap     ] GC(797) Survivor regions: 25->25(65)
[552.421s][info][gc,heap     ] GC(797) Old regions: 47->47
[552.421s][info][gc,heap     ] GC(797) Humongous regions: 207->207
[552.421s][info][gc,metaspace] GC(797) Metaspace: 57856K(58176K)->57856K(58176K) NonClass: 49566K(49792K)->49566K(49792K) Class: 8289K(8384K)->8289K(8384K)
[552.421s][info][gc          ] GC(797) Pause Young (Prepare Mixed) (G1 Evacuation Pause) 768M->277M(860M) 12.717ms
[552.421s][info][gc,cpu      ] GC(797) User=0.02s Sys=0.00s Real=0.01s
[553.710s][info][gc,start    ] GC(798) Pause Young (Mixed) (G1 Evacuation Pause)
[553.710s][info][gc,task     ] GC(798) Using 2 workers of 2 for evacuation
[553.724s][info][gc,phases   ] GC(798)   Pre Evacuate Collection Set: 0.35ms
[553.724s][info][gc,phases   ] GC(798)   Merge Heap Roots: 0.19ms
[553.724s][info][gc,phases   ] GC(798)   Evacuate Collection Set: 12.27ms
[553.724s][info][gc,phases   ] GC(798)   Post Evacuate Collection Set: 1.14ms
[553.724s][info][gc,phases   ] GC(798)   Other: 0.12ms
[553.724s][info][gc,heap     ] GC(798) Eden regions: 491->0(491)
[553.724s][info][gc,heap     ] GC(798) Survivor regions: 25->25(65)
[553.724s][info][gc,heap     ] GC(798) Old regions: 47->45
[553.724s][info][gc,heap     ] GC(798) Humongous regions: 207->207
[553.724s][info][gc,metaspace] GC(798) Metaspace: 57856K(58176K)->57856K(58176K) NonClass: 49566K(49792K)->49566K(49792K) Class: 8289K(8384K)->8289K(8384K)
[553.724s][info][gc          ] GC(798) Pause Young (Mixed) (G1 Evacuation Pause) 768M->276M(860M) 14.332ms
[553.724s][info][gc,cpu      ] GC(798) User=0.03s Sys=0.00s Real=0.02s
[555.106s][info][gc,start    ] GC(799) Pause Young (Concurrent Start) (G1 Evacuation Pause)
[555.106s][info][gc,task     ] GC(799) Using 2 workers of 2 for evacuation
[555.117s][info][gc,phases   ] GC(799)   Pre Evacuate Collection Set: 0.36ms
[555.117s][info][gc,phases   ] GC(799)   Merge Heap Roots: 0.15ms
[555.117s][info][gc,phases   ] GC(799)   Evacuate Collection Set: 9.61ms
[555.117s][info][gc,phases   ] GC(799)   Post Evacuate Collection Set: 0.90ms
[555.117s][info][gc,phases   ] GC(799)   Other: 0.15ms
[555.117s][info][gc,heap     ] GC(799) Eden regions: 491->0(491)
[555.117s][info][gc,heap     ] GC(799) Survivor regions: 25->25(65)
[555.117s][info][gc,heap     ] GC(799) Old regions: 45->45
[555.117s][info][gc,heap     ] GC(799) Humongous regions: 207->207
[555.117s][info][gc,metaspace] GC(799) Metaspace: 57856K(58176K)->57856K(58176K) NonClass: 49566K(49792K)->49566K(49792K) Class: 8289K(8384K)->8289K(8384K)
[555.117s][info][gc          ] GC(799) Pause Young (Concurrent Start) (G1 Evacuation Pause) 767M->276M(860M) 11.371ms
[555.117s][info][gc          ] GC(800) Concurrent Mark Cycle
[555.117s][info][gc,marking  ] GC(800) Concurrent Scan Root Regions
[555.118s][info][gc,cpu      ] GC(799) User=0.02s Sys=0.00s Real=0.01s
[555.129s][info][gc,marking  ] GC(800) Concurrent Scan Root Regions 11.744ms
[555.129s][info][gc,marking  ] GC(800) Concurrent Mark
[555.129s][info][gc,marking  ] GC(800) Concurrent Mark From Roots
[555.129s][info][gc,task     ] GC(800) Using 1 workers of 1 for marking
[555.186s][info][gc,marking  ] GC(800) Concurrent Mark From Roots 56.719ms
[555.186s][info][gc,marking  ] GC(800) Concurrent Preclean
[555.186s][info][gc,marking  ] GC(800) Concurrent Preclean 0.111ms
[555.186s][info][gc,start    ] GC(800) Pause Remark
[555.198s][info][gc          ] GC(800) Pause Remark 304M->304M(860M) 11.961ms
[555.198s][info][gc,cpu      ] GC(800) User=0.02s Sys=0.00s Real=0.01s
[555.200s][info][gc,marking  ] GC(800) Concurrent Mark 70.332ms
[555.200s][info][gc,marking  ] GC(800) Concurrent Rebuild Remembered Sets and Scrub Regions
[555.239s][info][gc,marking  ] GC(800) Concurrent Rebuild Remembered Sets and Scrub Regions 39.785ms
[555.240s][info][gc,start    ] GC(800) Pause Cleanup
[555.240s][info][gc          ] GC(800) Pause Cleanup 326M->326M(860M) 0.110ms
[555.240s][info][gc,cpu      ] GC(800) User=0.00s Sys=0.00s Real=0.00s
[555.240s][info][gc,marking  ] GC(800) Concurrent Clear Claimed Marks
[555.240s][info][gc,marking  ] GC(800) Concurrent Clear Claimed Marks 0.116ms
[555.240s][info][gc,marking  ] GC(800) Concurrent Cleanup for Next Mark
[555.247s][info][gc,marking  ] GC(800) Concurrent Cleanup for Next Mark 7.110ms
[555.247s][info][gc          ] GC(800) Concurrent Mark Cycle 129.796ms
[556.402s][info][gc,start    ] GC(801) Pause Young (Prepare Mixed) (G1 Evacuation Pause)
[556.402s][info][gc,task     ] GC(801) Using 2 workers of 2 for evacuation
[556.413s][info][gc,phases   ] GC(801)   Pre Evacuate Collection Set: 0.39ms
[556.413s][info][gc,phases   ] GC(801)   Merge Heap Roots: 0.19ms
[556.413s][info][gc,phases   ] GC(801)   Evacuate Collection Set: 9.02ms
[556.413s][info][gc,phases   ] GC(801)   Post Evacuate Collection Set: 1.05ms
[556.413s][info][gc,phases   ] GC(801)   Other: 0.16ms
[556.413s][info][gc,heap     ] GC(801) Eden regions: 491->0(492)
[556.413s][info][gc,heap     ] GC(801) Survivor regions: 25->24(65)
[556.413s][info][gc,heap     ] GC(801) Old regions: 45->45
[556.413s][info][gc,heap     ] GC(801) Humongous regions: 207->207
[556.413s][info][gc,metaspace] GC(801) Metaspace: 57856K(58176K)->57856K(58176K) NonClass: 49566K(49792K)->49566K(49792K) Class: 8289K(8384K)->8289K(8384K)
[556.413s][info][gc          ] GC(801) Pause Young (Prepare Mixed) (G1 Evacuation Pause) 767M->275M(860M) 11.072ms
[556.413s][info][gc,cpu      ] GC(801) User=0.02s Sys=0.00s Real=0.02s
[557.706s][info][gc,start    ] GC(802) Pause Young (Mixed) (G1 Evacuation Pause)
[557.706s][info][gc,task     ] GC(802) Using 2 workers of 2 for evacuation
[557.717s][info][gc,phases   ] GC(802)   Pre Evacuate Collection Set: 0.34ms
[557.717s][info][gc,phases   ] GC(802)   Merge Heap Roots: 0.17ms
[557.717s][info][gc,phases   ] GC(802)   Evacuate Collection Set: 9.20ms
[557.717s][info][gc,phases   ] GC(802)   Post Evacuate Collection Set: 0.96ms
[557.717s][info][gc,phases   ] GC(802)   Other: 0.14ms
[557.717s][info][gc,heap     ] GC(802) Eden regions: 492->0(492)
[557.717s][info][gc,heap     ] GC(802) Survivor regions: 24->24(65)
[557.717s][info][gc,heap     ] GC(802) Old regions: 45->45
[557.717s][info][gc,heap     ] GC(802) Humongous regions: 207->207
[557.717s][info][gc,metaspace] GC(802) Metaspace: 57856K(58176K)->57856K(58176K) NonClass: 49566K(49792K)->49566K(49792K) Class: 8289K(8384K)->8289K(8384K)
[557.717s][info][gc          ] GC(802) Pause Young (Mixed) (G1 Evacuation Pause) 767M->275M(860M) 11.051ms
[557.717s][info][gc,cpu      ] GC(802) User=0.02s Sys=0.00s Real=0.01s
[559.004s][info][gc,start    ] GC(803) Pause Young (Concurrent Start) (G1 Evacuation Pause)
[559.004s][info][gc,task     ] GC(803) Using 2 workers of 2 for evacuation
[559.014s][info][gc,phases   ] GC(803)   Pre Evacuate Collection Set: 0.37ms
[559.014s][info][gc,phases   ] GC(803)   Merge Heap Roots: 0.18ms
[559.014s][info][gc,phases   ] GC(803)   Evacuate Collection Set: 8.97ms
[559.014s][info][gc,phases   ] GC(803)   Post Evacuate Collection Set: 0.96ms
[559.014s][info][gc,phases   ] GC(803)   Other: 0.15ms
[559.014s][info][gc,heap     ] GC(803) Eden regions: 492->0(492)
[559.014s][info][gc,heap     ] GC(803) Survivor regions: 24->24(65)
[559.014s][info][gc,heap     ] GC(803) Old regions: 45->45
[559.014s][info][gc,heap     ] GC(803) Humongous regions: 207->207
[559.015s][info][gc,metaspace] GC(803) Metaspace: 57856K(58176K)->57856K(58176K) NonClass: 49566K(49792K)->49566K(49792K) Class: 8289K(8384K)->8289K(8384K)
[559.015s][info][gc          ] GC(803) Pause Young (Concurrent Start) (G1 Evacuation Pause) 767M->275M(860M) 10.883ms
[559.015s][info][gc          ] GC(804) Concurrent Mark Cycle
[559.015s][info][gc,marking  ] GC(804) Concurrent Scan Root Regions
[559.015s][info][gc,cpu      ] GC(803) User=0.02s Sys=0.00s Real=0.01s
[559.025s][info][gc,marking  ] GC(804) Concurrent Scan Root Regions 10.441ms
[559.025s][info][gc,marking  ] GC(804) Concurrent Mark
[559.025s][info][gc,marking  ] GC(804) Concurrent Mark From Roots
[559.025s][info][gc,task     ] GC(804) Using 1 workers of 1 for marking
[559.097s][info][gc,marking  ] GC(804) Concurrent Mark From Roots 72.121ms
[559.097s][info][gc,marking  ] GC(804) Concurrent Preclean
[559.097s][info][gc,marking  ] GC(804) Concurrent Preclean 0.064ms
[559.097s][info][gc,start    ] GC(804) Pause Remark
[559.110s][info][gc          ] GC(804) Pause Remark 308M->308M(860M) 12.705ms
[559.110s][info][gc,cpu      ] GC(804) User=0.02s Sys=0.00s Real=0.01s
[559.112s][info][gc,marking  ] GC(804) Concurrent Mark 87.037ms
[559.112s][info][gc,marking  ] GC(804) Concurrent Rebuild Remembered Sets and Scrub Regions
[559.143s][info][gc,marking  ] GC(804) Concurrent Rebuild Remembered Sets and Scrub Regions 30.382ms
[559.143s][info][gc,start    ] GC(804) Pause Cleanup
[559.143s][info][gc          ] GC(804) Pause Cleanup 324M->324M(860M) 0.135ms
[559.143s][info][gc,cpu      ] GC(804) User=0.00s Sys=0.00s Real=0.00s
[559.144s][info][gc,marking  ] GC(804) Concurrent Clear Claimed Marks
[559.144s][info][gc,marking  ] GC(804) Concurrent Clear Claimed Marks 0.110ms
[559.144s][info][gc,marking  ] GC(804) Concurrent Cleanup for Next Mark
[559.149s][info][gc,marking  ] GC(804) Concurrent Cleanup for Next Mark 5.293ms
[559.149s][info][gc          ] GC(804) Concurrent Mark Cycle 134.456ms
[560.329s][info][gc,start    ] GC(805) Pause Young (Prepare Mixed) (G1 Evacuation Pause)
[560.329s][info][gc,task     ] GC(805) Using 2 workers of 2 for evacuation
[560.343s][info][gc,phases   ] GC(805)   Pre Evacuate Collection Set: 0.32ms
[560.343s][info][gc,phases   ] GC(805)   Merge Heap Roots: 0.22ms
[560.343s][info][gc,phases   ] GC(805)   Evacuate Collection Set: 13.12ms
[560.343s][info][gc,phases   ] GC(805)   Post Evacuate Collection Set: 0.95ms
[560.343s][info][gc,phases   ] GC(805)   Other: 0.14ms
[560.343s][info][gc,heap     ] GC(805) Eden regions: 492->0(490)
[560.343s][info][gc,heap     ] GC(805) Survivor regions: 24->26(65)
[560.343s][info][gc,heap     ] GC(805) Old regions: 45->45
[560.343s][info][gc,heap     ] GC(805) Humongous regions: 207->207
[560.344s][info][gc,metaspace] GC(805) Metaspace: 57856K(58176K)->57856K(58176K) NonClass: 49566K(49792K)->49566K(49792K) Class: 8289K(8384K)->8289K(8384K)
[560.344s][info][gc          ] GC(805) Pause Young (Prepare Mixed) (G1 Evacuation Pause) 767M->276M(860M) 14.978ms
[560.344s][info][gc,cpu      ] GC(805) User=0.03s Sys=0.00s Real=0.02s
[561.605s][info][gc,start    ] GC(806) Pause Young (Mixed) (G1 Evacuation Pause)
[561.605s][info][gc,task     ] GC(806) Using 2 workers of 2 for evacuation
[561.618s][info][gc,phases   ] GC(806)   Pre Evacuate Collection Set: 0.33ms
[561.618s][info][gc,phases   ] GC(806)   Merge Heap Roots: 0.21ms
[561.618s][info][gc,phases   ] GC(806)   Evacuate Collection Set: 11.22ms
[561.618s][info][gc,phases   ] GC(806)   Post Evacuate Collection Set: 1.03ms
[561.618s][info][gc,phases   ] GC(806)   Other: 0.12ms
[561.618s][info][gc,heap     ] GC(806) Eden regions: 490->0(492)
[561.618s][info][gc,heap     ] GC(806) Survivor regions: 26->24(65)
[561.618s][info][gc,heap     ] GC(806) Old regions: 45->44
[561.618s][info][gc,heap     ] GC(806) Humongous regions: 207->207
[561.618s][info][gc,metaspace] GC(806) Metaspace: 57856K(58176K)->57856K(58176K) NonClass: 49566K(49792K)->49566K(49792K) Class: 8289K(8384K)->8289K(8384K)
[561.618s][info][gc          ] GC(806) Pause Young (Mixed) (G1 Evacuation Pause) 766M->274M(860M) 13.135ms
[561.618s][info][gc,cpu      ] GC(806) User=0.03s Sys=0.00s Real=0.01s
[562.909s][info][gc,start    ] GC(807) Pause Young (Concurrent Start) (G1 Evacuation Pause)
[562.909s][info][gc,task     ] GC(807) Using 2 workers of 2 for evacuation
[562.921s][info][gc,phases   ] GC(807)   Pre Evacuate Collection Set: 0.42ms
[562.921s][info][gc,phases   ] GC(807)   Merge Heap Roots: 0.20ms
[562.921s][info][gc,phases   ] GC(807)   Evacuate Collection Set: 10.17ms
[562.921s][info][gc,phases   ] GC(807)   Post Evacuate Collection Set: 1.06ms
[562.921s][info][gc,phases   ] GC(807)   Other: 0.19ms
[562.922s][info][gc,heap     ] GC(807) Eden regions: 492->0(492)
[562.922s][info][gc,heap     ] GC(807) Survivor regions: 24->24(65)
[562.922s][info][gc,heap     ] GC(807) Old regions: 44->44
[562.922s][info][gc,heap     ] GC(807) Humongous regions: 207->207
[562.922s][info][gc,metaspace] GC(807) Metaspace: 57856K(58176K)->57856K(58176K) NonClass: 49566K(49792K)->49566K(49792K) Class: 8289K(8384K)->8289K(8384K)
[562.922s][info][gc          ] GC(807) Pause Young (Concurrent Start) (G1 Evacuation Pause) 766M->274M(860M) 12.336ms
[562.922s][info][gc,cpu      ] GC(807) User=0.02s Sys=0.00s Real=0.01s
[562.922s][info][gc          ] GC(808) Concurrent Mark Cycle
[562.927s][info][gc,marking  ] GC(808) Concurrent Scan Root Regions
[562.943s][info][gc,marking  ] GC(808) Concurrent Scan Root Regions 15.828ms
[562.943s][info][gc,marking  ] GC(808) Concurrent Mark
[562.943s][info][gc,marking  ] GC(808) Concurrent Mark From Roots
[562.943s][info][gc,task     ] GC(808) Using 1 workers of 1 for marking
[563.017s][info][gc,marking  ] GC(808) Concurrent Mark From Roots 74.184ms
[563.017s][info][gc,marking  ] GC(808) Concurrent Preclean
[563.017s][info][gc,marking  ] GC(808) Concurrent Preclean 0.119ms
[563.021s][info][gc,start    ] GC(808) Pause Remark
[563.049s][info][gc          ] GC(808) Pause Remark 304M->293M(860M) 27.735ms
[563.049s][info][gc,cpu      ] GC(808) User=0.02s Sys=0.00s Real=0.03s
[563.049s][info][gc,marking  ] GC(808) Concurrent Mark 106.201ms
[563.050s][info][gc,marking  ] GC(808) Concurrent Rebuild Remembered Sets and Scrub Regions
[563.071s][info][gc,marking  ] GC(808) Concurrent Rebuild Remembered Sets and Scrub Regions 20.698ms
[563.071s][info][gc,start    ] GC(808) Pause Cleanup
[563.071s][info][gc          ] GC(808) Pause Cleanup 293M->293M(860M) 0.107ms
[563.071s][info][gc,cpu      ] GC(808) User=0.00s Sys=0.00s Real=0.00s
[563.071s][info][gc,marking  ] GC(808) Concurrent Clear Claimed Marks
[563.071s][info][gc,marking  ] GC(808) Concurrent Clear Claimed Marks 0.109ms
[563.071s][info][gc,marking  ] GC(808) Concurrent Cleanup for Next Mark
[563.074s][info][gc,marking  ] GC(808) Concurrent Cleanup for Next Mark 2.722ms
[563.074s][info][gc          ] GC(808) Concurrent Mark Cycle 152.484ms
[564.302s][info][gc,start    ] GC(809) Pause Young (Prepare Mixed) (G1 Evacuation Pause)
[564.303s][info][gc,task     ] GC(809) Using 2 workers of 2 for evacuation
[564.314s][info][gc,phases   ] GC(809)   Pre Evacuate Collection Set: 0.49ms
[564.314s][info][gc,phases   ] GC(809)   Merge Heap Roots: 0.22ms
[564.314s][info][gc,phases   ] GC(809)   Evacuate Collection Set: 9.46ms
[564.314s][info][gc,phases   ] GC(809)   Post Evacuate Collection Set: 0.95ms
[564.314s][info][gc,phases   ] GC(809)   Other: 0.14ms
[564.314s][info][gc,heap     ] GC(809) Eden regions: 492->0(515)
[564.314s][info][gc,heap     ] GC(809) Survivor regions: 24->1(65)
[564.314s][info][gc,heap     ] GC(809) Old regions: 33->55
[564.314s][info][gc,heap     ] GC(809) Humongous regions: 207->207
[564.314s][info][gc,metaspace] GC(809) Metaspace: 57856K(58176K)->57856K(58176K) NonClass: 49566K(49792K)->49566K(49792K) Class: 8289K(8384K)->8289K(8384K)
[564.314s][info][gc          ] GC(809) Pause Young (Prepare Mixed) (G1 Evacuation Pause) 755M->262M(860M) 11.480ms
[564.314s][info][gc,cpu      ] GC(809) User=0.02s Sys=0.00s Real=0.01s
[565.648s][info][gc,start    ] GC(810) Pause Young (Mixed) (G1 Evacuation Pause)
[565.648s][info][gc,task     ] GC(810) Using 2 workers of 2 for evacuation
[565.654s][info][gc,phases   ] GC(810)   Pre Evacuate Collection Set: 0.35ms
[565.654s][info][gc,phases   ] GC(810)   Merge Heap Roots: 0.17ms
[565.654s][info][gc,phases   ] GC(810)   Evacuate Collection Set: 4.98ms
[565.654s][info][gc,phases   ] GC(810)   Post Evacuate Collection Set: 1.00ms
[565.654s][info][gc,phases   ] GC(810)   Other: 0.14ms
[565.654s][info][gc,heap     ] GC(810) Eden regions: 515->0(513)
[565.654s][info][gc,heap     ] GC(810) Survivor regions: 1->3(65)
[565.654s][info][gc,heap     ] GC(810) Old regions: 55->52
[565.654s][info][gc,heap     ] GC(810) Humongous regions: 207->207
[565.654s][info][gc,metaspace] GC(810) Metaspace: 57856K(58176K)->57856K(58176K) NonClass: 49566K(49792K)->49566K(49792K) Class: 8289K(8384K)->8289K(8384K)
[565.655s][info][gc          ] GC(810) Pause Young (Mixed) (G1 Evacuation Pause) 777M->261M(860M) 6.863ms
[565.655s][info][gc,cpu      ] GC(810) User=0.01s Sys=0.00s Real=0.01s
[567.109s][info][gc,start    ] GC(811) Pause Young (Concurrent Start) (G1 Evacuation Pause)
[567.109s][info][gc,task     ] GC(811) Using 2 workers of 2 for evacuation
[567.115s][info][gc,phases   ] GC(811)   Pre Evacuate Collection Set: 0.33ms
[567.115s][info][gc,phases   ] GC(811)   Merge Heap Roots: 0.18ms
[567.115s][info][gc,phases   ] GC(811)   Evacuate Collection Set: 4.49ms
[567.115s][info][gc,phases   ] GC(811)   Post Evacuate Collection Set: 0.99ms
[567.115s][info][gc,phases   ] GC(811)   Other: 0.13ms
[567.115s][info][gc,heap     ] GC(811) Eden regions: 513->0(513)
[567.115s][info][gc,heap     ] GC(811) Survivor regions: 3->3(65)
[567.115s][info][gc,heap     ] GC(811) Old regions: 52->53
[567.115s][info][gc,heap     ] GC(811) Humongous regions: 207->207
[567.115s][info][gc,metaspace] GC(811) Metaspace: 57856K(58176K)->57856K(58176K) NonClass: 49566K(49792K)->49566K(49792K) Class: 8289K(8384K)->8289K(8384K)
[567.115s][info][gc          ] GC(811) Pause Young (Concurrent Start) (G1 Evacuation Pause) 774M->261M(860M) 6.356ms
[567.115s][info][gc,cpu      ] GC(811) User=0.01s Sys=0.00s Real=0.01s
[567.116s][info][gc          ] GC(812) Concurrent Mark Cycle
[567.116s][info][gc,marking  ] GC(812) Concurrent Scan Root Regions
[567.124s][info][gc,marking  ] GC(812) Concurrent Scan Root Regions 8.190ms
[567.124s][info][gc,marking  ] GC(812) Concurrent Mark
[567.124s][info][gc,marking  ] GC(812) Concurrent Mark From Roots
[567.124s][info][gc,task     ] GC(812) Using 1 workers of 1 for marking
[567.192s][info][gc,marking  ] GC(812) Concurrent Mark From Roots 67.864ms
[567.192s][info][gc,marking  ] GC(812) Concurrent Preclean
[567.192s][info][gc,marking  ] GC(812) Concurrent Preclean 0.087ms
[567.193s][info][gc,start    ] GC(812) Pause Remark
[567.205s][info][gc          ] GC(812) Pause Remark 288M->288M(860M) 12.647ms
[567.205s][info][gc,cpu      ] GC(812) User=0.03s Sys=0.00s Real=0.01s
[567.206s][info][gc,marking  ] GC(812) Concurrent Mark 81.583ms
[567.206s][info][gc,marking  ] GC(812) Concurrent Rebuild Remembered Sets and Scrub Regions
[567.235s][info][gc,marking  ] GC(812) Concurrent Rebuild Remembered Sets and Scrub Regions 28.590ms
[567.235s][info][gc,start    ] GC(812) Pause Cleanup
[567.235s][info][gc          ] GC(812) Pause Cleanup 303M->303M(860M) 0.154ms
[567.235s][info][gc,cpu      ] GC(812) User=0.00s Sys=0.00s Real=0.00s
[567.235s][info][gc,marking  ] GC(812) Concurrent Clear Claimed Marks
[567.235s][info][gc,marking  ] GC(812) Concurrent Clear Claimed Marks 0.131ms
[567.235s][info][gc,marking  ] GC(812) Concurrent Cleanup for Next Mark
[567.238s][info][gc,marking  ] GC(812) Concurrent Cleanup for Next Mark 3.065ms
[567.238s][info][gc          ] GC(812) Concurrent Mark Cycle 122.841ms
[568.439s][info][gc,start    ] GC(813) Pause Young (Prepare Mixed) (G1 Evacuation Pause)
[568.439s][info][gc,task     ] GC(813) Using 2 workers of 2 for evacuation
[568.444s][info][gc,phases   ] GC(813)   Pre Evacuate Collection Set: 0.33ms
[568.444s][info][gc,phases   ] GC(813)   Merge Heap Roots: 0.21ms
[568.444s][info][gc,phases   ] GC(813)   Evacuate Collection Set: 3.81ms
[568.444s][info][gc,phases   ] GC(813)   Post Evacuate Collection Set: 0.86ms
[568.444s][info][gc,phases   ] GC(813)   Other: 0.10ms
[568.444s][info][gc,heap     ] GC(813) Eden regions: 513->0(514)
[568.444s][info][gc,heap     ] GC(813) Survivor regions: 3->2(65)
[568.444s][info][gc,heap     ] GC(813) Old regions: 53->53
[568.444s][info][gc,heap     ] GC(813) Humongous regions: 207->207
[568.444s][info][gc,metaspace] GC(813) Metaspace: 57856K(58176K)->57856K(58176K) NonClass: 49566K(49792K)->49566K(49792K) Class: 8289K(8384K)->8289K(8384K)
[568.444s][info][gc          ] GC(813) Pause Young (Prepare Mixed) (G1 Evacuation Pause) 774M->260M(860M) 5.597ms
[568.444s][info][gc,cpu      ] GC(813) User=0.01s Sys=0.01s Real=0.01s
[569.819s][info][gc,start    ] GC(814) Pause Young (Mixed) (G1 Evacuation Pause)
[569.819s][info][gc,task     ] GC(814) Using 2 workers of 2 for evacuation
[569.826s][info][gc,phases   ] GC(814)   Pre Evacuate Collection Set: 0.33ms
[569.826s][info][gc,phases   ] GC(814)   Merge Heap Roots: 0.19ms
[569.826s][info][gc,phases   ] GC(814)   Evacuate Collection Set: 4.66ms
[569.826s][info][gc,phases   ] GC(814)   Post Evacuate Collection Set: 0.94ms
[569.826s][info][gc,phases   ] GC(814)   Other: 0.11ms
[569.826s][info][gc,heap     ] GC(814) Eden regions: 514->0(513)
[569.826s][info][gc,heap     ] GC(814) Survivor regions: 2->3(65)
[569.826s][info][gc,heap     ] GC(814) Old regions: 53->51
[569.826s][info][gc,heap     ] GC(814) Humongous regions: 207->207
[569.826s][info][gc,metaspace] GC(814) Metaspace: 57856K(58176K)->57856K(58176K) NonClass: 49566K(49792K)->49566K(49792K) Class: 8289K(8384K)->8289K(8384K)
[569.826s][info][gc          ] GC(814) Pause Young (Mixed) (G1 Evacuation Pause) 774M->259M(860M) 6.465ms
[569.826s][info][gc,cpu      ] GC(814) User=0.01s Sys=0.00s Real=0.01s
[571.160s][info][gc,start    ] GC(815) Pause Young (Concurrent Start) (G1 Evacuation Pause)
[571.160s][info][gc,task     ] GC(815) Using 2 workers of 2 for evacuation
[571.167s][info][gc,phases   ] GC(815)   Pre Evacuate Collection Set: 0.43ms
[571.167s][info][gc,phases   ] GC(815)   Merge Heap Roots: 0.17ms
[571.167s][info][gc,phases   ] GC(815)   Evacuate Collection Set: 4.87ms
[571.167s][info][gc,phases   ] GC(815)   Post Evacuate Collection Set: 1.02ms
[571.167s][info][gc,phases   ] GC(815)   Other: 0.16ms
[571.167s][info][gc,heap     ] GC(815) Eden regions: 513->0(514)
[571.167s][info][gc,heap     ] GC(815) Survivor regions: 3->2(65)
[571.167s][info][gc,heap     ] GC(815) Old regions: 51->51
[571.167s][info][gc,heap     ] GC(815) Humongous regions: 207->207
[571.167s][info][gc,metaspace] GC(815) Metaspace: 57856K(58176K)->57856K(58176K) NonClass: 49566K(49792K)->49566K(49792K) Class: 8289K(8384K)->8289K(8384K)
[571.167s][info][gc          ] GC(815) Pause Young (Concurrent Start) (G1 Evacuation Pause) 772M->258M(860M) 6.978ms
[571.167s][info][gc,cpu      ] GC(815) User=0.01s Sys=0.00s Real=0.01s
[571.167s][info][gc          ] GC(816) Concurrent Mark Cycle
[571.167s][info][gc,marking  ] GC(816) Concurrent Scan Root Regions
[571.174s][info][gc,marking  ] GC(816) Concurrent Scan Root Regions 6.850ms
[571.174s][info][gc,marking  ] GC(816) Concurrent Mark
[571.174s][info][gc,marking  ] GC(816) Concurrent Mark From Roots
[571.174s][info][gc,task     ] GC(816) Using 1 workers of 1 for marking
[571.269s][info][gc,marking  ] GC(816) Concurrent Mark From Roots 94.241ms
[571.269s][info][gc,marking  ] GC(816) Concurrent Preclean
[571.269s][info][gc,marking  ] GC(816) Concurrent Preclean 0.089ms
[571.269s][info][gc,start    ] GC(816) Pause Remark
[571.282s][info][gc          ] GC(816) Pause Remark 302M->302M(860M) 13.486ms
[571.282s][info][gc,cpu      ] GC(816) User=0.03s Sys=0.00s Real=0.02s
[571.283s][info][gc,marking  ] GC(816) Concurrent Mark 108.371ms
[571.283s][info][gc,marking  ] GC(816) Concurrent Rebuild Remembered Sets and Scrub Regions
[571.321s][info][gc,marking  ] GC(816) Concurrent Rebuild Remembered Sets and Scrub Regions 38.356ms
[571.321s][info][gc,start    ] GC(816) Pause Cleanup
[571.321s][info][gc          ] GC(816) Pause Cleanup 319M->319M(860M) 0.140ms
[571.322s][info][gc,cpu      ] GC(816) User=0.00s Sys=0.00s Real=0.00s
[571.322s][info][gc,marking  ] GC(816) Concurrent Clear Claimed Marks
[571.322s][info][gc,marking  ] GC(816) Concurrent Clear Claimed Marks 0.107ms
[571.322s][info][gc,marking  ] GC(816) Concurrent Cleanup for Next Mark
[571.329s][info][gc,marking  ] GC(816) Concurrent Cleanup for Next Mark 6.776ms
[571.329s][info][gc          ] GC(816) Concurrent Mark Cycle 161.115ms
[572.514s][info][gc,start    ] GC(817) Pause Young (Prepare Mixed) (G1 Evacuation Pause)
[572.514s][info][gc,task     ] GC(817) Using 2 workers of 2 for evacuation
[572.520s][info][gc,phases   ] GC(817)   Pre Evacuate Collection Set: 0.35ms
[572.520s][info][gc,phases   ] GC(817)   Merge Heap Roots: 0.18ms
[572.520s][info][gc,phases   ] GC(817)   Evacuate Collection Set: 4.80ms
[572.520s][info][gc,phases   ] GC(817)   Post Evacuate Collection Set: 0.94ms
[572.520s][info][gc,phases   ] GC(817)   Other: 0.11ms
[572.520s][info][gc,heap     ] GC(817) Eden regions: 514->0(513)
[572.520s][info][gc,heap     ] GC(817) Survivor regions: 2->3(65)
[572.520s][info][gc,heap     ] GC(817) Old regions: 51->51
[572.520s][info][gc,heap     ] GC(817) Humongous regions: 207->207
[572.520s][info][gc,metaspace] GC(817) Metaspace: 57856K(58176K)->57856K(58176K) NonClass: 49566K(49792K)->49566K(49792K) Class: 8289K(8384K)->8289K(8384K)
[572.520s][info][gc          ] GC(817) Pause Young (Prepare Mixed) (G1 Evacuation Pause) 772M->259M(860M) 6.623ms
[572.520s][info][gc,cpu      ] GC(817) User=0.01s Sys=0.00s Real=0.00s
[573.910s][info][gc,start    ] GC(818) Pause Young (Mixed) (G1 Evacuation Pause)
[573.910s][info][gc,task     ] GC(818) Using 2 workers of 2 for evacuation
[573.915s][info][gc,phases   ] GC(818)   Pre Evacuate Collection Set: 0.33ms
[573.915s][info][gc,phases   ] GC(818)   Merge Heap Roots: 0.17ms
[573.915s][info][gc,phases   ] GC(818)   Evacuate Collection Set: 3.79ms
[573.915s][info][gc,phases   ] GC(818)   Post Evacuate Collection Set: 0.97ms
[573.916s][info][gc,phases   ] GC(818)   Other: 0.15ms
[573.916s][info][gc,heap     ] GC(818) Eden regions: 513->0(514)
[573.916s][info][gc,heap     ] GC(818) Survivor regions: 3->2(65)
[573.916s][info][gc,heap     ] GC(818) Old regions: 51->49
[573.916s][info][gc,heap     ] GC(818) Humongous regions: 207->207
[573.916s][info][gc,metaspace] GC(818) Metaspace: 57856K(58176K)->57856K(58176K) NonClass: 49566K(49792K)->49566K(49792K) Class: 8289K(8384K)->8289K(8384K)
[573.916s][info][gc          ] GC(818) Pause Young (Mixed) (G1 Evacuation Pause) 772M->256M(860M) 5.654ms
[573.916s][info][gc,cpu      ] GC(818) User=0.01s Sys=0.00s Real=0.01s
[575.219s][info][gc,start    ] GC(819) Pause Young (Concurrent Start) (G1 Evacuation Pause)
[575.219s][info][gc,task     ] GC(819) Using 2 workers of 2 for evacuation
[575.226s][info][gc,phases   ] GC(819)   Pre Evacuate Collection Set: 0.34ms
[575.226s][info][gc,phases   ] GC(819)   Merge Heap Roots: 0.24ms
[575.226s][info][gc,phases   ] GC(819)   Evacuate Collection Set: 5.26ms
[575.226s][info][gc,phases   ] GC(819)   Post Evacuate Collection Set: 0.92ms
[575.226s][info][gc,phases   ] GC(819)   Other: 0.14ms
[575.226s][info][gc,heap     ] GC(819) Eden regions: 514->0(514)
[575.226s][info][gc,heap     ] GC(819) Survivor regions: 2->2(65)
[575.226s][info][gc,heap     ] GC(819) Old regions: 49->49
[575.226s][info][gc,heap     ] GC(819) Humongous regions: 207->207
[575.226s][info][gc,metaspace] GC(819) Metaspace: 57856K(58176K)->57856K(58176K) NonClass: 49566K(49792K)->49566K(49792K) Class: 8289K(8384K)->8289K(8384K)
[575.226s][info][gc          ] GC(819) Pause Young (Concurrent Start) (G1 Evacuation Pause) 770M->257M(860M) 7.137ms
[575.226s][info][gc          ] GC(820) Concurrent Mark Cycle
[575.226s][info][gc,marking  ] GC(820) Concurrent Scan Root Regions
[575.228s][info][gc,cpu      ] GC(819) User=0.01s Sys=0.01s Real=0.01s
[575.231s][info][gc,marking  ] GC(820) Concurrent Scan Root Regions 5.650ms
[575.232s][info][gc,marking  ] GC(820) Concurrent Mark
[575.232s][info][gc,marking  ] GC(820) Concurrent Mark From Roots
[575.232s][info][gc,task     ] GC(820) Using 1 workers of 1 for marking
[575.302s][info][gc,marking  ] GC(820) Concurrent Mark From Roots 70.074ms
[575.302s][info][gc,marking  ] GC(820) Concurrent Preclean
[575.302s][info][gc,marking  ] GC(820) Concurrent Preclean 0.096ms
[575.302s][info][gc,start    ] GC(820) Pause Remark
[575.315s][info][gc          ] GC(820) Pause Remark 282M->282M(860M) 13.161ms
[575.315s][info][gc,cpu      ] GC(820) User=0.02s Sys=0.00s Real=0.02s
[575.317s][info][gc,marking  ] GC(820) Concurrent Mark 85.107ms
[575.317s][info][gc,marking  ] GC(820) Concurrent Rebuild Remembered Sets and Scrub Regions
[575.364s][info][gc,marking  ] GC(820) Concurrent Rebuild Remembered Sets and Scrub Regions 47.593ms
[575.365s][info][gc,start    ] GC(820) Pause Cleanup
[575.365s][info][gc          ] GC(820) Pause Cleanup 306M->306M(860M) 0.125ms
[575.365s][info][gc,cpu      ] GC(820) User=0.00s Sys=0.00s Real=0.00s
[575.365s][info][gc,marking  ] GC(820) Concurrent Clear Claimed Marks
[575.365s][info][gc,marking  ] GC(820) Concurrent Clear Claimed Marks 0.100ms
[575.365s][info][gc,marking  ] GC(820) Concurrent Cleanup for Next Mark
[575.375s][info][gc,marking  ] GC(820) Concurrent Cleanup for Next Mark 10.432ms
[575.376s][info][gc          ] GC(820) Concurrent Mark Cycle 149.751ms
[576.739s][info][gc,start    ] GC(821) Pause Young (Prepare Mixed) (G1 Evacuation Pause)
[576.739s][info][gc,task     ] GC(821) Using 2 workers of 2 for evacuation
[576.745s][info][gc,phases   ] GC(821)   Pre Evacuate Collection Set: 0.35ms
[576.745s][info][gc,phases   ] GC(821)   Merge Heap Roots: 0.19ms
[576.745s][info][gc,phases   ] GC(821)   Evacuate Collection Set: 4.70ms
[576.745s][info][gc,phases   ] GC(821)   Post Evacuate Collection Set: 0.90ms
[576.745s][info][gc,phases   ] GC(821)   Other: 0.11ms
[576.745s][info][gc,heap     ] GC(821) Eden regions: 514->0(514)
[576.745s][info][gc,heap     ] GC(821) Survivor regions: 2->2(65)
[576.745s][info][gc,heap     ] GC(821) Old regions: 49->50
[576.745s][info][gc,heap     ] GC(821) Humongous regions: 207->207
[576.745s][info][gc,metaspace] GC(821) Metaspace: 57856K(58176K)->57856K(58176K) NonClass: 49566K(49792K)->49566K(49792K) Class: 8289K(8384K)->8289K(8384K)
[576.745s][info][gc          ] GC(821) Pause Young (Prepare Mixed) (G1 Evacuation Pause) 771M->257M(860M) 6.458ms
[576.745s][info][gc,cpu      ] GC(821) User=0.01s Sys=0.00s Real=0.01s
[578.126s][info][gc,start    ] GC(822) Pause Young (Mixed) (G1 Evacuation Pause)
[578.126s][info][gc,task     ] GC(822) Using 2 workers of 2 for evacuation
[578.132s][info][gc,phases   ] GC(822)   Pre Evacuate Collection Set: 0.33ms
[578.132s][info][gc,phases   ] GC(822)   Merge Heap Roots: 0.19ms
[578.132s][info][gc,phases   ] GC(822)   Evacuate Collection Set: 5.08ms
[578.132s][info][gc,phases   ] GC(822)   Post Evacuate Collection Set: 0.91ms
[578.132s][info][gc,phases   ] GC(822)   Other: 0.13ms
[578.132s][info][gc,heap     ] GC(822) Eden regions: 514->0(513)
[578.132s][info][gc,heap     ] GC(822) Survivor regions: 2->3(65)
[578.132s][info][gc,heap     ] GC(822) Old regions: 50->48
[578.132s][info][gc,heap     ] GC(822) Humongous regions: 207->207
[578.132s][info][gc,metaspace] GC(822) Metaspace: 57856K(58176K)->57856K(58176K) NonClass: 49566K(49792K)->49566K(49792K) Class: 8289K(8384K)->8289K(8384K)
[578.132s][info][gc          ] GC(822) Pause Young (Mixed) (G1 Evacuation Pause) 771M->255M(860M) 6.858ms
[578.132s][info][gc,cpu      ] GC(822) User=0.01s Sys=0.00s Real=0.01s
[579.494s][info][gc,start    ] GC(823) Pause Young (Concurrent Start) (G1 Evacuation Pause)
[579.494s][info][gc,task     ] GC(823) Using 2 workers of 2 for evacuation
[579.499s][info][gc,phases   ] GC(823)   Pre Evacuate Collection Set: 0.35ms
[579.499s][info][gc,phases   ] GC(823)   Merge Heap Roots: 0.14ms
[579.499s][info][gc,phases   ] GC(823)   Evacuate Collection Set: 3.25ms
[579.499s][info][gc,phases   ] GC(823)   Post Evacuate Collection Set: 0.93ms
[579.499s][info][gc,phases   ] GC(823)   Other: 0.12ms
[579.499s][info][gc,heap     ] GC(823) Eden regions: 513->0(515)
[579.499s][info][gc,heap     ] GC(823) Survivor regions: 3->1(65)
[579.499s][info][gc,heap     ] GC(823) Old regions: 48->48
[579.499s][info][gc,heap     ] GC(823) Humongous regions: 207->207
[579.499s][info][gc,metaspace] GC(823) Metaspace: 57856K(58176K)->57856K(58176K) NonClass: 49566K(49792K)->49566K(49792K) Class: 8289K(8384K)->8289K(8384K)
[579.499s][info][gc          ] GC(823) Pause Young (Concurrent Start) (G1 Evacuation Pause) 768M->254M(860M) 5.111ms
[579.499s][info][gc          ] GC(824) Concurrent Mark Cycle
[579.499s][info][gc,marking  ] GC(824) Concurrent Scan Root Regions
[579.500s][info][gc,cpu      ] GC(823) User=0.01s Sys=0.00s Real=0.00s
[579.505s][info][gc,marking  ] GC(824) Concurrent Scan Root Regions 5.880ms
[579.505s][info][gc,marking  ] GC(824) Concurrent Mark
[579.505s][info][gc,marking  ] GC(824) Concurrent Mark From Roots
[579.505s][info][gc,task     ] GC(824) Using 1 workers of 1 for marking
[579.583s][info][gc,marking  ] GC(824) Concurrent Mark From Roots 78.192ms
[579.583s][info][gc,marking  ] GC(824) Concurrent Preclean
[579.584s][info][gc,marking  ] GC(824) Concurrent Preclean 0.088ms
[579.584s][info][gc,start    ] GC(824) Pause Remark
[579.596s][info][gc          ] GC(824) Pause Remark 290M->290M(854M) 12.174ms
[579.596s][info][gc,cpu      ] GC(824) User=0.03s Sys=0.00s Real=0.01s
[579.597s][info][gc,marking  ] GC(824) Concurrent Mark 91.947ms
[579.597s][info][gc,marking  ] GC(824) Concurrent Rebuild Remembered Sets and Scrub Regions
[579.637s][info][gc,marking  ] GC(824) Concurrent Rebuild Remembered Sets and Scrub Regions 39.520ms
[579.637s][info][gc,start    ] GC(824) Pause Cleanup
[579.637s][info][gc          ] GC(824) Pause Cleanup 310M->310M(854M) 0.095ms
[579.637s][info][gc,cpu      ] GC(824) User=0.00s Sys=0.00s Real=0.00s
[579.637s][info][gc,marking  ] GC(824) Concurrent Clear Claimed Marks
[579.637s][info][gc,marking  ] GC(824) Concurrent Clear Claimed Marks 0.122ms
[579.637s][info][gc,marking  ] GC(824) Concurrent Cleanup for Next Mark
[579.642s][info][gc,marking  ] GC(824) Concurrent Cleanup for Next Mark 4.633ms
[579.642s][info][gc          ] GC(824) Concurrent Mark Cycle 142.913ms
[580.819s][info][gc,start    ] GC(825) Pause Young (Prepare Mixed) (G1 Evacuation Pause)
[580.819s][info][gc,task     ] GC(825) Using 2 workers of 2 for evacuation
[580.825s][info][gc,phases   ] GC(825)   Pre Evacuate Collection Set: 0.33ms
[580.825s][info][gc,phases   ] GC(825)   Merge Heap Roots: 0.20ms
[580.825s][info][gc,phases   ] GC(825)   Evacuate Collection Set: 4.28ms
[580.825s][info][gc,phases   ] GC(825)   Post Evacuate Collection Set: 0.87ms
[580.825s][info][gc,phases   ] GC(825)   Other: 0.14ms
[580.825s][info][gc,heap     ] GC(825) Eden regions: 511->0(509)
[580.825s][info][gc,heap     ] GC(825) Survivor regions: 1->3(64)
[580.825s][info][gc,heap     ] GC(825) Old regions: 48->49
[580.825s][info][gc,heap     ] GC(825) Humongous regions: 207->207
[580.825s][info][gc,metaspace] GC(825) Metaspace: 57856K(58176K)->57856K(58176K) NonClass: 49566K(49792K)->49566K(49792K) Class: 8289K(8384K)->8289K(8384K)
[580.825s][info][gc          ] GC(825) Pause Young (Prepare Mixed) (G1 Evacuation Pause) 765M->255M(854M) 6.010ms
[580.825s][info][gc,cpu      ] GC(825) User=0.02s Sys=0.00s Real=0.01s
[582.154s][info][gc,start    ] GC(826) Pause Young (Mixed) (G1 Evacuation Pause)
[582.154s][info][gc,task     ] GC(826) Using 2 workers of 2 for evacuation
[582.158s][info][gc,phases   ] GC(826)   Pre Evacuate Collection Set: 0.33ms
[582.158s][info][gc,phases   ] GC(826)   Merge Heap Roots: 0.20ms
[582.158s][info][gc,phases   ] GC(826)   Evacuate Collection Set: 3.04ms
[582.158s][info][gc,phases   ] GC(826)   Post Evacuate Collection Set: 0.87ms
[582.158s][info][gc,phases   ] GC(826)   Other: 0.10ms
[582.158s][info][gc,heap     ] GC(826) Eden regions: 509->0(511)
[582.158s][info][gc,heap     ] GC(826) Survivor regions: 3->1(64)
[582.158s][info][gc,heap     ] GC(826) Old regions: 49->47
[582.158s][info][gc,heap     ] GC(826) Humongous regions: 207->207
[582.158s][info][gc,metaspace] GC(826) Metaspace: 57856K(58176K)->57856K(58176K) NonClass: 49566K(49792K)->49566K(49792K) Class: 8289K(8384K)->8289K(8384K)
[582.158s][info][gc          ] GC(826) Pause Young (Mixed) (G1 Evacuation Pause) 764M->252M(854M) 4.750ms
[582.158s][info][gc,cpu      ] GC(826) User=0.01s Sys=0.00s Real=0.00s
[583.515s][info][gc,start    ] GC(827) Pause Young (Concurrent Start) (G1 Evacuation Pause)
[583.515s][info][gc,task     ] GC(827) Using 2 workers of 2 for evacuation
[583.521s][info][gc,phases   ] GC(827)   Pre Evacuate Collection Set: 0.31ms
[583.521s][info][gc,phases   ] GC(827)   Merge Heap Roots: 0.18ms
[583.521s][info][gc,phases   ] GC(827)   Evacuate Collection Set: 4.31ms
[583.521s][info][gc,phases   ] GC(827)   Post Evacuate Collection Set: 0.87ms
[583.521s][info][gc,phases   ] GC(827)   Other: 0.13ms
[583.521s][info][gc,heap     ] GC(827) Eden regions: 511->0(510)
[583.521s][info][gc,heap     ] GC(827) Survivor regions: 1->2(64)
[583.521s][info][gc,heap     ] GC(827) Old regions: 47->47
[583.521s][info][gc,heap     ] GC(827) Humongous regions: 207->207
[583.521s][info][gc,metaspace] GC(827) Metaspace: 57856K(58176K)->57856K(58176K) NonClass: 49566K(49792K)->49566K(49792K) Class: 8289K(8384K)->8289K(8384K)
[583.521s][info][gc          ] GC(827) Pause Young (Concurrent Start) (G1 Evacuation Pause) 763M->254M(854M) 6.050ms
[583.521s][info][gc          ] GC(828) Concurrent Mark Cycle
[583.521s][info][gc,cpu      ] GC(827) User=0.01s Sys=0.00s Real=0.00s
[583.521s][info][gc,marking  ] GC(828) Concurrent Scan Root Regions
[583.526s][info][gc,marking  ] GC(828) Concurrent Scan Root Regions 4.980ms
[583.526s][info][gc,marking  ] GC(828) Concurrent Mark
[583.526s][info][gc,marking  ] GC(828) Concurrent Mark From Roots
[583.526s][info][gc,task     ] GC(828) Using 1 workers of 1 for marking
[583.609s][info][gc,marking  ] GC(828) Concurrent Mark From Roots 82.653ms
[583.609s][info][gc,marking  ] GC(828) Concurrent Preclean
[583.609s][info][gc,marking  ] GC(828) Concurrent Preclean 0.088ms
[583.609s][info][gc,start    ] GC(828) Pause Remark
[583.622s][info][gc          ] GC(828) Pause Remark 284M->284M(854M) 12.364ms
[583.622s][info][gc,cpu      ] GC(828) User=0.03s Sys=0.00s Real=0.01s
[583.622s][info][gc,marking  ] GC(828) Concurrent Mark 96.164ms
[583.622s][info][gc,marking  ] GC(828) Concurrent Rebuild Remembered Sets and Scrub Regions
[583.663s][info][gc,marking  ] GC(828) Concurrent Rebuild Remembered Sets and Scrub Regions 40.462ms
[583.663s][info][gc,start    ] GC(828) Pause Cleanup
[583.663s][info][gc          ] GC(828) Pause Cleanup 304M->304M(854M) 0.116ms
[583.663s][info][gc,cpu      ] GC(828) User=0.00s Sys=0.00s Real=0.00s
[583.665s][info][gc,marking  ] GC(828) Concurrent Clear Claimed Marks
[583.665s][info][gc,marking  ] GC(828) Concurrent Clear Claimed Marks 0.121ms
[583.665s][info][gc,marking  ] GC(828) Concurrent Cleanup for Next Mark
[583.669s][info][gc,marking  ] GC(828) Concurrent Cleanup for Next Mark 3.860ms
[583.669s][info][gc          ] GC(828) Concurrent Mark Cycle 147.708ms
[584.843s][info][gc,start    ] GC(829) Pause Young (Prepare Mixed) (G1 Evacuation Pause)
[584.843s][info][gc,task     ] GC(829) Using 2 workers of 2 for evacuation
[584.847s][info][gc,phases   ] GC(829)   Pre Evacuate Collection Set: 0.30ms
[584.847s][info][gc,phases   ] GC(829)   Merge Heap Roots: 0.20ms
[584.847s][info][gc,phases   ] GC(829)   Evacuate Collection Set: 3.21ms
[584.847s][info][gc,phases   ] GC(829)   Post Evacuate Collection Set: 0.86ms
[584.847s][info][gc,phases   ] GC(829)   Other: 0.13ms
[584.847s][info][gc,heap     ] GC(829) Eden regions: 510->0(510)
[584.847s][info][gc,heap     ] GC(829) Survivor regions: 2->2(64)
[584.847s][info][gc,heap     ] GC(829) Old regions: 47->48
[584.847s][info][gc,heap     ] GC(829) Humongous regions: 207->207
[584.847s][info][gc,metaspace] GC(829) Metaspace: 57856K(58176K)->57856K(58176K) NonClass: 49566K(49792K)->49566K(49792K) Class: 8289K(8384K)->8289K(8384K)
[584.847s][info][gc          ] GC(829) Pause Young (Prepare Mixed) (G1 Evacuation Pause) 764M->253M(854M) 4.897ms
[584.847s][info][gc,cpu      ] GC(829) User=0.01s Sys=0.00s Real=0.00s
[586.237s][info][gc,start    ] GC(830) Pause Young (Mixed) (G1 Evacuation Pause)
[586.237s][info][gc,task     ] GC(830) Using 2 workers of 2 for evacuation
[586.243s][info][gc,phases   ] GC(830)   Pre Evacuate Collection Set: 0.31ms
[586.243s][info][gc,phases   ] GC(830)   Merge Heap Roots: 0.17ms
[586.243s][info][gc,phases   ] GC(830)   Evacuate Collection Set: 4.42ms
[586.243s][info][gc,phases   ] GC(830)   Post Evacuate Collection Set: 0.91ms
[586.243s][info][gc,phases   ] GC(830)   Other: 0.10ms
[586.243s][info][gc,heap     ] GC(830) Eden regions: 510->0(509)
[586.243s][info][gc,heap     ] GC(830) Survivor regions: 2->3(64)
[586.243s][info][gc,heap     ] GC(830) Old regions: 48->46
[586.243s][info][gc,heap     ] GC(830) Humongous regions: 207->207
[586.243s][info][gc,metaspace] GC(830) Metaspace: 57856K(58176K)->57856K(58176K) NonClass: 49566K(49792K)->49566K(49792K) Class: 8289K(8384K)->8289K(8384K)
[586.243s][info][gc          ] GC(830) Pause Young (Mixed) (G1 Evacuation Pause) 763M->253M(854M) 6.127ms
[586.243s][info][gc,cpu      ] GC(830) User=0.01s Sys=0.00s Real=0.01s
[587.553s][info][gc,start    ] GC(831) Pause Young (Concurrent Start) (G1 Evacuation Pause)
[587.553s][info][gc,task     ] GC(831) Using 2 workers of 2 for evacuation
[587.559s][info][gc,phases   ] GC(831)   Pre Evacuate Collection Set: 0.38ms
[587.559s][info][gc,phases   ] GC(831)   Merge Heap Roots: 0.19ms
[587.559s][info][gc,phases   ] GC(831)   Evacuate Collection Set: 5.00ms
[587.559s][info][gc,phases   ] GC(831)   Post Evacuate Collection Set: 1.00ms
[587.559s][info][gc,phases   ] GC(831)   Other: 0.18ms
[587.560s][info][gc,heap     ] GC(831) Eden regions: 509->0(510)
[587.560s][info][gc,heap     ] GC(831) Survivor regions: 3->2(64)
[587.560s][info][gc,heap     ] GC(831) Old regions: 46->46
[587.560s][info][gc,heap     ] GC(831) Humongous regions: 207->207
[587.560s][info][gc,metaspace] GC(831) Metaspace: 57856K(58176K)->57856K(58176K) NonClass: 49566K(49792K)->49566K(49792K) Class: 8289K(8384K)->8289K(8384K)
[587.560s][info][gc          ] GC(831) Pause Young (Concurrent Start) (G1 Evacuation Pause) 762M->252M(854M) 6.975ms
[587.560s][info][gc,cpu      ] GC(831) User=0.01s Sys=0.00s Real=0.00s
[587.560s][info][gc          ] GC(832) Concurrent Mark Cycle
[587.560s][info][gc,marking  ] GC(832) Concurrent Scan Root Regions
[587.566s][info][gc,marking  ] GC(832) Concurrent Scan Root Regions 6.378ms
[587.566s][info][gc,marking  ] GC(832) Concurrent Mark
[587.566s][info][gc,marking  ] GC(832) Concurrent Mark From Roots
[587.566s][info][gc,task     ] GC(832) Using 1 workers of 1 for marking
[587.647s][info][gc,marking  ] GC(832) Concurrent Mark From Roots 80.255ms
[587.647s][info][gc,marking  ] GC(832) Concurrent Preclean
[587.647s][info][gc,marking  ] GC(832) Concurrent Preclean 0.098ms
[587.647s][info][gc,start    ] GC(832) Pause Remark
[587.660s][info][gc          ] GC(832) Pause Remark 283M->283M(850M) 12.901ms
[587.660s][info][gc,cpu      ] GC(832) User=0.03s Sys=0.00s Real=0.01s
[587.662s][info][gc,marking  ] GC(832) Concurrent Mark 95.529ms
[587.662s][info][gc,marking  ] GC(832) Concurrent Rebuild Remembered Sets and Scrub Regions
[587.708s][info][gc,marking  ] GC(832) Concurrent Rebuild Remembered Sets and Scrub Regions 46.011ms
[587.708s][info][gc,start    ] GC(832) Pause Cleanup
[587.708s][info][gc          ] GC(832) Pause Cleanup 300M->300M(850M) 0.163ms
[587.708s][info][gc,cpu      ] GC(832) User=0.00s Sys=0.00s Real=0.00s
[587.708s][info][gc,marking  ] GC(832) Concurrent Clear Claimed Marks
[587.708s][info][gc,marking  ] GC(832) Concurrent Clear Claimed Marks 0.104ms
[587.708s][info][gc,marking  ] GC(832) Concurrent Cleanup for Next Mark
[587.715s][info][gc,marking  ] GC(832) Concurrent Cleanup for Next Mark 6.712ms
[587.715s][info][gc          ] GC(832) Concurrent Mark Cycle 155.564ms
[588.999s][info][gc,start    ] GC(833) Pause Young (Prepare Mixed) (G1 Evacuation Pause)
[588.999s][info][gc,task     ] GC(833) Using 2 workers of 2 for evacuation
[589.008s][info][gc,phases   ] GC(833)   Pre Evacuate Collection Set: 0.31ms
[589.008s][info][gc,phases   ] GC(833)   Merge Heap Roots: 0.18ms
[589.008s][info][gc,phases   ] GC(833)   Evacuate Collection Set: 7.83ms
[589.008s][info][gc,phases   ] GC(833)   Post Evacuate Collection Set: 0.84ms
[589.008s][info][gc,phases   ] GC(833)   Other: 0.12ms
[589.008s][info][gc,heap     ] GC(833) Eden regions: 508->0(505)
[589.008s][info][gc,heap     ] GC(833) Survivor regions: 2->5(64)
[589.008s][info][gc,heap     ] GC(833) Old regions: 46->47
[589.008s][info][gc,heap     ] GC(833) Humongous regions: 207->207
[589.008s][info][gc,metaspace] GC(833) Metaspace: 57856K(58176K)->57856K(58176K) NonClass: 49566K(49792K)->49566K(49792K) Class: 8289K(8384K)->8289K(8384K)
[589.008s][info][gc          ] GC(833) Pause Young (Prepare Mixed) (G1 Evacuation Pause) 760M->255M(850M) 9.511ms
[589.008s][info][gc,cpu      ] GC(833) User=0.02s Sys=0.00s Real=0.01s
[590.229s][info][gc,start    ] GC(834) Pause Young (Mixed) (G1 Evacuation Pause)
[590.229s][info][gc,task     ] GC(834) Using 2 workers of 2 for evacuation
[590.237s][info][gc,phases   ] GC(834)   Pre Evacuate Collection Set: 0.31ms
[590.237s][info][gc,phases   ] GC(834)   Merge Heap Roots: 0.15ms
[590.237s][info][gc,phases   ] GC(834)   Evacuate Collection Set: 6.23ms
[590.237s][info][gc,phases   ] GC(834)   Post Evacuate Collection Set: 0.91ms
[590.237s][info][gc,phases   ] GC(834)   Other: 0.10ms
[590.237s][info][gc,heap     ] GC(834) Eden regions: 505->0(507)
[590.237s][info][gc,heap     ] GC(834) Survivor regions: 5->3(64)
[590.237s][info][gc,heap     ] GC(834) Old regions: 47->45
[590.237s][info][gc,heap     ] GC(834) Humongous regions: 207->207
[590.237s][info][gc,metaspace] GC(834) Metaspace: 57856K(58176K)->57856K(58176K) NonClass: 49566K(49792K)->49566K(49792K) Class: 8289K(8384K)->8289K(8384K)
[590.237s][info][gc          ] GC(834) Pause Young (Mixed) (G1 Evacuation Pause) 760M->254M(850M) 7.922ms
[590.237s][info][gc,cpu      ] GC(834) User=0.02s Sys=0.00s Real=0.01s
[591.593s][info][gc,start    ] GC(835) Pause Young (Concurrent Start) (G1 Evacuation Pause)
[591.593s][info][gc,task     ] GC(835) Using 2 workers of 2 for evacuation
[591.598s][info][gc,phases   ] GC(835)   Pre Evacuate Collection Set: 0.36ms
[591.598s][info][gc,phases   ] GC(835)   Merge Heap Roots: 0.24ms
[591.598s][info][gc,phases   ] GC(835)   Evacuate Collection Set: 3.05ms
[591.598s][info][gc,phases   ] GC(835)   Post Evacuate Collection Set: 0.97ms
[591.598s][info][gc,phases   ] GC(835)   Other: 0.12ms
[591.598s][info][gc,heap     ] GC(835) Eden regions: 507->0(509)
[591.598s][info][gc,heap     ] GC(835) Survivor regions: 3->1(64)
[591.598s][info][gc,heap     ] GC(835) Old regions: 45->45
[591.598s][info][gc,heap     ] GC(835) Humongous regions: 207->207
[591.598s][info][gc,metaspace] GC(835) Metaspace: 57856K(58176K)->57856K(58176K) NonClass: 49566K(49792K)->49566K(49792K) Class: 8289K(8384K)->8289K(8384K)
[591.598s][info][gc          ] GC(835) Pause Young (Concurrent Start) (G1 Evacuation Pause) 761M->252M(850M) 4.978ms
[591.598s][info][gc          ] GC(836) Concurrent Mark Cycle
[591.598s][info][gc,marking  ] GC(836) Concurrent Scan Root Regions
[591.599s][info][gc,cpu      ] GC(835) User=0.01s Sys=0.00s Real=0.00s
[591.600s][info][gc,marking  ] GC(836) Concurrent Scan Root Regions 2.251ms
[591.600s][info][gc,marking  ] GC(836) Concurrent Mark
[591.600s][info][gc,marking  ] GC(836) Concurrent Mark From Roots
[591.600s][info][gc,task     ] GC(836) Using 1 workers of 1 for marking
[591.701s][info][gc,marking  ] GC(836) Concurrent Mark From Roots 100.966ms
[591.701s][info][gc,marking  ] GC(836) Concurrent Preclean
[591.701s][info][gc,marking  ] GC(836) Concurrent Preclean 0.090ms
[591.702s][info][gc,start    ] GC(836) Pause Remark
[591.714s][info][gc          ] GC(836) Pause Remark 296M->296M(844M) 11.677ms
[591.714s][info][gc,cpu      ] GC(836) User=0.02s Sys=0.00s Real=0.02s
[591.714s][info][gc,marking  ] GC(836) Concurrent Mark 114.130ms
[591.714s][info][gc,marking  ] GC(836) Concurrent Rebuild Remembered Sets and Scrub Regions
[591.754s][info][gc,marking  ] GC(836) Concurrent Rebuild Remembered Sets and Scrub Regions 39.420ms
[591.754s][info][gc,start    ] GC(836) Pause Cleanup
[591.754s][info][gc          ] GC(836) Pause Cleanup 316M->316M(844M) 0.095ms
[591.754s][info][gc,cpu      ] GC(836) User=0.00s Sys=0.00s Real=0.00s
[591.755s][info][gc,marking  ] GC(836) Concurrent Clear Claimed Marks
[591.755s][info][gc,marking  ] GC(836) Concurrent Clear Claimed Marks 0.106ms
[591.755s][info][gc,marking  ] GC(836) Concurrent Cleanup for Next Mark
[591.761s][info][gc,marking  ] GC(836) Concurrent Cleanup for Next Mark 6.630ms
[591.761s][info][gc          ] GC(836) Concurrent Mark Cycle 163.596ms
[592.906s][info][gc,start    ] GC(837) Pause Young (Prepare Mixed) (G1 Evacuation Pause)
[592.906s][info][gc,task     ] GC(837) Using 2 workers of 2 for evacuation
[592.912s][info][gc,phases   ] GC(837)   Pre Evacuate Collection Set: 0.31ms
[592.912s][info][gc,phases   ] GC(837)   Merge Heap Roots: 0.16ms
[592.912s][info][gc,phases   ] GC(837)   Evacuate Collection Set: 4.04ms
[592.912s][info][gc,phases   ] GC(837)   Post Evacuate Collection Set: 1.23ms
[592.912s][info][gc,phases   ] GC(837)   Other: 0.09ms
[592.912s][info][gc,heap     ] GC(837) Eden regions: 505->0(503)
[592.912s][info][gc,heap     ] GC(837) Survivor regions: 1->3(64)
[592.912s][info][gc,heap     ] GC(837) Old regions: 45->46
[592.912s][info][gc,heap     ] GC(837) Humongous regions: 207->207
[592.912s][info][gc,metaspace] GC(837) Metaspace: 57856K(58176K)->57856K(58176K) NonClass: 49567K(49792K)->49567K(49792K) Class: 8289K(8384K)->8289K(8384K)
[592.912s][info][gc          ] GC(837) Pause Young (Prepare Mixed) (G1 Evacuation Pause) 757M->253M(844M) 6.077ms
[592.912s][info][gc,cpu      ] GC(837) User=0.01s Sys=0.00s Real=0.01s
[596.432s][info][gc,heap,exit] Heap
[596.432s][info][gc,heap,exit]  garbage-first heap   total reserved 1001472K, committed 904192K, used 858744K [0x00000000c2e00000, 0x0000000100000000)
[596.432s][info][gc,heap,exit]   region size 1024K, 510 young (522240K), 3 survivors (3072K)
[596.432s][info][gc,heap,exit]  Metaspace       used 58429K, committed 58752K, reserved 1114112K
[596.432s][info][gc,heap,exit]   class space    used 8476K, committed 8576K, reserved 1048576K
