[0.003s][info][metaspace]  - commit_granule_bytes: 65536.
[0.003s][info][metaspace]  - commit_granule_words: 8192.
[0.003s][info][metaspace]  - virtual_space_node_default_size: 8388608.
[0.003s][info][metaspace]  - enlarge_chunks_in_place: 1.
[0.005s][info][gc,init  ] CardTable entry size: 512
[0.008s][info][gc       ] Using G1
[0.013s][info][gc,init  ] Version: 24-internal-adhoc.root.jdk (release)
[0.013s][info][gc,init  ] CPUs: 2 total, 2 available
[0.013s][info][gc,init  ] Memory: 3908M
[0.013s][info][gc,init  ] Large Page Support: Disabled
[0.013s][info][gc,init  ] NUMA Support: Disabled
[0.013s][info][gc,init  ] Compressed Oops: Enabled (32-bit)
[0.013s][info][gc,init  ] Heap Region Size: 1M
[0.013s][info][gc,init  ] Heap Min Capacity: 256M
[0.013s][info][gc,init  ] Heap Initial Capacity: 256M
[0.013s][info][gc,init  ] Heap Max Capacity: 978M
[0.013s][info][gc,init  ] Pre-touch: Disabled
[0.013s][info][gc,init  ] Parallel Workers: 2
[0.013s][info][gc,init  ] Concurrent Workers: 1
[0.013s][info][gc,init  ] Concurrent Refinement Workers: 2
[0.013s][info][gc,init  ] Periodic GC: Disabled
[0.030s][info][gc,metaspace] CDS archive(s) mapped at: [0x00007f077a000000-0x00007f077ae7b000-0x00007f077ae7b000), size 15183872, SharedBaseAddress: 0x00007f077a000000, ArchiveRelocationMode: 1.
[0.030s][info][gc,metaspace] Compressed class space mapped at: 0x00007f077b000000-0x00007f07bb000000, reserved size: 1073741824
[0.030s][info][gc,metaspace] UseCompressedClassPointers 1, UseCompactObjectHeaders 1
[0.030s][info][gc,metaspace] Narrow klass pointer bits 22, Max shift 10
[0.030s][info][gc,metaspace] Narrow klass base: 0x00007f077a000000, Narrow klass shift: 10
[0.030s][info][gc,metaspace] Encoding Range: [0x00007f077a000000 - 0x00007f087a000000), (4294967296 bytes)
[0.030s][info][gc,metaspace] Klass Range:    [0x00007f077a000000 - 0x00007f07bb000000), (1090519040 bytes)
[0.030s][info][gc,metaspace] Klass ID Range:  [1 - 1064960) (1064959)
[0.563s][info][gc,start    ] GC(0) Pause Young (Normal) (G1 Evacuation Pause)
[0.563s][info][gc,task     ] GC(0) Using 2 workers of 2 for evacuation
[0.570s][info][gc,phases   ] GC(0)   Pre Evacuate Collection Set: 0.16ms
[0.570s][info][gc,phases   ] GC(0)   Merge Heap Roots: 0.07ms
[0.570s][info][gc,phases   ] GC(0)   Evacuate Collection Set: 5.43ms
[0.570s][info][gc,phases   ] GC(0)   Post Evacuate Collection Set: 1.18ms
[0.570s][info][gc,phases   ] GC(0)   Other: 0.22ms
[0.570s][info][gc,heap     ] GC(0) Eden regions: 12->0(10)
[0.570s][info][gc,heap     ] GC(0) Survivor regions: 0->2(2)
[0.570s][info][gc,heap     ] GC(0) Old regions: 2->2
[0.570s][info][gc,heap     ] GC(0) Humongous regions: 0->0
[0.570s][info][gc,metaspace] GC(0) Metaspace: 2408K(2560K)->2408K(2560K) NonClass: 2080K(2176K)->2080K(2176K) Class: 327K(384K)->327K(384K)
[0.570s][info][gc          ] GC(0) Pause Young (Normal) (G1 Evacuation Pause) 13M->2M(258M) 7.304ms
[0.570s][info][gc,cpu      ] GC(0) User=0.01s Sys=0.00s Real=0.01s
[0.973s][info][gc,start    ] GC(1) Pause Young (Normal) (G1 Evacuation Pause)
[0.973s][info][gc,task     ] GC(1) Using 2 workers of 2 for evacuation
[0.979s][info][gc,phases   ] GC(1)   Pre Evacuate Collection Set: 0.17ms
[0.979s][info][gc,phases   ] GC(1)   Merge Heap Roots: 0.04ms
[0.979s][info][gc,phases   ] GC(1)   Evacuate Collection Set: 5.37ms
[0.979s][info][gc,phases   ] GC(1)   Post Evacuate Collection Set: 0.30ms
[0.979s][info][gc,phases   ] GC(1)   Other: 0.08ms
[0.979s][info][gc,heap     ] GC(1) Eden regions: 10->0(12)
[0.979s][info][gc,heap     ] GC(1) Survivor regions: 2->2(2)
[0.979s][info][gc,heap     ] GC(1) Old regions: 2->6
[0.979s][info][gc,heap     ] GC(1) Humongous regions: 0->0
[0.979s][info][gc,metaspace] GC(1) Metaspace: 3749K(3904K)->3749K(3904K) NonClass: 3218K(3264K)->3218K(3264K) Class: 531K(640K)->531K(640K)
[0.979s][info][gc          ] GC(1) Pause Young (Normal) (G1 Evacuation Pause) 12M->6M(258M) 6.142ms
[0.979s][info][gc,cpu      ] GC(1) User=0.01s Sys=0.01s Real=0.01s
[1.220s][info][gc,start    ] GC(2) Pause Young (Normal) (G1 Evacuation Pause)
[1.220s][info][gc,task     ] GC(2) Using 2 workers of 2 for evacuation
[1.226s][info][gc,phases   ] GC(2)   Pre Evacuate Collection Set: 0.17ms
[1.226s][info][gc,phases   ] GC(2)   Merge Heap Roots: 0.04ms
[1.226s][info][gc,phases   ] GC(2)   Evacuate Collection Set: 5.58ms
[1.226s][info][gc,phases   ] GC(2)   Post Evacuate Collection Set: 0.28ms
[1.226s][info][gc,phases   ] GC(2)   Other: 0.09ms
[1.226s][info][gc,heap     ] GC(2) Eden regions: 12->0(21)
[1.226s][info][gc,heap     ] GC(2) Survivor regions: 2->2(2)
[1.226s][info][gc,heap     ] GC(2) Old regions: 6->8
[1.226s][info][gc,heap     ] GC(2) Humongous regions: 0->0
[1.226s][info][gc,metaspace] GC(2) Metaspace: 7266K(7424K)->7266K(7424K) NonClass: 6291K(6400K)->6291K(6400K) Class: 975K(1024K)->975K(1024K)
[1.226s][info][gc          ] GC(2) Pause Young (Normal) (G1 Evacuation Pause) 18M->9M(258M) 6.375ms
[1.226s][info][gc,cpu      ] GC(2) User=0.01s Sys=0.00s Real=0.00s
[1.559s][info][gc,start    ] GC(3) Pause Young (Normal) (G1 Evacuation Pause)
[1.559s][info][gc,task     ] GC(3) Using 2 workers of 2 for evacuation
[1.565s][info][gc,phases   ] GC(3)   Pre Evacuate Collection Set: 0.19ms
[1.566s][info][gc,phases   ] GC(3)   Merge Heap Roots: 0.05ms
[1.566s][info][gc,phases   ] GC(3)   Evacuate Collection Set: 5.53ms
[1.566s][info][gc,phases   ] GC(3)   Post Evacuate Collection Set: 0.42ms
[1.566s][info][gc,phases   ] GC(3)   Other: 0.08ms
[1.566s][info][gc,heap     ] GC(3) Eden regions: 23->0(23)
[1.566s][info][gc,heap     ] GC(3) Survivor regions: 2->3(4)
[1.566s][info][gc,heap     ] GC(3) Old regions: 8->8
[1.566s][info][gc,heap     ] GC(3) Humongous regions: 0->0
[1.566s][info][gc,metaspace] GC(3) Metaspace: 9901K(10112K)->9901K(10112K) NonClass: 8576K(8704K)->8576K(8704K) Class: 1325K(1408K)->1325K(1408K)
[1.566s][info][gc          ] GC(3) Pause Young (Normal) (G1 Evacuation Pause) 32M->9M(258M) 6.517ms
[1.566s][info][gc,cpu      ] GC(3) User=0.01s Sys=0.00s Real=0.00s
[2.101s][info][gc,start    ] GC(4) Pause Young (Normal) (G1 Evacuation Pause)
[2.101s][info][gc,task     ] GC(4) Using 2 workers of 2 for evacuation
[2.109s][info][gc,phases   ] GC(4)   Pre Evacuate Collection Set: 0.26ms
[2.109s][info][gc,phases   ] GC(4)   Merge Heap Roots: 0.06ms
[2.109s][info][gc,phases   ] GC(4)   Evacuate Collection Set: 7.22ms
[2.109s][info][gc,phases   ] GC(4)   Post Evacuate Collection Set: 0.40ms
[2.109s][info][gc,phases   ] GC(4)   Other: 0.11ms
[2.109s][info][gc,heap     ] GC(4) Eden regions: 24->0(35)
[2.109s][info][gc,heap     ] GC(4) Survivor regions: 3->3(4)
[2.109s][info][gc,heap     ] GC(4) Old regions: 8->10
[2.109s][info][gc,heap     ] GC(4) Humongous regions: 0->0
[2.109s][info][gc,metaspace] GC(4) Metaspace: 17457K(17728K)->17457K(17728K) NonClass: 15002K(15168K)->15002K(15168K) Class: 2454K(2560K)->2454K(2560K)
[2.109s][info][gc          ] GC(4) Pause Young (Normal) (G1 Evacuation Pause) 33M->11M(258M) 8.266ms
[2.109s][info][gc,cpu      ] GC(4) User=0.01s Sys=0.00s Real=0.01s
[2.295s][info][metaspace   ] ChkMgr @0x00007f07f0160860 (class-space): failed to commit 183 words on chunk @0x00007f07642cc838, f, base 0x00007f077b2f0000, level lv10.
[2.295s][info][metaspace   ] Arena @0x00007f07f03d0f90 (class arena): failed to allocate new chunk for requested word size 183.
[2.295s][info][metaspace   ] Arena @0x00007f07f03d0f90 (class arena): allocation failed, returned null.
[2.295s][info][metaspace   ] ChkMgr @0x00007f07f0160860 (class-space): failed to commit 183 words on chunk @0x00007f07642cc838, f, base 0x00007f077b2f0000, level lv10.
[2.295s][info][metaspace   ] Arena @0x00007f07f03d0f90 (class arena): failed to allocate new chunk for requested word size 183.
[2.295s][info][metaspace   ] Arena @0x00007f07f03d0f90 (class arena): allocation failed, returned null.
[2.296s][info][metaspace   ] ChkMgr @0x00007f07f0160860 (class-space): failed to commit 183 words on chunk @0x00007f07642cc838, f, base 0x00007f077b2f0000, level lv10.
[2.296s][info][metaspace   ] Arena @0x00007f07f03d0f90 (class arena): failed to allocate new chunk for requested word size 183.
[2.296s][info][metaspace   ] Arena @0x00007f07f03d0f90 (class arena): allocation failed, returned null.
[2.296s][info][gc,start    ] GC(5) Pause Young (Concurrent Start) (Metadata GC Threshold)
[2.296s][info][gc,task     ] GC(5) Using 2 workers of 2 for evacuation
[2.300s][info][gc,phases   ] GC(5)   Pre Evacuate Collection Set: 0.17ms
[2.300s][info][gc,phases   ] GC(5)   Merge Heap Roots: 0.04ms
[2.300s][info][gc,phases   ] GC(5)   Evacuate Collection Set: 3.54ms
[2.300s][info][gc,phases   ] GC(5)   Post Evacuate Collection Set: 0.28ms
[2.300s][info][gc,phases   ] GC(5)   Other: 0.09ms
[2.300s][info][gc,heap     ] GC(5) Eden regions: 14->0(57)
[2.300s][info][gc,heap     ] GC(5) Survivor regions: 3->3(5)
[2.300s][info][gc,heap     ] GC(5) Old regions: 10->10
[2.300s][info][gc,heap     ] GC(5) Humongous regions: 0->0
[2.300s][info][gc,metaspace] GC(5) Metaspace: 21354K(21504K)->21354K(21504K) NonClass: 18412K(18496K)->18412K(18496K) Class: 2941K(3008K)->2941K(3008K)
[2.300s][info][gc          ] GC(5) Pause Young (Concurrent Start) (Metadata GC Threshold) 24M->11M(258M) 4.252ms
[2.300s][info][gc,cpu      ] GC(5) User=0.01s Sys=0.00s Real=0.01s
[2.300s][info][metaspace   ] CLMS @0x00007f07f022e240 : GC threshold increased: 22020096->22347776.
[2.301s][info][gc          ] GC(6) Concurrent Mark Cycle
[2.301s][info][gc,marking  ] GC(6) Concurrent Scan Root Regions
[2.305s][info][gc,marking  ] GC(6) Concurrent Scan Root Regions 4.542ms
[2.305s][info][gc,marking  ] GC(6) Concurrent Mark
[2.305s][info][gc,marking  ] GC(6) Concurrent Mark From Roots
[2.305s][info][gc,task     ] GC(6) Using 1 workers of 1 for marking
[2.324s][info][gc,marking  ] GC(6) Concurrent Mark From Roots 18.459ms
[2.324s][info][gc,marking  ] GC(6) Concurrent Preclean
[2.324s][info][gc,marking  ] GC(6) Concurrent Preclean 0.042ms
[2.324s][info][gc,start    ] GC(6) Pause Remark
[2.330s][info][gc          ] GC(6) Pause Remark 12M->12M(256M) 5.536ms
[2.330s][info][gc,cpu      ] GC(6) User=0.01s Sys=0.00s Real=0.01s
[2.332s][info][gc,marking  ] GC(6) Concurrent Mark 26.405ms
[2.332s][info][gc,marking  ] GC(6) Concurrent Rebuild Remembered Sets and Scrub Regions
[2.339s][info][gc,marking  ] GC(6) Concurrent Rebuild Remembered Sets and Scrub Regions 7.416ms
[2.339s][info][gc,start    ] GC(6) Pause Cleanup
[2.339s][info][gc          ] GC(6) Pause Cleanup 12M->12M(256M) 0.052ms
[2.339s][info][gc,cpu      ] GC(6) User=0.00s Sys=0.00s Real=0.00s
[2.341s][info][gc,marking  ] GC(6) Concurrent Clear Claimed Marks
[2.341s][info][gc,marking  ] GC(6) Concurrent Clear Claimed Marks 0.029ms
[2.341s][info][gc,marking  ] GC(6) Concurrent Cleanup for Next Mark
[2.346s][info][gc,marking  ] GC(6) Concurrent Cleanup for Next Mark 4.835ms
[2.346s][info][gc          ] GC(6) Concurrent Mark Cycle 44.928ms
[3.548s][info][gc,start    ] GC(7) Pause Young (Prepare Mixed) (G1 Evacuation Pause)
[3.548s][info][gc,task     ] GC(7) Using 2 workers of 2 for evacuation
[3.559s][info][gc,phases   ] GC(7)   Pre Evacuate Collection Set: 0.17ms
[3.559s][info][gc,phases   ] GC(7)   Merge Heap Roots: 0.05ms
[3.559s][info][gc,phases   ] GC(7)   Evacuate Collection Set: 10.11ms
[3.559s][info][gc,phases   ] GC(7)   Post Evacuate Collection Set: 0.65ms
[3.559s][info][gc,phases   ] GC(7)   Other: 0.08ms
[3.559s][info][gc,heap     ] GC(7) Eden regions: 55->0(50)
[3.559s][info][gc,heap     ] GC(7) Survivor regions: 3->6(8)
[3.559s][info][gc,heap     ] GC(7) Old regions: 10->10
[3.559s][info][gc,heap     ] GC(7) Humongous regions: 129->129
[3.559s][info][gc,metaspace] GC(7) Metaspace: 31062K(31296K)->31062K(31296K) NonClass: 26762K(26880K)->26762K(26880K) Class: 4300K(4416K)->4300K(4416K)
[3.559s][info][gc          ] GC(7) Pause Young (Prepare Mixed) (G1 Evacuation Pause) 195M->143M(256M) 11.242ms
[3.559s][info][gc,cpu      ] GC(7) User=0.02s Sys=0.00s Real=0.01s
[3.926s][info][metaspace   ] ChkMgr @0x00007f07f0162750 (non-class-space): failed to commit 7 words on chunk @0x00007f07647d7038, f, base 0x00007f0771f00000, level lv10.
[3.926s][info][metaspace   ] Arena @0x00007f07f03d0f40 (non-class arena): failed to allocate new chunk for requested word size 7.
[3.926s][info][metaspace   ] Arena @0x00007f07f03d0f40 (non-class arena): allocation failed, returned null.
[3.926s][info][metaspace   ] ChkMgr @0x00007f07f0162750 (non-class-space): failed to commit 7 words on chunk @0x00007f07647d7038, f, base 0x00007f0771f00000, level lv10.
[3.926s][info][metaspace   ] Arena @0x00007f07f03d0f40 (non-class arena): failed to allocate new chunk for requested word size 7.
[3.926s][info][metaspace   ] Arena @0x00007f07f03d0f40 (non-class arena): allocation failed, returned null.
[3.927s][info][metaspace   ] ChkMgr @0x00007f07f0162750 (non-class-space): failed to commit 199 words on chunk @0x00007f07647d7038, f, base 0x00007f0771f00000, level lv10.
[3.927s][info][metaspace   ] Arena @0x00007f07f03d0f40 (non-class arena): failed to allocate new chunk for requested word size 199.
[3.927s][info][metaspace   ] Arena @0x00007f07f03d0f40 (non-class arena): allocation failed, returned null.
[3.927s][info][metaspace   ] ChkMgr @0x00007f07f0162750 (non-class-space): failed to commit 199 words on chunk @0x00007f07647d7038, f, base 0x00007f0771f00000, level lv10.
[3.927s][info][metaspace   ] Arena @0x00007f07f03d0f40 (non-class arena): failed to allocate new chunk for requested word size 199.
[3.927s][info][metaspace   ] Arena @0x00007f07f03d0f40 (non-class arena): allocation failed, returned null.
[3.927s][info][metaspace   ] ChkMgr @0x00007f07f0162750 (non-class-space): failed to commit 7 words on chunk @0x00007f07647d7038, f, base 0x00007f0771f00000, level lv10.
[3.927s][info][metaspace   ] Arena @0x00007f07f03d0f40 (non-class arena): failed to allocate new chunk for requested word size 7.
[3.927s][info][metaspace   ] Arena @0x00007f07f03d0f40 (non-class arena): allocation failed, returned null.
[3.927s][info][gc,start    ] GC(8) Pause Young (Mixed) (Metadata GC Threshold)
[3.927s][info][gc,task     ] GC(8) Using 2 workers of 2 for evacuation
[3.941s][info][gc,phases   ] GC(8)   Pre Evacuate Collection Set: 0.17ms
[3.941s][info][gc,phases   ] GC(8)   Merge Heap Roots: 0.06ms
[3.941s][info][gc,phases   ] GC(8)   Evacuate Collection Set: 12.74ms
[3.941s][info][gc,phases   ] GC(8)   Post Evacuate Collection Set: 0.54ms
[3.941s][info][gc,phases   ] GC(8)   Other: 0.07ms
[3.941s][info][gc,heap     ] GC(8) Eden regions: 24->0(13)
[3.941s][info][gc,heap     ] GC(8) Survivor regions: 6->5(7)
[3.941s][info][gc,heap     ] GC(8) Old regions: 10->12
[3.941s][info][gc,heap     ] GC(8) Humongous regions: 207->207
[3.941s][info][gc,metaspace] GC(8) Metaspace: 35940K(36096K)->35940K(36096K) NonClass: 31013K(31104K)->31013K(31104K) Class: 4926K(4992K)->4926K(4992K)
[3.941s][info][gc          ] GC(8) Pause Young (Mixed) (Metadata GC Threshold) 245M->223M(256M) 13.728ms
[3.941s][info][gc,cpu      ] GC(8) User=0.03s Sys=0.00s Real=0.01s
[3.941s][info][metaspace   ] CLMS @0x00007f07f022e240 : GC threshold increased: 36962304->37289984.
[3.964s][info][metaspace   ] ChkMgr @0x00007f07f0162750 (non-class-space): failed to commit 4 words on chunk @0x00007f07647d7f68, f, base 0x00007f0771f40000, level lv10.
[3.964s][info][metaspace   ] Arena @0x00007f07f03d0f40 (non-class arena): failed to allocate new chunk for requested word size 4.
[3.964s][info][metaspace   ] Arena @0x00007f07f03d0f40 (non-class arena): allocation failed, returned null.
[3.964s][info][metaspace   ] ChkMgr @0x00007f07f0162750 (non-class-space): failed to commit 4 words on chunk @0x00007f07647d7f68, f, base 0x00007f0771f40000, level lv10.
[3.964s][info][metaspace   ] Arena @0x00007f07f03d0f40 (non-class arena): failed to allocate new chunk for requested word size 4.
[3.964s][info][metaspace   ] Arena @0x00007f07f03d0f40 (non-class arena): allocation failed, returned null.
[3.964s][info][metaspace   ] ChkMgr @0x00007f07f0162750 (non-class-space): failed to commit 27 words on chunk @0x00007f07647d7f68, f, base 0x00007f0771f40000, level lv10.
[3.964s][info][metaspace   ] Arena @0x00007f07f03d0f40 (non-class arena): failed to allocate new chunk for requested word size 27.
[3.964s][info][metaspace   ] Arena @0x00007f07f03d0f40 (non-class arena): allocation failed, returned null.
[3.964s][info][metaspace   ] ChkMgr @0x00007f07f0162750 (non-class-space): failed to commit 27 words on chunk @0x00007f07647d7f68, f, base 0x00007f0771f40000, level lv10.
[3.964s][info][metaspace   ] Arena @0x00007f07f03d0f40 (non-class arena): failed to allocate new chunk for requested word size 27.
[3.964s][info][metaspace   ] Arena @0x00007f07f03d0f40 (non-class arena): allocation failed, returned null.
[3.964s][info][metaspace   ] ChkMgr @0x00007f07f0162750 (non-class-space): failed to commit 4 words on chunk @0x00007f07647d7f68, f, base 0x00007f0771f40000, level lv10.
[3.964s][info][metaspace   ] Arena @0x00007f07f03d0f40 (non-class arena): failed to allocate new chunk for requested word size 4.
[3.964s][info][metaspace   ] Arena @0x00007f07f03d0f40 (non-class arena): allocation failed, returned null.
[3.964s][info][gc,start    ] GC(9) Pause Young (Concurrent Start) (Metadata GC Threshold)
[3.964s][info][gc,task     ] GC(9) Using 2 workers of 2 for evacuation
[3.972s][info][gc,phases   ] GC(9)   Pre Evacuate Collection Set: 0.16ms
[3.972s][info][gc,phases   ] GC(9)   Merge Heap Roots: 0.06ms
[3.972s][info][gc,phases   ] GC(9)   Evacuate Collection Set: 7.50ms
[3.972s][info][gc,phases   ] GC(9)   Post Evacuate Collection Set: 0.33ms
[3.972s][info][gc,phases   ] GC(9)   Other: 0.11ms
[3.972s][info][gc,heap     ] GC(9) Eden regions: 3->0(16)
[3.972s][info][gc,heap     ] GC(9) Survivor regions: 5->1(3)
[3.972s][info][gc,heap     ] GC(9) Old regions: 12->17
[3.972s][info][gc,heap     ] GC(9) Humongous regions: 207->207
[3.972s][info][gc,metaspace] GC(9) Metaspace: 36256K(36416K)->36256K(36416K) NonClass: 31275K(31360K)->31275K(31360K) Class: 4980K(5056K)->4980K(5056K)
[3.972s][info][gc          ] GC(9) Pause Young (Concurrent Start) (Metadata GC Threshold) 225M->224M(256M) 8.328ms
[3.972s][info][gc          ] GC(10) Concurrent Mark Cycle
[3.972s][info][gc,marking  ] GC(10) Concurrent Scan Root Regions
[3.975s][info][gc,cpu      ] GC(9) User=0.02s Sys=0.00s Real=0.01s
[3.975s][info][metaspace   ] CLMS @0x00007f07f022e240 : GC threshold increased: 37289984->37617664.
[3.984s][info][gc,marking  ] GC(10) Concurrent Scan Root Regions 11.959ms
[3.984s][info][gc,marking  ] GC(10) Concurrent Mark
[3.984s][info][gc,marking  ] GC(10) Concurrent Mark From Roots
[3.984s][info][gc,task     ] GC(10) Using 1 workers of 1 for marking
[4.005s][info][metaspace   ] ChkMgr @0x00007f07f0160860 (class-space): failed to commit 88 words on chunk @0x00007f07647d7bc0, f, base 0x00007f077b520000, level lv10.
[4.005s][info][metaspace   ] Arena @0x00007f07f03d0f90 (class arena): failed to allocate new chunk for requested word size 88.
[4.006s][info][metaspace   ] Arena @0x00007f07f03d0f90 (class arena): allocation failed, returned null.
[4.006s][info][metaspace   ] ChkMgr @0x00007f07f0160860 (class-space): failed to commit 88 words on chunk @0x00007f07647d7bc0, f, base 0x00007f077b520000, level lv10.
[4.006s][info][metaspace   ] Arena @0x00007f07f03d0f90 (class arena): failed to allocate new chunk for requested word size 88.
[4.006s][info][metaspace   ] Arena @0x00007f07f03d0f90 (class arena): allocation failed, returned null.
[4.008s][info][metaspace   ] ChkMgr @0x00007f07f0160860 (class-space): failed to commit 80 words on chunk @0x00007f07647d7bc0, f, base 0x00007f077b520000, level lv10.
[4.008s][info][metaspace   ] Arena @0x00007f07f03d0f90 (class arena): failed to allocate new chunk for requested word size 80.
[4.008s][info][metaspace   ] Arena @0x00007f07f03d0f90 (class arena): allocation failed, returned null.
[4.008s][info][metaspace   ] ChkMgr @0x00007f07f0160860 (class-space): failed to commit 80 words on chunk @0x00007f07647d7bc0, f, base 0x00007f077b520000, level lv10.
[4.008s][info][metaspace   ] Arena @0x00007f07f03d0f90 (class arena): failed to allocate new chunk for requested word size 80.
[4.008s][info][metaspace   ] Arena @0x00007f07f03d0f90 (class arena): allocation failed, returned null.
[4.008s][info][metaspace   ] ChkMgr @0x00007f07f0160860 (class-space): failed to commit 88 words on chunk @0x00007f07647d7bc0, f, base 0x00007f077b520000, level lv10.
[4.008s][info][metaspace   ] Arena @0x00007f07f03d0f90 (class arena): failed to allocate new chunk for requested word size 88.
[4.008s][info][metaspace   ] Arena @0x00007f07f03d0f90 (class arena): allocation failed, returned null.
[4.008s][info][metaspace   ] CLMS @0x00007f07f022e240 : GC threshold increased: 37617664->37945344.
[4.024s][info][gc,marking  ] GC(10) Concurrent Mark From Roots 39.361ms
[4.024s][info][gc,marking  ] GC(10) Concurrent Preclean
[4.024s][info][gc,marking  ] GC(10) Concurrent Preclean 0.053ms
[4.024s][info][gc,start    ] GC(10) Pause Remark
[4.030s][info][gc          ] GC(10) Pause Remark 227M->227M(375M) 6.039ms
[4.030s][info][gc,cpu      ] GC(10) User=0.01s Sys=0.00s Real=0.01s
[4.036s][info][gc,marking  ] GC(10) Concurrent Mark 51.444ms
[4.036s][info][gc,marking  ] GC(10) Concurrent Rebuild Remembered Sets and Scrub Regions
[4.059s][info][gc,marking  ] GC(10) Concurrent Rebuild Remembered Sets and Scrub Regions 23.486ms
[4.066s][info][gc,start    ] GC(10) Pause Cleanup
[4.066s][info][gc          ] GC(10) Pause Cleanup 229M->229M(375M) 0.090ms
[4.066s][info][gc,cpu      ] GC(10) User=0.00s Sys=0.00s Real=0.00s
[4.066s][info][gc,marking  ] GC(10) Concurrent Clear Claimed Marks
[4.066s][info][gc,marking  ] GC(10) Concurrent Clear Claimed Marks 0.046ms
[4.066s][info][gc,marking  ] GC(10) Concurrent Cleanup for Next Mark
[4.076s][info][gc,marking  ] GC(10) Concurrent Cleanup for Next Mark 9.558ms
[4.076s][info][gc          ] GC(10) Concurrent Mark Cycle 103.819ms
[4.261s][info][gc,start    ] GC(11) Pause Young (Prepare Mixed) (G1 Evacuation Pause)
[4.261s][info][gc,task     ] GC(11) Using 2 workers of 2 for evacuation
[4.264s][info][gc,phases   ] GC(11)   Pre Evacuate Collection Set: 0.21ms
[4.264s][info][gc,phases   ] GC(11)   Merge Heap Roots: 0.05ms
[4.264s][info][gc,phases   ] GC(11)   Evacuate Collection Set: 2.69ms
[4.264s][info][gc,phases   ] GC(11)   Post Evacuate Collection Set: 0.33ms
[4.264s][info][gc,phases   ] GC(11)   Other: 0.12ms
[4.264s][info][gc,heap     ] GC(11) Eden regions: 17->0(99)
[4.264s][info][gc,heap     ] GC(11) Survivor regions: 1->1(3)
[4.264s][info][gc,heap     ] GC(11) Old regions: 17->17
[4.264s][info][gc,heap     ] GC(11) Humongous regions: 207->207
[4.264s][info][gc,metaspace] GC(11) Metaspace: 39093K(39424K)->39093K(39424K) NonClass: 33667K(33856K)->33667K(33856K) Class: 5425K(5568K)->5425K(5568K)
[4.264s][info][gc          ] GC(11) Pause Young (Prepare Mixed) (G1 Evacuation Pause) 241M->224M(375M) 3.617ms
[4.264s][info][gc,cpu      ] GC(11) User=0.00s Sys=0.00s Real=0.00s
[7.256s][info][gc,start    ] GC(12) Pause Young (Mixed) (G1 Evacuation Pause)
[7.256s][info][gc,task     ] GC(12) Using 2 workers of 2 for evacuation
[7.273s][info][gc,phases   ] GC(12)   Pre Evacuate Collection Set: 0.28ms
[7.273s][info][gc,phases   ] GC(12)   Merge Heap Roots: 0.15ms
[7.273s][info][gc,phases   ] GC(12)   Evacuate Collection Set: 15.21ms
[7.273s][info][gc,phases   ] GC(12)   Post Evacuate Collection Set: 1.03ms
[7.273s][info][gc,phases   ] GC(12)   Other: 0.13ms
[7.273s][info][gc,heap     ] GC(12) Eden regions: 99->0(88)
[7.273s][info][gc,heap     ] GC(12) Survivor regions: 1->5(13)
[7.273s][info][gc,heap     ] GC(12) Old regions: 17->17
[7.273s][info][gc,heap     ] GC(12) Humongous regions: 207->207
[7.273s][info][gc,metaspace] GC(12) Metaspace: 52415K(52672K)->52415K(52672K) NonClass: 44494K(44672K)->44494K(44672K) Class: 7920K(8000K)->7920K(8000K)
[7.273s][info][gc          ] GC(12) Pause Young (Mixed) (G1 Evacuation Pause) 323M->228M(375M) 16.969ms
[7.273s][info][gc,cpu      ] GC(12) User=0.03s Sys=0.00s Real=0.02s
[8.226s][info][gc,start    ] GC(13) Pause Young (Concurrent Start) (G1 Evacuation Pause)
[8.226s][info][gc,task     ] GC(13) Using 2 workers of 2 for evacuation
[8.251s][info][gc,phases   ] GC(13)   Pre Evacuate Collection Set: 0.27ms
[8.251s][info][gc,phases   ] GC(13)   Merge Heap Roots: 0.09ms
[8.251s][info][gc,phases   ] GC(13)   Evacuate Collection Set: 22.76ms
[8.251s][info][gc,phases   ] GC(13)   Post Evacuate Collection Set: 0.85ms
[8.251s][info][gc,phases   ] GC(13)   Other: 0.10ms
[8.251s][info][gc,heap     ] GC(13) Eden regions: 82->0(76)
[8.251s][info][gc,heap     ] GC(13) Survivor regions: 5->11(11)
[8.251s][info][gc,heap     ] GC(13) Old regions: 17->33
[8.251s][info][gc,heap     ] GC(13) Humongous regions: 207->207
[8.251s][info][gc,metaspace] GC(13) Metaspace: 54371K(54720K)->54371K(54720K) NonClass: 46154K(46400K)->46154K(46400K) Class: 8217K(8320K)->8217K(8320K)
[8.251s][info][gc          ] GC(13) Pause Young (Concurrent Start) (G1 Evacuation Pause) 310M->250M(375M) 24.303ms
[8.251s][info][gc          ] GC(14) Concurrent Mark Cycle
[8.251s][info][gc,marking  ] GC(14) Concurrent Scan Root Regions
[8.251s][info][gc,cpu      ] GC(13) User=0.05s Sys=0.00s Real=0.03s
[8.271s][info][gc,marking  ] GC(14) Concurrent Scan Root Regions 20.022ms
[8.271s][info][gc,marking  ] GC(14) Concurrent Mark
[8.271s][info][gc,marking  ] GC(14) Concurrent Mark From Roots
[8.271s][info][gc,task     ] GC(14) Using 1 workers of 1 for marking
[8.307s][info][gc,start    ] GC(15) Pause Young (Normal) (G1 Evacuation Pause)
[8.307s][info][gc,task     ] GC(15) Using 2 workers of 2 for evacuation
[8.321s][info][gc,phases   ] GC(15)   Pre Evacuate Collection Set: 0.21ms
[8.321s][info][gc,phases   ] GC(15)   Merge Heap Roots: 0.14ms
[8.321s][info][gc,phases   ] GC(15)   Evacuate Collection Set: 13.10ms
[8.321s][info][gc,phases   ] GC(15)   Post Evacuate Collection Set: 0.46ms
[8.321s][info][gc,phases   ] GC(15)   Other: 0.06ms
[8.321s][info][gc,heap     ] GC(15) Eden regions: 7->0(74)
[8.321s][info][gc,heap     ] GC(15) Survivor regions: 11->3(3)
[8.321s][info][gc,heap     ] GC(15) Old regions: 33->43
[8.321s][info][gc,heap     ] GC(15) Humongous regions: 207->207
[8.321s][info][gc,metaspace] GC(15) Metaspace: 54383K(54720K)->54383K(54720K) NonClass: 46166K(46400K)->46166K(46400K) Class: 8217K(8320K)->8217K(8320K)
[8.321s][info][gc          ] GC(15) Pause Young (Normal) (G1 Evacuation Pause) 257M->252M(375M) 14.171ms
[8.321s][info][gc,cpu      ] GC(15) User=0.02s Sys=0.00s Real=0.01s
[8.358s][info][gc,marking  ] GC(14) Concurrent Mark From Roots 87.430ms
[8.358s][info][gc,marking  ] GC(14) Concurrent Preclean
[8.358s][info][gc,marking  ] GC(14) Concurrent Preclean 0.073ms
[8.359s][info][gc,start    ] GC(14) Pause Remark
[8.366s][info][gc          ] GC(14) Pause Remark 256M->256M(422M) 7.939ms
[8.367s][info][gc,cpu      ] GC(14) User=0.01s Sys=0.00s Real=0.00s
[8.371s][info][gc,marking  ] GC(14) Concurrent Mark 100.134ms
[8.371s][info][gc,marking  ] GC(14) Concurrent Rebuild Remembered Sets and Scrub Regions
[8.431s][info][gc,marking  ] GC(14) Concurrent Rebuild Remembered Sets and Scrub Regions 59.957ms
[8.433s][info][gc,start    ] GC(14) Pause Cleanup
[8.433s][info][gc          ] GC(14) Pause Cleanup 264M->264M(422M) 0.082ms
[8.433s][info][gc,cpu      ] GC(14) User=0.00s Sys=0.00s Real=0.00s
[8.434s][info][gc,marking  ] GC(14) Concurrent Clear Claimed Marks
[8.435s][info][gc,marking  ] GC(14) Concurrent Clear Claimed Marks 0.093ms
[8.435s][info][gc,marking  ] GC(14) Concurrent Cleanup for Next Mark
[8.438s][info][gc,marking  ] GC(14) Concurrent Cleanup for Next Mark 3.547ms
[8.438s][info][gc          ] GC(14) Concurrent Mark Cycle 187.477ms
[8.788s][info][gc,start    ] GC(16) Pause Young (Prepare Mixed) (G1 Evacuation Pause)
[8.788s][info][gc,task     ] GC(16) Using 2 workers of 2 for evacuation
[8.814s][info][gc,phases   ] GC(16)   Pre Evacuate Collection Set: 0.27ms
[8.814s][info][gc,phases   ] GC(16)   Merge Heap Roots: 0.13ms
[8.814s][info][gc,phases   ] GC(16)   Evacuate Collection Set: 24.32ms
[8.814s][info][gc,phases   ] GC(16)   Post Evacuate Collection Set: 0.58ms
[8.814s][info][gc,phases   ] GC(16)   Other: 0.11ms
[8.814s][info][gc,heap     ] GC(16) Eden regions: 74->0(88)
[8.814s][info][gc,heap     ] GC(16) Survivor regions: 3->10(10)
[8.814s][info][gc,heap     ] GC(16) Old regions: 43->57
[8.814s][info][gc,heap     ] GC(16) Humongous regions: 207->207
[8.814s][info][gc,metaspace] GC(16) Metaspace: 54593K(54976K)->54593K(54976K) NonClass: 46375K(46656K)->46375K(46656K) Class: 8217K(8320K)->8217K(8320K)
[8.814s][info][gc          ] GC(16) Pause Young (Prepare Mixed) (G1 Evacuation Pause) 326M->273M(422M) 25.629ms
[8.814s][info][gc,cpu      ] GC(16) User=0.04s Sys=0.01s Real=0.02s
[9.339s][info][gc,start    ] GC(17) Pause Young (Mixed) (G1 Evacuation Pause)
[9.339s][info][gc,task     ] GC(17) Using 2 workers of 2 for evacuation
[9.365s][info][gc,phases   ] GC(17)   Pre Evacuate Collection Set: 0.23ms
[9.366s][info][gc,phases   ] GC(17)   Merge Heap Roots: 0.11ms
[9.366s][info][gc,phases   ] GC(17)   Evacuate Collection Set: 25.48ms
[9.366s][info][gc,phases   ] GC(17)   Post Evacuate Collection Set: 0.45ms
[9.366s][info][gc,phases   ] GC(17)   Other: 0.09ms
[9.366s][info][gc,heap     ] GC(17) Eden regions: 88->0(86)
[9.366s][info][gc,heap     ] GC(17) Survivor regions: 10->11(13)
[9.366s][info][gc,heap     ] GC(17) Old regions: 57->67
[9.366s][info][gc,heap     ] GC(17) Humongous regions: 207->207
[9.366s][info][gc,metaspace] GC(17) Metaspace: 54885K(55232K)->54885K(55232K) NonClass: 46667K(46912K)->46667K(46912K) Class: 8217K(8320K)->8217K(8320K)
[9.366s][info][gc          ] GC(17) Pause Young (Mixed) (G1 Evacuation Pause) 361M->283M(422M) 26.549ms
[9.366s][info][gc,cpu      ] GC(17) User=0.04s Sys=0.00s Real=0.02s
[9.821s][info][gc,start    ] GC(18) Pause Young (Concurrent Start) (G1 Evacuation Pause)
[9.822s][info][gc,task     ] GC(18) Using 2 workers of 2 for evacuation
[9.846s][info][gc,phases   ] GC(18)   Pre Evacuate Collection Set: 0.25ms
[9.846s][info][gc,phases   ] GC(18)   Merge Heap Roots: 0.12ms
[9.846s][info][gc,phases   ] GC(18)   Evacuate Collection Set: 23.39ms
[9.846s][info][gc,phases   ] GC(18)   Post Evacuate Collection Set: 0.44ms
[9.846s][info][gc,phases   ] GC(18)   Other: 0.18ms
[9.846s][info][gc,heap     ] GC(18) Eden regions: 86->0(87)
[9.846s][info][gc,heap     ] GC(18) Survivor regions: 11->9(13)
[9.846s][info][gc,heap     ] GC(18) Old regions: 67->74
[9.846s][info][gc,heap     ] GC(18) Humongous regions: 207->207
[9.846s][info][gc,metaspace] GC(18) Metaspace: 54939K(55232K)->54939K(55232K) NonClass: 46708K(46912K)->46708K(46912K) Class: 8231K(8320K)->8231K(8320K)
[9.846s][info][gc          ] GC(18) Pause Young (Concurrent Start) (G1 Evacuation Pause) 369M->289M(422M) 24.576ms
[9.846s][info][gc          ] GC(19) Concurrent Mark Cycle
[9.846s][info][gc,marking  ] GC(19) Concurrent Scan Root Regions
[9.846s][info][gc,cpu      ] GC(18) User=0.05s Sys=0.00s Real=0.02s
[9.882s][info][gc,marking  ] GC(19) Concurrent Scan Root Regions 35.870ms
[9.882s][info][gc,marking  ] GC(19) Concurrent Mark
[9.882s][info][gc,marking  ] GC(19) Concurrent Mark From Roots
[9.882s][info][gc,task     ] GC(19) Using 1 workers of 1 for marking
[9.973s][info][gc,marking  ] GC(19) Concurrent Mark From Roots 91.364ms
[9.973s][info][gc,marking  ] GC(19) Concurrent Preclean
[9.973s][info][gc,marking  ] GC(19) Concurrent Preclean 0.101ms
[9.974s][info][gc,start    ] GC(19) Pause Remark
[9.986s][info][gc          ] GC(19) Pause Remark 315M->315M(484M) 12.655ms
[9.986s][info][gc,cpu      ] GC(19) User=0.03s Sys=0.00s Real=0.01s
[9.989s][info][gc,marking  ] GC(19) Concurrent Mark 107.336ms
[9.989s][info][gc,marking  ] GC(19) Concurrent Rebuild Remembered Sets and Scrub Regions
[10.053s][info][gc,marking  ] GC(19) Concurrent Rebuild Remembered Sets and Scrub Regions 63.954ms
[10.053s][info][gc,start    ] GC(19) Pause Cleanup
[10.054s][info][gc          ] GC(19) Pause Cleanup 326M->326M(484M) 0.074ms
[10.054s][info][gc,cpu      ] GC(19) User=0.01s Sys=0.00s Real=0.00s
[10.054s][info][gc,marking  ] GC(19) Concurrent Clear Claimed Marks
[10.054s][info][gc,marking  ] GC(19) Concurrent Clear Claimed Marks 0.100ms
[10.054s][info][gc,marking  ] GC(19) Concurrent Cleanup for Next Mark
[10.058s][info][gc,marking  ] GC(19) Concurrent Cleanup for Next Mark 3.558ms
[10.058s][info][gc          ] GC(19) Concurrent Mark Cycle 211.965ms
[10.274s][info][gc,start    ] GC(20) Pause Young (Prepare Mixed) (G1 Evacuation Pause)
[10.274s][info][gc,task     ] GC(20) Using 2 workers of 2 for evacuation
[10.293s][info][gc,phases   ] GC(20)   Pre Evacuate Collection Set: 0.26ms
[10.293s][info][gc,phases   ] GC(20)   Merge Heap Roots: 0.10ms
[10.293s][info][gc,phases   ] GC(20)   Evacuate Collection Set: 18.43ms
[10.293s][info][gc,phases   ] GC(20)   Post Evacuate Collection Set: 0.42ms
[10.293s][info][gc,phases   ] GC(20)   Other: 0.15ms
[10.294s][info][gc,heap     ] GC(20) Eden regions: 87->0(128)
[10.294s][info][gc,heap     ] GC(20) Survivor regions: 9->8(12)
[10.294s][info][gc,heap     ] GC(20) Old regions: 74->79
[10.294s][info][gc,heap     ] GC(20) Humongous regions: 207->207
[10.294s][info][gc,metaspace] GC(20) Metaspace: 55054K(55360K)->55054K(55360K) NonClass: 46823K(47040K)->46823K(47040K) Class: 8231K(8320K)->8231K(8320K)
[10.294s][info][gc          ] GC(20) Pause Young (Prepare Mixed) (G1 Evacuation Pause) 376M->293M(484M) 19.539ms
[10.294s][info][gc,cpu      ] GC(20) User=0.04s Sys=0.00s Real=0.02s
[10.758s][info][gc,start    ] GC(21) Pause Young (Mixed) (G1 Evacuation Pause)
[10.758s][info][gc,task     ] GC(21) Using 2 workers of 2 for evacuation
[10.787s][info][gc,phases   ] GC(21)   Pre Evacuate Collection Set: 0.27ms
[10.787s][info][gc,phases   ] GC(21)   Merge Heap Roots: 0.21ms
[10.787s][info][gc,phases   ] GC(21)   Evacuate Collection Set: 27.89ms
[10.787s][info][gc,phases   ] GC(21)   Post Evacuate Collection Set: 0.70ms
[10.787s][info][gc,phases   ] GC(21)   Other: 0.11ms
[10.787s][info][gc,heap     ] GC(21) Eden regions: 128->0(121)
[10.787s][info][gc,heap     ] GC(21) Survivor regions: 8->13(17)
[10.787s][info][gc,heap     ] GC(21) Old regions: 79->76
[10.787s][info][gc,heap     ] GC(21) Humongous regions: 207->207
[10.787s][info][gc,metaspace] GC(21) Metaspace: 55116K(55424K)->55116K(55424K) NonClass: 46885K(47104K)->46885K(47104K) Class: 8231K(8320K)->8231K(8320K)
[10.787s][info][gc          ] GC(21) Pause Young (Mixed) (G1 Evacuation Pause) 421M->295M(484M) 29.363ms
[10.787s][info][gc,cpu      ] GC(21) User=0.06s Sys=0.00s Real=0.03s
[11.165s][info][gc,start    ] GC(22) Pause Young (Concurrent Start) (G1 Evacuation Pause)
[11.166s][info][gc,task     ] GC(22) Using 2 workers of 2 for evacuation
[11.187s][info][gc,phases   ] GC(22)   Pre Evacuate Collection Set: 0.31ms
[11.187s][info][gc,phases   ] GC(22)   Merge Heap Roots: 0.09ms
[11.187s][info][gc,phases   ] GC(22)   Evacuate Collection Set: 20.51ms
[11.187s][info][gc,phases   ] GC(22)   Post Evacuate Collection Set: 0.45ms
[11.187s][info][gc,phases   ] GC(22)   Other: 0.11ms
[11.187s][info][gc,heap     ] GC(22) Eden regions: 121->0(128)
[11.187s][info][gc,heap     ] GC(22) Survivor regions: 13->11(17)
[11.187s][info][gc,heap     ] GC(22) Old regions: 76->79
[11.187s][info][gc,heap     ] GC(22) Humongous regions: 207->207
[11.187s][info][gc,metaspace] GC(22) Metaspace: 55171K(55488K)->55171K(55488K) NonClass: 46940K(47168K)->46940K(47168K) Class: 8231K(8320K)->8231K(8320K)
[11.187s][info][gc          ] GC(22) Pause Young (Concurrent Start) (G1 Evacuation Pause) 416M->296M(484M) 21.654ms
[11.187s][info][gc          ] GC(23) Concurrent Mark Cycle
[11.187s][info][gc,marking  ] GC(23) Concurrent Scan Root Regions
[11.187s][info][gc,cpu      ] GC(22) User=0.05s Sys=0.00s Real=0.03s
[11.226s][info][gc,marking  ] GC(23) Concurrent Scan Root Regions 38.564ms
[11.226s][info][gc,marking  ] GC(23) Concurrent Mark
[11.226s][info][gc,marking  ] GC(23) Concurrent Mark From Roots
[11.226s][info][gc,task     ] GC(23) Using 1 workers of 1 for marking
[11.324s][info][gc,marking  ] GC(23) Concurrent Mark From Roots 97.887ms
[11.324s][info][gc,marking  ] GC(23) Concurrent Preclean
[11.324s][info][gc,marking  ] GC(23) Concurrent Preclean 0.080ms
[11.324s][info][gc,start    ] GC(23) Pause Remark
[11.334s][info][gc          ] GC(23) Pause Remark 337M->337M(495M) 9.638ms
[11.334s][info][gc,cpu      ] GC(23) User=0.02s Sys=0.00s Real=0.01s
[11.334s][info][gc,marking  ] GC(23) Concurrent Mark 108.608ms
[11.334s][info][gc,marking  ] GC(23) Concurrent Rebuild Remembered Sets and Scrub Regions
[11.372s][info][gc,marking  ] GC(23) Concurrent Rebuild Remembered Sets and Scrub Regions 37.506ms
[11.372s][info][gc,start    ] GC(23) Pause Cleanup
[11.372s][info][gc          ] GC(23) Pause Cleanup 344M->344M(495M) 0.111ms
[11.372s][info][gc,cpu      ] GC(23) User=0.00s Sys=0.00s Real=0.00s
[11.372s][info][gc,marking  ] GC(23) Concurrent Clear Claimed Marks
[11.372s][info][gc,marking  ] GC(23) Concurrent Clear Claimed Marks 0.101ms
[11.372s][info][gc,marking  ] GC(23) Concurrent Cleanup for Next Mark
[11.375s][info][gc,marking  ] GC(23) Concurrent Cleanup for Next Mark 2.958ms
[11.375s][info][gc          ] GC(23) Concurrent Mark Cycle 188.289ms
[11.654s][info][gc,start    ] GC(24) Pause Young (Prepare Mixed) (G1 Evacuation Pause)
[11.655s][info][gc,task     ] GC(24) Using 2 workers of 2 for evacuation
[11.688s][info][gc,phases   ] GC(24)   Pre Evacuate Collection Set: 0.31ms
[11.688s][info][gc,phases   ] GC(24)   Merge Heap Roots: 0.09ms
[11.688s][info][gc,phases   ] GC(24)   Evacuate Collection Set: 32.35ms
[11.688s][info][gc,phases   ] GC(24)   Post Evacuate Collection Set: 0.67ms
[11.688s][info][gc,phases   ] GC(24)   Other: 0.13ms
[11.688s][info][gc,heap     ] GC(24) Eden regions: 128->0(140)
[11.688s][info][gc,heap     ] GC(24) Survivor regions: 11->12(18)
[11.688s][info][gc,heap     ] GC(24) Old regions: 79->80
[11.688s][info][gc,heap     ] GC(24) Humongous regions: 207->207
[11.688s][info][gc,metaspace] GC(24) Metaspace: 55278K(55616K)->55278K(55616K) NonClass: 47047K(47296K)->47047K(47296K) Class: 8231K(8320K)->8231K(8320K)
[11.688s][info][gc          ] GC(24) Pause Young (Prepare Mixed) (G1 Evacuation Pause) 424M->297M(495M) 33.810ms
[11.688s][info][gc,cpu      ] GC(24) User=0.06s Sys=0.00s Real=0.04s
[12.124s][info][gc,start    ] GC(25) Pause Young (Mixed) (G1 Evacuation Pause)
[12.124s][info][gc,task     ] GC(25) Using 2 workers of 2 for evacuation
[12.146s][info][gc,phases   ] GC(25)   Pre Evacuate Collection Set: 0.31ms
[12.146s][info][gc,phases   ] GC(25)   Merge Heap Roots: 0.10ms
[12.146s][info][gc,phases   ] GC(25)   Evacuate Collection Set: 20.71ms
[12.146s][info][gc,phases   ] GC(25)   Post Evacuate Collection Set: 0.52ms
[12.146s][info][gc,phases   ] GC(25)   Other: 0.13ms
[12.146s][info][gc,heap     ] GC(25) Eden regions: 140->0(142)
[12.146s][info][gc,heap     ] GC(25) Survivor regions: 12->12(19)
[12.146s][info][gc,heap     ] GC(25) Old regions: 80->73
[12.146s][info][gc,heap     ] GC(25) Humongous regions: 207->207
[12.146s][info][gc,metaspace] GC(25) Metaspace: 55394K(55744K)->55394K(55744K) NonClass: 47163K(47424K)->47163K(47424K) Class: 8231K(8320K)->8231K(8320K)
[12.146s][info][gc          ] GC(25) Pause Young (Mixed) (G1 Evacuation Pause) 437M->290M(495M) 21.984ms
[12.146s][info][gc,cpu      ] GC(25) User=0.04s Sys=0.00s Real=0.02s
[12.623s][info][gc,start    ] GC(26) Pause Young (Concurrent Start) (G1 Evacuation Pause)
[12.623s][info][gc,task     ] GC(26) Using 2 workers of 2 for evacuation
[12.665s][info][gc,phases   ] GC(26)   Pre Evacuate Collection Set: 3.50ms
[12.666s][info][gc,phases   ] GC(26)   Merge Heap Roots: 0.14ms
[12.666s][info][gc,phases   ] GC(26)   Evacuate Collection Set: 38.01ms
[12.666s][info][gc,phases   ] GC(26)   Post Evacuate Collection Set: 0.56ms
[12.666s][info][gc,phases   ] GC(26)   Other: 0.20ms
[12.666s][info][gc,heap     ] GC(26) Eden regions: 142->0(146)
[12.666s][info][gc,heap     ] GC(26) Survivor regions: 12->12(20)
[12.666s][info][gc,heap     ] GC(26) Old regions: 73->73
[12.666s][info][gc,heap     ] GC(26) Humongous regions: 207->207
[12.666s][info][gc,metaspace] GC(26) Metaspace: 55401K(55744K)->55401K(55744K) NonClass: 47170K(47424K)->47170K(47424K) Class: 8231K(8320K)->8231K(8320K)
[12.666s][info][gc          ] GC(26) Pause Young (Concurrent Start) (G1 Evacuation Pause) 432M->290M(495M) 42.647ms
[12.666s][info][gc          ] GC(27) Concurrent Mark Cycle
[12.666s][info][gc,marking  ] GC(27) Concurrent Scan Root Regions
[12.666s][info][gc,cpu      ] GC(26) User=0.04s Sys=0.00s Real=0.04s
[12.684s][info][gc,marking  ] GC(27) Concurrent Scan Root Regions 18.241ms
[12.684s][info][gc,marking  ] GC(27) Concurrent Mark
[12.684s][info][gc,marking  ] GC(27) Concurrent Mark From Roots
[12.684s][info][gc,task     ] GC(27) Using 1 workers of 1 for marking
[12.768s][info][gc,marking  ] GC(27) Concurrent Mark From Roots 83.806ms
[12.768s][info][gc,marking  ] GC(27) Concurrent Preclean
[12.768s][info][gc,marking  ] GC(27) Concurrent Preclean 0.080ms
[12.768s][info][gc,start    ] GC(27) Pause Remark
[12.781s][info][gc          ] GC(27) Pause Remark 321M->321M(495M) 13.031ms
[12.781s][info][gc,cpu      ] GC(27) User=0.03s Sys=0.00s Real=0.01s
[12.783s][info][gc,marking  ] GC(27) Concurrent Mark 98.931ms
[12.783s][info][gc,marking  ] GC(27) Concurrent Rebuild Remembered Sets and Scrub Regions
[12.813s][info][gc,marking  ] GC(27) Concurrent Rebuild Remembered Sets and Scrub Regions 29.710ms
[12.813s][info][gc,start    ] GC(27) Pause Cleanup
[12.813s][info][gc          ] GC(27) Pause Cleanup 328M->328M(495M) 0.075ms
[12.813s][info][gc,cpu      ] GC(27) User=0.00s Sys=0.00s Real=0.00s
[12.813s][info][gc,marking  ] GC(27) Concurrent Clear Claimed Marks
[12.813s][info][gc,marking  ] GC(27) Concurrent Clear Claimed Marks 0.088ms
[12.813s][info][gc,marking  ] GC(27) Concurrent Cleanup for Next Mark
[12.815s][info][gc,marking  ] GC(27) Concurrent Cleanup for Next Mark 1.486ms
[12.815s][info][gc          ] GC(27) Concurrent Mark Cycle 148.856ms
[13.082s][info][gc,start    ] GC(28) Pause Young (Prepare Mixed) (G1 Evacuation Pause)
[13.082s][info][gc,task     ] GC(28) Using 2 workers of 2 for evacuation
[13.108s][info][gc,phases   ] GC(28)   Pre Evacuate Collection Set: 0.31ms
[13.108s][info][gc,phases   ] GC(28)   Merge Heap Roots: 0.10ms
[13.108s][info][gc,phases   ] GC(28)   Evacuate Collection Set: 24.39ms
[13.108s][info][gc,phases   ] GC(28)   Post Evacuate Collection Set: 0.53ms
[13.108s][info][gc,phases   ] GC(28)   Other: 0.13ms
[13.108s][info][gc,heap     ] GC(28) Eden regions: 146->0(149)
[13.108s][info][gc,heap     ] GC(28) Survivor regions: 12->12(20)
[13.108s][info][gc,heap     ] GC(28) Old regions: 73->73
[13.108s][info][gc,heap     ] GC(28) Humongous regions: 207->207
[13.108s][info][gc,metaspace] GC(28) Metaspace: 55404K(55744K)->55404K(55744K) NonClass: 47173K(47424K)->47173K(47424K) Class: 8231K(8320K)->8231K(8320K)
[13.108s][info][gc          ] GC(28) Pause Young (Prepare Mixed) (G1 Evacuation Pause) 436M->291M(495M) 25.694ms
[13.108s][info][gc,cpu      ] GC(28) User=0.05s Sys=0.00s Real=0.03s
[13.480s][info][gc,start    ] GC(29) Pause Young (Mixed) (G1 Evacuation Pause)
[13.480s][info][gc,task     ] GC(29) Using 2 workers of 2 for evacuation
[13.500s][info][gc,phases   ] GC(29)   Pre Evacuate Collection Set: 0.32ms
[13.500s][info][gc,phases   ] GC(29)   Merge Heap Roots: 0.10ms
[13.500s][info][gc,phases   ] GC(29)   Evacuate Collection Set: 18.83ms
[13.500s][info][gc,phases   ] GC(29)   Post Evacuate Collection Set: 0.80ms
[13.500s][info][gc,phases   ] GC(29)   Other: 0.13ms
[13.500s][info][gc,heap     ] GC(29) Eden regions: 149->0(163)
[13.500s][info][gc,heap     ] GC(29) Survivor regions: 12->12(21)
[13.500s][info][gc,heap     ] GC(29) Old regions: 73->68
[13.500s][info][gc,heap     ] GC(29) Humongous regions: 207->207
[13.500s][info][gc,metaspace] GC(29) Metaspace: 55407K(55744K)->55407K(55744K) NonClass: 47176K(47424K)->47176K(47424K) Class: 8231K(8320K)->8231K(8320K)
[13.500s][info][gc          ] GC(29) Pause Young (Mixed) (G1 Evacuation Pause) 440M->285M(515M) 20.398ms
[13.500s][info][gc,cpu      ] GC(29) User=0.04s Sys=0.00s Real=0.02s
[13.939s][info][gc,start    ] GC(30) Pause Young (Concurrent Start) (G1 Evacuation Pause)
[13.939s][info][gc,task     ] GC(30) Using 2 workers of 2 for evacuation
[13.965s][info][gc,phases   ] GC(30)   Pre Evacuate Collection Set: 0.31ms
[13.965s][info][gc,phases   ] GC(30)   Merge Heap Roots: 0.11ms
[13.965s][info][gc,phases   ] GC(30)   Evacuate Collection Set: 24.39ms
[13.965s][info][gc,phases   ] GC(30)   Post Evacuate Collection Set: 0.71ms
[13.965s][info][gc,phases   ] GC(30)   Other: 0.21ms
[13.965s][info][gc,heap     ] GC(30) Eden regions: 163->0(166)
[13.965s][info][gc,heap     ] GC(30) Survivor regions: 12->12(22)
[13.965s][info][gc,heap     ] GC(30) Old regions: 68->68
[13.965s][info][gc,heap     ] GC(30) Humongous regions: 207->207
[13.965s][info][gc,metaspace] GC(30) Metaspace: 55407K(55744K)->55407K(55744K) NonClass: 47176K(47424K)->47176K(47424K) Class: 8231K(8320K)->8231K(8320K)
[13.965s][info][gc          ] GC(30) Pause Young (Concurrent Start) (G1 Evacuation Pause) 448M->285M(515M) 25.990ms
[13.965s][info][gc          ] GC(31) Concurrent Mark Cycle
[13.965s][info][gc,marking  ] GC(31) Concurrent Scan Root Regions
[13.968s][info][gc,cpu      ] GC(30) User=0.06s Sys=0.00s Real=0.03s
[13.996s][info][gc,marking  ] GC(31) Concurrent Scan Root Regions 31.125ms
[13.996s][info][gc,marking  ] GC(31) Concurrent Mark
[13.996s][info][gc,marking  ] GC(31) Concurrent Mark From Roots
[13.996s][info][gc,task     ] GC(31) Using 1 workers of 1 for marking
[14.124s][info][gc,marking  ] GC(31) Concurrent Mark From Roots 127.119ms
[14.124s][info][gc,marking  ] GC(31) Concurrent Preclean
[14.124s][info][gc,marking  ] GC(31) Concurrent Preclean 0.210ms
[14.124s][info][gc,start    ] GC(31) Pause Remark
[14.145s][info][gc          ] GC(31) Pause Remark 314M->314M(515M) 21.417ms
[14.145s][info][gc,cpu      ] GC(31) User=0.02s Sys=0.00s Real=0.02s
[14.145s][info][gc,marking  ] GC(31) Concurrent Mark 149.046ms
[14.145s][info][gc,marking  ] GC(31) Concurrent Rebuild Remembered Sets and Scrub Regions
[14.199s][info][gc,marking  ] GC(31) Concurrent Rebuild Remembered Sets and Scrub Regions 53.321ms
[14.199s][info][gc,start    ] GC(31) Pause Cleanup
[14.199s][info][gc          ] GC(31) Pause Cleanup 316M->316M(515M) 0.075ms
[14.199s][info][gc,cpu      ] GC(31) User=0.00s Sys=0.00s Real=0.00s
[14.200s][info][gc,marking  ] GC(31) Concurrent Clear Claimed Marks
[14.200s][info][gc,marking  ] GC(31) Concurrent Clear Claimed Marks 0.106ms
[14.200s][info][gc,marking  ] GC(31) Concurrent Cleanup for Next Mark
[14.202s][info][gc,marking  ] GC(31) Concurrent Cleanup for Next Mark 2.050ms
[14.202s][info][gc          ] GC(31) Concurrent Mark Cycle 237.263ms
[14.616s][info][gc,start    ] GC(32) Pause Young (Prepare Mixed) (G1 Evacuation Pause)
[14.616s][info][gc,task     ] GC(32) Using 2 workers of 2 for evacuation
[14.620s][info][gc,phases   ] GC(32)   Pre Evacuate Collection Set: 0.33ms
[14.620s][info][gc,phases   ] GC(32)   Merge Heap Roots: 0.10ms
[14.620s][info][gc,phases   ] GC(32)   Evacuate Collection Set: 2.96ms
[14.620s][info][gc,phases   ] GC(32)   Post Evacuate Collection Set: 0.69ms
[14.620s][info][gc,phases   ] GC(32)   Other: 0.13ms
[14.620s][info][gc,heap     ] GC(32) Eden regions: 166->0(178)
[14.620s][info][gc,heap     ] GC(32) Survivor regions: 12->1(23)
[14.620s][info][gc,heap     ] GC(32) Old regions: 68->68
[14.620s][info][gc,heap     ] GC(32) Humongous regions: 207->207
[14.620s][info][gc,metaspace] GC(32) Metaspace: 55427K(55744K)->55427K(55744K) NonClass: 47191K(47424K)->47191K(47424K) Class: 8235K(8320K)->8235K(8320K)
[14.620s][info][gc          ] GC(32) Pause Young (Prepare Mixed) (G1 Evacuation Pause) 451M->275M(515M) 4.422ms
[14.620s][info][gc,cpu      ] GC(32) User=0.01s Sys=0.00s Real=0.01s
[15.113s][info][gc,start    ] GC(33) Pause Young (Mixed) (G1 Evacuation Pause)
[15.113s][info][gc,task     ] GC(33) Using 2 workers of 2 for evacuation
[15.150s][info][gc,phases   ] GC(33)   Pre Evacuate Collection Set: 0.36ms
[15.150s][info][gc,phases   ] GC(33)   Merge Heap Roots: 0.23ms
[15.150s][info][gc,phases   ] GC(33)   Evacuate Collection Set: 35.04ms
[15.150s][info][gc,phases   ] GC(33)   Post Evacuate Collection Set: 0.69ms
[15.150s][info][gc,phases   ] GC(33)   Other: 0.11ms
[15.150s][info][gc,heap     ] GC(33) Eden regions: 178->0(180)
[15.150s][info][gc,heap     ] GC(33) Survivor regions: 1->7(23)
[15.150s][info][gc,heap     ] GC(33) Old regions: 68->65
[15.152s][info][gc,heap     ] GC(33) Humongous regions: 207->207
[15.152s][info][gc,metaspace] GC(33) Metaspace: 55429K(55744K)->55429K(55744K) NonClass: 47193K(47424K)->47193K(47424K) Class: 8235K(8320K)->8235K(8320K)
[15.152s][info][gc          ] GC(33) Pause Young (Mixed) (G1 Evacuation Pause) 453M->278M(515M) 38.692ms
[15.152s][info][gc,cpu      ] GC(33) User=0.03s Sys=0.00s Real=0.04s
[15.564s][info][gc,start    ] GC(34) Pause Young (Concurrent Start) (G1 Evacuation Pause)
[15.564s][info][gc,task     ] GC(34) Using 2 workers of 2 for evacuation
[15.571s][info][gc,phases   ] GC(34)   Pre Evacuate Collection Set: 0.33ms
[15.572s][info][gc,phases   ] GC(34)   Merge Heap Roots: 0.08ms
[15.572s][info][gc,phases   ] GC(34)   Evacuate Collection Set: 6.84ms
[15.572s][info][gc,phases   ] GC(34)   Post Evacuate Collection Set: 0.50ms
[15.572s][info][gc,phases   ] GC(34)   Other: 0.13ms
[15.572s][info][gc,heap     ] GC(34) Eden regions: 180->0(186)
[15.572s][info][gc,heap     ] GC(34) Survivor regions: 7->5(24)
[15.572s][info][gc,heap     ] GC(34) Old regions: 65->65
[15.572s][info][gc,heap     ] GC(34) Humongous regions: 207->207
[15.572s][info][gc,metaspace] GC(34) Metaspace: 55429K(55744K)->55429K(55744K) NonClass: 47193K(47424K)->47193K(47424K) Class: 8235K(8320K)->8235K(8320K)
[15.572s][info][gc          ] GC(34) Pause Young (Concurrent Start) (G1 Evacuation Pause) 458M->276M(515M) 8.093ms
[15.572s][info][gc          ] GC(35) Concurrent Mark Cycle
[15.572s][info][gc,marking  ] GC(35) Concurrent Scan Root Regions
[15.574s][info][gc,cpu      ] GC(34) User=0.01s Sys=0.00s Real=0.01s
[15.583s][info][gc,marking  ] GC(35) Concurrent Scan Root Regions 11.046ms
[15.583s][info][gc,marking  ] GC(35) Concurrent Mark
[15.583s][info][gc,marking  ] GC(35) Concurrent Mark From Roots
[15.583s][info][gc,task     ] GC(35) Using 1 workers of 1 for marking
[15.686s][info][gc,marking  ] GC(35) Concurrent Mark From Roots 102.942ms
[15.686s][info][gc,marking  ] GC(35) Concurrent Preclean
[15.686s][info][gc,marking  ] GC(35) Concurrent Preclean 0.078ms
[15.686s][info][gc,start    ] GC(35) Pause Remark
[15.695s][info][gc          ] GC(35) Pause Remark 321M->321M(515M) 8.766ms
[15.695s][info][gc,cpu      ] GC(35) User=0.01s Sys=0.00s Real=0.01s
[15.696s][info][gc,marking  ] GC(35) Concurrent Mark 113.471ms
[15.696s][info][gc,marking  ] GC(35) Concurrent Rebuild Remembered Sets and Scrub Regions
[15.732s][info][gc,marking  ] GC(35) Concurrent Rebuild Remembered Sets and Scrub Regions 36.165ms
[15.733s][info][gc,start    ] GC(35) Pause Cleanup
[15.733s][info][gc          ] GC(35) Pause Cleanup 336M->336M(515M) 0.101ms
[15.733s][info][gc,cpu      ] GC(35) User=0.00s Sys=0.00s Real=0.00s
[15.733s][info][gc,marking  ] GC(35) Concurrent Clear Claimed Marks
[15.733s][info][gc,marking  ] GC(35) Concurrent Clear Claimed Marks 0.095ms
[15.733s][info][gc,marking  ] GC(35) Concurrent Cleanup for Next Mark
[15.741s][info][gc,marking  ] GC(35) Concurrent Cleanup for Next Mark 7.830ms
[15.741s][info][gc          ] GC(35) Concurrent Mark Cycle 169.146ms
[16.087s][info][gc,start    ] GC(36) Pause Young (Prepare Mixed) (G1 Evacuation Pause)
[16.087s][info][gc,task     ] GC(36) Using 2 workers of 2 for evacuation
[16.092s][info][gc,phases   ] GC(36)   Pre Evacuate Collection Set: 0.27ms
[16.092s][info][gc,phases   ] GC(36)   Merge Heap Roots: 0.11ms
[16.092s][info][gc,phases   ] GC(36)   Evacuate Collection Set: 3.76ms
[16.092s][info][gc,phases   ] GC(36)   Post Evacuate Collection Set: 0.51ms
[16.092s][info][gc,phases   ] GC(36)   Other: 0.13ms
[16.092s][info][gc,heap     ] GC(36) Eden regions: 186->0(192)
[16.092s][info][gc,heap     ] GC(36) Survivor regions: 5->2(24)
[16.092s][info][gc,heap     ] GC(36) Old regions: 65->65
[16.092s][info][gc,heap     ] GC(36) Humongous regions: 207->207
[16.092s][info][gc,metaspace] GC(36) Metaspace: 55429K(55744K)->55429K(55744K) NonClass: 47193K(47424K)->47193K(47424K) Class: 8235K(8320K)->8235K(8320K)
[16.092s][info][gc          ] GC(36) Pause Young (Prepare Mixed) (G1 Evacuation Pause) 462M->273M(515M) 4.996ms
[16.092s][info][gc,cpu      ] GC(36) User=0.01s Sys=0.00s Real=0.00s
[16.646s][info][gc,start    ] GC(37) Pause Young (Mixed) (G1 Evacuation Pause)
[16.646s][info][gc,task     ] GC(37) Using 2 workers of 2 for evacuation
[16.653s][info][gc,phases   ] GC(37)   Pre Evacuate Collection Set: 0.28ms
[16.653s][info][gc,phases   ] GC(37)   Merge Heap Roots: 0.08ms
[16.653s][info][gc,phases   ] GC(37)   Evacuate Collection Set: 5.28ms
[16.653s][info][gc,phases   ] GC(37)   Post Evacuate Collection Set: 0.53ms
[16.653s][info][gc,phases   ] GC(37)   Other: 0.12ms
[16.653s][info][gc,heap     ] GC(37) Eden regions: 192->0(196)
[16.653s][info][gc,heap     ] GC(37) Survivor regions: 2->4(25)
[16.653s][info][gc,heap     ] GC(37) Old regions: 65->63
[16.653s][info][gc,heap     ] GC(37) Humongous regions: 207->207
[16.653s][info][gc,metaspace] GC(37) Metaspace: 55429K(55744K)->55429K(55744K) NonClass: 47193K(47424K)->47193K(47424K) Class: 8235K(8320K)->8235K(8320K)
[16.653s][info][gc          ] GC(37) Pause Young (Mixed) (G1 Evacuation Pause) 465M->273M(515M) 6.535ms
[16.653s][info][gc,cpu      ] GC(37) User=0.01s Sys=0.00s Real=0.01s
[17.168s][info][gc,start    ] GC(38) Pause Young (Concurrent Start) (G1 Evacuation Pause)
[17.168s][info][gc,task     ] GC(38) Using 2 workers of 2 for evacuation
[17.211s][info][gc,phases   ] GC(38)   Pre Evacuate Collection Set: 0.95ms
[17.211s][info][gc,phases   ] GC(38)   Merge Heap Roots: 0.16ms
[17.211s][info][gc,phases   ] GC(38)   Evacuate Collection Set: 32.15ms
[17.211s][info][gc,phases   ] GC(38)   Post Evacuate Collection Set: 8.67ms
[17.211s][info][gc,phases   ] GC(38)   Other: 0.50ms
[17.211s][info][gc,heap     ] GC(38) Eden regions: 196->0(200)
[17.211s][info][gc,heap     ] GC(38) Survivor regions: 4->4(25)
[17.211s][info][gc,heap     ] GC(38) Old regions: 63->63
[17.211s][info][gc,heap     ] GC(38) Humongous regions: 207->207
[17.211s][info][gc,metaspace] GC(38) Metaspace: 55429K(55744K)->55429K(55744K) NonClass: 47193K(47424K)->47193K(47424K) Class: 8235K(8320K)->8235K(8320K)
[17.211s][info][gc          ] GC(38) Pause Young (Concurrent Start) (G1 Evacuation Pause) 469M->273M(515M) 42.682ms
[17.211s][info][gc          ] GC(39) Concurrent Mark Cycle
[17.211s][info][gc,marking  ] GC(39) Concurrent Scan Root Regions
[17.211s][info][gc,cpu      ] GC(38) User=0.03s Sys=0.00s Real=0.04s
[17.257s][info][gc,marking  ] GC(39) Concurrent Scan Root Regions 45.212ms
[17.257s][info][gc,marking  ] GC(39) Concurrent Mark
[17.257s][info][gc,marking  ] GC(39) Concurrent Mark From Roots
[17.257s][info][gc,task     ] GC(39) Using 1 workers of 1 for marking
[17.368s][info][gc,marking  ] GC(39) Concurrent Mark From Roots 111.129ms
[17.368s][info][gc,marking  ] GC(39) Concurrent Preclean
[17.368s][info][gc,marking  ] GC(39) Concurrent Preclean 0.083ms
[17.369s][info][gc,start    ] GC(39) Pause Remark
[17.377s][info][gc          ] GC(39) Pause Remark 325M->325M(515M) 8.617ms
[17.377s][info][gc,cpu      ] GC(39) User=0.02s Sys=0.00s Real=0.01s
[17.377s][info][gc,marking  ] GC(39) Concurrent Mark 120.919ms
[17.377s][info][gc,marking  ] GC(39) Concurrent Rebuild Remembered Sets and Scrub Regions
[17.420s][info][gc,marking  ] GC(39) Concurrent Rebuild Remembered Sets and Scrub Regions 42.287ms
[17.420s][info][gc,start    ] GC(39) Pause Cleanup
[17.420s][info][gc          ] GC(39) Pause Cleanup 341M->341M(515M) 0.076ms
[17.420s][info][gc,cpu      ] GC(39) User=0.00s Sys=0.00s Real=0.00s
[17.421s][info][gc,marking  ] GC(39) Concurrent Clear Claimed Marks
[17.421s][info][gc,marking  ] GC(39) Concurrent Clear Claimed Marks 0.103ms
[17.421s][info][gc,marking  ] GC(39) Concurrent Cleanup for Next Mark
[17.423s][info][gc,marking  ] GC(39) Concurrent Cleanup for Next Mark 2.481ms
[17.423s][info][gc          ] GC(39) Concurrent Mark Cycle 212.043ms
[17.771s][info][gc,start    ] GC(40) Pause Young (Prepare Mixed) (G1 Evacuation Pause)
[17.771s][info][gc,task     ] GC(40) Using 2 workers of 2 for evacuation
[17.779s][info][gc,phases   ] GC(40)   Pre Evacuate Collection Set: 0.26ms
[17.779s][info][gc,phases   ] GC(40)   Merge Heap Roots: 0.10ms
[17.779s][info][gc,phases   ] GC(40)   Evacuate Collection Set: 7.25ms
[17.779s][info][gc,phases   ] GC(40)   Post Evacuate Collection Set: 0.60ms
[17.779s][info][gc,phases   ] GC(40)   Other: 0.09ms
[17.779s][info][gc,heap     ] GC(40) Eden regions: 200->0(205)
[17.779s][info][gc,heap     ] GC(40) Survivor regions: 4->2(26)
[17.779s][info][gc,heap     ] GC(40) Old regions: 63->63
[17.779s][info][gc,heap     ] GC(40) Humongous regions: 207->207
[17.779s][info][gc,metaspace] GC(40) Metaspace: 55429K(55744K)->55429K(55744K) NonClass: 47193K(47424K)->47193K(47424K) Class: 8235K(8320K)->8235K(8320K)
[17.779s][info][gc          ] GC(40) Pause Young (Prepare Mixed) (G1 Evacuation Pause) 473M->271M(515M) 8.546ms
[17.779s][info][gc,cpu      ] GC(40) User=0.02s Sys=0.00s Real=0.01s
[18.539s][info][gc,start    ] GC(41) Pause Young (Mixed) (G1 Evacuation Pause)
[18.539s][info][gc,task     ] GC(41) Using 2 workers of 2 for evacuation
[18.545s][info][gc,phases   ] GC(41)   Pre Evacuate Collection Set: 0.26ms
[18.545s][info][gc,phases   ] GC(41)   Merge Heap Roots: 0.10ms
[18.545s][info][gc,phases   ] GC(41)   Evacuate Collection Set: 5.34ms
[18.545s][info][gc,phases   ] GC(41)   Post Evacuate Collection Set: 0.55ms
[18.545s][info][gc,phases   ] GC(41)   Other: 0.13ms
[18.545s][info][gc,heap     ] GC(41) Eden regions: 205->0(208)
[18.545s][info][gc,heap     ] GC(41) Survivor regions: 2->3(26)
[18.545s][info][gc,heap     ] GC(41) Old regions: 63->62
[18.545s][info][gc,heap     ] GC(41) Humongous regions: 207->207
[18.545s][info][gc,metaspace] GC(41) Metaspace: 55429K(55744K)->55429K(55744K) NonClass: 47193K(47424K)->47193K(47424K) Class: 8235K(8320K)->8235K(8320K)
[18.545s][info][gc          ] GC(41) Pause Young (Mixed) (G1 Evacuation Pause) 476M->270M(515M) 6.556ms
[18.545s][info][gc,cpu      ] GC(41) User=0.02s Sys=0.00s Real=0.00s
[19.031s][info][gc,start    ] GC(42) Pause Young (Concurrent Start) (G1 Evacuation Pause)
[19.032s][info][gc,task     ] GC(42) Using 2 workers of 2 for evacuation
[19.037s][info][gc,phases   ] GC(42)   Pre Evacuate Collection Set: 0.32ms
[19.037s][info][gc,phases   ] GC(42)   Merge Heap Roots: 0.10ms
[19.037s][info][gc,phases   ] GC(42)   Evacuate Collection Set: 4.73ms
[19.037s][info][gc,phases   ] GC(42)   Post Evacuate Collection Set: 0.53ms
[19.037s][info][gc,phases   ] GC(42)   Other: 0.14ms
[19.037s][info][gc,heap     ] GC(42) Eden regions: 208->0(211)
[19.037s][info][gc,heap     ] GC(42) Survivor regions: 3->3(27)
[19.037s][info][gc,heap     ] GC(42) Old regions: 62->62
[19.037s][info][gc,heap     ] GC(42) Humongous regions: 207->207
[19.037s][info][gc,metaspace] GC(42) Metaspace: 55446K(55808K)->55446K(55808K) NonClass: 47207K(47488K)->47207K(47488K) Class: 8239K(8320K)->8239K(8320K)
[19.037s][info][gc          ] GC(42) Pause Young (Concurrent Start) (G1 Evacuation Pause) 478M->270M(515M) 5.987ms
[19.037s][info][gc,cpu      ] GC(42) User=0.01s Sys=0.00s Real=0.01s
[19.037s][info][gc          ] GC(43) Concurrent Mark Cycle
[19.038s][info][gc,marking  ] GC(43) Concurrent Scan Root Regions
[19.050s][info][gc,marking  ] GC(43) Concurrent Scan Root Regions 12.160ms
[19.050s][info][gc,marking  ] GC(43) Concurrent Mark
[19.050s][info][gc,marking  ] GC(43) Concurrent Mark From Roots
[19.050s][info][gc,task     ] GC(43) Using 1 workers of 1 for marking
[19.138s][info][gc,marking  ] GC(43) Concurrent Mark From Roots 88.376ms
[19.138s][info][gc,marking  ] GC(43) Concurrent Preclean
[19.138s][info][gc,marking  ] GC(43) Concurrent Preclean 0.091ms
[19.139s][info][gc,start    ] GC(43) Pause Remark
[19.147s][info][gc          ] GC(43) Pause Remark 314M->314M(515M) 8.156ms
[19.147s][info][gc,cpu      ] GC(43) User=0.02s Sys=0.00s Real=0.01s
[19.148s][info][gc,marking  ] GC(43) Concurrent Mark 98.306ms
[19.148s][info][gc,marking  ] GC(43) Concurrent Rebuild Remembered Sets and Scrub Regions
[19.181s][info][gc,marking  ] GC(43) Concurrent Rebuild Remembered Sets and Scrub Regions 32.496ms
[19.181s][info][gc,start    ] GC(43) Pause Cleanup
[19.181s][info][gc          ] GC(43) Pause Cleanup 325M->325M(515M) 0.086ms
[19.181s][info][gc,cpu      ] GC(43) User=0.01s Sys=0.00s Real=0.00s
[19.181s][info][gc,marking  ] GC(43) Concurrent Clear Claimed Marks
[19.181s][info][gc,marking  ] GC(43) Concurrent Clear Claimed Marks 0.100ms
[19.181s][info][gc,marking  ] GC(43) Concurrent Cleanup for Next Mark
[19.183s][info][gc,marking  ] GC(43) Concurrent Cleanup for Next Mark 1.552ms
[19.183s][info][gc          ] GC(43) Concurrent Mark Cycle 145.143ms
[19.566s][info][gc,start    ] GC(44) Pause Young (Prepare Mixed) (G1 Evacuation Pause)
[19.566s][info][gc,task     ] GC(44) Using 2 workers of 2 for evacuation
[19.571s][info][gc,phases   ] GC(44)   Pre Evacuate Collection Set: 0.28ms
[19.571s][info][gc,phases   ] GC(44)   Merge Heap Roots: 0.12ms
[19.572s][info][gc,phases   ] GC(44)   Evacuate Collection Set: 4.91ms
[19.572s][info][gc,phases   ] GC(44)   Post Evacuate Collection Set: 0.51ms
[19.572s][info][gc,phases   ] GC(44)   Other: 0.07ms
[19.572s][info][gc,heap     ] GC(44) Eden regions: 211->0(213)
[19.572s][info][gc,heap     ] GC(44) Survivor regions: 3->3(27)
[19.572s][info][gc,heap     ] GC(44) Old regions: 62->62
[19.572s][info][gc,heap     ] GC(44) Humongous regions: 207->207
[19.572s][info][gc,metaspace] GC(44) Metaspace: 55446K(55808K)->55446K(55808K) NonClass: 47207K(47488K)->47207K(47488K) Class: 8239K(8320K)->8239K(8320K)
[19.572s][info][gc          ] GC(44) Pause Young (Prepare Mixed) (G1 Evacuation Pause) 481M->271M(515M) 6.073ms
[19.572s][info][gc,cpu      ] GC(44) User=0.02s Sys=0.01s Real=0.01s
[20.122s][info][gc,start    ] GC(45) Pause Young (Mixed) (G1 Evacuation Pause)
[20.122s][info][gc,task     ] GC(45) Using 2 workers of 2 for evacuation
[20.129s][info][gc,phases   ] GC(45)   Pre Evacuate Collection Set: 0.27ms
[20.129s][info][gc,phases   ] GC(45)   Merge Heap Roots: 0.12ms
[20.129s][info][gc,phases   ] GC(45)   Evacuate Collection Set: 5.32ms
[20.129s][info][gc,phases   ] GC(45)   Post Evacuate Collection Set: 0.57ms
[20.129s][info][gc,phases   ] GC(45)   Other: 0.14ms
[20.129s][info][gc,heap     ] GC(45) Eden regions: 213->0(216)
[20.129s][info][gc,heap     ] GC(45) Survivor regions: 3->2(27)
[20.129s][info][gc,heap     ] GC(45) Old regions: 62->61
[20.129s][info][gc,heap     ] GC(45) Humongous regions: 207->207
[20.129s][info][gc,metaspace] GC(45) Metaspace: 55450K(55808K)->55450K(55808K) NonClass: 47210K(47488K)->47210K(47488K) Class: 8239K(8320K)->8239K(8320K)
[20.129s][info][gc          ] GC(45) Pause Young (Mixed) (G1 Evacuation Pause) 484M->268M(515M) 6.637ms
[20.129s][info][gc,cpu      ] GC(45) User=0.01s Sys=0.00s Real=0.01s
[20.648s][info][gc,start    ] GC(46) Pause Young (Concurrent Start) (G1 Evacuation Pause)
[20.648s][info][gc,task     ] GC(46) Using 2 workers of 2 for evacuation
[20.655s][info][gc,phases   ] GC(46)   Pre Evacuate Collection Set: 0.29ms
[20.655s][info][gc,phases   ] GC(46)   Merge Heap Roots: 0.11ms
[20.655s][info][gc,phases   ] GC(46)   Evacuate Collection Set: 5.86ms
[20.655s][info][gc,phases   ] GC(46)   Post Evacuate Collection Set: 0.56ms
[20.655s][info][gc,phases   ] GC(46)   Other: 0.15ms
[20.655s][info][gc,heap     ] GC(46) Eden regions: 216->0(212)
[20.655s][info][gc,heap     ] GC(46) Survivor regions: 2->4(28)
[20.655s][info][gc,heap     ] GC(46) Old regions: 61->61
[20.655s][info][gc,heap     ] GC(46) Humongous regions: 207->207
[20.655s][info][gc,metaspace] GC(46) Metaspace: 55450K(55808K)->55450K(55808K) NonClass: 47210K(47488K)->47210K(47488K) Class: 8239K(8320K)->8239K(8320K)
[20.655s][info][gc          ] GC(46) Pause Young (Concurrent Start) (G1 Evacuation Pause) 484M->270M(515M) 7.191ms
[20.655s][info][gc,cpu      ] GC(46) User=0.01s Sys=0.00s Real=0.00s
[20.655s][info][gc          ] GC(47) Concurrent Mark Cycle
[20.656s][info][gc,marking  ] GC(47) Concurrent Scan Root Regions
[20.668s][info][gc,marking  ] GC(47) Concurrent Scan Root Regions 12.620ms
[20.668s][info][gc,marking  ] GC(47) Concurrent Mark
[20.668s][info][gc,marking  ] GC(47) Concurrent Mark From Roots
[20.668s][info][gc,task     ] GC(47) Using 1 workers of 1 for marking
[20.716s][info][gc,marking  ] GC(47) Concurrent Mark From Roots 48.039ms
[20.716s][info][gc,marking  ] GC(47) Concurrent Preclean
[20.717s][info][gc,marking  ] GC(47) Concurrent Preclean 0.075ms
[20.717s][info][gc,start    ] GC(47) Pause Remark
[20.725s][info][gc          ] GC(47) Pause Remark 286M->286M(515M) 8.205ms
[20.725s][info][gc,cpu      ] GC(47) User=0.01s Sys=0.00s Real=0.00s
[20.725s][info][gc,marking  ] GC(47) Concurrent Mark 56.869ms
[20.725s][info][gc,marking  ] GC(47) Concurrent Rebuild Remembered Sets and Scrub Regions
[20.743s][info][gc,marking  ] GC(47) Concurrent Rebuild Remembered Sets and Scrub Regions 18.085ms
[20.748s][info][gc,start    ] GC(47) Pause Cleanup
[20.748s][info][gc          ] GC(47) Pause Cleanup 287M->287M(515M) 0.103ms
[20.748s][info][gc,cpu      ] GC(47) User=0.00s Sys=0.00s Real=0.00s
[20.748s][info][gc,marking  ] GC(47) Concurrent Clear Claimed Marks
[20.748s][info][gc,marking  ] GC(47) Concurrent Clear Claimed Marks 0.099ms
[20.748s][info][gc,marking  ] GC(47) Concurrent Cleanup for Next Mark
[20.751s][info][gc,marking  ] GC(47) Concurrent Cleanup for Next Mark 2.814ms
[20.751s][info][gc          ] GC(47) Concurrent Mark Cycle 96.048ms
[21.275s][info][gc,start    ] GC(48) Pause Young (Prepare Mixed) (G1 Evacuation Pause)
[21.275s][info][gc,task     ] GC(48) Using 2 workers of 2 for evacuation
[21.280s][info][gc,phases   ] GC(48)   Pre Evacuate Collection Set: 0.25ms
[21.280s][info][gc,phases   ] GC(48)   Merge Heap Roots: 0.11ms
[21.280s][info][gc,phases   ] GC(48)   Evacuate Collection Set: 4.63ms
[21.280s][info][gc,phases   ] GC(48)   Post Evacuate Collection Set: 0.54ms
[21.281s][info][gc,phases   ] GC(48)   Other: 0.10ms
[21.281s][info][gc,heap     ] GC(48) Eden regions: 212->0(216)
[21.281s][info][gc,heap     ] GC(48) Survivor regions: 4->2(27)
[21.281s][info][gc,heap     ] GC(48) Old regions: 61->61
[21.281s][info][gc,heap     ] GC(48) Humongous regions: 207->207
[21.281s][info][gc,metaspace] GC(48) Metaspace: 55450K(55808K)->55450K(55808K) NonClass: 47210K(47488K)->47210K(47488K) Class: 8239K(8320K)->8239K(8320K)
[21.281s][info][gc          ] GC(48) Pause Young (Prepare Mixed) (G1 Evacuation Pause) 482M->269M(515M) 5.839ms
[21.281s][info][gc,cpu      ] GC(48) User=0.01s Sys=0.00s Real=0.01s
[21.856s][info][gc,start    ] GC(49) Pause Young (Mixed) (G1 Evacuation Pause)
[21.856s][info][gc,task     ] GC(49) Using 2 workers of 2 for evacuation
[21.881s][info][gc,phases   ] GC(49)   Pre Evacuate Collection Set: 1.92ms
[21.881s][info][gc,phases   ] GC(49)   Merge Heap Roots: 0.13ms
[21.881s][info][gc,phases   ] GC(49)   Evacuate Collection Set: 22.33ms
[21.882s][info][gc,phases   ] GC(49)   Post Evacuate Collection Set: 0.60ms
[21.882s][info][gc,phases   ] GC(49)   Other: 0.13ms
[21.882s][info][gc,heap     ] GC(49) Eden regions: 216->0(212)
[21.882s][info][gc,heap     ] GC(49) Survivor regions: 2->5(28)
[21.882s][info][gc,heap     ] GC(49) Old regions: 61->59
[21.882s][info][gc,heap     ] GC(49) Humongous regions: 207->207
[21.882s][info][gc,metaspace] GC(49) Metaspace: 55450K(55808K)->55450K(55808K) NonClass: 47210K(47488K)->47210K(47488K) Class: 8239K(8320K)->8239K(8320K)
[21.882s][info][gc          ] GC(49) Pause Young (Mixed) (G1 Evacuation Pause) 485M->270M(515M) 25.341ms
[21.882s][info][gc,cpu      ] GC(49) User=0.03s Sys=0.00s Real=0.03s
[22.358s][info][gc,start    ] GC(50) Pause Young (Concurrent Start) (G1 Evacuation Pause)
[22.358s][info][gc,task     ] GC(50) Using 2 workers of 2 for evacuation
[22.366s][info][gc,phases   ] GC(50)   Pre Evacuate Collection Set: 0.29ms
[22.366s][info][gc,phases   ] GC(50)   Merge Heap Roots: 0.10ms
[22.366s][info][gc,phases   ] GC(50)   Evacuate Collection Set: 6.28ms
[22.366s][info][gc,phases   ] GC(50)   Post Evacuate Collection Set: 0.55ms
[22.366s][info][gc,phases   ] GC(50)   Other: 0.14ms
[22.366s][info][gc,heap     ] GC(50) Eden regions: 212->0(213)
[22.366s][info][gc,heap     ] GC(50) Survivor regions: 5->4(28)
[22.366s][info][gc,heap     ] GC(50) Old regions: 59->60
[22.366s][info][gc,heap     ] GC(50) Humongous regions: 207->207
[22.366s][info][gc,metaspace] GC(50) Metaspace: 55450K(55808K)->55450K(55808K) NonClass: 47210K(47488K)->47210K(47488K) Class: 8239K(8320K)->8239K(8320K)
[22.366s][info][gc          ] GC(50) Pause Young (Concurrent Start) (G1 Evacuation Pause) 482M->269M(515M) 7.585ms
[22.366s][info][gc,cpu      ] GC(50) User=0.01s Sys=0.00s Real=0.00s
[22.366s][info][gc          ] GC(51) Concurrent Mark Cycle
[22.366s][info][gc,marking  ] GC(51) Concurrent Scan Root Regions
[22.375s][info][gc,marking  ] GC(51) Concurrent Scan Root Regions 8.417ms
[22.375s][info][gc,marking  ] GC(51) Concurrent Mark
[22.375s][info][gc,marking  ] GC(51) Concurrent Mark From Roots
[22.375s][info][gc,task     ] GC(51) Using 1 workers of 1 for marking
[22.439s][info][gc,marking  ] GC(51) Concurrent Mark From Roots 64.468ms
[22.439s][info][gc,marking  ] GC(51) Concurrent Preclean
[22.439s][info][gc,marking  ] GC(51) Concurrent Preclean 0.090ms
[22.439s][info][gc,start    ] GC(51) Pause Remark
[22.447s][info][gc          ] GC(51) Pause Remark 295M->295M(515M) 8.092ms
[22.448s][info][gc,cpu      ] GC(51) User=0.01s Sys=0.00s Real=0.01s
[22.449s][info][gc,marking  ] GC(51) Concurrent Mark 74.035ms
[22.449s][info][gc,marking  ] GC(51) Concurrent Rebuild Remembered Sets and Scrub Regions
[22.481s][info][gc,marking  ] GC(51) Concurrent Rebuild Remembered Sets and Scrub Regions 32.782ms
[22.482s][info][gc,start    ] GC(51) Pause Cleanup
[22.482s][info][gc          ] GC(51) Pause Cleanup 314M->314M(515M) 0.086ms
[22.482s][info][gc,cpu      ] GC(51) User=0.00s Sys=0.00s Real=0.00s
[22.482s][info][gc,marking  ] GC(51) Concurrent Clear Claimed Marks
[22.482s][info][gc,marking  ] GC(51) Concurrent Clear Claimed Marks 0.102ms
[22.482s][info][gc,marking  ] GC(51) Concurrent Cleanup for Next Mark
[22.486s][info][gc,marking  ] GC(51) Concurrent Cleanup for Next Mark 3.397ms
[22.486s][info][gc          ] GC(51) Concurrent Mark Cycle 119.643ms
[22.924s][info][gc,start    ] GC(52) Pause Young (Prepare Mixed) (G1 Evacuation Pause)
[22.924s][info][gc,task     ] GC(52) Using 2 workers of 2 for evacuation
[22.930s][info][gc,phases   ] GC(52)   Pre Evacuate Collection Set: 0.26ms
[22.930s][info][gc,phases   ] GC(52)   Merge Heap Roots: 0.11ms
[22.930s][info][gc,phases   ] GC(52)   Evacuate Collection Set: 4.34ms
[22.930s][info][gc,phases   ] GC(52)   Post Evacuate Collection Set: 0.56ms
[22.930s][info][gc,phases   ] GC(52)   Other: 0.10ms
[22.930s][info][gc,heap     ] GC(52) Eden regions: 213->0(215)
[22.930s][info][gc,heap     ] GC(52) Survivor regions: 4->3(28)
[22.930s][info][gc,heap     ] GC(52) Old regions: 60->60
[22.930s][info][gc,heap     ] GC(52) Humongous regions: 207->207
[22.930s][info][gc,metaspace] GC(52) Metaspace: 55450K(55808K)->55450K(55808K) NonClass: 47210K(47488K)->47210K(47488K) Class: 8239K(8320K)->8239K(8320K)
[22.930s][info][gc          ] GC(52) Pause Young (Prepare Mixed) (G1 Evacuation Pause) 482M->268M(515M) 5.583ms
[22.930s][info][gc,cpu      ] GC(52) User=0.02s Sys=0.00s Real=0.01s
[23.447s][info][gc,start    ] GC(53) Pause Young (Mixed) (G1 Evacuation Pause)
[23.447s][info][gc,task     ] GC(53) Using 2 workers of 2 for evacuation
[23.454s][info][gc,phases   ] GC(53)   Pre Evacuate Collection Set: 0.27ms
[23.454s][info][gc,phases   ] GC(53)   Merge Heap Roots: 0.10ms
[23.454s][info][gc,phases   ] GC(53)   Evacuate Collection Set: 6.08ms
[23.454s][info][gc,phases   ] GC(53)   Post Evacuate Collection Set: 0.55ms
[23.454s][info][gc,phases   ] GC(53)   Other: 0.10ms
[23.454s][info][gc,heap     ] GC(53) Eden regions: 215->0(216)
[23.454s][info][gc,heap     ] GC(53) Survivor regions: 3->3(28)
[23.454s][info][gc,heap     ] GC(53) Old regions: 60->59
[23.454s][info][gc,heap     ] GC(53) Humongous regions: 207->207
[23.454s][info][gc,metaspace] GC(53) Metaspace: 55450K(55808K)->55450K(55808K) NonClass: 47210K(47488K)->47210K(47488K) Class: 8239K(8320K)->8239K(8320K)
[23.454s][info][gc          ] GC(53) Pause Young (Mixed) (G1 Evacuation Pause) 483M->268M(515M) 7.292ms
[23.454s][info][gc,cpu      ] GC(53) User=0.01s Sys=0.00s Real=0.00s
[24.043s][info][gc,start    ] GC(54) Pause Young (Concurrent Start) (G1 Evacuation Pause)
[24.043s][info][gc,task     ] GC(54) Using 2 workers of 2 for evacuation
[24.049s][info][gc,phases   ] GC(54)   Pre Evacuate Collection Set: 0.30ms
[24.049s][info][gc,phases   ] GC(54)   Merge Heap Roots: 0.10ms
[24.049s][info][gc,phases   ] GC(54)   Evacuate Collection Set: 5.45ms
[24.049s][info][gc,phases   ] GC(54)   Post Evacuate Collection Set: 0.54ms
[24.049s][info][gc,phases   ] GC(54)   Other: 0.13ms
[24.049s][info][gc,heap     ] GC(54) Eden regions: 216->0(216)
[24.049s][info][gc,heap     ] GC(54) Survivor regions: 3->3(28)
[24.049s][info][gc,heap     ] GC(54) Old regions: 59->59
[24.049s][info][gc,heap     ] GC(54) Humongous regions: 207->207
[24.049s][info][gc,metaspace] GC(54) Metaspace: 55451K(55808K)->55451K(55808K) NonClass: 47211K(47488K)->47211K(47488K) Class: 8239K(8320K)->8239K(8320K)
[24.049s][info][gc          ] GC(54) Pause Young (Concurrent Start) (G1 Evacuation Pause) 484M->268M(515M) 6.738ms
[24.049s][info][gc,cpu      ] GC(54) User=0.01s Sys=0.00s Real=0.01s
[24.049s][info][gc          ] GC(55) Concurrent Mark Cycle
[24.050s][info][gc,marking  ] GC(55) Concurrent Scan Root Regions
[24.062s][info][gc,marking  ] GC(55) Concurrent Scan Root Regions 12.058ms
[24.062s][info][gc,marking  ] GC(55) Concurrent Mark
[24.062s][info][gc,marking  ] GC(55) Concurrent Mark From Roots
[24.062s][info][gc,task     ] GC(55) Using 1 workers of 1 for marking
[24.133s][info][gc,marking  ] GC(55) Concurrent Mark From Roots 71.177ms
[24.133s][info][gc,marking  ] GC(55) Concurrent Preclean
[24.134s][info][gc,marking  ] GC(55) Concurrent Preclean 0.075ms
[24.134s][info][gc,start    ] GC(55) Pause Remark
[24.142s][info][gc          ] GC(55) Pause Remark 306M->306M(515M) 7.963ms
[24.142s][info][gc,cpu      ] GC(55) User=0.01s Sys=0.00s Real=0.01s
[24.142s][info][gc,marking  ] GC(55) Concurrent Mark 79.531ms
[24.142s][info][gc,marking  ] GC(55) Concurrent Rebuild Remembered Sets and Scrub Regions
[24.178s][info][gc,marking  ] GC(55) Concurrent Rebuild Remembered Sets and Scrub Regions 35.728ms
[24.178s][info][gc,start    ] GC(55) Pause Cleanup
[24.178s][info][gc          ] GC(55) Pause Cleanup 321M->321M(515M) 0.073ms
[24.178s][info][gc,cpu      ] GC(55) User=0.00s Sys=0.00s Real=0.00s
[24.179s][info][gc,marking  ] GC(55) Concurrent Clear Claimed Marks
[24.179s][info][gc,marking  ] GC(55) Concurrent Clear Claimed Marks 0.114ms
[24.179s][info][gc,marking  ] GC(55) Concurrent Cleanup for Next Mark
[24.182s][info][gc,marking  ] GC(55) Concurrent Cleanup for Next Mark 3.620ms
[24.182s][info][gc          ] GC(55) Concurrent Mark Cycle 132.960ms
[24.538s][info][gc,start    ] GC(56) Pause Young (Prepare Mixed) (G1 Evacuation Pause)
[24.539s][info][gc,task     ] GC(56) Using 2 workers of 2 for evacuation
[24.545s][info][gc,phases   ] GC(56)   Pre Evacuate Collection Set: 0.37ms
[24.545s][info][gc,phases   ] GC(56)   Merge Heap Roots: 0.15ms
[24.545s][info][gc,phases   ] GC(56)   Evacuate Collection Set: 5.57ms
[24.545s][info][gc,phases   ] GC(56)   Post Evacuate Collection Set: 0.59ms
[24.545s][info][gc,phases   ] GC(56)   Other: 0.08ms
[24.545s][info][gc,heap     ] GC(56) Eden regions: 216->0(216)
[24.545s][info][gc,heap     ] GC(56) Survivor regions: 3->3(28)
[24.545s][info][gc,heap     ] GC(56) Old regions: 59->59
[24.545s][info][gc,heap     ] GC(56) Humongous regions: 207->207
[24.545s][info][gc,metaspace] GC(56) Metaspace: 55451K(55808K)->55451K(55808K) NonClass: 47211K(47488K)->47211K(47488K) Class: 8239K(8320K)->8239K(8320K)
[24.545s][info][gc          ] GC(56) Pause Young (Prepare Mixed) (G1 Evacuation Pause) 484M->268M(515M) 6.955ms
[24.545s][info][gc,cpu      ] GC(56) User=0.01s Sys=0.00s Real=0.00s
[25.146s][info][gc,start    ] GC(57) Pause Young (Mixed) (G1 Evacuation Pause)
[25.146s][info][gc,task     ] GC(57) Using 2 workers of 2 for evacuation
[25.158s][info][gc,phases   ] GC(57)   Pre Evacuate Collection Set: 0.26ms
[25.158s][info][gc,phases   ] GC(57)   Merge Heap Roots: 0.13ms
[25.158s][info][gc,phases   ] GC(57)   Evacuate Collection Set: 10.55ms
[25.158s][info][gc,phases   ] GC(57)   Post Evacuate Collection Set: 0.57ms
[25.158s][info][gc,phases   ] GC(57)   Other: 0.09ms
[25.158s][info][gc,heap     ] GC(57) Eden regions: 216->0(211)
[25.158s][info][gc,heap     ] GC(57) Survivor regions: 3->6(28)
[25.158s][info][gc,heap     ] GC(57) Old regions: 59->58
[25.158s][info][gc,heap     ] GC(57) Humongous regions: 207->207
[25.158s][info][gc,metaspace] GC(57) Metaspace: 55464K(55808K)->55464K(55808K) NonClass: 47224K(47488K)->47224K(47488K) Class: 8239K(8320K)->8239K(8320K)
[25.158s][info][gc          ] GC(57) Pause Young (Mixed) (G1 Evacuation Pause) 484M->270M(515M) 11.807ms
[25.158s][info][gc,cpu      ] GC(57) User=0.02s Sys=0.00s Real=0.02s
[25.632s][info][gc,start    ] GC(58) Pause Young (Concurrent Start) (G1 Evacuation Pause)
[25.632s][info][gc,task     ] GC(58) Using 2 workers of 2 for evacuation
[25.639s][info][gc,phases   ] GC(58)   Pre Evacuate Collection Set: 0.31ms
[25.639s][info][gc,phases   ] GC(58)   Merge Heap Roots: 0.12ms
[25.639s][info][gc,phases   ] GC(58)   Evacuate Collection Set: 5.29ms
[25.639s][info][gc,phases   ] GC(58)   Post Evacuate Collection Set: 0.57ms
[25.639s][info][gc,phases   ] GC(58)   Other: 0.11ms
[25.639s][info][gc,heap     ] GC(58) Eden regions: 211->0(216)
[25.639s][info][gc,heap     ] GC(58) Survivor regions: 6->3(28)
[25.639s][info][gc,heap     ] GC(58) Old regions: 58->59
[25.639s][info][gc,heap     ] GC(58) Humongous regions: 207->207
[25.639s][info][gc,metaspace] GC(58) Metaspace: 55464K(55808K)->55464K(55808K) NonClass: 47224K(47488K)->47224K(47488K) Class: 8239K(8320K)->8239K(8320K)
[25.639s][info][gc          ] GC(58) Pause Young (Concurrent Start) (G1 Evacuation Pause) 481M->267M(515M) 6.638ms
[25.639s][info][gc          ] GC(59) Concurrent Mark Cycle
[25.639s][info][gc,marking  ] GC(59) Concurrent Scan Root Regions
[25.639s][info][gc,cpu      ] GC(58) User=0.02s Sys=0.00s Real=0.01s
[25.647s][info][gc,marking  ] GC(59) Concurrent Scan Root Regions 7.833ms
[25.647s][info][gc,marking  ] GC(59) Concurrent Mark
[25.647s][info][gc,marking  ] GC(59) Concurrent Mark From Roots
[25.647s][info][gc,task     ] GC(59) Using 1 workers of 1 for marking
[25.711s][info][gc,marking  ] GC(59) Concurrent Mark From Roots 63.886ms
[25.711s][info][gc,marking  ] GC(59) Concurrent Preclean
[25.711s][info][gc,marking  ] GC(59) Concurrent Preclean 0.072ms
[25.712s][info][gc,start    ] GC(59) Pause Remark
[25.721s][info][gc          ] GC(59) Pause Remark 294M->294M(515M) 8.830ms
[25.721s][info][gc,cpu      ] GC(59) User=0.01s Sys=0.00s Real=0.01s
[25.721s][info][gc,marking  ] GC(59) Concurrent Mark 74.627ms
[25.721s][info][gc,marking  ] GC(59) Concurrent Rebuild Remembered Sets and Scrub Regions
[25.754s][info][gc,marking  ] GC(59) Concurrent Rebuild Remembered Sets and Scrub Regions 32.475ms
[25.754s][info][gc,start    ] GC(59) Pause Cleanup
[25.754s][info][gc          ] GC(59) Pause Cleanup 307M->307M(515M) 0.114ms
[25.754s][info][gc,cpu      ] GC(59) User=0.00s Sys=0.00s Real=0.00s
[25.756s][info][gc,marking  ] GC(59) Concurrent Clear Claimed Marks
[25.756s][info][gc,marking  ] GC(59) Concurrent Clear Claimed Marks 0.117ms
[25.756s][info][gc,marking  ] GC(59) Concurrent Cleanup for Next Mark
[25.759s][info][gc,marking  ] GC(59) Concurrent Cleanup for Next Mark 2.406ms
[25.759s][info][gc          ] GC(59) Concurrent Mark Cycle 120.088ms
[26.157s][info][gc,start    ] GC(60) Pause Young (Prepare Mixed) (G1 Evacuation Pause)
[26.157s][info][gc,task     ] GC(60) Using 2 workers of 2 for evacuation
[26.163s][info][gc,phases   ] GC(60)   Pre Evacuate Collection Set: 0.28ms
[26.163s][info][gc,phases   ] GC(60)   Merge Heap Roots: 0.12ms
[26.163s][info][gc,phases   ] GC(60)   Evacuate Collection Set: 5.70ms
[26.163s][info][gc,phases   ] GC(60)   Post Evacuate Collection Set: 0.53ms
[26.163s][info][gc,phases   ] GC(60)   Other: 0.08ms
[26.163s][info][gc,heap     ] GC(60) Eden regions: 216->0(216)
[26.163s][info][gc,heap     ] GC(60) Survivor regions: 3->3(28)
[26.163s][info][gc,heap     ] GC(60) Old regions: 59->59
[26.163s][info][gc,heap     ] GC(60) Humongous regions: 207->207
[26.163s][info][gc,metaspace] GC(60) Metaspace: 55464K(55808K)->55464K(55808K) NonClass: 47224K(47488K)->47224K(47488K) Class: 8239K(8320K)->8239K(8320K)
[26.163s][info][gc          ] GC(60) Pause Young (Prepare Mixed) (G1 Evacuation Pause) 483M->267M(515M) 6.917ms
[26.163s][info][gc,cpu      ] GC(60) User=0.01s Sys=0.00s Real=0.01s
[26.728s][info][gc,start    ] GC(61) Pause Young (Mixed) (G1 Evacuation Pause)
[26.728s][info][gc,task     ] GC(61) Using 2 workers of 2 for evacuation
[26.733s][info][gc,phases   ] GC(61)   Pre Evacuate Collection Set: 0.27ms
[26.733s][info][gc,phases   ] GC(61)   Merge Heap Roots: 0.11ms
[26.733s][info][gc,phases   ] GC(61)   Evacuate Collection Set: 3.96ms
[26.733s][info][gc,phases   ] GC(61)   Post Evacuate Collection Set: 0.55ms
[26.733s][info][gc,phases   ] GC(61)   Other: 0.09ms
[26.733s][info][gc,heap     ] GC(61) Eden regions: 216->0(219)
[26.733s][info][gc,heap     ] GC(61) Survivor regions: 3->2(28)
[26.733s][info][gc,heap     ] GC(61) Old regions: 59->58
[26.733s][info][gc,heap     ] GC(61) Humongous regions: 207->207
[26.733s][info][gc,metaspace] GC(61) Metaspace: 55464K(55808K)->55464K(55808K) NonClass: 47224K(47488K)->47224K(47488K) Class: 8239K(8320K)->8239K(8320K)
[26.733s][info][gc          ] GC(61) Pause Young (Mixed) (G1 Evacuation Pause) 483M->265M(515M) 5.190ms
[26.733s][info][gc,cpu      ] GC(61) User=0.01s Sys=0.00s Real=0.00s
[27.283s][info][gc,start    ] GC(62) Pause Young (Concurrent Start) (G1 Evacuation Pause)
[27.283s][info][gc,task     ] GC(62) Using 2 workers of 2 for evacuation
[27.303s][info][gc,phases   ] GC(62)   Pre Evacuate Collection Set: 0.27ms
[27.303s][info][gc,phases   ] GC(62)   Merge Heap Roots: 0.11ms
[27.303s][info][gc,phases   ] GC(62)   Evacuate Collection Set: 18.38ms
[27.303s][info][gc,phases   ] GC(62)   Post Evacuate Collection Set: 0.84ms
[27.303s][info][gc,phases   ] GC(62)   Other: 0.17ms
[27.303s][info][gc,heap     ] GC(62) Eden regions: 219->0(217)
[27.303s][info][gc,heap     ] GC(62) Survivor regions: 2->3(28)
[27.303s][info][gc,heap     ] GC(62) Old regions: 58->58
[27.303s][info][gc,heap     ] GC(62) Humongous regions: 207->207
[27.303s][info][gc,metaspace] GC(62) Metaspace: 55465K(55808K)->55465K(55808K) NonClass: 47225K(47488K)->47225K(47488K) Class: 8239K(8320K)->8239K(8320K)
[27.303s][info][gc          ] GC(62) Pause Young (Concurrent Start) (G1 Evacuation Pause) 484M->267M(515M) 19.946ms
[27.303s][info][gc,cpu      ] GC(62) User=0.02s Sys=0.00s Real=0.02s
[27.304s][info][gc          ] GC(63) Concurrent Mark Cycle
[27.304s][info][gc,marking  ] GC(63) Concurrent Scan Root Regions
[27.308s][info][gc,marking  ] GC(63) Concurrent Scan Root Regions 4.613ms
[27.308s][info][gc,marking  ] GC(63) Concurrent Mark
[27.308s][info][gc,marking  ] GC(63) Concurrent Mark From Roots
[27.308s][info][gc,task     ] GC(63) Using 1 workers of 1 for marking
[27.379s][info][gc,marking  ] GC(63) Concurrent Mark From Roots 71.137ms
[27.379s][info][gc,marking  ] GC(63) Concurrent Preclean
[27.380s][info][gc,marking  ] GC(63) Concurrent Preclean 0.079ms
[27.380s][info][gc,start    ] GC(63) Pause Remark
[27.390s][info][gc          ] GC(63) Pause Remark 269M->269M(515M) 10.390ms
[27.390s][info][gc,cpu      ] GC(63) User=0.02s Sys=0.00s Real=0.01s
[27.390s][info][gc,marking  ] GC(63) Concurrent Mark 81.888ms
[27.390s][info][gc,marking  ] GC(63) Concurrent Rebuild Remembered Sets and Scrub Regions
[27.421s][info][gc,marking  ] GC(63) Concurrent Rebuild Remembered Sets and Scrub Regions 30.743ms
[27.421s][info][gc,start    ] GC(63) Pause Cleanup
[27.421s][info][gc          ] GC(63) Pause Cleanup 280M->280M(515M) 0.072ms
[27.421s][info][gc,cpu      ] GC(63) User=0.00s Sys=0.00s Real=0.00s
[27.421s][info][gc,marking  ] GC(63) Concurrent Clear Claimed Marks
[27.421s][info][gc,marking  ] GC(63) Concurrent Clear Claimed Marks 0.091ms
[27.421s][info][gc,marking  ] GC(63) Concurrent Cleanup for Next Mark
[27.423s][info][gc,marking  ] GC(63) Concurrent Cleanup for Next Mark 1.527ms
[27.423s][info][gc          ] GC(63) Concurrent Mark Cycle 119.325ms
[27.933s][info][gc,start    ] GC(64) Pause Young (Prepare Mixed) (G1 Evacuation Pause)
[27.933s][info][gc,task     ] GC(64) Using 2 workers of 2 for evacuation
[27.940s][info][gc,phases   ] GC(64)   Pre Evacuate Collection Set: 0.26ms
[27.940s][info][gc,phases   ] GC(64)   Merge Heap Roots: 0.12ms
[27.940s][info][gc,phases   ] GC(64)   Evacuate Collection Set: 5.72ms
[27.940s][info][gc,phases   ] GC(64)   Post Evacuate Collection Set: 0.88ms
[27.940s][info][gc,phases   ] GC(64)   Other: 0.11ms
[27.940s][info][gc,heap     ] GC(64) Eden regions: 217->0(217)
[27.940s][info][gc,heap     ] GC(64) Survivor regions: 3->3(28)
[27.940s][info][gc,heap     ] GC(64) Old regions: 58->58
[27.940s][info][gc,heap     ] GC(64) Humongous regions: 207->207
[27.940s][info][gc,metaspace] GC(64) Metaspace: 55465K(55808K)->55465K(55808K) NonClass: 47225K(47488K)->47225K(47488K) Class: 8239K(8320K)->8239K(8320K)
[27.940s][info][gc          ] GC(64) Pause Young (Prepare Mixed) (G1 Evacuation Pause) 484M->267M(515M) 7.312ms
[27.940s][info][gc,cpu      ] GC(64) User=0.01s Sys=0.00s Real=0.01s
[28.520s][info][gc,start    ] GC(65) Pause Young (Mixed) (G1 Evacuation Pause)
[28.520s][info][gc,task     ] GC(65) Using 2 workers of 2 for evacuation
[28.529s][info][gc,phases   ] GC(65)   Pre Evacuate Collection Set: 0.34ms
[28.529s][info][gc,phases   ] GC(65)   Merge Heap Roots: 0.15ms
[28.529s][info][gc,phases   ] GC(65)   Evacuate Collection Set: 7.83ms
[28.529s][info][gc,phases   ] GC(65)   Post Evacuate Collection Set: 0.58ms
[28.529s][info][gc,phases   ] GC(65)   Other: 0.09ms
[28.530s][info][gc,heap     ] GC(65) Eden regions: 217->0(219)
[28.530s][info][gc,heap     ] GC(65) Survivor regions: 3->2(28)
[28.530s][info][gc,heap     ] GC(65) Old regions: 58->58
[28.530s][info][gc,heap     ] GC(65) Humongous regions: 207->207
[28.530s][info][gc,metaspace] GC(65) Metaspace: 55465K(55808K)->55465K(55808K) NonClass: 47225K(47488K)->47225K(47488K) Class: 8239K(8320K)->8239K(8320K)
[28.530s][info][gc          ] GC(65) Pause Young (Mixed) (G1 Evacuation Pause) 484M->265M(515M) 9.203ms
[28.530s][info][gc,cpu      ] GC(65) User=0.02s Sys=0.00s Real=0.01s
[29.031s][info][gc,start    ] GC(66) Pause Young (Concurrent Start) (G1 Evacuation Pause)
[29.031s][info][gc,task     ] GC(66) Using 2 workers of 2 for evacuation
[29.037s][info][gc,phases   ] GC(66)   Pre Evacuate Collection Set: 0.30ms
[29.037s][info][gc,phases   ] GC(66)   Merge Heap Roots: 0.12ms
[29.037s][info][gc,phases   ] GC(66)   Evacuate Collection Set: 4.76ms
[29.037s][info][gc,phases   ] GC(66)   Post Evacuate Collection Set: 0.57ms
[29.037s][info][gc,phases   ] GC(66)   Other: 0.11ms
[29.037s][info][gc,heap     ] GC(66) Eden regions: 219->0(219)
[29.037s][info][gc,heap     ] GC(66) Survivor regions: 2->2(28)
[29.037s][info][gc,heap     ] GC(66) Old regions: 58->58
[29.037s][info][gc,heap     ] GC(66) Humongous regions: 207->207
[29.037s][info][gc,metaspace] GC(66) Metaspace: 55469K(55808K)->55469K(55808K) NonClass: 47227K(47488K)->47227K(47488K) Class: 8241K(8320K)->8241K(8320K)
[29.037s][info][gc          ] GC(66) Pause Young (Concurrent Start) (G1 Evacuation Pause) 484M->266M(515M) 6.043ms
[29.037s][info][gc          ] GC(67) Concurrent Mark Cycle
[29.037s][info][gc,marking  ] GC(67) Concurrent Scan Root Regions
[29.038s][info][gc,cpu      ] GC(66) User=0.01s Sys=0.00s Real=0.01s
[29.042s][info][gc,marking  ] GC(67) Concurrent Scan Root Regions 4.672ms
[29.042s][info][gc,marking  ] GC(67) Concurrent Mark
[29.042s][info][gc,marking  ] GC(67) Concurrent Mark From Roots
[29.042s][info][gc,task     ] GC(67) Using 1 workers of 1 for marking
[29.098s][info][gc,marking  ] GC(67) Concurrent Mark From Roots 56.125ms
[29.098s][info][gc,marking  ] GC(67) Concurrent Preclean
[29.098s][info][gc,marking  ] GC(67) Concurrent Preclean 0.078ms
[29.098s][info][gc,start    ] GC(67) Pause Remark
[29.106s][info][gc          ] GC(67) Pause Remark 293M->293M(515M) 8.224ms
[29.106s][info][gc,cpu      ] GC(67) User=0.01s Sys=0.00s Real=0.00s
[29.107s][info][gc,marking  ] GC(67) Concurrent Mark 64.879ms
[29.107s][info][gc,marking  ] GC(67) Concurrent Rebuild Remembered Sets and Scrub Regions
[29.126s][info][gc,marking  ] GC(67) Concurrent Rebuild Remembered Sets and Scrub Regions 18.971ms
[29.126s][info][gc,start    ] GC(67) Pause Cleanup
[29.126s][info][gc          ] GC(67) Pause Cleanup 299M->299M(515M) 0.070ms
[29.126s][info][gc,cpu      ] GC(67) User=0.00s Sys=0.00s Real=0.00s
[29.126s][info][gc,marking  ] GC(67) Concurrent Clear Claimed Marks
[29.126s][info][gc,marking  ] GC(67) Concurrent Clear Claimed Marks 0.093ms
[29.126s][info][gc,marking  ] GC(67) Concurrent Cleanup for Next Mark
[29.128s][info][gc,marking  ] GC(67) Concurrent Cleanup for Next Mark 1.545ms
[29.128s][info][gc          ] GC(67) Concurrent Mark Cycle 90.599ms
[29.598s][info][gc,start    ] GC(68) Pause Young (Prepare Mixed) (G1 Evacuation Pause)
[29.598s][info][gc,task     ] GC(68) Using 2 workers of 2 for evacuation
[29.604s][info][gc,phases   ] GC(68)   Pre Evacuate Collection Set: 0.27ms
[29.604s][info][gc,phases   ] GC(68)   Merge Heap Roots: 0.13ms
[29.604s][info][gc,phases   ] GC(68)   Evacuate Collection Set: 4.99ms
[29.604s][info][gc,phases   ] GC(68)   Post Evacuate Collection Set: 0.56ms
[29.604s][info][gc,phases   ] GC(68)   Other: 0.08ms
[29.604s][info][gc,heap     ] GC(68) Eden regions: 219->0(217)
[29.604s][info][gc,heap     ] GC(68) Survivor regions: 2->3(28)
[29.604s][info][gc,heap     ] GC(68) Old regions: 58->58
[29.604s][info][gc,heap     ] GC(68) Humongous regions: 207->207
[29.604s][info][gc,metaspace] GC(68) Metaspace: 55469K(55808K)->55469K(55808K) NonClass: 47227K(47488K)->47227K(47488K) Class: 8241K(8320K)->8241K(8320K)
[29.604s][info][gc          ] GC(68) Pause Young (Prepare Mixed) (G1 Evacuation Pause) 485M->266M(515M) 6.204ms
[29.604s][info][gc,cpu      ] GC(68) User=0.01s Sys=0.00s Real=0.00s
[30.144s][info][gc,start    ] GC(69) Pause Young (Mixed) (G1 Evacuation Pause)
[30.144s][info][gc,task     ] GC(69) Using 2 workers of 2 for evacuation
[30.154s][info][gc,phases   ] GC(69)   Pre Evacuate Collection Set: 2.31ms
[30.154s][info][gc,phases   ] GC(69)   Merge Heap Roots: 0.19ms
[30.154s][info][gc,phases   ] GC(69)   Evacuate Collection Set: 6.37ms
[30.154s][info][gc,phases   ] GC(69)   Post Evacuate Collection Set: 0.55ms
[30.154s][info][gc,phases   ] GC(69)   Other: 0.11ms
[30.154s][info][gc,heap     ] GC(69) Eden regions: 217->0(219)
[30.154s][info][gc,heap     ] GC(69) Survivor regions: 3->2(28)
[30.154s][info][gc,heap     ] GC(69) Old regions: 58->58
[30.154s][info][gc,heap     ] GC(69) Humongous regions: 207->207
[30.154s][info][gc,metaspace] GC(69) Metaspace: 55469K(55808K)->55469K(55808K) NonClass: 47227K(47488K)->47227K(47488K) Class: 8241K(8320K)->8241K(8320K)
[30.154s][info][gc          ] GC(69) Pause Young (Mixed) (G1 Evacuation Pause) 483M->265M(515M) 9.725ms
[30.154s][info][gc,cpu      ] GC(69) User=0.02s Sys=0.00s Real=0.01s
[30.728s][info][gc,start    ] GC(70) Pause Young (Concurrent Start) (G1 Evacuation Pause)
[30.728s][info][gc,task     ] GC(70) Using 2 workers of 2 for evacuation
[30.737s][info][gc,phases   ] GC(70)   Pre Evacuate Collection Set: 0.29ms
[30.737s][info][gc,phases   ] GC(70)   Merge Heap Roots: 0.11ms
[30.737s][info][gc,phases   ] GC(70)   Evacuate Collection Set: 5.54ms
[30.737s][info][gc,phases   ] GC(70)   Post Evacuate Collection Set: 0.70ms
[30.737s][info][gc,phases   ] GC(70)   Other: 2.28ms
[30.737s][info][gc,heap     ] GC(70) Eden regions: 219->0(219)
[30.737s][info][gc,heap     ] GC(70) Survivor regions: 2->2(28)
[30.737s][info][gc,heap     ] GC(70) Old regions: 58->58
[30.737s][info][gc,heap     ] GC(70) Humongous regions: 207->207
[30.737s][info][gc,metaspace] GC(70) Metaspace: 55469K(55808K)->55469K(55808K) NonClass: 47227K(47488K)->47227K(47488K) Class: 8241K(8320K)->8241K(8320K)
[30.737s][info][gc          ] GC(70) Pause Young (Concurrent Start) (G1 Evacuation Pause) 484M->265M(515M) 9.108ms
[30.737s][info][gc,cpu      ] GC(70) User=0.01s Sys=0.00s Real=0.01s
[30.737s][info][gc          ] GC(71) Concurrent Mark Cycle
[30.737s][info][gc,marking  ] GC(71) Concurrent Scan Root Regions
[30.742s][info][gc,marking  ] GC(71) Concurrent Scan Root Regions 4.749ms
[30.742s][info][gc,marking  ] GC(71) Concurrent Mark
[30.742s][info][gc,marking  ] GC(71) Concurrent Mark From Roots
[30.742s][info][gc,task     ] GC(71) Using 1 workers of 1 for marking
[30.862s][info][gc,marking  ] GC(71) Concurrent Mark From Roots 120.000ms
[30.862s][info][gc,marking  ] GC(71) Concurrent Preclean
[30.862s][info][gc,marking  ] GC(71) Concurrent Preclean 0.079ms
[30.862s][info][gc,start    ] GC(71) Pause Remark
[30.870s][info][gc          ] GC(71) Pause Remark 319M->319M(515M) 8.035ms
[30.870s][info][gc,cpu      ] GC(71) User=0.02s Sys=0.00s Real=0.01s
[30.870s][info][gc,marking  ] GC(71) Concurrent Mark 128.439ms
[30.870s][info][gc,marking  ] GC(71) Concurrent Rebuild Remembered Sets and Scrub Regions
[30.904s][info][gc,marking  ] GC(71) Concurrent Rebuild Remembered Sets and Scrub Regions 33.613ms
[30.904s][info][gc,start    ] GC(71) Pause Cleanup
[30.904s][info][gc          ] GC(71) Pause Cleanup 336M->336M(515M) 0.071ms
[30.904s][info][gc,cpu      ] GC(71) User=0.00s Sys=0.00s Real=0.00s
[30.906s][info][gc,marking  ] GC(71) Concurrent Clear Claimed Marks
[30.906s][info][gc,marking  ] GC(71) Concurrent Clear Claimed Marks 0.106ms
[30.906s][info][gc,marking  ] GC(71) Concurrent Cleanup for Next Mark
[30.907s][info][gc,marking  ] GC(71) Concurrent Cleanup for Next Mark 1.540ms
[30.907s][info][gc          ] GC(71) Concurrent Mark Cycle 170.284ms
[31.247s][info][gc,start    ] GC(72) Pause Young (Prepare Mixed) (G1 Evacuation Pause)
[31.247s][info][gc,task     ] GC(72) Using 2 workers of 2 for evacuation
[31.254s][info][gc,phases   ] GC(72)   Pre Evacuate Collection Set: 0.37ms
[31.254s][info][gc,phases   ] GC(72)   Merge Heap Roots: 0.12ms
[31.254s][info][gc,phases   ] GC(72)   Evacuate Collection Set: 5.70ms
[31.254s][info][gc,phases   ] GC(72)   Post Evacuate Collection Set: 0.55ms
[31.254s][info][gc,phases   ] GC(72)   Other: 0.10ms
[31.254s][info][gc,heap     ] GC(72) Eden regions: 219->0(217)
[31.254s][info][gc,heap     ] GC(72) Survivor regions: 2->3(28)
[31.254s][info][gc,heap     ] GC(72) Old regions: 58->58
[31.254s][info][gc,heap     ] GC(72) Humongous regions: 207->207
[31.254s][info][gc,metaspace] GC(72) Metaspace: 55469K(55808K)->55469K(55808K) NonClass: 47227K(47488K)->47227K(47488K) Class: 8241K(8320K)->8241K(8320K)
[31.254s][info][gc          ] GC(72) Pause Young (Prepare Mixed) (G1 Evacuation Pause) 484M->266M(515M) 7.046ms
[31.254s][info][gc,cpu      ] GC(72) User=0.01s Sys=0.00s Real=0.00s
[31.801s][info][gc,start    ] GC(73) Pause Young (Mixed) (G1 Evacuation Pause)
[31.801s][info][gc,task     ] GC(73) Using 2 workers of 2 for evacuation
[31.808s][info][gc,phases   ] GC(73)   Pre Evacuate Collection Set: 0.37ms
[31.808s][info][gc,phases   ] GC(73)   Merge Heap Roots: 0.23ms
[31.808s][info][gc,phases   ] GC(73)   Evacuate Collection Set: 5.60ms
[31.808s][info][gc,phases   ] GC(73)   Post Evacuate Collection Set: 0.58ms
[31.808s][info][gc,phases   ] GC(73)   Other: 0.09ms
[31.808s][info][gc,heap     ] GC(73) Eden regions: 217->0(222)
[31.808s][info][gc,heap     ] GC(73) Survivor regions: 3->1(28)
[31.808s][info][gc,heap     ] GC(73) Old regions: 58->57
[31.808s][info][gc,heap     ] GC(73) Humongous regions: 207->207
[31.808s][info][gc,metaspace] GC(73) Metaspace: 55469K(55808K)->55469K(55808K) NonClass: 47227K(47488K)->47227K(47488K) Class: 8241K(8320K)->8241K(8320K)
[31.808s][info][gc          ] GC(73) Pause Young (Mixed) (G1 Evacuation Pause) 483M->264M(515M) 7.074ms
[31.808s][info][gc,cpu      ] GC(73) User=0.01s Sys=0.00s Real=0.01s
[32.416s][info][gc,start    ] GC(74) Pause Young (Concurrent Start) (G1 Evacuation Pause)
[32.416s][info][gc,task     ] GC(74) Using 2 workers of 2 for evacuation
[32.420s][info][gc,phases   ] GC(74)   Pre Evacuate Collection Set: 0.28ms
[32.420s][info][gc,phases   ] GC(74)   Merge Heap Roots: 0.12ms
[32.420s][info][gc,phases   ] GC(74)   Evacuate Collection Set: 3.40ms
[32.420s][info][gc,phases   ] GC(74)   Post Evacuate Collection Set: 0.55ms
[32.420s][info][gc,phases   ] GC(74)   Other: 0.13ms
[32.420s][info][gc,heap     ] GC(74) Eden regions: 222->0(220)
[32.420s][info][gc,heap     ] GC(74) Survivor regions: 1->2(28)
[32.420s][info][gc,heap     ] GC(74) Old regions: 57->57
[32.420s][info][gc,heap     ] GC(74) Humongous regions: 207->207
[32.420s][info][gc,metaspace] GC(74) Metaspace: 55469K(55808K)->55469K(55808K) NonClass: 47227K(47488K)->47227K(47488K) Class: 8241K(8320K)->8241K(8320K)
[32.420s][info][gc          ] GC(74) Pause Young (Concurrent Start) (G1 Evacuation Pause) 486M->265M(515M) 4.697ms
[32.420s][info][gc,cpu      ] GC(74) User=0.01s Sys=0.00s Real=0.01s
[32.420s][info][gc          ] GC(75) Concurrent Mark Cycle
[32.421s][info][gc,marking  ] GC(75) Concurrent Scan Root Regions
[32.426s][info][gc,marking  ] GC(75) Concurrent Scan Root Regions 5.090ms
[32.426s][info][gc,marking  ] GC(75) Concurrent Mark
[32.426s][info][gc,marking  ] GC(75) Concurrent Mark From Roots
[32.426s][info][gc,task     ] GC(75) Using 1 workers of 1 for marking
[32.526s][info][gc,marking  ] GC(75) Concurrent Mark From Roots 99.355ms
[32.526s][info][gc,marking  ] GC(75) Concurrent Preclean
[32.526s][info][gc,marking  ] GC(75) Concurrent Preclean 0.079ms
[32.526s][info][gc,start    ] GC(75) Pause Remark
[32.534s][info][gc          ] GC(75) Pause Remark 316M->316M(515M) 8.368ms
[32.534s][info][gc,cpu      ] GC(75) User=0.02s Sys=0.00s Real=0.01s
[32.535s][info][gc,marking  ] GC(75) Concurrent Mark 108.430ms
[32.535s][info][gc,marking  ] GC(75) Concurrent Rebuild Remembered Sets and Scrub Regions
[32.572s][info][gc,marking  ] GC(75) Concurrent Rebuild Remembered Sets and Scrub Regions 36.998ms
[32.572s][info][gc,start    ] GC(75) Pause Cleanup
[32.572s][info][gc          ] GC(75) Pause Cleanup 330M->330M(515M) 0.072ms
[32.572s][info][gc,cpu      ] GC(75) User=0.00s Sys=0.00s Real=0.00s
[32.572s][info][gc,marking  ] GC(75) Concurrent Clear Claimed Marks
[32.573s][info][gc,marking  ] GC(75) Concurrent Clear Claimed Marks 0.096ms
[32.573s][info][gc,marking  ] GC(75) Concurrent Cleanup for Next Mark
[32.575s][info][gc,marking  ] GC(75) Concurrent Cleanup for Next Mark 2.455ms
[32.575s][info][gc          ] GC(75) Concurrent Mark Cycle 154.593ms
[32.922s][info][gc,start    ] GC(76) Pause Young (Prepare Mixed) (G1 Evacuation Pause)
[32.922s][info][gc,task     ] GC(76) Using 2 workers of 2 for evacuation
[32.926s][info][gc,phases   ] GC(76)   Pre Evacuate Collection Set: 0.26ms
[32.926s][info][gc,phases   ] GC(76)   Merge Heap Roots: 0.14ms
[32.926s][info][gc,phases   ] GC(76)   Evacuate Collection Set: 2.81ms
[32.926s][info][gc,phases   ] GC(76)   Post Evacuate Collection Set: 0.54ms
[32.926s][info][gc,phases   ] GC(76)   Other: 0.07ms
[32.926s][info][gc,heap     ] GC(76) Eden regions: 220->0(222)
[32.926s][info][gc,heap     ] GC(76) Survivor regions: 2->1(28)
[32.926s][info][gc,heap     ] GC(76) Old regions: 57->57
[32.926s][info][gc,heap     ] GC(76) Humongous regions: 207->207
[32.926s][info][gc,metaspace] GC(76) Metaspace: 55469K(55808K)->55469K(55808K) NonClass: 47227K(47488K)->47227K(47488K) Class: 8241K(8320K)->8241K(8320K)
[32.926s][info][gc          ] GC(76) Pause Young (Prepare Mixed) (G1 Evacuation Pause) 485M->264M(515M) 4.014ms
[32.926s][info][gc,cpu      ] GC(76) User=0.01s Sys=0.00s Real=0.00s
[33.513s][info][gc,start    ] GC(77) Pause Young (Mixed) (G1 Evacuation Pause)
[33.513s][info][gc,task     ] GC(77) Using 2 workers of 2 for evacuation
[33.520s][info][gc,phases   ] GC(77)   Pre Evacuate Collection Set: 0.26ms
[33.520s][info][gc,phases   ] GC(77)   Merge Heap Roots: 0.09ms
[33.520s][info][gc,phases   ] GC(77)   Evacuate Collection Set: 5.31ms
[33.520s][info][gc,phases   ] GC(77)   Post Evacuate Collection Set: 0.60ms
[33.520s][info][gc,phases   ] GC(77)   Other: 0.08ms
[33.520s][info][gc,heap     ] GC(77) Eden regions: 222->0(218)
[33.520s][info][gc,heap     ] GC(77) Survivor regions: 1->3(28)
[33.520s][info][gc,heap     ] GC(77) Old regions: 57->57
[33.520s][info][gc,heap     ] GC(77) Humongous regions: 207->207
[33.520s][info][gc,metaspace] GC(77) Metaspace: 55469K(55808K)->55469K(55808K) NonClass: 47227K(47488K)->47227K(47488K) Class: 8241K(8320K)->8241K(8320K)
[33.520s][info][gc          ] GC(77) Pause Young (Mixed) (G1 Evacuation Pause) 486M->266M(515M) 6.535ms
[33.520s][info][gc,cpu      ] GC(77) User=0.01s Sys=0.00s Real=0.01s
[34.032s][info][gc,start    ] GC(78) Pause Young (Concurrent Start) (G1 Evacuation Pause)
[34.032s][info][gc,task     ] GC(78) Using 2 workers of 2 for evacuation
[34.038s][info][gc,phases   ] GC(78)   Pre Evacuate Collection Set: 0.29ms
[34.038s][info][gc,phases   ] GC(78)   Merge Heap Roots: 0.11ms
[34.038s][info][gc,phases   ] GC(78)   Evacuate Collection Set: 4.93ms
[34.038s][info][gc,phases   ] GC(78)   Post Evacuate Collection Set: 0.56ms
[34.039s][info][gc,phases   ] GC(78)   Other: 0.13ms
[34.039s][info][gc,heap     ] GC(78) Eden regions: 218->0(220)
[34.039s][info][gc,heap     ] GC(78) Survivor regions: 3->2(28)
[34.039s][info][gc,heap     ] GC(78) Old regions: 57->57
[34.039s][info][gc,heap     ] GC(78) Humongous regions: 207->207
[34.039s][info][gc,metaspace] GC(78) Metaspace: 55469K(55808K)->55469K(55808K) NonClass: 47227K(47488K)->47227K(47488K) Class: 8241K(8320K)->8241K(8320K)
[34.039s][info][gc          ] GC(78) Pause Young (Concurrent Start) (G1 Evacuation Pause) 484M->265M(515M) 6.270ms
[34.039s][info][gc          ] GC(79) Concurrent Mark Cycle
[34.039s][info][gc,marking  ] GC(79) Concurrent Scan Root Regions
[34.039s][info][gc,cpu      ] GC(78) User=0.01s Sys=0.00s Real=0.01s
[34.047s][info][gc,marking  ] GC(79) Concurrent Scan Root Regions 7.835ms
[34.047s][info][gc,marking  ] GC(79) Concurrent Mark
[34.047s][info][gc,marking  ] GC(79) Concurrent Mark From Roots
[34.047s][info][gc,task     ] GC(79) Using 1 workers of 1 for marking
[34.104s][info][gc,marking  ] GC(79) Concurrent Mark From Roots 56.997ms
[34.104s][info][gc,marking  ] GC(79) Concurrent Preclean
[34.104s][info][gc,marking  ] GC(79) Concurrent Preclean 0.089ms
[34.104s][info][gc,start    ] GC(79) Pause Remark
[34.112s][info][gc          ] GC(79) Pause Remark 293M->293M(515M) 8.248ms
[34.112s][info][gc,cpu      ] GC(79) User=0.02s Sys=0.00s Real=0.01s
[34.113s][info][gc,marking  ] GC(79) Concurrent Mark 66.527ms
[34.113s][info][gc,marking  ] GC(79) Concurrent Rebuild Remembered Sets and Scrub Regions
[34.146s][info][gc,marking  ] GC(79) Concurrent Rebuild Remembered Sets and Scrub Regions 32.711ms
[34.148s][info][gc,start    ] GC(79) Pause Cleanup
[34.148s][info][gc          ] GC(79) Pause Cleanup 310M->310M(515M) 0.095ms
[34.148s][info][gc,cpu      ] GC(79) User=0.00s Sys=0.00s Real=0.00s
[34.156s][info][gc,marking  ] GC(79) Concurrent Clear Claimed Marks
[34.156s][info][gc,marking  ] GC(79) Concurrent Clear Claimed Marks 0.116ms
[34.156s][info][gc,marking  ] GC(79) Concurrent Cleanup for Next Mark
[34.162s][info][gc,marking  ] GC(79) Concurrent Cleanup for Next Mark 5.707ms
[34.162s][info][gc          ] GC(79) Concurrent Mark Cycle 122.927ms
[34.577s][info][gc,start    ] GC(80) Pause Young (Prepare Mixed) (G1 Evacuation Pause)
[34.577s][info][gc,task     ] GC(80) Using 2 workers of 2 for evacuation
[34.582s][info][gc,phases   ] GC(80)   Pre Evacuate Collection Set: 0.32ms
[34.582s][info][gc,phases   ] GC(80)   Merge Heap Roots: 0.13ms
[34.582s][info][gc,phases   ] GC(80)   Evacuate Collection Set: 4.03ms
[34.582s][info][gc,phases   ] GC(80)   Post Evacuate Collection Set: 0.60ms
[34.582s][info][gc,phases   ] GC(80)   Other: 0.08ms
[34.582s][info][gc,heap     ] GC(80) Eden regions: 220->0(220)
[34.582s][info][gc,heap     ] GC(80) Survivor regions: 2->2(28)
[34.582s][info][gc,heap     ] GC(80) Old regions: 57->57
[34.582s][info][gc,heap     ] GC(80) Humongous regions: 207->207
[34.582s][info][gc,metaspace] GC(80) Metaspace: 55469K(55808K)->55469K(55808K) NonClass: 47227K(47488K)->47227K(47488K) Class: 8241K(8320K)->8241K(8320K)
[34.582s][info][gc          ] GC(80) Pause Young (Prepare Mixed) (G1 Evacuation Pause) 485M->265M(515M) 5.329ms
[34.582s][info][gc,cpu      ] GC(80) User=0.01s Sys=0.00s Real=0.01s
[35.364s][info][gc,start    ] GC(81) Pause Young (Mixed) (G1 Evacuation Pause)
[35.364s][info][gc,task     ] GC(81) Using 2 workers of 2 for evacuation
[35.369s][info][gc,phases   ] GC(81)   Pre Evacuate Collection Set: 0.28ms
[35.369s][info][gc,phases   ] GC(81)   Merge Heap Roots: 0.12ms
[35.369s][info][gc,phases   ] GC(81)   Evacuate Collection Set: 3.78ms
[35.369s][info][gc,phases   ] GC(81)   Post Evacuate Collection Set: 0.56ms
[35.369s][info][gc,phases   ] GC(81)   Other: 0.08ms
[35.369s][info][gc,heap     ] GC(81) Eden regions: 220->0(220)
[35.369s][info][gc,heap     ] GC(81) Survivor regions: 2->2(28)
[35.369s][info][gc,heap     ] GC(81) Old regions: 57->57
[35.369s][info][gc,heap     ] GC(81) Humongous regions: 207->207
[35.369s][info][gc,metaspace] GC(81) Metaspace: 55471K(55808K)->55471K(55808K) NonClass: 47230K(47488K)->47230K(47488K) Class: 8241K(8320K)->8241K(8320K)
[35.369s][info][gc          ] GC(81) Pause Young (Mixed) (G1 Evacuation Pause) 485M->264M(515M) 5.042ms
[35.369s][info][gc,cpu      ] GC(81) User=0.01s Sys=0.00s Real=0.01s
[35.889s][info][gc,start    ] GC(82) Pause Young (Concurrent Start) (G1 Evacuation Pause)
[35.889s][info][gc,task     ] GC(82) Using 2 workers of 2 for evacuation
[35.892s][info][gc,phases   ] GC(82)   Pre Evacuate Collection Set: 0.31ms
[35.892s][info][gc,phases   ] GC(82)   Merge Heap Roots: 0.16ms
[35.892s][info][gc,phases   ] GC(82)   Evacuate Collection Set: 2.54ms
[35.892s][info][gc,phases   ] GC(82)   Post Evacuate Collection Set: 0.52ms
[35.892s][info][gc,phases   ] GC(82)   Other: 0.10ms
[35.892s][info][gc,heap     ] GC(82) Eden regions: 220->0(222)
[35.892s][info][gc,heap     ] GC(82) Survivor regions: 2->1(28)
[35.892s][info][gc,heap     ] GC(82) Old regions: 57->57
[35.893s][info][gc,heap     ] GC(82) Humongous regions: 207->207
[35.893s][info][gc,metaspace] GC(82) Metaspace: 55471K(55808K)->55471K(55808K) NonClass: 47230K(47488K)->47230K(47488K) Class: 8241K(8320K)->8241K(8320K)
[35.893s][info][gc          ] GC(82) Pause Young (Concurrent Start) (G1 Evacuation Pause) 484M->263M(515M) 3.805ms
[35.893s][info][gc          ] GC(83) Concurrent Mark Cycle
[35.893s][info][gc,marking  ] GC(83) Concurrent Scan Root Regions
[35.894s][info][gc,marking  ] GC(83) Concurrent Scan Root Regions 1.837ms
[35.894s][info][gc,marking  ] GC(83) Concurrent Mark
[35.894s][info][gc,marking  ] GC(83) Concurrent Mark From Roots
[35.894s][info][gc,task     ] GC(83) Using 1 workers of 1 for marking
[35.894s][info][gc,cpu      ] GC(82) User=0.01s Sys=0.00s Real=0.00s
[35.942s][info][gc,marking  ] GC(83) Concurrent Mark From Roots 48.032ms
[35.943s][info][gc,marking  ] GC(83) Concurrent Preclean
[35.943s][info][gc,marking  ] GC(83) Concurrent Preclean 0.078ms
[35.943s][info][gc,start    ] GC(83) Pause Remark
[35.951s][info][gc          ] GC(83) Pause Remark 276M->276M(515M) 7.968ms
[35.951s][info][gc,cpu      ] GC(83) User=0.01s Sys=0.01s Real=0.01s
[35.951s][info][gc,marking  ] GC(83) Concurrent Mark 56.484ms
[35.951s][info][gc,marking  ] GC(83) Concurrent Rebuild Remembered Sets and Scrub Regions
[35.972s][info][gc,marking  ] GC(83) Concurrent Rebuild Remembered Sets and Scrub Regions 20.752ms
[35.972s][info][gc,start    ] GC(83) Pause Cleanup
[35.972s][info][gc          ] GC(83) Pause Cleanup 285M->285M(515M) 0.071ms
[35.972s][info][gc,cpu      ] GC(83) User=0.00s Sys=0.00s Real=0.00s
[35.972s][info][gc,marking  ] GC(83) Concurrent Clear Claimed Marks
[35.972s][info][gc,marking  ] GC(83) Concurrent Clear Claimed Marks 0.104ms
[35.972s][info][gc,marking  ] GC(83) Concurrent Cleanup for Next Mark
[35.974s][info][gc,marking  ] GC(83) Concurrent Cleanup for Next Mark 1.552ms
[35.974s][info][gc          ] GC(83) Concurrent Mark Cycle 81.269ms
[36.452s][info][gc,start    ] GC(84) Pause Young (Prepare Mixed) (G1 Evacuation Pause)
[36.452s][info][gc,task     ] GC(84) Using 2 workers of 2 for evacuation
[36.459s][info][gc,phases   ] GC(84)   Pre Evacuate Collection Set: 0.26ms
[36.459s][info][gc,phases   ] GC(84)   Merge Heap Roots: 0.12ms
[36.459s][info][gc,phases   ] GC(84)   Evacuate Collection Set: 5.80ms
[36.459s][info][gc,phases   ] GC(84)   Post Evacuate Collection Set: 0.57ms
[36.459s][info][gc,phases   ] GC(84)   Other: 0.08ms
[36.459s][info][gc,heap     ] GC(84) Eden regions: 222->0(216)
[36.459s][info][gc,heap     ] GC(84) Survivor regions: 1->4(28)
[36.459s][info][gc,heap     ] GC(84) Old regions: 57->57
[36.459s][info][gc,heap     ] GC(84) Humongous regions: 207->207
[36.459s][info][gc,metaspace] GC(84) Metaspace: 55471K(55808K)->55471K(55808K) NonClass: 47230K(47488K)->47230K(47488K) Class: 8241K(8320K)->8241K(8320K)
[36.459s][info][gc          ] GC(84) Pause Young (Prepare Mixed) (G1 Evacuation Pause) 485M->266M(515M) 7.027ms
[36.459s][info][gc,cpu      ] GC(84) User=0.02s Sys=0.00s Real=0.01s
[37.026s][info][gc,start    ] GC(85) Pause Young (Mixed) (G1 Evacuation Pause)
[37.026s][info][gc,task     ] GC(85) Using 2 workers of 2 for evacuation
[37.034s][info][gc,phases   ] GC(85)   Pre Evacuate Collection Set: 0.28ms
[37.034s][info][gc,phases   ] GC(85)   Merge Heap Roots: 0.17ms
[37.034s][info][gc,phases   ] GC(85)   Evacuate Collection Set: 7.21ms
[37.034s][info][gc,phases   ] GC(85)   Post Evacuate Collection Set: 0.64ms
[37.034s][info][gc,phases   ] GC(85)   Other: 0.08ms
[37.034s][info][gc,heap     ] GC(85) Eden regions: 216->0(222)
[37.034s][info][gc,heap     ] GC(85) Survivor regions: 4->1(28)
[37.034s][info][gc,heap     ] GC(85) Old regions: 57->57
[37.034s][info][gc,heap     ] GC(85) Humongous regions: 207->207
[37.034s][info][gc,metaspace] GC(85) Metaspace: 55471K(55808K)->55471K(55808K) NonClass: 47230K(47488K)->47230K(47488K) Class: 8241K(8320K)->8241K(8320K)
[37.034s][info][gc          ] GC(85) Pause Young (Mixed) (G1 Evacuation Pause) 482M->263M(515M) 8.574ms
[37.034s][info][gc,cpu      ] GC(85) User=0.01s Sys=0.00s Real=0.01s
[37.561s][info][gc,start    ] GC(86) Pause Young (Concurrent Start) (G1 Evacuation Pause)
[37.561s][info][gc,task     ] GC(86) Using 2 workers of 2 for evacuation
[37.567s][info][gc,phases   ] GC(86)   Pre Evacuate Collection Set: 0.30ms
[37.567s][info][gc,phases   ] GC(86)   Merge Heap Roots: 0.11ms
[37.567s][info][gc,phases   ] GC(86)   Evacuate Collection Set: 5.01ms
[37.567s][info][gc,phases   ] GC(86)   Post Evacuate Collection Set: 0.52ms
[37.567s][info][gc,phases   ] GC(86)   Other: 0.12ms
[37.567s][info][gc,heap     ] GC(86) Eden regions: 222->0(218)
[37.567s][info][gc,heap     ] GC(86) Survivor regions: 1->3(28)
[37.567s][info][gc,heap     ] GC(86) Old regions: 57->57
[37.567s][info][gc,heap     ] GC(86) Humongous regions: 207->207
[37.567s][info][gc,metaspace] GC(86) Metaspace: 55471K(55808K)->55471K(55808K) NonClass: 47230K(47488K)->47230K(47488K) Class: 8241K(8320K)->8241K(8320K)
[37.567s][info][gc          ] GC(86) Pause Young (Concurrent Start) (G1 Evacuation Pause) 485M->266M(515M) 6.273ms
[37.567s][info][gc          ] GC(87) Concurrent Mark Cycle
[37.567s][info][gc,marking  ] GC(87) Concurrent Scan Root Regions
[37.568s][info][gc,cpu      ] GC(86) User=0.02s Sys=0.00s Real=0.01s
[37.573s][info][gc,marking  ] GC(87) Concurrent Scan Root Regions 6.261ms
[37.573s][info][gc,marking  ] GC(87) Concurrent Mark
[37.573s][info][gc,marking  ] GC(87) Concurrent Mark From Roots
[37.573s][info][gc,task     ] GC(87) Using 1 workers of 1 for marking
[37.675s][info][gc,marking  ] GC(87) Concurrent Mark From Roots 101.482ms
[37.675s][info][gc,marking  ] GC(87) Concurrent Preclean
[37.675s][info][gc,marking  ] GC(87) Concurrent Preclean 0.079ms
[37.677s][info][gc,start    ] GC(87) Pause Remark
[37.688s][info][gc          ] GC(87) Pause Remark 301M->301M(515M) 11.238ms
[37.688s][info][gc,cpu      ] GC(87) User=0.02s Sys=0.00s Real=0.01s
[37.689s][info][gc,marking  ] GC(87) Concurrent Mark 115.819ms
[37.689s][info][gc,marking  ] GC(87) Concurrent Rebuild Remembered Sets and Scrub Regions
[37.718s][info][gc,marking  ] GC(87) Concurrent Rebuild Remembered Sets and Scrub Regions 28.747ms
[37.718s][info][gc,start    ] GC(87) Pause Cleanup
[37.718s][info][gc          ] GC(87) Pause Cleanup 310M->310M(515M) 0.092ms
[37.719s][info][gc,cpu      ] GC(87) User=0.00s Sys=0.00s Real=0.00s
[37.719s][info][gc,marking  ] GC(87) Concurrent Clear Claimed Marks
[37.719s][info][gc,marking  ] GC(87) Concurrent Clear Claimed Marks 0.123ms
[37.719s][info][gc,marking  ] GC(87) Concurrent Cleanup for Next Mark
[37.723s][info][gc,marking  ] GC(87) Concurrent Cleanup for Next Mark 4.242ms
[37.723s][info][gc          ] GC(87) Concurrent Mark Cycle 156.119ms
[38.146s][info][gc,start    ] GC(88) Pause Young (Prepare Mixed) (G1 Evacuation Pause)
[38.146s][info][gc,task     ] GC(88) Using 2 workers of 2 for evacuation
[38.151s][info][gc,phases   ] GC(88)   Pre Evacuate Collection Set: 0.27ms
[38.151s][info][gc,phases   ] GC(88)   Merge Heap Roots: 0.11ms
[38.151s][info][gc,phases   ] GC(88)   Evacuate Collection Set: 4.03ms
[38.151s][info][gc,phases   ] GC(88)   Post Evacuate Collection Set: 0.57ms
[38.151s][info][gc,phases   ] GC(88)   Other: 0.11ms
[38.151s][info][gc,heap     ] GC(88) Eden regions: 218->0(218)
[38.151s][info][gc,heap     ] GC(88) Survivor regions: 3->3(28)
[38.151s][info][gc,heap     ] GC(88) Old regions: 57->57
[38.151s][info][gc,heap     ] GC(88) Humongous regions: 207->207
[38.151s][info][gc,metaspace] GC(88) Metaspace: 55495K(55808K)->55495K(55808K) NonClass: 47251K(47488K)->47251K(47488K) Class: 8243K(8320K)->8243K(8320K)
[38.151s][info][gc          ] GC(88) Pause Young (Prepare Mixed) (G1 Evacuation Pause) 484M->265M(515M) 5.328ms
[38.151s][info][gc,cpu      ] GC(88) User=0.01s Sys=0.00s Real=0.01s
[38.657s][info][gc,start    ] GC(89) Pause Young (Mixed) (G1 Evacuation Pause)
[38.657s][info][gc,task     ] GC(89) Using 2 workers of 2 for evacuation
[38.663s][info][gc,phases   ] GC(89)   Pre Evacuate Collection Set: 0.28ms
[38.663s][info][gc,phases   ] GC(89)   Merge Heap Roots: 0.09ms
[38.663s][info][gc,phases   ] GC(89)   Evacuate Collection Set: 5.26ms
[38.663s][info][gc,phases   ] GC(89)   Post Evacuate Collection Set: 0.52ms
[38.663s][info][gc,phases   ] GC(89)   Other: 0.08ms
[38.663s][info][gc,heap     ] GC(89) Eden regions: 218->0(218)
[38.663s][info][gc,heap     ] GC(89) Survivor regions: 3->3(28)
[38.663s][info][gc,heap     ] GC(89) Old regions: 57->57
[38.663s][info][gc,heap     ] GC(89) Humongous regions: 207->207
[38.663s][info][gc,metaspace] GC(89) Metaspace: 55495K(55808K)->55495K(55808K) NonClass: 47251K(47488K)->47251K(47488K) Class: 8243K(8320K)->8243K(8320K)
[38.663s][info][gc          ] GC(89) Pause Young (Mixed) (G1 Evacuation Pause) 483M->265M(515M) 6.426ms
[38.663s][info][gc,cpu      ] GC(89) User=0.02s Sys=0.00s Real=0.00s
[39.235s][info][gc,start    ] GC(90) Pause Young (Concurrent Start) (G1 Evacuation Pause)
[39.235s][info][gc,task     ] GC(90) Using 2 workers of 2 for evacuation
[39.241s][info][gc,phases   ] GC(90)   Pre Evacuate Collection Set: 0.28ms
[39.241s][info][gc,phases   ] GC(90)   Merge Heap Roots: 0.10ms
[39.241s][info][gc,phases   ] GC(90)   Evacuate Collection Set: 4.13ms
[39.241s][info][gc,phases   ] GC(90)   Post Evacuate Collection Set: 0.55ms
[39.241s][info][gc,phases   ] GC(90)   Other: 0.12ms
[39.241s][info][gc,heap     ] GC(90) Eden regions: 218->0(220)
[39.241s][info][gc,heap     ] GC(90) Survivor regions: 3->2(28)
[39.241s][info][gc,heap     ] GC(90) Old regions: 57->57
[39.241s][info][gc,heap     ] GC(90) Humongous regions: 207->207
[39.241s][info][gc,metaspace] GC(90) Metaspace: 55495K(55808K)->55495K(55808K) NonClass: 47251K(47488K)->47251K(47488K) Class: 8243K(8320K)->8243K(8320K)
[39.241s][info][gc          ] GC(90) Pause Young (Concurrent Start) (G1 Evacuation Pause) 483M->265M(515M) 5.370ms
[39.241s][info][gc,cpu      ] GC(90) User=0.01s Sys=0.00s Real=0.01s
[39.241s][info][gc          ] GC(91) Concurrent Mark Cycle
[39.241s][info][gc,marking  ] GC(91) Concurrent Scan Root Regions
[39.247s][info][gc,marking  ] GC(91) Concurrent Scan Root Regions 5.712ms
[39.247s][info][gc,marking  ] GC(91) Concurrent Mark
[39.247s][info][gc,marking  ] GC(91) Concurrent Mark From Roots
[39.247s][info][gc,task     ] GC(91) Using 1 workers of 1 for marking
[39.304s][info][gc,marking  ] GC(91) Concurrent Mark From Roots 57.418ms
[39.304s][info][gc,marking  ] GC(91) Concurrent Preclean
[39.304s][info][gc,marking  ] GC(91) Concurrent Preclean 0.071ms
[39.304s][info][gc,start    ] GC(91) Pause Remark
[39.312s][info][gc          ] GC(91) Pause Remark 291M->291M(515M) 7.777ms
[39.312s][info][gc,cpu      ] GC(91) User=0.02s Sys=0.00s Real=0.01s
[39.313s][info][gc,marking  ] GC(91) Concurrent Mark 66.355ms
[39.313s][info][gc,marking  ] GC(91) Concurrent Rebuild Remembered Sets and Scrub Regions
[39.349s][info][gc,marking  ] GC(91) Concurrent Rebuild Remembered Sets and Scrub Regions 35.778ms
[39.349s][info][gc,start    ] GC(91) Pause Cleanup
[39.349s][info][gc          ] GC(91) Pause Cleanup 312M->312M(515M) 0.084ms
[39.349s][info][gc,cpu      ] GC(91) User=0.00s Sys=0.00s Real=0.00s
[39.350s][info][gc,marking  ] GC(91) Concurrent Clear Claimed Marks
[39.350s][info][gc,marking  ] GC(91) Concurrent Clear Claimed Marks 0.100ms
[39.350s][info][gc,marking  ] GC(91) Concurrent Cleanup for Next Mark
[39.354s][info][gc,marking  ] GC(91) Concurrent Cleanup for Next Mark 3.572ms
[39.354s][info][gc          ] GC(91) Concurrent Mark Cycle 112.761ms
[39.770s][info][gc,start    ] GC(92) Pause Young (Prepare Mixed) (G1 Evacuation Pause)
[39.770s][info][gc,task     ] GC(92) Using 2 workers of 2 for evacuation
[39.775s][info][gc,phases   ] GC(92)   Pre Evacuate Collection Set: 0.26ms
[39.775s][info][gc,phases   ] GC(92)   Merge Heap Roots: 0.12ms
[39.775s][info][gc,phases   ] GC(92)   Evacuate Collection Set: 3.68ms
[39.775s][info][gc,phases   ] GC(92)   Post Evacuate Collection Set: 0.54ms
[39.775s][info][gc,phases   ] GC(92)   Other: 0.10ms
[39.775s][info][gc,heap     ] GC(92) Eden regions: 220->0(220)
[39.775s][info][gc,heap     ] GC(92) Survivor regions: 2->2(28)
[39.775s][info][gc,heap     ] GC(92) Old regions: 57->57
[39.775s][info][gc,heap     ] GC(92) Humongous regions: 207->207
[39.775s][info][gc,metaspace] GC(92) Metaspace: 55495K(55808K)->55495K(55808K) NonClass: 47251K(47488K)->47251K(47488K) Class: 8243K(8320K)->8243K(8320K)
[39.775s][info][gc          ] GC(92) Pause Young (Prepare Mixed) (G1 Evacuation Pause) 485M->264M(515M) 4.891ms
[39.775s][info][gc,cpu      ] GC(92) User=0.01s Sys=0.00s Real=0.00s
[40.344s][info][gc,start    ] GC(93) Pause Young (Mixed) (G1 Evacuation Pause)
[40.344s][info][gc,task     ] GC(93) Using 2 workers of 2 for evacuation
[40.350s][info][gc,phases   ] GC(93)   Pre Evacuate Collection Set: 0.24ms
[40.350s][info][gc,phases   ] GC(93)   Merge Heap Roots: 0.11ms
[40.350s][info][gc,phases   ] GC(93)   Evacuate Collection Set: 5.02ms
[40.350s][info][gc,phases   ] GC(93)   Post Evacuate Collection Set: 0.54ms
[40.350s][info][gc,phases   ] GC(93)   Other: 0.12ms
[40.350s][info][gc,heap     ] GC(93) Eden regions: 220->0(218)
[40.350s][info][gc,heap     ] GC(93) Survivor regions: 2->3(28)
[40.350s][info][gc,heap     ] GC(93) Old regions: 57->57
[40.350s][info][gc,heap     ] GC(93) Humongous regions: 207->207
[40.350s][info][gc,metaspace] GC(93) Metaspace: 55495K(55808K)->55495K(55808K) NonClass: 47251K(47488K)->47251K(47488K) Class: 8243K(8320K)->8243K(8320K)
[40.350s][info][gc          ] GC(93) Pause Young (Mixed) (G1 Evacuation Pause) 484M->265M(515M) 6.254ms
[40.350s][info][gc,cpu      ] GC(93) User=0.01s Sys=0.00s Real=0.01s
[40.875s][info][gc,start    ] GC(94) Pause Young (Concurrent Start) (G1 Evacuation Pause)
[40.875s][info][gc,task     ] GC(94) Using 2 workers of 2 for evacuation
[40.879s][info][gc,phases   ] GC(94)   Pre Evacuate Collection Set: 0.30ms
[40.879s][info][gc,phases   ] GC(94)   Merge Heap Roots: 0.11ms
[40.879s][info][gc,phases   ] GC(94)   Evacuate Collection Set: 2.77ms
[40.879s][info][gc,phases   ] GC(94)   Post Evacuate Collection Set: 0.50ms
[40.879s][info][gc,phases   ] GC(94)   Other: 0.11ms
[40.879s][info][gc,heap     ] GC(94) Eden regions: 218->0(222)
[40.879s][info][gc,heap     ] GC(94) Survivor regions: 3->1(28)
[40.879s][info][gc,heap     ] GC(94) Old regions: 57->57
[40.879s][info][gc,heap     ] GC(94) Humongous regions: 207->207
[40.879s][info][gc,metaspace] GC(94) Metaspace: 55495K(55808K)->55495K(55808K) NonClass: 47251K(47488K)->47251K(47488K) Class: 8243K(8320K)->8243K(8320K)
[40.879s][info][gc          ] GC(94) Pause Young (Concurrent Start) (G1 Evacuation Pause) 483M->263M(515M) 3.982ms
[40.879s][info][gc          ] GC(95) Concurrent Mark Cycle
[40.879s][info][gc,marking  ] GC(95) Concurrent Scan Root Regions
[40.881s][info][gc,cpu      ] GC(94) User=0.00s Sys=0.00s Real=0.01s
[40.882s][info][gc,marking  ] GC(95) Concurrent Scan Root Regions 2.191ms
[40.882s][info][gc,marking  ] GC(95) Concurrent Mark
[40.882s][info][gc,marking  ] GC(95) Concurrent Mark From Roots
[40.882s][info][gc,task     ] GC(95) Using 1 workers of 1 for marking
[40.935s][info][gc,marking  ] GC(95) Concurrent Mark From Roots 52.913ms
[40.935s][info][gc,marking  ] GC(95) Concurrent Preclean
[40.935s][info][gc,marking  ] GC(95) Concurrent Preclean 0.091ms
[40.935s][info][gc,start    ] GC(95) Pause Remark
[40.943s][info][gc          ] GC(95) Pause Remark 277M->277M(515M) 7.925ms
[40.943s][info][gc,cpu      ] GC(95) User=0.02s Sys=0.00s Real=0.01s
[40.944s][info][gc,marking  ] GC(95) Concurrent Mark 62.576ms
[40.944s][info][gc,marking  ] GC(95) Concurrent Rebuild Remembered Sets and Scrub Regions
[40.992s][info][gc,marking  ] GC(95) Concurrent Rebuild Remembered Sets and Scrub Regions 48.018ms
[40.993s][info][gc,start    ] GC(95) Pause Cleanup
[40.993s][info][gc          ] GC(95) Pause Cleanup 302M->302M(515M) 0.083ms
[40.993s][info][gc,cpu      ] GC(95) User=0.00s Sys=0.00s Real=0.00s
[40.993s][info][gc,marking  ] GC(95) Concurrent Clear Claimed Marks
[40.993s][info][gc,marking  ] GC(95) Concurrent Clear Claimed Marks 0.105ms
[40.993s][info][gc,marking  ] GC(95) Concurrent Cleanup for Next Mark
[40.995s][info][gc,marking  ] GC(95) Concurrent Cleanup for Next Mark 1.582ms
[40.995s][info][gc          ] GC(95) Concurrent Mark Cycle 115.586ms
[41.446s][info][gc,start    ] GC(96) Pause Young (Prepare Mixed) (G1 Evacuation Pause)
[41.446s][info][gc,task     ] GC(96) Using 2 workers of 2 for evacuation
[41.452s][info][gc,phases   ] GC(96)   Pre Evacuate Collection Set: 0.25ms
[41.452s][info][gc,phases   ] GC(96)   Merge Heap Roots: 0.11ms
[41.452s][info][gc,phases   ] GC(96)   Evacuate Collection Set: 4.73ms
[41.452s][info][gc,phases   ] GC(96)   Post Evacuate Collection Set: 0.55ms
[41.452s][info][gc,phases   ] GC(96)   Other: 0.08ms
[41.452s][info][gc,heap     ] GC(96) Eden regions: 222->0(218)
[41.452s][info][gc,heap     ] GC(96) Survivor regions: 1->3(28)
[41.452s][info][gc,heap     ] GC(96) Old regions: 57->57
[41.452s][info][gc,heap     ] GC(96) Humongous regions: 207->207
[41.452s][info][gc,metaspace] GC(96) Metaspace: 55495K(55808K)->55495K(55808K) NonClass: 47251K(47488K)->47251K(47488K) Class: 8243K(8320K)->8243K(8320K)
[41.452s][info][gc          ] GC(96) Pause Young (Prepare Mixed) (G1 Evacuation Pause) 485M->265M(515M) 5.913ms
[41.452s][info][gc,cpu      ] GC(96) User=0.01s Sys=0.00s Real=0.01s
[42.103s][info][gc,start    ] GC(97) Pause Young (Mixed) (G1 Evacuation Pause)
[42.104s][info][gc,task     ] GC(97) Using 2 workers of 2 for evacuation
[42.110s][info][gc,phases   ] GC(97)   Pre Evacuate Collection Set: 0.27ms
[42.110s][info][gc,phases   ] GC(97)   Merge Heap Roots: 0.10ms
[42.110s][info][gc,phases   ] GC(97)   Evacuate Collection Set: 5.21ms
[42.110s][info][gc,phases   ] GC(97)   Post Evacuate Collection Set: 0.55ms
[42.110s][info][gc,phases   ] GC(97)   Other: 0.09ms
[42.110s][info][gc,heap     ] GC(97) Eden regions: 218->0(223)
[42.110s][info][gc,heap     ] GC(97) Survivor regions: 3->1(28)
[42.110s][info][gc,heap     ] GC(97) Old regions: 57->56
[42.110s][info][gc,heap     ] GC(97) Humongous regions: 207->207
[42.110s][info][gc,metaspace] GC(97) Metaspace: 55495K(55808K)->55495K(55808K) NonClass: 47251K(47488K)->47251K(47488K) Class: 8243K(8320K)->8243K(8320K)
[42.110s][info][gc          ] GC(97) Pause Young (Mixed) (G1 Evacuation Pause) 483M->263M(515M) 6.426ms
[42.110s][info][gc,cpu      ] GC(97) User=0.01s Sys=0.00s Real=0.01s
[42.559s][info][gc,start    ] GC(98) Pause Young (Concurrent Start) (G1 Evacuation Pause)
[42.559s][info][gc,task     ] GC(98) Using 2 workers of 2 for evacuation
[42.565s][info][gc,phases   ] GC(98)   Pre Evacuate Collection Set: 0.27ms
[42.565s][info][gc,phases   ] GC(98)   Merge Heap Roots: 0.10ms
[42.565s][info][gc,phases   ] GC(98)   Evacuate Collection Set: 4.88ms
[42.565s][info][gc,phases   ] GC(98)   Post Evacuate Collection Set: 0.54ms
[42.565s][info][gc,phases   ] GC(98)   Other: 0.10ms
[42.565s][info][gc,heap     ] GC(98) Eden regions: 223->0(218)
[42.565s][info][gc,heap     ] GC(98) Survivor regions: 1->3(28)
[42.565s][info][gc,heap     ] GC(98) Old regions: 56->57
[42.565s][info][gc,heap     ] GC(98) Humongous regions: 207->207
[42.565s][info][gc,metaspace] GC(98) Metaspace: 55495K(55808K)->55495K(55808K) NonClass: 47252K(47488K)->47252K(47488K) Class: 8243K(8320K)->8243K(8320K)
[42.565s][info][gc          ] GC(98) Pause Young (Concurrent Start) (G1 Evacuation Pause) 486M->265M(515M) 6.097ms
[42.565s][info][gc,cpu      ] GC(98) User=0.01s Sys=0.00s Real=0.00s
[42.565s][info][gc          ] GC(99) Concurrent Mark Cycle
[42.565s][info][gc,marking  ] GC(99) Concurrent Scan Root Regions
[42.573s][info][gc,marking  ] GC(99) Concurrent Scan Root Regions 8.293ms
[42.573s][info][gc,marking  ] GC(99) Concurrent Mark
[42.573s][info][gc,marking  ] GC(99) Concurrent Mark From Roots
[42.573s][info][gc,task     ] GC(99) Using 1 workers of 1 for marking
[42.631s][info][gc,marking  ] GC(99) Concurrent Mark From Roots 57.535ms
[42.631s][info][gc,marking  ] GC(99) Concurrent Preclean
[42.631s][info][gc,marking  ] GC(99) Concurrent Preclean 0.079ms
[42.631s][info][gc,start    ] GC(99) Pause Remark
[42.639s][info][gc          ] GC(99) Pause Remark 287M->287M(515M) 7.596ms
[42.639s][info][gc,cpu      ] GC(99) User=0.01s Sys=0.00s Real=0.01s
[42.639s][info][gc,marking  ] GC(99) Concurrent Mark 65.608ms
[42.639s][info][gc,marking  ] GC(99) Concurrent Rebuild Remembered Sets and Scrub Regions
[42.675s][info][gc,marking  ] GC(99) Concurrent Rebuild Remembered Sets and Scrub Regions 36.414ms
[42.675s][info][gc,start    ] GC(99) Pause Cleanup
[42.676s][info][gc          ] GC(99) Pause Cleanup 305M->305M(515M) 0.071ms
[42.676s][info][gc,cpu      ] GC(99) User=0.00s Sys=0.00s Real=0.00s
[42.676s][info][gc,marking  ] GC(99) Concurrent Clear Claimed Marks
[42.676s][info][gc,marking  ] GC(99) Concurrent Clear Claimed Marks 0.091ms
[42.676s][info][gc,marking  ] GC(99) Concurrent Cleanup for Next Mark
[42.680s][info][gc,marking  ] GC(99) Concurrent Cleanup for Next Mark 4.004ms
[42.680s][info][gc          ] GC(99) Concurrent Mark Cycle 114.853ms
[43.127s][info][gc,start    ] GC(100) Pause Young (Prepare Mixed) (G1 Evacuation Pause)
[43.127s][info][gc,task     ] GC(100) Using 2 workers of 2 for evacuation
[43.132s][info][gc,phases   ] GC(100)   Pre Evacuate Collection Set: 0.25ms
[43.132s][info][gc,phases   ] GC(100)   Merge Heap Roots: 0.14ms
[43.132s][info][gc,phases   ] GC(100)   Evacuate Collection Set: 3.51ms
[43.132s][info][gc,phases   ] GC(100)   Post Evacuate Collection Set: 0.54ms
[43.132s][info][gc,phases   ] GC(100)   Other: 0.08ms
[43.132s][info][gc,heap     ] GC(100) Eden regions: 218->0(220)
[43.132s][info][gc,heap     ] GC(100) Survivor regions: 3->2(28)
[43.132s][info][gc,heap     ] GC(100) Old regions: 57->57
[43.132s][info][gc,heap     ] GC(100) Humongous regions: 207->207
[43.132s][info][gc,metaspace] GC(100) Metaspace: 55495K(55808K)->55495K(55808K) NonClass: 47252K(47488K)->47252K(47488K) Class: 8243K(8320K)->8243K(8320K)
[43.132s][info][gc          ] GC(100) Pause Young (Prepare Mixed) (G1 Evacuation Pause) 483M->265M(515M) 4.709ms
[43.132s][info][gc,cpu      ] GC(100) User=0.01s Sys=0.00s Real=0.00s
[43.659s][info][gc,start    ] GC(101) Pause Young (Mixed) (G1 Evacuation Pause)
[43.659s][info][gc,task     ] GC(101) Using 2 workers of 2 for evacuation
[43.666s][info][gc,phases   ] GC(101)   Pre Evacuate Collection Set: 0.25ms
[43.666s][info][gc,phases   ] GC(101)   Merge Heap Roots: 0.09ms
[43.666s][info][gc,phases   ] GC(101)   Evacuate Collection Set: 5.77ms
[43.666s][info][gc,phases   ] GC(101)   Post Evacuate Collection Set: 0.56ms
[43.666s][info][gc,phases   ] GC(101)   Other: 0.08ms
[43.666s][info][gc,heap     ] GC(101) Eden regions: 220->0(219)
[43.666s][info][gc,heap     ] GC(101) Survivor regions: 2->3(28)
[43.666s][info][gc,heap     ] GC(101) Old regions: 57->56
[43.666s][info][gc,heap     ] GC(101) Humongous regions: 207->207
[43.666s][info][gc,metaspace] GC(101) Metaspace: 55495K(55808K)->55495K(55808K) NonClass: 47252K(47488K)->47252K(47488K) Class: 8243K(8320K)->8243K(8320K)
[43.666s][info][gc          ] GC(101) Pause Young (Mixed) (G1 Evacuation Pause) 485M->265M(515M) 6.944ms
[43.666s][info][gc,cpu      ] GC(101) User=0.02s Sys=0.00s Real=0.00s
[44.233s][info][gc,start    ] GC(102) Pause Young (Concurrent Start) (G1 Evacuation Pause)
[44.233s][info][gc,task     ] GC(102) Using 2 workers of 2 for evacuation
[44.238s][info][gc,phases   ] GC(102)   Pre Evacuate Collection Set: 0.29ms
[44.238s][info][gc,phases   ] GC(102)   Merge Heap Roots: 0.09ms
[44.238s][info][gc,phases   ] GC(102)   Evacuate Collection Set: 4.06ms
[44.238s][info][gc,phases   ] GC(102)   Post Evacuate Collection Set: 0.56ms
[44.238s][info][gc,phases   ] GC(102)   Other: 0.11ms
[44.238s][info][gc,heap     ] GC(102) Eden regions: 219->0(220)
[44.238s][info][gc,heap     ] GC(102) Survivor regions: 3->2(28)
[44.238s][info][gc,heap     ] GC(102) Old regions: 56->57
[44.238s][info][gc,heap     ] GC(102) Humongous regions: 207->207
[44.238s][info][gc,metaspace] GC(102) Metaspace: 55498K(55808K)->55498K(55808K) NonClass: 47254K(47488K)->47254K(47488K) Class: 8243K(8320K)->8243K(8320K)
[44.238s][info][gc          ] GC(102) Pause Young (Concurrent Start) (G1 Evacuation Pause) 484M->264M(515M) 5.296ms
[44.238s][info][gc          ] GC(103) Concurrent Mark Cycle
[44.238s][info][gc,marking  ] GC(103) Concurrent Scan Root Regions
[44.239s][info][gc,cpu      ] GC(102) User=0.01s Sys=0.00s Real=0.01s
[44.245s][info][gc,marking  ] GC(103) Concurrent Scan Root Regions 7.119ms
[44.245s][info][gc,marking  ] GC(103) Concurrent Mark
[44.245s][info][gc,marking  ] GC(103) Concurrent Mark From Roots
[44.245s][info][gc,task     ] GC(103) Using 1 workers of 1 for marking
[44.305s][info][gc,marking  ] GC(103) Concurrent Mark From Roots 60.223ms
[44.305s][info][gc,marking  ] GC(103) Concurrent Preclean
[44.306s][info][gc,marking  ] GC(103) Concurrent Preclean 0.070ms
[44.309s][info][gc,start    ] GC(103) Pause Remark
[44.337s][info][gc          ] GC(103) Pause Remark 286M->286M(515M) 28.010ms
[44.337s][info][gc,cpu      ] GC(103) User=0.02s Sys=0.00s Real=0.03s
[44.340s][info][gc,marking  ] GC(103) Concurrent Mark 95.084ms
[44.340s][info][gc,marking  ] GC(103) Concurrent Rebuild Remembered Sets and Scrub Regions
[44.395s][info][gc,marking  ] GC(103) Concurrent Rebuild Remembered Sets and Scrub Regions 55.132ms
[44.398s][info][gc,start    ] GC(103) Pause Cleanup
[44.398s][info][gc          ] GC(103) Pause Cleanup 289M->289M(515M) 0.087ms
[44.398s][info][gc,cpu      ] GC(103) User=0.00s Sys=0.00s Real=0.00s
[44.398s][info][gc,marking  ] GC(103) Concurrent Clear Claimed Marks
[44.398s][info][gc,marking  ] GC(103) Concurrent Clear Claimed Marks 0.094ms
[44.398s][info][gc,marking  ] GC(103) Concurrent Cleanup for Next Mark
[44.400s][info][gc,marking  ] GC(103) Concurrent Cleanup for Next Mark 1.531ms
[44.400s][info][gc          ] GC(103) Concurrent Mark Cycle 161.703ms
[44.771s][info][gc,start    ] GC(104) Pause Young (Prepare Mixed) (G1 Evacuation Pause)
[44.771s][info][gc,task     ] GC(104) Using 2 workers of 2 for evacuation
[44.776s][info][gc,phases   ] GC(104)   Pre Evacuate Collection Set: 0.37ms
[44.776s][info][gc,phases   ] GC(104)   Merge Heap Roots: 0.18ms
[44.776s][info][gc,phases   ] GC(104)   Evacuate Collection Set: 3.66ms
[44.776s][info][gc,phases   ] GC(104)   Post Evacuate Collection Set: 0.53ms
[44.776s][info][gc,phases   ] GC(104)   Other: 0.10ms
[44.776s][info][gc,heap     ] GC(104) Eden regions: 220->0(220)
[44.776s][info][gc,heap     ] GC(104) Survivor regions: 2->2(28)
[44.776s][info][gc,heap     ] GC(104) Old regions: 57->57
[44.776s][info][gc,heap     ] GC(104) Humongous regions: 207->207
[44.776s][info][gc,metaspace] GC(104) Metaspace: 55498K(55808K)->55498K(55808K) NonClass: 47254K(47488K)->47254K(47488K) Class: 8243K(8320K)->8243K(8320K)
[44.776s][info][gc          ] GC(104) Pause Young (Prepare Mixed) (G1 Evacuation Pause) 484M->264M(515M) 5.019ms
[44.776s][info][gc,cpu      ] GC(104) User=0.01s Sys=0.00s Real=0.00s
[45.407s][info][gc,start    ] GC(105) Pause Young (Mixed) (G1 Evacuation Pause)
[45.407s][info][gc,task     ] GC(105) Using 2 workers of 2 for evacuation
[45.413s][info][gc,phases   ] GC(105)   Pre Evacuate Collection Set: 0.27ms
[45.413s][info][gc,phases   ] GC(105)   Merge Heap Roots: 0.10ms
[45.413s][info][gc,phases   ] GC(105)   Evacuate Collection Set: 4.85ms
[45.413s][info][gc,phases   ] GC(105)   Post Evacuate Collection Set: 0.51ms
[45.413s][info][gc,phases   ] GC(105)   Other: 0.08ms
[45.413s][info][gc,heap     ] GC(105) Eden regions: 220->0(221)
[45.413s][info][gc,heap     ] GC(105) Survivor regions: 2->2(28)
[45.413s][info][gc,heap     ] GC(105) Old regions: 57->56
[45.413s][info][gc,heap     ] GC(105) Humongous regions: 207->207
[45.413s][info][gc,metaspace] GC(105) Metaspace: 55498K(55808K)->55498K(55808K) NonClass: 47254K(47488K)->47254K(47488K) Class: 8243K(8320K)->8243K(8320K)
[45.413s][info][gc          ] GC(105) Pause Young (Mixed) (G1 Evacuation Pause) 484M->264M(515M) 6.011ms
[45.413s][info][gc,cpu      ] GC(105) User=0.01s Sys=0.00s Real=0.00s
[45.916s][info][gc,start    ] GC(106) Pause Young (Concurrent Start) (G1 Evacuation Pause)
[45.916s][info][gc,task     ] GC(106) Using 2 workers of 2 for evacuation
[45.920s][info][gc,phases   ] GC(106)   Pre Evacuate Collection Set: 0.31ms
[45.920s][info][gc,phases   ] GC(106)   Merge Heap Roots: 0.10ms
[45.920s][info][gc,phases   ] GC(106)   Evacuate Collection Set: 2.47ms
[45.920s][info][gc,phases   ] GC(106)   Post Evacuate Collection Set: 0.49ms
[45.920s][info][gc,phases   ] GC(106)   Other: 0.12ms
[45.920s][info][gc,heap     ] GC(106) Eden regions: 221->0(223)
[45.920s][info][gc,heap     ] GC(106) Survivor regions: 2->1(28)
[45.920s][info][gc,heap     ] GC(106) Old regions: 56->56
[45.920s][info][gc,heap     ] GC(106) Humongous regions: 207->207
[45.920s][info][gc,metaspace] GC(106) Metaspace: 55498K(55808K)->55498K(55808K) NonClass: 47254K(47488K)->47254K(47488K) Class: 8243K(8320K)->8243K(8320K)
[45.920s][info][gc          ] GC(106) Pause Young (Concurrent Start) (G1 Evacuation Pause) 485M->263M(515M) 3.713ms
[45.920s][info][gc,cpu      ] GC(106) User=0.01s Sys=0.00s Real=0.01s
[45.920s][info][gc          ] GC(107) Concurrent Mark Cycle
[45.921s][info][gc,marking  ] GC(107) Concurrent Scan Root Regions
[45.924s][info][gc,marking  ] GC(107) Concurrent Scan Root Regions 2.905ms
[45.924s][info][gc,marking  ] GC(107) Concurrent Mark
[45.924s][info][gc,marking  ] GC(107) Concurrent Mark From Roots
[45.924s][info][gc,task     ] GC(107) Using 1 workers of 1 for marking
[45.983s][info][gc,marking  ] GC(107) Concurrent Mark From Roots 58.547ms
[45.983s][info][gc,marking  ] GC(107) Concurrent Preclean
[45.983s][info][gc,marking  ] GC(107) Concurrent Preclean 0.090ms
[45.983s][info][gc,start    ] GC(107) Pause Remark
[45.990s][info][gc          ] GC(107) Pause Remark 297M->297M(515M) 7.653ms
[45.991s][info][gc,cpu      ] GC(107) User=0.02s Sys=0.00s Real=0.01s
[45.991s][info][gc,marking  ] GC(107) Concurrent Mark 67.289ms
[45.991s][info][gc,marking  ] GC(107) Concurrent Rebuild Remembered Sets and Scrub Regions
[46.012s][info][gc,marking  ] GC(107) Concurrent Rebuild Remembered Sets and Scrub Regions 20.531ms
[46.012s][info][gc,start    ] GC(107) Pause Cleanup
[46.012s][info][gc          ] GC(107) Pause Cleanup 302M->302M(515M) 0.081ms
[46.012s][info][gc,cpu      ] GC(107) User=0.00s Sys=0.00s Real=0.00s
[46.012s][info][gc,marking  ] GC(107) Concurrent Clear Claimed Marks
[46.012s][info][gc,marking  ] GC(107) Concurrent Clear Claimed Marks 0.097ms
[46.012s][info][gc,marking  ] GC(107) Concurrent Cleanup for Next Mark
[46.014s][info][gc,marking  ] GC(107) Concurrent Cleanup for Next Mark 1.633ms
[46.014s][info][gc          ] GC(107) Concurrent Mark Cycle 94.027ms
[46.520s][info][gc,start    ] GC(108) Pause Young (Prepare Mixed) (G1 Evacuation Pause)
[46.520s][info][gc,task     ] GC(108) Using 2 workers of 2 for evacuation
[46.525s][info][gc,phases   ] GC(108)   Pre Evacuate Collection Set: 0.28ms
[46.525s][info][gc,phases   ] GC(108)   Merge Heap Roots: 0.11ms
[46.525s][info][gc,phases   ] GC(108)   Evacuate Collection Set: 3.89ms
[46.525s][info][gc,phases   ] GC(108)   Post Evacuate Collection Set: 0.54ms
[46.525s][info][gc,phases   ] GC(108)   Other: 0.09ms
[46.525s][info][gc,heap     ] GC(108) Eden regions: 223->0(220)
[46.525s][info][gc,heap     ] GC(108) Survivor regions: 1->2(28)
[46.525s][info][gc,heap     ] GC(108) Old regions: 56->57
[46.525s][info][gc,heap     ] GC(108) Humongous regions: 207->207
[46.525s][info][gc,metaspace] GC(108) Metaspace: 55498K(55808K)->55498K(55808K) NonClass: 47254K(47488K)->47254K(47488K) Class: 8243K(8320K)->8243K(8320K)
[46.525s][info][gc          ] GC(108) Pause Young (Prepare Mixed) (G1 Evacuation Pause) 486M->264M(515M) 5.172ms
[46.525s][info][gc,cpu      ] GC(108) User=0.01s Sys=0.00s Real=0.00s
[47.025s][info][gc,start    ] GC(109) Pause Young (Mixed) (G1 Evacuation Pause)
[47.025s][info][gc,task     ] GC(109) Using 2 workers of 2 for evacuation
[47.029s][info][gc,phases   ] GC(109)   Pre Evacuate Collection Set: 0.27ms
[47.029s][info][gc,phases   ] GC(109)   Merge Heap Roots: 0.09ms
[47.029s][info][gc,phases   ] GC(109)   Evacuate Collection Set: 3.25ms
[47.029s][info][gc,phases   ] GC(109)   Post Evacuate Collection Set: 0.53ms
[47.029s][info][gc,phases   ] GC(109)   Other: 0.09ms
[47.029s][info][gc,heap     ] GC(109) Eden regions: 220->0(221)
[47.029s][info][gc,heap     ] GC(109) Survivor regions: 2->2(28)
[47.029s][info][gc,heap     ] GC(109) Old regions: 57->56
[47.029s][info][gc,heap     ] GC(109) Humongous regions: 207->207
[47.029s][info][gc,metaspace] GC(109) Metaspace: 55498K(55808K)->55498K(55808K) NonClass: 47254K(47488K)->47254K(47488K) Class: 8243K(8320K)->8243K(8320K)
[47.029s][info][gc          ] GC(109) Pause Young (Mixed) (G1 Evacuation Pause) 484M->264M(515M) 4.439ms
[47.029s][info][gc,cpu      ] GC(109) User=0.00s Sys=0.00s Real=0.01s
[47.621s][info][gc,start    ] GC(110) Pause Young (Concurrent Start) (G1 Evacuation Pause)
[47.621s][info][gc,task     ] GC(110) Using 2 workers of 2 for evacuation
[47.628s][info][gc,phases   ] GC(110)   Pre Evacuate Collection Set: 0.29ms
[47.628s][info][gc,phases   ] GC(110)   Merge Heap Roots: 0.10ms
[47.628s][info][gc,phases   ] GC(110)   Evacuate Collection Set: 5.21ms
[47.628s][info][gc,phases   ] GC(110)   Post Evacuate Collection Set: 0.52ms
[47.628s][info][gc,phases   ] GC(110)   Other: 0.13ms
[47.628s][info][gc,heap     ] GC(110) Eden regions: 221->0(217)
[47.628s][info][gc,heap     ] GC(110) Survivor regions: 2->4(28)
[47.628s][info][gc,heap     ] GC(110) Old regions: 56->56
[47.628s][info][gc,heap     ] GC(110) Humongous regions: 207->207
[47.628s][info][gc,metaspace] GC(110) Metaspace: 55498K(55808K)->55498K(55808K) NonClass: 47254K(47488K)->47254K(47488K) Class: 8243K(8320K)->8243K(8320K)
[47.628s][info][gc          ] GC(110) Pause Young (Concurrent Start) (G1 Evacuation Pause) 485M->266M(515M) 6.439ms
[47.628s][info][gc,cpu      ] GC(110) User=0.01s Sys=0.00s Real=0.01s
[47.628s][info][gc          ] GC(111) Concurrent Mark Cycle
[47.630s][info][gc,marking  ] GC(111) Concurrent Scan Root Regions
[47.638s][info][gc,marking  ] GC(111) Concurrent Scan Root Regions 8.574ms
[47.638s][info][gc,marking  ] GC(111) Concurrent Mark
[47.638s][info][gc,marking  ] GC(111) Concurrent Mark From Roots
[47.638s][info][gc,task     ] GC(111) Using 1 workers of 1 for marking
[47.711s][info][gc,marking  ] GC(111) Concurrent Mark From Roots 72.368ms
[47.711s][info][gc,marking  ] GC(111) Concurrent Preclean
[47.711s][info][gc,marking  ] GC(111) Concurrent Preclean 0.073ms
[47.711s][info][gc,start    ] GC(111) Pause Remark
[47.718s][info][gc          ] GC(111) Pause Remark 304M->304M(515M) 7.501ms
[47.719s][info][gc,cpu      ] GC(111) User=0.02s Sys=0.00s Real=0.01s
[47.719s][info][gc,marking  ] GC(111) Concurrent Mark 80.394ms
[47.719s][info][gc,marking  ] GC(111) Concurrent Rebuild Remembered Sets and Scrub Regions
[47.738s][info][gc,marking  ] GC(111) Concurrent Rebuild Remembered Sets and Scrub Regions 18.834ms
[47.738s][info][gc,start    ] GC(111) Pause Cleanup
[47.738s][info][gc          ] GC(111) Pause Cleanup 310M->310M(515M) 0.078ms
[47.738s][info][gc,cpu      ] GC(111) User=0.00s Sys=0.00s Real=0.00s
[47.738s][info][gc,marking  ] GC(111) Concurrent Clear Claimed Marks
[47.738s][info][gc,marking  ] GC(111) Concurrent Clear Claimed Marks 0.090ms
[47.738s][info][gc,marking  ] GC(111) Concurrent Cleanup for Next Mark
[47.739s][info][gc,marking  ] GC(111) Concurrent Cleanup for Next Mark 1.548ms
[47.739s][info][gc          ] GC(111) Concurrent Mark Cycle 111.619ms
[48.136s][info][gc,start    ] GC(112) Pause Young (Prepare Mixed) (G1 Evacuation Pause)
[48.136s][info][gc,task     ] GC(112) Using 2 workers of 2 for evacuation
[48.141s][info][gc,phases   ] GC(112)   Pre Evacuate Collection Set: 0.26ms
[48.141s][info][gc,phases   ] GC(112)   Merge Heap Roots: 0.14ms
[48.141s][info][gc,phases   ] GC(112)   Evacuate Collection Set: 3.60ms
[48.141s][info][gc,phases   ] GC(112)   Post Evacuate Collection Set: 0.53ms
[48.141s][info][gc,phases   ] GC(112)   Other: 0.08ms
[48.141s][info][gc,heap     ] GC(112) Eden regions: 217->0(221)
[48.141s][info][gc,heap     ] GC(112) Survivor regions: 4->2(28)
[48.141s][info][gc,heap     ] GC(112) Old regions: 56->56
[48.141s][info][gc,heap     ] GC(112) Humongous regions: 207->207
[48.141s][info][gc,metaspace] GC(112) Metaspace: 55498K(55808K)->55498K(55808K) NonClass: 47254K(47488K)->47254K(47488K) Class: 8243K(8320K)->8243K(8320K)
[48.141s][info][gc          ] GC(112) Pause Young (Prepare Mixed) (G1 Evacuation Pause) 483M->264M(515M) 4.831ms
[48.141s][info][gc,cpu      ] GC(112) User=0.01s Sys=0.00s Real=0.01s
[48.742s][info][gc,start    ] GC(113) Pause Young (Mixed) (G1 Evacuation Pause)
[48.742s][info][gc,task     ] GC(113) Using 2 workers of 2 for evacuation
[48.748s][info][gc,phases   ] GC(113)   Pre Evacuate Collection Set: 0.27ms
[48.748s][info][gc,phases   ] GC(113)   Merge Heap Roots: 0.09ms
[48.748s][info][gc,phases   ] GC(113)   Evacuate Collection Set: 4.66ms
[48.748s][info][gc,phases   ] GC(113)   Post Evacuate Collection Set: 0.52ms
[48.748s][info][gc,phases   ] GC(113)   Other: 0.10ms
[48.748s][info][gc,heap     ] GC(113) Eden regions: 221->0(219)
[48.748s][info][gc,heap     ] GC(113) Survivor regions: 2->3(28)
[48.748s][info][gc,heap     ] GC(113) Old regions: 56->56
[48.748s][info][gc,heap     ] GC(113) Humongous regions: 207->207
[48.748s][info][gc,metaspace] GC(113) Metaspace: 55498K(55808K)->55498K(55808K) NonClass: 47254K(47488K)->47254K(47488K) Class: 8243K(8320K)->8243K(8320K)
[48.748s][info][gc          ] GC(113) Pause Young (Mixed) (G1 Evacuation Pause) 485M->264M(515M) 5.828ms
[48.748s][info][gc,cpu      ] GC(113) User=0.01s Sys=0.00s Real=0.01s
[49.241s][info][gc,start    ] GC(114) Pause Young (Concurrent Start) (G1 Evacuation Pause)
[49.241s][info][gc,task     ] GC(114) Using 2 workers of 2 for evacuation
[49.246s][info][gc,phases   ] GC(114)   Pre Evacuate Collection Set: 0.31ms
[49.246s][info][gc,phases   ] GC(114)   Merge Heap Roots: 0.10ms
[49.246s][info][gc,phases   ] GC(114)   Evacuate Collection Set: 4.21ms
[49.246s][info][gc,phases   ] GC(114)   Post Evacuate Collection Set: 0.52ms
[49.246s][info][gc,phases   ] GC(114)   Other: 0.11ms
[49.246s][info][gc,heap     ] GC(114) Eden regions: 219->0(221)
[49.246s][info][gc,heap     ] GC(114) Survivor regions: 3->2(28)
[49.246s][info][gc,heap     ] GC(114) Old regions: 56->56
[49.246s][info][gc,heap     ] GC(114) Humongous regions: 207->207
[49.246s][info][gc,metaspace] GC(114) Metaspace: 55498K(55808K)->55498K(55808K) NonClass: 47254K(47488K)->47254K(47488K) Class: 8243K(8320K)->8243K(8320K)
[49.246s][info][gc          ] GC(114) Pause Young (Concurrent Start) (G1 Evacuation Pause) 483M->264M(515M) 5.452ms
[49.246s][info][gc,cpu      ] GC(114) User=0.01s Sys=0.00s Real=0.00s
[49.246s][info][gc          ] GC(115) Concurrent Mark Cycle
[49.246s][info][gc,marking  ] GC(115) Concurrent Scan Root Regions
[49.254s][info][gc,marking  ] GC(115) Concurrent Scan Root Regions 7.380ms
[49.254s][info][gc,marking  ] GC(115) Concurrent Mark
[49.254s][info][gc,marking  ] GC(115) Concurrent Mark From Roots
[49.254s][info][gc,task     ] GC(115) Using 1 workers of 1 for marking
[49.313s][info][gc,marking  ] GC(115) Concurrent Mark From Roots 59.085ms
[49.313s][info][gc,marking  ] GC(115) Concurrent Preclean
[49.313s][info][gc,marking  ] GC(115) Concurrent Preclean 0.075ms
[49.313s][info][gc,start    ] GC(115) Pause Remark
[49.321s][info][gc          ] GC(115) Pause Remark 288M->288M(515M) 7.590ms
[49.321s][info][gc,cpu      ] GC(115) User=0.01s Sys=0.00s Real=0.01s
[49.321s][info][gc,marking  ] GC(115) Concurrent Mark 67.022ms
[49.321s][info][gc,marking  ] GC(115) Concurrent Rebuild Remembered Sets and Scrub Regions
[49.356s][info][gc,marking  ] GC(115) Concurrent Rebuild Remembered Sets and Scrub Regions 35.268ms
[49.356s][info][gc,start    ] GC(115) Pause Cleanup
[49.356s][info][gc          ] GC(115) Pause Cleanup 305M->305M(515M) 0.084ms
[49.356s][info][gc,cpu      ] GC(115) User=0.00s Sys=0.00s Real=0.00s
[49.356s][info][gc,marking  ] GC(115) Concurrent Clear Claimed Marks
[49.356s][info][gc,marking  ] GC(115) Concurrent Clear Claimed Marks 0.093ms
[49.356s][info][gc,marking  ] GC(115) Concurrent Cleanup for Next Mark
[49.358s][info][gc,marking  ] GC(115) Concurrent Cleanup for Next Mark 1.525ms
[49.358s][info][gc          ] GC(115) Concurrent Mark Cycle 111.687ms
[49.825s][info][gc,start    ] GC(116) Pause Young (Prepare Mixed) (G1 Evacuation Pause)
[49.825s][info][gc,task     ] GC(116) Using 2 workers of 2 for evacuation
[49.829s][info][gc,phases   ] GC(116)   Pre Evacuate Collection Set: 0.38ms
[49.829s][info][gc,phases   ] GC(116)   Merge Heap Roots: 0.16ms
[49.829s][info][gc,phases   ] GC(116)   Evacuate Collection Set: 2.68ms
[49.829s][info][gc,phases   ] GC(116)   Post Evacuate Collection Set: 0.72ms
[49.829s][info][gc,phases   ] GC(116)   Other: 0.09ms
[49.829s][info][gc,heap     ] GC(116) Eden regions: 221->0(223)
[49.829s][info][gc,heap     ] GC(116) Survivor regions: 2->1(28)
[49.829s][info][gc,heap     ] GC(116) Old regions: 56->56
[49.829s][info][gc,heap     ] GC(116) Humongous regions: 207->207
[49.829s][info][gc,metaspace] GC(116) Metaspace: 55500K(55808K)->55500K(55808K) NonClass: 47256K(47488K)->47256K(47488K) Class: 8243K(8320K)->8243K(8320K)
[49.829s][info][gc          ] GC(116) Pause Young (Prepare Mixed) (G1 Evacuation Pause) 485M->263M(515M) 4.239ms
[49.829s][info][gc,cpu      ] GC(116) User=0.01s Sys=0.00s Real=0.01s
[50.349s][info][gc,start    ] GC(117) Pause Young (Mixed) (G1 Evacuation Pause)
[50.349s][info][gc,task     ] GC(117) Using 2 workers of 2 for evacuation
[50.358s][info][gc,phases   ] GC(117)   Pre Evacuate Collection Set: 0.54ms
[50.358s][info][gc,phases   ] GC(117)   Merge Heap Roots: 0.66ms
[50.358s][info][gc,phases   ] GC(117)   Evacuate Collection Set: 6.41ms
[50.358s][info][gc,phases   ] GC(117)   Post Evacuate Collection Set: 0.56ms
[50.358s][info][gc,phases   ] GC(117)   Other: 0.11ms
[50.358s][info][gc,heap     ] GC(117) Eden regions: 223->0(219)
[50.358s][info][gc,heap     ] GC(117) Survivor regions: 1->3(28)
[50.358s][info][gc,heap     ] GC(117) Old regions: 56->56
[50.358s][info][gc,heap     ] GC(117) Humongous regions: 207->207
[50.358s][info][gc,metaspace] GC(117) Metaspace: 55500K(55808K)->55500K(55808K) NonClass: 47256K(47488K)->47256K(47488K) Class: 8243K(8320K)->8243K(8320K)
[50.358s][info][gc          ] GC(117) Pause Young (Mixed) (G1 Evacuation Pause) 486M->265M(515M) 8.488ms
[50.358s][info][gc,cpu      ] GC(117) User=0.02s Sys=0.00s Real=0.01s
[50.991s][info][gc,start    ] GC(118) Pause Young (Concurrent Start) (G1 Evacuation Pause)
[50.991s][info][gc,task     ] GC(118) Using 2 workers of 2 for evacuation
[50.998s][info][gc,phases   ] GC(118)   Pre Evacuate Collection Set: 0.28ms
[50.998s][info][gc,phases   ] GC(118)   Merge Heap Roots: 1.33ms
[50.998s][info][gc,phases   ] GC(118)   Evacuate Collection Set: 4.86ms
[50.998s][info][gc,phases   ] GC(118)   Post Evacuate Collection Set: 0.75ms
[50.998s][info][gc,phases   ] GC(118)   Other: 0.10ms
[50.998s][info][gc,heap     ] GC(118) Eden regions: 219->0(221)
[50.998s][info][gc,heap     ] GC(118) Survivor regions: 3->2(28)
[50.998s][info][gc,heap     ] GC(118) Old regions: 56->56
[50.998s][info][gc,heap     ] GC(118) Humongous regions: 207->207
[50.998s][info][gc,metaspace] GC(118) Metaspace: 55500K(55808K)->55500K(55808K) NonClass: 47256K(47488K)->47256K(47488K) Class: 8243K(8320K)->8243K(8320K)
[50.999s][info][gc          ] GC(118) Pause Young (Concurrent Start) (G1 Evacuation Pause) 484M->264M(515M) 7.547ms
[50.999s][info][gc,cpu      ] GC(118) User=0.01s Sys=0.00s Real=0.01s
[50.999s][info][gc          ] GC(119) Concurrent Mark Cycle
[50.999s][info][gc,marking  ] GC(119) Concurrent Scan Root Regions
[51.005s][info][gc,marking  ] GC(119) Concurrent Scan Root Regions 6.546ms
[51.005s][info][gc,marking  ] GC(119) Concurrent Mark
[51.005s][info][gc,marking  ] GC(119) Concurrent Mark From Roots
[51.005s][info][gc,task     ] GC(119) Using 1 workers of 1 for marking
[51.092s][info][gc,marking  ] GC(119) Concurrent Mark From Roots 86.315ms
[51.092s][info][gc,marking  ] GC(119) Concurrent Preclean
[51.092s][info][gc,marking  ] GC(119) Concurrent Preclean 0.092ms
[51.092s][info][gc,start    ] GC(119) Pause Remark
[51.100s][info][gc          ] GC(119) Pause Remark 315M->315M(515M) 7.682ms
[51.100s][info][gc,cpu      ] GC(119) User=0.02s Sys=0.00s Real=0.01s
[51.105s][info][gc,marking  ] GC(119) Concurrent Mark 99.478ms
[51.105s][info][gc,marking  ] GC(119) Concurrent Rebuild Remembered Sets and Scrub Regions
[51.126s][info][gc,marking  ] GC(119) Concurrent Rebuild Remembered Sets and Scrub Regions 20.885ms
[51.126s][info][gc,start    ] GC(119) Pause Cleanup
[51.126s][info][gc          ] GC(119) Pause Cleanup 326M->326M(515M) 0.073ms
[51.126s][info][gc,cpu      ] GC(119) User=0.00s Sys=0.00s Real=0.00s
[51.126s][info][gc,marking  ] GC(119) Concurrent Clear Claimed Marks
[51.126s][info][gc,marking  ] GC(119) Concurrent Clear Claimed Marks 0.093ms
[51.126s][info][gc,marking  ] GC(119) Concurrent Cleanup for Next Mark
[51.128s][info][gc,marking  ] GC(119) Concurrent Cleanup for Next Mark 1.570ms
[51.128s][info][gc          ] GC(119) Concurrent Mark Cycle 128.984ms
[51.459s][info][gc,start    ] GC(120) Pause Young (Prepare Mixed) (G1 Evacuation Pause)
[51.459s][info][gc,task     ] GC(120) Using 2 workers of 2 for evacuation
[51.464s][info][gc,phases   ] GC(120)   Pre Evacuate Collection Set: 0.27ms
[51.464s][info][gc,phases   ] GC(120)   Merge Heap Roots: 0.15ms
[51.464s][info][gc,phases   ] GC(120)   Evacuate Collection Set: 3.87ms
[51.464s][info][gc,phases   ] GC(120)   Post Evacuate Collection Set: 0.56ms
[51.464s][info][gc,phases   ] GC(120)   Other: 0.10ms
[51.464s][info][gc,heap     ] GC(120) Eden regions: 221->0(219)
[51.464s][info][gc,heap     ] GC(120) Survivor regions: 2->3(28)
[51.464s][info][gc,heap     ] GC(120) Old regions: 56->56
[51.464s][info][gc,heap     ] GC(120) Humongous regions: 207->207
[51.464s][info][gc,metaspace] GC(120) Metaspace: 55502K(55808K)->55502K(55808K) NonClass: 47258K(47488K)->47258K(47488K) Class: 8243K(8320K)->8243K(8320K)
[51.464s][info][gc          ] GC(120) Pause Young (Prepare Mixed) (G1 Evacuation Pause) 485M->265M(515M) 5.159ms
[51.464s][info][gc,cpu      ] GC(120) User=0.01s Sys=0.00s Real=0.00s
[52.079s][info][gc,start    ] GC(121) Pause Young (Mixed) (G1 Evacuation Pause)
[52.080s][info][gc,task     ] GC(121) Using 2 workers of 2 for evacuation
[52.099s][info][gc,phases   ] GC(121)   Pre Evacuate Collection Set: 0.34ms
[52.099s][info][gc,phases   ] GC(121)   Merge Heap Roots: 0.17ms
[52.099s][info][gc,phases   ] GC(121)   Evacuate Collection Set: 17.92ms
[52.099s][info][gc,phases   ] GC(121)   Post Evacuate Collection Set: 0.85ms
[52.099s][info][gc,phases   ] GC(121)   Other: 0.09ms
[52.099s][info][gc,heap     ] GC(121) Eden regions: 219->0(221)
[52.099s][info][gc,heap     ] GC(121) Survivor regions: 3->2(28)
[52.099s][info][gc,heap     ] GC(121) Old regions: 56->56
[52.099s][info][gc,heap     ] GC(121) Humongous regions: 207->207
[52.099s][info][gc,metaspace] GC(121) Metaspace: 55502K(55808K)->55502K(55808K) NonClass: 47258K(47488K)->47258K(47488K) Class: 8243K(8320K)->8243K(8320K)
[52.099s][info][gc          ] GC(121) Pause Young (Mixed) (G1 Evacuation Pause) 484M->264M(515M) 19.586ms
[52.099s][info][gc,cpu      ] GC(121) User=0.02s Sys=0.00s Real=0.02s
[52.671s][info][gc,start    ] GC(122) Pause Young (Concurrent Start) (G1 Evacuation Pause)
[52.672s][info][gc,task     ] GC(122) Using 2 workers of 2 for evacuation
[52.676s][info][gc,phases   ] GC(122)   Pre Evacuate Collection Set: 0.29ms
[52.676s][info][gc,phases   ] GC(122)   Merge Heap Roots: 0.10ms
[52.676s][info][gc,phases   ] GC(122)   Evacuate Collection Set: 3.83ms
[52.676s][info][gc,phases   ] GC(122)   Post Evacuate Collection Set: 0.55ms
[52.676s][info][gc,phases   ] GC(122)   Other: 0.16ms
[52.677s][info][gc,heap     ] GC(122) Eden regions: 221->0(221)
[52.677s][info][gc,heap     ] GC(122) Survivor regions: 2->2(28)
[52.677s][info][gc,heap     ] GC(122) Old regions: 56->56
[52.677s][info][gc,heap     ] GC(122) Humongous regions: 207->207
[52.677s][info][gc,metaspace] GC(122) Metaspace: 55502K(55808K)->55502K(55808K) NonClass: 47258K(47488K)->47258K(47488K) Class: 8243K(8320K)->8243K(8320K)
[52.677s][info][gc          ] GC(122) Pause Young (Concurrent Start) (G1 Evacuation Pause) 485M->263M(515M) 5.124ms
[52.677s][info][gc,cpu      ] GC(122) User=0.01s Sys=0.00s Real=0.00s
[52.677s][info][gc          ] GC(123) Concurrent Mark Cycle
[52.677s][info][gc,marking  ] GC(123) Concurrent Scan Root Regions
[52.682s][info][gc,marking  ] GC(123) Concurrent Scan Root Regions 5.056ms
[52.682s][info][gc,marking  ] GC(123) Concurrent Mark
[52.682s][info][gc,marking  ] GC(123) Concurrent Mark From Roots
[52.682s][info][gc,task     ] GC(123) Using 1 workers of 1 for marking
[52.735s][info][gc,marking  ] GC(123) Concurrent Mark From Roots 52.967ms
[52.735s][info][gc,marking  ] GC(123) Concurrent Preclean
[52.735s][info][gc,marking  ] GC(123) Concurrent Preclean 0.081ms
[52.735s][info][gc,start    ] GC(123) Pause Remark
[52.743s][info][gc          ] GC(123) Pause Remark 279M->279M(515M) 8.044ms
[52.743s][info][gc,cpu      ] GC(123) User=0.02s Sys=0.00s Real=0.01s
[52.744s][info][gc,marking  ] GC(123) Concurrent Mark 62.297ms
[52.744s][info][gc,marking  ] GC(123) Concurrent Rebuild Remembered Sets and Scrub Regions
[52.775s][info][gc,marking  ] GC(123) Concurrent Rebuild Remembered Sets and Scrub Regions 30.808ms
[52.775s][info][gc,start    ] GC(123) Pause Cleanup
[52.775s][info][gc          ] GC(123) Pause Cleanup 298M->298M(515M) 0.086ms
[52.775s][info][gc,cpu      ] GC(123) User=0.00s Sys=0.00s Real=0.00s
[52.776s][info][gc,marking  ] GC(123) Concurrent Clear Claimed Marks
[52.776s][info][gc,marking  ] GC(123) Concurrent Clear Claimed Marks 0.094ms
[52.776s][info][gc,marking  ] GC(123) Concurrent Cleanup for Next Mark
[52.778s][info][gc,marking  ] GC(123) Concurrent Cleanup for Next Mark 2.625ms
[52.778s][info][gc          ] GC(123) Concurrent Mark Cycle 101.722ms
[53.243s][info][gc,start    ] GC(124) Pause Young (Prepare Mixed) (G1 Evacuation Pause)
[53.243s][info][gc,task     ] GC(124) Using 2 workers of 2 for evacuation
[53.249s][info][gc,phases   ] GC(124)   Pre Evacuate Collection Set: 0.27ms
[53.249s][info][gc,phases   ] GC(124)   Merge Heap Roots: 0.11ms
[53.249s][info][gc,phases   ] GC(124)   Evacuate Collection Set: 4.78ms
[53.249s][info][gc,phases   ] GC(124)   Post Evacuate Collection Set: 0.57ms
[53.249s][info][gc,phases   ] GC(124)   Other: 0.09ms
[53.249s][info][gc,heap     ] GC(124) Eden regions: 221->0(217)
[53.249s][info][gc,heap     ] GC(124) Survivor regions: 2->4(28)
[53.249s][info][gc,heap     ] GC(124) Old regions: 56->56
[53.249s][info][gc,heap     ] GC(124) Humongous regions: 207->207
[53.249s][info][gc,metaspace] GC(124) Metaspace: 55506K(55872K)->55506K(55872K) NonClass: 47263K(47552K)->47263K(47552K) Class: 8243K(8320K)->8243K(8320K)
[53.249s][info][gc          ] GC(124) Pause Young (Prepare Mixed) (G1 Evacuation Pause) 484M->265M(515M) 6.031ms
[53.249s][info][gc,cpu      ] GC(124) User=0.01s Sys=0.00s Real=0.01s
[53.772s][info][gc,start    ] GC(125) Pause Young (Mixed) (G1 Evacuation Pause)
[53.772s][info][gc,task     ] GC(125) Using 2 workers of 2 for evacuation
[53.779s][info][gc,phases   ] GC(125)   Pre Evacuate Collection Set: 0.28ms
[53.779s][info][gc,phases   ] GC(125)   Merge Heap Roots: 0.12ms
[53.779s][info][gc,phases   ] GC(125)   Evacuate Collection Set: 5.77ms
[53.779s][info][gc,phases   ] GC(125)   Post Evacuate Collection Set: 0.54ms
[53.779s][info][gc,phases   ] GC(125)   Other: 0.08ms
[53.779s][info][gc,heap     ] GC(125) Eden regions: 217->0(221)
[53.779s][info][gc,heap     ] GC(125) Survivor regions: 4->2(28)
[53.779s][info][gc,heap     ] GC(125) Old regions: 56->56
[53.779s][info][gc,heap     ] GC(125) Humongous regions: 207->207
[53.779s][info][gc,metaspace] GC(125) Metaspace: 55506K(55872K)->55506K(55872K) NonClass: 47263K(47552K)->47263K(47552K) Class: 8243K(8320K)->8243K(8320K)
[53.779s][info][gc          ] GC(125) Pause Young (Mixed) (G1 Evacuation Pause) 482M->264M(515M) 7.015ms
[53.779s][info][gc,cpu      ] GC(125) User=0.01s Sys=0.00s Real=0.01s
[54.345s][info][gc,start    ] GC(126) Pause Young (Concurrent Start) (G1 Evacuation Pause)
[54.345s][info][gc,task     ] GC(126) Using 2 workers of 2 for evacuation
[54.351s][info][gc,phases   ] GC(126)   Pre Evacuate Collection Set: 0.29ms
[54.351s][info][gc,phases   ] GC(126)   Merge Heap Roots: 0.11ms
[54.351s][info][gc,phases   ] GC(126)   Evacuate Collection Set: 4.33ms
[54.351s][info][gc,phases   ] GC(126)   Post Evacuate Collection Set: 0.54ms
[54.351s][info][gc,phases   ] GC(126)   Other: 0.11ms
[54.351s][info][gc,heap     ] GC(126) Eden regions: 221->0(221)
[54.351s][info][gc,heap     ] GC(126) Survivor regions: 2->2(28)
[54.351s][info][gc,heap     ] GC(126) Old regions: 56->56
[54.351s][info][gc,heap     ] GC(126) Humongous regions: 207->207
[54.351s][info][gc,metaspace] GC(126) Metaspace: 55506K(55872K)->55506K(55872K) NonClass: 47263K(47552K)->47263K(47552K) Class: 8243K(8320K)->8243K(8320K)
[54.351s][info][gc          ] GC(126) Pause Young (Concurrent Start) (G1 Evacuation Pause) 485M->264M(515M) 5.609ms
[54.351s][info][gc          ] GC(127) Concurrent Mark Cycle
[54.351s][info][gc,marking  ] GC(127) Concurrent Scan Root Regions
[54.353s][info][gc,cpu      ] GC(126) User=0.01s Sys=0.00s Real=0.01s
[54.354s][info][gc,marking  ] GC(127) Concurrent Scan Root Regions 3.061ms
[54.354s][info][gc,marking  ] GC(127) Concurrent Mark
[54.354s][info][gc,marking  ] GC(127) Concurrent Mark From Roots
[54.354s][info][gc,task     ] GC(127) Using 1 workers of 1 for marking
[54.401s][info][gc,marking  ] GC(127) Concurrent Mark From Roots 47.133ms
[54.401s][info][gc,marking  ] GC(127) Concurrent Preclean
[54.401s][info][gc,marking  ] GC(127) Concurrent Preclean 0.079ms
[54.404s][info][gc,start    ] GC(127) Pause Remark
[54.413s][info][gc          ] GC(127) Pause Remark 282M->282M(515M) 9.386ms
[54.413s][info][gc,cpu      ] GC(127) User=0.02s Sys=0.00s Real=0.01s
[54.414s][info][gc,marking  ] GC(127) Concurrent Mark 59.912ms
[54.414s][info][gc,marking  ] GC(127) Concurrent Rebuild Remembered Sets and Scrub Regions
[54.437s][info][gc,marking  ] GC(127) Concurrent Rebuild Remembered Sets and Scrub Regions 23.257ms
[54.438s][info][gc,start    ] GC(127) Pause Cleanup
[54.438s][info][gc          ] GC(127) Pause Cleanup 294M->294M(515M) 0.110ms
[54.438s][info][gc,cpu      ] GC(127) User=0.00s Sys=0.00s Real=0.00s
[54.438s][info][gc,marking  ] GC(127) Concurrent Clear Claimed Marks
[54.438s][info][gc,marking  ] GC(127) Concurrent Clear Claimed Marks 0.098ms
[54.438s][info][gc,marking  ] GC(127) Concurrent Cleanup for Next Mark
[54.440s][info][gc,marking  ] GC(127) Concurrent Cleanup for Next Mark 1.865ms
[54.440s][info][gc          ] GC(127) Concurrent Mark Cycle 88.998ms
[54.926s][info][gc,start    ] GC(128) Pause Young (Prepare Mixed) (G1 Evacuation Pause)
[54.926s][info][gc,task     ] GC(128) Using 2 workers of 2 for evacuation
[54.930s][info][gc,phases   ] GC(128)   Pre Evacuate Collection Set: 0.27ms
[54.930s][info][gc,phases   ] GC(128)   Merge Heap Roots: 0.12ms
[54.930s][info][gc,phases   ] GC(128)   Evacuate Collection Set: 2.97ms
[54.930s][info][gc,phases   ] GC(128)   Post Evacuate Collection Set: 0.55ms
[54.930s][info][gc,phases   ] GC(128)   Other: 0.09ms
[54.930s][info][gc,heap     ] GC(128) Eden regions: 221->0(221)
[54.930s][info][gc,heap     ] GC(128) Survivor regions: 2->2(28)
[54.930s][info][gc,heap     ] GC(128) Old regions: 56->56
[54.930s][info][gc,heap     ] GC(128) Humongous regions: 207->207
[54.930s][info][gc,metaspace] GC(128) Metaspace: 55506K(55872K)->55506K(55872K) NonClass: 47263K(47552K)->47263K(47552K) Class: 8243K(8320K)->8243K(8320K)
[54.930s][info][gc          ] GC(128) Pause Young (Prepare Mixed) (G1 Evacuation Pause) 485M->264M(515M) 4.211ms
[54.930s][info][gc,cpu      ] GC(128) User=0.01s Sys=0.00s Real=0.01s
[55.458s][info][gc,start    ] GC(129) Pause Young (Mixed) (G1 Evacuation Pause)
[55.458s][info][gc,task     ] GC(129) Using 2 workers of 2 for evacuation
[55.465s][info][gc,phases   ] GC(129)   Pre Evacuate Collection Set: 0.28ms
[55.465s][info][gc,phases   ] GC(129)   Merge Heap Roots: 0.10ms
[55.465s][info][gc,phases   ] GC(129)   Evacuate Collection Set: 6.37ms
[55.465s][info][gc,phases   ] GC(129)   Post Evacuate Collection Set: 0.59ms
[55.465s][info][gc,phases   ] GC(129)   Other: 0.07ms
[55.465s][info][gc,heap     ] GC(129) Eden regions: 221->0(219)
[55.465s][info][gc,heap     ] GC(129) Survivor regions: 2->3(28)
[55.465s][info][gc,heap     ] GC(129) Old regions: 56->56
[55.465s][info][gc,heap     ] GC(129) Humongous regions: 207->207
[55.465s][info][gc,metaspace] GC(129) Metaspace: 55506K(55872K)->55506K(55872K) NonClass: 47263K(47552K)->47263K(47552K) Class: 8243K(8320K)->8243K(8320K)
[55.465s][info][gc          ] GC(129) Pause Young (Mixed) (G1 Evacuation Pause) 485M->265M(515M) 7.600ms
[55.466s][info][gc,cpu      ] GC(129) User=0.02s Sys=0.00s Real=0.00s
[56.033s][info][gc,start    ] GC(130) Pause Young (Concurrent Start) (G1 Evacuation Pause)
[56.033s][info][gc,task     ] GC(130) Using 2 workers of 2 for evacuation
[56.038s][info][gc,phases   ] GC(130)   Pre Evacuate Collection Set: 0.32ms
[56.038s][info][gc,phases   ] GC(130)   Merge Heap Roots: 0.10ms
[56.038s][info][gc,phases   ] GC(130)   Evacuate Collection Set: 4.37ms
[56.038s][info][gc,phases   ] GC(130)   Post Evacuate Collection Set: 0.51ms
[56.038s][info][gc,phases   ] GC(130)   Other: 0.13ms
[56.038s][info][gc,heap     ] GC(130) Eden regions: 219->0(219)
[56.038s][info][gc,heap     ] GC(130) Survivor regions: 3->3(28)
[56.039s][info][gc,heap     ] GC(130) Old regions: 56->56
[56.039s][info][gc,heap     ] GC(130) Humongous regions: 207->207
[56.039s][info][gc,metaspace] GC(130) Metaspace: 55506K(55872K)->55506K(55872K) NonClass: 47263K(47552K)->47263K(47552K) Class: 8243K(8320K)->8243K(8320K)
[56.039s][info][gc          ] GC(130) Pause Young (Concurrent Start) (G1 Evacuation Pause) 484M->265M(515M) 5.662ms
[56.039s][info][gc          ] GC(131) Concurrent Mark Cycle
[56.039s][info][gc,marking  ] GC(131) Concurrent Scan Root Regions
[56.040s][info][gc,cpu      ] GC(130) User=0.01s Sys=0.00s Real=0.01s
[56.042s][info][gc,marking  ] GC(131) Concurrent Scan Root Regions 3.628ms
[56.042s][info][gc,marking  ] GC(131) Concurrent Mark
[56.042s][info][gc,marking  ] GC(131) Concurrent Mark From Roots
[56.042s][info][gc,task     ] GC(131) Using 1 workers of 1 for marking
[56.110s][info][gc,marking  ] GC(131) Concurrent Mark From Roots 67.275ms
[56.110s][info][gc,marking  ] GC(131) Concurrent Preclean
[56.110s][info][gc,marking  ] GC(131) Concurrent Preclean 0.076ms
[56.110s][info][gc,start    ] GC(131) Pause Remark
[56.118s][info][gc          ] GC(131) Pause Remark 294M->294M(515M) 7.893ms
[56.118s][info][gc,cpu      ] GC(131) User=0.01s Sys=0.00s Real=0.01s
[56.119s][info][gc,marking  ] GC(131) Concurrent Mark 76.537ms
[56.119s][info][gc,marking  ] GC(131) Concurrent Rebuild Remembered Sets and Scrub Regions
[56.155s][info][gc,marking  ] GC(131) Concurrent Rebuild Remembered Sets and Scrub Regions 36.265ms
[56.155s][info][gc,start    ] GC(131) Pause Cleanup
[56.155s][info][gc          ] GC(131) Pause Cleanup 315M->315M(515M) 0.079ms
[56.155s][info][gc,cpu      ] GC(131) User=0.00s Sys=0.00s Real=0.00s
[56.156s][info][gc,marking  ] GC(131) Concurrent Clear Claimed Marks
[56.156s][info][gc,marking  ] GC(131) Concurrent Clear Claimed Marks 0.117ms
[56.156s][info][gc,marking  ] GC(131) Concurrent Cleanup for Next Mark
[56.159s][info][gc,marking  ] GC(131) Concurrent Cleanup for Next Mark 2.795ms
[56.159s][info][gc          ] GC(131) Concurrent Mark Cycle 120.184ms
[56.571s][info][gc,start    ] GC(132) Pause Young (Prepare Mixed) (G1 Evacuation Pause)
[56.571s][info][gc,task     ] GC(132) Using 2 workers of 2 for evacuation
[56.575s][info][gc,phases   ] GC(132)   Pre Evacuate Collection Set: 0.27ms
[56.575s][info][gc,phases   ] GC(132)   Merge Heap Roots: 0.12ms
[56.575s][info][gc,phases   ] GC(132)   Evacuate Collection Set: 3.89ms
[56.576s][info][gc,phases   ] GC(132)   Post Evacuate Collection Set: 0.51ms
[56.576s][info][gc,phases   ] GC(132)   Other: 0.09ms
[56.576s][info][gc,heap     ] GC(132) Eden regions: 219->0(219)
[56.576s][info][gc,heap     ] GC(132) Survivor regions: 3->3(28)
[56.576s][info][gc,heap     ] GC(132) Old regions: 56->56
[56.576s][info][gc,heap     ] GC(132) Humongous regions: 207->207
[56.576s][info][gc,metaspace] GC(132) Metaspace: 55506K(55872K)->55506K(55872K) NonClass: 47263K(47552K)->47263K(47552K) Class: 8243K(8320K)->8243K(8320K)
[56.576s][info][gc          ] GC(132) Pause Young (Prepare Mixed) (G1 Evacuation Pause) 484M->264M(515M) 5.086ms
[56.576s][info][gc,cpu      ] GC(132) User=0.01s Sys=0.00s Real=0.00s
[57.142s][info][gc,start    ] GC(133) Pause Young (Mixed) (G1 Evacuation Pause)
[57.142s][info][gc,task     ] GC(133) Using 2 workers of 2 for evacuation
[57.147s][info][gc,phases   ] GC(133)   Pre Evacuate Collection Set: 0.27ms
[57.147s][info][gc,phases   ] GC(133)   Merge Heap Roots: 0.11ms
[57.147s][info][gc,phases   ] GC(133)   Evacuate Collection Set: 4.20ms
[57.147s][info][gc,phases   ] GC(133)   Post Evacuate Collection Set: 0.56ms
[57.147s][info][gc,phases   ] GC(133)   Other: 0.08ms
[57.147s][info][gc,heap     ] GC(133) Eden regions: 219->0(219)
[57.147s][info][gc,heap     ] GC(133) Survivor regions: 3->3(28)
[57.147s][info][gc,heap     ] GC(133) Old regions: 56->56
[57.147s][info][gc,heap     ] GC(133) Humongous regions: 207->207
[57.147s][info][gc,metaspace] GC(133) Metaspace: 55506K(55872K)->55506K(55872K) NonClass: 47263K(47552K)->47263K(47552K) Class: 8243K(8320K)->8243K(8320K)
[57.147s][info][gc          ] GC(133) Pause Young (Mixed) (G1 Evacuation Pause) 483M->265M(515M) 5.412ms
[57.147s][info][gc,cpu      ] GC(133) User=0.01s Sys=0.00s Real=0.01s
[57.676s][info][gc,start    ] GC(134) Pause Young (Concurrent Start) (G1 Evacuation Pause)
[57.676s][info][gc,task     ] GC(134) Using 2 workers of 2 for evacuation
[57.681s][info][gc,phases   ] GC(134)   Pre Evacuate Collection Set: 0.30ms
[57.681s][info][gc,phases   ] GC(134)   Merge Heap Roots: 0.11ms
[57.681s][info][gc,phases   ] GC(134)   Evacuate Collection Set: 3.19ms
[57.681s][info][gc,phases   ] GC(134)   Post Evacuate Collection Set: 0.54ms
[57.681s][info][gc,phases   ] GC(134)   Other: 0.11ms
[57.681s][info][gc,heap     ] GC(134) Eden regions: 219->0(223)
[57.681s][info][gc,heap     ] GC(134) Survivor regions: 3->1(28)
[57.681s][info][gc,heap     ] GC(134) Old regions: 56->56
[57.681s][info][gc,heap     ] GC(134) Humongous regions: 207->207
[57.681s][info][gc,metaspace] GC(134) Metaspace: 55506K(55872K)->55506K(55872K) NonClass: 47263K(47552K)->47263K(47552K) Class: 8243K(8320K)->8243K(8320K)
[57.681s][info][gc          ] GC(134) Pause Young (Concurrent Start) (G1 Evacuation Pause) 483M->263M(515M) 4.476ms
[57.681s][info][gc          ] GC(135) Concurrent Mark Cycle
[57.681s][info][gc,marking  ] GC(135) Concurrent Scan Root Regions
[57.682s][info][gc,cpu      ] GC(134) User=0.01s Sys=0.00s Real=0.01s
[57.683s][info][gc,marking  ] GC(135) Concurrent Scan Root Regions 2.664ms
[57.683s][info][gc,marking  ] GC(135) Concurrent Mark
[57.683s][info][gc,marking  ] GC(135) Concurrent Mark From Roots
[57.683s][info][gc,task     ] GC(135) Using 1 workers of 1 for marking
[57.846s][info][gc,marking  ] GC(135) Concurrent Mark From Roots 162.231ms
[57.846s][info][gc,marking  ] GC(135) Concurrent Preclean
[57.846s][info][gc,marking  ] GC(135) Concurrent Preclean 0.095ms
[57.846s][info][gc,start    ] GC(135) Pause Remark
[57.857s][info][gc          ] GC(135) Pause Remark 302M->302M(515M) 10.619ms
[57.857s][info][gc,cpu      ] GC(135) User=0.02s Sys=0.00s Real=0.01s
[57.858s][info][gc,marking  ] GC(135) Concurrent Mark 174.866ms
[57.858s][info][gc,marking  ] GC(135) Concurrent Rebuild Remembered Sets and Scrub Regions
[57.896s][info][gc,marking  ] GC(135) Concurrent Rebuild Remembered Sets and Scrub Regions 38.064ms
[57.897s][info][gc,start    ] GC(135) Pause Cleanup
[57.897s][info][gc          ] GC(135) Pause Cleanup 320M->320M(515M) 0.105ms
[57.897s][info][gc,cpu      ] GC(135) User=0.00s Sys=0.00s Real=0.01s
[57.897s][info][gc,marking  ] GC(135) Concurrent Clear Claimed Marks
[57.897s][info][gc,marking  ] GC(135) Concurrent Clear Claimed Marks 0.101ms
[57.897s][info][gc,marking  ] GC(135) Concurrent Cleanup for Next Mark
[57.898s][info][gc,marking  ] GC(135) Concurrent Cleanup for Next Mark 1.545ms
[57.898s][info][gc          ] GC(135) Concurrent Mark Cycle 217.730ms
[58.252s][info][gc,start    ] GC(136) Pause Young (Normal) (G1 Evacuation Pause)
[58.252s][info][gc,task     ] GC(136) Using 2 workers of 2 for evacuation
[58.258s][info][gc,phases   ] GC(136)   Pre Evacuate Collection Set: 0.31ms
[58.258s][info][gc,phases   ] GC(136)   Merge Heap Roots: 0.13ms
[58.258s][info][gc,phases   ] GC(136)   Evacuate Collection Set: 5.01ms
[58.258s][info][gc,phases   ] GC(136)   Post Evacuate Collection Set: 0.55ms
[58.258s][info][gc,phases   ] GC(136)   Other: 0.08ms
[58.258s][info][gc,heap     ] GC(136) Eden regions: 223->0(219)
[58.258s][info][gc,heap     ] GC(136) Survivor regions: 1->3(28)
[58.258s][info][gc,heap     ] GC(136) Old regions: 56->56
[58.258s][info][gc,heap     ] GC(136) Humongous regions: 207->207
[58.258s][info][gc,metaspace] GC(136) Metaspace: 55506K(55872K)->55506K(55872K) NonClass: 47263K(47552K)->47263K(47552K) Class: 8243K(8320K)->8243K(8320K)
[58.258s][info][gc          ] GC(136) Pause Young (Normal) (G1 Evacuation Pause) 486M->265M(515M) 6.257ms
[58.258s][info][gc,cpu      ] GC(136) User=0.01s Sys=0.00s Real=0.01s
[58.824s][info][gc,start    ] GC(137) Pause Young (Concurrent Start) (G1 Evacuation Pause)
[58.824s][info][gc,task     ] GC(137) Using 2 workers of 2 for evacuation
[58.832s][info][gc,phases   ] GC(137)   Pre Evacuate Collection Set: 0.28ms
[58.832s][info][gc,phases   ] GC(137)   Merge Heap Roots: 0.10ms
[58.832s][info][gc,phases   ] GC(137)   Evacuate Collection Set: 7.22ms
[58.832s][info][gc,phases   ] GC(137)   Post Evacuate Collection Set: 0.58ms
[58.832s][info][gc,phases   ] GC(137)   Other: 0.17ms
[58.832s][info][gc,heap     ] GC(137) Eden regions: 219->0(221)
[58.832s][info][gc,heap     ] GC(137) Survivor regions: 3->2(28)
[58.832s][info][gc,heap     ] GC(137) Old regions: 56->56
[58.832s][info][gc,heap     ] GC(137) Humongous regions: 207->207
[58.832s][info][gc,metaspace] GC(137) Metaspace: 55506K(55872K)->55506K(55872K) NonClass: 47263K(47552K)->47263K(47552K) Class: 8243K(8320K)->8243K(8320K)
[58.832s][info][gc          ] GC(137) Pause Young (Concurrent Start) (G1 Evacuation Pause) 484M->264M(515M) 8.565ms
[58.832s][info][gc,cpu      ] GC(137) User=0.01s Sys=0.00s Real=0.01s
[58.832s][info][gc          ] GC(138) Concurrent Mark Cycle
[58.857s][info][gc,marking  ] GC(138) Concurrent Scan Root Regions
[58.867s][info][gc,marking  ] GC(138) Concurrent Scan Root Regions 10.864ms
[58.868s][info][gc,marking  ] GC(138) Concurrent Mark
[58.868s][info][gc,marking  ] GC(138) Concurrent Mark From Roots
[58.868s][info][gc,task     ] GC(138) Using 1 workers of 1 for marking
[58.926s][info][gc,marking  ] GC(138) Concurrent Mark From Roots 58.859ms
[58.926s][info][gc,marking  ] GC(138) Concurrent Preclean
[58.927s][info][gc,marking  ] GC(138) Concurrent Preclean 0.091ms
[58.927s][info][gc,start    ] GC(138) Pause Remark
[58.935s][info][gc          ] GC(138) Pause Remark 278M->278M(515M) 8.010ms
[58.935s][info][gc,cpu      ] GC(138) User=0.02s Sys=0.00s Real=0.01s
[58.938s][info][gc,marking  ] GC(138) Concurrent Mark 70.510ms
[58.938s][info][gc,marking  ] GC(138) Concurrent Rebuild Remembered Sets and Scrub Regions
[58.970s][info][gc,marking  ] GC(138) Concurrent Rebuild Remembered Sets and Scrub Regions 32.204ms
[58.971s][info][gc,start    ] GC(138) Pause Cleanup
[58.971s][info][gc          ] GC(138) Pause Cleanup 288M->288M(515M) 0.087ms
[58.971s][info][gc,cpu      ] GC(138) User=0.00s Sys=0.00s Real=0.00s
[58.971s][info][gc,marking  ] GC(138) Concurrent Clear Claimed Marks
[58.971s][info][gc,marking  ] GC(138) Concurrent Clear Claimed Marks 0.109ms
[58.971s][info][gc,marking  ] GC(138) Concurrent Cleanup for Next Mark
[58.973s][info][gc,marking  ] GC(138) Concurrent Cleanup for Next Mark 1.864ms
[58.973s][info][gc          ] GC(138) Concurrent Mark Cycle 141.239ms
[59.378s][info][gc,start    ] GC(139) Pause Young (Prepare Mixed) (G1 Evacuation Pause)
[59.378s][info][gc,task     ] GC(139) Using 2 workers of 2 for evacuation
[59.383s][info][gc,phases   ] GC(139)   Pre Evacuate Collection Set: 0.26ms
[59.383s][info][gc,phases   ] GC(139)   Merge Heap Roots: 0.12ms
[59.383s][info][gc,phases   ] GC(139)   Evacuate Collection Set: 3.26ms
[59.383s][info][gc,phases   ] GC(139)   Post Evacuate Collection Set: 0.54ms
[59.383s][info][gc,phases   ] GC(139)   Other: 0.12ms
[59.383s][info][gc,heap     ] GC(139) Eden regions: 221->0(221)
[59.383s][info][gc,heap     ] GC(139) Survivor regions: 2->2(28)
[59.383s][info][gc,heap     ] GC(139) Old regions: 56->56
[59.383s][info][gc,heap     ] GC(139) Humongous regions: 207->207
[59.383s][info][gc,metaspace] GC(139) Metaspace: 55506K(55872K)->55506K(55872K) NonClass: 47263K(47552K)->47263K(47552K) Class: 8243K(8320K)->8243K(8320K)
[59.383s][info][gc          ] GC(139) Pause Young (Prepare Mixed) (G1 Evacuation Pause) 485M->263M(515M) 4.487ms
[59.383s][info][gc,cpu      ] GC(139) User=0.01s Sys=0.00s Real=0.00s
[59.941s][info][gc,start    ] GC(140) Pause Young (Mixed) (G1 Evacuation Pause)
[59.941s][info][gc,task     ] GC(140) Using 2 workers of 2 for evacuation
[59.948s][info][gc,phases   ] GC(140)   Pre Evacuate Collection Set: 0.26ms
[59.948s][info][gc,phases   ] GC(140)   Merge Heap Roots: 0.13ms
[59.948s][info][gc,phases   ] GC(140)   Evacuate Collection Set: 5.81ms
[59.948s][info][gc,phases   ] GC(140)   Post Evacuate Collection Set: 0.56ms
[59.948s][info][gc,phases   ] GC(140)   Other: 0.09ms
[59.948s][info][gc,heap     ] GC(140) Eden regions: 221->0(221)
[59.948s][info][gc,heap     ] GC(140) Survivor regions: 2->2(28)
[59.948s][info][gc,heap     ] GC(140) Old regions: 56->56
[59.948s][info][gc,heap     ] GC(140) Humongous regions: 207->207
[59.948s][info][gc,metaspace] GC(140) Metaspace: 55506K(55872K)->55506K(55872K) NonClass: 47263K(47552K)->47263K(47552K) Class: 8243K(8320K)->8243K(8320K)
[59.948s][info][gc          ] GC(140) Pause Young (Mixed) (G1 Evacuation Pause) 484M->263M(515M) 7.044ms
[59.948s][info][gc,cpu      ] GC(140) User=0.02s Sys=0.00s Real=0.01s
[60.518s][info][gc,start    ] GC(141) Pause Young (Concurrent Start) (G1 Evacuation Pause)
[60.518s][info][gc,task     ] GC(141) Using 2 workers of 2 for evacuation
[60.522s][info][gc,phases   ] GC(141)   Pre Evacuate Collection Set: 0.28ms
[60.522s][info][gc,phases   ] GC(141)   Merge Heap Roots: 0.11ms
[60.522s][info][gc,phases   ] GC(141)   Evacuate Collection Set: 2.77ms
[60.522s][info][gc,phases   ] GC(141)   Post Evacuate Collection Set: 0.55ms
[60.522s][info][gc,phases   ] GC(141)   Other: 0.11ms
[60.522s][info][gc,heap     ] GC(141) Eden regions: 221->0(223)
[60.522s][info][gc,heap     ] GC(141) Survivor regions: 2->1(28)
[60.522s][info][gc,heap     ] GC(141) Old regions: 56->56
[60.522s][info][gc,heap     ] GC(141) Humongous regions: 207->207
[60.522s][info][gc,metaspace] GC(141) Metaspace: 55506K(55872K)->55506K(55872K) NonClass: 47263K(47552K)->47263K(47552K) Class: 8243K(8320K)->8243K(8320K)
[60.522s][info][gc          ] GC(141) Pause Young (Concurrent Start) (G1 Evacuation Pause) 484M->263M(515M) 4.011ms
[60.522s][info][gc,cpu      ] GC(141) User=0.01s Sys=0.00s Real=0.00s
[60.522s][info][gc          ] GC(142) Concurrent Mark Cycle
[60.522s][info][gc,marking  ] GC(142) Concurrent Scan Root Regions
[60.527s][info][gc,marking  ] GC(142) Concurrent Scan Root Regions 4.738ms
[60.527s][info][gc,marking  ] GC(142) Concurrent Mark
[60.527s][info][gc,marking  ] GC(142) Concurrent Mark From Roots
[60.527s][info][gc,task     ] GC(142) Using 1 workers of 1 for marking
[60.576s][info][gc,marking  ] GC(142) Concurrent Mark From Roots 49.139ms
[60.576s][info][gc,marking  ] GC(142) Concurrent Preclean
[60.576s][info][gc,marking  ] GC(142) Concurrent Preclean 0.079ms
[60.577s][info][gc,start    ] GC(142) Pause Remark
[60.603s][info][gc          ] GC(142) Pause Remark 269M->269M(515M) 25.747ms
[60.603s][info][gc,cpu      ] GC(142) User=0.02s Sys=0.00s Real=0.02s
[60.605s][info][gc,marking  ] GC(142) Concurrent Mark 77.824ms
[60.605s][info][gc,marking  ] GC(142) Concurrent Rebuild Remembered Sets and Scrub Regions
[60.671s][info][gc,marking  ] GC(142) Concurrent Rebuild Remembered Sets and Scrub Regions 65.850ms
[60.671s][info][gc,start    ] GC(142) Pause Cleanup
[60.671s][info][gc          ] GC(142) Pause Cleanup 285M->285M(515M) 0.072ms
[60.671s][info][gc,cpu      ] GC(142) User=0.00s Sys=0.00s Real=0.00s
[60.671s][info][gc,marking  ] GC(142) Concurrent Clear Claimed Marks
[60.671s][info][gc,marking  ] GC(142) Concurrent Clear Claimed Marks 0.098ms
[60.671s][info][gc,marking  ] GC(142) Concurrent Cleanup for Next Mark
[60.674s][info][gc,marking  ] GC(142) Concurrent Cleanup for Next Mark 3.195ms
[60.674s][info][gc          ] GC(142) Concurrent Mark Cycle 152.188ms
[61.051s][info][gc,start    ] GC(143) Pause Young (Normal) (G1 Evacuation Pause)
[61.051s][info][gc,task     ] GC(143) Using 2 workers of 2 for evacuation
[61.059s][info][gc,phases   ] GC(143)   Pre Evacuate Collection Set: 0.30ms
[61.059s][info][gc,phases   ] GC(143)   Merge Heap Roots: 0.15ms
[61.059s][info][gc,phases   ] GC(143)   Evacuate Collection Set: 7.19ms
[61.059s][info][gc,phases   ] GC(143)   Post Evacuate Collection Set: 0.58ms
[61.059s][info][gc,phases   ] GC(143)   Other: 0.11ms
[61.059s][info][gc,heap     ] GC(143) Eden regions: 223->0(219)
[61.059s][info][gc,heap     ] GC(143) Survivor regions: 1->3(28)
[61.059s][info][gc,heap     ] GC(143) Old regions: 56->56
[61.059s][info][gc,heap     ] GC(143) Humongous regions: 207->207
[61.059s][info][gc,metaspace] GC(143) Metaspace: 55506K(55872K)->55506K(55872K) NonClass: 47263K(47552K)->47263K(47552K) Class: 8243K(8320K)->8243K(8320K)
[61.059s][info][gc          ] GC(143) Pause Young (Normal) (G1 Evacuation Pause) 486M->264M(515M) 8.559ms
[61.059s][info][gc,cpu      ] GC(143) User=0.01s Sys=0.00s Real=0.01s
[61.414s][info][gc,start    ] GC(144) Pause Young (Concurrent Start) (G1 Humongous Allocation)
[61.414s][info][gc,task     ] GC(144) Using 2 workers of 2 for evacuation
[61.417s][info][gc,phases   ] GC(144)   Pre Evacuate Collection Set: 0.29ms
[61.417s][info][gc,phases   ] GC(144)   Merge Heap Roots: 0.09ms
[61.417s][info][gc,phases   ] GC(144)   Evacuate Collection Set: 2.21ms
[61.417s][info][gc,phases   ] GC(144)   Post Evacuate Collection Set: 0.47ms
[61.417s][info][gc,phases   ] GC(144)   Other: 0.15ms
[61.417s][info][gc,heap     ] GC(144) Eden regions: 133->0(223)
[61.417s][info][gc,heap     ] GC(144) Survivor regions: 3->1(28)
[61.417s][info][gc,heap     ] GC(144) Old regions: 56->56
[61.417s][info][gc,heap     ] GC(144) Humongous regions: 207->207
[61.417s][info][gc,metaspace] GC(144) Metaspace: 55632K(56000K)->55632K(56000K) NonClass: 47355K(47616K)->47355K(47616K) Class: 8276K(8384K)->8276K(8384K)
[61.417s][info][gc          ] GC(144) Pause Young (Concurrent Start) (G1 Humongous Allocation) 397M->262M(515M) 3.407ms
[61.417s][info][gc          ] GC(145) Concurrent Mark Cycle
[61.417s][info][gc,marking  ] GC(145) Concurrent Scan Root Regions
[61.418s][info][gc,cpu      ] GC(144) User=0.00s Sys=0.00s Real=0.01s
[61.418s][info][gc,marking  ] GC(145) Concurrent Scan Root Regions 1.508ms
[61.419s][info][gc,marking  ] GC(145) Concurrent Mark
[61.419s][info][gc,marking  ] GC(145) Concurrent Mark From Roots
[61.419s][info][gc,task     ] GC(145) Using 1 workers of 1 for marking
[61.481s][info][gc,marking  ] GC(145) Concurrent Mark From Roots 62.309ms
[61.481s][info][gc,marking  ] GC(145) Concurrent Preclean
[61.481s][info][gc,marking  ] GC(145) Concurrent Preclean 0.066ms
[61.483s][info][gc,start    ] GC(145) Pause Remark
[61.492s][info][gc          ] GC(145) Pause Remark 302M->302M(515M) 9.082ms
[61.492s][info][gc,cpu      ] GC(145) User=0.01s Sys=0.00s Real=0.01s
[61.495s][info][gc,marking  ] GC(145) Concurrent Mark 76.195ms
[61.495s][info][gc,marking  ] GC(145) Concurrent Rebuild Remembered Sets and Scrub Regions
[61.529s][info][gc,marking  ] GC(145) Concurrent Rebuild Remembered Sets and Scrub Regions 34.333ms
[61.529s][info][gc,start    ] GC(145) Pause Cleanup
[61.529s][info][gc          ] GC(145) Pause Cleanup 302M->302M(515M) 0.089ms
[61.529s][info][gc,cpu      ] GC(145) User=0.00s Sys=0.00s Real=0.00s
[61.529s][info][gc,marking  ] GC(145) Concurrent Clear Claimed Marks
[61.530s][info][gc,marking  ] GC(145) Concurrent Clear Claimed Marks 0.105ms
[61.530s][info][gc,marking  ] GC(145) Concurrent Cleanup for Next Mark
[61.533s][info][gc,marking  ] GC(145) Concurrent Cleanup for Next Mark 3.168ms
[61.533s][info][gc          ] GC(145) Concurrent Mark Cycle 115.783ms
[65.263s][info][gc,start    ] GC(146) Pause Young (Prepare Mixed) (G1 Evacuation Pause)
[65.263s][info][gc,task     ] GC(146) Using 2 workers of 2 for evacuation
[65.297s][info][gc,phases   ] GC(146)   Pre Evacuate Collection Set: 0.35ms
[65.297s][info][gc,phases   ] GC(146)   Merge Heap Roots: 0.69ms
[65.297s][info][gc,phases   ] GC(146)   Evacuate Collection Set: 31.97ms
[65.297s][info][gc,phases   ] GC(146)   Post Evacuate Collection Set: 0.74ms
[65.297s][info][gc,phases   ] GC(146)   Other: 0.11ms
[65.297s][info][gc,heap     ] GC(146) Eden regions: 95->0(201)
[65.297s][info][gc,heap     ] GC(146) Survivor regions: 1->23(28)
[65.297s][info][gc,heap     ] GC(146) Old regions: 56->56
[65.297s][info][gc,heap     ] GC(146) Humongous regions: 363->207
[65.297s][info][gc,metaspace] GC(146) Metaspace: 56055K(56384K)->56055K(56384K) NonClass: 47771K(48000K)->47771K(48000K) Class: 8284K(8384K)->8284K(8384K)
[65.297s][info][gc          ] GC(146) Pause Young (Prepare Mixed) (G1 Evacuation Pause) 513M->285M(538M) 34.066ms
[65.297s][info][gc,cpu      ] GC(146) User=0.05s Sys=0.01s Real=0.04s
[65.767s][info][gc,start    ] GC(147) Pause Young (Mixed) (G1 Evacuation Pause)
[65.767s][info][gc,task     ] GC(147) Using 2 workers of 2 for evacuation
[65.783s][info][gc,phases   ] GC(147)   Pre Evacuate Collection Set: 0.32ms
[65.783s][info][gc,phases   ] GC(147)   Merge Heap Roots: 0.14ms
[65.783s][info][gc,phases   ] GC(147)   Evacuate Collection Set: 14.80ms
[65.783s][info][gc,phases   ] GC(147)   Post Evacuate Collection Set: 0.60ms
[65.783s][info][gc,phases   ] GC(147)   Other: 0.10ms
[65.783s][info][gc,heap     ] GC(147) Eden regions: 201->0(202)
[65.783s][info][gc,heap     ] GC(147) Survivor regions: 23->14(28)
[65.783s][info][gc,heap     ] GC(147) Old regions: 56->73
[65.783s][info][gc,heap     ] GC(147) Humongous regions: 207->207
[65.783s][info][gc,metaspace] GC(147) Metaspace: 56057K(56384K)->56057K(56384K) NonClass: 47772K(48000K)->47772K(48000K) Class: 8284K(8384K)->8284K(8384K)
[65.783s][info][gc          ] GC(147) Pause Young (Mixed) (G1 Evacuation Pause) 486M->293M(538M) 16.176ms
[65.783s][info][gc,cpu      ] GC(147) User=0.03s Sys=0.00s Real=0.01s
[66.244s][info][gc,start    ] GC(148) Pause Young (Concurrent Start) (G1 Evacuation Pause)
[66.244s][info][gc,task     ] GC(148) Using 2 workers of 2 for evacuation
[66.253s][info][gc,phases   ] GC(148)   Pre Evacuate Collection Set: 0.28ms
[66.253s][info][gc,phases   ] GC(148)   Merge Heap Roots: 0.09ms
[66.253s][info][gc,phases   ] GC(148)   Evacuate Collection Set: 7.57ms
[66.253s][info][gc,phases   ] GC(148)   Post Evacuate Collection Set: 0.57ms
[66.253s][info][gc,phases   ] GC(148)   Other: 0.13ms
[66.253s][info][gc,heap     ] GC(148) Eden regions: 202->0(200)
[66.253s][info][gc,heap     ] GC(148) Survivor regions: 14->15(27)
[66.253s][info][gc,heap     ] GC(148) Old regions: 73->73
[66.253s][info][gc,heap     ] GC(148) Humongous regions: 207->207
[66.253s][info][gc,metaspace] GC(148) Metaspace: 56057K(56384K)->56057K(56384K) NonClass: 47772K(48000K)->47772K(48000K) Class: 8284K(8384K)->8284K(8384K)
[66.253s][info][gc          ] GC(148) Pause Young (Concurrent Start) (G1 Evacuation Pause) 495M->294M(538M) 8.839ms
[66.253s][info][gc          ] GC(149) Concurrent Mark Cycle
[66.253s][info][gc,marking  ] GC(149) Concurrent Scan Root Regions
[66.254s][info][gc,cpu      ] GC(148) User=0.02s Sys=0.00s Real=0.01s
[66.258s][info][gc,marking  ] GC(149) Concurrent Scan Root Regions 4.660ms
[66.258s][info][gc,marking  ] GC(149) Concurrent Mark
[66.258s][info][gc,marking  ] GC(149) Concurrent Mark From Roots
[66.258s][info][gc,task     ] GC(149) Using 1 workers of 1 for marking
[66.304s][info][gc,marking  ] GC(149) Concurrent Mark From Roots 46.173ms
[66.304s][info][gc,marking  ] GC(149) Concurrent Preclean
[66.304s][info][gc,marking  ] GC(149) Concurrent Preclean 0.083ms
[66.304s][info][gc,start    ] GC(149) Pause Remark
[66.314s][info][gc          ] GC(149) Pause Remark 302M->298M(538M) 9.634ms
[66.314s][info][gc,cpu      ] GC(149) User=0.02s Sys=0.00s Real=0.01s
[66.314s][info][gc,marking  ] GC(149) Concurrent Mark 56.128ms
[66.314s][info][gc,marking  ] GC(149) Concurrent Rebuild Remembered Sets and Scrub Regions
[66.333s][info][gc,marking  ] GC(149) Concurrent Rebuild Remembered Sets and Scrub Regions 19.158ms
[66.333s][info][gc,start    ] GC(149) Pause Cleanup
[66.333s][info][gc          ] GC(149) Pause Cleanup 301M->301M(538M) 0.071ms
[66.333s][info][gc,cpu      ] GC(149) User=0.00s Sys=0.00s Real=0.00s
[66.333s][info][gc,marking  ] GC(149) Concurrent Clear Claimed Marks
[66.333s][info][gc,marking  ] GC(149) Concurrent Clear Claimed Marks 0.091ms
[66.333s][info][gc,marking  ] GC(149) Concurrent Cleanup for Next Mark
[66.335s][info][gc,marking  ] GC(149) Concurrent Cleanup for Next Mark 1.854ms
[66.335s][info][gc          ] GC(149) Concurrent Mark Cycle 82.244ms
[66.771s][info][gc,start    ] GC(150) Pause Young (Prepare Mixed) (G1 Evacuation Pause)
[66.771s][info][gc,task     ] GC(150) Using 2 workers of 2 for evacuation
[66.779s][info][gc,phases   ] GC(150)   Pre Evacuate Collection Set: 0.26ms
[66.779s][info][gc,phases   ] GC(150)   Merge Heap Roots: 0.11ms
[66.779s][info][gc,phases   ] GC(150)   Evacuate Collection Set: 6.27ms
[66.779s][info][gc,phases   ] GC(150)   Post Evacuate Collection Set: 0.58ms
[66.779s][info][gc,phases   ] GC(150)   Other: 0.11ms
[66.779s][info][gc,heap     ] GC(150) Eden regions: 200->0(219)
[66.779s][info][gc,heap     ] GC(150) Survivor regions: 15->2(27)
[66.779s][info][gc,heap     ] GC(150) Old regions: 69->80
[66.779s][info][gc,heap     ] GC(150) Humongous regions: 207->207
[66.779s][info][gc,metaspace] GC(150) Metaspace: 56057K(56384K)->56057K(56384K) NonClass: 47772K(48000K)->47772K(48000K) Class: 8284K(8384K)->8284K(8384K)
[66.779s][info][gc          ] GC(150) Pause Young (Prepare Mixed) (G1 Evacuation Pause) 490M->288M(538M) 7.544ms
[66.779s][info][gc,cpu      ] GC(150) User=0.02s Sys=0.00s Real=0.01s
[67.329s][info][gc,start    ] GC(151) Pause Young (Mixed) (G1 Evacuation Pause)
[67.329s][info][gc,task     ] GC(151) Using 2 workers of 2 for evacuation
[67.334s][info][gc,phases   ] GC(151)   Pre Evacuate Collection Set: 0.27ms
[67.334s][info][gc,phases   ] GC(151)   Merge Heap Roots: 0.11ms
[67.334s][info][gc,phases   ] GC(151)   Evacuate Collection Set: 2.47ms
[67.334s][info][gc,phases   ] GC(151)   Post Evacuate Collection Set: 1.84ms
[67.334s][info][gc,phases   ] GC(151)   Other: 0.08ms
[67.334s][info][gc,heap     ] GC(151) Eden regions: 219->0(225)
[67.334s][info][gc,heap     ] GC(151) Survivor regions: 2->2(28)
[67.334s][info][gc,heap     ] GC(151) Old regions: 80->74
[67.334s][info][gc,heap     ] GC(151) Humongous regions: 207->207
[67.334s][info][gc,metaspace] GC(151) Metaspace: 56057K(56384K)->56057K(56384K) NonClass: 47772K(48000K)->47772K(48000K) Class: 8284K(8384K)->8284K(8384K)
[67.334s][info][gc          ] GC(151) Pause Young (Mixed) (G1 Evacuation Pause) 507M->281M(538M) 4.950ms
[67.334s][info][gc,cpu      ] GC(151) User=0.01s Sys=0.00s Real=0.00s
[67.885s][info][gc,start    ] GC(152) Pause Young (Concurrent Start) (G1 Evacuation Pause)
[67.885s][info][gc,task     ] GC(152) Using 2 workers of 2 for evacuation
[67.889s][info][gc,phases   ] GC(152)   Pre Evacuate Collection Set: 0.34ms
[67.889s][info][gc,phases   ] GC(152)   Merge Heap Roots: 0.09ms
[67.889s][info][gc,phases   ] GC(152)   Evacuate Collection Set: 2.74ms
[67.889s][info][gc,phases   ] GC(152)   Post Evacuate Collection Set: 0.60ms
[67.889s][info][gc,phases   ] GC(152)   Other: 0.11ms
[67.889s][info][gc,heap     ] GC(152) Eden regions: 225->0(225)
[67.889s][info][gc,heap     ] GC(152) Survivor regions: 2->2(29)
[67.889s][info][gc,heap     ] GC(152) Old regions: 74->74
[67.889s][info][gc,heap     ] GC(152) Humongous regions: 207->207
[67.889s][info][gc,metaspace] GC(152) Metaspace: 56057K(56384K)->56057K(56384K) NonClass: 47772K(48000K)->47772K(48000K) Class: 8284K(8384K)->8284K(8384K)
[67.889s][info][gc          ] GC(152) Pause Young (Concurrent Start) (G1 Evacuation Pause) 506M->281M(538M) 4.064ms
[67.889s][info][gc,cpu      ] GC(152) User=0.01s Sys=0.00s Real=0.01s
[67.889s][info][gc          ] GC(153) Concurrent Mark Cycle
[67.889s][info][gc,marking  ] GC(153) Concurrent Scan Root Regions
[67.895s][info][gc,marking  ] GC(153) Concurrent Scan Root Regions 5.700ms
[67.895s][info][gc,marking  ] GC(153) Concurrent Mark
[67.895s][info][gc,marking  ] GC(153) Concurrent Mark From Roots
[67.895s][info][gc,task     ] GC(153) Using 1 workers of 1 for marking
[68.002s][info][gc,marking  ] GC(153) Concurrent Mark From Roots 107.498ms
[68.002s][info][gc,marking  ] GC(153) Concurrent Preclean
[68.002s][info][gc,marking  ] GC(153) Concurrent Preclean 0.187ms
[68.003s][info][gc,start    ] GC(153) Pause Remark
[68.022s][info][gc          ] GC(153) Pause Remark 314M->314M(538M) 18.802ms
[68.022s][info][gc,cpu      ] GC(153) User=0.02s Sys=0.00s Real=0.02s
[68.033s][info][gc,marking  ] GC(153) Concurrent Mark 138.708ms
[68.033s][info][gc,marking  ] GC(153) Concurrent Rebuild Remembered Sets and Scrub Regions
[68.058s][info][gc,marking  ] GC(153) Concurrent Rebuild Remembered Sets and Scrub Regions 24.617ms
[68.058s][info][gc,start    ] GC(153) Pause Cleanup
[68.058s][info][gc          ] GC(153) Pause Cleanup 315M->315M(538M) 0.132ms
[68.058s][info][gc,cpu      ] GC(153) User=0.00s Sys=0.00s Real=0.00s
[68.058s][info][gc,marking  ] GC(153) Concurrent Clear Claimed Marks
[68.058s][info][gc,marking  ] GC(153) Concurrent Clear Claimed Marks 0.095ms
[68.058s][info][gc,marking  ] GC(153) Concurrent Cleanup for Next Mark
[68.060s][info][gc,marking  ] GC(153) Concurrent Cleanup for Next Mark 1.859ms
[68.060s][info][gc          ] GC(153) Concurrent Mark Cycle 171.444ms
[68.552s][info][gc,start    ] GC(154) Pause Young (Prepare Mixed) (G1 Evacuation Pause)
[68.552s][info][gc,task     ] GC(154) Using 2 workers of 2 for evacuation
[68.558s][info][gc,phases   ] GC(154)   Pre Evacuate Collection Set: 0.33ms
[68.558s][info][gc,phases   ] GC(154)   Merge Heap Roots: 0.12ms
[68.558s][info][gc,phases   ] GC(154)   Evacuate Collection Set: 4.87ms
[68.558s][info][gc,phases   ] GC(154)   Post Evacuate Collection Set: 0.57ms
[68.558s][info][gc,phases   ] GC(154)   Other: 0.10ms
[68.558s][info][gc,heap     ] GC(154) Eden regions: 225->0(223)
[68.558s][info][gc,heap     ] GC(154) Survivor regions: 2->3(29)
[68.558s][info][gc,heap     ] GC(154) Old regions: 74->74
[68.558s][info][gc,heap     ] GC(154) Humongous regions: 207->207
[68.558s][info][gc,metaspace] GC(154) Metaspace: 56057K(56384K)->56057K(56384K) NonClass: 47772K(48000K)->47772K(48000K) Class: 8284K(8384K)->8284K(8384K)
[68.558s][info][gc          ] GC(154) Pause Young (Prepare Mixed) (G1 Evacuation Pause) 506M->283M(538M) 6.173ms
[68.559s][info][gc,cpu      ] GC(154) User=0.01s Sys=0.00s Real=0.01s
[69.386s][info][gc,start    ] GC(155) Pause Young (Mixed) (G1 Evacuation Pause)
[69.386s][info][gc,task     ] GC(155) Using 2 workers of 2 for evacuation
[69.396s][info][gc,phases   ] GC(155)   Pre Evacuate Collection Set: 0.30ms
[69.396s][info][gc,phases   ] GC(155)   Merge Heap Roots: 0.11ms
[69.396s][info][gc,phases   ] GC(155)   Evacuate Collection Set: 9.10ms
[69.396s][info][gc,phases   ] GC(155)   Post Evacuate Collection Set: 0.61ms
[69.396s][info][gc,phases   ] GC(155)   Other: 0.10ms
[69.396s][info][gc,heap     ] GC(155) Eden regions: 223->0(224)
[69.396s][info][gc,heap     ] GC(155) Survivor regions: 3->5(29)
[69.396s][info][gc,heap     ] GC(155) Old regions: 74->69
[69.396s][info][gc,heap     ] GC(155) Humongous regions: 207->207
[69.396s][info][gc,metaspace] GC(155) Metaspace: 56057K(56384K)->56057K(56384K) NonClass: 47772K(48000K)->47772K(48000K) Class: 8284K(8384K)->8284K(8384K)
[69.396s][info][gc          ] GC(155) Pause Young (Mixed) (G1 Evacuation Pause) 506M->280M(538M) 10.420ms
[69.396s][info][gc,cpu      ] GC(155) User=0.02s Sys=0.00s Real=0.01s
[69.916s][info][gc,start    ] GC(156) Pause Young (Concurrent Start) (G1 Evacuation Pause)
[69.916s][info][gc,task     ] GC(156) Using 2 workers of 2 for evacuation
[69.919s][info][gc,phases   ] GC(156)   Pre Evacuate Collection Set: 0.31ms
[69.919s][info][gc,phases   ] GC(156)   Merge Heap Roots: 0.10ms
[69.919s][info][gc,phases   ] GC(156)   Evacuate Collection Set: 1.93ms
[69.919s][info][gc,phases   ] GC(156)   Post Evacuate Collection Set: 0.50ms
[69.919s][info][gc,phases   ] GC(156)   Other: 0.10ms
[69.919s][info][gc,heap     ] GC(156) Eden regions: 224->0(232)
[69.919s][info][gc,heap     ] GC(156) Survivor regions: 5->1(29)
[69.919s][info][gc,heap     ] GC(156) Old regions: 69->69
[69.919s][info][gc,heap     ] GC(156) Humongous regions: 207->207
[69.919s][info][gc,metaspace] GC(156) Metaspace: 56059K(56384K)->56059K(56384K) NonClass: 47774K(48000K)->47774K(48000K) Class: 8284K(8384K)->8284K(8384K)
[69.919s][info][gc          ] GC(156) Pause Young (Concurrent Start) (G1 Evacuation Pause) 504M->276M(538M) 3.124ms
[69.920s][info][gc,cpu      ] GC(156) User=0.01s Sys=0.00s Real=0.01s
[69.920s][info][gc          ] GC(157) Concurrent Mark Cycle
[69.920s][info][gc,marking  ] GC(157) Concurrent Scan Root Regions
[69.923s][info][gc,marking  ] GC(157) Concurrent Scan Root Regions 3.654ms
[69.923s][info][gc,marking  ] GC(157) Concurrent Mark
[69.923s][info][gc,marking  ] GC(157) Concurrent Mark From Roots
[69.923s][info][gc,task     ] GC(157) Using 1 workers of 1 for marking
[69.969s][info][gc,marking  ] GC(157) Concurrent Mark From Roots 45.988ms
[69.969s][info][gc,marking  ] GC(157) Concurrent Preclean
[69.969s][info][gc,marking  ] GC(157) Concurrent Preclean 0.085ms
[69.970s][info][gc,start    ] GC(157) Pause Remark
[69.978s][info][gc          ] GC(157) Pause Remark 302M->302M(538M) 8.740ms
[69.978s][info][gc,cpu      ] GC(157) User=0.01s Sys=0.00s Real=0.01s
[69.979s][info][gc,marking  ] GC(157) Concurrent Mark 55.356ms
[69.979s][info][gc,marking  ] GC(157) Concurrent Rebuild Remembered Sets and Scrub Regions
[70.000s][info][gc,marking  ] GC(157) Concurrent Rebuild Remembered Sets and Scrub Regions 21.177ms
[70.000s][info][gc,start    ] GC(157) Pause Cleanup
[70.000s][info][gc          ] GC(157) Pause Cleanup 311M->311M(538M) 0.077ms
[70.000s][info][gc,cpu      ] GC(157) User=0.00s Sys=0.00s Real=0.00s
[70.000s][info][gc,marking  ] GC(157) Concurrent Clear Claimed Marks
[70.000s][info][gc,marking  ] GC(157) Concurrent Clear Claimed Marks 0.101ms
[70.000s][info][gc,marking  ] GC(157) Concurrent Cleanup for Next Mark
[70.002s][info][gc,marking  ] GC(157) Concurrent Cleanup for Next Mark 1.600ms
[70.002s][info][gc          ] GC(157) Concurrent Mark Cycle 82.321ms
[70.459s][info][gc,start    ] GC(158) Pause Young (Prepare Mixed) (G1 Evacuation Pause)
[70.459s][info][gc,task     ] GC(158) Using 2 workers of 2 for evacuation
[70.463s][info][gc,phases   ] GC(158)   Pre Evacuate Collection Set: 0.26ms
[70.463s][info][gc,phases   ] GC(158)   Merge Heap Roots: 0.11ms
[70.463s][info][gc,phases   ] GC(158)   Evacuate Collection Set: 3.15ms
[70.463s][info][gc,phases   ] GC(158)   Post Evacuate Collection Set: 0.54ms
[70.463s][info][gc,phases   ] GC(158)   Other: 0.10ms
[70.463s][info][gc,heap     ] GC(158) Eden regions: 232->0(230)
[70.463s][info][gc,heap     ] GC(158) Survivor regions: 1->2(30)
[70.463s][info][gc,heap     ] GC(158) Old regions: 69->69
[70.463s][info][gc,heap     ] GC(158) Humongous regions: 207->207
[70.463s][info][gc,metaspace] GC(158) Metaspace: 56059K(56384K)->56059K(56384K) NonClass: 47774K(48000K)->47774K(48000K) Class: 8284K(8384K)->8284K(8384K)
[70.463s][info][gc          ] GC(158) Pause Young (Prepare Mixed) (G1 Evacuation Pause) 508M->277M(538M) 4.357ms
[70.464s][info][gc,cpu      ] GC(158) User=0.01s Sys=0.00s Real=0.00s
[71.047s][info][gc,start    ] GC(159) Pause Young (Mixed) (G1 Evacuation Pause)
[71.047s][info][gc,task     ] GC(159) Using 2 workers of 2 for evacuation
[71.053s][info][gc,phases   ] GC(159)   Pre Evacuate Collection Set: 0.31ms
[71.053s][info][gc,phases   ] GC(159)   Merge Heap Roots: 0.11ms
[71.053s][info][gc,phases   ] GC(159)   Evacuate Collection Set: 4.88ms
[71.053s][info][gc,phases   ] GC(159)   Post Evacuate Collection Set: 0.60ms
[71.053s][info][gc,phases   ] GC(159)   Other: 0.10ms
[71.053s][info][gc,heap     ] GC(159) Eden regions: 230->0(234)
[71.053s][info][gc,heap     ] GC(159) Survivor regions: 2->2(29)
[71.053s][info][gc,heap     ] GC(159) Old regions: 69->65
[71.053s][info][gc,heap     ] GC(159) Humongous regions: 207->207
[71.053s][info][gc,metaspace] GC(159) Metaspace: 56059K(56384K)->56059K(56384K) NonClass: 47774K(48000K)->47774K(48000K) Class: 8284K(8384K)->8284K(8384K)
[71.053s][info][gc          ] GC(159) Pause Young (Mixed) (G1 Evacuation Pause) 507M->273M(538M) 6.177ms
[71.053s][info][gc,cpu      ] GC(159) User=0.01s Sys=0.00s Real=0.00s
[71.660s][info][gc,start    ] GC(160) Pause Young (Concurrent Start) (G1 Evacuation Pause)
[71.660s][info][gc,task     ] GC(160) Using 2 workers of 2 for evacuation
[71.665s][info][gc,phases   ] GC(160)   Pre Evacuate Collection Set: 0.26ms
[71.665s][info][gc,phases   ] GC(160)   Merge Heap Roots: 0.10ms
[71.665s][info][gc,phases   ] GC(160)   Evacuate Collection Set: 3.52ms
[71.665s][info][gc,phases   ] GC(160)   Post Evacuate Collection Set: 0.57ms
[71.665s][info][gc,phases   ] GC(160)   Other: 0.16ms
[71.665s][info][gc,heap     ] GC(160) Eden regions: 234->0(234)
[71.665s][info][gc,heap     ] GC(160) Survivor regions: 2->2(30)
[71.665s][info][gc,heap     ] GC(160) Old regions: 65->65
[71.665s][info][gc,heap     ] GC(160) Humongous regions: 207->207
[71.665s][info][gc,metaspace] GC(160) Metaspace: 56059K(56384K)->56059K(56384K) NonClass: 47774K(48000K)->47774K(48000K) Class: 8284K(8384K)->8284K(8384K)
[71.665s][info][gc          ] GC(160) Pause Young (Concurrent Start) (G1 Evacuation Pause) 507M->273M(538M) 4.807ms
[71.665s][info][gc,cpu      ] GC(160) User=0.01s Sys=0.00s Real=0.00s
[71.666s][info][gc          ] GC(161) Concurrent Mark Cycle
[71.666s][info][gc,marking  ] GC(161) Concurrent Scan Root Regions
[71.677s][info][gc,marking  ] GC(161) Concurrent Scan Root Regions 11.026ms
[71.677s][info][gc,marking  ] GC(161) Concurrent Mark
[71.677s][info][gc,marking  ] GC(161) Concurrent Mark From Roots
[71.677s][info][gc,task     ] GC(161) Using 1 workers of 1 for marking
[71.764s][info][gc,marking  ] GC(161) Concurrent Mark From Roots 86.775ms
[71.764s][info][gc,marking  ] GC(161) Concurrent Preclean
[71.764s][info][gc,marking  ] GC(161) Concurrent Preclean 0.101ms
[71.764s][info][gc,start    ] GC(161) Pause Remark
[71.808s][info][gc          ] GC(161) Pause Remark 286M->286M(538M) 44.143ms
[71.808s][info][gc,cpu      ] GC(161) User=0.03s Sys=0.00s Real=0.05s
[71.809s][info][gc,marking  ] GC(161) Concurrent Mark 132.483ms
[71.809s][info][gc,marking  ] GC(161) Concurrent Rebuild Remembered Sets and Scrub Regions
[71.869s][info][gc,marking  ] GC(161) Concurrent Rebuild Remembered Sets and Scrub Regions 59.921ms
[71.869s][info][gc,start    ] GC(161) Pause Cleanup
[71.870s][info][gc          ] GC(161) Pause Cleanup 311M->311M(538M) 0.086ms
[71.870s][info][gc,cpu      ] GC(161) User=0.00s Sys=0.00s Real=0.00s
[71.871s][info][gc,marking  ] GC(161) Concurrent Clear Claimed Marks
[71.871s][info][gc,marking  ] GC(161) Concurrent Clear Claimed Marks 0.111ms
[71.871s][info][gc,marking  ] GC(161) Concurrent Cleanup for Next Mark
[71.876s][info][gc,marking  ] GC(161) Concurrent Cleanup for Next Mark 5.068ms
[71.876s][info][gc          ] GC(161) Concurrent Mark Cycle 210.047ms
[72.342s][info][gc,start    ] GC(162) Pause Young (Prepare Mixed) (G1 Evacuation Pause)
[72.342s][info][gc,task     ] GC(162) Using 2 workers of 2 for evacuation
[72.348s][info][gc,phases   ] GC(162)   Pre Evacuate Collection Set: 0.33ms
[72.348s][info][gc,phases   ] GC(162)   Merge Heap Roots: 0.12ms
[72.348s][info][gc,phases   ] GC(162)   Evacuate Collection Set: 5.49ms
[72.348s][info][gc,phases   ] GC(162)   Post Evacuate Collection Set: 0.57ms
[72.348s][info][gc,phases   ] GC(162)   Other: 0.11ms
[72.348s][info][gc,heap     ] GC(162) Eden regions: 234->0(234)
[72.348s][info][gc,heap     ] GC(162) Survivor regions: 2->2(30)
[72.348s][info][gc,heap     ] GC(162) Old regions: 65->65
[72.348s][info][gc,heap     ] GC(162) Humongous regions: 207->207
[72.348s][info][gc,metaspace] GC(162) Metaspace: 56059K(56384K)->56059K(56384K) NonClass: 47774K(48000K)->47774K(48000K) Class: 8284K(8384K)->8284K(8384K)
[72.348s][info][gc          ] GC(162) Pause Young (Prepare Mixed) (G1 Evacuation Pause) 507M->273M(538M) 6.804ms
[72.348s][info][gc,cpu      ] GC(162) User=0.01s Sys=0.00s Real=0.01s
[72.940s][info][gc,start    ] GC(163) Pause Young (Mixed) (G1 Evacuation Pause)
[72.940s][info][gc,task     ] GC(163) Using 2 workers of 2 for evacuation
[72.945s][info][gc,phases   ] GC(163)   Pre Evacuate Collection Set: 0.27ms
[72.945s][info][gc,phases   ] GC(163)   Merge Heap Roots: 0.12ms
[72.945s][info][gc,phases   ] GC(163)   Evacuate Collection Set: 3.98ms
[72.945s][info][gc,phases   ] GC(163)   Post Evacuate Collection Set: 0.64ms
[72.945s][info][gc,phases   ] GC(163)   Other: 0.11ms
[72.945s][info][gc,heap     ] GC(163) Eden regions: 234->0(237)
[72.945s][info][gc,heap     ] GC(163) Survivor regions: 2->2(30)
[72.945s][info][gc,heap     ] GC(163) Old regions: 65->62
[72.945s][info][gc,heap     ] GC(163) Humongous regions: 207->207
[72.945s][info][gc,metaspace] GC(163) Metaspace: 56059K(56384K)->56059K(56384K) NonClass: 47774K(48000K)->47774K(48000K) Class: 8284K(8384K)->8284K(8384K)
[72.945s][info][gc          ] GC(163) Pause Young (Mixed) (G1 Evacuation Pause) 507M->269M(538M) 5.295ms
[72.945s][info][gc,cpu      ] GC(163) User=0.01s Sys=0.00s Real=0.00s
[73.539s][info][gc,start    ] GC(164) Pause Young (Concurrent Start) (G1 Evacuation Pause)
[73.539s][info][gc,task     ] GC(164) Using 2 workers of 2 for evacuation
[73.544s][info][gc,phases   ] GC(164)   Pre Evacuate Collection Set: 0.30ms
[73.544s][info][gc,phases   ] GC(164)   Merge Heap Roots: 0.09ms
[73.544s][info][gc,phases   ] GC(164)   Evacuate Collection Set: 4.14ms
[73.544s][info][gc,phases   ] GC(164)   Post Evacuate Collection Set: 0.56ms
[73.544s][info][gc,phases   ] GC(164)   Other: 0.10ms
[73.544s][info][gc,heap     ] GC(164) Eden regions: 237->0(235)
[73.544s][info][gc,heap     ] GC(164) Survivor regions: 2->3(30)
[73.544s][info][gc,heap     ] GC(164) Old regions: 62->62
[73.544s][info][gc,heap     ] GC(164) Humongous regions: 207->207
[73.544s][info][gc,metaspace] GC(164) Metaspace: 56061K(56384K)->56061K(56384K) NonClass: 47776K(48000K)->47776K(48000K) Class: 8284K(8384K)->8284K(8384K)
[73.544s][info][gc          ] GC(164) Pause Young (Concurrent Start) (G1 Evacuation Pause) 506M->270M(538M) 5.409ms
[73.544s][info][gc          ] GC(165) Concurrent Mark Cycle
[73.544s][info][gc,marking  ] GC(165) Concurrent Scan Root Regions
[73.546s][info][gc,cpu      ] GC(164) User=0.01s Sys=0.00s Real=0.00s
[73.550s][info][gc,marking  ] GC(165) Concurrent Scan Root Regions 5.381ms
[73.550s][info][gc,marking  ] GC(165) Concurrent Mark
[73.550s][info][gc,marking  ] GC(165) Concurrent Mark From Roots
[73.550s][info][gc,task     ] GC(165) Using 1 workers of 1 for marking
[73.616s][info][gc,marking  ] GC(165) Concurrent Mark From Roots 66.655ms
[73.616s][info][gc,marking  ] GC(165) Concurrent Preclean
[73.617s][info][gc,marking  ] GC(165) Concurrent Preclean 0.084ms
[73.617s][info][gc,start    ] GC(165) Pause Remark
[73.625s][info][gc          ] GC(165) Pause Remark 297M->297M(538M) 8.407ms
[73.625s][info][gc,cpu      ] GC(165) User=0.01s Sys=0.00s Real=0.00s
[73.626s][info][gc,marking  ] GC(165) Concurrent Mark 76.458ms
[73.626s][info][gc,marking  ] GC(165) Concurrent Rebuild Remembered Sets and Scrub Regions
[73.659s][info][gc,marking  ] GC(165) Concurrent Rebuild Remembered Sets and Scrub Regions 32.959ms
[73.659s][info][gc,start    ] GC(165) Pause Cleanup
[73.659s][info][gc          ] GC(165) Pause Cleanup 316M->316M(538M) 0.071ms
[73.659s][info][gc,cpu      ] GC(165) User=0.00s Sys=0.00s Real=0.00s
[73.659s][info][gc,marking  ] GC(165) Concurrent Clear Claimed Marks
[73.659s][info][gc,marking  ] GC(165) Concurrent Clear Claimed Marks 0.093ms
[73.659s][info][gc,marking  ] GC(165) Concurrent Cleanup for Next Mark
[73.661s][info][gc,marking  ] GC(165) Concurrent Cleanup for Next Mark 1.602ms
[73.661s][info][gc          ] GC(165) Concurrent Mark Cycle 116.829ms
[74.129s][info][gc,start    ] GC(166) Pause Young (Prepare Mixed) (G1 Evacuation Pause)
[74.129s][info][gc,task     ] GC(166) Using 2 workers of 2 for evacuation
[74.134s][info][gc,phases   ] GC(166)   Pre Evacuate Collection Set: 0.25ms
[74.134s][info][gc,phases   ] GC(166)   Merge Heap Roots: 0.11ms
[74.134s][info][gc,phases   ] GC(166)   Evacuate Collection Set: 3.63ms
[74.134s][info][gc,phases   ] GC(166)   Post Evacuate Collection Set: 0.57ms
[74.134s][info][gc,phases   ] GC(166)   Other: 0.09ms
[74.134s][info][gc,heap     ] GC(166) Eden regions: 235->0(235)
[74.134s][info][gc,heap     ] GC(166) Survivor regions: 3->3(30)
[74.134s][info][gc,heap     ] GC(166) Old regions: 62->62
[74.134s][info][gc,heap     ] GC(166) Humongous regions: 207->207
[74.134s][info][gc,metaspace] GC(166) Metaspace: 56061K(56384K)->56061K(56384K) NonClass: 47776K(48000K)->47776K(48000K) Class: 8284K(8384K)->8284K(8384K)
[74.134s][info][gc          ] GC(166) Pause Young (Prepare Mixed) (G1 Evacuation Pause) 505M->270M(538M) 4.841ms
[74.134s][info][gc,cpu      ] GC(166) User=0.01s Sys=0.00s Real=0.00s
[74.721s][info][gc,start    ] GC(167) Pause Young (Mixed) (G1 Evacuation Pause)
[74.721s][info][gc,task     ] GC(167) Using 2 workers of 2 for evacuation
[74.726s][info][gc,phases   ] GC(167)   Pre Evacuate Collection Set: 0.27ms
[74.726s][info][gc,phases   ] GC(167)   Merge Heap Roots: 0.11ms
[74.726s][info][gc,phases   ] GC(167)   Evacuate Collection Set: 3.79ms
[74.726s][info][gc,phases   ] GC(167)   Post Evacuate Collection Set: 0.59ms
[74.726s][info][gc,phases   ] GC(167)   Other: 0.08ms
[74.726s][info][gc,heap     ] GC(167) Eden regions: 235->0(242)
[74.726s][info][gc,heap     ] GC(167) Survivor regions: 3->1(30)
[74.726s][info][gc,heap     ] GC(167) Old regions: 62->59
[74.726s][info][gc,heap     ] GC(167) Humongous regions: 207->207
[74.726s][info][gc,metaspace] GC(167) Metaspace: 56064K(56384K)->56064K(56384K) NonClass: 47779K(48000K)->47779K(48000K) Class: 8284K(8384K)->8284K(8384K)
[74.726s][info][gc          ] GC(167) Pause Young (Mixed) (G1 Evacuation Pause) 505M->266M(538M) 5.045ms
[74.726s][info][gc,cpu      ] GC(167) User=0.01s Sys=0.00s Real=0.00s
[75.328s][info][gc,start    ] GC(168) Pause Young (Concurrent Start) (G1 Evacuation Pause)
[75.328s][info][gc,task     ] GC(168) Using 2 workers of 2 for evacuation
[75.332s][info][gc,phases   ] GC(168)   Pre Evacuate Collection Set: 0.30ms
[75.332s][info][gc,phases   ] GC(168)   Merge Heap Roots: 0.10ms
[75.332s][info][gc,phases   ] GC(168)   Evacuate Collection Set: 3.01ms
[75.332s][info][gc,phases   ] GC(168)   Post Evacuate Collection Set: 0.55ms
[75.332s][info][gc,phases   ] GC(168)   Other: 0.10ms
[75.332s][info][gc,heap     ] GC(168) Eden regions: 242->0(240)
[75.332s][info][gc,heap     ] GC(168) Survivor regions: 1->2(31)
[75.332s][info][gc,heap     ] GC(168) Old regions: 59->59
[75.332s][info][gc,heap     ] GC(168) Humongous regions: 207->207
[75.332s][info][gc,metaspace] GC(168) Metaspace: 56064K(56384K)->56064K(56384K) NonClass: 47779K(48000K)->47779K(48000K) Class: 8284K(8384K)->8284K(8384K)
[75.332s][info][gc          ] GC(168) Pause Young (Concurrent Start) (G1 Evacuation Pause) 508M->267M(538M) 4.261ms
[75.332s][info][gc,cpu      ] GC(168) User=0.00s Sys=0.00s Real=0.00s
[75.332s][info][gc          ] GC(169) Concurrent Mark Cycle
[75.333s][info][gc,marking  ] GC(169) Concurrent Scan Root Regions
[75.340s][info][gc,marking  ] GC(169) Concurrent Scan Root Regions 7.059ms
[75.340s][info][gc,marking  ] GC(169) Concurrent Mark
[75.340s][info][gc,marking  ] GC(169) Concurrent Mark From Roots
[75.340s][info][gc,task     ] GC(169) Using 1 workers of 1 for marking
[75.401s][info][gc,marking  ] GC(169) Concurrent Mark From Roots 61.818ms
[75.401s][info][gc,marking  ] GC(169) Concurrent Preclean
[75.402s][info][gc,marking  ] GC(169) Concurrent Preclean 0.079ms
[75.402s][info][gc,start    ] GC(169) Pause Remark
[75.410s][info][gc          ] GC(169) Pause Remark 297M->297M(538M) 8.343ms
[75.410s][info][gc,cpu      ] GC(169) User=0.01s Sys=0.00s Real=0.01s
[75.411s][info][gc,marking  ] GC(169) Concurrent Mark 70.916ms
[75.411s][info][gc,marking  ] GC(169) Concurrent Rebuild Remembered Sets and Scrub Regions
[75.436s][info][gc,marking  ] GC(169) Concurrent Rebuild Remembered Sets and Scrub Regions 25.582ms
[75.436s][info][gc,start    ] GC(169) Pause Cleanup
[75.436s][info][gc          ] GC(169) Pause Cleanup 310M->310M(538M) 0.084ms
[75.436s][info][gc,cpu      ] GC(169) User=0.00s Sys=0.00s Real=0.00s
[75.437s][info][gc,marking  ] GC(169) Concurrent Clear Claimed Marks
[75.437s][info][gc,marking  ] GC(169) Concurrent Clear Claimed Marks 0.106ms
[75.437s][info][gc,marking  ] GC(169) Concurrent Cleanup for Next Mark
[75.439s][info][gc,marking  ] GC(169) Concurrent Cleanup for Next Mark 1.818ms
[75.439s][info][gc          ] GC(169) Concurrent Mark Cycle 107.121ms
[75.940s][info][gc,start    ] GC(170) Pause Young (Prepare Mixed) (G1 Evacuation Pause)
[75.940s][info][gc,task     ] GC(170) Using 2 workers of 2 for evacuation
[75.957s][info][gc,phases   ] GC(170)   Pre Evacuate Collection Set: 0.35ms
[75.957s][info][gc,phases   ] GC(170)   Merge Heap Roots: 0.13ms
[75.957s][info][gc,phases   ] GC(170)   Evacuate Collection Set: 15.45ms
[75.957s][info][gc,phases   ] GC(170)   Post Evacuate Collection Set: 0.90ms
[75.957s][info][gc,phases   ] GC(170)   Other: 0.09ms
[75.957s][info][gc,heap     ] GC(170) Eden regions: 240->0(238)
[75.957s][info][gc,heap     ] GC(170) Survivor regions: 2->3(31)
[75.957s][info][gc,heap     ] GC(170) Old regions: 59->59
[75.957s][info][gc,heap     ] GC(170) Humongous regions: 207->207
[75.957s][info][gc,metaspace] GC(170) Metaspace: 56065K(56384K)->56065K(56384K) NonClass: 47780K(48000K)->47780K(48000K) Class: 8284K(8384K)->8284K(8384K)
[75.957s][info][gc          ] GC(170) Pause Young (Prepare Mixed) (G1 Evacuation Pause) 507M->267M(538M) 17.121ms
[75.957s][info][gc,cpu      ] GC(170) User=0.02s Sys=0.00s Real=0.02s
[76.529s][info][gc,start    ] GC(171) Pause Young (Mixed) (G1 Evacuation Pause)
[76.529s][info][gc,task     ] GC(171) Using 2 workers of 2 for evacuation
[76.542s][info][gc,phases   ] GC(171)   Pre Evacuate Collection Set: 0.31ms
[76.542s][info][gc,phases   ] GC(171)   Merge Heap Roots: 0.29ms
[76.542s][info][gc,phases   ] GC(171)   Evacuate Collection Set: 11.20ms
[76.542s][info][gc,phases   ] GC(171)   Post Evacuate Collection Set: 0.78ms
[76.542s][info][gc,phases   ] GC(171)   Other: 0.10ms
[76.542s][info][gc,heap     ] GC(171) Eden regions: 238->0(242)
[76.542s][info][gc,heap     ] GC(171) Survivor regions: 3->2(31)
[76.542s][info][gc,heap     ] GC(171) Old regions: 59->57
[76.542s][info][gc,heap     ] GC(171) Humongous regions: 207->207
[76.542s][info][gc,metaspace] GC(171) Metaspace: 56065K(56384K)->56065K(56384K) NonClass: 47780K(48000K)->47780K(48000K) Class: 8284K(8384K)->8284K(8384K)
[76.542s][info][gc          ] GC(171) Pause Young (Mixed) (G1 Evacuation Pause) 505M->264M(538M) 12.883ms
[76.542s][info][gc,cpu      ] GC(171) User=0.02s Sys=0.00s Real=0.01s
[77.133s][info][gc,start    ] GC(172) Pause Young (Concurrent Start) (G1 Evacuation Pause)
[77.133s][info][gc,task     ] GC(172) Using 2 workers of 2 for evacuation
[77.138s][info][gc,phases   ] GC(172)   Pre Evacuate Collection Set: 0.29ms
[77.138s][info][gc,phases   ] GC(172)   Merge Heap Roots: 0.09ms
[77.138s][info][gc,phases   ] GC(172)   Evacuate Collection Set: 3.86ms
[77.138s][info][gc,phases   ] GC(172)   Post Evacuate Collection Set: 0.58ms
[77.138s][info][gc,phases   ] GC(172)   Other: 0.10ms
[77.138s][info][gc,heap     ] GC(172) Eden regions: 242->0(242)
[77.138s][info][gc,heap     ] GC(172) Survivor regions: 2->2(31)
[77.138s][info][gc,heap     ] GC(172) Old regions: 57->57
[77.138s][info][gc,heap     ] GC(172) Humongous regions: 207->207
[77.138s][info][gc,metaspace] GC(172) Metaspace: 56065K(56384K)->56065K(56384K) NonClass: 47780K(48000K)->47780K(48000K) Class: 8284K(8384K)->8284K(8384K)
[77.138s][info][gc          ] GC(172) Pause Young (Concurrent Start) (G1 Evacuation Pause) 506M->264M(538M) 5.105ms
[77.138s][info][gc          ] GC(173) Concurrent Mark Cycle
[77.138s][info][gc,marking  ] GC(173) Concurrent Scan Root Regions
[77.140s][info][gc,cpu      ] GC(172) User=0.01s Sys=0.00s Real=0.01s
[77.143s][info][gc,marking  ] GC(173) Concurrent Scan Root Regions 4.841ms
[77.143s][info][gc,marking  ] GC(173) Concurrent Mark
[77.143s][info][gc,marking  ] GC(173) Concurrent Mark From Roots
[77.143s][info][gc,task     ] GC(173) Using 1 workers of 1 for marking
[77.204s][info][gc,marking  ] GC(173) Concurrent Mark From Roots 61.266ms
[77.204s][info][gc,marking  ] GC(173) Concurrent Preclean
[77.204s][info][gc,marking  ] GC(173) Concurrent Preclean 0.081ms
[77.204s][info][gc,start    ] GC(173) Pause Remark
[77.214s][info][gc          ] GC(173) Pause Remark 294M->294M(538M) 10.099ms
[77.215s][info][gc,cpu      ] GC(173) User=0.02s Sys=0.00s Real=0.01s
[77.217s][info][gc,marking  ] GC(173) Concurrent Mark 73.982ms
[77.217s][info][gc,marking  ] GC(173) Concurrent Rebuild Remembered Sets and Scrub Regions
[77.238s][info][gc,marking  ] GC(173) Concurrent Rebuild Remembered Sets and Scrub Regions 21.392ms
[77.239s][info][gc,start    ] GC(173) Pause Cleanup
[77.239s][info][gc          ] GC(173) Pause Cleanup 305M->305M(538M) 0.090ms
[77.239s][info][gc,cpu      ] GC(173) User=0.00s Sys=0.00s Real=0.00s
[77.239s][info][gc,marking  ] GC(173) Concurrent Clear Claimed Marks
[77.239s][info][gc,marking  ] GC(173) Concurrent Clear Claimed Marks 0.120ms
[77.239s][info][gc,marking  ] GC(173) Concurrent Cleanup for Next Mark
[77.245s][info][gc,marking  ] GC(173) Concurrent Cleanup for Next Mark 5.484ms
[77.245s][info][gc          ] GC(173) Concurrent Mark Cycle 106.744ms
[77.731s][info][gc,start    ] GC(174) Pause Young (Prepare Mixed) (G1 Evacuation Pause)
[77.731s][info][gc,task     ] GC(174) Using 2 workers of 2 for evacuation
[77.741s][info][gc,phases   ] GC(174)   Pre Evacuate Collection Set: 0.42ms
[77.741s][info][gc,phases   ] GC(174)   Merge Heap Roots: 0.16ms
[77.741s][info][gc,phases   ] GC(174)   Evacuate Collection Set: 7.77ms
[77.741s][info][gc,phases   ] GC(174)   Post Evacuate Collection Set: 0.90ms
[77.741s][info][gc,phases   ] GC(174)   Other: 0.11ms
[77.741s][info][gc,heap     ] GC(174) Eden regions: 242->0(242)
[77.741s][info][gc,heap     ] GC(174) Survivor regions: 2->2(31)
[77.741s][info][gc,heap     ] GC(174) Old regions: 57->57
[77.741s][info][gc,heap     ] GC(174) Humongous regions: 207->207
[77.741s][info][gc,metaspace] GC(174) Metaspace: 56065K(56384K)->56065K(56384K) NonClass: 47780K(48000K)->47780K(48000K) Class: 8284K(8384K)->8284K(8384K)
[77.741s][info][gc          ] GC(174) Pause Young (Prepare Mixed) (G1 Evacuation Pause) 506M->265M(538M) 9.558ms
[77.741s][info][gc,cpu      ] GC(174) User=0.01s Sys=0.00s Real=0.01s
[78.336s][info][gc,start    ] GC(175) Pause Young (Mixed) (G1 Evacuation Pause)
[78.336s][info][gc,task     ] GC(175) Using 2 workers of 2 for evacuation
[78.349s][info][gc,phases   ] GC(175)   Pre Evacuate Collection Set: 0.40ms
[78.349s][info][gc,phases   ] GC(175)   Merge Heap Roots: 0.18ms
[78.349s][info][gc,phases   ] GC(175)   Evacuate Collection Set: 12.08ms
[78.349s][info][gc,phases   ] GC(175)   Post Evacuate Collection Set: 0.62ms
[78.349s][info][gc,phases   ] GC(175)   Other: 0.08ms
[78.349s][info][gc,heap     ] GC(175) Eden regions: 242->0(244)
[78.349s][info][gc,heap     ] GC(175) Survivor regions: 2->2(31)
[78.349s][info][gc,heap     ] GC(175) Old regions: 57->55
[78.349s][info][gc,heap     ] GC(175) Humongous regions: 207->207
[78.349s][info][gc,metaspace] GC(175) Metaspace: 56065K(56384K)->56065K(56384K) NonClass: 47780K(48000K)->47780K(48000K) Class: 8284K(8384K)->8284K(8384K)
[78.349s][info][gc          ] GC(175) Pause Young (Mixed) (G1 Evacuation Pause) 507M->263M(538M) 13.563ms
[78.349s][info][gc,cpu      ] GC(175) User=0.01s Sys=0.00s Real=0.02s
[78.960s][info][gc,start    ] GC(176) Pause Young (Concurrent Start) (G1 Evacuation Pause)
[78.960s][info][gc,task     ] GC(176) Using 2 workers of 2 for evacuation
[78.986s][info][gc,phases   ] GC(176)   Pre Evacuate Collection Set: 1.97ms
[78.986s][info][gc,phases   ] GC(176)   Merge Heap Roots: 0.12ms
[78.986s][info][gc,phases   ] GC(176)   Evacuate Collection Set: 22.37ms
[78.986s][info][gc,phases   ] GC(176)   Post Evacuate Collection Set: 1.00ms
[78.986s][info][gc,phases   ] GC(176)   Other: 0.15ms
[78.986s][info][gc,heap     ] GC(176) Eden regions: 244->0(240)
[78.986s][info][gc,heap     ] GC(176) Survivor regions: 2->4(31)
[78.986s][info][gc,heap     ] GC(176) Old regions: 55->55
[78.986s][info][gc,heap     ] GC(176) Humongous regions: 207->207
[78.986s][info][gc,metaspace] GC(176) Metaspace: 56065K(56384K)->56065K(56384K) NonClass: 47780K(48000K)->47780K(48000K) Class: 8284K(8384K)->8284K(8384K)
[78.986s][info][gc          ] GC(176) Pause Young (Concurrent Start) (G1 Evacuation Pause) 507M->265M(538M) 25.844ms
[78.986s][info][gc          ] GC(177) Concurrent Mark Cycle
[78.986s][info][gc,marking  ] GC(177) Concurrent Scan Root Regions
[78.986s][info][gc,cpu      ] GC(176) User=0.02s Sys=0.00s Real=0.02s
[79.000s][info][gc,marking  ] GC(177) Concurrent Scan Root Regions 13.478ms
[79.000s][info][gc,marking  ] GC(177) Concurrent Mark
[79.000s][info][gc,marking  ] GC(177) Concurrent Mark From Roots
[79.000s][info][gc,task     ] GC(177) Using 1 workers of 1 for marking
[79.061s][info][gc,marking  ] GC(177) Concurrent Mark From Roots 61.099ms
[79.061s][info][gc,marking  ] GC(177) Concurrent Preclean
[79.062s][info][gc,marking  ] GC(177) Concurrent Preclean 0.841ms
[79.062s][info][gc,start    ] GC(177) Pause Remark
[79.071s][info][gc          ] GC(177) Pause Remark 275M->275M(538M) 9.139ms
[79.071s][info][gc,cpu      ] GC(177) User=0.01s Sys=0.00s Real=0.01s
[79.071s][info][gc,marking  ] GC(177) Concurrent Mark 71.322ms
[79.071s][info][gc,marking  ] GC(177) Concurrent Rebuild Remembered Sets and Scrub Regions
[79.090s][info][gc,marking  ] GC(177) Concurrent Rebuild Remembered Sets and Scrub Regions 18.923ms
[79.090s][info][gc,start    ] GC(177) Pause Cleanup
[79.090s][info][gc          ] GC(177) Pause Cleanup 282M->282M(538M) 0.068ms
[79.090s][info][gc,cpu      ] GC(177) User=0.00s Sys=0.00s Real=0.00s
[79.090s][info][gc,marking  ] GC(177) Concurrent Clear Claimed Marks
[79.090s][info][gc,marking  ] GC(177) Concurrent Clear Claimed Marks 0.104ms
[79.090s][info][gc,marking  ] GC(177) Concurrent Cleanup for Next Mark
[79.092s][info][gc,marking  ] GC(177) Concurrent Cleanup for Next Mark 1.648ms
[79.092s][info][gc          ] GC(177) Concurrent Mark Cycle 105.867ms
[79.543s][info][gc,start    ] GC(178) Pause Young (Prepare Mixed) (G1 Evacuation Pause)
[79.543s][info][gc,task     ] GC(178) Using 2 workers of 2 for evacuation
[79.550s][info][gc,phases   ] GC(178)   Pre Evacuate Collection Set: 0.27ms
[79.550s][info][gc,phases   ] GC(178)   Merge Heap Roots: 0.10ms
[79.550s][info][gc,phases   ] GC(178)   Evacuate Collection Set: 5.13ms
[79.550s][info][gc,phases   ] GC(178)   Post Evacuate Collection Set: 0.59ms
[79.550s][info][gc,phases   ] GC(178)   Other: 0.10ms
[79.550s][info][gc,heap     ] GC(178) Eden regions: 240->0(242)
[79.550s][info][gc,heap     ] GC(178) Survivor regions: 4->3(31)
[79.550s][info][gc,heap     ] GC(178) Old regions: 55->55
[79.550s][info][gc,heap     ] GC(178) Humongous regions: 207->207
[79.550s][info][gc,metaspace] GC(178) Metaspace: 56065K(56384K)->56065K(56384K) NonClass: 47780K(48000K)->47780K(48000K) Class: 8284K(8384K)->8284K(8384K)
[79.550s][info][gc          ] GC(178) Pause Young (Prepare Mixed) (G1 Evacuation Pause) 505M->264M(538M) 6.413ms
[79.550s][info][gc,cpu      ] GC(178) User=0.01s Sys=0.00s Real=0.01s
[80.151s][info][gc,start    ] GC(179) Pause Young (Mixed) (G1 Evacuation Pause)
[80.151s][info][gc,task     ] GC(179) Using 2 workers of 2 for evacuation
[80.161s][info][gc,phases   ] GC(179)   Pre Evacuate Collection Set: 0.28ms
[80.161s][info][gc,phases   ] GC(179)   Merge Heap Roots: 0.19ms
[80.161s][info][gc,phases   ] GC(179)   Evacuate Collection Set: 9.05ms
[80.161s][info][gc,phases   ] GC(179)   Post Evacuate Collection Set: 0.67ms
[80.161s][info][gc,phases   ] GC(179)   Other: 0.11ms
[80.161s][info][gc,heap     ] GC(179) Eden regions: 242->0(243)
[80.161s][info][gc,heap     ] GC(179) Survivor regions: 3->3(31)
[80.161s][info][gc,heap     ] GC(179) Old regions: 55->54
[80.161s][info][gc,heap     ] GC(179) Humongous regions: 207->207
[80.161s][info][gc,metaspace] GC(179) Metaspace: 56066K(56384K)->56066K(56384K) NonClass: 47781K(48000K)->47781K(48000K) Class: 8284K(8384K)->8284K(8384K)
[80.161s][info][gc          ] GC(179) Pause Young (Mixed) (G1 Evacuation Pause) 506M->263M(538M) 10.474ms
[80.161s][info][gc,cpu      ] GC(179) User=0.02s Sys=0.00s Real=0.01s
[80.758s][info][gc,start    ] GC(180) Pause Young (Concurrent Start) (G1 Evacuation Pause)
[80.759s][info][gc,task     ] GC(180) Using 2 workers of 2 for evacuation
[80.764s][info][gc,phases   ] GC(180)   Pre Evacuate Collection Set: 0.31ms
[80.764s][info][gc,phases   ] GC(180)   Merge Heap Roots: 0.10ms
[80.764s][info][gc,phases   ] GC(180)   Evacuate Collection Set: 4.51ms
[80.764s][info][gc,phases   ] GC(180)   Post Evacuate Collection Set: 0.55ms
[80.764s][info][gc,phases   ] GC(180)   Other: 0.10ms
[80.764s][info][gc,heap     ] GC(180) Eden regions: 243->0(245)
[80.764s][info][gc,heap     ] GC(180) Survivor regions: 3->2(31)
[80.764s][info][gc,heap     ] GC(180) Old regions: 54->54
[80.764s][info][gc,heap     ] GC(180) Humongous regions: 207->207
[80.764s][info][gc,metaspace] GC(180) Metaspace: 56066K(56384K)->56066K(56384K) NonClass: 47781K(48000K)->47781K(48000K) Class: 8284K(8384K)->8284K(8384K)
[80.764s][info][gc          ] GC(180) Pause Young (Concurrent Start) (G1 Evacuation Pause) 506M->262M(538M) 5.750ms
[80.764s][info][gc,cpu      ] GC(180) User=0.01s Sys=0.00s Real=0.00s
[80.764s][info][gc          ] GC(181) Concurrent Mark Cycle
[80.764s][info][gc,marking  ] GC(181) Concurrent Scan Root Regions
[80.768s][info][gc,marking  ] GC(181) Concurrent Scan Root Regions 3.281ms
[80.768s][info][gc,marking  ] GC(181) Concurrent Mark
[80.768s][info][gc,marking  ] GC(181) Concurrent Mark From Roots
[80.768s][info][gc,task     ] GC(181) Using 1 workers of 1 for marking
[80.812s][info][gc,marking  ] GC(181) Concurrent Mark From Roots 44.762ms
[80.812s][info][gc,marking  ] GC(181) Concurrent Preclean
[80.813s][info][gc,marking  ] GC(181) Concurrent Preclean 0.075ms
[80.813s][info][gc,start    ] GC(181) Pause Remark
[80.821s][info][gc          ] GC(181) Pause Remark 271M->271M(538M) 8.564ms
[80.821s][info][gc,cpu      ] GC(181) User=0.02s Sys=0.00s Real=0.01s
[80.822s][info][gc,marking  ] GC(181) Concurrent Mark 54.729ms
[80.822s][info][gc,marking  ] GC(181) Concurrent Rebuild Remembered Sets and Scrub Regions
[80.857s][info][gc,marking  ] GC(181) Concurrent Rebuild Remembered Sets and Scrub Regions 34.333ms
[80.857s][info][gc,start    ] GC(181) Pause Cleanup
[80.857s][info][gc          ] GC(181) Pause Cleanup 296M->296M(538M) 0.073ms
[80.857s][info][gc,cpu      ] GC(181) User=0.00s Sys=0.00s Real=0.00s
[80.858s][info][gc,marking  ] GC(181) Concurrent Clear Claimed Marks
[80.858s][info][gc,marking  ] GC(181) Concurrent Clear Claimed Marks 0.120ms
[80.858s][info][gc,marking  ] GC(181) Concurrent Cleanup for Next Mark
[80.859s][info][gc,marking  ] GC(181) Concurrent Cleanup for Next Mark 1.649ms
[80.859s][info][gc          ] GC(181) Concurrent Mark Cycle 95.086ms
[81.367s][info][gc,start    ] GC(182) Pause Young (Prepare Mixed) (G1 Evacuation Pause)
[81.367s][info][gc,task     ] GC(182) Using 2 workers of 2 for evacuation
[81.370s][info][gc,phases   ] GC(182)   Pre Evacuate Collection Set: 0.26ms
[81.370s][info][gc,phases   ] GC(182)   Merge Heap Roots: 0.11ms
[81.370s][info][gc,phases   ] GC(182)   Evacuate Collection Set: 2.44ms
[81.370s][info][gc,phases   ] GC(182)   Post Evacuate Collection Set: 0.58ms
[81.370s][info][gc,phases   ] GC(182)   Other: 0.12ms
[81.370s][info][gc,heap     ] GC(182) Eden regions: 245->0(245)
[81.370s][info][gc,heap     ] GC(182) Survivor regions: 2->2(31)
[81.370s][info][gc,heap     ] GC(182) Old regions: 54->54
[81.370s][info][gc,heap     ] GC(182) Humongous regions: 207->207
[81.370s][info][gc,metaspace] GC(182) Metaspace: 56066K(56384K)->56066K(56384K) NonClass: 47781K(48000K)->47781K(48000K) Class: 8284K(8384K)->8284K(8384K)
[81.370s][info][gc          ] GC(182) Pause Young (Prepare Mixed) (G1 Evacuation Pause) 507M->262M(538M) 3.721ms
[81.370s][info][gc,cpu      ] GC(182) User=0.00s Sys=0.01s Real=0.01s
[82.028s][info][gc,start    ] GC(183) Pause Young (Mixed) (G1 Evacuation Pause)
[82.028s][info][gc,task     ] GC(183) Using 2 workers of 2 for evacuation
[82.036s][info][gc,phases   ] GC(183)   Pre Evacuate Collection Set: 0.32ms
[82.036s][info][gc,phases   ] GC(183)   Merge Heap Roots: 0.20ms
[82.036s][info][gc,phases   ] GC(183)   Evacuate Collection Set: 6.03ms
[82.036s][info][gc,phases   ] GC(183)   Post Evacuate Collection Set: 0.84ms
[82.036s][info][gc,phases   ] GC(183)   Other: 0.08ms
[82.036s][info][gc,heap     ] GC(183) Eden regions: 245->0(248)
[82.036s][info][gc,heap     ] GC(183) Survivor regions: 2->1(31)
[82.036s][info][gc,heap     ] GC(183) Old regions: 54->53
[82.036s][info][gc,heap     ] GC(183) Humongous regions: 207->207
[82.036s][info][gc,metaspace] GC(183) Metaspace: 56066K(56384K)->56066K(56384K) NonClass: 47781K(48000K)->47781K(48000K) Class: 8284K(8384K)->8284K(8384K)
[82.036s][info][gc          ] GC(183) Pause Young (Mixed) (G1 Evacuation Pause) 507M->260M(538M) 7.673ms
[82.036s][info][gc,cpu      ] GC(183) User=0.02s Sys=0.00s Real=0.00s
[82.695s][info][gc,start    ] GC(184) Pause Young (Concurrent Start) (G1 Evacuation Pause)
[82.695s][info][gc,task     ] GC(184) Using 2 workers of 2 for evacuation
[82.701s][info][gc,phases   ] GC(184)   Pre Evacuate Collection Set: 0.29ms
[82.701s][info][gc,phases   ] GC(184)   Merge Heap Roots: 0.09ms
[82.701s][info][gc,phases   ] GC(184)   Evacuate Collection Set: 4.55ms
[82.701s][info][gc,phases   ] GC(184)   Post Evacuate Collection Set: 0.60ms
[82.701s][info][gc,phases   ] GC(184)   Other: 0.12ms
[82.701s][info][gc,heap     ] GC(184) Eden regions: 248->0(244)
[82.701s][info][gc,heap     ] GC(184) Survivor regions: 1->3(32)
[82.701s][info][gc,heap     ] GC(184) Old regions: 53->53
[82.701s][info][gc,heap     ] GC(184) Humongous regions: 207->207
[82.701s][info][gc,metaspace] GC(184) Metaspace: 56066K(56384K)->56066K(56384K) NonClass: 47781K(48000K)->47781K(48000K) Class: 8284K(8384K)->8284K(8384K)
[82.701s][info][gc          ] GC(184) Pause Young (Concurrent Start) (G1 Evacuation Pause) 508M->262M(538M) 5.832ms
[82.701s][info][gc,cpu      ] GC(184) User=0.01s Sys=0.00s Real=0.01s
[82.701s][info][gc          ] GC(185) Concurrent Mark Cycle
[82.702s][info][gc,marking  ] GC(185) Concurrent Scan Root Regions
[82.713s][info][gc,marking  ] GC(185) Concurrent Scan Root Regions 11.529ms
[82.713s][info][gc,marking  ] GC(185) Concurrent Mark
[82.713s][info][gc,marking  ] GC(185) Concurrent Mark From Roots
[82.713s][info][gc,task     ] GC(185) Using 1 workers of 1 for marking
[82.798s][info][gc,marking  ] GC(185) Concurrent Mark From Roots 84.565ms
[82.798s][info][gc,marking  ] GC(185) Concurrent Preclean
[82.798s][info][gc,marking  ] GC(185) Concurrent Preclean 0.097ms
[82.798s][info][gc,start    ] GC(185) Pause Remark
[82.807s][info][gc          ] GC(185) Pause Remark 310M->310M(538M) 8.440ms
[82.807s][info][gc,cpu      ] GC(185) User=0.02s Sys=0.00s Real=0.00s
[82.807s][info][gc,marking  ] GC(185) Concurrent Mark 93.464ms
[82.807s][info][gc,marking  ] GC(185) Concurrent Rebuild Remembered Sets and Scrub Regions
[82.832s][info][gc,marking  ] GC(185) Concurrent Rebuild Remembered Sets and Scrub Regions 25.701ms
[82.833s][info][gc,start    ] GC(185) Pause Cleanup
[82.833s][info][gc          ] GC(185) Pause Cleanup 322M->322M(538M) 0.096ms
[82.833s][info][gc,cpu      ] GC(185) User=0.00s Sys=0.00s Real=0.00s
[82.833s][info][gc,marking  ] GC(185) Concurrent Clear Claimed Marks
[82.833s][info][gc,marking  ] GC(185) Concurrent Clear Claimed Marks 0.098ms
[82.833s][info][gc,marking  ] GC(185) Concurrent Cleanup for Next Mark
[82.837s][info][gc,marking  ] GC(185) Concurrent Cleanup for Next Mark 3.884ms
[82.837s][info][gc          ] GC(185) Concurrent Mark Cycle 135.947ms
[83.249s][info][gc,start    ] GC(186) Pause Young (Prepare Mixed) (G1 Evacuation Pause)
[83.249s][info][gc,task     ] GC(186) Using 2 workers of 2 for evacuation
[83.254s][info][gc,phases   ] GC(186)   Pre Evacuate Collection Set: 0.27ms
[83.254s][info][gc,phases   ] GC(186)   Merge Heap Roots: 0.11ms
[83.254s][info][gc,phases   ] GC(186)   Evacuate Collection Set: 3.33ms
[83.254s][info][gc,phases   ] GC(186)   Post Evacuate Collection Set: 0.58ms
[83.254s][info][gc,phases   ] GC(186)   Other: 0.10ms
[83.254s][info][gc,heap     ] GC(186) Eden regions: 244->0(246)
[83.254s][info][gc,heap     ] GC(186) Survivor regions: 3->2(31)
[83.254s][info][gc,heap     ] GC(186) Old regions: 53->53
[83.254s][info][gc,heap     ] GC(186) Humongous regions: 207->207
[83.254s][info][gc,metaspace] GC(186) Metaspace: 56066K(56384K)->56066K(56384K) NonClass: 47781K(48000K)->47781K(48000K) Class: 8284K(8384K)->8284K(8384K)
[83.254s][info][gc          ] GC(186) Pause Young (Prepare Mixed) (G1 Evacuation Pause) 506M->261M(538M) 4.562ms
[83.254s][info][gc,cpu      ] GC(186) User=0.01s Sys=0.00s Real=0.00s
[83.873s][info][gc,start    ] GC(187) Pause Young (Mixed) (G1 Evacuation Pause)
[83.873s][info][gc,task     ] GC(187) Using 2 workers of 2 for evacuation
[83.879s][info][gc,phases   ] GC(187)   Pre Evacuate Collection Set: 0.26ms
[83.879s][info][gc,phases   ] GC(187)   Merge Heap Roots: 0.09ms
[83.879s][info][gc,phases   ] GC(187)   Evacuate Collection Set: 5.17ms
[83.879s][info][gc,phases   ] GC(187)   Post Evacuate Collection Set: 0.57ms
[83.879s][info][gc,phases   ] GC(187)   Other: 0.09ms
[83.879s][info][gc,heap     ] GC(187) Eden regions: 246->0(247)
[83.879s][info][gc,heap     ] GC(187) Survivor regions: 2->2(31)
[83.879s][info][gc,heap     ] GC(187) Old regions: 53->52
[83.879s][info][gc,heap     ] GC(187) Humongous regions: 207->207
[83.879s][info][gc,metaspace] GC(187) Metaspace: 56066K(56384K)->56066K(56384K) NonClass: 47781K(48000K)->47781K(48000K) Class: 8284K(8384K)->8284K(8384K)
[83.879s][info][gc          ] GC(187) Pause Young (Mixed) (G1 Evacuation Pause) 507M->260M(538M) 6.367ms
[83.879s][info][gc,cpu      ] GC(187) User=0.01s Sys=0.00s Real=0.01s
[84.517s][info][gc,start    ] GC(188) Pause Young (Concurrent Start) (G1 Evacuation Pause)
[84.517s][info][gc,task     ] GC(188) Using 2 workers of 2 for evacuation
[84.521s][info][gc,phases   ] GC(188)   Pre Evacuate Collection Set: 0.31ms
[84.521s][info][gc,phases   ] GC(188)   Merge Heap Roots: 0.10ms
[84.521s][info][gc,phases   ] GC(188)   Evacuate Collection Set: 2.43ms
[84.521s][info][gc,phases   ] GC(188)   Post Evacuate Collection Set: 0.56ms
[84.521s][info][gc,phases   ] GC(188)   Other: 0.11ms
[84.521s][info][gc,heap     ] GC(188) Eden regions: 247->0(249)
[84.521s][info][gc,heap     ] GC(188) Survivor regions: 2->1(32)
[84.521s][info][gc,heap     ] GC(188) Old regions: 52->52
[84.521s][info][gc,heap     ] GC(188) Humongous regions: 207->207
[84.521s][info][gc,metaspace] GC(188) Metaspace: 56066K(56384K)->56066K(56384K) NonClass: 47781K(48000K)->47781K(48000K) Class: 8284K(8384K)->8284K(8384K)
[84.521s][info][gc          ] GC(188) Pause Young (Concurrent Start) (G1 Evacuation Pause) 507M->259M(538M) 3.724ms
[84.521s][info][gc,cpu      ] GC(188) User=0.01s Sys=0.00s Real=0.00s
[84.521s][info][gc          ] GC(189) Concurrent Mark Cycle
[84.521s][info][gc,marking  ] GC(189) Concurrent Scan Root Regions
[84.528s][info][gc,marking  ] GC(189) Concurrent Scan Root Regions 6.224ms
[84.528s][info][gc,marking  ] GC(189) Concurrent Mark
[84.528s][info][gc,marking  ] GC(189) Concurrent Mark From Roots
[84.528s][info][gc,task     ] GC(189) Using 1 workers of 1 for marking
[84.579s][info][gc,marking  ] GC(189) Concurrent Mark From Roots 51.062ms
[84.579s][info][gc,marking  ] GC(189) Concurrent Preclean
[84.579s][info][gc,marking  ] GC(189) Concurrent Preclean 0.090ms
[84.579s][info][gc,start    ] GC(189) Pause Remark
[84.587s][info][gc          ] GC(189) Pause Remark 289M->289M(538M) 8.383ms
[84.588s][info][gc,cpu      ] GC(189) User=0.01s Sys=0.01s Real=0.01s
[84.589s][info][gc,marking  ] GC(189) Concurrent Mark 60.840ms
[84.589s][info][gc,marking  ] GC(189) Concurrent Rebuild Remembered Sets and Scrub Regions
[84.611s][info][gc,marking  ] GC(189) Concurrent Rebuild Remembered Sets and Scrub Regions 22.068ms
[84.611s][info][gc,start    ] GC(189) Pause Cleanup
[84.611s][info][gc          ] GC(189) Pause Cleanup 297M->297M(538M) 0.069ms
[84.611s][info][gc,cpu      ] GC(189) User=0.00s Sys=0.00s Real=0.00s
[84.611s][info][gc,marking  ] GC(189) Concurrent Clear Claimed Marks
[84.611s][info][gc,marking  ] GC(189) Concurrent Clear Claimed Marks 0.094ms
[84.611s][info][gc,marking  ] GC(189) Concurrent Cleanup for Next Mark
[84.613s][info][gc,marking  ] GC(189) Concurrent Cleanup for Next Mark 1.622ms
[84.613s][info][gc          ] GC(189) Concurrent Mark Cycle 91.511ms
[85.132s][info][gc,start    ] GC(190) Pause Young (Prepare Mixed) (G1 Evacuation Pause)
[85.132s][info][gc,task     ] GC(190) Using 2 workers of 2 for evacuation
[85.137s][info][gc,phases   ] GC(190)   Pre Evacuate Collection Set: 0.26ms
[85.137s][info][gc,phases   ] GC(190)   Merge Heap Roots: 0.10ms
[85.137s][info][gc,phases   ] GC(190)   Evacuate Collection Set: 3.88ms
[85.137s][info][gc,phases   ] GC(190)   Post Evacuate Collection Set: 0.59ms
[85.137s][info][gc,phases   ] GC(190)   Other: 0.08ms
[85.137s][info][gc,heap     ] GC(190) Eden regions: 249->0(245)
[85.137s][info][gc,heap     ] GC(190) Survivor regions: 1->3(32)
[85.137s][info][gc,heap     ] GC(190) Old regions: 52->52
[85.137s][info][gc,heap     ] GC(190) Humongous regions: 207->207
[85.137s][info][gc,metaspace] GC(190) Metaspace: 56066K(56384K)->56066K(56384K) NonClass: 47781K(48000K)->47781K(48000K) Class: 8284K(8384K)->8284K(8384K)
[85.137s][info][gc          ] GC(190) Pause Young (Prepare Mixed) (G1 Evacuation Pause) 508M->261M(538M) 5.123ms
[85.137s][info][gc,cpu      ] GC(190) User=0.01s Sys=0.00s Real=0.01s
[85.742s][info][gc,start    ] GC(191) Pause Young (Mixed) (G1 Evacuation Pause)
[85.742s][info][gc,task     ] GC(191) Using 2 workers of 2 for evacuation
[85.749s][info][gc,phases   ] GC(191)   Pre Evacuate Collection Set: 0.28ms
[85.749s][info][gc,phases   ] GC(191)   Merge Heap Roots: 0.11ms
[85.749s][info][gc,phases   ] GC(191)   Evacuate Collection Set: 5.90ms
[85.749s][info][gc,phases   ] GC(191)   Post Evacuate Collection Set: 0.65ms
[85.749s][info][gc,phases   ] GC(191)   Other: 0.08ms
[85.749s][info][gc,heap     ] GC(191) Eden regions: 245->0(248)
[85.749s][info][gc,heap     ] GC(191) Survivor regions: 3->2(31)
[85.749s][info][gc,heap     ] GC(191) Old regions: 52->51
[85.749s][info][gc,heap     ] GC(191) Humongous regions: 207->207
[85.749s][info][gc,metaspace] GC(191) Metaspace: 56066K(56384K)->56066K(56384K) NonClass: 47781K(48000K)->47781K(48000K) Class: 8284K(8384K)->8284K(8384K)
[85.749s][info][gc          ] GC(191) Pause Young (Mixed) (G1 Evacuation Pause) 506M->259M(538M) 7.219ms
[85.749s][info][gc,cpu      ] GC(191) User=0.02s Sys=0.00s Real=0.01s
[86.357s][info][gc,start    ] GC(192) Pause Young (Concurrent Start) (G1 Evacuation Pause)
[86.357s][info][gc,task     ] GC(192) Using 2 workers of 2 for evacuation
[86.361s][info][gc,phases   ] GC(192)   Pre Evacuate Collection Set: 0.29ms
[86.361s][info][gc,phases   ] GC(192)   Merge Heap Roots: 0.09ms
[86.361s][info][gc,phases   ] GC(192)   Evacuate Collection Set: 3.21ms
[86.361s][info][gc,phases   ] GC(192)   Post Evacuate Collection Set: 0.59ms
[86.361s][info][gc,phases   ] GC(192)   Other: 0.16ms
[86.361s][info][gc,heap     ] GC(192) Eden regions: 248->0(248)
[86.361s][info][gc,heap     ] GC(192) Survivor regions: 2->2(32)
[86.362s][info][gc,heap     ] GC(192) Old regions: 51->51
[86.362s][info][gc,heap     ] GC(192) Humongous regions: 207->207
[86.362s][info][gc,metaspace] GC(192) Metaspace: 56066K(56384K)->56066K(56384K) NonClass: 47781K(48000K)->47781K(48000K) Class: 8284K(8384K)->8284K(8384K)
[86.362s][info][gc          ] GC(192) Pause Young (Concurrent Start) (G1 Evacuation Pause) 507M->259M(538M) 4.523ms
[86.362s][info][gc          ] GC(193) Concurrent Mark Cycle
[86.362s][info][gc,marking  ] GC(193) Concurrent Scan Root Regions
[86.364s][info][gc,cpu      ] GC(192) User=0.01s Sys=0.00s Real=0.00s
[86.365s][info][gc,marking  ] GC(193) Concurrent Scan Root Regions 3.162ms
[86.365s][info][gc,marking  ] GC(193) Concurrent Mark
[86.365s][info][gc,marking  ] GC(193) Concurrent Mark From Roots
[86.365s][info][gc,task     ] GC(193) Using 1 workers of 1 for marking
[86.411s][info][gc,marking  ] GC(193) Concurrent Mark From Roots 46.144ms
[86.411s][info][gc,marking  ] GC(193) Concurrent Preclean
[86.411s][info][gc,marking  ] GC(193) Concurrent Preclean 0.093ms
[86.411s][info][gc,start    ] GC(193) Pause Remark
[86.420s][info][gc          ] GC(193) Pause Remark 269M->269M(538M) 8.427ms
[86.420s][info][gc,cpu      ] GC(193) User=0.02s Sys=0.00s Real=0.01s
[86.420s][info][gc,marking  ] GC(193) Concurrent Mark 55.117ms
[86.420s][info][gc,marking  ] GC(193) Concurrent Rebuild Remembered Sets and Scrub Regions
[86.444s][info][gc,marking  ] GC(193) Concurrent Rebuild Remembered Sets and Scrub Regions 24.187ms
[86.444s][info][gc,start    ] GC(193) Pause Cleanup
[86.444s][info][gc          ] GC(193) Pause Cleanup 281M->281M(538M) 0.074ms
[86.444s][info][gc,cpu      ] GC(193) User=0.00s Sys=0.00s Real=0.00s
[86.444s][info][gc,marking  ] GC(193) Concurrent Clear Claimed Marks
[86.444s][info][gc,marking  ] GC(193) Concurrent Clear Claimed Marks 0.095ms
[86.444s][info][gc,marking  ] GC(193) Concurrent Cleanup for Next Mark
[86.446s][info][gc,marking  ] GC(193) Concurrent Cleanup for Next Mark 1.638ms
[86.446s][info][gc          ] GC(193) Concurrent Mark Cycle 84.584ms
[87.019s][info][gc,start    ] GC(194) Pause Young (Prepare Mixed) (G1 Evacuation Pause)
[87.019s][info][gc,task     ] GC(194) Using 2 workers of 2 for evacuation
[87.022s][info][gc,phases   ] GC(194)   Pre Evacuate Collection Set: 0.26ms
[87.022s][info][gc,phases   ] GC(194)   Merge Heap Roots: 0.10ms
[87.022s][info][gc,phases   ] GC(194)   Evacuate Collection Set: 2.26ms
[87.022s][info][gc,phases   ] GC(194)   Post Evacuate Collection Set: 0.57ms
[87.022s][info][gc,phases   ] GC(194)   Other: 0.11ms
[87.022s][info][gc,heap     ] GC(194) Eden regions: 248->0(249)
[87.022s][info][gc,heap     ] GC(194) Survivor regions: 2->1(32)
[87.022s][info][gc,heap     ] GC(194) Old regions: 51->52
[87.022s][info][gc,heap     ] GC(194) Humongous regions: 207->207
[87.022s][info][gc,metaspace] GC(194) Metaspace: 56066K(56384K)->56066K(56384K) NonClass: 47781K(48000K)->47781K(48000K) Class: 8284K(8384K)->8284K(8384K)
[87.022s][info][gc          ] GC(194) Pause Young (Prepare Mixed) (G1 Evacuation Pause) 507M->258M(538M) 3.470ms
[87.022s][info][gc,cpu      ] GC(194) User=0.01s Sys=0.00s Real=0.00s
[87.637s][info][gc,start    ] GC(195) Pause Young (Mixed) (G1 Evacuation Pause)
[87.637s][info][gc,task     ] GC(195) Using 2 workers of 2 for evacuation
[87.647s][info][gc,phases   ] GC(195)   Pre Evacuate Collection Set: 0.32ms
[87.647s][info][gc,phases   ] GC(195)   Merge Heap Roots: 0.22ms
[87.647s][info][gc,phases   ] GC(195)   Evacuate Collection Set: 9.10ms
[87.647s][info][gc,phases   ] GC(195)   Post Evacuate Collection Set: 0.72ms
[87.647s][info][gc,phases   ] GC(195)   Other: 0.14ms
[87.648s][info][gc,heap     ] GC(195) Eden regions: 249->0(248)
[87.648s][info][gc,heap     ] GC(195) Survivor regions: 1->2(32)
[87.648s][info][gc,heap     ] GC(195) Old regions: 52->51
[87.648s][info][gc,heap     ] GC(195) Humongous regions: 207->207
[87.648s][info][gc,metaspace] GC(195) Metaspace: 56066K(56384K)->56066K(56384K) NonClass: 47781K(48000K)->47781K(48000K) Class: 8284K(8384K)->8284K(8384K)
[87.648s][info][gc          ] GC(195) Pause Young (Mixed) (G1 Evacuation Pause) 507M->258M(538M) 10.793ms
[87.648s][info][gc,cpu      ] GC(195) User=0.02s Sys=0.00s Real=0.01s
[88.240s][info][gc,start    ] GC(196) Pause Young (Concurrent Start) (G1 Evacuation Pause)
[88.240s][info][gc,task     ] GC(196) Using 2 workers of 2 for evacuation
[88.245s][info][gc,phases   ] GC(196)   Pre Evacuate Collection Set: 0.30ms
[88.245s][info][gc,phases   ] GC(196)   Merge Heap Roots: 0.10ms
[88.245s][info][gc,phases   ] GC(196)   Evacuate Collection Set: 3.83ms
[88.245s][info][gc,phases   ] GC(196)   Post Evacuate Collection Set: 0.56ms
[88.245s][info][gc,phases   ] GC(196)   Other: 0.10ms
[88.245s][info][gc,heap     ] GC(196) Eden regions: 248->0(248)
[88.245s][info][gc,heap     ] GC(196) Survivor regions: 2->2(32)
[88.245s][info][gc,heap     ] GC(196) Old regions: 51->51
[88.245s][info][gc,heap     ] GC(196) Humongous regions: 207->207
[88.245s][info][gc,metaspace] GC(196) Metaspace: 56067K(56384K)->56067K(56384K) NonClass: 47783K(48000K)->47783K(48000K) Class: 8284K(8384K)->8284K(8384K)
[88.245s][info][gc          ] GC(196) Pause Young (Concurrent Start) (G1 Evacuation Pause) 506M->258M(538M) 5.058ms
[88.245s][info][gc,cpu      ] GC(196) User=0.01s Sys=0.00s Real=0.00s
[88.245s][info][gc          ] GC(197) Concurrent Mark Cycle
[88.245s][info][gc,marking  ] GC(197) Concurrent Scan Root Regions
[88.253s][info][gc,marking  ] GC(197) Concurrent Scan Root Regions 7.863ms
[88.253s][info][gc,marking  ] GC(197) Concurrent Mark
[88.253s][info][gc,marking  ] GC(197) Concurrent Mark From Roots
[88.253s][info][gc,task     ] GC(197) Using 1 workers of 1 for marking
[88.310s][info][gc,marking  ] GC(197) Concurrent Mark From Roots 56.935ms
[88.310s][info][gc,marking  ] GC(197) Concurrent Preclean
[88.310s][info][gc,marking  ] GC(197) Concurrent Preclean 0.093ms
[88.310s][info][gc,start    ] GC(197) Pause Remark
[88.319s][info][gc          ] GC(197) Pause Remark 280M->280M(538M) 8.838ms
[88.319s][info][gc,cpu      ] GC(197) User=0.01s Sys=0.00s Real=0.01s
[88.321s][info][gc,marking  ] GC(197) Concurrent Mark 68.121ms
[88.321s][info][gc,marking  ] GC(197) Concurrent Rebuild Remembered Sets and Scrub Regions
[88.345s][info][gc,marking  ] GC(197) Concurrent Rebuild Remembered Sets and Scrub Regions 23.876ms
[88.345s][info][gc,start    ] GC(197) Pause Cleanup
[88.345s][info][gc          ] GC(197) Pause Cleanup 290M->290M(538M) 0.070ms
[88.345s][info][gc,cpu      ] GC(197) User=0.00s Sys=0.00s Real=0.00s
[88.345s][info][gc,marking  ] GC(197) Concurrent Clear Claimed Marks
[88.346s][info][gc,marking  ] GC(197) Concurrent Clear Claimed Marks 0.094ms
[88.346s][info][gc,marking  ] GC(197) Concurrent Cleanup for Next Mark
[88.347s][info][gc,marking  ] GC(197) Concurrent Cleanup for Next Mark 1.699ms
[88.347s][info][gc          ] GC(197) Concurrent Mark Cycle 102.135ms
[88.850s][info][gc,start    ] GC(198) Pause Young (Prepare Mixed) (G1 Evacuation Pause)
[88.850s][info][gc,task     ] GC(198) Using 2 workers of 2 for evacuation
[88.858s][info][gc,phases   ] GC(198)   Pre Evacuate Collection Set: 0.34ms
[88.858s][info][gc,phases   ] GC(198)   Merge Heap Roots: 0.12ms
[88.858s][info][gc,phases   ] GC(198)   Evacuate Collection Set: 6.68ms
[88.858s][info][gc,phases   ] GC(198)   Post Evacuate Collection Set: 0.64ms
[88.858s][info][gc,phases   ] GC(198)   Other: 0.08ms
[88.858s][info][gc,heap     ] GC(198) Eden regions: 248->0(246)
[88.858s][info][gc,heap     ] GC(198) Survivor regions: 2->3(32)
[88.858s][info][gc,heap     ] GC(198) Old regions: 51->51
[88.858s][info][gc,heap     ] GC(198) Humongous regions: 207->207
[88.858s][info][gc,metaspace] GC(198) Metaspace: 56067K(56384K)->56067K(56384K) NonClass: 47783K(48000K)->47783K(48000K) Class: 8284K(8384K)->8284K(8384K)
[88.858s][info][gc          ] GC(198) Pause Young (Prepare Mixed) (G1 Evacuation Pause) 506M->259M(538M) 8.077ms
[88.858s][info][gc,cpu      ] GC(198) User=0.01s Sys=0.00s Real=0.01s
[89.464s][info][gc,start    ] GC(199) Pause Young (Mixed) (G1 Evacuation Pause)
[89.464s][info][gc,task     ] GC(199) Using 2 workers of 2 for evacuation
[89.469s][info][gc,phases   ] GC(199)   Pre Evacuate Collection Set: 0.28ms
[89.469s][info][gc,phases   ] GC(199)   Merge Heap Roots: 0.10ms
[89.469s][info][gc,phases   ] GC(199)   Evacuate Collection Set: 3.66ms
[89.469s][info][gc,phases   ] GC(199)   Post Evacuate Collection Set: 0.62ms
[89.469s][info][gc,phases   ] GC(199)   Other: 0.10ms
[89.469s][info][gc,heap     ] GC(199) Eden regions: 246->0(249)
[89.469s][info][gc,heap     ] GC(199) Survivor regions: 3->2(32)
[89.469s][info][gc,heap     ] GC(199) Old regions: 51->50
[89.469s][info][gc,heap     ] GC(199) Humongous regions: 207->207
[89.469s][info][gc,metaspace] GC(199) Metaspace: 56067K(56384K)->56067K(56384K) NonClass: 47783K(48000K)->47783K(48000K) Class: 8284K(8384K)->8284K(8384K)
[89.469s][info][gc          ] GC(199) Pause Young (Mixed) (G1 Evacuation Pause) 505M->258M(538M) 4.946ms
[89.469s][info][gc,cpu      ] GC(199) User=0.01s Sys=0.00s Real=0.01s
[90.122s][info][gc,start    ] GC(200) Pause Young (Concurrent Start) (G1 Evacuation Pause)
[90.122s][info][gc,task     ] GC(200) Using 2 workers of 2 for evacuation
[90.126s][info][gc,phases   ] GC(200)   Pre Evacuate Collection Set: 0.30ms
[90.126s][info][gc,phases   ] GC(200)   Merge Heap Roots: 0.10ms
[90.126s][info][gc,phases   ] GC(200)   Evacuate Collection Set: 2.96ms
[90.126s][info][gc,phases   ] GC(200)   Post Evacuate Collection Set: 0.55ms
[90.126s][info][gc,phases   ] GC(200)   Other: 0.09ms
[90.126s][info][gc,heap     ] GC(200) Eden regions: 249->0(251)
[90.126s][info][gc,heap     ] GC(200) Survivor regions: 2->1(32)
[90.126s][info][gc,heap     ] GC(200) Old regions: 50->50
[90.126s][info][gc,heap     ] GC(200) Humongous regions: 207->207
[90.126s][info][gc,metaspace] GC(200) Metaspace: 56068K(56384K)->56068K(56384K) NonClass: 47783K(48000K)->47783K(48000K) Class: 8284K(8384K)->8284K(8384K)
[90.126s][info][gc          ] GC(200) Pause Young (Concurrent Start) (G1 Evacuation Pause) 507M->257M(538M) 4.198ms
[90.126s][info][gc          ] GC(201) Concurrent Mark Cycle
[90.126s][info][gc,marking  ] GC(201) Concurrent Scan Root Regions
[90.128s][info][gc,cpu      ] GC(200) User=0.01s Sys=0.00s Real=0.01s
[90.128s][info][gc,marking  ] GC(201) Concurrent Scan Root Regions 2.077ms
[90.128s][info][gc,marking  ] GC(201) Concurrent Mark
[90.128s][info][gc,marking  ] GC(201) Concurrent Mark From Roots
[90.128s][info][gc,task     ] GC(201) Using 1 workers of 1 for marking
[90.197s][info][gc,marking  ] GC(201) Concurrent Mark From Roots 68.695ms
[90.197s][info][gc,marking  ] GC(201) Concurrent Preclean
[90.197s][info][gc,marking  ] GC(201) Concurrent Preclean 0.097ms
[90.197s][info][gc,start    ] GC(201) Pause Remark
[90.206s][info][gc          ] GC(201) Pause Remark 291M->291M(538M) 8.291ms
[90.206s][info][gc,cpu      ] GC(201) User=0.01s Sys=0.00s Real=0.00s
[90.206s][info][gc,marking  ] GC(201) Concurrent Mark 77.454ms
[90.206s][info][gc,marking  ] GC(201) Concurrent Rebuild Remembered Sets and Scrub Regions
[90.231s][info][gc,marking  ] GC(201) Concurrent Rebuild Remembered Sets and Scrub Regions 25.103ms
[90.231s][info][gc,start    ] GC(201) Pause Cleanup
[90.231s][info][gc          ] GC(201) Pause Cleanup 303M->303M(538M) 0.074ms
[90.231s][info][gc,cpu      ] GC(201) User=0.00s Sys=0.00s Real=0.00s
[90.231s][info][gc,marking  ] GC(201) Concurrent Clear Claimed Marks
[90.232s][info][gc,marking  ] GC(201) Concurrent Clear Claimed Marks 0.092ms
[90.232s][info][gc,marking  ] GC(201) Concurrent Cleanup for Next Mark
[90.235s][info][gc,marking  ] GC(201) Concurrent Cleanup for Next Mark 3.135ms
[90.235s][info][gc          ] GC(201) Concurrent Mark Cycle 108.418ms
[90.740s][info][gc,start    ] GC(202) Pause Young (Prepare Mixed) (G1 Evacuation Pause)
[90.740s][info][gc,task     ] GC(202) Using 2 workers of 2 for evacuation
[90.745s][info][gc,phases   ] GC(202)   Pre Evacuate Collection Set: 0.26ms
[90.746s][info][gc,phases   ] GC(202)   Merge Heap Roots: 0.10ms
[90.746s][info][gc,phases   ] GC(202)   Evacuate Collection Set: 4.00ms
[90.746s][info][gc,phases   ] GC(202)   Post Evacuate Collection Set: 0.58ms
[90.746s][info][gc,phases   ] GC(202)   Other: 0.08ms
[90.746s][info][gc,heap     ] GC(202) Eden regions: 251->0(247)
[90.746s][info][gc,heap     ] GC(202) Survivor regions: 1->3(32)
[90.746s][info][gc,heap     ] GC(202) Old regions: 50->50
[90.746s][info][gc,heap     ] GC(202) Humongous regions: 207->207
[90.746s][info][gc,metaspace] GC(202) Metaspace: 56068K(56384K)->56068K(56384K) NonClass: 47783K(48000K)->47783K(48000K) Class: 8284K(8384K)->8284K(8384K)
[90.746s][info][gc          ] GC(202) Pause Young (Prepare Mixed) (G1 Evacuation Pause) 508M->259M(538M) 5.195ms
[90.746s][info][gc,cpu      ] GC(202) User=0.01s Sys=0.00s Real=0.00s
[91.347s][info][gc,start    ] GC(203) Pause Young (Mixed) (G1 Evacuation Pause)
[91.348s][info][gc,task     ] GC(203) Using 2 workers of 2 for evacuation
[91.355s][info][gc,phases   ] GC(203)   Pre Evacuate Collection Set: 0.28ms
[91.355s][info][gc,phases   ] GC(203)   Merge Heap Roots: 0.10ms
[91.355s][info][gc,phases   ] GC(203)   Evacuate Collection Set: 6.34ms
[91.355s][info][gc,phases   ] GC(203)   Post Evacuate Collection Set: 0.60ms
[91.355s][info][gc,phases   ] GC(203)   Other: 0.08ms
[91.355s][info][gc,heap     ] GC(203) Eden regions: 247->0(247)
[91.355s][info][gc,heap     ] GC(203) Survivor regions: 3->3(32)
[91.355s][info][gc,heap     ] GC(203) Old regions: 50->50
[91.355s][info][gc,heap     ] GC(203) Humongous regions: 207->207
[91.355s][info][gc,metaspace] GC(203) Metaspace: 56068K(56384K)->56068K(56384K) NonClass: 47783K(48000K)->47783K(48000K) Class: 8284K(8384K)->8284K(8384K)
[91.355s][info][gc          ] GC(203) Pause Young (Mixed) (G1 Evacuation Pause) 505M->258M(538M) 7.583ms
[91.355s][info][gc,cpu      ] GC(203) User=0.02s Sys=0.00s Real=0.00s
[92.007s][info][gc,start    ] GC(204) Pause Young (Concurrent Start) (G1 Evacuation Pause)
[92.007s][info][gc,task     ] GC(204) Using 2 workers of 2 for evacuation
[92.012s][info][gc,phases   ] GC(204)   Pre Evacuate Collection Set: 0.28ms
[92.012s][info][gc,phases   ] GC(204)   Merge Heap Roots: 0.10ms
[92.012s][info][gc,phases   ] GC(204)   Evacuate Collection Set: 4.56ms
[92.012s][info][gc,phases   ] GC(204)   Post Evacuate Collection Set: 0.57ms
[92.012s][info][gc,phases   ] GC(204)   Other: 0.10ms
[92.012s][info][gc,heap     ] GC(204) Eden regions: 247->0(247)
[92.012s][info][gc,heap     ] GC(204) Survivor regions: 3->3(32)
[92.012s][info][gc,heap     ] GC(204) Old regions: 50->50
[92.012s][info][gc,heap     ] GC(204) Humongous regions: 207->207
[92.012s][info][gc,metaspace] GC(204) Metaspace: 56068K(56384K)->56068K(56384K) NonClass: 47783K(48000K)->47783K(48000K) Class: 8284K(8384K)->8284K(8384K)
[92.012s][info][gc          ] GC(204) Pause Young (Concurrent Start) (G1 Evacuation Pause) 505M->258M(538M) 5.807ms
[92.012s][info][gc,cpu      ] GC(204) User=0.01s Sys=0.00s Real=0.01s
[92.012s][info][gc          ] GC(205) Concurrent Mark Cycle
[92.013s][info][gc,marking  ] GC(205) Concurrent Scan Root Regions
[92.019s][info][gc,marking  ] GC(205) Concurrent Scan Root Regions 5.853ms
[92.019s][info][gc,marking  ] GC(205) Concurrent Mark
[92.019s][info][gc,marking  ] GC(205) Concurrent Mark From Roots
[92.019s][info][gc,task     ] GC(205) Using 1 workers of 1 for marking
[92.117s][info][gc,marking  ] GC(205) Concurrent Mark From Roots 97.919ms
[92.117s][info][gc,marking  ] GC(205) Concurrent Preclean
[92.117s][info][gc,marking  ] GC(205) Concurrent Preclean 0.092ms
[92.117s][info][gc,start    ] GC(205) Pause Remark
[92.126s][info][gc          ] GC(205) Pause Remark 308M->308M(538M) 8.342ms
[92.126s][info][gc,cpu      ] GC(205) User=0.01s Sys=0.00s Real=0.00s
[92.126s][info][gc,marking  ] GC(205) Concurrent Mark 107.024ms
[92.126s][info][gc,marking  ] GC(205) Concurrent Rebuild Remembered Sets and Scrub Regions
[92.145s][info][gc,marking  ] GC(205) Concurrent Rebuild Remembered Sets and Scrub Regions 19.020ms
[92.145s][info][gc,start    ] GC(205) Pause Cleanup
[92.145s][info][gc          ] GC(205) Pause Cleanup 319M->319M(538M) 0.075ms
[92.145s][info][gc,cpu      ] GC(205) User=0.00s Sys=0.00s Real=0.00s
[92.145s][info][gc,marking  ] GC(205) Concurrent Clear Claimed Marks
[92.145s][info][gc,marking  ] GC(205) Concurrent Clear Claimed Marks 0.094ms
[92.145s][info][gc,marking  ] GC(205) Concurrent Cleanup for Next Mark
[92.147s][info][gc,marking  ] GC(205) Concurrent Cleanup for Next Mark 1.585ms
[92.147s][info][gc          ] GC(205) Concurrent Mark Cycle 134.590ms
[92.654s][info][gc,start    ] GC(206) Pause Young (Prepare Mixed) (G1 Evacuation Pause)
[92.654s][info][gc,task     ] GC(206) Using 2 workers of 2 for evacuation
[92.657s][info][gc,phases   ] GC(206)   Pre Evacuate Collection Set: 0.28ms
[92.657s][info][gc,phases   ] GC(206)   Merge Heap Roots: 0.11ms
[92.657s][info][gc,phases   ] GC(206)   Evacuate Collection Set: 2.07ms
[92.657s][info][gc,phases   ] GC(206)   Post Evacuate Collection Set: 0.59ms
[92.657s][info][gc,phases   ] GC(206)   Other: 0.10ms
[92.657s][info][gc,heap     ] GC(206) Eden regions: 247->0(251)
[92.657s][info][gc,heap     ] GC(206) Survivor regions: 3->1(32)
[92.657s][info][gc,heap     ] GC(206) Old regions: 50->50
[92.657s][info][gc,heap     ] GC(206) Humongous regions: 207->207
[92.657s][info][gc,metaspace] GC(206) Metaspace: 56068K(56384K)->56068K(56384K) NonClass: 47783K(48000K)->47783K(48000K) Class: 8284K(8384K)->8284K(8384K)
[92.657s][info][gc          ] GC(206) Pause Young (Prepare Mixed) (G1 Evacuation Pause) 505M->257M(538M) 3.341ms
[92.657s][info][gc,cpu      ] GC(206) User=0.01s Sys=0.00s Real=0.01s
[93.231s][info][gc,start    ] GC(207) Pause Young (Mixed) (G1 Evacuation Pause)
[93.231s][info][gc,task     ] GC(207) Using 2 workers of 2 for evacuation
[93.236s][info][gc,phases   ] GC(207)   Pre Evacuate Collection Set: 0.28ms
[93.236s][info][gc,phases   ] GC(207)   Merge Heap Roots: 0.09ms
[93.236s][info][gc,phases   ] GC(207)   Evacuate Collection Set: 3.93ms
[93.236s][info][gc,phases   ] GC(207)   Post Evacuate Collection Set: 0.58ms
[93.236s][info][gc,phases   ] GC(207)   Other: 0.09ms
[93.236s][info][gc,heap     ] GC(207) Eden regions: 251->0(249)
[93.236s][info][gc,heap     ] GC(207) Survivor regions: 1->2(32)
[93.236s][info][gc,heap     ] GC(207) Old regions: 50->50
[93.236s][info][gc,heap     ] GC(207) Humongous regions: 207->207
[93.236s][info][gc,metaspace] GC(207) Metaspace: 56068K(56384K)->56068K(56384K) NonClass: 47783K(48000K)->47783K(48000K) Class: 8284K(8384K)->8284K(8384K)
[93.236s][info][gc          ] GC(207) Pause Young (Mixed) (G1 Evacuation Pause) 508M->258M(538M) 5.151ms
[93.236s][info][gc,cpu      ] GC(207) User=0.01s Sys=0.00s Real=0.00s
[93.845s][info][gc,start    ] GC(208) Pause Young (Concurrent Start) (G1 Evacuation Pause)
[93.845s][info][gc,task     ] GC(208) Using 2 workers of 2 for evacuation
[93.850s][info][gc,phases   ] GC(208)   Pre Evacuate Collection Set: 0.29ms
[93.850s][info][gc,phases   ] GC(208)   Merge Heap Roots: 0.12ms
[93.850s][info][gc,phases   ] GC(208)   Evacuate Collection Set: 3.88ms
[93.850s][info][gc,phases   ] GC(208)   Post Evacuate Collection Set: 0.55ms
[93.850s][info][gc,phases   ] GC(208)   Other: 0.10ms
[93.850s][info][gc,heap     ] GC(208) Eden regions: 249->0(249)
[93.850s][info][gc,heap     ] GC(208) Survivor regions: 2->2(32)
[93.850s][info][gc,heap     ] GC(208) Old regions: 50->50
[93.850s][info][gc,heap     ] GC(208) Humongous regions: 207->207
[93.850s][info][gc,metaspace] GC(208) Metaspace: 56068K(56384K)->56068K(56384K) NonClass: 47783K(48000K)->47783K(48000K) Class: 8284K(8384K)->8284K(8384K)
[93.850s][info][gc          ] GC(208) Pause Young (Concurrent Start) (G1 Evacuation Pause) 507M->257M(538M) 5.103ms
[93.850s][info][gc,cpu      ] GC(208) User=0.01s Sys=0.00s Real=0.01s
[93.851s][info][gc          ] GC(209) Concurrent Mark Cycle
[93.851s][info][gc,marking  ] GC(209) Concurrent Scan Root Regions
[93.855s][info][gc,marking  ] GC(209) Concurrent Scan Root Regions 4.441ms
[93.855s][info][gc,marking  ] GC(209) Concurrent Mark
[93.855s][info][gc,marking  ] GC(209) Concurrent Mark From Roots
[93.855s][info][gc,task     ] GC(209) Using 1 workers of 1 for marking
[93.912s][info][gc,marking  ] GC(209) Concurrent Mark From Roots 57.000ms
[93.912s][info][gc,marking  ] GC(209) Concurrent Preclean
[93.913s][info][gc,marking  ] GC(209) Concurrent Preclean 0.088ms
[93.913s][info][gc,start    ] GC(209) Pause Remark
[93.921s][info][gc          ] GC(209) Pause Remark 274M->274M(538M) 8.293ms
[93.921s][info][gc,cpu      ] GC(209) User=0.02s Sys=0.00s Real=0.01s
[93.923s][info][gc,marking  ] GC(209) Concurrent Mark 67.301ms
[93.923s][info][gc,marking  ] GC(209) Concurrent Rebuild Remembered Sets and Scrub Regions
[93.964s][info][gc,marking  ] GC(209) Concurrent Rebuild Remembered Sets and Scrub Regions 41.345ms
[93.964s][info][gc,start    ] GC(209) Pause Cleanup
[93.964s][info][gc          ] GC(209) Pause Cleanup 301M->301M(538M) 0.078ms
[93.964s][info][gc,cpu      ] GC(209) User=0.00s Sys=0.00s Real=0.00s
[93.965s][info][gc,marking  ] GC(209) Concurrent Clear Claimed Marks
[93.966s][info][gc,marking  ] GC(209) Concurrent Clear Claimed Marks 0.107ms
[93.966s][info][gc,marking  ] GC(209) Concurrent Cleanup for Next Mark
[93.970s][info][gc,marking  ] GC(209) Concurrent Cleanup for Next Mark 4.367ms
[93.970s][info][gc          ] GC(209) Concurrent Mark Cycle 119.074ms
[94.460s][info][gc,start    ] GC(210) Pause Young (Prepare Mixed) (G1 Evacuation Pause)
[94.460s][info][gc,task     ] GC(210) Using 2 workers of 2 for evacuation
[94.465s][info][gc,phases   ] GC(210)   Pre Evacuate Collection Set: 0.26ms
[94.465s][info][gc,phases   ] GC(210)   Merge Heap Roots: 0.14ms
[94.465s][info][gc,phases   ] GC(210)   Evacuate Collection Set: 3.86ms
[94.465s][info][gc,phases   ] GC(210)   Post Evacuate Collection Set: 0.57ms
[94.465s][info][gc,phases   ] GC(210)   Other: 0.09ms
[94.465s][info][gc,heap     ] GC(210) Eden regions: 249->0(247)
[94.465s][info][gc,heap     ] GC(210) Survivor regions: 2->3(32)
[94.465s][info][gc,heap     ] GC(210) Old regions: 50->50
[94.465s][info][gc,heap     ] GC(210) Humongous regions: 207->207
[94.465s][info][gc,metaspace] GC(210) Metaspace: 56068K(56384K)->56068K(56384K) NonClass: 47783K(48000K)->47783K(48000K) Class: 8284K(8384K)->8284K(8384K)
[94.465s][info][gc          ] GC(210) Pause Young (Prepare Mixed) (G1 Evacuation Pause) 506M->258M(538M) 5.093ms
[94.465s][info][gc,cpu      ] GC(210) User=0.01s Sys=0.00s Real=0.00s
[95.117s][info][gc,start    ] GC(211) Pause Young (Mixed) (G1 Evacuation Pause)
[95.117s][info][gc,task     ] GC(211) Using 2 workers of 2 for evacuation
[95.124s][info][gc,phases   ] GC(211)   Pre Evacuate Collection Set: 0.25ms
[95.124s][info][gc,phases   ] GC(211)   Merge Heap Roots: 0.16ms
[95.124s][info][gc,phases   ] GC(211)   Evacuate Collection Set: 5.59ms
[95.124s][info][gc,phases   ] GC(211)   Post Evacuate Collection Set: 0.69ms
[95.124s][info][gc,phases   ] GC(211)   Other: 0.09ms
[95.124s][info][gc,heap     ] GC(211) Eden regions: 247->0(252)
[95.124s][info][gc,heap     ] GC(211) Survivor regions: 3->1(32)
[95.124s][info][gc,heap     ] GC(211) Old regions: 50->49
[95.124s][info][gc,heap     ] GC(211) Humongous regions: 207->207
[95.124s][info][gc,metaspace] GC(211) Metaspace: 56069K(56384K)->56069K(56384K) NonClass: 47784K(48000K)->47784K(48000K) Class: 8284K(8384K)->8284K(8384K)
[95.124s][info][gc          ] GC(211) Pause Young (Mixed) (G1 Evacuation Pause) 505M->256M(538M) 6.981ms
[95.124s][info][gc,cpu      ] GC(211) User=0.01s Sys=0.00s Real=0.00s
[95.732s][info][gc,start    ] GC(212) Pause Young (Concurrent Start) (G1 Evacuation Pause)
[95.732s][info][gc,task     ] GC(212) Using 2 workers of 2 for evacuation
[95.740s][info][gc,phases   ] GC(212)   Pre Evacuate Collection Set: 0.28ms
[95.740s][info][gc,phases   ] GC(212)   Merge Heap Roots: 0.11ms
[95.740s][info][gc,phases   ] GC(212)   Evacuate Collection Set: 6.36ms
[95.740s][info][gc,phases   ] GC(212)   Post Evacuate Collection Set: 0.57ms
[95.740s][info][gc,phases   ] GC(212)   Other: 0.17ms
[95.740s][info][gc,heap     ] GC(212) Eden regions: 252->0(249)
[95.740s][info][gc,heap     ] GC(212) Survivor regions: 1->2(32)
[95.740s][info][gc,heap     ] GC(212) Old regions: 49->50
[95.740s][info][gc,heap     ] GC(212) Humongous regions: 207->207
[95.740s][info][gc,metaspace] GC(212) Metaspace: 56069K(56384K)->56069K(56384K) NonClass: 47784K(48000K)->47784K(48000K) Class: 8284K(8384K)->8284K(8384K)
[95.740s][info][gc          ] GC(212) Pause Young (Concurrent Start) (G1 Evacuation Pause) 508M->257M(538M) 7.699ms
[95.740s][info][gc          ] GC(213) Concurrent Mark Cycle
[95.740s][info][gc,marking  ] GC(213) Concurrent Scan Root Regions
[95.741s][info][gc,cpu      ] GC(212) User=0.01s Sys=0.00s Real=0.01s
[95.746s][info][gc,marking  ] GC(213) Concurrent Scan Root Regions 6.280ms
[95.746s][info][gc,marking  ] GC(213) Concurrent Mark
[95.746s][info][gc,marking  ] GC(213) Concurrent Mark From Roots
[95.746s][info][gc,task     ] GC(213) Using 1 workers of 1 for marking
[95.802s][info][gc,marking  ] GC(213) Concurrent Mark From Roots 55.810ms
[95.802s][info][gc,marking  ] GC(213) Concurrent Preclean
[95.802s][info][gc,marking  ] GC(213) Concurrent Preclean 0.089ms
[95.802s][info][gc,start    ] GC(213) Pause Remark
[95.810s][info][gc          ] GC(213) Pause Remark 284M->284M(538M) 8.188ms
[95.810s][info][gc,cpu      ] GC(213) User=0.01s Sys=0.00s Real=0.01s
[95.811s][info][gc,marking  ] GC(213) Concurrent Mark 64.656ms
[95.811s][info][gc,marking  ] GC(213) Concurrent Rebuild Remembered Sets and Scrub Regions
[95.831s][info][gc,marking  ] GC(213) Concurrent Rebuild Remembered Sets and Scrub Regions 19.809ms
[95.831s][info][gc,start    ] GC(213) Pause Cleanup
[95.831s][info][gc          ] GC(213) Pause Cleanup 291M->291M(538M) 0.072ms
[95.831s][info][gc,cpu      ] GC(213) User=0.00s Sys=0.00s Real=0.00s
[95.831s][info][gc,marking  ] GC(213) Concurrent Clear Claimed Marks
[95.831s][info][gc,marking  ] GC(213) Concurrent Clear Claimed Marks 0.095ms
[95.831s][info][gc,marking  ] GC(213) Concurrent Cleanup for Next Mark
[95.833s][info][gc,marking  ] GC(213) Concurrent Cleanup for Next Mark 1.642ms
[95.833s][info][gc          ] GC(213) Concurrent Mark Cycle 92.834ms
[96.342s][info][gc,start    ] GC(214) Pause Young (Prepare Mixed) (G1 Evacuation Pause)
[96.342s][info][gc,task     ] GC(214) Using 2 workers of 2 for evacuation
[96.347s][info][gc,phases   ] GC(214)   Pre Evacuate Collection Set: 0.27ms
[96.347s][info][gc,phases   ] GC(214)   Merge Heap Roots: 0.10ms
[96.347s][info][gc,phases   ] GC(214)   Evacuate Collection Set: 4.23ms
[96.347s][info][gc,phases   ] GC(214)   Post Evacuate Collection Set: 0.61ms
[96.347s][info][gc,phases   ] GC(214)   Other: 0.08ms
[96.347s][info][gc,heap     ] GC(214) Eden regions: 249->0(247)
[96.347s][info][gc,heap     ] GC(214) Survivor regions: 2->3(32)
[96.347s][info][gc,heap     ] GC(214) Old regions: 50->50
[96.347s][info][gc,heap     ] GC(214) Humongous regions: 207->207
[96.347s][info][gc,metaspace] GC(214) Metaspace: 56069K(56384K)->56069K(56384K) NonClass: 47784K(48000K)->47784K(48000K) Class: 8284K(8384K)->8284K(8384K)
[96.347s][info][gc          ] GC(214) Pause Young (Prepare Mixed) (G1 Evacuation Pause) 506M->258M(538M) 5.479ms
[96.348s][info][gc,cpu      ] GC(214) User=0.01s Sys=0.00s Real=0.01s
[97.013s][info][gc,start    ] GC(215) Pause Young (Mixed) (G1 Evacuation Pause)
[97.013s][info][gc,task     ] GC(215) Using 2 workers of 2 for evacuation
[97.022s][info][gc,phases   ] GC(215)   Pre Evacuate Collection Set: 0.29ms
[97.022s][info][gc,phases   ] GC(215)   Merge Heap Roots: 0.13ms
[97.022s][info][gc,phases   ] GC(215)   Evacuate Collection Set: 7.24ms
[97.022s][info][gc,phases   ] GC(215)   Post Evacuate Collection Set: 0.68ms
[97.022s][info][gc,phases   ] GC(215)   Other: 0.08ms
[97.022s][info][gc,heap     ] GC(215) Eden regions: 247->0(250)
[97.022s][info][gc,heap     ] GC(215) Survivor regions: 3->2(32)
[97.022s][info][gc,heap     ] GC(215) Old regions: 50->49
[97.022s][info][gc,heap     ] GC(215) Humongous regions: 207->207
[97.022s][info][gc,metaspace] GC(215) Metaspace: 56069K(56384K)->56069K(56384K) NonClass: 47784K(48000K)->47784K(48000K) Class: 8284K(8384K)->8284K(8384K)
[97.022s][info][gc          ] GC(215) Pause Young (Mixed) (G1 Evacuation Pause) 505M->257M(538M) 8.705ms
[97.022s][info][gc,cpu      ] GC(215) User=0.02s Sys=0.00s Real=0.01s
[97.623s][info][gc,start    ] GC(216) Pause Young (Concurrent Start) (G1 Evacuation Pause)
[97.623s][info][gc,task     ] GC(216) Using 2 workers of 2 for evacuation
[97.627s][info][gc,phases   ] GC(216)   Pre Evacuate Collection Set: 0.30ms
[97.627s][info][gc,phases   ] GC(216)   Merge Heap Roots: 0.10ms
[97.627s][info][gc,phases   ] GC(216)   Evacuate Collection Set: 3.04ms
[97.627s][info][gc,phases   ] GC(216)   Post Evacuate Collection Set: 0.57ms
[97.627s][info][gc,phases   ] GC(216)   Other: 0.11ms
[97.627s][info][gc,heap     ] GC(216) Eden regions: 250->0(250)
[97.627s][info][gc,heap     ] GC(216) Survivor regions: 2->2(32)
[97.627s][info][gc,heap     ] GC(216) Old regions: 49->49
[97.627s][info][gc,heap     ] GC(216) Humongous regions: 207->207
[97.627s][info][gc,metaspace] GC(216) Metaspace: 56069K(56384K)->56069K(56384K) NonClass: 47784K(48000K)->47784K(48000K) Class: 8284K(8384K)->8284K(8384K)
[97.627s][info][gc          ] GC(216) Pause Young (Concurrent Start) (G1 Evacuation Pause) 507M->257M(538M) 4.296ms
[97.627s][info][gc,cpu      ] GC(216) User=0.00s Sys=0.00s Real=0.01s
[97.628s][info][gc          ] GC(217) Concurrent Mark Cycle
[97.628s][info][gc,marking  ] GC(217) Concurrent Scan Root Regions
[97.632s][info][gc,marking  ] GC(217) Concurrent Scan Root Regions 4.130ms
[97.632s][info][gc,marking  ] GC(217) Concurrent Mark
[97.632s][info][gc,marking  ] GC(217) Concurrent Mark From Roots
[97.632s][info][gc,task     ] GC(217) Using 1 workers of 1 for marking
[97.691s][info][gc,marking  ] GC(217) Concurrent Mark From Roots 59.003ms
[97.691s][info][gc,marking  ] GC(217) Concurrent Preclean
[97.691s][info][gc,marking  ] GC(217) Concurrent Preclean 0.087ms
[97.691s][info][gc,start    ] GC(217) Pause Remark
[97.699s][info][gc          ] GC(217) Pause Remark 290M->290M(538M) 8.259ms
[97.700s][info][gc,cpu      ] GC(217) User=0.01s Sys=0.00s Real=0.01s
[97.700s][info][gc,marking  ] GC(217) Concurrent Mark 68.187ms
[97.700s][info][gc,marking  ] GC(217) Concurrent Rebuild Remembered Sets and Scrub Regions
[97.719s][info][gc,marking  ] GC(217) Concurrent Rebuild Remembered Sets and Scrub Regions 18.678ms
[97.719s][info][gc,start    ] GC(217) Pause Cleanup
[97.719s][info][gc          ] GC(217) Pause Cleanup 295M->295M(538M) 0.057ms
[97.719s][info][gc,cpu      ] GC(217) User=0.00s Sys=0.00s Real=0.00s
[97.719s][info][gc,marking  ] GC(217) Concurrent Clear Claimed Marks
[97.719s][info][gc,marking  ] GC(217) Concurrent Clear Claimed Marks 0.088ms
[97.719s][info][gc,marking  ] GC(217) Concurrent Cleanup for Next Mark
[97.721s][info][gc,marking  ] GC(217) Concurrent Cleanup for Next Mark 1.929ms
[97.721s][info][gc          ] GC(217) Concurrent Mark Cycle 93.317ms
[98.394s][info][gc,start    ] GC(218) Pause Young (Prepare Mixed) (G1 Evacuation Pause)
[98.394s][info][gc,task     ] GC(218) Using 2 workers of 2 for evacuation
[98.398s][info][gc,phases   ] GC(218)   Pre Evacuate Collection Set: 0.29ms
[98.398s][info][gc,phases   ] GC(218)   Merge Heap Roots: 0.11ms
[98.398s][info][gc,phases   ] GC(218)   Evacuate Collection Set: 2.53ms
[98.398s][info][gc,phases   ] GC(218)   Post Evacuate Collection Set: 0.55ms
[98.398s][info][gc,phases   ] GC(218)   Other: 0.08ms
[98.398s][info][gc,heap     ] GC(218) Eden regions: 250->0(252)
[98.398s][info][gc,heap     ] GC(218) Survivor regions: 2->1(32)
[98.398s][info][gc,heap     ] GC(218) Old regions: 49->49
[98.398s][info][gc,heap     ] GC(218) Humongous regions: 207->207
[98.398s][info][gc,metaspace] GC(218) Metaspace: 56069K(56384K)->56069K(56384K) NonClass: 47785K(48000K)->47785K(48000K) Class: 8284K(8384K)->8284K(8384K)
[98.398s][info][gc          ] GC(218) Pause Young (Prepare Mixed) (G1 Evacuation Pause) 507M->256M(538M) 3.746ms
[98.398s][info][gc,cpu      ] GC(218) User=0.01s Sys=0.00s Real=0.01s
[98.950s][info][gc,start    ] GC(219) Pause Young (Mixed) (G1 Evacuation Pause)
[98.951s][info][gc,task     ] GC(219) Using 2 workers of 2 for evacuation
[98.957s][info][gc,phases   ] GC(219)   Pre Evacuate Collection Set: 0.27ms
[98.957s][info][gc,phases   ] GC(219)   Merge Heap Roots: 0.13ms
[98.957s][info][gc,phases   ] GC(219)   Evacuate Collection Set: 5.42ms
[98.957s][info][gc,phases   ] GC(219)   Post Evacuate Collection Set: 0.57ms
[98.957s][info][gc,phases   ] GC(219)   Other: 0.08ms
[98.957s][info][gc,heap     ] GC(219) Eden regions: 252->0(248)
[98.957s][info][gc,heap     ] GC(219) Survivor regions: 1->3(32)
[98.957s][info][gc,heap     ] GC(219) Old regions: 49->49
[98.957s][info][gc,heap     ] GC(219) Humongous regions: 207->207
[98.957s][info][gc,metaspace] GC(219) Metaspace: 56069K(56384K)->56069K(56384K) NonClass: 47785K(48000K)->47785K(48000K) Class: 8284K(8384K)->8284K(8384K)
[98.957s][info][gc          ] GC(219) Pause Young (Mixed) (G1 Evacuation Pause) 508M->258M(538M) 6.644ms
[98.957s][info][gc,cpu      ] GC(219) User=0.01s Sys=0.00s Real=0.01s
[99.575s][info][gc,start    ] GC(220) Pause Young (Concurrent Start) (G1 Evacuation Pause)
[99.575s][info][gc,task     ] GC(220) Using 2 workers of 2 for evacuation
[99.579s][info][gc,phases   ] GC(220)   Pre Evacuate Collection Set: 0.29ms
[99.579s][info][gc,phases   ] GC(220)   Merge Heap Roots: 0.09ms
[99.579s][info][gc,phases   ] GC(220)   Evacuate Collection Set: 2.57ms
[99.579s][info][gc,phases   ] GC(220)   Post Evacuate Collection Set: 0.58ms
[99.579s][info][gc,phases   ] GC(220)   Other: 0.13ms
[99.579s][info][gc,heap     ] GC(220) Eden regions: 248->0(250)
[99.579s][info][gc,heap     ] GC(220) Survivor regions: 3->2(32)
[99.579s][info][gc,heap     ] GC(220) Old regions: 49->49
[99.579s][info][gc,heap     ] GC(220) Humongous regions: 207->207
[99.579s][info][gc,metaspace] GC(220) Metaspace: 56069K(56384K)->56069K(56384K) NonClass: 47785K(48000K)->47785K(48000K) Class: 8284K(8384K)->8284K(8384K)
[99.579s][info][gc          ] GC(220) Pause Young (Concurrent Start) (G1 Evacuation Pause) 506M->257M(538M) 3.833ms
[99.579s][info][gc          ] GC(221) Concurrent Mark Cycle
[99.579s][info][gc,marking  ] GC(221) Concurrent Scan Root Regions
[99.580s][info][gc,cpu      ] GC(220) User=0.00s Sys=0.00s Real=0.01s
[99.581s][info][gc,marking  ] GC(221) Concurrent Scan Root Regions 1.923ms
[99.581s][info][gc,marking  ] GC(221) Concurrent Mark
[99.581s][info][gc,marking  ] GC(221) Concurrent Mark From Roots
[99.581s][info][gc,task     ] GC(221) Using 1 workers of 1 for marking
[99.630s][info][gc,marking  ] GC(221) Concurrent Mark From Roots 48.688ms
[99.630s][info][gc,marking  ] GC(221) Concurrent Preclean
[99.630s][info][gc,marking  ] GC(221) Concurrent Preclean 0.142ms
[99.630s][info][gc,start    ] GC(221) Pause Remark
[99.638s][info][gc          ] GC(221) Pause Remark 267M->267M(538M) 8.228ms
[99.638s][info][gc,cpu      ] GC(221) User=0.02s Sys=0.00s Real=0.01s
[99.641s][info][gc,marking  ] GC(221) Concurrent Mark 60.453ms
[99.641s][info][gc,marking  ] GC(221) Concurrent Rebuild Remembered Sets and Scrub Regions
[99.672s][info][gc,marking  ] GC(221) Concurrent Rebuild Remembered Sets and Scrub Regions 31.094ms
[99.673s][info][gc,start    ] GC(221) Pause Cleanup
[99.673s][info][gc          ] GC(221) Pause Cleanup 284M->284M(538M) 0.094ms
[99.673s][info][gc,cpu      ] GC(221) User=0.00s Sys=0.00s Real=0.00s
[99.673s][info][gc,marking  ] GC(221) Concurrent Clear Claimed Marks
[99.673s][info][gc,marking  ] GC(221) Concurrent Clear Claimed Marks 0.105ms
[99.673s][info][gc,marking  ] GC(221) Concurrent Cleanup for Next Mark
[99.675s][info][gc,marking  ] GC(221) Concurrent Cleanup for Next Mark 1.788ms
[99.675s][info][gc          ] GC(221) Concurrent Mark Cycle 96.027ms
[100.229s][info][gc,start    ] GC(222) Pause Young (Prepare Mixed) (G1 Evacuation Pause)
[100.229s][info][gc,task     ] GC(222) Using 2 workers of 2 for evacuation
[100.234s][info][gc,phases   ] GC(222)   Pre Evacuate Collection Set: 0.27ms
[100.234s][info][gc,phases   ] GC(222)   Merge Heap Roots: 0.11ms
[100.234s][info][gc,phases   ] GC(222)   Evacuate Collection Set: 3.81ms
[100.234s][info][gc,phases   ] GC(222)   Post Evacuate Collection Set: 0.65ms
[100.234s][info][gc,phases   ] GC(222)   Other: 0.08ms
[100.234s][info][gc,heap     ] GC(222) Eden regions: 250->0(248)
[100.234s][info][gc,heap     ] GC(222) Survivor regions: 2->3(32)
[100.234s][info][gc,heap     ] GC(222) Old regions: 49->49
[100.234s][info][gc,heap     ] GC(222) Humongous regions: 207->207
[100.234s][info][gc,metaspace] GC(222) Metaspace: 56071K(56384K)->56071K(56384K) NonClass: 47786K(48000K)->47786K(48000K) Class: 8284K(8384K)->8284K(8384K)
[100.234s][info][gc          ] GC(222) Pause Young (Prepare Mixed) (G1 Evacuation Pause) 507M->258M(538M) 5.134ms
[100.234s][info][gc,cpu      ] GC(222) User=0.01s Sys=0.00s Real=0.00s
[100.855s][info][gc,start    ] GC(223) Pause Young (Mixed) (G1 Evacuation Pause)
[100.856s][info][gc,task     ] GC(223) Using 2 workers of 2 for evacuation
[100.866s][info][gc,phases   ] GC(223)   Pre Evacuate Collection Set: 0.35ms
[100.867s][info][gc,phases   ] GC(223)   Merge Heap Roots: 0.16ms
[100.867s][info][gc,phases   ] GC(223)   Evacuate Collection Set: 9.72ms
[100.867s][info][gc,phases   ] GC(223)   Post Evacuate Collection Set: 0.61ms
[100.867s][info][gc,phases   ] GC(223)   Other: 0.10ms
[100.867s][info][gc,heap     ] GC(223) Eden regions: 248->0(248)
[100.867s][info][gc,heap     ] GC(223) Survivor regions: 3->3(32)
[100.867s][info][gc,heap     ] GC(223) Old regions: 49->49
[100.867s][info][gc,heap     ] GC(223) Humongous regions: 207->207
[100.867s][info][gc,metaspace] GC(223) Metaspace: 56071K(56384K)->56071K(56384K) NonClass: 47786K(48000K)->47786K(48000K) Class: 8284K(8384K)->8284K(8384K)
[100.867s][info][gc          ] GC(223) Pause Young (Mixed) (G1 Evacuation Pause) 506M->258M(538M) 11.124ms
[100.867s][info][gc,cpu      ] GC(223) User=0.02s Sys=0.00s Real=0.01s
[101.453s][info][gc,start    ] GC(224) Pause Young (Concurrent Start) (G1 Evacuation Pause)
[101.453s][info][gc,task     ] GC(224) Using 2 workers of 2 for evacuation
[101.459s][info][gc,phases   ] GC(224)   Pre Evacuate Collection Set: 0.29ms
[101.459s][info][gc,phases   ] GC(224)   Merge Heap Roots: 0.09ms
[101.459s][info][gc,phases   ] GC(224)   Evacuate Collection Set: 4.17ms
[101.459s][info][gc,phases   ] GC(224)   Post Evacuate Collection Set: 0.58ms
[101.459s][info][gc,phases   ] GC(224)   Other: 0.12ms
[101.459s][info][gc,heap     ] GC(224) Eden regions: 248->0(250)
[101.459s][info][gc,heap     ] GC(224) Survivor regions: 3->2(32)
[101.459s][info][gc,heap     ] GC(224) Old regions: 49->49
[101.459s][info][gc,heap     ] GC(224) Humongous regions: 207->207
[101.459s][info][gc,metaspace] GC(224) Metaspace: 56071K(56384K)->56071K(56384K) NonClass: 47786K(48000K)->47786K(48000K) Class: 8284K(8384K)->8284K(8384K)
[101.459s][info][gc          ] GC(224) Pause Young (Concurrent Start) (G1 Evacuation Pause) 506M->257M(538M) 5.419ms
[101.459s][info][gc,cpu      ] GC(224) User=0.01s Sys=0.00s Real=0.01s
[101.459s][info][gc          ] GC(225) Concurrent Mark Cycle
[101.459s][info][gc,marking  ] GC(225) Concurrent Scan Root Regions
[101.464s][info][gc,marking  ] GC(225) Concurrent Scan Root Regions 4.678ms
[101.464s][info][gc,marking  ] GC(225) Concurrent Mark
[101.464s][info][gc,marking  ] GC(225) Concurrent Mark From Roots
[101.464s][info][gc,task     ] GC(225) Using 1 workers of 1 for marking
[101.514s][info][gc,marking  ] GC(225) Concurrent Mark From Roots 50.563ms
[101.514s][info][gc,marking  ] GC(225) Concurrent Preclean
[101.514s][info][gc,marking  ] GC(225) Concurrent Preclean 0.083ms
[101.515s][info][gc,start    ] GC(225) Pause Remark
[101.523s][info][gc          ] GC(225) Pause Remark 269M->269M(538M) 8.246ms
[101.523s][info][gc,cpu      ] GC(225) User=0.02s Sys=0.00s Real=0.01s
[101.524s][info][gc,marking  ] GC(225) Concurrent Mark 60.716ms
[101.524s][info][gc,marking  ] GC(225) Concurrent Rebuild Remembered Sets and Scrub Regions
[101.559s][info][gc,marking  ] GC(225) Concurrent Rebuild Remembered Sets and Scrub Regions 34.059ms
[101.559s][info][gc,start    ] GC(225) Pause Cleanup
[101.559s][info][gc          ] GC(225) Pause Cleanup 290M->290M(538M) 0.087ms
[101.559s][info][gc,cpu      ] GC(225) User=0.00s Sys=0.00s Real=0.00s
[101.559s][info][gc,marking  ] GC(225) Concurrent Clear Claimed Marks
[101.560s][info][gc,marking  ] GC(225) Concurrent Clear Claimed Marks 0.098ms
[101.560s][info][gc,marking  ] GC(225) Concurrent Cleanup for Next Mark
[101.563s][info][gc,marking  ] GC(225) Concurrent Cleanup for Next Mark 3.804ms
[101.563s][info][gc          ] GC(225) Concurrent Mark Cycle 104.471ms
[102.077s][info][gc,start    ] GC(226) Pause Young (Prepare Mixed) (G1 Evacuation Pause)
[102.078s][info][gc,task     ] GC(226) Using 2 workers of 2 for evacuation
[102.081s][info][gc,phases   ] GC(226)   Pre Evacuate Collection Set: 0.37ms
[102.081s][info][gc,phases   ] GC(226)   Merge Heap Roots: 0.15ms
[102.081s][info][gc,phases   ] GC(226)   Evacuate Collection Set: 2.10ms
[102.081s][info][gc,phases   ] GC(226)   Post Evacuate Collection Set: 0.57ms
[102.081s][info][gc,phases   ] GC(226)   Other: 0.11ms
[102.081s][info][gc,heap     ] GC(226) Eden regions: 250->0(252)
[102.081s][info][gc,heap     ] GC(226) Survivor regions: 2->1(32)
[102.081s][info][gc,heap     ] GC(226) Old regions: 49->49
[102.081s][info][gc,heap     ] GC(226) Humongous regions: 207->207
[102.081s][info][gc,metaspace] GC(226) Metaspace: 56071K(56384K)->56071K(56384K) NonClass: 47786K(48000K)->47786K(48000K) Class: 8284K(8384K)->8284K(8384K)
[102.081s][info][gc          ] GC(226) Pause Young (Prepare Mixed) (G1 Evacuation Pause) 507M->256M(538M) 3.505ms
[102.081s][info][gc,cpu      ] GC(226) User=0.00s Sys=0.00s Real=0.00s
[102.732s][info][gc,start    ] GC(227) Pause Young (Mixed) (G1 Evacuation Pause)
[102.732s][info][gc,task     ] GC(227) Using 2 workers of 2 for evacuation
[102.741s][info][gc,phases   ] GC(227)   Pre Evacuate Collection Set: 0.25ms
[102.741s][info][gc,phases   ] GC(227)   Merge Heap Roots: 0.14ms
[102.741s][info][gc,phases   ] GC(227)   Evacuate Collection Set: 7.94ms
[102.741s][info][gc,phases   ] GC(227)   Post Evacuate Collection Set: 0.60ms
[102.741s][info][gc,phases   ] GC(227)   Other: 0.10ms
[102.741s][info][gc,heap     ] GC(227) Eden regions: 252->0(250)
[102.741s][info][gc,heap     ] GC(227) Survivor regions: 1->2(32)
[102.741s][info][gc,heap     ] GC(227) Old regions: 49->49
[102.741s][info][gc,heap     ] GC(227) Humongous regions: 207->207
[102.741s][info][gc,metaspace] GC(227) Metaspace: 56071K(56384K)->56071K(56384K) NonClass: 47786K(48000K)->47786K(48000K) Class: 8284K(8384K)->8284K(8384K)
[102.741s][info][gc          ] GC(227) Pause Young (Mixed) (G1 Evacuation Pause) 508M->257M(538M) 9.211ms
[102.741s][info][gc,cpu      ] GC(227) User=0.02s Sys=0.00s Real=0.01s
[103.342s][info][gc,start    ] GC(228) Pause Young (Concurrent Start) (G1 Evacuation Pause)
[103.342s][info][gc,task     ] GC(228) Using 2 workers of 2 for evacuation
[103.349s][info][gc,phases   ] GC(228)   Pre Evacuate Collection Set: 0.30ms
[103.349s][info][gc,phases   ] GC(228)   Merge Heap Roots: 0.10ms
[103.349s][info][gc,phases   ] GC(228)   Evacuate Collection Set: 5.65ms
[103.349s][info][gc,phases   ] GC(228)   Post Evacuate Collection Set: 0.60ms
[103.349s][info][gc,phases   ] GC(228)   Other: 0.10ms
[103.349s][info][gc,heap     ] GC(228) Eden regions: 250->0(248)
[103.349s][info][gc,heap     ] GC(228) Survivor regions: 2->3(32)
[103.349s][info][gc,heap     ] GC(228) Old regions: 49->49
[103.349s][info][gc,heap     ] GC(228) Humongous regions: 207->207
[103.349s][info][gc,metaspace] GC(228) Metaspace: 56071K(56384K)->56071K(56384K) NonClass: 47786K(48000K)->47786K(48000K) Class: 8284K(8384K)->8284K(8384K)
[103.349s][info][gc          ] GC(228) Pause Young (Concurrent Start) (G1 Evacuation Pause) 507M->258M(538M) 6.943ms
[103.349s][info][gc,cpu      ] GC(228) User=0.02s Sys=0.00s Real=0.01s
[103.349s][info][gc          ] GC(229) Concurrent Mark Cycle
[103.352s][info][gc,marking  ] GC(229) Concurrent Scan Root Regions
[103.361s][info][gc,marking  ] GC(229) Concurrent Scan Root Regions 9.440ms
[103.361s][info][gc,marking  ] GC(229) Concurrent Mark
[103.361s][info][gc,marking  ] GC(229) Concurrent Mark From Roots
[103.361s][info][gc,task     ] GC(229) Using 1 workers of 1 for marking
[103.411s][info][gc,marking  ] GC(229) Concurrent Mark From Roots 49.875ms
[103.411s][info][gc,marking  ] GC(229) Concurrent Preclean
[103.411s][info][gc,marking  ] GC(229) Concurrent Preclean 0.096ms
[103.411s][info][gc,start    ] GC(229) Pause Remark
[103.420s][info][gc          ] GC(229) Pause Remark 278M->278M(538M) 8.226ms
[103.420s][info][gc,cpu      ] GC(229) User=0.01s Sys=0.00s Real=0.01s
[103.420s][info][gc,marking  ] GC(229) Concurrent Mark 58.449ms
[103.420s][info][gc,marking  ] GC(229) Concurrent Rebuild Remembered Sets and Scrub Regions
[103.446s][info][gc,marking  ] GC(229) Concurrent Rebuild Remembered Sets and Scrub Regions 26.241ms
[103.446s][info][gc,start    ] GC(229) Pause Cleanup
[103.446s][info][gc          ] GC(229) Pause Cleanup 292M->292M(538M) 0.076ms
[103.446s][info][gc,cpu      ] GC(229) User=0.00s Sys=0.00s Real=0.00s
[103.446s][info][gc,marking  ] GC(229) Concurrent Clear Claimed Marks
[103.446s][info][gc,marking  ] GC(229) Concurrent Clear Claimed Marks 0.092ms
[103.446s][info][gc,marking  ] GC(229) Concurrent Cleanup for Next Mark
[103.448s][info][gc,marking  ] GC(229) Concurrent Cleanup for Next Mark 1.596ms
[103.448s][info][gc          ] GC(229) Concurrent Mark Cycle 99.034ms
[104.040s][info][gc,start    ] GC(230) Pause Young (Prepare Mixed) (G1 Evacuation Pause)
[104.040s][info][gc,task     ] GC(230) Using 2 workers of 2 for evacuation
[104.046s][info][gc,phases   ] GC(230)   Pre Evacuate Collection Set: 0.28ms
[104.046s][info][gc,phases   ] GC(230)   Merge Heap Roots: 0.11ms
[104.046s][info][gc,phases   ] GC(230)   Evacuate Collection Set: 5.04ms
[104.046s][info][gc,phases   ] GC(230)   Post Evacuate Collection Set: 0.60ms
[104.046s][info][gc,phases   ] GC(230)   Other: 0.08ms
[104.046s][info][gc,heap     ] GC(230) Eden regions: 248->0(246)
[104.046s][info][gc,heap     ] GC(230) Survivor regions: 3->4(32)
[104.046s][info][gc,heap     ] GC(230) Old regions: 49->49
[104.046s][info][gc,heap     ] GC(230) Humongous regions: 207->207
[104.046s][info][gc,metaspace] GC(230) Metaspace: 56071K(56384K)->56071K(56384K) NonClass: 47786K(48000K)->47786K(48000K) Class: 8284K(8384K)->8284K(8384K)
[104.046s][info][gc          ] GC(230) Pause Young (Prepare Mixed) (G1 Evacuation Pause) 506M->259M(538M) 6.298ms
[104.046s][info][gc,cpu      ] GC(230) User=0.01s Sys=0.00s Real=0.00s
[104.564s][info][gc,start    ] GC(231) Pause Young (Mixed) (G1 Evacuation Pause)
[104.564s][info][gc,task     ] GC(231) Using 2 workers of 2 for evacuation
[104.569s][info][gc,phases   ] GC(231)   Pre Evacuate Collection Set: 0.30ms
[104.569s][info][gc,phases   ] GC(231)   Merge Heap Roots: 0.11ms
[104.569s][info][gc,phases   ] GC(231)   Evacuate Collection Set: 4.38ms
[104.569s][info][gc,phases   ] GC(231)   Post Evacuate Collection Set: 0.60ms
[104.569s][info][gc,phases   ] GC(231)   Other: 0.10ms
[104.569s][info][gc,heap     ] GC(231) Eden regions: 246->0(250)
[104.569s][info][gc,heap     ] GC(231) Survivor regions: 4->2(32)
[104.569s][info][gc,heap     ] GC(231) Old regions: 49->49
[104.569s][info][gc,heap     ] GC(231) Humongous regions: 207->207
[104.569s][info][gc,metaspace] GC(231) Metaspace: 56071K(56384K)->56071K(56384K) NonClass: 47786K(48000K)->47786K(48000K) Class: 8284K(8384K)->8284K(8384K)
[104.569s][info][gc          ] GC(231) Pause Young (Mixed) (G1 Evacuation Pause) 505M->256M(538M) 5.671ms
[104.569s][info][gc,cpu      ] GC(231) User=0.01s Sys=0.00s Real=0.01s
[105.227s][info][gc,start    ] GC(232) Pause Young (Concurrent Start) (G1 Evacuation Pause)
[105.227s][info][gc,task     ] GC(232) Using 2 workers of 2 for evacuation
[105.232s][info][gc,phases   ] GC(232)   Pre Evacuate Collection Set: 0.31ms
[105.232s][info][gc,phases   ] GC(232)   Merge Heap Roots: 0.11ms
[105.232s][info][gc,phases   ] GC(232)   Evacuate Collection Set: 3.82ms
[105.232s][info][gc,phases   ] GC(232)   Post Evacuate Collection Set: 0.55ms
[105.232s][info][gc,phases   ] GC(232)   Other: 0.13ms
[105.232s][info][gc,heap     ] GC(232) Eden regions: 250->0(248)
[105.232s][info][gc,heap     ] GC(232) Survivor regions: 2->3(32)
[105.232s][info][gc,heap     ] GC(232) Old regions: 49->49
[105.232s][info][gc,heap     ] GC(232) Humongous regions: 207->207
[105.232s][info][gc,metaspace] GC(232) Metaspace: 56072K(56384K)->56072K(56384K) NonClass: 47787K(48000K)->47787K(48000K) Class: 8284K(8384K)->8284K(8384K)
[105.232s][info][gc          ] GC(232) Pause Young (Concurrent Start) (G1 Evacuation Pause) 506M->258M(538M) 5.123ms
[105.232s][info][gc,cpu      ] GC(232) User=0.01s Sys=0.00s Real=0.00s
[105.232s][info][gc          ] GC(233) Concurrent Mark Cycle
[105.232s][info][gc,marking  ] GC(233) Concurrent Scan Root Regions
[105.241s][info][gc,marking  ] GC(233) Concurrent Scan Root Regions 8.783ms
[105.241s][info][gc,marking  ] GC(233) Concurrent Mark
[105.241s][info][gc,marking  ] GC(233) Concurrent Mark From Roots
[105.241s][info][gc,task     ] GC(233) Using 1 workers of 1 for marking
[105.298s][info][gc,marking  ] GC(233) Concurrent Mark From Roots 57.312ms
[105.298s][info][gc,marking  ] GC(233) Concurrent Preclean
[105.298s][info][gc,marking  ] GC(233) Concurrent Preclean 0.090ms
[105.298s][info][gc,start    ] GC(233) Pause Remark
[105.306s][info][gc          ] GC(233) Pause Remark 288M->288M(538M) 8.061ms
[105.306s][info][gc,cpu      ] GC(233) User=0.02s Sys=0.00s Real=0.00s
[105.307s][info][gc,marking  ] GC(233) Concurrent Mark 65.785ms
[105.307s][info][gc,marking  ] GC(233) Concurrent Rebuild Remembered Sets and Scrub Regions
[105.324s][info][gc,marking  ] GC(233) Concurrent Rebuild Remembered Sets and Scrub Regions 17.913ms
[105.325s][info][gc,start    ] GC(233) Pause Cleanup
[105.325s][info][gc          ] GC(233) Pause Cleanup 292M->292M(538M) 0.090ms
[105.325s][info][gc,cpu      ] GC(233) User=0.00s Sys=0.00s Real=0.00s
[105.325s][info][gc,marking  ] GC(233) Concurrent Clear Claimed Marks
[105.325s][info][gc,marking  ] GC(233) Concurrent Clear Claimed Marks 0.098ms
[105.325s][info][gc,marking  ] GC(233) Concurrent Cleanup for Next Mark
[105.327s][info][gc,marking  ] GC(233) Concurrent Cleanup for Next Mark 2.334ms
[105.327s][info][gc          ] GC(233) Concurrent Mark Cycle 95.457ms
[105.842s][info][gc,start    ] GC(234) Pause Young (Prepare Mixed) (G1 Evacuation Pause)
[105.842s][info][gc,task     ] GC(234) Using 2 workers of 2 for evacuation
[105.847s][info][gc,phases   ] GC(234)   Pre Evacuate Collection Set: 0.26ms
[105.847s][info][gc,phases   ] GC(234)   Merge Heap Roots: 0.10ms
[105.847s][info][gc,phases   ] GC(234)   Evacuate Collection Set: 3.79ms
[105.847s][info][gc,phases   ] GC(234)   Post Evacuate Collection Set: 0.59ms
[105.847s][info][gc,phases   ] GC(234)   Other: 0.10ms
[105.847s][info][gc,heap     ] GC(234) Eden regions: 248->0(250)
[105.847s][info][gc,heap     ] GC(234) Survivor regions: 3->2(32)
[105.847s][info][gc,heap     ] GC(234) Old regions: 49->49
[105.847s][info][gc,heap     ] GC(234) Humongous regions: 207->207
[105.847s][info][gc,metaspace] GC(234) Metaspace: 56072K(56384K)->56072K(56384K) NonClass: 47787K(48000K)->47787K(48000K) Class: 8284K(8384K)->8284K(8384K)
[105.847s][info][gc          ] GC(234) Pause Young (Prepare Mixed) (G1 Evacuation Pause) 506M->257M(538M) 5.016ms
[105.847s][info][gc,cpu      ] GC(234) User=0.01s Sys=0.00s Real=0.01s
[106.459s][info][gc,start    ] GC(235) Pause Young (Mixed) (G1 Evacuation Pause)
[106.459s][info][gc,task     ] GC(235) Using 2 workers of 2 for evacuation
[106.467s][info][gc,phases   ] GC(235)   Pre Evacuate Collection Set: 0.26ms
[106.467s][info][gc,phases   ] GC(235)   Merge Heap Roots: 0.12ms
[106.467s][info][gc,phases   ] GC(235)   Evacuate Collection Set: 7.60ms
[106.467s][info][gc,phases   ] GC(235)   Post Evacuate Collection Set: 0.66ms
[106.467s][info][gc,phases   ] GC(235)   Other: 0.10ms
[106.467s][info][gc,heap     ] GC(235) Eden regions: 250->0(248)
[106.467s][info][gc,heap     ] GC(235) Survivor regions: 2->3(32)
[106.467s][info][gc,heap     ] GC(235) Old regions: 49->49
[106.467s][info][gc,heap     ] GC(235) Humongous regions: 207->207
[106.468s][info][gc,metaspace] GC(235) Metaspace: 56072K(56384K)->56072K(56384K) NonClass: 47787K(48000K)->47787K(48000K) Class: 8284K(8384K)->8284K(8384K)
[106.468s][info][gc          ] GC(235) Pause Young (Mixed) (G1 Evacuation Pause) 507M->257M(538M) 8.931ms
[106.468s][info][gc,cpu      ] GC(235) User=0.01s Sys=0.00s Real=0.01s
[107.124s][info][gc,start    ] GC(236) Pause Young (Concurrent Start) (G1 Evacuation Pause)
[107.124s][info][gc,task     ] GC(236) Using 2 workers of 2 for evacuation
[107.129s][info][gc,phases   ] GC(236)   Pre Evacuate Collection Set: 0.31ms
[107.129s][info][gc,phases   ] GC(236)   Merge Heap Roots: 0.10ms
[107.129s][info][gc,phases   ] GC(236)   Evacuate Collection Set: 3.40ms
[107.129s][info][gc,phases   ] GC(236)   Post Evacuate Collection Set: 0.55ms
[107.129s][info][gc,phases   ] GC(236)   Other: 0.10ms
[107.129s][info][gc,heap     ] GC(236) Eden regions: 248->0(250)
[107.129s][info][gc,heap     ] GC(236) Survivor regions: 3->2(32)
[107.129s][info][gc,heap     ] GC(236) Old regions: 49->49
[107.129s][info][gc,heap     ] GC(236) Humongous regions: 207->207
[107.129s][info][gc,metaspace] GC(236) Metaspace: 56072K(56384K)->56072K(56384K) NonClass: 47787K(48000K)->47787K(48000K) Class: 8284K(8384K)->8284K(8384K)
[107.129s][info][gc          ] GC(236) Pause Young (Concurrent Start) (G1 Evacuation Pause) 505M->257M(538M) 4.648ms
[107.129s][info][gc          ] GC(237) Concurrent Mark Cycle
[107.129s][info][gc,marking  ] GC(237) Concurrent Scan Root Regions
[107.129s][info][gc,cpu      ] GC(236) User=0.01s Sys=0.00s Real=0.01s
[107.136s][info][gc,marking  ] GC(237) Concurrent Scan Root Regions 6.727ms
[107.136s][info][gc,marking  ] GC(237) Concurrent Mark
[107.136s][info][gc,marking  ] GC(237) Concurrent Mark From Roots
[107.136s][info][gc,task     ] GC(237) Using 1 workers of 1 for marking
[107.207s][info][gc,marking  ] GC(237) Concurrent Mark From Roots 71.671ms
[107.208s][info][gc,marking  ] GC(237) Concurrent Preclean
[107.208s][info][gc,marking  ] GC(237) Concurrent Preclean 0.083ms
[107.208s][info][gc,start    ] GC(237) Pause Remark
[107.216s][info][gc          ] GC(237) Pause Remark 296M->296M(538M) 8.382ms
[107.216s][info][gc,cpu      ] GC(237) User=0.02s Sys=0.00s Real=0.00s
[107.218s][info][gc,marking  ] GC(237) Concurrent Mark 81.823ms
[107.218s][info][gc,marking  ] GC(237) Concurrent Rebuild Remembered Sets and Scrub Regions
[107.250s][info][gc,marking  ] GC(237) Concurrent Rebuild Remembered Sets and Scrub Regions 32.524ms
[107.251s][info][gc,start    ] GC(237) Pause Cleanup
[107.252s][info][gc          ] GC(237) Pause Cleanup 319M->319M(538M) 0.087ms
[107.252s][info][gc,cpu      ] GC(237) User=0.00s Sys=0.00s Real=0.00s
[107.252s][info][gc,marking  ] GC(237) Concurrent Clear Claimed Marks
[107.252s][info][gc,marking  ] GC(237) Concurrent Clear Claimed Marks 0.128ms
[107.252s][info][gc,marking  ] GC(237) Concurrent Cleanup for Next Mark
[107.255s][info][gc,marking  ] GC(237) Concurrent Cleanup for Next Mark 3.591ms
[107.255s][info][gc          ] GC(237) Concurrent Mark Cycle 126.322ms
[107.732s][info][gc,start    ] GC(238) Pause Young (Prepare Mixed) (G1 Evacuation Pause)
[107.732s][info][gc,task     ] GC(238) Using 2 workers of 2 for evacuation
[107.737s][info][gc,phases   ] GC(238)   Pre Evacuate Collection Set: 0.29ms
[107.737s][info][gc,phases   ] GC(238)   Merge Heap Roots: 0.15ms
[107.737s][info][gc,phases   ] GC(238)   Evacuate Collection Set: 3.34ms
[107.737s][info][gc,phases   ] GC(238)   Post Evacuate Collection Set: 0.56ms
[107.737s][info][gc,phases   ] GC(238)   Other: 0.10ms
[107.737s][info][gc,heap     ] GC(238) Eden regions: 250->0(250)
[107.737s][info][gc,heap     ] GC(238) Survivor regions: 2->2(32)
[107.737s][info][gc,heap     ] GC(238) Old regions: 49->49
[107.737s][info][gc,heap     ] GC(238) Humongous regions: 207->207
[107.737s][info][gc,metaspace] GC(238) Metaspace: 56072K(56384K)->56072K(56384K) NonClass: 47787K(48000K)->47787K(48000K) Class: 8284K(8384K)->8284K(8384K)
[107.737s][info][gc          ] GC(238) Pause Young (Prepare Mixed) (G1 Evacuation Pause) 507M->256M(538M) 4.690ms
[107.737s][info][gc,cpu      ] GC(238) User=0.00s Sys=0.00s Real=0.01s
[108.343s][info][gc,start    ] GC(239) Pause Young (Mixed) (G1 Evacuation Pause)
[108.343s][info][gc,task     ] GC(239) Using 2 workers of 2 for evacuation
[108.356s][info][gc,phases   ] GC(239)   Pre Evacuate Collection Set: 0.33ms
[108.356s][info][gc,phases   ] GC(239)   Merge Heap Roots: 0.13ms
[108.356s][info][gc,phases   ] GC(239)   Evacuate Collection Set: 10.80ms
[108.356s][info][gc,phases   ] GC(239)   Post Evacuate Collection Set: 0.75ms
[108.356s][info][gc,phases   ] GC(239)   Other: 0.09ms
[108.356s][info][gc,heap     ] GC(239) Eden regions: 250->0(248)
[108.356s][info][gc,heap     ] GC(239) Survivor regions: 2->3(32)
[108.356s][info][gc,heap     ] GC(239) Old regions: 49->49
[108.356s][info][gc,heap     ] GC(239) Humongous regions: 207->207
[108.356s][info][gc,metaspace] GC(239) Metaspace: 56072K(56384K)->56072K(56384K) NonClass: 47787K(48000K)->47787K(48000K) Class: 8284K(8384K)->8284K(8384K)
[108.356s][info][gc          ] GC(239) Pause Young (Mixed) (G1 Evacuation Pause) 506M->258M(538M) 12.306ms
[108.356s][info][gc,cpu      ] GC(239) User=0.02s Sys=0.00s Real=0.01s
[108.958s][info][gc,start    ] GC(240) Pause Young (Concurrent Start) (G1 Evacuation Pause)
[108.958s][info][gc,task     ] GC(240) Using 2 workers of 2 for evacuation
[108.964s][info][gc,phases   ] GC(240)   Pre Evacuate Collection Set: 0.33ms
[108.964s][info][gc,phases   ] GC(240)   Merge Heap Roots: 0.10ms
[108.964s][info][gc,phases   ] GC(240)   Evacuate Collection Set: 4.54ms
[108.964s][info][gc,phases   ] GC(240)   Post Evacuate Collection Set: 0.58ms
[108.964s][info][gc,phases   ] GC(240)   Other: 0.13ms
[108.964s][info][gc,heap     ] GC(240) Eden regions: 248->0(248)
[108.964s][info][gc,heap     ] GC(240) Survivor regions: 3->3(32)
[108.964s][info][gc,heap     ] GC(240) Old regions: 49->49
[108.964s][info][gc,heap     ] GC(240) Humongous regions: 207->207
[108.964s][info][gc,metaspace] GC(240) Metaspace: 56072K(56384K)->56072K(56384K) NonClass: 47787K(48000K)->47787K(48000K) Class: 8284K(8384K)->8284K(8384K)
[108.964s][info][gc          ] GC(240) Pause Young (Concurrent Start) (G1 Evacuation Pause) 506M->258M(538M) 5.859ms
[108.964s][info][gc,cpu      ] GC(240) User=0.01s Sys=0.00s Real=0.00s
[108.964s][info][gc          ] GC(241) Concurrent Mark Cycle
[108.964s][info][gc,marking  ] GC(241) Concurrent Scan Root Regions
[108.968s][info][gc,marking  ] GC(241) Concurrent Scan Root Regions 4.077ms
[108.968s][info][gc,marking  ] GC(241) Concurrent Mark
[108.968s][info][gc,marking  ] GC(241) Concurrent Mark From Roots
[108.968s][info][gc,task     ] GC(241) Using 1 workers of 1 for marking
[109.029s][info][gc,marking  ] GC(241) Concurrent Mark From Roots 60.487ms
[109.029s][info][gc,marking  ] GC(241) Concurrent Preclean
[109.029s][info][gc,marking  ] GC(241) Concurrent Preclean 0.094ms
[109.029s][info][gc,start    ] GC(241) Pause Remark
[109.038s][info][gc          ] GC(241) Pause Remark 271M->271M(538M) 8.288ms
[109.038s][info][gc,cpu      ] GC(241) User=0.02s Sys=0.00s Real=0.01s
[109.039s][info][gc,marking  ] GC(241) Concurrent Mark 70.638ms
[109.039s][info][gc,marking  ] GC(241) Concurrent Rebuild Remembered Sets and Scrub Regions
[109.076s][info][gc,marking  ] GC(241) Concurrent Rebuild Remembered Sets and Scrub Regions 36.588ms
[109.076s][info][gc,start    ] GC(241) Pause Cleanup
[109.076s][info][gc          ] GC(241) Pause Cleanup 292M->292M(538M) 0.077ms
[109.076s][info][gc,cpu      ] GC(241) User=0.00s Sys=0.00s Real=0.00s
[109.077s][info][gc,marking  ] GC(241) Concurrent Clear Claimed Marks
[109.077s][info][gc,marking  ] GC(241) Concurrent Clear Claimed Marks 0.112ms
[109.077s][info][gc,marking  ] GC(241) Concurrent Cleanup for Next Mark
[109.079s][info][gc,marking  ] GC(241) Concurrent Cleanup for Next Mark 2.321ms
[109.079s][info][gc          ] GC(241) Concurrent Mark Cycle 114.980ms
[109.578s][info][gc,start    ] GC(242) Pause Young (Prepare Mixed) (G1 Evacuation Pause)
[109.578s][info][gc,task     ] GC(242) Using 2 workers of 2 for evacuation
[109.582s][info][gc,phases   ] GC(242)   Pre Evacuate Collection Set: 0.33ms
[109.582s][info][gc,phases   ] GC(242)   Merge Heap Roots: 0.14ms
[109.582s][info][gc,phases   ] GC(242)   Evacuate Collection Set: 3.23ms
[109.582s][info][gc,phases   ] GC(242)   Post Evacuate Collection Set: 0.63ms
[109.582s][info][gc,phases   ] GC(242)   Other: 0.11ms
[109.582s][info][gc,heap     ] GC(242) Eden regions: 248->0(252)
[109.582s][info][gc,heap     ] GC(242) Survivor regions: 3->1(32)
[109.582s][info][gc,heap     ] GC(242) Old regions: 49->49
[109.582s][info][gc,heap     ] GC(242) Humongous regions: 207->207
[109.582s][info][gc,metaspace] GC(242) Metaspace: 56072K(56384K)->56072K(56384K) NonClass: 47787K(48000K)->47787K(48000K) Class: 8284K(8384K)->8284K(8384K)
[109.582s][info][gc          ] GC(242) Pause Young (Prepare Mixed) (G1 Evacuation Pause) 506M->256M(538M) 4.735ms
[109.582s][info][gc,cpu      ] GC(242) User=0.00s Sys=0.00s Real=0.00s
[110.261s][info][gc,start    ] GC(243) Pause Young (Mixed) (G1 Evacuation Pause)
[110.261s][info][gc,task     ] GC(243) Using 2 workers of 2 for evacuation
[110.269s][info][gc,phases   ] GC(243)   Pre Evacuate Collection Set: 0.26ms
[110.269s][info][gc,phases   ] GC(243)   Merge Heap Roots: 0.14ms
[110.269s][info][gc,phases   ] GC(243)   Evacuate Collection Set: 6.33ms
[110.269s][info][gc,phases   ] GC(243)   Post Evacuate Collection Set: 0.64ms
[110.269s][info][gc,phases   ] GC(243)   Other: 0.08ms
[110.269s][info][gc,heap     ] GC(243) Eden regions: 252->0(250)
[110.269s][info][gc,heap     ] GC(243) Survivor regions: 1->2(32)
[110.269s][info][gc,heap     ] GC(243) Old regions: 49->49
[110.269s][info][gc,heap     ] GC(243) Humongous regions: 207->207
[110.269s][info][gc,metaspace] GC(243) Metaspace: 56072K(56384K)->56072K(56384K) NonClass: 47787K(48000K)->47787K(48000K) Class: 8284K(8384K)->8284K(8384K)
[110.269s][info][gc          ] GC(243) Pause Young (Mixed) (G1 Evacuation Pause) 508M->257M(538M) 7.639ms
[110.269s][info][gc,cpu      ] GC(243) User=0.02s Sys=0.00s Real=0.01s
[110.847s][info][gc,start    ] GC(244) Pause Young (Concurrent Start) (G1 Evacuation Pause)
[110.847s][info][gc,task     ] GC(244) Using 2 workers of 2 for evacuation
[110.853s][info][gc,phases   ] GC(244)   Pre Evacuate Collection Set: 0.30ms
[110.853s][info][gc,phases   ] GC(244)   Merge Heap Roots: 0.10ms
[110.853s][info][gc,phases   ] GC(244)   Evacuate Collection Set: 4.35ms
[110.853s][info][gc,phases   ] GC(244)   Post Evacuate Collection Set: 0.55ms
[110.853s][info][gc,phases   ] GC(244)   Other: 0.17ms
[110.853s][info][gc,heap     ] GC(244) Eden regions: 250->0(248)
[110.853s][info][gc,heap     ] GC(244) Survivor regions: 2->3(32)
[110.853s][info][gc,heap     ] GC(244) Old regions: 49->49
[110.853s][info][gc,heap     ] GC(244) Humongous regions: 207->207
[110.853s][info][gc,metaspace] GC(244) Metaspace: 56072K(56384K)->56072K(56384K) NonClass: 47787K(48000K)->47787K(48000K) Class: 8284K(8384K)->8284K(8384K)
[110.853s][info][gc          ] GC(244) Pause Young (Concurrent Start) (G1 Evacuation Pause) 507M->258M(538M) 5.670ms
[110.853s][info][gc          ] GC(245) Concurrent Mark Cycle
[110.853s][info][gc,marking  ] GC(245) Concurrent Scan Root Regions
[110.854s][info][gc,cpu      ] GC(244) User=0.01s Sys=0.00s Real=0.00s
[110.856s][info][gc,marking  ] GC(245) Concurrent Scan Root Regions 3.075ms
[110.856s][info][gc,marking  ] GC(245) Concurrent Mark
[110.856s][info][gc,marking  ] GC(245) Concurrent Mark From Roots
[110.856s][info][gc,task     ] GC(245) Using 1 workers of 1 for marking
[110.905s][info][gc,marking  ] GC(245) Concurrent Mark From Roots 48.680ms
[110.905s][info][gc,marking  ] GC(245) Concurrent Preclean
[110.905s][info][gc,marking  ] GC(245) Concurrent Preclean 0.086ms
[110.905s][info][gc,start    ] GC(245) Pause Remark
[110.913s][info][gc          ] GC(245) Pause Remark 274M->274M(538M) 8.050ms
[110.913s][info][gc,cpu      ] GC(245) User=0.01s Sys=0.00s Real=0.01s
[110.913s][info][gc,marking  ] GC(245) Concurrent Mark 57.060ms
[110.913s][info][gc,marking  ] GC(245) Concurrent Rebuild Remembered Sets and Scrub Regions
[110.948s][info][gc,marking  ] GC(245) Concurrent Rebuild Remembered Sets and Scrub Regions 34.424ms
[110.948s][info][gc,start    ] GC(245) Pause Cleanup
[110.948s][info][gc          ] GC(245) Pause Cleanup 295M->295M(538M) 0.071ms
[110.948s][info][gc,cpu      ] GC(245) User=0.00s Sys=0.00s Real=0.00s
[110.949s][info][gc,marking  ] GC(245) Concurrent Clear Claimed Marks
[110.949s][info][gc,marking  ] GC(245) Concurrent Clear Claimed Marks 0.119ms
[110.949s][info][gc,marking  ] GC(245) Concurrent Cleanup for Next Mark
[110.951s][info][gc,marking  ] GC(245) Concurrent Cleanup for Next Mark 2.688ms
[110.952s][info][gc          ] GC(245) Concurrent Mark Cycle 98.425ms
[111.472s][info][gc,start    ] GC(246) Pause Young (Prepare Mixed) (G1 Evacuation Pause)
[111.472s][info][gc,task     ] GC(246) Using 2 workers of 2 for evacuation
[111.477s][info][gc,phases   ] GC(246)   Pre Evacuate Collection Set: 0.39ms
[111.477s][info][gc,phases   ] GC(246)   Merge Heap Roots: 0.16ms
[111.477s][info][gc,phases   ] GC(246)   Evacuate Collection Set: 3.67ms
[111.477s][info][gc,phases   ] GC(246)   Post Evacuate Collection Set: 0.58ms
[111.477s][info][gc,phases   ] GC(246)   Other: 0.11ms
[111.477s][info][gc,heap     ] GC(246) Eden regions: 248->0(250)
[111.477s][info][gc,heap     ] GC(246) Survivor regions: 3->2(32)
[111.477s][info][gc,heap     ] GC(246) Old regions: 49->49
[111.477s][info][gc,heap     ] GC(246) Humongous regions: 207->207
[111.477s][info][gc,metaspace] GC(246) Metaspace: 56072K(56384K)->56072K(56384K) NonClass: 47787K(48000K)->47787K(48000K) Class: 8284K(8384K)->8284K(8384K)
[111.477s][info][gc          ] GC(246) Pause Young (Prepare Mixed) (G1 Evacuation Pause) 506M->257M(538M) 5.100ms
[111.477s][info][gc,cpu      ] GC(246) User=0.00s Sys=0.00s Real=0.01s
[112.119s][info][gc,start    ] GC(247) Pause Young (Mixed) (G1 Evacuation Pause)
[112.119s][info][gc,task     ] GC(247) Using 2 workers of 2 for evacuation
[112.123s][info][gc,phases   ] GC(247)   Pre Evacuate Collection Set: 0.26ms
[112.124s][info][gc,phases   ] GC(247)   Merge Heap Roots: 0.11ms
[112.124s][info][gc,phases   ] GC(247)   Evacuate Collection Set: 3.55ms
[112.124s][info][gc,phases   ] GC(247)   Post Evacuate Collection Set: 0.60ms
[112.124s][info][gc,phases   ] GC(247)   Other: 0.10ms
[112.124s][info][gc,heap     ] GC(247) Eden regions: 250->0(252)
[112.124s][info][gc,heap     ] GC(247) Survivor regions: 2->1(32)
[112.124s][info][gc,heap     ] GC(247) Old regions: 49->49
[112.124s][info][gc,heap     ] GC(247) Humongous regions: 207->207
[112.124s][info][gc,metaspace] GC(247) Metaspace: 56072K(56384K)->56072K(56384K) NonClass: 47787K(48000K)->47787K(48000K) Class: 8284K(8384K)->8284K(8384K)
[112.124s][info][gc          ] GC(247) Pause Young (Mixed) (G1 Evacuation Pause) 507M->256M(538M) 4.794ms
[112.124s][info][gc,cpu      ] GC(247) User=0.01s Sys=0.00s Real=0.00s
[112.744s][info][gc,start    ] GC(248) Pause Young (Concurrent Start) (G1 Evacuation Pause)
[112.745s][info][gc,task     ] GC(248) Using 2 workers of 2 for evacuation
[112.749s][info][gc,phases   ] GC(248)   Pre Evacuate Collection Set: 0.34ms
[112.749s][info][gc,phases   ] GC(248)   Merge Heap Roots: 0.11ms
[112.749s][info][gc,phases   ] GC(248)   Evacuate Collection Set: 3.55ms
[112.749s][info][gc,phases   ] GC(248)   Post Evacuate Collection Set: 0.64ms
[112.749s][info][gc,phases   ] GC(248)   Other: 0.15ms
[112.749s][info][gc,heap     ] GC(248) Eden regions: 252->0(250)
[112.749s][info][gc,heap     ] GC(248) Survivor regions: 1->2(32)
[112.749s][info][gc,heap     ] GC(248) Old regions: 49->49
[112.749s][info][gc,heap     ] GC(248) Humongous regions: 207->207
[112.749s][info][gc,metaspace] GC(248) Metaspace: 56072K(56384K)->56072K(56384K) NonClass: 47787K(48000K)->47787K(48000K) Class: 8284K(8384K)->8284K(8384K)
[112.750s][info][gc          ] GC(248) Pause Young (Concurrent Start) (G1 Evacuation Pause) 508M->257M(538M) 5.090ms
[112.750s][info][gc,cpu      ] GC(248) User=0.01s Sys=0.00s Real=0.01s
[112.750s][info][gc          ] GC(249) Concurrent Mark Cycle
[112.750s][info][gc,marking  ] GC(249) Concurrent Scan Root Regions
[112.752s][info][gc,marking  ] GC(249) Concurrent Scan Root Regions 1.804ms
[112.752s][info][gc,marking  ] GC(249) Concurrent Mark
[112.752s][info][gc,marking  ] GC(249) Concurrent Mark From Roots
[112.752s][info][gc,task     ] GC(249) Using 1 workers of 1 for marking
[112.812s][info][gc,marking  ] GC(249) Concurrent Mark From Roots 59.486ms
[112.812s][info][gc,marking  ] GC(249) Concurrent Preclean
[112.812s][info][gc,marking  ] GC(249) Concurrent Preclean 0.082ms
[112.812s][info][gc,start    ] GC(249) Pause Remark
[112.820s][info][gc          ] GC(249) Pause Remark 278M->278M(538M) 8.322ms
[112.820s][info][gc,cpu      ] GC(249) User=0.02s Sys=0.00s Real=0.01s
[112.821s][info][gc,marking  ] GC(249) Concurrent Mark 69.425ms
[112.821s][info][gc,marking  ] GC(249) Concurrent Rebuild Remembered Sets and Scrub Regions
[112.843s][info][gc,marking  ] GC(249) Concurrent Rebuild Remembered Sets and Scrub Regions 21.796ms
[112.844s][info][gc,start    ] GC(249) Pause Cleanup
[112.844s][info][gc          ] GC(249) Pause Cleanup 290M->290M(538M) 0.083ms
[112.844s][info][gc,cpu      ] GC(249) User=0.00s Sys=0.00s Real=0.00s
[112.844s][info][gc,marking  ] GC(249) Concurrent Clear Claimed Marks
[112.844s][info][gc,marking  ] GC(249) Concurrent Clear Claimed Marks 0.095ms
[112.844s][info][gc,marking  ] GC(249) Concurrent Cleanup for Next Mark
[112.846s][info][gc,marking  ] GC(249) Concurrent Cleanup for Next Mark 1.590ms
[112.846s][info][gc          ] GC(249) Concurrent Mark Cycle 95.962ms
[113.359s][info][gc,start    ] GC(250) Pause Young (Prepare Mixed) (G1 Evacuation Pause)
[113.359s][info][gc,task     ] GC(250) Using 2 workers of 2 for evacuation
[113.364s][info][gc,phases   ] GC(250)   Pre Evacuate Collection Set: 0.28ms
[113.364s][info][gc,phases   ] GC(250)   Merge Heap Roots: 0.11ms
[113.364s][info][gc,phases   ] GC(250)   Evacuate Collection Set: 4.42ms
[113.364s][info][gc,phases   ] GC(250)   Post Evacuate Collection Set: 0.59ms
[113.364s][info][gc,phases   ] GC(250)   Other: 0.09ms
[113.364s][info][gc,heap     ] GC(250) Eden regions: 250->0(248)
[113.364s][info][gc,heap     ] GC(250) Survivor regions: 2->3(32)
[113.364s][info][gc,heap     ] GC(250) Old regions: 49->49
[113.364s][info][gc,heap     ] GC(250) Humongous regions: 207->207
[113.364s][info][gc,metaspace] GC(250) Metaspace: 56072K(56384K)->56072K(56384K) NonClass: 47787K(48000K)->47787K(48000K) Class: 8284K(8384K)->8284K(8384K)
[113.364s][info][gc          ] GC(250) Pause Young (Prepare Mixed) (G1 Evacuation Pause) 507M->258M(538M) 5.702ms
[113.364s][info][gc,cpu      ] GC(250) User=0.01s Sys=0.00s Real=0.00s
[114.018s][info][gc,start    ] GC(251) Pause Young (Mixed) (G1 Evacuation Pause)
[114.018s][info][gc,task     ] GC(251) Using 2 workers of 2 for evacuation
[114.023s][info][gc,phases   ] GC(251)   Pre Evacuate Collection Set: 0.24ms
[114.023s][info][gc,phases   ] GC(251)   Merge Heap Roots: 0.10ms
[114.023s][info][gc,phases   ] GC(251)   Evacuate Collection Set: 3.88ms
[114.023s][info][gc,phases   ] GC(251)   Post Evacuate Collection Set: 0.61ms
[114.023s][info][gc,phases   ] GC(251)   Other: 0.09ms
[114.023s][info][gc,heap     ] GC(251) Eden regions: 248->0(252)
[114.023s][info][gc,heap     ] GC(251) Survivor regions: 3->1(32)
[114.023s][info][gc,heap     ] GC(251) Old regions: 49->49
[114.023s][info][gc,heap     ] GC(251) Humongous regions: 207->207
[114.023s][info][gc,metaspace] GC(251) Metaspace: 56072K(56384K)->56072K(56384K) NonClass: 47787K(48000K)->47787K(48000K) Class: 8284K(8384K)->8284K(8384K)
[114.023s][info][gc          ] GC(251) Pause Young (Mixed) (G1 Evacuation Pause) 506M->256M(538M) 5.120ms
[114.023s][info][gc,cpu      ] GC(251) User=0.01s Sys=0.00s Real=0.00s
[114.630s][info][gc,start    ] GC(252) Pause Young (Concurrent Start) (G1 Evacuation Pause)
[114.630s][info][gc,task     ] GC(252) Using 2 workers of 2 for evacuation
[114.635s][info][gc,phases   ] GC(252)   Pre Evacuate Collection Set: 0.30ms
[114.635s][info][gc,phases   ] GC(252)   Merge Heap Roots: 0.10ms
[114.635s][info][gc,phases   ] GC(252)   Evacuate Collection Set: 3.72ms
[114.635s][info][gc,phases   ] GC(252)   Post Evacuate Collection Set: 0.55ms
[114.635s][info][gc,phases   ] GC(252)   Other: 0.13ms
[114.635s][info][gc,heap     ] GC(252) Eden regions: 252->0(250)
[114.635s][info][gc,heap     ] GC(252) Survivor regions: 1->2(32)
[114.635s][info][gc,heap     ] GC(252) Old regions: 49->49
[114.635s][info][gc,heap     ] GC(252) Humongous regions: 207->207
[114.635s][info][gc,metaspace] GC(252) Metaspace: 56072K(56384K)->56072K(56384K) NonClass: 47787K(48000K)->47787K(48000K) Class: 8284K(8384K)->8284K(8384K)
[114.635s][info][gc          ] GC(252) Pause Young (Concurrent Start) (G1 Evacuation Pause) 508M->257M(538M) 5.000ms
[114.635s][info][gc          ] GC(253) Concurrent Mark Cycle
[114.635s][info][gc,marking  ] GC(253) Concurrent Scan Root Regions
[114.638s][info][gc,cpu      ] GC(252) User=0.01s Sys=0.00s Real=0.01s
[114.640s][info][gc,marking  ] GC(253) Concurrent Scan Root Regions 4.360ms
[114.640s][info][gc,marking  ] GC(253) Concurrent Mark
[114.640s][info][gc,marking  ] GC(253) Concurrent Mark From Roots
[114.640s][info][gc,task     ] GC(253) Using 1 workers of 1 for marking
[114.686s][info][gc,marking  ] GC(253) Concurrent Mark From Roots 46.355ms
[114.686s][info][gc,marking  ] GC(253) Concurrent Preclean
[114.686s][info][gc,marking  ] GC(253) Concurrent Preclean 0.091ms
[114.686s][info][gc,start    ] GC(253) Pause Remark
[114.695s][info][gc          ] GC(253) Pause Remark 279M->279M(538M) 8.560ms
[114.695s][info][gc,cpu      ] GC(253) User=0.02s Sys=0.00s Real=0.01s
[114.695s][info][gc,marking  ] GC(253) Concurrent Mark 55.543ms
[114.695s][info][gc,marking  ] GC(253) Concurrent Rebuild Remembered Sets and Scrub Regions
[114.714s][info][gc,marking  ] GC(253) Concurrent Rebuild Remembered Sets and Scrub Regions 18.344ms
[114.714s][info][gc,start    ] GC(253) Pause Cleanup
[114.714s][info][gc          ] GC(253) Pause Cleanup 282M->282M(538M) 0.069ms
[114.714s][info][gc,cpu      ] GC(253) User=0.00s Sys=0.00s Real=0.00s
[114.714s][info][gc,marking  ] GC(253) Concurrent Clear Claimed Marks
[114.714s][info][gc,marking  ] GC(253) Concurrent Clear Claimed Marks 0.095ms
[114.714s][info][gc,marking  ] GC(253) Concurrent Cleanup for Next Mark
[114.716s][info][gc,marking  ] GC(253) Concurrent Cleanup for Next Mark 1.593ms
[114.716s][info][gc          ] GC(253) Concurrent Mark Cycle 80.234ms
[115.349s][info][gc,start    ] GC(254) Pause Young (Prepare Mixed) (G1 Evacuation Pause)
[115.349s][info][gc,task     ] GC(254) Using 2 workers of 2 for evacuation
[115.355s][info][gc,phases   ] GC(254)   Pre Evacuate Collection Set: 0.26ms
[115.355s][info][gc,phases   ] GC(254)   Merge Heap Roots: 0.10ms
[115.355s][info][gc,phases   ] GC(254)   Evacuate Collection Set: 5.14ms
[115.355s][info][gc,phases   ] GC(254)   Post Evacuate Collection Set: 0.56ms
[115.355s][info][gc,phases   ] GC(254)   Other: 0.09ms
[115.355s][info][gc,heap     ] GC(254) Eden regions: 250->0(248)
[115.355s][info][gc,heap     ] GC(254) Survivor regions: 2->3(32)
[115.355s][info][gc,heap     ] GC(254) Old regions: 49->49
[115.355s][info][gc,heap     ] GC(254) Humongous regions: 207->207
[115.355s][info][gc,metaspace] GC(254) Metaspace: 56072K(56384K)->56072K(56384K) NonClass: 47787K(48000K)->47787K(48000K) Class: 8284K(8384K)->8284K(8384K)
[115.355s][info][gc          ] GC(254) Pause Young (Prepare Mixed) (G1 Evacuation Pause) 507M->258M(538M) 6.348ms
[115.355s][info][gc,cpu      ] GC(254) User=0.02s Sys=0.00s Real=0.00s
[118.947s][info][gc,start    ] GC(255) Pause Young (Mixed) (G1 Evacuation Pause)
[118.947s][info][gc,task     ] GC(255) Using 2 workers of 2 for evacuation
[118.968s][info][gc,phases   ] GC(255)   Pre Evacuate Collection Set: 0.31ms
[118.968s][info][gc,phases   ] GC(255)   Merge Heap Roots: 0.39ms
[118.968s][info][gc,phases   ] GC(255)   Evacuate Collection Set: 19.98ms
[118.968s][info][gc,phases   ] GC(255)   Post Evacuate Collection Set: 0.81ms
[118.968s][info][gc,phases   ] GC(255)   Other: 0.10ms
[118.968s][info][gc,heap     ] GC(255) Eden regions: 240->0(353)
[118.968s][info][gc,heap     ] GC(255) Survivor regions: 3->13(31)
[118.968s][info][gc,heap     ] GC(255) Old regions: 49->49
[118.968s][info][gc,heap     ] GC(255) Humongous regions: 363->207
[118.968s][info][gc,metaspace] GC(255) Metaspace: 56396K(56704K)->56396K(56704K) NonClass: 48110K(48320K)->48110K(48320K) Class: 8285K(8384K)->8285K(8384K)
[118.968s][info][gc          ] GC(255) Pause Young (Mixed) (G1 Evacuation Pause) 654M->268M(669M) 21.828ms
[118.968s][info][gc,cpu      ] GC(255) User=0.02s Sys=0.02s Real=0.03s
[119.765s][info][gc,start    ] GC(256) Pause Young (Normal) (G1 Evacuation Pause)
[119.765s][info][gc,task     ] GC(256) Using 2 workers of 2 for evacuation
[119.778s][info][gc,phases   ] GC(256)   Pre Evacuate Collection Set: 0.39ms
[119.779s][info][gc,phases   ] GC(256)   Merge Heap Roots: 0.12ms
[119.779s][info][gc,phases   ] GC(256)   Evacuate Collection Set: 12.06ms
[119.779s][info][gc,phases   ] GC(256)   Post Evacuate Collection Set: 0.82ms
[119.779s][info][gc,phases   ] GC(256)   Other: 0.12ms
[119.779s][info][gc,heap     ] GC(256) Eden regions: 353->0(302)
[119.779s][info][gc,heap     ] GC(256) Survivor regions: 13->35(46)
[119.779s][info][gc,heap     ] GC(256) Old regions: 49->49
[119.779s][info][gc,heap     ] GC(256) Humongous regions: 207->207
[119.779s][info][gc,metaspace] GC(256) Metaspace: 56396K(56704K)->56396K(56704K) NonClass: 48110K(48320K)->48110K(48320K) Class: 8285K(8384K)->8285K(8384K)
[119.779s][info][gc          ] GC(256) Pause Young (Normal) (G1 Evacuation Pause) 621M->290M(669M) 13.704ms
[119.779s][info][gc,cpu      ] GC(256) User=0.03s Sys=0.00s Real=0.02s
[120.533s][info][gc,start    ] GC(257) Pause Young (Normal) (G1 Evacuation Pause)
[120.533s][info][gc,task     ] GC(257) Using 2 workers of 2 for evacuation
[120.545s][info][gc,phases   ] GC(257)   Pre Evacuate Collection Set: 0.31ms
[120.545s][info][gc,phases   ] GC(257)   Merge Heap Roots: 0.12ms
[120.545s][info][gc,phases   ] GC(257)   Evacuate Collection Set: 10.84ms
[120.545s][info][gc,phases   ] GC(257)   Post Evacuate Collection Set: 0.72ms
[120.545s][info][gc,phases   ] GC(257)   Other: 0.14ms
[120.546s][info][gc,heap     ] GC(257) Eden regions: 302->0(317)
[120.546s][info][gc,heap     ] GC(257) Survivor regions: 35->2(43)
[120.546s][info][gc,heap     ] GC(257) Old regions: 49->82
[120.546s][info][gc,heap     ] GC(257) Humongous regions: 207->207
[120.546s][info][gc,metaspace] GC(257) Metaspace: 56396K(56704K)->56396K(56704K) NonClass: 48110K(48320K)->48110K(48320K) Class: 8285K(8384K)->8285K(8384K)
[120.546s][info][gc          ] GC(257) Pause Young (Normal) (G1 Evacuation Pause) 592M->290M(669M) 12.327ms
[120.546s][info][gc,cpu      ] GC(257) User=0.02s Sys=0.00s Real=0.01s
[121.335s][info][gc,start    ] GC(258) Pause Young (Normal) (G1 Evacuation Pause)
[121.335s][info][gc,task     ] GC(258) Using 2 workers of 2 for evacuation
[121.339s][info][gc,phases   ] GC(258)   Pre Evacuate Collection Set: 0.27ms
[121.339s][info][gc,phases   ] GC(258)   Merge Heap Roots: 0.11ms
[121.339s][info][gc,phases   ] GC(258)   Evacuate Collection Set: 3.00ms
[121.339s][info][gc,phases   ] GC(258)   Post Evacuate Collection Set: 0.66ms
[121.339s][info][gc,phases   ] GC(258)   Other: 0.08ms
[121.339s][info][gc,heap     ] GC(258) Eden regions: 317->0(326)
[121.339s][info][gc,heap     ] GC(258) Survivor regions: 2->2(40)
[121.339s][info][gc,heap     ] GC(258) Old regions: 82->82
[121.339s][info][gc,heap     ] GC(258) Humongous regions: 207->207
[121.339s][info][gc,metaspace] GC(258) Metaspace: 56396K(56704K)->56396K(56704K) NonClass: 48110K(48320K)->48110K(48320K) Class: 8285K(8384K)->8285K(8384K)
[121.339s][info][gc          ] GC(258) Pause Young (Normal) (G1 Evacuation Pause) 607M->290M(669M) 4.301ms
[121.339s][info][gc,cpu      ] GC(258) User=0.01s Sys=0.00s Real=0.01s
[122.140s][info][gc,start    ] GC(259) Pause Young (Normal) (G1 Evacuation Pause)
[122.140s][info][gc,task     ] GC(259) Using 2 workers of 2 for evacuation
[122.145s][info][gc,phases   ] GC(259)   Pre Evacuate Collection Set: 0.27ms
[122.145s][info][gc,phases   ] GC(259)   Merge Heap Roots: 0.12ms
[122.145s][info][gc,phases   ] GC(259)   Evacuate Collection Set: 4.48ms
[122.146s][info][gc,phases   ] GC(259)   Post Evacuate Collection Set: 0.63ms
[122.146s][info][gc,phases   ] GC(259)   Other: 0.11ms
[122.146s][info][gc,heap     ] GC(259) Eden regions: 326->0(331)
[122.146s][info][gc,heap     ] GC(259) Survivor regions: 2->3(41)
[122.146s][info][gc,heap     ] GC(259) Old regions: 82->82
[122.146s][info][gc,heap     ] GC(259) Humongous regions: 207->207
[122.146s][info][gc,metaspace] GC(259) Metaspace: 56396K(56704K)->56396K(56704K) NonClass: 48110K(48320K)->48110K(48320K) Class: 8285K(8384K)->8285K(8384K)
[122.146s][info][gc          ] GC(259) Pause Young (Normal) (G1 Evacuation Pause) 616M->291M(669M) 5.772ms
[122.146s][info][gc,cpu      ] GC(259) User=0.01s Sys=0.00s Real=0.00s
[122.956s][info][gc,start    ] GC(260) Pause Young (Normal) (G1 Evacuation Pause)
[122.956s][info][gc,task     ] GC(260) Using 2 workers of 2 for evacuation
[122.960s][info][gc,phases   ] GC(260)   Pre Evacuate Collection Set: 0.29ms
[122.960s][info][gc,phases   ] GC(260)   Merge Heap Roots: 0.11ms
[122.960s][info][gc,phases   ] GC(260)   Evacuate Collection Set: 3.35ms
[122.960s][info][gc,phases   ] GC(260)   Post Evacuate Collection Set: 0.64ms
[122.960s][info][gc,phases   ] GC(260)   Other: 0.10ms
[122.960s][info][gc,heap     ] GC(260) Eden regions: 331->0(339)
[122.960s][info][gc,heap     ] GC(260) Survivor regions: 3->2(42)
[122.960s][info][gc,heap     ] GC(260) Old regions: 82->82
[122.961s][info][gc,heap     ] GC(260) Humongous regions: 207->207
[122.961s][info][gc,metaspace] GC(260) Metaspace: 56396K(56704K)->56396K(56704K) NonClass: 48110K(48320K)->48110K(48320K) Class: 8285K(8384K)->8285K(8384K)
[122.961s][info][gc          ] GC(260) Pause Young (Normal) (G1 Evacuation Pause) 622M->290M(669M) 4.670ms
[122.961s][info][gc,cpu      ] GC(260) User=0.01s Sys=0.00s Real=0.01s
[123.845s][info][gc,start    ] GC(261) Pause Young (Normal) (G1 Evacuation Pause)
[123.846s][info][gc,task     ] GC(261) Using 2 workers of 2 for evacuation
[123.848s][info][gc,phases   ] GC(261)   Pre Evacuate Collection Set: 0.28ms
[123.848s][info][gc,phases   ] GC(261)   Merge Heap Roots: 0.12ms
[123.848s][info][gc,phases   ] GC(261)   Evacuate Collection Set: 1.78ms
[123.848s][info][gc,phases   ] GC(261)   Post Evacuate Collection Set: 0.63ms
[123.849s][info][gc,phases   ] GC(261)   Other: 0.08ms
[123.849s][info][gc,heap     ] GC(261) Eden regions: 339->0(344)
[123.849s][info][gc,heap     ] GC(261) Survivor regions: 2->1(43)
[123.849s][info][gc,heap     ] GC(261) Old regions: 82->82
[123.849s][info][gc,heap     ] GC(261) Humongous regions: 207->207
[123.849s][info][gc,metaspace] GC(261) Metaspace: 56401K(56768K)->56401K(56768K) NonClass: 48115K(48384K)->48115K(48384K) Class: 8285K(8384K)->8285K(8384K)
[123.849s][info][gc          ] GC(261) Pause Young (Normal) (G1 Evacuation Pause) 629M->289M(669M) 3.096ms
[123.849s][info][gc,cpu      ] GC(261) User=0.01s Sys=0.00s Real=0.01s
[124.716s][info][gc,start    ] GC(262) Pause Young (Concurrent Start) (G1 Evacuation Pause)
[124.716s][info][gc,task     ] GC(262) Using 2 workers of 2 for evacuation
[124.720s][info][gc,phases   ] GC(262)   Pre Evacuate Collection Set: 0.33ms
[124.720s][info][gc,phases   ] GC(262)   Merge Heap Roots: 0.12ms
[124.720s][info][gc,phases   ] GC(262)   Evacuate Collection Set: 2.23ms
[124.720s][info][gc,phases   ] GC(262)   Post Evacuate Collection Set: 0.67ms
[124.720s][info][gc,phases   ] GC(262)   Other: 0.10ms
[124.720s][info][gc,heap     ] GC(262) Eden regions: 344->0(344)
[124.720s][info][gc,heap     ] GC(262) Survivor regions: 1->1(44)
[124.720s][info][gc,heap     ] GC(262) Old regions: 82->82
[124.720s][info][gc,heap     ] GC(262) Humongous regions: 207->207
[124.720s][info][gc,metaspace] GC(262) Metaspace: 56401K(56768K)->56401K(56768K) NonClass: 48115K(48384K)->48115K(48384K) Class: 8285K(8384K)->8285K(8384K)
[124.720s][info][gc          ] GC(262) Pause Young (Concurrent Start) (G1 Evacuation Pause) 633M->289M(669M) 3.686ms
[124.720s][info][gc,cpu      ] GC(262) User=0.00s Sys=0.00s Real=0.01s
[124.720s][info][gc          ] GC(263) Concurrent Mark Cycle
[124.720s][info][gc,marking  ] GC(263) Concurrent Scan Root Regions
[124.722s][info][gc,marking  ] GC(263) Concurrent Scan Root Regions 1.565ms
[124.722s][info][gc,marking  ] GC(263) Concurrent Mark
[124.722s][info][gc,marking  ] GC(263) Concurrent Mark From Roots
[124.722s][info][gc,task     ] GC(263) Using 1 workers of 1 for marking
[124.795s][info][gc,marking  ] GC(263) Concurrent Mark From Roots 73.695ms
[124.795s][info][gc,marking  ] GC(263) Concurrent Preclean
[124.795s][info][gc,marking  ] GC(263) Concurrent Preclean 0.065ms
[124.796s][info][gc,start    ] GC(263) Pause Remark
[124.805s][info][gc          ] GC(263) Pause Remark 328M->307M(669M) 9.173ms
[124.805s][info][gc,cpu      ] GC(263) User=0.01s Sys=0.00s Real=0.01s
[124.805s][info][gc,marking  ] GC(263) Concurrent Mark 83.244ms
[124.805s][info][gc,marking  ] GC(263) Concurrent Rebuild Remembered Sets and Scrub Regions
[124.830s][info][gc,marking  ] GC(263) Concurrent Rebuild Remembered Sets and Scrub Regions 25.428ms
[124.830s][info][gc,start    ] GC(263) Pause Cleanup
[124.830s][info][gc          ] GC(263) Pause Cleanup 316M->316M(669M) 0.076ms
[124.830s][info][gc,cpu      ] GC(263) User=0.00s Sys=0.00s Real=0.00s
[124.831s][info][gc,marking  ] GC(263) Concurrent Clear Claimed Marks
[124.831s][info][gc,marking  ] GC(263) Concurrent Clear Claimed Marks 0.095ms
[124.831s][info][gc,marking  ] GC(263) Concurrent Cleanup for Next Mark
[124.835s][info][gc,marking  ] GC(263) Concurrent Cleanup for Next Mark 4.087ms
[124.835s][info][gc          ] GC(263) Concurrent Mark Cycle 114.804ms
[125.551s][info][gc,start    ] GC(264) Pause Young (Prepare Mixed) (G1 Evacuation Pause)
[125.551s][info][gc,task     ] GC(264) Using 2 workers of 2 for evacuation
[125.557s][info][gc,phases   ] GC(264)   Pre Evacuate Collection Set: 0.28ms
[125.557s][info][gc,phases   ] GC(264)   Merge Heap Roots: 0.14ms
[125.557s][info][gc,phases   ] GC(264)   Evacuate Collection Set: 4.87ms
[125.557s][info][gc,phases   ] GC(264)   Post Evacuate Collection Set: 0.69ms
[125.557s][info][gc,phases   ] GC(264)   Other: 0.09ms
[125.557s][info][gc,heap     ] GC(264) Eden regions: 344->0(361)
[125.557s][info][gc,heap     ] GC(264) Survivor regions: 1->3(44)
[125.557s][info][gc,heap     ] GC(264) Old regions: 61->61
[125.557s][info][gc,heap     ] GC(264) Humongous regions: 207->207
[125.557s][info][gc,metaspace] GC(264) Metaspace: 56401K(56768K)->56401K(56768K) NonClass: 48115K(48384K)->48115K(48384K) Class: 8285K(8384K)->8285K(8384K)
[125.557s][info][gc          ] GC(264) Pause Young (Prepare Mixed) (G1 Evacuation Pause) 612M->270M(669M) 6.260ms
[125.557s][info][gc,cpu      ] GC(264) User=0.02s Sys=0.00s Real=0.01s
[126.457s][info][gc,start    ] GC(265) Pause Young (Mixed) (G1 Evacuation Pause)
[126.457s][info][gc,task     ] GC(265) Using 2 workers of 2 for evacuation
[126.460s][info][gc,phases   ] GC(265)   Pre Evacuate Collection Set: 0.28ms
[126.460s][info][gc,phases   ] GC(265)   Merge Heap Roots: 0.12ms
[126.460s][info][gc,phases   ] GC(265)   Evacuate Collection Set: 2.70ms
[126.460s][info][gc,phases   ] GC(265)   Post Evacuate Collection Set: 0.66ms
[126.460s][info][gc,phases   ] GC(265)   Other: 0.11ms
[126.460s][info][gc,heap     ] GC(265) Eden regions: 361->0(367)
[126.460s][info][gc,heap     ] GC(265) Survivor regions: 3->1(46)
[126.460s][info][gc,heap     ] GC(265) Old regions: 61->59
[126.461s][info][gc,heap     ] GC(265) Humongous regions: 207->207
[126.461s][info][gc,metaspace] GC(265) Metaspace: 56410K(56768K)->56410K(56768K) NonClass: 48124K(48384K)->48124K(48384K) Class: 8285K(8384K)->8285K(8384K)
[126.461s][info][gc          ] GC(265) Pause Young (Mixed) (G1 Evacuation Pause) 631M->266M(669M) 4.040ms
[126.461s][info][gc,cpu      ] GC(265) User=0.01s Sys=0.00s Real=0.01s
[127.454s][info][gc,start    ] GC(266) Pause Young (Concurrent Start) (G1 Evacuation Pause)
[127.454s][info][gc,task     ] GC(266) Using 2 workers of 2 for evacuation
[127.461s][info][gc,phases   ] GC(266)   Pre Evacuate Collection Set: 0.39ms
[127.461s][info][gc,phases   ] GC(266)   Merge Heap Roots: 0.14ms
[127.461s][info][gc,phases   ] GC(266)   Evacuate Collection Set: 5.05ms
[127.461s][info][gc,phases   ] GC(266)   Post Evacuate Collection Set: 0.78ms
[127.461s][info][gc,phases   ] GC(266)   Other: 0.17ms
[127.461s][info][gc,heap     ] GC(266) Eden regions: 367->0(365)
[127.461s][info][gc,heap     ] GC(266) Survivor regions: 1->2(46)
[127.461s][info][gc,heap     ] GC(266) Old regions: 59->59
[127.461s][info][gc,heap     ] GC(266) Humongous regions: 207->207
[127.461s][info][gc,metaspace] GC(266) Metaspace: 56410K(56768K)->56410K(56768K) NonClass: 48124K(48384K)->48124K(48384K) Class: 8285K(8384K)->8285K(8384K)
[127.461s][info][gc          ] GC(266) Pause Young (Concurrent Start) (G1 Evacuation Pause) 633M->267M(669M) 6.839ms
[127.461s][info][gc,cpu      ] GC(266) User=0.02s Sys=0.00s Real=0.01s
[127.462s][info][gc          ] GC(267) Concurrent Mark Cycle
[127.462s][info][gc,marking  ] GC(267) Concurrent Scan Root Regions
[127.472s][info][gc,marking  ] GC(267) Concurrent Scan Root Regions 9.819ms
[127.472s][info][gc,marking  ] GC(267) Concurrent Mark
[127.472s][info][gc,marking  ] GC(267) Concurrent Mark From Roots
[127.472s][info][gc,task     ] GC(267) Using 1 workers of 1 for marking
[127.553s][info][gc,marking  ] GC(267) Concurrent Mark From Roots 81.513ms
[127.553s][info][gc,marking  ] GC(267) Concurrent Preclean
[127.553s][info][gc,marking  ] GC(267) Concurrent Preclean 0.078ms
[127.553s][info][gc,start    ] GC(267) Pause Remark
[127.563s][info][gc          ] GC(267) Pause Remark 313M->313M(669M) 9.756ms
[127.563s][info][gc,cpu      ] GC(267) User=0.02s Sys=0.00s Real=0.01s
[127.564s][info][gc,marking  ] GC(267) Concurrent Mark 92.180ms
[127.564s][info][gc,marking  ] GC(267) Concurrent Rebuild Remembered Sets and Scrub Regions
[127.583s][info][gc,marking  ] GC(267) Concurrent Rebuild Remembered Sets and Scrub Regions 18.698ms
[127.583s][info][gc,start    ] GC(267) Pause Cleanup
[127.583s][info][gc          ] GC(267) Pause Cleanup 320M->320M(669M) 0.085ms
[127.583s][info][gc,cpu      ] GC(267) User=0.00s Sys=0.00s Real=0.00s
[127.583s][info][gc,marking  ] GC(267) Concurrent Clear Claimed Marks
[127.583s][info][gc,marking  ] GC(267) Concurrent Clear Claimed Marks 0.097ms
[127.583s][info][gc,marking  ] GC(267) Concurrent Cleanup for Next Mark
[127.585s][info][gc,marking  ] GC(267) Concurrent Cleanup for Next Mark 2.165ms
[127.585s][info][gc          ] GC(267) Concurrent Mark Cycle 123.463ms
[128.276s][info][gc,start    ] GC(268) Pause Young (Prepare Mixed) (G1 Evacuation Pause)
[128.276s][info][gc,task     ] GC(268) Using 2 workers of 2 for evacuation
[128.281s][info][gc,phases   ] GC(268)   Pre Evacuate Collection Set: 0.29ms
[128.281s][info][gc,phases   ] GC(268)   Merge Heap Roots: 0.13ms
[128.281s][info][gc,phases   ] GC(268)   Evacuate Collection Set: 3.06ms
[128.281s][info][gc,phases   ] GC(268)   Post Evacuate Collection Set: 0.68ms
[128.281s][info][gc,phases   ] GC(268)   Other: 0.08ms
[128.281s][info][gc,heap     ] GC(268) Eden regions: 365->0(367)
[128.281s][info][gc,heap     ] GC(268) Survivor regions: 2->1(46)
[128.281s][info][gc,heap     ] GC(268) Old regions: 59->59
[128.281s][info][gc,heap     ] GC(268) Humongous regions: 207->207
[128.281s][info][gc,metaspace] GC(268) Metaspace: 56410K(56768K)->56410K(56768K) NonClass: 48124K(48384K)->48124K(48384K) Class: 8285K(8384K)->8285K(8384K)
[128.281s][info][gc          ] GC(268) Pause Young (Prepare Mixed) (G1 Evacuation Pause) 632M->266M(669M) 4.438ms
[128.281s][info][gc,cpu      ] GC(268) User=0.01s Sys=0.01s Real=0.01s
[129.232s][info][gc,start    ] GC(269) Pause Young (Mixed) (G1 Evacuation Pause)
[129.232s][info][gc,task     ] GC(269) Using 2 workers of 2 for evacuation
[129.237s][info][gc,phases   ] GC(269)   Pre Evacuate Collection Set: 0.28ms
[129.237s][info][gc,phases   ] GC(269)   Merge Heap Roots: 0.14ms
[129.237s][info][gc,phases   ] GC(269)   Evacuate Collection Set: 3.37ms
[129.237s][info][gc,phases   ] GC(269)   Post Evacuate Collection Set: 0.70ms
[129.237s][info][gc,phases   ] GC(269)   Other: 0.10ms
[129.237s][info][gc,heap     ] GC(269) Eden regions: 367->0(369)
[129.237s][info][gc,heap     ] GC(269) Survivor regions: 1->1(46)
[129.237s][info][gc,heap     ] GC(269) Old regions: 59->57
[129.237s][info][gc,heap     ] GC(269) Humongous regions: 207->207
[129.237s][info][gc,metaspace] GC(269) Metaspace: 56414K(56768K)->56414K(56768K) NonClass: 48128K(48384K)->48128K(48384K) Class: 8285K(8384K)->8285K(8384K)
[129.237s][info][gc          ] GC(269) Pause Young (Mixed) (G1 Evacuation Pause) 633M->264M(669M) 4.799ms
[129.237s][info][gc,cpu      ] GC(269) User=0.01s Sys=0.00s Real=0.01s
[130.179s][info][gc,start    ] GC(270) Pause Young (Concurrent Start) (G1 Evacuation Pause)
[130.179s][info][gc,task     ] GC(270) Using 2 workers of 2 for evacuation
[130.183s][info][gc,phases   ] GC(270)   Pre Evacuate Collection Set: 0.32ms
[130.183s][info][gc,phases   ] GC(270)   Merge Heap Roots: 0.13ms
[130.183s][info][gc,phases   ] GC(270)   Evacuate Collection Set: 2.99ms
[130.183s][info][gc,phases   ] GC(270)   Post Evacuate Collection Set: 0.66ms
[130.183s][info][gc,phases   ] GC(270)   Other: 0.11ms
[130.183s][info][gc,heap     ] GC(270) Eden regions: 369->0(367)
[130.183s][info][gc,heap     ] GC(270) Survivor regions: 1->2(47)
[130.183s][info][gc,heap     ] GC(270) Old regions: 57->57
[130.183s][info][gc,heap     ] GC(270) Humongous regions: 207->207
[130.183s][info][gc,metaspace] GC(270) Metaspace: 56414K(56768K)->56414K(56768K) NonClass: 48128K(48384K)->48128K(48384K) Class: 8285K(8384K)->8285K(8384K)
[130.183s][info][gc          ] GC(270) Pause Young (Concurrent Start) (G1 Evacuation Pause) 633M->265M(669M) 4.390ms
[130.183s][info][gc,cpu      ] GC(270) User=0.00s Sys=0.00s Real=0.00s
[130.183s][info][gc          ] GC(271) Concurrent Mark Cycle
[130.185s][info][gc,marking  ] GC(271) Concurrent Scan Root Regions
[130.188s][info][gc,marking  ] GC(271) Concurrent Scan Root Regions 3.359ms
[130.188s][info][gc,marking  ] GC(271) Concurrent Mark
[130.188s][info][gc,marking  ] GC(271) Concurrent Mark From Roots
[130.188s][info][gc,task     ] GC(271) Using 1 workers of 1 for marking
[130.271s][info][gc,marking  ] GC(271) Concurrent Mark From Roots 82.333ms
[130.271s][info][gc,marking  ] GC(271) Concurrent Preclean
[130.271s][info][gc,marking  ] GC(271) Concurrent Preclean 0.082ms
[130.272s][info][gc,start    ] GC(271) Pause Remark
[130.281s][info][gc          ] GC(271) Pause Remark 319M->319M(669M) 9.098ms
[130.281s][info][gc,cpu      ] GC(271) User=0.01s Sys=0.00s Real=0.01s
[130.281s][info][gc,marking  ] GC(271) Concurrent Mark 93.074ms
[130.281s][info][gc,marking  ] GC(271) Concurrent Rebuild Remembered Sets and Scrub Regions
[130.305s][info][gc,marking  ] GC(271) Concurrent Rebuild Remembered Sets and Scrub Regions 24.054ms
[130.306s][info][gc,start    ] GC(271) Pause Cleanup
[130.306s][info][gc          ] GC(271) Pause Cleanup 329M->329M(669M) 0.105ms
[130.306s][info][gc,cpu      ] GC(271) User=0.00s Sys=0.00s Real=0.00s
[130.306s][info][gc,marking  ] GC(271) Concurrent Clear Claimed Marks
[130.306s][info][gc,marking  ] GC(271) Concurrent Clear Claimed Marks 0.108ms
[130.306s][info][gc,marking  ] GC(271) Concurrent Cleanup for Next Mark
[130.309s][info][gc,marking  ] GC(271) Concurrent Cleanup for Next Mark 2.020ms
[130.309s][info][gc          ] GC(271) Concurrent Mark Cycle 125.414ms
[131.048s][info][gc,start    ] GC(272) Pause Young (Prepare Mixed) (G1 Evacuation Pause)
[131.048s][info][gc,task     ] GC(272) Using 2 workers of 2 for evacuation
[131.054s][info][gc,phases   ] GC(272)   Pre Evacuate Collection Set: 0.30ms
[131.054s][info][gc,phases   ] GC(272)   Merge Heap Roots: 0.12ms
[131.054s][info][gc,phases   ] GC(272)   Evacuate Collection Set: 4.70ms
[131.054s][info][gc,phases   ] GC(272)   Post Evacuate Collection Set: 0.70ms
[131.054s][info][gc,phases   ] GC(272)   Other: 0.09ms
[131.054s][info][gc,heap     ] GC(272) Eden regions: 367->0(365)
[131.054s][info][gc,heap     ] GC(272) Survivor regions: 2->3(47)
[131.054s][info][gc,heap     ] GC(272) Old regions: 57->57
[131.054s][info][gc,heap     ] GC(272) Humongous regions: 207->207
[131.054s][info][gc,metaspace] GC(272) Metaspace: 56414K(56768K)->56414K(56768K) NonClass: 48128K(48384K)->48128K(48384K) Class: 8285K(8384K)->8285K(8384K)
[131.054s][info][gc          ] GC(272) Pause Young (Prepare Mixed) (G1 Evacuation Pause) 632M->266M(669M) 6.109ms
[131.054s][info][gc,cpu      ] GC(272) User=0.02s Sys=0.00s Real=0.00s
[131.958s][info][gc,start    ] GC(273) Pause Young (Mixed) (G1 Evacuation Pause)
[131.958s][info][gc,task     ] GC(273) Using 2 workers of 2 for evacuation
[131.965s][info][gc,phases   ] GC(273)   Pre Evacuate Collection Set: 0.30ms
[131.965s][info][gc,phases   ] GC(273)   Merge Heap Roots: 0.12ms
[131.965s][info][gc,phases   ] GC(273)   Evacuate Collection Set: 5.34ms
[131.965s][info][gc,phases   ] GC(273)   Post Evacuate Collection Set: 0.71ms
[131.965s][info][gc,phases   ] GC(273)   Other: 0.09ms
[131.965s][info][gc,heap     ] GC(273) Eden regions: 365->0(368)
[131.965s][info][gc,heap     ] GC(273) Survivor regions: 3->2(46)
[131.965s][info][gc,heap     ] GC(273) Old regions: 57->56
[131.965s][info][gc,heap     ] GC(273) Humongous regions: 207->207
[131.965s][info][gc,metaspace] GC(273) Metaspace: 56414K(56768K)->56414K(56768K) NonClass: 48128K(48384K)->48128K(48384K) Class: 8285K(8384K)->8285K(8384K)
[131.965s][info][gc          ] GC(273) Pause Young (Mixed) (G1 Evacuation Pause) 631M->264M(669M) 6.735ms
[131.965s][info][gc,cpu      ] GC(273) User=0.02s Sys=0.00s Real=0.00s
[132.922s][info][gc,start    ] GC(274) Pause Young (Concurrent Start) (G1 Evacuation Pause)
[132.922s][info][gc,task     ] GC(274) Using 2 workers of 2 for evacuation
[132.926s][info][gc,phases   ] GC(274)   Pre Evacuate Collection Set: 0.32ms
[132.926s][info][gc,phases   ] GC(274)   Merge Heap Roots: 0.12ms
[132.926s][info][gc,phases   ] GC(274)   Evacuate Collection Set: 3.16ms
[132.926s][info][gc,phases   ] GC(274)   Post Evacuate Collection Set: 0.69ms
[132.926s][info][gc,phases   ] GC(274)   Other: 0.12ms
[132.926s][info][gc,heap     ] GC(274) Eden regions: 368->0(370)
[132.926s][info][gc,heap     ] GC(274) Survivor regions: 2->1(47)
[132.926s][info][gc,heap     ] GC(274) Old regions: 56->56
[132.926s][info][gc,heap     ] GC(274) Humongous regions: 207->207
[132.926s][info][gc,metaspace] GC(274) Metaspace: 56414K(56768K)->56414K(56768K) NonClass: 48128K(48384K)->48128K(48384K) Class: 8285K(8384K)->8285K(8384K)
[132.926s][info][gc          ] GC(274) Pause Young (Concurrent Start) (G1 Evacuation Pause) 632M->263M(669M) 4.583ms
[132.926s][info][gc,cpu      ] GC(274) User=0.01s Sys=0.00s Real=0.00s
[132.926s][info][gc          ] GC(275) Concurrent Mark Cycle
[132.926s][info][gc,marking  ] GC(275) Concurrent Scan Root Regions
[132.932s][info][gc,marking  ] GC(275) Concurrent Scan Root Regions 6.027ms
[132.932s][info][gc,marking  ] GC(275) Concurrent Mark
[132.932s][info][gc,marking  ] GC(275) Concurrent Mark From Roots
[132.932s][info][gc,task     ] GC(275) Using 1 workers of 1 for marking
[132.999s][info][gc,marking  ] GC(275) Concurrent Mark From Roots 66.184ms
[132.999s][info][gc,marking  ] GC(275) Concurrent Preclean
[132.999s][info][gc,marking  ] GC(275) Concurrent Preclean 0.104ms
[132.999s][info][gc,start    ] GC(275) Pause Remark
[133.015s][info][gc          ] GC(275) Pause Remark 287M->287M(669M) 15.202ms
[133.015s][info][gc,cpu      ] GC(275) User=0.02s Sys=0.00s Real=0.01s
[133.016s][info][gc,marking  ] GC(275) Concurrent Mark 83.187ms
[133.016s][info][gc,marking  ] GC(275) Concurrent Rebuild Remembered Sets and Scrub Regions
[133.072s][info][gc,marking  ] GC(275) Concurrent Rebuild Remembered Sets and Scrub Regions 55.939ms
[133.073s][info][gc,start    ] GC(275) Pause Cleanup
[133.073s][info][gc          ] GC(275) Pause Cleanup 313M->313M(669M) 0.087ms
[133.073s][info][gc,cpu      ] GC(275) User=0.00s Sys=0.00s Real=0.00s
[133.074s][info][gc,marking  ] GC(275) Concurrent Clear Claimed Marks
[133.074s][info][gc,marking  ] GC(275) Concurrent Clear Claimed Marks 0.114ms
[133.074s][info][gc,marking  ] GC(275) Concurrent Cleanup for Next Mark
[133.077s][info][gc,marking  ] GC(275) Concurrent Cleanup for Next Mark 2.760ms
[133.077s][info][gc          ] GC(275) Concurrent Mark Cycle 150.538ms
[133.836s][info][gc,start    ] GC(276) Pause Young (Prepare Mixed) (G1 Evacuation Pause)
[133.836s][info][gc,task     ] GC(276) Using 2 workers of 2 for evacuation
[133.846s][info][gc,phases   ] GC(276)   Pre Evacuate Collection Set: 0.47ms
[133.846s][info][gc,phases   ] GC(276)   Merge Heap Roots: 0.19ms
[133.846s][info][gc,phases   ] GC(276)   Evacuate Collection Set: 8.17ms
[133.846s][info][gc,phases   ] GC(276)   Post Evacuate Collection Set: 1.14ms
[133.846s][info][gc,phases   ] GC(276)   Other: 0.09ms
[133.846s][info][gc,heap     ] GC(276) Eden regions: 370->0(368)
[133.846s][info][gc,heap     ] GC(276) Survivor regions: 1->2(47)
[133.846s][info][gc,heap     ] GC(276) Old regions: 56->56
[133.846s][info][gc,heap     ] GC(276) Humongous regions: 207->207
[133.846s][info][gc,metaspace] GC(276) Metaspace: 56414K(56768K)->56414K(56768K) NonClass: 48128K(48384K)->48128K(48384K) Class: 8285K(8384K)->8285K(8384K)
[133.846s][info][gc          ] GC(276) Pause Young (Prepare Mixed) (G1 Evacuation Pause) 633M->264M(669M) 10.292ms
[133.846s][info][gc,cpu      ] GC(276) User=0.01s Sys=0.00s Real=0.01s
[134.742s][info][gc,start    ] GC(277) Pause Young (Mixed) (G1 Evacuation Pause)
[134.742s][info][gc,task     ] GC(277) Using 2 workers of 2 for evacuation
[134.752s][info][gc,phases   ] GC(277)   Pre Evacuate Collection Set: 0.49ms
[134.752s][info][gc,phases   ] GC(277)   Merge Heap Roots: 0.24ms
[134.752s][info][gc,phases   ] GC(277)   Evacuate Collection Set: 8.44ms
[134.752s][info][gc,phases   ] GC(277)   Post Evacuate Collection Set: 0.75ms
[134.752s][info][gc,phases   ] GC(277)   Other: 0.14ms
[134.752s][info][gc,heap     ] GC(277) Eden regions: 368->0(367)
[134.752s][info][gc,heap     ] GC(277) Survivor regions: 2->3(47)
[134.752s][info][gc,heap     ] GC(277) Old regions: 56->55
[134.752s][info][gc,heap     ] GC(277) Humongous regions: 207->207
[134.752s][info][gc,metaspace] GC(277) Metaspace: 56415K(56768K)->56415K(56768K) NonClass: 48129K(48384K)->48129K(48384K) Class: 8285K(8384K)->8285K(8384K)
[134.753s][info][gc          ] GC(277) Pause Young (Mixed) (G1 Evacuation Pause) 632M->264M(669M) 10.296ms
[134.753s][info][gc,cpu      ] GC(277) User=0.01s Sys=0.00s Real=0.01s
[135.715s][info][gc,start    ] GC(278) Pause Young (Concurrent Start) (G1 Evacuation Pause)
[135.715s][info][gc,task     ] GC(278) Using 2 workers of 2 for evacuation
[135.721s][info][gc,phases   ] GC(278)   Pre Evacuate Collection Set: 0.31ms
[135.721s][info][gc,phases   ] GC(278)   Merge Heap Roots: 0.11ms
[135.721s][info][gc,phases   ] GC(278)   Evacuate Collection Set: 5.12ms
[135.721s][info][gc,phases   ] GC(278)   Post Evacuate Collection Set: 0.70ms
[135.721s][info][gc,phases   ] GC(278)   Other: 0.11ms
[135.721s][info][gc,heap     ] GC(278) Eden regions: 367->0(367)
[135.721s][info][gc,heap     ] GC(278) Survivor regions: 3->3(47)
[135.721s][info][gc,heap     ] GC(278) Old regions: 55->55
[135.721s][info][gc,heap     ] GC(278) Humongous regions: 207->207
[135.721s][info][gc,metaspace] GC(278) Metaspace: 56415K(56768K)->56415K(56768K) NonClass: 48129K(48384K)->48129K(48384K) Class: 8285K(8384K)->8285K(8384K)
[135.721s][info][gc          ] GC(278) Pause Young (Concurrent Start) (G1 Evacuation Pause) 631M->264M(669M) 6.530ms
[135.721s][info][gc          ] GC(279) Concurrent Mark Cycle
[135.721s][info][gc,marking  ] GC(279) Concurrent Scan Root Regions
[135.721s][info][gc,cpu      ] GC(278) User=0.02s Sys=0.00s Real=0.01s
[135.732s][info][gc,marking  ] GC(279) Concurrent Scan Root Regions 10.443ms
[135.732s][info][gc,marking  ] GC(279) Concurrent Mark
[135.732s][info][gc,marking  ] GC(279) Concurrent Mark From Roots
[135.732s][info][gc,task     ] GC(279) Using 1 workers of 1 for marking
[135.812s][info][gc,marking  ] GC(279) Concurrent Mark From Roots 80.638ms
[135.812s][info][gc,marking  ] GC(279) Concurrent Preclean
[135.812s][info][gc,marking  ] GC(279) Concurrent Preclean 0.070ms
[135.812s][info][gc,start    ] GC(279) Pause Remark
[135.822s][info][gc          ] GC(279) Pause Remark 305M->305M(669M) 9.146ms
[135.822s][info][gc,cpu      ] GC(279) User=0.02s Sys=0.00s Real=0.01s
[135.823s][info][gc,marking  ] GC(279) Concurrent Mark 91.707ms
[135.823s][info][gc,marking  ] GC(279) Concurrent Rebuild Remembered Sets and Scrub Regions
[135.861s][info][gc,marking  ] GC(279) Concurrent Rebuild Remembered Sets and Scrub Regions 37.384ms
[135.861s][info][gc,start    ] GC(279) Pause Cleanup
[135.861s][info][gc          ] GC(279) Pause Cleanup 333M->333M(669M) 0.076ms
[135.861s][info][gc,cpu      ] GC(279) User=0.00s Sys=0.00s Real=0.00s
[135.861s][info][gc,marking  ] GC(279) Concurrent Clear Claimed Marks
[135.861s][info][gc,marking  ] GC(279) Concurrent Clear Claimed Marks 0.097ms
[135.861s][info][gc,marking  ] GC(279) Concurrent Cleanup for Next Mark
[135.863s][info][gc,marking  ] GC(279) Concurrent Cleanup for Next Mark 1.992ms
[135.863s][info][gc          ] GC(279) Concurrent Mark Cycle 141.965ms
[136.636s][info][gc,start    ] GC(280) Pause Young (Prepare Mixed) (G1 Evacuation Pause)
[136.636s][info][gc,task     ] GC(280) Using 2 workers of 2 for evacuation
[136.644s][info][gc,phases   ] GC(280)   Pre Evacuate Collection Set: 0.39ms
[136.644s][info][gc,phases   ] GC(280)   Merge Heap Roots: 0.17ms
[136.644s][info][gc,phases   ] GC(280)   Evacuate Collection Set: 6.52ms
[136.644s][info][gc,phases   ] GC(280)   Post Evacuate Collection Set: 1.08ms
[136.644s][info][gc,phases   ] GC(280)   Other: 0.10ms
[136.644s][info][gc,heap     ] GC(280) Eden regions: 367->0(369)
[136.644s][info][gc,heap     ] GC(280) Survivor regions: 3->2(47)
[136.644s][info][gc,heap     ] GC(280) Old regions: 55->55
[136.644s][info][gc,heap     ] GC(280) Humongous regions: 207->207
[136.644s][info][gc,metaspace] GC(280) Metaspace: 56415K(56768K)->56415K(56768K) NonClass: 48129K(48384K)->48129K(48384K) Class: 8285K(8384K)->8285K(8384K)
[136.644s][info][gc          ] GC(280) Pause Young (Prepare Mixed) (G1 Evacuation Pause) 631M->263M(669M) 8.468ms
[136.644s][info][gc,cpu      ] GC(280) User=0.00s Sys=0.00s Real=0.01s
[137.596s][info][gc,start    ] GC(281) Pause Young (Mixed) (G1 Evacuation Pause)
[137.596s][info][gc,task     ] GC(281) Using 2 workers of 2 for evacuation
[137.604s][info][gc,phases   ] GC(281)   Pre Evacuate Collection Set: 0.41ms
[137.604s][info][gc,phases   ] GC(281)   Merge Heap Roots: 0.16ms
[137.604s][info][gc,phases   ] GC(281)   Evacuate Collection Set: 6.90ms
[137.604s][info][gc,phases   ] GC(281)   Post Evacuate Collection Set: 0.78ms
[137.604s][info][gc,phases   ] GC(281)   Other: 0.13ms
[137.604s][info][gc,heap     ] GC(281) Eden regions: 369->0(369)
[137.604s][info][gc,heap     ] GC(281) Survivor regions: 2->2(47)
[137.604s][info][gc,heap     ] GC(281) Old regions: 55->55
[137.604s][info][gc,heap     ] GC(281) Humongous regions: 207->207
[137.604s][info][gc,metaspace] GC(281) Metaspace: 56415K(56768K)->56415K(56768K) NonClass: 48129K(48384K)->48129K(48384K) Class: 8285K(8384K)->8285K(8384K)
[137.604s][info][gc          ] GC(281) Pause Young (Mixed) (G1 Evacuation Pause) 632M->263M(669M) 8.601ms
[137.604s][info][gc,cpu      ] GC(281) User=0.01s Sys=0.00s Real=0.01s
[138.453s][info][gc,start    ] GC(282) Pause Young (Concurrent Start) (G1 Evacuation Pause)
[138.453s][info][gc,task     ] GC(282) Using 2 workers of 2 for evacuation
[138.462s][info][gc,phases   ] GC(282)   Pre Evacuate Collection Set: 0.39ms
[138.462s][info][gc,phases   ] GC(282)   Merge Heap Roots: 0.15ms
[138.462s][info][gc,phases   ] GC(282)   Evacuate Collection Set: 7.32ms
[138.462s][info][gc,phases   ] GC(282)   Post Evacuate Collection Set: 0.87ms
[138.462s][info][gc,phases   ] GC(282)   Other: 0.14ms
[138.462s][info][gc,heap     ] GC(282) Eden regions: 369->0(367)
[138.462s][info][gc,heap     ] GC(282) Survivor regions: 2->3(47)
[138.462s][info][gc,heap     ] GC(282) Old regions: 55->55
[138.462s][info][gc,heap     ] GC(282) Humongous regions: 207->207
[138.462s][info][gc,metaspace] GC(282) Metaspace: 56415K(56768K)->56415K(56768K) NonClass: 48129K(48384K)->48129K(48384K) Class: 8285K(8384K)->8285K(8384K)
[138.462s][info][gc          ] GC(282) Pause Young (Concurrent Start) (G1 Evacuation Pause) 632M->263M(669M) 9.158ms
[138.462s][info][gc          ] GC(283) Concurrent Mark Cycle
[138.462s][info][gc,marking  ] GC(283) Concurrent Scan Root Regions
[138.463s][info][gc,cpu      ] GC(282) User=0.02s Sys=0.00s Real=0.01s
[138.478s][info][gc,marking  ] GC(283) Concurrent Scan Root Regions 15.577ms
[138.478s][info][gc,marking  ] GC(283) Concurrent Mark
[138.478s][info][gc,marking  ] GC(283) Concurrent Mark From Roots
[138.478s][info][gc,task     ] GC(283) Using 1 workers of 1 for marking
[138.587s][info][gc,marking  ] GC(283) Concurrent Mark From Roots 109.623ms
[138.587s][info][gc,marking  ] GC(283) Concurrent Preclean
[138.587s][info][gc,marking  ] GC(283) Concurrent Preclean 0.075ms
[138.589s][info][gc,start    ] GC(283) Pause Remark
[138.613s][info][gc          ] GC(283) Pause Remark 288M->288M(669M) 23.580ms
[138.613s][info][gc,cpu      ] GC(283) User=0.02s Sys=0.00s Real=0.02s
[138.618s][info][gc,marking  ] GC(283) Concurrent Mark 140.045ms
[138.618s][info][gc,marking  ] GC(283) Concurrent Rebuild Remembered Sets and Scrub Regions
[138.685s][info][gc,marking  ] GC(283) Concurrent Rebuild Remembered Sets and Scrub Regions 66.927ms
[138.685s][info][gc,start    ] GC(283) Pause Cleanup
[138.685s][info][gc          ] GC(283) Pause Cleanup 307M->307M(669M) 0.124ms
[138.685s][info][gc,cpu      ] GC(283) User=0.00s Sys=0.00s Real=0.00s
[138.685s][info][gc,marking  ] GC(283) Concurrent Clear Claimed Marks
[138.685s][info][gc,marking  ] GC(283) Concurrent Clear Claimed Marks 0.103ms
[138.685s][info][gc,marking  ] GC(283) Concurrent Cleanup for Next Mark
[138.690s][info][gc,marking  ] GC(283) Concurrent Cleanup for Next Mark 5.275ms
[138.690s][info][gc          ] GC(283) Concurrent Mark Cycle 228.402ms
[139.364s][info][gc,start    ] GC(284) Pause Young (Prepare Mixed) (G1 Evacuation Pause)
[139.364s][info][gc,task     ] GC(284) Using 2 workers of 2 for evacuation
[139.372s][info][gc,phases   ] GC(284)   Pre Evacuate Collection Set: 0.43ms
[139.372s][info][gc,phases   ] GC(284)   Merge Heap Roots: 0.15ms
[139.372s][info][gc,phases   ] GC(284)   Evacuate Collection Set: 6.29ms
[139.372s][info][gc,phases   ] GC(284)   Post Evacuate Collection Set: 0.74ms
[139.372s][info][gc,phases   ] GC(284)   Other: 0.11ms
[139.372s][info][gc,heap     ] GC(284) Eden regions: 367->0(363)
[139.372s][info][gc,heap     ] GC(284) Survivor regions: 3->5(47)
[139.372s][info][gc,heap     ] GC(284) Old regions: 55->55
[139.372s][info][gc,heap     ] GC(284) Humongous regions: 207->207
[139.372s][info][gc,metaspace] GC(284) Metaspace: 56415K(56768K)->56415K(56768K) NonClass: 48129K(48384K)->48129K(48384K) Class: 8285K(8384K)->8285K(8384K)
[139.372s][info][gc          ] GC(284) Pause Young (Prepare Mixed) (G1 Evacuation Pause) 630M->265M(669M) 7.903ms
[139.372s][info][gc,cpu      ] GC(284) User=0.01s Sys=0.00s Real=0.01s
[140.271s][info][gc,start    ] GC(285) Pause Young (Mixed) (G1 Evacuation Pause)
[140.271s][info][gc,task     ] GC(285) Using 2 workers of 2 for evacuation
[140.276s][info][gc,phases   ] GC(285)   Pre Evacuate Collection Set: 0.30ms
[140.276s][info][gc,phases   ] GC(285)   Merge Heap Roots: 0.12ms
[140.276s][info][gc,phases   ] GC(285)   Evacuate Collection Set: 3.45ms
[140.276s][info][gc,phases   ] GC(285)   Post Evacuate Collection Set: 0.70ms
[140.276s][info][gc,phases   ] GC(285)   Other: 0.09ms
[140.276s][info][gc,heap     ] GC(285) Eden regions: 363->0(368)
[140.276s][info][gc,heap     ] GC(285) Survivor regions: 5->3(46)
[140.276s][info][gc,heap     ] GC(285) Old regions: 55->54
[140.276s][info][gc,heap     ] GC(285) Humongous regions: 207->207
[140.276s][info][gc,metaspace] GC(285) Metaspace: 56416K(56768K)->56416K(56768K) NonClass: 48130K(48384K)->48130K(48384K) Class: 8285K(8384K)->8285K(8384K)
[140.276s][info][gc          ] GC(285) Pause Young (Mixed) (G1 Evacuation Pause) 628M->263M(669M) 4.873ms
[140.276s][info][gc,cpu      ] GC(285) User=0.01s Sys=0.00s Real=0.00s
[141.231s][info][gc,start    ] GC(286) Pause Young (Concurrent Start) (G1 Evacuation Pause)
[141.231s][info][gc,task     ] GC(286) Using 2 workers of 2 for evacuation
[141.236s][info][gc,phases   ] GC(286)   Pre Evacuate Collection Set: 0.30ms
[141.236s][info][gc,phases   ] GC(286)   Merge Heap Roots: 0.11ms
[141.237s][info][gc,phases   ] GC(286)   Evacuate Collection Set: 4.23ms
[141.237s][info][gc,phases   ] GC(286)   Post Evacuate Collection Set: 0.69ms
[141.237s][info][gc,phases   ] GC(286)   Other: 0.11ms
[141.237s][info][gc,heap     ] GC(286) Eden regions: 368->0(366)
[141.237s][info][gc,heap     ] GC(286) Survivor regions: 3->4(47)
[141.237s][info][gc,heap     ] GC(286) Old regions: 54->54
[141.237s][info][gc,heap     ] GC(286) Humongous regions: 207->207
[141.237s][info][gc,metaspace] GC(286) Metaspace: 56416K(56768K)->56416K(56768K) NonClass: 48130K(48384K)->48130K(48384K) Class: 8285K(8384K)->8285K(8384K)
[141.237s][info][gc          ] GC(286) Pause Young (Concurrent Start) (G1 Evacuation Pause) 631M->264M(669M) 5.621ms
[141.237s][info][gc,cpu      ] GC(286) User=0.01s Sys=0.00s Real=0.00s
[141.237s][info][gc          ] GC(287) Concurrent Mark Cycle
[141.237s][info][gc,marking  ] GC(287) Concurrent Scan Root Regions
[141.240s][info][gc,marking  ] GC(287) Concurrent Scan Root Regions 3.519ms
[141.240s][info][gc,marking  ] GC(287) Concurrent Mark
[141.240s][info][gc,marking  ] GC(287) Concurrent Mark From Roots
[141.240s][info][gc,task     ] GC(287) Using 1 workers of 1 for marking
[141.305s][info][gc,marking  ] GC(287) Concurrent Mark From Roots 65.031ms
[141.305s][info][gc,marking  ] GC(287) Concurrent Preclean
[141.305s][info][gc,marking  ] GC(287) Concurrent Preclean 0.063ms
[141.306s][info][gc,start    ] GC(287) Pause Remark
[141.314s][info][gc          ] GC(287) Pause Remark 295M->295M(669M) 8.882ms
[141.314s][info][gc,cpu      ] GC(287) User=0.02s Sys=0.00s Real=0.01s
[141.315s][info][gc,marking  ] GC(287) Concurrent Mark 74.393ms
[141.315s][info][gc,marking  ] GC(287) Concurrent Rebuild Remembered Sets and Scrub Regions
[141.350s][info][gc,marking  ] GC(287) Concurrent Rebuild Remembered Sets and Scrub Regions 35.311ms
[141.350s][info][gc,start    ] GC(287) Pause Cleanup
[141.350s][info][gc          ] GC(287) Pause Cleanup 318M->318M(669M) 0.078ms
[141.350s][info][gc,cpu      ] GC(287) User=0.00s Sys=0.00s Real=0.00s
[141.350s][info][gc,marking  ] GC(287) Concurrent Clear Claimed Marks
[141.351s][info][gc,marking  ] GC(287) Concurrent Clear Claimed Marks 0.110ms
[141.351s][info][gc,marking  ] GC(287) Concurrent Cleanup for Next Mark
[141.359s][info][gc,marking  ] GC(287) Concurrent Cleanup for Next Mark 8.346ms
[141.359s][info][gc          ] GC(287) Concurrent Mark Cycle 122.309ms
[142.140s][info][gc,start    ] GC(288) Pause Young (Prepare Mixed) (G1 Evacuation Pause)
[142.140s][info][gc,task     ] GC(288) Using 2 workers of 2 for evacuation
[142.145s][info][gc,phases   ] GC(288)   Pre Evacuate Collection Set: 0.30ms
[142.145s][info][gc,phases   ] GC(288)   Merge Heap Roots: 0.15ms
[142.145s][info][gc,phases   ] GC(288)   Evacuate Collection Set: 3.62ms
[142.145s][info][gc,phases   ] GC(288)   Post Evacuate Collection Set: 0.70ms
[142.145s][info][gc,phases   ] GC(288)   Other: 0.09ms
[142.145s][info][gc,heap     ] GC(288) Eden regions: 366->0(364)
[142.145s][info][gc,heap     ] GC(288) Survivor regions: 4->5(47)
[142.145s][info][gc,heap     ] GC(288) Old regions: 54->54
[142.145s][info][gc,heap     ] GC(288) Humongous regions: 207->207
[142.145s][info][gc,metaspace] GC(288) Metaspace: 56416K(56768K)->56416K(56768K) NonClass: 48130K(48384K)->48130K(48384K) Class: 8285K(8384K)->8285K(8384K)
[142.145s][info][gc          ] GC(288) Pause Young (Prepare Mixed) (G1 Evacuation Pause) 630M->265M(669M) 5.035ms
[142.145s][info][gc,cpu      ] GC(288) User=0.01s Sys=0.00s Real=0.00s
[143.045s][info][gc,start    ] GC(289) Pause Young (Mixed) (G1 Evacuation Pause)
[143.045s][info][gc,task     ] GC(289) Using 2 workers of 2 for evacuation
[143.053s][info][gc,phases   ] GC(289)   Pre Evacuate Collection Set: 0.31ms
[143.053s][info][gc,phases   ] GC(289)   Merge Heap Roots: 0.13ms
[143.053s][info][gc,phases   ] GC(289)   Evacuate Collection Set: 6.15ms
[143.053s][info][gc,phases   ] GC(289)   Post Evacuate Collection Set: 0.71ms
[143.053s][info][gc,phases   ] GC(289)   Other: 0.09ms
[143.053s][info][gc,heap     ] GC(289) Eden regions: 364->0(364)
[143.053s][info][gc,heap     ] GC(289) Survivor regions: 5->5(47)
[143.053s][info][gc,heap     ] GC(289) Old regions: 54->54
[143.053s][info][gc,heap     ] GC(289) Humongous regions: 207->207
[143.053s][info][gc,metaspace] GC(289) Metaspace: 56416K(56768K)->56416K(56768K) NonClass: 48130K(48384K)->48130K(48384K) Class: 8285K(8384K)->8285K(8384K)
[143.053s][info][gc          ] GC(289) Pause Young (Mixed) (G1 Evacuation Pause) 629M->265M(669M) 7.581ms
[143.053s][info][gc,cpu      ] GC(289) User=0.01s Sys=0.00s Real=0.01s
[143.958s][info][gc,start    ] GC(290) Pause Young (Concurrent Start) (G1 Evacuation Pause)
[143.958s][info][gc,task     ] GC(290) Using 2 workers of 2 for evacuation
[143.964s][info][gc,phases   ] GC(290)   Pre Evacuate Collection Set: 0.39ms
[143.964s][info][gc,phases   ] GC(290)   Merge Heap Roots: 0.13ms
[143.964s][info][gc,phases   ] GC(290)   Evacuate Collection Set: 4.74ms
[143.964s][info][gc,phases   ] GC(290)   Post Evacuate Collection Set: 0.68ms
[143.964s][info][gc,phases   ] GC(290)   Other: 0.11ms
[143.964s][info][gc,heap     ] GC(290) Eden regions: 364->0(366)
[143.964s][info][gc,heap     ] GC(290) Survivor regions: 5->4(47)
[143.964s][info][gc,heap     ] GC(290) Old regions: 54->54
[143.964s][info][gc,heap     ] GC(290) Humongous regions: 207->207
[143.964s][info][gc,metaspace] GC(290) Metaspace: 56416K(56768K)->56416K(56768K) NonClass: 48130K(48384K)->48130K(48384K) Class: 8285K(8384K)->8285K(8384K)
[143.964s][info][gc          ] GC(290) Pause Young (Concurrent Start) (G1 Evacuation Pause) 629M->264M(669M) 6.232ms
[143.964s][info][gc          ] GC(291) Concurrent Mark Cycle
[143.964s][info][gc,marking  ] GC(291) Concurrent Scan Root Regions
[143.964s][info][gc,cpu      ] GC(290) User=0.01s Sys=0.00s Real=0.00s
[143.968s][info][gc,marking  ] GC(291) Concurrent Scan Root Regions 3.915ms
[143.968s][info][gc,marking  ] GC(291) Concurrent Mark
[143.968s][info][gc,marking  ] GC(291) Concurrent Mark From Roots
[143.968s][info][gc,task     ] GC(291) Using 1 workers of 1 for marking
[144.014s][info][gc,marking  ] GC(291) Concurrent Mark From Roots 45.346ms
[144.014s][info][gc,marking  ] GC(291) Concurrent Preclean
[144.014s][info][gc,marking  ] GC(291) Concurrent Preclean 0.086ms
[144.014s][info][gc,start    ] GC(291) Pause Remark
[144.023s][info][gc          ] GC(291) Pause Remark 273M->273M(669M) 8.794ms
[144.023s][info][gc,cpu      ] GC(291) User=0.01s Sys=0.00s Real=0.01s
[144.024s][info][gc,marking  ] GC(291) Concurrent Mark 55.469ms
[144.024s][info][gc,marking  ] GC(291) Concurrent Rebuild Remembered Sets and Scrub Regions
[144.056s][info][gc,marking  ] GC(291) Concurrent Rebuild Remembered Sets and Scrub Regions 32.519ms
[144.056s][info][gc,start    ] GC(291) Pause Cleanup
[144.057s][info][gc          ] GC(291) Pause Cleanup 292M->292M(669M) 0.083ms
[144.057s][info][gc,cpu      ] GC(291) User=0.00s Sys=0.00s Real=0.00s
[144.058s][info][gc,marking  ] GC(291) Concurrent Clear Claimed Marks
[144.058s][info][gc,marking  ] GC(291) Concurrent Clear Claimed Marks 0.110ms
[144.058s][info][gc,marking  ] GC(291) Concurrent Cleanup for Next Mark
[144.060s][info][gc,marking  ] GC(291) Concurrent Cleanup for Next Mark 2.215ms
[144.060s][info][gc          ] GC(291) Concurrent Mark Cycle 96.102ms
[144.937s][info][gc,start    ] GC(292) Pause Young (Prepare Mixed) (G1 Evacuation Pause)
[144.937s][info][gc,task     ] GC(292) Using 2 workers of 2 for evacuation
[144.941s][info][gc,phases   ] GC(292)   Pre Evacuate Collection Set: 0.29ms
[144.941s][info][gc,phases   ] GC(292)   Merge Heap Roots: 0.13ms
[144.941s][info][gc,phases   ] GC(292)   Evacuate Collection Set: 2.62ms
[144.941s][info][gc,phases   ] GC(292)   Post Evacuate Collection Set: 0.68ms
[144.941s][info][gc,phases   ] GC(292)   Other: 0.08ms
[144.941s][info][gc,heap     ] GC(292) Eden regions: 366->0(368)
[144.941s][info][gc,heap     ] GC(292) Survivor regions: 4->3(47)
[144.941s][info][gc,heap     ] GC(292) Old regions: 54->54
[144.941s][info][gc,heap     ] GC(292) Humongous regions: 207->207
[144.941s][info][gc,metaspace] GC(292) Metaspace: 56416K(56768K)->56416K(56768K) NonClass: 48130K(48384K)->48130K(48384K) Class: 8285K(8384K)->8285K(8384K)
[144.941s][info][gc          ] GC(292) Pause Young (Prepare Mixed) (G1 Evacuation Pause) 630M->263M(669M) 4.012ms
[144.941s][info][gc,cpu      ] GC(292) User=0.01s Sys=0.00s Real=0.00s
[145.830s][info][gc,start    ] GC(293) Pause Young (Mixed) (G1 Evacuation Pause)
[145.830s][info][gc,task     ] GC(293) Using 2 workers of 2 for evacuation
[145.839s][info][gc,phases   ] GC(293)   Pre Evacuate Collection Set: 0.28ms
[145.839s][info][gc,phases   ] GC(293)   Merge Heap Roots: 0.16ms
[145.839s][info][gc,phases   ] GC(293)   Evacuate Collection Set: 7.84ms
[145.839s][info][gc,phases   ] GC(293)   Post Evacuate Collection Set: 0.78ms
[145.839s][info][gc,phases   ] GC(293)   Other: 0.09ms
[145.839s][info][gc,heap     ] GC(293) Eden regions: 368->0(366)
[145.839s][info][gc,heap     ] GC(293) Survivor regions: 3->4(47)
[145.839s][info][gc,heap     ] GC(293) Old regions: 54->54
[145.840s][info][gc,heap     ] GC(293) Humongous regions: 207->207
[145.840s][info][gc,metaspace] GC(293) Metaspace: 56416K(56768K)->56416K(56768K) NonClass: 48130K(48384K)->48130K(48384K) Class: 8285K(8384K)->8285K(8384K)
[145.840s][info][gc          ] GC(293) Pause Young (Mixed) (G1 Evacuation Pause) 631M->264M(669M) 9.335ms
[145.840s][info][gc,cpu      ] GC(293) User=0.02s Sys=0.00s Real=0.01s
[146.735s][info][gc,start    ] GC(294) Pause Young (Concurrent Start) (G1 Evacuation Pause)
[146.735s][info][gc,task     ] GC(294) Using 2 workers of 2 for evacuation
[146.741s][info][gc,phases   ] GC(294)   Pre Evacuate Collection Set: 0.34ms
[146.741s][info][gc,phases   ] GC(294)   Merge Heap Roots: 0.13ms
[146.741s][info][gc,phases   ] GC(294)   Evacuate Collection Set: 4.61ms
[146.741s][info][gc,phases   ] GC(294)   Post Evacuate Collection Set: 0.66ms
[146.741s][info][gc,phases   ] GC(294)   Other: 0.10ms
[146.741s][info][gc,heap     ] GC(294) Eden regions: 366->0(364)
[146.741s][info][gc,heap     ] GC(294) Survivor regions: 4->5(47)
[146.741s][info][gc,heap     ] GC(294) Old regions: 54->54
[146.741s][info][gc,heap     ] GC(294) Humongous regions: 207->207
[146.741s][info][gc,metaspace] GC(294) Metaspace: 56416K(56768K)->56416K(56768K) NonClass: 48130K(48384K)->48130K(48384K) Class: 8285K(8384K)->8285K(8384K)
[146.741s][info][gc          ] GC(294) Pause Young (Concurrent Start) (G1 Evacuation Pause) 630M->265M(669M) 6.029ms
[146.741s][info][gc          ] GC(295) Concurrent Mark Cycle
[146.741s][info][gc,marking  ] GC(295) Concurrent Scan Root Regions
[146.743s][info][gc,cpu      ] GC(294) User=0.01s Sys=0.00s Real=0.01s
[146.751s][info][gc,marking  ] GC(295) Concurrent Scan Root Regions 9.989ms
[146.751s][info][gc,marking  ] GC(295) Concurrent Mark
[146.751s][info][gc,marking  ] GC(295) Concurrent Mark From Roots
[146.751s][info][gc,task     ] GC(295) Using 1 workers of 1 for marking
[146.806s][info][gc,marking  ] GC(295) Concurrent Mark From Roots 54.663ms
[146.806s][info][gc,marking  ] GC(295) Concurrent Preclean
[146.806s][info][gc,marking  ] GC(295) Concurrent Preclean 0.062ms
[146.806s][info][gc,start    ] GC(295) Pause Remark
[146.822s][info][gc          ] GC(295) Pause Remark 291M->291M(669M) 16.155ms
[146.822s][info][gc,cpu      ] GC(295) User=0.01s Sys=0.00s Real=0.02s
[146.824s][info][gc,marking  ] GC(295) Concurrent Mark 72.826ms
[146.824s][info][gc,marking  ] GC(295) Concurrent Rebuild Remembered Sets and Scrub Regions
[146.844s][info][gc,marking  ] GC(295) Concurrent Rebuild Remembered Sets and Scrub Regions 20.125ms
[146.845s][info][gc,start    ] GC(295) Pause Cleanup
[146.845s][info][gc          ] GC(295) Pause Cleanup 302M->302M(669M) 0.079ms
[146.845s][info][gc,cpu      ] GC(295) User=0.00s Sys=0.00s Real=0.00s
[146.845s][info][gc,marking  ] GC(295) Concurrent Clear Claimed Marks
[146.845s][info][gc,marking  ] GC(295) Concurrent Clear Claimed Marks 0.095ms
[146.845s][info][gc,marking  ] GC(295) Concurrent Cleanup for Next Mark
[146.847s][info][gc,marking  ] GC(295) Concurrent Cleanup for Next Mark 2.138ms
[146.847s][info][gc          ] GC(295) Concurrent Mark Cycle 105.655ms
[147.645s][info][gc,start    ] GC(296) Pause Young (Prepare Mixed) (G1 Evacuation Pause)
[147.645s][info][gc,task     ] GC(296) Using 2 workers of 2 for evacuation
[147.650s][info][gc,phases   ] GC(296)   Pre Evacuate Collection Set: 0.32ms
[147.650s][info][gc,phases   ] GC(296)   Merge Heap Roots: 0.13ms
[147.650s][info][gc,phases   ] GC(296)   Evacuate Collection Set: 3.79ms
[147.650s][info][gc,phases   ] GC(296)   Post Evacuate Collection Set: 0.69ms
[147.650s][info][gc,phases   ] GC(296)   Other: 0.11ms
[147.650s][info][gc,heap     ] GC(296) Eden regions: 364->0(366)
[147.650s][info][gc,heap     ] GC(296) Survivor regions: 5->4(47)
[147.650s][info][gc,heap     ] GC(296) Old regions: 54->54
[147.650s][info][gc,heap     ] GC(296) Humongous regions: 207->207
[147.650s][info][gc,metaspace] GC(296) Metaspace: 56416K(56768K)->56416K(56768K) NonClass: 48130K(48384K)->48130K(48384K) Class: 8285K(8384K)->8285K(8384K)
[147.650s][info][gc          ] GC(296) Pause Young (Prepare Mixed) (G1 Evacuation Pause) 629M->264M(669M) 5.233ms
[147.650s][info][gc,cpu      ] GC(296) User=0.01s Sys=0.00s Real=0.01s
[148.558s][info][gc,start    ] GC(297) Pause Young (Mixed) (G1 Evacuation Pause)
[148.558s][info][gc,task     ] GC(297) Using 2 workers of 2 for evacuation
[148.571s][info][gc,phases   ] GC(297)   Pre Evacuate Collection Set: 0.28ms
[148.571s][info][gc,phases   ] GC(297)   Merge Heap Roots: 0.23ms
[148.571s][info][gc,phases   ] GC(297)   Evacuate Collection Set: 11.45ms
[148.571s][info][gc,phases   ] GC(297)   Post Evacuate Collection Set: 0.92ms
[148.571s][info][gc,phases   ] GC(297)   Other: 0.10ms
[148.571s][info][gc,heap     ] GC(297) Eden regions: 366->0(364)
[148.571s][info][gc,heap     ] GC(297) Survivor regions: 4->5(47)
[148.571s][info][gc,heap     ] GC(297) Old regions: 54->54
[148.571s][info][gc,heap     ] GC(297) Humongous regions: 207->207
[148.571s][info][gc,metaspace] GC(297) Metaspace: 56416K(56768K)->56416K(56768K) NonClass: 48130K(48384K)->48130K(48384K) Class: 8285K(8384K)->8285K(8384K)
[148.571s][info][gc          ] GC(297) Pause Young (Mixed) (G1 Evacuation Pause) 630M->264M(669M) 13.148ms
[148.571s][info][gc,cpu      ] GC(297) User=0.03s Sys=0.00s Real=0.01s
[149.461s][info][gc,start    ] GC(298) Pause Young (Concurrent Start) (G1 Evacuation Pause)
[149.461s][info][gc,task     ] GC(298) Using 2 workers of 2 for evacuation
[149.465s][info][gc,phases   ] GC(298)   Pre Evacuate Collection Set: 0.30ms
[149.465s][info][gc,phases   ] GC(298)   Merge Heap Roots: 0.11ms
[149.465s][info][gc,phases   ] GC(298)   Evacuate Collection Set: 3.20ms
[149.465s][info][gc,phases   ] GC(298)   Post Evacuate Collection Set: 0.69ms
[149.465s][info][gc,phases   ] GC(298)   Other: 0.10ms
[149.465s][info][gc,heap     ] GC(298) Eden regions: 364->0(368)
[149.465s][info][gc,heap     ] GC(298) Survivor regions: 5->3(47)
[149.465s][info][gc,heap     ] GC(298) Old regions: 54->54
[149.465s][info][gc,heap     ] GC(298) Humongous regions: 207->207
[149.465s][info][gc,metaspace] GC(298) Metaspace: 56416K(56768K)->56416K(56768K) NonClass: 48130K(48384K)->48130K(48384K) Class: 8285K(8384K)->8285K(8384K)
[149.465s][info][gc          ] GC(298) Pause Young (Concurrent Start) (G1 Evacuation Pause) 628M->263M(669M) 4.607ms
[149.465s][info][gc          ] GC(299) Concurrent Mark Cycle
[149.465s][info][gc,marking  ] GC(299) Concurrent Scan Root Regions
[149.466s][info][gc,cpu      ] GC(298) User=0.00s Sys=0.00s Real=0.00s
[149.468s][info][gc,marking  ] GC(299) Concurrent Scan Root Regions 2.274ms
[149.468s][info][gc,marking  ] GC(299) Concurrent Mark
[149.468s][info][gc,marking  ] GC(299) Concurrent Mark From Roots
[149.468s][info][gc,task     ] GC(299) Using 1 workers of 1 for marking
[149.511s][info][gc,marking  ] GC(299) Concurrent Mark From Roots 43.323ms
[149.511s][info][gc,marking  ] GC(299) Concurrent Preclean
[149.511s][info][gc,marking  ] GC(299) Concurrent Preclean 0.057ms
[149.511s][info][gc,start    ] GC(299) Pause Remark
[149.520s][info][gc          ] GC(299) Pause Remark 265M->265M(669M) 8.698ms
[149.520s][info][gc,cpu      ] GC(299) User=0.02s Sys=0.00s Real=0.01s
[149.520s][info][gc,marking  ] GC(299) Concurrent Mark 52.309ms
[149.520s][info][gc,marking  ] GC(299) Concurrent Rebuild Remembered Sets and Scrub Regions
[149.542s][info][gc,marking  ] GC(299) Concurrent Rebuild Remembered Sets and Scrub Regions 21.886ms
[149.542s][info][gc,start    ] GC(299) Pause Cleanup
[149.542s][info][gc          ] GC(299) Pause Cleanup 278M->278M(669M) 0.077ms
[149.542s][info][gc,cpu      ] GC(299) User=0.00s Sys=0.00s Real=0.00s
[149.542s][info][gc,marking  ] GC(299) Concurrent Clear Claimed Marks
[149.542s][info][gc,marking  ] GC(299) Concurrent Clear Claimed Marks 0.094ms
[149.542s][info][gc,marking  ] GC(299) Concurrent Cleanup for Next Mark
[149.544s][info][gc,marking  ] GC(299) Concurrent Cleanup for Next Mark 1.994ms
[149.544s][info][gc          ] GC(299) Concurrent Mark Cycle 79.112ms
[150.531s][info][gc,start    ] GC(300) Pause Young (Prepare Mixed) (G1 Evacuation Pause)
[150.531s][info][gc,task     ] GC(300) Using 2 workers of 2 for evacuation
[150.536s][info][gc,phases   ] GC(300)   Pre Evacuate Collection Set: 0.29ms
[150.536s][info][gc,phases   ] GC(300)   Merge Heap Roots: 0.14ms
[150.536s][info][gc,phases   ] GC(300)   Evacuate Collection Set: 4.15ms
[150.536s][info][gc,phases   ] GC(300)   Post Evacuate Collection Set: 0.72ms
[150.536s][info][gc,phases   ] GC(300)   Other: 0.09ms
[150.536s][info][gc,heap     ] GC(300) Eden regions: 368->0(366)
[150.536s][info][gc,heap     ] GC(300) Survivor regions: 3->4(47)
[150.536s][info][gc,heap     ] GC(300) Old regions: 54->54
[150.536s][info][gc,heap     ] GC(300) Humongous regions: 207->207
[150.536s][info][gc,metaspace] GC(300) Metaspace: 56419K(56768K)->56419K(56768K) NonClass: 48133K(48384K)->48133K(48384K) Class: 8285K(8384K)->8285K(8384K)
[150.536s][info][gc          ] GC(300) Pause Young (Prepare Mixed) (G1 Evacuation Pause) 631M->264M(669M) 5.576ms
[150.536s][info][gc,cpu      ] GC(300) User=0.01s Sys=0.00s Real=0.00s
[151.439s][info][gc,start    ] GC(301) Pause Young (Mixed) (G1 Evacuation Pause)
[151.439s][info][gc,task     ] GC(301) Using 2 workers of 2 for evacuation
[151.448s][info][gc,phases   ] GC(301)   Pre Evacuate Collection Set: 0.28ms
[151.448s][info][gc,phases   ] GC(301)   Merge Heap Roots: 0.14ms
[151.448s][info][gc,phases   ] GC(301)   Evacuate Collection Set: 7.41ms
[151.448s][info][gc,phases   ] GC(301)   Post Evacuate Collection Set: 0.75ms
[151.448s][info][gc,phases   ] GC(301)   Other: 0.09ms
[151.448s][info][gc,heap     ] GC(301) Eden regions: 366->0(366)
[151.448s][info][gc,heap     ] GC(301) Survivor regions: 4->4(47)
[151.448s][info][gc,heap     ] GC(301) Old regions: 54->54
[151.448s][info][gc,heap     ] GC(301) Humongous regions: 207->207
[151.448s][info][gc,metaspace] GC(301) Metaspace: 56419K(56768K)->56419K(56768K) NonClass: 48133K(48384K)->48133K(48384K) Class: 8285K(8384K)->8285K(8384K)
[151.448s][info][gc          ] GC(301) Pause Young (Mixed) (G1 Evacuation Pause) 630M->264M(669M) 8.879ms
[151.448s][info][gc,cpu      ] GC(301) User=0.01s Sys=0.00s Real=0.01s
[152.346s][info][gc,start    ] GC(302) Pause Young (Concurrent Start) (G1 Evacuation Pause)
[152.346s][info][gc,task     ] GC(302) Using 2 workers of 2 for evacuation
[152.352s][info][gc,phases   ] GC(302)   Pre Evacuate Collection Set: 0.35ms
[152.352s][info][gc,phases   ] GC(302)   Merge Heap Roots: 0.12ms
[152.352s][info][gc,phases   ] GC(302)   Evacuate Collection Set: 5.08ms
[152.352s][info][gc,phases   ] GC(302)   Post Evacuate Collection Set: 0.70ms
[152.352s][info][gc,phases   ] GC(302)   Other: 0.13ms
[152.352s][info][gc,heap     ] GC(302) Eden regions: 366->0(364)
[152.352s][info][gc,heap     ] GC(302) Survivor regions: 4->5(47)
[152.352s][info][gc,heap     ] GC(302) Old regions: 54->54
[152.352s][info][gc,heap     ] GC(302) Humongous regions: 207->207
[152.352s][info][gc,metaspace] GC(302) Metaspace: 56419K(56768K)->56419K(56768K) NonClass: 48133K(48384K)->48133K(48384K) Class: 8285K(8384K)->8285K(8384K)
[152.352s][info][gc          ] GC(302) Pause Young (Concurrent Start) (G1 Evacuation Pause) 630M->265M(669M) 6.578ms
[152.352s][info][gc          ] GC(303) Concurrent Mark Cycle
[152.352s][info][gc,marking  ] GC(303) Concurrent Scan Root Regions
[152.355s][info][gc,cpu      ] GC(302) User=0.02s Sys=0.00s Real=0.01s
[152.356s][info][gc,marking  ] GC(303) Concurrent Scan Root Regions 3.802ms
[152.356s][info][gc,marking  ] GC(303) Concurrent Mark
[152.356s][info][gc,marking  ] GC(303) Concurrent Mark From Roots
[152.356s][info][gc,task     ] GC(303) Using 1 workers of 1 for marking
[152.406s][info][gc,marking  ] GC(303) Concurrent Mark From Roots 49.795ms
[152.406s][info][gc,marking  ] GC(303) Concurrent Preclean
[152.406s][info][gc,marking  ] GC(303) Concurrent Preclean 0.094ms
[152.406s][info][gc,start    ] GC(303) Pause Remark
[152.415s][info][gc          ] GC(303) Pause Remark 279M->279M(669M) 8.937ms
[152.415s][info][gc,cpu      ] GC(303) User=0.02s Sys=0.00s Real=0.01s
[152.416s][info][gc,marking  ] GC(303) Concurrent Mark 59.392ms
[152.416s][info][gc,marking  ] GC(303) Concurrent Rebuild Remembered Sets and Scrub Regions
[152.443s][info][gc,marking  ] GC(303) Concurrent Rebuild Remembered Sets and Scrub Regions 26.900ms
[152.443s][info][gc,start    ] GC(303) Pause Cleanup
[152.443s][info][gc          ] GC(303) Pause Cleanup 294M->294M(669M) 0.079ms
[152.443s][info][gc,cpu      ] GC(303) User=0.00s Sys=0.00s Real=0.00s
[152.443s][info][gc,marking  ] GC(303) Concurrent Clear Claimed Marks
[152.443s][info][gc,marking  ] GC(303) Concurrent Clear Claimed Marks 0.092ms
[152.445s][info][gc,marking  ] GC(303) Concurrent Cleanup for Next Mark
[152.449s][info][gc,marking  ] GC(303) Concurrent Cleanup for Next Mark 3.844ms
[152.449s][info][gc          ] GC(303) Concurrent Mark Cycle 96.392ms
[153.253s][info][gc,start    ] GC(304) Pause Young (Prepare Mixed) (G1 Evacuation Pause)
[153.253s][info][gc,task     ] GC(304) Using 2 workers of 2 for evacuation
[153.259s][info][gc,phases   ] GC(304)   Pre Evacuate Collection Set: 0.29ms
[153.259s][info][gc,phases   ] GC(304)   Merge Heap Roots: 0.14ms
[153.259s][info][gc,phases   ] GC(304)   Evacuate Collection Set: 5.03ms
[153.259s][info][gc,phases   ] GC(304)   Post Evacuate Collection Set: 0.68ms
[153.259s][info][gc,phases   ] GC(304)   Other: 0.10ms
[153.259s][info][gc,heap     ] GC(304) Eden regions: 364->0(366)
[153.259s][info][gc,heap     ] GC(304) Survivor regions: 5->3(47)
[153.259s][info][gc,heap     ] GC(304) Old regions: 54->56
[153.259s][info][gc,heap     ] GC(304) Humongous regions: 207->207
[153.259s][info][gc,metaspace] GC(304) Metaspace: 56419K(56768K)->56419K(56768K) NonClass: 48133K(48384K)->48133K(48384K) Class: 8285K(8384K)->8285K(8384K)
[153.259s][info][gc          ] GC(304) Pause Young (Prepare Mixed) (G1 Evacuation Pause) 628M->265M(669M) 6.424ms
[153.259s][info][gc,cpu      ] GC(304) User=0.01s Sys=0.00s Real=0.01s
[154.218s][info][gc,start    ] GC(305) Pause Young (Mixed) (G1 Evacuation Pause)
[154.219s][info][gc,task     ] GC(305) Using 2 workers of 2 for evacuation
[154.226s][info][gc,phases   ] GC(305)   Pre Evacuate Collection Set: 0.28ms
[154.226s][info][gc,phases   ] GC(305)   Merge Heap Roots: 0.15ms
[154.226s][info][gc,phases   ] GC(305)   Evacuate Collection Set: 6.00ms
[154.226s][info][gc,phases   ] GC(305)   Post Evacuate Collection Set: 0.77ms
[154.226s][info][gc,phases   ] GC(305)   Other: 0.08ms
[154.226s][info][gc,heap     ] GC(305) Eden regions: 366->0(370)
[154.226s][info][gc,heap     ] GC(305) Survivor regions: 3->1(47)
[154.226s][info][gc,heap     ] GC(305) Old regions: 56->56
[154.226s][info][gc,heap     ] GC(305) Humongous regions: 207->207
[154.226s][info][gc,metaspace] GC(305) Metaspace: 56419K(56768K)->56419K(56768K) NonClass: 48133K(48384K)->48133K(48384K) Class: 8285K(8384K)->8285K(8384K)
[154.226s][info][gc          ] GC(305) Pause Young (Mixed) (G1 Evacuation Pause) 631M->263M(669M) 7.488ms
[154.226s][info][gc,cpu      ] GC(305) User=0.01s Sys=0.00s Real=0.00s
[155.134s][info][gc,start    ] GC(306) Pause Young (Concurrent Start) (G1 Evacuation Pause)
[155.134s][info][gc,task     ] GC(306) Using 2 workers of 2 for evacuation
[155.138s][info][gc,phases   ] GC(306)   Pre Evacuate Collection Set: 0.32ms
[155.138s][info][gc,phases   ] GC(306)   Merge Heap Roots: 0.12ms
[155.138s][info][gc,phases   ] GC(306)   Evacuate Collection Set: 3.50ms
[155.138s][info][gc,phases   ] GC(306)   Post Evacuate Collection Set: 0.67ms
[155.138s][info][gc,phases   ] GC(306)   Other: 0.10ms
[155.138s][info][gc,heap     ] GC(306) Eden regions: 370->0(368)
[155.138s][info][gc,heap     ] GC(306) Survivor regions: 1->2(47)
[155.138s][info][gc,heap     ] GC(306) Old regions: 56->56
[155.138s][info][gc,heap     ] GC(306) Humongous regions: 207->207
[155.138s][info][gc,metaspace] GC(306) Metaspace: 56419K(56768K)->56419K(56768K) NonClass: 48133K(48384K)->48133K(48384K) Class: 8285K(8384K)->8285K(8384K)
[155.138s][info][gc          ] GC(306) Pause Young (Concurrent Start) (G1 Evacuation Pause) 633M->264M(669M) 4.889ms
[155.139s][info][gc,cpu      ] GC(306) User=0.01s Sys=0.00s Real=0.01s
[155.139s][info][gc          ] GC(307) Concurrent Mark Cycle
[155.139s][info][gc,marking  ] GC(307) Concurrent Scan Root Regions
[155.149s][info][gc,marking  ] GC(307) Concurrent Scan Root Regions 10.319ms
[155.149s][info][gc,marking  ] GC(307) Concurrent Mark
[155.149s][info][gc,marking  ] GC(307) Concurrent Mark From Roots
[155.149s][info][gc,task     ] GC(307) Using 1 workers of 1 for marking
[155.207s][info][gc,marking  ] GC(307) Concurrent Mark From Roots 57.910ms
[155.207s][info][gc,marking  ] GC(307) Concurrent Preclean
[155.207s][info][gc,marking  ] GC(307) Concurrent Preclean 0.062ms
[155.207s][info][gc,start    ] GC(307) Pause Remark
[155.216s][info][gc          ] GC(307) Pause Remark 293M->293M(669M) 8.908ms
[155.216s][info][gc,cpu      ] GC(307) User=0.02s Sys=0.00s Real=0.00s
[155.217s][info][gc,marking  ] GC(307) Concurrent Mark 68.281ms
[155.217s][info][gc,marking  ] GC(307) Concurrent Rebuild Remembered Sets and Scrub Regions
[155.254s][info][gc,marking  ] GC(307) Concurrent Rebuild Remembered Sets and Scrub Regions 36.732ms
[155.254s][info][gc,start    ] GC(307) Pause Cleanup
[155.254s][info][gc          ] GC(307) Pause Cleanup 319M->319M(669M) 0.089ms
[155.254s][info][gc,cpu      ] GC(307) User=0.00s Sys=0.00s Real=0.00s
[155.256s][info][gc,marking  ] GC(307) Concurrent Clear Claimed Marks
[155.256s][info][gc,marking  ] GC(307) Concurrent Clear Claimed Marks 0.109ms
[155.256s][info][gc,marking  ] GC(307) Concurrent Cleanup for Next Mark
[155.260s][info][gc,marking  ] GC(307) Concurrent Cleanup for Next Mark 4.060ms
[155.260s][info][gc          ] GC(307) Concurrent Mark Cycle 121.662ms
[156.048s][info][gc,start    ] GC(308) Pause Young (Prepare Mixed) (G1 Evacuation Pause)
[156.048s][info][gc,task     ] GC(308) Using 2 workers of 2 for evacuation
[156.053s][info][gc,phases   ] GC(308)   Pre Evacuate Collection Set: 0.27ms
[156.053s][info][gc,phases   ] GC(308)   Merge Heap Roots: 0.13ms
[156.053s][info][gc,phases   ] GC(308)   Evacuate Collection Set: 4.15ms
[156.053s][info][gc,phases   ] GC(308)   Post Evacuate Collection Set: 0.69ms
[156.053s][info][gc,phases   ] GC(308)   Other: 0.13ms
[156.053s][info][gc,heap     ] GC(308) Eden regions: 368->0(366)
[156.053s][info][gc,heap     ] GC(308) Survivor regions: 2->3(47)
[156.053s][info][gc,heap     ] GC(308) Old regions: 56->56
[156.053s][info][gc,heap     ] GC(308) Humongous regions: 207->207
[156.053s][info][gc,metaspace] GC(308) Metaspace: 56419K(56768K)->56419K(56768K) NonClass: 48133K(48384K)->48133K(48384K) Class: 8285K(8384K)->8285K(8384K)
[156.053s][info][gc          ] GC(308) Pause Young (Prepare Mixed) (G1 Evacuation Pause) 632M->265M(669M) 5.557ms
[156.053s][info][gc,cpu      ] GC(308) User=0.01s Sys=0.00s Real=0.00s
[156.953s][info][gc,start    ] GC(309) Pause Young (Mixed) (G1 Evacuation Pause)
[156.953s][info][gc,task     ] GC(309) Using 2 workers of 2 for evacuation
[156.961s][info][gc,phases   ] GC(309)   Pre Evacuate Collection Set: 0.28ms
[156.961s][info][gc,phases   ] GC(309)   Merge Heap Roots: 0.13ms
[156.961s][info][gc,phases   ] GC(309)   Evacuate Collection Set: 6.48ms
[156.961s][info][gc,phases   ] GC(309)   Post Evacuate Collection Set: 0.71ms
[156.961s][info][gc,phases   ] GC(309)   Other: 0.10ms
[156.961s][info][gc,heap     ] GC(309) Eden regions: 366->0(366)
[156.961s][info][gc,heap     ] GC(309) Survivor regions: 3->3(47)
[156.961s][info][gc,heap     ] GC(309) Old regions: 56->56
[156.961s][info][gc,heap     ] GC(309) Humongous regions: 207->207
[156.961s][info][gc,metaspace] GC(309) Metaspace: 56419K(56768K)->56419K(56768K) NonClass: 48133K(48384K)->48133K(48384K) Class: 8285K(8384K)->8285K(8384K)
[156.961s][info][gc          ] GC(309) Pause Young (Mixed) (G1 Evacuation Pause) 631M->264M(669M) 7.904ms
[156.961s][info][gc,cpu      ] GC(309) User=0.01s Sys=0.00s Real=0.01s
[157.866s][info][gc,start    ] GC(310) Pause Young (Concurrent Start) (G1 Evacuation Pause)
[157.866s][info][gc,task     ] GC(310) Using 2 workers of 2 for evacuation
[157.871s][info][gc,phases   ] GC(310)   Pre Evacuate Collection Set: 0.28ms
[157.871s][info][gc,phases   ] GC(310)   Merge Heap Roots: 0.13ms
[157.871s][info][gc,phases   ] GC(310)   Evacuate Collection Set: 3.75ms
[157.871s][info][gc,phases   ] GC(310)   Post Evacuate Collection Set: 0.68ms
[157.871s][info][gc,phases   ] GC(310)   Other: 0.13ms
[157.871s][info][gc,heap     ] GC(310) Eden regions: 366->0(368)
[157.871s][info][gc,heap     ] GC(310) Survivor regions: 3->2(47)
[157.871s][info][gc,heap     ] GC(310) Old regions: 56->56
[157.871s][info][gc,heap     ] GC(310) Humongous regions: 207->207
[157.871s][info][gc,metaspace] GC(310) Metaspace: 56419K(56768K)->56419K(56768K) NonClass: 48133K(48384K)->48133K(48384K) Class: 8285K(8384K)->8285K(8384K)
[157.871s][info][gc          ] GC(310) Pause Young (Concurrent Start) (G1 Evacuation Pause) 630M->264M(669M) 5.172ms
[157.871s][info][gc          ] GC(311) Concurrent Mark Cycle
[157.871s][info][gc,marking  ] GC(311) Concurrent Scan Root Regions
[157.871s][info][gc,cpu      ] GC(310) User=0.01s Sys=0.00s Real=0.01s
[157.874s][info][gc,marking  ] GC(311) Concurrent Scan Root Regions 2.762ms
[157.874s][info][gc,marking  ] GC(311) Concurrent Mark
[157.874s][info][gc,marking  ] GC(311) Concurrent Mark From Roots
[157.874s][info][gc,task     ] GC(311) Using 1 workers of 1 for marking
[157.924s][info][gc,marking  ] GC(311) Concurrent Mark From Roots 50.159ms
[157.924s][info][gc,marking  ] GC(311) Concurrent Preclean
[157.924s][info][gc,marking  ] GC(311) Concurrent Preclean 0.062ms
[157.924s][info][gc,start    ] GC(311) Pause Remark
[157.933s][info][gc          ] GC(311) Pause Remark 275M->275M(669M) 8.810ms
[157.933s][info][gc,cpu      ] GC(311) User=0.01s Sys=0.00s Real=0.01s
[157.933s][info][gc,marking  ] GC(311) Concurrent Mark 59.628ms
[157.933s][info][gc,marking  ] GC(311) Concurrent Rebuild Remembered Sets and Scrub Regions
[157.964s][info][gc,marking  ] GC(311) Concurrent Rebuild Remembered Sets and Scrub Regions 30.689ms
[157.965s][info][gc,start    ] GC(311) Pause Cleanup
[157.965s][info][gc          ] GC(311) Pause Cleanup 289M->289M(669M) 0.120ms
[157.965s][info][gc,cpu      ] GC(311) User=0.00s Sys=0.00s Real=0.00s
[157.965s][info][gc,marking  ] GC(311) Concurrent Clear Claimed Marks
[157.967s][info][gc,marking  ] GC(311) Concurrent Clear Claimed Marks 1.729ms
[157.967s][info][gc,marking  ] GC(311) Concurrent Cleanup for Next Mark
[157.969s][info][gc,marking  ] GC(311) Concurrent Cleanup for Next Mark 2.479ms
[157.969s][info][gc          ] GC(311) Concurrent Mark Cycle 98.619ms
[158.825s][info][gc,start    ] GC(312) Pause Young (Prepare Mixed) (G1 Evacuation Pause)
[158.825s][info][gc,task     ] GC(312) Using 2 workers of 2 for evacuation
[158.830s][info][gc,phases   ] GC(312)   Pre Evacuate Collection Set: 0.33ms
[158.830s][info][gc,phases   ] GC(312)   Merge Heap Roots: 0.14ms
[158.830s][info][gc,phases   ] GC(312)   Evacuate Collection Set: 3.23ms
[158.830s][info][gc,phases   ] GC(312)   Post Evacuate Collection Set: 0.71ms
[158.830s][info][gc,phases   ] GC(312)   Other: 0.08ms
[158.830s][info][gc,heap     ] GC(312) Eden regions: 368->0(368)
[158.830s][info][gc,heap     ] GC(312) Survivor regions: 2->2(47)
[158.830s][info][gc,heap     ] GC(312) Old regions: 56->56
[158.830s][info][gc,heap     ] GC(312) Humongous regions: 207->207
[158.830s][info][gc,metaspace] GC(312) Metaspace: 56419K(56768K)->56419K(56768K) NonClass: 48133K(48384K)->48133K(48384K) Class: 8285K(8384K)->8285K(8384K)
[158.830s][info][gc          ] GC(312) Pause Young (Prepare Mixed) (G1 Evacuation Pause) 632M->264M(669M) 4.708ms
[158.830s][info][gc,cpu      ] GC(312) User=0.01s Sys=0.00s Real=0.01s
[159.771s][info][gc,start    ] GC(313) Pause Young (Mixed) (G1 Evacuation Pause)
[159.771s][info][gc,task     ] GC(313) Using 2 workers of 2 for evacuation
[159.780s][info][gc,phases   ] GC(313)   Pre Evacuate Collection Set: 0.37ms
[159.780s][info][gc,phases   ] GC(313)   Merge Heap Roots: 0.26ms
[159.780s][info][gc,phases   ] GC(313)   Evacuate Collection Set: 7.33ms
[159.780s][info][gc,phases   ] GC(313)   Post Evacuate Collection Set: 0.84ms
[159.780s][info][gc,phases   ] GC(313)   Other: 0.11ms
[159.780s][info][gc,heap     ] GC(313) Eden regions: 368->0(370)
[159.780s][info][gc,heap     ] GC(313) Survivor regions: 2->1(47)
[159.780s][info][gc,heap     ] GC(313) Old regions: 56->56
[159.780s][info][gc,heap     ] GC(313) Humongous regions: 207->207
[159.780s][info][gc,metaspace] GC(313) Metaspace: 56419K(56768K)->56419K(56768K) NonClass: 48133K(48384K)->48133K(48384K) Class: 8285K(8384K)->8285K(8384K)
[159.780s][info][gc          ] GC(313) Pause Young (Mixed) (G1 Evacuation Pause) 632M->263M(669M) 9.230ms
[159.780s][info][gc,cpu      ] GC(313) User=0.01s Sys=0.00s Real=0.01s
[160.709s][info][gc,start    ] GC(314) Pause Young (Concurrent Start) (G1 Evacuation Pause)
[160.709s][info][gc,task     ] GC(314) Using 2 workers of 2 for evacuation
[160.714s][info][gc,phases   ] GC(314)   Pre Evacuate Collection Set: 0.33ms
[160.714s][info][gc,phases   ] GC(314)   Merge Heap Roots: 0.13ms
[160.714s][info][gc,phases   ] GC(314)   Evacuate Collection Set: 4.02ms
[160.714s][info][gc,phases   ] GC(314)   Post Evacuate Collection Set: 0.66ms
[160.714s][info][gc,phases   ] GC(314)   Other: 0.12ms
[160.714s][info][gc,heap     ] GC(314) Eden regions: 370->0(366)
[160.714s][info][gc,heap     ] GC(314) Survivor regions: 1->3(47)
[160.714s][info][gc,heap     ] GC(314) Old regions: 56->56
[160.714s][info][gc,heap     ] GC(314) Humongous regions: 207->207
[160.714s][info][gc,metaspace] GC(314) Metaspace: 56419K(56768K)->56419K(56768K) NonClass: 48133K(48384K)->48133K(48384K) Class: 8285K(8384K)->8285K(8384K)
[160.714s][info][gc          ] GC(314) Pause Young (Concurrent Start) (G1 Evacuation Pause) 633M->264M(669M) 5.442ms
[160.714s][info][gc,cpu      ] GC(314) User=0.01s Sys=0.00s Real=0.00s
[160.714s][info][gc          ] GC(315) Concurrent Mark Cycle
[160.714s][info][gc,marking  ] GC(315) Concurrent Scan Root Regions
[160.722s][info][gc,marking  ] GC(315) Concurrent Scan Root Regions 7.671ms
[160.722s][info][gc,marking  ] GC(315) Concurrent Mark
[160.722s][info][gc,marking  ] GC(315) Concurrent Mark From Roots
[160.722s][info][gc,task     ] GC(315) Using 1 workers of 1 for marking
[160.813s][info][gc,marking  ] GC(315) Concurrent Mark From Roots 90.401ms
[160.813s][info][gc,marking  ] GC(315) Concurrent Preclean
[160.813s][info][gc,marking  ] GC(315) Concurrent Preclean 0.137ms
[160.813s][info][gc,start    ] GC(315) Pause Remark
[160.824s][info][gc          ] GC(315) Pause Remark 316M->316M(669M) 11.459ms
[160.824s][info][gc,cpu      ] GC(315) User=0.02s Sys=0.00s Real=0.01s
[160.825s][info][gc,marking  ] GC(315) Concurrent Mark 102.435ms
[160.825s][info][gc,marking  ] GC(315) Concurrent Rebuild Remembered Sets and Scrub Regions
[160.877s][info][gc,marking  ] GC(315) Concurrent Rebuild Remembered Sets and Scrub Regions 52.030ms
[160.877s][info][gc,start    ] GC(315) Pause Cleanup
[160.877s][info][gc          ] GC(315) Pause Cleanup 340M->340M(669M) 0.083ms
[160.877s][info][gc,cpu      ] GC(315) User=0.00s Sys=0.00s Real=0.00s
[160.878s][info][gc,marking  ] GC(315) Concurrent Clear Claimed Marks
[160.878s][info][gc,marking  ] GC(315) Concurrent Clear Claimed Marks 0.106ms
[160.878s][info][gc,marking  ] GC(315) Concurrent Cleanup for Next Mark
[160.882s][info][gc,marking  ] GC(315) Concurrent Cleanup for Next Mark 4.043ms
[160.882s][info][gc          ] GC(315) Concurrent Mark Cycle 167.538ms
[161.560s][info][gc,start    ] GC(316) Pause Young (Prepare Mixed) (G1 Evacuation Pause)
[161.560s][info][gc,task     ] GC(316) Using 2 workers of 2 for evacuation
[161.566s][info][gc,phases   ] GC(316)   Pre Evacuate Collection Set: 0.28ms
[161.566s][info][gc,phases   ] GC(316)   Merge Heap Roots: 0.14ms
[161.566s][info][gc,phases   ] GC(316)   Evacuate Collection Set: 4.64ms
[161.566s][info][gc,phases   ] GC(316)   Post Evacuate Collection Set: 0.69ms
[161.566s][info][gc,phases   ] GC(316)   Other: 0.10ms
[161.566s][info][gc,heap     ] GC(316) Eden regions: 366->0(366)
[161.566s][info][gc,heap     ] GC(316) Survivor regions: 3->3(47)
[161.566s][info][gc,heap     ] GC(316) Old regions: 56->56
[161.566s][info][gc,heap     ] GC(316) Humongous regions: 207->207
[161.566s][info][gc,metaspace] GC(316) Metaspace: 56419K(56768K)->56419K(56768K) NonClass: 48133K(48384K)->48133K(48384K) Class: 8285K(8384K)->8285K(8384K)
[161.566s][info][gc          ] GC(316) Pause Young (Prepare Mixed) (G1 Evacuation Pause) 630M->265M(669M) 6.023ms
[161.566s][info][gc,cpu      ] GC(316) User=0.01s Sys=0.00s Real=0.00s
[162.616s][info][gc,start    ] GC(317) Pause Young (Mixed) (G1 Evacuation Pause)
[162.616s][info][gc,task     ] GC(317) Using 2 workers of 2 for evacuation
[162.620s][info][gc,phases   ] GC(317)   Pre Evacuate Collection Set: 0.26ms
[162.620s][info][gc,phases   ] GC(317)   Merge Heap Roots: 0.12ms
[162.620s][info][gc,phases   ] GC(317)   Evacuate Collection Set: 2.98ms
[162.620s][info][gc,phases   ] GC(317)   Post Evacuate Collection Set: 0.69ms
[162.620s][info][gc,phases   ] GC(317)   Other: 0.08ms
[162.620s][info][gc,heap     ] GC(317) Eden regions: 366->0(370)
[162.620s][info][gc,heap     ] GC(317) Survivor regions: 3->1(47)
[162.620s][info][gc,heap     ] GC(317) Old regions: 56->56
[162.620s][info][gc,heap     ] GC(317) Humongous regions: 207->207
[162.620s][info][gc,metaspace] GC(317) Metaspace: 56419K(56768K)->56419K(56768K) NonClass: 48133K(48384K)->48133K(48384K) Class: 8285K(8384K)->8285K(8384K)
[162.620s][info][gc          ] GC(317) Pause Young (Mixed) (G1 Evacuation Pause) 631M->263M(669M) 4.316ms
[162.620s][info][gc,cpu      ] GC(317) User=0.01s Sys=0.00s Real=0.01s
[163.529s][info][gc,start    ] GC(318) Pause Young (Concurrent Start) (G1 Evacuation Pause)
[163.529s][info][gc,task     ] GC(318) Using 2 workers of 2 for evacuation
[163.534s][info][gc,phases   ] GC(318)   Pre Evacuate Collection Set: 0.29ms
[163.534s][info][gc,phases   ] GC(318)   Merge Heap Roots: 0.11ms
[163.534s][info][gc,phases   ] GC(318)   Evacuate Collection Set: 3.60ms
[163.534s][info][gc,phases   ] GC(318)   Post Evacuate Collection Set: 0.67ms
[163.534s][info][gc,phases   ] GC(318)   Other: 0.11ms
[163.534s][info][gc,heap     ] GC(318) Eden regions: 370->0(368)
[163.534s][info][gc,heap     ] GC(318) Survivor regions: 1->2(47)
[163.534s][info][gc,heap     ] GC(318) Old regions: 56->56
[163.534s][info][gc,heap     ] GC(318) Humongous regions: 207->207
[163.534s][info][gc,metaspace] GC(318) Metaspace: 56419K(56768K)->56419K(56768K) NonClass: 48133K(48384K)->48133K(48384K) Class: 8285K(8384K)->8285K(8384K)
[163.534s][info][gc          ] GC(318) Pause Young (Concurrent Start) (G1 Evacuation Pause) 633M->263M(669M) 4.945ms
[163.534s][info][gc          ] GC(319) Concurrent Mark Cycle
[163.534s][info][gc,marking  ] GC(319) Concurrent Scan Root Regions
[163.537s][info][gc,cpu      ] GC(318) User=0.01s Sys=0.00s Real=0.01s
[163.537s][info][gc,marking  ] GC(319) Concurrent Scan Root Regions 2.385ms
[163.537s][info][gc,marking  ] GC(319) Concurrent Mark
[163.537s][info][gc,marking  ] GC(319) Concurrent Mark From Roots
[163.537s][info][gc,task     ] GC(319) Using 1 workers of 1 for marking
[163.587s][info][gc,marking  ] GC(319) Concurrent Mark From Roots 49.695ms
[163.587s][info][gc,marking  ] GC(319) Concurrent Preclean
[163.587s][info][gc,marking  ] GC(319) Concurrent Preclean 0.063ms
[163.587s][info][gc,start    ] GC(319) Pause Remark
[163.599s][info][gc          ] GC(319) Pause Remark 291M->291M(669M) 12.072ms
[163.599s][info][gc,cpu      ] GC(319) User=0.01s Sys=0.00s Real=0.01s
[163.600s][info][gc,marking  ] GC(319) Concurrent Mark 62.823ms
[163.600s][info][gc,marking  ] GC(319) Concurrent Rebuild Remembered Sets and Scrub Regions
[163.626s][info][gc,marking  ] GC(319) Concurrent Rebuild Remembered Sets and Scrub Regions 25.856ms
[163.626s][info][gc,start    ] GC(319) Pause Cleanup
[163.626s][info][gc          ] GC(319) Pause Cleanup 300M->300M(669M) 0.076ms
[163.626s][info][gc,cpu      ] GC(319) User=0.00s Sys=0.00s Real=0.00s
[163.626s][info][gc,marking  ] GC(319) Concurrent Clear Claimed Marks
[163.626s][info][gc,marking  ] GC(319) Concurrent Clear Claimed Marks 0.093ms
[163.626s][info][gc,marking  ] GC(319) Concurrent Cleanup for Next Mark
[163.628s][info][gc,marking  ] GC(319) Concurrent Cleanup for Next Mark 2.009ms
[163.628s][info][gc          ] GC(319) Concurrent Mark Cycle 93.535ms
[164.440s][info][gc,start    ] GC(320) Pause Young (Prepare Mixed) (G1 Evacuation Pause)
[164.440s][info][gc,task     ] GC(320) Using 2 workers of 2 for evacuation
[164.446s][info][gc,phases   ] GC(320)   Pre Evacuate Collection Set: 0.27ms
[164.446s][info][gc,phases   ] GC(320)   Merge Heap Roots: 0.14ms
[164.446s][info][gc,phases   ] GC(320)   Evacuate Collection Set: 4.06ms
[164.446s][info][gc,phases   ] GC(320)   Post Evacuate Collection Set: 0.69ms
[164.446s][info][gc,phases   ] GC(320)   Other: 0.08ms
[164.446s][info][gc,heap     ] GC(320) Eden regions: 368->0(366)
[164.446s][info][gc,heap     ] GC(320) Survivor regions: 2->3(47)
[164.446s][info][gc,heap     ] GC(320) Old regions: 56->56
[164.446s][info][gc,heap     ] GC(320) Humongous regions: 207->207
[164.446s][info][gc,metaspace] GC(320) Metaspace: 56419K(56768K)->56419K(56768K) NonClass: 48133K(48384K)->48133K(48384K) Class: 8285K(8384K)->8285K(8384K)
[164.446s][info][gc          ] GC(320) Pause Young (Prepare Mixed) (G1 Evacuation Pause) 631M->264M(669M) 5.436ms
[164.446s][info][gc,cpu      ] GC(320) User=0.01s Sys=0.00s Real=0.00s
[165.348s][info][gc,start    ] GC(321) Pause Young (Mixed) (G1 Evacuation Pause)
[165.348s][info][gc,task     ] GC(321) Using 2 workers of 2 for evacuation
[165.356s][info][gc,phases   ] GC(321)   Pre Evacuate Collection Set: 0.27ms
[165.356s][info][gc,phases   ] GC(321)   Merge Heap Roots: 0.13ms
[165.356s][info][gc,phases   ] GC(321)   Evacuate Collection Set: 7.25ms
[165.356s][info][gc,phases   ] GC(321)   Post Evacuate Collection Set: 0.74ms
[165.356s][info][gc,phases   ] GC(321)   Other: 0.09ms
[165.356s][info][gc,heap     ] GC(321) Eden regions: 366->0(366)
[165.356s][info][gc,heap     ] GC(321) Survivor regions: 3->3(47)
[165.356s][info][gc,heap     ] GC(321) Old regions: 56->56
[165.356s][info][gc,heap     ] GC(321) Humongous regions: 207->207
[165.356s][info][gc,metaspace] GC(321) Metaspace: 56419K(56768K)->56419K(56768K) NonClass: 48133K(48384K)->48133K(48384K) Class: 8285K(8384K)->8285K(8384K)
[165.356s][info][gc          ] GC(321) Pause Young (Mixed) (G1 Evacuation Pause) 630M->264M(669M) 8.652ms
[165.356s][info][gc,cpu      ] GC(321) User=0.01s Sys=0.00s Real=0.00s
[166.284s][info][gc,start    ] GC(322) Pause Young (Concurrent Start) (G1 Evacuation Pause)
[166.284s][info][gc,task     ] GC(322) Using 2 workers of 2 for evacuation
[166.289s][info][gc,phases   ] GC(322)   Pre Evacuate Collection Set: 0.27ms
[166.289s][info][gc,phases   ] GC(322)   Merge Heap Roots: 0.12ms
[166.289s][info][gc,phases   ] GC(322)   Evacuate Collection Set: 3.75ms
[166.289s][info][gc,phases   ] GC(322)   Post Evacuate Collection Set: 0.71ms
[166.289s][info][gc,phases   ] GC(322)   Other: 0.13ms
[166.289s][info][gc,heap     ] GC(322) Eden regions: 366->0(366)
[166.289s][info][gc,heap     ] GC(322) Survivor regions: 3->3(47)
[166.289s][info][gc,heap     ] GC(322) Old regions: 56->56
[166.289s][info][gc,heap     ] GC(322) Humongous regions: 207->207
[166.289s][info][gc,metaspace] GC(322) Metaspace: 56419K(56768K)->56419K(56768K) NonClass: 48133K(48384K)->48133K(48384K) Class: 8285K(8384K)->8285K(8384K)
[166.289s][info][gc          ] GC(322) Pause Young (Concurrent Start) (G1 Evacuation Pause) 630M->264M(669M) 5.187ms
[166.289s][info][gc,cpu      ] GC(322) User=0.01s Sys=0.00s Real=0.01s
[166.289s][info][gc          ] GC(323) Concurrent Mark Cycle
[166.290s][info][gc,marking  ] GC(323) Concurrent Scan Root Regions
[166.293s][info][gc,marking  ] GC(323) Concurrent Scan Root Regions 2.492ms
[166.293s][info][gc,marking  ] GC(323) Concurrent Mark
[166.293s][info][gc,marking  ] GC(323) Concurrent Mark From Roots
[166.293s][info][gc,task     ] GC(323) Using 1 workers of 1 for marking
[166.338s][info][gc,marking  ] GC(323) Concurrent Mark From Roots 45.414ms
[166.338s][info][gc,marking  ] GC(323) Concurrent Preclean
[166.338s][info][gc,marking  ] GC(323) Concurrent Preclean 0.070ms
[166.339s][info][gc,start    ] GC(323) Pause Remark
[166.347s][info][gc          ] GC(323) Pause Remark 282M->282M(669M) 8.593ms
[166.347s][info][gc,cpu      ] GC(323) User=0.01s Sys=0.00s Real=0.01s
[166.348s][info][gc,marking  ] GC(323) Concurrent Mark 55.337ms
[166.348s][info][gc,marking  ] GC(323) Concurrent Rebuild Remembered Sets and Scrub Regions
[166.366s][info][gc,marking  ] GC(323) Concurrent Rebuild Remembered Sets and Scrub Regions 18.134ms
[166.366s][info][gc,start    ] GC(323) Pause Cleanup
[166.367s][info][gc          ] GC(323) Pause Cleanup 293M->293M(669M) 0.087ms
[166.367s][info][gc,cpu      ] GC(323) User=0.00s Sys=0.00s Real=0.00s
[166.367s][info][gc,marking  ] GC(323) Concurrent Clear Claimed Marks
[166.367s][info][gc,marking  ] GC(323) Concurrent Clear Claimed Marks 0.111ms
[166.367s][info][gc,marking  ] GC(323) Concurrent Cleanup for Next Mark
[166.369s][info][gc,marking  ] GC(323) Concurrent Cleanup for Next Mark 2.164ms
[166.369s][info][gc          ] GC(323) Concurrent Mark Cycle 79.619ms
[167.249s][info][gc,start    ] GC(324) Pause Young (Prepare Mixed) (G1 Evacuation Pause)
[167.250s][info][gc,task     ] GC(324) Using 2 workers of 2 for evacuation
[167.255s][info][gc,phases   ] GC(324)   Pre Evacuate Collection Set: 0.41ms
[167.255s][info][gc,phases   ] GC(324)   Merge Heap Roots: 0.13ms
[167.255s][info][gc,phases   ] GC(324)   Evacuate Collection Set: 3.83ms
[167.255s][info][gc,phases   ] GC(324)   Post Evacuate Collection Set: 0.71ms
[167.255s][info][gc,phases   ] GC(324)   Other: 0.10ms
[167.255s][info][gc,heap     ] GC(324) Eden regions: 366->0(370)
[167.255s][info][gc,heap     ] GC(324) Survivor regions: 3->1(47)
[167.255s][info][gc,heap     ] GC(324) Old regions: 56->56
[167.255s][info][gc,heap     ] GC(324) Humongous regions: 207->207
[167.255s][info][gc,metaspace] GC(324) Metaspace: 56419K(56768K)->56419K(56768K) NonClass: 48133K(48384K)->48133K(48384K) Class: 8285K(8384K)->8285K(8384K)
[167.255s][info][gc          ] GC(324) Pause Young (Prepare Mixed) (G1 Evacuation Pause) 630M->263M(669M) 5.365ms
[167.255s][info][gc,cpu      ] GC(324) User=0.01s Sys=0.00s Real=0.00s
[168.146s][info][gc,start    ] GC(325) Pause Young (Mixed) (G1 Evacuation Pause)
[168.146s][info][gc,task     ] GC(325) Using 2 workers of 2 for evacuation
[168.153s][info][gc,phases   ] GC(325)   Pre Evacuate Collection Set: 0.27ms
[168.153s][info][gc,phases   ] GC(325)   Merge Heap Roots: 0.16ms
[168.153s][info][gc,phases   ] GC(325)   Evacuate Collection Set: 5.50ms
[168.153s][info][gc,phases   ] GC(325)   Post Evacuate Collection Set: 0.72ms
[168.153s][info][gc,phases   ] GC(325)   Other: 0.09ms
[168.153s][info][gc,heap     ] GC(325) Eden regions: 370->0(366)
[168.153s][info][gc,heap     ] GC(325) Survivor regions: 1->3(47)
[168.153s][info][gc,heap     ] GC(325) Old regions: 56->56
[168.153s][info][gc,heap     ] GC(325) Humongous regions: 207->207
[168.153s][info][gc,metaspace] GC(325) Metaspace: 56419K(56768K)->56419K(56768K) NonClass: 48133K(48384K)->48133K(48384K) Class: 8285K(8384K)->8285K(8384K)
[168.153s][info][gc          ] GC(325) Pause Young (Mixed) (G1 Evacuation Pause) 633M->264M(669M) 6.930ms
[168.153s][info][gc,cpu      ] GC(325) User=0.02s Sys=0.00s Real=0.01s
[169.106s][info][gc,start    ] GC(326) Pause Young (Concurrent Start) (G1 Evacuation Pause)
[169.106s][info][gc,task     ] GC(326) Using 2 workers of 2 for evacuation
[169.110s][info][gc,phases   ] GC(326)   Pre Evacuate Collection Set: 0.30ms
[169.110s][info][gc,phases   ] GC(326)   Merge Heap Roots: 0.11ms
[169.110s][info][gc,phases   ] GC(326)   Evacuate Collection Set: 2.61ms
[169.110s][info][gc,phases   ] GC(326)   Post Evacuate Collection Set: 0.69ms
[169.110s][info][gc,phases   ] GC(326)   Other: 0.12ms
[169.110s][info][gc,heap     ] GC(326) Eden regions: 366->0(368)
[169.110s][info][gc,heap     ] GC(326) Survivor regions: 3->2(47)
[169.110s][info][gc,heap     ] GC(326) Old regions: 56->56
[169.110s][info][gc,heap     ] GC(326) Humongous regions: 207->207
[169.110s][info][gc,metaspace] GC(326) Metaspace: 56424K(56768K)->56424K(56768K) NonClass: 48138K(48384K)->48138K(48384K) Class: 8285K(8384K)->8285K(8384K)
[169.110s][info][gc          ] GC(326) Pause Young (Concurrent Start) (G1 Evacuation Pause) 630M->263M(669M) 4.004ms
[169.110s][info][gc,cpu      ] GC(326) User=0.01s Sys=0.00s Real=0.01s
[169.110s][info][gc          ] GC(327) Concurrent Mark Cycle
[169.110s][info][gc,marking  ] GC(327) Concurrent Scan Root Regions
[169.112s][info][gc,marking  ] GC(327) Concurrent Scan Root Regions 1.719ms
[169.112s][info][gc,marking  ] GC(327) Concurrent Mark
[169.112s][info][gc,marking  ] GC(327) Concurrent Mark From Roots
[169.112s][info][gc,task     ] GC(327) Using 1 workers of 1 for marking
[169.174s][info][gc,marking  ] GC(327) Concurrent Mark From Roots 61.915ms
[169.174s][info][gc,marking  ] GC(327) Concurrent Preclean
[169.174s][info][gc,marking  ] GC(327) Concurrent Preclean 0.073ms
[169.174s][info][gc,start    ] GC(327) Pause Remark
[169.183s][info][gc          ] GC(327) Pause Remark 323M->323M(669M) 9.082ms
[169.183s][info][gc,cpu      ] GC(327) User=0.02s Sys=0.00s Real=0.01s
[169.183s][info][gc,marking  ] GC(327) Concurrent Mark 71.652ms
[169.183s][info][gc,marking  ] GC(327) Concurrent Rebuild Remembered Sets and Scrub Regions
[169.202s][info][gc,marking  ] GC(327) Concurrent Rebuild Remembered Sets and Scrub Regions 18.669ms
[169.212s][info][gc,start    ] GC(327) Pause Cleanup
[169.212s][info][gc          ] GC(327) Pause Cleanup 323M->323M(669M) 0.115ms
[169.212s][info][gc,cpu      ] GC(327) User=0.00s Sys=0.00s Real=0.00s
[169.212s][info][gc,marking  ] GC(327) Concurrent Clear Claimed Marks
[169.212s][info][gc,marking  ] GC(327) Concurrent Clear Claimed Marks 0.115ms
[169.212s][info][gc,marking  ] GC(327) Concurrent Cleanup for Next Mark
[169.215s][info][gc,marking  ] GC(327) Concurrent Cleanup for Next Mark 2.265ms
[169.215s][info][gc          ] GC(327) Concurrent Mark Cycle 104.617ms
[172.729s][info][gc,start    ] GC(328) Pause Young (Prepare Mixed) (G1 Evacuation Pause)
[172.729s][info][gc,task     ] GC(328) Using 2 workers of 2 for evacuation
[172.751s][info][gc,phases   ] GC(328)   Pre Evacuate Collection Set: 0.31ms
[172.751s][info][gc,phases   ] GC(328)   Merge Heap Roots: 0.14ms
[172.751s][info][gc,phases   ] GC(328)   Evacuate Collection Set: 20.27ms
[172.751s][info][gc,phases   ] GC(328)   Post Evacuate Collection Set: 0.79ms
[172.751s][info][gc,phases   ] GC(328)   Other: 0.10ms
[172.751s][info][gc,heap     ] GC(328) Eden regions: 248->0(345)
[172.751s][info][gc,heap     ] GC(328) Survivor regions: 2->25(47)
[172.751s][info][gc,heap     ] GC(328) Old regions: 56->56
[172.751s][info][gc,heap     ] GC(328) Humongous regions: 363->207
[172.751s][info][gc,metaspace] GC(328) Metaspace: 56662K(57024K)->56662K(57024K) NonClass: 48376K(48640K)->48376K(48640K) Class: 8285K(8384K)->8285K(8384K)
[172.751s][info][gc          ] GC(328) Pause Young (Prepare Mixed) (G1 Evacuation Pause) 667M->287M(694M) 21.845ms
[172.751s][info][gc,cpu      ] GC(328) User=0.02s Sys=0.02s Real=0.02s
[173.562s][info][gc,start    ] GC(329) Pause Young (Mixed) (G1 Evacuation Pause)
[173.562s][info][gc,task     ] GC(329) Using 2 workers of 2 for evacuation
[173.575s][info][gc,phases   ] GC(329)   Pre Evacuate Collection Set: 0.29ms
[173.575s][info][gc,phases   ] GC(329)   Merge Heap Roots: 0.18ms
[173.575s][info][gc,phases   ] GC(329)   Evacuate Collection Set: 11.14ms
[173.575s][info][gc,phases   ] GC(329)   Post Evacuate Collection Set: 0.82ms
[173.575s][info][gc,phases   ] GC(329)   Other: 0.09ms
[173.575s][info][gc,heap     ] GC(329) Eden regions: 345->0(347)
[173.575s][info][gc,heap     ] GC(329) Survivor regions: 25->24(47)
[173.575s][info][gc,heap     ] GC(329) Old regions: 56->56
[173.575s][info][gc,heap     ] GC(329) Humongous regions: 207->207
[173.575s][info][gc,metaspace] GC(329) Metaspace: 56662K(57024K)->56662K(57024K) NonClass: 48376K(48640K)->48376K(48640K) Class: 8285K(8384K)->8285K(8384K)
[173.575s][info][gc          ] GC(329) Pause Young (Mixed) (G1 Evacuation Pause) 632M->286M(694M) 12.707ms
[173.575s][info][gc,cpu      ] GC(329) User=0.03s Sys=0.00s Real=0.01s
[174.446s][info][gc,start    ] GC(330) Pause Young (Concurrent Start) (G1 Evacuation Pause)
[174.446s][info][gc,task     ] GC(330) Using 2 workers of 2 for evacuation
[174.458s][info][gc,phases   ] GC(330)   Pre Evacuate Collection Set: 0.32ms
[174.458s][info][gc,phases   ] GC(330)   Merge Heap Roots: 0.13ms
[174.458s][info][gc,phases   ] GC(330)   Evacuate Collection Set: 11.12ms
[174.458s][info][gc,phases   ] GC(330)   Post Evacuate Collection Set: 0.83ms
[174.459s][info][gc,phases   ] GC(330)   Other: 0.14ms
[174.459s][info][gc,heap     ] GC(330) Eden regions: 347->0(345)
[174.459s][info][gc,heap     ] GC(330) Survivor regions: 24->25(47)
[174.459s][info][gc,heap     ] GC(330) Old regions: 56->56
[174.459s][info][gc,heap     ] GC(330) Humongous regions: 207->207
[174.459s][info][gc,metaspace] GC(330) Metaspace: 56662K(57024K)->56662K(57024K) NonClass: 48376K(48640K)->48376K(48640K) Class: 8285K(8384K)->8285K(8384K)
[174.459s][info][gc          ] GC(330) Pause Young (Concurrent Start) (G1 Evacuation Pause) 633M->287M(694M) 12.738ms
[174.459s][info][gc,cpu      ] GC(330) User=0.03s Sys=0.00s Real=0.02s
[174.459s][info][gc          ] GC(331) Concurrent Mark Cycle
[174.460s][info][gc,marking  ] GC(331) Concurrent Scan Root Regions
[174.473s][info][gc,marking  ] GC(331) Concurrent Scan Root Regions 12.654ms
[174.473s][info][gc,marking  ] GC(331) Concurrent Mark
[174.473s][info][gc,marking  ] GC(331) Concurrent Mark From Roots
[174.473s][info][gc,task     ] GC(331) Using 1 workers of 1 for marking
[174.519s][info][gc,marking  ] GC(331) Concurrent Mark From Roots 46.468ms
[174.519s][info][gc,marking  ] GC(331) Concurrent Preclean
[174.519s][info][gc,marking  ] GC(331) Concurrent Preclean 0.049ms
[174.520s][info][gc,start    ] GC(331) Pause Remark
[174.529s][info][gc          ] GC(331) Pause Remark 306M->306M(694M) 9.334ms
[174.529s][info][gc,cpu      ] GC(331) User=0.02s Sys=0.00s Real=0.01s
[174.529s][info][gc,marking  ] GC(331) Concurrent Mark 56.462ms
[174.529s][info][gc,marking  ] GC(331) Concurrent Rebuild Remembered Sets and Scrub Regions
[174.546s][info][gc,marking  ] GC(331) Concurrent Rebuild Remembered Sets and Scrub Regions 17.159ms
[174.547s][info][gc,start    ] GC(331) Pause Cleanup
[174.547s][info][gc          ] GC(331) Pause Cleanup 315M->315M(694M) 0.088ms
[174.547s][info][gc,cpu      ] GC(331) User=0.00s Sys=0.00s Real=0.00s
[174.547s][info][gc,marking  ] GC(331) Concurrent Clear Claimed Marks
[174.547s][info][gc,marking  ] GC(331) Concurrent Clear Claimed Marks 0.103ms
[174.547s][info][gc,marking  ] GC(331) Concurrent Cleanup for Next Mark
[174.549s][info][gc,marking  ] GC(331) Concurrent Cleanup for Next Mark 2.436ms
[174.549s][info][gc          ] GC(331) Concurrent Mark Cycle 90.617ms
[175.328s][info][gc,start    ] GC(332) Pause Young (Prepare Mixed) (G1 Evacuation Pause)
[175.328s][info][gc,task     ] GC(332) Using 2 workers of 2 for evacuation
[175.338s][info][gc,phases   ] GC(332)   Pre Evacuate Collection Set: 0.29ms
[175.338s][info][gc,phases   ] GC(332)   Merge Heap Roots: 0.15ms
[175.338s][info][gc,phases   ] GC(332)   Evacuate Collection Set: 8.78ms
[175.338s][info][gc,phases   ] GC(332)   Post Evacuate Collection Set: 0.73ms
[175.338s][info][gc,phases   ] GC(332)   Other: 0.09ms
[175.338s][info][gc,heap     ] GC(332) Eden regions: 345->0(369)
[175.338s][info][gc,heap     ] GC(332) Survivor regions: 25->2(47)
[175.338s][info][gc,heap     ] GC(332) Old regions: 56->78
[175.338s][info][gc,heap     ] GC(332) Humongous regions: 207->207
[175.338s][info][gc,metaspace] GC(332) Metaspace: 56662K(57024K)->56662K(57024K) NonClass: 48376K(48640K)->48376K(48640K) Class: 8285K(8384K)->8285K(8384K)
[175.338s][info][gc          ] GC(332) Pause Young (Prepare Mixed) (G1 Evacuation Pause) 632M->286M(694M) 10.239ms
[175.338s][info][gc,cpu      ] GC(332) User=0.02s Sys=0.00s Real=0.01s
[176.242s][info][gc,start    ] GC(333) Pause Young (Mixed) (G1 Evacuation Pause)
[176.242s][info][gc,task     ] GC(333) Using 2 workers of 2 for evacuation
[176.250s][info][gc,phases   ] GC(333)   Pre Evacuate Collection Set: 0.28ms
[176.250s][info][gc,phases   ] GC(333)   Merge Heap Roots: 0.16ms
[176.250s][info][gc,phases   ] GC(333)   Evacuate Collection Set: 7.26ms
[176.250s][info][gc,phases   ] GC(333)   Post Evacuate Collection Set: 0.81ms
[176.250s][info][gc,phases   ] GC(333)   Other: 0.10ms
[176.250s][info][gc,heap     ] GC(333) Eden regions: 369->0(369)
[176.250s][info][gc,heap     ] GC(333) Survivor regions: 2->2(47)
[176.250s][info][gc,heap     ] GC(333) Old regions: 78->78
[176.250s][info][gc,heap     ] GC(333) Humongous regions: 207->207
[176.250s][info][gc,metaspace] GC(333) Metaspace: 56662K(57024K)->56662K(57024K) NonClass: 48376K(48640K)->48376K(48640K) Class: 8285K(8384K)->8285K(8384K)
[176.250s][info][gc          ] GC(333) Pause Young (Mixed) (G1 Evacuation Pause) 655M->286M(694M) 8.805ms
[176.250s][info][gc,cpu      ] GC(333) User=0.02s Sys=0.00s Real=0.01s
[177.152s][info][gc,start    ] GC(334) Pause Young (Concurrent Start) (G1 Evacuation Pause)
[177.152s][info][gc,task     ] GC(334) Using 2 workers of 2 for evacuation
[177.157s][info][gc,phases   ] GC(334)   Pre Evacuate Collection Set: 0.31ms
[177.157s][info][gc,phases   ] GC(334)   Merge Heap Roots: 0.12ms
[177.157s][info][gc,phases   ] GC(334)   Evacuate Collection Set: 3.53ms
[177.157s][info][gc,phases   ] GC(334)   Post Evacuate Collection Set: 0.66ms
[177.157s][info][gc,phases   ] GC(334)   Other: 0.10ms
[177.157s][info][gc,heap     ] GC(334) Eden regions: 369->0(367)
[177.157s][info][gc,heap     ] GC(334) Survivor regions: 2->3(47)
[177.157s][info][gc,heap     ] GC(334) Old regions: 78->78
[177.157s][info][gc,heap     ] GC(334) Humongous regions: 207->207
[177.157s][info][gc,metaspace] GC(334) Metaspace: 56662K(57024K)->56662K(57024K) NonClass: 48376K(48640K)->48376K(48640K) Class: 8285K(8384K)->8285K(8384K)
[177.157s][info][gc          ] GC(334) Pause Young (Concurrent Start) (G1 Evacuation Pause) 655M->286M(694M) 4.896ms
[177.157s][info][gc          ] GC(335) Concurrent Mark Cycle
[177.157s][info][gc,marking  ] GC(335) Concurrent Scan Root Regions
[177.159s][info][gc,marking  ] GC(335) Concurrent Scan Root Regions 2.001ms
[177.159s][info][gc,marking  ] GC(335) Concurrent Mark
[177.159s][info][gc,marking  ] GC(335) Concurrent Mark From Roots
[177.159s][info][gc,task     ] GC(335) Using 1 workers of 1 for marking
[177.159s][info][gc,cpu      ] GC(334) User=0.01s Sys=0.00s Real=0.01s
[177.208s][info][gc,marking  ] GC(335) Concurrent Mark From Roots 48.851ms
[177.208s][info][gc,marking  ] GC(335) Concurrent Preclean
[177.208s][info][gc,marking  ] GC(335) Concurrent Preclean 0.079ms
[177.208s][info][gc,start    ] GC(335) Pause Remark
[177.218s][info][gc          ] GC(335) Pause Remark 300M->276M(694M) 9.447ms
[177.218s][info][gc,cpu      ] GC(335) User=0.02s Sys=0.01s Real=0.01s
[177.218s][info][gc,marking  ] GC(335) Concurrent Mark 58.588ms
[177.218s][info][gc,marking  ] GC(335) Concurrent Rebuild Remembered Sets and Scrub Regions
[177.249s][info][gc,marking  ] GC(335) Concurrent Rebuild Remembered Sets and Scrub Regions 30.863ms
[177.249s][info][gc,start    ] GC(335) Pause Cleanup
[177.249s][info][gc          ] GC(335) Pause Cleanup 294M->294M(694M) 0.075ms
[177.249s][info][gc,cpu      ] GC(335) User=0.00s Sys=0.00s Real=0.00s
[177.249s][info][gc,marking  ] GC(335) Concurrent Clear Claimed Marks
[177.249s][info][gc,marking  ] GC(335) Concurrent Clear Claimed Marks 0.091ms
[177.249s][info][gc,marking  ] GC(335) Concurrent Cleanup for Next Mark
[177.253s][info][gc,marking  ] GC(335) Concurrent Cleanup for Next Mark 4.062ms
[177.253s][info][gc          ] GC(335) Concurrent Mark Cycle 95.931ms
[178.076s][info][gc,start    ] GC(336) Pause Young (Prepare Mixed) (G1 Evacuation Pause)
[178.077s][info][gc,task     ] GC(336) Using 2 workers of 2 for evacuation
[178.081s][info][gc,phases   ] GC(336)   Pre Evacuate Collection Set: 0.42ms
[178.081s][info][gc,phases   ] GC(336)   Merge Heap Roots: 0.13ms
[178.081s][info][gc,phases   ] GC(336)   Evacuate Collection Set: 2.74ms
[178.081s][info][gc,phases   ] GC(336)   Post Evacuate Collection Set: 0.68ms
[178.081s][info][gc,phases   ] GC(336)   Other: 0.09ms
[178.081s][info][gc,heap     ] GC(336) Eden regions: 367->0(395)
[178.081s][info][gc,heap     ] GC(336) Survivor regions: 3->1(47)
[178.081s][info][gc,heap     ] GC(336) Old regions: 54->54
[178.081s][info][gc,heap     ] GC(336) Humongous regions: 207->207
[178.081s][info][gc,metaspace] GC(336) Metaspace: 56662K(57024K)->56662K(57024K) NonClass: 48376K(48640K)->48376K(48640K) Class: 8285K(8384K)->8285K(8384K)
[178.081s][info][gc          ] GC(336) Pause Young (Prepare Mixed) (G1 Evacuation Pause) 629M->261M(694M) 4.253ms
[178.081s][info][gc,cpu      ] GC(336) User=0.01s Sys=0.00s Real=0.01s
[179.055s][info][gc,start    ] GC(337) Pause Young (Mixed) (G1 Evacuation Pause)
[179.055s][info][gc,task     ] GC(337) Using 2 workers of 2 for evacuation
[179.060s][info][gc,phases   ] GC(337)   Pre Evacuate Collection Set: 0.28ms
[179.060s][info][gc,phases   ] GC(337)   Merge Heap Roots: 0.13ms
[179.060s][info][gc,phases   ] GC(337)   Evacuate Collection Set: 3.77ms
[179.060s][info][gc,phases   ] GC(337)   Post Evacuate Collection Set: 0.73ms
[179.060s][info][gc,phases   ] GC(337)   Other: 0.10ms
[179.060s][info][gc,heap     ] GC(337) Eden regions: 395->0(395)
[179.060s][info][gc,heap     ] GC(337) Survivor regions: 1->2(50)
[179.060s][info][gc,heap     ] GC(337) Old regions: 54->52
[179.060s][info][gc,heap     ] GC(337) Humongous regions: 207->207
[179.060s][info][gc,metaspace] GC(337) Metaspace: 56662K(57024K)->56662K(57024K) NonClass: 48376K(48640K)->48376K(48640K) Class: 8285K(8384K)->8285K(8384K)
[179.060s][info][gc          ] GC(337) Pause Young (Mixed) (G1 Evacuation Pause) 656M->260M(694M) 5.179ms
[179.060s][info][gc,cpu      ] GC(337) User=0.01s Sys=0.00s Real=0.01s
[180.051s][info][gc,start    ] GC(338) Pause Young (Concurrent Start) (G1 Evacuation Pause)
[180.051s][info][gc,task     ] GC(338) Using 2 workers of 2 for evacuation
[180.056s][info][gc,phases   ] GC(338)   Pre Evacuate Collection Set: 0.30ms
[180.056s][info][gc,phases   ] GC(338)   Merge Heap Roots: 0.12ms
[180.056s][info][gc,phases   ] GC(338)   Evacuate Collection Set: 3.76ms
[180.056s][info][gc,phases   ] GC(338)   Post Evacuate Collection Set: 0.70ms
[180.056s][info][gc,phases   ] GC(338)   Other: 0.12ms
[180.056s][info][gc,heap     ] GC(338) Eden regions: 395->0(395)
[180.056s][info][gc,heap     ] GC(338) Survivor regions: 2->2(50)
[180.056s][info][gc,heap     ] GC(338) Old regions: 52->52
[180.056s][info][gc,heap     ] GC(338) Humongous regions: 207->207
[180.056s][info][gc,metaspace] GC(338) Metaspace: 56662K(57024K)->56662K(57024K) NonClass: 48376K(48640K)->48376K(48640K) Class: 8285K(8384K)->8285K(8384K)
[180.056s][info][gc          ] GC(338) Pause Young (Concurrent Start) (G1 Evacuation Pause) 655M->259M(694M) 5.223ms
[180.056s][info][gc,cpu      ] GC(338) User=0.01s Sys=0.00s Real=0.00s
[180.056s][info][gc          ] GC(339) Concurrent Mark Cycle
[180.056s][info][gc,marking  ] GC(339) Concurrent Scan Root Regions
[180.063s][info][gc,marking  ] GC(339) Concurrent Scan Root Regions 6.960ms
[180.063s][info][gc,marking  ] GC(339) Concurrent Mark
[180.063s][info][gc,marking  ] GC(339) Concurrent Mark From Roots
[180.063s][info][gc,task     ] GC(339) Using 1 workers of 1 for marking
[180.111s][info][gc,marking  ] GC(339) Concurrent Mark From Roots 47.628ms
[180.111s][info][gc,marking  ] GC(339) Concurrent Preclean
[180.111s][info][gc,marking  ] GC(339) Concurrent Preclean 0.079ms
[180.111s][info][gc,start    ] GC(339) Pause Remark
[180.121s][info][gc          ] GC(339) Pause Remark 272M->272M(694M) 9.378ms
[180.121s][info][gc,cpu      ] GC(339) User=0.02s Sys=0.00s Real=0.01s
[180.121s][info][gc,marking  ] GC(339) Concurrent Mark 57.341ms
[180.121s][info][gc,marking  ] GC(339) Concurrent Rebuild Remembered Sets and Scrub Regions
[180.154s][info][gc,marking  ] GC(339) Concurrent Rebuild Remembered Sets and Scrub Regions 33.195ms
[180.154s][info][gc,start    ] GC(339) Pause Cleanup
[180.154s][info][gc          ] GC(339) Pause Cleanup 295M->295M(694M) 0.081ms
[180.154s][info][gc,cpu      ] GC(339) User=0.00s Sys=0.00s Real=0.00s
[180.156s][info][gc,marking  ] GC(339) Concurrent Clear Claimed Marks
[180.156s][info][gc,marking  ] GC(339) Concurrent Clear Claimed Marks 0.114ms
[180.156s][info][gc,marking  ] GC(339) Concurrent Cleanup for Next Mark
[180.160s][info][gc,marking  ] GC(339) Concurrent Cleanup for Next Mark 4.109ms
[180.160s][info][gc          ] GC(339) Concurrent Mark Cycle 103.645ms
[181.042s][info][gc,start    ] GC(340) Pause Young (Prepare Mixed) (G1 Evacuation Pause)
[181.042s][info][gc,task     ] GC(340) Using 2 workers of 2 for evacuation
[181.047s][info][gc,phases   ] GC(340)   Pre Evacuate Collection Set: 0.27ms
[181.047s][info][gc,phases   ] GC(340)   Merge Heap Roots: 0.13ms
[181.047s][info][gc,phases   ] GC(340)   Evacuate Collection Set: 3.87ms
[181.047s][info][gc,phases   ] GC(340)   Post Evacuate Collection Set: 0.73ms
[181.047s][info][gc,phases   ] GC(340)   Other: 0.10ms
[181.047s][info][gc,heap     ] GC(340) Eden regions: 395->0(393)
[181.047s][info][gc,heap     ] GC(340) Survivor regions: 2->3(50)
[181.047s][info][gc,heap     ] GC(340) Old regions: 52->52
[181.047s][info][gc,heap     ] GC(340) Humongous regions: 207->207
[181.047s][info][gc,metaspace] GC(340) Metaspace: 56662K(57024K)->56662K(57024K) NonClass: 48376K(48640K)->48376K(48640K) Class: 8285K(8384K)->8285K(8384K)
[181.047s][info][gc          ] GC(340) Pause Young (Prepare Mixed) (G1 Evacuation Pause) 654M->261M(694M) 5.293ms
[181.047s][info][gc,cpu      ] GC(340) User=0.01s Sys=0.00s Real=0.01s
[182.041s][info][gc,start    ] GC(341) Pause Young (Mixed) (G1 Evacuation Pause)
[182.041s][info][gc,task     ] GC(341) Using 2 workers of 2 for evacuation
[182.046s][info][gc,phases   ] GC(341)   Pre Evacuate Collection Set: 0.32ms
[182.046s][info][gc,phases   ] GC(341)   Merge Heap Roots: 0.12ms
[182.046s][info][gc,phases   ] GC(341)   Evacuate Collection Set: 3.44ms
[182.046s][info][gc,phases   ] GC(341)   Post Evacuate Collection Set: 0.70ms
[182.046s][info][gc,phases   ] GC(341)   Other: 0.09ms
[182.046s][info][gc,heap     ] GC(341) Eden regions: 393->0(397)
[182.046s][info][gc,heap     ] GC(341) Survivor regions: 3->2(50)
[182.046s][info][gc,heap     ] GC(341) Old regions: 52->50
[182.046s][info][gc,heap     ] GC(341) Humongous regions: 207->207
[182.046s][info][gc,metaspace] GC(341) Metaspace: 56662K(57024K)->56662K(57024K) NonClass: 48376K(48640K)->48376K(48640K) Class: 8285K(8384K)->8285K(8384K)
[182.046s][info][gc          ] GC(341) Pause Young (Mixed) (G1 Evacuation Pause) 654M->257M(694M) 4.861ms
[182.046s][info][gc,cpu      ] GC(341) User=0.01s Sys=0.00s Real=0.00s
[183.036s][info][gc,start    ] GC(342) Pause Young (Concurrent Start) (G1 Evacuation Pause)
[183.036s][info][gc,task     ] GC(342) Using 2 workers of 2 for evacuation
[183.041s][info][gc,phases   ] GC(342)   Pre Evacuate Collection Set: 0.30ms
[183.041s][info][gc,phases   ] GC(342)   Merge Heap Roots: 0.13ms
[183.041s][info][gc,phases   ] GC(342)   Evacuate Collection Set: 3.51ms
[183.041s][info][gc,phases   ] GC(342)   Post Evacuate Collection Set: 0.71ms
[183.041s][info][gc,phases   ] GC(342)   Other: 0.11ms
[183.041s][info][gc,heap     ] GC(342) Eden regions: 397->0(397)
[183.041s][info][gc,heap     ] GC(342) Survivor regions: 2->2(50)
[183.041s][info][gc,heap     ] GC(342) Old regions: 50->50
[183.041s][info][gc,heap     ] GC(342) Humongous regions: 207->207
[183.041s][info][gc,metaspace] GC(342) Metaspace: 56664K(57024K)->56664K(57024K) NonClass: 48378K(48640K)->48378K(48640K) Class: 8285K(8384K)->8285K(8384K)
[183.041s][info][gc          ] GC(342) Pause Young (Concurrent Start) (G1 Evacuation Pause) 654M->257M(694M) 4.968ms
[183.041s][info][gc          ] GC(343) Concurrent Mark Cycle
[183.041s][info][gc,marking  ] GC(343) Concurrent Scan Root Regions
[183.043s][info][gc,cpu      ] GC(342) User=0.01s Sys=0.00s Real=0.01s
[183.046s][info][gc,marking  ] GC(343) Concurrent Scan Root Regions 4.262ms
[183.046s][info][gc,marking  ] GC(343) Concurrent Mark
[183.046s][info][gc,marking  ] GC(343) Concurrent Mark From Roots
[183.046s][info][gc,task     ] GC(343) Using 1 workers of 1 for marking
[183.107s][info][gc,marking  ] GC(343) Concurrent Mark From Roots 61.788ms
[183.108s][info][gc,marking  ] GC(343) Concurrent Preclean
[183.108s][info][gc,marking  ] GC(343) Concurrent Preclean 0.073ms
[183.108s][info][gc,start    ] GC(343) Pause Remark
[183.117s][info][gc          ] GC(343) Pause Remark 281M->281M(694M) 9.753ms
[183.117s][info][gc,cpu      ] GC(343) User=0.02s Sys=0.00s Real=0.01s
[183.121s][info][gc,marking  ] GC(343) Concurrent Mark 75.163ms
[183.121s][info][gc,marking  ] GC(343) Concurrent Rebuild Remembered Sets and Scrub Regions
[183.154s][info][gc,marking  ] GC(343) Concurrent Rebuild Remembered Sets and Scrub Regions 32.749ms
[183.154s][info][gc,start    ] GC(343) Pause Cleanup
[183.154s][info][gc          ] GC(343) Pause Cleanup 304M->304M(694M) 0.080ms
[183.154s][info][gc,cpu      ] GC(343) User=0.00s Sys=0.00s Real=0.00s
[183.155s][info][gc,marking  ] GC(343) Concurrent Clear Claimed Marks
[183.155s][info][gc,marking  ] GC(343) Concurrent Clear Claimed Marks 0.111ms
[183.155s][info][gc,marking  ] GC(343) Concurrent Cleanup for Next Mark
[183.159s][info][gc,marking  ] GC(343) Concurrent Cleanup for Next Mark 3.937ms
[183.159s][info][gc          ] GC(343) Concurrent Mark Cycle 117.619ms
[184.159s][info][gc,start    ] GC(344) Pause Young (Prepare Mixed) (G1 Evacuation Pause)
[184.160s][info][gc,task     ] GC(344) Using 2 workers of 2 for evacuation
[184.165s][info][gc,phases   ] GC(344)   Pre Evacuate Collection Set: 0.30ms
[184.165s][info][gc,phases   ] GC(344)   Merge Heap Roots: 0.17ms
[184.165s][info][gc,phases   ] GC(344)   Evacuate Collection Set: 3.92ms
[184.165s][info][gc,phases   ] GC(344)   Post Evacuate Collection Set: 0.73ms
[184.165s][info][gc,phases   ] GC(344)   Other: 0.10ms
[184.165s][info][gc,heap     ] GC(344) Eden regions: 397->0(397)
[184.165s][info][gc,heap     ] GC(344) Survivor regions: 2->2(50)
[184.165s][info][gc,heap     ] GC(344) Old regions: 50->50
[184.165s][info][gc,heap     ] GC(344) Humongous regions: 207->207
[184.165s][info][gc,metaspace] GC(344) Metaspace: 56664K(57024K)->56664K(57024K) NonClass: 48378K(48640K)->48378K(48640K) Class: 8285K(8384K)->8285K(8384K)
[184.165s][info][gc          ] GC(344) Pause Young (Prepare Mixed) (G1 Evacuation Pause) 654M->258M(694M) 5.393ms
[184.165s][info][gc,cpu      ] GC(344) User=0.01s Sys=0.00s Real=0.00s
[185.139s][info][gc,start    ] GC(345) Pause Young (Mixed) (G1 Evacuation Pause)
[185.139s][info][gc,task     ] GC(345) Using 2 workers of 2 for evacuation
[185.144s][info][gc,phases   ] GC(345)   Pre Evacuate Collection Set: 0.30ms
[185.144s][info][gc,phases   ] GC(345)   Merge Heap Roots: 0.14ms
[185.144s][info][gc,phases   ] GC(345)   Evacuate Collection Set: 4.18ms
[185.144s][info][gc,phases   ] GC(345)   Post Evacuate Collection Set: 0.71ms
[185.144s][info][gc,phases   ] GC(345)   Other: 0.08ms
[185.144s][info][gc,heap     ] GC(345) Eden regions: 397->0(399)
[185.144s][info][gc,heap     ] GC(345) Survivor regions: 2->2(50)
[185.144s][info][gc,heap     ] GC(345) Old regions: 50->48
[185.144s][info][gc,heap     ] GC(345) Humongous regions: 207->207
[185.144s][info][gc,metaspace] GC(345) Metaspace: 56664K(57024K)->56664K(57024K) NonClass: 48378K(48640K)->48378K(48640K) Class: 8285K(8384K)->8285K(8384K)
[185.144s][info][gc          ] GC(345) Pause Young (Mixed) (G1 Evacuation Pause) 655M->256M(694M) 5.608ms
[185.144s][info][gc,cpu      ] GC(345) User=0.01s Sys=0.00s Real=0.00s
[186.140s][info][gc,start    ] GC(346) Pause Young (Concurrent Start) (G1 Evacuation Pause)
[186.140s][info][gc,task     ] GC(346) Using 2 workers of 2 for evacuation
[186.146s][info][gc,phases   ] GC(346)   Pre Evacuate Collection Set: 0.30ms
[186.146s][info][gc,phases   ] GC(346)   Merge Heap Roots: 0.12ms
[186.146s][info][gc,phases   ] GC(346)   Evacuate Collection Set: 4.60ms
[186.146s][info][gc,phases   ] GC(346)   Post Evacuate Collection Set: 0.72ms
[186.146s][info][gc,phases   ] GC(346)   Other: 0.11ms
[186.146s][info][gc,heap     ] GC(346) Eden regions: 399->0(399)
[186.146s][info][gc,heap     ] GC(346) Survivor regions: 2->2(51)
[186.146s][info][gc,heap     ] GC(346) Old regions: 48->48
[186.146s][info][gc,heap     ] GC(346) Humongous regions: 207->207
[186.146s][info][gc,metaspace] GC(346) Metaspace: 56664K(57024K)->56664K(57024K) NonClass: 48378K(48640K)->48378K(48640K) Class: 8285K(8384K)->8285K(8384K)
[186.146s][info][gc          ] GC(346) Pause Young (Concurrent Start) (G1 Evacuation Pause) 655M->256M(694M) 6.046ms
[186.146s][info][gc,cpu      ] GC(346) User=0.01s Sys=0.00s Real=0.00s
[186.146s][info][gc          ] GC(347) Concurrent Mark Cycle
[186.149s][info][gc,marking  ] GC(347) Concurrent Scan Root Regions
[186.154s][info][gc,marking  ] GC(347) Concurrent Scan Root Regions 5.448ms
[186.154s][info][gc,marking  ] GC(347) Concurrent Mark
[186.154s][info][gc,marking  ] GC(347) Concurrent Mark From Roots
[186.154s][info][gc,task     ] GC(347) Using 1 workers of 1 for marking
[186.208s][info][gc,marking  ] GC(347) Concurrent Mark From Roots 53.685ms
[186.208s][info][gc,marking  ] GC(347) Concurrent Preclean
[186.208s][info][gc,marking  ] GC(347) Concurrent Preclean 0.073ms
[186.208s][info][gc,start    ] GC(347) Pause Remark
[186.217s][info][gc          ] GC(347) Pause Remark 277M->277M(694M) 9.262ms
[186.217s][info][gc,cpu      ] GC(347) User=0.01s Sys=0.00s Real=0.01s
[186.219s][info][gc,marking  ] GC(347) Concurrent Mark 65.047ms
[186.219s][info][gc,marking  ] GC(347) Concurrent Rebuild Remembered Sets and Scrub Regions
[186.265s][info][gc,marking  ] GC(347) Concurrent Rebuild Remembered Sets and Scrub Regions 45.703ms
[186.274s][info][gc,start    ] GC(347) Pause Cleanup
[186.274s][info][gc          ] GC(347) Pause Cleanup 300M->300M(694M) 0.111ms
[186.274s][info][gc,cpu      ] GC(347) User=0.00s Sys=0.00s Real=0.00s
[186.275s][info][gc,marking  ] GC(347) Concurrent Clear Claimed Marks
[186.275s][info][gc,marking  ] GC(347) Concurrent Clear Claimed Marks 0.113ms
[186.275s][info][gc,marking  ] GC(347) Concurrent Cleanup for Next Mark
[186.290s][info][gc,marking  ] GC(347) Concurrent Cleanup for Next Mark 15.531ms
[186.290s][info][gc          ] GC(347) Concurrent Mark Cycle 144.319ms
[187.196s][info][gc,start    ] GC(348) Pause Young (Prepare Mixed) (G1 Evacuation Pause)
[187.196s][info][gc,task     ] GC(348) Using 2 workers of 2 for evacuation
[187.201s][info][gc,phases   ] GC(348)   Pre Evacuate Collection Set: 0.28ms
[187.201s][info][gc,phases   ] GC(348)   Merge Heap Roots: 0.14ms
[187.201s][info][gc,phases   ] GC(348)   Evacuate Collection Set: 3.78ms
[187.201s][info][gc,phases   ] GC(348)   Post Evacuate Collection Set: 0.70ms
[187.201s][info][gc,phases   ] GC(348)   Other: 0.11ms
[187.201s][info][gc,heap     ] GC(348) Eden regions: 399->0(399)
[187.201s][info][gc,heap     ] GC(348) Survivor regions: 2->2(51)
[187.201s][info][gc,heap     ] GC(348) Old regions: 48->48
[187.201s][info][gc,heap     ] GC(348) Humongous regions: 207->207
[187.201s][info][gc,metaspace] GC(348) Metaspace: 56664K(57024K)->56664K(57024K) NonClass: 48378K(48640K)->48378K(48640K) Class: 8285K(8384K)->8285K(8384K)
[187.201s][info][gc          ] GC(348) Pause Young (Prepare Mixed) (G1 Evacuation Pause) 655M->256M(694M) 5.216ms
[187.201s][info][gc,cpu      ] GC(348) User=0.01s Sys=0.00s Real=0.01s
[188.149s][info][gc,start    ] GC(349) Pause Young (Mixed) (G1 Evacuation Pause)
[188.149s][info][gc,task     ] GC(349) Using 2 workers of 2 for evacuation
[188.155s][info][gc,phases   ] GC(349)   Pre Evacuate Collection Set: 0.30ms
[188.155s][info][gc,phases   ] GC(349)   Merge Heap Roots: 0.15ms
[188.155s][info][gc,phases   ] GC(349)   Evacuate Collection Set: 4.61ms
[188.155s][info][gc,phases   ] GC(349)   Post Evacuate Collection Set: 0.73ms
[188.155s][info][gc,phases   ] GC(349)   Other: 0.11ms
[188.155s][info][gc,heap     ] GC(349) Eden regions: 399->0(399)
[188.155s][info][gc,heap     ] GC(349) Survivor regions: 2->3(51)
[188.155s][info][gc,heap     ] GC(349) Old regions: 48->46
[188.155s][info][gc,heap     ] GC(349) Humongous regions: 207->207
[188.155s][info][gc,metaspace] GC(349) Metaspace: 56664K(57024K)->56664K(57024K) NonClass: 48378K(48640K)->48378K(48640K) Class: 8285K(8384K)->8285K(8384K)
[188.155s][info][gc          ] GC(349) Pause Young (Mixed) (G1 Evacuation Pause) 655M->255M(694M) 6.079ms
[188.155s][info][gc,cpu      ] GC(349) User=0.01s Sys=0.00s Real=0.00s
[189.152s][info][gc,start    ] GC(350) Pause Young (Concurrent Start) (G1 Evacuation Pause)
[189.152s][info][gc,task     ] GC(350) Using 2 workers of 2 for evacuation
[189.159s][info][gc,phases   ] GC(350)   Pre Evacuate Collection Set: 0.30ms
[189.159s][info][gc,phases   ] GC(350)   Merge Heap Roots: 0.16ms
[189.159s][info][gc,phases   ] GC(350)   Evacuate Collection Set: 5.01ms
[189.159s][info][gc,phases   ] GC(350)   Post Evacuate Collection Set: 0.72ms
[189.159s][info][gc,phases   ] GC(350)   Other: 0.12ms
[189.159s][info][gc,heap     ] GC(350) Eden regions: 399->0(399)
[189.159s][info][gc,heap     ] GC(350) Survivor regions: 3->3(51)
[189.159s][info][gc,heap     ] GC(350) Old regions: 46->46
[189.159s][info][gc,heap     ] GC(350) Humongous regions: 207->207
[189.159s][info][gc,metaspace] GC(350) Metaspace: 56664K(57024K)->56664K(57024K) NonClass: 48378K(48640K)->48378K(48640K) Class: 8285K(8384K)->8285K(8384K)
[189.159s][info][gc          ] GC(350) Pause Young (Concurrent Start) (G1 Evacuation Pause) 654M->255M(694M) 6.479ms
[189.159s][info][gc,cpu      ] GC(350) User=0.01s Sys=0.00s Real=0.01s
[189.159s][info][gc          ] GC(351) Concurrent Mark Cycle
[189.159s][info][gc,marking  ] GC(351) Concurrent Scan Root Regions
[189.167s][info][gc,marking  ] GC(351) Concurrent Scan Root Regions 7.823ms
[189.167s][info][gc,marking  ] GC(351) Concurrent Mark
[189.167s][info][gc,marking  ] GC(351) Concurrent Mark From Roots
[189.167s][info][gc,task     ] GC(351) Using 1 workers of 1 for marking
[189.210s][info][gc,marking  ] GC(351) Concurrent Mark From Roots 43.515ms
[189.210s][info][gc,marking  ] GC(351) Concurrent Preclean
[189.210s][info][gc,marking  ] GC(351) Concurrent Preclean 0.116ms
[189.211s][info][gc,start    ] GC(351) Pause Remark
[189.220s][info][gc          ] GC(351) Pause Remark 271M->271M(694M) 9.387ms
[189.220s][info][gc,cpu      ] GC(351) User=0.02s Sys=0.00s Real=0.01s
[189.222s][info][gc,marking  ] GC(351) Concurrent Mark 54.754ms
[189.222s][info][gc,marking  ] GC(351) Concurrent Rebuild Remembered Sets and Scrub Regions
[189.255s][info][gc,marking  ] GC(351) Concurrent Rebuild Remembered Sets and Scrub Regions 33.454ms
[189.255s][info][gc,start    ] GC(351) Pause Cleanup
[189.255s][info][gc          ] GC(351) Pause Cleanup 293M->293M(694M) 0.093ms
[189.255s][info][gc,cpu      ] GC(351) User=0.00s Sys=0.00s Real=0.00s
[189.257s][info][gc,marking  ] GC(351) Concurrent Clear Claimed Marks
[189.257s][info][gc,marking  ] GC(351) Concurrent Clear Claimed Marks 0.150ms
[189.257s][info][gc,marking  ] GC(351) Concurrent Cleanup for Next Mark
[189.262s][info][gc,marking  ] GC(351) Concurrent Cleanup for Next Mark 5.046ms
[189.262s][info][gc          ] GC(351) Concurrent Mark Cycle 103.045ms
[190.159s][info][gc,start    ] GC(352) Pause Young (Prepare Mixed) (G1 Evacuation Pause)
[190.160s][info][gc,task     ] GC(352) Using 2 workers of 2 for evacuation
[190.191s][info][gc,phases   ] GC(352)   Pre Evacuate Collection Set: 0.93ms
[190.191s][info][gc,phases   ] GC(352)   Merge Heap Roots: 0.44ms
[190.191s][info][gc,phases   ] GC(352)   Evacuate Collection Set: 21.97ms
[190.191s][info][gc,phases   ] GC(352)   Post Evacuate Collection Set: 7.80ms
[190.191s][info][gc,phases   ] GC(352)   Other: 0.16ms
[190.191s][info][gc,heap     ] GC(352) Eden regions: 399->0(397)
[190.191s][info][gc,heap     ] GC(352) Survivor regions: 3->4(51)
[190.191s][info][gc,heap     ] GC(352) Old regions: 46->46
[190.191s][info][gc,heap     ] GC(352) Humongous regions: 207->207
[190.191s][info][gc,metaspace] GC(352) Metaspace: 56669K(57024K)->56669K(57024K) NonClass: 48383K(48640K)->48383K(48640K) Class: 8285K(8384K)->8285K(8384K)
[190.191s][info][gc          ] GC(352) Pause Young (Prepare Mixed) (G1 Evacuation Pause) 654M->255M(694M) 31.500ms
[190.191s][info][gc,cpu      ] GC(352) User=0.01s Sys=0.00s Real=0.03s
[191.151s][info][gc,start    ] GC(353) Pause Young (Mixed) (G1 Evacuation Pause)
[191.151s][info][gc,task     ] GC(353) Using 2 workers of 2 for evacuation
[191.157s][info][gc,phases   ] GC(353)   Pre Evacuate Collection Set: 0.34ms
[191.157s][info][gc,phases   ] GC(353)   Merge Heap Roots: 0.13ms
[191.157s][info][gc,phases   ] GC(353)   Evacuate Collection Set: 4.62ms
[191.157s][info][gc,phases   ] GC(353)   Post Evacuate Collection Set: 0.73ms
[191.157s][info][gc,phases   ] GC(353)   Other: 0.08ms
[191.157s][info][gc,heap     ] GC(353) Eden regions: 397->0(400)
[191.157s][info][gc,heap     ] GC(353) Survivor regions: 4->3(51)
[191.157s][info][gc,heap     ] GC(353) Old regions: 46->45
[191.157s][info][gc,heap     ] GC(353) Humongous regions: 207->207
[191.157s][info][gc,metaspace] GC(353) Metaspace: 56669K(57024K)->56669K(57024K) NonClass: 48383K(48640K)->48383K(48640K) Class: 8285K(8384K)->8285K(8384K)
[191.157s][info][gc          ] GC(353) Pause Young (Mixed) (G1 Evacuation Pause) 652M->254M(694M) 6.099ms
[191.157s][info][gc,cpu      ] GC(353) User=0.02s Sys=0.00s Real=0.01s
[192.149s][info][gc,start    ] GC(354) Pause Young (Concurrent Start) (G1 Evacuation Pause)
[192.149s][info][gc,task     ] GC(354) Using 2 workers of 2 for evacuation
[192.155s][info][gc,phases   ] GC(354)   Pre Evacuate Collection Set: 0.29ms
[192.155s][info][gc,phases   ] GC(354)   Merge Heap Roots: 0.14ms
[192.155s][info][gc,phases   ] GC(354)   Evacuate Collection Set: 4.76ms
[192.155s][info][gc,phases   ] GC(354)   Post Evacuate Collection Set: 0.70ms
[192.155s][info][gc,phases   ] GC(354)   Other: 0.12ms
[192.155s][info][gc,heap     ] GC(354) Eden regions: 400->0(400)
[192.155s][info][gc,heap     ] GC(354) Survivor regions: 3->3(51)
[192.155s][info][gc,heap     ] GC(354) Old regions: 45->45
[192.155s][info][gc,heap     ] GC(354) Humongous regions: 207->207
[192.155s][info][gc,metaspace] GC(354) Metaspace: 56669K(57024K)->56669K(57024K) NonClass: 48383K(48640K)->48383K(48640K) Class: 8285K(8384K)->8285K(8384K)
[192.155s][info][gc          ] GC(354) Pause Young (Concurrent Start) (G1 Evacuation Pause) 654M->254M(694M) 6.204ms
[192.155s][info][gc,cpu      ] GC(354) User=0.01s Sys=0.00s Real=0.00s
[192.155s][info][gc          ] GC(355) Concurrent Mark Cycle
[192.158s][info][gc,marking  ] GC(355) Concurrent Scan Root Regions
[192.163s][info][gc,marking  ] GC(355) Concurrent Scan Root Regions 5.316ms
[192.163s][info][gc,marking  ] GC(355) Concurrent Mark
[192.163s][info][gc,marking  ] GC(355) Concurrent Mark From Roots
[192.163s][info][gc,task     ] GC(355) Using 1 workers of 1 for marking
[192.221s][info][gc,marking  ] GC(355) Concurrent Mark From Roots 57.839ms
[192.221s][info][gc,marking  ] GC(355) Concurrent Preclean
[192.221s][info][gc,marking  ] GC(355) Concurrent Preclean 0.104ms
[192.222s][info][gc,start    ] GC(355) Pause Remark
[192.232s][info][gc          ] GC(355) Pause Remark 275M->275M(694M) 9.356ms
[192.232s][info][gc,cpu      ] GC(355) User=0.02s Sys=0.00s Real=0.01s
[192.232s][info][gc,marking  ] GC(355) Concurrent Mark 68.544ms
[192.232s][info][gc,marking  ] GC(355) Concurrent Rebuild Remembered Sets and Scrub Regions
[192.254s][info][gc,marking  ] GC(355) Concurrent Rebuild Remembered Sets and Scrub Regions 22.520ms
[192.255s][info][gc,start    ] GC(355) Pause Cleanup
[192.255s][info][gc          ] GC(355) Pause Cleanup 286M->286M(694M) 0.095ms
[192.255s][info][gc,cpu      ] GC(355) User=0.00s Sys=0.00s Real=0.00s
[192.255s][info][gc,marking  ] GC(355) Concurrent Clear Claimed Marks
[192.255s][info][gc,marking  ] GC(355) Concurrent Clear Claimed Marks 0.093ms
[192.255s][info][gc,marking  ] GC(355) Concurrent Cleanup for Next Mark
[192.257s][info][gc,marking  ] GC(355) Concurrent Cleanup for Next Mark 2.041ms
[192.257s][info][gc          ] GC(355) Concurrent Mark Cycle 101.486ms
[193.157s][info][gc,start    ] GC(356) Pause Young (Prepare Mixed) (G1 Evacuation Pause)
[193.157s][info][gc,task     ] GC(356) Using 2 workers of 2 for evacuation
[193.163s][info][gc,phases   ] GC(356)   Pre Evacuate Collection Set: 0.28ms
[193.163s][info][gc,phases   ] GC(356)   Merge Heap Roots: 0.13ms
[193.163s][info][gc,phases   ] GC(356)   Evacuate Collection Set: 4.58ms
[193.163s][info][gc,phases   ] GC(356)   Post Evacuate Collection Set: 0.71ms
[193.163s][info][gc,phases   ] GC(356)   Other: 0.10ms
[193.163s][info][gc,heap     ] GC(356) Eden regions: 400->0(402)
[193.163s][info][gc,heap     ] GC(356) Survivor regions: 3->2(51)
[193.163s][info][gc,heap     ] GC(356) Old regions: 45->45
[193.163s][info][gc,heap     ] GC(356) Humongous regions: 207->207
[193.163s][info][gc,metaspace] GC(356) Metaspace: 56669K(57024K)->56669K(57024K) NonClass: 48383K(48640K)->48383K(48640K) Class: 8285K(8384K)->8285K(8384K)
[193.163s][info][gc          ] GC(356) Pause Young (Prepare Mixed) (G1 Evacuation Pause) 654M->253M(694M) 6.004ms
[193.163s][info][gc,cpu      ] GC(356) User=0.01s Sys=0.00s Real=0.01s
[194.159s][info][gc,start    ] GC(357) Pause Young (Mixed) (G1 Evacuation Pause)
[194.159s][info][gc,task     ] GC(357) Using 2 workers of 2 for evacuation
[194.167s][info][gc,phases   ] GC(357)   Pre Evacuate Collection Set: 0.28ms
[194.167s][info][gc,phases   ] GC(357)   Merge Heap Roots: 0.13ms
[194.167s][info][gc,phases   ] GC(357)   Evacuate Collection Set: 6.35ms
[194.167s][info][gc,phases   ] GC(357)   Post Evacuate Collection Set: 0.76ms
[194.167s][info][gc,phases   ] GC(357)   Other: 0.11ms
[194.167s][info][gc,heap     ] GC(357) Eden regions: 402->0(400)
[194.167s][info][gc,heap     ] GC(357) Survivor regions: 2->3(51)
[194.167s][info][gc,heap     ] GC(357) Old regions: 45->45
[194.167s][info][gc,heap     ] GC(357) Humongous regions: 207->207
[194.167s][info][gc,metaspace] GC(357) Metaspace: 56669K(57024K)->56669K(57024K) NonClass: 48383K(48640K)->48383K(48640K) Class: 8285K(8384K)->8285K(8384K)
[194.167s][info][gc          ] GC(357) Pause Young (Mixed) (G1 Evacuation Pause) 655M->253M(694M) 7.814ms
[194.167s][info][gc,cpu      ] GC(357) User=0.02s Sys=0.00s Real=0.01s
[195.166s][info][gc,start    ] GC(358) Pause Young (Concurrent Start) (G1 Evacuation Pause)
[195.166s][info][gc,task     ] GC(358) Using 2 workers of 2 for evacuation
[195.171s][info][gc,phases   ] GC(358)   Pre Evacuate Collection Set: 0.34ms
[195.171s][info][gc,phases   ] GC(358)   Merge Heap Roots: 0.12ms
[195.171s][info][gc,phases   ] GC(358)   Evacuate Collection Set: 3.90ms
[195.171s][info][gc,phases   ] GC(358)   Post Evacuate Collection Set: 0.72ms
[195.171s][info][gc,phases   ] GC(358)   Other: 0.10ms
[195.171s][info][gc,heap     ] GC(358) Eden regions: 400->0(402)
[195.171s][info][gc,heap     ] GC(358) Survivor regions: 3->2(51)
[195.171s][info][gc,heap     ] GC(358) Old regions: 45->45
[195.171s][info][gc,heap     ] GC(358) Humongous regions: 207->207
[195.171s][info][gc,metaspace] GC(358) Metaspace: 56669K(57024K)->56669K(57024K) NonClass: 48383K(48640K)->48383K(48640K) Class: 8285K(8384K)->8285K(8384K)
[195.171s][info][gc          ] GC(358) Pause Young (Concurrent Start) (G1 Evacuation Pause) 653M->252M(694M) 5.381ms
[195.171s][info][gc          ] GC(359) Concurrent Mark Cycle
[195.171s][info][gc,marking  ] GC(359) Concurrent Scan Root Regions
[195.173s][info][gc,cpu      ] GC(358) User=0.02s Sys=0.00s Real=0.01s
[195.174s][info][gc,marking  ] GC(359) Concurrent Scan Root Regions 2.776ms
[195.174s][info][gc,marking  ] GC(359) Concurrent Mark
[195.174s][info][gc,marking  ] GC(359) Concurrent Mark From Roots
[195.174s][info][gc,task     ] GC(359) Using 1 workers of 1 for marking
[195.227s][info][gc,marking  ] GC(359) Concurrent Mark From Roots 52.346ms
[195.227s][info][gc,marking  ] GC(359) Concurrent Preclean
[195.227s][info][gc,marking  ] GC(359) Concurrent Preclean 0.085ms
[195.227s][info][gc,start    ] GC(359) Pause Remark
[195.237s][info][gc          ] GC(359) Pause Remark 265M->265M(694M) 9.381ms
[195.237s][info][gc,cpu      ] GC(359) User=0.02s Sys=0.00s Real=0.01s
[195.237s][info][gc,marking  ] GC(359) Concurrent Mark 62.762ms
[195.237s][info][gc,marking  ] GC(359) Concurrent Rebuild Remembered Sets and Scrub Regions
[195.264s][info][gc,marking  ] GC(359) Concurrent Rebuild Remembered Sets and Scrub Regions 26.900ms
[195.264s][info][gc,start    ] GC(359) Pause Cleanup
[195.264s][info][gc          ] GC(359) Pause Cleanup 274M->274M(694M) 0.097ms
[195.264s][info][gc,cpu      ] GC(359) User=0.00s Sys=0.00s Real=0.00s
[195.265s][info][gc,marking  ] GC(359) Concurrent Clear Claimed Marks
[195.265s][info][gc,marking  ] GC(359) Concurrent Clear Claimed Marks 0.115ms
[195.265s][info][gc,marking  ] GC(359) Concurrent Cleanup for Next Mark
[195.271s][info][gc,marking  ] GC(359) Concurrent Cleanup for Next Mark 5.409ms
[195.271s][info][gc          ] GC(359) Concurrent Mark Cycle 99.456ms
[196.272s][info][gc,start    ] GC(360) Pause Young (Prepare Mixed) (G1 Evacuation Pause)
[196.272s][info][gc,task     ] GC(360) Using 2 workers of 2 for evacuation
[196.277s][info][gc,phases   ] GC(360)   Pre Evacuate Collection Set: 0.41ms
[196.277s][info][gc,phases   ] GC(360)   Merge Heap Roots: 0.14ms
[196.277s][info][gc,phases   ] GC(360)   Evacuate Collection Set: 3.26ms
[196.277s][info][gc,phases   ] GC(360)   Post Evacuate Collection Set: 0.72ms
[196.277s][info][gc,phases   ] GC(360)   Other: 0.12ms
[196.277s][info][gc,heap     ] GC(360) Eden regions: 402->0(404)
[196.277s][info][gc,heap     ] GC(360) Survivor regions: 2->1(51)
[196.277s][info][gc,heap     ] GC(360) Old regions: 45->45
[196.277s][info][gc,heap     ] GC(360) Humongous regions: 207->207
[196.277s][info][gc,metaspace] GC(360) Metaspace: 56669K(57024K)->56669K(57024K) NonClass: 48383K(48640K)->48383K(48640K) Class: 8285K(8384K)->8285K(8384K)
[196.277s][info][gc          ] GC(360) Pause Young (Prepare Mixed) (G1 Evacuation Pause) 654M->251M(694M) 4.845ms
[196.277s][info][gc,cpu      ] GC(360) User=0.00s Sys=0.01s Real=0.01s
[197.323s][info][gc,start    ] GC(361) Pause Young (Mixed) (G1 Evacuation Pause)
[197.323s][info][gc,task     ] GC(361) Using 2 workers of 2 for evacuation
[197.330s][info][gc,phases   ] GC(361)   Pre Evacuate Collection Set: 0.28ms
[197.330s][info][gc,phases   ] GC(361)   Merge Heap Roots: 0.18ms
[197.330s][info][gc,phases   ] GC(361)   Evacuate Collection Set: 6.18ms
[197.330s][info][gc,phases   ] GC(361)   Post Evacuate Collection Set: 0.82ms
[197.330s][info][gc,phases   ] GC(361)   Other: 0.09ms
[197.330s][info][gc,heap     ] GC(361) Eden regions: 404->0(403)
[197.330s][info][gc,heap     ] GC(361) Survivor regions: 1->2(51)
[197.330s][info][gc,heap     ] GC(361) Old regions: 45->44
[197.330s][info][gc,heap     ] GC(361) Humongous regions: 207->207
[197.330s][info][gc,metaspace] GC(361) Metaspace: 56669K(57024K)->56669K(57024K) NonClass: 48383K(48640K)->48383K(48640K) Class: 8285K(8384K)->8285K(8384K)
[197.330s][info][gc          ] GC(361) Pause Young (Mixed) (G1 Evacuation Pause) 655M->251M(694M) 7.733ms
[197.331s][info][gc,cpu      ] GC(361) User=0.02s Sys=0.00s Real=0.01s
[198.330s][info][gc,start    ] GC(362) Pause Young (Concurrent Start) (G1 Evacuation Pause)
[198.330s][info][gc,task     ] GC(362) Using 2 workers of 2 for evacuation
[198.335s][info][gc,phases   ] GC(362)   Pre Evacuate Collection Set: 0.34ms
[198.335s][info][gc,phases   ] GC(362)   Merge Heap Roots: 0.13ms
[198.335s][info][gc,phases   ] GC(362)   Evacuate Collection Set: 3.58ms
[198.335s][info][gc,phases   ] GC(362)   Post Evacuate Collection Set: 0.72ms
[198.335s][info][gc,phases   ] GC(362)   Other: 0.10ms
[198.335s][info][gc,heap     ] GC(362) Eden regions: 403->0(403)
[198.335s][info][gc,heap     ] GC(362) Survivor regions: 2->2(51)
[198.335s][info][gc,heap     ] GC(362) Old regions: 44->44
[198.335s][info][gc,heap     ] GC(362) Humongous regions: 207->207
[198.335s][info][gc,metaspace] GC(362) Metaspace: 56669K(57024K)->56669K(57024K) NonClass: 48383K(48640K)->48383K(48640K) Class: 8285K(8384K)->8285K(8384K)
[198.335s][info][gc          ] GC(362) Pause Young (Concurrent Start) (G1 Evacuation Pause) 654M->252M(694M) 5.039ms
[198.335s][info][gc          ] GC(363) Concurrent Mark Cycle
[198.335s][info][gc,marking  ] GC(363) Concurrent Scan Root Regions
[198.337s][info][gc,cpu      ] GC(362) User=0.01s Sys=0.00s Real=0.01s
[198.339s][info][gc,marking  ] GC(363) Concurrent Scan Root Regions 3.999ms
[198.339s][info][gc,marking  ] GC(363) Concurrent Mark
[198.339s][info][gc,marking  ] GC(363) Concurrent Mark From Roots
[198.339s][info][gc,task     ] GC(363) Using 1 workers of 1 for marking
[198.409s][info][gc,marking  ] GC(363) Concurrent Mark From Roots 69.691ms
[198.409s][info][gc,marking  ] GC(363) Concurrent Preclean
[198.409s][info][gc,marking  ] GC(363) Concurrent Preclean 0.093ms
[198.409s][info][gc,start    ] GC(363) Pause Remark
[198.423s][info][gc          ] GC(363) Pause Remark 283M->283M(694M) 13.526ms
[198.423s][info][gc,cpu      ] GC(363) User=0.02s Sys=0.00s Real=0.01s
[198.423s][info][gc,marking  ] GC(363) Concurrent Mark 84.002ms
[198.424s][info][gc,marking  ] GC(363) Concurrent Rebuild Remembered Sets and Scrub Regions
[198.469s][info][gc,marking  ] GC(363) Concurrent Rebuild Remembered Sets and Scrub Regions 45.903ms
[198.470s][info][gc,start    ] GC(363) Pause Cleanup
[198.470s][info][gc          ] GC(363) Pause Cleanup 307M->307M(694M) 0.117ms
[198.470s][info][gc,cpu      ] GC(363) User=0.00s Sys=0.00s Real=0.00s
[198.470s][info][gc,marking  ] GC(363) Concurrent Clear Claimed Marks
[198.470s][info][gc,marking  ] GC(363) Concurrent Clear Claimed Marks 0.114ms
[198.470s][info][gc,marking  ] GC(363) Concurrent Cleanup for Next Mark
[198.474s][info][gc,marking  ] GC(363) Concurrent Cleanup for Next Mark 4.287ms
[198.474s][info][gc          ] GC(363) Concurrent Mark Cycle 138.869ms
[199.337s][info][gc,start    ] GC(364) Pause Young (Prepare Mixed) (G1 Evacuation Pause)
[199.337s][info][gc,task     ] GC(364) Using 2 workers of 2 for evacuation
[199.341s][info][gc,phases   ] GC(364)   Pre Evacuate Collection Set: 0.30ms
[199.341s][info][gc,phases   ] GC(364)   Merge Heap Roots: 0.13ms
[199.341s][info][gc,phases   ] GC(364)   Evacuate Collection Set: 3.15ms
[199.341s][info][gc,phases   ] GC(364)   Post Evacuate Collection Set: 0.76ms
[199.341s][info][gc,phases   ] GC(364)   Other: 0.10ms
[199.341s][info][gc,heap     ] GC(364) Eden regions: 403->0(403)
[199.341s][info][gc,heap     ] GC(364) Survivor regions: 2->2(51)
[199.341s][info][gc,heap     ] GC(364) Old regions: 44->44
[199.341s][info][gc,heap     ] GC(364) Humongous regions: 207->207
[199.341s][info][gc,metaspace] GC(364) Metaspace: 56669K(57024K)->56669K(57024K) NonClass: 48383K(48640K)->48383K(48640K) Class: 8285K(8384K)->8285K(8384K)
[199.341s][info][gc          ] GC(364) Pause Young (Prepare Mixed) (G1 Evacuation Pause) 655M->251M(694M) 4.618ms
[199.341s][info][gc,cpu      ] GC(364) User=0.00s Sys=0.00s Real=0.01s
[200.340s][info][gc,start    ] GC(365) Pause Young (Mixed) (G1 Evacuation Pause)
[200.340s][info][gc,task     ] GC(365) Using 2 workers of 2 for evacuation
[200.347s][info][gc,phases   ] GC(365)   Pre Evacuate Collection Set: 0.27ms
[200.347s][info][gc,phases   ] GC(365)   Merge Heap Roots: 0.18ms
[200.347s][info][gc,phases   ] GC(365)   Evacuate Collection Set: 5.77ms
[200.347s][info][gc,phases   ] GC(365)   Post Evacuate Collection Set: 0.76ms
[200.347s][info][gc,phases   ] GC(365)   Other: 0.14ms
[200.347s][info][gc,heap     ] GC(365) Eden regions: 403->0(403)
[200.347s][info][gc,heap     ] GC(365) Survivor regions: 2->2(51)
[200.347s][info][gc,heap     ] GC(365) Old regions: 44->44
[200.347s][info][gc,heap     ] GC(365) Humongous regions: 207->207
[200.347s][info][gc,metaspace] GC(365) Metaspace: 56669K(57024K)->56669K(57024K) NonClass: 48383K(48640K)->48383K(48640K) Class: 8285K(8384K)->8285K(8384K)
[200.347s][info][gc          ] GC(365) Pause Young (Mixed) (G1 Evacuation Pause) 654M->251M(694M) 7.342ms
[200.347s][info][gc,cpu      ] GC(365) User=0.01s Sys=0.00s Real=0.01s
[201.348s][info][gc,start    ] GC(366) Pause Young (Concurrent Start) (G1 Evacuation Pause)
[201.348s][info][gc,task     ] GC(366) Using 2 workers of 2 for evacuation
[201.354s][info][gc,phases   ] GC(366)   Pre Evacuate Collection Set: 0.33ms
[201.354s][info][gc,phases   ] GC(366)   Merge Heap Roots: 0.13ms
[201.354s][info][gc,phases   ] GC(366)   Evacuate Collection Set: 4.71ms
[201.354s][info][gc,phases   ] GC(366)   Post Evacuate Collection Set: 0.69ms
[201.354s][info][gc,phases   ] GC(366)   Other: 0.17ms
[201.354s][info][gc,heap     ] GC(366) Eden regions: 403->0(401)
[201.354s][info][gc,heap     ] GC(366) Survivor regions: 2->3(51)
[201.354s][info][gc,heap     ] GC(366) Old regions: 44->44
[201.354s][info][gc,heap     ] GC(366) Humongous regions: 207->207
[201.354s][info][gc,metaspace] GC(366) Metaspace: 56669K(57024K)->56669K(57024K) NonClass: 48383K(48640K)->48383K(48640K) Class: 8285K(8384K)->8285K(8384K)
[201.354s][info][gc          ] GC(366) Pause Young (Concurrent Start) (G1 Evacuation Pause) 654M->252M(694M) 6.211ms
[201.354s][info][gc          ] GC(367) Concurrent Mark Cycle
[201.354s][info][gc,marking  ] GC(367) Concurrent Scan Root Regions
[201.355s][info][gc,cpu      ] GC(366) User=0.01s Sys=0.00s Real=0.00s
[201.358s][info][gc,marking  ] GC(367) Concurrent Scan Root Regions 4.484ms
[201.358s][info][gc,marking  ] GC(367) Concurrent Mark
[201.358s][info][gc,marking  ] GC(367) Concurrent Mark From Roots
[201.358s][info][gc,task     ] GC(367) Using 1 workers of 1 for marking
[201.417s][info][gc,marking  ] GC(367) Concurrent Mark From Roots 58.107ms
[201.417s][info][gc,marking  ] GC(367) Concurrent Preclean
[201.417s][info][gc,marking  ] GC(367) Concurrent Preclean 0.091ms
[201.417s][info][gc,start    ] GC(367) Pause Remark
[201.426s][info][gc          ] GC(367) Pause Remark 273M->273M(694M) 9.347ms
[201.426s][info][gc,cpu      ] GC(367) User=0.02s Sys=0.00s Real=0.00s
[201.427s][info][gc,marking  ] GC(367) Concurrent Mark 68.172ms
[201.427s][info][gc,marking  ] GC(367) Concurrent Rebuild Remembered Sets and Scrub Regions
[201.463s][info][gc,marking  ] GC(367) Concurrent Rebuild Remembered Sets and Scrub Regions 36.046ms
[201.463s][info][gc,start    ] GC(367) Pause Cleanup
[201.463s][info][gc          ] GC(367) Pause Cleanup 293M->293M(694M) 0.081ms
[201.463s][info][gc,cpu      ] GC(367) User=0.00s Sys=0.00s Real=0.00s
[201.463s][info][gc,marking  ] GC(367) Concurrent Clear Claimed Marks
[201.464s][info][gc,marking  ] GC(367) Concurrent Clear Claimed Marks 0.301ms
[201.464s][info][gc,marking  ] GC(367) Concurrent Cleanup for Next Mark
[201.470s][info][gc,marking  ] GC(367) Concurrent Cleanup for Next Mark 6.526ms
[201.470s][info][gc          ] GC(367) Concurrent Mark Cycle 116.518ms
[202.348s][info][gc,start    ] GC(368) Pause Young (Prepare Mixed) (G1 Evacuation Pause)
[202.348s][info][gc,task     ] GC(368) Using 2 workers of 2 for evacuation
[202.355s][info][gc,phases   ] GC(368)   Pre Evacuate Collection Set: 0.30ms
[202.355s][info][gc,phases   ] GC(368)   Merge Heap Roots: 0.16ms
[202.355s][info][gc,phases   ] GC(368)   Evacuate Collection Set: 4.89ms
[202.355s][info][gc,phases   ] GC(368)   Post Evacuate Collection Set: 0.72ms
[202.355s][info][gc,phases   ] GC(368)   Other: 0.12ms
[202.355s][info][gc,heap     ] GC(368) Eden regions: 401->0(399)
[202.355s][info][gc,heap     ] GC(368) Survivor regions: 3->4(51)
[202.355s][info][gc,heap     ] GC(368) Old regions: 44->44
[202.355s][info][gc,heap     ] GC(368) Humongous regions: 207->207
[202.355s][info][gc,metaspace] GC(368) Metaspace: 56669K(57024K)->56669K(57024K) NonClass: 48383K(48640K)->48383K(48640K) Class: 8285K(8384K)->8285K(8384K)
[202.355s][info][gc          ] GC(368) Pause Young (Prepare Mixed) (G1 Evacuation Pause) 653M->253M(694M) 6.403ms
[202.355s][info][gc,cpu      ] GC(368) User=0.01s Sys=0.00s Real=0.00s
[203.351s][info][gc,start    ] GC(369) Pause Young (Mixed) (G1 Evacuation Pause)
[203.351s][info][gc,task     ] GC(369) Using 2 workers of 2 for evacuation
[203.359s][info][gc,phases   ] GC(369)   Pre Evacuate Collection Set: 0.30ms
[203.359s][info][gc,phases   ] GC(369)   Merge Heap Roots: 0.14ms
[203.359s][info][gc,phases   ] GC(369)   Evacuate Collection Set: 6.65ms
[203.359s][info][gc,phases   ] GC(369)   Post Evacuate Collection Set: 0.78ms
[203.359s][info][gc,phases   ] GC(369)   Other: 0.10ms
[203.359s][info][gc,heap     ] GC(369) Eden regions: 399->0(401)
[203.359s][info][gc,heap     ] GC(369) Survivor regions: 4->3(51)
[203.359s][info][gc,heap     ] GC(369) Old regions: 44->44
[203.359s][info][gc,heap     ] GC(369) Humongous regions: 207->207
[203.359s][info][gc,metaspace] GC(369) Metaspace: 56669K(57024K)->56669K(57024K) NonClass: 48383K(48640K)->48383K(48640K) Class: 8285K(8384K)->8285K(8384K)
[203.359s][info][gc          ] GC(369) Pause Young (Mixed) (G1 Evacuation Pause) 652M->252M(694M) 8.165ms
[203.359s][info][gc,cpu      ] GC(369) User=0.01s Sys=0.00s Real=0.01s
[204.357s][info][gc,start    ] GC(370) Pause Young (Concurrent Start) (G1 Evacuation Pause)
[204.357s][info][gc,task     ] GC(370) Using 2 workers of 2 for evacuation
[204.362s][info][gc,phases   ] GC(370)   Pre Evacuate Collection Set: 0.28ms
[204.362s][info][gc,phases   ] GC(370)   Merge Heap Roots: 0.13ms
[204.362s][info][gc,phases   ] GC(370)   Evacuate Collection Set: 4.31ms
[204.362s][info][gc,phases   ] GC(370)   Post Evacuate Collection Set: 0.69ms
[204.362s][info][gc,phases   ] GC(370)   Other: 0.11ms
[204.362s][info][gc,heap     ] GC(370) Eden regions: 401->0(403)
[204.362s][info][gc,heap     ] GC(370) Survivor regions: 3->2(51)
[204.362s][info][gc,heap     ] GC(370) Old regions: 44->44
[204.362s][info][gc,heap     ] GC(370) Humongous regions: 207->207
[204.362s][info][gc,metaspace] GC(370) Metaspace: 56669K(57024K)->56669K(57024K) NonClass: 48383K(48640K)->48383K(48640K) Class: 8285K(8384K)->8285K(8384K)
[204.362s][info][gc          ] GC(370) Pause Young (Concurrent Start) (G1 Evacuation Pause) 653M->251M(694M) 5.708ms
[204.362s][info][gc          ] GC(371) Concurrent Mark Cycle
[204.362s][info][gc,marking  ] GC(371) Concurrent Scan Root Regions
[204.362s][info][gc,cpu      ] GC(370) User=0.01s Sys=0.00s Real=0.01s
[204.366s][info][gc,marking  ] GC(371) Concurrent Scan Root Regions 4.129ms
[204.366s][info][gc,marking  ] GC(371) Concurrent Mark
[204.366s][info][gc,marking  ] GC(371) Concurrent Mark From Roots
[204.366s][info][gc,task     ] GC(371) Using 1 workers of 1 for marking
[204.414s][info][gc,marking  ] GC(371) Concurrent Mark From Roots 47.148ms
[204.414s][info][gc,marking  ] GC(371) Concurrent Preclean
[204.414s][info][gc,marking  ] GC(371) Concurrent Preclean 0.094ms
[204.414s][info][gc,start    ] GC(371) Pause Remark
[204.423s][info][gc          ] GC(371) Pause Remark 260M->260M(694M) 9.113ms
[204.423s][info][gc,cpu      ] GC(371) User=0.01s Sys=0.00s Real=0.01s
[204.424s][info][gc,marking  ] GC(371) Concurrent Mark 57.195ms
[204.424s][info][gc,marking  ] GC(371) Concurrent Rebuild Remembered Sets and Scrub Regions
[204.455s][info][gc,marking  ] GC(371) Concurrent Rebuild Remembered Sets and Scrub Regions 30.968ms
[204.459s][info][gc,start    ] GC(371) Pause Cleanup
[204.459s][info][gc          ] GC(371) Pause Cleanup 277M->277M(694M) 0.101ms
[204.459s][info][gc,cpu      ] GC(371) User=0.00s Sys=0.00s Real=0.00s
[204.460s][info][gc,marking  ] GC(371) Concurrent Clear Claimed Marks
[204.460s][info][gc,marking  ] GC(371) Concurrent Clear Claimed Marks 0.125ms
[204.460s][info][gc,marking  ] GC(371) Concurrent Cleanup for Next Mark
[204.466s][info][gc,marking  ] GC(371) Concurrent Cleanup for Next Mark 6.002ms
[204.466s][info][gc          ] GC(371) Concurrent Mark Cycle 104.060ms
[205.369s][info][gc,start    ] GC(372) Pause Young (Prepare Mixed) (G1 Evacuation Pause)
[205.369s][info][gc,task     ] GC(372) Using 2 workers of 2 for evacuation
[205.373s][info][gc,phases   ] GC(372)   Pre Evacuate Collection Set: 0.27ms
[205.373s][info][gc,phases   ] GC(372)   Merge Heap Roots: 0.17ms
[205.373s][info][gc,phases   ] GC(372)   Evacuate Collection Set: 2.61ms
[205.373s][info][gc,phases   ] GC(372)   Post Evacuate Collection Set: 0.69ms
[205.373s][info][gc,phases   ] GC(372)   Other: 0.09ms
[205.373s][info][gc,heap     ] GC(372) Eden regions: 403->0(405)
[205.373s][info][gc,heap     ] GC(372) Survivor regions: 2->1(51)
[205.373s][info][gc,heap     ] GC(372) Old regions: 44->44
[205.373s][info][gc,heap     ] GC(372) Humongous regions: 207->207
[205.373s][info][gc,metaspace] GC(372) Metaspace: 56669K(57024K)->56669K(57024K) NonClass: 48383K(48640K)->48383K(48640K) Class: 8285K(8384K)->8285K(8384K)
[205.373s][info][gc          ] GC(372) Pause Young (Prepare Mixed) (G1 Evacuation Pause) 654M->250M(694M) 4.005ms
[205.373s][info][gc,cpu      ] GC(372) User=0.01s Sys=0.00s Real=0.00s
[206.423s][info][gc,start    ] GC(373) Pause Young (Mixed) (G1 Evacuation Pause)
[206.423s][info][gc,task     ] GC(373) Using 2 workers of 2 for evacuation
[206.428s][info][gc,phases   ] GC(373)   Pre Evacuate Collection Set: 0.28ms
[206.428s][info][gc,phases   ] GC(373)   Merge Heap Roots: 0.14ms
[206.428s][info][gc,phases   ] GC(373)   Evacuate Collection Set: 4.48ms
[206.428s][info][gc,phases   ] GC(373)   Post Evacuate Collection Set: 0.76ms
[206.428s][info][gc,phases   ] GC(373)   Other: 0.10ms
[206.428s][info][gc,heap     ] GC(373) Eden regions: 405->0(406)
[206.428s][info][gc,heap     ] GC(373) Survivor regions: 1->1(51)
[206.428s][info][gc,heap     ] GC(373) Old regions: 44->43
[206.428s][info][gc,heap     ] GC(373) Humongous regions: 207->207
[206.428s][info][gc,metaspace] GC(373) Metaspace: 56669K(57024K)->56669K(57024K) NonClass: 48383K(48640K)->48383K(48640K) Class: 8285K(8384K)->8285K(8384K)
[206.428s][info][gc          ] GC(373) Pause Young (Mixed) (G1 Evacuation Pause) 655M->250M(694M) 5.935ms
[206.428s][info][gc,cpu      ] GC(373) User=0.01s Sys=0.00s Real=0.01s
[207.435s][info][gc,start    ] GC(374) Pause Young (Concurrent Start) (G1 Evacuation Pause)
[207.435s][info][gc,task     ] GC(374) Using 2 workers of 2 for evacuation
[207.441s][info][gc,phases   ] GC(374)   Pre Evacuate Collection Set: 0.30ms
[207.441s][info][gc,phases   ] GC(374)   Merge Heap Roots: 0.12ms
[207.441s][info][gc,phases   ] GC(374)   Evacuate Collection Set: 4.08ms
[207.441s][info][gc,phases   ] GC(374)   Post Evacuate Collection Set: 0.94ms
[207.441s][info][gc,phases   ] GC(374)   Other: 0.12ms
[207.441s][info][gc,heap     ] GC(374) Eden regions: 406->0(401)
[207.441s][info][gc,heap     ] GC(374) Survivor regions: 1->3(51)
[207.441s][info][gc,heap     ] GC(374) Old regions: 43->44
[207.441s][info][gc,heap     ] GC(374) Humongous regions: 207->207
[207.441s][info][gc,metaspace] GC(374) Metaspace: 56669K(57024K)->56669K(57024K) NonClass: 48383K(48640K)->48383K(48640K) Class: 8285K(8384K)->8285K(8384K)
[207.441s][info][gc          ] GC(374) Pause Young (Concurrent Start) (G1 Evacuation Pause) 656M->252M(694M) 5.756ms
[207.441s][info][gc          ] GC(375) Concurrent Mark Cycle
[207.441s][info][gc,marking  ] GC(375) Concurrent Scan Root Regions
[207.442s][info][gc,cpu      ] GC(374) User=0.01s Sys=0.01s Real=0.01s
[207.443s][info][gc,marking  ] GC(375) Concurrent Scan Root Regions 2.539ms
[207.443s][info][gc,marking  ] GC(375) Concurrent Mark
[207.443s][info][gc,marking  ] GC(375) Concurrent Mark From Roots
[207.443s][info][gc,task     ] GC(375) Using 1 workers of 1 for marking
[207.505s][info][gc,marking  ] GC(375) Concurrent Mark From Roots 61.171ms
[207.505s][info][gc,marking  ] GC(375) Concurrent Preclean
[207.505s][info][gc,marking  ] GC(375) Concurrent Preclean 0.105ms
[207.505s][info][gc,start    ] GC(375) Pause Remark
[207.514s][info][gc          ] GC(375) Pause Remark 282M->282M(694M) 9.140ms
[207.514s][info][gc,cpu      ] GC(375) User=0.02s Sys=0.00s Real=0.01s
[207.514s][info][gc,marking  ] GC(375) Concurrent Mark 70.959ms
[207.514s][info][gc,marking  ] GC(375) Concurrent Rebuild Remembered Sets and Scrub Regions
[207.535s][info][gc,marking  ] GC(375) Concurrent Rebuild Remembered Sets and Scrub Regions 21.016ms
[207.536s][info][gc,start    ] GC(375) Pause Cleanup
[207.536s][info][gc          ] GC(375) Pause Cleanup 292M->292M(694M) 0.073ms
[207.536s][info][gc,cpu      ] GC(375) User=0.00s Sys=0.00s Real=0.00s
[207.536s][info][gc,marking  ] GC(375) Concurrent Clear Claimed Marks
[207.536s][info][gc,marking  ] GC(375) Concurrent Clear Claimed Marks 0.092ms
[207.536s][info][gc,marking  ] GC(375) Concurrent Cleanup for Next Mark
[207.538s][info][gc,marking  ] GC(375) Concurrent Cleanup for Next Mark 2.164ms
[207.538s][info][gc          ] GC(375) Concurrent Mark Cycle 97.204ms
[208.433s][info][gc,start    ] GC(376) Pause Young (Prepare Mixed) (G1 Evacuation Pause)
[208.433s][info][gc,task     ] GC(376) Using 2 workers of 2 for evacuation
[208.438s][info][gc,phases   ] GC(376)   Pre Evacuate Collection Set: 0.27ms
[208.438s][info][gc,phases   ] GC(376)   Merge Heap Roots: 0.15ms
[208.438s][info][gc,phases   ] GC(376)   Evacuate Collection Set: 3.99ms
[208.438s][info][gc,phases   ] GC(376)   Post Evacuate Collection Set: 0.70ms
[208.438s][info][gc,phases   ] GC(376)   Other: 0.10ms
[208.439s][info][gc,heap     ] GC(376) Eden regions: 401->0(401)
[208.439s][info][gc,heap     ] GC(376) Survivor regions: 3->3(51)
[208.439s][info][gc,heap     ] GC(376) Old regions: 44->44
[208.439s][info][gc,heap     ] GC(376) Humongous regions: 207->207
[208.439s][info][gc,metaspace] GC(376) Metaspace: 56669K(57024K)->56669K(57024K) NonClass: 48383K(48640K)->48383K(48640K) Class: 8285K(8384K)->8285K(8384K)
[208.439s][info][gc          ] GC(376) Pause Young (Prepare Mixed) (G1 Evacuation Pause) 653M->252M(694M) 5.378ms
[208.439s][info][gc,cpu      ] GC(376) User=0.01s Sys=0.00s Real=0.01s
[209.437s][info][gc,start    ] GC(377) Pause Young (Mixed) (G1 Evacuation Pause)
[209.437s][info][gc,task     ] GC(377) Using 2 workers of 2 for evacuation
[209.445s][info][gc,phases   ] GC(377)   Pre Evacuate Collection Set: 0.28ms
[209.445s][info][gc,phases   ] GC(377)   Merge Heap Roots: 0.15ms
[209.445s][info][gc,phases   ] GC(377)   Evacuate Collection Set: 7.07ms
[209.445s][info][gc,phases   ] GC(377)   Post Evacuate Collection Set: 0.74ms
[209.445s][info][gc,phases   ] GC(377)   Other: 0.09ms
[209.445s][info][gc,heap     ] GC(377) Eden regions: 401->0(404)
[209.445s][info][gc,heap     ] GC(377) Survivor regions: 3->2(51)
[209.445s][info][gc,heap     ] GC(377) Old regions: 44->43
[209.445s][info][gc,heap     ] GC(377) Humongous regions: 207->207
[209.445s][info][gc,metaspace] GC(377) Metaspace: 56669K(57024K)->56669K(57024K) NonClass: 48383K(48640K)->48383K(48640K) Class: 8285K(8384K)->8285K(8384K)
[209.445s][info][gc          ] GC(377) Pause Young (Mixed) (G1 Evacuation Pause) 653M->251M(694M) 8.503ms
[209.446s][info][gc,cpu      ] GC(377) User=0.02s Sys=0.00s Real=0.00s
[210.445s][info][gc,start    ] GC(378) Pause Young (Concurrent Start) (G1 Evacuation Pause)
[210.445s][info][gc,task     ] GC(378) Using 2 workers of 2 for evacuation
[210.452s][info][gc,phases   ] GC(378)   Pre Evacuate Collection Set: 0.34ms
[210.452s][info][gc,phases   ] GC(378)   Merge Heap Roots: 0.12ms
[210.452s][info][gc,phases   ] GC(378)   Evacuate Collection Set: 4.96ms
[210.452s][info][gc,phases   ] GC(378)   Post Evacuate Collection Set: 0.70ms
[210.452s][info][gc,phases   ] GC(378)   Other: 0.10ms
[210.452s][info][gc,heap     ] GC(378) Eden regions: 404->0(401)
[210.452s][info][gc,heap     ] GC(378) Survivor regions: 2->3(51)
[210.452s][info][gc,heap     ] GC(378) Old regions: 43->44
[210.452s][info][gc,heap     ] GC(378) Humongous regions: 207->207
[210.452s][info][gc,metaspace] GC(378) Metaspace: 56669K(57024K)->56669K(57024K) NonClass: 48383K(48640K)->48383K(48640K) Class: 8285K(8384K)->8285K(8384K)
[210.452s][info][gc          ] GC(378) Pause Young (Concurrent Start) (G1 Evacuation Pause) 655M->252M(694M) 6.413ms
[210.452s][info][gc          ] GC(379) Concurrent Mark Cycle
[210.452s][info][gc,marking  ] GC(379) Concurrent Scan Root Regions
[210.453s][info][gc,cpu      ] GC(378) User=0.02s Sys=0.00s Real=0.01s
[210.455s][info][gc,marking  ] GC(379) Concurrent Scan Root Regions 3.777ms
[210.456s][info][gc,marking  ] GC(379) Concurrent Mark
[210.456s][info][gc,marking  ] GC(379) Concurrent Mark From Roots
[210.456s][info][gc,task     ] GC(379) Using 1 workers of 1 for marking
[210.504s][info][gc,marking  ] GC(379) Concurrent Mark From Roots 48.506ms
[210.504s][info][gc,marking  ] GC(379) Concurrent Preclean
[210.504s][info][gc,marking  ] GC(379) Concurrent Preclean 0.082ms
[210.504s][info][gc,start    ] GC(379) Pause Remark
[210.513s][info][gc          ] GC(379) Pause Remark 265M->265M(694M) 8.994ms
[210.513s][info][gc,cpu      ] GC(379) User=0.02s Sys=0.00s Real=0.01s
[210.513s][info][gc,marking  ] GC(379) Concurrent Mark 57.814ms
[210.513s][info][gc,marking  ] GC(379) Concurrent Rebuild Remembered Sets and Scrub Regions
[210.543s][info][gc,marking  ] GC(379) Concurrent Rebuild Remembered Sets and Scrub Regions 30.132ms
[210.544s][info][gc,start    ] GC(379) Pause Cleanup
[210.544s][info][gc          ] GC(379) Pause Cleanup 284M->284M(694M) 0.096ms
[210.544s][info][gc,cpu      ] GC(379) User=0.00s Sys=0.00s Real=0.00s
[210.544s][info][gc,marking  ] GC(379) Concurrent Clear Claimed Marks
[210.545s][info][gc,marking  ] GC(379) Concurrent Clear Claimed Marks 0.104ms
[210.545s][info][gc,marking  ] GC(379) Concurrent Cleanup for Next Mark
[210.548s][info][gc,marking  ] GC(379) Concurrent Cleanup for Next Mark 3.635ms
[210.548s][info][gc          ] GC(379) Concurrent Mark Cycle 96.536ms
[211.462s][info][gc,start    ] GC(380) Pause Young (Prepare Mixed) (G1 Evacuation Pause)
[211.462s][info][gc,task     ] GC(380) Using 2 workers of 2 for evacuation
[211.468s][info][gc,phases   ] GC(380)   Pre Evacuate Collection Set: 0.31ms
[211.468s][info][gc,phases   ] GC(380)   Merge Heap Roots: 0.15ms
[211.468s][info][gc,phases   ] GC(380)   Evacuate Collection Set: 4.37ms
[211.468s][info][gc,phases   ] GC(380)   Post Evacuate Collection Set: 0.71ms
[211.468s][info][gc,phases   ] GC(380)   Other: 0.08ms
[211.468s][info][gc,heap     ] GC(380) Eden regions: 401->0(401)
[211.468s][info][gc,heap     ] GC(380) Survivor regions: 3->3(51)
[211.468s][info][gc,heap     ] GC(380) Old regions: 44->44
[211.468s][info][gc,heap     ] GC(380) Humongous regions: 207->207
[211.468s][info][gc,metaspace] GC(380) Metaspace: 56669K(57024K)->56669K(57024K) NonClass: 48383K(48640K)->48383K(48640K) Class: 8285K(8384K)->8285K(8384K)
[211.468s][info][gc          ] GC(380) Pause Young (Prepare Mixed) (G1 Evacuation Pause) 653M->252M(694M) 5.798ms
[211.468s][info][gc,cpu      ] GC(380) User=0.01s Sys=0.00s Real=0.01s
[212.496s][info][gc,start    ] GC(381) Pause Young (Mixed) (G1 Evacuation Pause)
[212.496s][info][gc,task     ] GC(381) Using 2 workers of 2 for evacuation
[212.504s][info][gc,phases   ] GC(381)   Pre Evacuate Collection Set: 0.27ms
[212.504s][info][gc,phases   ] GC(381)   Merge Heap Roots: 0.16ms
[212.504s][info][gc,phases   ] GC(381)   Evacuate Collection Set: 6.43ms
[212.504s][info][gc,phases   ] GC(381)   Post Evacuate Collection Set: 0.74ms
[212.504s][info][gc,phases   ] GC(381)   Other: 0.09ms
[212.504s][info][gc,heap     ] GC(381) Eden regions: 401->0(402)
[212.504s][info][gc,heap     ] GC(381) Survivor regions: 3->3(51)
[212.504s][info][gc,heap     ] GC(381) Old regions: 44->43
[212.504s][info][gc,heap     ] GC(381) Humongous regions: 207->207
[212.504s][info][gc,metaspace] GC(381) Metaspace: 56669K(57024K)->56669K(57024K) NonClass: 48383K(48640K)->48383K(48640K) Class: 8285K(8384K)->8285K(8384K)
[212.504s][info][gc          ] GC(381) Pause Young (Mixed) (G1 Evacuation Pause) 653M->252M(694M) 7.890ms
[212.504s][info][gc,cpu      ] GC(381) User=0.01s Sys=0.00s Real=0.01s
[213.516s][info][gc,start    ] GC(382) Pause Young (Concurrent Start) (G1 Evacuation Pause)
[213.516s][info][gc,task     ] GC(382) Using 2 workers of 2 for evacuation
[213.521s][info][gc,phases   ] GC(382)   Pre Evacuate Collection Set: 0.31ms
[213.521s][info][gc,phases   ] GC(382)   Merge Heap Roots: 0.16ms
[213.521s][info][gc,phases   ] GC(382)   Evacuate Collection Set: 3.14ms
[213.521s][info][gc,phases   ] GC(382)   Post Evacuate Collection Set: 0.83ms
[213.521s][info][gc,phases   ] GC(382)   Other: 0.12ms
[213.521s][info][gc,heap     ] GC(382) Eden regions: 402->0(405)
[213.521s][info][gc,heap     ] GC(382) Survivor regions: 3->1(51)
[213.521s][info][gc,heap     ] GC(382) Old regions: 43->44
[213.521s][info][gc,heap     ] GC(382) Humongous regions: 207->207
[213.521s][info][gc,metaspace] GC(382) Metaspace: 56669K(57024K)->56669K(57024K) NonClass: 48383K(48640K)->48383K(48640K) Class: 8285K(8384K)->8285K(8384K)
[213.521s][info][gc          ] GC(382) Pause Young (Concurrent Start) (G1 Evacuation Pause) 654M->250M(694M) 4.767ms
[213.521s][info][gc          ] GC(383) Concurrent Mark Cycle
[213.521s][info][gc,marking  ] GC(383) Concurrent Scan Root Regions
[213.523s][info][gc,cpu      ] GC(382) User=0.01s Sys=0.00s Real=0.01s
[213.524s][info][gc,marking  ] GC(383) Concurrent Scan Root Regions 3.252ms
[213.524s][info][gc,marking  ] GC(383) Concurrent Mark
[213.524s][info][gc,marking  ] GC(383) Concurrent Mark From Roots
[213.524s][info][gc,task     ] GC(383) Using 1 workers of 1 for marking
[213.597s][info][gc,marking  ] GC(383) Concurrent Mark From Roots 72.174ms
[213.597s][info][gc,marking  ] GC(383) Concurrent Preclean
[213.597s][info][gc,marking  ] GC(383) Concurrent Preclean 0.086ms
[213.597s][info][gc,start    ] GC(383) Pause Remark
[213.606s][info][gc          ] GC(383) Pause Remark 279M->279M(694M) 8.969ms
[213.606s][info][gc,cpu      ] GC(383) User=0.01s Sys=0.00s Real=0.00s
[213.607s][info][gc,marking  ] GC(383) Concurrent Mark 82.284ms
[213.607s][info][gc,marking  ] GC(383) Concurrent Rebuild Remembered Sets and Scrub Regions
[213.638s][info][gc,marking  ] GC(383) Concurrent Rebuild Remembered Sets and Scrub Regions 31.777ms
[213.639s][info][gc,start    ] GC(383) Pause Cleanup
[213.639s][info][gc          ] GC(383) Pause Cleanup 293M->293M(694M) 0.096ms
[213.639s][info][gc,cpu      ] GC(383) User=0.00s Sys=0.00s Real=0.00s
[213.639s][info][gc,marking  ] GC(383) Concurrent Clear Claimed Marks
[213.640s][info][gc,marking  ] GC(383) Concurrent Clear Claimed Marks 0.109ms
[213.640s][info][gc,marking  ] GC(383) Concurrent Cleanup for Next Mark
[213.644s][info][gc,marking  ] GC(383) Concurrent Cleanup for Next Mark 3.973ms
[213.644s][info][gc          ] GC(383) Concurrent Mark Cycle 122.547ms
[214.521s][info][gc,start    ] GC(384) Pause Young (Prepare Mixed) (G1 Evacuation Pause)
[214.521s][info][gc,task     ] GC(384) Using 2 workers of 2 for evacuation
[214.525s][info][gc,phases   ] GC(384)   Pre Evacuate Collection Set: 0.28ms
[214.525s][info][gc,phases   ] GC(384)   Merge Heap Roots: 0.13ms
[214.525s][info][gc,phases   ] GC(384)   Evacuate Collection Set: 2.77ms
[214.525s][info][gc,phases   ] GC(384)   Post Evacuate Collection Set: 0.71ms
[214.525s][info][gc,phases   ] GC(384)   Other: 0.08ms
[214.525s][info][gc,heap     ] GC(384) Eden regions: 405->0(405)
[214.525s][info][gc,heap     ] GC(384) Survivor regions: 1->1(51)
[214.525s][info][gc,heap     ] GC(384) Old regions: 44->44
[214.525s][info][gc,heap     ] GC(384) Humongous regions: 207->207
[214.525s][info][gc,metaspace] GC(384) Metaspace: 56671K(57024K)->56671K(57024K) NonClass: 48385K(48640K)->48385K(48640K) Class: 8285K(8384K)->8285K(8384K)
[214.525s][info][gc          ] GC(384) Pause Young (Prepare Mixed) (G1 Evacuation Pause) 655M->251M(694M) 4.143ms
[214.525s][info][gc,cpu      ] GC(384) User=0.01s Sys=0.00s Real=0.00s
[215.530s][info][gc,start    ] GC(385) Pause Young (Mixed) (G1 Evacuation Pause)
[215.530s][info][gc,task     ] GC(385) Using 2 workers of 2 for evacuation
[215.538s][info][gc,phases   ] GC(385)   Pre Evacuate Collection Set: 0.27ms
[215.538s][info][gc,phases   ] GC(385)   Merge Heap Roots: 0.17ms
[215.538s][info][gc,phases   ] GC(385)   Evacuate Collection Set: 6.49ms
[215.538s][info][gc,phases   ] GC(385)   Post Evacuate Collection Set: 0.74ms
[215.538s][info][gc,phases   ] GC(385)   Other: 0.10ms
[215.538s][info][gc,heap     ] GC(385) Eden regions: 405->0(404)
[215.538s][info][gc,heap     ] GC(385) Survivor regions: 1->2(51)
[215.538s][info][gc,heap     ] GC(385) Old regions: 44->43
[215.538s][info][gc,heap     ] GC(385) Humongous regions: 207->207
[215.538s][info][gc,metaspace] GC(385) Metaspace: 56671K(57024K)->56671K(57024K) NonClass: 48385K(48640K)->48385K(48640K) Class: 8285K(8384K)->8285K(8384K)
[215.538s][info][gc          ] GC(385) Pause Young (Mixed) (G1 Evacuation Pause) 656M->251M(694M) 7.957ms
[215.538s][info][gc,cpu      ] GC(385) User=0.01s Sys=0.00s Real=0.01s
[216.538s][info][gc,start    ] GC(386) Pause Young (Concurrent Start) (G1 Evacuation Pause)
[216.538s][info][gc,task     ] GC(386) Using 2 workers of 2 for evacuation
[216.543s][info][gc,phases   ] GC(386)   Pre Evacuate Collection Set: 0.28ms
[216.543s][info][gc,phases   ] GC(386)   Merge Heap Roots: 0.14ms
[216.543s][info][gc,phases   ] GC(386)   Evacuate Collection Set: 3.72ms
[216.543s][info][gc,phases   ] GC(386)   Post Evacuate Collection Set: 0.69ms
[216.543s][info][gc,phases   ] GC(386)   Other: 0.13ms
[216.543s][info][gc,heap     ] GC(386) Eden regions: 404->0(403)
[216.543s][info][gc,heap     ] GC(386) Survivor regions: 2->2(51)
[216.543s][info][gc,heap     ] GC(386) Old regions: 43->44
[216.543s][info][gc,heap     ] GC(386) Humongous regions: 207->207
[216.543s][info][gc,metaspace] GC(386) Metaspace: 56671K(57024K)->56671K(57024K) NonClass: 48385K(48640K)->48385K(48640K) Class: 8285K(8384K)->8285K(8384K)
[216.543s][info][gc          ] GC(386) Pause Young (Concurrent Start) (G1 Evacuation Pause) 655M->251M(694M) 5.130ms
[216.543s][info][gc          ] GC(387) Concurrent Mark Cycle
[216.543s][info][gc,marking  ] GC(387) Concurrent Scan Root Regions
[216.544s][info][gc,cpu      ] GC(386) User=0.01s Sys=0.00s Real=0.00s
[216.553s][info][gc,marking  ] GC(387) Concurrent Scan Root Regions 9.875ms
[216.553s][info][gc,marking  ] GC(387) Concurrent Mark
[216.553s][info][gc,marking  ] GC(387) Concurrent Mark From Roots
[216.553s][info][gc,task     ] GC(387) Using 1 workers of 1 for marking
[216.603s][info][gc,marking  ] GC(387) Concurrent Mark From Roots 50.022ms
[216.603s][info][gc,marking  ] GC(387) Concurrent Preclean
[216.603s][info][gc,marking  ] GC(387) Concurrent Preclean 0.084ms
[216.603s][info][gc,start    ] GC(387) Pause Remark
[216.612s][info][gc          ] GC(387) Pause Remark 273M->273M(694M) 8.855ms
[216.612s][info][gc,cpu      ] GC(387) User=0.02s Sys=0.01s Real=0.01s
[216.612s][info][gc,marking  ] GC(387) Concurrent Mark 59.291ms
[216.612s][info][gc,marking  ] GC(387) Concurrent Rebuild Remembered Sets and Scrub Regions
[216.634s][info][gc,marking  ] GC(387) Concurrent Rebuild Remembered Sets and Scrub Regions 21.579ms
[216.634s][info][gc,start    ] GC(387) Pause Cleanup
[216.634s][info][gc          ] GC(387) Pause Cleanup 285M->285M(694M) 0.074ms
[216.634s][info][gc,cpu      ] GC(387) User=0.00s Sys=0.00s Real=0.00s
[216.634s][info][gc,marking  ] GC(387) Concurrent Clear Claimed Marks
[216.634s][info][gc,marking  ] GC(387) Concurrent Clear Claimed Marks 0.105ms
[216.634s][info][gc,marking  ] GC(387) Concurrent Cleanup for Next Mark
[216.636s][info][gc,marking  ] GC(387) Concurrent Cleanup for Next Mark 2.066ms
[216.636s][info][gc          ] GC(387) Concurrent Mark Cycle 93.313ms
[217.547s][info][gc,start    ] GC(388) Pause Young (Prepare Mixed) (G1 Evacuation Pause)
[217.547s][info][gc,task     ] GC(388) Using 2 workers of 2 for evacuation
[217.553s][info][gc,phases   ] GC(388)   Pre Evacuate Collection Set: 0.27ms
[217.553s][info][gc,phases   ] GC(388)   Merge Heap Roots: 0.16ms
[217.553s][info][gc,phases   ] GC(388)   Evacuate Collection Set: 4.69ms
[217.553s][info][gc,phases   ] GC(388)   Post Evacuate Collection Set: 0.71ms
[217.553s][info][gc,phases   ] GC(388)   Other: 0.10ms
[217.553s][info][gc,heap     ] GC(388) Eden regions: 403->0(401)
[217.553s][info][gc,heap     ] GC(388) Survivor regions: 2->3(51)
[217.553s][info][gc,heap     ] GC(388) Old regions: 44->44
[217.553s][info][gc,heap     ] GC(388) Humongous regions: 207->207
[217.553s][info][gc,metaspace] GC(388) Metaspace: 56673K(57024K)->56673K(57024K) NonClass: 48387K(48640K)->48387K(48640K) Class: 8285K(8384K)->8285K(8384K)
[217.553s][info][gc          ] GC(388) Pause Young (Prepare Mixed) (G1 Evacuation Pause) 654M->252M(694M) 6.131ms
[217.553s][info][gc,cpu      ] GC(388) User=0.01s Sys=0.00s Real=0.01s
[218.653s][info][gc,start    ] GC(389) Pause Young (Mixed) (G1 Evacuation Pause)
[218.653s][info][gc,task     ] GC(389) Using 2 workers of 2 for evacuation
[218.660s][info][gc,phases   ] GC(389)   Pre Evacuate Collection Set: 0.26ms
[218.660s][info][gc,phases   ] GC(389)   Merge Heap Roots: 0.14ms
[218.660s][info][gc,phases   ] GC(389)   Evacuate Collection Set: 6.31ms
[218.660s][info][gc,phases   ] GC(389)   Post Evacuate Collection Set: 0.72ms
[218.660s][info][gc,phases   ] GC(389)   Other: 0.13ms
[218.660s][info][gc,heap     ] GC(389) Eden regions: 401->0(402)
[218.660s][info][gc,heap     ] GC(389) Survivor regions: 3->3(51)
[218.660s][info][gc,heap     ] GC(389) Old regions: 44->43
[218.660s][info][gc,heap     ] GC(389) Humongous regions: 207->207
[218.660s][info][gc,metaspace] GC(389) Metaspace: 56673K(57024K)->56673K(57024K) NonClass: 48387K(48640K)->48387K(48640K) Class: 8285K(8384K)->8285K(8384K)
[218.661s][info][gc          ] GC(389) Pause Young (Mixed) (G1 Evacuation Pause) 653M->252M(694M) 7.734ms
[218.661s][info][gc,cpu      ] GC(389) User=0.02s Sys=0.01s Real=0.01s
[219.653s][info][gc,start    ] GC(390) Pause Young (Concurrent Start) (G1 Evacuation Pause)
[219.654s][info][gc,task     ] GC(390) Using 2 workers of 2 for evacuation
[219.658s][info][gc,phases   ] GC(390)   Pre Evacuate Collection Set: 0.31ms
[219.658s][info][gc,phases   ] GC(390)   Merge Heap Roots: 0.11ms
[219.658s][info][gc,phases   ] GC(390)   Evacuate Collection Set: 3.51ms
[219.658s][info][gc,phases   ] GC(390)   Post Evacuate Collection Set: 0.66ms
[219.658s][info][gc,phases   ] GC(390)   Other: 0.09ms
[219.658s][info][gc,heap     ] GC(390) Eden regions: 402->0(403)
[219.658s][info][gc,heap     ] GC(390) Survivor regions: 3->2(51)
[219.658s][info][gc,heap     ] GC(390) Old regions: 43->44
[219.658s][info][gc,heap     ] GC(390) Humongous regions: 207->207
[219.658s][info][gc,metaspace] GC(390) Metaspace: 56673K(57024K)->56673K(57024K) NonClass: 48387K(48640K)->48387K(48640K) Class: 8285K(8384K)->8285K(8384K)
[219.658s][info][gc          ] GC(390) Pause Young (Concurrent Start) (G1 Evacuation Pause) 654M->251M(694M) 4.873ms
[219.658s][info][gc,cpu      ] GC(390) User=0.01s Sys=0.00s Real=0.01s
[219.658s][info][gc          ] GC(391) Concurrent Mark Cycle
[219.660s][info][gc,marking  ] GC(391) Concurrent Scan Root Regions
[219.664s][info][gc,marking  ] GC(391) Concurrent Scan Root Regions 3.824ms
[219.664s][info][gc,marking  ] GC(391) Concurrent Mark
[219.664s][info][gc,marking  ] GC(391) Concurrent Mark From Roots
[219.664s][info][gc,task     ] GC(391) Using 1 workers of 1 for marking
[219.703s][info][gc,marking  ] GC(391) Concurrent Mark From Roots 39.870ms
[219.704s][info][gc,marking  ] GC(391) Concurrent Preclean
[219.704s][info][gc,marking  ] GC(391) Concurrent Preclean 0.074ms
[219.704s][info][gc,start    ] GC(391) Pause Remark
[219.712s][info][gc          ] GC(391) Pause Remark 257M->257M(694M) 8.692ms
[219.712s][info][gc,cpu      ] GC(391) User=0.02s Sys=0.00s Real=0.01s
[219.713s][info][gc,marking  ] GC(391) Concurrent Mark 49.144ms
[219.713s][info][gc,marking  ] GC(391) Concurrent Rebuild Remembered Sets and Scrub Regions
[219.750s][info][gc,marking  ] GC(391) Concurrent Rebuild Remembered Sets and Scrub Regions 37.348ms
[219.750s][info][gc,start    ] GC(391) Pause Cleanup
[219.750s][info][gc          ] GC(391) Pause Cleanup 283M->283M(694M) 0.078ms
[219.750s][info][gc,cpu      ] GC(391) User=0.00s Sys=0.00s Real=0.00s
[219.750s][info][gc,marking  ] GC(391) Concurrent Clear Claimed Marks
[219.751s][info][gc,marking  ] GC(391) Concurrent Clear Claimed Marks 0.090ms
[219.751s][info][gc,marking  ] GC(391) Concurrent Cleanup for Next Mark
[219.755s][info][gc,marking  ] GC(391) Concurrent Cleanup for Next Mark 4.816ms
[219.755s][info][gc          ] GC(391) Concurrent Mark Cycle 97.035ms
[220.719s][info][gc,start    ] GC(392) Pause Young (Prepare Mixed) (G1 Evacuation Pause)
[220.719s][info][gc,task     ] GC(392) Using 2 workers of 2 for evacuation
[220.723s][info][gc,phases   ] GC(392)   Pre Evacuate Collection Set: 0.27ms
[220.723s][info][gc,phases   ] GC(392)   Merge Heap Roots: 0.13ms
[220.723s][info][gc,phases   ] GC(392)   Evacuate Collection Set: 2.42ms
[220.723s][info][gc,phases   ] GC(392)   Post Evacuate Collection Set: 0.69ms
[220.723s][info][gc,phases   ] GC(392)   Other: 0.08ms
[220.723s][info][gc,heap     ] GC(392) Eden regions: 403->0(405)
[220.723s][info][gc,heap     ] GC(392) Survivor regions: 2->1(51)
[220.723s][info][gc,heap     ] GC(392) Old regions: 44->44
[220.723s][info][gc,heap     ] GC(392) Humongous regions: 207->207
[220.723s][info][gc,metaspace] GC(392) Metaspace: 56674K(57024K)->56674K(57024K) NonClass: 48388K(48640K)->48388K(48640K) Class: 8285K(8384K)->8285K(8384K)
[220.723s][info][gc          ] GC(392) Pause Young (Prepare Mixed) (G1 Evacuation Pause) 654M->250M(694M) 3.785ms
[220.723s][info][gc,cpu      ] GC(392) User=0.01s Sys=0.00s Real=0.00s
[221.725s][info][gc,start    ] GC(393) Pause Young (Mixed) (G1 Evacuation Pause)
[221.725s][info][gc,task     ] GC(393) Using 2 workers of 2 for evacuation
[221.734s][info][gc,phases   ] GC(393)   Pre Evacuate Collection Set: 0.26ms
[221.734s][info][gc,phases   ] GC(393)   Merge Heap Roots: 0.20ms
[221.734s][info][gc,phases   ] GC(393)   Evacuate Collection Set: 7.59ms
[221.734s][info][gc,phases   ] GC(393)   Post Evacuate Collection Set: 0.81ms
[221.734s][info][gc,phases   ] GC(393)   Other: 0.08ms
[221.734s][info][gc,heap     ] GC(393) Eden regions: 405->0(404)
[221.734s][info][gc,heap     ] GC(393) Survivor regions: 1->2(51)
[221.734s][info][gc,heap     ] GC(393) Old regions: 44->43
[221.734s][info][gc,heap     ] GC(393) Humongous regions: 207->207
[221.734s][info][gc,metaspace] GC(393) Metaspace: 56674K(57024K)->56674K(57024K) NonClass: 48388K(48640K)->48388K(48640K) Class: 8285K(8384K)->8285K(8384K)
[221.734s][info][gc          ] GC(393) Pause Young (Mixed) (G1 Evacuation Pause) 655M->251M(694M) 9.138ms
[221.734s][info][gc,cpu      ] GC(393) User=0.02s Sys=0.00s Real=0.01s
[222.601s][info][gc,start    ] GC(394) Pause Young (Concurrent Start) (G1 Humongous Allocation)
[222.601s][info][gc,task     ] GC(394) Using 2 workers of 2 for evacuation
[222.604s][info][gc,phases   ] GC(394)   Pre Evacuate Collection Set: 0.31ms
[222.604s][info][gc,phases   ] GC(394)   Merge Heap Roots: 0.12ms
[222.604s][info][gc,phases   ] GC(394)   Evacuate Collection Set: 2.05ms
[222.604s][info][gc,phases   ] GC(394)   Post Evacuate Collection Set: 0.61ms
[222.604s][info][gc,phases   ] GC(394)   Other: 0.12ms
[222.604s][info][gc,heap     ] GC(394) Eden regions: 356->0(405)
[222.604s][info][gc,heap     ] GC(394) Survivor regions: 2->1(51)
[222.604s][info][gc,heap     ] GC(394) Old regions: 43->44
[222.604s][info][gc,heap     ] GC(394) Humongous regions: 207->207
[222.604s][info][gc,metaspace] GC(394) Metaspace: 56678K(57024K)->56678K(57024K) NonClass: 48392K(48640K)->48392K(48640K) Class: 8285K(8384K)->8285K(8384K)
[222.604s][info][gc          ] GC(394) Pause Young (Concurrent Start) (G1 Humongous Allocation) 606M->250M(694M) 3.369ms
[222.604s][info][gc,cpu      ] GC(394) User=0.01s Sys=0.00s Real=0.00s
[222.604s][info][gc          ] GC(395) Concurrent Mark Cycle
[222.604s][info][gc,marking  ] GC(395) Concurrent Scan Root Regions
[222.606s][info][gc,marking  ] GC(395) Concurrent Scan Root Regions 1.702ms
[222.606s][info][gc,marking  ] GC(395) Concurrent Mark
[222.606s][info][gc,marking  ] GC(395) Concurrent Mark From Roots
[222.606s][info][gc,task     ] GC(395) Using 1 workers of 1 for marking
[222.646s][info][gc,marking  ] GC(395) Concurrent Mark From Roots 39.769ms
[222.646s][info][gc,marking  ] GC(395) Concurrent Preclean
[222.646s][info][gc,marking  ] GC(395) Concurrent Preclean 0.079ms
[222.647s][info][gc,start    ] GC(395) Pause Remark
[222.656s][info][gc          ] GC(395) Pause Remark 290M->290M(694M) 9.019ms
[222.656s][info][gc,cpu      ] GC(395) User=0.02s Sys=0.00s Real=0.00s
[222.657s][info][gc,marking  ] GC(395) Concurrent Mark 50.514ms
[222.657s][info][gc,marking  ] GC(395) Concurrent Rebuild Remembered Sets and Scrub Regions
[222.673s][info][gc,marking  ] GC(395) Concurrent Rebuild Remembered Sets and Scrub Regions 16.017ms
[222.673s][info][gc,start    ] GC(395) Pause Cleanup
[222.673s][info][gc          ] GC(395) Pause Cleanup 290M->290M(694M) 0.069ms
[222.673s][info][gc,cpu      ] GC(395) User=0.00s Sys=0.00s Real=0.00s
[222.673s][info][gc,marking  ] GC(395) Concurrent Clear Claimed Marks
[222.673s][info][gc,marking  ] GC(395) Concurrent Clear Claimed Marks 0.087ms
[222.673s][info][gc,marking  ] GC(395) Concurrent Cleanup for Next Mark
[222.675s][info][gc,marking  ] GC(395) Concurrent Cleanup for Next Mark 2.011ms
[222.675s][info][gc          ] GC(395) Concurrent Mark Cycle 70.635ms
[226.048s][info][gc,start    ] GC(396) Pause Young (Prepare Mixed) (G1 Evacuation Pause)
[226.048s][info][gc,task     ] GC(396) Using 2 workers of 2 for evacuation
[226.071s][info][gc,phases   ] GC(396)   Pre Evacuate Collection Set: 0.42ms
[226.071s][info][gc,phases   ] GC(396)   Merge Heap Roots: 0.17ms
[226.071s][info][gc,phases   ] GC(396)   Evacuate Collection Set: 21.43ms
[226.071s][info][gc,phases   ] GC(396)   Post Evacuate Collection Set: 0.81ms
[226.071s][info][gc,phases   ] GC(396)   Other: 0.08ms
[226.071s][info][gc,heap     ] GC(396) Eden regions: 286->0(382)
[226.071s][info][gc,heap     ] GC(396) Survivor regions: 1->24(51)
[226.071s][info][gc,heap     ] GC(396) Old regions: 44->44
[226.071s][info][gc,heap     ] GC(396) Humongous regions: 363->207
[226.071s][info][gc,metaspace] GC(396) Metaspace: 56885K(57280K)->56885K(57280K) NonClass: 48599K(48896K)->48599K(48896K) Class: 8285K(8384K)->8285K(8384K)
[226.071s][info][gc          ] GC(396) Pause Young (Prepare Mixed) (G1 Evacuation Pause) 692M->274M(718M) 23.124ms
[226.071s][info][gc,cpu      ] GC(396) User=0.02s Sys=0.02s Real=0.02s
[227.029s][info][gc,start    ] GC(397) Pause Young (Mixed) (G1 Evacuation Pause)
[227.029s][info][gc,task     ] GC(397) Using 2 workers of 2 for evacuation
[227.040s][info][gc,phases   ] GC(397)   Pre Evacuate Collection Set: 0.28ms
[227.040s][info][gc,phases   ] GC(397)   Merge Heap Roots: 0.14ms
[227.040s][info][gc,phases   ] GC(397)   Evacuate Collection Set: 9.85ms
[227.040s][info][gc,phases   ] GC(397)   Post Evacuate Collection Set: 0.79ms
[227.040s][info][gc,phases   ] GC(397)   Other: 0.10ms
[227.040s][info][gc,heap     ] GC(397) Eden regions: 382->0(381)
[227.040s][info][gc,heap     ] GC(397) Survivor regions: 24->25(51)
[227.040s][info][gc,heap     ] GC(397) Old regions: 44->43
[227.040s][info][gc,heap     ] GC(397) Humongous regions: 207->207
[227.040s][info][gc,metaspace] GC(397) Metaspace: 56885K(57280K)->56885K(57280K) NonClass: 48599K(48896K)->48599K(48896K) Class: 8285K(8384K)->8285K(8384K)
[227.040s][info][gc          ] GC(397) Pause Young (Mixed) (G1 Evacuation Pause) 656M->274M(718M) 11.352ms
[227.040s][info][gc,cpu      ] GC(397) User=0.02s Sys=0.00s Real=0.01s
[227.951s][info][gc,start    ] GC(398) Pause Young (Normal) (G1 Evacuation Pause)
[227.951s][info][gc,task     ] GC(398) Using 2 workers of 2 for evacuation
[227.962s][info][gc,phases   ] GC(398)   Pre Evacuate Collection Set: 0.29ms
[227.962s][info][gc,phases   ] GC(398)   Merge Heap Roots: 0.14ms
[227.962s][info][gc,phases   ] GC(398)   Evacuate Collection Set: 9.95ms
[227.962s][info][gc,phases   ] GC(398)   Post Evacuate Collection Set: 0.77ms
[227.962s][info][gc,phases   ] GC(398)   Other: 0.11ms
[227.962s][info][gc,heap     ] GC(398) Eden regions: 381->0(381)
[227.962s][info][gc,heap     ] GC(398) Survivor regions: 25->25(51)
[227.962s][info][gc,heap     ] GC(398) Old regions: 43->43
[227.962s][info][gc,heap     ] GC(398) Humongous regions: 207->207
[227.962s][info][gc,metaspace] GC(398) Metaspace: 56885K(57280K)->56885K(57280K) NonClass: 48599K(48896K)->48599K(48896K) Class: 8285K(8384K)->8285K(8384K)
[227.962s][info][gc          ] GC(398) Pause Young (Normal) (G1 Evacuation Pause) 655M->274M(718M) 11.472ms
[227.962s][info][gc,cpu      ] GC(398) User=0.02s Sys=0.00s Real=0.01s
[228.930s][info][gc,start    ] GC(399) Pause Young (Normal) (G1 Evacuation Pause)
[228.930s][info][gc,task     ] GC(399) Using 2 workers of 2 for evacuation
[228.939s][info][gc,phases   ] GC(399)   Pre Evacuate Collection Set: 0.28ms
[228.939s][info][gc,phases   ] GC(399)   Merge Heap Roots: 0.13ms
[228.939s][info][gc,phases   ] GC(399)   Evacuate Collection Set: 8.01ms
[228.939s][info][gc,phases   ] GC(399)   Post Evacuate Collection Set: 0.78ms
[228.939s][info][gc,phases   ] GC(399)   Other: 0.09ms
[228.939s][info][gc,heap     ] GC(399) Eden regions: 381->0(383)
[228.939s][info][gc,heap     ] GC(399) Survivor regions: 25->24(51)
[228.939s][info][gc,heap     ] GC(399) Old regions: 43->43
[228.939s][info][gc,heap     ] GC(399) Humongous regions: 207->207
[228.939s][info][gc,metaspace] GC(399) Metaspace: 56887K(57280K)->56887K(57280K) NonClass: 48601K(48896K)->48601K(48896K) Class: 8285K(8384K)->8285K(8384K)
[228.939s][info][gc          ] GC(399) Pause Young (Normal) (G1 Evacuation Pause) 655M->273M(718M) 9.492ms
[228.939s][info][gc,cpu      ] GC(399) User=0.01s Sys=0.00s Real=0.01s
[229.852s][info][gc,start    ] GC(400) Pause Young (Normal) (G1 Evacuation Pause)
[229.853s][info][gc,task     ] GC(400) Using 2 workers of 2 for evacuation
[229.862s][info][gc,phases   ] GC(400)   Pre Evacuate Collection Set: 0.28ms
[229.862s][info][gc,phases   ] GC(400)   Merge Heap Roots: 0.13ms
[229.862s][info][gc,phases   ] GC(400)   Evacuate Collection Set: 8.21ms
[229.862s][info][gc,phases   ] GC(400)   Post Evacuate Collection Set: 0.80ms
[229.862s][info][gc,phases   ] GC(400)   Other: 0.09ms
[229.862s][info][gc,heap     ] GC(400) Eden regions: 383->0(383)
[229.862s][info][gc,heap     ] GC(400) Survivor regions: 24->24(51)
[229.862s][info][gc,heap     ] GC(400) Old regions: 43->43
[229.862s][info][gc,heap     ] GC(400) Humongous regions: 207->207
[229.862s][info][gc,metaspace] GC(400) Metaspace: 56888K(57280K)->56888K(57280K) NonClass: 48602K(48896K)->48602K(48896K) Class: 8285K(8384K)->8285K(8384K)
[229.862s][info][gc          ] GC(400) Pause Young (Normal) (G1 Evacuation Pause) 656M->273M(718M) 9.691ms
[229.862s][info][gc,cpu      ] GC(400) User=0.02s Sys=0.00s Real=0.01s
[230.841s][info][gc,start    ] GC(401) Pause Young (Normal) (G1 Evacuation Pause)
[230.841s][info][gc,task     ] GC(401) Using 2 workers of 2 for evacuation
[230.852s][info][gc,phases   ] GC(401)   Pre Evacuate Collection Set: 0.27ms
[230.852s][info][gc,phases   ] GC(401)   Merge Heap Roots: 0.13ms
[230.852s][info][gc,phases   ] GC(401)   Evacuate Collection Set: 9.47ms
[230.852s][info][gc,phases   ] GC(401)   Post Evacuate Collection Set: 0.81ms
[230.852s][info][gc,phases   ] GC(401)   Other: 0.13ms
[230.852s][info][gc,heap     ] GC(401) Eden regions: 383->0(381)
[230.852s][info][gc,heap     ] GC(401) Survivor regions: 24->25(51)
[230.852s][info][gc,heap     ] GC(401) Old regions: 43->43
[230.852s][info][gc,heap     ] GC(401) Humongous regions: 207->207
[230.852s][info][gc,metaspace] GC(401) Metaspace: 56888K(57280K)->56888K(57280K) NonClass: 48602K(48896K)->48602K(48896K) Class: 8285K(8384K)->8285K(8384K)
[230.852s][info][gc          ] GC(401) Pause Young (Normal) (G1 Evacuation Pause) 656M->274M(718M) 11.005ms
[230.852s][info][gc,cpu      ] GC(401) User=0.02s Sys=0.00s Real=0.01s
[231.831s][info][gc,start    ] GC(402) Pause Young (Normal) (G1 Evacuation Pause)
[231.831s][info][gc,task     ] GC(402) Using 2 workers of 2 for evacuation
[231.844s][info][gc,phases   ] GC(402)   Pre Evacuate Collection Set: 0.29ms
[231.844s][info][gc,phases   ] GC(402)   Merge Heap Roots: 0.14ms
[231.844s][info][gc,phases   ] GC(402)   Evacuate Collection Set: 12.07ms
[231.844s][info][gc,phases   ] GC(402)   Post Evacuate Collection Set: 0.81ms
[231.844s][info][gc,phases   ] GC(402)   Other: 0.14ms
[231.844s][info][gc,heap     ] GC(402) Eden regions: 381->0(379)
[231.844s][info][gc,heap     ] GC(402) Survivor regions: 25->26(51)
[231.844s][info][gc,heap     ] GC(402) Old regions: 43->43
[231.844s][info][gc,heap     ] GC(402) Humongous regions: 207->207
[231.844s][info][gc,metaspace] GC(402) Metaspace: 56888K(57280K)->56888K(57280K) NonClass: 48602K(48896K)->48602K(48896K) Class: 8285K(8384K)->8285K(8384K)
[231.844s][info][gc          ] GC(402) Pause Young (Normal) (G1 Evacuation Pause) 655M->275M(718M) 13.692ms
[231.845s][info][gc,cpu      ] GC(402) User=0.03s Sys=0.00s Real=0.01s
[232.745s][info][gc,start    ] GC(403) Pause Young (Normal) (G1 Evacuation Pause)
[232.745s][info][gc,task     ] GC(403) Using 2 workers of 2 for evacuation
[232.757s][info][gc,phases   ] GC(403)   Pre Evacuate Collection Set: 0.30ms
[232.757s][info][gc,phases   ] GC(403)   Merge Heap Roots: 0.13ms
[232.757s][info][gc,phases   ] GC(403)   Evacuate Collection Set: 10.24ms
[232.757s][info][gc,phases   ] GC(403)   Post Evacuate Collection Set: 0.81ms
[232.757s][info][gc,phases   ] GC(403)   Other: 0.09ms
[232.757s][info][gc,heap     ] GC(403) Eden regions: 379->0(380)
[232.757s][info][gc,heap     ] GC(403) Survivor regions: 26->25(51)
[232.757s][info][gc,heap     ] GC(403) Old regions: 43->44
[232.757s][info][gc,heap     ] GC(403) Humongous regions: 207->207
[232.757s][info][gc,metaspace] GC(403) Metaspace: 56888K(57280K)->56888K(57280K) NonClass: 48602K(48896K)->48602K(48896K) Class: 8285K(8384K)->8285K(8384K)
[232.757s][info][gc          ] GC(403) Pause Young (Normal) (G1 Evacuation Pause) 654M->274M(718M) 11.762ms
[232.757s][info][gc,cpu      ] GC(403) User=0.02s Sys=0.00s Real=0.02s
[233.817s][info][gc,start    ] GC(404) Pause Young (Concurrent Start) (G1 Evacuation Pause)
[233.817s][info][gc,task     ] GC(404) Using 2 workers of 2 for evacuation
[233.826s][info][gc,phases   ] GC(404)   Pre Evacuate Collection Set: 0.29ms
[233.826s][info][gc,phases   ] GC(404)   Merge Heap Roots: 0.13ms
[233.826s][info][gc,phases   ] GC(404)   Evacuate Collection Set: 7.53ms
[233.826s][info][gc,phases   ] GC(404)   Post Evacuate Collection Set: 0.78ms
[233.826s][info][gc,phases   ] GC(404)   Other: 0.12ms
[233.826s][info][gc,heap     ] GC(404) Eden regions: 380->0(382)
[233.826s][info][gc,heap     ] GC(404) Survivor regions: 25->24(51)
[233.826s][info][gc,heap     ] GC(404) Old regions: 44->44
[233.826s][info][gc,heap     ] GC(404) Humongous regions: 207->207
[233.826s][info][gc,metaspace] GC(404) Metaspace: 56891K(57280K)->56891K(57280K) NonClass: 48605K(48896K)->48605K(48896K) Class: 8285K(8384K)->8285K(8384K)
[233.826s][info][gc          ] GC(404) Pause Young (Concurrent Start) (G1 Evacuation Pause) 654M->273M(718M) 9.048ms
[233.826s][info][gc,cpu      ] GC(404) User=0.02s Sys=0.00s Real=0.00s
[233.826s][info][gc          ] GC(405) Concurrent Mark Cycle
[233.827s][info][gc,marking  ] GC(405) Concurrent Scan Root Regions
[233.835s][info][gc,marking  ] GC(405) Concurrent Scan Root Regions 8.182ms
[233.835s][info][gc,marking  ] GC(405) Concurrent Mark
[233.835s][info][gc,marking  ] GC(405) Concurrent Mark From Roots
[233.835s][info][gc,task     ] GC(405) Using 1 workers of 1 for marking
[233.877s][info][gc,marking  ] GC(405) Concurrent Mark From Roots 42.379ms
[233.877s][info][gc,marking  ] GC(405) Concurrent Preclean
[233.877s][info][gc,marking  ] GC(405) Concurrent Preclean 0.057ms
[233.878s][info][gc,start    ] GC(405) Pause Remark
[233.887s][info][gc          ] GC(405) Pause Remark 301M->301M(718M) 9.734ms
[233.887s][info][gc,cpu      ] GC(405) User=0.02s Sys=0.00s Real=0.01s
[233.889s][info][gc,marking  ] GC(405) Concurrent Mark 54.485ms
[233.890s][info][gc,marking  ] GC(405) Concurrent Rebuild Remembered Sets and Scrub Regions
[233.912s][info][gc,marking  ] GC(405) Concurrent Rebuild Remembered Sets and Scrub Regions 22.768ms
[233.912s][info][gc,start    ] GC(405) Pause Cleanup
[233.912s][info][gc          ] GC(405) Pause Cleanup 312M->312M(718M) 0.075ms
[233.912s][info][gc,cpu      ] GC(405) User=0.00s Sys=0.00s Real=0.00s
[233.912s][info][gc,marking  ] GC(405) Concurrent Clear Claimed Marks
[233.913s][info][gc,marking  ] GC(405) Concurrent Clear Claimed Marks 0.090ms
[233.913s][info][gc,marking  ] GC(405) Concurrent Cleanup for Next Mark
[233.915s][info][gc,marking  ] GC(405) Concurrent Cleanup for Next Mark 2.418ms
[233.915s][info][gc          ] GC(405) Concurrent Mark Cycle 88.611ms
[234.744s][info][gc,start    ] GC(406) Pause Young (Prepare Mixed) (G1 Evacuation Pause)
[234.744s][info][gc,task     ] GC(406) Using 2 workers of 2 for evacuation
[234.756s][info][gc,phases   ] GC(406)   Pre Evacuate Collection Set: 0.27ms
[234.756s][info][gc,phases   ] GC(406)   Merge Heap Roots: 0.18ms
[234.756s][info][gc,phases   ] GC(406)   Evacuate Collection Set: 10.80ms
[234.756s][info][gc,phases   ] GC(406)   Post Evacuate Collection Set: 0.79ms
[234.756s][info][gc,phases   ] GC(406)   Other: 0.11ms
[234.756s][info][gc,heap     ] GC(406) Eden regions: 382->0(378)
[234.756s][info][gc,heap     ] GC(406) Survivor regions: 24->26(51)
[234.756s][info][gc,heap     ] GC(406) Old regions: 44->44
[234.756s][info][gc,heap     ] GC(406) Humongous regions: 207->207
[234.756s][info][gc,metaspace] GC(406) Metaspace: 56891K(57280K)->56891K(57280K) NonClass: 48605K(48896K)->48605K(48896K) Class: 8285K(8384K)->8285K(8384K)
[234.756s][info][gc          ] GC(406) Pause Young (Prepare Mixed) (G1 Evacuation Pause) 655M->275M(718M) 12.343ms
[234.756s][info][gc,cpu      ] GC(406) User=0.02s Sys=0.00s Real=0.01s
[235.724s][info][gc,start    ] GC(407) Pause Young (Mixed) (G1 Evacuation Pause)
[235.724s][info][gc,task     ] GC(407) Using 2 workers of 2 for evacuation
[235.738s][info][gc,phases   ] GC(407)   Pre Evacuate Collection Set: 0.27ms
[235.738s][info][gc,phases   ] GC(407)   Merge Heap Roots: 0.16ms
[235.738s][info][gc,phases   ] GC(407)   Evacuate Collection Set: 12.67ms
[235.738s][info][gc,phases   ] GC(407)   Post Evacuate Collection Set: 0.88ms
[235.738s][info][gc,phases   ] GC(407)   Other: 0.08ms
[235.738s][info][gc,heap     ] GC(407) Eden regions: 378->0(383)
[235.738s][info][gc,heap     ] GC(407) Survivor regions: 26->24(51)
[235.738s][info][gc,heap     ] GC(407) Old regions: 44->43
[235.738s][info][gc,heap     ] GC(407) Humongous regions: 207->207
[235.738s][info][gc,metaspace] GC(407) Metaspace: 56891K(57280K)->56891K(57280K) NonClass: 48605K(48896K)->48605K(48896K) Class: 8285K(8384K)->8285K(8384K)
[235.738s][info][gc          ] GC(407) Pause Young (Mixed) (G1 Evacuation Pause) 653M->273M(718M) 14.267ms
[235.738s][info][gc,cpu      ] GC(407) User=0.03s Sys=0.00s Real=0.02s
[236.653s][info][gc,start    ] GC(408) Pause Young (Normal) (G1 Evacuation Pause)
[236.653s][info][gc,task     ] GC(408) Using 2 workers of 2 for evacuation
[236.664s][info][gc,phases   ] GC(408)   Pre Evacuate Collection Set: 0.27ms
[236.664s][info][gc,phases   ] GC(408)   Merge Heap Roots: 0.16ms
[236.664s][info][gc,phases   ] GC(408)   Evacuate Collection Set: 9.37ms
[236.664s][info][gc,phases   ] GC(408)   Post Evacuate Collection Set: 0.81ms
[236.664s][info][gc,phases   ] GC(408)   Other: 0.09ms
[236.664s][info][gc,heap     ] GC(408) Eden regions: 383->0(381)
[236.664s][info][gc,heap     ] GC(408) Survivor regions: 24->25(51)
[236.664s][info][gc,heap     ] GC(408) Old regions: 43->43
[236.664s][info][gc,heap     ] GC(408) Humongous regions: 207->207
[236.664s][info][gc,metaspace] GC(408) Metaspace: 56891K(57280K)->56891K(57280K) NonClass: 48605K(48896K)->48605K(48896K) Class: 8285K(8384K)->8285K(8384K)
[236.664s][info][gc          ] GC(408) Pause Young (Normal) (G1 Evacuation Pause) 656M->274M(718M) 10.901ms
[236.664s][info][gc,cpu      ] GC(408) User=0.02s Sys=0.00s Real=0.01s
[237.627s][info][gc,start    ] GC(409) Pause Young (Normal) (G1 Evacuation Pause)
[237.627s][info][gc,task     ] GC(409) Using 2 workers of 2 for evacuation
[237.637s][info][gc,phases   ] GC(409)   Pre Evacuate Collection Set: 0.28ms
[237.637s][info][gc,phases   ] GC(409)   Merge Heap Roots: 0.15ms
[237.637s][info][gc,phases   ] GC(409)   Evacuate Collection Set: 8.50ms
[237.637s][info][gc,phases   ] GC(409)   Post Evacuate Collection Set: 0.82ms
[237.637s][info][gc,phases   ] GC(409)   Other: 0.08ms
[237.637s][info][gc,heap     ] GC(409) Eden regions: 381->0(383)
[237.637s][info][gc,heap     ] GC(409) Survivor regions: 25->24(51)
[237.637s][info][gc,heap     ] GC(409) Old regions: 43->43
[237.637s][info][gc,heap     ] GC(409) Humongous regions: 207->207
[237.637s][info][gc,metaspace] GC(409) Metaspace: 56891K(57280K)->56891K(57280K) NonClass: 48605K(48896K)->48605K(48896K) Class: 8285K(8384K)->8285K(8384K)
[237.637s][info][gc          ] GC(409) Pause Young (Normal) (G1 Evacuation Pause) 655M->273M(718M) 10.020ms
[237.637s][info][gc,cpu      ] GC(409) User=0.02s Sys=0.00s Real=0.01s
[238.560s][info][gc,start    ] GC(410) Pause Young (Normal) (G1 Evacuation Pause)
[238.560s][info][gc,task     ] GC(410) Using 2 workers of 2 for evacuation
[238.571s][info][gc,phases   ] GC(410)   Pre Evacuate Collection Set: 0.29ms
[238.571s][info][gc,phases   ] GC(410)   Merge Heap Roots: 0.14ms
[238.571s][info][gc,phases   ] GC(410)   Evacuate Collection Set: 9.10ms
[238.571s][info][gc,phases   ] GC(410)   Post Evacuate Collection Set: 0.82ms
[238.571s][info][gc,phases   ] GC(410)   Other: 0.10ms
[238.571s][info][gc,heap     ] GC(410) Eden regions: 383->0(381)
[238.571s][info][gc,heap     ] GC(410) Survivor regions: 24->25(51)
[238.571s][info][gc,heap     ] GC(410) Old regions: 43->43
[238.571s][info][gc,heap     ] GC(410) Humongous regions: 207->207
[238.571s][info][gc,metaspace] GC(410) Metaspace: 56891K(57280K)->56891K(57280K) NonClass: 48605K(48896K)->48605K(48896K) Class: 8285K(8384K)->8285K(8384K)
[238.571s][info][gc          ] GC(410) Pause Young (Normal) (G1 Evacuation Pause) 656M->273M(718M) 10.652ms
[238.571s][info][gc,cpu      ] GC(410) User=0.02s Sys=0.00s Real=0.01s
[239.537s][info][gc,start    ] GC(411) Pause Young (Normal) (G1 Evacuation Pause)
[239.537s][info][gc,task     ] GC(411) Using 2 workers of 2 for evacuation
[239.547s][info][gc,phases   ] GC(411)   Pre Evacuate Collection Set: 0.26ms
[239.548s][info][gc,phases   ] GC(411)   Merge Heap Roots: 0.14ms
[239.548s][info][gc,phases   ] GC(411)   Evacuate Collection Set: 9.24ms
[239.548s][info][gc,phases   ] GC(411)   Post Evacuate Collection Set: 0.81ms
[239.548s][info][gc,phases   ] GC(411)   Other: 0.10ms
[239.548s][info][gc,heap     ] GC(411) Eden regions: 381->0(381)
[239.548s][info][gc,heap     ] GC(411) Survivor regions: 25->25(51)
[239.548s][info][gc,heap     ] GC(411) Old regions: 43->43
[239.548s][info][gc,heap     ] GC(411) Humongous regions: 207->207
[239.548s][info][gc,metaspace] GC(411) Metaspace: 56891K(57280K)->56891K(57280K) NonClass: 48605K(48896K)->48605K(48896K) Class: 8285K(8384K)->8285K(8384K)
[239.548s][info][gc          ] GC(411) Pause Young (Normal) (G1 Evacuation Pause) 654M->273M(718M) 10.742ms
[239.548s][info][gc,cpu      ] GC(411) User=0.01s Sys=0.00s Real=0.01s
[240.468s][info][gc,start    ] GC(412) Pause Young (Normal) (G1 Evacuation Pause)
[240.469s][info][gc,task     ] GC(412) Using 2 workers of 2 for evacuation
[240.477s][info][gc,phases   ] GC(412)   Pre Evacuate Collection Set: 0.30ms
[240.477s][info][gc,phases   ] GC(412)   Merge Heap Roots: 0.12ms
[240.477s][info][gc,phases   ] GC(412)   Evacuate Collection Set: 7.52ms
[240.477s][info][gc,phases   ] GC(412)   Post Evacuate Collection Set: 0.77ms
[240.477s][info][gc,phases   ] GC(412)   Other: 0.11ms
[240.477s][info][gc,heap     ] GC(412) Eden regions: 381->0(407)
[240.477s][info][gc,heap     ] GC(412) Survivor regions: 25->1(51)
[240.477s][info][gc,heap     ] GC(412) Old regions: 43->65
[240.477s][info][gc,heap     ] GC(412) Humongous regions: 207->207
[240.477s][info][gc,metaspace] GC(412) Metaspace: 56891K(57280K)->56891K(57280K) NonClass: 48605K(48896K)->48605K(48896K) Class: 8285K(8384K)->8285K(8384K)
[240.478s][info][gc          ] GC(412) Pause Young (Normal) (G1 Evacuation Pause) 654M->272M(718M) 9.050ms
[240.478s][info][gc,cpu      ] GC(412) User=0.02s Sys=0.00s Real=0.01s
[241.528s][info][gc,start    ] GC(413) Pause Young (Concurrent Start) (G1 Evacuation Pause)
[241.528s][info][gc,task     ] GC(413) Using 2 workers of 2 for evacuation
[241.533s][info][gc,phases   ] GC(413)   Pre Evacuate Collection Set: 0.31ms
[241.533s][info][gc,phases   ] GC(413)   Merge Heap Roots: 0.13ms
[241.533s][info][gc,phases   ] GC(413)   Evacuate Collection Set: 4.06ms
[241.533s][info][gc,phases   ] GC(413)   Post Evacuate Collection Set: 0.73ms
[241.533s][info][gc,phases   ] GC(413)   Other: 0.11ms
[241.533s][info][gc,heap     ] GC(413) Eden regions: 407->0(405)
[241.533s][info][gc,heap     ] GC(413) Survivor regions: 1->2(51)
[241.533s][info][gc,heap     ] GC(413) Old regions: 65->65
[241.533s][info][gc,heap     ] GC(413) Humongous regions: 207->207
[241.533s][info][gc,metaspace] GC(413) Metaspace: 56891K(57280K)->56891K(57280K) NonClass: 48605K(48896K)->48605K(48896K) Class: 8285K(8384K)->8285K(8384K)
[241.533s][info][gc          ] GC(413) Pause Young (Concurrent Start) (G1 Evacuation Pause) 679M->273M(718M) 5.512ms
[241.533s][info][gc,cpu      ] GC(413) User=0.01s Sys=0.00s Real=0.00s
[241.533s][info][gc          ] GC(414) Concurrent Mark Cycle
[241.533s][info][gc,marking  ] GC(414) Concurrent Scan Root Regions
[241.538s][info][gc,marking  ] GC(414) Concurrent Scan Root Regions 4.558ms
[241.538s][info][gc,marking  ] GC(414) Concurrent Mark
[241.538s][info][gc,marking  ] GC(414) Concurrent Mark From Roots
[241.538s][info][gc,task     ] GC(414) Using 1 workers of 1 for marking
[241.597s][info][gc,marking  ] GC(414) Concurrent Mark From Roots 58.863ms
[241.597s][info][gc,marking  ] GC(414) Concurrent Preclean
[241.597s][info][gc,marking  ] GC(414) Concurrent Preclean 0.098ms
[241.597s][info][gc,start    ] GC(414) Pause Remark
[241.607s][info][gc          ] GC(414) Pause Remark 305M->287M(718M) 9.885ms
[241.607s][info][gc,cpu      ] GC(414) User=0.02s Sys=0.00s Real=0.01s
[241.607s][info][gc,marking  ] GC(414) Concurrent Mark 69.569ms
[241.607s][info][gc,marking  ] GC(414) Concurrent Rebuild Remembered Sets and Scrub Regions
[241.631s][info][gc,marking  ] GC(414) Concurrent Rebuild Remembered Sets and Scrub Regions 23.490ms
[241.631s][info][gc,start    ] GC(414) Pause Cleanup
[241.631s][info][gc          ] GC(414) Pause Cleanup 297M->297M(718M) 0.087ms
[241.631s][info][gc,cpu      ] GC(414) User=0.00s Sys=0.00s Real=0.00s
[241.631s][info][gc,marking  ] GC(414) Concurrent Clear Claimed Marks
[241.631s][info][gc,marking  ] GC(414) Concurrent Clear Claimed Marks 0.106ms
[241.631s][info][gc,marking  ] GC(414) Concurrent Cleanup for Next Mark
[241.638s][info][gc,marking  ] GC(414) Concurrent Cleanup for Next Mark 6.453ms
[241.638s][info][gc          ] GC(414) Concurrent Mark Cycle 104.766ms
[242.531s][info][gc,start    ] GC(415) Pause Young (Prepare Mixed) (G1 Evacuation Pause)
[242.531s][info][gc,task     ] GC(415) Using 2 workers of 2 for evacuation
[242.535s][info][gc,phases   ] GC(415)   Pre Evacuate Collection Set: 0.30ms
[242.535s][info][gc,phases   ] GC(415)   Merge Heap Roots: 0.15ms
[242.535s][info][gc,phases   ] GC(415)   Evacuate Collection Set: 2.45ms
[242.535s][info][gc,phases   ] GC(415)   Post Evacuate Collection Set: 0.68ms
[242.535s][info][gc,phases   ] GC(415)   Other: 0.09ms
[242.535s][info][gc,heap     ] GC(415) Eden regions: 405->0(425)
[242.535s][info][gc,heap     ] GC(415) Survivor regions: 2->1(51)
[242.535s][info][gc,heap     ] GC(415) Old regions: 47->47
[242.535s][info][gc,heap     ] GC(415) Humongous regions: 207->207
[242.535s][info][gc,metaspace] GC(415) Metaspace: 56891K(57280K)->56891K(57280K) NonClass: 48605K(48896K)->48605K(48896K) Class: 8285K(8384K)->8285K(8384K)
[242.535s][info][gc          ] GC(415) Pause Young (Prepare Mixed) (G1 Evacuation Pause) 660M->254M(718M) 3.850ms
[242.535s][info][gc,cpu      ] GC(415) User=0.00s Sys=0.00s Real=0.00s
[243.620s][info][gc,start    ] GC(416) Pause Young (Mixed) (G1 Evacuation Pause)
[243.620s][info][gc,task     ] GC(416) Using 2 workers of 2 for evacuation
[243.624s][info][gc,phases   ] GC(416)   Pre Evacuate Collection Set: 0.32ms
[243.624s][info][gc,phases   ] GC(416)   Merge Heap Roots: 0.13ms
[243.624s][info][gc,phases   ] GC(416)   Evacuate Collection Set: 2.60ms
[243.624s][info][gc,phases   ] GC(416)   Post Evacuate Collection Set: 0.74ms
[243.624s][info][gc,phases   ] GC(416)   Other: 0.09ms
[243.624s][info][gc,heap     ] GC(416) Eden regions: 425->0(427)
[243.624s][info][gc,heap     ] GC(416) Survivor regions: 1->1(54)
[243.624s][info][gc,heap     ] GC(416) Old regions: 47->45
[243.624s][info][gc,heap     ] GC(416) Humongous regions: 207->207
[243.624s][info][gc,metaspace] GC(416) Metaspace: 56891K(57280K)->56891K(57280K) NonClass: 48605K(48896K)->48605K(48896K) Class: 8285K(8384K)->8285K(8384K)
[243.624s][info][gc          ] GC(416) Pause Young (Mixed) (G1 Evacuation Pause) 679M->252M(718M) 4.059ms
[243.624s][info][gc,cpu      ] GC(416) User=0.00s Sys=0.00s Real=0.00s
[244.753s][info][gc,start    ] GC(417) Pause Young (Concurrent Start) (G1 Evacuation Pause)
[244.753s][info][gc,task     ] GC(417) Using 2 workers of 2 for evacuation
[244.759s][info][gc,phases   ] GC(417)   Pre Evacuate Collection Set: 0.32ms
[244.759s][info][gc,phases   ] GC(417)   Merge Heap Roots: 0.13ms
[244.759s][info][gc,phases   ] GC(417)   Evacuate Collection Set: 5.11ms
[244.759s][info][gc,phases   ] GC(417)   Post Evacuate Collection Set: 0.74ms
[244.759s][info][gc,phases   ] GC(417)   Other: 0.13ms
[244.759s][info][gc,heap     ] GC(417) Eden regions: 427->0(423)
[244.759s][info][gc,heap     ] GC(417) Survivor regions: 1->3(54)
[244.759s][info][gc,heap     ] GC(417) Old regions: 45->45
[244.759s][info][gc,heap     ] GC(417) Humongous regions: 207->207
[244.759s][info][gc,metaspace] GC(417) Metaspace: 56891K(57280K)->56891K(57280K) NonClass: 48605K(48896K)->48605K(48896K) Class: 8285K(8384K)->8285K(8384K)
[244.759s][info][gc          ] GC(417) Pause Young (Concurrent Start) (G1 Evacuation Pause) 679M->254M(718M) 6.615ms
[244.759s][info][gc          ] GC(418) Concurrent Mark Cycle
[244.759s][info][gc,marking  ] GC(418) Concurrent Scan Root Regions
[244.760s][info][gc,cpu      ] GC(417) User=0.01s Sys=0.00s Real=0.01s
[244.764s][info][gc,marking  ] GC(418) Concurrent Scan Root Regions 4.471ms
[244.764s][info][gc,marking  ] GC(418) Concurrent Mark
[244.764s][info][gc,marking  ] GC(418) Concurrent Mark From Roots
[244.764s][info][gc,task     ] GC(418) Using 1 workers of 1 for marking
[244.814s][info][gc,marking  ] GC(418) Concurrent Mark From Roots 50.090ms
[244.814s][info][gc,marking  ] GC(418) Concurrent Preclean
[244.814s][info][gc,marking  ] GC(418) Concurrent Preclean 0.074ms
[244.814s][info][gc,start    ] GC(418) Pause Remark
[244.824s][info][gc          ] GC(418) Pause Remark 266M->266M(718M) 9.517ms
[244.824s][info][gc,cpu      ] GC(418) User=0.02s Sys=0.00s Real=0.01s
[244.824s][info][gc,marking  ] GC(418) Concurrent Mark 59.930ms
[244.824s][info][gc,marking  ] GC(418) Concurrent Rebuild Remembered Sets and Scrub Regions
[244.853s][info][gc,marking  ] GC(418) Concurrent Rebuild Remembered Sets and Scrub Regions 28.599ms
[244.853s][info][gc,start    ] GC(418) Pause Cleanup
[244.853s][info][gc          ] GC(418) Pause Cleanup 282M->282M(718M) 0.075ms
[244.853s][info][gc,cpu      ] GC(418) User=0.00s Sys=0.00s Real=0.00s
[244.853s][info][gc,marking  ] GC(418) Concurrent Clear Claimed Marks
[244.853s][info][gc,marking  ] GC(418) Concurrent Clear Claimed Marks 0.090ms
[244.853s][info][gc,marking  ] GC(418) Concurrent Cleanup for Next Mark
[244.857s][info][gc,marking  ] GC(418) Concurrent Cleanup for Next Mark 4.474ms
[244.857s][info][gc          ] GC(418) Concurrent Mark Cycle 97.991ms
[245.829s][info][gc,start    ] GC(419) Pause Young (Prepare Mixed) (G1 Evacuation Pause)
[245.829s][info][gc,task     ] GC(419) Using 2 workers of 2 for evacuation
[245.834s][info][gc,phases   ] GC(419)   Pre Evacuate Collection Set: 0.27ms
[245.834s][info][gc,phases   ] GC(419)   Merge Heap Roots: 0.15ms
[245.834s][info][gc,phases   ] GC(419)   Evacuate Collection Set: 3.57ms
[245.834s][info][gc,phases   ] GC(419)   Post Evacuate Collection Set: 0.72ms
[245.834s][info][gc,phases   ] GC(419)   Other: 0.10ms
[245.834s][info][gc,heap     ] GC(419) Eden regions: 423->0(425)
[245.834s][info][gc,heap     ] GC(419) Survivor regions: 3->2(54)
[245.834s][info][gc,heap     ] GC(419) Old regions: 45->45
[245.834s][info][gc,heap     ] GC(419) Humongous regions: 207->207
[245.834s][info][gc,metaspace] GC(419) Metaspace: 56891K(57280K)->56891K(57280K) NonClass: 48605K(48896K)->48605K(48896K) Class: 8285K(8384K)->8285K(8384K)
[245.834s][info][gc          ] GC(419) Pause Young (Prepare Mixed) (G1 Evacuation Pause) 677M->253M(718M) 5.003ms
[245.834s][info][gc,cpu      ] GC(419) User=0.01s Sys=0.00s Real=0.00s
[246.874s][info][gc,start    ] GC(420) Pause Young (Mixed) (G1 Evacuation Pause)
[246.874s][info][gc,task     ] GC(420) Using 2 workers of 2 for evacuation
[246.878s][info][gc,phases   ] GC(420)   Pre Evacuate Collection Set: 0.28ms
[246.878s][info][gc,phases   ] GC(420)   Merge Heap Roots: 0.12ms
[246.878s][info][gc,phases   ] GC(420)   Evacuate Collection Set: 2.79ms
[246.878s][info][gc,phases   ] GC(420)   Post Evacuate Collection Set: 0.74ms
[246.878s][info][gc,phases   ] GC(420)   Other: 0.08ms
[246.878s][info][gc,heap     ] GC(420) Eden regions: 425->0(428)
[246.878s][info][gc,heap     ] GC(420) Survivor regions: 2->1(54)
[246.878s][info][gc,heap     ] GC(420) Old regions: 45->44
[246.878s][info][gc,heap     ] GC(420) Humongous regions: 207->207
[246.878s][info][gc,metaspace] GC(420) Metaspace: 56891K(57280K)->56891K(57280K) NonClass: 48605K(48896K)->48605K(48896K) Class: 8285K(8384K)->8285K(8384K)
[246.878s][info][gc          ] GC(420) Pause Young (Mixed) (G1 Evacuation Pause) 678M->251M(718M) 4.202ms
[246.878s][info][gc,cpu      ] GC(420) User=0.01s Sys=0.00s Real=0.01s
[247.950s][info][gc,start    ] GC(421) Pause Young (Concurrent Start) (G1 Evacuation Pause)
[247.950s][info][gc,task     ] GC(421) Using 2 workers of 2 for evacuation
[247.956s][info][gc,phases   ] GC(421)   Pre Evacuate Collection Set: 0.29ms
[247.956s][info][gc,phases   ] GC(421)   Merge Heap Roots: 0.12ms
[247.956s][info][gc,phases   ] GC(421)   Evacuate Collection Set: 5.08ms
[247.956s][info][gc,phases   ] GC(421)   Post Evacuate Collection Set: 1.03ms
[247.956s][info][gc,phases   ] GC(421)   Other: 0.12ms
[247.956s][info][gc,heap     ] GC(421) Eden regions: 428->0(424)
[247.956s][info][gc,heap     ] GC(421) Survivor regions: 1->3(54)
[247.956s][info][gc,heap     ] GC(421) Old regions: 44->44
[247.956s][info][gc,heap     ] GC(421) Humongous regions: 207->207
[247.956s][info][gc,metaspace] GC(421) Metaspace: 56891K(57280K)->56891K(57280K) NonClass: 48605K(48896K)->48605K(48896K) Class: 8285K(8384K)->8285K(8384K)
[247.956s][info][gc          ] GC(421) Pause Young (Concurrent Start) (G1 Evacuation Pause) 679M->253M(718M) 6.837ms
[247.956s][info][gc,cpu      ] GC(421) User=0.02s Sys=0.00s Real=0.00s
[247.956s][info][gc          ] GC(422) Concurrent Mark Cycle
[247.959s][info][gc,marking  ] GC(422) Concurrent Scan Root Regions
[247.963s][info][gc,marking  ] GC(422) Concurrent Scan Root Regions 4.887ms
[247.963s][info][gc,marking  ] GC(422) Concurrent Mark
[247.963s][info][gc,marking  ] GC(422) Concurrent Mark From Roots
[247.964s][info][gc,task     ] GC(422) Using 1 workers of 1 for marking
[248.011s][info][gc,marking  ] GC(422) Concurrent Mark From Roots 47.949ms
[248.011s][info][gc,marking  ] GC(422) Concurrent Preclean
[248.012s][info][gc,marking  ] GC(422) Concurrent Preclean 0.069ms
[248.012s][info][gc,start    ] GC(422) Pause Remark
[248.021s][info][gc          ] GC(422) Pause Remark 267M->267M(718M) 9.216ms
[248.021s][info][gc,cpu      ] GC(422) User=0.02s Sys=0.00s Real=0.01s
[248.021s][info][gc,marking  ] GC(422) Concurrent Mark 57.639ms
[248.021s][info][gc,marking  ] GC(422) Concurrent Rebuild Remembered Sets and Scrub Regions
[248.055s][info][gc,marking  ] GC(422) Concurrent Rebuild Remembered Sets and Scrub Regions 33.671ms
[248.055s][info][gc,start    ] GC(422) Pause Cleanup
[248.055s][info][gc          ] GC(422) Pause Cleanup 289M->289M(718M) 0.092ms
[248.055s][info][gc,cpu      ] GC(422) User=0.00s Sys=0.00s Real=0.00s
[248.055s][info][gc,marking  ] GC(422) Concurrent Clear Claimed Marks
[248.055s][info][gc,marking  ] GC(422) Concurrent Clear Claimed Marks 0.109ms
[248.055s][info][gc,marking  ] GC(422) Concurrent Cleanup for Next Mark
[248.057s][info][gc,marking  ] GC(422) Concurrent Cleanup for Next Mark 2.109ms
[248.057s][info][gc          ] GC(422) Concurrent Mark Cycle 101.049ms
[249.027s][info][gc,start    ] GC(423) Pause Young (Prepare Mixed) (G1 Evacuation Pause)
[249.028s][info][gc,task     ] GC(423) Using 2 workers of 2 for evacuation
[249.031s][info][gc,phases   ] GC(423)   Pre Evacuate Collection Set: 0.29ms
[249.031s][info][gc,phases   ] GC(423)   Merge Heap Roots: 0.15ms
[249.031s][info][gc,phases   ] GC(423)   Evacuate Collection Set: 2.68ms
[249.031s][info][gc,phases   ] GC(423)   Post Evacuate Collection Set: 0.72ms
[249.031s][info][gc,phases   ] GC(423)   Other: 0.09ms
[249.031s][info][gc,heap     ] GC(423) Eden regions: 424->0(428)
[249.031s][info][gc,heap     ] GC(423) Survivor regions: 3->1(54)
[249.032s][info][gc,heap     ] GC(423) Old regions: 44->44
[249.032s][info][gc,heap     ] GC(423) Humongous regions: 207->207
[249.032s][info][gc,metaspace] GC(423) Metaspace: 56891K(57280K)->56891K(57280K) NonClass: 48605K(48896K)->48605K(48896K) Class: 8285K(8384K)->8285K(8384K)
[249.032s][info][gc          ] GC(423) Pause Young (Prepare Mixed) (G1 Evacuation Pause) 677M->251M(718M) 4.094ms
[249.032s][info][gc,cpu      ] GC(423) User=0.01s Sys=0.00s Real=0.00s
[250.117s][info][gc,start    ] GC(424) Pause Young (Mixed) (G1 Evacuation Pause)
[250.117s][info][gc,task     ] GC(424) Using 2 workers of 2 for evacuation
[250.125s][info][gc,phases   ] GC(424)   Pre Evacuate Collection Set: 0.37ms
[250.125s][info][gc,phases   ] GC(424)   Merge Heap Roots: 0.14ms
[250.125s][info][gc,phases   ] GC(424)   Evacuate Collection Set: 6.62ms
[250.125s][info][gc,phases   ] GC(424)   Post Evacuate Collection Set: 0.94ms
[250.125s][info][gc,phases   ] GC(424)   Other: 0.10ms
[250.125s][info][gc,heap     ] GC(424) Eden regions: 428->0(428)
[250.125s][info][gc,heap     ] GC(424) Survivor regions: 1->1(54)
[250.125s][info][gc,heap     ] GC(424) Old regions: 44->44
[250.125s][info][gc,heap     ] GC(424) Humongous regions: 207->207
[250.125s][info][gc,metaspace] GC(424) Metaspace: 56891K(57280K)->56891K(57280K) NonClass: 48605K(48896K)->48605K(48896K) Class: 8285K(8384K)->8285K(8384K)
[250.125s][info][gc          ] GC(424) Pause Young (Mixed) (G1 Evacuation Pause) 679M->250M(718M) 8.342ms
[250.125s][info][gc,cpu      ] GC(424) User=0.01s Sys=0.00s Real=0.01s
[251.159s][info][gc,start    ] GC(425) Pause Young (Concurrent Start) (G1 Evacuation Pause)
[251.159s][info][gc,task     ] GC(425) Using 2 workers of 2 for evacuation
[251.165s][info][gc,phases   ] GC(425)   Pre Evacuate Collection Set: 0.29ms
[251.165s][info][gc,phases   ] GC(425)   Merge Heap Roots: 0.12ms
[251.165s][info][gc,phases   ] GC(425)   Evacuate Collection Set: 4.83ms
[251.165s][info][gc,phases   ] GC(425)   Post Evacuate Collection Set: 0.71ms
[251.165s][info][gc,phases   ] GC(425)   Other: 0.11ms
[251.165s][info][gc,heap     ] GC(425) Eden regions: 428->0(424)
[251.165s][info][gc,heap     ] GC(425) Survivor regions: 1->3(54)
[251.165s][info][gc,heap     ] GC(425) Old regions: 44->44
[251.165s][info][gc,heap     ] GC(425) Humongous regions: 207->207
[251.165s][info][gc,metaspace] GC(425) Metaspace: 56891K(57280K)->56891K(57280K) NonClass: 48605K(48896K)->48605K(48896K) Class: 8285K(8384K)->8285K(8384K)
[251.165s][info][gc          ] GC(425) Pause Young (Concurrent Start) (G1 Evacuation Pause) 678M->252M(718M) 6.240ms
[251.165s][info][gc,cpu      ] GC(425) User=0.01s Sys=0.00s Real=0.00s
[251.165s][info][gc          ] GC(426) Concurrent Mark Cycle
[251.165s][info][gc,marking  ] GC(426) Concurrent Scan Root Regions
[251.172s][info][gc,marking  ] GC(426) Concurrent Scan Root Regions 6.890ms
[251.172s][info][gc,marking  ] GC(426) Concurrent Mark
[251.172s][info][gc,marking  ] GC(426) Concurrent Mark From Roots
[251.172s][info][gc,task     ] GC(426) Using 1 workers of 1 for marking
[251.219s][info][gc,marking  ] GC(426) Concurrent Mark From Roots 46.692ms
[251.219s][info][gc,marking  ] GC(426) Concurrent Preclean
[251.219s][info][gc,marking  ] GC(426) Concurrent Preclean 0.078ms
[251.219s][info][gc,start    ] GC(426) Pause Remark
[251.228s][info][gc          ] GC(426) Pause Remark 263M->263M(718M) 9.519ms
[251.229s][info][gc,cpu      ] GC(426) User=0.02s Sys=0.00s Real=0.01s
[251.231s][info][gc,marking  ] GC(426) Concurrent Mark 58.598ms
[251.231s][info][gc,marking  ] GC(426) Concurrent Rebuild Remembered Sets and Scrub Regions
[251.264s][info][gc,marking  ] GC(426) Concurrent Rebuild Remembered Sets and Scrub Regions 33.843ms
[251.265s][info][gc,start    ] GC(426) Pause Cleanup
[251.265s][info][gc          ] GC(426) Pause Cleanup 288M->288M(718M) 0.098ms
[251.265s][info][gc,cpu      ] GC(426) User=0.00s Sys=0.00s Real=0.00s
[251.266s][info][gc,marking  ] GC(426) Concurrent Clear Claimed Marks
[251.266s][info][gc,marking  ] GC(426) Concurrent Clear Claimed Marks 0.109ms
[251.266s][info][gc,marking  ] GC(426) Concurrent Cleanup for Next Mark
[251.269s][info][gc,marking  ] GC(426) Concurrent Cleanup for Next Mark 3.062ms
[251.269s][info][gc          ] GC(426) Concurrent Mark Cycle 103.775ms
[252.248s][info][gc,start    ] GC(427) Pause Young (Prepare Mixed) (G1 Evacuation Pause)
[252.248s][info][gc,task     ] GC(427) Using 2 workers of 2 for evacuation
[252.254s][info][gc,phases   ] GC(427)   Pre Evacuate Collection Set: 0.34ms
[252.254s][info][gc,phases   ] GC(427)   Merge Heap Roots: 0.18ms
[252.254s][info][gc,phases   ] GC(427)   Evacuate Collection Set: 4.32ms
[252.254s][info][gc,phases   ] GC(427)   Post Evacuate Collection Set: 0.95ms
[252.254s][info][gc,phases   ] GC(427)   Other: 0.09ms
[252.254s][info][gc,heap     ] GC(427) Eden regions: 424->0(426)
[252.254s][info][gc,heap     ] GC(427) Survivor regions: 3->2(54)
[252.254s][info][gc,heap     ] GC(427) Old regions: 44->44
[252.254s][info][gc,heap     ] GC(427) Humongous regions: 207->207
[252.254s][info][gc,metaspace] GC(427) Metaspace: 56891K(57280K)->56891K(57280K) NonClass: 48605K(48896K)->48605K(48896K) Class: 8285K(8384K)->8285K(8384K)
[252.254s][info][gc          ] GC(427) Pause Young (Prepare Mixed) (G1 Evacuation Pause) 676M->251M(718M) 6.076ms
[252.254s][info][gc,cpu      ] GC(427) User=0.02s Sys=0.00s Real=0.00s
[253.322s][info][gc,start    ] GC(428) Pause Young (Mixed) (G1 Evacuation Pause)
[253.322s][info][gc,task     ] GC(428) Using 2 workers of 2 for evacuation
[253.326s][info][gc,phases   ] GC(428)   Pre Evacuate Collection Set: 0.28ms
[253.326s][info][gc,phases   ] GC(428)   Merge Heap Roots: 0.14ms
[253.326s][info][gc,phases   ] GC(428)   Evacuate Collection Set: 3.15ms
[253.326s][info][gc,phases   ] GC(428)   Post Evacuate Collection Set: 0.70ms
[253.326s][info][gc,phases   ] GC(428)   Other: 0.08ms
[253.326s][info][gc,heap     ] GC(428) Eden regions: 426->0(426)
[253.326s][info][gc,heap     ] GC(428) Survivor regions: 2->2(54)
[253.326s][info][gc,heap     ] GC(428) Old regions: 44->44
[253.326s][info][gc,heap     ] GC(428) Humongous regions: 207->207
[253.326s][info][gc,metaspace] GC(428) Metaspace: 56891K(57280K)->56891K(57280K) NonClass: 48605K(48896K)->48605K(48896K) Class: 8285K(8384K)->8285K(8384K)
[253.326s][info][gc          ] GC(428) Pause Young (Mixed) (G1 Evacuation Pause) 677M->251M(718M) 4.548ms
[253.326s][info][gc,cpu      ] GC(428) User=0.01s Sys=0.00s Real=0.00s
[254.448s][info][gc,start    ] GC(429) Pause Young (Concurrent Start) (G1 Evacuation Pause)
[254.448s][info][gc,task     ] GC(429) Using 2 workers of 2 for evacuation
[254.454s][info][gc,phases   ] GC(429)   Pre Evacuate Collection Set: 0.29ms
[254.454s][info][gc,phases   ] GC(429)   Merge Heap Roots: 0.13ms
[254.454s][info][gc,phases   ] GC(429)   Evacuate Collection Set: 4.51ms
[254.454s][info][gc,phases   ] GC(429)   Post Evacuate Collection Set: 0.72ms
[254.454s][info][gc,phases   ] GC(429)   Other: 0.12ms
[254.454s][info][gc,heap     ] GC(429) Eden regions: 426->0(424)
[254.454s][info][gc,heap     ] GC(429) Survivor regions: 2->3(54)
[254.454s][info][gc,heap     ] GC(429) Old regions: 44->44
[254.454s][info][gc,heap     ] GC(429) Humongous regions: 207->207
[254.454s][info][gc,metaspace] GC(429) Metaspace: 56891K(57280K)->56891K(57280K) NonClass: 48605K(48896K)->48605K(48896K) Class: 8285K(8384K)->8285K(8384K)
[254.454s][info][gc          ] GC(429) Pause Young (Concurrent Start) (G1 Evacuation Pause) 677M->252M(718M) 5.986ms
[254.454s][info][gc,cpu      ] GC(429) User=0.01s Sys=0.00s Real=0.00s
[254.454s][info][gc          ] GC(430) Concurrent Mark Cycle
[254.454s][info][gc,marking  ] GC(430) Concurrent Scan Root Regions
[254.458s][info][gc,marking  ] GC(430) Concurrent Scan Root Regions 4.173ms
[254.458s][info][gc,marking  ] GC(430) Concurrent Mark
[254.458s][info][gc,marking  ] GC(430) Concurrent Mark From Roots
[254.458s][info][gc,task     ] GC(430) Using 1 workers of 1 for marking
[254.503s][info][gc,marking  ] GC(430) Concurrent Mark From Roots 45.335ms
[254.503s][info][gc,marking  ] GC(430) Concurrent Preclean
[254.503s][info][gc,marking  ] GC(430) Concurrent Preclean 0.077ms
[254.504s][info][gc,start    ] GC(430) Pause Remark
[254.513s][info][gc          ] GC(430) Pause Remark 278M->278M(718M) 9.476ms
[254.513s][info][gc,cpu      ] GC(430) User=0.01s Sys=0.00s Real=0.01s
[254.513s][info][gc,marking  ] GC(430) Concurrent Mark 55.235ms
[254.513s][info][gc,marking  ] GC(430) Concurrent Rebuild Remembered Sets and Scrub Regions
[254.531s][info][gc,marking  ] GC(430) Concurrent Rebuild Remembered Sets and Scrub Regions 17.286ms
[254.531s][info][gc,start    ] GC(430) Pause Cleanup
[254.531s][info][gc          ] GC(430) Pause Cleanup 286M->286M(718M) 0.072ms
[254.531s][info][gc,cpu      ] GC(430) User=0.00s Sys=0.00s Real=0.00s
[254.531s][info][gc,marking  ] GC(430) Concurrent Clear Claimed Marks
[254.531s][info][gc,marking  ] GC(430) Concurrent Clear Claimed Marks 0.088ms
[254.531s][info][gc,marking  ] GC(430) Concurrent Cleanup for Next Mark
[254.533s][info][gc,marking  ] GC(430) Concurrent Cleanup for Next Mark 2.079ms
[254.533s][info][gc          ] GC(430) Concurrent Mark Cycle 79.288ms
[255.600s][info][gc,start    ] GC(431) Pause Young (Prepare Mixed) (G1 Evacuation Pause)
[255.600s][info][gc,task     ] GC(431) Using 2 workers of 2 for evacuation
[255.605s][info][gc,phases   ] GC(431)   Pre Evacuate Collection Set: 0.30ms
[255.605s][info][gc,phases   ] GC(431)   Merge Heap Roots: 0.15ms
[255.605s][info][gc,phases   ] GC(431)   Evacuate Collection Set: 3.57ms
[255.605s][info][gc,phases   ] GC(431)   Post Evacuate Collection Set: 0.72ms
[255.605s][info][gc,phases   ] GC(431)   Other: 0.08ms
[255.605s][info][gc,heap     ] GC(431) Eden regions: 424->0(426)
[255.605s][info][gc,heap     ] GC(431) Survivor regions: 3->2(54)
[255.605s][info][gc,heap     ] GC(431) Old regions: 44->44
[255.605s][info][gc,heap     ] GC(431) Humongous regions: 207->207
[255.605s][info][gc,metaspace] GC(431) Metaspace: 56891K(57280K)->56891K(57280K) NonClass: 48605K(48896K)->48605K(48896K) Class: 8285K(8384K)->8285K(8384K)
[255.605s][info][gc          ] GC(431) Pause Young (Prepare Mixed) (G1 Evacuation Pause) 676M->251M(718M) 4.995ms
[255.605s][info][gc,cpu      ] GC(431) User=0.01s Sys=0.00s Real=0.00s
[256.626s][info][gc,start    ] GC(432) Pause Young (Mixed) (G1 Evacuation Pause)
[256.626s][info][gc,task     ] GC(432) Using 2 workers of 2 for evacuation
[256.632s][info][gc,phases   ] GC(432)   Pre Evacuate Collection Set: 0.29ms
[256.632s][info][gc,phases   ] GC(432)   Merge Heap Roots: 0.18ms
[256.632s][info][gc,phases   ] GC(432)   Evacuate Collection Set: 4.39ms
[256.632s][info][gc,phases   ] GC(432)   Post Evacuate Collection Set: 0.76ms
[256.632s][info][gc,phases   ] GC(432)   Other: 0.08ms
[256.632s][info][gc,heap     ] GC(432) Eden regions: 426->0(428)
[256.632s][info][gc,heap     ] GC(432) Survivor regions: 2->1(54)
[256.632s][info][gc,heap     ] GC(432) Old regions: 44->44
[256.632s][info][gc,heap     ] GC(432) Humongous regions: 207->207
[256.632s][info][gc,metaspace] GC(432) Metaspace: 56891K(57280K)->56891K(57280K) NonClass: 48605K(48896K)->48605K(48896K) Class: 8285K(8384K)->8285K(8384K)
[256.632s][info][gc          ] GC(432) Pause Young (Mixed) (G1 Evacuation Pause) 677M->250M(718M) 5.908ms
[256.632s][info][gc,cpu      ] GC(432) User=0.01s Sys=0.00s Real=0.01s
[257.665s][info][gc,start    ] GC(433) Pause Young (Concurrent Start) (G1 Evacuation Pause)
[257.665s][info][gc,task     ] GC(433) Using 2 workers of 2 for evacuation
[257.670s][info][gc,phases   ] GC(433)   Pre Evacuate Collection Set: 0.32ms
[257.670s][info][gc,phases   ] GC(433)   Merge Heap Roots: 0.13ms
[257.670s][info][gc,phases   ] GC(433)   Evacuate Collection Set: 3.19ms
[257.670s][info][gc,phases   ] GC(433)   Post Evacuate Collection Set: 0.71ms
[257.670s][info][gc,phases   ] GC(433)   Other: 0.11ms
[257.670s][info][gc,heap     ] GC(433) Eden regions: 428->0(428)
[257.670s][info][gc,heap     ] GC(433) Survivor regions: 1->1(54)
[257.670s][info][gc,heap     ] GC(433) Old regions: 44->44
[257.670s][info][gc,heap     ] GC(433) Humongous regions: 207->207
[257.670s][info][gc,metaspace] GC(433) Metaspace: 56892K(57280K)->56892K(57280K) NonClass: 48606K(48896K)->48606K(48896K) Class: 8285K(8384K)->8285K(8384K)
[257.670s][info][gc          ] GC(433) Pause Young (Concurrent Start) (G1 Evacuation Pause) 678M->251M(718M) 4.651ms
[257.670s][info][gc          ] GC(434) Concurrent Mark Cycle
[257.670s][info][gc,marking  ] GC(434) Concurrent Scan Root Regions
[257.670s][info][gc,cpu      ] GC(433) User=0.01s Sys=0.00s Real=0.01s
[257.672s][info][gc,marking  ] GC(434) Concurrent Scan Root Regions 2.386ms
[257.672s][info][gc,marking  ] GC(434) Concurrent Mark
[257.672s][info][gc,marking  ] GC(434) Concurrent Mark From Roots
[257.672s][info][gc,task     ] GC(434) Using 1 workers of 1 for marking
[257.717s][info][gc,marking  ] GC(434) Concurrent Mark From Roots 44.505ms
[257.717s][info][gc,marking  ] GC(434) Concurrent Preclean
[257.717s][info][gc,marking  ] GC(434) Concurrent Preclean 0.154ms
[257.718s][info][gc,start    ] GC(434) Pause Remark
[257.727s][info][gc          ] GC(434) Pause Remark 257M->257M(718M) 9.369ms
[257.727s][info][gc,cpu      ] GC(434) User=0.02s Sys=0.00s Real=0.01s
[257.728s][info][gc,marking  ] GC(434) Concurrent Mark 55.475ms
[257.728s][info][gc,marking  ] GC(434) Concurrent Rebuild Remembered Sets and Scrub Regions
[257.771s][info][gc,marking  ] GC(434) Concurrent Rebuild Remembered Sets and Scrub Regions 43.643ms
[257.772s][info][gc,start    ] GC(434) Pause Cleanup
[257.772s][info][gc          ] GC(434) Pause Cleanup 283M->283M(718M) 0.082ms
[257.772s][info][gc,cpu      ] GC(434) User=0.00s Sys=0.00s Real=0.00s
[257.772s][info][gc,marking  ] GC(434) Concurrent Clear Claimed Marks
[257.772s][info][gc,marking  ] GC(434) Concurrent Clear Claimed Marks 0.109ms
[257.772s][info][gc,marking  ] GC(434) Concurrent Cleanup for Next Mark
[257.777s][info][gc,marking  ] GC(434) Concurrent Cleanup for Next Mark 5.672ms
[257.777s][info][gc          ] GC(434) Concurrent Mark Cycle 107.751ms
[258.753s][info][gc,start    ] GC(435) Pause Young (Prepare Mixed) (G1 Evacuation Pause)
[258.753s][info][gc,task     ] GC(435) Using 2 workers of 2 for evacuation
[258.775s][info][gc,phases   ] GC(435)   Pre Evacuate Collection Set: 0.98ms
[258.775s][info][gc,phases   ] GC(435)   Merge Heap Roots: 0.29ms
[258.775s][info][gc,phases   ] GC(435)   Evacuate Collection Set: 14.16ms
[258.775s][info][gc,phases   ] GC(435)   Post Evacuate Collection Set: 6.67ms
[258.775s][info][gc,phases   ] GC(435)   Other: 0.17ms
[258.775s][info][gc,heap     ] GC(435) Eden regions: 428->0(422)
[258.775s][info][gc,heap     ] GC(435) Survivor regions: 1->4(54)
[258.775s][info][gc,heap     ] GC(435) Old regions: 44->44
[258.775s][info][gc,heap     ] GC(435) Humongous regions: 207->207
[258.775s][info][gc,metaspace] GC(435) Metaspace: 56893K(57280K)->56893K(57280K) NonClass: 48607K(48896K)->48607K(48896K) Class: 8285K(8384K)->8285K(8384K)
[258.775s][info][gc          ] GC(435) Pause Young (Prepare Mixed) (G1 Evacuation Pause) 679M->253M(718M) 22.473ms
[258.775s][info][gc,cpu      ] GC(435) User=0.02s Sys=0.00s Real=0.02s
[259.829s][info][gc,start    ] GC(436) Pause Young (Mixed) (G1 Evacuation Pause)
[259.829s][info][gc,task     ] GC(436) Using 2 workers of 2 for evacuation
[259.839s][info][gc,phases   ] GC(436)   Pre Evacuate Collection Set: 0.47ms
[259.839s][info][gc,phases   ] GC(436)   Merge Heap Roots: 0.29ms
[259.839s][info][gc,phases   ] GC(436)   Evacuate Collection Set: 8.41ms
[259.839s][info][gc,phases   ] GC(436)   Post Evacuate Collection Set: 0.86ms
[259.839s][info][gc,phases   ] GC(436)   Other: 0.10ms
[259.839s][info][gc,heap     ] GC(436) Eden regions: 422->0(426)
[259.839s][info][gc,heap     ] GC(436) Survivor regions: 4->2(54)
[259.839s][info][gc,heap     ] GC(436) Old regions: 44->44
[259.839s][info][gc,heap     ] GC(436) Humongous regions: 207->207
[259.839s][info][gc,metaspace] GC(436) Metaspace: 56893K(57280K)->56893K(57280K) NonClass: 48607K(48896K)->48607K(48896K) Class: 8285K(8384K)->8285K(8384K)
[259.839s][info][gc          ] GC(436) Pause Young (Mixed) (G1 Evacuation Pause) 675M->251M(718M) 10.296ms
[259.839s][info][gc,cpu      ] GC(436) User=0.02s Sys=0.00s Real=0.01s
[260.865s][info][gc,start    ] GC(437) Pause Young (Concurrent Start) (G1 Evacuation Pause)
[260.865s][info][gc,task     ] GC(437) Using 2 workers of 2 for evacuation
[260.870s][info][gc,phases   ] GC(437)   Pre Evacuate Collection Set: 0.32ms
[260.870s][info][gc,phases   ] GC(437)   Merge Heap Roots: 0.14ms
[260.870s][info][gc,phases   ] GC(437)   Evacuate Collection Set: 3.33ms
[260.870s][info][gc,phases   ] GC(437)   Post Evacuate Collection Set: 0.70ms
[260.870s][info][gc,phases   ] GC(437)   Other: 0.10ms
[260.870s][info][gc,heap     ] GC(437) Eden regions: 426->0(426)
[260.870s][info][gc,heap     ] GC(437) Survivor regions: 2->2(54)
[260.870s][info][gc,heap     ] GC(437) Old regions: 44->44
[260.870s][info][gc,heap     ] GC(437) Humongous regions: 207->207
[260.870s][info][gc,metaspace] GC(437) Metaspace: 56893K(57280K)->56893K(57280K) NonClass: 48607K(48896K)->48607K(48896K) Class: 8285K(8384K)->8285K(8384K)
[260.870s][info][gc          ] GC(437) Pause Young (Concurrent Start) (G1 Evacuation Pause) 677M->251M(718M) 4.778ms
[260.870s][info][gc,cpu      ] GC(437) User=0.01s Sys=0.00s Real=0.01s
[260.870s][info][gc          ] GC(438) Concurrent Mark Cycle
[260.870s][info][gc,marking  ] GC(438) Concurrent Scan Root Regions
[260.874s][info][gc,marking  ] GC(438) Concurrent Scan Root Regions 3.687ms
[260.874s][info][gc,marking  ] GC(438) Concurrent Mark
[260.874s][info][gc,marking  ] GC(438) Concurrent Mark From Roots
[260.874s][info][gc,task     ] GC(438) Using 1 workers of 1 for marking
[260.920s][info][gc,marking  ] GC(438) Concurrent Mark From Roots 46.594ms
[260.920s][info][gc,marking  ] GC(438) Concurrent Preclean
[260.920s][info][gc,marking  ] GC(438) Concurrent Preclean 0.078ms
[260.922s][info][gc,start    ] GC(438) Pause Remark
[260.932s][info][gc          ] GC(438) Pause Remark 260M->260M(718M) 9.447ms
[260.932s][info][gc,cpu      ] GC(438) User=0.02s Sys=0.00s Real=0.01s
[260.932s][info][gc,marking  ] GC(438) Concurrent Mark 58.321ms
[260.932s][info][gc,marking  ] GC(438) Concurrent Rebuild Remembered Sets and Scrub Regions
[260.954s][info][gc,marking  ] GC(438) Concurrent Rebuild Remembered Sets and Scrub Regions 22.314ms
[260.955s][info][gc,start    ] GC(438) Pause Cleanup
[260.955s][info][gc          ] GC(438) Pause Cleanup 272M->272M(718M) 0.087ms
[260.955s][info][gc,cpu      ] GC(438) User=0.00s Sys=0.00s Real=0.00s
[260.955s][info][gc,marking  ] GC(438) Concurrent Clear Claimed Marks
[260.955s][info][gc,marking  ] GC(438) Concurrent Clear Claimed Marks 0.089ms
[260.955s][info][gc,marking  ] GC(438) Concurrent Cleanup for Next Mark
[260.958s][info][gc,marking  ] GC(438) Concurrent Cleanup for Next Mark 2.815ms
[260.958s][info][gc          ] GC(438) Concurrent Mark Cycle 87.971ms
[261.947s][info][gc,start    ] GC(439) Pause Young (Prepare Mixed) (G1 Evacuation Pause)
[261.947s][info][gc,task     ] GC(439) Using 2 workers of 2 for evacuation
[261.953s][info][gc,phases   ] GC(439)   Pre Evacuate Collection Set: 0.30ms
[261.953s][info][gc,phases   ] GC(439)   Merge Heap Roots: 0.15ms
[261.953s][info][gc,phases   ] GC(439)   Evacuate Collection Set: 4.68ms
[261.953s][info][gc,phases   ] GC(439)   Post Evacuate Collection Set: 0.74ms
[261.953s][info][gc,phases   ] GC(439)   Other: 0.10ms
[261.953s][info][gc,heap     ] GC(439) Eden regions: 426->0(424)
[261.953s][info][gc,heap     ] GC(439) Survivor regions: 2->3(54)
[261.953s][info][gc,heap     ] GC(439) Old regions: 44->44
[261.953s][info][gc,heap     ] GC(439) Humongous regions: 207->207
[261.953s][info][gc,metaspace] GC(439) Metaspace: 56893K(57280K)->56893K(57280K) NonClass: 48607K(48896K)->48607K(48896K) Class: 8285K(8384K)->8285K(8384K)
[261.953s][info][gc          ] GC(439) Pause Young (Prepare Mixed) (G1 Evacuation Pause) 677M->252M(718M) 6.178ms
[261.953s][info][gc,cpu      ] GC(439) User=0.01s Sys=0.00s Real=0.01s
[263.028s][info][gc,start    ] GC(440) Pause Young (Mixed) (G1 Evacuation Pause)
[263.028s][info][gc,task     ] GC(440) Using 2 workers of 2 for evacuation
[263.035s][info][gc,phases   ] GC(440)   Pre Evacuate Collection Set: 0.29ms
[263.035s][info][gc,phases   ] GC(440)   Merge Heap Roots: 0.15ms
[263.035s][info][gc,phases   ] GC(440)   Evacuate Collection Set: 5.26ms
[263.035s][info][gc,phases   ] GC(440)   Post Evacuate Collection Set: 0.80ms
[263.035s][info][gc,phases   ] GC(440)   Other: 0.09ms
[263.035s][info][gc,heap     ] GC(440) Eden regions: 424->0(426)
[263.035s][info][gc,heap     ] GC(440) Survivor regions: 3->2(54)
[263.035s][info][gc,heap     ] GC(440) Old regions: 44->44
[263.035s][info][gc,heap     ] GC(440) Humongous regions: 207->207
[263.035s][info][gc,metaspace] GC(440) Metaspace: 56893K(57280K)->56893K(57280K) NonClass: 48607K(48896K)->48607K(48896K) Class: 8285K(8384K)->8285K(8384K)
[263.035s][info][gc          ] GC(440) Pause Young (Mixed) (G1 Evacuation Pause) 676M->251M(718M) 6.766ms
[263.035s][info][gc,cpu      ] GC(440) User=0.01s Sys=0.00s Real=0.00s
[264.070s][info][gc,start    ] GC(441) Pause Young (Concurrent Start) (G1 Evacuation Pause)
[264.070s][info][gc,task     ] GC(441) Using 2 workers of 2 for evacuation
[264.077s][info][gc,phases   ] GC(441)   Pre Evacuate Collection Set: 0.36ms
[264.077s][info][gc,phases   ] GC(441)   Merge Heap Roots: 0.11ms
[264.077s][info][gc,phases   ] GC(441)   Evacuate Collection Set: 5.49ms
[264.077s][info][gc,phases   ] GC(441)   Post Evacuate Collection Set: 1.08ms
[264.077s][info][gc,phases   ] GC(441)   Other: 0.16ms
[264.077s][info][gc,heap     ] GC(441) Eden regions: 426->0(426)
[264.077s][info][gc,heap     ] GC(441) Survivor regions: 2->2(54)
[264.077s][info][gc,heap     ] GC(441) Old regions: 44->44
[264.077s][info][gc,heap     ] GC(441) Humongous regions: 207->207
[264.077s][info][gc,metaspace] GC(441) Metaspace: 56893K(57280K)->56893K(57280K) NonClass: 48607K(48896K)->48607K(48896K) Class: 8285K(8384K)->8285K(8384K)
[264.077s][info][gc          ] GC(441) Pause Young (Concurrent Start) (G1 Evacuation Pause) 677M->251M(718M) 7.378ms
[264.077s][info][gc          ] GC(442) Concurrent Mark Cycle
[264.077s][info][gc,marking  ] GC(442) Concurrent Scan Root Regions
[264.077s][info][gc,cpu      ] GC(441) User=0.01s Sys=0.00s Real=0.01s
[264.083s][info][gc,marking  ] GC(442) Concurrent Scan Root Regions 5.651ms
[264.083s][info][gc,marking  ] GC(442) Concurrent Mark
[264.083s][info][gc,marking  ] GC(442) Concurrent Mark From Roots
[264.083s][info][gc,task     ] GC(442) Using 1 workers of 1 for marking
[264.137s][info][gc,marking  ] GC(442) Concurrent Mark From Roots 53.749ms
[264.137s][info][gc,marking  ] GC(442) Concurrent Preclean
[264.137s][info][gc,marking  ] GC(442) Concurrent Preclean 0.093ms
[264.137s][info][gc,start    ] GC(442) Pause Remark
[264.147s][info][gc          ] GC(442) Pause Remark 267M->267M(718M) 9.809ms
[264.147s][info][gc,cpu      ] GC(442) User=0.02s Sys=0.00s Real=0.01s
[264.147s][info][gc,marking  ] GC(442) Concurrent Mark 63.986ms
[264.147s][info][gc,marking  ] GC(442) Concurrent Rebuild Remembered Sets and Scrub Regions
[264.181s][info][gc,marking  ] GC(442) Concurrent Rebuild Remembered Sets and Scrub Regions 34.146ms
[264.181s][info][gc,start    ] GC(442) Pause Cleanup
[264.181s][info][gc          ] GC(442) Pause Cleanup 285M->285M(718M) 0.094ms
[264.181s][info][gc,cpu      ] GC(442) User=0.00s Sys=0.00s Real=0.00s
[264.181s][info][gc,marking  ] GC(442) Concurrent Clear Claimed Marks
[264.181s][info][gc,marking  ] GC(442) Concurrent Clear Claimed Marks 0.094ms
[264.181s][info][gc,marking  ] GC(442) Concurrent Cleanup for Next Mark
[264.184s][info][gc,marking  ] GC(442) Concurrent Cleanup for Next Mark 2.896ms
[264.184s][info][gc          ] GC(442) Concurrent Mark Cycle 107.234ms
[265.142s][info][gc,start    ] GC(443) Pause Young (Prepare Mixed) (G1 Evacuation Pause)
[265.142s][info][gc,task     ] GC(443) Using 2 workers of 2 for evacuation
[265.147s][info][gc,phases   ] GC(443)   Pre Evacuate Collection Set: 0.28ms
[265.147s][info][gc,phases   ] GC(443)   Merge Heap Roots: 0.17ms
[265.147s][info][gc,phases   ] GC(443)   Evacuate Collection Set: 3.87ms
[265.147s][info][gc,phases   ] GC(443)   Post Evacuate Collection Set: 0.76ms
[265.147s][info][gc,phases   ] GC(443)   Other: 0.09ms
[265.147s][info][gc,heap     ] GC(443) Eden regions: 426->0(424)
[265.147s][info][gc,heap     ] GC(443) Survivor regions: 2->3(54)
[265.147s][info][gc,heap     ] GC(443) Old regions: 44->44
[265.147s][info][gc,heap     ] GC(443) Humongous regions: 207->207
[265.147s][info][gc,metaspace] GC(443) Metaspace: 56893K(57280K)->56893K(57280K) NonClass: 48607K(48896K)->48607K(48896K) Class: 8285K(8384K)->8285K(8384K)
[265.147s][info][gc          ] GC(443) Pause Young (Prepare Mixed) (G1 Evacuation Pause) 677M->252M(718M) 5.383ms
[265.147s][info][gc,cpu      ] GC(443) User=0.01s Sys=0.00s Real=0.01s
[266.223s][info][gc,start    ] GC(444) Pause Young (Mixed) (G1 Evacuation Pause)
[266.224s][info][gc,task     ] GC(444) Using 2 workers of 2 for evacuation
[266.235s][info][gc,phases   ] GC(444)   Pre Evacuate Collection Set: 0.29ms
[266.235s][info][gc,phases   ] GC(444)   Merge Heap Roots: 0.22ms
[266.235s][info][gc,phases   ] GC(444)   Evacuate Collection Set: 9.86ms
[266.235s][info][gc,phases   ] GC(444)   Post Evacuate Collection Set: 0.96ms
[266.235s][info][gc,phases   ] GC(444)   Other: 0.08ms
[266.235s][info][gc,heap     ] GC(444) Eden regions: 424->0(426)
[266.235s][info][gc,heap     ] GC(444) Survivor regions: 3->2(54)
[266.235s][info][gc,heap     ] GC(444) Old regions: 44->44
[266.235s][info][gc,heap     ] GC(444) Humongous regions: 207->207
[266.235s][info][gc,metaspace] GC(444) Metaspace: 56893K(57280K)->56893K(57280K) NonClass: 48607K(48896K)->48607K(48896K) Class: 8285K(8384K)->8285K(8384K)
[266.235s][info][gc          ] GC(444) Pause Young (Mixed) (G1 Evacuation Pause) 676M->251M(718M) 11.627ms
[266.235s][info][gc,cpu      ] GC(444) User=0.02s Sys=0.00s Real=0.01s
[267.354s][info][gc,start    ] GC(445) Pause Young (Concurrent Start) (G1 Evacuation Pause)
[267.354s][info][gc,task     ] GC(445) Using 2 workers of 2 for evacuation
[267.360s][info][gc,phases   ] GC(445)   Pre Evacuate Collection Set: 0.33ms
[267.360s][info][gc,phases   ] GC(445)   Merge Heap Roots: 0.13ms
[267.360s][info][gc,phases   ] GC(445)   Evacuate Collection Set: 4.60ms
[267.360s][info][gc,phases   ] GC(445)   Post Evacuate Collection Set: 0.71ms
[267.360s][info][gc,phases   ] GC(445)   Other: 0.11ms
[267.360s][info][gc,heap     ] GC(445) Eden regions: 426->0(426)
[267.360s][info][gc,heap     ] GC(445) Survivor regions: 2->2(54)
[267.360s][info][gc,heap     ] GC(445) Old regions: 44->44
[267.360s][info][gc,heap     ] GC(445) Humongous regions: 207->207
[267.360s][info][gc,metaspace] GC(445) Metaspace: 56893K(57280K)->56893K(57280K) NonClass: 48607K(48896K)->48607K(48896K) Class: 8285K(8384K)->8285K(8384K)
[267.360s][info][gc          ] GC(445) Pause Young (Concurrent Start) (G1 Evacuation Pause) 677M->252M(718M) 6.066ms
[267.360s][info][gc,cpu      ] GC(445) User=0.01s Sys=0.00s Real=0.01s
[267.360s][info][gc          ] GC(446) Concurrent Mark Cycle
[267.360s][info][gc,marking  ] GC(446) Concurrent Scan Root Regions
[267.369s][info][gc,marking  ] GC(446) Concurrent Scan Root Regions 8.487ms
[267.369s][info][gc,marking  ] GC(446) Concurrent Mark
[267.369s][info][gc,marking  ] GC(446) Concurrent Mark From Roots
[267.369s][info][gc,task     ] GC(446) Using 1 workers of 1 for marking
[267.411s][info][gc,marking  ] GC(446) Concurrent Mark From Roots 42.215ms
[267.411s][info][gc,marking  ] GC(446) Concurrent Preclean
[267.411s][info][gc,marking  ] GC(446) Concurrent Preclean 0.079ms
[267.411s][info][gc,start    ] GC(446) Pause Remark
[267.421s][info][gc          ] GC(446) Pause Remark 261M->261M(718M) 9.537ms
[267.421s][info][gc,cpu      ] GC(446) User=0.02s Sys=0.00s Real=0.01s
[267.422s][info][gc,marking  ] GC(446) Concurrent Mark 53.292ms
[267.422s][info][gc,marking  ] GC(446) Concurrent Rebuild Remembered Sets and Scrub Regions
[267.457s][info][gc,marking  ] GC(446) Concurrent Rebuild Remembered Sets and Scrub Regions 35.139ms
[267.458s][info][gc,start    ] GC(446) Pause Cleanup
[267.458s][info][gc          ] GC(446) Pause Cleanup 282M->282M(718M) 0.090ms
[267.458s][info][gc,cpu      ] GC(446) User=0.00s Sys=0.00s Real=0.00s
[267.459s][info][gc,marking  ] GC(446) Concurrent Clear Claimed Marks
[267.459s][info][gc,marking  ] GC(446) Concurrent Clear Claimed Marks 0.110ms
[267.459s][info][gc,marking  ] GC(446) Concurrent Cleanup for Next Mark
[267.463s][info][gc,marking  ] GC(446) Concurrent Cleanup for Next Mark 4.173ms
[267.463s][info][gc          ] GC(446) Concurrent Mark Cycle 102.439ms
[268.441s][info][gc,start    ] GC(447) Pause Young (Prepare Mixed) (G1 Evacuation Pause)
[268.441s][info][gc,task     ] GC(447) Using 2 workers of 2 for evacuation
[268.445s][info][gc,phases   ] GC(447)   Pre Evacuate Collection Set: 0.29ms
[268.445s][info][gc,phases   ] GC(447)   Merge Heap Roots: 0.16ms
[268.445s][info][gc,phases   ] GC(447)   Evacuate Collection Set: 3.30ms
[268.445s][info][gc,phases   ] GC(447)   Post Evacuate Collection Set: 0.74ms
[268.445s][info][gc,phases   ] GC(447)   Other: 0.09ms
[268.445s][info][gc,heap     ] GC(447) Eden regions: 426->0(426)
[268.445s][info][gc,heap     ] GC(447) Survivor regions: 2->2(54)
[268.445s][info][gc,heap     ] GC(447) Old regions: 44->44
[268.445s][info][gc,heap     ] GC(447) Humongous regions: 207->207
[268.445s][info][gc,metaspace] GC(447) Metaspace: 56893K(57280K)->56893K(57280K) NonClass: 48607K(48896K)->48607K(48896K) Class: 8285K(8384K)->8285K(8384K)
[268.445s][info][gc          ] GC(447) Pause Young (Prepare Mixed) (G1 Evacuation Pause) 678M->251M(718M) 4.752ms
[268.445s][info][gc,cpu      ] GC(447) User=0.01s Sys=0.00s Real=0.00s
[269.530s][info][gc,start    ] GC(448) Pause Young (Mixed) (G1 Evacuation Pause)
[269.530s][info][gc,task     ] GC(448) Using 2 workers of 2 for evacuation
[269.537s][info][gc,phases   ] GC(448)   Pre Evacuate Collection Set: 0.28ms
[269.537s][info][gc,phases   ] GC(448)   Merge Heap Roots: 0.17ms
[269.537s][info][gc,phases   ] GC(448)   Evacuate Collection Set: 5.28ms
[269.537s][info][gc,phases   ] GC(448)   Post Evacuate Collection Set: 0.79ms
[269.537s][info][gc,phases   ] GC(448)   Other: 0.10ms
[269.537s][info][gc,heap     ] GC(448) Eden regions: 426->0(426)
[269.537s][info][gc,heap     ] GC(448) Survivor regions: 2->2(54)
[269.537s][info][gc,heap     ] GC(448) Old regions: 44->44
[269.537s][info][gc,heap     ] GC(448) Humongous regions: 207->207
[269.537s][info][gc,metaspace] GC(448) Metaspace: 56893K(57280K)->56893K(57280K) NonClass: 48607K(48896K)->48607K(48896K) Class: 8285K(8384K)->8285K(8384K)
[269.537s][info][gc          ] GC(448) Pause Young (Mixed) (G1 Evacuation Pause) 677M->251M(718M) 6.800ms
[269.537s][info][gc,cpu      ] GC(448) User=0.01s Sys=0.00s Real=0.01s
[270.567s][info][gc,start    ] GC(449) Pause Young (Normal) (G1 Evacuation Pause)
[270.567s][info][gc,task     ] GC(449) Using 2 workers of 2 for evacuation
[270.571s][info][gc,phases   ] GC(449)   Pre Evacuate Collection Set: 0.27ms
[270.571s][info][gc,phases   ] GC(449)   Merge Heap Roots: 0.14ms
[270.571s][info][gc,phases   ] GC(449)   Evacuate Collection Set: 2.48ms
[270.571s][info][gc,phases   ] GC(449)   Post Evacuate Collection Set: 0.73ms
[270.571s][info][gc,phases   ] GC(449)   Other: 0.12ms
[270.571s][info][gc,heap     ] GC(449) Eden regions: 426->0(428)
[270.571s][info][gc,heap     ] GC(449) Survivor regions: 2->1(54)
[270.571s][info][gc,heap     ] GC(449) Old regions: 44->44
[270.571s][info][gc,heap     ] GC(449) Humongous regions: 207->207
[270.571s][info][gc,metaspace] GC(449) Metaspace: 56893K(57280K)->56893K(57280K) NonClass: 48607K(48896K)->48607K(48896K) Class: 8285K(8384K)->8285K(8384K)
[270.571s][info][gc          ] GC(449) Pause Young (Normal) (G1 Evacuation Pause) 677M->251M(718M) 3.925ms
[270.571s][info][gc,cpu      ] GC(449) User=0.00s Sys=0.00s Real=0.00s
[271.650s][info][gc,start    ] GC(450) Pause Young (Normal) (G1 Evacuation Pause)
[271.650s][info][gc,task     ] GC(450) Using 2 workers of 2 for evacuation
[271.656s][info][gc,phases   ] GC(450)   Pre Evacuate Collection Set: 0.29ms
[271.656s][info][gc,phases   ] GC(450)   Merge Heap Roots: 0.14ms
[271.656s][info][gc,phases   ] GC(450)   Evacuate Collection Set: 4.96ms
[271.656s][info][gc,phases   ] GC(450)   Post Evacuate Collection Set: 0.73ms
[271.656s][info][gc,phases   ] GC(450)   Other: 0.11ms
[271.656s][info][gc,heap     ] GC(450) Eden regions: 428->0(424)
[271.656s][info][gc,heap     ] GC(450) Survivor regions: 1->3(54)
[271.656s][info][gc,heap     ] GC(450) Old regions: 44->44
[271.656s][info][gc,heap     ] GC(450) Humongous regions: 207->207
[271.656s][info][gc,metaspace] GC(450) Metaspace: 56893K(57280K)->56893K(57280K) NonClass: 48607K(48896K)->48607K(48896K) Class: 8285K(8384K)->8285K(8384K)
[271.656s][info][gc          ] GC(450) Pause Young (Normal) (G1 Evacuation Pause) 679M->253M(718M) 6.400ms
[271.657s][info][gc,cpu      ] GC(450) User=0.01s Sys=0.00s Real=0.00s
[272.735s][info][gc,start    ] GC(451) Pause Young (Normal) (G1 Evacuation Pause)
[272.735s][info][gc,task     ] GC(451) Using 2 workers of 2 for evacuation
[272.739s][info][gc,phases   ] GC(451)   Pre Evacuate Collection Set: 0.33ms
[272.739s][info][gc,phases   ] GC(451)   Merge Heap Roots: 0.12ms
[272.739s][info][gc,phases   ] GC(451)   Evacuate Collection Set: 3.48ms
[272.739s][info][gc,phases   ] GC(451)   Post Evacuate Collection Set: 0.71ms
[272.739s][info][gc,phases   ] GC(451)   Other: 0.09ms
[272.739s][info][gc,heap     ] GC(451) Eden regions: 424->0(426)
[272.739s][info][gc,heap     ] GC(451) Survivor regions: 3->2(54)
[272.739s][info][gc,heap     ] GC(451) Old regions: 44->44
[272.739s][info][gc,heap     ] GC(451) Humongous regions: 207->207
[272.739s][info][gc,metaspace] GC(451) Metaspace: 56896K(57280K)->56896K(57280K) NonClass: 48610K(48896K)->48610K(48896K) Class: 8285K(8384K)->8285K(8384K)
[272.739s][info][gc          ] GC(451) Pause Young (Normal) (G1 Evacuation Pause) 677M->251M(718M) 4.913ms
[272.740s][info][gc,cpu      ] GC(451) User=0.01s Sys=0.00s Real=0.01s
[273.818s][info][gc,start    ] GC(452) Pause Young (Normal) (G1 Evacuation Pause)
[273.818s][info][gc,task     ] GC(452) Using 2 workers of 2 for evacuation
[273.822s][info][gc,phases   ] GC(452)   Pre Evacuate Collection Set: 0.27ms
[273.822s][info][gc,phases   ] GC(452)   Merge Heap Roots: 0.13ms
[273.822s][info][gc,phases   ] GC(452)   Evacuate Collection Set: 2.26ms
[273.822s][info][gc,phases   ] GC(452)   Post Evacuate Collection Set: 1.08ms
[273.822s][info][gc,phases   ] GC(452)   Other: 0.11ms
[273.822s][info][gc,heap     ] GC(452) Eden regions: 426->0(428)
[273.822s][info][gc,heap     ] GC(452) Survivor regions: 2->1(54)
[273.822s][info][gc,heap     ] GC(452) Old regions: 44->44
[273.822s][info][gc,heap     ] GC(452) Humongous regions: 207->207
[273.822s][info][gc,metaspace] GC(452) Metaspace: 56896K(57280K)->56896K(57280K) NonClass: 48610K(48896K)->48610K(48896K) Class: 8285K(8384K)->8285K(8384K)
[273.822s][info][gc          ] GC(452) Pause Young (Normal) (G1 Evacuation Pause) 677M->251M(718M) 4.028ms
[273.822s][info][gc,cpu      ] GC(452) User=0.00s Sys=0.00s Real=0.00s
[274.861s][info][gc,start    ] GC(453) Pause Young (Normal) (G1 Evacuation Pause)
[274.861s][info][gc,task     ] GC(453) Using 2 workers of 2 for evacuation
[274.870s][info][gc,phases   ] GC(453)   Pre Evacuate Collection Set: 0.44ms
[274.870s][info][gc,phases   ] GC(453)   Merge Heap Roots: 0.13ms
[274.870s][info][gc,phases   ] GC(453)   Evacuate Collection Set: 7.39ms
[274.870s][info][gc,phases   ] GC(453)   Post Evacuate Collection Set: 0.79ms
[274.870s][info][gc,phases   ] GC(453)   Other: 0.12ms
[274.870s][info][gc,heap     ] GC(453) Eden regions: 428->0(424)
[274.870s][info][gc,heap     ] GC(453) Survivor regions: 1->3(54)
[274.870s][info][gc,heap     ] GC(453) Old regions: 44->44
[274.870s][info][gc,heap     ] GC(453) Humongous regions: 207->207
[274.870s][info][gc,metaspace] GC(453) Metaspace: 56896K(57280K)->56896K(57280K) NonClass: 48610K(48896K)->48610K(48896K) Class: 8285K(8384K)->8285K(8384K)
[274.870s][info][gc          ] GC(453) Pause Young (Normal) (G1 Evacuation Pause) 679M->252M(718M) 9.064ms
[274.870s][info][gc,cpu      ] GC(453) User=0.01s Sys=0.00s Real=0.01s
[275.885s][info][gc,start    ] GC(454) Pause Young (Concurrent Start) (G1 Humongous Allocation)
[275.885s][info][gc,task     ] GC(454) Using 2 workers of 2 for evacuation
[275.889s][info][gc,phases   ] GC(454)   Pre Evacuate Collection Set: 0.35ms
[275.889s][info][gc,phases   ] GC(454)   Merge Heap Roots: 0.14ms
[275.889s][info][gc,phases   ] GC(454)   Evacuate Collection Set: 2.14ms
[275.889s][info][gc,phases   ] GC(454)   Post Evacuate Collection Set: 0.78ms
[275.889s][info][gc,phases   ] GC(454)   Other: 0.10ms
[275.889s][info][gc,heap     ] GC(454) Eden regions: 413->0(428)
[275.889s][info][gc,heap     ] GC(454) Survivor regions: 3->1(54)
[275.889s][info][gc,heap     ] GC(454) Old regions: 44->44
[275.889s][info][gc,heap     ] GC(454) Humongous regions: 207->207
[275.889s][info][gc,metaspace] GC(454) Metaspace: 56898K(57280K)->56898K(57280K) NonClass: 48612K(48896K)->48612K(48896K) Class: 8285K(8384K)->8285K(8384K)
[275.889s][info][gc          ] GC(454) Pause Young (Concurrent Start) (G1 Humongous Allocation) 665M->250M(718M) 3.671ms
[275.889s][info][gc          ] GC(455) Concurrent Undo Cycle
[275.889s][info][gc,marking  ] GC(455) Concurrent Clear Claimed Marks
[275.889s][info][gc,marking  ] GC(455) Concurrent Clear Claimed Marks 0.079ms
[275.889s][info][gc,marking  ] GC(455) Concurrent Cleanup for Next Mark
[275.889s][info][gc,cpu      ] GC(454) User=0.00s Sys=0.00s Real=0.01s
[275.889s][info][gc,marking  ] GC(455) Concurrent Cleanup for Next Mark 0.232ms
[275.889s][info][gc          ] GC(455) Concurrent Undo Cycle 0.356ms
[276.039s][info][gc,start    ] GC(456) Pause Young (Concurrent Start) (G1 Humongous Allocation)
[276.039s][info][gc,task     ] GC(456) Using 2 workers of 2 for evacuation
[276.041s][info][gc,phases   ] GC(456)   Pre Evacuate Collection Set: 0.30ms
[276.041s][info][gc,phases   ] GC(456)   Merge Heap Roots: 0.05ms
[276.041s][info][gc,phases   ] GC(456)   Evacuate Collection Set: 1.93ms
[276.041s][info][gc,phases   ] GC(456)   Post Evacuate Collection Set: 0.40ms
[276.041s][info][gc,phases   ] GC(456)   Other: 0.09ms
[276.041s][info][gc,heap     ] GC(456) Eden regions: 2->0(389)
[276.041s][info][gc,heap     ] GC(456) Survivor regions: 1->1(54)
[276.041s][info][gc,heap     ] GC(456) Old regions: 44->44
[276.041s][info][gc,heap     ] GC(456) Humongous regions: 246->246
[276.041s][info][gc,metaspace] GC(456) Metaspace: 56898K(57280K)->56898K(57280K) NonClass: 48612K(48896K)->48612K(48896K) Class: 8285K(8384K)->8285K(8384K)
[276.041s][info][gc          ] GC(456) Pause Young (Concurrent Start) (G1 Humongous Allocation) 291M->289M(718M) 2.941ms
[276.041s][info][gc,cpu      ] GC(456) User=0.01s Sys=0.00s Real=0.00s
[276.041s][info][gc          ] GC(457) Concurrent Mark Cycle
[276.042s][info][gc,marking  ] GC(457) Concurrent Scan Root Regions
[276.043s][info][gc,marking  ] GC(457) Concurrent Scan Root Regions 1.905ms
[276.043s][info][gc,marking  ] GC(457) Concurrent Mark
[276.044s][info][gc,marking  ] GC(457) Concurrent Mark From Roots
[276.044s][info][gc,task     ] GC(457) Using 1 workers of 1 for marking
[276.090s][info][gc,marking  ] GC(457) Concurrent Mark From Roots 46.558ms
[276.090s][info][gc,marking  ] GC(457) Concurrent Preclean
[276.090s][info][gc,marking  ] GC(457) Concurrent Preclean 0.104ms
[276.090s][info][gc,start    ] GC(457) Pause Remark
[276.100s][info][gc          ] GC(457) Pause Remark 328M->328M(718M) 9.917ms
[276.100s][info][gc,cpu      ] GC(457) User=0.02s Sys=0.00s Real=0.01s
[276.100s][info][gc,marking  ] GC(457) Concurrent Mark 56.914ms
[276.100s][info][gc,marking  ] GC(457) Concurrent Rebuild Remembered Sets and Scrub Regions
[276.119s][info][gc,marking  ] GC(457) Concurrent Rebuild Remembered Sets and Scrub Regions 18.732ms
[276.119s][info][gc,start    ] GC(457) Pause Cleanup
[276.119s][info][gc          ] GC(457) Pause Cleanup 328M->328M(718M) 0.077ms
[276.119s][info][gc,cpu      ] GC(457) User=0.00s Sys=0.00s Real=0.00s
[276.120s][info][gc,marking  ] GC(457) Concurrent Clear Claimed Marks
[276.120s][info][gc,marking  ] GC(457) Concurrent Clear Claimed Marks 0.085ms
[276.120s][info][gc,marking  ] GC(457) Concurrent Cleanup for Next Mark
[276.122s][info][gc,marking  ] GC(457) Concurrent Cleanup for Next Mark 2.207ms
[276.122s][info][gc          ] GC(457) Concurrent Mark Cycle 80.380ms
[279.633s][info][gc,start    ] GC(458) Pause Young (Prepare Mixed) (G1 Evacuation Pause)
[279.633s][info][gc,task     ] GC(458) Using 2 workers of 2 for evacuation
[279.654s][info][gc,phases   ] GC(458)   Pre Evacuate Collection Set: 0.30ms
[279.654s][info][gc,phases   ] GC(458)   Merge Heap Roots: 0.14ms
[279.654s][info][gc,phases   ] GC(458)   Evacuate Collection Set: 19.97ms
[279.654s][info][gc,phases   ] GC(458)   Post Evacuate Collection Set: 0.87ms
[279.654s][info][gc,phases   ] GC(458)   Other: 0.08ms
[279.654s][info][gc,heap     ] GC(458) Eden regions: 310->0(405)
[279.654s][info][gc,heap     ] GC(458) Survivor regions: 1->24(49)
[279.654s][info][gc,heap     ] GC(458) Old regions: 44->44
[279.654s][info][gc,heap     ] GC(458) Humongous regions: 363->207
[279.654s][info][gc,metaspace] GC(458) Metaspace: 57111K(57472K)->57111K(57472K) NonClass: 48825K(49088K)->48825K(49088K) Class: 8285K(8384K)->8285K(8384K)
[279.654s][info][gc          ] GC(458) Pause Young (Prepare Mixed) (G1 Evacuation Pause) 716M->274M(742M) 21.563ms
[279.654s][info][gc,cpu      ] GC(458) User=0.03s Sys=0.02s Real=0.02s
[280.638s][info][gc,start    ] GC(459) Pause Young (Mixed) (G1 Evacuation Pause)
[280.638s][info][gc,task     ] GC(459) Using 2 workers of 2 for evacuation
[280.650s][info][gc,phases   ] GC(459)   Pre Evacuate Collection Set: 0.31ms
[280.651s][info][gc,phases   ] GC(459)   Merge Heap Roots: 0.14ms
[280.651s][info][gc,phases   ] GC(459)   Evacuate Collection Set: 10.80ms
[280.651s][info][gc,phases   ] GC(459)   Post Evacuate Collection Set: 0.82ms
[280.651s][info][gc,phases   ] GC(459)   Other: 0.10ms
[280.651s][info][gc,heap     ] GC(459) Eden regions: 405->0(403)
[280.651s][info][gc,heap     ] GC(459) Survivor regions: 24->25(54)
[280.651s][info][gc,heap     ] GC(459) Old regions: 44->44
[280.651s][info][gc,heap     ] GC(459) Humongous regions: 207->207
[280.651s][info][gc,metaspace] GC(459) Metaspace: 57111K(57472K)->57111K(57472K) NonClass: 48825K(49088K)->48825K(49088K) Class: 8285K(8384K)->8285K(8384K)
[280.651s][info][gc          ] GC(459) Pause Young (Mixed) (G1 Evacuation Pause) 679M->274M(742M) 12.384ms
[280.651s][info][gc,cpu      ] GC(459) User=0.03s Sys=0.00s Real=0.01s
[281.701s][info][gc,start    ] GC(460) Pause Young (Concurrent Start) (G1 Evacuation Pause)
[281.701s][info][gc,task     ] GC(460) Using 2 workers of 2 for evacuation
[281.713s][info][gc,phases   ] GC(460)   Pre Evacuate Collection Set: 0.30ms
[281.713s][info][gc,phases   ] GC(460)   Merge Heap Roots: 0.15ms
[281.713s][info][gc,phases   ] GC(460)   Evacuate Collection Set: 10.42ms
[281.713s][info][gc,phases   ] GC(460)   Post Evacuate Collection Set: 0.81ms
[281.713s][info][gc,phases   ] GC(460)   Other: 0.13ms
[281.713s][info][gc,heap     ] GC(460) Eden regions: 403->0(403)
[281.713s][info][gc,heap     ] GC(460) Survivor regions: 25->25(54)
[281.713s][info][gc,heap     ] GC(460) Old regions: 44->44
[281.713s][info][gc,heap     ] GC(460) Humongous regions: 207->207
[281.713s][info][gc,metaspace] GC(460) Metaspace: 57111K(57472K)->57111K(57472K) NonClass: 48825K(49088K)->48825K(49088K) Class: 8285K(8384K)->8285K(8384K)
[281.713s][info][gc          ] GC(460) Pause Young (Concurrent Start) (G1 Evacuation Pause) 677M->274M(742M) 12.054ms
[281.713s][info][gc          ] GC(461) Concurrent Mark Cycle
[281.713s][info][gc,marking  ] GC(461) Concurrent Scan Root Regions
[281.714s][info][gc,cpu      ] GC(460) User=0.02s Sys=0.00s Real=0.01s
[281.724s][info][gc,marking  ] GC(461) Concurrent Scan Root Regions 11.032ms
[281.724s][info][gc,marking  ] GC(461) Concurrent Mark
[281.724s][info][gc,marking  ] GC(461) Concurrent Mark From Roots
[281.724s][info][gc,task     ] GC(461) Using 1 workers of 1 for marking
[281.795s][info][gc,marking  ] GC(461) Concurrent Mark From Roots 71.043ms
[281.795s][info][gc,marking  ] GC(461) Concurrent Preclean
[281.795s][info][gc,marking  ] GC(461) Concurrent Preclean 0.062ms
[281.795s][info][gc,start    ] GC(461) Pause Remark
[281.805s][info][gc          ] GC(461) Pause Remark 322M->322M(742M) 10.081ms
[281.805s][info][gc,cpu      ] GC(461) User=0.02s Sys=0.00s Real=0.01s
[281.805s][info][gc,marking  ] GC(461) Concurrent Mark 81.518ms
[281.805s][info][gc,marking  ] GC(461) Concurrent Rebuild Remembered Sets and Scrub Regions
[281.823s][info][gc,marking  ] GC(461) Concurrent Rebuild Remembered Sets and Scrub Regions 17.365ms
[281.823s][info][gc,start    ] GC(461) Pause Cleanup
[281.823s][info][gc          ] GC(461) Pause Cleanup 328M->328M(742M) 0.079ms
[281.823s][info][gc,cpu      ] GC(461) User=0.00s Sys=0.00s Real=0.00s
[281.823s][info][gc,marking  ] GC(461) Concurrent Clear Claimed Marks
[281.823s][info][gc,marking  ] GC(461) Concurrent Clear Claimed Marks 0.099ms
[281.823s][info][gc,marking  ] GC(461) Concurrent Cleanup for Next Mark
[281.828s][info][gc,marking  ] GC(461) Concurrent Cleanup for Next Mark 5.005ms
[281.828s][info][gc          ] GC(461) Concurrent Mark Cycle 115.450ms
[282.653s][info][gc,start    ] GC(462) Pause Young (Prepare Mixed) (G1 Evacuation Pause)
[282.653s][info][gc,task     ] GC(462) Using 2 workers of 2 for evacuation
[282.665s][info][gc,phases   ] GC(462)   Pre Evacuate Collection Set: 0.28ms
[282.665s][info][gc,phases   ] GC(462)   Merge Heap Roots: 0.18ms
[282.665s][info][gc,phases   ] GC(462)   Evacuate Collection Set: 10.92ms
[282.665s][info][gc,phases   ] GC(462)   Post Evacuate Collection Set: 0.84ms
[282.665s][info][gc,phases   ] GC(462)   Other: 0.11ms
[282.665s][info][gc,heap     ] GC(462) Eden regions: 403->0(401)
[282.665s][info][gc,heap     ] GC(462) Survivor regions: 25->26(54)
[282.665s][info][gc,heap     ] GC(462) Old regions: 44->44
[282.665s][info][gc,heap     ] GC(462) Humongous regions: 207->207
[282.665s][info][gc,metaspace] GC(462) Metaspace: 57111K(57472K)->57111K(57472K) NonClass: 48825K(49088K)->48825K(49088K) Class: 8285K(8384K)->8285K(8384K)
[282.665s][info][gc          ] GC(462) Pause Young (Prepare Mixed) (G1 Evacuation Pause) 677M->275M(742M) 12.544ms
[282.665s][info][gc,cpu      ] GC(462) User=0.02s Sys=0.00s Real=0.01s
[283.760s][info][gc,start    ] GC(463) Pause Young (Mixed) (G1 Evacuation Pause)
[283.760s][info][gc,task     ] GC(463) Using 2 workers of 2 for evacuation
[283.774s][info][gc,phases   ] GC(463)   Pre Evacuate Collection Set: 0.29ms
[283.774s][info][gc,phases   ] GC(463)   Merge Heap Roots: 0.19ms
[283.774s][info][gc,phases   ] GC(463)   Evacuate Collection Set: 13.12ms
[283.774s][info][gc,phases   ] GC(463)   Post Evacuate Collection Set: 0.91ms
[283.774s][info][gc,phases   ] GC(463)   Other: 0.09ms
[283.774s][info][gc,heap     ] GC(463) Eden regions: 401->0(403)
[283.775s][info][gc,heap     ] GC(463) Survivor regions: 26->25(54)
[283.775s][info][gc,heap     ] GC(463) Old regions: 44->44
[283.775s][info][gc,heap     ] GC(463) Humongous regions: 207->207
[283.775s][info][gc,metaspace] GC(463) Metaspace: 57111K(57472K)->57111K(57472K) NonClass: 48825K(49088K)->48825K(49088K) Class: 8285K(8384K)->8285K(8384K)
[283.775s][info][gc          ] GC(463) Pause Young (Mixed) (G1 Evacuation Pause) 676M->274M(742M) 14.822ms
[283.775s][info][gc,cpu      ] GC(463) User=0.03s Sys=0.00s Real=0.01s
[284.764s][info][gc,start    ] GC(464) Pause Young (Concurrent Start) (G1 Evacuation Pause)
[284.764s][info][gc,task     ] GC(464) Using 2 workers of 2 for evacuation
[284.774s][info][gc,phases   ] GC(464)   Pre Evacuate Collection Set: 0.31ms
[284.774s][info][gc,phases   ] GC(464)   Merge Heap Roots: 0.15ms
[284.774s][info][gc,phases   ] GC(464)   Evacuate Collection Set: 8.62ms
[284.774s][info][gc,phases   ] GC(464)   Post Evacuate Collection Set: 0.82ms
[284.774s][info][gc,phases   ] GC(464)   Other: 0.11ms
[284.774s][info][gc,heap     ] GC(464) Eden regions: 403->0(405)
[284.774s][info][gc,heap     ] GC(464) Survivor regions: 25->24(54)
[284.774s][info][gc,heap     ] GC(464) Old regions: 44->44
[284.774s][info][gc,heap     ] GC(464) Humongous regions: 207->207
[284.774s][info][gc,metaspace] GC(464) Metaspace: 57111K(57472K)->57111K(57472K) NonClass: 48825K(49088K)->48825K(49088K) Class: 8285K(8384K)->8285K(8384K)
[284.774s][info][gc          ] GC(464) Pause Young (Concurrent Start) (G1 Evacuation Pause) 677M->273M(742M) 10.218ms
[284.774s][info][gc          ] GC(465) Concurrent Mark Cycle
[284.774s][info][gc,marking  ] GC(465) Concurrent Scan Root Regions
[284.776s][info][gc,cpu      ] GC(464) User=0.02s Sys=0.00s Real=0.01s
[284.780s][info][gc,marking  ] GC(465) Concurrent Scan Root Regions 5.672ms
[284.780s][info][gc,marking  ] GC(465) Concurrent Mark
[284.780s][info][gc,marking  ] GC(465) Concurrent Mark From Roots
[284.780s][info][gc,task     ] GC(465) Using 1 workers of 1 for marking
[284.835s][info][gc,marking  ] GC(465) Concurrent Mark From Roots 55.023ms
[284.835s][info][gc,marking  ] GC(465) Concurrent Preclean
[284.835s][info][gc,marking  ] GC(465) Concurrent Preclean 0.068ms
[284.836s][info][gc,start    ] GC(465) Pause Remark
[284.864s][info][gc          ] GC(465) Pause Remark 291M->291M(742M) 28.042ms
[284.864s][info][gc,cpu      ] GC(465) User=0.03s Sys=0.00s Real=0.03s
[284.868s][info][gc,marking  ] GC(465) Concurrent Mark 88.008ms
[284.868s][info][gc,marking  ] GC(465) Concurrent Rebuild Remembered Sets and Scrub Regions
[284.920s][info][gc,marking  ] GC(465) Concurrent Rebuild Remembered Sets and Scrub Regions 51.879ms
[284.920s][info][gc,start    ] GC(465) Pause Cleanup
[284.920s][info][gc          ] GC(465) Pause Cleanup 302M->302M(742M) 0.083ms
[284.920s][info][gc,cpu      ] GC(465) User=0.00s Sys=0.00s Real=0.00s
[284.922s][info][gc,marking  ] GC(465) Concurrent Clear Claimed Marks
[284.922s][info][gc,marking  ] GC(465) Concurrent Clear Claimed Marks 0.111ms
[284.922s][info][gc,marking  ] GC(465) Concurrent Cleanup for Next Mark
[284.926s][info][gc,marking  ] GC(465) Concurrent Cleanup for Next Mark 3.869ms
[284.926s][info][gc          ] GC(465) Concurrent Mark Cycle 151.858ms
[285.818s][info][gc,start    ] GC(466) Pause Young (Prepare Mixed) (G1 Evacuation Pause)
[285.818s][info][gc,task     ] GC(466) Using 2 workers of 2 for evacuation
[285.828s][info][gc,phases   ] GC(466)   Pre Evacuate Collection Set: 0.31ms
[285.828s][info][gc,phases   ] GC(466)   Merge Heap Roots: 0.15ms
[285.828s][info][gc,phases   ] GC(466)   Evacuate Collection Set: 7.90ms
[285.828s][info][gc,phases   ] GC(466)   Post Evacuate Collection Set: 0.87ms
[285.828s][info][gc,phases   ] GC(466)   Other: 0.09ms
[285.828s][info][gc,heap     ] GC(466) Eden regions: 405->0(405)
[285.828s][info][gc,heap     ] GC(466) Survivor regions: 24->24(54)
[285.828s][info][gc,heap     ] GC(466) Old regions: 44->44
[285.828s][info][gc,heap     ] GC(466) Humongous regions: 207->207
[285.828s][info][gc,metaspace] GC(466) Metaspace: 57111K(57472K)->57111K(57472K) NonClass: 48825K(49088K)->48825K(49088K) Class: 8285K(8384K)->8285K(8384K)
[285.828s][info][gc          ] GC(466) Pause Young (Prepare Mixed) (G1 Evacuation Pause) 678M->273M(742M) 9.565ms
[285.828s][info][gc,cpu      ] GC(466) User=0.02s Sys=0.00s Real=0.01s
[286.829s][info][gc,start    ] GC(467) Pause Young (Mixed) (G1 Evacuation Pause)
[286.829s][info][gc,task     ] GC(467) Using 2 workers of 2 for evacuation
[286.841s][info][gc,phases   ] GC(467)   Pre Evacuate Collection Set: 0.29ms
[286.841s][info][gc,phases   ] GC(467)   Merge Heap Roots: 0.15ms
[286.841s][info][gc,phases   ] GC(467)   Evacuate Collection Set: 10.88ms
[286.841s][info][gc,phases   ] GC(467)   Post Evacuate Collection Set: 0.84ms
[286.841s][info][gc,phases   ] GC(467)   Other: 0.09ms
[286.841s][info][gc,heap     ] GC(467) Eden regions: 405->0(404)
[286.841s][info][gc,heap     ] GC(467) Survivor regions: 24->25(54)
[286.841s][info][gc,heap     ] GC(467) Old regions: 44->43
[286.841s][info][gc,heap     ] GC(467) Humongous regions: 207->207
[286.841s][info][gc,metaspace] GC(467) Metaspace: 57111K(57472K)->57111K(57472K) NonClass: 48825K(49088K)->48825K(49088K) Class: 8285K(8384K)->8285K(8384K)
[286.841s][info][gc          ] GC(467) Pause Young (Mixed) (G1 Evacuation Pause) 678M->274M(742M) 12.460ms
[286.841s][info][gc,cpu      ] GC(467) User=0.02s Sys=0.00s Real=0.01s
[287.833s][info][gc,start    ] GC(468) Pause Young (Concurrent Start) (G1 Evacuation Pause)
[287.833s][info][gc,task     ] GC(468) Using 2 workers of 2 for evacuation
[287.844s][info][gc,phases   ] GC(468)   Pre Evacuate Collection Set: 0.35ms
[287.844s][info][gc,phases   ] GC(468)   Merge Heap Roots: 0.13ms
[287.844s][info][gc,phases   ] GC(468)   Evacuate Collection Set: 9.18ms
[287.844s][info][gc,phases   ] GC(468)   Post Evacuate Collection Set: 0.81ms
[287.844s][info][gc,phases   ] GC(468)   Other: 0.11ms
[287.844s][info][gc,heap     ] GC(468) Eden regions: 404->0(404)
[287.844s][info][gc,heap     ] GC(468) Survivor regions: 25->25(54)
[287.844s][info][gc,heap     ] GC(468) Old regions: 43->43
[287.844s][info][gc,heap     ] GC(468) Humongous regions: 207->207
[287.844s][info][gc,metaspace] GC(468) Metaspace: 57111K(57472K)->57111K(57472K) NonClass: 48825K(49088K)->48825K(49088K) Class: 8285K(8384K)->8285K(8384K)
[287.844s][info][gc          ] GC(468) Pause Young (Concurrent Start) (G1 Evacuation Pause) 678M->274M(742M) 10.797ms
[287.844s][info][gc,cpu      ] GC(468) User=0.02s Sys=0.00s Real=0.01s
[287.844s][info][gc          ] GC(469) Concurrent Mark Cycle
[287.844s][info][gc,marking  ] GC(469) Concurrent Scan Root Regions
[287.856s][info][gc,marking  ] GC(469) Concurrent Scan Root Regions 11.443ms
[287.856s][info][gc,marking  ] GC(469) Concurrent Mark
[287.856s][info][gc,marking  ] GC(469) Concurrent Mark From Roots
[287.856s][info][gc,task     ] GC(469) Using 1 workers of 1 for marking
[287.909s][info][gc,marking  ] GC(469) Concurrent Mark From Roots 53.168ms
[287.909s][info][gc,marking  ] GC(469) Concurrent Preclean
[287.909s][info][gc,marking  ] GC(469) Concurrent Preclean 0.065ms
[287.909s][info][gc,start    ] GC(469) Pause Remark
[287.919s][info][gc          ] GC(469) Pause Remark 301M->301M(742M) 9.881ms
[287.919s][info][gc,cpu      ] GC(469) User=0.02s Sys=0.00s Real=0.01s
[287.920s][info][gc,marking  ] GC(469) Concurrent Mark 64.756ms
[287.920s][info][gc,marking  ] GC(469) Concurrent Rebuild Remembered Sets and Scrub Regions
[287.955s][info][gc,marking  ] GC(469) Concurrent Rebuild Remembered Sets and Scrub Regions 34.511ms
[287.955s][info][gc,start    ] GC(469) Pause Cleanup
[287.955s][info][gc          ] GC(469) Pause Cleanup 322M->322M(742M) 0.077ms
[287.955s][info][gc,cpu      ] GC(469) User=0.00s Sys=0.00s Real=0.00s
[287.957s][info][gc,marking  ] GC(469) Concurrent Clear Claimed Marks
[287.957s][info][gc,marking  ] GC(469) Concurrent Clear Claimed Marks 0.115ms
[287.957s][info][gc,marking  ] GC(469) Concurrent Cleanup for Next Mark
[287.964s][info][gc,marking  ] GC(469) Concurrent Cleanup for Next Mark 6.999ms
[287.964s][info][gc          ] GC(469) Concurrent Mark Cycle 119.836ms
[288.858s][info][gc,start    ] GC(470) Pause Young (Prepare Mixed) (G1 Evacuation Pause)
[288.858s][info][gc,task     ] GC(470) Using 2 workers of 2 for evacuation
[288.869s][info][gc,phases   ] GC(470)   Pre Evacuate Collection Set: 0.30ms
[288.869s][info][gc,phases   ] GC(470)   Merge Heap Roots: 0.16ms
[288.869s][info][gc,phases   ] GC(470)   Evacuate Collection Set: 10.06ms
[288.870s][info][gc,phases   ] GC(470)   Post Evacuate Collection Set: 0.84ms
[288.870s][info][gc,phases   ] GC(470)   Other: 0.09ms
[288.870s][info][gc,heap     ] GC(470) Eden regions: 404->0(404)
[288.870s][info][gc,heap     ] GC(470) Survivor regions: 25->25(54)
[288.870s][info][gc,heap     ] GC(470) Old regions: 43->43
[288.870s][info][gc,heap     ] GC(470) Humongous regions: 207->207
[288.870s][info][gc,metaspace] GC(470) Metaspace: 57112K(57472K)->57112K(57472K) NonClass: 48826K(49088K)->48826K(49088K) Class: 8285K(8384K)->8285K(8384K)
[288.870s][info][gc          ] GC(470) Pause Young (Prepare Mixed) (G1 Evacuation Pause) 678M->274M(742M) 11.660ms
[288.870s][info][gc,cpu      ] GC(470) User=0.02s Sys=0.00s Real=0.01s
[289.898s][info][gc,start    ] GC(471) Pause Young (Mixed) (G1 Evacuation Pause)
[289.898s][info][gc,task     ] GC(471) Using 2 workers of 2 for evacuation
[289.912s][info][gc,phases   ] GC(471)   Pre Evacuate Collection Set: 0.32ms
[289.912s][info][gc,phases   ] GC(471)   Merge Heap Roots: 0.15ms
[289.912s][info][gc,phases   ] GC(471)   Evacuate Collection Set: 12.31ms
[289.912s][info][gc,phases   ] GC(471)   Post Evacuate Collection Set: 0.89ms
[289.912s][info][gc,phases   ] GC(471)   Other: 0.10ms
[289.912s][info][gc,heap     ] GC(471) Eden regions: 404->0(404)
[289.912s][info][gc,heap     ] GC(471) Survivor regions: 25->25(54)
[289.912s][info][gc,heap     ] GC(471) Old regions: 43->43
[289.912s][info][gc,heap     ] GC(471) Humongous regions: 207->207
[289.912s][info][gc,metaspace] GC(471) Metaspace: 57112K(57472K)->57112K(57472K) NonClass: 48826K(49088K)->48826K(49088K) Class: 8285K(8384K)->8285K(8384K)
[289.912s][info][gc          ] GC(471) Pause Young (Mixed) (G1 Evacuation Pause) 678M->274M(742M) 14.002ms
[289.912s][info][gc,cpu      ] GC(471) User=0.03s Sys=0.00s Real=0.01s
[290.923s][info][gc,start    ] GC(472) Pause Young (Concurrent Start) (G1 Evacuation Pause)
[290.923s][info][gc,task     ] GC(472) Using 2 workers of 2 for evacuation
[290.935s][info][gc,phases   ] GC(472)   Pre Evacuate Collection Set: 0.34ms
[290.935s][info][gc,phases   ] GC(472)   Merge Heap Roots: 0.14ms
[290.935s][info][gc,phases   ] GC(472)   Evacuate Collection Set: 10.27ms
[290.935s][info][gc,phases   ] GC(472)   Post Evacuate Collection Set: 0.82ms
[290.935s][info][gc,phases   ] GC(472)   Other: 0.10ms
[290.935s][info][gc,heap     ] GC(472) Eden regions: 404->0(404)
[290.935s][info][gc,heap     ] GC(472) Survivor regions: 25->25(54)
[290.935s][info][gc,heap     ] GC(472) Old regions: 43->43
[290.935s][info][gc,heap     ] GC(472) Humongous regions: 207->207
[290.935s][info][gc,metaspace] GC(472) Metaspace: 57112K(57472K)->57112K(57472K) NonClass: 48826K(49088K)->48826K(49088K) Class: 8285K(8384K)->8285K(8384K)
[290.935s][info][gc          ] GC(472) Pause Young (Concurrent Start) (G1 Evacuation Pause) 678M->274M(742M) 11.880ms
[290.935s][info][gc,cpu      ] GC(472) User=0.03s Sys=0.00s Real=0.01s
[290.935s][info][gc          ] GC(473) Concurrent Mark Cycle
[290.936s][info][gc,marking  ] GC(473) Concurrent Scan Root Regions
[290.945s][info][gc,marking  ] GC(473) Concurrent Scan Root Regions 8.968ms
[290.945s][info][gc,marking  ] GC(473) Concurrent Mark
[290.945s][info][gc,marking  ] GC(473) Concurrent Mark From Roots
[290.945s][info][gc,task     ] GC(473) Using 1 workers of 1 for marking
[291.010s][info][gc,marking  ] GC(473) Concurrent Mark From Roots 64.835ms
[291.010s][info][gc,marking  ] GC(473) Concurrent Preclean
[291.010s][info][gc,marking  ] GC(473) Concurrent Preclean 0.066ms
[291.010s][info][gc,start    ] GC(473) Pause Remark
[291.020s][info][gc          ] GC(473) Pause Remark 314M->314M(742M) 9.859ms
[291.020s][info][gc,cpu      ] GC(473) User=0.02s Sys=0.00s Real=0.01s
[291.020s][info][gc,marking  ] GC(473) Concurrent Mark 75.041ms
[291.020s][info][gc,marking  ] GC(473) Concurrent Rebuild Remembered Sets and Scrub Regions
[291.042s][info][gc,marking  ] GC(473) Concurrent Rebuild Remembered Sets and Scrub Regions 21.364ms
[291.043s][info][gc,start    ] GC(473) Pause Cleanup
[291.043s][info][gc          ] GC(473) Pause Cleanup 324M->324M(742M) 0.096ms
[291.043s][info][gc,cpu      ] GC(473) User=0.00s Sys=0.00s Real=0.00s
[291.043s][info][gc,marking  ] GC(473) Concurrent Clear Claimed Marks
[291.043s][info][gc,marking  ] GC(473) Concurrent Clear Claimed Marks 0.105ms
[291.043s][info][gc,marking  ] GC(473) Concurrent Cleanup for Next Mark
[291.046s][info][gc,marking  ] GC(473) Concurrent Cleanup for Next Mark 3.603ms
[291.046s][info][gc          ] GC(473) Concurrent Mark Cycle 111.624ms
[291.920s][info][gc,start    ] GC(474) Pause Young (Prepare Mixed) (G1 Evacuation Pause)
[291.921s][info][gc,task     ] GC(474) Using 2 workers of 2 for evacuation
[291.930s][info][gc,phases   ] GC(474)   Pre Evacuate Collection Set: 0.30ms
[291.930s][info][gc,phases   ] GC(474)   Merge Heap Roots: 0.16ms
[291.930s][info][gc,phases   ] GC(474)   Evacuate Collection Set: 7.87ms
[291.930s][info][gc,phases   ] GC(474)   Post Evacuate Collection Set: 0.82ms
[291.930s][info][gc,phases   ] GC(474)   Other: 0.09ms
[291.930s][info][gc,heap     ] GC(474) Eden regions: 404->0(406)
[291.930s][info][gc,heap     ] GC(474) Survivor regions: 25->24(54)
[291.930s][info][gc,heap     ] GC(474) Old regions: 43->43
[291.930s][info][gc,heap     ] GC(474) Humongous regions: 207->207
[291.930s][info][gc,metaspace] GC(474) Metaspace: 57112K(57472K)->57112K(57472K) NonClass: 48826K(49088K)->48826K(49088K) Class: 8285K(8384K)->8285K(8384K)
[291.930s][info][gc          ] GC(474) Pause Young (Prepare Mixed) (G1 Evacuation Pause) 678M->273M(742M) 9.442ms
[291.930s][info][gc,cpu      ] GC(474) User=0.02s Sys=0.01s Real=0.01s
[292.930s][info][gc,start    ] GC(475) Pause Young (Mixed) (G1 Evacuation Pause)
[292.930s][info][gc,task     ] GC(475) Using 2 workers of 2 for evacuation
[292.942s][info][gc,phases   ] GC(475)   Pre Evacuate Collection Set: 0.29ms
[292.942s][info][gc,phases   ] GC(475)   Merge Heap Roots: 0.13ms
[292.942s][info][gc,phases   ] GC(475)   Evacuate Collection Set: 10.28ms
[292.942s][info][gc,phases   ] GC(475)   Post Evacuate Collection Set: 0.84ms
[292.942s][info][gc,phases   ] GC(475)   Other: 0.09ms
[292.942s][info][gc,heap     ] GC(475) Eden regions: 406->0(404)
[292.942s][info][gc,heap     ] GC(475) Survivor regions: 24->25(54)
[292.942s][info][gc,heap     ] GC(475) Old regions: 43->43
[292.942s][info][gc,heap     ] GC(475) Humongous regions: 207->207
[292.942s][info][gc,metaspace] GC(475) Metaspace: 57112K(57472K)->57112K(57472K) NonClass: 48826K(49088K)->48826K(49088K) Class: 8285K(8384K)->8285K(8384K)
[292.942s][info][gc          ] GC(475) Pause Young (Mixed) (G1 Evacuation Pause) 679M->274M(742M) 11.862ms
[292.942s][info][gc,cpu      ] GC(475) User=0.02s Sys=0.00s Real=0.01s
[294.135s][info][gc,start    ] GC(476) Pause Young (Concurrent Start) (G1 Evacuation Pause)
[294.135s][info][gc,task     ] GC(476) Using 2 workers of 2 for evacuation
[294.144s][info][gc,phases   ] GC(476)   Pre Evacuate Collection Set: 0.31ms
[294.144s][info][gc,phases   ] GC(476)   Merge Heap Roots: 0.13ms
[294.144s][info][gc,phases   ] GC(476)   Evacuate Collection Set: 7.81ms
[294.144s][info][gc,phases   ] GC(476)   Post Evacuate Collection Set: 0.83ms
[294.144s][info][gc,phases   ] GC(476)   Other: 0.12ms
[294.144s][info][gc,heap     ] GC(476) Eden regions: 404->0(406)
[294.144s][info][gc,heap     ] GC(476) Survivor regions: 25->24(54)
[294.144s][info][gc,heap     ] GC(476) Old regions: 43->43
[294.144s][info][gc,heap     ] GC(476) Humongous regions: 207->207
[294.144s][info][gc,metaspace] GC(476) Metaspace: 57112K(57472K)->57112K(57472K) NonClass: 48826K(49088K)->48826K(49088K) Class: 8285K(8384K)->8285K(8384K)
[294.144s][info][gc          ] GC(476) Pause Young (Concurrent Start) (G1 Evacuation Pause) 678M->273M(742M) 9.400ms
[294.144s][info][gc,cpu      ] GC(476) User=0.01s Sys=0.00s Real=0.01s
[294.146s][info][gc          ] GC(477) Concurrent Mark Cycle
[294.146s][info][gc,marking  ] GC(477) Concurrent Scan Root Regions
[294.153s][info][gc,marking  ] GC(477) Concurrent Scan Root Regions 7.587ms
[294.153s][info][gc,marking  ] GC(477) Concurrent Mark
[294.153s][info][gc,marking  ] GC(477) Concurrent Mark From Roots
[294.153s][info][gc,task     ] GC(477) Using 1 workers of 1 for marking
[294.202s][info][gc,marking  ] GC(477) Concurrent Mark From Roots 48.325ms
[294.202s][info][gc,marking  ] GC(477) Concurrent Preclean
[294.202s][info][gc,marking  ] GC(477) Concurrent Preclean 0.072ms
[294.202s][info][gc,start    ] GC(477) Pause Remark
[294.212s][info][gc          ] GC(477) Pause Remark 306M->292M(742M) 9.830ms
[294.212s][info][gc,cpu      ] GC(477) User=0.02s Sys=0.00s Real=0.01s
[294.213s][info][gc,marking  ] GC(477) Concurrent Mark 59.433ms
[294.213s][info][gc,marking  ] GC(477) Concurrent Rebuild Remembered Sets and Scrub Regions
[294.234s][info][gc,marking  ] GC(477) Concurrent Rebuild Remembered Sets and Scrub Regions 21.223ms
[294.234s][info][gc,start    ] GC(477) Pause Cleanup
[294.234s][info][gc          ] GC(477) Pause Cleanup 305M->305M(742M) 0.086ms
[294.234s][info][gc,cpu      ] GC(477) User=0.00s Sys=0.00s Real=0.00s
[294.234s][info][gc,marking  ] GC(477) Concurrent Clear Claimed Marks
[294.234s][info][gc,marking  ] GC(477) Concurrent Clear Claimed Marks 0.099ms
[294.234s][info][gc,marking  ] GC(477) Concurrent Cleanup for Next Mark
[294.236s][info][gc,marking  ] GC(477) Concurrent Cleanup for Next Mark 2.183ms
[294.237s][info][gc          ] GC(477) Concurrent Mark Cycle 90.922ms
[295.045s][info][gc,start    ] GC(478) Pause Young (Prepare Mixed) (G1 Evacuation Pause)
[295.045s][info][gc,task     ] GC(478) Using 2 workers of 2 for evacuation
[295.055s][info][gc,phases   ] GC(478)   Pre Evacuate Collection Set: 0.28ms
[295.055s][info][gc,phases   ] GC(478)   Merge Heap Roots: 0.17ms
[295.055s][info][gc,phases   ] GC(478)   Evacuate Collection Set: 9.13ms
[295.055s][info][gc,phases   ] GC(478)   Post Evacuate Collection Set: 0.80ms
[295.055s][info][gc,phases   ] GC(478)   Other: 0.11ms
[295.055s][info][gc,heap     ] GC(478) Eden regions: 406->0(440)
[295.055s][info][gc,heap     ] GC(478) Survivor regions: 24->3(54)
[295.055s][info][gc,heap     ] GC(478) Old regions: 29->51
[295.055s][info][gc,heap     ] GC(478) Humongous regions: 207->207
[295.055s][info][gc,metaspace] GC(478) Metaspace: 57113K(57472K)->57113K(57472K) NonClass: 48827K(49088K)->48827K(49088K) Class: 8285K(8384K)->8285K(8384K)
[295.055s][info][gc          ] GC(478) Pause Young (Prepare Mixed) (G1 Evacuation Pause) 665M->260M(742M) 10.720ms
[295.055s][info][gc,cpu      ] GC(478) User=0.02s Sys=0.00s Real=0.01s
[296.147s][info][gc,start    ] GC(479) Pause Young (Mixed) (G1 Evacuation Pause)
[296.147s][info][gc,task     ] GC(479) Using 2 workers of 2 for evacuation
[296.153s][info][gc,phases   ] GC(479)   Pre Evacuate Collection Set: 0.29ms
[296.153s][info][gc,phases   ] GC(479)   Merge Heap Roots: 0.14ms
[296.153s][info][gc,phases   ] GC(479)   Evacuate Collection Set: 4.72ms
[296.153s][info][gc,phases   ] GC(479)   Post Evacuate Collection Set: 0.74ms
[296.153s][info][gc,phases   ] GC(479)   Other: 0.10ms
[296.153s][info][gc,heap     ] GC(479) Eden regions: 440->0(442)
[296.153s][info][gc,heap     ] GC(479) Survivor regions: 3->3(56)
[296.153s][info][gc,heap     ] GC(479) Old regions: 51->49
[296.153s][info][gc,heap     ] GC(479) Humongous regions: 207->207
[296.153s][info][gc,metaspace] GC(479) Metaspace: 57113K(57472K)->57113K(57472K) NonClass: 48827K(49088K)->48827K(49088K) Class: 8285K(8384K)->8285K(8384K)
[296.153s][info][gc          ] GC(479) Pause Young (Mixed) (G1 Evacuation Pause) 700M->258M(742M) 6.193ms
[296.153s][info][gc,cpu      ] GC(479) User=0.01s Sys=0.00s Real=0.00s
[297.256s][info][gc,start    ] GC(480) Pause Young (Concurrent Start) (G1 Evacuation Pause)
[297.256s][info][gc,task     ] GC(480) Using 2 workers of 2 for evacuation
[297.262s][info][gc,phases   ] GC(480)   Pre Evacuate Collection Set: 0.33ms
[297.262s][info][gc,phases   ] GC(480)   Merge Heap Roots: 0.12ms
[297.262s][info][gc,phases   ] GC(480)   Evacuate Collection Set: 4.41ms
[297.262s][info][gc,phases   ] GC(480)   Post Evacuate Collection Set: 0.71ms
[297.262s][info][gc,phases   ] GC(480)   Other: 0.14ms
[297.262s][info][gc,heap     ] GC(480) Eden regions: 442->0(441)
[297.262s][info][gc,heap     ] GC(480) Survivor regions: 3->3(56)
[297.262s][info][gc,heap     ] GC(480) Old regions: 49->50
[297.262s][info][gc,heap     ] GC(480) Humongous regions: 207->207
[297.262s][info][gc,metaspace] GC(480) Metaspace: 57113K(57472K)->57113K(57472K) NonClass: 48827K(49088K)->48827K(49088K) Class: 8285K(8384K)->8285K(8384K)
[297.262s][info][gc          ] GC(480) Pause Young (Concurrent Start) (G1 Evacuation Pause) 700M->258M(742M) 5.924ms
[297.262s][info][gc,cpu      ] GC(480) User=0.01s Sys=0.00s Real=0.01s
[297.262s][info][gc          ] GC(481) Concurrent Mark Cycle
[297.262s][info][gc,marking  ] GC(481) Concurrent Scan Root Regions
[297.267s][info][gc,marking  ] GC(481) Concurrent Scan Root Regions 4.051ms
[297.267s][info][gc,marking  ] GC(481) Concurrent Mark
[297.267s][info][gc,marking  ] GC(481) Concurrent Mark From Roots
[297.267s][info][gc,task     ] GC(481) Using 1 workers of 1 for marking
[297.320s][info][gc,marking  ] GC(481) Concurrent Mark From Roots 53.602ms
[297.320s][info][gc,marking  ] GC(481) Concurrent Preclean
[297.320s][info][gc,marking  ] GC(481) Concurrent Preclean 0.125ms
[297.320s][info][gc,start    ] GC(481) Pause Remark
[297.344s][info][gc          ] GC(481) Pause Remark 266M->266M(742M) 23.432ms
[297.344s][info][gc,cpu      ] GC(481) User=0.03s Sys=0.01s Real=0.02s
[297.345s][info][gc,marking  ] GC(481) Concurrent Mark 78.428ms
[297.345s][info][gc,marking  ] GC(481) Concurrent Rebuild Remembered Sets and Scrub Regions
[297.363s][info][gc,marking  ] GC(481) Concurrent Rebuild Remembered Sets and Scrub Regions 18.416ms
[297.364s][info][gc,start    ] GC(481) Pause Cleanup
[297.364s][info][gc          ] GC(481) Pause Cleanup 266M->266M(742M) 0.102ms
[297.364s][info][gc,cpu      ] GC(481) User=0.00s Sys=0.00s Real=0.00s
[297.364s][info][gc,marking  ] GC(481) Concurrent Clear Claimed Marks
[297.364s][info][gc,marking  ] GC(481) Concurrent Clear Claimed Marks 0.104ms
[297.364s][info][gc,marking  ] GC(481) Concurrent Cleanup for Next Mark
[297.366s][info][gc,marking  ] GC(481) Concurrent Cleanup for Next Mark 2.677ms
[297.366s][info][gc          ] GC(481) Concurrent Mark Cycle 104.042ms
[298.390s][info][gc,start    ] GC(482) Pause Young (Prepare Mixed) (G1 Evacuation Pause)
[298.390s][info][gc,task     ] GC(482) Using 2 workers of 2 for evacuation
[298.397s][info][gc,phases   ] GC(482)   Pre Evacuate Collection Set: 0.45ms
[298.397s][info][gc,phases   ] GC(482)   Merge Heap Roots: 0.14ms
[298.397s][info][gc,phases   ] GC(482)   Evacuate Collection Set: 5.64ms
[298.397s][info][gc,phases   ] GC(482)   Post Evacuate Collection Set: 0.77ms
[298.397s][info][gc,phases   ] GC(482)   Other: 0.11ms
[298.397s][info][gc,heap     ] GC(482) Eden regions: 441->0(443)
[298.397s][info][gc,heap     ] GC(482) Survivor regions: 3->2(56)
[298.397s][info][gc,heap     ] GC(482) Old regions: 50->50
[298.397s][info][gc,heap     ] GC(482) Humongous regions: 207->207
[298.398s][info][gc,metaspace] GC(482) Metaspace: 57113K(57472K)->57113K(57472K) NonClass: 48827K(49088K)->48827K(49088K) Class: 8285K(8384K)->8285K(8384K)
[298.398s][info][gc          ] GC(482) Pause Young (Prepare Mixed) (G1 Evacuation Pause) 699M->257M(742M) 7.296ms
[298.398s][info][gc,cpu      ] GC(482) User=0.00s Sys=0.00s Real=0.01s
[299.479s][info][gc,start    ] GC(483) Pause Young (Mixed) (G1 Evacuation Pause)
[299.479s][info][gc,task     ] GC(483) Using 2 workers of 2 for evacuation
[299.482s][info][gc,phases   ] GC(483)   Pre Evacuate Collection Set: 0.28ms
[299.482s][info][gc,phases   ] GC(483)   Merge Heap Roots: 0.14ms
[299.482s][info][gc,phases   ] GC(483)   Evacuate Collection Set: 2.16ms
[299.482s][info][gc,phases   ] GC(483)   Post Evacuate Collection Set: 0.74ms
[299.482s][info][gc,phases   ] GC(483)   Other: 0.09ms
[299.482s][info][gc,heap     ] GC(483) Eden regions: 443->0(444)
[299.482s][info][gc,heap     ] GC(483) Survivor regions: 2->1(56)
[299.482s][info][gc,heap     ] GC(483) Old regions: 50->48
[299.482s][info][gc,heap     ] GC(483) Humongous regions: 207->207
[299.482s][info][gc,metaspace] GC(483) Metaspace: 57113K(57472K)->57113K(57472K) NonClass: 48827K(49088K)->48827K(49088K) Class: 8285K(8384K)->8285K(8384K)
[299.482s][info][gc          ] GC(483) Pause Young (Mixed) (G1 Evacuation Pause) 700M->254M(742M) 3.641ms
[299.482s][info][gc,cpu      ] GC(483) User=0.00s Sys=0.00s Real=0.00s
[300.623s][info][gc,start    ] GC(484) Pause Young (Concurrent Start) (G1 Evacuation Pause)
[300.623s][info][gc,task     ] GC(484) Using 2 workers of 2 for evacuation
[300.627s][info][gc,phases   ] GC(484)   Pre Evacuate Collection Set: 0.31ms
[300.627s][info][gc,phases   ] GC(484)   Merge Heap Roots: 0.13ms
[300.627s][info][gc,phases   ] GC(484)   Evacuate Collection Set: 2.87ms
[300.627s][info][gc,phases   ] GC(484)   Post Evacuate Collection Set: 0.73ms
[300.627s][info][gc,phases   ] GC(484)   Other: 0.13ms
[300.627s][info][gc,heap     ] GC(484) Eden regions: 444->0(444)
[300.627s][info][gc,heap     ] GC(484) Survivor regions: 1->1(56)
[300.627s][info][gc,heap     ] GC(484) Old regions: 48->48
[300.627s][info][gc,heap     ] GC(484) Humongous regions: 207->207
[300.627s][info][gc,metaspace] GC(484) Metaspace: 57113K(57472K)->57113K(57472K) NonClass: 48827K(49088K)->48827K(49088K) Class: 8285K(8384K)->8285K(8384K)
[300.627s][info][gc          ] GC(484) Pause Young (Concurrent Start) (G1 Evacuation Pause) 698M->254M(742M) 4.357ms
[300.627s][info][gc          ] GC(485) Concurrent Mark Cycle
[300.627s][info][gc,marking  ] GC(485) Concurrent Scan Root Regions
[300.628s][info][gc,cpu      ] GC(484) User=0.01s Sys=0.00s Real=0.01s
[300.629s][info][gc,marking  ] GC(485) Concurrent Scan Root Regions 2.003ms
[300.629s][info][gc,marking  ] GC(485) Concurrent Mark
[300.629s][info][gc,marking  ] GC(485) Concurrent Mark From Roots
[300.629s][info][gc,task     ] GC(485) Using 1 workers of 1 for marking
[300.693s][info][gc,marking  ] GC(485) Concurrent Mark From Roots 64.238ms
[300.693s][info][gc,marking  ] GC(485) Concurrent Preclean
[300.693s][info][gc,marking  ] GC(485) Concurrent Preclean 0.092ms
[300.694s][info][gc,start    ] GC(485) Pause Remark
[300.704s][info][gc          ] GC(485) Pause Remark 288M->288M(742M) 9.911ms
[300.704s][info][gc,cpu      ] GC(485) User=0.02s Sys=0.00s Real=0.01s
[300.704s][info][gc,marking  ] GC(485) Concurrent Mark 74.569ms
[300.704s][info][gc,marking  ] GC(485) Concurrent Rebuild Remembered Sets and Scrub Regions
[300.727s][info][gc,marking  ] GC(485) Concurrent Rebuild Remembered Sets and Scrub Regions 23.107ms
[300.727s][info][gc,start    ] GC(485) Pause Cleanup
[300.727s][info][gc          ] GC(485) Pause Cleanup 298M->298M(742M) 0.078ms
[300.727s][info][gc,cpu      ] GC(485) User=0.00s Sys=0.00s Real=0.00s
[300.728s][info][gc,marking  ] GC(485) Concurrent Clear Claimed Marks
[300.728s][info][gc,marking  ] GC(485) Concurrent Clear Claimed Marks 0.104ms
[300.728s][info][gc,marking  ] GC(485) Concurrent Cleanup for Next Mark
[300.732s][info][gc,marking  ] GC(485) Concurrent Cleanup for Next Mark 4.240ms
[300.732s][info][gc          ] GC(485) Concurrent Mark Cycle 104.908ms
[301.732s][info][gc,start    ] GC(486) Pause Young (Prepare Mixed) (G1 Evacuation Pause)
[301.732s][info][gc,task     ] GC(486) Using 2 workers of 2 for evacuation
[301.737s][info][gc,phases   ] GC(486)   Pre Evacuate Collection Set: 0.26ms
[301.737s][info][gc,phases   ] GC(486)   Merge Heap Roots: 0.16ms
[301.737s][info][gc,phases   ] GC(486)   Evacuate Collection Set: 3.54ms
[301.737s][info][gc,phases   ] GC(486)   Post Evacuate Collection Set: 0.74ms
[301.737s][info][gc,phases   ] GC(486)   Other: 0.08ms
[301.737s][info][gc,heap     ] GC(486) Eden regions: 444->0(442)
[301.737s][info][gc,heap     ] GC(486) Survivor regions: 1->3(56)
[301.737s][info][gc,heap     ] GC(486) Old regions: 48->48
[301.737s][info][gc,heap     ] GC(486) Humongous regions: 207->207
[301.737s][info][gc,metaspace] GC(486) Metaspace: 57113K(57472K)->57113K(57472K) NonClass: 48827K(49088K)->48827K(49088K) Class: 8285K(8384K)->8285K(8384K)
[301.737s][info][gc          ] GC(486) Pause Young (Prepare Mixed) (G1 Evacuation Pause) 698M->256M(742M) 4.996ms
[301.737s][info][gc,cpu      ] GC(486) User=0.01s Sys=0.00s Real=0.01s
[302.835s][info][gc,start    ] GC(487) Pause Young (Mixed) (G1 Evacuation Pause)
[302.835s][info][gc,task     ] GC(487) Using 2 workers of 2 for evacuation
[302.841s][info][gc,phases   ] GC(487)   Pre Evacuate Collection Set: 0.28ms
[302.841s][info][gc,phases   ] GC(487)   Merge Heap Roots: 0.15ms
[302.841s][info][gc,phases   ] GC(487)   Evacuate Collection Set: 4.08ms
[302.841s][info][gc,phases   ] GC(487)   Post Evacuate Collection Set: 0.75ms
[302.841s][info][gc,phases   ] GC(487)   Other: 0.08ms
[302.841s][info][gc,heap     ] GC(487) Eden regions: 442->0(442)
[302.841s][info][gc,heap     ] GC(487) Survivor regions: 3->3(56)
[302.841s][info][gc,heap     ] GC(487) Old regions: 48->46
[302.841s][info][gc,heap     ] GC(487) Humongous regions: 207->207
[302.841s][info][gc,metaspace] GC(487) Metaspace: 57113K(57472K)->57113K(57472K) NonClass: 48827K(49088K)->48827K(49088K) Class: 8285K(8384K)->8285K(8384K)
[302.841s][info][gc          ] GC(487) Pause Young (Mixed) (G1 Evacuation Pause) 698M->254M(742M) 5.508ms
[302.841s][info][gc,cpu      ] GC(487) User=0.01s Sys=0.00s Real=0.01s
[303.948s][info][gc,start    ] GC(488) Pause Young (Concurrent Start) (G1 Evacuation Pause)
[303.948s][info][gc,task     ] GC(488) Using 2 workers of 2 for evacuation
[303.975s][info][gc,phases   ] GC(488)   Pre Evacuate Collection Set: 0.84ms
[303.975s][info][gc,phases   ] GC(488)   Merge Heap Roots: 0.18ms
[303.975s][info][gc,phases   ] GC(488)   Evacuate Collection Set: 20.85ms
[303.975s][info][gc,phases   ] GC(488)   Post Evacuate Collection Set: 4.79ms
[303.975s][info][gc,phases   ] GC(488)   Other: 0.17ms
[303.975s][info][gc,heap     ] GC(488) Eden regions: 442->0(442)
[303.975s][info][gc,heap     ] GC(488) Survivor regions: 3->3(56)
[303.975s][info][gc,heap     ] GC(488) Old regions: 46->46
[303.975s][info][gc,heap     ] GC(488) Humongous regions: 207->207
[303.975s][info][gc,metaspace] GC(488) Metaspace: 57113K(57472K)->57113K(57472K) NonClass: 48827K(49088K)->48827K(49088K) Class: 8285K(8384K)->8285K(8384K)
[303.975s][info][gc          ] GC(488) Pause Young (Concurrent Start) (G1 Evacuation Pause) 696M->254M(742M) 27.054ms
[303.975s][info][gc,cpu      ] GC(488) User=0.02s Sys=0.00s Real=0.02s
[303.977s][info][gc          ] GC(489) Concurrent Mark Cycle
[303.977s][info][gc,marking  ] GC(489) Concurrent Scan Root Regions
[304.019s][info][gc,marking  ] GC(489) Concurrent Scan Root Regions 42.273ms
[304.020s][info][gc,marking  ] GC(489) Concurrent Mark
[304.020s][info][gc,marking  ] GC(489) Concurrent Mark From Roots
[304.020s][info][gc,task     ] GC(489) Using 1 workers of 1 for marking
[304.070s][info][gc,marking  ] GC(489) Concurrent Mark From Roots 50.081ms
[304.070s][info][gc,marking  ] GC(489) Concurrent Preclean
[304.070s][info][gc,marking  ] GC(489) Concurrent Preclean 0.100ms
[304.070s][info][gc,start    ] GC(489) Pause Remark
[304.082s][info][gc          ] GC(489) Pause Remark 279M->279M(742M) 12.249ms
[304.082s][info][gc,cpu      ] GC(489) User=0.02s Sys=0.00s Real=0.01s
[304.083s][info][gc,marking  ] GC(489) Concurrent Mark 63.210ms
[304.083s][info][gc,marking  ] GC(489) Concurrent Rebuild Remembered Sets and Scrub Regions
[304.101s][info][gc,marking  ] GC(489) Concurrent Rebuild Remembered Sets and Scrub Regions 18.354ms
[304.101s][info][gc,start    ] GC(489) Pause Cleanup
[304.101s][info][gc          ] GC(489) Pause Cleanup 288M->288M(742M) 0.077ms
[304.101s][info][gc,cpu      ] GC(489) User=0.00s Sys=0.00s Real=0.00s
[304.101s][info][gc,marking  ] GC(489) Concurrent Clear Claimed Marks
[304.102s][info][gc,marking  ] GC(489) Concurrent Clear Claimed Marks 0.089ms
[304.102s][info][gc,marking  ] GC(489) Concurrent Cleanup for Next Mark
[304.104s][info][gc,marking  ] GC(489) Concurrent Cleanup for Next Mark 2.315ms
[304.104s][info][gc          ] GC(489) Concurrent Mark Cycle 126.696ms
[305.142s][info][gc,start    ] GC(490) Pause Young (Prepare Mixed) (G1 Evacuation Pause)
[305.142s][info][gc,task     ] GC(490) Using 2 workers of 2 for evacuation
[305.148s][info][gc,phases   ] GC(490)   Pre Evacuate Collection Set: 0.28ms
[305.148s][info][gc,phases   ] GC(490)   Merge Heap Roots: 0.16ms
[305.148s][info][gc,phases   ] GC(490)   Evacuate Collection Set: 4.66ms
[305.148s][info][gc,phases   ] GC(490)   Post Evacuate Collection Set: 0.77ms
[305.148s][info][gc,phases   ] GC(490)   Other: 0.10ms
[305.148s][info][gc,heap     ] GC(490) Eden regions: 442->0(442)
[305.148s][info][gc,heap     ] GC(490) Survivor regions: 3->3(56)
[305.148s][info][gc,heap     ] GC(490) Old regions: 46->46
[305.148s][info][gc,heap     ] GC(490) Humongous regions: 207->207
[305.148s][info][gc,metaspace] GC(490) Metaspace: 57113K(57472K)->57113K(57472K) NonClass: 48827K(49088K)->48827K(49088K) Class: 8285K(8384K)->8285K(8384K)
[305.148s][info][gc          ] GC(490) Pause Young (Prepare Mixed) (G1 Evacuation Pause) 696M->255M(742M) 6.176ms
[305.148s][info][gc,cpu      ] GC(490) User=0.01s Sys=0.00s Real=0.01s
[306.243s][info][gc,start    ] GC(491) Pause Young (Mixed) (G1 Evacuation Pause)
[306.243s][info][gc,task     ] GC(491) Using 2 workers of 2 for evacuation
[306.250s][info][gc,phases   ] GC(491)   Pre Evacuate Collection Set: 0.30ms
[306.250s][info][gc,phases   ] GC(491)   Merge Heap Roots: 0.16ms
[306.250s][info][gc,phases   ] GC(491)   Evacuate Collection Set: 5.17ms
[306.250s][info][gc,phases   ] GC(491)   Post Evacuate Collection Set: 0.79ms
[306.250s][info][gc,phases   ] GC(491)   Other: 0.09ms
[306.250s][info][gc,heap     ] GC(491) Eden regions: 442->0(443)
[306.250s][info][gc,heap     ] GC(491) Survivor regions: 3->2(56)
[306.250s][info][gc,heap     ] GC(491) Old regions: 46->45
[306.250s][info][gc,heap     ] GC(491) Humongous regions: 207->207
[306.250s][info][gc,metaspace] GC(491) Metaspace: 57113K(57472K)->57113K(57472K) NonClass: 48827K(49088K)->48827K(49088K) Class: 8285K(8384K)->8285K(8384K)
[306.250s][info][gc          ] GC(491) Pause Young (Mixed) (G1 Evacuation Pause) 697M->252M(742M) 6.701ms
[306.250s][info][gc,cpu      ] GC(491) User=0.01s Sys=0.00s Real=0.01s
[307.414s][info][gc,start    ] GC(492) Pause Young (Concurrent Start) (G1 Evacuation Pause)
[307.414s][info][gc,task     ] GC(492) Using 2 workers of 2 for evacuation
[307.420s][info][gc,phases   ] GC(492)   Pre Evacuate Collection Set: 0.45ms
[307.420s][info][gc,phases   ] GC(492)   Merge Heap Roots: 0.15ms
[307.420s][info][gc,phases   ] GC(492)   Evacuate Collection Set: 4.41ms
[307.420s][info][gc,phases   ] GC(492)   Post Evacuate Collection Set: 0.79ms
[307.420s][info][gc,phases   ] GC(492)   Other: 0.19ms
[307.420s][info][gc,heap     ] GC(492) Eden regions: 443->0(442)
[307.420s][info][gc,heap     ] GC(492) Survivor regions: 2->3(56)
[307.420s][info][gc,heap     ] GC(492) Old regions: 45->45
[307.420s][info][gc,heap     ] GC(492) Humongous regions: 207->207
[307.420s][info][gc,metaspace] GC(492) Metaspace: 57113K(57472K)->57113K(57472K) NonClass: 48827K(49088K)->48827K(49088K) Class: 8285K(8384K)->8285K(8384K)
[307.420s][info][gc          ] GC(492) Pause Young (Concurrent Start) (G1 Evacuation Pause) 695M->253M(742M) 6.204ms
[307.420s][info][gc          ] GC(493) Concurrent Mark Cycle
[307.420s][info][gc,marking  ] GC(493) Concurrent Scan Root Regions
[307.422s][info][gc,cpu      ] GC(492) User=0.01s Sys=0.00s Real=0.01s
[307.425s][info][gc,marking  ] GC(493) Concurrent Scan Root Regions 5.092ms
[307.425s][info][gc,marking  ] GC(493) Concurrent Mark
[307.425s][info][gc,marking  ] GC(493) Concurrent Mark From Roots
[307.426s][info][gc,task     ] GC(493) Using 1 workers of 1 for marking
[307.514s][info][gc,marking  ] GC(493) Concurrent Mark From Roots 88.160ms
[307.514s][info][gc,marking  ] GC(493) Concurrent Preclean
[307.514s][info][gc,marking  ] GC(493) Concurrent Preclean 0.089ms
[307.514s][info][gc,start    ] GC(493) Pause Remark
[307.526s][info][gc          ] GC(493) Pause Remark 289M->289M(742M) 12.322ms
[307.526s][info][gc,cpu      ] GC(493) User=0.02s Sys=0.00s Real=0.01s
[307.527s][info][gc,marking  ] GC(493) Concurrent Mark 101.650ms
[307.527s][info][gc,marking  ] GC(493) Concurrent Rebuild Remembered Sets and Scrub Regions
[307.549s][info][gc,marking  ] GC(493) Concurrent Rebuild Remembered Sets and Scrub Regions 21.942ms
[307.549s][info][gc,start    ] GC(493) Pause Cleanup
[307.549s][info][gc          ] GC(493) Pause Cleanup 296M->296M(742M) 0.091ms
[307.549s][info][gc,cpu      ] GC(493) User=0.00s Sys=0.00s Real=0.00s
[307.549s][info][gc,marking  ] GC(493) Concurrent Clear Claimed Marks
[307.549s][info][gc,marking  ] GC(493) Concurrent Clear Claimed Marks 0.092ms
[307.549s][info][gc,marking  ] GC(493) Concurrent Cleanup for Next Mark
[307.552s][info][gc,marking  ] GC(493) Concurrent Cleanup for Next Mark 3.018ms
[307.553s][info][gc          ] GC(493) Concurrent Mark Cycle 132.190ms
[308.466s][info][gc,start    ] GC(494) Pause Young (Prepare Mixed) (G1 Evacuation Pause)
[308.466s][info][gc,task     ] GC(494) Using 2 workers of 2 for evacuation
[308.471s][info][gc,phases   ] GC(494)   Pre Evacuate Collection Set: 0.30ms
[308.471s][info][gc,phases   ] GC(494)   Merge Heap Roots: 0.14ms
[308.471s][info][gc,phases   ] GC(494)   Evacuate Collection Set: 3.67ms
[308.471s][info][gc,phases   ] GC(494)   Post Evacuate Collection Set: 0.76ms
[308.471s][info][gc,phases   ] GC(494)   Other: 0.09ms
[308.471s][info][gc,heap     ] GC(494) Eden regions: 442->0(443)
[308.471s][info][gc,heap     ] GC(494) Survivor regions: 3->2(56)
[308.471s][info][gc,heap     ] GC(494) Old regions: 45->45
[308.471s][info][gc,heap     ] GC(494) Humongous regions: 207->207
[308.471s][info][gc,metaspace] GC(494) Metaspace: 57113K(57472K)->57113K(57472K) NonClass: 48827K(49088K)->48827K(49088K) Class: 8285K(8384K)->8285K(8384K)
[308.471s][info][gc          ] GC(494) Pause Young (Prepare Mixed) (G1 Evacuation Pause) 695M->253M(742M) 5.155ms
[308.471s][info][gc,cpu      ] GC(494) User=0.01s Sys=0.00s Real=0.01s
[309.569s][info][gc,start    ] GC(495) Pause Young (Mixed) (G1 Evacuation Pause)
[309.569s][info][gc,task     ] GC(495) Using 2 workers of 2 for evacuation
[309.578s][info][gc,phases   ] GC(495)   Pre Evacuate Collection Set: 0.29ms
[309.578s][info][gc,phases   ] GC(495)   Merge Heap Roots: 0.29ms
[309.578s][info][gc,phases   ] GC(495)   Evacuate Collection Set: 7.17ms
[309.578s][info][gc,phases   ] GC(495)   Post Evacuate Collection Set: 0.85ms
[309.578s][info][gc,phases   ] GC(495)   Other: 0.10ms
[309.578s][info][gc,heap     ] GC(495) Eden regions: 443->0(444)
[309.578s][info][gc,heap     ] GC(495) Survivor regions: 2->1(56)
[309.578s][info][gc,heap     ] GC(495) Old regions: 45->44
[309.578s][info][gc,heap     ] GC(495) Humongous regions: 207->207
[309.578s][info][gc,metaspace] GC(495) Metaspace: 57113K(57472K)->57113K(57472K) NonClass: 48827K(49088K)->48827K(49088K) Class: 8285K(8384K)->8285K(8384K)
[309.578s][info][gc          ] GC(495) Pause Young (Mixed) (G1 Evacuation Pause) 696M->251M(742M) 8.891ms
[309.578s][info][gc,cpu      ] GC(495) User=0.02s Sys=0.00s Real=0.01s
[310.718s][info][gc,start    ] GC(496) Pause Young (Concurrent Start) (G1 Evacuation Pause)
[310.718s][info][gc,task     ] GC(496) Using 2 workers of 2 for evacuation
[310.722s][info][gc,phases   ] GC(496)   Pre Evacuate Collection Set: 0.30ms
[310.722s][info][gc,phases   ] GC(496)   Merge Heap Roots: 0.13ms
[310.722s][info][gc,phases   ] GC(496)   Evacuate Collection Set: 2.66ms
[310.722s][info][gc,phases   ] GC(496)   Post Evacuate Collection Set: 0.76ms
[310.722s][info][gc,phases   ] GC(496)   Other: 0.12ms
[310.722s][info][gc,heap     ] GC(496) Eden regions: 444->0(444)
[310.722s][info][gc,heap     ] GC(496) Survivor regions: 1->1(56)
[310.722s][info][gc,heap     ] GC(496) Old regions: 44->44
[310.722s][info][gc,heap     ] GC(496) Humongous regions: 207->207
[310.722s][info][gc,metaspace] GC(496) Metaspace: 57113K(57472K)->57113K(57472K) NonClass: 48827K(49088K)->48827K(49088K) Class: 8285K(8384K)->8285K(8384K)
[310.722s][info][gc          ] GC(496) Pause Young (Concurrent Start) (G1 Evacuation Pause) 695M->251M(742M) 4.215ms
[310.722s][info][gc,cpu      ] GC(496) User=0.01s Sys=0.01s Real=0.00s
[310.723s][info][gc          ] GC(497) Concurrent Mark Cycle
[310.723s][info][gc,marking  ] GC(497) Concurrent Scan Root Regions
[310.728s][info][gc,marking  ] GC(497) Concurrent Scan Root Regions 5.286ms
[310.728s][info][gc,marking  ] GC(497) Concurrent Mark
[310.728s][info][gc,marking  ] GC(497) Concurrent Mark From Roots
[310.728s][info][gc,task     ] GC(497) Using 1 workers of 1 for marking
[310.796s][info][gc,marking  ] GC(497) Concurrent Mark From Roots 67.733ms
[310.796s][info][gc,marking  ] GC(497) Concurrent Preclean
[310.796s][info][gc,marking  ] GC(497) Concurrent Preclean 0.094ms
[310.796s][info][gc,start    ] GC(497) Pause Remark
[310.806s][info][gc          ] GC(497) Pause Remark 288M->288M(742M) 10.031ms
[310.806s][info][gc,cpu      ] GC(497) User=0.02s Sys=0.00s Real=0.01s
[310.807s][info][gc,marking  ] GC(497) Concurrent Mark 79.173ms
[310.808s][info][gc,marking  ] GC(497) Concurrent Rebuild Remembered Sets and Scrub Regions
[310.832s][info][gc,marking  ] GC(497) Concurrent Rebuild Remembered Sets and Scrub Regions 24.487ms
[310.834s][info][gc,start    ] GC(497) Pause Cleanup
[310.834s][info][gc          ] GC(497) Pause Cleanup 297M->297M(742M) 0.124ms
[310.834s][info][gc,cpu      ] GC(497) User=0.00s Sys=0.00s Real=0.00s
[310.834s][info][gc,marking  ] GC(497) Concurrent Clear Claimed Marks
[310.834s][info][gc,marking  ] GC(497) Concurrent Clear Claimed Marks 0.112ms
[310.834s][info][gc,marking  ] GC(497) Concurrent Cleanup for Next Mark
[310.839s][info][gc,marking  ] GC(497) Concurrent Cleanup for Next Mark 4.745ms
[310.839s][info][gc          ] GC(497) Concurrent Mark Cycle 116.113ms
[311.828s][info][gc,start    ] GC(498) Pause Young (Prepare Mixed) (G1 Evacuation Pause)
[311.828s][info][gc,task     ] GC(498) Using 2 workers of 2 for evacuation
[311.833s][info][gc,phases   ] GC(498)   Pre Evacuate Collection Set: 0.30ms
[311.833s][info][gc,phases   ] GC(498)   Merge Heap Roots: 0.19ms
[311.833s][info][gc,phases   ] GC(498)   Evacuate Collection Set: 3.52ms
[311.833s][info][gc,phases   ] GC(498)   Post Evacuate Collection Set: 0.83ms
[311.833s][info][gc,phases   ] GC(498)   Other: 0.10ms
[311.833s][info][gc,heap     ] GC(498) Eden regions: 444->0(443)
[311.833s][info][gc,heap     ] GC(498) Survivor regions: 1->2(56)
[311.833s][info][gc,heap     ] GC(498) Old regions: 44->44
[311.833s][info][gc,heap     ] GC(498) Humongous regions: 207->207
[311.833s][info][gc,metaspace] GC(498) Metaspace: 57113K(57472K)->57113K(57472K) NonClass: 48827K(49088K)->48827K(49088K) Class: 8285K(8384K)->8285K(8384K)
[311.833s][info][gc          ] GC(498) Pause Young (Prepare Mixed) (G1 Evacuation Pause) 695M->252M(742M) 5.148ms
[311.833s][info][gc,cpu      ] GC(498) User=0.01s Sys=0.00s Real=0.00s
[312.937s][info][gc,start    ] GC(499) Pause Young (Mixed) (G1 Evacuation Pause)
[312.937s][info][gc,task     ] GC(499) Using 2 workers of 2 for evacuation
[312.944s][info][gc,phases   ] GC(499)   Pre Evacuate Collection Set: 0.29ms
[312.944s][info][gc,phases   ] GC(499)   Merge Heap Roots: 0.14ms
[312.944s][info][gc,phases   ] GC(499)   Evacuate Collection Set: 5.61ms
[312.944s][info][gc,phases   ] GC(499)   Post Evacuate Collection Set: 0.82ms
[312.944s][info][gc,phases   ] GC(499)   Other: 0.13ms
[312.944s][info][gc,heap     ] GC(499) Eden regions: 443->0(443)
[312.944s][info][gc,heap     ] GC(499) Survivor regions: 2->2(56)
[312.944s][info][gc,heap     ] GC(499) Old regions: 44->44
[312.944s][info][gc,heap     ] GC(499) Humongous regions: 207->207
[312.944s][info][gc,metaspace] GC(499) Metaspace: 57113K(57472K)->57113K(57472K) NonClass: 48827K(49088K)->48827K(49088K) Class: 8285K(8384K)->8285K(8384K)
[312.944s][info][gc          ] GC(499) Pause Young (Mixed) (G1 Evacuation Pause) 695M->252M(742M) 7.202ms
[312.944s][info][gc,cpu      ] GC(499) User=0.02s Sys=0.00s Real=0.00s
[314.045s][info][gc,start    ] GC(500) Pause Young (Concurrent Start) (G1 Evacuation Pause)
[314.045s][info][gc,task     ] GC(500) Using 2 workers of 2 for evacuation
[314.051s][info][gc,phases   ] GC(500)   Pre Evacuate Collection Set: 0.33ms
[314.051s][info][gc,phases   ] GC(500)   Merge Heap Roots: 0.13ms
[314.051s][info][gc,phases   ] GC(500)   Evacuate Collection Set: 4.48ms
[314.051s][info][gc,phases   ] GC(500)   Post Evacuate Collection Set: 0.76ms
[314.051s][info][gc,phases   ] GC(500)   Other: 0.11ms
[314.051s][info][gc,heap     ] GC(500) Eden regions: 443->0(443)
[314.051s][info][gc,heap     ] GC(500) Survivor regions: 2->2(56)
[314.051s][info][gc,heap     ] GC(500) Old regions: 44->44
[314.051s][info][gc,heap     ] GC(500) Humongous regions: 207->207
[314.051s][info][gc,metaspace] GC(500) Metaspace: 57113K(57472K)->57113K(57472K) NonClass: 48827K(49088K)->48827K(49088K) Class: 8285K(8384K)->8285K(8384K)
[314.051s][info][gc          ] GC(500) Pause Young (Concurrent Start) (G1 Evacuation Pause) 695M->252M(742M) 5.995ms
[314.051s][info][gc          ] GC(501) Concurrent Mark Cycle
[314.051s][info][gc,marking  ] GC(501) Concurrent Scan Root Regions
[314.052s][info][gc,cpu      ] GC(500) User=0.02s Sys=0.00s Real=0.01s
[314.054s][info][gc,marking  ] GC(501) Concurrent Scan Root Regions 3.528ms
[314.054s][info][gc,marking  ] GC(501) Concurrent Mark
[314.054s][info][gc,marking  ] GC(501) Concurrent Mark From Roots
[314.054s][info][gc,task     ] GC(501) Using 1 workers of 1 for marking
[314.104s][info][gc,marking  ] GC(501) Concurrent Mark From Roots 49.576ms
[314.104s][info][gc,marking  ] GC(501) Concurrent Preclean
[314.104s][info][gc,marking  ] GC(501) Concurrent Preclean 0.188ms
[314.104s][info][gc,start    ] GC(501) Pause Remark
[314.117s][info][gc          ] GC(501) Pause Remark 273M->273M(742M) 12.500ms
[314.117s][info][gc,cpu      ] GC(501) User=0.02s Sys=0.00s Real=0.02s
[314.118s][info][gc,marking  ] GC(501) Concurrent Mark 63.694ms
[314.118s][info][gc,marking  ] GC(501) Concurrent Rebuild Remembered Sets and Scrub Regions
[314.143s][info][gc,marking  ] GC(501) Concurrent Rebuild Remembered Sets and Scrub Regions 25.165ms
[314.144s][info][gc,start    ] GC(501) Pause Cleanup
[314.144s][info][gc          ] GC(501) Pause Cleanup 285M->285M(742M) 0.086ms
[314.144s][info][gc,cpu      ] GC(501) User=0.00s Sys=0.00s Real=0.00s
[314.144s][info][gc,marking  ] GC(501) Concurrent Clear Claimed Marks
[314.144s][info][gc,marking  ] GC(501) Concurrent Clear Claimed Marks 0.115ms
[314.144s][info][gc,marking  ] GC(501) Concurrent Cleanup for Next Mark
[314.147s][info][gc,marking  ] GC(501) Concurrent Cleanup for Next Mark 2.595ms
[314.147s][info][gc          ] GC(501) Concurrent Mark Cycle 96.175ms
[315.198s][info][gc,start    ] GC(502) Pause Young (Prepare Mixed) (G1 Evacuation Pause)
[315.198s][info][gc,task     ] GC(502) Using 2 workers of 2 for evacuation
[315.204s][info][gc,phases   ] GC(502)   Pre Evacuate Collection Set: 0.34ms
[315.204s][info][gc,phases   ] GC(502)   Merge Heap Roots: 0.25ms
[315.204s][info][gc,phases   ] GC(502)   Evacuate Collection Set: 3.92ms
[315.204s][info][gc,phases   ] GC(502)   Post Evacuate Collection Set: 0.80ms
[315.204s][info][gc,phases   ] GC(502)   Other: 0.10ms
[315.204s][info][gc,heap     ] GC(502) Eden regions: 443->0(443)
[315.204s][info][gc,heap     ] GC(502) Survivor regions: 2->2(56)
[315.204s][info][gc,heap     ] GC(502) Old regions: 44->44
[315.204s][info][gc,heap     ] GC(502) Humongous regions: 207->207
[315.204s][info][gc,metaspace] GC(502) Metaspace: 57113K(57472K)->57113K(57472K) NonClass: 48827K(49088K)->48827K(49088K) Class: 8285K(8384K)->8285K(8384K)
[315.204s][info][gc          ] GC(502) Pause Young (Prepare Mixed) (G1 Evacuation Pause) 695M->252M(742M) 5.628ms
[315.204s][info][gc,cpu      ] GC(502) User=0.01s Sys=0.00s Real=0.00s
[316.450s][info][gc,start    ] GC(503) Pause Young (Mixed) (G1 Evacuation Pause)
[316.450s][info][gc,task     ] GC(503) Using 2 workers of 2 for evacuation
[316.456s][info][gc,phases   ] GC(503)   Pre Evacuate Collection Set: 0.28ms
[316.456s][info][gc,phases   ] GC(503)   Merge Heap Roots: 0.18ms
[316.456s][info][gc,phases   ] GC(503)   Evacuate Collection Set: 4.50ms
[316.456s][info][gc,phases   ] GC(503)   Post Evacuate Collection Set: 0.78ms
[316.456s][info][gc,phases   ] GC(503)   Other: 0.11ms
[316.456s][info][gc,heap     ] GC(503) Eden regions: 443->0(444)
[316.456s][info][gc,heap     ] GC(503) Survivor regions: 2->1(56)
[316.456s][info][gc,heap     ] GC(503) Old regions: 44->44
[316.456s][info][gc,heap     ] GC(503) Humongous regions: 207->207
[316.456s][info][gc,metaspace] GC(503) Metaspace: 57113K(57472K)->57113K(57472K) NonClass: 48827K(49088K)->48827K(49088K) Class: 8285K(8384K)->8285K(8384K)
[316.456s][info][gc          ] GC(503) Pause Young (Mixed) (G1 Evacuation Pause) 695M->251M(742M) 6.045ms
[316.456s][info][gc,cpu      ] GC(503) User=0.01s Sys=0.00s Real=0.00s
[317.520s][info][gc,start    ] GC(504) Pause Young (Concurrent Start) (G1 Evacuation Pause)
[317.520s][info][gc,task     ] GC(504) Using 2 workers of 2 for evacuation
[317.524s][info][gc,phases   ] GC(504)   Pre Evacuate Collection Set: 0.30ms
[317.524s][info][gc,phases   ] GC(504)   Merge Heap Roots: 0.14ms
[317.524s][info][gc,phases   ] GC(504)   Evacuate Collection Set: 2.93ms
[317.524s][info][gc,phases   ] GC(504)   Post Evacuate Collection Set: 0.73ms
[317.524s][info][gc,phases   ] GC(504)   Other: 0.13ms
[317.524s][info][gc,heap     ] GC(504) Eden regions: 444->0(444)
[317.524s][info][gc,heap     ] GC(504) Survivor regions: 1->1(56)
[317.524s][info][gc,heap     ] GC(504) Old regions: 44->44
[317.524s][info][gc,heap     ] GC(504) Humongous regions: 207->207
[317.524s][info][gc,metaspace] GC(504) Metaspace: 57113K(57472K)->57113K(57472K) NonClass: 48827K(49088K)->48827K(49088K) Class: 8285K(8384K)->8285K(8384K)
[317.524s][info][gc          ] GC(504) Pause Young (Concurrent Start) (G1 Evacuation Pause) 695M->251M(742M) 4.424ms
[317.524s][info][gc,cpu      ] GC(504) User=0.01s Sys=0.00s Real=0.00s
[317.524s][info][gc          ] GC(505) Concurrent Mark Cycle
[317.526s][info][gc,marking  ] GC(505) Concurrent Scan Root Regions
[317.528s][info][gc,marking  ] GC(505) Concurrent Scan Root Regions 1.941ms
[317.528s][info][gc,marking  ] GC(505) Concurrent Mark
[317.528s][info][gc,marking  ] GC(505) Concurrent Mark From Roots
[317.528s][info][gc,task     ] GC(505) Using 1 workers of 1 for marking
[317.587s][info][gc,marking  ] GC(505) Concurrent Mark From Roots 58.833ms
[317.587s][info][gc,marking  ] GC(505) Concurrent Preclean
[317.587s][info][gc,marking  ] GC(505) Concurrent Preclean 0.103ms
[317.588s][info][gc,start    ] GC(505) Pause Remark
[317.603s][info][gc          ] GC(505) Pause Remark 284M->284M(742M) 14.881ms
[317.603s][info][gc,cpu      ] GC(505) User=0.02s Sys=0.00s Real=0.01s
[317.604s][info][gc,marking  ] GC(505) Concurrent Mark 75.490ms
[317.604s][info][gc,marking  ] GC(505) Concurrent Rebuild Remembered Sets and Scrub Regions
[317.623s][info][gc,marking  ] GC(505) Concurrent Rebuild Remembered Sets and Scrub Regions 19.231ms
[317.623s][info][gc,start    ] GC(505) Pause Cleanup
[317.623s][info][gc          ] GC(505) Pause Cleanup 290M->290M(742M) 0.083ms
[317.623s][info][gc,cpu      ] GC(505) User=0.00s Sys=0.00s Real=0.00s
[317.623s][info][gc,marking  ] GC(505) Concurrent Clear Claimed Marks
[317.623s][info][gc,marking  ] GC(505) Concurrent Clear Claimed Marks 0.093ms
[317.623s][info][gc,marking  ] GC(505) Concurrent Cleanup for Next Mark
[317.625s][info][gc,marking  ] GC(505) Concurrent Cleanup for Next Mark 2.237ms
[317.625s][info][gc          ] GC(505) Concurrent Mark Cycle 101.113ms
[318.656s][info][gc,start    ] GC(506) Pause Young (Prepare Mixed) (G1 Evacuation Pause)
[318.656s][info][gc,task     ] GC(506) Using 2 workers of 2 for evacuation
[318.661s][info][gc,phases   ] GC(506)   Pre Evacuate Collection Set: 0.29ms
[318.661s][info][gc,phases   ] GC(506)   Merge Heap Roots: 0.17ms
[318.661s][info][gc,phases   ] GC(506)   Evacuate Collection Set: 3.67ms
[318.661s][info][gc,phases   ] GC(506)   Post Evacuate Collection Set: 0.76ms
[318.661s][info][gc,phases   ] GC(506)   Other: 0.11ms
[318.661s][info][gc,heap     ] GC(506) Eden regions: 444->0(442)
[318.661s][info][gc,heap     ] GC(506) Survivor regions: 1->3(56)
[318.661s][info][gc,heap     ] GC(506) Old regions: 44->44
[318.661s][info][gc,heap     ] GC(506) Humongous regions: 207->207
[318.661s][info][gc,metaspace] GC(506) Metaspace: 57113K(57472K)->57113K(57472K) NonClass: 48827K(49088K)->48827K(49088K) Class: 8285K(8384K)->8285K(8384K)
[318.661s][info][gc          ] GC(506) Pause Young (Prepare Mixed) (G1 Evacuation Pause) 695M->252M(742M) 5.232ms
[318.661s][info][gc,cpu      ] GC(506) User=0.01s Sys=0.00s Real=0.01s
[319.748s][info][gc,start    ] GC(507) Pause Young (Mixed) (G1 Evacuation Pause)
[319.748s][info][gc,task     ] GC(507) Using 2 workers of 2 for evacuation
[319.757s][info][gc,phases   ] GC(507)   Pre Evacuate Collection Set: 0.33ms
[319.757s][info][gc,phases   ] GC(507)   Merge Heap Roots: 0.19ms
[319.757s][info][gc,phases   ] GC(507)   Evacuate Collection Set: 6.59ms
[319.757s][info][gc,phases   ] GC(507)   Post Evacuate Collection Set: 1.23ms
[319.757s][info][gc,phases   ] GC(507)   Other: 0.10ms
[319.757s][info][gc,heap     ] GC(507) Eden regions: 442->0(443)
[319.757s][info][gc,heap     ] GC(507) Survivor regions: 3->2(56)
[319.757s][info][gc,heap     ] GC(507) Old regions: 44->44
[319.757s][info][gc,heap     ] GC(507) Humongous regions: 207->207
[319.757s][info][gc,metaspace] GC(507) Metaspace: 57113K(57472K)->57113K(57472K) NonClass: 48827K(49088K)->48827K(49088K) Class: 8285K(8384K)->8285K(8384K)
[319.757s][info][gc          ] GC(507) Pause Young (Mixed) (G1 Evacuation Pause) 694M->251M(742M) 8.681ms
[319.757s][info][gc,cpu      ] GC(507) User=0.02s Sys=0.00s Real=0.01s
[320.845s][info][gc,start    ] GC(508) Pause Young (Concurrent Start) (G1 Evacuation Pause)
[320.845s][info][gc,task     ] GC(508) Using 2 workers of 2 for evacuation
[320.850s][info][gc,phases   ] GC(508)   Pre Evacuate Collection Set: 0.32ms
[320.850s][info][gc,phases   ] GC(508)   Merge Heap Roots: 0.13ms
[320.850s][info][gc,phases   ] GC(508)   Evacuate Collection Set: 3.75ms
[320.850s][info][gc,phases   ] GC(508)   Post Evacuate Collection Set: 0.73ms
[320.850s][info][gc,phases   ] GC(508)   Other: 0.14ms
[320.850s][info][gc,heap     ] GC(508) Eden regions: 443->0(443)
[320.850s][info][gc,heap     ] GC(508) Survivor regions: 2->2(56)
[320.850s][info][gc,heap     ] GC(508) Old regions: 44->44
[320.850s][info][gc,heap     ] GC(508) Humongous regions: 207->207
[320.850s][info][gc,metaspace] GC(508) Metaspace: 57113K(57472K)->57113K(57472K) NonClass: 48827K(49088K)->48827K(49088K) Class: 8285K(8384K)->8285K(8384K)
[320.850s][info][gc          ] GC(508) Pause Young (Concurrent Start) (G1 Evacuation Pause) 694M->251M(742M) 5.281ms
[320.850s][info][gc,cpu      ] GC(508) User=0.01s Sys=0.00s Real=0.01s
[320.850s][info][gc          ] GC(509) Concurrent Mark Cycle
[320.850s][info][gc,marking  ] GC(509) Concurrent Scan Root Regions
[320.853s][info][gc,marking  ] GC(509) Concurrent Scan Root Regions 2.420ms
[320.853s][info][gc,marking  ] GC(509) Concurrent Mark
[320.853s][info][gc,marking  ] GC(509) Concurrent Mark From Roots
[320.853s][info][gc,task     ] GC(509) Using 1 workers of 1 for marking
[320.915s][info][gc,marking  ] GC(509) Concurrent Mark From Roots 61.909ms
[320.915s][info][gc,marking  ] GC(509) Concurrent Preclean
[320.915s][info][gc,marking  ] GC(509) Concurrent Preclean 0.124ms
[320.915s][info][gc,start    ] GC(509) Pause Remark
[320.925s][info][gc          ] GC(509) Pause Remark 272M->272M(742M) 10.016ms
[320.925s][info][gc,cpu      ] GC(509) User=0.02s Sys=0.00s Real=0.01s
[320.926s][info][gc,marking  ] GC(509) Concurrent Mark 73.734ms
[320.926s][info][gc,marking  ] GC(509) Concurrent Rebuild Remembered Sets and Scrub Regions
[320.962s][info][gc,marking  ] GC(509) Concurrent Rebuild Remembered Sets and Scrub Regions 36.093ms
[320.963s][info][gc,start    ] GC(509) Pause Cleanup
[320.963s][info][gc          ] GC(509) Pause Cleanup 296M->296M(742M) 0.103ms
[320.963s][info][gc,cpu      ] GC(509) User=0.00s Sys=0.00s Real=0.00s
[320.963s][info][gc,marking  ] GC(509) Concurrent Clear Claimed Marks
[320.963s][info][gc,marking  ] GC(509) Concurrent Clear Claimed Marks 0.098ms
[320.963s][info][gc,marking  ] GC(509) Concurrent Cleanup for Next Mark
[320.966s][info][gc,marking  ] GC(509) Concurrent Cleanup for Next Mark 3.287ms
[320.966s][info][gc          ] GC(509) Concurrent Mark Cycle 116.201ms
[321.948s][info][gc,start    ] GC(510) Pause Young (Prepare Mixed) (G1 Evacuation Pause)
[321.948s][info][gc,task     ] GC(510) Using 2 workers of 2 for evacuation
[321.955s][info][gc,phases   ] GC(510)   Pre Evacuate Collection Set: 0.31ms
[321.955s][info][gc,phases   ] GC(510)   Merge Heap Roots: 0.17ms
[321.955s][info][gc,phases   ] GC(510)   Evacuate Collection Set: 6.05ms
[321.955s][info][gc,phases   ] GC(510)   Post Evacuate Collection Set: 0.77ms
[321.955s][info][gc,phases   ] GC(510)   Other: 0.09ms
[321.955s][info][gc,heap     ] GC(510) Eden regions: 443->0(442)
[321.955s][info][gc,heap     ] GC(510) Survivor regions: 2->3(56)
[321.955s][info][gc,heap     ] GC(510) Old regions: 44->44
[321.955s][info][gc,heap     ] GC(510) Humongous regions: 207->207
[321.955s][info][gc,metaspace] GC(510) Metaspace: 57113K(57472K)->57113K(57472K) NonClass: 48827K(49088K)->48827K(49088K) Class: 8285K(8384K)->8285K(8384K)
[321.955s][info][gc          ] GC(510) Pause Young (Prepare Mixed) (G1 Evacuation Pause) 694M->252M(742M) 7.581ms
[321.955s][info][gc,cpu      ] GC(510) User=0.02s Sys=0.00s Real=0.00s
[323.048s][info][gc,start    ] GC(511) Pause Young (Mixed) (G1 Evacuation Pause)
[323.048s][info][gc,task     ] GC(511) Using 2 workers of 2 for evacuation
[323.057s][info][gc,phases   ] GC(511)   Pre Evacuate Collection Set: 0.36ms
[323.057s][info][gc,phases   ] GC(511)   Merge Heap Roots: 0.15ms
[323.057s][info][gc,phases   ] GC(511)   Evacuate Collection Set: 7.29ms
[323.057s][info][gc,phases   ] GC(511)   Post Evacuate Collection Set: 0.84ms
[323.057s][info][gc,phases   ] GC(511)   Other: 0.13ms
[323.057s][info][gc,heap     ] GC(511) Eden regions: 442->0(442)
[323.057s][info][gc,heap     ] GC(511) Survivor regions: 3->3(56)
[323.057s][info][gc,heap     ] GC(511) Old regions: 44->44
[323.057s][info][gc,heap     ] GC(511) Humongous regions: 207->207
[323.057s][info][gc,metaspace] GC(511) Metaspace: 57113K(57472K)->57113K(57472K) NonClass: 48827K(49088K)->48827K(49088K) Class: 8285K(8384K)->8285K(8384K)
[323.057s][info][gc          ] GC(511) Pause Young (Mixed) (G1 Evacuation Pause) 694M->252M(742M) 9.108ms
[323.057s][info][gc,cpu      ] GC(511) User=0.02s Sys=0.00s Real=0.01s
[324.170s][info][gc,start    ] GC(512) Pause Young (Concurrent Start) (G1 Evacuation Pause)
[324.170s][info][gc,task     ] GC(512) Using 2 workers of 2 for evacuation
[324.175s][info][gc,phases   ] GC(512)   Pre Evacuate Collection Set: 0.36ms
[324.175s][info][gc,phases   ] GC(512)   Merge Heap Roots: 0.13ms
[324.175s][info][gc,phases   ] GC(512)   Evacuate Collection Set: 3.37ms
[324.175s][info][gc,phases   ] GC(512)   Post Evacuate Collection Set: 0.75ms
[324.175s][info][gc,phases   ] GC(512)   Other: 0.11ms
[324.175s][info][gc,heap     ] GC(512) Eden regions: 442->0(443)
[324.175s][info][gc,heap     ] GC(512) Survivor regions: 3->2(56)
[324.175s][info][gc,heap     ] GC(512) Old regions: 44->44
[324.175s][info][gc,heap     ] GC(512) Humongous regions: 207->207
[324.175s][info][gc,metaspace] GC(512) Metaspace: 57113K(57472K)->57113K(57472K) NonClass: 48827K(49088K)->48827K(49088K) Class: 8285K(8384K)->8285K(8384K)
[324.175s][info][gc          ] GC(512) Pause Young (Concurrent Start) (G1 Evacuation Pause) 694M->251M(742M) 4.916ms
[324.175s][info][gc          ] GC(513) Concurrent Mark Cycle
[324.175s][info][gc,marking  ] GC(513) Concurrent Scan Root Regions
[324.176s][info][gc,cpu      ] GC(512) User=0.01s Sys=0.00s Real=0.00s
[324.177s][info][gc,marking  ] GC(513) Concurrent Scan Root Regions 2.413ms
[324.177s][info][gc,marking  ] GC(513) Concurrent Mark
[324.177s][info][gc,marking  ] GC(513) Concurrent Mark From Roots
[324.177s][info][gc,task     ] GC(513) Using 1 workers of 1 for marking
[324.232s][info][gc,marking  ] GC(513) Concurrent Mark From Roots 54.258ms
[324.232s][info][gc,marking  ] GC(513) Concurrent Preclean
[324.232s][info][gc,marking  ] GC(513) Concurrent Preclean 0.095ms
[324.232s][info][gc,start    ] GC(513) Pause Remark
[324.242s][info][gc          ] GC(513) Pause Remark 264M->264M(742M) 10.336ms
[324.242s][info][gc,cpu      ] GC(513) User=0.02s Sys=0.00s Real=0.01s
[324.244s][info][gc,marking  ] GC(513) Concurrent Mark 66.809ms
[324.244s][info][gc,marking  ] GC(513) Concurrent Rebuild Remembered Sets and Scrub Regions
[324.281s][info][gc,marking  ] GC(513) Concurrent Rebuild Remembered Sets and Scrub Regions 37.281ms
[324.283s][info][gc,start    ] GC(513) Pause Cleanup
[324.283s][info][gc          ] GC(513) Pause Cleanup 287M->287M(742M) 0.097ms
[324.283s][info][gc,cpu      ] GC(513) User=0.00s Sys=0.00s Real=0.00s
[324.283s][info][gc,marking  ] GC(513) Concurrent Clear Claimed Marks
[324.283s][info][gc,marking  ] GC(513) Concurrent Clear Claimed Marks 0.095ms
[324.283s][info][gc,marking  ] GC(513) Concurrent Cleanup for Next Mark
[324.287s][info][gc,marking  ] GC(513) Concurrent Cleanup for Next Mark 4.301ms
[324.287s][info][gc          ] GC(513) Concurrent Mark Cycle 112.500ms
[325.320s][info][gc,start    ] GC(514) Pause Young (Prepare Mixed) (G1 Evacuation Pause)
[325.320s][info][gc,task     ] GC(514) Using 2 workers of 2 for evacuation
[325.324s][info][gc,phases   ] GC(514)   Pre Evacuate Collection Set: 0.46ms
[325.324s][info][gc,phases   ] GC(514)   Merge Heap Roots: 0.18ms
[325.324s][info][gc,phases   ] GC(514)   Evacuate Collection Set: 2.68ms
[325.324s][info][gc,phases   ] GC(514)   Post Evacuate Collection Set: 0.77ms
[325.324s][info][gc,phases   ] GC(514)   Other: 0.11ms
[325.324s][info][gc,heap     ] GC(514) Eden regions: 443->0(444)
[325.324s][info][gc,heap     ] GC(514) Survivor regions: 2->1(56)
[325.324s][info][gc,heap     ] GC(514) Old regions: 44->44
[325.324s][info][gc,heap     ] GC(514) Humongous regions: 207->207
[325.324s][info][gc,metaspace] GC(514) Metaspace: 57114K(57472K)->57114K(57472K) NonClass: 48828K(49088K)->48828K(49088K) Class: 8285K(8384K)->8285K(8384K)
[325.324s][info][gc          ] GC(514) Pause Young (Prepare Mixed) (G1 Evacuation Pause) 694M->251M(742M) 4.378ms
[325.324s][info][gc,cpu      ] GC(514) User=0.01s Sys=0.00s Real=0.00s
[326.437s][info][gc,start    ] GC(515) Pause Young (Mixed) (G1 Evacuation Pause)
[326.437s][info][gc,task     ] GC(515) Using 2 workers of 2 for evacuation
[326.448s][info][gc,phases   ] GC(515)   Pre Evacuate Collection Set: 0.43ms
[326.448s][info][gc,phases   ] GC(515)   Merge Heap Roots: 0.16ms
[326.448s][info][gc,phases   ] GC(515)   Evacuate Collection Set: 9.15ms
[326.448s][info][gc,phases   ] GC(515)   Post Evacuate Collection Set: 1.31ms
[326.448s][info][gc,phases   ] GC(515)   Other: 0.14ms
[326.448s][info][gc,heap     ] GC(515) Eden regions: 444->0(443)
[326.448s][info][gc,heap     ] GC(515) Survivor regions: 1->2(56)
[326.448s][info][gc,heap     ] GC(515) Old regions: 44->44
[326.448s][info][gc,heap     ] GC(515) Humongous regions: 207->207
[326.448s][info][gc,metaspace] GC(515) Metaspace: 57114K(57472K)->57114K(57472K) NonClass: 48828K(49088K)->48828K(49088K) Class: 8285K(8384K)->8285K(8384K)
[326.448s][info][gc          ] GC(515) Pause Young (Mixed) (G1 Evacuation Pause) 695M->251M(742M) 11.425ms
[326.448s][info][gc,cpu      ] GC(515) User=0.02s Sys=0.00s Real=0.02s
[327.665s][info][gc,start    ] GC(516) Pause Young (Concurrent Start) (G1 Evacuation Pause)
[327.665s][info][gc,task     ] GC(516) Using 2 workers of 2 for evacuation
[327.677s][info][gc,phases   ] GC(516)   Pre Evacuate Collection Set: 0.35ms
[327.677s][info][gc,phases   ] GC(516)   Merge Heap Roots: 0.15ms
[327.677s][info][gc,phases   ] GC(516)   Evacuate Collection Set: 10.05ms
[327.677s][info][gc,phases   ] GC(516)   Post Evacuate Collection Set: 0.76ms
[327.677s][info][gc,phases   ] GC(516)   Other: 0.21ms
[327.677s][info][gc,heap     ] GC(516) Eden regions: 443->0(439)
[327.677s][info][gc,heap     ] GC(516) Survivor regions: 2->6(56)
[327.677s][info][gc,heap     ] GC(516) Old regions: 44->44
[327.677s][info][gc,heap     ] GC(516) Humongous regions: 207->207
[327.677s][info][gc,metaspace] GC(516) Metaspace: 57114K(57472K)->57114K(57472K) NonClass: 48828K(49088K)->48828K(49088K) Class: 8285K(8384K)->8285K(8384K)
[327.677s][info][gc          ] GC(516) Pause Young (Concurrent Start) (G1 Evacuation Pause) 694M->255M(742M) 11.732ms
[327.677s][info][gc          ] GC(517) Concurrent Mark Cycle
[327.677s][info][gc,marking  ] GC(517) Concurrent Scan Root Regions
[327.677s][info][gc,cpu      ] GC(516) User=0.02s Sys=0.00s Real=0.02s
[327.689s][info][gc,marking  ] GC(517) Concurrent Scan Root Regions 11.853ms
[327.689s][info][gc,marking  ] GC(517) Concurrent Mark
[327.689s][info][gc,marking  ] GC(517) Concurrent Mark From Roots
[327.689s][info][gc,task     ] GC(517) Using 1 workers of 1 for marking
[327.740s][info][gc,marking  ] GC(517) Concurrent Mark From Roots 51.683ms
[327.740s][info][gc,marking  ] GC(517) Concurrent Preclean
[327.741s][info][gc,marking  ] GC(517) Concurrent Preclean 0.093ms
[327.741s][info][gc,start    ] GC(517) Pause Remark
[327.751s][info][gc          ] GC(517) Pause Remark 283M->283M(742M) 10.056ms
[327.751s][info][gc,cpu      ] GC(517) User=0.02s Sys=0.00s Real=0.01s
[327.751s][info][gc,marking  ] GC(517) Concurrent Mark 62.445ms
[327.751s][info][gc,marking  ] GC(517) Concurrent Rebuild Remembered Sets and Scrub Regions
[327.783s][info][gc,marking  ] GC(517) Concurrent Rebuild Remembered Sets and Scrub Regions 31.324ms
[327.783s][info][gc,start    ] GC(517) Pause Cleanup
[327.783s][info][gc          ] GC(517) Pause Cleanup 299M->299M(742M) 0.089ms
[327.783s][info][gc,cpu      ] GC(517) User=0.00s Sys=0.00s Real=0.00s
[327.784s][info][gc,marking  ] GC(517) Concurrent Clear Claimed Marks
[327.784s][info][gc,marking  ] GC(517) Concurrent Clear Claimed Marks 0.118ms
[327.784s][info][gc,marking  ] GC(517) Concurrent Cleanup for Next Mark
[327.788s][info][gc,marking  ] GC(517) Concurrent Cleanup for Next Mark 4.285ms
[327.788s][info][gc          ] GC(517) Concurrent Mark Cycle 111.354ms
[328.734s][info][gc,start    ] GC(518) Pause Young (Prepare Mixed) (G1 Evacuation Pause)
[328.734s][info][gc,task     ] GC(518) Using 2 workers of 2 for evacuation
[328.740s][info][gc,phases   ] GC(518)   Pre Evacuate Collection Set: 0.31ms
[328.740s][info][gc,phases   ] GC(518)   Merge Heap Roots: 0.16ms
[328.740s][info][gc,phases   ] GC(518)   Evacuate Collection Set: 3.80ms
[328.740s][info][gc,phases   ] GC(518)   Post Evacuate Collection Set: 0.77ms
[328.740s][info][gc,phases   ] GC(518)   Other: 0.09ms
[328.740s][info][gc,heap     ] GC(518) Eden regions: 439->0(442)
[328.740s][info][gc,heap     ] GC(518) Survivor regions: 6->3(56)
[328.740s][info][gc,heap     ] GC(518) Old regions: 44->44
[328.740s][info][gc,heap     ] GC(518) Humongous regions: 207->207
[328.740s][info][gc,metaspace] GC(518) Metaspace: 57114K(57472K)->57114K(57472K) NonClass: 48828K(49088K)->48828K(49088K) Class: 8285K(8384K)->8285K(8384K)
[328.740s][info][gc          ] GC(518) Pause Young (Prepare Mixed) (G1 Evacuation Pause) 694M->252M(742M) 5.344ms
[328.740s][info][gc,cpu      ] GC(518) User=0.01s Sys=0.00s Real=0.01s
[332.718s][info][gc,start    ] GC(519) Pause Young (Mixed) (G1 Evacuation Pause)
[332.718s][info][gc,task     ] GC(519) Using 2 workers of 2 for evacuation
[332.742s][info][gc,phases   ] GC(519)   Pre Evacuate Collection Set: 0.33ms
[332.742s][info][gc,phases   ] GC(519)   Merge Heap Roots: 0.22ms
[332.742s][info][gc,phases   ] GC(519)   Evacuate Collection Set: 22.20ms
[332.742s][info][gc,phases   ] GC(519)   Post Evacuate Collection Set: 1.16ms
[332.742s][info][gc,phases   ] GC(519)   Other: 0.12ms
[332.742s][info][gc,heap     ] GC(519) Eden regions: 371->0(463)
[332.742s][info][gc,heap     ] GC(519) Survivor regions: 3->14(56)
[332.742s][info][gc,heap     ] GC(519) Old regions: 44->44
[332.742s][info][gc,heap     ] GC(519) Humongous regions: 363->207
[332.742s][info][gc,metaspace] GC(519) Metaspace: 57342K(57664K)->57342K(57664K) NonClass: 49056K(49280K)->49056K(49280K) Class: 8285K(8384K)->8285K(8384K)
[332.742s][info][gc          ] GC(519) Pause Young (Mixed) (G1 Evacuation Pause) 779M->263M(796M) 24.256ms
[332.742s][info][gc,cpu      ] GC(519) User=0.04s Sys=0.00s Real=0.02s
[333.752s][info][gc,start    ] GC(520) Pause Young (Normal) (G1 Evacuation Pause)
[333.752s][info][gc,task     ] GC(520) Using 2 workers of 2 for evacuation
[333.765s][info][gc,phases   ] GC(520)   Pre Evacuate Collection Set: 0.35ms
[333.765s][info][gc,phases   ] GC(520)   Merge Heap Roots: 0.16ms
[333.765s][info][gc,phases   ] GC(520)   Evacuate Collection Set: 11.17ms
[333.765s][info][gc,phases   ] GC(520)   Post Evacuate Collection Set: 0.93ms
[333.765s][info][gc,phases   ] GC(520)   Other: 0.11ms
[333.765s][info][gc,heap     ] GC(520) Eden regions: 463->0(451)
[333.765s][info][gc,heap     ] GC(520) Survivor regions: 14->26(60)
[333.765s][info][gc,heap     ] GC(520) Old regions: 44->44
[333.765s][info][gc,heap     ] GC(520) Humongous regions: 207->207
[333.765s][info][gc,metaspace] GC(520) Metaspace: 57342K(57664K)->57342K(57664K) NonClass: 49056K(49280K)->49056K(49280K) Class: 8285K(8384K)->8285K(8384K)
[333.765s][info][gc          ] GC(520) Pause Young (Normal) (G1 Evacuation Pause) 726M->275M(796M) 12.985ms
[333.765s][info][gc,cpu      ] GC(520) User=0.03s Sys=0.00s Real=0.01s
[334.921s][info][gc,start    ] GC(521) Pause Young (Normal) (G1 Evacuation Pause)
[334.921s][info][gc,task     ] GC(521) Using 2 workers of 2 for evacuation
[334.931s][info][gc,phases   ] GC(521)   Pre Evacuate Collection Set: 0.35ms
[334.931s][info][gc,phases   ] GC(521)   Merge Heap Roots: 0.20ms
[334.931s][info][gc,phases   ] GC(521)   Evacuate Collection Set: 8.06ms
[334.931s][info][gc,phases   ] GC(521)   Post Evacuate Collection Set: 0.88ms
[334.931s][info][gc,phases   ] GC(521)   Other: 0.11ms
[334.931s][info][gc,heap     ] GC(521) Eden regions: 451->0(452)
[334.931s][info][gc,heap     ] GC(521) Survivor regions: 26->25(60)
[334.931s][info][gc,heap     ] GC(521) Old regions: 44->44
[334.931s][info][gc,heap     ] GC(521) Humongous regions: 207->207
[334.931s][info][gc,metaspace] GC(521) Metaspace: 57342K(57664K)->57342K(57664K) NonClass: 49056K(49280K)->49056K(49280K) Class: 8285K(8384K)->8285K(8384K)
[334.931s][info][gc          ] GC(521) Pause Young (Normal) (G1 Evacuation Pause) 726M->274M(796M) 9.831ms
[334.931s][info][gc,cpu      ] GC(521) User=0.01s Sys=0.00s Real=0.01s
[336.039s][info][gc,start    ] GC(522) Pause Young (Concurrent Start) (G1 Evacuation Pause)
[336.039s][info][gc,task     ] GC(522) Using 2 workers of 2 for evacuation
[336.076s][info][gc,phases   ] GC(522)   Pre Evacuate Collection Set: 1.31ms
[336.076s][info][gc,phases   ] GC(522)   Merge Heap Roots: 4.25ms
[336.076s][info][gc,phases   ] GC(522)   Evacuate Collection Set: 29.22ms
[336.076s][info][gc,phases   ] GC(522)   Post Evacuate Collection Set: 1.74ms
[336.076s][info][gc,phases   ] GC(522)   Other: 0.23ms
[336.076s][info][gc,heap     ] GC(522) Eden regions: 452->0(451)
[336.076s][info][gc,heap     ] GC(522) Survivor regions: 25->26(60)
[336.076s][info][gc,heap     ] GC(522) Old regions: 44->44
[336.076s][info][gc,heap     ] GC(522) Humongous regions: 207->207
[336.076s][info][gc,metaspace] GC(522) Metaspace: 57342K(57664K)->57342K(57664K) NonClass: 49056K(49280K)->49056K(49280K) Class: 8285K(8384K)->8285K(8384K)
[336.076s][info][gc          ] GC(522) Pause Young (Concurrent Start) (G1 Evacuation Pause) 726M->276M(796M) 37.003ms
[336.079s][info][gc,cpu      ] GC(522) User=0.03s Sys=0.00s Real=0.04s
[336.079s][info][gc          ] GC(523) Concurrent Mark Cycle
[336.079s][info][gc,marking  ] GC(523) Concurrent Scan Root Regions
[336.135s][info][gc,marking  ] GC(523) Concurrent Scan Root Regions 55.841ms
[336.135s][info][gc,marking  ] GC(523) Concurrent Mark
[336.135s][info][gc,marking  ] GC(523) Concurrent Mark From Roots
[336.135s][info][gc,task     ] GC(523) Using 1 workers of 1 for marking
[336.185s][info][gc,marking  ] GC(523) Concurrent Mark From Roots 49.882ms
[336.185s][info][gc,marking  ] GC(523) Concurrent Preclean
[336.185s][info][gc,marking  ] GC(523) Concurrent Preclean 0.065ms
[336.185s][info][gc,start    ] GC(523) Pause Remark
[336.196s][info][gc          ] GC(523) Pause Remark 303M->303M(796M) 10.937ms
[336.196s][info][gc,cpu      ] GC(523) User=0.02s Sys=0.00s Real=0.01s
[336.196s][info][gc,marking  ] GC(523) Concurrent Mark 61.242ms
[336.196s][info][gc,marking  ] GC(523) Concurrent Rebuild Remembered Sets and Scrub Regions
[336.215s][info][gc,marking  ] GC(523) Concurrent Rebuild Remembered Sets and Scrub Regions 19.020ms
[336.216s][info][gc,start    ] GC(523) Pause Cleanup
[336.216s][info][gc          ] GC(523) Pause Cleanup 313M->313M(796M) 0.116ms
[336.216s][info][gc,cpu      ] GC(523) User=0.00s Sys=0.00s Real=0.00s
[336.216s][info][gc,marking  ] GC(523) Concurrent Clear Claimed Marks
[336.216s][info][gc,marking  ] GC(523) Concurrent Clear Claimed Marks 0.097ms
[336.216s][info][gc,marking  ] GC(523) Concurrent Cleanup for Next Mark
[336.219s][info][gc,marking  ] GC(523) Concurrent Cleanup for Next Mark 3.430ms
[336.219s][info][gc          ] GC(523) Concurrent Mark Cycle 140.241ms
[337.159s][info][gc,start    ] GC(524) Pause Young (Prepare Mixed) (G1 Evacuation Pause)
[337.159s][info][gc,task     ] GC(524) Using 2 workers of 2 for evacuation
[337.171s][info][gc,phases   ] GC(524)   Pre Evacuate Collection Set: 0.29ms
[337.171s][info][gc,phases   ] GC(524)   Merge Heap Roots: 0.17ms
[337.171s][info][gc,phases   ] GC(524)   Evacuate Collection Set: 10.53ms
[337.171s][info][gc,phases   ] GC(524)   Post Evacuate Collection Set: 0.95ms
[337.171s][info][gc,phases   ] GC(524)   Other: 0.12ms
[337.171s][info][gc,heap     ] GC(524) Eden regions: 451->0(452)
[337.171s][info][gc,heap     ] GC(524) Survivor regions: 26->25(60)
[337.171s][info][gc,heap     ] GC(524) Old regions: 44->44
[337.171s][info][gc,heap     ] GC(524) Humongous regions: 207->207
[337.171s][info][gc,metaspace] GC(524) Metaspace: 57342K(57664K)->57342K(57664K) NonClass: 49056K(49280K)->49056K(49280K) Class: 8285K(8384K)->8285K(8384K)
[337.171s][info][gc          ] GC(524) Pause Young (Prepare Mixed) (G1 Evacuation Pause) 727M->274M(796M) 12.281ms
[337.171s][info][gc,cpu      ] GC(524) User=0.03s Sys=0.00s Real=0.01s
[338.322s][info][gc,start    ] GC(525) Pause Young (Mixed) (G1 Evacuation Pause)
[338.322s][info][gc,task     ] GC(525) Using 2 workers of 2 for evacuation
[338.333s][info][gc,phases   ] GC(525)   Pre Evacuate Collection Set: 0.31ms
[338.333s][info][gc,phases   ] GC(525)   Merge Heap Roots: 0.16ms
[338.333s][info][gc,phases   ] GC(525)   Evacuate Collection Set: 9.55ms
[338.333s][info][gc,phases   ] GC(525)   Post Evacuate Collection Set: 0.90ms
[338.333s][info][gc,phases   ] GC(525)   Other: 0.09ms
[338.333s][info][gc,heap     ] GC(525) Eden regions: 452->0(453)
[338.333s][info][gc,heap     ] GC(525) Survivor regions: 25->24(60)
[338.333s][info][gc,heap     ] GC(525) Old regions: 44->43
[338.333s][info][gc,heap     ] GC(525) Humongous regions: 207->207
[338.333s][info][gc,metaspace] GC(525) Metaspace: 57342K(57664K)->57342K(57664K) NonClass: 49056K(49280K)->49056K(49280K) Class: 8285K(8384K)->8285K(8384K)
[338.333s][info][gc          ] GC(525) Pause Young (Mixed) (G1 Evacuation Pause) 726M->273M(796M) 11.243ms
[338.333s][info][gc,cpu      ] GC(525) User=0.02s Sys=0.01s Real=0.01s
[339.446s][info][gc,start    ] GC(526) Pause Young (Concurrent Start) (G1 Evacuation Pause)
[339.446s][info][gc,task     ] GC(526) Using 2 workers of 2 for evacuation
[339.459s][info][gc,phases   ] GC(526)   Pre Evacuate Collection Set: 0.33ms
[339.459s][info][gc,phases   ] GC(526)   Merge Heap Roots: 0.16ms
[339.459s][info][gc,phases   ] GC(526)   Evacuate Collection Set: 11.23ms
[339.459s][info][gc,phases   ] GC(526)   Post Evacuate Collection Set: 0.92ms
[339.459s][info][gc,phases   ] GC(526)   Other: 0.14ms
[339.459s][info][gc,heap     ] GC(526) Eden regions: 453->0(451)
[339.459s][info][gc,heap     ] GC(526) Survivor regions: 24->26(60)
[339.459s][info][gc,heap     ] GC(526) Old regions: 43->43
[339.459s][info][gc,heap     ] GC(526) Humongous regions: 207->207
[339.459s][info][gc,metaspace] GC(526) Metaspace: 57342K(57664K)->57342K(57664K) NonClass: 49056K(49280K)->49056K(49280K) Class: 8285K(8384K)->8285K(8384K)
[339.459s][info][gc          ] GC(526) Pause Young (Concurrent Start) (G1 Evacuation Pause) 726M->275M(796M) 13.024ms
[339.459s][info][gc          ] GC(527) Concurrent Mark Cycle
[339.459s][info][gc,marking  ] GC(527) Concurrent Scan Root Regions
[339.460s][info][gc,cpu      ] GC(526) User=0.02s Sys=0.00s Real=0.02s
[339.469s][info][gc,marking  ] GC(527) Concurrent Scan Root Regions 10.286ms
[339.469s][info][gc,marking  ] GC(527) Concurrent Mark
[339.469s][info][gc,marking  ] GC(527) Concurrent Mark From Roots
[339.469s][info][gc,task     ] GC(527) Using 1 workers of 1 for marking
[339.518s][info][gc,marking  ] GC(527) Concurrent Mark From Roots 49.129ms
[339.519s][info][gc,marking  ] GC(527) Concurrent Preclean
[339.519s][info][gc,marking  ] GC(527) Concurrent Preclean 0.077ms
[339.519s][info][gc,start    ] GC(527) Pause Remark
[339.530s][info][gc          ] GC(527) Pause Remark 297M->297M(796M) 11.007ms
[339.530s][info][gc,cpu      ] GC(527) User=0.02s Sys=0.00s Real=0.01s
[339.530s][info][gc,marking  ] GC(527) Concurrent Mark 60.831ms
[339.530s][info][gc,marking  ] GC(527) Concurrent Rebuild Remembered Sets and Scrub Regions
[339.566s][info][gc,marking  ] GC(527) Concurrent Rebuild Remembered Sets and Scrub Regions 35.669ms
[339.566s][info][gc,start    ] GC(527) Pause Cleanup
[339.566s][info][gc          ] GC(527) Pause Cleanup 318M->318M(796M) 0.102ms
[339.566s][info][gc,cpu      ] GC(527) User=0.00s Sys=0.00s Real=0.00s
[339.566s][info][gc,marking  ] GC(527) Concurrent Clear Claimed Marks
[339.566s][info][gc,marking  ] GC(527) Concurrent Clear Claimed Marks 0.113ms
[339.566s][info][gc,marking  ] GC(527) Concurrent Cleanup for Next Mark
[339.571s][info][gc,marking  ] GC(527) Concurrent Cleanup for Next Mark 4.444ms
[339.571s][info][gc          ] GC(527) Concurrent Mark Cycle 111.868ms
[340.568s][info][gc,start    ] GC(528) Pause Young (Prepare Mixed) (G1 Evacuation Pause)
[340.568s][info][gc,task     ] GC(528) Using 2 workers of 2 for evacuation
[340.578s][info][gc,phases   ] GC(528)   Pre Evacuate Collection Set: 0.30ms
[340.578s][info][gc,phases   ] GC(528)   Merge Heap Roots: 0.18ms
[340.578s][info][gc,phases   ] GC(528)   Evacuate Collection Set: 8.63ms
[340.578s][info][gc,phases   ] GC(528)   Post Evacuate Collection Set: 0.89ms
[340.578s][info][gc,phases   ] GC(528)   Other: 0.10ms
[340.578s][info][gc,heap     ] GC(528) Eden regions: 451->0(453)
[340.578s][info][gc,heap     ] GC(528) Survivor regions: 26->24(60)
[340.578s][info][gc,heap     ] GC(528) Old regions: 43->43
[340.578s][info][gc,heap     ] GC(528) Humongous regions: 207->207
[340.578s][info][gc,metaspace] GC(528) Metaspace: 57342K(57664K)->57342K(57664K) NonClass: 49056K(49280K)->49056K(49280K) Class: 8285K(8384K)->8285K(8384K)
[340.579s][info][gc          ] GC(528) Pause Young (Prepare Mixed) (G1 Evacuation Pause) 726M->273M(796M) 10.302ms
[340.579s][info][gc,cpu      ] GC(528) User=0.01s Sys=0.00s Real=0.01s
[341.833s][info][gc,start    ] GC(529) Pause Young (Mixed) (G1 Evacuation Pause)
[341.833s][info][gc,task     ] GC(529) Using 2 workers of 2 for evacuation
[341.846s][info][gc,phases   ] GC(529)   Pre Evacuate Collection Set: 0.29ms
[341.846s][info][gc,phases   ] GC(529)   Merge Heap Roots: 0.16ms
[341.846s][info][gc,phases   ] GC(529)   Evacuate Collection Set: 11.40ms
[341.846s][info][gc,phases   ] GC(529)   Post Evacuate Collection Set: 0.92ms
[341.846s][info][gc,phases   ] GC(529)   Other: 0.10ms
[341.846s][info][gc,heap     ] GC(529) Eden regions: 453->0(452)
[341.846s][info][gc,heap     ] GC(529) Survivor regions: 24->25(60)
[341.846s][info][gc,heap     ] GC(529) Old regions: 43->43
[341.846s][info][gc,heap     ] GC(529) Humongous regions: 207->207
[341.846s][info][gc,metaspace] GC(529) Metaspace: 57342K(57664K)->57342K(57664K) NonClass: 49056K(49280K)->49056K(49280K) Class: 8285K(8384K)->8285K(8384K)
[341.846s][info][gc          ] GC(529) Pause Young (Mixed) (G1 Evacuation Pause) 726M->274M(796M) 13.089ms
[341.846s][info][gc,cpu      ] GC(529) User=0.03s Sys=0.01s Real=0.01s
[342.956s][info][gc,start    ] GC(530) Pause Young (Concurrent Start) (G1 Evacuation Pause)
[342.956s][info][gc,task     ] GC(530) Using 2 workers of 2 for evacuation
[342.967s][info][gc,phases   ] GC(530)   Pre Evacuate Collection Set: 0.31ms
[342.967s][info][gc,phases   ] GC(530)   Merge Heap Roots: 0.15ms
[342.967s][info][gc,phases   ] GC(530)   Evacuate Collection Set: 9.46ms
[342.967s][info][gc,phases   ] GC(530)   Post Evacuate Collection Set: 0.89ms
[342.967s][info][gc,phases   ] GC(530)   Other: 0.14ms
[342.967s][info][gc,heap     ] GC(530) Eden regions: 452->0(452)
[342.967s][info][gc,heap     ] GC(530) Survivor regions: 25->25(60)
[342.967s][info][gc,heap     ] GC(530) Old regions: 43->43
[342.967s][info][gc,heap     ] GC(530) Humongous regions: 207->207
[342.967s][info][gc,metaspace] GC(530) Metaspace: 57342K(57664K)->57342K(57664K) NonClass: 49056K(49280K)->49056K(49280K) Class: 8285K(8384K)->8285K(8384K)
[342.967s][info][gc          ] GC(530) Pause Young (Concurrent Start) (G1 Evacuation Pause) 726M->274M(796M) 11.200ms
[342.967s][info][gc          ] GC(531) Concurrent Mark Cycle
[342.967s][info][gc,marking  ] GC(531) Concurrent Scan Root Regions
[342.967s][info][gc,cpu      ] GC(530) User=0.03s Sys=0.00s Real=0.02s
[342.976s][info][gc,marking  ] GC(531) Concurrent Scan Root Regions 8.902ms
[342.976s][info][gc,marking  ] GC(531) Concurrent Mark
[342.976s][info][gc,marking  ] GC(531) Concurrent Mark From Roots
[342.976s][info][gc,task     ] GC(531) Using 1 workers of 1 for marking
[343.025s][info][gc,marking  ] GC(531) Concurrent Mark From Roots 48.750ms
[343.025s][info][gc,marking  ] GC(531) Concurrent Preclean
[343.025s][info][gc,marking  ] GC(531) Concurrent Preclean 0.064ms
[343.026s][info][gc,start    ] GC(531) Pause Remark
[343.036s][info][gc          ] GC(531) Pause Remark 292M->292M(796M) 10.277ms
[343.036s][info][gc,cpu      ] GC(531) User=0.02s Sys=0.00s Real=0.01s
[343.036s][info][gc,marking  ] GC(531) Concurrent Mark 60.421ms
[343.036s][info][gc,marking  ] GC(531) Concurrent Rebuild Remembered Sets and Scrub Regions
[343.070s][info][gc,marking  ] GC(531) Concurrent Rebuild Remembered Sets and Scrub Regions 33.803ms
[343.070s][info][gc,start    ] GC(531) Pause Cleanup
[343.070s][info][gc          ] GC(531) Pause Cleanup 310M->310M(796M) 0.094ms
[343.070s][info][gc,cpu      ] GC(531) User=0.00s Sys=0.00s Real=0.00s
[343.070s][info][gc,marking  ] GC(531) Concurrent Clear Claimed Marks
[343.070s][info][gc,marking  ] GC(531) Concurrent Clear Claimed Marks 0.096ms
[343.070s][info][gc,marking  ] GC(531) Concurrent Cleanup for Next Mark
[343.073s][info][gc,marking  ] GC(531) Concurrent Cleanup for Next Mark 2.387ms
[343.073s][info][gc          ] GC(531) Concurrent Mark Cycle 106.045ms
[344.122s][info][gc,start    ] GC(532) Pause Young (Prepare Mixed) (G1 Evacuation Pause)
[344.122s][info][gc,task     ] GC(532) Using 2 workers of 2 for evacuation
[344.131s][info][gc,phases   ] GC(532)   Pre Evacuate Collection Set: 0.29ms
[344.131s][info][gc,phases   ] GC(532)   Merge Heap Roots: 0.16ms
[344.131s][info][gc,phases   ] GC(532)   Evacuate Collection Set: 8.12ms
[344.131s][info][gc,phases   ] GC(532)   Post Evacuate Collection Set: 0.88ms
[344.131s][info][gc,phases   ] GC(532)   Other: 0.11ms
[344.131s][info][gc,heap     ] GC(532) Eden regions: 452->0(453)
[344.131s][info][gc,heap     ] GC(532) Survivor regions: 25->24(60)
[344.131s][info][gc,heap     ] GC(532) Old regions: 43->43
[344.131s][info][gc,heap     ] GC(532) Humongous regions: 207->207
[344.131s][info][gc,metaspace] GC(532) Metaspace: 57342K(57664K)->57342K(57664K) NonClass: 49056K(49280K)->49056K(49280K) Class: 8285K(8384K)->8285K(8384K)
[344.131s][info][gc          ] GC(532) Pause Young (Prepare Mixed) (G1 Evacuation Pause) 726M->273M(796M) 9.774ms
[344.131s][info][gc,cpu      ] GC(532) User=0.02s Sys=0.00s Real=0.01s
[345.241s][info][gc,start    ] GC(533) Pause Young (Mixed) (G1 Evacuation Pause)
[345.241s][info][gc,task     ] GC(533) Using 2 workers of 2 for evacuation
[345.254s][info][gc,phases   ] GC(533)   Pre Evacuate Collection Set: 0.30ms
[345.254s][info][gc,phases   ] GC(533)   Merge Heap Roots: 0.17ms
[345.254s][info][gc,phases   ] GC(533)   Evacuate Collection Set: 12.07ms
[345.254s][info][gc,phases   ] GC(533)   Post Evacuate Collection Set: 0.93ms
[345.254s][info][gc,phases   ] GC(533)   Other: 0.10ms
[345.254s][info][gc,heap     ] GC(533) Eden regions: 453->0(451)
[345.254s][info][gc,heap     ] GC(533) Survivor regions: 24->26(60)
[345.254s][info][gc,heap     ] GC(533) Old regions: 43->43
[345.254s][info][gc,heap     ] GC(533) Humongous regions: 207->207
[345.254s][info][gc,metaspace] GC(533) Metaspace: 57342K(57664K)->57342K(57664K) NonClass: 49056K(49280K)->49056K(49280K) Class: 8285K(8384K)->8285K(8384K)
[345.254s][info][gc          ] GC(533) Pause Young (Mixed) (G1 Evacuation Pause) 726M->274M(796M) 13.832ms
[345.255s][info][gc,cpu      ] GC(533) User=0.02s Sys=0.00s Real=0.01s
[346.417s][info][gc,start    ] GC(534) Pause Young (Concurrent Start) (G1 Evacuation Pause)
[346.417s][info][gc,task     ] GC(534) Using 2 workers of 2 for evacuation
[346.429s][info][gc,phases   ] GC(534)   Pre Evacuate Collection Set: 0.34ms
[346.429s][info][gc,phases   ] GC(534)   Merge Heap Roots: 0.16ms
[346.429s][info][gc,phases   ] GC(534)   Evacuate Collection Set: 10.33ms
[346.429s][info][gc,phases   ] GC(534)   Post Evacuate Collection Set: 0.91ms
[346.429s][info][gc,phases   ] GC(534)   Other: 0.13ms
[346.429s][info][gc,heap     ] GC(534) Eden regions: 451->0(452)
[346.429s][info][gc,heap     ] GC(534) Survivor regions: 26->25(60)
[346.429s][info][gc,heap     ] GC(534) Old regions: 43->43
[346.429s][info][gc,heap     ] GC(534) Humongous regions: 207->207
[346.429s][info][gc,metaspace] GC(534) Metaspace: 57342K(57664K)->57342K(57664K) NonClass: 49056K(49280K)->49056K(49280K) Class: 8285K(8384K)->8285K(8384K)
[346.429s][info][gc          ] GC(534) Pause Young (Concurrent Start) (G1 Evacuation Pause) 725M->274M(796M) 12.090ms
[346.429s][info][gc          ] GC(535) Concurrent Mark Cycle
[346.429s][info][gc,marking  ] GC(535) Concurrent Scan Root Regions
[346.429s][info][gc,cpu      ] GC(534) User=0.03s Sys=0.00s Real=0.01s
[346.441s][info][gc,marking  ] GC(535) Concurrent Scan Root Regions 12.197ms
[346.441s][info][gc,marking  ] GC(535) Concurrent Mark
[346.441s][info][gc,marking  ] GC(535) Concurrent Mark From Roots
[346.441s][info][gc,task     ] GC(535) Using 1 workers of 1 for marking
[346.519s][info][gc,marking  ] GC(535) Concurrent Mark From Roots 77.731ms
[346.519s][info][gc,marking  ] GC(535) Concurrent Preclean
[346.519s][info][gc,marking  ] GC(535) Concurrent Preclean 0.062ms
[346.520s][info][gc,start    ] GC(535) Pause Remark
[346.530s][info][gc          ] GC(535) Pause Remark 321M->321M(796M) 10.118ms
[346.530s][info][gc,cpu      ] GC(535) User=0.02s Sys=0.00s Real=0.01s
[346.531s][info][gc,marking  ] GC(535) Concurrent Mark 89.186ms
[346.531s][info][gc,marking  ] GC(535) Concurrent Rebuild Remembered Sets and Scrub Regions
[346.549s][info][gc,marking  ] GC(535) Concurrent Rebuild Remembered Sets and Scrub Regions 17.881ms
[346.549s][info][gc,start    ] GC(535) Pause Cleanup
[346.549s][info][gc          ] GC(535) Pause Cleanup 329M->329M(796M) 0.083ms
[346.549s][info][gc,cpu      ] GC(535) User=0.00s Sys=0.00s Real=0.00s
[346.550s][info][gc,marking  ] GC(535) Concurrent Clear Claimed Marks
[346.550s][info][gc,marking  ] GC(535) Concurrent Clear Claimed Marks 0.108ms
[346.550s][info][gc,marking  ] GC(535) Concurrent Cleanup for Next Mark
[346.553s][info][gc,marking  ] GC(535) Concurrent Cleanup for Next Mark 2.726ms
[346.553s][info][gc          ] GC(535) Concurrent Mark Cycle 123.461ms
[347.582s][info][gc,start    ] GC(536) Pause Young (Prepare Mixed) (G1 Evacuation Pause)
[347.582s][info][gc,task     ] GC(536) Using 2 workers of 2 for evacuation
[347.592s][info][gc,phases   ] GC(536)   Pre Evacuate Collection Set: 0.30ms
[347.592s][info][gc,phases   ] GC(536)   Merge Heap Roots: 0.17ms
[347.592s][info][gc,phases   ] GC(536)   Evacuate Collection Set: 8.95ms
[347.592s][info][gc,phases   ] GC(536)   Post Evacuate Collection Set: 0.86ms
[347.592s][info][gc,phases   ] GC(536)   Other: 0.13ms
[347.592s][info][gc,heap     ] GC(536) Eden regions: 452->0(452)
[347.592s][info][gc,heap     ] GC(536) Survivor regions: 25->25(60)
[347.592s][info][gc,heap     ] GC(536) Old regions: 43->43
[347.592s][info][gc,heap     ] GC(536) Humongous regions: 207->207
[347.592s][info][gc,metaspace] GC(536) Metaspace: 57342K(57664K)->57342K(57664K) NonClass: 49056K(49280K)->49056K(49280K) Class: 8285K(8384K)->8285K(8384K)
[347.592s][info][gc          ] GC(536) Pause Young (Prepare Mixed) (G1 Evacuation Pause) 726M->274M(796M) 10.650ms
[347.592s][info][gc,cpu      ] GC(536) User=0.02s Sys=0.00s Real=0.01s
[348.731s][info][gc,start    ] GC(537) Pause Young (Mixed) (G1 Evacuation Pause)
[348.731s][info][gc,task     ] GC(537) Using 2 workers of 2 for evacuation
[348.748s][info][gc,phases   ] GC(537)   Pre Evacuate Collection Set: 0.32ms
[348.749s][info][gc,phases   ] GC(537)   Merge Heap Roots: 0.22ms
[348.749s][info][gc,phases   ] GC(537)   Evacuate Collection Set: 16.05ms
[348.749s][info][gc,phases   ] GC(537)   Post Evacuate Collection Set: 1.13ms
[348.749s][info][gc,phases   ] GC(537)   Other: 0.13ms
[348.749s][info][gc,heap     ] GC(537) Eden regions: 452->0(452)
[348.749s][info][gc,heap     ] GC(537) Survivor regions: 25->25(60)
[348.749s][info][gc,heap     ] GC(537) Old regions: 43->43
[348.749s][info][gc,heap     ] GC(537) Humongous regions: 207->207
[348.749s][info][gc,metaspace] GC(537) Metaspace: 57342K(57664K)->57342K(57664K) NonClass: 49056K(49280K)->49056K(49280K) Class: 8285K(8384K)->8285K(8384K)
[348.749s][info][gc          ] GC(537) Pause Young (Mixed) (G1 Evacuation Pause) 726M->274M(796M) 18.063ms
[348.749s][info][gc,cpu      ] GC(537) User=0.03s Sys=0.00s Real=0.02s
[349.824s][info][gc,start    ] GC(538) Pause Young (Concurrent Start) (G1 Evacuation Pause)
[349.824s][info][gc,task     ] GC(538) Using 2 workers of 2 for evacuation
[349.834s][info][gc,phases   ] GC(538)   Pre Evacuate Collection Set: 0.34ms
[349.834s][info][gc,phases   ] GC(538)   Merge Heap Roots: 0.15ms
[349.834s][info][gc,phases   ] GC(538)   Evacuate Collection Set: 8.45ms
[349.834s][info][gc,phases   ] GC(538)   Post Evacuate Collection Set: 0.83ms
[349.834s][info][gc,phases   ] GC(538)   Other: 0.10ms
[349.834s][info][gc,heap     ] GC(538) Eden regions: 452->0(463)
[349.834s][info][gc,heap     ] GC(538) Survivor regions: 25->14(60)
[349.834s][info][gc,heap     ] GC(538) Old regions: 43->53
[349.834s][info][gc,heap     ] GC(538) Humongous regions: 207->207
[349.834s][info][gc,metaspace] GC(538) Metaspace: 57342K(57664K)->57342K(57664K) NonClass: 49056K(49280K)->49056K(49280K) Class: 8285K(8384K)->8285K(8384K)
[349.834s][info][gc          ] GC(538) Pause Young (Concurrent Start) (G1 Evacuation Pause) 726M->273M(796M) 10.062ms
[349.834s][info][gc,cpu      ] GC(538) User=0.02s Sys=0.00s Real=0.01s
[349.834s][info][gc          ] GC(539) Concurrent Mark Cycle
[349.834s][info][gc,marking  ] GC(539) Concurrent Scan Root Regions
[349.840s][info][gc,marking  ] GC(539) Concurrent Scan Root Regions 5.376ms
[349.840s][info][gc,marking  ] GC(539) Concurrent Mark
[349.840s][info][gc,marking  ] GC(539) Concurrent Mark From Roots
[349.840s][info][gc,task     ] GC(539) Using 1 workers of 1 for marking
[349.908s][info][gc,marking  ] GC(539) Concurrent Mark From Roots 68.020ms
[349.908s][info][gc,marking  ] GC(539) Concurrent Preclean
[349.908s][info][gc,marking  ] GC(539) Concurrent Preclean 0.067ms
[349.908s][info][gc,start    ] GC(539) Pause Remark
[349.918s][info][gc          ] GC(539) Pause Remark 309M->309M(796M) 10.141ms
[349.918s][info][gc,cpu      ] GC(539) User=0.02s Sys=0.00s Real=0.01s
[349.919s][info][gc,marking  ] GC(539) Concurrent Mark 78.797ms
[349.919s][info][gc,marking  ] GC(539) Concurrent Rebuild Remembered Sets and Scrub Regions
[349.952s][info][gc,marking  ] GC(539) Concurrent Rebuild Remembered Sets and Scrub Regions 33.514ms
[349.952s][info][gc,start    ] GC(539) Pause Cleanup
[349.953s][info][gc          ] GC(539) Pause Cleanup 328M->328M(796M) 0.094ms
[349.953s][info][gc,cpu      ] GC(539) User=0.00s Sys=0.00s Real=0.00s
[349.954s][info][gc,marking  ] GC(539) Concurrent Clear Claimed Marks
[349.955s][info][gc,marking  ] GC(539) Concurrent Clear Claimed Marks 0.121ms
[349.955s][info][gc,marking  ] GC(539) Concurrent Cleanup for Next Mark
[349.961s][info][gc,marking  ] GC(539) Concurrent Cleanup for Next Mark 6.544ms
[349.961s][info][gc          ] GC(539) Concurrent Mark Cycle 126.666ms
[350.955s][info][gc,start    ] GC(540) Pause Young (Prepare Mixed) (G1 Evacuation Pause)
[350.956s][info][gc,task     ] GC(540) Using 2 workers of 2 for evacuation
[350.964s][info][gc,phases   ] GC(540)   Pre Evacuate Collection Set: 0.37ms
[350.964s][info][gc,phases   ] GC(540)   Merge Heap Roots: 0.16ms
[350.964s][info][gc,phases   ] GC(540)   Evacuate Collection Set: 6.65ms
[350.964s][info][gc,phases   ] GC(540)   Post Evacuate Collection Set: 0.84ms
[350.964s][info][gc,phases   ] GC(540)   Other: 0.12ms
[350.964s][info][gc,heap     ] GC(540) Eden regions: 463->0(474)
[350.964s][info][gc,heap     ] GC(540) Survivor regions: 14->3(60)
[350.964s][info][gc,heap     ] GC(540) Old regions: 53->66
[350.964s][info][gc,heap     ] GC(540) Humongous regions: 207->207
[350.964s][info][gc,metaspace] GC(540) Metaspace: 57342K(57664K)->57342K(57664K) NonClass: 49056K(49280K)->49056K(49280K) Class: 8285K(8384K)->8285K(8384K)
[350.964s][info][gc          ] GC(540) Pause Young (Prepare Mixed) (G1 Evacuation Pause) 736M->274M(796M) 8.370ms
[350.964s][info][gc,cpu      ] GC(540) User=0.02s Sys=0.00s Real=0.01s
[352.248s][info][gc,start    ] GC(541) Pause Young (Mixed) (G1 Evacuation Pause)
[352.248s][info][gc,task     ] GC(541) Using 2 workers of 2 for evacuation
[352.257s][info][gc,phases   ] GC(541)   Pre Evacuate Collection Set: 0.32ms
[352.257s][info][gc,phases   ] GC(541)   Merge Heap Roots: 0.20ms
[352.257s][info][gc,phases   ] GC(541)   Evacuate Collection Set: 7.60ms
[352.257s][info][gc,phases   ] GC(541)   Post Evacuate Collection Set: 0.78ms
[352.257s][info][gc,phases   ] GC(541)   Other: 0.14ms
[352.257s][info][gc,heap     ] GC(541) Eden regions: 474->0(474)
[352.257s][info][gc,heap     ] GC(541) Survivor regions: 3->3(60)
[352.257s][info][gc,heap     ] GC(541) Old regions: 66->66
[352.257s][info][gc,heap     ] GC(541) Humongous regions: 207->207
[352.257s][info][gc,metaspace] GC(541) Metaspace: 57342K(57664K)->57342K(57664K) NonClass: 49056K(49280K)->49056K(49280K) Class: 8285K(8384K)->8285K(8384K)
[352.257s][info][gc          ] GC(541) Pause Young (Mixed) (G1 Evacuation Pause) 748M->275M(796M) 9.255ms
[352.257s][info][gc,cpu      ] GC(541) User=0.01s Sys=0.00s Real=0.01s
[353.453s][info][gc,start    ] GC(542) Pause Young (Concurrent Start) (G1 Evacuation Pause)
[353.453s][info][gc,task     ] GC(542) Using 2 workers of 2 for evacuation
[353.459s][info][gc,phases   ] GC(542)   Pre Evacuate Collection Set: 0.33ms
[353.459s][info][gc,phases   ] GC(542)   Merge Heap Roots: 0.14ms
[353.459s][info][gc,phases   ] GC(542)   Evacuate Collection Set: 4.36ms
[353.459s][info][gc,phases   ] GC(542)   Post Evacuate Collection Set: 0.81ms
[353.459s][info][gc,phases   ] GC(542)   Other: 0.13ms
[353.459s][info][gc,heap     ] GC(542) Eden regions: 474->0(474)
[353.459s][info][gc,heap     ] GC(542) Survivor regions: 3->3(60)
[353.459s][info][gc,heap     ] GC(542) Old regions: 66->66
[353.459s][info][gc,heap     ] GC(542) Humongous regions: 207->207
[353.459s][info][gc,metaspace] GC(542) Metaspace: 57342K(57664K)->57342K(57664K) NonClass: 49056K(49280K)->49056K(49280K) Class: 8285K(8384K)->8285K(8384K)
[353.459s][info][gc          ] GC(542) Pause Young (Concurrent Start) (G1 Evacuation Pause) 749M->275M(796M) 5.969ms
[353.459s][info][gc,cpu      ] GC(542) User=0.01s Sys=0.00s Real=0.01s
[353.459s][info][gc          ] GC(543) Concurrent Mark Cycle
[353.459s][info][gc,marking  ] GC(543) Concurrent Scan Root Regions
[353.465s][info][gc,marking  ] GC(543) Concurrent Scan Root Regions 5.916ms
[353.465s][info][gc,marking  ] GC(543) Concurrent Mark
[353.465s][info][gc,marking  ] GC(543) Concurrent Mark From Roots
[353.465s][info][gc,task     ] GC(543) Using 1 workers of 1 for marking
[353.515s][info][gc,marking  ] GC(543) Concurrent Mark From Roots 49.458ms
[353.515s][info][gc,marking  ] GC(543) Concurrent Preclean
[353.515s][info][gc,marking  ] GC(543) Concurrent Preclean 0.121ms
[353.515s][info][gc,start    ] GC(543) Pause Remark
[353.525s][info][gc          ] GC(543) Pause Remark 293M->282M(796M) 10.311ms
[353.525s][info][gc,cpu      ] GC(543) User=0.02s Sys=0.00s Real=0.01s
[353.527s][info][gc,marking  ] GC(543) Concurrent Mark 61.614ms
[353.527s][info][gc,marking  ] GC(543) Concurrent Rebuild Remembered Sets and Scrub Regions
[353.556s][info][gc,marking  ] GC(543) Concurrent Rebuild Remembered Sets and Scrub Regions 29.633ms
[353.557s][info][gc,start    ] GC(543) Pause Cleanup
[353.557s][info][gc          ] GC(543) Pause Cleanup 301M->301M(796M) 0.084ms
[353.557s][info][gc,cpu      ] GC(543) User=0.00s Sys=0.00s Real=0.00s
[353.557s][info][gc,marking  ] GC(543) Concurrent Clear Claimed Marks
[353.557s][info][gc,marking  ] GC(543) Concurrent Clear Claimed Marks 0.096ms
[353.557s][info][gc,marking  ] GC(543) Concurrent Cleanup for Next Mark
[353.559s][info][gc,marking  ] GC(543) Concurrent Cleanup for Next Mark 2.384ms
[353.559s][info][gc          ] GC(543) Concurrent Mark Cycle 100.393ms
[354.644s][info][gc,start    ] GC(544) Pause Young (Prepare Mixed) (G1 Evacuation Pause)
[354.644s][info][gc,task     ] GC(544) Using 2 workers of 2 for evacuation
[354.650s][info][gc,phases   ] GC(544)   Pre Evacuate Collection Set: 0.29ms
[354.650s][info][gc,phases   ] GC(544)   Merge Heap Roots: 0.17ms
[354.650s][info][gc,phases   ] GC(544)   Evacuate Collection Set: 4.48ms
[354.650s][info][gc,phases   ] GC(544)   Post Evacuate Collection Set: 0.80ms
[354.650s][info][gc,phases   ] GC(544)   Other: 0.12ms
[354.650s][info][gc,heap     ] GC(544) Eden regions: 474->0(474)
[354.650s][info][gc,heap     ] GC(544) Survivor regions: 3->3(60)
[354.650s][info][gc,heap     ] GC(544) Old regions: 55->56
[354.650s][info][gc,heap     ] GC(544) Humongous regions: 207->207
[354.650s][info][gc,metaspace] GC(544) Metaspace: 57342K(57664K)->57342K(57664K) NonClass: 49056K(49280K)->49056K(49280K) Class: 8285K(8384K)->8285K(8384K)
[354.650s][info][gc          ] GC(544) Pause Young (Prepare Mixed) (G1 Evacuation Pause) 738M->264M(796M) 6.045ms
[354.650s][info][gc,cpu      ] GC(544) User=0.01s Sys=0.00s Real=0.01s
[355.839s][info][gc,start    ] GC(545) Pause Young (Mixed) (G1 Evacuation Pause)
[355.839s][info][gc,task     ] GC(545) Using 2 workers of 2 for evacuation
[355.845s][info][gc,phases   ] GC(545)   Pre Evacuate Collection Set: 0.32ms
[355.845s][info][gc,phases   ] GC(545)   Merge Heap Roots: 0.16ms
[355.845s][info][gc,phases   ] GC(545)   Evacuate Collection Set: 4.71ms
[355.845s][info][gc,phases   ] GC(545)   Post Evacuate Collection Set: 0.79ms
[355.845s][info][gc,phases   ] GC(545)   Other: 0.09ms
[355.845s][info][gc,heap     ] GC(545) Eden regions: 474->0(474)
[355.845s][info][gc,heap     ] GC(545) Survivor regions: 3->3(60)
[355.845s][info][gc,heap     ] GC(545) Old regions: 56->54
[355.845s][info][gc,heap     ] GC(545) Humongous regions: 207->207
[355.845s][info][gc,metaspace] GC(545) Metaspace: 57342K(57664K)->57342K(57664K) NonClass: 49056K(49280K)->49056K(49280K) Class: 8285K(8384K)->8285K(8384K)
[355.845s][info][gc          ] GC(545) Pause Young (Mixed) (G1 Evacuation Pause) 738M->262M(796M) 6.271ms
[355.845s][info][gc,cpu      ] GC(545) User=0.02s Sys=0.00s Real=0.00s
[357.031s][info][gc,start    ] GC(546) Pause Young (Concurrent Start) (G1 Evacuation Pause)
[357.031s][info][gc,task     ] GC(546) Using 2 workers of 2 for evacuation
[357.036s][info][gc,phases   ] GC(546)   Pre Evacuate Collection Set: 0.35ms
[357.036s][info][gc,phases   ] GC(546)   Merge Heap Roots: 0.13ms
[357.036s][info][gc,phases   ] GC(546)   Evacuate Collection Set: 3.50ms
[357.036s][info][gc,phases   ] GC(546)   Post Evacuate Collection Set: 0.81ms
[357.036s][info][gc,phases   ] GC(546)   Other: 0.12ms
[357.036s][info][gc,heap     ] GC(546) Eden regions: 474->0(475)
[357.036s][info][gc,heap     ] GC(546) Survivor regions: 3->2(60)
[357.036s][info][gc,heap     ] GC(546) Old regions: 54->54
[357.036s][info][gc,heap     ] GC(546) Humongous regions: 207->207
[357.036s][info][gc,metaspace] GC(546) Metaspace: 57342K(57664K)->57342K(57664K) NonClass: 49056K(49280K)->49056K(49280K) Class: 8285K(8384K)->8285K(8384K)
[357.036s][info][gc          ] GC(546) Pause Young (Concurrent Start) (G1 Evacuation Pause) 736M->261M(796M) 5.160ms
[357.036s][info][gc,cpu      ] GC(546) User=0.01s Sys=0.00s Real=0.00s
[357.036s][info][gc          ] GC(547) Concurrent Mark Cycle
[357.038s][info][gc,marking  ] GC(547) Concurrent Scan Root Regions
[357.045s][info][gc,marking  ] GC(547) Concurrent Scan Root Regions 6.631ms
[357.045s][info][gc,marking  ] GC(547) Concurrent Mark
[357.045s][info][gc,marking  ] GC(547) Concurrent Mark From Roots
[357.045s][info][gc,task     ] GC(547) Using 1 workers of 1 for marking
[357.101s][info][gc,marking  ] GC(547) Concurrent Mark From Roots 56.380ms
[357.101s][info][gc,marking  ] GC(547) Concurrent Preclean
[357.101s][info][gc,marking  ] GC(547) Concurrent Preclean 0.087ms
[357.101s][info][gc,start    ] GC(547) Pause Remark
[357.111s][info][gc          ] GC(547) Pause Remark 288M->288M(796M) 9.667ms
[357.111s][info][gc,cpu      ] GC(547) User=0.02s Sys=0.00s Real=0.01s
[357.111s][info][gc,marking  ] GC(547) Concurrent Mark 66.445ms
[357.111s][info][gc,marking  ] GC(547) Concurrent Rebuild Remembered Sets and Scrub Regions
[357.141s][info][gc,marking  ] GC(547) Concurrent Rebuild Remembered Sets and Scrub Regions 29.820ms
[357.141s][info][gc,start    ] GC(547) Pause Cleanup
[357.141s][info][gc          ] GC(547) Pause Cleanup 306M->306M(796M) 0.106ms
[357.141s][info][gc,cpu      ] GC(547) User=0.00s Sys=0.00s Real=0.00s
[357.141s][info][gc,marking  ] GC(547) Concurrent Clear Claimed Marks
[357.141s][info][gc,marking  ] GC(547) Concurrent Clear Claimed Marks 0.095ms
[357.141s][info][gc,marking  ] GC(547) Concurrent Cleanup for Next Mark
[357.151s][info][gc,marking  ] GC(547) Concurrent Cleanup for Next Mark 9.239ms
[357.151s][info][gc          ] GC(547) Concurrent Mark Cycle 114.609ms
[358.231s][info][gc,start    ] GC(548) Pause Young (Prepare Mixed) (G1 Evacuation Pause)
[358.231s][info][gc,task     ] GC(548) Using 2 workers of 2 for evacuation
[358.235s][info][gc,phases   ] GC(548)   Pre Evacuate Collection Set: 0.31ms
[358.235s][info][gc,phases   ] GC(548)   Merge Heap Roots: 0.16ms
[358.235s][info][gc,phases   ] GC(548)   Evacuate Collection Set: 3.47ms
[358.236s][info][gc,phases   ] GC(548)   Post Evacuate Collection Set: 0.79ms
[358.236s][info][gc,phases   ] GC(548)   Other: 0.10ms
[358.236s][info][gc,heap     ] GC(548) Eden regions: 475->0(475)
[358.236s][info][gc,heap     ] GC(548) Survivor regions: 2->2(60)
[358.236s][info][gc,heap     ] GC(548) Old regions: 54->54
[358.236s][info][gc,heap     ] GC(548) Humongous regions: 207->207
[358.236s][info][gc,metaspace] GC(548) Metaspace: 57342K(57664K)->57342K(57664K) NonClass: 49056K(49280K)->49056K(49280K) Class: 8285K(8384K)->8285K(8384K)
[358.236s][info][gc          ] GC(548) Pause Young (Prepare Mixed) (G1 Evacuation Pause) 736M->262M(796M) 5.033ms
[358.236s][info][gc,cpu      ] GC(548) User=0.01s Sys=0.00s Real=0.00s
[359.440s][info][gc,start    ] GC(549) Pause Young (Mixed) (G1 Evacuation Pause)
[359.440s][info][gc,task     ] GC(549) Using 2 workers of 2 for evacuation
[359.446s][info][gc,phases   ] GC(549)   Pre Evacuate Collection Set: 0.28ms
[359.446s][info][gc,phases   ] GC(549)   Merge Heap Roots: 0.16ms
[359.446s][info][gc,phases   ] GC(549)   Evacuate Collection Set: 4.88ms
[359.446s][info][gc,phases   ] GC(549)   Post Evacuate Collection Set: 0.77ms
[359.446s][info][gc,phases   ] GC(549)   Other: 0.12ms
[359.446s][info][gc,heap     ] GC(549) Eden regions: 475->0(474)
[359.446s][info][gc,heap     ] GC(549) Survivor regions: 2->3(60)
[359.446s][info][gc,heap     ] GC(549) Old regions: 54->52
[359.446s][info][gc,heap     ] GC(549) Humongous regions: 207->207
[359.446s][info][gc,metaspace] GC(549) Metaspace: 57343K(57664K)->57343K(57664K) NonClass: 49057K(49280K)->49057K(49280K) Class: 8285K(8384K)->8285K(8384K)
[359.446s][info][gc          ] GC(549) Pause Young (Mixed) (G1 Evacuation Pause) 737M->261M(796M) 6.410ms
[359.446s][info][gc,cpu      ] GC(549) User=0.01s Sys=0.00s Real=0.00s
[360.624s][info][gc,start    ] GC(550) Pause Young (Concurrent Start) (G1 Evacuation Pause)
[360.624s][info][gc,task     ] GC(550) Using 2 workers of 2 for evacuation
[360.628s][info][gc,phases   ] GC(550)   Pre Evacuate Collection Set: 0.31ms
[360.628s][info][gc,phases   ] GC(550)   Merge Heap Roots: 0.15ms
[360.628s][info][gc,phases   ] GC(550)   Evacuate Collection Set: 3.35ms
[360.628s][info][gc,phases   ] GC(550)   Post Evacuate Collection Set: 0.76ms
[360.628s][info][gc,phases   ] GC(550)   Other: 0.11ms
[360.628s][info][gc,heap     ] GC(550) Eden regions: 474->0(475)
[360.628s][info][gc,heap     ] GC(550) Survivor regions: 3->2(60)
[360.628s][info][gc,heap     ] GC(550) Old regions: 52->52
[360.628s][info][gc,heap     ] GC(550) Humongous regions: 207->207
[360.628s][info][gc,metaspace] GC(550) Metaspace: 57343K(57664K)->57343K(57664K) NonClass: 49057K(49280K)->49057K(49280K) Class: 8285K(8384K)->8285K(8384K)
[360.629s][info][gc          ] GC(550) Pause Young (Concurrent Start) (G1 Evacuation Pause) 735M->259M(796M) 4.914ms
[360.629s][info][gc,cpu      ] GC(550) User=0.01s Sys=0.00s Real=0.01s
[360.629s][info][gc          ] GC(551) Concurrent Mark Cycle
[360.629s][info][gc,marking  ] GC(551) Concurrent Scan Root Regions
[360.631s][info][gc,marking  ] GC(551) Concurrent Scan Root Regions 2.160ms
[360.631s][info][gc,marking  ] GC(551) Concurrent Mark
[360.631s][info][gc,marking  ] GC(551) Concurrent Mark From Roots
[360.631s][info][gc,task     ] GC(551) Using 1 workers of 1 for marking
[360.690s][info][gc,marking  ] GC(551) Concurrent Mark From Roots 58.330ms
[360.690s][info][gc,marking  ] GC(551) Concurrent Preclean
[360.690s][info][gc,marking  ] GC(551) Concurrent Preclean 0.086ms
[360.690s][info][gc,start    ] GC(551) Pause Remark
[360.702s][info][gc          ] GC(551) Pause Remark 290M->290M(796M) 12.392ms
[360.702s][info][gc,cpu      ] GC(551) User=0.02s Sys=0.00s Real=0.01s
[360.703s][info][gc,marking  ] GC(551) Concurrent Mark 71.047ms
[360.703s][info][gc,marking  ] GC(551) Concurrent Rebuild Remembered Sets and Scrub Regions
[360.725s][info][gc,marking  ] GC(551) Concurrent Rebuild Remembered Sets and Scrub Regions 22.843ms
[360.726s][info][gc,start    ] GC(551) Pause Cleanup
[360.726s][info][gc          ] GC(551) Pause Cleanup 299M->299M(796M) 0.091ms
[360.726s][info][gc,cpu      ] GC(551) User=0.00s Sys=0.00s Real=0.00s
[360.726s][info][gc,marking  ] GC(551) Concurrent Clear Claimed Marks
[360.726s][info][gc,marking  ] GC(551) Concurrent Clear Claimed Marks 0.095ms
[360.726s][info][gc,marking  ] GC(551) Concurrent Cleanup for Next Mark
[360.728s][info][gc,marking  ] GC(551) Concurrent Cleanup for Next Mark 2.330ms
[360.728s][info][gc          ] GC(551) Concurrent Mark Cycle 99.637ms
[361.820s][info][gc,start    ] GC(552) Pause Young (Prepare Mixed) (G1 Evacuation Pause)
[361.820s][info][gc,task     ] GC(552) Using 2 workers of 2 for evacuation
[361.824s][info][gc,phases   ] GC(552)   Pre Evacuate Collection Set: 0.30ms
[361.824s][info][gc,phases   ] GC(552)   Merge Heap Roots: 0.17ms
[361.824s][info][gc,phases   ] GC(552)   Evacuate Collection Set: 2.73ms
[361.824s][info][gc,phases   ] GC(552)   Post Evacuate Collection Set: 0.78ms
[361.824s][info][gc,phases   ] GC(552)   Other: 0.10ms
[361.824s][info][gc,heap     ] GC(552) Eden regions: 475->0(475)
[361.824s][info][gc,heap     ] GC(552) Survivor regions: 2->2(60)
[361.824s][info][gc,heap     ] GC(552) Old regions: 52->52
[361.824s][info][gc,heap     ] GC(552) Humongous regions: 207->207
[361.824s][info][gc,metaspace] GC(552) Metaspace: 57343K(57664K)->57343K(57664K) NonClass: 49057K(49280K)->49057K(49280K) Class: 8285K(8384K)->8285K(8384K)
[361.824s][info][gc          ] GC(552) Pause Young (Prepare Mixed) (G1 Evacuation Pause) 734M->259M(796M) 4.293ms
[361.824s][info][gc,cpu      ] GC(552) User=0.01s Sys=0.00s Real=0.00s
[363.017s][info][gc,start    ] GC(553) Pause Young (Mixed) (G1 Evacuation Pause)
[363.017s][info][gc,task     ] GC(553) Using 2 workers of 2 for evacuation
[363.021s][info][gc,phases   ] GC(553)   Pre Evacuate Collection Set: 0.28ms
[363.021s][info][gc,phases   ] GC(553)   Merge Heap Roots: 0.14ms
[363.021s][info][gc,phases   ] GC(553)   Evacuate Collection Set: 2.78ms
[363.021s][info][gc,phases   ] GC(553)   Post Evacuate Collection Set: 0.83ms
[363.021s][info][gc,phases   ] GC(553)   Other: 0.08ms
[363.021s][info][gc,heap     ] GC(553) Eden regions: 475->0(474)
[363.021s][info][gc,heap     ] GC(553) Survivor regions: 2->3(60)
[363.021s][info][gc,heap     ] GC(553) Old regions: 52->50
[363.021s][info][gc,heap     ] GC(553) Humongous regions: 207->207
[363.021s][info][gc,metaspace] GC(553) Metaspace: 57343K(57664K)->57343K(57664K) NonClass: 49057K(49280K)->49057K(49280K) Class: 8285K(8384K)->8285K(8384K)
[363.021s][info][gc          ] GC(553) Pause Young (Mixed) (G1 Evacuation Pause) 734M->258M(796M) 4.278ms
[363.021s][info][gc,cpu      ] GC(553) User=0.01s Sys=0.00s Real=0.00s
[364.162s][info][gc,start    ] GC(554) Pause Young (Concurrent Start) (G1 Evacuation Pause)
[364.162s][info][gc,task     ] GC(554) Using 2 workers of 2 for evacuation
[364.167s][info][gc,phases   ] GC(554)   Pre Evacuate Collection Set: 0.28ms
[364.167s][info][gc,phases   ] GC(554)   Merge Heap Roots: 0.14ms
[364.167s][info][gc,phases   ] GC(554)   Evacuate Collection Set: 3.46ms
[364.167s][info][gc,phases   ] GC(554)   Post Evacuate Collection Set: 0.75ms
[364.167s][info][gc,phases   ] GC(554)   Other: 0.12ms
[364.167s][info][gc,heap     ] GC(554) Eden regions: 474->0(474)
[364.167s][info][gc,heap     ] GC(554) Survivor regions: 3->3(60)
[364.167s][info][gc,heap     ] GC(554) Old regions: 50->50
[364.167s][info][gc,heap     ] GC(554) Humongous regions: 207->207
[364.167s][info][gc,metaspace] GC(554) Metaspace: 57343K(57664K)->57343K(57664K) NonClass: 49057K(49280K)->49057K(49280K) Class: 8285K(8384K)->8285K(8384K)
[364.167s][info][gc          ] GC(554) Pause Young (Concurrent Start) (G1 Evacuation Pause) 732M->259M(796M) 4.909ms
[364.167s][info][gc,cpu      ] GC(554) User=0.01s Sys=0.00s Real=0.01s
[364.167s][info][gc          ] GC(555) Concurrent Mark Cycle
[364.168s][info][gc,marking  ] GC(555) Concurrent Scan Root Regions
[364.171s][info][gc,marking  ] GC(555) Concurrent Scan Root Regions 3.619ms
[364.171s][info][gc,marking  ] GC(555) Concurrent Mark
[364.171s][info][gc,marking  ] GC(555) Concurrent Mark From Roots
[364.171s][info][gc,task     ] GC(555) Using 1 workers of 1 for marking
[364.211s][info][gc,marking  ] GC(555) Concurrent Mark From Roots 39.911ms
[364.211s][info][gc,marking  ] GC(555) Concurrent Preclean
[364.211s][info][gc,marking  ] GC(555) Concurrent Preclean 0.076ms
[364.211s][info][gc,start    ] GC(555) Pause Remark
[364.221s][info][gc          ] GC(555) Pause Remark 263M->263M(796M) 9.592ms
[364.221s][info][gc,cpu      ] GC(555) User=0.02s Sys=0.00s Real=0.01s
[364.222s][info][gc,marking  ] GC(555) Concurrent Mark 50.289ms
[364.222s][info][gc,marking  ] GC(555) Concurrent Rebuild Remembered Sets and Scrub Regions
[364.253s][info][gc,marking  ] GC(555) Concurrent Rebuild Remembered Sets and Scrub Regions 31.166ms
[364.253s][info][gc,start    ] GC(555) Pause Cleanup
[364.253s][info][gc          ] GC(555) Pause Cleanup 283M->283M(796M) 0.088ms
[364.253s][info][gc,cpu      ] GC(555) User=0.00s Sys=0.00s Real=0.00s
[364.254s][info][gc,marking  ] GC(555) Concurrent Clear Claimed Marks
[364.254s][info][gc,marking  ] GC(555) Concurrent Clear Claimed Marks 0.120ms
[364.254s][info][gc,marking  ] GC(555) Concurrent Cleanup for Next Mark
[364.262s][info][gc,marking  ] GC(555) Concurrent Cleanup for Next Mark 7.672ms
[364.262s][info][gc          ] GC(555) Concurrent Mark Cycle 94.973ms
[365.357s][info][gc,start    ] GC(556) Pause Young (Prepare Mixed) (G1 Evacuation Pause)
[365.357s][info][gc,task     ] GC(556) Using 2 workers of 2 for evacuation
[365.362s][info][gc,phases   ] GC(556)   Pre Evacuate Collection Set: 0.31ms
[365.362s][info][gc,phases   ] GC(556)   Merge Heap Roots: 0.15ms
[365.362s][info][gc,phases   ] GC(556)   Evacuate Collection Set: 4.36ms
[365.362s][info][gc,phases   ] GC(556)   Post Evacuate Collection Set: 0.77ms
[365.362s][info][gc,phases   ] GC(556)   Other: 0.09ms
[365.362s][info][gc,heap     ] GC(556) Eden regions: 474->0(473)
[365.362s][info][gc,heap     ] GC(556) Survivor regions: 3->4(60)
[365.362s][info][gc,heap     ] GC(556) Old regions: 50->50
[365.363s][info][gc,heap     ] GC(556) Humongous regions: 207->207
[365.363s][info][gc,metaspace] GC(556) Metaspace: 57343K(57664K)->57343K(57664K) NonClass: 49057K(49280K)->49057K(49280K) Class: 8285K(8384K)->8285K(8384K)
[365.363s][info][gc          ] GC(556) Pause Young (Prepare Mixed) (G1 Evacuation Pause) 733M->259M(796M) 5.918ms
[365.363s][info][gc,cpu      ] GC(556) User=0.01s Sys=0.00s Real=0.01s
[366.551s][info][gc,start    ] GC(557) Pause Young (Mixed) (G1 Evacuation Pause)
[366.551s][info][gc,task     ] GC(557) Using 2 workers of 2 for evacuation
[366.557s][info][gc,phases   ] GC(557)   Pre Evacuate Collection Set: 0.29ms
[366.557s][info][gc,phases   ] GC(557)   Merge Heap Roots: 0.13ms
[366.557s][info][gc,phases   ] GC(557)   Evacuate Collection Set: 4.65ms
[366.557s][info][gc,phases   ] GC(557)   Post Evacuate Collection Set: 0.75ms
[366.557s][info][gc,phases   ] GC(557)   Other: 0.08ms
[366.557s][info][gc,heap     ] GC(557) Eden regions: 473->0(473)
[366.557s][info][gc,heap     ] GC(557) Survivor regions: 4->4(60)
[366.557s][info][gc,heap     ] GC(557) Old regions: 50->48
[366.557s][info][gc,heap     ] GC(557) Humongous regions: 207->207
[366.557s][info][gc,metaspace] GC(557) Metaspace: 57343K(57664K)->57343K(57664K) NonClass: 49057K(49280K)->49057K(49280K) Class: 8285K(8384K)->8285K(8384K)
[366.557s][info][gc          ] GC(557) Pause Young (Mixed) (G1 Evacuation Pause) 732M->258M(796M) 6.066ms
[366.557s][info][gc,cpu      ] GC(557) User=0.01s Sys=0.00s Real=0.01s
[367.744s][info][gc,start    ] GC(558) Pause Young (Concurrent Start) (G1 Evacuation Pause)
[367.744s][info][gc,task     ] GC(558) Using 2 workers of 2 for evacuation
[367.752s][info][gc,phases   ] GC(558)   Pre Evacuate Collection Set: 0.30ms
[367.752s][info][gc,phases   ] GC(558)   Merge Heap Roots: 0.14ms
[367.752s][info][gc,phases   ] GC(558)   Evacuate Collection Set: 5.95ms
[367.752s][info][gc,phases   ] GC(558)   Post Evacuate Collection Set: 0.76ms
[367.752s][info][gc,phases   ] GC(558)   Other: 0.11ms
[367.752s][info][gc,heap     ] GC(558) Eden regions: 473->0(472)
[367.752s][info][gc,heap     ] GC(558) Survivor regions: 4->5(60)
[367.752s][info][gc,heap     ] GC(558) Old regions: 48->48
[367.752s][info][gc,heap     ] GC(558) Humongous regions: 207->207
[367.752s][info][gc,metaspace] GC(558) Metaspace: 57343K(57664K)->57343K(57664K) NonClass: 49057K(49280K)->49057K(49280K) Class: 8285K(8384K)->8285K(8384K)
[367.752s][info][gc          ] GC(558) Pause Young (Concurrent Start) (G1 Evacuation Pause) 731M->259M(796M) 7.473ms
[367.752s][info][gc          ] GC(559) Concurrent Mark Cycle
[367.752s][info][gc,marking  ] GC(559) Concurrent Scan Root Regions
[367.752s][info][gc,cpu      ] GC(558) User=0.02s Sys=0.00s Real=0.01s
[367.759s][info][gc,marking  ] GC(559) Concurrent Scan Root Regions 7.495ms
[367.759s][info][gc,marking  ] GC(559) Concurrent Mark
[367.759s][info][gc,marking  ] GC(559) Concurrent Mark From Roots
[367.759s][info][gc,task     ] GC(559) Using 1 workers of 1 for marking
[367.810s][info][gc,marking  ] GC(559) Concurrent Mark From Roots 50.600ms
[367.810s][info][gc,marking  ] GC(559) Concurrent Preclean
[367.810s][info][gc,marking  ] GC(559) Concurrent Preclean 0.099ms
[367.810s][info][gc,start    ] GC(559) Pause Remark
[367.826s][info][gc          ] GC(559) Pause Remark 271M->271M(796M) 15.520ms
[367.826s][info][gc,cpu      ] GC(559) User=0.02s Sys=0.00s Real=0.01s
[367.826s][info][gc,marking  ] GC(559) Concurrent Mark 66.955ms
[367.826s][info][gc,marking  ] GC(559) Concurrent Rebuild Remembered Sets and Scrub Regions
[367.842s][info][gc,marking  ] GC(559) Concurrent Rebuild Remembered Sets and Scrub Regions 16.193ms
[367.843s][info][gc,start    ] GC(559) Pause Cleanup
[367.843s][info][gc          ] GC(559) Pause Cleanup 276M->276M(796M) 0.073ms
[367.843s][info][gc,cpu      ] GC(559) User=0.00s Sys=0.00s Real=0.00s
[367.843s][info][gc,marking  ] GC(559) Concurrent Clear Claimed Marks
[367.843s][info][gc,marking  ] GC(559) Concurrent Clear Claimed Marks 0.129ms
[367.843s][info][gc,marking  ] GC(559) Concurrent Cleanup for Next Mark
[367.848s][info][gc,marking  ] GC(559) Concurrent Cleanup for Next Mark 5.503ms
[367.848s][info][gc          ] GC(559) Concurrent Mark Cycle 96.624ms
[368.936s][info][gc,start    ] GC(560) Pause Young (Prepare Mixed) (G1 Evacuation Pause)
[368.936s][info][gc,task     ] GC(560) Using 2 workers of 2 for evacuation
[368.943s][info][gc,phases   ] GC(560)   Pre Evacuate Collection Set: 0.29ms
[368.943s][info][gc,phases   ] GC(560)   Merge Heap Roots: 0.16ms
[368.943s][info][gc,phases   ] GC(560)   Evacuate Collection Set: 5.15ms
[368.943s][info][gc,phases   ] GC(560)   Post Evacuate Collection Set: 0.81ms
[368.943s][info][gc,phases   ] GC(560)   Other: 0.09ms
[368.943s][info][gc,heap     ] GC(560) Eden regions: 472->0(472)
[368.943s][info][gc,heap     ] GC(560) Survivor regions: 5->5(60)
[368.943s][info][gc,heap     ] GC(560) Old regions: 48->48
[368.943s][info][gc,heap     ] GC(560) Humongous regions: 207->207
[368.943s][info][gc,metaspace] GC(560) Metaspace: 57343K(57664K)->57343K(57664K) NonClass: 49057K(49280K)->49057K(49280K) Class: 8285K(8384K)->8285K(8384K)
[368.943s][info][gc          ] GC(560) Pause Young (Prepare Mixed) (G1 Evacuation Pause) 731M->259M(796M) 6.687ms
[368.943s][info][gc,cpu      ] GC(560) User=0.01s Sys=0.00s Real=0.01s
[370.133s][info][gc,start    ] GC(561) Pause Young (Mixed) (G1 Evacuation Pause)
[370.133s][info][gc,task     ] GC(561) Using 2 workers of 2 for evacuation
[370.138s][info][gc,phases   ] GC(561)   Pre Evacuate Collection Set: 0.33ms
[370.138s][info][gc,phases   ] GC(561)   Merge Heap Roots: 0.16ms
[370.138s][info][gc,phases   ] GC(561)   Evacuate Collection Set: 3.67ms
[370.138s][info][gc,phases   ] GC(561)   Post Evacuate Collection Set: 0.75ms
[370.138s][info][gc,phases   ] GC(561)   Other: 0.09ms
[370.138s][info][gc,heap     ] GC(561) Eden regions: 472->0(473)
[370.138s][info][gc,heap     ] GC(561) Survivor regions: 5->4(60)
[370.138s][info][gc,heap     ] GC(561) Old regions: 48->47
[370.138s][info][gc,heap     ] GC(561) Humongous regions: 207->207
[370.138s][info][gc,metaspace] GC(561) Metaspace: 57343K(57664K)->57343K(57664K) NonClass: 49057K(49280K)->49057K(49280K) Class: 8285K(8384K)->8285K(8384K)
[370.138s][info][gc          ] GC(561) Pause Young (Mixed) (G1 Evacuation Pause) 731M->257M(796M) 5.222ms
[370.138s][info][gc,cpu      ] GC(561) User=0.01s Sys=0.00s Real=0.01s
[371.325s][info][gc,start    ] GC(562) Pause Young (Normal) (G1 Evacuation Pause)
[371.326s][info][gc,task     ] GC(562) Using 2 workers of 2 for evacuation
[371.330s][info][gc,phases   ] GC(562)   Pre Evacuate Collection Set: 0.28ms
[371.330s][info][gc,phases   ] GC(562)   Merge Heap Roots: 0.14ms
[371.330s][info][gc,phases   ] GC(562)   Evacuate Collection Set: 3.54ms
[371.330s][info][gc,phases   ] GC(562)   Post Evacuate Collection Set: 0.76ms
[371.330s][info][gc,phases   ] GC(562)   Other: 0.10ms
[371.330s][info][gc,heap     ] GC(562) Eden regions: 473->0(473)
[371.330s][info][gc,heap     ] GC(562) Survivor regions: 4->4(60)
[371.330s][info][gc,heap     ] GC(562) Old regions: 47->47
[371.330s][info][gc,heap     ] GC(562) Humongous regions: 207->207
[371.330s][info][gc,metaspace] GC(562) Metaspace: 57343K(57664K)->57343K(57664K) NonClass: 49057K(49280K)->49057K(49280K) Class: 8285K(8384K)->8285K(8384K)
[371.330s][info][gc          ] GC(562) Pause Young (Normal) (G1 Evacuation Pause) 730M->257M(796M) 4.988ms
[371.331s][info][gc,cpu      ] GC(562) User=0.01s Sys=0.00s Real=0.01s
[372.521s][info][gc,start    ] GC(563) Pause Young (Normal) (G1 Evacuation Pause)
[372.521s][info][gc,task     ] GC(563) Using 2 workers of 2 for evacuation
[372.525s][info][gc,phases   ] GC(563)   Pre Evacuate Collection Set: 0.28ms
[372.525s][info][gc,phases   ] GC(563)   Merge Heap Roots: 0.15ms
[372.525s][info][gc,phases   ] GC(563)   Evacuate Collection Set: 3.25ms
[372.525s][info][gc,phases   ] GC(563)   Post Evacuate Collection Set: 0.80ms
[372.525s][info][gc,phases   ] GC(563)   Other: 0.09ms
[372.525s][info][gc,heap     ] GC(563) Eden regions: 473->0(474)
[372.525s][info][gc,heap     ] GC(563) Survivor regions: 4->3(60)
[372.525s][info][gc,heap     ] GC(563) Old regions: 47->47
[372.525s][info][gc,heap     ] GC(563) Humongous regions: 207->207
[372.525s][info][gc,metaspace] GC(563) Metaspace: 57343K(57664K)->57343K(57664K) NonClass: 49057K(49280K)->49057K(49280K) Class: 8285K(8384K)->8285K(8384K)
[372.525s][info][gc          ] GC(563) Pause Young (Normal) (G1 Evacuation Pause) 730M->256M(796M) 4.765ms
[372.525s][info][gc,cpu      ] GC(563) User=0.01s Sys=0.00s Real=0.00s
[373.819s][info][gc,start    ] GC(564) Pause Young (Normal) (G1 Evacuation Pause)
[373.819s][info][gc,task     ] GC(564) Using 2 workers of 2 for evacuation
[373.823s][info][gc,phases   ] GC(564)   Pre Evacuate Collection Set: 0.27ms
[373.823s][info][gc,phases   ] GC(564)   Merge Heap Roots: 0.15ms
[373.823s][info][gc,phases   ] GC(564)   Evacuate Collection Set: 2.66ms
[373.823s][info][gc,phases   ] GC(564)   Post Evacuate Collection Set: 1.01ms
[373.823s][info][gc,phases   ] GC(564)   Other: 0.08ms
[373.823s][info][gc,heap     ] GC(564) Eden regions: 474->0(474)
[373.823s][info][gc,heap     ] GC(564) Survivor regions: 3->3(60)
[373.823s][info][gc,heap     ] GC(564) Old regions: 47->47
[373.823s][info][gc,heap     ] GC(564) Humongous regions: 207->207
[373.823s][info][gc,metaspace] GC(564) Metaspace: 57343K(57664K)->57343K(57664K) NonClass: 49057K(49280K)->49057K(49280K) Class: 8285K(8384K)->8285K(8384K)
[373.823s][info][gc          ] GC(564) Pause Young (Normal) (G1 Evacuation Pause) 730M->256M(796M) 4.328ms
[373.823s][info][gc,cpu      ] GC(564) User=0.01s Sys=0.00s Real=0.00s
[375.017s][info][gc,start    ] GC(565) Pause Young (Normal) (G1 Evacuation Pause)
[375.017s][info][gc,task     ] GC(565) Using 2 workers of 2 for evacuation
[375.021s][info][gc,phases   ] GC(565)   Pre Evacuate Collection Set: 0.30ms
[375.021s][info][gc,phases   ] GC(565)   Merge Heap Roots: 0.15ms
[375.021s][info][gc,phases   ] GC(565)   Evacuate Collection Set: 2.47ms
[375.021s][info][gc,phases   ] GC(565)   Post Evacuate Collection Set: 0.74ms
[375.021s][info][gc,phases   ] GC(565)   Other: 0.09ms
[375.021s][info][gc,heap     ] GC(565) Eden regions: 474->0(474)
[375.021s][info][gc,heap     ] GC(565) Survivor regions: 3->3(60)
[375.021s][info][gc,heap     ] GC(565) Old regions: 47->47
[375.021s][info][gc,heap     ] GC(565) Humongous regions: 207->207
[375.021s][info][gc,metaspace] GC(565) Metaspace: 57343K(57664K)->57343K(57664K) NonClass: 49057K(49280K)->49057K(49280K) Class: 8285K(8384K)->8285K(8384K)
[375.021s][info][gc          ] GC(565) Pause Young (Normal) (G1 Evacuation Pause) 730M->255M(796M) 3.937ms
[375.021s][info][gc,cpu      ] GC(565) User=0.00s Sys=0.00s Real=0.00s
[376.162s][info][gc,start    ] GC(566) Pause Young (Normal) (G1 Evacuation Pause)
[376.162s][info][gc,task     ] GC(566) Using 2 workers of 2 for evacuation
[376.167s][info][gc,phases   ] GC(566)   Pre Evacuate Collection Set: 0.29ms
[376.167s][info][gc,phases   ] GC(566)   Merge Heap Roots: 0.15ms
[376.167s][info][gc,phases   ] GC(566)   Evacuate Collection Set: 3.69ms
[376.167s][info][gc,phases   ] GC(566)   Post Evacuate Collection Set: 0.74ms
[376.167s][info][gc,phases   ] GC(566)   Other: 0.09ms
[376.167s][info][gc,heap     ] GC(566) Eden regions: 474->0(473)
[376.167s][info][gc,heap     ] GC(566) Survivor regions: 3->4(60)
[376.167s][info][gc,heap     ] GC(566) Old regions: 47->47
[376.167s][info][gc,heap     ] GC(566) Humongous regions: 207->207
[376.167s][info][gc,metaspace] GC(566) Metaspace: 57345K(57664K)->57345K(57664K) NonClass: 49059K(49280K)->49059K(49280K) Class: 8285K(8384K)->8285K(8384K)
[376.167s][info][gc          ] GC(566) Pause Young (Normal) (G1 Evacuation Pause) 729M->256M(796M) 5.174ms
[376.167s][info][gc,cpu      ] GC(566) User=0.01s Sys=0.00s Real=0.01s
[377.385s][info][gc,start    ] GC(567) Pause Young (Normal) (G1 Evacuation Pause)
[377.385s][info][gc,task     ] GC(567) Using 2 workers of 2 for evacuation
[377.419s][info][gc,phases   ] GC(567)   Pre Evacuate Collection Set: 4.45ms
[377.419s][info][gc,phases   ] GC(567)   Merge Heap Roots: 0.30ms
[377.419s][info][gc,phases   ] GC(567)   Evacuate Collection Set: 28.03ms
[377.419s][info][gc,phases   ] GC(567)   Post Evacuate Collection Set: 1.30ms
[377.419s][info][gc,phases   ] GC(567)   Other: 0.11ms
[377.419s][info][gc,heap     ] GC(567) Eden regions: 473->0(472)
[377.419s][info][gc,heap     ] GC(567) Survivor regions: 4->5(60)
[377.419s][info][gc,heap     ] GC(567) Old regions: 47->47
[377.419s][info][gc,heap     ] GC(567) Humongous regions: 207->207
[377.420s][info][gc,metaspace] GC(567) Metaspace: 57345K(57664K)->57345K(57664K) NonClass: 49059K(49280K)->49059K(49280K) Class: 8285K(8384K)->8285K(8384K)
[377.420s][info][gc          ] GC(567) Pause Young (Normal) (G1 Evacuation Pause) 729M->258M(796M) 34.403ms
[377.420s][info][gc,cpu      ] GC(567) User=0.03s Sys=0.00s Real=0.04s
[378.562s][info][gc,start    ] GC(568) Pause Young (Normal) (G1 Evacuation Pause)
[378.562s][info][gc,task     ] GC(568) Using 2 workers of 2 for evacuation
[378.568s][info][gc,phases   ] GC(568)   Pre Evacuate Collection Set: 0.32ms
[378.568s][info][gc,phases   ] GC(568)   Merge Heap Roots: 0.16ms
[378.568s][info][gc,phases   ] GC(568)   Evacuate Collection Set: 4.64ms
[378.568s][info][gc,phases   ] GC(568)   Post Evacuate Collection Set: 0.81ms
[378.568s][info][gc,phases   ] GC(568)   Other: 0.14ms
[378.568s][info][gc,heap     ] GC(568) Eden regions: 472->0(472)
[378.568s][info][gc,heap     ] GC(568) Survivor regions: 5->5(60)
[378.568s][info][gc,heap     ] GC(568) Old regions: 47->47
[378.568s][info][gc,heap     ] GC(568) Humongous regions: 207->207
[378.568s][info][gc,metaspace] GC(568) Metaspace: 57345K(57664K)->57345K(57664K) NonClass: 49059K(49280K)->49059K(49280K) Class: 8285K(8384K)->8285K(8384K)
[378.568s][info][gc          ] GC(568) Pause Young (Normal) (G1 Evacuation Pause) 730M->257M(796M) 6.295ms
[378.568s][info][gc,cpu      ] GC(568) User=0.01s Sys=0.00s Real=0.01s
[379.737s][info][gc,start    ] GC(569) Pause Young (Normal) (G1 Evacuation Pause)
[379.737s][info][gc,task     ] GC(569) Using 2 workers of 2 for evacuation
[379.743s][info][gc,phases   ] GC(569)   Pre Evacuate Collection Set: 0.30ms
[379.743s][info][gc,phases   ] GC(569)   Merge Heap Roots: 0.14ms
[379.743s][info][gc,phases   ] GC(569)   Evacuate Collection Set: 4.43ms
[379.743s][info][gc,phases   ] GC(569)   Post Evacuate Collection Set: 0.79ms
[379.743s][info][gc,phases   ] GC(569)   Other: 0.08ms
[379.743s][info][gc,heap     ] GC(569) Eden regions: 472->0(473)
[379.743s][info][gc,heap     ] GC(569) Survivor regions: 5->4(60)
[379.743s][info][gc,heap     ] GC(569) Old regions: 47->47
[379.743s][info][gc,heap     ] GC(569) Humongous regions: 207->207
[379.743s][info][gc,metaspace] GC(569) Metaspace: 57345K(57664K)->57345K(57664K) NonClass: 49059K(49280K)->49059K(49280K) Class: 8285K(8384K)->8285K(8384K)
[379.743s][info][gc          ] GC(569) Pause Young (Normal) (G1 Evacuation Pause) 729M->257M(796M) 5.932ms
[379.743s][info][gc,cpu      ] GC(569) User=0.01s Sys=0.00s Real=0.00s
[380.935s][info][gc,start    ] GC(570) Pause Young (Normal) (G1 Evacuation Pause)
[380.935s][info][gc,task     ] GC(570) Using 2 workers of 2 for evacuation
[380.939s][info][gc,phases   ] GC(570)   Pre Evacuate Collection Set: 0.28ms
[380.939s][info][gc,phases   ] GC(570)   Merge Heap Roots: 0.14ms
[380.939s][info][gc,phases   ] GC(570)   Evacuate Collection Set: 3.39ms
[380.939s][info][gc,phases   ] GC(570)   Post Evacuate Collection Set: 0.79ms
[380.939s][info][gc,phases   ] GC(570)   Other: 0.11ms
[380.939s][info][gc,heap     ] GC(570) Eden regions: 473->0(475)
[380.939s][info][gc,heap     ] GC(570) Survivor regions: 4->2(60)
[380.939s][info][gc,heap     ] GC(570) Old regions: 47->49
[380.939s][info][gc,heap     ] GC(570) Humongous regions: 207->207
[380.939s][info][gc,metaspace] GC(570) Metaspace: 57345K(57664K)->57345K(57664K) NonClass: 49059K(49280K)->49059K(49280K) Class: 8285K(8384K)->8285K(8384K)
[380.940s][info][gc          ] GC(570) Pause Young (Normal) (G1 Evacuation Pause) 730M->256M(796M) 4.933ms
[380.940s][info][gc,cpu      ] GC(570) User=0.01s Sys=0.00s Real=0.01s
[382.131s][info][gc,start    ] GC(571) Pause Young (Normal) (G1 Evacuation Pause)
[382.131s][info][gc,task     ] GC(571) Using 2 workers of 2 for evacuation
[382.136s][info][gc,phases   ] GC(571)   Pre Evacuate Collection Set: 0.32ms
[382.136s][info][gc,phases   ] GC(571)   Merge Heap Roots: 0.15ms
[382.136s][info][gc,phases   ] GC(571)   Evacuate Collection Set: 3.86ms
[382.136s][info][gc,phases   ] GC(571)   Post Evacuate Collection Set: 0.76ms
[382.136s][info][gc,phases   ] GC(571)   Other: 0.09ms
[382.136s][info][gc,heap     ] GC(571) Eden regions: 475->0(474)
[382.136s][info][gc,heap     ] GC(571) Survivor regions: 2->3(60)
[382.136s][info][gc,heap     ] GC(571) Old regions: 49->49
[382.136s][info][gc,heap     ] GC(571) Humongous regions: 207->207
[382.136s][info][gc,metaspace] GC(571) Metaspace: 57345K(57664K)->57345K(57664K) NonClass: 49059K(49280K)->49059K(49280K) Class: 8285K(8384K)->8285K(8384K)
[382.136s][info][gc          ] GC(571) Pause Young (Normal) (G1 Evacuation Pause) 731M->257M(796M) 5.429ms
[382.136s][info][gc,cpu      ] GC(571) User=0.01s Sys=0.00s Real=0.00s
[382.959s][info][gc,start    ] GC(572) Pause Young (Concurrent Start) (G1 Humongous Allocation)
[382.959s][info][gc,task     ] GC(572) Using 2 workers of 2 for evacuation
[382.962s][info][gc,phases   ] GC(572)   Pre Evacuate Collection Set: 0.29ms
[382.962s][info][gc,phases   ] GC(572)   Merge Heap Roots: 0.11ms
[382.962s][info][gc,phases   ] GC(572)   Evacuate Collection Set: 2.25ms
[382.962s][info][gc,phases   ] GC(572)   Post Evacuate Collection Set: 0.68ms
[382.962s][info][gc,phases   ] GC(572)   Other: 0.12ms
[382.962s][info][gc,heap     ] GC(572) Eden regions: 311->0(476)
[382.962s][info][gc,heap     ] GC(572) Survivor regions: 3->1(60)
[382.962s][info][gc,heap     ] GC(572) Old regions: 49->49
[382.962s][info][gc,heap     ] GC(572) Humongous regions: 207->207
[382.962s][info][gc,metaspace] GC(572) Metaspace: 57352K(57728K)->57352K(57728K) NonClass: 49067K(49344K)->49067K(49344K) Class: 8285K(8384K)->8285K(8384K)
[382.962s][info][gc          ] GC(572) Pause Young (Concurrent Start) (G1 Humongous Allocation) 568M->255M(796M) 3.650ms
[382.962s][info][gc          ] GC(573) Concurrent Undo Cycle
[382.962s][info][gc,marking  ] GC(573) Concurrent Clear Claimed Marks
[382.962s][info][gc,marking  ] GC(573) Concurrent Clear Claimed Marks 0.079ms
[382.962s][info][gc,marking  ] GC(573) Concurrent Cleanup for Next Mark
[382.962s][info][gc,cpu      ] GC(572) User=0.01s Sys=0.00s Real=0.00s
[382.963s][info][gc,marking  ] GC(573) Concurrent Cleanup for Next Mark 0.784ms
[382.963s][info][gc          ] GC(573) Concurrent Undo Cycle 0.929ms
[383.101s][info][gc,start    ] GC(574) Pause Young (Concurrent Start) (G1 Humongous Allocation)
[383.101s][info][gc,task     ] GC(574) Using 2 workers of 2 for evacuation
[383.104s][info][gc,phases   ] GC(574)   Pre Evacuate Collection Set: 0.30ms
[383.104s][info][gc,phases   ] GC(574)   Merge Heap Roots: 0.07ms
[383.104s][info][gc,phases   ] GC(574)   Evacuate Collection Set: 2.01ms
[383.104s][info][gc,phases   ] GC(574)   Post Evacuate Collection Set: 0.40ms
[383.104s][info][gc,phases   ] GC(574)   Other: 0.09ms
[383.104s][info][gc,heap     ] GC(574) Eden regions: 2->0(458)
[383.104s][info][gc,heap     ] GC(574) Survivor regions: 1->1(60)
[383.104s][info][gc,heap     ] GC(574) Old regions: 49->49
[383.104s][info][gc,heap     ] GC(574) Humongous regions: 246->246
[383.104s][info][gc,metaspace] GC(574) Metaspace: 57352K(57728K)->57352K(57728K) NonClass: 49067K(49344K)->49067K(49344K) Class: 8285K(8384K)->8285K(8384K)
[383.104s][info][gc          ] GC(574) Pause Young (Concurrent Start) (G1 Humongous Allocation) 296M->294M(796M) 3.087ms
[383.104s][info][gc          ] GC(575) Concurrent Mark Cycle
[383.104s][info][gc,marking  ] GC(575) Concurrent Scan Root Regions
[383.104s][info][gc,cpu      ] GC(574) User=0.00s Sys=0.00s Real=0.00s
[383.106s][info][gc,marking  ] GC(575) Concurrent Scan Root Regions 1.958ms
[383.106s][info][gc,marking  ] GC(575) Concurrent Mark
[383.106s][info][gc,marking  ] GC(575) Concurrent Mark From Roots
[383.106s][info][gc,task     ] GC(575) Using 1 workers of 1 for marking
[383.146s][info][gc,marking  ] GC(575) Concurrent Mark From Roots 40.387ms
[383.146s][info][gc,marking  ] GC(575) Concurrent Preclean
[383.146s][info][gc,marking  ] GC(575) Concurrent Preclean 0.072ms
[383.146s][info][gc,start    ] GC(575) Pause Remark
[383.156s][info][gc          ] GC(575) Pause Remark 333M->333M(796M) 9.852ms
[383.156s][info][gc,cpu      ] GC(575) User=0.02s Sys=0.00s Real=0.01s
[383.157s][info][gc,marking  ] GC(575) Concurrent Mark 50.966ms
[383.157s][info][gc,marking  ] GC(575) Concurrent Rebuild Remembered Sets and Scrub Regions
[383.175s][info][gc,marking  ] GC(575) Concurrent Rebuild Remembered Sets and Scrub Regions 18.101ms
[383.175s][info][gc,start    ] GC(575) Pause Cleanup
[383.175s][info][gc          ] GC(575) Pause Cleanup 333M->333M(796M) 0.071ms
[383.175s][info][gc,cpu      ] GC(575) User=0.00s Sys=0.00s Real=0.00s
[383.175s][info][gc,marking  ] GC(575) Concurrent Clear Claimed Marks
[383.175s][info][gc,marking  ] GC(575) Concurrent Clear Claimed Marks 0.086ms
[383.175s][info][gc,marking  ] GC(575) Concurrent Cleanup for Next Mark
[383.178s][info][gc,marking  ] GC(575) Concurrent Cleanup for Next Mark 2.335ms
[383.178s][info][gc          ] GC(575) Concurrent Mark Cycle 73.857ms
[386.732s][info][gc,start    ] GC(576) Pause Young (Prepare Mixed) (G1 Evacuation Pause)
[386.733s][info][gc,task     ] GC(576) Using 2 workers of 2 for evacuation
[386.747s][info][gc,phases   ] GC(576)   Pre Evacuate Collection Set: 0.34ms
[386.747s][info][gc,phases   ] GC(576)   Merge Heap Roots: 0.16ms
[386.747s][info][gc,phases   ] GC(576)   Evacuate Collection Set: 13.15ms
[386.747s][info][gc,phases   ] GC(576)   Post Evacuate Collection Set: 0.89ms
[386.747s][info][gc,phases   ] GC(576)   Other: 0.09ms
[386.747s][info][gc,heap     ] GC(576) Eden regions: 383->0(472)
[386.747s][info][gc,heap     ] GC(576) Survivor regions: 1->14(58)
[386.747s][info][gc,heap     ] GC(576) Old regions: 49->49
[386.747s][info][gc,heap     ] GC(576) Humongous regions: 363->207
[386.747s][info][gc,metaspace] GC(576) Metaspace: 57459K(57792K)->57459K(57792K) NonClass: 49172K(49408K)->49172K(49408K) Class: 8286K(8384K)->8286K(8384K)
[386.747s][info][gc          ] GC(576) Pause Young (Prepare Mixed) (G1 Evacuation Pause) 794M->268M(810M) 14.859ms
[386.747s][info][gc,cpu      ] GC(576) User=0.01s Sys=0.01s Real=0.02s
[387.925s][info][gc,start    ] GC(577) Pause Young (Mixed) (G1 Evacuation Pause)
[387.925s][info][gc,task     ] GC(577) Using 2 workers of 2 for evacuation
[387.933s][info][gc,phases   ] GC(577)   Pre Evacuate Collection Set: 0.29ms
[387.933s][info][gc,phases   ] GC(577)   Merge Heap Roots: 0.17ms
[387.933s][info][gc,phases   ] GC(577)   Evacuate Collection Set: 6.72ms
[387.933s][info][gc,phases   ] GC(577)   Post Evacuate Collection Set: 0.85ms
[387.933s][info][gc,phases   ] GC(577)   Other: 0.09ms
[387.933s][info][gc,heap     ] GC(577) Eden regions: 472->0(472)
[387.933s][info][gc,heap     ] GC(577) Survivor regions: 14->14(61)
[387.933s][info][gc,heap     ] GC(577) Old regions: 49->48
[387.933s][info][gc,heap     ] GC(577) Humongous regions: 207->207
[387.933s][info][gc,metaspace] GC(577) Metaspace: 57459K(57792K)->57459K(57792K) NonClass: 49172K(49408K)->49172K(49408K) Class: 8286K(8384K)->8286K(8384K)
[387.933s][info][gc          ] GC(577) Pause Young (Mixed) (G1 Evacuation Pause) 740M->267M(810M) 8.352ms
[387.933s][info][gc,cpu      ] GC(577) User=0.01s Sys=0.00s Real=0.01s
[389.116s][info][gc,start    ] GC(578) Pause Young (Concurrent Start) (G1 Evacuation Pause)
[389.116s][info][gc,task     ] GC(578) Using 2 workers of 2 for evacuation
[389.124s][info][gc,phases   ] GC(578)   Pre Evacuate Collection Set: 0.32ms
[389.124s][info][gc,phases   ] GC(578)   Merge Heap Roots: 0.15ms
[389.124s][info][gc,phases   ] GC(578)   Evacuate Collection Set: 5.95ms
[389.124s][info][gc,phases   ] GC(578)   Post Evacuate Collection Set: 0.80ms
[389.124s][info][gc,phases   ] GC(578)   Other: 0.14ms
[389.124s][info][gc,heap     ] GC(578) Eden regions: 472->0(473)
[389.124s][info][gc,heap     ] GC(578) Survivor regions: 14->13(61)
[389.124s][info][gc,heap     ] GC(578) Old regions: 48->48
[389.124s][info][gc,heap     ] GC(578) Humongous regions: 207->207
[389.124s][info][gc,metaspace] GC(578) Metaspace: 57459K(57792K)->57459K(57792K) NonClass: 49172K(49408K)->49172K(49408K) Class: 8286K(8384K)->8286K(8384K)
[389.124s][info][gc          ] GC(578) Pause Young (Concurrent Start) (G1 Evacuation Pause) 739M->267M(810M) 7.564ms
[389.124s][info][gc          ] GC(579) Concurrent Mark Cycle
[389.124s][info][gc,marking  ] GC(579) Concurrent Scan Root Regions
[389.125s][info][gc,cpu      ] GC(578) User=0.02s Sys=0.00s Real=0.01s
[389.131s][info][gc,marking  ] GC(579) Concurrent Scan Root Regions 6.646ms
[389.131s][info][gc,marking  ] GC(579) Concurrent Mark
[389.131s][info][gc,marking  ] GC(579) Concurrent Mark From Roots
[389.131s][info][gc,task     ] GC(579) Using 1 workers of 1 for marking
[389.193s][info][gc,marking  ] GC(579) Concurrent Mark From Roots 62.767ms
[389.193s][info][gc,marking  ] GC(579) Concurrent Preclean
[389.193s][info][gc,marking  ] GC(579) Concurrent Preclean 0.057ms
[389.194s][info][gc,start    ] GC(579) Pause Remark
[389.204s][info][gc          ] GC(579) Pause Remark 305M->305M(810M) 10.074ms
[389.204s][info][gc,cpu      ] GC(579) User=0.02s Sys=0.00s Real=0.01s
[389.204s][info][gc,marking  ] GC(579) Concurrent Mark 73.157ms
[389.204s][info][gc,marking  ] GC(579) Concurrent Rebuild Remembered Sets and Scrub Regions
[389.230s][info][gc,marking  ] GC(579) Concurrent Rebuild Remembered Sets and Scrub Regions 25.941ms
[389.230s][info][gc,start    ] GC(579) Pause Cleanup
[389.230s][info][gc          ] GC(579) Pause Cleanup 317M->317M(810M) 0.096ms
[389.230s][info][gc,cpu      ] GC(579) User=0.00s Sys=0.00s Real=0.00s
[389.231s][info][gc,marking  ] GC(579) Concurrent Clear Claimed Marks
[389.231s][info][gc,marking  ] GC(579) Concurrent Clear Claimed Marks 0.099ms
[389.231s][info][gc,marking  ] GC(579) Concurrent Cleanup for Next Mark
[389.235s][info][gc,marking  ] GC(579) Concurrent Cleanup for Next Mark 4.126ms
[389.235s][info][gc          ] GC(579) Concurrent Mark Cycle 110.888ms
[390.264s][info][gc,start    ] GC(580) Pause Young (Prepare Mixed) (G1 Evacuation Pause)
[390.264s][info][gc,task     ] GC(580) Using 2 workers of 2 for evacuation
[390.272s][info][gc,phases   ] GC(580)   Pre Evacuate Collection Set: 0.27ms
[390.272s][info][gc,phases   ] GC(580)   Merge Heap Roots: 0.16ms
[390.272s][info][gc,phases   ] GC(580)   Evacuate Collection Set: 7.03ms
[390.272s][info][gc,phases   ] GC(580)   Post Evacuate Collection Set: 0.85ms
[390.272s][info][gc,phases   ] GC(580)   Other: 0.10ms
[390.272s][info][gc,heap     ] GC(580) Eden regions: 473->0(472)
[390.272s][info][gc,heap     ] GC(580) Survivor regions: 13->14(61)
[390.272s][info][gc,heap     ] GC(580) Old regions: 48->48
[390.272s][info][gc,heap     ] GC(580) Humongous regions: 207->207
[390.272s][info][gc,metaspace] GC(580) Metaspace: 57459K(57792K)->57459K(57792K) NonClass: 49172K(49408K)->49172K(49408K) Class: 8286K(8384K)->8286K(8384K)
[390.272s][info][gc          ] GC(580) Pause Young (Prepare Mixed) (G1 Evacuation Pause) 740M->268M(810M) 8.593ms
[390.272s][info][gc,cpu      ] GC(580) User=0.02s Sys=0.00s Real=0.01s
[391.450s][info][gc,start    ] GC(581) Pause Young (Mixed) (G1 Evacuation Pause)
[391.450s][info][gc,task     ] GC(581) Using 2 workers of 2 for evacuation
[391.461s][info][gc,phases   ] GC(581)   Pre Evacuate Collection Set: 0.28ms
[391.461s][info][gc,phases   ] GC(581)   Merge Heap Roots: 0.18ms
[391.461s][info][gc,phases   ] GC(581)   Evacuate Collection Set: 9.40ms
[391.461s][info][gc,phases   ] GC(581)   Post Evacuate Collection Set: 0.90ms
[391.461s][info][gc,phases   ] GC(581)   Other: 0.08ms
[391.461s][info][gc,heap     ] GC(581) Eden regions: 472->0(471)
[391.461s][info][gc,heap     ] GC(581) Survivor regions: 14->15(61)
[391.461s][info][gc,heap     ] GC(581) Old regions: 48->47
[391.461s][info][gc,heap     ] GC(581) Humongous regions: 207->207
[391.461s][info][gc,metaspace] GC(581) Metaspace: 57459K(57792K)->57459K(57792K) NonClass: 49172K(49408K)->49172K(49408K) Class: 8286K(8384K)->8286K(8384K)
[391.461s][info][gc          ] GC(581) Pause Young (Mixed) (G1 Evacuation Pause) 740M->267M(810M) 11.075ms
[391.461s][info][gc,cpu      ] GC(581) User=0.02s Sys=0.00s Real=0.01s
[392.643s][info][gc,start    ] GC(582) Pause Young (Concurrent Start) (G1 Evacuation Pause)
[392.643s][info][gc,task     ] GC(582) Using 2 workers of 2 for evacuation
[392.654s][info][gc,phases   ] GC(582)   Pre Evacuate Collection Set: 0.32ms
[392.654s][info][gc,phases   ] GC(582)   Merge Heap Roots: 0.16ms
[392.654s][info][gc,phases   ] GC(582)   Evacuate Collection Set: 9.03ms
[392.654s][info][gc,phases   ] GC(582)   Post Evacuate Collection Set: 0.82ms
[392.654s][info][gc,phases   ] GC(582)   Other: 0.11ms
[392.654s][info][gc,heap     ] GC(582) Eden regions: 471->0(470)
[392.654s][info][gc,heap     ] GC(582) Survivor regions: 15->16(61)
[392.654s][info][gc,heap     ] GC(582) Old regions: 47->47
[392.654s][info][gc,heap     ] GC(582) Humongous regions: 207->207
[392.654s][info][gc,metaspace] GC(582) Metaspace: 57459K(57792K)->57459K(57792K) NonClass: 49172K(49408K)->49172K(49408K) Class: 8286K(8384K)->8286K(8384K)
[392.654s][info][gc          ] GC(582) Pause Young (Concurrent Start) (G1 Evacuation Pause) 738M->268M(810M) 10.646ms
[392.654s][info][gc,cpu      ] GC(582) User=0.03s Sys=0.00s Real=0.01s
[392.654s][info][gc          ] GC(583) Concurrent Mark Cycle
[392.654s][info][gc,marking  ] GC(583) Concurrent Scan Root Regions
[392.666s][info][gc,marking  ] GC(583) Concurrent Scan Root Regions 11.840ms
[392.666s][info][gc,marking  ] GC(583) Concurrent Mark
[392.666s][info][gc,marking  ] GC(583) Concurrent Mark From Roots
[392.666s][info][gc,task     ] GC(583) Using 1 workers of 1 for marking
[392.705s][info][gc,marking  ] GC(583) Concurrent Mark From Roots 39.029ms
[392.705s][info][gc,marking  ] GC(583) Concurrent Preclean
[392.705s][info][gc,marking  ] GC(583) Concurrent Preclean 0.055ms
[392.705s][info][gc,start    ] GC(583) Pause Remark
[392.715s][info][gc          ] GC(583) Pause Remark 285M->285M(810M) 10.048ms
[392.715s][info][gc,cpu      ] GC(583) User=0.02s Sys=0.00s Real=0.01s
[392.716s][info][gc,marking  ] GC(583) Concurrent Mark 49.606ms
[392.716s][info][gc,marking  ] GC(583) Concurrent Rebuild Remembered Sets and Scrub Regions
[392.735s][info][gc,marking  ] GC(583) Concurrent Rebuild Remembered Sets and Scrub Regions 19.683ms
[392.735s][info][gc,start    ] GC(583) Pause Cleanup
[392.736s][info][gc          ] GC(583) Pause Cleanup 297M->297M(810M) 0.080ms
[392.736s][info][gc,cpu      ] GC(583) User=0.00s Sys=0.00s Real=0.00s
[392.737s][info][gc,marking  ] GC(583) Concurrent Clear Claimed Marks
[392.737s][info][gc,marking  ] GC(583) Concurrent Clear Claimed Marks 0.098ms
[392.737s][info][gc,marking  ] GC(583) Concurrent Cleanup for Next Mark
[392.739s][info][gc,marking  ] GC(583) Concurrent Cleanup for Next Mark 2.691ms
[392.739s][info][gc          ] GC(583) Concurrent Mark Cycle 85.327ms
[393.841s][info][gc,start    ] GC(584) Pause Young (Prepare Mixed) (G1 Evacuation Pause)
[393.841s][info][gc,task     ] GC(584) Using 2 workers of 2 for evacuation
[393.851s][info][gc,phases   ] GC(584)   Pre Evacuate Collection Set: 0.31ms
[393.851s][info][gc,phases   ] GC(584)   Merge Heap Roots: 0.17ms
[393.851s][info][gc,phases   ] GC(584)   Evacuate Collection Set: 7.72ms
[393.851s][info][gc,phases   ] GC(584)   Post Evacuate Collection Set: 0.86ms
[393.851s][info][gc,phases   ] GC(584)   Other: 0.09ms
[393.851s][info][gc,heap     ] GC(584) Eden regions: 470->0(471)
[393.851s][info][gc,heap     ] GC(584) Survivor regions: 16->15(61)
[393.851s][info][gc,heap     ] GC(584) Old regions: 47->47
[393.851s][info][gc,heap     ] GC(584) Humongous regions: 207->207
[393.851s][info][gc,metaspace] GC(584) Metaspace: 57459K(57792K)->57459K(57792K) NonClass: 49172K(49408K)->49172K(49408K) Class: 8286K(8384K)->8286K(8384K)
[393.851s][info][gc          ] GC(584) Pause Young (Prepare Mixed) (G1 Evacuation Pause) 738M->267M(810M) 9.385ms
[393.851s][info][gc,cpu      ] GC(584) User=0.02s Sys=0.00s Real=0.01s
[395.029s][info][gc,start    ] GC(585) Pause Young (Mixed) (G1 Evacuation Pause)
[395.029s][info][gc,task     ] GC(585) Using 2 workers of 2 for evacuation
[395.039s][info][gc,phases   ] GC(585)   Pre Evacuate Collection Set: 0.29ms
[395.039s][info][gc,phases   ] GC(585)   Merge Heap Roots: 0.15ms
[395.039s][info][gc,phases   ] GC(585)   Evacuate Collection Set: 8.33ms
[395.039s][info][gc,phases   ] GC(585)   Post Evacuate Collection Set: 0.83ms
[395.039s][info][gc,phases   ] GC(585)   Other: 0.08ms
[395.039s][info][gc,heap     ] GC(585) Eden regions: 471->0(472)
[395.039s][info][gc,heap     ] GC(585) Survivor regions: 15->14(61)
[395.039s][info][gc,heap     ] GC(585) Old regions: 47->46
[395.039s][info][gc,heap     ] GC(585) Humongous regions: 207->207
[395.039s][info][gc,metaspace] GC(585) Metaspace: 57459K(57792K)->57459K(57792K) NonClass: 49172K(49408K)->49172K(49408K) Class: 8286K(8384K)->8286K(8384K)
[395.039s][info][gc          ] GC(585) Pause Young (Mixed) (G1 Evacuation Pause) 738M->266M(810M) 9.874ms
[395.039s][info][gc,cpu      ] GC(585) User=0.01s Sys=0.00s Real=0.01s
[396.220s][info][gc,start    ] GC(586) Pause Young (Concurrent Start) (G1 Evacuation Pause)
[396.220s][info][gc,task     ] GC(586) Using 2 workers of 2 for evacuation
[396.227s][info][gc,phases   ] GC(586)   Pre Evacuate Collection Set: 0.28ms
[396.227s][info][gc,phases   ] GC(586)   Merge Heap Roots: 0.14ms
[396.227s][info][gc,phases   ] GC(586)   Evacuate Collection Set: 6.19ms
[396.227s][info][gc,phases   ] GC(586)   Post Evacuate Collection Set: 0.81ms
[396.227s][info][gc,phases   ] GC(586)   Other: 0.10ms
[396.227s][info][gc,heap     ] GC(586) Eden regions: 472->0(472)
[396.227s][info][gc,heap     ] GC(586) Survivor regions: 14->14(61)
[396.228s][info][gc,heap     ] GC(586) Old regions: 46->46
[396.228s][info][gc,heap     ] GC(586) Humongous regions: 207->207
[396.228s][info][gc,metaspace] GC(586) Metaspace: 57460K(57792K)->57460K(57792K) NonClass: 49173K(49408K)->49173K(49408K) Class: 8286K(8384K)->8286K(8384K)
[396.228s][info][gc          ] GC(586) Pause Young (Concurrent Start) (G1 Evacuation Pause) 738M->266M(810M) 7.696ms
[396.228s][info][gc,cpu      ] GC(586) User=0.01s Sys=0.00s Real=0.01s
[396.228s][info][gc          ] GC(587) Concurrent Mark Cycle
[396.228s][info][gc,marking  ] GC(587) Concurrent Scan Root Regions
[396.237s][info][gc,marking  ] GC(587) Concurrent Scan Root Regions 8.670ms
[396.237s][info][gc,marking  ] GC(587) Concurrent Mark
[396.237s][info][gc,marking  ] GC(587) Concurrent Mark From Roots
[396.237s][info][gc,task     ] GC(587) Using 1 workers of 1 for marking
[396.297s][info][gc,marking  ] GC(587) Concurrent Mark From Roots 60.049ms
[396.297s][info][gc,marking  ] GC(587) Concurrent Preclean
[396.297s][info][gc,marking  ] GC(587) Concurrent Preclean 0.082ms
[396.297s][info][gc,start    ] GC(587) Pause Remark
[396.307s][info][gc          ] GC(587) Pause Remark 303M->303M(810M) 9.742ms
[396.307s][info][gc,cpu      ] GC(587) User=0.02s Sys=0.00s Real=0.00s
[396.307s][info][gc,marking  ] GC(587) Concurrent Mark 70.145ms
[396.307s][info][gc,marking  ] GC(587) Concurrent Rebuild Remembered Sets and Scrub Regions
[396.330s][info][gc,marking  ] GC(587) Concurrent Rebuild Remembered Sets and Scrub Regions 22.985ms
[396.330s][info][gc,start    ] GC(587) Pause Cleanup
[396.330s][info][gc          ] GC(587) Pause Cleanup 314M->314M(810M) 0.076ms
[396.330s][info][gc,cpu      ] GC(587) User=0.00s Sys=0.00s Real=0.00s
[396.330s][info][gc,marking  ] GC(587) Concurrent Clear Claimed Marks
[396.330s][info][gc,marking  ] GC(587) Concurrent Clear Claimed Marks 0.084ms
[396.330s][info][gc,marking  ] GC(587) Concurrent Cleanup for Next Mark
[396.336s][info][gc,marking  ] GC(587) Concurrent Cleanup for Next Mark 6.354ms
[396.336s][info][gc          ] GC(587) Concurrent Mark Cycle 108.663ms
[397.362s][info][gc,start    ] GC(588) Pause Young (Prepare Mixed) (G1 Evacuation Pause)
[397.362s][info][gc,task     ] GC(588) Using 2 workers of 2 for evacuation
[397.371s][info][gc,phases   ] GC(588)   Pre Evacuate Collection Set: 0.33ms
[397.371s][info][gc,phases   ] GC(588)   Merge Heap Roots: 0.17ms
[397.371s][info][gc,phases   ] GC(588)   Evacuate Collection Set: 7.37ms
[397.371s][info][gc,phases   ] GC(588)   Post Evacuate Collection Set: 0.82ms
[397.371s][info][gc,phases   ] GC(588)   Other: 0.09ms
[397.371s][info][gc,heap     ] GC(588) Eden regions: 472->0(468)
[397.371s][info][gc,heap     ] GC(588) Survivor regions: 14->18(61)
[397.371s][info][gc,heap     ] GC(588) Old regions: 46->46
[397.371s][info][gc,heap     ] GC(588) Humongous regions: 207->207
[397.371s][info][gc,metaspace] GC(588) Metaspace: 57460K(57792K)->57460K(57792K) NonClass: 49173K(49408K)->49173K(49408K) Class: 8286K(8384K)->8286K(8384K)
[397.371s][info][gc          ] GC(588) Pause Young (Prepare Mixed) (G1 Evacuation Pause) 738M->270M(810M) 8.952ms
[397.371s][info][gc,cpu      ] GC(588) User=0.02s Sys=0.00s Real=0.01s
[398.543s][info][gc,start    ] GC(589) Pause Young (Mixed) (G1 Evacuation Pause)
[398.544s][info][gc,task     ] GC(589) Using 2 workers of 2 for evacuation
[398.555s][info][gc,phases   ] GC(589)   Pre Evacuate Collection Set: 0.32ms
[398.555s][info][gc,phases   ] GC(589)   Merge Heap Roots: 0.15ms
[398.555s][info][gc,phases   ] GC(589)   Evacuate Collection Set: 9.76ms
[398.555s][info][gc,phases   ] GC(589)   Post Evacuate Collection Set: 0.99ms
[398.555s][info][gc,phases   ] GC(589)   Other: 0.09ms
[398.555s][info][gc,heap     ] GC(589) Eden regions: 468->0(467)
[398.555s][info][gc,heap     ] GC(589) Survivor regions: 18->19(61)
[398.555s][info][gc,heap     ] GC(589) Old regions: 46->46
[398.555s][info][gc,heap     ] GC(589) Humongous regions: 207->207
[398.555s][info][gc,metaspace] GC(589) Metaspace: 57460K(57792K)->57460K(57792K) NonClass: 49173K(49408K)->49173K(49408K) Class: 8286K(8384K)->8286K(8384K)
[398.555s][info][gc          ] GC(589) Pause Young (Mixed) (G1 Evacuation Pause) 738M->271M(810M) 11.499ms
[398.555s][info][gc,cpu      ] GC(589) User=0.02s Sys=0.00s Real=0.01s
[399.732s][info][gc,start    ] GC(590) Pause Young (Concurrent Start) (G1 Evacuation Pause)
[399.732s][info][gc,task     ] GC(590) Using 2 workers of 2 for evacuation
[399.741s][info][gc,phases   ] GC(590)   Pre Evacuate Collection Set: 0.30ms
[399.741s][info][gc,phases   ] GC(590)   Merge Heap Roots: 0.14ms
[399.741s][info][gc,phases   ] GC(590)   Evacuate Collection Set: 8.14ms
[399.742s][info][gc,phases   ] GC(590)   Post Evacuate Collection Set: 0.82ms
[399.742s][info][gc,phases   ] GC(590)   Other: 0.10ms
[399.742s][info][gc,heap     ] GC(590) Eden regions: 467->0(468)
[399.742s][info][gc,heap     ] GC(590) Survivor regions: 19->18(61)
[399.742s][info][gc,heap     ] GC(590) Old regions: 46->46
[399.742s][info][gc,heap     ] GC(590) Humongous regions: 207->207
[399.742s][info][gc,metaspace] GC(590) Metaspace: 57460K(57792K)->57460K(57792K) NonClass: 49173K(49408K)->49173K(49408K) Class: 8286K(8384K)->8286K(8384K)
[399.742s][info][gc          ] GC(590) Pause Young (Concurrent Start) (G1 Evacuation Pause) 738M->270M(810M) 9.684ms
[399.742s][info][gc,cpu      ] GC(590) User=0.02s Sys=0.00s Real=0.01s
[399.742s][info][gc          ] GC(591) Concurrent Mark Cycle
[399.742s][info][gc,marking  ] GC(591) Concurrent Scan Root Regions
[399.751s][info][gc,marking  ] GC(591) Concurrent Scan Root Regions 9.091ms
[399.751s][info][gc,marking  ] GC(591) Concurrent Mark
[399.751s][info][gc,marking  ] GC(591) Concurrent Mark From Roots
[399.751s][info][gc,task     ] GC(591) Using 1 workers of 1 for marking
[399.801s][info][gc,marking  ] GC(591) Concurrent Mark From Roots 49.848ms
[399.801s][info][gc,marking  ] GC(591) Concurrent Preclean
[399.801s][info][gc,marking  ] GC(591) Concurrent Preclean 0.059ms
[399.801s][info][gc,start    ] GC(591) Pause Remark
[399.811s][info][gc          ] GC(591) Pause Remark 296M->296M(810M) 9.891ms
[399.811s][info][gc,cpu      ] GC(591) User=0.02s Sys=0.00s Real=0.01s
[399.812s][info][gc,marking  ] GC(591) Concurrent Mark 60.582ms
[399.812s][info][gc,marking  ] GC(591) Concurrent Rebuild Remembered Sets and Scrub Regions
[399.839s][info][gc,marking  ] GC(591) Concurrent Rebuild Remembered Sets and Scrub Regions 26.999ms
[399.839s][info][gc,start    ] GC(591) Pause Cleanup
[399.839s][info][gc          ] GC(591) Pause Cleanup 314M->314M(810M) 0.094ms
[399.839s][info][gc,cpu      ] GC(591) User=0.00s Sys=0.00s Real=0.00s
[399.840s][info][gc,marking  ] GC(591) Concurrent Clear Claimed Marks
[399.840s][info][gc,marking  ] GC(591) Concurrent Clear Claimed Marks 0.098ms
[399.840s][info][gc,marking  ] GC(591) Concurrent Cleanup for Next Mark
[399.842s][info][gc,marking  ] GC(591) Concurrent Cleanup for Next Mark 2.533ms
[399.842s][info][gc          ] GC(591) Concurrent Mark Cycle 100.366ms
[400.921s][info][gc,start    ] GC(592) Pause Young (Prepare Mixed) (G1 Evacuation Pause)
[400.921s][info][gc,task     ] GC(592) Using 2 workers of 2 for evacuation
[400.929s][info][gc,phases   ] GC(592)   Pre Evacuate Collection Set: 0.28ms
[400.929s][info][gc,phases   ] GC(592)   Merge Heap Roots: 0.16ms
[400.929s][info][gc,phases   ] GC(592)   Evacuate Collection Set: 6.76ms
[400.929s][info][gc,phases   ] GC(592)   Post Evacuate Collection Set: 0.86ms
[400.929s][info][gc,phases   ] GC(592)   Other: 0.09ms
[400.929s][info][gc,heap     ] GC(592) Eden regions: 468->0(468)
[400.929s][info][gc,heap     ] GC(592) Survivor regions: 18->18(61)
[400.929s][info][gc,heap     ] GC(592) Old regions: 46->46
[400.929s][info][gc,heap     ] GC(592) Humongous regions: 207->207
[400.929s][info][gc,metaspace] GC(592) Metaspace: 57460K(57792K)->57460K(57792K) NonClass: 49173K(49408K)->49173K(49408K) Class: 8286K(8384K)->8286K(8384K)
[400.929s][info][gc          ] GC(592) Pause Young (Prepare Mixed) (G1 Evacuation Pause) 738M->269M(810M) 8.339ms
[400.929s][info][gc,cpu      ] GC(592) User=0.01s Sys=0.00s Real=0.01s
[402.056s][info][gc,start    ] GC(593) Pause Young (Mixed) (G1 Evacuation Pause)
[402.056s][info][gc,task     ] GC(593) Using 2 workers of 2 for evacuation
[402.066s][info][gc,phases   ] GC(593)   Pre Evacuate Collection Set: 0.30ms
[402.066s][info][gc,phases   ] GC(593)   Merge Heap Roots: 0.13ms
[402.066s][info][gc,phases   ] GC(593)   Evacuate Collection Set: 8.59ms
[402.066s][info][gc,phases   ] GC(593)   Post Evacuate Collection Set: 0.86ms
[402.066s][info][gc,phases   ] GC(593)   Other: 0.09ms
[402.067s][info][gc,heap     ] GC(593) Eden regions: 468->0(467)
[402.067s][info][gc,heap     ] GC(593) Survivor regions: 18->19(61)
[402.067s][info][gc,heap     ] GC(593) Old regions: 46->46
[402.067s][info][gc,heap     ] GC(593) Humongous regions: 207->207
[402.067s][info][gc,metaspace] GC(593) Metaspace: 57460K(57792K)->57460K(57792K) NonClass: 49173K(49408K)->49173K(49408K) Class: 8286K(8384K)->8286K(8384K)
[402.067s][info][gc          ] GC(593) Pause Young (Mixed) (G1 Evacuation Pause) 737M->270M(810M) 10.158ms
[402.067s][info][gc,cpu      ] GC(593) User=0.02s Sys=0.00s Real=0.01s
[403.238s][info][gc,start    ] GC(594) Pause Young (Concurrent Start) (G1 Evacuation Pause)
[403.238s][info][gc,task     ] GC(594) Using 2 workers of 2 for evacuation
[403.248s][info][gc,phases   ] GC(594)   Pre Evacuate Collection Set: 0.29ms
[403.248s][info][gc,phases   ] GC(594)   Merge Heap Roots: 0.15ms
[403.248s][info][gc,phases   ] GC(594)   Evacuate Collection Set: 8.57ms
[403.248s][info][gc,phases   ] GC(594)   Post Evacuate Collection Set: 0.85ms
[403.248s][info][gc,phases   ] GC(594)   Other: 0.12ms
[403.248s][info][gc,heap     ] GC(594) Eden regions: 467->0(467)
[403.248s][info][gc,heap     ] GC(594) Survivor regions: 19->19(61)
[403.248s][info][gc,heap     ] GC(594) Old regions: 46->46
[403.248s][info][gc,heap     ] GC(594) Humongous regions: 207->207
[403.248s][info][gc,metaspace] GC(594) Metaspace: 57460K(57792K)->57460K(57792K) NonClass: 49173K(49408K)->49173K(49408K) Class: 8286K(8384K)->8286K(8384K)
[403.248s][info][gc          ] GC(594) Pause Young (Concurrent Start) (G1 Evacuation Pause) 737M->270M(810M) 10.182ms
[403.248s][info][gc          ] GC(595) Concurrent Mark Cycle
[403.248s][info][gc,marking  ] GC(595) Concurrent Scan Root Regions
[403.251s][info][gc,cpu      ] GC(594) User=0.02s Sys=0.00s Real=0.01s
[403.259s][info][gc,marking  ] GC(595) Concurrent Scan Root Regions 10.827ms
[403.259s][info][gc,marking  ] GC(595) Concurrent Mark
[403.259s][info][gc,marking  ] GC(595) Concurrent Mark From Roots
[403.259s][info][gc,task     ] GC(595) Using 1 workers of 1 for marking
[403.298s][info][gc,marking  ] GC(595) Concurrent Mark From Roots 39.119ms
[403.298s][info][gc,marking  ] GC(595) Concurrent Preclean
[403.299s][info][gc,marking  ] GC(595) Concurrent Preclean 0.054ms
[403.299s][info][gc,start    ] GC(595) Pause Remark
[403.309s][info][gc          ] GC(595) Pause Remark 289M->276M(810M) 9.834ms
[403.309s][info][gc,cpu      ] GC(595) User=0.02s Sys=0.00s Real=0.01s
[403.309s][info][gc,marking  ] GC(595) Concurrent Mark 49.529ms
[403.309s][info][gc,marking  ] GC(595) Concurrent Rebuild Remembered Sets and Scrub Regions
[403.332s][info][gc,marking  ] GC(595) Concurrent Rebuild Remembered Sets and Scrub Regions 23.445ms
[403.334s][info][gc,start    ] GC(595) Pause Cleanup
[403.334s][info][gc          ] GC(595) Pause Cleanup 289M->289M(810M) 0.087ms
[403.334s][info][gc,cpu      ] GC(595) User=0.00s Sys=0.00s Real=0.00s
[403.335s][info][gc,marking  ] GC(595) Concurrent Clear Claimed Marks
[403.335s][info][gc,marking  ] GC(595) Concurrent Clear Claimed Marks 0.103ms
[403.335s][info][gc,marking  ] GC(595) Concurrent Cleanup for Next Mark
[403.342s][info][gc,marking  ] GC(595) Concurrent Cleanup for Next Mark 6.477ms
[403.342s][info][gc          ] GC(595) Concurrent Mark Cycle 93.282ms
[404.427s][info][gc,start    ] GC(596) Pause Young (Prepare Mixed) (G1 Evacuation Pause)
[404.428s][info][gc,task     ] GC(596) Using 2 workers of 2 for evacuation
[404.436s][info][gc,phases   ] GC(596)   Pre Evacuate Collection Set: 0.30ms
[404.436s][info][gc,phases   ] GC(596)   Merge Heap Roots: 0.16ms
[404.436s][info][gc,phases   ] GC(596)   Evacuate Collection Set: 7.09ms
[404.436s][info][gc,phases   ] GC(596)   Post Evacuate Collection Set: 0.82ms
[404.436s][info][gc,phases   ] GC(596)   Other: 0.09ms
[404.436s][info][gc,heap     ] GC(596) Eden regions: 467->0(480)
[404.436s][info][gc,heap     ] GC(596) Survivor regions: 19->6(61)
[404.436s][info][gc,heap     ] GC(596) Old regions: 33->45
[404.436s][info][gc,heap     ] GC(596) Humongous regions: 207->207
[404.436s][info][gc,metaspace] GC(596) Metaspace: 57461K(57792K)->57461K(57792K) NonClass: 49175K(49408K)->49175K(49408K) Class: 8286K(8384K)->8286K(8384K)
[404.436s][info][gc          ] GC(596) Pause Young (Prepare Mixed) (G1 Evacuation Pause) 724M->257M(810M) 8.646ms
[404.436s][info][gc,cpu      ] GC(596) User=0.01s Sys=0.00s Real=0.00s
[405.637s][info][gc,start    ] GC(597) Pause Young (Mixed) (G1 Evacuation Pause)
[405.637s][info][gc,task     ] GC(597) Using 2 workers of 2 for evacuation
[405.643s][info][gc,phases   ] GC(597)   Pre Evacuate Collection Set: 0.29ms
[405.643s][info][gc,phases   ] GC(597)   Merge Heap Roots: 0.15ms
[405.643s][info][gc,phases   ] GC(597)   Evacuate Collection Set: 4.18ms
[405.643s][info][gc,phases   ] GC(597)   Post Evacuate Collection Set: 0.82ms
[405.643s][info][gc,phases   ] GC(597)   Other: 0.10ms
[405.643s][info][gc,heap     ] GC(597) Eden regions: 480->0(480)
[405.643s][info][gc,heap     ] GC(597) Survivor regions: 6->6(61)
[405.643s][info][gc,heap     ] GC(597) Old regions: 45->43
[405.643s][info][gc,heap     ] GC(597) Humongous regions: 207->207
[405.643s][info][gc,metaspace] GC(597) Metaspace: 57461K(57792K)->57461K(57792K) NonClass: 49175K(49408K)->49175K(49408K) Class: 8286K(8384K)->8286K(8384K)
[405.643s][info][gc          ] GC(597) Pause Young (Mixed) (G1 Evacuation Pause) 737M->255M(810M) 5.714ms
[405.643s][info][gc,cpu      ] GC(597) User=0.01s Sys=0.01s Real=0.00s
[406.833s][info][gc,start    ] GC(598) Pause Young (Concurrent Start) (G1 Evacuation Pause)
[406.833s][info][gc,task     ] GC(598) Using 2 workers of 2 for evacuation
[406.838s][info][gc,phases   ] GC(598)   Pre Evacuate Collection Set: 0.29ms
[406.838s][info][gc,phases   ] GC(598)   Merge Heap Roots: 0.14ms
[406.838s][info][gc,phases   ] GC(598)   Evacuate Collection Set: 4.13ms
[406.838s][info][gc,phases   ] GC(598)   Post Evacuate Collection Set: 0.78ms
[406.838s][info][gc,phases   ] GC(598)   Other: 0.13ms
[406.838s][info][gc,heap     ] GC(598) Eden regions: 480->0(480)
[406.838s][info][gc,heap     ] GC(598) Survivor regions: 6->6(61)
[406.838s][info][gc,heap     ] GC(598) Old regions: 43->43
[406.838s][info][gc,heap     ] GC(598) Humongous regions: 207->207
[406.838s][info][gc,metaspace] GC(598) Metaspace: 57461K(57792K)->57461K(57792K) NonClass: 49175K(49408K)->49175K(49408K) Class: 8286K(8384K)->8286K(8384K)
[406.838s][info][gc          ] GC(598) Pause Young (Concurrent Start) (G1 Evacuation Pause) 735M->255M(810M) 5.643ms
[406.838s][info][gc          ] GC(599) Concurrent Mark Cycle
[406.838s][info][gc,marking  ] GC(599) Concurrent Scan Root Regions
[406.841s][info][gc,cpu      ] GC(598) User=0.01s Sys=0.00s Real=0.01s
[406.844s][info][gc,marking  ] GC(599) Concurrent Scan Root Regions 5.829ms
[406.844s][info][gc,marking  ] GC(599) Concurrent Mark
[406.844s][info][gc,marking  ] GC(599) Concurrent Mark From Roots
[406.844s][info][gc,task     ] GC(599) Using 1 workers of 1 for marking
[406.901s][info][gc,marking  ] GC(599) Concurrent Mark From Roots 56.273ms
[406.901s][info][gc,marking  ] GC(599) Concurrent Preclean
[406.901s][info][gc,marking  ] GC(599) Concurrent Preclean 0.078ms
[406.901s][info][gc,start    ] GC(599) Pause Remark
[406.911s][info][gc          ] GC(599) Pause Remark 280M->280M(810M) 9.897ms
[406.911s][info][gc,cpu      ] GC(599) User=0.02s Sys=0.00s Real=0.01s
[406.911s][info][gc,marking  ] GC(599) Concurrent Mark 66.562ms
[406.911s][info][gc,marking  ] GC(599) Concurrent Rebuild Remembered Sets and Scrub Regions
[406.932s][info][gc,marking  ] GC(599) Concurrent Rebuild Remembered Sets and Scrub Regions 21.623ms
[406.933s][info][gc,start    ] GC(599) Pause Cleanup
[406.933s][info][gc          ] GC(599) Pause Cleanup 289M->289M(810M) 0.087ms
[406.933s][info][gc,cpu      ] GC(599) User=0.00s Sys=0.00s Real=0.00s
[406.933s][info][gc,marking  ] GC(599) Concurrent Clear Claimed Marks
[406.933s][info][gc,marking  ] GC(599) Concurrent Clear Claimed Marks 0.088ms
[406.933s][info][gc,marking  ] GC(599) Concurrent Cleanup for Next Mark
[406.935s][info][gc,marking  ] GC(599) Concurrent Cleanup for Next Mark 2.336ms
[406.935s][info][gc          ] GC(599) Concurrent Mark Cycle 96.834ms
[408.039s][info][gc,start    ] GC(600) Pause Young (Prepare Mixed) (G1 Evacuation Pause)
[408.039s][info][gc,task     ] GC(600) Using 2 workers of 2 for evacuation
[408.044s][info][gc,phases   ] GC(600)   Pre Evacuate Collection Set: 0.30ms
[408.044s][info][gc,phases   ] GC(600)   Merge Heap Roots: 0.15ms
[408.044s][info][gc,phases   ] GC(600)   Evacuate Collection Set: 3.93ms
[408.044s][info][gc,phases   ] GC(600)   Post Evacuate Collection Set: 0.77ms
[408.044s][info][gc,phases   ] GC(600)   Other: 0.11ms
[408.044s][info][gc,heap     ] GC(600) Eden regions: 480->0(480)
[408.044s][info][gc,heap     ] GC(600) Survivor regions: 6->6(61)
[408.044s][info][gc,heap     ] GC(600) Old regions: 43->43
[408.044s][info][gc,heap     ] GC(600) Humongous regions: 207->207
[408.044s][info][gc,metaspace] GC(600) Metaspace: 57461K(57792K)->57461K(57792K) NonClass: 49175K(49408K)->49175K(49408K) Class: 8286K(8384K)->8286K(8384K)
[408.044s][info][gc          ] GC(600) Pause Young (Prepare Mixed) (G1 Evacuation Pause) 735M->255M(810M) 5.439ms
[408.044s][info][gc,cpu      ] GC(600) User=0.01s Sys=0.00s Real=0.00s
[409.244s][info][gc,start    ] GC(601) Pause Young (Mixed) (G1 Evacuation Pause)
[409.244s][info][gc,task     ] GC(601) Using 2 workers of 2 for evacuation
[409.250s][info][gc,phases   ] GC(601)   Pre Evacuate Collection Set: 0.29ms
[409.250s][info][gc,phases   ] GC(601)   Merge Heap Roots: 0.14ms
[409.250s][info][gc,phases   ] GC(601)   Evacuate Collection Set: 4.16ms
[409.250s][info][gc,phases   ] GC(601)   Post Evacuate Collection Set: 0.78ms
[409.250s][info][gc,phases   ] GC(601)   Other: 0.08ms
[409.250s][info][gc,heap     ] GC(601) Eden regions: 480->0(480)
[409.250s][info][gc,heap     ] GC(601) Survivor regions: 6->6(61)
[409.250s][info][gc,heap     ] GC(601) Old regions: 43->41
[409.250s][info][gc,heap     ] GC(601) Humongous regions: 207->207
[409.250s][info][gc,metaspace] GC(601) Metaspace: 57461K(57792K)->57461K(57792K) NonClass: 49175K(49408K)->49175K(49408K) Class: 8286K(8384K)->8286K(8384K)
[409.250s][info][gc          ] GC(601) Pause Young (Mixed) (G1 Evacuation Pause) 735M->253M(810M) 5.656ms
[409.250s][info][gc,cpu      ] GC(601) User=0.01s Sys=0.00s Real=0.01s
[410.445s][info][gc,start    ] GC(602) Pause Young (Concurrent Start) (G1 Evacuation Pause)
[410.445s][info][gc,task     ] GC(602) Using 2 workers of 2 for evacuation
[410.451s][info][gc,phases   ] GC(602)   Pre Evacuate Collection Set: 0.32ms
[410.451s][info][gc,phases   ] GC(602)   Merge Heap Roots: 0.15ms
[410.451s][info][gc,phases   ] GC(602)   Evacuate Collection Set: 4.71ms
[410.451s][info][gc,phases   ] GC(602)   Post Evacuate Collection Set: 0.82ms
[410.451s][info][gc,phases   ] GC(602)   Other: 0.11ms
[410.451s][info][gc,heap     ] GC(602) Eden regions: 480->0(480)
[410.451s][info][gc,heap     ] GC(602) Survivor regions: 6->6(61)
[410.451s][info][gc,heap     ] GC(602) Old regions: 41->41
[410.451s][info][gc,heap     ] GC(602) Humongous regions: 207->207
[410.451s][info][gc,metaspace] GC(602) Metaspace: 57461K(57792K)->57461K(57792K) NonClass: 49175K(49408K)->49175K(49408K) Class: 8286K(8384K)->8286K(8384K)
[410.451s][info][gc          ] GC(602) Pause Young (Concurrent Start) (G1 Evacuation Pause) 733M->253M(810M) 6.277ms
[410.452s][info][gc,cpu      ] GC(602) User=0.01s Sys=0.00s Real=0.01s
[410.452s][info][gc          ] GC(603) Concurrent Mark Cycle
[410.452s][info][gc,marking  ] GC(603) Concurrent Scan Root Regions
[410.458s][info][gc,marking  ] GC(603) Concurrent Scan Root Regions 6.169ms
[410.458s][info][gc,marking  ] GC(603) Concurrent Mark
[410.458s][info][gc,marking  ] GC(603) Concurrent Mark From Roots
[410.458s][info][gc,task     ] GC(603) Using 1 workers of 1 for marking
[410.502s][info][gc,marking  ] GC(603) Concurrent Mark From Roots 44.123ms
[410.502s][info][gc,marking  ] GC(603) Concurrent Preclean
[410.502s][info][gc,marking  ] GC(603) Concurrent Preclean 0.075ms
[410.502s][info][gc,start    ] GC(603) Pause Remark
[410.512s][info][gc          ] GC(603) Pause Remark 270M->270M(810M) 10.158ms
[410.512s][info][gc,cpu      ] GC(603) User=0.02s Sys=0.00s Real=0.01s
[410.512s][info][gc,marking  ] GC(603) Concurrent Mark 54.662ms
[410.512s][info][gc,marking  ] GC(603) Concurrent Rebuild Remembered Sets and Scrub Regions
[410.531s][info][gc,marking  ] GC(603) Concurrent Rebuild Remembered Sets and Scrub Regions 18.337ms
[410.531s][info][gc,start    ] GC(603) Pause Cleanup
[410.531s][info][gc          ] GC(603) Pause Cleanup 279M->279M(810M) 0.072ms
[410.531s][info][gc,cpu      ] GC(603) User=0.00s Sys=0.00s Real=0.00s
[410.531s][info][gc,marking  ] GC(603) Concurrent Clear Claimed Marks
[410.531s][info][gc,marking  ] GC(603) Concurrent Clear Claimed Marks 0.086ms
[410.531s][info][gc,marking  ] GC(603) Concurrent Cleanup for Next Mark
[410.534s][info][gc,marking  ] GC(603) Concurrent Cleanup for Next Mark 3.367ms
[410.535s][info][gc          ] GC(603) Concurrent Mark Cycle 82.968ms
[411.650s][info][gc,start    ] GC(604) Pause Young (Prepare Mixed) (G1 Evacuation Pause)
[411.650s][info][gc,task     ] GC(604) Using 2 workers of 2 for evacuation
[411.657s][info][gc,phases   ] GC(604)   Pre Evacuate Collection Set: 0.29ms
[411.657s][info][gc,phases   ] GC(604)   Merge Heap Roots: 0.17ms
[411.657s][info][gc,phases   ] GC(604)   Evacuate Collection Set: 5.21ms
[411.657s][info][gc,phases   ] GC(604)   Post Evacuate Collection Set: 0.79ms
[411.657s][info][gc,phases   ] GC(604)   Other: 0.09ms
[411.657s][info][gc,heap     ] GC(604) Eden regions: 480->0(479)
[411.657s][info][gc,heap     ] GC(604) Survivor regions: 6->7(61)
[411.657s][info][gc,heap     ] GC(604) Old regions: 41->41
[411.657s][info][gc,heap     ] GC(604) Humongous regions: 207->207
[411.657s][info][gc,metaspace] GC(604) Metaspace: 57461K(57792K)->57461K(57792K) NonClass: 49175K(49408K)->49175K(49408K) Class: 8286K(8384K)->8286K(8384K)
[411.657s][info][gc          ] GC(604) Pause Young (Prepare Mixed) (G1 Evacuation Pause) 733M->254M(810M) 6.751ms
[411.657s][info][gc,cpu      ] GC(604) User=0.01s Sys=0.00s Real=0.01s
[412.850s][info][gc,start    ] GC(605) Pause Young (Mixed) (G1 Evacuation Pause)
[412.850s][info][gc,task     ] GC(605) Using 2 workers of 2 for evacuation
[412.857s][info][gc,phases   ] GC(605)   Pre Evacuate Collection Set: 0.28ms
[412.857s][info][gc,phases   ] GC(605)   Merge Heap Roots: 0.15ms
[412.857s][info][gc,phases   ] GC(605)   Evacuate Collection Set: 5.03ms
[412.857s][info][gc,phases   ] GC(605)   Post Evacuate Collection Set: 0.84ms
[412.857s][info][gc,phases   ] GC(605)   Other: 0.13ms
[412.857s][info][gc,heap     ] GC(605) Eden regions: 479->0(479)
[412.857s][info][gc,heap     ] GC(605) Survivor regions: 7->7(61)
[412.857s][info][gc,heap     ] GC(605) Old regions: 41->39
[412.857s][info][gc,heap     ] GC(605) Humongous regions: 207->207
[412.857s][info][gc,metaspace] GC(605) Metaspace: 57461K(57792K)->57461K(57792K) NonClass: 49175K(49408K)->49175K(49408K) Class: 8286K(8384K)->8286K(8384K)
[412.857s][info][gc          ] GC(605) Pause Young (Mixed) (G1 Evacuation Pause) 733M->252M(810M) 6.600ms
[412.857s][info][gc,cpu      ] GC(605) User=0.02s Sys=0.00s Real=0.01s
[414.063s][info][gc,start    ] GC(606) Pause Young (Concurrent Start) (G1 Evacuation Pause)
[414.063s][info][gc,task     ] GC(606) Using 2 workers of 2 for evacuation
[414.068s][info][gc,phases   ] GC(606)   Pre Evacuate Collection Set: 0.32ms
[414.069s][info][gc,phases   ] GC(606)   Merge Heap Roots: 0.14ms
[414.069s][info][gc,phases   ] GC(606)   Evacuate Collection Set: 4.32ms
[414.069s][info][gc,phases   ] GC(606)   Post Evacuate Collection Set: 0.79ms
[414.069s][info][gc,phases   ] GC(606)   Other: 0.10ms
[414.069s][info][gc,heap     ] GC(606) Eden regions: 479->0(479)
[414.069s][info][gc,heap     ] GC(606) Survivor regions: 7->7(61)
[414.069s][info][gc,heap     ] GC(606) Old regions: 39->39
[414.069s][info][gc,heap     ] GC(606) Humongous regions: 207->207
[414.069s][info][gc,metaspace] GC(606) Metaspace: 57461K(57792K)->57461K(57792K) NonClass: 49175K(49408K)->49175K(49408K) Class: 8286K(8384K)->8286K(8384K)
[414.069s][info][gc          ] GC(606) Pause Young (Concurrent Start) (G1 Evacuation Pause) 731M->252M(810M) 5.867ms
[414.069s][info][gc,cpu      ] GC(606) User=0.01s Sys=0.00s Real=0.01s
[414.069s][info][gc          ] GC(607) Concurrent Mark Cycle
[414.069s][info][gc,marking  ] GC(607) Concurrent Scan Root Regions
[414.073s][info][gc,marking  ] GC(607) Concurrent Scan Root Regions 4.389ms
[414.073s][info][gc,marking  ] GC(607) Concurrent Mark
[414.073s][info][gc,marking  ] GC(607) Concurrent Mark From Roots
[414.073s][info][gc,task     ] GC(607) Using 1 workers of 1 for marking
[414.115s][info][gc,marking  ] GC(607) Concurrent Mark From Roots 41.937ms
[414.115s][info][gc,marking  ] GC(607) Concurrent Preclean
[414.115s][info][gc,marking  ] GC(607) Concurrent Preclean 0.073ms
[414.115s][info][gc,start    ] GC(607) Pause Remark
[414.125s][info][gc          ] GC(607) Pause Remark 258M->258M(810M) 9.738ms
[414.125s][info][gc,cpu      ] GC(607) User=0.02s Sys=0.00s Real=0.01s
[414.126s][info][gc,marking  ] GC(607) Concurrent Mark 52.902ms
[414.126s][info][gc,marking  ] GC(607) Concurrent Rebuild Remembered Sets and Scrub Regions
[414.154s][info][gc,marking  ] GC(607) Concurrent Rebuild Remembered Sets and Scrub Regions 27.840ms
[414.154s][info][gc,start    ] GC(607) Pause Cleanup
[414.154s][info][gc          ] GC(607) Pause Cleanup 277M->277M(810M) 0.080ms
[414.154s][info][gc,cpu      ] GC(607) User=0.00s Sys=0.00s Real=0.00s
[414.154s][info][gc,marking  ] GC(607) Concurrent Clear Claimed Marks
[414.154s][info][gc,marking  ] GC(607) Concurrent Clear Claimed Marks 0.091ms
[414.154s][info][gc,marking  ] GC(607) Concurrent Cleanup for Next Mark
[414.158s][info][gc,marking  ] GC(607) Concurrent Cleanup for Next Mark 3.976ms
[414.158s][info][gc          ] GC(607) Concurrent Mark Cycle 89.680ms
[415.295s][info][gc,start    ] GC(608) Pause Young (Prepare Mixed) (G1 Evacuation Pause)
[415.295s][info][gc,task     ] GC(608) Using 2 workers of 2 for evacuation
[415.300s][info][gc,phases   ] GC(608)   Pre Evacuate Collection Set: 0.26ms
[415.300s][info][gc,phases   ] GC(608)   Merge Heap Roots: 0.18ms
[415.300s][info][gc,phases   ] GC(608)   Evacuate Collection Set: 3.93ms
[415.300s][info][gc,phases   ] GC(608)   Post Evacuate Collection Set: 0.79ms
[415.300s][info][gc,phases   ] GC(608)   Other: 0.09ms
[415.300s][info][gc,heap     ] GC(608) Eden regions: 479->0(484)
[415.300s][info][gc,heap     ] GC(608) Survivor regions: 7->2(61)
[415.300s][info][gc,heap     ] GC(608) Old regions: 39->43
[415.300s][info][gc,heap     ] GC(608) Humongous regions: 207->207
[415.300s][info][gc,metaspace] GC(608) Metaspace: 57461K(57792K)->57461K(57792K) NonClass: 49175K(49408K)->49175K(49408K) Class: 8286K(8384K)->8286K(8384K)
[415.300s][info][gc          ] GC(608) Pause Young (Prepare Mixed) (G1 Evacuation Pause) 731M->251M(810M) 5.429ms
[415.300s][info][gc,cpu      ] GC(608) User=0.01s Sys=0.01s Real=0.01s
[416.463s][info][gc,start    ] GC(609) Pause Young (Mixed) (G1 Evacuation Pause)
[416.463s][info][gc,task     ] GC(609) Using 2 workers of 2 for evacuation
[416.466s][info][gc,phases   ] GC(609)   Pre Evacuate Collection Set: 0.27ms
[416.466s][info][gc,phases   ] GC(609)   Merge Heap Roots: 0.14ms
[416.466s][info][gc,phases   ] GC(609)   Evacuate Collection Set: 2.37ms
[416.466s][info][gc,phases   ] GC(609)   Post Evacuate Collection Set: 0.77ms
[416.466s][info][gc,phases   ] GC(609)   Other: 0.09ms
[416.466s][info][gc,heap     ] GC(609) Eden regions: 484->0(485)
[416.466s][info][gc,heap     ] GC(609) Survivor regions: 2->1(61)
[416.467s][info][gc,heap     ] GC(609) Old regions: 43->41
[416.467s][info][gc,heap     ] GC(609) Humongous regions: 207->207
[416.467s][info][gc,metaspace] GC(609) Metaspace: 57464K(57792K)->57464K(57792K) NonClass: 49178K(49408K)->49178K(49408K) Class: 8286K(8384K)->8286K(8384K)
[416.467s][info][gc          ] GC(609) Pause Young (Mixed) (G1 Evacuation Pause) 735M->248M(810M) 3.809ms
[416.467s][info][gc,cpu      ] GC(609) User=0.01s Sys=0.00s Real=0.00s
[417.762s][info][gc,start    ] GC(610) Pause Young (Concurrent Start) (G1 Evacuation Pause)
[417.762s][info][gc,task     ] GC(610) Using 2 workers of 2 for evacuation
[417.766s][info][gc,phases   ] GC(610)   Pre Evacuate Collection Set: 0.28ms
[417.766s][info][gc,phases   ] GC(610)   Merge Heap Roots: 0.14ms
[417.766s][info][gc,phases   ] GC(610)   Evacuate Collection Set: 2.85ms
[417.766s][info][gc,phases   ] GC(610)   Post Evacuate Collection Set: 0.76ms
[417.766s][info][gc,phases   ] GC(610)   Other: 0.10ms
[417.766s][info][gc,heap     ] GC(610) Eden regions: 485->0(485)
[417.766s][info][gc,heap     ] GC(610) Survivor regions: 1->1(61)
[417.766s][info][gc,heap     ] GC(610) Old regions: 41->41
[417.766s][info][gc,heap     ] GC(610) Humongous regions: 207->207
[417.766s][info][gc,metaspace] GC(610) Metaspace: 57464K(57792K)->57464K(57792K) NonClass: 49178K(49408K)->49178K(49408K) Class: 8286K(8384K)->8286K(8384K)
[417.766s][info][gc          ] GC(610) Pause Young (Concurrent Start) (G1 Evacuation Pause) 733M->248M(810M) 4.303ms
[417.766s][info][gc,cpu      ] GC(610) User=0.01s Sys=0.00s Real=0.00s
[417.766s][info][gc          ] GC(611) Concurrent Mark Cycle
[417.767s][info][gc,marking  ] GC(611) Concurrent Scan Root Regions
[417.770s][info][gc,marking  ] GC(611) Concurrent Scan Root Regions 3.457ms
[417.770s][info][gc,marking  ] GC(611) Concurrent Mark
[417.770s][info][gc,marking  ] GC(611) Concurrent Mark From Roots
[417.770s][info][gc,task     ] GC(611) Using 1 workers of 1 for marking
[417.835s][info][gc,marking  ] GC(611) Concurrent Mark From Roots 64.207ms
[417.835s][info][gc,marking  ] GC(611) Concurrent Preclean
[417.835s][info][gc,marking  ] GC(611) Concurrent Preclean 0.091ms
[417.835s][info][gc,start    ] GC(611) Pause Remark
[417.845s][info][gc          ] GC(611) Pause Remark 290M->290M(810M) 9.940ms
[417.845s][info][gc,cpu      ] GC(611) User=0.02s Sys=0.00s Real=0.01s
[417.849s][info][gc,marking  ] GC(611) Concurrent Mark 78.149ms
[417.849s][info][gc,marking  ] GC(611) Concurrent Rebuild Remembered Sets and Scrub Regions
[417.869s][info][gc,marking  ] GC(611) Concurrent Rebuild Remembered Sets and Scrub Regions 20.456ms
[417.869s][info][gc,start    ] GC(611) Pause Cleanup
[417.870s][info][gc          ] GC(611) Pause Cleanup 302M->302M(810M) 0.089ms
[417.870s][info][gc,cpu      ] GC(611) User=0.00s Sys=0.00s Real=0.00s
[417.870s][info][gc,marking  ] GC(611) Concurrent Clear Claimed Marks
[417.870s][info][gc,marking  ] GC(611) Concurrent Clear Claimed Marks 0.108ms
[417.870s][info][gc,marking  ] GC(611) Concurrent Cleanup for Next Mark
[417.883s][info][gc,marking  ] GC(611) Concurrent Cleanup for Next Mark 13.034ms
[417.883s][info][gc          ] GC(611) Concurrent Mark Cycle 116.561ms
[418.933s][info][gc,start    ] GC(612) Pause Young (Prepare Mixed) (G1 Evacuation Pause)
[418.933s][info][gc,task     ] GC(612) Using 2 workers of 2 for evacuation
[418.938s][info][gc,phases   ] GC(612)   Pre Evacuate Collection Set: 0.31ms
[418.938s][info][gc,phases   ] GC(612)   Merge Heap Roots: 0.16ms
[418.938s][info][gc,phases   ] GC(612)   Evacuate Collection Set: 3.70ms
[418.938s][info][gc,phases   ] GC(612)   Post Evacuate Collection Set: 0.80ms
[418.938s][info][gc,phases   ] GC(612)   Other: 0.09ms
[418.938s][info][gc,heap     ] GC(612) Eden regions: 485->0(483)
[418.938s][info][gc,heap     ] GC(612) Survivor regions: 1->3(61)
[418.938s][info][gc,heap     ] GC(612) Old regions: 41->41
[418.938s][info][gc,heap     ] GC(612) Humongous regions: 207->207
[418.938s][info][gc,metaspace] GC(612) Metaspace: 57464K(57792K)->57464K(57792K) NonClass: 49178K(49408K)->49178K(49408K) Class: 8286K(8384K)->8286K(8384K)
[418.938s][info][gc          ] GC(612) Pause Young (Prepare Mixed) (G1 Evacuation Pause) 733M->250M(810M) 5.214ms
[418.938s][info][gc,cpu      ] GC(612) User=0.01s Sys=0.00s Real=0.01s
[420.137s][info][gc,start    ] GC(613) Pause Young (Mixed) (G1 Evacuation Pause)
[420.137s][info][gc,task     ] GC(613) Using 2 workers of 2 for evacuation
[420.143s][info][gc,phases   ] GC(613)   Pre Evacuate Collection Set: 0.30ms
[420.143s][info][gc,phases   ] GC(613)   Merge Heap Roots: 0.17ms
[420.143s][info][gc,phases   ] GC(613)   Evacuate Collection Set: 4.69ms
[420.143s][info][gc,phases   ] GC(613)   Post Evacuate Collection Set: 0.77ms
[420.143s][info][gc,phases   ] GC(613)   Other: 0.08ms
[420.143s][info][gc,heap     ] GC(613) Eden regions: 483->0(484)
[420.143s][info][gc,heap     ] GC(613) Survivor regions: 3->2(61)
[420.143s][info][gc,heap     ] GC(613) Old regions: 41->40
[420.143s][info][gc,heap     ] GC(613) Humongous regions: 207->207
[420.143s][info][gc,metaspace] GC(613) Metaspace: 57464K(57792K)->57464K(57792K) NonClass: 49178K(49408K)->49178K(49408K) Class: 8286K(8384K)->8286K(8384K)
[420.143s][info][gc          ] GC(613) Pause Young (Mixed) (G1 Evacuation Pause) 733M->248M(810M) 6.203ms
[420.143s][info][gc,cpu      ] GC(613) User=0.01s Sys=0.00s Real=0.00s
[421.335s][info][gc,start    ] GC(614) Pause Young (Concurrent Start) (G1 Evacuation Pause)
[421.335s][info][gc,task     ] GC(614) Using 2 workers of 2 for evacuation
[421.341s][info][gc,phases   ] GC(614)   Pre Evacuate Collection Set: 0.30ms
[421.341s][info][gc,phases   ] GC(614)   Merge Heap Roots: 0.14ms
[421.341s][info][gc,phases   ] GC(614)   Evacuate Collection Set: 4.46ms
[421.341s][info][gc,phases   ] GC(614)   Post Evacuate Collection Set: 0.78ms
[421.341s][info][gc,phases   ] GC(614)   Other: 0.11ms
[421.341s][info][gc,heap     ] GC(614) Eden regions: 484->0(483)
[421.341s][info][gc,heap     ] GC(614) Survivor regions: 2->3(61)
[421.341s][info][gc,heap     ] GC(614) Old regions: 40->40
[421.341s][info][gc,heap     ] GC(614) Humongous regions: 207->207
[421.341s][info][gc,metaspace] GC(614) Metaspace: 57464K(57792K)->57464K(57792K) NonClass: 49178K(49408K)->49178K(49408K) Class: 8286K(8384K)->8286K(8384K)
[421.341s][info][gc          ] GC(614) Pause Young (Concurrent Start) (G1 Evacuation Pause) 732M->248M(810M) 5.978ms
[421.341s][info][gc          ] GC(615) Concurrent Mark Cycle
[421.341s][info][gc,marking  ] GC(615) Concurrent Scan Root Regions
[421.341s][info][gc,cpu      ] GC(614) User=0.01s Sys=0.00s Real=0.01s
[421.346s][info][gc,marking  ] GC(615) Concurrent Scan Root Regions 4.960ms
[421.346s][info][gc,marking  ] GC(615) Concurrent Mark
[421.346s][info][gc,marking  ] GC(615) Concurrent Mark From Roots
[421.346s][info][gc,task     ] GC(615) Using 1 workers of 1 for marking
[421.392s][info][gc,marking  ] GC(615) Concurrent Mark From Roots 45.280ms
[421.392s][info][gc,marking  ] GC(615) Concurrent Preclean
[421.392s][info][gc,marking  ] GC(615) Concurrent Preclean 0.074ms
[421.392s][info][gc,start    ] GC(615) Pause Remark
[421.402s][info][gc          ] GC(615) Pause Remark 271M->271M(810M) 10.013ms
[421.402s][info][gc,cpu      ] GC(615) User=0.02s Sys=0.00s Real=0.01s
[421.402s][info][gc,marking  ] GC(615) Concurrent Mark 55.664ms
[421.402s][info][gc,marking  ] GC(615) Concurrent Rebuild Remembered Sets and Scrub Regions
[421.426s][info][gc,marking  ] GC(615) Concurrent Rebuild Remembered Sets and Scrub Regions 23.587ms
[421.426s][info][gc,start    ] GC(615) Pause Cleanup
[421.426s][info][gc          ] GC(615) Pause Cleanup 277M->277M(810M) 0.075ms
[421.426s][info][gc,cpu      ] GC(615) User=0.00s Sys=0.00s Real=0.00s
[421.427s][info][gc,marking  ] GC(615) Concurrent Clear Claimed Marks
[421.427s][info][gc,marking  ] GC(615) Concurrent Clear Claimed Marks 0.099ms
[421.427s][info][gc,marking  ] GC(615) Concurrent Cleanup for Next Mark
[421.442s][info][gc,marking  ] GC(615) Concurrent Cleanup for Next Mark 15.334ms
[421.442s][info][gc          ] GC(615) Concurrent Mark Cycle 101.034ms
[422.550s][info][gc,start    ] GC(616) Pause Young (Prepare Mixed) (G1 Evacuation Pause)
[422.550s][info][gc,task     ] GC(616) Using 2 workers of 2 for evacuation
[422.556s][info][gc,phases   ] GC(616)   Pre Evacuate Collection Set: 0.29ms
[422.556s][info][gc,phases   ] GC(616)   Merge Heap Roots: 0.18ms
[422.556s][info][gc,phases   ] GC(616)   Evacuate Collection Set: 4.40ms
[422.556s][info][gc,phases   ] GC(616)   Post Evacuate Collection Set: 0.73ms
[422.556s][info][gc,phases   ] GC(616)   Other: 0.10ms
[422.556s][info][gc,heap     ] GC(616) Eden regions: 483->0(483)
[422.556s][info][gc,heap     ] GC(616) Survivor regions: 3->3(61)
[422.556s][info][gc,heap     ] GC(616) Old regions: 40->40
[422.556s][info][gc,heap     ] GC(616) Humongous regions: 207->207
[422.556s][info][gc,metaspace] GC(616) Metaspace: 57464K(57792K)->57464K(57792K) NonClass: 49178K(49408K)->49178K(49408K) Class: 8286K(8384K)->8286K(8384K)
[422.556s][info][gc          ] GC(616) Pause Young (Prepare Mixed) (G1 Evacuation Pause) 731M->249M(810M) 5.860ms
[422.556s][info][gc,cpu      ] GC(616) User=0.01s Sys=0.00s Real=0.00s
[423.750s][info][gc,start    ] GC(617) Pause Young (Mixed) (G1 Evacuation Pause)
[423.750s][info][gc,task     ] GC(617) Using 2 workers of 2 for evacuation
[423.758s][info][gc,phases   ] GC(617)   Pre Evacuate Collection Set: 0.29ms
[423.758s][info][gc,phases   ] GC(617)   Merge Heap Roots: 0.14ms
[423.758s][info][gc,phases   ] GC(617)   Evacuate Collection Set: 6.41ms
[423.758s][info][gc,phases   ] GC(617)   Post Evacuate Collection Set: 0.80ms
[423.758s][info][gc,phases   ] GC(617)   Other: 0.08ms
[423.758s][info][gc,heap     ] GC(617) Eden regions: 483->0(482)
[423.758s][info][gc,heap     ] GC(617) Survivor regions: 3->4(61)
[423.758s][info][gc,heap     ] GC(617) Old regions: 40->39
[423.758s][info][gc,heap     ] GC(617) Humongous regions: 207->207
[423.758s][info][gc,metaspace] GC(617) Metaspace: 57464K(57792K)->57464K(57792K) NonClass: 49178K(49408K)->49178K(49408K) Class: 8286K(8384K)->8286K(8384K)
[423.758s][info][gc          ] GC(617) Pause Young (Mixed) (G1 Evacuation Pause) 732M->248M(810M) 7.909ms
[423.758s][info][gc,cpu      ] GC(617) User=0.02s Sys=0.00s Real=0.01s
[424.953s][info][gc,start    ] GC(618) Pause Young (Concurrent Start) (G1 Evacuation Pause)
[424.953s][info][gc,task     ] GC(618) Using 2 workers of 2 for evacuation
[424.959s][info][gc,phases   ] GC(618)   Pre Evacuate Collection Set: 0.39ms
[424.959s][info][gc,phases   ] GC(618)   Merge Heap Roots: 0.15ms
[424.959s][info][gc,phases   ] GC(618)   Evacuate Collection Set: 4.54ms
[424.959s][info][gc,phases   ] GC(618)   Post Evacuate Collection Set: 0.78ms
[424.960s][info][gc,phases   ] GC(618)   Other: 0.14ms
[424.960s][info][gc,heap     ] GC(618) Eden regions: 482->0(483)
[424.960s][info][gc,heap     ] GC(618) Survivor regions: 4->3(61)
[424.960s][info][gc,heap     ] GC(618) Old regions: 39->39
[424.960s][info][gc,heap     ] GC(618) Humongous regions: 207->207
[424.960s][info][gc,metaspace] GC(618) Metaspace: 57464K(57792K)->57464K(57792K) NonClass: 49178K(49408K)->49178K(49408K) Class: 8286K(8384K)->8286K(8384K)
[424.960s][info][gc          ] GC(618) Pause Young (Concurrent Start) (G1 Evacuation Pause) 730M->247M(810M) 6.195ms
[424.960s][info][gc,cpu      ] GC(618) User=0.01s Sys=0.00s Real=0.01s
[424.960s][info][gc          ] GC(619) Concurrent Mark Cycle
[424.960s][info][gc,marking  ] GC(619) Concurrent Scan Root Regions
[424.964s][info][gc,marking  ] GC(619) Concurrent Scan Root Regions 4.245ms
[424.964s][info][gc,marking  ] GC(619) Concurrent Mark
[424.964s][info][gc,marking  ] GC(619) Concurrent Mark From Roots
[424.964s][info][gc,task     ] GC(619) Using 1 workers of 1 for marking
[425.008s][info][gc,marking  ] GC(619) Concurrent Mark From Roots 44.246ms
[425.008s][info][gc,marking  ] GC(619) Concurrent Preclean
[425.008s][info][gc,marking  ] GC(619) Concurrent Preclean 0.071ms
[425.008s][info][gc,start    ] GC(619) Pause Remark
[425.019s][info][gc          ] GC(619) Pause Remark 256M->256M(810M) 10.374ms
[425.019s][info][gc,cpu      ] GC(619) User=0.02s Sys=0.00s Real=0.01s
[425.019s][info][gc,marking  ] GC(619) Concurrent Mark 55.112ms
[425.019s][info][gc,marking  ] GC(619) Concurrent Rebuild Remembered Sets and Scrub Regions
[425.036s][info][gc,marking  ] GC(619) Concurrent Rebuild Remembered Sets and Scrub Regions 16.651ms
[425.036s][info][gc,start    ] GC(619) Pause Cleanup
[425.036s][info][gc          ] GC(619) Pause Cleanup 265M->265M(810M) 0.066ms
[425.036s][info][gc,cpu      ] GC(619) User=0.00s Sys=0.00s Real=0.00s
[425.036s][info][gc,marking  ] GC(619) Concurrent Clear Claimed Marks
[425.036s][info][gc,marking  ] GC(619) Concurrent Clear Claimed Marks 0.085ms
[425.036s][info][gc,marking  ] GC(619) Concurrent Cleanup for Next Mark
[425.038s][info][gc,marking  ] GC(619) Concurrent Cleanup for Next Mark 2.367ms
[425.038s][info][gc          ] GC(619) Concurrent Mark Cycle 78.769ms
[426.170s][info][gc,start    ] GC(620) Pause Young (Prepare Mixed) (G1 Evacuation Pause)
[426.170s][info][gc,task     ] GC(620) Using 2 workers of 2 for evacuation
[426.175s][info][gc,phases   ] GC(620)   Pre Evacuate Collection Set: 0.31ms
[426.175s][info][gc,phases   ] GC(620)   Merge Heap Roots: 0.18ms
[426.175s][info][gc,phases   ] GC(620)   Evacuate Collection Set: 3.43ms
[426.175s][info][gc,phases   ] GC(620)   Post Evacuate Collection Set: 0.80ms
[426.175s][info][gc,phases   ] GC(620)   Other: 0.09ms
[426.175s][info][gc,heap     ] GC(620) Eden regions: 483->0(485)
[426.175s][info][gc,heap     ] GC(620) Survivor regions: 3->1(61)
[426.175s][info][gc,heap     ] GC(620) Old regions: 39->39
[426.175s][info][gc,heap     ] GC(620) Humongous regions: 207->207
[426.175s][info][gc,metaspace] GC(620) Metaspace: 57464K(57792K)->57464K(57792K) NonClass: 49178K(49408K)->49178K(49408K) Class: 8286K(8384K)->8286K(8384K)
[426.175s][info][gc          ] GC(620) Pause Young (Prepare Mixed) (G1 Evacuation Pause) 730M->246M(810M) 4.974ms
[426.175s][info][gc,cpu      ] GC(620) User=0.00s Sys=0.00s Real=0.00s
[427.422s][info][gc,start    ] GC(621) Pause Young (Mixed) (G1 Evacuation Pause)
[427.422s][info][gc,task     ] GC(621) Using 2 workers of 2 for evacuation
[427.428s][info][gc,phases   ] GC(621)   Pre Evacuate Collection Set: 0.29ms
[427.428s][info][gc,phases   ] GC(621)   Merge Heap Roots: 0.15ms
[427.428s][info][gc,phases   ] GC(621)   Evacuate Collection Set: 4.31ms
[427.428s][info][gc,phases   ] GC(621)   Post Evacuate Collection Set: 0.76ms
[427.428s][info][gc,phases   ] GC(621)   Other: 0.08ms
[427.428s][info][gc,heap     ] GC(621) Eden regions: 485->0(484)
[427.428s][info][gc,heap     ] GC(621) Survivor regions: 1->2(61)
[427.428s][info][gc,heap     ] GC(621) Old regions: 39->39
[427.428s][info][gc,heap     ] GC(621) Humongous regions: 207->207
[427.428s][info][gc,metaspace] GC(621) Metaspace: 57464K(57792K)->57464K(57792K) NonClass: 49178K(49408K)->49178K(49408K) Class: 8286K(8384K)->8286K(8384K)
[427.428s][info][gc          ] GC(621) Pause Young (Mixed) (G1 Evacuation Pause) 731M->246M(810M) 5.759ms
[427.428s][info][gc,cpu      ] GC(621) User=0.01s Sys=0.00s Real=0.01s
[428.647s][info][gc,start    ] GC(622) Pause Young (Concurrent Start) (G1 Evacuation Pause)
[428.647s][info][gc,task     ] GC(622) Using 2 workers of 2 for evacuation
[428.652s][info][gc,phases   ] GC(622)   Pre Evacuate Collection Set: 0.29ms
[428.652s][info][gc,phases   ] GC(622)   Merge Heap Roots: 0.15ms
[428.652s][info][gc,phases   ] GC(622)   Evacuate Collection Set: 4.08ms
[428.652s][info][gc,phases   ] GC(622)   Post Evacuate Collection Set: 0.73ms
[428.653s][info][gc,phases   ] GC(622)   Other: 0.13ms
[428.653s][info][gc,heap     ] GC(622) Eden regions: 484->0(484)
[428.653s][info][gc,heap     ] GC(622) Survivor regions: 2->2(61)
[428.653s][info][gc,heap     ] GC(622) Old regions: 39->39
[428.653s][info][gc,heap     ] GC(622) Humongous regions: 207->207
[428.653s][info][gc,metaspace] GC(622) Metaspace: 57464K(57792K)->57464K(57792K) NonClass: 49178K(49408K)->49178K(49408K) Class: 8286K(8384K)->8286K(8384K)
[428.653s][info][gc          ] GC(622) Pause Young (Concurrent Start) (G1 Evacuation Pause) 729M->247M(810M) 5.537ms
[428.653s][info][gc,cpu      ] GC(622) User=0.01s Sys=0.00s Real=0.00s
[428.653s][info][gc          ] GC(623) Concurrent Mark Cycle
[428.653s][info][gc,marking  ] GC(623) Concurrent Scan Root Regions
[428.663s][info][gc,marking  ] GC(623) Concurrent Scan Root Regions 9.348ms
[428.663s][info][gc,marking  ] GC(623) Concurrent Mark
[428.663s][info][gc,marking  ] GC(623) Concurrent Mark From Roots
[428.663s][info][gc,task     ] GC(623) Using 1 workers of 1 for marking
[428.718s][info][gc,marking  ] GC(623) Concurrent Mark From Roots 55.120ms
[428.718s][info][gc,marking  ] GC(623) Concurrent Preclean
[428.718s][info][gc,marking  ] GC(623) Concurrent Preclean 0.094ms
[428.718s][info][gc,start    ] GC(623) Pause Remark
[428.728s][info][gc          ] GC(623) Pause Remark 276M->276M(810M) 9.858ms
[428.728s][info][gc,cpu      ] GC(623) User=0.02s Sys=0.00s Real=0.01s
[428.729s][info][gc,marking  ] GC(623) Concurrent Mark 66.724ms
[428.729s][info][gc,marking  ] GC(623) Concurrent Rebuild Remembered Sets and Scrub Regions
[428.749s][info][gc,marking  ] GC(623) Concurrent Rebuild Remembered Sets and Scrub Regions 19.424ms
[428.750s][info][gc,start    ] GC(623) Pause Cleanup
[428.750s][info][gc          ] GC(623) Pause Cleanup 288M->288M(810M) 0.079ms
[428.750s][info][gc,cpu      ] GC(623) User=0.00s Sys=0.00s Real=0.00s
[428.750s][info][gc,marking  ] GC(623) Concurrent Clear Claimed Marks
[428.750s][info][gc,marking  ] GC(623) Concurrent Clear Claimed Marks 0.091ms
[428.750s][info][gc,marking  ] GC(623) Concurrent Cleanup for Next Mark
[428.753s][info][gc,marking  ] GC(623) Concurrent Cleanup for Next Mark 3.481ms
[428.753s][info][gc          ] GC(623) Concurrent Mark Cycle 100.721ms
[429.845s][info][gc,start    ] GC(624) Pause Young (Prepare Mixed) (G1 Evacuation Pause)
[429.845s][info][gc,task     ] GC(624) Using 2 workers of 2 for evacuation
[429.849s][info][gc,phases   ] GC(624)   Pre Evacuate Collection Set: 0.27ms
[429.849s][info][gc,phases   ] GC(624)   Merge Heap Roots: 0.17ms
[429.849s][info][gc,phases   ] GC(624)   Evacuate Collection Set: 3.18ms
[429.849s][info][gc,phases   ] GC(624)   Post Evacuate Collection Set: 0.76ms
[429.849s][info][gc,phases   ] GC(624)   Other: 0.09ms
[429.849s][info][gc,heap     ] GC(624) Eden regions: 484->0(484)
[429.849s][info][gc,heap     ] GC(624) Survivor regions: 2->2(61)
[429.849s][info][gc,heap     ] GC(624) Old regions: 39->39
[429.849s][info][gc,heap     ] GC(624) Humongous regions: 207->207
[429.849s][info][gc,metaspace] GC(624) Metaspace: 57464K(57792K)->57464K(57792K) NonClass: 49178K(49408K)->49178K(49408K) Class: 8286K(8384K)->8286K(8384K)
[429.849s][info][gc          ] GC(624) Pause Young (Prepare Mixed) (G1 Evacuation Pause) 731M->247M(810M) 4.671ms
[429.849s][info][gc,cpu      ] GC(624) User=0.01s Sys=0.00s Real=0.01s
[431.148s][info][gc,start    ] GC(625) Pause Young (Mixed) (G1 Evacuation Pause)
[431.148s][info][gc,task     ] GC(625) Using 2 workers of 2 for evacuation
[431.155s][info][gc,phases   ] GC(625)   Pre Evacuate Collection Set: 0.30ms
[431.155s][info][gc,phases   ] GC(625)   Merge Heap Roots: 0.15ms
[431.155s][info][gc,phases   ] GC(625)   Evacuate Collection Set: 6.12ms
[431.155s][info][gc,phases   ] GC(625)   Post Evacuate Collection Set: 0.82ms
[431.155s][info][gc,phases   ] GC(625)   Other: 0.11ms
[431.155s][info][gc,heap     ] GC(625) Eden regions: 484->0(483)
[431.155s][info][gc,heap     ] GC(625) Survivor regions: 2->3(61)
[431.155s][info][gc,heap     ] GC(625) Old regions: 39->38
[431.155s][info][gc,heap     ] GC(625) Humongous regions: 207->207
[431.155s][info][gc,metaspace] GC(625) Metaspace: 57464K(57792K)->57464K(57792K) NonClass: 49178K(49408K)->49178K(49408K) Class: 8286K(8384K)->8286K(8384K)
[431.155s][info][gc          ] GC(625) Pause Young (Mixed) (G1 Evacuation Pause) 731M->247M(810M) 7.685ms
[431.155s][info][gc,cpu      ] GC(625) User=0.01s Sys=0.00s Real=0.00s
[432.346s][info][gc,start    ] GC(626) Pause Young (Concurrent Start) (G1 Evacuation Pause)
[432.346s][info][gc,task     ] GC(626) Using 2 workers of 2 for evacuation
[432.352s][info][gc,phases   ] GC(626)   Pre Evacuate Collection Set: 0.29ms
[432.352s][info][gc,phases   ] GC(626)   Merge Heap Roots: 0.12ms
[432.352s][info][gc,phases   ] GC(626)   Evacuate Collection Set: 4.60ms
[432.352s][info][gc,phases   ] GC(626)   Post Evacuate Collection Set: 0.73ms
[432.352s][info][gc,phases   ] GC(626)   Other: 0.11ms
[432.352s][info][gc,heap     ] GC(626) Eden regions: 483->0(483)
[432.352s][info][gc,heap     ] GC(626) Survivor regions: 3->3(61)
[432.352s][info][gc,heap     ] GC(626) Old regions: 38->38
[432.352s][info][gc,heap     ] GC(626) Humongous regions: 207->207
[432.352s][info][gc,metaspace] GC(626) Metaspace: 57464K(57792K)->57464K(57792K) NonClass: 49178K(49408K)->49178K(49408K) Class: 8286K(8384K)->8286K(8384K)
[432.352s][info][gc          ] GC(626) Pause Young (Concurrent Start) (G1 Evacuation Pause) 730M->247M(810M) 6.020ms
[432.352s][info][gc,cpu      ] GC(626) User=0.01s Sys=0.00s Real=0.01s
[432.352s][info][gc          ] GC(627) Concurrent Mark Cycle
[432.355s][info][gc,marking  ] GC(627) Concurrent Scan Root Regions
[432.360s][info][gc,marking  ] GC(627) Concurrent Scan Root Regions 4.506ms
[432.360s][info][gc,marking  ] GC(627) Concurrent Mark
[432.360s][info][gc,marking  ] GC(627) Concurrent Mark From Roots
[432.360s][info][gc,task     ] GC(627) Using 1 workers of 1 for marking
[432.400s][info][gc,marking  ] GC(627) Concurrent Mark From Roots 40.432ms
[432.400s][info][gc,marking  ] GC(627) Concurrent Preclean
[432.400s][info][gc,marking  ] GC(627) Concurrent Preclean 0.074ms
[432.400s][info][gc,start    ] GC(627) Pause Remark
[432.410s][info][gc          ] GC(627) Pause Remark 263M->263M(810M) 9.806ms
[432.410s][info][gc,cpu      ] GC(627) User=0.02s Sys=0.00s Real=0.01s
[432.410s][info][gc,marking  ] GC(627) Concurrent Mark 50.546ms
[432.410s][info][gc,marking  ] GC(627) Concurrent Rebuild Remembered Sets and Scrub Regions
[432.435s][info][gc,marking  ] GC(627) Concurrent Rebuild Remembered Sets and Scrub Regions 24.235ms
[432.435s][info][gc,start    ] GC(627) Pause Cleanup
[432.435s][info][gc          ] GC(627) Pause Cleanup 276M->276M(810M) 0.072ms
[432.435s][info][gc,cpu      ] GC(627) User=0.00s Sys=0.00s Real=0.00s
[432.435s][info][gc,marking  ] GC(627) Concurrent Clear Claimed Marks
[432.435s][info][gc,marking  ] GC(627) Concurrent Clear Claimed Marks 0.086ms
[432.435s][info][gc,marking  ] GC(627) Concurrent Cleanup for Next Mark
[432.437s][info][gc,marking  ] GC(627) Concurrent Cleanup for Next Mark 2.419ms
[432.437s][info][gc          ] GC(627) Concurrent Mark Cycle 85.723ms
[433.553s][info][gc,start    ] GC(628) Pause Young (Prepare Mixed) (G1 Evacuation Pause)
[433.553s][info][gc,task     ] GC(628) Using 2 workers of 2 for evacuation
[433.564s][info][gc,phases   ] GC(628)   Pre Evacuate Collection Set: 0.29ms
[433.564s][info][gc,phases   ] GC(628)   Merge Heap Roots: 0.15ms
[433.564s][info][gc,phases   ] GC(628)   Evacuate Collection Set: 9.87ms
[433.564s][info][gc,phases   ] GC(628)   Post Evacuate Collection Set: 0.81ms
[433.564s][info][gc,phases   ] GC(628)   Other: 0.10ms
[433.564s][info][gc,heap     ] GC(628) Eden regions: 483->0(483)
[433.564s][info][gc,heap     ] GC(628) Survivor regions: 3->3(61)
[433.564s][info][gc,heap     ] GC(628) Old regions: 38->38
[433.564s][info][gc,heap     ] GC(628) Humongous regions: 207->207
[433.564s][info][gc,metaspace] GC(628) Metaspace: 57464K(57792K)->57464K(57792K) NonClass: 49178K(49408K)->49178K(49408K) Class: 8286K(8384K)->8286K(8384K)
[433.564s][info][gc          ] GC(628) Pause Young (Prepare Mixed) (G1 Evacuation Pause) 730M->247M(810M) 11.385ms
[433.564s][info][gc,cpu      ] GC(628) User=0.01s Sys=0.00s Real=0.01s
[434.757s][info][gc,start    ] GC(629) Pause Young (Mixed) (G1 Evacuation Pause)
[434.758s][info][gc,task     ] GC(629) Using 2 workers of 2 for evacuation
[434.767s][info][gc,phases   ] GC(629)   Pre Evacuate Collection Set: 0.29ms
[434.767s][info][gc,phases   ] GC(629)   Merge Heap Roots: 0.19ms
[434.767s][info][gc,phases   ] GC(629)   Evacuate Collection Set: 8.00ms
[434.767s][info][gc,phases   ] GC(629)   Post Evacuate Collection Set: 0.89ms
[434.767s][info][gc,phases   ] GC(629)   Other: 0.10ms
[434.767s][info][gc,heap     ] GC(629) Eden regions: 483->0(483)
[434.767s][info][gc,heap     ] GC(629) Survivor regions: 3->3(61)
[434.767s][info][gc,heap     ] GC(629) Old regions: 38->38
[434.767s][info][gc,heap     ] GC(629) Humongous regions: 207->207
[434.767s][info][gc,metaspace] GC(629) Metaspace: 57464K(57792K)->57464K(57792K) NonClass: 49178K(49408K)->49178K(49408K) Class: 8286K(8384K)->8286K(8384K)
[434.767s][info][gc          ] GC(629) Pause Young (Mixed) (G1 Evacuation Pause) 730M->247M(810M) 9.629ms
[434.767s][info][gc,cpu      ] GC(629) User=0.02s Sys=0.00s Real=0.01s
[435.953s][info][gc,start    ] GC(630) Pause Young (Concurrent Start) (G1 Evacuation Pause)
[435.953s][info][gc,task     ] GC(630) Using 2 workers of 2 for evacuation
[435.959s][info][gc,phases   ] GC(630)   Pre Evacuate Collection Set: 0.29ms
[435.959s][info][gc,phases   ] GC(630)   Merge Heap Roots: 0.13ms
[435.959s][info][gc,phases   ] GC(630)   Evacuate Collection Set: 4.71ms
[435.959s][info][gc,phases   ] GC(630)   Post Evacuate Collection Set: 0.75ms
[435.959s][info][gc,phases   ] GC(630)   Other: 0.11ms
[435.959s][info][gc,heap     ] GC(630) Eden regions: 483->0(483)
[435.959s][info][gc,heap     ] GC(630) Survivor regions: 3->3(61)
[435.959s][info][gc,heap     ] GC(630) Old regions: 38->38
[435.959s][info][gc,heap     ] GC(630) Humongous regions: 207->207
[435.959s][info][gc,metaspace] GC(630) Metaspace: 57464K(57792K)->57464K(57792K) NonClass: 49178K(49408K)->49178K(49408K) Class: 8286K(8384K)->8286K(8384K)
[435.959s][info][gc          ] GC(630) Pause Young (Concurrent Start) (G1 Evacuation Pause) 729M->247M(810M) 6.167ms
[435.959s][info][gc,cpu      ] GC(630) User=0.01s Sys=0.00s Real=0.01s
[435.959s][info][gc          ] GC(631) Concurrent Mark Cycle
[435.959s][info][gc,marking  ] GC(631) Concurrent Scan Root Regions
[435.962s][info][gc,marking  ] GC(631) Concurrent Scan Root Regions 3.206ms
[435.962s][info][gc,marking  ] GC(631) Concurrent Mark
[435.962s][info][gc,marking  ] GC(631) Concurrent Mark From Roots
[435.962s][info][gc,task     ] GC(631) Using 1 workers of 1 for marking
[436.013s][info][gc,marking  ] GC(631) Concurrent Mark From Roots 50.314ms
[436.013s][info][gc,marking  ] GC(631) Concurrent Preclean
[436.013s][info][gc,marking  ] GC(631) Concurrent Preclean 0.099ms
[436.013s][info][gc,start    ] GC(631) Pause Remark
[436.023s][info][gc          ] GC(631) Pause Remark 298M->298M(810M) 10.017ms
[436.023s][info][gc,cpu      ] GC(631) User=0.02s Sys=0.00s Real=0.01s
[436.023s][info][gc,marking  ] GC(631) Concurrent Mark 60.937ms
[436.023s][info][gc,marking  ] GC(631) Concurrent Rebuild Remembered Sets and Scrub Regions
[436.040s][info][gc,marking  ] GC(631) Concurrent Rebuild Remembered Sets and Scrub Regions 16.907ms
[436.041s][info][gc,start    ] GC(631) Pause Cleanup
[436.041s][info][gc          ] GC(631) Pause Cleanup 298M->298M(810M) 0.101ms
[436.041s][info][gc,cpu      ] GC(631) User=0.01s Sys=0.00s Real=0.00s
[436.041s][info][gc,marking  ] GC(631) Concurrent Clear Claimed Marks
[436.041s][info][gc,marking  ] GC(631) Concurrent Clear Claimed Marks 0.100ms
[436.041s][info][gc,marking  ] GC(631) Concurrent Cleanup for Next Mark
[436.043s][info][gc,marking  ] GC(631) Concurrent Cleanup for Next Mark 2.400ms
[436.043s][info][gc          ] GC(631) Concurrent Mark Cycle 84.274ms
[439.544s][info][gc,start    ] GC(632) Pause Young (Prepare Mixed) (G1 Evacuation Pause)
[439.544s][info][gc,task     ] GC(632) Using 2 workers of 2 for evacuation
[439.561s][info][gc,phases   ] GC(632)   Pre Evacuate Collection Set: 0.31ms
[439.561s][info][gc,phases   ] GC(632)   Merge Heap Roots: 0.16ms
[439.561s][info][gc,phases   ] GC(632)   Evacuate Collection Set: 15.79ms
[439.561s][info][gc,phases   ] GC(632)   Post Evacuate Collection Set: 0.92ms
[439.561s][info][gc,phases   ] GC(632)   Other: 0.09ms
[439.561s][info][gc,heap     ] GC(632) Eden regions: 406->0(480)
[439.561s][info][gc,heap     ] GC(632) Survivor regions: 3->15(61)
[439.561s][info][gc,heap     ] GC(632) Old regions: 38->38
[439.561s][info][gc,heap     ] GC(632) Humongous regions: 363->207
[439.561s][info][gc,metaspace] GC(632) Metaspace: 57585K(57920K)->57585K(57920K) NonClass: 49298K(49536K)->49298K(49536K) Class: 8286K(8384K)->8286K(8384K)
[439.561s][info][gc          ] GC(632) Pause Young (Prepare Mixed) (G1 Evacuation Pause) 808M->259M(825M) 17.435ms
[439.561s][info][gc,cpu      ] GC(632) User=0.02s Sys=0.01s Real=0.02s
[440.745s][info][gc,start    ] GC(633) Pause Young (Mixed) (G1 Evacuation Pause)
[440.745s][info][gc,task     ] GC(633) Using 2 workers of 2 for evacuation
[440.757s][info][gc,phases   ] GC(633)   Pre Evacuate Collection Set: 0.30ms
[440.757s][info][gc,phases   ] GC(633)   Merge Heap Roots: 0.16ms
[440.757s][info][gc,phases   ] GC(633)   Evacuate Collection Set: 10.16ms
[440.757s][info][gc,phases   ] GC(633)   Post Evacuate Collection Set: 0.86ms
[440.757s][info][gc,phases   ] GC(633)   Other: 0.10ms
[440.757s][info][gc,heap     ] GC(633) Eden regions: 480->0(479)
[440.757s][info][gc,heap     ] GC(633) Survivor regions: 15->16(62)
[440.757s][info][gc,heap     ] GC(633) Old regions: 38->38
[440.757s][info][gc,heap     ] GC(633) Humongous regions: 207->207
[440.757s][info][gc,metaspace] GC(633) Metaspace: 57585K(57920K)->57585K(57920K) NonClass: 49298K(49536K)->49298K(49536K) Class: 8286K(8384K)->8286K(8384K)
[440.757s][info][gc          ] GC(633) Pause Young (Mixed) (G1 Evacuation Pause) 739M->260M(825M) 11.763ms
[440.757s][info][gc,cpu      ] GC(633) User=0.02s Sys=0.00s Real=0.02s
[441.947s][info][gc,start    ] GC(634) Pause Young (Concurrent Start) (G1 Evacuation Pause)
[441.947s][info][gc,task     ] GC(634) Using 2 workers of 2 for evacuation
[441.956s][info][gc,phases   ] GC(634)   Pre Evacuate Collection Set: 0.32ms
[441.956s][info][gc,phases   ] GC(634)   Merge Heap Roots: 0.15ms
[441.956s][info][gc,phases   ] GC(634)   Evacuate Collection Set: 8.04ms
[441.956s][info][gc,phases   ] GC(634)   Post Evacuate Collection Set: 0.86ms
[441.956s][info][gc,phases   ] GC(634)   Other: 0.10ms
[441.956s][info][gc,heap     ] GC(634) Eden regions: 479->0(480)
[441.956s][info][gc,heap     ] GC(634) Survivor regions: 16->15(62)
[441.956s][info][gc,heap     ] GC(634) Old regions: 38->38
[441.956s][info][gc,heap     ] GC(634) Humongous regions: 207->207
[441.956s][info][gc,metaspace] GC(634) Metaspace: 57588K(57920K)->57588K(57920K) NonClass: 49301K(49536K)->49301K(49536K) Class: 8286K(8384K)->8286K(8384K)
[441.957s][info][gc          ] GC(634) Pause Young (Concurrent Start) (G1 Evacuation Pause) 739M->259M(825M) 9.675ms
[441.957s][info][gc,cpu      ] GC(634) User=0.01s Sys=0.00s Real=0.00s
[441.957s][info][gc          ] GC(635) Concurrent Mark Cycle
[441.957s][info][gc,marking  ] GC(635) Concurrent Scan Root Regions
[441.966s][info][gc,marking  ] GC(635) Concurrent Scan Root Regions 8.985ms
[441.966s][info][gc,marking  ] GC(635) Concurrent Mark
[441.966s][info][gc,marking  ] GC(635) Concurrent Mark From Roots
[441.966s][info][gc,task     ] GC(635) Using 1 workers of 1 for marking
[442.006s][info][gc,marking  ] GC(635) Concurrent Mark From Roots 40.200ms
[442.006s][info][gc,marking  ] GC(635) Concurrent Preclean
[442.006s][info][gc,marking  ] GC(635) Concurrent Preclean 0.061ms
[442.006s][info][gc,start    ] GC(635) Pause Remark
[442.017s][info][gc          ] GC(635) Pause Remark 276M->276M(825M) 10.430ms
[442.017s][info][gc,cpu      ] GC(635) User=0.02s Sys=0.00s Real=0.02s
[442.021s][info][gc,marking  ] GC(635) Concurrent Mark 54.742ms
[442.021s][info][gc,marking  ] GC(635) Concurrent Rebuild Remembered Sets and Scrub Regions
[442.042s][info][gc,marking  ] GC(635) Concurrent Rebuild Remembered Sets and Scrub Regions 21.618ms
[442.042s][info][gc,start    ] GC(635) Pause Cleanup
[442.043s][info][gc          ] GC(635) Pause Cleanup 289M->289M(825M) 0.071ms
[442.043s][info][gc,cpu      ] GC(635) User=0.00s Sys=0.00s Real=0.00s
[442.043s][info][gc,marking  ] GC(635) Concurrent Clear Claimed Marks
[442.043s][info][gc,marking  ] GC(635) Concurrent Clear Claimed Marks 0.088ms
[442.043s][info][gc,marking  ] GC(635) Concurrent Cleanup for Next Mark
[442.045s][info][gc,marking  ] GC(635) Concurrent Cleanup for Next Mark 2.550ms
[442.045s][info][gc          ] GC(635) Concurrent Mark Cycle 88.296ms
[443.142s][info][gc,start    ] GC(636) Pause Young (Prepare Mixed) (G1 Evacuation Pause)
[443.142s][info][gc,task     ] GC(636) Using 2 workers of 2 for evacuation
[443.153s][info][gc,phases   ] GC(636)   Pre Evacuate Collection Set: 0.30ms
[443.153s][info][gc,phases   ] GC(636)   Merge Heap Roots: 0.17ms
[443.153s][info][gc,phases   ] GC(636)   Evacuate Collection Set: 9.49ms
[443.153s][info][gc,phases   ] GC(636)   Post Evacuate Collection Set: 0.86ms
[443.153s][info][gc,phases   ] GC(636)   Other: 0.09ms
[443.153s][info][gc,heap     ] GC(636) Eden regions: 480->0(479)
[443.153s][info][gc,heap     ] GC(636) Survivor regions: 15->16(62)
[443.153s][info][gc,heap     ] GC(636) Old regions: 38->38
[443.153s][info][gc,heap     ] GC(636) Humongous regions: 207->207
[443.153s][info][gc,metaspace] GC(636) Metaspace: 57588K(57920K)->57588K(57920K) NonClass: 49301K(49536K)->49301K(49536K) Class: 8286K(8384K)->8286K(8384K)
[443.153s][info][gc          ] GC(636) Pause Young (Prepare Mixed) (G1 Evacuation Pause) 739M->260M(825M) 11.099ms
[443.153s][info][gc,cpu      ] GC(636) User=0.02s Sys=0.00s Real=0.01s
[444.344s][info][gc,start    ] GC(637) Pause Young (Mixed) (G1 Evacuation Pause)
[444.344s][info][gc,task     ] GC(637) Using 2 workers of 2 for evacuation
[444.356s][info][gc,phases   ] GC(637)   Pre Evacuate Collection Set: 0.29ms
[444.356s][info][gc,phases   ] GC(637)   Merge Heap Roots: 0.15ms
[444.356s][info][gc,phases   ] GC(637)   Evacuate Collection Set: 10.80ms
[444.356s][info][gc,phases   ] GC(637)   Post Evacuate Collection Set: 0.86ms
[444.356s][info][gc,phases   ] GC(637)   Other: 0.09ms
[444.356s][info][gc,heap     ] GC(637) Eden regions: 479->0(479)
[444.356s][info][gc,heap     ] GC(637) Survivor regions: 16->16(62)
[444.356s][info][gc,heap     ] GC(637) Old regions: 38->38
[444.356s][info][gc,heap     ] GC(637) Humongous regions: 207->207
[444.356s][info][gc,metaspace] GC(637) Metaspace: 57588K(57920K)->57588K(57920K) NonClass: 49301K(49536K)->49301K(49536K) Class: 8286K(8384K)->8286K(8384K)
[444.356s][info][gc          ] GC(637) Pause Young (Mixed) (G1 Evacuation Pause) 739M->260M(825M) 12.403ms
[444.356s][info][gc,cpu      ] GC(637) User=0.02s Sys=0.00s Real=0.01s
[445.594s][info][gc,start    ] GC(638) Pause Young (Concurrent Start) (G1 Evacuation Pause)
[445.594s][info][gc,task     ] GC(638) Using 2 workers of 2 for evacuation
[445.605s][info][gc,phases   ] GC(638)   Pre Evacuate Collection Set: 0.32ms
[445.605s][info][gc,phases   ] GC(638)   Merge Heap Roots: 0.14ms
[445.605s][info][gc,phases   ] GC(638)   Evacuate Collection Set: 9.79ms
[445.605s][info][gc,phases   ] GC(638)   Post Evacuate Collection Set: 0.83ms
[445.605s][info][gc,phases   ] GC(638)   Other: 0.10ms
[445.605s][info][gc,heap     ] GC(638) Eden regions: 479->0(479)
[445.605s][info][gc,heap     ] GC(638) Survivor regions: 16->16(62)
[445.605s][info][gc,heap     ] GC(638) Old regions: 38->38
[445.605s][info][gc,heap     ] GC(638) Humongous regions: 207->207
[445.605s][info][gc,metaspace] GC(638) Metaspace: 57588K(57920K)->57588K(57920K) NonClass: 49301K(49536K)->49301K(49536K) Class: 8286K(8384K)->8286K(8384K)
[445.605s][info][gc          ] GC(638) Pause Young (Concurrent Start) (G1 Evacuation Pause) 739M->259M(825M) 11.381ms
[445.605s][info][gc          ] GC(639) Concurrent Mark Cycle
[445.605s][info][gc,marking  ] GC(639) Concurrent Scan Root Regions
[445.606s][info][gc,cpu      ] GC(638) User=0.03s Sys=0.00s Real=0.01s
[445.615s][info][gc,marking  ] GC(639) Concurrent Scan Root Regions 10.079ms
[445.615s][info][gc,marking  ] GC(639) Concurrent Mark
[445.615s][info][gc,marking  ] GC(639) Concurrent Mark From Roots
[445.615s][info][gc,task     ] GC(639) Using 1 workers of 1 for marking
[445.675s][info][gc,marking  ] GC(639) Concurrent Mark From Roots 59.577ms
[445.675s][info][gc,marking  ] GC(639) Concurrent Preclean
[445.675s][info][gc,marking  ] GC(639) Concurrent Preclean 0.061ms
[445.675s][info][gc,start    ] GC(639) Pause Remark
[445.686s][info][gc          ] GC(639) Pause Remark 299M->299M(825M) 10.729ms
[445.686s][info][gc,cpu      ] GC(639) User=0.02s Sys=0.00s Real=0.01s
[445.686s][info][gc,marking  ] GC(639) Concurrent Mark 71.292ms
[445.686s][info][gc,marking  ] GC(639) Concurrent Rebuild Remembered Sets and Scrub Regions
[445.716s][info][gc,marking  ] GC(639) Concurrent Rebuild Remembered Sets and Scrub Regions 29.146ms
[445.716s][info][gc,start    ] GC(639) Pause Cleanup
[445.716s][info][gc          ] GC(639) Pause Cleanup 316M->316M(825M) 0.090ms
[445.716s][info][gc,cpu      ] GC(639) User=0.00s Sys=0.00s Real=0.00s
[445.717s][info][gc,marking  ] GC(639) Concurrent Clear Claimed Marks
[445.717s][info][gc,marking  ] GC(639) Concurrent Clear Claimed Marks 0.105ms
[445.717s][info][gc,marking  ] GC(639) Concurrent Cleanup for Next Mark
[445.721s][info][gc,marking  ] GC(639) Concurrent Cleanup for Next Mark 4.522ms
[445.721s][info][gc          ] GC(639) Concurrent Mark Cycle 116.339ms
[446.795s][info][gc,start    ] GC(640) Pause Young (Prepare Mixed) (G1 Evacuation Pause)
[446.795s][info][gc,task     ] GC(640) Using 2 workers of 2 for evacuation
[446.804s][info][gc,phases   ] GC(640)   Pre Evacuate Collection Set: 0.55ms
[446.804s][info][gc,phases   ] GC(640)   Merge Heap Roots: 0.20ms
[446.804s][info][gc,phases   ] GC(640)   Evacuate Collection Set: 7.40ms
[446.804s][info][gc,phases   ] GC(640)   Post Evacuate Collection Set: 0.86ms
[446.804s][info][gc,phases   ] GC(640)   Other: 0.09ms
[446.804s][info][gc,heap     ] GC(640) Eden regions: 479->0(480)
[446.804s][info][gc,heap     ] GC(640) Survivor regions: 16->15(62)
[446.804s][info][gc,heap     ] GC(640) Old regions: 38->38
[446.804s][info][gc,heap     ] GC(640) Humongous regions: 207->207
[446.804s][info][gc,metaspace] GC(640) Metaspace: 57588K(57920K)->57588K(57920K) NonClass: 49301K(49536K)->49301K(49536K) Class: 8286K(8384K)->8286K(8384K)
[446.804s][info][gc          ] GC(640) Pause Young (Prepare Mixed) (G1 Evacuation Pause) 738M->259M(825M) 9.336ms
[446.804s][info][gc,cpu      ] GC(640) User=0.02s Sys=0.00s Real=0.01s
[447.943s][info][gc,start    ] GC(641) Pause Young (Mixed) (G1 Evacuation Pause)
[447.943s][info][gc,task     ] GC(641) Using 2 workers of 2 for evacuation
[447.954s][info][gc,phases   ] GC(641)   Pre Evacuate Collection Set: 0.30ms
[447.954s][info][gc,phases   ] GC(641)   Merge Heap Roots: 0.14ms
[447.954s][info][gc,phases   ] GC(641)   Evacuate Collection Set: 9.03ms
[447.954s][info][gc,phases   ] GC(641)   Post Evacuate Collection Set: 0.83ms
[447.954s][info][gc,phases   ] GC(641)   Other: 0.09ms
[447.954s][info][gc,heap     ] GC(641) Eden regions: 480->0(479)
[447.954s][info][gc,heap     ] GC(641) Survivor regions: 15->16(62)
[447.954s][info][gc,heap     ] GC(641) Old regions: 38->38
[447.954s][info][gc,heap     ] GC(641) Humongous regions: 207->207
[447.954s][info][gc,metaspace] GC(641) Metaspace: 57588K(57920K)->57588K(57920K) NonClass: 49301K(49536K)->49301K(49536K) Class: 8286K(8384K)->8286K(8384K)
[447.954s][info][gc          ] GC(641) Pause Young (Mixed) (G1 Evacuation Pause) 739M->259M(825M) 10.573ms
[447.954s][info][gc,cpu      ] GC(641) User=0.02s Sys=0.00s Real=0.01s
[449.142s][info][gc,start    ] GC(642) Pause Young (Concurrent Start) (G1 Evacuation Pause)
[449.142s][info][gc,task     ] GC(642) Using 2 workers of 2 for evacuation
[449.151s][info][gc,phases   ] GC(642)   Pre Evacuate Collection Set: 0.33ms
[449.151s][info][gc,phases   ] GC(642)   Merge Heap Roots: 0.14ms
[449.152s][info][gc,phases   ] GC(642)   Evacuate Collection Set: 8.33ms
[449.152s][info][gc,phases   ] GC(642)   Post Evacuate Collection Set: 0.83ms
[449.152s][info][gc,phases   ] GC(642)   Other: 0.10ms
[449.152s][info][gc,heap     ] GC(642) Eden regions: 479->0(479)
[449.152s][info][gc,heap     ] GC(642) Survivor regions: 16->16(62)
[449.152s][info][gc,heap     ] GC(642) Old regions: 38->38
[449.152s][info][gc,heap     ] GC(642) Humongous regions: 207->207
[449.152s][info][gc,metaspace] GC(642) Metaspace: 57588K(57920K)->57588K(57920K) NonClass: 49301K(49536K)->49301K(49536K) Class: 8286K(8384K)->8286K(8384K)
[449.152s][info][gc          ] GC(642) Pause Young (Concurrent Start) (G1 Evacuation Pause) 738M->259M(825M) 9.904ms
[449.152s][info][gc,cpu      ] GC(642) User=0.02s Sys=0.00s Real=0.01s
[449.152s][info][gc          ] GC(643) Concurrent Mark Cycle
[449.154s][info][gc,marking  ] GC(643) Concurrent Scan Root Regions
[449.161s][info][gc,marking  ] GC(643) Concurrent Scan Root Regions 7.417ms
[449.162s][info][gc,marking  ] GC(643) Concurrent Mark
[449.162s][info][gc,marking  ] GC(643) Concurrent Mark From Roots
[449.162s][info][gc,task     ] GC(643) Using 1 workers of 1 for marking
[449.209s][info][gc,marking  ] GC(643) Concurrent Mark From Roots 47.883ms
[449.209s][info][gc,marking  ] GC(643) Concurrent Preclean
[449.209s][info][gc,marking  ] GC(643) Concurrent Preclean 0.058ms
[449.210s][info][gc,start    ] GC(643) Pause Remark
[449.239s][info][gc          ] GC(643) Pause Remark 269M->269M(825M) 29.515ms
[449.239s][info][gc,cpu      ] GC(643) User=0.03s Sys=0.00s Real=0.03s
[449.239s][info][gc,marking  ] GC(643) Concurrent Mark 77.974ms
[449.239s][info][gc,marking  ] GC(643) Concurrent Rebuild Remembered Sets and Scrub Regions
[449.257s][info][gc,marking  ] GC(643) Concurrent Rebuild Remembered Sets and Scrub Regions 17.513ms
[449.257s][info][gc,start    ] GC(643) Pause Cleanup
[449.257s][info][gc          ] GC(643) Pause Cleanup 269M->269M(825M) 0.081ms
[449.257s][info][gc,cpu      ] GC(643) User=0.01s Sys=0.00s Real=0.00s
[449.257s][info][gc,marking  ] GC(643) Concurrent Clear Claimed Marks
[449.257s][info][gc,marking  ] GC(643) Concurrent Clear Claimed Marks 0.110ms
[449.257s][info][gc,marking  ] GC(643) Concurrent Cleanup for Next Mark
[449.261s][info][gc,marking  ] GC(643) Concurrent Cleanup for Next Mark 3.294ms
[449.262s][info][gc          ] GC(643) Concurrent Mark Cycle 110.055ms
[450.539s][info][gc,start    ] GC(644) Pause Young (Prepare Mixed) (G1 Evacuation Pause)
[450.539s][info][gc,task     ] GC(644) Using 2 workers of 2 for evacuation
[450.550s][info][gc,phases   ] GC(644)   Pre Evacuate Collection Set: 0.51ms
[450.550s][info][gc,phases   ] GC(644)   Merge Heap Roots: 0.28ms
[450.550s][info][gc,phases   ] GC(644)   Evacuate Collection Set: 8.92ms
[450.550s][info][gc,phases   ] GC(644)   Post Evacuate Collection Set: 0.86ms
[450.550s][info][gc,phases   ] GC(644)   Other: 0.11ms
[450.550s][info][gc,heap     ] GC(644) Eden regions: 479->0(479)
[450.550s][info][gc,heap     ] GC(644) Survivor regions: 16->16(62)
[450.550s][info][gc,heap     ] GC(644) Old regions: 38->38
[450.550s][info][gc,heap     ] GC(644) Humongous regions: 207->207
[450.550s][info][gc,metaspace] GC(644) Metaspace: 57588K(57920K)->57588K(57920K) NonClass: 49301K(49536K)->49301K(49536K) Class: 8286K(8384K)->8286K(8384K)
[450.550s][info][gc          ] GC(644) Pause Young (Prepare Mixed) (G1 Evacuation Pause) 738M->259M(825M) 10.875ms
[450.550s][info][gc,cpu      ] GC(644) User=0.02s Sys=0.00s Real=0.01s
[451.746s][info][gc,start    ] GC(645) Pause Young (Mixed) (G1 Evacuation Pause)
[451.746s][info][gc,task     ] GC(645) Using 2 workers of 2 for evacuation
[451.756s][info][gc,phases   ] GC(645)   Pre Evacuate Collection Set: 0.29ms
[451.756s][info][gc,phases   ] GC(645)   Merge Heap Roots: 0.18ms
[451.756s][info][gc,phases   ] GC(645)   Evacuate Collection Set: 9.08ms
[451.756s][info][gc,phases   ] GC(645)   Post Evacuate Collection Set: 0.88ms
[451.756s][info][gc,phases   ] GC(645)   Other: 0.11ms
[451.756s][info][gc,heap     ] GC(645) Eden regions: 479->0(480)
[451.756s][info][gc,heap     ] GC(645) Survivor regions: 16->15(62)
[451.756s][info][gc,heap     ] GC(645) Old regions: 38->38
[451.756s][info][gc,heap     ] GC(645) Humongous regions: 207->207
[451.756s][info][gc,metaspace] GC(645) Metaspace: 57588K(57920K)->57588K(57920K) NonClass: 49301K(49536K)->49301K(49536K) Class: 8286K(8384K)->8286K(8384K)
[451.756s][info][gc          ] GC(645) Pause Young (Mixed) (G1 Evacuation Pause) 738M->258M(825M) 10.727ms
[451.756s][info][gc,cpu      ] GC(645) User=0.02s Sys=0.00s Real=0.01s
[452.947s][info][gc,start    ] GC(646) Pause Young (Concurrent Start) (G1 Evacuation Pause)
[452.947s][info][gc,task     ] GC(646) Using 2 workers of 2 for evacuation
[452.957s][info][gc,phases   ] GC(646)   Pre Evacuate Collection Set: 0.28ms
[452.957s][info][gc,phases   ] GC(646)   Merge Heap Roots: 0.14ms
[452.957s][info][gc,phases   ] GC(646)   Evacuate Collection Set: 9.09ms
[452.957s][info][gc,phases   ] GC(646)   Post Evacuate Collection Set: 0.82ms
[452.957s][info][gc,phases   ] GC(646)   Other: 0.12ms
[452.957s][info][gc,heap     ] GC(646) Eden regions: 480->0(478)
[452.957s][info][gc,heap     ] GC(646) Survivor regions: 15->17(62)
[452.957s][info][gc,heap     ] GC(646) Old regions: 38->38
[452.957s][info][gc,heap     ] GC(646) Humongous regions: 207->207
[452.957s][info][gc,metaspace] GC(646) Metaspace: 57588K(57920K)->57588K(57920K) NonClass: 49301K(49536K)->49301K(49536K) Class: 8286K(8384K)->8286K(8384K)
[452.957s][info][gc          ] GC(646) Pause Young (Concurrent Start) (G1 Evacuation Pause) 738M->261M(825M) 10.664ms
[452.957s][info][gc          ] GC(647) Concurrent Mark Cycle
[452.957s][info][gc,marking  ] GC(647) Concurrent Scan Root Regions
[452.959s][info][gc,cpu      ] GC(646) User=0.02s Sys=0.00s Real=0.02s
[452.962s][info][gc,marking  ] GC(647) Concurrent Scan Root Regions 4.994ms
[452.962s][info][gc,marking  ] GC(647) Concurrent Mark
[452.962s][info][gc,marking  ] GC(647) Concurrent Mark From Roots
[452.962s][info][gc,task     ] GC(647) Using 1 workers of 1 for marking
[453.009s][info][gc,marking  ] GC(647) Concurrent Mark From Roots 46.474ms
[453.009s][info][gc,marking  ] GC(647) Concurrent Preclean
[453.009s][info][gc,marking  ] GC(647) Concurrent Preclean 0.059ms
[453.009s][info][gc,start    ] GC(647) Pause Remark
[453.019s][info][gc          ] GC(647) Pause Remark 275M->275M(825M) 10.189ms
[453.019s][info][gc,cpu      ] GC(647) User=0.02s Sys=0.00s Real=0.01s
[453.020s][info][gc,marking  ] GC(647) Concurrent Mark 57.385ms
[453.020s][info][gc,marking  ] GC(647) Concurrent Rebuild Remembered Sets and Scrub Regions
[453.046s][info][gc,marking  ] GC(647) Concurrent Rebuild Remembered Sets and Scrub Regions 25.967ms
[453.046s][info][gc,start    ] GC(647) Pause Cleanup
[453.046s][info][gc          ] GC(647) Pause Cleanup 293M->293M(825M) 0.081ms
[453.046s][info][gc,cpu      ] GC(647) User=0.00s Sys=0.00s Real=0.00s
[453.046s][info][gc,marking  ] GC(647) Concurrent Clear Claimed Marks
[453.047s][info][gc,marking  ] GC(647) Concurrent Clear Claimed Marks 0.099ms
[453.047s][info][gc,marking  ] GC(647) Concurrent Cleanup for Next Mark
[453.051s][info][gc,marking  ] GC(647) Concurrent Cleanup for Next Mark 4.584ms
[453.051s][info][gc          ] GC(647) Concurrent Mark Cycle 93.860ms
[454.146s][info][gc,start    ] GC(648) Pause Young (Prepare Mixed) (G1 Evacuation Pause)
[454.146s][info][gc,task     ] GC(648) Using 2 workers of 2 for evacuation
[454.156s][info][gc,phases   ] GC(648)   Pre Evacuate Collection Set: 0.30ms
[454.156s][info][gc,phases   ] GC(648)   Merge Heap Roots: 0.16ms
[454.156s][info][gc,phases   ] GC(648)   Evacuate Collection Set: 8.24ms
[454.156s][info][gc,phases   ] GC(648)   Post Evacuate Collection Set: 0.81ms
[454.156s][info][gc,phases   ] GC(648)   Other: 0.10ms
[454.156s][info][gc,heap     ] GC(648) Eden regions: 478->0(478)
[454.156s][info][gc,heap     ] GC(648) Survivor regions: 17->17(62)
[454.156s][info][gc,heap     ] GC(648) Old regions: 38->38
[454.156s][info][gc,heap     ] GC(648) Humongous regions: 207->207
[454.156s][info][gc,metaspace] GC(648) Metaspace: 57588K(57920K)->57588K(57920K) NonClass: 49301K(49536K)->49301K(49536K) Class: 8286K(8384K)->8286K(8384K)
[454.156s][info][gc          ] GC(648) Pause Young (Prepare Mixed) (G1 Evacuation Pause) 739M->261M(825M) 9.817ms
[454.156s][info][gc,cpu      ] GC(648) User=0.02s Sys=0.00s Real=0.01s
[455.357s][info][gc,start    ] GC(649) Pause Young (Mixed) (G1 Evacuation Pause)
[455.357s][info][gc,task     ] GC(649) Using 2 workers of 2 for evacuation
[455.366s][info][gc,phases   ] GC(649)   Pre Evacuate Collection Set: 0.29ms
[455.366s][info][gc,phases   ] GC(649)   Merge Heap Roots: 0.16ms
[455.366s][info][gc,phases   ] GC(649)   Evacuate Collection Set: 7.66ms
[455.366s][info][gc,phases   ] GC(649)   Post Evacuate Collection Set: 0.84ms
[455.366s][info][gc,phases   ] GC(649)   Other: 0.12ms
[455.366s][info][gc,heap     ] GC(649) Eden regions: 478->0(478)
[455.366s][info][gc,heap     ] GC(649) Survivor regions: 17->17(62)
[455.366s][info][gc,heap     ] GC(649) Old regions: 38->37
[455.366s][info][gc,heap     ] GC(649) Humongous regions: 207->207
[455.366s][info][gc,metaspace] GC(649) Metaspace: 57588K(57920K)->57588K(57920K) NonClass: 49301K(49536K)->49301K(49536K) Class: 8286K(8384K)->8286K(8384K)
[455.366s][info][gc          ] GC(649) Pause Young (Mixed) (G1 Evacuation Pause) 739M->260M(825M) 9.262ms
[455.367s][info][gc,cpu      ] GC(649) User=0.02s Sys=0.00s Real=0.00s
[456.553s][info][gc,start    ] GC(650) Pause Young (Normal) (G1 Evacuation Pause)
[456.553s][info][gc,task     ] GC(650) Using 2 workers of 2 for evacuation
[456.561s][info][gc,phases   ] GC(650)   Pre Evacuate Collection Set: 0.30ms
[456.561s][info][gc,phases   ] GC(650)   Merge Heap Roots: 0.15ms
[456.561s][info][gc,phases   ] GC(650)   Evacuate Collection Set: 6.14ms
[456.561s][info][gc,phases   ] GC(650)   Post Evacuate Collection Set: 0.83ms
[456.561s][info][gc,phases   ] GC(650)   Other: 0.09ms
[456.561s][info][gc,heap     ] GC(650) Eden regions: 478->0(479)
[456.561s][info][gc,heap     ] GC(650) Survivor regions: 17->16(62)
[456.561s][info][gc,heap     ] GC(650) Old regions: 37->37
[456.561s][info][gc,heap     ] GC(650) Humongous regions: 207->207
[456.561s][info][gc,metaspace] GC(650) Metaspace: 57588K(57920K)->57588K(57920K) NonClass: 49301K(49536K)->49301K(49536K) Class: 8286K(8384K)->8286K(8384K)
[456.561s][info][gc          ] GC(650) Pause Young (Normal) (G1 Evacuation Pause) 738M->259M(825M) 7.704ms
[456.561s][info][gc,cpu      ] GC(650) User=0.01s Sys=0.00s Real=0.01s
[457.747s][info][gc,start    ] GC(651) Pause Young (Normal) (G1 Evacuation Pause)
[457.747s][info][gc,task     ] GC(651) Using 2 workers of 2 for evacuation
[457.757s][info][gc,phases   ] GC(651)   Pre Evacuate Collection Set: 0.29ms
[457.757s][info][gc,phases   ] GC(651)   Merge Heap Roots: 0.15ms
[457.757s][info][gc,phases   ] GC(651)   Evacuate Collection Set: 8.42ms
[457.757s][info][gc,phases   ] GC(651)   Post Evacuate Collection Set: 0.83ms
[457.757s][info][gc,phases   ] GC(651)   Other: 0.10ms
[457.757s][info][gc,heap     ] GC(651) Eden regions: 479->0(491)
[457.757s][info][gc,heap     ] GC(651) Survivor regions: 16->4(62)
[457.757s][info][gc,heap     ] GC(651) Old regions: 37->50
[457.757s][info][gc,heap     ] GC(651) Humongous regions: 207->207
[457.757s][info][gc,metaspace] GC(651) Metaspace: 57588K(57920K)->57588K(57920K) NonClass: 49301K(49536K)->49301K(49536K) Class: 8286K(8384K)->8286K(8384K)
[457.757s][info][gc          ] GC(651) Pause Young (Normal) (G1 Evacuation Pause) 738M->260M(825M) 9.986ms
[457.757s][info][gc,cpu      ] GC(651) User=0.02s Sys=0.00s Real=0.01s
[459.052s][info][gc,start    ] GC(652) Pause Young (Concurrent Start) (G1 Evacuation Pause)
[459.052s][info][gc,task     ] GC(652) Using 2 workers of 2 for evacuation
[459.058s][info][gc,phases   ] GC(652)   Pre Evacuate Collection Set: 0.30ms
[459.058s][info][gc,phases   ] GC(652)   Merge Heap Roots: 0.14ms
[459.058s][info][gc,phases   ] GC(652)   Evacuate Collection Set: 3.68ms
[459.058s][info][gc,phases   ] GC(652)   Post Evacuate Collection Set: 0.77ms
[459.058s][info][gc,phases   ] GC(652)   Other: 0.15ms
[459.058s][info][gc,heap     ] GC(652) Eden regions: 491->0(491)
[459.058s][info][gc,heap     ] GC(652) Survivor regions: 4->4(62)
[459.058s][info][gc,heap     ] GC(652) Old regions: 50->51
[459.058s][info][gc,heap     ] GC(652) Humongous regions: 207->207
[459.058s][info][gc,metaspace] GC(652) Metaspace: 57588K(57920K)->57588K(57920K) NonClass: 49301K(49536K)->49301K(49536K) Class: 8286K(8384K)->8286K(8384K)
[459.058s][info][gc          ] GC(652) Pause Young (Concurrent Start) (G1 Evacuation Pause) 751M->260M(825M) 5.201ms
[459.058s][info][gc          ] GC(653) Concurrent Mark Cycle
[459.058s][info][gc,marking  ] GC(653) Concurrent Scan Root Regions
[459.059s][info][gc,cpu      ] GC(652) User=0.01s Sys=0.00s Real=0.01s
[459.061s][info][gc,marking  ] GC(653) Concurrent Scan Root Regions 2.849ms
[459.061s][info][gc,marking  ] GC(653) Concurrent Mark
[459.061s][info][gc,marking  ] GC(653) Concurrent Mark From Roots
[459.061s][info][gc,task     ] GC(653) Using 1 workers of 1 for marking
[459.141s][info][gc,marking  ] GC(653) Concurrent Mark From Roots 80.002ms
[459.141s][info][gc,marking  ] GC(653) Concurrent Preclean
[459.141s][info][gc,marking  ] GC(653) Concurrent Preclean 0.092ms
[459.141s][info][gc,start    ] GC(653) Pause Remark
[459.151s][info][gc          ] GC(653) Pause Remark 311M->304M(825M) 10.376ms
[459.151s][info][gc,cpu      ] GC(653) User=0.02s Sys=0.00s Real=0.01s
[459.152s][info][gc,marking  ] GC(653) Concurrent Mark 90.939ms
[459.152s][info][gc,marking  ] GC(653) Concurrent Rebuild Remembered Sets and Scrub Regions
[459.176s][info][gc,marking  ] GC(653) Concurrent Rebuild Remembered Sets and Scrub Regions 24.409ms
[459.177s][info][gc,start    ] GC(653) Pause Cleanup
[459.177s][info][gc          ] GC(653) Pause Cleanup 317M->317M(825M) 0.092ms
[459.177s][info][gc,cpu      ] GC(653) User=0.00s Sys=0.00s Real=0.00s
[459.178s][info][gc,marking  ] GC(653) Concurrent Clear Claimed Marks
[459.178s][info][gc,marking  ] GC(653) Concurrent Clear Claimed Marks 0.106ms
[459.178s][info][gc,marking  ] GC(653) Concurrent Cleanup for Next Mark
[459.184s][info][gc,marking  ] GC(653) Concurrent Cleanup for Next Mark 6.141ms
[459.184s][info][gc          ] GC(653) Concurrent Mark Cycle 126.475ms
[460.328s][info][gc,start    ] GC(654) Pause Young (Prepare Mixed) (G1 Evacuation Pause)
[460.328s][info][gc,task     ] GC(654) Using 2 workers of 2 for evacuation
[460.333s][info][gc,phases   ] GC(654)   Pre Evacuate Collection Set: 0.32ms
[460.333s][info][gc,phases   ] GC(654)   Merge Heap Roots: 0.16ms
[460.333s][info][gc,phases   ] GC(654)   Evacuate Collection Set: 2.87ms
[460.333s][info][gc,phases   ] GC(654)   Post Evacuate Collection Set: 0.78ms
[460.333s][info][gc,phases   ] GC(654)   Other: 0.08ms
[460.333s][info][gc,heap     ] GC(654) Eden regions: 491->0(492)
[460.333s][info][gc,heap     ] GC(654) Survivor regions: 4->3(62)
[460.333s][info][gc,heap     ] GC(654) Old regions: 44->44
[460.333s][info][gc,heap     ] GC(654) Humongous regions: 207->207
[460.333s][info][gc,metaspace] GC(654) Metaspace: 57588K(57920K)->57588K(57920K) NonClass: 49301K(49536K)->49301K(49536K) Class: 8286K(8384K)->8286K(8384K)
[460.333s][info][gc          ] GC(654) Pause Young (Prepare Mixed) (G1 Evacuation Pause) 744M->253M(825M) 4.402ms
[460.333s][info][gc,cpu      ] GC(654) User=0.01s Sys=0.00s Real=0.00s
[461.541s][info][gc,start    ] GC(655) Pause Young (Mixed) (G1 Evacuation Pause)
[461.541s][info][gc,task     ] GC(655) Using 2 workers of 2 for evacuation
[461.547s][info][gc,phases   ] GC(655)   Pre Evacuate Collection Set: 0.30ms
[461.547s][info][gc,phases   ] GC(655)   Merge Heap Roots: 0.14ms
[461.547s][info][gc,phases   ] GC(655)   Evacuate Collection Set: 4.18ms
[461.547s][info][gc,phases   ] GC(655)   Post Evacuate Collection Set: 1.07ms
[461.547s][info][gc,phases   ] GC(655)   Other: 0.10ms
[461.547s][info][gc,heap     ] GC(655) Eden regions: 492->0(491)
[461.547s][info][gc,heap     ] GC(655) Survivor regions: 3->4(62)
[461.547s][info][gc,heap     ] GC(655) Old regions: 44->42
[461.547s][info][gc,heap     ] GC(655) Humongous regions: 207->207
[461.547s][info][gc,metaspace] GC(655) Metaspace: 57588K(57920K)->57588K(57920K) NonClass: 49301K(49536K)->49301K(49536K) Class: 8286K(8384K)->8286K(8384K)
[461.547s][info][gc          ] GC(655) Pause Young (Mixed) (G1 Evacuation Pause) 745M->252M(825M) 5.972ms
[461.547s][info][gc,cpu      ] GC(655) User=0.01s Sys=0.00s Real=0.01s
[462.756s][info][gc,start    ] GC(656) Pause Young (Normal) (G1 Evacuation Pause)
[462.756s][info][gc,task     ] GC(656) Using 2 workers of 2 for evacuation
[462.762s][info][gc,phases   ] GC(656)   Pre Evacuate Collection Set: 0.29ms
[462.762s][info][gc,phases   ] GC(656)   Merge Heap Roots: 0.16ms
[462.762s][info][gc,phases   ] GC(656)   Evacuate Collection Set: 3.85ms
[462.762s][info][gc,phases   ] GC(656)   Post Evacuate Collection Set: 0.78ms
[462.762s][info][gc,phases   ] GC(656)   Other: 0.10ms
[462.762s][info][gc,heap     ] GC(656) Eden regions: 491->0(491)
[462.762s][info][gc,heap     ] GC(656) Survivor regions: 4->4(62)
[462.762s][info][gc,heap     ] GC(656) Old regions: 42->42
[462.762s][info][gc,heap     ] GC(656) Humongous regions: 207->207
[462.762s][info][gc,metaspace] GC(656) Metaspace: 57588K(57920K)->57588K(57920K) NonClass: 49301K(49536K)->49301K(49536K) Class: 8286K(8384K)->8286K(8384K)
[462.762s][info][gc          ] GC(656) Pause Young (Normal) (G1 Evacuation Pause) 743M->252M(825M) 5.365ms
[462.762s][info][gc,cpu      ] GC(656) User=0.01s Sys=0.00s Real=0.01s
[464.024s][info][gc,start    ] GC(657) Pause Young (Normal) (G1 Evacuation Pause)
[464.024s][info][gc,task     ] GC(657) Using 2 workers of 2 for evacuation
[464.029s][info][gc,phases   ] GC(657)   Pre Evacuate Collection Set: 0.28ms
[464.029s][info][gc,phases   ] GC(657)   Merge Heap Roots: 0.17ms
[464.029s][info][gc,phases   ] GC(657)   Evacuate Collection Set: 3.44ms
[464.029s][info][gc,phases   ] GC(657)   Post Evacuate Collection Set: 0.81ms
[464.029s][info][gc,phases   ] GC(657)   Other: 0.08ms
[464.029s][info][gc,heap     ] GC(657) Eden regions: 491->0(491)
[464.029s][info][gc,heap     ] GC(657) Survivor regions: 4->4(62)
[464.029s][info][gc,heap     ] GC(657) Old regions: 42->42
[464.029s][info][gc,heap     ] GC(657) Humongous regions: 207->207
[464.029s][info][gc,metaspace] GC(657) Metaspace: 57588K(57920K)->57588K(57920K) NonClass: 49301K(49536K)->49301K(49536K) Class: 8286K(8384K)->8286K(8384K)
[464.029s][info][gc          ] GC(657) Pause Young (Normal) (G1 Evacuation Pause) 743M->252M(825M) 4.940ms
[464.029s][info][gc,cpu      ] GC(657) User=0.01s Sys=0.00s Real=0.01s
[465.239s][info][gc,start    ] GC(658) Pause Young (Normal) (G1 Evacuation Pause)
[465.239s][info][gc,task     ] GC(658) Using 2 workers of 2 for evacuation
[465.244s][info][gc,phases   ] GC(658)   Pre Evacuate Collection Set: 0.30ms
[465.244s][info][gc,phases   ] GC(658)   Merge Heap Roots: 0.16ms
[465.244s][info][gc,phases   ] GC(658)   Evacuate Collection Set: 4.31ms
[465.244s][info][gc,phases   ] GC(658)   Post Evacuate Collection Set: 0.80ms
[465.244s][info][gc,phases   ] GC(658)   Other: 0.09ms
[465.244s][info][gc,heap     ] GC(658) Eden regions: 491->0(490)
[465.244s][info][gc,heap     ] GC(658) Survivor regions: 4->5(62)
[465.245s][info][gc,heap     ] GC(658) Old regions: 42->42
[465.245s][info][gc,heap     ] GC(658) Humongous regions: 207->207
[465.245s][info][gc,metaspace] GC(658) Metaspace: 57588K(57920K)->57588K(57920K) NonClass: 49301K(49536K)->49301K(49536K) Class: 8286K(8384K)->8286K(8384K)
[465.245s][info][gc          ] GC(658) Pause Young (Normal) (G1 Evacuation Pause) 743M->252M(825M) 5.826ms
[465.245s][info][gc,cpu      ] GC(658) User=0.01s Sys=0.00s Real=0.00s
[466.452s][info][gc,start    ] GC(659) Pause Young (Normal) (G1 Evacuation Pause)
[466.452s][info][gc,task     ] GC(659) Using 2 workers of 2 for evacuation
[466.458s][info][gc,phases   ] GC(659)   Pre Evacuate Collection Set: 0.29ms
[466.458s][info][gc,phases   ] GC(659)   Merge Heap Roots: 0.14ms
[466.458s][info][gc,phases   ] GC(659)   Evacuate Collection Set: 4.74ms
[466.458s][info][gc,phases   ] GC(659)   Post Evacuate Collection Set: 0.79ms
[466.458s][info][gc,phases   ] GC(659)   Other: 0.08ms
[466.458s][info][gc,heap     ] GC(659) Eden regions: 490->0(490)
[466.458s][info][gc,heap     ] GC(659) Survivor regions: 5->5(62)
[466.458s][info][gc,heap     ] GC(659) Old regions: 42->42
[466.458s][info][gc,heap     ] GC(659) Humongous regions: 207->207
[466.458s][info][gc,metaspace] GC(659) Metaspace: 57588K(57920K)->57588K(57920K) NonClass: 49301K(49536K)->49301K(49536K) Class: 8286K(8384K)->8286K(8384K)
[466.458s][info][gc          ] GC(659) Pause Young (Normal) (G1 Evacuation Pause) 742M->252M(825M) 6.214ms
[466.458s][info][gc,cpu      ] GC(659) User=0.01s Sys=0.00s Real=0.01s
[467.718s][info][gc,start    ] GC(660) Pause Young (Normal) (G1 Evacuation Pause)
[467.718s][info][gc,task     ] GC(660) Using 2 workers of 2 for evacuation
[467.722s][info][gc,phases   ] GC(660)   Pre Evacuate Collection Set: 0.29ms
[467.722s][info][gc,phases   ] GC(660)   Merge Heap Roots: 0.15ms
[467.722s][info][gc,phases   ] GC(660)   Evacuate Collection Set: 2.54ms
[467.722s][info][gc,phases   ] GC(660)   Post Evacuate Collection Set: 0.78ms
[467.722s][info][gc,phases   ] GC(660)   Other: 0.08ms
[467.722s][info][gc,heap     ] GC(660) Eden regions: 490->0(492)
[467.722s][info][gc,heap     ] GC(660) Survivor regions: 5->3(62)
[467.722s][info][gc,heap     ] GC(660) Old regions: 42->42
[467.722s][info][gc,heap     ] GC(660) Humongous regions: 207->207
[467.722s][info][gc,metaspace] GC(660) Metaspace: 57588K(57920K)->57588K(57920K) NonClass: 49301K(49536K)->49301K(49536K) Class: 8286K(8384K)->8286K(8384K)
[467.722s][info][gc          ] GC(660) Pause Young (Normal) (G1 Evacuation Pause) 742M->251M(825M) 4.021ms
[467.722s][info][gc,cpu      ] GC(660) User=0.00s Sys=0.00s Real=0.00s
[468.935s][info][gc,start    ] GC(661) Pause Young (Normal) (G1 Evacuation Pause)
[468.935s][info][gc,task     ] GC(661) Using 2 workers of 2 for evacuation
[468.941s][info][gc,phases   ] GC(661)   Pre Evacuate Collection Set: 0.28ms
[468.941s][info][gc,phases   ] GC(661)   Merge Heap Roots: 0.15ms
[468.941s][info][gc,phases   ] GC(661)   Evacuate Collection Set: 4.35ms
[468.941s][info][gc,phases   ] GC(661)   Post Evacuate Collection Set: 0.79ms
[468.941s][info][gc,phases   ] GC(661)   Other: 0.08ms
[468.941s][info][gc,heap     ] GC(661) Eden regions: 492->0(490)
[468.941s][info][gc,heap     ] GC(661) Survivor regions: 3->5(62)
[468.941s][info][gc,heap     ] GC(661) Old regions: 42->42
[468.941s][info][gc,heap     ] GC(661) Humongous regions: 207->207
[468.941s][info][gc,metaspace] GC(661) Metaspace: 57588K(57920K)->57588K(57920K) NonClass: 49301K(49536K)->49301K(49536K) Class: 8286K(8384K)->8286K(8384K)
[468.941s][info][gc          ] GC(661) Pause Young (Normal) (G1 Evacuation Pause) 743M->252M(825M) 5.852ms
[468.941s][info][gc,cpu      ] GC(661) User=0.01s Sys=0.00s Real=0.01s
[470.147s][info][gc,start    ] GC(662) Pause Young (Normal) (G1 Evacuation Pause)
[470.147s][info][gc,task     ] GC(662) Using 2 workers of 2 for evacuation
[470.153s][info][gc,phases   ] GC(662)   Pre Evacuate Collection Set: 0.30ms
[470.153s][info][gc,phases   ] GC(662)   Merge Heap Roots: 0.14ms
[470.153s][info][gc,phases   ] GC(662)   Evacuate Collection Set: 4.41ms
[470.153s][info][gc,phases   ] GC(662)   Post Evacuate Collection Set: 0.78ms
[470.153s][info][gc,phases   ] GC(662)   Other: 0.09ms
[470.153s][info][gc,heap     ] GC(662) Eden regions: 490->0(489)
[470.153s][info][gc,heap     ] GC(662) Survivor regions: 5->6(62)
[470.153s][info][gc,heap     ] GC(662) Old regions: 42->42
[470.153s][info][gc,heap     ] GC(662) Humongous regions: 207->207
[470.153s][info][gc,metaspace] GC(662) Metaspace: 57588K(57920K)->57588K(57920K) NonClass: 49301K(49536K)->49301K(49536K) Class: 8286K(8384K)->8286K(8384K)
[470.153s][info][gc          ] GC(662) Pause Young (Normal) (G1 Evacuation Pause) 742M->253M(825M) 5.894ms
[470.153s][info][gc,cpu      ] GC(662) User=0.01s Sys=0.00s Real=0.00s
[471.360s][info][gc,start    ] GC(663) Pause Young (Normal) (G1 Evacuation Pause)
[471.360s][info][gc,task     ] GC(663) Using 2 workers of 2 for evacuation
[471.367s][info][gc,phases   ] GC(663)   Pre Evacuate Collection Set: 0.30ms
[471.367s][info][gc,phases   ] GC(663)   Merge Heap Roots: 0.15ms
[471.367s][info][gc,phases   ] GC(663)   Evacuate Collection Set: 5.00ms
[471.367s][info][gc,phases   ] GC(663)   Post Evacuate Collection Set: 0.79ms
[471.367s][info][gc,phases   ] GC(663)   Other: 0.09ms
[471.367s][info][gc,heap     ] GC(663) Eden regions: 489->0(487)
[471.367s][info][gc,heap     ] GC(663) Survivor regions: 6->8(62)
[471.367s][info][gc,heap     ] GC(663) Old regions: 42->44
[471.367s][info][gc,heap     ] GC(663) Humongous regions: 207->207
[471.367s][info][gc,metaspace] GC(663) Metaspace: 57588K(57920K)->57588K(57920K) NonClass: 49301K(49536K)->49301K(49536K) Class: 8286K(8384K)->8286K(8384K)
[471.367s][info][gc          ] GC(663) Pause Young (Normal) (G1 Evacuation Pause) 742M->258M(825M) 6.554ms
[471.367s][info][gc,cpu      ] GC(663) User=0.01s Sys=0.00s Real=0.01s
[472.616s][info][gc,start    ] GC(664) Pause Young (Normal) (G1 Evacuation Pause)
[472.616s][info][gc,task     ] GC(664) Using 2 workers of 2 for evacuation
[472.620s][info][gc,phases   ] GC(664)   Pre Evacuate Collection Set: 0.26ms
[472.620s][info][gc,phases   ] GC(664)   Merge Heap Roots: 0.15ms
[472.620s][info][gc,phases   ] GC(664)   Evacuate Collection Set: 2.96ms
[472.620s][info][gc,phases   ] GC(664)   Post Evacuate Collection Set: 0.82ms
[472.620s][info][gc,phases   ] GC(664)   Other: 0.10ms
[472.620s][info][gc,heap     ] GC(664) Eden regions: 487->0(488)
[472.620s][info][gc,heap     ] GC(664) Survivor regions: 8->7(62)
[472.620s][info][gc,heap     ] GC(664) Old regions: 44->44
[472.620s][info][gc,heap     ] GC(664) Humongous regions: 207->207
[472.620s][info][gc,metaspace] GC(664) Metaspace: 57588K(57920K)->57588K(57920K) NonClass: 49301K(49536K)->49301K(49536K) Class: 8286K(8384K)->8286K(8384K)
[472.620s][info][gc          ] GC(664) Pause Young (Normal) (G1 Evacuation Pause) 745M->257M(825M) 4.487ms
[472.620s][info][gc,cpu      ] GC(664) User=0.00s Sys=0.00s Real=0.01s
[473.828s][info][gc,start    ] GC(665) Pause Young (Normal) (G1 Evacuation Pause)
[473.828s][info][gc,task     ] GC(665) Using 2 workers of 2 for evacuation
[473.834s][info][gc,phases   ] GC(665)   Pre Evacuate Collection Set: 0.27ms
[473.834s][info][gc,phases   ] GC(665)   Merge Heap Roots: 0.14ms
[473.834s][info][gc,phases   ] GC(665)   Evacuate Collection Set: 4.44ms
[473.834s][info][gc,phases   ] GC(665)   Post Evacuate Collection Set: 0.81ms
[473.834s][info][gc,phases   ] GC(665)   Other: 0.08ms
[473.834s][info][gc,heap     ] GC(665) Eden regions: 488->0(486)
[473.834s][info][gc,heap     ] GC(665) Survivor regions: 7->9(62)
[473.834s][info][gc,heap     ] GC(665) Old regions: 44->44
[473.834s][info][gc,heap     ] GC(665) Humongous regions: 207->207
[473.834s][info][gc,metaspace] GC(665) Metaspace: 57588K(57920K)->57588K(57920K) NonClass: 49301K(49536K)->49301K(49536K) Class: 8286K(8384K)->8286K(8384K)
[473.834s][info][gc          ] GC(665) Pause Young (Normal) (G1 Evacuation Pause) 745M->258M(825M) 5.955ms
[473.834s][info][gc,cpu      ] GC(665) User=0.01s Sys=0.00s Real=0.00s
[475.039s][info][gc,start    ] GC(666) Pause Young (Normal) (G1 Evacuation Pause)
[475.039s][info][gc,task     ] GC(666) Using 2 workers of 2 for evacuation
[475.045s][info][gc,phases   ] GC(666)   Pre Evacuate Collection Set: 0.30ms
[475.045s][info][gc,phases   ] GC(666)   Merge Heap Roots: 0.15ms
[475.045s][info][gc,phases   ] GC(666)   Evacuate Collection Set: 4.84ms
[475.045s][info][gc,phases   ] GC(666)   Post Evacuate Collection Set: 0.78ms
[475.045s][info][gc,phases   ] GC(666)   Other: 0.10ms
[475.045s][info][gc,heap     ] GC(666) Eden regions: 486->0(486)
[475.045s][info][gc,heap     ] GC(666) Survivor regions: 9->9(62)
[475.045s][info][gc,heap     ] GC(666) Old regions: 44->44
[475.045s][info][gc,heap     ] GC(666) Humongous regions: 207->207
[475.045s][info][gc,metaspace] GC(666) Metaspace: 57588K(57920K)->57588K(57920K) NonClass: 49301K(49536K)->49301K(49536K) Class: 8286K(8384K)->8286K(8384K)
[475.045s][info][gc          ] GC(666) Pause Young (Normal) (G1 Evacuation Pause) 744M->258M(825M) 6.366ms
[475.045s][info][gc,cpu      ] GC(666) User=0.01s Sys=0.00s Real=0.00s
[476.241s][info][gc,start    ] GC(667) Pause Young (Normal) (G1 Evacuation Pause)
[476.241s][info][gc,task     ] GC(667) Using 2 workers of 2 for evacuation
[476.250s][info][gc,phases   ] GC(667)   Pre Evacuate Collection Set: 0.45ms
[476.250s][info][gc,phases   ] GC(667)   Merge Heap Roots: 0.12ms
[476.250s][info][gc,phases   ] GC(667)   Evacuate Collection Set: 7.22ms
[476.250s][info][gc,phases   ] GC(667)   Post Evacuate Collection Set: 0.83ms
[476.250s][info][gc,phases   ] GC(667)   Other: 0.09ms
[476.250s][info][gc,heap     ] GC(667) Eden regions: 486->0(486)
[476.250s][info][gc,heap     ] GC(667) Survivor regions: 9->9(62)
[476.250s][info][gc,heap     ] GC(667) Old regions: 44->44
[476.250s][info][gc,heap     ] GC(667) Humongous regions: 207->207
[476.250s][info][gc,metaspace] GC(667) Metaspace: 57588K(57920K)->57588K(57920K) NonClass: 49301K(49536K)->49301K(49536K) Class: 8286K(8384K)->8286K(8384K)
[476.250s][info][gc          ] GC(667) Pause Young (Normal) (G1 Evacuation Pause) 744M->259M(825M) 8.902ms
[476.250s][info][gc,cpu      ] GC(667) User=0.01s Sys=0.00s Real=0.01s
[477.457s][info][gc,start    ] GC(668) Pause Young (Normal) (G1 Evacuation Pause)
[477.457s][info][gc,task     ] GC(668) Using 2 workers of 2 for evacuation
[477.464s][info][gc,phases   ] GC(668)   Pre Evacuate Collection Set: 0.31ms
[477.464s][info][gc,phases   ] GC(668)   Merge Heap Roots: 0.14ms
[477.464s][info][gc,phases   ] GC(668)   Evacuate Collection Set: 4.38ms
[477.464s][info][gc,phases   ] GC(668)   Post Evacuate Collection Set: 1.20ms
[477.464s][info][gc,phases   ] GC(668)   Other: 0.09ms
[477.464s][info][gc,heap     ] GC(668) Eden regions: 486->0(486)
[477.464s][info][gc,heap     ] GC(668) Survivor regions: 9->9(62)
[477.464s][info][gc,heap     ] GC(668) Old regions: 44->44
[477.464s][info][gc,heap     ] GC(668) Humongous regions: 207->207
[477.464s][info][gc,metaspace] GC(668) Metaspace: 57588K(57920K)->57588K(57920K) NonClass: 49301K(49536K)->49301K(49536K) Class: 8286K(8384K)->8286K(8384K)
[477.464s][info][gc          ] GC(668) Pause Young (Normal) (G1 Evacuation Pause) 745M->258M(825M) 6.313ms
[477.464s][info][gc,cpu      ] GC(668) User=0.01s Sys=0.00s Real=0.00s
[478.661s][info][gc,start    ] GC(669) Pause Young (Normal) (G1 Evacuation Pause)
[478.662s][info][gc,task     ] GC(669) Using 2 workers of 2 for evacuation
[478.666s][info][gc,phases   ] GC(669)   Pre Evacuate Collection Set: 0.30ms
[478.666s][info][gc,phases   ] GC(669)   Merge Heap Roots: 0.15ms
[478.666s][info][gc,phases   ] GC(669)   Evacuate Collection Set: 3.56ms
[478.666s][info][gc,phases   ] GC(669)   Post Evacuate Collection Set: 0.79ms
[478.666s][info][gc,phases   ] GC(669)   Other: 0.10ms
[478.666s][info][gc,heap     ] GC(669) Eden regions: 486->0(487)
[478.666s][info][gc,heap     ] GC(669) Survivor regions: 9->8(62)
[478.666s][info][gc,heap     ] GC(669) Old regions: 44->44
[478.667s][info][gc,heap     ] GC(669) Humongous regions: 207->207
[478.667s][info][gc,metaspace] GC(669) Metaspace: 57588K(57920K)->57588K(57920K) NonClass: 49301K(49536K)->49301K(49536K) Class: 8286K(8384K)->8286K(8384K)
[478.667s][info][gc          ] GC(669) Pause Young (Normal) (G1 Evacuation Pause) 744M->257M(825M) 5.089ms
[478.667s][info][gc,cpu      ] GC(669) User=0.01s Sys=0.00s Real=0.00s
[479.923s][info][gc,start    ] GC(670) Pause Young (Normal) (G1 Evacuation Pause)
[479.923s][info][gc,task     ] GC(670) Using 2 workers of 2 for evacuation
[479.929s][info][gc,phases   ] GC(670)   Pre Evacuate Collection Set: 0.46ms
[479.929s][info][gc,phases   ] GC(670)   Merge Heap Roots: 0.16ms
[479.929s][info][gc,phases   ] GC(670)   Evacuate Collection Set: 4.75ms
[479.929s][info][gc,phases   ] GC(670)   Post Evacuate Collection Set: 0.82ms
[479.930s][info][gc,phases   ] GC(670)   Other: 0.08ms
[479.930s][info][gc,heap     ] GC(670) Eden regions: 487->0(487)
[479.930s][info][gc,heap     ] GC(670) Survivor regions: 8->8(62)
[479.930s][info][gc,heap     ] GC(670) Old regions: 44->44
[479.930s][info][gc,heap     ] GC(670) Humongous regions: 207->207
[479.930s][info][gc,metaspace] GC(670) Metaspace: 57588K(57920K)->57588K(57920K) NonClass: 49301K(49536K)->49301K(49536K) Class: 8286K(8384K)->8286K(8384K)
[479.930s][info][gc          ] GC(670) Pause Young (Normal) (G1 Evacuation Pause) 744M->258M(825M) 6.431ms
[479.930s][info][gc,cpu      ] GC(670) User=0.01s Sys=0.00s Real=0.01s
[481.131s][info][gc,start    ] GC(671) Pause Young (Normal) (G1 Evacuation Pause)
[481.131s][info][gc,task     ] GC(671) Using 2 workers of 2 for evacuation
[481.137s][info][gc,phases   ] GC(671)   Pre Evacuate Collection Set: 0.31ms
[481.137s][info][gc,phases   ] GC(671)   Merge Heap Roots: 0.15ms
[481.137s][info][gc,phases   ] GC(671)   Evacuate Collection Set: 4.83ms
[481.137s][info][gc,phases   ] GC(671)   Post Evacuate Collection Set: 0.84ms
[481.137s][info][gc,phases   ] GC(671)   Other: 0.10ms
[481.137s][info][gc,heap     ] GC(671) Eden regions: 487->0(486)
[481.137s][info][gc,heap     ] GC(671) Survivor regions: 8->9(62)
[481.137s][info][gc,heap     ] GC(671) Old regions: 44->44
[481.137s][info][gc,heap     ] GC(671) Humongous regions: 207->207
[481.137s][info][gc,metaspace] GC(671) Metaspace: 57588K(57920K)->57588K(57920K) NonClass: 49301K(49536K)->49301K(49536K) Class: 8286K(8384K)->8286K(8384K)
[481.137s][info][gc          ] GC(671) Pause Young (Normal) (G1 Evacuation Pause) 745M->258M(825M) 6.413ms
[481.137s][info][gc,cpu      ] GC(671) User=0.01s Sys=0.00s Real=0.01s
[482.438s][info][gc,start    ] GC(672) Pause Young (Normal) (G1 Evacuation Pause)
[482.438s][info][gc,task     ] GC(672) Using 2 workers of 2 for evacuation
[482.444s][info][gc,phases   ] GC(672)   Pre Evacuate Collection Set: 0.28ms
[482.444s][info][gc,phases   ] GC(672)   Merge Heap Roots: 0.15ms
[482.444s][info][gc,phases   ] GC(672)   Evacuate Collection Set: 5.37ms
[482.445s][info][gc,phases   ] GC(672)   Post Evacuate Collection Set: 0.80ms
[482.445s][info][gc,phases   ] GC(672)   Other: 0.09ms
[482.445s][info][gc,heap     ] GC(672) Eden regions: 486->0(486)
[482.445s][info][gc,heap     ] GC(672) Survivor regions: 9->9(62)
[482.445s][info][gc,heap     ] GC(672) Old regions: 44->44
[482.445s][info][gc,heap     ] GC(672) Humongous regions: 207->207
[482.445s][info][gc,metaspace] GC(672) Metaspace: 57588K(57920K)->57588K(57920K) NonClass: 49301K(49536K)->49301K(49536K) Class: 8286K(8384K)->8286K(8384K)
[482.445s][info][gc          ] GC(672) Pause Young (Normal) (G1 Evacuation Pause) 744M->258M(825M) 6.874ms
[482.445s][info][gc,cpu      ] GC(672) User=0.01s Sys=0.00s Real=0.00s
[483.668s][info][gc,start    ] GC(673) Pause Young (Normal) (G1 Evacuation Pause)
[483.668s][info][gc,task     ] GC(673) Using 2 workers of 2 for evacuation
[483.676s][info][gc,phases   ] GC(673)   Pre Evacuate Collection Set: 0.32ms
[483.676s][info][gc,phases   ] GC(673)   Merge Heap Roots: 0.15ms
[483.676s][info][gc,phases   ] GC(673)   Evacuate Collection Set: 6.48ms
[483.676s][info][gc,phases   ] GC(673)   Post Evacuate Collection Set: 0.81ms
[483.676s][info][gc,phases   ] GC(673)   Other: 0.10ms
[483.676s][info][gc,heap     ] GC(673) Eden regions: 486->0(485)
[483.676s][info][gc,heap     ] GC(673) Survivor regions: 9->10(62)
[483.676s][info][gc,heap     ] GC(673) Old regions: 44->44
[483.676s][info][gc,heap     ] GC(673) Humongous regions: 207->207
[483.676s][info][gc,metaspace] GC(673) Metaspace: 57588K(57920K)->57588K(57920K) NonClass: 49301K(49536K)->49301K(49536K) Class: 8286K(8384K)->8286K(8384K)
[483.676s][info][gc          ] GC(673) Pause Young (Normal) (G1 Evacuation Pause) 744M->259M(825M) 8.035ms
[483.676s][info][gc,cpu      ] GC(673) User=0.01s Sys=0.00s Real=0.00s
[484.859s][info][gc,start    ] GC(674) Pause Young (Normal) (G1 Evacuation Pause)
[484.859s][info][gc,task     ] GC(674) Using 2 workers of 2 for evacuation
[484.865s][info][gc,phases   ] GC(674)   Pre Evacuate Collection Set: 0.29ms
[484.865s][info][gc,phases   ] GC(674)   Merge Heap Roots: 0.14ms
[484.865s][info][gc,phases   ] GC(674)   Evacuate Collection Set: 4.93ms
[484.865s][info][gc,phases   ] GC(674)   Post Evacuate Collection Set: 0.81ms
[484.865s][info][gc,phases   ] GC(674)   Other: 0.13ms
[484.865s][info][gc,heap     ] GC(674) Eden regions: 485->0(486)
[484.865s][info][gc,heap     ] GC(674) Survivor regions: 10->9(62)
[484.865s][info][gc,heap     ] GC(674) Old regions: 44->44
[484.865s][info][gc,heap     ] GC(674) Humongous regions: 207->207
[484.865s][info][gc,metaspace] GC(674) Metaspace: 57588K(57920K)->57588K(57920K) NonClass: 49301K(49536K)->49301K(49536K) Class: 8286K(8384K)->8286K(8384K)
[484.865s][info][gc          ] GC(674) Pause Young (Normal) (G1 Evacuation Pause) 744M->258M(825M) 6.486ms
[484.865s][info][gc,cpu      ] GC(674) User=0.01s Sys=0.00s Real=0.00s
[486.119s][info][gc,start    ] GC(675) Pause Young (Normal) (G1 Evacuation Pause)
[486.119s][info][gc,task     ] GC(675) Using 2 workers of 2 for evacuation
[486.123s][info][gc,phases   ] GC(675)   Pre Evacuate Collection Set: 0.27ms
[486.123s][info][gc,phases   ] GC(675)   Merge Heap Roots: 0.14ms
[486.123s][info][gc,phases   ] GC(675)   Evacuate Collection Set: 3.36ms
[486.123s][info][gc,phases   ] GC(675)   Post Evacuate Collection Set: 0.79ms
[486.123s][info][gc,phases   ] GC(675)   Other: 0.11ms
[486.123s][info][gc,heap     ] GC(675) Eden regions: 486->0(487)
[486.123s][info][gc,heap     ] GC(675) Survivor regions: 9->8(62)
[486.123s][info][gc,heap     ] GC(675) Old regions: 44->44
[486.123s][info][gc,heap     ] GC(675) Humongous regions: 207->207
[486.123s][info][gc,metaspace] GC(675) Metaspace: 57588K(57920K)->57588K(57920K) NonClass: 49301K(49536K)->49301K(49536K) Class: 8286K(8384K)->8286K(8384K)
[486.123s][info][gc          ] GC(675) Pause Young (Normal) (G1 Evacuation Pause) 744M->257M(825M) 4.835ms
[486.123s][info][gc,cpu      ] GC(675) User=0.01s Sys=0.00s Real=0.00s
[487.332s][info][gc,start    ] GC(676) Pause Young (Normal) (G1 Evacuation Pause)
[487.332s][info][gc,task     ] GC(676) Using 2 workers of 2 for evacuation
[487.338s][info][gc,phases   ] GC(676)   Pre Evacuate Collection Set: 0.29ms
[487.338s][info][gc,phases   ] GC(676)   Merge Heap Roots: 0.14ms
[487.338s][info][gc,phases   ] GC(676)   Evacuate Collection Set: 4.61ms
[487.338s][info][gc,phases   ] GC(676)   Post Evacuate Collection Set: 0.78ms
[487.338s][info][gc,phases   ] GC(676)   Other: 0.09ms
[487.338s][info][gc,heap     ] GC(676) Eden regions: 487->0(487)
[487.338s][info][gc,heap     ] GC(676) Survivor regions: 8->8(62)
[487.338s][info][gc,heap     ] GC(676) Old regions: 44->45
[487.338s][info][gc,heap     ] GC(676) Humongous regions: 207->207
[487.338s][info][gc,metaspace] GC(676) Metaspace: 57588K(57920K)->57588K(57920K) NonClass: 49301K(49536K)->49301K(49536K) Class: 8286K(8384K)->8286K(8384K)
[487.338s][info][gc          ] GC(676) Pause Young (Normal) (G1 Evacuation Pause) 744M->259M(825M) 6.137ms
[487.338s][info][gc,cpu      ] GC(676) User=0.01s Sys=0.00s Real=0.01s
[488.540s][info][gc,start    ] GC(677) Pause Young (Normal) (G1 Evacuation Pause)
[488.540s][info][gc,task     ] GC(677) Using 2 workers of 2 for evacuation
[488.547s][info][gc,phases   ] GC(677)   Pre Evacuate Collection Set: 0.29ms
[488.547s][info][gc,phases   ] GC(677)   Merge Heap Roots: 0.15ms
[488.547s][info][gc,phases   ] GC(677)   Evacuate Collection Set: 4.93ms
[488.547s][info][gc,phases   ] GC(677)   Post Evacuate Collection Set: 1.23ms
[488.547s][info][gc,phases   ] GC(677)   Other: 0.09ms
[488.547s][info][gc,heap     ] GC(677) Eden regions: 487->0(486)
[488.547s][info][gc,heap     ] GC(677) Survivor regions: 8->9(62)
[488.547s][info][gc,heap     ] GC(677) Old regions: 45->45
[488.547s][info][gc,heap     ] GC(677) Humongous regions: 207->207
[488.547s][info][gc,metaspace] GC(677) Metaspace: 57588K(57920K)->57588K(57920K) NonClass: 49301K(49536K)->49301K(49536K) Class: 8286K(8384K)->8286K(8384K)
[488.547s][info][gc          ] GC(677) Pause Young (Normal) (G1 Evacuation Pause) 746M->259M(825M) 6.862ms
[488.547s][info][gc,cpu      ] GC(677) User=0.01s Sys=0.00s Real=0.01s
[489.076s][info][gc,start    ] GC(678) Pause Young (Concurrent Start) (G1 Humongous Allocation)
[489.076s][info][gc,task     ] GC(678) Using 2 workers of 2 for evacuation
[489.081s][info][gc,phases   ] GC(678)   Pre Evacuate Collection Set: 0.41ms
[489.081s][info][gc,phases   ] GC(678)   Merge Heap Roots: 0.11ms
[489.081s][info][gc,phases   ] GC(678)   Evacuate Collection Set: 3.88ms
[489.081s][info][gc,phases   ] GC(678)   Post Evacuate Collection Set: 0.59ms
[489.081s][info][gc,phases   ] GC(678)   Other: 0.17ms
[489.081s][info][gc,heap     ] GC(678) Eden regions: 219->0(494)
[489.081s][info][gc,heap     ] GC(678) Survivor regions: 9->1(62)
[489.081s][info][gc,heap     ] GC(678) Old regions: 45->50
[489.081s][info][gc,heap     ] GC(678) Humongous regions: 207->207
[489.081s][info][gc,metaspace] GC(678) Metaspace: 57591K(57920K)->57591K(57920K) NonClass: 49304K(49536K)->49304K(49536K) Class: 8286K(8384K)->8286K(8384K)
[489.082s][info][gc          ] GC(678) Pause Young (Concurrent Start) (G1 Humongous Allocation) 477M->257M(825M) 5.327ms
[489.082s][info][gc,cpu      ] GC(678) User=0.01s Sys=0.00s Real=0.01s
[489.082s][info][gc          ] GC(679) Concurrent Undo Cycle
[489.082s][info][gc,marking  ] GC(679) Concurrent Clear Claimed Marks
[489.082s][info][gc,marking  ] GC(679) Concurrent Clear Claimed Marks 0.089ms
[489.082s][info][gc,marking  ] GC(679) Concurrent Cleanup for Next Mark
[489.082s][info][gc,marking  ] GC(679) Concurrent Cleanup for Next Mark 0.238ms
[489.082s][info][gc          ] GC(679) Concurrent Undo Cycle 0.409ms
[489.228s][info][gc,start    ] GC(680) Pause Young (Concurrent Start) (G1 Humongous Allocation)
[489.228s][info][gc,task     ] GC(680) Using 2 workers of 2 for evacuation
[489.231s][info][gc,phases   ] GC(680)   Pre Evacuate Collection Set: 0.31ms
[489.231s][info][gc,phases   ] GC(680)   Merge Heap Roots: 0.07ms
[489.231s][info][gc,phases   ] GC(680)   Evacuate Collection Set: 2.04ms
[489.231s][info][gc,phases   ] GC(680)   Post Evacuate Collection Set: 0.39ms
[489.231s][info][gc,phases   ] GC(680)   Other: 0.08ms
[489.231s][info][gc,heap     ] GC(680) Eden regions: 2->0(485)
[489.231s][info][gc,heap     ] GC(680) Survivor regions: 1->1(62)
[489.231s][info][gc,heap     ] GC(680) Old regions: 50->50
[489.231s][info][gc,heap     ] GC(680) Humongous regions: 246->246
[489.231s][info][gc,metaspace] GC(680) Metaspace: 57591K(57920K)->57591K(57920K) NonClass: 49304K(49536K)->49304K(49536K) Class: 8286K(8384K)->8286K(8384K)
[489.231s][info][gc          ] GC(680) Pause Young (Concurrent Start) (G1 Humongous Allocation) 298M->296M(825M) 3.050ms
[489.231s][info][gc,cpu      ] GC(680) User=0.00s Sys=0.00s Real=0.00s
[489.231s][info][gc          ] GC(681) Concurrent Mark Cycle
[489.231s][info][gc,marking  ] GC(681) Concurrent Scan Root Regions
[489.233s][info][gc,marking  ] GC(681) Concurrent Scan Root Regions 1.504ms
[489.233s][info][gc,marking  ] GC(681) Concurrent Mark
[489.233s][info][gc,marking  ] GC(681) Concurrent Mark From Roots
[489.233s][info][gc,task     ] GC(681) Using 1 workers of 1 for marking
[489.274s][info][gc,marking  ] GC(681) Concurrent Mark From Roots 41.543ms
[489.274s][info][gc,marking  ] GC(681) Concurrent Preclean
[489.274s][info][gc,marking  ] GC(681) Concurrent Preclean 0.071ms
[489.274s][info][gc,start    ] GC(681) Pause Remark
[489.285s][info][gc          ] GC(681) Pause Remark 335M->335M(825M) 10.344ms
[489.285s][info][gc,cpu      ] GC(681) User=0.02s Sys=0.00s Real=0.01s
[489.285s][info][gc,marking  ] GC(681) Concurrent Mark 52.262ms
[489.285s][info][gc,marking  ] GC(681) Concurrent Rebuild Remembered Sets and Scrub Regions
[489.300s][info][gc,marking  ] GC(681) Concurrent Rebuild Remembered Sets and Scrub Regions 15.590ms
[489.301s][info][gc,start    ] GC(681) Pause Cleanup
[489.301s][info][gc          ] GC(681) Pause Cleanup 335M->335M(825M) 0.072ms
[489.301s][info][gc,cpu      ] GC(681) User=0.00s Sys=0.00s Real=0.00s
[489.301s][info][gc,marking  ] GC(681) Concurrent Clear Claimed Marks
[489.301s][info][gc,marking  ] GC(681) Concurrent Clear Claimed Marks 0.077ms
[489.301s][info][gc,marking  ] GC(681) Concurrent Cleanup for Next Mark
[489.303s][info][gc,marking  ] GC(681) Concurrent Cleanup for Next Mark 2.358ms
[489.303s][info][gc          ] GC(681) Concurrent Mark Cycle 72.165ms
[492.753s][info][gc,start    ] GC(682) Pause Young (Prepare Mixed) (G1 Evacuation Pause)
[492.753s][info][gc,task     ] GC(682) Using 2 workers of 2 for evacuation
[492.773s][info][gc,phases   ] GC(682)   Pre Evacuate Collection Set: 0.50ms
[492.773s][info][gc,phases   ] GC(682)   Merge Heap Roots: 0.17ms
[492.773s][info][gc,phases   ] GC(682)   Evacuate Collection Set: 18.89ms
[492.773s][info][gc,phases   ] GC(682)   Post Evacuate Collection Set: 0.98ms
[492.773s][info][gc,phases   ] GC(682)   Other: 0.09ms
[492.773s][info][gc,heap     ] GC(682) Eden regions: 411->0(485)
[492.773s][info][gc,heap     ] GC(682) Survivor regions: 1->24(61)
[492.773s][info][gc,heap     ] GC(682) Old regions: 50->50
[492.773s][info][gc,heap     ] GC(682) Humongous regions: 363->207
[492.773s][info][gc,metaspace] GC(682) Metaspace: 57735K(58048K)->57735K(58048K) NonClass: 49449K(49664K)->49449K(49664K) Class: 8286K(8384K)->8286K(8384K)
[492.773s][info][gc          ] GC(682) Pause Young (Prepare Mixed) (G1 Evacuation Pause) 824M->280M(849M) 20.815ms
[492.773s][info][gc,cpu      ] GC(682) User=0.02s Sys=0.02s Real=0.02s
[494.017s][info][gc,start    ] GC(683) Pause Young (Mixed) (G1 Evacuation Pause)
[494.017s][info][gc,task     ] GC(683) Using 2 workers of 2 for evacuation
[494.025s][info][gc,phases   ] GC(683)   Pre Evacuate Collection Set: 0.31ms
[494.025s][info][gc,phases   ] GC(683)   Merge Heap Roots: 0.14ms
[494.025s][info][gc,phases   ] GC(683)   Evacuate Collection Set: 7.25ms
[494.025s][info][gc,phases   ] GC(683)   Post Evacuate Collection Set: 0.87ms
[494.025s][info][gc,phases   ] GC(683)   Other: 0.09ms
[494.025s][info][gc,heap     ] GC(683) Eden regions: 485->0(486)
[494.025s][info][gc,heap     ] GC(683) Survivor regions: 24->23(64)
[494.025s][info][gc,heap     ] GC(683) Old regions: 50->48
[494.025s][info][gc,heap     ] GC(683) Humongous regions: 207->207
[494.025s][info][gc,metaspace] GC(683) Metaspace: 57735K(58048K)->57735K(58048K) NonClass: 49449K(49664K)->49449K(49664K) Class: 8286K(8384K)->8286K(8384K)
[494.025s][info][gc          ] GC(683) Pause Young (Mixed) (G1 Evacuation Pause) 765M->277M(849M) 8.833ms
[494.025s][info][gc,cpu      ] GC(683) User=0.01s Sys=0.00s Real=0.01s
[495.222s][info][gc,start    ] GC(684) Pause Young (Concurrent Start) (G1 Evacuation Pause)
[495.222s][info][gc,task     ] GC(684) Using 2 workers of 2 for evacuation
[495.231s][info][gc,phases   ] GC(684)   Pre Evacuate Collection Set: 0.31ms
[495.231s][info][gc,phases   ] GC(684)   Merge Heap Roots: 0.13ms
[495.231s][info][gc,phases   ] GC(684)   Evacuate Collection Set: 7.96ms
[495.231s][info][gc,phases   ] GC(684)   Post Evacuate Collection Set: 0.87ms
[495.231s][info][gc,phases   ] GC(684)   Other: 0.12ms
[495.231s][info][gc,heap     ] GC(684) Eden regions: 486->0(485)
[495.231s][info][gc,heap     ] GC(684) Survivor regions: 23->24(64)
[495.231s][info][gc,heap     ] GC(684) Old regions: 48->48
[495.231s][info][gc,heap     ] GC(684) Humongous regions: 207->207
[495.231s][info][gc,metaspace] GC(684) Metaspace: 57736K(58048K)->57736K(58048K) NonClass: 49449K(49664K)->49449K(49664K) Class: 8286K(8384K)->8286K(8384K)
[495.231s][info][gc          ] GC(684) Pause Young (Concurrent Start) (G1 Evacuation Pause) 763M->278M(849M) 9.582ms
[495.231s][info][gc          ] GC(685) Concurrent Mark Cycle
[495.231s][info][gc,marking  ] GC(685) Concurrent Scan Root Regions
[495.234s][info][gc,cpu      ] GC(684) User=0.02s Sys=0.00s Real=0.01s
[495.236s][info][gc,marking  ] GC(685) Concurrent Scan Root Regions 4.434ms
[495.236s][info][gc,marking  ] GC(685) Concurrent Mark
[495.236s][info][gc,marking  ] GC(685) Concurrent Mark From Roots
[495.236s][info][gc,task     ] GC(685) Using 1 workers of 1 for marking
[495.277s][info][gc,marking  ] GC(685) Concurrent Mark From Roots 40.912ms
[495.277s][info][gc,marking  ] GC(685) Concurrent Preclean
[495.277s][info][gc,marking  ] GC(685) Concurrent Preclean 0.059ms
[495.277s][info][gc,start    ] GC(685) Pause Remark
[495.288s][info][gc          ] GC(685) Pause Remark 302M->302M(849M) 10.737ms
[495.288s][info][gc,cpu      ] GC(685) User=0.02s Sys=0.00s Real=0.01s
[495.288s][info][gc,marking  ] GC(685) Concurrent Mark 52.210ms
[495.288s][info][gc,marking  ] GC(685) Concurrent Rebuild Remembered Sets and Scrub Regions
[495.305s][info][gc,marking  ] GC(685) Concurrent Rebuild Remembered Sets and Scrub Regions 16.948ms
[495.305s][info][gc,start    ] GC(685) Pause Cleanup
[495.305s][info][gc          ] GC(685) Pause Cleanup 310M->310M(849M) 0.072ms
[495.305s][info][gc,cpu      ] GC(685) User=0.00s Sys=0.00s Real=0.00s
[495.305s][info][gc,marking  ] GC(685) Concurrent Clear Claimed Marks
[495.305s][info][gc,marking  ] GC(685) Concurrent Clear Claimed Marks 0.088ms
[495.305s][info][gc,marking  ] GC(685) Concurrent Cleanup for Next Mark
[495.308s][info][gc,marking  ] GC(685) Concurrent Cleanup for Next Mark 2.704ms
[495.308s][info][gc          ] GC(685) Concurrent Mark Cycle 76.692ms
[496.478s][info][gc,start    ] GC(686) Pause Young (Prepare Mixed) (G1 Evacuation Pause)
[496.478s][info][gc,task     ] GC(686) Using 2 workers of 2 for evacuation
[496.487s][info][gc,phases   ] GC(686)   Pre Evacuate Collection Set: 0.33ms
[496.487s][info][gc,phases   ] GC(686)   Merge Heap Roots: 0.18ms
[496.487s][info][gc,phases   ] GC(686)   Evacuate Collection Set: 7.62ms
[496.487s][info][gc,phases   ] GC(686)   Post Evacuate Collection Set: 0.92ms
[496.487s][info][gc,phases   ] GC(686)   Other: 0.11ms
[496.487s][info][gc,heap     ] GC(686) Eden regions: 485->0(485)
[496.487s][info][gc,heap     ] GC(686) Survivor regions: 24->24(64)
[496.487s][info][gc,heap     ] GC(686) Old regions: 48->48
[496.487s][info][gc,heap     ] GC(686) Humongous regions: 207->207
[496.487s][info][gc,metaspace] GC(686) Metaspace: 57736K(58048K)->57736K(58048K) NonClass: 49449K(49664K)->49449K(49664K) Class: 8286K(8384K)->8286K(8384K)
[496.487s][info][gc          ] GC(686) Pause Young (Prepare Mixed) (G1 Evacuation Pause) 763M->278M(849M) 9.357ms
[496.487s][info][gc,cpu      ] GC(686) User=0.02s Sys=0.00s Real=0.01s
[497.635s][info][gc,start    ] GC(687) Pause Young (Mixed) (G1 Evacuation Pause)
[497.635s][info][gc,task     ] GC(687) Using 2 workers of 2 for evacuation
[497.646s][info][gc,phases   ] GC(687)   Pre Evacuate Collection Set: 0.28ms
[497.646s][info][gc,phases   ] GC(687)   Merge Heap Roots: 0.15ms
[497.646s][info][gc,phases   ] GC(687)   Evacuate Collection Set: 9.31ms
[497.646s][info][gc,phases   ] GC(687)   Post Evacuate Collection Set: 0.89ms
[497.646s][info][gc,phases   ] GC(687)   Other: 0.10ms
[497.646s][info][gc,heap     ] GC(687) Eden regions: 485->0(485)
[497.646s][info][gc,heap     ] GC(687) Survivor regions: 24->24(64)
[497.646s][info][gc,heap     ] GC(687) Old regions: 48->46
[497.646s][info][gc,heap     ] GC(687) Humongous regions: 207->207
[497.646s][info][gc,metaspace] GC(687) Metaspace: 57736K(58048K)->57736K(58048K) NonClass: 49449K(49664K)->49449K(49664K) Class: 8286K(8384K)->8286K(8384K)
[497.646s][info][gc          ] GC(687) Pause Young (Mixed) (G1 Evacuation Pause) 763M->276M(849M) 10.940ms
[497.646s][info][gc,cpu      ] GC(687) User=0.02s Sys=0.00s Real=0.01s
[498.895s][info][gc,start    ] GC(688) Pause Young (Concurrent Start) (G1 Evacuation Pause)
[498.895s][info][gc,task     ] GC(688) Using 2 workers of 2 for evacuation
[498.906s][info][gc,phases   ] GC(688)   Pre Evacuate Collection Set: 0.30ms
[498.906s][info][gc,phases   ] GC(688)   Merge Heap Roots: 0.15ms
[498.906s][info][gc,phases   ] GC(688)   Evacuate Collection Set: 10.05ms
[498.906s][info][gc,phases   ] GC(688)   Post Evacuate Collection Set: 0.87ms
[498.906s][info][gc,phases   ] GC(688)   Other: 0.10ms
[498.906s][info][gc,heap     ] GC(688) Eden regions: 485->0(484)
[498.906s][info][gc,heap     ] GC(688) Survivor regions: 24->25(64)
[498.906s][info][gc,heap     ] GC(688) Old regions: 46->46
[498.906s][info][gc,heap     ] GC(688) Humongous regions: 207->207
[498.906s][info][gc,metaspace] GC(688) Metaspace: 57736K(58048K)->57736K(58048K) NonClass: 49449K(49664K)->49449K(49664K) Class: 8286K(8384K)->8286K(8384K)
[498.906s][info][gc          ] GC(688) Pause Young (Concurrent Start) (G1 Evacuation Pause) 761M->277M(849M) 11.655ms
[498.906s][info][gc,cpu      ] GC(688) User=0.02s Sys=0.00s Real=0.01s
[498.906s][info][gc          ] GC(689) Concurrent Mark Cycle
[498.907s][info][gc,marking  ] GC(689) Concurrent Scan Root Regions
[498.918s][info][gc,marking  ] GC(689) Concurrent Scan Root Regions 10.739ms
[498.918s][info][gc,marking  ] GC(689) Concurrent Mark
[498.918s][info][gc,marking  ] GC(689) Concurrent Mark From Roots
[498.918s][info][gc,task     ] GC(689) Using 1 workers of 1 for marking
[498.986s][info][gc,marking  ] GC(689) Concurrent Mark From Roots 67.864ms
[498.986s][info][gc,marking  ] GC(689) Concurrent Preclean
[498.986s][info][gc,marking  ] GC(689) Concurrent Preclean 0.074ms
[498.986s][info][gc,start    ] GC(689) Pause Remark
[498.997s][info][gc          ] GC(689) Pause Remark 325M->325M(849M) 10.716ms
[498.997s][info][gc,cpu      ] GC(689) User=0.02s Sys=0.00s Real=0.02s
[498.997s][info][gc,marking  ] GC(689) Concurrent Mark 79.462ms
[498.997s][info][gc,marking  ] GC(689) Concurrent Rebuild Remembered Sets and Scrub Regions
[499.027s][info][gc,marking  ] GC(689) Concurrent Rebuild Remembered Sets and Scrub Regions 29.915ms
[499.029s][info][gc,start    ] GC(689) Pause Cleanup
[499.029s][info][gc          ] GC(689) Pause Cleanup 341M->341M(849M) 0.092ms
[499.029s][info][gc,cpu      ] GC(689) User=0.00s Sys=0.00s Real=0.00s
[499.029s][info][gc,marking  ] GC(689) Concurrent Clear Claimed Marks
[499.029s][info][gc,marking  ] GC(689) Concurrent Clear Claimed Marks 0.103ms
[499.029s][info][gc,marking  ] GC(689) Concurrent Cleanup for Next Mark
[499.034s][info][gc,marking  ] GC(689) Concurrent Cleanup for Next Mark 5.218ms
[499.034s][info][gc          ] GC(689) Concurrent Mark Cycle 127.766ms
[500.056s][info][gc,start    ] GC(690) Pause Young (Prepare Mixed) (G1 Evacuation Pause)
[500.056s][info][gc,task     ] GC(690) Using 2 workers of 2 for evacuation
[500.068s][info][gc,phases   ] GC(690)   Pre Evacuate Collection Set: 0.28ms
[500.068s][info][gc,phases   ] GC(690)   Merge Heap Roots: 0.17ms
[500.068s][info][gc,phases   ] GC(690)   Evacuate Collection Set: 10.14ms
[500.068s][info][gc,phases   ] GC(690)   Post Evacuate Collection Set: 0.93ms
[500.068s][info][gc,phases   ] GC(690)   Other: 0.10ms
[500.068s][info][gc,heap     ] GC(690) Eden regions: 484->0(484)
[500.068s][info][gc,heap     ] GC(690) Survivor regions: 25->25(64)
[500.068s][info][gc,heap     ] GC(690) Old regions: 46->46
[500.068s][info][gc,heap     ] GC(690) Humongous regions: 207->207
[500.068s][info][gc,metaspace] GC(690) Metaspace: 57736K(58048K)->57736K(58048K) NonClass: 49449K(49664K)->49449K(49664K) Class: 8286K(8384K)->8286K(8384K)
[500.068s][info][gc          ] GC(690) Pause Young (Prepare Mixed) (G1 Evacuation Pause) 761M->277M(849M) 11.819ms
[500.068s][info][gc,cpu      ] GC(690) User=0.02s Sys=0.00s Real=0.02s
[501.262s][info][gc,start    ] GC(691) Pause Young (Mixed) (G1 Evacuation Pause)
[501.262s][info][gc,task     ] GC(691) Using 2 workers of 2 for evacuation
[501.273s][info][gc,phases   ] GC(691)   Pre Evacuate Collection Set: 0.31ms
[501.273s][info][gc,phases   ] GC(691)   Merge Heap Roots: 0.16ms
[501.273s][info][gc,phases   ] GC(691)   Evacuate Collection Set: 8.73ms
[501.273s][info][gc,phases   ] GC(691)   Post Evacuate Collection Set: 1.22ms
[501.273s][info][gc,phases   ] GC(691)   Other: 0.08ms
[501.273s][info][gc,heap     ] GC(691) Eden regions: 484->0(485)
[501.273s][info][gc,heap     ] GC(691) Survivor regions: 25->24(64)
[501.273s][info][gc,heap     ] GC(691) Old regions: 46->45
[501.273s][info][gc,heap     ] GC(691) Humongous regions: 207->207
[501.273s][info][gc,metaspace] GC(691) Metaspace: 57736K(58048K)->57736K(58048K) NonClass: 49449K(49664K)->49449K(49664K) Class: 8286K(8384K)->8286K(8384K)
[501.273s][info][gc          ] GC(691) Pause Young (Mixed) (G1 Evacuation Pause) 761M->275M(849M) 10.687ms
[501.273s][info][gc,cpu      ] GC(691) User=0.02s Sys=0.00s Real=0.01s
[502.519s][info][gc,start    ] GC(692) Pause Young (Concurrent Start) (G1 Evacuation Pause)
[502.519s][info][gc,task     ] GC(692) Using 2 workers of 2 for evacuation
[502.528s][info][gc,phases   ] GC(692)   Pre Evacuate Collection Set: 0.33ms
[502.528s][info][gc,phases   ] GC(692)   Merge Heap Roots: 0.13ms
[502.528s][info][gc,phases   ] GC(692)   Evacuate Collection Set: 7.31ms
[502.528s][info][gc,phases   ] GC(692)   Post Evacuate Collection Set: 1.74ms
[502.528s][info][gc,phases   ] GC(692)   Other: 0.14ms
[502.528s][info][gc,heap     ] GC(692) Eden regions: 485->0(486)
[502.528s][info][gc,heap     ] GC(692) Survivor regions: 24->23(64)
[502.528s][info][gc,heap     ] GC(692) Old regions: 45->45
[502.528s][info][gc,heap     ] GC(692) Humongous regions: 207->207
[502.528s][info][gc,metaspace] GC(692) Metaspace: 57736K(58048K)->57736K(58048K) NonClass: 49449K(49664K)->49449K(49664K) Class: 8286K(8384K)->8286K(8384K)
[502.528s][info][gc          ] GC(692) Pause Young (Concurrent Start) (G1 Evacuation Pause) 760M->274M(849M) 9.857ms
[502.528s][info][gc,cpu      ] GC(692) User=0.02s Sys=0.00s Real=0.01s
[502.529s][info][gc          ] GC(693) Concurrent Mark Cycle
[502.529s][info][gc,marking  ] GC(693) Concurrent Scan Root Regions
[502.546s][info][gc,marking  ] GC(693) Concurrent Scan Root Regions 17.554ms
[502.546s][info][gc,marking  ] GC(693) Concurrent Mark
[502.546s][info][gc,marking  ] GC(693) Concurrent Mark From Roots
[502.546s][info][gc,task     ] GC(693) Using 1 workers of 1 for marking
[502.619s][info][gc,marking  ] GC(693) Concurrent Mark From Roots 73.178ms
[502.619s][info][gc,marking  ] GC(693) Concurrent Preclean
[502.620s][info][gc,marking  ] GC(693) Concurrent Preclean 0.059ms
[502.620s][info][gc,start    ] GC(693) Pause Remark
[502.648s][info][gc          ] GC(693) Pause Remark 310M->310M(849M) 27.944ms
[502.648s][info][gc,cpu      ] GC(693) User=0.03s Sys=0.00s Real=0.03s
[502.648s][info][gc,marking  ] GC(693) Concurrent Mark 101.963ms
[502.648s][info][gc,marking  ] GC(693) Concurrent Rebuild Remembered Sets and Scrub Regions
[502.671s][info][gc,marking  ] GC(693) Concurrent Rebuild Remembered Sets and Scrub Regions 23.285ms
[502.672s][info][gc,start    ] GC(693) Pause Cleanup
[502.672s][info][gc          ] GC(693) Pause Cleanup 310M->310M(849M) 0.067ms
[502.672s][info][gc,cpu      ] GC(693) User=0.00s Sys=0.00s Real=0.00s
[502.672s][info][gc,marking  ] GC(693) Concurrent Clear Claimed Marks
[502.672s][info][gc,marking  ] GC(693) Concurrent Clear Claimed Marks 0.097ms
[502.673s][info][gc,marking  ] GC(693) Concurrent Cleanup for Next Mark
[502.678s][info][gc,marking  ] GC(693) Concurrent Cleanup for Next Mark 5.654ms
[502.678s][info][gc          ] GC(693) Concurrent Mark Cycle 149.844ms
[503.926s][info][gc,start    ] GC(694) Pause Young (Prepare Mixed) (G1 Evacuation Pause)
[503.926s][info][gc,task     ] GC(694) Using 2 workers of 2 for evacuation
[503.936s][info][gc,phases   ] GC(694)   Pre Evacuate Collection Set: 0.47ms
[503.936s][info][gc,phases   ] GC(694)   Merge Heap Roots: 0.16ms
[503.936s][info][gc,phases   ] GC(694)   Evacuate Collection Set: 7.64ms
[503.936s][info][gc,phases   ] GC(694)   Post Evacuate Collection Set: 0.90ms
[503.936s][info][gc,phases   ] GC(694)   Other: 0.09ms
[503.936s][info][gc,heap     ] GC(694) Eden regions: 486->0(485)
[503.936s][info][gc,heap     ] GC(694) Survivor regions: 23->24(64)
[503.936s][info][gc,heap     ] GC(694) Old regions: 45->45
[503.936s][info][gc,heap     ] GC(694) Humongous regions: 207->207
[503.936s][info][gc,metaspace] GC(694) Metaspace: 57736K(58048K)->57736K(58048K) NonClass: 49449K(49664K)->49449K(49664K) Class: 8286K(8384K)->8286K(8384K)
[503.936s][info][gc          ] GC(694) Pause Young (Prepare Mixed) (G1 Evacuation Pause) 760M->275M(849M) 9.464ms
[503.936s][info][gc,cpu      ] GC(694) User=0.01s Sys=0.00s Real=0.01s
[505.135s][info][gc,start    ] GC(695) Pause Young (Mixed) (G1 Evacuation Pause)
[505.135s][info][gc,task     ] GC(695) Using 2 workers of 2 for evacuation
[505.147s][info][gc,phases   ] GC(695)   Pre Evacuate Collection Set: 0.35ms
[505.147s][info][gc,phases   ] GC(695)   Merge Heap Roots: 0.15ms
[505.147s][info][gc,phases   ] GC(695)   Evacuate Collection Set: 10.25ms
[505.147s][info][gc,phases   ] GC(695)   Post Evacuate Collection Set: 0.89ms
[505.147s][info][gc,phases   ] GC(695)   Other: 0.10ms
[505.147s][info][gc,heap     ] GC(695) Eden regions: 485->0(484)
[505.147s][info][gc,heap     ] GC(695) Survivor regions: 24->25(64)
[505.147s][info][gc,heap     ] GC(695) Old regions: 45->43
[505.147s][info][gc,heap     ] GC(695) Humongous regions: 207->207
[505.147s][info][gc,metaspace] GC(695) Metaspace: 57736K(58048K)->57736K(58048K) NonClass: 49449K(49664K)->49449K(49664K) Class: 8286K(8384K)->8286K(8384K)
[505.147s][info][gc          ] GC(695) Pause Young (Mixed) (G1 Evacuation Pause) 760M->274M(849M) 11.935ms
[505.147s][info][gc,cpu      ] GC(695) User=0.02s Sys=0.00s Real=0.02s
[506.343s][info][gc,start    ] GC(696) Pause Young (Concurrent Start) (G1 Evacuation Pause)
[506.343s][info][gc,task     ] GC(696) Using 2 workers of 2 for evacuation
[506.354s][info][gc,phases   ] GC(696)   Pre Evacuate Collection Set: 0.30ms
[506.354s][info][gc,phases   ] GC(696)   Merge Heap Roots: 0.15ms
[506.354s][info][gc,phases   ] GC(696)   Evacuate Collection Set: 9.70ms
[506.354s][info][gc,phases   ] GC(696)   Post Evacuate Collection Set: 0.86ms
[506.354s][info][gc,phases   ] GC(696)   Other: 0.13ms
[506.354s][info][gc,heap     ] GC(696) Eden regions: 484->0(484)
[506.354s][info][gc,heap     ] GC(696) Survivor regions: 25->25(64)
[506.354s][info][gc,heap     ] GC(696) Old regions: 43->44
[506.354s][info][gc,heap     ] GC(696) Humongous regions: 207->207
[506.354s][info][gc,metaspace] GC(696) Metaspace: 57736K(58048K)->57736K(58048K) NonClass: 49449K(49664K)->49449K(49664K) Class: 8286K(8384K)->8286K(8384K)
[506.354s][info][gc          ] GC(696) Pause Young (Concurrent Start) (G1 Evacuation Pause) 758M->274M(849M) 11.345ms
[506.354s][info][gc,cpu      ] GC(696) User=0.02s Sys=0.00s Real=0.01s
[506.354s][info][gc          ] GC(697) Concurrent Mark Cycle
[506.354s][info][gc,marking  ] GC(697) Concurrent Scan Root Regions
[506.365s][info][gc,marking  ] GC(697) Concurrent Scan Root Regions 10.265ms
[506.365s][info][gc,marking  ] GC(697) Concurrent Mark
[506.365s][info][gc,marking  ] GC(697) Concurrent Mark From Roots
[506.365s][info][gc,task     ] GC(697) Using 1 workers of 1 for marking
[506.409s][info][gc,marking  ] GC(697) Concurrent Mark From Roots 44.548ms
[506.409s][info][gc,marking  ] GC(697) Concurrent Preclean
[506.409s][info][gc,marking  ] GC(697) Concurrent Preclean 0.073ms
[506.409s][info][gc,start    ] GC(697) Pause Remark
[506.420s][info][gc          ] GC(697) Pause Remark 292M->292M(849M) 10.797ms
[506.420s][info][gc,cpu      ] GC(697) User=0.02s Sys=0.00s Real=0.01s
[506.421s][info][gc,marking  ] GC(697) Concurrent Mark 56.667ms
[506.421s][info][gc,marking  ] GC(697) Concurrent Rebuild Remembered Sets and Scrub Regions
[506.455s][info][gc,marking  ] GC(697) Concurrent Rebuild Remembered Sets and Scrub Regions 33.783ms
[506.457s][info][gc,start    ] GC(697) Pause Cleanup
[506.457s][info][gc          ] GC(697) Pause Cleanup 316M->316M(849M) 0.096ms
[506.457s][info][gc,cpu      ] GC(697) User=0.00s Sys=0.00s Real=0.00s
[506.457s][info][gc,marking  ] GC(697) Concurrent Clear Claimed Marks
[506.457s][info][gc,marking  ] GC(697) Concurrent Clear Claimed Marks 0.109ms
[506.457s][info][gc,marking  ] GC(697) Concurrent Cleanup for Next Mark
[506.462s][info][gc,marking  ] GC(697) Concurrent Cleanup for Next Mark 4.758ms
[506.462s][info][gc          ] GC(697) Concurrent Mark Cycle 107.302ms
[507.551s][info][gc,start    ] GC(698) Pause Young (Prepare Mixed) (G1 Evacuation Pause)
[507.551s][info][gc,task     ] GC(698) Using 2 workers of 2 for evacuation
[507.562s][info][gc,phases   ] GC(698)   Pre Evacuate Collection Set: 0.33ms
[507.562s][info][gc,phases   ] GC(698)   Merge Heap Roots: 0.18ms
[507.562s][info][gc,phases   ] GC(698)   Evacuate Collection Set: 9.74ms
[507.562s][info][gc,phases   ] GC(698)   Post Evacuate Collection Set: 0.89ms
[507.562s][info][gc,phases   ] GC(698)   Other: 0.11ms
[507.562s][info][gc,heap     ] GC(698) Eden regions: 484->0(484)
[507.562s][info][gc,heap     ] GC(698) Survivor regions: 25->25(64)
[507.562s][info][gc,heap     ] GC(698) Old regions: 44->44
[507.562s][info][gc,heap     ] GC(698) Humongous regions: 207->207
[507.562s][info][gc,metaspace] GC(698) Metaspace: 57736K(58048K)->57736K(58048K) NonClass: 49449K(49664K)->49449K(49664K) Class: 8286K(8384K)->8286K(8384K)
[507.562s][info][gc          ] GC(698) Pause Young (Prepare Mixed) (G1 Evacuation Pause) 758M->274M(849M) 11.442ms
[507.562s][info][gc,cpu      ] GC(698) User=0.02s Sys=0.00s Real=0.01s
[508.759s][info][gc,start    ] GC(699) Pause Young (Mixed) (G1 Evacuation Pause)
[508.759s][info][gc,task     ] GC(699) Using 2 workers of 2 for evacuation
[508.770s][info][gc,phases   ] GC(699)   Pre Evacuate Collection Set: 0.32ms
[508.770s][info][gc,phases   ] GC(699)   Merge Heap Roots: 0.14ms
[508.770s][info][gc,phases   ] GC(699)   Evacuate Collection Set: 9.50ms
[508.770s][info][gc,phases   ] GC(699)   Post Evacuate Collection Set: 0.89ms
[508.770s][info][gc,phases   ] GC(699)   Other: 0.09ms
[508.770s][info][gc,heap     ] GC(699) Eden regions: 484->0(484)
[508.770s][info][gc,heap     ] GC(699) Survivor regions: 25->25(64)
[508.770s][info][gc,heap     ] GC(699) Old regions: 44->43
[508.770s][info][gc,heap     ] GC(699) Humongous regions: 207->207
[508.770s][info][gc,metaspace] GC(699) Metaspace: 57736K(58048K)->57736K(58048K) NonClass: 49449K(49664K)->49449K(49664K) Class: 8286K(8384K)->8286K(8384K)
[508.770s][info][gc          ] GC(699) Pause Young (Mixed) (G1 Evacuation Pause) 758M->274M(849M) 11.128ms
[508.770s][info][gc,cpu      ] GC(699) User=0.02s Sys=0.00s Real=0.01s
[509.962s][info][gc,start    ] GC(700) Pause Young (Concurrent Start) (G1 Evacuation Pause)
[509.962s][info][gc,task     ] GC(700) Using 2 workers of 2 for evacuation
[509.972s][info][gc,phases   ] GC(700)   Pre Evacuate Collection Set: 0.35ms
[509.972s][info][gc,phases   ] GC(700)   Merge Heap Roots: 0.14ms
[509.972s][info][gc,phases   ] GC(700)   Evacuate Collection Set: 8.06ms
[509.972s][info][gc,phases   ] GC(700)   Post Evacuate Collection Set: 0.90ms
[509.972s][info][gc,phases   ] GC(700)   Other: 0.12ms
[509.972s][info][gc,heap     ] GC(700) Eden regions: 484->0(485)
[509.972s][info][gc,heap     ] GC(700) Survivor regions: 25->24(64)
[509.972s][info][gc,heap     ] GC(700) Old regions: 43->43
[509.972s][info][gc,heap     ] GC(700) Humongous regions: 207->207
[509.972s][info][gc,metaspace] GC(700) Metaspace: 57736K(58048K)->57736K(58048K) NonClass: 49449K(49664K)->49449K(49664K) Class: 8286K(8384K)->8286K(8384K)
[509.972s][info][gc          ] GC(700) Pause Young (Concurrent Start) (G1 Evacuation Pause) 758M->273M(849M) 9.803ms
[509.972s][info][gc          ] GC(701) Concurrent Mark Cycle
[509.972s][info][gc,marking  ] GC(701) Concurrent Scan Root Regions
[509.972s][info][gc,cpu      ] GC(700) User=0.01s Sys=0.00s Real=0.01s
[509.977s][info][gc,marking  ] GC(701) Concurrent Scan Root Regions 5.762ms
[509.978s][info][gc,marking  ] GC(701) Concurrent Mark
[509.978s][info][gc,marking  ] GC(701) Concurrent Mark From Roots
[509.978s][info][gc,task     ] GC(701) Using 1 workers of 1 for marking
[510.017s][info][gc,marking  ] GC(701) Concurrent Mark From Roots 39.049ms
[510.017s][info][gc,marking  ] GC(701) Concurrent Preclean
[510.017s][info][gc,marking  ] GC(701) Concurrent Preclean 0.059ms
[510.017s][info][gc,start    ] GC(701) Pause Remark
[510.027s][info][gc          ] GC(701) Pause Remark 279M->269M(849M) 10.577ms
[510.027s][info][gc,cpu      ] GC(701) User=0.02s Sys=0.00s Real=0.01s
[510.028s][info][gc,marking  ] GC(701) Concurrent Mark 50.135ms
[510.028s][info][gc,marking  ] GC(701) Concurrent Rebuild Remembered Sets and Scrub Regions
[510.054s][info][gc,marking  ] GC(701) Concurrent Rebuild Remembered Sets and Scrub Regions 26.599ms
[510.054s][info][gc,start    ] GC(701) Pause Cleanup
[510.055s][info][gc          ] GC(701) Pause Cleanup 286M->286M(849M) 0.080ms
[510.055s][info][gc,cpu      ] GC(701) User=0.00s Sys=0.00s Real=0.00s
[510.055s][info][gc,marking  ] GC(701) Concurrent Clear Claimed Marks
[510.055s][info][gc,marking  ] GC(701) Concurrent Clear Claimed Marks 0.088ms
[510.055s][info][gc,marking  ] GC(701) Concurrent Cleanup for Next Mark
[510.057s][info][gc,marking  ] GC(701) Concurrent Cleanup for Next Mark 2.594ms
[510.057s][info][gc          ] GC(701) Concurrent Mark Cycle 85.572ms
[511.220s][info][gc,start    ] GC(702) Pause Young (Prepare Mixed) (G1 Evacuation Pause)
[511.220s][info][gc,task     ] GC(702) Using 2 workers of 2 for evacuation
[511.228s][info][gc,phases   ] GC(702)   Pre Evacuate Collection Set: 0.26ms
[511.228s][info][gc,phases   ] GC(702)   Merge Heap Roots: 0.17ms
[511.228s][info][gc,phases   ] GC(702)   Evacuate Collection Set: 7.23ms
[511.228s][info][gc,phases   ] GC(702)   Post Evacuate Collection Set: 0.84ms
[511.228s][info][gc,phases   ] GC(702)   Other: 0.10ms
[511.228s][info][gc,heap     ] GC(702) Eden regions: 485->0(508)
[511.228s][info][gc,heap     ] GC(702) Survivor regions: 24->1(64)
[511.228s][info][gc,heap     ] GC(702) Old regions: 33->55
[511.228s][info][gc,heap     ] GC(702) Humongous regions: 207->207
[511.228s][info][gc,metaspace] GC(702) Metaspace: 57736K(58048K)->57736K(58048K) NonClass: 49449K(49664K)->49449K(49664K) Class: 8286K(8384K)->8286K(8384K)
[511.228s][info][gc          ] GC(702) Pause Young (Prepare Mixed) (G1 Evacuation Pause) 748M->262M(849M) 8.788ms
[511.228s][info][gc,cpu      ] GC(702) User=0.02s Sys=0.00s Real=0.01s
[512.459s][info][gc,start    ] GC(703) Pause Young (Mixed) (G1 Evacuation Pause)
[512.459s][info][gc,task     ] GC(703) Using 2 workers of 2 for evacuation
[512.464s][info][gc,phases   ] GC(703)   Pre Evacuate Collection Set: 0.30ms
[512.464s][info][gc,phases   ] GC(703)   Merge Heap Roots: 0.15ms
[512.464s][info][gc,phases   ] GC(703)   Evacuate Collection Set: 3.74ms
[512.464s][info][gc,phases   ] GC(703)   Post Evacuate Collection Set: 0.80ms
[512.464s][info][gc,phases   ] GC(703)   Other: 0.10ms
[512.464s][info][gc,heap     ] GC(703) Eden regions: 508->0(507)
[512.464s][info][gc,heap     ] GC(703) Survivor regions: 1->2(64)
[512.464s][info][gc,heap     ] GC(703) Old regions: 55->52
[512.464s][info][gc,heap     ] GC(703) Humongous regions: 207->207
[512.464s][info][gc,metaspace] GC(703) Metaspace: 57736K(58048K)->57736K(58048K) NonClass: 49449K(49664K)->49449K(49664K) Class: 8286K(8384K)->8286K(8384K)
[512.464s][info][gc          ] GC(703) Pause Young (Mixed) (G1 Evacuation Pause) 770M->260M(849M) 5.263ms
[512.464s][info][gc,cpu      ] GC(703) User=0.01s Sys=0.00s Real=0.00s
[513.741s][info][gc,start    ] GC(704) Pause Young (Concurrent Start) (G1 Evacuation Pause)
[513.741s][info][gc,task     ] GC(704) Using 2 workers of 2 for evacuation
[513.747s][info][gc,phases   ] GC(704)   Pre Evacuate Collection Set: 0.29ms
[513.747s][info][gc,phases   ] GC(704)   Merge Heap Roots: 0.15ms
[513.747s][info][gc,phases   ] GC(704)   Evacuate Collection Set: 5.18ms
[513.747s][info][gc,phases   ] GC(704)   Post Evacuate Collection Set: 0.77ms
[513.747s][info][gc,phases   ] GC(704)   Other: 0.13ms
[513.747s][info][gc,heap     ] GC(704) Eden regions: 507->0(505)
[513.747s][info][gc,heap     ] GC(704) Survivor regions: 2->4(64)
[513.747s][info][gc,heap     ] GC(704) Old regions: 52->52
[513.747s][info][gc,heap     ] GC(704) Humongous regions: 207->207
[513.747s][info][gc,metaspace] GC(704) Metaspace: 57736K(58048K)->57736K(58048K) NonClass: 49449K(49664K)->49449K(49664K) Class: 8286K(8384K)->8286K(8384K)
[513.747s][info][gc          ] GC(704) Pause Young (Concurrent Start) (G1 Evacuation Pause) 767M->262M(849M) 6.689ms
[513.748s][info][gc          ] GC(705) Concurrent Mark Cycle
[513.748s][info][gc,marking  ] GC(705) Concurrent Scan Root Regions
[513.749s][info][gc,cpu      ] GC(704) User=0.02s Sys=0.00s Real=0.01s
[513.755s][info][gc,marking  ] GC(705) Concurrent Scan Root Regions 7.349ms
[513.755s][info][gc,marking  ] GC(705) Concurrent Mark
[513.755s][info][gc,marking  ] GC(705) Concurrent Mark From Roots
[513.755s][info][gc,task     ] GC(705) Using 1 workers of 1 for marking
[513.797s][info][gc,marking  ] GC(705) Concurrent Mark From Roots 42.482ms
[513.797s][info][gc,marking  ] GC(705) Concurrent Preclean
[513.798s][info][gc,marking  ] GC(705) Concurrent Preclean 0.069ms
[513.798s][info][gc,start    ] GC(705) Pause Remark
[513.808s][info][gc          ] GC(705) Pause Remark 276M->276M(849M) 10.415ms
[513.808s][info][gc,cpu      ] GC(705) User=0.02s Sys=0.00s Real=0.01s
[513.808s][info][gc,marking  ] GC(705) Concurrent Mark 53.437ms
[513.808s][info][gc,marking  ] GC(705) Concurrent Rebuild Remembered Sets and Scrub Regions
[513.834s][info][gc,marking  ] GC(705) Concurrent Rebuild Remembered Sets and Scrub Regions 25.469ms
[513.834s][info][gc,start    ] GC(705) Pause Cleanup
[513.834s][info][gc          ] GC(705) Pause Cleanup 287M->287M(849M) 0.072ms
[513.834s][info][gc,cpu      ] GC(705) User=0.00s Sys=0.00s Real=0.00s
[513.834s][info][gc,marking  ] GC(705) Concurrent Clear Claimed Marks
[513.834s][info][gc,marking  ] GC(705) Concurrent Clear Claimed Marks 0.086ms
[513.834s][info][gc,marking  ] GC(705) Concurrent Cleanup for Next Mark
[513.837s][info][gc,marking  ] GC(705) Concurrent Cleanup for Next Mark 2.483ms
[513.837s][info][gc          ] GC(705) Concurrent Mark Cycle 89.126ms
[515.032s][info][gc,start    ] GC(706) Pause Young (Prepare Mixed) (G1 Evacuation Pause)
[515.032s][info][gc,task     ] GC(706) Using 2 workers of 2 for evacuation
[515.037s][info][gc,phases   ] GC(706)   Pre Evacuate Collection Set: 0.29ms
[515.037s][info][gc,phases   ] GC(706)   Merge Heap Roots: 0.15ms
[515.037s][info][gc,phases   ] GC(706)   Evacuate Collection Set: 3.35ms
[515.037s][info][gc,phases   ] GC(706)   Post Evacuate Collection Set: 0.80ms
[515.037s][info][gc,phases   ] GC(706)   Other: 0.08ms
[515.037s][info][gc,heap     ] GC(706) Eden regions: 505->0(507)
[515.037s][info][gc,heap     ] GC(706) Survivor regions: 4->2(64)
[515.037s][info][gc,heap     ] GC(706) Old regions: 52->52
[515.037s][info][gc,heap     ] GC(706) Humongous regions: 207->207
[515.037s][info][gc,metaspace] GC(706) Metaspace: 57736K(58048K)->57736K(58048K) NonClass: 49449K(49664K)->49449K(49664K) Class: 8286K(8384K)->8286K(8384K)
[515.037s][info][gc          ] GC(706) Pause Young (Prepare Mixed) (G1 Evacuation Pause) 766M->260M(849M) 4.866ms
[515.037s][info][gc,cpu      ] GC(706) User=0.01s Sys=0.00s Real=0.01s
[516.324s][info][gc,start    ] GC(707) Pause Young (Mixed) (G1 Evacuation Pause)
[516.324s][info][gc,task     ] GC(707) Using 2 workers of 2 for evacuation
[516.328s][info][gc,phases   ] GC(707)   Pre Evacuate Collection Set: 0.32ms
[516.328s][info][gc,phases   ] GC(707)   Merge Heap Roots: 0.14ms
[516.328s][info][gc,phases   ] GC(707)   Evacuate Collection Set: 2.83ms
[516.328s][info][gc,phases   ] GC(707)   Post Evacuate Collection Set: 0.76ms
[516.328s][info][gc,phases   ] GC(707)   Other: 0.11ms
[516.328s][info][gc,heap     ] GC(707) Eden regions: 507->0(508)
[516.328s][info][gc,heap     ] GC(707) Survivor regions: 2->1(64)
[516.328s][info][gc,heap     ] GC(707) Old regions: 52->50
[516.328s][info][gc,heap     ] GC(707) Humongous regions: 207->207
[516.328s][info][gc,metaspace] GC(707) Metaspace: 57736K(58048K)->57736K(58048K) NonClass: 49449K(49664K)->49449K(49664K) Class: 8286K(8384K)->8286K(8384K)
[516.328s][info][gc          ] GC(707) Pause Young (Mixed) (G1 Evacuation Pause) 767M->257M(849M) 4.327ms
[516.328s][info][gc,cpu      ] GC(707) User=0.00s Sys=0.00s Real=0.01s
[517.565s][info][gc,start    ] GC(708) Pause Young (Concurrent Start) (G1 Evacuation Pause)
[517.565s][info][gc,task     ] GC(708) Using 2 workers of 2 for evacuation
[517.570s][info][gc,phases   ] GC(708)   Pre Evacuate Collection Set: 0.42ms
[517.570s][info][gc,phases   ] GC(708)   Merge Heap Roots: 0.17ms
[517.570s][info][gc,phases   ] GC(708)   Evacuate Collection Set: 3.64ms
[517.570s][info][gc,phases   ] GC(708)   Post Evacuate Collection Set: 0.78ms
[517.570s][info][gc,phases   ] GC(708)   Other: 0.15ms
[517.570s][info][gc,heap     ] GC(708) Eden regions: 508->0(507)
[517.570s][info][gc,heap     ] GC(708) Survivor regions: 1->2(64)
[517.570s][info][gc,heap     ] GC(708) Old regions: 50->50
[517.570s][info][gc,heap     ] GC(708) Humongous regions: 207->207
[517.570s][info][gc,metaspace] GC(708) Metaspace: 57736K(58048K)->57736K(58048K) NonClass: 49449K(49664K)->49449K(49664K) Class: 8286K(8384K)->8286K(8384K)
[517.570s][info][gc          ] GC(708) Pause Young (Concurrent Start) (G1 Evacuation Pause) 765M->258M(849M) 5.338ms
[517.570s][info][gc,cpu      ] GC(708) User=0.01s Sys=0.00s Real=0.01s
[517.570s][info][gc          ] GC(709) Concurrent Mark Cycle
[517.570s][info][gc,marking  ] GC(709) Concurrent Scan Root Regions
[517.575s][info][gc,marking  ] GC(709) Concurrent Scan Root Regions 4.303ms
[517.575s][info][gc,marking  ] GC(709) Concurrent Mark
[517.575s][info][gc,marking  ] GC(709) Concurrent Mark From Roots
[517.575s][info][gc,task     ] GC(709) Using 1 workers of 1 for marking
[517.618s][info][gc,marking  ] GC(709) Concurrent Mark From Roots 43.425ms
[517.618s][info][gc,marking  ] GC(709) Concurrent Preclean
[517.618s][info][gc,marking  ] GC(709) Concurrent Preclean 0.081ms
[517.618s][info][gc,start    ] GC(709) Pause Remark
[517.629s][info][gc          ] GC(709) Pause Remark 267M->267M(849M) 10.462ms
[517.629s][info][gc,cpu      ] GC(709) User=0.02s Sys=0.00s Real=0.01s
[517.629s][info][gc,marking  ] GC(709) Concurrent Mark 54.339ms
[517.629s][info][gc,marking  ] GC(709) Concurrent Rebuild Remembered Sets and Scrub Regions
[517.652s][info][gc,marking  ] GC(709) Concurrent Rebuild Remembered Sets and Scrub Regions 22.572ms
[517.652s][info][gc,start    ] GC(709) Pause Cleanup
[517.652s][info][gc          ] GC(709) Pause Cleanup 281M->281M(849M) 0.077ms
[517.652s][info][gc,cpu      ] GC(709) User=0.00s Sys=0.00s Real=0.00s
[517.652s][info][gc,marking  ] GC(709) Concurrent Clear Claimed Marks
[517.652s][info][gc,marking  ] GC(709) Concurrent Clear Claimed Marks 0.093ms
[517.652s][info][gc,marking  ] GC(709) Concurrent Cleanup for Next Mark
[517.655s][info][gc,marking  ] GC(709) Concurrent Cleanup for Next Mark 2.681ms
[517.655s][info][gc          ] GC(709) Concurrent Mark Cycle 84.534ms
[518.859s][info][gc,start    ] GC(710) Pause Young (Prepare Mixed) (G1 Evacuation Pause)
[518.859s][info][gc,task     ] GC(710) Using 2 workers of 2 for evacuation
[518.864s][info][gc,phases   ] GC(710)   Pre Evacuate Collection Set: 0.31ms
[518.864s][info][gc,phases   ] GC(710)   Merge Heap Roots: 0.16ms
[518.864s][info][gc,phases   ] GC(710)   Evacuate Collection Set: 3.46ms
[518.864s][info][gc,phases   ] GC(710)   Post Evacuate Collection Set: 0.80ms
[518.864s][info][gc,phases   ] GC(710)   Other: 0.10ms
[518.864s][info][gc,heap     ] GC(710) Eden regions: 507->0(507)
[518.864s][info][gc,heap     ] GC(710) Survivor regions: 2->2(64)
[518.864s][info][gc,heap     ] GC(710) Old regions: 50->50
[518.864s][info][gc,heap     ] GC(710) Humongous regions: 207->207
[518.864s][info][gc,metaspace] GC(710) Metaspace: 57736K(58048K)->57736K(58048K) NonClass: 49449K(49664K)->49449K(49664K) Class: 8286K(8384K)->8286K(8384K)
[518.864s][info][gc          ] GC(710) Pause Young (Prepare Mixed) (G1 Evacuation Pause) 765M->258M(849M) 5.020ms
[518.864s][info][gc,cpu      ] GC(710) User=0.01s Sys=0.00s Real=0.00s
[520.130s][info][gc,start    ] GC(711) Pause Young (Mixed) (G1 Evacuation Pause)
[520.130s][info][gc,task     ] GC(711) Using 2 workers of 2 for evacuation
[520.134s][info][gc,phases   ] GC(711)   Pre Evacuate Collection Set: 0.28ms
[520.134s][info][gc,phases   ] GC(711)   Merge Heap Roots: 0.13ms
[520.134s][info][gc,phases   ] GC(711)   Evacuate Collection Set: 3.33ms
[520.134s][info][gc,phases   ] GC(711)   Post Evacuate Collection Set: 0.78ms
[520.134s][info][gc,phases   ] GC(711)   Other: 0.10ms
[520.134s][info][gc,heap     ] GC(711) Eden regions: 507->0(507)
[520.134s][info][gc,heap     ] GC(711) Survivor regions: 2->2(64)
[520.134s][info][gc,heap     ] GC(711) Old regions: 50->49
[520.134s][info][gc,heap     ] GC(711) Humongous regions: 207->207
[520.134s][info][gc,metaspace] GC(711) Metaspace: 57736K(58048K)->57736K(58048K) NonClass: 49449K(49664K)->49449K(49664K) Class: 8286K(8384K)->8286K(8384K)
[520.134s][info][gc          ] GC(711) Pause Young (Mixed) (G1 Evacuation Pause) 765M->256M(849M) 4.797ms
[520.134s][info][gc,cpu      ] GC(711) User=0.00s Sys=0.00s Real=0.00s
[521.416s][info][gc,start    ] GC(712) Pause Young (Concurrent Start) (G1 Evacuation Pause)
[521.416s][info][gc,task     ] GC(712) Using 2 workers of 2 for evacuation
[521.419s][info][gc,phases   ] GC(712)   Pre Evacuate Collection Set: 0.30ms
[521.419s][info][gc,phases   ] GC(712)   Merge Heap Roots: 0.15ms
[521.419s][info][gc,phases   ] GC(712)   Evacuate Collection Set: 2.27ms
[521.419s][info][gc,phases   ] GC(712)   Post Evacuate Collection Set: 0.81ms
[521.419s][info][gc,phases   ] GC(712)   Other: 0.11ms
[521.420s][info][gc,heap     ] GC(712) Eden regions: 507->0(508)
[521.420s][info][gc,heap     ] GC(712) Survivor regions: 2->1(64)
[521.420s][info][gc,heap     ] GC(712) Old regions: 49->49
[521.420s][info][gc,heap     ] GC(712) Humongous regions: 207->207
[521.420s][info][gc,metaspace] GC(712) Metaspace: 57736K(58048K)->57736K(58048K) NonClass: 49449K(49664K)->49449K(49664K) Class: 8286K(8384K)->8286K(8384K)
[521.420s][info][gc          ] GC(712) Pause Young (Concurrent Start) (G1 Evacuation Pause) 763M->255M(849M) 3.803ms
[521.420s][info][gc,cpu      ] GC(712) User=0.01s Sys=0.00s Real=0.01s
[521.421s][info][gc          ] GC(713) Concurrent Mark Cycle
[521.421s][info][gc,marking  ] GC(713) Concurrent Scan Root Regions
[521.424s][info][gc,marking  ] GC(713) Concurrent Scan Root Regions 2.574ms
[521.424s][info][gc,marking  ] GC(713) Concurrent Mark
[521.424s][info][gc,marking  ] GC(713) Concurrent Mark From Roots
[521.424s][info][gc,task     ] GC(713) Using 1 workers of 1 for marking
[521.487s][info][gc,marking  ] GC(713) Concurrent Mark From Roots 63.622ms
[521.487s][info][gc,marking  ] GC(713) Concurrent Preclean
[521.487s][info][gc,marking  ] GC(713) Concurrent Preclean 0.082ms
[521.487s][info][gc,start    ] GC(713) Pause Remark
[521.498s][info][gc          ] GC(713) Pause Remark 295M->295M(849M) 10.500ms
[521.498s][info][gc,cpu      ] GC(713) User=0.02s Sys=0.00s Real=0.01s
[521.498s][info][gc,marking  ] GC(713) Concurrent Mark 74.445ms
[521.498s][info][gc,marking  ] GC(713) Concurrent Rebuild Remembered Sets and Scrub Regions
[521.514s][info][gc,marking  ] GC(713) Concurrent Rebuild Remembered Sets and Scrub Regions 16.231ms
[521.514s][info][gc,start    ] GC(713) Pause Cleanup
[521.514s][info][gc          ] GC(713) Pause Cleanup 295M->295M(849M) 0.057ms
[521.514s][info][gc,cpu      ] GC(713) User=0.00s Sys=0.00s Real=0.00s
[521.515s][info][gc,marking  ] GC(713) Concurrent Clear Claimed Marks
[521.515s][info][gc,marking  ] GC(713) Concurrent Clear Claimed Marks 0.083ms
[521.515s][info][gc,marking  ] GC(713) Concurrent Cleanup for Next Mark
[521.520s][info][gc,marking  ] GC(713) Concurrent Cleanup for Next Mark 5.135ms
[521.520s][info][gc          ] GC(713) Concurrent Mark Cycle 98.767ms
[522.654s][info][gc,start    ] GC(714) Pause Young (Prepare Mixed) (G1 Evacuation Pause)
[522.654s][info][gc,task     ] GC(714) Using 2 workers of 2 for evacuation
[522.660s][info][gc,phases   ] GC(714)   Pre Evacuate Collection Set: 0.29ms
[522.660s][info][gc,phases   ] GC(714)   Merge Heap Roots: 0.15ms
[522.660s][info][gc,phases   ] GC(714)   Evacuate Collection Set: 5.11ms
[522.660s][info][gc,phases   ] GC(714)   Post Evacuate Collection Set: 0.78ms
[522.660s][info][gc,phases   ] GC(714)   Other: 0.09ms
[522.660s][info][gc,heap     ] GC(714) Eden regions: 508->0(505)
[522.660s][info][gc,heap     ] GC(714) Survivor regions: 1->4(64)
[522.660s][info][gc,heap     ] GC(714) Old regions: 49->49
[522.660s][info][gc,heap     ] GC(714) Humongous regions: 207->207
[522.660s][info][gc,metaspace] GC(714) Metaspace: 57736K(58048K)->57736K(58048K) NonClass: 49449K(49664K)->49449K(49664K) Class: 8286K(8384K)->8286K(8384K)
[522.660s][info][gc          ] GC(714) Pause Young (Prepare Mixed) (G1 Evacuation Pause) 763M->258M(849M) 6.616ms
[522.660s][info][gc,cpu      ] GC(714) User=0.02s Sys=0.00s Real=0.01s
[523.935s][info][gc,start    ] GC(715) Pause Young (Mixed) (G1 Evacuation Pause)
[523.935s][info][gc,task     ] GC(715) Using 2 workers of 2 for evacuation
[523.942s][info][gc,phases   ] GC(715)   Pre Evacuate Collection Set: 0.47ms
[523.942s][info][gc,phases   ] GC(715)   Merge Heap Roots: 0.16ms
[523.942s][info][gc,phases   ] GC(715)   Evacuate Collection Set: 5.23ms
[523.942s][info][gc,phases   ] GC(715)   Post Evacuate Collection Set: 0.78ms
[523.942s][info][gc,phases   ] GC(715)   Other: 0.09ms
[523.942s][info][gc,heap     ] GC(715) Eden regions: 505->0(506)
[523.942s][info][gc,heap     ] GC(715) Survivor regions: 4->3(64)
[523.942s][info][gc,heap     ] GC(715) Old regions: 49->47
[523.942s][info][gc,heap     ] GC(715) Humongous regions: 207->207
[523.942s][info][gc,metaspace] GC(715) Metaspace: 57736K(58048K)->57736K(58048K) NonClass: 49449K(49664K)->49449K(49664K) Class: 8286K(8384K)->8286K(8384K)
[523.942s][info][gc          ] GC(715) Pause Young (Mixed) (G1 Evacuation Pause) 763M->256M(849M) 6.888ms
[523.942s][info][gc,cpu      ] GC(715) User=0.01s Sys=0.00s Real=0.01s
[525.224s][info][gc,start    ] GC(716) Pause Young (Concurrent Start) (G1 Evacuation Pause)
[525.224s][info][gc,task     ] GC(716) Using 2 workers of 2 for evacuation
[525.229s][info][gc,phases   ] GC(716)   Pre Evacuate Collection Set: 0.33ms
[525.229s][info][gc,phases   ] GC(716)   Merge Heap Roots: 0.14ms
[525.229s][info][gc,phases   ] GC(716)   Evacuate Collection Set: 3.08ms
[525.229s][info][gc,phases   ] GC(716)   Post Evacuate Collection Set: 0.76ms
[525.229s][info][gc,phases   ] GC(716)   Other: 0.10ms
[525.229s][info][gc,heap     ] GC(716) Eden regions: 506->0(507)
[525.229s][info][gc,heap     ] GC(716) Survivor regions: 3->2(64)
[525.229s][info][gc,heap     ] GC(716) Old regions: 47->47
[525.229s][info][gc,heap     ] GC(716) Humongous regions: 207->207
[525.229s][info][gc,metaspace] GC(716) Metaspace: 57736K(58048K)->57736K(58048K) NonClass: 49449K(49664K)->49449K(49664K) Class: 8286K(8384K)->8286K(8384K)
[525.229s][info][gc          ] GC(716) Pause Young (Concurrent Start) (G1 Evacuation Pause) 762M->254M(849M) 4.582ms
[525.229s][info][gc,cpu      ] GC(716) User=0.01s Sys=0.00s Real=0.01s
[525.229s][info][gc          ] GC(717) Concurrent Mark Cycle
[525.230s][info][gc,marking  ] GC(717) Concurrent Scan Root Regions
[525.232s][info][gc,marking  ] GC(717) Concurrent Scan Root Regions 2.010ms
[525.232s][info][gc,marking  ] GC(717) Concurrent Mark
[525.232s][info][gc,marking  ] GC(717) Concurrent Mark From Roots
[525.232s][info][gc,task     ] GC(717) Using 1 workers of 1 for marking
[525.282s][info][gc,marking  ] GC(717) Concurrent Mark From Roots 49.688ms
[525.282s][info][gc,marking  ] GC(717) Concurrent Preclean
[525.282s][info][gc,marking  ] GC(717) Concurrent Preclean 0.076ms
[525.282s][info][gc,start    ] GC(717) Pause Remark
[525.296s][info][gc          ] GC(717) Pause Remark 283M->283M(849M) 14.033ms
[525.296s][info][gc,cpu      ] GC(717) User=0.03s Sys=0.00s Real=0.01s
[525.296s][info][gc,marking  ] GC(717) Concurrent Mark 64.003ms
[525.296s][info][gc,marking  ] GC(717) Concurrent Rebuild Remembered Sets and Scrub Regions
[525.320s][info][gc,marking  ] GC(717) Concurrent Rebuild Remembered Sets and Scrub Regions 24.039ms
[525.320s][info][gc,start    ] GC(717) Pause Cleanup
[525.320s][info][gc          ] GC(717) Pause Cleanup 291M->291M(849M) 0.079ms
[525.320s][info][gc,cpu      ] GC(717) User=0.00s Sys=0.00s Real=0.00s
[525.320s][info][gc,marking  ] GC(717) Concurrent Clear Claimed Marks
[525.321s][info][gc,marking  ] GC(717) Concurrent Clear Claimed Marks 0.089ms
[525.321s][info][gc,marking  ] GC(717) Concurrent Cleanup for Next Mark
[525.326s][info][gc,marking  ] GC(717) Concurrent Cleanup for Next Mark 5.276ms
[525.326s][info][gc          ] GC(717) Concurrent Mark Cycle 97.258ms
[526.464s][info][gc,start    ] GC(718) Pause Young (Prepare Mixed) (G1 Evacuation Pause)
[526.465s][info][gc,task     ] GC(718) Using 2 workers of 2 for evacuation
[526.469s][info][gc,phases   ] GC(718)   Pre Evacuate Collection Set: 0.31ms
[526.469s][info][gc,phases   ] GC(718)   Merge Heap Roots: 0.16ms
[526.469s][info][gc,phases   ] GC(718)   Evacuate Collection Set: 2.97ms
[526.469s][info][gc,phases   ] GC(718)   Post Evacuate Collection Set: 0.83ms
[526.469s][info][gc,phases   ] GC(718)   Other: 0.09ms
[526.469s][info][gc,heap     ] GC(718) Eden regions: 507->0(507)
[526.469s][info][gc,heap     ] GC(718) Survivor regions: 2->2(64)
[526.469s][info][gc,heap     ] GC(718) Old regions: 47->47
[526.469s][info][gc,heap     ] GC(718) Humongous regions: 207->207
[526.469s][info][gc,metaspace] GC(718) Metaspace: 57736K(58048K)->57736K(58048K) NonClass: 49449K(49664K)->49449K(49664K) Class: 8286K(8384K)->8286K(8384K)
[526.469s][info][gc          ] GC(718) Pause Young (Prepare Mixed) (G1 Evacuation Pause) 761M->254M(849M) 4.534ms
[526.469s][info][gc,cpu      ] GC(718) User=0.00s Sys=0.00s Real=0.01s
[527.748s][info][gc,start    ] GC(719) Pause Young (Mixed) (G1 Evacuation Pause)
[527.748s][info][gc,task     ] GC(719) Using 2 workers of 2 for evacuation
[527.755s][info][gc,phases   ] GC(719)   Pre Evacuate Collection Set: 0.29ms
[527.755s][info][gc,phases   ] GC(719)   Merge Heap Roots: 0.17ms
[527.755s][info][gc,phases   ] GC(719)   Evacuate Collection Set: 6.09ms
[527.755s][info][gc,phases   ] GC(719)   Post Evacuate Collection Set: 0.84ms
[527.755s][info][gc,phases   ] GC(719)   Other: 0.08ms
[527.755s][info][gc,heap     ] GC(719) Eden regions: 507->0(506)
[527.755s][info][gc,heap     ] GC(719) Survivor regions: 2->3(64)
[527.755s][info][gc,heap     ] GC(719) Old regions: 47->45
[527.755s][info][gc,heap     ] GC(719) Humongous regions: 207->207
[527.755s][info][gc,metaspace] GC(719) Metaspace: 57736K(58048K)->57736K(58048K) NonClass: 49449K(49664K)->49449K(49664K) Class: 8286K(8384K)->8286K(8384K)
[527.755s][info][gc          ] GC(719) Pause Young (Mixed) (G1 Evacuation Pause) 761M->254M(849M) 7.668ms
[527.755s][info][gc,cpu      ] GC(719) User=0.01s Sys=0.00s Real=0.00s
[529.032s][info][gc,start    ] GC(720) Pause Young (Concurrent Start) (G1 Evacuation Pause)
[529.032s][info][gc,task     ] GC(720) Using 2 workers of 2 for evacuation
[529.038s][info][gc,phases   ] GC(720)   Pre Evacuate Collection Set: 0.30ms
[529.038s][info][gc,phases   ] GC(720)   Merge Heap Roots: 0.14ms
[529.038s][info][gc,phases   ] GC(720)   Evacuate Collection Set: 3.93ms
[529.038s][info][gc,phases   ] GC(720)   Post Evacuate Collection Set: 0.78ms
[529.038s][info][gc,phases   ] GC(720)   Other: 0.10ms
[529.038s][info][gc,heap     ] GC(720) Eden regions: 506->0(506)
[529.038s][info][gc,heap     ] GC(720) Survivor regions: 3->3(64)
[529.038s][info][gc,heap     ] GC(720) Old regions: 45->45
[529.038s][info][gc,heap     ] GC(720) Humongous regions: 207->207
[529.038s][info][gc,metaspace] GC(720) Metaspace: 57736K(58048K)->57736K(58048K) NonClass: 49449K(49664K)->49449K(49664K) Class: 8286K(8384K)->8286K(8384K)
[529.038s][info][gc          ] GC(720) Pause Young (Concurrent Start) (G1 Evacuation Pause) 760M->254M(849M) 5.469ms
[529.038s][info][gc,cpu      ] GC(720) User=0.01s Sys=0.00s Real=0.01s
[529.038s][info][gc          ] GC(721) Concurrent Mark Cycle
[529.038s][info][gc,marking  ] GC(721) Concurrent Scan Root Regions
[529.045s][info][gc,marking  ] GC(721) Concurrent Scan Root Regions 6.814ms
[529.045s][info][gc,marking  ] GC(721) Concurrent Mark
[529.045s][info][gc,marking  ] GC(721) Concurrent Mark From Roots
[529.045s][info][gc,task     ] GC(721) Using 1 workers of 1 for marking
[529.098s][info][gc,marking  ] GC(721) Concurrent Mark From Roots 52.999ms
[529.098s][info][gc,marking  ] GC(721) Concurrent Preclean
[529.098s][info][gc,marking  ] GC(721) Concurrent Preclean 0.074ms
[529.098s][info][gc,start    ] GC(721) Pause Remark
[529.109s][info][gc          ] GC(721) Pause Remark 283M->283M(849M) 10.590ms
[529.109s][info][gc,cpu      ] GC(721) User=0.02s Sys=0.00s Real=0.01s
[529.109s][info][gc,marking  ] GC(721) Concurrent Mark 63.906ms
[529.109s][info][gc,marking  ] GC(721) Concurrent Rebuild Remembered Sets and Scrub Regions
[529.126s][info][gc,marking  ] GC(721) Concurrent Rebuild Remembered Sets and Scrub Regions 17.687ms
[529.126s][info][gc,start    ] GC(721) Pause Cleanup
[529.127s][info][gc          ] GC(721) Pause Cleanup 289M->289M(849M) 0.088ms
[529.127s][info][gc,cpu      ] GC(721) User=0.00s Sys=0.00s Real=0.00s
[529.127s][info][gc,marking  ] GC(721) Concurrent Clear Claimed Marks
[529.127s][info][gc,marking  ] GC(721) Concurrent Clear Claimed Marks 0.103ms
[529.127s][info][gc,marking  ] GC(721) Concurrent Cleanup for Next Mark
[529.130s][info][gc,marking  ] GC(721) Concurrent Cleanup for Next Mark 3.295ms
[529.130s][info][gc          ] GC(721) Concurrent Mark Cycle 92.227ms
[530.316s][info][gc,start    ] GC(722) Pause Young (Prepare Mixed) (G1 Evacuation Pause)
[530.316s][info][gc,task     ] GC(722) Using 2 workers of 2 for evacuation
[530.320s][info][gc,phases   ] GC(722)   Pre Evacuate Collection Set: 0.27ms
[530.320s][info][gc,phases   ] GC(722)   Merge Heap Roots: 0.17ms
[530.320s][info][gc,phases   ] GC(722)   Evacuate Collection Set: 2.02ms
[530.320s][info][gc,phases   ] GC(722)   Post Evacuate Collection Set: 0.77ms
[530.320s][info][gc,phases   ] GC(722)   Other: 0.11ms
[530.320s][info][gc,heap     ] GC(722) Eden regions: 506->0(508)
[530.320s][info][gc,heap     ] GC(722) Survivor regions: 3->1(64)
[530.320s][info][gc,heap     ] GC(722) Old regions: 45->45
[530.320s][info][gc,heap     ] GC(722) Humongous regions: 207->207
[530.320s][info][gc,metaspace] GC(722) Metaspace: 57736K(58048K)->57736K(58048K) NonClass: 49449K(49664K)->49449K(49664K) Class: 8286K(8384K)->8286K(8384K)
[530.320s][info][gc          ] GC(722) Pause Young (Prepare Mixed) (G1 Evacuation Pause) 760M->252M(849M) 3.526ms
[530.320s][info][gc,cpu      ] GC(722) User=0.01s Sys=0.00s Real=0.01s
[531.554s][info][gc,start    ] GC(723) Pause Young (Mixed) (G1 Evacuation Pause)
[531.554s][info][gc,task     ] GC(723) Using 2 workers of 2 for evacuation
[531.561s][info][gc,phases   ] GC(723)   Pre Evacuate Collection Set: 0.29ms
[531.561s][info][gc,phases   ] GC(723)   Merge Heap Roots: 0.14ms
[531.561s][info][gc,phases   ] GC(723)   Evacuate Collection Set: 5.29ms
[531.561s][info][gc,phases   ] GC(723)   Post Evacuate Collection Set: 1.07ms
[531.561s][info][gc,phases   ] GC(723)   Other: 0.09ms
[531.561s][info][gc,heap     ] GC(723) Eden regions: 508->0(506)
[531.561s][info][gc,heap     ] GC(723) Survivor regions: 1->3(64)
[531.561s][info][gc,heap     ] GC(723) Old regions: 45->45
[531.561s][info][gc,heap     ] GC(723) Humongous regions: 207->207
[531.561s][info][gc,metaspace] GC(723) Metaspace: 57736K(58048K)->57736K(58048K) NonClass: 49449K(49664K)->49449K(49664K) Class: 8286K(8384K)->8286K(8384K)
[531.561s][info][gc          ] GC(723) Pause Young (Mixed) (G1 Evacuation Pause) 760M->253M(849M) 7.066ms
[531.561s][info][gc,cpu      ] GC(723) User=0.01s Sys=0.00s Real=0.01s
[532.834s][info][gc,start    ] GC(724) Pause Young (Concurrent Start) (G1 Evacuation Pause)
[532.834s][info][gc,task     ] GC(724) Using 2 workers of 2 for evacuation
[532.839s][info][gc,phases   ] GC(724)   Pre Evacuate Collection Set: 0.29ms
[532.839s][info][gc,phases   ] GC(724)   Merge Heap Roots: 0.15ms
[532.839s][info][gc,phases   ] GC(724)   Evacuate Collection Set: 4.22ms
[532.839s][info][gc,phases   ] GC(724)   Post Evacuate Collection Set: 0.81ms
[532.839s][info][gc,phases   ] GC(724)   Other: 0.12ms
[532.839s][info][gc,heap     ] GC(724) Eden regions: 506->0(506)
[532.839s][info][gc,heap     ] GC(724) Survivor regions: 3->3(64)
[532.839s][info][gc,heap     ] GC(724) Old regions: 45->45
[532.839s][info][gc,heap     ] GC(724) Humongous regions: 207->207
[532.839s][info][gc,metaspace] GC(724) Metaspace: 57736K(58048K)->57736K(58048K) NonClass: 49449K(49664K)->49449K(49664K) Class: 8286K(8384K)->8286K(8384K)
[532.839s][info][gc          ] GC(724) Pause Young (Concurrent Start) (G1 Evacuation Pause) 759M->254M(849M) 5.755ms
[532.840s][info][gc          ] GC(725) Concurrent Mark Cycle
[532.840s][info][gc,marking  ] GC(725) Concurrent Scan Root Regions
[532.840s][info][gc,cpu      ] GC(724) User=0.01s Sys=0.00s Real=0.01s
[532.847s][info][gc,marking  ] GC(725) Concurrent Scan Root Regions 7.413ms
[532.847s][info][gc,marking  ] GC(725) Concurrent Mark
[532.847s][info][gc,marking  ] GC(725) Concurrent Mark From Roots
[532.847s][info][gc,task     ] GC(725) Using 1 workers of 1 for marking
[532.899s][info][gc,marking  ] GC(725) Concurrent Mark From Roots 51.662ms
[532.899s][info][gc,marking  ] GC(725) Concurrent Preclean
[532.899s][info][gc,marking  ] GC(725) Concurrent Preclean 0.080ms
[532.899s][info][gc,start    ] GC(725) Pause Remark
[532.910s][info][gc          ] GC(725) Pause Remark 278M->278M(849M) 10.702ms
[532.910s][info][gc,cpu      ] GC(725) User=0.02s Sys=0.00s Real=0.01s
[532.910s][info][gc,marking  ] GC(725) Concurrent Mark 62.913ms
[532.910s][info][gc,marking  ] GC(725) Concurrent Rebuild Remembered Sets and Scrub Regions
[532.939s][info][gc,marking  ] GC(725) Concurrent Rebuild Remembered Sets and Scrub Regions 29.525ms
[532.940s][info][gc,start    ] GC(725) Pause Cleanup
[532.940s][info][gc          ] GC(725) Pause Cleanup 296M->296M(849M) 0.099ms
[532.940s][info][gc,cpu      ] GC(725) User=0.00s Sys=0.00s Real=0.00s
[532.940s][info][gc,marking  ] GC(725) Concurrent Clear Claimed Marks
[532.940s][info][gc,marking  ] GC(725) Concurrent Clear Claimed Marks 0.092ms
[532.940s][info][gc,marking  ] GC(725) Concurrent Cleanup for Next Mark
[532.945s][info][gc,marking  ] GC(725) Concurrent Cleanup for Next Mark 5.323ms
[532.945s][info][gc          ] GC(725) Concurrent Mark Cycle 105.913ms
[534.119s][info][gc,start    ] GC(726) Pause Young (Prepare Mixed) (G1 Evacuation Pause)
[534.119s][info][gc,task     ] GC(726) Using 2 workers of 2 for evacuation
[534.123s][info][gc,phases   ] GC(726)   Pre Evacuate Collection Set: 0.28ms
[534.123s][info][gc,phases   ] GC(726)   Merge Heap Roots: 0.17ms
[534.123s][info][gc,phases   ] GC(726)   Evacuate Collection Set: 2.56ms
[534.123s][info][gc,phases   ] GC(726)   Post Evacuate Collection Set: 0.79ms
[534.123s][info][gc,phases   ] GC(726)   Other: 0.08ms
[534.123s][info][gc,heap     ] GC(726) Eden regions: 506->0(508)
[534.123s][info][gc,heap     ] GC(726) Survivor regions: 3->1(64)
[534.123s][info][gc,heap     ] GC(726) Old regions: 45->45
[534.123s][info][gc,heap     ] GC(726) Humongous regions: 207->207
[534.123s][info][gc,metaspace] GC(726) Metaspace: 57736K(58048K)->57736K(58048K) NonClass: 49449K(49664K)->49449K(49664K) Class: 8286K(8384K)->8286K(8384K)
[534.123s][info][gc          ] GC(726) Pause Young (Prepare Mixed) (G1 Evacuation Pause) 759M->252M(849M) 4.040ms
[534.123s][info][gc,cpu      ] GC(726) User=0.01s Sys=0.00s Real=0.00s
[535.357s][info][gc,start    ] GC(727) Pause Young (Mixed) (G1 Evacuation Pause)
[535.357s][info][gc,task     ] GC(727) Using 2 workers of 2 for evacuation
[535.363s][info][gc,phases   ] GC(727)   Pre Evacuate Collection Set: 0.29ms
[535.363s][info][gc,phases   ] GC(727)   Merge Heap Roots: 0.14ms
[535.363s][info][gc,phases   ] GC(727)   Evacuate Collection Set: 4.96ms
[535.363s][info][gc,phases   ] GC(727)   Post Evacuate Collection Set: 0.77ms
[535.363s][info][gc,phases   ] GC(727)   Other: 0.08ms
[535.363s][info][gc,heap     ] GC(727) Eden regions: 508->0(506)
[535.363s][info][gc,heap     ] GC(727) Survivor regions: 1->3(64)
[535.363s][info][gc,heap     ] GC(727) Old regions: 45->45
[535.363s][info][gc,heap     ] GC(727) Humongous regions: 207->207
[535.363s][info][gc,metaspace] GC(727) Metaspace: 57736K(58048K)->57736K(58048K) NonClass: 49449K(49664K)->49449K(49664K) Class: 8286K(8384K)->8286K(8384K)
[535.363s][info][gc          ] GC(727) Pause Young (Mixed) (G1 Evacuation Pause) 759M->253M(849M) 6.415ms
[535.363s][info][gc,cpu      ] GC(727) User=0.01s Sys=0.00s Real=0.00s
[536.670s][info][gc,start    ] GC(728) Pause Young (Concurrent Start) (G1 Evacuation Pause)
[536.670s][info][gc,task     ] GC(728) Using 2 workers of 2 for evacuation
[536.678s][info][gc,phases   ] GC(728)   Pre Evacuate Collection Set: 0.32ms
[536.678s][info][gc,phases   ] GC(728)   Merge Heap Roots: 0.12ms
[536.678s][info][gc,phases   ] GC(728)   Evacuate Collection Set: 6.60ms
[536.678s][info][gc,phases   ] GC(728)   Post Evacuate Collection Set: 1.08ms
[536.678s][info][gc,phases   ] GC(728)   Other: 0.10ms
[536.678s][info][gc,heap     ] GC(728) Eden regions: 506->0(504)
[536.678s][info][gc,heap     ] GC(728) Survivor regions: 3->5(64)
[536.678s][info][gc,heap     ] GC(728) Old regions: 45->45
[536.678s][info][gc,heap     ] GC(728) Humongous regions: 207->207
[536.678s][info][gc,metaspace] GC(728) Metaspace: 57736K(58048K)->57736K(58048K) NonClass: 49449K(49664K)->49449K(49664K) Class: 8286K(8384K)->8286K(8384K)
[536.678s][info][gc          ] GC(728) Pause Young (Concurrent Start) (G1 Evacuation Pause) 759M->255M(849M) 8.405ms
[536.678s][info][gc,cpu      ] GC(728) User=0.02s Sys=0.00s Real=0.01s
[536.678s][info][gc          ] GC(729) Concurrent Mark Cycle
[536.681s][info][gc,marking  ] GC(729) Concurrent Scan Root Regions
[536.689s][info][gc,marking  ] GC(729) Concurrent Scan Root Regions 8.474ms
[536.689s][info][gc,marking  ] GC(729) Concurrent Mark
[536.689s][info][gc,marking  ] GC(729) Concurrent Mark From Roots
[536.689s][info][gc,task     ] GC(729) Using 1 workers of 1 for marking
[536.747s][info][gc,marking  ] GC(729) Concurrent Mark From Roots 57.756ms
[536.747s][info][gc,marking  ] GC(729) Concurrent Preclean
[536.747s][info][gc,marking  ] GC(729) Concurrent Preclean 0.079ms
[536.747s][info][gc,start    ] GC(729) Pause Remark
[536.759s][info][gc          ] GC(729) Pause Remark 288M->288M(849M) 11.915ms
[536.759s][info][gc,cpu      ] GC(729) User=0.02s Sys=0.00s Real=0.01s
[536.759s][info][gc,marking  ] GC(729) Concurrent Mark 70.119ms
[536.759s][info][gc,marking  ] GC(729) Concurrent Rebuild Remembered Sets and Scrub Regions
[536.794s][info][gc,marking  ] GC(729) Concurrent Rebuild Remembered Sets and Scrub Regions 34.249ms
[536.794s][info][gc,start    ] GC(729) Pause Cleanup
[536.794s][info][gc          ] GC(729) Pause Cleanup 307M->307M(849M) 0.079ms
[536.794s][info][gc,cpu      ] GC(729) User=0.00s Sys=0.00s Real=0.00s
[536.794s][info][gc,marking  ] GC(729) Concurrent Clear Claimed Marks
[536.794s][info][gc,marking  ] GC(729) Concurrent Clear Claimed Marks 0.090ms
[536.794s][info][gc,marking  ] GC(729) Concurrent Cleanup for Next Mark
[536.800s][info][gc,marking  ] GC(729) Concurrent Cleanup for Next Mark 5.898ms
[536.800s][info][gc          ] GC(729) Concurrent Mark Cycle 121.479ms
[537.919s][info][gc,start    ] GC(730) Pause Young (Prepare Mixed) (G1 Evacuation Pause)
[537.919s][info][gc,task     ] GC(730) Using 2 workers of 2 for evacuation
[537.922s][info][gc,phases   ] GC(730)   Pre Evacuate Collection Set: 0.27ms
[537.923s][info][gc,phases   ] GC(730)   Merge Heap Roots: 0.16ms
[537.923s][info][gc,phases   ] GC(730)   Evacuate Collection Set: 2.46ms
[537.923s][info][gc,phases   ] GC(730)   Post Evacuate Collection Set: 0.80ms
[537.923s][info][gc,phases   ] GC(730)   Other: 0.08ms
[537.923s][info][gc,heap     ] GC(730) Eden regions: 504->0(508)
[537.923s][info][gc,heap     ] GC(730) Survivor regions: 5->1(64)
[537.923s][info][gc,heap     ] GC(730) Old regions: 45->45
[537.923s][info][gc,heap     ] GC(730) Humongous regions: 207->207
[537.923s][info][gc,metaspace] GC(730) Metaspace: 57736K(58048K)->57736K(58048K) NonClass: 49449K(49664K)->49449K(49664K) Class: 8286K(8384K)->8286K(8384K)
[537.923s][info][gc          ] GC(730) Pause Young (Prepare Mixed) (G1 Evacuation Pause) 759M->252M(849M) 3.963ms
[537.923s][info][gc,cpu      ] GC(730) User=0.01s Sys=0.00s Real=0.00s
[539.191s][info][gc,start    ] GC(731) Pause Young (Mixed) (G1 Evacuation Pause)
[539.191s][info][gc,task     ] GC(731) Using 2 workers of 2 for evacuation
[539.217s][info][gc,phases   ] GC(731)   Pre Evacuate Collection Set: 1.02ms
[539.217s][info][gc,phases   ] GC(731)   Merge Heap Roots: 0.17ms
[539.217s][info][gc,phases   ] GC(731)   Evacuate Collection Set: 23.37ms
[539.217s][info][gc,phases   ] GC(731)   Post Evacuate Collection Set: 1.15ms
[539.217s][info][gc,phases   ] GC(731)   Other: 0.11ms
[539.217s][info][gc,heap     ] GC(731) Eden regions: 508->0(506)
[539.217s][info][gc,heap     ] GC(731) Survivor regions: 1->3(64)
[539.217s][info][gc,heap     ] GC(731) Old regions: 45->44
[539.217s][info][gc,heap     ] GC(731) Humongous regions: 207->207
[539.217s][info][gc,metaspace] GC(731) Metaspace: 57736K(58048K)->57736K(58048K) NonClass: 49449K(49664K)->49449K(49664K) Class: 8286K(8384K)->8286K(8384K)
[539.217s][info][gc          ] GC(731) Pause Young (Mixed) (G1 Evacuation Pause) 760M->253M(849M) 26.128ms
[539.217s][info][gc,cpu      ] GC(731) User=0.02s Sys=0.01s Real=0.03s
[540.434s][info][gc,start    ] GC(732) Pause Young (Concurrent Start) (G1 Evacuation Pause)
[540.434s][info][gc,task     ] GC(732) Using 2 workers of 2 for evacuation
[540.439s][info][gc,phases   ] GC(732)   Pre Evacuate Collection Set: 0.33ms
[540.439s][info][gc,phases   ] GC(732)   Merge Heap Roots: 0.14ms
[540.439s][info][gc,phases   ] GC(732)   Evacuate Collection Set: 3.96ms
[540.439s][info][gc,phases   ] GC(732)   Post Evacuate Collection Set: 0.77ms
[540.439s][info][gc,phases   ] GC(732)   Other: 0.10ms
[540.439s][info][gc,heap     ] GC(732) Eden regions: 506->0(507)
[540.439s][info][gc,heap     ] GC(732) Survivor regions: 3->2(64)
[540.439s][info][gc,heap     ] GC(732) Old regions: 44->44
[540.439s][info][gc,heap     ] GC(732) Humongous regions: 207->207
[540.439s][info][gc,metaspace] GC(732) Metaspace: 57736K(58048K)->57736K(58048K) NonClass: 49449K(49664K)->49449K(49664K) Class: 8286K(8384K)->8286K(8384K)
[540.439s][info][gc          ] GC(732) Pause Young (Concurrent Start) (G1 Evacuation Pause) 759M->252M(849M) 5.465ms
[540.440s][info][gc,cpu      ] GC(732) User=0.01s Sys=0.00s Real=0.01s
[540.440s][info][gc          ] GC(733) Concurrent Mark Cycle
[540.440s][info][gc,marking  ] GC(733) Concurrent Scan Root Regions
[540.447s][info][gc,marking  ] GC(733) Concurrent Scan Root Regions 7.077ms
[540.447s][info][gc,marking  ] GC(733) Concurrent Mark
[540.447s][info][gc,marking  ] GC(733) Concurrent Mark From Roots
[540.447s][info][gc,task     ] GC(733) Using 1 workers of 1 for marking
[540.499s][info][gc,marking  ] GC(733) Concurrent Mark From Roots 52.485ms
[540.499s][info][gc,marking  ] GC(733) Concurrent Preclean
[540.499s][info][gc,marking  ] GC(733) Concurrent Preclean 0.075ms
[540.499s][info][gc,start    ] GC(733) Pause Remark
[540.510s][info][gc          ] GC(733) Pause Remark 278M->278M(844M) 10.744ms
[540.510s][info][gc,cpu      ] GC(733) User=0.02s Sys=0.01s Real=0.01s
[540.510s][info][gc,marking  ] GC(733) Concurrent Mark 63.771ms
[540.510s][info][gc,marking  ] GC(733) Concurrent Rebuild Remembered Sets and Scrub Regions
[540.537s][info][gc,marking  ] GC(733) Concurrent Rebuild Remembered Sets and Scrub Regions 26.613ms
[540.537s][info][gc,start    ] GC(733) Pause Cleanup
[540.537s][info][gc          ] GC(733) Pause Cleanup 293M->293M(844M) 0.082ms
[540.537s][info][gc,cpu      ] GC(733) User=0.00s Sys=0.00s Real=0.00s
[540.537s][info][gc,marking  ] GC(733) Concurrent Clear Claimed Marks
[540.538s][info][gc,marking  ] GC(733) Concurrent Clear Claimed Marks 0.089ms
[540.538s][info][gc,marking  ] GC(733) Concurrent Cleanup for Next Mark
[540.540s][info][gc,marking  ] GC(733) Concurrent Cleanup for Next Mark 2.753ms
[540.540s][info][gc          ] GC(733) Concurrent Mark Cycle 100.788ms
[541.667s][info][gc,start    ] GC(734) Pause Young (Prepare Mixed) (G1 Evacuation Pause)
[541.667s][info][gc,task     ] GC(734) Using 2 workers of 2 for evacuation
[541.671s][info][gc,phases   ] GC(734)   Pre Evacuate Collection Set: 0.31ms
[541.671s][info][gc,phases   ] GC(734)   Merge Heap Roots: 0.16ms
[541.671s][info][gc,phases   ] GC(734)   Evacuate Collection Set: 2.34ms
[541.671s][info][gc,phases   ] GC(734)   Post Evacuate Collection Set: 0.77ms
[541.671s][info][gc,phases   ] GC(734)   Other: 0.12ms
[541.671s][info][gc,heap     ] GC(734) Eden regions: 504->0(505)
[541.671s][info][gc,heap     ] GC(734) Survivor regions: 2->1(64)
[541.671s][info][gc,heap     ] GC(734) Old regions: 44->45
[541.671s][info][gc,heap     ] GC(734) Humongous regions: 207->207
[541.671s][info][gc,metaspace] GC(734) Metaspace: 57736K(58048K)->57736K(58048K) NonClass: 49449K(49664K)->49449K(49664K) Class: 8286K(8384K)->8286K(8384K)
[541.671s][info][gc          ] GC(734) Pause Young (Prepare Mixed) (G1 Evacuation Pause) 756M->251M(844M) 3.892ms
[541.671s][info][gc,cpu      ] GC(734) User=0.01s Sys=0.00s Real=0.00s
[545.229s][info][gc,start    ] GC(735) Pause Young (Mixed) (G1 Evacuation Pause)
[545.229s][info][gc,task     ] GC(735) Using 2 workers of 2 for evacuation
[545.251s][info][gc,phases   ] GC(735)   Pre Evacuate Collection Set: 0.29ms
[545.251s][info][gc,phases   ] GC(735)   Merge Heap Roots: 0.15ms
[545.251s][info][gc,phases   ] GC(735)   Evacuate Collection Set: 20.52ms
[545.251s][info][gc,phases   ] GC(735)   Post Evacuate Collection Set: 1.03ms
[545.251s][info][gc,phases   ] GC(735)   Other: 0.10ms
[545.251s][info][gc,heap     ] GC(735) Eden regions: 435->0(496)
[545.251s][info][gc,heap     ] GC(735) Survivor regions: 1->24(64)
[545.251s][info][gc,heap     ] GC(735) Old regions: 45->44
[545.251s][info][gc,heap     ] GC(735) Humongous regions: 363->207
[545.251s][info][gc,metaspace] GC(735) Metaspace: 57823K(58176K)->57823K(58176K) NonClass: 49537K(49792K)->49537K(49792K) Class: 8286K(8384K)->8286K(8384K)
[545.251s][info][gc          ] GC(735) Pause Young (Mixed) (G1 Evacuation Pause) 842M->274M(868M) 22.286ms
[545.251s][info][gc,cpu      ] GC(735) User=0.02s Sys=0.02s Real=0.02s
[546.454s][info][gc,start    ] GC(736) Pause Young (Normal) (G1 Evacuation Pause)
[546.454s][info][gc,task     ] GC(736) Using 2 workers of 2 for evacuation
[546.465s][info][gc,phases   ] GC(736)   Pre Evacuate Collection Set: 0.30ms
[546.465s][info][gc,phases   ] GC(736)   Merge Heap Roots: 0.16ms
[546.465s][info][gc,phases   ] GC(736)   Evacuate Collection Set: 9.48ms
[546.465s][info][gc,phases   ] GC(736)   Post Evacuate Collection Set: 0.94ms
[546.465s][info][gc,phases   ] GC(736)   Other: 0.10ms
[546.465s][info][gc,heap     ] GC(736) Eden regions: 496->0(495)
[546.465s][info][gc,heap     ] GC(736) Survivor regions: 24->25(65)
[546.465s][info][gc,heap     ] GC(736) Old regions: 44->44
[546.465s][info][gc,heap     ] GC(736) Humongous regions: 207->207
[546.465s][info][gc,metaspace] GC(736) Metaspace: 57823K(58176K)->57823K(58176K) NonClass: 49537K(49792K)->49537K(49792K) Class: 8286K(8384K)->8286K(8384K)
[546.465s][info][gc          ] GC(736) Pause Young (Normal) (G1 Evacuation Pause) 770M->275M(868M) 11.158ms
[546.465s][info][gc,cpu      ] GC(736) User=0.02s Sys=0.00s Real=0.01s
[547.725s][info][gc,start    ] GC(737) Pause Young (Normal) (G1 Evacuation Pause)
[547.726s][info][gc,task     ] GC(737) Using 2 workers of 2 for evacuation
[547.735s][info][gc,phases   ] GC(737)   Pre Evacuate Collection Set: 0.39ms
[547.735s][info][gc,phases   ] GC(737)   Merge Heap Roots: 0.16ms
[547.735s][info][gc,phases   ] GC(737)   Evacuate Collection Set: 7.89ms
[547.735s][info][gc,phases   ] GC(737)   Post Evacuate Collection Set: 0.92ms
[547.735s][info][gc,phases   ] GC(737)   Other: 0.10ms
[547.735s][info][gc,heap     ] GC(737) Eden regions: 495->0(496)
[547.735s][info][gc,heap     ] GC(737) Survivor regions: 25->24(65)
[547.735s][info][gc,heap     ] GC(737) Old regions: 44->44
[547.735s][info][gc,heap     ] GC(737) Humongous regions: 207->207
[547.735s][info][gc,metaspace] GC(737) Metaspace: 57823K(58176K)->57823K(58176K) NonClass: 49537K(49792K)->49537K(49792K) Class: 8286K(8384K)->8286K(8384K)
[547.735s][info][gc          ] GC(737) Pause Young (Normal) (G1 Evacuation Pause) 770M->274M(868M) 9.649ms
[547.735s][info][gc,cpu      ] GC(737) User=0.02s Sys=0.00s Real=0.01s
[548.948s][info][gc,start    ] GC(738) Pause Young (Concurrent Start) (G1 Evacuation Pause)
[548.948s][info][gc,task     ] GC(738) Using 2 workers of 2 for evacuation
[548.960s][info][gc,phases   ] GC(738)   Pre Evacuate Collection Set: 0.39ms
[548.960s][info][gc,phases   ] GC(738)   Merge Heap Roots: 0.13ms
[548.960s][info][gc,phases   ] GC(738)   Evacuate Collection Set: 10.77ms
[548.960s][info][gc,phases   ] GC(738)   Post Evacuate Collection Set: 0.91ms
[548.960s][info][gc,phases   ] GC(738)   Other: 0.11ms
[548.960s][info][gc,heap     ] GC(738) Eden regions: 496->0(495)
[548.960s][info][gc,heap     ] GC(738) Survivor regions: 24->25(65)
[548.960s][info][gc,heap     ] GC(738) Old regions: 44->44
[548.960s][info][gc,heap     ] GC(738) Humongous regions: 207->207
[548.960s][info][gc,metaspace] GC(738) Metaspace: 57823K(58176K)->57823K(58176K) NonClass: 49537K(49792K)->49537K(49792K) Class: 8286K(8384K)->8286K(8384K)
[548.961s][info][gc          ] GC(738) Pause Young (Concurrent Start) (G1 Evacuation Pause) 770M->275M(868M) 12.510ms
[548.961s][info][gc          ] GC(739) Concurrent Mark Cycle
[548.961s][info][gc,marking  ] GC(739) Concurrent Scan Root Regions
[548.963s][info][gc,cpu      ] GC(738) User=0.02s Sys=0.00s Real=0.01s
[548.971s][info][gc,marking  ] GC(739) Concurrent Scan Root Regions 10.154ms
[548.971s][info][gc,marking  ] GC(739) Concurrent Mark
[548.971s][info][gc,marking  ] GC(739) Concurrent Mark From Roots
[548.971s][info][gc,task     ] GC(739) Using 1 workers of 1 for marking
[549.012s][info][gc,marking  ] GC(739) Concurrent Mark From Roots 41.521ms
[549.012s][info][gc,marking  ] GC(739) Concurrent Preclean
[549.012s][info][gc,marking  ] GC(739) Concurrent Preclean 0.055ms
[549.012s][info][gc,start    ] GC(739) Pause Remark
[549.024s][info][gc          ] GC(739) Pause Remark 288M->288M(868M) 11.070ms
[549.024s][info][gc,cpu      ] GC(739) User=0.02s Sys=0.00s Real=0.01s
[549.025s][info][gc,marking  ] GC(739) Concurrent Mark 54.001ms
[549.025s][info][gc,marking  ] GC(739) Concurrent Rebuild Remembered Sets and Scrub Regions
[549.041s][info][gc,marking  ] GC(739) Concurrent Rebuild Remembered Sets and Scrub Regions 15.883ms
[549.041s][info][gc,start    ] GC(739) Pause Cleanup
[549.041s][info][gc          ] GC(739) Pause Cleanup 297M->297M(868M) 0.071ms
[549.041s][info][gc,cpu      ] GC(739) User=0.00s Sys=0.00s Real=0.00s
[549.041s][info][gc,marking  ] GC(739) Concurrent Clear Claimed Marks
[549.041s][info][gc,marking  ] GC(739) Concurrent Clear Claimed Marks 0.105ms
[549.041s][info][gc,marking  ] GC(739) Concurrent Cleanup for Next Mark
[549.044s][info][gc,marking  ] GC(739) Concurrent Cleanup for Next Mark 2.867ms
[549.044s][info][gc          ] GC(739) Concurrent Mark Cycle 83.333ms
[550.222s][info][gc,start    ] GC(740) Pause Young (Prepare Mixed) (G1 Evacuation Pause)
[550.222s][info][gc,task     ] GC(740) Using 2 workers of 2 for evacuation
[550.231s][info][gc,phases   ] GC(740)   Pre Evacuate Collection Set: 0.28ms
[550.231s][info][gc,phases   ] GC(740)   Merge Heap Roots: 0.17ms
[550.231s][info][gc,phases   ] GC(740)   Evacuate Collection Set: 7.78ms
[550.231s][info][gc,phases   ] GC(740)   Post Evacuate Collection Set: 0.89ms
[550.231s][info][gc,phases   ] GC(740)   Other: 0.10ms
[550.231s][info][gc,heap     ] GC(740) Eden regions: 495->0(496)
[550.231s][info][gc,heap     ] GC(740) Survivor regions: 25->24(65)
[550.231s][info][gc,heap     ] GC(740) Old regions: 44->44
[550.231s][info][gc,heap     ] GC(740) Humongous regions: 207->207
[550.231s][info][gc,metaspace] GC(740) Metaspace: 57823K(58176K)->57823K(58176K) NonClass: 49537K(49792K)->49537K(49792K) Class: 8286K(8384K)->8286K(8384K)
[550.231s][info][gc          ] GC(740) Pause Young (Prepare Mixed) (G1 Evacuation Pause) 770M->274M(868M) 9.424ms
[550.231s][info][gc,cpu      ] GC(740) User=0.02s Sys=0.01s Real=0.01s
[551.440s][info][gc,start    ] GC(741) Pause Young (Mixed) (G1 Evacuation Pause)
[551.440s][info][gc,task     ] GC(741) Using 2 workers of 2 for evacuation
[551.451s][info][gc,phases   ] GC(741)   Pre Evacuate Collection Set: 0.32ms
[551.451s][info][gc,phases   ] GC(741)   Merge Heap Roots: 0.15ms
[551.451s][info][gc,phases   ] GC(741)   Evacuate Collection Set: 9.73ms
[551.451s][info][gc,phases   ] GC(741)   Post Evacuate Collection Set: 0.91ms
[551.451s][info][gc,phases   ] GC(741)   Other: 0.09ms
[551.451s][info][gc,heap     ] GC(741) Eden regions: 496->0(496)
[551.451s][info][gc,heap     ] GC(741) Survivor regions: 24->24(65)
[551.451s][info][gc,heap     ] GC(741) Old regions: 44->44
[551.451s][info][gc,heap     ] GC(741) Humongous regions: 207->207
[551.451s][info][gc,metaspace] GC(741) Metaspace: 57823K(58176K)->57823K(58176K) NonClass: 49537K(49792K)->49537K(49792K) Class: 8286K(8384K)->8286K(8384K)
[551.451s][info][gc          ] GC(741) Pause Young (Mixed) (G1 Evacuation Pause) 770M->274M(868M) 11.387ms
[551.451s][info][gc,cpu      ] GC(741) User=0.02s Sys=0.00s Real=0.01s
[552.717s][info][gc,start    ] GC(742) Pause Young (Normal) (G1 Evacuation Pause)
[552.717s][info][gc,task     ] GC(742) Using 2 workers of 2 for evacuation
[552.725s][info][gc,phases   ] GC(742)   Pre Evacuate Collection Set: 0.28ms
[552.726s][info][gc,phases   ] GC(742)   Merge Heap Roots: 0.16ms
[552.726s][info][gc,phases   ] GC(742)   Evacuate Collection Set: 6.95ms
[552.726s][info][gc,phases   ] GC(742)   Post Evacuate Collection Set: 0.86ms
[552.726s][info][gc,phases   ] GC(742)   Other: 0.09ms
[552.726s][info][gc,heap     ] GC(742) Eden regions: 496->0(497)
[552.726s][info][gc,heap     ] GC(742) Survivor regions: 24->23(65)
[552.726s][info][gc,heap     ] GC(742) Old regions: 44->44
[552.726s][info][gc,heap     ] GC(742) Humongous regions: 207->207
[552.726s][info][gc,metaspace] GC(742) Metaspace: 57823K(58176K)->57823K(58176K) NonClass: 49537K(49792K)->49537K(49792K) Class: 8286K(8384K)->8286K(8384K)
[552.726s][info][gc          ] GC(742) Pause Young (Normal) (G1 Evacuation Pause) 770M->273M(868M) 9.142ms
[552.726s][info][gc,cpu      ] GC(742) User=0.01s Sys=0.00s Real=0.00s
[553.940s][info][gc,start    ] GC(743) Pause Young (Normal) (G1 Evacuation Pause)
[553.940s][info][gc,task     ] GC(743) Using 2 workers of 2 for evacuation
[553.951s][info][gc,phases   ] GC(743)   Pre Evacuate Collection Set: 0.31ms
[553.951s][info][gc,phases   ] GC(743)   Merge Heap Roots: 0.15ms
[553.951s][info][gc,phases   ] GC(743)   Evacuate Collection Set: 9.30ms
[553.951s][info][gc,phases   ] GC(743)   Post Evacuate Collection Set: 0.92ms
[553.951s][info][gc,phases   ] GC(743)   Other: 0.09ms
[553.951s][info][gc,heap     ] GC(743) Eden regions: 497->0(495)
[553.951s][info][gc,heap     ] GC(743) Survivor regions: 23->25(65)
[553.951s][info][gc,heap     ] GC(743) Old regions: 44->44
[553.951s][info][gc,heap     ] GC(743) Humongous regions: 207->207
[553.951s][info][gc,metaspace] GC(743) Metaspace: 57823K(58176K)->57823K(58176K) NonClass: 49537K(49792K)->49537K(49792K) Class: 8286K(8384K)->8286K(8384K)
[553.951s][info][gc          ] GC(743) Pause Young (Normal) (G1 Evacuation Pause) 770M->275M(868M) 10.951ms
[553.951s][info][gc,cpu      ] GC(743) User=0.02s Sys=0.01s Real=0.01s
[555.202s][info][gc,start    ] GC(744) Pause Young (Normal) (G1 Evacuation Pause)
[555.202s][info][gc,task     ] GC(744) Using 2 workers of 2 for evacuation
[555.212s][info][gc,phases   ] GC(744)   Pre Evacuate Collection Set: 0.31ms
[555.212s][info][gc,phases   ] GC(744)   Merge Heap Roots: 0.17ms
[555.212s][info][gc,phases   ] GC(744)   Evacuate Collection Set: 8.10ms
[555.212s][info][gc,phases   ] GC(744)   Post Evacuate Collection Set: 0.91ms
[555.212s][info][gc,phases   ] GC(744)   Other: 0.13ms
[555.212s][info][gc,heap     ] GC(744) Eden regions: 495->0(496)
[555.212s][info][gc,heap     ] GC(744) Survivor regions: 25->24(65)
[555.212s][info][gc,heap     ] GC(744) Old regions: 44->44
[555.212s][info][gc,heap     ] GC(744) Humongous regions: 207->207
[555.212s][info][gc,metaspace] GC(744) Metaspace: 57823K(58176K)->57823K(58176K) NonClass: 49537K(49792K)->49537K(49792K) Class: 8286K(8384K)->8286K(8384K)
[555.212s][info][gc          ] GC(744) Pause Young (Normal) (G1 Evacuation Pause) 770M->274M(868M) 9.826ms
[555.212s][info][gc,cpu      ] GC(744) User=0.02s Sys=0.00s Real=0.01s
[556.432s][info][gc,start    ] GC(745) Pause Young (Normal) (G1 Evacuation Pause)
[556.432s][info][gc,task     ] GC(745) Using 2 workers of 2 for evacuation
[556.442s][info][gc,phases   ] GC(745)   Pre Evacuate Collection Set: 0.29ms
[556.442s][info][gc,phases   ] GC(745)   Merge Heap Roots: 0.15ms
[556.442s][info][gc,phases   ] GC(745)   Evacuate Collection Set: 8.35ms
[556.442s][info][gc,phases   ] GC(745)   Post Evacuate Collection Set: 0.88ms
[556.442s][info][gc,phases   ] GC(745)   Other: 0.08ms
[556.442s][info][gc,heap     ] GC(745) Eden regions: 496->0(495)
[556.442s][info][gc,heap     ] GC(745) Survivor regions: 24->25(65)
[556.442s][info][gc,heap     ] GC(745) Old regions: 44->44
[556.442s][info][gc,heap     ] GC(745) Humongous regions: 207->207
[556.442s][info][gc,metaspace] GC(745) Metaspace: 57823K(58176K)->57823K(58176K) NonClass: 49537K(49792K)->49537K(49792K) Class: 8286K(8384K)->8286K(8384K)
[556.442s][info][gc          ] GC(745) Pause Young (Normal) (G1 Evacuation Pause) 770M->275M(868M) 9.934ms
[556.442s][info][gc,cpu      ] GC(745) User=0.02s Sys=0.00s Real=0.01s
[557.648s][info][gc,start    ] GC(746) Pause Young (Normal) (G1 Evacuation Pause)
[557.648s][info][gc,task     ] GC(746) Using 2 workers of 2 for evacuation
[557.660s][info][gc,phases   ] GC(746)   Pre Evacuate Collection Set: 0.33ms
[557.660s][info][gc,phases   ] GC(746)   Merge Heap Roots: 0.16ms
[557.660s][info][gc,phases   ] GC(746)   Evacuate Collection Set: 10.21ms
[557.660s][info][gc,phases   ] GC(746)   Post Evacuate Collection Set: 0.91ms
[557.660s][info][gc,phases   ] GC(746)   Other: 0.10ms
[557.660s][info][gc,heap     ] GC(746) Eden regions: 495->0(494)
[557.660s][info][gc,heap     ] GC(746) Survivor regions: 25->26(65)
[557.660s][info][gc,heap     ] GC(746) Old regions: 44->44
[557.660s][info][gc,heap     ] GC(746) Humongous regions: 207->207
[557.660s][info][gc,metaspace] GC(746) Metaspace: 57823K(58176K)->57823K(58176K) NonClass: 49537K(49792K)->49537K(49792K) Class: 8286K(8384K)->8286K(8384K)
[557.660s][info][gc          ] GC(746) Pause Young (Normal) (G1 Evacuation Pause) 770M->276M(868M) 11.910ms
[557.660s][info][gc,cpu      ] GC(746) User=0.03s Sys=0.00s Real=0.01s
[558.918s][info][gc,start    ] GC(747) Pause Young (Normal) (G1 Evacuation Pause)
[558.918s][info][gc,task     ] GC(747) Using 2 workers of 2 for evacuation
[558.927s][info][gc,phases   ] GC(747)   Pre Evacuate Collection Set: 0.28ms
[558.927s][info][gc,phases   ] GC(747)   Merge Heap Roots: 0.15ms
[558.927s][info][gc,phases   ] GC(747)   Evacuate Collection Set: 7.53ms
[558.927s][info][gc,phases   ] GC(747)   Post Evacuate Collection Set: 0.87ms
[558.927s][info][gc,phases   ] GC(747)   Other: 0.09ms
[558.927s][info][gc,heap     ] GC(747) Eden regions: 494->0(496)
[558.927s][info][gc,heap     ] GC(747) Survivor regions: 26->24(65)
[558.927s][info][gc,heap     ] GC(747) Old regions: 44->44
[558.927s][info][gc,heap     ] GC(747) Humongous regions: 207->207
[558.927s][info][gc,metaspace] GC(747) Metaspace: 57823K(58176K)->57823K(58176K) NonClass: 49537K(49792K)->49537K(49792K) Class: 8286K(8384K)->8286K(8384K)
[558.927s][info][gc          ] GC(747) Pause Young (Normal) (G1 Evacuation Pause) 770M->274M(868M) 9.121ms
[558.927s][info][gc,cpu      ] GC(747) User=0.02s Sys=0.00s Real=0.01s
[560.207s][info][gc,start    ] GC(748) Pause Young (Normal) (G1 Evacuation Pause)
[560.207s][info][gc,task     ] GC(748) Using 2 workers of 2 for evacuation
[560.218s][info][gc,phases   ] GC(748)   Pre Evacuate Collection Set: 0.29ms
[560.218s][info][gc,phases   ] GC(748)   Merge Heap Roots: 0.15ms
[560.218s][info][gc,phases   ] GC(748)   Evacuate Collection Set: 9.47ms
[560.218s][info][gc,phases   ] GC(748)   Post Evacuate Collection Set: 0.85ms
[560.218s][info][gc,phases   ] GC(748)   Other: 0.09ms
[560.218s][info][gc,heap     ] GC(748) Eden regions: 496->0(495)
[560.218s][info][gc,heap     ] GC(748) Survivor regions: 24->25(65)
[560.218s][info][gc,heap     ] GC(748) Old regions: 44->44
[560.218s][info][gc,heap     ] GC(748) Humongous regions: 207->207
[560.218s][info][gc,metaspace] GC(748) Metaspace: 57823K(58176K)->57823K(58176K) NonClass: 49537K(49792K)->49537K(49792K) Class: 8286K(8384K)->8286K(8384K)
[560.218s][info][gc          ] GC(748) Pause Young (Normal) (G1 Evacuation Pause) 770M->275M(868M) 11.039ms
[560.218s][info][gc,cpu      ] GC(748) User=0.02s Sys=0.00s Real=0.01s
[561.387s][info][gc,start    ] GC(749) Pause Young (Normal) (G1 Evacuation Pause)
[561.387s][info][gc,task     ] GC(749) Using 2 workers of 2 for evacuation
[561.396s][info][gc,phases   ] GC(749)   Pre Evacuate Collection Set: 0.30ms
[561.396s][info][gc,phases   ] GC(749)   Merge Heap Roots: 0.15ms
[561.396s][info][gc,phases   ] GC(749)   Evacuate Collection Set: 7.28ms
[561.396s][info][gc,phases   ] GC(749)   Post Evacuate Collection Set: 0.90ms
[561.396s][info][gc,phases   ] GC(749)   Other: 0.09ms
[561.396s][info][gc,heap     ] GC(749) Eden regions: 495->0(497)
[561.396s][info][gc,heap     ] GC(749) Survivor regions: 25->23(65)
[561.396s][info][gc,heap     ] GC(749) Old regions: 44->44
[561.396s][info][gc,heap     ] GC(749) Humongous regions: 207->207
[561.396s][info][gc,metaspace] GC(749) Metaspace: 57823K(58176K)->57823K(58176K) NonClass: 49537K(49792K)->49537K(49792K) Class: 8286K(8384K)->8286K(8384K)
[561.396s][info][gc          ] GC(749) Pause Young (Normal) (G1 Evacuation Pause) 769M->273M(868M) 8.925ms
[561.396s][info][gc,cpu      ] GC(749) User=0.02s Sys=0.00s Real=0.00s
[562.634s][info][gc,start    ] GC(750) Pause Young (Normal) (G1 Evacuation Pause)
[562.634s][info][gc,task     ] GC(750) Using 2 workers of 2 for evacuation
[562.644s][info][gc,phases   ] GC(750)   Pre Evacuate Collection Set: 0.29ms
[562.644s][info][gc,phases   ] GC(750)   Merge Heap Roots: 0.14ms
[562.644s][info][gc,phases   ] GC(750)   Evacuate Collection Set: 8.35ms
[562.644s][info][gc,phases   ] GC(750)   Post Evacuate Collection Set: 0.89ms
[562.644s][info][gc,phases   ] GC(750)   Other: 0.09ms
[562.644s][info][gc,heap     ] GC(750) Eden regions: 497->0(495)
[562.644s][info][gc,heap     ] GC(750) Survivor regions: 23->25(65)
[562.644s][info][gc,heap     ] GC(750) Old regions: 44->44
[562.644s][info][gc,heap     ] GC(750) Humongous regions: 207->207
[562.644s][info][gc,metaspace] GC(750) Metaspace: 57823K(58176K)->57823K(58176K) NonClass: 49537K(49792K)->49537K(49792K) Class: 8286K(8384K)->8286K(8384K)
[562.644s][info][gc          ] GC(750) Pause Young (Normal) (G1 Evacuation Pause) 770M->275M(868M) 9.962ms
[562.644s][info][gc,cpu      ] GC(750) User=0.02s Sys=0.00s Real=0.01s
[563.954s][info][gc,start    ] GC(751) Pause Young (Normal) (G1 Evacuation Pause)
[563.954s][info][gc,task     ] GC(751) Using 2 workers of 2 for evacuation
[563.965s][info][gc,phases   ] GC(751)   Pre Evacuate Collection Set: 0.31ms
[563.965s][info][gc,phases   ] GC(751)   Merge Heap Roots: 0.15ms
[563.965s][info][gc,phases   ] GC(751)   Evacuate Collection Set: 9.51ms
[563.965s][info][gc,phases   ] GC(751)   Post Evacuate Collection Set: 0.92ms
[563.965s][info][gc,phases   ] GC(751)   Other: 0.09ms
[563.965s][info][gc,heap     ] GC(751) Eden regions: 495->0(517)
[563.965s][info][gc,heap     ] GC(751) Survivor regions: 25->3(65)
[563.965s][info][gc,heap     ] GC(751) Old regions: 44->66
[563.965s][info][gc,heap     ] GC(751) Humongous regions: 207->207
[563.965s][info][gc,metaspace] GC(751) Metaspace: 57823K(58176K)->57823K(58176K) NonClass: 49537K(49792K)->49537K(49792K) Class: 8286K(8384K)->8286K(8384K)
[563.965s][info][gc          ] GC(751) Pause Young (Normal) (G1 Evacuation Pause) 770M->275M(868M) 11.191ms
[563.965s][info][gc,cpu      ] GC(751) User=0.02s Sys=0.00s Real=0.01s
[565.260s][info][gc,start    ] GC(752) Pause Young (Concurrent Start) (G1 Evacuation Pause)
[565.260s][info][gc,task     ] GC(752) Using 2 workers of 2 for evacuation
[565.265s][info][gc,phases   ] GC(752)   Pre Evacuate Collection Set: 0.33ms
[565.265s][info][gc,phases   ] GC(752)   Merge Heap Roots: 0.14ms
[565.265s][info][gc,phases   ] GC(752)   Evacuate Collection Set: 4.36ms
[565.265s][info][gc,phases   ] GC(752)   Post Evacuate Collection Set: 0.79ms
[565.265s][info][gc,phases   ] GC(752)   Other: 0.10ms
[565.265s][info][gc,heap     ] GC(752) Eden regions: 517->0(518)
[565.265s][info][gc,heap     ] GC(752) Survivor regions: 3->2(65)
[565.265s][info][gc,heap     ] GC(752) Old regions: 66->66
[565.265s][info][gc,heap     ] GC(752) Humongous regions: 207->207
[565.265s][info][gc,metaspace] GC(752) Metaspace: 57823K(58176K)->57823K(58176K) NonClass: 49537K(49792K)->49537K(49792K) Class: 8286K(8384K)->8286K(8384K)
[565.265s][info][gc          ] GC(752) Pause Young (Concurrent Start) (G1 Evacuation Pause) 792M->274M(868M) 5.897ms
[565.266s][info][gc,cpu      ] GC(752) User=0.01s Sys=0.00s Real=0.00s
[565.266s][info][gc          ] GC(753) Concurrent Mark Cycle
[565.267s][info][gc,marking  ] GC(753) Concurrent Scan Root Regions
[565.271s][info][gc,marking  ] GC(753) Concurrent Scan Root Regions 4.706ms
[565.271s][info][gc,marking  ] GC(753) Concurrent Mark
[565.271s][info][gc,marking  ] GC(753) Concurrent Mark From Roots
[565.271s][info][gc,task     ] GC(753) Using 1 workers of 1 for marking
[565.315s][info][gc,marking  ] GC(753) Concurrent Mark From Roots 43.998ms
[565.315s][info][gc,marking  ] GC(753) Concurrent Preclean
[565.315s][info][gc,marking  ] GC(753) Concurrent Preclean 0.070ms
[565.316s][info][gc,start    ] GC(753) Pause Remark
[565.326s][info][gc          ] GC(753) Pause Remark 283M->271M(868M) 10.880ms
[565.326s][info][gc,cpu      ] GC(753) User=0.02s Sys=0.00s Real=0.01s
[565.327s][info][gc,marking  ] GC(753) Concurrent Mark 56.189ms
[565.327s][info][gc,marking  ] GC(753) Concurrent Rebuild Remembered Sets and Scrub Regions
[565.348s][info][gc,marking  ] GC(753) Concurrent Rebuild Remembered Sets and Scrub Regions 20.449ms
[565.348s][info][gc,start    ] GC(753) Pause Cleanup
[565.348s][info][gc          ] GC(753) Pause Cleanup 284M->284M(868M) 0.094ms
[565.348s][info][gc,cpu      ] GC(753) User=0.00s Sys=0.00s Real=0.00s
[565.350s][info][gc,marking  ] GC(753) Concurrent Clear Claimed Marks
[565.350s][info][gc,marking  ] GC(753) Concurrent Clear Claimed Marks 0.102ms
[565.350s][info][gc,marking  ] GC(753) Concurrent Cleanup for Next Mark
[565.352s][info][gc,marking  ] GC(753) Concurrent Cleanup for Next Mark 2.641ms
[565.353s][info][gc          ] GC(753) Concurrent Mark Cycle 87.000ms
[566.562s][info][gc,start    ] GC(754) Pause Young (Prepare Mixed) (G1 Evacuation Pause)
[566.562s][info][gc,task     ] GC(754) Using 2 workers of 2 for evacuation
[566.567s][info][gc,phases   ] GC(754)   Pre Evacuate Collection Set: 0.29ms
[566.567s][info][gc,phases   ] GC(754)   Merge Heap Roots: 0.17ms
[566.567s][info][gc,phases   ] GC(754)   Evacuate Collection Set: 3.65ms
[566.567s][info][gc,phases   ] GC(754)   Post Evacuate Collection Set: 0.83ms
[566.567s][info][gc,phases   ] GC(754)   Other: 0.09ms
[566.567s][info][gc,heap     ] GC(754) Eden regions: 518->0(518)
[566.567s][info][gc,heap     ] GC(754) Survivor regions: 2->2(65)
[566.567s][info][gc,heap     ] GC(754) Old regions: 54->55
[566.567s][info][gc,heap     ] GC(754) Humongous regions: 207->207
[566.567s][info][gc,metaspace] GC(754) Metaspace: 57823K(58176K)->57823K(58176K) NonClass: 49537K(49792K)->49537K(49792K) Class: 8286K(8384K)->8286K(8384K)
[566.567s][info][gc          ] GC(754) Pause Young (Prepare Mixed) (G1 Evacuation Pause) 780M->262M(868M) 5.221ms
[566.567s][info][gc,cpu      ] GC(754) User=0.01s Sys=0.00s Real=0.01s
[567.860s][info][gc,start    ] GC(755) Pause Young (Mixed) (G1 Evacuation Pause)
[567.860s][info][gc,task     ] GC(755) Using 2 workers of 2 for evacuation
[567.865s][info][gc,phases   ] GC(755)   Pre Evacuate Collection Set: 0.31ms
[567.865s][info][gc,phases   ] GC(755)   Merge Heap Roots: 0.15ms
[567.865s][info][gc,phases   ] GC(755)   Evacuate Collection Set: 3.52ms
[567.865s][info][gc,phases   ] GC(755)   Post Evacuate Collection Set: 1.14ms
[567.865s][info][gc,phases   ] GC(755)   Other: 0.10ms
[567.865s][info][gc,heap     ] GC(755) Eden regions: 518->0(517)
[567.865s][info][gc,heap     ] GC(755) Survivor regions: 2->3(65)
[567.865s][info][gc,heap     ] GC(755) Old regions: 55->53
[567.865s][info][gc,heap     ] GC(755) Humongous regions: 207->207
[567.865s][info][gc,metaspace] GC(755) Metaspace: 57823K(58176K)->57823K(58176K) NonClass: 49537K(49792K)->49537K(49792K) Class: 8286K(8384K)->8286K(8384K)
[567.865s][info][gc          ] GC(755) Pause Young (Mixed) (G1 Evacuation Pause) 780M->261M(868M) 5.393ms
[567.865s][info][gc,cpu      ] GC(755) User=0.01s Sys=0.00s Real=0.00s
[569.154s][info][gc,start    ] GC(756) Pause Young (Normal) (G1 Evacuation Pause)
[569.154s][info][gc,task     ] GC(756) Using 2 workers of 2 for evacuation
[569.159s][info][gc,phases   ] GC(756)   Pre Evacuate Collection Set: 0.30ms
[569.159s][info][gc,phases   ] GC(756)   Merge Heap Roots: 0.15ms
[569.159s][info][gc,phases   ] GC(756)   Evacuate Collection Set: 4.05ms
[569.159s][info][gc,phases   ] GC(756)   Post Evacuate Collection Set: 0.81ms
[569.159s][info][gc,phases   ] GC(756)   Other: 0.10ms
[569.159s][info][gc,heap     ] GC(756) Eden regions: 517->0(518)
[569.159s][info][gc,heap     ] GC(756) Survivor regions: 3->2(65)
[569.159s][info][gc,heap     ] GC(756) Old regions: 53->53
[569.159s][info][gc,heap     ] GC(756) Humongous regions: 207->207
[569.159s][info][gc,metaspace] GC(756) Metaspace: 57823K(58176K)->57823K(58176K) NonClass: 49537K(49792K)->49537K(49792K) Class: 8286K(8384K)->8286K(8384K)
[569.160s][info][gc          ] GC(756) Pause Young (Normal) (G1 Evacuation Pause) 778M->261M(868M) 5.604ms
[569.160s][info][gc,cpu      ] GC(756) User=0.01s Sys=0.00s Real=0.01s
[570.452s][info][gc,start    ] GC(757) Pause Young (Normal) (G1 Evacuation Pause)
[570.452s][info][gc,task     ] GC(757) Using 2 workers of 2 for evacuation
[570.458s][info][gc,phases   ] GC(757)   Pre Evacuate Collection Set: 0.34ms
[570.458s][info][gc,phases   ] GC(757)   Merge Heap Roots: 0.15ms
[570.458s][info][gc,phases   ] GC(757)   Evacuate Collection Set: 4.56ms
[570.458s][info][gc,phases   ] GC(757)   Post Evacuate Collection Set: 0.83ms
[570.458s][info][gc,phases   ] GC(757)   Other: 0.09ms
[570.458s][info][gc,heap     ] GC(757) Eden regions: 518->0(517)
[570.458s][info][gc,heap     ] GC(757) Survivor regions: 2->3(65)
[570.458s][info][gc,heap     ] GC(757) Old regions: 53->53
[570.458s][info][gc,heap     ] GC(757) Humongous regions: 207->207
[570.458s][info][gc,metaspace] GC(757) Metaspace: 57823K(58176K)->57823K(58176K) NonClass: 49537K(49792K)->49537K(49792K) Class: 8286K(8384K)->8286K(8384K)
[570.459s][info][gc          ] GC(757) Pause Young (Normal) (G1 Evacuation Pause) 778M->261M(868M) 6.134ms
[570.459s][info][gc,cpu      ] GC(757) User=0.02s Sys=0.00s Real=0.01s
[571.746s][info][gc,start    ] GC(758) Pause Young (Normal) (G1 Evacuation Pause)
[571.746s][info][gc,task     ] GC(758) Using 2 workers of 2 for evacuation
[571.752s][info][gc,phases   ] GC(758)   Pre Evacuate Collection Set: 0.29ms
[571.752s][info][gc,phases   ] GC(758)   Merge Heap Roots: 0.14ms
[571.752s][info][gc,phases   ] GC(758)   Evacuate Collection Set: 4.26ms
[571.752s][info][gc,phases   ] GC(758)   Post Evacuate Collection Set: 0.79ms
[571.752s][info][gc,phases   ] GC(758)   Other: 0.08ms
[571.752s][info][gc,heap     ] GC(758) Eden regions: 517->0(517)
[571.752s][info][gc,heap     ] GC(758) Survivor regions: 3->3(65)
[571.752s][info][gc,heap     ] GC(758) Old regions: 53->53
[571.752s][info][gc,heap     ] GC(758) Humongous regions: 207->207
[571.752s][info][gc,metaspace] GC(758) Metaspace: 57823K(58176K)->57823K(58176K) NonClass: 49537K(49792K)->49537K(49792K) Class: 8286K(8384K)->8286K(8384K)
[571.752s][info][gc          ] GC(758) Pause Young (Normal) (G1 Evacuation Pause) 778M->261M(868M) 5.765ms
[571.752s][info][gc,cpu      ] GC(758) User=0.01s Sys=0.00s Real=0.01s
[573.052s][info][gc,start    ] GC(759) Pause Young (Normal) (G1 Evacuation Pause)
[573.052s][info][gc,task     ] GC(759) Using 2 workers of 2 for evacuation
[573.059s][info][gc,phases   ] GC(759)   Pre Evacuate Collection Set: 0.32ms
[573.059s][info][gc,phases   ] GC(759)   Merge Heap Roots: 0.15ms
[573.059s][info][gc,phases   ] GC(759)   Evacuate Collection Set: 5.21ms
[573.059s][info][gc,phases   ] GC(759)   Post Evacuate Collection Set: 0.80ms
[573.059s][info][gc,phases   ] GC(759)   Other: 0.10ms
[573.059s][info][gc,heap     ] GC(759) Eden regions: 517->0(518)
[573.059s][info][gc,heap     ] GC(759) Survivor regions: 3->2(65)
[573.059s][info][gc,heap     ] GC(759) Old regions: 53->53
[573.059s][info][gc,heap     ] GC(759) Humongous regions: 207->207
[573.059s][info][gc,metaspace] GC(759) Metaspace: 57823K(58176K)->57823K(58176K) NonClass: 49537K(49792K)->49537K(49792K) Class: 8286K(8384K)->8286K(8384K)
[573.059s][info][gc          ] GC(759) Pause Young (Normal) (G1 Evacuation Pause) 778M->260M(868M) 6.754ms
[573.059s][info][gc,cpu      ] GC(759) User=0.01s Sys=0.00s Real=0.01s
[574.425s][info][gc,start    ] GC(760) Pause Young (Normal) (G1 Evacuation Pause)
[574.426s][info][gc,task     ] GC(760) Using 2 workers of 2 for evacuation
[574.445s][info][gc,phases   ] GC(760)   Pre Evacuate Collection Set: 0.56ms
[574.445s][info][gc,phases   ] GC(760)   Merge Heap Roots: 0.18ms
[574.445s][info][gc,phases   ] GC(760)   Evacuate Collection Set: 17.59ms
[574.445s][info][gc,phases   ] GC(760)   Post Evacuate Collection Set: 1.32ms
[574.445s][info][gc,phases   ] GC(760)   Other: 0.12ms
[574.445s][info][gc,heap     ] GC(760) Eden regions: 518->0(517)
[574.445s][info][gc,heap     ] GC(760) Survivor regions: 2->3(65)
[574.445s][info][gc,heap     ] GC(760) Old regions: 53->53
[574.445s][info][gc,heap     ] GC(760) Humongous regions: 207->207
[574.445s][info][gc,metaspace] GC(760) Metaspace: 57823K(58176K)->57823K(58176K) NonClass: 49537K(49792K)->49537K(49792K) Class: 8286K(8384K)->8286K(8384K)
[574.445s][info][gc          ] GC(760) Pause Young (Normal) (G1 Evacuation Pause) 778M->261M(868M) 19.969ms
[574.445s][info][gc,cpu      ] GC(760) User=0.02s Sys=0.00s Real=0.02s
[575.651s][info][gc,start    ] GC(761) Pause Young (Normal) (G1 Evacuation Pause)
[575.651s][info][gc,task     ] GC(761) Using 2 workers of 2 for evacuation
[575.657s][info][gc,phases   ] GC(761)   Pre Evacuate Collection Set: 0.50ms
[575.657s][info][gc,phases   ] GC(761)   Merge Heap Roots: 0.13ms
[575.657s][info][gc,phases   ] GC(761)   Evacuate Collection Set: 4.35ms
[575.657s][info][gc,phases   ] GC(761)   Post Evacuate Collection Set: 0.80ms
[575.657s][info][gc,phases   ] GC(761)   Other: 0.11ms
[575.657s][info][gc,heap     ] GC(761) Eden regions: 517->0(518)
[575.657s][info][gc,heap     ] GC(761) Survivor regions: 3->2(65)
[575.657s][info][gc,heap     ] GC(761) Old regions: 53->53
[575.657s][info][gc,heap     ] GC(761) Humongous regions: 207->207
[575.657s][info][gc,metaspace] GC(761) Metaspace: 57823K(58176K)->57823K(58176K) NonClass: 49537K(49792K)->49537K(49792K) Class: 8286K(8384K)->8286K(8384K)
[575.657s][info][gc          ] GC(761) Pause Young (Normal) (G1 Evacuation Pause) 778M->260M(868M) 6.074ms
[575.657s][info][gc,cpu      ] GC(761) User=0.01s Sys=0.00s Real=0.01s
[576.996s][info][gc,start    ] GC(762) Pause Young (Normal) (G1 Evacuation Pause)
[576.996s][info][gc,task     ] GC(762) Using 2 workers of 2 for evacuation
[577.000s][info][gc,phases   ] GC(762)   Pre Evacuate Collection Set: 0.30ms
[577.000s][info][gc,phases   ] GC(762)   Merge Heap Roots: 0.15ms
[577.000s][info][gc,phases   ] GC(762)   Evacuate Collection Set: 2.49ms
[577.000s][info][gc,phases   ] GC(762)   Post Evacuate Collection Set: 0.84ms
[577.000s][info][gc,phases   ] GC(762)   Other: 0.12ms
[577.000s][info][gc,heap     ] GC(762) Eden regions: 518->0(519)
[577.000s][info][gc,heap     ] GC(762) Survivor regions: 2->1(65)
[577.000s][info][gc,heap     ] GC(762) Old regions: 53->53
[577.000s][info][gc,heap     ] GC(762) Humongous regions: 207->207
[577.000s][info][gc,metaspace] GC(762) Metaspace: 57823K(58176K)->57823K(58176K) NonClass: 49537K(49792K)->49537K(49792K) Class: 8286K(8384K)->8286K(8384K)
[577.000s][info][gc          ] GC(762) Pause Young (Normal) (G1 Evacuation Pause) 778M->260M(868M) 4.097ms
[577.000s][info][gc,cpu      ] GC(762) User=0.01s Sys=0.00s Real=0.01s
[578.258s][info][gc,start    ] GC(763) Pause Young (Normal) (G1 Evacuation Pause)
[578.258s][info][gc,task     ] GC(763) Using 2 workers of 2 for evacuation
[578.264s][info][gc,phases   ] GC(763)   Pre Evacuate Collection Set: 0.32ms
[578.264s][info][gc,phases   ] GC(763)   Merge Heap Roots: 0.15ms
[578.264s][info][gc,phases   ] GC(763)   Evacuate Collection Set: 3.74ms
[578.264s][info][gc,phases   ] GC(763)   Post Evacuate Collection Set: 0.83ms
[578.264s][info][gc,phases   ] GC(763)   Other: 0.11ms
[578.264s][info][gc,heap     ] GC(763) Eden regions: 519->0(518)
[578.264s][info][gc,heap     ] GC(763) Survivor regions: 1->2(65)
[578.264s][info][gc,heap     ] GC(763) Old regions: 53->53
[578.264s][info][gc,heap     ] GC(763) Humongous regions: 207->207
[578.264s][info][gc,metaspace] GC(763) Metaspace: 57823K(58176K)->57823K(58176K) NonClass: 49537K(49792K)->49537K(49792K) Class: 8286K(8384K)->8286K(8384K)
[578.264s][info][gc          ] GC(763) Pause Young (Normal) (G1 Evacuation Pause) 779M->260M(868M) 5.323ms
[578.264s][info][gc,cpu      ] GC(763) User=0.01s Sys=0.00s Real=0.00s
[579.674s][info][gc,start    ] GC(764) Pause Young (Normal) (G1 Evacuation Pause)
[579.674s][info][gc,task     ] GC(764) Using 2 workers of 2 for evacuation
[579.679s][info][gc,phases   ] GC(764)   Pre Evacuate Collection Set: 0.32ms
[579.679s][info][gc,phases   ] GC(764)   Merge Heap Roots: 0.17ms
[579.679s][info][gc,phases   ] GC(764)   Evacuate Collection Set: 3.26ms
[579.679s][info][gc,phases   ] GC(764)   Post Evacuate Collection Set: 0.83ms
[579.679s][info][gc,phases   ] GC(764)   Other: 0.11ms
[579.679s][info][gc,heap     ] GC(764) Eden regions: 518->0(518)
[579.679s][info][gc,heap     ] GC(764) Survivor regions: 2->2(65)
[579.679s][info][gc,heap     ] GC(764) Old regions: 53->53
[579.679s][info][gc,heap     ] GC(764) Humongous regions: 207->207
[579.679s][info][gc,metaspace] GC(764) Metaspace: 57823K(58176K)->57823K(58176K) NonClass: 49537K(49792K)->49537K(49792K) Class: 8286K(8384K)->8286K(8384K)
[579.679s][info][gc          ] GC(764) Pause Young (Normal) (G1 Evacuation Pause) 778M->260M(868M) 4.866ms
[579.679s][info][gc,cpu      ] GC(764) User=0.01s Sys=0.00s Real=0.01s
[580.923s][info][gc,start    ] GC(765) Pause Young (Normal) (G1 Evacuation Pause)
[580.923s][info][gc,task     ] GC(765) Using 2 workers of 2 for evacuation
[580.927s][info][gc,phases   ] GC(765)   Pre Evacuate Collection Set: 0.30ms
[580.927s][info][gc,phases   ] GC(765)   Merge Heap Roots: 0.16ms
[580.927s][info][gc,phases   ] GC(765)   Evacuate Collection Set: 3.14ms
[580.927s][info][gc,phases   ] GC(765)   Post Evacuate Collection Set: 0.79ms
[580.927s][info][gc,phases   ] GC(765)   Other: 0.08ms
[580.927s][info][gc,heap     ] GC(765) Eden regions: 518->0(518)
[580.927s][info][gc,heap     ] GC(765) Survivor regions: 2->2(65)
[580.927s][info][gc,heap     ] GC(765) Old regions: 53->53
[580.927s][info][gc,heap     ] GC(765) Humongous regions: 207->207
[580.927s][info][gc,metaspace] GC(765) Metaspace: 57823K(58176K)->57823K(58176K) NonClass: 49537K(49792K)->49537K(49792K) Class: 8286K(8384K)->8286K(8384K)
[580.927s][info][gc          ] GC(765) Pause Young (Normal) (G1 Evacuation Pause) 778M->260M(868M) 4.641ms
[580.927s][info][gc,cpu      ] GC(765) User=0.01s Sys=0.00s Real=0.01s
[582.157s][info][gc,start    ] GC(766) Pause Young (Normal) (G1 Evacuation Pause)
[582.157s][info][gc,task     ] GC(766) Using 2 workers of 2 for evacuation
[582.162s][info][gc,phases   ] GC(766)   Pre Evacuate Collection Set: 0.31ms
[582.162s][info][gc,phases   ] GC(766)   Merge Heap Roots: 0.14ms
[582.162s][info][gc,phases   ] GC(766)   Evacuate Collection Set: 3.49ms
[582.162s][info][gc,phases   ] GC(766)   Post Evacuate Collection Set: 0.80ms
[582.162s][info][gc,phases   ] GC(766)   Other: 0.11ms
[582.162s][info][gc,heap     ] GC(766) Eden regions: 518->0(518)
[582.162s][info][gc,heap     ] GC(766) Survivor regions: 2->2(65)
[582.162s][info][gc,heap     ] GC(766) Old regions: 53->53
[582.162s][info][gc,heap     ] GC(766) Humongous regions: 207->207
[582.162s][info][gc,metaspace] GC(766) Metaspace: 57823K(58176K)->57823K(58176K) NonClass: 49537K(49792K)->49537K(49792K) Class: 8286K(8384K)->8286K(8384K)
[582.162s][info][gc          ] GC(766) Pause Young (Normal) (G1 Evacuation Pause) 778M->260M(868M) 5.033ms
[582.162s][info][gc,cpu      ] GC(766) User=0.01s Sys=0.00s Real=0.00s
[583.464s][info][gc,start    ] GC(767) Pause Young (Normal) (G1 Evacuation Pause)
[583.464s][info][gc,task     ] GC(767) Using 2 workers of 2 for evacuation
[583.468s][info][gc,phases   ] GC(767)   Pre Evacuate Collection Set: 0.34ms
[583.468s][info][gc,phases   ] GC(767)   Merge Heap Roots: 0.16ms
[583.468s][info][gc,phases   ] GC(767)   Evacuate Collection Set: 2.98ms
[583.468s][info][gc,phases   ] GC(767)   Post Evacuate Collection Set: 0.81ms
[583.468s][info][gc,phases   ] GC(767)   Other: 0.10ms
[583.468s][info][gc,heap     ] GC(767) Eden regions: 518->0(518)
[583.468s][info][gc,heap     ] GC(767) Survivor regions: 2->2(65)
[583.468s][info][gc,heap     ] GC(767) Old regions: 53->53
[583.468s][info][gc,heap     ] GC(767) Humongous regions: 207->207
[583.468s][info][gc,metaspace] GC(767) Metaspace: 57823K(58176K)->57823K(58176K) NonClass: 49537K(49792K)->49537K(49792K) Class: 8286K(8384K)->8286K(8384K)
[583.468s][info][gc          ] GC(767) Pause Young (Normal) (G1 Evacuation Pause) 778M->260M(868M) 4.557ms
[583.468s][info][gc,cpu      ] GC(767) User=0.01s Sys=0.00s Real=0.01s
[584.767s][info][gc,start    ] GC(768) Pause Young (Normal) (G1 Evacuation Pause)
[584.767s][info][gc,task     ] GC(768) Using 2 workers of 2 for evacuation
[584.772s][info][gc,phases   ] GC(768)   Pre Evacuate Collection Set: 0.51ms
[584.772s][info][gc,phases   ] GC(768)   Merge Heap Roots: 0.14ms
[584.772s][info][gc,phases   ] GC(768)   Evacuate Collection Set: 3.84ms
[584.772s][info][gc,phases   ] GC(768)   Post Evacuate Collection Set: 1.24ms
[584.772s][info][gc,phases   ] GC(768)   Other: 0.10ms
[584.772s][info][gc,heap     ] GC(768) Eden regions: 518->0(518)
[584.772s][info][gc,heap     ] GC(768) Survivor regions: 2->2(65)
[584.772s][info][gc,heap     ] GC(768) Old regions: 53->53
[584.772s][info][gc,heap     ] GC(768) Humongous regions: 207->207
[584.773s][info][gc,metaspace] GC(768) Metaspace: 57823K(58176K)->57823K(58176K) NonClass: 49537K(49792K)->49537K(49792K) Class: 8286K(8384K)->8286K(8384K)
[584.773s][info][gc          ] GC(768) Pause Young (Normal) (G1 Evacuation Pause) 778M->260M(868M) 6.002ms
[584.773s][info][gc,cpu      ] GC(768) User=0.01s Sys=0.00s Real=0.01s
[586.063s][info][gc,start    ] GC(769) Pause Young (Normal) (G1 Evacuation Pause)
[586.063s][info][gc,task     ] GC(769) Using 2 workers of 2 for evacuation
[586.067s][info][gc,phases   ] GC(769)   Pre Evacuate Collection Set: 0.55ms
[586.067s][info][gc,phases   ] GC(769)   Merge Heap Roots: 0.18ms
[586.067s][info][gc,phases   ] GC(769)   Evacuate Collection Set: 2.82ms
[586.067s][info][gc,phases   ] GC(769)   Post Evacuate Collection Set: 0.78ms
[586.067s][info][gc,phases   ] GC(769)   Other: 0.13ms
[586.067s][info][gc,heap     ] GC(769) Eden regions: 518->0(519)
[586.067s][info][gc,heap     ] GC(769) Survivor regions: 2->1(65)
[586.067s][info][gc,heap     ] GC(769) Old regions: 53->53
[586.067s][info][gc,heap     ] GC(769) Humongous regions: 207->207
[586.067s][info][gc,metaspace] GC(769) Metaspace: 57823K(58176K)->57823K(58176K) NonClass: 49537K(49792K)->49537K(49792K) Class: 8286K(8384K)->8286K(8384K)
[586.067s][info][gc          ] GC(769) Pause Young (Normal) (G1 Evacuation Pause) 778M->260M(868M) 4.650ms
[586.067s][info][gc,cpu      ] GC(769) User=0.01s Sys=0.00s Real=0.01s
[587.369s][info][gc,start    ] GC(770) Pause Young (Normal) (G1 Evacuation Pause)
[587.369s][info][gc,task     ] GC(770) Using 2 workers of 2 for evacuation
[587.373s][info][gc,phases   ] GC(770)   Pre Evacuate Collection Set: 0.29ms
[587.373s][info][gc,phases   ] GC(770)   Merge Heap Roots: 0.16ms
[587.373s][info][gc,phases   ] GC(770)   Evacuate Collection Set: 3.05ms
[587.373s][info][gc,phases   ] GC(770)   Post Evacuate Collection Set: 0.81ms
[587.373s][info][gc,phases   ] GC(770)   Other: 0.11ms
[587.373s][info][gc,heap     ] GC(770) Eden regions: 519->0(519)
[587.373s][info][gc,heap     ] GC(770) Survivor regions: 1->1(65)
[587.373s][info][gc,heap     ] GC(770) Old regions: 53->53
[587.373s][info][gc,heap     ] GC(770) Humongous regions: 207->207
[587.373s][info][gc,metaspace] GC(770) Metaspace: 57823K(58176K)->57823K(58176K) NonClass: 49537K(49792K)->49537K(49792K) Class: 8286K(8384K)->8286K(8384K)
[587.373s][info][gc          ] GC(770) Pause Young (Normal) (G1 Evacuation Pause) 779M->260M(868M) 4.615ms
[587.373s][info][gc,cpu      ] GC(770) User=0.01s Sys=0.00s Real=0.00s
[588.719s][info][gc,start    ] GC(771) Pause Young (Normal) (G1 Evacuation Pause)
[588.719s][info][gc,task     ] GC(771) Using 2 workers of 2 for evacuation
[588.723s][info][gc,phases   ] GC(771)   Pre Evacuate Collection Set: 0.27ms
[588.723s][info][gc,phases   ] GC(771)   Merge Heap Roots: 0.16ms
[588.723s][info][gc,phases   ] GC(771)   Evacuate Collection Set: 2.61ms
[588.723s][info][gc,phases   ] GC(771)   Post Evacuate Collection Set: 0.79ms
[588.723s][info][gc,phases   ] GC(771)   Other: 0.09ms
[588.723s][info][gc,heap     ] GC(771) Eden regions: 519->0(519)
[588.723s][info][gc,heap     ] GC(771) Survivor regions: 1->1(65)
[588.723s][info][gc,heap     ] GC(771) Old regions: 53->53
[588.723s][info][gc,heap     ] GC(771) Humongous regions: 207->207
[588.723s][info][gc,metaspace] GC(771) Metaspace: 57823K(58176K)->57823K(58176K) NonClass: 49537K(49792K)->49537K(49792K) Class: 8286K(8384K)->8286K(8384K)
[588.723s][info][gc          ] GC(771) Pause Young (Normal) (G1 Evacuation Pause) 779M->260M(868M) 4.091ms
[588.723s][info][gc,cpu      ] GC(771) User=0.01s Sys=0.00s Real=0.00s
[590.020s][info][gc,start    ] GC(772) Pause Young (Normal) (G1 Evacuation Pause)
[590.020s][info][gc,task     ] GC(772) Using 2 workers of 2 for evacuation
[590.024s][info][gc,phases   ] GC(772)   Pre Evacuate Collection Set: 0.27ms
[590.024s][info][gc,phases   ] GC(772)   Merge Heap Roots: 0.15ms
[590.024s][info][gc,phases   ] GC(772)   Evacuate Collection Set: 2.66ms
[590.024s][info][gc,phases   ] GC(772)   Post Evacuate Collection Set: 0.79ms
[590.024s][info][gc,phases   ] GC(772)   Other: 0.08ms
[590.024s][info][gc,heap     ] GC(772) Eden regions: 519->0(519)
[590.024s][info][gc,heap     ] GC(772) Survivor regions: 1->1(65)
[590.024s][info][gc,heap     ] GC(772) Old regions: 53->53
[590.024s][info][gc,heap     ] GC(772) Humongous regions: 207->207
[590.024s][info][gc,metaspace] GC(772) Metaspace: 57823K(58176K)->57823K(58176K) NonClass: 49537K(49792K)->49537K(49792K) Class: 8286K(8384K)->8286K(8384K)
[590.024s][info][gc          ] GC(772) Pause Young (Normal) (G1 Evacuation Pause) 779M->260M(868M) 4.120ms
[590.024s][info][gc,cpu      ] GC(772) User=0.00s Sys=0.00s Real=0.00s
[591.321s][info][gc,start    ] GC(773) Pause Young (Normal) (G1 Evacuation Pause)
[591.321s][info][gc,task     ] GC(773) Using 2 workers of 2 for evacuation
[591.325s][info][gc,phases   ] GC(773)   Pre Evacuate Collection Set: 0.29ms
[591.325s][info][gc,phases   ] GC(773)   Merge Heap Roots: 0.15ms
[591.325s][info][gc,phases   ] GC(773)   Evacuate Collection Set: 2.58ms
[591.325s][info][gc,phases   ] GC(773)   Post Evacuate Collection Set: 0.81ms
[591.325s][info][gc,phases   ] GC(773)   Other: 0.10ms
[591.325s][info][gc,heap     ] GC(773) Eden regions: 519->0(519)
[591.325s][info][gc,heap     ] GC(773) Survivor regions: 1->1(65)
[591.325s][info][gc,heap     ] GC(773) Old regions: 53->53
[591.325s][info][gc,heap     ] GC(773) Humongous regions: 207->207
[591.325s][info][gc,metaspace] GC(773) Metaspace: 57823K(58176K)->57823K(58176K) NonClass: 49537K(49792K)->49537K(49792K) Class: 8286K(8384K)->8286K(8384K)
[591.325s][info][gc          ] GC(773) Pause Young (Normal) (G1 Evacuation Pause) 779M->260M(868M) 4.112ms
[591.325s][info][gc,cpu      ] GC(773) User=0.01s Sys=0.00s Real=0.00s
[592.625s][info][gc,start    ] GC(774) Pause Young (Normal) (G1 Evacuation Pause)
[592.625s][info][gc,task     ] GC(774) Using 2 workers of 2 for evacuation
[592.630s][info][gc,phases   ] GC(774)   Pre Evacuate Collection Set: 0.48ms
[592.631s][info][gc,phases   ] GC(774)   Merge Heap Roots: 0.14ms
[592.631s][info][gc,phases   ] GC(774)   Evacuate Collection Set: 4.29ms
[592.631s][info][gc,phases   ] GC(774)   Post Evacuate Collection Set: 0.82ms
[592.631s][info][gc,phases   ] GC(774)   Other: 0.10ms
[592.631s][info][gc,heap     ] GC(774) Eden regions: 519->0(518)
[592.631s][info][gc,heap     ] GC(774) Survivor regions: 1->2(65)
[592.631s][info][gc,heap     ] GC(774) Old regions: 53->53
[592.631s][info][gc,heap     ] GC(774) Humongous regions: 207->207
[592.631s][info][gc,metaspace] GC(774) Metaspace: 57824K(58176K)->57824K(58176K) NonClass: 49537K(49792K)->49537K(49792K) Class: 8286K(8384K)->8286K(8384K)
[592.631s][info][gc          ] GC(774) Pause Young (Normal) (G1 Evacuation Pause) 779M->260M(868M) 5.999ms
[592.631s][info][gc,cpu      ] GC(774) User=0.01s Sys=0.01s Real=0.01s
[593.925s][info][gc,start    ] GC(775) Pause Young (Normal) (G1 Evacuation Pause)
[593.925s][info][gc,task     ] GC(775) Using 2 workers of 2 for evacuation
[593.930s][info][gc,phases   ] GC(775)   Pre Evacuate Collection Set: 0.30ms
[593.930s][info][gc,phases   ] GC(775)   Merge Heap Roots: 0.15ms
[593.930s][info][gc,phases   ] GC(775)   Evacuate Collection Set: 3.56ms
[593.930s][info][gc,phases   ] GC(775)   Post Evacuate Collection Set: 0.82ms
[593.930s][info][gc,phases   ] GC(775)   Other: 0.09ms
[593.930s][info][gc,heap     ] GC(775) Eden regions: 518->0(517)
[593.930s][info][gc,heap     ] GC(775) Survivor regions: 2->3(65)
[593.930s][info][gc,heap     ] GC(775) Old regions: 53->53
[593.930s][info][gc,heap     ] GC(775) Humongous regions: 207->207
[593.930s][info][gc,metaspace] GC(775) Metaspace: 57824K(58176K)->57824K(58176K) NonClass: 49537K(49792K)->49537K(49792K) Class: 8286K(8384K)->8286K(8384K)
[593.930s][info][gc          ] GC(775) Pause Young (Normal) (G1 Evacuation Pause) 778M->261M(868M) 5.080ms
[593.930s][info][gc,cpu      ] GC(775) User=0.00s Sys=0.00s Real=0.01s
[594.780s][info][gc,start    ] GC(776) Pause Young (Concurrent Start) (G1 Humongous Allocation)
[594.780s][info][gc,task     ] GC(776) Using 2 workers of 2 for evacuation
[594.783s][info][gc,phases   ] GC(776)   Pre Evacuate Collection Set: 0.29ms
[594.783s][info][gc,phases   ] GC(776)   Merge Heap Roots: 0.12ms
[594.783s][info][gc,phases   ] GC(776)   Evacuate Collection Set: 2.43ms
[594.783s][info][gc,phases   ] GC(776)   Post Evacuate Collection Set: 0.66ms
[594.783s][info][gc,phases   ] GC(776)   Other: 0.11ms
[594.783s][info][gc,heap     ] GC(776) Eden regions: 351->0(519)
[594.783s][info][gc,heap     ] GC(776) Survivor regions: 3->1(65)
[594.783s][info][gc,heap     ] GC(776) Old regions: 53->53
[594.783s][info][gc,heap     ] GC(776) Humongous regions: 207->207
[594.783s][info][gc,metaspace] GC(776) Metaspace: 57826K(58176K)->57826K(58176K) NonClass: 49539K(49792K)->49539K(49792K) Class: 8286K(8384K)->8286K(8384K)
[594.783s][info][gc          ] GC(776) Pause Young (Concurrent Start) (G1 Humongous Allocation) 612M->259M(868M) 3.799ms
[594.783s][info][gc          ] GC(777) Concurrent Undo Cycle
[594.783s][info][gc,marking  ] GC(777) Concurrent Clear Claimed Marks
[594.784s][info][gc,marking  ] GC(777) Concurrent Clear Claimed Marks 0.076ms
[594.784s][info][gc,marking  ] GC(777) Concurrent Cleanup for Next Mark
[594.784s][info][gc,cpu      ] GC(776) User=0.00s Sys=0.00s Real=0.00s
[594.784s][info][gc,marking  ] GC(777) Concurrent Cleanup for Next Mark 0.245ms
[594.784s][info][gc          ] GC(777) Concurrent Undo Cycle 0.378ms
[594.924s][info][gc,start    ] GC(778) Pause Young (Concurrent Start) (G1 Humongous Allocation)
[594.924s][info][gc,task     ] GC(778) Using 2 workers of 2 for evacuation
[594.927s][info][gc,phases   ] GC(778)   Pre Evacuate Collection Set: 0.29ms
[594.927s][info][gc,phases   ] GC(778)   Merge Heap Roots: 0.06ms
[594.927s][info][gc,phases   ] GC(778)   Evacuate Collection Set: 1.99ms
[594.927s][info][gc,phases   ] GC(778)   Post Evacuate Collection Set: 0.40ms
[594.927s][info][gc,phases   ] GC(778)   Other: 0.08ms
[594.927s][info][gc,heap     ] GC(778) Eden regions: 2->0(519)
[594.927s][info][gc,heap     ] GC(778) Survivor regions: 1->1(65)
[594.927s][info][gc,heap     ] GC(778) Old regions: 53->53
[594.927s][info][gc,heap     ] GC(778) Humongous regions: 246->246
[594.927s][info][gc,metaspace] GC(778) Metaspace: 57826K(58176K)->57826K(58176K) NonClass: 49539K(49792K)->49539K(49792K) Class: 8286K(8384K)->8286K(8384K)
[594.927s][info][gc          ] GC(778) Pause Young (Concurrent Start) (G1 Humongous Allocation) 300M->298M(868M) 2.988ms
[594.927s][info][gc,cpu      ] GC(778) User=0.01s Sys=0.00s Real=0.01s
[594.927s][info][gc          ] GC(779) Concurrent Mark Cycle
[594.927s][info][gc,marking  ] GC(779) Concurrent Scan Root Regions
[594.928s][info][gc,marking  ] GC(779) Concurrent Scan Root Regions 1.475ms
[594.928s][info][gc,marking  ] GC(779) Concurrent Mark
[594.928s][info][gc,marking  ] GC(779) Concurrent Mark From Roots
[594.928s][info][gc,task     ] GC(779) Using 1 workers of 1 for marking
[594.969s][info][gc,marking  ] GC(779) Concurrent Mark From Roots 40.281ms
[594.969s][info][gc,marking  ] GC(779) Concurrent Preclean
[594.969s][info][gc,marking  ] GC(779) Concurrent Preclean 0.069ms
[594.969s][info][gc,start    ] GC(779) Pause Remark
[594.980s][info][gc          ] GC(779) Pause Remark 337M->337M(868M) 10.952ms
[594.980s][info][gc,cpu      ] GC(779) User=0.02s Sys=0.00s Real=0.01s
[594.980s][info][gc,marking  ] GC(779) Concurrent Mark 51.835ms
[594.980s][info][gc,marking  ] GC(779) Concurrent Rebuild Remembered Sets and Scrub Regions
[594.996s][info][gc,marking  ] GC(779) Concurrent Rebuild Remembered Sets and Scrub Regions 15.628ms
[594.996s][info][gc,start    ] GC(779) Pause Cleanup
[594.996s][info][gc          ] GC(779) Pause Cleanup 337M->337M(868M) 0.058ms
[594.996s][info][gc,cpu      ] GC(779) User=0.00s Sys=0.00s Real=0.00s
[594.996s][info][gc,marking  ] GC(779) Concurrent Clear Claimed Marks
[594.996s][info][gc,marking  ] GC(779) Concurrent Clear Claimed Marks 0.083ms
[594.996s][info][gc,marking  ] GC(779) Concurrent Cleanup for Next Mark
[594.999s][info][gc,marking  ] GC(779) Concurrent Cleanup for Next Mark 2.658ms
[594.999s][info][gc          ] GC(779) Concurrent Mark Cycle 72.041ms
[596.800s][info][gc,heap,exit] Heap
[596.800s][info][gc,heap,exit]  garbage-first heap   total reserved 1001472K, committed 888832K, used 365226K [0x00000000c2e00000, 0x0000000100000000)
[596.800s][info][gc,heap,exit]   region size 1024K, 20 young (20480K), 1 survivors (1024K)
[596.800s][info][gc,heap,exit]  Metaspace       used 58387K, committed 58688K, reserved 1114112K
[596.800s][info][gc,heap,exit]   class space    used 8471K, committed 8576K, reserved 1048576K
